[2026-04-03T03:19:25.176+0600][0.005s][info][gc,init] Initializing The Z Garbage Collector
[2026-04-03T03:19:25.176+0600][0.005s][info][gc,init] Version: 21.0.10+7-Ubuntu-124.04 (release)
[2026-04-03T03:19:25.176+0600][0.005s][info][gc,init] Using legacy single-generation mode
[2026-04-03T03:19:25.176+0600][0.005s][info][gc,init] NUMA Support: Disabled
[2026-04-03T03:19:25.176+0600][0.005s][info][gc,init] CPUs: 12 total, 12 available
[2026-04-03T03:19:25.176+0600][0.005s][info][gc,init] Memory: 15683M
[2026-04-03T03:19:25.176+0600][0.005s][info][gc,init] Large Page Support: Disabled
[2026-04-03T03:19:25.176+0600][0.005s][info][gc,init] GC Workers: 3 (dynamic)
[2026-04-03T03:19:25.177+0600][0.006s][info][gc,init] Address Space Type: Contiguous/Unrestricted/Complete
[2026-04-03T03:19:25.177+0600][0.006s][info][gc,init] Address Space Size: 16000M x 3 = 48000M
[2026-04-03T03:19:25.177+0600][0.006s][info][gc,init] Heap Backing File: /memfd:java_heap
[2026-04-03T03:19:25.177+0600][0.006s][info][gc,init] Heap Backing Filesystem: tmpfs (0x1021994)
[2026-04-03T03:19:25.178+0600][0.006s][info][gc,init] Min Capacity: 8M
[2026-04-03T03:19:25.178+0600][0.006s][info][gc,init] Initial Capacity: 246M
[2026-04-03T03:19:25.178+0600][0.006s][info][gc,init] Max Capacity: 1000M
[2026-04-03T03:19:25.178+0600][0.006s][info][gc,init] Medium Page Size: 16M
[2026-04-03T03:19:25.178+0600][0.006s][info][gc,init] Pre-touch: Disabled
[2026-04-03T03:19:25.178+0600][0.006s][info][gc,init] Available space on backing filesystem: N/A
[2026-04-03T03:19:25.179+0600][0.007s][info][gc,init] Uncommit: Enabled
[2026-04-03T03:19:25.179+0600][0.007s][info][gc,init] Uncommit Delay: 300s
[2026-04-03T03:19:25.261+0600][0.090s][info][gc,init] Runtime Workers: 8
[2026-04-03T03:19:25.262+0600][0.091s][info][gc     ] Using The Z Garbage Collector
[2026-04-03T03:19:25.273+0600][0.102s][info][gc,metaspace] CDS archive(s) mapped at: [0x00007f4ec3000000-0x00007f4ec3c9c000-0x00007f4ec3c9c000), size 13221888, SharedBaseAddress: 0x00007f4ec3000000, ArchiveRelocationMode: 1.
[2026-04-03T03:19:25.273+0600][0.102s][info][gc,metaspace] Compressed class space mapped at: 0x00007f4ec4000000-0x00007f4f04000000, reserved size: 1073741824
[2026-04-03T03:19:25.273+0600][0.102s][info][gc,metaspace] Narrow klass base: 0x00007f4ec3000000, Narrow klass shift: 0, Narrow klass range: 0x100000000
[2026-04-03T03:19:25.885+0600][0.714s][info][gc,start    ] GC(0) Garbage Collection (Warmup)
[2026-04-03T03:19:25.886+0600][0.714s][info][gc,task     ] GC(0) Using 3 workers
[2026-04-03T03:19:25.886+0600][0.714s][info][gc,phases   ] GC(0) Pause Mark Start 0.013ms
[2026-04-03T03:19:25.891+0600][0.719s][info][gc,phases   ] GC(0) Concurrent Mark 4.818ms
[2026-04-03T03:19:25.891+0600][0.720s][info][gc,phases   ] GC(0) Pause Mark End 0.014ms
[2026-04-03T03:19:25.891+0600][0.720s][info][gc,phases   ] GC(0) Concurrent Mark Free 0.001ms
[2026-04-03T03:19:25.892+0600][0.721s][info][gc,phases   ] GC(0) Concurrent Process Non-Strong References 1.138ms
[2026-04-03T03:19:25.892+0600][0.721s][info][gc,phases   ] GC(0) Concurrent Reset Relocation Set 0.001ms
[2026-04-03T03:19:25.901+0600][0.729s][info][gc,phases   ] GC(0) Concurrent Select Relocation Set 8.332ms
[2026-04-03T03:19:25.901+0600][0.730s][info][gc,phases   ] GC(0) Pause Relocate Start 0.008ms
[2026-04-03T03:19:25.904+0600][0.733s][info][gc,phases   ] GC(0) Concurrent Relocate 2.490ms
[2026-04-03T03:19:25.904+0600][0.733s][info][gc,load     ] GC(0) Load: 5.21/5.10/5.51
[2026-04-03T03:19:25.904+0600][0.733s][info][gc,mmu      ] GC(0) MMU: 2ms/99.3%, 5ms/99.7%, 10ms/99.7%, 20ms/99.8%, 50ms/99.9%, 100ms/100.0%
[2026-04-03T03:19:25.904+0600][0.733s][info][gc,marking  ] GC(0) Mark: 2 stripe(s), 2 proactive flush(es), 1 terminate flush(es), 0 completion(s), 0 continuation(s) 
[2026-04-03T03:19:25.904+0600][0.733s][info][gc,marking  ] GC(0) Mark Stack Usage: 32M
[2026-04-03T03:19:25.904+0600][0.733s][info][gc,nmethod  ] GC(0) NMethods: 683 registered, 74 unregistered
[2026-04-03T03:19:25.904+0600][0.733s][info][gc,metaspace] GC(0) Metaspace: 4M used, 4M committed, 1088M reserved
[2026-04-03T03:19:25.904+0600][0.733s][info][gc,ref      ] GC(0) Soft: 138 encountered, 0 discovered, 0 enqueued
[2026-04-03T03:19:25.904+0600][0.733s][info][gc,ref      ] GC(0) Weak: 412 encountered, 241 discovered, 102 enqueued
[2026-04-03T03:19:25.904+0600][0.733s][info][gc,ref      ] GC(0) Final: 0 encountered, 0 discovered, 0 enqueued
[2026-04-03T03:19:25.904+0600][0.733s][info][gc,ref      ] GC(0) Phantom: 25 encountered, 17 discovered, 0 enqueued
[2026-04-03T03:19:25.904+0600][0.733s][info][gc,reloc    ] GC(0) Small Pages: 57 / 114M, Empty: 0M, Relocated: 1M, In-Place: 0
[2026-04-03T03:19:25.904+0600][0.733s][info][gc,reloc    ] GC(0) Medium Pages: 0 / 0M, Empty: 0M, Relocated: 0M, In-Place: 0
[2026-04-03T03:19:25.904+0600][0.733s][info][gc,reloc    ] GC(0) Large Pages: 0 / 0M, Empty: 0M, Relocated: 0M, In-Place: 0
[2026-04-03T03:19:25.904+0600][0.733s][info][gc,reloc    ] GC(0) Forwarding Usage: 0M
[2026-04-03T03:19:25.904+0600][0.733s][info][gc,heap     ] GC(0) Min Capacity: 8M(1%)
[2026-04-03T03:19:25.904+0600][0.733s][info][gc,heap     ] GC(0) Max Capacity: 1000M(100%)
[2026-04-03T03:19:25.904+0600][0.733s][info][gc,heap     ] GC(0) Soft Max Capacity: 1000M(100%)
[2026-04-03T03:19:25.904+0600][0.733s][info][gc,heap     ] GC(0)                Mark Start          Mark End        Relocate Start      Relocate End           High               Low         
[2026-04-03T03:19:25.904+0600][0.733s][info][gc,heap     ] GC(0)  Capacity:      246M (25%)         246M (25%)         246M (25%)         246M (25%)         246M (25%)         246M (25%)    
[2026-04-03T03:19:25.904+0600][0.733s][info][gc,heap     ] GC(0)      Free:      886M (89%)         884M (88%)         878M (88%)         982M (98%)         982M (98%)         876M (88%)    
[2026-04-03T03:19:25.904+0600][0.733s][info][gc,heap     ] GC(0)      Used:      114M (11%)         116M (12%)         122M (12%)          18M (2%)          124M (12%)          18M (2%)     
[2026-04-03T03:19:25.904+0600][0.733s][info][gc,heap     ] GC(0)      Live:         -                 3M (0%)            3M (0%)            3M (0%)             -                  -          
[2026-04-03T03:19:25.904+0600][0.733s][info][gc,heap     ] GC(0) Allocated:         -                 2M (0%)            8M (1%)            7M (1%)             -                  -          
[2026-04-03T03:19:25.904+0600][0.733s][info][gc,heap     ] GC(0)   Garbage:         -               110M (11%)         110M (11%)           6M (1%)             -                  -          
[2026-04-03T03:19:25.904+0600][0.733s][info][gc,heap     ] GC(0) Reclaimed:         -                  -                 0M (0%)          103M (10%)            -                  -          
[2026-04-03T03:19:25.904+0600][0.733s][info][gc          ] GC(0) Garbage Collection (Warmup) 114M(11%)->18M(2%)
[2026-04-03T03:19:26.485+0600][1.314s][info][gc,start    ] GC(1) Garbage Collection (Warmup)
[2026-04-03T03:19:26.485+0600][1.314s][info][gc,task     ] GC(1) Using 3 workers
[2026-04-03T03:19:26.486+0600][1.314s][info][gc,phases   ] GC(1) Pause Mark Start 0.009ms
[2026-04-03T03:19:26.493+0600][1.321s][info][gc,phases   ] GC(1) Concurrent Mark 7.103ms
[2026-04-03T03:19:26.493+0600][1.322s][info][gc,phases   ] GC(1) Pause Mark End 0.015ms
[2026-04-03T03:19:26.493+0600][1.322s][info][gc,phases   ] GC(1) Concurrent Mark Free 0.001ms
[2026-04-03T03:19:26.495+0600][1.323s][info][gc,phases   ] GC(1) Concurrent Process Non-Strong References 1.498ms
[2026-04-03T03:19:26.495+0600][1.323s][info][gc,phases   ] GC(1) Concurrent Reset Relocation Set 0.006ms
[2026-04-03T03:19:26.499+0600][1.327s][info][gc,phases   ] GC(1) Concurrent Select Relocation Set 4.059ms
[2026-04-03T03:19:26.499+0600][1.328s][info][gc,phases   ] GC(1) Pause Relocate Start 0.009ms
[2026-04-03T03:19:26.503+0600][1.331s][info][gc,phases   ] GC(1) Concurrent Relocate 3.373ms
[2026-04-03T03:19:26.503+0600][1.332s][info][gc,load     ] GC(1) Load: 5.21/5.10/5.51
[2026-04-03T03:19:26.503+0600][1.332s][info][gc,mmu      ] GC(1) MMU: 2ms/99.2%, 5ms/99.7%, 10ms/99.7%, 20ms/99.8%, 50ms/99.9%, 100ms/100.0%
[2026-04-03T03:19:26.503+0600][1.332s][info][gc,marking  ] GC(1) Mark: 2 stripe(s), 2 proactive flush(es), 1 terminate flush(es), 0 completion(s), 0 continuation(s) 
[2026-04-03T03:19:26.503+0600][1.332s][info][gc,marking  ] GC(1) Mark Stack Usage: 32M
[2026-04-03T03:19:26.503+0600][1.332s][info][gc,nmethod  ] GC(1) NMethods: 1085 registered, 123 unregistered
[2026-04-03T03:19:26.503+0600][1.332s][info][gc,metaspace] GC(1) Metaspace: 10M used, 10M committed, 1088M reserved
[2026-04-03T03:19:26.503+0600][1.332s][info][gc,ref      ] GC(1) Soft: 211 encountered, 0 discovered, 0 enqueued
[2026-04-03T03:19:26.503+0600][1.332s][info][gc,ref      ] GC(1) Weak: 831 encountered, 588 discovered, 182 enqueued
[2026-04-03T03:19:26.503+0600][1.332s][info][gc,ref      ] GC(1) Final: 0 encountered, 0 discovered, 0 enqueued
[2026-04-03T03:19:26.503+0600][1.332s][info][gc,ref      ] GC(1) Phantom: 28 encountered, 17 discovered, 0 enqueued
[2026-04-03T03:19:26.503+0600][1.332s][info][gc,reloc    ] GC(1) Small Pages: 114 / 228M, Empty: 0M, Relocated: 3M, In-Place: 0
[2026-04-03T03:19:26.503+0600][1.332s][info][gc,reloc    ] GC(1) Medium Pages: 0 / 0M, Empty: 0M, Relocated: 0M, In-Place: 0
[2026-04-03T03:19:26.503+0600][1.332s][info][gc,reloc    ] GC(1) Large Pages: 0 / 0M, Empty: 0M, Relocated: 0M, In-Place: 0
[2026-04-03T03:19:26.503+0600][1.332s][info][gc,reloc    ] GC(1) Forwarding Usage: 1M
[2026-04-03T03:19:26.503+0600][1.332s][info][gc,heap     ] GC(1) Min Capacity: 8M(1%)
[2026-04-03T03:19:26.503+0600][1.332s][info][gc,heap     ] GC(1) Max Capacity: 1000M(100%)
[2026-04-03T03:19:26.503+0600][1.332s][info][gc,heap     ] GC(1) Soft Max Capacity: 1000M(100%)
[2026-04-03T03:19:26.503+0600][1.332s][info][gc,heap     ] GC(1)                Mark Start          Mark End        Relocate Start      Relocate End           High               Low         
[2026-04-03T03:19:26.503+0600][1.332s][info][gc,heap     ] GC(1)  Capacity:      246M (25%)         246M (25%)         246M (25%)         246M (25%)         246M (25%)         246M (25%)    
[2026-04-03T03:19:26.503+0600][1.332s][info][gc,heap     ] GC(1)      Free:      772M (77%)         768M (77%)         766M (77%)         984M (98%)         984M (98%)         762M (76%)    
[2026-04-03T03:19:26.503+0600][1.332s][info][gc,heap     ] GC(1)      Used:      228M (23%)         232M (23%)         234M (23%)          16M (2%)          238M (24%)          16M (2%)     
[2026-04-03T03:19:26.503+0600][1.332s][info][gc,heap     ] GC(1)      Live:         -                 4M (0%)            4M (0%)            4M (0%)             -                  -          
[2026-04-03T03:19:26.503+0600][1.332s][info][gc,heap     ] GC(1) Allocated:         -                 4M (0%)            6M (1%)            7M (1%)             -                  -          
[2026-04-03T03:19:26.503+0600][1.332s][info][gc,heap     ] GC(1)   Garbage:         -               223M (22%)         223M (22%)           3M (0%)             -                  -          
[2026-04-03T03:19:26.503+0600][1.332s][info][gc,heap     ] GC(1) Reclaimed:         -                  -                 0M (0%)          219M (22%)            -                  -          
[2026-04-03T03:19:26.503+0600][1.332s][info][gc          ] GC(1) Garbage Collection (Warmup) 228M(23%)->16M(2%)
[2026-04-03T03:19:29.322+0600][4.151s][info][gc,start    ] GC(2) Garbage Collection (Metadata GC Threshold)
[2026-04-03T03:19:29.322+0600][4.151s][info][gc,task     ] GC(2) Using 3 workers
[2026-04-03T03:19:29.323+0600][4.151s][info][gc,phases   ] GC(2) Pause Mark Start 0.008ms
[2026-04-03T03:19:29.339+0600][4.168s][info][gc,phases   ] GC(2) Concurrent Mark 16.371ms
[2026-04-03T03:19:29.339+0600][4.168s][info][gc,phases   ] GC(2) Pause Mark End 0.020ms
[2026-04-03T03:19:29.340+0600][4.168s][info][gc,phases   ] GC(2) Concurrent Mark Free 0.001ms
[2026-04-03T03:19:29.343+0600][4.171s][info][gc,phases   ] GC(2) Concurrent Process Non-Strong References 3.119ms
[2026-04-03T03:19:29.343+0600][4.172s][info][gc,phases   ] GC(2) Concurrent Reset Relocation Set 0.013ms
[2026-04-03T03:19:29.347+0600][4.176s][info][gc,phases   ] GC(2) Concurrent Select Relocation Set 4.162ms
[2026-04-03T03:19:29.347+0600][4.176s][info][gc,phases   ] GC(2) Pause Relocate Start 0.013ms
[2026-04-03T03:19:29.352+0600][4.180s][info][gc,phases   ] GC(2) Concurrent Relocate 4.169ms
[2026-04-03T03:19:29.352+0600][4.180s][info][gc,load     ] GC(2) Load: 5.21/5.10/5.51
[2026-04-03T03:19:29.352+0600][4.180s][info][gc,mmu      ] GC(2) MMU: 2ms/99.0%, 5ms/99.6%, 10ms/99.7%, 20ms/99.8%, 50ms/99.9%, 100ms/100.0%
[2026-04-03T03:19:29.352+0600][4.180s][info][gc,marking  ] GC(2) Mark: 2 stripe(s), 2 proactive flush(es), 1 terminate flush(es), 0 completion(s), 0 continuation(s) 
[2026-04-03T03:19:29.352+0600][4.180s][info][gc,marking  ] GC(2) Mark Stack Usage: 32M
[2026-04-03T03:19:29.352+0600][4.180s][info][gc,nmethod  ] GC(2) NMethods: 1766 registered, 138 unregistered
[2026-04-03T03:19:29.352+0600][4.180s][info][gc,metaspace] GC(2) Metaspace: 20M used, 21M committed, 1088M reserved
[2026-04-03T03:19:29.352+0600][4.180s][info][gc,ref      ] GC(2) Soft: 3523 encountered, 0 discovered, 0 enqueued
[2026-04-03T03:19:29.352+0600][4.180s][info][gc,ref      ] GC(2) Weak: 1233 encountered, 690 discovered, 214 enqueued
[2026-04-03T03:19:29.352+0600][4.180s][info][gc,ref      ] GC(2) Final: 0 encountered, 0 discovered, 0 enqueued
[2026-04-03T03:19:29.352+0600][4.180s][info][gc,ref      ] GC(2) Phantom: 563 encountered, 445 discovered, 0 enqueued
[2026-04-03T03:19:29.352+0600][4.180s][info][gc,reloc    ] GC(2) Small Pages: 87 / 174M, Empty: 0M, Relocated: 11M, In-Place: 0
[2026-04-03T03:19:29.352+0600][4.180s][info][gc,reloc    ] GC(2) Medium Pages: 1 / 16M, Empty: 0M, Relocated: 0M, In-Place: 0
[2026-04-03T03:19:29.352+0600][4.181s][info][gc,reloc    ] GC(2) Large Pages: 1 / 4M, Empty: 0M, Relocated: 0M, In-Place: 0
[2026-04-03T03:19:29.352+0600][4.181s][info][gc,reloc    ] GC(2) Forwarding Usage: 1M
[2026-04-03T03:19:29.352+0600][4.181s][info][gc,heap     ] GC(2) Min Capacity: 8M(1%)
[2026-04-03T03:19:29.352+0600][4.181s][info][gc,heap     ] GC(2) Max Capacity: 1000M(100%)
[2026-04-03T03:19:29.352+0600][4.181s][info][gc,heap     ] GC(2) Soft Max Capacity: 1000M(100%)
[2026-04-03T03:19:29.352+0600][4.181s][info][gc,heap     ] GC(2)                Mark Start          Mark End        Relocate Start      Relocate End           High               Low         
[2026-04-03T03:19:29.352+0600][4.181s][info][gc,heap     ] GC(2)  Capacity:      262M (26%)         262M (26%)         262M (26%)         262M (26%)         262M (26%)         262M (26%)    
[2026-04-03T03:19:29.352+0600][4.181s][info][gc,heap     ] GC(2)      Free:      806M (81%)         802M (80%)         802M (80%)         958M (96%)         958M (96%)         800M (80%)    
[2026-04-03T03:19:29.352+0600][4.181s][info][gc,heap     ] GC(2)      Used:      194M (19%)         198M (20%)         198M (20%)          42M (4%)          200M (20%)          42M (4%)     
[2026-04-03T03:19:29.352+0600][4.181s][info][gc,heap     ] GC(2)      Live:         -                21M (2%)           21M (2%)           21M (2%)             -                  -          
[2026-04-03T03:19:29.352+0600][4.181s][info][gc,heap     ] GC(2) Allocated:         -                 4M (0%)            4M (0%)            3M (0%)             -                  -          
[2026-04-03T03:19:29.352+0600][4.181s][info][gc,heap     ] GC(2)   Garbage:         -               172M (17%)         172M (17%)          16M (2%)             -                  -          
[2026-04-03T03:19:29.352+0600][4.181s][info][gc,heap     ] GC(2) Reclaimed:         -                  -                 0M (0%)          155M (16%)            -                  -          
[2026-04-03T03:19:29.352+0600][4.181s][info][gc          ] GC(2) Garbage Collection (Metadata GC Threshold) 194M(19%)->42M(4%)
[2026-04-03T03:19:32.074+0600][6.903s][info][gc,start    ] GC(3) Garbage Collection (Metadata GC Threshold)
[2026-04-03T03:19:32.074+0600][6.903s][info][gc,task     ] GC(3) Using 3 workers
[2026-04-03T03:19:32.075+0600][6.903s][info][gc,phases   ] GC(3) Pause Mark Start 0.011ms
[2026-04-03T03:19:32.095+0600][6.924s][info][gc,phases   ] GC(3) Concurrent Mark 20.641ms
[2026-04-03T03:19:32.096+0600][6.924s][info][gc,phases   ] GC(3) Pause Mark End 0.023ms
[2026-04-03T03:19:32.096+0600][6.924s][info][gc,phases   ] GC(3) Concurrent Mark Free 0.003ms
[2026-04-03T03:19:32.100+0600][6.929s][info][gc,phases   ] GC(3) Concurrent Process Non-Strong References 4.172ms
[2026-04-03T03:19:32.100+0600][6.929s][info][gc,phases   ] GC(3) Concurrent Reset Relocation Set 0.009ms
[2026-04-03T03:19:32.103+0600][6.932s][info][gc,phases   ] GC(3) Concurrent Select Relocation Set 3.065ms
[2026-04-03T03:19:32.103+0600][6.932s][info][gc,phases   ] GC(3) Pause Relocate Start 0.013ms
[2026-04-03T03:19:32.107+0600][6.936s][info][gc,phases   ] GC(3) Concurrent Relocate 3.853ms
[2026-04-03T03:19:32.107+0600][6.936s][info][gc,load     ] GC(3) Load: 4.87/5.03/5.48
[2026-04-03T03:19:32.107+0600][6.936s][info][gc,mmu      ] GC(3) MMU: 2ms/98.8%, 5ms/99.5%, 10ms/99.6%, 20ms/99.8%, 50ms/99.9%, 100ms/100.0%
[2026-04-03T03:19:32.107+0600][6.936s][info][gc,marking  ] GC(3) Mark: 2 stripe(s), 2 proactive flush(es), 1 terminate flush(es), 0 completion(s), 0 continuation(s) 
[2026-04-03T03:19:32.107+0600][6.936s][info][gc,marking  ] GC(3) Mark Stack Usage: 32M
[2026-04-03T03:19:32.107+0600][6.936s][info][gc,nmethod  ] GC(3) NMethods: 2525 registered, 327 unregistered
[2026-04-03T03:19:32.107+0600][6.936s][info][gc,metaspace] GC(3) Metaspace: 35M used, 35M committed, 1088M reserved
[2026-04-03T03:19:32.107+0600][6.936s][info][gc,ref      ] GC(3) Soft: 3854 encountered, 0 discovered, 0 enqueued
[2026-04-03T03:19:32.107+0600][6.936s][info][gc,ref      ] GC(3) Weak: 2524 encountered, 1376 discovered, 462 enqueued
[2026-04-03T03:19:32.107+0600][6.936s][info][gc,ref      ] GC(3) Final: 80 encountered, 80 discovered, 0 enqueued
[2026-04-03T03:19:32.108+0600][6.936s][info][gc,ref      ] GC(3) Phantom: 569 encountered, 242 discovered, 1 enqueued
[2026-04-03T03:19:32.108+0600][6.936s][info][gc,reloc    ] GC(3) Small Pages: 80 / 160M, Empty: 0M, Relocated: 6M, In-Place: 0
[2026-04-03T03:19:32.108+0600][6.936s][info][gc,reloc    ] GC(3) Medium Pages: 2 / 32M, Empty: 16M, Relocated: 0M, In-Place: 0
[2026-04-03T03:19:32.108+0600][6.936s][info][gc,reloc    ] GC(3) Large Pages: 1 / 4M, Empty: 0M, Relocated: 0M, In-Place: 0
[2026-04-03T03:19:32.108+0600][6.936s][info][gc,reloc    ] GC(3) Forwarding Usage: 2M
[2026-04-03T03:19:32.108+0600][6.936s][info][gc,heap     ] GC(3) Min Capacity: 8M(1%)
[2026-04-03T03:19:32.108+0600][6.936s][info][gc,heap     ] GC(3) Max Capacity: 1000M(100%)
[2026-04-03T03:19:32.108+0600][6.936s][info][gc,heap     ] GC(3) Soft Max Capacity: 1000M(100%)
[2026-04-03T03:19:32.108+0600][6.936s][info][gc,heap     ] GC(3)                Mark Start          Mark End        Relocate Start      Relocate End           High               Low         
[2026-04-03T03:19:32.108+0600][6.936s][info][gc,heap     ] GC(3)  Capacity:      278M (28%)         278M (28%)         278M (28%)         278M (28%)         278M (28%)         278M (28%)    
[2026-04-03T03:19:32.108+0600][6.936s][info][gc,heap     ] GC(3)      Free:      804M (80%)         800M (80%)         814M (81%)         950M (95%)         950M (95%)         798M (80%)    
[2026-04-03T03:19:32.108+0600][6.936s][info][gc,heap     ] GC(3)      Used:      196M (20%)         200M (20%)         186M (19%)          50M (5%)          202M (20%)          50M (5%)     
[2026-04-03T03:19:32.108+0600][6.936s][info][gc,heap     ] GC(3)      Live:         -                26M (3%)           26M (3%)           26M (3%)             -                  -          
[2026-04-03T03:19:32.108+0600][6.936s][info][gc,heap     ] GC(3) Allocated:         -                 4M (0%)            6M (1%)            5M (1%)             -                  -          
[2026-04-03T03:19:32.108+0600][6.936s][info][gc,heap     ] GC(3)   Garbage:         -               169M (17%)         153M (15%)          18M (2%)             -                  -          
[2026-04-03T03:19:32.108+0600][6.936s][info][gc,heap     ] GC(3) Reclaimed:         -                  -                16M (2%)          151M (15%)            -                  -          
[2026-04-03T03:19:32.108+0600][6.936s][info][gc          ] GC(3) Garbage Collection (Metadata GC Threshold) 196M(20%)->50M(5%)
[2026-04-03T03:19:34.385+0600][9.214s][info][gc,start    ] GC(4) Garbage Collection (Warmup)
[2026-04-03T03:19:34.385+0600][9.214s][info][gc,task     ] GC(4) Using 3 workers
[2026-04-03T03:19:34.385+0600][9.214s][info][gc,phases   ] GC(4) Pause Mark Start 0.008ms
[2026-04-03T03:19:34.608+0600][9.436s][info][gc,phases   ] GC(4) Concurrent Mark 222.114ms
[2026-04-03T03:19:34.608+0600][9.437s][info][gc,phases   ] GC(4) Pause Mark End 0.031ms
[2026-04-03T03:19:34.608+0600][9.437s][info][gc,phases   ] GC(4) Concurrent Mark Free 0.001ms
[2026-04-03T03:19:34.612+0600][9.441s][info][gc,phases   ] GC(4) Concurrent Process Non-Strong References 3.972ms
[2026-04-03T03:19:34.612+0600][9.441s][info][gc,phases   ] GC(4) Concurrent Reset Relocation Set 0.011ms
[2026-04-03T03:19:34.616+0600][9.444s][info][gc,phases   ] GC(4) Concurrent Select Relocation Set 3.687ms
[2026-04-03T03:19:34.616+0600][9.445s][info][gc,phases   ] GC(4) Pause Relocate Start 0.012ms
[2026-04-03T03:19:34.629+0600][9.458s][info][gc,phases   ] GC(4) Concurrent Relocate 13.027ms
[2026-04-03T03:19:34.630+0600][9.458s][info][gc,load     ] GC(4) Load: 4.87/5.03/5.48
[2026-04-03T03:19:34.630+0600][9.458s][info][gc,mmu      ] GC(4) MMU: 2ms/98.4%, 5ms/99.4%, 10ms/99.6%, 20ms/99.8%, 50ms/99.9%, 100ms/100.0%
[2026-04-03T03:19:34.630+0600][9.458s][info][gc,marking  ] GC(4) Mark: 2 stripe(s), 2 proactive flush(es), 1 terminate flush(es), 0 completion(s), 0 continuation(s) 
[2026-04-03T03:19:34.630+0600][9.458s][info][gc,marking  ] GC(4) Mark Stack Usage: 32M
[2026-04-03T03:19:34.630+0600][9.458s][info][gc,nmethod  ] GC(4) NMethods: 3017 registered, 134 unregistered
[2026-04-03T03:19:34.630+0600][9.458s][info][gc,metaspace] GC(4) Metaspace: 48M used, 48M committed, 1088M reserved
[2026-04-03T03:19:34.630+0600][9.458s][info][gc,ref      ] GC(4) Soft: 3981 encountered, 0 discovered, 0 enqueued
[2026-04-03T03:19:34.630+0600][9.458s][info][gc,ref      ] GC(4) Weak: 3290 encountered, 1365 discovered, 533 enqueued
[2026-04-03T03:19:34.630+0600][9.458s][info][gc,ref      ] GC(4) Final: 82 encountered, 16 discovered, 0 enqueued
[2026-04-03T03:19:34.630+0600][9.458s][info][gc,ref      ] GC(4) Phantom: 585 encountered, 387 discovered, 0 enqueued
[2026-04-03T03:19:34.630+0600][9.458s][info][gc,reloc    ] GC(4) Small Pages: 146 / 292M, Empty: 0M, Relocated: 8M, In-Place: 0
[2026-04-03T03:19:34.630+0600][9.458s][info][gc,reloc    ] GC(4) Medium Pages: 2 / 32M, Empty: 0M, Relocated: 3M, In-Place: 0
[2026-04-03T03:19:34.630+0600][9.458s][info][gc,reloc    ] GC(4) Large Pages: 1 / 4M, Empty: 0M, Relocated: 0M, In-Place: 0
[2026-04-03T03:19:34.630+0600][9.458s][info][gc,reloc    ] GC(4) Forwarding Usage: 3M
[2026-04-03T03:19:34.630+0600][9.458s][info][gc,heap     ] GC(4) Min Capacity: 8M(1%)
[2026-04-03T03:19:34.630+0600][9.458s][info][gc,heap     ] GC(4) Max Capacity: 1000M(100%)
[2026-04-03T03:19:34.630+0600][9.458s][info][gc,heap     ] GC(4) Soft Max Capacity: 1000M(100%)
[2026-04-03T03:19:34.630+0600][9.458s][info][gc,heap     ] GC(4)                Mark Start          Mark End        Relocate Start      Relocate End           High               Low         
[2026-04-03T03:19:34.630+0600][9.458s][info][gc,heap     ] GC(4)  Capacity:      328M (33%)         416M (42%)         420M (42%)         440M (44%)         440M (44%)         328M (33%)    
[2026-04-03T03:19:34.630+0600][9.458s][info][gc,heap     ] GC(4)      Free:      672M (67%)         584M (58%)         580M (58%)         728M (73%)         728M (73%)         560M (56%)    
[2026-04-03T03:19:34.630+0600][9.458s][info][gc,heap     ] GC(4)      Used:      328M (33%)         416M (42%)         420M (42%)         272M (27%)         440M (44%)         272M (27%)    
[2026-04-03T03:19:34.630+0600][9.458s][info][gc,heap     ] GC(4)      Live:         -               156M (16%)         156M (16%)         156M (16%)            -                  -          
[2026-04-03T03:19:34.630+0600][9.458s][info][gc,heap     ] GC(4) Allocated:         -                88M (9%)           92M (9%)           95M (10%)            -                  -          
[2026-04-03T03:19:34.630+0600][9.458s][info][gc,heap     ] GC(4)   Garbage:         -               171M (17%)         171M (17%)          19M (2%)             -                  -          
[2026-04-03T03:19:34.630+0600][9.458s][info][gc,heap     ] GC(4) Reclaimed:         -                  -                 0M (0%)          151M (15%)            -                  -          
[2026-04-03T03:19:34.630+0600][9.458s][info][gc          ] GC(4) Garbage Collection (Warmup) 328M(33%)->272M(27%)
[2026-04-03T03:19:34.785+0600][9.613s][info][gc,start    ] GC(5) Garbage Collection (Allocation Rate)
[2026-04-03T03:19:34.785+0600][9.613s][info][gc,task     ] GC(5) Using 3 workers
[2026-04-03T03:19:34.785+0600][9.614s][info][gc,phases   ] GC(5) Pause Mark Start 0.010ms
[2026-04-03T03:19:35.285+0600][10.114s][info][gc,stats    ] === Garbage Collection Statistics =======================================================================================================================
[2026-04-03T03:19:35.285+0600][10.114s][info][gc,stats    ]                                                              Last 10s              Last 10m              Last 10h                Total
[2026-04-03T03:19:35.285+0600][10.114s][info][gc,stats    ]                                                              Avg / Max             Avg / Max             Avg / Max             Avg / Max
[2026-04-03T03:19:35.285+0600][10.114s][info][gc,stats    ]   Collector: Garbage Collection Cycle                     68.613 / 244.376      68.613 / 244.376      68.613 / 244.376      68.613 / 244.376     ms
[2026-04-03T03:19:35.285+0600][10.114s][info][gc,stats    ]  Contention: Mark Segment Reset Contention                     0 / 2                 0 / 2                 0 / 2                 0 / 2           ops/s
[2026-04-03T03:19:35.285+0600][10.114s][info][gc,stats    ]  Contention: Mark SeqNum Reset Contention                      0 / 1                 0 / 1                 0 / 1                 0 / 1           ops/s
[2026-04-03T03:19:35.285+0600][10.114s][info][gc,stats    ]    Critical: Allocation Stall                                  0 / 0                 0 / 0                 0 / 0                 0 / 0           ops/s
[2026-04-03T03:19:35.285+0600][10.114s][info][gc,stats    ]    Critical: Allocation Stall                              0.000 / 0.000         0.000 / 0.000         0.000 / 0.000         0.000 / 0.000       ms
[2026-04-03T03:19:35.285+0600][10.114s][info][gc,stats    ]    Critical: GC Locker Stall                                   0 / 1                 0 / 1                 0 / 1                 0 / 1           ops/s
[2026-04-03T03:19:35.285+0600][10.114s][info][gc,stats    ]    Critical: GC Locker Stall                               0.001 / 0.001         0.001 / 0.001         0.001 / 0.001         0.001 / 0.001       ms
[2026-04-03T03:19:35.285+0600][10.114s][info][gc,stats    ]    Critical: Relocation Stall                                  0 / 0                 0 / 0                 0 / 0                 0 / 0           ops/s
[2026-04-03T03:19:35.285+0600][10.114s][info][gc,stats    ]    Critical: Relocation Stall                              0.000 / 0.000         0.000 / 0.000         0.000 / 0.000         0.000 / 0.000       ms
[2026-04-03T03:19:35.285+0600][10.114s][info][gc,stats    ]      Memory: Allocation Rate                                 136 / 448             136 / 448             136 / 448             136 / 448         MB/s
[2026-04-03T03:19:35.285+0600][10.114s][info][gc,stats    ]      Memory: Defragment                                        1 / 16                1 / 16                1 / 16                1 / 16          ops/s
[2026-04-03T03:19:35.285+0600][10.114s][info][gc,stats    ]      Memory: Out Of Memory                                     0 / 0                 0 / 0                 0 / 0                 0 / 0           ops/s
[2026-04-03T03:19:35.285+0600][10.114s][info][gc,stats    ]      Memory: Page Cache Flush                                  3 / 32                3 / 32                3 / 32                3 / 32          MB/s
[2026-04-03T03:19:35.285+0600][10.114s][info][gc,stats    ]      Memory: Page Cache Hit L1                                40 / 81               40 / 81               40 / 81               40 / 81          ops/s
[2026-04-03T03:19:35.285+0600][10.114s][info][gc,stats    ]      Memory: Page Cache Hit L2                                 0 / 0                 0 / 0                 0 / 0                 0 / 0           ops/s
[2026-04-03T03:19:35.285+0600][10.114s][info][gc,stats    ]      Memory: Page Cache Hit L3                                13 / 64               13 / 64               13 / 64               13 / 64          ops/s
[2026-04-03T03:19:35.285+0600][10.114s][info][gc,stats    ]      Memory: Page Cache Miss                                  15 / 142              15 / 142              15 / 142              15 / 142         ops/s
[2026-04-03T03:19:35.285+0600][10.114s][info][gc,stats    ]      Memory: Uncommit                                          0 / 0                 0 / 0                 0 / 0                 0 / 0           MB/s
[2026-04-03T03:19:35.285+0600][10.114s][info][gc,stats    ]      Memory: Undo Object Allocation Failed                     0 / 0                 0 / 0                 0 / 0                 0 / 0           ops/s
[2026-04-03T03:19:35.285+0600][10.114s][info][gc,stats    ]      Memory: Undo Object Allocation Succeeded                  0 / 0                 0 / 0                 0 / 0                 0 / 0           ops/s
[2026-04-03T03:19:35.285+0600][10.114s][info][gc,stats    ]      Memory: Undo Page Allocation                              0 / 0                 0 / 0                 0 / 0                 0 / 0           ops/s
[2026-04-03T03:19:35.285+0600][10.114s][info][gc,stats    ]       Phase: Concurrent Mark                              54.209 / 222.114      54.209 / 222.114      54.209 / 222.114      54.209 / 222.114     ms
[2026-04-03T03:19:35.285+0600][10.114s][info][gc,stats    ]       Phase: Concurrent Mark Continue                      0.000 / 0.000         0.000 / 0.000         0.000 / 0.000         0.000 / 0.000       ms
[2026-04-03T03:19:35.286+0600][10.114s][info][gc,stats    ]       Phase: Concurrent Mark Free                          0.001 / 0.003         0.001 / 0.003         0.001 / 0.003         0.001 / 0.003       ms
[2026-04-03T03:19:35.286+0600][10.114s][info][gc,stats    ]       Phase: Concurrent Process Non-Strong References      2.780 / 4.172         2.780 / 4.172         2.780 / 4.172         2.780 / 4.172       ms
[2026-04-03T03:19:35.286+0600][10.114s][info][gc,stats    ]       Phase: Concurrent Relocate                           5.382 / 13.027        5.382 / 13.027        5.382 / 13.027        5.382 / 13.027      ms
[2026-04-03T03:19:35.286+0600][10.114s][info][gc,stats    ]       Phase: Concurrent Reset Relocation Set               0.008 / 0.013         0.008 / 0.013         0.008 / 0.013         0.008 / 0.013       ms
[2026-04-03T03:19:35.286+0600][10.114s][info][gc,stats    ]       Phase: Concurrent Select Relocation Set              4.661 / 8.332         4.661 / 8.332         4.661 / 8.332         4.661 / 8.332       ms
[2026-04-03T03:19:35.286+0600][10.114s][info][gc,stats    ]       Phase: Pause Mark End                                0.021 / 0.031         0.021 / 0.031         0.021 / 0.031         0.021 / 0.031       ms
[2026-04-03T03:19:35.286+0600][10.114s][info][gc,stats    ]       Phase: Pause Mark Start                              0.010 / 0.013         0.010 / 0.013         0.010 / 0.013         0.010 / 0.013       ms
[2026-04-03T03:19:35.286+0600][10.114s][info][gc,stats    ]       Phase: Pause Relocate Start                          0.011 / 0.013         0.011 / 0.013         0.011 / 0.013         0.011 / 0.013       ms
[2026-04-03T03:19:35.286+0600][10.114s][info][gc,stats    ]    Subphase: Concurrent Classes Purge                      0.183 / 0.277         0.183 / 0.277         0.183 / 0.277         0.183 / 0.277       ms
[2026-04-03T03:19:35.286+0600][10.114s][info][gc,stats    ]    Subphase: Concurrent Classes Unlink                     1.634 / 2.465         1.634 / 2.465         1.634 / 2.465         1.634 / 2.465       ms
[2026-04-03T03:19:35.286+0600][10.114s][info][gc,stats    ]    Subphase: Concurrent Mark                              52.571 / 220.999      52.571 / 220.999      52.571 / 220.999      52.571 / 220.999     ms
[2026-04-03T03:19:35.286+0600][10.114s][info][gc,stats    ]    Subphase: Concurrent Mark Try Flush                     0.206 / 0.323         0.206 / 0.323         0.206 / 0.323         0.206 / 0.323       ms
[2026-04-03T03:19:35.286+0600][10.114s][info][gc,stats    ]    Subphase: Concurrent Mark Try Terminate                 1.103 / 1.299         1.103 / 1.299         1.103 / 1.299         1.103 / 1.299       ms
[2026-04-03T03:19:35.286+0600][10.114s][info][gc,stats    ]    Subphase: Concurrent References Enqueue                 0.004 / 0.006         0.004 / 0.006         0.004 / 0.006         0.004 / 0.006       ms
[2026-04-03T03:19:35.286+0600][10.114s][info][gc,stats    ]    Subphase: Concurrent References Process                 0.275 / 0.458         0.275 / 0.458         0.275 / 0.458         0.275 / 0.458       ms
[2026-04-03T03:19:35.286+0600][10.114s][info][gc,stats    ]    Subphase: Concurrent Roots ClassLoaderDataGraph         0.135 / 0.393         0.135 / 0.393         0.135 / 0.393         0.135 / 0.393       ms
[2026-04-03T03:19:35.286+0600][10.114s][info][gc,stats    ]    Subphase: Concurrent Roots CodeCache                    0.000 / 0.000         0.000 / 0.000         0.000 / 0.000         0.000 / 0.000       ms
[2026-04-03T03:19:35.286+0600][10.114s][info][gc,stats    ]    Subphase: Concurrent Roots JavaThreads                  0.503 / 2.262         0.503 / 2.262         0.503 / 2.262         0.503 / 2.262       ms
[2026-04-03T03:19:35.286+0600][10.114s][info][gc,stats    ]    Subphase: Concurrent Roots OopStorageSet                0.056 / 0.138         0.056 / 0.138         0.056 / 0.138         0.056 / 0.138       ms
[2026-04-03T03:19:35.286+0600][10.114s][info][gc,stats    ]    Subphase: Concurrent Weak Roots OopStorageSet           0.363 / 0.677         0.363 / 0.677         0.363 / 0.677         0.363 / 0.677       ms
[2026-04-03T03:19:35.286+0600][10.114s][info][gc,stats    ]    Subphase: Pause Mark Try Complete                       0.000 / 0.000         0.000 / 0.000         0.000 / 0.000         0.000 / 0.000       ms
[2026-04-03T03:19:35.286+0600][10.114s][info][gc,stats    ]      System: Java Threads                                     27 / 61               27 / 61               27 / 61               27 / 61          threads
[2026-04-03T03:19:35.286+0600][10.114s][info][gc,stats    ] =========================================================================================================================================================
[2026-04-03T03:19:35.310+0600][10.138s][info][gc,phases   ] GC(5) Concurrent Mark 524.641ms
[2026-04-03T03:19:35.310+0600][10.139s][info][gc,phases   ] GC(5) Pause Mark End 0.023ms
[2026-04-03T03:19:35.310+0600][10.139s][info][gc,phases   ] GC(5) Concurrent Mark Free 0.003ms
[2026-04-03T03:19:35.314+0600][10.142s][info][gc,phases   ] GC(5) Concurrent Process Non-Strong References 3.615ms
[2026-04-03T03:19:35.314+0600][10.143s][info][gc,phases   ] GC(5) Concurrent Reset Relocation Set 0.007ms
[2026-04-03T03:19:35.316+0600][10.145s][info][gc,phases   ] GC(5) Concurrent Select Relocation Set 2.289ms
[2026-04-03T03:19:35.317+0600][10.145s][info][gc,phases   ] GC(5) Pause Relocate Start 0.013ms
[2026-04-03T03:19:35.320+0600][10.149s][info][gc,phases   ] GC(5) Concurrent Relocate 3.265ms
[2026-04-03T03:19:35.320+0600][10.149s][info][gc,load     ] GC(5) Load: 4.87/5.03/5.48
[2026-04-03T03:19:35.320+0600][10.149s][info][gc,mmu      ] GC(5) MMU: 2ms/98.4%, 5ms/99.4%, 10ms/99.6%, 20ms/99.8%, 50ms/99.9%, 100ms/100.0%
[2026-04-03T03:19:35.320+0600][10.149s][info][gc,marking  ] GC(5) Mark: 2 stripe(s), 2 proactive flush(es), 1 terminate flush(es), 0 completion(s), 0 continuation(s) 
[2026-04-03T03:19:35.320+0600][10.149s][info][gc,marking  ] GC(5) Mark Stack Usage: 32M
[2026-04-03T03:19:35.320+0600][10.149s][info][gc,nmethod  ] GC(5) NMethods: 3016 registered, 136 unregistered
[2026-04-03T03:19:35.320+0600][10.149s][info][gc,metaspace] GC(5) Metaspace: 48M used, 48M committed, 1088M reserved
[2026-04-03T03:19:35.320+0600][10.149s][info][gc,ref      ] GC(5) Soft: 3981 encountered, 0 discovered, 0 enqueued
[2026-04-03T03:19:35.320+0600][10.149s][info][gc,ref      ] GC(5) Weak: 2757 encountered, 89 discovered, 0 enqueued
[2026-04-03T03:19:35.320+0600][10.149s][info][gc,ref      ] GC(5) Final: 82 encountered, 0 discovered, 0 enqueued
[2026-04-03T03:19:35.320+0600][10.149s][info][gc,ref      ] GC(5) Phantom: 585 encountered, 380 discovered, 0 enqueued
[2026-04-03T03:19:35.320+0600][10.149s][info][gc,reloc    ] GC(5) Small Pages: 179 / 358M, Empty: 0M, Relocated: 1M, In-Place: 0
[2026-04-03T03:19:35.320+0600][10.149s][info][gc,reloc    ] GC(5) Medium Pages: 1 / 16M, Empty: 0M, Relocated: 0M, In-Place: 0
[2026-04-03T03:19:35.320+0600][10.149s][info][gc,reloc    ] GC(5) Large Pages: 1 / 4M, Empty: 0M, Relocated: 0M, In-Place: 0
[2026-04-03T03:19:35.320+0600][10.149s][info][gc,reloc    ] GC(5) Forwarding Usage: 0M
[2026-04-03T03:19:35.320+0600][10.149s][info][gc,heap     ] GC(5) Min Capacity: 8M(1%)
[2026-04-03T03:19:35.320+0600][10.149s][info][gc,heap     ] GC(5) Max Capacity: 1000M(100%)
[2026-04-03T03:19:35.320+0600][10.149s][info][gc,heap     ] GC(5) Soft Max Capacity: 1000M(100%)
[2026-04-03T03:19:35.320+0600][10.149s][info][gc,heap     ] GC(5)                Mark Start          Mark End        Relocate Start      Relocate End           High               Low         
[2026-04-03T03:19:35.320+0600][10.149s][info][gc,heap     ] GC(5)  Capacity:      440M (44%)         594M (59%)         598M (60%)         604M (60%)         604M (60%)         440M (44%)    
[2026-04-03T03:19:35.320+0600][10.149s][info][gc,heap     ] GC(5)      Free:      622M (62%)         406M (41%)         402M (40%)         404M (40%)         622M (62%)         396M (40%)    
[2026-04-03T03:19:35.320+0600][10.149s][info][gc,heap     ] GC(5)      Used:      378M (38%)         594M (59%)         598M (60%)         596M (60%)         604M (60%)         378M (38%)    
[2026-04-03T03:19:35.320+0600][10.149s][info][gc,heap     ] GC(5)      Live:         -               350M (35%)         350M (35%)         350M (35%)            -                  -          
[2026-04-03T03:19:35.320+0600][10.149s][info][gc,heap     ] GC(5) Allocated:         -               216M (22%)         220M (22%)         220M (22%)            -                  -          
[2026-04-03T03:19:35.320+0600][10.149s][info][gc,heap     ] GC(5)   Garbage:         -                27M (3%)           27M (3%)           25M (3%)             -                  -          
[2026-04-03T03:19:35.320+0600][10.149s][info][gc,heap     ] GC(5) Reclaimed:         -                  -                 0M (0%)            2M (0%)             -                  -          
[2026-04-03T03:19:35.320+0600][10.149s][info][gc          ] GC(5) Garbage Collection (Allocation Rate) 378M(38%)->596M(60%)
[2026-04-03T03:19:35.385+0600][10.214s][info][gc,start    ] GC(6) Garbage Collection (Allocation Rate)
[2026-04-03T03:19:35.385+0600][10.214s][info][gc,task     ] GC(6) Using 3 workers
[2026-04-03T03:19:35.386+0600][10.215s][info][gc,phases   ] GC(6) Pause Mark Start 0.009ms
[2026-04-03T03:19:36.290+0600][11.118s][info][gc,phases   ] GC(6) Concurrent Mark 903.762ms
[2026-04-03T03:19:36.290+0600][11.119s][info][gc,phases   ] GC(6) Pause Mark End 0.028ms
[2026-04-03T03:19:36.290+0600][11.119s][info][gc,phases   ] GC(6) Concurrent Mark Free 0.002ms
[2026-04-03T03:19:36.294+0600][11.123s][info][gc,phases   ] GC(6) Concurrent Process Non-Strong References 3.606ms
[2026-04-03T03:19:36.294+0600][11.123s][info][gc,phases   ] GC(6) Concurrent Reset Relocation Set 0.002ms
[2026-04-03T03:19:36.296+0600][11.125s][info][gc,phases   ] GC(6) Concurrent Select Relocation Set 2.446ms
[2026-04-03T03:19:36.297+0600][11.125s][info][gc,phases   ] GC(6) Pause Relocate Start 0.008ms
[2026-04-03T03:19:36.299+0600][11.128s][info][gc,phases   ] GC(6) Concurrent Relocate 2.200ms
[2026-04-03T03:19:36.299+0600][11.128s][info][gc,load     ] GC(6) Load: 4.64/4.98/5.47
[2026-04-03T03:19:36.299+0600][11.128s][info][gc,mmu      ] GC(6) MMU: 2ms/98.4%, 5ms/99.4%, 10ms/99.6%, 20ms/99.8%, 50ms/99.9%, 100ms/100.0%
[2026-04-03T03:19:36.299+0600][11.128s][info][gc,marking  ] GC(6) Mark: 2 stripe(s), 2 proactive flush(es), 1 terminate flush(es), 0 completion(s), 0 continuation(s) 
[2026-04-03T03:19:36.299+0600][11.128s][info][gc,marking  ] GC(6) Mark Stack Usage: 32M
[2026-04-03T03:19:36.299+0600][11.128s][info][gc,nmethod  ] GC(6) NMethods: 3079 registered, 136 unregistered
[2026-04-03T03:19:36.299+0600][11.128s][info][gc,metaspace] GC(6) Metaspace: 48M used, 48M committed, 1088M reserved
[2026-04-03T03:19:36.299+0600][11.128s][info][gc,ref      ] GC(6) Soft: 3981 encountered, 0 discovered, 0 enqueued
[2026-04-03T03:19:36.299+0600][11.128s][info][gc,ref      ] GC(6) Weak: 2757 encountered, 1702 discovered, 0 enqueued
[2026-04-03T03:19:36.299+0600][11.128s][info][gc,ref      ] GC(6) Final: 82 encountered, 0 discovered, 0 enqueued
[2026-04-03T03:19:36.299+0600][11.128s][info][gc,ref      ] GC(6) Phantom: 585 encountered, 334 discovered, 0 enqueued
[2026-04-03T03:19:36.299+0600][11.128s][info][gc,reloc    ] GC(6) Small Pages: 305 / 610M, Empty: 2M, Relocated: 1M, In-Place: 0
[2026-04-03T03:19:36.299+0600][11.128s][info][gc,reloc    ] GC(6) Medium Pages: 1 / 16M, Empty: 0M, Relocated: 0M, In-Place: 0
[2026-04-03T03:19:36.299+0600][11.128s][info][gc,reloc    ] GC(6) Large Pages: 1 / 4M, Empty: 0M, Relocated: 0M, In-Place: 0
[2026-04-03T03:19:36.299+0600][11.128s][info][gc,reloc    ] GC(6) Forwarding Usage: 0M
[2026-04-03T03:19:36.299+0600][11.128s][info][gc,heap     ] GC(6) Min Capacity: 8M(1%)
[2026-04-03T03:19:36.299+0600][11.128s][info][gc,heap     ] GC(6) Max Capacity: 1000M(100%)
[2026-04-03T03:19:36.299+0600][11.128s][info][gc,heap     ] GC(6) Soft Max Capacity: 1000M(100%)
[2026-04-03T03:19:36.299+0600][11.128s][info][gc,heap     ] GC(6)                Mark Start          Mark End        Relocate Start      Relocate End           High               Low         
[2026-04-03T03:19:36.299+0600][11.128s][info][gc,heap     ] GC(6)  Capacity:      630M (63%)         768M (77%)         768M (77%)         768M (77%)         768M (77%)         630M (63%)    
[2026-04-03T03:19:36.299+0600][11.128s][info][gc,heap     ] GC(6)      Free:      370M (37%)         232M (23%)         234M (23%)         238M (24%)         370M (37%)         232M (23%)    
[2026-04-03T03:19:36.299+0600][11.128s][info][gc,heap     ] GC(6)      Used:      630M (63%)         768M (77%)         766M (77%)         762M (76%)         768M (77%)         630M (63%)    
[2026-04-03T03:19:36.299+0600][11.128s][info][gc,heap     ] GC(6)      Live:         -               596M (60%)         596M (60%)         596M (60%)            -                  -          
[2026-04-03T03:19:36.299+0600][11.128s][info][gc,heap     ] GC(6) Allocated:         -               138M (14%)         138M (14%)         138M (14%)            -                  -          
[2026-04-03T03:19:36.299+0600][11.128s][info][gc,heap     ] GC(6)   Garbage:         -                33M (3%)           31M (3%)           27M (3%)             -                  -          
[2026-04-03T03:19:36.299+0600][11.128s][info][gc,heap     ] GC(6) Reclaimed:         -                  -                 2M (0%)            6M (1%)             -                  -          
[2026-04-03T03:19:36.299+0600][11.128s][info][gc          ] GC(6) Garbage Collection (Allocation Rate) 630M(63%)->762M(76%)
[2026-04-03T03:19:36.385+0600][11.214s][info][gc,start    ] GC(7) Garbage Collection (Allocation Rate)
[2026-04-03T03:19:36.385+0600][11.214s][info][gc,task     ] GC(7) Using 3 workers
[2026-04-03T03:19:36.386+0600][11.214s][info][gc,phases   ] GC(7) Pause Mark Start 0.008ms
[2026-04-03T03:19:37.365+0600][12.194s][info][gc,phases   ] GC(7) Concurrent Mark 978.999ms
[2026-04-03T03:19:37.365+0600][12.194s][info][gc,phases   ] GC(7) Pause Mark End 0.019ms
[2026-04-03T03:19:37.365+0600][12.194s][info][gc,phases   ] GC(7) Concurrent Mark Free 0.002ms
[2026-04-03T03:19:37.368+0600][12.197s][info][gc,phases   ] GC(7) Concurrent Process Non-Strong References 2.911ms
[2026-04-03T03:19:37.368+0600][12.197s][info][gc,phases   ] GC(7) Concurrent Reset Relocation Set 0.001ms
[2026-04-03T03:19:37.371+0600][12.199s][info][gc,phases   ] GC(7) Concurrent Select Relocation Set 2.171ms
[2026-04-03T03:19:37.371+0600][12.200s][info][gc,phases   ] GC(7) Pause Relocate Start 0.010ms
[2026-04-03T03:19:37.374+0600][12.203s][info][gc,phases   ] GC(7) Concurrent Relocate 2.996ms
[2026-04-03T03:19:37.374+0600][12.203s][info][gc,load     ] GC(7) Load: 4.64/4.98/5.47
[2026-04-03T03:19:37.374+0600][12.203s][info][gc,mmu      ] GC(7) MMU: 2ms/98.4%, 5ms/99.4%, 10ms/99.6%, 20ms/99.8%, 50ms/99.9%, 100ms/100.0%
[2026-04-03T03:19:37.374+0600][12.203s][info][gc,marking  ] GC(7) Mark: 2 stripe(s), 2 proactive flush(es), 1 terminate flush(es), 0 completion(s), 0 continuation(s) 
[2026-04-03T03:19:37.374+0600][12.203s][info][gc,marking  ] GC(7) Mark Stack Usage: 32M
[2026-04-03T03:19:37.374+0600][12.203s][info][gc,nmethod  ] GC(7) NMethods: 3159 registered, 176 unregistered
[2026-04-03T03:19:37.374+0600][12.203s][info][gc,metaspace] GC(7) Metaspace: 51M used, 51M committed, 1088M reserved
[2026-04-03T03:19:37.374+0600][12.203s][info][gc,ref      ] GC(7) Soft: 3981 encountered, 0 discovered, 0 enqueued
[2026-04-03T03:19:37.374+0600][12.203s][info][gc,ref      ] GC(7) Weak: 2757 encountered, 821 discovered, 0 enqueued
[2026-04-03T03:19:37.374+0600][12.203s][info][gc,ref      ] GC(7) Final: 82 encountered, 0 discovered, 0 enqueued
[2026-04-03T03:19:37.374+0600][12.203s][info][gc,ref      ] GC(7) Phantom: 586 encountered, 403 discovered, 0 enqueued
[2026-04-03T03:19:37.374+0600][12.203s][info][gc,reloc    ] GC(7) Small Pages: 371 / 742M, Empty: 0M, Relocated: 1M, In-Place: 0
[2026-04-03T03:19:37.374+0600][12.203s][info][gc,reloc    ] GC(7) Medium Pages: 1 / 16M, Empty: 0M, Relocated: 0M, In-Place: 0
[2026-04-03T03:19:37.374+0600][12.203s][info][gc,reloc    ] GC(7) Large Pages: 1 / 4M, Empty: 0M, Relocated: 0M, In-Place: 0
[2026-04-03T03:19:37.374+0600][12.203s][info][gc,reloc    ] GC(7) Forwarding Usage: 0M
[2026-04-03T03:19:37.374+0600][12.203s][info][gc,heap     ] GC(7) Min Capacity: 8M(1%)
[2026-04-03T03:19:37.374+0600][12.203s][info][gc,heap     ] GC(7) Max Capacity: 1000M(100%)
[2026-04-03T03:19:37.374+0600][12.203s][info][gc,heap     ] GC(7) Soft Max Capacity: 1000M(100%)
[2026-04-03T03:19:37.374+0600][12.203s][info][gc,heap     ] GC(7)                Mark Start          Mark End        Relocate Start      Relocate End           High               Low         
[2026-04-03T03:19:37.374+0600][12.203s][info][gc,heap     ] GC(7)  Capacity:      768M (77%)         840M (84%)         840M (84%)         846M (85%)         846M (85%)         768M (77%)    
[2026-04-03T03:19:37.374+0600][12.203s][info][gc,heap     ] GC(7)      Free:      238M (24%)         160M (16%)         160M (16%)         164M (16%)         238M (24%)         154M (15%)    
[2026-04-03T03:19:37.374+0600][12.203s][info][gc,heap     ] GC(7)      Used:      762M (76%)         840M (84%)         840M (84%)         836M (84%)         846M (85%)         762M (76%)    
[2026-04-03T03:19:37.374+0600][12.203s][info][gc,heap     ] GC(7)      Live:         -               727M (73%)         727M (73%)         727M (73%)            -                  -          
[2026-04-03T03:19:37.374+0600][12.203s][info][gc,heap     ] GC(7) Allocated:         -                78M (8%)           78M (8%)           78M (8%)             -                  -          
[2026-04-03T03:19:37.374+0600][12.203s][info][gc,heap     ] GC(7)   Garbage:         -                34M (3%)           34M (3%)           30M (3%)             -                  -          
[2026-04-03T03:19:37.374+0600][12.203s][info][gc,heap     ] GC(7) Reclaimed:         -                  -                 0M (0%)            4M (0%)             -                  -          
[2026-04-03T03:19:37.374+0600][12.203s][info][gc          ] GC(7) Garbage Collection (Allocation Rate) 762M(76%)->836M(84%)
[2026-04-03T03:19:37.385+0600][12.213s][info][gc,start    ] GC(8) Garbage Collection (Allocation Rate)
[2026-04-03T03:19:37.385+0600][12.214s][info][gc,task     ] GC(8) Using 3 workers
[2026-04-03T03:19:37.385+0600][12.214s][info][gc,phases   ] GC(8) Pause Mark Start 0.011ms
[2026-04-03T03:19:37.408+0600][12.236s][info][gc,phases   ] GC(8) Concurrent Mark 22.264ms
[2026-04-03T03:19:37.408+0600][12.237s][info][gc,phases   ] GC(8) Pause Mark End 0.029ms
[2026-04-03T03:19:37.408+0600][12.237s][info][gc,phases   ] GC(8) Concurrent Mark Free 0.004ms
[2026-04-03T03:19:37.412+0600][12.241s][info][gc,phases   ] GC(8) Concurrent Process Non-Strong References 4.187ms
[2026-04-03T03:19:37.412+0600][12.241s][info][gc,phases   ] GC(8) Concurrent Reset Relocation Set 0.002ms
[2026-04-03T03:19:37.415+0600][12.244s][info][gc,phases   ] GC(8) Concurrent Select Relocation Set 2.592ms
[2026-04-03T03:19:37.415+0600][12.244s][info][gc,phases   ] GC(8) Pause Relocate Start 0.013ms
[2026-04-03T03:19:37.417+0600][12.246s][info][gc,phases   ] GC(8) Concurrent Relocate 1.653ms
[2026-04-03T03:19:37.417+0600][12.246s][info][gc,load     ] GC(8) Load: 4.64/4.98/5.47
[2026-04-03T03:19:37.417+0600][12.246s][info][gc,mmu      ] GC(8) MMU: 2ms/98.4%, 5ms/99.4%, 10ms/99.6%, 20ms/99.8%, 50ms/99.9%, 100ms/99.9%
[2026-04-03T03:19:37.417+0600][12.246s][info][gc,marking  ] GC(8) Mark: 2 stripe(s), 4 proactive flush(es), 1 terminate flush(es), 0 completion(s), 0 continuation(s) 
[2026-04-03T03:19:37.417+0600][12.246s][info][gc,marking  ] GC(8) Mark Stack Usage: 32M
[2026-04-03T03:19:37.417+0600][12.246s][info][gc,nmethod  ] GC(8) NMethods: 3130 registered, 205 unregistered
[2026-04-03T03:19:37.417+0600][12.246s][info][gc,metaspace] GC(8) Metaspace: 51M used, 51M committed, 1088M reserved
[2026-04-03T03:19:37.417+0600][12.246s][info][gc,ref      ] GC(8) Soft: 4009 encountered, 0 discovered, 0 enqueued
[2026-04-03T03:19:37.417+0600][12.246s][info][gc,ref      ] GC(8) Weak: 3160 encountered, 1464 discovered, 169 enqueued
[2026-04-03T03:19:37.417+0600][12.246s][info][gc,ref      ] GC(8) Final: 82 encountered, 1 discovered, 0 enqueued
[2026-04-03T03:19:37.417+0600][12.246s][info][gc,ref      ] GC(8) Phantom: 589 encountered, 337 discovered, 0 enqueued
[2026-04-03T03:19:37.417+0600][12.246s][info][gc,reloc    ] GC(8) Small Pages: 400 / 800M, Empty: 690M, Relocated: 1M, In-Place: 0
[2026-04-03T03:19:37.417+0600][12.246s][info][gc,reloc    ] GC(8) Medium Pages: 2 / 32M, Empty: 16M, Relocated: 0M, In-Place: 0
[2026-04-03T03:19:37.417+0600][12.246s][info][gc,reloc    ] GC(8) Large Pages: 1 / 4M, Empty: 0M, Relocated: 0M, In-Place: 0
[2026-04-03T03:19:37.417+0600][12.246s][info][gc,reloc    ] GC(8) Forwarding Usage: 0M
[2026-04-03T03:19:37.417+0600][12.246s][info][gc,heap     ] GC(8) Min Capacity: 8M(1%)
[2026-04-03T03:19:37.417+0600][12.246s][info][gc,heap     ] GC(8) Max Capacity: 1000M(100%)
[2026-04-03T03:19:37.417+0600][12.246s][info][gc,heap     ] GC(8) Soft Max Capacity: 1000M(100%)
[2026-04-03T03:19:37.417+0600][12.246s][info][gc,heap     ] GC(8)                Mark Start          Mark End        Relocate Start      Relocate End           High               Low         
[2026-04-03T03:19:37.417+0600][12.246s][info][gc,heap     ] GC(8)  Capacity:      846M (85%)         846M (85%)         846M (85%)         846M (85%)         846M (85%)         846M (85%)    
[2026-04-03T03:19:37.417+0600][12.246s][info][gc,heap     ] GC(8)      Free:      164M (16%)         164M (16%)         870M (87%)         946M (95%)         946M (95%)         164M (16%)    
[2026-04-03T03:19:37.417+0600][12.246s][info][gc,heap     ] GC(8)      Used:      836M (84%)         836M (84%)         130M (13%)          54M (5%)          836M (84%)          54M (5%)     
[2026-04-03T03:19:37.417+0600][12.246s][info][gc,heap     ] GC(8)      Live:         -                32M (3%)           32M (3%)           32M (3%)             -                  -          
[2026-04-03T03:19:37.417+0600][12.246s][info][gc,heap     ] GC(8) Allocated:         -                 0M (0%)            0M (0%)            1M (0%)             -                  -          
[2026-04-03T03:19:37.417+0600][12.246s][info][gc,heap     ] GC(8)   Garbage:         -               803M (80%)          97M (10%)          19M (2%)             -                  -          
[2026-04-03T03:19:37.417+0600][12.246s][info][gc,heap     ] GC(8) Reclaimed:         -                  -               706M (71%)         783M (78%)            -                  -          
[2026-04-03T03:19:37.417+0600][12.246s][info][gc          ] GC(8) Garbage Collection (Allocation Rate) 836M(84%)->54M(5%)
[2026-04-03T03:19:38.717+0600][13.546s][info][gc,start    ] GC(9) Garbage Collection (System.gc())
[2026-04-03T03:19:38.718+0600][13.546s][info][gc,task     ] GC(9) Using 3 workers
[2026-04-03T03:19:38.718+0600][13.546s][info][gc,phases   ] GC(9) Pause Mark Start 0.013ms
[2026-04-03T03:19:38.739+0600][13.568s][info][gc,phases   ] GC(9) Concurrent Mark 20.997ms
[2026-04-03T03:19:38.739+0600][13.568s][info][gc,phases   ] GC(9) Pause Mark End 0.022ms
[2026-04-03T03:19:38.739+0600][13.568s][info][gc,phases   ] GC(9) Concurrent Mark Free 0.002ms
[2026-04-03T03:19:38.744+0600][13.572s][info][gc,phases   ] GC(9) Concurrent Process Non-Strong References 4.519ms
[2026-04-03T03:19:38.744+0600][13.573s][info][gc,phases   ] GC(9) Concurrent Reset Relocation Set 0.006ms
[2026-04-03T03:19:38.746+0600][13.575s][info][gc,phases   ] GC(9) Concurrent Select Relocation Set 2.560ms
[2026-04-03T03:19:38.747+0600][13.575s][info][gc,phases   ] GC(9) Pause Relocate Start 0.011ms
[2026-04-03T03:19:38.749+0600][13.577s][info][gc,phases   ] GC(9) Concurrent Relocate 2.112ms
[2026-04-03T03:19:38.749+0600][13.577s][info][gc,load     ] GC(9) Load: 4.64/4.98/5.47
[2026-04-03T03:19:38.749+0600][13.578s][info][gc,mmu      ] GC(9) MMU: 2ms/98.4%, 5ms/99.4%, 10ms/99.6%, 20ms/99.8%, 50ms/99.9%, 100ms/99.9%
[2026-04-03T03:19:38.749+0600][13.578s][info][gc,marking  ] GC(9) Mark: 2 stripe(s), 2 proactive flush(es), 1 terminate flush(es), 0 completion(s), 0 continuation(s) 
[2026-04-03T03:19:38.749+0600][13.578s][info][gc,marking  ] GC(9) Mark Stack Usage: 32M
[2026-04-03T03:19:38.749+0600][13.578s][info][gc,nmethod  ] GC(9) NMethods: 3438 registered, 300 unregistered
[2026-04-03T03:19:38.749+0600][13.578s][info][gc,metaspace] GC(9) Metaspace: 55M used, 56M committed, 1088M reserved
[2026-04-03T03:19:38.749+0600][13.578s][info][gc,ref      ] GC(9) Soft: 4280 encountered, 0 discovered, 0 enqueued
[2026-04-03T03:19:38.749+0600][13.578s][info][gc,ref      ] GC(9) Weak: 3859 encountered, 1279 discovered, 265 enqueued
[2026-04-03T03:19:38.749+0600][13.578s][info][gc,ref      ] GC(9) Final: 82 encountered, 2 discovered, 0 enqueued
[2026-04-03T03:19:38.749+0600][13.578s][info][gc,ref      ] GC(9) Phantom: 587 encountered, 347 discovered, 1 enqueued
[2026-04-03T03:19:38.749+0600][13.578s][info][gc,reloc    ] GC(9) Small Pages: 40 / 80M, Empty: 0M, Relocated: 3M, In-Place: 0
[2026-04-03T03:19:38.749+0600][13.578s][info][gc,reloc    ] GC(9) Medium Pages: 2 / 32M, Empty: 16M, Relocated: 0M, In-Place: 0
[2026-04-03T03:19:38.749+0600][13.578s][info][gc,reloc    ] GC(9) Large Pages: 2 / 10M, Empty: 6M, Relocated: 0M, In-Place: 0
[2026-04-03T03:19:38.749+0600][13.578s][info][gc,reloc    ] GC(9) Forwarding Usage: 0M
[2026-04-03T03:19:38.749+0600][13.578s][info][gc,heap     ] GC(9) Min Capacity: 8M(1%)
[2026-04-03T03:19:38.749+0600][13.578s][info][gc,heap     ] GC(9) Max Capacity: 1000M(100%)
[2026-04-03T03:19:38.749+0600][13.578s][info][gc,heap     ] GC(9) Soft Max Capacity: 1000M(100%)
[2026-04-03T03:19:38.749+0600][13.578s][info][gc,heap     ] GC(9)                Mark Start          Mark End        Relocate Start      Relocate End           High               Low         
[2026-04-03T03:19:38.749+0600][13.578s][info][gc,heap     ] GC(9)  Capacity:      852M (85%)         852M (85%)         852M (85%)         852M (85%)         852M (85%)         852M (85%)    
[2026-04-03T03:19:38.749+0600][13.578s][info][gc,heap     ] GC(9)      Free:      878M (88%)         876M (88%)         896M (90%)         942M (94%)         942M (94%)         874M (87%)    
[2026-04-03T03:19:38.749+0600][13.578s][info][gc,heap     ] GC(9)      Used:      122M (12%)         124M (12%)         104M (10%)          58M (6%)          126M (13%)          58M (6%)     
[2026-04-03T03:19:38.749+0600][13.578s][info][gc,heap     ] GC(9)      Live:         -                34M (3%)           34M (3%)           34M (3%)             -                  -          
[2026-04-03T03:19:38.749+0600][13.578s][info][gc,heap     ] GC(9) Allocated:         -                 2M (0%)            4M (0%)            5M (1%)             -                  -          
[2026-04-03T03:19:38.749+0600][13.578s][info][gc,heap     ] GC(9)   Garbage:         -                87M (9%)           65M (7%)           17M (2%)             -                  -          
[2026-04-03T03:19:38.749+0600][13.578s][info][gc,heap     ] GC(9) Reclaimed:         -                  -                22M (2%)           69M (7%)             -                  -          
[2026-04-03T03:19:38.749+0600][13.578s][info][gc          ] GC(9) Garbage Collection (System.gc()) 122M(12%)->58M(6%)
[2026-04-03T03:19:40.985+0600][15.814s][info][gc,start    ] GC(10) Garbage Collection (Allocation Rate)
[2026-04-03T03:19:40.985+0600][15.814s][info][gc,task     ] GC(10) Using 3 workers
[2026-04-03T03:19:40.985+0600][15.814s][info][gc,phases   ] GC(10) Pause Mark Start 0.009ms
[2026-04-03T03:19:41.015+0600][15.844s][info][gc,phases   ] GC(10) Concurrent Mark 29.783ms
[2026-04-03T03:19:41.015+0600][15.844s][info][gc,phases   ] GC(10) Pause Mark End 0.025ms
[2026-04-03T03:19:41.016+0600][15.844s][info][gc,phases   ] GC(10) Concurrent Mark Free 0.003ms
[2026-04-03T03:19:41.032+0600][15.860s][info][gc,phases   ] GC(10) Concurrent Process Non-Strong References 15.821ms
[2026-04-03T03:19:41.032+0600][15.860s][info][gc,phases   ] GC(10) Concurrent Reset Relocation Set 0.004ms
[2026-04-03T03:19:41.035+0600][15.864s][info][gc,phases   ] GC(10) Concurrent Select Relocation Set 3.249ms
[2026-04-03T03:19:41.035+0600][15.864s][info][gc,phases   ] GC(10) Pause Relocate Start 0.039ms
[2026-04-03T03:19:41.043+0600][15.871s][info][gc,phases   ] GC(10) Concurrent Relocate 7.397ms
[2026-04-03T03:19:41.043+0600][15.872s][info][gc,load     ] GC(10) Load: 4.35/4.92/5.44
[2026-04-03T03:19:41.043+0600][15.872s][info][gc,mmu      ] GC(10) MMU: 2ms/98.1%, 5ms/99.2%, 10ms/99.6%, 20ms/99.7%, 50ms/99.9%, 100ms/99.9%
[2026-04-03T03:19:41.043+0600][15.872s][info][gc,marking  ] GC(10) Mark: 2 stripe(s), 3 proactive flush(es), 1 terminate flush(es), 0 completion(s), 0 continuation(s) 
[2026-04-03T03:19:41.043+0600][15.872s][info][gc,marking  ] GC(10) Mark Stack Usage: 32M
[2026-04-03T03:19:41.043+0600][15.872s][info][gc,nmethod  ] GC(10) NMethods: 4225 registered, 541 unregistered
[2026-04-03T03:19:41.043+0600][15.872s][info][gc,metaspace] GC(10) Metaspace: 64M used, 65M committed, 1088M reserved
[2026-04-03T03:19:41.043+0600][15.872s][info][gc,ref      ] GC(10) Soft: 4764 encountered, 0 discovered, 0 enqueued
[2026-04-03T03:19:41.043+0600][15.872s][info][gc,ref      ] GC(10) Weak: 5895 encountered, 3447 discovered, 766 enqueued
[2026-04-03T03:19:41.043+0600][15.872s][info][gc,ref      ] GC(10) Final: 82 encountered, 0 discovered, 0 enqueued
[2026-04-03T03:19:41.043+0600][15.872s][info][gc,ref      ] GC(10) Phantom: 605 encountered, 276 discovered, 1 enqueued
[2026-04-03T03:19:41.043+0600][15.872s][info][gc,reloc    ] GC(10) Small Pages: 220 / 440M, Empty: 234M, Relocated: 10M, In-Place: 0
[2026-04-03T03:19:41.043+0600][15.872s][info][gc,reloc    ] GC(10) Medium Pages: 2 / 32M, Empty: 16M, Relocated: 0M, In-Place: 0
[2026-04-03T03:19:41.043+0600][15.872s][info][gc,reloc    ] GC(10) Large Pages: 2 / 10M, Empty: 6M, Relocated: 0M, In-Place: 0
[2026-04-03T03:19:41.043+0600][15.872s][info][gc,reloc    ] GC(10) Forwarding Usage: 3M
[2026-04-03T03:19:41.043+0600][15.872s][info][gc,heap     ] GC(10) Min Capacity: 8M(1%)
[2026-04-03T03:19:41.043+0600][15.872s][info][gc,heap     ] GC(10) Max Capacity: 1000M(100%)
[2026-04-03T03:19:41.043+0600][15.872s][info][gc,heap     ] GC(10) Soft Max Capacity: 1000M(100%)
[2026-04-03T03:19:41.043+0600][15.872s][info][gc,heap     ] GC(10)                Mark Start          Mark End        Relocate Start      Relocate End           High               Low         
[2026-04-03T03:19:41.043+0600][15.872s][info][gc,heap     ] GC(10)  Capacity:      852M (85%)         852M (85%)         852M (85%)         852M (85%)         852M (85%)         852M (85%)    
[2026-04-03T03:19:41.043+0600][15.872s][info][gc,heap     ] GC(10)      Free:      518M (52%)         458M (46%)         676M (68%)         830M (83%)         836M (84%)         424M (42%)    
[2026-04-03T03:19:41.043+0600][15.872s][info][gc,heap     ] GC(10)      Used:      482M (48%)         542M (54%)         324M (32%)         170M (17%)         576M (58%)         164M (16%)    
[2026-04-03T03:19:41.043+0600][15.872s][info][gc,heap     ] GC(10)      Live:         -                39M (4%)           39M (4%)           39M (4%)             -                  -          
[2026-04-03T03:19:41.043+0600][15.872s][info][gc,heap     ] GC(10) Allocated:         -                60M (6%)           98M (10%)         113M (11%)            -                  -          
[2026-04-03T03:19:41.043+0600][15.872s][info][gc,heap     ] GC(10)   Garbage:         -               442M (44%)         186M (19%)          16M (2%)             -                  -          
[2026-04-03T03:19:41.043+0600][15.872s][info][gc,heap     ] GC(10) Reclaimed:         -                  -               256M (26%)         425M (43%)            -                  -          
[2026-04-03T03:19:41.043+0600][15.872s][info][gc          ] GC(10) Garbage Collection (Allocation Rate) 482M(48%)->170M(17%)
[2026-04-03T03:19:41.085+0600][15.914s][info][gc,start    ] GC(11) Garbage Collection (Allocation Rate)
[2026-04-03T03:19:41.085+0600][15.914s][info][gc,task     ] GC(11) Using 3 workers
[2026-04-03T03:19:41.085+0600][15.914s][info][gc,phases   ] GC(11) Pause Mark Start 0.044ms
[2026-04-03T03:19:41.122+0600][15.951s][info][gc,phases   ] GC(11) Concurrent Mark 36.590ms
[2026-04-03T03:19:41.122+0600][15.951s][info][gc,phases   ] GC(11) Pause Mark End 0.030ms
[2026-04-03T03:19:41.123+0600][15.951s][info][gc,phases   ] GC(11) Concurrent Mark Free 0.002ms
[2026-04-03T03:19:41.129+0600][15.958s][info][gc,phases   ] GC(11) Concurrent Process Non-Strong References 6.756ms
[2026-04-03T03:19:41.129+0600][15.958s][info][gc,phases   ] GC(11) Concurrent Reset Relocation Set 0.018ms
[2026-04-03T03:19:41.133+0600][15.962s][info][gc,phases   ] GC(11) Concurrent Select Relocation Set 3.776ms
[2026-04-03T03:19:41.134+0600][15.962s][info][gc,phases   ] GC(11) Pause Relocate Start 0.015ms
[2026-04-03T03:19:41.135+0600][15.964s][info][gc,phases   ] GC(11) Concurrent Relocate 1.377ms
[2026-04-03T03:19:41.135+0600][15.964s][info][gc,load     ] GC(11) Load: 4.35/4.92/5.44
[2026-04-03T03:19:41.135+0600][15.964s][info][gc,mmu      ] GC(11) MMU: 2ms/97.8%, 5ms/99.1%, 10ms/99.6%, 20ms/99.7%, 50ms/99.8%, 100ms/99.9%
[2026-04-03T03:19:41.135+0600][15.964s][info][gc,marking  ] GC(11) Mark: 2 stripe(s), 3 proactive flush(es), 1 terminate flush(es), 0 completion(s), 0 continuation(s) 
[2026-04-03T03:19:41.135+0600][15.964s][info][gc,marking  ] GC(11) Mark Stack Usage: 32M
[2026-04-03T03:19:41.135+0600][15.964s][info][gc,nmethod  ] GC(11) NMethods: 4238 registered, 543 unregistered
[2026-04-03T03:19:41.135+0600][15.964s][info][gc,metaspace] GC(11) Metaspace: 64M used, 65M committed, 1088M reserved
[2026-04-03T03:19:41.135+0600][15.964s][info][gc,ref      ] GC(11) Soft: 4764 encountered, 0 discovered, 0 enqueued
[2026-04-03T03:19:41.135+0600][15.964s][info][gc,ref      ] GC(11) Weak: 5129 encountered, 809 discovered, 0 enqueued
[2026-04-03T03:19:41.135+0600][15.964s][info][gc,ref      ] GC(11) Final: 82 encountered, 0 discovered, 0 enqueued
[2026-04-03T03:19:41.135+0600][15.964s][info][gc,ref      ] GC(11) Phantom: 604 encountered, 557 discovered, 0 enqueued
[2026-04-03T03:19:41.135+0600][15.964s][info][gc,reloc    ] GC(11) Small Pages: 127 / 254M, Empty: 198M, Relocated: 1M, In-Place: 0
[2026-04-03T03:19:41.135+0600][15.964s][info][gc,reloc    ] GC(11) Medium Pages: 1 / 16M, Empty: 0M, Relocated: 0M, In-Place: 0
[2026-04-03T03:19:41.135+0600][15.964s][info][gc,reloc    ] GC(11) Large Pages: 1 / 4M, Empty: 0M, Relocated: 0M, In-Place: 0
[2026-04-03T03:19:41.135+0600][15.964s][info][gc,reloc    ] GC(11) Forwarding Usage: 0M
[2026-04-03T03:19:41.135+0600][15.964s][info][gc,heap     ] GC(11) Min Capacity: 8M(1%)
[2026-04-03T03:19:41.135+0600][15.964s][info][gc,heap     ] GC(11) Max Capacity: 1000M(100%)
[2026-04-03T03:19:41.135+0600][15.964s][info][gc,heap     ] GC(11) Soft Max Capacity: 1000M(100%)
[2026-04-03T03:19:41.135+0600][15.964s][info][gc,heap     ] GC(11)                Mark Start          Mark End        Relocate Start      Relocate End           High               Low         
[2026-04-03T03:19:41.135+0600][15.964s][info][gc,heap     ] GC(11)  Capacity:      852M (85%)         852M (85%)         852M (85%)         852M (85%)         852M (85%)         852M (85%)    
[2026-04-03T03:19:41.135+0600][15.964s][info][gc,heap     ] GC(11)      Free:      726M (73%)         650M (65%)         828M (83%)         840M (84%)         840M (84%)         638M (64%)    
[2026-04-03T03:19:41.135+0600][15.964s][info][gc,heap     ] GC(11)      Used:      274M (27%)         350M (35%)         172M (17%)         160M (16%)         362M (36%)         160M (16%)    
[2026-04-03T03:19:41.135+0600][15.964s][info][gc,heap     ] GC(11)      Live:         -                39M (4%)           39M (4%)           39M (4%)             -                  -          
[2026-04-03T03:19:41.135+0600][15.964s][info][gc,heap     ] GC(11) Allocated:         -                76M (8%)           96M (10%)          99M (10%)            -                  -          
[2026-04-03T03:19:41.135+0600][15.964s][info][gc,heap     ] GC(11)   Garbage:         -               234M (23%)          36M (4%)           20M (2%)             -                  -          
[2026-04-03T03:19:41.135+0600][15.964s][info][gc,heap     ] GC(11) Reclaimed:         -                  -               198M (20%)         213M (21%)            -                  -          
[2026-04-03T03:19:41.135+0600][15.964s][info][gc          ] GC(11) Garbage Collection (Allocation Rate) 274M(27%)->160M(16%)
[2026-04-03T03:19:41.185+0600][16.014s][info][gc,start    ] GC(12) Garbage Collection (Allocation Rate)
[2026-04-03T03:19:41.185+0600][16.014s][info][gc,task     ] GC(12) Using 3 workers
[2026-04-03T03:19:41.185+0600][16.014s][info][gc,phases   ] GC(12) Pause Mark Start 0.014ms
[2026-04-03T03:19:41.212+0600][16.041s][info][gc,phases   ] GC(12) Concurrent Mark 26.750ms
[2026-04-03T03:19:41.213+0600][16.041s][info][gc,phases   ] GC(12) Pause Mark End 0.023ms
[2026-04-03T03:19:41.213+0600][16.042s][info][gc,phases   ] GC(12) Concurrent Mark Free 0.002ms
[2026-04-03T03:19:41.218+0600][16.047s][info][gc,phases   ] GC(12) Concurrent Process Non-Strong References 5.145ms
[2026-04-03T03:19:41.218+0600][16.047s][info][gc,phases   ] GC(12) Concurrent Reset Relocation Set 0.003ms
[2026-04-03T03:19:41.222+0600][16.050s][info][gc,phases   ] GC(12) Concurrent Select Relocation Set 3.406ms
[2026-04-03T03:19:41.222+0600][16.051s][info][gc,phases   ] GC(12) Pause Relocate Start 0.042ms
[2026-04-03T03:19:41.223+0600][16.052s][info][gc,phases   ] GC(12) Concurrent Relocate 1.405ms
[2026-04-03T03:19:41.224+0600][16.052s][info][gc,load     ] GC(12) Load: 4.35/4.92/5.44
[2026-04-03T03:19:41.224+0600][16.052s][info][gc,mmu      ] GC(12) MMU: 2ms/97.8%, 5ms/99.1%, 10ms/99.4%, 20ms/99.7%, 50ms/99.8%, 100ms/99.9%
[2026-04-03T03:19:41.224+0600][16.052s][info][gc,marking  ] GC(12) Mark: 2 stripe(s), 2 proactive flush(es), 1 terminate flush(es), 0 completion(s), 0 continuation(s) 
[2026-04-03T03:19:41.224+0600][16.052s][info][gc,marking  ] GC(12) Mark Stack Usage: 32M
[2026-04-03T03:19:41.224+0600][16.052s][info][gc,nmethod  ] GC(12) NMethods: 4253 registered, 545 unregistered
[2026-04-03T03:19:41.224+0600][16.052s][info][gc,metaspace] GC(12) Metaspace: 64M used, 65M committed, 1088M reserved
[2026-04-03T03:19:41.224+0600][16.052s][info][gc,ref      ] GC(12) Soft: 4764 encountered, 0 discovered, 0 enqueued
[2026-04-03T03:19:41.224+0600][16.052s][info][gc,ref      ] GC(12) Weak: 5129 encountered, 945 discovered, 0 enqueued
[2026-04-03T03:19:41.224+0600][16.052s][info][gc,ref      ] GC(12) Final: 82 encountered, 0 discovered, 0 enqueued
[2026-04-03T03:19:41.224+0600][16.052s][info][gc,ref      ] GC(12) Phantom: 604 encountered, 471 discovered, 0 enqueued
[2026-04-03T03:19:41.224+0600][16.052s][info][gc,reloc    ] GC(12) Small Pages: 130 / 260M, Empty: 206M, Relocated: 1M, In-Place: 0
[2026-04-03T03:19:41.224+0600][16.052s][info][gc,reloc    ] GC(12) Medium Pages: 1 / 16M, Empty: 0M, Relocated: 0M, In-Place: 0
[2026-04-03T03:19:41.224+0600][16.052s][info][gc,reloc    ] GC(12) Large Pages: 1 / 4M, Empty: 0M, Relocated: 0M, In-Place: 0
[2026-04-03T03:19:41.224+0600][16.052s][info][gc,reloc    ] GC(12) Forwarding Usage: 0M
[2026-04-03T03:19:41.224+0600][16.052s][info][gc,heap     ] GC(12) Min Capacity: 8M(1%)
[2026-04-03T03:19:41.224+0600][16.052s][info][gc,heap     ] GC(12) Max Capacity: 1000M(100%)
[2026-04-03T03:19:41.224+0600][16.052s][info][gc,heap     ] GC(12) Soft Max Capacity: 1000M(100%)
[2026-04-03T03:19:41.224+0600][16.052s][info][gc,heap     ] GC(12)                Mark Start          Mark End        Relocate Start      Relocate End           High               Low         
[2026-04-03T03:19:41.224+0600][16.052s][info][gc,heap     ] GC(12)  Capacity:      852M (85%)         852M (85%)         852M (85%)         852M (85%)         852M (85%)         852M (85%)    
[2026-04-03T03:19:41.224+0600][16.052s][info][gc,heap     ] GC(12)      Free:      720M (72%)         658M (66%)         846M (85%)         858M (86%)         858M (86%)         646M (65%)    
[2026-04-03T03:19:41.224+0600][16.052s][info][gc,heap     ] GC(12)      Used:      280M (28%)         342M (34%)         154M (15%)         142M (14%)         354M (35%)         142M (14%)    
[2026-04-03T03:19:41.224+0600][16.052s][info][gc,heap     ] GC(12)      Live:         -                39M (4%)           39M (4%)           39M (4%)             -                  -          
[2026-04-03T03:19:41.224+0600][16.052s][info][gc,heap     ] GC(12) Allocated:         -                62M (6%)           80M (8%)           81M (8%)             -                  -          
[2026-04-03T03:19:41.224+0600][16.052s][info][gc,heap     ] GC(12)   Garbage:         -               240M (24%)          34M (3%)           20M (2%)             -                  -          
[2026-04-03T03:19:41.224+0600][16.052s][info][gc,heap     ] GC(12) Reclaimed:         -                  -               206M (21%)         219M (22%)            -                  -          
[2026-04-03T03:19:41.224+0600][16.052s][info][gc          ] GC(12) Garbage Collection (Allocation Rate) 280M(28%)->142M(14%)
[2026-04-03T03:19:41.285+0600][16.114s][info][gc,start    ] GC(13) Garbage Collection (Allocation Rate)
[2026-04-03T03:19:41.285+0600][16.114s][info][gc,task     ] GC(13) Using 3 workers
[2026-04-03T03:19:41.285+0600][16.114s][info][gc,phases   ] GC(13) Pause Mark Start 0.012ms
[2026-04-03T03:19:41.313+0600][16.141s][info][gc,phases   ] GC(13) Concurrent Mark 27.162ms
[2026-04-03T03:19:41.313+0600][16.142s][info][gc,phases   ] GC(13) Pause Mark End 0.025ms
[2026-04-03T03:19:41.313+0600][16.142s][info][gc,phases   ] GC(13) Concurrent Mark Free 0.002ms
[2026-04-03T03:19:41.319+0600][16.148s][info][gc,phases   ] GC(13) Concurrent Process Non-Strong References 6.157ms
[2026-04-03T03:19:41.319+0600][16.148s][info][gc,phases   ] GC(13) Concurrent Reset Relocation Set 0.004ms
[2026-04-03T03:19:41.323+0600][16.151s][info][gc,phases   ] GC(13) Concurrent Select Relocation Set 3.220ms
[2026-04-03T03:19:41.323+0600][16.152s][info][gc,phases   ] GC(13) Pause Relocate Start 0.012ms
[2026-04-03T03:19:41.324+0600][16.153s][info][gc,phases   ] GC(13) Concurrent Relocate 1.465ms
[2026-04-03T03:19:41.325+0600][16.153s][info][gc,load     ] GC(13) Load: 4.35/4.92/5.44
[2026-04-03T03:19:41.325+0600][16.153s][info][gc,mmu      ] GC(13) MMU: 2ms/97.8%, 5ms/99.1%, 10ms/99.4%, 20ms/99.7%, 50ms/99.8%, 100ms/99.9%
[2026-04-03T03:19:41.325+0600][16.153s][info][gc,marking  ] GC(13) Mark: 2 stripe(s), 3 proactive flush(es), 1 terminate flush(es), 0 completion(s), 0 continuation(s) 
[2026-04-03T03:19:41.325+0600][16.153s][info][gc,marking  ] GC(13) Mark Stack Usage: 32M
[2026-04-03T03:19:41.325+0600][16.153s][info][gc,nmethod  ] GC(13) NMethods: 4260 registered, 548 unregistered
[2026-04-03T03:19:41.325+0600][16.153s][info][gc,metaspace] GC(13) Metaspace: 64M used, 65M committed, 1088M reserved
[2026-04-03T03:19:41.325+0600][16.153s][info][gc,ref      ] GC(13) Soft: 4764 encountered, 0 discovered, 0 enqueued
[2026-04-03T03:19:41.325+0600][16.153s][info][gc,ref      ] GC(13) Weak: 5129 encountered, 962 discovered, 0 enqueued
[2026-04-03T03:19:41.325+0600][16.153s][info][gc,ref      ] GC(13) Final: 82 encountered, 0 discovered, 0 enqueued
[2026-04-03T03:19:41.325+0600][16.153s][info][gc,ref      ] GC(13) Phantom: 604 encountered, 495 discovered, 0 enqueued
[2026-04-03T03:19:41.325+0600][16.153s][info][gc,reloc    ] GC(13) Small Pages: 139 / 278M, Empty: 222M, Relocated: 1M, In-Place: 0
[2026-04-03T03:19:41.325+0600][16.153s][info][gc,reloc    ] GC(13) Medium Pages: 1 / 16M, Empty: 0M, Relocated: 0M, In-Place: 0
[2026-04-03T03:19:41.325+0600][16.153s][info][gc,reloc    ] GC(13) Large Pages: 1 / 4M, Empty: 0M, Relocated: 0M, In-Place: 0
[2026-04-03T03:19:41.325+0600][16.153s][info][gc,reloc    ] GC(13) Forwarding Usage: 0M
[2026-04-03T03:19:41.325+0600][16.153s][info][gc,heap     ] GC(13) Min Capacity: 8M(1%)
[2026-04-03T03:19:41.325+0600][16.153s][info][gc,heap     ] GC(13) Max Capacity: 1000M(100%)
[2026-04-03T03:19:41.325+0600][16.153s][info][gc,heap     ] GC(13) Soft Max Capacity: 1000M(100%)
[2026-04-03T03:19:41.325+0600][16.153s][info][gc,heap     ] GC(13)                Mark Start          Mark End        Relocate Start      Relocate End           High               Low         
[2026-04-03T03:19:41.325+0600][16.153s][info][gc,heap     ] GC(13)  Capacity:      852M (85%)         852M (85%)         852M (85%)         852M (85%)         852M (85%)         852M (85%)    
[2026-04-03T03:19:41.325+0600][16.153s][info][gc,heap     ] GC(13)      Free:      702M (70%)         638M (64%)         844M (84%)         854M (85%)         858M (86%)         628M (63%)    
[2026-04-03T03:19:41.325+0600][16.153s][info][gc,heap     ] GC(13)      Used:      298M (30%)         362M (36%)         156M (16%)         146M (15%)         372M (37%)         142M (14%)    
[2026-04-03T03:19:41.325+0600][16.153s][info][gc,heap     ] GC(13)      Live:         -                39M (4%)           39M (4%)           39M (4%)             -                  -          
[2026-04-03T03:19:41.325+0600][16.153s][info][gc,heap     ] GC(13) Allocated:         -                64M (6%)           80M (8%)           85M (9%)             -                  -          
[2026-04-03T03:19:41.325+0600][16.153s][info][gc,heap     ] GC(13)   Garbage:         -               258M (26%)          36M (4%)           20M (2%)             -                  -          
[2026-04-03T03:19:41.325+0600][16.153s][info][gc,heap     ] GC(13) Reclaimed:         -                  -               222M (22%)         237M (24%)            -                  -          
[2026-04-03T03:19:41.325+0600][16.153s][info][gc          ] GC(13) Garbage Collection (Allocation Rate) 298M(30%)->146M(15%)
[2026-04-03T03:19:41.385+0600][16.214s][info][gc,start    ] GC(14) Garbage Collection (Allocation Rate)
[2026-04-03T03:19:41.385+0600][16.214s][info][gc,task     ] GC(14) Using 3 workers
[2026-04-03T03:19:41.386+0600][16.214s][info][gc,phases   ] GC(14) Pause Mark Start 0.039ms
[2026-04-03T03:19:41.412+0600][16.241s][info][gc,phases   ] GC(14) Concurrent Mark 26.267ms
[2026-04-03T03:19:41.412+0600][16.241s][info][gc,phases   ] GC(14) Pause Mark End 0.047ms
[2026-04-03T03:19:41.412+0600][16.241s][info][gc,phases   ] GC(14) Concurrent Mark Free 0.002ms
[2026-04-03T03:19:41.418+0600][16.246s][info][gc,phases   ] GC(14) Concurrent Process Non-Strong References 5.163ms
[2026-04-03T03:19:41.418+0600][16.246s][info][gc,phases   ] GC(14) Concurrent Reset Relocation Set 0.003ms
[2026-04-03T03:19:41.421+0600][16.250s][info][gc,phases   ] GC(14) Concurrent Select Relocation Set 3.241ms
[2026-04-03T03:19:41.421+0600][16.250s][info][gc,phases   ] GC(14) Pause Relocate Start 0.010ms
[2026-04-03T03:19:41.422+0600][16.251s][info][gc,phases   ] GC(14) Concurrent Relocate 1.314ms
[2026-04-03T03:19:41.423+0600][16.251s][info][gc,load     ] GC(14) Load: 4.35/4.92/5.44
[2026-04-03T03:19:41.423+0600][16.251s][info][gc,mmu      ] GC(14) MMU: 2ms/97.6%, 5ms/99.1%, 10ms/99.4%, 20ms/99.7%, 50ms/99.8%, 100ms/99.9%
[2026-04-03T03:19:41.423+0600][16.251s][info][gc,marking  ] GC(14) Mark: 2 stripe(s), 2 proactive flush(es), 1 terminate flush(es), 0 completion(s), 0 continuation(s) 
[2026-04-03T03:19:41.423+0600][16.251s][info][gc,marking  ] GC(14) Mark Stack Usage: 32M
[2026-04-03T03:19:41.423+0600][16.251s][info][gc,nmethod  ] GC(14) NMethods: 4260 registered, 550 unregistered
[2026-04-03T03:19:41.423+0600][16.251s][info][gc,metaspace] GC(14) Metaspace: 64M used, 65M committed, 1088M reserved
[2026-04-03T03:19:41.423+0600][16.251s][info][gc,ref      ] GC(14) Soft: 4764 encountered, 0 discovered, 0 enqueued
[2026-04-03T03:19:41.423+0600][16.251s][info][gc,ref      ] GC(14) Weak: 5129 encountered, 1748 discovered, 0 enqueued
[2026-04-03T03:19:41.423+0600][16.251s][info][gc,ref      ] GC(14) Final: 82 encountered, 0 discovered, 0 enqueued
[2026-04-03T03:19:41.423+0600][16.251s][info][gc,ref      ] GC(14) Phantom: 604 encountered, 458 discovered, 0 enqueued
[2026-04-03T03:19:41.423+0600][16.251s][info][gc,reloc    ] GC(14) Small Pages: 145 / 290M, Empty: 232M, Relocated: 1M, In-Place: 0
[2026-04-03T03:19:41.423+0600][16.251s][info][gc,reloc    ] GC(14) Medium Pages: 1 / 16M, Empty: 0M, Relocated: 0M, In-Place: 0
[2026-04-03T03:19:41.423+0600][16.251s][info][gc,reloc    ] GC(14) Large Pages: 1 / 4M, Empty: 0M, Relocated: 0M, In-Place: 0
[2026-04-03T03:19:41.423+0600][16.251s][info][gc,reloc    ] GC(14) Forwarding Usage: 0M
[2026-04-03T03:19:41.423+0600][16.251s][info][gc,heap     ] GC(14) Min Capacity: 8M(1%)
[2026-04-03T03:19:41.423+0600][16.251s][info][gc,heap     ] GC(14) Max Capacity: 1000M(100%)
[2026-04-03T03:19:41.423+0600][16.251s][info][gc,heap     ] GC(14) Soft Max Capacity: 1000M(100%)
[2026-04-03T03:19:41.423+0600][16.251s][info][gc,heap     ] GC(14)                Mark Start          Mark End        Relocate Start      Relocate End           High               Low         
[2026-04-03T03:19:41.423+0600][16.251s][info][gc,heap     ] GC(14)  Capacity:      852M (85%)         852M (85%)         852M (85%)         852M (85%)         852M (85%)         852M (85%)    
[2026-04-03T03:19:41.423+0600][16.251s][info][gc,heap     ] GC(14)      Free:      690M (69%)         624M (62%)         834M (83%)         852M (85%)         852M (85%)         612M (61%)    
[2026-04-03T03:19:41.423+0600][16.251s][info][gc,heap     ] GC(14)      Used:      310M (31%)         376M (38%)         166M (17%)         148M (15%)         388M (39%)         148M (15%)    
[2026-04-03T03:19:41.423+0600][16.251s][info][gc,heap     ] GC(14)      Live:         -                39M (4%)           39M (4%)           39M (4%)             -                  -          
[2026-04-03T03:19:41.423+0600][16.251s][info][gc,heap     ] GC(14) Allocated:         -                66M (7%)           88M (9%)           89M (9%)             -                  -          
[2026-04-03T03:19:41.423+0600][16.251s][info][gc,heap     ] GC(14)   Garbage:         -               270M (27%)          38M (4%)           18M (2%)             -                  -          
[2026-04-03T03:19:41.423+0600][16.251s][info][gc,heap     ] GC(14) Reclaimed:         -                  -               232M (23%)         251M (25%)            -                  -          
[2026-04-03T03:19:41.423+0600][16.251s][info][gc          ] GC(14) Garbage Collection (Allocation Rate) 310M(31%)->148M(15%)
[2026-04-03T03:19:41.485+0600][16.314s][info][gc,start    ] GC(15) Garbage Collection (Allocation Rate)
[2026-04-03T03:19:41.485+0600][16.314s][info][gc,task     ] GC(15) Using 3 workers
[2026-04-03T03:19:41.486+0600][16.314s][info][gc,phases   ] GC(15) Pause Mark Start 0.012ms
[2026-04-03T03:19:41.514+0600][16.342s][info][gc,phases   ] GC(15) Concurrent Mark 27.857ms
[2026-04-03T03:19:41.514+0600][16.343s][info][gc,phases   ] GC(15) Pause Mark End 0.058ms
[2026-04-03T03:19:41.514+0600][16.343s][info][gc,phases   ] GC(15) Concurrent Mark Free 0.002ms
[2026-04-03T03:19:41.520+0600][16.349s][info][gc,phases   ] GC(15) Concurrent Process Non-Strong References 5.760ms
[2026-04-03T03:19:41.520+0600][16.349s][info][gc,phases   ] GC(15) Concurrent Reset Relocation Set 0.003ms
[2026-04-03T03:19:41.523+0600][16.352s][info][gc,phases   ] GC(15) Concurrent Select Relocation Set 3.447ms
[2026-04-03T03:19:41.524+0600][16.352s][info][gc,phases   ] GC(15) Pause Relocate Start 0.014ms
[2026-04-03T03:19:41.525+0600][16.354s][info][gc,phases   ] GC(15) Concurrent Relocate 1.249ms
[2026-04-03T03:19:41.525+0600][16.354s][info][gc,load     ] GC(15) Load: 4.35/4.92/5.44
[2026-04-03T03:19:41.525+0600][16.354s][info][gc,mmu      ] GC(15) MMU: 2ms/97.1%, 5ms/98.8%, 10ms/99.3%, 20ms/99.6%, 50ms/99.8%, 100ms/99.9%
[2026-04-03T03:19:41.525+0600][16.354s][info][gc,marking  ] GC(15) Mark: 2 stripe(s), 3 proactive flush(es), 1 terminate flush(es), 0 completion(s), 0 continuation(s) 
[2026-04-03T03:19:41.525+0600][16.354s][info][gc,marking  ] GC(15) Mark Stack Usage: 32M
[2026-04-03T03:19:41.525+0600][16.354s][info][gc,nmethod  ] GC(15) NMethods: 4268 registered, 551 unregistered
[2026-04-03T03:19:41.525+0600][16.354s][info][gc,metaspace] GC(15) Metaspace: 64M used, 65M committed, 1088M reserved
[2026-04-03T03:19:41.525+0600][16.354s][info][gc,ref      ] GC(15) Soft: 4764 encountered, 0 discovered, 0 enqueued
[2026-04-03T03:19:41.525+0600][16.354s][info][gc,ref      ] GC(15) Weak: 5129 encountered, 3681 discovered, 0 enqueued
[2026-04-03T03:19:41.525+0600][16.354s][info][gc,ref      ] GC(15) Final: 82 encountered, 0 discovered, 0 enqueued
[2026-04-03T03:19:41.525+0600][16.354s][info][gc,ref      ] GC(15) Phantom: 604 encountered, 495 discovered, 0 enqueued
[2026-04-03T03:19:41.525+0600][16.354s][info][gc,reloc    ] GC(15) Small Pages: 146 / 292M, Empty: 236M, Relocated: 1M, In-Place: 0
[2026-04-03T03:19:41.525+0600][16.354s][info][gc,reloc    ] GC(15) Medium Pages: 1 / 16M, Empty: 0M, Relocated: 0M, In-Place: 0
[2026-04-03T03:19:41.525+0600][16.354s][info][gc,reloc    ] GC(15) Large Pages: 1 / 4M, Empty: 0M, Relocated: 0M, In-Place: 0
[2026-04-03T03:19:41.525+0600][16.354s][info][gc,reloc    ] GC(15) Forwarding Usage: 0M
[2026-04-03T03:19:41.525+0600][16.354s][info][gc,heap     ] GC(15) Min Capacity: 8M(1%)
[2026-04-03T03:19:41.525+0600][16.354s][info][gc,heap     ] GC(15) Max Capacity: 1000M(100%)
[2026-04-03T03:19:41.525+0600][16.354s][info][gc,heap     ] GC(15) Soft Max Capacity: 1000M(100%)
[2026-04-03T03:19:41.525+0600][16.354s][info][gc,heap     ] GC(15)                Mark Start          Mark End        Relocate Start      Relocate End           High               Low         
[2026-04-03T03:19:41.525+0600][16.354s][info][gc,heap     ] GC(15)  Capacity:      852M (85%)         852M (85%)         852M (85%)         852M (85%)         852M (85%)         852M (85%)    
[2026-04-03T03:19:41.525+0600][16.354s][info][gc,heap     ] GC(15)      Free:      688M (69%)         618M (62%)         834M (83%)         844M (84%)         848M (85%)         604M (60%)    
[2026-04-03T03:19:41.525+0600][16.354s][info][gc,heap     ] GC(15)      Used:      312M (31%)         382M (38%)         166M (17%)         156M (16%)         396M (40%)         152M (15%)    
[2026-04-03T03:19:41.525+0600][16.354s][info][gc,heap     ] GC(15)      Live:         -                39M (4%)           39M (4%)           39M (4%)             -                  -          
[2026-04-03T03:19:41.525+0600][16.354s][info][gc,heap     ] GC(15) Allocated:         -                70M (7%)           90M (9%)           95M (10%)            -                  -          
[2026-04-03T03:19:41.525+0600][16.354s][info][gc,heap     ] GC(15)   Garbage:         -               272M (27%)          36M (4%)           20M (2%)             -                  -          
[2026-04-03T03:19:41.525+0600][16.354s][info][gc,heap     ] GC(15) Reclaimed:         -                  -               236M (24%)         251M (25%)            -                  -          
[2026-04-03T03:19:41.525+0600][16.354s][info][gc          ] GC(15) Garbage Collection (Allocation Rate) 312M(31%)->156M(16%)
[2026-04-03T03:19:41.585+0600][16.413s][info][gc,start    ] GC(16) Garbage Collection (Allocation Rate)
[2026-04-03T03:19:41.585+0600][16.413s][info][gc,task     ] GC(16) Using 3 workers
[2026-04-03T03:19:41.585+0600][16.414s][info][gc,phases   ] GC(16) Pause Mark Start 0.013ms
[2026-04-03T03:19:41.613+0600][16.442s][info][gc,phases   ] GC(16) Concurrent Mark 27.995ms
[2026-04-03T03:19:41.613+0600][16.442s][info][gc,phases   ] GC(16) Pause Mark End 0.020ms
[2026-04-03T03:19:41.613+0600][16.442s][info][gc,phases   ] GC(16) Concurrent Mark Free 0.002ms
[2026-04-03T03:19:41.619+0600][16.448s][info][gc,phases   ] GC(16) Concurrent Process Non-Strong References 5.847ms
[2026-04-03T03:19:41.619+0600][16.448s][info][gc,phases   ] GC(16) Concurrent Reset Relocation Set 0.004ms
[2026-04-03T03:19:41.622+0600][16.451s][info][gc,phases   ] GC(16) Concurrent Select Relocation Set 2.890ms
[2026-04-03T03:19:41.622+0600][16.451s][info][gc,phases   ] GC(16) Pause Relocate Start 0.012ms
[2026-04-03T03:19:41.624+0600][16.453s][info][gc,phases   ] GC(16) Concurrent Relocate 1.385ms
[2026-04-03T03:19:41.624+0600][16.453s][info][gc,load     ] GC(16) Load: 4.35/4.92/5.44
[2026-04-03T03:19:41.624+0600][16.453s][info][gc,mmu      ] GC(16) MMU: 2ms/97.1%, 5ms/98.8%, 10ms/99.3%, 20ms/99.6%, 50ms/99.8%, 100ms/99.9%
[2026-04-03T03:19:41.624+0600][16.453s][info][gc,marking  ] GC(16) Mark: 2 stripe(s), 3 proactive flush(es), 1 terminate flush(es), 0 completion(s), 0 continuation(s) 
[2026-04-03T03:19:41.624+0600][16.453s][info][gc,marking  ] GC(16) Mark Stack Usage: 32M
[2026-04-03T03:19:41.624+0600][16.453s][info][gc,nmethod  ] GC(16) NMethods: 4275 registered, 556 unregistered
[2026-04-03T03:19:41.624+0600][16.453s][info][gc,metaspace] GC(16) Metaspace: 64M used, 65M committed, 1088M reserved
[2026-04-03T03:19:41.624+0600][16.453s][info][gc,ref      ] GC(16) Soft: 4764 encountered, 0 discovered, 0 enqueued
[2026-04-03T03:19:41.624+0600][16.453s][info][gc,ref      ] GC(16) Weak: 5129 encountered, 3132 discovered, 0 enqueued
[2026-04-03T03:19:41.624+0600][16.453s][info][gc,ref      ] GC(16) Final: 82 encountered, 0 discovered, 0 enqueued
[2026-04-03T03:19:41.624+0600][16.453s][info][gc,ref      ] GC(16) Phantom: 604 encountered, 365 discovered, 0 enqueued
[2026-04-03T03:19:41.624+0600][16.453s][info][gc,reloc    ] GC(16) Small Pages: 148 / 296M, Empty: 238M, Relocated: 1M, In-Place: 0
[2026-04-03T03:19:41.624+0600][16.453s][info][gc,reloc    ] GC(16) Medium Pages: 1 / 16M, Empty: 0M, Relocated: 0M, In-Place: 0
[2026-04-03T03:19:41.624+0600][16.453s][info][gc,reloc    ] GC(16) Large Pages: 1 / 4M, Empty: 0M, Relocated: 0M, In-Place: 0
[2026-04-03T03:19:41.624+0600][16.453s][info][gc,reloc    ] GC(16) Forwarding Usage: 0M
[2026-04-03T03:19:41.624+0600][16.453s][info][gc,heap     ] GC(16) Min Capacity: 8M(1%)
[2026-04-03T03:19:41.624+0600][16.453s][info][gc,heap     ] GC(16) Max Capacity: 1000M(100%)
[2026-04-03T03:19:41.624+0600][16.453s][info][gc,heap     ] GC(16) Soft Max Capacity: 1000M(100%)
[2026-04-03T03:19:41.624+0600][16.453s][info][gc,heap     ] GC(16)                Mark Start          Mark End        Relocate Start      Relocate End           High               Low         
[2026-04-03T03:19:41.624+0600][16.453s][info][gc,heap     ] GC(16)  Capacity:      852M (85%)         852M (85%)         852M (85%)         852M (85%)         852M (85%)         852M (85%)    
[2026-04-03T03:19:41.624+0600][16.453s][info][gc,heap     ] GC(16)      Free:      684M (68%)         618M (62%)         834M (83%)         850M (85%)         850M (85%)         602M (60%)    
[2026-04-03T03:19:41.624+0600][16.453s][info][gc,heap     ] GC(16)      Used:      316M (32%)         382M (38%)         166M (17%)         150M (15%)         398M (40%)         150M (15%)    
[2026-04-03T03:19:41.624+0600][16.453s][info][gc,heap     ] GC(16)      Live:         -                39M (4%)           39M (4%)           39M (4%)             -                  -          
[2026-04-03T03:19:41.624+0600][16.453s][info][gc,heap     ] GC(16) Allocated:         -                66M (7%)           88M (9%)           89M (9%)             -                  -          
[2026-04-03T03:19:41.624+0600][16.453s][info][gc,heap     ] GC(16)   Garbage:         -               276M (28%)          38M (4%)           20M (2%)             -                  -          
[2026-04-03T03:19:41.624+0600][16.453s][info][gc,heap     ] GC(16) Reclaimed:         -                  -               238M (24%)         255M (26%)            -                  -          
[2026-04-03T03:19:41.624+0600][16.453s][info][gc          ] GC(16) Garbage Collection (Allocation Rate) 316M(32%)->150M(15%)
[2026-04-03T03:19:41.685+0600][16.513s][info][gc,start    ] GC(17) Garbage Collection (Allocation Rate)
[2026-04-03T03:19:41.685+0600][16.514s][info][gc,task     ] GC(17) Using 3 workers
[2026-04-03T03:19:41.685+0600][16.514s][info][gc,phases   ] GC(17) Pause Mark Start 0.008ms
[2026-04-03T03:19:41.712+0600][16.541s][info][gc,phases   ] GC(17) Concurrent Mark 27.028ms
[2026-04-03T03:19:41.712+0600][16.541s][info][gc,phases   ] GC(17) Pause Mark End 0.021ms
[2026-04-03T03:19:41.712+0600][16.541s][info][gc,phases   ] GC(17) Concurrent Mark Free 0.003ms
[2026-04-03T03:19:41.718+0600][16.546s][info][gc,phases   ] GC(17) Concurrent Process Non-Strong References 5.233ms
[2026-04-03T03:19:41.718+0600][16.546s][info][gc,phases   ] GC(17) Concurrent Reset Relocation Set 0.002ms
[2026-04-03T03:19:41.720+0600][16.549s][info][gc,phases   ] GC(17) Concurrent Select Relocation Set 2.566ms
[2026-04-03T03:19:41.721+0600][16.549s][info][gc,phases   ] GC(17) Pause Relocate Start 0.037ms
[2026-04-03T03:19:41.722+0600][16.551s][info][gc,phases   ] GC(17) Concurrent Relocate 1.340ms
[2026-04-03T03:19:41.722+0600][16.551s][info][gc,load     ] GC(17) Load: 4.35/4.92/5.44
[2026-04-03T03:19:41.722+0600][16.551s][info][gc,mmu      ] GC(17) MMU: 2ms/97.1%, 5ms/98.8%, 10ms/99.3%, 20ms/99.6%, 50ms/99.8%, 100ms/99.9%
[2026-04-03T03:19:41.722+0600][16.551s][info][gc,marking  ] GC(17) Mark: 2 stripe(s), 3 proactive flush(es), 1 terminate flush(es), 0 completion(s), 0 continuation(s) 
[2026-04-03T03:19:41.722+0600][16.551s][info][gc,marking  ] GC(17) Mark Stack Usage: 32M
[2026-04-03T03:19:41.722+0600][16.551s][info][gc,nmethod  ] GC(17) NMethods: 4276 registered, 558 unregistered
[2026-04-03T03:19:41.722+0600][16.551s][info][gc,metaspace] GC(17) Metaspace: 64M used, 65M committed, 1088M reserved
[2026-04-03T03:19:41.722+0600][16.551s][info][gc,ref      ] GC(17) Soft: 4764 encountered, 0 discovered, 0 enqueued
[2026-04-03T03:19:41.722+0600][16.551s][info][gc,ref      ] GC(17) Weak: 5129 encountered, 1126 discovered, 0 enqueued
[2026-04-03T03:19:41.722+0600][16.551s][info][gc,ref      ] GC(17) Final: 82 encountered, 0 discovered, 0 enqueued
[2026-04-03T03:19:41.722+0600][16.551s][info][gc,ref      ] GC(17) Phantom: 604 encountered, 458 discovered, 0 enqueued
[2026-04-03T03:19:41.722+0600][16.551s][info][gc,reloc    ] GC(17) Small Pages: 141 / 282M, Empty: 228M, Relocated: 1M, In-Place: 0
[2026-04-03T03:19:41.722+0600][16.551s][info][gc,reloc    ] GC(17) Medium Pages: 1 / 16M, Empty: 0M, Relocated: 0M, In-Place: 0
[2026-04-03T03:19:41.722+0600][16.551s][info][gc,reloc    ] GC(17) Large Pages: 1 / 4M, Empty: 0M, Relocated: 0M, In-Place: 0
[2026-04-03T03:19:41.722+0600][16.551s][info][gc,reloc    ] GC(17) Forwarding Usage: 0M
[2026-04-03T03:19:41.722+0600][16.551s][info][gc,heap     ] GC(17) Min Capacity: 8M(1%)
[2026-04-03T03:19:41.722+0600][16.551s][info][gc,heap     ] GC(17) Max Capacity: 1000M(100%)
[2026-04-03T03:19:41.722+0600][16.551s][info][gc,heap     ] GC(17) Soft Max Capacity: 1000M(100%)
[2026-04-03T03:19:41.722+0600][16.551s][info][gc,heap     ] GC(17)                Mark Start          Mark End        Relocate Start      Relocate End           High               Low         
[2026-04-03T03:19:41.722+0600][16.551s][info][gc,heap     ] GC(17)  Capacity:      852M (85%)         852M (85%)         852M (85%)         852M (85%)         852M (85%)         852M (85%)    
[2026-04-03T03:19:41.722+0600][16.551s][info][gc,heap     ] GC(17)      Free:      698M (70%)         638M (64%)         848M (85%)         860M (86%)         860M (86%)         626M (63%)    
[2026-04-03T03:19:41.722+0600][16.551s][info][gc,heap     ] GC(17)      Used:      302M (30%)         362M (36%)         152M (15%)         140M (14%)         374M (37%)         140M (14%)    
[2026-04-03T03:19:41.722+0600][16.551s][info][gc,heap     ] GC(17)      Live:         -                39M (4%)           39M (4%)           39M (4%)             -                  -          
[2026-04-03T03:19:41.722+0600][16.551s][info][gc,heap     ] GC(17) Allocated:         -                60M (6%)           78M (8%)           79M (8%)             -                  -          
[2026-04-03T03:19:41.722+0600][16.551s][info][gc,heap     ] GC(17)   Garbage:         -               262M (26%)          34M (3%)           20M (2%)             -                  -          
[2026-04-03T03:19:41.722+0600][16.551s][info][gc,heap     ] GC(17) Reclaimed:         -                  -               228M (23%)         241M (24%)            -                  -          
[2026-04-03T03:19:41.722+0600][16.551s][info][gc          ] GC(17) Garbage Collection (Allocation Rate) 302M(30%)->140M(14%)
[2026-04-03T03:19:41.785+0600][16.614s][info][gc,start    ] GC(18) Garbage Collection (Allocation Rate)
[2026-04-03T03:19:41.785+0600][16.614s][info][gc,task     ] GC(18) Using 3 workers
[2026-04-03T03:19:41.785+0600][16.614s][info][gc,phases   ] GC(18) Pause Mark Start 0.008ms
[2026-04-03T03:19:41.812+0600][16.641s][info][gc,phases   ] GC(18) Concurrent Mark 26.504ms
[2026-04-03T03:19:41.812+0600][16.641s][info][gc,phases   ] GC(18) Pause Mark End 0.019ms
[2026-04-03T03:19:41.812+0600][16.641s][info][gc,phases   ] GC(18) Concurrent Mark Free 0.003ms
[2026-04-03T03:19:41.818+0600][16.646s][info][gc,phases   ] GC(18) Concurrent Process Non-Strong References 5.510ms
[2026-04-03T03:19:41.818+0600][16.646s][info][gc,phases   ] GC(18) Concurrent Reset Relocation Set 0.002ms
[2026-04-03T03:19:41.820+0600][16.649s][info][gc,phases   ] GC(18) Concurrent Select Relocation Set 2.547ms
[2026-04-03T03:19:41.821+0600][16.649s][info][gc,phases   ] GC(18) Pause Relocate Start 0.023ms
[2026-04-03T03:19:41.822+0600][16.651s][info][gc,phases   ] GC(18) Concurrent Relocate 1.456ms
[2026-04-03T03:19:41.822+0600][16.651s][info][gc,load     ] GC(18) Load: 4.35/4.92/5.44
[2026-04-03T03:19:41.822+0600][16.651s][info][gc,mmu      ] GC(18) MMU: 2ms/97.1%, 5ms/98.8%, 10ms/99.3%, 20ms/99.6%, 50ms/99.8%, 100ms/99.9%
[2026-04-03T03:19:41.822+0600][16.651s][info][gc,marking  ] GC(18) Mark: 2 stripe(s), 3 proactive flush(es), 1 terminate flush(es), 0 completion(s), 0 continuation(s) 
[2026-04-03T03:19:41.822+0600][16.651s][info][gc,marking  ] GC(18) Mark Stack Usage: 32M
[2026-04-03T03:19:41.822+0600][16.651s][info][gc,nmethod  ] GC(18) NMethods: 4277 registered, 563 unregistered
[2026-04-03T03:19:41.822+0600][16.651s][info][gc,metaspace] GC(18) Metaspace: 64M used, 65M committed, 1088M reserved
[2026-04-03T03:19:41.822+0600][16.651s][info][gc,ref      ] GC(18) Soft: 4764 encountered, 0 discovered, 0 enqueued
[2026-04-03T03:19:41.822+0600][16.651s][info][gc,ref      ] GC(18) Weak: 5129 encountered, 2012 discovered, 0 enqueued
[2026-04-03T03:19:41.822+0600][16.651s][info][gc,ref      ] GC(18) Final: 82 encountered, 16 discovered, 0 enqueued
[2026-04-03T03:19:41.822+0600][16.651s][info][gc,ref      ] GC(18) Phantom: 604 encountered, 452 discovered, 0 enqueued
[2026-04-03T03:19:41.822+0600][16.651s][info][gc,reloc    ] GC(18) Small Pages: 147 / 294M, Empty: 234M, Relocated: 1M, In-Place: 0
[2026-04-03T03:19:41.822+0600][16.651s][info][gc,reloc    ] GC(18) Medium Pages: 1 / 16M, Empty: 0M, Relocated: 0M, In-Place: 0
[2026-04-03T03:19:41.822+0600][16.651s][info][gc,reloc    ] GC(18) Large Pages: 1 / 4M, Empty: 0M, Relocated: 0M, In-Place: 0
[2026-04-03T03:19:41.822+0600][16.651s][info][gc,reloc    ] GC(18) Forwarding Usage: 0M
[2026-04-03T03:19:41.822+0600][16.651s][info][gc,heap     ] GC(18) Min Capacity: 8M(1%)
[2026-04-03T03:19:41.822+0600][16.651s][info][gc,heap     ] GC(18) Max Capacity: 1000M(100%)
[2026-04-03T03:19:41.822+0600][16.651s][info][gc,heap     ] GC(18) Soft Max Capacity: 1000M(100%)
[2026-04-03T03:19:41.822+0600][16.651s][info][gc,heap     ] GC(18)                Mark Start          Mark End        Relocate Start      Relocate End           High               Low         
[2026-04-03T03:19:41.822+0600][16.651s][info][gc,heap     ] GC(18)  Capacity:      852M (85%)         852M (85%)         852M (85%)         852M (85%)         852M (85%)         852M (85%)    
[2026-04-03T03:19:41.822+0600][16.651s][info][gc,heap     ] GC(18)      Free:      686M (69%)         620M (62%)         838M (84%)         854M (85%)         854M (85%)         606M (61%)    
[2026-04-03T03:19:41.822+0600][16.651s][info][gc,heap     ] GC(18)      Used:      314M (31%)         380M (38%)         162M (16%)         146M (15%)         394M (39%)         146M (15%)    
[2026-04-03T03:19:41.822+0600][16.651s][info][gc,heap     ] GC(18)      Live:         -                39M (4%)           39M (4%)           39M (4%)             -                  -          
[2026-04-03T03:19:41.822+0600][16.651s][info][gc,heap     ] GC(18) Allocated:         -                66M (7%)           82M (8%)           85M (9%)             -                  -          
[2026-04-03T03:19:41.822+0600][16.651s][info][gc,heap     ] GC(18)   Garbage:         -               274M (27%)          40M (4%)           20M (2%)             -                  -          
[2026-04-03T03:19:41.822+0600][16.651s][info][gc,heap     ] GC(18) Reclaimed:         -                  -               234M (23%)         253M (25%)            -                  -          
[2026-04-03T03:19:41.822+0600][16.651s][info][gc          ] GC(18) Garbage Collection (Allocation Rate) 314M(31%)->146M(15%)
[2026-04-03T03:19:41.885+0600][16.714s][info][gc,start    ] GC(19) Garbage Collection (Allocation Rate)
[2026-04-03T03:19:41.885+0600][16.714s][info][gc,task     ] GC(19) Using 3 workers
[2026-04-03T03:19:41.885+0600][16.714s][info][gc,phases   ] GC(19) Pause Mark Start 0.006ms
[2026-04-03T03:19:41.911+0600][16.740s][info][gc,phases   ] GC(19) Concurrent Mark 25.926ms
[2026-04-03T03:19:41.912+0600][16.740s][info][gc,phases   ] GC(19) Pause Mark End 0.018ms
[2026-04-03T03:19:41.912+0600][16.740s][info][gc,phases   ] GC(19) Concurrent Mark Free 0.002ms
[2026-04-03T03:19:41.917+0600][16.746s][info][gc,phases   ] GC(19) Concurrent Process Non-Strong References 5.325ms
[2026-04-03T03:19:41.917+0600][16.746s][info][gc,phases   ] GC(19) Concurrent Reset Relocation Set 0.003ms
[2026-04-03T03:19:41.920+0600][16.748s][info][gc,phases   ] GC(19) Concurrent Select Relocation Set 2.567ms
[2026-04-03T03:19:41.920+0600][16.748s][info][gc,phases   ] GC(19) Pause Relocate Start 0.040ms
[2026-04-03T03:19:41.921+0600][16.750s][info][gc,phases   ] GC(19) Concurrent Relocate 1.542ms
[2026-04-03T03:19:41.922+0600][16.750s][info][gc,load     ] GC(19) Load: 4.35/4.92/5.44
[2026-04-03T03:19:41.922+0600][16.750s][info][gc,mmu      ] GC(19) MMU: 2ms/97.1%, 5ms/98.8%, 10ms/99.3%, 20ms/99.6%, 50ms/99.8%, 100ms/99.9%
[2026-04-03T03:19:41.922+0600][16.750s][info][gc,marking  ] GC(19) Mark: 2 stripe(s), 4 proactive flush(es), 1 terminate flush(es), 0 completion(s), 0 continuation(s) 
[2026-04-03T03:19:41.922+0600][16.750s][info][gc,marking  ] GC(19) Mark Stack Usage: 32M
[2026-04-03T03:19:41.922+0600][16.750s][info][gc,nmethod  ] GC(19) NMethods: 4278 registered, 563 unregistered
[2026-04-03T03:19:41.922+0600][16.750s][info][gc,metaspace] GC(19) Metaspace: 64M used, 65M committed, 1088M reserved
[2026-04-03T03:19:41.922+0600][16.750s][info][gc,ref      ] GC(19) Soft: 4764 encountered, 0 discovered, 0 enqueued
[2026-04-03T03:19:41.922+0600][16.750s][info][gc,ref      ] GC(19) Weak: 5129 encountered, 1472 discovered, 0 enqueued
[2026-04-03T03:19:41.922+0600][16.750s][info][gc,ref      ] GC(19) Final: 82 encountered, 0 discovered, 0 enqueued
[2026-04-03T03:19:41.922+0600][16.750s][info][gc,ref      ] GC(19) Phantom: 604 encountered, 461 discovered, 0 enqueued
[2026-04-03T03:19:41.922+0600][16.750s][info][gc,reloc    ] GC(19) Small Pages: 153 / 306M, Empty: 250M, Relocated: 1M, In-Place: 0
[2026-04-03T03:19:41.922+0600][16.750s][info][gc,reloc    ] GC(19) Medium Pages: 1 / 16M, Empty: 0M, Relocated: 0M, In-Place: 0
[2026-04-03T03:19:41.922+0600][16.750s][info][gc,reloc    ] GC(19) Large Pages: 1 / 4M, Empty: 0M, Relocated: 0M, In-Place: 0
[2026-04-03T03:19:41.922+0600][16.750s][info][gc,reloc    ] GC(19) Forwarding Usage: 0M
[2026-04-03T03:19:41.922+0600][16.750s][info][gc,heap     ] GC(19) Min Capacity: 8M(1%)
[2026-04-03T03:19:41.922+0600][16.750s][info][gc,heap     ] GC(19) Max Capacity: 1000M(100%)
[2026-04-03T03:19:41.922+0600][16.750s][info][gc,heap     ] GC(19) Soft Max Capacity: 1000M(100%)
[2026-04-03T03:19:41.922+0600][16.750s][info][gc,heap     ] GC(19)                Mark Start          Mark End        Relocate Start      Relocate End           High               Low         
[2026-04-03T03:19:41.922+0600][16.750s][info][gc,heap     ] GC(19)  Capacity:      852M (85%)         852M (85%)         852M (85%)         852M (85%)         852M (85%)         852M (85%)    
[2026-04-03T03:19:41.922+0600][16.750s][info][gc,heap     ] GC(19)      Free:      674M (67%)         606M (61%)         838M (84%)         848M (85%)         850M (85%)         594M (59%)    
[2026-04-03T03:19:41.922+0600][16.750s][info][gc,heap     ] GC(19)      Used:      326M (33%)         394M (39%)         162M (16%)         152M (15%)         406M (41%)         150M (15%)    
[2026-04-03T03:19:41.922+0600][16.750s][info][gc,heap     ] GC(19)      Live:         -                39M (4%)           39M (4%)           39M (4%)             -                  -          
[2026-04-03T03:19:41.922+0600][16.750s][info][gc,heap     ] GC(19) Allocated:         -                68M (7%)           86M (9%)           91M (9%)             -                  -          
[2026-04-03T03:19:41.922+0600][16.750s][info][gc,heap     ] GC(19)   Garbage:         -               286M (29%)          36M (4%)           20M (2%)             -                  -          
[2026-04-03T03:19:41.922+0600][16.750s][info][gc,heap     ] GC(19) Reclaimed:         -                  -               250M (25%)         265M (27%)            -                  -          
[2026-04-03T03:19:41.922+0600][16.750s][info][gc          ] GC(19) Garbage Collection (Allocation Rate) 326M(33%)->152M(15%)
[2026-04-03T03:19:41.985+0600][16.814s][info][gc,start    ] GC(20) Garbage Collection (Allocation Rate)
[2026-04-03T03:19:41.985+0600][16.814s][info][gc,task     ] GC(20) Using 3 workers
[2026-04-03T03:19:41.986+0600][16.814s][info][gc,phases   ] GC(20) Pause Mark Start 0.008ms
[2026-04-03T03:19:42.012+0600][16.841s][info][gc,phases   ] GC(20) Concurrent Mark 26.471ms
[2026-04-03T03:19:42.012+0600][16.841s][info][gc,phases   ] GC(20) Pause Mark End 0.048ms
[2026-04-03T03:19:42.012+0600][16.841s][info][gc,phases   ] GC(20) Concurrent Mark Free 0.003ms
[2026-04-03T03:19:42.017+0600][16.846s][info][gc,phases   ] GC(20) Concurrent Process Non-Strong References 5.071ms
[2026-04-03T03:19:42.018+0600][16.846s][info][gc,phases   ] GC(20) Concurrent Reset Relocation Set 0.002ms
[2026-04-03T03:19:42.020+0600][16.849s][info][gc,phases   ] GC(20) Concurrent Select Relocation Set 2.391ms
[2026-04-03T03:19:42.020+0600][16.849s][info][gc,phases   ] GC(20) Pause Relocate Start 0.025ms
[2026-04-03T03:19:42.022+0600][16.850s][info][gc,phases   ] GC(20) Concurrent Relocate 1.412ms
[2026-04-03T03:19:42.022+0600][16.850s][info][gc,load     ] GC(20) Load: 4.35/4.92/5.44
[2026-04-03T03:19:42.022+0600][16.850s][info][gc,mmu      ] GC(20) MMU: 2ms/97.1%, 5ms/98.8%, 10ms/99.3%, 20ms/99.6%, 50ms/99.8%, 100ms/99.9%
[2026-04-03T03:19:42.022+0600][16.850s][info][gc,marking  ] GC(20) Mark: 2 stripe(s), 2 proactive flush(es), 1 terminate flush(es), 0 completion(s), 0 continuation(s) 
[2026-04-03T03:19:42.022+0600][16.850s][info][gc,marking  ] GC(20) Mark Stack Usage: 32M
[2026-04-03T03:19:42.022+0600][16.850s][info][gc,nmethod  ] GC(20) NMethods: 4279 registered, 564 unregistered
[2026-04-03T03:19:42.022+0600][16.850s][info][gc,metaspace] GC(20) Metaspace: 64M used, 65M committed, 1088M reserved
[2026-04-03T03:19:42.022+0600][16.850s][info][gc,ref      ] GC(20) Soft: 4764 encountered, 0 discovered, 0 enqueued
[2026-04-03T03:19:42.022+0600][16.850s][info][gc,ref      ] GC(20) Weak: 5129 encountered, 1844 discovered, 0 enqueued
[2026-04-03T03:19:42.022+0600][16.850s][info][gc,ref      ] GC(20) Final: 82 encountered, 18 discovered, 0 enqueued
[2026-04-03T03:19:42.022+0600][16.850s][info][gc,ref      ] GC(20) Phantom: 604 encountered, 559 discovered, 0 enqueued
[2026-04-03T03:19:42.022+0600][16.850s][info][gc,reloc    ] GC(20) Small Pages: 153 / 306M, Empty: 244M, Relocated: 1M, In-Place: 0
[2026-04-03T03:19:42.022+0600][16.850s][info][gc,reloc    ] GC(20) Medium Pages: 1 / 16M, Empty: 0M, Relocated: 0M, In-Place: 0
[2026-04-03T03:19:42.022+0600][16.850s][info][gc,reloc    ] GC(20) Large Pages: 1 / 4M, Empty: 0M, Relocated: 0M, In-Place: 0
[2026-04-03T03:19:42.022+0600][16.850s][info][gc,reloc    ] GC(20) Forwarding Usage: 0M
[2026-04-03T03:19:42.022+0600][16.850s][info][gc,heap     ] GC(20) Min Capacity: 8M(1%)
[2026-04-03T03:19:42.022+0600][16.850s][info][gc,heap     ] GC(20) Max Capacity: 1000M(100%)
[2026-04-03T03:19:42.022+0600][16.850s][info][gc,heap     ] GC(20) Soft Max Capacity: 1000M(100%)
[2026-04-03T03:19:42.022+0600][16.850s][info][gc,heap     ] GC(20)                Mark Start          Mark End        Relocate Start      Relocate End           High               Low         
[2026-04-03T03:19:42.022+0600][16.850s][info][gc,heap     ] GC(20)  Capacity:      852M (85%)         852M (85%)         852M (85%)         852M (85%)         852M (85%)         852M (85%)    
[2026-04-03T03:19:42.022+0600][16.850s][info][gc,heap     ] GC(20)      Free:      674M (67%)         608M (61%)         834M (83%)         856M (86%)         856M (86%)         596M (60%)    
[2026-04-03T03:19:42.022+0600][16.850s][info][gc,heap     ] GC(20)      Used:      326M (33%)         392M (39%)         166M (17%)         144M (14%)         404M (40%)         144M (14%)    
[2026-04-03T03:19:42.022+0600][16.851s][info][gc,heap     ] GC(20)      Live:         -                39M (4%)           39M (4%)           39M (4%)             -                  -          
[2026-04-03T03:19:42.022+0600][16.851s][info][gc,heap     ] GC(20) Allocated:         -                66M (7%)           84M (8%)           83M (8%)             -                  -          
[2026-04-03T03:19:42.022+0600][16.851s][info][gc,heap     ] GC(20)   Garbage:         -               286M (29%)          42M (4%)           20M (2%)             -                  -          
[2026-04-03T03:19:42.022+0600][16.851s][info][gc,heap     ] GC(20) Reclaimed:         -                  -               244M (24%)         265M (27%)            -                  -          
[2026-04-03T03:19:42.022+0600][16.851s][info][gc          ] GC(20) Garbage Collection (Allocation Rate) 326M(33%)->144M(14%)
[2026-04-03T03:19:42.085+0600][16.914s][info][gc,start    ] GC(21) Garbage Collection (Allocation Rate)
[2026-04-03T03:19:42.085+0600][16.914s][info][gc,task     ] GC(21) Using 3 workers
[2026-04-03T03:19:42.086+0600][16.914s][info][gc,phases   ] GC(21) Pause Mark Start 0.006ms
[2026-04-03T03:19:42.113+0600][16.942s][info][gc,phases   ] GC(21) Concurrent Mark 27.128ms
[2026-04-03T03:19:42.113+0600][16.942s][info][gc,phases   ] GC(21) Pause Mark End 0.018ms
[2026-04-03T03:19:42.113+0600][16.942s][info][gc,phases   ] GC(21) Concurrent Mark Free 0.003ms
[2026-04-03T03:19:42.118+0600][16.947s][info][gc,phases   ] GC(21) Concurrent Process Non-Strong References 5.218ms
[2026-04-03T03:19:42.119+0600][16.947s][info][gc,phases   ] GC(21) Concurrent Reset Relocation Set 0.004ms
[2026-04-03T03:19:42.121+0600][16.950s][info][gc,phases   ] GC(21) Concurrent Select Relocation Set 2.554ms
[2026-04-03T03:19:42.121+0600][16.950s][info][gc,phases   ] GC(21) Pause Relocate Start 0.009ms
[2026-04-03T03:19:42.122+0600][16.951s][info][gc,phases   ] GC(21) Concurrent Relocate 1.057ms
[2026-04-03T03:19:42.122+0600][16.951s][info][gc,load     ] GC(21) Load: 4.35/4.92/5.44
[2026-04-03T03:19:42.122+0600][16.951s][info][gc,mmu      ] GC(21) MMU: 2ms/97.1%, 5ms/98.8%, 10ms/99.3%, 20ms/99.6%, 50ms/99.8%, 100ms/99.9%
[2026-04-03T03:19:42.122+0600][16.951s][info][gc,marking  ] GC(21) Mark: 2 stripe(s), 3 proactive flush(es), 1 terminate flush(es), 0 completion(s), 0 continuation(s) 
[2026-04-03T03:19:42.122+0600][16.951s][info][gc,marking  ] GC(21) Mark Stack Usage: 32M
[2026-04-03T03:19:42.122+0600][16.951s][info][gc,nmethod  ] GC(21) NMethods: 4278 registered, 565 unregistered
[2026-04-03T03:19:42.122+0600][16.951s][info][gc,metaspace] GC(21) Metaspace: 64M used, 65M committed, 1088M reserved
[2026-04-03T03:19:42.123+0600][16.951s][info][gc,ref      ] GC(21) Soft: 4764 encountered, 0 discovered, 0 enqueued
[2026-04-03T03:19:42.123+0600][16.951s][info][gc,ref      ] GC(21) Weak: 5129 encountered, 993 discovered, 0 enqueued
[2026-04-03T03:19:42.123+0600][16.951s][info][gc,ref      ] GC(21) Final: 82 encountered, 0 discovered, 0 enqueued
[2026-04-03T03:19:42.123+0600][16.951s][info][gc,ref      ] GC(21) Phantom: 604 encountered, 524 discovered, 0 enqueued
[2026-04-03T03:19:42.123+0600][16.951s][info][gc,reloc    ] GC(21) Small Pages: 151 / 302M, Empty: 248M, Relocated: 1M, In-Place: 0
[2026-04-03T03:19:42.123+0600][16.951s][info][gc,reloc    ] GC(21) Medium Pages: 1 / 16M, Empty: 0M, Relocated: 0M, In-Place: 0
[2026-04-03T03:19:42.123+0600][16.951s][info][gc,reloc    ] GC(21) Large Pages: 1 / 4M, Empty: 0M, Relocated: 0M, In-Place: 0
[2026-04-03T03:19:42.123+0600][16.951s][info][gc,reloc    ] GC(21) Forwarding Usage: 0M
[2026-04-03T03:19:42.123+0600][16.951s][info][gc,heap     ] GC(21) Min Capacity: 8M(1%)
[2026-04-03T03:19:42.123+0600][16.951s][info][gc,heap     ] GC(21) Max Capacity: 1000M(100%)
[2026-04-03T03:19:42.123+0600][16.951s][info][gc,heap     ] GC(21) Soft Max Capacity: 1000M(100%)
[2026-04-03T03:19:42.123+0600][16.951s][info][gc,heap     ] GC(21)                Mark Start          Mark End        Relocate Start      Relocate End           High               Low         
[2026-04-03T03:19:42.123+0600][16.951s][info][gc,heap     ] GC(21)  Capacity:      852M (85%)         852M (85%)         852M (85%)         852M (85%)         852M (85%)         852M (85%)    
[2026-04-03T03:19:42.123+0600][16.951s][info][gc,heap     ] GC(21)      Free:      678M (68%)         610M (61%)         840M (84%)         854M (85%)         854M (85%)         598M (60%)    
[2026-04-03T03:19:42.123+0600][16.951s][info][gc,heap     ] GC(21)      Used:      322M (32%)         390M (39%)         160M (16%)         146M (15%)         402M (40%)         146M (15%)    
[2026-04-03T03:19:42.123+0600][16.951s][info][gc,heap     ] GC(21)      Live:         -                39M (4%)           39M (4%)           39M (4%)             -                  -          
[2026-04-03T03:19:42.123+0600][16.951s][info][gc,heap     ] GC(21) Allocated:         -                68M (7%)           86M (9%)           87M (9%)             -                  -          
[2026-04-03T03:19:42.123+0600][16.951s][info][gc,heap     ] GC(21)   Garbage:         -               282M (28%)          34M (3%)           18M (2%)             -                  -          
[2026-04-03T03:19:42.123+0600][16.951s][info][gc,heap     ] GC(21) Reclaimed:         -                  -               248M (25%)         263M (26%)            -                  -          
[2026-04-03T03:19:42.123+0600][16.951s][info][gc          ] GC(21) Garbage Collection (Allocation Rate) 322M(32%)->146M(15%)
[2026-04-03T03:19:42.186+0600][17.014s][info][gc,start    ] GC(22) Garbage Collection (Allocation Rate)
[2026-04-03T03:19:42.186+0600][17.014s][info][gc,task     ] GC(22) Using 3 workers
[2026-04-03T03:19:42.186+0600][17.015s][info][gc,phases   ] GC(22) Pause Mark Start 0.007ms
[2026-04-03T03:19:42.215+0600][17.044s][info][gc,phases   ] GC(22) Concurrent Mark 28.922ms
[2026-04-03T03:19:42.215+0600][17.044s][info][gc,phases   ] GC(22) Pause Mark End 0.020ms
[2026-04-03T03:19:42.215+0600][17.044s][info][gc,phases   ] GC(22) Concurrent Mark Free 0.002ms
[2026-04-03T03:19:42.221+0600][17.050s][info][gc,phases   ] GC(22) Concurrent Process Non-Strong References 6.003ms
[2026-04-03T03:19:42.221+0600][17.050s][info][gc,phases   ] GC(22) Concurrent Reset Relocation Set 0.003ms
[2026-04-03T03:19:42.224+0600][17.052s][info][gc,phases   ] GC(22) Concurrent Select Relocation Set 2.635ms
[2026-04-03T03:19:42.224+0600][17.053s][info][gc,phases   ] GC(22) Pause Relocate Start 0.009ms
[2026-04-03T03:19:42.226+0600][17.054s][info][gc,phases   ] GC(22) Concurrent Relocate 1.535ms
[2026-04-03T03:19:42.226+0600][17.054s][info][gc,load     ] GC(22) Load: 4.35/4.92/5.44
[2026-04-03T03:19:42.226+0600][17.054s][info][gc,mmu      ] GC(22) MMU: 2ms/97.1%, 5ms/98.8%, 10ms/99.3%, 20ms/99.6%, 50ms/99.8%, 100ms/99.9%
[2026-04-03T03:19:42.226+0600][17.054s][info][gc,marking  ] GC(22) Mark: 2 stripe(s), 4 proactive flush(es), 1 terminate flush(es), 0 completion(s), 0 continuation(s) 
[2026-04-03T03:19:42.226+0600][17.054s][info][gc,marking  ] GC(22) Mark Stack Usage: 32M
[2026-04-03T03:19:42.226+0600][17.054s][info][gc,nmethod  ] GC(22) NMethods: 4285 registered, 566 unregistered
[2026-04-03T03:19:42.226+0600][17.054s][info][gc,metaspace] GC(22) Metaspace: 64M used, 65M committed, 1088M reserved
[2026-04-03T03:19:42.226+0600][17.054s][info][gc,ref      ] GC(22) Soft: 4764 encountered, 0 discovered, 0 enqueued
[2026-04-03T03:19:42.226+0600][17.054s][info][gc,ref      ] GC(22) Weak: 5129 encountered, 780 discovered, 0 enqueued
[2026-04-03T03:19:42.226+0600][17.054s][info][gc,ref      ] GC(22) Final: 82 encountered, 0 discovered, 0 enqueued
[2026-04-03T03:19:42.226+0600][17.054s][info][gc,ref      ] GC(22) Phantom: 604 encountered, 415 discovered, 0 enqueued
[2026-04-03T03:19:42.226+0600][17.054s][info][gc,reloc    ] GC(22) Small Pages: 154 / 308M, Empty: 256M, Relocated: 1M, In-Place: 0
[2026-04-03T03:19:42.226+0600][17.054s][info][gc,reloc    ] GC(22) Medium Pages: 1 / 16M, Empty: 0M, Relocated: 0M, In-Place: 0
[2026-04-03T03:19:42.226+0600][17.054s][info][gc,reloc    ] GC(22) Large Pages: 1 / 4M, Empty: 0M, Relocated: 0M, In-Place: 0
[2026-04-03T03:19:42.226+0600][17.054s][info][gc,reloc    ] GC(22) Forwarding Usage: 0M
[2026-04-03T03:19:42.226+0600][17.054s][info][gc,heap     ] GC(22) Min Capacity: 8M(1%)
[2026-04-03T03:19:42.226+0600][17.054s][info][gc,heap     ] GC(22) Max Capacity: 1000M(100%)
[2026-04-03T03:19:42.226+0600][17.054s][info][gc,heap     ] GC(22) Soft Max Capacity: 1000M(100%)
[2026-04-03T03:19:42.226+0600][17.054s][info][gc,heap     ] GC(22)                Mark Start          Mark End        Relocate Start      Relocate End           High               Low         
[2026-04-03T03:19:42.226+0600][17.055s][info][gc,heap     ] GC(22)  Capacity:      852M (85%)         852M (85%)         852M (85%)         852M (85%)         852M (85%)         852M (85%)    
[2026-04-03T03:19:42.226+0600][17.055s][info][gc,heap     ] GC(22)      Free:      672M (67%)         598M (60%)         836M (84%)         842M (84%)         846M (85%)         586M (59%)    
[2026-04-03T03:19:42.226+0600][17.055s][info][gc,heap     ] GC(22)      Used:      328M (33%)         402M (40%)         164M (16%)         158M (16%)         414M (41%)         154M (15%)    
[2026-04-03T03:19:42.226+0600][17.055s][info][gc,heap     ] GC(22)      Live:         -                39M (4%)           39M (4%)           39M (4%)             -                  -          
[2026-04-03T03:19:42.226+0600][17.055s][info][gc,heap     ] GC(22) Allocated:         -                74M (7%)           92M (9%)           97M (10%)            -                  -          
[2026-04-03T03:19:42.226+0600][17.055s][info][gc,heap     ] GC(22)   Garbage:         -               288M (29%)          32M (3%)           20M (2%)             -                  -          
[2026-04-03T03:19:42.226+0600][17.055s][info][gc,heap     ] GC(22) Reclaimed:         -                  -               256M (26%)         267M (27%)            -                  -          
[2026-04-03T03:19:42.226+0600][17.055s][info][gc          ] GC(22) Garbage Collection (Allocation Rate) 328M(33%)->158M(16%)
[2026-04-03T03:19:42.285+0600][17.114s][info][gc,start    ] GC(23) Garbage Collection (Allocation Rate)
[2026-04-03T03:19:42.285+0600][17.114s][info][gc,task     ] GC(23) Using 3 workers
[2026-04-03T03:19:42.285+0600][17.114s][info][gc,phases   ] GC(23) Pause Mark Start 0.008ms
[2026-04-03T03:19:42.313+0600][17.142s][info][gc,phases   ] GC(23) Concurrent Mark 27.950ms
[2026-04-03T03:19:42.313+0600][17.142s][info][gc,phases   ] GC(23) Pause Mark End 0.016ms
[2026-04-03T03:19:42.313+0600][17.142s][info][gc,phases   ] GC(23) Concurrent Mark Free 0.002ms
[2026-04-03T03:19:42.319+0600][17.148s][info][gc,phases   ] GC(23) Concurrent Process Non-Strong References 5.511ms
[2026-04-03T03:19:42.319+0600][17.148s][info][gc,phases   ] GC(23) Concurrent Reset Relocation Set 0.003ms
[2026-04-03T03:19:42.322+0600][17.150s][info][gc,phases   ] GC(23) Concurrent Select Relocation Set 2.750ms
[2026-04-03T03:19:42.322+0600][17.151s][info][gc,phases   ] GC(23) Pause Relocate Start 0.008ms
[2026-04-03T03:19:42.323+0600][17.152s][info][gc,phases   ] GC(23) Concurrent Relocate 1.431ms
[2026-04-03T03:19:42.323+0600][17.152s][info][gc,load     ] GC(23) Load: 4.35/4.92/5.44
[2026-04-03T03:19:42.324+0600][17.152s][info][gc,mmu      ] GC(23) MMU: 2ms/97.1%, 5ms/98.8%, 10ms/99.3%, 20ms/99.6%, 50ms/99.8%, 100ms/99.9%
[2026-04-03T03:19:42.324+0600][17.152s][info][gc,marking  ] GC(23) Mark: 2 stripe(s), 3 proactive flush(es), 1 terminate flush(es), 0 completion(s), 0 continuation(s) 
[2026-04-03T03:19:42.324+0600][17.152s][info][gc,marking  ] GC(23) Mark Stack Usage: 32M
[2026-04-03T03:19:42.324+0600][17.152s][info][gc,nmethod  ] GC(23) NMethods: 4286 registered, 568 unregistered
[2026-04-03T03:19:42.324+0600][17.152s][info][gc,metaspace] GC(23) Metaspace: 64M used, 65M committed, 1088M reserved
[2026-04-03T03:19:42.324+0600][17.152s][info][gc,ref      ] GC(23) Soft: 4764 encountered, 0 discovered, 0 enqueued
[2026-04-03T03:19:42.324+0600][17.152s][info][gc,ref      ] GC(23) Weak: 5129 encountered, 908 discovered, 0 enqueued
[2026-04-03T03:19:42.324+0600][17.152s][info][gc,ref      ] GC(23) Final: 82 encountered, 0 discovered, 0 enqueued
[2026-04-03T03:19:42.324+0600][17.152s][info][gc,ref      ] GC(23) Phantom: 604 encountered, 389 discovered, 0 enqueued
[2026-04-03T03:19:42.324+0600][17.152s][info][gc,reloc    ] GC(23) Small Pages: 145 / 290M, Empty: 236M, Relocated: 1M, In-Place: 0
[2026-04-03T03:19:42.324+0600][17.152s][info][gc,reloc    ] GC(23) Medium Pages: 1 / 16M, Empty: 0M, Relocated: 0M, In-Place: 0
[2026-04-03T03:19:42.324+0600][17.152s][info][gc,reloc    ] GC(23) Large Pages: 1 / 4M, Empty: 0M, Relocated: 0M, In-Place: 0
[2026-04-03T03:19:42.324+0600][17.152s][info][gc,reloc    ] GC(23) Forwarding Usage: 0M
[2026-04-03T03:19:42.324+0600][17.152s][info][gc,heap     ] GC(23) Min Capacity: 8M(1%)
[2026-04-03T03:19:42.324+0600][17.152s][info][gc,heap     ] GC(23) Max Capacity: 1000M(100%)
[2026-04-03T03:19:42.324+0600][17.152s][info][gc,heap     ] GC(23) Soft Max Capacity: 1000M(100%)
[2026-04-03T03:19:42.324+0600][17.152s][info][gc,heap     ] GC(23)                Mark Start          Mark End        Relocate Start      Relocate End           High               Low         
[2026-04-03T03:19:42.324+0600][17.152s][info][gc,heap     ] GC(23)  Capacity:      852M (85%)         852M (85%)         852M (85%)         852M (85%)         852M (85%)         852M (85%)    
[2026-04-03T03:19:42.324+0600][17.152s][info][gc,heap     ] GC(23)      Free:      690M (69%)         626M (63%)         846M (85%)         856M (86%)         856M (86%)         616M (62%)    
[2026-04-03T03:19:42.324+0600][17.152s][info][gc,heap     ] GC(23)      Used:      310M (31%)         374M (37%)         154M (15%)         144M (14%)         384M (38%)         144M (14%)    
[2026-04-03T03:19:42.324+0600][17.152s][info][gc,heap     ] GC(23)      Live:         -                39M (4%)           39M (4%)           39M (4%)             -                  -          
[2026-04-03T03:19:42.324+0600][17.152s][info][gc,heap     ] GC(23) Allocated:         -                64M (6%)           80M (8%)           83M (8%)             -                  -          
[2026-04-03T03:19:42.347+0600][17.176s][info][gc,heap     ] GC(23)   Garbage:         -               270M (27%)          34M (3%)           20M (2%)             -                  -          
[2026-04-03T03:19:42.347+0600][17.176s][info][gc,heap     ] GC(23) Reclaimed:         -                  -               236M (24%)         249M (25%)            -                  -          
[2026-04-03T03:19:42.347+0600][17.176s][info][gc          ] GC(23) Garbage Collection (Allocation Rate) 310M(31%)->144M(14%)
[2026-04-03T03:19:42.485+0600][17.314s][info][gc,start    ] GC(24) Garbage Collection (Allocation Rate)
[2026-04-03T03:19:42.485+0600][17.314s][info][gc,task     ] GC(24) Using 2 workers
[2026-04-03T03:19:42.485+0600][17.314s][info][gc,phases   ] GC(24) Pause Mark Start 0.011ms
[2026-04-03T03:19:42.522+0600][17.351s][info][gc,phases   ] GC(24) Concurrent Mark 36.989ms
[2026-04-03T03:19:42.523+0600][17.351s][info][gc,phases   ] GC(24) Pause Mark End 0.058ms
[2026-04-03T03:19:42.523+0600][17.352s][info][gc,phases   ] GC(24) Concurrent Mark Free 0.002ms
[2026-04-03T03:19:42.530+0600][17.359s][info][gc,phases   ] GC(24) Concurrent Process Non-Strong References 7.525ms
[2026-04-03T03:19:42.530+0600][17.359s][info][gc,phases   ] GC(24) Concurrent Reset Relocation Set 0.003ms
[2026-04-03T03:19:42.533+0600][17.362s][info][gc,phases   ] GC(24) Concurrent Select Relocation Set 2.683ms
[2026-04-03T03:19:42.533+0600][17.362s][info][gc,phases   ] GC(24) Pause Relocate Start 0.010ms
[2026-04-03T03:19:42.535+0600][17.363s][info][gc,phases   ] GC(24) Concurrent Relocate 1.413ms
[2026-04-03T03:19:42.535+0600][17.363s][info][gc,load     ] GC(24) Load: 4.35/4.92/5.44
[2026-04-03T03:19:42.535+0600][17.364s][info][gc,mmu      ] GC(24) MMU: 2ms/97.1%, 5ms/98.8%, 10ms/99.3%, 20ms/99.6%, 50ms/99.8%, 100ms/99.9%
[2026-04-03T03:19:42.535+0600][17.364s][info][gc,marking  ] GC(24) Mark: 2 stripe(s), 2 proactive flush(es), 1 terminate flush(es), 0 completion(s), 0 continuation(s) 
[2026-04-03T03:19:42.535+0600][17.364s][info][gc,marking  ] GC(24) Mark Stack Usage: 32M
[2026-04-03T03:19:42.535+0600][17.364s][info][gc,nmethod  ] GC(24) NMethods: 4286 registered, 570 unregistered
[2026-04-03T03:19:42.535+0600][17.364s][info][gc,metaspace] GC(24) Metaspace: 64M used, 65M committed, 1088M reserved
[2026-04-03T03:19:42.535+0600][17.364s][info][gc,ref      ] GC(24) Soft: 4764 encountered, 0 discovered, 0 enqueued
[2026-04-03T03:19:42.535+0600][17.364s][info][gc,ref      ] GC(24) Weak: 5129 encountered, 613 discovered, 0 enqueued
[2026-04-03T03:19:42.535+0600][17.364s][info][gc,ref      ] GC(24) Final: 82 encountered, 0 discovered, 0 enqueued
[2026-04-03T03:19:42.535+0600][17.364s][info][gc,ref      ] GC(24) Phantom: 604 encountered, 402 discovered, 0 enqueued
[2026-04-03T03:19:42.535+0600][17.364s][info][gc,reloc    ] GC(24) Small Pages: 229 / 458M, Empty: 402M, Relocated: 1M, In-Place: 0
[2026-04-03T03:19:42.535+0600][17.364s][info][gc,reloc    ] GC(24) Medium Pages: 1 / 16M, Empty: 0M, Relocated: 0M, In-Place: 0
[2026-04-03T03:19:42.535+0600][17.364s][info][gc,reloc    ] GC(24) Large Pages: 1 / 4M, Empty: 0M, Relocated: 0M, In-Place: 0
[2026-04-03T03:19:42.535+0600][17.364s][info][gc,reloc    ] GC(24) Forwarding Usage: 0M
[2026-04-03T03:19:42.535+0600][17.364s][info][gc,heap     ] GC(24) Min Capacity: 8M(1%)
[2026-04-03T03:19:42.535+0600][17.364s][info][gc,heap     ] GC(24) Max Capacity: 1000M(100%)
[2026-04-03T03:19:42.535+0600][17.364s][info][gc,heap     ] GC(24) Soft Max Capacity: 1000M(100%)
[2026-04-03T03:19:42.535+0600][17.364s][info][gc,heap     ] GC(24)                Mark Start          Mark End        Relocate Start      Relocate End           High               Low         
[2026-04-03T03:19:42.535+0600][17.364s][info][gc,heap     ] GC(24)  Capacity:      852M (85%)         852M (85%)         852M (85%)         852M (85%)         852M (85%)         852M (85%)    
[2026-04-03T03:19:42.535+0600][17.364s][info][gc,heap     ] GC(24)      Free:      522M (52%)         434M (43%)         816M (82%)         828M (83%)         830M (83%)         418M (42%)    
[2026-04-03T03:19:42.535+0600][17.364s][info][gc,heap     ] GC(24)      Used:      478M (48%)         566M (57%)         184M (18%)         172M (17%)         582M (58%)         170M (17%)    
[2026-04-03T03:19:42.535+0600][17.364s][info][gc,heap     ] GC(24)      Live:         -                39M (4%)           39M (4%)           39M (4%)             -                  -          
[2026-04-03T03:19:42.535+0600][17.364s][info][gc,heap     ] GC(24) Allocated:         -                88M (9%)          108M (11%)         113M (11%)            -                  -          
[2026-04-03T03:19:42.535+0600][17.364s][info][gc,heap     ] GC(24)   Garbage:         -               438M (44%)          36M (4%)           18M (2%)             -                  -          
[2026-04-03T03:19:42.535+0600][17.364s][info][gc,heap     ] GC(24) Reclaimed:         -                  -               402M (40%)         419M (42%)            -                  -          
[2026-04-03T03:19:42.535+0600][17.364s][info][gc          ] GC(24) Garbage Collection (Allocation Rate) 478M(48%)->172M(17%)
[2026-04-03T03:19:42.685+0600][17.514s][info][gc,start    ] GC(25) Garbage Collection (Allocation Rate)
[2026-04-03T03:19:42.685+0600][17.514s][info][gc,task     ] GC(25) Using 2 workers
[2026-04-03T03:19:42.686+0600][17.514s][info][gc,phases   ] GC(25) Pause Mark Start 0.010ms
[2026-04-03T03:19:42.723+0600][17.551s][info][gc,phases   ] GC(25) Concurrent Mark 37.018ms
[2026-04-03T03:19:42.723+0600][17.552s][info][gc,phases   ] GC(25) Pause Mark End 0.018ms
[2026-04-03T03:19:42.723+0600][17.552s][info][gc,phases   ] GC(25) Concurrent Mark Free 0.002ms
[2026-04-03T03:19:42.730+0600][17.559s][info][gc,phases   ] GC(25) Concurrent Process Non-Strong References 7.251ms
[2026-04-03T03:19:42.730+0600][17.559s][info][gc,phases   ] GC(25) Concurrent Reset Relocation Set 0.003ms
[2026-04-03T03:19:42.734+0600][17.562s][info][gc,phases   ] GC(25) Concurrent Select Relocation Set 3.324ms
[2026-04-03T03:19:42.734+0600][17.563s][info][gc,phases   ] GC(25) Pause Relocate Start 0.009ms
[2026-04-03T03:19:42.735+0600][17.564s][info][gc,phases   ] GC(25) Concurrent Relocate 1.373ms
[2026-04-03T03:19:42.735+0600][17.564s][info][gc,load     ] GC(25) Load: 4.35/4.92/5.44
[2026-04-03T03:19:42.736+0600][17.564s][info][gc,mmu      ] GC(25) MMU: 2ms/97.1%, 5ms/98.8%, 10ms/99.3%, 20ms/99.6%, 50ms/99.8%, 100ms/99.9%
[2026-04-03T03:19:42.736+0600][17.564s][info][gc,marking  ] GC(25) Mark: 2 stripe(s), 2 proactive flush(es), 1 terminate flush(es), 0 completion(s), 0 continuation(s) 
[2026-04-03T03:19:42.736+0600][17.564s][info][gc,marking  ] GC(25) Mark Stack Usage: 32M
[2026-04-03T03:19:42.736+0600][17.564s][info][gc,nmethod  ] GC(25) NMethods: 4287 registered, 573 unregistered
[2026-04-03T03:19:42.736+0600][17.564s][info][gc,metaspace] GC(25) Metaspace: 64M used, 65M committed, 1088M reserved
[2026-04-03T03:19:42.736+0600][17.564s][info][gc,ref      ] GC(25) Soft: 4764 encountered, 0 discovered, 0 enqueued
[2026-04-03T03:19:42.736+0600][17.564s][info][gc,ref      ] GC(25) Weak: 5129 encountered, 618 discovered, 0 enqueued
[2026-04-03T03:19:42.736+0600][17.564s][info][gc,ref      ] GC(25) Final: 82 encountered, 0 discovered, 0 enqueued
[2026-04-03T03:19:42.736+0600][17.564s][info][gc,ref      ] GC(25) Phantom: 604 encountered, 452 discovered, 0 enqueued
[2026-04-03T03:19:42.736+0600][17.564s][info][gc,reloc    ] GC(25) Small Pages: 279 / 558M, Empty: 502M, Relocated: 1M, In-Place: 0
[2026-04-03T03:19:42.736+0600][17.564s][info][gc,reloc    ] GC(25) Medium Pages: 1 / 16M, Empty: 0M, Relocated: 0M, In-Place: 0
[2026-04-03T03:19:42.736+0600][17.564s][info][gc,reloc    ] GC(25) Large Pages: 1 / 4M, Empty: 0M, Relocated: 0M, In-Place: 0
[2026-04-03T03:19:42.736+0600][17.564s][info][gc,reloc    ] GC(25) Forwarding Usage: 0M
[2026-04-03T03:19:42.736+0600][17.564s][info][gc,heap     ] GC(25) Min Capacity: 8M(1%)
[2026-04-03T03:19:42.736+0600][17.564s][info][gc,heap     ] GC(25) Max Capacity: 1000M(100%)
[2026-04-03T03:19:42.736+0600][17.564s][info][gc,heap     ] GC(25) Soft Max Capacity: 1000M(100%)
[2026-04-03T03:19:42.736+0600][17.564s][info][gc,heap     ] GC(25)                Mark Start          Mark End        Relocate Start      Relocate End           High               Low         
[2026-04-03T03:19:42.736+0600][17.564s][info][gc,heap     ] GC(25)  Capacity:      852M (85%)         852M (85%)         852M (85%)         852M (85%)         852M (85%)         852M (85%)    
[2026-04-03T03:19:42.736+0600][17.564s][info][gc,heap     ] GC(25)      Free:      422M (42%)         336M (34%)         810M (81%)         826M (83%)         826M (83%)         320M (32%)    
[2026-04-03T03:19:42.736+0600][17.564s][info][gc,heap     ] GC(25)      Used:      578M (58%)         664M (66%)         190M (19%)         174M (17%)         680M (68%)         174M (17%)    
[2026-04-03T03:19:42.736+0600][17.564s][info][gc,heap     ] GC(25)      Live:         -                39M (4%)           39M (4%)           39M (4%)             -                  -          
[2026-04-03T03:19:42.736+0600][17.564s][info][gc,heap     ] GC(25) Allocated:         -                86M (9%)          114M (11%)         115M (12%)            -                  -          
[2026-04-03T03:19:42.736+0600][17.564s][info][gc,heap     ] GC(25)   Garbage:         -               538M (54%)          36M (4%)           18M (2%)             -                  -          
[2026-04-03T03:19:42.736+0600][17.564s][info][gc,heap     ] GC(25) Reclaimed:         -                  -               502M (50%)         519M (52%)            -                  -          
[2026-04-03T03:19:42.736+0600][17.564s][info][gc          ] GC(25) Garbage Collection (Allocation Rate) 578M(58%)->174M(17%)
[2026-04-03T03:19:42.885+0600][17.713s][info][gc,start    ] GC(26) Garbage Collection (Allocation Rate)
[2026-04-03T03:19:42.885+0600][17.714s][info][gc,task     ] GC(26) Using 2 workers
[2026-04-03T03:19:42.885+0600][17.714s][info][gc,phases   ] GC(26) Pause Mark Start 0.009ms
[2026-04-03T03:19:42.920+0600][17.749s][info][gc,phases   ] GC(26) Concurrent Mark 34.907ms
[2026-04-03T03:19:42.920+0600][17.749s][info][gc,phases   ] GC(26) Pause Mark End 0.016ms
[2026-04-03T03:19:42.920+0600][17.749s][info][gc,phases   ] GC(26) Concurrent Mark Free 0.002ms
[2026-04-03T03:19:42.927+0600][17.756s][info][gc,phases   ] GC(26) Concurrent Process Non-Strong References 6.966ms
[2026-04-03T03:19:42.927+0600][17.756s][info][gc,phases   ] GC(26) Concurrent Reset Relocation Set 0.003ms
[2026-04-03T03:19:42.931+0600][17.759s][info][gc,phases   ] GC(26) Concurrent Select Relocation Set 3.251ms
[2026-04-03T03:19:42.931+0600][17.759s][info][gc,phases   ] GC(26) Pause Relocate Start 0.011ms
[2026-04-03T03:19:42.932+0600][17.761s][info][gc,phases   ] GC(26) Concurrent Relocate 1.296ms
[2026-04-03T03:19:42.932+0600][17.761s][info][gc,load     ] GC(26) Load: 4.35/4.92/5.44
[2026-04-03T03:19:42.932+0600][17.761s][info][gc,mmu      ] GC(26) MMU: 2ms/97.1%, 5ms/98.8%, 10ms/99.3%, 20ms/99.6%, 50ms/99.8%, 100ms/99.9%
[2026-04-03T03:19:42.932+0600][17.761s][info][gc,marking  ] GC(26) Mark: 2 stripe(s), 2 proactive flush(es), 1 terminate flush(es), 0 completion(s), 0 continuation(s) 
[2026-04-03T03:19:42.932+0600][17.761s][info][gc,marking  ] GC(26) Mark Stack Usage: 32M
[2026-04-03T03:19:42.932+0600][17.761s][info][gc,nmethod  ] GC(26) NMethods: 4287 registered, 575 unregistered
[2026-04-03T03:19:42.932+0600][17.761s][info][gc,metaspace] GC(26) Metaspace: 64M used, 65M committed, 1088M reserved
[2026-04-03T03:19:42.932+0600][17.761s][info][gc,ref      ] GC(26) Soft: 4764 encountered, 0 discovered, 0 enqueued
[2026-04-03T03:19:42.932+0600][17.761s][info][gc,ref      ] GC(26) Weak: 5129 encountered, 610 discovered, 0 enqueued
[2026-04-03T03:19:42.932+0600][17.761s][info][gc,ref      ] GC(26) Final: 82 encountered, 0 discovered, 0 enqueued
[2026-04-03T03:19:42.932+0600][17.761s][info][gc,ref      ] GC(26) Phantom: 604 encountered, 410 discovered, 0 enqueued
[2026-04-03T03:19:42.932+0600][17.761s][info][gc,reloc    ] GC(26) Small Pages: 282 / 564M, Empty: 510M, Relocated: 1M, In-Place: 0
[2026-04-03T03:19:42.932+0600][17.761s][info][gc,reloc    ] GC(26) Medium Pages: 1 / 16M, Empty: 0M, Relocated: 0M, In-Place: 0
[2026-04-03T03:19:42.932+0600][17.761s][info][gc,reloc    ] GC(26) Large Pages: 1 / 4M, Empty: 0M, Relocated: 0M, In-Place: 0
[2026-04-03T03:19:42.932+0600][17.761s][info][gc,reloc    ] GC(26) Forwarding Usage: 0M
[2026-04-03T03:19:42.932+0600][17.761s][info][gc,heap     ] GC(26) Min Capacity: 8M(1%)
[2026-04-03T03:19:42.932+0600][17.761s][info][gc,heap     ] GC(26) Max Capacity: 1000M(100%)
[2026-04-03T03:19:42.932+0600][17.761s][info][gc,heap     ] GC(26) Soft Max Capacity: 1000M(100%)
[2026-04-03T03:19:42.932+0600][17.761s][info][gc,heap     ] GC(26)                Mark Start          Mark End        Relocate Start      Relocate End           High               Low         
[2026-04-03T03:19:42.932+0600][17.761s][info][gc,heap     ] GC(26)  Capacity:      852M (85%)         852M (85%)         852M (85%)         852M (85%)         852M (85%)         852M (85%)    
[2026-04-03T03:19:42.932+0600][17.761s][info][gc,heap     ] GC(26)      Free:      416M (42%)         326M (33%)         812M (81%)         824M (82%)         828M (83%)         308M (31%)    
[2026-04-03T03:19:42.932+0600][17.761s][info][gc,heap     ] GC(26)      Used:      584M (58%)         674M (67%)         188M (19%)         176M (18%)         692M (69%)         172M (17%)    
[2026-04-03T03:19:42.932+0600][17.761s][info][gc,heap     ] GC(26)      Live:         -                39M (4%)           39M (4%)           39M (4%)             -                  -          
[2026-04-03T03:19:42.932+0600][17.761s][info][gc,heap     ] GC(26) Allocated:         -                90M (9%)          114M (11%)         117M (12%)            -                  -          
[2026-04-03T03:19:42.932+0600][17.761s][info][gc,heap     ] GC(26)   Garbage:         -               544M (54%)          34M (3%)           18M (2%)             -                  -          
[2026-04-03T03:19:42.932+0600][17.761s][info][gc,heap     ] GC(26) Reclaimed:         -                  -               510M (51%)         525M (53%)            -                  -          
[2026-04-03T03:19:42.932+0600][17.761s][info][gc          ] GC(26) Garbage Collection (Allocation Rate) 584M(58%)->176M(18%)
[2026-04-03T03:19:43.085+0600][17.914s][info][gc,start    ] GC(27) Garbage Collection (Allocation Rate)
[2026-04-03T03:19:43.085+0600][17.914s][info][gc,task     ] GC(27) Using 2 workers
[2026-04-03T03:19:43.085+0600][17.914s][info][gc,phases   ] GC(27) Pause Mark Start 0.024ms
[2026-04-03T03:19:43.121+0600][17.950s][info][gc,phases   ] GC(27) Concurrent Mark 35.536ms
[2026-04-03T03:19:43.121+0600][17.950s][info][gc,phases   ] GC(27) Pause Mark End 0.017ms
[2026-04-03T03:19:43.121+0600][17.950s][info][gc,phases   ] GC(27) Concurrent Mark Free 0.002ms
[2026-04-03T03:19:43.129+0600][17.957s][info][gc,phases   ] GC(27) Concurrent Process Non-Strong References 7.401ms
[2026-04-03T03:19:43.129+0600][17.957s][info][gc,phases   ] GC(27) Concurrent Reset Relocation Set 0.003ms
[2026-04-03T03:19:43.132+0600][17.961s][info][gc,phases   ] GC(27) Concurrent Select Relocation Set 3.327ms
[2026-04-03T03:19:43.132+0600][17.961s][info][gc,phases   ] GC(27) Pause Relocate Start 0.010ms
[2026-04-03T03:19:43.134+0600][17.962s][info][gc,phases   ] GC(27) Concurrent Relocate 1.266ms
[2026-04-03T03:19:43.134+0600][17.962s][info][gc,load     ] GC(27) Load: 4.35/4.92/5.44
[2026-04-03T03:19:43.134+0600][17.962s][info][gc,mmu      ] GC(27) MMU: 2ms/97.1%, 5ms/98.8%, 10ms/99.3%, 20ms/99.6%, 50ms/99.8%, 100ms/99.9%
[2026-04-03T03:19:43.134+0600][17.962s][info][gc,marking  ] GC(27) Mark: 2 stripe(s), 2 proactive flush(es), 1 terminate flush(es), 0 completion(s), 0 continuation(s) 
[2026-04-03T03:19:43.134+0600][17.962s][info][gc,marking  ] GC(27) Mark Stack Usage: 32M
[2026-04-03T03:19:43.134+0600][17.962s][info][gc,nmethod  ] GC(27) NMethods: 4287 registered, 576 unregistered
[2026-04-03T03:19:43.134+0600][17.962s][info][gc,metaspace] GC(27) Metaspace: 64M used, 65M committed, 1088M reserved
[2026-04-03T03:19:43.134+0600][17.962s][info][gc,ref      ] GC(27) Soft: 4764 encountered, 0 discovered, 0 enqueued
[2026-04-03T03:19:43.134+0600][17.963s][info][gc,ref      ] GC(27) Weak: 5129 encountered, 2221 discovered, 0 enqueued
[2026-04-03T03:19:43.134+0600][17.963s][info][gc,ref      ] GC(27) Final: 82 encountered, 0 discovered, 0 enqueued
[2026-04-03T03:19:43.134+0600][17.963s][info][gc,ref      ] GC(27) Phantom: 604 encountered, 535 discovered, 0 enqueued
[2026-04-03T03:19:43.134+0600][17.963s][info][gc,reloc    ] GC(27) Small Pages: 294 / 588M, Empty: 532M, Relocated: 1M, In-Place: 0
[2026-04-03T03:19:43.134+0600][17.963s][info][gc,reloc    ] GC(27) Medium Pages: 1 / 16M, Empty: 0M, Relocated: 0M, In-Place: 0
[2026-04-03T03:19:43.134+0600][17.963s][info][gc,reloc    ] GC(27) Large Pages: 1 / 4M, Empty: 0M, Relocated: 0M, In-Place: 0
[2026-04-03T03:19:43.134+0600][17.963s][info][gc,reloc    ] GC(27) Forwarding Usage: 0M
[2026-04-03T03:19:43.134+0600][17.963s][info][gc,heap     ] GC(27) Min Capacity: 8M(1%)
[2026-04-03T03:19:43.134+0600][17.963s][info][gc,heap     ] GC(27) Max Capacity: 1000M(100%)
[2026-04-03T03:19:43.134+0600][17.963s][info][gc,heap     ] GC(27) Soft Max Capacity: 1000M(100%)
[2026-04-03T03:19:43.134+0600][17.963s][info][gc,heap     ] GC(27)                Mark Start          Mark End        Relocate Start      Relocate End           High               Low         
[2026-04-03T03:19:43.134+0600][17.963s][info][gc,heap     ] GC(27)  Capacity:      852M (85%)         852M (85%)         852M (85%)         852M (85%)         852M (85%)         852M (85%)    
[2026-04-03T03:19:43.134+0600][17.963s][info][gc,heap     ] GC(27)      Free:      392M (39%)         296M (30%)         802M (80%)         816M (82%)         818M (82%)         278M (28%)    
[2026-04-03T03:19:43.134+0600][17.963s][info][gc,heap     ] GC(27)      Used:      608M (61%)         704M (70%)         198M (20%)         184M (18%)         722M (72%)         182M (18%)    
[2026-04-03T03:19:43.134+0600][17.963s][info][gc,heap     ] GC(27)      Live:         -                39M (4%)           39M (4%)           39M (4%)             -                  -          
[2026-04-03T03:19:43.134+0600][17.963s][info][gc,heap     ] GC(27) Allocated:         -                96M (10%)         122M (12%)         125M (13%)            -                  -          
[2026-04-03T03:19:43.134+0600][17.963s][info][gc,heap     ] GC(27)   Garbage:         -               568M (57%)          36M (4%)           18M (2%)             -                  -          
[2026-04-03T03:19:43.134+0600][17.963s][info][gc,heap     ] GC(27) Reclaimed:         -                  -               532M (53%)         549M (55%)            -                  -          
[2026-04-03T03:19:43.134+0600][17.963s][info][gc          ] GC(27) Garbage Collection (Allocation Rate) 608M(61%)->184M(18%)
[2026-04-03T03:19:43.385+0600][18.214s][info][gc,start    ] GC(28) Garbage Collection (Allocation Rate)
[2026-04-03T03:19:43.385+0600][18.214s][info][gc,task     ] GC(28) Using 1 workers
[2026-04-03T03:19:43.386+0600][18.214s][info][gc,phases   ] GC(28) Pause Mark Start 0.012ms
[2026-04-03T03:19:43.453+0600][18.281s][info][gc,phases   ] GC(28) Concurrent Mark 66.693ms
[2026-04-03T03:19:43.453+0600][18.281s][info][gc,phases   ] GC(28) Pause Mark End 0.020ms
[2026-04-03T03:19:43.453+0600][18.282s][info][gc,phases   ] GC(28) Concurrent Mark Free 0.004ms
[2026-04-03T03:19:43.468+0600][18.297s][info][gc,phases   ] GC(28) Concurrent Process Non-Strong References 15.259ms
[2026-04-03T03:19:43.468+0600][18.297s][info][gc,phases   ] GC(28) Concurrent Reset Relocation Set 0.003ms
[2026-04-03T03:19:43.472+0600][18.301s][info][gc,phases   ] GC(28) Concurrent Select Relocation Set 3.907ms
[2026-04-03T03:19:43.473+0600][18.301s][info][gc,phases   ] GC(28) Pause Relocate Start 0.016ms
[2026-04-03T03:19:43.479+0600][18.308s][info][gc,phases   ] GC(28) Concurrent Relocate 6.658ms
[2026-04-03T03:19:43.479+0600][18.308s][info][gc,load     ] GC(28) Load: 4.35/4.92/5.44
[2026-04-03T03:19:43.480+0600][18.308s][info][gc,mmu      ] GC(28) MMU: 2ms/97.1%, 5ms/98.8%, 10ms/99.3%, 20ms/99.6%, 50ms/99.8%, 100ms/99.9%
[2026-04-03T03:19:43.480+0600][18.308s][info][gc,marking  ] GC(28) Mark: 1 stripe(s), 2 proactive flush(es), 1 terminate flush(es), 0 completion(s), 0 continuation(s) 
[2026-04-03T03:19:43.480+0600][18.308s][info][gc,marking  ] GC(28) Mark Stack Usage: 32M
[2026-04-03T03:19:43.480+0600][18.308s][info][gc,nmethod  ] GC(28) NMethods: 4485 registered, 611 unregistered
[2026-04-03T03:19:43.480+0600][18.308s][info][gc,metaspace] GC(28) Metaspace: 66M used, 67M committed, 1088M reserved
[2026-04-03T03:19:43.480+0600][18.308s][info][gc,ref      ] GC(28) Soft: 4806 encountered, 0 discovered, 0 enqueued
[2026-04-03T03:19:43.480+0600][18.308s][info][gc,ref      ] GC(28) Weak: 5613 encountered, 1151 discovered, 167 enqueued
[2026-04-03T03:19:43.480+0600][18.308s][info][gc,ref      ] GC(28) Final: 82 encountered, 0 discovered, 0 enqueued
[2026-04-03T03:19:43.480+0600][18.308s][info][gc,ref      ] GC(28) Phantom: 592 encountered, 589 discovered, 0 enqueued
[2026-04-03T03:19:43.480+0600][18.308s][info][gc,reloc    ] GC(28) Small Pages: 271 / 542M, Empty: 472M, Relocated: 3M, In-Place: 0
[2026-04-03T03:19:43.480+0600][18.308s][info][gc,reloc    ] GC(28) Medium Pages: 2 / 32M, Empty: 16M, Relocated: 0M, In-Place: 0
[2026-04-03T03:19:43.480+0600][18.308s][info][gc,reloc    ] GC(28) Large Pages: 1 / 4M, Empty: 0M, Relocated: 0M, In-Place: 0
[2026-04-03T03:19:43.480+0600][18.308s][info][gc,reloc    ] GC(28) Forwarding Usage: 1M
[2026-04-03T03:19:43.480+0600][18.308s][info][gc,heap     ] GC(28) Min Capacity: 8M(1%)
[2026-04-03T03:19:43.480+0600][18.308s][info][gc,heap     ] GC(28) Max Capacity: 1000M(100%)
[2026-04-03T03:19:43.480+0600][18.308s][info][gc,heap     ] GC(28) Soft Max Capacity: 1000M(100%)
[2026-04-03T03:19:43.480+0600][18.308s][info][gc,heap     ] GC(28)                Mark Start          Mark End        Relocate Start      Relocate End           High               Low         
[2026-04-03T03:19:43.480+0600][18.308s][info][gc,heap     ] GC(28)  Capacity:      852M (85%)         852M (85%)         852M (85%)         852M (85%)         852M (85%)         852M (85%)    
[2026-04-03T03:19:43.480+0600][18.308s][info][gc,heap     ] GC(28)      Free:      422M (42%)         398M (40%)         886M (89%)         920M (92%)         920M (92%)         398M (40%)    
[2026-04-03T03:19:43.480+0600][18.308s][info][gc,heap     ] GC(28)      Used:      578M (58%)         602M (60%)         114M (11%)          80M (8%)          602M (60%)          80M (8%)     
[2026-04-03T03:19:43.480+0600][18.308s][info][gc,heap     ] GC(28)      Live:         -                37M (4%)           37M (4%)           37M (4%)             -                  -          
[2026-04-03T03:19:43.480+0600][18.308s][info][gc,heap     ] GC(28) Allocated:         -                24M (2%)           24M (2%)           25M (3%)             -                  -          
[2026-04-03T03:19:43.480+0600][18.308s][info][gc,heap     ] GC(28)   Garbage:         -               540M (54%)          52M (5%)           16M (2%)             -                  -          
[2026-04-03T03:19:43.480+0600][18.308s][info][gc,heap     ] GC(28) Reclaimed:         -                  -               488M (49%)         523M (52%)            -                  -          
[2026-04-03T03:19:43.480+0600][18.308s][info][gc          ] GC(28) Garbage Collection (Allocation Rate) 578M(58%)->80M(8%)
[2026-04-03T03:19:43.785+0600][18.613s][info][gc,start    ] GC(29) Garbage Collection (Allocation Rate)
[2026-04-03T03:19:43.785+0600][18.613s][info][gc,task     ] GC(29) Using 2 workers
[2026-04-03T03:19:43.785+0600][18.614s][info][gc,phases   ] GC(29) Pause Mark Start 0.015ms
[2026-04-03T03:19:43.842+0600][18.670s][info][gc,phases   ] GC(29) Concurrent Mark 56.518ms
[2026-04-03T03:19:43.842+0600][18.671s][info][gc,phases   ] GC(29) Pause Mark End 0.022ms
[2026-04-03T03:19:43.842+0600][18.671s][info][gc,phases   ] GC(29) Concurrent Mark Free 0.003ms
[2026-04-03T03:19:43.870+0600][18.699s][info][gc,phases   ] GC(29) Concurrent Process Non-Strong References 27.865ms
[2026-04-03T03:19:43.870+0600][18.699s][info][gc,phases   ] GC(29) Concurrent Reset Relocation Set 0.006ms
[2026-04-03T03:19:43.875+0600][18.703s][info][gc,phases   ] GC(29) Concurrent Select Relocation Set 4.269ms
[2026-04-03T03:19:43.875+0600][18.704s][info][gc,phases   ] GC(29) Pause Relocate Start 0.015ms
[2026-04-03T03:19:43.878+0600][18.706s][info][gc,phases   ] GC(29) Concurrent Relocate 2.554ms
[2026-04-03T03:19:43.878+0600][18.707s][info][gc,load     ] GC(29) Load: 4.35/4.92/5.44
[2026-04-03T03:19:43.878+0600][18.707s][info][gc,mmu      ] GC(29) MMU: 2ms/97.1%, 5ms/98.8%, 10ms/99.3%, 20ms/99.6%, 50ms/99.8%, 100ms/99.9%
[2026-04-03T03:19:43.878+0600][18.707s][info][gc,marking  ] GC(29) Mark: 2 stripe(s), 4 proactive flush(es), 1 terminate flush(es), 0 completion(s), 0 continuation(s) 
[2026-04-03T03:19:43.878+0600][18.707s][info][gc,marking  ] GC(29) Mark Stack Usage: 32M
[2026-04-03T03:19:43.878+0600][18.707s][info][gc,nmethod  ] GC(29) NMethods: 4821 registered, 734 unregistered
[2026-04-03T03:19:43.878+0600][18.707s][info][gc,metaspace] GC(29) Metaspace: 66M used, 67M committed, 1088M reserved
[2026-04-03T03:19:43.878+0600][18.707s][info][gc,ref      ] GC(29) Soft: 4882 encountered, 0 discovered, 0 enqueued
[2026-04-03T03:19:43.878+0600][18.707s][info][gc,ref      ] GC(29) Weak: 6043 encountered, 1218 discovered, 356 enqueued
[2026-04-03T03:19:43.878+0600][18.707s][info][gc,ref      ] GC(29) Final: 82 encountered, 0 discovered, 0 enqueued
[2026-04-03T03:19:43.878+0600][18.707s][info][gc,ref      ] GC(29) Phantom: 596 encountered, 270 discovered, 0 enqueued
[2026-04-03T03:19:43.878+0600][18.707s][info][gc,reloc    ] GC(29) Small Pages: 43 / 86M, Empty: 0M, Relocated: 1M, In-Place: 0
[2026-04-03T03:19:43.878+0600][18.707s][info][gc,reloc    ] GC(29) Medium Pages: 1 / 16M, Empty: 0M, Relocated: 0M, In-Place: 0
[2026-04-03T03:19:43.878+0600][18.707s][info][gc,reloc    ] GC(29) Large Pages: 2 / 10M, Empty: 6M, Relocated: 0M, In-Place: 0
[2026-04-03T03:19:43.878+0600][18.707s][info][gc,reloc    ] GC(29) Forwarding Usage: 0M
[2026-04-03T03:19:43.878+0600][18.707s][info][gc,heap     ] GC(29) Min Capacity: 8M(1%)
[2026-04-03T03:19:43.878+0600][18.707s][info][gc,heap     ] GC(29) Max Capacity: 1000M(100%)
[2026-04-03T03:19:43.878+0600][18.707s][info][gc,heap     ] GC(29) Soft Max Capacity: 1000M(100%)
[2026-04-03T03:19:43.878+0600][18.707s][info][gc,heap     ] GC(29)                Mark Start          Mark End        Relocate Start      Relocate End           High               Low         
[2026-04-03T03:19:43.878+0600][18.707s][info][gc,heap     ] GC(29)  Capacity:      852M (85%)         852M (85%)         852M (85%)         852M (85%)         852M (85%)         852M (85%)    
[2026-04-03T03:19:43.878+0600][18.707s][info][gc,heap     ] GC(29)      Free:      888M (89%)         874M (87%)         876M (88%)         918M (92%)         918M (92%)         870M (87%)    
[2026-04-03T03:19:43.878+0600][18.707s][info][gc,heap     ] GC(29)      Used:      112M (11%)         126M (13%)         124M (12%)          82M (8%)          130M (13%)          82M (8%)     
[2026-04-03T03:19:43.878+0600][18.707s][info][gc,heap     ] GC(29)      Live:         -                39M (4%)           39M (4%)           39M (4%)             -                  -          
[2026-04-03T03:19:43.878+0600][18.707s][info][gc,heap     ] GC(29) Allocated:         -                14M (1%)           18M (2%)           23M (2%)             -                  -          
[2026-04-03T03:19:43.878+0600][18.707s][info][gc,heap     ] GC(29)   Garbage:         -                72M (7%)           66M (7%)           18M (2%)             -                  -          
[2026-04-03T03:19:43.878+0600][18.707s][info][gc,heap     ] GC(29) Reclaimed:         -                  -                 6M (1%)           53M (5%)             -                  -          
[2026-04-03T03:19:43.878+0600][18.707s][info][gc          ] GC(29) Garbage Collection (Allocation Rate) 112M(11%)->82M(8%)
[2026-04-03T03:19:43.885+0600][18.713s][info][gc,start    ] GC(30) Garbage Collection (Allocation Rate)
[2026-04-03T03:19:43.885+0600][18.714s][info][gc,task     ] GC(30) Using 2 workers
[2026-04-03T03:19:43.885+0600][18.714s][info][gc,phases   ] GC(30) Pause Mark Start 0.015ms
[2026-04-03T03:19:43.941+0600][18.770s][info][gc,phases   ] GC(30) Concurrent Mark 55.964ms
[2026-04-03T03:19:43.941+0600][18.770s][info][gc,phases   ] GC(30) Pause Mark End 0.027ms
[2026-04-03T03:19:43.942+0600][18.770s][info][gc,phases   ] GC(30) Concurrent Mark Free 0.002ms
[2026-04-03T03:19:43.952+0600][18.780s][info][gc,phases   ] GC(30) Concurrent Process Non-Strong References 10.037ms
[2026-04-03T03:19:43.952+0600][18.780s][info][gc,phases   ] GC(30) Concurrent Reset Relocation Set 0.006ms
[2026-04-03T03:19:43.956+0600][18.785s][info][gc,phases   ] GC(30) Concurrent Select Relocation Set 4.206ms
[2026-04-03T03:19:43.956+0600][18.785s][info][gc,phases   ] GC(30) Pause Relocate Start 0.017ms
[2026-04-03T03:19:43.962+0600][18.790s][info][gc,phases   ] GC(30) Concurrent Relocate 5.361ms
[2026-04-03T03:19:43.962+0600][18.791s][info][gc,load     ] GC(30) Load: 4.35/4.92/5.44
[2026-04-03T03:19:43.962+0600][18.791s][info][gc,mmu      ] GC(30) MMU: 2ms/97.1%, 5ms/98.8%, 10ms/99.3%, 20ms/99.6%, 50ms/99.8%, 100ms/99.9%
[2026-04-03T03:19:43.962+0600][18.791s][info][gc,marking  ] GC(30) Mark: 2 stripe(s), 2 proactive flush(es), 1 terminate flush(es), 0 completion(s), 0 continuation(s) 
[2026-04-03T03:19:43.962+0600][18.791s][info][gc,marking  ] GC(30) Mark Stack Usage: 32M
[2026-04-03T03:19:43.962+0600][18.791s][info][gc,nmethod  ] GC(30) NMethods: 4848 registered, 747 unregistered
[2026-04-03T03:19:43.962+0600][18.791s][info][gc,metaspace] GC(30) Metaspace: 67M used, 68M committed, 1088M reserved
[2026-04-03T03:19:43.962+0600][18.791s][info][gc,ref      ] GC(30) Soft: 4882 encountered, 0 discovered, 0 enqueued
[2026-04-03T03:19:43.962+0600][18.791s][info][gc,ref      ] GC(30) Weak: 5699 encountered, 537 discovered, 4 enqueued
[2026-04-03T03:19:43.962+0600][18.791s][info][gc,ref      ] GC(30) Final: 82 encountered, 0 discovered, 0 enqueued
[2026-04-03T03:19:43.962+0600][18.791s][info][gc,ref      ] GC(30) Phantom: 596 encountered, 386 discovered, 0 enqueued
[2026-04-03T03:19:43.962+0600][18.791s][info][gc,reloc    ] GC(30) Small Pages: 31 / 62M, Empty: 0M, Relocated: 4M, In-Place: 0
[2026-04-03T03:19:43.962+0600][18.791s][info][gc,reloc    ] GC(30) Medium Pages: 1 / 16M, Empty: 0M, Relocated: 0M, In-Place: 0
[2026-04-03T03:19:43.962+0600][18.791s][info][gc,reloc    ] GC(30) Large Pages: 1 / 4M, Empty: 0M, Relocated: 0M, In-Place: 0
[2026-04-03T03:19:43.962+0600][18.791s][info][gc,reloc    ] GC(30) Forwarding Usage: 1M
[2026-04-03T03:19:43.962+0600][18.791s][info][gc,heap     ] GC(30) Min Capacity: 8M(1%)
[2026-04-03T03:19:43.962+0600][18.791s][info][gc,heap     ] GC(30) Max Capacity: 1000M(100%)
[2026-04-03T03:19:43.962+0600][18.791s][info][gc,heap     ] GC(30) Soft Max Capacity: 1000M(100%)
[2026-04-03T03:19:43.962+0600][18.791s][info][gc,heap     ] GC(30)                Mark Start          Mark End        Relocate Start      Relocate End           High               Low         
[2026-04-03T03:19:43.962+0600][18.791s][info][gc,heap     ] GC(30)  Capacity:      852M (85%)         852M (85%)         852M (85%)         852M (85%)         852M (85%)         852M (85%)    
[2026-04-03T03:19:43.962+0600][18.791s][info][gc,heap     ] GC(30)      Free:      918M (92%)         892M (89%)         892M (89%)         910M (91%)         918M (92%)         884M (88%)    
[2026-04-03T03:19:43.962+0600][18.791s][info][gc,heap     ] GC(30)      Used:       82M (8%)          108M (11%)         108M (11%)          90M (9%)          116M (12%)          82M (8%)     
[2026-04-03T03:19:43.962+0600][18.791s][info][gc,heap     ] GC(30)      Live:         -                39M (4%)           39M (4%)           39M (4%)             -                  -          
[2026-04-03T03:19:43.962+0600][18.791s][info][gc,heap     ] GC(30) Allocated:         -                26M (3%)           26M (3%)           31M (3%)             -                  -          
[2026-04-03T03:19:43.962+0600][18.791s][info][gc,heap     ] GC(30)   Garbage:         -                42M (4%)           42M (4%)           18M (2%)             -                  -          
[2026-04-03T03:19:43.962+0600][18.791s][info][gc,heap     ] GC(30) Reclaimed:         -                  -                 0M (0%)           23M (2%)             -                  -          
[2026-04-03T03:19:43.962+0600][18.791s][info][gc          ] GC(30) Garbage Collection (Allocation Rate) 82M(8%)->90M(9%)
[2026-04-03T03:19:43.985+0600][18.814s][info][gc,start    ] GC(31) Garbage Collection (Allocation Rate)
[2026-04-03T03:19:43.985+0600][18.814s][info][gc,task     ] GC(31) Using 2 workers
[2026-04-03T03:19:43.985+0600][18.814s][info][gc,phases   ] GC(31) Pause Mark Start 0.015ms
[2026-04-03T03:19:44.045+0600][18.874s][info][gc,phases   ] GC(31) Concurrent Mark 59.394ms
[2026-04-03T03:19:44.045+0600][18.874s][info][gc,phases   ] GC(31) Pause Mark End 0.033ms
[2026-04-03T03:19:44.045+0600][18.874s][info][gc,phases   ] GC(31) Concurrent Mark Free 0.004ms
[2026-04-03T03:19:44.056+0600][18.885s][info][gc,phases   ] GC(31) Concurrent Process Non-Strong References 10.724ms
[2026-04-03T03:19:44.056+0600][18.885s][info][gc,phases   ] GC(31) Concurrent Reset Relocation Set 0.004ms
[2026-04-03T03:19:44.060+0600][18.889s][info][gc,phases   ] GC(31) Concurrent Select Relocation Set 4.044ms
[2026-04-03T03:19:44.060+0600][18.889s][info][gc,phases   ] GC(31) Pause Relocate Start 0.015ms
[2026-04-03T03:19:44.066+0600][18.894s][info][gc,phases   ] GC(31) Concurrent Relocate 5.000ms
[2026-04-03T03:19:44.066+0600][18.894s][info][gc,load     ] GC(31) Load: 4.35/4.92/5.44
[2026-04-03T03:19:44.066+0600][18.895s][info][gc,mmu      ] GC(31) MMU: 2ms/97.1%, 5ms/98.8%, 10ms/99.3%, 20ms/99.6%, 50ms/99.8%, 100ms/99.9%
[2026-04-03T03:19:44.066+0600][18.895s][info][gc,marking  ] GC(31) Mark: 2 stripe(s), 2 proactive flush(es), 1 terminate flush(es), 0 completion(s), 0 continuation(s) 
[2026-04-03T03:19:44.066+0600][18.895s][info][gc,marking  ] GC(31) Mark Stack Usage: 32M
[2026-04-03T03:19:44.066+0600][18.895s][info][gc,nmethod  ] GC(31) NMethods: 4837 registered, 775 unregistered
[2026-04-03T03:19:44.066+0600][18.895s][info][gc,metaspace] GC(31) Metaspace: 67M used, 68M committed, 1088M reserved
[2026-04-03T03:19:44.066+0600][18.895s][info][gc,ref      ] GC(31) Soft: 4887 encountered, 0 discovered, 0 enqueued
[2026-04-03T03:19:44.066+0600][18.895s][info][gc,ref      ] GC(31) Weak: 5800 encountered, 837 discovered, 37 enqueued
[2026-04-03T03:19:44.066+0600][18.895s][info][gc,ref      ] GC(31) Final: 82 encountered, 2 discovered, 0 enqueued
[2026-04-03T03:19:44.066+0600][18.895s][info][gc,ref      ] GC(31) Phantom: 596 encountered, 566 discovered, 0 enqueued
[2026-04-03T03:19:44.066+0600][18.895s][info][gc,reloc    ] GC(31) Small Pages: 36 / 72M, Empty: 0M, Relocated: 3M, In-Place: 0
[2026-04-03T03:19:44.066+0600][18.895s][info][gc,reloc    ] GC(31) Medium Pages: 1 / 16M, Empty: 0M, Relocated: 0M, In-Place: 0
[2026-04-03T03:19:44.066+0600][18.895s][info][gc,reloc    ] GC(31) Large Pages: 1 / 4M, Empty: 0M, Relocated: 0M, In-Place: 0
[2026-04-03T03:19:44.066+0600][18.895s][info][gc,reloc    ] GC(31) Forwarding Usage: 1M
[2026-04-03T03:19:44.066+0600][18.895s][info][gc,heap     ] GC(31) Min Capacity: 8M(1%)
[2026-04-03T03:19:44.066+0600][18.895s][info][gc,heap     ] GC(31) Max Capacity: 1000M(100%)
[2026-04-03T03:19:44.066+0600][18.895s][info][gc,heap     ] GC(31) Soft Max Capacity: 1000M(100%)
[2026-04-03T03:19:44.066+0600][18.895s][info][gc,heap     ] GC(31)                Mark Start          Mark End        Relocate Start      Relocate End           High               Low         
[2026-04-03T03:19:44.066+0600][18.895s][info][gc,heap     ] GC(31)  Capacity:      852M (85%)         852M (85%)         852M (85%)         852M (85%)         852M (85%)         852M (85%)    
[2026-04-03T03:19:44.066+0600][18.895s][info][gc,heap     ] GC(31)      Free:      908M (91%)         892M (89%)         888M (89%)         918M (92%)         918M (92%)         884M (88%)    
[2026-04-03T03:19:44.066+0600][18.895s][info][gc,heap     ] GC(31)      Used:       92M (9%)          108M (11%)         112M (11%)          82M (8%)          116M (12%)          82M (8%)     
[2026-04-03T03:19:44.066+0600][18.895s][info][gc,heap     ] GC(31)      Live:         -                40M (4%)           40M (4%)           40M (4%)             -                  -          
[2026-04-03T03:19:44.066+0600][18.895s][info][gc,heap     ] GC(31) Allocated:         -                16M (2%)           20M (2%)           23M (2%)             -                  -          
[2026-04-03T03:19:44.066+0600][18.895s][info][gc,heap     ] GC(31)   Garbage:         -                51M (5%)           51M (5%)           17M (2%)             -                  -          
[2026-04-03T03:19:44.066+0600][18.895s][info][gc,heap     ] GC(31) Reclaimed:         -                  -                 0M (0%)           33M (3%)             -                  -          
[2026-04-03T03:19:44.066+0600][18.895s][info][gc          ] GC(31) Garbage Collection (Allocation Rate) 92M(9%)->82M(8%)
[2026-04-03T03:19:44.085+0600][18.914s][info][gc,start    ] GC(32) Garbage Collection (Allocation Rate)
[2026-04-03T03:19:44.085+0600][18.914s][info][gc,task     ] GC(32) Using 2 workers
[2026-04-03T03:19:44.085+0600][18.914s][info][gc,phases   ] GC(32) Pause Mark Start 0.018ms
[2026-04-03T03:19:44.135+0600][18.964s][info][gc,phases   ] GC(32) Concurrent Mark 49.390ms
[2026-04-03T03:19:44.135+0600][18.964s][info][gc,phases   ] GC(32) Pause Mark End 0.023ms
[2026-04-03T03:19:44.136+0600][18.964s][info][gc,phases   ] GC(32) Concurrent Mark Free 0.002ms
[2026-04-03T03:19:44.145+0600][18.973s][info][gc,phases   ] GC(32) Concurrent Process Non-Strong References 8.931ms
[2026-04-03T03:19:44.145+0600][18.973s][info][gc,phases   ] GC(32) Concurrent Reset Relocation Set 0.004ms
[2026-04-03T03:19:44.148+0600][18.976s][info][gc,phases   ] GC(32) Concurrent Select Relocation Set 3.155ms
[2026-04-03T03:19:44.148+0600][18.977s][info][gc,phases   ] GC(32) Pause Relocate Start 0.014ms
[2026-04-03T03:19:44.151+0600][18.979s][info][gc,phases   ] GC(32) Concurrent Relocate 2.218ms
[2026-04-03T03:19:44.151+0600][18.979s][info][gc,load     ] GC(32) Load: 4.35/4.92/5.44
[2026-04-03T03:19:44.151+0600][18.979s][info][gc,mmu      ] GC(32) MMU: 2ms/97.1%, 5ms/98.8%, 10ms/99.3%, 20ms/99.6%, 50ms/99.8%, 100ms/99.9%
[2026-04-03T03:19:44.151+0600][18.979s][info][gc,marking  ] GC(32) Mark: 2 stripe(s), 2 proactive flush(es), 1 terminate flush(es), 0 completion(s), 0 continuation(s) 
[2026-04-03T03:19:44.151+0600][18.979s][info][gc,marking  ] GC(32) Mark Stack Usage: 32M
[2026-04-03T03:19:44.151+0600][18.979s][info][gc,nmethod  ] GC(32) NMethods: 4849 registered, 785 unregistered
[2026-04-03T03:19:44.151+0600][18.979s][info][gc,metaspace] GC(32) Metaspace: 67M used, 68M committed, 1088M reserved
[2026-04-03T03:19:44.151+0600][18.979s][info][gc,ref      ] GC(32) Soft: 4887 encountered, 0 discovered, 0 enqueued
[2026-04-03T03:19:44.151+0600][18.979s][info][gc,ref      ] GC(32) Weak: 5763 encountered, 1877 discovered, 0 enqueued
[2026-04-03T03:19:44.151+0600][18.979s][info][gc,ref      ] GC(32) Final: 82 encountered, 0 discovered, 0 enqueued
[2026-04-03T03:19:44.151+0600][18.979s][info][gc,ref      ] GC(32) Phantom: 596 encountered, 384 discovered, 0 enqueued
[2026-04-03T03:19:44.151+0600][18.979s][info][gc,reloc    ] GC(32) Small Pages: 31 / 62M, Empty: 0M, Relocated: 1M, In-Place: 0
[2026-04-03T03:19:44.151+0600][18.979s][info][gc,reloc    ] GC(32) Medium Pages: 1 / 16M, Empty: 0M, Relocated: 0M, In-Place: 0
[2026-04-03T03:19:44.151+0600][18.979s][info][gc,reloc    ] GC(32) Large Pages: 1 / 4M, Empty: 0M, Relocated: 0M, In-Place: 0
[2026-04-03T03:19:44.151+0600][18.979s][info][gc,reloc    ] GC(32) Forwarding Usage: 0M
[2026-04-03T03:19:44.151+0600][18.979s][info][gc,heap     ] GC(32) Min Capacity: 8M(1%)
[2026-04-03T03:19:44.151+0600][18.979s][info][gc,heap     ] GC(32) Max Capacity: 1000M(100%)
[2026-04-03T03:19:44.151+0600][18.979s][info][gc,heap     ] GC(32) Soft Max Capacity: 1000M(100%)
[2026-04-03T03:19:44.151+0600][18.979s][info][gc,heap     ] GC(32)                Mark Start          Mark End        Relocate Start      Relocate End           High               Low         
[2026-04-03T03:19:44.151+0600][18.979s][info][gc,heap     ] GC(32)  Capacity:      852M (85%)         852M (85%)         852M (85%)         852M (85%)         852M (85%)         852M (85%)    
[2026-04-03T03:19:44.151+0600][18.979s][info][gc,heap     ] GC(32)      Free:      918M (92%)         870M (87%)         860M (86%)         880M (88%)         918M (92%)         858M (86%)    
[2026-04-03T03:19:44.151+0600][18.980s][info][gc,heap     ] GC(32)      Used:       82M (8%)          130M (13%)         140M (14%)         120M (12%)         142M (14%)          82M (8%)     
[2026-04-03T03:19:44.151+0600][18.980s][info][gc,heap     ] GC(32)      Live:         -                41M (4%)           41M (4%)           41M (4%)             -                  -          
[2026-04-03T03:19:44.151+0600][18.980s][info][gc,heap     ] GC(32) Allocated:         -                48M (5%)           58M (6%)           59M (6%)             -                  -          
[2026-04-03T03:19:44.151+0600][18.980s][info][gc,heap     ] GC(32)   Garbage:         -                40M (4%)           40M (4%)           18M (2%)             -                  -          
[2026-04-03T03:19:44.151+0600][18.980s][info][gc,heap     ] GC(32) Reclaimed:         -                  -                 0M (0%)           21M (2%)             -                  -          
[2026-04-03T03:19:44.151+0600][18.980s][info][gc          ] GC(32) Garbage Collection (Allocation Rate) 82M(8%)->120M(12%)
[2026-04-03T03:19:44.185+0600][19.014s][info][gc,start    ] GC(33) Garbage Collection (Allocation Rate)
[2026-04-03T03:19:44.185+0600][19.014s][info][gc,task     ] GC(33) Using 2 workers
[2026-04-03T03:19:44.186+0600][19.014s][info][gc,phases   ] GC(33) Pause Mark Start 0.011ms
[2026-04-03T03:19:44.256+0600][19.085s][info][gc,phases   ] GC(33) Concurrent Mark 70.443ms
[2026-04-03T03:19:44.256+0600][19.085s][info][gc,phases   ] GC(33) Pause Mark End 0.026ms
[2026-04-03T03:19:44.257+0600][19.085s][info][gc,phases   ] GC(33) Concurrent Mark Free 0.001ms
[2026-04-03T03:19:44.266+0600][19.095s][info][gc,phases   ] GC(33) Concurrent Process Non-Strong References 9.559ms
[2026-04-03T03:19:44.266+0600][19.095s][info][gc,phases   ] GC(33) Concurrent Reset Relocation Set 0.003ms
[2026-04-03T03:19:44.272+0600][19.100s][info][gc,phases   ] GC(33) Concurrent Select Relocation Set 5.381ms
[2026-04-03T03:19:44.272+0600][19.101s][info][gc,phases   ] GC(33) Pause Relocate Start 0.017ms
[2026-04-03T03:19:44.301+0600][19.130s][info][gc,phases   ] GC(33) Concurrent Relocate 29.002ms
[2026-04-03T03:19:44.301+0600][19.130s][info][gc,load     ] GC(33) Load: 4.35/4.92/5.44
[2026-04-03T03:19:44.301+0600][19.130s][info][gc,mmu      ] GC(33) MMU: 2ms/97.1%, 5ms/98.8%, 10ms/99.3%, 20ms/99.6%, 50ms/99.8%, 100ms/99.9%
[2026-04-03T03:19:44.301+0600][19.130s][info][gc,marking  ] GC(33) Mark: 2 stripe(s), 2 proactive flush(es), 1 terminate flush(es), 0 completion(s), 0 continuation(s) 
[2026-04-03T03:19:44.301+0600][19.130s][info][gc,marking  ] GC(33) Mark Stack Usage: 32M
[2026-04-03T03:19:44.301+0600][19.130s][info][gc,nmethod  ] GC(33) NMethods: 4855 registered, 803 unregistered
[2026-04-03T03:19:44.301+0600][19.130s][info][gc,metaspace] GC(33) Metaspace: 67M used, 68M committed, 1088M reserved
[2026-04-03T03:19:44.301+0600][19.130s][info][gc,ref      ] GC(33) Soft: 4893 encountered, 0 discovered, 0 enqueued
[2026-04-03T03:19:44.301+0600][19.130s][info][gc,ref      ] GC(33) Weak: 5793 encountered, 1391 discovered, 8 enqueued
[2026-04-03T03:19:44.301+0600][19.130s][info][gc,ref      ] GC(33) Final: 82 encountered, 0 discovered, 0 enqueued
[2026-04-03T03:19:44.301+0600][19.130s][info][gc,ref      ] GC(33) Phantom: 596 encountered, 451 discovered, 0 enqueued
[2026-04-03T03:19:44.301+0600][19.130s][info][gc,reloc    ] GC(33) Small Pages: 58 / 116M, Empty: 0M, Relocated: 9M, In-Place: 0
[2026-04-03T03:19:44.301+0600][19.130s][info][gc,reloc    ] GC(33) Medium Pages: 2 / 32M, Empty: 0M, Relocated: 4M, In-Place: 0
[2026-04-03T03:19:44.301+0600][19.130s][info][gc,reloc    ] GC(33) Large Pages: 1 / 4M, Empty: 0M, Relocated: 0M, In-Place: 0
[2026-04-03T03:19:44.301+0600][19.130s][info][gc,reloc    ] GC(33) Forwarding Usage: 5M
[2026-04-03T03:19:44.301+0600][19.130s][info][gc,heap     ] GC(33) Min Capacity: 8M(1%)
[2026-04-03T03:19:44.301+0600][19.130s][info][gc,heap     ] GC(33) Max Capacity: 1000M(100%)
[2026-04-03T03:19:44.301+0600][19.130s][info][gc,heap     ] GC(33) Soft Max Capacity: 1000M(100%)
[2026-04-03T03:19:44.301+0600][19.130s][info][gc,heap     ] GC(33)                Mark Start          Mark End        Relocate Start      Relocate End           High               Low         
[2026-04-03T03:19:44.301+0600][19.130s][info][gc,heap     ] GC(33)  Capacity:      852M (85%)         868M (87%)         868M (87%)         884M (88%)         884M (88%)         852M (85%)    
[2026-04-03T03:19:44.301+0600][19.130s][info][gc,heap     ] GC(33)      Free:      848M (85%)         802M (80%)         790M (79%)         854M (85%)         854M (85%)         766M (77%)    
[2026-04-03T03:19:44.302+0600][19.130s][info][gc,heap     ] GC(33)      Used:      152M (15%)         198M (20%)         210M (21%)         146M (15%)         234M (23%)         146M (15%)    
[2026-04-03T03:19:44.302+0600][19.130s][info][gc,heap     ] GC(33)      Live:         -                51M (5%)           51M (5%)           51M (5%)             -                  -          
[2026-04-03T03:19:44.302+0600][19.130s][info][gc,heap     ] GC(33) Allocated:         -                46M (5%)           58M (6%)           77M (8%)             -                  -          
[2026-04-03T03:19:44.302+0600][19.130s][info][gc,heap     ] GC(33)   Garbage:         -               100M (10%)         100M (10%)          17M (2%)             -                  -          
[2026-04-03T03:19:44.302+0600][19.130s][info][gc,heap     ] GC(33) Reclaimed:         -                  -                 0M (0%)           83M (8%)             -                  -          
[2026-04-03T03:19:44.302+0600][19.130s][info][gc          ] GC(33) Garbage Collection (Allocation Rate) 152M(15%)->146M(15%)
[2026-04-03T03:19:44.385+0600][19.214s][info][gc,start    ] GC(34) Garbage Collection (Allocation Rate)
[2026-04-03T03:19:44.385+0600][19.214s][info][gc,task     ] GC(34) Using 3 workers
[2026-04-03T03:19:44.386+0600][19.214s][info][gc,phases   ] GC(34) Pause Mark Start 0.011ms
[2026-04-03T03:19:44.472+0600][19.300s][info][gc,phases   ] GC(34) Concurrent Mark 85.855ms
[2026-04-03T03:19:44.472+0600][19.301s][info][gc,phases   ] GC(34) Pause Mark End 0.035ms
[2026-04-03T03:19:44.472+0600][19.301s][info][gc,phases   ] GC(34) Concurrent Mark Free 0.002ms
[2026-04-03T03:19:44.480+0600][19.308s][info][gc,phases   ] GC(34) Concurrent Process Non-Strong References 7.335ms
[2026-04-03T03:19:44.480+0600][19.308s][info][gc,phases   ] GC(34) Concurrent Reset Relocation Set 0.011ms
[2026-04-03T03:19:44.486+0600][19.315s][info][gc,phases   ] GC(34) Concurrent Select Relocation Set 6.416ms
[2026-04-03T03:19:44.487+0600][19.315s][info][gc,phases   ] GC(34) Pause Relocate Start 0.023ms
[2026-04-03T03:19:44.505+0600][19.333s][info][gc,phases   ] GC(34) Concurrent Relocate 18.003ms
[2026-04-03T03:19:44.505+0600][19.334s][info][gc,load     ] GC(34) Load: 4.35/4.92/5.44
[2026-04-03T03:19:44.505+0600][19.334s][info][gc,mmu      ] GC(34) MMU: 2ms/97.1%, 5ms/98.8%, 10ms/99.3%, 20ms/99.6%, 50ms/99.8%, 100ms/99.9%
[2026-04-03T03:19:44.505+0600][19.334s][info][gc,marking  ] GC(34) Mark: 2 stripe(s), 2 proactive flush(es), 1 terminate flush(es), 0 completion(s), 0 continuation(s) 
[2026-04-03T03:19:44.505+0600][19.334s][info][gc,marking  ] GC(34) Mark Stack Usage: 32M
[2026-04-03T03:19:44.505+0600][19.334s][info][gc,nmethod  ] GC(34) NMethods: 4855 registered, 820 unregistered
[2026-04-03T03:19:44.505+0600][19.334s][info][gc,metaspace] GC(34) Metaspace: 67M used, 68M committed, 1088M reserved
[2026-04-03T03:19:44.505+0600][19.334s][info][gc,ref      ] GC(34) Soft: 4893 encountered, 0 discovered, 0 enqueued
[2026-04-03T03:19:44.505+0600][19.334s][info][gc,ref      ] GC(34) Weak: 5785 encountered, 1100 discovered, 0 enqueued
[2026-04-03T03:19:44.505+0600][19.334s][info][gc,ref      ] GC(34) Final: 82 encountered, 0 discovered, 0 enqueued
[2026-04-03T03:19:44.505+0600][19.334s][info][gc,ref      ] GC(34) Phantom: 596 encountered, 460 discovered, 0 enqueued
[2026-04-03T03:19:44.505+0600][19.334s][info][gc,reloc    ] GC(34) Small Pages: 80 / 160M, Empty: 0M, Relocated: 15M, In-Place: 0
[2026-04-03T03:19:44.505+0600][19.334s][info][gc,reloc    ] GC(34) Medium Pages: 2 / 32M, Empty: 16M, Relocated: 0M, In-Place: 0
[2026-04-03T03:19:44.505+0600][19.334s][info][gc,reloc    ] GC(34) Large Pages: 4 / 16M, Empty: 0M, Relocated: 0M, In-Place: 0
[2026-04-03T03:19:44.505+0600][19.334s][info][gc,reloc    ] GC(34) Forwarding Usage: 9M
[2026-04-03T03:19:44.505+0600][19.334s][info][gc,heap     ] GC(34) Min Capacity: 8M(1%)
[2026-04-03T03:19:44.505+0600][19.334s][info][gc,heap     ] GC(34) Max Capacity: 1000M(100%)
[2026-04-03T03:19:44.505+0600][19.334s][info][gc,heap     ] GC(34) Soft Max Capacity: 1000M(100%)
[2026-04-03T03:19:44.505+0600][19.334s][info][gc,heap     ] GC(34)                Mark Start          Mark End        Relocate Start      Relocate End           High               Low         
[2026-04-03T03:19:44.505+0600][19.334s][info][gc,heap     ] GC(34)  Capacity:      884M (88%)         884M (88%)         884M (88%)         884M (88%)         884M (88%)         884M (88%)    
[2026-04-03T03:19:44.505+0600][19.334s][info][gc,heap     ] GC(34)      Free:      792M (79%)         742M (74%)         752M (75%)         838M (84%)         838M (84%)         738M (74%)    
[2026-04-03T03:19:44.505+0600][19.334s][info][gc,heap     ] GC(34)      Used:      208M (21%)         258M (26%)         248M (25%)         162M (16%)         262M (26%)         162M (16%)    
[2026-04-03T03:19:44.505+0600][19.334s][info][gc,heap     ] GC(34)      Live:         -                76M (8%)           76M (8%)           76M (8%)             -                  -          
[2026-04-03T03:19:44.505+0600][19.334s][info][gc,heap     ] GC(34) Allocated:         -                50M (5%)           56M (6%)           65M (7%)             -                  -          
[2026-04-03T03:19:44.505+0600][19.334s][info][gc,heap     ] GC(34)   Garbage:         -               131M (13%)         115M (12%)          19M (2%)             -                  -          
[2026-04-03T03:19:44.505+0600][19.334s][info][gc,heap     ] GC(34) Reclaimed:         -                  -                16M (2%)          111M (11%)            -                  -          
[2026-04-03T03:19:44.505+0600][19.334s][info][gc          ] GC(34) Garbage Collection (Allocation Rate) 208M(21%)->162M(16%)
[2026-04-03T03:19:44.585+0600][19.414s][info][gc,start    ] GC(35) Garbage Collection (Allocation Rate)
[2026-04-03T03:19:44.585+0600][19.414s][info][gc,task     ] GC(35) Using 3 workers
[2026-04-03T03:19:44.585+0600][19.414s][info][gc,phases   ] GC(35) Pause Mark Start 0.014ms
[2026-04-03T03:19:44.736+0600][19.565s][info][gc,phases   ] GC(35) Concurrent Mark 150.505ms
[2026-04-03T03:19:44.736+0600][19.565s][info][gc,phases   ] GC(35) Pause Mark End 0.052ms
[2026-04-03T03:19:44.736+0600][19.565s][info][gc,phases   ] GC(35) Concurrent Mark Free 0.002ms
[2026-04-03T03:19:44.744+0600][19.572s][info][gc,phases   ] GC(35) Concurrent Process Non-Strong References 7.380ms
[2026-04-03T03:19:44.744+0600][19.573s][info][gc,phases   ] GC(35) Concurrent Reset Relocation Set 0.015ms
[2026-04-03T03:19:44.762+0600][19.590s][info][gc,phases   ] GC(35) Concurrent Select Relocation Set 17.657ms
[2026-04-03T03:19:44.762+0600][19.591s][info][gc,phases   ] GC(35) Pause Relocate Start 0.029ms
[2026-04-03T03:19:44.790+0600][19.619s][info][gc,phases   ] GC(35) Concurrent Relocate 28.284ms
[2026-04-03T03:19:44.791+0600][19.619s][info][gc,load     ] GC(35) Load: 4.35/4.92/5.44
[2026-04-03T03:19:44.791+0600][19.619s][info][gc,mmu      ] GC(35) MMU: 2ms/97.1%, 5ms/98.8%, 10ms/99.3%, 20ms/99.6%, 50ms/99.8%, 100ms/99.9%
[2026-04-03T03:19:44.791+0600][19.619s][info][gc,marking  ] GC(35) Mark: 2 stripe(s), 3 proactive flush(es), 1 terminate flush(es), 0 completion(s), 0 continuation(s) 
[2026-04-03T03:19:44.791+0600][19.619s][info][gc,marking  ] GC(35) Mark Stack Usage: 32M
[2026-04-03T03:19:44.791+0600][19.619s][info][gc,nmethod  ] GC(35) NMethods: 4852 registered, 828 unregistered
[2026-04-03T03:19:44.791+0600][19.619s][info][gc,metaspace] GC(35) Metaspace: 67M used, 68M committed, 1088M reserved
[2026-04-03T03:19:44.791+0600][19.619s][info][gc,ref      ] GC(35) Soft: 4893 encountered, 0 discovered, 0 enqueued
[2026-04-03T03:19:44.791+0600][19.619s][info][gc,ref      ] GC(35) Weak: 5785 encountered, 1490 discovered, 0 enqueued
[2026-04-03T03:19:44.791+0600][19.619s][info][gc,ref      ] GC(35) Final: 82 encountered, 0 discovered, 0 enqueued
[2026-04-03T03:19:44.791+0600][19.619s][info][gc,ref      ] GC(35) Phantom: 596 encountered, 473 discovered, 0 enqueued
[2026-04-03T03:19:44.791+0600][19.619s][info][gc,reloc    ] GC(35) Small Pages: 96 / 192M, Empty: 0M, Relocated: 27M, In-Place: 0
[2026-04-03T03:19:44.791+0600][19.619s][info][gc,reloc    ] GC(35) Medium Pages: 1 / 16M, Empty: 0M, Relocated: 0M, In-Place: 0
[2026-04-03T03:19:44.791+0600][19.619s][info][gc,reloc    ] GC(35) Large Pages: 7 / 34M, Empty: 12M, Relocated: 0M, In-Place: 0
[2026-04-03T03:19:44.791+0600][19.619s][info][gc,reloc    ] GC(35) Forwarding Usage: 19M
[2026-04-03T03:19:44.791+0600][19.619s][info][gc,heap     ] GC(35) Min Capacity: 8M(1%)
[2026-04-03T03:19:44.791+0600][19.619s][info][gc,heap     ] GC(35) Max Capacity: 1000M(100%)
[2026-04-03T03:19:44.791+0600][19.619s][info][gc,heap     ] GC(35) Soft Max Capacity: 1000M(100%)
[2026-04-03T03:19:44.791+0600][19.619s][info][gc,heap     ] GC(35)                Mark Start          Mark End        Relocate Start      Relocate End           High               Low         
[2026-04-03T03:19:44.791+0600][19.619s][info][gc,heap     ] GC(35)  Capacity:      884M (88%)         884M (88%)         884M (88%)         884M (88%)         884M (88%)         884M (88%)    
[2026-04-03T03:19:44.791+0600][19.619s][info][gc,heap     ] GC(35)      Free:      758M (76%)         666M (67%)         662M (66%)         750M (75%)         758M (76%)         660M (66%)    
[2026-04-03T03:19:44.791+0600][19.619s][info][gc,heap     ] GC(35)      Used:      242M (24%)         334M (33%)         338M (34%)         250M (25%)         340M (34%)         242M (24%)    
[2026-04-03T03:19:44.791+0600][19.619s][info][gc,heap     ] GC(35)      Live:         -               104M (10%)         104M (10%)         104M (10%)            -                  -          
[2026-04-03T03:19:44.791+0600][19.619s][info][gc,heap     ] GC(35) Allocated:         -                92M (9%)          108M (11%)         125M (13%)            -                  -          
[2026-04-03T03:19:44.791+0600][19.619s][info][gc,heap     ] GC(35)   Garbage:         -               137M (14%)         125M (13%)          19M (2%)             -                  -          
[2026-04-03T03:19:44.791+0600][19.620s][info][gc,heap     ] GC(35) Reclaimed:         -                  -                12M (1%)          117M (12%)            -                  -          
[2026-04-03T03:19:44.791+0600][19.620s][info][gc          ] GC(35) Garbage Collection (Allocation Rate) 242M(24%)->250M(25%)
[2026-04-03T03:19:45.085+0600][19.913s][info][gc,start    ] GC(36) Garbage Collection (Allocation Rate)
[2026-04-03T03:19:45.085+0600][19.913s][info][gc,task     ] GC(36) Using 3 workers
[2026-04-03T03:19:45.085+0600][19.914s][info][gc,phases   ] GC(36) Pause Mark Start 0.043ms
[2026-04-03T03:19:45.285+0600][20.114s][info][gc,stats    ] === Garbage Collection Statistics =======================================================================================================================
[2026-04-03T03:19:45.285+0600][20.114s][info][gc,stats    ]                                                              Last 10s              Last 10m              Last 10h                Total
[2026-04-03T03:19:45.285+0600][20.114s][info][gc,stats    ]                                                              Avg / Max             Avg / Max             Avg / Max             Avg / Max
[2026-04-03T03:19:45.285+0600][20.114s][info][gc,stats    ]   Collector: Garbage Collection Cycle                    132.705 / 988.634     123.803 / 988.634     123.803 / 988.634     123.803 / 988.634     ms
[2026-04-03T03:19:45.285+0600][20.114s][info][gc,stats    ]  Contention: Mark Segment Reset Contention                     6 / 21                3 / 21                3 / 21                3 / 21          ops/s
[2026-04-03T03:19:45.285+0600][20.114s][info][gc,stats    ]  Contention: Mark SeqNum Reset Contention                      0 / 4                 0 / 4                 0 / 4                 0 / 4           ops/s
[2026-04-03T03:19:45.285+0600][20.114s][info][gc,stats    ]    Critical: Allocation Stall                                  0 / 0                 0 / 0                 0 / 0                 0 / 0           ops/s
[2026-04-03T03:19:45.285+0600][20.114s][info][gc,stats    ]    Critical: Allocation Stall                              0.000 / 0.000         0.000 / 0.000         0.000 / 0.000         0.000 / 0.000       ms
[2026-04-03T03:19:45.285+0600][20.114s][info][gc,stats    ]    Critical: GC Locker Stall                                   0 / 3                 0 / 3                 0 / 3                 0 / 3           ops/s
[2026-04-03T03:19:45.285+0600][20.114s][info][gc,stats    ]    Critical: GC Locker Stall                               0.001 / 0.001         0.001 / 0.001         0.001 / 0.001         0.001 / 0.001       ms
[2026-04-03T03:19:45.285+0600][20.114s][info][gc,stats    ]    Critical: Relocation Stall                                  0 / 0                 0 / 0                 0 / 0                 0 / 0           ops/s
[2026-04-03T03:19:45.285+0600][20.114s][info][gc,stats    ]    Critical: Relocation Stall                              0.000 / 0.000         0.000 / 0.000         0.000 / 0.000         0.000 / 0.000       ms
[2026-04-03T03:19:45.285+0600][20.114s][info][gc,stats    ]      Memory: Allocation Rate                                 762 / 2572            449 / 2572            449 / 2572            449 / 2572        MB/s
[2026-04-03T03:19:45.285+0600][20.114s][info][gc,stats    ]      Memory: Defragment                                        0 / 2                 0 / 16                0 / 16                0 / 16          ops/s
[2026-04-03T03:19:45.285+0600][20.114s][info][gc,stats    ]      Memory: Out Of Memory                                     0 / 0                 0 / 0                 0 / 0                 0 / 0           ops/s
[2026-04-03T03:19:45.285+0600][20.114s][info][gc,stats    ]      Memory: Page Cache Flush                                  0 / 4                 1 / 32                1 / 32                1 / 32          MB/s
[2026-04-03T03:19:45.285+0600][20.114s][info][gc,stats    ]      Memory: Page Cache Hit L1                               370 / 1314            205 / 1314            205 / 1314            205 / 1314        ops/s
[2026-04-03T03:19:45.285+0600][20.114s][info][gc,stats    ]      Memory: Page Cache Hit L2                                 0 / 0                 0 / 0                 0 / 0                 0 / 0           ops/s
[2026-04-03T03:19:45.285+0600][20.114s][info][gc,stats    ]      Memory: Page Cache Hit L3                                 0 / 7                 7 / 64                7 / 64                7 / 64          ops/s
[2026-04-03T03:19:45.285+0600][20.114s][info][gc,stats    ]      Memory: Page Cache Miss                                  12 / 91               13 / 142              13 / 142              13 / 142         ops/s
[2026-04-03T03:19:45.285+0600][20.114s][info][gc,stats    ]      Memory: Uncommit                                          0 / 0                 0 / 0                 0 / 0                 0 / 0           MB/s
[2026-04-03T03:19:45.285+0600][20.114s][info][gc,stats    ]      Memory: Undo Object Allocation Failed                     0 / 0                 0 / 0                 0 / 0                 0 / 0           ops/s
[2026-04-03T03:19:45.285+0600][20.114s][info][gc,stats    ]      Memory: Undo Object Allocation Succeeded                  1 / 8                 0 / 8                 0 / 8                 0 / 8           ops/s
[2026-04-03T03:19:45.285+0600][20.114s][info][gc,stats    ]      Memory: Undo Page Allocation                              0 / 0                 0 / 0                 0 / 0                 0 / 0           ops/s
[2026-04-03T03:19:45.285+0600][20.114s][info][gc,stats    ]       Phase: Concurrent Mark                             115.555 / 978.999     107.035 / 978.999     107.035 / 978.999     107.035 / 978.999     ms
[2026-04-03T03:19:45.286+0600][20.114s][info][gc,stats    ]       Phase: Concurrent Mark Continue                      0.000 / 0.000         0.000 / 0.000         0.000 / 0.000         0.000 / 0.000       ms
[2026-04-03T03:19:45.286+0600][20.114s][info][gc,stats    ]       Phase: Concurrent Mark Free                          0.002 / 0.004         0.002 / 0.004         0.002 / 0.004         0.002 / 0.004       ms
[2026-04-03T03:19:45.286+0600][20.114s][info][gc,stats    ]       Phase: Concurrent Process Non-Strong References      7.535 / 27.865        6.875 / 27.865        6.875 / 27.865        6.875 / 27.865      ms
[2026-04-03T03:19:45.286+0600][20.114s][info][gc,stats    ]       Phase: Concurrent Relocate                           4.517 / 29.002        4.637 / 29.002        4.637 / 29.002        4.637 / 29.002      ms
[2026-04-03T03:19:45.286+0600][20.114s][info][gc,stats    ]       Phase: Concurrent Reset Relocation Set               0.005 / 0.018         0.005 / 0.018         0.005 / 0.018         0.005 / 0.018       ms
[2026-04-03T03:19:45.286+0600][20.114s][info][gc,stats    ]       Phase: Concurrent Select Relocation Set              3.707 / 17.657        3.840 / 17.657        3.840 / 17.657        3.840 / 17.657      ms
[2026-04-03T03:19:45.286+0600][20.114s][info][gc,stats    ]       Phase: Pause Mark End                                0.028 / 0.058         0.027 / 0.058         0.027 / 0.058         0.027 / 0.058       ms
[2026-04-03T03:19:45.286+0600][20.114s][info][gc,stats    ]       Phase: Pause Mark Start                              0.014 / 0.044         0.014 / 0.044         0.014 / 0.044         0.014 / 0.044       ms
[2026-04-03T03:19:45.286+0600][20.114s][info][gc,stats    ]       Phase: Pause Relocate Start                          0.017 / 0.042         0.016 / 0.042         0.016 / 0.042         0.016 / 0.042       ms
[2026-04-03T03:19:45.286+0600][20.114s][info][gc,stats    ]    Subphase: Concurrent Classes Purge                      0.092 / 0.640         0.104 / 0.640         0.104 / 0.640         0.104 / 0.640       ms
[2026-04-03T03:19:45.286+0600][20.114s][info][gc,stats    ]    Subphase: Concurrent Classes Unlink                     5.770 / 24.388        5.196 / 24.388        5.196 / 24.388        5.196 / 24.388      ms
[2026-04-03T03:19:45.286+0600][20.114s][info][gc,stats    ]    Subphase: Concurrent Mark                             122.873 / 978.365     112.001 / 978.365     112.001 / 978.365     112.001 / 978.365     ms
[2026-04-03T03:19:45.286+0600][20.114s][info][gc,stats    ]    Subphase: Concurrent Mark Try Flush                     0.167 / 0.538         0.172 / 0.538         0.172 / 0.538         0.172 / 0.538       ms
[2026-04-03T03:19:45.286+0600][20.114s][info][gc,stats    ]    Subphase: Concurrent Mark Try Terminate                 1.088 / 1.293         1.092 / 1.299         1.092 / 1.299         1.092 / 1.299       ms
[2026-04-03T03:19:45.286+0600][20.114s][info][gc,stats    ]    Subphase: Concurrent References Enqueue                 0.003 / 0.015         0.003 / 0.015         0.003 / 0.015         0.003 / 0.015       ms
[2026-04-03T03:19:45.286+0600][20.114s][info][gc,stats    ]    Subphase: Concurrent References Process                 0.378 / 0.628         0.363 / 0.628         0.363 / 0.628         0.363 / 0.628       ms
[2026-04-03T03:19:45.286+0600][20.114s][info][gc,stats    ]    Subphase: Concurrent Roots ClassLoaderDataGraph         0.238 / 0.814         0.221 / 0.814         0.221 / 0.814         0.221 / 0.814       ms
[2026-04-03T03:19:45.286+0600][20.114s][info][gc,stats    ]    Subphase: Concurrent Roots CodeCache                    0.000 / 0.000         0.000 / 0.000         0.000 / 0.000         0.000 / 0.000       ms
[2026-04-03T03:19:45.286+0600][20.114s][info][gc,stats    ]    Subphase: Concurrent Roots JavaThreads                  0.407 / 2.055         0.424 / 2.262         0.424 / 2.262         0.424 / 2.262       ms
[2026-04-03T03:19:45.286+0600][20.114s][info][gc,stats    ]    Subphase: Concurrent Roots OopStorageSet                0.042 / 0.262         0.044 / 0.262         0.044 / 0.262         0.044 / 0.262       ms
[2026-04-03T03:19:45.286+0600][20.114s][info][gc,stats    ]    Subphase: Concurrent Weak Roots OopStorageSet           0.793 / 1.963         0.727 / 1.963         0.727 / 1.963         0.727 / 1.963       ms
[2026-04-03T03:19:45.286+0600][20.114s][info][gc,stats    ]    Subphase: Pause Mark Try Complete                       0.000 / 0.000         0.000 / 0.000         0.000 / 0.000         0.000 / 0.000       ms
[2026-04-03T03:19:45.286+0600][20.115s][info][gc,stats    ]      System: Java Threads                                     65 / 75               59 / 75               59 / 75               59 / 75          threads
[2026-04-03T03:19:45.286+0600][20.115s][info][gc,stats    ] =========================================================================================================================================================
[2026-04-03T03:19:45.422+0600][20.251s][info][gc,phases   ] GC(36) Concurrent Mark 337.027ms
[2026-04-03T03:19:45.422+0600][20.251s][info][gc,phases   ] GC(36) Pause Mark End 0.025ms
[2026-04-03T03:19:45.423+0600][20.251s][info][gc,phases   ] GC(36) Concurrent Mark Free 0.004ms
[2026-04-03T03:19:45.431+0600][20.260s][info][gc,phases   ] GC(36) Concurrent Process Non-Strong References 8.390ms
[2026-04-03T03:19:45.431+0600][20.260s][info][gc,phases   ] GC(36) Concurrent Reset Relocation Set 0.010ms
[2026-04-03T03:19:45.448+0600][20.277s][info][gc,phases   ] GC(36) Concurrent Select Relocation Set 17.093ms
[2026-04-03T03:19:45.449+0600][20.277s][info][gc,phases   ] GC(36) Pause Relocate Start 0.017ms
[2026-04-03T03:19:45.526+0600][20.355s][info][gc,phases   ] GC(36) Concurrent Relocate 77.046ms
[2026-04-03T03:19:45.526+0600][20.355s][info][gc,load     ] GC(36) Load: 4.80/5.00/5.47
[2026-04-03T03:19:45.526+0600][20.355s][info][gc,mmu      ] GC(36) MMU: 2ms/97.1%, 5ms/98.8%, 10ms/99.3%, 20ms/99.6%, 50ms/99.8%, 100ms/99.9%
[2026-04-03T03:19:45.526+0600][20.355s][info][gc,marking  ] GC(36) Mark: 2 stripe(s), 2 proactive flush(es), 1 terminate flush(es), 0 completion(s), 0 continuation(s) 
[2026-04-03T03:19:45.526+0600][20.355s][info][gc,marking  ] GC(36) Mark Stack Usage: 32M
[2026-04-03T03:19:45.526+0600][20.355s][info][gc,nmethod  ] GC(36) NMethods: 4942 registered, 34 unregistered
[2026-04-03T03:19:45.526+0600][20.355s][info][gc,metaspace] GC(36) Metaspace: 67M used, 68M committed, 1088M reserved
[2026-04-03T03:19:45.526+0600][20.355s][info][gc,ref      ] GC(36) Soft: 4895 encountered, 0 discovered, 0 enqueued
[2026-04-03T03:19:45.526+0600][20.355s][info][gc,ref      ] GC(36) Weak: 5803 encountered, 3650 discovered, 5 enqueued
[2026-04-03T03:19:45.526+0600][20.355s][info][gc,ref      ] GC(36) Final: 82 encountered, 0 discovered, 0 enqueued
[2026-04-03T03:19:45.526+0600][20.355s][info][gc,ref      ] GC(36) Phantom: 594 encountered, 367 discovered, 0 enqueued
[2026-04-03T03:19:45.526+0600][20.355s][info][gc,reloc    ] GC(36) Small Pages: 227 / 454M, Empty: 0M, Relocated: 61M, In-Place: 0
[2026-04-03T03:19:45.526+0600][20.355s][info][gc,reloc    ] GC(36) Medium Pages: 1 / 16M, Empty: 0M, Relocated: 0M, In-Place: 0
[2026-04-03T03:19:45.526+0600][20.355s][info][gc,reloc    ] GC(36) Large Pages: 7 / 52M, Empty: 18M, Relocated: 0M, In-Place: 0
[2026-04-03T03:19:45.526+0600][20.355s][info][gc,reloc    ] GC(36) Forwarding Usage: 40M
[2026-04-03T03:19:45.526+0600][20.355s][info][gc,heap     ] GC(36) Min Capacity: 8M(1%)
[2026-04-03T03:19:45.526+0600][20.355s][info][gc,heap     ] GC(36) Max Capacity: 1000M(100%)
[2026-04-03T03:19:45.526+0600][20.355s][info][gc,heap     ] GC(36) Soft Max Capacity: 1000M(100%)
[2026-04-03T03:19:45.526+0600][20.355s][info][gc,heap     ] GC(36)                Mark Start          Mark End        Relocate Start      Relocate End           High               Low         
[2026-04-03T03:19:45.526+0600][20.355s][info][gc,heap     ] GC(36)  Capacity:      904M (90%)         920M (92%)         920M (92%)         920M (92%)         920M (92%)         904M (90%)    
[2026-04-03T03:19:45.526+0600][20.355s][info][gc,heap     ] GC(36)      Free:      478M (48%)         246M (25%)         250M (25%)         540M (54%)         540M (54%)         240M (24%)    
[2026-04-03T03:19:45.526+0600][20.355s][info][gc,heap     ] GC(36)      Used:      522M (52%)         754M (75%)         750M (75%)         460M (46%)         760M (76%)         460M (46%)    
[2026-04-03T03:19:45.526+0600][20.355s][info][gc,heap     ] GC(36)      Live:         -               176M (18%)         176M (18%)         176M (18%)            -                  -          
[2026-04-03T03:19:45.526+0600][20.355s][info][gc,heap     ] GC(36) Allocated:         -               232M (23%)         246M (25%)         265M (27%)            -                  -          
[2026-04-03T03:19:45.526+0600][20.355s][info][gc,heap     ] GC(36)   Garbage:         -               345M (35%)         327M (33%)          18M (2%)             -                  -          
[2026-04-03T03:19:45.526+0600][20.355s][info][gc,heap     ] GC(36) Reclaimed:         -                  -                18M (2%)          327M (33%)            -                  -          
[2026-04-03T03:19:45.526+0600][20.355s][info][gc          ] GC(36) Garbage Collection (Allocation Rate) 522M(52%)->460M(46%)
[2026-04-03T03:19:45.585+0600][20.414s][info][gc,start    ] GC(37) Garbage Collection (Allocation Rate)
[2026-04-03T03:19:45.585+0600][20.414s][info][gc,task     ] GC(37) Using 3 workers
[2026-04-03T03:19:45.586+0600][20.414s][info][gc,phases   ] GC(37) Pause Mark Start 0.014ms
[2026-04-03T03:19:46.080+0600][20.909s][info][gc,phases   ] GC(37) Concurrent Mark 494.788ms
[2026-04-03T03:19:46.083+0600][20.911s][info][gc,phases   ] GC(37) Pause Mark End 0.025ms
[2026-04-03T03:19:46.083+0600][20.912s][info][gc,phases   ] GC(37) Concurrent Mark Free 0.002ms
[2026-04-03T03:19:46.091+0600][20.920s][info][gc,phases   ] GC(37) Concurrent Process Non-Strong References 7.923ms
[2026-04-03T03:19:46.091+0600][20.920s][info][gc,phases   ] GC(37) Concurrent Reset Relocation Set 0.043ms
[2026-04-03T03:19:46.099+0600][20.928s][info][gc,phases   ] GC(37) Concurrent Select Relocation Set 7.860ms
[2026-04-03T03:19:46.099+0600][20.928s][info][gc,phases   ] GC(37) Pause Relocate Start 0.016ms
[2026-04-03T03:19:46.154+0600][20.983s][info][gc,phases   ] GC(37) Concurrent Relocate 54.812ms
[2026-04-03T03:19:46.155+0600][20.983s][info][gc,load     ] GC(37) Load: 4.80/5.00/5.47
[2026-04-03T03:19:46.155+0600][20.983s][info][gc,mmu      ] GC(37) MMU: 2ms/97.1%, 5ms/98.8%, 10ms/99.3%, 20ms/99.6%, 50ms/99.8%, 100ms/99.9%
[2026-04-03T03:19:46.155+0600][20.983s][info][gc,marking  ] GC(37) Mark: 2 stripe(s), 2 proactive flush(es), 1 terminate flush(es), 0 completion(s), 0 continuation(s) 
[2026-04-03T03:19:46.155+0600][20.983s][info][gc,marking  ] GC(37) Mark Stack Usage: 32M
[2026-04-03T03:19:46.155+0600][20.983s][info][gc,nmethod  ] GC(37) NMethods: 5060 registered, 72 unregistered
[2026-04-03T03:19:46.155+0600][20.983s][info][gc,metaspace] GC(37) Metaspace: 67M used, 68M committed, 1088M reserved
[2026-04-03T03:19:46.155+0600][20.983s][info][gc,ref      ] GC(37) Soft: 4911 encountered, 0 discovered, 0 enqueued
[2026-04-03T03:19:46.155+0600][20.983s][info][gc,ref      ] GC(37) Weak: 5905 encountered, 2248 discovered, 34 enqueued
[2026-04-03T03:19:46.155+0600][20.983s][info][gc,ref      ] GC(37) Final: 82 encountered, 0 discovered, 0 enqueued
[2026-04-03T03:19:46.155+0600][20.983s][info][gc,ref      ] GC(37) Phantom: 593 encountered, 435 discovered, 0 enqueued
[2026-04-03T03:19:46.155+0600][20.983s][info][gc,reloc    ] GC(37) Small Pages: 205 / 410M, Empty: 0M, Relocated: 31M, In-Place: 0
[2026-04-03T03:19:46.155+0600][20.983s][info][gc,reloc    ] GC(37) Medium Pages: 2 / 32M, Empty: 0M, Relocated: 8M, In-Place: 0
[2026-04-03T03:19:46.155+0600][20.983s][info][gc,reloc    ] GC(37) Large Pages: 8 / 50M, Empty: 42M, Relocated: 0M, In-Place: 0
[2026-04-03T03:19:46.155+0600][20.983s][info][gc,reloc    ] GC(37) Forwarding Usage: 20M
[2026-04-03T03:19:46.155+0600][20.983s][info][gc,heap     ] GC(37) Min Capacity: 8M(1%)
[2026-04-03T03:19:46.155+0600][20.983s][info][gc,heap     ] GC(37) Max Capacity: 1000M(100%)
[2026-04-03T03:19:46.155+0600][20.983s][info][gc,heap     ] GC(37) Soft Max Capacity: 1000M(100%)
[2026-04-03T03:19:46.155+0600][20.983s][info][gc,heap     ] GC(37)                Mark Start          Mark End        Relocate Start      Relocate End           High               Low         
[2026-04-03T03:19:46.155+0600][20.983s][info][gc,heap     ] GC(37)  Capacity:      920M (92%)         972M (97%)         972M (97%)         988M (99%)         988M (99%)         920M (92%)    
[2026-04-03T03:19:46.155+0600][20.983s][info][gc,heap     ] GC(37)      Free:      508M (51%)         248M (25%)         284M (28%)         516M (52%)         516M (52%)         244M (24%)    
[2026-04-03T03:19:46.155+0600][20.983s][info][gc,heap     ] GC(37)      Used:      492M (49%)         752M (75%)         716M (72%)         484M (48%)         756M (76%)         484M (48%)    
[2026-04-03T03:19:46.155+0600][20.983s][info][gc,heap     ] GC(37)      Live:         -               185M (19%)         185M (19%)         185M (19%)            -                  -          
[2026-04-03T03:19:46.155+0600][20.983s][info][gc,heap     ] GC(37) Allocated:         -               260M (26%)         266M (27%)         282M (28%)            -                  -          
[2026-04-03T03:19:46.155+0600][20.984s][info][gc,heap     ] GC(37)   Garbage:         -               306M (31%)         264M (26%)          16M (2%)             -                  -          
[2026-04-03T03:19:46.155+0600][20.984s][info][gc,heap     ] GC(37) Reclaimed:         -                  -                42M (4%)          290M (29%)            -                  -          
[2026-04-03T03:19:46.155+0600][20.984s][info][gc          ] GC(37) Garbage Collection (Allocation Rate) 492M(49%)->484M(48%)
[2026-04-03T03:19:46.185+0600][21.013s][info][gc,start    ] GC(38) Garbage Collection (Allocation Rate)
[2026-04-03T03:19:46.185+0600][21.014s][info][gc,task     ] GC(38) Using 3 workers
[2026-04-03T03:19:46.185+0600][21.014s][info][gc,phases   ] GC(38) Pause Mark Start 0.018ms
[2026-04-03T03:19:46.719+0600][21.548s][info][gc,phases   ] GC(38) Concurrent Mark 533.766ms
[2026-04-03T03:19:46.720+0600][21.548s][info][gc,phases   ] GC(38) Pause Mark End 0.031ms
[2026-04-03T03:19:46.720+0600][21.549s][info][gc,phases   ] GC(38) Concurrent Mark Free 0.004ms
[2026-04-03T03:19:46.729+0600][21.558s][info][gc,phases   ] GC(38) Concurrent Process Non-Strong References 9.099ms
[2026-04-03T03:19:46.729+0600][21.558s][info][gc,phases   ] GC(38) Concurrent Reset Relocation Set 0.026ms
[2026-04-03T03:19:46.745+0600][21.573s][info][gc,phases   ] GC(38) Concurrent Select Relocation Set 15.398ms
[2026-04-03T03:19:46.745+0600][21.574s][info][gc,phases   ] GC(38) Pause Relocate Start 0.041ms
[2026-04-03T03:19:46.829+0600][21.657s][info][gc,phases   ] GC(38) Concurrent Relocate 83.525ms
[2026-04-03T03:19:46.829+0600][21.658s][info][gc,load     ] GC(38) Load: 4.80/5.00/5.47
[2026-04-03T03:19:46.829+0600][21.658s][info][gc,mmu      ] GC(38) MMU: 2ms/97.1%, 5ms/98.8%, 10ms/99.3%, 20ms/99.6%, 50ms/99.8%, 100ms/99.9%
[2026-04-03T03:19:46.829+0600][21.658s][info][gc,marking  ] GC(38) Mark: 2 stripe(s), 2 proactive flush(es), 1 terminate flush(es), 0 completion(s), 0 continuation(s) 
[2026-04-03T03:19:46.829+0600][21.658s][info][gc,marking  ] GC(38) Mark Stack Usage: 32M
[2026-04-03T03:19:46.829+0600][21.658s][info][gc,nmethod  ] GC(38) NMethods: 5229 registered, 133 unregistered
[2026-04-03T03:19:46.829+0600][21.658s][info][gc,metaspace] GC(38) Metaspace: 67M used, 68M committed, 1088M reserved
[2026-04-03T03:19:46.829+0600][21.658s][info][gc,ref      ] GC(38) Soft: 4917 encountered, 0 discovered, 0 enqueued
[2026-04-03T03:19:46.829+0600][21.658s][info][gc,ref      ] GC(38) Weak: 5913 encountered, 2613 discovered, 23 enqueued
[2026-04-03T03:19:46.829+0600][21.658s][info][gc,ref      ] GC(38) Final: 82 encountered, 18 discovered, 0 enqueued
[2026-04-03T03:19:46.829+0600][21.658s][info][gc,ref      ] GC(38) Phantom: 593 encountered, 356 discovered, 0 enqueued
[2026-04-03T03:19:46.829+0600][21.658s][info][gc,reloc    ] GC(38) Small Pages: 198 / 396M, Empty: 0M, Relocated: 71M, In-Place: 0
[2026-04-03T03:19:46.829+0600][21.658s][info][gc,reloc    ] GC(38) Medium Pages: 2 / 32M, Empty: 0M, Relocated: 8M, In-Place: 0
[2026-04-03T03:19:46.829+0600][21.658s][info][gc,reloc    ] GC(38) Large Pages: 10 / 64M, Empty: 30M, Relocated: 0M, In-Place: 0
[2026-04-03T03:19:46.829+0600][21.658s][info][gc,reloc    ] GC(38) Forwarding Usage: 38M
[2026-04-03T03:19:46.829+0600][21.658s][info][gc,heap     ] GC(38) Min Capacity: 8M(1%)
[2026-04-03T03:19:46.829+0600][21.658s][info][gc,heap     ] GC(38) Max Capacity: 1000M(100%)
[2026-04-03T03:19:46.829+0600][21.658s][info][gc,heap     ] GC(38) Soft Max Capacity: 1000M(100%)
[2026-04-03T03:19:46.829+0600][21.658s][info][gc,heap     ] GC(38)                Mark Start          Mark End        Relocate Start      Relocate End           High               Low         
[2026-04-03T03:19:46.829+0600][21.658s][info][gc,heap     ] GC(38)  Capacity:      988M (99%)         988M (99%)         988M (99%)         988M (99%)         988M (99%)         988M (99%)    
[2026-04-03T03:19:46.829+0600][21.658s][info][gc,heap     ] GC(38)      Free:      508M (51%)         284M (28%)         306M (31%)         450M (45%)         508M (51%)         280M (28%)    
[2026-04-03T03:19:46.829+0600][21.658s][info][gc,heap     ] GC(38)      Used:      492M (49%)         716M (72%)         694M (69%)         550M (55%)         720M (72%)         492M (49%)    
[2026-04-03T03:19:46.829+0600][21.658s][info][gc,heap     ] GC(38)      Live:         -               284M (28%)         284M (28%)         284M (28%)            -                  -          
[2026-04-03T03:19:46.829+0600][21.658s][info][gc,heap     ] GC(38) Allocated:         -               224M (22%)         232M (23%)         248M (25%)            -                  -          
[2026-04-03T03:19:46.829+0600][21.658s][info][gc,heap     ] GC(38)   Garbage:         -               207M (21%)         177M (18%)          17M (2%)             -                  -          
[2026-04-03T03:19:46.829+0600][21.658s][info][gc,heap     ] GC(38) Reclaimed:         -                  -                30M (3%)          190M (19%)            -                  -          
[2026-04-03T03:19:46.829+0600][21.658s][info][gc          ] GC(38) Garbage Collection (Allocation Rate) 492M(49%)->550M(55%)
[2026-04-03T03:19:46.885+0600][21.714s][info][gc,start    ] GC(39) Garbage Collection (Allocation Rate)
[2026-04-03T03:19:46.886+0600][21.714s][info][gc,task     ] GC(39) Using 3 workers
[2026-04-03T03:19:46.886+0600][21.715s][info][gc,phases   ] GC(39) Pause Mark Start 0.045ms
[2026-04-03T03:19:47.479+0600][22.308s][info][gc,phases   ] GC(39) Concurrent Mark 593.174ms
[2026-04-03T03:19:47.479+0600][22.308s][info][gc,phases   ] GC(39) Pause Mark End 0.022ms
[2026-04-03T03:19:47.480+0600][22.308s][info][gc,phases   ] GC(39) Concurrent Mark Free 0.002ms
[2026-04-03T03:19:47.487+0600][22.316s][info][gc,phases   ] GC(39) Concurrent Process Non-Strong References 7.497ms
[2026-04-03T03:19:47.487+0600][22.316s][info][gc,phases   ] GC(39) Concurrent Reset Relocation Set 0.011ms
[2026-04-03T03:19:47.493+0600][22.321s][info][gc,phases   ] GC(39) Concurrent Select Relocation Set 5.396ms
[2026-04-03T03:19:47.493+0600][22.322s][info][gc,phases   ] GC(39) Pause Relocate Start 0.015ms
[2026-04-03T03:19:47.535+0600][22.363s][info][gc,phases   ] GC(39) Concurrent Relocate 41.592ms
[2026-04-03T03:19:47.535+0600][22.363s][info][gc,load     ] GC(39) Load: 4.80/5.00/5.47
[2026-04-03T03:19:47.535+0600][22.364s][info][gc,mmu      ] GC(39) MMU: 2ms/97.1%, 5ms/98.8%, 10ms/99.3%, 20ms/99.6%, 50ms/99.8%, 100ms/99.9%
[2026-04-03T03:19:47.535+0600][22.364s][info][gc,marking  ] GC(39) Mark: 2 stripe(s), 3 proactive flush(es), 1 terminate flush(es), 0 completion(s), 0 continuation(s) 
[2026-04-03T03:19:47.535+0600][22.364s][info][gc,marking  ] GC(39) Mark Stack Usage: 32M
[2026-04-03T03:19:47.535+0600][22.364s][info][gc,nmethod  ] GC(39) NMethods: 5182 registered, 245 unregistered
[2026-04-03T03:19:47.535+0600][22.364s][info][gc,metaspace] GC(39) Metaspace: 67M used, 68M committed, 1088M reserved
[2026-04-03T03:19:47.535+0600][22.364s][info][gc,ref      ] GC(39) Soft: 4934 encountered, 0 discovered, 0 enqueued
[2026-04-03T03:19:47.535+0600][22.364s][info][gc,ref      ] GC(39) Weak: 5923 encountered, 2227 discovered, 6 enqueued
[2026-04-03T03:19:47.535+0600][22.364s][info][gc,ref      ] GC(39) Final: 82 encountered, 2 discovered, 0 enqueued
[2026-04-03T03:19:47.535+0600][22.364s][info][gc,ref      ] GC(39) Phantom: 595 encountered, 367 discovered, 0 enqueued
[2026-04-03T03:19:47.535+0600][22.364s][info][gc,reloc    ] GC(39) Small Pages: 236 / 472M, Empty: 0M, Relocated: 33M, In-Place: 0
[2026-04-03T03:19:47.535+0600][22.364s][info][gc,reloc    ] GC(39) Medium Pages: 2 / 32M, Empty: 0M, Relocated: 9M, In-Place: 0
[2026-04-03T03:19:47.535+0600][22.364s][info][gc,reloc    ] GC(39) Large Pages: 8 / 54M, Empty: 8M, Relocated: 0M, In-Place: 0
[2026-04-03T03:19:47.535+0600][22.364s][info][gc,reloc    ] GC(39) Forwarding Usage: 27M
[2026-04-03T03:19:47.535+0600][22.364s][info][gc,heap     ] GC(39) Min Capacity: 8M(1%)
[2026-04-03T03:19:47.535+0600][22.364s][info][gc,heap     ] GC(39) Max Capacity: 1000M(100%)
[2026-04-03T03:19:47.535+0600][22.364s][info][gc,heap     ] GC(39) Soft Max Capacity: 1000M(100%)
[2026-04-03T03:19:47.535+0600][22.364s][info][gc,heap     ] GC(39)                Mark Start          Mark End        Relocate Start      Relocate End           High               Low         
[2026-04-03T03:19:47.535+0600][22.364s][info][gc,heap     ] GC(39)  Capacity:      988M (99%)         988M (99%)         988M (99%)         988M (99%)         988M (99%)         988M (99%)    
[2026-04-03T03:19:47.535+0600][22.364s][info][gc,heap     ] GC(39)      Free:      442M (44%)         356M (36%)         360M (36%)         568M (57%)         568M (57%)         340M (34%)    
[2026-04-03T03:19:47.535+0600][22.364s][info][gc,heap     ] GC(39)      Used:      558M (56%)         644M (64%)         640M (64%)         432M (43%)         660M (66%)         432M (43%)    
[2026-04-03T03:19:47.535+0600][22.364s][info][gc,heap     ] GC(39)      Live:         -               324M (32%)         324M (32%)         324M (32%)            -                  -          
[2026-04-03T03:19:47.535+0600][22.364s][info][gc,heap     ] GC(39) Allocated:         -                86M (9%)           90M (9%)           93M (9%)             -                  -          
[2026-04-03T03:19:47.535+0600][22.364s][info][gc,heap     ] GC(39)   Garbage:         -               233M (23%)         225M (23%)          14M (1%)             -                  -          
[2026-04-03T03:19:47.535+0600][22.364s][info][gc,heap     ] GC(39) Reclaimed:         -                  -                 8M (1%)          219M (22%)            -                  -          
[2026-04-03T03:19:47.535+0600][22.364s][info][gc          ] GC(39) Garbage Collection (Allocation Rate) 558M(56%)->432M(43%)
[2026-04-03T03:19:47.585+0600][22.414s][info][gc,start    ] GC(40) Garbage Collection (Allocation Rate)
[2026-04-03T03:19:47.585+0600][22.414s][info][gc,task     ] GC(40) Using 3 workers
[2026-04-03T03:19:47.585+0600][22.414s][info][gc,phases   ] GC(40) Pause Mark Start 0.044ms
[2026-04-03T03:19:48.147+0600][22.976s][info][gc,phases   ] GC(40) Concurrent Mark 561.335ms
[2026-04-03T03:19:48.147+0600][22.976s][info][gc,phases   ] GC(40) Pause Mark End 0.048ms
[2026-04-03T03:19:48.147+0600][22.976s][info][gc,phases   ] GC(40) Concurrent Mark Free 0.003ms
[2026-04-03T03:19:48.156+0600][22.985s][info][gc,phases   ] GC(40) Concurrent Process Non-Strong References 8.383ms
[2026-04-03T03:19:48.156+0600][22.985s][info][gc,phases   ] GC(40) Concurrent Reset Relocation Set 0.032ms
[2026-04-03T03:19:48.164+0600][22.993s][info][gc,phases   ] GC(40) Concurrent Select Relocation Set 7.916ms
[2026-04-03T03:19:48.164+0600][22.993s][info][gc,phases   ] GC(40) Pause Relocate Start 0.023ms
[2026-04-03T03:19:48.170+0600][22.999s][info][gc,phases   ] GC(40) Concurrent Relocate 5.739ms
[2026-04-03T03:19:48.170+0600][22.999s][info][gc,load     ] GC(40) Load: 4.80/5.00/5.47
[2026-04-03T03:19:48.170+0600][22.999s][info][gc,mmu      ] GC(40) MMU: 2ms/97.1%, 5ms/98.8%, 10ms/99.3%, 20ms/99.6%, 50ms/99.8%, 100ms/99.9%
[2026-04-03T03:19:48.170+0600][22.999s][info][gc,marking  ] GC(40) Mark: 2 stripe(s), 2 proactive flush(es), 1 terminate flush(es), 0 completion(s), 0 continuation(s) 
[2026-04-03T03:19:48.170+0600][22.999s][info][gc,marking  ] GC(40) Mark Stack Usage: 32M
[2026-04-03T03:19:48.170+0600][22.999s][info][gc,nmethod  ] GC(40) NMethods: 5233 registered, 281 unregistered
[2026-04-03T03:19:48.170+0600][22.999s][info][gc,metaspace] GC(40) Metaspace: 67M used, 68M committed, 1088M reserved
[2026-04-03T03:19:48.170+0600][22.999s][info][gc,ref      ] GC(40) Soft: 4934 encountered, 0 discovered, 0 enqueued
[2026-04-03T03:19:48.170+0600][22.999s][info][gc,ref      ] GC(40) Weak: 5917 encountered, 2658 discovered, 0 enqueued
[2026-04-03T03:19:48.170+0600][22.999s][info][gc,ref      ] GC(40) Final: 82 encountered, 16 discovered, 0 enqueued
[2026-04-03T03:19:48.170+0600][22.999s][info][gc,ref      ] GC(40) Phantom: 596 encountered, 444 discovered, 0 enqueued
[2026-04-03T03:19:48.170+0600][22.999s][info][gc,reloc    ] GC(40) Small Pages: 183 / 366M, Empty: 26M, Relocated: 3M, In-Place: 0
[2026-04-03T03:19:48.170+0600][22.999s][info][gc,reloc    ] GC(40) Medium Pages: 2 / 32M, Empty: 16M, Relocated: 0M, In-Place: 0
[2026-04-03T03:19:48.170+0600][22.999s][info][gc,reloc    ] GC(40) Large Pages: 6 / 46M, Empty: 0M, Relocated: 0M, In-Place: 0
[2026-04-03T03:19:48.170+0600][22.999s][info][gc,reloc    ] GC(40) Forwarding Usage: 1M
[2026-04-03T03:19:48.170+0600][22.999s][info][gc,heap     ] GC(40) Min Capacity: 8M(1%)
[2026-04-03T03:19:48.170+0600][22.999s][info][gc,heap     ] GC(40) Max Capacity: 1000M(100%)
[2026-04-03T03:19:48.171+0600][22.999s][info][gc,heap     ] GC(40) Soft Max Capacity: 1000M(100%)
[2026-04-03T03:19:48.171+0600][22.999s][info][gc,heap     ] GC(40)                Mark Start          Mark End        Relocate Start      Relocate End           High               Low         
[2026-04-03T03:19:48.171+0600][22.999s][info][gc,heap     ] GC(40)  Capacity:      988M (99%)         988M (99%)         988M (99%)         988M (99%)         988M (99%)         988M (99%)    
[2026-04-03T03:19:48.171+0600][22.999s][info][gc,heap     ] GC(40)      Free:      556M (56%)         438M (44%)         474M (47%)         536M (54%)         556M (56%)         436M (44%)    
[2026-04-03T03:19:48.171+0600][22.999s][info][gc,heap     ] GC(40)      Used:      444M (44%)         562M (56%)         526M (53%)         464M (46%)         564M (56%)         444M (44%)    
[2026-04-03T03:19:48.171+0600][22.999s][info][gc,heap     ] GC(40)      Live:         -               323M (32%)         323M (32%)         323M (32%)            -                  -          
[2026-04-03T03:19:48.171+0600][22.999s][info][gc,heap     ] GC(40) Allocated:         -               118M (12%)         124M (12%)         125M (13%)            -                  -          
[2026-04-03T03:19:48.171+0600][22.999s][info][gc,heap     ] GC(40)   Garbage:         -               120M (12%)          78M (8%)           14M (1%)             -                  -          
[2026-04-03T03:19:48.171+0600][22.999s][info][gc,heap     ] GC(40) Reclaimed:         -                  -                42M (4%)          105M (11%)            -                  -          
[2026-04-03T03:19:48.171+0600][22.999s][info][gc          ] GC(40) Garbage Collection (Allocation Rate) 444M(44%)->464M(46%)
[2026-04-03T03:19:48.485+0600][23.314s][info][gc,start    ] GC(41) Garbage Collection (Allocation Rate)
[2026-04-03T03:19:48.485+0600][23.314s][info][gc,task     ] GC(41) Using 3 workers
[2026-04-03T03:19:48.487+0600][23.316s][info][gc,phases   ] GC(41) Pause Mark Start 0.015ms
[2026-04-03T03:19:49.024+0600][23.853s][info][gc,phases   ] GC(41) Concurrent Mark 536.692ms
[2026-04-03T03:19:49.024+0600][23.853s][info][gc,phases   ] GC(41) Pause Mark End 0.026ms
[2026-04-03T03:19:49.025+0600][23.853s][info][gc,phases   ] GC(41) Concurrent Mark Free 0.003ms
[2026-04-03T03:19:49.031+0600][23.859s][info][gc,phases   ] GC(41) Concurrent Process Non-Strong References 5.817ms
[2026-04-03T03:19:49.031+0600][23.859s][info][gc,phases   ] GC(41) Concurrent Reset Relocation Set 0.004ms
[2026-04-03T03:19:49.031+0600][23.860s][info][gc          ] Allocation Stall (Executor task launch worker for task 0.0 in stage 1.0 (TID 3)) 75.903ms
[2026-04-03T03:19:49.031+0600][23.860s][info][gc          ] Allocation Stall (Executor task launch worker for task 1.0 in stage 1.0 (TID 4)) 75.724ms
[2026-04-03T03:19:49.031+0600][23.860s][info][gc          ] Allocation Stall (Executor task launch worker for task 2.0 in stage 1.0 (TID 5)) 80.483ms
[2026-04-03T03:19:49.046+0600][23.874s][info][gc,phases   ] GC(41) Concurrent Select Relocation Set 14.968ms
[2026-04-03T03:19:49.046+0600][23.875s][info][gc,phases   ] GC(41) Pause Relocate Start 0.020ms
[2026-04-03T03:19:49.107+0600][23.936s][info][gc,phases   ] GC(41) Concurrent Relocate 61.406ms
[2026-04-03T03:19:49.108+0600][23.936s][info][gc,load     ] GC(41) Load: 4.80/5.00/5.47
[2026-04-03T03:19:49.108+0600][23.936s][info][gc,mmu      ] GC(41) MMU: 2ms/97.1%, 5ms/98.8%, 10ms/99.3%, 20ms/99.6%, 50ms/99.8%, 100ms/99.9%
[2026-04-03T03:19:49.108+0600][23.936s][info][gc,marking  ] GC(41) Mark: 2 stripe(s), 3 proactive flush(es), 1 terminate flush(es), 0 completion(s), 0 continuation(s) 
[2026-04-03T03:19:49.108+0600][23.936s][info][gc,marking  ] GC(41) Mark Stack Usage: 32M
[2026-04-03T03:19:49.108+0600][23.936s][info][gc,nmethod  ] GC(41) NMethods: 5354 registered, 373 unregistered
[2026-04-03T03:19:49.108+0600][23.936s][info][gc,metaspace] GC(41) Metaspace: 68M used, 68M committed, 1088M reserved
[2026-04-03T03:19:49.108+0600][23.936s][info][gc,ref      ] GC(41) Soft: 4934 encountered, 0 discovered, 0 enqueued
[2026-04-03T03:19:49.108+0600][23.936s][info][gc,ref      ] GC(41) Weak: 5931 encountered, 2051 discovered, 5 enqueued
[2026-04-03T03:19:49.108+0600][23.937s][info][gc,ref      ] GC(41) Final: 82 encountered, 16 discovered, 0 enqueued
[2026-04-03T03:19:49.108+0600][23.937s][info][gc,ref      ] GC(41) Phantom: 594 encountered, 459 discovered, 0 enqueued
[2026-04-03T03:19:49.108+0600][23.937s][info][gc,reloc    ] GC(41) Small Pages: 310 / 620M, Empty: 154M, Relocated: 34M, In-Place: 0
[2026-04-03T03:19:49.108+0600][23.937s][info][gc,reloc    ] GC(41) Medium Pages: 2 / 32M, Empty: 16M, Relocated: 0M, In-Place: 0
[2026-04-03T03:19:49.108+0600][23.937s][info][gc,reloc    ] GC(41) Large Pages: 8 / 56M, Empty: 34M, Relocated: 0M, In-Place: 0
[2026-04-03T03:19:49.108+0600][23.937s][info][gc,reloc    ] GC(41) Forwarding Usage: 25M
[2026-04-03T03:19:49.108+0600][23.937s][info][gc,heap     ] GC(41) Min Capacity: 8M(1%)
[2026-04-03T03:19:49.108+0600][23.937s][info][gc,heap     ] GC(41) Max Capacity: 1000M(100%)
[2026-04-03T03:19:49.108+0600][23.937s][info][gc,heap     ] GC(41) Soft Max Capacity: 1000M(100%)
[2026-04-03T03:19:49.108+0600][23.937s][info][gc,heap     ] GC(41)                Mark Start          Mark End        Relocate Start      Relocate End           High               Low         
[2026-04-03T03:19:49.108+0600][23.937s][info][gc,heap     ] GC(41)  Capacity:      988M (99%)        1000M (100%)       1000M (100%)       1000M (100%)       1000M (100%)        988M (99%)    
[2026-04-03T03:19:49.108+0600][23.937s][info][gc,heap     ] GC(41)      Free:      292M (29%)           0M (0%)          186M (19%)         400M (40%)         408M (41%)           0M (0%)     
[2026-04-03T03:19:49.108+0600][23.937s][info][gc,heap     ] GC(41)      Used:      708M (71%)        1000M (100%)        814M (81%)         600M (60%)        1000M (100%)        592M (59%)    
[2026-04-03T03:19:49.108+0600][23.937s][info][gc,heap     ] GC(41)      Live:         -               225M (23%)         225M (23%)         225M (23%)            -                  -          
[2026-04-03T03:19:49.108+0600][23.937s][info][gc,heap     ] GC(41) Allocated:         -               292M (29%)         310M (31%)         355M (36%)            -                  -          
[2026-04-03T03:19:49.108+0600][23.937s][info][gc,heap     ] GC(41)   Garbage:         -               482M (48%)         278M (28%)          18M (2%)             -                  -          
[2026-04-03T03:19:49.108+0600][23.937s][info][gc,heap     ] GC(41) Reclaimed:         -                  -               204M (20%)         463M (46%)            -                  -          
[2026-04-03T03:19:49.108+0600][23.937s][info][gc          ] GC(41) Garbage Collection (Allocation Rate) 708M(71%)->600M(60%)
[2026-04-03T03:19:49.185+0600][24.013s][info][gc,start    ] GC(42) Garbage Collection (Allocation Stall)
[2026-04-03T03:19:49.185+0600][24.014s][info][gc,ref      ] GC(42) Clearing All SoftReferences
[2026-04-03T03:19:49.185+0600][24.014s][info][gc,task     ] GC(42) Using 3 workers
[2026-04-03T03:19:49.185+0600][24.014s][info][gc,ref      ] GC(42) Clearing All SoftReferences
[2026-04-03T03:19:49.185+0600][24.014s][info][gc,phases   ] GC(42) Pause Mark Start 0.042ms
[2026-04-03T03:19:49.684+0600][24.513s][info][gc,phases   ] GC(42) Concurrent Mark 498.861ms
[2026-04-03T03:19:49.684+0600][24.513s][info][gc,phases   ] GC(42) Pause Mark End 0.026ms
[2026-04-03T03:19:49.684+0600][24.513s][info][gc,phases   ] GC(42) Concurrent Mark Free 0.002ms
[2026-04-03T03:19:49.698+0600][24.527s][info][gc,phases   ] GC(42) Concurrent Process Non-Strong References 13.654ms
[2026-04-03T03:19:49.698+0600][24.527s][info][gc,phases   ] GC(42) Concurrent Reset Relocation Set 0.016ms
[2026-04-03T03:19:49.701+0600][24.529s][info][gc          ] Allocation Stall (Executor task launch worker for task 2.0 in stage 1.0 (TID 5)) 148.876ms
[2026-04-03T03:19:49.701+0600][24.530s][info][gc          ] Allocation Stall (Executor task launch worker for task 1.0 in stage 1.0 (TID 4)) 154.632ms
[2026-04-03T03:19:49.701+0600][24.530s][info][gc          ] Allocation Stall (Executor task launch worker for task 0.0 in stage 1.0 (TID 3)) 137.345ms
[2026-04-03T03:19:49.703+0600][24.531s][info][gc,phases   ] GC(42) Concurrent Select Relocation Set 4.316ms
[2026-04-03T03:19:49.703+0600][24.532s][info][gc,phases   ] GC(42) Pause Relocate Start 0.012ms
[2026-04-03T03:19:49.732+0600][24.561s][info][gc,phases   ] GC(42) Concurrent Relocate 28.513ms
[2026-04-03T03:19:49.732+0600][24.561s][info][gc,load     ] GC(42) Load: 4.80/5.00/5.47
[2026-04-03T03:19:49.732+0600][24.561s][info][gc,mmu      ] GC(42) MMU: 2ms/97.1%, 5ms/98.8%, 10ms/99.3%, 20ms/99.6%, 50ms/99.8%, 100ms/99.9%
[2026-04-03T03:19:49.732+0600][24.561s][info][gc,marking  ] GC(42) Mark: 2 stripe(s), 8 proactive flush(es), 1 terminate flush(es), 0 completion(s), 0 continuation(s) 
[2026-04-03T03:19:49.732+0600][24.561s][info][gc,marking  ] GC(42) Mark Stack Usage: 32M
[2026-04-03T03:19:49.732+0600][24.561s][info][gc,nmethod  ] GC(42) NMethods: 5312 registered, 68 unregistered
[2026-04-03T03:19:49.732+0600][24.561s][info][gc,metaspace] GC(42) Metaspace: 67M used, 68M committed, 1088M reserved
[2026-04-03T03:19:49.732+0600][24.561s][info][gc,ref      ] GC(42) Soft: 4756 encountered, 2334 discovered, 2027 enqueued
[2026-04-03T03:19:49.732+0600][24.561s][info][gc,ref      ] GC(42) Weak: 5854 encountered, 2644 discovered, 188 enqueued
[2026-04-03T03:19:49.732+0600][24.561s][info][gc,ref      ] GC(42) Final: 82 encountered, 2 discovered, 0 enqueued
[2026-04-03T03:19:49.732+0600][24.561s][info][gc,ref      ] GC(42) Phantom: 594 encountered, 386 discovered, 0 enqueued
[2026-04-03T03:19:49.732+0600][24.561s][info][gc,reloc    ] GC(42) Small Pages: 309 / 618M, Empty: 0M, Relocated: 17M, In-Place: 0
[2026-04-03T03:19:49.732+0600][24.561s][info][gc,reloc    ] GC(42) Medium Pages: 2 / 32M, Empty: 16M, Relocated: 0M, In-Place: 0
[2026-04-03T03:19:49.732+0600][24.561s][info][gc,reloc    ] GC(42) Large Pages: 6 / 36M, Empty: 6M, Relocated: 0M, In-Place: 0
[2026-04-03T03:19:49.732+0600][24.561s][info][gc,reloc    ] GC(42) Forwarding Usage: 14M
[2026-04-03T03:19:49.732+0600][24.561s][info][gc,heap     ] GC(42) Min Capacity: 8M(1%)
[2026-04-03T03:19:49.732+0600][24.561s][info][gc,heap     ] GC(42) Max Capacity: 1000M(100%)
[2026-04-03T03:19:49.732+0600][24.561s][info][gc,heap     ] GC(42) Soft Max Capacity: 1000M(100%)
[2026-04-03T03:19:49.732+0600][24.561s][info][gc,heap     ] GC(42)                Mark Start          Mark End        Relocate Start      Relocate End           High               Low         
[2026-04-03T03:19:49.732+0600][24.561s][info][gc,heap     ] GC(42)  Capacity:     1000M (100%)       1000M (100%)       1000M (100%)       1000M (100%)       1000M (100%)       1000M (100%)   
[2026-04-03T03:19:49.732+0600][24.561s][info][gc,heap     ] GC(42)      Free:      314M (31%)           0M (0%)           16M (2%)          392M (39%)         392M (39%)           0M (0%)     
[2026-04-03T03:19:49.732+0600][24.561s][info][gc,heap     ] GC(42)      Used:      686M (69%)        1000M (100%)        984M (98%)         608M (61%)        1000M (100%)        608M (61%)    
[2026-04-03T03:19:49.732+0600][24.561s][info][gc,heap     ] GC(42)      Live:         -               243M (24%)         243M (24%)         243M (24%)            -                  -          
[2026-04-03T03:19:49.732+0600][24.561s][info][gc,heap     ] GC(42) Allocated:         -               314M (31%)         320M (32%)         337M (34%)            -                  -          
[2026-04-03T03:19:49.732+0600][24.561s][info][gc,heap     ] GC(42)   Garbage:         -               442M (44%)         420M (42%)          26M (3%)             -                  -          
[2026-04-03T03:19:49.732+0600][24.561s][info][gc,heap     ] GC(42) Reclaimed:         -                  -                22M (2%)          415M (42%)            -                  -          
[2026-04-03T03:19:49.733+0600][24.561s][info][gc          ] GC(42) Garbage Collection (Allocation Stall) 686M(69%)->608M(61%)
[2026-04-03T03:19:49.786+0600][24.614s][info][gc,start    ] GC(43) Garbage Collection (Allocation Stall)
[2026-04-03T03:19:49.786+0600][24.614s][info][gc,ref      ] GC(43) Clearing All SoftReferences
[2026-04-03T03:19:49.786+0600][24.614s][info][gc,task     ] GC(43) Using 3 workers
[2026-04-03T03:19:49.786+0600][24.615s][info][gc,ref      ] GC(43) Clearing All SoftReferences
[2026-04-03T03:19:49.786+0600][24.615s][info][gc,phases   ] GC(43) Pause Mark Start 0.064ms
[2026-04-03T03:19:50.303+0600][25.132s][info][gc,phases   ] GC(43) Concurrent Mark 517.187ms
[2026-04-03T03:19:50.304+0600][25.132s][info][gc,phases   ] GC(43) Pause Mark End 0.025ms
[2026-04-03T03:19:50.304+0600][25.132s][info][gc,phases   ] GC(43) Concurrent Mark Free 0.001ms
[2026-04-03T03:19:50.309+0600][25.138s][info][gc,phases   ] GC(43) Concurrent Process Non-Strong References 5.691ms
[2026-04-03T03:19:50.309+0600][25.138s][info][gc,phases   ] GC(43) Concurrent Reset Relocation Set 0.024ms
[2026-04-03T03:19:50.312+0600][25.141s][info][gc          ] Allocation Stall (Executor task launch worker for task 2.0 in stage 1.0 (TID 5)) 188.720ms
[2026-04-03T03:19:50.312+0600][25.141s][info][gc          ] Allocation Stall (Executor task launch worker for task 0.0 in stage 1.0 (TID 3)) 184.469ms
[2026-04-03T03:19:50.312+0600][25.141s][info][gc          ] Allocation Stall (Executor task launch worker for task 1.0 in stage 1.0 (TID 4)) 186.047ms
[2026-04-03T03:19:50.313+0600][25.142s][info][gc,phases   ] GC(43) Concurrent Select Relocation Set 3.824ms
[2026-04-03T03:19:50.314+0600][25.142s][info][gc,phases   ] GC(43) Pause Relocate Start 0.011ms
[2026-04-03T03:19:50.344+0600][25.173s][info][gc,phases   ] GC(43) Concurrent Relocate 30.550ms
[2026-04-03T03:19:50.344+0600][25.173s][info][gc,load     ] GC(43) Load: 4.80/5.00/5.47
[2026-04-03T03:19:50.344+0600][25.173s][info][gc,mmu      ] GC(43) MMU: 2ms/96.8%, 5ms/98.7%, 10ms/99.3%, 20ms/99.6%, 50ms/99.8%, 100ms/99.9%
[2026-04-03T03:19:50.344+0600][25.173s][info][gc,marking  ] GC(43) Mark: 2 stripe(s), 2 proactive flush(es), 1 terminate flush(es), 0 completion(s), 0 continuation(s) 
[2026-04-03T03:19:50.344+0600][25.173s][info][gc,marking  ] GC(43) Mark Stack Usage: 32M
[2026-04-03T03:19:50.344+0600][25.173s][info][gc,nmethod  ] GC(43) NMethods: 5309 registered, 77 unregistered
[2026-04-03T03:19:50.344+0600][25.173s][info][gc,metaspace] GC(43) Metaspace: 67M used, 68M committed, 1088M reserved
[2026-04-03T03:19:50.344+0600][25.173s][info][gc,ref      ] GC(43) Soft: 2729 encountered, 339 discovered, 0 enqueued
[2026-04-03T03:19:50.344+0600][25.173s][info][gc,ref      ] GC(43) Weak: 5366 encountered, 1340 discovered, 0 enqueued
[2026-04-03T03:19:50.344+0600][25.173s][info][gc,ref      ] GC(43) Final: 82 encountered, 2 discovered, 0 enqueued
[2026-04-03T03:19:50.344+0600][25.173s][info][gc,ref      ] GC(43) Phantom: 593 encountered, 373 discovered, 0 enqueued
[2026-04-03T03:19:50.344+0600][25.173s][info][gc,reloc    ] GC(43) Small Pages: 309 / 618M, Empty: 0M, Relocated: 17M, In-Place: 1
[2026-04-03T03:19:50.344+0600][25.173s][info][gc,reloc    ] GC(43) Medium Pages: 1 / 16M, Empty: 0M, Relocated: 0M, In-Place: 0
[2026-04-03T03:19:50.344+0600][25.173s][info][gc,reloc    ] GC(43) Large Pages: 7 / 46M, Empty: 10M, Relocated: 0M, In-Place: 0
[2026-04-03T03:19:50.344+0600][25.173s][info][gc,reloc    ] GC(43) Forwarding Usage: 14M
[2026-04-03T03:19:50.344+0600][25.173s][info][gc,heap     ] GC(43) Min Capacity: 8M(1%)
[2026-04-03T03:19:50.344+0600][25.173s][info][gc,heap     ] GC(43) Max Capacity: 1000M(100%)
[2026-04-03T03:19:50.344+0600][25.173s][info][gc,heap     ] GC(43) Soft Max Capacity: 1000M(100%)
[2026-04-03T03:19:50.344+0600][25.173s][info][gc,heap     ] GC(43)                Mark Start          Mark End        Relocate Start      Relocate End           High               Low         
[2026-04-03T03:19:50.344+0600][25.173s][info][gc,heap     ] GC(43)  Capacity:     1000M (100%)       1000M (100%)       1000M (100%)       1000M (100%)       1000M (100%)       1000M (100%)   
[2026-04-03T03:19:50.344+0600][25.173s][info][gc,heap     ] GC(43)      Free:      320M (32%)           0M (0%)            4M (0%)          360M (36%)         364M (36%)           0M (0%)     
[2026-04-03T03:19:50.345+0600][25.173s][info][gc,heap     ] GC(43)      Used:      680M (68%)        1000M (100%)        996M (100%)        640M (64%)        1000M (100%)        636M (64%)    
[2026-04-03T03:19:50.345+0600][25.173s][info][gc,heap     ] GC(43)      Live:         -               261M (26%)         261M (26%)         261M (26%)            -                  -          
[2026-04-03T03:19:50.345+0600][25.173s][info][gc,heap     ] GC(43) Allocated:         -               320M (32%)         326M (33%)         351M (35%)            -                  -          
[2026-04-03T03:19:50.345+0600][25.173s][info][gc,heap     ] GC(43)   Garbage:         -               418M (42%)         408M (41%)          26M (3%)             -                  -          
[2026-04-03T03:19:50.345+0600][25.173s][info][gc,heap     ] GC(43) Reclaimed:         -                  -                10M (1%)          391M (39%)            -                  -          
[2026-04-03T03:19:50.345+0600][25.173s][info][gc          ] GC(43) Garbage Collection (Allocation Stall) 680M(68%)->640M(64%)
[2026-04-03T03:19:50.385+0600][25.213s][info][gc,start    ] GC(44) Garbage Collection (Allocation Stall)
[2026-04-03T03:19:50.385+0600][25.213s][info][gc,ref      ] GC(44) Clearing All SoftReferences
[2026-04-03T03:19:50.385+0600][25.213s][info][gc,task     ] GC(44) Using 3 workers
[2026-04-03T03:19:50.385+0600][25.214s][info][gc,ref      ] GC(44) Clearing All SoftReferences
[2026-04-03T03:19:50.385+0600][25.214s][info][gc,phases   ] GC(44) Pause Mark Start 0.047ms
[2026-04-03T03:19:50.959+0600][25.788s][info][gc,phases   ] GC(44) Concurrent Mark 574.010ms
[2026-04-03T03:19:50.959+0600][25.788s][info][gc,phases   ] GC(44) Pause Mark End 0.028ms
[2026-04-03T03:19:50.959+0600][25.788s][info][gc,phases   ] GC(44) Concurrent Mark Free 0.001ms
[2026-04-03T03:19:50.966+0600][25.794s][info][gc,phases   ] GC(44) Concurrent Process Non-Strong References 6.209ms
[2026-04-03T03:19:50.966+0600][25.794s][info][gc,phases   ] GC(44) Concurrent Reset Relocation Set 0.027ms
[2026-04-03T03:19:50.970+0600][25.799s][info][gc,phases   ] GC(44) Concurrent Select Relocation Set 4.051ms
[2026-04-03T03:19:50.970+0600][25.799s][info][gc,phases   ] GC(44) Pause Relocate Start 0.011ms
[2026-04-03T03:19:50.971+0600][25.799s][info][gc          ] Allocation Stall (Executor task launch worker for task 0.0 in stage 1.0 (TID 3)) 184.965ms
[2026-04-03T03:19:50.971+0600][25.799s][info][gc          ] Allocation Stall (Executor task launch worker for task 1.0 in stage 1.0 (TID 4)) 180.825ms
[2026-04-03T03:19:50.988+0600][25.816s][info][gc          ] Relocation Stall (Executor task launch worker for task 2.0 in stage 1.0 (TID 5)) 17.121ms
[2026-04-03T03:19:50.988+0600][25.816s][info][gc          ] Allocation Stall (Executor task launch worker for task 2.0 in stage 1.0 (TID 5)) 202.713ms
[2026-04-03T03:19:50.993+0600][25.822s][info][gc,phases   ] GC(44) Concurrent Relocate 23.192ms
[2026-04-03T03:19:50.994+0600][25.822s][info][gc,load     ] GC(44) Load: 4.90/5.02/5.47
[2026-04-03T03:19:50.994+0600][25.822s][info][gc,mmu      ] GC(44) MMU: 2ms/96.8%, 5ms/98.7%, 10ms/99.3%, 20ms/99.6%, 50ms/99.8%, 100ms/99.9%
[2026-04-03T03:19:50.994+0600][25.822s][info][gc,marking  ] GC(44) Mark: 2 stripe(s), 3 proactive flush(es), 1 terminate flush(es), 0 completion(s), 0 continuation(s) 
[2026-04-03T03:19:50.994+0600][25.822s][info][gc,marking  ] GC(44) Mark Stack Usage: 32M
[2026-04-03T03:19:50.994+0600][25.822s][info][gc,nmethod  ] GC(44) NMethods: 5315 registered, 87 unregistered
[2026-04-03T03:19:50.994+0600][25.822s][info][gc,metaspace] GC(44) Metaspace: 67M used, 68M committed, 1088M reserved
[2026-04-03T03:19:50.994+0600][25.822s][info][gc,ref      ] GC(44) Soft: 2729 encountered, 1814 discovered, 0 enqueued
[2026-04-03T03:19:50.994+0600][25.822s][info][gc,ref      ] GC(44) Weak: 5366 encountered, 2203 discovered, 0 enqueued
[2026-04-03T03:19:50.994+0600][25.822s][info][gc,ref      ] GC(44) Final: 82 encountered, 16 discovered, 0 enqueued
[2026-04-03T03:19:50.994+0600][25.822s][info][gc,ref      ] GC(44) Phantom: 593 encountered, 444 discovered, 0 enqueued
[2026-04-03T03:19:50.994+0600][25.822s][info][gc,reloc    ] GC(44) Small Pages: 317 / 634M, Empty: 0M, Relocated: 15M, In-Place: 3
[2026-04-03T03:19:50.994+0600][25.822s][info][gc,reloc    ] GC(44) Medium Pages: 1 / 16M, Empty: 0M, Relocated: 0M, In-Place: 0
[2026-04-03T03:19:50.994+0600][25.822s][info][gc,reloc    ] GC(44) Large Pages: 5 / 36M, Empty: 0M, Relocated: 0M, In-Place: 0
[2026-04-03T03:19:50.994+0600][25.822s][info][gc,reloc    ] GC(44) Forwarding Usage: 13M
[2026-04-03T03:19:50.994+0600][25.822s][info][gc,heap     ] GC(44) Min Capacity: 8M(1%)
[2026-04-03T03:19:50.994+0600][25.822s][info][gc,heap     ] GC(44) Max Capacity: 1000M(100%)
[2026-04-03T03:19:50.994+0600][25.822s][info][gc,heap     ] GC(44) Soft Max Capacity: 1000M(100%)
[2026-04-03T03:19:50.994+0600][25.823s][info][gc,heap     ] GC(44)                Mark Start          Mark End        Relocate Start      Relocate End           High               Low         
[2026-04-03T03:19:50.994+0600][25.823s][info][gc,heap     ] GC(44)  Capacity:     1000M (100%)       1000M (100%)       1000M (100%)       1000M (100%)       1000M (100%)       1000M (100%)   
[2026-04-03T03:19:50.994+0600][25.823s][info][gc,heap     ] GC(44)      Free:      314M (31%)           0M (0%)            0M (0%)          366M (37%)         366M (37%)           0M (0%)     
[2026-04-03T03:19:50.994+0600][25.823s][info][gc,heap     ] GC(44)      Used:      686M (69%)        1000M (100%)       1000M (100%)        634M (63%)        1000M (100%)        634M (63%)    
[2026-04-03T03:19:50.994+0600][25.823s][info][gc,heap     ] GC(44)      Live:         -               272M (27%)         272M (27%)         272M (27%)            -                  -          
[2026-04-03T03:19:50.994+0600][25.823s][info][gc,heap     ] GC(44) Allocated:         -               314M (31%)         314M (31%)         331M (33%)            -                  -          
[2026-04-03T03:19:50.994+0600][25.823s][info][gc,heap     ] GC(44)   Garbage:         -               413M (41%)         413M (41%)          29M (3%)             -                  -          
[2026-04-03T03:19:50.994+0600][25.823s][info][gc,heap     ] GC(44) Reclaimed:         -                  -                 0M (0%)          383M (38%)            -                  -          
[2026-04-03T03:19:50.994+0600][25.823s][info][gc          ] GC(44) Garbage Collection (Allocation Stall) 686M(69%)->634M(63%)
[2026-04-03T03:19:51.085+0600][25.914s][info][gc,start    ] GC(45) Garbage Collection (Allocation Stall)
[2026-04-03T03:19:51.085+0600][25.914s][info][gc,ref      ] GC(45) Clearing All SoftReferences
[2026-04-03T03:19:51.085+0600][25.914s][info][gc,task     ] GC(45) Using 3 workers
[2026-04-03T03:19:51.085+0600][25.914s][info][gc,ref      ] GC(45) Clearing All SoftReferences
[2026-04-03T03:19:51.085+0600][25.914s][info][gc,phases   ] GC(45) Pause Mark Start 0.052ms
[2026-04-03T03:19:51.610+0600][26.439s][info][gc,phases   ] GC(45) Concurrent Mark 524.881ms
[2026-04-03T03:19:51.611+0600][26.439s][info][gc,phases   ] GC(45) Pause Mark End 0.027ms
[2026-04-03T03:19:51.611+0600][26.439s][info][gc,phases   ] GC(45) Concurrent Mark Free 0.001ms
[2026-04-03T03:19:51.617+0600][26.446s][info][gc,phases   ] GC(45) Concurrent Process Non-Strong References 6.419ms
[2026-04-03T03:19:51.617+0600][26.446s][info][gc,phases   ] GC(45) Concurrent Reset Relocation Set 0.026ms
[2026-04-03T03:19:51.620+0600][26.449s][info][gc          ] Allocation Stall (Executor task launch worker for task 2.0 in stage 1.0 (TID 5)) 250.013ms
[2026-04-03T03:19:51.620+0600][26.449s][info][gc          ] Allocation Stall (Executor task launch worker for task 0.0 in stage 1.0 (TID 3)) 288.244ms
[2026-04-03T03:19:51.620+0600][26.449s][info][gc          ] Allocation Stall (Executor task launch worker for task 1.0 in stage 1.0 (TID 4)) 290.917ms
[2026-04-03T03:19:51.623+0600][26.452s][info][gc,phases   ] GC(45) Concurrent Select Relocation Set 6.220ms
[2026-04-03T03:19:51.624+0600][26.452s][info][gc,phases   ] GC(45) Pause Relocate Start 0.017ms
[2026-04-03T03:19:51.669+0600][26.498s][info][gc,phases   ] GC(45) Concurrent Relocate 45.218ms
[2026-04-03T03:19:51.669+0600][26.498s][info][gc,load     ] GC(45) Load: 4.90/5.02/5.47
[2026-04-03T03:19:51.669+0600][26.498s][info][gc,mmu      ] GC(45) MMU: 2ms/96.8%, 5ms/98.7%, 10ms/99.3%, 20ms/99.6%, 50ms/99.8%, 100ms/99.9%
[2026-04-03T03:19:51.669+0600][26.498s][info][gc,marking  ] GC(45) Mark: 2 stripe(s), 2 proactive flush(es), 1 terminate flush(es), 0 completion(s), 0 continuation(s) 
[2026-04-03T03:19:51.669+0600][26.498s][info][gc,marking  ] GC(45) Mark Stack Usage: 32M
[2026-04-03T03:19:51.669+0600][26.498s][info][gc,nmethod  ] GC(45) NMethods: 5309 registered, 96 unregistered
[2026-04-03T03:19:51.669+0600][26.498s][info][gc,metaspace] GC(45) Metaspace: 67M used, 68M committed, 1088M reserved
[2026-04-03T03:19:51.669+0600][26.498s][info][gc,ref      ] GC(45) Soft: 2729 encountered, 1472 discovered, 0 enqueued
[2026-04-03T03:19:51.670+0600][26.498s][info][gc,ref      ] GC(45) Weak: 5366 encountered, 744 discovered, 0 enqueued
[2026-04-03T03:19:51.670+0600][26.498s][info][gc,ref      ] GC(45) Final: 82 encountered, 18 discovered, 0 enqueued
[2026-04-03T03:19:51.670+0600][26.498s][info][gc,ref      ] GC(45) Phantom: 596 encountered, 541 discovered, 0 enqueued
[2026-04-03T03:19:51.670+0600][26.498s][info][gc,reloc    ] GC(45) Small Pages: 349 / 698M, Empty: 0M, Relocated: 22M, In-Place: 2
[2026-04-03T03:19:51.670+0600][26.498s][info][gc,reloc    ] GC(45) Medium Pages: 1 / 16M, Empty: 0M, Relocated: 0M, In-Place: 0
[2026-04-03T03:19:51.670+0600][26.498s][info][gc,reloc    ] GC(45) Large Pages: 6 / 46M, Empty: 6M, Relocated: 0M, In-Place: 0
[2026-04-03T03:19:51.670+0600][26.498s][info][gc,reloc    ] GC(45) Forwarding Usage: 20M
[2026-04-03T03:19:51.670+0600][26.498s][info][gc,heap     ] GC(45) Min Capacity: 8M(1%)
[2026-04-03T03:19:51.670+0600][26.498s][info][gc,heap     ] GC(45) Max Capacity: 1000M(100%)
[2026-04-03T03:19:51.670+0600][26.498s][info][gc,heap     ] GC(45) Soft Max Capacity: 1000M(100%)
[2026-04-03T03:19:51.670+0600][26.498s][info][gc,heap     ] GC(45)                Mark Start          Mark End        Relocate Start      Relocate End           High               Low         
[2026-04-03T03:19:51.670+0600][26.498s][info][gc,heap     ] GC(45)  Capacity:     1000M (100%)       1000M (100%)       1000M (100%)       1000M (100%)       1000M (100%)       1000M (100%)   
[2026-04-03T03:19:51.670+0600][26.499s][info][gc,heap     ] GC(45)      Free:      240M (24%)           0M (0%)            0M (0%)          392M (39%)         394M (39%)           0M (0%)     
[2026-04-03T03:19:51.670+0600][26.499s][info][gc,heap     ] GC(45)      Used:      760M (76%)        1000M (100%)       1000M (100%)        608M (61%)        1000M (100%)        606M (61%)    
[2026-04-03T03:19:51.670+0600][26.499s][info][gc,heap     ] GC(45)      Live:         -               289M (29%)         289M (29%)         289M (29%)            -                  -          
[2026-04-03T03:19:51.670+0600][26.499s][info][gc,heap     ] GC(45) Allocated:         -               240M (24%)         246M (25%)         287M (29%)            -                  -          
[2026-04-03T03:19:51.670+0600][26.499s][info][gc,heap     ] GC(45)   Garbage:         -               470M (47%)         464M (46%)          30M (3%)             -                  -          
[2026-04-03T03:19:51.670+0600][26.499s][info][gc,heap     ] GC(45) Reclaimed:         -                  -                 6M (1%)          439M (44%)            -                  -          
[2026-04-03T03:19:51.670+0600][26.499s][info][gc          ] GC(45) Garbage Collection (Allocation Stall) 760M(76%)->608M(61%)
[2026-04-03T03:19:51.685+0600][26.514s][info][gc,start    ] GC(46) Garbage Collection (Allocation Stall)
[2026-04-03T03:19:51.685+0600][26.514s][info][gc,ref      ] GC(46) Clearing All SoftReferences
[2026-04-03T03:19:51.685+0600][26.514s][info][gc,task     ] GC(46) Using 3 workers
[2026-04-03T03:19:51.685+0600][26.514s][info][gc,ref      ] GC(46) Clearing All SoftReferences
[2026-04-03T03:19:51.685+0600][26.514s][info][gc,phases   ] GC(46) Pause Mark Start 0.039ms
[2026-04-03T03:19:52.293+0600][27.122s][info][gc,phases   ] GC(46) Concurrent Mark 608.079ms
[2026-04-03T03:19:52.294+0600][27.122s][info][gc,phases   ] GC(46) Pause Mark End 0.048ms
[2026-04-03T03:19:52.294+0600][27.123s][info][gc,phases   ] GC(46) Concurrent Mark Free 0.001ms
[2026-04-03T03:19:52.300+0600][27.129s][info][gc,phases   ] GC(46) Concurrent Process Non-Strong References 6.083ms
[2026-04-03T03:19:52.300+0600][27.129s][info][gc,phases   ] GC(46) Concurrent Reset Relocation Set 0.042ms
[2026-04-03T03:19:52.303+0600][27.132s][info][gc          ] Allocation Stall (Executor task launch worker for task 0.0 in stage 1.0 (TID 3)) 208.430ms
[2026-04-03T03:19:52.303+0600][27.132s][info][gc          ] Allocation Stall (Executor task launch worker for task 2.0 in stage 1.0 (TID 5)) 209.707ms
[2026-04-03T03:19:52.303+0600][27.132s][info][gc          ] Allocation Stall (Executor task launch worker for task 1.0 in stage 1.0 (TID 4)) 208.467ms
[2026-04-03T03:19:52.306+0600][27.134s][info][gc,phases   ] GC(46) Concurrent Select Relocation Set 5.499ms
[2026-04-03T03:19:52.307+0600][27.135s][info][gc,phases   ] GC(46) Pause Relocate Start 0.011ms
[2026-04-03T03:19:52.316+0600][27.144s][info][gc          ] Relocation Stall (Executor task launch worker for task 0.0 in stage 1.0 (TID 3)) 8.949ms
[2026-04-03T03:19:52.325+0600][27.154s][info][gc,phases   ] GC(46) Concurrent Relocate 18.314ms
[2026-04-03T03:19:52.325+0600][27.154s][info][gc,load     ] GC(46) Load: 4.90/5.02/5.47
[2026-04-03T03:19:52.325+0600][27.154s][info][gc,mmu      ] GC(46) MMU: 2ms/96.8%, 5ms/98.7%, 10ms/99.3%, 20ms/99.6%, 50ms/99.8%, 100ms/99.9%
[2026-04-03T03:19:52.325+0600][27.154s][info][gc,marking  ] GC(46) Mark: 2 stripe(s), 2 proactive flush(es), 1 terminate flush(es), 0 completion(s), 0 continuation(s) 
[2026-04-03T03:19:52.325+0600][27.154s][info][gc,marking  ] GC(46) Mark Stack Usage: 32M
[2026-04-03T03:19:52.325+0600][27.154s][info][gc,nmethod  ] GC(46) NMethods: 5343 registered, 96 unregistered
[2026-04-03T03:19:52.325+0600][27.154s][info][gc,metaspace] GC(46) Metaspace: 67M used, 68M committed, 1088M reserved
[2026-04-03T03:19:52.325+0600][27.154s][info][gc,ref      ] GC(46) Soft: 2729 encountered, 325 discovered, 0 enqueued
[2026-04-03T03:19:52.325+0600][27.154s][info][gc,ref      ] GC(46) Weak: 5366 encountered, 911 discovered, 0 enqueued
[2026-04-03T03:19:52.325+0600][27.154s][info][gc,ref      ] GC(46) Final: 82 encountered, 0 discovered, 0 enqueued
[2026-04-03T03:19:52.325+0600][27.154s][info][gc,ref      ] GC(46) Phantom: 596 encountered, 377 discovered, 0 enqueued
[2026-04-03T03:19:52.325+0600][27.154s][info][gc,reloc    ] GC(46) Small Pages: 277 / 554M, Empty: 0M, Relocated: 11M, In-Place: 1
[2026-04-03T03:19:52.325+0600][27.154s][info][gc,reloc    ] GC(46) Medium Pages: 1 / 16M, Empty: 0M, Relocated: 0M, In-Place: 0
[2026-04-03T03:19:52.325+0600][27.154s][info][gc,reloc    ] GC(46) Large Pages: 6 / 58M, Empty: 10M, Relocated: 0M, In-Place: 0
[2026-04-03T03:19:52.325+0600][27.154s][info][gc,reloc    ] GC(46) Forwarding Usage: 10M
[2026-04-03T03:19:52.325+0600][27.154s][info][gc,heap     ] GC(46) Min Capacity: 8M(1%)
[2026-04-03T03:19:52.325+0600][27.154s][info][gc,heap     ] GC(46) Max Capacity: 1000M(100%)
[2026-04-03T03:19:52.325+0600][27.154s][info][gc,heap     ] GC(46) Soft Max Capacity: 1000M(100%)
[2026-04-03T03:19:52.325+0600][27.154s][info][gc,heap     ] GC(46)                Mark Start          Mark End        Relocate Start      Relocate End           High               Low         
[2026-04-03T03:19:52.325+0600][27.154s][info][gc,heap     ] GC(46)  Capacity:     1000M (100%)       1000M (100%)       1000M (100%)       1000M (100%)       1000M (100%)       1000M (100%)   
[2026-04-03T03:19:52.325+0600][27.154s][info][gc,heap     ] GC(46)      Free:      372M (37%)           0M (0%)            4M (0%)          260M (26%)         372M (37%)           0M (0%)     
[2026-04-03T03:19:52.325+0600][27.154s][info][gc,heap     ] GC(46)      Used:      628M (63%)        1000M (100%)        996M (100%)        740M (74%)        1000M (100%)        628M (63%)    
[2026-04-03T03:19:52.348+0600][27.177s][info][gc,heap     ] GC(46)      Live:         -               305M (31%)         305M (31%)         305M (31%)            -                  -          
[2026-04-03T03:19:52.348+0600][27.177s][info][gc,heap     ] GC(46) Allocated:         -               372M (37%)         378M (38%)         399M (40%)            -                  -          
[2026-04-03T03:19:52.348+0600][27.177s][info][gc,heap     ] GC(46)   Garbage:         -               322M (32%)         312M (31%)          34M (3%)             -                  -          
[2026-04-03T03:19:52.348+0600][27.177s][info][gc,heap     ] GC(46) Reclaimed:         -                  -                10M (1%)          287M (29%)            -                  -          
[2026-04-03T03:19:52.348+0600][27.177s][info][gc          ] GC(46) Garbage Collection (Allocation Stall) 628M(63%)->740M(74%)
[2026-04-03T03:19:52.385+0600][27.213s][info][gc,start    ] GC(47) Garbage Collection (Allocation Stall)
[2026-04-03T03:19:52.385+0600][27.214s][info][gc,ref      ] GC(47) Clearing All SoftReferences
[2026-04-03T03:19:52.385+0600][27.214s][info][gc,task     ] GC(47) Using 3 workers
[2026-04-03T03:19:52.385+0600][27.214s][info][gc,ref      ] GC(47) Clearing All SoftReferences
[2026-04-03T03:19:52.385+0600][27.214s][info][gc,phases   ] GC(47) Pause Mark Start 0.054ms
[2026-04-03T03:19:52.992+0600][27.820s][info][gc,phases   ] GC(47) Concurrent Mark 606.260ms
[2026-04-03T03:19:52.992+0600][27.821s][info][gc,phases   ] GC(47) Pause Mark End 0.025ms
[2026-04-03T03:19:52.992+0600][27.821s][info][gc,phases   ] GC(47) Concurrent Mark Free 0.004ms
[2026-04-03T03:19:53.006+0600][27.835s][info][gc,phases   ] GC(47) Concurrent Process Non-Strong References 14.265ms
[2026-04-03T03:19:53.007+0600][27.835s][info][gc,phases   ] GC(47) Concurrent Reset Relocation Set 0.011ms
[2026-04-03T03:19:53.011+0600][27.839s][info][gc,phases   ] GC(47) Concurrent Select Relocation Set 4.033ms
[2026-04-03T03:19:53.011+0600][27.840s][info][gc,phases   ] GC(47) Pause Relocate Start 0.021ms
[2026-04-03T03:19:53.011+0600][27.840s][info][gc          ] Allocation Stall (Executor task launch worker for task 0.0 in stage 1.0 (TID 3)) 256.249ms
[2026-04-03T03:19:53.011+0600][27.840s][info][gc          ] Allocation Stall (Executor task launch worker for task 1.0 in stage 1.0 (TID 4)) 250.570ms
[2026-04-03T03:19:53.011+0600][27.840s][info][gc          ] Allocation Stall (Executor task launch worker for task 2.0 in stage 1.0 (TID 5)) 241.879ms
[2026-04-03T03:19:53.037+0600][27.865s][info][gc,phases   ] GC(47) Concurrent Relocate 25.705ms
[2026-04-03T03:19:53.037+0600][27.866s][info][gc,load     ] GC(47) Load: 4.90/5.02/5.47
[2026-04-03T03:19:53.037+0600][27.866s][info][gc,mmu      ] GC(47) MMU: 2ms/96.8%, 5ms/98.7%, 10ms/99.3%, 20ms/99.6%, 50ms/99.8%, 100ms/99.9%
[2026-04-03T03:19:53.037+0600][27.866s][info][gc,marking  ] GC(47) Mark: 2 stripe(s), 2 proactive flush(es), 1 terminate flush(es), 0 completion(s), 0 continuation(s) 
[2026-04-03T03:19:53.037+0600][27.866s][info][gc,marking  ] GC(47) Mark Stack Usage: 32M
[2026-04-03T03:19:53.037+0600][27.866s][info][gc,nmethod  ] GC(47) NMethods: 5358 registered, 111 unregistered
[2026-04-03T03:19:53.037+0600][27.866s][info][gc,metaspace] GC(47) Metaspace: 67M used, 68M committed, 1088M reserved
[2026-04-03T03:19:53.037+0600][27.866s][info][gc,ref      ] GC(47) Soft: 2746 encountered, 1678 discovered, 5 enqueued
[2026-04-03T03:19:53.037+0600][27.866s][info][gc,ref      ] GC(47) Weak: 5524 encountered, 3771 discovered, 60 enqueued
[2026-04-03T03:19:53.037+0600][27.866s][info][gc,ref      ] GC(47) Final: 82 encountered, 16 discovered, 0 enqueued
[2026-04-03T03:19:53.037+0600][27.866s][info][gc,ref      ] GC(47) Phantom: 594 encountered, 368 discovered, 0 enqueued
[2026-04-03T03:19:53.037+0600][27.866s][info][gc,reloc    ] GC(47) Small Pages: 361 / 722M, Empty: 0M, Relocated: 13M, In-Place: 1
[2026-04-03T03:19:53.037+0600][27.866s][info][gc,reloc    ] GC(47) Medium Pages: 1 / 16M, Empty: 0M, Relocated: 0M, In-Place: 0
[2026-04-03T03:19:53.037+0600][27.866s][info][gc,reloc    ] GC(47) Large Pages: 6 / 66M, Empty: 0M, Relocated: 0M, In-Place: 0
[2026-04-03T03:19:53.037+0600][27.866s][info][gc,reloc    ] GC(47) Forwarding Usage: 12M
[2026-04-03T03:19:53.037+0600][27.866s][info][gc,heap     ] GC(47) Min Capacity: 8M(1%)
[2026-04-03T03:19:53.037+0600][27.866s][info][gc,heap     ] GC(47) Max Capacity: 1000M(100%)
[2026-04-03T03:19:53.037+0600][27.866s][info][gc,heap     ] GC(47) Soft Max Capacity: 1000M(100%)
[2026-04-03T03:19:53.037+0600][27.866s][info][gc,heap     ] GC(47)                Mark Start          Mark End        Relocate Start      Relocate End           High               Low         
[2026-04-03T03:19:53.037+0600][27.866s][info][gc,heap     ] GC(47)  Capacity:     1000M (100%)       1000M (100%)       1000M (100%)       1000M (100%)       1000M (100%)       1000M (100%)   
[2026-04-03T03:19:53.037+0600][27.866s][info][gc,heap     ] GC(47)      Free:      196M (20%)           0M (0%)            0M (0%)          400M (40%)         400M (40%)           0M (0%)     
[2026-04-03T03:19:53.037+0600][27.866s][info][gc,heap     ] GC(47)      Used:      804M (80%)        1000M (100%)       1000M (100%)        600M (60%)        1000M (100%)        600M (60%)    
[2026-04-03T03:19:53.037+0600][27.866s][info][gc,heap     ] GC(47)      Live:         -               333M (33%)         333M (33%)         333M (33%)            -                  -          
[2026-04-03T03:19:53.037+0600][27.866s][info][gc,heap     ] GC(47) Allocated:         -               196M (20%)         196M (20%)         227M (23%)            -                  -          
[2026-04-03T03:19:53.037+0600][27.866s][info][gc,heap     ] GC(47)   Garbage:         -               470M (47%)         470M (47%)          39M (4%)             -                  -          
[2026-04-03T03:19:53.037+0600][27.866s][info][gc,heap     ] GC(47) Reclaimed:         -                  -                 0M (0%)          431M (43%)            -                  -          
[2026-04-03T03:19:53.037+0600][27.866s][info][gc          ] GC(47) Garbage Collection (Allocation Stall) 804M(80%)->600M(60%)
[2026-04-03T03:19:53.085+0600][27.913s][info][gc,start    ] GC(48) Garbage Collection (Allocation Stall)
[2026-04-03T03:19:53.085+0600][27.913s][info][gc,ref      ] GC(48) Clearing All SoftReferences
[2026-04-03T03:19:53.085+0600][27.913s][info][gc,task     ] GC(48) Using 3 workers
[2026-04-03T03:19:53.085+0600][27.914s][info][gc,ref      ] GC(48) Clearing All SoftReferences
[2026-04-03T03:19:53.085+0600][27.914s][info][gc,phases   ] GC(48) Pause Mark Start 0.070ms
[2026-04-03T03:19:53.922+0600][28.751s][info][gc,phases   ] GC(48) Concurrent Mark 836.668ms
[2026-04-03T03:19:53.922+0600][28.751s][info][gc,phases   ] GC(48) Pause Mark End 0.030ms
[2026-04-03T03:19:53.922+0600][28.751s][info][gc,phases   ] GC(48) Concurrent Mark Free 0.005ms
[2026-04-03T03:19:53.931+0600][28.760s][info][gc,phases   ] GC(48) Concurrent Process Non-Strong References 8.512ms
[2026-04-03T03:19:53.931+0600][28.760s][info][gc,phases   ] GC(48) Concurrent Reset Relocation Set 0.020ms
[2026-04-03T03:19:53.936+0600][28.764s][info][gc,phases   ] GC(48) Concurrent Select Relocation Set 4.608ms
[2026-04-03T03:19:53.936+0600][28.765s][info][gc,phases   ] GC(48) Pause Relocate Start 0.017ms
[2026-04-03T03:19:53.972+0600][28.801s][info][gc,phases   ] GC(48) Concurrent Relocate 35.587ms
[2026-04-03T03:19:53.972+0600][28.801s][info][gc,load     ] GC(48) Load: 4.90/5.02/5.47
[2026-04-03T03:19:53.972+0600][28.801s][info][gc,mmu      ] GC(48) MMU: 2ms/96.5%, 5ms/98.6%, 10ms/99.3%, 20ms/99.6%, 50ms/99.8%, 100ms/99.9%
[2026-04-03T03:19:53.972+0600][28.801s][info][gc,marking  ] GC(48) Mark: 2 stripe(s), 10 proactive flush(es), 1 terminate flush(es), 0 completion(s), 0 continuation(s) 
[2026-04-03T03:19:53.972+0600][28.801s][info][gc,marking  ] GC(48) Mark Stack Usage: 32M
[2026-04-03T03:19:53.972+0600][28.801s][info][gc,nmethod  ] GC(48) NMethods: 5434 registered, 131 unregistered
[2026-04-03T03:19:53.972+0600][28.801s][info][gc,metaspace] GC(48) Metaspace: 68M used, 68M committed, 1088M reserved
[2026-04-03T03:19:53.972+0600][28.801s][info][gc,ref      ] GC(48) Soft: 2741 encountered, 1209 discovered, 1 enqueued
[2026-04-03T03:19:53.972+0600][28.801s][info][gc,ref      ] GC(48) Weak: 5473 encountered, 420 discovered, 5 enqueued
[2026-04-03T03:19:53.972+0600][28.801s][info][gc,ref      ] GC(48) Final: 82 encountered, 0 discovered, 0 enqueued
[2026-04-03T03:19:53.972+0600][28.801s][info][gc,ref      ] GC(48) Phantom: 596 encountered, 393 discovered, 0 enqueued
[2026-04-03T03:19:53.972+0600][28.801s][info][gc,reloc    ] GC(48) Small Pages: 268 / 536M, Empty: 0M, Relocated: 13M, In-Place: 0
[2026-04-03T03:19:53.972+0600][28.801s][info][gc,reloc    ] GC(48) Medium Pages: 2 / 32M, Empty: 0M, Relocated: 9M, In-Place: 0
[2026-04-03T03:19:53.972+0600][28.801s][info][gc,reloc    ] GC(48) Large Pages: 6 / 66M, Empty: 10M, Relocated: 0M, In-Place: 0
[2026-04-03T03:19:53.972+0600][28.801s][info][gc,reloc    ] GC(48) Forwarding Usage: 11M
[2026-04-03T03:19:53.972+0600][28.801s][info][gc,heap     ] GC(48) Min Capacity: 8M(1%)
[2026-04-03T03:19:53.972+0600][28.801s][info][gc,heap     ] GC(48) Max Capacity: 1000M(100%)
[2026-04-03T03:19:53.972+0600][28.801s][info][gc,heap     ] GC(48) Soft Max Capacity: 1000M(100%)
[2026-04-03T03:19:53.972+0600][28.801s][info][gc,heap     ] GC(48)                Mark Start          Mark End        Relocate Start      Relocate End           High               Low         
[2026-04-03T03:19:53.972+0600][28.801s][info][gc,heap     ] GC(48)  Capacity:     1000M (100%)       1000M (100%)       1000M (100%)       1000M (100%)       1000M (100%)       1000M (100%)   
[2026-04-03T03:19:53.972+0600][28.801s][info][gc,heap     ] GC(48)      Free:      366M (37%)          70M (7%)           74M (7%)          326M (33%)         366M (37%)          56M (6%)     
[2026-04-03T03:19:53.972+0600][28.801s][info][gc,heap     ] GC(48)      Used:      634M (63%)         930M (93%)         926M (93%)         674M (67%)         944M (94%)         634M (63%)    
[2026-04-03T03:19:53.972+0600][28.801s][info][gc,heap     ] GC(48)      Live:         -               330M (33%)         330M (33%)         330M (33%)            -                  -          
[2026-04-03T03:19:53.972+0600][28.801s][info][gc,heap     ] GC(48) Allocated:         -               296M (30%)         302M (30%)         303M (30%)            -                  -          
[2026-04-03T03:19:53.972+0600][28.801s][info][gc,heap     ] GC(48)   Garbage:         -               303M (30%)         293M (29%)          40M (4%)             -                  -          
[2026-04-03T03:19:53.972+0600][28.801s][info][gc,heap     ] GC(48) Reclaimed:         -                  -                10M (1%)          263M (26%)            -                  -          
[2026-04-03T03:19:53.972+0600][28.801s][info][gc          ] GC(48) Garbage Collection (Allocation Stall) 634M(63%)->674M(67%)
[2026-04-03T03:19:53.985+0600][28.813s][info][gc,start    ] GC(49) Garbage Collection (Allocation Rate)
[2026-04-03T03:19:53.985+0600][28.813s][info][gc,task     ] GC(49) Using 3 workers
[2026-04-03T03:19:53.985+0600][28.814s][info][gc,phases   ] GC(49) Pause Mark Start 0.011ms
[2026-04-03T03:19:54.627+0600][29.456s][info][gc,phases   ] GC(49) Concurrent Mark 641.812ms
[2026-04-03T03:19:54.627+0600][29.456s][info][gc,phases   ] GC(49) Pause Mark End 0.027ms
[2026-04-03T03:19:54.627+0600][29.456s][info][gc,phases   ] GC(49) Concurrent Mark Free 0.001ms
[2026-04-03T03:19:54.633+0600][29.462s][info][gc,phases   ] GC(49) Concurrent Process Non-Strong References 5.846ms
[2026-04-03T03:19:54.633+0600][29.462s][info][gc,phases   ] GC(49) Concurrent Reset Relocation Set 0.020ms
[2026-04-03T03:19:54.643+0600][29.472s][info][gc,phases   ] GC(49) Concurrent Select Relocation Set 9.639ms
[2026-04-03T03:19:54.643+0600][29.472s][info][gc,phases   ] GC(49) Pause Relocate Start 0.014ms
[2026-04-03T03:19:54.685+0600][29.513s][info][gc,phases   ] GC(49) Concurrent Relocate 41.337ms
[2026-04-03T03:19:54.685+0600][29.514s][info][gc,load     ] GC(49) Load: 4.90/5.02/5.47
[2026-04-03T03:19:54.685+0600][29.514s][info][gc,mmu      ] GC(49) MMU: 2ms/96.5%, 5ms/98.6%, 10ms/99.3%, 20ms/99.6%, 50ms/99.8%, 100ms/99.9%
[2026-04-03T03:19:54.685+0600][29.514s][info][gc,marking  ] GC(49) Mark: 2 stripe(s), 2 proactive flush(es), 1 terminate flush(es), 0 completion(s), 0 continuation(s) 
[2026-04-03T03:19:54.685+0600][29.514s][info][gc,marking  ] GC(49) Mark Stack Usage: 32M
[2026-04-03T03:19:54.685+0600][29.514s][info][gc,nmethod  ] GC(49) NMethods: 5468 registered, 183 unregistered
[2026-04-03T03:19:54.685+0600][29.514s][info][gc,metaspace] GC(49) Metaspace: 68M used, 69M committed, 1088M reserved
[2026-04-03T03:19:54.685+0600][29.514s][info][gc,ref      ] GC(49) Soft: 2878 encountered, 0 discovered, 0 enqueued
[2026-04-03T03:19:54.685+0600][29.514s][info][gc,ref      ] GC(49) Weak: 5492 encountered, 422 discovered, 36 enqueued
[2026-04-03T03:19:54.685+0600][29.514s][info][gc,ref      ] GC(49) Final: 82 encountered, 0 discovered, 0 enqueued
[2026-04-03T03:19:54.685+0600][29.514s][info][gc,ref      ] GC(49) Phantom: 594 encountered, 541 discovered, 0 enqueued
[2026-04-03T03:19:54.685+0600][29.514s][info][gc,reloc    ] GC(49) Small Pages: 276 / 552M, Empty: 6M, Relocated: 33M, In-Place: 0
[2026-04-03T03:19:54.685+0600][29.514s][info][gc,reloc    ] GC(49) Medium Pages: 2 / 32M, Empty: 16M, Relocated: 0M, In-Place: 0
[2026-04-03T03:19:54.685+0600][29.514s][info][gc,reloc    ] GC(49) Large Pages: 10 / 90M, Empty: 24M, Relocated: 0M, In-Place: 0
[2026-04-03T03:19:54.685+0600][29.514s][info][gc,reloc    ] GC(49) Forwarding Usage: 27M
[2026-04-03T03:19:54.685+0600][29.514s][info][gc,heap     ] GC(49) Min Capacity: 8M(1%)
[2026-04-03T03:19:54.685+0600][29.514s][info][gc,heap     ] GC(49) Max Capacity: 1000M(100%)
[2026-04-03T03:19:54.685+0600][29.514s][info][gc,heap     ] GC(49) Soft Max Capacity: 1000M(100%)
[2026-04-03T03:19:54.685+0600][29.514s][info][gc,heap     ] GC(49)                Mark Start          Mark End        Relocate Start      Relocate End           High               Low         
[2026-04-03T03:19:54.685+0600][29.514s][info][gc,heap     ] GC(49)  Capacity:     1000M (100%)       1000M (100%)       1000M (100%)       1000M (100%)       1000M (100%)       1000M (100%)   
[2026-04-03T03:19:54.685+0600][29.514s][info][gc,heap     ] GC(49)      Free:      326M (33%)         258M (26%)         304M (30%)         570M (57%)         570M (57%)         258M (26%)    
[2026-04-03T03:19:54.685+0600][29.514s][info][gc,heap     ] GC(49)      Used:      674M (67%)         742M (74%)         696M (70%)         430M (43%)         742M (74%)         430M (43%)    
[2026-04-03T03:19:54.685+0600][29.514s][info][gc,heap     ] GC(49)      Live:         -               316M (32%)         316M (32%)         316M (32%)            -                  -          
[2026-04-03T03:19:54.685+0600][29.514s][info][gc,heap     ] GC(49) Allocated:         -                68M (7%)           68M (7%)           71M (7%)             -                  -          
[2026-04-03T03:19:54.685+0600][29.514s][info][gc,heap     ] GC(49)   Garbage:         -               357M (36%)         311M (31%)          42M (4%)             -                  -          
[2026-04-03T03:19:54.685+0600][29.514s][info][gc,heap     ] GC(49) Reclaimed:         -                  -                46M (5%)          315M (32%)            -                  -          
[2026-04-03T03:19:54.685+0600][29.514s][info][gc          ] GC(49) Garbage Collection (Allocation Rate) 674M(67%)->430M(43%)
[2026-04-03T03:19:54.785+0600][29.613s][info][gc,start    ] GC(50) Garbage Collection (Allocation Rate)
[2026-04-03T03:19:54.785+0600][29.613s][info][gc,task     ] GC(50) Using 3 workers
[2026-04-03T03:19:54.785+0600][29.614s][info][gc,phases   ] GC(50) Pause Mark Start 0.009ms
[2026-04-03T03:19:55.066+0600][29.895s][info][gc,phases   ] GC(50) Concurrent Mark 281.029ms
[2026-04-03T03:19:55.067+0600][29.896s][info][gc,phases   ] GC(50) Pause Mark End 0.032ms
[2026-04-03T03:19:55.067+0600][29.896s][info][gc,phases   ] GC(50) Concurrent Mark Free 0.007ms
[2026-04-03T03:19:55.075+0600][29.904s][info][gc,phases   ] GC(50) Concurrent Process Non-Strong References 7.766ms
[2026-04-03T03:19:55.075+0600][29.904s][info][gc,phases   ] GC(50) Concurrent Reset Relocation Set 0.022ms
[2026-04-03T03:19:55.083+0600][29.912s][info][gc,phases   ] GC(50) Concurrent Select Relocation Set 8.249ms
[2026-04-03T03:19:55.084+0600][29.912s][info][gc,phases   ] GC(50) Pause Relocate Start 0.020ms
[2026-04-03T03:19:55.092+0600][29.921s][info][gc,phases   ] GC(50) Concurrent Relocate 8.490ms
[2026-04-03T03:19:55.092+0600][29.921s][info][gc,load     ] GC(50) Load: 4.90/5.02/5.47
[2026-04-03T03:19:55.092+0600][29.921s][info][gc,mmu      ] GC(50) MMU: 2ms/96.5%, 5ms/98.6%, 10ms/99.3%, 20ms/99.6%, 50ms/99.8%, 100ms/99.9%
[2026-04-03T03:19:55.092+0600][29.921s][info][gc,marking  ] GC(50) Mark: 2 stripe(s), 2 proactive flush(es), 1 terminate flush(es), 0 completion(s), 0 continuation(s) 
[2026-04-03T03:19:55.092+0600][29.921s][info][gc,marking  ] GC(50) Mark Stack Usage: 32M
[2026-04-03T03:19:55.092+0600][29.921s][info][gc,nmethod  ] GC(50) NMethods: 5594 registered, 219 unregistered
[2026-04-03T03:19:55.092+0600][29.921s][info][gc,metaspace] GC(50) Metaspace: 68M used, 69M committed, 1088M reserved
[2026-04-03T03:19:55.093+0600][29.921s][info][gc,ref      ] GC(50) Soft: 3036 encountered, 0 discovered, 0 enqueued
[2026-04-03T03:19:55.093+0600][29.921s][info][gc,ref      ] GC(50) Weak: 5904 encountered, 2064 discovered, 51 enqueued
[2026-04-03T03:19:55.093+0600][29.921s][info][gc,ref      ] GC(50) Final: 82 encountered, 0 discovered, 0 enqueued
[2026-04-03T03:19:55.093+0600][29.921s][info][gc,ref      ] GC(50) Phantom: 594 encountered, 540 discovered, 0 enqueued
[2026-04-03T03:19:55.093+0600][29.921s][info][gc,reloc    ] GC(50) Small Pages: 168 / 336M, Empty: 72M, Relocated: 8M, In-Place: 0
[2026-04-03T03:19:55.093+0600][29.921s][info][gc,reloc    ] GC(50) Medium Pages: 2 / 32M, Empty: 16M, Relocated: 0M, In-Place: 0
[2026-04-03T03:19:55.093+0600][29.921s][info][gc,reloc    ] GC(50) Large Pages: 8 / 74M, Empty: 70M, Relocated: 0M, In-Place: 0
[2026-04-03T03:19:55.093+0600][29.921s][info][gc,reloc    ] GC(50) Forwarding Usage: 5M
[2026-04-03T03:19:55.093+0600][29.921s][info][gc,heap     ] GC(50) Min Capacity: 8M(1%)
[2026-04-03T03:19:55.093+0600][29.921s][info][gc,heap     ] GC(50) Max Capacity: 1000M(100%)
[2026-04-03T03:19:55.093+0600][29.921s][info][gc,heap     ] GC(50) Soft Max Capacity: 1000M(100%)
[2026-04-03T03:19:55.093+0600][29.921s][info][gc,heap     ] GC(50)                Mark Start          Mark End        Relocate Start      Relocate End           High               Low         
[2026-04-03T03:19:55.093+0600][29.921s][info][gc,heap     ] GC(50)  Capacity:     1000M (100%)       1000M (100%)       1000M (100%)       1000M (100%)       1000M (100%)       1000M (100%)   
[2026-04-03T03:19:55.093+0600][29.921s][info][gc,heap     ] GC(50)      Free:      558M (56%)         410M (41%)         562M (56%)         654M (65%)         654M (65%)         408M (41%)    
[2026-04-03T03:19:55.093+0600][29.921s][info][gc,heap     ] GC(50)      Used:      442M (44%)         590M (59%)         438M (44%)         346M (35%)         592M (59%)         346M (35%)    
[2026-04-03T03:19:55.093+0600][29.921s][info][gc,heap     ] GC(50)      Live:         -               169M (17%)         169M (17%)         169M (17%)            -                  -          
[2026-04-03T03:19:55.093+0600][29.921s][info][gc,heap     ] GC(50) Allocated:         -               148M (15%)         154M (15%)         155M (16%)            -                  -          
[2026-04-03T03:19:55.093+0600][29.921s][info][gc,heap     ] GC(50)   Garbage:         -               272M (27%)         114M (11%)          20M (2%)             -                  -          
[2026-04-03T03:19:55.093+0600][29.921s][info][gc,heap     ] GC(50) Reclaimed:         -                  -               158M (16%)         251M (25%)            -                  -          
[2026-04-03T03:19:55.093+0600][29.921s][info][gc          ] GC(50) Garbage Collection (Allocation Rate) 442M(44%)->346M(35%)
[2026-04-03T03:19:55.285+0600][30.114s][info][gc,stats    ] === Garbage Collection Statistics =======================================================================================================================
[2026-04-03T03:19:55.285+0600][30.114s][info][gc,stats    ]                                                              Last 10s              Last 10m              Last 10h                Total
[2026-04-03T03:19:55.285+0600][30.114s][info][gc,stats    ]                                                              Avg / Max             Avg / Max             Avg / Max             Avg / Max
[2026-04-03T03:19:55.285+0600][30.114s][info][gc,stats    ]   Collector: Garbage Collection Cycle                    599.939 / 887.404     263.843 / 988.634     263.843 / 988.634     263.843 / 988.634     ms
[2026-04-03T03:19:55.285+0600][30.114s][info][gc,stats    ]  Contention: Mark Segment Reset Contention                     5 / 10                4 / 21                4 / 21                4 / 21          ops/s
[2026-04-03T03:19:55.285+0600][30.114s][info][gc,stats    ]  Contention: Mark SeqNum Reset Contention                      0 / 1                 0 / 4                 0 / 4                 0 / 4           ops/s
[2026-04-03T03:19:55.285+0600][30.114s][info][gc,stats    ]    Critical: Allocation Stall                                  2 / 6                 0 / 6                 0 / 6                 0 / 6           ops/s
[2026-04-03T03:19:55.285+0600][30.114s][info][gc,stats    ]    Critical: Allocation Stall                            190.723 / 290.917     190.723 / 290.917     190.723 / 290.917     190.723 / 290.917     ms
[2026-04-03T03:19:55.285+0600][30.114s][info][gc,stats    ]    Critical: GC Locker Stall                                   0 / 0                 0 / 3                 0 / 3                 0 / 3           ops/s
[2026-04-03T03:19:55.285+0600][30.114s][info][gc,stats    ]    Critical: GC Locker Stall                               0.000 / 0.000         0.001 / 0.001         0.001 / 0.001         0.001 / 0.001       ms
[2026-04-03T03:19:55.285+0600][30.114s][info][gc,stats    ]    Critical: Relocation Stall                                  0 / 1                 0 / 1                 0 / 1                 0 / 1           ops/s
[2026-04-03T03:19:55.285+0600][30.114s][info][gc,stats    ]    Critical: Relocation Stall                             13.035 / 17.121       13.035 / 17.121       13.035 / 17.121       13.035 / 17.121      ms
[2026-04-03T03:19:55.285+0600][30.114s][info][gc,stats    ]      Memory: Allocation Rate                                 456 / 734             451 / 2572            451 / 2572            451 / 2572        MB/s
[2026-04-03T03:19:55.285+0600][30.114s][info][gc,stats    ]      Memory: Defragment                                        7 / 28                2 / 28                2 / 28                2 / 28          ops/s
[2026-04-03T03:19:55.285+0600][30.114s][info][gc,stats    ]      Memory: Out Of Memory                                     0 / 0                 0 / 0                 0 / 0                 0 / 0           ops/s
[2026-04-03T03:19:55.285+0600][30.114s][info][gc,stats    ]      Memory: Page Cache Flush                                 27 / 78               10 / 78               10 / 78               10 / 78          MB/s
[2026-04-03T03:19:55.285+0600][30.114s][info][gc,stats    ]      Memory: Page Cache Hit L1                               224 / 374             211 / 1314            211 / 1314            211 / 1314        ops/s
[2026-04-03T03:19:55.285+0600][30.114s][info][gc,stats    ]      Memory: Page Cache Hit L2                                 0 / 0                 0 / 0                 0 / 0                 0 / 0           ops/s
[2026-04-03T03:19:55.285+0600][30.114s][info][gc,stats    ]      Memory: Page Cache Hit L3                                 6 / 22                6 / 64                6 / 64                6 / 64          ops/s
[2026-04-03T03:19:55.285+0600][30.114s][info][gc,stats    ]      Memory: Page Cache Miss                                   2 / 6                10 / 142              10 / 142              10 / 142         ops/s
[2026-04-03T03:19:55.285+0600][30.114s][info][gc,stats    ]      Memory: Uncommit                                          0 / 0                 0 / 0                 0 / 0                 0 / 0           MB/s
[2026-04-03T03:19:55.285+0600][30.114s][info][gc,stats    ]      Memory: Undo Object Allocation Failed                     0 / 0                 0 / 0                 0 / 0                 0 / 0           ops/s
[2026-04-03T03:19:55.285+0600][30.114s][info][gc,stats    ]      Memory: Undo Object Allocation Succeeded                  0 / 1                 0 / 8                 0 / 8                 0 / 8           ops/s
[2026-04-03T03:19:55.285+0600][30.114s][info][gc,stats    ]      Memory: Undo Page Allocation                              0 / 2                 0 / 2                 0 / 2                 0 / 2           ops/s
[2026-04-03T03:19:55.285+0600][30.114s][info][gc,stats    ]       Phase: Concurrent Mark                             543.038 / 836.668     235.271 / 978.999     235.271 / 978.999     235.271 / 978.999     ms
[2026-04-03T03:19:55.285+0600][30.114s][info][gc,stats    ]       Phase: Concurrent Mark Continue                      0.000 / 0.000         0.000 / 0.000         0.000 / 0.000         0.000 / 0.000       ms
[2026-04-03T03:19:55.285+0600][30.114s][info][gc,stats    ]       Phase: Concurrent Mark Free                          0.003 / 0.007         0.002 / 0.007         0.002 / 0.007         0.002 / 0.007       ms
[2026-04-03T03:19:55.285+0600][30.114s][info][gc,stats    ]       Phase: Concurrent Process Non-Strong References      8.104 / 14.265        7.236 / 27.865        7.236 / 27.865        7.236 / 27.865      ms
[2026-04-03T03:19:55.285+0600][30.114s][info][gc,stats    ]       Phase: Concurrent Relocate                          38.735 / 83.525       14.666 / 83.525       14.666 / 83.525       14.666 / 83.525      ms
[2026-04-03T03:19:55.285+0600][30.114s][info][gc,stats    ]       Phase: Concurrent Reset Relocation Set               0.022 / 0.043         0.010 / 0.043         0.010 / 0.043         0.010 / 0.043       ms
[2026-04-03T03:19:55.285+0600][30.114s][info][gc,stats    ]       Phase: Concurrent Select Relocation Set              7.938 / 17.093        5.045 / 17.657        5.045 / 17.657        5.045 / 17.657      ms
[2026-04-03T03:19:55.285+0600][30.114s][info][gc,start    ] GC(51) Garbage Collection (Allocation Rate)
[2026-04-03T03:19:55.286+0600][30.114s][info][gc,task     ] GC(51) Using 3 workers
[2026-04-03T03:19:55.285+0600][30.114s][info][gc,stats    ]       Phase: Pause Mark End                                0.030 / 0.048         0.028 / 0.058         0.028 / 0.058         0.028 / 0.058       ms
[2026-04-03T03:19:55.286+0600][30.114s][info][gc,stats    ]       Phase: Pause Mark Start                              0.037 / 0.070         0.020 / 0.070         0.020 / 0.070         0.020 / 0.070       ms
[2026-04-03T03:19:55.286+0600][30.114s][info][gc,stats    ]       Phase: Pause Relocate Start                          0.018 / 0.041         0.017 / 0.042         0.017 / 0.042         0.017 / 0.042       ms
[2026-04-03T03:19:55.286+0600][30.114s][info][gc,stats    ]    Subphase: Concurrent Classes Purge                      0.142 / 0.528         0.115 / 0.640         0.115 / 0.640         0.115 / 0.640       ms
[2026-04-03T03:19:55.286+0600][30.114s][info][gc,stats    ]    Subphase: Concurrent Classes Unlink                     6.086 / 12.109        5.458 / 24.388        5.458 / 24.388        5.458 / 24.388      ms
[2026-04-03T03:19:55.286+0600][30.114s][info][gc,stats    ]    Subphase: Concurrent Mark                             541.617 / 835.534     248.147 / 978.365     248.147 / 978.365     248.147 / 978.365     ms
[2026-04-03T03:19:55.286+0600][30.114s][info][gc,stats    ]    Subphase: Concurrent Mark Try Flush                     0.323 / 4.637         0.222 / 4.637         0.222 / 4.637         0.222 / 4.637       ms
[2026-04-03T03:19:55.286+0600][30.114s][info][gc,stats    ]    Subphase: Concurrent Mark Try Terminate                 0.938 / 1.450         1.085 / 1.450         1.085 / 1.450         1.085 / 1.450       ms
[2026-04-03T03:19:55.286+0600][30.114s][info][gc,stats    ]    Subphase: Concurrent References Enqueue                 0.004 / 0.015         0.003 / 0.015         0.003 / 0.015         0.003 / 0.015       ms
[2026-04-03T03:19:55.286+0600][30.114s][info][gc,stats    ]    Subphase: Concurrent References Process                 0.573 / 0.854         0.425 / 0.854         0.425 / 0.854         0.425 / 0.854       ms
[2026-04-03T03:19:55.286+0600][30.114s][info][gc,stats    ]    Subphase: Concurrent Roots ClassLoaderDataGraph         0.268 / 0.695         0.236 / 0.814         0.236 / 0.814         0.236 / 0.814       ms
[2026-04-03T03:19:55.286+0600][30.114s][info][gc,stats    ]    Subphase: Concurrent Roots CodeCache                    0.000 / 0.000         0.000 / 0.000         0.000 / 0.000         0.000 / 0.000       ms
[2026-04-03T03:19:55.286+0600][30.114s][info][gc,stats    ]    Subphase: Concurrent Roots JavaThreads                  0.394 / 0.800         0.415 / 2.262         0.415 / 2.262         0.415 / 2.262       ms
[2026-04-03T03:19:55.286+0600][30.114s][info][gc,stats    ]    Subphase: Concurrent Roots OopStorageSet                0.045 / 0.086         0.044 / 0.262         0.044 / 0.262         0.044 / 0.262       ms
[2026-04-03T03:19:55.286+0600][30.114s][info][gc,stats    ]    Subphase: Concurrent Weak Roots OopStorageSet           0.778 / 1.025         0.743 / 1.963         0.743 / 1.963         0.743 / 1.963       ms
[2026-04-03T03:19:55.286+0600][30.114s][info][gc,stats    ]    Subphase: Pause Mark Try Complete                       0.000 / 0.000         0.000 / 0.000         0.000 / 0.000         0.000 / 0.000       ms
[2026-04-03T03:19:55.286+0600][30.114s][info][gc,stats    ]      System: Java Threads                                     74 / 76               63 / 76               63 / 76               63 / 76          threads
[2026-04-03T03:19:55.286+0600][30.114s][info][gc,stats    ] =========================================================================================================================================================
[2026-04-03T03:19:55.286+0600][30.115s][info][gc,phases   ] GC(51) Pause Mark Start 0.028ms
[2026-04-03T03:19:55.680+0600][30.509s][info][gc,phases   ] GC(51) Concurrent Mark 394.184ms
[2026-04-03T03:19:55.681+0600][30.509s][info][gc,phases   ] GC(51) Pause Mark End 0.024ms
[2026-04-03T03:19:55.681+0600][30.509s][info][gc,phases   ] GC(51) Concurrent Mark Free 0.002ms
[2026-04-03T03:19:55.703+0600][30.532s][info][gc,phases   ] GC(51) Concurrent Process Non-Strong References 22.409ms
[2026-04-03T03:19:55.703+0600][30.532s][info][gc,phases   ] GC(51) Concurrent Reset Relocation Set 0.012ms
[2026-04-03T03:19:55.719+0600][30.548s][info][gc,phases   ] GC(51) Concurrent Select Relocation Set 15.723ms
[2026-04-03T03:19:55.719+0600][30.548s][info][gc,phases   ] GC(51) Pause Relocate Start 0.019ms
[2026-04-03T03:19:55.774+0600][30.603s][info][gc,phases   ] GC(51) Concurrent Relocate 54.850ms
[2026-04-03T03:19:55.775+0600][30.603s][info][gc,load     ] GC(51) Load: 5.07/5.05/5.48
[2026-04-03T03:19:55.775+0600][30.603s][info][gc,mmu      ] GC(51) MMU: 2ms/96.5%, 5ms/98.6%, 10ms/99.3%, 20ms/99.6%, 50ms/99.8%, 100ms/99.9%
[2026-04-03T03:19:55.775+0600][30.603s][info][gc,marking  ] GC(51) Mark: 2 stripe(s), 2 proactive flush(es), 1 terminate flush(es), 0 completion(s), 0 continuation(s) 
[2026-04-03T03:19:55.775+0600][30.603s][info][gc,marking  ] GC(51) Mark Stack Usage: 32M
[2026-04-03T03:19:55.775+0600][30.603s][info][gc,nmethod  ] GC(51) NMethods: 5583 registered, 261 unregistered
[2026-04-03T03:19:55.775+0600][30.603s][info][gc,metaspace] GC(51) Metaspace: 68M used, 69M committed, 1088M reserved
[2026-04-03T03:19:55.775+0600][30.603s][info][gc,ref      ] GC(51) Soft: 3209 encountered, 0 discovered, 0 enqueued
[2026-04-03T03:19:55.775+0600][30.603s][info][gc,ref      ] GC(51) Weak: 6194 encountered, 1883 discovered, 138 enqueued
[2026-04-03T03:19:55.775+0600][30.603s][info][gc,ref      ] GC(51) Final: 82 encountered, 0 discovered, 0 enqueued
[2026-04-03T03:19:55.775+0600][30.603s][info][gc,ref      ] GC(51) Phantom: 596 encountered, 537 discovered, 0 enqueued
[2026-04-03T03:19:55.775+0600][30.603s][info][gc,reloc    ] GC(51) Small Pages: 175 / 350M, Empty: 0M, Relocated: 29M, In-Place: 0
[2026-04-03T03:19:55.775+0600][30.603s][info][gc,reloc    ] GC(51) Medium Pages: 2 / 32M, Empty: 16M, Relocated: 0M, In-Place: 0
[2026-04-03T03:19:55.775+0600][30.603s][info][gc,reloc    ] GC(51) Large Pages: 11 / 70M, Empty: 36M, Relocated: 0M, In-Place: 0
[2026-04-03T03:19:55.775+0600][30.603s][info][gc,reloc    ] GC(51) Forwarding Usage: 28M
[2026-04-03T03:19:55.775+0600][30.603s][info][gc,heap     ] GC(51) Min Capacity: 8M(1%)
[2026-04-03T03:19:55.775+0600][30.603s][info][gc,heap     ] GC(51) Max Capacity: 1000M(100%)
[2026-04-03T03:19:55.775+0600][30.603s][info][gc,heap     ] GC(51) Soft Max Capacity: 1000M(100%)
[2026-04-03T03:19:55.775+0600][30.603s][info][gc,heap     ] GC(51)                Mark Start          Mark End        Relocate Start      Relocate End           High               Low         
[2026-04-03T03:19:55.775+0600][30.603s][info][gc,heap     ] GC(51)  Capacity:     1000M (100%)       1000M (100%)       1000M (100%)       1000M (100%)       1000M (100%)       1000M (100%)   
[2026-04-03T03:19:55.775+0600][30.603s][info][gc,heap     ] GC(51)      Free:      548M (55%)         282M (28%)         316M (32%)         466M (47%)         548M (55%)         270M (27%)    
[2026-04-03T03:19:55.775+0600][30.603s][info][gc,heap     ] GC(51)      Used:      452M (45%)         718M (72%)         684M (68%)         534M (53%)         730M (73%)         452M (45%)    
[2026-04-03T03:19:55.775+0600][30.603s][info][gc,heap     ] GC(51)      Live:         -               223M (22%)         223M (22%)         223M (22%)            -                  -          
[2026-04-03T03:19:55.775+0600][30.603s][info][gc,heap     ] GC(51) Allocated:         -               266M (27%)         284M (28%)         292M (29%)            -                  -          
[2026-04-03T03:19:55.775+0600][30.604s][info][gc,heap     ] GC(51)   Garbage:         -               228M (23%)         176M (18%)          17M (2%)             -                  -          
[2026-04-03T03:19:55.775+0600][30.604s][info][gc,heap     ] GC(51) Reclaimed:         -                  -                52M (5%)          210M (21%)            -                  -          
[2026-04-03T03:19:55.775+0600][30.604s][info][gc          ] GC(51) Garbage Collection (Allocation Rate) 452M(45%)->534M(53%)
[2026-04-03T03:19:55.785+0600][30.614s][info][gc,start    ] GC(52) Garbage Collection (Allocation Rate)
[2026-04-03T03:19:55.785+0600][30.614s][info][gc,task     ] GC(52) Using 3 workers
[2026-04-03T03:19:55.785+0600][30.614s][info][gc,phases   ] GC(52) Pause Mark Start 0.015ms
[2026-04-03T03:19:56.377+0600][31.205s][info][gc,phases   ] GC(52) Concurrent Mark 591.207ms
[2026-04-03T03:19:56.377+0600][31.206s][info][gc,phases   ] GC(52) Pause Mark End 0.021ms
[2026-04-03T03:19:56.377+0600][31.206s][info][gc,phases   ] GC(52) Concurrent Mark Free 0.003ms
[2026-04-03T03:19:56.383+0600][31.212s][info][gc,phases   ] GC(52) Concurrent Process Non-Strong References 6.007ms
[2026-04-03T03:19:56.383+0600][31.212s][info][gc,phases   ] GC(52) Concurrent Reset Relocation Set 0.009ms
[2026-04-03T03:19:56.386+0600][31.214s][info][gc          ] Allocation Stall (Executor task launch worker for task 1.0 in stage 2.0 (TID 7)) 41.875ms
[2026-04-03T03:19:56.386+0600][31.214s][info][gc          ] Allocation Stall (Executor task launch worker for task 0.0 in stage 2.0 (TID 6)) 46.198ms
[2026-04-03T03:19:56.386+0600][31.214s][info][gc          ] Allocation Stall (Executor task launch worker for task 2.0 in stage 2.0 (TID 8)) 46.007ms
[2026-04-03T03:19:56.388+0600][31.216s][info][gc,phases   ] GC(52) Concurrent Select Relocation Set 4.333ms
[2026-04-03T03:19:56.388+0600][31.217s][info][gc,phases   ] GC(52) Pause Relocate Start 0.012ms
[2026-04-03T03:19:56.435+0600][31.264s][info][gc,phases   ] GC(52) Concurrent Relocate 47.247ms
[2026-04-03T03:19:56.436+0600][31.264s][info][gc,load     ] GC(52) Load: 5.07/5.05/5.48
[2026-04-03T03:19:56.436+0600][31.264s][info][gc,mmu      ] GC(52) MMU: 2ms/96.5%, 5ms/98.6%, 10ms/99.3%, 20ms/99.6%, 50ms/99.8%, 100ms/99.9%
[2026-04-03T03:19:56.436+0600][31.264s][info][gc,marking  ] GC(52) Mark: 2 stripe(s), 8 proactive flush(es), 1 terminate flush(es), 0 completion(s), 0 continuation(s) 
[2026-04-03T03:19:56.436+0600][31.264s][info][gc,marking  ] GC(52) Mark Stack Usage: 32M
[2026-04-03T03:19:56.436+0600][31.264s][info][gc,nmethod  ] GC(52) NMethods: 5626 registered, 264 unregistered
[2026-04-03T03:19:56.436+0600][31.265s][info][gc,metaspace] GC(52) Metaspace: 68M used, 69M committed, 1088M reserved
[2026-04-03T03:19:56.436+0600][31.265s][info][gc,ref      ] GC(52) Soft: 3212 encountered, 0 discovered, 0 enqueued
[2026-04-03T03:19:56.436+0600][31.265s][info][gc,ref      ] GC(52) Weak: 6065 encountered, 669 discovered, 1 enqueued
[2026-04-03T03:19:56.436+0600][31.265s][info][gc,ref      ] GC(52) Final: 82 encountered, 16 discovered, 0 enqueued
[2026-04-03T03:19:56.436+0600][31.265s][info][gc,ref      ] GC(52) Phantom: 594 encountered, 376 discovered, 0 enqueued
[2026-04-03T03:19:56.436+0600][31.265s][info][gc,reloc    ] GC(52) Small Pages: 220 / 440M, Empty: 2M, Relocated: 52M, In-Place: 0
[2026-04-03T03:19:56.436+0600][31.265s][info][gc,reloc    ] GC(52) Medium Pages: 2 / 32M, Empty: 16M, Relocated: 0M, In-Place: 0
[2026-04-03T03:19:56.436+0600][31.265s][info][gc,reloc    ] GC(52) Large Pages: 10 / 64M, Empty: 12M, Relocated: 0M, In-Place: 0
[2026-04-03T03:19:56.436+0600][31.265s][info][gc,reloc    ] GC(52) Forwarding Usage: 28M
[2026-04-03T03:19:56.436+0600][31.265s][info][gc,heap     ] GC(52) Min Capacity: 8M(1%)
[2026-04-03T03:19:56.436+0600][31.265s][info][gc,heap     ] GC(52) Max Capacity: 1000M(100%)
[2026-04-03T03:19:56.436+0600][31.265s][info][gc,heap     ] GC(52) Soft Max Capacity: 1000M(100%)
[2026-04-03T03:19:56.436+0600][31.265s][info][gc,heap     ] GC(52)                Mark Start          Mark End        Relocate Start      Relocate End           High               Low         
[2026-04-03T03:19:56.436+0600][31.265s][info][gc,heap     ] GC(52)  Capacity:     1000M (100%)       1000M (100%)       1000M (100%)       1000M (100%)       1000M (100%)       1000M (100%)   
[2026-04-03T03:19:56.436+0600][31.265s][info][gc,heap     ] GC(52)      Free:      464M (46%)           0M (0%)           22M (2%)          168M (17%)         464M (46%)           0M (0%)     
[2026-04-03T03:19:56.436+0600][31.265s][info][gc,heap     ] GC(52)      Used:      536M (54%)        1000M (100%)        978M (98%)         832M (83%)        1000M (100%)        536M (54%)    
[2026-04-03T03:19:56.436+0600][31.265s][info][gc,heap     ] GC(52)      Live:         -               296M (30%)         296M (30%)         296M (30%)            -                  -          
[2026-04-03T03:19:56.436+0600][31.265s][info][gc,heap     ] GC(52) Allocated:         -               464M (46%)         472M (47%)         511M (51%)            -                  -          
[2026-04-03T03:19:56.436+0600][31.265s][info][gc,heap     ] GC(52)   Garbage:         -               239M (24%)         209M (21%)          23M (2%)             -                  -          
[2026-04-03T03:19:56.436+0600][31.265s][info][gc,heap     ] GC(52) Reclaimed:         -                  -                30M (3%)          215M (22%)            -                  -          
[2026-04-03T03:19:56.436+0600][31.265s][info][gc          ] GC(52) Garbage Collection (Allocation Rate) 536M(54%)->832M(83%)
[2026-04-03T03:19:56.485+0600][31.314s][info][gc,start    ] GC(53) Garbage Collection (Allocation Stall)
[2026-04-03T03:19:56.485+0600][31.314s][info][gc,ref      ] GC(53) Clearing All SoftReferences
[2026-04-03T03:19:56.485+0600][31.314s][info][gc,task     ] GC(53) Using 3 workers
[2026-04-03T03:19:56.485+0600][31.314s][info][gc,ref      ] GC(53) Clearing All SoftReferences
[2026-04-03T03:19:56.485+0600][31.314s][info][gc,phases   ] GC(53) Pause Mark Start 0.046ms
[2026-04-03T03:19:57.028+0600][31.857s][info][gc,phases   ] GC(53) Concurrent Mark 542.918ms
[2026-04-03T03:19:57.029+0600][31.857s][info][gc,phases   ] GC(53) Pause Mark End 0.023ms
[2026-04-03T03:19:57.029+0600][31.857s][info][gc,phases   ] GC(53) Concurrent Mark Free 0.001ms
[2026-04-03T03:19:57.044+0600][31.872s][info][gc,phases   ] GC(53) Concurrent Process Non-Strong References 14.928ms
[2026-04-03T03:19:57.044+0600][31.872s][info][gc,phases   ] GC(53) Concurrent Reset Relocation Set 0.035ms
[2026-04-03T03:19:57.046+0600][31.875s][info][gc          ] Allocation Stall (Executor task launch worker for task 1.0 in stage 2.0 (TID 7)) 78.560ms
[2026-04-03T03:19:57.046+0600][31.875s][info][gc          ] Allocation Stall (Executor task launch worker for task 2.0 in stage 2.0 (TID 8)) 57.214ms
[2026-04-03T03:19:57.046+0600][31.875s][info][gc          ] Allocation Stall (Executor task launch worker for task 0.0 in stage 2.0 (TID 6)) 69.217ms
[2026-04-03T03:19:57.052+0600][31.880s][info][gc,phases   ] GC(53) Concurrent Select Relocation Set 7.913ms
[2026-04-03T03:19:57.052+0600][31.881s][info][gc,phases   ] GC(53) Pause Relocate Start 0.017ms
[2026-04-03T03:19:57.118+0600][31.947s][info][gc,phases   ] GC(53) Concurrent Relocate 65.762ms
[2026-04-03T03:19:57.118+0600][31.947s][info][gc,load     ] GC(53) Load: 5.07/5.05/5.48
[2026-04-03T03:19:57.118+0600][31.947s][info][gc,mmu      ] GC(53) MMU: 2ms/96.5%, 5ms/98.6%, 10ms/99.3%, 20ms/99.6%, 50ms/99.8%, 100ms/99.9%
[2026-04-03T03:19:57.118+0600][31.947s][info][gc,marking  ] GC(53) Mark: 2 stripe(s), 2 proactive flush(es), 1 terminate flush(es), 0 completion(s), 0 continuation(s) 
[2026-04-03T03:19:57.118+0600][31.947s][info][gc,marking  ] GC(53) Mark Stack Usage: 32M
[2026-04-03T03:19:57.118+0600][31.947s][info][gc,nmethod  ] GC(53) NMethods: 5634 registered, 278 unregistered
[2026-04-03T03:19:57.118+0600][31.947s][info][gc,metaspace] GC(53) Metaspace: 68M used, 69M committed, 1088M reserved
[2026-04-03T03:19:57.118+0600][31.947s][info][gc,ref      ] GC(53) Soft: 3123 encountered, 970 discovered, 386 enqueued
[2026-04-03T03:19:57.118+0600][31.947s][info][gc,ref      ] GC(53) Weak: 5985 encountered, 1697 discovered, 111 enqueued
[2026-04-03T03:19:57.118+0600][31.947s][info][gc,ref      ] GC(53) Final: 82 encountered, 0 discovered, 0 enqueued
[2026-04-03T03:19:57.118+0600][31.947s][info][gc,ref      ] GC(53) Phantom: 597 encountered, 490 discovered, 0 enqueued
[2026-04-03T03:19:57.118+0600][31.947s][info][gc,reloc    ] GC(53) Small Pages: 382 / 764M, Empty: 18M, Relocated: 62M, In-Place: 0
[2026-04-03T03:19:57.118+0600][31.947s][info][gc,reloc    ] GC(53) Medium Pages: 2 / 32M, Empty: 0M, Relocated: 9M, In-Place: 0
[2026-04-03T03:19:57.118+0600][31.947s][info][gc,reloc    ] GC(53) Large Pages: 12 / 92M, Empty: 52M, Relocated: 0M, In-Place: 0
[2026-04-03T03:19:57.118+0600][31.947s][info][gc,reloc    ] GC(53) Forwarding Usage: 38M
[2026-04-03T03:19:57.118+0600][31.947s][info][gc,heap     ] GC(53) Min Capacity: 8M(1%)
[2026-04-03T03:19:57.118+0600][31.947s][info][gc,heap     ] GC(53) Max Capacity: 1000M(100%)
[2026-04-03T03:19:57.118+0600][31.947s][info][gc,heap     ] GC(53) Soft Max Capacity: 1000M(100%)
[2026-04-03T03:19:57.118+0600][31.947s][info][gc,heap     ] GC(53)                Mark Start          Mark End        Relocate Start      Relocate End           High               Low         
[2026-04-03T03:19:57.118+0600][31.947s][info][gc,heap     ] GC(53)  Capacity:     1000M (100%)       1000M (100%)       1000M (100%)       1000M (100%)       1000M (100%)       1000M (100%)   
[2026-04-03T03:19:57.118+0600][31.947s][info][gc,heap     ] GC(53)      Free:      112M (11%)           0M (0%)           64M (6%)          550M (55%)         550M (55%)           0M (0%)     
[2026-04-03T03:19:57.118+0600][31.947s][info][gc,heap     ] GC(53)      Used:      888M (89%)        1000M (100%)        936M (94%)         450M (45%)        1000M (100%)        450M (45%)    
[2026-04-03T03:19:57.118+0600][31.947s][info][gc,heap     ] GC(53)      Live:         -               310M (31%)         310M (31%)         310M (31%)            -                  -          
[2026-04-03T03:19:57.118+0600][31.947s][info][gc,heap     ] GC(53) Allocated:         -               112M (11%)         118M (12%)         117M (12%)            -                  -          
[2026-04-03T03:19:57.118+0600][31.947s][info][gc,heap     ] GC(53)   Garbage:         -               577M (58%)         507M (51%)          21M (2%)             -                  -          
[2026-04-03T03:19:57.118+0600][31.947s][info][gc,heap     ] GC(53) Reclaimed:         -                  -                70M (7%)          555M (56%)            -                  -          
[2026-04-03T03:19:57.118+0600][31.947s][info][gc          ] GC(53) Garbage Collection (Allocation Stall) 888M(89%)->450M(45%)
[2026-04-03T03:19:57.185+0600][32.014s][info][gc,start    ] GC(54) Garbage Collection (Allocation Stall)
[2026-04-03T03:19:57.185+0600][32.014s][info][gc,ref      ] GC(54) Clearing All SoftReferences
[2026-04-03T03:19:57.185+0600][32.014s][info][gc,task     ] GC(54) Using 3 workers
[2026-04-03T03:19:57.185+0600][32.014s][info][gc,ref      ] GC(54) Clearing All SoftReferences
[2026-04-03T03:19:57.185+0600][32.014s][info][gc,phases   ] GC(54) Pause Mark Start 0.061ms
[2026-04-03T03:19:57.656+0600][32.485s][info][gc,phases   ] GC(54) Concurrent Mark 470.389ms
[2026-04-03T03:19:57.656+0600][32.485s][info][gc,phases   ] GC(54) Pause Mark End 0.025ms
[2026-04-03T03:19:57.656+0600][32.485s][info][gc,phases   ] GC(54) Concurrent Mark Free 0.003ms
[2026-04-03T03:19:57.663+0600][32.492s][info][gc,phases   ] GC(54) Concurrent Process Non-Strong References 7.080ms
[2026-04-03T03:19:57.663+0600][32.492s][info][gc,phases   ] GC(54) Concurrent Reset Relocation Set 0.030ms
[2026-04-03T03:19:57.670+0600][32.499s][info][gc,phases   ] GC(54) Concurrent Select Relocation Set 6.398ms
[2026-04-03T03:19:57.670+0600][32.499s][info][gc,phases   ] GC(54) Pause Relocate Start 0.013ms
[2026-04-03T03:19:57.676+0600][32.505s][info][gc,phases   ] GC(54) Concurrent Relocate 5.800ms
[2026-04-03T03:19:57.676+0600][32.505s][info][gc,load     ] GC(54) Load: 5.07/5.05/5.48
[2026-04-03T03:19:57.676+0600][32.505s][info][gc,mmu      ] GC(54) MMU: 2ms/96.5%, 5ms/98.6%, 10ms/99.3%, 20ms/99.6%, 50ms/99.8%, 100ms/99.9%
[2026-04-03T03:19:57.676+0600][32.505s][info][gc,marking  ] GC(54) Mark: 2 stripe(s), 2 proactive flush(es), 1 terminate flush(es), 0 completion(s), 0 continuation(s) 
[2026-04-03T03:19:57.676+0600][32.505s][info][gc,marking  ] GC(54) Mark Stack Usage: 32M
[2026-04-03T03:19:57.676+0600][32.505s][info][gc,nmethod  ] GC(54) NMethods: 5627 registered, 291 unregistered
[2026-04-03T03:19:57.676+0600][32.505s][info][gc,metaspace] GC(54) Metaspace: 68M used, 69M committed, 1088M reserved
[2026-04-03T03:19:57.676+0600][32.505s][info][gc,ref      ] GC(54) Soft: 2737 encountered, 1899 discovered, 0 enqueued
[2026-04-03T03:19:57.676+0600][32.505s][info][gc,ref      ] GC(54) Weak: 5696 encountered, 587 discovered, 6 enqueued
[2026-04-03T03:19:57.676+0600][32.505s][info][gc,ref      ] GC(54) Final: 82 encountered, 18 discovered, 0 enqueued
[2026-04-03T03:19:57.676+0600][32.505s][info][gc,ref      ] GC(54) Phantom: 598 encountered, 394 discovered, 0 enqueued
[2026-04-03T03:19:57.676+0600][32.505s][info][gc,reloc    ] GC(54) Small Pages: 198 / 396M, Empty: 22M, Relocated: 5M, In-Place: 0
[2026-04-03T03:19:57.676+0600][32.505s][info][gc,reloc    ] GC(54) Medium Pages: 1 / 16M, Empty: 0M, Relocated: 0M, In-Place: 0
[2026-04-03T03:19:57.676+0600][32.505s][info][gc,reloc    ] GC(54) Large Pages: 7 / 50M, Empty: 4M, Relocated: 0M, In-Place: 0
[2026-04-03T03:19:57.676+0600][32.505s][info][gc,reloc    ] GC(54) Forwarding Usage: 4M
[2026-04-03T03:19:57.676+0600][32.505s][info][gc,heap     ] GC(54) Min Capacity: 8M(1%)
[2026-04-03T03:19:57.676+0600][32.505s][info][gc,heap     ] GC(54) Max Capacity: 1000M(100%)
[2026-04-03T03:19:57.676+0600][32.505s][info][gc,heap     ] GC(54) Soft Max Capacity: 1000M(100%)
[2026-04-03T03:19:57.676+0600][32.505s][info][gc,heap     ] GC(54)                Mark Start          Mark End        Relocate Start      Relocate End           High               Low         
[2026-04-03T03:19:57.676+0600][32.505s][info][gc,heap     ] GC(54)  Capacity:     1000M (100%)       1000M (100%)       1000M (100%)       1000M (100%)       1000M (100%)       1000M (100%)   
[2026-04-03T03:19:57.676+0600][32.505s][info][gc,heap     ] GC(54)      Free:      538M (54%)         462M (46%)         484M (48%)         578M (58%)         578M (58%)         460M (46%)    
[2026-04-03T03:19:57.676+0600][32.505s][info][gc,heap     ] GC(54)      Used:      462M (46%)         538M (54%)         516M (52%)         422M (42%)         540M (54%)         422M (42%)    
[2026-04-03T03:19:57.676+0600][32.505s][info][gc,heap     ] GC(54)      Live:         -               319M (32%)         319M (32%)         319M (32%)            -                  -          
[2026-04-03T03:19:57.676+0600][32.505s][info][gc,heap     ] GC(54) Allocated:         -                76M (8%)           80M (8%)           79M (8%)             -                  -          
[2026-04-03T03:19:57.676+0600][32.505s][info][gc,heap     ] GC(54)   Garbage:         -               142M (14%)         116M (12%)          22M (2%)             -                  -          
[2026-04-03T03:19:57.677+0600][32.505s][info][gc,heap     ] GC(54) Reclaimed:         -                  -                26M (3%)          119M (12%)            -                  -          
[2026-04-03T03:19:57.677+0600][32.505s][info][gc          ] GC(54) Garbage Collection (Allocation Stall) 462M(46%)->422M(42%)
[2026-04-03T03:19:57.685+0600][32.514s][info][gc,start    ] GC(55) Garbage Collection (Allocation Rate)
[2026-04-03T03:19:57.685+0600][32.514s][info][gc,task     ] GC(55) Using 3 workers
[2026-04-03T03:19:57.686+0600][32.514s][info][gc,phases   ] GC(55) Pause Mark Start 0.022ms
[2026-04-03T03:19:58.166+0600][32.995s][info][gc,phases   ] GC(55) Concurrent Mark 479.995ms
[2026-04-03T03:19:58.166+0600][32.995s][info][gc,phases   ] GC(55) Pause Mark End 0.028ms
[2026-04-03T03:19:58.166+0600][32.995s][info][gc,phases   ] GC(55) Concurrent Mark Free 0.005ms
[2026-04-03T03:19:58.174+0600][33.003s][info][gc,phases   ] GC(55) Concurrent Process Non-Strong References 7.936ms
[2026-04-03T03:19:58.175+0600][33.003s][info][gc,phases   ] GC(55) Concurrent Reset Relocation Set 0.008ms
[2026-04-03T03:19:58.178+0600][33.007s][info][gc,phases   ] GC(55) Concurrent Select Relocation Set 3.892ms
[2026-04-03T03:19:58.179+0600][33.008s][info][gc,phases   ] GC(55) Pause Relocate Start 0.092ms
[2026-04-03T03:19:58.186+0600][33.014s][info][gc,phases   ] GC(55) Concurrent Relocate 6.623ms
[2026-04-03T03:19:58.186+0600][33.014s][info][gc,load     ] GC(55) Load: 5.07/5.05/5.48
[2026-04-03T03:19:58.186+0600][33.015s][info][gc,mmu      ] GC(55) MMU: 2ms/95.4%, 5ms/98.2%, 10ms/99.1%, 20ms/99.4%, 50ms/99.8%, 100ms/99.9%
[2026-04-03T03:19:58.186+0600][33.015s][info][gc,marking  ] GC(55) Mark: 2 stripe(s), 2 proactive flush(es), 1 terminate flush(es), 0 completion(s), 0 continuation(s) 
[2026-04-03T03:19:58.186+0600][33.015s][info][gc,marking  ] GC(55) Mark Stack Usage: 32M
[2026-04-03T03:19:58.186+0600][33.015s][info][gc,nmethod  ] GC(55) NMethods: 5641 registered, 294 unregistered
[2026-04-03T03:19:58.186+0600][33.015s][info][gc,metaspace] GC(55) Metaspace: 68M used, 69M committed, 1088M reserved
[2026-04-03T03:19:58.186+0600][33.015s][info][gc,ref      ] GC(55) Soft: 2737 encountered, 0 discovered, 0 enqueued
[2026-04-03T03:19:58.186+0600][33.015s][info][gc,ref      ] GC(55) Weak: 5653 encountered, 297 discovered, 0 enqueued
[2026-04-03T03:19:58.186+0600][33.015s][info][gc,ref      ] GC(55) Final: 82 encountered, 2 discovered, 0 enqueued
[2026-04-03T03:19:58.186+0600][33.015s][info][gc,ref      ] GC(55) Phantom: 597 encountered, 482 discovered, 0 enqueued
[2026-04-03T03:19:58.186+0600][33.015s][info][gc,reloc    ] GC(55) Small Pages: 181 / 362M, Empty: 24M, Relocated: 3M, In-Place: 0
[2026-04-03T03:19:58.186+0600][33.015s][info][gc,reloc    ] GC(55) Medium Pages: 1 / 16M, Empty: 0M, Relocated: 0M, In-Place: 0
[2026-04-03T03:19:58.186+0600][33.015s][info][gc,reloc    ] GC(55) Large Pages: 6 / 46M, Empty: 0M, Relocated: 0M, In-Place: 0
[2026-04-03T03:19:58.186+0600][33.015s][info][gc,reloc    ] GC(55) Forwarding Usage: 2M
[2026-04-03T03:19:58.186+0600][33.015s][info][gc,heap     ] GC(55) Min Capacity: 8M(1%)
[2026-04-03T03:19:58.186+0600][33.015s][info][gc,heap     ] GC(55) Max Capacity: 1000M(100%)
[2026-04-03T03:19:58.186+0600][33.015s][info][gc,heap     ] GC(55) Soft Max Capacity: 1000M(100%)
[2026-04-03T03:19:58.186+0600][33.015s][info][gc,heap     ] GC(55)                Mark Start          Mark End        Relocate Start      Relocate End           High               Low         
[2026-04-03T03:19:58.186+0600][33.015s][info][gc,heap     ] GC(55)  Capacity:     1000M (100%)       1000M (100%)       1000M (100%)       1000M (100%)       1000M (100%)       1000M (100%)   
[2026-04-03T03:19:58.186+0600][33.015s][info][gc,heap     ] GC(55)      Free:      576M (58%)         164M (16%)         170M (17%)         224M (22%)         576M (58%)         152M (15%)    
[2026-04-03T03:19:58.186+0600][33.015s][info][gc,heap     ] GC(55)      Used:      424M (42%)         836M (84%)         830M (83%)         776M (78%)         848M (85%)         424M (42%)    
[2026-04-03T03:19:58.186+0600][33.015s][info][gc,heap     ] GC(55)      Live:         -               319M (32%)         319M (32%)         319M (32%)            -                  -          
[2026-04-03T03:19:58.186+0600][33.015s][info][gc,heap     ] GC(55) Allocated:         -               412M (41%)         430M (43%)         433M (43%)            -                  -          
[2026-04-03T03:19:58.186+0600][33.015s][info][gc,heap     ] GC(55)   Garbage:         -               104M (10%)          80M (8%)           22M (2%)             -                  -          
[2026-04-03T03:19:58.186+0600][33.015s][info][gc,heap     ] GC(55) Reclaimed:         -                  -                24M (2%)           81M (8%)             -                  -          
[2026-04-03T03:19:58.186+0600][33.015s][info][gc          ] GC(55) Garbage Collection (Allocation Rate) 424M(42%)->776M(78%)
[2026-04-03T03:19:58.285+0600][33.114s][info][gc,start    ] GC(56) Garbage Collection (Allocation Rate)
[2026-04-03T03:19:58.285+0600][33.114s][info][gc,task     ] GC(56) Using 3 workers
[2026-04-03T03:19:58.285+0600][33.114s][info][gc,phases   ] GC(56) Pause Mark Start 0.032ms
[2026-04-03T03:19:58.613+0600][33.442s][info][gc,phases   ] GC(56) Concurrent Mark 327.780ms
[2026-04-03T03:19:58.614+0600][33.442s][info][gc,phases   ] GC(56) Pause Mark End 0.022ms
[2026-04-03T03:19:58.614+0600][33.442s][info][gc,phases   ] GC(56) Concurrent Mark Free 0.001ms
[2026-04-03T03:19:58.619+0600][33.448s][info][gc,phases   ] GC(56) Concurrent Process Non-Strong References 5.184ms
[2026-04-03T03:19:58.619+0600][33.448s][info][gc,phases   ] GC(56) Concurrent Reset Relocation Set 0.004ms
[2026-04-03T03:19:58.622+0600][33.451s][info][gc          ] Allocation Stall (Executor task launch worker for task 2.0 in stage 2.0 (TID 8)) 234.062ms
[2026-04-03T03:19:58.622+0600][33.451s][info][gc          ] Allocation Stall (Executor task launch worker for task 1.0 in stage 2.0 (TID 7)) 234.177ms
[2026-04-03T03:19:58.622+0600][33.451s][info][gc          ] Allocation Stall (Executor task launch worker for task 0.0 in stage 2.0 (TID 6)) 235.476ms
[2026-04-03T03:19:58.634+0600][33.462s][info][gc,phases   ] GC(56) Concurrent Select Relocation Set 14.605ms
[2026-04-03T03:19:58.634+0600][33.463s][info][gc,phases   ] GC(56) Pause Relocate Start 0.019ms
[2026-04-03T03:19:58.708+0600][33.537s][info][gc,phases   ] GC(56) Concurrent Relocate 73.860ms
[2026-04-03T03:19:58.708+0600][33.537s][info][gc,load     ] GC(56) Load: 5.07/5.05/5.48
[2026-04-03T03:19:58.708+0600][33.537s][info][gc,mmu      ] GC(56) MMU: 2ms/95.4%, 5ms/98.2%, 10ms/99.1%, 20ms/99.4%, 50ms/99.8%, 100ms/99.9%
[2026-04-03T03:19:58.708+0600][33.537s][info][gc,marking  ] GC(56) Mark: 2 stripe(s), 2 proactive flush(es), 1 terminate flush(es), 0 completion(s), 0 continuation(s) 
[2026-04-03T03:19:58.708+0600][33.537s][info][gc,marking  ] GC(56) Mark Stack Usage: 32M
[2026-04-03T03:19:58.708+0600][33.537s][info][gc,nmethod  ] GC(56) NMethods: 5636 registered, 304 unregistered
[2026-04-03T03:19:58.708+0600][33.537s][info][gc,metaspace] GC(56) Metaspace: 68M used, 69M committed, 1088M reserved
[2026-04-03T03:19:58.708+0600][33.537s][info][gc,ref      ] GC(56) Soft: 2747 encountered, 0 discovered, 0 enqueued
[2026-04-03T03:19:58.708+0600][33.537s][info][gc,ref      ] GC(56) Weak: 5591 encountered, 1521 discovered, 0 enqueued
[2026-04-03T03:19:58.708+0600][33.537s][info][gc,ref      ] GC(56) Final: 82 encountered, 16 discovered, 0 enqueued
[2026-04-03T03:19:58.708+0600][33.537s][info][gc,ref      ] GC(56) Phantom: 597 encountered, 364 discovered, 0 enqueued
[2026-04-03T03:19:58.708+0600][33.537s][info][gc,reloc    ] GC(56) Small Pages: 405 / 810M, Empty: 92M, Relocated: 43M, In-Place: 0
[2026-04-03T03:19:58.709+0600][33.537s][info][gc,reloc    ] GC(56) Medium Pages: 2 / 32M, Empty: 0M, Relocated: 9M, In-Place: 0
[2026-04-03T03:19:58.709+0600][33.537s][info][gc,reloc    ] GC(56) Large Pages: 9 / 66M, Empty: 40M, Relocated: 0M, In-Place: 0
[2026-04-03T03:19:58.709+0600][33.537s][info][gc,reloc    ] GC(56) Forwarding Usage: 33M
[2026-04-03T03:19:58.709+0600][33.537s][info][gc,heap     ] GC(56) Min Capacity: 8M(1%)
[2026-04-03T03:19:58.709+0600][33.537s][info][gc,heap     ] GC(56) Max Capacity: 1000M(100%)
[2026-04-03T03:19:58.709+0600][33.537s][info][gc,heap     ] GC(56) Soft Max Capacity: 1000M(100%)
[2026-04-03T03:19:58.709+0600][33.537s][info][gc,heap     ] GC(56)                Mark Start          Mark End        Relocate Start      Relocate End           High               Low         
[2026-04-03T03:19:58.709+0600][33.537s][info][gc,heap     ] GC(56)  Capacity:     1000M (100%)       1000M (100%)       1000M (100%)       1000M (100%)       1000M (100%)       1000M (100%)   
[2026-04-03T03:19:58.709+0600][33.537s][info][gc,heap     ] GC(56)      Free:       92M (9%)            0M (0%)          114M (11%)         570M (57%)         574M (57%)           0M (0%)     
[2026-04-03T03:19:58.709+0600][33.537s][info][gc,heap     ] GC(56)      Used:      908M (91%)        1000M (100%)        886M (89%)         430M (43%)        1000M (100%)        426M (43%)    
[2026-04-03T03:19:58.709+0600][33.537s][info][gc,heap     ] GC(56)      Live:         -               236M (24%)         236M (24%)         236M (24%)            -                  -          
[2026-04-03T03:19:58.709+0600][33.537s][info][gc,heap     ] GC(56) Allocated:         -                92M (9%)          110M (11%)         172M (17%)            -                  -          
[2026-04-03T03:19:58.709+0600][33.537s][info][gc,heap     ] GC(56)   Garbage:         -               671M (67%)         539M (54%)          20M (2%)             -                  -          
[2026-04-03T03:19:58.709+0600][33.537s][info][gc,heap     ] GC(56) Reclaimed:         -                  -               132M (13%)         650M (65%)            -                  -          
[2026-04-03T03:19:58.709+0600][33.537s][info][gc          ] GC(56) Garbage Collection (Allocation Rate) 908M(91%)->430M(43%)
[2026-04-03T03:19:58.785+0600][33.613s][info][gc,start    ] GC(57) Garbage Collection (Allocation Stall)
[2026-04-03T03:19:58.785+0600][33.613s][info][gc,ref      ] GC(57) Clearing All SoftReferences
[2026-04-03T03:19:58.785+0600][33.613s][info][gc,task     ] GC(57) Using 3 workers
[2026-04-03T03:19:58.785+0600][33.614s][info][gc,ref      ] GC(57) Clearing All SoftReferences
[2026-04-03T03:19:58.785+0600][33.614s][info][gc,phases   ] GC(57) Pause Mark Start 0.077ms
[2026-04-03T03:19:59.375+0600][34.204s][info][gc,phases   ] GC(57) Concurrent Mark 589.684ms
[2026-04-03T03:19:59.375+0600][34.204s][info][gc,phases   ] GC(57) Pause Mark End 0.021ms
[2026-04-03T03:19:59.375+0600][34.204s][info][gc,phases   ] GC(57) Concurrent Mark Free 0.001ms
[2026-04-03T03:19:59.390+0600][34.218s][info][gc,phases   ] GC(57) Concurrent Process Non-Strong References 14.421ms
[2026-04-03T03:19:59.390+0600][34.218s][info][gc,phases   ] GC(57) Concurrent Reset Relocation Set 0.051ms
[2026-04-03T03:19:59.395+0600][34.224s][info][gc,phases   ] GC(57) Concurrent Select Relocation Set 5.060ms
[2026-04-03T03:19:59.395+0600][34.224s][info][gc,phases   ] GC(57) Pause Relocate Start 0.010ms
[2026-04-03T03:19:59.396+0600][34.224s][info][gc          ] Allocation Stall (Executor task launch worker for task 2.0 in stage 2.0 (TID 8)) 52.250ms
[2026-04-03T03:19:59.397+0600][34.226s][info][gc          ] Relocation Stall (Executor task launch worker for task 0.0 in stage 2.0 (TID 6)) 1.972ms
[2026-04-03T03:19:59.397+0600][34.226s][info][gc          ] Relocation Stall (Executor task launch worker for task 1.0 in stage 2.0 (TID 7)) 2.040ms
[2026-04-03T03:19:59.397+0600][34.226s][info][gc          ] Allocation Stall (Executor task launch worker for task 0.0 in stage 2.0 (TID 6)) 57.120ms
[2026-04-03T03:19:59.397+0600][34.226s][info][gc          ] Allocation Stall (Executor task launch worker for task 1.0 in stage 2.0 (TID 7)) 59.892ms
[2026-04-03T03:19:59.420+0600][34.249s][info][gc,phases   ] GC(57) Concurrent Relocate 24.740ms
[2026-04-03T03:19:59.420+0600][34.249s][info][gc,load     ] GC(57) Load: 5.07/5.05/5.48
[2026-04-03T03:19:59.420+0600][34.249s][info][gc,mmu      ] GC(57) MMU: 2ms/95.4%, 5ms/98.2%, 10ms/99.1%, 20ms/99.4%, 50ms/99.8%, 100ms/99.9%
[2026-04-03T03:19:59.420+0600][34.249s][info][gc,marking  ] GC(57) Mark: 2 stripe(s), 5 proactive flush(es), 1 terminate flush(es), 0 completion(s), 0 continuation(s) 
[2026-04-03T03:19:59.420+0600][34.249s][info][gc,marking  ] GC(57) Mark Stack Usage: 32M
[2026-04-03T03:19:59.420+0600][34.249s][info][gc,nmethod  ] GC(57) NMethods: 5638 registered, 307 unregistered
[2026-04-03T03:19:59.420+0600][34.249s][info][gc,metaspace] GC(57) Metaspace: 68M used, 69M committed, 1088M reserved
[2026-04-03T03:19:59.420+0600][34.249s][info][gc,ref      ] GC(57) Soft: 2747 encountered, 1920 discovered, 3 enqueued
[2026-04-03T03:19:59.420+0600][34.249s][info][gc,ref      ] GC(57) Weak: 5588 encountered, 1201 discovered, 1 enqueued
[2026-04-03T03:19:59.420+0600][34.249s][info][gc,ref      ] GC(57) Final: 82 encountered, 16 discovered, 0 enqueued
[2026-04-03T03:19:59.420+0600][34.249s][info][gc,ref      ] GC(57) Phantom: 597 encountered, 302 discovered, 0 enqueued
[2026-04-03T03:19:59.420+0600][34.249s][info][gc,reloc    ] GC(57) Small Pages: 243 / 486M, Empty: 0M, Relocated: 15M, In-Place: 3
[2026-04-03T03:19:59.420+0600][34.249s][info][gc,reloc    ] GC(57) Medium Pages: 1 / 16M, Empty: 0M, Relocated: 0M, In-Place: 0
[2026-04-03T03:19:59.420+0600][34.249s][info][gc,reloc    ] GC(57) Large Pages: 5 / 30M, Empty: 0M, Relocated: 0M, In-Place: 0
[2026-04-03T03:19:59.420+0600][34.249s][info][gc,reloc    ] GC(57) Forwarding Usage: 12M
[2026-04-03T03:19:59.420+0600][34.249s][info][gc,heap     ] GC(57) Min Capacity: 8M(1%)
[2026-04-03T03:19:59.420+0600][34.249s][info][gc,heap     ] GC(57) Max Capacity: 1000M(100%)
[2026-04-03T03:19:59.420+0600][34.249s][info][gc,heap     ] GC(57) Soft Max Capacity: 1000M(100%)
[2026-04-03T03:19:59.420+0600][34.249s][info][gc,heap     ] GC(57)                Mark Start          Mark End        Relocate Start      Relocate End           High               Low         
[2026-04-03T03:19:59.420+0600][34.249s][info][gc,heap     ] GC(57)  Capacity:     1000M (100%)       1000M (100%)       1000M (100%)       1000M (100%)       1000M (100%)       1000M (100%)   
[2026-04-03T03:19:59.420+0600][34.249s][info][gc,heap     ] GC(57)      Free:      468M (47%)           0M (0%)            0M (0%)          244M (24%)         468M (47%)           0M (0%)     
[2026-04-03T03:19:59.420+0600][34.249s][info][gc,heap     ] GC(57)      Used:      532M (53%)        1000M (100%)       1000M (100%)        756M (76%)        1000M (100%)        532M (53%)    
[2026-04-03T03:19:59.420+0600][34.249s][info][gc,heap     ] GC(57)      Live:         -               248M (25%)         248M (25%)         248M (25%)            -                  -          
[2026-04-03T03:19:59.420+0600][34.249s][info][gc,heap     ] GC(57) Allocated:         -               468M (47%)         468M (47%)         485M (49%)            -                  -          
[2026-04-03T03:19:59.420+0600][34.249s][info][gc,heap     ] GC(57)   Garbage:         -               283M (28%)         283M (28%)          21M (2%)             -                  -          
[2026-04-03T03:19:59.420+0600][34.249s][info][gc,heap     ] GC(57) Reclaimed:         -                  -                 0M (0%)          261M (26%)            -                  -          
[2026-04-03T03:19:59.420+0600][34.249s][info][gc          ] GC(57) Garbage Collection (Allocation Stall) 532M(53%)->756M(76%)
[2026-04-03T03:19:59.485+0600][34.314s][info][gc,start    ] GC(58) Garbage Collection (Allocation Stall)
[2026-04-03T03:19:59.485+0600][34.314s][info][gc,ref      ] GC(58) Clearing All SoftReferences
[2026-04-03T03:19:59.485+0600][34.314s][info][gc,task     ] GC(58) Using 3 workers
[2026-04-03T03:19:59.485+0600][34.314s][info][gc,ref      ] GC(58) Clearing All SoftReferences
[2026-04-03T03:19:59.485+0600][34.314s][info][gc,phases   ] GC(58) Pause Mark Start 0.040ms
[2026-04-03T03:19:59.929+0600][34.757s][info][gc,phases   ] GC(58) Concurrent Mark 443.164ms
[2026-04-03T03:19:59.929+0600][34.758s][info][gc,phases   ] GC(58) Pause Mark End 0.028ms
[2026-04-03T03:19:59.929+0600][34.758s][info][gc,phases   ] GC(58) Concurrent Mark Free 0.001ms
[2026-04-03T03:19:59.936+0600][34.764s][info][gc,phases   ] GC(58) Concurrent Process Non-Strong References 6.351ms
[2026-04-03T03:19:59.936+0600][34.764s][info][gc,phases   ] GC(58) Concurrent Reset Relocation Set 0.019ms
[2026-04-03T03:19:59.939+0600][34.767s][info][gc          ] Allocation Stall (Executor task launch worker for task 2.0 in stage 2.0 (TID 8)) 260.908ms
[2026-04-03T03:19:59.939+0600][34.767s][info][gc          ] Allocation Stall (Executor task launch worker for task 0.0 in stage 2.0 (TID 6)) 255.272ms
[2026-04-03T03:19:59.939+0600][34.767s][info][gc          ] Allocation Stall (Executor task launch worker for task 1.0 in stage 2.0 (TID 7)) 256.954ms
[2026-04-03T03:19:59.939+0600][34.767s][info][gc          ] Allocation Stall (RemoteBlock-temp-file-clean-thread) 201.684ms
[2026-04-03T03:19:59.942+0600][34.771s][info][gc,phases   ] GC(58) Concurrent Select Relocation Set 6.711ms
[2026-04-03T03:19:59.943+0600][34.771s][info][gc,phases   ] GC(58) Pause Relocate Start 0.014ms
[2026-04-03T03:19:59.982+0600][34.811s][info][gc,phases   ] GC(58) Concurrent Relocate 39.346ms
[2026-04-03T03:19:59.982+0600][34.811s][info][gc,load     ] GC(58) Load: 5.07/5.05/5.48
[2026-04-03T03:19:59.982+0600][34.811s][info][gc,mmu      ] GC(58) MMU: 2ms/95.4%, 5ms/98.2%, 10ms/99.1%, 20ms/99.4%, 50ms/99.8%, 100ms/99.9%
[2026-04-03T03:19:59.982+0600][34.811s][info][gc,marking  ] GC(58) Mark: 2 stripe(s), 2 proactive flush(es), 1 terminate flush(es), 0 completion(s), 0 continuation(s) 
[2026-04-03T03:19:59.982+0600][34.811s][info][gc,marking  ] GC(58) Mark Stack Usage: 32M
[2026-04-03T03:19:59.982+0600][34.811s][info][gc,nmethod  ] GC(58) NMethods: 5642 registered, 309 unregistered
[2026-04-03T03:19:59.982+0600][34.811s][info][gc,metaspace] GC(58) Metaspace: 68M used, 69M committed, 1088M reserved
[2026-04-03T03:19:59.982+0600][34.811s][info][gc,ref      ] GC(58) Soft: 2744 encountered, 320 discovered, 0 enqueued
[2026-04-03T03:19:59.982+0600][34.811s][info][gc,ref      ] GC(58) Weak: 5582 encountered, 1437 discovered, 0 enqueued
[2026-04-03T03:19:59.982+0600][34.811s][info][gc,ref      ] GC(58) Final: 82 encountered, 0 discovered, 0 enqueued
[2026-04-03T03:19:59.982+0600][34.811s][info][gc,ref      ] GC(58) Phantom: 596 encountered, 376 discovered, 0 enqueued
[2026-04-03T03:19:59.982+0600][34.811s][info][gc,reloc    ] GC(58) Small Pages: 390 / 780M, Empty: 0M, Relocated: 22M, In-Place: 2
[2026-04-03T03:19:59.982+0600][34.811s][info][gc,reloc    ] GC(58) Medium Pages: 1 / 16M, Empty: 0M, Relocated: 0M, In-Place: 0
[2026-04-03T03:19:59.982+0600][34.811s][info][gc,reloc    ] GC(58) Large Pages: 7 / 46M, Empty: 10M, Relocated: 0M, In-Place: 0
[2026-04-03T03:19:59.982+0600][34.811s][info][gc,reloc    ] GC(58) Forwarding Usage: 20M
[2026-04-03T03:19:59.982+0600][34.811s][info][gc,heap     ] GC(58) Min Capacity: 8M(1%)
[2026-04-03T03:19:59.982+0600][34.811s][info][gc,heap     ] GC(58) Max Capacity: 1000M(100%)
[2026-04-03T03:19:59.982+0600][34.811s][info][gc,heap     ] GC(58) Soft Max Capacity: 1000M(100%)
[2026-04-03T03:19:59.982+0600][34.811s][info][gc,heap     ] GC(58)                Mark Start          Mark End        Relocate Start      Relocate End           High               Low         
[2026-04-03T03:19:59.982+0600][34.811s][info][gc,heap     ] GC(58)  Capacity:     1000M (100%)       1000M (100%)       1000M (100%)       1000M (100%)       1000M (100%)       1000M (100%)   
[2026-04-03T03:19:59.982+0600][34.811s][info][gc,heap     ] GC(58)      Free:      158M (16%)           0M (0%)            2M (0%)          510M (51%)         510M (51%)           0M (0%)     
[2026-04-03T03:19:59.982+0600][34.811s][info][gc,heap     ] GC(58)      Used:      842M (84%)        1000M (100%)        998M (100%)        490M (49%)        1000M (100%)        490M (49%)    
[2026-04-03T03:19:59.982+0600][34.811s][info][gc,heap     ] GC(58)      Live:         -               271M (27%)         271M (27%)         271M (27%)            -                  -          
[2026-04-03T03:19:59.983+0600][34.811s][info][gc,heap     ] GC(58) Allocated:         -               158M (16%)         166M (17%)         193M (19%)            -                  -          
[2026-04-03T03:19:59.983+0600][34.811s][info][gc,heap     ] GC(58)   Garbage:         -               570M (57%)         560M (56%)          24M (2%)             -                  -          
[2026-04-03T03:19:59.983+0600][34.811s][info][gc,heap     ] GC(58) Reclaimed:         -                  -                10M (1%)          545M (55%)            -                  -          
[2026-04-03T03:19:59.983+0600][34.811s][info][gc          ] GC(58) Garbage Collection (Allocation Stall) 842M(84%)->490M(49%)
[2026-04-03T03:19:59.985+0600][34.814s][info][gc,start    ] GC(59) Garbage Collection (Allocation Stall)
[2026-04-03T03:19:59.985+0600][34.814s][info][gc,ref      ] GC(59) Clearing All SoftReferences
[2026-04-03T03:19:59.985+0600][34.814s][info][gc,task     ] GC(59) Using 3 workers
[2026-04-03T03:19:59.985+0600][34.814s][info][gc,ref      ] GC(59) Clearing All SoftReferences
[2026-04-03T03:19:59.985+0600][34.814s][info][gc,phases   ] GC(59) Pause Mark Start 0.077ms
[2026-04-03T03:20:00.611+0600][35.439s][info][gc,phases   ] GC(59) Concurrent Mark 625.303ms
[2026-04-03T03:20:00.611+0600][35.440s][info][gc,phases   ] GC(59) Pause Mark End 0.035ms
[2026-04-03T03:20:00.611+0600][35.440s][info][gc,phases   ] GC(59) Concurrent Mark Free 0.002ms
[2026-04-03T03:20:00.619+0600][35.448s][info][gc,phases   ] GC(59) Concurrent Process Non-Strong References 7.583ms
[2026-04-03T03:20:00.619+0600][35.448s][info][gc,phases   ] GC(59) Concurrent Reset Relocation Set 0.038ms
[2026-04-03T03:20:00.624+0600][35.453s][info][gc,phases   ] GC(59) Concurrent Select Relocation Set 4.908ms
[2026-04-03T03:20:00.624+0600][35.453s][info][gc,phases   ] GC(59) Pause Relocate Start 0.012ms
[2026-04-03T03:20:00.625+0600][35.454s][info][gc          ] Allocation Stall (Executor task launch worker for task 1.0 in stage 2.0 (TID 7)) 11.987ms
[2026-04-03T03:20:00.630+0600][35.459s][info][gc          ] Relocation Stall (Executor task launch worker for task 0.0 in stage 2.0 (TID 6)) 5.637ms
[2026-04-03T03:20:00.630+0600][35.459s][info][gc          ] Allocation Stall (Executor task launch worker for task 0.0 in stage 2.0 (TID 6)) 18.837ms
[2026-04-03T03:20:00.630+0600][35.459s][info][gc          ] Relocation Stall (Executor task launch worker for task 2.0 in stage 2.0 (TID 8)) 5.849ms
[2026-04-03T03:20:00.631+0600][35.459s][info][gc          ] Allocation Stall (Executor task launch worker for task 2.0 in stage 2.0 (TID 8)) 21.068ms
[2026-04-03T03:20:00.641+0600][35.470s][info][gc,phases   ] GC(59) Concurrent Relocate 16.738ms
[2026-04-03T03:20:00.641+0600][35.470s][info][gc,load     ] GC(59) Load: 5.14/5.07/5.48
[2026-04-03T03:20:00.641+0600][35.470s][info][gc,mmu      ] GC(59) MMU: 2ms/95.4%, 5ms/98.2%, 10ms/99.1%, 20ms/99.4%, 50ms/99.8%, 100ms/99.9%
[2026-04-03T03:20:00.641+0600][35.470s][info][gc,marking  ] GC(59) Mark: 2 stripe(s), 2 proactive flush(es), 1 terminate flush(es), 0 completion(s), 0 continuation(s) 
[2026-04-03T03:20:00.641+0600][35.470s][info][gc,marking  ] GC(59) Mark Stack Usage: 32M
[2026-04-03T03:20:00.641+0600][35.470s][info][gc,nmethod  ] GC(59) NMethods: 5640 registered, 313 unregistered
[2026-04-03T03:20:00.641+0600][35.470s][info][gc,metaspace] GC(59) Metaspace: 68M used, 69M committed, 1088M reserved
[2026-04-03T03:20:00.641+0600][35.470s][info][gc,ref      ] GC(59) Soft: 2744 encountered, 2213 discovered, 0 enqueued
[2026-04-03T03:20:00.641+0600][35.470s][info][gc,ref      ] GC(59) Weak: 5582 encountered, 3629 discovered, 0 enqueued
[2026-04-03T03:20:00.641+0600][35.470s][info][gc,ref      ] GC(59) Final: 82 encountered, 0 discovered, 0 enqueued
[2026-04-03T03:20:00.641+0600][35.470s][info][gc,ref      ] GC(59) Phantom: 596 encountered, 537 discovered, 0 enqueued
[2026-04-03T03:20:00.641+0600][35.470s][info][gc,reloc    ] GC(59) Small Pages: 220 / 440M, Empty: 0M, Relocated: 10M, In-Place: 3
[2026-04-03T03:20:00.641+0600][35.470s][info][gc,reloc    ] GC(59) Medium Pages: 1 / 16M, Empty: 0M, Relocated: 0M, In-Place: 0
[2026-04-03T03:20:00.641+0600][35.470s][info][gc,reloc    ] GC(59) Large Pages: 5 / 36M, Empty: 0M, Relocated: 0M, In-Place: 0
[2026-04-03T03:20:00.641+0600][35.470s][info][gc,reloc    ] GC(59) Forwarding Usage: 9M
[2026-04-03T03:20:00.641+0600][35.470s][info][gc,heap     ] GC(59) Min Capacity: 8M(1%)
[2026-04-03T03:20:00.641+0600][35.470s][info][gc,heap     ] GC(59) Max Capacity: 1000M(100%)
[2026-04-03T03:20:00.641+0600][35.470s][info][gc,heap     ] GC(59) Soft Max Capacity: 1000M(100%)
[2026-04-03T03:20:00.641+0600][35.470s][info][gc,heap     ] GC(59)                Mark Start          Mark End        Relocate Start      Relocate End           High               Low         
[2026-04-03T03:20:00.642+0600][35.470s][info][gc,heap     ] GC(59)  Capacity:     1000M (100%)       1000M (100%)       1000M (100%)       1000M (100%)       1000M (100%)       1000M (100%)   
[2026-04-03T03:20:00.642+0600][35.470s][info][gc,heap     ] GC(59)      Free:      508M (51%)           0M (0%)            0M (0%)          170M (17%)         508M (51%)           0M (0%)     
[2026-04-03T03:20:00.642+0600][35.470s][info][gc,heap     ] GC(59)      Used:      492M (49%)        1000M (100%)       1000M (100%)        830M (83%)        1000M (100%)        492M (49%)    
[2026-04-03T03:20:00.642+0600][35.470s][info][gc,heap     ] GC(59)      Live:         -               278M (28%)         278M (28%)         278M (28%)            -                  -          
[2026-04-03T03:20:00.642+0600][35.470s][info][gc,heap     ] GC(59) Allocated:         -               508M (51%)         508M (51%)         521M (52%)            -                  -          
[2026-04-03T03:20:00.642+0600][35.470s][info][gc,heap     ] GC(59)   Garbage:         -               213M (21%)         213M (21%)          29M (3%)             -                  -          
[2026-04-03T03:20:00.642+0600][35.470s][info][gc,heap     ] GC(59) Reclaimed:         -                  -                 0M (0%)          183M (18%)            -                  -          
[2026-04-03T03:20:00.642+0600][35.470s][info][gc          ] GC(59) Garbage Collection (Allocation Stall) 492M(49%)->830M(83%)
[2026-04-03T03:20:00.685+0600][35.514s][info][gc,start    ] GC(60) Garbage Collection (Allocation Stall)
[2026-04-03T03:20:00.685+0600][35.514s][info][gc,ref      ] GC(60) Clearing All SoftReferences
[2026-04-03T03:20:00.685+0600][35.514s][info][gc,task     ] GC(60) Using 3 workers
[2026-04-03T03:20:00.685+0600][35.514s][info][gc,ref      ] GC(60) Clearing All SoftReferences
[2026-04-03T03:20:00.685+0600][35.514s][info][gc,phases   ] GC(60) Pause Mark Start 0.037ms
[2026-04-03T03:20:01.190+0600][36.018s][info][gc,phases   ] GC(60) Concurrent Mark 504.324ms
[2026-04-03T03:20:01.190+0600][36.019s][info][gc,phases   ] GC(60) Pause Mark End 0.025ms
[2026-04-03T03:20:01.190+0600][36.019s][info][gc,phases   ] GC(60) Concurrent Mark Free 0.001ms
[2026-04-03T03:20:01.196+0600][36.025s][info][gc,phases   ] GC(60) Concurrent Process Non-Strong References 6.189ms
[2026-04-03T03:20:01.196+0600][36.025s][info][gc,phases   ] GC(60) Concurrent Reset Relocation Set 0.014ms
[2026-04-03T03:20:01.199+0600][36.028s][info][gc          ] Allocation Stall (Executor task launch worker for task 0.0 in stage 2.0 (TID 6)) 378.813ms
[2026-04-03T03:20:01.199+0600][36.028s][info][gc          ] Allocation Stall (Executor task launch worker for task 1.0 in stage 2.0 (TID 7)) 291.739ms
[2026-04-03T03:20:01.199+0600][36.028s][info][gc          ] Allocation Stall (Executor task launch worker for task 2.0 in stage 2.0 (TID 8)) 377.864ms
[2026-04-03T03:20:01.204+0600][36.033s][info][gc,phases   ] GC(60) Concurrent Select Relocation Set 8.053ms
[2026-04-03T03:20:01.205+0600][36.034s][info][gc,phases   ] GC(60) Pause Relocate Start 0.016ms
[2026-04-03T03:20:01.205+0600][36.034s][info][gc          ] Allocation Stall (RemoteBlock-temp-file-clean-thread) 265.427ms
[2026-04-03T03:20:01.228+0600][36.056s][info][gc          ] Relocation Stall (Executor task launch worker for task 0.0 in stage 2.0 (TID 6)) 22.512ms
[2026-04-03T03:20:01.228+0600][36.056s][info][gc          ] Relocation Stall (Executor task launch worker for task 1.0 in stage 2.0 (TID 7)) 22.006ms
[2026-04-03T03:20:01.228+0600][36.057s][info][gc          ] Allocation Stall (Executor task launch worker for task 1.0 in stage 2.0 (TID 7)) 24.294ms
[2026-04-03T03:20:01.238+0600][36.067s][info][gc,phases   ] GC(60) Concurrent Relocate 32.885ms
[2026-04-03T03:20:01.238+0600][36.067s][info][gc,load     ] GC(60) Load: 5.14/5.07/5.48
[2026-04-03T03:20:01.238+0600][36.067s][info][gc,mmu      ] GC(60) MMU: 2ms/95.4%, 5ms/98.2%, 10ms/99.1%, 20ms/99.4%, 50ms/99.8%, 100ms/99.9%
[2026-04-03T03:20:01.238+0600][36.067s][info][gc,marking  ] GC(60) Mark: 2 stripe(s), 2 proactive flush(es), 1 terminate flush(es), 0 completion(s), 0 continuation(s) 
[2026-04-03T03:20:01.238+0600][36.067s][info][gc,marking  ] GC(60) Mark Stack Usage: 32M
[2026-04-03T03:20:01.238+0600][36.067s][info][gc,nmethod  ] GC(60) NMethods: 5640 registered, 314 unregistered
[2026-04-03T03:20:01.238+0600][36.067s][info][gc,metaspace] GC(60) Metaspace: 68M used, 69M committed, 1088M reserved
[2026-04-03T03:20:01.238+0600][36.067s][info][gc,ref      ] GC(60) Soft: 2744 encountered, 2187 discovered, 0 enqueued
[2026-04-03T03:20:01.238+0600][36.067s][info][gc,ref      ] GC(60) Weak: 5582 encountered, 1620 discovered, 0 enqueued
[2026-04-03T03:20:01.238+0600][36.067s][info][gc,ref      ] GC(60) Final: 82 encountered, 16 discovered, 0 enqueued
[2026-04-03T03:20:01.238+0600][36.067s][info][gc,ref      ] GC(60) Phantom: 596 encountered, 467 discovered, 0 enqueued
[2026-04-03T03:20:01.238+0600][36.067s][info][gc,reloc    ] GC(60) Small Pages: 412 / 824M, Empty: 0M, Relocated: 22M, In-Place: 3
[2026-04-03T03:20:01.238+0600][36.067s][info][gc,reloc    ] GC(60) Medium Pages: 1 / 16M, Empty: 0M, Relocated: 0M, In-Place: 0
[2026-04-03T03:20:01.238+0600][36.067s][info][gc,reloc    ] GC(60) Large Pages: 6 / 46M, Empty: 6M, Relocated: 0M, In-Place: 0
[2026-04-03T03:20:01.238+0600][36.067s][info][gc,reloc    ] GC(60) Forwarding Usage: 21M
[2026-04-03T03:20:01.238+0600][36.067s][info][gc,heap     ] GC(60) Min Capacity: 8M(1%)
[2026-04-03T03:20:01.238+0600][36.067s][info][gc,heap     ] GC(60) Max Capacity: 1000M(100%)
[2026-04-03T03:20:01.238+0600][36.067s][info][gc,heap     ] GC(60) Soft Max Capacity: 1000M(100%)
[2026-04-03T03:20:01.238+0600][36.067s][info][gc,heap     ] GC(60)                Mark Start          Mark End        Relocate Start      Relocate End           High               Low         
[2026-04-03T03:20:01.238+0600][36.067s][info][gc,heap     ] GC(60)  Capacity:     1000M (100%)       1000M (100%)       1000M (100%)       1000M (100%)       1000M (100%)       1000M (100%)   
[2026-04-03T03:20:01.238+0600][36.067s][info][gc,heap     ] GC(60)      Free:      114M (11%)           0M (0%)            0M (0%)          540M (54%)         540M (54%)           0M (0%)     
[2026-04-03T03:20:01.238+0600][36.067s][info][gc,heap     ] GC(60)      Used:      886M (89%)        1000M (100%)       1000M (100%)        460M (46%)        1000M (100%)        460M (46%)    
[2026-04-03T03:20:01.238+0600][36.067s][info][gc,heap     ] GC(60)      Live:         -               297M (30%)         297M (30%)         297M (30%)            -                  -          
[2026-04-03T03:20:01.238+0600][36.067s][info][gc,heap     ] GC(60) Allocated:         -               114M (11%)         120M (12%)         131M (13%)            -                  -          
[2026-04-03T03:20:01.238+0600][36.067s][info][gc,heap     ] GC(60)   Garbage:         -               588M (59%)         582M (58%)          31M (3%)             -                  -          
[2026-04-03T03:20:01.238+0600][36.067s][info][gc,heap     ] GC(60) Reclaimed:         -                  -                 6M (1%)          557M (56%)            -                  -          
[2026-04-03T03:20:01.238+0600][36.067s][info][gc          ] GC(60) Garbage Collection (Allocation Stall) 886M(89%)->460M(46%)
[2026-04-03T03:20:01.285+0600][36.114s][info][gc,start    ] GC(61) Garbage Collection (Allocation Stall)
[2026-04-03T03:20:01.285+0600][36.114s][info][gc,ref      ] GC(61) Clearing All SoftReferences
[2026-04-03T03:20:01.285+0600][36.114s][info][gc,task     ] GC(61) Using 3 workers
[2026-04-03T03:20:01.285+0600][36.114s][info][gc,ref      ] GC(61) Clearing All SoftReferences
[2026-04-03T03:20:01.285+0600][36.114s][info][gc,phases   ] GC(61) Pause Mark Start 0.051ms
[2026-04-03T03:20:01.996+0600][36.825s][info][gc,phases   ] GC(61) Concurrent Mark 710.575ms
[2026-04-03T03:20:01.996+0600][36.825s][info][gc,phases   ] GC(61) Pause Mark End 0.029ms
[2026-04-03T03:20:01.996+0600][36.825s][info][gc,phases   ] GC(61) Concurrent Mark Free 0.001ms
[2026-04-03T03:20:02.003+0600][36.831s][info][gc,phases   ] GC(61) Concurrent Process Non-Strong References 6.221ms
[2026-04-03T03:20:02.003+0600][36.832s][info][gc,phases   ] GC(61) Concurrent Reset Relocation Set 0.037ms
[2026-04-03T03:20:02.006+0600][36.835s][info][gc          ] Allocation Stall (Executor task launch worker for task 2.0 in stage 2.0 (TID 8)) 96.110ms
[2026-04-03T03:20:02.006+0600][36.835s][info][gc          ] Allocation Stall (Executor task launch worker for task 0.0 in stage 2.0 (TID 6)) 95.448ms
[2026-04-03T03:20:02.006+0600][36.835s][info][gc          ] Allocation Stall (executor-heartbeater) 88.278ms
[2026-04-03T03:20:02.008+0600][36.837s][info][gc,phases   ] GC(61) Concurrent Select Relocation Set 5.450ms
[2026-04-03T03:20:02.011+0600][36.839s][info][gc,phases   ] GC(61) Pause Relocate Start 0.019ms
[2026-04-03T03:20:02.032+0600][36.861s][info][gc,phases   ] GC(61) Concurrent Relocate 21.104ms
[2026-04-03T03:20:02.032+0600][36.861s][info][gc,load     ] GC(61) Load: 5.14/5.07/5.48
[2026-04-03T03:20:02.032+0600][36.861s][info][gc,mmu      ] GC(61) MMU: 2ms/95.4%, 5ms/98.2%, 10ms/99.1%, 20ms/99.4%, 50ms/99.8%, 100ms/99.9%
[2026-04-03T03:20:02.032+0600][36.861s][info][gc,marking  ] GC(61) Mark: 2 stripe(s), 2 proactive flush(es), 1 terminate flush(es), 0 completion(s), 0 continuation(s) 
[2026-04-03T03:20:02.032+0600][36.861s][info][gc,marking  ] GC(61) Mark Stack Usage: 32M
[2026-04-03T03:20:02.032+0600][36.861s][info][gc,nmethod  ] GC(61) NMethods: 5664 registered, 314 unregistered
[2026-04-03T03:20:02.032+0600][36.861s][info][gc,metaspace] GC(61) Metaspace: 68M used, 69M committed, 1088M reserved
[2026-04-03T03:20:02.032+0600][36.861s][info][gc,ref      ] GC(61) Soft: 2744 encountered, 403 discovered, 0 enqueued
[2026-04-03T03:20:02.032+0600][36.861s][info][gc,ref      ] GC(61) Weak: 5582 encountered, 1608 discovered, 0 enqueued
[2026-04-03T03:20:02.032+0600][36.861s][info][gc,ref      ] GC(61) Final: 82 encountered, 0 discovered, 0 enqueued
[2026-04-03T03:20:02.032+0600][36.861s][info][gc,ref      ] GC(61) Phantom: 596 encountered, 401 discovered, 0 enqueued
[2026-04-03T03:20:02.032+0600][36.861s][info][gc,reloc    ] GC(61) Small Pages: 226 / 452M, Empty: 0M, Relocated: 10M, In-Place: 0
[2026-04-03T03:20:02.032+0600][36.861s][info][gc,reloc    ] GC(61) Medium Pages: 1 / 16M, Empty: 0M, Relocated: 0M, In-Place: 0
[2026-04-03T03:20:02.032+0600][36.861s][info][gc,reloc    ] GC(61) Large Pages: 6 / 58M, Empty: 10M, Relocated: 0M, In-Place: 0
[2026-04-03T03:20:02.032+0600][36.861s][info][gc,reloc    ] GC(61) Forwarding Usage: 7M
[2026-04-03T03:20:02.032+0600][36.861s][info][gc,heap     ] GC(61) Min Capacity: 8M(1%)
[2026-04-03T03:20:02.032+0600][36.861s][info][gc,heap     ] GC(61) Max Capacity: 1000M(100%)
[2026-04-03T03:20:02.032+0600][36.861s][info][gc,heap     ] GC(61) Soft Max Capacity: 1000M(100%)
[2026-04-03T03:20:02.032+0600][36.861s][info][gc,heap     ] GC(61)                Mark Start          Mark End        Relocate Start      Relocate End           High               Low         
[2026-04-03T03:20:02.032+0600][36.861s][info][gc,heap     ] GC(61)  Capacity:     1000M (100%)       1000M (100%)       1000M (100%)       1000M (100%)       1000M (100%)       1000M (100%)   
[2026-04-03T03:20:02.032+0600][36.861s][info][gc,heap     ] GC(61)      Free:      474M (47%)           0M (0%)            6M (1%)          158M (16%)         474M (47%)           0M (0%)     
[2026-04-03T03:20:02.032+0600][36.861s][info][gc,heap     ] GC(61)      Used:      526M (53%)        1000M (100%)        994M (99%)         842M (84%)        1000M (100%)        526M (53%)    
[2026-04-03T03:20:02.032+0600][36.861s][info][gc,heap     ] GC(61)      Live:         -               309M (31%)         309M (31%)         309M (31%)            -                  -          
[2026-04-03T03:20:02.032+0600][36.861s][info][gc,heap     ] GC(61) Allocated:         -               474M (47%)         478M (48%)         497M (50%)            -                  -          
[2026-04-03T03:20:02.033+0600][36.861s][info][gc,heap     ] GC(61)   Garbage:         -               216M (22%)         206M (21%)          34M (3%)             -                  -          
[2026-04-03T03:20:02.033+0600][36.861s][info][gc,heap     ] GC(61) Reclaimed:         -                  -                10M (1%)          181M (18%)            -                  -          
[2026-04-03T03:20:02.033+0600][36.861s][info][gc          ] GC(61) Garbage Collection (Allocation Stall) 526M(53%)->842M(84%)
[2026-04-03T03:20:02.085+0600][36.914s][info][gc,start    ] GC(62) Garbage Collection (Allocation Stall)
[2026-04-03T03:20:02.085+0600][36.914s][info][gc,ref      ] GC(62) Clearing All SoftReferences
[2026-04-03T03:20:02.085+0600][36.914s][info][gc,task     ] GC(62) Using 3 workers
[2026-04-03T03:20:02.085+0600][36.914s][info][gc,ref      ] GC(62) Clearing All SoftReferences
[2026-04-03T03:20:02.085+0600][36.914s][info][gc,phases   ] GC(62) Pause Mark Start 0.047ms
[2026-04-03T03:20:02.651+0600][37.480s][info][gc,phases   ] GC(62) Concurrent Mark 565.830ms
[2026-04-03T03:20:02.651+0600][37.480s][info][gc,phases   ] GC(62) Pause Mark End 0.022ms
[2026-04-03T03:20:02.651+0600][37.480s][info][gc,phases   ] GC(62) Concurrent Mark Free 0.001ms
[2026-04-03T03:20:02.657+0600][37.485s][info][gc,phases   ] GC(62) Concurrent Process Non-Strong References 5.098ms
[2026-04-03T03:20:02.657+0600][37.485s][info][gc,phases   ] GC(62) Concurrent Reset Relocation Set 0.011ms
[2026-04-03T03:20:02.659+0600][37.488s][info][gc          ] Allocation Stall (driver-heartbeater) 20.411ms
[2026-04-03T03:20:02.660+0600][37.488s][info][gc          ] Allocation Stall (Executor task launch worker for task 2.0 in stage 2.0 (TID 8)) 328.755ms
[2026-04-03T03:20:02.660+0600][37.488s][info][gc          ] Allocation Stall (Executor task launch worker for task 0.0 in stage 2.0 (TID 6)) 327.789ms
[2026-04-03T03:20:02.660+0600][37.488s][info][gc          ] Allocation Stall (Executor task launch worker for task 1.0 in stage 2.0 (TID 7)) 314.752ms
[2026-04-03T03:20:02.664+0600][37.492s][info][gc,phases   ] GC(62) Concurrent Select Relocation Set 6.943ms
[2026-04-03T03:20:02.664+0600][37.493s][info][gc,phases   ] GC(62) Pause Relocate Start 0.028ms
[2026-04-03T03:20:02.697+0600][37.526s][info][gc,phases   ] GC(62) Concurrent Relocate 33.226ms
[2026-04-03T03:20:02.697+0600][37.526s][info][gc,load     ] GC(62) Load: 5.14/5.07/5.48
[2026-04-03T03:20:02.697+0600][37.526s][info][gc,mmu      ] GC(62) MMU: 2ms/95.4%, 5ms/98.2%, 10ms/99.1%, 20ms/99.4%, 50ms/99.8%, 100ms/99.9%
[2026-04-03T03:20:02.697+0600][37.526s][info][gc,marking  ] GC(62) Mark: 2 stripe(s), 10 proactive flush(es), 1 terminate flush(es), 0 completion(s), 0 continuation(s) 
[2026-04-03T03:20:02.697+0600][37.526s][info][gc,marking  ] GC(62) Mark Stack Usage: 32M
[2026-04-03T03:20:02.697+0600][37.526s][info][gc,nmethod  ] GC(62) NMethods: 5679 registered, 315 unregistered
[2026-04-03T03:20:02.697+0600][37.526s][info][gc,metaspace] GC(62) Metaspace: 68M used, 69M committed, 1088M reserved
[2026-04-03T03:20:02.697+0600][37.526s][info][gc,ref      ] GC(62) Soft: 2746 encountered, 1788 discovered, 2 enqueued
[2026-04-03T03:20:02.698+0600][37.526s][info][gc,ref      ] GC(62) Weak: 5587 encountered, 2107 discovered, 4 enqueued
[2026-04-03T03:20:02.698+0600][37.526s][info][gc,ref      ] GC(62) Final: 82 encountered, 18 discovered, 0 enqueued
[2026-04-03T03:20:02.698+0600][37.526s][info][gc,ref      ] GC(62) Phantom: 596 encountered, 447 discovered, 0 enqueued
[2026-04-03T03:20:02.698+0600][37.526s][info][gc,reloc    ] GC(62) Small Pages: 394 / 788M, Empty: 0M, Relocated: 18M, In-Place: 0
[2026-04-03T03:20:02.698+0600][37.526s][info][gc,reloc    ] GC(62) Medium Pages: 2 / 32M, Empty: 16M, Relocated: 0M, In-Place: 0
[2026-04-03T03:20:02.698+0600][37.526s][info][gc,reloc    ] GC(62) Large Pages: 8 / 88M, Empty: 10M, Relocated: 0M, In-Place: 0
[2026-04-03T03:20:02.698+0600][37.526s][info][gc,reloc    ] GC(62) Forwarding Usage: 16M
[2026-04-03T03:20:02.698+0600][37.526s][info][gc,heap     ] GC(62) Min Capacity: 8M(1%)
[2026-04-03T03:20:02.698+0600][37.526s][info][gc,heap     ] GC(62) Max Capacity: 1000M(100%)
[2026-04-03T03:20:02.698+0600][37.526s][info][gc,heap     ] GC(62) Soft Max Capacity: 1000M(100%)
[2026-04-03T03:20:02.698+0600][37.526s][info][gc,heap     ] GC(62)                Mark Start          Mark End        Relocate Start      Relocate End           High               Low         
[2026-04-03T03:20:02.698+0600][37.526s][info][gc,heap     ] GC(62)  Capacity:     1000M (100%)       1000M (100%)       1000M (100%)       1000M (100%)       1000M (100%)       1000M (100%)   
[2026-04-03T03:20:02.698+0600][37.526s][info][gc,heap     ] GC(62)      Free:       92M (9%)            0M (0%)           10M (1%)          478M (48%)         478M (48%)           0M (0%)     
[2026-04-03T03:20:02.698+0600][37.526s][info][gc,heap     ] GC(62)      Used:      908M (91%)        1000M (100%)        990M (99%)         522M (52%)        1000M (100%)        522M (52%)    
[2026-04-03T03:20:02.698+0600][37.526s][info][gc,heap     ] GC(62)      Live:         -               353M (35%)         353M (35%)         353M (35%)            -                  -          
[2026-04-03T03:20:02.698+0600][37.526s][info][gc,heap     ] GC(62) Allocated:         -                92M (9%)          108M (11%)         129M (13%)            -                  -          
[2026-04-03T03:20:02.698+0600][37.526s][info][gc,heap     ] GC(62)   Garbage:         -               554M (55%)         528M (53%)          38M (4%)             -                  -          
[2026-04-03T03:20:02.698+0600][37.526s][info][gc,heap     ] GC(62) Reclaimed:         -                  -                26M (3%)          515M (52%)            -                  -          
[2026-04-03T03:20:02.698+0600][37.526s][info][gc          ] GC(62) Garbage Collection (Allocation Stall) 908M(91%)->522M(52%)
[2026-04-03T03:20:02.785+0600][37.614s][info][gc,start    ] GC(63) Garbage Collection (Allocation Stall)
[2026-04-03T03:20:02.785+0600][37.614s][info][gc,ref      ] GC(63) Clearing All SoftReferences
[2026-04-03T03:20:02.785+0600][37.614s][info][gc,task     ] GC(63) Using 3 workers
[2026-04-03T03:20:02.785+0600][37.614s][info][gc,ref      ] GC(63) Clearing All SoftReferences
[2026-04-03T03:20:02.785+0600][37.614s][info][gc,phases   ] GC(63) Pause Mark Start 0.085ms
[2026-04-03T03:20:03.376+0600][38.205s][info][gc,phases   ] GC(63) Concurrent Mark 590.626ms
[2026-04-03T03:20:03.376+0600][38.205s][info][gc,phases   ] GC(63) Pause Mark End 0.034ms
[2026-04-03T03:20:03.377+0600][38.205s][info][gc,phases   ] GC(63) Concurrent Mark Free 0.001ms
[2026-04-03T03:20:03.399+0600][38.227s][info][gc,phases   ] GC(63) Concurrent Process Non-Strong References 21.967ms
[2026-04-03T03:20:03.399+0600][38.227s][info][gc,phases   ] GC(63) Concurrent Reset Relocation Set 0.041ms
[2026-04-03T03:20:03.405+0600][38.234s][info][gc,phases   ] GC(63) Concurrent Select Relocation Set 6.471ms
[2026-04-03T03:20:03.406+0600][38.234s][info][gc,phases   ] GC(63) Pause Relocate Start 0.018ms
[2026-04-03T03:20:03.450+0600][38.279s][info][gc,phases   ] GC(63) Concurrent Relocate 44.271ms
[2026-04-03T03:20:03.450+0600][38.279s][info][gc,load     ] GC(63) Load: 5.14/5.07/5.48
[2026-04-03T03:20:03.450+0600][38.279s][info][gc,mmu      ] GC(63) MMU: 2ms/95.4%, 5ms/98.2%, 10ms/99.1%, 20ms/99.4%, 50ms/99.8%, 100ms/99.9%
[2026-04-03T03:20:03.450+0600][38.279s][info][gc,marking  ] GC(63) Mark: 2 stripe(s), 2 proactive flush(es), 1 terminate flush(es), 0 completion(s), 0 continuation(s) 
[2026-04-03T03:20:03.450+0600][38.279s][info][gc,marking  ] GC(63) Mark Stack Usage: 32M
[2026-04-03T03:20:03.450+0600][38.279s][info][gc,nmethod  ] GC(63) NMethods: 5697 registered, 332 unregistered
[2026-04-03T03:20:03.450+0600][38.279s][info][gc,metaspace] GC(63) Metaspace: 68M used, 69M committed, 1088M reserved
[2026-04-03T03:20:03.450+0600][38.279s][info][gc,ref      ] GC(63) Soft: 2878 encountered, 445 discovered, 27 enqueued
[2026-04-03T03:20:03.450+0600][38.279s][info][gc,ref      ] GC(63) Weak: 5553 encountered, 1541 discovered, 31 enqueued
[2026-04-03T03:20:03.450+0600][38.279s][info][gc,ref      ] GC(63) Final: 82 encountered, 0 discovered, 0 enqueued
[2026-04-03T03:20:03.450+0600][38.279s][info][gc,ref      ] GC(63) Phantom: 595 encountered, 544 discovered, 0 enqueued
[2026-04-03T03:20:03.450+0600][38.279s][info][gc,reloc    ] GC(63) Small Pages: 239 / 478M, Empty: 16M, Relocated: 26M, In-Place: 0
[2026-04-03T03:20:03.450+0600][38.279s][info][gc,reloc    ] GC(63) Medium Pages: 2 / 32M, Empty: 0M, Relocated: 9M, In-Place: 0
[2026-04-03T03:20:03.450+0600][38.279s][info][gc,reloc    ] GC(63) Large Pages: 8 / 82M, Empty: 24M, Relocated: 0M, In-Place: 0
[2026-04-03T03:20:03.450+0600][38.279s][info][gc,reloc    ] GC(63) Forwarding Usage: 21M
[2026-04-03T03:20:03.450+0600][38.279s][info][gc,heap     ] GC(63) Min Capacity: 8M(1%)
[2026-04-03T03:20:03.450+0600][38.279s][info][gc,heap     ] GC(63) Max Capacity: 1000M(100%)
[2026-04-03T03:20:03.450+0600][38.279s][info][gc,heap     ] GC(63) Soft Max Capacity: 1000M(100%)
[2026-04-03T03:20:03.450+0600][38.279s][info][gc,heap     ] GC(63)                Mark Start          Mark End        Relocate Start      Relocate End           High               Low         
[2026-04-03T03:20:03.450+0600][38.279s][info][gc,heap     ] GC(63)  Capacity:     1000M (100%)       1000M (100%)       1000M (100%)       1000M (100%)       1000M (100%)       1000M (100%)   
[2026-04-03T03:20:03.450+0600][38.279s][info][gc,heap     ] GC(63)      Free:      408M (41%)         354M (35%)         390M (39%)         594M (59%)         594M (59%)         350M (35%)    
[2026-04-03T03:20:03.450+0600][38.279s][info][gc,heap     ] GC(63)      Used:      592M (59%)         646M (65%)         610M (61%)         406M (41%)         650M (65%)         406M (41%)    
[2026-04-03T03:20:03.450+0600][38.279s][info][gc,heap     ] GC(63)      Live:         -               305M (31%)         305M (31%)         305M (31%)            -                  -          
[2026-04-03T03:20:03.450+0600][38.279s][info][gc,heap     ] GC(63) Allocated:         -                54M (5%)           58M (6%)           58M (6%)             -                  -          
[2026-04-03T03:20:03.450+0600][38.279s][info][gc,heap     ] GC(63)   Garbage:         -               286M (29%)         246M (25%)          41M (4%)             -                  -          
[2026-04-03T03:20:03.450+0600][38.279s][info][gc,heap     ] GC(63) Reclaimed:         -                  -                40M (4%)          244M (24%)            -                  -          
[2026-04-03T03:20:03.450+0600][38.279s][info][gc          ] GC(63) Garbage Collection (Allocation Stall) 592M(59%)->406M(41%)
[2026-04-03T03:20:03.485+0600][38.314s][info][gc,start    ] GC(64) Garbage Collection (Allocation Rate)
[2026-04-03T03:20:03.485+0600][38.314s][info][gc,task     ] GC(64) Using 3 workers
[2026-04-03T03:20:03.485+0600][38.314s][info][gc,phases   ] GC(64) Pause Mark Start 0.013ms
[2026-04-03T03:20:03.773+0600][38.602s][info][gc,phases   ] GC(64) Concurrent Mark 287.806ms
[2026-04-03T03:20:03.774+0600][38.602s][info][gc,phases   ] GC(64) Pause Mark End 0.046ms
[2026-04-03T03:20:03.774+0600][38.603s][info][gc,phases   ] GC(64) Concurrent Mark Free 0.002ms
[2026-04-03T03:20:03.780+0600][38.608s][info][gc,phases   ] GC(64) Concurrent Process Non-Strong References 5.859ms
[2026-04-03T03:20:03.780+0600][38.608s][info][gc,phases   ] GC(64) Concurrent Reset Relocation Set 0.016ms
[2026-04-03T03:20:03.786+0600][38.615s][info][gc,phases   ] GC(64) Concurrent Select Relocation Set 5.991ms
[2026-04-03T03:20:03.786+0600][38.615s][info][gc,phases   ] GC(64) Pause Relocate Start 0.013ms
[2026-04-03T03:20:03.820+0600][38.648s][info][gc,phases   ] GC(64) Concurrent Relocate 33.448ms
[2026-04-03T03:20:03.820+0600][38.649s][info][gc,load     ] GC(64) Load: 5.14/5.07/5.48
[2026-04-03T03:20:03.820+0600][38.649s][info][gc,mmu      ] GC(64) MMU: 2ms/95.4%, 5ms/98.2%, 10ms/99.1%, 20ms/99.4%, 50ms/99.8%, 100ms/99.9%
[2026-04-03T03:20:03.820+0600][38.649s][info][gc,marking  ] GC(64) Mark: 2 stripe(s), 10 proactive flush(es), 1 terminate flush(es), 0 completion(s), 0 continuation(s) 
[2026-04-03T03:20:03.820+0600][38.649s][info][gc,marking  ] GC(64) Mark Stack Usage: 32M
[2026-04-03T03:20:03.820+0600][38.649s][info][gc,nmethod  ] GC(64) NMethods: 5811 registered, 340 unregistered
[2026-04-03T03:20:03.820+0600][38.649s][info][gc,metaspace] GC(64) Metaspace: 68M used, 69M committed, 1088M reserved
[2026-04-03T03:20:03.820+0600][38.649s][info][gc,ref      ] GC(64) Soft: 2873 encountered, 0 discovered, 0 enqueued
[2026-04-03T03:20:03.820+0600][38.649s][info][gc,ref      ] GC(64) Weak: 5695 encountered, 3172 discovered, 5 enqueued
[2026-04-03T03:20:03.820+0600][38.649s][info][gc,ref      ] GC(64) Final: 82 encountered, 0 discovered, 0 enqueued
[2026-04-03T03:20:03.820+0600][38.649s][info][gc,ref      ] GC(64) Phantom: 594 encountered, 539 discovered, 0 enqueued
[2026-04-03T03:20:03.820+0600][38.649s][info][gc,reloc    ] GC(64) Small Pages: 153 / 306M, Empty: 20M, Relocated: 29M, In-Place: 0
[2026-04-03T03:20:03.820+0600][38.649s][info][gc,reloc    ] GC(64) Medium Pages: 2 / 32M, Empty: 0M, Relocated: 9M, In-Place: 0
[2026-04-03T03:20:03.820+0600][38.649s][info][gc,reloc    ] GC(64) Large Pages: 7 / 70M, Empty: 44M, Relocated: 0M, In-Place: 0
[2026-04-03T03:20:03.820+0600][38.649s][info][gc,reloc    ] GC(64) Forwarding Usage: 25M
[2026-04-03T03:20:03.820+0600][38.649s][info][gc,heap     ] GC(64) Min Capacity: 8M(1%)
[2026-04-03T03:20:03.820+0600][38.649s][info][gc,heap     ] GC(64) Max Capacity: 1000M(100%)
[2026-04-03T03:20:03.820+0600][38.649s][info][gc,heap     ] GC(64) Soft Max Capacity: 1000M(100%)
[2026-04-03T03:20:03.820+0600][38.649s][info][gc,heap     ] GC(64)                Mark Start          Mark End        Relocate Start      Relocate End           High               Low         
[2026-04-03T03:20:03.820+0600][38.649s][info][gc,heap     ] GC(64)  Capacity:     1000M (100%)       1000M (100%)       1000M (100%)       1000M (100%)       1000M (100%)       1000M (100%)   
[2026-04-03T03:20:03.820+0600][38.649s][info][gc,heap     ] GC(64)      Free:      592M (59%)         538M (54%)         594M (59%)         698M (70%)         700M (70%)         530M (53%)    
[2026-04-03T03:20:03.820+0600][38.649s][info][gc,heap     ] GC(64)      Used:      408M (41%)         462M (46%)         406M (41%)         302M (30%)         470M (47%)         300M (30%)    
[2026-04-03T03:20:03.820+0600][38.649s][info][gc,heap     ] GC(64)      Live:         -               219M (22%)         219M (22%)         219M (22%)            -                  -          
[2026-04-03T03:20:03.820+0600][38.649s][info][gc,heap     ] GC(64) Allocated:         -                54M (5%)           62M (6%)           63M (6%)             -                  -          
[2026-04-03T03:20:03.820+0600][38.649s][info][gc,heap     ] GC(64)   Garbage:         -               188M (19%)         124M (12%)          19M (2%)             -                  -          
[2026-04-03T03:20:03.820+0600][38.649s][info][gc,heap     ] GC(64) Reclaimed:         -                  -                64M (6%)          169M (17%)            -                  -          
[2026-04-03T03:20:03.820+0600][38.649s][info][gc          ] GC(64) Garbage Collection (Allocation Rate) 408M(41%)->302M(30%)
[2026-04-03T03:20:04.185+0600][39.014s][info][gc,start    ] GC(65) Garbage Collection (Allocation Rate)
[2026-04-03T03:20:04.185+0600][39.014s][info][gc,task     ] GC(65) Using 3 workers
[2026-04-03T03:20:04.186+0600][39.014s][info][gc,phases   ] GC(65) Pause Mark Start 0.020ms
[2026-04-03T03:20:04.651+0600][39.480s][info][gc,phases   ] GC(65) Concurrent Mark 465.031ms
[2026-04-03T03:20:04.651+0600][39.480s][info][gc,phases   ] GC(65) Pause Mark End 0.030ms
[2026-04-03T03:20:04.651+0600][39.480s][info][gc,phases   ] GC(65) Concurrent Mark Free 0.002ms
[2026-04-03T03:20:04.677+0600][39.505s][info][gc,phases   ] GC(65) Concurrent Process Non-Strong References 25.063ms
[2026-04-03T03:20:04.677+0600][39.505s][info][gc,phases   ] GC(65) Concurrent Reset Relocation Set 0.025ms
[2026-04-03T03:20:04.689+0600][39.518s][info][gc,phases   ] GC(65) Concurrent Select Relocation Set 12.052ms
[2026-04-03T03:20:04.689+0600][39.518s][info][gc,phases   ] GC(65) Pause Relocate Start 0.023ms
[2026-04-03T03:20:04.749+0600][39.577s][info][gc,phases   ] GC(65) Concurrent Relocate 59.065ms
[2026-04-03T03:20:04.749+0600][39.577s][info][gc,load     ] GC(65) Load: 5.14/5.07/5.48
[2026-04-03T03:20:04.749+0600][39.577s][info][gc,mmu      ] GC(65) MMU: 2ms/95.4%, 5ms/98.2%, 10ms/99.1%, 20ms/99.4%, 50ms/99.8%, 100ms/99.9%
[2026-04-03T03:20:04.749+0600][39.577s][info][gc,marking  ] GC(65) Mark: 2 stripe(s), 2 proactive flush(es), 1 terminate flush(es), 0 completion(s), 0 continuation(s) 
[2026-04-03T03:20:04.749+0600][39.577s][info][gc,marking  ] GC(65) Mark Stack Usage: 32M
[2026-04-03T03:20:04.749+0600][39.577s][info][gc,nmethod  ] GC(65) NMethods: 6002 registered, 363 unregistered
[2026-04-03T03:20:04.749+0600][39.578s][info][gc,metaspace] GC(65) Metaspace: 68M used, 69M committed, 1088M reserved
[2026-04-03T03:20:04.749+0600][39.578s][info][gc,ref      ] GC(65) Soft: 3138 encountered, 0 discovered, 0 enqueued
[2026-04-03T03:20:04.749+0600][39.578s][info][gc,ref      ] GC(65) Weak: 6144 encountered, 3499 discovered, 78 enqueued
[2026-04-03T03:20:04.749+0600][39.578s][info][gc,ref      ] GC(65) Final: 82 encountered, 1 discovered, 0 enqueued
[2026-04-03T03:20:04.749+0600][39.578s][info][gc,ref      ] GC(65) Phantom: 594 encountered, 369 discovered, 0 enqueued
[2026-04-03T03:20:04.749+0600][39.578s][info][gc,reloc    ] GC(65) Small Pages: 205 / 410M, Empty: 20M, Relocated: 29M, In-Place: 0
[2026-04-03T03:20:04.749+0600][39.578s][info][gc,reloc    ] GC(65) Medium Pages: 2 / 32M, Empty: 16M, Relocated: 0M, In-Place: 0
[2026-04-03T03:20:04.749+0600][39.578s][info][gc,reloc    ] GC(65) Large Pages: 14 / 96M, Empty: 62M, Relocated: 0M, In-Place: 0
[2026-04-03T03:20:04.749+0600][39.578s][info][gc,reloc    ] GC(65) Forwarding Usage: 29M
[2026-04-03T03:20:04.749+0600][39.578s][info][gc,heap     ] GC(65) Min Capacity: 8M(1%)
[2026-04-03T03:20:04.749+0600][39.578s][info][gc,heap     ] GC(65) Max Capacity: 1000M(100%)
[2026-04-03T03:20:04.749+0600][39.578s][info][gc,heap     ] GC(65) Soft Max Capacity: 1000M(100%)
[2026-04-03T03:20:04.749+0600][39.578s][info][gc,heap     ] GC(65)                Mark Start          Mark End        Relocate Start      Relocate End           High               Low         
[2026-04-03T03:20:04.749+0600][39.578s][info][gc,heap     ] GC(65)  Capacity:     1000M (100%)       1000M (100%)       1000M (100%)       1000M (100%)       1000M (100%)       1000M (100%)   
[2026-04-03T03:20:04.749+0600][39.578s][info][gc,heap     ] GC(65)      Free:      462M (46%)         258M (26%)         332M (33%)         510M (51%)         510M (51%)         242M (24%)    
[2026-04-03T03:20:04.749+0600][39.578s][info][gc,heap     ] GC(65)      Used:      538M (54%)         742M (74%)         668M (67%)         490M (49%)         758M (76%)         490M (49%)    
[2026-04-03T03:20:04.749+0600][39.578s][info][gc,heap     ] GC(65)      Live:         -               223M (22%)         223M (22%)         223M (22%)            -                  -          
[2026-04-03T03:20:04.749+0600][39.578s][info][gc,heap     ] GC(65) Allocated:         -               204M (20%)         228M (23%)         247M (25%)            -                  -          
[2026-04-03T03:20:04.749+0600][39.578s][info][gc,heap     ] GC(65)   Garbage:         -               314M (31%)         216M (22%)          18M (2%)             -                  -          
[2026-04-03T03:20:04.749+0600][39.578s][info][gc,heap     ] GC(65) Reclaimed:         -                  -                98M (10%)         295M (30%)            -                  -          
[2026-04-03T03:20:04.749+0600][39.578s][info][gc          ] GC(65) Garbage Collection (Allocation Rate) 538M(54%)->490M(49%)
[2026-04-03T03:20:04.785+0600][39.614s][info][gc,start    ] GC(66) Garbage Collection (Allocation Rate)
[2026-04-03T03:20:04.785+0600][39.614s][info][gc,task     ] GC(66) Using 3 workers
[2026-04-03T03:20:04.785+0600][39.614s][info][gc,phases   ] GC(66) Pause Mark Start 0.023ms
[2026-04-03T03:20:05.206+0600][40.034s][info][gc,phases   ] GC(66) Concurrent Mark 419.993ms
[2026-04-03T03:20:05.206+0600][40.035s][info][gc,phases   ] GC(66) Pause Mark End 0.041ms
[2026-04-03T03:20:05.206+0600][40.035s][info][gc,phases   ] GC(66) Concurrent Mark Free 0.004ms
[2026-04-03T03:20:05.227+0600][40.056s][info][gc,phases   ] GC(66) Concurrent Process Non-Strong References 20.769ms
[2026-04-03T03:20:05.227+0600][40.056s][info][gc,phases   ] GC(66) Concurrent Reset Relocation Set 0.013ms
[2026-04-03T03:20:05.233+0600][40.062s][info][gc,phases   ] GC(66) Concurrent Select Relocation Set 6.120ms
[2026-04-03T03:20:05.234+0600][40.062s][info][gc,phases   ] GC(66) Pause Relocate Start 0.018ms
[2026-04-03T03:20:05.283+0600][40.111s][info][gc,phases   ] GC(66) Concurrent Relocate 48.525ms
[2026-04-03T03:20:05.283+0600][40.111s][info][gc,load     ] GC(66) Load: 5.14/5.07/5.48
[2026-04-03T03:20:05.283+0600][40.112s][info][gc,mmu      ] GC(66) MMU: 2ms/95.4%, 5ms/98.2%, 10ms/99.1%, 20ms/99.4%, 50ms/99.8%, 100ms/99.9%
[2026-04-03T03:20:05.283+0600][40.112s][info][gc,marking  ] GC(66) Mark: 2 stripe(s), 4 proactive flush(es), 1 terminate flush(es), 0 completion(s), 0 continuation(s) 
[2026-04-03T03:20:05.283+0600][40.112s][info][gc,marking  ] GC(66) Mark Stack Usage: 32M
[2026-04-03T03:20:05.283+0600][40.112s][info][gc,nmethod  ] GC(66) NMethods: 6114 registered, 403 unregistered
[2026-04-03T03:20:05.283+0600][40.112s][info][gc,metaspace] GC(66) Metaspace: 69M used, 69M committed, 1088M reserved
[2026-04-03T03:20:05.283+0600][40.112s][info][gc,ref      ] GC(66) Soft: 3227 encountered, 0 discovered, 0 enqueued
[2026-04-03T03:20:05.283+0600][40.112s][info][gc,ref      ] GC(66) Weak: 6419 encountered, 2594 discovered, 426 enqueued
[2026-04-03T03:20:05.283+0600][40.112s][info][gc,ref      ] GC(66) Final: 82 encountered, 10 discovered, 0 enqueued
[2026-04-03T03:20:05.283+0600][40.112s][info][gc,ref      ] GC(66) Phantom: 595 encountered, 447 discovered, 0 enqueued
[2026-04-03T03:20:05.283+0600][40.112s][info][gc,reloc    ] GC(66) Small Pages: 200 / 400M, Empty: 72M, Relocated: 24M, In-Place: 0
[2026-04-03T03:20:05.283+0600][40.112s][info][gc,reloc    ] GC(66) Medium Pages: 2 / 32M, Empty: 16M, Relocated: 0M, In-Place: 0
[2026-04-03T03:20:05.283+0600][40.112s][info][gc,reloc    ] GC(66) Large Pages: 11 / 70M, Empty: 48M, Relocated: 0M, In-Place: 0
[2026-04-03T03:20:05.283+0600][40.112s][info][gc,reloc    ] GC(66) Forwarding Usage: 22M
[2026-04-03T03:20:05.283+0600][40.112s][info][gc,heap     ] GC(66) Min Capacity: 8M(1%)
[2026-04-03T03:20:05.283+0600][40.112s][info][gc,heap     ] GC(66) Max Capacity: 1000M(100%)
[2026-04-03T03:20:05.283+0600][40.112s][info][gc,heap     ] GC(66) Soft Max Capacity: 1000M(100%)
[2026-04-03T03:20:05.283+0600][40.112s][info][gc,heap     ] GC(66)                Mark Start          Mark End        Relocate Start      Relocate End           High               Low         
[2026-04-03T03:20:05.283+0600][40.112s][info][gc,heap     ] GC(66)  Capacity:     1000M (100%)       1000M (100%)       1000M (100%)       1000M (100%)       1000M (100%)       1000M (100%)   
[2026-04-03T03:20:05.283+0600][40.112s][info][gc,heap     ] GC(66)      Free:      498M (50%)         278M (28%)         408M (41%)         538M (54%)         538M (54%)         274M (27%)    
[2026-04-03T03:20:05.283+0600][40.112s][info][gc,heap     ] GC(66)      Used:      502M (50%)         722M (72%)         592M (59%)         462M (46%)         726M (73%)         462M (46%)    
[2026-04-03T03:20:05.283+0600][40.112s][info][gc,heap     ] GC(66)      Live:         -               207M (21%)         207M (21%)         207M (21%)            -                  -          
[2026-04-03T03:20:05.283+0600][40.112s][info][gc,heap     ] GC(66) Allocated:         -               220M (22%)         226M (23%)         235M (24%)            -                  -          
[2026-04-03T03:20:05.283+0600][40.112s][info][gc,heap     ] GC(66)   Garbage:         -               294M (29%)         158M (16%)          18M (2%)             -                  -          
[2026-04-03T03:20:05.283+0600][40.112s][info][gc,heap     ] GC(66) Reclaimed:         -                  -               136M (14%)         275M (28%)            -                  -          
[2026-04-03T03:20:05.283+0600][40.112s][info][gc          ] GC(66) Garbage Collection (Allocation Rate) 502M(50%)->462M(46%)
[2026-04-03T03:20:05.285+0600][40.114s][info][gc,stats    ] === Garbage Collection Statistics =======================================================================================================================
[2026-04-03T03:20:05.285+0600][40.114s][info][gc,stats    ]                                                              Last 10s              Last 10m              Last 10h                Total
[2026-04-03T03:20:05.285+0600][40.114s][info][gc,stats    ]                                                              Avg / Max             Avg / Max             Avg / Max             Avg / Max
[2026-04-03T03:20:05.285+0600][40.114s][info][gc,stats    ]   Collector: Garbage Collection Cycle                    559.384 / 747.110     334.420 / 988.634     334.420 / 988.634     334.420 / 988.634     ms
[2026-04-03T03:20:05.285+0600][40.114s][info][gc,stats    ]  Contention: Mark Segment Reset Contention                     7 / 21                4 / 21                4 / 21                4 / 21          ops/s
[2026-04-03T03:20:05.285+0600][40.114s][info][gc,stats    ]  Contention: Mark SeqNum Reset Contention                      0 / 1                 0 / 4                 0 / 4                 0 / 4           ops/s
[2026-04-03T03:20:05.285+0600][40.114s][info][gc,stats    ]    Critical: Allocation Stall                                  3 / 8                 1 / 8                 1 / 8                 1 / 8           ops/s
[2026-04-03T03:20:05.285+0600][40.114s][info][gc,stats    ]    Critical: Allocation Stall                            156.401 / 378.813     170.262 / 378.813     170.262 / 378.813     170.262 / 378.813     ms
[2026-04-03T03:20:05.285+0600][40.114s][info][gc,stats    ]    Critical: GC Locker Stall                                   0 / 0                 0 / 3                 0 / 3                 0 / 3           ops/s
[2026-04-03T03:20:05.285+0600][40.114s][info][gc,stats    ]    Critical: GC Locker Stall                               0.000 / 0.000         0.001 / 0.001         0.001 / 0.001         0.001 / 0.001       ms
[2026-04-03T03:20:05.285+0600][40.114s][info][gc,stats    ]    Critical: Relocation Stall                                  0 / 4                 0 / 4                 0 / 4                 0 / 4           ops/s
[2026-04-03T03:20:05.285+0600][40.114s][info][gc,stats    ]    Critical: Relocation Stall                             10.003 / 22.512       10.761 / 22.512       10.761 / 22.512       10.761 / 22.512      ms
[2026-04-03T03:20:05.285+0600][40.114s][info][gc,stats    ]      Memory: Allocation Rate                                 509 / 714             465 / 2572            465 / 2572            465 / 2572        MB/s
[2026-04-03T03:20:05.285+0600][40.114s][info][gc,stats    ]      Memory: Defragment                                        7 / 25                4 / 28                4 / 28                4 / 28          ops/s
[2026-04-03T03:20:05.285+0600][40.114s][info][gc,stats    ]      Memory: Out Of Memory                                     0 / 0                 0 / 0                 0 / 0                 0 / 0           ops/s
[2026-04-03T03:20:05.285+0600][40.114s][info][gc,stats    ]      Memory: Page Cache Flush                                 43 / 72               18 / 78               18 / 78               18 / 78          MB/s
[2026-04-03T03:20:05.285+0600][40.114s][info][gc,stats    ]      Memory: Page Cache Hit L1                               248 / 355             220 / 1314            220 / 1314            220 / 1314        ops/s
[2026-04-03T03:20:05.286+0600][40.114s][info][gc,stats    ]      Memory: Page Cache Hit L2                                 0 / 0                 0 / 0                 0 / 0                 0 / 0           ops/s
[2026-04-03T03:20:05.286+0600][40.114s][info][gc,stats    ]      Memory: Page Cache Hit L3                                 6 / 19                6 / 64                6 / 64                6 / 64          ops/s
[2026-04-03T03:20:05.286+0600][40.114s][info][gc,stats    ]      Memory: Page Cache Miss                                   2 / 9                 8 / 142               8 / 142               8 / 142         ops/s
[2026-04-03T03:20:05.286+0600][40.114s][info][gc,stats    ]      Memory: Uncommit                                          0 / 0                 0 / 0                 0 / 0                 0 / 0           MB/s
[2026-04-03T03:20:05.286+0600][40.114s][info][gc,stats    ]      Memory: Undo Object Allocation Failed                     0 / 0                 0 / 0                 0 / 0                 0 / 0           ops/s
[2026-04-03T03:20:05.286+0600][40.114s][info][gc,stats    ]      Memory: Undo Object Allocation Succeeded                198 / 1977             50 / 1977             50 / 1977             50 / 1977        ops/s
[2026-04-03T03:20:05.286+0600][40.114s][info][gc,stats    ]      Memory: Undo Page Allocation                              0 / 2                 0 / 2                 0 / 2                 0 / 2           ops/s
[2026-04-03T03:20:05.286+0600][40.114s][info][gc,stats    ]       Phase: Concurrent Mark                             500.551 / 710.575     298.621 / 978.999     298.621 / 978.999     298.621 / 978.999     ms
[2026-04-03T03:20:05.286+0600][40.114s][info][gc,stats    ]       Phase: Concurrent Mark Continue                      0.000 / 0.000         0.000 / 0.000         0.000 / 0.000         0.000 / 0.000       ms
[2026-04-03T03:20:05.286+0600][40.114s][info][gc,stats    ]       Phase: Concurrent Mark Free                          0.002 / 0.005         0.002 / 0.007         0.002 / 0.007         0.002 / 0.007       ms
[2026-04-03T03:20:05.286+0600][40.114s][info][gc,stats    ]       Phase: Concurrent Process Non-Strong References     11.442 / 25.063        8.240 / 27.865        8.240 / 27.865        8.240 / 27.865      ms
[2026-04-03T03:20:05.286+0600][40.114s][info][gc,stats    ]       Phase: Concurrent Relocate                          37.968 / 73.860       20.231 / 83.525       20.231 / 83.525       20.231 / 83.525      ms
[2026-04-03T03:20:05.286+0600][40.114s][info][gc,stats    ]       Phase: Concurrent Reset Relocation Set               0.023 / 0.051         0.013 / 0.051         0.013 / 0.051         0.013 / 0.051       ms
[2026-04-03T03:20:05.286+0600][40.114s][info][gc,stats    ]       Phase: Concurrent Select Relocation Set              7.539 / 15.723        5.641 / 17.657        5.641 / 17.657        5.641 / 17.657      ms
[2026-04-03T03:20:05.286+0600][40.114s][info][gc,stats    ]       Phase: Pause Mark End                                0.028 / 0.046         0.028 / 0.058         0.028 / 0.058         0.028 / 0.058       ms
[2026-04-03T03:20:05.286+0600][40.114s][info][gc,stats    ]       Phase: Pause Mark Start                              0.042 / 0.085         0.025 / 0.085         0.025 / 0.085         0.025 / 0.085       ms
[2026-04-03T03:20:05.286+0600][40.114s][info][gc,stats    ]       Phase: Pause Relocate Start                          0.021 / 0.092         0.018 / 0.092         0.018 / 0.092         0.018 / 0.092       ms
[2026-04-03T03:20:05.286+0600][40.114s][info][gc,stats    ]    Subphase: Concurrent Classes Purge                      0.112 / 0.572         0.115 / 0.640         0.115 / 0.640         0.115 / 0.640       ms
[2026-04-03T03:20:05.286+0600][40.114s][info][gc,stats    ]    Subphase: Concurrent Classes Unlink                     9.471 / 22.127        6.416 / 24.388        6.416 / 24.388        6.416 / 24.388      ms
[2026-04-03T03:20:05.286+0600][40.115s][info][gc,stats    ]    Subphase: Concurrent Mark                             499.243 / 709.507     311.582 / 978.365     311.582 / 978.365     311.582 / 978.365     ms
[2026-04-03T03:20:05.286+0600][40.115s][info][gc,stats    ]    Subphase: Concurrent Mark Try Flush                     0.232 / 0.391         0.225 / 4.637         0.225 / 4.637         0.225 / 4.637       ms
[2026-04-03T03:20:05.286+0600][40.115s][info][gc,stats    ]    Subphase: Concurrent Mark Try Terminate                 0.966 / 1.257         1.079 / 1.450         1.079 / 1.450         1.079 / 1.450       ms
[2026-04-03T03:20:05.286+0600][40.115s][info][gc,stats    ]    Subphase: Concurrent References Enqueue                 0.004 / 0.008         0.003 / 0.015         0.003 / 0.015         0.003 / 0.015       ms
[2026-04-03T03:20:05.286+0600][40.115s][info][gc,stats    ]    Subphase: Concurrent References Process                 0.498 / 1.197         0.443 / 1.197         0.443 / 1.197         0.443 / 1.197       ms
[2026-04-03T03:20:05.286+0600][40.115s][info][gc,stats    ]    Subphase: Concurrent Roots ClassLoaderDataGraph         0.254 / 0.736         0.240 / 0.814         0.240 / 0.814         0.240 / 0.814       ms
[2026-04-03T03:20:05.286+0600][40.115s][info][gc,stats    ]    Subphase: Concurrent Roots CodeCache                    0.000 / 0.000         0.000 / 0.000         0.000 / 0.000         0.000 / 0.000       ms
[2026-04-03T03:20:05.286+0600][40.115s][info][gc,stats    ]    Subphase: Concurrent Roots JavaThreads                  0.387 / 0.694         0.407 / 2.262         0.407 / 2.262         0.407 / 2.262       ms
[2026-04-03T03:20:05.286+0600][40.115s][info][gc,stats    ]    Subphase: Concurrent Roots OopStorageSet                0.043 / 0.104         0.044 / 0.262         0.044 / 0.262         0.044 / 0.262       ms
[2026-04-03T03:20:05.286+0600][40.115s][info][gc,stats    ]    Subphase: Concurrent Weak Roots OopStorageSet           0.758 / 1.243         0.747 / 1.963         0.747 / 1.963         0.747 / 1.963       ms
[2026-04-03T03:20:05.286+0600][40.115s][info][gc,stats    ]    Subphase: Pause Mark Try Complete                       0.000 / 0.000         0.000 / 0.000         0.000 / 0.000         0.000 / 0.000       ms
[2026-04-03T03:20:05.286+0600][40.115s][info][gc,stats    ]      System: Java Threads                                     79 / 86               67 / 86               67 / 86               67 / 86          threads
[2026-04-03T03:20:05.286+0600][40.115s][info][gc,stats    ] =========================================================================================================================================================
[2026-04-03T03:20:05.385+0600][40.214s][info][gc,start    ] GC(67) Garbage Collection (Allocation Rate)
[2026-04-03T03:20:05.385+0600][40.214s][info][gc,task     ] GC(67) Using 3 workers
[2026-04-03T03:20:05.386+0600][40.214s][info][gc,phases   ] GC(67) Pause Mark Start 0.017ms
[2026-04-03T03:20:05.805+0600][40.634s][info][gc,phases   ] GC(67) Concurrent Mark 419.412ms
[2026-04-03T03:20:05.805+0600][40.634s][info][gc,phases   ] GC(67) Pause Mark End 0.031ms
[2026-04-03T03:20:05.806+0600][40.634s][info][gc,phases   ] GC(67) Concurrent Mark Free 0.003ms
[2026-04-03T03:20:05.835+0600][40.663s][info][gc,phases   ] GC(67) Concurrent Process Non-Strong References 29.081ms
[2026-04-03T03:20:05.835+0600][40.664s][info][gc,phases   ] GC(67) Concurrent Reset Relocation Set 0.012ms
[2026-04-03T03:20:05.841+0600][40.670s][info][gc,phases   ] GC(67) Concurrent Select Relocation Set 6.216ms
[2026-04-03T03:20:05.841+0600][40.670s][info][gc,phases   ] GC(67) Pause Relocate Start 0.020ms
[2026-04-03T03:20:05.871+0600][40.699s][info][gc,phases   ] GC(67) Concurrent Relocate 29.144ms
[2026-04-03T03:20:05.871+0600][40.700s][info][gc,load     ] GC(67) Load: 5.29/5.10/5.49
[2026-04-03T03:20:05.871+0600][40.700s][info][gc,mmu      ] GC(67) MMU: 2ms/95.4%, 5ms/98.2%, 10ms/99.1%, 20ms/99.4%, 50ms/99.8%, 100ms/99.9%
[2026-04-03T03:20:05.871+0600][40.700s][info][gc,marking  ] GC(67) Mark: 2 stripe(s), 2 proactive flush(es), 1 terminate flush(es), 0 completion(s), 0 continuation(s) 
[2026-04-03T03:20:05.871+0600][40.700s][info][gc,marking  ] GC(67) Mark Stack Usage: 32M
[2026-04-03T03:20:05.871+0600][40.700s][info][gc,nmethod  ] GC(67) NMethods: 6141 registered, 439 unregistered
[2026-04-03T03:20:05.871+0600][40.700s][info][gc,metaspace] GC(67) Metaspace: 69M used, 69M committed, 1088M reserved
[2026-04-03T03:20:05.871+0600][40.700s][info][gc,ref      ] GC(67) Soft: 3265 encountered, 0 discovered, 0 enqueued
[2026-04-03T03:20:05.871+0600][40.700s][info][gc,ref      ] GC(67) Weak: 6231 encountered, 1327 discovered, 205 enqueued
[2026-04-03T03:20:05.871+0600][40.700s][info][gc,ref      ] GC(67) Final: 82 encountered, 16 discovered, 0 enqueued
[2026-04-03T03:20:05.871+0600][40.700s][info][gc,ref      ] GC(67) Phantom: 595 encountered, 513 discovered, 0 enqueued
[2026-04-03T03:20:05.871+0600][40.700s][info][gc,reloc    ] GC(67) Small Pages: 225 / 450M, Empty: 156M, Relocated: 17M, In-Place: 0
[2026-04-03T03:20:05.871+0600][40.700s][info][gc,reloc    ] GC(67) Medium Pages: 2 / 32M, Empty: 16M, Relocated: 0M, In-Place: 0
[2026-04-03T03:20:05.871+0600][40.700s][info][gc,reloc    ] GC(67) Large Pages: 12 / 76M, Empty: 58M, Relocated: 0M, In-Place: 0
[2026-04-03T03:20:05.871+0600][40.700s][info][gc,reloc    ] GC(67) Forwarding Usage: 14M
[2026-04-03T03:20:05.871+0600][40.700s][info][gc,heap     ] GC(67) Min Capacity: 8M(1%)
[2026-04-03T03:20:05.871+0600][40.700s][info][gc,heap     ] GC(67) Max Capacity: 1000M(100%)
[2026-04-03T03:20:05.871+0600][40.700s][info][gc,heap     ] GC(67) Soft Max Capacity: 1000M(100%)
[2026-04-03T03:20:05.871+0600][40.700s][info][gc,heap     ] GC(67)                Mark Start          Mark End        Relocate Start      Relocate End           High               Low         
[2026-04-03T03:20:05.871+0600][40.700s][info][gc,heap     ] GC(67)  Capacity:     1000M (100%)       1000M (100%)       1000M (100%)       1000M (100%)       1000M (100%)       1000M (100%)   
[2026-04-03T03:20:05.871+0600][40.700s][info][gc,heap     ] GC(67)      Free:      442M (44%)         288M (29%)         500M (50%)         612M (61%)         612M (61%)         286M (29%)    
[2026-04-03T03:20:05.871+0600][40.700s][info][gc,heap     ] GC(67)      Used:      558M (56%)         712M (71%)         500M (50%)         388M (39%)         714M (71%)         388M (39%)    
[2026-04-03T03:20:05.871+0600][40.700s][info][gc,heap     ] GC(67)      Live:         -               195M (20%)         195M (20%)         195M (20%)            -                  -          
[2026-04-03T03:20:05.871+0600][40.700s][info][gc,heap     ] GC(67) Allocated:         -               154M (15%)         172M (17%)         173M (17%)            -                  -          
[2026-04-03T03:20:05.871+0600][40.700s][info][gc,heap     ] GC(67)   Garbage:         -               362M (36%)         132M (13%)          18M (2%)             -                  -          
[2026-04-03T03:20:05.871+0600][40.700s][info][gc,heap     ] GC(67) Reclaimed:         -                  -               230M (23%)         343M (34%)            -                  -          
[2026-04-03T03:20:05.871+0600][40.700s][info][gc          ] GC(67) Garbage Collection (Allocation Rate) 558M(56%)->388M(39%)
[2026-04-03T03:20:06.285+0600][41.113s][info][gc,start    ] GC(68) Garbage Collection (Allocation Rate)
[2026-04-03T03:20:06.285+0600][41.113s][info][gc,task     ] GC(68) Using 3 workers
[2026-04-03T03:20:06.285+0600][41.114s][info][gc,phases   ] GC(68) Pause Mark Start 0.016ms
[2026-04-03T03:20:06.570+0600][41.399s][info][gc,phases   ] GC(68) Concurrent Mark 285.021ms
[2026-04-03T03:20:06.570+0600][41.399s][info][gc,phases   ] GC(68) Pause Mark End 0.054ms
[2026-04-03T03:20:06.571+0600][41.399s][info][gc,phases   ] GC(68) Concurrent Mark Free 0.002ms
[2026-04-03T03:20:06.579+0600][41.408s][info][gc,phases   ] GC(68) Concurrent Process Non-Strong References 8.369ms
[2026-04-03T03:20:06.579+0600][41.408s][info][gc,phases   ] GC(68) Concurrent Reset Relocation Set 0.017ms
[2026-04-03T03:20:06.585+0600][41.414s][info][gc,phases   ] GC(68) Concurrent Select Relocation Set 5.855ms
[2026-04-03T03:20:06.585+0600][41.414s][info][gc,phases   ] GC(68) Pause Relocate Start 0.015ms
[2026-04-03T03:20:06.591+0600][41.419s][info][gc,phases   ] GC(68) Concurrent Relocate 5.233ms
[2026-04-03T03:20:06.591+0600][41.420s][info][gc,load     ] GC(68) Load: 5.29/5.10/5.49
[2026-04-03T03:20:06.591+0600][41.420s][info][gc,mmu      ] GC(68) MMU: 2ms/95.4%, 5ms/98.2%, 10ms/99.1%, 20ms/99.4%, 50ms/99.8%, 100ms/99.9%
[2026-04-03T03:20:06.591+0600][41.420s][info][gc,marking  ] GC(68) Mark: 2 stripe(s), 2 proactive flush(es), 1 terminate flush(es), 0 completion(s), 0 continuation(s) 
[2026-04-03T03:20:06.591+0600][41.420s][info][gc,marking  ] GC(68) Mark Stack Usage: 32M
[2026-04-03T03:20:06.591+0600][41.420s][info][gc,nmethod  ] GC(68) NMethods: 6236 registered, 455 unregistered
[2026-04-03T03:20:06.591+0600][41.420s][info][gc,metaspace] GC(68) Metaspace: 69M used, 69M committed, 1088M reserved
[2026-04-03T03:20:06.591+0600][41.420s][info][gc,ref      ] GC(68) Soft: 3269 encountered, 0 discovered, 0 enqueued
[2026-04-03T03:20:06.591+0600][41.420s][info][gc,ref      ] GC(68) Weak: 6137 encountered, 1195 discovered, 85 enqueued
[2026-04-03T03:20:06.591+0600][41.420s][info][gc,ref      ] GC(68) Final: 82 encountered, 16 discovered, 0 enqueued
[2026-04-03T03:20:06.591+0600][41.420s][info][gc,ref      ] GC(68) Phantom: 597 encountered, 434 discovered, 0 enqueued
[2026-04-03T03:20:06.591+0600][41.420s][info][gc,reloc    ] GC(68) Small Pages: 225 / 450M, Empty: 236M, Relocated: 5M, In-Place: 0
[2026-04-03T03:20:06.591+0600][41.420s][info][gc,reloc    ] GC(68) Medium Pages: 2 / 32M, Empty: 16M, Relocated: 0M, In-Place: 0
[2026-04-03T03:20:06.591+0600][41.420s][info][gc,reloc    ] GC(68) Large Pages: 10 / 66M, Empty: 62M, Relocated: 0M, In-Place: 0
[2026-04-03T03:20:06.591+0600][41.420s][info][gc,reloc    ] GC(68) Forwarding Usage: 2M
[2026-04-03T03:20:06.591+0600][41.420s][info][gc,heap     ] GC(68) Min Capacity: 8M(1%)
[2026-04-03T03:20:06.591+0600][41.420s][info][gc,heap     ] GC(68) Max Capacity: 1000M(100%)
[2026-04-03T03:20:06.591+0600][41.420s][info][gc,heap     ] GC(68) Soft Max Capacity: 1000M(100%)
[2026-04-03T03:20:06.591+0600][41.420s][info][gc,heap     ] GC(68)                Mark Start          Mark End        Relocate Start      Relocate End           High               Low         
[2026-04-03T03:20:06.591+0600][41.420s][info][gc,heap     ] GC(68)  Capacity:     1000M (100%)       1000M (100%)       1000M (100%)       1000M (100%)       1000M (100%)       1000M (100%)   
[2026-04-03T03:20:06.591+0600][41.420s][info][gc,heap     ] GC(68)      Free:      452M (45%)          56M (6%)          340M (34%)         378M (38%)         452M (45%)          42M (4%)     
[2026-04-03T03:20:06.591+0600][41.420s][info][gc,heap     ] GC(68)      Used:      548M (55%)         944M (94%)         660M (66%)         622M (62%)         958M (96%)         548M (55%)    
[2026-04-03T03:20:06.591+0600][41.420s][info][gc,heap     ] GC(68)      Live:         -               170M (17%)         170M (17%)         170M (17%)            -                  -          
[2026-04-03T03:20:06.591+0600][41.420s][info][gc,heap     ] GC(68) Allocated:         -               396M (40%)         426M (43%)         433M (43%)            -                  -          
[2026-04-03T03:20:06.591+0600][41.420s][info][gc,heap     ] GC(68)   Garbage:         -               377M (38%)          63M (6%)           17M (2%)             -                  -          
[2026-04-03T03:20:06.591+0600][41.420s][info][gc,heap     ] GC(68) Reclaimed:         -                  -               314M (31%)         359M (36%)            -                  -          
[2026-04-03T03:20:06.591+0600][41.420s][info][gc          ] GC(68) Garbage Collection (Allocation Rate) 548M(55%)->622M(62%)
[2026-04-03T03:20:06.685+0600][41.514s][info][gc,start    ] GC(69) Garbage Collection (Allocation Rate)
[2026-04-03T03:20:06.685+0600][41.514s][info][gc,task     ] GC(69) Using 3 workers
[2026-04-03T03:20:06.685+0600][41.514s][info][gc,phases   ] GC(69) Pause Mark Start 0.015ms
[2026-04-03T03:20:07.185+0600][42.014s][info][gc,phases   ] GC(69) Concurrent Mark 499.681ms
[2026-04-03T03:20:07.186+0600][42.014s][info][gc,phases   ] GC(69) Pause Mark End 0.033ms
[2026-04-03T03:20:07.186+0600][42.015s][info][gc,phases   ] GC(69) Concurrent Mark Free 0.006ms
[2026-04-03T03:20:07.198+0600][42.027s][info][gc,phases   ] GC(69) Concurrent Process Non-Strong References 12.427ms
[2026-04-03T03:20:07.198+0600][42.027s][info][gc,phases   ] GC(69) Concurrent Reset Relocation Set 0.011ms
[2026-04-03T03:20:07.231+0600][42.060s][info][gc,phases   ] GC(69) Concurrent Select Relocation Set 32.379ms
[2026-04-03T03:20:07.231+0600][42.060s][info][gc,phases   ] GC(69) Pause Relocate Start 0.023ms
[2026-04-03T03:20:07.371+0600][42.200s][info][gc,phases   ] GC(69) Concurrent Relocate 139.864ms
[2026-04-03T03:20:07.372+0600][42.200s][info][gc,load     ] GC(69) Load: 5.29/5.10/5.49
[2026-04-03T03:20:07.372+0600][42.200s][info][gc,mmu      ] GC(69) MMU: 2ms/95.4%, 5ms/98.2%, 10ms/99.1%, 20ms/99.4%, 50ms/99.8%, 100ms/99.9%
[2026-04-03T03:20:07.372+0600][42.200s][info][gc,marking  ] GC(69) Mark: 2 stripe(s), 2 proactive flush(es), 1 terminate flush(es), 0 completion(s), 0 continuation(s) 
[2026-04-03T03:20:07.372+0600][42.200s][info][gc,marking  ] GC(69) Mark Stack Usage: 32M
[2026-04-03T03:20:07.372+0600][42.200s][info][gc,nmethod  ] GC(69) NMethods: 6291 registered, 480 unregistered
[2026-04-03T03:20:07.372+0600][42.200s][info][gc,metaspace] GC(69) Metaspace: 69M used, 70M committed, 1088M reserved
[2026-04-03T03:20:07.372+0600][42.200s][info][gc,ref      ] GC(69) Soft: 3269 encountered, 0 discovered, 0 enqueued
[2026-04-03T03:20:07.372+0600][42.200s][info][gc,ref      ] GC(69) Weak: 6066 encountered, 2340 discovered, 4 enqueued
[2026-04-03T03:20:07.372+0600][42.200s][info][gc,ref      ] GC(69) Final: 82 encountered, 0 discovered, 0 enqueued
[2026-04-03T03:20:07.372+0600][42.200s][info][gc,ref      ] GC(69) Phantom: 596 encountered, 442 discovered, 0 enqueued
[2026-04-03T03:20:07.372+0600][42.200s][info][gc,reloc    ] GC(69) Small Pages: 372 / 744M, Empty: 0M, Relocated: 59M, In-Place: 0
[2026-04-03T03:20:07.372+0600][42.201s][info][gc,reloc    ] GC(69) Medium Pages: 2 / 32M, Empty: 16M, Relocated: 0M, In-Place: 0
[2026-04-03T03:20:07.372+0600][42.201s][info][gc,reloc    ] GC(69) Large Pages: 7 / 34M, Empty: 12M, Relocated: 0M, In-Place: 0
[2026-04-03T03:20:07.372+0600][42.201s][info][gc,reloc    ] GC(69) Forwarding Usage: 57M
[2026-04-03T03:20:07.372+0600][42.201s][info][gc,heap     ] GC(69) Min Capacity: 8M(1%)
[2026-04-03T03:20:07.372+0600][42.201s][info][gc,heap     ] GC(69) Max Capacity: 1000M(100%)
[2026-04-03T03:20:07.372+0600][42.201s][info][gc,heap     ] GC(69) Soft Max Capacity: 1000M(100%)
[2026-04-03T03:20:07.372+0600][42.201s][info][gc,heap     ] GC(69)                Mark Start          Mark End        Relocate Start      Relocate End           High               Low         
[2026-04-03T03:20:07.372+0600][42.201s][info][gc,heap     ] GC(69)  Capacity:     1000M (100%)       1000M (100%)       1000M (100%)       1000M (100%)       1000M (100%)       1000M (100%)   
[2026-04-03T03:20:07.372+0600][42.201s][info][gc,heap     ] GC(69)      Free:      190M (19%)          34M (3%)           60M (6%)          554M (55%)         554M (55%)          34M (3%)     
[2026-04-03T03:20:07.372+0600][42.201s][info][gc,heap     ] GC(69)      Used:      810M (81%)         966M (97%)         940M (94%)         446M (45%)         966M (97%)         446M (45%)    
[2026-04-03T03:20:07.372+0600][42.201s][info][gc,heap     ] GC(69)      Live:         -               246M (25%)         246M (25%)         246M (25%)            -                  -          
[2026-04-03T03:20:07.372+0600][42.201s][info][gc,heap     ] GC(69) Allocated:         -               156M (16%)         158M (16%)         178M (18%)            -                  -          
[2026-04-03T03:20:07.372+0600][42.201s][info][gc,heap     ] GC(69)   Garbage:         -               563M (56%)         535M (54%)          21M (2%)             -                  -          
[2026-04-03T03:20:07.372+0600][42.201s][info][gc,heap     ] GC(69) Reclaimed:         -                  -                28M (3%)          542M (54%)            -                  -          
[2026-04-03T03:20:07.372+0600][42.201s][info][gc          ] GC(69) Garbage Collection (Allocation Rate) 810M(81%)->446M(45%)
[2026-04-03T03:20:07.385+0600][42.214s][info][gc,start    ] GC(70) Garbage Collection (Allocation Rate)
[2026-04-03T03:20:07.385+0600][42.214s][info][gc,task     ] GC(70) Using 3 workers
[2026-04-03T03:20:07.385+0600][42.214s][info][gc,phases   ] GC(70) Pause Mark Start 0.039ms
[2026-04-03T03:20:08.026+0600][42.854s][info][gc,phases   ] GC(70) Concurrent Mark 640.333ms
[2026-04-03T03:20:08.026+0600][42.855s][info][gc,phases   ] GC(70) Pause Mark End 0.032ms
[2026-04-03T03:20:08.026+0600][42.855s][info][gc,phases   ] GC(70) Concurrent Mark Free 0.004ms
[2026-04-03T03:20:08.039+0600][42.867s][info][gc,phases   ] GC(70) Concurrent Process Non-Strong References 12.266ms
[2026-04-03T03:20:08.039+0600][42.868s][info][gc,phases   ] GC(70) Concurrent Reset Relocation Set 0.038ms
[2026-04-03T03:20:08.049+0600][42.878s][info][gc,phases   ] GC(70) Concurrent Select Relocation Set 10.383ms
[2026-04-03T03:20:08.050+0600][42.878s][info][gc,phases   ] GC(70) Pause Relocate Start 0.042ms
[2026-04-03T03:20:08.107+0600][42.935s][info][gc,phases   ] GC(70) Concurrent Relocate 56.632ms
[2026-04-03T03:20:08.107+0600][42.935s][info][gc,load     ] GC(70) Load: 5.29/5.10/5.49
[2026-04-03T03:20:08.107+0600][42.935s][info][gc,mmu      ] GC(70) MMU: 2ms/95.4%, 5ms/98.2%, 10ms/99.1%, 20ms/99.4%, 50ms/99.8%, 100ms/99.9%
[2026-04-03T03:20:08.107+0600][42.935s][info][gc,marking  ] GC(70) Mark: 2 stripe(s), 2 proactive flush(es), 1 terminate flush(es), 0 completion(s), 0 continuation(s) 
[2026-04-03T03:20:08.107+0600][42.936s][info][gc,marking  ] GC(70) Mark Stack Usage: 32M
[2026-04-03T03:20:08.107+0600][42.936s][info][gc,nmethod  ] GC(70) NMethods: 6336 registered, 513 unregistered
[2026-04-03T03:20:08.107+0600][42.936s][info][gc,metaspace] GC(70) Metaspace: 70M used, 71M committed, 1088M reserved
[2026-04-03T03:20:08.107+0600][42.936s][info][gc,ref      ] GC(70) Soft: 3271 encountered, 0 discovered, 0 enqueued
[2026-04-03T03:20:08.107+0600][42.936s][info][gc,ref      ] GC(70) Weak: 6065 encountered, 829 discovered, 3 enqueued
[2026-04-03T03:20:08.107+0600][42.936s][info][gc,ref      ] GC(70) Final: 82 encountered, 0 discovered, 0 enqueued
[2026-04-03T03:20:08.107+0600][42.936s][info][gc,ref      ] GC(70) Phantom: 594 encountered, 370 discovered, 0 enqueued
[2026-04-03T03:20:08.107+0600][42.936s][info][gc,reloc    ] GC(70) Small Pages: 184 / 368M, Empty: 6M, Relocated: 19M, In-Place: 0
[2026-04-03T03:20:08.107+0600][42.936s][info][gc,reloc    ] GC(70) Medium Pages: 3 / 48M, Empty: 0M, Relocated: 8M, In-Place: 0
[2026-04-03T03:20:08.107+0600][42.936s][info][gc,reloc    ] GC(70) Large Pages: 6 / 30M, Empty: 10M, Relocated: 0M, In-Place: 0
[2026-04-03T03:20:08.107+0600][42.936s][info][gc,reloc    ] GC(70) Forwarding Usage: 17M
[2026-04-03T03:20:08.107+0600][42.936s][info][gc,heap     ] GC(70) Min Capacity: 8M(1%)
[2026-04-03T03:20:08.107+0600][42.936s][info][gc,heap     ] GC(70) Max Capacity: 1000M(100%)
[2026-04-03T03:20:08.107+0600][42.936s][info][gc,heap     ] GC(70) Soft Max Capacity: 1000M(100%)
[2026-04-03T03:20:08.107+0600][42.936s][info][gc,heap     ] GC(70)                Mark Start          Mark End        Relocate Start      Relocate End           High               Low         
[2026-04-03T03:20:08.107+0600][42.936s][info][gc,heap     ] GC(70)  Capacity:     1000M (100%)       1000M (100%)       1000M (100%)       1000M (100%)       1000M (100%)       1000M (100%)   
[2026-04-03T03:20:08.107+0600][42.936s][info][gc,heap     ] GC(70)      Free:      554M (55%)         416M (42%)         432M (43%)         548M (55%)         554M (55%)         414M (41%)    
[2026-04-03T03:20:08.107+0600][42.936s][info][gc,heap     ] GC(70)      Used:      446M (45%)         584M (58%)         568M (57%)         452M (45%)         586M (59%)         446M (45%)    
[2026-04-03T03:20:08.107+0600][42.936s][info][gc,heap     ] GC(70)      Live:         -               259M (26%)         259M (26%)         259M (26%)            -                  -          
[2026-04-03T03:20:08.107+0600][42.936s][info][gc,heap     ] GC(70) Allocated:         -               138M (14%)         138M (14%)         155M (16%)            -                  -          
[2026-04-03T03:20:08.107+0600][42.936s][info][gc,heap     ] GC(70)   Garbage:         -               186M (19%)         170M (17%)          37M (4%)             -                  -          
[2026-04-03T03:20:08.107+0600][42.936s][info][gc,heap     ] GC(70) Reclaimed:         -                  -                16M (2%)          149M (15%)            -                  -          
[2026-04-03T03:20:08.107+0600][42.936s][info][gc          ] GC(70) Garbage Collection (Allocation Rate) 446M(45%)->452M(45%)
[2026-04-03T03:20:08.185+0600][43.014s][info][gc,start    ] GC(71) Garbage Collection (Allocation Rate)
[2026-04-03T03:20:08.185+0600][43.014s][info][gc,task     ] GC(71) Using 3 workers
[2026-04-03T03:20:08.185+0600][43.014s][info][gc,phases   ] GC(71) Pause Mark Start 0.012ms
[2026-04-03T03:20:08.683+0600][43.512s][info][gc,phases   ] GC(71) Concurrent Mark 497.489ms
[2026-04-03T03:20:08.683+0600][43.512s][info][gc,phases   ] GC(71) Pause Mark End 0.024ms
[2026-04-03T03:20:08.683+0600][43.512s][info][gc,phases   ] GC(71) Concurrent Mark Free 0.004ms
[2026-04-03T03:20:08.692+0600][43.521s][info][gc,phases   ] GC(71) Concurrent Process Non-Strong References 8.415ms
[2026-04-03T03:20:08.692+0600][43.521s][info][gc,phases   ] GC(71) Concurrent Reset Relocation Set 0.021ms
[2026-04-03T03:20:08.705+0600][43.534s][info][gc,phases   ] GC(71) Concurrent Select Relocation Set 13.019ms
[2026-04-03T03:20:08.705+0600][43.534s][info][gc,phases   ] GC(71) Pause Relocate Start 0.015ms
[2026-04-03T03:20:08.760+0600][43.589s][info][gc,phases   ] GC(71) Concurrent Relocate 54.488ms
[2026-04-03T03:20:08.760+0600][43.589s][info][gc,load     ] GC(71) Load: 5.29/5.10/5.49
[2026-04-03T03:20:08.760+0600][43.589s][info][gc,mmu      ] GC(71) MMU: 2ms/95.4%, 5ms/98.2%, 10ms/99.1%, 20ms/99.4%, 50ms/99.8%, 100ms/99.9%
[2026-04-03T03:20:08.760+0600][43.589s][info][gc,marking  ] GC(71) Mark: 2 stripe(s), 3 proactive flush(es), 1 terminate flush(es), 0 completion(s), 0 continuation(s) 
[2026-04-03T03:20:08.760+0600][43.589s][info][gc,marking  ] GC(71) Mark Stack Usage: 32M
[2026-04-03T03:20:08.760+0600][43.589s][info][gc,nmethod  ] GC(71) NMethods: 6440 registered, 544 unregistered
[2026-04-03T03:20:08.760+0600][43.589s][info][gc,metaspace] GC(71) Metaspace: 70M used, 71M committed, 1088M reserved
[2026-04-03T03:20:08.760+0600][43.589s][info][gc,ref      ] GC(71) Soft: 3320 encountered, 0 discovered, 0 enqueued
[2026-04-03T03:20:08.760+0600][43.589s][info][gc,ref      ] GC(71) Weak: 6233 encountered, 685 discovered, 44 enqueued
[2026-04-03T03:20:08.760+0600][43.589s][info][gc,ref      ] GC(71) Final: 84 encountered, 0 discovered, 0 enqueued
[2026-04-03T03:20:08.760+0600][43.589s][info][gc,ref      ] GC(71) Phantom: 600 encountered, 407 discovered, 0 enqueued
[2026-04-03T03:20:08.760+0600][43.589s][info][gc,reloc    ] GC(71) Small Pages: 174 / 348M, Empty: 28M, Relocated: 36M, In-Place: 0
[2026-04-03T03:20:08.760+0600][43.589s][info][gc,reloc    ] GC(71) Medium Pages: 6 / 96M, Empty: 16M, Relocated: 24M, In-Place: 0
[2026-04-03T03:20:08.760+0600][43.589s][info][gc,reloc    ] GC(71) Large Pages: 16 / 76M, Empty: 44M, Relocated: 0M, In-Place: 0
[2026-04-03T03:20:08.760+0600][43.589s][info][gc,reloc    ] GC(71) Forwarding Usage: 34M
[2026-04-03T03:20:08.760+0600][43.589s][info][gc,heap     ] GC(71) Min Capacity: 8M(1%)
[2026-04-03T03:20:08.760+0600][43.589s][info][gc,heap     ] GC(71) Max Capacity: 1000M(100%)
[2026-04-03T03:20:08.760+0600][43.589s][info][gc,heap     ] GC(71) Soft Max Capacity: 1000M(100%)
[2026-04-03T03:20:08.760+0600][43.589s][info][gc,heap     ] GC(71)                Mark Start          Mark End        Relocate Start      Relocate End           High               Low         
[2026-04-03T03:20:08.760+0600][43.589s][info][gc,heap     ] GC(71)  Capacity:     1000M (100%)       1000M (100%)       1000M (100%)       1000M (100%)       1000M (100%)       1000M (100%)   
[2026-04-03T03:20:08.760+0600][43.589s][info][gc,heap     ] GC(71)      Free:      480M (48%)         228M (23%)         304M (30%)         372M (37%)         480M (48%)         220M (22%)    
[2026-04-03T03:20:08.760+0600][43.589s][info][gc,heap     ] GC(71)      Used:      520M (52%)         772M (77%)         696M (70%)         628M (63%)         780M (78%)         520M (52%)    
[2026-04-03T03:20:08.760+0600][43.589s][info][gc,heap     ] GC(71)      Live:         -               260M (26%)         260M (26%)         260M (26%)            -                  -          
[2026-04-03T03:20:08.760+0600][43.589s][info][gc,heap     ] GC(71) Allocated:         -               252M (25%)         264M (26%)         341M (34%)            -                  -          
[2026-04-03T03:20:08.760+0600][43.589s][info][gc,heap     ] GC(71)   Garbage:         -               259M (26%)         171M (17%)          25M (3%)             -                  -          
[2026-04-03T03:20:08.760+0600][43.589s][info][gc,heap     ] GC(71) Reclaimed:         -                  -                88M (9%)          233M (23%)            -                  -          
[2026-04-03T03:20:08.760+0600][43.589s][info][gc          ] GC(71) Garbage Collection (Allocation Rate) 520M(52%)->628M(63%)
[2026-04-03T03:20:08.785+0600][43.614s][info][gc,start    ] GC(72) Garbage Collection (Allocation Rate)
[2026-04-03T03:20:08.785+0600][43.614s][info][gc,task     ] GC(72) Using 3 workers
[2026-04-03T03:20:08.786+0600][43.614s][info][gc,phases   ] GC(72) Pause Mark Start 0.010ms
[2026-04-03T03:20:09.065+0600][43.894s][info][gc,phases   ] GC(72) Concurrent Mark 279.303ms
[2026-04-03T03:20:09.066+0600][43.894s][info][gc,phases   ] GC(72) Pause Mark End 0.029ms
[2026-04-03T03:20:09.066+0600][43.894s][info][gc,phases   ] GC(72) Concurrent Mark Free 0.002ms
[2026-04-03T03:20:09.074+0600][43.902s][info][gc,phases   ] GC(72) Concurrent Process Non-Strong References 7.767ms
[2026-04-03T03:20:09.074+0600][43.902s][info][gc,phases   ] GC(72) Concurrent Reset Relocation Set 0.012ms
[2026-04-03T03:20:09.081+0600][43.910s][info][gc,phases   ] GC(72) Concurrent Select Relocation Set 7.188ms
[2026-04-03T03:20:09.081+0600][43.910s][info][gc,phases   ] GC(72) Pause Relocate Start 0.017ms
[2026-04-03T03:20:09.136+0600][43.965s][info][gc,phases   ] GC(72) Concurrent Relocate 55.246ms
[2026-04-03T03:20:09.137+0600][43.965s][info][gc,load     ] GC(72) Load: 5.29/5.10/5.49
[2026-04-03T03:20:09.137+0600][43.965s][info][gc,mmu      ] GC(72) MMU: 2ms/95.4%, 5ms/98.2%, 10ms/99.1%, 20ms/99.4%, 50ms/99.8%, 100ms/99.9%
[2026-04-03T03:20:09.137+0600][43.965s][info][gc,marking  ] GC(72) Mark: 2 stripe(s), 3 proactive flush(es), 1 terminate flush(es), 0 completion(s), 0 continuation(s) 
[2026-04-03T03:20:09.137+0600][43.965s][info][gc,marking  ] GC(72) Mark Stack Usage: 32M
[2026-04-03T03:20:09.137+0600][43.965s][info][gc,nmethod  ] GC(72) NMethods: 6494 registered, 559 unregistered
[2026-04-03T03:20:09.137+0600][43.965s][info][gc,metaspace] GC(72) Metaspace: 70M used, 71M committed, 1088M reserved
[2026-04-03T03:20:09.137+0600][43.965s][info][gc,ref      ] GC(72) Soft: 3318 encountered, 0 discovered, 0 enqueued
[2026-04-03T03:20:09.137+0600][43.965s][info][gc,ref      ] GC(72) Weak: 6226 encountered, 1460 discovered, 10 enqueued
[2026-04-03T03:20:09.137+0600][43.965s][info][gc,ref      ] GC(72) Final: 84 encountered, 4 discovered, 0 enqueued
[2026-04-03T03:20:09.137+0600][43.965s][info][gc,ref      ] GC(72) Phantom: 600 encountered, 378 discovered, 0 enqueued
[2026-04-03T03:20:09.137+0600][43.965s][info][gc,reloc    ] GC(72) Small Pages: 221 / 442M, Empty: 14M, Relocated: 29M, In-Place: 0
[2026-04-03T03:20:09.137+0600][43.965s][info][gc,reloc    ] GC(72) Medium Pages: 7 / 112M, Empty: 16M, Relocated: 26M, In-Place: 0
[2026-04-03T03:20:09.137+0600][43.965s][info][gc,reloc    ] GC(72) Large Pages: 21 / 110M, Empty: 90M, Relocated: 0M, In-Place: 0
[2026-04-03T03:20:09.137+0600][43.965s][info][gc,reloc    ] GC(72) Forwarding Usage: 29M
[2026-04-03T03:20:09.137+0600][43.965s][info][gc,heap     ] GC(72) Min Capacity: 8M(1%)
[2026-04-03T03:20:09.137+0600][43.965s][info][gc,heap     ] GC(72) Max Capacity: 1000M(100%)
[2026-04-03T03:20:09.137+0600][43.965s][info][gc,heap     ] GC(72) Soft Max Capacity: 1000M(100%)
[2026-04-03T03:20:09.137+0600][43.965s][info][gc,heap     ] GC(72)                Mark Start          Mark End        Relocate Start      Relocate End           High               Low         
[2026-04-03T03:20:09.137+0600][43.965s][info][gc,heap     ] GC(72)  Capacity:     1000M (100%)       1000M (100%)       1000M (100%)       1000M (100%)       1000M (100%)       1000M (100%)   
[2026-04-03T03:20:09.137+0600][43.966s][info][gc,heap     ] GC(72)      Free:      336M (34%)          90M (9%)          194M (19%)         440M (44%)         444M (44%)          78M (8%)     
[2026-04-03T03:20:09.137+0600][43.966s][info][gc,heap     ] GC(72)      Used:      664M (66%)         910M (91%)         806M (81%)         560M (56%)         922M (92%)         556M (56%)    
[2026-04-03T03:20:09.137+0600][43.966s][info][gc,heap     ] GC(72)      Live:         -               235M (24%)         235M (24%)         235M (24%)            -                  -          
[2026-04-03T03:20:09.137+0600][43.966s][info][gc,heap     ] GC(72) Allocated:         -               246M (25%)         262M (26%)         305M (31%)            -                  -          
[2026-04-03T03:20:09.137+0600][43.966s][info][gc,heap     ] GC(72)   Garbage:         -               428M (43%)         308M (31%)          18M (2%)             -                  -          
[2026-04-03T03:20:09.137+0600][43.966s][info][gc,heap     ] GC(72) Reclaimed:         -                  -               120M (12%)         409M (41%)            -                  -          
[2026-04-03T03:20:09.137+0600][43.966s][info][gc          ] GC(72) Garbage Collection (Allocation Rate) 664M(66%)->560M(56%)
[2026-04-03T03:20:09.185+0600][44.014s][info][gc,start    ] GC(73) Garbage Collection (Allocation Rate)
[2026-04-03T03:20:09.185+0600][44.014s][info][gc,task     ] GC(73) Using 3 workers
[2026-04-03T03:20:09.185+0600][44.014s][info][gc,phases   ] GC(73) Pause Mark Start 0.010ms
[2026-04-03T03:20:09.526+0600][44.355s][info][gc,phases   ] GC(73) Concurrent Mark 340.790ms
[2026-04-03T03:20:09.526+0600][44.355s][info][gc,phases   ] GC(73) Pause Mark End 0.032ms
[2026-04-03T03:20:09.527+0600][44.355s][info][gc,phases   ] GC(73) Concurrent Mark Free 0.003ms
[2026-04-03T03:20:09.534+0600][44.363s][info][gc,phases   ] GC(73) Concurrent Process Non-Strong References 7.341ms
[2026-04-03T03:20:09.534+0600][44.363s][info][gc,phases   ] GC(73) Concurrent Reset Relocation Set 0.011ms
[2026-04-03T03:20:09.539+0600][44.368s][info][gc,phases   ] GC(73) Concurrent Select Relocation Set 4.756ms
[2026-04-03T03:20:09.539+0600][44.368s][info][gc,phases   ] GC(73) Pause Relocate Start 0.012ms
[2026-04-03T03:20:09.557+0600][44.386s][info][gc,phases   ] GC(73) Concurrent Relocate 18.246ms
[2026-04-03T03:20:09.558+0600][44.386s][info][gc,load     ] GC(73) Load: 5.29/5.10/5.49
[2026-04-03T03:20:09.558+0600][44.386s][info][gc,mmu      ] GC(73) MMU: 2ms/95.4%, 5ms/98.2%, 10ms/99.1%, 20ms/99.4%, 50ms/99.8%, 100ms/99.9%
[2026-04-03T03:20:09.558+0600][44.386s][info][gc,marking  ] GC(73) Mark: 2 stripe(s), 2 proactive flush(es), 1 terminate flush(es), 0 completion(s), 0 continuation(s) 
[2026-04-03T03:20:09.558+0600][44.386s][info][gc,marking  ] GC(73) Mark Stack Usage: 32M
[2026-04-03T03:20:09.558+0600][44.386s][info][gc,nmethod  ] GC(73) NMethods: 6585 registered, 589 unregistered
[2026-04-03T03:20:09.558+0600][44.386s][info][gc,metaspace] GC(73) Metaspace: 71M used, 71M committed, 1088M reserved
[2026-04-03T03:20:09.558+0600][44.386s][info][gc,ref      ] GC(73) Soft: 3322 encountered, 0 discovered, 0 enqueued
[2026-04-03T03:20:09.558+0600][44.386s][info][gc,ref      ] GC(73) Weak: 6234 encountered, 3946 discovered, 147 enqueued
[2026-04-03T03:20:09.558+0600][44.386s][info][gc,ref      ] GC(73) Final: 84 encountered, 4 discovered, 0 enqueued
[2026-04-03T03:20:09.558+0600][44.386s][info][gc,ref      ] GC(73) Phantom: 600 encountered, 319 discovered, 0 enqueued
[2026-04-03T03:20:09.558+0600][44.386s][info][gc,reloc    ] GC(73) Small Pages: 261 / 522M, Empty: 190M, Relocated: 11M, In-Place: 0
[2026-04-03T03:20:09.558+0600][44.386s][info][gc,reloc    ] GC(73) Medium Pages: 3 / 48M, Empty: 16M, Relocated: 8M, In-Place: 0
[2026-04-03T03:20:09.558+0600][44.386s][info][gc,reloc    ] GC(73) Large Pages: 9 / 50M, Empty: 28M, Relocated: 0M, In-Place: 0
[2026-04-03T03:20:09.558+0600][44.386s][info][gc,reloc    ] GC(73) Forwarding Usage: 11M
[2026-04-03T03:20:09.558+0600][44.386s][info][gc,heap     ] GC(73) Min Capacity: 8M(1%)
[2026-04-03T03:20:09.558+0600][44.386s][info][gc,heap     ] GC(73) Max Capacity: 1000M(100%)
[2026-04-03T03:20:09.558+0600][44.386s][info][gc,heap     ] GC(73) Soft Max Capacity: 1000M(100%)
[2026-04-03T03:20:09.558+0600][44.386s][info][gc,heap     ] GC(73)                Mark Start          Mark End        Relocate Start      Relocate End           High               Low         
[2026-04-03T03:20:09.558+0600][44.386s][info][gc,heap     ] GC(73)  Capacity:     1000M (100%)       1000M (100%)       1000M (100%)       1000M (100%)       1000M (100%)       1000M (100%)   
[2026-04-03T03:20:09.558+0600][44.386s][info][gc,heap     ] GC(73)      Free:      380M (38%)          62M (6%)          268M (27%)         346M (35%)         380M (38%)          52M (5%)     
[2026-04-03T03:20:09.558+0600][44.386s][info][gc,heap     ] GC(73)      Used:      620M (62%)         938M (94%)         732M (73%)         654M (65%)         948M (95%)         620M (62%)    
[2026-04-03T03:20:09.558+0600][44.386s][info][gc,heap     ] GC(73)      Live:         -               252M (25%)         252M (25%)         252M (25%)            -                  -          
[2026-04-03T03:20:09.558+0600][44.386s][info][gc,heap     ] GC(73) Allocated:         -               318M (32%)         346M (35%)         377M (38%)            -                  -          
[2026-04-03T03:20:09.558+0600][44.386s][info][gc,heap     ] GC(73)   Garbage:         -               367M (37%)         133M (13%)          23M (2%)             -                  -          
[2026-04-03T03:20:09.558+0600][44.386s][info][gc,heap     ] GC(73) Reclaimed:         -                  -               234M (23%)         343M (34%)            -                  -          
[2026-04-03T03:20:09.558+0600][44.387s][info][gc          ] GC(73) Garbage Collection (Allocation Rate) 620M(62%)->654M(65%)
[2026-04-03T03:20:09.586+0600][44.414s][info][gc,start    ] GC(74) Garbage Collection (Allocation Rate)
[2026-04-03T03:20:09.586+0600][44.414s][info][gc,task     ] GC(74) Using 3 workers
[2026-04-03T03:20:09.586+0600][44.415s][info][gc,phases   ] GC(74) Pause Mark Start 0.007ms
[2026-04-03T03:20:09.892+0600][44.721s][info][gc,phases   ] GC(74) Concurrent Mark 306.054ms
[2026-04-03T03:20:09.892+0600][44.721s][info][gc,phases   ] GC(74) Pause Mark End 0.027ms
[2026-04-03T03:20:09.892+0600][44.721s][info][gc,phases   ] GC(74) Concurrent Mark Free 0.001ms
[2026-04-03T03:20:09.898+0600][44.727s][info][gc,phases   ] GC(74) Concurrent Process Non-Strong References 5.815ms
[2026-04-03T03:20:09.898+0600][44.727s][info][gc,phases   ] GC(74) Concurrent Reset Relocation Set 0.011ms
[2026-04-03T03:20:09.902+0600][44.731s][info][gc,phases   ] GC(74) Concurrent Select Relocation Set 3.837ms
[2026-04-03T03:20:09.902+0600][44.731s][info][gc,phases   ] GC(74) Pause Relocate Start 0.012ms
[2026-04-03T03:20:09.905+0600][44.734s][info][gc,phases   ] GC(74) Concurrent Relocate 3.045ms
[2026-04-03T03:20:09.906+0600][44.734s][info][gc,load     ] GC(74) Load: 5.29/5.10/5.49
[2026-04-03T03:20:09.906+0600][44.734s][info][gc,mmu      ] GC(74) MMU: 2ms/95.4%, 5ms/98.2%, 10ms/99.1%, 20ms/99.4%, 50ms/99.8%, 100ms/99.9%
[2026-04-03T03:20:09.906+0600][44.734s][info][gc,marking  ] GC(74) Mark: 2 stripe(s), 2 proactive flush(es), 1 terminate flush(es), 0 completion(s), 0 continuation(s) 
[2026-04-03T03:20:09.906+0600][44.734s][info][gc,marking  ] GC(74) Mark Stack Usage: 32M
[2026-04-03T03:20:09.906+0600][44.734s][info][gc,nmethod  ] GC(74) NMethods: 6544 registered, 636 unregistered
[2026-04-03T03:20:09.906+0600][44.734s][info][gc,metaspace] GC(74) Metaspace: 71M used, 71M committed, 1088M reserved
[2026-04-03T03:20:09.906+0600][44.734s][info][gc,ref      ] GC(74) Soft: 3325 encountered, 0 discovered, 0 enqueued
[2026-04-03T03:20:09.906+0600][44.734s][info][gc,ref      ] GC(74) Weak: 6178 encountered, 773 discovered, 31 enqueued
[2026-04-03T03:20:09.906+0600][44.734s][info][gc,ref      ] GC(74) Final: 84 encountered, 1 discovered, 0 enqueued
[2026-04-03T03:20:09.906+0600][44.734s][info][gc,ref      ] GC(74) Phantom: 600 encountered, 380 discovered, 0 enqueued
[2026-04-03T03:20:09.906+0600][44.734s][info][gc,reloc    ] GC(74) Small Pages: 337 / 674M, Empty: 368M, Relocated: 4M, In-Place: 0
[2026-04-03T03:20:09.906+0600][44.734s][info][gc,reloc    ] GC(74) Medium Pages: 1 / 16M, Empty: 0M, Relocated: 0M, In-Place: 0
[2026-04-03T03:20:09.906+0600][44.734s][info][gc,reloc    ] GC(74) Large Pages: 5 / 28M, Empty: 12M, Relocated: 0M, In-Place: 0
[2026-04-03T03:20:09.906+0600][44.734s][info][gc,reloc    ] GC(74) Forwarding Usage: 2M
[2026-04-03T03:20:09.906+0600][44.734s][info][gc,heap     ] GC(74) Min Capacity: 8M(1%)
[2026-04-03T03:20:09.906+0600][44.734s][info][gc,heap     ] GC(74) Max Capacity: 1000M(100%)
[2026-04-03T03:20:09.906+0600][44.734s][info][gc,heap     ] GC(74) Soft Max Capacity: 1000M(100%)
[2026-04-03T03:20:09.906+0600][44.734s][info][gc,heap     ] GC(74)                Mark Start          Mark End        Relocate Start      Relocate End           High               Low         
[2026-04-03T03:20:09.906+0600][44.734s][info][gc,heap     ] GC(74)  Capacity:     1000M (100%)       1000M (100%)       1000M (100%)       1000M (100%)       1000M (100%)       1000M (100%)   
[2026-04-03T03:20:09.906+0600][44.734s][info][gc,heap     ] GC(74)      Free:      282M (28%)         250M (25%)         630M (63%)         652M (65%)         652M (65%)         250M (25%)    
[2026-04-03T03:20:09.906+0600][44.734s][info][gc,heap     ] GC(74)      Used:      718M (72%)         750M (75%)         370M (37%)         348M (35%)         750M (75%)         348M (35%)    
[2026-04-03T03:20:09.906+0600][44.734s][info][gc,heap     ] GC(74)      Live:         -               297M (30%)         297M (30%)         297M (30%)            -                  -          
[2026-04-03T03:20:09.906+0600][44.734s][info][gc,heap     ] GC(74) Allocated:         -                32M (3%)           32M (3%)           32M (3%)             -                  -          
[2026-04-03T03:20:09.906+0600][44.734s][info][gc,heap     ] GC(74)   Garbage:         -               420M (42%)          40M (4%)           18M (2%)             -                  -          
[2026-04-03T03:20:09.906+0600][44.734s][info][gc,heap     ] GC(74) Reclaimed:         -                  -               380M (38%)         402M (40%)            -                  -          
[2026-04-03T03:20:09.906+0600][44.734s][info][gc          ] GC(74) Garbage Collection (Allocation Rate) 718M(72%)->348M(35%)
[2026-04-03T03:20:09.906+0600][44.734s][info][gc,start    ] GC(75) Garbage Collection (System.gc())
[2026-04-03T03:20:09.906+0600][44.735s][info][gc,task     ] GC(75) Using 3 workers
[2026-04-03T03:20:09.906+0600][44.735s][info][gc,phases   ] GC(75) Pause Mark Start 0.008ms
[2026-04-03T03:20:10.090+0600][44.918s][info][gc,phases   ] GC(75) Concurrent Mark 183.538ms
[2026-04-03T03:20:10.090+0600][44.919s][info][gc,phases   ] GC(75) Pause Mark End 0.032ms
[2026-04-03T03:20:10.090+0600][44.919s][info][gc,phases   ] GC(75) Concurrent Mark Free 0.001ms
[2026-04-03T03:20:10.097+0600][44.925s][info][gc,phases   ] GC(75) Concurrent Process Non-Strong References 6.679ms
[2026-04-03T03:20:10.097+0600][44.925s][info][gc,phases   ] GC(75) Concurrent Reset Relocation Set 0.010ms
[2026-04-03T03:20:10.100+0600][44.928s][info][gc,phases   ] GC(75) Concurrent Select Relocation Set 3.009ms
[2026-04-03T03:20:10.100+0600][44.929s][info][gc,phases   ] GC(75) Pause Relocate Start 0.012ms
[2026-04-03T03:20:10.104+0600][44.932s][info][gc,phases   ] GC(75) Concurrent Relocate 3.573ms
[2026-04-03T03:20:10.104+0600][44.932s][info][gc,load     ] GC(75) Load: 5.29/5.10/5.49
[2026-04-03T03:20:10.104+0600][44.933s][info][gc,mmu      ] GC(75) MMU: 2ms/95.4%, 5ms/98.2%, 10ms/99.1%, 20ms/99.4%, 50ms/99.8%, 100ms/99.9%
[2026-04-03T03:20:10.104+0600][44.933s][info][gc,marking  ] GC(75) Mark: 2 stripe(s), 2 proactive flush(es), 1 terminate flush(es), 0 completion(s), 0 continuation(s) 
[2026-04-03T03:20:10.104+0600][44.933s][info][gc,marking  ] GC(75) Mark Stack Usage: 32M
[2026-04-03T03:20:10.104+0600][44.933s][info][gc,nmethod  ] GC(75) NMethods: 6548 registered, 641 unregistered
[2026-04-03T03:20:10.104+0600][44.933s][info][gc,metaspace] GC(75) Metaspace: 71M used, 71M committed, 1088M reserved
[2026-04-03T03:20:10.104+0600][44.933s][info][gc,ref      ] GC(75) Soft: 3326 encountered, 0 discovered, 0 enqueued
[2026-04-03T03:20:10.104+0600][44.933s][info][gc,ref      ] GC(75) Weak: 6154 encountered, 4751 discovered, 4 enqueued
[2026-04-03T03:20:10.104+0600][44.933s][info][gc,ref      ] GC(75) Final: 84 encountered, 3 discovered, 0 enqueued
[2026-04-03T03:20:10.104+0600][44.933s][info][gc,ref      ] GC(75) Phantom: 600 encountered, 384 discovered, 0 enqueued
[2026-04-03T03:20:10.104+0600][44.933s][info][gc,reloc    ] GC(75) Small Pages: 158 / 316M, Empty: 122M, Relocated: 5M, In-Place: 0
[2026-04-03T03:20:10.104+0600][44.933s][info][gc,reloc    ] GC(75) Medium Pages: 1 / 16M, Empty: 0M, Relocated: 0M, In-Place: 0
[2026-04-03T03:20:10.104+0600][44.933s][info][gc,reloc    ] GC(75) Large Pages: 3 / 16M, Empty: 12M, Relocated: 0M, In-Place: 0
[2026-04-03T03:20:10.104+0600][44.933s][info][gc,reloc    ] GC(75) Forwarding Usage: 2M
[2026-04-03T03:20:10.104+0600][44.933s][info][gc,heap     ] GC(75) Min Capacity: 8M(1%)
[2026-04-03T03:20:10.104+0600][44.933s][info][gc,heap     ] GC(75) Max Capacity: 1000M(100%)
[2026-04-03T03:20:10.104+0600][44.933s][info][gc,heap     ] GC(75) Soft Max Capacity: 1000M(100%)
[2026-04-03T03:20:10.104+0600][44.933s][info][gc,heap     ] GC(75)                Mark Start          Mark End        Relocate Start      Relocate End           High               Low         
[2026-04-03T03:20:10.104+0600][44.933s][info][gc,heap     ] GC(75)  Capacity:     1000M (100%)       1000M (100%)       1000M (100%)       1000M (100%)       1000M (100%)       1000M (100%)   
[2026-04-03T03:20:10.104+0600][44.933s][info][gc,heap     ] GC(75)      Free:      652M (65%)         650M (65%)         776M (78%)         800M (80%)         800M (80%)         642M (64%)    
[2026-04-03T03:20:10.104+0600][44.933s][info][gc,heap     ] GC(75)      Used:      348M (35%)         350M (35%)         224M (22%)         200M (20%)         358M (36%)         200M (20%)    
[2026-04-03T03:20:10.104+0600][44.933s][info][gc,heap     ] GC(75)      Live:         -               171M (17%)         171M (17%)         171M (17%)            -                  -          
[2026-04-03T03:20:10.104+0600][44.933s][info][gc,heap     ] GC(75) Allocated:         -                 2M (0%)           10M (1%)           11M (1%)             -                  -          
[2026-04-03T03:20:10.104+0600][44.933s][info][gc,heap     ] GC(75)   Garbage:         -               176M (18%)          42M (4%)           16M (2%)             -                  -          
[2026-04-03T03:20:10.104+0600][44.933s][info][gc,heap     ] GC(75) Reclaimed:         -                  -               134M (13%)         159M (16%)            -                  -          
[2026-04-03T03:20:10.104+0600][44.933s][info][gc          ] GC(75) Garbage Collection (System.gc()) 348M(35%)->200M(20%)
[2026-04-03T03:20:10.185+0600][45.014s][info][gc,start    ] GC(76) Garbage Collection (Allocation Rate)
[2026-04-03T03:20:10.185+0600][45.014s][info][gc,task     ] GC(76) Using 3 workers
[2026-04-03T03:20:10.186+0600][45.015s][info][gc,phases   ] GC(76) Pause Mark Start 0.010ms
[2026-04-03T03:20:10.518+0600][45.347s][info][gc,phases   ] GC(76) Concurrent Mark 332.009ms
[2026-04-03T03:20:10.518+0600][45.347s][info][gc,phases   ] GC(76) Pause Mark End 0.049ms
[2026-04-03T03:20:10.519+0600][45.347s][info][gc,phases   ] GC(76) Concurrent Mark Free 0.003ms
[2026-04-03T03:20:10.531+0600][45.359s][info][gc,phases   ] GC(76) Concurrent Process Non-Strong References 11.965ms
[2026-04-03T03:20:10.531+0600][45.359s][info][gc,phases   ] GC(76) Concurrent Reset Relocation Set 0.008ms
[2026-04-03T03:20:10.536+0600][45.365s][info][gc,phases   ] GC(76) Concurrent Select Relocation Set 5.594ms
[2026-04-03T03:20:10.537+0600][45.365s][info][gc,phases   ] GC(76) Pause Relocate Start 0.020ms
[2026-04-03T03:20:10.544+0600][45.372s][info][gc,phases   ] GC(76) Concurrent Relocate 6.728ms
[2026-04-03T03:20:10.544+0600][45.373s][info][gc,load     ] GC(76) Load: 5.59/5.16/5.51
[2026-04-03T03:20:10.544+0600][45.373s][info][gc,mmu      ] GC(76) MMU: 2ms/95.4%, 5ms/98.2%, 10ms/99.1%, 20ms/99.4%, 50ms/99.8%, 100ms/99.9%
[2026-04-03T03:20:10.544+0600][45.373s][info][gc,marking  ] GC(76) Mark: 2 stripe(s), 2 proactive flush(es), 1 terminate flush(es), 0 completion(s), 0 continuation(s) 
[2026-04-03T03:20:10.544+0600][45.373s][info][gc,marking  ] GC(76) Mark Stack Usage: 32M
[2026-04-03T03:20:10.544+0600][45.373s][info][gc,nmethod  ] GC(76) NMethods: 6642 registered, 647 unregistered
[2026-04-03T03:20:10.544+0600][45.373s][info][gc,metaspace] GC(76) Metaspace: 71M used, 71M committed, 1088M reserved
[2026-04-03T03:20:10.544+0600][45.373s][info][gc,ref      ] GC(76) Soft: 3405 encountered, 0 discovered, 0 enqueued
[2026-04-03T03:20:10.544+0600][45.373s][info][gc,ref      ] GC(76) Weak: 6383 encountered, 2458 discovered, 46 enqueued
[2026-04-03T03:20:10.544+0600][45.373s][info][gc,ref      ] GC(76) Final: 84 encountered, 20 discovered, 0 enqueued
[2026-04-03T03:20:10.544+0600][45.373s][info][gc,ref      ] GC(76) Phantom: 600 encountered, 375 discovered, 0 enqueued
[2026-04-03T03:20:10.544+0600][45.373s][info][gc,reloc    ] GC(76) Small Pages: 102 / 204M, Empty: 0M, Relocated: 5M, In-Place: 0
[2026-04-03T03:20:10.544+0600][45.373s][info][gc,reloc    ] GC(76) Medium Pages: 2 / 32M, Empty: 16M, Relocated: 0M, In-Place: 0
[2026-04-03T03:20:10.544+0600][45.373s][info][gc,reloc    ] GC(76) Large Pages: 2 / 10M, Empty: 6M, Relocated: 0M, In-Place: 0
[2026-04-03T03:20:10.544+0600][45.373s][info][gc,reloc    ] GC(76) Forwarding Usage: 3M
[2026-04-03T03:20:10.544+0600][45.373s][info][gc,heap     ] GC(76) Min Capacity: 8M(1%)
[2026-04-03T03:20:10.544+0600][45.373s][info][gc,heap     ] GC(76) Max Capacity: 1000M(100%)
[2026-04-03T03:20:10.544+0600][45.373s][info][gc,heap     ] GC(76) Soft Max Capacity: 1000M(100%)
[2026-04-03T03:20:10.544+0600][45.373s][info][gc,heap     ] GC(76)                Mark Start          Mark End        Relocate Start      Relocate End           High               Low         
[2026-04-03T03:20:10.544+0600][45.373s][info][gc,heap     ] GC(76)  Capacity:     1000M (100%)       1000M (100%)       1000M (100%)       1000M (100%)       1000M (100%)       1000M (100%)   
[2026-04-03T03:20:10.544+0600][45.373s][info][gc,heap     ] GC(76)      Free:      754M (75%)         456M (46%)         470M (47%)         494M (49%)         754M (75%)         450M (45%)    
[2026-04-03T03:20:10.544+0600][45.373s][info][gc,heap     ] GC(76)      Used:      246M (25%)         544M (54%)         530M (53%)         506M (51%)         550M (55%)         246M (25%)    
[2026-04-03T03:20:10.544+0600][45.373s][info][gc,heap     ] GC(76)      Live:         -               171M (17%)         171M (17%)         171M (17%)            -                  -          
[2026-04-03T03:20:10.544+0600][45.373s][info][gc,heap     ] GC(76) Allocated:         -               298M (30%)         306M (31%)         317M (32%)            -                  -          
[2026-04-03T03:20:10.544+0600][45.373s][info][gc,heap     ] GC(76)   Garbage:         -                74M (7%)           52M (5%)           16M (2%)             -                  -          
[2026-04-03T03:20:10.544+0600][45.373s][info][gc,heap     ] GC(76) Reclaimed:         -                  -                22M (2%)           57M (6%)             -                  -          
[2026-04-03T03:20:10.544+0600][45.373s][info][gc          ] GC(76) Garbage Collection (Allocation Rate) 246M(25%)->506M(51%)
[2026-04-03T03:20:10.585+0600][45.414s][info][gc,start    ] GC(77) Garbage Collection (Allocation Rate)
[2026-04-03T03:20:10.585+0600][45.414s][info][gc,task     ] GC(77) Using 3 workers
[2026-04-03T03:20:10.585+0600][45.414s][info][gc,phases   ] GC(77) Pause Mark Start 0.011ms
[2026-04-03T03:20:11.151+0600][45.980s][info][gc,phases   ] GC(77) Concurrent Mark 565.962ms
[2026-04-03T03:20:11.152+0600][45.980s][info][gc,phases   ] GC(77) Pause Mark End 0.026ms
[2026-04-03T03:20:11.152+0600][45.981s][info][gc,phases   ] GC(77) Concurrent Mark Free 0.004ms
[2026-04-03T03:20:11.160+0600][45.989s][info][gc,phases   ] GC(77) Concurrent Process Non-Strong References 7.888ms
[2026-04-03T03:20:11.160+0600][45.989s][info][gc,phases   ] GC(77) Concurrent Reset Relocation Set 0.006ms
[2026-04-03T03:20:11.177+0600][46.006s][info][gc,phases   ] GC(77) Concurrent Select Relocation Set 17.047ms
[2026-04-03T03:20:11.177+0600][46.006s][info][gc,phases   ] GC(77) Pause Relocate Start 0.045ms
[2026-04-03T03:20:11.251+0600][46.079s][info][gc,phases   ] GC(77) Concurrent Relocate 73.092ms
[2026-04-03T03:20:11.251+0600][46.080s][info][gc,load     ] GC(77) Load: 5.59/5.16/5.51
[2026-04-03T03:20:11.251+0600][46.080s][info][gc,mmu      ] GC(77) MMU: 2ms/95.4%, 5ms/98.2%, 10ms/99.1%, 20ms/99.4%, 50ms/99.8%, 100ms/99.9%
[2026-04-03T03:20:11.251+0600][46.080s][info][gc,marking  ] GC(77) Mark: 2 stripe(s), 2 proactive flush(es), 1 terminate flush(es), 0 completion(s), 0 continuation(s) 
[2026-04-03T03:20:11.251+0600][46.080s][info][gc,marking  ] GC(77) Mark Stack Usage: 32M
[2026-04-03T03:20:11.251+0600][46.080s][info][gc,nmethod  ] GC(77) NMethods: 6657 registered, 649 unregistered
[2026-04-03T03:20:11.251+0600][46.080s][info][gc,metaspace] GC(77) Metaspace: 71M used, 71M committed, 1088M reserved
[2026-04-03T03:20:11.251+0600][46.080s][info][gc,ref      ] GC(77) Soft: 3405 encountered, 0 discovered, 0 enqueued
[2026-04-03T03:20:11.251+0600][46.080s][info][gc,ref      ] GC(77) Weak: 6337 encountered, 3463 discovered, 0 enqueued
[2026-04-03T03:20:11.251+0600][46.080s][info][gc,ref      ] GC(77) Final: 84 encountered, 2 discovered, 0 enqueued
[2026-04-03T03:20:11.251+0600][46.080s][info][gc,ref      ] GC(77) Phantom: 600 encountered, 420 discovered, 0 enqueued
[2026-04-03T03:20:11.251+0600][46.080s][info][gc,reloc    ] GC(77) Small Pages: 217 / 434M, Empty: 0M, Relocated: 76M, In-Place: 0
[2026-04-03T03:20:11.251+0600][46.080s][info][gc,reloc    ] GC(77) Medium Pages: 2 / 32M, Empty: 0M, Relocated: 9M, In-Place: 0
[2026-04-03T03:20:11.251+0600][46.080s][info][gc,reloc    ] GC(77) Large Pages: 10 / 64M, Empty: 30M, Relocated: 0M, In-Place: 0
[2026-04-03T03:20:11.251+0600][46.080s][info][gc,reloc    ] GC(77) Forwarding Usage: 38M
[2026-04-03T03:20:11.251+0600][46.080s][info][gc,heap     ] GC(77) Min Capacity: 8M(1%)
[2026-04-03T03:20:11.251+0600][46.080s][info][gc,heap     ] GC(77) Max Capacity: 1000M(100%)
[2026-04-03T03:20:11.251+0600][46.080s][info][gc,heap     ] GC(77) Soft Max Capacity: 1000M(100%)
[2026-04-03T03:20:11.251+0600][46.080s][info][gc,heap     ] GC(77)                Mark Start          Mark End        Relocate Start      Relocate End           High               Low         
[2026-04-03T03:20:11.251+0600][46.080s][info][gc,heap     ] GC(77)  Capacity:     1000M (100%)       1000M (100%)       1000M (100%)       1000M (100%)       1000M (100%)       1000M (100%)   
[2026-04-03T03:20:11.251+0600][46.080s][info][gc,heap     ] GC(77)      Free:      470M (47%)         166M (17%)         194M (19%)         370M (37%)         470M (47%)         164M (16%)    
[2026-04-03T03:20:11.251+0600][46.080s][info][gc,heap     ] GC(77)      Used:      530M (53%)         834M (83%)         806M (81%)         630M (63%)         836M (84%)         530M (53%)    
[2026-04-03T03:20:11.251+0600][46.080s][info][gc,heap     ] GC(77)      Live:         -               287M (29%)         287M (29%)         287M (29%)            -                  -          
[2026-04-03T03:20:11.251+0600][46.080s][info][gc,heap     ] GC(77) Allocated:         -               304M (30%)         306M (31%)         321M (32%)            -                  -          
[2026-04-03T03:20:11.251+0600][46.080s][info][gc,heap     ] GC(77)   Garbage:         -               242M (24%)         212M (21%)          21M (2%)             -                  -          
[2026-04-03T03:20:11.251+0600][46.080s][info][gc,heap     ] GC(77) Reclaimed:         -                  -                30M (3%)          221M (22%)            -                  -          
[2026-04-03T03:20:11.251+0600][46.080s][info][gc          ] GC(77) Garbage Collection (Allocation Rate) 530M(53%)->630M(63%)
[2026-04-03T03:20:11.285+0600][46.113s][info][gc,start    ] GC(78) Garbage Collection (Allocation Rate)
[2026-04-03T03:20:11.285+0600][46.113s][info][gc,task     ] GC(78) Using 3 workers
[2026-04-03T03:20:11.285+0600][46.114s][info][gc,phases   ] GC(78) Pause Mark Start 0.010ms
[2026-04-03T03:20:11.857+0600][46.685s][info][gc,phases   ] GC(78) Concurrent Mark 571.472ms
[2026-04-03T03:20:11.857+0600][46.686s][info][gc,phases   ] GC(78) Pause Mark End 0.028ms
[2026-04-03T03:20:11.857+0600][46.686s][info][gc,phases   ] GC(78) Concurrent Mark Free 0.004ms
[2026-04-03T03:20:11.866+0600][46.695s][info][gc,phases   ] GC(78) Concurrent Process Non-Strong References 9.127ms
[2026-04-03T03:20:11.866+0600][46.695s][info][gc,phases   ] GC(78) Concurrent Reset Relocation Set 0.017ms
[2026-04-03T03:20:11.874+0600][46.703s][info][gc,phases   ] GC(78) Concurrent Select Relocation Set 7.801ms
[2026-04-03T03:20:11.875+0600][46.703s][info][gc,phases   ] GC(78) Pause Relocate Start 0.046ms
[2026-04-03T03:20:11.920+0600][46.749s][info][gc,phases   ] GC(78) Concurrent Relocate 45.345ms
[2026-04-03T03:20:11.920+0600][46.749s][info][gc,load     ] GC(78) Load: 5.59/5.16/5.51
[2026-04-03T03:20:11.920+0600][46.749s][info][gc,mmu      ] GC(78) MMU: 2ms/95.4%, 5ms/98.2%, 10ms/99.1%, 20ms/99.4%, 50ms/99.8%, 100ms/99.9%
[2026-04-03T03:20:11.920+0600][46.749s][info][gc,marking  ] GC(78) Mark: 2 stripe(s), 2 proactive flush(es), 1 terminate flush(es), 0 completion(s), 0 continuation(s) 
[2026-04-03T03:20:11.921+0600][46.749s][info][gc,marking  ] GC(78) Mark Stack Usage: 32M
[2026-04-03T03:20:11.921+0600][46.749s][info][gc,nmethod  ] GC(78) NMethods: 6673 registered, 653 unregistered
[2026-04-03T03:20:11.921+0600][46.749s][info][gc,metaspace] GC(78) Metaspace: 71M used, 71M committed, 1088M reserved
[2026-04-03T03:20:11.921+0600][46.749s][info][gc,ref      ] GC(78) Soft: 3419 encountered, 0 discovered, 0 enqueued
[2026-04-03T03:20:11.921+0600][46.749s][info][gc,ref      ] GC(78) Weak: 6357 encountered, 2400 discovered, 3 enqueued
[2026-04-03T03:20:11.921+0600][46.749s][info][gc,ref      ] GC(78) Final: 84 encountered, 2 discovered, 0 enqueued
[2026-04-03T03:20:11.921+0600][46.749s][info][gc,ref      ] GC(78) Phantom: 603 encountered, 402 discovered, 0 enqueued
[2026-04-03T03:20:11.921+0600][46.749s][info][gc,reloc    ] GC(78) Small Pages: 275 / 550M, Empty: 18M, Relocated: 31M, In-Place: 0
[2026-04-03T03:20:11.921+0600][46.749s][info][gc,reloc    ] GC(78) Medium Pages: 2 / 32M, Empty: 16M, Relocated: 0M, In-Place: 0
[2026-04-03T03:20:11.921+0600][46.749s][info][gc,reloc    ] GC(78) Large Pages: 8 / 54M, Empty: 8M, Relocated: 0M, In-Place: 0
[2026-04-03T03:20:11.921+0600][46.749s][info][gc,reloc    ] GC(78) Forwarding Usage: 29M
[2026-04-03T03:20:11.921+0600][46.749s][info][gc,heap     ] GC(78) Min Capacity: 8M(1%)
[2026-04-03T03:20:11.921+0600][46.749s][info][gc,heap     ] GC(78) Max Capacity: 1000M(100%)
[2026-04-03T03:20:11.921+0600][46.749s][info][gc,heap     ] GC(78) Soft Max Capacity: 1000M(100%)
[2026-04-03T03:20:11.921+0600][46.749s][info][gc,heap     ] GC(78)                Mark Start          Mark End        Relocate Start      Relocate End           High               Low         
[2026-04-03T03:20:11.921+0600][46.749s][info][gc,heap     ] GC(78)  Capacity:     1000M (100%)       1000M (100%)       1000M (100%)       1000M (100%)       1000M (100%)       1000M (100%)   
[2026-04-03T03:20:11.921+0600][46.749s][info][gc,heap     ] GC(78)      Free:      364M (36%)         214M (21%)         242M (24%)         464M (46%)         470M (47%)         202M (20%)    
[2026-04-03T03:20:11.921+0600][46.750s][info][gc,heap     ] GC(78)      Used:      636M (64%)         786M (79%)         758M (76%)         536M (54%)         798M (80%)         530M (53%)    
[2026-04-03T03:20:11.921+0600][46.750s][info][gc,heap     ] GC(78)      Live:         -               323M (32%)         323M (32%)         323M (32%)            -                  -          
[2026-04-03T03:20:11.921+0600][46.750s][info][gc,heap     ] GC(78) Allocated:         -               150M (15%)         164M (16%)         191M (19%)            -                  -          
[2026-04-03T03:20:11.921+0600][46.750s][info][gc,heap     ] GC(78)   Garbage:         -               312M (31%)         270M (27%)          21M (2%)             -                  -          
[2026-04-03T03:20:11.921+0600][46.750s][info][gc,heap     ] GC(78) Reclaimed:         -                  -                42M (4%)          291M (29%)            -                  -          
[2026-04-03T03:20:11.921+0600][46.750s][info][gc          ] GC(78) Garbage Collection (Allocation Rate) 636M(64%)->536M(54%)
[2026-04-03T03:20:11.985+0600][46.814s][info][gc,start    ] GC(79) Garbage Collection (Allocation Rate)
[2026-04-03T03:20:11.985+0600][46.814s][info][gc,task     ] GC(79) Using 3 workers
[2026-04-03T03:20:11.986+0600][46.814s][info][gc,phases   ] GC(79) Pause Mark Start 0.019ms
[2026-04-03T03:20:12.492+0600][47.320s][info][gc,phases   ] GC(79) Concurrent Mark 505.837ms
[2026-04-03T03:20:12.492+0600][47.321s][info][gc,phases   ] GC(79) Pause Mark End 0.025ms
[2026-04-03T03:20:12.492+0600][47.321s][info][gc,phases   ] GC(79) Concurrent Mark Free 0.001ms
[2026-04-03T03:20:12.499+0600][47.328s][info][gc,phases   ] GC(79) Concurrent Process Non-Strong References 6.752ms
[2026-04-03T03:20:12.499+0600][47.328s][info][gc,phases   ] GC(79) Concurrent Reset Relocation Set 0.027ms
[2026-04-03T03:20:12.502+0600][47.331s][info][gc          ] Allocation Stall (Executor task launch worker for task 2.0 in stage 14.0 (TID 23)) 45.661ms
[2026-04-03T03:20:12.502+0600][47.331s][info][gc          ] Allocation Stall (Executor task launch worker for task 1.0 in stage 14.0 (TID 22)) 45.313ms
[2026-04-03T03:20:12.502+0600][47.331s][info][gc          ] Allocation Stall (Executor task launch worker for task 0.0 in stage 14.0 (TID 21)) 41.231ms
[2026-04-03T03:20:12.504+0600][47.333s][info][gc,phases   ] GC(79) Concurrent Select Relocation Set 4.826ms
[2026-04-03T03:20:12.504+0600][47.333s][info][gc,phases   ] GC(79) Pause Relocate Start 0.014ms
[2026-04-03T03:20:12.545+0600][47.373s][info][gc,phases   ] GC(79) Concurrent Relocate 40.293ms
[2026-04-03T03:20:12.545+0600][47.374s][info][gc,load     ] GC(79) Load: 5.59/5.16/5.51
[2026-04-03T03:20:12.545+0600][47.374s][info][gc,mmu      ] GC(79) MMU: 2ms/95.4%, 5ms/98.2%, 10ms/99.1%, 20ms/99.4%, 50ms/99.8%, 100ms/99.9%
[2026-04-03T03:20:12.545+0600][47.374s][info][gc,marking  ] GC(79) Mark: 2 stripe(s), 2 proactive flush(es), 1 terminate flush(es), 0 completion(s), 0 continuation(s) 
[2026-04-03T03:20:12.545+0600][47.374s][info][gc,marking  ] GC(79) Mark Stack Usage: 32M
[2026-04-03T03:20:12.545+0600][47.374s][info][gc,nmethod  ] GC(79) NMethods: 6706 registered, 659 unregistered
[2026-04-03T03:20:12.545+0600][47.374s][info][gc,metaspace] GC(79) Metaspace: 71M used, 72M committed, 1088M reserved
[2026-04-03T03:20:12.545+0600][47.374s][info][gc,ref      ] GC(79) Soft: 3421 encountered, 0 discovered, 0 enqueued
[2026-04-03T03:20:12.545+0600][47.374s][info][gc,ref      ] GC(79) Weak: 6358 encountered, 2369 discovered, 5 enqueued
[2026-04-03T03:20:12.545+0600][47.374s][info][gc,ref      ] GC(79) Final: 84 encountered, 18 discovered, 0 enqueued
[2026-04-03T03:20:12.545+0600][47.374s][info][gc,ref      ] GC(79) Phantom: 602 encountered, 391 discovered, 0 enqueued
[2026-04-03T03:20:12.545+0600][47.374s][info][gc,reloc    ] GC(79) Small Pages: 243 / 486M, Empty: 112M, Relocated: 36M, In-Place: 0
[2026-04-03T03:20:12.545+0600][47.374s][info][gc,reloc    ] GC(79) Medium Pages: 2 / 32M, Empty: 0M, Relocated: 9M, In-Place: 0
[2026-04-03T03:20:12.545+0600][47.374s][info][gc,reloc    ] GC(79) Large Pages: 8 / 56M, Empty: 24M, Relocated: 0M, In-Place: 0
[2026-04-03T03:20:12.545+0600][47.374s][info][gc,reloc    ] GC(79) Forwarding Usage: 19M
[2026-04-03T03:20:12.545+0600][47.374s][info][gc,heap     ] GC(79) Min Capacity: 8M(1%)
[2026-04-03T03:20:12.545+0600][47.374s][info][gc,heap     ] GC(79) Max Capacity: 1000M(100%)
[2026-04-03T03:20:12.545+0600][47.374s][info][gc,heap     ] GC(79) Soft Max Capacity: 1000M(100%)
[2026-04-03T03:20:12.545+0600][47.374s][info][gc,heap     ] GC(79)                Mark Start          Mark End        Relocate Start      Relocate End           High               Low         
[2026-04-03T03:20:12.545+0600][47.374s][info][gc,heap     ] GC(79)  Capacity:     1000M (100%)       1000M (100%)       1000M (100%)       1000M (100%)       1000M (100%)       1000M (100%)   
[2026-04-03T03:20:12.545+0600][47.374s][info][gc,heap     ] GC(79)      Free:      426M (43%)           0M (0%)          130M (13%)         248M (25%)         426M (43%)           0M (0%)     
[2026-04-03T03:20:12.545+0600][47.374s][info][gc,heap     ] GC(79)      Used:      574M (57%)        1000M (100%)        870M (87%)         752M (75%)        1000M (100%)        574M (57%)    
[2026-04-03T03:20:12.545+0600][47.374s][info][gc,heap     ] GC(79)      Live:         -               262M (26%)         262M (26%)         262M (26%)            -                  -          
[2026-04-03T03:20:12.545+0600][47.374s][info][gc,heap     ] GC(79) Allocated:         -               426M (43%)         432M (43%)         465M (47%)            -                  -          
[2026-04-03T03:20:12.545+0600][47.374s][info][gc,heap     ] GC(79)   Garbage:         -               311M (31%)         175M (18%)          23M (2%)             -                  -          
[2026-04-03T03:20:12.545+0600][47.374s][info][gc,heap     ] GC(79) Reclaimed:         -                  -               136M (14%)         287M (29%)            -                  -          
[2026-04-03T03:20:12.545+0600][47.374s][info][gc          ] GC(79) Garbage Collection (Allocation Rate) 574M(57%)->752M(75%)
[2026-04-03T03:20:12.585+0600][47.414s][info][gc,start    ] GC(80) Garbage Collection (Allocation Stall)
[2026-04-03T03:20:12.585+0600][47.414s][info][gc,ref      ] GC(80) Clearing All SoftReferences
[2026-04-03T03:20:12.585+0600][47.414s][info][gc,task     ] GC(80) Using 3 workers
[2026-04-03T03:20:12.586+0600][47.414s][info][gc,ref      ] GC(80) Clearing All SoftReferences
[2026-04-03T03:20:12.586+0600][47.414s][info][gc,phases   ] GC(80) Pause Mark Start 0.056ms
[2026-04-03T03:20:13.003+0600][47.832s][info][gc,phases   ] GC(80) Concurrent Mark 416.837ms
[2026-04-03T03:20:13.003+0600][47.832s][info][gc,phases   ] GC(80) Pause Mark End 0.024ms
[2026-04-03T03:20:13.003+0600][47.832s][info][gc,phases   ] GC(80) Concurrent Mark Free 0.002ms
[2026-04-03T03:20:13.021+0600][47.849s][info][gc,phases   ] GC(80) Concurrent Process Non-Strong References 17.215ms
[2026-04-03T03:20:13.021+0600][47.849s][info][gc,phases   ] GC(80) Concurrent Reset Relocation Set 0.008ms
[2026-04-03T03:20:13.023+0600][47.852s][info][gc          ] Allocation Stall (Executor task launch worker for task 0.0 in stage 14.0 (TID 21)) 203.010ms
[2026-04-03T03:20:13.023+0600][47.852s][info][gc          ] Allocation Stall (Executor task launch worker for task 1.0 in stage 14.0 (TID 22)) 211.626ms
[2026-04-03T03:20:13.023+0600][47.852s][info][gc          ] Allocation Stall (Executor task launch worker for task 2.0 in stage 14.0 (TID 23)) 206.768ms
[2026-04-03T03:20:13.027+0600][47.856s][info][gc,phases   ] GC(80) Concurrent Select Relocation Set 6.475ms
[2026-04-03T03:20:13.027+0600][47.856s][info][gc,phases   ] GC(80) Pause Relocate Start 0.023ms
[2026-04-03T03:20:13.075+0600][47.904s][info][gc,phases   ] GC(80) Concurrent Relocate 47.539ms
[2026-04-03T03:20:13.075+0600][47.904s][info][gc,load     ] GC(80) Load: 5.59/5.16/5.51
[2026-04-03T03:20:13.075+0600][47.904s][info][gc,mmu      ] GC(80) MMU: 2ms/95.4%, 5ms/98.2%, 10ms/99.1%, 20ms/99.4%, 50ms/99.8%, 100ms/99.9%
[2026-04-03T03:20:13.075+0600][47.904s][info][gc,marking  ] GC(80) Mark: 2 stripe(s), 2 proactive flush(es), 1 terminate flush(es), 0 completion(s), 0 continuation(s) 
[2026-04-03T03:20:13.075+0600][47.904s][info][gc,marking  ] GC(80) Mark Stack Usage: 32M
[2026-04-03T03:20:13.075+0600][47.904s][info][gc,nmethod  ] GC(80) NMethods: 6701 registered, 668 unregistered
[2026-04-03T03:20:13.075+0600][47.904s][info][gc,metaspace] GC(80) Metaspace: 70M used, 72M committed, 1088M reserved
[2026-04-03T03:20:13.075+0600][47.904s][info][gc,ref      ] GC(80) Soft: 3299 encountered, 2770 discovered, 511 enqueued
[2026-04-03T03:20:13.075+0600][47.904s][info][gc,ref      ] GC(80) Weak: 6253 encountered, 2509 discovered, 46 enqueued
[2026-04-03T03:20:13.075+0600][47.904s][info][gc,ref      ] GC(80) Final: 84 encountered, 4 discovered, 0 enqueued
[2026-04-03T03:20:13.075+0600][47.904s][info][gc,ref      ] GC(80) Phantom: 602 encountered, 454 discovered, 0 enqueued
[2026-04-03T03:20:13.075+0600][47.904s][info][gc,reloc    ] GC(80) Small Pages: 354 / 708M, Empty: 20M, Relocated: 33M, In-Place: 0
[2026-04-03T03:20:13.075+0600][47.904s][info][gc,reloc    ] GC(80) Medium Pages: 2 / 32M, Empty: 16M, Relocated: 0M, In-Place: 0
[2026-04-03T03:20:13.075+0600][47.904s][info][gc,reloc    ] GC(80) Large Pages: 8 / 56M, Empty: 16M, Relocated: 0M, In-Place: 0
[2026-04-03T03:20:13.075+0600][47.904s][info][gc,reloc    ] GC(80) Forwarding Usage: 25M
[2026-04-03T03:20:13.075+0600][47.904s][info][gc,heap     ] GC(80) Min Capacity: 8M(1%)
[2026-04-03T03:20:13.076+0600][47.904s][info][gc,heap     ] GC(80) Max Capacity: 1000M(100%)
[2026-04-03T03:20:13.076+0600][47.904s][info][gc,heap     ] GC(80) Soft Max Capacity: 1000M(100%)
[2026-04-03T03:20:13.076+0600][47.904s][info][gc,heap     ] GC(80)                Mark Start          Mark End        Relocate Start      Relocate End           High               Low         
[2026-04-03T03:20:13.076+0600][47.904s][info][gc,heap     ] GC(80)  Capacity:     1000M (100%)       1000M (100%)       1000M (100%)       1000M (100%)       1000M (100%)       1000M (100%)   
[2026-04-03T03:20:13.076+0600][47.904s][info][gc,heap     ] GC(80)      Free:      204M (20%)           0M (0%)           46M (5%)          474M (47%)         478M (48%)           0M (0%)     
[2026-04-03T03:20:13.076+0600][47.904s][info][gc,heap     ] GC(80)      Used:      796M (80%)        1000M (100%)        954M (95%)         526M (53%)        1000M (100%)        522M (52%)    
[2026-04-03T03:20:13.076+0600][47.904s][info][gc,heap     ] GC(80)      Live:         -               252M (25%)         252M (25%)         252M (25%)            -                  -          
[2026-04-03T03:20:13.076+0600][47.904s][info][gc,heap     ] GC(80) Allocated:         -               204M (20%)         210M (21%)         251M (25%)            -                  -          
[2026-04-03T03:20:13.076+0600][47.904s][info][gc,heap     ] GC(80)   Garbage:         -               543M (54%)         491M (49%)          22M (2%)             -                  -          
[2026-04-03T03:20:13.076+0600][47.904s][info][gc,heap     ] GC(80) Reclaimed:         -                  -                52M (5%)          521M (52%)            -                  -          
[2026-04-03T03:20:13.076+0600][47.904s][info][gc          ] GC(80) Garbage Collection (Allocation Stall) 796M(80%)->526M(53%)
[2026-04-03T03:20:13.085+0600][47.914s][info][gc,start    ] GC(81) Garbage Collection (Allocation Stall)
[2026-04-03T03:20:13.085+0600][47.914s][info][gc,ref      ] GC(81) Clearing All SoftReferences
[2026-04-03T03:20:13.085+0600][47.914s][info][gc,task     ] GC(81) Using 3 workers
[2026-04-03T03:20:13.086+0600][47.914s][info][gc,ref      ] GC(81) Clearing All SoftReferences
[2026-04-03T03:20:13.086+0600][47.914s][info][gc,phases   ] GC(81) Pause Mark Start 0.078ms
[2026-04-03T03:20:13.650+0600][48.478s][info][gc,phases   ] GC(81) Concurrent Mark 563.683ms
[2026-04-03T03:20:13.650+0600][48.479s][info][gc,phases   ] GC(81) Pause Mark End 0.028ms
[2026-04-03T03:20:13.650+0600][48.479s][info][gc,phases   ] GC(81) Concurrent Mark Free 0.001ms
[2026-04-03T03:20:13.657+0600][48.486s][info][gc,phases   ] GC(81) Concurrent Process Non-Strong References 6.898ms
[2026-04-03T03:20:13.657+0600][48.486s][info][gc,phases   ] GC(81) Concurrent Reset Relocation Set 0.040ms
[2026-04-03T03:20:13.660+0600][48.489s][info][gc          ] Allocation Stall (Executor task launch worker for task 1.0 in stage 14.0 (TID 22)) 58.766ms
[2026-04-03T03:20:13.660+0600][48.489s][info][gc          ] Allocation Stall (Executor task launch worker for task 0.0 in stage 14.0 (TID 21)) 50.875ms
[2026-04-03T03:20:13.660+0600][48.489s][info][gc          ] Allocation Stall (Executor task launch worker for task 2.0 in stage 14.0 (TID 23)) 54.247ms
[2026-04-03T03:20:13.662+0600][48.491s][info][gc,phases   ] GC(81) Concurrent Select Relocation Set 5.261ms
[2026-04-03T03:20:13.663+0600][48.491s][info][gc,phases   ] GC(81) Pause Relocate Start 0.012ms
[2026-04-03T03:20:13.663+0600][48.492s][info][gc          ] Allocation Stall (executor-kill-mark-cleanup) 20.730ms
[2026-04-03T03:20:13.686+0600][48.515s][info][gc,phases   ] GC(81) Concurrent Relocate 23.559ms
[2026-04-03T03:20:13.686+0600][48.515s][info][gc,load     ] GC(81) Load: 5.59/5.16/5.51
[2026-04-03T03:20:13.686+0600][48.515s][info][gc,mmu      ] GC(81) MMU: 2ms/95.4%, 5ms/98.2%, 10ms/99.1%, 20ms/99.4%, 50ms/99.8%, 100ms/99.9%
[2026-04-03T03:20:13.686+0600][48.515s][info][gc,marking  ] GC(81) Mark: 2 stripe(s), 2 proactive flush(es), 1 terminate flush(es), 0 completion(s), 0 continuation(s) 
[2026-04-03T03:20:13.687+0600][48.515s][info][gc,marking  ] GC(81) Mark Stack Usage: 32M
[2026-04-03T03:20:13.687+0600][48.515s][info][gc,nmethod  ] GC(81) NMethods: 6704 registered, 668 unregistered
[2026-04-03T03:20:13.687+0600][48.515s][info][gc,metaspace] GC(81) Metaspace: 70M used, 72M committed, 1088M reserved
[2026-04-03T03:20:13.687+0600][48.515s][info][gc,ref      ] GC(81) Soft: 2788 encountered, 310 discovered, 1 enqueued
[2026-04-03T03:20:13.687+0600][48.515s][info][gc,ref      ] GC(81) Weak: 5852 encountered, 982 discovered, 1 enqueued
[2026-04-03T03:20:13.687+0600][48.515s][info][gc,ref      ] GC(81) Final: 84 encountered, 2 discovered, 0 enqueued
[2026-04-03T03:20:13.687+0600][48.515s][info][gc,ref      ] GC(81) Phantom: 600 encountered, 548 discovered, 0 enqueued
[2026-04-03T03:20:13.687+0600][48.515s][info][gc,reloc    ] GC(81) Small Pages: 241 / 482M, Empty: 0M, Relocated: 15M, In-Place: 2
[2026-04-03T03:20:13.687+0600][48.515s][info][gc,reloc    ] GC(81) Medium Pages: 1 / 16M, Empty: 0M, Relocated: 0M, In-Place: 0
[2026-04-03T03:20:13.687+0600][48.515s][info][gc,reloc    ] GC(81) Large Pages: 6 / 40M, Empty: 6M, Relocated: 0M, In-Place: 0
[2026-04-03T03:20:13.687+0600][48.515s][info][gc,reloc    ] GC(81) Forwarding Usage: 12M
[2026-04-03T03:20:13.687+0600][48.515s][info][gc,heap     ] GC(81) Min Capacity: 8M(1%)
[2026-04-03T03:20:13.687+0600][48.515s][info][gc,heap     ] GC(81) Max Capacity: 1000M(100%)
[2026-04-03T03:20:13.687+0600][48.515s][info][gc,heap     ] GC(81) Soft Max Capacity: 1000M(100%)
[2026-04-03T03:20:13.687+0600][48.515s][info][gc,heap     ] GC(81)                Mark Start          Mark End        Relocate Start      Relocate End           High               Low         
[2026-04-03T03:20:13.687+0600][48.515s][info][gc,heap     ] GC(81)  Capacity:     1000M (100%)       1000M (100%)       1000M (100%)       1000M (100%)       1000M (100%)       1000M (100%)   
[2026-04-03T03:20:13.687+0600][48.515s][info][gc,heap     ] GC(81)      Free:      462M (46%)           0M (0%)            0M (0%)          238M (24%)         462M (46%)           0M (0%)     
[2026-04-03T03:20:13.687+0600][48.515s][info][gc,heap     ] GC(81)      Used:      538M (54%)        1000M (100%)       1000M (100%)        762M (76%)        1000M (100%)        538M (54%)    
[2026-04-03T03:20:13.687+0600][48.515s][info][gc,heap     ] GC(81)      Live:         -               253M (25%)         253M (25%)         253M (25%)            -                  -          
[2026-04-03T03:20:13.687+0600][48.515s][info][gc,heap     ] GC(81) Allocated:         -               462M (46%)         468M (47%)         485M (49%)            -                  -          
[2026-04-03T03:20:13.687+0600][48.515s][info][gc,heap     ] GC(81)   Garbage:         -               284M (28%)         278M (28%)          22M (2%)             -                  -          
[2026-04-03T03:20:13.687+0600][48.515s][info][gc,heap     ] GC(81) Reclaimed:         -                  -                 6M (1%)          261M (26%)            -                  -          
[2026-04-03T03:20:13.687+0600][48.515s][info][gc          ] GC(81) Garbage Collection (Allocation Stall) 538M(54%)->762M(76%)
[2026-04-03T03:20:13.785+0600][48.614s][info][gc,start    ] GC(82) Garbage Collection (Allocation Stall)
[2026-04-03T03:20:13.785+0600][48.614s][info][gc,ref      ] GC(82) Clearing All SoftReferences
[2026-04-03T03:20:13.785+0600][48.614s][info][gc,task     ] GC(82) Using 3 workers
[2026-04-03T03:20:13.785+0600][48.614s][info][gc,ref      ] GC(82) Clearing All SoftReferences
[2026-04-03T03:20:13.786+0600][48.614s][info][gc,phases   ] GC(82) Pause Mark Start 0.035ms
[2026-04-03T03:20:14.249+0600][49.078s][info][gc,phases   ] GC(82) Concurrent Mark 463.538ms
[2026-04-03T03:20:14.249+0600][49.078s][info][gc,phases   ] GC(82) Pause Mark End 0.025ms
[2026-04-03T03:20:14.250+0600][49.078s][info][gc,phases   ] GC(82) Concurrent Mark Free 0.001ms
[2026-04-03T03:20:14.257+0600][49.085s][info][gc,phases   ] GC(82) Concurrent Process Non-Strong References 6.960ms
[2026-04-03T03:20:14.257+0600][49.085s][info][gc,phases   ] GC(82) Concurrent Reset Relocation Set 0.018ms
[2026-04-03T03:20:14.260+0600][49.089s][info][gc          ] Allocation Stall (Executor task launch worker for task 1.0 in stage 14.0 (TID 22)) 389.839ms
[2026-04-03T03:20:14.260+0600][49.089s][info][gc          ] Allocation Stall (Executor task launch worker for task 2.0 in stage 14.0 (TID 23)) 385.514ms
[2026-04-03T03:20:14.264+0600][49.092s][info][gc,phases   ] GC(82) Concurrent Select Relocation Set 6.996ms
[2026-04-03T03:20:14.264+0600][49.093s][info][gc,phases   ] GC(82) Pause Relocate Start 0.014ms
[2026-04-03T03:20:14.264+0600][49.093s][info][gc          ] Allocation Stall (RemoteBlock-temp-file-clean-thread) 54.835ms
[2026-04-03T03:20:14.264+0600][49.093s][info][gc          ] Allocation Stall (Executor task launch worker for task 0.0 in stage 14.0 (TID 21)) 388.722ms
[2026-04-03T03:20:14.304+0600][49.133s][info][gc,phases   ] GC(82) Concurrent Relocate 39.992ms
[2026-04-03T03:20:14.304+0600][49.133s][info][gc,load     ] GC(82) Load: 5.59/5.16/5.51
[2026-04-03T03:20:14.304+0600][49.133s][info][gc,mmu      ] GC(82) MMU: 2ms/95.4%, 5ms/98.2%, 10ms/99.1%, 20ms/99.4%, 50ms/99.8%, 100ms/99.9%
[2026-04-03T03:20:14.304+0600][49.133s][info][gc,marking  ] GC(82) Mark: 2 stripe(s), 2 proactive flush(es), 1 terminate flush(es), 0 completion(s), 0 continuation(s) 
[2026-04-03T03:20:14.304+0600][49.133s][info][gc,marking  ] GC(82) Mark Stack Usage: 32M
[2026-04-03T03:20:14.304+0600][49.133s][info][gc,nmethod  ] GC(82) NMethods: 6704 registered, 676 unregistered
[2026-04-03T03:20:14.304+0600][49.133s][info][gc,metaspace] GC(82) Metaspace: 70M used, 72M committed, 1088M reserved
[2026-04-03T03:20:14.304+0600][49.133s][info][gc,ref      ] GC(82) Soft: 2787 encountered, 297 discovered, 0 enqueued
[2026-04-03T03:20:14.304+0600][49.133s][info][gc,ref      ] GC(82) Weak: 5851 encountered, 397 discovered, 0 enqueued
[2026-04-03T03:20:14.304+0600][49.133s][info][gc,ref      ] GC(82) Final: 84 encountered, 2 discovered, 0 enqueued
[2026-04-03T03:20:14.304+0600][49.133s][info][gc,ref      ] GC(82) Phantom: 602 encountered, 546 discovered, 0 enqueued
[2026-04-03T03:20:14.304+0600][49.133s][info][gc,reloc    ] GC(82) Small Pages: 424 / 848M, Empty: 0M, Relocated: 22M, In-Place: 2
[2026-04-03T03:20:14.304+0600][49.133s][info][gc,reloc    ] GC(82) Medium Pages: 1 / 16M, Empty: 0M, Relocated: 0M, In-Place: 0
[2026-04-03T03:20:14.304+0600][49.133s][info][gc,reloc    ] GC(82) Large Pages: 6 / 40M, Empty: 4M, Relocated: 0M, In-Place: 0
[2026-04-03T03:20:14.304+0600][49.133s][info][gc,reloc    ] GC(82) Forwarding Usage: 21M
[2026-04-03T03:20:14.304+0600][49.133s][info][gc,heap     ] GC(82) Min Capacity: 8M(1%)
[2026-04-03T03:20:14.304+0600][49.133s][info][gc,heap     ] GC(82) Max Capacity: 1000M(100%)
[2026-04-03T03:20:14.304+0600][49.133s][info][gc,heap     ] GC(82) Soft Max Capacity: 1000M(100%)
[2026-04-03T03:20:14.304+0600][49.133s][info][gc,heap     ] GC(82)                Mark Start          Mark End        Relocate Start      Relocate End           High               Low         
[2026-04-03T03:20:14.304+0600][49.133s][info][gc,heap     ] GC(82)  Capacity:     1000M (100%)       1000M (100%)       1000M (100%)       1000M (100%)       1000M (100%)       1000M (100%)   
[2026-04-03T03:20:14.304+0600][49.133s][info][gc,heap     ] GC(82)      Free:       96M (10%)           0M (0%)            0M (0%)          562M (56%)         562M (56%)           0M (0%)     
[2026-04-03T03:20:14.304+0600][49.133s][info][gc,heap     ] GC(82)      Used:      904M (90%)        1000M (100%)       1000M (100%)        438M (44%)        1000M (100%)        438M (44%)    
[2026-04-03T03:20:14.304+0600][49.133s][info][gc,heap     ] GC(82)      Live:         -               273M (27%)         273M (27%)         273M (27%)            -                  -          
[2026-04-03T03:20:14.304+0600][49.133s][info][gc,heap     ] GC(82) Allocated:         -                96M (10%)         100M (10%)         137M (14%)            -                  -          
[2026-04-03T03:20:14.304+0600][49.133s][info][gc,heap     ] GC(82)   Garbage:         -               630M (63%)         626M (63%)          26M (3%)             -                  -          
[2026-04-03T03:20:14.304+0600][49.133s][info][gc,heap     ] GC(82) Reclaimed:         -                  -                 4M (0%)          603M (60%)            -                  -          
[2026-04-03T03:20:14.305+0600][49.133s][info][gc          ] GC(82) Garbage Collection (Allocation Stall) 904M(90%)->438M(44%)
[2026-04-03T03:20:14.385+0600][49.214s][info][gc,start    ] GC(83) Garbage Collection (Allocation Stall)
[2026-04-03T03:20:14.385+0600][49.214s][info][gc,ref      ] GC(83) Clearing All SoftReferences
[2026-04-03T03:20:14.385+0600][49.214s][info][gc,task     ] GC(83) Using 3 workers
[2026-04-03T03:20:14.385+0600][49.214s][info][gc,ref      ] GC(83) Clearing All SoftReferences
[2026-04-03T03:20:14.385+0600][49.214s][info][gc,phases   ] GC(83) Pause Mark Start 0.051ms
[2026-04-03T03:20:15.009+0600][49.838s][info][gc,phases   ] GC(83) Concurrent Mark 623.591ms
[2026-04-03T03:20:15.009+0600][49.838s][info][gc,phases   ] GC(83) Pause Mark End 0.020ms
[2026-04-03T03:20:15.009+0600][49.838s][info][gc,phases   ] GC(83) Concurrent Mark Free 0.002ms
[2026-04-03T03:20:15.015+0600][49.844s][info][gc,phases   ] GC(83) Concurrent Process Non-Strong References 5.900ms
[2026-04-03T03:20:15.015+0600][49.844s][info][gc,phases   ] GC(83) Concurrent Reset Relocation Set 0.034ms
[2026-04-03T03:20:15.019+0600][49.848s][info][gc,phases   ] GC(83) Concurrent Select Relocation Set 3.955ms
[2026-04-03T03:20:15.020+0600][49.848s][info][gc,phases   ] GC(83) Pause Relocate Start 0.007ms
[2026-04-03T03:20:15.025+0600][49.854s][info][gc          ] Relocation Stall (Executor task launch worker for task 2.0 in stage 14.0 (TID 23)) 5.385ms
[2026-04-03T03:20:15.025+0600][49.854s][info][gc          ] Allocation Stall (Executor task launch worker for task 2.0 in stage 14.0 (TID 23)) 82.900ms
[2026-04-03T03:20:15.027+0600][49.856s][info][gc          ] Relocation Stall (Executor task launch worker for task 1.0 in stage 14.0 (TID 22)) 7.566ms
[2026-04-03T03:20:15.027+0600][49.856s][info][gc          ] Allocation Stall (Executor task launch worker for task 1.0 in stage 14.0 (TID 22)) 81.256ms
[2026-04-03T03:20:15.029+0600][49.858s][info][gc          ] Relocation Stall (Executor task launch worker for task 0.0 in stage 14.0 (TID 21)) 9.244ms
[2026-04-03T03:20:15.029+0600][49.858s][info][gc          ] Allocation Stall (Executor task launch worker for task 0.0 in stage 14.0 (TID 21)) 82.218ms
[2026-04-03T03:20:15.035+0600][49.864s][info][gc,phases   ] GC(83) Concurrent Relocate 15.618ms
[2026-04-03T03:20:15.035+0600][49.864s][info][gc,load     ] GC(83) Load: 5.59/5.16/5.51
[2026-04-03T03:20:15.035+0600][49.864s][info][gc,mmu      ] GC(83) MMU: 2ms/95.4%, 5ms/98.2%, 10ms/99.1%, 20ms/99.4%, 50ms/99.8%, 100ms/99.9%
[2026-04-03T03:20:15.035+0600][49.864s][info][gc,marking  ] GC(83) Mark: 2 stripe(s), 7 proactive flush(es), 1 terminate flush(es), 0 completion(s), 0 continuation(s) 
[2026-04-03T03:20:15.035+0600][49.864s][info][gc,marking  ] GC(83) Mark Stack Usage: 32M
[2026-04-03T03:20:15.035+0600][49.864s][info][gc,nmethod  ] GC(83) NMethods: 6705 registered, 676 unregistered
[2026-04-03T03:20:15.035+0600][49.864s][info][gc,metaspace] GC(83) Metaspace: 70M used, 72M committed, 1088M reserved
[2026-04-03T03:20:15.035+0600][49.864s][info][gc,ref      ] GC(83) Soft: 2787 encountered, 1839 discovered, 0 enqueued
[2026-04-03T03:20:15.035+0600][49.864s][info][gc,ref      ] GC(83) Weak: 5851 encountered, 558 discovered, 0 enqueued
[2026-04-03T03:20:15.035+0600][49.864s][info][gc,ref      ] GC(83) Final: 84 encountered, 18 discovered, 0 enqueued
[2026-04-03T03:20:15.035+0600][49.864s][info][gc,ref      ] GC(83) Phantom: 603 encountered, 529 discovered, 0 enqueued
[2026-04-03T03:20:15.035+0600][49.864s][info][gc,reloc    ] GC(83) Small Pages: 244 / 488M, Empty: 0M, Relocated: 12M, In-Place: 3
[2026-04-03T03:20:15.035+0600][49.864s][info][gc,reloc    ] GC(83) Medium Pages: 1 / 16M, Empty: 0M, Relocated: 0M, In-Place: 0
[2026-04-03T03:20:15.035+0600][49.864s][info][gc,reloc    ] GC(83) Large Pages: 5 / 36M, Empty: 0M, Relocated: 0M, In-Place: 0
[2026-04-03T03:20:15.035+0600][49.864s][info][gc,reloc    ] GC(83) Forwarding Usage: 9M
[2026-04-03T03:20:15.035+0600][49.864s][info][gc,heap     ] GC(83) Min Capacity: 8M(1%)
[2026-04-03T03:20:15.035+0600][49.864s][info][gc,heap     ] GC(83) Max Capacity: 1000M(100%)
[2026-04-03T03:20:15.035+0600][49.864s][info][gc,heap     ] GC(83) Soft Max Capacity: 1000M(100%)
[2026-04-03T03:20:15.035+0600][49.864s][info][gc,heap     ] GC(83)                Mark Start          Mark End        Relocate Start      Relocate End           High               Low         
[2026-04-03T03:20:15.035+0600][49.864s][info][gc,heap     ] GC(83)  Capacity:     1000M (100%)       1000M (100%)       1000M (100%)       1000M (100%)       1000M (100%)       1000M (100%)   
[2026-04-03T03:20:15.035+0600][49.864s][info][gc,heap     ] GC(83)      Free:      460M (46%)           0M (0%)            0M (0%)          220M (22%)         460M (46%)           0M (0%)     
[2026-04-03T03:20:15.035+0600][49.864s][info][gc,heap     ] GC(83)      Used:      540M (54%)        1000M (100%)       1000M (100%)        780M (78%)        1000M (100%)        540M (54%)    
[2026-04-03T03:20:15.035+0600][49.864s][info][gc,heap     ] GC(83)      Live:         -               279M (28%)         279M (28%)         279M (28%)            -                  -          
[2026-04-03T03:20:15.035+0600][49.864s][info][gc,heap     ] GC(83) Allocated:         -               460M (46%)         460M (46%)         469M (47%)            -                  -          
[2026-04-03T03:20:15.035+0600][49.864s][info][gc,heap     ] GC(83)   Garbage:         -               260M (26%)         260M (26%)          30M (3%)             -                  -          
[2026-04-03T03:20:15.035+0600][49.864s][info][gc,heap     ] GC(83) Reclaimed:         -                  -                 0M (0%)          229M (23%)            -                  -          
[2026-04-03T03:20:15.035+0600][49.864s][info][gc          ] GC(83) Garbage Collection (Allocation Stall) 540M(54%)->780M(78%)
[2026-04-03T03:20:15.085+0600][49.913s][info][gc,start    ] GC(84) Garbage Collection (Allocation Stall)
[2026-04-03T03:20:15.085+0600][49.913s][info][gc,ref      ] GC(84) Clearing All SoftReferences
[2026-04-03T03:20:15.085+0600][49.913s][info][gc,task     ] GC(84) Using 3 workers
[2026-04-03T03:20:15.085+0600][49.914s][info][gc,ref      ] GC(84) Clearing All SoftReferences
[2026-04-03T03:20:15.085+0600][49.914s][info][gc,phases   ] GC(84) Pause Mark Start 0.068ms
[2026-04-03T03:20:15.285+0600][50.114s][info][gc,stats    ] === Garbage Collection Statistics =======================================================================================================================
[2026-04-03T03:20:15.285+0600][50.114s][info][gc,stats    ]                                                              Last 10s              Last 10m              Last 10h                Total
[2026-04-03T03:20:15.285+0600][50.114s][info][gc,stats    ]                                                              Avg / Max             Avg / Max             Avg / Max             Avg / Max
[2026-04-03T03:20:15.285+0600][50.114s][info][gc,stats    ]   Collector: Garbage Collection Cycle                    499.851 / 721.878     367.900 / 988.634     367.900 / 988.634     367.900 / 988.634     ms
[2026-04-03T03:20:15.285+0600][50.114s][info][gc,stats    ]  Contention: Mark Segment Reset Contention                    12 / 27                6 / 27                6 / 27                6 / 27          ops/s
[2026-04-03T03:20:15.285+0600][50.114s][info][gc,stats    ]  Contention: Mark SeqNum Reset Contention                      0 / 1                 0 / 4                 0 / 4                 0 / 4           ops/s
[2026-04-03T03:20:15.285+0600][50.114s][info][gc,stats    ]    Critical: Allocation Stall                                  1 / 8                 1 / 8                 1 / 8                 1 / 8           ops/s
[2026-04-03T03:20:15.285+0600][50.114s][info][gc,stats    ]    Critical: Allocation Stall                            141.383 / 389.839     163.147 / 389.839     163.147 / 389.839     163.147 / 389.839     ms
[2026-04-03T03:20:15.285+0600][50.114s][info][gc,stats    ]    Critical: GC Locker Stall                                   0 / 0                 0 / 3                 0 / 3                 0 / 3           ops/s
[2026-04-03T03:20:15.285+0600][50.114s][info][gc,stats    ]    Critical: GC Locker Stall                               0.000 / 0.000         0.001 / 0.001         0.001 / 0.001         0.001 / 0.001       ms
[2026-04-03T03:20:15.285+0600][50.114s][info][gc,stats    ]    Critical: Relocation Stall                                  0 / 3                 0 / 4                 0 / 4                 0 / 4           ops/s
[2026-04-03T03:20:15.286+0600][50.114s][info][gc,stats    ]    Critical: Relocation Stall                              7.398 / 9.244         9.844 / 22.512        9.844 / 22.512        9.844 / 22.512      ms
[2026-04-03T03:20:15.286+0600][50.114s][info][gc,stats    ]      Memory: Allocation Rate                                 592 / 796             491 / 2572            491 / 2572            491 / 2572        MB/s
[2026-04-03T03:20:15.286+0600][50.114s][info][gc,stats    ]      Memory: Defragment                                       14 / 58                6 / 58                6 / 58                6 / 58          ops/s
[2026-04-03T03:20:15.286+0600][50.114s][info][gc,stats    ]      Memory: Out Of Memory                                     0 / 0                 0 / 0                 0 / 0                 0 / 0           ops/s
[2026-04-03T03:20:15.286+0600][50.114s][info][gc,stats    ]      Memory: Page Cache Flush                                 59 / 126              26 / 126              26 / 126              26 / 126         MB/s
[2026-04-03T03:20:15.286+0600][50.114s][info][gc,stats    ]      Memory: Page Cache Hit L1                               276 / 366             232 / 1314            232 / 1314            232 / 1314        ops/s
[2026-04-03T03:20:15.286+0600][50.114s][info][gc,stats    ]      Memory: Page Cache Hit L2                                 0 / 0                 0 / 0                 0 / 0                 0 / 0           ops/s
[2026-04-03T03:20:15.286+0600][50.114s][info][gc,stats    ]      Memory: Page Cache Hit L3                                11 / 40                7 / 64                7 / 64                7 / 64          ops/s
[2026-04-03T03:20:15.286+0600][50.114s][info][gc,stats    ]      Memory: Page Cache Miss                                   3 / 14                7 / 142               7 / 142               7 / 142         ops/s
[2026-04-03T03:20:15.286+0600][50.114s][info][gc,stats    ]      Memory: Uncommit                                          0 / 0                 0 / 0                 0 / 0                 0 / 0           MB/s
[2026-04-03T03:20:15.286+0600][50.114s][info][gc,stats    ]      Memory: Undo Object Allocation Failed                     0 / 0                 0 / 0                 0 / 0                 0 / 0           ops/s
[2026-04-03T03:20:15.286+0600][50.114s][info][gc,stats    ]      Memory: Undo Object Allocation Succeeded                  1 / 5                40 / 1977             40 / 1977             40 / 1977        ops/s
[2026-04-03T03:20:15.286+0600][50.114s][info][gc,stats    ]      Memory: Undo Page Allocation                              0 / 1                 0 / 2                 0 / 2                 0 / 2           ops/s
[2026-04-03T03:20:15.286+0600][50.114s][info][gc,stats    ]       Phase: Concurrent Mark                             440.856 / 640.333     327.407 / 978.999     327.407 / 978.999     327.407 / 978.999     ms
[2026-04-03T03:20:15.286+0600][50.114s][info][gc,stats    ]       Phase: Concurrent Mark Continue                      0.000 / 0.000         0.000 / 0.000         0.000 / 0.000         0.000 / 0.000       ms
[2026-04-03T03:20:15.286+0600][50.114s][info][gc,stats    ]       Phase: Concurrent Mark Free                          0.003 / 0.006         0.002 / 0.007         0.002 / 0.007         0.002 / 0.007       ms
[2026-04-03T03:20:15.286+0600][50.114s][info][gc,stats    ]       Phase: Concurrent Process Non-Strong References     10.051 / 29.081        8.607 / 29.081        8.607 / 29.081        8.607 / 29.081      ms
[2026-04-03T03:20:15.286+0600][50.114s][info][gc,stats    ]       Phase: Concurrent Relocate                          38.685 / 139.864      23.965 / 139.864      23.965 / 139.864      23.965 / 139.864     ms
[2026-04-03T03:20:15.286+0600][50.114s][info][gc,stats    ]       Phase: Concurrent Reset Relocation Set               0.018 / 0.040         0.014 / 0.051         0.014 / 0.051         0.014 / 0.051       ms
[2026-04-03T03:20:15.286+0600][50.114s][info][gc,stats    ]       Phase: Concurrent Select Relocation Set              8.506 / 32.379        6.220 / 32.379        6.220 / 32.379        6.220 / 32.379      ms
[2026-04-03T03:20:15.286+0600][50.114s][info][gc,stats    ]       Phase: Pause Mark End                                0.031 / 0.054         0.028 / 0.058         0.028 / 0.058         0.028 / 0.058       ms
[2026-04-03T03:20:15.286+0600][50.115s][info][gc,stats    ]       Phase: Pause Mark Start                              0.026 / 0.078         0.026 / 0.085         0.026 / 0.085         0.026 / 0.085       ms
[2026-04-03T03:20:15.286+0600][50.115s][info][gc,stats    ]       Phase: Pause Relocate Start                          0.020 / 0.046         0.018 / 0.092         0.018 / 0.092         0.018 / 0.092       ms
[2026-04-03T03:20:15.286+0600][50.115s][info][gc,stats    ]    Subphase: Concurrent Classes Purge                      0.091 / 0.466         0.110 / 0.640         0.110 / 0.640         0.110 / 0.640       ms
[2026-04-03T03:20:15.286+0600][50.115s][info][gc,stats    ]    Subphase: Concurrent Classes Unlink                     7.934 / 25.921        6.723 / 25.921        6.723 / 25.921        6.723 / 25.921      ms
[2026-04-03T03:20:15.286+0600][50.115s][info][gc,stats    ]    Subphase: Concurrent Mark                             439.494 / 638.990     338.650 / 978.365     338.650 / 978.365     338.650 / 978.365     ms
[2026-04-03T03:20:15.286+0600][50.115s][info][gc,stats    ]    Subphase: Concurrent Mark Try Flush                     0.302 / 2.370         0.239 / 4.637         0.239 / 4.637         0.239 / 4.637       ms
[2026-04-03T03:20:15.286+0600][50.115s][info][gc,stats    ]    Subphase: Concurrent Mark Try Terminate                 0.879 / 1.219         1.072 / 1.450         1.072 / 1.450         1.072 / 1.450       ms
[2026-04-03T03:20:15.286+0600][50.115s][info][gc,stats    ]    Subphase: Concurrent References Enqueue                 0.006 / 0.013         0.004 / 0.015         0.004 / 0.015         0.004 / 0.015       ms
[2026-04-03T03:20:15.286+0600][50.115s][info][gc,stats    ]    Subphase: Concurrent References Process                 0.498 / 0.821         0.454 / 1.197         0.454 / 1.197         0.454 / 1.197       ms
[2026-04-03T03:20:15.286+0600][50.115s][info][gc,stats    ]    Subphase: Concurrent Roots ClassLoaderDataGraph         0.261 / 0.711         0.245 / 0.814         0.245 / 0.814         0.245 / 0.814       ms
[2026-04-03T03:20:15.286+0600][50.115s][info][gc,stats    ]    Subphase: Concurrent Roots CodeCache                    0.000 / 0.000         0.000 / 0.000         0.000 / 0.000         0.000 / 0.000       ms
[2026-04-03T03:20:15.286+0600][50.115s][info][gc,stats    ]    Subphase: Concurrent Roots JavaThreads                  0.484 / 0.832         0.425 / 2.262         0.425 / 2.262         0.425 / 2.262       ms
[2026-04-03T03:20:15.286+0600][50.115s][info][gc,stats    ]    Subphase: Concurrent Roots OopStorageSet                0.053 / 0.110         0.046 / 0.262         0.046 / 0.262         0.046 / 0.262       ms
[2026-04-03T03:20:15.286+0600][50.115s][info][gc,stats    ]    Subphase: Concurrent Weak Roots OopStorageSet           0.914 / 1.850         0.782 / 1.963         0.782 / 1.963         0.782 / 1.963       ms
[2026-04-03T03:20:15.286+0600][50.115s][info][gc,stats    ]    Subphase: Pause Mark Try Complete                       0.000 / 0.000         0.000 / 0.000         0.000 / 0.000         0.000 / 0.000       ms
[2026-04-03T03:20:15.286+0600][50.115s][info][gc,stats    ]      System: Java Threads                                    120 / 135              78 / 135              78 / 135              78 / 135         threads
[2026-04-03T03:20:15.286+0600][50.115s][info][gc,stats    ] =========================================================================================================================================================
[2026-04-03T03:20:15.627+0600][50.455s][info][gc,phases   ] GC(84) Concurrent Mark 541.512ms
[2026-04-03T03:20:15.627+0600][50.456s][info][gc,phases   ] GC(84) Pause Mark End 0.026ms
[2026-04-03T03:20:15.627+0600][50.456s][info][gc,phases   ] GC(84) Concurrent Mark Free 0.001ms
[2026-04-03T03:20:15.633+0600][50.462s][info][gc,phases   ] GC(84) Concurrent Process Non-Strong References 6.182ms
[2026-04-03T03:20:15.633+0600][50.462s][info][gc,phases   ] GC(84) Concurrent Reset Relocation Set 0.016ms
[2026-04-03T03:20:15.636+0600][50.465s][info][gc          ] Allocation Stall (Executor task launch worker for task 2.0 in stage 14.0 (TID 23)) 287.406ms
[2026-04-03T03:20:15.636+0600][50.465s][info][gc          ] Allocation Stall (Executor task launch worker for task 1.0 in stage 14.0 (TID 22)) 285.546ms
[2026-04-03T03:20:15.636+0600][50.465s][info][gc          ] Allocation Stall (Executor task launch worker for task 0.0 in stage 14.0 (TID 21)) 290.938ms
[2026-04-03T03:20:15.641+0600][50.469s][info][gc,phases   ] GC(84) Concurrent Select Relocation Set 7.352ms
[2026-04-03T03:20:15.641+0600][50.470s][info][gc,phases   ] GC(84) Pause Relocate Start 0.017ms
[2026-04-03T03:20:15.685+0600][50.513s][info][gc,phases   ] GC(84) Concurrent Relocate 43.461ms
[2026-04-03T03:20:15.685+0600][50.513s][info][gc,load     ] GC(84) Load: 5.38/5.13/5.49
[2026-04-03T03:20:15.685+0600][50.514s][info][gc,mmu      ] GC(84) MMU: 2ms/95.4%, 5ms/98.2%, 10ms/99.1%, 20ms/99.4%, 50ms/99.8%, 100ms/99.9%
[2026-04-03T03:20:15.685+0600][50.514s][info][gc,marking  ] GC(84) Mark: 2 stripe(s), 10 proactive flush(es), 1 terminate flush(es), 0 completion(s), 0 continuation(s) 
[2026-04-03T03:20:15.685+0600][50.514s][info][gc,marking  ] GC(84) Mark Stack Usage: 32M
[2026-04-03T03:20:15.685+0600][50.514s][info][gc,nmethod  ] GC(84) NMethods: 6706 registered, 676 unregistered
[2026-04-03T03:20:15.685+0600][50.514s][info][gc,metaspace] GC(84) Metaspace: 70M used, 72M committed, 1088M reserved
[2026-04-03T03:20:15.685+0600][50.514s][info][gc,ref      ] GC(84) Soft: 2787 encountered, 1773 discovered, 0 enqueued
[2026-04-03T03:20:15.685+0600][50.514s][info][gc,ref      ] GC(84) Weak: 5851 encountered, 1515 discovered, 0 enqueued
[2026-04-03T03:20:15.685+0600][50.514s][info][gc,ref      ] GC(84) Final: 84 encountered, 2 discovered, 0 enqueued
[2026-04-03T03:20:15.685+0600][50.514s][info][gc,ref      ] GC(84) Phantom: 603 encountered, 551 discovered, 0 enqueued
[2026-04-03T03:20:15.685+0600][50.514s][info][gc,reloc    ] GC(84) Small Pages: 386 / 772M, Empty: 0M, Relocated: 22M, In-Place: 2
[2026-04-03T03:20:15.685+0600][50.514s][info][gc,reloc    ] GC(84) Medium Pages: 1 / 16M, Empty: 0M, Relocated: 0M, In-Place: 0
[2026-04-03T03:20:15.685+0600][50.514s][info][gc,reloc    ] GC(84) Large Pages: 7 / 64M, Empty: 6M, Relocated: 0M, In-Place: 0
[2026-04-03T03:20:15.685+0600][50.514s][info][gc,reloc    ] GC(84) Forwarding Usage: 21M
[2026-04-03T03:20:15.685+0600][50.514s][info][gc,heap     ] GC(84) Min Capacity: 8M(1%)
[2026-04-03T03:20:15.685+0600][50.514s][info][gc,heap     ] GC(84) Max Capacity: 1000M(100%)
[2026-04-03T03:20:15.685+0600][50.514s][info][gc,heap     ] GC(84) Soft Max Capacity: 1000M(100%)
[2026-04-03T03:20:15.685+0600][50.514s][info][gc,heap     ] GC(84)                Mark Start          Mark End        Relocate Start      Relocate End           High               Low         
[2026-04-03T03:20:15.685+0600][50.514s][info][gc,heap     ] GC(84)  Capacity:     1000M (100%)       1000M (100%)       1000M (100%)       1000M (100%)       1000M (100%)       1000M (100%)   
[2026-04-03T03:20:15.685+0600][50.514s][info][gc,heap     ] GC(84)      Free:      148M (15%)           0M (0%)            0M (0%)          460M (46%)         466M (47%)           0M (0%)     
[2026-04-03T03:20:15.685+0600][50.514s][info][gc,heap     ] GC(84)      Used:      852M (85%)        1000M (100%)       1000M (100%)        540M (54%)        1000M (100%)        534M (53%)    
[2026-04-03T03:20:15.685+0600][50.514s][info][gc,heap     ] GC(84)      Live:         -               315M (32%)         315M (32%)         315M (32%)            -                  -          
[2026-04-03T03:20:15.685+0600][50.514s][info][gc,heap     ] GC(84) Allocated:         -               148M (15%)         154M (15%)         191M (19%)            -                  -          
[2026-04-03T03:20:15.685+0600][50.514s][info][gc,heap     ] GC(84)   Garbage:         -               536M (54%)         530M (53%)          33M (3%)             -                  -          
[2026-04-03T03:20:15.685+0600][50.514s][info][gc,heap     ] GC(84) Reclaimed:         -                  -                 6M (1%)          503M (50%)            -                  -          
[2026-04-03T03:20:15.685+0600][50.514s][info][gc          ] GC(84) Garbage Collection (Allocation Stall) 852M(85%)->540M(54%)
[2026-04-03T03:20:15.785+0600][50.614s][info][gc,start    ] GC(85) Garbage Collection (Allocation Stall)
[2026-04-03T03:20:15.785+0600][50.614s][info][gc,ref      ] GC(85) Clearing All SoftReferences
[2026-04-03T03:20:15.785+0600][50.614s][info][gc,task     ] GC(85) Using 3 workers
[2026-04-03T03:20:15.786+0600][50.614s][info][gc,ref      ] GC(85) Clearing All SoftReferences
[2026-04-03T03:20:15.786+0600][50.615s][info][gc,phases   ] GC(85) Pause Mark Start 0.110ms
[2026-04-03T03:20:16.403+0600][51.232s][info][gc,phases   ] GC(85) Concurrent Mark 616.967ms
[2026-04-03T03:20:16.403+0600][51.232s][info][gc,phases   ] GC(85) Pause Mark End 0.022ms
[2026-04-03T03:20:16.403+0600][51.232s][info][gc,phases   ] GC(85) Concurrent Mark Free 0.002ms
[2026-04-03T03:20:16.410+0600][51.239s][info][gc,phases   ] GC(85) Concurrent Process Non-Strong References 6.407ms
[2026-04-03T03:20:16.410+0600][51.239s][info][gc,phases   ] GC(85) Concurrent Reset Relocation Set 0.029ms
[2026-04-03T03:20:16.413+0600][51.242s][info][gc          ] Allocation Stall (Executor task launch worker for task 2.0 in stage 14.0 (TID 23)) 279.521ms
[2026-04-03T03:20:16.413+0600][51.242s][info][gc          ] Allocation Stall (RemoteBlock-temp-file-clean-thread) 148.279ms
[2026-04-03T03:20:16.413+0600][51.242s][info][gc          ] Allocation Stall (Executor task launch worker for task 1.0 in stage 14.0 (TID 22)) 277.545ms
[2026-04-03T03:20:16.413+0600][51.242s][info][gc          ] Allocation Stall (Executor task launch worker for task 0.0 in stage 14.0 (TID 21)) 274.868ms
[2026-04-03T03:20:16.415+0600][51.243s][info][gc,phases   ] GC(85) Concurrent Select Relocation Set 4.809ms
[2026-04-03T03:20:16.417+0600][51.246s][info][gc,phases   ] GC(85) Pause Relocate Start 0.012ms
[2026-04-03T03:20:16.438+0600][51.267s][info][gc,phases   ] GC(85) Concurrent Relocate 21.007ms
[2026-04-03T03:20:16.438+0600][51.267s][info][gc,load     ] GC(85) Load: 5.38/5.13/5.49
[2026-04-03T03:20:16.438+0600][51.267s][info][gc,mmu      ] GC(85) MMU: 2ms/94.5%, 5ms/97.8%, 10ms/98.9%, 20ms/99.4%, 50ms/99.8%, 100ms/99.9%
[2026-04-03T03:20:16.438+0600][51.267s][info][gc,marking  ] GC(85) Mark: 2 stripe(s), 2 proactive flush(es), 1 terminate flush(es), 0 completion(s), 0 continuation(s) 
[2026-04-03T03:20:16.438+0600][51.267s][info][gc,marking  ] GC(85) Mark Stack Usage: 32M
[2026-04-03T03:20:16.438+0600][51.267s][info][gc,nmethod  ] GC(85) NMethods: 6712 registered, 676 unregistered
[2026-04-03T03:20:16.438+0600][51.267s][info][gc,metaspace] GC(85) Metaspace: 70M used, 72M committed, 1088M reserved
[2026-04-03T03:20:16.438+0600][51.267s][info][gc,ref      ] GC(85) Soft: 2787 encountered, 348 discovered, 0 enqueued
[2026-04-03T03:20:16.438+0600][51.267s][info][gc,ref      ] GC(85) Weak: 5851 encountered, 1794 discovered, 0 enqueued
[2026-04-03T03:20:16.438+0600][51.267s][info][gc,ref      ] GC(85) Final: 84 encountered, 18 discovered, 0 enqueued
[2026-04-03T03:20:16.439+0600][51.267s][info][gc,ref      ] GC(85) Phantom: 601 encountered, 526 discovered, 0 enqueued
[2026-04-03T03:20:16.439+0600][51.267s][info][gc,reloc    ] GC(85) Small Pages: 287 / 574M, Empty: 0M, Relocated: 11M, In-Place: 0
[2026-04-03T03:20:16.439+0600][51.267s][info][gc,reloc    ] GC(85) Medium Pages: 1 / 16M, Empty: 0M, Relocated: 0M, In-Place: 0
[2026-04-03T03:20:16.439+0600][51.267s][info][gc,reloc    ] GC(85) Large Pages: 7 / 76M, Empty: 20M, Relocated: 0M, In-Place: 0
[2026-04-03T03:20:16.439+0600][51.267s][info][gc,reloc    ] GC(85) Forwarding Usage: 10M
[2026-04-03T03:20:16.439+0600][51.267s][info][gc,heap     ] GC(85) Min Capacity: 8M(1%)
[2026-04-03T03:20:16.439+0600][51.267s][info][gc,heap     ] GC(85) Max Capacity: 1000M(100%)
[2026-04-03T03:20:16.439+0600][51.267s][info][gc,heap     ] GC(85) Soft Max Capacity: 1000M(100%)
[2026-04-03T03:20:16.439+0600][51.267s][info][gc,heap     ] GC(85)                Mark Start          Mark End        Relocate Start      Relocate End           High               Low         
[2026-04-03T03:20:16.439+0600][51.267s][info][gc,heap     ] GC(85)  Capacity:     1000M (100%)       1000M (100%)       1000M (100%)       1000M (100%)       1000M (100%)       1000M (100%)   
[2026-04-03T03:20:16.439+0600][51.267s][info][gc,heap     ] GC(85)      Free:      334M (33%)           0M (0%)           12M (1%)          286M (29%)         334M (33%)           0M (0%)     
[2026-04-03T03:20:16.439+0600][51.267s][info][gc,heap     ] GC(85)      Used:      666M (67%)        1000M (100%)        988M (99%)         714M (71%)        1000M (100%)        666M (67%)    
[2026-04-03T03:20:16.439+0600][51.267s][info][gc,heap     ] GC(85)      Live:         -               320M (32%)         320M (32%)         320M (32%)            -                  -          
[2026-04-03T03:20:16.439+0600][51.267s][info][gc,heap     ] GC(85) Allocated:         -               334M (33%)         342M (34%)         355M (36%)            -                  -          
[2026-04-03T03:20:16.439+0600][51.267s][info][gc,heap     ] GC(85)   Garbage:         -               345M (35%)         325M (33%)          37M (4%)             -                  -          
[2026-04-03T03:20:16.439+0600][51.267s][info][gc,heap     ] GC(85) Reclaimed:         -                  -                20M (2%)          307M (31%)            -                  -          
[2026-04-03T03:20:16.439+0600][51.267s][info][gc          ] GC(85) Garbage Collection (Allocation Stall) 666M(67%)->714M(71%)
[2026-04-03T03:20:16.485+0600][51.314s][info][gc,start    ] GC(86) Garbage Collection (Allocation Stall)
[2026-04-03T03:20:16.485+0600][51.314s][info][gc,ref      ] GC(86) Clearing All SoftReferences
[2026-04-03T03:20:16.485+0600][51.314s][info][gc,task     ] GC(86) Using 3 workers
[2026-04-03T03:20:16.486+0600][51.314s][info][gc,ref      ] GC(86) Clearing All SoftReferences
[2026-04-03T03:20:16.486+0600][51.315s][info][gc,phases   ] GC(86) Pause Mark Start 0.109ms
[2026-04-03T03:20:17.243+0600][52.072s][info][gc,phases   ] GC(86) Concurrent Mark 757.439ms
[2026-04-03T03:20:17.244+0600][52.072s][info][gc,phases   ] GC(86) Pause Mark End 0.097ms
[2026-04-03T03:20:17.244+0600][52.073s][info][gc,phases   ] GC(86) Concurrent Mark Free 0.005ms
[2026-04-03T03:20:17.254+0600][52.083s][info][gc,phases   ] GC(86) Concurrent Process Non-Strong References 9.813ms
[2026-04-03T03:20:17.254+0600][52.083s][info][gc,phases   ] GC(86) Concurrent Reset Relocation Set 0.021ms
[2026-04-03T03:20:17.261+0600][52.090s][info][gc,phases   ] GC(86) Concurrent Select Relocation Set 6.983ms
[2026-04-03T03:20:17.261+0600][52.090s][info][gc,phases   ] GC(86) Pause Relocate Start 0.019ms
[2026-04-03T03:20:17.296+0600][52.124s][info][gc,phases   ] GC(86) Concurrent Relocate 34.176ms
[2026-04-03T03:20:17.296+0600][52.125s][info][gc,load     ] GC(86) Load: 5.38/5.13/5.49
[2026-04-03T03:20:17.296+0600][52.125s][info][gc,mmu      ] GC(86) MMU: 2ms/94.5%, 5ms/97.8%, 10ms/98.9%, 20ms/99.4%, 50ms/99.8%, 100ms/99.9%
[2026-04-03T03:20:17.296+0600][52.125s][info][gc,marking  ] GC(86) Mark: 2 stripe(s), 2 proactive flush(es), 1 terminate flush(es), 0 completion(s), 0 continuation(s) 
[2026-04-03T03:20:17.296+0600][52.125s][info][gc,marking  ] GC(86) Mark Stack Usage: 32M
[2026-04-03T03:20:17.296+0600][52.125s][info][gc,nmethod  ] GC(86) NMethods: 6748 registered, 676 unregistered
[2026-04-03T03:20:17.296+0600][52.125s][info][gc,metaspace] GC(86) Metaspace: 70M used, 72M committed, 1088M reserved
[2026-04-03T03:20:17.296+0600][52.125s][info][gc,ref      ] GC(86) Soft: 2787 encountered, 347 discovered, 0 enqueued
[2026-04-03T03:20:17.296+0600][52.125s][info][gc,ref      ] GC(86) Weak: 5851 encountered, 3767 discovered, 0 enqueued
[2026-04-03T03:20:17.296+0600][52.125s][info][gc,ref      ] GC(86) Final: 84 encountered, 2 discovered, 0 enqueued
[2026-04-03T03:20:17.296+0600][52.125s][info][gc,ref      ] GC(86) Phantom: 600 encountered, 545 discovered, 0 enqueued
[2026-04-03T03:20:17.296+0600][52.125s][info][gc,reloc    ] GC(86) Small Pages: 338 / 676M, Empty: 0M, Relocated: 13M, In-Place: 0
[2026-04-03T03:20:17.296+0600][52.125s][info][gc,reloc    ] GC(86) Medium Pages: 1 / 16M, Empty: 0M, Relocated: 0M, In-Place: 0
[2026-04-03T03:20:17.296+0600][52.125s][info][gc,reloc    ] GC(86) Large Pages: 5 / 56M, Empty: 0M, Relocated: 0M, In-Place: 0
[2026-04-03T03:20:17.296+0600][52.125s][info][gc,reloc    ] GC(86) Forwarding Usage: 12M
[2026-04-03T03:20:17.296+0600][52.125s][info][gc,heap     ] GC(86) Min Capacity: 8M(1%)
[2026-04-03T03:20:17.296+0600][52.125s][info][gc,heap     ] GC(86) Max Capacity: 1000M(100%)
[2026-04-03T03:20:17.296+0600][52.125s][info][gc,heap     ] GC(86) Soft Max Capacity: 1000M(100%)
[2026-04-03T03:20:17.296+0600][52.125s][info][gc,heap     ] GC(86)                Mark Start          Mark End        Relocate Start      Relocate End           High               Low         
[2026-04-03T03:20:17.296+0600][52.125s][info][gc,heap     ] GC(86)  Capacity:     1000M (100%)       1000M (100%)       1000M (100%)       1000M (100%)       1000M (100%)       1000M (100%)   
[2026-04-03T03:20:17.296+0600][52.125s][info][gc,heap     ] GC(86)      Free:      252M (25%)          54M (5%)           44M (4%)          408M (41%)         408M (41%)          40M (4%)     
[2026-04-03T03:20:17.296+0600][52.125s][info][gc,heap     ] GC(86)      Used:      748M (75%)         946M (95%)         956M (96%)         592M (59%)         960M (96%)         592M (59%)    
[2026-04-03T03:20:17.296+0600][52.125s][info][gc,heap     ] GC(86)      Live:         -               329M (33%)         329M (33%)         329M (33%)            -                  -          
[2026-04-03T03:20:17.296+0600][52.125s][info][gc,heap     ] GC(86) Allocated:         -               198M (20%)         208M (21%)         223M (22%)            -                  -          
[2026-04-03T03:20:17.296+0600][52.125s][info][gc,heap     ] GC(86)   Garbage:         -               418M (42%)         418M (42%)          39M (4%)             -                  -          
[2026-04-03T03:20:17.296+0600][52.125s][info][gc,heap     ] GC(86) Reclaimed:         -                  -                 0M (0%)          379M (38%)            -                  -          
[2026-04-03T03:20:17.296+0600][52.125s][info][gc          ] GC(86) Garbage Collection (Allocation Stall) 748M(75%)->592M(59%)
[2026-04-03T03:20:17.385+0600][52.214s][info][gc,start    ] GC(87) Garbage Collection (Allocation Rate)
[2026-04-03T03:20:17.385+0600][52.214s][info][gc,task     ] GC(87) Using 3 workers
[2026-04-03T03:20:17.385+0600][52.214s][info][gc,phases   ] GC(87) Pause Mark Start 0.008ms
[2026-04-03T03:20:17.785+0600][52.613s][info][gc,phases   ] GC(87) Concurrent Mark 399.430ms
[2026-04-03T03:20:17.785+0600][52.614s][info][gc,phases   ] GC(87) Pause Mark End 0.028ms
[2026-04-03T03:20:17.785+0600][52.614s][info][gc,phases   ] GC(87) Concurrent Mark Free 0.001ms
[2026-04-03T03:20:17.793+0600][52.621s][info][gc,phases   ] GC(87) Concurrent Process Non-Strong References 7.474ms
[2026-04-03T03:20:17.793+0600][52.621s][info][gc,phases   ] GC(87) Concurrent Reset Relocation Set 0.025ms
[2026-04-03T03:20:17.801+0600][52.630s][info][gc,phases   ] GC(87) Concurrent Select Relocation Set 8.345ms
[2026-04-03T03:20:17.801+0600][52.630s][info][gc,phases   ] GC(87) Pause Relocate Start 0.014ms
[2026-04-03T03:20:17.836+0600][52.664s][info][gc,phases   ] GC(87) Concurrent Relocate 34.042ms
[2026-04-03T03:20:17.836+0600][52.664s][info][gc,load     ] GC(87) Load: 5.38/5.13/5.49
[2026-04-03T03:20:17.836+0600][52.664s][info][gc,mmu      ] GC(87) MMU: 2ms/94.5%, 5ms/97.8%, 10ms/98.9%, 20ms/99.4%, 50ms/99.8%, 100ms/99.9%
[2026-04-03T03:20:17.836+0600][52.664s][info][gc,marking  ] GC(87) Mark: 2 stripe(s), 2 proactive flush(es), 1 terminate flush(es), 0 completion(s), 0 continuation(s) 
[2026-04-03T03:20:17.836+0600][52.664s][info][gc,marking  ] GC(87) Mark Stack Usage: 32M
[2026-04-03T03:20:17.836+0600][52.664s][info][gc,nmethod  ] GC(87) NMethods: 6753 registered, 682 unregistered
[2026-04-03T03:20:17.836+0600][52.664s][info][gc,metaspace] GC(87) Metaspace: 70M used, 72M committed, 1088M reserved
[2026-04-03T03:20:17.836+0600][52.664s][info][gc,ref      ] GC(87) Soft: 2941 encountered, 0 discovered, 0 enqueued
[2026-04-03T03:20:17.836+0600][52.664s][info][gc,ref      ] GC(87) Weak: 6048 encountered, 2431 discovered, 172 enqueued
[2026-04-03T03:20:17.836+0600][52.664s][info][gc,ref      ] GC(87) Final: 84 encountered, 18 discovered, 0 enqueued
[2026-04-03T03:20:17.836+0600][52.664s][info][gc,ref      ] GC(87) Phantom: 600 encountered, 286 discovered, 0 enqueued
[2026-04-03T03:20:17.836+0600][52.664s][info][gc,reloc    ] GC(87) Small Pages: 264 / 528M, Empty: 40M, Relocated: 33M, In-Place: 0
[2026-04-03T03:20:17.836+0600][52.664s][info][gc,reloc    ] GC(87) Medium Pages: 2 / 32M, Empty: 16M, Relocated: 0M, In-Place: 0
[2026-04-03T03:20:17.836+0600][52.664s][info][gc,reloc    ] GC(87) Large Pages: 10 / 90M, Empty: 62M, Relocated: 0M, In-Place: 0
[2026-04-03T03:20:17.836+0600][52.664s][info][gc,reloc    ] GC(87) Forwarding Usage: 25M
[2026-04-03T03:20:17.836+0600][52.664s][info][gc,heap     ] GC(87) Min Capacity: 8M(1%)
[2026-04-03T03:20:17.836+0600][52.665s][info][gc,heap     ] GC(87) Max Capacity: 1000M(100%)
[2026-04-03T03:20:17.836+0600][52.665s][info][gc,heap     ] GC(87) Soft Max Capacity: 1000M(100%)
[2026-04-03T03:20:17.836+0600][52.665s][info][gc,heap     ] GC(87)                Mark Start          Mark End        Relocate Start      Relocate End           High               Low         
[2026-04-03T03:20:17.836+0600][52.665s][info][gc,heap     ] GC(87)  Capacity:     1000M (100%)       1000M (100%)       1000M (100%)       1000M (100%)       1000M (100%)       1000M (100%)   
[2026-04-03T03:20:17.836+0600][52.665s][info][gc,heap     ] GC(87)      Free:      350M (35%)         298M (30%)         416M (42%)         670M (67%)         670M (67%)         298M (30%)    
[2026-04-03T03:20:17.836+0600][52.665s][info][gc,heap     ] GC(87)      Used:      650M (65%)         702M (70%)         584M (58%)         330M (33%)         702M (70%)         330M (33%)    
[2026-04-03T03:20:17.836+0600][52.665s][info][gc,heap     ] GC(87)      Live:         -               251M (25%)         251M (25%)         251M (25%)            -                  -          
[2026-04-03T03:20:17.836+0600][52.665s][info][gc,heap     ] GC(87) Allocated:         -                52M (5%)           52M (5%)           51M (5%)             -                  -          
[2026-04-03T03:20:17.836+0600][52.665s][info][gc,heap     ] GC(87)   Garbage:         -               398M (40%)         280M (28%)          26M (3%)             -                  -          
[2026-04-03T03:20:17.836+0600][52.665s][info][gc,heap     ] GC(87) Reclaimed:         -                  -               118M (12%)         371M (37%)            -                  -          
[2026-04-03T03:20:17.836+0600][52.665s][info][gc          ] GC(87) Garbage Collection (Allocation Rate) 650M(65%)->330M(33%)
[2026-04-03T03:20:18.285+0600][53.114s][info][gc,start    ] GC(88) Garbage Collection (Allocation Rate)
[2026-04-03T03:20:18.285+0600][53.114s][info][gc,task     ] GC(88) Using 3 workers
[2026-04-03T03:20:18.286+0600][53.114s][info][gc,phases   ] GC(88) Pause Mark Start 0.017ms
[2026-04-03T03:20:18.691+0600][53.520s][info][gc,phases   ] GC(88) Concurrent Mark 405.786ms
[2026-04-03T03:20:18.692+0600][53.521s][info][gc,phases   ] GC(88) Pause Mark End 0.048ms
[2026-04-03T03:20:18.692+0600][53.521s][info][gc,phases   ] GC(88) Concurrent Mark Free 0.004ms
[2026-04-03T03:20:18.718+0600][53.547s][info][gc,phases   ] GC(88) Concurrent Process Non-Strong References 26.132ms
[2026-04-03T03:20:18.718+0600][53.547s][info][gc,phases   ] GC(88) Concurrent Reset Relocation Set 0.039ms
[2026-04-03T03:20:18.726+0600][53.555s][info][gc,phases   ] GC(88) Concurrent Select Relocation Set 7.830ms
[2026-04-03T03:20:18.727+0600][53.555s][info][gc,phases   ] GC(88) Pause Relocate Start 0.020ms
[2026-04-03T03:20:18.765+0600][53.594s][info][gc,phases   ] GC(88) Concurrent Relocate 38.610ms
[2026-04-03T03:20:18.766+0600][53.594s][info][gc,load     ] GC(88) Load: 5.38/5.13/5.49
[2026-04-03T03:20:18.766+0600][53.594s][info][gc,mmu      ] GC(88) MMU: 2ms/94.5%, 5ms/97.8%, 10ms/98.9%, 20ms/99.4%, 50ms/99.8%, 100ms/99.9%
[2026-04-03T03:20:18.766+0600][53.594s][info][gc,marking  ] GC(88) Mark: 2 stripe(s), 10 proactive flush(es), 1 terminate flush(es), 0 completion(s), 0 continuation(s) 
[2026-04-03T03:20:18.766+0600][53.594s][info][gc,marking  ] GC(88) Mark Stack Usage: 32M
[2026-04-03T03:20:18.766+0600][53.594s][info][gc,nmethod  ] GC(88) NMethods: 6827 registered, 697 unregistered
[2026-04-03T03:20:18.766+0600][53.594s][info][gc,metaspace] GC(88) Metaspace: 71M used, 72M committed, 1088M reserved
[2026-04-03T03:20:18.766+0600][53.594s][info][gc,ref      ] GC(88) Soft: 3249 encountered, 0 discovered, 0 enqueued
[2026-04-03T03:20:18.766+0600][53.594s][info][gc,ref      ] GC(88) Weak: 6581 encountered, 1362 discovered, 167 enqueued
[2026-04-03T03:20:18.766+0600][53.594s][info][gc,ref      ] GC(88) Final: 84 encountered, 2 discovered, 0 enqueued
[2026-04-03T03:20:18.766+0600][53.594s][info][gc,ref      ] GC(88) Phantom: 601 encountered, 442 discovered, 0 enqueued
[2026-04-03T03:20:18.766+0600][53.594s][info][gc,reloc    ] GC(88) Small Pages: 198 / 396M, Empty: 80M, Relocated: 20M, In-Place: 0
[2026-04-03T03:20:18.766+0600][53.594s][info][gc,reloc    ] GC(88) Medium Pages: 2 / 32M, Empty: 16M, Relocated: 0M, In-Place: 0
[2026-04-03T03:20:18.766+0600][53.594s][info][gc,reloc    ] GC(88) Large Pages: 12 / 72M, Empty: 50M, Relocated: 0M, In-Place: 0
[2026-04-03T03:20:18.766+0600][53.594s][info][gc,reloc    ] GC(88) Forwarding Usage: 19M
[2026-04-03T03:20:18.766+0600][53.594s][info][gc,heap     ] GC(88) Min Capacity: 8M(1%)
[2026-04-03T03:20:18.766+0600][53.594s][info][gc,heap     ] GC(88) Max Capacity: 1000M(100%)
[2026-04-03T03:20:18.766+0600][53.595s][info][gc,heap     ] GC(88) Soft Max Capacity: 1000M(100%)
[2026-04-03T03:20:18.766+0600][53.595s][info][gc,heap     ] GC(88)                Mark Start          Mark End        Relocate Start      Relocate End           High               Low         
[2026-04-03T03:20:18.766+0600][53.595s][info][gc,heap     ] GC(88)  Capacity:     1000M (100%)       1000M (100%)       1000M (100%)       1000M (100%)       1000M (100%)       1000M (100%)   
[2026-04-03T03:20:18.766+0600][53.595s][info][gc,heap     ] GC(88)      Free:      500M (50%)         208M (21%)         308M (31%)         416M (42%)         500M (50%)         162M (16%)    
[2026-04-03T03:20:18.766+0600][53.595s][info][gc,heap     ] GC(88)      Used:      500M (50%)         792M (79%)         692M (69%)         584M (58%)         838M (84%)         500M (50%)    
[2026-04-03T03:20:18.766+0600][53.595s][info][gc,heap     ] GC(88)      Live:         -               204M (20%)         204M (20%)         204M (20%)            -                  -          
[2026-04-03T03:20:18.766+0600][53.595s][info][gc,heap     ] GC(88) Allocated:         -               292M (29%)         338M (34%)         359M (36%)            -                  -          
[2026-04-03T03:20:18.766+0600][53.595s][info][gc,heap     ] GC(88)   Garbage:         -               295M (30%)         149M (15%)          19M (2%)             -                  -          
[2026-04-03T03:20:18.766+0600][53.595s][info][gc,heap     ] GC(88) Reclaimed:         -                  -               146M (15%)         275M (28%)            -                  -          
[2026-04-03T03:20:18.766+0600][53.595s][info][gc          ] GC(88) Garbage Collection (Allocation Rate) 500M(50%)->584M(58%)
[2026-04-03T03:20:18.785+0600][53.613s][info][gc,start    ] GC(89) Garbage Collection (Allocation Rate)
[2026-04-03T03:20:18.785+0600][53.614s][info][gc,task     ] GC(89) Using 3 workers
[2026-04-03T03:20:18.785+0600][53.614s][info][gc,phases   ] GC(89) Pause Mark Start 0.011ms
[2026-04-03T03:20:19.362+0600][54.191s][info][gc,phases   ] GC(89) Concurrent Mark 576.853ms
[2026-04-03T03:20:19.362+0600][54.191s][info][gc,phases   ] GC(89) Pause Mark End 0.064ms
[2026-04-03T03:20:19.363+0600][54.191s][info][gc,phases   ] GC(89) Concurrent Mark Free 0.002ms
[2026-04-03T03:20:19.372+0600][54.200s][info][gc,phases   ] GC(89) Concurrent Process Non-Strong References 9.209ms
[2026-04-03T03:20:19.372+0600][54.201s][info][gc,phases   ] GC(89) Concurrent Reset Relocation Set 0.018ms
[2026-04-03T03:20:19.388+0600][54.217s][info][gc,phases   ] GC(89) Concurrent Select Relocation Set 16.403ms
[2026-04-03T03:20:19.389+0600][54.217s][info][gc,phases   ] GC(89) Pause Relocate Start 0.017ms
[2026-04-03T03:20:19.474+0600][54.303s][info][gc,phases   ] GC(89) Concurrent Relocate 85.596ms
[2026-04-03T03:20:19.474+0600][54.303s][info][gc,load     ] GC(89) Load: 5.38/5.13/5.49
[2026-04-03T03:20:19.475+0600][54.303s][info][gc,mmu      ] GC(89) MMU: 2ms/94.5%, 5ms/97.8%, 10ms/98.9%, 20ms/99.4%, 50ms/99.8%, 100ms/99.9%
[2026-04-03T03:20:19.475+0600][54.303s][info][gc,marking  ] GC(89) Mark: 2 stripe(s), 2 proactive flush(es), 1 terminate flush(es), 0 completion(s), 0 continuation(s) 
[2026-04-03T03:20:19.475+0600][54.303s][info][gc,marking  ] GC(89) Mark Stack Usage: 32M
[2026-04-03T03:20:19.475+0600][54.303s][info][gc,nmethod  ] GC(89) NMethods: 6830 registered, 697 unregistered
[2026-04-03T03:20:19.475+0600][54.303s][info][gc,metaspace] GC(89) Metaspace: 71M used, 72M committed, 1088M reserved
[2026-04-03T03:20:19.475+0600][54.303s][info][gc,ref      ] GC(89) Soft: 3252 encountered, 0 discovered, 0 enqueued
[2026-04-03T03:20:19.475+0600][54.303s][info][gc,ref      ] GC(89) Weak: 6423 encountered, 1944 discovered, 81 enqueued
[2026-04-03T03:20:19.475+0600][54.303s][info][gc,ref      ] GC(89) Final: 84 encountered, 2 discovered, 0 enqueued
[2026-04-03T03:20:19.475+0600][54.303s][info][gc,ref      ] GC(89) Phantom: 603 encountered, 547 discovered, 0 enqueued
[2026-04-03T03:20:19.475+0600][54.303s][info][gc,reloc    ] GC(89) Small Pages: 237 / 474M, Empty: 2M, Relocated: 71M, In-Place: 0
[2026-04-03T03:20:19.475+0600][54.303s][info][gc,reloc    ] GC(89) Medium Pages: 2 / 32M, Empty: 16M, Relocated: 0M, In-Place: 0
[2026-04-03T03:20:19.475+0600][54.303s][info][gc,reloc    ] GC(89) Large Pages: 13 / 82M, Empty: 30M, Relocated: 0M, In-Place: 0
[2026-04-03T03:20:19.475+0600][54.303s][info][gc,reloc    ] GC(89) Forwarding Usage: 45M
[2026-04-03T03:20:19.475+0600][54.303s][info][gc,heap     ] GC(89) Min Capacity: 8M(1%)
[2026-04-03T03:20:19.475+0600][54.303s][info][gc,heap     ] GC(89) Max Capacity: 1000M(100%)
[2026-04-03T03:20:19.475+0600][54.303s][info][gc,heap     ] GC(89) Soft Max Capacity: 1000M(100%)
[2026-04-03T03:20:19.475+0600][54.303s][info][gc,heap     ] GC(89)                Mark Start          Mark End        Relocate Start      Relocate End           High               Low         
[2026-04-03T03:20:19.475+0600][54.303s][info][gc,heap     ] GC(89)  Capacity:     1000M (100%)       1000M (100%)       1000M (100%)       1000M (100%)       1000M (100%)       1000M (100%)   
[2026-04-03T03:20:19.475+0600][54.303s][info][gc,heap     ] GC(89)      Free:      412M (41%)          44M (4%)           66M (7%)          208M (21%)         412M (41%)          30M (3%)     
[2026-04-03T03:20:19.475+0600][54.303s][info][gc,heap     ] GC(89)      Used:      588M (59%)         956M (96%)         934M (93%)         792M (79%)         970M (97%)         588M (59%)    
[2026-04-03T03:20:19.475+0600][54.303s][info][gc,heap     ] GC(89)      Live:         -               297M (30%)         297M (30%)         297M (30%)            -                  -          
[2026-04-03T03:20:19.475+0600][54.303s][info][gc,heap     ] GC(89) Allocated:         -               368M (37%)         394M (39%)         469M (47%)            -                  -          
[2026-04-03T03:20:19.475+0600][54.303s][info][gc,heap     ] GC(89)   Garbage:         -               290M (29%)         242M (24%)          24M (2%)             -                  -          
[2026-04-03T03:20:19.475+0600][54.304s][info][gc,heap     ] GC(89) Reclaimed:         -                  -                48M (5%)          265M (27%)            -                  -          
[2026-04-03T03:20:19.475+0600][54.304s][info][gc          ] GC(89) Garbage Collection (Allocation Rate) 588M(59%)->792M(79%)
[2026-04-03T03:20:19.485+0600][54.313s][info][gc,start    ] GC(90) Garbage Collection (Allocation Rate)
[2026-04-03T03:20:19.485+0600][54.314s][info][gc,task     ] GC(90) Using 3 workers
[2026-04-03T03:20:19.485+0600][54.314s][info][gc,phases   ] GC(90) Pause Mark Start 0.011ms
[2026-04-03T03:20:19.977+0600][54.806s][info][gc,phases   ] GC(90) Concurrent Mark 492.138ms
[2026-04-03T03:20:19.978+0600][54.806s][info][gc,phases   ] GC(90) Pause Mark End 0.025ms
[2026-04-03T03:20:19.978+0600][54.806s][info][gc,phases   ] GC(90) Concurrent Mark Free 0.001ms
[2026-04-03T03:20:19.985+0600][54.813s][info][gc,phases   ] GC(90) Concurrent Process Non-Strong References 7.022ms
[2026-04-03T03:20:19.985+0600][54.813s][info][gc,phases   ] GC(90) Concurrent Reset Relocation Set 0.028ms
[2026-04-03T03:20:19.987+0600][54.816s][info][gc          ] Allocation Stall (Executor task launch worker for task 2.0 in stage 15.0 (TID 26)) 179.347ms
[2026-04-03T03:20:19.988+0600][54.816s][info][gc          ] Allocation Stall (Executor task launch worker for task 1.0 in stage 15.0 (TID 25)) 178.532ms
[2026-04-03T03:20:19.988+0600][54.816s][info][gc          ] Allocation Stall (Executor task launch worker for task 0.0 in stage 15.0 (TID 24)) 177.497ms
[2026-04-03T03:20:19.990+0600][54.819s][info][gc,phases   ] GC(90) Concurrent Select Relocation Set 5.426ms
[2026-04-03T03:20:19.990+0600][54.819s][info][gc,phases   ] GC(90) Pause Relocate Start 0.012ms
[2026-04-03T03:20:20.055+0600][54.883s][info][gc,phases   ] GC(90) Concurrent Relocate 64.159ms
[2026-04-03T03:20:20.055+0600][54.884s][info][gc,load     ] GC(90) Load: 5.38/5.13/5.49
[2026-04-03T03:20:20.055+0600][54.884s][info][gc,mmu      ] GC(90) MMU: 2ms/94.5%, 5ms/97.8%, 10ms/98.9%, 20ms/99.4%, 50ms/99.8%, 100ms/99.9%
[2026-04-03T03:20:20.055+0600][54.884s][info][gc,marking  ] GC(90) Mark: 2 stripe(s), 2 proactive flush(es), 1 terminate flush(es), 0 completion(s), 0 continuation(s) 
[2026-04-03T03:20:20.055+0600][54.884s][info][gc,marking  ] GC(90) Mark Stack Usage: 32M
[2026-04-03T03:20:20.055+0600][54.884s][info][gc,nmethod  ] GC(90) NMethods: 6835 registered, 697 unregistered
[2026-04-03T03:20:20.055+0600][54.884s][info][gc,metaspace] GC(90) Metaspace: 71M used, 72M committed, 1088M reserved
[2026-04-03T03:20:20.055+0600][54.884s][info][gc,ref      ] GC(90) Soft: 3252 encountered, 0 discovered, 0 enqueued
[2026-04-03T03:20:20.055+0600][54.884s][info][gc,ref      ] GC(90) Weak: 6342 encountered, 1656 discovered, 0 enqueued
[2026-04-03T03:20:20.055+0600][54.884s][info][gc,ref      ] GC(90) Final: 84 encountered, 2 discovered, 0 enqueued
[2026-04-03T03:20:20.055+0600][54.884s][info][gc,ref      ] GC(90) Phantom: 601 encountered, 450 discovered, 0 enqueued
[2026-04-03T03:20:20.055+0600][54.884s][info][gc,reloc    ] GC(90) Small Pages: 346 / 692M, Empty: 44M, Relocated: 62M, In-Place: 0
[2026-04-03T03:20:20.055+0600][54.884s][info][gc,reloc    ] GC(90) Medium Pages: 2 / 32M, Empty: 0M, Relocated: 9M, In-Place: 0
[2026-04-03T03:20:20.055+0600][54.884s][info][gc,reloc    ] GC(90) Large Pages: 10 / 82M, Empty: 48M, Relocated: 0M, In-Place: 0
[2026-04-03T03:20:20.055+0600][54.884s][info][gc,reloc    ] GC(90) Forwarding Usage: 33M
[2026-04-03T03:20:20.055+0600][54.884s][info][gc,heap     ] GC(90) Min Capacity: 8M(1%)
[2026-04-03T03:20:20.055+0600][54.884s][info][gc,heap     ] GC(90) Max Capacity: 1000M(100%)
[2026-04-03T03:20:20.055+0600][54.884s][info][gc,heap     ] GC(90) Soft Max Capacity: 1000M(100%)
[2026-04-03T03:20:20.055+0600][54.884s][info][gc,heap     ] GC(90)                Mark Start          Mark End        Relocate Start      Relocate End           High               Low         
[2026-04-03T03:20:20.055+0600][54.884s][info][gc,heap     ] GC(90)  Capacity:     1000M (100%)       1000M (100%)       1000M (100%)       1000M (100%)       1000M (100%)       1000M (100%)   
[2026-04-03T03:20:20.055+0600][54.884s][info][gc,heap     ] GC(90)      Free:      194M (19%)           0M (0%)           86M (9%)          468M (47%)         472M (47%)           0M (0%)     
[2026-04-03T03:20:20.055+0600][54.884s][info][gc,heap     ] GC(90)      Used:      806M (81%)        1000M (100%)        914M (91%)         532M (53%)        1000M (100%)        528M (53%)    
[2026-04-03T03:20:20.055+0600][54.884s][info][gc,heap     ] GC(90)      Live:         -               299M (30%)         299M (30%)         299M (30%)            -                  -          
[2026-04-03T03:20:20.055+0600][54.884s][info][gc,heap     ] GC(90) Allocated:         -               194M (19%)         200M (20%)         211M (21%)            -                  -          
[2026-04-03T03:20:20.055+0600][54.884s][info][gc,heap     ] GC(90)   Garbage:         -               506M (51%)         414M (41%)          21M (2%)             -                  -          
[2026-04-03T03:20:20.055+0600][54.884s][info][gc,heap     ] GC(90) Reclaimed:         -                  -                92M (9%)          485M (49%)            -                  -          
[2026-04-03T03:20:20.055+0600][54.884s][info][gc          ] GC(90) Garbage Collection (Allocation Rate) 806M(81%)->532M(53%)
[2026-04-03T03:20:20.085+0600][54.913s][info][gc,start    ] GC(91) Garbage Collection (Allocation Stall)
[2026-04-03T03:20:20.085+0600][54.913s][info][gc,ref      ] GC(91) Clearing All SoftReferences
[2026-04-03T03:20:20.085+0600][54.913s][info][gc,task     ] GC(91) Using 3 workers
[2026-04-03T03:20:20.085+0600][54.913s][info][gc,ref      ] GC(91) Clearing All SoftReferences
[2026-04-03T03:20:20.085+0600][54.914s][info][gc,phases   ] GC(91) Pause Mark Start 0.074ms
[2026-04-03T03:20:20.678+0600][55.507s][info][gc,phases   ] GC(91) Concurrent Mark 593.197ms
[2026-04-03T03:20:20.679+0600][55.507s][info][gc,phases   ] GC(91) Pause Mark End 0.039ms
[2026-04-03T03:20:20.679+0600][55.508s][info][gc,phases   ] GC(91) Concurrent Mark Free 0.004ms
[2026-04-03T03:20:20.702+0600][55.530s][info][gc,phases   ] GC(91) Concurrent Process Non-Strong References 22.539ms
[2026-04-03T03:20:20.702+0600][55.530s][info][gc,phases   ] GC(91) Concurrent Reset Relocation Set 0.025ms
[2026-04-03T03:20:20.708+0600][55.536s][info][gc,phases   ] GC(91) Concurrent Select Relocation Set 6.099ms
[2026-04-03T03:20:20.708+0600][55.537s][info][gc,phases   ] GC(91) Pause Relocate Start 0.016ms
[2026-04-03T03:20:20.729+0600][55.557s][info][gc,phases   ] GC(91) Concurrent Relocate 20.562ms
[2026-04-03T03:20:20.729+0600][55.558s][info][gc,load     ] GC(91) Load: 5.43/5.14/5.50
[2026-04-03T03:20:20.729+0600][55.558s][info][gc,mmu      ] GC(91) MMU: 2ms/94.5%, 5ms/97.8%, 10ms/98.9%, 20ms/99.4%, 50ms/99.8%, 100ms/99.9%
[2026-04-03T03:20:20.729+0600][55.558s][info][gc,marking  ] GC(91) Mark: 2 stripe(s), 3 proactive flush(es), 1 terminate flush(es), 0 completion(s), 0 continuation(s) 
[2026-04-03T03:20:20.729+0600][55.558s][info][gc,marking  ] GC(91) Mark Stack Usage: 32M
[2026-04-03T03:20:20.729+0600][55.558s][info][gc,nmethod  ] GC(91) NMethods: 6837 registered, 699 unregistered
[2026-04-03T03:20:20.729+0600][55.558s][info][gc,metaspace] GC(91) Metaspace: 71M used, 72M committed, 1088M reserved
[2026-04-03T03:20:20.729+0600][55.558s][info][gc,ref      ] GC(91) Soft: 3163 encountered, 711 discovered, 383 enqueued
[2026-04-03T03:20:20.729+0600][55.558s][info][gc,ref      ] GC(91) Weak: 6263 encountered, 2336 discovered, 34 enqueued
[2026-04-03T03:20:20.729+0600][55.558s][info][gc,ref      ] GC(91) Final: 84 encountered, 2 discovered, 0 enqueued
[2026-04-03T03:20:20.729+0600][55.558s][info][gc,ref      ] GC(91) Phantom: 604 encountered, 487 discovered, 0 enqueued
[2026-04-03T03:20:20.729+0600][55.558s][info][gc,reloc    ] GC(91) Small Pages: 226 / 452M, Empty: 8M, Relocated: 15M, In-Place: 0
[2026-04-03T03:20:20.729+0600][55.558s][info][gc,reloc    ] GC(91) Medium Pages: 2 / 32M, Empty: 16M, Relocated: 0M, In-Place: 0
[2026-04-03T03:20:20.729+0600][55.558s][info][gc,reloc    ] GC(91) Large Pages: 8 / 54M, Empty: 8M, Relocated: 0M, In-Place: 0
[2026-04-03T03:20:20.729+0600][55.558s][info][gc,reloc    ] GC(91) Forwarding Usage: 15M
[2026-04-03T03:20:20.729+0600][55.558s][info][gc,heap     ] GC(91) Min Capacity: 8M(1%)
[2026-04-03T03:20:20.729+0600][55.558s][info][gc,heap     ] GC(91) Max Capacity: 1000M(100%)
[2026-04-03T03:20:20.729+0600][55.558s][info][gc,heap     ] GC(91) Soft Max Capacity: 1000M(100%)
[2026-04-03T03:20:20.729+0600][55.558s][info][gc,heap     ] GC(91)                Mark Start          Mark End        Relocate Start      Relocate End           High               Low         
[2026-04-03T03:20:20.729+0600][55.558s][info][gc,heap     ] GC(91)  Capacity:     1000M (100%)       1000M (100%)       1000M (100%)       1000M (100%)       1000M (100%)       1000M (100%)   
[2026-04-03T03:20:20.729+0600][55.558s][info][gc,heap     ] GC(91)      Free:      462M (46%)         348M (35%)         374M (37%)         536M (54%)         536M (54%)         342M (34%)    
[2026-04-03T03:20:20.729+0600][55.558s][info][gc,heap     ] GC(91)      Used:      538M (54%)         652M (65%)         626M (63%)         464M (46%)         658M (66%)         464M (46%)    
[2026-04-03T03:20:20.729+0600][55.558s][info][gc,heap     ] GC(91)      Live:         -               320M (32%)         320M (32%)         320M (32%)            -                  -          
[2026-04-03T03:20:20.729+0600][55.558s][info][gc,heap     ] GC(91) Allocated:         -               114M (11%)         120M (12%)         119M (12%)            -                  -          
[2026-04-03T03:20:20.729+0600][55.558s][info][gc,heap     ] GC(91)   Garbage:         -               217M (22%)         185M (19%)          23M (2%)             -                  -          
[2026-04-03T03:20:20.729+0600][55.558s][info][gc,heap     ] GC(91) Reclaimed:         -                  -                32M (3%)          193M (19%)            -                  -          
[2026-04-03T03:20:20.729+0600][55.558s][info][gc          ] GC(91) Garbage Collection (Allocation Stall) 538M(54%)->464M(46%)
[2026-04-03T03:20:20.785+0600][55.614s][info][gc,start    ] GC(92) Garbage Collection (Allocation Rate)
[2026-04-03T03:20:20.785+0600][55.614s][info][gc,task     ] GC(92) Using 3 workers
[2026-04-03T03:20:20.785+0600][55.614s][info][gc,phases   ] GC(92) Pause Mark Start 0.012ms
[2026-04-03T03:20:21.370+0600][56.199s][info][gc,phases   ] GC(92) Concurrent Mark 584.732ms
[2026-04-03T03:20:21.370+0600][56.199s][info][gc,phases   ] GC(92) Pause Mark End 0.028ms
[2026-04-03T03:20:21.371+0600][56.199s][info][gc,phases   ] GC(92) Concurrent Mark Free 0.001ms
[2026-04-03T03:20:21.391+0600][56.220s][info][gc,phases   ] GC(92) Concurrent Process Non-Strong References 20.675ms
[2026-04-03T03:20:21.391+0600][56.220s][info][gc,phases   ] GC(92) Concurrent Reset Relocation Set 0.009ms
[2026-04-03T03:20:21.394+0600][56.223s][info][gc          ] Allocation Stall (Executor task launch worker for task 2.0 in stage 15.0 (TID 26)) 17.511ms
[2026-04-03T03:20:21.394+0600][56.223s][info][gc          ] Allocation Stall (Executor task launch worker for task 0.0 in stage 15.0 (TID 24)) 24.294ms
[2026-04-03T03:20:21.394+0600][56.223s][info][gc          ] Allocation Stall (Executor task launch worker for task 1.0 in stage 15.0 (TID 25)) 18.691ms
[2026-04-03T03:20:21.396+0600][56.225s][info][gc,phases   ] GC(92) Concurrent Select Relocation Set 4.812ms
[2026-04-03T03:20:21.396+0600][56.225s][info][gc,phases   ] GC(92) Pause Relocate Start 0.013ms
[2026-04-03T03:20:21.399+0600][56.228s][info][gc,phases   ] GC(92) Concurrent Relocate 2.406ms
[2026-04-03T03:20:21.399+0600][56.228s][info][gc,load     ] GC(92) Load: 5.43/5.14/5.50
[2026-04-03T03:20:21.399+0600][56.228s][info][gc,mmu      ] GC(92) MMU: 2ms/94.5%, 5ms/97.8%, 10ms/98.9%, 20ms/99.4%, 50ms/99.8%, 100ms/99.9%
[2026-04-03T03:20:21.399+0600][56.228s][info][gc,marking  ] GC(92) Mark: 2 stripe(s), 10 proactive flush(es), 1 terminate flush(es), 0 completion(s), 0 continuation(s) 
[2026-04-03T03:20:21.399+0600][56.228s][info][gc,marking  ] GC(92) Mark Stack Usage: 32M
[2026-04-03T03:20:21.399+0600][56.228s][info][gc,nmethod  ] GC(92) NMethods: 6839 registered, 702 unregistered
[2026-04-03T03:20:21.399+0600][56.228s][info][gc,metaspace] GC(92) Metaspace: 70M used, 72M committed, 1088M reserved
[2026-04-03T03:20:21.399+0600][56.228s][info][gc,ref      ] GC(92) Soft: 2780 encountered, 0 discovered, 0 enqueued
[2026-04-03T03:20:21.399+0600][56.228s][info][gc,ref      ] GC(92) Weak: 5989 encountered, 4508 discovered, 0 enqueued
[2026-04-03T03:20:21.399+0600][56.228s][info][gc,ref      ] GC(92) Final: 84 encountered, 2 discovered, 0 enqueued
[2026-04-03T03:20:21.399+0600][56.228s][info][gc,ref      ] GC(92) Phantom: 602 encountered, 378 discovered, 0 enqueued
[2026-04-03T03:20:21.399+0600][56.228s][info][gc,reloc    ] GC(92) Small Pages: 209 / 418M, Empty: 40M, Relocated: 1M, In-Place: 0
[2026-04-03T03:20:21.399+0600][56.228s][info][gc,reloc    ] GC(92) Medium Pages: 1 / 16M, Empty: 0M, Relocated: 0M, In-Place: 0
[2026-04-03T03:20:21.399+0600][56.228s][info][gc,reloc    ] GC(92) Large Pages: 6 / 46M, Empty: 0M, Relocated: 0M, In-Place: 0
[2026-04-03T03:20:21.399+0600][56.228s][info][gc,reloc    ] GC(92) Forwarding Usage: 0M
[2026-04-03T03:20:21.399+0600][56.228s][info][gc,heap     ] GC(92) Min Capacity: 8M(1%)
[2026-04-03T03:20:21.399+0600][56.228s][info][gc,heap     ] GC(92) Max Capacity: 1000M(100%)
[2026-04-03T03:20:21.399+0600][56.228s][info][gc,heap     ] GC(92) Soft Max Capacity: 1000M(100%)
[2026-04-03T03:20:21.399+0600][56.228s][info][gc,heap     ] GC(92)                Mark Start          Mark End        Relocate Start      Relocate End           High               Low         
[2026-04-03T03:20:21.399+0600][56.228s][info][gc,heap     ] GC(92)  Capacity:     1000M (100%)       1000M (100%)       1000M (100%)       1000M (100%)       1000M (100%)       1000M (100%)   
[2026-04-03T03:20:21.399+0600][56.228s][info][gc,heap     ] GC(92)      Free:      520M (52%)           0M (0%)           34M (3%)          126M (13%)         520M (52%)           0M (0%)     
[2026-04-03T03:20:21.399+0600][56.228s][info][gc,heap     ] GC(92)      Used:      480M (48%)        1000M (100%)        966M (97%)         874M (87%)        1000M (100%)        480M (48%)    
[2026-04-03T03:20:21.399+0600][56.228s][info][gc,heap     ] GC(92)      Live:         -               320M (32%)         320M (32%)         320M (32%)            -                  -          
[2026-04-03T03:20:21.399+0600][56.228s][info][gc,heap     ] GC(92) Allocated:         -               520M (52%)         526M (53%)         527M (53%)            -                  -          
[2026-04-03T03:20:21.399+0600][56.228s][info][gc,heap     ] GC(92)   Garbage:         -               159M (16%)         119M (12%)          25M (3%)             -                  -          
[2026-04-03T03:20:21.399+0600][56.228s][info][gc,heap     ] GC(92) Reclaimed:         -                  -                40M (4%)          133M (13%)            -                  -          
[2026-04-03T03:20:21.399+0600][56.228s][info][gc          ] GC(92) Garbage Collection (Allocation Rate) 480M(48%)->874M(87%)
[2026-04-03T03:20:21.485+0600][56.314s][info][gc,start    ] GC(93) Garbage Collection (Allocation Stall)
[2026-04-03T03:20:21.485+0600][56.314s][info][gc,ref      ] GC(93) Clearing All SoftReferences
[2026-04-03T03:20:21.485+0600][56.314s][info][gc,task     ] GC(93) Using 3 workers
[2026-04-03T03:20:21.485+0600][56.314s][info][gc,ref      ] GC(93) Clearing All SoftReferences
[2026-04-03T03:20:21.485+0600][56.314s][info][gc,phases   ] GC(93) Pause Mark Start 0.158ms
[2026-04-03T03:20:21.780+0600][56.609s][info][gc,phases   ] GC(93) Concurrent Mark 294.594ms
[2026-04-03T03:20:21.780+0600][56.609s][info][gc,phases   ] GC(93) Pause Mark End 0.021ms
[2026-04-03T03:20:21.781+0600][56.609s][info][gc,phases   ] GC(93) Concurrent Mark Free 0.003ms
[2026-04-03T03:20:21.796+0600][56.625s][info][gc,phases   ] GC(93) Concurrent Process Non-Strong References 15.797ms
[2026-04-03T03:20:21.796+0600][56.625s][info][gc,phases   ] GC(93) Concurrent Reset Relocation Set 0.005ms
[2026-04-03T03:20:21.799+0600][56.628s][info][gc          ] Allocation Stall (Executor task launch worker for task 2.0 in stage 15.0 (TID 26)) 306.028ms
[2026-04-03T03:20:21.799+0600][56.628s][info][gc          ] Allocation Stall (Executor task launch worker for task 0.0 in stage 15.0 (TID 24)) 299.444ms
[2026-04-03T03:20:21.799+0600][56.628s][info][gc          ] Allocation Stall (Spark Context Cleaner) 263.010ms
[2026-04-03T03:20:21.799+0600][56.628s][info][gc          ] Allocation Stall (Executor task launch worker for task 1.0 in stage 15.0 (TID 25)) 300.936ms
[2026-04-03T03:20:21.812+0600][56.640s][info][gc,phases   ] GC(93) Concurrent Select Relocation Set 15.305ms
[2026-04-03T03:20:21.812+0600][56.641s][info][gc,phases   ] GC(93) Pause Relocate Start 0.017ms
[2026-04-03T03:20:21.874+0600][56.703s][info][gc,phases   ] GC(93) Concurrent Relocate 61.708ms
[2026-04-03T03:20:21.874+0600][56.703s][info][gc,load     ] GC(93) Load: 5.43/5.14/5.50
[2026-04-03T03:20:21.874+0600][56.703s][info][gc,mmu      ] GC(93) MMU: 2ms/92.1%, 5ms/96.8%, 10ms/98.4%, 20ms/99.2%, 50ms/99.7%, 100ms/99.8%
[2026-04-03T03:20:21.874+0600][56.703s][info][gc,marking  ] GC(93) Mark: 2 stripe(s), 2 proactive flush(es), 1 terminate flush(es), 0 completion(s), 0 continuation(s) 
[2026-04-03T03:20:21.874+0600][56.703s][info][gc,marking  ] GC(93) Mark Stack Usage: 32M
[2026-04-03T03:20:21.874+0600][56.703s][info][gc,nmethod  ] GC(93) NMethods: 6837 registered, 704 unregistered
[2026-04-03T03:20:21.874+0600][56.703s][info][gc,metaspace] GC(93) Metaspace: 70M used, 72M committed, 1088M reserved
[2026-04-03T03:20:21.874+0600][56.703s][info][gc,ref      ] GC(93) Soft: 2790 encountered, 345 discovered, 3 enqueued
[2026-04-03T03:20:21.874+0600][56.703s][info][gc,ref      ] GC(93) Weak: 5944 encountered, 2058 discovered, 2 enqueued
[2026-04-03T03:20:21.874+0600][56.703s][info][gc,ref      ] GC(93) Final: 84 encountered, 2 discovered, 0 enqueued
[2026-04-03T03:20:21.874+0600][56.703s][info][gc,ref      ] GC(93) Phantom: 603 encountered, 578 discovered, 0 enqueued
[2026-04-03T03:20:21.874+0600][56.703s][info][gc,reloc    ] GC(93) Small Pages: 444 / 888M, Empty: 58M, Relocated: 45M, In-Place: 0
[2026-04-03T03:20:21.874+0600][56.703s][info][gc,reloc    ] GC(93) Medium Pages: 2 / 32M, Empty: 16M, Relocated: 0M, In-Place: 0
[2026-04-03T03:20:21.874+0600][56.703s][info][gc,reloc    ] GC(93) Large Pages: 10 / 70M, Empty: 40M, Relocated: 0M, In-Place: 0
[2026-04-03T03:20:21.874+0600][56.703s][info][gc,reloc    ] GC(93) Forwarding Usage: 32M
[2026-04-03T03:20:21.874+0600][56.703s][info][gc,heap     ] GC(93) Min Capacity: 8M(1%)
[2026-04-03T03:20:21.874+0600][56.703s][info][gc,heap     ] GC(93) Max Capacity: 1000M(100%)
[2026-04-03T03:20:21.874+0600][56.703s][info][gc,heap     ] GC(93) Soft Max Capacity: 1000M(100%)
[2026-04-03T03:20:21.874+0600][56.703s][info][gc,heap     ] GC(93)                Mark Start          Mark End        Relocate Start      Relocate End           High               Low         
[2026-04-03T03:20:21.874+0600][56.703s][info][gc,heap     ] GC(93)  Capacity:     1000M (100%)       1000M (100%)       1000M (100%)       1000M (100%)       1000M (100%)       1000M (100%)   
[2026-04-03T03:20:21.874+0600][56.703s][info][gc,heap     ] GC(93)      Free:       10M (1%)            0M (0%)           96M (10%)         662M (66%)         664M (66%)           0M (0%)     
[2026-04-03T03:20:21.874+0600][56.703s][info][gc,heap     ] GC(93)      Used:      990M (99%)        1000M (100%)        904M (90%)         338M (34%)        1000M (100%)        336M (34%)    
[2026-04-03T03:20:21.875+0600][56.703s][info][gc,heap     ] GC(93)      Live:         -               244M (24%)         244M (24%)         244M (24%)            -                  -          
[2026-04-03T03:20:21.875+0600][56.703s][info][gc,heap     ] GC(93) Allocated:         -                10M (1%)           28M (3%)           72M (7%)             -                  -          
[2026-04-03T03:20:21.875+0600][56.703s][info][gc,heap     ] GC(93)   Garbage:         -               745M (75%)         631M (63%)          20M (2%)             -                  -          
[2026-04-03T03:20:21.875+0600][56.703s][info][gc,heap     ] GC(93) Reclaimed:         -                  -               114M (11%)         724M (72%)            -                  -          
[2026-04-03T03:20:21.875+0600][56.703s][info][gc          ] GC(93) Garbage Collection (Allocation Stall) 990M(99%)->338M(34%)
[2026-04-03T03:20:21.886+0600][56.714s][info][gc,start    ] GC(94) Garbage Collection (Allocation Stall)
[2026-04-03T03:20:21.886+0600][56.714s][info][gc,ref      ] GC(94) Clearing All SoftReferences
[2026-04-03T03:20:21.886+0600][56.714s][info][gc,task     ] GC(94) Using 3 workers
[2026-04-03T03:20:21.886+0600][56.715s][info][gc,ref      ] GC(94) Clearing All SoftReferences
[2026-04-03T03:20:21.886+0600][56.715s][info][gc,phases   ] GC(94) Pause Mark Start 0.074ms
[2026-04-03T03:20:22.450+0600][57.279s][info][gc,phases   ] GC(94) Concurrent Mark 563.838ms
[2026-04-03T03:20:22.450+0600][57.279s][info][gc,phases   ] GC(94) Pause Mark End 0.030ms
[2026-04-03T03:20:22.451+0600][57.279s][info][gc,phases   ] GC(94) Concurrent Mark Free 0.002ms
[2026-04-03T03:20:22.461+0600][57.289s][info][gc,phases   ] GC(94) Concurrent Process Non-Strong References 9.960ms
[2026-04-03T03:20:22.461+0600][57.289s][info][gc,phases   ] GC(94) Concurrent Reset Relocation Set 0.079ms
[2026-04-03T03:20:22.469+0600][57.298s][info][gc,phases   ] GC(94) Concurrent Select Relocation Set 8.424ms
[2026-04-03T03:20:22.470+0600][57.298s][info][gc,phases   ] GC(94) Pause Relocate Start 0.016ms
[2026-04-03T03:20:22.481+0600][57.310s][info][gc,phases   ] GC(94) Concurrent Relocate 11.460ms
[2026-04-03T03:20:22.481+0600][57.310s][info][gc,load     ] GC(94) Load: 5.43/5.14/5.50
[2026-04-03T03:20:22.481+0600][57.310s][info][gc,mmu      ] GC(94) MMU: 2ms/92.1%, 5ms/96.8%, 10ms/98.4%, 20ms/99.2%, 50ms/99.7%, 100ms/99.8%
[2026-04-03T03:20:22.481+0600][57.310s][info][gc,marking  ] GC(94) Mark: 2 stripe(s), 2 proactive flush(es), 1 terminate flush(es), 0 completion(s), 0 continuation(s) 
[2026-04-03T03:20:22.481+0600][57.310s][info][gc,marking  ] GC(94) Mark Stack Usage: 32M
[2026-04-03T03:20:22.481+0600][57.310s][info][gc,nmethod  ] GC(94) NMethods: 6848 registered, 704 unregistered
[2026-04-03T03:20:22.481+0600][57.310s][info][gc,metaspace] GC(94) Metaspace: 70M used, 72M committed, 1088M reserved
[2026-04-03T03:20:22.481+0600][57.310s][info][gc,ref      ] GC(94) Soft: 2787 encountered, 314 discovered, 0 enqueued
[2026-04-03T03:20:22.481+0600][57.310s][info][gc,ref      ] GC(94) Weak: 5937 encountered, 491 discovered, 0 enqueued
[2026-04-03T03:20:22.481+0600][57.310s][info][gc,ref      ] GC(94) Final: 84 encountered, 18 discovered, 0 enqueued
[2026-04-03T03:20:22.481+0600][57.310s][info][gc,ref      ] GC(94) Phantom: 601 encountered, 506 discovered, 0 enqueued
[2026-04-03T03:20:22.481+0600][57.310s][info][gc,reloc    ] GC(94) Small Pages: 151 / 302M, Empty: 0M, Relocated: 6M, In-Place: 0
[2026-04-03T03:20:22.481+0600][57.310s][info][gc,reloc    ] GC(94) Medium Pages: 1 / 16M, Empty: 0M, Relocated: 0M, In-Place: 0
[2026-04-03T03:20:22.481+0600][57.310s][info][gc,reloc    ] GC(94) Large Pages: 6 / 40M, Empty: 0M, Relocated: 0M, In-Place: 0
[2026-04-03T03:20:22.481+0600][57.310s][info][gc,reloc    ] GC(94) Forwarding Usage: 5M
[2026-04-03T03:20:22.481+0600][57.310s][info][gc,heap     ] GC(94) Min Capacity: 8M(1%)
[2026-04-03T03:20:22.482+0600][57.310s][info][gc,heap     ] GC(94) Max Capacity: 1000M(100%)
[2026-04-03T03:20:22.482+0600][57.310s][info][gc,heap     ] GC(94) Soft Max Capacity: 1000M(100%)
[2026-04-03T03:20:22.482+0600][57.310s][info][gc,heap     ] GC(94)                Mark Start          Mark End        Relocate Start      Relocate End           High               Low         
[2026-04-03T03:20:22.482+0600][57.310s][info][gc,heap     ] GC(94)  Capacity:     1000M (100%)       1000M (100%)       1000M (100%)       1000M (100%)       1000M (100%)       1000M (100%)   
[2026-04-03T03:20:22.482+0600][57.310s][info][gc,heap     ] GC(94)      Free:      642M (64%)         194M (19%)         172M (17%)         240M (24%)         642M (64%)         168M (17%)    
[2026-04-03T03:20:22.482+0600][57.310s][info][gc,heap     ] GC(94)      Used:      358M (36%)         806M (81%)         828M (83%)         760M (76%)         832M (83%)         358M (36%)    
[2026-04-03T03:20:22.482+0600][57.310s][info][gc,heap     ] GC(94)      Live:         -               256M (26%)         256M (26%)         256M (26%)            -                  -          
[2026-04-03T03:20:22.482+0600][57.310s][info][gc,heap     ] GC(94) Allocated:         -               448M (45%)         470M (47%)         483M (48%)            -                  -          
[2026-04-03T03:20:22.482+0600][57.310s][info][gc,heap     ] GC(94)   Garbage:         -               101M (10%)         101M (10%)          19M (2%)             -                  -          
[2026-04-03T03:20:22.482+0600][57.310s][info][gc,heap     ] GC(94) Reclaimed:         -                  -                 0M (0%)           81M (8%)             -                  -          
[2026-04-03T03:20:22.482+0600][57.310s][info][gc          ] GC(94) Garbage Collection (Allocation Stall) 358M(36%)->760M(76%)
[2026-04-03T03:20:22.486+0600][57.314s][info][gc,start    ] GC(95) Garbage Collection (Allocation Rate)
[2026-04-03T03:20:22.486+0600][57.314s][info][gc,task     ] GC(95) Using 3 workers
[2026-04-03T03:20:22.486+0600][57.315s][info][gc,phases   ] GC(95) Pause Mark Start 0.013ms
[2026-04-03T03:20:22.926+0600][57.755s][info][gc,phases   ] GC(95) Concurrent Mark 440.178ms
[2026-04-03T03:20:22.926+0600][57.755s][info][gc,phases   ] GC(95) Pause Mark End 0.024ms
[2026-04-03T03:20:22.927+0600][57.755s][info][gc,phases   ] GC(95) Concurrent Mark Free 0.003ms
[2026-04-03T03:20:22.934+0600][57.763s][info][gc,phases   ] GC(95) Concurrent Process Non-Strong References 7.481ms
[2026-04-03T03:20:22.934+0600][57.763s][info][gc,phases   ] GC(95) Concurrent Reset Relocation Set 0.008ms
[2026-04-03T03:20:22.937+0600][57.766s][info][gc          ] Allocation Stall (Executor task launch worker for task 2.0 in stage 15.0 (TID 26)) 204.341ms
[2026-04-03T03:20:22.937+0600][57.766s][info][gc          ] Allocation Stall (Executor task launch worker for task 0.0 in stage 15.0 (TID 24)) 201.309ms
[2026-04-03T03:20:22.937+0600][57.766s][info][gc          ] Allocation Stall (Executor task launch worker for task 1.0 in stage 15.0 (TID 25)) 199.608ms
[2026-04-03T03:20:22.942+0600][57.770s][info][gc,phases   ] GC(95) Concurrent Select Relocation Set 7.225ms
[2026-04-03T03:20:22.942+0600][57.771s][info][gc,phases   ] GC(95) Pause Relocate Start 0.015ms
[2026-04-03T03:20:22.983+0600][57.812s][info][gc,phases   ] GC(95) Concurrent Relocate 40.994ms
[2026-04-03T03:20:22.983+0600][57.812s][info][gc,load     ] GC(95) Load: 5.43/5.14/5.50
[2026-04-03T03:20:22.983+0600][57.812s][info][gc,mmu      ] GC(95) MMU: 2ms/92.1%, 5ms/96.8%, 10ms/98.4%, 20ms/99.2%, 50ms/99.7%, 100ms/99.8%
[2026-04-03T03:20:22.983+0600][57.812s][info][gc,marking  ] GC(95) Mark: 2 stripe(s), 2 proactive flush(es), 1 terminate flush(es), 0 completion(s), 0 continuation(s) 
[2026-04-03T03:20:22.983+0600][57.812s][info][gc,marking  ] GC(95) Mark Stack Usage: 32M
[2026-04-03T03:20:22.983+0600][57.812s][info][gc,nmethod  ] GC(95) NMethods: 6851 registered, 704 unregistered
[2026-04-03T03:20:22.983+0600][57.812s][info][gc,metaspace] GC(95) Metaspace: 70M used, 72M committed, 1088M reserved
[2026-04-03T03:20:22.983+0600][57.812s][info][gc,ref      ] GC(95) Soft: 2789 encountered, 0 discovered, 0 enqueued
[2026-04-03T03:20:22.983+0600][57.812s][info][gc,ref      ] GC(95) Weak: 5942 encountered, 4029 discovered, 3 enqueued
[2026-04-03T03:20:22.983+0600][57.812s][info][gc,ref      ] GC(95) Final: 84 encountered, 18 discovered, 0 enqueued
[2026-04-03T03:20:22.983+0600][57.812s][info][gc,ref      ] GC(95) Phantom: 602 encountered, 516 discovered, 0 enqueued
[2026-04-03T03:20:22.983+0600][57.812s][info][gc,reloc    ] GC(95) Small Pages: 351 / 702M, Empty: 0M, Relocated: 18M, In-Place: 1
[2026-04-03T03:20:22.983+0600][57.812s][info][gc,reloc    ] GC(95) Medium Pages: 1 / 16M, Empty: 0M, Relocated: 0M, In-Place: 0
[2026-04-03T03:20:22.983+0600][57.812s][info][gc,reloc    ] GC(95) Large Pages: 7 / 46M, Empty: 10M, Relocated: 0M, In-Place: 0
[2026-04-03T03:20:22.983+0600][57.812s][info][gc,reloc    ] GC(95) Forwarding Usage: 15M
[2026-04-03T03:20:22.983+0600][57.812s][info][gc,heap     ] GC(95) Min Capacity: 8M(1%)
[2026-04-03T03:20:22.983+0600][57.812s][info][gc,heap     ] GC(95) Max Capacity: 1000M(100%)
[2026-04-03T03:20:22.983+0600][57.812s][info][gc,heap     ] GC(95) Soft Max Capacity: 1000M(100%)
[2026-04-03T03:20:22.983+0600][57.812s][info][gc,heap     ] GC(95)                Mark Start          Mark End        Relocate Start      Relocate End           High               Low         
[2026-04-03T03:20:22.983+0600][57.812s][info][gc,heap     ] GC(95)  Capacity:     1000M (100%)       1000M (100%)       1000M (100%)       1000M (100%)       1000M (100%)       1000M (100%)   
[2026-04-03T03:20:22.983+0600][57.812s][info][gc,heap     ] GC(95)      Free:      236M (24%)           0M (0%)            4M (0%)          428M (43%)         432M (43%)           0M (0%)     
[2026-04-03T03:20:22.983+0600][57.812s][info][gc,heap     ] GC(95)      Used:      764M (76%)        1000M (100%)        996M (100%)        572M (57%)        1000M (100%)        568M (57%)    
[2026-04-03T03:20:22.983+0600][57.812s][info][gc,heap     ] GC(95)      Live:         -               266M (27%)         266M (27%)         266M (27%)            -                  -          
[2026-04-03T03:20:22.984+0600][57.812s][info][gc,heap     ] GC(95) Allocated:         -               236M (24%)         242M (24%)         281M (28%)            -                  -          
[2026-04-03T03:20:22.984+0600][57.812s][info][gc,heap     ] GC(95)   Garbage:         -               497M (50%)         487M (49%)          23M (2%)             -                  -          
[2026-04-03T03:20:22.984+0600][57.812s][info][gc,heap     ] GC(95) Reclaimed:         -                  -                10M (1%)          473M (47%)            -                  -          
[2026-04-03T03:20:22.984+0600][57.812s][info][gc          ] GC(95) Garbage Collection (Allocation Rate) 764M(76%)->572M(57%)
[2026-04-03T03:20:22.985+0600][57.814s][info][gc,start    ] GC(96) Garbage Collection (Allocation Stall)
[2026-04-03T03:20:22.985+0600][57.814s][info][gc,ref      ] GC(96) Clearing All SoftReferences
[2026-04-03T03:20:22.985+0600][57.814s][info][gc,task     ] GC(96) Using 3 workers
[2026-04-03T03:20:22.986+0600][57.814s][info][gc,ref      ] GC(96) Clearing All SoftReferences
[2026-04-03T03:20:22.986+0600][57.815s][info][gc,phases   ] GC(96) Pause Mark Start 0.139ms
[2026-04-03T03:20:23.578+0600][58.406s][info][gc,phases   ] GC(96) Concurrent Mark 591.594ms
[2026-04-03T03:20:23.578+0600][58.407s][info][gc,phases   ] GC(96) Pause Mark End 0.023ms
[2026-04-03T03:20:23.578+0600][58.407s][info][gc,phases   ] GC(96) Concurrent Mark Free 0.001ms
[2026-04-03T03:20:23.585+0600][58.414s][info][gc,phases   ] GC(96) Concurrent Process Non-Strong References 6.983ms
[2026-04-03T03:20:23.585+0600][58.414s][info][gc,phases   ] GC(96) Concurrent Reset Relocation Set 0.028ms
[2026-04-03T03:20:23.589+0600][58.417s][info][gc,phases   ] GC(96) Concurrent Select Relocation Set 3.665ms
[2026-04-03T03:20:23.589+0600][58.418s][info][gc,phases   ] GC(96) Pause Relocate Start 0.011ms
[2026-04-03T03:20:23.598+0600][58.427s][info][gc          ] Relocation Stall (Executor task launch worker for task 2.0 in stage 15.0 (TID 26)) 8.485ms
[2026-04-03T03:20:23.598+0600][58.427s][info][gc          ] Relocation Stall (Executor task launch worker for task 0.0 in stage 15.0 (TID 24)) 8.538ms
[2026-04-03T03:20:23.598+0600][58.427s][info][gc          ] Allocation Stall (Executor task launch worker for task 2.0 in stage 15.0 (TID 26)) 120.999ms
[2026-04-03T03:20:23.598+0600][58.427s][info][gc          ] Relocation Stall (Executor task launch worker for task 1.0 in stage 15.0 (TID 25)) 8.678ms
[2026-04-03T03:20:23.598+0600][58.427s][info][gc          ] Allocation Stall (Executor task launch worker for task 0.0 in stage 15.0 (TID 24)) 120.227ms
[2026-04-03T03:20:23.598+0600][58.427s][info][gc          ] Allocation Stall (Executor task launch worker for task 1.0 in stage 15.0 (TID 25)) 125.134ms
[2026-04-03T03:20:23.603+0600][58.432s][info][gc,phases   ] GC(96) Concurrent Relocate 13.638ms
[2026-04-03T03:20:23.603+0600][58.432s][info][gc,load     ] GC(96) Load: 5.43/5.14/5.50
[2026-04-03T03:20:23.603+0600][58.432s][info][gc,mmu      ] GC(96) MMU: 2ms/92.1%, 5ms/96.8%, 10ms/98.4%, 20ms/99.2%, 50ms/99.7%, 100ms/99.8%
[2026-04-03T03:20:23.603+0600][58.432s][info][gc,marking  ] GC(96) Mark: 2 stripe(s), 3 proactive flush(es), 1 terminate flush(es), 0 completion(s), 0 continuation(s) 
[2026-04-03T03:20:23.603+0600][58.432s][info][gc,marking  ] GC(96) Mark Stack Usage: 32M
[2026-04-03T03:20:23.603+0600][58.432s][info][gc,nmethod  ] GC(96) NMethods: 6852 registered, 704 unregistered
[2026-04-03T03:20:23.603+0600][58.432s][info][gc,metaspace] GC(96) Metaspace: 70M used, 72M committed, 1088M reserved
[2026-04-03T03:20:23.603+0600][58.432s][info][gc,ref      ] GC(96) Soft: 2789 encountered, 378 discovered, 2 enqueued
[2026-04-03T03:20:23.603+0600][58.432s][info][gc,ref      ] GC(96) Weak: 5939 encountered, 2281 discovered, 1 enqueued
[2026-04-03T03:20:23.603+0600][58.432s][info][gc,ref      ] GC(96) Final: 84 encountered, 18 discovered, 0 enqueued
[2026-04-03T03:20:23.603+0600][58.432s][info][gc,ref      ] GC(96) Phantom: 603 encountered, 519 discovered, 0 enqueued
[2026-04-03T03:20:23.603+0600][58.432s][info][gc,reloc    ] GC(96) Small Pages: 260 / 520M, Empty: 0M, Relocated: 10M, In-Place: 3
[2026-04-03T03:20:23.603+0600][58.432s][info][gc,reloc    ] GC(96) Medium Pages: 1 / 16M, Empty: 0M, Relocated: 0M, In-Place: 0
[2026-04-03T03:20:23.603+0600][58.432s][info][gc,reloc    ] GC(96) Large Pages: 5 / 36M, Empty: 0M, Relocated: 0M, In-Place: 0
[2026-04-03T03:20:23.603+0600][58.432s][info][gc,reloc    ] GC(96) Forwarding Usage: 9M
[2026-04-03T03:20:23.603+0600][58.432s][info][gc,heap     ] GC(96) Min Capacity: 8M(1%)
[2026-04-03T03:20:23.603+0600][58.432s][info][gc,heap     ] GC(96) Max Capacity: 1000M(100%)
[2026-04-03T03:20:23.603+0600][58.432s][info][gc,heap     ] GC(96) Soft Max Capacity: 1000M(100%)
[2026-04-03T03:20:23.603+0600][58.432s][info][gc,heap     ] GC(96)                Mark Start          Mark End        Relocate Start      Relocate End           High               Low         
[2026-04-03T03:20:23.603+0600][58.432s][info][gc,heap     ] GC(96)  Capacity:     1000M (100%)       1000M (100%)       1000M (100%)       1000M (100%)       1000M (100%)       1000M (100%)   
[2026-04-03T03:20:23.603+0600][58.432s][info][gc,heap     ] GC(96)      Free:      428M (43%)           0M (0%)            0M (0%)          264M (26%)         428M (43%)           0M (0%)     
[2026-04-03T03:20:23.603+0600][58.432s][info][gc,heap     ] GC(96)      Used:      572M (57%)        1000M (100%)       1000M (100%)        736M (74%)        1000M (100%)        572M (57%)    
[2026-04-03T03:20:23.603+0600][58.432s][info][gc,heap     ] GC(96)      Live:         -               274M (27%)         274M (27%)         274M (27%)            -                  -          
[2026-04-03T03:20:23.603+0600][58.432s][info][gc,heap     ] GC(96) Allocated:         -               428M (43%)         428M (43%)         433M (43%)            -                  -          
[2026-04-03T03:20:23.603+0600][58.432s][info][gc,heap     ] GC(96)   Garbage:         -               297M (30%)         297M (30%)          27M (3%)             -                  -          
[2026-04-03T03:20:23.603+0600][58.432s][info][gc,heap     ] GC(96) Reclaimed:         -                  -                 0M (0%)          269M (27%)            -                  -          
[2026-04-03T03:20:23.603+0600][58.432s][info][gc          ] GC(96) Garbage Collection (Allocation Stall) 572M(57%)->736M(74%)
[2026-04-03T03:20:23.685+0600][58.514s][info][gc,start    ] GC(97) Garbage Collection (Allocation Stall)
[2026-04-03T03:20:23.685+0600][58.514s][info][gc,ref      ] GC(97) Clearing All SoftReferences
[2026-04-03T03:20:23.685+0600][58.514s][info][gc,task     ] GC(97) Using 3 workers
[2026-04-03T03:20:23.686+0600][58.514s][info][gc,ref      ] GC(97) Clearing All SoftReferences
[2026-04-03T03:20:23.686+0600][58.514s][info][gc,phases   ] GC(97) Pause Mark Start 0.038ms
[2026-04-03T03:20:24.165+0600][58.994s][info][gc,phases   ] GC(97) Concurrent Mark 479.232ms
[2026-04-03T03:20:24.165+0600][58.994s][info][gc,phases   ] GC(97) Pause Mark End 0.024ms
[2026-04-03T03:20:24.165+0600][58.994s][info][gc,phases   ] GC(97) Concurrent Mark Free 0.001ms
[2026-04-03T03:20:24.173+0600][59.001s][info][gc,phases   ] GC(97) Concurrent Process Non-Strong References 7.308ms
[2026-04-03T03:20:24.173+0600][59.001s][info][gc,phases   ] GC(97) Concurrent Reset Relocation Set 0.019ms
[2026-04-03T03:20:24.176+0600][59.005s][info][gc          ] Allocation Stall (Executor task launch worker for task 0.0 in stage 15.0 (TID 24)) 319.086ms
[2026-04-03T03:20:24.176+0600][59.005s][info][gc          ] Allocation Stall (Executor task launch worker for task 1.0 in stage 15.0 (TID 25)) 321.723ms
[2026-04-03T03:20:24.176+0600][59.005s][info][gc          ] Allocation Stall (Executor task launch worker for task 2.0 in stage 15.0 (TID 26)) 314.967ms
[2026-04-03T03:20:24.183+0600][59.011s][info][gc,phases   ] GC(97) Concurrent Select Relocation Set 9.954ms
[2026-04-03T03:20:24.183+0600][59.012s][info][gc,phases   ] GC(97) Pause Relocate Start 0.017ms
[2026-04-03T03:20:24.219+0600][59.048s][info][gc          ] Relocation Stall (Executor task launch worker for task 1.0 in stage 15.0 (TID 25)) 35.668ms
[2026-04-03T03:20:24.219+0600][59.048s][info][gc,phases   ] GC(97) Concurrent Relocate 35.927ms
[2026-04-03T03:20:24.219+0600][59.048s][info][gc,load     ] GC(97) Load: 5.43/5.14/5.50
[2026-04-03T03:20:24.219+0600][59.048s][info][gc,mmu      ] GC(97) MMU: 2ms/92.1%, 5ms/96.8%, 10ms/98.4%, 20ms/99.2%, 50ms/99.7%, 100ms/99.8%
[2026-04-03T03:20:24.219+0600][59.048s][info][gc,marking  ] GC(97) Mark: 2 stripe(s), 2 proactive flush(es), 1 terminate flush(es), 0 completion(s), 0 continuation(s) 
[2026-04-03T03:20:24.219+0600][59.048s][info][gc,marking  ] GC(97) Mark Stack Usage: 32M
[2026-04-03T03:20:24.219+0600][59.048s][info][gc,nmethod  ] GC(97) NMethods: 6851 registered, 705 unregistered
[2026-04-03T03:20:24.219+0600][59.048s][info][gc,metaspace] GC(97) Metaspace: 70M used, 72M committed, 1088M reserved
[2026-04-03T03:20:24.219+0600][59.048s][info][gc,ref      ] GC(97) Soft: 2787 encountered, 348 discovered, 0 enqueued
[2026-04-03T03:20:24.219+0600][59.048s][info][gc,ref      ] GC(97) Weak: 5938 encountered, 1557 discovered, 0 enqueued
[2026-04-03T03:20:24.219+0600][59.048s][info][gc,ref      ] GC(97) Final: 84 encountered, 2 discovered, 0 enqueued
[2026-04-03T03:20:24.219+0600][59.048s][info][gc,ref      ] GC(97) Phantom: 603 encountered, 490 discovered, 0 enqueued
[2026-04-03T03:20:24.219+0600][59.048s][info][gc,reloc    ] GC(97) Small Pages: 397 / 794M, Empty: 0M, Relocated: 26M, In-Place: 3
[2026-04-03T03:20:24.219+0600][59.048s][info][gc,reloc    ] GC(97) Medium Pages: 1 / 16M, Empty: 0M, Relocated: 0M, In-Place: 0
[2026-04-03T03:20:24.219+0600][59.048s][info][gc,reloc    ] GC(97) Large Pages: 6 / 46M, Empty: 6M, Relocated: 0M, In-Place: 0
[2026-04-03T03:20:24.219+0600][59.048s][info][gc,reloc    ] GC(97) Forwarding Usage: 24M
[2026-04-03T03:20:24.219+0600][59.048s][info][gc,heap     ] GC(97) Min Capacity: 8M(1%)
[2026-04-03T03:20:24.219+0600][59.048s][info][gc,heap     ] GC(97) Max Capacity: 1000M(100%)
[2026-04-03T03:20:24.219+0600][59.048s][info][gc,heap     ] GC(97) Soft Max Capacity: 1000M(100%)
[2026-04-03T03:20:24.219+0600][59.048s][info][gc,heap     ] GC(97)                Mark Start          Mark End        Relocate Start      Relocate End           High               Low         
[2026-04-03T03:20:24.220+0600][59.048s][info][gc,heap     ] GC(97)  Capacity:     1000M (100%)       1000M (100%)       1000M (100%)       1000M (100%)       1000M (100%)       1000M (100%)   
[2026-04-03T03:20:24.220+0600][59.048s][info][gc,heap     ] GC(97)      Free:      144M (14%)           0M (0%)            0M (0%)          524M (52%)         524M (52%)           0M (0%)     
[2026-04-03T03:20:24.220+0600][59.048s][info][gc,heap     ] GC(97)      Used:      856M (86%)        1000M (100%)       1000M (100%)        476M (48%)        1000M (100%)        476M (48%)    
[2026-04-03T03:20:24.220+0600][59.048s][info][gc,heap     ] GC(97)      Live:         -               294M (29%)         294M (29%)         294M (29%)            -                  -          
[2026-04-03T03:20:24.220+0600][59.048s][info][gc,heap     ] GC(97) Allocated:         -               144M (14%)         150M (15%)         149M (15%)            -                  -          
[2026-04-03T03:20:24.220+0600][59.048s][info][gc,heap     ] GC(97)   Garbage:         -               561M (56%)         555M (56%)          31M (3%)             -                  -          
[2026-04-03T03:20:24.220+0600][59.048s][info][gc,heap     ] GC(97) Reclaimed:         -                  -                 6M (1%)          529M (53%)            -                  -          
[2026-04-03T03:20:24.220+0600][59.048s][info][gc          ] GC(97) Garbage Collection (Allocation Stall) 856M(86%)->476M(48%)
[2026-04-03T03:20:24.285+0600][59.114s][info][gc,start    ] GC(98) Garbage Collection (Allocation Stall)
[2026-04-03T03:20:24.285+0600][59.114s][info][gc,ref      ] GC(98) Clearing All SoftReferences
[2026-04-03T03:20:24.285+0600][59.114s][info][gc,task     ] GC(98) Using 3 workers
[2026-04-03T03:20:24.286+0600][59.114s][info][gc,ref      ] GC(98) Clearing All SoftReferences
[2026-04-03T03:20:24.286+0600][59.114s][info][gc,phases   ] GC(98) Pause Mark Start 0.056ms
[2026-04-03T03:20:24.950+0600][59.779s][info][gc,phases   ] GC(98) Concurrent Mark 664.370ms
[2026-04-03T03:20:24.950+0600][59.779s][info][gc,phases   ] GC(98) Pause Mark End 0.030ms
[2026-04-03T03:20:24.950+0600][59.779s][info][gc,phases   ] GC(98) Concurrent Mark Free 0.001ms
[2026-04-03T03:20:24.957+0600][59.786s][info][gc,phases   ] GC(98) Concurrent Process Non-Strong References 6.612ms
[2026-04-03T03:20:24.957+0600][59.786s][info][gc,phases   ] GC(98) Concurrent Reset Relocation Set 0.036ms
[2026-04-03T03:20:24.963+0600][59.791s][info][gc,phases   ] GC(98) Concurrent Select Relocation Set 5.388ms
[2026-04-03T03:20:24.963+0600][59.792s][info][gc,phases   ] GC(98) Pause Relocate Start 0.016ms
[2026-04-03T03:20:24.970+0600][59.799s][info][gc          ] Relocation Stall (Executor task launch worker for task 2.0 in stage 15.0 (TID 26)) 6.832ms
[2026-04-03T03:20:24.974+0600][59.803s][info][gc          ] Relocation Stall (Executor task launch worker for task 0.0 in stage 15.0 (TID 24)) 10.956ms
[2026-04-03T03:20:24.974+0600][59.803s][info][gc          ] Allocation Stall (Executor task launch worker for task 0.0 in stage 15.0 (TID 24)) 140.353ms
[2026-04-03T03:20:24.974+0600][59.803s][info][gc          ] Allocation Stall (Executor task launch worker for task 2.0 in stage 15.0 (TID 26)) 135.906ms
[2026-04-03T03:20:24.974+0600][59.803s][info][gc          ] Relocation Stall (Executor task launch worker for task 1.0 in stage 15.0 (TID 25)) 10.751ms
[2026-04-03T03:20:24.974+0600][59.803s][info][gc          ] Allocation Stall (Executor task launch worker for task 1.0 in stage 15.0 (TID 25)) 138.482ms
[2026-04-03T03:20:24.982+0600][59.811s][info][gc,phases   ] GC(98) Concurrent Relocate 18.835ms
[2026-04-03T03:20:24.982+0600][59.811s][info][gc,load     ] GC(98) Load: 5.43/5.14/5.50
[2026-04-03T03:20:24.982+0600][59.811s][info][gc,mmu      ] GC(98) MMU: 2ms/92.1%, 5ms/96.8%, 10ms/98.4%, 20ms/99.2%, 50ms/99.7%, 100ms/99.8%
[2026-04-03T03:20:24.982+0600][59.811s][info][gc,marking  ] GC(98) Mark: 2 stripe(s), 2 proactive flush(es), 1 terminate flush(es), 0 completion(s), 0 continuation(s) 
[2026-04-03T03:20:24.982+0600][59.811s][info][gc,marking  ] GC(98) Mark Stack Usage: 32M
[2026-04-03T03:20:24.982+0600][59.811s][info][gc,nmethod  ] GC(98) NMethods: 6851 registered, 705 unregistered
[2026-04-03T03:20:24.982+0600][59.811s][info][gc,metaspace] GC(98) Metaspace: 70M used, 72M committed, 1088M reserved
[2026-04-03T03:20:24.982+0600][59.811s][info][gc,ref      ] GC(98) Soft: 2787 encountered, 1917 discovered, 0 enqueued
[2026-04-03T03:20:24.982+0600][59.811s][info][gc,ref      ] GC(98) Weak: 5938 encountered, 1602 discovered, 0 enqueued
[2026-04-03T03:20:24.982+0600][59.811s][info][gc,ref      ] GC(98) Final: 84 encountered, 18 discovered, 0 enqueued
[2026-04-03T03:20:24.982+0600][59.811s][info][gc,ref      ] GC(98) Phantom: 603 encountered, 346 discovered, 0 enqueued
[2026-04-03T03:20:24.982+0600][59.811s][info][gc,reloc    ] GC(98) Small Pages: 255 / 510M, Empty: 0M, Relocated: 13M, In-Place: 3
[2026-04-03T03:20:24.982+0600][59.811s][info][gc,reloc    ] GC(98) Medium Pages: 1 / 16M, Empty: 0M, Relocated: 0M, In-Place: 0
[2026-04-03T03:20:24.982+0600][59.811s][info][gc,reloc    ] GC(98) Large Pages: 5 / 40M, Empty: 0M, Relocated: 0M, In-Place: 0
[2026-04-03T03:20:24.982+0600][59.811s][info][gc,reloc    ] GC(98) Forwarding Usage: 11M
[2026-04-03T03:20:24.982+0600][59.811s][info][gc,heap     ] GC(98) Min Capacity: 8M(1%)
[2026-04-03T03:20:24.982+0600][59.811s][info][gc,heap     ] GC(98) Max Capacity: 1000M(100%)
[2026-04-03T03:20:24.982+0600][59.811s][info][gc,heap     ] GC(98) Soft Max Capacity: 1000M(100%)
[2026-04-03T03:20:24.982+0600][59.811s][info][gc,heap     ] GC(98)                Mark Start          Mark End        Relocate Start      Relocate End           High               Low         
[2026-04-03T03:20:24.982+0600][59.811s][info][gc,heap     ] GC(98)  Capacity:     1000M (100%)       1000M (100%)       1000M (100%)       1000M (100%)       1000M (100%)       1000M (100%)   
[2026-04-03T03:20:24.982+0600][59.811s][info][gc,heap     ] GC(98)      Free:      434M (43%)           0M (0%)            0M (0%)          224M (22%)         434M (43%)           0M (0%)     
[2026-04-03T03:20:24.982+0600][59.811s][info][gc,heap     ] GC(98)      Used:      566M (57%)        1000M (100%)       1000M (100%)        776M (78%)        1000M (100%)        566M (57%)    
[2026-04-03T03:20:24.982+0600][59.811s][info][gc,heap     ] GC(98)      Live:         -               300M (30%)         300M (30%)         300M (30%)            -                  -          
[2026-04-03T03:20:24.982+0600][59.811s][info][gc,heap     ] GC(98) Allocated:         -               434M (43%)         434M (43%)         441M (44%)            -                  -          
[2026-04-03T03:20:24.982+0600][59.811s][info][gc,heap     ] GC(98)   Garbage:         -               265M (27%)         265M (27%)          33M (3%)             -                  -          
[2026-04-03T03:20:24.982+0600][59.811s][info][gc,heap     ] GC(98) Reclaimed:         -                  -                 0M (0%)          231M (23%)            -                  -          
[2026-04-03T03:20:24.982+0600][59.811s][info][gc          ] GC(98) Garbage Collection (Allocation Stall) 566M(57%)->776M(78%)
[2026-04-03T03:20:24.985+0600][59.814s][info][gc,start    ] GC(99) Garbage Collection (Allocation Stall)
[2026-04-03T03:20:24.985+0600][59.814s][info][gc,ref      ] GC(99) Clearing All SoftReferences
[2026-04-03T03:20:24.985+0600][59.814s][info][gc,task     ] GC(99) Using 3 workers
[2026-04-03T03:20:24.986+0600][59.814s][info][gc,ref      ] GC(99) Clearing All SoftReferences
[2026-04-03T03:20:24.986+0600][59.814s][info][gc,phases   ] GC(99) Pause Mark Start 0.084ms
[2026-04-03T03:20:25.285+0600][60.114s][info][gc,stats    ] === Garbage Collection Statistics =======================================================================================================================
[2026-04-03T03:20:25.285+0600][60.114s][info][gc,stats    ]                                                              Last 10s              Last 10m              Last 10h                Total
[2026-04-03T03:20:25.285+0600][60.114s][info][gc,stats    ]                                                              Avg / Max             Avg / Max             Avg / Max             Avg / Max
[2026-04-03T03:20:25.285+0600][60.114s][info][gc,stats    ]   Collector: Garbage Collection Cycle                    589.572 / 810.506     401.487 / 988.634     401.487 / 988.634     401.487 / 988.634     ms
[2026-04-03T03:20:25.285+0600][60.114s][info][gc,stats    ]  Contention: Mark Segment Reset Contention                     9 / 17                6 / 27                6 / 27                6 / 27          ops/s
[2026-04-03T03:20:25.285+0600][60.114s][info][gc,stats    ]  Contention: Mark SeqNum Reset Contention                      0 / 1                 0 / 4                 0 / 4                 0 / 4           ops/s
[2026-04-03T03:20:25.285+0600][60.114s][info][gc,stats    ]    Critical: Allocation Stall                                  2 / 7                 1 / 8                 1 / 8                 1 / 8           ops/s
[2026-04-03T03:20:25.285+0600][60.114s][info][gc,stats    ]    Critical: Allocation Stall                            205.225 / 321.723     175.599 / 389.839     175.599 / 389.839     175.599 / 389.839     ms
[2026-04-03T03:20:25.285+0600][60.114s][info][gc,stats    ]    Critical: GC Locker Stall                                   0 / 0                 0 / 3                 0 / 3                 0 / 3           ops/s
[2026-04-03T03:20:25.285+0600][60.114s][info][gc,stats    ]    Critical: GC Locker Stall                               0.000 / 0.000         0.001 / 0.001         0.001 / 0.001         0.001 / 0.001       ms
[2026-04-03T03:20:25.285+0600][60.114s][info][gc,stats    ]    Critical: Relocation Stall                                  0 / 4                 0 / 4                 0 / 4                 0 / 4           ops/s
[2026-04-03T03:20:25.285+0600][60.114s][info][gc,stats    ]    Critical: Relocation Stall                             12.844 / 35.668       11.010 / 35.668       11.010 / 35.668       11.010 / 35.668      ms
[2026-04-03T03:20:25.285+0600][60.114s][info][gc,stats    ]      Memory: Allocation Rate                                 528 / 716             497 / 2572            497 / 2572            497 / 2572        MB/s
[2026-04-03T03:20:25.285+0600][60.114s][info][gc,stats    ]      Memory: Defragment                                        8 / 30                6 / 58                6 / 58                6 / 58          ops/s
[2026-04-03T03:20:25.285+0600][60.114s][info][gc,stats    ]      Memory: Out Of Memory                                     0 / 0                 0 / 0                 0 / 0                 0 / 0           ops/s
[2026-04-03T03:20:25.285+0600][60.114s][info][gc,stats    ]      Memory: Page Cache Flush                                 41 / 74               29 / 126              29 / 126              29 / 126         MB/s
[2026-04-03T03:20:25.285+0600][60.114s][info][gc,stats    ]      Memory: Page Cache Hit L1                               259 / 345             236 / 1314            236 / 1314            236 / 1314        ops/s
[2026-04-03T03:20:25.285+0600][60.114s][info][gc,stats    ]      Memory: Page Cache Hit L2                                 0 / 0                 0 / 0                 0 / 0                 0 / 0           ops/s
[2026-04-03T03:20:25.286+0600][60.114s][info][gc,stats    ]      Memory: Page Cache Hit L3                                 7 / 24                7 / 64                7 / 64                7 / 64          ops/s
[2026-04-03T03:20:25.286+0600][60.114s][info][gc,stats    ]      Memory: Page Cache Miss                                   2 / 9                 6 / 142               6 / 142               6 / 142         ops/s
[2026-04-03T03:20:25.286+0600][60.114s][info][gc,stats    ]      Memory: Uncommit                                          0 / 0                 0 / 0                 0 / 0                 0 / 0           MB/s
[2026-04-03T03:20:25.286+0600][60.114s][info][gc,stats    ]      Memory: Undo Object Allocation Failed                     0 / 0                 0 / 0                 0 / 0                 0 / 0           ops/s
[2026-04-03T03:20:25.286+0600][60.114s][info][gc,stats    ]      Memory: Undo Object Allocation Succeeded                  2 / 9                34 / 1977             34 / 1977             34 / 1977        ops/s
[2026-04-03T03:20:25.286+0600][60.114s][info][gc,stats    ]      Memory: Undo Page Allocation                              0 / 1                 0 / 2                 0 / 2                 0 / 2           ops/s
[2026-04-03T03:20:25.286+0600][60.114s][info][gc,stats    ]       Phase: Concurrent Mark                             533.457 / 757.439     358.627 / 978.999     358.627 / 978.999     358.627 / 978.999     ms
[2026-04-03T03:20:25.286+0600][60.114s][info][gc,stats    ]       Phase: Concurrent Mark Continue                      0.000 / 0.000         0.000 / 0.000         0.000 / 0.000         0.000 / 0.000       ms
[2026-04-03T03:20:25.286+0600][60.114s][info][gc,stats    ]       Phase: Concurrent Mark Free                          0.002 / 0.005         0.002 / 0.007         0.002 / 0.007         0.002 / 0.007       ms
[2026-04-03T03:20:25.286+0600][60.114s][info][gc,stats    ]       Phase: Concurrent Process Non-Strong References     11.306 / 26.132        9.016 / 29.081        9.016 / 29.081        9.016 / 29.081      ms
[2026-04-03T03:20:25.286+0600][60.114s][info][gc,stats    ]       Phase: Concurrent Relocate                          35.105 / 85.596       25.653 / 139.864      25.653 / 139.864      25.653 / 139.864     ms
[2026-04-03T03:20:25.286+0600][60.114s][info][gc,stats    ]       Phase: Concurrent Reset Relocation Set               0.026 / 0.079         0.016 / 0.079         0.016 / 0.079         0.016 / 0.079       ms
[2026-04-03T03:20:25.286+0600][60.114s][info][gc,stats    ]       Phase: Concurrent Select Relocation Set              7.868 / 16.403        6.470 / 32.379        6.470 / 32.379        6.470 / 32.379      ms
[2026-04-03T03:20:25.286+0600][60.114s][info][gc,stats    ]       Phase: Pause Mark End                                0.035 / 0.097         0.029 / 0.097         0.029 / 0.097         0.029 / 0.097       ms
[2026-04-03T03:20:25.286+0600][60.114s][info][gc,stats    ]       Phase: Pause Mark Start                              0.061 / 0.158         0.031 / 0.158         0.031 / 0.158         0.031 / 0.158       ms
[2026-04-03T03:20:25.286+0600][60.114s][info][gc,stats    ]       Phase: Pause Relocate Start                          0.016 / 0.020         0.018 / 0.092         0.018 / 0.092         0.018 / 0.092       ms
[2026-04-03T03:20:25.286+0600][60.114s][info][gc,stats    ]    Subphase: Concurrent Classes Purge                      0.062 / 0.357         0.103 / 0.640         0.103 / 0.640         0.103 / 0.640       ms
[2026-04-03T03:20:25.286+0600][60.114s][info][gc,stats    ]    Subphase: Concurrent Classes Unlink                     9.313 / 23.974        7.116 / 25.921        7.116 / 25.921        7.116 / 25.921      ms
[2026-04-03T03:20:25.286+0600][60.114s][info][gc,stats    ]    Subphase: Concurrent Mark                             531.978 / 756.285     369.069 / 978.365     369.069 / 978.365     369.069 / 978.365     ms
[2026-04-03T03:20:25.286+0600][60.114s][info][gc,stats    ]    Subphase: Concurrent Mark Try Flush                     0.285 / 0.737         0.247 / 4.637         0.247 / 4.637         0.247 / 4.637       ms
[2026-04-03T03:20:25.286+0600][60.114s][info][gc,stats    ]    Subphase: Concurrent Mark Try Terminate                 0.981 / 1.236         1.068 / 1.450         1.068 / 1.450         1.068 / 1.450       ms
[2026-04-03T03:20:25.286+0600][60.114s][info][gc,stats    ]    Subphase: Concurrent References Enqueue                 0.003 / 0.013         0.004 / 0.015         0.004 / 0.015         0.004 / 0.015       ms
[2026-04-03T03:20:25.286+0600][60.114s][info][gc,stats    ]    Subphase: Concurrent References Process                 0.541 / 0.911         0.467 / 1.197         0.467 / 1.197         0.467 / 1.197       ms
[2026-04-03T03:20:25.286+0600][60.114s][info][gc,stats    ]    Subphase: Concurrent Roots ClassLoaderDataGraph         0.254 / 0.705         0.246 / 0.814         0.246 / 0.814         0.246 / 0.814       ms
[2026-04-03T03:20:25.286+0600][60.114s][info][gc,stats    ]    Subphase: Concurrent Roots CodeCache                    0.000 / 0.000         0.000 / 0.000         0.000 / 0.000         0.000 / 0.000       ms
[2026-04-03T03:20:25.286+0600][60.114s][info][gc,stats    ]    Subphase: Concurrent Roots JavaThreads                  0.514 / 0.896         0.439 / 2.262         0.439 / 2.262         0.439 / 2.262       ms
[2026-04-03T03:20:25.286+0600][60.114s][info][gc,stats    ]    Subphase: Concurrent Roots OopStorageSet                0.050 / 0.121         0.047 / 0.262         0.047 / 0.262         0.047 / 0.262       ms
[2026-04-03T03:20:25.286+0600][60.114s][info][gc,stats    ]    Subphase: Concurrent Weak Roots OopStorageSet           0.781 / 1.239         0.782 / 1.963         0.782 / 1.963         0.782 / 1.963       ms
[2026-04-03T03:20:25.286+0600][60.114s][info][gc,stats    ]    Subphase: Pause Mark Try Complete                       0.000 / 0.000         0.000 / 0.000         0.000 / 0.000         0.000 / 0.000       ms
[2026-04-03T03:20:25.286+0600][60.114s][info][gc,stats    ]      System: Java Threads                                    136 / 138              87 / 138              87 / 138              87 / 138         threads
[2026-04-03T03:20:25.286+0600][60.115s][info][gc,stats    ] =========================================================================================================================================================
[2026-04-03T03:20:25.618+0600][60.446s][info][gc,phases   ] GC(99) Concurrent Mark 632.021ms
[2026-04-03T03:20:25.618+0600][60.447s][info][gc,phases   ] GC(99) Pause Mark End 0.033ms
[2026-04-03T03:20:25.618+0600][60.447s][info][gc,phases   ] GC(99) Concurrent Mark Free 0.003ms
[2026-04-03T03:20:25.627+0600][60.456s][info][gc,phases   ] GC(99) Concurrent Process Non-Strong References 8.405ms
[2026-04-03T03:20:25.627+0600][60.456s][info][gc,phases   ] GC(99) Concurrent Reset Relocation Set 0.013ms
[2026-04-03T03:20:25.630+0600][60.458s][info][gc          ] Allocation Stall (Executor task launch worker for task 0.0 in stage 15.0 (TID 24)) 388.317ms
[2026-04-03T03:20:25.630+0600][60.458s][info][gc          ] Allocation Stall (Executor task launch worker for task 2.0 in stage 15.0 (TID 26)) 351.784ms
[2026-04-03T03:20:25.632+0600][60.461s][info][gc,phases   ] GC(99) Concurrent Select Relocation Set 5.020ms
[2026-04-03T03:20:25.634+0600][60.463s][info][gc,phases   ] GC(99) Pause Relocate Start 0.017ms
[2026-04-03T03:20:25.635+0600][60.464s][info][gc          ] Allocation Stall (Executor task launch worker for task 1.0 in stage 15.0 (TID 25)) 260.524ms
[2026-04-03T03:20:25.651+0600][60.479s][info][gc          ] Relocation Stall (Executor task launch worker for task 0.0 in stage 15.0 (TID 24)) 16.181ms
[2026-04-03T03:20:25.651+0600][60.479s][info][gc          ] Relocation Stall (Executor task launch worker for task 2.0 in stage 15.0 (TID 26)) 16.213ms
[2026-04-03T03:20:25.668+0600][60.497s][info][gc,phases   ] GC(99) Concurrent Relocate 33.350ms
[2026-04-03T03:20:25.668+0600][60.497s][info][gc,load     ] GC(99) Load: 5.32/5.12/5.49
[2026-04-03T03:20:25.668+0600][60.497s][info][gc,mmu      ] GC(99) MMU: 2ms/92.1%, 5ms/96.8%, 10ms/98.4%, 20ms/99.2%, 50ms/99.7%, 100ms/99.8%
[2026-04-03T03:20:25.668+0600][60.497s][info][gc,marking  ] GC(99) Mark: 2 stripe(s), 2 proactive flush(es), 1 terminate flush(es), 0 completion(s), 0 continuation(s) 
[2026-04-03T03:20:25.668+0600][60.497s][info][gc,marking  ] GC(99) Mark Stack Usage: 32M
[2026-04-03T03:20:25.668+0600][60.497s][info][gc,nmethod  ] GC(99) NMethods: 6851 registered, 705 unregistered
[2026-04-03T03:20:25.668+0600][60.497s][info][gc,metaspace] GC(99) Metaspace: 70M used, 72M committed, 1088M reserved
[2026-04-03T03:20:25.668+0600][60.497s][info][gc,ref      ] GC(99) Soft: 2787 encountered, 330 discovered, 0 enqueued
[2026-04-03T03:20:25.668+0600][60.497s][info][gc,ref      ] GC(99) Weak: 5938 encountered, 2496 discovered, 0 enqueued
[2026-04-03T03:20:25.668+0600][60.497s][info][gc,ref      ] GC(99) Final: 84 encountered, 18 discovered, 0 enqueued
[2026-04-03T03:20:25.668+0600][60.497s][info][gc,ref      ] GC(99) Phantom: 600 encountered, 425 discovered, 0 enqueued
[2026-04-03T03:20:25.668+0600][60.497s][info][gc,reloc    ] GC(99) Small Pages: 345 / 690M, Empty: 0M, Relocated: 17M, In-Place: 3
[2026-04-03T03:20:25.668+0600][60.497s][info][gc,reloc    ] GC(99) Medium Pages: 1 / 16M, Empty: 0M, Relocated: 0M, In-Place: 0
[2026-04-03T03:20:25.668+0600][60.497s][info][gc,reloc    ] GC(99) Large Pages: 7 / 76M, Empty: 20M, Relocated: 0M, In-Place: 0
[2026-04-03T03:20:25.668+0600][60.497s][info][gc,reloc    ] GC(99) Forwarding Usage: 14M
[2026-04-03T03:20:25.668+0600][60.497s][info][gc,heap     ] GC(99) Min Capacity: 8M(1%)
[2026-04-03T03:20:25.668+0600][60.497s][info][gc,heap     ] GC(99) Max Capacity: 1000M(100%)
[2026-04-03T03:20:25.668+0600][60.497s][info][gc,heap     ] GC(99) Soft Max Capacity: 1000M(100%)
[2026-04-03T03:20:25.668+0600][60.497s][info][gc,heap     ] GC(99)                Mark Start          Mark End        Relocate Start      Relocate End           High               Low         
[2026-04-03T03:20:25.668+0600][60.497s][info][gc,heap     ] GC(99)  Capacity:     1000M (100%)       1000M (100%)       1000M (100%)       1000M (100%)       1000M (100%)       1000M (100%)   
[2026-04-03T03:20:25.668+0600][60.497s][info][gc,heap     ] GC(99)      Free:      218M (22%)           0M (0%)            0M (0%)          388M (39%)         390M (39%)           0M (0%)     
[2026-04-03T03:20:25.668+0600][60.497s][info][gc,heap     ] GC(99)      Used:      782M (78%)        1000M (100%)       1000M (100%)        612M (61%)        1000M (100%)        610M (61%)    
[2026-04-03T03:20:25.668+0600][60.497s][info][gc,heap     ] GC(99)      Live:         -               327M (33%)         327M (33%)         327M (33%)            -                  -          
[2026-04-03T03:20:25.668+0600][60.497s][info][gc,heap     ] GC(99) Allocated:         -               218M (22%)         238M (24%)         247M (25%)            -                  -          
[2026-04-03T03:20:25.668+0600][60.497s][info][gc,heap     ] GC(99)   Garbage:         -               454M (45%)         434M (43%)          36M (4%)             -                  -          
[2026-04-03T03:20:25.668+0600][60.497s][info][gc,heap     ] GC(99) Reclaimed:         -                  -                20M (2%)          417M (42%)            -                  -          
[2026-04-03T03:20:25.668+0600][60.497s][info][gc          ] GC(99) Garbage Collection (Allocation Stall) 782M(78%)->612M(61%)
[2026-04-03T03:20:25.685+0600][60.514s][info][gc,start    ] GC(100) Garbage Collection (Allocation Stall)
[2026-04-03T03:20:25.685+0600][60.514s][info][gc,ref      ] GC(100) Clearing All SoftReferences
[2026-04-03T03:20:25.685+0600][60.514s][info][gc,task     ] GC(100) Using 3 workers
[2026-04-03T03:20:25.686+0600][60.514s][info][gc,ref      ] GC(100) Clearing All SoftReferences
[2026-04-03T03:20:25.686+0600][60.514s][info][gc,phases   ] GC(100) Pause Mark Start 0.061ms
[2026-04-03T03:20:26.441+0600][61.270s][info][gc,phases   ] GC(100) Concurrent Mark 755.187ms
[2026-04-03T03:20:26.442+0600][61.270s][info][gc,phases   ] GC(100) Pause Mark End 0.041ms
[2026-04-03T03:20:26.442+0600][61.270s][info][gc,phases   ] GC(100) Concurrent Mark Free 0.002ms
[2026-04-03T03:20:26.451+0600][61.279s][info][gc,phases   ] GC(100) Concurrent Process Non-Strong References 9.002ms
[2026-04-03T03:20:26.451+0600][61.280s][info][gc,phases   ] GC(100) Concurrent Reset Relocation Set 0.036ms
[2026-04-03T03:20:26.457+0600][61.285s][info][gc,phases   ] GC(100) Concurrent Select Relocation Set 5.744ms
[2026-04-03T03:20:26.457+0600][61.286s][info][gc,phases   ] GC(100) Pause Relocate Start 0.016ms
[2026-04-03T03:20:26.485+0600][61.313s][info][gc,phases   ] GC(100) Concurrent Relocate 27.503ms
[2026-04-03T03:20:26.485+0600][61.313s][info][gc,load     ] GC(100) Load: 5.32/5.12/5.49
[2026-04-03T03:20:26.485+0600][61.313s][info][gc,mmu      ] GC(100) MMU: 2ms/92.1%, 5ms/96.8%, 10ms/98.4%, 20ms/99.2%, 50ms/99.7%, 100ms/99.8%
[2026-04-03T03:20:26.485+0600][61.313s][info][gc,marking  ] GC(100) Mark: 2 stripe(s), 10 proactive flush(es), 1 terminate flush(es), 0 completion(s), 0 continuation(s) 
[2026-04-03T03:20:26.485+0600][61.313s][info][gc,marking  ] GC(100) Mark Stack Usage: 32M
[2026-04-03T03:20:26.485+0600][61.313s][info][gc,nmethod  ] GC(100) NMethods: 6869 registered, 705 unregistered
[2026-04-03T03:20:26.485+0600][61.313s][info][gc,metaspace] GC(100) Metaspace: 70M used, 72M committed, 1088M reserved
[2026-04-03T03:20:26.485+0600][61.314s][info][gc,ref      ] GC(100) Soft: 2787 encountered, 1829 discovered, 0 enqueued
[2026-04-03T03:20:26.485+0600][61.314s][info][gc,ref      ] GC(100) Weak: 5936 encountered, 1694 discovered, 0 enqueued
[2026-04-03T03:20:26.485+0600][61.314s][info][gc,ref      ] GC(100) Final: 84 encountered, 2 discovered, 0 enqueued
[2026-04-03T03:20:26.485+0600][61.314s][info][gc,ref      ] GC(100) Phantom: 601 encountered, 432 discovered, 0 enqueued
[2026-04-03T03:20:26.485+0600][61.314s][info][gc,reloc    ] GC(100) Small Pages: 254 / 508M, Empty: 0M, Relocated: 13M, In-Place: 0
[2026-04-03T03:20:26.485+0600][61.314s][info][gc,reloc    ] GC(100) Medium Pages: 2 / 32M, Empty: 16M, Relocated: 0M, In-Place: 0
[2026-04-03T03:20:26.485+0600][61.314s][info][gc,reloc    ] GC(100) Large Pages: 7 / 78M, Empty: 0M, Relocated: 0M, In-Place: 0
[2026-04-03T03:20:26.485+0600][61.314s][info][gc,reloc    ] GC(100) Forwarding Usage: 11M
[2026-04-03T03:20:26.485+0600][61.314s][info][gc,heap     ] GC(100) Min Capacity: 8M(1%)
[2026-04-03T03:20:26.485+0600][61.314s][info][gc,heap     ] GC(100) Max Capacity: 1000M(100%)
[2026-04-03T03:20:26.485+0600][61.314s][info][gc,heap     ] GC(100) Soft Max Capacity: 1000M(100%)
[2026-04-03T03:20:26.485+0600][61.314s][info][gc,heap     ] GC(100)                Mark Start          Mark End        Relocate Start      Relocate End           High               Low         
[2026-04-03T03:20:26.485+0600][61.314s][info][gc,heap     ] GC(100)  Capacity:     1000M (100%)       1000M (100%)       1000M (100%)       1000M (100%)       1000M (100%)       1000M (100%)   
[2026-04-03T03:20:26.485+0600][61.314s][info][gc,heap     ] GC(100)      Free:      382M (38%)         226M (23%)         240M (24%)         446M (45%)         446M (45%)         224M (22%)    
[2026-04-03T03:20:26.485+0600][61.314s][info][gc,heap     ] GC(100)      Used:      618M (62%)         774M (77%)         760M (76%)         554M (55%)         776M (78%)         554M (55%)    
[2026-04-03T03:20:26.485+0600][61.314s][info][gc,heap     ] GC(100)      Live:         -               355M (36%)         355M (36%)         355M (36%)            -                  -          
[2026-04-03T03:20:26.485+0600][61.314s][info][gc,heap     ] GC(100) Allocated:         -               156M (16%)         158M (16%)         161M (16%)            -                  -          
[2026-04-03T03:20:26.485+0600][61.314s][info][gc,heap     ] GC(100)   Garbage:         -               262M (26%)         246M (25%)          36M (4%)             -                  -          
[2026-04-03T03:20:26.485+0600][61.314s][info][gc,heap     ] GC(100) Reclaimed:         -                  -                16M (2%)          225M (23%)            -                  -          
[2026-04-03T03:20:26.485+0600][61.314s][info][gc          ] GC(100) Garbage Collection (Allocation Stall) 618M(62%)->554M(55%)
[2026-04-03T03:20:26.485+0600][61.314s][info][gc,start    ] GC(101) Garbage Collection (Allocation Rate)
[2026-04-03T03:20:26.486+0600][61.314s][info][gc,task     ] GC(101) Using 3 workers
[2026-04-03T03:20:26.486+0600][61.314s][info][gc,phases   ] GC(101) Pause Mark Start 0.016ms
[2026-04-03T03:20:26.938+0600][61.766s][info][gc,phases   ] GC(101) Concurrent Mark 451.707ms
[2026-04-03T03:20:26.938+0600][61.767s][info][gc,phases   ] GC(101) Pause Mark End 0.022ms
[2026-04-03T03:20:26.938+0600][61.767s][info][gc,phases   ] GC(101) Concurrent Mark Free 0.001ms
[2026-04-03T03:20:26.945+0600][61.774s][info][gc,phases   ] GC(101) Concurrent Process Non-Strong References 7.295ms
[2026-04-03T03:20:26.945+0600][61.774s][info][gc,phases   ] GC(101) Concurrent Reset Relocation Set 0.016ms
[2026-04-03T03:20:26.959+0600][61.788s][info][gc,phases   ] GC(101) Concurrent Select Relocation Set 13.908ms
[2026-04-03T03:20:26.960+0600][61.788s][info][gc,phases   ] GC(101) Pause Relocate Start 0.016ms
[2026-04-03T03:20:27.018+0600][61.847s][info][gc,phases   ] GC(101) Concurrent Relocate 58.403ms
[2026-04-03T03:20:27.018+0600][61.847s][info][gc,load     ] GC(101) Load: 5.32/5.12/5.49
[2026-04-03T03:20:27.019+0600][61.847s][info][gc,mmu      ] GC(101) MMU: 2ms/92.1%, 5ms/96.8%, 10ms/98.4%, 20ms/99.2%, 50ms/99.7%, 100ms/99.8%
[2026-04-03T03:20:27.019+0600][61.847s][info][gc,marking  ] GC(101) Mark: 2 stripe(s), 2 proactive flush(es), 1 terminate flush(es), 0 completion(s), 0 continuation(s) 
[2026-04-03T03:20:27.019+0600][61.847s][info][gc,marking  ] GC(101) Mark Stack Usage: 32M
[2026-04-03T03:20:27.019+0600][61.847s][info][gc,nmethod  ] GC(101) NMethods: 6898 registered, 709 unregistered
[2026-04-03T03:20:27.019+0600][61.847s][info][gc,metaspace] GC(101) Metaspace: 71M used, 72M committed, 1088M reserved
[2026-04-03T03:20:27.019+0600][61.847s][info][gc,ref      ] GC(101) Soft: 2942 encountered, 0 discovered, 0 enqueued
[2026-04-03T03:20:27.019+0600][61.847s][info][gc,ref      ] GC(101) Weak: 6131 encountered, 2055 discovered, 28 enqueued
[2026-04-03T03:20:27.019+0600][61.847s][info][gc,ref      ] GC(101) Final: 84 encountered, 2 discovered, 0 enqueued
[2026-04-03T03:20:27.019+0600][61.847s][info][gc,ref      ] GC(101) Phantom: 601 encountered, 368 discovered, 0 enqueued
[2026-04-03T03:20:27.019+0600][61.847s][info][gc,reloc    ] GC(101) Small Pages: 216 / 432M, Empty: 24M, Relocated: 43M, In-Place: 0
[2026-04-03T03:20:27.019+0600][61.847s][info][gc,reloc    ] GC(101) Medium Pages: 2 / 32M, Empty: 0M, Relocated: 9M, In-Place: 0
[2026-04-03T03:20:27.019+0600][61.847s][info][gc,reloc    ] GC(101) Large Pages: 10 / 90M, Empty: 50M, Relocated: 0M, In-Place: 0
[2026-04-03T03:20:27.019+0600][61.847s][info][gc,reloc    ] GC(101) Forwarding Usage: 41M
[2026-04-03T03:20:27.019+0600][61.847s][info][gc,heap     ] GC(101) Min Capacity: 8M(1%)
[2026-04-03T03:20:27.019+0600][61.847s][info][gc,heap     ] GC(101) Max Capacity: 1000M(100%)
[2026-04-03T03:20:27.019+0600][61.847s][info][gc,heap     ] GC(101) Soft Max Capacity: 1000M(100%)
[2026-04-03T03:20:27.019+0600][61.847s][info][gc,heap     ] GC(101)                Mark Start          Mark End        Relocate Start      Relocate End           High               Low         
[2026-04-03T03:20:27.019+0600][61.847s][info][gc,heap     ] GC(101)  Capacity:     1000M (100%)       1000M (100%)       1000M (100%)       1000M (100%)       1000M (100%)       1000M (100%)   
[2026-04-03T03:20:27.019+0600][61.847s][info][gc,heap     ] GC(101)      Free:      446M (45%)         388M (39%)         458M (46%)         642M (64%)         642M (64%)         386M (39%)    
[2026-04-03T03:20:27.019+0600][61.847s][info][gc,heap     ] GC(101)      Used:      554M (55%)         612M (61%)         542M (54%)         358M (36%)         614M (61%)         358M (36%)    
[2026-04-03T03:20:27.019+0600][61.847s][info][gc,heap     ] GC(101)      Live:         -               261M (26%)         261M (26%)         261M (26%)            -                  -          
[2026-04-03T03:20:27.019+0600][61.847s][info][gc,heap     ] GC(101) Allocated:         -                58M (6%)           62M (6%)           69M (7%)             -                  -          
[2026-04-03T03:20:27.019+0600][61.847s][info][gc,heap     ] GC(101)   Garbage:         -               292M (29%)         218M (22%)          26M (3%)             -                  -          
[2026-04-03T03:20:27.019+0600][61.848s][info][gc,heap     ] GC(101) Reclaimed:         -                  -                74M (7%)          265M (27%)            -                  -          
[2026-04-03T03:20:27.019+0600][61.848s][info][gc          ] GC(101) Garbage Collection (Allocation Rate) 554M(55%)->358M(36%)
[2026-04-03T03:20:27.386+0600][62.214s][info][gc,start    ] GC(102) Garbage Collection (Allocation Rate)
[2026-04-03T03:20:27.386+0600][62.214s][info][gc,task     ] GC(102) Using 3 workers
[2026-04-03T03:20:27.386+0600][62.215s][info][gc,phases   ] GC(102) Pause Mark Start 0.017ms
[2026-04-03T03:20:27.834+0600][62.662s][info][gc,phases   ] GC(102) Concurrent Mark 447.492ms
[2026-04-03T03:20:27.834+0600][62.663s][info][gc,phases   ] GC(102) Pause Mark End 0.035ms
[2026-04-03T03:20:27.834+0600][62.663s][info][gc,phases   ] GC(102) Concurrent Mark Free 0.004ms
[2026-04-03T03:20:27.860+0600][62.689s][info][gc,phases   ] GC(102) Concurrent Process Non-Strong References 25.703ms
[2026-04-03T03:20:27.860+0600][62.689s][info][gc,phases   ] GC(102) Concurrent Reset Relocation Set 0.015ms
[2026-04-03T03:20:27.872+0600][62.701s][info][gc,phases   ] GC(102) Concurrent Select Relocation Set 11.760ms
[2026-04-03T03:20:27.872+0600][62.701s][info][gc,phases   ] GC(102) Pause Relocate Start 0.021ms
[2026-04-03T03:20:27.928+0600][62.756s][info][gc,phases   ] GC(102) Concurrent Relocate 55.053ms
[2026-04-03T03:20:27.928+0600][62.757s][info][gc,load     ] GC(102) Load: 5.32/5.12/5.49
[2026-04-03T03:20:27.951+0600][62.780s][info][gc,mmu      ] GC(102) MMU: 2ms/92.1%, 5ms/96.8%, 10ms/98.4%, 20ms/99.2%, 50ms/99.7%, 100ms/99.8%
[2026-04-03T03:20:27.951+0600][62.780s][info][gc,marking  ] GC(102) Mark: 2 stripe(s), 3 proactive flush(es), 1 terminate flush(es), 0 completion(s), 0 continuation(s) 
[2026-04-03T03:20:27.951+0600][62.780s][info][gc,marking  ] GC(102) Mark Stack Usage: 32M
[2026-04-03T03:20:27.951+0600][62.780s][info][gc,nmethod  ] GC(102) NMethods: 7052 registered, 725 unregistered
[2026-04-03T03:20:27.951+0600][62.780s][info][gc,metaspace] GC(102) Metaspace: 71M used, 72M committed, 1088M reserved
[2026-04-03T03:20:27.951+0600][62.780s][info][gc,ref      ] GC(102) Soft: 3179 encountered, 0 discovered, 0 enqueued
[2026-04-03T03:20:27.951+0600][62.780s][info][gc,ref      ] GC(102) Weak: 6516 encountered, 1704 discovered, 63 enqueued
[2026-04-03T03:20:27.951+0600][62.780s][info][gc,ref      ] GC(102) Final: 84 encountered, 2 discovered, 0 enqueued
[2026-04-03T03:20:27.951+0600][62.780s][info][gc,ref      ] GC(102) Phantom: 600 encountered, 519 discovered, 0 enqueued
[2026-04-03T03:20:27.951+0600][62.780s][info][gc,reloc    ] GC(102) Small Pages: 229 / 458M, Empty: 58M, Relocated: 31M, In-Place: 0
[2026-04-03T03:20:27.951+0600][62.780s][info][gc,reloc    ] GC(102) Medium Pages: 2 / 32M, Empty: 16M, Relocated: 0M, In-Place: 0
[2026-04-03T03:20:27.951+0600][62.780s][info][gc,reloc    ] GC(102) Large Pages: 15 / 114M, Empty: 80M, Relocated: 0M, In-Place: 0
[2026-04-03T03:20:27.951+0600][62.780s][info][gc,reloc    ] GC(102) Forwarding Usage: 29M
[2026-04-03T03:20:27.951+0600][62.780s][info][gc,heap     ] GC(102) Min Capacity: 8M(1%)
[2026-04-03T03:20:27.951+0600][62.780s][info][gc,heap     ] GC(102) Max Capacity: 1000M(100%)
[2026-04-03T03:20:27.951+0600][62.780s][info][gc,heap     ] GC(102) Soft Max Capacity: 1000M(100%)
[2026-04-03T03:20:27.951+0600][62.780s][info][gc,heap     ] GC(102)                Mark Start          Mark End        Relocate Start      Relocate End           High               Low         
[2026-04-03T03:20:27.951+0600][62.780s][info][gc,heap     ] GC(102)  Capacity:     1000M (100%)       1000M (100%)       1000M (100%)       1000M (100%)       1000M (100%)       1000M (100%)   
[2026-04-03T03:20:27.951+0600][62.780s][info][gc,heap     ] GC(102)      Free:      396M (40%)         148M (15%)         288M (29%)         464M (46%)         464M (46%)         138M (14%)    
[2026-04-03T03:20:27.951+0600][62.780s][info][gc,heap     ] GC(102)      Used:      604M (60%)         852M (85%)         712M (71%)         536M (54%)         862M (86%)         536M (54%)    
[2026-04-03T03:20:27.951+0600][62.780s][info][gc,heap     ] GC(102)      Live:         -               224M (22%)         224M (22%)         224M (22%)            -                  -          
[2026-04-03T03:20:27.951+0600][62.780s][info][gc,heap     ] GC(102) Allocated:         -               248M (25%)         262M (26%)         293M (29%)            -                  -          
[2026-04-03T03:20:27.951+0600][62.780s][info][gc,heap     ] GC(102)   Garbage:         -               379M (38%)         225M (23%)          17M (2%)             -                  -          
[2026-04-03T03:20:27.951+0600][62.780s][info][gc,heap     ] GC(102) Reclaimed:         -                  -               154M (15%)         361M (36%)            -                  -          
[2026-04-03T03:20:27.951+0600][62.780s][info][gc          ] GC(102) Garbage Collection (Allocation Rate) 604M(60%)->536M(54%)
[2026-04-03T03:20:27.985+0600][62.814s][info][gc,start    ] GC(103) Garbage Collection (Allocation Rate)
[2026-04-03T03:20:27.985+0600][62.814s][info][gc,task     ] GC(103) Using 3 workers
[2026-04-03T03:20:27.986+0600][62.814s][info][gc,phases   ] GC(103) Pause Mark Start 0.035ms
[2026-04-03T03:20:28.386+0600][63.214s][info][gc,phases   ] GC(103) Concurrent Mark 399.570ms
[2026-04-03T03:20:28.386+0600][63.215s][info][gc,phases   ] GC(103) Pause Mark End 0.036ms
[2026-04-03T03:20:28.386+0600][63.215s][info][gc,phases   ] GC(103) Concurrent Mark Free 0.004ms
[2026-04-03T03:20:28.411+0600][63.239s][info][gc,phases   ] GC(103) Concurrent Process Non-Strong References 24.251ms
[2026-04-03T03:20:28.411+0600][63.239s][info][gc,phases   ] GC(103) Concurrent Reset Relocation Set 0.016ms
[2026-04-03T03:20:28.418+0600][63.247s][info][gc,phases   ] GC(103) Concurrent Select Relocation Set 7.067ms
[2026-04-03T03:20:28.419+0600][63.247s][info][gc,phases   ] GC(103) Pause Relocate Start 0.067ms
[2026-04-03T03:20:28.470+0600][63.298s][info][gc,phases   ] GC(103) Concurrent Relocate 50.704ms
[2026-04-03T03:20:28.470+0600][63.299s][info][gc,load     ] GC(103) Load: 5.32/5.12/5.49
[2026-04-03T03:20:28.470+0600][63.299s][info][gc,mmu      ] GC(103) MMU: 2ms/92.1%, 5ms/96.8%, 10ms/98.4%, 20ms/99.2%, 50ms/99.7%, 100ms/99.8%
[2026-04-03T03:20:28.470+0600][63.299s][info][gc,marking  ] GC(103) Mark: 2 stripe(s), 3 proactive flush(es), 1 terminate flush(es), 0 completion(s), 0 continuation(s) 
[2026-04-03T03:20:28.470+0600][63.299s][info][gc,marking  ] GC(103) Mark Stack Usage: 32M
[2026-04-03T03:20:28.470+0600][63.299s][info][gc,nmethod  ] GC(103) NMethods: 7162 registered, 741 unregistered
[2026-04-03T03:20:28.470+0600][63.299s][info][gc,metaspace] GC(103) Metaspace: 71M used, 72M committed, 1088M reserved
[2026-04-03T03:20:28.470+0600][63.299s][info][gc,ref      ] GC(103) Soft: 3229 encountered, 0 discovered, 0 enqueued
[2026-04-03T03:20:28.470+0600][63.299s][info][gc,ref      ] GC(103) Weak: 6607 encountered, 2567 discovered, 225 enqueued
[2026-04-03T03:20:28.470+0600][63.299s][info][gc,ref      ] GC(103) Final: 84 encountered, 2 discovered, 0 enqueued
[2026-04-03T03:20:28.470+0600][63.299s][info][gc,ref      ] GC(103) Phantom: 602 encountered, 374 discovered, 0 enqueued
[2026-04-03T03:20:28.470+0600][63.299s][info][gc,reloc    ] GC(103) Small Pages: 217 / 434M, Empty: 64M, Relocated: 27M, In-Place: 0
[2026-04-03T03:20:28.470+0600][63.299s][info][gc,reloc    ] GC(103) Medium Pages: 2 / 32M, Empty: 16M, Relocated: 0M, In-Place: 0
[2026-04-03T03:20:28.470+0600][63.299s][info][gc,reloc    ] GC(103) Large Pages: 14 / 100M, Empty: 60M, Relocated: 0M, In-Place: 0
[2026-04-03T03:20:28.470+0600][63.299s][info][gc,reloc    ] GC(103) Forwarding Usage: 25M
[2026-04-03T03:20:28.470+0600][63.299s][info][gc,heap     ] GC(103) Min Capacity: 8M(1%)
[2026-04-03T03:20:28.470+0600][63.299s][info][gc,heap     ] GC(103) Max Capacity: 1000M(100%)
[2026-04-03T03:20:28.470+0600][63.299s][info][gc,heap     ] GC(103) Soft Max Capacity: 1000M(100%)
[2026-04-03T03:20:28.470+0600][63.299s][info][gc,heap     ] GC(103)                Mark Start          Mark End        Relocate Start      Relocate End           High               Low         
[2026-04-03T03:20:28.470+0600][63.299s][info][gc,heap     ] GC(103)  Capacity:     1000M (100%)       1000M (100%)       1000M (100%)       1000M (100%)       1000M (100%)       1000M (100%)   
[2026-04-03T03:20:28.470+0600][63.299s][info][gc,heap     ] GC(103)      Free:      434M (43%)         198M (20%)         314M (31%)         474M (47%)         474M (47%)         176M (18%)    
[2026-04-03T03:20:28.470+0600][63.299s][info][gc,heap     ] GC(103)      Used:      566M (57%)         802M (80%)         686M (69%)         526M (53%)         824M (82%)         526M (53%)    
[2026-04-03T03:20:28.470+0600][63.299s][info][gc,heap     ] GC(103)      Live:         -               229M (23%)         229M (23%)         229M (23%)            -                  -          
[2026-04-03T03:20:28.470+0600][63.299s][info][gc,heap     ] GC(103) Allocated:         -               236M (24%)         260M (26%)         277M (28%)            -                  -          
[2026-04-03T03:20:28.470+0600][63.299s][info][gc,heap     ] GC(103)   Garbage:         -               336M (34%)         196M (20%)          18M (2%)             -                  -          
[2026-04-03T03:20:28.470+0600][63.299s][info][gc,heap     ] GC(103) Reclaimed:         -                  -               140M (14%)         317M (32%)            -                  -          
[2026-04-03T03:20:28.470+0600][63.299s][info][gc          ] GC(103) Garbage Collection (Allocation Rate) 566M(57%)->526M(53%)
[2026-04-03T03:20:28.485+0600][63.314s][info][gc,start    ] GC(104) Garbage Collection (Allocation Rate)
[2026-04-03T03:20:28.485+0600][63.314s][info][gc,task     ] GC(104) Using 3 workers
[2026-04-03T03:20:28.485+0600][63.314s][info][gc,phases   ] GC(104) Pause Mark Start 0.017ms
[2026-04-03T03:20:28.893+0600][63.722s][info][gc,phases   ] GC(104) Concurrent Mark 407.637ms
[2026-04-03T03:20:28.893+0600][63.722s][info][gc,phases   ] GC(104) Pause Mark End 0.029ms
[2026-04-03T03:20:28.893+0600][63.722s][info][gc,phases   ] GC(104) Concurrent Mark Free 0.003ms
[2026-04-03T03:20:28.904+0600][63.732s][info][gc,phases   ] GC(104) Concurrent Process Non-Strong References 10.232ms
[2026-04-03T03:20:28.904+0600][63.732s][info][gc,phases   ] GC(104) Concurrent Reset Relocation Set 0.012ms
[2026-04-03T03:20:28.909+0600][63.738s][info][gc,phases   ] GC(104) Concurrent Select Relocation Set 5.588ms
[2026-04-03T03:20:28.910+0600][63.739s][info][gc,phases   ] GC(104) Pause Relocate Start 0.019ms
[2026-04-03T03:20:28.949+0600][63.777s][info][gc,phases   ] GC(104) Concurrent Relocate 38.503ms
[2026-04-03T03:20:28.949+0600][63.778s][info][gc,load     ] GC(104) Load: 5.32/5.12/5.49
[2026-04-03T03:20:28.949+0600][63.778s][info][gc,mmu      ] GC(104) MMU: 2ms/92.1%, 5ms/96.8%, 10ms/98.4%, 20ms/99.2%, 50ms/99.7%, 100ms/99.8%
[2026-04-03T03:20:28.949+0600][63.778s][info][gc,marking  ] GC(104) Mark: 2 stripe(s), 9 proactive flush(es), 1 terminate flush(es), 0 completion(s), 0 continuation(s) 
[2026-04-03T03:20:28.949+0600][63.778s][info][gc,marking  ] GC(104) Mark Stack Usage: 32M
[2026-04-03T03:20:28.949+0600][63.778s][info][gc,nmethod  ] GC(104) NMethods: 7156 registered, 755 unregistered
[2026-04-03T03:20:28.949+0600][63.778s][info][gc,metaspace] GC(104) Metaspace: 71M used, 72M committed, 1088M reserved
[2026-04-03T03:20:28.949+0600][63.778s][info][gc,ref      ] GC(104) Soft: 3252 encountered, 0 discovered, 0 enqueued
[2026-04-03T03:20:28.949+0600][63.778s][info][gc,ref      ] GC(104) Weak: 6518 encountered, 2593 discovered, 243 enqueued
[2026-04-03T03:20:28.949+0600][63.778s][info][gc,ref      ] GC(104) Final: 84 encountered, 18 discovered, 0 enqueued
[2026-04-03T03:20:28.949+0600][63.778s][info][gc,ref      ] GC(104) Phantom: 602 encountered, 456 discovered, 0 enqueued
[2026-04-03T03:20:28.949+0600][63.778s][info][gc,reloc    ] GC(104) Small Pages: 212 / 424M, Empty: 118M, Relocated: 24M, In-Place: 0
[2026-04-03T03:20:28.949+0600][63.778s][info][gc,reloc    ] GC(104) Medium Pages: 2 / 32M, Empty: 16M, Relocated: 0M, In-Place: 0
[2026-04-03T03:20:28.949+0600][63.778s][info][gc,reloc    ] GC(104) Large Pages: 12 / 76M, Empty: 54M, Relocated: 0M, In-Place: 0
[2026-04-03T03:20:28.949+0600][63.778s][info][gc,reloc    ] GC(104) Forwarding Usage: 22M
[2026-04-03T03:20:28.949+0600][63.778s][info][gc,heap     ] GC(104) Min Capacity: 8M(1%)
[2026-04-03T03:20:28.949+0600][63.778s][info][gc,heap     ] GC(104) Max Capacity: 1000M(100%)
[2026-04-03T03:20:28.949+0600][63.778s][info][gc,heap     ] GC(104) Soft Max Capacity: 1000M(100%)
[2026-04-03T03:20:28.949+0600][63.778s][info][gc,heap     ] GC(104)                Mark Start          Mark End        Relocate Start      Relocate End           High               Low         
[2026-04-03T03:20:28.949+0600][63.778s][info][gc,heap     ] GC(104)  Capacity:     1000M (100%)       1000M (100%)       1000M (100%)       1000M (100%)       1000M (100%)       1000M (100%)   
[2026-04-03T03:20:28.949+0600][63.778s][info][gc,heap     ] GC(104)      Free:      468M (47%)         316M (32%)         494M (49%)         600M (60%)         600M (60%)         314M (31%)    
[2026-04-03T03:20:28.949+0600][63.778s][info][gc,heap     ] GC(104)      Used:      532M (53%)         684M (68%)         506M (51%)         400M (40%)         686M (69%)         400M (40%)    
[2026-04-03T03:20:28.949+0600][63.778s][info][gc,heap     ] GC(104)      Live:         -               205M (21%)         205M (21%)         205M (21%)            -                  -          
[2026-04-03T03:20:28.949+0600][63.778s][info][gc,heap     ] GC(104) Allocated:         -               152M (15%)         162M (16%)         177M (18%)            -                  -          
[2026-04-03T03:20:28.949+0600][63.778s][info][gc,heap     ] GC(104)   Garbage:         -               326M (33%)         138M (14%)          16M (2%)             -                  -          
[2026-04-03T03:20:28.949+0600][63.778s][info][gc,heap     ] GC(104) Reclaimed:         -                  -               188M (19%)         309M (31%)            -                  -          
[2026-04-03T03:20:28.949+0600][63.778s][info][gc          ] GC(104) Garbage Collection (Allocation Rate) 532M(53%)->400M(40%)
[2026-04-03T03:20:29.285+0600][64.113s][info][gc,start    ] GC(105) Garbage Collection (Allocation Rate)
[2026-04-03T03:20:29.285+0600][64.113s][info][gc,task     ] GC(105) Using 3 workers
[2026-04-03T03:20:29.285+0600][64.114s][info][gc,phases   ] GC(105) Pause Mark Start 0.033ms
[2026-04-03T03:20:29.571+0600][64.400s][info][gc,phases   ] GC(105) Concurrent Mark 286.271ms
[2026-04-03T03:20:29.572+0600][64.400s][info][gc,phases   ] GC(105) Pause Mark End 0.039ms
[2026-04-03T03:20:29.572+0600][64.401s][info][gc,phases   ] GC(105) Concurrent Mark Free 0.005ms
[2026-04-03T03:20:29.579+0600][64.408s][info][gc,phases   ] GC(105) Concurrent Process Non-Strong References 7.132ms
[2026-04-03T03:20:29.579+0600][64.408s][info][gc,phases   ] GC(105) Concurrent Reset Relocation Set 0.006ms
[2026-04-03T03:20:29.579+0600][64.408s][info][gc          ] Allocation Stall (Executor task launch worker for task 0.0 in stage 25.0 (TID 36)) 58.856ms
[2026-04-03T03:20:29.579+0600][64.408s][info][gc          ] Allocation Stall (Executor task launch worker for task 1.0 in stage 25.0 (TID 37)) 56.136ms
[2026-04-03T03:20:29.579+0600][64.408s][info][gc          ] Allocation Stall (Executor task launch worker for task 2.0 in stage 25.0 (TID 38)) 60.516ms
[2026-04-03T03:20:29.583+0600][64.412s][info][gc,phases   ] GC(105) Concurrent Select Relocation Set 4.238ms
[2026-04-03T03:20:29.584+0600][64.413s][info][gc,phases   ] GC(105) Pause Relocate Start 0.012ms
[2026-04-03T03:20:29.598+0600][64.427s][info][gc,phases   ] GC(105) Concurrent Relocate 13.793ms
[2026-04-03T03:20:29.598+0600][64.427s][info][gc,load     ] GC(105) Load: 5.32/5.12/5.49
[2026-04-03T03:20:29.598+0600][64.427s][info][gc,mmu      ] GC(105) MMU: 2ms/92.1%, 5ms/96.8%, 10ms/98.4%, 20ms/99.2%, 50ms/99.7%, 100ms/99.8%
[2026-04-03T03:20:29.598+0600][64.427s][info][gc,marking  ] GC(105) Mark: 2 stripe(s), 2 proactive flush(es), 1 terminate flush(es), 0 completion(s), 0 continuation(s) 
[2026-04-03T03:20:29.598+0600][64.427s][info][gc,marking  ] GC(105) Mark Stack Usage: 32M
[2026-04-03T03:20:29.598+0600][64.427s][info][gc,nmethod  ] GC(105) NMethods: 7195 registered, 763 unregistered
[2026-04-03T03:20:29.598+0600][64.427s][info][gc,metaspace] GC(105) Metaspace: 71M used, 72M committed, 1088M reserved
[2026-04-03T03:20:29.598+0600][64.427s][info][gc,ref      ] GC(105) Soft: 3252 encountered, 0 discovered, 0 enqueued
[2026-04-03T03:20:29.598+0600][64.427s][info][gc,ref      ] GC(105) Weak: 6374 encountered, 2090 discovered, 23 enqueued
[2026-04-03T03:20:29.598+0600][64.427s][info][gc,ref      ] GC(105) Final: 84 encountered, 18 discovered, 0 enqueued
[2026-04-03T03:20:29.598+0600][64.427s][info][gc,ref      ] GC(105) Phantom: 603 encountered, 382 discovered, 0 enqueued
[2026-04-03T03:20:29.598+0600][64.427s][info][gc,reloc    ] GC(105) Small Pages: 253 / 506M, Empty: 224M, Relocated: 12M, In-Place: 0
[2026-04-03T03:20:29.598+0600][64.427s][info][gc,reloc    ] GC(105) Medium Pages: 2 / 32M, Empty: 16M, Relocated: 0M, In-Place: 0
[2026-04-03T03:20:29.598+0600][64.427s][info][gc,reloc    ] GC(105) Large Pages: 8 / 58M, Empty: 54M, Relocated: 0M, In-Place: 0
[2026-04-03T03:20:29.598+0600][64.427s][info][gc,reloc    ] GC(105) Forwarding Usage: 7M
[2026-04-03T03:20:29.598+0600][64.427s][info][gc,heap     ] GC(105) Min Capacity: 8M(1%)
[2026-04-03T03:20:29.598+0600][64.427s][info][gc,heap     ] GC(105) Max Capacity: 1000M(100%)
[2026-04-03T03:20:29.598+0600][64.427s][info][gc,heap     ] GC(105) Soft Max Capacity: 1000M(100%)
[2026-04-03T03:20:29.598+0600][64.427s][info][gc,heap     ] GC(105)                Mark Start          Mark End        Relocate Start      Relocate End           High               Low         
[2026-04-03T03:20:29.598+0600][64.427s][info][gc,heap     ] GC(105)  Capacity:     1000M (100%)       1000M (100%)       1000M (100%)       1000M (100%)       1000M (100%)       1000M (100%)   
[2026-04-03T03:20:29.598+0600][64.427s][info][gc,heap     ] GC(105)      Free:      404M (40%)           0M (0%)          274M (27%)         370M (37%)         404M (40%)           0M (0%)     
[2026-04-03T03:20:29.598+0600][64.427s][info][gc,heap     ] GC(105)      Used:      596M (60%)        1000M (100%)        726M (73%)         630M (63%)        1000M (100%)        596M (60%)    
[2026-04-03T03:20:29.598+0600][64.427s][info][gc,heap     ] GC(105)      Live:         -               174M (17%)         174M (17%)         174M (17%)            -                  -          
[2026-04-03T03:20:29.598+0600][64.427s][info][gc,heap     ] GC(105) Allocated:         -               404M (40%)         424M (42%)         437M (44%)            -                  -          
[2026-04-03T03:20:29.598+0600][64.427s][info][gc,heap     ] GC(105)   Garbage:         -               421M (42%)         127M (13%)          17M (2%)             -                  -          
[2026-04-03T03:20:29.598+0600][64.427s][info][gc,heap     ] GC(105) Reclaimed:         -                  -               294M (29%)         403M (40%)            -                  -          
[2026-04-03T03:20:29.598+0600][64.427s][info][gc          ] GC(105) Garbage Collection (Allocation Rate) 596M(60%)->630M(63%)
[2026-04-03T03:20:29.685+0600][64.514s][info][gc,start    ] GC(106) Garbage Collection (Allocation Stall)
[2026-04-03T03:20:29.685+0600][64.514s][info][gc,ref      ] GC(106) Clearing All SoftReferences
[2026-04-03T03:20:29.685+0600][64.514s][info][gc,task     ] GC(106) Using 3 workers
[2026-04-03T03:20:29.685+0600][64.514s][info][gc,ref      ] GC(106) Clearing All SoftReferences
[2026-04-03T03:20:29.685+0600][64.514s][info][gc,phases   ] GC(106) Pause Mark Start 0.063ms
[2026-04-03T03:20:30.265+0600][65.094s][info][gc,phases   ] GC(106) Concurrent Mark 579.362ms
[2026-04-03T03:20:30.265+0600][65.094s][info][gc,phases   ] GC(106) Pause Mark End 0.039ms
[2026-04-03T03:20:30.265+0600][65.094s][info][gc,phases   ] GC(106) Concurrent Mark Free 0.002ms
[2026-04-03T03:20:30.299+0600][65.128s][info][gc,phases   ] GC(106) Concurrent Process Non-Strong References 33.895ms
[2026-04-03T03:20:30.300+0600][65.128s][info][gc,phases   ] GC(106) Concurrent Reset Relocation Set 0.017ms
[2026-04-03T03:20:30.340+0600][65.168s][info][gc,phases   ] GC(106) Concurrent Select Relocation Set 40.079ms
[2026-04-03T03:20:30.340+0600][65.169s][info][gc,phases   ] GC(106) Pause Relocate Start 0.017ms
[2026-04-03T03:20:30.504+0600][65.333s][info][gc,phases   ] GC(106) Concurrent Relocate 163.712ms
[2026-04-03T03:20:30.504+0600][65.333s][info][gc,load     ] GC(106) Load: 5.45/5.16/5.50
[2026-04-03T03:20:30.504+0600][65.333s][info][gc,mmu      ] GC(106) MMU: 2ms/92.1%, 5ms/96.8%, 10ms/98.4%, 20ms/99.2%, 50ms/99.7%, 100ms/99.8%
[2026-04-03T03:20:30.504+0600][65.333s][info][gc,marking  ] GC(106) Mark: 2 stripe(s), 7 proactive flush(es), 1 terminate flush(es), 0 completion(s), 0 continuation(s) 
[2026-04-03T03:20:30.504+0600][65.333s][info][gc,marking  ] GC(106) Mark Stack Usage: 32M
[2026-04-03T03:20:30.504+0600][65.333s][info][gc,nmethod  ] GC(106) NMethods: 7180 registered, 785 unregistered
[2026-04-03T03:20:30.504+0600][65.333s][info][gc,metaspace] GC(106) Metaspace: 71M used, 72M committed, 1088M reserved
[2026-04-03T03:20:30.504+0600][65.333s][info][gc,ref      ] GC(106) Soft: 3165 encountered, 1807 discovered, 398 enqueued
[2026-04-03T03:20:30.504+0600][65.333s][info][gc,ref      ] GC(106) Weak: 6266 encountered, 2113 discovered, 41 enqueued
[2026-04-03T03:20:30.504+0600][65.333s][info][gc,ref      ] GC(106) Final: 84 encountered, 4 discovered, 0 enqueued
[2026-04-03T03:20:30.504+0600][65.333s][info][gc,ref      ] GC(106) Phantom: 601 encountered, 432 discovered, 0 enqueued
[2026-04-03T03:20:30.504+0600][65.333s][info][gc,reloc    ] GC(106) Small Pages: 386 / 772M, Empty: 0M, Relocated: 71M, In-Place: 0
[2026-04-03T03:20:30.504+0600][65.333s][info][gc,reloc    ] GC(106) Medium Pages: 2 / 32M, Empty: 16M, Relocated: 0M, In-Place: 0
[2026-04-03T03:20:30.504+0600][65.333s][info][gc,reloc    ] GC(106) Large Pages: 7 / 34M, Empty: 12M, Relocated: 0M, In-Place: 0
[2026-04-03T03:20:30.504+0600][65.333s][info][gc,reloc    ] GC(106) Forwarding Usage: 69M
[2026-04-03T03:20:30.504+0600][65.333s][info][gc,heap     ] GC(106) Min Capacity: 8M(1%)
[2026-04-03T03:20:30.504+0600][65.333s][info][gc,heap     ] GC(106) Max Capacity: 1000M(100%)
[2026-04-03T03:20:30.504+0600][65.333s][info][gc,heap     ] GC(106) Soft Max Capacity: 1000M(100%)
[2026-04-03T03:20:30.504+0600][65.333s][info][gc,heap     ] GC(106)                Mark Start          Mark End        Relocate Start      Relocate End           High               Low         
[2026-04-03T03:20:30.504+0600][65.333s][info][gc,heap     ] GC(106)  Capacity:     1000M (100%)       1000M (100%)       1000M (100%)       1000M (100%)       1000M (100%)       1000M (100%)   
[2026-04-03T03:20:30.504+0600][65.333s][info][gc,heap     ] GC(106)      Free:      162M (16%)          18M (2%)           28M (3%)          534M (53%)         534M (53%)          14M (1%)     
[2026-04-03T03:20:30.504+0600][65.333s][info][gc,heap     ] GC(106)      Used:      838M (84%)         982M (98%)         972M (97%)         466M (47%)         986M (99%)         466M (47%)    
[2026-04-03T03:20:30.504+0600][65.333s][info][gc,heap     ] GC(106)      Live:         -               258M (26%)         258M (26%)         258M (26%)            -                  -          
[2026-04-03T03:20:30.504+0600][65.333s][info][gc,heap     ] GC(106) Allocated:         -               144M (14%)         162M (16%)         189M (19%)            -                  -          
[2026-04-03T03:20:30.504+0600][65.333s][info][gc,heap     ] GC(106)   Garbage:         -               579M (58%)         551M (55%)          17M (2%)             -                  -          
[2026-04-03T03:20:30.504+0600][65.333s][info][gc,heap     ] GC(106) Reclaimed:         -                  -                28M (3%)          561M (56%)            -                  -          
[2026-04-03T03:20:30.505+0600][65.333s][info][gc          ] GC(106) Garbage Collection (Allocation Stall) 838M(84%)->466M(47%)
[2026-04-03T03:20:30.585+0600][65.414s][info][gc,start    ] GC(107) Garbage Collection (Allocation Rate)
[2026-04-03T03:20:30.585+0600][65.414s][info][gc,task     ] GC(107) Using 3 workers
[2026-04-03T03:20:30.585+0600][65.414s][info][gc,phases   ] GC(107) Pause Mark Start 0.017ms
[2026-04-03T03:20:31.189+0600][66.017s][info][gc,phases   ] GC(107) Concurrent Mark 603.468ms
[2026-04-03T03:20:31.189+0600][66.018s][info][gc,phases   ] GC(107) Pause Mark End 0.039ms
[2026-04-03T03:20:31.189+0600][66.018s][info][gc,phases   ] GC(107) Concurrent Mark Free 0.001ms
[2026-04-03T03:20:31.199+0600][66.027s][info][gc,phases   ] GC(107) Concurrent Process Non-Strong References 9.213ms
[2026-04-03T03:20:31.199+0600][66.027s][info][gc,phases   ] GC(107) Concurrent Reset Relocation Set 0.083ms
[2026-04-03T03:20:31.210+0600][66.038s][info][gc,phases   ] GC(107) Concurrent Select Relocation Set 10.795ms
[2026-04-03T03:20:31.210+0600][66.039s][info][gc,phases   ] GC(107) Pause Relocate Start 0.045ms
[2026-04-03T03:20:31.274+0600][66.103s][info][gc,phases   ] GC(107) Concurrent Relocate 64.262ms
[2026-04-03T03:20:31.275+0600][66.103s][info][gc,load     ] GC(107) Load: 5.45/5.16/5.50
[2026-04-03T03:20:31.275+0600][66.103s][info][gc,mmu      ] GC(107) MMU: 2ms/92.1%, 5ms/96.8%, 10ms/98.4%, 20ms/99.2%, 50ms/99.7%, 100ms/99.8%
[2026-04-03T03:20:31.275+0600][66.103s][info][gc,marking  ] GC(107) Mark: 2 stripe(s), 9 proactive flush(es), 1 terminate flush(es), 0 completion(s), 0 continuation(s) 
[2026-04-03T03:20:31.275+0600][66.103s][info][gc,marking  ] GC(107) Mark Stack Usage: 32M
[2026-04-03T03:20:31.275+0600][66.103s][info][gc,nmethod  ] GC(107) NMethods: 7298 registered, 790 unregistered
[2026-04-03T03:20:31.275+0600][66.103s][info][gc,metaspace] GC(107) Metaspace: 71M used, 72M committed, 1088M reserved
[2026-04-03T03:20:31.275+0600][66.103s][info][gc,ref      ] GC(107) Soft: 2769 encountered, 0 discovered, 0 enqueued
[2026-04-03T03:20:31.275+0600][66.103s][info][gc,ref      ] GC(107) Weak: 5993 encountered, 4118 discovered, 0 enqueued
[2026-04-03T03:20:31.275+0600][66.103s][info][gc,ref      ] GC(107) Final: 84 encountered, 2 discovered, 0 enqueued
[2026-04-03T03:20:31.275+0600][66.103s][info][gc,ref      ] GC(107) Phantom: 600 encountered, 550 discovered, 0 enqueued
[2026-04-03T03:20:31.275+0600][66.103s][info][gc,reloc    ] GC(107) Small Pages: 163 / 326M, Empty: 38M, Relocated: 40M, In-Place: 0
[2026-04-03T03:20:31.275+0600][66.103s][info][gc,reloc    ] GC(107) Medium Pages: 5 / 80M, Empty: 0M, Relocated: 11M, In-Place: 0
[2026-04-03T03:20:31.275+0600][66.103s][info][gc,reloc    ] GC(107) Large Pages: 14 / 66M, Empty: 38M, Relocated: 0M, In-Place: 0
[2026-04-03T03:20:31.275+0600][66.103s][info][gc,reloc    ] GC(107) Forwarding Usage: 38M
[2026-04-03T03:20:31.275+0600][66.103s][info][gc,heap     ] GC(107) Min Capacity: 8M(1%)
[2026-04-03T03:20:31.275+0600][66.103s][info][gc,heap     ] GC(107) Max Capacity: 1000M(100%)
[2026-04-03T03:20:31.275+0600][66.103s][info][gc,heap     ] GC(107) Soft Max Capacity: 1000M(100%)
[2026-04-03T03:20:31.275+0600][66.103s][info][gc,heap     ] GC(107)                Mark Start          Mark End        Relocate Start      Relocate End           High               Low         
[2026-04-03T03:20:31.275+0600][66.103s][info][gc,heap     ] GC(107)  Capacity:     1000M (100%)       1000M (100%)       1000M (100%)       1000M (100%)       1000M (100%)       1000M (100%)   
[2026-04-03T03:20:31.275+0600][66.103s][info][gc,heap     ] GC(107)      Free:      528M (53%)         114M (11%)         132M (13%)         156M (16%)         528M (53%)          82M (8%)     
[2026-04-03T03:20:31.275+0600][66.103s][info][gc,heap     ] GC(107)      Used:      472M (47%)         886M (89%)         868M (87%)         844M (84%)         918M (92%)         472M (47%)    
[2026-04-03T03:20:31.275+0600][66.103s][info][gc,heap     ] GC(107)      Live:         -               257M (26%)         257M (26%)         257M (26%)            -                  -          
[2026-04-03T03:20:31.275+0600][66.104s][info][gc,heap     ] GC(107) Allocated:         -               414M (41%)         472M (47%)         557M (56%)            -                  -          
[2026-04-03T03:20:31.275+0600][66.104s][info][gc,heap     ] GC(107)   Garbage:         -               214M (21%)         138M (14%)          28M (3%)             -                  -          
[2026-04-03T03:20:31.275+0600][66.104s][info][gc,heap     ] GC(107) Reclaimed:         -                  -                76M (8%)          185M (19%)            -                  -          
[2026-04-03T03:20:31.275+0600][66.104s][info][gc          ] GC(107) Garbage Collection (Allocation Rate) 472M(47%)->844M(84%)
[2026-04-03T03:20:31.285+0600][66.114s][info][gc,start    ] GC(108) Garbage Collection (Allocation Rate)
[2026-04-03T03:20:31.285+0600][66.114s][info][gc,task     ] GC(108) Using 3 workers
[2026-04-03T03:20:31.287+0600][66.116s][info][gc,phases   ] GC(108) Pause Mark Start 0.009ms
[2026-04-03T03:20:31.574+0600][66.403s][info][gc,phases   ] GC(108) Concurrent Mark 286.895ms
[2026-04-03T03:20:31.575+0600][66.403s][info][gc,phases   ] GC(108) Pause Mark End 0.031ms
[2026-04-03T03:20:31.575+0600][66.403s][info][gc,phases   ] GC(108) Concurrent Mark Free 0.001ms
[2026-04-03T03:20:31.582+0600][66.410s][info][gc,phases   ] GC(108) Concurrent Process Non-Strong References 6.841ms
[2026-04-03T03:20:31.582+0600][66.410s][info][gc,phases   ] GC(108) Concurrent Reset Relocation Set 0.012ms
[2026-04-03T03:20:31.584+0600][66.413s][info][gc          ] Allocation Stall (main) 111.385ms
[2026-04-03T03:20:31.584+0600][66.413s][info][gc          ] Allocation Stall (dispatcher-BlockManagerMaster) 2.094ms
[2026-04-03T03:20:31.584+0600][66.413s][info][gc          ] Allocation Stall (netty-rpc-env-timeout) 2.051ms
[2026-04-03T03:20:31.590+0600][66.418s][info][gc,phases   ] GC(108) Concurrent Select Relocation Set 8.118ms
[2026-04-03T03:20:31.590+0600][66.419s][info][gc,phases   ] GC(108) Pause Relocate Start 0.013ms
[2026-04-03T03:20:31.651+0600][66.480s][info][gc,phases   ] GC(108) Concurrent Relocate 61.030ms
[2026-04-03T03:20:31.651+0600][66.480s][info][gc,load     ] GC(108) Load: 5.45/5.16/5.50
[2026-04-03T03:20:31.651+0600][66.480s][info][gc,mmu      ] GC(108) MMU: 2ms/92.1%, 5ms/96.8%, 10ms/98.4%, 20ms/99.2%, 50ms/99.7%, 100ms/99.8%
[2026-04-03T03:20:31.651+0600][66.480s][info][gc,marking  ] GC(108) Mark: 2 stripe(s), 6 proactive flush(es), 1 terminate flush(es), 0 completion(s), 0 continuation(s) 
[2026-04-03T03:20:31.651+0600][66.480s][info][gc,marking  ] GC(108) Mark Stack Usage: 32M
[2026-04-03T03:20:31.651+0600][66.480s][info][gc,nmethod  ] GC(108) NMethods: 7316 registered, 794 unregistered
[2026-04-03T03:20:31.651+0600][66.480s][info][gc,metaspace] GC(108) Metaspace: 71M used, 72M committed, 1088M reserved
[2026-04-03T03:20:31.651+0600][66.480s][info][gc,ref      ] GC(108) Soft: 2808 encountered, 0 discovered, 0 enqueued
[2026-04-03T03:20:31.651+0600][66.480s][info][gc,ref      ] GC(108) Weak: 5992 encountered, 1809 discovered, 157 enqueued
[2026-04-03T03:20:31.651+0600][66.480s][info][gc,ref      ] GC(108) Final: 84 encountered, 18 discovered, 0 enqueued
[2026-04-03T03:20:31.651+0600][66.480s][info][gc,ref      ] GC(108) Phantom: 600 encountered, 445 discovered, 0 enqueued
[2026-04-03T03:20:31.651+0600][66.480s][info][gc,reloc    ] GC(108) Small Pages: 289 / 578M, Empty: 28M, Relocated: 45M, In-Place: 0
[2026-04-03T03:20:31.651+0600][66.480s][info][gc,reloc    ] GC(108) Medium Pages: 8 / 128M, Empty: 64M, Relocated: 13M, In-Place: 0
[2026-04-03T03:20:31.651+0600][66.480s][info][gc,reloc    ] GC(108) Large Pages: 27 / 144M, Empty: 134M, Relocated: 0M, In-Place: 0
[2026-04-03T03:20:31.651+0600][66.480s][info][gc,reloc    ] GC(108) Forwarding Usage: 45M
[2026-04-03T03:20:31.652+0600][66.480s][info][gc,heap     ] GC(108) Min Capacity: 8M(1%)
[2026-04-03T03:20:31.652+0600][66.480s][info][gc,heap     ] GC(108) Max Capacity: 1000M(100%)
[2026-04-03T03:20:31.652+0600][66.480s][info][gc,heap     ] GC(108) Soft Max Capacity: 1000M(100%)
[2026-04-03T03:20:31.652+0600][66.480s][info][gc,heap     ] GC(108)                Mark Start          Mark End        Relocate Start      Relocate End           High               Low         
[2026-04-03T03:20:31.652+0600][66.480s][info][gc,heap     ] GC(108)  Capacity:     1000M (100%)       1000M (100%)       1000M (100%)       1000M (100%)       1000M (100%)       1000M (100%)   
[2026-04-03T03:20:31.652+0600][66.480s][info][gc,heap     ] GC(108)      Free:      150M (15%)           0M (0%)          206M (21%)         496M (50%)         496M (50%)           0M (0%)     
[2026-04-03T03:20:31.652+0600][66.480s][info][gc,heap     ] GC(108)      Used:      850M (85%)        1000M (100%)        794M (79%)         504M (50%)        1000M (100%)        504M (50%)    
[2026-04-03T03:20:31.652+0600][66.480s][info][gc,heap     ] GC(108)      Live:         -               221M (22%)         221M (22%)         221M (22%)            -                  -          
[2026-04-03T03:20:31.652+0600][66.480s][info][gc,heap     ] GC(108) Allocated:         -               150M (15%)         170M (17%)         269M (27%)            -                  -          
[2026-04-03T03:20:31.652+0600][66.480s][info][gc,heap     ] GC(108)   Garbage:         -               628M (63%)         402M (40%)          12M (1%)             -                  -          
[2026-04-03T03:20:31.652+0600][66.480s][info][gc,heap     ] GC(108) Reclaimed:         -                  -               226M (23%)         615M (62%)            -                  -          
[2026-04-03T03:20:31.652+0600][66.480s][info][gc          ] GC(108) Garbage Collection (Allocation Rate) 850M(85%)->504M(50%)
[2026-04-03T03:20:31.685+0600][66.514s][info][gc,start    ] GC(109) Garbage Collection (Allocation Stall)
[2026-04-03T03:20:31.686+0600][66.514s][info][gc,ref      ] GC(109) Clearing All SoftReferences
[2026-04-03T03:20:31.686+0600][66.514s][info][gc,task     ] GC(109) Using 3 workers
[2026-04-03T03:20:31.686+0600][66.515s][info][gc,ref      ] GC(109) Clearing All SoftReferences
[2026-04-03T03:20:31.686+0600][66.515s][info][gc,phases   ] GC(109) Pause Mark Start 0.073ms
[2026-04-03T03:20:31.981+0600][66.810s][info][gc,phases   ] GC(109) Concurrent Mark 295.387ms
[2026-04-03T03:20:31.982+0600][66.810s][info][gc,phases   ] GC(109) Pause Mark End 0.041ms
[2026-04-03T03:20:31.982+0600][66.811s][info][gc,phases   ] GC(109) Concurrent Mark Free 0.002ms
[2026-04-03T03:20:31.997+0600][66.826s][info][gc,phases   ] GC(109) Concurrent Process Non-Strong References 15.510ms
[2026-04-03T03:20:31.997+0600][66.826s][info][gc,phases   ] GC(109) Concurrent Reset Relocation Set 0.014ms
[2026-04-03T03:20:32.004+0600][66.833s][info][gc,phases   ] GC(109) Concurrent Select Relocation Set 6.817ms
[2026-04-03T03:20:32.005+0600][66.833s][info][gc,phases   ] GC(109) Pause Relocate Start 0.011ms
[2026-04-03T03:20:32.007+0600][66.836s][info][gc,phases   ] GC(109) Concurrent Relocate 1.948ms
[2026-04-03T03:20:32.007+0600][66.836s][info][gc,load     ] GC(109) Load: 5.45/5.16/5.50
[2026-04-03T03:20:32.007+0600][66.836s][info][gc,mmu      ] GC(109) MMU: 2ms/92.1%, 5ms/96.8%, 10ms/98.4%, 20ms/99.2%, 50ms/99.7%, 100ms/99.8%
[2026-04-03T03:20:32.007+0600][66.836s][info][gc,marking  ] GC(109) Mark: 2 stripe(s), 2 proactive flush(es), 1 terminate flush(es), 0 completion(s), 0 continuation(s) 
[2026-04-03T03:20:32.007+0600][66.836s][info][gc,marking  ] GC(109) Mark Stack Usage: 32M
[2026-04-03T03:20:32.007+0600][66.836s][info][gc,nmethod  ] GC(109) NMethods: 7317 registered, 807 unregistered
[2026-04-03T03:20:32.007+0600][66.836s][info][gc,metaspace] GC(109) Metaspace: 71M used, 72M committed, 1088M reserved
[2026-04-03T03:20:32.007+0600][66.836s][info][gc,ref      ] GC(109) Soft: 2796 encountered, 384 discovered, 40 enqueued
[2026-04-03T03:20:32.007+0600][66.836s][info][gc,ref      ] GC(109) Weak: 5836 encountered, 1306 discovered, 6 enqueued
[2026-04-03T03:20:32.007+0600][66.836s][info][gc,ref      ] GC(109) Final: 84 encountered, 2 discovered, 0 enqueued
[2026-04-03T03:20:32.007+0600][66.836s][info][gc,ref      ] GC(109) Phantom: 600 encountered, 453 discovered, 0 enqueued
[2026-04-03T03:20:32.007+0600][66.836s][info][gc,reloc    ] GC(109) Small Pages: 274 / 548M, Empty: 296M, Relocated: 2M, In-Place: 0
[2026-04-03T03:20:32.007+0600][66.836s][info][gc,reloc    ] GC(109) Medium Pages: 1 / 16M, Empty: 0M, Relocated: 0M, In-Place: 0
[2026-04-03T03:20:32.007+0600][66.836s][info][gc,reloc    ] GC(109) Large Pages: 4 / 22M, Empty: 0M, Relocated: 0M, In-Place: 0
[2026-04-03T03:20:32.007+0600][66.836s][info][gc,reloc    ] GC(109) Forwarding Usage: 1M
[2026-04-03T03:20:32.007+0600][66.836s][info][gc,heap     ] GC(109) Min Capacity: 8M(1%)
[2026-04-03T03:20:32.007+0600][66.836s][info][gc,heap     ] GC(109) Max Capacity: 1000M(100%)
[2026-04-03T03:20:32.007+0600][66.836s][info][gc,heap     ] GC(109) Soft Max Capacity: 1000M(100%)
[2026-04-03T03:20:32.007+0600][66.836s][info][gc,heap     ] GC(109)                Mark Start          Mark End        Relocate Start      Relocate End           High               Low         
[2026-04-03T03:20:32.007+0600][66.836s][info][gc,heap     ] GC(109)  Capacity:     1000M (100%)       1000M (100%)       1000M (100%)       1000M (100%)       1000M (100%)       1000M (100%)   
[2026-04-03T03:20:32.007+0600][66.836s][info][gc,heap     ] GC(109)      Free:      414M (41%)          54M (5%)          348M (35%)         366M (37%)         414M (41%)          54M (5%)     
[2026-04-03T03:20:32.007+0600][66.836s][info][gc,heap     ] GC(109)      Used:      586M (59%)         946M (95%)         652M (65%)         634M (63%)         946M (95%)         586M (59%)    
[2026-04-03T03:20:32.007+0600][66.836s][info][gc,heap     ] GC(109)      Live:         -               251M (25%)         251M (25%)         251M (25%)            -                  -          
[2026-04-03T03:20:32.007+0600][66.836s][info][gc,heap     ] GC(109) Allocated:         -               360M (36%)         362M (36%)         363M (36%)            -                  -          
[2026-04-03T03:20:32.007+0600][66.836s][info][gc,heap     ] GC(109)   Garbage:         -               334M (33%)          38M (4%)           18M (2%)             -                  -          
[2026-04-03T03:20:32.007+0600][66.836s][info][gc,heap     ] GC(109) Reclaimed:         -                  -               296M (30%)         315M (32%)            -                  -          
[2026-04-03T03:20:32.007+0600][66.836s][info][gc          ] GC(109) Garbage Collection (Allocation Stall) 586M(59%)->634M(63%)
[2026-04-03T03:20:32.007+0600][66.836s][info][gc,start    ] GC(110) Garbage Collection (System.gc())
[2026-04-03T03:20:32.007+0600][66.836s][info][gc,task     ] GC(110) Using 3 workers
[2026-04-03T03:20:32.007+0600][66.836s][info][gc,phases   ] GC(110) Pause Mark Start 0.009ms
[2026-04-03T03:20:32.204+0600][67.032s][info][gc,phases   ] GC(110) Concurrent Mark 196.291ms
[2026-04-03T03:20:32.204+0600][67.033s][info][gc,phases   ] GC(110) Pause Mark End 0.023ms
[2026-04-03T03:20:32.204+0600][67.033s][info][gc,phases   ] GC(110) Concurrent Mark Free 0.002ms
[2026-04-03T03:20:32.210+0600][67.039s][info][gc,phases   ] GC(110) Concurrent Process Non-Strong References 6.390ms
[2026-04-03T03:20:32.211+0600][67.039s][info][gc,phases   ] GC(110) Concurrent Reset Relocation Set 0.003ms
[2026-04-03T03:20:32.213+0600][67.042s][info][gc,phases   ] GC(110) Concurrent Select Relocation Set 2.579ms
[2026-04-03T03:20:32.213+0600][67.042s][info][gc,phases   ] GC(110) Pause Relocate Start 0.010ms
[2026-04-03T03:20:32.216+0600][67.045s][info][gc,phases   ] GC(110) Concurrent Relocate 2.668ms
[2026-04-03T03:20:32.216+0600][67.045s][info][gc,load     ] GC(110) Load: 5.45/5.16/5.50
[2026-04-03T03:20:32.216+0600][67.045s][info][gc,mmu      ] GC(110) MMU: 2ms/92.1%, 5ms/96.8%, 10ms/98.4%, 20ms/99.2%, 50ms/99.7%, 100ms/99.8%
[2026-04-03T03:20:32.216+0600][67.045s][info][gc,marking  ] GC(110) Mark: 2 stripe(s), 1 proactive flush(es), 1 terminate flush(es), 0 completion(s), 0 continuation(s) 
[2026-04-03T03:20:32.216+0600][67.045s][info][gc,marking  ] GC(110) Mark Stack Usage: 32M
[2026-04-03T03:20:32.216+0600][67.045s][info][gc,nmethod  ] GC(110) NMethods: 7317 registered, 808 unregistered
[2026-04-03T03:20:32.216+0600][67.045s][info][gc,metaspace] GC(110) Metaspace: 71M used, 72M committed, 1088M reserved
[2026-04-03T03:20:32.216+0600][67.045s][info][gc,ref      ] GC(110) Soft: 2758 encountered, 0 discovered, 0 enqueued
[2026-04-03T03:20:32.216+0600][67.045s][info][gc,ref      ] GC(110) Weak: 5841 encountered, 1459 discovered, 14 enqueued
[2026-04-03T03:20:32.216+0600][67.045s][info][gc,ref      ] GC(110) Final: 84 encountered, 18 discovered, 0 enqueued
[2026-04-03T03:20:32.216+0600][67.045s][info][gc,ref      ] GC(110) Phantom: 600 encountered, 392 discovered, 0 enqueued
[2026-04-03T03:20:32.216+0600][67.045s][info][gc,reloc    ] GC(110) Small Pages: 295 / 590M, Empty: 392M, Relocated: 2M, In-Place: 0
[2026-04-03T03:20:32.216+0600][67.045s][info][gc,reloc    ] GC(110) Medium Pages: 1 / 16M, Empty: 0M, Relocated: 0M, In-Place: 0
[2026-04-03T03:20:32.216+0600][67.045s][info][gc,reloc    ] GC(110) Large Pages: 5 / 28M, Empty: 24M, Relocated: 0M, In-Place: 0
[2026-04-03T03:20:32.216+0600][67.045s][info][gc,reloc    ] GC(110) Forwarding Usage: 1M
[2026-04-03T03:20:32.216+0600][67.045s][info][gc,heap     ] GC(110) Min Capacity: 8M(1%)
[2026-04-03T03:20:32.216+0600][67.045s][info][gc,heap     ] GC(110) Max Capacity: 1000M(100%)
[2026-04-03T03:20:32.216+0600][67.045s][info][gc,heap     ] GC(110) Soft Max Capacity: 1000M(100%)
[2026-04-03T03:20:32.216+0600][67.045s][info][gc,heap     ] GC(110)                Mark Start          Mark End        Relocate Start      Relocate End           High               Low         
[2026-04-03T03:20:32.216+0600][67.045s][info][gc,heap     ] GC(110)  Capacity:     1000M (100%)       1000M (100%)       1000M (100%)       1000M (100%)       1000M (100%)       1000M (100%)   
[2026-04-03T03:20:32.216+0600][67.045s][info][gc,heap     ] GC(110)      Free:      366M (37%)         364M (36%)         774M (77%)         804M (80%)         804M (80%)         364M (36%)    
[2026-04-03T03:20:32.216+0600][67.045s][info][gc,heap     ] GC(110)      Used:      634M (63%)         636M (64%)         226M (23%)         196M (20%)         636M (64%)         196M (20%)    
[2026-04-03T03:20:32.216+0600][67.045s][info][gc,heap     ] GC(110)      Live:         -               169M (17%)         169M (17%)         169M (17%)            -                  -          
[2026-04-03T03:20:32.216+0600][67.045s][info][gc,heap     ] GC(110) Allocated:         -                 2M (0%)            8M (1%)            7M (1%)             -                  -          
[2026-04-03T03:20:32.216+0600][67.045s][info][gc,heap     ] GC(110)   Garbage:         -               464M (46%)          48M (5%)           18M (2%)             -                  -          
[2026-04-03T03:20:32.216+0600][67.045s][info][gc,heap     ] GC(110) Reclaimed:         -                  -               416M (42%)         445M (45%)            -                  -          
[2026-04-03T03:20:32.216+0600][67.045s][info][gc          ] GC(110) Garbage Collection (System.gc()) 634M(63%)->196M(20%)
[2026-04-03T03:20:32.285+0600][67.114s][info][gc,start    ] GC(111) Garbage Collection (Allocation Rate)
[2026-04-03T03:20:32.285+0600][67.114s][info][gc,task     ] GC(111) Using 3 workers
[2026-04-03T03:20:32.286+0600][67.114s][info][gc,phases   ] GC(111) Pause Mark Start 0.009ms
[2026-04-03T03:20:32.551+0600][67.380s][info][gc,phases   ] GC(111) Concurrent Mark 265.399ms
[2026-04-03T03:20:32.552+0600][67.380s][info][gc,phases   ] GC(111) Pause Mark End 0.068ms
[2026-04-03T03:20:32.552+0600][67.381s][info][gc,phases   ] GC(111) Concurrent Mark Free 0.003ms
[2026-04-03T03:20:32.563+0600][67.392s][info][gc,phases   ] GC(111) Concurrent Process Non-Strong References 11.227ms
[2026-04-03T03:20:32.563+0600][67.392s][info][gc,phases   ] GC(111) Concurrent Reset Relocation Set 0.004ms
[2026-04-03T03:20:32.567+0600][67.396s][info][gc,phases   ] GC(111) Concurrent Select Relocation Set 3.641ms
[2026-04-03T03:20:32.567+0600][67.396s][info][gc,phases   ] GC(111) Pause Relocate Start 0.018ms
[2026-04-03T03:20:32.572+0600][67.401s][info][gc,phases   ] GC(111) Concurrent Relocate 4.934ms
[2026-04-03T03:20:32.572+0600][67.401s][info][gc,load     ] GC(111) Load: 5.45/5.16/5.50
[2026-04-03T03:20:32.572+0600][67.401s][info][gc,mmu      ] GC(111) MMU: 2ms/92.1%, 5ms/96.8%, 10ms/98.4%, 20ms/99.2%, 50ms/99.7%, 100ms/99.8%
[2026-04-03T03:20:32.572+0600][67.401s][info][gc,marking  ] GC(111) Mark: 2 stripe(s), 2 proactive flush(es), 1 terminate flush(es), 0 completion(s), 0 continuation(s) 
[2026-04-03T03:20:32.572+0600][67.401s][info][gc,marking  ] GC(111) Mark Stack Usage: 32M
[2026-04-03T03:20:32.572+0600][67.401s][info][gc,nmethod  ] GC(111) NMethods: 7402 registered, 814 unregistered
[2026-04-03T03:20:32.572+0600][67.401s][info][gc,metaspace] GC(111) Metaspace: 71M used, 72M committed, 1088M reserved
[2026-04-03T03:20:32.572+0600][67.401s][info][gc,ref      ] GC(111) Soft: 2900 encountered, 0 discovered, 0 enqueued
[2026-04-03T03:20:32.572+0600][67.401s][info][gc,ref      ] GC(111) Weak: 6081 encountered, 2629 discovered, 45 enqueued
[2026-04-03T03:20:32.572+0600][67.401s][info][gc,ref      ] GC(111) Final: 84 encountered, 18 discovered, 0 enqueued
[2026-04-03T03:20:32.572+0600][67.401s][info][gc,ref      ] GC(111) Phantom: 600 encountered, 355 discovered, 0 enqueued
[2026-04-03T03:20:32.572+0600][67.401s][info][gc,reloc    ] GC(111) Small Pages: 101 / 202M, Empty: 0M, Relocated: 3M, In-Place: 0
[2026-04-03T03:20:32.572+0600][67.401s][info][gc,reloc    ] GC(111) Medium Pages: 2 / 32M, Empty: 16M, Relocated: 0M, In-Place: 0
[2026-04-03T03:20:32.572+0600][67.401s][info][gc,reloc    ] GC(111) Large Pages: 1 / 4M, Empty: 0M, Relocated: 0M, In-Place: 0
[2026-04-03T03:20:32.572+0600][67.401s][info][gc,reloc    ] GC(111) Forwarding Usage: 1M
[2026-04-03T03:20:32.572+0600][67.401s][info][gc,heap     ] GC(111) Min Capacity: 8M(1%)
[2026-04-03T03:20:32.572+0600][67.401s][info][gc,heap     ] GC(111) Max Capacity: 1000M(100%)
[2026-04-03T03:20:32.572+0600][67.401s][info][gc,heap     ] GC(111) Soft Max Capacity: 1000M(100%)
[2026-04-03T03:20:32.572+0600][67.401s][info][gc,heap     ] GC(111)                Mark Start          Mark End        Relocate Start      Relocate End           High               Low         
[2026-04-03T03:20:32.572+0600][67.401s][info][gc,heap     ] GC(111)  Capacity:     1000M (100%)       1000M (100%)       1000M (100%)       1000M (100%)       1000M (100%)       1000M (100%)   
[2026-04-03T03:20:32.572+0600][67.401s][info][gc,heap     ] GC(111)      Free:      762M (76%)         512M (51%)         498M (50%)         528M (53%)         762M (76%)         482M (48%)    
[2026-04-03T03:20:32.572+0600][67.401s][info][gc,heap     ] GC(111)      Used:      238M (24%)         488M (49%)         502M (50%)         472M (47%)         518M (52%)         238M (24%)    
[2026-04-03T03:20:32.572+0600][67.401s][info][gc,heap     ] GC(111)      Live:         -               170M (17%)         170M (17%)         170M (17%)            -                  -          
[2026-04-03T03:20:32.572+0600][67.401s][info][gc,heap     ] GC(111) Allocated:         -               250M (25%)         280M (28%)         283M (28%)            -                  -          
[2026-04-03T03:20:32.573+0600][67.401s][info][gc,heap     ] GC(111)   Garbage:         -                67M (7%)           51M (5%)           17M (2%)             -                  -          
[2026-04-03T03:20:32.573+0600][67.401s][info][gc,heap     ] GC(111) Reclaimed:         -                  -                16M (2%)           49M (5%)             -                  -          
[2026-04-03T03:20:32.573+0600][67.401s][info][gc          ] GC(111) Garbage Collection (Allocation Rate) 238M(24%)->472M(47%)
[2026-04-03T03:20:32.585+0600][67.414s][info][gc,start    ] GC(112) Garbage Collection (Allocation Rate)
[2026-04-03T03:20:32.585+0600][67.414s][info][gc,task     ] GC(112) Using 3 workers
[2026-04-03T03:20:32.585+0600][67.414s][info][gc,phases   ] GC(112) Pause Mark Start 0.011ms
[2026-04-03T03:20:33.067+0600][67.896s][info][gc,phases   ] GC(112) Concurrent Mark 481.414ms
[2026-04-03T03:20:33.067+0600][67.896s][info][gc,phases   ] GC(112) Pause Mark End 0.083ms
[2026-04-03T03:20:33.067+0600][67.896s][info][gc,phases   ] GC(112) Concurrent Mark Free 0.004ms
[2026-04-03T03:20:33.090+0600][67.918s][info][gc,phases   ] GC(112) Concurrent Process Non-Strong References 22.138ms
[2026-04-03T03:20:33.090+0600][67.918s][info][gc,phases   ] GC(112) Concurrent Reset Relocation Set 0.005ms
[2026-04-03T03:20:33.106+0600][67.934s][info][gc,phases   ] GC(112) Concurrent Select Relocation Set 15.928ms
[2026-04-03T03:20:33.106+0600][67.935s][info][gc,phases   ] GC(112) Pause Relocate Start 0.019ms
[2026-04-03T03:20:33.159+0600][67.988s][info][gc,phases   ] GC(112) Concurrent Relocate 53.064ms
[2026-04-03T03:20:33.159+0600][67.988s][info][gc,load     ] GC(112) Load: 5.45/5.16/5.50
[2026-04-03T03:20:33.159+0600][67.988s][info][gc,mmu      ] GC(112) MMU: 2ms/92.1%, 5ms/96.8%, 10ms/98.4%, 20ms/99.2%, 50ms/99.7%, 100ms/99.8%
[2026-04-03T03:20:33.159+0600][67.988s][info][gc,marking  ] GC(112) Mark: 2 stripe(s), 7 proactive flush(es), 1 terminate flush(es), 0 completion(s), 0 continuation(s) 
[2026-04-03T03:20:33.159+0600][67.988s][info][gc,marking  ] GC(112) Mark Stack Usage: 32M
[2026-04-03T03:20:33.159+0600][67.988s][info][gc,nmethod  ] GC(112) NMethods: 7415 registered, 819 unregistered
[2026-04-03T03:20:33.160+0600][67.988s][info][gc,metaspace] GC(112) Metaspace: 71M used, 72M committed, 1088M reserved
[2026-04-03T03:20:33.160+0600][67.988s][info][gc,ref      ] GC(112) Soft: 3156 encountered, 0 discovered, 0 enqueued
[2026-04-03T03:20:33.160+0600][67.988s][info][gc,ref      ] GC(112) Weak: 6422 encountered, 3789 discovered, 80 enqueued
[2026-04-03T03:20:33.160+0600][67.988s][info][gc,ref      ] GC(112) Final: 84 encountered, 2 discovered, 0 enqueued
[2026-04-03T03:20:33.160+0600][67.988s][info][gc,ref      ] GC(112) Phantom: 600 encountered, 550 discovered, 0 enqueued
[2026-04-03T03:20:33.160+0600][67.988s][info][gc,reloc    ] GC(112) Small Pages: 192 / 384M, Empty: 0M, Relocated: 62M, In-Place: 0
[2026-04-03T03:20:33.160+0600][67.988s][info][gc,reloc    ] GC(112) Medium Pages: 2 / 32M, Empty: 16M, Relocated: 0M, In-Place: 0
[2026-04-03T03:20:33.160+0600][67.988s][info][gc,reloc    ] GC(112) Large Pages: 10 / 60M, Empty: 18M, Relocated: 0M, In-Place: 0
[2026-04-03T03:20:33.160+0600][67.988s][info][gc,reloc    ] GC(112) Forwarding Usage: 29M
[2026-04-03T03:20:33.160+0600][67.988s][info][gc,heap     ] GC(112) Min Capacity: 8M(1%)
[2026-04-03T03:20:33.160+0600][67.988s][info][gc,heap     ] GC(112) Max Capacity: 1000M(100%)
[2026-04-03T03:20:33.160+0600][67.988s][info][gc,heap     ] GC(112) Soft Max Capacity: 1000M(100%)
[2026-04-03T03:20:33.160+0600][67.988s][info][gc,heap     ] GC(112)                Mark Start          Mark End        Relocate Start      Relocate End           High               Low         
[2026-04-03T03:20:33.160+0600][67.988s][info][gc,heap     ] GC(112)  Capacity:     1000M (100%)       1000M (100%)       1000M (100%)       1000M (100%)       1000M (100%)       1000M (100%)   
[2026-04-03T03:20:33.160+0600][67.988s][info][gc,heap     ] GC(112)      Free:      524M (52%)         180M (18%)         208M (21%)         348M (35%)         524M (52%)         174M (17%)    
[2026-04-03T03:20:33.160+0600][67.988s][info][gc,heap     ] GC(112)      Used:      476M (48%)         820M (82%)         792M (79%)         652M (65%)         826M (83%)         476M (48%)    
[2026-04-03T03:20:33.160+0600][67.988s][info][gc,heap     ] GC(112)      Live:         -               270M (27%)         270M (27%)         270M (27%)            -                  -          
[2026-04-03T03:20:33.160+0600][67.988s][info][gc,heap     ] GC(112) Allocated:         -               344M (34%)         350M (35%)         360M (36%)            -                  -          
[2026-04-03T03:20:33.160+0600][67.988s][info][gc,heap     ] GC(112)   Garbage:         -               205M (21%)         171M (17%)          20M (2%)             -                  -          
[2026-04-03T03:20:33.160+0600][67.988s][info][gc,heap     ] GC(112) Reclaimed:         -                  -                34M (3%)          184M (18%)            -                  -          
[2026-04-03T03:20:33.160+0600][67.988s][info][gc          ] GC(112) Garbage Collection (Allocation Rate) 476M(48%)->652M(65%)
[2026-04-03T03:20:33.185+0600][68.014s][info][gc,start    ] GC(113) Garbage Collection (Allocation Rate)
[2026-04-03T03:20:33.185+0600][68.014s][info][gc,task     ] GC(113) Using 3 workers
[2026-04-03T03:20:33.185+0600][68.014s][info][gc,phases   ] GC(113) Pause Mark Start 0.013ms
[2026-04-03T03:20:33.737+0600][68.566s][info][gc,phases   ] GC(113) Concurrent Mark 551.920ms
[2026-04-03T03:20:33.737+0600][68.566s][info][gc,phases   ] GC(113) Pause Mark End 0.031ms
[2026-04-03T03:20:33.738+0600][68.566s][info][gc,phases   ] GC(113) Concurrent Mark Free 0.004ms
[2026-04-03T03:20:33.747+0600][68.576s][info][gc,phases   ] GC(113) Concurrent Process Non-Strong References 9.748ms
[2026-04-03T03:20:33.748+0600][68.576s][info][gc,phases   ] GC(113) Concurrent Reset Relocation Set 0.012ms
[2026-04-03T03:20:33.757+0600][68.585s][info][gc,phases   ] GC(113) Concurrent Select Relocation Set 8.923ms
[2026-04-03T03:20:33.757+0600][68.586s][info][gc,phases   ] GC(113) Pause Relocate Start 0.036ms
[2026-04-03T03:20:33.818+0600][68.646s][info][gc,phases   ] GC(113) Concurrent Relocate 60.493ms
[2026-04-03T03:20:33.818+0600][68.646s][info][gc,load     ] GC(113) Load: 5.45/5.16/5.50
[2026-04-03T03:20:33.818+0600][68.646s][info][gc,mmu      ] GC(113) MMU: 2ms/92.1%, 5ms/96.8%, 10ms/98.4%, 20ms/99.2%, 50ms/99.7%, 100ms/99.8%
[2026-04-03T03:20:33.818+0600][68.646s][info][gc,marking  ] GC(113) Mark: 2 stripe(s), 3 proactive flush(es), 1 terminate flush(es), 0 completion(s), 0 continuation(s) 
[2026-04-03T03:20:33.818+0600][68.646s][info][gc,marking  ] GC(113) Mark Stack Usage: 32M
[2026-04-03T03:20:33.818+0600][68.646s][info][gc,nmethod  ] GC(113) NMethods: 7416 registered, 822 unregistered
[2026-04-03T03:20:33.818+0600][68.646s][info][gc,metaspace] GC(113) Metaspace: 71M used, 72M committed, 1088M reserved
[2026-04-03T03:20:33.818+0600][68.647s][info][gc,ref      ] GC(113) Soft: 3174 encountered, 0 discovered, 0 enqueued
[2026-04-03T03:20:33.818+0600][68.647s][info][gc,ref      ] GC(113) Weak: 6369 encountered, 2400 discovered, 5 enqueued
[2026-04-03T03:20:33.818+0600][68.647s][info][gc,ref      ] GC(113) Final: 84 encountered, 2 discovered, 0 enqueued
[2026-04-03T03:20:33.818+0600][68.647s][info][gc,ref      ] GC(113) Phantom: 603 encountered, 449 discovered, 0 enqueued
[2026-04-03T03:20:33.818+0600][68.647s][info][gc,reloc    ] GC(113) Small Pages: 277 / 554M, Empty: 4M, Relocated: 43M, In-Place: 0
[2026-04-03T03:20:33.818+0600][68.647s][info][gc,reloc    ] GC(113) Medium Pages: 2 / 32M, Empty: 16M, Relocated: 0M, In-Place: 0
[2026-04-03T03:20:33.818+0600][68.647s][info][gc,reloc    ] GC(113) Large Pages: 11 / 72M, Empty: 26M, Relocated: 0M, In-Place: 0
[2026-04-03T03:20:33.818+0600][68.647s][info][gc,reloc    ] GC(113) Forwarding Usage: 37M
[2026-04-03T03:20:33.818+0600][68.647s][info][gc,heap     ] GC(113) Min Capacity: 8M(1%)
[2026-04-03T03:20:33.818+0600][68.647s][info][gc,heap     ] GC(113) Max Capacity: 1000M(100%)
[2026-04-03T03:20:33.818+0600][68.647s][info][gc,heap     ] GC(113) Soft Max Capacity: 1000M(100%)
[2026-04-03T03:20:33.818+0600][68.647s][info][gc,heap     ] GC(113)                Mark Start          Mark End        Relocate Start      Relocate End           High               Low         
[2026-04-03T03:20:33.818+0600][68.647s][info][gc,heap     ] GC(113)  Capacity:     1000M (100%)       1000M (100%)       1000M (100%)       1000M (100%)       1000M (100%)       1000M (100%)   
[2026-04-03T03:20:33.818+0600][68.647s][info][gc,heap     ] GC(113)      Free:      342M (34%)         228M (23%)         272M (27%)         528M (53%)         528M (53%)         228M (23%)    
[2026-04-03T03:20:33.818+0600][68.647s][info][gc,heap     ] GC(113)      Used:      658M (66%)         772M (77%)         728M (73%)         472M (47%)         772M (77%)         472M (47%)    
[2026-04-03T03:20:33.818+0600][68.647s][info][gc,heap     ] GC(113)      Live:         -               322M (32%)         322M (32%)         322M (32%)            -                  -          
[2026-04-03T03:20:33.818+0600][68.647s][info][gc,heap     ] GC(113) Allocated:         -               114M (11%)         116M (12%)         125M (13%)            -                  -          
[2026-04-03T03:20:33.818+0600][68.647s][info][gc,heap     ] GC(113)   Garbage:         -               335M (34%)         289M (29%)          23M (2%)             -                  -          
[2026-04-03T03:20:33.818+0600][68.647s][info][gc,heap     ] GC(113) Reclaimed:         -                  -                46M (5%)          311M (31%)            -                  -          
[2026-04-03T03:20:33.818+0600][68.647s][info][gc          ] GC(113) Garbage Collection (Allocation Rate) 658M(66%)->472M(47%)
[2026-04-03T03:20:33.885+0600][68.714s][info][gc,start    ] GC(114) Garbage Collection (Allocation Rate)
[2026-04-03T03:20:33.885+0600][68.714s][info][gc,task     ] GC(114) Using 3 workers
[2026-04-03T03:20:33.885+0600][68.714s][info][gc,phases   ] GC(114) Pause Mark Start 0.011ms
[2026-04-03T03:20:34.529+0600][69.357s][info][gc,phases   ] GC(114) Concurrent Mark 643.397ms
[2026-04-03T03:20:34.529+0600][69.358s][info][gc,phases   ] GC(114) Pause Mark End 0.022ms
[2026-04-03T03:20:34.529+0600][69.358s][info][gc,phases   ] GC(114) Concurrent Mark Free 0.002ms
[2026-04-03T03:20:34.537+0600][69.365s][info][gc,phases   ] GC(114) Concurrent Process Non-Strong References 7.358ms
[2026-04-03T03:20:34.537+0600][69.365s][info][gc,phases   ] GC(114) Concurrent Reset Relocation Set 0.012ms
[2026-04-03T03:20:34.539+0600][69.368s][info][gc          ] Allocation Stall (Executor task launch worker for task 1.0 in stage 27.0 (TID 40)) 28.628ms
[2026-04-03T03:20:34.539+0600][69.368s][info][gc          ] Allocation Stall (Executor task launch worker for task 0.0 in stage 27.0 (TID 39)) 25.411ms
[2026-04-03T03:20:34.539+0600][69.368s][info][gc          ] Allocation Stall (Executor task launch worker for task 2.0 in stage 27.0 (TID 41)) 25.354ms
[2026-04-03T03:20:34.545+0600][69.374s][info][gc,phases   ] GC(114) Concurrent Select Relocation Set 8.312ms
[2026-04-03T03:20:34.545+0600][69.374s][info][gc,phases   ] GC(114) Pause Relocate Start 0.011ms
[2026-04-03T03:20:34.549+0600][69.378s][info][gc,phases   ] GC(114) Concurrent Relocate 3.746ms
[2026-04-03T03:20:34.549+0600][69.378s][info][gc,load     ] GC(114) Load: 5.45/5.16/5.50
[2026-04-03T03:20:34.549+0600][69.378s][info][gc,mmu      ] GC(114) MMU: 2ms/92.1%, 5ms/96.8%, 10ms/98.4%, 20ms/99.2%, 50ms/99.7%, 100ms/99.8%
[2026-04-03T03:20:34.549+0600][69.378s][info][gc,marking  ] GC(114) Mark: 2 stripe(s), 3 proactive flush(es), 1 terminate flush(es), 0 completion(s), 0 continuation(s) 
[2026-04-03T03:20:34.549+0600][69.378s][info][gc,marking  ] GC(114) Mark Stack Usage: 32M
[2026-04-03T03:20:34.549+0600][69.378s][info][gc,nmethod  ] GC(114) NMethods: 7431 registered, 826 unregistered
[2026-04-03T03:20:34.549+0600][69.378s][info][gc,metaspace] GC(114) Metaspace: 71M used, 72M committed, 1088M reserved
[2026-04-03T03:20:34.549+0600][69.378s][info][gc,ref      ] GC(114) Soft: 3174 encountered, 0 discovered, 0 enqueued
[2026-04-03T03:20:34.549+0600][69.378s][info][gc,ref      ] GC(114) Weak: 6364 encountered, 2320 discovered, 0 enqueued
[2026-04-03T03:20:34.549+0600][69.378s][info][gc,ref      ] GC(114) Final: 84 encountered, 18 discovered, 0 enqueued
[2026-04-03T03:20:34.549+0600][69.378s][info][gc,ref      ] GC(114) Phantom: 602 encountered, 494 discovered, 0 enqueued
[2026-04-03T03:20:34.549+0600][69.378s][info][gc,reloc    ] GC(114) Small Pages: 214 / 428M, Empty: 36M, Relocated: 3M, In-Place: 0
[2026-04-03T03:20:34.549+0600][69.378s][info][gc,reloc    ] GC(114) Medium Pages: 1 / 16M, Empty: 0M, Relocated: 0M, In-Place: 0
[2026-04-03T03:20:34.549+0600][69.378s][info][gc,reloc    ] GC(114) Large Pages: 6 / 46M, Empty: 0M, Relocated: 0M, In-Place: 0
[2026-04-03T03:20:34.549+0600][69.378s][info][gc,reloc    ] GC(114) Forwarding Usage: 1M
[2026-04-03T03:20:34.549+0600][69.378s][info][gc,heap     ] GC(114) Min Capacity: 8M(1%)
[2026-04-03T03:20:34.549+0600][69.378s][info][gc,heap     ] GC(114) Max Capacity: 1000M(100%)
[2026-04-03T03:20:34.549+0600][69.378s][info][gc,heap     ] GC(114) Soft Max Capacity: 1000M(100%)
[2026-04-03T03:20:34.549+0600][69.378s][info][gc,heap     ] GC(114)                Mark Start          Mark End        Relocate Start      Relocate End           High               Low         
[2026-04-03T03:20:34.549+0600][69.378s][info][gc,heap     ] GC(114)  Capacity:     1000M (100%)       1000M (100%)       1000M (100%)       1000M (100%)       1000M (100%)       1000M (100%)   
[2026-04-03T03:20:34.549+0600][69.378s][info][gc,heap     ] GC(114)      Free:      510M (51%)           0M (0%)           24M (2%)          130M (13%)         510M (51%)           0M (0%)     
[2026-04-03T03:20:34.549+0600][69.378s][info][gc,heap     ] GC(114)      Used:      490M (49%)        1000M (100%)        976M (98%)         870M (87%)        1000M (100%)        490M (49%)    
[2026-04-03T03:20:34.549+0600][69.378s][info][gc,heap     ] GC(114)      Live:         -               322M (32%)         322M (32%)         322M (32%)            -                  -          
[2026-04-03T03:20:34.549+0600][69.378s][info][gc,heap     ] GC(114) Allocated:         -               510M (51%)         522M (52%)         523M (52%)            -                  -          
[2026-04-03T03:20:34.549+0600][69.378s][info][gc,heap     ] GC(114)   Garbage:         -               167M (17%)         131M (13%)          23M (2%)             -                  -          
[2026-04-03T03:20:34.549+0600][69.378s][info][gc,heap     ] GC(114) Reclaimed:         -                  -                36M (4%)          143M (14%)            -                  -          
[2026-04-03T03:20:34.549+0600][69.378s][info][gc          ] GC(114) Garbage Collection (Allocation Rate) 490M(49%)->870M(87%)
[2026-04-03T03:20:34.585+0600][69.414s][info][gc,start    ] GC(115) Garbage Collection (Allocation Stall)
[2026-04-03T03:20:34.585+0600][69.414s][info][gc,ref      ] GC(115) Clearing All SoftReferences
[2026-04-03T03:20:34.585+0600][69.414s][info][gc,task     ] GC(115) Using 3 workers
[2026-04-03T03:20:34.585+0600][69.414s][info][gc,ref      ] GC(115) Clearing All SoftReferences
[2026-04-03T03:20:34.585+0600][69.414s][info][gc,phases   ] GC(115) Pause Mark Start 0.038ms
[2026-04-03T03:20:34.943+0600][69.772s][info][gc,phases   ] GC(115) Concurrent Mark 358.073ms
[2026-04-03T03:20:34.944+0600][69.772s][info][gc,phases   ] GC(115) Pause Mark End 0.021ms
[2026-04-03T03:20:34.944+0600][69.772s][info][gc,phases   ] GC(115) Concurrent Mark Free 0.001ms
[2026-04-03T03:20:34.960+0600][69.788s][info][gc,phases   ] GC(115) Concurrent Process Non-Strong References 16.065ms
[2026-04-03T03:20:34.960+0600][69.789s][info][gc,phases   ] GC(115) Concurrent Reset Relocation Set 0.005ms
[2026-04-03T03:20:34.962+0600][69.791s][info][gc          ] Allocation Stall (Executor task launch worker for task 2.0 in stage 27.0 (TID 41)) 308.991ms
[2026-04-03T03:20:34.962+0600][69.791s][info][gc          ] Allocation Stall (Executor task launch worker for task 1.0 in stage 27.0 (TID 40)) 301.654ms
[2026-04-03T03:20:34.962+0600][69.791s][info][gc          ] Allocation Stall (Executor task launch worker for task 0.0 in stage 27.0 (TID 39)) 307.652ms
[2026-04-03T03:20:34.975+0600][69.804s][info][gc,phases   ] GC(115) Concurrent Select Relocation Set 15.165ms
[2026-04-03T03:20:34.975+0600][69.804s][info][gc,phases   ] GC(115) Pause Relocate Start 0.019ms
[2026-04-03T03:20:35.037+0600][69.866s][info][gc,phases   ] GC(115) Concurrent Relocate 61.477ms
[2026-04-03T03:20:35.037+0600][69.866s][info][gc,load     ] GC(115) Load: 5.45/5.16/5.50
[2026-04-03T03:20:35.037+0600][69.866s][info][gc,mmu      ] GC(115) MMU: 2ms/92.1%, 5ms/96.8%, 10ms/98.4%, 20ms/99.2%, 50ms/99.7%, 100ms/99.8%
[2026-04-03T03:20:35.037+0600][69.866s][info][gc,marking  ] GC(115) Mark: 2 stripe(s), 2 proactive flush(es), 1 terminate flush(es), 0 completion(s), 0 continuation(s) 
[2026-04-03T03:20:35.037+0600][69.866s][info][gc,marking  ] GC(115) Mark Stack Usage: 32M
[2026-04-03T03:20:35.037+0600][69.866s][info][gc,nmethod  ] GC(115) NMethods: 7428 registered, 829 unregistered
[2026-04-03T03:20:35.037+0600][69.866s][info][gc,metaspace] GC(115) Metaspace: 71M used, 72M committed, 1088M reserved
[2026-04-03T03:20:35.037+0600][69.866s][info][gc,ref      ] GC(115) Soft: 3081 encountered, 829 discovered, 294 enqueued
[2026-04-03T03:20:35.037+0600][69.866s][info][gc,ref      ] GC(115) Weak: 6281 encountered, 2460 discovered, 34 enqueued
[2026-04-03T03:20:35.037+0600][69.866s][info][gc,ref      ] GC(115) Final: 84 encountered, 2 discovered, 0 enqueued
[2026-04-03T03:20:35.037+0600][69.866s][info][gc,ref      ] GC(115) Phantom: 602 encountered, 485 discovered, 0 enqueued
[2026-04-03T03:20:35.037+0600][69.866s][info][gc,reloc    ] GC(115) Small Pages: 416 / 832M, Empty: 106M, Relocated: 38M, In-Place: 0
[2026-04-03T03:20:35.037+0600][69.866s][info][gc,reloc    ] GC(115) Medium Pages: 2 / 32M, Empty: 16M, Relocated: 0M, In-Place: 0
[2026-04-03T03:20:35.037+0600][69.866s][info][gc,reloc    ] GC(115) Large Pages: 9 / 60M, Empty: 34M, Relocated: 0M, In-Place: 0
[2026-04-03T03:20:35.037+0600][69.866s][info][gc,reloc    ] GC(115) Forwarding Usage: 27M
[2026-04-03T03:20:35.037+0600][69.866s][info][gc,heap     ] GC(115) Min Capacity: 8M(1%)
[2026-04-03T03:20:35.037+0600][69.866s][info][gc,heap     ] GC(115) Max Capacity: 1000M(100%)
[2026-04-03T03:20:35.037+0600][69.866s][info][gc,heap     ] GC(115) Soft Max Capacity: 1000M(100%)
[2026-04-03T03:20:35.037+0600][69.866s][info][gc,heap     ] GC(115)                Mark Start          Mark End        Relocate Start      Relocate End           High               Low         
[2026-04-03T03:20:35.037+0600][69.866s][info][gc,heap     ] GC(115)  Capacity:     1000M (100%)       1000M (100%)       1000M (100%)       1000M (100%)       1000M (100%)       1000M (100%)   
[2026-04-03T03:20:35.037+0600][69.866s][info][gc,heap     ] GC(115)      Free:       76M (8%)            0M (0%)          126M (13%)         612M (61%)         612M (61%)           0M (0%)     
[2026-04-03T03:20:35.037+0600][69.866s][info][gc,heap     ] GC(115)      Used:      924M (92%)        1000M (100%)        874M (87%)         388M (39%)        1000M (100%)        388M (39%)    
[2026-04-03T03:20:35.037+0600][69.866s][info][gc,heap     ] GC(115)      Live:         -               238M (24%)         238M (24%)         238M (24%)            -                  -          
[2026-04-03T03:20:35.037+0600][69.866s][info][gc,heap     ] GC(115) Allocated:         -                76M (8%)          106M (11%)         127M (13%)            -                  -          
[2026-04-03T03:20:35.037+0600][69.866s][info][gc,heap     ] GC(115)   Garbage:         -               685M (69%)         529M (53%)          22M (2%)             -                  -          
[2026-04-03T03:20:35.037+0600][69.866s][info][gc,heap     ] GC(115) Reclaimed:         -                  -               156M (16%)         663M (66%)            -                  -          
[2026-04-03T03:20:35.037+0600][69.866s][info][gc          ] GC(115) Garbage Collection (Allocation Stall) 924M(92%)->388M(39%)
[2026-04-03T03:20:35.085+0600][69.914s][info][gc,start    ] GC(116) Garbage Collection (Allocation Stall)
[2026-04-03T03:20:35.085+0600][69.914s][info][gc,ref      ] GC(116) Clearing All SoftReferences
[2026-04-03T03:20:35.085+0600][69.914s][info][gc,task     ] GC(116) Using 3 workers
[2026-04-03T03:20:35.085+0600][69.914s][info][gc,ref      ] GC(116) Clearing All SoftReferences
[2026-04-03T03:20:35.085+0600][69.914s][info][gc,phases   ] GC(116) Pause Mark Start 0.054ms
[2026-04-03T03:20:35.285+0600][70.114s][info][gc,stats    ] === Garbage Collection Statistics =======================================================================================================================
[2026-04-03T03:20:35.285+0600][70.114s][info][gc,stats    ]                                                              Last 10s              Last 10m              Last 10h                Total
[2026-04-03T03:20:35.285+0600][70.114s][info][gc,stats    ]                                                              Avg / Max             Avg / Max             Avg / Max             Avg / Max
[2026-04-03T03:20:35.286+0600][70.114s][info][gc,stats    ]   Collector: Garbage Collection Cycle                    519.754 / 819.007     418.819 / 988.634     418.819 / 988.634     418.819 / 988.634     ms
[2026-04-03T03:20:35.286+0600][70.114s][info][gc,stats    ]  Contention: Mark Segment Reset Contention                    14 / 44                7 / 44                7 / 44                7 / 44          ops/s
[2026-04-03T03:20:35.286+0600][70.114s][info][gc,stats    ]  Contention: Mark SeqNum Reset Contention                      0 / 1                 0 / 4                 0 / 4                 0 / 4           ops/s
[2026-04-03T03:20:35.286+0600][70.114s][info][gc,stats    ]    Critical: Allocation Stall                                  1 / 6                 1 / 8                 1 / 8                 1 / 8           ops/s
[2026-04-03T03:20:35.286+0600][70.114s][info][gc,stats    ]    Critical: Allocation Stall                            152.624 / 388.317     172.549 / 389.839     172.549 / 389.839     172.549 / 389.839     ms
[2026-04-03T03:20:35.286+0600][70.114s][info][gc,stats    ]    Critical: GC Locker Stall                                   0 / 0                 0 / 3                 0 / 3                 0 / 3           ops/s
[2026-04-03T03:20:35.286+0600][70.114s][info][gc,stats    ]    Critical: GC Locker Stall                               0.000 / 0.000         0.001 / 0.001         0.001 / 0.001         0.001 / 0.001       ms
[2026-04-03T03:20:35.286+0600][70.114s][info][gc,stats    ]    Critical: Relocation Stall                                  0 / 2                 0 / 4                 0 / 4                 0 / 4           ops/s
[2026-04-03T03:20:35.286+0600][70.114s][info][gc,stats    ]    Critical: Relocation Stall                             16.197 / 16.213       11.529 / 35.668       11.529 / 35.668       11.529 / 35.668      ms
[2026-04-03T03:20:35.286+0600][70.114s][info][gc,stats    ]      Memory: Allocation Rate                                 540 / 788             503 / 2572            503 / 2572            503 / 2572        MB/s
[2026-04-03T03:20:35.286+0600][70.114s][info][gc,stats    ]      Memory: Defragment                                       18 / 113               8 / 113               8 / 113               8 / 113         ops/s
[2026-04-03T03:20:35.286+0600][70.114s][info][gc,stats    ]      Memory: Out Of Memory                                     0 / 0                 0 / 0                 0 / 0                 0 / 0           ops/s
[2026-04-03T03:20:35.286+0600][70.114s][info][gc,stats    ]      Memory: Page Cache Flush                                 84 / 226              36 / 226              36 / 226              36 / 226         MB/s
[2026-04-03T03:20:35.286+0600][70.114s][info][gc,stats    ]      Memory: Page Cache Hit L1                               243 / 325             237 / 1314            237 / 1314            237 / 1314        ops/s
[2026-04-03T03:20:35.286+0600][70.114s][info][gc,stats    ]      Memory: Page Cache Hit L2                                 0 / 0                 0 / 0                 0 / 0                 0 / 0           ops/s
[2026-04-03T03:20:35.286+0600][70.114s][info][gc,stats    ]      Memory: Page Cache Hit L3                                14 / 84                8 / 84                8 / 84                8 / 84          ops/s
[2026-04-03T03:20:35.286+0600][70.114s][info][gc,stats    ]      Memory: Page Cache Miss                                   5 / 27                6 / 142               6 / 142               6 / 142         ops/s
[2026-04-03T03:20:35.286+0600][70.114s][info][gc,stats    ]      Memory: Uncommit                                          0 / 0                 0 / 0                 0 / 0                 0 / 0           MB/s
[2026-04-03T03:20:35.286+0600][70.114s][info][gc,stats    ]      Memory: Undo Object Allocation Failed                     0 / 0                 0 / 0                 0 / 0                 0 / 0           ops/s
[2026-04-03T03:20:35.286+0600][70.114s][info][gc,stats    ]      Memory: Undo Object Allocation Succeeded                  3 / 13               29 / 1977             29 / 1977             29 / 1977        ops/s
[2026-04-03T03:20:35.286+0600][70.115s][info][gc,stats    ]      Memory: Undo Page Allocation                              0 / 0                 0 / 2                 0 / 2                 0 / 2           ops/s
[2026-04-03T03:20:35.286+0600][70.115s][info][gc,stats    ]       Phase: Concurrent Mark                             449.500 / 755.187     371.944 / 978.999     371.944 / 978.999     371.944 / 978.999     ms
[2026-04-03T03:20:35.286+0600][70.115s][info][gc,stats    ]       Phase: Concurrent Mark Continue                      0.000 / 0.000         0.000 / 0.000         0.000 / 0.000         0.000 / 0.000       ms
[2026-04-03T03:20:35.286+0600][70.115s][info][gc,stats    ]       Phase: Concurrent Mark Free                          0.003 / 0.005         0.002 / 0.007         0.002 / 0.007         0.002 / 0.007       ms
[2026-04-03T03:20:35.286+0600][70.115s][info][gc,stats    ]       Phase: Concurrent Process Non-Strong References     13.553 / 33.895        9.681 / 33.895        9.681 / 33.895        9.681 / 33.895      ms
[2026-04-03T03:20:35.286+0600][70.115s][info][gc,stats    ]       Phase: Concurrent Relocate                          44.391 / 163.712      28.399 / 163.712      28.399 / 163.712      28.399 / 163.712     ms
[2026-04-03T03:20:35.286+0600][70.115s][info][gc,stats    ]       Phase: Concurrent Reset Relocation Set               0.017 / 0.083         0.016 / 0.083         0.016 / 0.083         0.016 / 0.083       ms
[2026-04-03T03:20:35.286+0600][70.115s][info][gc,stats    ]       Phase: Concurrent Select Relocation Set             10.217 / 40.079        7.019 / 40.079        7.019 / 40.079        7.019 / 40.079      ms
[2026-04-03T03:20:35.286+0600][70.115s][info][gc,stats    ]       Phase: Pause Mark End                                0.037 / 0.083         0.031 / 0.097         0.031 / 0.097         0.031 / 0.097       ms
[2026-04-03T03:20:35.286+0600][70.115s][info][gc,stats    ]       Phase: Pause Mark Start                              0.029 / 0.073         0.031 / 0.158         0.031 / 0.158         0.031 / 0.158       ms
[2026-04-03T03:20:35.286+0600][70.115s][info][gc,stats    ]       Phase: Pause Relocate Start                          0.022 / 0.067         0.019 / 0.092         0.019 / 0.092         0.019 / 0.092       ms
[2026-04-03T03:20:35.286+0600][70.115s][info][gc,stats    ]    Subphase: Concurrent Classes Purge                      0.132 / 1.037         0.107 / 1.037         0.107 / 1.037         0.107 / 1.037       ms
[2026-04-03T03:20:35.286+0600][70.115s][info][gc,stats    ]    Subphase: Concurrent Classes Unlink                    11.296 / 29.753        7.728 / 29.753        7.728 / 29.753        7.728 / 29.753      ms
[2026-04-03T03:20:35.286+0600][70.115s][info][gc,stats    ]    Subphase: Concurrent Mark                             448.003 / 753.904     381.015 / 978.365     381.015 / 978.365     381.015 / 978.365     ms
[2026-04-03T03:20:35.286+0600][70.115s][info][gc,stats    ]    Subphase: Concurrent Mark Try Flush                     0.347 / 2.357         0.266 / 4.637         0.266 / 4.637         0.266 / 4.637       ms
[2026-04-03T03:20:35.286+0600][70.115s][info][gc,stats    ]    Subphase: Concurrent Mark Try Terminate                 0.957 / 1.226         1.063 / 1.450         1.063 / 1.450         1.063 / 1.450       ms
[2026-04-03T03:20:35.286+0600][70.115s][info][gc,stats    ]    Subphase: Concurrent References Enqueue                 0.005 / 0.013         0.004 / 0.015         0.004 / 0.015         0.004 / 0.015       ms
[2026-04-03T03:20:35.286+0600][70.115s][info][gc,stats    ]    Subphase: Concurrent References Process                 0.580 / 0.914         0.484 / 1.197         0.484 / 1.197         0.484 / 1.197       ms
[2026-04-03T03:20:35.286+0600][70.115s][info][gc,stats    ]    Subphase: Concurrent Roots ClassLoaderDataGraph         0.243 / 0.690         0.246 / 0.814         0.246 / 0.814         0.246 / 0.814       ms
[2026-04-03T03:20:35.286+0600][70.115s][info][gc,stats    ]    Subphase: Concurrent Roots CodeCache                    0.000 / 0.000         0.000 / 0.000         0.000 / 0.000         0.000 / 0.000       ms
[2026-04-03T03:20:35.286+0600][70.115s][info][gc,stats    ]    Subphase: Concurrent Roots JavaThreads                  0.594 / 0.951         0.463 / 2.262         0.463 / 2.262         0.463 / 2.262       ms
[2026-04-03T03:20:35.286+0600][70.115s][info][gc,stats    ]    Subphase: Concurrent Roots OopStorageSet                0.053 / 0.105         0.048 / 0.262         0.048 / 0.262         0.048 / 0.262       ms
[2026-04-03T03:20:35.286+0600][70.115s][info][gc,stats    ]    Subphase: Concurrent Weak Roots OopStorageSet           0.884 / 1.432         0.798 / 1.963         0.798 / 1.963         0.798 / 1.963       ms
[2026-04-03T03:20:35.286+0600][70.115s][info][gc,stats    ]    Subphase: Pause Mark Try Complete                       0.000 / 0.000         0.000 / 0.000         0.000 / 0.000         0.000 / 0.000       ms
[2026-04-03T03:20:35.286+0600][70.115s][info][gc,stats    ]      System: Java Threads                                    165 / 190              98 / 190              98 / 190              98 / 190         threads
[2026-04-03T03:20:35.286+0600][70.115s][info][gc,stats    ] =========================================================================================================================================================
[2026-04-03T03:20:35.681+0600][70.510s][info][gc,phases   ] GC(116) Concurrent Mark 595.948ms
[2026-04-03T03:20:35.682+0600][70.510s][info][gc,phases   ] GC(116) Pause Mark End 0.026ms
[2026-04-03T03:20:35.682+0600][70.510s][info][gc,phases   ] GC(116) Concurrent Mark Free 0.002ms
[2026-04-03T03:20:35.699+0600][70.528s][info][gc,phases   ] GC(116) Concurrent Process Non-Strong References 17.171ms
[2026-04-03T03:20:35.699+0600][70.528s][info][gc,phases   ] GC(116) Concurrent Reset Relocation Set 0.022ms
[2026-04-03T03:20:35.701+0600][70.530s][info][gc          ] Allocation Stall (Executor task launch worker for task 0.0 in stage 27.0 (TID 39)) 38.733ms
[2026-04-03T03:20:35.702+0600][70.530s][info][gc          ] Allocation Stall (Executor task launch worker for task 2.0 in stage 27.0 (TID 41)) 38.259ms
[2026-04-03T03:20:35.702+0600][70.530s][info][gc          ] Allocation Stall (Executor task launch worker for task 1.0 in stage 27.0 (TID 40)) 35.483ms
[2026-04-03T03:20:35.704+0600][70.533s][info][gc,phases   ] GC(116) Concurrent Select Relocation Set 5.309ms
[2026-04-03T03:20:35.705+0600][70.534s][info][gc,phases   ] GC(116) Pause Relocate Start 0.011ms
[2026-04-03T03:20:35.726+0600][70.554s][info][gc,phases   ] GC(116) Concurrent Relocate 20.369ms
[2026-04-03T03:20:35.726+0600][70.555s][info][gc,load     ] GC(116) Load: 5.66/5.20/5.51
[2026-04-03T03:20:35.726+0600][70.555s][info][gc,mmu      ] GC(116) MMU: 2ms/92.1%, 5ms/96.8%, 10ms/98.4%, 20ms/99.2%, 50ms/99.7%, 100ms/99.8%
[2026-04-03T03:20:35.726+0600][70.555s][info][gc,marking  ] GC(116) Mark: 2 stripe(s), 2 proactive flush(es), 1 terminate flush(es), 0 completion(s), 0 continuation(s) 
[2026-04-03T03:20:35.726+0600][70.555s][info][gc,marking  ] GC(116) Mark Stack Usage: 32M
[2026-04-03T03:20:35.726+0600][70.555s][info][gc,nmethod  ] GC(116) NMethods: 7431 registered, 830 unregistered
[2026-04-03T03:20:35.726+0600][70.555s][info][gc,metaspace] GC(116) Metaspace: 71M used, 72M committed, 1088M reserved
[2026-04-03T03:20:35.726+0600][70.555s][info][gc,ref      ] GC(116) Soft: 2787 encountered, 1865 discovered, 0 enqueued
[2026-04-03T03:20:35.726+0600][70.555s][info][gc,ref      ] GC(116) Weak: 5957 encountered, 1730 discovered, 0 enqueued
[2026-04-03T03:20:35.726+0600][70.555s][info][gc,ref      ] GC(116) Final: 84 encountered, 2 discovered, 0 enqueued
[2026-04-03T03:20:35.726+0600][70.555s][info][gc,ref      ] GC(116) Phantom: 602 encountered, 538 discovered, 0 enqueued
[2026-04-03T03:20:35.726+0600][70.555s][info][gc,reloc    ] GC(116) Small Pages: 187 / 374M, Empty: 0M, Relocated: 10M, In-Place: 0
[2026-04-03T03:20:35.726+0600][70.555s][info][gc,reloc    ] GC(116) Medium Pages: 1 / 16M, Empty: 0M, Relocated: 0M, In-Place: 0
[2026-04-03T03:20:35.726+0600][70.555s][info][gc,reloc    ] GC(116) Large Pages: 7 / 46M, Empty: 12M, Relocated: 0M, In-Place: 0
[2026-04-03T03:20:35.726+0600][70.555s][info][gc,reloc    ] GC(116) Forwarding Usage: 8M
[2026-04-03T03:20:35.726+0600][70.555s][info][gc,heap     ] GC(116) Min Capacity: 8M(1%)
[2026-04-03T03:20:35.726+0600][70.555s][info][gc,heap     ] GC(116) Max Capacity: 1000M(100%)
[2026-04-03T03:20:35.726+0600][70.555s][info][gc,heap     ] GC(116) Soft Max Capacity: 1000M(100%)
[2026-04-03T03:20:35.726+0600][70.555s][info][gc,heap     ] GC(116)                Mark Start          Mark End        Relocate Start      Relocate End           High               Low         
[2026-04-03T03:20:35.726+0600][70.555s][info][gc,heap     ] GC(116)  Capacity:     1000M (100%)       1000M (100%)       1000M (100%)       1000M (100%)       1000M (100%)       1000M (100%)   
[2026-04-03T03:20:35.726+0600][70.555s][info][gc,heap     ] GC(116)      Free:      564M (56%)           0M (0%)            6M (1%)          144M (14%)         564M (56%)           0M (0%)     
[2026-04-03T03:20:35.726+0600][70.555s][info][gc,heap     ] GC(116)      Used:      436M (44%)        1000M (100%)        994M (99%)         856M (86%)        1000M (100%)        436M (44%)    
[2026-04-03T03:20:35.726+0600][70.555s][info][gc,heap     ] GC(116)      Live:         -               250M (25%)         250M (25%)         250M (25%)            -                  -          
[2026-04-03T03:20:35.726+0600][70.555s][info][gc,heap     ] GC(116) Allocated:         -               564M (56%)         570M (57%)         583M (58%)            -                  -          
[2026-04-03T03:20:35.726+0600][70.555s][info][gc,heap     ] GC(116)   Garbage:         -               185M (19%)         173M (17%)          21M (2%)             -                  -          
[2026-04-03T03:20:35.726+0600][70.555s][info][gc,heap     ] GC(116) Reclaimed:         -                  -                12M (1%)          163M (16%)            -                  -          
[2026-04-03T03:20:35.726+0600][70.555s][info][gc          ] GC(116) Garbage Collection (Allocation Stall) 436M(44%)->856M(86%)
[2026-04-03T03:20:35.785+0600][70.614s][info][gc,start    ] GC(117) Garbage Collection (Allocation Stall)
[2026-04-03T03:20:35.785+0600][70.614s][info][gc,ref      ] GC(117) Clearing All SoftReferences
[2026-04-03T03:20:35.785+0600][70.614s][info][gc,task     ] GC(117) Using 3 workers
[2026-04-03T03:20:35.785+0600][70.614s][info][gc,ref      ] GC(117) Clearing All SoftReferences
[2026-04-03T03:20:35.785+0600][70.614s][info][gc,phases   ] GC(117) Pause Mark Start 0.039ms
[2026-04-03T03:20:36.193+0600][71.021s][info][gc,phases   ] GC(117) Concurrent Mark 407.139ms
[2026-04-03T03:20:36.193+0600][71.022s][info][gc,phases   ] GC(117) Pause Mark End 0.033ms
[2026-04-03T03:20:36.193+0600][71.022s][info][gc,phases   ] GC(117) Concurrent Mark Free 0.003ms
[2026-04-03T03:20:36.201+0600][71.030s][info][gc,phases   ] GC(117) Concurrent Process Non-Strong References 7.753ms
[2026-04-03T03:20:36.201+0600][71.030s][info][gc,phases   ] GC(117) Concurrent Reset Relocation Set 0.024ms
[2026-04-03T03:20:36.203+0600][71.032s][info][gc          ] Allocation Stall (Executor task launch worker for task 1.0 in stage 27.0 (TID 40)) 351.648ms
[2026-04-03T03:20:36.203+0600][71.032s][info][gc          ] Allocation Stall (Executor task launch worker for task 2.0 in stage 27.0 (TID 41)) 350.987ms
[2026-04-03T03:20:36.210+0600][71.038s][info][gc,phases   ] GC(117) Concurrent Select Relocation Set 8.813ms
[2026-04-03T03:20:36.210+0600][71.039s][info][gc,phases   ] GC(117) Pause Relocate Start 0.015ms
[2026-04-03T03:20:36.211+0600][71.039s][info][gc          ] Allocation Stall (Executor task launch worker for task 1.0 in stage 27.0 (TID 40)) 1.127ms
[2026-04-03T03:20:36.234+0600][71.063s][info][gc          ] Relocation Stall (Executor task launch worker for task 0.0 in stage 27.0 (TID 39)) 23.732ms
[2026-04-03T03:20:36.234+0600][71.063s][info][gc          ] Allocation Stall (Executor task launch worker for task 0.0 in stage 27.0 (TID 39)) 377.576ms
[2026-04-03T03:20:36.242+0600][71.070s][info][gc          ] Relocation Stall (Executor task launch worker for task 2.0 in stage 27.0 (TID 41)) 31.365ms
[2026-04-03T03:20:36.257+0600][71.086s][info][gc,phases   ] GC(117) Concurrent Relocate 46.519ms
[2026-04-03T03:20:36.257+0600][71.086s][info][gc,load     ] GC(117) Load: 5.66/5.20/5.51
[2026-04-03T03:20:36.257+0600][71.086s][info][gc,mmu      ] GC(117) MMU: 2ms/92.1%, 5ms/96.8%, 10ms/98.4%, 20ms/99.2%, 50ms/99.7%, 100ms/99.8%
[2026-04-03T03:20:36.257+0600][71.086s][info][gc,marking  ] GC(117) Mark: 2 stripe(s), 2 proactive flush(es), 1 terminate flush(es), 0 completion(s), 0 continuation(s) 
[2026-04-03T03:20:36.257+0600][71.086s][info][gc,marking  ] GC(117) Mark Stack Usage: 32M
[2026-04-03T03:20:36.257+0600][71.086s][info][gc,nmethod  ] GC(117) NMethods: 7436 registered, 832 unregistered
[2026-04-03T03:20:36.257+0600][71.086s][info][gc,metaspace] GC(117) Metaspace: 71M used, 72M committed, 1088M reserved
[2026-04-03T03:20:36.257+0600][71.086s][info][gc,ref      ] GC(117) Soft: 2787 encountered, 369 discovered, 0 enqueued
[2026-04-03T03:20:36.257+0600][71.086s][info][gc,ref      ] GC(117) Weak: 5957 encountered, 1912 discovered, 0 enqueued
[2026-04-03T03:20:36.257+0600][71.086s][info][gc,ref      ] GC(117) Final: 84 encountered, 18 discovered, 0 enqueued
[2026-04-03T03:20:36.257+0600][71.086s][info][gc,ref      ] GC(117) Phantom: 602 encountered, 465 discovered, 0 enqueued
[2026-04-03T03:20:36.257+0600][71.086s][info][gc,reloc    ] GC(117) Small Pages: 440 / 880M, Empty: 0M, Relocated: 25M, In-Place: 3
[2026-04-03T03:20:36.257+0600][71.086s][info][gc,reloc    ] GC(117) Medium Pages: 1 / 16M, Empty: 0M, Relocated: 0M, In-Place: 0
[2026-04-03T03:20:36.257+0600][71.086s][info][gc,reloc    ] GC(117) Large Pages: 6 / 40M, Empty: 4M, Relocated: 0M, In-Place: 0
[2026-04-03T03:20:36.257+0600][71.086s][info][gc,reloc    ] GC(117) Forwarding Usage: 23M
[2026-04-03T03:20:36.257+0600][71.086s][info][gc,heap     ] GC(117) Min Capacity: 8M(1%)
[2026-04-03T03:20:36.257+0600][71.086s][info][gc,heap     ] GC(117) Max Capacity: 1000M(100%)
[2026-04-03T03:20:36.257+0600][71.086s][info][gc,heap     ] GC(117) Soft Max Capacity: 1000M(100%)
[2026-04-03T03:20:36.257+0600][71.086s][info][gc,heap     ] GC(117)                Mark Start          Mark End        Relocate Start      Relocate End           High               Low         
[2026-04-03T03:20:36.257+0600][71.086s][info][gc,heap     ] GC(117)  Capacity:     1000M (100%)       1000M (100%)       1000M (100%)       1000M (100%)       1000M (100%)       1000M (100%)   
[2026-04-03T03:20:36.257+0600][71.086s][info][gc,heap     ] GC(117)      Free:       64M (6%)            0M (0%)            0M (0%)          604M (60%)         610M (61%)           0M (0%)     
[2026-04-03T03:20:36.257+0600][71.086s][info][gc,heap     ] GC(117)      Used:      936M (94%)        1000M (100%)       1000M (100%)        396M (40%)        1000M (100%)        390M (39%)    
[2026-04-03T03:20:36.257+0600][71.086s][info][gc,heap     ] GC(117)      Live:         -               272M (27%)         272M (27%)         272M (27%)            -                  -          
[2026-04-03T03:20:36.257+0600][71.086s][info][gc,heap     ] GC(117) Allocated:         -                64M (6%)           68M (7%)           95M (10%)            -                  -          
[2026-04-03T03:20:36.257+0600][71.086s][info][gc,heap     ] GC(117)   Garbage:         -               663M (66%)         659M (66%)          27M (3%)             -                  -          
[2026-04-03T03:20:36.257+0600][71.086s][info][gc,heap     ] GC(117) Reclaimed:         -                  -                 4M (0%)          635M (64%)            -                  -          
[2026-04-03T03:20:36.257+0600][71.086s][info][gc          ] GC(117) Garbage Collection (Allocation Stall) 936M(94%)->396M(40%)
[2026-04-03T03:20:36.285+0600][71.114s][info][gc,start    ] GC(118) Garbage Collection (Allocation Stall)
[2026-04-03T03:20:36.285+0600][71.114s][info][gc,ref      ] GC(118) Clearing All SoftReferences
[2026-04-03T03:20:36.285+0600][71.114s][info][gc,task     ] GC(118) Using 3 workers
[2026-04-03T03:20:36.285+0600][71.114s][info][gc,ref      ] GC(118) Clearing All SoftReferences
[2026-04-03T03:20:36.285+0600][71.114s][info][gc,phases   ] GC(118) Pause Mark Start 0.049ms
[2026-04-03T03:20:36.947+0600][71.775s][info][gc,phases   ] GC(118) Concurrent Mark 661.393ms
[2026-04-03T03:20:36.947+0600][71.776s][info][gc,phases   ] GC(118) Pause Mark End 0.026ms
[2026-04-03T03:20:36.947+0600][71.776s][info][gc,phases   ] GC(118) Concurrent Mark Free 0.007ms
[2026-04-03T03:20:36.955+0600][71.784s][info][gc,phases   ] GC(118) Concurrent Process Non-Strong References 7.936ms
[2026-04-03T03:20:36.955+0600][71.784s][info][gc,phases   ] GC(118) Concurrent Reset Relocation Set 0.042ms
[2026-04-03T03:20:36.960+0600][71.789s][info][gc,phases   ] GC(118) Concurrent Select Relocation Set 5.172ms
[2026-04-03T03:20:36.961+0600][71.789s][info][gc,phases   ] GC(118) Pause Relocate Start 0.025ms
[2026-04-03T03:20:36.965+0600][71.794s][info][gc          ] Relocation Stall (Executor task launch worker for task 2.0 in stage 27.0 (TID 41)) 3.911ms
[2026-04-03T03:20:36.965+0600][71.794s][info][gc          ] Relocation Stall (Executor task launch worker for task 0.0 in stage 27.0 (TID 39)) 3.936ms
[2026-04-03T03:20:36.966+0600][71.794s][info][gc          ] Allocation Stall (Executor task launch worker for task 2.0 in stage 27.0 (TID 41)) 70.500ms
[2026-04-03T03:20:36.966+0600][71.794s][info][gc          ] Allocation Stall (Executor task launch worker for task 0.0 in stage 27.0 (TID 39)) 71.743ms
[2026-04-03T03:20:36.966+0600][71.794s][info][gc          ] Relocation Stall (Executor task launch worker for task 1.0 in stage 27.0 (TID 40)) 4.343ms
[2026-04-03T03:20:36.966+0600][71.794s][info][gc          ] Allocation Stall (Executor task launch worker for task 1.0 in stage 27.0 (TID 40)) 75.642ms
[2026-04-03T03:20:36.977+0600][71.806s][info][gc,phases   ] GC(118) Concurrent Relocate 16.581ms
[2026-04-03T03:20:36.978+0600][71.806s][info][gc,load     ] GC(118) Load: 5.66/5.20/5.51
[2026-04-03T03:20:36.978+0600][71.806s][info][gc,mmu      ] GC(118) MMU: 2ms/92.1%, 5ms/96.8%, 10ms/98.4%, 20ms/99.2%, 50ms/99.7%, 100ms/99.8%
[2026-04-03T03:20:36.978+0600][71.806s][info][gc,marking  ] GC(118) Mark: 2 stripe(s), 10 proactive flush(es), 1 terminate flush(es), 0 completion(s), 0 continuation(s) 
[2026-04-03T03:20:36.978+0600][71.806s][info][gc,marking  ] GC(118) Mark Stack Usage: 32M
[2026-04-03T03:20:36.978+0600][71.806s][info][gc,nmethod  ] GC(118) NMethods: 7430 registered, 839 unregistered
[2026-04-03T03:20:36.978+0600][71.806s][info][gc,metaspace] GC(118) Metaspace: 71M used, 72M committed, 1088M reserved
[2026-04-03T03:20:36.978+0600][71.806s][info][gc,ref      ] GC(118) Soft: 2787 encountered, 1012 discovered, 0 enqueued
[2026-04-03T03:20:36.978+0600][71.806s][info][gc,ref      ] GC(118) Weak: 5957 encountered, 1402 discovered, 0 enqueued
[2026-04-03T03:20:36.978+0600][71.806s][info][gc,ref      ] GC(118) Final: 84 encountered, 2 discovered, 0 enqueued
[2026-04-03T03:20:36.978+0600][71.806s][info][gc,ref      ] GC(118) Phantom: 603 encountered, 518 discovered, 0 enqueued
[2026-04-03T03:20:36.978+0600][71.806s][info][gc,reloc    ] GC(118) Small Pages: 186 / 372M, Empty: 0M, Relocated: 8M, In-Place: 3
[2026-04-03T03:20:36.978+0600][71.807s][info][gc,reloc    ] GC(118) Medium Pages: 1 / 16M, Empty: 0M, Relocated: 0M, In-Place: 0
[2026-04-03T03:20:36.978+0600][71.807s][info][gc,reloc    ] GC(118) Large Pages: 6 / 46M, Empty: 0M, Relocated: 0M, In-Place: 0
[2026-04-03T03:20:36.978+0600][71.807s][info][gc,reloc    ] GC(118) Forwarding Usage: 7M
[2026-04-03T03:20:36.978+0600][71.807s][info][gc,heap     ] GC(118) Min Capacity: 8M(1%)
[2026-04-03T03:20:36.978+0600][71.807s][info][gc,heap     ] GC(118) Max Capacity: 1000M(100%)
[2026-04-03T03:20:36.978+0600][71.807s][info][gc,heap     ] GC(118) Soft Max Capacity: 1000M(100%)
[2026-04-03T03:20:36.978+0600][71.807s][info][gc,heap     ] GC(118)                Mark Start          Mark End        Relocate Start      Relocate End           High               Low         
[2026-04-03T03:20:36.978+0600][71.807s][info][gc,heap     ] GC(118)  Capacity:     1000M (100%)       1000M (100%)       1000M (100%)       1000M (100%)       1000M (100%)       1000M (100%)   
[2026-04-03T03:20:36.978+0600][71.807s][info][gc,heap     ] GC(118)      Free:      566M (57%)           0M (0%)            0M (0%)          108M (11%)         566M (57%)           0M (0%)     
[2026-04-03T03:20:36.978+0600][71.807s][info][gc,heap     ] GC(118)      Used:      434M (43%)        1000M (100%)       1000M (100%)        892M (89%)        1000M (100%)        434M (43%)    
[2026-04-03T03:20:36.978+0600][71.807s][info][gc,heap     ] GC(118)      Live:         -               286M (29%)         286M (29%)         286M (29%)            -                  -          
[2026-04-03T03:20:36.978+0600][71.807s][info][gc,heap     ] GC(118) Allocated:         -               566M (57%)         566M (57%)         577M (58%)            -                  -          
[2026-04-03T03:20:36.978+0600][71.807s][info][gc,heap     ] GC(118)   Garbage:         -               147M (15%)         147M (15%)          27M (3%)             -                  -          
[2026-04-03T03:20:36.978+0600][71.807s][info][gc,heap     ] GC(118) Reclaimed:         -                  -                 0M (0%)          119M (12%)            -                  -          
[2026-04-03T03:20:36.978+0600][71.807s][info][gc          ] GC(118) Garbage Collection (Allocation Stall) 434M(43%)->892M(89%)
[2026-04-03T03:20:36.985+0600][71.813s][info][gc,start    ] GC(119) Garbage Collection (Allocation Stall)
[2026-04-03T03:20:36.985+0600][71.813s][info][gc,ref      ] GC(119) Clearing All SoftReferences
[2026-04-03T03:20:36.985+0600][71.814s][info][gc,task     ] GC(119) Using 3 workers
[2026-04-03T03:20:36.985+0600][71.814s][info][gc,ref      ] GC(119) Clearing All SoftReferences
[2026-04-03T03:20:36.985+0600][71.814s][info][gc,phases   ] GC(119) Pause Mark Start 0.081ms
[2026-04-03T03:20:37.540+0600][72.369s][info][gc,phases   ] GC(119) Concurrent Mark 554.656ms
[2026-04-03T03:20:37.540+0600][72.369s][info][gc,phases   ] GC(119) Pause Mark End 0.028ms
[2026-04-03T03:20:37.540+0600][72.369s][info][gc,phases   ] GC(119) Concurrent Mark Free 0.002ms
[2026-04-03T03:20:37.549+0600][72.377s][info][gc,phases   ] GC(119) Concurrent Process Non-Strong References 8.247ms
[2026-04-03T03:20:37.549+0600][72.377s][info][gc,phases   ] GC(119) Concurrent Reset Relocation Set 0.008ms
[2026-04-03T03:20:37.552+0600][72.381s][info][gc          ] Allocation Stall (Executor task launch worker for task 0.0 in stage 27.0 (TID 39)) 451.330ms
[2026-04-03T03:20:37.552+0600][72.381s][info][gc          ] Allocation Stall (Executor task launch worker for task 1.0 in stage 27.0 (TID 40)) 448.651ms
[2026-04-03T03:20:37.552+0600][72.381s][info][gc          ] Allocation Stall (Executor task launch worker for task 2.0 in stage 27.0 (TID 41)) 444.071ms
[2026-04-03T03:20:37.561+0600][72.390s][info][gc,phases   ] GC(119) Concurrent Select Relocation Set 12.078ms
[2026-04-03T03:20:37.561+0600][72.390s][info][gc,phases   ] GC(119) Pause Relocate Start 0.017ms
[2026-04-03T03:20:37.561+0600][72.390s][info][gc          ] Allocation Stall (RemoteBlock-temp-file-clean-thread) 142.527ms
[2026-04-03T03:20:37.562+0600][72.390s][info][gc          ] Allocation Stall (Executor task launch worker for task 0.0 in stage 27.0 (TID 39)) 3.140ms
[2026-04-03T03:20:37.631+0600][72.460s][info][gc,phases   ] GC(119) Concurrent Relocate 69.758ms
[2026-04-03T03:20:37.631+0600][72.460s][info][gc,load     ] GC(119) Load: 5.66/5.20/5.51
[2026-04-03T03:20:37.631+0600][72.460s][info][gc,mmu      ] GC(119) MMU: 2ms/92.1%, 5ms/96.8%, 10ms/98.4%, 20ms/99.2%, 50ms/99.7%, 100ms/99.8%
[2026-04-03T03:20:37.631+0600][72.460s][info][gc,marking  ] GC(119) Mark: 2 stripe(s), 2 proactive flush(es), 1 terminate flush(es), 0 completion(s), 0 continuation(s) 
[2026-04-03T03:20:37.631+0600][72.460s][info][gc,marking  ] GC(119) Mark Stack Usage: 32M
[2026-04-03T03:20:37.631+0600][72.460s][info][gc,nmethod  ] GC(119) NMethods: 7429 registered, 840 unregistered
[2026-04-03T03:20:37.631+0600][72.460s][info][gc,metaspace] GC(119) Metaspace: 71M used, 72M committed, 1088M reserved
[2026-04-03T03:20:37.631+0600][72.460s][info][gc,ref      ] GC(119) Soft: 2787 encountered, 2444 discovered, 0 enqueued
[2026-04-03T03:20:37.631+0600][72.460s][info][gc,ref      ] GC(119) Weak: 5957 encountered, 1199 discovered, 0 enqueued
[2026-04-03T03:20:37.631+0600][72.460s][info][gc,ref      ] GC(119) Final: 84 encountered, 2 discovered, 0 enqueued
[2026-04-03T03:20:37.631+0600][72.460s][info][gc,ref      ] GC(119) Phantom: 603 encountered, 308 discovered, 0 enqueued
[2026-04-03T03:20:37.631+0600][72.460s][info][gc,reloc    ] GC(119) Small Pages: 419 / 838M, Empty: 0M, Relocated: 26M, In-Place: 3
[2026-04-03T03:20:37.631+0600][72.460s][info][gc,reloc    ] GC(119) Medium Pages: 1 / 16M, Empty: 0M, Relocated: 0M, In-Place: 0
[2026-04-03T03:20:37.631+0600][72.460s][info][gc,reloc    ] GC(119) Large Pages: 6 / 46M, Empty: 6M, Relocated: 0M, In-Place: 0
[2026-04-03T03:20:37.631+0600][72.460s][info][gc,reloc    ] GC(119) Forwarding Usage: 23M
[2026-04-03T03:20:37.631+0600][72.460s][info][gc,heap     ] GC(119) Min Capacity: 8M(1%)
[2026-04-03T03:20:37.631+0600][72.460s][info][gc,heap     ] GC(119) Max Capacity: 1000M(100%)
[2026-04-03T03:20:37.631+0600][72.460s][info][gc,heap     ] GC(119) Soft Max Capacity: 1000M(100%)
[2026-04-03T03:20:37.631+0600][72.460s][info][gc,heap     ] GC(119)                Mark Start          Mark End        Relocate Start      Relocate End           High               Low         
[2026-04-03T03:20:37.631+0600][72.460s][info][gc,heap     ] GC(119)  Capacity:     1000M (100%)       1000M (100%)       1000M (100%)       1000M (100%)       1000M (100%)       1000M (100%)   
[2026-04-03T03:20:37.631+0600][72.460s][info][gc,heap     ] GC(119)      Free:      100M (10%)           0M (0%)            0M (0%)          516M (52%)         522M (52%)           0M (0%)     
[2026-04-03T03:20:37.631+0600][72.460s][info][gc,heap     ] GC(119)      Used:      900M (90%)        1000M (100%)       1000M (100%)        484M (48%)        1000M (100%)        478M (48%)    
[2026-04-03T03:20:37.631+0600][72.460s][info][gc,heap     ] GC(119)      Live:         -               297M (30%)         297M (30%)         297M (30%)            -                  -          
[2026-04-03T03:20:37.631+0600][72.460s][info][gc,heap     ] GC(119) Allocated:         -               100M (10%)         106M (11%)         155M (16%)            -                  -          
[2026-04-03T03:20:37.632+0600][72.460s][info][gc,heap     ] GC(119)   Garbage:         -               602M (60%)         596M (60%)          31M (3%)             -                  -          
[2026-04-03T03:20:37.632+0600][72.460s][info][gc,heap     ] GC(119) Reclaimed:         -                  -                 6M (1%)          571M (57%)            -                  -          
[2026-04-03T03:20:37.632+0600][72.460s][info][gc          ] GC(119) Garbage Collection (Allocation Stall) 900M(90%)->484M(48%)
[2026-04-03T03:20:37.685+0600][72.514s][info][gc,start    ] GC(120) Garbage Collection (Allocation Stall)
[2026-04-03T03:20:37.685+0600][72.514s][info][gc,ref      ] GC(120) Clearing All SoftReferences
[2026-04-03T03:20:37.685+0600][72.514s][info][gc,task     ] GC(120) Using 3 workers
[2026-04-03T03:20:37.686+0600][72.514s][info][gc,ref      ] GC(120) Clearing All SoftReferences
[2026-04-03T03:20:37.686+0600][72.514s][info][gc,phases   ] GC(120) Pause Mark Start 0.091ms
[2026-04-03T03:20:38.445+0600][73.274s][info][gc,phases   ] GC(120) Concurrent Mark 759.086ms
[2026-04-03T03:20:38.445+0600][73.274s][info][gc,phases   ] GC(120) Pause Mark End 0.022ms
[2026-04-03T03:20:38.445+0600][73.274s][info][gc,phases   ] GC(120) Concurrent Mark Free 0.002ms
[2026-04-03T03:20:38.452+0600][73.281s][info][gc,phases   ] GC(120) Concurrent Process Non-Strong References 6.467ms
[2026-04-03T03:20:38.452+0600][73.281s][info][gc,phases   ] GC(120) Concurrent Reset Relocation Set 0.020ms
[2026-04-03T03:20:38.456+0600][73.285s][info][gc,phases   ] GC(120) Concurrent Select Relocation Set 4.427ms
[2026-04-03T03:20:38.457+0600][73.285s][info][gc,phases   ] GC(120) Pause Relocate Start 0.010ms
[2026-04-03T03:20:38.457+0600][73.285s][info][gc          ] Allocation Stall (Executor task launch worker for task 2.0 in stage 27.0 (TID 41)) 144.588ms
[2026-04-03T03:20:38.457+0600][73.286s][info][gc          ] Allocation Stall (Executor task launch worker for task 0.0 in stage 27.0 (TID 39)) 144.318ms
[2026-04-03T03:20:38.457+0600][73.286s][info][gc          ] Allocation Stall (Executor task launch worker for task 1.0 in stage 27.0 (TID 40)) 141.365ms
[2026-04-03T03:20:38.470+0600][73.298s][info][gc,phases   ] GC(120) Concurrent Relocate 13.038ms
[2026-04-03T03:20:38.470+0600][73.299s][info][gc,load     ] GC(120) Load: 5.66/5.20/5.51
[2026-04-03T03:20:38.470+0600][73.299s][info][gc,mmu      ] GC(120) MMU: 2ms/92.1%, 5ms/96.8%, 10ms/98.4%, 20ms/99.2%, 50ms/99.7%, 100ms/99.8%
[2026-04-03T03:20:38.470+0600][73.299s][info][gc,marking  ] GC(120) Mark: 2 stripe(s), 10 proactive flush(es), 1 terminate flush(es), 0 completion(s), 0 continuation(s) 
[2026-04-03T03:20:38.470+0600][73.299s][info][gc,marking  ] GC(120) Mark Stack Usage: 32M
[2026-04-03T03:20:38.470+0600][73.299s][info][gc,nmethod  ] GC(120) NMethods: 7429 registered, 840 unregistered
[2026-04-03T03:20:38.470+0600][73.299s][info][gc,metaspace] GC(120) Metaspace: 71M used, 72M committed, 1088M reserved
[2026-04-03T03:20:38.470+0600][73.299s][info][gc,ref      ] GC(120) Soft: 2787 encountered, 1097 discovered, 0 enqueued
[2026-04-03T03:20:38.470+0600][73.299s][info][gc,ref      ] GC(120) Weak: 5957 encountered, 1653 discovered, 0 enqueued
[2026-04-03T03:20:38.470+0600][73.299s][info][gc,ref      ] GC(120) Final: 84 encountered, 2 discovered, 0 enqueued
[2026-04-03T03:20:38.470+0600][73.299s][info][gc,ref      ] GC(120) Phantom: 601 encountered, 357 discovered, 0 enqueued
[2026-04-03T03:20:38.470+0600][73.299s][info][gc,reloc    ] GC(120) Small Pages: 242 / 484M, Empty: 0M, Relocated: 8M, In-Place: 3
[2026-04-03T03:20:38.470+0600][73.299s][info][gc,reloc    ] GC(120) Medium Pages: 1 / 16M, Empty: 0M, Relocated: 0M, In-Place: 0
[2026-04-03T03:20:38.470+0600][73.299s][info][gc,reloc    ] GC(120) Large Pages: 5 / 40M, Empty: 0M, Relocated: 0M, In-Place: 0
[2026-04-03T03:20:38.470+0600][73.299s][info][gc,reloc    ] GC(120) Forwarding Usage: 7M
[2026-04-03T03:20:38.470+0600][73.299s][info][gc,heap     ] GC(120) Min Capacity: 8M(1%)
[2026-04-03T03:20:38.470+0600][73.299s][info][gc,heap     ] GC(120) Max Capacity: 1000M(100%)
[2026-04-03T03:20:38.470+0600][73.299s][info][gc,heap     ] GC(120) Soft Max Capacity: 1000M(100%)
[2026-04-03T03:20:38.470+0600][73.299s][info][gc,heap     ] GC(120)                Mark Start          Mark End        Relocate Start      Relocate End           High               Low         
[2026-04-03T03:20:38.470+0600][73.299s][info][gc,heap     ] GC(120)  Capacity:     1000M (100%)       1000M (100%)       1000M (100%)       1000M (100%)       1000M (100%)       1000M (100%)   
[2026-04-03T03:20:38.470+0600][73.299s][info][gc,heap     ] GC(120)      Free:      460M (46%)           0M (0%)            0M (0%)          190M (19%)         460M (46%)           0M (0%)     
[2026-04-03T03:20:38.470+0600][73.299s][info][gc,heap     ] GC(120)      Used:      540M (54%)        1000M (100%)       1000M (100%)        810M (81%)        1000M (100%)        540M (54%)    
[2026-04-03T03:20:38.470+0600][73.299s][info][gc,heap     ] GC(120)      Live:         -               302M (30%)         302M (30%)         302M (30%)            -                  -          
[2026-04-03T03:20:38.470+0600][73.299s][info][gc,heap     ] GC(120) Allocated:         -               460M (46%)         460M (46%)         473M (47%)            -                  -          
[2026-04-03T03:20:38.470+0600][73.299s][info][gc,heap     ] GC(120)   Garbage:         -               237M (24%)         237M (24%)          33M (3%)             -                  -          
[2026-04-03T03:20:38.470+0600][73.299s][info][gc,heap     ] GC(120) Reclaimed:         -                  -                 0M (0%)          203M (20%)            -                  -          
[2026-04-03T03:20:38.470+0600][73.299s][info][gc          ] GC(120) Garbage Collection (Allocation Stall) 540M(54%)->810M(81%)
[2026-04-03T03:20:38.485+0600][73.314s][info][gc,start    ] GC(121) Garbage Collection (Allocation Stall)
[2026-04-03T03:20:38.485+0600][73.314s][info][gc,ref      ] GC(121) Clearing All SoftReferences
[2026-04-03T03:20:38.485+0600][73.314s][info][gc,task     ] GC(121) Using 3 workers
[2026-04-03T03:20:38.486+0600][73.314s][info][gc,ref      ] GC(121) Clearing All SoftReferences
[2026-04-03T03:20:38.486+0600][73.314s][info][gc,phases   ] GC(121) Pause Mark Start 0.078ms
[2026-04-03T03:20:39.026+0600][73.855s][info][gc,phases   ] GC(121) Concurrent Mark 540.193ms
[2026-04-03T03:20:39.026+0600][73.855s][info][gc,phases   ] GC(121) Pause Mark End 0.024ms
[2026-04-03T03:20:39.026+0600][73.855s][info][gc,phases   ] GC(121) Concurrent Mark Free 0.002ms
[2026-04-03T03:20:39.033+0600][73.862s][info][gc,phases   ] GC(121) Concurrent Process Non-Strong References 6.992ms
[2026-04-03T03:20:39.034+0600][73.862s][info][gc,phases   ] GC(121) Concurrent Reset Relocation Set 0.022ms
[2026-04-03T03:20:39.036+0600][73.865s][info][gc          ] Allocation Stall (Common-Cleaner) 290.938ms
[2026-04-03T03:20:39.036+0600][73.865s][info][gc          ] Allocation Stall (Executor task launch worker for task 0.0 in stage 27.0 (TID 39)) 376.156ms
[2026-04-03T03:20:39.036+0600][73.865s][info][gc          ] Allocation Stall (Executor task launch worker for task 1.0 in stage 27.0 (TID 40)) 379.313ms
[2026-04-03T03:20:39.036+0600][73.865s][info][gc          ] Allocation Stall (Executor task launch worker for task 2.0 in stage 27.0 (TID 41)) 373.434ms
[2026-04-03T03:20:39.039+0600][73.868s][info][gc,phases   ] GC(121) Concurrent Select Relocation Set 5.876ms
[2026-04-03T03:20:39.040+0600][73.868s][info][gc,phases   ] GC(121) Pause Relocate Start 0.011ms
[2026-04-03T03:20:39.071+0600][73.900s][info][gc,phases   ] GC(121) Concurrent Relocate 31.128ms
[2026-04-03T03:20:39.071+0600][73.900s][info][gc,load     ] GC(121) Load: 5.66/5.20/5.51
[2026-04-03T03:20:39.071+0600][73.900s][info][gc,mmu      ] GC(121) MMU: 2ms/92.1%, 5ms/96.8%, 10ms/98.4%, 20ms/99.2%, 50ms/99.7%, 100ms/99.8%
[2026-04-03T03:20:39.071+0600][73.900s][info][gc,marking  ] GC(121) Mark: 2 stripe(s), 2 proactive flush(es), 1 terminate flush(es), 0 completion(s), 0 continuation(s) 
[2026-04-03T03:20:39.071+0600][73.900s][info][gc,marking  ] GC(121) Mark Stack Usage: 32M
[2026-04-03T03:20:39.071+0600][73.900s][info][gc,nmethod  ] GC(121) NMethods: 7429 registered, 840 unregistered
[2026-04-03T03:20:39.071+0600][73.900s][info][gc,metaspace] GC(121) Metaspace: 71M used, 72M committed, 1088M reserved
[2026-04-03T03:20:39.071+0600][73.900s][info][gc,ref      ] GC(121) Soft: 2787 encountered, 328 discovered, 0 enqueued
[2026-04-03T03:20:39.071+0600][73.900s][info][gc,ref      ] GC(121) Weak: 5957 encountered, 1647 discovered, 0 enqueued
[2026-04-03T03:20:39.071+0600][73.900s][info][gc,ref      ] GC(121) Final: 84 encountered, 2 discovered, 0 enqueued
[2026-04-03T03:20:39.071+0600][73.900s][info][gc,ref      ] GC(121) Phantom: 603 encountered, 231 discovered, 0 enqueued
[2026-04-03T03:20:39.071+0600][73.900s][info][gc,reloc    ] GC(121) Small Pages: 360 / 720M, Empty: 0M, Relocated: 17M, In-Place: 0
[2026-04-03T03:20:39.071+0600][73.900s][info][gc,reloc    ] GC(121) Medium Pages: 1 / 16M, Empty: 0M, Relocated: 0M, In-Place: 0
[2026-04-03T03:20:39.071+0600][73.900s][info][gc,reloc    ] GC(121) Large Pages: 8 / 94M, Empty: 30M, Relocated: 0M, In-Place: 0
[2026-04-03T03:20:39.071+0600][73.900s][info][gc,reloc    ] GC(121) Forwarding Usage: 15M
[2026-04-03T03:20:39.071+0600][73.900s][info][gc,heap     ] GC(121) Min Capacity: 8M(1%)
[2026-04-03T03:20:39.071+0600][73.900s][info][gc,heap     ] GC(121) Max Capacity: 1000M(100%)
[2026-04-03T03:20:39.071+0600][73.900s][info][gc,heap     ] GC(121) Soft Max Capacity: 1000M(100%)
[2026-04-03T03:20:39.071+0600][73.900s][info][gc,heap     ] GC(121)                Mark Start          Mark End        Relocate Start      Relocate End           High               Low         
[2026-04-03T03:20:39.071+0600][73.900s][info][gc,heap     ] GC(121)  Capacity:     1000M (100%)       1000M (100%)       1000M (100%)       1000M (100%)       1000M (100%)       1000M (100%)   
[2026-04-03T03:20:39.071+0600][73.900s][info][gc,heap     ] GC(121)      Free:      170M (17%)           0M (0%)           22M (2%)          414M (41%)         416M (42%)           0M (0%)     
[2026-04-03T03:20:39.071+0600][73.900s][info][gc,heap     ] GC(121)      Used:      830M (83%)        1000M (100%)        978M (98%)         586M (59%)        1000M (100%)        584M (58%)    
[2026-04-03T03:20:39.071+0600][73.900s][info][gc,heap     ] GC(121)      Live:         -               337M (34%)         337M (34%)         337M (34%)            -                  -          
[2026-04-03T03:20:39.071+0600][73.900s][info][gc,heap     ] GC(121) Allocated:         -               170M (17%)         178M (18%)         209M (21%)            -                  -          
[2026-04-03T03:20:39.071+0600][73.900s][info][gc,heap     ] GC(121)   Garbage:         -               492M (49%)         462M (46%)          38M (4%)             -                  -          
[2026-04-03T03:20:39.071+0600][73.900s][info][gc,heap     ] GC(121) Reclaimed:         -                  -                30M (3%)          453M (45%)            -                  -          
[2026-04-03T03:20:39.071+0600][73.900s][info][gc          ] GC(121) Garbage Collection (Allocation Stall) 830M(83%)->586M(59%)
[2026-04-03T03:20:39.085+0600][73.914s][info][gc,start    ] GC(122) Garbage Collection (Allocation Stall)
[2026-04-03T03:20:39.086+0600][73.914s][info][gc,ref      ] GC(122) Clearing All SoftReferences
[2026-04-03T03:20:39.086+0600][73.914s][info][gc,task     ] GC(122) Using 3 workers
[2026-04-03T03:20:39.086+0600][73.914s][info][gc,ref      ] GC(122) Clearing All SoftReferences
[2026-04-03T03:20:39.086+0600][73.914s][info][gc,phases   ] GC(122) Pause Mark Start 0.048ms
[2026-04-03T03:20:39.846+0600][74.675s][info][gc,phases   ] GC(122) Concurrent Mark 759.974ms
[2026-04-03T03:20:39.846+0600][74.675s][info][gc,phases   ] GC(122) Pause Mark End 0.038ms
[2026-04-03T03:20:39.846+0600][74.675s][info][gc,phases   ] GC(122) Concurrent Mark Free 0.003ms
[2026-04-03T03:20:39.857+0600][74.686s][info][gc,phases   ] GC(122) Concurrent Process Non-Strong References 10.924ms
[2026-04-03T03:20:39.857+0600][74.686s][info][gc,phases   ] GC(122) Concurrent Reset Relocation Set 0.028ms
[2026-04-03T03:20:39.863+0600][74.692s][info][gc,phases   ] GC(122) Concurrent Select Relocation Set 5.351ms
[2026-04-03T03:20:39.863+0600][74.692s][info][gc,phases   ] GC(122) Pause Relocate Start 0.014ms
[2026-04-03T03:20:39.885+0600][74.713s][info][gc,phases   ] GC(122) Concurrent Relocate 21.456ms
[2026-04-03T03:20:39.885+0600][74.714s][info][gc,load     ] GC(122) Load: 5.66/5.20/5.51
[2026-04-03T03:20:39.885+0600][74.714s][info][gc,mmu      ] GC(122) MMU: 2ms/92.1%, 5ms/96.8%, 10ms/98.4%, 20ms/99.2%, 50ms/99.7%, 100ms/99.8%
[2026-04-03T03:20:39.885+0600][74.714s][info][gc,marking  ] GC(122) Mark: 2 stripe(s), 2 proactive flush(es), 1 terminate flush(es), 0 completion(s), 0 continuation(s) 
[2026-04-03T03:20:39.885+0600][74.714s][info][gc,marking  ] GC(122) Mark Stack Usage: 32M
[2026-04-03T03:20:39.885+0600][74.714s][info][gc,nmethod  ] GC(122) NMethods: 7443 registered, 840 unregistered
[2026-04-03T03:20:39.885+0600][74.714s][info][gc,metaspace] GC(122) Metaspace: 71M used, 72M committed, 1088M reserved
[2026-04-03T03:20:39.885+0600][74.714s][info][gc,ref      ] GC(122) Soft: 2787 encountered, 1489 discovered, 0 enqueued
[2026-04-03T03:20:39.885+0600][74.714s][info][gc,ref      ] GC(122) Weak: 5957 encountered, 1871 discovered, 0 enqueued
[2026-04-03T03:20:39.885+0600][74.714s][info][gc,ref      ] GC(122) Final: 84 encountered, 2 discovered, 0 enqueued
[2026-04-03T03:20:39.885+0600][74.714s][info][gc,ref      ] GC(122) Phantom: 602 encountered, 561 discovered, 0 enqueued
[2026-04-03T03:20:39.885+0600][74.714s][info][gc,reloc    ] GC(122) Small Pages: 261 / 522M, Empty: 0M, Relocated: 10M, In-Place: 0
[2026-04-03T03:20:39.885+0600][74.714s][info][gc,reloc    ] GC(122) Medium Pages: 1 / 16M, Empty: 0M, Relocated: 0M, In-Place: 0
[2026-04-03T03:20:39.885+0600][74.714s][info][gc,reloc    ] GC(122) Large Pages: 5 / 64M, Empty: 0M, Relocated: 0M, In-Place: 0
[2026-04-03T03:20:39.885+0600][74.714s][info][gc,reloc    ] GC(122) Forwarding Usage: 8M
[2026-04-03T03:20:39.885+0600][74.714s][info][gc,heap     ] GC(122) Min Capacity: 8M(1%)
[2026-04-03T03:20:39.885+0600][74.714s][info][gc,heap     ] GC(122) Max Capacity: 1000M(100%)
[2026-04-03T03:20:39.885+0600][74.714s][info][gc,heap     ] GC(122) Soft Max Capacity: 1000M(100%)
[2026-04-03T03:20:39.885+0600][74.714s][info][gc,heap     ] GC(122)                Mark Start          Mark End        Relocate Start      Relocate End           High               Low         
[2026-04-03T03:20:39.885+0600][74.714s][info][gc,heap     ] GC(122)  Capacity:     1000M (100%)       1000M (100%)       1000M (100%)       1000M (100%)       1000M (100%)       1000M (100%)   
[2026-04-03T03:20:39.885+0600][74.714s][info][gc,heap     ] GC(122)      Free:      398M (40%)         198M (20%)         196M (20%)         416M (42%)         416M (42%)         194M (19%)    
[2026-04-03T03:20:39.885+0600][74.714s][info][gc,heap     ] GC(122)      Used:      602M (60%)         802M (80%)         804M (80%)         584M (58%)         806M (81%)         584M (58%)    
[2026-04-03T03:20:39.885+0600][74.714s][info][gc,heap     ] GC(122)      Live:         -               343M (34%)         343M (34%)         343M (34%)            -                  -          
[2026-04-03T03:20:39.885+0600][74.714s][info][gc,heap     ] GC(122) Allocated:         -               200M (20%)         202M (20%)         203M (20%)            -                  -          
[2026-04-03T03:20:39.885+0600][74.714s][info][gc,heap     ] GC(122)   Garbage:         -               258M (26%)         258M (26%)          37M (4%)             -                  -          
[2026-04-03T03:20:39.885+0600][74.714s][info][gc,heap     ] GC(122) Reclaimed:         -                  -                 0M (0%)          221M (22%)            -                  -          
[2026-04-03T03:20:39.885+0600][74.714s][info][gc          ] GC(122) Garbage Collection (Allocation Stall) 602M(60%)->584M(58%)
[2026-04-03T03:20:39.985+0600][74.814s][info][gc,start    ] GC(123) Garbage Collection (Allocation Rate)
[2026-04-03T03:20:39.985+0600][74.814s][info][gc,task     ] GC(123) Using 3 workers
[2026-04-03T03:20:39.985+0600][74.814s][info][gc,phases   ] GC(123) Pause Mark Start 0.010ms
[2026-04-03T03:20:40.496+0600][75.325s][info][gc,phases   ] GC(123) Concurrent Mark 510.626ms
[2026-04-03T03:20:40.496+0600][75.325s][info][gc,phases   ] GC(123) Pause Mark End 0.033ms
[2026-04-03T03:20:40.497+0600][75.325s][info][gc,phases   ] GC(123) Concurrent Mark Free 0.002ms
[2026-04-03T03:20:40.505+0600][75.334s][info][gc,phases   ] GC(123) Concurrent Process Non-Strong References 8.727ms
[2026-04-03T03:20:40.506+0600][75.334s][info][gc,phases   ] GC(123) Concurrent Reset Relocation Set 0.019ms
[2026-04-03T03:20:40.514+0600][75.343s][info][gc,phases   ] GC(123) Concurrent Select Relocation Set 8.523ms
[2026-04-03T03:20:40.514+0600][75.343s][info][gc,phases   ] GC(123) Pause Relocate Start 0.014ms
[2026-04-03T03:20:40.553+0600][75.382s][info][gc,phases   ] GC(123) Concurrent Relocate 38.593ms
[2026-04-03T03:20:40.553+0600][75.382s][info][gc,load     ] GC(123) Load: 5.60/5.20/5.51
[2026-04-03T03:20:40.553+0600][75.382s][info][gc,mmu      ] GC(123) MMU: 2ms/92.1%, 5ms/96.8%, 10ms/98.4%, 20ms/99.2%, 50ms/99.7%, 100ms/99.8%
[2026-04-03T03:20:40.553+0600][75.382s][info][gc,marking  ] GC(123) Mark: 2 stripe(s), 2 proactive flush(es), 1 terminate flush(es), 0 completion(s), 0 continuation(s) 
[2026-04-03T03:20:40.553+0600][75.382s][info][gc,marking  ] GC(123) Mark Stack Usage: 32M
[2026-04-03T03:20:40.553+0600][75.382s][info][gc,nmethod  ] GC(123) NMethods: 7511 registered, 842 unregistered
[2026-04-03T03:20:40.554+0600][75.382s][info][gc,metaspace] GC(123) Metaspace: 71M used, 72M committed, 1088M reserved
[2026-04-03T03:20:40.554+0600][75.382s][info][gc,ref      ] GC(123) Soft: 2920 encountered, 0 discovered, 0 enqueued
[2026-04-03T03:20:40.554+0600][75.382s][info][gc,ref      ] GC(123) Weak: 6113 encountered, 1217 discovered, 25 enqueued
[2026-04-03T03:20:40.554+0600][75.382s][info][gc,ref      ] GC(123) Final: 84 encountered, 18 discovered, 0 enqueued
[2026-04-03T03:20:40.554+0600][75.382s][info][gc,ref      ] GC(123) Phantom: 601 encountered, 518 discovered, 0 enqueued
[2026-04-03T03:20:40.554+0600][75.382s][info][gc,reloc    ] GC(123) Small Pages: 245 / 490M, Empty: 16M, Relocated: 22M, In-Place: 0
[2026-04-03T03:20:40.554+0600][75.382s][info][gc,reloc    ] GC(123) Medium Pages: 2 / 32M, Empty: 16M, Relocated: 0M, In-Place: 0
[2026-04-03T03:20:40.554+0600][75.382s][info][gc,reloc    ] GC(123) Large Pages: 10 / 84M, Empty: 22M, Relocated: 0M, In-Place: 0
[2026-04-03T03:20:40.554+0600][75.382s][info][gc,reloc    ] GC(123) Forwarding Usage: 19M
[2026-04-03T03:20:40.554+0600][75.382s][info][gc,heap     ] GC(123) Min Capacity: 8M(1%)
[2026-04-03T03:20:40.554+0600][75.382s][info][gc,heap     ] GC(123) Max Capacity: 1000M(100%)
[2026-04-03T03:20:40.554+0600][75.382s][info][gc,heap     ] GC(123) Soft Max Capacity: 1000M(100%)
[2026-04-03T03:20:40.554+0600][75.382s][info][gc,heap     ] GC(123)                Mark Start          Mark End        Relocate Start      Relocate End           High               Low         
[2026-04-03T03:20:40.554+0600][75.382s][info][gc,heap     ] GC(123)  Capacity:     1000M (100%)       1000M (100%)       1000M (100%)       1000M (100%)       1000M (100%)       1000M (100%)   
[2026-04-03T03:20:40.554+0600][75.382s][info][gc,heap     ] GC(123)      Free:      394M (39%)         328M (33%)         376M (38%)         562M (56%)         562M (56%)         322M (32%)    
[2026-04-03T03:20:40.554+0600][75.382s][info][gc,heap     ] GC(123)      Used:      606M (61%)         672M (67%)         624M (62%)         438M (44%)         678M (68%)         438M (44%)    
[2026-04-03T03:20:40.554+0600][75.382s][info][gc,heap     ] GC(123)      Live:         -               313M (31%)         313M (31%)         313M (31%)            -                  -          
[2026-04-03T03:20:40.554+0600][75.382s][info][gc,heap     ] GC(123) Allocated:         -                66M (7%)           72M (7%)           77M (8%)             -                  -          
[2026-04-03T03:20:40.554+0600][75.382s][info][gc,heap     ] GC(123)   Garbage:         -               292M (29%)         238M (24%)          46M (5%)             -                  -          
[2026-04-03T03:20:40.554+0600][75.382s][info][gc,heap     ] GC(123) Reclaimed:         -                  -                54M (5%)          245M (25%)            -                  -          
[2026-04-03T03:20:40.554+0600][75.382s][info][gc          ] GC(123) Garbage Collection (Allocation Rate) 606M(61%)->438M(44%)
[2026-04-03T03:20:40.585+0600][75.413s][info][gc,start    ] GC(124) Garbage Collection (Allocation Rate)
[2026-04-03T03:20:40.585+0600][75.413s][info][gc,task     ] GC(124) Using 3 workers
[2026-04-03T03:20:40.585+0600][75.414s][info][gc,phases   ] GC(124) Pause Mark Start 0.012ms
[2026-04-03T03:20:40.929+0600][75.758s][info][gc,phases   ] GC(124) Concurrent Mark 344.230ms
[2026-04-03T03:20:40.930+0600][75.758s][info][gc,phases   ] GC(124) Pause Mark End 0.046ms
[2026-04-03T03:20:40.930+0600][75.759s][info][gc,phases   ] GC(124) Concurrent Mark Free 0.003ms
[2026-04-03T03:20:40.960+0600][75.789s][info][gc,phases   ] GC(124) Concurrent Process Non-Strong References 30.329ms
[2026-04-03T03:20:40.961+0600][75.789s][info][gc,phases   ] GC(124) Concurrent Reset Relocation Set 0.016ms
[2026-04-03T03:20:40.969+0600][75.797s][info][gc,phases   ] GC(124) Concurrent Select Relocation Set 7.947ms
[2026-04-03T03:20:40.969+0600][75.798s][info][gc,phases   ] GC(124) Pause Relocate Start 0.026ms
[2026-04-03T03:20:40.985+0600][75.814s][info][gc,phases   ] GC(124) Concurrent Relocate 15.717ms
[2026-04-03T03:20:40.985+0600][75.814s][info][gc,load     ] GC(124) Load: 5.60/5.20/5.51
[2026-04-03T03:20:40.985+0600][75.814s][info][gc,mmu      ] GC(124) MMU: 2ms/92.1%, 5ms/96.8%, 10ms/98.4%, 20ms/99.2%, 50ms/99.7%, 100ms/99.8%
[2026-04-03T03:20:40.985+0600][75.814s][info][gc,marking  ] GC(124) Mark: 2 stripe(s), 2 proactive flush(es), 1 terminate flush(es), 0 completion(s), 0 continuation(s) 
[2026-04-03T03:20:40.985+0600][75.814s][info][gc,marking  ] GC(124) Mark Stack Usage: 32M
[2026-04-03T03:20:40.985+0600][75.814s][info][gc,nmethod  ] GC(124) NMethods: 7523 registered, 853 unregistered
[2026-04-03T03:20:40.985+0600][75.814s][info][gc,metaspace] GC(124) Metaspace: 71M used, 72M committed, 1088M reserved
[2026-04-03T03:20:40.985+0600][75.814s][info][gc,ref      ] GC(124) Soft: 3249 encountered, 0 discovered, 0 enqueued
[2026-04-03T03:20:40.985+0600][75.814s][info][gc,ref      ] GC(124) Weak: 6684 encountered, 4061 discovered, 170 enqueued
[2026-04-03T03:20:40.985+0600][75.814s][info][gc,ref      ] GC(124) Final: 84 encountered, 2 discovered, 0 enqueued
[2026-04-03T03:20:40.985+0600][75.814s][info][gc,ref      ] GC(124) Phantom: 603 encountered, 458 discovered, 0 enqueued
[2026-04-03T03:20:40.985+0600][75.814s][info][gc,reloc    ] GC(124) Small Pages: 189 / 378M, Empty: 100M, Relocated: 8M, In-Place: 0
[2026-04-03T03:20:40.985+0600][75.814s][info][gc,reloc    ] GC(124) Medium Pages: 2 / 32M, Empty: 0M, Relocated: 10M, In-Place: 0
[2026-04-03T03:20:40.985+0600][75.814s][info][gc,reloc    ] GC(124) Large Pages: 7 / 72M, Empty: 68M, Relocated: 0M, In-Place: 0
[2026-04-03T03:20:40.985+0600][75.814s][info][gc,reloc    ] GC(124) Forwarding Usage: 5M
[2026-04-03T03:20:40.985+0600][75.814s][info][gc,heap     ] GC(124) Min Capacity: 8M(1%)
[2026-04-03T03:20:40.985+0600][75.814s][info][gc,heap     ] GC(124) Max Capacity: 1000M(100%)
[2026-04-03T03:20:40.985+0600][75.814s][info][gc,heap     ] GC(124) Soft Max Capacity: 1000M(100%)
[2026-04-03T03:20:40.985+0600][75.814s][info][gc,heap     ] GC(124)                Mark Start          Mark End        Relocate Start      Relocate End           High               Low         
[2026-04-03T03:20:40.985+0600][75.814s][info][gc,heap     ] GC(124)  Capacity:     1000M (100%)       1000M (100%)       1000M (100%)       1000M (100%)       1000M (100%)       1000M (100%)   
[2026-04-03T03:20:40.985+0600][75.814s][info][gc,heap     ] GC(124)      Free:      518M (52%)         328M (33%)         476M (48%)         588M (59%)         588M (59%)         310M (31%)    
[2026-04-03T03:20:40.985+0600][75.814s][info][gc,heap     ] GC(124)      Used:      482M (48%)         672M (67%)         524M (52%)         412M (41%)         690M (69%)         412M (41%)    
[2026-04-03T03:20:40.985+0600][75.814s][info][gc,heap     ] GC(124)      Live:         -               175M (18%)         175M (18%)         175M (18%)            -                  -          
[2026-04-03T03:20:40.985+0600][75.814s][info][gc,heap     ] GC(124) Allocated:         -               190M (19%)         210M (21%)         219M (22%)            -                  -          
[2026-04-03T03:20:40.985+0600][75.814s][info][gc,heap     ] GC(124)   Garbage:         -               306M (31%)         138M (14%)          16M (2%)             -                  -          
[2026-04-03T03:20:40.985+0600][75.814s][info][gc,heap     ] GC(124) Reclaimed:         -                  -               168M (17%)         289M (29%)            -                  -          
[2026-04-03T03:20:40.985+0600][75.814s][info][gc          ] GC(124) Garbage Collection (Allocation Rate) 482M(48%)->412M(41%)
[2026-04-03T03:20:41.086+0600][75.914s][info][gc,start    ] GC(125) Garbage Collection (Allocation Rate)
[2026-04-03T03:20:41.086+0600][75.914s][info][gc,task     ] GC(125) Using 3 workers
[2026-04-03T03:20:41.086+0600][75.915s][info][gc,phases   ] GC(125) Pause Mark Start 0.014ms
[2026-04-03T03:20:41.591+0600][76.420s][info][gc,phases   ] GC(125) Concurrent Mark 505.400ms
[2026-04-03T03:20:41.592+0600][76.420s][info][gc,phases   ] GC(125) Pause Mark End 0.042ms
[2026-04-03T03:20:41.592+0600][76.421s][info][gc,phases   ] GC(125) Concurrent Mark Free 0.002ms
[2026-04-03T03:20:41.602+0600][76.431s][info][gc,phases   ] GC(125) Concurrent Process Non-Strong References 10.285ms
[2026-04-03T03:20:41.602+0600][76.431s][info][gc,phases   ] GC(125) Concurrent Reset Relocation Set 0.012ms
[2026-04-03T03:20:41.622+0600][76.450s][info][gc,phases   ] GC(125) Concurrent Select Relocation Set 19.072ms
[2026-04-03T03:20:41.622+0600][76.450s][info][gc,phases   ] GC(125) Pause Relocate Start 0.014ms
[2026-04-03T03:20:41.688+0600][76.516s][info][gc,phases   ] GC(125) Concurrent Relocate 65.645ms
[2026-04-03T03:20:41.688+0600][76.516s][info][gc,load     ] GC(125) Load: 5.60/5.20/5.51
[2026-04-03T03:20:41.688+0600][76.516s][info][gc,mmu      ] GC(125) MMU: 2ms/92.1%, 5ms/96.8%, 10ms/98.4%, 20ms/99.2%, 50ms/99.7%, 100ms/99.8%
[2026-04-03T03:20:41.688+0600][76.516s][info][gc,marking  ] GC(125) Mark: 2 stripe(s), 2 proactive flush(es), 1 terminate flush(es), 0 completion(s), 0 continuation(s) 
[2026-04-03T03:20:41.688+0600][76.516s][info][gc,marking  ] GC(125) Mark Stack Usage: 32M
[2026-04-03T03:20:41.688+0600][76.517s][info][gc,nmethod  ] GC(125) NMethods: 7523 registered, 853 unregistered
[2026-04-03T03:20:41.688+0600][76.517s][info][gc,metaspace] GC(125) Metaspace: 71M used, 72M committed, 1088M reserved
[2026-04-03T03:20:41.688+0600][76.517s][info][gc,ref      ] GC(125) Soft: 3252 encountered, 0 discovered, 0 enqueued
[2026-04-03T03:20:41.688+0600][76.517s][info][gc,ref      ] GC(125) Weak: 6523 encountered, 1975 discovered, 81 enqueued
[2026-04-03T03:20:41.688+0600][76.517s][info][gc,ref      ] GC(125) Final: 84 encountered, 2 discovered, 0 enqueued
[2026-04-03T03:20:41.688+0600][76.517s][info][gc,ref      ] GC(125) Phantom: 600 encountered, 384 discovered, 0 enqueued
[2026-04-03T03:20:41.688+0600][76.517s][info][gc,reloc    ] GC(125) Small Pages: 223 / 446M, Empty: 0M, Relocated: 50M, In-Place: 0
[2026-04-03T03:20:41.688+0600][76.517s][info][gc,reloc    ] GC(125) Medium Pages: 2 / 32M, Empty: 0M, Relocated: 9M, In-Place: 0
[2026-04-03T03:20:41.688+0600][76.517s][info][gc,reloc    ] GC(125) Large Pages: 14 / 84M, Empty: 34M, Relocated: 0M, In-Place: 0
[2026-04-03T03:20:41.688+0600][76.517s][info][gc,reloc    ] GC(125) Forwarding Usage: 40M
[2026-04-03T03:20:41.688+0600][76.517s][info][gc,heap     ] GC(125) Min Capacity: 8M(1%)
[2026-04-03T03:20:41.688+0600][76.517s][info][gc,heap     ] GC(125) Max Capacity: 1000M(100%)
[2026-04-03T03:20:41.688+0600][76.517s][info][gc,heap     ] GC(125) Soft Max Capacity: 1000M(100%)
[2026-04-03T03:20:41.688+0600][76.517s][info][gc,heap     ] GC(125)                Mark Start          Mark End        Relocate Start      Relocate End           High               Low         
[2026-04-03T03:20:41.688+0600][76.517s][info][gc,heap     ] GC(125)  Capacity:     1000M (100%)       1000M (100%)       1000M (100%)       1000M (100%)       1000M (100%)       1000M (100%)   
[2026-04-03T03:20:41.688+0600][76.517s][info][gc,heap     ] GC(125)      Free:      438M (44%)         120M (12%)         118M (12%)         308M (31%)         438M (44%)         100M (10%)    
[2026-04-03T03:20:41.688+0600][76.517s][info][gc,heap     ] GC(125)      Used:      562M (56%)         880M (88%)         882M (88%)         692M (69%)         900M (90%)         562M (56%)    
[2026-04-03T03:20:41.688+0600][76.517s][info][gc,heap     ] GC(125)      Live:         -               268M (27%)         268M (27%)         268M (27%)            -                  -          
[2026-04-03T03:20:41.688+0600][76.517s][info][gc,heap     ] GC(125) Allocated:         -               318M (32%)         354M (35%)         405M (41%)            -                  -          
[2026-04-03T03:20:41.688+0600][76.517s][info][gc,heap     ] GC(125)   Garbage:         -               293M (29%)         259M (26%)          17M (2%)             -                  -          
[2026-04-03T03:20:41.688+0600][76.517s][info][gc,heap     ] GC(125) Reclaimed:         -                  -                34M (3%)          275M (28%)            -                  -          
[2026-04-03T03:20:41.688+0600][76.517s][info][gc          ] GC(125) Garbage Collection (Allocation Rate) 562M(56%)->692M(69%)
[2026-04-03T03:20:41.785+0600][76.613s][info][gc,start    ] GC(126) Garbage Collection (Allocation Rate)
[2026-04-03T03:20:41.785+0600][76.613s][info][gc,task     ] GC(126) Using 3 workers
[2026-04-03T03:20:41.785+0600][76.614s][info][gc,phases   ] GC(126) Pause Mark Start 0.014ms
[2026-04-03T03:20:42.219+0600][77.048s][info][gc,phases   ] GC(126) Concurrent Mark 433.885ms
[2026-04-03T03:20:42.219+0600][77.048s][info][gc,phases   ] GC(126) Pause Mark End 0.021ms
[2026-04-03T03:20:42.219+0600][77.048s][info][gc,phases   ] GC(126) Concurrent Mark Free 0.001ms
[2026-04-03T03:20:42.226+0600][77.055s][info][gc,phases   ] GC(126) Concurrent Process Non-Strong References 6.702ms
[2026-04-03T03:20:42.226+0600][77.055s][info][gc,phases   ] GC(126) Concurrent Reset Relocation Set 0.025ms
[2026-04-03T03:20:42.229+0600][77.058s][info][gc          ] Allocation Stall (Executor task launch worker for task 0.0 in stage 28.0 (TID 42)) 225.282ms
[2026-04-03T03:20:42.229+0600][77.058s][info][gc          ] Allocation Stall (Executor task launch worker for task 2.0 in stage 28.0 (TID 44)) 225.535ms
[2026-04-03T03:20:42.229+0600][77.058s][info][gc          ] Allocation Stall (Executor task launch worker for task 1.0 in stage 28.0 (TID 43)) 222.760ms
[2026-04-03T03:20:42.232+0600][77.061s][info][gc,phases   ] GC(126) Concurrent Select Relocation Set 5.627ms
[2026-04-03T03:20:42.232+0600][77.061s][info][gc,phases   ] GC(126) Pause Relocate Start 0.013ms
[2026-04-03T03:20:42.310+0600][77.139s][info][gc,phases   ] GC(126) Concurrent Relocate 77.491ms
[2026-04-03T03:20:42.310+0600][77.139s][info][gc,load     ] GC(126) Load: 5.60/5.20/5.51
[2026-04-03T03:20:42.310+0600][77.139s][info][gc,mmu      ] GC(126) MMU: 2ms/92.1%, 5ms/96.8%, 10ms/98.4%, 20ms/99.2%, 50ms/99.7%, 100ms/99.8%
[2026-04-03T03:20:42.310+0600][77.139s][info][gc,marking  ] GC(126) Mark: 2 stripe(s), 2 proactive flush(es), 1 terminate flush(es), 0 completion(s), 0 continuation(s) 
[2026-04-03T03:20:42.310+0600][77.139s][info][gc,marking  ] GC(126) Mark Stack Usage: 32M
[2026-04-03T03:20:42.310+0600][77.139s][info][gc,nmethod  ] GC(126) NMethods: 7536 registered, 854 unregistered
[2026-04-03T03:20:42.310+0600][77.139s][info][gc,metaspace] GC(126) Metaspace: 71M used, 72M committed, 1088M reserved
[2026-04-03T03:20:42.310+0600][77.139s][info][gc,ref      ] GC(126) Soft: 3252 encountered, 0 discovered, 0 enqueued
[2026-04-03T03:20:42.310+0600][77.139s][info][gc,ref      ] GC(126) Weak: 6442 encountered, 1745 discovered, 0 enqueued
[2026-04-03T03:20:42.310+0600][77.139s][info][gc,ref      ] GC(126) Final: 84 encountered, 2 discovered, 0 enqueued
[2026-04-03T03:20:42.310+0600][77.139s][info][gc,ref      ] GC(126) Phantom: 602 encountered, 268 discovered, 0 enqueued
[2026-04-03T03:20:42.310+0600][77.139s][info][gc,reloc    ] GC(126) Small Pages: 343 / 686M, Empty: 48M, Relocated: 75M, In-Place: 0
[2026-04-03T03:20:42.310+0600][77.139s][info][gc,reloc    ] GC(126) Medium Pages: 2 / 32M, Empty: 0M, Relocated: 10M, In-Place: 0
[2026-04-03T03:20:42.310+0600][77.139s][info][gc,reloc    ] GC(126) Large Pages: 12 / 90M, Empty: 56M, Relocated: 0M, In-Place: 0
[2026-04-03T03:20:42.310+0600][77.139s][info][gc,reloc    ] GC(126) Forwarding Usage: 38M
[2026-04-03T03:20:42.310+0600][77.139s][info][gc,heap     ] GC(126) Min Capacity: 8M(1%)
[2026-04-03T03:20:42.310+0600][77.139s][info][gc,heap     ] GC(126) Max Capacity: 1000M(100%)
[2026-04-03T03:20:42.310+0600][77.139s][info][gc,heap     ] GC(126) Soft Max Capacity: 1000M(100%)
[2026-04-03T03:20:42.310+0600][77.139s][info][gc,heap     ] GC(126)                Mark Start          Mark End        Relocate Start      Relocate End           High               Low         
[2026-04-03T03:20:42.310+0600][77.139s][info][gc,heap     ] GC(126)  Capacity:     1000M (100%)       1000M (100%)       1000M (100%)       1000M (100%)       1000M (100%)       1000M (100%)   
[2026-04-03T03:20:42.310+0600][77.139s][info][gc,heap     ] GC(126)      Free:      192M (19%)           0M (0%)           98M (10%)         450M (45%)         450M (45%)           0M (0%)     
[2026-04-03T03:20:42.310+0600][77.139s][info][gc,heap     ] GC(126)      Used:      808M (81%)        1000M (100%)        902M (90%)         550M (55%)        1000M (100%)        550M (55%)    
[2026-04-03T03:20:42.310+0600][77.139s][info][gc,heap     ] GC(126)      Live:         -               298M (30%)         298M (30%)         298M (30%)            -                  -          
[2026-04-03T03:20:42.310+0600][77.139s][info][gc,heap     ] GC(126) Allocated:         -               192M (19%)         198M (20%)         230M (23%)            -                  -          
[2026-04-03T03:20:42.310+0600][77.139s][info][gc,heap     ] GC(126)   Garbage:         -               509M (51%)         405M (41%)          21M (2%)             -                  -          
[2026-04-03T03:20:42.310+0600][77.139s][info][gc,heap     ] GC(126) Reclaimed:         -                  -               104M (10%)         488M (49%)            -                  -          
[2026-04-03T03:20:42.310+0600][77.139s][info][gc          ] GC(126) Garbage Collection (Allocation Rate) 808M(81%)->550M(55%)
[2026-04-03T03:20:42.385+0600][77.213s][info][gc,start    ] GC(127) Garbage Collection (Allocation Stall)
[2026-04-03T03:20:42.385+0600][77.213s][info][gc,ref      ] GC(127) Clearing All SoftReferences
[2026-04-03T03:20:42.385+0600][77.213s][info][gc,task     ] GC(127) Using 3 workers
[2026-04-03T03:20:42.385+0600][77.214s][info][gc,ref      ] GC(127) Clearing All SoftReferences
[2026-04-03T03:20:42.385+0600][77.214s][info][gc,phases   ] GC(127) Pause Mark Start 0.032ms
[2026-04-03T03:20:42.955+0600][77.784s][info][gc,phases   ] GC(127) Concurrent Mark 570.239ms
[2026-04-03T03:20:42.955+0600][77.784s][info][gc,phases   ] GC(127) Pause Mark End 0.033ms
[2026-04-03T03:20:42.956+0600][77.784s][info][gc,phases   ] GC(127) Concurrent Mark Free 0.003ms
[2026-04-03T03:20:42.980+0600][77.809s][info][gc,phases   ] GC(127) Concurrent Process Non-Strong References 24.461ms
[2026-04-03T03:20:42.980+0600][77.809s][info][gc,phases   ] GC(127) Concurrent Reset Relocation Set 0.047ms
[2026-04-03T03:20:42.989+0600][77.817s][info][gc,phases   ] GC(127) Concurrent Select Relocation Set 8.310ms
[2026-04-03T03:20:42.989+0600][77.818s][info][gc,phases   ] GC(127) Pause Relocate Start 0.015ms
[2026-04-03T03:20:43.015+0600][77.844s][info][gc,phases   ] GC(127) Concurrent Relocate 26.353ms
[2026-04-03T03:20:43.016+0600][77.844s][info][gc,load     ] GC(127) Load: 5.60/5.20/5.51
[2026-04-03T03:20:43.016+0600][77.844s][info][gc,mmu      ] GC(127) MMU: 2ms/92.1%, 5ms/96.8%, 10ms/98.4%, 20ms/99.2%, 50ms/99.7%, 100ms/99.8%
[2026-04-03T03:20:43.016+0600][77.844s][info][gc,marking  ] GC(127) Mark: 2 stripe(s), 2 proactive flush(es), 1 terminate flush(es), 0 completion(s), 0 continuation(s) 
[2026-04-03T03:20:43.016+0600][77.844s][info][gc,marking  ] GC(127) Mark Stack Usage: 32M
[2026-04-03T03:20:43.016+0600][77.844s][info][gc,nmethod  ] GC(127) NMethods: 7537 registered, 855 unregistered
[2026-04-03T03:20:43.016+0600][77.844s][info][gc,metaspace] GC(127) Metaspace: 71M used, 72M committed, 1088M reserved
[2026-04-03T03:20:43.016+0600][77.844s][info][gc,ref      ] GC(127) Soft: 3165 encountered, 717 discovered, 385 enqueued
[2026-04-03T03:20:43.016+0600][77.844s][info][gc,ref      ] GC(127) Weak: 6367 encountered, 1800 discovered, 37 enqueued
[2026-04-03T03:20:43.016+0600][77.844s][info][gc,ref      ] GC(127) Final: 84 encountered, 18 discovered, 0 enqueued
[2026-04-03T03:20:43.016+0600][77.844s][info][gc,ref      ] GC(127) Phantom: 604 encountered, 592 discovered, 0 enqueued
[2026-04-03T03:20:43.016+0600][77.844s][info][gc,reloc    ] GC(127) Small Pages: 246 / 492M, Empty: 8M, Relocated: 18M, In-Place: 0
[2026-04-03T03:20:43.016+0600][77.844s][info][gc,reloc    ] GC(127) Medium Pages: 2 / 32M, Empty: 16M, Relocated: 0M, In-Place: 0
[2026-04-03T03:20:43.016+0600][77.844s][info][gc,reloc    ] GC(127) Large Pages: 8 / 54M, Empty: 8M, Relocated: 0M, In-Place: 0
[2026-04-03T03:20:43.016+0600][77.844s][info][gc,reloc    ] GC(127) Forwarding Usage: 16M
[2026-04-03T03:20:43.016+0600][77.844s][info][gc,heap     ] GC(127) Min Capacity: 8M(1%)
[2026-04-03T03:20:43.016+0600][77.844s][info][gc,heap     ] GC(127) Max Capacity: 1000M(100%)
[2026-04-03T03:20:43.016+0600][77.844s][info][gc,heap     ] GC(127) Soft Max Capacity: 1000M(100%)
[2026-04-03T03:20:43.016+0600][77.845s][info][gc,heap     ] GC(127)                Mark Start          Mark End        Relocate Start      Relocate End           High               Low         
[2026-04-03T03:20:43.016+0600][77.845s][info][gc,heap     ] GC(127)  Capacity:     1000M (100%)       1000M (100%)       1000M (100%)       1000M (100%)       1000M (100%)       1000M (100%)   
[2026-04-03T03:20:43.016+0600][77.845s][info][gc,heap     ] GC(127)      Free:      422M (42%)         304M (30%)         326M (33%)         528M (53%)         528M (53%)         298M (30%)    
[2026-04-03T03:20:43.016+0600][77.845s][info][gc,heap     ] GC(127)      Used:      578M (58%)         696M (70%)         674M (67%)         472M (47%)         702M (70%)         472M (47%)    
[2026-04-03T03:20:43.016+0600][77.845s][info][gc,heap     ] GC(127)      Live:         -               320M (32%)         320M (32%)         320M (32%)            -                  -          
[2026-04-03T03:20:43.016+0600][77.845s][info][gc,heap     ] GC(127) Allocated:         -               118M (12%)         128M (13%)         129M (13%)            -                  -          
[2026-04-03T03:20:43.016+0600][77.845s][info][gc,heap     ] GC(127)   Garbage:         -               257M (26%)         225M (23%)          21M (2%)             -                  -          
[2026-04-03T03:20:43.016+0600][77.845s][info][gc,heap     ] GC(127) Reclaimed:         -                  -                32M (3%)          235M (24%)            -                  -          
[2026-04-03T03:20:43.016+0600][77.845s][info][gc          ] GC(127) Garbage Collection (Allocation Stall) 578M(58%)->472M(47%)
[2026-04-03T03:20:43.085+0600][77.913s][info][gc,start    ] GC(128) Garbage Collection (Allocation Rate)
[2026-04-03T03:20:43.085+0600][77.913s][info][gc,task     ] GC(128) Using 3 workers
[2026-04-03T03:20:43.085+0600][77.914s][info][gc,phases   ] GC(128) Pause Mark Start 0.011ms
[2026-04-03T03:20:43.630+0600][78.459s][info][gc,phases   ] GC(128) Concurrent Mark 544.924ms
[2026-04-03T03:20:43.630+0600][78.459s][info][gc,phases   ] GC(128) Pause Mark End 0.040ms
[2026-04-03T03:20:43.630+0600][78.459s][info][gc,phases   ] GC(128) Concurrent Mark Free 0.002ms
[2026-04-03T03:20:43.644+0600][78.472s][info][gc,phases   ] GC(128) Concurrent Process Non-Strong References 10.893ms
[2026-04-03T03:20:43.644+0600][78.472s][info][gc,phases   ] GC(128) Concurrent Reset Relocation Set 0.027ms
[2026-04-03T03:20:43.648+0600][78.477s][info][gc          ] Allocation Stall (executor-kill-mark-cleanup) 5.827ms
[2026-04-03T03:20:43.648+0600][78.477s][info][gc          ] Allocation Stall (Executor task launch worker for task 0.0 in stage 28.0 (TID 42)) 1.967ms
[2026-04-03T03:20:43.648+0600][78.477s][info][gc          ] Allocation Stall (Executor task launch worker for task 1.0 in stage 28.0 (TID 43)) 4.426ms
[2026-04-03T03:20:43.651+0600][78.480s][info][gc,phases   ] GC(128) Concurrent Select Relocation Set 7.116ms
[2026-04-03T03:20:43.651+0600][78.480s][info][gc,phases   ] GC(128) Pause Relocate Start 0.016ms
[2026-04-03T03:20:43.655+0600][78.483s][info][gc,phases   ] GC(128) Concurrent Relocate 3.252ms
[2026-04-03T03:20:43.655+0600][78.483s][info][gc,load     ] GC(128) Load: 5.60/5.20/5.51
[2026-04-03T03:20:43.655+0600][78.483s][info][gc,mmu      ] GC(128) MMU: 2ms/92.1%, 5ms/96.8%, 10ms/98.4%, 20ms/99.2%, 50ms/99.7%, 100ms/99.8%
[2026-04-03T03:20:43.655+0600][78.483s][info][gc,marking  ] GC(128) Mark: 2 stripe(s), 2 proactive flush(es), 1 terminate flush(es), 0 completion(s), 0 continuation(s) 
[2026-04-03T03:20:43.655+0600][78.483s][info][gc,marking  ] GC(128) Mark Stack Usage: 32M
[2026-04-03T03:20:43.655+0600][78.483s][info][gc,nmethod  ] GC(128) NMethods: 7540 registered, 857 unregistered
[2026-04-03T03:20:43.655+0600][78.483s][info][gc,metaspace] GC(128) Metaspace: 71M used, 72M committed, 1088M reserved
[2026-04-03T03:20:43.655+0600][78.483s][info][gc,ref      ] GC(128) Soft: 2780 encountered, 0 discovered, 0 enqueued
[2026-04-03T03:20:43.655+0600][78.483s][info][gc,ref      ] GC(128) Weak: 6128 encountered, 1514 discovered, 1 enqueued
[2026-04-03T03:20:43.655+0600][78.483s][info][gc,ref      ] GC(128) Final: 84 encountered, 18 discovered, 0 enqueued
[2026-04-03T03:20:43.655+0600][78.483s][info][gc,ref      ] GC(128) Phantom: 604 encountered, 485 discovered, 0 enqueued
[2026-04-03T03:20:43.655+0600][78.483s][info][gc,reloc    ] GC(128) Small Pages: 213 / 426M, Empty: 38M, Relocated: 1M, In-Place: 0
[2026-04-03T03:20:43.655+0600][78.483s][info][gc,reloc    ] GC(128) Medium Pages: 1 / 16M, Empty: 0M, Relocated: 0M, In-Place: 0
[2026-04-03T03:20:43.655+0600][78.484s][info][gc,reloc    ] GC(128) Large Pages: 6 / 46M, Empty: 0M, Relocated: 0M, In-Place: 0
[2026-04-03T03:20:43.655+0600][78.484s][info][gc,reloc    ] GC(128) Forwarding Usage: 0M
[2026-04-03T03:20:43.655+0600][78.484s][info][gc,heap     ] GC(128) Min Capacity: 8M(1%)
[2026-04-03T03:20:43.655+0600][78.484s][info][gc,heap     ] GC(128) Max Capacity: 1000M(100%)
[2026-04-03T03:20:43.655+0600][78.484s][info][gc,heap     ] GC(128) Soft Max Capacity: 1000M(100%)
[2026-04-03T03:20:43.655+0600][78.484s][info][gc,heap     ] GC(128)                Mark Start          Mark End        Relocate Start      Relocate End           High               Low         
[2026-04-03T03:20:43.655+0600][78.484s][info][gc,heap     ] GC(128)  Capacity:     1000M (100%)       1000M (100%)       1000M (100%)       1000M (100%)       1000M (100%)       1000M (100%)   
[2026-04-03T03:20:43.655+0600][78.484s][info][gc,heap     ] GC(128)      Free:      512M (51%)           6M (1%)           30M (3%)          132M (13%)         512M (51%)           0M (0%)     
[2026-04-03T03:20:43.655+0600][78.484s][info][gc,heap     ] GC(128)      Used:      488M (49%)         994M (99%)         970M (97%)         868M (87%)        1000M (100%)        488M (49%)    
[2026-04-03T03:20:43.655+0600][78.484s][info][gc,heap     ] GC(128)      Live:         -               320M (32%)         320M (32%)         320M (32%)            -                  -          
[2026-04-03T03:20:43.655+0600][78.484s][info][gc,heap     ] GC(128) Allocated:         -               506M (51%)         520M (52%)         523M (52%)            -                  -          
[2026-04-03T03:20:43.655+0600][78.484s][info][gc,heap     ] GC(128)   Garbage:         -               167M (17%)         129M (13%)          23M (2%)             -                  -          
[2026-04-03T03:20:43.655+0600][78.484s][info][gc,heap     ] GC(128) Reclaimed:         -                  -                38M (4%)          143M (14%)            -                  -          
[2026-04-03T03:20:43.655+0600][78.484s][info][gc          ] GC(128) Garbage Collection (Allocation Rate) 488M(49%)->868M(87%)
[2026-04-03T03:20:43.685+0600][78.514s][info][gc,start    ] GC(129) Garbage Collection (Allocation Stall)
[2026-04-03T03:20:43.685+0600][78.514s][info][gc,ref      ] GC(129) Clearing All SoftReferences
[2026-04-03T03:20:43.685+0600][78.514s][info][gc,task     ] GC(129) Using 3 workers
[2026-04-03T03:20:43.686+0600][78.514s][info][gc,ref      ] GC(129) Clearing All SoftReferences
[2026-04-03T03:20:43.686+0600][78.514s][info][gc,phases   ] GC(129) Pause Mark Start 0.083ms
[2026-04-03T03:20:44.016+0600][78.845s][info][gc,phases   ] GC(129) Concurrent Mark 330.530ms
[2026-04-03T03:20:44.017+0600][78.845s][info][gc,phases   ] GC(129) Pause Mark End 0.022ms
[2026-04-03T03:20:44.017+0600][78.846s][info][gc,phases   ] GC(129) Concurrent Mark Free 0.002ms
[2026-04-03T03:20:44.033+0600][78.862s][info][gc,phases   ] GC(129) Concurrent Process Non-Strong References 16.530ms
[2026-04-03T03:20:44.033+0600][78.862s][info][gc,phases   ] GC(129) Concurrent Reset Relocation Set 0.005ms
[2026-04-03T03:20:44.036+0600][78.864s][info][gc          ] Allocation Stall (Executor task launch worker for task 0.0 in stage 28.0 (TID 42)) 256.453ms
[2026-04-03T03:20:44.036+0600][78.865s][info][gc          ] Allocation Stall (Executor task launch worker for task 1.0 in stage 28.0 (TID 43)) 252.319ms
[2026-04-03T03:20:44.036+0600][78.865s][info][gc          ] Allocation Stall (Executor task launch worker for task 2.0 in stage 28.0 (TID 44)) 254.757ms
[2026-04-03T03:20:44.048+0600][78.877s][info][gc,phases   ] GC(129) Concurrent Select Relocation Set 14.992ms
[2026-04-03T03:20:44.049+0600][78.878s][info][gc,phases   ] GC(129) Pause Relocate Start 0.015ms
[2026-04-03T03:20:44.119+0600][78.948s][info][gc,phases   ] GC(129) Concurrent Relocate 70.265ms
[2026-04-03T03:20:44.120+0600][78.948s][info][gc,load     ] GC(129) Load: 5.60/5.20/5.51
[2026-04-03T03:20:44.120+0600][78.948s][info][gc,mmu      ] GC(129) MMU: 2ms/92.1%, 5ms/96.8%, 10ms/98.4%, 20ms/99.2%, 50ms/99.7%, 100ms/99.8%
[2026-04-03T03:20:44.120+0600][78.948s][info][gc,marking  ] GC(129) Mark: 2 stripe(s), 2 proactive flush(es), 1 terminate flush(es), 0 completion(s), 0 continuation(s) 
[2026-04-03T03:20:44.120+0600][78.948s][info][gc,marking  ] GC(129) Mark Stack Usage: 32M
[2026-04-03T03:20:44.120+0600][78.948s][info][gc,nmethod  ] GC(129) NMethods: 7538 registered, 859 unregistered
[2026-04-03T03:20:44.120+0600][78.948s][info][gc,metaspace] GC(129) Metaspace: 71M used, 72M committed, 1088M reserved
[2026-04-03T03:20:44.120+0600][78.948s][info][gc,ref      ] GC(129) Soft: 2790 encountered, 1467 discovered, 3 enqueued
[2026-04-03T03:20:44.120+0600][78.948s][info][gc,ref      ] GC(129) Weak: 6039 encountered, 1528 discovered, 2 enqueued
[2026-04-03T03:20:44.120+0600][78.948s][info][gc,ref      ] GC(129) Final: 84 encountered, 18 discovered, 0 enqueued
[2026-04-03T03:20:44.120+0600][78.948s][info][gc,ref      ] GC(129) Phantom: 603 encountered, 534 discovered, 0 enqueued
[2026-04-03T03:20:44.120+0600][78.948s][info][gc,reloc    ] GC(129) Small Pages: 405 / 810M, Empty: 68M, Relocated: 38M, In-Place: 0
[2026-04-03T03:20:44.120+0600][78.948s][info][gc,reloc    ] GC(129) Medium Pages: 2 / 32M, Empty: 0M, Relocated: 9M, In-Place: 0
[2026-04-03T03:20:44.120+0600][78.948s][info][gc,reloc    ] GC(129) Large Pages: 9 / 66M, Empty: 40M, Relocated: 0M, In-Place: 0
[2026-04-03T03:20:44.120+0600][78.948s][info][gc,reloc    ] GC(129) Forwarding Usage: 29M
[2026-04-03T03:20:44.120+0600][78.948s][info][gc,heap     ] GC(129) Min Capacity: 8M(1%)
[2026-04-03T03:20:44.120+0600][78.949s][info][gc,heap     ] GC(129) Max Capacity: 1000M(100%)
[2026-04-03T03:20:44.120+0600][78.949s][info][gc,heap     ] GC(129) Soft Max Capacity: 1000M(100%)
[2026-04-03T03:20:44.120+0600][78.949s][info][gc,heap     ] GC(129)                Mark Start          Mark End        Relocate Start      Relocate End           High               Low         
[2026-04-03T03:20:44.120+0600][78.949s][info][gc,heap     ] GC(129)  Capacity:     1000M (100%)       1000M (100%)       1000M (100%)       1000M (100%)       1000M (100%)       1000M (100%)   
[2026-04-03T03:20:44.120+0600][78.949s][info][gc,heap     ] GC(129)      Free:       92M (9%)            0M (0%)           88M (9%)          568M (57%)         572M (57%)           0M (0%)     
[2026-04-03T03:20:44.120+0600][78.949s][info][gc,heap     ] GC(129)      Used:      908M (91%)        1000M (100%)        912M (91%)         432M (43%)        1000M (100%)        428M (43%)    
[2026-04-03T03:20:44.120+0600][78.949s][info][gc,heap     ] GC(129)      Live:         -               237M (24%)         237M (24%)         237M (24%)            -                  -          
[2026-04-03T03:20:44.120+0600][78.949s][info][gc,heap     ] GC(129) Allocated:         -                92M (9%)          112M (11%)         175M (18%)            -                  -          
[2026-04-03T03:20:44.120+0600][78.949s][info][gc,heap     ] GC(129)   Garbage:         -               670M (67%)         562M (56%)          19M (2%)             -                  -          
[2026-04-03T03:20:44.120+0600][78.949s][info][gc,heap     ] GC(129) Reclaimed:         -                  -               108M (11%)         651M (65%)            -                  -          
[2026-04-03T03:20:44.120+0600][78.949s][info][gc          ] GC(129) Garbage Collection (Allocation Stall) 908M(91%)->432M(43%)
[2026-04-03T03:20:44.185+0600][79.014s][info][gc,start    ] GC(130) Garbage Collection (Allocation Stall)
[2026-04-03T03:20:44.185+0600][79.014s][info][gc,ref      ] GC(130) Clearing All SoftReferences
[2026-04-03T03:20:44.185+0600][79.014s][info][gc,task     ] GC(130) Using 3 workers
[2026-04-03T03:20:44.185+0600][79.014s][info][gc,ref      ] GC(130) Clearing All SoftReferences
[2026-04-03T03:20:44.185+0600][79.014s][info][gc,phases   ] GC(130) Pause Mark Start 0.073ms
[2026-04-03T03:20:44.757+0600][79.586s][info][gc,phases   ] GC(130) Concurrent Mark 572.095ms
[2026-04-03T03:20:44.758+0600][79.586s][info][gc,phases   ] GC(130) Pause Mark End 0.043ms
[2026-04-03T03:20:44.758+0600][79.586s][info][gc,phases   ] GC(130) Concurrent Mark Free 0.001ms
[2026-04-03T03:20:44.765+0600][79.594s][info][gc,phases   ] GC(130) Concurrent Process Non-Strong References 7.418ms
[2026-04-03T03:20:44.765+0600][79.594s][info][gc,phases   ] GC(130) Concurrent Reset Relocation Set 0.022ms
[2026-04-03T03:20:44.770+0600][79.599s][info][gc,phases   ] GC(130) Concurrent Select Relocation Set 4.819ms
[2026-04-03T03:20:44.770+0600][79.599s][info][gc,phases   ] GC(130) Pause Relocate Start 0.011ms
[2026-04-03T03:20:44.771+0600][79.599s][info][gc          ] Allocation Stall (Executor task launch worker for task 0.0 in stage 28.0 (TID 42)) 78.102ms
[2026-04-03T03:20:44.775+0600][79.604s][info][gc          ] Relocation Stall (Executor task launch worker for task 1.0 in stage 28.0 (TID 43)) 4.752ms
[2026-04-03T03:20:44.775+0600][79.604s][info][gc          ] Relocation Stall (Executor task launch worker for task 2.0 in stage 28.0 (TID 44)) 4.845ms
[2026-04-03T03:20:44.775+0600][79.604s][info][gc          ] Allocation Stall (Executor task launch worker for task 1.0 in stage 28.0 (TID 43)) 84.090ms
[2026-04-03T03:20:44.775+0600][79.604s][info][gc          ] Allocation Stall (Executor task launch worker for task 2.0 in stage 28.0 (TID 44)) 86.353ms
[2026-04-03T03:20:44.788+0600][79.617s][info][gc,phases   ] GC(130) Concurrent Relocate 18.068ms
[2026-04-03T03:20:44.788+0600][79.617s][info][gc,load     ] GC(130) Load: 5.60/5.20/5.51
[2026-04-03T03:20:44.789+0600][79.617s][info][gc,mmu      ] GC(130) MMU: 2ms/92.1%, 5ms/96.8%, 10ms/98.4%, 20ms/99.2%, 50ms/99.7%, 100ms/99.8%
[2026-04-03T03:20:44.789+0600][79.617s][info][gc,marking  ] GC(130) Mark: 2 stripe(s), 2 proactive flush(es), 1 terminate flush(es), 0 completion(s), 0 continuation(s) 
[2026-04-03T03:20:44.789+0600][79.617s][info][gc,marking  ] GC(130) Mark Stack Usage: 32M
[2026-04-03T03:20:44.789+0600][79.617s][info][gc,nmethod  ] GC(130) NMethods: 7538 registered, 859 unregistered
[2026-04-03T03:20:44.789+0600][79.617s][info][gc,metaspace] GC(130) Metaspace: 71M used, 72M committed, 1088M reserved
[2026-04-03T03:20:44.789+0600][79.617s][info][gc,ref      ] GC(130) Soft: 2787 encountered, 2266 discovered, 0 enqueued
[2026-04-03T03:20:44.789+0600][79.617s][info][gc,ref      ] GC(130) Weak: 6028 encountered, 1781 discovered, 0 enqueued
[2026-04-03T03:20:44.789+0600][79.617s][info][gc,ref      ] GC(130) Final: 84 encountered, 4 discovered, 0 enqueued
[2026-04-03T03:20:44.789+0600][79.617s][info][gc,ref      ] GC(130) Phantom: 602 encountered, 462 discovered, 0 enqueued
[2026-04-03T03:20:44.789+0600][79.617s][info][gc,reloc    ] GC(130) Small Pages: 237 / 474M, Empty: 0M, Relocated: 12M, In-Place: 3
[2026-04-03T03:20:44.789+0600][79.617s][info][gc,reloc    ] GC(130) Medium Pages: 1 / 16M, Empty: 0M, Relocated: 0M, In-Place: 0
[2026-04-03T03:20:44.789+0600][79.617s][info][gc,reloc    ] GC(130) Large Pages: 5 / 30M, Empty: 0M, Relocated: 0M, In-Place: 0
[2026-04-03T03:20:44.789+0600][79.617s][info][gc,reloc    ] GC(130) Forwarding Usage: 10M
[2026-04-03T03:20:44.789+0600][79.617s][info][gc,heap     ] GC(130) Min Capacity: 8M(1%)
[2026-04-03T03:20:44.789+0600][79.617s][info][gc,heap     ] GC(130) Max Capacity: 1000M(100%)
[2026-04-03T03:20:44.789+0600][79.617s][info][gc,heap     ] GC(130) Soft Max Capacity: 1000M(100%)
[2026-04-03T03:20:44.789+0600][79.617s][info][gc,heap     ] GC(130)                Mark Start          Mark End        Relocate Start      Relocate End           High               Low         
[2026-04-03T03:20:44.789+0600][79.617s][info][gc,heap     ] GC(130)  Capacity:     1000M (100%)       1000M (100%)       1000M (100%)       1000M (100%)       1000M (100%)       1000M (100%)   
[2026-04-03T03:20:44.789+0600][79.617s][info][gc,heap     ] GC(130)      Free:      480M (48%)           0M (0%)            0M (0%)          228M (23%)         480M (48%)           0M (0%)     
[2026-04-03T03:20:44.789+0600][79.617s][info][gc,heap     ] GC(130)      Used:      520M (52%)        1000M (100%)       1000M (100%)        772M (77%)        1000M (100%)        520M (52%)    
[2026-04-03T03:20:44.789+0600][79.617s][info][gc,heap     ] GC(130)      Live:         -               249M (25%)         249M (25%)         249M (25%)            -                  -          
[2026-04-03T03:20:44.789+0600][79.617s][info][gc,heap     ] GC(130) Allocated:         -               480M (48%)         480M (48%)         497M (50%)            -                  -          
[2026-04-03T03:20:44.789+0600][79.618s][info][gc,heap     ] GC(130)   Garbage:         -               270M (27%)         270M (27%)          24M (2%)             -                  -          
[2026-04-03T03:20:44.789+0600][79.618s][info][gc,heap     ] GC(130) Reclaimed:         -                  -                 0M (0%)          245M (25%)            -                  -          
[2026-04-03T03:20:44.789+0600][79.618s][info][gc          ] GC(130) Garbage Collection (Allocation Stall) 520M(52%)->772M(77%)
[2026-04-03T03:20:44.885+0600][79.714s][info][gc,start    ] GC(131) Garbage Collection (Allocation Stall)
[2026-04-03T03:20:44.885+0600][79.714s][info][gc,ref      ] GC(131) Clearing All SoftReferences
[2026-04-03T03:20:44.885+0600][79.714s][info][gc,task     ] GC(131) Using 3 workers
[2026-04-03T03:20:44.885+0600][79.714s][info][gc,ref      ] GC(131) Clearing All SoftReferences
[2026-04-03T03:20:44.885+0600][79.714s][info][gc,phases   ] GC(131) Pause Mark Start 0.077ms
[2026-04-03T03:20:45.285+0600][80.114s][info][gc,stats    ] === Garbage Collection Statistics =======================================================================================================================
[2026-04-03T03:20:45.285+0600][80.114s][info][gc,stats    ]                                                              Last 10s              Last 10m              Last 10h                Total
[2026-04-03T03:20:45.285+0600][80.114s][info][gc,stats    ]                                                              Avg / Max             Avg / Max             Avg / Max             Avg / Max
[2026-04-03T03:20:45.285+0600][80.114s][info][gc,stats    ]   Collector: Garbage Collection Cycle                    597.110 / 799.418     439.234 / 988.634     439.234 / 988.634     439.234 / 988.634     ms
[2026-04-03T03:20:45.285+0600][80.114s][info][gc,stats    ]  Contention: Mark Segment Reset Contention                    10 / 29                8 / 44                8 / 44                8 / 44          ops/s
[2026-04-03T03:20:45.285+0600][80.114s][info][gc,stats    ]  Contention: Mark SeqNum Reset Contention                      0 / 1                 0 / 4                 0 / 4                 0 / 4           ops/s
[2026-04-03T03:20:45.285+0600][80.114s][info][gc,stats    ]    Critical: Allocation Stall                                  3 / 7                 1 / 8                 1 / 8                 1 / 8           ops/s
[2026-04-03T03:20:45.285+0600][80.114s][info][gc,stats    ]    Critical: Allocation Stall                            189.688 / 451.330     176.513 / 451.330     176.513 / 451.330     176.513 / 451.330     ms
[2026-04-03T03:20:45.285+0600][80.114s][info][gc,stats    ]    Critical: GC Locker Stall                                   0 / 0                 0 / 3                 0 / 3                 0 / 3           ops/s
[2026-04-03T03:20:45.285+0600][80.114s][info][gc,stats    ]    Critical: GC Locker Stall                               0.000 / 0.000         0.001 / 0.001         0.001 / 0.001         0.001 / 0.001       ms
[2026-04-03T03:20:45.285+0600][80.114s][info][gc,stats    ]    Critical: Relocation Stall                                  0 / 3                 0 / 4                 0 / 4                 0 / 4           ops/s
[2026-04-03T03:20:45.285+0600][80.114s][info][gc,stats    ]    Critical: Relocation Stall                             10.983 / 31.365       11.388 / 35.668       11.388 / 35.668       11.388 / 35.668      ms
[2026-04-03T03:20:45.285+0600][80.114s][info][gc,stats    ]      Memory: Allocation Rate                                 535 / 740             507 / 2572            507 / 2572            507 / 2572        MB/s
[2026-04-03T03:20:45.285+0600][80.114s][info][gc,stats    ]      Memory: Defragment                                        9 / 27                8 / 113               8 / 113               8 / 113         ops/s
[2026-04-03T03:20:45.285+0600][80.114s][info][gc,stats    ]      Memory: Out Of Memory                                     0 / 0                 0 / 0                 0 / 0                 0 / 0           ops/s
[2026-04-03T03:20:45.285+0600][80.114s][info][gc,stats    ]      Memory: Page Cache Flush                                 41 / 74               37 / 226              37 / 226              37 / 226         MB/s
[2026-04-03T03:20:45.285+0600][80.114s][info][gc,stats    ]      Memory: Page Cache Hit L1                               261 / 361             240 / 1314            240 / 1314            240 / 1314        ops/s
[2026-04-03T03:20:45.285+0600][80.114s][info][gc,stats    ]      Memory: Page Cache Hit L2                                 0 / 0                 0 / 0                 0 / 0                 0 / 0           ops/s
[2026-04-03T03:20:45.285+0600][80.114s][info][gc,stats    ]      Memory: Page Cache Hit L3                                 7 / 20                8 / 84                8 / 84                8 / 84          ops/s
[2026-04-03T03:20:45.285+0600][80.114s][info][gc,stats    ]      Memory: Page Cache Miss                                   2 / 7                 5 / 142               5 / 142               5 / 142         ops/s
[2026-04-03T03:20:45.285+0600][80.114s][info][gc,stats    ]      Memory: Uncommit                                          0 / 0                 0 / 0                 0 / 0                 0 / 0           MB/s
[2026-04-03T03:20:45.285+0600][80.114s][info][gc,stats    ]      Memory: Undo Object Allocation Failed                     0 / 0                 0 / 0                 0 / 0                 0 / 0           ops/s
[2026-04-03T03:20:45.285+0600][80.114s][info][gc,stats    ]      Memory: Undo Object Allocation Succeeded                  8 / 58               27 / 1977             27 / 1977             27 / 1977        ops/s
[2026-04-03T03:20:45.285+0600][80.114s][info][gc,stats    ]      Memory: Undo Page Allocation                              0 / 2                 0 / 2                 0 / 2                 0 / 2           ops/s
[2026-04-03T03:20:45.285+0600][80.114s][info][gc,stats    ]       Phase: Concurrent Mark                             539.355 / 759.974     391.113 / 978.999     391.113 / 978.999     391.113 / 978.999     ms
[2026-04-03T03:20:45.285+0600][80.114s][info][gc,stats    ]       Phase: Concurrent Mark Continue                      0.000 / 0.000         0.000 / 0.000         0.000 / 0.000         0.000 / 0.000       ms
[2026-04-03T03:20:45.285+0600][80.114s][info][gc,stats    ]       Phase: Concurrent Mark Free                          0.003 / 0.007         0.002 / 0.007         0.002 / 0.007         0.002 / 0.007       ms
[2026-04-03T03:20:45.285+0600][80.114s][info][gc,stats    ]       Phase: Concurrent Process Non-Strong References     12.056 / 30.329        9.953 / 33.895        9.953 / 33.895        9.953 / 33.895      ms
[2026-04-03T03:20:45.285+0600][80.114s][info][gc,stats    ]       Phase: Concurrent Relocate                          35.615 / 77.491       29.225 / 163.712      29.225 / 163.712      29.225 / 163.712     ms
[2026-04-03T03:20:45.285+0600][80.114s][info][gc,stats    ]       Phase: Concurrent Reset Relocation Set               0.023 / 0.047         0.017 / 0.083         0.017 / 0.083         0.017 / 0.083       ms
[2026-04-03T03:20:45.285+0600][80.114s][info][gc,stats    ]       Phase: Concurrent Select Relocation Set              8.229 / 19.072        7.158 / 40.079        7.158 / 40.079        7.158 / 40.079      ms
[2026-04-03T03:20:45.285+0600][80.114s][info][gc,stats    ]       Phase: Pause Mark End                                0.032 / 0.046         0.031 / 0.097         0.031 / 0.097         0.031 / 0.097       ms
[2026-04-03T03:20:45.285+0600][80.114s][info][gc,stats    ]       Phase: Pause Mark Start                              0.048 / 0.091         0.032 / 0.158         0.032 / 0.158         0.032 / 0.158       ms
[2026-04-03T03:20:45.285+0600][80.114s][info][gc,stats    ]       Phase: Pause Relocate Start                          0.015 / 0.026         0.018 / 0.092         0.018 / 0.092         0.018 / 0.092       ms
[2026-04-03T03:20:45.285+0600][80.114s][info][gc,stats    ]    Subphase: Concurrent Classes Purge                      0.079 / 0.608         0.104 / 1.037         0.104 / 1.037         0.104 / 1.037       ms
[2026-04-03T03:20:45.285+0600][80.114s][info][gc,stats    ]    Subphase: Concurrent Classes Unlink                    10.048 / 27.174        7.994 / 29.753        7.994 / 29.753        7.994 / 29.753      ms
[2026-04-03T03:20:45.285+0600][80.114s][info][gc,stats    ]    Subphase: Concurrent Mark                             537.799 / 758.761     399.484 / 978.365     399.484 / 978.365     399.484 / 978.365     ms
[2026-04-03T03:20:45.285+0600][80.114s][info][gc,stats    ]    Subphase: Concurrent Mark Try Flush                     0.301 / 0.523         0.270 / 4.637         0.270 / 4.637         0.270 / 4.637       ms
[2026-04-03T03:20:45.285+0600][80.114s][info][gc,stats    ]    Subphase: Concurrent Mark Try Terminate                 0.873 / 1.230         1.058 / 1.450         1.058 / 1.450         1.058 / 1.450       ms
[2026-04-03T03:20:45.285+0600][80.114s][info][gc,stats    ]    Subphase: Concurrent References Enqueue                 0.004 / 0.015         0.004 / 0.015         0.004 / 0.015         0.004 / 0.015       ms
[2026-04-03T03:20:45.285+0600][80.114s][info][gc,stats    ]    Subphase: Concurrent References Process                 0.492 / 0.942         0.485 / 1.197         0.485 / 1.197         0.485 / 1.197       ms
[2026-04-03T03:20:45.285+0600][80.114s][info][gc,stats    ]    Subphase: Concurrent Roots ClassLoaderDataGraph         0.240 / 0.707         0.245 / 0.814         0.245 / 0.814         0.245 / 0.814       ms
[2026-04-03T03:20:45.285+0600][80.114s][info][gc,stats    ]    Subphase: Concurrent Roots CodeCache                    0.000 / 0.000         0.000 / 0.000         0.000 / 0.000         0.000 / 0.000       ms
[2026-04-03T03:20:45.285+0600][80.114s][info][gc,stats    ]    Subphase: Concurrent Roots JavaThreads                  0.646 / 1.034         0.485 / 2.262         0.485 / 2.262         0.485 / 2.262       ms
[2026-04-03T03:20:45.285+0600][80.114s][info][gc,stats    ]    Subphase: Concurrent Roots OopStorageSet                0.051 / 0.095         0.048 / 0.262         0.048 / 0.262         0.048 / 0.262       ms
[2026-04-03T03:20:45.286+0600][80.114s][info][gc,stats    ]    Subphase: Concurrent Weak Roots OopStorageSet           0.794 / 1.218         0.797 / 1.963         0.797 / 1.963         0.797 / 1.963       ms
[2026-04-03T03:20:45.286+0600][80.114s][info][gc,stats    ]    Subphase: Pause Mark Try Complete                       0.000 / 0.000         0.000 / 0.000         0.000 / 0.000         0.000 / 0.000       ms
[2026-04-03T03:20:45.286+0600][80.114s][info][gc,stats    ]      System: Java Threads                                    191 / 195             109 / 195             109 / 195             109 / 195         threads
[2026-04-03T03:20:45.286+0600][80.114s][info][gc,stats    ] =========================================================================================================================================================
[2026-04-03T03:20:45.329+0600][80.157s][info][gc,phases   ] GC(131) Concurrent Mark 443.223ms
[2026-04-03T03:20:45.329+0600][80.158s][info][gc,phases   ] GC(131) Pause Mark End 0.025ms
[2026-04-03T03:20:45.329+0600][80.158s][info][gc,phases   ] GC(131) Concurrent Mark Free 0.002ms
[2026-04-03T03:20:45.337+0600][80.166s][info][gc,phases   ] GC(131) Concurrent Process Non-Strong References 7.917ms
[2026-04-03T03:20:45.337+0600][80.166s][info][gc,phases   ] GC(131) Concurrent Reset Relocation Set 0.012ms
[2026-04-03T03:20:45.339+0600][80.168s][info][gc          ] Allocation Stall (Executor task launch worker for task 0.0 in stage 28.0 (TID 42)) 352.328ms
[2026-04-03T03:20:45.339+0600][80.168s][info][gc          ] Allocation Stall (Executor task launch worker for task 2.0 in stage 28.0 (TID 44)) 353.877ms
[2026-04-03T03:20:45.339+0600][80.168s][info][gc          ] Allocation Stall (Executor task launch worker for task 1.0 in stage 28.0 (TID 43)) 352.800ms
[2026-04-03T03:20:45.339+0600][80.168s][info][gc          ] Allocation Stall (Spark Context Cleaner) 358.598ms
[2026-04-03T03:20:45.345+0600][80.174s][info][gc,phases   ] GC(131) Concurrent Select Relocation Set 8.005ms
[2026-04-03T03:20:45.345+0600][80.174s][info][gc,phases   ] GC(131) Pause Relocate Start 0.031ms
[2026-04-03T03:20:45.384+0600][80.213s][info][gc          ] Relocation Stall (Executor task launch worker for task 2.0 in stage 28.0 (TID 44)) 38.454ms
[2026-04-03T03:20:45.393+0600][80.221s][info][gc,phases   ] GC(131) Concurrent Relocate 47.286ms
[2026-04-03T03:20:45.393+0600][80.222s][info][gc,load     ] GC(131) Load: 5.60/5.20/5.51
[2026-04-03T03:20:45.393+0600][80.222s][info][gc,mmu      ] GC(131) MMU: 2ms/92.1%, 5ms/96.8%, 10ms/98.4%, 20ms/99.2%, 50ms/99.7%, 100ms/99.8%
[2026-04-03T03:20:45.393+0600][80.222s][info][gc,marking  ] GC(131) Mark: 2 stripe(s), 2 proactive flush(es), 1 terminate flush(es), 0 completion(s), 0 continuation(s) 
[2026-04-03T03:20:45.393+0600][80.222s][info][gc,marking  ] GC(131) Mark Stack Usage: 32M
[2026-04-03T03:20:45.393+0600][80.222s][info][gc,nmethod  ] GC(131) NMethods: 7538 registered, 859 unregistered
[2026-04-03T03:20:45.393+0600][80.222s][info][gc,metaspace] GC(131) Metaspace: 71M used, 72M committed, 1088M reserved
[2026-04-03T03:20:45.393+0600][80.222s][info][gc,ref      ] GC(131) Soft: 2787 encountered, 773 discovered, 0 enqueued
[2026-04-03T03:20:45.393+0600][80.222s][info][gc,ref      ] GC(131) Weak: 6028 encountered, 1348 discovered, 0 enqueued
[2026-04-03T03:20:45.393+0600][80.222s][info][gc,ref      ] GC(131) Final: 84 encountered, 2 discovered, 0 enqueued
[2026-04-03T03:20:45.393+0600][80.222s][info][gc,ref      ] GC(131) Phantom: 603 encountered, 416 discovered, 0 enqueued
[2026-04-03T03:20:45.393+0600][80.222s][info][gc,reloc    ] GC(131) Small Pages: 424 / 848M, Empty: 0M, Relocated: 25M, In-Place: 2
[2026-04-03T03:20:45.393+0600][80.222s][info][gc,reloc    ] GC(131) Medium Pages: 1 / 16M, Empty: 0M, Relocated: 0M, In-Place: 0
[2026-04-03T03:20:45.393+0600][80.222s][info][gc,reloc    ] GC(131) Large Pages: 7 / 46M, Empty: 10M, Relocated: 0M, In-Place: 0
[2026-04-03T03:20:45.393+0600][80.222s][info][gc,reloc    ] GC(131) Forwarding Usage: 23M
[2026-04-03T03:20:45.393+0600][80.222s][info][gc,heap     ] GC(131) Min Capacity: 8M(1%)
[2026-04-03T03:20:45.393+0600][80.222s][info][gc,heap     ] GC(131) Max Capacity: 1000M(100%)
[2026-04-03T03:20:45.393+0600][80.222s][info][gc,heap     ] GC(131) Soft Max Capacity: 1000M(100%)
[2026-04-03T03:20:45.393+0600][80.222s][info][gc,heap     ] GC(131)                Mark Start          Mark End        Relocate Start      Relocate End           High               Low         
[2026-04-03T03:20:45.393+0600][80.222s][info][gc,heap     ] GC(131)  Capacity:     1000M (100%)       1000M (100%)       1000M (100%)       1000M (100%)       1000M (100%)       1000M (100%)   
[2026-04-03T03:20:45.393+0600][80.222s][info][gc,heap     ] GC(131)      Free:       90M (9%)            0M (0%)            0M (0%)          560M (56%)         570M (57%)           0M (0%)     
[2026-04-03T03:20:45.393+0600][80.222s][info][gc,heap     ] GC(131)      Used:      910M (91%)        1000M (100%)       1000M (100%)        440M (44%)        1000M (100%)        430M (43%)    
[2026-04-03T03:20:45.393+0600][80.222s][info][gc,heap     ] GC(131)      Live:         -               274M (27%)         274M (27%)         274M (27%)            -                  -          
[2026-04-03T03:20:45.393+0600][80.222s][info][gc,heap     ] GC(131) Allocated:         -                90M (9%)          100M (10%)         139M (14%)            -                  -          
[2026-04-03T03:20:45.393+0600][80.222s][info][gc,heap     ] GC(131)   Garbage:         -               635M (64%)         625M (63%)          25M (3%)             -                  -          
[2026-04-03T03:20:45.393+0600][80.222s][info][gc,heap     ] GC(131) Reclaimed:         -                  -                10M (1%)          609M (61%)            -                  -          
[2026-04-03T03:20:45.393+0600][80.222s][info][gc          ] GC(131) Garbage Collection (Allocation Stall) 910M(91%)->440M(44%)
[2026-04-03T03:20:45.485+0600][80.314s][info][gc,start    ] GC(132) Garbage Collection (Allocation Stall)
[2026-04-03T03:20:45.485+0600][80.314s][info][gc,ref      ] GC(132) Clearing All SoftReferences
[2026-04-03T03:20:45.485+0600][80.314s][info][gc,task     ] GC(132) Using 3 workers
[2026-04-03T03:20:45.485+0600][80.314s][info][gc,ref      ] GC(132) Clearing All SoftReferences
[2026-04-03T03:20:45.486+0600][80.314s][info][gc,phases   ] GC(132) Pause Mark Start 0.063ms
[2026-04-03T03:20:46.109+0600][80.938s][info][gc,phases   ] GC(132) Concurrent Mark 623.256ms
[2026-04-03T03:20:46.109+0600][80.938s][info][gc,phases   ] GC(132) Pause Mark End 0.037ms
[2026-04-03T03:20:46.109+0600][80.938s][info][gc,phases   ] GC(132) Concurrent Mark Free 0.004ms
[2026-04-03T03:20:46.117+0600][80.946s][info][gc,phases   ] GC(132) Concurrent Process Non-Strong References 7.744ms
[2026-04-03T03:20:46.117+0600][80.946s][info][gc,phases   ] GC(132) Concurrent Reset Relocation Set 0.036ms
[2026-04-03T03:20:46.120+0600][80.948s][info][gc          ] Allocation Stall (Executor task launch worker for task 0.0 in stage 28.0 (TID 42)) 146.685ms
[2026-04-03T03:20:46.120+0600][80.948s][info][gc          ] Allocation Stall (Executor task launch worker for task 2.0 in stage 28.0 (TID 44)) 142.153ms
[2026-04-03T03:20:46.120+0600][80.948s][info][gc          ] Allocation Stall (Executor task launch worker for task 1.0 in stage 28.0 (TID 43)) 142.088ms
[2026-04-03T03:20:46.121+0600][80.950s][info][gc,phases   ] GC(132) Concurrent Select Relocation Set 4.045ms
[2026-04-03T03:20:46.124+0600][80.952s][info][gc,phases   ] GC(132) Pause Relocate Start 0.011ms
[2026-04-03T03:20:46.143+0600][80.972s][info][gc,phases   ] GC(132) Concurrent Relocate 19.310ms
[2026-04-03T03:20:46.143+0600][80.972s][info][gc,load     ] GC(132) Load: 5.39/5.16/5.49
[2026-04-03T03:20:46.143+0600][80.972s][info][gc,mmu      ] GC(132) MMU: 2ms/92.1%, 5ms/96.8%, 10ms/98.4%, 20ms/99.2%, 50ms/99.7%, 100ms/99.8%
[2026-04-03T03:20:46.143+0600][80.972s][info][gc,marking  ] GC(132) Mark: 2 stripe(s), 2 proactive flush(es), 1 terminate flush(es), 0 completion(s), 0 continuation(s) 
[2026-04-03T03:20:46.143+0600][80.972s][info][gc,marking  ] GC(132) Mark Stack Usage: 32M
[2026-04-03T03:20:46.143+0600][80.972s][info][gc,nmethod  ] GC(132) NMethods: 7538 registered, 859 unregistered
[2026-04-03T03:20:46.143+0600][80.972s][info][gc,metaspace] GC(132) Metaspace: 71M used, 72M committed, 1088M reserved
[2026-04-03T03:20:46.143+0600][80.972s][info][gc,ref      ] GC(132) Soft: 2787 encountered, 357 discovered, 0 enqueued
[2026-04-03T03:20:46.143+0600][80.972s][info][gc,ref      ] GC(132) Weak: 6028 encountered, 1494 discovered, 0 enqueued
[2026-04-03T03:20:46.143+0600][80.972s][info][gc,ref      ] GC(132) Final: 84 encountered, 2 discovered, 0 enqueued
[2026-04-03T03:20:46.143+0600][80.972s][info][gc,ref      ] GC(132) Phantom: 603 encountered, 289 discovered, 0 enqueued
[2026-04-03T03:20:46.143+0600][80.972s][info][gc,reloc    ] GC(132) Small Pages: 230 / 460M, Empty: 0M, Relocated: 11M, In-Place: 3
[2026-04-03T03:20:46.143+0600][80.972s][info][gc,reloc    ] GC(132) Medium Pages: 1 / 16M, Empty: 0M, Relocated: 0M, In-Place: 0
[2026-04-03T03:20:46.143+0600][80.972s][info][gc,reloc    ] GC(132) Large Pages: 6 / 46M, Empty: 6M, Relocated: 0M, In-Place: 0
[2026-04-03T03:20:46.143+0600][80.972s][info][gc,reloc    ] GC(132) Forwarding Usage: 10M
[2026-04-03T03:20:46.143+0600][80.972s][info][gc,heap     ] GC(132) Min Capacity: 8M(1%)
[2026-04-03T03:20:46.143+0600][80.972s][info][gc,heap     ] GC(132) Max Capacity: 1000M(100%)
[2026-04-03T03:20:46.143+0600][80.972s][info][gc,heap     ] GC(132) Soft Max Capacity: 1000M(100%)
[2026-04-03T03:20:46.143+0600][80.972s][info][gc,heap     ] GC(132)                Mark Start          Mark End        Relocate Start      Relocate End           High               Low         
[2026-04-03T03:20:46.143+0600][80.972s][info][gc,heap     ] GC(132)  Capacity:     1000M (100%)       1000M (100%)       1000M (100%)       1000M (100%)       1000M (100%)       1000M (100%)   
[2026-04-03T03:20:46.143+0600][80.972s][info][gc,heap     ] GC(132)      Free:      478M (48%)           0M (0%)            0M (0%)          188M (19%)         478M (48%)           0M (0%)     
[2026-04-03T03:20:46.143+0600][80.972s][info][gc,heap     ] GC(132)      Used:      522M (52%)        1000M (100%)       1000M (100%)        812M (81%)        1000M (100%)        522M (52%)    
[2026-04-03T03:20:46.144+0600][80.972s][info][gc,heap     ] GC(132)      Live:         -               285M (29%)         285M (29%)         285M (29%)            -                  -          
[2026-04-03T03:20:46.144+0600][80.972s][info][gc,heap     ] GC(132) Allocated:         -               478M (48%)         484M (48%)         497M (50%)            -                  -          
[2026-04-03T03:20:46.144+0600][80.972s][info][gc,heap     ] GC(132)   Garbage:         -               236M (24%)         230M (23%)          28M (3%)             -                  -          
[2026-04-03T03:20:46.144+0600][80.972s][info][gc,heap     ] GC(132) Reclaimed:         -                  -                 6M (1%)          207M (21%)            -                  -          
[2026-04-03T03:20:46.144+0600][80.972s][info][gc          ] GC(132) Garbage Collection (Allocation Stall) 522M(52%)->812M(81%)
[2026-04-03T03:20:46.185+0600][81.014s][info][gc,start    ] GC(133) Garbage Collection (Allocation Stall)
[2026-04-03T03:20:46.185+0600][81.014s][info][gc,ref      ] GC(133) Clearing All SoftReferences
[2026-04-03T03:20:46.185+0600][81.014s][info][gc,task     ] GC(133) Using 3 workers
[2026-04-03T03:20:46.186+0600][81.014s][info][gc,ref      ] GC(133) Clearing All SoftReferences
[2026-04-03T03:20:46.186+0600][81.014s][info][gc,phases   ] GC(133) Pause Mark Start 0.040ms
[2026-04-03T03:20:46.687+0600][81.516s][info][gc,phases   ] GC(133) Concurrent Mark 501.626ms
[2026-04-03T03:20:46.688+0600][81.516s][info][gc,phases   ] GC(133) Pause Mark End 0.024ms
[2026-04-03T03:20:46.688+0600][81.516s][info][gc,phases   ] GC(133) Concurrent Mark Free 0.003ms
[2026-04-03T03:20:46.696+0600][81.524s][info][gc,phases   ] GC(133) Concurrent Process Non-Strong References 8.007ms
[2026-04-03T03:20:46.696+0600][81.525s][info][gc,phases   ] GC(133) Concurrent Reset Relocation Set 0.012ms
[2026-04-03T03:20:46.702+0600][81.531s][info][gc,phases   ] GC(133) Concurrent Select Relocation Set 6.594ms
[2026-04-03T03:20:46.703+0600][81.531s][info][gc,phases   ] GC(133) Pause Relocate Start 0.025ms
[2026-04-03T03:20:46.730+0600][81.559s][info][gc          ] Relocation Stall (Executor task launch worker for task 2.0 in stage 28.0 (TID 44)) 26.943ms
[2026-04-03T03:20:46.730+0600][81.559s][info][gc          ] Relocation Stall (RemoteBlock-temp-file-clean-thread) 26.739ms
[2026-04-03T03:20:46.730+0600][81.559s][info][gc          ] Allocation Stall (RemoteBlock-temp-file-clean-thread) 166.673ms
[2026-04-03T03:20:46.730+0600][81.559s][info][gc          ] Allocation Stall (Executor task launch worker for task 2.0 in stage 28.0 (TID 44)) 395.016ms
[2026-04-03T03:20:46.730+0600][81.559s][info][gc          ] Relocation Stall (Executor task launch worker for task 0.0 in stage 28.0 (TID 42)) 26.969ms
[2026-04-03T03:20:46.730+0600][81.559s][info][gc          ] Allocation Stall (Executor task launch worker for task 0.0 in stage 28.0 (TID 42)) 393.630ms
[2026-04-03T03:20:46.731+0600][81.560s][info][gc          ] Relocation Stall (Executor task launch worker for task 1.0 in stage 28.0 (TID 43)) 28.007ms
[2026-04-03T03:20:46.731+0600][81.560s][info][gc          ] Allocation Stall (Executor task launch worker for task 1.0 in stage 28.0 (TID 43)) 341.204ms
[2026-04-03T03:20:46.738+0600][81.567s][info][gc,phases   ] GC(133) Concurrent Relocate 35.434ms
[2026-04-03T03:20:46.738+0600][81.567s][info][gc,load     ] GC(133) Load: 5.39/5.16/5.49
[2026-04-03T03:20:46.738+0600][81.567s][info][gc,mmu      ] GC(133) MMU: 2ms/92.1%, 5ms/96.8%, 10ms/98.4%, 20ms/99.2%, 50ms/99.7%, 100ms/99.8%
[2026-04-03T03:20:46.738+0600][81.567s][info][gc,marking  ] GC(133) Mark: 2 stripe(s), 2 proactive flush(es), 1 terminate flush(es), 0 completion(s), 0 continuation(s) 
[2026-04-03T03:20:46.738+0600][81.567s][info][gc,marking  ] GC(133) Mark Stack Usage: 32M
[2026-04-03T03:20:46.738+0600][81.567s][info][gc,nmethod  ] GC(133) NMethods: 7538 registered, 859 unregistered
[2026-04-03T03:20:46.738+0600][81.567s][info][gc,metaspace] GC(133) Metaspace: 71M used, 72M committed, 1088M reserved
[2026-04-03T03:20:46.738+0600][81.567s][info][gc,ref      ] GC(133) Soft: 2787 encountered, 2262 discovered, 0 enqueued
[2026-04-03T03:20:46.738+0600][81.567s][info][gc,ref      ] GC(133) Weak: 6028 encountered, 1507 discovered, 0 enqueued
[2026-04-03T03:20:46.738+0600][81.567s][info][gc,ref      ] GC(133) Final: 84 encountered, 2 discovered, 0 enqueued
[2026-04-03T03:20:46.739+0600][81.567s][info][gc,ref      ] GC(133) Phantom: 603 encountered, 311 discovered, 0 enqueued
[2026-04-03T03:20:46.739+0600][81.567s][info][gc,reloc    ] GC(133) Small Pages: 405 / 810M, Empty: 0M, Relocated: 24M, In-Place: 3
[2026-04-03T03:20:46.739+0600][81.567s][info][gc,reloc    ] GC(133) Medium Pages: 1 / 16M, Empty: 0M, Relocated: 0M, In-Place: 0
[2026-04-03T03:20:46.739+0600][81.567s][info][gc,reloc    ] GC(133) Large Pages: 5 / 40M, Empty: 0M, Relocated: 0M, In-Place: 0
[2026-04-03T03:20:46.739+0600][81.567s][info][gc,reloc    ] GC(133) Forwarding Usage: 22M
[2026-04-03T03:20:46.739+0600][81.567s][info][gc,heap     ] GC(133) Min Capacity: 8M(1%)
[2026-04-03T03:20:46.739+0600][81.567s][info][gc,heap     ] GC(133) Max Capacity: 1000M(100%)
[2026-04-03T03:20:46.739+0600][81.567s][info][gc,heap     ] GC(133) Soft Max Capacity: 1000M(100%)
[2026-04-03T03:20:46.739+0600][81.567s][info][gc,heap     ] GC(133)                Mark Start          Mark End        Relocate Start      Relocate End           High               Low         
[2026-04-03T03:20:46.739+0600][81.567s][info][gc,heap     ] GC(133)  Capacity:     1000M (100%)       1000M (100%)       1000M (100%)       1000M (100%)       1000M (100%)       1000M (100%)   
[2026-04-03T03:20:46.739+0600][81.567s][info][gc,heap     ] GC(133)      Free:      134M (13%)           0M (0%)            0M (0%)          520M (52%)         526M (53%)           0M (0%)     
[2026-04-03T03:20:46.739+0600][81.567s][info][gc,heap     ] GC(133)      Used:      866M (87%)        1000M (100%)       1000M (100%)        480M (48%)        1000M (100%)        474M (47%)    
[2026-04-03T03:20:46.739+0600][81.567s][info][gc,heap     ] GC(133)      Live:         -               300M (30%)         300M (30%)         300M (30%)            -                  -          
[2026-04-03T03:20:46.739+0600][81.567s][info][gc,heap     ] GC(133) Allocated:         -               134M (13%)         134M (13%)         147M (15%)            -                  -          
[2026-04-03T03:20:46.739+0600][81.567s][info][gc,heap     ] GC(133)   Garbage:         -               565M (57%)         565M (57%)          31M (3%)             -                  -          
[2026-04-03T03:20:46.739+0600][81.567s][info][gc,heap     ] GC(133) Reclaimed:         -                  -                 0M (0%)          533M (53%)            -                  -          
[2026-04-03T03:20:46.739+0600][81.567s][info][gc          ] GC(133) Garbage Collection (Allocation Stall) 866M(87%)->480M(48%)
[2026-04-03T03:20:46.785+0600][81.614s][info][gc,start    ] GC(134) Garbage Collection (Allocation Stall)
[2026-04-03T03:20:46.785+0600][81.614s][info][gc,ref      ] GC(134) Clearing All SoftReferences
[2026-04-03T03:20:46.785+0600][81.614s][info][gc,task     ] GC(134) Using 3 workers
[2026-04-03T03:20:46.785+0600][81.614s][info][gc,ref      ] GC(134) Clearing All SoftReferences
[2026-04-03T03:20:46.785+0600][81.614s][info][gc,phases   ] GC(134) Pause Mark Start 0.073ms
[2026-04-03T03:20:47.491+0600][82.319s][info][gc,phases   ] GC(134) Concurrent Mark 705.263ms
[2026-04-03T03:20:47.491+0600][82.320s][info][gc,phases   ] GC(134) Pause Mark End 0.032ms
[2026-04-03T03:20:47.491+0600][82.320s][info][gc,phases   ] GC(134) Concurrent Mark Free 0.003ms
[2026-04-03T03:20:47.498+0600][82.327s][info][gc,phases   ] GC(134) Concurrent Process Non-Strong References 6.747ms
[2026-04-03T03:20:47.498+0600][82.327s][info][gc,phases   ] GC(134) Concurrent Reset Relocation Set 0.020ms
[2026-04-03T03:20:47.500+0600][82.329s][info][gc          ] Allocation Stall (Executor task launch worker for task 0.0 in stage 28.0 (TID 42)) 153.476ms
[2026-04-03T03:20:47.501+0600][82.329s][info][gc          ] Allocation Stall (Executor task launch worker for task 2.0 in stage 28.0 (TID 44)) 187.550ms
[2026-04-03T03:20:47.501+0600][82.329s][info][gc          ] Allocation Stall (Executor task launch worker for task 1.0 in stage 28.0 (TID 43)) 115.789ms
[2026-04-03T03:20:47.503+0600][82.331s][info][gc,phases   ] GC(134) Concurrent Select Relocation Set 4.604ms
[2026-04-03T03:20:47.503+0600][82.332s][info][gc,phases   ] GC(134) Pause Relocate Start 0.012ms
[2026-04-03T03:20:47.519+0600][82.348s][info][gc,phases   ] GC(134) Concurrent Relocate 16.256ms
[2026-04-03T03:20:47.519+0600][82.348s][info][gc,load     ] GC(134) Load: 5.39/5.16/5.49
[2026-04-03T03:20:47.520+0600][82.348s][info][gc,mmu      ] GC(134) MMU: 2ms/92.1%, 5ms/96.8%, 10ms/98.4%, 20ms/99.2%, 50ms/99.7%, 100ms/99.8%
[2026-04-03T03:20:47.520+0600][82.348s][info][gc,marking  ] GC(134) Mark: 2 stripe(s), 2 proactive flush(es), 1 terminate flush(es), 0 completion(s), 0 continuation(s) 
[2026-04-03T03:20:47.520+0600][82.348s][info][gc,marking  ] GC(134) Mark Stack Usage: 32M
[2026-04-03T03:20:47.520+0600][82.348s][info][gc,nmethod  ] GC(134) NMethods: 7539 registered, 859 unregistered
[2026-04-03T03:20:47.520+0600][82.348s][info][gc,metaspace] GC(134) Metaspace: 71M used, 72M committed, 1088M reserved
[2026-04-03T03:20:47.520+0600][82.348s][info][gc,ref      ] GC(134) Soft: 2787 encountered, 1503 discovered, 0 enqueued
[2026-04-03T03:20:47.520+0600][82.348s][info][gc,ref      ] GC(134) Weak: 6028 encountered, 1466 discovered, 0 enqueued
[2026-04-03T03:20:47.520+0600][82.348s][info][gc,ref      ] GC(134) Final: 84 encountered, 18 discovered, 0 enqueued
[2026-04-03T03:20:47.520+0600][82.348s][info][gc,ref      ] GC(134) Phantom: 602 encountered, 345 discovered, 0 enqueued
[2026-04-03T03:20:47.520+0600][82.348s][info][gc,reloc    ] GC(134) Small Pages: 236 / 472M, Empty: 0M, Relocated: 8M, In-Place: 1
[2026-04-03T03:20:47.520+0600][82.348s][info][gc,reloc    ] GC(134) Medium Pages: 1 / 16M, Empty: 0M, Relocated: 0M, In-Place: 0
[2026-04-03T03:20:47.520+0600][82.348s][info][gc,reloc    ] GC(134) Large Pages: 6 / 58M, Empty: 10M, Relocated: 0M, In-Place: 0
[2026-04-03T03:20:47.520+0600][82.348s][info][gc,reloc    ] GC(134) Forwarding Usage: 7M
[2026-04-03T03:20:47.520+0600][82.348s][info][gc,heap     ] GC(134) Min Capacity: 8M(1%)
[2026-04-03T03:20:47.520+0600][82.348s][info][gc,heap     ] GC(134) Max Capacity: 1000M(100%)
[2026-04-03T03:20:47.520+0600][82.348s][info][gc,heap     ] GC(134) Soft Max Capacity: 1000M(100%)
[2026-04-03T03:20:47.520+0600][82.348s][info][gc,heap     ] GC(134)                Mark Start          Mark End        Relocate Start      Relocate End           High               Low         
[2026-04-03T03:20:47.520+0600][82.348s][info][gc,heap     ] GC(134)  Capacity:     1000M (100%)       1000M (100%)       1000M (100%)       1000M (100%)       1000M (100%)       1000M (100%)   
[2026-04-03T03:20:47.520+0600][82.348s][info][gc,heap     ] GC(134)      Free:      454M (45%)           0M (0%)            2M (0%)          186M (19%)         454M (45%)           0M (0%)     
[2026-04-03T03:20:47.520+0600][82.348s][info][gc,heap     ] GC(134)      Used:      546M (55%)        1000M (100%)        998M (100%)        814M (81%)        1000M (100%)        546M (55%)    
[2026-04-03T03:20:47.520+0600][82.348s][info][gc,heap     ] GC(134)      Live:         -               313M (31%)         313M (31%)         313M (31%)            -                  -          
[2026-04-03T03:20:47.520+0600][82.348s][info][gc,heap     ] GC(134) Allocated:         -               454M (45%)         462M (46%)         467M (47%)            -                  -          
[2026-04-03T03:20:47.520+0600][82.348s][info][gc,heap     ] GC(134)   Garbage:         -               232M (23%)         222M (22%)          32M (3%)             -                  -          
[2026-04-03T03:20:47.520+0600][82.348s][info][gc,heap     ] GC(134) Reclaimed:         -                  -                10M (1%)          199M (20%)            -                  -          
[2026-04-03T03:20:47.520+0600][82.348s][info][gc          ] GC(134) Garbage Collection (Allocation Stall) 546M(55%)->814M(81%)
[2026-04-03T03:20:47.585+0600][82.414s][info][gc,start    ] GC(135) Garbage Collection (Allocation Stall)
[2026-04-03T03:20:47.585+0600][82.414s][info][gc,ref      ] GC(135) Clearing All SoftReferences
[2026-04-03T03:20:47.585+0600][82.414s][info][gc,task     ] GC(135) Using 3 workers
[2026-04-03T03:20:47.586+0600][82.414s][info][gc,ref      ] GC(135) Clearing All SoftReferences
[2026-04-03T03:20:47.586+0600][82.414s][info][gc,phases   ] GC(135) Pause Mark Start 0.113ms
[2026-04-03T03:20:48.167+0600][82.996s][info][gc,phases   ] GC(135) Concurrent Mark 581.053ms
[2026-04-03T03:20:48.167+0600][82.996s][info][gc,phases   ] GC(135) Pause Mark End 0.032ms
[2026-04-03T03:20:48.167+0600][82.996s][info][gc,phases   ] GC(135) Concurrent Mark Free 0.001ms
[2026-04-03T03:20:48.174+0600][83.003s][info][gc,phases   ] GC(135) Concurrent Process Non-Strong References 6.637ms
[2026-04-03T03:20:48.174+0600][83.003s][info][gc,phases   ] GC(135) Concurrent Reset Relocation Set 0.012ms
[2026-04-03T03:20:48.177+0600][83.006s][info][gc          ] Allocation Stall (Executor task launch worker for task 0.0 in stage 28.0 (TID 42)) 337.569ms
[2026-04-03T03:20:48.177+0600][83.006s][info][gc          ] Allocation Stall (Executor task launch worker for task 2.0 in stage 28.0 (TID 44)) 287.028ms
[2026-04-03T03:20:48.177+0600][83.006s][info][gc          ] Allocation Stall (Executor task launch worker for task 1.0 in stage 28.0 (TID 43)) 235.388ms
[2026-04-03T03:20:48.182+0600][83.011s][info][gc,phases   ] GC(135) Concurrent Select Relocation Set 8.109ms
[2026-04-03T03:20:48.183+0600][83.011s][info][gc,phases   ] GC(135) Pause Relocate Start 0.016ms
[2026-04-03T03:20:48.232+0600][83.061s][info][gc,phases   ] GC(135) Concurrent Relocate 49.459ms
[2026-04-03T03:20:48.232+0600][83.061s][info][gc,load     ] GC(135) Load: 5.39/5.16/5.49
[2026-04-03T03:20:48.232+0600][83.061s][info][gc,mmu      ] GC(135) MMU: 2ms/92.1%, 5ms/96.8%, 10ms/98.4%, 20ms/99.2%, 50ms/99.7%, 100ms/99.8%
[2026-04-03T03:20:48.232+0600][83.061s][info][gc,marking  ] GC(135) Mark: 2 stripe(s), 2 proactive flush(es), 1 terminate flush(es), 0 completion(s), 0 continuation(s) 
[2026-04-03T03:20:48.232+0600][83.061s][info][gc,marking  ] GC(135) Mark Stack Usage: 32M
[2026-04-03T03:20:48.232+0600][83.061s][info][gc,nmethod  ] GC(135) NMethods: 7539 registered, 859 unregistered
[2026-04-03T03:20:48.232+0600][83.061s][info][gc,metaspace] GC(135) Metaspace: 71M used, 72M committed, 1088M reserved
[2026-04-03T03:20:48.232+0600][83.061s][info][gc,ref      ] GC(135) Soft: 2787 encountered, 347 discovered, 0 enqueued
[2026-04-03T03:20:48.232+0600][83.061s][info][gc,ref      ] GC(135) Weak: 6028 encountered, 1741 discovered, 0 enqueued
[2026-04-03T03:20:48.232+0600][83.061s][info][gc,ref      ] GC(135) Final: 84 encountered, 20 discovered, 0 enqueued
[2026-04-03T03:20:48.232+0600][83.061s][info][gc,ref      ] GC(135) Phantom: 601 encountered, 440 discovered, 0 enqueued
[2026-04-03T03:20:48.232+0600][83.061s][info][gc,reloc    ] GC(135) Small Pages: 379 / 758M, Empty: 0M, Relocated: 22M, In-Place: 0
[2026-04-03T03:20:48.232+0600][83.061s][info][gc,reloc    ] GC(135) Medium Pages: 2 / 32M, Empty: 16M, Relocated: 0M, In-Place: 0
[2026-04-03T03:20:48.232+0600][83.061s][info][gc,reloc    ] GC(135) Large Pages: 8 / 88M, Empty: 20M, Relocated: 0M, In-Place: 0
[2026-04-03T03:20:48.232+0600][83.061s][info][gc,reloc    ] GC(135) Forwarding Usage: 20M
[2026-04-03T03:20:48.232+0600][83.061s][info][gc,heap     ] GC(135) Min Capacity: 8M(1%)
[2026-04-03T03:20:48.232+0600][83.061s][info][gc,heap     ] GC(135) Max Capacity: 1000M(100%)
[2026-04-03T03:20:48.232+0600][83.061s][info][gc,heap     ] GC(135) Soft Max Capacity: 1000M(100%)
[2026-04-03T03:20:48.232+0600][83.061s][info][gc,heap     ] GC(135)                Mark Start          Mark End        Relocate Start      Relocate End           High               Low         
[2026-04-03T03:20:48.232+0600][83.061s][info][gc,heap     ] GC(135)  Capacity:     1000M (100%)       1000M (100%)       1000M (100%)       1000M (100%)       1000M (100%)       1000M (100%)   
[2026-04-03T03:20:48.232+0600][83.061s][info][gc,heap     ] GC(135)      Free:      122M (12%)           0M (0%)           18M (2%)          478M (48%)         478M (48%)           0M (0%)     
[2026-04-03T03:20:48.232+0600][83.061s][info][gc,heap     ] GC(135)      Used:      878M (88%)        1000M (100%)        982M (98%)         522M (52%)        1000M (100%)        522M (52%)    
[2026-04-03T03:20:48.233+0600][83.061s][info][gc,heap     ] GC(135)      Live:         -               346M (35%)         346M (35%)         346M (35%)            -                  -          
[2026-04-03T03:20:48.233+0600][83.061s][info][gc,heap     ] GC(135) Allocated:         -               122M (12%)         140M (14%)         140M (14%)            -                  -          
[2026-04-03T03:20:48.233+0600][83.061s][info][gc,heap     ] GC(135)   Garbage:         -               531M (53%)         495M (50%)          34M (3%)             -                  -          
[2026-04-03T03:20:48.233+0600][83.061s][info][gc,heap     ] GC(135) Reclaimed:         -                  -                36M (4%)          496M (50%)            -                  -          
[2026-04-03T03:20:48.233+0600][83.061s][info][gc          ] GC(135) Garbage Collection (Allocation Stall) 878M(88%)->522M(52%)
[2026-04-03T03:20:48.285+0600][83.114s][info][gc,start    ] GC(136) Garbage Collection (Allocation Stall)
[2026-04-03T03:20:48.285+0600][83.114s][info][gc,ref      ] GC(136) Clearing All SoftReferences
[2026-04-03T03:20:48.285+0600][83.114s][info][gc,task     ] GC(136) Using 3 workers
[2026-04-03T03:20:48.286+0600][83.114s][info][gc,ref      ] GC(136) Clearing All SoftReferences
[2026-04-03T03:20:48.286+0600][83.114s][info][gc,phases   ] GC(136) Pause Mark Start 0.073ms
[2026-04-03T03:20:48.822+0600][83.650s][info][gc,phases   ] GC(136) Concurrent Mark 535.875ms
[2026-04-03T03:20:48.822+0600][83.651s][info][gc,phases   ] GC(136) Pause Mark End 0.069ms
[2026-04-03T03:20:48.822+0600][83.651s][info][gc,phases   ] GC(136) Concurrent Mark Free 0.002ms
[2026-04-03T03:20:48.844+0600][83.673s][info][gc,phases   ] GC(136) Concurrent Process Non-Strong References 22.016ms
[2026-04-03T03:20:48.844+0600][83.673s][info][gc,phases   ] GC(136) Concurrent Reset Relocation Set 0.022ms
[2026-04-03T03:20:48.858+0600][83.687s][info][gc,phases   ] GC(136) Concurrent Select Relocation Set 13.727ms
[2026-04-03T03:20:48.858+0600][83.687s][info][gc,phases   ] GC(136) Pause Relocate Start 0.016ms
[2026-04-03T03:20:48.914+0600][83.743s][info][gc,phases   ] GC(136) Concurrent Relocate 55.459ms
[2026-04-03T03:20:48.914+0600][83.743s][info][gc,load     ] GC(136) Load: 5.39/5.16/5.49
[2026-04-03T03:20:48.914+0600][83.743s][info][gc,mmu      ] GC(136) MMU: 2ms/92.1%, 5ms/96.8%, 10ms/98.4%, 20ms/99.2%, 50ms/99.7%, 100ms/99.8%
[2026-04-03T03:20:48.914+0600][83.743s][info][gc,marking  ] GC(136) Mark: 2 stripe(s), 2 proactive flush(es), 1 terminate flush(es), 0 completion(s), 0 continuation(s) 
[2026-04-03T03:20:48.914+0600][83.743s][info][gc,marking  ] GC(136) Mark Stack Usage: 32M
[2026-04-03T03:20:48.914+0600][83.743s][info][gc,nmethod  ] GC(136) NMethods: 7546 registered, 873 unregistered
[2026-04-03T03:20:48.914+0600][83.743s][info][gc,metaspace] GC(136) Metaspace: 71M used, 72M committed, 1088M reserved
[2026-04-03T03:20:48.914+0600][83.743s][info][gc,ref      ] GC(136) Soft: 2921 encountered, 480 discovered, 24 enqueued
[2026-04-03T03:20:48.914+0600][83.743s][info][gc,ref      ] GC(136) Weak: 6000 encountered, 1354 discovered, 31 enqueued
[2026-04-03T03:20:48.914+0600][83.743s][info][gc,ref      ] GC(136) Final: 84 encountered, 2 discovered, 0 enqueued
[2026-04-03T03:20:48.914+0600][83.743s][info][gc,ref      ] GC(136) Phantom: 600 encountered, 553 discovered, 0 enqueued
[2026-04-03T03:20:48.914+0600][83.743s][info][gc,reloc    ] GC(136) Small Pages: 211 / 422M, Empty: 20M, Relocated: 45M, In-Place: 0
[2026-04-03T03:20:48.914+0600][83.743s][info][gc,reloc    ] GC(136) Medium Pages: 2 / 32M, Empty: 0M, Relocated: 9M, In-Place: 0
[2026-04-03T03:20:48.914+0600][83.743s][info][gc,reloc    ] GC(136) Large Pages: 7 / 72M, Empty: 32M, Relocated: 0M, In-Place: 0
[2026-04-03T03:20:48.914+0600][83.743s][info][gc,reloc    ] GC(136) Forwarding Usage: 42M
[2026-04-03T03:20:48.914+0600][83.743s][info][gc,heap     ] GC(136) Min Capacity: 8M(1%)
[2026-04-03T03:20:48.914+0600][83.743s][info][gc,heap     ] GC(136) Max Capacity: 1000M(100%)
[2026-04-03T03:20:48.914+0600][83.743s][info][gc,heap     ] GC(136) Soft Max Capacity: 1000M(100%)
[2026-04-03T03:20:48.914+0600][83.743s][info][gc,heap     ] GC(136)                Mark Start          Mark End        Relocate Start      Relocate End           High               Low         
[2026-04-03T03:20:48.914+0600][83.743s][info][gc,heap     ] GC(136)  Capacity:     1000M (100%)       1000M (100%)       1000M (100%)       1000M (100%)       1000M (100%)       1000M (100%)   
[2026-04-03T03:20:48.914+0600][83.743s][info][gc,heap     ] GC(136)      Free:      474M (47%)         408M (41%)         452M (45%)         638M (64%)         638M (64%)         402M (40%)    
[2026-04-03T03:20:48.914+0600][83.743s][info][gc,heap     ] GC(136)      Used:      526M (53%)         592M (59%)         548M (55%)         362M (36%)         598M (60%)         362M (36%)    
[2026-04-03T03:20:48.914+0600][83.743s][info][gc,heap     ] GC(136)      Live:         -               261M (26%)         261M (26%)         261M (26%)            -                  -          
[2026-04-03T03:20:48.914+0600][83.743s][info][gc,heap     ] GC(136) Allocated:         -                66M (7%)           74M (7%)           76M (8%)             -                  -          
[2026-04-03T03:20:48.914+0600][83.743s][info][gc,heap     ] GC(136)   Garbage:         -               264M (26%)         212M (21%)          23M (2%)             -                  -          
[2026-04-03T03:20:48.914+0600][83.743s][info][gc,heap     ] GC(136) Reclaimed:         -                  -                52M (5%)          240M (24%)            -                  -          
[2026-04-03T03:20:48.914+0600][83.743s][info][gc          ] GC(136) Garbage Collection (Allocation Stall) 526M(53%)->362M(36%)
[2026-04-03T03:20:48.986+0600][83.814s][info][gc,start    ] GC(137) Garbage Collection (Allocation Rate)
[2026-04-03T03:20:48.986+0600][83.814s][info][gc,task     ] GC(137) Using 3 workers
[2026-04-03T03:20:48.986+0600][83.814s][info][gc,phases   ] GC(137) Pause Mark Start 0.008ms
[2026-04-03T03:20:49.244+0600][84.073s][info][gc,phases   ] GC(137) Concurrent Mark 258.268ms
[2026-04-03T03:20:49.244+0600][84.073s][info][gc,phases   ] GC(137) Pause Mark End 0.048ms
[2026-04-03T03:20:49.245+0600][84.073s][info][gc,phases   ] GC(137) Concurrent Mark Free 0.002ms
[2026-04-03T03:20:49.256+0600][84.085s][info][gc,phases   ] GC(137) Concurrent Process Non-Strong References 11.490ms
[2026-04-03T03:20:49.256+0600][84.085s][info][gc,phases   ] GC(137) Concurrent Reset Relocation Set 0.032ms
[2026-04-03T03:20:49.268+0600][84.097s][info][gc,phases   ] GC(137) Concurrent Select Relocation Set 11.858ms
[2026-04-03T03:20:49.269+0600][84.097s][info][gc,phases   ] GC(137) Pause Relocate Start 0.018ms
[2026-04-03T03:20:49.272+0600][84.101s][info][gc,phases   ] GC(137) Concurrent Relocate 3.411ms
[2026-04-03T03:20:49.272+0600][84.101s][info][gc,load     ] GC(137) Load: 5.39/5.16/5.49
[2026-04-03T03:20:49.272+0600][84.101s][info][gc,mmu      ] GC(137) MMU: 2ms/92.1%, 5ms/96.8%, 10ms/98.4%, 20ms/99.2%, 50ms/99.7%, 100ms/99.8%
[2026-04-03T03:20:49.272+0600][84.101s][info][gc,marking  ] GC(137) Mark: 2 stripe(s), 2 proactive flush(es), 1 terminate flush(es), 0 completion(s), 0 continuation(s) 
[2026-04-03T03:20:49.272+0600][84.101s][info][gc,marking  ] GC(137) Mark Stack Usage: 32M
[2026-04-03T03:20:49.272+0600][84.101s][info][gc,nmethod  ] GC(137) NMethods: 7587 registered, 875 unregistered
[2026-04-03T03:20:49.272+0600][84.101s][info][gc,metaspace] GC(137) Metaspace: 71M used, 72M committed, 1088M reserved
[2026-04-03T03:20:49.272+0600][84.101s][info][gc,ref      ] GC(137) Soft: 2954 encountered, 0 discovered, 0 enqueued
[2026-04-03T03:20:49.272+0600][84.101s][info][gc,ref      ] GC(137) Weak: 6238 encountered, 2843 discovered, 20 enqueued
[2026-04-03T03:20:49.272+0600][84.101s][info][gc,ref      ] GC(137) Final: 84 encountered, 2 discovered, 0 enqueued
[2026-04-03T03:20:49.272+0600][84.101s][info][gc,ref      ] GC(137) Phantom: 600 encountered, 450 discovered, 0 enqueued
[2026-04-03T03:20:49.272+0600][84.101s][info][gc,reloc    ] GC(137) Small Pages: 139 / 278M, Empty: 58M, Relocated: 3M, In-Place: 0
[2026-04-03T03:20:49.272+0600][84.101s][info][gc,reloc    ] GC(137) Medium Pages: 2 / 32M, Empty: 16M, Relocated: 0M, In-Place: 0
[2026-04-03T03:20:49.272+0600][84.101s][info][gc,reloc    ] GC(137) Large Pages: 7 / 56M, Empty: 52M, Relocated: 0M, In-Place: 0
[2026-04-03T03:20:49.272+0600][84.101s][info][gc,reloc    ] GC(137) Forwarding Usage: 1M
[2026-04-03T03:20:49.272+0600][84.101s][info][gc,heap     ] GC(137) Min Capacity: 8M(1%)
[2026-04-03T03:20:49.272+0600][84.101s][info][gc,heap     ] GC(137) Max Capacity: 1000M(100%)
[2026-04-03T03:20:49.272+0600][84.101s][info][gc,heap     ] GC(137) Soft Max Capacity: 1000M(100%)
[2026-04-03T03:20:49.272+0600][84.101s][info][gc,heap     ] GC(137)                Mark Start          Mark End        Relocate Start      Relocate End           High               Low         
[2026-04-03T03:20:49.272+0600][84.101s][info][gc,heap     ] GC(137)  Capacity:     1000M (100%)       1000M (100%)       1000M (100%)       1000M (100%)       1000M (100%)       1000M (100%)   
[2026-04-03T03:20:49.272+0600][84.101s][info][gc,heap     ] GC(137)      Free:      634M (63%)         464M (46%)         584M (58%)         634M (63%)         636M (64%)         458M (46%)    
[2026-04-03T03:20:49.272+0600][84.101s][info][gc,heap     ] GC(137)      Used:      366M (37%)         536M (54%)         416M (42%)         366M (37%)         542M (54%)         364M (36%)    
[2026-04-03T03:20:49.272+0600][84.101s][info][gc,heap     ] GC(137)      Live:         -               170M (17%)         170M (17%)         170M (17%)            -                  -          
[2026-04-03T03:20:49.272+0600][84.101s][info][gc,heap     ] GC(137) Allocated:         -               170M (17%)         176M (18%)         177M (18%)            -                  -          
[2026-04-03T03:20:49.272+0600][84.101s][info][gc,heap     ] GC(137)   Garbage:         -               195M (20%)          69M (7%)           17M (2%)             -                  -          
[2026-04-03T03:20:49.272+0600][84.101s][info][gc,heap     ] GC(137) Reclaimed:         -                  -               126M (13%)         177M (18%)            -                  -          
[2026-04-03T03:20:49.272+0600][84.101s][info][gc          ] GC(137) Garbage Collection (Allocation Rate) 366M(37%)->366M(37%)
[2026-04-03T03:20:49.385+0600][84.214s][info][gc,start    ] GC(138) Garbage Collection (Allocation Rate)
[2026-04-03T03:20:49.385+0600][84.214s][info][gc,task     ] GC(138) Using 3 workers
[2026-04-03T03:20:49.386+0600][84.214s][info][gc,phases   ] GC(138) Pause Mark Start 0.014ms
[2026-04-03T03:20:49.806+0600][84.635s][info][gc,phases   ] GC(138) Concurrent Mark 420.536ms
[2026-04-03T03:20:49.807+0600][84.636s][info][gc,phases   ] GC(138) Pause Mark End 0.049ms
[2026-04-03T03:20:49.807+0600][84.636s][info][gc,phases   ] GC(138) Concurrent Mark Free 0.002ms
[2026-04-03T03:20:49.835+0600][84.663s][info][gc,phases   ] GC(138) Concurrent Process Non-Strong References 27.474ms
[2026-04-03T03:20:49.835+0600][84.663s][info][gc,phases   ] GC(138) Concurrent Reset Relocation Set 0.006ms
[2026-04-03T03:20:49.852+0600][84.681s][info][gc,phases   ] GC(138) Concurrent Select Relocation Set 17.753ms
[2026-04-03T03:20:49.853+0600][84.682s][info][gc,phases   ] GC(138) Pause Relocate Start 0.022ms
[2026-04-03T03:20:49.905+0600][84.734s][info][gc,phases   ] GC(138) Concurrent Relocate 51.668ms
[2026-04-03T03:20:49.905+0600][84.734s][info][gc,load     ] GC(138) Load: 5.39/5.16/5.49
[2026-04-03T03:20:49.905+0600][84.734s][info][gc,mmu      ] GC(138) MMU: 2ms/92.1%, 5ms/96.8%, 10ms/98.4%, 20ms/99.2%, 50ms/99.7%, 100ms/99.8%
[2026-04-03T03:20:49.905+0600][84.734s][info][gc,marking  ] GC(138) Mark: 2 stripe(s), 10 proactive flush(es), 1 terminate flush(es), 0 completion(s), 0 continuation(s) 
[2026-04-03T03:20:49.905+0600][84.734s][info][gc,marking  ] GC(138) Mark Stack Usage: 32M
[2026-04-03T03:20:49.905+0600][84.734s][info][gc,nmethod  ] GC(138) NMethods: 7662 registered, 880 unregistered
[2026-04-03T03:20:49.905+0600][84.734s][info][gc,metaspace] GC(138) Metaspace: 71M used, 72M committed, 1088M reserved
[2026-04-03T03:20:49.905+0600][84.734s][info][gc,ref      ] GC(138) Soft: 3177 encountered, 0 discovered, 0 enqueued
[2026-04-03T03:20:49.905+0600][84.734s][info][gc,ref      ] GC(138) Weak: 6580 encountered, 2626 discovered, 60 enqueued
[2026-04-03T03:20:49.905+0600][84.734s][info][gc,ref      ] GC(138) Final: 84 encountered, 18 discovered, 0 enqueued
[2026-04-03T03:20:49.905+0600][84.734s][info][gc,ref      ] GC(138) Phantom: 603 encountered, 393 discovered, 0 enqueued
[2026-04-03T03:20:49.905+0600][84.734s][info][gc,reloc    ] GC(138) Small Pages: 167 / 334M, Empty: 0M, Relocated: 26M, In-Place: 0
[2026-04-03T03:20:49.905+0600][84.734s][info][gc,reloc    ] GC(138) Medium Pages: 2 / 32M, Empty: 16M, Relocated: 0M, In-Place: 0
[2026-04-03T03:20:49.905+0600][84.734s][info][gc,reloc    ] GC(138) Large Pages: 11 / 70M, Empty: 36M, Relocated: 0M, In-Place: 0
[2026-04-03T03:20:49.905+0600][84.734s][info][gc,reloc    ] GC(138) Forwarding Usage: 25M
[2026-04-03T03:20:49.905+0600][84.734s][info][gc,heap     ] GC(138) Min Capacity: 8M(1%)
[2026-04-03T03:20:49.905+0600][84.734s][info][gc,heap     ] GC(138) Max Capacity: 1000M(100%)
[2026-04-03T03:20:49.905+0600][84.734s][info][gc,heap     ] GC(138) Soft Max Capacity: 1000M(100%)
[2026-04-03T03:20:49.905+0600][84.734s][info][gc,heap     ] GC(138)                Mark Start          Mark End        Relocate Start      Relocate End           High               Low         
[2026-04-03T03:20:49.905+0600][84.734s][info][gc,heap     ] GC(138)  Capacity:     1000M (100%)       1000M (100%)       1000M (100%)       1000M (100%)       1000M (100%)       1000M (100%)   
[2026-04-03T03:20:49.905+0600][84.734s][info][gc,heap     ] GC(138)      Free:      564M (56%)         298M (30%)         336M (34%)         466M (47%)         564M (56%)         290M (29%)    
[2026-04-03T03:20:49.905+0600][84.734s][info][gc,heap     ] GC(138)      Used:      436M (44%)         702M (70%)         664M (66%)         534M (53%)         710M (71%)         436M (44%)    
[2026-04-03T03:20:49.905+0600][84.734s][info][gc,heap     ] GC(138)      Live:         -               223M (22%)         223M (22%)         223M (22%)            -                  -          
[2026-04-03T03:20:49.905+0600][84.734s][info][gc,heap     ] GC(138) Allocated:         -               266M (27%)         280M (28%)         293M (29%)            -                  -          
[2026-04-03T03:20:49.905+0600][84.734s][info][gc,heap     ] GC(138)   Garbage:         -               212M (21%)         160M (16%)          16M (2%)             -                  -          
[2026-04-03T03:20:49.905+0600][84.734s][info][gc,heap     ] GC(138) Reclaimed:         -                  -                52M (5%)          195M (20%)            -                  -          
[2026-04-03T03:20:49.905+0600][84.734s][info][gc          ] GC(138) Garbage Collection (Allocation Rate) 436M(44%)->534M(53%)
[2026-04-03T03:20:49.985+0600][84.814s][info][gc,start    ] GC(139) Garbage Collection (Allocation Rate)
[2026-04-03T03:20:49.985+0600][84.814s][info][gc,task     ] GC(139) Using 3 workers
[2026-04-03T03:20:49.985+0600][84.814s][info][gc,phases   ] GC(139) Pause Mark Start 0.017ms
[2026-04-03T03:20:50.421+0600][85.250s][info][gc,phases   ] GC(139) Concurrent Mark 435.223ms
[2026-04-03T03:20:50.422+0600][85.250s][info][gc,phases   ] GC(139) Pause Mark End 0.055ms
[2026-04-03T03:20:50.422+0600][85.250s][info][gc,phases   ] GC(139) Concurrent Mark Free 0.004ms
[2026-04-03T03:20:50.452+0600][85.281s][info][gc,phases   ] GC(139) Concurrent Process Non-Strong References 30.526ms
[2026-04-03T03:20:50.452+0600][85.281s][info][gc,phases   ] GC(139) Concurrent Reset Relocation Set 0.014ms
[2026-04-03T03:20:50.461+0600][85.289s][info][gc,phases   ] GC(139) Concurrent Select Relocation Set 8.094ms
[2026-04-03T03:20:50.461+0600][85.290s][info][gc,phases   ] GC(139) Pause Relocate Start 0.019ms
[2026-04-03T03:20:50.513+0600][85.342s][info][gc,phases   ] GC(139) Concurrent Relocate 51.979ms
[2026-04-03T03:20:50.513+0600][85.342s][info][gc,load     ] GC(139) Load: 5.36/5.16/5.49
[2026-04-03T03:20:50.513+0600][85.342s][info][gc,mmu      ] GC(139) MMU: 2ms/92.1%, 5ms/96.8%, 10ms/98.4%, 20ms/99.2%, 50ms/99.7%, 100ms/99.8%
[2026-04-03T03:20:50.513+0600][85.342s][info][gc,marking  ] GC(139) Mark: 2 stripe(s), 2 proactive flush(es), 1 terminate flush(es), 0 completion(s), 0 continuation(s) 
[2026-04-03T03:20:50.513+0600][85.342s][info][gc,marking  ] GC(139) Mark Stack Usage: 32M
[2026-04-03T03:20:50.513+0600][85.342s][info][gc,nmethod  ] GC(139) NMethods: 7744 registered, 887 unregistered
[2026-04-03T03:20:50.513+0600][85.342s][info][gc,metaspace] GC(139) Metaspace: 71M used, 72M committed, 1088M reserved
[2026-04-03T03:20:50.513+0600][85.342s][info][gc,ref      ] GC(139) Soft: 3229 encountered, 0 discovered, 0 enqueued
[2026-04-03T03:20:50.513+0600][85.342s][info][gc,ref      ] GC(139) Weak: 6647 encountered, 1931 discovered, 226 enqueued
[2026-04-03T03:20:50.513+0600][85.342s][info][gc,ref      ] GC(139) Final: 84 encountered, 2 discovered, 0 enqueued
[2026-04-03T03:20:50.513+0600][85.342s][info][gc,ref      ] GC(139) Phantom: 603 encountered, 466 discovered, 0 enqueued
[2026-04-03T03:20:50.513+0600][85.342s][info][gc,reloc    ] GC(139) Small Pages: 229 / 458M, Empty: 102M, Relocated: 26M, In-Place: 0
[2026-04-03T03:20:50.513+0600][85.342s][info][gc,reloc    ] GC(139) Medium Pages: 2 / 32M, Empty: 16M, Relocated: 0M, In-Place: 0
[2026-04-03T03:20:50.513+0600][85.342s][info][gc,reloc    ] GC(139) Large Pages: 14 / 100M, Empty: 66M, Relocated: 0M, In-Place: 0
[2026-04-03T03:20:50.513+0600][85.342s][info][gc,reloc    ] GC(139) Forwarding Usage: 26M
[2026-04-03T03:20:50.513+0600][85.342s][info][gc,heap     ] GC(139) Min Capacity: 8M(1%)
[2026-04-03T03:20:50.513+0600][85.342s][info][gc,heap     ] GC(139) Max Capacity: 1000M(100%)
[2026-04-03T03:20:50.513+0600][85.342s][info][gc,heap     ] GC(139) Soft Max Capacity: 1000M(100%)
[2026-04-03T03:20:50.513+0600][85.342s][info][gc,heap     ] GC(139)                Mark Start          Mark End        Relocate Start      Relocate End           High               Low         
[2026-04-03T03:20:50.513+0600][85.342s][info][gc,heap     ] GC(139)  Capacity:     1000M (100%)       1000M (100%)       1000M (100%)       1000M (100%)       1000M (100%)       1000M (100%)   
[2026-04-03T03:20:50.513+0600][85.342s][info][gc,heap     ] GC(139)      Free:      410M (41%)         120M (12%)         296M (30%)         448M (45%)         448M (45%)         112M (11%)    
[2026-04-03T03:20:50.513+0600][85.342s][info][gc,heap     ] GC(139)      Used:      590M (59%)         880M (88%)         704M (70%)         552M (55%)         888M (89%)         552M (55%)    
[2026-04-03T03:20:50.513+0600][85.342s][info][gc,heap     ] GC(139)      Live:         -               223M (22%)         223M (22%)         223M (22%)            -                  -          
[2026-04-03T03:20:50.513+0600][85.342s][info][gc,heap     ] GC(139) Allocated:         -               290M (29%)         298M (30%)         311M (31%)            -                  -          
[2026-04-03T03:20:50.513+0600][85.342s][info][gc,heap     ] GC(139)   Garbage:         -               366M (37%)         182M (18%)          16M (2%)             -                  -          
[2026-04-03T03:20:50.513+0600][85.342s][info][gc,heap     ] GC(139) Reclaimed:         -                  -               184M (18%)         349M (35%)            -                  -          
[2026-04-03T03:20:50.513+0600][85.342s][info][gc          ] GC(139) Garbage Collection (Allocation Rate) 590M(59%)->552M(55%)
[2026-04-03T03:20:50.585+0600][85.414s][info][gc,start    ] GC(140) Garbage Collection (Allocation Rate)
[2026-04-03T03:20:50.585+0600][85.414s][info][gc,task     ] GC(140) Using 3 workers
[2026-04-03T03:20:50.585+0600][85.414s][info][gc,phases   ] GC(140) Pause Mark Start 0.014ms
[2026-04-03T03:20:51.015+0600][85.843s][info][gc,phases   ] GC(140) Concurrent Mark 429.162ms
[2026-04-03T03:20:51.015+0600][85.844s][info][gc,phases   ] GC(140) Pause Mark End 0.032ms
[2026-04-03T03:20:51.015+0600][85.844s][info][gc,phases   ] GC(140) Concurrent Mark Free 0.005ms
[2026-04-03T03:20:51.026+0600][85.855s][info][gc,phases   ] GC(140) Concurrent Process Non-Strong References 11.314ms
[2026-04-03T03:20:51.026+0600][85.855s][info][gc,phases   ] GC(140) Concurrent Reset Relocation Set 0.028ms
[2026-04-03T03:20:51.033+0600][85.862s][info][gc,phases   ] GC(140) Concurrent Select Relocation Set 6.827ms
[2026-04-03T03:20:51.034+0600][85.862s][info][gc,phases   ] GC(140) Pause Relocate Start 0.020ms
[2026-04-03T03:20:51.078+0600][85.906s][info][gc,phases   ] GC(140) Concurrent Relocate 43.614ms
[2026-04-03T03:20:51.078+0600][85.906s][info][gc,load     ] GC(140) Load: 5.36/5.16/5.49
[2026-04-03T03:20:51.078+0600][85.906s][info][gc,mmu      ] GC(140) MMU: 2ms/92.1%, 5ms/96.8%, 10ms/98.4%, 20ms/99.2%, 50ms/99.7%, 100ms/99.8%
[2026-04-03T03:20:51.078+0600][85.906s][info][gc,marking  ] GC(140) Mark: 2 stripe(s), 2 proactive flush(es), 1 terminate flush(es), 0 completion(s), 0 continuation(s) 
[2026-04-03T03:20:51.078+0600][85.906s][info][gc,marking  ] GC(140) Mark Stack Usage: 32M
[2026-04-03T03:20:51.078+0600][85.906s][info][gc,nmethod  ] GC(140) NMethods: 7742 registered, 899 unregistered
[2026-04-03T03:20:51.078+0600][85.906s][info][gc,metaspace] GC(140) Metaspace: 71M used, 72M committed, 1088M reserved
[2026-04-03T03:20:51.078+0600][85.906s][info][gc,ref      ] GC(140) Soft: 3252 encountered, 0 discovered, 0 enqueued
[2026-04-03T03:20:51.078+0600][85.906s][info][gc,ref      ] GC(140) Weak: 6584 encountered, 2210 discovered, 243 enqueued
[2026-04-03T03:20:51.078+0600][85.906s][info][gc,ref      ] GC(140) Final: 84 encountered, 2 discovered, 0 enqueued
[2026-04-03T03:20:51.078+0600][85.906s][info][gc,ref      ] GC(140) Phantom: 603 encountered, 408 discovered, 0 enqueued
[2026-04-03T03:20:51.078+0600][85.906s][info][gc,reloc    ] GC(140) Small Pages: 237 / 474M, Empty: 126M, Relocated: 26M, In-Place: 0
[2026-04-03T03:20:51.078+0600][85.906s][info][gc,reloc    ] GC(140) Medium Pages: 2 / 32M, Empty: 16M, Relocated: 0M, In-Place: 0
[2026-04-03T03:20:51.078+0600][85.906s][info][gc,reloc    ] GC(140) Large Pages: 14 / 100M, Empty: 60M, Relocated: 0M, In-Place: 0
[2026-04-03T03:20:51.078+0600][85.906s][info][gc,reloc    ] GC(140) Forwarding Usage: 26M
[2026-04-03T03:20:51.078+0600][85.906s][info][gc,heap     ] GC(140) Min Capacity: 8M(1%)
[2026-04-03T03:20:51.078+0600][85.906s][info][gc,heap     ] GC(140) Max Capacity: 1000M(100%)
[2026-04-03T03:20:51.078+0600][85.906s][info][gc,heap     ] GC(140) Soft Max Capacity: 1000M(100%)
[2026-04-03T03:20:51.078+0600][85.906s][info][gc,heap     ] GC(140)                Mark Start          Mark End        Relocate Start      Relocate End           High               Low         
[2026-04-03T03:20:51.078+0600][85.907s][info][gc,heap     ] GC(140)  Capacity:     1000M (100%)       1000M (100%)       1000M (100%)       1000M (100%)       1000M (100%)       1000M (100%)   
[2026-04-03T03:20:51.078+0600][85.907s][info][gc,heap     ] GC(140)      Free:      394M (39%)         258M (26%)         446M (45%)         592M (59%)         592M (59%)         256M (26%)    
[2026-04-03T03:20:51.078+0600][85.907s][info][gc,heap     ] GC(140)      Used:      606M (61%)         742M (74%)         554M (55%)         408M (41%)         744M (74%)         408M (41%)    
[2026-04-03T03:20:51.078+0600][85.907s][info][gc,heap     ] GC(140)      Live:         -               229M (23%)         229M (23%)         229M (23%)            -                  -          
[2026-04-03T03:20:51.078+0600][85.907s][info][gc,heap     ] GC(140) Allocated:         -               136M (14%)         150M (15%)         161M (16%)            -                  -          
[2026-04-03T03:20:51.078+0600][85.907s][info][gc,heap     ] GC(140)   Garbage:         -               376M (38%)         174M (17%)          16M (2%)             -                  -          
[2026-04-03T03:20:51.078+0600][85.907s][info][gc,heap     ] GC(140) Reclaimed:         -                  -               202M (20%)         359M (36%)            -                  -          
[2026-04-03T03:20:51.078+0600][85.907s][info][gc          ] GC(140) Garbage Collection (Allocation Rate) 606M(61%)->408M(41%)
[2026-04-03T03:20:51.085+0600][85.913s][info][gc,start    ] GC(141) Garbage Collection (Allocation Rate)
[2026-04-03T03:20:51.085+0600][85.913s][info][gc,task     ] GC(141) Using 3 workers
[2026-04-03T03:20:51.085+0600][85.914s][info][gc,phases   ] GC(141) Pause Mark Start 0.013ms
[2026-04-03T03:20:51.527+0600][86.355s][info][gc,phases   ] GC(141) Concurrent Mark 441.363ms
[2026-04-03T03:20:51.527+0600][86.356s][info][gc,phases   ] GC(141) Pause Mark End 0.058ms
[2026-04-03T03:20:51.527+0600][86.356s][info][gc,phases   ] GC(141) Concurrent Mark Free 0.003ms
[2026-04-03T03:20:51.550+0600][86.379s][info][gc,phases   ] GC(141) Concurrent Process Non-Strong References 22.865ms
[2026-04-03T03:20:51.550+0600][86.379s][info][gc,phases   ] GC(141) Concurrent Reset Relocation Set 0.016ms
[2026-04-03T03:20:51.557+0600][86.385s][info][gc,phases   ] GC(141) Concurrent Select Relocation Set 6.440ms
[2026-04-03T03:20:51.557+0600][86.386s][info][gc,phases   ] GC(141) Pause Relocate Start 0.016ms
[2026-04-03T03:20:51.573+0600][86.402s][info][gc,phases   ] GC(141) Concurrent Relocate 16.033ms
[2026-04-03T03:20:51.573+0600][86.402s][info][gc,load     ] GC(141) Load: 5.36/5.16/5.49
[2026-04-03T03:20:51.573+0600][86.402s][info][gc,mmu      ] GC(141) MMU: 2ms/92.1%, 5ms/96.8%, 10ms/98.4%, 20ms/99.2%, 50ms/99.7%, 100ms/99.8%
[2026-04-03T03:20:51.573+0600][86.402s][info][gc,marking  ] GC(141) Mark: 2 stripe(s), 2 proactive flush(es), 1 terminate flush(es), 0 completion(s), 0 continuation(s) 
[2026-04-03T03:20:51.573+0600][86.402s][info][gc,marking  ] GC(141) Mark Stack Usage: 32M
[2026-04-03T03:20:51.573+0600][86.402s][info][gc,nmethod  ] GC(141) NMethods: 7805 registered, 900 unregistered
[2026-04-03T03:20:51.573+0600][86.402s][info][gc,metaspace] GC(141) Metaspace: 71M used, 72M committed, 1088M reserved
[2026-04-03T03:20:51.573+0600][86.402s][info][gc,ref      ] GC(141) Soft: 3259 encountered, 0 discovered, 0 enqueued
[2026-04-03T03:20:51.573+0600][86.402s][info][gc,ref      ] GC(141) Weak: 6354 encountered, 1812 discovered, 4 enqueued
[2026-04-03T03:20:51.573+0600][86.402s][info][gc,ref      ] GC(141) Final: 84 encountered, 18 discovered, 0 enqueued
[2026-04-03T03:20:51.574+0600][86.402s][info][gc,ref      ] GC(141) Phantom: 608 encountered, 451 discovered, 0 enqueued
[2026-04-03T03:20:51.574+0600][86.402s][info][gc,reloc    ] GC(141) Small Pages: 177 / 354M, Empty: 92M, Relocated: 10M, In-Place: 0
[2026-04-03T03:20:51.574+0600][86.402s][info][gc,reloc    ] GC(141) Medium Pages: 1 / 16M, Empty: 0M, Relocated: 0M, In-Place: 0
[2026-04-03T03:20:51.574+0600][86.402s][info][gc,reloc    ] GC(141) Large Pages: 5 / 40M, Empty: 6M, Relocated: 0M, In-Place: 0
[2026-04-03T03:20:51.574+0600][86.402s][info][gc,reloc    ] GC(141) Forwarding Usage: 7M
[2026-04-03T03:20:51.574+0600][86.402s][info][gc,heap     ] GC(141) Min Capacity: 8M(1%)
[2026-04-03T03:20:51.574+0600][86.402s][info][gc,heap     ] GC(141) Max Capacity: 1000M(100%)
[2026-04-03T03:20:51.574+0600][86.402s][info][gc,heap     ] GC(141) Soft Max Capacity: 1000M(100%)
[2026-04-03T03:20:51.574+0600][86.402s][info][gc,heap     ] GC(141)                Mark Start          Mark End        Relocate Start      Relocate End           High               Low         
[2026-04-03T03:20:51.574+0600][86.402s][info][gc,heap     ] GC(141)  Capacity:     1000M (100%)       1000M (100%)       1000M (100%)       1000M (100%)       1000M (100%)       1000M (100%)   
[2026-04-03T03:20:51.574+0600][86.402s][info][gc,heap     ] GC(141)      Free:      590M (59%)          88M (9%)          156M (16%)         192M (19%)         590M (59%)          60M (6%)     
[2026-04-03T03:20:51.574+0600][86.402s][info][gc,heap     ] GC(141)      Used:      410M (41%)         912M (91%)         844M (84%)         808M (81%)         940M (94%)         410M (41%)    
[2026-04-03T03:20:51.574+0600][86.402s][info][gc,heap     ] GC(141)      Live:         -               225M (23%)         225M (23%)         225M (23%)            -                  -          
[2026-04-03T03:20:51.574+0600][86.402s][info][gc,heap     ] GC(141) Allocated:         -               502M (50%)         532M (53%)         561M (56%)            -                  -          
[2026-04-03T03:20:51.574+0600][86.402s][info][gc,heap     ] GC(141)   Garbage:         -               184M (18%)          86M (9%)           20M (2%)             -                  -          
[2026-04-03T03:20:51.574+0600][86.402s][info][gc,heap     ] GC(141) Reclaimed:         -                  -                98M (10%)         163M (16%)            -                  -          
[2026-04-03T03:20:51.574+0600][86.402s][info][gc          ] GC(141) Garbage Collection (Allocation Rate) 410M(41%)->808M(81%)
[2026-04-03T03:20:51.585+0600][86.414s][info][gc,start    ] GC(142) Garbage Collection (Allocation Rate)
[2026-04-03T03:20:51.586+0600][86.414s][info][gc,task     ] GC(142) Using 3 workers
[2026-04-03T03:20:51.588+0600][86.417s][info][gc,phases   ] GC(142) Pause Mark Start 0.011ms
[2026-04-03T03:20:51.966+0600][86.795s][info][gc,phases   ] GC(142) Concurrent Mark 378.229ms
[2026-04-03T03:20:51.967+0600][86.795s][info][gc,phases   ] GC(142) Pause Mark End 0.030ms
[2026-04-03T03:20:51.967+0600][86.795s][info][gc,phases   ] GC(142) Concurrent Mark Free 0.002ms
[2026-04-03T03:20:51.976+0600][86.805s][info][gc,phases   ] GC(142) Concurrent Process Non-Strong References 9.429ms
[2026-04-03T03:20:51.976+0600][86.805s][info][gc,phases   ] GC(142) Concurrent Reset Relocation Set 0.005ms
[2026-04-03T03:20:51.979+0600][86.808s][info][gc          ] Allocation Stall (Executor task launch worker for task 0.0 in stage 38.0 (TID 54)) 275.959ms
[2026-04-03T03:20:51.979+0600][86.808s][info][gc          ] Allocation Stall (dispatcher-BlockManagerMaster) 2.525ms
[2026-04-03T03:20:51.979+0600][86.808s][info][gc          ] Allocation Stall (Executor task launch worker for task 2.0 in stage 38.0 (TID 56)) 138.954ms
[2026-04-03T03:20:51.979+0600][86.808s][info][gc          ] Allocation Stall (executor-heartbeater) 61.143ms
[2026-04-03T03:20:51.979+0600][86.808s][info][gc          ] Allocation Stall (RemoteBlock-temp-file-clean-thread) 247.763ms
[2026-04-03T03:20:51.979+0600][86.808s][info][gc          ] Allocation Stall (netty-rpc-env-timeout) 2.391ms
[2026-04-03T03:20:51.979+0600][86.808s][info][gc          ] Allocation Stall (Executor task launch worker for task 1.0 in stage 38.0 (TID 55)) 86.768ms
[2026-04-03T03:20:52.000+0600][86.829s][info][gc,phases   ] GC(142) Concurrent Select Relocation Set 23.678ms
[2026-04-03T03:20:52.000+0600][86.829s][info][gc,phases   ] GC(142) Pause Relocate Start 0.016ms
[2026-04-03T03:20:52.113+0600][86.942s][info][gc,phases   ] GC(142) Concurrent Relocate 112.614ms
[2026-04-03T03:20:52.113+0600][86.942s][info][gc,load     ] GC(142) Load: 5.36/5.16/5.49
[2026-04-03T03:20:52.113+0600][86.942s][info][gc,mmu      ] GC(142) MMU: 2ms/92.1%, 5ms/96.8%, 10ms/98.4%, 20ms/99.2%, 50ms/99.7%, 100ms/99.8%
[2026-04-03T03:20:52.113+0600][86.942s][info][gc,marking  ] GC(142) Mark: 2 stripe(s), 2 proactive flush(es), 1 terminate flush(es), 0 completion(s), 0 continuation(s) 
[2026-04-03T03:20:52.113+0600][86.942s][info][gc,marking  ] GC(142) Mark Stack Usage: 32M
[2026-04-03T03:20:52.113+0600][86.942s][info][gc,nmethod  ] GC(142) NMethods: 7803 registered, 909 unregistered
[2026-04-03T03:20:52.113+0600][86.942s][info][gc,metaspace] GC(142) Metaspace: 71M used, 72M committed, 1088M reserved
[2026-04-03T03:20:52.113+0600][86.942s][info][gc,ref      ] GC(142) Soft: 3256 encountered, 0 discovered, 0 enqueued
[2026-04-03T03:20:52.113+0600][86.942s][info][gc,ref      ] GC(142) Weak: 6442 encountered, 1862 discovered, 20 enqueued
[2026-04-03T03:20:52.113+0600][86.942s][info][gc,ref      ] GC(142) Final: 84 encountered, 2 discovered, 0 enqueued
[2026-04-03T03:20:52.113+0600][86.942s][info][gc,ref      ] GC(142) Phantom: 603 encountered, 411 discovered, 0 enqueued
[2026-04-03T03:20:52.113+0600][86.942s][info][gc,reloc    ] GC(142) Small Pages: 369 / 738M, Empty: 28M, Relocated: 53M, In-Place: 0
[2026-04-03T03:20:52.113+0600][86.942s][info][gc,reloc    ] GC(142) Medium Pages: 2 / 32M, Empty: 16M, Relocated: 0M, In-Place: 0
[2026-04-03T03:20:52.113+0600][86.942s][info][gc,reloc    ] GC(142) Large Pages: 11 / 70M, Empty: 44M, Relocated: 0M, In-Place: 0
[2026-04-03T03:20:52.113+0600][86.942s][info][gc,reloc    ] GC(142) Forwarding Usage: 50M
[2026-04-03T03:20:52.113+0600][86.942s][info][gc,heap     ] GC(142) Min Capacity: 8M(1%)
[2026-04-03T03:20:52.113+0600][86.942s][info][gc,heap     ] GC(142) Max Capacity: 1000M(100%)
[2026-04-03T03:20:52.113+0600][86.942s][info][gc,heap     ] GC(142) Soft Max Capacity: 1000M(100%)
[2026-04-03T03:20:52.113+0600][86.942s][info][gc,heap     ] GC(142)                Mark Start          Mark End        Relocate Start      Relocate End           High               Low         
[2026-04-03T03:20:52.114+0600][86.942s][info][gc,heap     ] GC(142)  Capacity:     1000M (100%)       1000M (100%)       1000M (100%)       1000M (100%)       1000M (100%)       1000M (100%)   
[2026-04-03T03:20:52.114+0600][86.942s][info][gc,heap     ] GC(142)      Free:      160M (16%)           0M (0%)           52M (5%)          498M (50%)         498M (50%)           0M (0%)     
[2026-04-03T03:20:52.114+0600][86.942s][info][gc,heap     ] GC(142)      Used:      840M (84%)        1000M (100%)        948M (95%)         502M (50%)        1000M (100%)        502M (50%)    
[2026-04-03T03:20:52.114+0600][86.942s][info][gc,heap     ] GC(142)      Live:         -               243M (24%)         243M (24%)         243M (24%)            -                  -          
[2026-04-03T03:20:52.114+0600][86.942s][info][gc,heap     ] GC(142) Allocated:         -               160M (16%)         196M (20%)         242M (24%)            -                  -          
[2026-04-03T03:20:52.114+0600][86.942s][info][gc,heap     ] GC(142)   Garbage:         -               596M (60%)         508M (51%)          16M (2%)             -                  -          
[2026-04-03T03:20:52.114+0600][86.942s][info][gc,heap     ] GC(142) Reclaimed:         -                  -                88M (9%)          580M (58%)            -                  -          
[2026-04-03T03:20:52.114+0600][86.942s][info][gc          ] GC(142) Garbage Collection (Allocation Rate) 840M(84%)->502M(50%)
[2026-04-03T03:20:52.185+0600][87.014s][info][gc,start    ] GC(143) Garbage Collection (Allocation Stall)
[2026-04-03T03:20:52.185+0600][87.014s][info][gc,ref      ] GC(143) Clearing All SoftReferences
[2026-04-03T03:20:52.185+0600][87.014s][info][gc,task     ] GC(143) Using 3 workers
[2026-04-03T03:20:52.186+0600][87.014s][info][gc,ref      ] GC(143) Clearing All SoftReferences
[2026-04-03T03:20:52.186+0600][87.014s][info][gc,phases   ] GC(143) Pause Mark Start 0.050ms
[2026-04-03T03:20:52.772+0600][87.601s][info][gc,phases   ] GC(143) Concurrent Mark 586.234ms
[2026-04-03T03:20:52.772+0600][87.601s][info][gc,phases   ] GC(143) Pause Mark End 0.033ms
[2026-04-03T03:20:52.773+0600][87.601s][info][gc,phases   ] GC(143) Concurrent Mark Free 0.004ms
[2026-04-03T03:20:52.800+0600][87.629s][info][gc,phases   ] GC(143) Concurrent Process Non-Strong References 27.350ms
[2026-04-03T03:20:52.800+0600][87.629s][info][gc,phases   ] GC(143) Concurrent Reset Relocation Set 0.031ms
[2026-04-03T03:20:52.808+0600][87.637s][info][gc,phases   ] GC(143) Concurrent Select Relocation Set 8.175ms
[2026-04-03T03:20:52.809+0600][87.637s][info][gc,phases   ] GC(143) Pause Relocate Start 0.017ms
[2026-04-03T03:20:52.861+0600][87.690s][info][gc,phases   ] GC(143) Concurrent Relocate 52.225ms
[2026-04-03T03:20:52.861+0600][87.690s][info][gc,load     ] GC(143) Load: 5.36/5.16/5.49
[2026-04-03T03:20:52.861+0600][87.690s][info][gc,mmu      ] GC(143) MMU: 2ms/92.1%, 5ms/96.8%, 10ms/98.4%, 20ms/99.2%, 50ms/99.7%, 100ms/99.8%
[2026-04-03T03:20:52.861+0600][87.690s][info][gc,marking  ] GC(143) Mark: 2 stripe(s), 4 proactive flush(es), 1 terminate flush(es), 0 completion(s), 0 continuation(s) 
[2026-04-03T03:20:52.861+0600][87.690s][info][gc,marking  ] GC(143) Mark Stack Usage: 32M
[2026-04-03T03:20:52.861+0600][87.690s][info][gc,nmethod  ] GC(143) NMethods: 7848 registered, 911 unregistered
[2026-04-03T03:20:52.861+0600][87.690s][info][gc,metaspace] GC(143) Metaspace: 71M used, 72M committed, 1088M reserved
[2026-04-03T03:20:52.861+0600][87.690s][info][gc,ref      ] GC(143) Soft: 3172 encountered, 787 discovered, 391 enqueued
[2026-04-03T03:20:52.861+0600][87.690s][info][gc,ref      ] GC(143) Weak: 6352 encountered, 1462 discovered, 41 enqueued
[2026-04-03T03:20:52.861+0600][87.690s][info][gc,ref      ] GC(143) Final: 84 encountered, 2 discovered, 0 enqueued
[2026-04-03T03:20:52.861+0600][87.690s][info][gc,ref      ] GC(143) Phantom: 600 encountered, 519 discovered, 0 enqueued
[2026-04-03T03:20:52.861+0600][87.690s][info][gc,reloc    ] GC(143) Small Pages: 225 / 450M, Empty: 8M, Relocated: 26M, In-Place: 0
[2026-04-03T03:20:52.861+0600][87.690s][info][gc,reloc    ] GC(143) Medium Pages: 3 / 48M, Empty: 0M, Relocated: 7M, In-Place: 0
[2026-04-03T03:20:52.861+0600][87.690s][info][gc,reloc    ] GC(143) Large Pages: 7 / 34M, Empty: 24M, Relocated: 0M, In-Place: 0
[2026-04-03T03:20:52.861+0600][87.690s][info][gc,reloc    ] GC(143) Forwarding Usage: 23M
[2026-04-03T03:20:52.861+0600][87.690s][info][gc,heap     ] GC(143) Min Capacity: 8M(1%)
[2026-04-03T03:20:52.861+0600][87.690s][info][gc,heap     ] GC(143) Max Capacity: 1000M(100%)
[2026-04-03T03:20:52.861+0600][87.690s][info][gc,heap     ] GC(143) Soft Max Capacity: 1000M(100%)
[2026-04-03T03:20:52.861+0600][87.690s][info][gc,heap     ] GC(143)                Mark Start          Mark End        Relocate Start      Relocate End           High               Low         
[2026-04-03T03:20:52.861+0600][87.690s][info][gc,heap     ] GC(143)  Capacity:     1000M (100%)       1000M (100%)       1000M (100%)       1000M (100%)       1000M (100%)       1000M (100%)   
[2026-04-03T03:20:52.861+0600][87.690s][info][gc,heap     ] GC(143)      Free:      468M (47%)         284M (28%)         266M (27%)         420M (42%)         468M (47%)         244M (24%)    
[2026-04-03T03:20:52.861+0600][87.690s][info][gc,heap     ] GC(143)      Used:      532M (53%)         716M (72%)         734M (73%)         580M (58%)         756M (76%)         532M (53%)    
[2026-04-03T03:20:52.861+0600][87.690s][info][gc,heap     ] GC(143)      Live:         -               237M (24%)         237M (24%)         237M (24%)            -                  -          
[2026-04-03T03:20:52.861+0600][87.690s][info][gc,heap     ] GC(143) Allocated:         -               184M (18%)         234M (23%)         305M (31%)            -                  -          
[2026-04-03T03:20:52.861+0600][87.690s][info][gc,heap     ] GC(143)   Garbage:         -               294M (29%)         262M (26%)          36M (4%)             -                  -          
[2026-04-03T03:20:52.861+0600][87.690s][info][gc,heap     ] GC(143) Reclaimed:         -                  -                32M (3%)          257M (26%)            -                  -          
[2026-04-03T03:20:52.861+0600][87.690s][info][gc          ] GC(143) Garbage Collection (Allocation Stall) 532M(53%)->580M(58%)
[2026-04-03T03:20:52.885+0600][87.714s][info][gc,start    ] GC(144) Garbage Collection (Allocation Rate)
[2026-04-03T03:20:52.885+0600][87.714s][info][gc,task     ] GC(144) Using 3 workers
[2026-04-03T03:20:52.886+0600][87.714s][info][gc,phases   ] GC(144) Pause Mark Start 0.013ms
[2026-04-03T03:20:53.228+0600][88.057s][info][gc,phases   ] GC(144) Concurrent Mark 342.114ms
[2026-04-03T03:20:53.228+0600][88.057s][info][gc,phases   ] GC(144) Pause Mark End 0.041ms
[2026-04-03T03:20:53.228+0600][88.057s][info][gc,phases   ] GC(144) Concurrent Mark Free 0.001ms
[2026-04-03T03:20:53.237+0600][88.066s][info][gc,phases   ] GC(144) Concurrent Process Non-Strong References 8.457ms
[2026-04-03T03:20:53.237+0600][88.066s][info][gc,phases   ] GC(144) Concurrent Reset Relocation Set 0.027ms
[2026-04-03T03:20:53.247+0600][88.076s][info][gc,phases   ] GC(144) Concurrent Select Relocation Set 9.986ms
[2026-04-03T03:20:53.247+0600][88.076s][info][gc,phases   ] GC(144) Pause Relocate Start 0.018ms
[2026-04-03T03:20:53.307+0600][88.135s][info][gc,phases   ] GC(144) Concurrent Relocate 59.053ms
[2026-04-03T03:20:53.307+0600][88.135s][info][gc,load     ] GC(144) Load: 5.36/5.16/5.49
[2026-04-03T03:20:53.307+0600][88.135s][info][gc,mmu      ] GC(144) MMU: 2ms/92.1%, 5ms/96.8%, 10ms/98.4%, 20ms/99.2%, 50ms/99.7%, 100ms/99.8%
[2026-04-03T03:20:53.307+0600][88.135s][info][gc,marking  ] GC(144) Mark: 2 stripe(s), 2 proactive flush(es), 1 terminate flush(es), 0 completion(s), 0 continuation(s) 
[2026-04-03T03:20:53.307+0600][88.135s][info][gc,marking  ] GC(144) Mark Stack Usage: 32M
[2026-04-03T03:20:53.307+0600][88.135s][info][gc,nmethod  ] GC(144) NMethods: 7883 registered, 917 unregistered
[2026-04-03T03:20:53.307+0600][88.135s][info][gc,metaspace] GC(144) Metaspace: 71M used, 72M committed, 1088M reserved
[2026-04-03T03:20:53.307+0600][88.135s][info][gc,ref      ] GC(144) Soft: 2787 encountered, 0 discovered, 0 enqueued
[2026-04-03T03:20:53.307+0600][88.135s][info][gc,ref      ] GC(144) Weak: 6157 encountered, 2421 discovered, 21 enqueued
[2026-04-03T03:20:53.307+0600][88.135s][info][gc,ref      ] GC(144) Final: 84 encountered, 18 discovered, 0 enqueued
[2026-04-03T03:20:53.307+0600][88.135s][info][gc,ref      ] GC(144) Phantom: 600 encountered, 551 discovered, 0 enqueued
[2026-04-03T03:20:53.307+0600][88.136s][info][gc,reloc    ] GC(144) Small Pages: 207 / 414M, Empty: 26M, Relocated: 34M, In-Place: 0
[2026-04-03T03:20:53.307+0600][88.136s][info][gc,reloc    ] GC(144) Medium Pages: 7 / 112M, Empty: 32M, Relocated: 27M, In-Place: 0
[2026-04-03T03:20:53.307+0600][88.136s][info][gc,reloc    ] GC(144) Large Pages: 20 / 98M, Empty: 58M, Relocated: 0M, In-Place: 0
[2026-04-03T03:20:53.307+0600][88.136s][info][gc,reloc    ] GC(144) Forwarding Usage: 34M
[2026-04-03T03:20:53.307+0600][88.136s][info][gc,heap     ] GC(144) Min Capacity: 8M(1%)
[2026-04-03T03:20:53.307+0600][88.136s][info][gc,heap     ] GC(144) Max Capacity: 1000M(100%)
[2026-04-03T03:20:53.307+0600][88.136s][info][gc,heap     ] GC(144) Soft Max Capacity: 1000M(100%)
[2026-04-03T03:20:53.307+0600][88.136s][info][gc,heap     ] GC(144)                Mark Start          Mark End        Relocate Start      Relocate End           High               Low         
[2026-04-03T03:20:53.307+0600][88.136s][info][gc,heap     ] GC(144)  Capacity:     1000M (100%)       1000M (100%)       1000M (100%)       1000M (100%)       1000M (100%)       1000M (100%)   
[2026-04-03T03:20:53.307+0600][88.136s][info][gc,heap     ] GC(144)      Free:      376M (38%)         250M (25%)         364M (36%)         530M (53%)         530M (53%)         250M (25%)    
[2026-04-03T03:20:53.307+0600][88.136s][info][gc,heap     ] GC(144)      Used:      624M (62%)         750M (75%)         636M (64%)         470M (47%)         750M (75%)         470M (47%)    
[2026-04-03T03:20:53.307+0600][88.136s][info][gc,heap     ] GC(144)      Live:         -               270M (27%)         270M (27%)         270M (27%)            -                  -          
[2026-04-03T03:20:53.307+0600][88.136s][info][gc,heap     ] GC(144) Allocated:         -               126M (13%)         128M (13%)         179M (18%)            -                  -          
[2026-04-03T03:20:53.307+0600][88.136s][info][gc,heap     ] GC(144)   Garbage:         -               353M (35%)         237M (24%)          19M (2%)             -                  -          
[2026-04-03T03:20:53.307+0600][88.136s][info][gc,heap     ] GC(144) Reclaimed:         -                  -               116M (12%)         333M (33%)            -                  -          
[2026-04-03T03:20:53.307+0600][88.136s][info][gc          ] GC(144) Garbage Collection (Allocation Rate) 624M(62%)->470M(47%)
[2026-04-03T03:20:53.385+0600][88.214s][info][gc,start    ] GC(145) Garbage Collection (Allocation Rate)
[2026-04-03T03:20:53.385+0600][88.214s][info][gc,task     ] GC(145) Using 3 workers
[2026-04-03T03:20:53.385+0600][88.214s][info][gc,phases   ] GC(145) Pause Mark Start 0.008ms
[2026-04-03T03:20:53.651+0600][88.480s][info][gc,phases   ] GC(145) Concurrent Mark 265.728ms
[2026-04-03T03:20:53.652+0600][88.480s][info][gc,phases   ] GC(145) Pause Mark End 0.025ms
[2026-04-03T03:20:53.652+0600][88.480s][info][gc,phases   ] GC(145) Concurrent Mark Free 0.002ms
[2026-04-03T03:20:53.660+0600][88.488s][info][gc,phases   ] GC(145) Concurrent Process Non-Strong References 7.792ms
[2026-04-03T03:20:53.660+0600][88.488s][info][gc,phases   ] GC(145) Concurrent Reset Relocation Set 0.015ms
[2026-04-03T03:20:53.665+0600][88.493s][info][gc,phases   ] GC(145) Concurrent Select Relocation Set 5.160ms
[2026-04-03T03:20:53.665+0600][88.494s][info][gc,phases   ] GC(145) Pause Relocate Start 0.013ms
[2026-04-03T03:20:53.698+0600][88.527s][info][gc,phases   ] GC(145) Concurrent Relocate 32.873ms
[2026-04-03T03:20:53.698+0600][88.527s][info][gc,load     ] GC(145) Load: 5.36/5.16/5.49
[2026-04-03T03:20:53.698+0600][88.527s][info][gc,mmu      ] GC(145) MMU: 2ms/92.1%, 5ms/96.8%, 10ms/98.4%, 20ms/99.2%, 50ms/99.7%, 100ms/99.8%
[2026-04-03T03:20:53.698+0600][88.527s][info][gc,marking  ] GC(145) Mark: 2 stripe(s), 2 proactive flush(es), 1 terminate flush(es), 0 completion(s), 0 continuation(s) 
[2026-04-03T03:20:53.698+0600][88.527s][info][gc,marking  ] GC(145) Mark Stack Usage: 32M
[2026-04-03T03:20:53.698+0600][88.527s][info][gc,nmethod  ] GC(145) NMethods: 7887 registered, 919 unregistered
[2026-04-03T03:20:53.698+0600][88.527s][info][gc,metaspace] GC(145) Metaspace: 71M used, 72M committed, 1088M reserved
[2026-04-03T03:20:53.698+0600][88.527s][info][gc,ref      ] GC(145) Soft: 2787 encountered, 0 discovered, 0 enqueued
[2026-04-03T03:20:53.698+0600][88.527s][info][gc,ref      ] GC(145) Weak: 6054 encountered, 2041 discovered, 2 enqueued
[2026-04-03T03:20:53.698+0600][88.527s][info][gc,ref      ] GC(145) Final: 84 encountered, 4 discovered, 0 enqueued
[2026-04-03T03:20:53.698+0600][88.527s][info][gc,ref      ] GC(145) Phantom: 600 encountered, 446 discovered, 0 enqueued
[2026-04-03T03:20:53.698+0600][88.527s][info][gc,reloc    ] GC(145) Small Pages: 199 / 398M, Empty: 12M, Relocated: 24M, In-Place: 0
[2026-04-03T03:20:53.698+0600][88.527s][info][gc,reloc    ] GC(145) Medium Pages: 5 / 80M, Empty: 0M, Relocated: 27M, In-Place: 0
[2026-04-03T03:20:53.698+0600][88.527s][info][gc,reloc    ] GC(145) Large Pages: 18 / 98M, Empty: 74M, Relocated: 0M, In-Place: 0
[2026-04-03T03:20:53.698+0600][88.527s][info][gc,reloc    ] GC(145) Forwarding Usage: 23M
[2026-04-03T03:20:53.698+0600][88.527s][info][gc,heap     ] GC(145) Min Capacity: 8M(1%)
[2026-04-03T03:20:53.698+0600][88.527s][info][gc,heap     ] GC(145) Max Capacity: 1000M(100%)
[2026-04-03T03:20:53.698+0600][88.527s][info][gc,heap     ] GC(145) Soft Max Capacity: 1000M(100%)
[2026-04-03T03:20:53.698+0600][88.527s][info][gc,heap     ] GC(145)                Mark Start          Mark End        Relocate Start      Relocate End           High               Low         
[2026-04-03T03:20:53.698+0600][88.527s][info][gc,heap     ] GC(145)  Capacity:     1000M (100%)       1000M (100%)       1000M (100%)       1000M (100%)       1000M (100%)       1000M (100%)   
[2026-04-03T03:20:53.698+0600][88.527s][info][gc,heap     ] GC(145)      Free:      424M (42%)         118M (12%)         176M (18%)         342M (34%)         424M (42%)          96M (10%)    
[2026-04-03T03:20:53.698+0600][88.527s][info][gc,heap     ] GC(145)      Used:      576M (58%)         882M (88%)         824M (82%)         658M (66%)         904M (90%)         576M (58%)    
[2026-04-03T03:20:53.698+0600][88.527s][info][gc,heap     ] GC(145)      Live:         -               246M (25%)         246M (25%)         246M (25%)            -                  -          
[2026-04-03T03:20:53.698+0600][88.527s][info][gc,heap     ] GC(145) Allocated:         -               306M (31%)         334M (33%)         395M (40%)            -                  -          
[2026-04-03T03:20:53.698+0600][88.527s][info][gc,heap     ] GC(145)   Garbage:         -               329M (33%)         243M (24%)          15M (2%)             -                  -          
[2026-04-03T03:20:53.698+0600][88.527s][info][gc,heap     ] GC(145) Reclaimed:         -                  -                86M (9%)          313M (31%)            -                  -          
[2026-04-03T03:20:53.698+0600][88.527s][info][gc          ] GC(145) Garbage Collection (Allocation Rate) 576M(58%)->658M(66%)
[2026-04-03T03:20:53.785+0600][88.614s][info][gc,start    ] GC(146) Garbage Collection (Allocation Rate)
[2026-04-03T03:20:53.789+0600][88.617s][info][gc,task     ] GC(146) Using 3 workers
[2026-04-03T03:20:53.789+0600][88.618s][info][gc,phases   ] GC(146) Pause Mark Start 0.012ms
[2026-04-03T03:20:54.096+0600][88.925s][info][gc,phases   ] GC(146) Concurrent Mark 306.831ms
[2026-04-03T03:20:54.096+0600][88.925s][info][gc,phases   ] GC(146) Pause Mark End 0.023ms
[2026-04-03T03:20:54.096+0600][88.925s][info][gc,phases   ] GC(146) Concurrent Mark Free 0.001ms
[2026-04-03T03:20:54.104+0600][88.932s][info][gc,phases   ] GC(146) Concurrent Process Non-Strong References 7.283ms
[2026-04-03T03:20:54.104+0600][88.933s][info][gc,phases   ] GC(146) Concurrent Reset Relocation Set 0.020ms
[2026-04-03T03:20:54.104+0600][88.933s][info][gc          ] Allocation Stall (RemoteBlock-temp-file-clean-thread) 124.165ms
[2026-04-03T03:20:54.104+0600][88.933s][info][gc          ] Allocation Stall (spark-listener-group-appStatus) 191.410ms
[2026-04-03T03:20:54.104+0600][88.933s][info][gc          ] Allocation Stall (SparkUI-67-acceptor-0@59a6c9ff-Spark@57612cbb{HTTP/1.1, (http/1.1)}{0.0.0.0:4040}) 189.196ms
[2026-04-03T03:20:54.104+0600][88.933s][info][gc          ] Allocation Stall (spark-listener-group-shared) 191.387ms
[2026-04-03T03:20:54.109+0600][88.938s][info][gc,phases   ] GC(146) Concurrent Select Relocation Set 5.126ms
[2026-04-03T03:20:54.109+0600][88.938s][info][gc,phases   ] GC(146) Pause Relocate Start 0.012ms
[2026-04-03T03:20:54.127+0600][88.956s][info][gc,phases   ] GC(146) Concurrent Relocate 17.815ms
[2026-04-03T03:20:54.128+0600][88.956s][info][gc,load     ] GC(146) Load: 5.36/5.16/5.49
[2026-04-03T03:20:54.128+0600][88.956s][info][gc,mmu      ] GC(146) MMU: 2ms/92.1%, 5ms/96.8%, 10ms/98.4%, 20ms/99.2%, 50ms/99.7%, 100ms/99.8%
[2026-04-03T03:20:54.128+0600][88.956s][info][gc,marking  ] GC(146) Mark: 2 stripe(s), 2 proactive flush(es), 1 terminate flush(es), 0 completion(s), 0 continuation(s) 
[2026-04-03T03:20:54.128+0600][88.956s][info][gc,marking  ] GC(146) Mark Stack Usage: 32M
[2026-04-03T03:20:54.128+0600][88.956s][info][gc,nmethod  ] GC(146) NMethods: 7907 registered, 919 unregistered
[2026-04-03T03:20:54.128+0600][88.956s][info][gc,metaspace] GC(146) Metaspace: 71M used, 72M committed, 1088M reserved
[2026-04-03T03:20:54.128+0600][88.956s][info][gc,ref      ] GC(146) Soft: 2788 encountered, 0 discovered, 0 enqueued
[2026-04-03T03:20:54.128+0600][88.956s][info][gc,ref      ] GC(146) Weak: 6061 encountered, 4248 discovered, 143 enqueued
[2026-04-03T03:20:54.128+0600][88.956s][info][gc,ref      ] GC(146) Final: 84 encountered, 2 discovered, 0 enqueued
[2026-04-03T03:20:54.128+0600][88.956s][info][gc,ref      ] GC(146) Phantom: 600 encountered, 425 discovered, 0 enqueued
[2026-04-03T03:20:54.128+0600][88.956s][info][gc,reloc    ] GC(146) Small Pages: 390 / 780M, Empty: 452M, Relocated: 6M, In-Place: 0
[2026-04-03T03:20:54.128+0600][88.956s][info][gc,reloc    ] GC(146) Medium Pages: 2 / 32M, Empty: 0M, Relocated: 8M, In-Place: 0
[2026-04-03T03:20:54.128+0600][88.956s][info][gc,reloc    ] GC(146) Large Pages: 8 / 48M, Empty: 32M, Relocated: 0M, In-Place: 0
[2026-04-03T03:20:54.128+0600][88.956s][info][gc,reloc    ] GC(146) Forwarding Usage: 6M
[2026-04-03T03:20:54.128+0600][88.956s][info][gc,heap     ] GC(146) Min Capacity: 8M(1%)
[2026-04-03T03:20:54.128+0600][88.956s][info][gc,heap     ] GC(146) Max Capacity: 1000M(100%)
[2026-04-03T03:20:54.128+0600][88.956s][info][gc,heap     ] GC(146) Soft Max Capacity: 1000M(100%)
[2026-04-03T03:20:54.128+0600][88.956s][info][gc,heap     ] GC(146)                Mark Start          Mark End        Relocate Start      Relocate End           High               Low         
[2026-04-03T03:20:54.128+0600][88.956s][info][gc,heap     ] GC(146)  Capacity:     1000M (100%)       1000M (100%)       1000M (100%)       1000M (100%)       1000M (100%)       1000M (100%)   
[2026-04-03T03:20:54.128+0600][88.956s][info][gc,heap     ] GC(146)      Free:      140M (14%)           0M (0%)          474M (47%)         508M (51%)         508M (51%)           0M (0%)     
[2026-04-03T03:20:54.128+0600][88.956s][info][gc,heap     ] GC(146)      Used:      860M (86%)        1000M (100%)        526M (53%)         492M (49%)        1000M (100%)        492M (49%)    
[2026-04-03T03:20:54.128+0600][88.956s][info][gc,heap     ] GC(146)      Live:         -               296M (30%)         296M (30%)         296M (30%)            -                  -          
[2026-04-03T03:20:54.128+0600][88.956s][info][gc,heap     ] GC(146) Allocated:         -               140M (14%)         150M (15%)         173M (17%)            -                  -          
[2026-04-03T03:20:54.128+0600][88.956s][info][gc,heap     ] GC(146)   Garbage:         -               563M (56%)          79M (8%)           22M (2%)             -                  -          
[2026-04-03T03:20:54.128+0600][88.956s][info][gc,heap     ] GC(146) Reclaimed:         -                  -               484M (48%)         541M (54%)            -                  -          
[2026-04-03T03:20:54.128+0600][88.956s][info][gc          ] GC(146) Garbage Collection (Allocation Rate) 860M(86%)->492M(49%)
[2026-04-03T03:20:54.185+0600][89.014s][info][gc,start    ] GC(147) Garbage Collection (Allocation Stall)
[2026-04-03T03:20:54.185+0600][89.014s][info][gc,ref      ] GC(147) Clearing All SoftReferences
[2026-04-03T03:20:54.185+0600][89.014s][info][gc,task     ] GC(147) Using 3 workers
[2026-04-03T03:20:54.185+0600][89.014s][info][gc,ref      ] GC(147) Clearing All SoftReferences
[2026-04-03T03:20:54.186+0600][89.014s][info][gc,phases   ] GC(147) Pause Mark Start 0.063ms
[2026-04-03T03:20:54.400+0600][89.229s][info][gc,phases   ] GC(147) Concurrent Mark 214.328ms
[2026-04-03T03:20:54.400+0600][89.229s][info][gc,phases   ] GC(147) Pause Mark End 0.022ms
[2026-04-03T03:20:54.400+0600][89.229s][info][gc,phases   ] GC(147) Concurrent Mark Free 0.003ms
[2026-04-03T03:20:54.417+0600][89.246s][info][gc,phases   ] GC(147) Concurrent Process Non-Strong References 16.967ms
[2026-04-03T03:20:54.417+0600][89.246s][info][gc,phases   ] GC(147) Concurrent Reset Relocation Set 0.004ms
[2026-04-03T03:20:54.421+0600][89.250s][info][gc,phases   ] GC(147) Concurrent Select Relocation Set 3.560ms
[2026-04-03T03:20:54.421+0600][89.250s][info][gc,phases   ] GC(147) Pause Relocate Start 0.014ms
[2026-04-03T03:20:54.423+0600][89.251s][info][gc,phases   ] GC(147) Concurrent Relocate 1.644ms
[2026-04-03T03:20:54.423+0600][89.252s][info][gc,load     ] GC(147) Load: 5.36/5.16/5.49
[2026-04-03T03:20:54.423+0600][89.252s][info][gc,mmu      ] GC(147) MMU: 2ms/92.1%, 5ms/96.8%, 10ms/98.4%, 20ms/99.2%, 50ms/99.7%, 100ms/99.8%
[2026-04-03T03:20:54.423+0600][89.252s][info][gc,marking  ] GC(147) Mark: 2 stripe(s), 2 proactive flush(es), 1 terminate flush(es), 0 completion(s), 0 continuation(s) 
[2026-04-03T03:20:54.423+0600][89.252s][info][gc,marking  ] GC(147) Mark Stack Usage: 32M
[2026-04-03T03:20:54.423+0600][89.252s][info][gc,nmethod  ] GC(147) NMethods: 7944 registered, 935 unregistered
[2026-04-03T03:20:54.423+0600][89.252s][info][gc,metaspace] GC(147) Metaspace: 71M used, 72M committed, 1088M reserved
[2026-04-03T03:20:54.423+0600][89.252s][info][gc,ref      ] GC(147) Soft: 2791 encountered, 1007 discovered, 32 enqueued
[2026-04-03T03:20:54.423+0600][89.252s][info][gc,ref      ] GC(147) Weak: 5704 encountered, 1125 discovered, 76 enqueued
[2026-04-03T03:20:54.423+0600][89.252s][info][gc,ref      ] GC(147) Final: 84 encountered, 2 discovered, 0 enqueued
[2026-04-03T03:20:54.423+0600][89.252s][info][gc,ref      ] GC(147) Phantom: 590 encountered, 478 discovered, 0 enqueued
[2026-04-03T03:20:54.423+0600][89.252s][info][gc,reloc    ] GC(147) Small Pages: 237 / 474M, Empty: 258M, Relocated: 1M, In-Place: 0
[2026-04-03T03:20:54.423+0600][89.252s][info][gc,reloc    ] GC(147) Medium Pages: 2 / 32M, Empty: 0M, Relocated: 8M, In-Place: 0
[2026-04-03T03:20:54.423+0600][89.252s][info][gc,reloc    ] GC(147) Large Pages: 3 / 16M, Empty: 12M, Relocated: 0M, In-Place: 0
[2026-04-03T03:20:54.423+0600][89.252s][info][gc,reloc    ] GC(147) Forwarding Usage: 0M
[2026-04-03T03:20:54.423+0600][89.252s][info][gc,heap     ] GC(147) Min Capacity: 8M(1%)
[2026-04-03T03:20:54.423+0600][89.252s][info][gc,heap     ] GC(147) Max Capacity: 1000M(100%)
[2026-04-03T03:20:54.423+0600][89.252s][info][gc,heap     ] GC(147) Soft Max Capacity: 1000M(100%)
[2026-04-03T03:20:54.423+0600][89.252s][info][gc,heap     ] GC(147)                Mark Start          Mark End        Relocate Start      Relocate End           High               Low         
[2026-04-03T03:20:54.423+0600][89.252s][info][gc,heap     ] GC(147)  Capacity:     1000M (100%)       1000M (100%)       1000M (100%)       1000M (100%)       1000M (100%)       1000M (100%)   
[2026-04-03T03:20:54.423+0600][89.252s][info][gc,heap     ] GC(147)      Free:      478M (48%)         440M (44%)         710M (71%)         774M (77%)         774M (77%)         440M (44%)    
[2026-04-03T03:20:54.423+0600][89.252s][info][gc,heap     ] GC(147)      Used:      522M (52%)         560M (56%)         290M (29%)         226M (23%)         560M (56%)         226M (23%)    
[2026-04-03T03:20:54.423+0600][89.252s][info][gc,heap     ] GC(147)      Live:         -               169M (17%)         169M (17%)         169M (17%)            -                  -          
[2026-04-03T03:20:54.423+0600][89.252s][info][gc,heap     ] GC(147) Allocated:         -                38M (4%)           38M (4%)           38M (4%)             -                  -          
[2026-04-03T03:20:54.423+0600][89.252s][info][gc,heap     ] GC(147)   Garbage:         -               352M (35%)          82M (8%)           18M (2%)             -                  -          
[2026-04-03T03:20:54.423+0600][89.252s][info][gc,heap     ] GC(147) Reclaimed:         -                  -               270M (27%)         334M (33%)            -                  -          
[2026-04-03T03:20:54.423+0600][89.252s][info][gc          ] GC(147) Garbage Collection (Allocation Stall) 522M(52%)->226M(23%)
[2026-04-03T03:20:54.485+0600][89.313s][info][gc,start    ] GC(148) Garbage Collection (Allocation Rate)
[2026-04-03T03:20:54.485+0600][89.313s][info][gc,task     ] GC(148) Using 3 workers
[2026-04-03T03:20:54.485+0600][89.314s][info][gc,phases   ] GC(148) Pause Mark Start 0.013ms
[2026-04-03T03:20:54.518+0600][89.346s][info][gc,phases   ] GC(148) Concurrent Mark 32.521ms
[2026-04-03T03:20:54.518+0600][89.347s][info][gc,phases   ] GC(148) Pause Mark End 0.025ms
[2026-04-03T03:20:54.518+0600][89.347s][info][gc,phases   ] GC(148) Concurrent Mark Free 0.003ms
[2026-04-03T03:20:54.536+0600][89.365s][info][gc,phases   ] GC(148) Concurrent Process Non-Strong References 17.639ms
[2026-04-03T03:20:54.536+0600][89.365s][info][gc,phases   ] GC(148) Concurrent Reset Relocation Set 0.006ms
[2026-04-03T03:20:54.540+0600][89.368s][info][gc,phases   ] GC(148) Concurrent Select Relocation Set 3.749ms
[2026-04-03T03:20:54.540+0600][89.369s][info][gc,phases   ] GC(148) Pause Relocate Start 0.012ms
[2026-04-03T03:20:54.544+0600][89.373s][info][gc,phases   ] GC(148) Concurrent Relocate 4.064ms
[2026-04-03T03:20:54.544+0600][89.373s][info][gc,load     ] GC(148) Load: 5.36/5.16/5.49
[2026-04-03T03:20:54.544+0600][89.373s][info][gc,mmu      ] GC(148) MMU: 2ms/92.1%, 5ms/96.8%, 10ms/98.4%, 20ms/99.2%, 50ms/99.7%, 100ms/99.8%
[2026-04-03T03:20:54.544+0600][89.373s][info][gc,marking  ] GC(148) Mark: 2 stripe(s), 2 proactive flush(es), 1 terminate flush(es), 0 completion(s), 0 continuation(s) 
[2026-04-03T03:20:54.544+0600][89.373s][info][gc,marking  ] GC(148) Mark Stack Usage: 32M
[2026-04-03T03:20:54.544+0600][89.373s][info][gc,nmethod  ] GC(148) NMethods: 7946 registered, 947 unregistered
[2026-04-03T03:20:54.544+0600][89.373s][info][gc,metaspace] GC(148) Metaspace: 71M used, 72M committed, 1088M reserved
[2026-04-03T03:20:54.544+0600][89.373s][info][gc,ref      ] GC(148) Soft: 2769 encountered, 0 discovered, 0 enqueued
[2026-04-03T03:20:54.544+0600][89.373s][info][gc,ref      ] GC(148) Weak: 5670 encountered, 4340 discovered, 51 enqueued
[2026-04-03T03:20:54.544+0600][89.373s][info][gc,ref      ] GC(148) Final: 84 encountered, 4 discovered, 0 enqueued
[2026-04-03T03:20:54.544+0600][89.373s][info][gc,ref      ] GC(148) Phantom: 591 encountered, 320 discovered, 0 enqueued
[2026-04-03T03:20:54.544+0600][89.373s][info][gc,reloc    ] GC(148) Small Pages: 103 / 206M, Empty: 88M, Relocated: 6M, In-Place: 0
[2026-04-03T03:20:54.544+0600][89.373s][info][gc,reloc    ] GC(148) Medium Pages: 2 / 32M, Empty: 16M, Relocated: 0M, In-Place: 0
[2026-04-03T03:20:54.544+0600][89.373s][info][gc,reloc    ] GC(148) Large Pages: 1 / 4M, Empty: 0M, Relocated: 0M, In-Place: 0
[2026-04-03T03:20:54.544+0600][89.373s][info][gc,reloc    ] GC(148) Forwarding Usage: 2M
[2026-04-03T03:20:54.544+0600][89.373s][info][gc,heap     ] GC(148) Min Capacity: 8M(1%)
[2026-04-03T03:20:54.544+0600][89.373s][info][gc,heap     ] GC(148) Max Capacity: 1000M(100%)
[2026-04-03T03:20:54.544+0600][89.373s][info][gc,heap     ] GC(148) Soft Max Capacity: 1000M(100%)
[2026-04-03T03:20:54.544+0600][89.373s][info][gc,heap     ] GC(148)                Mark Start          Mark End        Relocate Start      Relocate End           High               Low         
[2026-04-03T03:20:54.544+0600][89.373s][info][gc,heap     ] GC(148)  Capacity:     1000M (100%)       1000M (100%)       1000M (100%)       1000M (100%)       1000M (100%)       1000M (100%)   
[2026-04-03T03:20:54.544+0600][89.373s][info][gc,heap     ] GC(148)      Free:      758M (76%)         750M (75%)         854M (85%)         918M (92%)         932M (93%)         750M (75%)    
[2026-04-03T03:20:54.544+0600][89.373s][info][gc,heap     ] GC(148)      Used:      242M (24%)         250M (25%)         146M (15%)          82M (8%)          250M (25%)          68M (7%)     
[2026-04-03T03:20:54.545+0600][89.373s][info][gc,heap     ] GC(148)      Live:         -                35M (4%)           35M (4%)           35M (4%)             -                  -          
[2026-04-03T03:20:54.545+0600][89.373s][info][gc,heap     ] GC(148) Allocated:         -                 8M (1%)            8M (1%)           23M (2%)             -                  -          
[2026-04-03T03:20:54.545+0600][89.373s][info][gc,heap     ] GC(148)   Garbage:         -               206M (21%)         102M (10%)          22M (2%)             -                  -          
[2026-04-03T03:20:54.545+0600][89.373s][info][gc,heap     ] GC(148) Reclaimed:         -                  -               104M (10%)         183M (18%)            -                  -          
[2026-04-03T03:20:54.545+0600][89.373s][info][gc          ] GC(148) Garbage Collection (Allocation Rate) 242M(24%)->82M(8%)
[2026-04-03T03:20:54.685+0600][89.514s][info][gc,start    ] GC(149) Garbage Collection (Allocation Rate)
[2026-04-03T03:20:54.685+0600][89.514s][info][gc,task     ] GC(149) Using 3 workers
[2026-04-03T03:20:54.685+0600][89.514s][info][gc,phases   ] GC(149) Pause Mark Start 0.008ms
[2026-04-03T03:20:54.714+0600][89.543s][info][gc,phases   ] GC(149) Concurrent Mark 28.718ms
[2026-04-03T03:20:54.714+0600][89.543s][info][gc,phases   ] GC(149) Pause Mark End 0.026ms
[2026-04-03T03:20:54.714+0600][89.543s][info][gc,phases   ] GC(149) Concurrent Mark Free 0.001ms
[2026-04-03T03:20:54.724+0600][89.552s][info][gc,phases   ] GC(149) Concurrent Process Non-Strong References 9.350ms
[2026-04-03T03:20:54.724+0600][89.552s][info][gc,phases   ] GC(149) Concurrent Reset Relocation Set 0.008ms
[2026-04-03T03:20:54.728+0600][89.556s][info][gc,phases   ] GC(149) Concurrent Select Relocation Set 3.850ms
[2026-04-03T03:20:54.728+0600][89.556s][info][gc,phases   ] GC(149) Pause Relocate Start 0.016ms
[2026-04-03T03:20:54.730+0600][89.558s][info][gc,phases   ] GC(149) Concurrent Relocate 1.679ms
[2026-04-03T03:20:54.730+0600][89.558s][info][gc,load     ] GC(149) Load: 5.36/5.16/5.49
[2026-04-03T03:20:54.730+0600][89.558s][info][gc,mmu      ] GC(149) MMU: 2ms/92.1%, 5ms/96.8%, 10ms/98.4%, 20ms/99.2%, 50ms/99.7%, 100ms/99.8%
[2026-04-03T03:20:54.730+0600][89.558s][info][gc,marking  ] GC(149) Mark: 2 stripe(s), 4 proactive flush(es), 1 terminate flush(es), 0 completion(s), 0 continuation(s) 
[2026-04-03T03:20:54.730+0600][89.558s][info][gc,marking  ] GC(149) Mark Stack Usage: 32M
[2026-04-03T03:20:54.730+0600][89.558s][info][gc,nmethod  ] GC(149) NMethods: 7952 registered, 948 unregistered
[2026-04-03T03:20:54.730+0600][89.558s][info][gc,metaspace] GC(149) Metaspace: 71M used, 72M committed, 1088M reserved
[2026-04-03T03:20:54.730+0600][89.558s][info][gc,ref      ] GC(149) Soft: 2769 encountered, 0 discovered, 0 enqueued
[2026-04-03T03:20:54.730+0600][89.559s][info][gc,ref      ] GC(149) Weak: 5619 encountered, 2415 discovered, 0 enqueued
[2026-04-03T03:20:54.730+0600][89.559s][info][gc,ref      ] GC(149) Final: 84 encountered, 2 discovered, 0 enqueued
[2026-04-03T03:20:54.730+0600][89.559s][info][gc,ref      ] GC(149) Phantom: 591 encountered, 414 discovered, 0 enqueued
[2026-04-03T03:20:54.730+0600][89.559s][info][gc,reloc    ] GC(149) Small Pages: 32 / 64M, Empty: 22M, Relocated: 1M, In-Place: 0
[2026-04-03T03:20:54.730+0600][89.559s][info][gc,reloc    ] GC(149) Medium Pages: 2 / 32M, Empty: 16M, Relocated: 0M, In-Place: 0
[2026-04-03T03:20:54.730+0600][89.559s][info][gc,reloc    ] GC(149) Large Pages: 1 / 4M, Empty: 0M, Relocated: 0M, In-Place: 0
[2026-04-03T03:20:54.730+0600][89.559s][info][gc,reloc    ] GC(149) Forwarding Usage: 0M
[2026-04-03T03:20:54.730+0600][89.559s][info][gc,heap     ] GC(149) Min Capacity: 8M(1%)
[2026-04-03T03:20:54.730+0600][89.559s][info][gc,heap     ] GC(149) Max Capacity: 1000M(100%)
[2026-04-03T03:20:54.730+0600][89.559s][info][gc,heap     ] GC(149) Soft Max Capacity: 1000M(100%)
[2026-04-03T03:20:54.730+0600][89.559s][info][gc,heap     ] GC(149)                Mark Start          Mark End        Relocate Start      Relocate End           High               Low         
[2026-04-03T03:20:54.730+0600][89.559s][info][gc,heap     ] GC(149)  Capacity:     1000M (100%)       1000M (100%)       1000M (100%)       1000M (100%)       1000M (100%)       1000M (100%)   
[2026-04-03T03:20:54.730+0600][89.559s][info][gc,heap     ] GC(149)      Free:      900M (90%)         892M (89%)         930M (93%)         934M (93%)         934M (93%)         892M (89%)    
[2026-04-03T03:20:54.730+0600][89.559s][info][gc,heap     ] GC(149)      Used:      100M (10%)         108M (11%)          70M (7%)           66M (7%)          108M (11%)          66M (7%)     
[2026-04-03T03:20:54.730+0600][89.559s][info][gc,heap     ] GC(149)      Live:         -                35M (4%)           35M (4%)           35M (4%)             -                  -          
[2026-04-03T03:20:54.730+0600][89.559s][info][gc,heap     ] GC(149) Allocated:         -                 8M (1%)            8M (1%)            9M (1%)             -                  -          
[2026-04-03T03:20:54.730+0600][89.559s][info][gc,heap     ] GC(149)   Garbage:         -                64M (6%)           26M (3%)           20M (2%)             -                  -          
[2026-04-03T03:20:54.730+0600][89.559s][info][gc,heap     ] GC(149) Reclaimed:         -                  -                38M (4%)           43M (4%)             -                  -          
[2026-04-03T03:20:54.730+0600][89.559s][info][gc          ] GC(149) Garbage Collection (Allocation Rate) 100M(10%)->66M(7%)
[2026-04-03T03:20:54.856+0600][89.685s][info][gc,heap,exit] Heap
[2026-04-03T03:20:54.856+0600][89.685s][info][gc,heap,exit]  ZHeap           used 98M, capacity 1000M, max capacity 1000M
[2026-04-03T03:20:54.856+0600][89.685s][info][gc,heap,exit]  Metaspace       used 73696K, committed 74560K, reserved 1114112K
[2026-04-03T03:20:54.856+0600][89.685s][info][gc,heap,exit]   class space    used 9343K, committed 9728K, reserved 1048576K
