[2026-04-03T03:24:38.377+0600][0.005s][info][gc,init] Initializing The Z Garbage Collector
[2026-04-03T03:24:38.377+0600][0.005s][info][gc,init] Version: 21.0.10+7-Ubuntu-124.04 (release)
[2026-04-03T03:24:38.377+0600][0.005s][info][gc,init] Using legacy single-generation mode
[2026-04-03T03:24:38.377+0600][0.005s][info][gc,init] NUMA Support: Disabled
[2026-04-03T03:24:38.377+0600][0.005s][info][gc,init] CPUs: 12 total, 12 available
[2026-04-03T03:24:38.377+0600][0.005s][info][gc,init] Memory: 15683M
[2026-04-03T03:24:38.377+0600][0.005s][info][gc,init] Large Page Support: Disabled
[2026-04-03T03:24:38.377+0600][0.005s][info][gc,init] GC Workers: 3 (dynamic)
[2026-04-03T03:24:38.378+0600][0.006s][info][gc,init] Address Space Type: Contiguous/Unrestricted/Complete
[2026-04-03T03:24:38.378+0600][0.006s][info][gc,init] Address Space Size: 20000M x 3 = 60000M
[2026-04-03T03:24:38.378+0600][0.006s][info][gc,init] Heap Backing File: /memfd:java_heap
[2026-04-03T03:24:38.378+0600][0.006s][info][gc,init] Heap Backing Filesystem: tmpfs (0x1021994)
[2026-04-03T03:24:38.378+0600][0.006s][info][gc,init] Min Capacity: 8M
[2026-04-03T03:24:38.378+0600][0.006s][info][gc,init] Initial Capacity: 246M
[2026-04-03T03:24:38.378+0600][0.006s][info][gc,init] Max Capacity: 1250M
[2026-04-03T03:24:38.378+0600][0.006s][info][gc,init] Medium Page Size: 32M
[2026-04-03T03:24:38.378+0600][0.006s][info][gc,init] Pre-touch: Disabled
[2026-04-03T03:24:38.378+0600][0.006s][info][gc,init] Available space on backing filesystem: N/A
[2026-04-03T03:24:38.379+0600][0.007s][info][gc,init] Uncommit: Enabled
[2026-04-03T03:24:38.379+0600][0.007s][info][gc,init] Uncommit Delay: 300s
[2026-04-03T03:24:38.456+0600][0.083s][info][gc,init] Runtime Workers: 8
[2026-04-03T03:24:38.482+0600][0.110s][info][gc     ] Using The Z Garbage Collector
[2026-04-03T03:24:38.493+0600][0.121s][info][gc,metaspace] CDS archive(s) mapped at: [0x000079018b000000-0x000079018bc9c000-0x000079018bc9c000), size 13221888, SharedBaseAddress: 0x000079018b000000, ArchiveRelocationMode: 1.
[2026-04-03T03:24:38.494+0600][0.121s][info][gc,metaspace] Compressed class space mapped at: 0x000079018c000000-0x00007901cc000000, reserved size: 1073741824
[2026-04-03T03:24:38.494+0600][0.121s][info][gc,metaspace] Narrow klass base: 0x000079018b000000, Narrow klass shift: 0, Narrow klass range: 0x100000000
[2026-04-03T03:24:39.104+0600][0.731s][info][gc,start    ] GC(0) Garbage Collection (Warmup)
[2026-04-03T03:24:39.104+0600][0.732s][info][gc,task     ] GC(0) Using 3 workers
[2026-04-03T03:24:39.104+0600][0.732s][info][gc,phases   ] GC(0) Pause Mark Start 0.011ms
[2026-04-03T03:24:39.109+0600][0.737s][info][gc,phases   ] GC(0) Concurrent Mark 5.025ms
[2026-04-03T03:24:39.110+0600][0.738s][info][gc,phases   ] GC(0) Pause Mark End 0.014ms
[2026-04-03T03:24:39.110+0600][0.738s][info][gc,phases   ] GC(0) Concurrent Mark Free 0.002ms
[2026-04-03T03:24:39.112+0600][0.740s][info][gc,phases   ] GC(0) Concurrent Process Non-Strong References 1.263ms
[2026-04-03T03:24:39.112+0600][0.740s][info][gc,phases   ] GC(0) Concurrent Reset Relocation Set 0.001ms
[2026-04-03T03:24:39.119+0600][0.747s][info][gc,phases   ] GC(0) Concurrent Select Relocation Set 7.505ms
[2026-04-03T03:24:39.119+0600][0.747s][info][gc,phases   ] GC(0) Pause Relocate Start 0.008ms
[2026-04-03T03:24:39.121+0600][0.749s][info][gc,phases   ] GC(0) Concurrent Relocate 1.667ms
[2026-04-03T03:24:39.121+0600][0.749s][info][gc,load     ] GC(0) Load: 4.51/4.65/5.20
[2026-04-03T03:24:39.121+0600][0.749s][info][gc,mmu      ] GC(0) MMU: 2ms/99.3%, 5ms/99.7%, 10ms/99.8%, 20ms/99.8%, 50ms/99.9%, 100ms/100.0%
[2026-04-03T03:24:39.121+0600][0.749s][info][gc,marking  ] GC(0) Mark: 2 stripe(s), 2 proactive flush(es), 1 terminate flush(es), 0 completion(s), 0 continuation(s) 
[2026-04-03T03:24:39.121+0600][0.749s][info][gc,marking  ] GC(0) Mark Stack Usage: 32M
[2026-04-03T03:24:39.121+0600][0.749s][info][gc,nmethod  ] GC(0) NMethods: 719 registered, 76 unregistered
[2026-04-03T03:24:39.121+0600][0.749s][info][gc,metaspace] GC(0) Metaspace: 5M used, 5M committed, 1088M reserved
[2026-04-03T03:24:39.121+0600][0.749s][info][gc,ref      ] GC(0) Soft: 138 encountered, 0 discovered, 0 enqueued
[2026-04-03T03:24:39.121+0600][0.749s][info][gc,ref      ] GC(0) Weak: 413 encountered, 275 discovered, 102 enqueued
[2026-04-03T03:24:39.121+0600][0.749s][info][gc,ref      ] GC(0) Final: 0 encountered, 0 discovered, 0 enqueued
[2026-04-03T03:24:39.121+0600][0.749s][info][gc,ref      ] GC(0) Phantom: 25 encountered, 17 discovered, 0 enqueued
[2026-04-03T03:24:39.121+0600][0.749s][info][gc,reloc    ] GC(0) Small Pages: 75 / 150M, Empty: 0M, Relocated: 1M, In-Place: 0
[2026-04-03T03:24:39.121+0600][0.749s][info][gc,reloc    ] GC(0) Medium Pages: 0 / 0M, Empty: 0M, Relocated: 0M, In-Place: 0
[2026-04-03T03:24:39.121+0600][0.749s][info][gc,reloc    ] GC(0) Large Pages: 0 / 0M, Empty: 0M, Relocated: 0M, In-Place: 0
[2026-04-03T03:24:39.121+0600][0.749s][info][gc,reloc    ] GC(0) Forwarding Usage: 0M
[2026-04-03T03:24:39.121+0600][0.749s][info][gc,heap     ] GC(0) Min Capacity: 8M(1%)
[2026-04-03T03:24:39.121+0600][0.749s][info][gc,heap     ] GC(0) Max Capacity: 1250M(100%)
[2026-04-03T03:24:39.121+0600][0.749s][info][gc,heap     ] GC(0) Soft Max Capacity: 1250M(100%)
[2026-04-03T03:24:39.121+0600][0.749s][info][gc,heap     ] GC(0)                Mark Start          Mark End        Relocate Start      Relocate End           High               Low         
[2026-04-03T03:24:39.121+0600][0.749s][info][gc,heap     ] GC(0)  Capacity:      246M (20%)         246M (20%)         246M (20%)         246M (20%)         246M (20%)         246M (20%)    
[2026-04-03T03:24:39.121+0600][0.749s][info][gc,heap     ] GC(0)      Free:     1100M (88%)        1098M (88%)        1094M (88%)        1234M (99%)        1234M (99%)        1092M (87%)    
[2026-04-03T03:24:39.121+0600][0.749s][info][gc,heap     ] GC(0)      Used:      150M (12%)         152M (12%)         156M (12%)          16M (1%)          158M (13%)          16M (1%)     
[2026-04-03T03:24:39.121+0600][0.749s][info][gc,heap     ] GC(0)      Live:         -                 3M (0%)            3M (0%)            3M (0%)             -                  -          
[2026-04-03T03:24:39.121+0600][0.749s][info][gc,heap     ] GC(0) Allocated:         -                 2M (0%)            6M (0%)            5M (0%)             -                  -          
[2026-04-03T03:24:39.121+0600][0.749s][info][gc,heap     ] GC(0)   Garbage:         -               146M (12%)         146M (12%)           6M (1%)             -                  -          
[2026-04-03T03:24:39.121+0600][0.749s][info][gc,heap     ] GC(0) Reclaimed:         -                  -                 0M (0%)          139M (11%)            -                  -          
[2026-04-03T03:24:39.121+0600][0.749s][info][gc          ] GC(0) Garbage Collection (Warmup) 150M(12%)->16M(1%)
[2026-04-03T03:24:39.904+0600][1.532s][info][gc,start    ] GC(1) Garbage Collection (Warmup)
[2026-04-03T03:24:39.904+0600][1.532s][info][gc,task     ] GC(1) Using 3 workers
[2026-04-03T03:24:39.904+0600][1.532s][info][gc,phases   ] GC(1) Pause Mark Start 0.009ms
[2026-04-03T03:24:39.912+0600][1.540s][info][gc,phases   ] GC(1) Concurrent Mark 8.055ms
[2026-04-03T03:24:39.913+0600][1.541s][info][gc,phases   ] GC(1) Pause Mark End 0.016ms
[2026-04-03T03:24:39.913+0600][1.541s][info][gc,phases   ] GC(1) Concurrent Mark Free 0.001ms
[2026-04-03T03:24:39.914+0600][1.542s][info][gc,phases   ] GC(1) Concurrent Process Non-Strong References 1.758ms
[2026-04-03T03:24:39.914+0600][1.542s][info][gc,phases   ] GC(1) Concurrent Reset Relocation Set 0.005ms
[2026-04-03T03:24:39.918+0600][1.546s][info][gc,phases   ] GC(1) Concurrent Select Relocation Set 3.193ms
[2026-04-03T03:24:39.918+0600][1.546s][info][gc,phases   ] GC(1) Pause Relocate Start 0.010ms
[2026-04-03T03:24:39.926+0600][1.554s][info][gc,phases   ] GC(1) Concurrent Relocate 8.328ms
[2026-04-03T03:24:39.927+0600][1.555s][info][gc,load     ] GC(1) Load: 4.51/4.65/5.20
[2026-04-03T03:24:39.927+0600][1.555s][info][gc,mmu      ] GC(1) MMU: 2ms/99.2%, 5ms/99.7%, 10ms/99.7%, 20ms/99.8%, 50ms/99.9%, 100ms/100.0%
[2026-04-03T03:24:39.927+0600][1.555s][info][gc,marking  ] GC(1) Mark: 2 stripe(s), 2 proactive flush(es), 1 terminate flush(es), 0 completion(s), 0 continuation(s) 
[2026-04-03T03:24:39.927+0600][1.555s][info][gc,marking  ] GC(1) Mark Stack Usage: 32M
[2026-04-03T03:24:39.927+0600][1.555s][info][gc,nmethod  ] GC(1) NMethods: 1140 registered, 145 unregistered
[2026-04-03T03:24:39.927+0600][1.555s][info][gc,metaspace] GC(1) Metaspace: 12M used, 12M committed, 1088M reserved
[2026-04-03T03:24:39.927+0600][1.555s][info][gc,ref      ] GC(1) Soft: 239 encountered, 0 discovered, 0 enqueued
[2026-04-03T03:24:39.927+0600][1.555s][info][gc,ref      ] GC(1) Weak: 906 encountered, 237 discovered, 202 enqueued
[2026-04-03T03:24:39.927+0600][1.555s][info][gc,ref      ] GC(1) Final: 0 encountered, 0 discovered, 0 enqueued
[2026-04-03T03:24:39.927+0600][1.555s][info][gc,ref      ] GC(1) Phantom: 33 encountered, 25 discovered, 0 enqueued
[2026-04-03T03:24:39.927+0600][1.555s][info][gc,reloc    ] GC(1) Small Pages: 122 / 244M, Empty: 0M, Relocated: 4M, In-Place: 0
[2026-04-03T03:24:39.927+0600][1.555s][info][gc,reloc    ] GC(1) Medium Pages: 1 / 32M, Empty: 0M, Relocated: 0M, In-Place: 0
[2026-04-03T03:24:39.927+0600][1.555s][info][gc,reloc    ] GC(1) Large Pages: 0 / 0M, Empty: 0M, Relocated: 0M, In-Place: 0
[2026-04-03T03:24:39.927+0600][1.555s][info][gc,reloc    ] GC(1) Forwarding Usage: 1M
[2026-04-03T03:24:39.927+0600][1.555s][info][gc,heap     ] GC(1) Min Capacity: 8M(1%)
[2026-04-03T03:24:39.927+0600][1.555s][info][gc,heap     ] GC(1) Max Capacity: 1250M(100%)
[2026-04-03T03:24:39.927+0600][1.555s][info][gc,heap     ] GC(1) Soft Max Capacity: 1250M(100%)
[2026-04-03T03:24:39.927+0600][1.555s][info][gc,heap     ] GC(1)                Mark Start          Mark End        Relocate Start      Relocate End           High               Low         
[2026-04-03T03:24:39.927+0600][1.555s][info][gc,heap     ] GC(1)  Capacity:      278M (22%)         278M (22%)         278M (22%)         288M (23%)         288M (23%)         278M (22%)    
[2026-04-03T03:24:39.927+0600][1.555s][info][gc,heap     ] GC(1)      Free:      974M (78%)         974M (78%)         974M (78%)        1206M (96%)        1206M (96%)         962M (77%)    
[2026-04-03T03:24:39.927+0600][1.555s][info][gc,heap     ] GC(1)      Used:      276M (22%)         276M (22%)         276M (22%)          44M (4%)          288M (23%)          44M (4%)     
[2026-04-03T03:24:39.927+0600][1.555s][info][gc,heap     ] GC(1)      Live:         -                 5M (0%)            5M (0%)            5M (0%)             -                  -          
[2026-04-03T03:24:39.927+0600][1.555s][info][gc,heap     ] GC(1) Allocated:         -                 0M (0%)            0M (0%)            5M (0%)             -                  -          
[2026-04-03T03:24:39.927+0600][1.555s][info][gc,heap     ] GC(1)   Garbage:         -               270M (22%)         270M (22%)          32M (3%)             -                  -          
[2026-04-03T03:24:39.927+0600][1.555s][info][gc,heap     ] GC(1) Reclaimed:         -                  -                 0M (0%)          237M (19%)            -                  -          
[2026-04-03T03:24:39.927+0600][1.555s][info][gc          ] GC(1) Garbage Collection (Warmup) 276M(22%)->44M(4%)
[2026-04-03T03:24:42.415+0600][4.043s][info][gc,start    ] GC(2) Garbage Collection (Metadata GC Threshold)
[2026-04-03T03:24:42.415+0600][4.043s][info][gc,task     ] GC(2) Using 3 workers
[2026-04-03T03:24:42.416+0600][4.044s][info][gc,phases   ] GC(2) Pause Mark Start 0.011ms
[2026-04-03T03:24:42.432+0600][4.059s][info][gc,phases   ] GC(2) Concurrent Mark 15.598ms
[2026-04-03T03:24:42.432+0600][4.060s][info][gc,phases   ] GC(2) Pause Mark End 0.021ms
[2026-04-03T03:24:42.432+0600][4.060s][info][gc,phases   ] GC(2) Concurrent Mark Free 0.003ms
[2026-04-03T03:24:42.435+0600][4.063s][info][gc,phases   ] GC(2) Concurrent Process Non-Strong References 3.067ms
[2026-04-03T03:24:42.435+0600][4.063s][info][gc,phases   ] GC(2) Concurrent Reset Relocation Set 0.012ms
[2026-04-03T03:24:42.439+0600][4.067s][info][gc,phases   ] GC(2) Concurrent Select Relocation Set 3.702ms
[2026-04-03T03:24:42.439+0600][4.067s][info][gc,phases   ] GC(2) Pause Relocate Start 0.012ms
[2026-04-03T03:24:42.455+0600][4.083s][info][gc,phases   ] GC(2) Concurrent Relocate 15.612ms
[2026-04-03T03:24:42.455+0600][4.083s][info][gc,load     ] GC(2) Load: 4.23/4.59/5.18
[2026-04-03T03:24:42.455+0600][4.083s][info][gc,mmu      ] GC(2) MMU: 2ms/99.0%, 5ms/99.6%, 10ms/99.7%, 20ms/99.8%, 50ms/99.9%, 100ms/100.0%
[2026-04-03T03:24:42.455+0600][4.083s][info][gc,marking  ] GC(2) Mark: 2 stripe(s), 2 proactive flush(es), 1 terminate flush(es), 0 completion(s), 0 continuation(s) 
[2026-04-03T03:24:42.455+0600][4.083s][info][gc,marking  ] GC(2) Mark Stack Usage: 32M
[2026-04-03T03:24:42.455+0600][4.083s][info][gc,nmethod  ] GC(2) NMethods: 1778 registered, 123 unregistered
[2026-04-03T03:24:42.455+0600][4.083s][info][gc,metaspace] GC(2) Metaspace: 20M used, 21M committed, 1088M reserved
[2026-04-03T03:24:42.455+0600][4.083s][info][gc,ref      ] GC(2) Soft: 3540 encountered, 0 discovered, 0 enqueued
[2026-04-03T03:24:42.455+0600][4.083s][info][gc,ref      ] GC(2) Weak: 1231 encountered, 546 discovered, 213 enqueued
[2026-04-03T03:24:42.455+0600][4.083s][info][gc,ref      ] GC(2) Final: 0 encountered, 0 discovered, 0 enqueued
[2026-04-03T03:24:42.455+0600][4.083s][info][gc,ref      ] GC(2) Phantom: 563 encountered, 399 discovered, 0 enqueued
[2026-04-03T03:24:42.455+0600][4.083s][info][gc,reloc    ] GC(2) Small Pages: 63 / 126M, Empty: 2M, Relocated: 8M, In-Place: 0
[2026-04-03T03:24:42.455+0600][4.083s][info][gc,reloc    ] GC(2) Medium Pages: 2 / 64M, Empty: 0M, Relocated: 5M, In-Place: 0
[2026-04-03T03:24:42.455+0600][4.083s][info][gc,reloc    ] GC(2) Large Pages: 0 / 0M, Empty: 0M, Relocated: 0M, In-Place: 0
[2026-04-03T03:24:42.455+0600][4.083s][info][gc,reloc    ] GC(2) Forwarding Usage: 1M
[2026-04-03T03:24:42.455+0600][4.083s][info][gc,heap     ] GC(2) Min Capacity: 8M(1%)
[2026-04-03T03:24:42.455+0600][4.083s][info][gc,heap     ] GC(2) Max Capacity: 1250M(100%)
[2026-04-03T03:24:42.455+0600][4.083s][info][gc,heap     ] GC(2) Soft Max Capacity: 1250M(100%)
[2026-04-03T03:24:42.455+0600][4.083s][info][gc,heap     ] GC(2)                Mark Start          Mark End        Relocate Start      Relocate End           High               Low         
[2026-04-03T03:24:42.455+0600][4.083s][info][gc,heap     ] GC(2)  Capacity:      320M (26%)         320M (26%)         320M (26%)         352M (28%)         352M (28%)         320M (26%)    
[2026-04-03T03:24:42.455+0600][4.083s][info][gc,heap     ] GC(2)      Free:     1060M (85%)        1056M (84%)        1058M (85%)        1196M (96%)        1196M (96%)        1022M (82%)    
[2026-04-03T03:24:42.455+0600][4.083s][info][gc,heap     ] GC(2)      Used:      190M (15%)         194M (16%)         192M (15%)          54M (4%)          228M (18%)          54M (4%)     
[2026-04-03T03:24:42.455+0600][4.083s][info][gc,heap     ] GC(2)      Live:         -                19M (2%)           19M (2%)           19M (2%)             -                  -          
[2026-04-03T03:24:42.455+0600][4.083s][info][gc,heap     ] GC(2) Allocated:         -                 4M (0%)            4M (0%)            5M (0%)             -                  -          
[2026-04-03T03:24:42.455+0600][4.083s][info][gc,heap     ] GC(2)   Garbage:         -               170M (14%)         168M (13%)          28M (2%)             -                  -          
[2026-04-03T03:24:42.455+0600][4.083s][info][gc,heap     ] GC(2) Reclaimed:         -                  -                 2M (0%)          141M (11%)            -                  -          
[2026-04-03T03:24:42.455+0600][4.083s][info][gc          ] GC(2) Garbage Collection (Metadata GC Threshold) 190M(15%)->54M(4%)
[2026-04-03T03:24:45.163+0600][6.791s][info][gc,start    ] GC(3) Garbage Collection (Metadata GC Threshold)
[2026-04-03T03:24:45.163+0600][6.791s][info][gc,task     ] GC(3) Using 3 workers
[2026-04-03T03:24:45.163+0600][6.791s][info][gc,phases   ] GC(3) Pause Mark Start 0.008ms
[2026-04-03T03:24:45.181+0600][6.809s][info][gc,phases   ] GC(3) Concurrent Mark 17.821ms
[2026-04-03T03:24:45.182+0600][6.810s][info][gc,phases   ] GC(3) Pause Mark End 0.197ms
[2026-04-03T03:24:45.182+0600][6.810s][info][gc,phases   ] GC(3) Concurrent Mark Free 0.002ms
[2026-04-03T03:24:45.186+0600][6.814s][info][gc,phases   ] GC(3) Concurrent Process Non-Strong References 3.852ms
[2026-04-03T03:24:45.186+0600][6.814s][info][gc,phases   ] GC(3) Concurrent Reset Relocation Set 0.005ms
[2026-04-03T03:24:45.189+0600][6.817s][info][gc,phases   ] GC(3) Concurrent Select Relocation Set 2.508ms
[2026-04-03T03:24:45.189+0600][6.817s][info][gc,phases   ] GC(3) Pause Relocate Start 0.011ms
[2026-04-03T03:24:45.192+0600][6.820s][info][gc,phases   ] GC(3) Concurrent Relocate 3.022ms
[2026-04-03T03:24:45.192+0600][6.820s][info][gc,load     ] GC(3) Load: 4.23/4.59/5.18
[2026-04-03T03:24:45.192+0600][6.820s][info][gc,mmu      ] GC(3) MMU: 2ms/90.1%, 5ms/96.1%, 10ms/97.9%, 20ms/99.0%, 50ms/99.6%, 100ms/99.8%
[2026-04-03T03:24:45.192+0600][6.820s][info][gc,marking  ] GC(3) Mark: 2 stripe(s), 2 proactive flush(es), 1 terminate flush(es), 1 completion(s), 0 continuation(s) 
[2026-04-03T03:24:45.192+0600][6.820s][info][gc,marking  ] GC(3) Mark Stack Usage: 32M
[2026-04-03T03:24:45.192+0600][6.820s][info][gc,nmethod  ] GC(3) NMethods: 2496 registered, 301 unregistered
[2026-04-03T03:24:45.192+0600][6.820s][info][gc,metaspace] GC(3) Metaspace: 35M used, 35M committed, 1088M reserved
[2026-04-03T03:24:45.192+0600][6.820s][info][gc,ref      ] GC(3) Soft: 3854 encountered, 0 discovered, 0 enqueued
[2026-04-03T03:24:45.192+0600][6.820s][info][gc,ref      ] GC(3) Weak: 2505 encountered, 1204 discovered, 445 enqueued
[2026-04-03T03:24:45.192+0600][6.820s][info][gc,ref      ] GC(3) Final: 80 encountered, 16 discovered, 0 enqueued
[2026-04-03T03:24:45.192+0600][6.820s][info][gc,ref      ] GC(3) Phantom: 569 encountered, 228 discovered, 1 enqueued
[2026-04-03T03:24:45.192+0600][6.820s][info][gc,reloc    ] GC(3) Small Pages: 82 / 164M, Empty: 0M, Relocated: 6M, In-Place: 0
[2026-04-03T03:24:45.192+0600][6.820s][info][gc,reloc    ] GC(3) Medium Pages: 2 / 64M, Empty: 32M, Relocated: 0M, In-Place: 0
[2026-04-03T03:24:45.192+0600][6.820s][info][gc,reloc    ] GC(3) Large Pages: 0 / 0M, Empty: 0M, Relocated: 0M, In-Place: 0
[2026-04-03T03:24:45.192+0600][6.820s][info][gc,reloc    ] GC(3) Forwarding Usage: 1M
[2026-04-03T03:24:45.192+0600][6.820s][info][gc,heap     ] GC(3) Min Capacity: 8M(1%)
[2026-04-03T03:24:45.192+0600][6.820s][info][gc,heap     ] GC(3) Max Capacity: 1250M(100%)
[2026-04-03T03:24:45.192+0600][6.820s][info][gc,heap     ] GC(3) Soft Max Capacity: 1250M(100%)
[2026-04-03T03:24:45.192+0600][6.820s][info][gc,heap     ] GC(3)                Mark Start          Mark End        Relocate Start      Relocate End           High               Low         
[2026-04-03T03:24:45.192+0600][6.820s][info][gc,heap     ] GC(3)  Capacity:      352M (28%)         352M (28%)         352M (28%)         352M (28%)         352M (28%)         352M (28%)    
[2026-04-03T03:24:45.192+0600][6.820s][info][gc,heap     ] GC(3)      Free:     1022M (82%)        1020M (82%)        1050M (84%)        1192M (95%)        1192M (95%)        1018M (81%)    
[2026-04-03T03:24:45.192+0600][6.820s][info][gc,heap     ] GC(3)      Used:      228M (18%)         230M (18%)         200M (16%)          58M (5%)          232M (19%)          58M (5%)     
[2026-04-03T03:24:45.192+0600][6.820s][info][gc,heap     ] GC(3)      Live:         -                24M (2%)           24M (2%)           24M (2%)             -                  -          
[2026-04-03T03:24:45.192+0600][6.820s][info][gc,heap     ] GC(3) Allocated:         -                 2M (0%)            4M (0%)            3M (0%)             -                  -          
[2026-04-03T03:24:45.192+0600][6.820s][info][gc,heap     ] GC(3)   Garbage:         -               203M (16%)         171M (14%)          30M (2%)             -                  -          
[2026-04-03T03:24:45.192+0600][6.820s][info][gc,heap     ] GC(3) Reclaimed:         -                  -                32M (3%)          173M (14%)            -                  -          
[2026-04-03T03:24:45.192+0600][6.820s][info][gc          ] GC(3) Garbage Collection (Metadata GC Threshold) 228M(18%)->58M(5%)
[2026-04-03T03:24:47.504+0600][9.132s][info][gc,start    ] GC(4) Garbage Collection (Warmup)
[2026-04-03T03:24:47.504+0600][9.132s][info][gc,task     ] GC(4) Using 3 workers
[2026-04-03T03:24:47.505+0600][9.133s][info][gc,phases   ] GC(4) Pause Mark Start 0.019ms
[2026-04-03T03:24:47.786+0600][9.414s][info][gc,phases   ] GC(4) Concurrent Mark 281.373ms
[2026-04-03T03:24:47.787+0600][9.415s][info][gc,phases   ] GC(4) Pause Mark End 0.020ms
[2026-04-03T03:24:47.787+0600][9.415s][info][gc,phases   ] GC(4) Concurrent Mark Free 0.001ms
[2026-04-03T03:24:47.790+0600][9.418s][info][gc,phases   ] GC(4) Concurrent Process Non-Strong References 3.729ms
[2026-04-03T03:24:47.791+0600][9.418s][info][gc,phases   ] GC(4) Concurrent Reset Relocation Set 0.006ms
[2026-04-03T03:24:47.793+0600][9.421s][info][gc,phases   ] GC(4) Concurrent Select Relocation Set 2.792ms
[2026-04-03T03:24:47.794+0600][9.422s][info][gc,phases   ] GC(4) Pause Relocate Start 0.012ms
[2026-04-03T03:24:47.817+0600][9.445s][info][gc,phases   ] GC(4) Concurrent Relocate 22.597ms
[2026-04-03T03:24:47.817+0600][9.445s][info][gc,load     ] GC(4) Load: 4.05/4.54/5.16
[2026-04-03T03:24:47.817+0600][9.445s][info][gc,mmu      ] GC(4) MMU: 2ms/90.1%, 5ms/96.1%, 10ms/97.9%, 20ms/99.0%, 50ms/99.6%, 100ms/99.8%
[2026-04-03T03:24:47.817+0600][9.445s][info][gc,marking  ] GC(4) Mark: 2 stripe(s), 10 proactive flush(es), 1 terminate flush(es), 0 completion(s), 0 continuation(s) 
[2026-04-03T03:24:47.817+0600][9.445s][info][gc,marking  ] GC(4) Mark Stack Usage: 32M
[2026-04-03T03:24:47.817+0600][9.445s][info][gc,nmethod  ] GC(4) NMethods: 3011 registered, 133 unregistered
[2026-04-03T03:24:47.817+0600][9.445s][info][gc,metaspace] GC(4) Metaspace: 48M used, 48M committed, 1088M reserved
[2026-04-03T03:24:47.817+0600][9.445s][info][gc,ref      ] GC(4) Soft: 3981 encountered, 0 discovered, 0 enqueued
[2026-04-03T03:24:47.817+0600][9.445s][info][gc,ref      ] GC(4) Weak: 3285 encountered, 2224 discovered, 534 enqueued
[2026-04-03T03:24:47.817+0600][9.445s][info][gc,ref      ] GC(4) Final: 82 encountered, 0 discovered, 0 enqueued
[2026-04-03T03:24:47.817+0600][9.445s][info][gc,ref      ] GC(4) Phantom: 585 encountered, 495 discovered, 0 enqueued
[2026-04-03T03:24:47.817+0600][9.445s][info][gc,reloc    ] GC(4) Small Pages: 160 / 320M, Empty: 0M, Relocated: 6M, In-Place: 0
[2026-04-03T03:24:47.817+0600][9.445s][info][gc,reloc    ] GC(4) Medium Pages: 2 / 64M, Empty: 0M, Relocated: 5M, In-Place: 0
[2026-04-03T03:24:47.817+0600][9.445s][info][gc,reloc    ] GC(4) Large Pages: 0 / 0M, Empty: 0M, Relocated: 0M, In-Place: 0
[2026-04-03T03:24:47.817+0600][9.445s][info][gc,reloc    ] GC(4) Forwarding Usage: 2M
[2026-04-03T03:24:47.817+0600][9.445s][info][gc,heap     ] GC(4) Min Capacity: 8M(1%)
[2026-04-03T03:24:47.817+0600][9.445s][info][gc,heap     ] GC(4) Max Capacity: 1250M(100%)
[2026-04-03T03:24:47.817+0600][9.445s][info][gc,heap     ] GC(4) Soft Max Capacity: 1250M(100%)
[2026-04-03T03:24:47.817+0600][9.445s][info][gc,heap     ] GC(4)                Mark Start          Mark End        Relocate Start      Relocate End           High               Low         
[2026-04-03T03:24:47.817+0600][9.445s][info][gc,heap     ] GC(4)  Capacity:      384M (31%)         498M (40%)         502M (40%)         540M (43%)         540M (43%)         384M (31%)    
[2026-04-03T03:24:47.817+0600][9.445s][info][gc,heap     ] GC(4)      Free:      866M (69%)         752M (60%)         748M (60%)         904M (72%)         904M (72%)         710M (57%)    
[2026-04-03T03:24:47.817+0600][9.445s][info][gc,heap     ] GC(4)      Used:      384M (31%)         498M (40%)         502M (40%)         346M (28%)         540M (43%)         346M (28%)    
[2026-04-03T03:24:47.817+0600][9.445s][info][gc,heap     ] GC(4)      Live:         -               188M (15%)         188M (15%)         188M (15%)            -                  -          
[2026-04-03T03:24:47.817+0600][9.445s][info][gc,heap     ] GC(4) Allocated:         -               114M (9%)          118M (9%)          121M (10%)            -                  -          
[2026-04-03T03:24:47.817+0600][9.445s][info][gc,heap     ] GC(4)   Garbage:         -               195M (16%)         195M (16%)          35M (3%)             -                  -          
[2026-04-03T03:24:47.817+0600][9.445s][info][gc,heap     ] GC(4) Reclaimed:         -                  -                 0M (0%)          159M (13%)            -                  -          
[2026-04-03T03:24:47.817+0600][9.445s][info][gc          ] GC(4) Garbage Collection (Warmup) 384M(31%)->346M(28%)
[2026-04-03T03:24:47.904+0600][9.532s][info][gc,start    ] GC(5) Garbage Collection (Allocation Rate)
[2026-04-03T03:24:47.904+0600][9.532s][info][gc,task     ] GC(5) Using 3 workers
[2026-04-03T03:24:47.904+0600][9.532s][info][gc,phases   ] GC(5) Pause Mark Start 0.022ms
[2026-04-03T03:24:48.441+0600][10.069s][info][gc,phases   ] GC(5) Concurrent Mark 537.004ms
[2026-04-03T03:24:48.442+0600][10.070s][info][gc,phases   ] GC(5) Pause Mark End 0.021ms
[2026-04-03T03:24:48.442+0600][10.070s][info][gc,phases   ] GC(5) Concurrent Mark Free 0.003ms
[2026-04-03T03:24:48.445+0600][10.073s][info][gc,phases   ] GC(5) Concurrent Process Non-Strong References 3.449ms
[2026-04-03T03:24:48.446+0600][10.073s][info][gc,phases   ] GC(5) Concurrent Reset Relocation Set 0.006ms
[2026-04-03T03:24:48.448+0600][10.076s][info][gc,phases   ] GC(5) Concurrent Select Relocation Set 2.164ms
[2026-04-03T03:24:48.448+0600][10.076s][info][gc,phases   ] GC(5) Pause Relocate Start 0.009ms
[2026-04-03T03:24:48.451+0600][10.079s][info][gc,phases   ] GC(5) Concurrent Relocate 2.695ms
[2026-04-03T03:24:48.451+0600][10.079s][info][gc,load     ] GC(5) Load: 4.05/4.54/5.16
[2026-04-03T03:24:48.451+0600][10.079s][info][gc,mmu      ] GC(5) MMU: 2ms/90.1%, 5ms/96.1%, 10ms/97.9%, 20ms/99.0%, 50ms/99.6%, 100ms/99.8%
[2026-04-03T03:24:48.451+0600][10.079s][info][gc,marking  ] GC(5) Mark: 2 stripe(s), 2 proactive flush(es), 1 terminate flush(es), 0 completion(s), 0 continuation(s) 
[2026-04-03T03:24:48.451+0600][10.079s][info][gc,marking  ] GC(5) Mark Stack Usage: 32M
[2026-04-03T03:24:48.451+0600][10.079s][info][gc,nmethod  ] GC(5) NMethods: 3009 registered, 135 unregistered
[2026-04-03T03:24:48.451+0600][10.079s][info][gc,metaspace] GC(5) Metaspace: 48M used, 48M committed, 1088M reserved
[2026-04-03T03:24:48.451+0600][10.079s][info][gc,ref      ] GC(5) Soft: 3981 encountered, 0 discovered, 0 enqueued
[2026-04-03T03:24:48.451+0600][10.079s][info][gc,ref      ] GC(5) Weak: 2751 encountered, 1594 discovered, 0 enqueued
[2026-04-03T03:24:48.451+0600][10.079s][info][gc,ref      ] GC(5) Final: 82 encountered, 0 discovered, 0 enqueued
[2026-04-03T03:24:48.451+0600][10.079s][info][gc,ref      ] GC(5) Phantom: 585 encountered, 480 discovered, 0 enqueued
[2026-04-03T03:24:48.451+0600][10.079s][info][gc,reloc    ] GC(5) Small Pages: 187 / 374M, Empty: 0M, Relocated: 1M, In-Place: 0
[2026-04-03T03:24:48.451+0600][10.079s][info][gc,reloc    ] GC(5) Medium Pages: 1 / 32M, Empty: 0M, Relocated: 0M, In-Place: 0
[2026-04-03T03:24:48.451+0600][10.079s][info][gc,reloc    ] GC(5) Large Pages: 0 / 0M, Empty: 0M, Relocated: 0M, In-Place: 0
[2026-04-03T03:24:48.451+0600][10.079s][info][gc,reloc    ] GC(5) Forwarding Usage: 0M
[2026-04-03T03:24:48.451+0600][10.079s][info][gc,heap     ] GC(5) Min Capacity: 8M(1%)
[2026-04-03T03:24:48.451+0600][10.079s][info][gc,heap     ] GC(5) Max Capacity: 1250M(100%)
[2026-04-03T03:24:48.451+0600][10.079s][info][gc,heap     ] GC(5) Soft Max Capacity: 1250M(100%)
[2026-04-03T03:24:48.451+0600][10.079s][info][gc,heap     ] GC(5)                Mark Start          Mark End        Relocate Start      Relocate End           High               Low         
[2026-04-03T03:24:48.451+0600][10.079s][info][gc,heap     ] GC(5)  Capacity:      540M (43%)         646M (52%)         648M (52%)         654M (52%)         654M (52%)         540M (43%)    
[2026-04-03T03:24:48.451+0600][10.079s][info][gc,heap     ] GC(5)      Free:      844M (68%)         604M (48%)         602M (48%)         606M (48%)         844M (68%)         596M (48%)    
[2026-04-03T03:24:48.451+0600][10.079s][info][gc,heap     ] GC(5)      Used:      406M (32%)         646M (52%)         648M (52%)         644M (52%)         654M (52%)         406M (32%)    
[2026-04-03T03:24:48.451+0600][10.079s][info][gc,heap     ] GC(5)      Live:         -               362M (29%)         362M (29%)         362M (29%)            -                  -          
[2026-04-03T03:24:48.451+0600][10.079s][info][gc,heap     ] GC(5) Allocated:         -               240M (19%)         242M (19%)         242M (19%)            -                  -          
[2026-04-03T03:24:48.451+0600][10.079s][info][gc,heap     ] GC(5)   Garbage:         -                43M (3%)           43M (3%)           39M (3%)             -                  -          
[2026-04-03T03:24:48.451+0600][10.079s][info][gc,heap     ] GC(5) Reclaimed:         -                  -                 0M (0%)            4M (0%)             -                  -          
[2026-04-03T03:24:48.451+0600][10.079s][info][gc          ] GC(5) Garbage Collection (Allocation Rate) 406M(32%)->644M(52%)
[2026-04-03T03:24:48.503+0600][10.131s][info][gc,stats    ] === Garbage Collection Statistics =======================================================================================================================
[2026-04-03T03:24:48.503+0600][10.131s][info][gc,stats    ]                                                              Last 10s              Last 10m              Last 10h                Total
[2026-04-03T03:24:48.503+0600][10.131s][info][gc,stats    ]                                                              Avg / Max             Avg / Max             Avg / Max             Avg / Max
[2026-04-03T03:24:48.503+0600][10.131s][info][gc,stats    ]   Collector: Garbage Collection Cycle                    161.474 / 547.066     161.474 / 547.066     161.474 / 547.066     161.474 / 547.066     ms
[2026-04-03T03:24:48.503+0600][10.131s][info][gc,stats    ]  Contention: Mark Segment Reset Contention                     1 / 10                1 / 10                1 / 10                1 / 10          ops/s
[2026-04-03T03:24:48.503+0600][10.131s][info][gc,stats    ]  Contention: Mark SeqNum Reset Contention                      0 / 0                 0 / 0                 0 / 0                 0 / 0           ops/s
[2026-04-03T03:24:48.503+0600][10.131s][info][gc,stats    ]    Critical: Allocation Stall                                  0 / 0                 0 / 0                 0 / 0                 0 / 0           ops/s
[2026-04-03T03:24:48.503+0600][10.131s][info][gc,stats    ]    Critical: Allocation Stall                              0.000 / 0.000         0.000 / 0.000         0.000 / 0.000         0.000 / 0.000       ms
[2026-04-03T03:24:48.503+0600][10.131s][info][gc,start    ] GC(6) Garbage Collection (Allocation Rate)
[2026-04-03T03:24:48.504+0600][10.131s][info][gc,task     ] GC(6) Using 3 workers
[2026-04-03T03:24:48.503+0600][10.131s][info][gc,stats    ]    Critical: GC Locker Stall                                   0 / 1                 0 / 1                 0 / 1                 0 / 1           ops/s
[2026-04-03T03:24:48.504+0600][10.132s][info][gc,stats    ]    Critical: GC Locker Stall                               0.001 / 0.001         0.001 / 0.001         0.001 / 0.001         0.001 / 0.001       ms
[2026-04-03T03:24:48.504+0600][10.132s][info][gc,stats    ]    Critical: Relocation Stall                                  0 / 0                 0 / 0                 0 / 0                 0 / 0           ops/s
[2026-04-03T03:24:48.504+0600][10.132s][info][gc,stats    ]    Critical: Relocation Stall                              0.000 / 0.000         0.000 / 0.000         0.000 / 0.000         0.000 / 0.000       ms
[2026-04-03T03:24:48.504+0600][10.132s][info][gc,stats    ]      Memory: Allocation Rate                                 152 / 450             152 / 450             152 / 450             152 / 450         MB/s
[2026-04-03T03:24:48.504+0600][10.132s][info][gc,stats    ]      Memory: Defragment                                        4 / 32                4 / 32                4 / 32                4 / 32          ops/s
[2026-04-03T03:24:48.504+0600][10.132s][info][gc,stats    ]      Memory: Out Of Memory                                     0 / 0                 0 / 0                 0 / 0                 0 / 0           ops/s
[2026-04-03T03:24:48.527+0600][10.155s][info][gc,stats    ]      Memory: Page Cache Flush                                  9 / 64                9 / 64                9 / 64                9 / 64          MB/s
[2026-04-03T03:24:48.527+0600][10.155s][info][gc,stats    ]      Memory: Page Cache Hit L1                                40 / 91               40 / 91               40 / 91               40 / 91          ops/s
[2026-04-03T03:24:48.527+0600][10.155s][info][gc,stats    ]      Memory: Page Cache Hit L2                                 0 / 0                 0 / 0                 0 / 0                 0 / 0           ops/s
[2026-04-03T03:24:48.527+0600][10.155s][info][gc,stats    ]      Memory: Page Cache Hit L3                                16 / 79               16 / 79               16 / 79               16 / 79          ops/s
[2026-04-03T03:24:48.504+0600][10.132s][info][gc,phases   ] GC(6) Pause Mark Start 0.009ms
[2026-04-03T03:24:48.527+0600][10.155s][info][gc,stats    ]      Memory: Page Cache Miss                                  15 / 128              15 / 128              15 / 128              15 / 128         ops/s
[2026-04-03T03:24:48.527+0600][10.155s][info][gc,stats    ]      Memory: Uncommit                                          0 / 0                 0 / 0                 0 / 0                 0 / 0           MB/s
[2026-04-03T03:24:48.527+0600][10.155s][info][gc,stats    ]      Memory: Undo Object Allocation Failed                     0 / 0                 0 / 0                 0 / 0                 0 / 0           ops/s
[2026-04-03T03:24:48.527+0600][10.155s][info][gc,stats    ]      Memory: Undo Object Allocation Succeeded                  0 / 1                 0 / 1                 0 / 1                 0 / 1           ops/s
[2026-04-03T03:24:48.527+0600][10.155s][info][gc,stats    ]      Memory: Undo Page Allocation                              0 / 0                 0 / 0                 0 / 0                 0 / 0           ops/s
[2026-04-03T03:24:48.527+0600][10.155s][info][gc,stats    ]       Phase: Concurrent Mark                             144.146 / 537.004     144.146 / 537.004     144.146 / 537.004     144.146 / 537.004     ms
[2026-04-03T03:24:48.527+0600][10.155s][info][gc,stats    ]       Phase: Concurrent Mark Continue                      0.000 / 0.000         0.000 / 0.000         0.000 / 0.000         0.000 / 0.000       ms
[2026-04-03T03:24:48.528+0600][10.155s][info][gc,stats    ]       Phase: Concurrent Mark Free                          0.002 / 0.003         0.002 / 0.003         0.002 / 0.003         0.002 / 0.003       ms
[2026-04-03T03:24:48.528+0600][10.155s][info][gc,stats    ]       Phase: Concurrent Process Non-Strong References      2.853 / 3.852         2.853 / 3.852         2.853 / 3.852         2.853 / 3.852       ms
[2026-04-03T03:24:48.528+0600][10.156s][info][gc,stats    ]       Phase: Concurrent Relocate                           8.987 / 22.597        8.987 / 22.597        8.987 / 22.597        8.987 / 22.597      ms
[2026-04-03T03:24:48.528+0600][10.156s][info][gc,stats    ]       Phase: Concurrent Reset Relocation Set               0.006 / 0.012         0.006 / 0.012         0.006 / 0.012         0.006 / 0.012       ms
[2026-04-03T03:24:48.528+0600][10.156s][info][gc,stats    ]       Phase: Concurrent Select Relocation Set              3.644 / 7.505         3.644 / 7.505         3.644 / 7.505         3.644 / 7.505       ms
[2026-04-03T03:24:48.528+0600][10.156s][info][gc,stats    ]       Phase: Pause Mark End                                0.048 / 0.197         0.048 / 0.197         0.048 / 0.197         0.048 / 0.197       ms
[2026-04-03T03:24:48.528+0600][10.156s][info][gc,stats    ]       Phase: Pause Mark Start                              0.013 / 0.022         0.013 / 0.022         0.013 / 0.022         0.013 / 0.022       ms
[2026-04-03T03:24:48.528+0600][10.156s][info][gc,stats    ]       Phase: Pause Relocate Start                          0.010 / 0.012         0.010 / 0.012         0.010 / 0.012         0.010 / 0.012       ms
[2026-04-03T03:24:48.528+0600][10.156s][info][gc,stats    ]    Subphase: Concurrent Classes Purge                      0.147 / 0.277         0.147 / 0.277         0.147 / 0.277         0.147 / 0.277       ms
[2026-04-03T03:24:48.528+0600][10.156s][info][gc,stats    ]    Subphase: Concurrent Classes Unlink                     1.652 / 2.228         1.652 / 2.228         1.652 / 2.228         1.652 / 2.228       ms
[2026-04-03T03:24:48.528+0600][10.156s][info][gc,stats    ]    Subphase: Concurrent Mark                             142.600 / 536.330     142.600 / 536.330     142.600 / 536.330     142.600 / 536.330     ms
[2026-04-03T03:24:48.528+0600][10.156s][info][gc,stats    ]    Subphase: Concurrent Mark Try Flush                     0.142 / 0.575         0.142 / 0.575         0.142 / 0.575         0.142 / 0.575       ms
[2026-04-03T03:24:48.528+0600][10.156s][info][gc,stats    ]    Subphase: Concurrent Mark Try Terminate                 1.100 / 1.241         1.100 / 1.241         1.100 / 1.241         1.100 / 1.241       ms
[2026-04-03T03:24:48.528+0600][10.156s][info][gc,stats    ]    Subphase: Concurrent References Enqueue                 0.005 / 0.007         0.005 / 0.007         0.005 / 0.007         0.005 / 0.007       ms
[2026-04-03T03:24:48.528+0600][10.156s][info][gc,stats    ]    Subphase: Concurrent References Process                 0.298 / 0.470         0.298 / 0.470         0.298 / 0.470         0.298 / 0.470       ms
[2026-04-03T03:24:48.528+0600][10.156s][info][gc,stats    ]    Subphase: Concurrent Roots ClassLoaderDataGraph         0.146 / 0.405         0.146 / 0.405         0.146 / 0.405         0.146 / 0.405       ms
[2026-04-03T03:24:48.528+0600][10.156s][info][gc,stats    ]    Subphase: Concurrent Roots CodeCache                    0.000 / 0.000         0.000 / 0.000         0.000 / 0.000         0.000 / 0.000       ms
[2026-04-03T03:24:48.528+0600][10.156s][info][gc,stats    ]    Subphase: Concurrent Roots JavaThreads                  0.517 / 2.260         0.517 / 2.260         0.517 / 2.260         0.517 / 2.260       ms
[2026-04-03T03:24:48.528+0600][10.156s][info][gc,stats    ]    Subphase: Concurrent Roots OopStorageSet                0.052 / 0.092         0.052 / 0.092         0.052 / 0.092         0.052 / 0.092       ms
[2026-04-03T03:24:48.528+0600][10.156s][info][gc,stats    ]    Subphase: Concurrent Weak Roots OopStorageSet           0.391 / 0.589         0.391 / 0.589         0.391 / 0.589         0.391 / 0.589       ms
[2026-04-03T03:24:48.528+0600][10.156s][info][gc,stats    ]    Subphase: Pause Mark Try Complete                       0.002 / 0.006         0.002 / 0.006         0.002 / 0.006         0.002 / 0.006       ms
[2026-04-03T03:24:48.528+0600][10.156s][info][gc,stats    ]      System: Java Threads                                     31 / 61               31 / 61               31 / 61               31 / 61          threads
[2026-04-03T03:24:48.528+0600][10.156s][info][gc,stats    ] =========================================================================================================================================================
[2026-04-03T03:24:49.464+0600][11.092s][info][gc,phases   ] GC(6) Concurrent Mark 936.488ms
[2026-04-03T03:24:49.464+0600][11.092s][info][gc,phases   ] GC(6) Pause Mark End 0.057ms
[2026-04-03T03:24:49.464+0600][11.092s][info][gc,phases   ] GC(6) Concurrent Mark Free 0.002ms
[2026-04-03T03:24:49.468+0600][11.096s][info][gc,phases   ] GC(6) Concurrent Process Non-Strong References 3.302ms
[2026-04-03T03:24:49.468+0600][11.096s][info][gc,phases   ] GC(6) Concurrent Reset Relocation Set 0.002ms
[2026-04-03T03:24:49.470+0600][11.098s][info][gc,phases   ] GC(6) Concurrent Select Relocation Set 2.120ms
[2026-04-03T03:24:49.470+0600][11.098s][info][gc,phases   ] GC(6) Pause Relocate Start 0.012ms
[2026-04-03T03:24:49.474+0600][11.102s][info][gc,phases   ] GC(6) Concurrent Relocate 3.485ms
[2026-04-03T03:24:49.474+0600][11.102s][info][gc,load     ] GC(6) Load: 4.05/4.54/5.16
[2026-04-03T03:24:49.474+0600][11.102s][info][gc,mmu      ] GC(6) MMU: 2ms/90.1%, 5ms/96.1%, 10ms/97.9%, 20ms/99.0%, 50ms/99.6%, 100ms/99.8%
[2026-04-03T03:24:49.474+0600][11.102s][info][gc,marking  ] GC(6) Mark: 2 stripe(s), 10 proactive flush(es), 2 terminate flush(es), 0 completion(s), 0 continuation(s) 
[2026-04-03T03:24:49.474+0600][11.102s][info][gc,marking  ] GC(6) Mark Stack Usage: 32M
[2026-04-03T03:24:49.474+0600][11.102s][info][gc,nmethod  ] GC(6) NMethods: 3071 registered, 135 unregistered
[2026-04-03T03:24:49.474+0600][11.102s][info][gc,metaspace] GC(6) Metaspace: 48M used, 48M committed, 1088M reserved
[2026-04-03T03:24:49.474+0600][11.102s][info][gc,ref      ] GC(6) Soft: 3981 encountered, 0 discovered, 0 enqueued
[2026-04-03T03:24:49.474+0600][11.102s][info][gc,ref      ] GC(6) Weak: 2751 encountered, 1560 discovered, 0 enqueued
[2026-04-03T03:24:49.474+0600][11.102s][info][gc,ref      ] GC(6) Final: 82 encountered, 0 discovered, 0 enqueued
[2026-04-03T03:24:49.474+0600][11.102s][info][gc,ref      ] GC(6) Phantom: 585 encountered, 452 discovered, 0 enqueued
[2026-04-03T03:24:49.474+0600][11.102s][info][gc,reloc    ] GC(6) Small Pages: 319 / 638M, Empty: 0M, Relocated: 1M, In-Place: 0
[2026-04-03T03:24:49.474+0600][11.102s][info][gc,reloc    ] GC(6) Medium Pages: 1 / 32M, Empty: 0M, Relocated: 0M, In-Place: 0
[2026-04-03T03:24:49.474+0600][11.102s][info][gc,reloc    ] GC(6) Large Pages: 0 / 0M, Empty: 0M, Relocated: 0M, In-Place: 0
[2026-04-03T03:24:49.474+0600][11.102s][info][gc,reloc    ] GC(6) Forwarding Usage: 0M
[2026-04-03T03:24:49.474+0600][11.102s][info][gc,heap     ] GC(6) Min Capacity: 8M(1%)
[2026-04-03T03:24:49.474+0600][11.102s][info][gc,heap     ] GC(6) Max Capacity: 1250M(100%)
[2026-04-03T03:24:49.474+0600][11.102s][info][gc,heap     ] GC(6) Soft Max Capacity: 1250M(100%)
[2026-04-03T03:24:49.474+0600][11.102s][info][gc,heap     ] GC(6)                Mark Start          Mark End        Relocate Start      Relocate End           High               Low         
[2026-04-03T03:24:49.474+0600][11.102s][info][gc,heap     ] GC(6)  Capacity:      670M (54%)         782M (63%)         782M (63%)         788M (63%)         788M (63%)         670M (54%)    
[2026-04-03T03:24:49.474+0600][11.102s][info][gc,heap     ] GC(6)      Free:      580M (46%)         468M (37%)         468M (37%)         472M (38%)         580M (46%)         462M (37%)    
[2026-04-03T03:24:49.474+0600][11.102s][info][gc,heap     ] GC(6)      Used:      670M (54%)         782M (63%)         782M (63%)         778M (62%)         788M (63%)         670M (54%)    
[2026-04-03T03:24:49.474+0600][11.102s][info][gc,heap     ] GC(6)      Live:         -               622M (50%)         622M (50%)         622M (50%)            -                  -          
[2026-04-03T03:24:49.474+0600][11.102s][info][gc,heap     ] GC(6) Allocated:         -               112M (9%)          112M (9%)          111M (9%)             -                  -          
[2026-04-03T03:24:49.474+0600][11.102s][info][gc,heap     ] GC(6)   Garbage:         -                47M (4%)           47M (4%)           43M (3%)             -                  -          
[2026-04-03T03:24:49.474+0600][11.102s][info][gc,heap     ] GC(6) Reclaimed:         -                  -                 0M (0%)            3M (0%)             -                  -          
[2026-04-03T03:24:49.474+0600][11.102s][info][gc          ] GC(6) Garbage Collection (Allocation Rate) 670M(54%)->778M(62%)
[2026-04-03T03:24:49.504+0600][11.132s][info][gc,start    ] GC(7) Garbage Collection (Allocation Rate)
[2026-04-03T03:24:49.504+0600][11.132s][info][gc,task     ] GC(7) Using 3 workers
[2026-04-03T03:24:49.504+0600][11.132s][info][gc,phases   ] GC(7) Pause Mark Start 0.008ms
[2026-04-03T03:24:50.531+0600][12.159s][info][gc,phases   ] GC(7) Concurrent Mark 1026.634ms
[2026-04-03T03:24:50.531+0600][12.159s][info][gc,phases   ] GC(7) Pause Mark End 0.024ms
[2026-04-03T03:24:50.531+0600][12.159s][info][gc,phases   ] GC(7) Concurrent Mark Free 0.002ms
[2026-04-03T03:24:50.535+0600][12.163s][info][gc,phases   ] GC(7) Concurrent Process Non-Strong References 3.727ms
[2026-04-03T03:24:50.535+0600][12.163s][info][gc,phases   ] GC(7) Concurrent Reset Relocation Set 0.002ms
[2026-04-03T03:24:50.538+0600][12.166s][info][gc,phases   ] GC(7) Concurrent Select Relocation Set 2.634ms
[2026-04-03T03:24:50.538+0600][12.166s][info][gc,phases   ] GC(7) Pause Relocate Start 0.040ms
[2026-04-03T03:24:50.544+0600][12.172s][info][gc,phases   ] GC(7) Concurrent Relocate 5.786ms
[2026-04-03T03:24:50.544+0600][12.172s][info][gc,load     ] GC(7) Load: 3.97/4.52/5.15
[2026-04-03T03:24:50.544+0600][12.172s][info][gc,mmu      ] GC(7) MMU: 2ms/90.1%, 5ms/96.1%, 10ms/97.9%, 20ms/99.0%, 50ms/99.6%, 100ms/99.8%
[2026-04-03T03:24:50.544+0600][12.172s][info][gc,marking  ] GC(7) Mark: 2 stripe(s), 2 proactive flush(es), 1 terminate flush(es), 0 completion(s), 0 continuation(s) 
[2026-04-03T03:24:50.544+0600][12.172s][info][gc,marking  ] GC(7) Mark Stack Usage: 32M
[2026-04-03T03:24:50.544+0600][12.172s][info][gc,nmethod  ] GC(7) NMethods: 3163 registered, 175 unregistered
[2026-04-03T03:24:50.544+0600][12.172s][info][gc,metaspace] GC(7) Metaspace: 51M used, 51M committed, 1088M reserved
[2026-04-03T03:24:50.544+0600][12.172s][info][gc,ref      ] GC(7) Soft: 3981 encountered, 0 discovered, 0 enqueued
[2026-04-03T03:24:50.544+0600][12.172s][info][gc,ref      ] GC(7) Weak: 2751 encountered, 665 discovered, 0 enqueued
[2026-04-03T03:24:50.544+0600][12.172s][info][gc,ref      ] GC(7) Final: 82 encountered, 2 discovered, 0 enqueued
[2026-04-03T03:24:50.544+0600][12.172s][info][gc,ref      ] GC(7) Phantom: 586 encountered, 540 discovered, 0 enqueued
[2026-04-03T03:24:50.544+0600][12.172s][info][gc,reloc    ] GC(7) Small Pages: 373 / 746M, Empty: 0M, Relocated: 3M, In-Place: 0
[2026-04-03T03:24:50.544+0600][12.172s][info][gc,reloc    ] GC(7) Medium Pages: 1 / 32M, Empty: 0M, Relocated: 0M, In-Place: 0
[2026-04-03T03:24:50.544+0600][12.172s][info][gc,reloc    ] GC(7) Large Pages: 0 / 0M, Empty: 0M, Relocated: 0M, In-Place: 0
[2026-04-03T03:24:50.544+0600][12.172s][info][gc,reloc    ] GC(7) Forwarding Usage: 1M
[2026-04-03T03:24:50.544+0600][12.172s][info][gc,heap     ] GC(7) Min Capacity: 8M(1%)
[2026-04-03T03:24:50.544+0600][12.172s][info][gc,heap     ] GC(7) Max Capacity: 1250M(100%)
[2026-04-03T03:24:50.544+0600][12.172s][info][gc,heap     ] GC(7) Soft Max Capacity: 1250M(100%)
[2026-04-03T03:24:50.544+0600][12.172s][info][gc,heap     ] GC(7)                Mark Start          Mark End        Relocate Start      Relocate End           High               Low         
[2026-04-03T03:24:50.544+0600][12.172s][info][gc,heap     ] GC(7)  Capacity:      788M (63%)         870M (70%)         870M (70%)         878M (70%)         878M (70%)         788M (63%)    
[2026-04-03T03:24:50.544+0600][12.172s][info][gc,heap     ] GC(7)      Free:      472M (38%)         380M (30%)         380M (30%)         388M (31%)         472M (38%)         372M (30%)    
[2026-04-03T03:24:50.544+0600][12.172s][info][gc,heap     ] GC(7)      Used:      778M (62%)         870M (70%)         870M (70%)         862M (69%)         878M (70%)         778M (62%)    
[2026-04-03T03:24:50.544+0600][12.172s][info][gc,heap     ] GC(7)      Live:         -               725M (58%)         725M (58%)         725M (58%)            -                  -          
[2026-04-03T03:24:50.544+0600][12.172s][info][gc,heap     ] GC(7) Allocated:         -                92M (7%)           92M (7%)           93M (8%)             -                  -          
[2026-04-03T03:24:50.544+0600][12.172s][info][gc,heap     ] GC(7)   Garbage:         -                52M (4%)           52M (4%)           42M (3%)             -                  -          
[2026-04-03T03:24:50.544+0600][12.172s][info][gc,heap     ] GC(7) Reclaimed:         -                  -                 0M (0%)            9M (1%)             -                  -          
[2026-04-03T03:24:50.544+0600][12.172s][info][gc          ] GC(7) Garbage Collection (Allocation Rate) 778M(62%)->862M(69%)
[2026-04-03T03:24:51.204+0600][12.832s][info][gc,start    ] GC(8) Garbage Collection (Allocation Rate)
[2026-04-03T03:24:51.204+0600][12.832s][info][gc,task     ] GC(8) Using 3 workers
[2026-04-03T03:24:51.205+0600][12.833s][info][gc,phases   ] GC(8) Pause Mark Start 0.010ms
[2026-04-03T03:24:51.224+0600][12.852s][info][gc,phases   ] GC(8) Concurrent Mark 19.229ms
[2026-04-03T03:24:51.224+0600][12.852s][info][gc,phases   ] GC(8) Pause Mark End 0.021ms
[2026-04-03T03:24:51.225+0600][12.852s][info][gc,phases   ] GC(8) Concurrent Mark Free 0.003ms
[2026-04-03T03:24:51.228+0600][12.856s][info][gc,phases   ] GC(8) Concurrent Process Non-Strong References 3.896ms
[2026-04-03T03:24:51.228+0600][12.856s][info][gc,phases   ] GC(8) Concurrent Reset Relocation Set 0.002ms
[2026-04-03T03:24:51.231+0600][12.859s][info][gc,phases   ] GC(8) Concurrent Select Relocation Set 2.812ms
[2026-04-03T03:24:51.232+0600][12.860s][info][gc,phases   ] GC(8) Pause Relocate Start 0.018ms
[2026-04-03T03:24:51.235+0600][12.863s][info][gc,phases   ] GC(8) Concurrent Relocate 3.317ms
[2026-04-03T03:24:51.235+0600][12.863s][info][gc,load     ] GC(8) Load: 3.97/4.52/5.15
[2026-04-03T03:24:51.235+0600][12.863s][info][gc,mmu      ] GC(8) MMU: 2ms/90.1%, 5ms/96.1%, 10ms/97.9%, 20ms/99.0%, 50ms/99.6%, 100ms/99.8%
[2026-04-03T03:24:51.235+0600][12.863s][info][gc,marking  ] GC(8) Mark: 2 stripe(s), 2 proactive flush(es), 1 terminate flush(es), 0 completion(s), 0 continuation(s) 
[2026-04-03T03:24:51.235+0600][12.863s][info][gc,marking  ] GC(8) Mark Stack Usage: 32M
[2026-04-03T03:24:51.235+0600][12.863s][info][gc,nmethod  ] GC(8) NMethods: 3136 registered, 222 unregistered
[2026-04-03T03:24:51.235+0600][12.863s][info][gc,metaspace] GC(8) Metaspace: 51M used, 52M committed, 1088M reserved
[2026-04-03T03:24:51.235+0600][12.863s][info][gc,ref      ] GC(8) Soft: 4017 encountered, 0 discovered, 0 enqueued
[2026-04-03T03:24:51.235+0600][12.863s][info][gc,ref      ] GC(8) Weak: 3174 encountered, 1439 discovered, 179 enqueued
[2026-04-03T03:24:51.235+0600][12.863s][info][gc,ref      ] GC(8) Final: 82 encountered, 2 discovered, 0 enqueued
[2026-04-03T03:24:51.235+0600][12.863s][info][gc,ref      ] GC(8) Phantom: 589 encountered, 520 discovered, 1 enqueued
[2026-04-03T03:24:51.235+0600][12.863s][info][gc,reloc    ] GC(8) Small Pages: 400 / 800M, Empty: 690M, Relocated: 5M, In-Place: 0
[2026-04-03T03:24:51.235+0600][12.863s][info][gc,reloc    ] GC(8) Medium Pages: 2 / 64M, Empty: 32M, Relocated: 0M, In-Place: 0
[2026-04-03T03:24:51.235+0600][12.863s][info][gc,reloc    ] GC(8) Large Pages: 0 / 0M, Empty: 0M, Relocated: 0M, In-Place: 0
[2026-04-03T03:24:51.235+0600][12.863s][info][gc,reloc    ] GC(8) Forwarding Usage: 1M
[2026-04-03T03:24:51.235+0600][12.863s][info][gc,heap     ] GC(8) Min Capacity: 8M(1%)
[2026-04-03T03:24:51.235+0600][12.863s][info][gc,heap     ] GC(8) Max Capacity: 1250M(100%)
[2026-04-03T03:24:51.235+0600][12.863s][info][gc,heap     ] GC(8) Soft Max Capacity: 1250M(100%)
[2026-04-03T03:24:51.235+0600][12.863s][info][gc,heap     ] GC(8)                Mark Start          Mark End        Relocate Start      Relocate End           High               Low         
[2026-04-03T03:24:51.235+0600][12.863s][info][gc,heap     ] GC(8)  Capacity:      878M (70%)         878M (70%)         878M (70%)         878M (70%)         878M (70%)         878M (70%)    
[2026-04-03T03:24:51.235+0600][12.863s][info][gc,heap     ] GC(8)      Free:      386M (31%)         386M (31%)        1106M (88%)        1184M (95%)        1184M (95%)         386M (31%)    
[2026-04-03T03:24:51.235+0600][12.863s][info][gc,heap     ] GC(8)      Used:      864M (69%)         864M (69%)         144M (12%)          66M (5%)          864M (69%)          66M (5%)     
[2026-04-03T03:24:51.235+0600][12.863s][info][gc,heap     ] GC(8)      Live:         -                30M (2%)           30M (2%)           30M (2%)             -                  -          
[2026-04-03T03:24:51.235+0600][12.863s][info][gc,heap     ] GC(8) Allocated:         -                 0M (0%)            2M (0%)            3M (0%)             -                  -          
[2026-04-03T03:24:51.235+0600][12.863s][info][gc,heap     ] GC(8)   Garbage:         -               833M (67%)         111M (9%)           31M (2%)             -                  -          
[2026-04-03T03:24:51.235+0600][12.863s][info][gc,heap     ] GC(8) Reclaimed:         -                  -               722M (58%)         801M (64%)            -                  -          
[2026-04-03T03:24:51.235+0600][12.863s][info][gc          ] GC(8) Garbage Collection (Allocation Rate) 864M(69%)->66M(5%)
[2026-04-03T03:24:51.796+0600][13.424s][info][gc,start    ] GC(9) Garbage Collection (System.gc())
[2026-04-03T03:24:51.796+0600][13.424s][info][gc,task     ] GC(9) Using 3 workers
[2026-04-03T03:24:51.796+0600][13.424s][info][gc,phases   ] GC(9) Pause Mark Start 0.009ms
[2026-04-03T03:24:51.820+0600][13.448s][info][gc,phases   ] GC(9) Concurrent Mark 23.378ms
[2026-04-03T03:24:51.820+0600][13.448s][info][gc,phases   ] GC(9) Pause Mark End 0.023ms
[2026-04-03T03:24:51.820+0600][13.448s][info][gc,phases   ] GC(9) Concurrent Mark Free 0.001ms
[2026-04-03T03:24:51.824+0600][13.452s][info][gc,phases   ] GC(9) Concurrent Process Non-Strong References 4.156ms
[2026-04-03T03:24:51.824+0600][13.452s][info][gc,phases   ] GC(9) Concurrent Reset Relocation Set 0.010ms
[2026-04-03T03:24:51.827+0600][13.455s][info][gc,phases   ] GC(9) Concurrent Select Relocation Set 3.079ms
[2026-04-03T03:24:51.827+0600][13.455s][info][gc,phases   ] GC(9) Pause Relocate Start 0.011ms
[2026-04-03T03:24:51.829+0600][13.457s][info][gc,phases   ] GC(9) Concurrent Relocate 1.856ms
[2026-04-03T03:24:51.829+0600][13.457s][info][gc,load     ] GC(9) Load: 3.97/4.52/5.15
[2026-04-03T03:24:51.829+0600][13.457s][info][gc,mmu      ] GC(9) MMU: 2ms/90.1%, 5ms/96.1%, 10ms/97.9%, 20ms/99.0%, 50ms/99.6%, 100ms/99.8%
[2026-04-03T03:24:51.830+0600][13.457s][info][gc,marking  ] GC(9) Mark: 2 stripe(s), 2 proactive flush(es), 1 terminate flush(es), 0 completion(s), 0 continuation(s) 
[2026-04-03T03:24:51.830+0600][13.457s][info][gc,marking  ] GC(9) Mark Stack Usage: 32M
[2026-04-03T03:24:51.830+0600][13.457s][info][gc,nmethod  ] GC(9) NMethods: 3431 registered, 307 unregistered
[2026-04-03T03:24:51.830+0600][13.457s][info][gc,metaspace] GC(9) Metaspace: 55M used, 56M committed, 1088M reserved
[2026-04-03T03:24:51.830+0600][13.457s][info][gc,ref      ] GC(9) Soft: 4280 encountered, 0 discovered, 0 enqueued
[2026-04-03T03:24:51.830+0600][13.458s][info][gc,ref      ] GC(9) Weak: 3850 encountered, 540 discovered, 256 enqueued
[2026-04-03T03:24:51.830+0600][13.458s][info][gc,ref      ] GC(9) Final: 82 encountered, 18 discovered, 0 enqueued
[2026-04-03T03:24:51.830+0600][13.458s][info][gc,ref      ] GC(9) Phantom: 586 encountered, 535 discovered, 0 enqueued
[2026-04-03T03:24:51.830+0600][13.458s][info][gc,reloc    ] GC(9) Small Pages: 38 / 76M, Empty: 0M, Relocated: 3M, In-Place: 0
[2026-04-03T03:24:51.830+0600][13.458s][info][gc,reloc    ] GC(9) Medium Pages: 2 / 64M, Empty: 32M, Relocated: 0M, In-Place: 0
[2026-04-03T03:24:51.830+0600][13.458s][info][gc,reloc    ] GC(9) Large Pages: 1 / 6M, Empty: 6M, Relocated: 0M, In-Place: 0
[2026-04-03T03:24:51.830+0600][13.458s][info][gc,reloc    ] GC(9) Forwarding Usage: 0M
[2026-04-03T03:24:51.830+0600][13.458s][info][gc,heap     ] GC(9) Min Capacity: 8M(1%)
[2026-04-03T03:24:51.830+0600][13.458s][info][gc,heap     ] GC(9) Max Capacity: 1250M(100%)
[2026-04-03T03:24:51.830+0600][13.458s][info][gc,heap     ] GC(9) Soft Max Capacity: 1250M(100%)
[2026-04-03T03:24:51.830+0600][13.458s][info][gc,heap     ] GC(9)                Mark Start          Mark End        Relocate Start      Relocate End           High               Low         
[2026-04-03T03:24:51.830+0600][13.458s][info][gc,heap     ] GC(9)  Capacity:      884M (71%)         884M (71%)         884M (71%)         884M (71%)         884M (71%)         884M (71%)    
[2026-04-03T03:24:51.830+0600][13.458s][info][gc,heap     ] GC(9)      Free:     1104M (88%)        1102M (88%)        1140M (91%)        1184M (95%)        1184M (95%)        1102M (88%)    
[2026-04-03T03:24:51.830+0600][13.458s][info][gc,heap     ] GC(9)      Used:      146M (12%)         148M (12%)         110M (9%)           66M (5%)          148M (12%)          66M (5%)     
[2026-04-03T03:24:51.830+0600][13.458s][info][gc,heap     ] GC(9)      Live:         -                32M (3%)           32M (3%)           32M (3%)             -                  -          
[2026-04-03T03:24:51.830+0600][13.458s][info][gc,heap     ] GC(9) Allocated:         -                 2M (0%)            2M (0%)            2M (0%)             -                  -          
[2026-04-03T03:24:51.830+0600][13.458s][info][gc,heap     ] GC(9)   Garbage:         -               113M (9%)           75M (6%)           31M (3%)             -                  -          
[2026-04-03T03:24:51.830+0600][13.458s][info][gc,heap     ] GC(9) Reclaimed:         -                  -                38M (3%)           82M (7%)             -                  -          
[2026-04-03T03:24:51.830+0600][13.458s][info][gc          ] GC(9) Garbage Collection (System.gc()) 146M(12%)->66M(5%)
[2026-04-03T03:24:54.204+0600][15.832s][info][gc,start    ] GC(10) Garbage Collection (Allocation Rate)
[2026-04-03T03:24:54.204+0600][15.832s][info][gc,task     ] GC(10) Using 3 workers
[2026-04-03T03:24:54.204+0600][15.832s][info][gc,phases   ] GC(10) Pause Mark Start 0.014ms
[2026-04-03T03:24:54.235+0600][15.863s][info][gc,phases   ] GC(10) Concurrent Mark 30.902ms
[2026-04-03T03:24:54.235+0600][15.863s][info][gc,phases   ] GC(10) Pause Mark End 0.048ms
[2026-04-03T03:24:54.235+0600][15.863s][info][gc,phases   ] GC(10) Concurrent Mark Free 0.001ms
[2026-04-03T03:24:54.253+0600][15.881s][info][gc,phases   ] GC(10) Concurrent Process Non-Strong References 17.920ms
[2026-04-03T03:24:54.253+0600][15.881s][info][gc,phases   ] GC(10) Concurrent Reset Relocation Set 0.005ms
[2026-04-03T03:24:54.257+0600][15.885s][info][gc,phases   ] GC(10) Concurrent Select Relocation Set 4.001ms
[2026-04-03T03:24:54.258+0600][15.886s][info][gc,phases   ] GC(10) Pause Relocate Start 0.040ms
[2026-04-03T03:24:54.263+0600][15.891s][info][gc,phases   ] GC(10) Concurrent Relocate 4.259ms
[2026-04-03T03:24:54.263+0600][15.891s][info][gc,load     ] GC(10) Load: 3.97/4.52/5.15
[2026-04-03T03:24:54.263+0600][15.891s][info][gc,mmu      ] GC(10) MMU: 2ms/90.1%, 5ms/96.1%, 10ms/97.9%, 20ms/99.0%, 50ms/99.6%, 100ms/99.8%
[2026-04-03T03:24:54.263+0600][15.891s][info][gc,marking  ] GC(10) Mark: 2 stripe(s), 2 proactive flush(es), 1 terminate flush(es), 0 completion(s), 0 continuation(s) 
[2026-04-03T03:24:54.263+0600][15.891s][info][gc,marking  ] GC(10) Mark Stack Usage: 32M
[2026-04-03T03:24:54.263+0600][15.891s][info][gc,nmethod  ] GC(10) NMethods: 4236 registered, 565 unregistered
[2026-04-03T03:24:54.263+0600][15.891s][info][gc,metaspace] GC(10) Metaspace: 64M used, 65M committed, 1088M reserved
[2026-04-03T03:24:54.263+0600][15.891s][info][gc,ref      ] GC(10) Soft: 4764 encountered, 0 discovered, 0 enqueued
[2026-04-03T03:24:54.263+0600][15.891s][info][gc,ref      ] GC(10) Weak: 5876 encountered, 1639 discovered, 747 enqueued
[2026-04-03T03:24:54.263+0600][15.891s][info][gc,ref      ] GC(10) Final: 82 encountered, 0 discovered, 0 enqueued
[2026-04-03T03:24:54.263+0600][15.891s][info][gc,ref      ] GC(10) Phantom: 606 encountered, 552 discovered, 1 enqueued
[2026-04-03T03:24:54.263+0600][15.891s][info][gc,reloc    ] GC(10) Small Pages: 268 / 536M, Empty: 338M, Relocated: 6M, In-Place: 0
[2026-04-03T03:24:54.263+0600][15.891s][info][gc,reloc    ] GC(10) Medium Pages: 2 / 64M, Empty: 32M, Relocated: 0M, In-Place: 0
[2026-04-03T03:24:54.263+0600][15.891s][info][gc,reloc    ] GC(10) Large Pages: 1 / 6M, Empty: 6M, Relocated: 0M, In-Place: 0
[2026-04-03T03:24:54.263+0600][15.891s][info][gc,reloc    ] GC(10) Forwarding Usage: 1M
[2026-04-03T03:24:54.263+0600][15.891s][info][gc,heap     ] GC(10) Min Capacity: 8M(1%)
[2026-04-03T03:24:54.263+0600][15.891s][info][gc,heap     ] GC(10) Max Capacity: 1250M(100%)
[2026-04-03T03:24:54.263+0600][15.891s][info][gc,heap     ] GC(10) Soft Max Capacity: 1250M(100%)
[2026-04-03T03:24:54.263+0600][15.891s][info][gc,heap     ] GC(10)                Mark Start          Mark End        Relocate Start      Relocate End           High               Low         
[2026-04-03T03:24:54.263+0600][15.891s][info][gc,heap     ] GC(10)  Capacity:      884M (71%)         884M (71%)         884M (71%)         884M (71%)         884M (71%)         884M (71%)    
[2026-04-03T03:24:54.263+0600][15.891s][info][gc,heap     ] GC(10)      Free:      644M (52%)         574M (46%)         896M (72%)        1048M (84%)        1048M (84%)         530M (42%)    
[2026-04-03T03:24:54.263+0600][15.891s][info][gc,heap     ] GC(10)      Used:      606M (48%)         676M (54%)         354M (28%)         202M (16%)         720M (58%)         202M (16%)    
[2026-04-03T03:24:54.263+0600][15.891s][info][gc,heap     ] GC(10)      Live:         -                38M (3%)           38M (3%)           38M (3%)             -                  -          
[2026-04-03T03:24:54.263+0600][15.891s][info][gc,heap     ] GC(10) Allocated:         -                70M (6%)          124M (10%)         131M (11%)            -                  -          
[2026-04-03T03:24:54.263+0600][15.891s][info][gc,heap     ] GC(10)   Garbage:         -               567M (45%)         191M (15%)          32M (3%)             -                  -          
[2026-04-03T03:24:54.263+0600][15.891s][info][gc,heap     ] GC(10) Reclaimed:         -                  -               376M (30%)         535M (43%)            -                  -          
[2026-04-03T03:24:54.263+0600][15.891s][info][gc          ] GC(10) Garbage Collection (Allocation Rate) 606M(48%)->202M(16%)
[2026-04-03T03:24:54.304+0600][15.932s][info][gc,start    ] GC(11) Garbage Collection (Allocation Rate)
[2026-04-03T03:24:54.304+0600][15.932s][info][gc,task     ] GC(11) Using 3 workers
[2026-04-03T03:24:54.304+0600][15.932s][info][gc,phases   ] GC(11) Pause Mark Start 0.008ms
[2026-04-03T03:24:54.337+0600][15.965s][info][gc,phases   ] GC(11) Concurrent Mark 32.245ms
[2026-04-03T03:24:54.337+0600][15.965s][info][gc,phases   ] GC(11) Pause Mark End 0.020ms
[2026-04-03T03:24:54.337+0600][15.965s][info][gc,phases   ] GC(11) Concurrent Mark Free 0.003ms
[2026-04-03T03:24:54.343+0600][15.971s][info][gc,phases   ] GC(11) Concurrent Process Non-Strong References 5.628ms
[2026-04-03T03:24:54.343+0600][15.971s][info][gc,phases   ] GC(11) Concurrent Reset Relocation Set 0.012ms
[2026-04-03T03:24:54.345+0600][15.973s][info][gc,phases   ] GC(11) Concurrent Select Relocation Set 2.656ms
[2026-04-03T03:24:54.346+0600][15.974s][info][gc,phases   ] GC(11) Pause Relocate Start 0.013ms
[2026-04-03T03:24:54.347+0600][15.975s][info][gc,phases   ] GC(11) Concurrent Relocate 1.322ms
[2026-04-03T03:24:54.347+0600][15.975s][info][gc,load     ] GC(11) Load: 3.97/4.52/5.15
[2026-04-03T03:24:54.347+0600][15.975s][info][gc,mmu      ] GC(11) MMU: 2ms/90.1%, 5ms/96.1%, 10ms/97.9%, 20ms/99.0%, 50ms/99.6%, 100ms/99.8%
[2026-04-03T03:24:54.347+0600][15.975s][info][gc,marking  ] GC(11) Mark: 2 stripe(s), 3 proactive flush(es), 1 terminate flush(es), 0 completion(s), 0 continuation(s) 
[2026-04-03T03:24:54.347+0600][15.975s][info][gc,marking  ] GC(11) Mark Stack Usage: 32M
[2026-04-03T03:24:54.347+0600][15.975s][info][gc,nmethod  ] GC(11) NMethods: 4249 registered, 568 unregistered
[2026-04-03T03:24:54.347+0600][15.975s][info][gc,metaspace] GC(11) Metaspace: 64M used, 65M committed, 1088M reserved
[2026-04-03T03:24:54.347+0600][15.975s][info][gc,ref      ] GC(11) Soft: 4764 encountered, 0 discovered, 0 enqueued
[2026-04-03T03:24:54.347+0600][15.975s][info][gc,ref      ] GC(11) Weak: 5129 encountered, 883 discovered, 0 enqueued
[2026-04-03T03:24:54.347+0600][15.975s][info][gc,ref      ] GC(11) Final: 82 encountered, 2 discovered, 0 enqueued
[2026-04-03T03:24:54.347+0600][15.975s][info][gc,ref      ] GC(11) Phantom: 605 encountered, 578 discovered, 0 enqueued
[2026-04-03T03:24:54.347+0600][15.975s][info][gc,reloc    ] GC(11) Small Pages: 140 / 280M, Empty: 224M, Relocated: 1M, In-Place: 0
[2026-04-03T03:24:54.347+0600][15.975s][info][gc,reloc    ] GC(11) Medium Pages: 1 / 32M, Empty: 0M, Relocated: 0M, In-Place: 0
[2026-04-03T03:24:54.347+0600][15.975s][info][gc,reloc    ] GC(11) Large Pages: 0 / 0M, Empty: 0M, Relocated: 0M, In-Place: 0
[2026-04-03T03:24:54.347+0600][15.975s][info][gc,reloc    ] GC(11) Forwarding Usage: 0M
[2026-04-03T03:24:54.347+0600][15.975s][info][gc,heap     ] GC(11) Min Capacity: 8M(1%)
[2026-04-03T03:24:54.347+0600][15.975s][info][gc,heap     ] GC(11) Max Capacity: 1250M(100%)
[2026-04-03T03:24:54.347+0600][15.975s][info][gc,heap     ] GC(11) Soft Max Capacity: 1250M(100%)
[2026-04-03T03:24:54.347+0600][15.975s][info][gc,heap     ] GC(11)                Mark Start          Mark End        Relocate Start      Relocate End           High               Low         
[2026-04-03T03:24:54.347+0600][15.975s][info][gc,heap     ] GC(11)  Capacity:      884M (71%)         884M (71%)         884M (71%)         884M (71%)         884M (71%)         884M (71%)    
[2026-04-03T03:24:54.347+0600][15.975s][info][gc,heap     ] GC(11)      Free:      938M (75%)         858M (69%)        1062M (85%)        1076M (86%)        1076M (86%)         846M (68%)    
[2026-04-03T03:24:54.347+0600][15.975s][info][gc,heap     ] GC(11)      Used:      312M (25%)         392M (31%)         188M (15%)         174M (14%)         404M (32%)         174M (14%)    
[2026-04-03T03:24:54.347+0600][15.975s][info][gc,heap     ] GC(11)      Live:         -                38M (3%)           38M (3%)           38M (3%)             -                  -          
[2026-04-03T03:24:54.347+0600][15.975s][info][gc,heap     ] GC(11) Allocated:         -                80M (6%)          100M (8%)          101M (8%)             -                  -          
[2026-04-03T03:24:54.347+0600][15.975s][info][gc,heap     ] GC(11)   Garbage:         -               273M (22%)          49M (4%)           33M (3%)             -                  -          
[2026-04-03T03:24:54.347+0600][15.975s][info][gc,heap     ] GC(11) Reclaimed:         -                  -               224M (18%)         239M (19%)            -                  -          
[2026-04-03T03:24:54.347+0600][15.975s][info][gc          ] GC(11) Garbage Collection (Allocation Rate) 312M(25%)->174M(14%)
[2026-04-03T03:24:54.404+0600][16.032s][info][gc,start    ] GC(12) Garbage Collection (Allocation Rate)
[2026-04-03T03:24:54.404+0600][16.032s][info][gc,task     ] GC(12) Using 3 workers
[2026-04-03T03:24:54.404+0600][16.032s][info][gc,phases   ] GC(12) Pause Mark Start 0.036ms
[2026-04-03T03:24:54.432+0600][16.060s][info][gc,phases   ] GC(12) Concurrent Mark 27.409ms
[2026-04-03T03:24:54.432+0600][16.060s][info][gc,phases   ] GC(12) Pause Mark End 0.033ms
[2026-04-03T03:24:54.432+0600][16.060s][info][gc,phases   ] GC(12) Concurrent Mark Free 0.003ms
[2026-04-03T03:24:54.438+0600][16.066s][info][gc,phases   ] GC(12) Concurrent Process Non-Strong References 5.175ms
[2026-04-03T03:24:54.438+0600][16.066s][info][gc,phases   ] GC(12) Concurrent Reset Relocation Set 0.003ms
[2026-04-03T03:24:54.440+0600][16.068s][info][gc,phases   ] GC(12) Concurrent Select Relocation Set 2.578ms
[2026-04-03T03:24:54.440+0600][16.068s][info][gc,phases   ] GC(12) Pause Relocate Start 0.019ms
[2026-04-03T03:24:54.442+0600][16.070s][info][gc,phases   ] GC(12) Concurrent Relocate 1.234ms
[2026-04-03T03:24:54.442+0600][16.070s][info][gc,load     ] GC(12) Load: 3.97/4.52/5.15
[2026-04-03T03:24:54.442+0600][16.070s][info][gc,mmu      ] GC(12) MMU: 2ms/90.1%, 5ms/96.1%, 10ms/97.9%, 20ms/99.0%, 50ms/99.6%, 100ms/99.8%
[2026-04-03T03:24:54.442+0600][16.070s][info][gc,marking  ] GC(12) Mark: 2 stripe(s), 2 proactive flush(es), 1 terminate flush(es), 0 completion(s), 0 continuation(s) 
[2026-04-03T03:24:54.442+0600][16.070s][info][gc,marking  ] GC(12) Mark Stack Usage: 32M
[2026-04-03T03:24:54.442+0600][16.070s][info][gc,nmethod  ] GC(12) NMethods: 4252 registered, 571 unregistered
[2026-04-03T03:24:54.442+0600][16.070s][info][gc,metaspace] GC(12) Metaspace: 64M used, 65M committed, 1088M reserved
[2026-04-03T03:24:54.442+0600][16.070s][info][gc,ref      ] GC(12) Soft: 4764 encountered, 0 discovered, 0 enqueued
[2026-04-03T03:24:54.442+0600][16.070s][info][gc,ref      ] GC(12) Weak: 5129 encountered, 819 discovered, 0 enqueued
[2026-04-03T03:24:54.442+0600][16.070s][info][gc,ref      ] GC(12) Final: 82 encountered, 0 discovered, 0 enqueued
[2026-04-03T03:24:54.442+0600][16.070s][info][gc,ref      ] GC(12) Phantom: 605 encountered, 560 discovered, 0 enqueued
[2026-04-03T03:24:54.442+0600][16.070s][info][gc,reloc    ] GC(12) Small Pages: 145 / 290M, Empty: 234M, Relocated: 1M, In-Place: 0
[2026-04-03T03:24:54.442+0600][16.070s][info][gc,reloc    ] GC(12) Medium Pages: 1 / 32M, Empty: 0M, Relocated: 0M, In-Place: 0
[2026-04-03T03:24:54.442+0600][16.070s][info][gc,reloc    ] GC(12) Large Pages: 0 / 0M, Empty: 0M, Relocated: 0M, In-Place: 0
[2026-04-03T03:24:54.442+0600][16.070s][info][gc,reloc    ] GC(12) Forwarding Usage: 0M
[2026-04-03T03:24:54.442+0600][16.070s][info][gc,heap     ] GC(12) Min Capacity: 8M(1%)
[2026-04-03T03:24:54.442+0600][16.070s][info][gc,heap     ] GC(12) Max Capacity: 1250M(100%)
[2026-04-03T03:24:54.442+0600][16.070s][info][gc,heap     ] GC(12) Soft Max Capacity: 1250M(100%)
[2026-04-03T03:24:54.442+0600][16.070s][info][gc,heap     ] GC(12)                Mark Start          Mark End        Relocate Start      Relocate End           High               Low         
[2026-04-03T03:24:54.442+0600][16.070s][info][gc,heap     ] GC(12)  Capacity:      884M (71%)         884M (71%)         884M (71%)         884M (71%)         884M (71%)         884M (71%)    
[2026-04-03T03:24:54.442+0600][16.070s][info][gc,heap     ] GC(12)      Free:      928M (74%)         864M (69%)        1080M (86%)        1094M (88%)        1094M (88%)         852M (68%)    
[2026-04-03T03:24:54.442+0600][16.070s][info][gc,heap     ] GC(12)      Used:      322M (26%)         386M (31%)         170M (14%)         156M (12%)         398M (32%)         156M (12%)    
[2026-04-03T03:24:54.442+0600][16.070s][info][gc,heap     ] GC(12)      Live:         -                38M (3%)           38M (3%)           38M (3%)             -                  -          
[2026-04-03T03:24:54.442+0600][16.070s][info][gc,heap     ] GC(12) Allocated:         -                64M (5%)           82M (7%)           83M (7%)             -                  -          
[2026-04-03T03:24:54.442+0600][16.070s][info][gc,heap     ] GC(12)   Garbage:         -               283M (23%)          49M (4%)           33M (3%)             -                  -          
[2026-04-03T03:24:54.442+0600][16.070s][info][gc,heap     ] GC(12) Reclaimed:         -                  -               234M (19%)         249M (20%)            -                  -          
[2026-04-03T03:24:54.442+0600][16.070s][info][gc          ] GC(12) Garbage Collection (Allocation Rate) 322M(26%)->156M(12%)
[2026-04-03T03:24:54.503+0600][16.131s][info][gc,start    ] GC(13) Garbage Collection (Allocation Rate)
[2026-04-03T03:24:54.503+0600][16.131s][info][gc,task     ] GC(13) Using 3 workers
[2026-04-03T03:24:54.504+0600][16.132s][info][gc,phases   ] GC(13) Pause Mark Start 0.007ms
[2026-04-03T03:24:54.531+0600][16.159s][info][gc,phases   ] GC(13) Concurrent Mark 27.136ms
[2026-04-03T03:24:54.531+0600][16.159s][info][gc,phases   ] GC(13) Pause Mark End 0.046ms
[2026-04-03T03:24:54.531+0600][16.159s][info][gc,phases   ] GC(13) Concurrent Mark Free 0.003ms
[2026-04-03T03:24:54.537+0600][16.165s][info][gc,phases   ] GC(13) Concurrent Process Non-Strong References 5.339ms
[2026-04-03T03:24:54.537+0600][16.165s][info][gc,phases   ] GC(13) Concurrent Reset Relocation Set 0.004ms
[2026-04-03T03:24:54.539+0600][16.167s][info][gc,phases   ] GC(13) Concurrent Select Relocation Set 2.742ms
[2026-04-03T03:24:54.540+0600][16.168s][info][gc,phases   ] GC(13) Pause Relocate Start 0.014ms
[2026-04-03T03:24:54.541+0600][16.169s][info][gc,phases   ] GC(13) Concurrent Relocate 1.729ms
[2026-04-03T03:24:54.542+0600][16.170s][info][gc,load     ] GC(13) Load: 3.97/4.52/5.15
[2026-04-03T03:24:54.542+0600][16.170s][info][gc,mmu      ] GC(13) MMU: 2ms/90.1%, 5ms/96.1%, 10ms/97.9%, 20ms/99.0%, 50ms/99.6%, 100ms/99.8%
[2026-04-03T03:24:54.542+0600][16.170s][info][gc,marking  ] GC(13) Mark: 2 stripe(s), 2 proactive flush(es), 1 terminate flush(es), 0 completion(s), 0 continuation(s) 
[2026-04-03T03:24:54.542+0600][16.170s][info][gc,marking  ] GC(13) Mark Stack Usage: 32M
[2026-04-03T03:24:54.542+0600][16.170s][info][gc,nmethod  ] GC(13) NMethods: 4260 registered, 572 unregistered
[2026-04-03T03:24:54.542+0600][16.170s][info][gc,metaspace] GC(13) Metaspace: 64M used, 65M committed, 1088M reserved
[2026-04-03T03:24:54.542+0600][16.170s][info][gc,ref      ] GC(13) Soft: 4764 encountered, 0 discovered, 0 enqueued
[2026-04-03T03:24:54.542+0600][16.170s][info][gc,ref      ] GC(13) Weak: 5129 encountered, 860 discovered, 0 enqueued
[2026-04-03T03:24:54.542+0600][16.170s][info][gc,ref      ] GC(13) Final: 82 encountered, 2 discovered, 0 enqueued
[2026-04-03T03:24:54.542+0600][16.170s][info][gc,ref      ] GC(13) Phantom: 605 encountered, 558 discovered, 0 enqueued
[2026-04-03T03:24:54.542+0600][16.170s][info][gc,reloc    ] GC(13) Small Pages: 157 / 314M, Empty: 258M, Relocated: 1M, In-Place: 0
[2026-04-03T03:24:54.542+0600][16.170s][info][gc,reloc    ] GC(13) Medium Pages: 1 / 32M, Empty: 0M, Relocated: 0M, In-Place: 0
[2026-04-03T03:24:54.542+0600][16.170s][info][gc,reloc    ] GC(13) Large Pages: 0 / 0M, Empty: 0M, Relocated: 0M, In-Place: 0
[2026-04-03T03:24:54.542+0600][16.170s][info][gc,reloc    ] GC(13) Forwarding Usage: 0M
[2026-04-03T03:24:54.542+0600][16.170s][info][gc,heap     ] GC(13) Min Capacity: 8M(1%)
[2026-04-03T03:24:54.542+0600][16.170s][info][gc,heap     ] GC(13) Max Capacity: 1250M(100%)
[2026-04-03T03:24:54.542+0600][16.170s][info][gc,heap     ] GC(13) Soft Max Capacity: 1250M(100%)
[2026-04-03T03:24:54.542+0600][16.170s][info][gc,heap     ] GC(13)                Mark Start          Mark End        Relocate Start      Relocate End           High               Low         
[2026-04-03T03:24:54.542+0600][16.170s][info][gc,heap     ] GC(13)  Capacity:      884M (71%)         884M (71%)         884M (71%)         884M (71%)         884M (71%)         884M (71%)    
[2026-04-03T03:24:54.542+0600][16.170s][info][gc,heap     ] GC(13)      Free:      904M (72%)         830M (66%)        1066M (85%)        1080M (86%)        1080M (86%)         818M (65%)    
[2026-04-03T03:24:54.542+0600][16.170s][info][gc,heap     ] GC(13)      Used:      346M (28%)         420M (34%)         184M (15%)         170M (14%)         432M (35%)         170M (14%)    
[2026-04-03T03:24:54.542+0600][16.170s][info][gc,heap     ] GC(13)      Live:         -                38M (3%)           38M (3%)           38M (3%)             -                  -          
[2026-04-03T03:24:54.542+0600][16.170s][info][gc,heap     ] GC(13) Allocated:         -                74M (6%)           96M (8%)           97M (8%)             -                  -          
[2026-04-03T03:24:54.542+0600][16.170s][info][gc,heap     ] GC(13)   Garbage:         -               307M (25%)          49M (4%)           33M (3%)             -                  -          
[2026-04-03T03:24:54.542+0600][16.170s][info][gc,heap     ] GC(13) Reclaimed:         -                  -               258M (21%)         273M (22%)            -                  -          
[2026-04-03T03:24:54.542+0600][16.170s][info][gc          ] GC(13) Garbage Collection (Allocation Rate) 346M(28%)->170M(14%)
[2026-04-03T03:24:54.604+0600][16.231s][info][gc,start    ] GC(14) Garbage Collection (Allocation Rate)
[2026-04-03T03:24:54.604+0600][16.232s][info][gc,task     ] GC(14) Using 3 workers
[2026-04-03T03:24:54.604+0600][16.232s][info][gc,phases   ] GC(14) Pause Mark Start 0.008ms
[2026-04-03T03:24:54.632+0600][16.260s][info][gc,phases   ] GC(14) Concurrent Mark 27.767ms
[2026-04-03T03:24:54.632+0600][16.260s][info][gc,phases   ] GC(14) Pause Mark End 0.037ms
[2026-04-03T03:24:54.632+0600][16.260s][info][gc,phases   ] GC(14) Concurrent Mark Free 0.003ms
[2026-04-03T03:24:54.638+0600][16.266s][info][gc,phases   ] GC(14) Concurrent Process Non-Strong References 5.339ms
[2026-04-03T03:24:54.638+0600][16.266s][info][gc,phases   ] GC(14) Concurrent Reset Relocation Set 0.004ms
[2026-04-03T03:24:54.640+0600][16.268s][info][gc,phases   ] GC(14) Concurrent Select Relocation Set 2.593ms
[2026-04-03T03:24:54.640+0600][16.268s][info][gc,phases   ] GC(14) Pause Relocate Start 0.010ms
[2026-04-03T03:24:54.642+0600][16.270s][info][gc,phases   ] GC(14) Concurrent Relocate 1.606ms
[2026-04-03T03:24:54.642+0600][16.270s][info][gc,load     ] GC(14) Load: 3.97/4.52/5.15
[2026-04-03T03:24:54.642+0600][16.270s][info][gc,mmu      ] GC(14) MMU: 2ms/90.1%, 5ms/96.1%, 10ms/97.9%, 20ms/99.0%, 50ms/99.6%, 100ms/99.8%
[2026-04-03T03:24:54.642+0600][16.270s][info][gc,marking  ] GC(14) Mark: 2 stripe(s), 2 proactive flush(es), 1 terminate flush(es), 0 completion(s), 0 continuation(s) 
[2026-04-03T03:24:54.642+0600][16.270s][info][gc,marking  ] GC(14) Mark Stack Usage: 32M
[2026-04-03T03:24:54.642+0600][16.270s][info][gc,nmethod  ] GC(14) NMethods: 4266 registered, 575 unregistered
[2026-04-03T03:24:54.642+0600][16.270s][info][gc,metaspace] GC(14) Metaspace: 64M used, 65M committed, 1088M reserved
[2026-04-03T03:24:54.642+0600][16.270s][info][gc,ref      ] GC(14) Soft: 4764 encountered, 0 discovered, 0 enqueued
[2026-04-03T03:24:54.642+0600][16.270s][info][gc,ref      ] GC(14) Weak: 5129 encountered, 777 discovered, 0 enqueued
[2026-04-03T03:24:54.642+0600][16.270s][info][gc,ref      ] GC(14) Final: 82 encountered, 0 discovered, 0 enqueued
[2026-04-03T03:24:54.642+0600][16.270s][info][gc,ref      ] GC(14) Phantom: 605 encountered, 556 discovered, 0 enqueued
[2026-04-03T03:24:54.642+0600][16.270s][info][gc,reloc    ] GC(14) Small Pages: 166 / 332M, Empty: 270M, Relocated: 1M, In-Place: 0
[2026-04-03T03:24:54.642+0600][16.270s][info][gc,reloc    ] GC(14) Medium Pages: 1 / 32M, Empty: 0M, Relocated: 0M, In-Place: 0
[2026-04-03T03:24:54.642+0600][16.270s][info][gc,reloc    ] GC(14) Large Pages: 0 / 0M, Empty: 0M, Relocated: 0M, In-Place: 0
[2026-04-03T03:24:54.642+0600][16.270s][info][gc,reloc    ] GC(14) Forwarding Usage: 0M
[2026-04-03T03:24:54.642+0600][16.270s][info][gc,heap     ] GC(14) Min Capacity: 8M(1%)
[2026-04-03T03:24:54.642+0600][16.270s][info][gc,heap     ] GC(14) Max Capacity: 1250M(100%)
[2026-04-03T03:24:54.642+0600][16.270s][info][gc,heap     ] GC(14) Soft Max Capacity: 1250M(100%)
[2026-04-03T03:24:54.642+0600][16.270s][info][gc,heap     ] GC(14)                Mark Start          Mark End        Relocate Start      Relocate End           High               Low         
[2026-04-03T03:24:54.642+0600][16.270s][info][gc,heap     ] GC(14)  Capacity:      884M (71%)         884M (71%)         884M (71%)         884M (71%)         884M (71%)         884M (71%)    
[2026-04-03T03:24:54.642+0600][16.270s][info][gc,heap     ] GC(14)      Free:      886M (71%)         808M (65%)        1056M (84%)        1078M (86%)        1078M (86%)         792M (63%)    
[2026-04-03T03:24:54.642+0600][16.270s][info][gc,heap     ] GC(14)      Used:      364M (29%)         442M (35%)         194M (16%)         172M (14%)         458M (37%)         172M (14%)    
[2026-04-03T03:24:54.642+0600][16.270s][info][gc,heap     ] GC(14)      Live:         -                38M (3%)           38M (3%)           38M (3%)             -                  -          
[2026-04-03T03:24:54.642+0600][16.270s][info][gc,heap     ] GC(14) Allocated:         -                78M (6%)          100M (8%)           99M (8%)             -                  -          
[2026-04-03T03:24:54.642+0600][16.270s][info][gc,heap     ] GC(14)   Garbage:         -               325M (26%)          55M (4%)           33M (3%)             -                  -          
[2026-04-03T03:24:54.642+0600][16.270s][info][gc,heap     ] GC(14) Reclaimed:         -                  -               270M (22%)         291M (23%)            -                  -          
[2026-04-03T03:24:54.642+0600][16.270s][info][gc          ] GC(14) Garbage Collection (Allocation Rate) 364M(29%)->172M(14%)
[2026-04-03T03:24:54.704+0600][16.332s][info][gc,start    ] GC(15) Garbage Collection (Allocation Rate)
[2026-04-03T03:24:54.704+0600][16.332s][info][gc,task     ] GC(15) Using 3 workers
[2026-04-03T03:24:54.704+0600][16.332s][info][gc,phases   ] GC(15) Pause Mark Start 0.010ms
[2026-04-03T03:24:54.732+0600][16.360s][info][gc,phases   ] GC(15) Concurrent Mark 27.530ms
[2026-04-03T03:24:54.732+0600][16.360s][info][gc,phases   ] GC(15) Pause Mark End 0.020ms
[2026-04-03T03:24:54.732+0600][16.360s][info][gc,phases   ] GC(15) Concurrent Mark Free 0.003ms
[2026-04-03T03:24:54.738+0600][16.366s][info][gc,phases   ] GC(15) Concurrent Process Non-Strong References 5.497ms
[2026-04-03T03:24:54.738+0600][16.366s][info][gc,phases   ] GC(15) Concurrent Reset Relocation Set 0.003ms
[2026-04-03T03:24:54.740+0600][16.368s][info][gc,phases   ] GC(15) Concurrent Select Relocation Set 2.673ms
[2026-04-03T03:24:54.741+0600][16.369s][info][gc,phases   ] GC(15) Pause Relocate Start 0.027ms
[2026-04-03T03:24:54.742+0600][16.370s][info][gc,phases   ] GC(15) Concurrent Relocate 1.814ms
[2026-04-03T03:24:54.743+0600][16.371s][info][gc,load     ] GC(15) Load: 3.97/4.52/5.15
[2026-04-03T03:24:54.743+0600][16.371s][info][gc,mmu      ] GC(15) MMU: 2ms/90.1%, 5ms/96.1%, 10ms/97.9%, 20ms/99.0%, 50ms/99.6%, 100ms/99.8%
[2026-04-03T03:24:54.743+0600][16.371s][info][gc,marking  ] GC(15) Mark: 2 stripe(s), 2 proactive flush(es), 1 terminate flush(es), 0 completion(s), 0 continuation(s) 
[2026-04-03T03:24:54.743+0600][16.371s][info][gc,marking  ] GC(15) Mark Stack Usage: 32M
[2026-04-03T03:24:54.743+0600][16.371s][info][gc,nmethod  ] GC(15) NMethods: 4272 registered, 583 unregistered
[2026-04-03T03:24:54.743+0600][16.371s][info][gc,metaspace] GC(15) Metaspace: 64M used, 65M committed, 1088M reserved
[2026-04-03T03:24:54.743+0600][16.371s][info][gc,ref      ] GC(15) Soft: 4764 encountered, 0 discovered, 0 enqueued
[2026-04-03T03:24:54.743+0600][16.371s][info][gc,ref      ] GC(15) Weak: 5129 encountered, 760 discovered, 0 enqueued
[2026-04-03T03:24:54.743+0600][16.371s][info][gc,ref      ] GC(15) Final: 82 encountered, 0 discovered, 0 enqueued
[2026-04-03T03:24:54.743+0600][16.371s][info][gc,ref      ] GC(15) Phantom: 605 encountered, 556 discovered, 0 enqueued
[2026-04-03T03:24:54.743+0600][16.371s][info][gc,reloc    ] GC(15) Small Pages: 165 / 330M, Empty: 274M, Relocated: 1M, In-Place: 0
[2026-04-03T03:24:54.743+0600][16.371s][info][gc,reloc    ] GC(15) Medium Pages: 1 / 32M, Empty: 0M, Relocated: 0M, In-Place: 0
[2026-04-03T03:24:54.743+0600][16.371s][info][gc,reloc    ] GC(15) Large Pages: 0 / 0M, Empty: 0M, Relocated: 0M, In-Place: 0
[2026-04-03T03:24:54.743+0600][16.371s][info][gc,reloc    ] GC(15) Forwarding Usage: 0M
[2026-04-03T03:24:54.743+0600][16.371s][info][gc,heap     ] GC(15) Min Capacity: 8M(1%)
[2026-04-03T03:24:54.743+0600][16.371s][info][gc,heap     ] GC(15) Max Capacity: 1250M(100%)
[2026-04-03T03:24:54.743+0600][16.371s][info][gc,heap     ] GC(15) Soft Max Capacity: 1250M(100%)
[2026-04-03T03:24:54.743+0600][16.371s][info][gc,heap     ] GC(15)                Mark Start          Mark End        Relocate Start      Relocate End           High               Low         
[2026-04-03T03:24:54.743+0600][16.371s][info][gc,heap     ] GC(15)  Capacity:      884M (71%)         884M (71%)         884M (71%)         884M (71%)         884M (71%)         884M (71%)    
[2026-04-03T03:24:54.743+0600][16.371s][info][gc,heap     ] GC(15)      Free:      888M (71%)         814M (65%)        1068M (85%)        1078M (86%)        1078M (86%)         800M (64%)    
[2026-04-03T03:24:54.743+0600][16.371s][info][gc,heap     ] GC(15)      Used:      362M (29%)         436M (35%)         182M (15%)         172M (14%)         450M (36%)         172M (14%)    
[2026-04-03T03:24:54.743+0600][16.371s][info][gc,heap     ] GC(15)      Live:         -                38M (3%)           38M (3%)           38M (3%)             -                  -          
[2026-04-03T03:24:54.743+0600][16.371s][info][gc,heap     ] GC(15) Allocated:         -                74M (6%)           94M (8%)           99M (8%)             -                  -          
[2026-04-03T03:24:54.743+0600][16.371s][info][gc,heap     ] GC(15)   Garbage:         -               323M (26%)          49M (4%)           33M (3%)             -                  -          
[2026-04-03T03:24:54.743+0600][16.371s][info][gc,heap     ] GC(15) Reclaimed:         -                  -               274M (22%)         289M (23%)            -                  -          
[2026-04-03T03:24:54.743+0600][16.371s][info][gc          ] GC(15) Garbage Collection (Allocation Rate) 362M(29%)->172M(14%)
[2026-04-03T03:24:54.804+0600][16.432s][info][gc,start    ] GC(16) Garbage Collection (Allocation Rate)
[2026-04-03T03:24:54.804+0600][16.432s][info][gc,task     ] GC(16) Using 3 workers
[2026-04-03T03:24:54.804+0600][16.432s][info][gc,phases   ] GC(16) Pause Mark Start 0.011ms
[2026-04-03T03:24:54.833+0600][16.461s][info][gc,phases   ] GC(16) Concurrent Mark 28.665ms
[2026-04-03T03:24:54.833+0600][16.461s][info][gc,phases   ] GC(16) Pause Mark End 0.020ms
[2026-04-03T03:24:54.833+0600][16.461s][info][gc,phases   ] GC(16) Concurrent Mark Free 0.002ms
[2026-04-03T03:24:54.839+0600][16.467s][info][gc,phases   ] GC(16) Concurrent Process Non-Strong References 5.293ms
[2026-04-03T03:24:54.839+0600][16.467s][info][gc,phases   ] GC(16) Concurrent Reset Relocation Set 0.003ms
[2026-04-03T03:24:54.842+0600][16.470s][info][gc,phases   ] GC(16) Concurrent Select Relocation Set 3.649ms
[2026-04-03T03:24:54.843+0600][16.471s][info][gc,phases   ] GC(16) Pause Relocate Start 0.022ms
[2026-04-03T03:24:54.844+0600][16.472s][info][gc,phases   ] GC(16) Concurrent Relocate 1.703ms
[2026-04-03T03:24:54.844+0600][16.472s][info][gc,load     ] GC(16) Load: 3.97/4.52/5.15
[2026-04-03T03:24:54.844+0600][16.472s][info][gc,mmu      ] GC(16) MMU: 2ms/90.1%, 5ms/96.1%, 10ms/97.9%, 20ms/99.0%, 50ms/99.6%, 100ms/99.8%
[2026-04-03T03:24:54.844+0600][16.472s][info][gc,marking  ] GC(16) Mark: 2 stripe(s), 2 proactive flush(es), 1 terminate flush(es), 0 completion(s), 0 continuation(s) 
[2026-04-03T03:24:54.845+0600][16.472s][info][gc,marking  ] GC(16) Mark Stack Usage: 32M
[2026-04-03T03:24:54.845+0600][16.472s][info][gc,nmethod  ] GC(16) NMethods: 4281 registered, 583 unregistered
[2026-04-03T03:24:54.845+0600][16.472s][info][gc,metaspace] GC(16) Metaspace: 64M used, 65M committed, 1088M reserved
[2026-04-03T03:24:54.845+0600][16.472s][info][gc,ref      ] GC(16) Soft: 4764 encountered, 0 discovered, 0 enqueued
[2026-04-03T03:24:54.845+0600][16.472s][info][gc,ref      ] GC(16) Weak: 5129 encountered, 1920 discovered, 0 enqueued
[2026-04-03T03:24:54.845+0600][16.473s][info][gc,ref      ] GC(16) Final: 82 encountered, 2 discovered, 0 enqueued
[2026-04-03T03:24:54.845+0600][16.473s][info][gc,ref      ] GC(16) Phantom: 605 encountered, 560 discovered, 0 enqueued
[2026-04-03T03:24:54.845+0600][16.473s][info][gc,reloc    ] GC(16) Small Pages: 166 / 332M, Empty: 276M, Relocated: 1M, In-Place: 0
[2026-04-03T03:24:54.845+0600][16.473s][info][gc,reloc    ] GC(16) Medium Pages: 1 / 32M, Empty: 0M, Relocated: 0M, In-Place: 0
[2026-04-03T03:24:54.845+0600][16.473s][info][gc,reloc    ] GC(16) Large Pages: 0 / 0M, Empty: 0M, Relocated: 0M, In-Place: 0
[2026-04-03T03:24:54.845+0600][16.473s][info][gc,reloc    ] GC(16) Forwarding Usage: 0M
[2026-04-03T03:24:54.845+0600][16.473s][info][gc,heap     ] GC(16) Min Capacity: 8M(1%)
[2026-04-03T03:24:54.845+0600][16.473s][info][gc,heap     ] GC(16) Max Capacity: 1250M(100%)
[2026-04-03T03:24:54.845+0600][16.473s][info][gc,heap     ] GC(16) Soft Max Capacity: 1250M(100%)
[2026-04-03T03:24:54.845+0600][16.473s][info][gc,heap     ] GC(16)                Mark Start          Mark End        Relocate Start      Relocate End           High               Low         
[2026-04-03T03:24:54.845+0600][16.473s][info][gc,heap     ] GC(16)  Capacity:      884M (71%)         884M (71%)         884M (71%)         884M (71%)         884M (71%)         884M (71%)    
[2026-04-03T03:24:54.845+0600][16.473s][info][gc,heap     ] GC(16)      Free:      886M (71%)         802M (64%)        1060M (85%)        1070M (86%)        1074M (86%)         790M (63%)    
[2026-04-03T03:24:54.845+0600][16.473s][info][gc,heap     ] GC(16)      Used:      364M (29%)         448M (36%)         190M (15%)         180M (14%)         460M (37%)         176M (14%)    
[2026-04-03T03:24:54.845+0600][16.473s][info][gc,heap     ] GC(16)      Live:         -                38M (3%)           38M (3%)           38M (3%)             -                  -          
[2026-04-03T03:24:54.845+0600][16.473s][info][gc,heap     ] GC(16) Allocated:         -                84M (7%)          102M (8%)          107M (9%)             -                  -          
[2026-04-03T03:24:54.845+0600][16.473s][info][gc,heap     ] GC(16)   Garbage:         -               325M (26%)          49M (4%)           33M (3%)             -                  -          
[2026-04-03T03:24:54.845+0600][16.473s][info][gc,heap     ] GC(16) Reclaimed:         -                  -               276M (22%)         291M (23%)            -                  -          
[2026-04-03T03:24:54.845+0600][16.473s][info][gc          ] GC(16) Garbage Collection (Allocation Rate) 364M(29%)->180M(14%)
[2026-04-03T03:24:54.904+0600][16.532s][info][gc,start    ] GC(17) Garbage Collection (Allocation Rate)
[2026-04-03T03:24:54.904+0600][16.532s][info][gc,task     ] GC(17) Using 3 workers
[2026-04-03T03:24:54.904+0600][16.532s][info][gc,phases   ] GC(17) Pause Mark Start 0.013ms
[2026-04-03T03:24:54.931+0600][16.559s][info][gc,phases   ] GC(17) Concurrent Mark 26.612ms
[2026-04-03T03:24:54.931+0600][16.559s][info][gc,phases   ] GC(17) Pause Mark End 0.043ms
[2026-04-03T03:24:54.931+0600][16.559s][info][gc,phases   ] GC(17) Concurrent Mark Free 0.002ms
[2026-04-03T03:24:54.937+0600][16.565s][info][gc,phases   ] GC(17) Concurrent Process Non-Strong References 5.631ms
[2026-04-03T03:24:54.937+0600][16.565s][info][gc,phases   ] GC(17) Concurrent Reset Relocation Set 0.003ms
[2026-04-03T03:24:54.940+0600][16.568s][info][gc,phases   ] GC(17) Concurrent Select Relocation Set 2.664ms
[2026-04-03T03:24:54.940+0600][16.568s][info][gc,phases   ] GC(17) Pause Relocate Start 0.011ms
[2026-04-03T03:24:54.941+0600][16.569s][info][gc,phases   ] GC(17) Concurrent Relocate 1.278ms
[2026-04-03T03:24:54.941+0600][16.569s][info][gc,load     ] GC(17) Load: 3.97/4.52/5.15
[2026-04-03T03:24:54.941+0600][16.569s][info][gc,mmu      ] GC(17) MMU: 2ms/90.1%, 5ms/96.1%, 10ms/97.9%, 20ms/99.0%, 50ms/99.6%, 100ms/99.8%
[2026-04-03T03:24:54.941+0600][16.569s][info][gc,marking  ] GC(17) Mark: 2 stripe(s), 2 proactive flush(es), 1 terminate flush(es), 0 completion(s), 0 continuation(s) 
[2026-04-03T03:24:54.941+0600][16.569s][info][gc,marking  ] GC(17) Mark Stack Usage: 32M
[2026-04-03T03:24:54.941+0600][16.569s][info][gc,nmethod  ] GC(17) NMethods: 4279 registered, 587 unregistered
[2026-04-03T03:24:54.941+0600][16.569s][info][gc,metaspace] GC(17) Metaspace: 64M used, 65M committed, 1088M reserved
[2026-04-03T03:24:54.941+0600][16.569s][info][gc,ref      ] GC(17) Soft: 4764 encountered, 0 discovered, 0 enqueued
[2026-04-03T03:24:54.941+0600][16.569s][info][gc,ref      ] GC(17) Weak: 5129 encountered, 1225 discovered, 0 enqueued
[2026-04-03T03:24:54.941+0600][16.569s][info][gc,ref      ] GC(17) Final: 82 encountered, 0 discovered, 0 enqueued
[2026-04-03T03:24:54.941+0600][16.569s][info][gc,ref      ] GC(17) Phantom: 605 encountered, 560 discovered, 0 enqueued
[2026-04-03T03:24:54.941+0600][16.569s][info][gc,reloc    ] GC(17) Small Pages: 149 / 298M, Empty: 234M, Relocated: 1M, In-Place: 0
[2026-04-03T03:24:54.941+0600][16.569s][info][gc,reloc    ] GC(17) Medium Pages: 1 / 32M, Empty: 0M, Relocated: 0M, In-Place: 0
[2026-04-03T03:24:54.941+0600][16.569s][info][gc,reloc    ] GC(17) Large Pages: 0 / 0M, Empty: 0M, Relocated: 0M, In-Place: 0
[2026-04-03T03:24:54.941+0600][16.569s][info][gc,reloc    ] GC(17) Forwarding Usage: 0M
[2026-04-03T03:24:54.941+0600][16.569s][info][gc,heap     ] GC(17) Min Capacity: 8M(1%)
[2026-04-03T03:24:54.942+0600][16.569s][info][gc,heap     ] GC(17) Max Capacity: 1250M(100%)
[2026-04-03T03:24:54.942+0600][16.569s][info][gc,heap     ] GC(17) Soft Max Capacity: 1250M(100%)
[2026-04-03T03:24:54.942+0600][16.569s][info][gc,heap     ] GC(17)                Mark Start          Mark End        Relocate Start      Relocate End           High               Low         
[2026-04-03T03:24:54.942+0600][16.569s][info][gc,heap     ] GC(17)  Capacity:      884M (71%)         884M (71%)         884M (71%)         884M (71%)         884M (71%)         884M (71%)    
[2026-04-03T03:24:54.942+0600][16.569s][info][gc,heap     ] GC(17)      Free:      920M (74%)         860M (69%)        1078M (86%)        1098M (88%)        1100M (88%)         850M (68%)    
[2026-04-03T03:24:54.942+0600][16.570s][info][gc,heap     ] GC(17)      Used:      330M (26%)         390M (31%)         172M (14%)         152M (12%)         400M (32%)         150M (12%)    
[2026-04-03T03:24:54.942+0600][16.570s][info][gc,heap     ] GC(17)      Live:         -                38M (3%)           38M (3%)           38M (3%)             -                  -          
[2026-04-03T03:24:54.942+0600][16.570s][info][gc,heap     ] GC(17) Allocated:         -                60M (5%)           76M (6%)           79M (6%)             -                  -          
[2026-04-03T03:24:54.942+0600][16.570s][info][gc,heap     ] GC(17)   Garbage:         -               291M (23%)          57M (5%)           33M (3%)             -                  -          
[2026-04-03T03:24:54.942+0600][16.570s][info][gc,heap     ] GC(17) Reclaimed:         -                  -               234M (19%)         257M (21%)            -                  -          
[2026-04-03T03:24:54.942+0600][16.570s][info][gc          ] GC(17) Garbage Collection (Allocation Rate) 330M(26%)->152M(12%)
[2026-04-03T03:24:55.004+0600][16.632s][info][gc,start    ] GC(18) Garbage Collection (Allocation Rate)
[2026-04-03T03:24:55.004+0600][16.632s][info][gc,task     ] GC(18) Using 3 workers
[2026-04-03T03:24:55.004+0600][16.632s][info][gc,phases   ] GC(18) Pause Mark Start 0.007ms
[2026-04-03T03:24:55.033+0600][16.661s][info][gc,phases   ] GC(18) Concurrent Mark 28.570ms
[2026-04-03T03:24:55.033+0600][16.661s][info][gc,phases   ] GC(18) Pause Mark End 0.050ms
[2026-04-03T03:24:55.033+0600][16.661s][info][gc,phases   ] GC(18) Concurrent Mark Free 0.002ms
[2026-04-03T03:24:55.039+0600][16.667s][info][gc,phases   ] GC(18) Concurrent Process Non-Strong References 5.114ms
[2026-04-03T03:24:55.039+0600][16.667s][info][gc,phases   ] GC(18) Concurrent Reset Relocation Set 0.004ms
[2026-04-03T03:24:55.041+0600][16.669s][info][gc,phases   ] GC(18) Concurrent Select Relocation Set 2.534ms
[2026-04-03T03:24:55.041+0600][16.669s][info][gc,phases   ] GC(18) Pause Relocate Start 0.035ms
[2026-04-03T03:24:55.043+0600][16.671s][info][gc,phases   ] GC(18) Concurrent Relocate 1.793ms
[2026-04-03T03:24:55.043+0600][16.671s][info][gc,load     ] GC(18) Load: 3.97/4.52/5.15
[2026-04-03T03:24:55.043+0600][16.671s][info][gc,mmu      ] GC(18) MMU: 2ms/90.1%, 5ms/96.1%, 10ms/97.9%, 20ms/99.0%, 50ms/99.6%, 100ms/99.8%
[2026-04-03T03:24:55.044+0600][16.671s][info][gc,marking  ] GC(18) Mark: 2 stripe(s), 3 proactive flush(es), 1 terminate flush(es), 0 completion(s), 0 continuation(s) 
[2026-04-03T03:24:55.044+0600][16.671s][info][gc,marking  ] GC(18) Mark Stack Usage: 32M
[2026-04-03T03:24:55.044+0600][16.671s][info][gc,nmethod  ] GC(18) NMethods: 4279 registered, 588 unregistered
[2026-04-03T03:24:55.044+0600][16.671s][info][gc,metaspace] GC(18) Metaspace: 64M used, 65M committed, 1088M reserved
[2026-04-03T03:24:55.044+0600][16.672s][info][gc,ref      ] GC(18) Soft: 4764 encountered, 0 discovered, 0 enqueued
[2026-04-03T03:24:55.044+0600][16.672s][info][gc,ref      ] GC(18) Weak: 5129 encountered, 739 discovered, 0 enqueued
[2026-04-03T03:24:55.044+0600][16.672s][info][gc,ref      ] GC(18) Final: 82 encountered, 2 discovered, 0 enqueued
[2026-04-03T03:24:55.044+0600][16.672s][info][gc,ref      ] GC(18) Phantom: 605 encountered, 554 discovered, 0 enqueued
[2026-04-03T03:24:55.044+0600][16.672s][info][gc,reloc    ] GC(18) Small Pages: 158 / 316M, Empty: 260M, Relocated: 1M, In-Place: 0
[2026-04-03T03:24:55.044+0600][16.672s][info][gc,reloc    ] GC(18) Medium Pages: 1 / 32M, Empty: 0M, Relocated: 0M, In-Place: 0
[2026-04-03T03:24:55.044+0600][16.672s][info][gc,reloc    ] GC(18) Large Pages: 0 / 0M, Empty: 0M, Relocated: 0M, In-Place: 0
[2026-04-03T03:24:55.044+0600][16.672s][info][gc,reloc    ] GC(18) Forwarding Usage: 0M
[2026-04-03T03:24:55.044+0600][16.672s][info][gc,heap     ] GC(18) Min Capacity: 8M(1%)
[2026-04-03T03:24:55.044+0600][16.672s][info][gc,heap     ] GC(18) Max Capacity: 1250M(100%)
[2026-04-03T03:24:55.044+0600][16.672s][info][gc,heap     ] GC(18) Soft Max Capacity: 1250M(100%)
[2026-04-03T03:24:55.044+0600][16.672s][info][gc,heap     ] GC(18)                Mark Start          Mark End        Relocate Start      Relocate End           High               Low         
[2026-04-03T03:24:55.044+0600][16.672s][info][gc,heap     ] GC(18)  Capacity:      884M (71%)         884M (71%)         884M (71%)         884M (71%)         884M (71%)         884M (71%)    
[2026-04-03T03:24:55.044+0600][16.672s][info][gc,heap     ] GC(18)      Free:      902M (72%)         822M (66%)        1064M (85%)        1074M (86%)        1078M (86%)         810M (65%)    
[2026-04-03T03:24:55.044+0600][16.672s][info][gc,heap     ] GC(18)      Used:      348M (28%)         428M (34%)         186M (15%)         176M (14%)         440M (35%)         172M (14%)    
[2026-04-03T03:24:55.044+0600][16.672s][info][gc,heap     ] GC(18)      Live:         -                38M (3%)           38M (3%)           38M (3%)             -                  -          
[2026-04-03T03:24:55.044+0600][16.672s][info][gc,heap     ] GC(18) Allocated:         -                80M (6%)           98M (8%)          103M (8%)             -                  -          
[2026-04-03T03:24:55.044+0600][16.672s][info][gc,heap     ] GC(18)   Garbage:         -               309M (25%)          49M (4%)           33M (3%)             -                  -          
[2026-04-03T03:24:55.044+0600][16.672s][info][gc,heap     ] GC(18) Reclaimed:         -                  -               260M (21%)         275M (22%)            -                  -          
[2026-04-03T03:24:55.044+0600][16.672s][info][gc          ] GC(18) Garbage Collection (Allocation Rate) 348M(28%)->176M(14%)
[2026-04-03T03:24:55.104+0600][16.732s][info][gc,start    ] GC(19) Garbage Collection (Allocation Rate)
[2026-04-03T03:24:55.104+0600][16.732s][info][gc,task     ] GC(19) Using 3 workers
[2026-04-03T03:24:55.104+0600][16.732s][info][gc,phases   ] GC(19) Pause Mark Start 0.012ms
[2026-04-03T03:24:55.132+0600][16.760s][info][gc,phases   ] GC(19) Concurrent Mark 27.681ms
[2026-04-03T03:24:55.132+0600][16.760s][info][gc,phases   ] GC(19) Pause Mark End 0.046ms
[2026-04-03T03:24:55.133+0600][16.761s][info][gc,phases   ] GC(19) Concurrent Mark Free 0.003ms
[2026-04-03T03:24:55.138+0600][16.766s][info][gc,phases   ] GC(19) Concurrent Process Non-Strong References 5.420ms
[2026-04-03T03:24:55.138+0600][16.766s][info][gc,phases   ] GC(19) Concurrent Reset Relocation Set 0.003ms
[2026-04-03T03:24:55.141+0600][16.769s][info][gc,phases   ] GC(19) Concurrent Select Relocation Set 2.601ms
[2026-04-03T03:24:55.141+0600][16.769s][info][gc,phases   ] GC(19) Pause Relocate Start 0.051ms
[2026-04-03T03:24:55.143+0600][16.771s][info][gc,phases   ] GC(19) Concurrent Relocate 1.679ms
[2026-04-03T03:24:55.143+0600][16.771s][info][gc,load     ] GC(19) Load: 3.97/4.52/5.15
[2026-04-03T03:24:55.143+0600][16.771s][info][gc,mmu      ] GC(19) MMU: 2ms/90.1%, 5ms/96.1%, 10ms/97.9%, 20ms/99.0%, 50ms/99.6%, 100ms/99.8%
[2026-04-03T03:24:55.143+0600][16.771s][info][gc,marking  ] GC(19) Mark: 2 stripe(s), 3 proactive flush(es), 1 terminate flush(es), 0 completion(s), 0 continuation(s) 
[2026-04-03T03:24:55.143+0600][16.771s][info][gc,marking  ] GC(19) Mark Stack Usage: 32M
[2026-04-03T03:24:55.143+0600][16.771s][info][gc,nmethod  ] GC(19) NMethods: 4279 registered, 588 unregistered
[2026-04-03T03:24:55.143+0600][16.771s][info][gc,metaspace] GC(19) Metaspace: 64M used, 65M committed, 1088M reserved
[2026-04-03T03:24:55.143+0600][16.771s][info][gc,ref      ] GC(19) Soft: 4764 encountered, 0 discovered, 0 enqueued
[2026-04-03T03:24:55.143+0600][16.771s][info][gc,ref      ] GC(19) Weak: 5129 encountered, 1158 discovered, 0 enqueued
[2026-04-03T03:24:55.143+0600][16.771s][info][gc,ref      ] GC(19) Final: 82 encountered, 2 discovered, 0 enqueued
[2026-04-03T03:24:55.143+0600][16.771s][info][gc,ref      ] GC(19) Phantom: 605 encountered, 392 discovered, 0 enqueued
[2026-04-03T03:24:55.143+0600][16.771s][info][gc,reloc    ] GC(19) Small Pages: 166 / 332M, Empty: 276M, Relocated: 1M, In-Place: 0
[2026-04-03T03:24:55.143+0600][16.771s][info][gc,reloc    ] GC(19) Medium Pages: 1 / 32M, Empty: 0M, Relocated: 0M, In-Place: 0
[2026-04-03T03:24:55.143+0600][16.771s][info][gc,reloc    ] GC(19) Large Pages: 0 / 0M, Empty: 0M, Relocated: 0M, In-Place: 0
[2026-04-03T03:24:55.143+0600][16.771s][info][gc,reloc    ] GC(19) Forwarding Usage: 0M
[2026-04-03T03:24:55.143+0600][16.771s][info][gc,heap     ] GC(19) Min Capacity: 8M(1%)
[2026-04-03T03:24:55.143+0600][16.771s][info][gc,heap     ] GC(19) Max Capacity: 1250M(100%)
[2026-04-03T03:24:55.143+0600][16.771s][info][gc,heap     ] GC(19) Soft Max Capacity: 1250M(100%)
[2026-04-03T03:24:55.143+0600][16.771s][info][gc,heap     ] GC(19)                Mark Start          Mark End        Relocate Start      Relocate End           High               Low         
[2026-04-03T03:24:55.143+0600][16.771s][info][gc,heap     ] GC(19)  Capacity:      884M (71%)         884M (71%)         884M (71%)         884M (71%)         884M (71%)         884M (71%)    
[2026-04-03T03:24:55.143+0600][16.771s][info][gc,heap     ] GC(19)      Free:      886M (71%)         818M (65%)        1074M (86%)        1086M (87%)        1086M (87%)         804M (64%)    
[2026-04-03T03:24:55.143+0600][16.771s][info][gc,heap     ] GC(19)      Used:      364M (29%)         432M (35%)         176M (14%)         164M (13%)         446M (36%)         164M (13%)    
[2026-04-03T03:24:55.143+0600][16.771s][info][gc,heap     ] GC(19)      Live:         -                38M (3%)           38M (3%)           38M (3%)             -                  -          
[2026-04-03T03:24:55.143+0600][16.771s][info][gc,heap     ] GC(19) Allocated:         -                68M (5%)           88M (7%)           91M (7%)             -                  -          
[2026-04-03T03:24:55.143+0600][16.771s][info][gc,heap     ] GC(19)   Garbage:         -               325M (26%)          49M (4%)           33M (3%)             -                  -          
[2026-04-03T03:24:55.143+0600][16.771s][info][gc,heap     ] GC(19) Reclaimed:         -                  -               276M (22%)         291M (23%)            -                  -          
[2026-04-03T03:24:55.143+0600][16.771s][info][gc          ] GC(19) Garbage Collection (Allocation Rate) 364M(29%)->164M(13%)
[2026-04-03T03:24:55.203+0600][16.831s][info][gc,start    ] GC(20) Garbage Collection (Allocation Rate)
[2026-04-03T03:24:55.203+0600][16.831s][info][gc,task     ] GC(20) Using 3 workers
[2026-04-03T03:24:55.204+0600][16.832s][info][gc,phases   ] GC(20) Pause Mark Start 0.007ms
[2026-04-03T03:24:55.230+0600][16.858s][info][gc,phases   ] GC(20) Concurrent Mark 26.222ms
[2026-04-03T03:24:55.230+0600][16.858s][info][gc,phases   ] GC(20) Pause Mark End 0.054ms
[2026-04-03T03:24:55.230+0600][16.858s][info][gc,phases   ] GC(20) Concurrent Mark Free 0.003ms
[2026-04-03T03:24:55.236+0600][16.864s][info][gc,phases   ] GC(20) Concurrent Process Non-Strong References 5.361ms
[2026-04-03T03:24:55.236+0600][16.864s][info][gc,phases   ] GC(20) Concurrent Reset Relocation Set 0.004ms
[2026-04-03T03:24:55.238+0600][16.866s][info][gc,phases   ] GC(20) Concurrent Select Relocation Set 2.577ms
[2026-04-03T03:24:55.239+0600][16.867s][info][gc,phases   ] GC(20) Pause Relocate Start 0.019ms
[2026-04-03T03:24:55.240+0600][16.868s][info][gc,phases   ] GC(20) Concurrent Relocate 1.670ms
[2026-04-03T03:24:55.241+0600][16.868s][info][gc,load     ] GC(20) Load: 3.97/4.52/5.15
[2026-04-03T03:24:55.241+0600][16.868s][info][gc,mmu      ] GC(20) MMU: 2ms/90.1%, 5ms/96.1%, 10ms/97.9%, 20ms/99.0%, 50ms/99.6%, 100ms/99.8%
[2026-04-03T03:24:55.241+0600][16.868s][info][gc,marking  ] GC(20) Mark: 2 stripe(s), 2 proactive flush(es), 1 terminate flush(es), 0 completion(s), 0 continuation(s) 
[2026-04-03T03:24:55.241+0600][16.868s][info][gc,marking  ] GC(20) Mark Stack Usage: 32M
[2026-04-03T03:24:55.241+0600][16.869s][info][gc,nmethod  ] GC(20) NMethods: 4279 registered, 588 unregistered
[2026-04-03T03:24:55.241+0600][16.869s][info][gc,metaspace] GC(20) Metaspace: 64M used, 65M committed, 1088M reserved
[2026-04-03T03:24:55.241+0600][16.869s][info][gc,ref      ] GC(20) Soft: 4764 encountered, 0 discovered, 0 enqueued
[2026-04-03T03:24:55.241+0600][16.869s][info][gc,ref      ] GC(20) Weak: 5129 encountered, 693 discovered, 0 enqueued
[2026-04-03T03:24:55.241+0600][16.869s][info][gc,ref      ] GC(20) Final: 82 encountered, 2 discovered, 0 enqueued
[2026-04-03T03:24:55.241+0600][16.869s][info][gc,ref      ] GC(20) Phantom: 605 encountered, 556 discovered, 0 enqueued
[2026-04-03T03:24:55.241+0600][16.869s][info][gc,reloc    ] GC(20) Small Pages: 159 / 318M, Empty: 264M, Relocated: 1M, In-Place: 0
[2026-04-03T03:24:55.241+0600][16.869s][info][gc,reloc    ] GC(20) Medium Pages: 1 / 32M, Empty: 0M, Relocated: 0M, In-Place: 0
[2026-04-03T03:24:55.241+0600][16.869s][info][gc,reloc    ] GC(20) Large Pages: 0 / 0M, Empty: 0M, Relocated: 0M, In-Place: 0
[2026-04-03T03:24:55.241+0600][16.869s][info][gc,reloc    ] GC(20) Forwarding Usage: 0M
[2026-04-03T03:24:55.241+0600][16.869s][info][gc,heap     ] GC(20) Min Capacity: 8M(1%)
[2026-04-03T03:24:55.241+0600][16.869s][info][gc,heap     ] GC(20) Max Capacity: 1250M(100%)
[2026-04-03T03:24:55.241+0600][16.869s][info][gc,heap     ] GC(20) Soft Max Capacity: 1250M(100%)
[2026-04-03T03:24:55.241+0600][16.869s][info][gc,heap     ] GC(20)                Mark Start          Mark End        Relocate Start      Relocate End           High               Low         
[2026-04-03T03:24:55.241+0600][16.869s][info][gc,heap     ] GC(20)  Capacity:      884M (71%)         884M (71%)         884M (71%)         884M (71%)         884M (71%)         884M (71%)    
[2026-04-03T03:24:55.241+0600][16.869s][info][gc,heap     ] GC(20)      Free:      900M (72%)         826M (66%)        1072M (86%)        1080M (86%)        1084M (87%)         814M (65%)    
[2026-04-03T03:24:55.241+0600][16.869s][info][gc,heap     ] GC(20)      Used:      350M (28%)         424M (34%)         178M (14%)         170M (14%)         436M (35%)         166M (13%)    
[2026-04-03T03:24:55.241+0600][16.869s][info][gc,heap     ] GC(20)      Live:         -                38M (3%)           38M (3%)           38M (3%)             -                  -          
[2026-04-03T03:24:55.241+0600][16.869s][info][gc,heap     ] GC(20) Allocated:         -                74M (6%)           92M (7%)           97M (8%)             -                  -          
[2026-04-03T03:24:55.241+0600][16.869s][info][gc,heap     ] GC(20)   Garbage:         -               311M (25%)          47M (4%)           33M (3%)             -                  -          
[2026-04-03T03:24:55.241+0600][16.869s][info][gc,heap     ] GC(20) Reclaimed:         -                  -               264M (21%)         277M (22%)            -                  -          
[2026-04-03T03:24:55.241+0600][16.869s][info][gc          ] GC(20) Garbage Collection (Allocation Rate) 350M(28%)->170M(14%)
[2026-04-03T03:24:55.304+0600][16.932s][info][gc,start    ] GC(21) Garbage Collection (Allocation Rate)
[2026-04-03T03:24:55.304+0600][16.932s][info][gc,task     ] GC(21) Using 3 workers
[2026-04-03T03:24:55.304+0600][16.932s][info][gc,phases   ] GC(21) Pause Mark Start 0.011ms
[2026-04-03T03:24:55.332+0600][16.960s][info][gc,phases   ] GC(21) Concurrent Mark 28.107ms
[2026-04-03T03:24:55.332+0600][16.960s][info][gc,phases   ] GC(21) Pause Mark End 0.019ms
[2026-04-03T03:24:55.332+0600][16.960s][info][gc,phases   ] GC(21) Concurrent Mark Free 0.003ms
[2026-04-03T03:24:55.338+0600][16.966s][info][gc,phases   ] GC(21) Concurrent Process Non-Strong References 5.158ms
[2026-04-03T03:24:55.338+0600][16.966s][info][gc,phases   ] GC(21) Concurrent Reset Relocation Set 0.003ms
[2026-04-03T03:24:55.340+0600][16.968s][info][gc,phases   ] GC(21) Concurrent Select Relocation Set 2.604ms
[2026-04-03T03:24:55.340+0600][16.968s][info][gc,phases   ] GC(21) Pause Relocate Start 0.008ms
[2026-04-03T03:24:55.342+0600][16.970s][info][gc,phases   ] GC(21) Concurrent Relocate 1.552ms
[2026-04-03T03:24:55.342+0600][16.970s][info][gc,load     ] GC(21) Load: 3.97/4.52/5.15
[2026-04-03T03:24:55.342+0600][16.970s][info][gc,mmu      ] GC(21) MMU: 2ms/90.1%, 5ms/96.1%, 10ms/97.9%, 20ms/99.0%, 50ms/99.6%, 100ms/99.8%
[2026-04-03T03:24:55.342+0600][16.970s][info][gc,marking  ] GC(21) Mark: 2 stripe(s), 3 proactive flush(es), 1 terminate flush(es), 0 completion(s), 0 continuation(s) 
[2026-04-03T03:24:55.342+0600][16.970s][info][gc,marking  ] GC(21) Mark Stack Usage: 32M
[2026-04-03T03:24:55.342+0600][16.970s][info][gc,nmethod  ] GC(21) NMethods: 4286 registered, 590 unregistered
[2026-04-03T03:24:55.342+0600][16.970s][info][gc,metaspace] GC(21) Metaspace: 64M used, 65M committed, 1088M reserved
[2026-04-03T03:24:55.342+0600][16.970s][info][gc,ref      ] GC(21) Soft: 4764 encountered, 0 discovered, 0 enqueued
[2026-04-03T03:24:55.342+0600][16.970s][info][gc,ref      ] GC(21) Weak: 5129 encountered, 895 discovered, 0 enqueued
[2026-04-03T03:24:55.342+0600][16.970s][info][gc,ref      ] GC(21) Final: 82 encountered, 0 discovered, 0 enqueued
[2026-04-03T03:24:55.342+0600][16.970s][info][gc,ref      ] GC(21) Phantom: 605 encountered, 577 discovered, 0 enqueued
[2026-04-03T03:24:55.342+0600][16.970s][info][gc,reloc    ] GC(21) Small Pages: 165 / 330M, Empty: 274M, Relocated: 1M, In-Place: 0
[2026-04-03T03:24:55.342+0600][16.970s][info][gc,reloc    ] GC(21) Medium Pages: 1 / 32M, Empty: 0M, Relocated: 0M, In-Place: 0
[2026-04-03T03:24:55.342+0600][16.970s][info][gc,reloc    ] GC(21) Large Pages: 0 / 0M, Empty: 0M, Relocated: 0M, In-Place: 0
[2026-04-03T03:24:55.342+0600][16.970s][info][gc,reloc    ] GC(21) Forwarding Usage: 0M
[2026-04-03T03:24:55.342+0600][16.970s][info][gc,heap     ] GC(21) Min Capacity: 8M(1%)
[2026-04-03T03:24:55.342+0600][16.970s][info][gc,heap     ] GC(21) Max Capacity: 1250M(100%)
[2026-04-03T03:24:55.342+0600][16.970s][info][gc,heap     ] GC(21) Soft Max Capacity: 1250M(100%)
[2026-04-03T03:24:55.342+0600][16.970s][info][gc,heap     ] GC(21)                Mark Start          Mark End        Relocate Start      Relocate End           High               Low         
[2026-04-03T03:24:55.342+0600][16.970s][info][gc,heap     ] GC(21)  Capacity:      884M (71%)         884M (71%)         884M (71%)         884M (71%)         884M (71%)         884M (71%)    
[2026-04-03T03:24:55.342+0600][16.970s][info][gc,heap     ] GC(21)      Free:      888M (71%)         810M (65%)        1064M (85%)        1074M (86%)        1078M (86%)         796M (64%)    
[2026-04-03T03:24:55.342+0600][16.970s][info][gc,heap     ] GC(21)      Used:      362M (29%)         440M (35%)         186M (15%)         176M (14%)         454M (36%)         172M (14%)    
[2026-04-03T03:24:55.342+0600][16.970s][info][gc,heap     ] GC(21)      Live:         -                38M (3%)           38M (3%)           38M (3%)             -                  -          
[2026-04-03T03:24:55.342+0600][16.970s][info][gc,heap     ] GC(21) Allocated:         -                78M (6%)           98M (8%)          103M (8%)             -                  -          
[2026-04-03T03:24:55.342+0600][16.970s][info][gc,heap     ] GC(21)   Garbage:         -               323M (26%)          49M (4%)           33M (3%)             -                  -          
[2026-04-03T03:24:55.342+0600][16.970s][info][gc,heap     ] GC(21) Reclaimed:         -                  -               274M (22%)         289M (23%)            -                  -          
[2026-04-03T03:24:55.342+0600][16.970s][info][gc          ] GC(21) Garbage Collection (Allocation Rate) 362M(29%)->176M(14%)
[2026-04-03T03:24:55.404+0600][17.032s][info][gc,start    ] GC(22) Garbage Collection (Allocation Rate)
[2026-04-03T03:24:55.404+0600][17.032s][info][gc,task     ] GC(22) Using 3 workers
[2026-04-03T03:24:55.404+0600][17.032s][info][gc,phases   ] GC(22) Pause Mark Start 0.007ms
[2026-04-03T03:24:55.431+0600][17.059s][info][gc,phases   ] GC(22) Concurrent Mark 26.930ms
[2026-04-03T03:24:55.431+0600][17.059s][info][gc,phases   ] GC(22) Pause Mark End 0.023ms
[2026-04-03T03:24:55.431+0600][17.059s][info][gc,phases   ] GC(22) Concurrent Mark Free 0.003ms
[2026-04-03T03:24:55.437+0600][17.065s][info][gc,phases   ] GC(22) Concurrent Process Non-Strong References 5.245ms
[2026-04-03T03:24:55.437+0600][17.065s][info][gc,phases   ] GC(22) Concurrent Reset Relocation Set 0.003ms
[2026-04-03T03:24:55.439+0600][17.067s][info][gc,phases   ] GC(22) Concurrent Select Relocation Set 2.586ms
[2026-04-03T03:24:55.439+0600][17.067s][info][gc,phases   ] GC(22) Pause Relocate Start 0.047ms
[2026-04-03T03:24:55.441+0600][17.069s][info][gc,phases   ] GC(22) Concurrent Relocate 1.605ms
[2026-04-03T03:24:55.441+0600][17.069s][info][gc,load     ] GC(22) Load: 3.97/4.52/5.15
[2026-04-03T03:24:55.441+0600][17.069s][info][gc,mmu      ] GC(22) MMU: 2ms/90.1%, 5ms/96.1%, 10ms/97.9%, 20ms/99.0%, 50ms/99.6%, 100ms/99.8%
[2026-04-03T03:24:55.441+0600][17.069s][info][gc,marking  ] GC(22) Mark: 2 stripe(s), 3 proactive flush(es), 1 terminate flush(es), 0 completion(s), 0 continuation(s) 
[2026-04-03T03:24:55.441+0600][17.069s][info][gc,marking  ] GC(22) Mark Stack Usage: 32M
[2026-04-03T03:24:55.441+0600][17.069s][info][gc,nmethod  ] GC(22) NMethods: 4286 registered, 591 unregistered
[2026-04-03T03:24:55.441+0600][17.069s][info][gc,metaspace] GC(22) Metaspace: 64M used, 65M committed, 1088M reserved
[2026-04-03T03:24:55.441+0600][17.069s][info][gc,ref      ] GC(22) Soft: 4764 encountered, 0 discovered, 0 enqueued
[2026-04-03T03:24:55.441+0600][17.069s][info][gc,ref      ] GC(22) Weak: 5129 encountered, 866 discovered, 0 enqueued
[2026-04-03T03:24:55.441+0600][17.069s][info][gc,ref      ] GC(22) Final: 82 encountered, 0 discovered, 0 enqueued
[2026-04-03T03:24:55.441+0600][17.069s][info][gc,ref      ] GC(22) Phantom: 605 encountered, 577 discovered, 0 enqueued
[2026-04-03T03:24:55.441+0600][17.069s][info][gc,reloc    ] GC(22) Small Pages: 167 / 334M, Empty: 280M, Relocated: 1M, In-Place: 0
[2026-04-03T03:24:55.441+0600][17.069s][info][gc,reloc    ] GC(22) Medium Pages: 1 / 32M, Empty: 0M, Relocated: 0M, In-Place: 0
[2026-04-03T03:24:55.441+0600][17.069s][info][gc,reloc    ] GC(22) Large Pages: 0 / 0M, Empty: 0M, Relocated: 0M, In-Place: 0
[2026-04-03T03:24:55.441+0600][17.069s][info][gc,reloc    ] GC(22) Forwarding Usage: 0M
[2026-04-03T03:24:55.441+0600][17.069s][info][gc,heap     ] GC(22) Min Capacity: 8M(1%)
[2026-04-03T03:24:55.441+0600][17.069s][info][gc,heap     ] GC(22) Max Capacity: 1250M(100%)
[2026-04-03T03:24:55.441+0600][17.069s][info][gc,heap     ] GC(22) Soft Max Capacity: 1250M(100%)
[2026-04-03T03:24:55.441+0600][17.069s][info][gc,heap     ] GC(22)                Mark Start          Mark End        Relocate Start      Relocate End           High               Low         
[2026-04-03T03:24:55.441+0600][17.069s][info][gc,heap     ] GC(22)  Capacity:      884M (71%)         884M (71%)         884M (71%)         884M (71%)         884M (71%)         884M (71%)    
[2026-04-03T03:24:55.441+0600][17.069s][info][gc,heap     ] GC(22)      Free:      884M (71%)         810M (65%)        1070M (86%)        1080M (86%)        1082M (87%)         798M (64%)    
[2026-04-03T03:24:55.441+0600][17.069s][info][gc,heap     ] GC(22)      Used:      366M (29%)         440M (35%)         180M (14%)         170M (14%)         452M (36%)         168M (13%)    
[2026-04-03T03:24:55.441+0600][17.069s][info][gc,heap     ] GC(22)      Live:         -                38M (3%)           38M (3%)           38M (3%)             -                  -          
[2026-04-03T03:24:55.442+0600][17.069s][info][gc,heap     ] GC(22) Allocated:         -                74M (6%)           94M (8%)           97M (8%)             -                  -          
[2026-04-03T03:24:55.442+0600][17.069s][info][gc,heap     ] GC(22)   Garbage:         -               327M (26%)          47M (4%)           33M (3%)             -                  -          
[2026-04-03T03:24:55.442+0600][17.069s][info][gc,heap     ] GC(22) Reclaimed:         -                  -               280M (22%)         293M (23%)            -                  -          
[2026-04-03T03:24:55.442+0600][17.069s][info][gc          ] GC(22) Garbage Collection (Allocation Rate) 366M(29%)->170M(14%)
[2026-04-03T03:24:55.604+0600][17.232s][info][gc,start    ] GC(23) Garbage Collection (Allocation Rate)
[2026-04-03T03:24:55.604+0600][17.232s][info][gc,task     ] GC(23) Using 3 workers
[2026-04-03T03:24:55.604+0600][17.232s][info][gc,phases   ] GC(23) Pause Mark Start 0.024ms
[2026-04-03T03:24:55.634+0600][17.262s][info][gc,phases   ] GC(23) Concurrent Mark 29.829ms
[2026-04-03T03:24:55.634+0600][17.262s][info][gc,phases   ] GC(23) Pause Mark End 0.025ms
[2026-04-03T03:24:55.635+0600][17.263s][info][gc,phases   ] GC(23) Concurrent Mark Free 0.004ms
[2026-04-03T03:24:55.640+0600][17.268s][info][gc,phases   ] GC(23) Concurrent Process Non-Strong References 5.431ms
[2026-04-03T03:24:55.640+0600][17.268s][info][gc,phases   ] GC(23) Concurrent Reset Relocation Set 0.003ms
[2026-04-03T03:24:55.644+0600][17.272s][info][gc,phases   ] GC(23) Concurrent Select Relocation Set 3.646ms
[2026-04-03T03:24:55.644+0600][17.272s][info][gc,phases   ] GC(23) Pause Relocate Start 0.037ms
[2026-04-03T03:24:55.646+0600][17.274s][info][gc,phases   ] GC(23) Concurrent Relocate 1.644ms
[2026-04-03T03:24:55.646+0600][17.274s][info][gc,load     ] GC(23) Load: 3.89/4.49/5.14
[2026-04-03T03:24:55.646+0600][17.274s][info][gc,mmu      ] GC(23) MMU: 2ms/90.1%, 5ms/96.1%, 10ms/97.9%, 20ms/99.0%, 50ms/99.6%, 100ms/99.8%
[2026-04-03T03:24:55.646+0600][17.274s][info][gc,marking  ] GC(23) Mark: 2 stripe(s), 2 proactive flush(es), 1 terminate flush(es), 0 completion(s), 0 continuation(s) 
[2026-04-03T03:24:55.646+0600][17.274s][info][gc,marking  ] GC(23) Mark Stack Usage: 32M
[2026-04-03T03:24:55.646+0600][17.274s][info][gc,nmethod  ] GC(23) NMethods: 4288 registered, 594 unregistered
[2026-04-03T03:24:55.646+0600][17.274s][info][gc,metaspace] GC(23) Metaspace: 64M used, 65M committed, 1088M reserved
[2026-04-03T03:24:55.646+0600][17.274s][info][gc,ref      ] GC(23) Soft: 4764 encountered, 0 discovered, 0 enqueued
[2026-04-03T03:24:55.646+0600][17.274s][info][gc,ref      ] GC(23) Weak: 5129 encountered, 777 discovered, 0 enqueued
[2026-04-03T03:24:55.646+0600][17.274s][info][gc,ref      ] GC(23) Final: 82 encountered, 2 discovered, 0 enqueued
[2026-04-03T03:24:55.646+0600][17.274s][info][gc,ref      ] GC(23) Phantom: 605 encountered, 577 discovered, 0 enqueued
[2026-04-03T03:24:55.646+0600][17.274s][info][gc,reloc    ] GC(23) Small Pages: 295 / 590M, Empty: 530M, Relocated: 1M, In-Place: 0
[2026-04-03T03:24:55.646+0600][17.274s][info][gc,reloc    ] GC(23) Medium Pages: 1 / 32M, Empty: 0M, Relocated: 0M, In-Place: 0
[2026-04-03T03:24:55.646+0600][17.274s][info][gc,reloc    ] GC(23) Large Pages: 0 / 0M, Empty: 0M, Relocated: 0M, In-Place: 0
[2026-04-03T03:24:55.646+0600][17.274s][info][gc,reloc    ] GC(23) Forwarding Usage: 0M
[2026-04-03T03:24:55.646+0600][17.274s][info][gc,heap     ] GC(23) Min Capacity: 8M(1%)
[2026-04-03T03:24:55.646+0600][17.274s][info][gc,heap     ] GC(23) Max Capacity: 1250M(100%)
[2026-04-03T03:24:55.646+0600][17.274s][info][gc,heap     ] GC(23) Soft Max Capacity: 1250M(100%)
[2026-04-03T03:24:55.646+0600][17.274s][info][gc,heap     ] GC(23)                Mark Start          Mark End        Relocate Start      Relocate End           High               Low         
[2026-04-03T03:24:55.646+0600][17.274s][info][gc,heap     ] GC(23)  Capacity:      884M (71%)         884M (71%)         884M (71%)         884M (71%)         884M (71%)         884M (71%)    
[2026-04-03T03:24:55.646+0600][17.274s][info][gc,heap     ] GC(23)      Free:      628M (50%)         554M (44%)        1066M (85%)        1082M (87%)        1082M (87%)         542M (43%)    
[2026-04-03T03:24:55.646+0600][17.274s][info][gc,heap     ] GC(23)      Used:      622M (50%)         696M (56%)         184M (15%)         168M (13%)         708M (57%)         168M (13%)    
[2026-04-03T03:24:55.646+0600][17.274s][info][gc,heap     ] GC(23)      Live:         -                38M (3%)           38M (3%)           38M (3%)             -                  -          
[2026-04-03T03:24:55.646+0600][17.274s][info][gc,heap     ] GC(23) Allocated:         -                74M (6%)           92M (7%)           95M (8%)             -                  -          
[2026-04-03T03:24:55.646+0600][17.274s][info][gc,heap     ] GC(23)   Garbage:         -               583M (47%)          53M (4%)           33M (3%)             -                  -          
[2026-04-03T03:24:55.646+0600][17.274s][info][gc,heap     ] GC(23) Reclaimed:         -                  -               530M (42%)         549M (44%)            -                  -          
[2026-04-03T03:24:55.646+0600][17.274s][info][gc          ] GC(23) Garbage Collection (Allocation Rate) 622M(50%)->168M(13%)
[2026-04-03T03:24:55.803+0600][17.431s][info][gc,start    ] GC(24) Garbage Collection (Allocation Rate)
[2026-04-03T03:24:55.803+0600][17.431s][info][gc,task     ] GC(24) Using 2 workers
[2026-04-03T03:24:55.804+0600][17.432s][info][gc,phases   ] GC(24) Pause Mark Start 0.046ms
[2026-04-03T03:24:55.839+0600][17.467s][info][gc,phases   ] GC(24) Concurrent Mark 35.188ms
[2026-04-03T03:24:55.839+0600][17.467s][info][gc,phases   ] GC(24) Pause Mark End 0.028ms
[2026-04-03T03:24:55.839+0600][17.467s][info][gc,phases   ] GC(24) Concurrent Mark Free 0.003ms
[2026-04-03T03:24:55.847+0600][17.475s][info][gc,phases   ] GC(24) Concurrent Process Non-Strong References 7.272ms
[2026-04-03T03:24:55.847+0600][17.475s][info][gc,phases   ] GC(24) Concurrent Reset Relocation Set 0.003ms
[2026-04-03T03:24:55.850+0600][17.478s][info][gc,phases   ] GC(24) Concurrent Select Relocation Set 2.977ms
[2026-04-03T03:24:55.850+0600][17.478s][info][gc,phases   ] GC(24) Pause Relocate Start 0.016ms
[2026-04-03T03:24:55.852+0600][17.480s][info][gc,phases   ] GC(24) Concurrent Relocate 1.668ms
[2026-04-03T03:24:55.852+0600][17.480s][info][gc,load     ] GC(24) Load: 3.89/4.49/5.14
[2026-04-03T03:24:55.852+0600][17.480s][info][gc,mmu      ] GC(24) MMU: 2ms/90.1%, 5ms/96.1%, 10ms/97.9%, 20ms/99.0%, 50ms/99.6%, 100ms/99.8%
[2026-04-03T03:24:55.852+0600][17.480s][info][gc,marking  ] GC(24) Mark: 2 stripe(s), 2 proactive flush(es), 1 terminate flush(es), 0 completion(s), 0 continuation(s) 
[2026-04-03T03:24:55.852+0600][17.480s][info][gc,marking  ] GC(24) Mark Stack Usage: 32M
[2026-04-03T03:24:55.852+0600][17.480s][info][gc,nmethod  ] GC(24) NMethods: 4290 registered, 596 unregistered
[2026-04-03T03:24:55.852+0600][17.480s][info][gc,metaspace] GC(24) Metaspace: 64M used, 65M committed, 1088M reserved
[2026-04-03T03:24:55.852+0600][17.480s][info][gc,ref      ] GC(24) Soft: 4764 encountered, 0 discovered, 0 enqueued
[2026-04-03T03:24:55.852+0600][17.480s][info][gc,ref      ] GC(24) Weak: 5129 encountered, 571 discovered, 0 enqueued
[2026-04-03T03:24:55.852+0600][17.480s][info][gc,ref      ] GC(24) Final: 82 encountered, 0 discovered, 0 enqueued
[2026-04-03T03:24:55.852+0600][17.480s][info][gc,ref      ] GC(24) Phantom: 605 encountered, 558 discovered, 0 enqueued
[2026-04-03T03:24:55.852+0600][17.480s][info][gc,reloc    ] GC(24) Small Pages: 286 / 572M, Empty: 516M, Relocated: 1M, In-Place: 0
[2026-04-03T03:24:55.852+0600][17.480s][info][gc,reloc    ] GC(24) Medium Pages: 1 / 32M, Empty: 0M, Relocated: 0M, In-Place: 0
[2026-04-03T03:24:55.852+0600][17.480s][info][gc,reloc    ] GC(24) Large Pages: 0 / 0M, Empty: 0M, Relocated: 0M, In-Place: 0
[2026-04-03T03:24:55.852+0600][17.480s][info][gc,reloc    ] GC(24) Forwarding Usage: 0M
[2026-04-03T03:24:55.852+0600][17.480s][info][gc,heap     ] GC(24) Min Capacity: 8M(1%)
[2026-04-03T03:24:55.852+0600][17.480s][info][gc,heap     ] GC(24) Max Capacity: 1250M(100%)
[2026-04-03T03:24:55.852+0600][17.480s][info][gc,heap     ] GC(24) Soft Max Capacity: 1250M(100%)
[2026-04-03T03:24:55.852+0600][17.480s][info][gc,heap     ] GC(24)                Mark Start          Mark End        Relocate Start      Relocate End           High               Low         
[2026-04-03T03:24:55.852+0600][17.480s][info][gc,heap     ] GC(24)  Capacity:      884M (71%)         884M (71%)         884M (71%)         884M (71%)         884M (71%)         884M (71%)    
[2026-04-03T03:24:55.852+0600][17.480s][info][gc,heap     ] GC(24)      Free:      646M (52%)         554M (44%)        1044M (84%)        1058M (85%)        1058M (85%)         538M (43%)    
[2026-04-03T03:24:55.852+0600][17.480s][info][gc,heap     ] GC(24)      Used:      604M (48%)         696M (56%)         206M (16%)         192M (15%)         712M (57%)         192M (15%)    
[2026-04-03T03:24:55.852+0600][17.480s][info][gc,heap     ] GC(24)      Live:         -                38M (3%)           38M (3%)           38M (3%)             -                  -          
[2026-04-03T03:24:55.852+0600][17.480s][info][gc,heap     ] GC(24) Allocated:         -                92M (7%)          118M (9%)          121M (10%)            -                  -          
[2026-04-03T03:24:55.852+0600][17.480s][info][gc,heap     ] GC(24)   Garbage:         -               565M (45%)          49M (4%)           31M (3%)             -                  -          
[2026-04-03T03:24:55.852+0600][17.480s][info][gc,heap     ] GC(24) Reclaimed:         -                  -               516M (41%)         533M (43%)            -                  -          
[2026-04-03T03:24:55.852+0600][17.480s][info][gc          ] GC(24) Garbage Collection (Allocation Rate) 604M(48%)->192M(15%)
[2026-04-03T03:24:56.104+0600][17.732s][info][gc,start    ] GC(25) Garbage Collection (Allocation Rate)
[2026-04-03T03:24:56.104+0600][17.732s][info][gc,task     ] GC(25) Using 2 workers
[2026-04-03T03:24:56.104+0600][17.732s][info][gc,phases   ] GC(25) Pause Mark Start 0.012ms
[2026-04-03T03:24:56.142+0600][17.770s][info][gc,phases   ] GC(25) Concurrent Mark 37.678ms
[2026-04-03T03:24:56.142+0600][17.770s][info][gc,phases   ] GC(25) Pause Mark End 0.022ms
[2026-04-03T03:24:56.142+0600][17.770s][info][gc,phases   ] GC(25) Concurrent Mark Free 0.003ms
[2026-04-03T03:24:56.150+0600][17.778s][info][gc,phases   ] GC(25) Concurrent Process Non-Strong References 7.725ms
[2026-04-03T03:24:56.150+0600][17.778s][info][gc,phases   ] GC(25) Concurrent Reset Relocation Set 0.002ms
[2026-04-03T03:24:56.153+0600][17.781s][info][gc,phases   ] GC(25) Concurrent Select Relocation Set 2.731ms
[2026-04-03T03:24:56.153+0600][17.781s][info][gc,phases   ] GC(25) Pause Relocate Start 0.014ms
[2026-04-03T03:24:56.154+0600][17.782s][info][gc,phases   ] GC(25) Concurrent Relocate 1.392ms
[2026-04-03T03:24:56.155+0600][17.782s][info][gc,load     ] GC(25) Load: 3.89/4.49/5.14
[2026-04-03T03:24:56.155+0600][17.783s][info][gc,mmu      ] GC(25) MMU: 2ms/90.1%, 5ms/96.1%, 10ms/97.9%, 20ms/99.0%, 50ms/99.6%, 100ms/99.8%
[2026-04-03T03:24:56.155+0600][17.783s][info][gc,marking  ] GC(25) Mark: 2 stripe(s), 2 proactive flush(es), 1 terminate flush(es), 0 completion(s), 0 continuation(s) 
[2026-04-03T03:24:56.155+0600][17.783s][info][gc,marking  ] GC(25) Mark Stack Usage: 32M
[2026-04-03T03:24:56.155+0600][17.783s][info][gc,nmethod  ] GC(25) NMethods: 4288 registered, 598 unregistered
[2026-04-03T03:24:56.155+0600][17.783s][info][gc,metaspace] GC(25) Metaspace: 64M used, 65M committed, 1088M reserved
[2026-04-03T03:24:56.155+0600][17.783s][info][gc,ref      ] GC(25) Soft: 4764 encountered, 0 discovered, 0 enqueued
[2026-04-03T03:24:56.155+0600][17.783s][info][gc,ref      ] GC(25) Weak: 5129 encountered, 786 discovered, 0 enqueued
[2026-04-03T03:24:56.155+0600][17.783s][info][gc,ref      ] GC(25) Final: 82 encountered, 0 discovered, 0 enqueued
[2026-04-03T03:24:56.155+0600][17.783s][info][gc,ref      ] GC(25) Phantom: 605 encountered, 544 discovered, 0 enqueued
[2026-04-03T03:24:56.155+0600][17.783s][info][gc,reloc    ] GC(25) Small Pages: 439 / 878M, Empty: 820M, Relocated: 1M, In-Place: 0
[2026-04-03T03:24:56.155+0600][17.783s][info][gc,reloc    ] GC(25) Medium Pages: 1 / 32M, Empty: 0M, Relocated: 0M, In-Place: 0
[2026-04-03T03:24:56.155+0600][17.783s][info][gc,reloc    ] GC(25) Large Pages: 0 / 0M, Empty: 0M, Relocated: 0M, In-Place: 0
[2026-04-03T03:24:56.155+0600][17.783s][info][gc,reloc    ] GC(25) Forwarding Usage: 0M
[2026-04-03T03:24:56.155+0600][17.783s][info][gc,heap     ] GC(25) Min Capacity: 8M(1%)
[2026-04-03T03:24:56.155+0600][17.783s][info][gc,heap     ] GC(25) Max Capacity: 1250M(100%)
[2026-04-03T03:24:56.155+0600][17.783s][info][gc,heap     ] GC(25) Soft Max Capacity: 1250M(100%)
[2026-04-03T03:24:56.155+0600][17.783s][info][gc,heap     ] GC(25)                Mark Start          Mark End        Relocate Start      Relocate End           High               Low         
[2026-04-03T03:24:56.155+0600][17.783s][info][gc,heap     ] GC(25)  Capacity:      910M (73%)         958M (77%)         972M (78%)         972M (78%)         972M (78%)         910M (73%)    
[2026-04-03T03:24:56.155+0600][17.783s][info][gc,heap     ] GC(25)      Free:      340M (27%)         292M (23%)        1096M (88%)        1116M (89%)        1116M (89%)         278M (22%)    
[2026-04-03T03:24:56.155+0600][17.783s][info][gc,heap     ] GC(25)      Used:      910M (73%)         958M (77%)         154M (12%)         134M (11%)         972M (78%)         134M (11%)    
[2026-04-03T03:24:56.155+0600][17.783s][info][gc,heap     ] GC(25)      Live:         -                38M (3%)           38M (3%)           38M (3%)             -                  -          
[2026-04-03T03:24:56.155+0600][17.783s][info][gc,heap     ] GC(25) Allocated:         -                48M (4%)           64M (5%)           63M (5%)             -                  -          
[2026-04-03T03:24:56.155+0600][17.783s][info][gc,heap     ] GC(25)   Garbage:         -               871M (70%)          51M (4%)           31M (3%)             -                  -          
[2026-04-03T03:24:56.155+0600][17.783s][info][gc,heap     ] GC(25) Reclaimed:         -                  -               820M (66%)         839M (67%)            -                  -          
[2026-04-03T03:24:56.155+0600][17.783s][info][gc          ] GC(25) Garbage Collection (Allocation Rate) 910M(73%)->134M(11%)
[2026-04-03T03:24:56.404+0600][18.032s][info][gc,start    ] GC(26) Garbage Collection (Allocation Rate)
[2026-04-03T03:24:56.404+0600][18.032s][info][gc,task     ] GC(26) Using 1 workers
[2026-04-03T03:24:56.405+0600][18.033s][info][gc,phases   ] GC(26) Pause Mark Start 0.015ms
[2026-04-03T03:24:56.472+0600][18.100s][info][gc,phases   ] GC(26) Concurrent Mark 66.660ms
[2026-04-03T03:24:56.472+0600][18.100s][info][gc,phases   ] GC(26) Pause Mark End 0.198ms
[2026-04-03T03:24:56.472+0600][18.100s][info][gc,phases   ] GC(26) Concurrent Mark Free 0.004ms
[2026-04-03T03:24:56.489+0600][18.117s][info][gc,phases   ] GC(26) Concurrent Process Non-Strong References 16.937ms
[2026-04-03T03:24:56.489+0600][18.117s][info][gc,phases   ] GC(26) Concurrent Reset Relocation Set 0.003ms
[2026-04-03T03:24:56.493+0600][18.121s][info][gc,phases   ] GC(26) Concurrent Select Relocation Set 3.971ms
[2026-04-03T03:24:56.494+0600][18.122s][info][gc,phases   ] GC(26) Pause Relocate Start 0.015ms
[2026-04-03T03:24:56.500+0600][18.128s][info][gc,phases   ] GC(26) Concurrent Relocate 5.723ms
[2026-04-03T03:24:56.500+0600][18.128s][info][gc,load     ] GC(26) Load: 3.89/4.49/5.14
[2026-04-03T03:24:56.500+0600][18.128s][info][gc,mmu      ] GC(26) MMU: 2ms/90.1%, 5ms/96.0%, 10ms/97.9%, 20ms/99.0%, 50ms/99.6%, 100ms/99.8%
[2026-04-03T03:24:56.500+0600][18.128s][info][gc,marking  ] GC(26) Mark: 1 stripe(s), 3 proactive flush(es), 1 terminate flush(es), 1 completion(s), 0 continuation(s) 
[2026-04-03T03:24:56.500+0600][18.128s][info][gc,marking  ] GC(26) Mark Stack Usage: 32M
[2026-04-03T03:24:56.500+0600][18.128s][info][gc,nmethod  ] GC(26) NMethods: 4531 registered, 652 unregistered
[2026-04-03T03:24:56.500+0600][18.128s][info][gc,metaspace] GC(26) Metaspace: 66M used, 67M committed, 1088M reserved
[2026-04-03T03:24:56.500+0600][18.128s][info][gc,ref      ] GC(26) Soft: 4850 encountered, 0 discovered, 0 enqueued
[2026-04-03T03:24:56.500+0600][18.128s][info][gc,ref      ] GC(26) Weak: 5859 encountered, 1289 discovered, 239 enqueued
[2026-04-03T03:24:56.500+0600][18.128s][info][gc,ref      ] GC(26) Final: 82 encountered, 0 discovered, 0 enqueued
[2026-04-03T03:24:56.500+0600][18.128s][info][gc,ref      ] GC(26) Phantom: 593 encountered, 590 discovered, 0 enqueued
[2026-04-03T03:24:56.500+0600][18.128s][info][gc,reloc    ] GC(26) Small Pages: 219 / 438M, Empty: 362M, Relocated: 2M, In-Place: 0
[2026-04-03T03:24:56.500+0600][18.128s][info][gc,reloc    ] GC(26) Medium Pages: 2 / 64M, Empty: 32M, Relocated: 0M, In-Place: 0
[2026-04-03T03:24:56.500+0600][18.128s][info][gc,reloc    ] GC(26) Large Pages: 1 / 6M, Empty: 6M, Relocated: 0M, In-Place: 0
[2026-04-03T03:24:56.500+0600][18.128s][info][gc,reloc    ] GC(26) Forwarding Usage: 0M
[2026-04-03T03:24:56.500+0600][18.128s][info][gc,heap     ] GC(26) Min Capacity: 8M(1%)
[2026-04-03T03:24:56.500+0600][18.128s][info][gc,heap     ] GC(26) Max Capacity: 1250M(100%)
[2026-04-03T03:24:56.500+0600][18.128s][info][gc,heap     ] GC(26) Soft Max Capacity: 1250M(100%)
[2026-04-03T03:24:56.500+0600][18.128s][info][gc,heap     ] GC(26)                Mark Start          Mark End        Relocate Start      Relocate End           High               Low         
[2026-04-03T03:24:56.500+0600][18.128s][info][gc,heap     ] GC(26)  Capacity:     1010M (81%)        1010M (81%)        1010M (81%)        1010M (81%)        1010M (81%)        1010M (81%)    
[2026-04-03T03:24:56.500+0600][18.128s][info][gc,heap     ] GC(26)      Free:      742M (59%)         726M (58%)        1122M (90%)        1160M (93%)        1160M (93%)         726M (58%)    
[2026-04-03T03:24:56.500+0600][18.128s][info][gc,heap     ] GC(26)      Used:      508M (41%)         524M (42%)         128M (10%)          90M (7%)          524M (42%)          90M (7%)     
[2026-04-03T03:24:56.500+0600][18.128s][info][gc,heap     ] GC(26)      Live:         -                36M (3%)           36M (3%)           36M (3%)             -                  -          
[2026-04-03T03:24:56.500+0600][18.128s][info][gc,heap     ] GC(26) Allocated:         -                16M (1%)           20M (2%)           21M (2%)             -                  -          
[2026-04-03T03:24:56.500+0600][18.128s][info][gc,heap     ] GC(26)   Garbage:         -               471M (38%)          71M (6%)           31M (3%)             -                  -          
[2026-04-03T03:24:56.500+0600][18.128s][info][gc,heap     ] GC(26) Reclaimed:         -                  -               400M (32%)         439M (35%)            -                  -          
[2026-04-03T03:24:56.500+0600][18.128s][info][gc          ] GC(26) Garbage Collection (Allocation Rate) 508M(41%)->90M(7%)
[2026-04-03T03:24:56.704+0600][18.332s][info][gc,start    ] GC(27) Garbage Collection (Allocation Rate)
[2026-04-03T03:24:56.704+0600][18.332s][info][gc,task     ] GC(27) Using 2 workers
[2026-04-03T03:24:56.704+0600][18.332s][info][gc,phases   ] GC(27) Pause Mark Start 0.014ms
[2026-04-03T03:24:56.755+0600][18.383s][info][gc,phases   ] GC(27) Concurrent Mark 50.735ms
[2026-04-03T03:24:56.755+0600][18.383s][info][gc,phases   ] GC(27) Pause Mark End 0.049ms
[2026-04-03T03:24:56.755+0600][18.383s][info][gc,phases   ] GC(27) Concurrent Mark Free 0.003ms
[2026-04-03T03:24:56.779+0600][18.407s][info][gc,phases   ] GC(27) Concurrent Process Non-Strong References 23.162ms
[2026-04-03T03:24:56.779+0600][18.407s][info][gc,phases   ] GC(27) Concurrent Reset Relocation Set 0.004ms
[2026-04-03T03:24:56.783+0600][18.411s][info][gc,phases   ] GC(27) Concurrent Select Relocation Set 4.207ms
[2026-04-03T03:24:56.783+0600][18.411s][info][gc,phases   ] GC(27) Pause Relocate Start 0.038ms
[2026-04-03T03:24:56.787+0600][18.415s][info][gc,phases   ] GC(27) Concurrent Relocate 3.819ms
[2026-04-03T03:24:56.787+0600][18.415s][info][gc,load     ] GC(27) Load: 3.89/4.49/5.14
[2026-04-03T03:24:56.787+0600][18.415s][info][gc,mmu      ] GC(27) MMU: 2ms/90.1%, 5ms/96.0%, 10ms/97.9%, 20ms/99.0%, 50ms/99.6%, 100ms/99.8%
[2026-04-03T03:24:56.787+0600][18.415s][info][gc,marking  ] GC(27) Mark: 2 stripe(s), 2 proactive flush(es), 1 terminate flush(es), 0 completion(s), 0 continuation(s) 
[2026-04-03T03:24:56.788+0600][18.415s][info][gc,marking  ] GC(27) Mark Stack Usage: 32M
[2026-04-03T03:24:56.788+0600][18.415s][info][gc,nmethod  ] GC(27) NMethods: 4823 registered, 746 unregistered
[2026-04-03T03:24:56.788+0600][18.415s][info][gc,metaspace] GC(27) Metaspace: 67M used, 68M committed, 1088M reserved
[2026-04-03T03:24:56.788+0600][18.415s][info][gc,ref      ] GC(27) Soft: 4887 encountered, 0 discovered, 0 enqueued
[2026-04-03T03:24:56.788+0600][18.416s][info][gc,ref      ] GC(27) Weak: 6090 encountered, 2091 discovered, 283 enqueued
[2026-04-03T03:24:56.788+0600][18.416s][info][gc,ref      ] GC(27) Final: 82 encountered, 2 discovered, 0 enqueued
[2026-04-03T03:24:56.788+0600][18.416s][info][gc,ref      ] GC(27) Phantom: 597 encountered, 544 discovered, 0 enqueued
[2026-04-03T03:24:56.788+0600][18.416s][info][gc,reloc    ] GC(27) Small Pages: 38 / 76M, Empty: 0M, Relocated: 3M, In-Place: 0
[2026-04-03T03:24:56.788+0600][18.416s][info][gc,reloc    ] GC(27) Medium Pages: 1 / 32M, Empty: 0M, Relocated: 0M, In-Place: 0
[2026-04-03T03:24:56.788+0600][18.416s][info][gc,reloc    ] GC(27) Large Pages: 0 / 0M, Empty: 0M, Relocated: 0M, In-Place: 0
[2026-04-03T03:24:56.788+0600][18.416s][info][gc,reloc    ] GC(27) Forwarding Usage: 1M
[2026-04-03T03:24:56.788+0600][18.416s][info][gc,heap     ] GC(27) Min Capacity: 8M(1%)
[2026-04-03T03:24:56.788+0600][18.416s][info][gc,heap     ] GC(27) Max Capacity: 1250M(100%)
[2026-04-03T03:24:56.788+0600][18.416s][info][gc,heap     ] GC(27) Soft Max Capacity: 1250M(100%)
[2026-04-03T03:24:56.788+0600][18.416s][info][gc,heap     ] GC(27)                Mark Start          Mark End        Relocate Start      Relocate End           High               Low         
[2026-04-03T03:24:56.788+0600][18.416s][info][gc,heap     ] GC(27)  Capacity:     1010M (81%)        1010M (81%)        1010M (81%)        1010M (81%)        1010M (81%)        1010M (81%)    
[2026-04-03T03:24:56.788+0600][18.416s][info][gc,heap     ] GC(27)      Free:     1142M (91%)        1130M (90%)        1126M (90%)        1162M (93%)        1162M (93%)        1120M (90%)    
[2026-04-03T03:24:56.788+0600][18.416s][info][gc,heap     ] GC(27)      Used:      108M (9%)          120M (10%)         124M (10%)          88M (7%)          130M (10%)          88M (7%)     
[2026-04-03T03:24:56.788+0600][18.416s][info][gc,heap     ] GC(27)      Live:         -                37M (3%)           37M (3%)           37M (3%)             -                  -          
[2026-04-03T03:24:56.788+0600][18.416s][info][gc,heap     ] GC(27) Allocated:         -                12M (1%)           16M (1%)           19M (2%)             -                  -          
[2026-04-03T03:24:56.788+0600][18.416s][info][gc,heap     ] GC(27)   Garbage:         -                70M (6%)           70M (6%)           30M (2%)             -                  -          
[2026-04-03T03:24:56.788+0600][18.416s][info][gc,heap     ] GC(27) Reclaimed:         -                  -                 0M (0%)           39M (3%)             -                  -          
[2026-04-03T03:24:56.788+0600][18.416s][info][gc          ] GC(27) Garbage Collection (Allocation Rate) 108M(9%)->88M(7%)
[2026-04-03T03:24:56.904+0600][18.532s][info][gc,start    ] GC(28) Garbage Collection (Allocation Rate)
[2026-04-03T03:24:56.904+0600][18.532s][info][gc,task     ] GC(28) Using 2 workers
[2026-04-03T03:24:56.904+0600][18.532s][info][gc,phases   ] GC(28) Pause Mark Start 0.017ms
[2026-04-03T03:24:56.961+0600][18.589s][info][gc,phases   ] GC(28) Concurrent Mark 57.021ms
[2026-04-03T03:24:56.962+0600][18.590s][info][gc,phases   ] GC(28) Pause Mark End 0.025ms
[2026-04-03T03:24:56.962+0600][18.590s][info][gc,phases   ] GC(28) Concurrent Mark Free 0.003ms
[2026-04-03T03:24:56.974+0600][18.602s][info][gc,phases   ] GC(28) Concurrent Process Non-Strong References 11.734ms
[2026-04-03T03:24:56.974+0600][18.602s][info][gc,phases   ] GC(28) Concurrent Reset Relocation Set 0.007ms
[2026-04-03T03:24:56.978+0600][18.606s][info][gc,phases   ] GC(28) Concurrent Select Relocation Set 4.033ms
[2026-04-03T03:24:56.978+0600][18.606s][info][gc,phases   ] GC(28) Pause Relocate Start 0.012ms
[2026-04-03T03:24:56.984+0600][18.612s][info][gc,phases   ] GC(28) Concurrent Relocate 5.656ms
[2026-04-03T03:24:56.984+0600][18.612s][info][gc,load     ] GC(28) Load: 3.89/4.49/5.14
[2026-04-03T03:24:56.984+0600][18.612s][info][gc,mmu      ] GC(28) MMU: 2ms/90.1%, 5ms/96.0%, 10ms/97.9%, 20ms/99.0%, 50ms/99.6%, 100ms/99.8%
[2026-04-03T03:24:56.984+0600][18.612s][info][gc,marking  ] GC(28) Mark: 2 stripe(s), 2 proactive flush(es), 1 terminate flush(es), 0 completion(s), 0 continuation(s) 
[2026-04-03T03:24:56.984+0600][18.612s][info][gc,marking  ] GC(28) Mark Stack Usage: 32M
[2026-04-03T03:24:56.984+0600][18.612s][info][gc,nmethod  ] GC(28) NMethods: 4869 registered, 775 unregistered
[2026-04-03T03:24:56.984+0600][18.612s][info][gc,metaspace] GC(28) Metaspace: 67M used, 68M committed, 1088M reserved
[2026-04-03T03:24:56.984+0600][18.612s][info][gc,ref      ] GC(28) Soft: 4887 encountered, 0 discovered, 0 enqueued
[2026-04-03T03:24:56.984+0600][18.612s][info][gc,ref      ] GC(28) Weak: 5807 encountered, 2028 discovered, 0 enqueued
[2026-04-03T03:24:56.984+0600][18.612s][info][gc,ref      ] GC(28) Final: 82 encountered, 2 discovered, 0 enqueued
[2026-04-03T03:24:56.984+0600][18.612s][info][gc,ref      ] GC(28) Phantom: 597 encountered, 584 discovered, 0 enqueued
[2026-04-03T03:24:56.984+0600][18.612s][info][gc,reloc    ] GC(28) Small Pages: 36 / 72M, Empty: 0M, Relocated: 3M, In-Place: 0
[2026-04-03T03:24:56.984+0600][18.612s][info][gc,reloc    ] GC(28) Medium Pages: 1 / 32M, Empty: 0M, Relocated: 0M, In-Place: 0
[2026-04-03T03:24:56.984+0600][18.612s][info][gc,reloc    ] GC(28) Large Pages: 0 / 0M, Empty: 0M, Relocated: 0M, In-Place: 0
[2026-04-03T03:24:56.984+0600][18.612s][info][gc,reloc    ] GC(28) Forwarding Usage: 1M
[2026-04-03T03:24:56.984+0600][18.612s][info][gc,heap     ] GC(28) Min Capacity: 8M(1%)
[2026-04-03T03:24:56.984+0600][18.612s][info][gc,heap     ] GC(28) Max Capacity: 1250M(100%)
[2026-04-03T03:24:56.984+0600][18.612s][info][gc,heap     ] GC(28) Soft Max Capacity: 1250M(100%)
[2026-04-03T03:24:56.984+0600][18.612s][info][gc,heap     ] GC(28)                Mark Start          Mark End        Relocate Start      Relocate End           High               Low         
[2026-04-03T03:24:56.984+0600][18.612s][info][gc,heap     ] GC(28)  Capacity:     1010M (81%)        1010M (81%)        1010M (81%)        1010M (81%)        1010M (81%)        1010M (81%)    
[2026-04-03T03:24:56.984+0600][18.612s][info][gc,heap     ] GC(28)      Free:     1146M (92%)        1128M (90%)        1124M (90%)        1156M (92%)        1156M (92%)        1116M (89%)    
[2026-04-03T03:24:56.984+0600][18.612s][info][gc,heap     ] GC(28)      Used:      104M (8%)          122M (10%)         126M (10%)          94M (8%)          134M (11%)          94M (8%)     
[2026-04-03T03:24:56.984+0600][18.612s][info][gc,heap     ] GC(28)      Live:         -                37M (3%)           37M (3%)           37M (3%)             -                  -          
[2026-04-03T03:24:56.984+0600][18.612s][info][gc,heap     ] GC(28) Allocated:         -                18M (1%)           22M (2%)           25M (2%)             -                  -          
[2026-04-03T03:24:56.984+0600][18.612s][info][gc,heap     ] GC(28)   Garbage:         -                66M (5%)           66M (5%)           30M (2%)             -                  -          
[2026-04-03T03:24:56.984+0600][18.612s][info][gc,heap     ] GC(28) Reclaimed:         -                  -                 0M (0%)           35M (3%)             -                  -          
[2026-04-03T03:24:56.984+0600][18.612s][info][gc          ] GC(28) Garbage Collection (Allocation Rate) 104M(8%)->94M(8%)
[2026-04-03T03:24:57.004+0600][18.632s][info][gc,start    ] GC(29) Garbage Collection (Allocation Rate)
[2026-04-03T03:24:57.004+0600][18.632s][info][gc,task     ] GC(29) Using 2 workers
[2026-04-03T03:24:57.004+0600][18.632s][info][gc,phases   ] GC(29) Pause Mark Start 0.015ms
[2026-04-03T03:24:57.055+0600][18.683s][info][gc,phases   ] GC(29) Concurrent Mark 50.722ms
[2026-04-03T03:24:57.056+0600][18.683s][info][gc,phases   ] GC(29) Pause Mark End 0.050ms
[2026-04-03T03:24:57.056+0600][18.684s][info][gc,phases   ] GC(29) Concurrent Mark Free 0.001ms
[2026-04-03T03:24:57.065+0600][18.692s][info][gc,phases   ] GC(29) Concurrent Process Non-Strong References 8.845ms
[2026-04-03T03:24:57.065+0600][18.693s][info][gc,phases   ] GC(29) Concurrent Reset Relocation Set 0.004ms
[2026-04-03T03:24:57.068+0600][18.696s][info][gc,phases   ] GC(29) Concurrent Select Relocation Set 3.458ms
[2026-04-03T03:24:57.068+0600][18.696s][info][gc,phases   ] GC(29) Pause Relocate Start 0.012ms
[2026-04-03T03:24:57.070+0600][18.698s][info][gc,phases   ] GC(29) Concurrent Relocate 1.384ms
[2026-04-03T03:24:57.070+0600][18.698s][info][gc,load     ] GC(29) Load: 3.89/4.49/5.14
[2026-04-03T03:24:57.070+0600][18.698s][info][gc,mmu      ] GC(29) MMU: 2ms/90.1%, 5ms/96.0%, 10ms/97.9%, 20ms/99.0%, 50ms/99.6%, 100ms/99.8%
[2026-04-03T03:24:57.070+0600][18.698s][info][gc,marking  ] GC(29) Mark: 2 stripe(s), 3 proactive flush(es), 1 terminate flush(es), 0 completion(s), 0 continuation(s) 
[2026-04-03T03:24:57.070+0600][18.698s][info][gc,marking  ] GC(29) Mark Stack Usage: 32M
[2026-04-03T03:24:57.070+0600][18.698s][info][gc,nmethod  ] GC(29) NMethods: 4852 registered, 810 unregistered
[2026-04-03T03:24:57.070+0600][18.698s][info][gc,metaspace] GC(29) Metaspace: 67M used, 68M committed, 1088M reserved
[2026-04-03T03:24:57.070+0600][18.698s][info][gc,ref      ] GC(29) Soft: 4892 encountered, 0 discovered, 0 enqueued
[2026-04-03T03:24:57.070+0600][18.698s][info][gc,ref      ] GC(29) Weak: 5873 encountered, 1192 discovered, 21 enqueued
[2026-04-03T03:24:57.070+0600][18.698s][info][gc,ref      ] GC(29) Final: 82 encountered, 0 discovered, 0 enqueued
[2026-04-03T03:24:57.070+0600][18.698s][info][gc,ref      ] GC(29) Phantom: 598 encountered, 546 discovered, 0 enqueued
[2026-04-03T03:24:57.070+0600][18.698s][info][gc,reloc    ] GC(29) Small Pages: 31 / 62M, Empty: 0M, Relocated: 1M, In-Place: 0
[2026-04-03T03:24:57.070+0600][18.698s][info][gc,reloc    ] GC(29) Medium Pages: 1 / 32M, Empty: 0M, Relocated: 0M, In-Place: 0
[2026-04-03T03:24:57.070+0600][18.698s][info][gc,reloc    ] GC(29) Large Pages: 0 / 0M, Empty: 0M, Relocated: 0M, In-Place: 0
[2026-04-03T03:24:57.070+0600][18.698s][info][gc,reloc    ] GC(29) Forwarding Usage: 0M
[2026-04-03T03:24:57.070+0600][18.698s][info][gc,heap     ] GC(29) Min Capacity: 8M(1%)
[2026-04-03T03:24:57.070+0600][18.698s][info][gc,heap     ] GC(29) Max Capacity: 1250M(100%)
[2026-04-03T03:24:57.070+0600][18.698s][info][gc,heap     ] GC(29) Soft Max Capacity: 1250M(100%)
[2026-04-03T03:24:57.070+0600][18.698s][info][gc,heap     ] GC(29)                Mark Start          Mark End        Relocate Start      Relocate End           High               Low         
[2026-04-03T03:24:57.070+0600][18.698s][info][gc,heap     ] GC(29)  Capacity:     1010M (81%)        1010M (81%)        1010M (81%)        1010M (81%)        1010M (81%)        1010M (81%)    
[2026-04-03T03:24:57.070+0600][18.698s][info][gc,heap     ] GC(29)      Free:     1156M (92%)        1138M (91%)        1132M (91%)        1154M (92%)        1156M (92%)        1130M (90%)    
[2026-04-03T03:24:57.070+0600][18.698s][info][gc,heap     ] GC(29)      Used:       94M (8%)          112M (9%)          118M (9%)           96M (8%)          120M (10%)          94M (8%)     
[2026-04-03T03:24:57.070+0600][18.698s][info][gc,heap     ] GC(29)      Live:         -                38M (3%)           38M (3%)           38M (3%)             -                  -          
[2026-04-03T03:24:57.070+0600][18.698s][info][gc,heap     ] GC(29) Allocated:         -                18M (1%)           24M (2%)           23M (2%)             -                  -          
[2026-04-03T03:24:57.070+0600][18.698s][info][gc,heap     ] GC(29)   Garbage:         -                55M (4%)           55M (4%)           33M (3%)             -                  -          
[2026-04-03T03:24:57.070+0600][18.698s][info][gc,heap     ] GC(29) Reclaimed:         -                  -                 0M (0%)           21M (2%)             -                  -          
[2026-04-03T03:24:57.070+0600][18.698s][info][gc          ] GC(29) Garbage Collection (Allocation Rate) 94M(8%)->96M(8%)
[2026-04-03T03:24:57.104+0600][18.732s][info][gc,start    ] GC(30) Garbage Collection (Allocation Rate)
[2026-04-03T03:24:57.104+0600][18.732s][info][gc,task     ] GC(30) Using 2 workers
[2026-04-03T03:24:57.104+0600][18.732s][info][gc,phases   ] GC(30) Pause Mark Start 0.009ms
[2026-04-03T03:24:57.171+0600][18.799s][info][gc,phases   ] GC(30) Concurrent Mark 66.624ms
[2026-04-03T03:24:57.171+0600][18.799s][info][gc,phases   ] GC(30) Pause Mark End 0.022ms
[2026-04-03T03:24:57.172+0600][18.800s][info][gc,phases   ] GC(30) Concurrent Mark Free 0.004ms
[2026-04-03T03:24:57.181+0600][18.809s][info][gc,phases   ] GC(30) Concurrent Process Non-Strong References 9.321ms
[2026-04-03T03:24:57.181+0600][18.809s][info][gc,phases   ] GC(30) Concurrent Reset Relocation Set 0.003ms
[2026-04-03T03:24:57.185+0600][18.813s][info][gc,phases   ] GC(30) Concurrent Select Relocation Set 3.959ms
[2026-04-03T03:24:57.185+0600][18.813s][info][gc,phases   ] GC(30) Pause Relocate Start 0.015ms
[2026-04-03T03:24:57.196+0600][18.824s][info][gc,phases   ] GC(30) Concurrent Relocate 10.377ms
[2026-04-03T03:24:57.196+0600][18.824s][info][gc,load     ] GC(30) Load: 3.89/4.49/5.14
[2026-04-03T03:24:57.196+0600][18.824s][info][gc,mmu      ] GC(30) MMU: 2ms/90.1%, 5ms/96.0%, 10ms/97.9%, 20ms/99.0%, 50ms/99.6%, 100ms/99.8%
[2026-04-03T03:24:57.196+0600][18.824s][info][gc,marking  ] GC(30) Mark: 2 stripe(s), 2 proactive flush(es), 1 terminate flush(es), 0 completion(s), 0 continuation(s) 
[2026-04-03T03:24:57.196+0600][18.824s][info][gc,marking  ] GC(30) Mark Stack Usage: 32M
[2026-04-03T03:24:57.196+0600][18.824s][info][gc,nmethod  ] GC(30) NMethods: 4865 registered, 821 unregistered
[2026-04-03T03:24:57.196+0600][18.824s][info][gc,metaspace] GC(30) Metaspace: 67M used, 68M committed, 1088M reserved
[2026-04-03T03:24:57.196+0600][18.824s][info][gc,ref      ] GC(30) Soft: 4892 encountered, 0 discovered, 0 enqueued
[2026-04-03T03:24:57.196+0600][18.824s][info][gc,ref      ] GC(30) Weak: 5852 encountered, 738 discovered, 0 enqueued
[2026-04-03T03:24:57.196+0600][18.824s][info][gc,ref      ] GC(30) Final: 82 encountered, 0 discovered, 0 enqueued
[2026-04-03T03:24:57.196+0600][18.824s][info][gc,ref      ] GC(30) Phantom: 598 encountered, 568 discovered, 0 enqueued
[2026-04-03T03:24:57.196+0600][18.824s][info][gc,reloc    ] GC(30) Small Pages: 39 / 78M, Empty: 0M, Relocated: 3M, In-Place: 0
[2026-04-03T03:24:57.196+0600][18.824s][info][gc,reloc    ] GC(30) Medium Pages: 2 / 64M, Empty: 0M, Relocated: 6M, In-Place: 0
[2026-04-03T03:24:57.196+0600][18.824s][info][gc,reloc    ] GC(30) Large Pages: 0 / 0M, Empty: 0M, Relocated: 0M, In-Place: 0
[2026-04-03T03:24:57.196+0600][18.824s][info][gc,reloc    ] GC(30) Forwarding Usage: 1M
[2026-04-03T03:24:57.196+0600][18.824s][info][gc,heap     ] GC(30) Min Capacity: 8M(1%)
[2026-04-03T03:24:57.196+0600][18.824s][info][gc,heap     ] GC(30) Max Capacity: 1250M(100%)
[2026-04-03T03:24:57.196+0600][18.824s][info][gc,heap     ] GC(30) Soft Max Capacity: 1250M(100%)
[2026-04-03T03:24:57.196+0600][18.824s][info][gc,heap     ] GC(30)                Mark Start          Mark End        Relocate Start      Relocate End           High               Low         
[2026-04-03T03:24:57.196+0600][18.824s][info][gc,heap     ] GC(30)  Capacity:     1010M (81%)        1106M (88%)        1106M (88%)        1106M (88%)        1106M (88%)        1010M (81%)    
[2026-04-03T03:24:57.196+0600][18.824s][info][gc,heap     ] GC(30)      Free:     1108M (89%)        1040M (83%)        1032M (83%)        1092M (87%)        1108M (89%)         984M (79%)    
[2026-04-03T03:24:57.196+0600][18.824s][info][gc,heap     ] GC(30)      Used:      142M (11%)         210M (17%)         218M (17%)         158M (13%)         266M (21%)         142M (11%)    
[2026-04-03T03:24:57.196+0600][18.824s][info][gc,heap     ] GC(30)      Live:         -                41M (3%)           41M (3%)           41M (3%)             -                  -          
[2026-04-03T03:24:57.196+0600][18.824s][info][gc,heap     ] GC(30) Allocated:         -                68M (5%)           76M (6%)           83M (7%)             -                  -          
[2026-04-03T03:24:57.196+0600][18.824s][info][gc,heap     ] GC(30)   Garbage:         -               100M (8%)          100M (8%)           32M (3%)             -                  -          
[2026-04-03T03:24:57.196+0600][18.824s][info][gc,heap     ] GC(30) Reclaimed:         -                  -                 0M (0%)           67M (5%)             -                  -          
[2026-04-03T03:24:57.196+0600][18.824s][info][gc          ] GC(30) Garbage Collection (Allocation Rate) 142M(11%)->158M(13%)
[2026-04-03T03:24:57.203+0600][18.831s][info][gc,start    ] GC(31) Garbage Collection (Allocation Rate)
[2026-04-03T03:24:57.203+0600][18.831s][info][gc,task     ] GC(31) Using 2 workers
[2026-04-03T03:24:57.204+0600][18.832s][info][gc,phases   ] GC(31) Pause Mark Start 0.011ms
[2026-04-03T03:24:57.281+0600][18.909s][info][gc,phases   ] GC(31) Concurrent Mark 77.573ms
[2026-04-03T03:24:57.282+0600][18.910s][info][gc,phases   ] GC(31) Pause Mark End 0.022ms
[2026-04-03T03:24:57.282+0600][18.910s][info][gc,phases   ] GC(31) Concurrent Mark Free 0.001ms
[2026-04-03T03:24:57.290+0600][18.918s][info][gc,phases   ] GC(31) Concurrent Process Non-Strong References 8.494ms
[2026-04-03T03:24:57.290+0600][18.918s][info][gc,phases   ] GC(31) Concurrent Reset Relocation Set 0.005ms
[2026-04-03T03:24:57.295+0600][18.923s][info][gc,phases   ] GC(31) Concurrent Select Relocation Set 4.467ms
[2026-04-03T03:24:57.295+0600][18.923s][info][gc,phases   ] GC(31) Pause Relocate Start 0.043ms
[2026-04-03T03:24:57.311+0600][18.939s][info][gc,phases   ] GC(31) Concurrent Relocate 15.518ms
[2026-04-03T03:24:57.311+0600][18.939s][info][gc,load     ] GC(31) Load: 3.89/4.49/5.14
[2026-04-03T03:24:57.311+0600][18.939s][info][gc,mmu      ] GC(31) MMU: 2ms/90.1%, 5ms/96.0%, 10ms/97.9%, 20ms/99.0%, 50ms/99.6%, 100ms/99.8%
[2026-04-03T03:24:57.311+0600][18.939s][info][gc,marking  ] GC(31) Mark: 2 stripe(s), 2 proactive flush(es), 1 terminate flush(es), 0 completion(s), 0 continuation(s) 
[2026-04-03T03:24:57.311+0600][18.939s][info][gc,marking  ] GC(31) Mark Stack Usage: 32M
[2026-04-03T03:24:57.311+0600][18.939s][info][gc,nmethod  ] GC(31) NMethods: 4865 registered, 834 unregistered
[2026-04-03T03:24:57.311+0600][18.939s][info][gc,metaspace] GC(31) Metaspace: 67M used, 68M committed, 1088M reserved
[2026-04-03T03:24:57.311+0600][18.939s][info][gc,ref      ] GC(31) Soft: 4898 encountered, 0 discovered, 0 enqueued
[2026-04-03T03:24:57.311+0600][18.939s][info][gc,ref      ] GC(31) Weak: 5882 encountered, 1490 discovered, 8 enqueued
[2026-04-03T03:24:57.311+0600][18.939s][info][gc,ref      ] GC(31) Final: 82 encountered, 2 discovered, 0 enqueued
[2026-04-03T03:24:57.311+0600][18.939s][info][gc,ref      ] GC(31) Phantom: 598 encountered, 528 discovered, 0 enqueued
[2026-04-03T03:24:57.311+0600][18.939s][info][gc,reloc    ] GC(31) Small Pages: 50 / 100M, Empty: 0M, Relocated: 6M, In-Place: 0
[2026-04-03T03:24:57.311+0600][18.939s][info][gc,reloc    ] GC(31) Medium Pages: 2 / 64M, Empty: 0M, Relocated: 7M, In-Place: 0
[2026-04-03T03:24:57.311+0600][18.939s][info][gc,reloc    ] GC(31) Large Pages: 0 / 0M, Empty: 0M, Relocated: 0M, In-Place: 0
[2026-04-03T03:24:57.311+0600][18.939s][info][gc,reloc    ] GC(31) Forwarding Usage: 3M
[2026-04-03T03:24:57.311+0600][18.939s][info][gc,heap     ] GC(31) Min Capacity: 8M(1%)
[2026-04-03T03:24:57.311+0600][18.939s][info][gc,heap     ] GC(31) Max Capacity: 1250M(100%)
[2026-04-03T03:24:57.311+0600][18.939s][info][gc,heap     ] GC(31) Soft Max Capacity: 1250M(100%)
[2026-04-03T03:24:57.311+0600][18.939s][info][gc,heap     ] GC(31)                Mark Start          Mark End        Relocate Start      Relocate End           High               Low         
[2026-04-03T03:24:57.311+0600][18.939s][info][gc,heap     ] GC(31)  Capacity:     1106M (88%)        1106M (88%)        1106M (88%)        1106M (88%)        1106M (88%)        1106M (88%)    
[2026-04-03T03:24:57.311+0600][18.939s][info][gc,heap     ] GC(31)      Free:     1086M (87%)        1014M (81%)        1002M (80%)        1076M (86%)        1086M (87%)         970M (78%)    
[2026-04-03T03:24:57.311+0600][18.939s][info][gc,heap     ] GC(31)      Used:      164M (13%)         236M (19%)         248M (20%)         174M (14%)         280M (22%)         164M (13%)    
[2026-04-03T03:24:57.311+0600][18.939s][info][gc,heap     ] GC(31)      Live:         -                48M (4%)           48M (4%)           48M (4%)             -                  -          
[2026-04-03T03:24:57.311+0600][18.939s][info][gc,heap     ] GC(31) Allocated:         -                72M (6%)           84M (7%)           93M (8%)             -                  -          
[2026-04-03T03:24:57.311+0600][18.939s][info][gc,heap     ] GC(31)   Garbage:         -               115M (9%)          115M (9%)           31M (2%)             -                  -          
[2026-04-03T03:24:57.311+0600][18.939s][info][gc,heap     ] GC(31) Reclaimed:         -                  -                 0M (0%)           83M (7%)             -                  -          
[2026-04-03T03:24:57.311+0600][18.939s][info][gc          ] GC(31) Garbage Collection (Allocation Rate) 164M(13%)->174M(14%)
[2026-04-03T03:24:57.404+0600][19.032s][info][gc,start    ] GC(32) Garbage Collection (Allocation Rate)
[2026-04-03T03:24:57.404+0600][19.032s][info][gc,task     ] GC(32) Using 2 workers
[2026-04-03T03:24:57.404+0600][19.032s][info][gc,phases   ] GC(32) Pause Mark Start 0.009ms
[2026-04-03T03:24:57.529+0600][19.157s][info][gc,phases   ] GC(32) Concurrent Mark 124.698ms
[2026-04-03T03:24:57.529+0600][19.157s][info][gc,phases   ] GC(32) Pause Mark End 0.030ms
[2026-04-03T03:24:57.529+0600][19.157s][info][gc,phases   ] GC(32) Concurrent Mark Free 0.003ms
[2026-04-03T03:24:57.539+0600][19.167s][info][gc,phases   ] GC(32) Concurrent Process Non-Strong References 9.404ms
[2026-04-03T03:24:57.539+0600][19.167s][info][gc,phases   ] GC(32) Concurrent Reset Relocation Set 0.004ms
[2026-04-03T03:24:57.547+0600][19.175s][info][gc,phases   ] GC(32) Concurrent Select Relocation Set 7.712ms
[2026-04-03T03:24:57.547+0600][19.175s][info][gc,phases   ] GC(32) Pause Relocate Start 0.016ms
[2026-04-03T03:24:57.581+0600][19.209s][info][gc,phases   ] GC(32) Concurrent Relocate 33.669ms
[2026-04-03T03:24:57.581+0600][19.209s][info][gc,load     ] GC(32) Load: 3.89/4.49/5.14
[2026-04-03T03:24:57.581+0600][19.209s][info][gc,mmu      ] GC(32) MMU: 2ms/90.1%, 5ms/96.0%, 10ms/97.9%, 20ms/99.0%, 50ms/99.6%, 100ms/99.8%
[2026-04-03T03:24:57.581+0600][19.209s][info][gc,marking  ] GC(32) Mark: 2 stripe(s), 2 proactive flush(es), 1 terminate flush(es), 0 completion(s), 0 continuation(s) 
[2026-04-03T03:24:57.581+0600][19.209s][info][gc,marking  ] GC(32) Mark Stack Usage: 32M
[2026-04-03T03:24:57.581+0600][19.209s][info][gc,nmethod  ] GC(32) NMethods: 4870 registered, 850 unregistered
[2026-04-03T03:24:57.581+0600][19.209s][info][gc,metaspace] GC(32) Metaspace: 67M used, 68M committed, 1088M reserved
[2026-04-03T03:24:57.581+0600][19.209s][info][gc,ref      ] GC(32) Soft: 4898 encountered, 0 discovered, 0 enqueued
[2026-04-03T03:24:57.581+0600][19.209s][info][gc,ref      ] GC(32) Weak: 5874 encountered, 1638 discovered, 0 enqueued
[2026-04-03T03:24:57.581+0600][19.209s][info][gc,ref      ] GC(32) Final: 82 encountered, 0 discovered, 0 enqueued
[2026-04-03T03:24:57.581+0600][19.209s][info][gc,ref      ] GC(32) Phantom: 598 encountered, 376 discovered, 0 enqueued
[2026-04-03T03:24:57.581+0600][19.209s][info][gc,reloc    ] GC(32) Small Pages: 87 / 174M, Empty: 0M, Relocated: 20M, In-Place: 0
[2026-04-03T03:24:57.581+0600][19.209s][info][gc,reloc    ] GC(32) Medium Pages: 2 / 64M, Empty: 0M, Relocated: 11M, In-Place: 0
[2026-04-03T03:24:57.581+0600][19.209s][info][gc,reloc    ] GC(32) Large Pages: 0 / 0M, Empty: 0M, Relocated: 0M, In-Place: 0
[2026-04-03T03:24:57.581+0600][19.209s][info][gc,reloc    ] GC(32) Forwarding Usage: 12M
[2026-04-03T03:24:57.581+0600][19.209s][info][gc,heap     ] GC(32) Min Capacity: 8M(1%)
[2026-04-03T03:24:57.581+0600][19.209s][info][gc,heap     ] GC(32) Max Capacity: 1250M(100%)
[2026-04-03T03:24:57.581+0600][19.209s][info][gc,heap     ] GC(32) Soft Max Capacity: 1250M(100%)
[2026-04-03T03:24:57.581+0600][19.209s][info][gc,heap     ] GC(32)                Mark Start          Mark End        Relocate Start      Relocate End           High               Low         
[2026-04-03T03:24:57.581+0600][19.209s][info][gc,heap     ] GC(32)  Capacity:     1106M (88%)        1106M (88%)        1106M (88%)        1106M (88%)        1106M (88%)        1106M (88%)    
[2026-04-03T03:24:57.581+0600][19.209s][info][gc,heap     ] GC(32)      Free:     1012M (81%)         932M (75%)         920M (74%)        1004M (80%)        1012M (81%)         856M (68%)    
[2026-04-03T03:24:57.581+0600][19.209s][info][gc,heap     ] GC(32)      Used:      238M (19%)         318M (25%)         330M (26%)         246M (20%)         394M (32%)         238M (19%)    
[2026-04-03T03:24:57.581+0600][19.209s][info][gc,heap     ] GC(32)      Live:         -                70M (6%)           70M (6%)           70M (6%)             -                  -          
[2026-04-03T03:24:57.581+0600][19.209s][info][gc,heap     ] GC(32) Allocated:         -                80M (6%)           92M (7%)          142M (11%)            -                  -          
[2026-04-03T03:24:57.581+0600][19.209s][info][gc,heap     ] GC(32)   Garbage:         -               167M (13%)         167M (13%)          32M (3%)             -                  -          
[2026-04-03T03:24:57.581+0600][19.209s][info][gc,heap     ] GC(32) Reclaimed:         -                  -                 0M (0%)          134M (11%)            -                  -          
[2026-04-03T03:24:57.581+0600][19.209s][info][gc          ] GC(32) Garbage Collection (Allocation Rate) 238M(19%)->246M(20%)
[2026-04-03T03:24:57.604+0600][19.232s][info][gc,start    ] GC(33) Garbage Collection (Allocation Rate)
[2026-04-03T03:24:57.604+0600][19.232s][info][gc,task     ] GC(33) Using 2 workers
[2026-04-03T03:24:57.604+0600][19.232s][info][gc,phases   ] GC(33) Pause Mark Start 0.022ms
[2026-04-03T03:24:57.808+0600][19.436s][info][gc,phases   ] GC(33) Concurrent Mark 203.372ms
[2026-04-03T03:24:57.808+0600][19.436s][info][gc,phases   ] GC(33) Pause Mark End 0.047ms
[2026-04-03T03:24:57.808+0600][19.436s][info][gc,phases   ] GC(33) Concurrent Mark Free 0.004ms
[2026-04-03T03:24:57.819+0600][19.447s][info][gc,phases   ] GC(33) Concurrent Process Non-Strong References 10.936ms
[2026-04-03T03:24:57.820+0600][19.448s][info][gc,phases   ] GC(33) Concurrent Reset Relocation Set 0.019ms
[2026-04-03T03:24:57.827+0600][19.455s][info][gc,phases   ] GC(33) Concurrent Select Relocation Set 6.973ms
[2026-04-03T03:24:57.827+0600][19.455s][info][gc,phases   ] GC(33) Pause Relocate Start 0.018ms
[2026-04-03T03:24:57.860+0600][19.488s][info][gc,phases   ] GC(33) Concurrent Relocate 32.998ms
[2026-04-03T03:24:57.860+0600][19.488s][info][gc,load     ] GC(33) Load: 3.89/4.49/5.14
[2026-04-03T03:24:57.860+0600][19.488s][info][gc,mmu      ] GC(33) MMU: 2ms/90.1%, 5ms/96.0%, 10ms/97.9%, 20ms/99.0%, 50ms/99.6%, 100ms/99.8%
[2026-04-03T03:24:57.860+0600][19.488s][info][gc,marking  ] GC(33) Mark: 2 stripe(s), 3 proactive flush(es), 1 terminate flush(es), 0 completion(s), 0 continuation(s) 
[2026-04-03T03:24:57.860+0600][19.488s][info][gc,marking  ] GC(33) Mark Stack Usage: 32M
[2026-04-03T03:24:57.860+0600][19.488s][info][gc,nmethod  ] GC(33) NMethods: 4866 registered, 860 unregistered
[2026-04-03T03:24:57.860+0600][19.488s][info][gc,metaspace] GC(33) Metaspace: 67M used, 68M committed, 1088M reserved
[2026-04-03T03:24:57.860+0600][19.488s][info][gc,ref      ] GC(33) Soft: 4898 encountered, 0 discovered, 0 enqueued
[2026-04-03T03:24:57.860+0600][19.488s][info][gc,ref      ] GC(33) Weak: 5874 encountered, 2130 discovered, 0 enqueued
[2026-04-03T03:24:57.860+0600][19.488s][info][gc,ref      ] GC(33) Final: 82 encountered, 0 discovered, 0 enqueued
[2026-04-03T03:24:57.860+0600][19.488s][info][gc,ref      ] GC(33) Phantom: 598 encountered, 528 discovered, 0 enqueued
[2026-04-03T03:24:57.860+0600][19.488s][info][gc,reloc    ] GC(33) Small Pages: 91 / 182M, Empty: 0M, Relocated: 22M, In-Place: 0
[2026-04-03T03:24:57.860+0600][19.488s][info][gc,reloc    ] GC(33) Medium Pages: 2 / 64M, Empty: 32M, Relocated: 0M, In-Place: 0
[2026-04-03T03:24:57.860+0600][19.488s][info][gc,reloc    ] GC(33) Large Pages: 3 / 18M, Empty: 0M, Relocated: 0M, In-Place: 0
[2026-04-03T03:24:57.860+0600][19.488s][info][gc,reloc    ] GC(33) Forwarding Usage: 14M
[2026-04-03T03:24:57.860+0600][19.488s][info][gc,heap     ] GC(33) Min Capacity: 8M(1%)
[2026-04-03T03:24:57.860+0600][19.488s][info][gc,heap     ] GC(33) Max Capacity: 1250M(100%)
[2026-04-03T03:24:57.860+0600][19.488s][info][gc,heap     ] GC(33) Soft Max Capacity: 1250M(100%)
[2026-04-03T03:24:57.860+0600][19.488s][info][gc,heap     ] GC(33)                Mark Start          Mark End        Relocate Start      Relocate End           High               Low         
[2026-04-03T03:24:57.860+0600][19.488s][info][gc,heap     ] GC(33)  Capacity:     1106M (88%)        1106M (88%)        1106M (88%)        1106M (88%)        1106M (88%)        1106M (88%)    
[2026-04-03T03:24:57.860+0600][19.488s][info][gc,heap     ] GC(33)      Free:      986M (79%)         846M (68%)         862M (69%)         938M (75%)         986M (79%)         832M (67%)    
[2026-04-03T03:24:57.860+0600][19.488s][info][gc,heap     ] GC(33)      Used:      264M (21%)         404M (32%)         388M (31%)         312M (25%)         418M (33%)         264M (21%)    
[2026-04-03T03:24:57.860+0600][19.488s][info][gc,heap     ] GC(33)      Live:         -               102M (8%)          102M (8%)          102M (8%)             -                  -          
[2026-04-03T03:24:57.860+0600][19.488s][info][gc,heap     ] GC(33) Allocated:         -               140M (11%)         156M (12%)         177M (14%)            -                  -          
[2026-04-03T03:24:57.861+0600][19.488s][info][gc,heap     ] GC(33)   Garbage:         -               161M (13%)         129M (10%)          31M (3%)             -                  -          
[2026-04-03T03:24:57.861+0600][19.488s][info][gc,heap     ] GC(33) Reclaimed:         -                  -                32M (3%)          129M (10%)            -                  -          
[2026-04-03T03:24:57.861+0600][19.488s][info][gc          ] GC(33) Garbage Collection (Allocation Rate) 264M(21%)->312M(25%)
[2026-04-03T03:24:58.104+0600][19.732s][info][gc,start    ] GC(34) Garbage Collection (Allocation Rate)
[2026-04-03T03:24:58.104+0600][19.732s][info][gc,task     ] GC(34) Using 2 workers
[2026-04-03T03:24:58.104+0600][19.732s][info][gc,phases   ] GC(34) Pause Mark Start 0.016ms
[2026-04-03T03:24:58.503+0600][20.131s][info][gc,stats    ] === Garbage Collection Statistics =======================================================================================================================
[2026-04-03T03:24:58.504+0600][20.131s][info][gc,stats    ]                                                              Last 10s              Last 10m              Last 10h                Total
[2026-04-03T03:24:58.504+0600][20.132s][info][gc,stats    ]                                                              Avg / Max             Avg / Max             Avg / Max             Avg / Max
[2026-04-03T03:24:58.504+0600][20.132s][info][gc,stats    ]   Collector: Garbage Collection Cycle                    132.132 / 1040.034    137.310 / 1040.034    137.310 / 1040.034    137.310 / 1040.034    ms
[2026-04-03T03:24:58.504+0600][20.132s][info][gc,stats    ]  Contention: Mark Segment Reset Contention                     4 / 10                2 / 10                2 / 10                2 / 10          ops/s
[2026-04-03T03:24:58.504+0600][20.132s][info][gc,stats    ]  Contention: Mark SeqNum Reset Contention                      0 / 1                 0 / 1                 0 / 1                 0 / 1           ops/s
[2026-04-03T03:24:58.504+0600][20.132s][info][gc,stats    ]    Critical: Allocation Stall                                  0 / 0                 0 / 0                 0 / 0                 0 / 0           ops/s
[2026-04-03T03:24:58.504+0600][20.132s][info][gc,stats    ]    Critical: Allocation Stall                              0.000 / 0.000         0.000 / 0.000         0.000 / 0.000         0.000 / 0.000       ms
[2026-04-03T03:24:58.504+0600][20.132s][info][gc,stats    ]    Critical: GC Locker Stall                                   0 / 2                 0 / 2                 0 / 2                 0 / 2           ops/s
[2026-04-03T03:24:58.504+0600][20.132s][info][gc,stats    ]    Critical: GC Locker Stall                               0.012 / 0.045         0.007 / 0.045         0.007 / 0.045         0.007 / 0.045       ms
[2026-04-03T03:24:58.504+0600][20.132s][info][gc,stats    ]    Critical: Relocation Stall                                  0 / 0                 0 / 0                 0 / 0                 0 / 0           ops/s
[2026-04-03T03:24:58.504+0600][20.132s][info][gc,stats    ]    Critical: Relocation Stall                              0.000 / 0.000         0.000 / 0.000         0.000 / 0.000         0.000 / 0.000       ms
[2026-04-03T03:24:58.504+0600][20.132s][info][gc,stats    ]      Memory: Allocation Rate                                 787 / 2832            469 / 2832            469 / 2832            469 / 2832        MB/s
[2026-04-03T03:24:58.504+0600][20.132s][info][gc,stats    ]      Memory: Defragment                                        1 / 19                3 / 32                3 / 32                3 / 32          ops/s
[2026-04-03T03:24:58.504+0600][20.132s][info][gc,stats    ]      Memory: Out Of Memory                                     0 / 0                 0 / 0                 0 / 0                 0 / 0           ops/s
[2026-04-03T03:24:58.504+0600][20.132s][info][gc,stats    ]      Memory: Page Cache Flush                                  3 / 38                6 / 64                6 / 64                6 / 64          MB/s
[2026-04-03T03:24:58.504+0600][20.132s][info][gc,stats    ]      Memory: Page Cache Hit L1                               368 / 1446            204 / 1446            204 / 1446            204 / 1446        ops/s
[2026-04-03T03:24:58.504+0600][20.132s][info][gc,stats    ]      Memory: Page Cache Hit L2                                 0 / 0                 0 / 0                 0 / 0                 0 / 0           ops/s
[2026-04-03T03:24:58.504+0600][20.132s][info][gc,stats    ]      Memory: Page Cache Hit L3                                 2 / 17                9 / 79                9 / 79                9 / 79          ops/s
[2026-04-03T03:24:58.504+0600][20.132s][info][gc,stats    ]      Memory: Page Cache Miss                                  13 / 59               14 / 128              14 / 128              14 / 128         ops/s
[2026-04-03T03:24:58.504+0600][20.132s][info][gc,stats    ]      Memory: Uncommit                                          0 / 0                 0 / 0                 0 / 0                 0 / 0           MB/s
[2026-04-03T03:24:58.504+0600][20.132s][info][gc,stats    ]      Memory: Undo Object Allocation Failed                     0 / 0                 0 / 0                 0 / 0                 0 / 0           ops/s
[2026-04-03T03:24:58.504+0600][20.132s][info][gc,stats    ]      Memory: Undo Object Allocation Succeeded                  1 / 6                 0 / 6                 0 / 6                 0 / 6           ops/s
[2026-04-03T03:24:58.504+0600][20.132s][info][gc,stats    ]      Memory: Undo Page Allocation                              0 / 2                 0 / 2                 0 / 2                 0 / 2           ops/s
[2026-04-03T03:24:58.504+0600][20.132s][info][gc,stats    ]       Phase: Concurrent Mark                             113.272 / 1026.634    118.720 / 1026.634    118.720 / 1026.634    118.720 / 1026.634    ms
[2026-04-03T03:24:58.504+0600][20.132s][info][gc,stats    ]       Phase: Concurrent Mark Continue                      0.000 / 0.000         0.000 / 0.000         0.000 / 0.000         0.000 / 0.000       ms
[2026-04-03T03:24:58.504+0600][20.132s][info][gc,stats    ]       Phase: Concurrent Mark Free                          0.003 / 0.004         0.003 / 0.004         0.003 / 0.004         0.003 / 0.004       ms
[2026-04-03T03:24:58.504+0600][20.132s][info][gc,stats    ]       Phase: Concurrent Process Non-Strong References      7.731 / 23.162        6.870 / 23.162        6.870 / 23.162        6.870 / 23.162      ms
[2026-04-03T03:24:58.504+0600][20.132s][info][gc,stats    ]       Phase: Concurrent Relocate                           5.412 / 33.669        6.043 / 33.669        6.043 / 33.669        6.043 / 33.669      ms
[2026-04-03T03:24:58.504+0600][20.132s][info][gc,stats    ]       Phase: Concurrent Reset Relocation Set               0.005 / 0.019         0.005 / 0.019         0.005 / 0.019         0.005 / 0.019       ms
[2026-04-03T03:24:58.504+0600][20.132s][info][gc,stats    ]       Phase: Concurrent Select Relocation Set              3.401 / 7.712         3.444 / 7.712         3.444 / 7.712         3.444 / 7.712       ms
[2026-04-03T03:24:58.504+0600][20.132s][info][gc,stats    ]       Phase: Pause Mark End                                0.039 / 0.198         0.041 / 0.198         0.041 / 0.198         0.041 / 0.198       ms
[2026-04-03T03:24:58.504+0600][20.132s][info][gc,stats    ]       Phase: Pause Mark Start                              0.014 / 0.046         0.014 / 0.046         0.014 / 0.046         0.014 / 0.046       ms
[2026-04-03T03:24:58.504+0600][20.132s][info][gc,stats    ]       Phase: Pause Relocate Start                          0.023 / 0.051         0.020 / 0.051         0.020 / 0.051         0.020 / 0.051       ms
[2026-04-03T03:24:58.504+0600][20.132s][info][gc,stats    ]    Subphase: Concurrent Classes Purge                      0.096 / 0.890         0.105 / 0.890         0.105 / 0.890         0.105 / 0.890       ms
[2026-04-03T03:24:58.504+0600][20.132s][info][gc,stats    ]    Subphase: Concurrent Classes Unlink                     5.924 / 20.276        5.170 / 20.276        5.170 / 20.276        5.170 / 20.276      ms
[2026-04-03T03:24:58.504+0600][20.132s][info][gc,stats    ]    Subphase: Concurrent Mark                             117.636 / 1026.152    122.574 / 1026.152    122.574 / 1026.152    122.574 / 1026.152    ms
[2026-04-03T03:24:58.504+0600][20.132s][info][gc,stats    ]    Subphase: Concurrent Mark Try Flush                     0.422 / 20.563        0.365 / 20.563        0.365 / 20.563        0.365 / 20.563      ms
[2026-04-03T03:24:58.504+0600][20.132s][info][gc,stats    ]    Subphase: Concurrent Mark Try Terminate                 1.088 / 1.281         1.092 / 1.281         1.092 / 1.281         1.092 / 1.281       ms
[2026-04-03T03:24:58.504+0600][20.132s][info][gc,stats    ]    Subphase: Concurrent References Enqueue                 0.002 / 0.012         0.003 / 0.012         0.003 / 0.012         0.003 / 0.012       ms
[2026-04-03T03:24:58.504+0600][20.132s][info][gc,stats    ]    Subphase: Concurrent References Process                 0.402 / 0.795         0.384 / 0.795         0.384 / 0.795         0.384 / 0.795       ms
[2026-04-03T03:24:58.504+0600][20.132s][info][gc,stats    ]    Subphase: Concurrent Roots ClassLoaderDataGraph         0.238 / 0.708         0.223 / 0.708         0.223 / 0.708         0.223 / 0.708       ms
[2026-04-03T03:24:58.504+0600][20.132s][info][gc,stats    ]    Subphase: Concurrent Roots CodeCache                    0.000 / 0.000         0.000 / 0.000         0.000 / 0.000         0.000 / 0.000       ms
[2026-04-03T03:24:58.504+0600][20.132s][info][gc,stats    ]    Subphase: Concurrent Roots JavaThreads                  0.432 / 1.921         0.447 / 2.260         0.447 / 2.260         0.447 / 2.260       ms
[2026-04-03T03:24:58.504+0600][20.132s][info][gc,stats    ]    Subphase: Concurrent Roots OopStorageSet                0.042 / 0.136         0.044 / 0.136         0.044 / 0.136         0.044 / 0.136       ms
[2026-04-03T03:24:58.504+0600][20.132s][info][gc,stats    ]    Subphase: Concurrent Weak Roots OopStorageSet           0.773 / 2.311         0.698 / 2.311         0.698 / 2.311         0.698 / 2.311       ms
[2026-04-03T03:24:58.504+0600][20.132s][info][gc,stats    ]    Subphase: Pause Mark Try Complete                       0.008 / 0.008         0.004 / 0.008         0.004 / 0.008         0.004 / 0.008       ms
[2026-04-03T03:24:58.504+0600][20.132s][info][gc,stats    ]      System: Java Threads                                     66 / 76               60 / 76               60 / 76               60 / 76          threads
[2026-04-03T03:24:58.504+0600][20.132s][info][gc,stats    ] =========================================================================================================================================================
[2026-04-03T03:24:58.616+0600][20.244s][info][gc,phases   ] GC(34) Concurrent Mark 511.990ms
[2026-04-03T03:24:58.617+0600][20.245s][info][gc,phases   ] GC(34) Pause Mark End 0.028ms
[2026-04-03T03:24:58.640+0600][20.268s][info][gc,phases   ] GC(34) Concurrent Mark Free 0.005ms
[2026-04-03T03:24:58.650+0600][20.278s][info][gc,phases   ] GC(34) Concurrent Process Non-Strong References 10.274ms
[2026-04-03T03:24:58.650+0600][20.278s][info][gc,phases   ] GC(34) Concurrent Reset Relocation Set 0.018ms
[2026-04-03T03:24:58.693+0600][20.321s][info][gc,phases   ] GC(34) Concurrent Select Relocation Set 42.245ms
[2026-04-03T03:24:58.693+0600][20.321s][info][gc,phases   ] GC(34) Pause Relocate Start 0.021ms
[2026-04-03T03:24:58.814+0600][20.442s][info][gc,phases   ] GC(34) Concurrent Relocate 120.608ms
[2026-04-03T03:24:58.814+0600][20.442s][info][gc,load     ] GC(34) Load: 3.89/4.49/5.14
[2026-04-03T03:24:58.814+0600][20.442s][info][gc,mmu      ] GC(34) MMU: 2ms/90.1%, 5ms/96.0%, 10ms/97.9%, 20ms/99.0%, 50ms/99.6%, 100ms/99.8%
[2026-04-03T03:24:58.814+0600][20.442s][info][gc,marking  ] GC(34) Mark: 2 stripe(s), 4 proactive flush(es), 1 terminate flush(es), 0 completion(s), 0 continuation(s) 
[2026-04-03T03:24:58.814+0600][20.442s][info][gc,marking  ] GC(34) Mark Stack Usage: 32M
[2026-04-03T03:24:58.814+0600][20.442s][info][gc,nmethod  ] GC(34) NMethods: 5027 registered, 25 unregistered
[2026-04-03T03:24:58.814+0600][20.442s][info][gc,metaspace] GC(34) Metaspace: 67M used, 68M committed, 1088M reserved
[2026-04-03T03:24:58.814+0600][20.442s][info][gc,ref      ] GC(34) Soft: 4901 encountered, 0 discovered, 0 enqueued
[2026-04-03T03:24:58.814+0600][20.442s][info][gc,ref      ] GC(34) Weak: 5895 encountered, 1541 discovered, 8 enqueued
[2026-04-03T03:24:58.814+0600][20.442s][info][gc,ref      ] GC(34) Final: 82 encountered, 2 discovered, 0 enqueued
[2026-04-03T03:24:58.814+0600][20.442s][info][gc,ref      ] GC(34) Phantom: 595 encountered, 373 discovered, 0 enqueued
[2026-04-03T03:24:58.814+0600][20.442s][info][gc,reloc    ] GC(34) Small Pages: 208 / 416M, Empty: 0M, Relocated: 61M, In-Place: 0
[2026-04-03T03:24:58.814+0600][20.442s][info][gc,reloc    ] GC(34) Medium Pages: 1 / 32M, Empty: 0M, Relocated: 0M, In-Place: 0
[2026-04-03T03:24:58.814+0600][20.442s][info][gc,reloc    ] GC(34) Large Pages: 6 / 48M, Empty: 18M, Relocated: 0M, In-Place: 0
[2026-04-03T03:24:58.814+0600][20.442s][info][gc,reloc    ] GC(34) Forwarding Usage: 42M
[2026-04-03T03:24:58.814+0600][20.442s][info][gc,heap     ] GC(34) Min Capacity: 8M(1%)
[2026-04-03T03:24:58.814+0600][20.442s][info][gc,heap     ] GC(34) Max Capacity: 1250M(100%)
[2026-04-03T03:24:58.814+0600][20.442s][info][gc,heap     ] GC(34) Soft Max Capacity: 1250M(100%)
[2026-04-03T03:24:58.814+0600][20.442s][info][gc,heap     ] GC(34)                Mark Start          Mark End        Relocate Start      Relocate End           High               Low         
[2026-04-03T03:24:58.814+0600][20.442s][info][gc,heap     ] GC(34)  Capacity:     1106M (88%)        1106M (88%)        1106M (88%)        1106M (88%)        1106M (88%)        1106M (88%)    
[2026-04-03T03:24:58.814+0600][20.442s][info][gc,heap     ] GC(34)      Free:      754M (60%)         366M (29%)         306M (24%)         506M (40%)         754M (60%)         304M (24%)    
[2026-04-03T03:24:58.814+0600][20.442s][info][gc,heap     ] GC(34)      Used:      496M (40%)         884M (71%)         944M (76%)         744M (60%)         946M (76%)         496M (40%)    
[2026-04-03T03:24:58.814+0600][20.442s][info][gc,heap     ] GC(34)      Live:         -               174M (14%)         174M (14%)         174M (14%)            -                  -          
[2026-04-03T03:24:58.814+0600][20.442s][info][gc,heap     ] GC(34) Allocated:         -               388M (31%)         466M (37%)         538M (43%)            -                  -          
[2026-04-03T03:24:58.814+0600][20.442s][info][gc,heap     ] GC(34)   Garbage:         -               321M (26%)         303M (24%)          31M (3%)             -                  -          
[2026-04-03T03:24:58.814+0600][20.442s][info][gc,heap     ] GC(34) Reclaimed:         -                  -                18M (1%)          290M (23%)            -                  -          
[2026-04-03T03:24:58.814+0600][20.442s][info][gc          ] GC(34) Garbage Collection (Allocation Rate) 496M(40%)->744M(60%)
[2026-04-03T03:24:58.903+0600][20.531s][info][gc,start    ] GC(35) Garbage Collection (Allocation Rate)
[2026-04-03T03:24:58.903+0600][20.531s][info][gc,task     ] GC(35) Using 3 workers
[2026-04-03T03:24:58.904+0600][20.532s][info][gc,phases   ] GC(35) Pause Mark Start 0.018ms
[2026-04-03T03:24:59.600+0600][21.228s][info][gc,phases   ] GC(35) Concurrent Mark 696.351ms
[2026-04-03T03:24:59.601+0600][21.229s][info][gc,phases   ] GC(35) Pause Mark End 0.056ms
[2026-04-03T03:24:59.601+0600][21.229s][info][gc,phases   ] GC(35) Concurrent Mark Free 0.004ms
[2026-04-03T03:24:59.612+0600][21.240s][info][gc,phases   ] GC(35) Concurrent Process Non-Strong References 11.022ms
[2026-04-03T03:24:59.612+0600][21.240s][info][gc,phases   ] GC(35) Concurrent Reset Relocation Set 0.032ms
[2026-04-03T03:24:59.624+0600][21.252s][info][gc,phases   ] GC(35) Concurrent Select Relocation Set 11.883ms
[2026-04-03T03:24:59.625+0600][21.253s][info][gc,phases   ] GC(35) Pause Relocate Start 0.044ms
[2026-04-03T03:24:59.759+0600][21.387s][info][gc,phases   ] GC(35) Concurrent Relocate 134.615ms
[2026-04-03T03:24:59.759+0600][21.387s][info][gc,load     ] GC(35) Load: 3.89/4.49/5.14
[2026-04-03T03:24:59.759+0600][21.387s][info][gc,mmu      ] GC(35) MMU: 2ms/90.1%, 5ms/96.0%, 10ms/97.9%, 20ms/99.0%, 50ms/99.6%, 100ms/99.8%
[2026-04-03T03:24:59.760+0600][21.387s][info][gc,marking  ] GC(35) Mark: 2 stripe(s), 9 proactive flush(es), 1 terminate flush(es), 0 completion(s), 0 continuation(s) 
[2026-04-03T03:24:59.760+0600][21.387s][info][gc,marking  ] GC(35) Mark Stack Usage: 32M
[2026-04-03T03:24:59.760+0600][21.387s][info][gc,nmethod  ] GC(35) NMethods: 5213 registered, 107 unregistered
[2026-04-03T03:24:59.760+0600][21.388s][info][gc,metaspace] GC(35) Metaspace: 67M used, 68M committed, 1088M reserved
[2026-04-03T03:24:59.760+0600][21.388s][info][gc,ref      ] GC(35) Soft: 4916 encountered, 0 discovered, 0 enqueued
[2026-04-03T03:24:59.760+0600][21.388s][info][gc,ref      ] GC(35) Weak: 5997 encountered, 2762 discovered, 36 enqueued
[2026-04-03T03:24:59.760+0600][21.388s][info][gc,ref      ] GC(35) Final: 82 encountered, 0 discovered, 0 enqueued
[2026-04-03T03:24:59.760+0600][21.388s][info][gc,ref      ] GC(35) Phantom: 595 encountered, 544 discovered, 0 enqueued
[2026-04-03T03:24:59.760+0600][21.388s][info][gc,reloc    ] GC(35) Small Pages: 316 / 632M, Empty: 0M, Relocated: 80M, In-Place: 0
[2026-04-03T03:24:59.760+0600][21.388s][info][gc,reloc    ] GC(35) Medium Pages: 2 / 64M, Empty: 0M, Relocated: 11M, In-Place: 0
[2026-04-03T03:24:59.760+0600][21.388s][info][gc,reloc    ] GC(35) Large Pages: 9 / 78M, Empty: 48M, Relocated: 0M, In-Place: 0
[2026-04-03T03:24:59.760+0600][21.388s][info][gc,reloc    ] GC(35) Forwarding Usage: 45M
[2026-04-03T03:24:59.760+0600][21.388s][info][gc,heap     ] GC(35) Min Capacity: 8M(1%)
[2026-04-03T03:24:59.760+0600][21.388s][info][gc,heap     ] GC(35) Max Capacity: 1250M(100%)
[2026-04-03T03:24:59.760+0600][21.388s][info][gc,heap     ] GC(35) Soft Max Capacity: 1250M(100%)
[2026-04-03T03:24:59.760+0600][21.388s][info][gc,heap     ] GC(35)                Mark Start          Mark End        Relocate Start      Relocate End           High               Low         
[2026-04-03T03:24:59.760+0600][21.388s][info][gc,heap     ] GC(35)  Capacity:     1106M (88%)        1138M (91%)        1138M (91%)        1170M (94%)        1170M (94%)        1106M (88%)    
[2026-04-03T03:24:59.760+0600][21.388s][info][gc,heap     ] GC(35)      Free:      476M (38%)         202M (16%)         238M (19%)         576M (46%)         576M (46%)         194M (16%)    
[2026-04-03T03:24:59.760+0600][21.388s][info][gc,heap     ] GC(35)      Used:      774M (62%)        1048M (84%)        1012M (81%)         674M (54%)        1056M (84%)         674M (54%)    
[2026-04-03T03:24:59.760+0600][21.388s][info][gc,heap     ] GC(35)      Live:         -               283M (23%)         283M (23%)         283M (23%)            -                  -          
[2026-04-03T03:24:59.760+0600][21.388s][info][gc,heap     ] GC(35) Allocated:         -               274M (22%)         286M (23%)         346M (28%)            -                  -          
[2026-04-03T03:24:59.760+0600][21.388s][info][gc,heap     ] GC(35)   Garbage:         -               490M (39%)         442M (35%)          44M (4%)             -                  -          
[2026-04-03T03:24:59.760+0600][21.388s][info][gc,heap     ] GC(35) Reclaimed:         -                  -                48M (4%)          446M (36%)            -                  -          
[2026-04-03T03:24:59.760+0600][21.388s][info][gc          ] GC(35) Garbage Collection (Allocation Rate) 774M(62%)->674M(54%)
[2026-04-03T03:24:59.803+0600][21.431s][info][gc,start    ] GC(36) Garbage Collection (Allocation Rate)
[2026-04-03T03:24:59.803+0600][21.431s][info][gc,task     ] GC(36) Using 3 workers
[2026-04-03T03:24:59.804+0600][21.432s][info][gc,phases   ] GC(36) Pause Mark Start 0.021ms
[2026-04-03T03:25:00.608+0600][22.236s][info][gc,phases   ] GC(36) Concurrent Mark 804.373ms
[2026-04-03T03:25:00.609+0600][22.237s][info][gc,phases   ] GC(36) Pause Mark End 0.033ms
[2026-04-03T03:25:00.609+0600][22.237s][info][gc,phases   ] GC(36) Concurrent Mark Free 0.002ms
[2026-04-03T03:25:00.633+0600][22.261s][info][gc,phases   ] GC(36) Concurrent Process Non-Strong References 23.462ms
[2026-04-03T03:25:00.633+0600][22.261s][info][gc,phases   ] GC(36) Concurrent Reset Relocation Set 0.061ms
[2026-04-03T03:25:00.642+0600][22.270s][info][gc,phases   ] GC(36) Concurrent Select Relocation Set 9.022ms
[2026-04-03T03:25:00.642+0600][22.270s][info][gc,phases   ] GC(36) Pause Relocate Start 0.017ms
[2026-04-03T03:25:00.730+0600][22.358s][info][gc,phases   ] GC(36) Concurrent Relocate 87.269ms
[2026-04-03T03:25:00.730+0600][22.358s][info][gc,load     ] GC(36) Load: 4.14/4.53/5.15
[2026-04-03T03:25:00.730+0600][22.358s][info][gc,mmu      ] GC(36) MMU: 2ms/90.1%, 5ms/96.0%, 10ms/97.9%, 20ms/99.0%, 50ms/99.6%, 100ms/99.8%
[2026-04-03T03:25:00.730+0600][22.358s][info][gc,marking  ] GC(36) Mark: 2 stripe(s), 10 proactive flush(es), 1 terminate flush(es), 0 completion(s), 0 continuation(s) 
[2026-04-03T03:25:00.730+0600][22.358s][info][gc,marking  ] GC(36) Mark Stack Usage: 32M
[2026-04-03T03:25:00.730+0600][22.358s][info][gc,nmethod  ] GC(36) NMethods: 5148 registered, 219 unregistered
[2026-04-03T03:25:00.730+0600][22.358s][info][gc,metaspace] GC(36) Metaspace: 67M used, 68M committed, 1088M reserved
[2026-04-03T03:25:00.730+0600][22.358s][info][gc,ref      ] GC(36) Soft: 4939 encountered, 0 discovered, 0 enqueued
[2026-04-03T03:25:00.730+0600][22.358s][info][gc,ref      ] GC(36) Weak: 6047 encountered, 2901 discovered, 45 enqueued
[2026-04-03T03:25:00.730+0600][22.358s][info][gc,ref      ] GC(36) Final: 82 encountered, 0 discovered, 0 enqueued
[2026-04-03T03:25:00.730+0600][22.358s][info][gc,ref      ] GC(36) Phantom: 596 encountered, 575 discovered, 0 enqueued
[2026-04-03T03:25:00.730+0600][22.358s][info][gc,reloc    ] GC(36) Small Pages: 300 / 600M, Empty: 0M, Relocated: 40M, In-Place: 0
[2026-04-03T03:25:00.730+0600][22.358s][info][gc,reloc    ] GC(36) Medium Pages: 2 / 64M, Empty: 0M, Relocated: 13M, In-Place: 0
[2026-04-03T03:25:00.730+0600][22.358s][info][gc,reloc    ] GC(36) Large Pages: 5 / 42M, Empty: 0M, Relocated: 0M, In-Place: 0
[2026-04-03T03:25:00.730+0600][22.358s][info][gc,reloc    ] GC(36) Forwarding Usage: 40M
[2026-04-03T03:25:00.730+0600][22.358s][info][gc,heap     ] GC(36) Min Capacity: 8M(1%)
[2026-04-03T03:25:00.730+0600][22.358s][info][gc,heap     ] GC(36) Max Capacity: 1250M(100%)
[2026-04-03T03:25:00.730+0600][22.358s][info][gc,heap     ] GC(36) Soft Max Capacity: 1250M(100%)
[2026-04-03T03:25:00.730+0600][22.358s][info][gc,heap     ] GC(36)                Mark Start          Mark End        Relocate Start      Relocate End           High               Low         
[2026-04-03T03:25:00.730+0600][22.358s][info][gc,heap     ] GC(36)  Capacity:     1170M (94%)        1170M (94%)        1170M (94%)        1202M (96%)        1202M (96%)        1170M (94%)    
[2026-04-03T03:25:00.730+0600][22.358s][info][gc,heap     ] GC(36)      Free:      544M (44%)         122M (10%)         106M (8%)          402M (32%)         544M (44%)          72M (6%)     
[2026-04-03T03:25:00.730+0600][22.358s][info][gc,heap     ] GC(36)      Used:      706M (56%)        1128M (90%)        1144M (92%)         848M (68%)        1178M (94%)         706M (56%)    
[2026-04-03T03:25:00.730+0600][22.358s][info][gc,heap     ] GC(36)      Live:         -               332M (27%)         332M (27%)         332M (27%)            -                  -          
[2026-04-03T03:25:00.730+0600][22.358s][info][gc,heap     ] GC(36) Allocated:         -               422M (34%)         438M (35%)         474M (38%)            -                  -          
[2026-04-03T03:25:00.730+0600][22.358s][info][gc,heap     ] GC(36)   Garbage:         -               373M (30%)         373M (30%)          40M (3%)             -                  -          
[2026-04-03T03:25:00.730+0600][22.358s][info][gc,heap     ] GC(36) Reclaimed:         -                  -                 0M (0%)          332M (27%)            -                  -          
[2026-04-03T03:25:00.730+0600][22.358s][info][gc          ] GC(36) Garbage Collection (Allocation Rate) 706M(56%)->848M(68%)
[2026-04-03T03:25:00.804+0600][22.432s][info][gc,start    ] GC(37) Garbage Collection (Allocation Rate)
[2026-04-03T03:25:00.804+0600][22.432s][info][gc,task     ] GC(37) Using 3 workers
[2026-04-03T03:25:00.804+0600][22.432s][info][gc,phases   ] GC(37) Pause Mark Start 0.013ms
[2026-04-03T03:25:01.577+0600][23.205s][info][gc,phases   ] GC(37) Concurrent Mark 772.799ms
[2026-04-03T03:25:01.577+0600][23.205s][info][gc,phases   ] GC(37) Pause Mark End 0.019ms
[2026-04-03T03:25:01.577+0600][23.205s][info][gc,phases   ] GC(37) Concurrent Mark Free 0.002ms
[2026-04-03T03:25:01.583+0600][23.211s][info][gc,phases   ] GC(37) Concurrent Process Non-Strong References 5.856ms
[2026-04-03T03:25:01.583+0600][23.211s][info][gc,phases   ] GC(37) Concurrent Reset Relocation Set 0.013ms
[2026-04-03T03:25:01.585+0600][23.213s][info][gc          ] Allocation Stall (Executor task launch worker for task 0.0 in stage 1.0 (TID 3)) 127.773ms
[2026-04-03T03:25:01.585+0600][23.213s][info][gc          ] Allocation Stall (Executor task launch worker for task 2.0 in stage 1.0 (TID 5)) 114.174ms
[2026-04-03T03:25:01.585+0600][23.213s][info][gc          ] Allocation Stall (Executor task launch worker for task 1.0 in stage 1.0 (TID 4)) 125.093ms
[2026-04-03T03:25:01.588+0600][23.216s][info][gc,phases   ] GC(37) Concurrent Select Relocation Set 4.810ms
[2026-04-03T03:25:01.588+0600][23.216s][info][gc,phases   ] GC(37) Pause Relocate Start 0.011ms
[2026-04-03T03:25:01.657+0600][23.285s][info][gc,phases   ] GC(37) Concurrent Relocate 69.344ms
[2026-04-03T03:25:01.658+0600][23.286s][info][gc,load     ] GC(37) Load: 4.14/4.53/5.15
[2026-04-03T03:25:01.658+0600][23.286s][info][gc,mmu      ] GC(37) MMU: 2ms/90.1%, 5ms/96.0%, 10ms/97.9%, 20ms/99.0%, 50ms/99.6%, 100ms/99.8%
[2026-04-03T03:25:01.658+0600][23.286s][info][gc,marking  ] GC(37) Mark: 2 stripe(s), 2 proactive flush(es), 1 terminate flush(es), 0 completion(s), 0 continuation(s) 
[2026-04-03T03:25:01.658+0600][23.286s][info][gc,marking  ] GC(37) Mark Stack Usage: 32M
[2026-04-03T03:25:01.658+0600][23.286s][info][gc,nmethod  ] GC(37) NMethods: 5224 registered, 251 unregistered
[2026-04-03T03:25:01.658+0600][23.286s][info][gc,metaspace] GC(37) Metaspace: 67M used, 68M committed, 1088M reserved
[2026-04-03T03:25:01.658+0600][23.286s][info][gc,ref      ] GC(37) Soft: 4939 encountered, 0 discovered, 0 enqueued
[2026-04-03T03:25:01.658+0600][23.286s][info][gc,ref      ] GC(37) Weak: 6002 encountered, 1908 discovered, 0 enqueued
[2026-04-03T03:25:01.658+0600][23.286s][info][gc,ref      ] GC(37) Final: 82 encountered, 0 discovered, 0 enqueued
[2026-04-03T03:25:01.658+0600][23.286s][info][gc,ref      ] GC(37) Phantom: 596 encountered, 542 discovered, 0 enqueued
[2026-04-03T03:25:01.658+0600][23.286s][info][gc,reloc    ] GC(37) Small Pages: 405 / 810M, Empty: 14M, Relocated: 34M, In-Place: 0
[2026-04-03T03:25:01.658+0600][23.286s][info][gc,reloc    ] GC(37) Medium Pages: 1 / 32M, Empty: 0M, Relocated: 0M, In-Place: 0
[2026-04-03T03:25:01.658+0600][23.286s][info][gc,reloc    ] GC(37) Large Pages: 7 / 62M, Empty: 12M, Relocated: 0M, In-Place: 0
[2026-04-03T03:25:01.658+0600][23.286s][info][gc,reloc    ] GC(37) Forwarding Usage: 32M
[2026-04-03T03:25:01.658+0600][23.286s][info][gc,heap     ] GC(37) Min Capacity: 8M(1%)
[2026-04-03T03:25:01.658+0600][23.286s][info][gc,heap     ] GC(37) Max Capacity: 1250M(100%)
[2026-04-03T03:25:01.658+0600][23.286s][info][gc,heap     ] GC(37) Soft Max Capacity: 1250M(100%)
[2026-04-03T03:25:01.658+0600][23.286s][info][gc,heap     ] GC(37)                Mark Start          Mark End        Relocate Start      Relocate End           High               Low         
[2026-04-03T03:25:01.658+0600][23.286s][info][gc,heap     ] GC(37)  Capacity:     1202M (96%)        1250M (100%)       1250M (100%)       1250M (100%)       1250M (100%)       1202M (96%)    
[2026-04-03T03:25:01.658+0600][23.286s][info][gc,heap     ] GC(37)      Free:      346M (28%)           0M (0%)           20M (2%)          450M (36%)         450M (36%)           0M (0%)     
[2026-04-03T03:25:01.658+0600][23.286s][info][gc,heap     ] GC(37)      Used:      904M (72%)        1250M (100%)       1230M (98%)         800M (64%)        1250M (100%)        800M (64%)    
[2026-04-03T03:25:01.658+0600][23.286s][info][gc,heap     ] GC(37)      Live:         -               365M (29%)         365M (29%)         365M (29%)            -                  -          
[2026-04-03T03:25:01.658+0600][23.286s][info][gc,heap     ] GC(37) Allocated:         -               346M (28%)         352M (28%)         393M (31%)            -                  -          
[2026-04-03T03:25:01.658+0600][23.286s][info][gc,heap     ] GC(37)   Garbage:         -               538M (43%)         512M (41%)          41M (3%)             -                  -          
[2026-04-03T03:25:01.658+0600][23.286s][info][gc,heap     ] GC(37) Reclaimed:         -                  -                26M (2%)          497M (40%)            -                  -          
[2026-04-03T03:25:01.658+0600][23.286s][info][gc          ] GC(37) Garbage Collection (Allocation Rate) 904M(72%)->800M(64%)
[2026-04-03T03:25:01.704+0600][23.332s][info][gc,start    ] GC(38) Garbage Collection (Allocation Stall)
[2026-04-03T03:25:01.704+0600][23.332s][info][gc,ref      ] GC(38) Clearing All SoftReferences
[2026-04-03T03:25:01.704+0600][23.332s][info][gc,task     ] GC(38) Using 3 workers
[2026-04-03T03:25:01.704+0600][23.332s][info][gc,ref      ] GC(38) Clearing All SoftReferences
[2026-04-03T03:25:01.704+0600][23.332s][info][gc,phases   ] GC(38) Pause Mark Start 0.125ms
[2026-04-03T03:25:02.636+0600][24.264s][info][gc,phases   ] GC(38) Concurrent Mark 931.517ms
[2026-04-03T03:25:02.636+0600][24.264s][info][gc,phases   ] GC(38) Pause Mark End 0.027ms
[2026-04-03T03:25:02.636+0600][24.264s][info][gc,phases   ] GC(38) Concurrent Mark Free 0.004ms
[2026-04-03T03:25:02.655+0600][24.283s][info][gc,phases   ] GC(38) Concurrent Process Non-Strong References 18.784ms
[2026-04-03T03:25:02.655+0600][24.283s][info][gc,phases   ] GC(38) Concurrent Reset Relocation Set 0.027ms
[2026-04-03T03:25:02.658+0600][24.286s][info][gc          ] Allocation Stall (Executor task launch worker for task 0.0 in stage 1.0 (TID 3)) 35.807ms
[2026-04-03T03:25:02.663+0600][24.291s][info][gc,phases   ] GC(38) Concurrent Select Relocation Set 8.051ms
[2026-04-03T03:25:02.664+0600][24.292s][info][gc,phases   ] GC(38) Pause Relocate Start 0.031ms
[2026-04-03T03:25:02.737+0600][24.365s][info][gc,phases   ] GC(38) Concurrent Relocate 72.686ms
[2026-04-03T03:25:02.737+0600][24.365s][info][gc,load     ] GC(38) Load: 4.14/4.53/5.15
[2026-04-03T03:25:02.737+0600][24.365s][info][gc,mmu      ] GC(38) MMU: 2ms/90.1%, 5ms/96.0%, 10ms/97.9%, 20ms/99.0%, 50ms/99.6%, 100ms/99.8%
[2026-04-03T03:25:02.737+0600][24.365s][info][gc,marking  ] GC(38) Mark: 2 stripe(s), 10 proactive flush(es), 1 terminate flush(es), 0 completion(s), 0 continuation(s) 
[2026-04-03T03:25:02.737+0600][24.365s][info][gc,marking  ] GC(38) Mark Stack Usage: 32M
[2026-04-03T03:25:02.737+0600][24.365s][info][gc,nmethod  ] GC(38) NMethods: 5305 registered, 312 unregistered
[2026-04-03T03:25:02.737+0600][24.365s][info][gc,metaspace] GC(38) Metaspace: 67M used, 68M committed, 1088M reserved
[2026-04-03T03:25:02.737+0600][24.365s][info][gc,ref      ] GC(38) Soft: 4764 encountered, 2326 discovered, 2025 enqueued
[2026-04-03T03:25:02.737+0600][24.365s][info][gc,ref      ] GC(38) Weak: 5933 encountered, 2969 discovered, 188 enqueued
[2026-04-03T03:25:02.737+0600][24.365s][info][gc,ref      ] GC(38) Final: 82 encountered, 2 discovered, 0 enqueued
[2026-04-03T03:25:02.737+0600][24.365s][info][gc,ref      ] GC(38) Phantom: 596 encountered, 546 discovered, 0 enqueued
[2026-04-03T03:25:02.737+0600][24.365s][info][gc,reloc    ] GC(38) Small Pages: 351 / 702M, Empty: 20M, Relocated: 41M, In-Place: 0
[2026-04-03T03:25:02.737+0600][24.365s][info][gc,reloc    ] GC(38) Medium Pages: 1 / 32M, Empty: 0M, Relocated: 0M, In-Place: 0
[2026-04-03T03:25:02.737+0600][24.365s][info][gc,reloc    ] GC(38) Large Pages: 7 / 86M, Empty: 20M, Relocated: 0M, In-Place: 0
[2026-04-03T03:25:02.737+0600][24.365s][info][gc,reloc    ] GC(38) Forwarding Usage: 34M
[2026-04-03T03:25:02.737+0600][24.365s][info][gc,heap     ] GC(38) Min Capacity: 8M(1%)
[2026-04-03T03:25:02.737+0600][24.365s][info][gc,heap     ] GC(38) Max Capacity: 1250M(100%)
[2026-04-03T03:25:02.737+0600][24.365s][info][gc,heap     ] GC(38) Soft Max Capacity: 1250M(100%)
[2026-04-03T03:25:02.737+0600][24.365s][info][gc,heap     ] GC(38)                Mark Start          Mark End        Relocate Start      Relocate End           High               Low         
[2026-04-03T03:25:02.737+0600][24.365s][info][gc,heap     ] GC(38)  Capacity:     1250M (100%)       1250M (100%)       1250M (100%)       1250M (100%)       1250M (100%)       1250M (100%)   
[2026-04-03T03:25:02.737+0600][24.365s][info][gc,heap     ] GC(38)      Free:      430M (34%)           4M (0%)           34M (3%)          404M (32%)         430M (34%)           4M (0%)     
[2026-04-03T03:25:02.737+0600][24.365s][info][gc,heap     ] GC(38)      Used:      820M (66%)        1246M (100%)       1216M (97%)         846M (68%)        1246M (100%)        820M (66%)    
[2026-04-03T03:25:02.737+0600][24.365s][info][gc,heap     ] GC(38)      Live:         -               357M (29%)         357M (29%)         357M (29%)            -                  -          
[2026-04-03T03:25:02.737+0600][24.365s][info][gc,heap     ] GC(38) Allocated:         -               426M (34%)         436M (35%)         436M (35%)            -                  -          
[2026-04-03T03:25:02.737+0600][24.365s][info][gc,heap     ] GC(38)   Garbage:         -               462M (37%)         422M (34%)          51M (4%)             -                  -          
[2026-04-03T03:25:02.737+0600][24.365s][info][gc,heap     ] GC(38) Reclaimed:         -                  -                40M (3%)          410M (33%)            -                  -          
[2026-04-03T03:25:02.737+0600][24.365s][info][gc          ] GC(38) Garbage Collection (Allocation Stall) 820M(66%)->846M(68%)
[2026-04-03T03:25:02.804+0600][24.432s][info][gc,start    ] GC(39) Garbage Collection (Allocation Stall)
[2026-04-03T03:25:02.804+0600][24.432s][info][gc,ref      ] GC(39) Clearing All SoftReferences
[2026-04-03T03:25:02.804+0600][24.432s][info][gc,task     ] GC(39) Using 3 workers
[2026-04-03T03:25:02.804+0600][24.432s][info][gc,ref      ] GC(39) Clearing All SoftReferences
[2026-04-03T03:25:02.804+0600][24.432s][info][gc,phases   ] GC(39) Pause Mark Start 0.075ms
[2026-04-03T03:25:03.589+0600][25.217s][info][gc,phases   ] GC(39) Concurrent Mark 784.624ms
[2026-04-03T03:25:03.589+0600][25.217s][info][gc,phases   ] GC(39) Pause Mark End 0.033ms
[2026-04-03T03:25:03.589+0600][25.217s][info][gc,phases   ] GC(39) Concurrent Mark Free 0.005ms
[2026-04-03T03:25:03.614+0600][25.242s][info][gc,phases   ] GC(39) Concurrent Process Non-Strong References 24.642ms
[2026-04-03T03:25:03.614+0600][25.242s][info][gc,phases   ] GC(39) Concurrent Reset Relocation Set 0.063ms
[2026-04-03T03:25:03.624+0600][25.252s][info][gc,phases   ] GC(39) Concurrent Select Relocation Set 9.681ms
[2026-04-03T03:25:03.625+0600][25.253s][info][gc,phases   ] GC(39) Pause Relocate Start 0.017ms
[2026-04-03T03:25:03.687+0600][25.315s][info][gc,phases   ] GC(39) Concurrent Relocate 62.468ms
[2026-04-03T03:25:03.687+0600][25.315s][info][gc,load     ] GC(39) Load: 4.14/4.53/5.15
[2026-04-03T03:25:03.687+0600][25.315s][info][gc,mmu      ] GC(39) MMU: 2ms/90.1%, 5ms/96.0%, 10ms/97.9%, 20ms/99.0%, 50ms/99.6%, 100ms/99.8%
[2026-04-03T03:25:03.687+0600][25.315s][info][gc,marking  ] GC(39) Mark: 2 stripe(s), 10 proactive flush(es), 2 terminate flush(es), 0 completion(s), 0 continuation(s) 
[2026-04-03T03:25:03.687+0600][25.315s][info][gc,marking  ] GC(39) Mark Stack Usage: 32M
[2026-04-03T03:25:03.687+0600][25.315s][info][gc,nmethod  ] GC(39) NMethods: 5385 registered, 72 unregistered
[2026-04-03T03:25:03.687+0600][25.315s][info][gc,metaspace] GC(39) Metaspace: 67M used, 68M committed, 1088M reserved
[2026-04-03T03:25:03.687+0600][25.315s][info][gc,ref      ] GC(39) Soft: 2739 encountered, 307 discovered, 3 enqueued
[2026-04-03T03:25:03.687+0600][25.315s][info][gc,ref      ] GC(39) Weak: 5435 encountered, 2525 discovered, 7 enqueued
[2026-04-03T03:25:03.687+0600][25.315s][info][gc,ref      ] GC(39) Final: 82 encountered, 2 discovered, 0 enqueued
[2026-04-03T03:25:03.687+0600][25.315s][info][gc,ref      ] GC(39) Phantom: 596 encountered, 537 discovered, 0 enqueued
[2026-04-03T03:25:03.687+0600][25.315s][info][gc,reloc    ] GC(39) Small Pages: 363 / 726M, Empty: 20M, Relocated: 45M, In-Place: 0
[2026-04-03T03:25:03.687+0600][25.315s][info][gc,reloc    ] GC(39) Medium Pages: 2 / 64M, Empty: 0M, Relocated: 15M, In-Place: 0
[2026-04-03T03:25:03.687+0600][25.315s][info][gc,reloc    ] GC(39) Large Pages: 7 / 82M, Empty: 36M, Relocated: 0M, In-Place: 0
[2026-04-03T03:25:03.687+0600][25.315s][info][gc,reloc    ] GC(39) Forwarding Usage: 37M
[2026-04-03T03:25:03.687+0600][25.315s][info][gc,heap     ] GC(39) Min Capacity: 8M(1%)
[2026-04-03T03:25:03.687+0600][25.315s][info][gc,heap     ] GC(39) Max Capacity: 1250M(100%)
[2026-04-03T03:25:03.688+0600][25.315s][info][gc,heap     ] GC(39) Soft Max Capacity: 1250M(100%)
[2026-04-03T03:25:03.688+0600][25.315s][info][gc,heap     ] GC(39)                Mark Start          Mark End        Relocate Start      Relocate End           High               Low         
[2026-04-03T03:25:03.688+0600][25.315s][info][gc,heap     ] GC(39)  Capacity:     1250M (100%)       1250M (100%)       1250M (100%)       1250M (100%)       1250M (100%)       1250M (100%)   
[2026-04-03T03:25:03.688+0600][25.316s][info][gc,heap     ] GC(39)      Free:      378M (30%)          58M (5%)           98M (8%)          564M (45%)         564M (45%)          44M (4%)     
[2026-04-03T03:25:03.688+0600][25.316s][info][gc,heap     ] GC(39)      Used:      872M (70%)        1192M (95%)        1152M (92%)         686M (55%)        1206M (96%)         686M (55%)    
[2026-04-03T03:25:03.688+0600][25.316s][info][gc,heap     ] GC(39)      Live:         -               287M (23%)         287M (23%)         287M (23%)            -                  -          
[2026-04-03T03:25:03.688+0600][25.316s][info][gc,heap     ] GC(39) Allocated:         -               320M (26%)         336M (27%)         355M (28%)            -                  -          
[2026-04-03T03:25:03.688+0600][25.316s][info][gc,heap     ] GC(39)   Garbage:         -               584M (47%)         528M (42%)          42M (3%)             -                  -          
[2026-04-03T03:25:03.688+0600][25.316s][info][gc,heap     ] GC(39) Reclaimed:         -                  -                56M (4%)          541M (43%)            -                  -          
[2026-04-03T03:25:03.688+0600][25.316s][info][gc          ] GC(39) Garbage Collection (Allocation Stall) 872M(70%)->686M(55%)
[2026-04-03T03:25:03.703+0600][25.331s][info][gc,start    ] GC(40) Garbage Collection (Allocation Rate)
[2026-04-03T03:25:03.704+0600][25.332s][info][gc,task     ] GC(40) Using 3 workers
[2026-04-03T03:25:03.704+0600][25.332s][info][gc,phases   ] GC(40) Pause Mark Start 0.010ms
[2026-04-03T03:25:04.041+0600][25.669s][info][gc,phases   ] GC(40) Concurrent Mark 337.256ms
[2026-04-03T03:25:04.042+0600][25.670s][info][gc,phases   ] GC(40) Pause Mark End 0.026ms
[2026-04-03T03:25:04.042+0600][25.670s][info][gc,phases   ] GC(40) Concurrent Mark Free 0.002ms
[2026-04-03T03:25:04.057+0600][25.685s][info][gc,phases   ] GC(40) Concurrent Process Non-Strong References 15.496ms
[2026-04-03T03:25:04.057+0600][25.685s][info][gc,phases   ] GC(40) Concurrent Reset Relocation Set 0.020ms
[2026-04-03T03:25:04.063+0600][25.691s][info][gc,phases   ] GC(40) Concurrent Select Relocation Set 5.777ms
[2026-04-03T03:25:04.063+0600][25.691s][info][gc,phases   ] GC(40) Pause Relocate Start 0.013ms
[2026-04-03T03:25:04.098+0600][25.726s][info][gc,phases   ] GC(40) Concurrent Relocate 34.921ms
[2026-04-03T03:25:04.099+0600][25.727s][info][gc,load     ] GC(40) Load: 4.14/4.53/5.15
[2026-04-03T03:25:04.099+0600][25.727s][info][gc,mmu      ] GC(40) MMU: 2ms/90.1%, 5ms/96.0%, 10ms/97.9%, 20ms/99.0%, 50ms/99.6%, 100ms/99.8%
[2026-04-03T03:25:04.099+0600][25.727s][info][gc,marking  ] GC(40) Mark: 2 stripe(s), 3 proactive flush(es), 1 terminate flush(es), 0 completion(s), 0 continuation(s) 
[2026-04-03T03:25:04.099+0600][25.727s][info][gc,marking  ] GC(40) Mark Stack Usage: 32M
[2026-04-03T03:25:04.099+0600][25.727s][info][gc,nmethod  ] GC(40) NMethods: 5321 registered, 143 unregistered
[2026-04-03T03:25:04.099+0600][25.727s][info][gc,metaspace] GC(40) Metaspace: 67M used, 68M committed, 1088M reserved
[2026-04-03T03:25:04.099+0600][25.727s][info][gc,ref      ] GC(40) Soft: 2895 encountered, 0 discovered, 0 enqueued
[2026-04-03T03:25:04.099+0600][25.727s][info][gc,ref      ] GC(40) Weak: 5637 encountered, 2683 discovered, 198 enqueued
[2026-04-03T03:25:04.099+0600][25.727s][info][gc,ref      ] GC(40) Final: 82 encountered, 2 discovered, 0 enqueued
[2026-04-03T03:25:04.099+0600][25.727s][info][gc,ref      ] GC(40) Phantom: 595 encountered, 536 discovered, 0 enqueued
[2026-04-03T03:25:04.099+0600][25.727s][info][gc,reloc    ] GC(40) Small Pages: 291 / 582M, Empty: 50M, Relocated: 27M, In-Place: 0
[2026-04-03T03:25:04.099+0600][25.727s][info][gc,reloc    ] GC(40) Medium Pages: 2 / 64M, Empty: 32M, Relocated: 0M, In-Place: 0
[2026-04-03T03:25:04.099+0600][25.727s][info][gc,reloc    ] GC(40) Large Pages: 3 / 46M, Empty: 36M, Relocated: 0M, In-Place: 0
[2026-04-03T03:25:04.099+0600][25.727s][info][gc,reloc    ] GC(40) Forwarding Usage: 24M
[2026-04-03T03:25:04.099+0600][25.727s][info][gc,heap     ] GC(40) Min Capacity: 8M(1%)
[2026-04-03T03:25:04.099+0600][25.727s][info][gc,heap     ] GC(40) Max Capacity: 1250M(100%)
[2026-04-03T03:25:04.099+0600][25.727s][info][gc,heap     ] GC(40) Soft Max Capacity: 1250M(100%)
[2026-04-03T03:25:04.099+0600][25.727s][info][gc,heap     ] GC(40)                Mark Start          Mark End        Relocate Start      Relocate End           High               Low         
[2026-04-03T03:25:04.099+0600][25.727s][info][gc,heap     ] GC(40)  Capacity:     1250M (100%)       1250M (100%)       1250M (100%)       1250M (100%)       1250M (100%)       1250M (100%)   
[2026-04-03T03:25:04.099+0600][25.727s][info][gc,heap     ] GC(40)      Free:      558M (45%)         434M (35%)         544M (44%)         876M (70%)         876M (70%)         426M (34%)    
[2026-04-03T03:25:04.099+0600][25.727s][info][gc,heap     ] GC(40)      Used:      692M (55%)         816M (65%)         706M (56%)         374M (30%)         824M (66%)         374M (30%)    
[2026-04-03T03:25:04.099+0600][25.727s][info][gc,heap     ] GC(40)      Live:         -               197M (16%)         197M (16%)         197M (16%)            -                  -          
[2026-04-03T03:25:04.099+0600][25.727s][info][gc,heap     ] GC(40) Allocated:         -               124M (10%)         132M (11%)         141M (11%)            -                  -          
[2026-04-03T03:25:04.099+0600][25.727s][info][gc,heap     ] GC(40)   Garbage:         -               494M (40%)         376M (30%)          34M (3%)             -                  -          
[2026-04-03T03:25:04.099+0600][25.727s][info][gc,heap     ] GC(40) Reclaimed:         -                  -               118M (9%)          459M (37%)            -                  -          
[2026-04-03T03:25:04.099+0600][25.727s][info][gc          ] GC(40) Garbage Collection (Allocation Rate) 692M(55%)->374M(30%)
[2026-04-03T03:25:04.304+0600][25.932s][info][gc,start    ] GC(41) Garbage Collection (Allocation Rate)
[2026-04-03T03:25:04.304+0600][25.932s][info][gc,task     ] GC(41) Using 3 workers
[2026-04-03T03:25:04.305+0600][25.933s][info][gc,phases   ] GC(41) Pause Mark Start 0.012ms
[2026-04-03T03:25:04.655+0600][26.283s][info][gc,phases   ] GC(41) Concurrent Mark 350.144ms
[2026-04-03T03:25:04.655+0600][26.283s][info][gc,phases   ] GC(41) Pause Mark End 0.018ms
[2026-04-03T03:25:04.655+0600][26.283s][info][gc,phases   ] GC(41) Concurrent Mark Free 0.001ms
[2026-04-03T03:25:04.661+0600][26.289s][info][gc,phases   ] GC(41) Concurrent Process Non-Strong References 5.124ms
[2026-04-03T03:25:04.661+0600][26.289s][info][gc,phases   ] GC(41) Concurrent Reset Relocation Set 0.025ms
[2026-04-03T03:25:04.666+0600][26.294s][info][gc,phases   ] GC(41) Concurrent Select Relocation Set 5.156ms
[2026-04-03T03:25:04.666+0600][26.294s][info][gc,phases   ] GC(41) Pause Relocate Start 0.013ms
[2026-04-03T03:25:04.681+0600][26.309s][info][gc,phases   ] GC(41) Concurrent Relocate 14.237ms
[2026-04-03T03:25:04.681+0600][26.309s][info][gc,load     ] GC(41) Load: 4.14/4.53/5.15
[2026-04-03T03:25:04.681+0600][26.309s][info][gc,mmu      ] GC(41) MMU: 2ms/90.1%, 5ms/96.0%, 10ms/97.9%, 20ms/99.0%, 50ms/99.6%, 100ms/99.8%
[2026-04-03T03:25:04.681+0600][26.309s][info][gc,marking  ] GC(41) Mark: 2 stripe(s), 6 proactive flush(es), 1 terminate flush(es), 0 completion(s), 0 continuation(s) 
[2026-04-03T03:25:04.681+0600][26.309s][info][gc,marking  ] GC(41) Mark Stack Usage: 32M
[2026-04-03T03:25:04.681+0600][26.309s][info][gc,nmethod  ] GC(41) NMethods: 5323 registered, 144 unregistered
[2026-04-03T03:25:04.681+0600][26.309s][info][gc,metaspace] GC(41) Metaspace: 67M used, 68M committed, 1088M reserved
[2026-04-03T03:25:04.681+0600][26.309s][info][gc,ref      ] GC(41) Soft: 2895 encountered, 0 discovered, 0 enqueued
[2026-04-03T03:25:04.681+0600][26.309s][info][gc,ref      ] GC(41) Weak: 5439 encountered, 2555 discovered, 0 enqueued
[2026-04-03T03:25:04.681+0600][26.309s][info][gc,ref      ] GC(41) Final: 82 encountered, 0 discovered, 0 enqueued
[2026-04-03T03:25:04.681+0600][26.309s][info][gc,ref      ] GC(41) Phantom: 596 encountered, 563 discovered, 0 enqueued
[2026-04-03T03:25:04.681+0600][26.309s][info][gc,reloc    ] GC(41) Small Pages: 213 / 426M, Empty: 0M, Relocated: 10M, In-Place: 0
[2026-04-03T03:25:04.681+0600][26.309s][info][gc,reloc    ] GC(41) Medium Pages: 1 / 32M, Empty: 0M, Relocated: 0M, In-Place: 0
[2026-04-03T03:25:04.681+0600][26.309s][info][gc,reloc    ] GC(41) Large Pages: 2 / 28M, Empty: 0M, Relocated: 0M, In-Place: 0
[2026-04-03T03:25:04.681+0600][26.309s][info][gc,reloc    ] GC(41) Forwarding Usage: 9M
[2026-04-03T03:25:04.681+0600][26.309s][info][gc,heap     ] GC(41) Min Capacity: 8M(1%)
[2026-04-03T03:25:04.681+0600][26.309s][info][gc,heap     ] GC(41) Max Capacity: 1250M(100%)
[2026-04-03T03:25:04.681+0600][26.309s][info][gc,heap     ] GC(41) Soft Max Capacity: 1250M(100%)
[2026-04-03T03:25:04.681+0600][26.309s][info][gc,heap     ] GC(41)                Mark Start          Mark End        Relocate Start      Relocate End           High               Low         
[2026-04-03T03:25:04.681+0600][26.309s][info][gc,heap     ] GC(41)  Capacity:     1250M (100%)       1250M (100%)       1250M (100%)       1250M (100%)       1250M (100%)       1250M (100%)   
[2026-04-03T03:25:04.681+0600][26.309s][info][gc,heap     ] GC(41)      Free:      764M (61%)         650M (52%)         644M (52%)         870M (70%)         870M (70%)         640M (51%)    
[2026-04-03T03:25:04.681+0600][26.309s][info][gc,heap     ] GC(41)      Used:      486M (39%)         600M (48%)         606M (48%)         380M (30%)         610M (49%)         380M (30%)    
[2026-04-03T03:25:04.681+0600][26.309s][info][gc,heap     ] GC(41)      Live:         -               220M (18%)         220M (18%)         220M (18%)            -                  -          
[2026-04-03T03:25:04.681+0600][26.309s][info][gc,heap     ] GC(41) Allocated:         -               114M (9%)          120M (10%)         123M (10%)            -                  -          
[2026-04-03T03:25:04.681+0600][26.309s][info][gc,heap     ] GC(41)   Garbage:         -               265M (21%)         265M (21%)          35M (3%)             -                  -          
[2026-04-03T03:25:04.681+0600][26.309s][info][gc,heap     ] GC(41) Reclaimed:         -                  -                 0M (0%)          229M (18%)            -                  -          
[2026-04-03T03:25:04.681+0600][26.309s][info][gc          ] GC(41) Garbage Collection (Allocation Rate) 486M(39%)->380M(30%)
[2026-04-03T03:25:05.604+0600][27.232s][info][gc,start    ] GC(42) Garbage Collection (Allocation Rate)
[2026-04-03T03:25:05.604+0600][27.232s][info][gc,task     ] GC(42) Using 3 workers
[2026-04-03T03:25:05.605+0600][27.233s][info][gc,phases   ] GC(42) Pause Mark Start 0.012ms
[2026-04-03T03:25:05.986+0600][27.614s][info][gc,phases   ] GC(42) Concurrent Mark 381.346ms
[2026-04-03T03:25:05.986+0600][27.614s][info][gc,phases   ] GC(42) Pause Mark End 0.027ms
[2026-04-03T03:25:05.987+0600][27.615s][info][gc,phases   ] GC(42) Concurrent Mark Free 0.002ms
[2026-04-03T03:25:06.007+0600][27.635s][info][gc,phases   ] GC(42) Concurrent Process Non-Strong References 20.003ms
[2026-04-03T03:25:06.007+0600][27.635s][info][gc,phases   ] GC(42) Concurrent Reset Relocation Set 0.012ms
[2026-04-03T03:25:06.017+0600][27.645s][info][gc,phases   ] GC(42) Concurrent Select Relocation Set 9.949ms
[2026-04-03T03:25:06.017+0600][27.645s][info][gc,phases   ] GC(42) Pause Relocate Start 0.044ms
[2026-04-03T03:25:06.053+0600][27.681s][info][gc,phases   ] GC(42) Concurrent Relocate 35.610ms
[2026-04-03T03:25:06.053+0600][27.681s][info][gc,load     ] GC(42) Load: 4.37/4.58/5.16
[2026-04-03T03:25:06.053+0600][27.681s][info][gc,mmu      ] GC(42) MMU: 2ms/90.1%, 5ms/96.0%, 10ms/97.9%, 20ms/99.0%, 50ms/99.6%, 100ms/99.8%
[2026-04-03T03:25:06.053+0600][27.681s][info][gc,marking  ] GC(42) Mark: 2 stripe(s), 2 proactive flush(es), 1 terminate flush(es), 0 completion(s), 0 continuation(s) 
[2026-04-03T03:25:06.053+0600][27.681s][info][gc,marking  ] GC(42) Mark Stack Usage: 32M
[2026-04-03T03:25:06.053+0600][27.681s][info][gc,nmethod  ] GC(42) NMethods: 5479 registered, 209 unregistered
[2026-04-03T03:25:06.053+0600][27.681s][info][gc,metaspace] GC(42) Metaspace: 68M used, 69M committed, 1088M reserved
[2026-04-03T03:25:06.053+0600][27.681s][info][gc,ref      ] GC(42) Soft: 3206 encountered, 0 discovered, 0 enqueued
[2026-04-03T03:25:06.053+0600][27.681s][info][gc,ref      ] GC(42) Weak: 6209 encountered, 3371 discovered, 197 enqueued
[2026-04-03T03:25:06.053+0600][27.681s][info][gc,ref      ] GC(42) Final: 82 encountered, 0 discovered, 0 enqueued
[2026-04-03T03:25:06.053+0600][27.681s][info][gc,ref      ] GC(42) Phantom: 596 encountered, 580 discovered, 0 enqueued
[2026-04-03T03:25:06.053+0600][27.681s][info][gc,reloc    ] GC(42) Small Pages: 259 / 518M, Empty: 212M, Relocated: 20M, In-Place: 0
[2026-04-03T03:25:06.053+0600][27.681s][info][gc,reloc    ] GC(42) Medium Pages: 2 / 64M, Empty: 32M, Relocated: 0M, In-Place: 0
[2026-04-03T03:25:06.053+0600][27.681s][info][gc,reloc    ] GC(42) Large Pages: 6 / 52M, Empty: 34M, Relocated: 0M, In-Place: 0
[2026-04-03T03:25:06.053+0600][27.681s][info][gc,reloc    ] GC(42) Forwarding Usage: 20M
[2026-04-03T03:25:06.053+0600][27.681s][info][gc,heap     ] GC(42) Min Capacity: 8M(1%)
[2026-04-03T03:25:06.053+0600][27.681s][info][gc,heap     ] GC(42) Max Capacity: 1250M(100%)
[2026-04-03T03:25:06.053+0600][27.681s][info][gc,heap     ] GC(42) Soft Max Capacity: 1250M(100%)
[2026-04-03T03:25:06.053+0600][27.681s][info][gc,heap     ] GC(42)                Mark Start          Mark End        Relocate Start      Relocate End           High               Low         
[2026-04-03T03:25:06.053+0600][27.681s][info][gc,heap     ] GC(42)  Capacity:     1250M (100%)       1250M (100%)       1250M (100%)       1250M (100%)       1250M (100%)       1250M (100%)   
[2026-04-03T03:25:06.053+0600][27.681s][info][gc,heap     ] GC(42)      Free:      616M (49%)         368M (29%)         594M (48%)         674M (54%)         686M (55%)         340M (27%)    
[2026-04-03T03:25:06.053+0600][27.681s][info][gc,heap     ] GC(42)      Used:      634M (51%)         882M (71%)         656M (52%)         576M (46%)         910M (73%)         564M (45%)    
[2026-04-03T03:25:06.053+0600][27.681s][info][gc,heap     ] GC(42)      Live:         -               202M (16%)         202M (16%)         202M (16%)            -                  -          
[2026-04-03T03:25:06.053+0600][27.681s][info][gc,heap     ] GC(42) Allocated:         -               248M (20%)         300M (24%)         335M (27%)            -                  -          
[2026-04-03T03:25:06.053+0600][27.681s][info][gc,heap     ] GC(42)   Garbage:         -               431M (35%)         153M (12%)          38M (3%)             -                  -          
[2026-04-03T03:25:06.053+0600][27.681s][info][gc,heap     ] GC(42) Reclaimed:         -                  -               278M (22%)         393M (32%)            -                  -          
[2026-04-03T03:25:06.053+0600][27.681s][info][gc          ] GC(42) Garbage Collection (Allocation Rate) 634M(51%)->576M(46%)
[2026-04-03T03:25:06.104+0600][27.732s][info][gc,start    ] GC(43) Garbage Collection (Allocation Rate)
[2026-04-03T03:25:06.104+0600][27.732s][info][gc,task     ] GC(43) Using 3 workers
[2026-04-03T03:25:06.104+0600][27.732s][info][gc,phases   ] GC(43) Pause Mark Start 0.013ms
[2026-04-03T03:25:06.776+0600][28.404s][info][gc,phases   ] GC(43) Concurrent Mark 671.595ms
[2026-04-03T03:25:06.776+0600][28.404s][info][gc,phases   ] GC(43) Pause Mark End 0.039ms
[2026-04-03T03:25:06.777+0600][28.405s][info][gc,phases   ] GC(43) Concurrent Mark Free 0.002ms
[2026-04-03T03:25:06.784+0600][28.412s][info][gc,phases   ] GC(43) Concurrent Process Non-Strong References 7.735ms
[2026-04-03T03:25:06.785+0600][28.412s][info][gc,phases   ] GC(43) Concurrent Reset Relocation Set 0.019ms
[2026-04-03T03:25:06.807+0600][28.434s][info][gc,phases   ] GC(43) Concurrent Select Relocation Set 21.925ms
[2026-04-03T03:25:06.807+0600][28.435s][info][gc,phases   ] GC(43) Pause Relocate Start 0.035ms
[2026-04-03T03:25:06.923+0600][28.551s][info][gc,phases   ] GC(43) Concurrent Relocate 115.814ms
[2026-04-03T03:25:06.923+0600][28.551s][info][gc,load     ] GC(43) Load: 4.37/4.58/5.16
[2026-04-03T03:25:06.923+0600][28.551s][info][gc,mmu      ] GC(43) MMU: 2ms/90.1%, 5ms/96.0%, 10ms/97.9%, 20ms/99.0%, 50ms/99.6%, 100ms/99.8%
[2026-04-03T03:25:06.923+0600][28.551s][info][gc,marking  ] GC(43) Mark: 2 stripe(s), 10 proactive flush(es), 2 terminate flush(es), 0 completion(s), 0 continuation(s) 
[2026-04-03T03:25:06.923+0600][28.551s][info][gc,marking  ] GC(43) Mark Stack Usage: 32M
[2026-04-03T03:25:06.923+0600][28.551s][info][gc,nmethod  ] GC(43) NMethods: 5524 registered, 210 unregistered
[2026-04-03T03:25:06.923+0600][28.551s][info][gc,metaspace] GC(43) Metaspace: 68M used, 69M committed, 1088M reserved
[2026-04-03T03:25:06.923+0600][28.551s][info][gc,ref      ] GC(43) Soft: 3209 encountered, 0 discovered, 0 enqueued
[2026-04-03T03:25:06.923+0600][28.551s][info][gc,ref      ] GC(43) Weak: 6021 encountered, 2312 discovered, 78 enqueued
[2026-04-03T03:25:06.923+0600][28.551s][info][gc,ref      ] GC(43) Final: 82 encountered, 2 discovered, 0 enqueued
[2026-04-03T03:25:06.923+0600][28.551s][info][gc,ref      ] GC(43) Phantom: 595 encountered, 536 discovered, 0 enqueued
[2026-04-03T03:25:06.923+0600][28.551s][info][gc,reloc    ] GC(43) Small Pages: 254 / 508M, Empty: 0M, Relocated: 92M, In-Place: 0
[2026-04-03T03:25:06.923+0600][28.551s][info][gc,reloc    ] GC(43) Medium Pages: 2 / 64M, Empty: 32M, Relocated: 0M, In-Place: 0
[2026-04-03T03:25:06.923+0600][28.551s][info][gc,reloc    ] GC(43) Large Pages: 11 / 86M, Empty: 30M, Relocated: 0M, In-Place: 0
[2026-04-03T03:25:06.923+0600][28.551s][info][gc,reloc    ] GC(43) Forwarding Usage: 55M
[2026-04-03T03:25:06.923+0600][28.551s][info][gc,heap     ] GC(43) Min Capacity: 8M(1%)
[2026-04-03T03:25:06.923+0600][28.551s][info][gc,heap     ] GC(43) Max Capacity: 1250M(100%)
[2026-04-03T03:25:06.923+0600][28.551s][info][gc,heap     ] GC(43) Soft Max Capacity: 1250M(100%)
[2026-04-03T03:25:06.923+0600][28.551s][info][gc,heap     ] GC(43)                Mark Start          Mark End        Relocate Start      Relocate End           High               Low         
[2026-04-03T03:25:06.923+0600][28.551s][info][gc,heap     ] GC(43)  Capacity:     1250M (100%)       1250M (100%)       1250M (100%)       1250M (100%)       1250M (100%)       1250M (100%)   
[2026-04-03T03:25:06.923+0600][28.551s][info][gc,heap     ] GC(43)      Free:      592M (47%)          94M (8%)          122M (10%)         288M (23%)         592M (47%)          80M (6%)     
[2026-04-03T03:25:06.923+0600][28.551s][info][gc,heap     ] GC(43)      Used:      658M (53%)        1156M (92%)        1128M (90%)         962M (77%)        1170M (94%)         658M (53%)    
[2026-04-03T03:25:06.923+0600][28.551s][info][gc,heap     ] GC(43)      Live:         -               321M (26%)         321M (26%)         321M (26%)            -                  -          
[2026-04-03T03:25:06.923+0600][28.551s][info][gc,heap     ] GC(43) Allocated:         -               498M (40%)         532M (43%)         599M (48%)            -                  -          
[2026-04-03T03:25:06.923+0600][28.551s][info][gc,heap     ] GC(43)   Garbage:         -               336M (27%)         274M (22%)          40M (3%)             -                  -          
[2026-04-03T03:25:06.923+0600][28.551s][info][gc,heap     ] GC(43) Reclaimed:         -                  -                62M (5%)          295M (24%)            -                  -          
[2026-04-03T03:25:06.923+0600][28.551s][info][gc          ] GC(43) Garbage Collection (Allocation Rate) 658M(53%)->962M(77%)
[2026-04-03T03:25:07.004+0600][28.632s][info][gc,start    ] GC(44) Garbage Collection (Allocation Rate)
[2026-04-03T03:25:07.004+0600][28.632s][info][gc,task     ] GC(44) Using 3 workers
[2026-04-03T03:25:07.004+0600][28.632s][info][gc,phases   ] GC(44) Pause Mark Start 0.012ms
[2026-04-03T03:25:07.595+0600][29.223s][info][gc,phases   ] GC(44) Concurrent Mark 590.207ms
[2026-04-03T03:25:07.595+0600][29.223s][info][gc,phases   ] GC(44) Pause Mark End 0.018ms
[2026-04-03T03:25:07.595+0600][29.223s][info][gc,phases   ] GC(44) Concurrent Mark Free 0.002ms
[2026-04-03T03:25:07.600+0600][29.228s][info][gc,phases   ] GC(44) Concurrent Process Non-Strong References 5.199ms
[2026-04-03T03:25:07.600+0600][29.228s][info][gc,phases   ] GC(44) Concurrent Reset Relocation Set 0.028ms
[2026-04-03T03:25:07.603+0600][29.231s][info][gc          ] Allocation Stall (Executor task launch worker for task 0.0 in stage 2.0 (TID 6)) 199.478ms
[2026-04-03T03:25:07.603+0600][29.231s][info][gc          ] Allocation Stall (Executor task launch worker for task 1.0 in stage 2.0 (TID 7)) 198.000ms
[2026-04-03T03:25:07.603+0600][29.231s][info][gc          ] Allocation Stall (Executor task launch worker for task 2.0 in stage 2.0 (TID 8)) 195.360ms
[2026-04-03T03:25:07.606+0600][29.234s][info][gc,phases   ] GC(44) Concurrent Select Relocation Set 5.554ms
[2026-04-03T03:25:07.606+0600][29.234s][info][gc,phases   ] GC(44) Pause Relocate Start 0.015ms
[2026-04-03T03:25:07.717+0600][29.345s][info][gc,phases   ] GC(44) Concurrent Relocate 110.126ms
[2026-04-03T03:25:07.717+0600][29.345s][info][gc,load     ] GC(44) Load: 4.37/4.58/5.16
[2026-04-03T03:25:07.717+0600][29.345s][info][gc,mmu      ] GC(44) MMU: 2ms/90.1%, 5ms/96.0%, 10ms/97.9%, 20ms/99.0%, 50ms/99.6%, 100ms/99.8%
[2026-04-03T03:25:07.717+0600][29.345s][info][gc,marking  ] GC(44) Mark: 2 stripe(s), 10 proactive flush(es), 1 terminate flush(es), 0 completion(s), 0 continuation(s) 
[2026-04-03T03:25:07.717+0600][29.345s][info][gc,marking  ] GC(44) Mark Stack Usage: 32M
[2026-04-03T03:25:07.717+0600][29.345s][info][gc,nmethod  ] GC(44) NMethods: 5524 registered, 231 unregistered
[2026-04-03T03:25:07.717+0600][29.345s][info][gc,metaspace] GC(44) Metaspace: 68M used, 69M committed, 1088M reserved
[2026-04-03T03:25:07.717+0600][29.345s][info][gc,ref      ] GC(44) Soft: 3209 encountered, 0 discovered, 0 enqueued
[2026-04-03T03:25:07.717+0600][29.345s][info][gc,ref      ] GC(44) Weak: 5944 encountered, 1968 discovered, 1 enqueued
[2026-04-03T03:25:07.717+0600][29.345s][info][gc,ref      ] GC(44) Final: 82 encountered, 0 discovered, 0 enqueued
[2026-04-03T03:25:07.717+0600][29.345s][info][gc,ref      ] GC(44) Phantom: 596 encountered, 376 discovered, 0 enqueued
[2026-04-03T03:25:07.717+0600][29.345s][info][gc,reloc    ] GC(44) Small Pages: 444 / 888M, Empty: 18M, Relocated: 71M, In-Place: 0
[2026-04-03T03:25:07.717+0600][29.345s][info][gc,reloc    ] GC(44) Medium Pages: 2 / 64M, Empty: 0M, Relocated: 13M, In-Place: 0
[2026-04-03T03:25:07.717+0600][29.345s][info][gc,reloc    ] GC(44) Large Pages: 10 / 88M, Empty: 36M, Relocated: 0M, In-Place: 0
[2026-04-03T03:25:07.717+0600][29.345s][info][gc,reloc    ] GC(44) Forwarding Usage: 55M
[2026-04-03T03:25:07.717+0600][29.345s][info][gc,heap     ] GC(44) Min Capacity: 8M(1%)
[2026-04-03T03:25:07.717+0600][29.345s][info][gc,heap     ] GC(44) Max Capacity: 1250M(100%)
[2026-04-03T03:25:07.717+0600][29.345s][info][gc,heap     ] GC(44) Soft Max Capacity: 1250M(100%)
[2026-04-03T03:25:07.717+0600][29.345s][info][gc,heap     ] GC(44)                Mark Start          Mark End        Relocate Start      Relocate End           High               Low         
[2026-04-03T03:25:07.717+0600][29.345s][info][gc,heap     ] GC(44)  Capacity:     1250M (100%)       1250M (100%)       1250M (100%)       1250M (100%)       1250M (100%)       1250M (100%)   
[2026-04-03T03:25:07.717+0600][29.345s][info][gc,heap     ] GC(44)      Free:      210M (17%)           0M (0%)           46M (4%)          596M (48%)         598M (48%)           0M (0%)     
[2026-04-03T03:25:07.717+0600][29.345s][info][gc,heap     ] GC(44)      Used:     1040M (83%)        1250M (100%)       1204M (96%)         654M (52%)        1250M (100%)        652M (52%)    
[2026-04-03T03:25:07.717+0600][29.345s][info][gc,heap     ] GC(44)      Live:         -               349M (28%)         349M (28%)         349M (28%)            -                  -          
[2026-04-03T03:25:07.717+0600][29.345s][info][gc,heap     ] GC(44) Allocated:         -               210M (17%)         218M (17%)         267M (21%)            -                  -          
[2026-04-03T03:25:07.717+0600][29.345s][info][gc,heap     ] GC(44)   Garbage:         -               690M (55%)         636M (51%)          37M (3%)             -                  -          
[2026-04-03T03:25:07.717+0600][29.345s][info][gc,heap     ] GC(44) Reclaimed:         -                  -                54M (4%)          653M (52%)            -                  -          
[2026-04-03T03:25:07.717+0600][29.345s][info][gc          ] GC(44) Garbage Collection (Allocation Rate) 1040M(83%)->654M(52%)
[2026-04-03T03:25:07.804+0600][29.432s][info][gc,start    ] GC(45) Garbage Collection (Allocation Stall)
[2026-04-03T03:25:07.804+0600][29.432s][info][gc,ref      ] GC(45) Clearing All SoftReferences
[2026-04-03T03:25:07.804+0600][29.432s][info][gc,task     ] GC(45) Using 3 workers
[2026-04-03T03:25:07.805+0600][29.433s][info][gc,ref      ] GC(45) Clearing All SoftReferences
[2026-04-03T03:25:07.805+0600][29.433s][info][gc,phases   ] GC(45) Pause Mark Start 0.217ms
[2026-04-03T03:25:08.504+0600][30.132s][info][gc,stats    ] === Garbage Collection Statistics =======================================================================================================================
[2026-04-03T03:25:08.504+0600][30.132s][info][gc,stats    ]                                                              Last 10s              Last 10m              Last 10h                Total
[2026-04-03T03:25:08.504+0600][30.132s][info][gc,stats    ]                                                              Avg / Max             Avg / Max             Avg / Max             Avg / Max
[2026-04-03T03:25:08.504+0600][30.132s][info][gc,stats    ]   Collector: Garbage Collection Cycle                    728.692 / 1033.269    281.870 / 1040.034    281.870 / 1040.034    281.870 / 1040.034    ms
[2026-04-03T03:25:08.504+0600][30.132s][info][gc,stats    ]  Contention: Mark Segment Reset Contention                     9 / 33                5 / 33                5 / 33                5 / 33          ops/s
[2026-04-03T03:25:08.504+0600][30.132s][info][gc,stats    ]  Contention: Mark SeqNum Reset Contention                      0 / 1                 0 / 1                 0 / 1                 0 / 1           ops/s
[2026-04-03T03:25:08.504+0600][30.132s][info][gc,stats    ]    Critical: Allocation Stall                                  0 / 3                 0 / 3                 0 / 3                 0 / 3           ops/s
[2026-04-03T03:25:08.504+0600][30.132s][info][gc,stats    ]    Critical: Allocation Stall                            142.241 / 199.478     142.241 / 199.478     142.241 / 199.478     142.241 / 199.478     ms
[2026-04-03T03:25:08.504+0600][30.132s][info][gc,stats    ]    Critical: GC Locker Stall                                   0 / 0                 0 / 2                 0 / 2                 0 / 2           ops/s
[2026-04-03T03:25:08.504+0600][30.132s][info][gc,stats    ]    Critical: GC Locker Stall                               0.000 / 0.000         0.007 / 0.045         0.007 / 0.045         0.007 / 0.045       ms
[2026-04-03T03:25:08.504+0600][30.132s][info][gc,stats    ]    Critical: Relocation Stall                                  0 / 0                 0 / 0                 0 / 0                 0 / 0           ops/s
[2026-04-03T03:25:08.504+0600][30.132s][info][gc,stats    ]    Critical: Relocation Stall                              0.000 / 0.000         0.000 / 0.000         0.000 / 0.000         0.000 / 0.000       ms
[2026-04-03T03:25:08.504+0600][30.132s][info][gc,stats    ]      Memory: Allocation Rate                                 484 / 708             474 / 2832            474 / 2832            474 / 2832        MB/s
[2026-04-03T03:25:08.504+0600][30.132s][info][gc,stats    ]      Memory: Defragment                                        9 / 73                5 / 73                5 / 73                5 / 73          ops/s
[2026-04-03T03:25:08.504+0600][30.132s][info][gc,stats    ]      Memory: Out Of Memory                                     0 / 0                 0 / 0                 0 / 0                 0 / 0           ops/s
[2026-04-03T03:25:08.504+0600][30.132s][info][gc,stats    ]      Memory: Page Cache Flush                                 43 / 146              18 / 146              18 / 146              18 / 146         MB/s
[2026-04-03T03:25:08.504+0600][30.132s][info][gc,stats    ]      Memory: Page Cache Hit L1                               235 / 349             214 / 1446            214 / 1446            214 / 1446        ops/s
[2026-04-03T03:25:08.504+0600][30.132s][info][gc,stats    ]      Memory: Page Cache Hit L2                                 0 / 0                 0 / 0                 0 / 0                 0 / 0           ops/s
[2026-04-03T03:25:08.504+0600][30.132s][info][gc,stats    ]      Memory: Page Cache Hit L3                                 9 / 65                9 / 79                9 / 79                9 / 79          ops/s
[2026-04-03T03:25:08.504+0600][30.132s][info][gc,stats    ]      Memory: Page Cache Miss                                   3 / 25               11 / 128              11 / 128              11 / 128         ops/s
[2026-04-03T03:25:08.504+0600][30.132s][info][gc,stats    ]      Memory: Uncommit                                          0 / 0                 0 / 0                 0 / 0                 0 / 0           MB/s
[2026-04-03T03:25:08.504+0600][30.132s][info][gc,stats    ]      Memory: Undo Object Allocation Failed                     0 / 0                 0 / 0                 0 / 0                 0 / 0           ops/s
[2026-04-03T03:25:08.504+0600][30.132s][info][gc,stats    ]      Memory: Undo Object Allocation Succeeded                  0 / 1                 0 / 6                 0 / 6                 0 / 6           ops/s
[2026-04-03T03:25:08.504+0600][30.132s][info][gc,stats    ]      Memory: Undo Page Allocation                              0 / 0                 0 / 2                 0 / 2                 0 / 2           ops/s
[2026-04-03T03:25:08.504+0600][30.132s][info][gc,stats    ]       Phase: Concurrent Mark                             621.109 / 931.517     241.526 / 1026.634    241.526 / 1026.634    241.526 / 1026.634    ms
[2026-04-03T03:25:08.504+0600][30.132s][info][gc,stats    ]       Phase: Concurrent Mark Continue                      0.000 / 0.000         0.000 / 0.000         0.000 / 0.000         0.000 / 0.000       ms
[2026-04-03T03:25:08.504+0600][30.132s][info][gc,stats    ]       Phase: Concurrent Mark Free                          0.003 / 0.005         0.003 / 0.005         0.003 / 0.005         0.003 / 0.005       ms
[2026-04-03T03:25:08.504+0600][30.132s][info][gc,stats    ]       Phase: Concurrent Process Non-Strong References     13.418 / 24.642        8.471 / 24.642        8.471 / 24.642        8.471 / 24.642      ms
[2026-04-03T03:25:08.504+0600][30.132s][info][gc,stats    ]       Phase: Concurrent Relocate                          77.973 / 134.615      23.626 / 134.615      23.626 / 134.615      23.626 / 134.615     ms
[2026-04-03T03:25:08.504+0600][30.132s][info][gc,stats    ]       Phase: Concurrent Reset Relocation Set               0.029 / 0.063         0.011 / 0.063         0.011 / 0.063         0.011 / 0.063       ms
[2026-04-03T03:25:08.504+0600][30.132s][info][gc,stats    ]       Phase: Concurrent Select Relocation Set             12.187 / 42.245        5.581 / 42.245        5.581 / 42.245        5.581 / 42.245      ms
[2026-04-03T03:25:08.504+0600][30.132s][info][gc,stats    ]       Phase: Pause Mark End                                0.030 / 0.056         0.038 / 0.198         0.038 / 0.198         0.038 / 0.198       ms
[2026-04-03T03:25:08.505+0600][30.132s][info][gc,stats    ]       Phase: Pause Mark Start                              0.048 / 0.217         0.022 / 0.217         0.022 / 0.217         0.022 / 0.217       ms
[2026-04-03T03:25:08.505+0600][30.132s][info][gc,stats    ]       Phase: Pause Relocate Start                          0.024 / 0.044         0.021 / 0.051         0.021 / 0.051         0.021 / 0.051       ms
[2026-04-03T03:25:08.505+0600][30.133s][info][gc,stats    ]    Subphase: Concurrent Classes Purge                      0.209 / 0.715         0.130 / 0.890         0.130 / 0.890         0.130 / 0.890       ms
[2026-04-03T03:25:08.505+0600][30.133s][info][gc,stats    ]    Subphase: Concurrent Classes Unlink                    11.218 / 22.340        6.649 / 22.340        6.649 / 22.340        6.649 / 22.340      ms
[2026-04-03T03:25:08.505+0600][30.133s][info][gc,stats    ]    Subphase: Concurrent Mark                             623.139 / 930.348     252.802 / 1026.152    252.802 / 1026.152    252.802 / 1026.152    ms
[2026-04-03T03:25:08.505+0600][30.133s][info][gc,stats    ]    Subphase: Concurrent Mark Try Flush                     0.212 / 0.695         0.302 / 20.563        0.302 / 20.563        0.302 / 20.563      ms
[2026-04-03T03:25:08.505+0600][30.133s][info][gc,stats    ]    Subphase: Concurrent Mark Try Terminate                 1.039 / 1.246         1.087 / 1.281         1.087 / 1.281         1.087 / 1.281       ms
[2026-04-03T03:25:08.505+0600][30.133s][info][gc,stats    ]    Subphase: Concurrent References Enqueue                 0.006 / 0.014         0.004 / 0.014         0.004 / 0.014         0.004 / 0.014       ms
[2026-04-03T03:25:08.505+0600][30.133s][info][gc,stats    ]    Subphase: Concurrent References Process                 0.534 / 0.931         0.421 / 0.931         0.421 / 0.931         0.421 / 0.931       ms
[2026-04-03T03:25:08.505+0600][30.133s][info][gc,stats    ]    Subphase: Concurrent Roots ClassLoaderDataGraph         0.263 / 0.750         0.234 / 0.750         0.234 / 0.750         0.234 / 0.750       ms
[2026-04-03T03:25:08.505+0600][30.133s][info][gc,stats    ]    Subphase: Concurrent Roots CodeCache                    0.000 / 0.000         0.000 / 0.000         0.000 / 0.000         0.000 / 0.000       ms
[2026-04-03T03:25:08.505+0600][30.133s][info][gc,stats    ]    Subphase: Concurrent Roots JavaThreads                  0.391 / 0.861         0.432 / 2.260         0.432 / 2.260         0.432 / 2.260       ms
[2026-04-03T03:25:08.505+0600][30.133s][info][gc,stats    ]    Subphase: Concurrent Roots OopStorageSet                0.045 / 0.084         0.044 / 0.136         0.044 / 0.136         0.044 / 0.136       ms
[2026-04-03T03:25:08.505+0600][30.133s][info][gc,stats    ]    Subphase: Concurrent Weak Roots OopStorageSet           0.833 / 1.572         0.732 / 2.311         0.732 / 2.311         0.732 / 2.311       ms
[2026-04-03T03:25:08.505+0600][30.133s][info][gc,stats    ]    Subphase: Pause Mark Try Complete                       0.000 / 0.000         0.004 / 0.008         0.004 / 0.008         0.004 / 0.008       ms
[2026-04-03T03:25:08.505+0600][30.133s][info][gc,stats    ]      System: Java Threads                                     76 / 81               64 / 81               64 / 81               64 / 81          threads
[2026-04-03T03:25:08.505+0600][30.133s][info][gc,stats    ] =========================================================================================================================================================
[2026-04-03T03:25:08.572+0600][30.200s][info][gc,phases   ] GC(45) Concurrent Mark 767.425ms
[2026-04-03T03:25:08.573+0600][30.201s][info][gc,phases   ] GC(45) Pause Mark End 0.035ms
[2026-04-03T03:25:08.573+0600][30.201s][info][gc,phases   ] GC(45) Concurrent Mark Free 0.004ms
[2026-04-03T03:25:08.598+0600][30.226s][info][gc,phases   ] GC(45) Concurrent Process Non-Strong References 24.922ms
[2026-04-03T03:25:08.598+0600][30.226s][info][gc,phases   ] GC(45) Concurrent Reset Relocation Set 0.043ms
[2026-04-03T03:25:08.609+0600][30.237s][info][gc,phases   ] GC(45) Concurrent Select Relocation Set 10.844ms
[2026-04-03T03:25:08.610+0600][30.238s][info][gc,phases   ] GC(45) Pause Relocate Start 0.022ms
[2026-04-03T03:25:08.662+0600][30.290s][info][gc,phases   ] GC(45) Concurrent Relocate 52.113ms
[2026-04-03T03:25:08.662+0600][30.290s][info][gc,load     ] GC(45) Load: 4.37/4.58/5.16
[2026-04-03T03:25:08.662+0600][30.290s][info][gc,mmu      ] GC(45) MMU: 2ms/89.2%, 5ms/95.7%, 10ms/97.8%, 20ms/98.9%, 50ms/99.6%, 100ms/99.8%
[2026-04-03T03:25:08.662+0600][30.290s][info][gc,marking  ] GC(45) Mark: 2 stripe(s), 2 proactive flush(es), 1 terminate flush(es), 0 completion(s), 0 continuation(s) 
[2026-04-03T03:25:08.662+0600][30.290s][info][gc,marking  ] GC(45) Mark Stack Usage: 32M
[2026-04-03T03:25:08.662+0600][30.290s][info][gc,nmethod  ] GC(45) NMethods: 5531 registered, 240 unregistered
[2026-04-03T03:25:08.662+0600][30.290s][info][gc,metaspace] GC(45) Metaspace: 67M used, 69M committed, 1088M reserved
[2026-04-03T03:25:08.662+0600][30.290s][info][gc,ref      ] GC(45) Soft: 3120 encountered, 2688 discovered, 378 enqueued
[2026-04-03T03:25:08.662+0600][30.290s][info][gc,ref      ] GC(45) Weak: 5864 encountered, 1989 discovered, 34 enqueued
[2026-04-03T03:25:08.662+0600][30.290s][info][gc,ref      ] GC(45) Final: 82 encountered, 0 discovered, 0 enqueued
[2026-04-03T03:25:08.662+0600][30.290s][info][gc,ref      ] GC(45) Phantom: 596 encountered, 550 discovered, 0 enqueued
[2026-04-03T03:25:08.662+0600][30.290s][info][gc,reloc    ] GC(45) Small Pages: 311 / 622M, Empty: 10M, Relocated: 26M, In-Place: 0
[2026-04-03T03:25:08.662+0600][30.290s][info][gc,reloc    ] GC(45) Medium Pages: 1 / 32M, Empty: 0M, Relocated: 0M, In-Place: 0
[2026-04-03T03:25:08.662+0600][30.290s][info][gc,reloc    ] GC(45) Large Pages: 7 / 62M, Empty: 12M, Relocated: 0M, In-Place: 0
[2026-04-03T03:25:08.662+0600][30.290s][info][gc,reloc    ] GC(45) Forwarding Usage: 22M
[2026-04-03T03:25:08.662+0600][30.290s][info][gc,heap     ] GC(45) Min Capacity: 8M(1%)
[2026-04-03T03:25:08.662+0600][30.290s][info][gc,heap     ] GC(45) Max Capacity: 1250M(100%)
[2026-04-03T03:25:08.662+0600][30.290s][info][gc,heap     ] GC(45) Soft Max Capacity: 1250M(100%)
[2026-04-03T03:25:08.662+0600][30.290s][info][gc,heap     ] GC(45)                Mark Start          Mark End        Relocate Start      Relocate End           High               Low         
[2026-04-03T03:25:08.662+0600][30.290s][info][gc,heap     ] GC(45)  Capacity:     1250M (100%)       1250M (100%)       1250M (100%)       1250M (100%)       1250M (100%)       1250M (100%)   
[2026-04-03T03:25:08.662+0600][30.290s][info][gc,heap     ] GC(45)      Free:      534M (43%)          94M (8%)           76M (6%)          350M (28%)         534M (43%)          58M (5%)     
[2026-04-03T03:25:08.662+0600][30.290s][info][gc,heap     ] GC(45)      Used:      716M (57%)        1156M (92%)        1174M (94%)         900M (72%)        1192M (95%)         716M (57%)    
[2026-04-03T03:25:08.662+0600][30.290s][info][gc,heap     ] GC(45)      Live:         -               359M (29%)         359M (29%)         359M (29%)            -                  -          
[2026-04-03T03:25:08.662+0600][30.290s][info][gc,heap     ] GC(45) Allocated:         -               440M (35%)         480M (38%)         501M (40%)            -                  -          
[2026-04-03T03:25:08.662+0600][30.290s][info][gc,heap     ] GC(45)   Garbage:         -               356M (29%)         334M (27%)          39M (3%)             -                  -          
[2026-04-03T03:25:08.662+0600][30.290s][info][gc,heap     ] GC(45) Reclaimed:         -                  -                22M (2%)          317M (25%)            -                  -          
[2026-04-03T03:25:08.662+0600][30.290s][info][gc          ] GC(45) Garbage Collection (Allocation Stall) 716M(57%)->900M(72%)
[2026-04-03T03:25:08.704+0600][30.332s][info][gc,start    ] GC(46) Garbage Collection (Allocation Rate)
[2026-04-03T03:25:08.704+0600][30.332s][info][gc,task     ] GC(46) Using 3 workers
[2026-04-03T03:25:08.704+0600][30.332s][info][gc,phases   ] GC(46) Pause Mark Start 0.017ms
[2026-04-03T03:25:09.490+0600][31.118s][info][gc,phases   ] GC(46) Concurrent Mark 785.234ms
[2026-04-03T03:25:09.490+0600][31.118s][info][gc,phases   ] GC(46) Pause Mark End 0.023ms
[2026-04-03T03:25:09.490+0600][31.118s][info][gc,phases   ] GC(46) Concurrent Mark Free 0.002ms
[2026-04-03T03:25:09.497+0600][31.125s][info][gc,phases   ] GC(46) Concurrent Process Non-Strong References 6.951ms
[2026-04-03T03:25:09.497+0600][31.125s][info][gc,phases   ] GC(46) Concurrent Reset Relocation Set 0.014ms
[2026-04-03T03:25:09.500+0600][31.128s][info][gc          ] Allocation Stall (Executor task launch worker for task 0.0 in stage 2.0 (TID 6)) 196.724ms
[2026-04-03T03:25:09.509+0600][31.137s][info][gc,phases   ] GC(46) Concurrent Select Relocation Set 11.635ms
[2026-04-03T03:25:09.509+0600][31.137s][info][gc,phases   ] GC(46) Pause Relocate Start 0.045ms
[2026-04-03T03:25:09.587+0600][31.215s][info][gc,phases   ] GC(46) Concurrent Relocate 77.681ms
[2026-04-03T03:25:09.587+0600][31.215s][info][gc,load     ] GC(46) Load: 4.37/4.58/5.16
[2026-04-03T03:25:09.587+0600][31.215s][info][gc,mmu      ] GC(46) MMU: 2ms/89.2%, 5ms/95.7%, 10ms/97.8%, 20ms/98.9%, 50ms/99.6%, 100ms/99.8%
[2026-04-03T03:25:09.587+0600][31.215s][info][gc,marking  ] GC(46) Mark: 2 stripe(s), 7 proactive flush(es), 1 terminate flush(es), 0 completion(s), 0 continuation(s) 
[2026-04-03T03:25:09.587+0600][31.215s][info][gc,marking  ] GC(46) Mark Stack Usage: 32M
[2026-04-03T03:25:09.587+0600][31.215s][info][gc,nmethod  ] GC(46) NMethods: 5533 registered, 250 unregistered
[2026-04-03T03:25:09.587+0600][31.215s][info][gc,metaspace] GC(46) Metaspace: 67M used, 69M committed, 1088M reserved
[2026-04-03T03:25:09.587+0600][31.215s][info][gc,ref      ] GC(46) Soft: 2742 encountered, 0 discovered, 0 enqueued
[2026-04-03T03:25:09.588+0600][31.215s][info][gc,ref      ] GC(46) Weak: 5548 encountered, 2452 discovered, 1 enqueued
[2026-04-03T03:25:09.588+0600][31.215s][info][gc,ref      ] GC(46) Final: 82 encountered, 0 discovered, 0 enqueued
[2026-04-03T03:25:09.588+0600][31.215s][info][gc,ref      ] GC(46) Phantom: 595 encountered, 539 discovered, 0 enqueued
[2026-04-03T03:25:09.588+0600][31.216s][info][gc,reloc    ] GC(46) Small Pages: 398 / 796M, Empty: 32M, Relocated: 45M, In-Place: 0
[2026-04-03T03:25:09.588+0600][31.216s][info][gc,reloc    ] GC(46) Medium Pages: 1 / 32M, Empty: 0M, Relocated: 0M, In-Place: 0
[2026-04-03T03:25:09.588+0600][31.216s][info][gc,reloc    ] GC(46) Large Pages: 8 / 92M, Empty: 20M, Relocated: 0M, In-Place: 0
[2026-04-03T03:25:09.588+0600][31.216s][info][gc,reloc    ] GC(46) Forwarding Usage: 37M
[2026-04-03T03:25:09.588+0600][31.216s][info][gc,heap     ] GC(46) Min Capacity: 8M(1%)
[2026-04-03T03:25:09.588+0600][31.216s][info][gc,heap     ] GC(46) Max Capacity: 1250M(100%)
[2026-04-03T03:25:09.588+0600][31.216s][info][gc,heap     ] GC(46) Soft Max Capacity: 1250M(100%)
[2026-04-03T03:25:09.588+0600][31.216s][info][gc,heap     ] GC(46)                Mark Start          Mark End        Relocate Start      Relocate End           High               Low         
[2026-04-03T03:25:09.588+0600][31.216s][info][gc,heap     ] GC(46)  Capacity:     1250M (100%)       1250M (100%)       1250M (100%)       1250M (100%)       1250M (100%)       1250M (100%)   
[2026-04-03T03:25:09.588+0600][31.216s][info][gc,heap     ] GC(46)      Free:      330M (26%)           0M (0%)           48M (4%)          478M (38%)         478M (38%)           0M (0%)     
[2026-04-03T03:25:09.588+0600][31.216s][info][gc,heap     ] GC(46)      Used:      920M (74%)        1250M (100%)       1202M (96%)         772M (62%)        1250M (100%)        772M (62%)    
[2026-04-03T03:25:09.588+0600][31.216s][info][gc,heap     ] GC(46)      Live:         -               364M (29%)         364M (29%)         364M (29%)            -                  -          
[2026-04-03T03:25:09.588+0600][31.216s][info][gc,heap     ] GC(46) Allocated:         -               330M (26%)         334M (27%)         355M (28%)            -                  -          
[2026-04-03T03:25:09.588+0600][31.216s][info][gc,heap     ] GC(46)   Garbage:         -               555M (44%)         503M (40%)          51M (4%)             -                  -          
[2026-04-03T03:25:09.588+0600][31.216s][info][gc,heap     ] GC(46) Reclaimed:         -                  -                52M (4%)          503M (40%)            -                  -          
[2026-04-03T03:25:09.588+0600][31.216s][info][gc          ] GC(46) Garbage Collection (Allocation Rate) 920M(74%)->772M(62%)
[2026-04-03T03:25:09.604+0600][31.232s][info][gc,start    ] GC(47) Garbage Collection (Allocation Stall)
[2026-04-03T03:25:09.604+0600][31.232s][info][gc,ref      ] GC(47) Clearing All SoftReferences
[2026-04-03T03:25:09.604+0600][31.232s][info][gc,task     ] GC(47) Using 3 workers
[2026-04-03T03:25:09.604+0600][31.232s][info][gc,ref      ] GC(47) Clearing All SoftReferences
[2026-04-03T03:25:09.604+0600][31.232s][info][gc,phases   ] GC(47) Pause Mark Start 0.084ms
[2026-04-03T03:25:10.309+0600][31.937s][info][gc,phases   ] GC(47) Concurrent Mark 704.390ms
[2026-04-03T03:25:10.309+0600][31.937s][info][gc,phases   ] GC(47) Pause Mark End 0.022ms
[2026-04-03T03:25:10.309+0600][31.937s][info][gc,phases   ] GC(47) Concurrent Mark Free 0.003ms
[2026-04-03T03:25:10.327+0600][31.955s][info][gc,phases   ] GC(47) Concurrent Process Non-Strong References 17.421ms
[2026-04-03T03:25:10.327+0600][31.955s][info][gc,phases   ] GC(47) Concurrent Reset Relocation Set 0.058ms
[2026-04-03T03:25:10.333+0600][31.961s][info][gc,phases   ] GC(47) Concurrent Select Relocation Set 6.390ms
[2026-04-03T03:25:10.334+0600][31.962s][info][gc,phases   ] GC(47) Pause Relocate Start 0.015ms
[2026-04-03T03:25:10.376+0600][32.004s][info][gc,phases   ] GC(47) Concurrent Relocate 42.652ms
[2026-04-03T03:25:10.376+0600][32.004s][info][gc,load     ] GC(47) Load: 4.37/4.58/5.16
[2026-04-03T03:25:10.377+0600][32.004s][info][gc,mmu      ] GC(47) MMU: 2ms/89.2%, 5ms/95.7%, 10ms/97.8%, 20ms/98.9%, 50ms/99.6%, 100ms/99.8%
[2026-04-03T03:25:10.377+0600][32.004s][info][gc,marking  ] GC(47) Mark: 2 stripe(s), 10 proactive flush(es), 1 terminate flush(es), 0 completion(s), 0 continuation(s) 
[2026-04-03T03:25:10.377+0600][32.004s][info][gc,marking  ] GC(47) Mark Stack Usage: 32M
[2026-04-03T03:25:10.377+0600][32.004s][info][gc,nmethod  ] GC(47) NMethods: 5593 registered, 259 unregistered
[2026-04-03T03:25:10.377+0600][32.005s][info][gc,metaspace] GC(47) Metaspace: 67M used, 69M committed, 1088M reserved
[2026-04-03T03:25:10.377+0600][32.005s][info][gc,ref      ] GC(47) Soft: 2742 encountered, 461 discovered, 3 enqueued
[2026-04-03T03:25:10.377+0600][32.005s][info][gc,ref      ] GC(47) Weak: 5540 encountered, 2216 discovered, 1 enqueued
[2026-04-03T03:25:10.377+0600][32.005s][info][gc,ref      ] GC(47) Final: 82 encountered, 0 discovered, 0 enqueued
[2026-04-03T03:25:10.377+0600][32.005s][info][gc,ref      ] GC(47) Phantom: 596 encountered, 540 discovered, 0 enqueued
[2026-04-03T03:25:10.377+0600][32.005s][info][gc,reloc    ] GC(47) Small Pages: 315 / 630M, Empty: 30M, Relocated: 26M, In-Place: 0
[2026-04-03T03:25:10.377+0600][32.005s][info][gc,reloc    ] GC(47) Medium Pages: 2 / 64M, Empty: 0M, Relocated: 15M, In-Place: 0
[2026-04-03T03:25:10.377+0600][32.005s][info][gc,reloc    ] GC(47) Large Pages: 7 / 82M, Empty: 36M, Relocated: 0M, In-Place: 0
[2026-04-03T03:25:10.377+0600][32.005s][info][gc,reloc    ] GC(47) Forwarding Usage: 23M
[2026-04-03T03:25:10.377+0600][32.005s][info][gc,heap     ] GC(47) Min Capacity: 8M(1%)
[2026-04-03T03:25:10.377+0600][32.005s][info][gc,heap     ] GC(47) Max Capacity: 1250M(100%)
[2026-04-03T03:25:10.377+0600][32.005s][info][gc,heap     ] GC(47) Soft Max Capacity: 1250M(100%)
[2026-04-03T03:25:10.377+0600][32.005s][info][gc,heap     ] GC(47)                Mark Start          Mark End        Relocate Start      Relocate End           High               Low         
[2026-04-03T03:25:10.377+0600][32.005s][info][gc,heap     ] GC(47)  Capacity:     1250M (100%)       1250M (100%)       1250M (100%)       1250M (100%)       1250M (100%)       1250M (100%)   
[2026-04-03T03:25:10.377+0600][32.005s][info][gc,heap     ] GC(47)      Free:      474M (38%)         170M (14%)         228M (18%)         592M (47%)         594M (48%)         162M (13%)    
[2026-04-03T03:25:10.377+0600][32.005s][info][gc,heap     ] GC(47)      Used:      776M (62%)        1080M (86%)        1022M (82%)         658M (53%)        1088M (87%)         656M (52%)    
[2026-04-03T03:25:10.377+0600][32.005s][info][gc,heap     ] GC(47)      Live:         -               286M (23%)         286M (23%)         286M (23%)            -                  -          
[2026-04-03T03:25:10.377+0600][32.005s][info][gc,heap     ] GC(47) Allocated:         -               304M (24%)         312M (25%)         325M (26%)            -                  -          
[2026-04-03T03:25:10.377+0600][32.005s][info][gc,heap     ] GC(47)   Garbage:         -               489M (39%)         423M (34%)          45M (4%)             -                  -          
[2026-04-03T03:25:10.377+0600][32.005s][info][gc,heap     ] GC(47) Reclaimed:         -                  -                66M (5%)          443M (35%)            -                  -          
[2026-04-03T03:25:10.377+0600][32.005s][info][gc          ] GC(47) Garbage Collection (Allocation Stall) 776M(62%)->658M(53%)
[2026-04-03T03:25:10.404+0600][32.032s][info][gc,start    ] GC(48) Garbage Collection (Allocation Rate)
[2026-04-03T03:25:10.404+0600][32.032s][info][gc,task     ] GC(48) Using 3 workers
[2026-04-03T03:25:10.404+0600][32.032s][info][gc,phases   ] GC(48) Pause Mark Start 0.023ms
[2026-04-03T03:25:10.717+0600][32.345s][info][gc,phases   ] GC(48) Concurrent Mark 312.572ms
[2026-04-03T03:25:10.717+0600][32.345s][info][gc,phases   ] GC(48) Pause Mark End 0.042ms
[2026-04-03T03:25:10.717+0600][32.345s][info][gc,phases   ] GC(48) Concurrent Mark Free 0.002ms
[2026-04-03T03:25:10.725+0600][32.353s][info][gc,phases   ] GC(48) Concurrent Process Non-Strong References 7.606ms
[2026-04-03T03:25:10.725+0600][32.353s][info][gc,phases   ] GC(48) Concurrent Reset Relocation Set 0.029ms
[2026-04-03T03:25:10.730+0600][32.358s][info][gc,phases   ] GC(48) Concurrent Select Relocation Set 4.787ms
[2026-04-03T03:25:10.730+0600][32.358s][info][gc,phases   ] GC(48) Pause Relocate Start 0.024ms
[2026-04-03T03:25:10.765+0600][32.393s][info][gc,phases   ] GC(48) Concurrent Relocate 35.242ms
[2026-04-03T03:25:10.766+0600][32.393s][info][gc,load     ] GC(48) Load: 4.34/4.57/5.15
[2026-04-03T03:25:10.766+0600][32.393s][info][gc,mmu      ] GC(48) MMU: 2ms/89.2%, 5ms/95.7%, 10ms/97.8%, 20ms/98.9%, 50ms/99.6%, 100ms/99.8%
[2026-04-03T03:25:10.766+0600][32.393s][info][gc,marking  ] GC(48) Mark: 2 stripe(s), 2 proactive flush(es), 1 terminate flush(es), 0 completion(s), 0 continuation(s) 
[2026-04-03T03:25:10.766+0600][32.394s][info][gc,marking  ] GC(48) Mark Stack Usage: 32M
[2026-04-03T03:25:10.766+0600][32.394s][info][gc,nmethod  ] GC(48) NMethods: 5570 registered, 282 unregistered
[2026-04-03T03:25:10.766+0600][32.394s][info][gc,metaspace] GC(48) Metaspace: 67M used, 69M committed, 1088M reserved
[2026-04-03T03:25:10.766+0600][32.394s][info][gc,ref      ] GC(48) Soft: 2893 encountered, 0 discovered, 0 enqueued
[2026-04-03T03:25:10.766+0600][32.394s][info][gc,ref      ] GC(48) Weak: 5734 encountered, 2936 discovered, 177 enqueued
[2026-04-03T03:25:10.766+0600][32.394s][info][gc,ref      ] GC(48) Final: 82 encountered, 1 discovered, 0 enqueued
[2026-04-03T03:25:10.766+0600][32.394s][info][gc,ref      ] GC(48) Phantom: 595 encountered, 523 discovered, 0 enqueued
[2026-04-03T03:25:10.766+0600][32.394s][info][gc,reloc    ] GC(48) Small Pages: 280 / 560M, Empty: 52M, Relocated: 22M, In-Place: 0
[2026-04-03T03:25:10.766+0600][32.394s][info][gc,reloc    ] GC(48) Medium Pages: 2 / 64M, Empty: 32M, Relocated: 0M, In-Place: 0
[2026-04-03T03:25:10.766+0600][32.394s][info][gc,reloc    ] GC(48) Large Pages: 3 / 46M, Empty: 36M, Relocated: 0M, In-Place: 0
[2026-04-03T03:25:10.766+0600][32.394s][info][gc,reloc    ] GC(48) Forwarding Usage: 19M
[2026-04-03T03:25:10.766+0600][32.394s][info][gc,heap     ] GC(48) Min Capacity: 8M(1%)
[2026-04-03T03:25:10.766+0600][32.394s][info][gc,heap     ] GC(48) Max Capacity: 1250M(100%)
[2026-04-03T03:25:10.766+0600][32.394s][info][gc,heap     ] GC(48) Soft Max Capacity: 1250M(100%)
[2026-04-03T03:25:10.766+0600][32.394s][info][gc,heap     ] GC(48)                Mark Start          Mark End        Relocate Start      Relocate End           High               Low         
[2026-04-03T03:25:10.766+0600][32.394s][info][gc,heap     ] GC(48)  Capacity:     1250M (100%)       1250M (100%)       1250M (100%)       1250M (100%)       1250M (100%)       1250M (100%)   
[2026-04-03T03:25:10.766+0600][32.394s][info][gc,heap     ] GC(48)      Free:      580M (46%)         466M (37%)         582M (47%)         888M (71%)         888M (71%)         462M (37%)    
[2026-04-03T03:25:10.766+0600][32.394s][info][gc,heap     ] GC(48)      Used:      670M (54%)         784M (63%)         668M (53%)         362M (29%)         788M (63%)         362M (29%)    
[2026-04-03T03:25:10.766+0600][32.394s][info][gc,heap     ] GC(48)      Live:         -               198M (16%)         198M (16%)         198M (16%)            -                  -          
[2026-04-03T03:25:10.766+0600][32.394s][info][gc,heap     ] GC(48) Allocated:         -               114M (9%)          118M (9%)          127M (10%)            -                  -          
[2026-04-03T03:25:10.766+0600][32.394s][info][gc,heap     ] GC(48)   Garbage:         -               471M (38%)         351M (28%)          35M (3%)             -                  -          
[2026-04-03T03:25:10.766+0600][32.394s][info][gc,heap     ] GC(48) Reclaimed:         -                  -               120M (10%)         435M (35%)            -                  -          
[2026-04-03T03:25:10.766+0600][32.394s][info][gc          ] GC(48) Garbage Collection (Allocation Rate) 670M(54%)->362M(29%)
[2026-04-03T03:25:11.004+0600][32.632s][info][gc,start    ] GC(49) Garbage Collection (Allocation Rate)
[2026-04-03T03:25:11.004+0600][32.632s][info][gc,task     ] GC(49) Using 3 workers
[2026-04-03T03:25:11.005+0600][32.633s][info][gc,phases   ] GC(49) Pause Mark Start 0.025ms
[2026-04-03T03:25:11.321+0600][32.949s][info][gc,phases   ] GC(49) Concurrent Mark 315.952ms
[2026-04-03T03:25:11.321+0600][32.949s][info][gc,phases   ] GC(49) Pause Mark End 0.030ms
[2026-04-03T03:25:11.321+0600][32.949s][info][gc,phases   ] GC(49) Concurrent Mark Free 0.002ms
[2026-04-03T03:25:11.328+0600][32.956s][info][gc,phases   ] GC(49) Concurrent Process Non-Strong References 6.625ms
[2026-04-03T03:25:11.328+0600][32.956s][info][gc,phases   ] GC(49) Concurrent Reset Relocation Set 0.016ms
[2026-04-03T03:25:11.332+0600][32.960s][info][gc,phases   ] GC(49) Concurrent Select Relocation Set 4.616ms
[2026-04-03T03:25:11.333+0600][32.961s][info][gc,phases   ] GC(49) Pause Relocate Start 0.011ms
[2026-04-03T03:25:11.347+0600][32.975s][info][gc,phases   ] GC(49) Concurrent Relocate 14.468ms
[2026-04-03T03:25:11.347+0600][32.975s][info][gc,load     ] GC(49) Load: 4.34/4.57/5.15
[2026-04-03T03:25:11.347+0600][32.975s][info][gc,mmu      ] GC(49) MMU: 2ms/89.2%, 5ms/95.7%, 10ms/97.8%, 20ms/98.9%, 50ms/99.6%, 100ms/99.8%
[2026-04-03T03:25:11.347+0600][32.975s][info][gc,marking  ] GC(49) Mark: 2 stripe(s), 7 proactive flush(es), 1 terminate flush(es), 0 completion(s), 0 continuation(s) 
[2026-04-03T03:25:11.347+0600][32.975s][info][gc,marking  ] GC(49) Mark Stack Usage: 32M
[2026-04-03T03:25:11.347+0600][32.975s][info][gc,nmethod  ] GC(49) NMethods: 5576 registered, 282 unregistered
[2026-04-03T03:25:11.347+0600][32.975s][info][gc,metaspace] GC(49) Metaspace: 67M used, 69M committed, 1088M reserved
[2026-04-03T03:25:11.348+0600][32.975s][info][gc,ref      ] GC(49) Soft: 2893 encountered, 0 discovered, 0 enqueued
[2026-04-03T03:25:11.348+0600][32.975s][info][gc,ref      ] GC(49) Weak: 5557 encountered, 1454 discovered, 0 enqueued
[2026-04-03T03:25:11.348+0600][32.975s][info][gc,ref      ] GC(49) Final: 82 encountered, 0 discovered, 0 enqueued
[2026-04-03T03:25:11.348+0600][32.976s][info][gc,ref      ] GC(49) Phantom: 596 encountered, 545 discovered, 0 enqueued
[2026-04-03T03:25:11.348+0600][32.976s][info][gc,reloc    ] GC(49) Small Pages: 203 / 406M, Empty: 0M, Relocated: 10M, In-Place: 0
[2026-04-03T03:25:11.348+0600][32.976s][info][gc,reloc    ] GC(49) Medium Pages: 1 / 32M, Empty: 0M, Relocated: 0M, In-Place: 0
[2026-04-03T03:25:11.348+0600][32.976s][info][gc,reloc    ] GC(49) Large Pages: 2 / 28M, Empty: 0M, Relocated: 0M, In-Place: 0
[2026-04-03T03:25:11.348+0600][32.976s][info][gc,reloc    ] GC(49) Forwarding Usage: 9M
[2026-04-03T03:25:11.348+0600][32.976s][info][gc,heap     ] GC(49) Min Capacity: 8M(1%)
[2026-04-03T03:25:11.348+0600][32.976s][info][gc,heap     ] GC(49) Max Capacity: 1250M(100%)
[2026-04-03T03:25:11.348+0600][32.976s][info][gc,heap     ] GC(49) Soft Max Capacity: 1250M(100%)
[2026-04-03T03:25:11.348+0600][32.976s][info][gc,heap     ] GC(49)                Mark Start          Mark End        Relocate Start      Relocate End           High               Low         
[2026-04-03T03:25:11.348+0600][32.976s][info][gc,heap     ] GC(49)  Capacity:     1250M (100%)       1250M (100%)       1250M (100%)       1250M (100%)       1250M (100%)       1250M (100%)   
[2026-04-03T03:25:11.348+0600][32.976s][info][gc,heap     ] GC(49)      Free:      784M (63%)         690M (55%)         684M (55%)         886M (71%)         886M (71%)         680M (54%)    
[2026-04-03T03:25:11.348+0600][32.976s][info][gc,heap     ] GC(49)      Used:      466M (37%)         560M (45%)         566M (45%)         364M (29%)         570M (46%)         364M (29%)    
[2026-04-03T03:25:11.348+0600][32.976s][info][gc,heap     ] GC(49)      Live:         -               220M (18%)         220M (18%)         220M (18%)            -                  -          
[2026-04-03T03:25:11.348+0600][32.976s][info][gc,heap     ] GC(49) Allocated:         -                94M (8%)          100M (8%)          105M (8%)             -                  -          
[2026-04-03T03:25:11.348+0600][32.976s][info][gc,heap     ] GC(49)   Garbage:         -               245M (20%)         245M (20%)          37M (3%)             -                  -          
[2026-04-03T03:25:11.348+0600][32.976s][info][gc,heap     ] GC(49) Reclaimed:         -                  -                 0M (0%)          207M (17%)            -                  -          
[2026-04-03T03:25:11.348+0600][32.976s][info][gc          ] GC(49) Garbage Collection (Allocation Rate) 466M(37%)->364M(29%)
[2026-04-03T03:25:12.204+0600][33.832s][info][gc,start    ] GC(50) Garbage Collection (Allocation Rate)
[2026-04-03T03:25:12.204+0600][33.832s][info][gc,task     ] GC(50) Using 3 workers
[2026-04-03T03:25:12.204+0600][33.832s][info][gc,phases   ] GC(50) Pause Mark Start 0.019ms
[2026-04-03T03:25:12.645+0600][34.273s][info][gc,phases   ] GC(50) Concurrent Mark 439.998ms
[2026-04-03T03:25:12.645+0600][34.273s][info][gc,phases   ] GC(50) Pause Mark End 0.039ms
[2026-04-03T03:25:12.645+0600][34.273s][info][gc,phases   ] GC(50) Concurrent Mark Free 0.002ms
[2026-04-03T03:25:12.672+0600][34.300s][info][gc,phases   ] GC(50) Concurrent Process Non-Strong References 27.100ms
[2026-04-03T03:25:12.673+0600][34.301s][info][gc,phases   ] GC(50) Concurrent Reset Relocation Set 0.026ms
[2026-04-03T03:25:12.691+0600][34.319s][info][gc,phases   ] GC(50) Concurrent Select Relocation Set 18.656ms
[2026-04-03T03:25:12.692+0600][34.320s][info][gc,phases   ] GC(50) Pause Relocate Start 0.047ms
[2026-04-03T03:25:12.754+0600][34.382s][info][gc,phases   ] GC(50) Concurrent Relocate 61.668ms
[2026-04-03T03:25:12.754+0600][34.382s][info][gc,load     ] GC(50) Load: 4.34/4.57/5.15
[2026-04-03T03:25:12.754+0600][34.382s][info][gc,mmu      ] GC(50) MMU: 2ms/89.2%, 5ms/95.7%, 10ms/97.8%, 20ms/98.9%, 50ms/99.6%, 100ms/99.8%
[2026-04-03T03:25:12.754+0600][34.382s][info][gc,marking  ] GC(50) Mark: 2 stripe(s), 2 proactive flush(es), 1 terminate flush(es), 0 completion(s), 0 continuation(s) 
[2026-04-03T03:25:12.754+0600][34.382s][info][gc,marking  ] GC(50) Mark Stack Usage: 32M
[2026-04-03T03:25:12.754+0600][34.382s][info][gc,nmethod  ] GC(50) NMethods: 5800 registered, 300 unregistered
[2026-04-03T03:25:12.754+0600][34.382s][info][gc,metaspace] GC(50) Metaspace: 68M used, 69M committed, 1088M reserved
[2026-04-03T03:25:12.754+0600][34.382s][info][gc,ref      ] GC(50) Soft: 3133 encountered, 0 discovered, 0 enqueued
[2026-04-03T03:25:12.754+0600][34.382s][info][gc,ref      ] GC(50) Weak: 6116 encountered, 2687 discovered, 72 enqueued
[2026-04-03T03:25:12.754+0600][34.382s][info][gc,ref      ] GC(50) Final: 82 encountered, 0 discovered, 0 enqueued
[2026-04-03T03:25:12.754+0600][34.382s][info][gc,ref      ] GC(50) Phantom: 595 encountered, 539 discovered, 0 enqueued
[2026-04-03T03:25:12.754+0600][34.382s][info][gc,reloc    ] GC(50) Small Pages: 282 / 564M, Empty: 172M, Relocated: 31M, In-Place: 0
[2026-04-03T03:25:12.754+0600][34.382s][info][gc,reloc    ] GC(50) Medium Pages: 2 / 64M, Empty: 32M, Relocated: 0M, In-Place: 0
[2026-04-03T03:25:12.754+0600][34.382s][info][gc,reloc    ] GC(50) Large Pages: 9 / 82M, Empty: 52M, Relocated: 0M, In-Place: 0
[2026-04-03T03:25:12.754+0600][34.382s][info][gc,reloc    ] GC(50) Forwarding Usage: 30M
[2026-04-03T03:25:12.754+0600][34.382s][info][gc,heap     ] GC(50) Min Capacity: 8M(1%)
[2026-04-03T03:25:12.754+0600][34.382s][info][gc,heap     ] GC(50) Max Capacity: 1250M(100%)
[2026-04-03T03:25:12.754+0600][34.382s][info][gc,heap     ] GC(50) Soft Max Capacity: 1250M(100%)
[2026-04-03T03:25:12.754+0600][34.382s][info][gc,heap     ] GC(50)                Mark Start          Mark End        Relocate Start      Relocate End           High               Low         
[2026-04-03T03:25:12.754+0600][34.382s][info][gc,heap     ] GC(50)  Capacity:     1250M (100%)       1250M (100%)       1250M (100%)       1250M (100%)       1250M (100%)       1250M (100%)   
[2026-04-03T03:25:12.754+0600][34.382s][info][gc,heap     ] GC(50)      Free:      540M (43%)         308M (25%)         550M (44%)         712M (57%)         714M (57%)         300M (24%)    
[2026-04-03T03:25:12.754+0600][34.382s][info][gc,heap     ] GC(50)      Used:      710M (57%)         942M (75%)         700M (56%)         538M (43%)         950M (76%)         536M (43%)    
[2026-04-03T03:25:12.754+0600][34.382s][info][gc,heap     ] GC(50)      Live:         -               221M (18%)         221M (18%)         221M (18%)            -                  -          
[2026-04-03T03:25:12.754+0600][34.382s][info][gc,heap     ] GC(50) Allocated:         -               232M (19%)         246M (20%)         279M (22%)            -                  -          
[2026-04-03T03:25:12.754+0600][34.382s][info][gc,heap     ] GC(50)   Garbage:         -               488M (39%)         232M (19%)          36M (3%)             -                  -          
[2026-04-03T03:25:12.754+0600][34.382s][info][gc,heap     ] GC(50) Reclaimed:         -                  -               256M (20%)         451M (36%)            -                  -          
[2026-04-03T03:25:12.754+0600][34.382s][info][gc          ] GC(50) Garbage Collection (Allocation Rate) 710M(57%)->538M(43%)
[2026-04-03T03:25:12.804+0600][34.432s][info][gc,start    ] GC(51) Garbage Collection (Allocation Rate)
[2026-04-03T03:25:12.804+0600][34.432s][info][gc,task     ] GC(51) Using 3 workers
[2026-04-03T03:25:12.804+0600][34.432s][info][gc,phases   ] GC(51) Pause Mark Start 0.013ms
[2026-04-03T03:25:13.248+0600][34.876s][info][gc,phases   ] GC(51) Concurrent Mark 443.451ms
[2026-04-03T03:25:13.248+0600][34.876s][info][gc,phases   ] GC(51) Pause Mark End 0.031ms
[2026-04-03T03:25:13.249+0600][34.876s][info][gc,phases   ] GC(51) Concurrent Mark Free 0.002ms
[2026-04-03T03:25:13.272+0600][34.900s][info][gc,phases   ] GC(51) Concurrent Process Non-Strong References 23.717ms
[2026-04-03T03:25:13.272+0600][34.900s][info][gc,phases   ] GC(51) Concurrent Reset Relocation Set 0.025ms
[2026-04-03T03:25:13.279+0600][34.907s][info][gc,phases   ] GC(51) Concurrent Select Relocation Set 6.576ms
[2026-04-03T03:25:13.279+0600][34.907s][info][gc,phases   ] GC(51) Pause Relocate Start 0.019ms
[2026-04-03T03:25:13.332+0600][34.960s][info][gc,phases   ] GC(51) Concurrent Relocate 52.259ms
[2026-04-03T03:25:13.332+0600][34.960s][info][gc,load     ] GC(51) Load: 4.34/4.57/5.15
[2026-04-03T03:25:13.332+0600][34.960s][info][gc,mmu      ] GC(51) MMU: 2ms/89.2%, 5ms/95.7%, 10ms/97.8%, 20ms/98.9%, 50ms/99.6%, 100ms/99.8%
[2026-04-03T03:25:13.332+0600][34.960s][info][gc,marking  ] GC(51) Mark: 2 stripe(s), 2 proactive flush(es), 1 terminate flush(es), 0 completion(s), 0 continuation(s) 
[2026-04-03T03:25:13.332+0600][34.960s][info][gc,marking  ] GC(51) Mark Stack Usage: 32M
[2026-04-03T03:25:13.332+0600][34.960s][info][gc,nmethod  ] GC(51) NMethods: 5971 registered, 333 unregistered
[2026-04-03T03:25:13.332+0600][34.960s][info][gc,metaspace] GC(51) Metaspace: 68M used, 69M committed, 1088M reserved
[2026-04-03T03:25:13.332+0600][34.960s][info][gc,ref      ] GC(51) Soft: 3223 encountered, 0 discovered, 0 enqueued
[2026-04-03T03:25:13.332+0600][34.960s][info][gc,ref      ] GC(51) Weak: 6379 encountered, 2622 discovered, 358 enqueued
[2026-04-03T03:25:13.332+0600][34.960s][info][gc,ref      ] GC(51) Final: 82 encountered, 0 discovered, 0 enqueued
[2026-04-03T03:25:13.332+0600][34.960s][info][gc,ref      ] GC(51) Phantom: 596 encountered, 525 discovered, 0 enqueued
[2026-04-03T03:25:13.332+0600][34.960s][info][gc,reloc    ] GC(51) Small Pages: 210 / 420M, Empty: 40M, Relocated: 27M, In-Place: 0
[2026-04-03T03:25:13.332+0600][34.960s][info][gc,reloc    ] GC(51) Medium Pages: 2 / 64M, Empty: 32M, Relocated: 0M, In-Place: 0
[2026-04-03T03:25:13.332+0600][34.960s][info][gc,reloc    ] GC(51) Large Pages: 10 / 84M, Empty: 54M, Relocated: 0M, In-Place: 0
[2026-04-03T03:25:13.332+0600][34.960s][info][gc,reloc    ] GC(51) Forwarding Usage: 27M
[2026-04-03T03:25:13.332+0600][34.960s][info][gc,heap     ] GC(51) Min Capacity: 8M(1%)
[2026-04-03T03:25:13.332+0600][34.960s][info][gc,heap     ] GC(51) Max Capacity: 1250M(100%)
[2026-04-03T03:25:13.332+0600][34.960s][info][gc,heap     ] GC(51) Soft Max Capacity: 1250M(100%)
[2026-04-03T03:25:13.332+0600][34.960s][info][gc,heap     ] GC(51)                Mark Start          Mark End        Relocate Start      Relocate End           High               Low         
[2026-04-03T03:25:13.332+0600][34.960s][info][gc,heap     ] GC(51)  Capacity:     1250M (100%)       1250M (100%)       1250M (100%)       1250M (100%)       1250M (100%)       1250M (100%)   
[2026-04-03T03:25:13.332+0600][34.960s][info][gc,heap     ] GC(51)      Free:      682M (55%)         428M (34%)         534M (43%)         706M (56%)         706M (56%)         408M (33%)    
[2026-04-03T03:25:13.332+0600][34.960s][info][gc,heap     ] GC(51)      Used:      568M (45%)         822M (66%)         716M (57%)         544M (44%)         842M (67%)         544M (44%)    
[2026-04-03T03:25:13.332+0600][34.960s][info][gc,heap     ] GC(51)      Live:         -               221M (18%)         221M (18%)         221M (18%)            -                  -          
[2026-04-03T03:25:13.332+0600][34.960s][info][gc,heap     ] GC(51) Allocated:         -               254M (20%)         274M (22%)         287M (23%)            -                  -          
[2026-04-03T03:25:13.332+0600][34.960s][info][gc,heap     ] GC(51)   Garbage:         -               346M (28%)         220M (18%)          34M (3%)             -                  -          
[2026-04-03T03:25:13.332+0600][34.960s][info][gc,heap     ] GC(51) Reclaimed:         -                  -               126M (10%)         311M (25%)            -                  -          
[2026-04-03T03:25:13.332+0600][34.960s][info][gc          ] GC(51) Garbage Collection (Allocation Rate) 568M(45%)->544M(44%)
[2026-04-03T03:25:13.704+0600][35.332s][info][gc,start    ] GC(52) Garbage Collection (Allocation Rate)
[2026-04-03T03:25:13.704+0600][35.332s][info][gc,task     ] GC(52) Using 3 workers
[2026-04-03T03:25:13.704+0600][35.332s][info][gc,phases   ] GC(52) Pause Mark Start 0.010ms
[2026-04-03T03:25:14.106+0600][35.734s][info][gc,phases   ] GC(52) Concurrent Mark 401.230ms
[2026-04-03T03:25:14.106+0600][35.734s][info][gc,phases   ] GC(52) Pause Mark End 0.030ms
[2026-04-03T03:25:14.106+0600][35.734s][info][gc,phases   ] GC(52) Concurrent Mark Free 0.002ms
[2026-04-03T03:25:14.130+0600][35.758s][info][gc,phases   ] GC(52) Concurrent Process Non-Strong References 23.549ms
[2026-04-03T03:25:14.130+0600][35.758s][info][gc,phases   ] GC(52) Concurrent Reset Relocation Set 0.013ms
[2026-04-03T03:25:14.137+0600][35.765s][info][gc,phases   ] GC(52) Concurrent Select Relocation Set 7.557ms
[2026-04-03T03:25:14.138+0600][35.766s][info][gc,phases   ] GC(52) Pause Relocate Start 0.019ms
[2026-04-03T03:25:14.193+0600][35.821s][info][gc,phases   ] GC(52) Concurrent Relocate 54.715ms
[2026-04-03T03:25:14.193+0600][35.821s][info][gc,load     ] GC(52) Load: 4.34/4.57/5.15
[2026-04-03T03:25:14.193+0600][35.821s][info][gc,mmu      ] GC(52) MMU: 2ms/89.2%, 5ms/95.7%, 10ms/97.8%, 20ms/98.9%, 50ms/99.6%, 100ms/99.8%
[2026-04-03T03:25:14.193+0600][35.821s][info][gc,marking  ] GC(52) Mark: 2 stripe(s), 2 proactive flush(es), 1 terminate flush(es), 0 completion(s), 0 continuation(s) 
[2026-04-03T03:25:14.193+0600][35.821s][info][gc,marking  ] GC(52) Mark Stack Usage: 32M
[2026-04-03T03:25:14.193+0600][35.821s][info][gc,nmethod  ] GC(52) NMethods: 6067 registered, 374 unregistered
[2026-04-03T03:25:14.193+0600][35.821s][info][gc,metaspace] GC(52) Metaspace: 68M used, 69M committed, 1088M reserved
[2026-04-03T03:25:14.193+0600][35.821s][info][gc,ref      ] GC(52) Soft: 3264 encountered, 0 discovered, 0 enqueued
[2026-04-03T03:25:14.193+0600][35.821s][info][gc,ref      ] GC(52) Weak: 6224 encountered, 3103 discovered, 173 enqueued
[2026-04-03T03:25:14.193+0600][35.821s][info][gc,ref      ] GC(52) Final: 82 encountered, 0 discovered, 0 enqueued
[2026-04-03T03:25:14.193+0600][35.821s][info][gc,ref      ] GC(52) Phantom: 603 encountered, 528 discovered, 0 enqueued
[2026-04-03T03:25:14.193+0600][35.821s][info][gc,reloc    ] GC(52) Small Pages: 292 / 584M, Empty: 176M, Relocated: 33M, In-Place: 0
[2026-04-03T03:25:14.193+0600][35.821s][info][gc,reloc    ] GC(52) Medium Pages: 2 / 64M, Empty: 32M, Relocated: 0M, In-Place: 0
[2026-04-03T03:25:14.193+0600][35.821s][info][gc,reloc    ] GC(52) Large Pages: 10 / 84M, Empty: 54M, Relocated: 0M, In-Place: 0
[2026-04-03T03:25:14.193+0600][35.821s][info][gc,reloc    ] GC(52) Forwarding Usage: 31M
[2026-04-03T03:25:14.193+0600][35.821s][info][gc,heap     ] GC(52) Min Capacity: 8M(1%)
[2026-04-03T03:25:14.193+0600][35.821s][info][gc,heap     ] GC(52) Max Capacity: 1250M(100%)
[2026-04-03T03:25:14.193+0600][35.821s][info][gc,heap     ] GC(52) Soft Max Capacity: 1250M(100%)
[2026-04-03T03:25:14.193+0600][35.821s][info][gc,heap     ] GC(52)                Mark Start          Mark End        Relocate Start      Relocate End           High               Low         
[2026-04-03T03:25:14.193+0600][35.821s][info][gc,heap     ] GC(52)  Capacity:     1250M (100%)       1250M (100%)       1250M (100%)       1250M (100%)       1250M (100%)       1250M (100%)   
[2026-04-03T03:25:14.193+0600][35.821s][info][gc,heap     ] GC(52)      Free:      518M (41%)         262M (21%)         482M (39%)         612M (49%)         618M (49%)         230M (18%)    
[2026-04-03T03:25:14.193+0600][35.821s][info][gc,heap     ] GC(52)      Used:      732M (59%)         988M (79%)         768M (61%)         638M (51%)        1020M (82%)         632M (51%)    
[2026-04-03T03:25:14.193+0600][35.821s][info][gc,heap     ] GC(52)      Live:         -               223M (18%)         223M (18%)         223M (18%)            -                  -          
[2026-04-03T03:25:14.193+0600][35.821s][info][gc,heap     ] GC(52) Allocated:         -               256M (20%)         298M (24%)         381M (31%)            -                  -          
[2026-04-03T03:25:14.193+0600][35.821s][info][gc,heap     ] GC(52)   Garbage:         -               508M (41%)         246M (20%)          32M (3%)             -                  -          
[2026-04-03T03:25:14.193+0600][35.821s][info][gc,heap     ] GC(52) Reclaimed:         -                  -               262M (21%)         475M (38%)            -                  -          
[2026-04-03T03:25:14.193+0600][35.821s][info][gc          ] GC(52) Garbage Collection (Allocation Rate) 732M(59%)->638M(51%)
[2026-04-03T03:25:14.204+0600][35.832s][info][gc,start    ] GC(53) Garbage Collection (Allocation Rate)
[2026-04-03T03:25:14.204+0600][35.832s][info][gc,task     ] GC(53) Using 3 workers
[2026-04-03T03:25:14.204+0600][35.832s][info][gc,phases   ] GC(53) Pause Mark Start 0.040ms
[2026-04-03T03:25:14.564+0600][36.192s][info][gc,phases   ] GC(53) Concurrent Mark 359.628ms
[2026-04-03T03:25:14.564+0600][36.192s][info][gc,phases   ] GC(53) Pause Mark End 0.061ms
[2026-04-03T03:25:14.564+0600][36.192s][info][gc,phases   ] GC(53) Concurrent Mark Free 0.003ms
[2026-04-03T03:25:14.575+0600][36.203s][info][gc,phases   ] GC(53) Concurrent Process Non-Strong References 10.932ms
[2026-04-03T03:25:14.576+0600][36.203s][info][gc,phases   ] GC(53) Concurrent Reset Relocation Set 0.033ms
[2026-04-03T03:25:14.584+0600][36.212s][info][gc,phases   ] GC(53) Concurrent Select Relocation Set 8.123ms
[2026-04-03T03:25:14.584+0600][36.212s][info][gc,phases   ] GC(53) Pause Relocate Start 0.021ms
[2026-04-03T03:25:14.649+0600][36.277s][info][gc,phases   ] GC(53) Concurrent Relocate 64.278ms
[2026-04-03T03:25:14.649+0600][36.277s][info][gc,load     ] GC(53) Load: 4.34/4.57/5.15
[2026-04-03T03:25:14.649+0600][36.277s][info][gc,mmu      ] GC(53) MMU: 2ms/89.2%, 5ms/95.7%, 10ms/97.8%, 20ms/98.9%, 50ms/99.6%, 100ms/99.8%
[2026-04-03T03:25:14.649+0600][36.277s][info][gc,marking  ] GC(53) Mark: 2 stripe(s), 3 proactive flush(es), 1 terminate flush(es), 0 completion(s), 0 continuation(s) 
[2026-04-03T03:25:14.649+0600][36.277s][info][gc,marking  ] GC(53) Mark Stack Usage: 32M
[2026-04-03T03:25:14.649+0600][36.277s][info][gc,nmethod  ] GC(53) NMethods: 6074 registered, 391 unregistered
[2026-04-03T03:25:14.649+0600][36.277s][info][gc,metaspace] GC(53) Metaspace: 68M used, 69M committed, 1088M reserved
[2026-04-03T03:25:14.649+0600][36.277s][info][gc,ref      ] GC(53) Soft: 3261 encountered, 0 discovered, 0 enqueued
[2026-04-03T03:25:14.649+0600][36.277s][info][gc,ref      ] GC(53) Weak: 6149 encountered, 3060 discovered, 93 enqueued
[2026-04-03T03:25:14.649+0600][36.277s][info][gc,ref      ] GC(53) Final: 82 encountered, 2 discovered, 0 enqueued
[2026-04-03T03:25:14.649+0600][36.277s][info][gc,ref      ] GC(53) Phantom: 595 encountered, 560 discovered, 0 enqueued
[2026-04-03T03:25:14.649+0600][36.277s][info][gc,reloc    ] GC(53) Small Pages: 278 / 556M, Empty: 74M, Relocated: 26M, In-Place: 0
[2026-04-03T03:25:14.649+0600][36.277s][info][gc,reloc    ] GC(53) Medium Pages: 2 / 64M, Empty: 0M, Relocated: 16M, In-Place: 0
[2026-04-03T03:25:14.649+0600][36.277s][info][gc,reloc    ] GC(53) Large Pages: 4 / 36M, Empty: 36M, Relocated: 0M, In-Place: 0
[2026-04-03T03:25:14.649+0600][36.277s][info][gc,reloc    ] GC(53) Forwarding Usage: 23M
[2026-04-03T03:25:14.649+0600][36.277s][info][gc,heap     ] GC(53) Min Capacity: 8M(1%)
[2026-04-03T03:25:14.649+0600][36.277s][info][gc,heap     ] GC(53) Max Capacity: 1250M(100%)
[2026-04-03T03:25:14.649+0600][36.277s][info][gc,heap     ] GC(53) Soft Max Capacity: 1250M(100%)
[2026-04-03T03:25:14.649+0600][36.277s][info][gc,heap     ] GC(53)                Mark Start          Mark End        Relocate Start      Relocate End           High               Low         
[2026-04-03T03:25:14.649+0600][36.277s][info][gc,heap     ] GC(53)  Capacity:     1250M (100%)       1250M (100%)       1250M (100%)       1250M (100%)       1250M (100%)       1250M (100%)   
[2026-04-03T03:25:14.649+0600][36.277s][info][gc,heap     ] GC(53)      Free:      594M (48%)         126M (10%)         226M (18%)         538M (43%)         594M (48%)         118M (9%)     
[2026-04-03T03:25:14.649+0600][36.277s][info][gc,heap     ] GC(53)      Used:      656M (52%)        1124M (90%)        1024M (82%)         712M (57%)        1132M (91%)         656M (52%)    
[2026-04-03T03:25:14.649+0600][36.277s][info][gc,heap     ] GC(53)      Live:         -               196M (16%)         196M (16%)         196M (16%)            -                  -          
[2026-04-03T03:25:14.649+0600][36.277s][info][gc,heap     ] GC(53) Allocated:         -               468M (37%)         478M (38%)         486M (39%)            -                  -          
[2026-04-03T03:25:14.649+0600][36.277s][info][gc,heap     ] GC(53)   Garbage:         -               459M (37%)         349M (28%)          29M (2%)             -                  -          
[2026-04-03T03:25:14.649+0600][36.277s][info][gc,heap     ] GC(53) Reclaimed:         -                  -               110M (9%)          430M (34%)            -                  -          
[2026-04-03T03:25:14.649+0600][36.277s][info][gc          ] GC(53) Garbage Collection (Allocation Rate) 656M(52%)->712M(57%)
[2026-04-03T03:25:14.704+0600][36.332s][info][gc,start    ] GC(54) Garbage Collection (Allocation Rate)
[2026-04-03T03:25:14.704+0600][36.332s][info][gc,task     ] GC(54) Using 3 workers
[2026-04-03T03:25:14.705+0600][36.333s][info][gc,phases   ] GC(54) Pause Mark Start 0.020ms
[2026-04-03T03:25:15.426+0600][37.054s][info][gc,phases   ] GC(54) Concurrent Mark 721.404ms
[2026-04-03T03:25:15.427+0600][37.055s][info][gc,phases   ] GC(54) Pause Mark End 0.059ms
[2026-04-03T03:25:15.427+0600][37.055s][info][gc,phases   ] GC(54) Concurrent Mark Free 0.002ms
[2026-04-03T03:25:15.438+0600][37.066s][info][gc,phases   ] GC(54) Concurrent Process Non-Strong References 10.859ms
[2026-04-03T03:25:15.438+0600][37.066s][info][gc,phases   ] GC(54) Concurrent Reset Relocation Set 0.044ms
[2026-04-03T03:25:15.463+0600][37.091s][info][gc,phases   ] GC(54) Concurrent Select Relocation Set 24.860ms
[2026-04-03T03:25:15.463+0600][37.091s][info][gc,phases   ] GC(54) Pause Relocate Start 0.037ms
[2026-04-03T03:25:15.599+0600][37.227s][info][gc,phases   ] GC(54) Concurrent Relocate 135.169ms
[2026-04-03T03:25:15.599+0600][37.227s][info][gc,load     ] GC(54) Load: 4.55/4.61/5.16
[2026-04-03T03:25:15.599+0600][37.227s][info][gc,mmu      ] GC(54) MMU: 2ms/89.2%, 5ms/95.7%, 10ms/97.8%, 20ms/98.9%, 50ms/99.6%, 100ms/99.8%
[2026-04-03T03:25:15.599+0600][37.227s][info][gc,marking  ] GC(54) Mark: 2 stripe(s), 2 proactive flush(es), 1 terminate flush(es), 0 completion(s), 0 continuation(s) 
[2026-04-03T03:25:15.599+0600][37.227s][info][gc,marking  ] GC(54) Mark Stack Usage: 32M
[2026-04-03T03:25:15.599+0600][37.227s][info][gc,nmethod  ] GC(54) NMethods: 6156 registered, 409 unregistered
[2026-04-03T03:25:15.599+0600][37.227s][info][gc,metaspace] GC(54) Metaspace: 69M used, 70M committed, 1088M reserved
[2026-04-03T03:25:15.599+0600][37.227s][info][gc,ref      ] GC(54) Soft: 3261 encountered, 0 discovered, 0 enqueued
[2026-04-03T03:25:15.599+0600][37.227s][info][gc,ref      ] GC(54) Weak: 6068 encountered, 4195 discovered, 4 enqueued
[2026-04-03T03:25:15.599+0600][37.227s][info][gc,ref      ] GC(54) Final: 82 encountered, 0 discovered, 0 enqueued
[2026-04-03T03:25:15.599+0600][37.227s][info][gc,ref      ] GC(54) Phantom: 595 encountered, 541 discovered, 0 enqueued
[2026-04-03T03:25:15.599+0600][37.227s][info][gc,reloc    ] GC(54) Small Pages: 315 / 630M, Empty: 0M, Relocated: 54M, In-Place: 0
[2026-04-03T03:25:15.599+0600][37.227s][info][gc,reloc    ] GC(54) Medium Pages: 2 / 64M, Empty: 0M, Relocated: 14M, In-Place: 0
[2026-04-03T03:25:15.599+0600][37.227s][info][gc,reloc    ] GC(54) Large Pages: 3 / 18M, Empty: 0M, Relocated: 0M, In-Place: 0
[2026-04-03T03:25:15.599+0600][37.227s][info][gc,reloc    ] GC(54) Forwarding Usage: 51M
[2026-04-03T03:25:15.599+0600][37.227s][info][gc,heap     ] GC(54) Min Capacity: 8M(1%)
[2026-04-03T03:25:15.599+0600][37.227s][info][gc,heap     ] GC(54) Max Capacity: 1250M(100%)
[2026-04-03T03:25:15.599+0600][37.227s][info][gc,heap     ] GC(54) Soft Max Capacity: 1250M(100%)
[2026-04-03T03:25:15.599+0600][37.227s][info][gc,heap     ] GC(54)                Mark Start          Mark End        Relocate Start      Relocate End           High               Low         
[2026-04-03T03:25:15.599+0600][37.227s][info][gc,heap     ] GC(54)  Capacity:     1250M (100%)       1250M (100%)       1250M (100%)       1250M (100%)       1250M (100%)       1250M (100%)   
[2026-04-03T03:25:15.599+0600][37.227s][info][gc,heap     ] GC(54)      Free:      538M (43%)         356M (28%)         356M (28%)         768M (61%)         768M (61%)         322M (26%)    
[2026-04-03T03:25:15.599+0600][37.227s][info][gc,heap     ] GC(54)      Used:      712M (57%)         894M (72%)         894M (72%)         482M (39%)         928M (74%)         482M (39%)    
[2026-04-03T03:25:15.599+0600][37.227s][info][gc,heap     ] GC(54)      Live:         -               263M (21%)         263M (21%)         263M (21%)            -                  -          
[2026-04-03T03:25:15.599+0600][37.227s][info][gc,heap     ] GC(54) Allocated:         -               182M (15%)         182M (15%)         187M (15%)            -                  -          
[2026-04-03T03:25:15.599+0600][37.227s][info][gc,heap     ] GC(54)   Garbage:         -               448M (36%)         448M (36%)          31M (3%)             -                  -          
[2026-04-03T03:25:15.599+0600][37.227s][info][gc,heap     ] GC(54) Reclaimed:         -                  -                 0M (0%)          417M (33%)            -                  -          
[2026-04-03T03:25:15.599+0600][37.227s][info][gc          ] GC(54) Garbage Collection (Allocation Rate) 712M(57%)->482M(39%)
[2026-04-03T03:25:15.603+0600][37.231s][info][gc,start    ] GC(55) Garbage Collection (Allocation Rate)
[2026-04-03T03:25:15.604+0600][37.232s][info][gc,task     ] GC(55) Using 3 workers
[2026-04-03T03:25:15.604+0600][37.232s][info][gc,phases   ] GC(55) Pause Mark Start 0.025ms
[2026-04-03T03:25:16.148+0600][37.776s][info][gc,phases   ] GC(55) Concurrent Mark 543.603ms
[2026-04-03T03:25:16.148+0600][37.776s][info][gc,phases   ] GC(55) Pause Mark End 0.033ms
[2026-04-03T03:25:16.148+0600][37.776s][info][gc,phases   ] GC(55) Concurrent Mark Free 0.003ms
[2026-04-03T03:25:16.157+0600][37.785s][info][gc,phases   ] GC(55) Concurrent Process Non-Strong References 8.905ms
[2026-04-03T03:25:16.157+0600][37.785s][info][gc,phases   ] GC(55) Concurrent Reset Relocation Set 0.029ms
[2026-04-03T03:25:16.165+0600][37.793s][info][gc,phases   ] GC(55) Concurrent Select Relocation Set 7.399ms
[2026-04-03T03:25:16.165+0600][37.793s][info][gc,phases   ] GC(55) Pause Relocate Start 0.018ms
[2026-04-03T03:25:16.224+0600][37.852s][info][gc,phases   ] GC(55) Concurrent Relocate 58.593ms
[2026-04-03T03:25:16.224+0600][37.852s][info][gc,load     ] GC(55) Load: 4.55/4.61/5.16
[2026-04-03T03:25:16.224+0600][37.852s][info][gc,mmu      ] GC(55) MMU: 2ms/89.2%, 5ms/95.7%, 10ms/97.8%, 20ms/98.9%, 50ms/99.6%, 100ms/99.8%
[2026-04-03T03:25:16.224+0600][37.852s][info][gc,marking  ] GC(55) Mark: 2 stripe(s), 10 proactive flush(es), 1 terminate flush(es), 0 completion(s), 0 continuation(s) 
[2026-04-03T03:25:16.224+0600][37.852s][info][gc,marking  ] GC(55) Mark Stack Usage: 32M
[2026-04-03T03:25:16.224+0600][37.852s][info][gc,nmethod  ] GC(55) NMethods: 6314 registered, 453 unregistered
[2026-04-03T03:25:16.224+0600][37.852s][info][gc,metaspace] GC(55) Metaspace: 70M used, 71M committed, 1088M reserved
[2026-04-03T03:25:16.224+0600][37.852s][info][gc,ref      ] GC(55) Soft: 3297 encountered, 0 discovered, 0 enqueued
[2026-04-03T03:25:16.224+0600][37.852s][info][gc,ref      ] GC(55) Weak: 6201 encountered, 3692 discovered, 58 enqueued
[2026-04-03T03:25:16.224+0600][37.852s][info][gc,ref      ] GC(55) Final: 82 encountered, 0 discovered, 0 enqueued
[2026-04-03T03:25:16.224+0600][37.852s][info][gc,ref      ] GC(55) Phantom: 595 encountered, 575 discovered, 0 enqueued
[2026-04-03T03:25:16.224+0600][37.852s][info][gc,reloc    ] GC(55) Small Pages: 159 / 318M, Empty: 34M, Relocated: 33M, In-Place: 0
[2026-04-03T03:25:16.224+0600][37.852s][info][gc,reloc    ] GC(55) Medium Pages: 4 / 128M, Empty: 0M, Relocated: 23M, In-Place: 0
[2026-04-03T03:25:16.224+0600][37.852s][info][gc,reloc    ] GC(55) Large Pages: 6 / 36M, Empty: 24M, Relocated: 0M, In-Place: 0
[2026-04-03T03:25:16.224+0600][37.852s][info][gc,reloc    ] GC(55) Forwarding Usage: 30M
[2026-04-03T03:25:16.224+0600][37.852s][info][gc,heap     ] GC(55) Min Capacity: 8M(1%)
[2026-04-03T03:25:16.224+0600][37.852s][info][gc,heap     ] GC(55) Max Capacity: 1250M(100%)
[2026-04-03T03:25:16.224+0600][37.852s][info][gc,heap     ] GC(55) Soft Max Capacity: 1250M(100%)
[2026-04-03T03:25:16.224+0600][37.852s][info][gc,heap     ] GC(55)                Mark Start          Mark End        Relocate Start      Relocate End           High               Low         
[2026-04-03T03:25:16.224+0600][37.852s][info][gc,heap     ] GC(55)  Capacity:     1250M (100%)       1250M (100%)       1250M (100%)       1250M (100%)       1250M (100%)       1250M (100%)   
[2026-04-03T03:25:16.224+0600][37.852s][info][gc,heap     ] GC(55)      Free:      768M (61%)         326M (26%)         358M (29%)         442M (35%)         768M (61%)         308M (25%)    
[2026-04-03T03:25:16.224+0600][37.852s][info][gc,heap     ] GC(55)      Used:      482M (39%)         924M (74%)         892M (71%)         808M (65%)         942M (75%)         482M (39%)    
[2026-04-03T03:25:16.224+0600][37.852s][info][gc,heap     ] GC(55)      Live:         -               235M (19%)         235M (19%)         235M (19%)            -                  -          
[2026-04-03T03:25:16.224+0600][37.852s][info][gc,heap     ] GC(55) Allocated:         -               442M (35%)         468M (37%)         531M (43%)            -                  -          
[2026-04-03T03:25:16.224+0600][37.852s][info][gc,heap     ] GC(55)   Garbage:         -               246M (20%)         188M (15%)          40M (3%)             -                  -          
[2026-04-03T03:25:16.224+0600][37.852s][info][gc,heap     ] GC(55) Reclaimed:         -                  -                58M (5%)          205M (16%)            -                  -          
[2026-04-03T03:25:16.224+0600][37.852s][info][gc          ] GC(55) Garbage Collection (Allocation Rate) 482M(39%)->808M(65%)
[2026-04-03T03:25:16.303+0600][37.931s][info][gc,start    ] GC(56) Garbage Collection (Allocation Rate)
[2026-04-03T03:25:16.303+0600][37.931s][info][gc,task     ] GC(56) Using 3 workers
[2026-04-03T03:25:16.304+0600][37.932s][info][gc,phases   ] GC(56) Pause Mark Start 0.020ms
[2026-04-03T03:25:16.679+0600][38.307s][info][gc,phases   ] GC(56) Concurrent Mark 375.563ms
[2026-04-03T03:25:16.680+0600][38.308s][info][gc,phases   ] GC(56) Pause Mark End 0.056ms
[2026-04-03T03:25:16.680+0600][38.308s][info][gc,phases   ] GC(56) Concurrent Mark Free 0.004ms
[2026-04-03T03:25:16.690+0600][38.318s][info][gc,phases   ] GC(56) Concurrent Process Non-Strong References 10.040ms
[2026-04-03T03:25:16.690+0600][38.318s][info][gc,phases   ] GC(56) Concurrent Reset Relocation Set 0.008ms
[2026-04-03T03:25:16.704+0600][38.332s][info][gc,phases   ] GC(56) Concurrent Select Relocation Set 14.146ms
[2026-04-03T03:25:16.705+0600][38.333s][info][gc,phases   ] GC(56) Pause Relocate Start 0.016ms
[2026-04-03T03:25:16.780+0600][38.408s][info][gc,phases   ] GC(56) Concurrent Relocate 74.427ms
[2026-04-03T03:25:16.780+0600][38.408s][info][gc,load     ] GC(56) Load: 4.55/4.61/5.16
[2026-04-03T03:25:16.780+0600][38.408s][info][gc,mmu      ] GC(56) MMU: 2ms/89.2%, 5ms/95.7%, 10ms/97.8%, 20ms/98.9%, 50ms/99.6%, 100ms/99.8%
[2026-04-03T03:25:16.780+0600][38.408s][info][gc,marking  ] GC(56) Mark: 2 stripe(s), 3 proactive flush(es), 1 terminate flush(es), 0 completion(s), 0 continuation(s) 
[2026-04-03T03:25:16.780+0600][38.408s][info][gc,marking  ] GC(56) Mark Stack Usage: 32M
[2026-04-03T03:25:16.780+0600][38.408s][info][gc,nmethod  ] GC(56) NMethods: 6358 registered, 481 unregistered
[2026-04-03T03:25:16.780+0600][38.408s][info][gc,metaspace] GC(56) Metaspace: 70M used, 71M committed, 1088M reserved
[2026-04-03T03:25:16.780+0600][38.408s][info][gc,ref      ] GC(56) Soft: 3321 encountered, 0 discovered, 0 enqueued
[2026-04-03T03:25:16.780+0600][38.408s][info][gc,ref      ] GC(56) Weak: 6278 encountered, 2733 discovered, 170 enqueued
[2026-04-03T03:25:16.780+0600][38.408s][info][gc,ref      ] GC(56) Final: 84 encountered, 3 discovered, 0 enqueued
[2026-04-03T03:25:16.780+0600][38.408s][info][gc,ref      ] GC(56) Phantom: 600 encountered, 540 discovered, 0 enqueued
[2026-04-03T03:25:16.780+0600][38.408s][info][gc,reloc    ] GC(56) Small Pages: 290 / 580M, Empty: 16M, Relocated: 48M, In-Place: 0
[2026-04-03T03:25:16.780+0600][38.408s][info][gc,reloc    ] GC(56) Medium Pages: 5 / 160M, Empty: 128M, Relocated: 0M, In-Place: 0
[2026-04-03T03:25:16.780+0600][38.408s][info][gc,reloc    ] GC(56) Large Pages: 16 / 100M, Empty: 88M, Relocated: 0M, In-Place: 0
[2026-04-03T03:25:16.780+0600][38.408s][info][gc,reloc    ] GC(56) Forwarding Usage: 46M
[2026-04-03T03:25:16.780+0600][38.408s][info][gc,heap     ] GC(56) Min Capacity: 8M(1%)
[2026-04-03T03:25:16.780+0600][38.408s][info][gc,heap     ] GC(56) Max Capacity: 1250M(100%)
[2026-04-03T03:25:16.780+0600][38.408s][info][gc,heap     ] GC(56) Soft Max Capacity: 1250M(100%)
[2026-04-03T03:25:16.780+0600][38.408s][info][gc,heap     ] GC(56)                Mark Start          Mark End        Relocate Start      Relocate End           High               Low         
[2026-04-03T03:25:16.780+0600][38.408s][info][gc,heap     ] GC(56)  Capacity:     1250M (100%)       1250M (100%)       1250M (100%)       1250M (100%)       1250M (100%)       1250M (100%)   
[2026-04-03T03:25:16.780+0600][38.408s][info][gc,heap     ] GC(56)      Free:      410M (33%)          24M (2%)          226M (18%)         510M (41%)         510M (41%)          10M (1%)     
[2026-04-03T03:25:16.780+0600][38.408s][info][gc,heap     ] GC(56)      Used:      840M (67%)        1226M (98%)        1024M (82%)         740M (59%)        1240M (99%)         740M (59%)    
[2026-04-03T03:25:16.780+0600][38.408s][info][gc,heap     ] GC(56)      Live:         -               234M (19%)         234M (19%)         234M (19%)            -                  -          
[2026-04-03T03:25:16.780+0600][38.408s][info][gc,heap     ] GC(56) Allocated:         -               386M (31%)         416M (33%)         471M (38%)            -                  -          
[2026-04-03T03:25:16.780+0600][38.408s][info][gc,heap     ] GC(56)   Garbage:         -               605M (48%)         373M (30%)          33M (3%)             -                  -          
[2026-04-03T03:25:16.780+0600][38.408s][info][gc,heap     ] GC(56) Reclaimed:         -                  -               232M (19%)         571M (46%)            -                  -          
[2026-04-03T03:25:16.780+0600][38.408s][info][gc          ] GC(56) Garbage Collection (Allocation Rate) 840M(67%)->740M(59%)
[2026-04-03T03:25:16.804+0600][38.432s][info][gc,start    ] GC(57) Garbage Collection (Allocation Rate)
[2026-04-03T03:25:16.804+0600][38.432s][info][gc,task     ] GC(57) Using 3 workers
[2026-04-03T03:25:16.804+0600][38.432s][info][gc,phases   ] GC(57) Pause Mark Start 0.013ms
[2026-04-03T03:25:17.129+0600][38.757s][info][gc,phases   ] GC(57) Concurrent Mark 324.892ms
[2026-04-03T03:25:17.129+0600][38.757s][info][gc,phases   ] GC(57) Pause Mark End 0.027ms
[2026-04-03T03:25:17.130+0600][38.758s][info][gc,phases   ] GC(57) Concurrent Mark Free 0.003ms
[2026-04-03T03:25:17.136+0600][38.764s][info][gc,phases   ] GC(57) Concurrent Process Non-Strong References 6.022ms
[2026-04-03T03:25:17.136+0600][38.764s][info][gc,phases   ] GC(57) Concurrent Reset Relocation Set 0.018ms
[2026-04-03T03:25:17.142+0600][38.770s][info][gc,phases   ] GC(57) Concurrent Select Relocation Set 6.055ms
[2026-04-03T03:25:17.142+0600][38.770s][info][gc,phases   ] GC(57) Pause Relocate Start 0.010ms
[2026-04-03T03:25:17.145+0600][38.773s][info][gc,phases   ] GC(57) Concurrent Relocate 2.850ms
[2026-04-03T03:25:17.145+0600][38.773s][info][gc,load     ] GC(57) Load: 4.55/4.61/5.16
[2026-04-03T03:25:17.145+0600][38.773s][info][gc,mmu      ] GC(57) MMU: 2ms/89.2%, 5ms/95.7%, 10ms/97.8%, 20ms/98.9%, 50ms/99.6%, 100ms/99.8%
[2026-04-03T03:25:17.145+0600][38.773s][info][gc,marking  ] GC(57) Mark: 2 stripe(s), 2 proactive flush(es), 1 terminate flush(es), 0 completion(s), 0 continuation(s) 
[2026-04-03T03:25:17.145+0600][38.773s][info][gc,marking  ] GC(57) Mark Stack Usage: 32M
[2026-04-03T03:25:17.145+0600][38.773s][info][gc,nmethod  ] GC(57) NMethods: 6421 registered, 516 unregistered
[2026-04-03T03:25:17.145+0600][38.773s][info][gc,metaspace] GC(57) Metaspace: 70M used, 71M committed, 1088M reserved
[2026-04-03T03:25:17.145+0600][38.773s][info][gc,ref      ] GC(57) Soft: 3323 encountered, 0 discovered, 0 enqueued
[2026-04-03T03:25:17.145+0600][38.773s][info][gc,ref      ] GC(57) Weak: 6178 encountered, 650 discovered, 22 enqueued
[2026-04-03T03:25:17.145+0600][38.773s][info][gc,ref      ] GC(57) Final: 84 encountered, 1 discovered, 0 enqueued
[2026-04-03T03:25:17.145+0600][38.773s][info][gc,ref      ] GC(57) Phantom: 600 encountered, 571 discovered, 0 enqueued
[2026-04-03T03:25:17.145+0600][38.773s][info][gc,reloc    ] GC(57) Small Pages: 348 / 696M, Empty: 406M, Relocated: 3M, In-Place: 0
[2026-04-03T03:25:17.145+0600][38.773s][info][gc,reloc    ] GC(57) Medium Pages: 1 / 32M, Empty: 0M, Relocated: 0M, In-Place: 0
[2026-04-03T03:25:17.145+0600][38.773s][info][gc,reloc    ] GC(57) Large Pages: 4 / 24M, Empty: 6M, Relocated: 0M, In-Place: 0
[2026-04-03T03:25:17.145+0600][38.773s][info][gc,reloc    ] GC(57) Forwarding Usage: 1M
[2026-04-03T03:25:17.145+0600][38.773s][info][gc,heap     ] GC(57) Min Capacity: 8M(1%)
[2026-04-03T03:25:17.145+0600][38.773s][info][gc,heap     ] GC(57) Max Capacity: 1250M(100%)
[2026-04-03T03:25:17.145+0600][38.773s][info][gc,heap     ] GC(57) Soft Max Capacity: 1250M(100%)
[2026-04-03T03:25:17.145+0600][38.773s][info][gc,heap     ] GC(57)                Mark Start          Mark End        Relocate Start      Relocate End           High               Low         
[2026-04-03T03:25:17.145+0600][38.773s][info][gc,heap     ] GC(57)  Capacity:     1250M (100%)       1250M (100%)       1250M (100%)       1250M (100%)       1250M (100%)       1250M (100%)   
[2026-04-03T03:25:17.145+0600][38.773s][info][gc,heap     ] GC(57)      Free:      498M (40%)         284M (23%)         696M (56%)         722M (58%)         722M (58%)         284M (23%)    
[2026-04-03T03:25:17.145+0600][38.773s][info][gc,heap     ] GC(57)      Used:      752M (60%)         966M (77%)         554M (44%)         528M (42%)         966M (77%)         528M (42%)    
[2026-04-03T03:25:17.145+0600][38.773s][info][gc,heap     ] GC(57)      Live:         -               280M (22%)         280M (22%)         280M (22%)            -                  -          
[2026-04-03T03:25:17.145+0600][38.773s][info][gc,heap     ] GC(57) Allocated:         -               214M (17%)         214M (17%)         214M (17%)            -                  -          
[2026-04-03T03:25:17.145+0600][38.773s][info][gc,heap     ] GC(57)   Garbage:         -               471M (38%)          59M (5%)           33M (3%)             -                  -          
[2026-04-03T03:25:17.145+0600][38.773s][info][gc,heap     ] GC(57) Reclaimed:         -                  -               412M (33%)         438M (35%)            -                  -          
[2026-04-03T03:25:17.145+0600][38.773s][info][gc          ] GC(57) Garbage Collection (Allocation Rate) 752M(60%)->528M(42%)
[2026-04-03T03:25:17.145+0600][38.773s][info][gc,start    ] GC(58) Garbage Collection (System.gc())
[2026-04-03T03:25:17.145+0600][38.773s][info][gc,task     ] GC(58) Using 3 workers
[2026-04-03T03:25:17.145+0600][38.773s][info][gc,phases   ] GC(58) Pause Mark Start 0.007ms
[2026-04-03T03:25:17.332+0600][38.960s][info][gc,phases   ] GC(58) Concurrent Mark 186.954ms
[2026-04-03T03:25:17.332+0600][38.960s][info][gc,phases   ] GC(58) Pause Mark End 0.023ms
[2026-04-03T03:25:17.333+0600][38.960s][info][gc,phases   ] GC(58) Concurrent Mark Free 0.002ms
[2026-04-03T03:25:17.364+0600][38.992s][info][gc,phases   ] GC(58) Concurrent Process Non-Strong References 8.375ms
[2026-04-03T03:25:17.364+0600][38.992s][info][gc,phases   ] GC(58) Concurrent Reset Relocation Set 0.003ms
[2026-04-03T03:25:17.367+0600][38.995s][info][gc,phases   ] GC(58) Concurrent Select Relocation Set 2.798ms
[2026-04-03T03:25:17.367+0600][38.995s][info][gc,phases   ] GC(58) Pause Relocate Start 0.011ms
[2026-04-03T03:25:17.372+0600][39.000s][info][gc,phases   ] GC(58) Concurrent Relocate 4.843ms
[2026-04-03T03:25:17.372+0600][39.000s][info][gc,load     ] GC(58) Load: 4.55/4.61/5.16
[2026-04-03T03:25:17.372+0600][39.000s][info][gc,mmu      ] GC(58) MMU: 2ms/89.2%, 5ms/95.7%, 10ms/97.8%, 20ms/98.9%, 50ms/99.6%, 100ms/99.8%
[2026-04-03T03:25:17.372+0600][39.000s][info][gc,marking  ] GC(58) Mark: 2 stripe(s), 2 proactive flush(es), 1 terminate flush(es), 0 completion(s), 0 continuation(s) 
[2026-04-03T03:25:17.372+0600][39.000s][info][gc,marking  ] GC(58) Mark Stack Usage: 32M
[2026-04-03T03:25:17.372+0600][39.000s][info][gc,nmethod  ] GC(58) NMethods: 6395 registered, 552 unregistered
[2026-04-03T03:25:17.372+0600][39.000s][info][gc,metaspace] GC(58) Metaspace: 70M used, 71M committed, 1088M reserved
[2026-04-03T03:25:17.372+0600][39.000s][info][gc,ref      ] GC(58) Soft: 3325 encountered, 0 discovered, 0 enqueued
[2026-04-03T03:25:17.372+0600][39.000s][info][gc,ref      ] GC(58) Weak: 6186 encountered, 2662 discovered, 15 enqueued
[2026-04-03T03:25:17.372+0600][39.000s][info][gc,ref      ] GC(58) Final: 84 encountered, 2 discovered, 0 enqueued
[2026-04-03T03:25:17.372+0600][39.000s][info][gc,ref      ] GC(58) Phantom: 600 encountered, 543 discovered, 0 enqueued
[2026-04-03T03:25:17.372+0600][39.000s][info][gc,reloc    ] GC(58) Small Pages: 239 / 478M, Empty: 278M, Relocated: 4M, In-Place: 0
[2026-04-03T03:25:17.372+0600][39.000s][info][gc,reloc    ] GC(58) Medium Pages: 1 / 32M, Empty: 0M, Relocated: 0M, In-Place: 0
[2026-04-03T03:25:17.372+0600][39.000s][info][gc,reloc    ] GC(58) Large Pages: 3 / 18M, Empty: 18M, Relocated: 0M, In-Place: 0
[2026-04-03T03:25:17.372+0600][39.000s][info][gc,reloc    ] GC(58) Forwarding Usage: 1M
[2026-04-03T03:25:17.372+0600][39.000s][info][gc,heap     ] GC(58) Min Capacity: 8M(1%)
[2026-04-03T03:25:17.372+0600][39.000s][info][gc,heap     ] GC(58) Max Capacity: 1250M(100%)
[2026-04-03T03:25:17.372+0600][39.000s][info][gc,heap     ] GC(58) Soft Max Capacity: 1250M(100%)
[2026-04-03T03:25:17.372+0600][39.000s][info][gc,heap     ] GC(58)                Mark Start          Mark End        Relocate Start      Relocate End           High               Low         
[2026-04-03T03:25:17.372+0600][39.000s][info][gc,heap     ] GC(58)  Capacity:     1250M (100%)       1250M (100%)       1250M (100%)       1250M (100%)       1250M (100%)       1250M (100%)   
[2026-04-03T03:25:17.372+0600][39.000s][info][gc,heap     ] GC(58)      Free:      722M (58%)         720M (58%)        1006M (80%)        1036M (83%)        1036M (83%)         720M (58%)    
[2026-04-03T03:25:17.372+0600][39.000s][info][gc,heap     ] GC(58)      Used:      528M (42%)         530M (42%)         244M (20%)         214M (17%)         530M (42%)         214M (17%)    
[2026-04-03T03:25:17.372+0600][39.000s][info][gc,heap     ] GC(58)      Live:         -               169M (14%)         169M (14%)         169M (14%)            -                  -          
[2026-04-03T03:25:17.372+0600][39.000s][info][gc,heap     ] GC(58) Allocated:         -                 2M (0%)           12M (1%)           11M (1%)             -                  -          
[2026-04-03T03:25:17.372+0600][39.000s][info][gc,heap     ] GC(58)   Garbage:         -               358M (29%)          62M (5%)           32M (3%)             -                  -          
[2026-04-03T03:25:17.372+0600][39.000s][info][gc,heap     ] GC(58) Reclaimed:         -                  -               296M (24%)         325M (26%)            -                  -          
[2026-04-03T03:25:17.372+0600][39.000s][info][gc          ] GC(58) Garbage Collection (System.gc()) 528M(42%)->214M(17%)
[2026-04-03T03:25:17.404+0600][39.032s][info][gc,start    ] GC(59) Garbage Collection (Allocation Rate)
[2026-04-03T03:25:17.404+0600][39.032s][info][gc,task     ] GC(59) Using 3 workers
[2026-04-03T03:25:17.404+0600][39.032s][info][gc,phases   ] GC(59) Pause Mark Start 0.013ms
[2026-04-03T03:25:17.713+0600][39.341s][info][gc,phases   ] GC(59) Concurrent Mark 308.182ms
[2026-04-03T03:25:17.713+0600][39.341s][info][gc,phases   ] GC(59) Pause Mark End 0.044ms
[2026-04-03T03:25:17.713+0600][39.341s][info][gc,phases   ] GC(59) Concurrent Mark Free 0.004ms
[2026-04-03T03:25:17.725+0600][39.353s][info][gc,phases   ] GC(59) Concurrent Process Non-Strong References 11.081ms
[2026-04-03T03:25:17.725+0600][39.353s][info][gc,phases   ] GC(59) Concurrent Reset Relocation Set 0.009ms
[2026-04-03T03:25:17.728+0600][39.356s][info][gc,phases   ] GC(59) Concurrent Select Relocation Set 3.674ms
[2026-04-03T03:25:17.729+0600][39.357s][info][gc,phases   ] GC(59) Pause Relocate Start 0.022ms
[2026-04-03T03:25:17.732+0600][39.360s][info][gc,phases   ] GC(59) Concurrent Relocate 2.949ms
[2026-04-03T03:25:17.732+0600][39.360s][info][gc,load     ] GC(59) Load: 4.55/4.61/5.16
[2026-04-03T03:25:17.732+0600][39.360s][info][gc,mmu      ] GC(59) MMU: 2ms/89.2%, 5ms/95.7%, 10ms/97.8%, 20ms/98.9%, 50ms/99.6%, 100ms/99.8%
[2026-04-03T03:25:17.732+0600][39.360s][info][gc,marking  ] GC(59) Mark: 2 stripe(s), 2 proactive flush(es), 1 terminate flush(es), 0 completion(s), 0 continuation(s) 
[2026-04-03T03:25:17.732+0600][39.360s][info][gc,marking  ] GC(59) Mark Stack Usage: 32M
[2026-04-03T03:25:17.732+0600][39.360s][info][gc,nmethod  ] GC(59) NMethods: 6498 registered, 554 unregistered
[2026-04-03T03:25:17.732+0600][39.360s][info][gc,metaspace] GC(59) Metaspace: 70M used, 71M committed, 1088M reserved
[2026-04-03T03:25:17.732+0600][39.360s][info][gc,ref      ] GC(59) Soft: 3339 encountered, 0 discovered, 0 enqueued
[2026-04-03T03:25:17.732+0600][39.360s][info][gc,ref      ] GC(59) Weak: 6210 encountered, 741 discovered, 6 enqueued
[2026-04-03T03:25:17.732+0600][39.360s][info][gc,ref      ] GC(59) Final: 84 encountered, 1 discovered, 0 enqueued
[2026-04-03T03:25:17.732+0600][39.360s][info][gc,ref      ] GC(59) Phantom: 600 encountered, 545 discovered, 0 enqueued
[2026-04-03T03:25:17.732+0600][39.360s][info][gc,reloc    ] GC(59) Small Pages: 95 / 190M, Empty: 0M, Relocated: 1M, In-Place: 0
[2026-04-03T03:25:17.732+0600][39.360s][info][gc,reloc    ] GC(59) Medium Pages: 1 / 32M, Empty: 0M, Relocated: 0M, In-Place: 0
[2026-04-03T03:25:17.732+0600][39.360s][info][gc,reloc    ] GC(59) Large Pages: 0 / 0M, Empty: 0M, Relocated: 0M, In-Place: 0
[2026-04-03T03:25:17.732+0600][39.360s][info][gc,reloc    ] GC(59) Forwarding Usage: 0M
[2026-04-03T03:25:17.732+0600][39.360s][info][gc,heap     ] GC(59) Min Capacity: 8M(1%)
[2026-04-03T03:25:17.732+0600][39.360s][info][gc,heap     ] GC(59) Max Capacity: 1250M(100%)
[2026-04-03T03:25:17.732+0600][39.360s][info][gc,heap     ] GC(59) Soft Max Capacity: 1250M(100%)
[2026-04-03T03:25:17.732+0600][39.360s][info][gc,heap     ] GC(59)                Mark Start          Mark End        Relocate Start      Relocate End           High               Low         
[2026-04-03T03:25:17.732+0600][39.360s][info][gc,heap     ] GC(59)  Capacity:     1250M (100%)       1250M (100%)       1250M (100%)       1250M (100%)       1250M (100%)       1250M (100%)   
[2026-04-03T03:25:17.732+0600][39.360s][info][gc,heap     ] GC(59)      Free:     1028M (82%)         800M (64%)         782M (63%)         798M (64%)        1028M (82%)         778M (62%)    
[2026-04-03T03:25:17.732+0600][39.360s][info][gc,heap     ] GC(59)      Used:      222M (18%)         450M (36%)         468M (37%)         452M (36%)         472M (38%)         222M (18%)    
[2026-04-03T03:25:17.732+0600][39.360s][info][gc,heap     ] GC(59)      Live:         -               169M (14%)         169M (14%)         169M (14%)            -                  -          
[2026-04-03T03:25:17.732+0600][39.360s][info][gc,heap     ] GC(59) Allocated:         -               228M (18%)         246M (20%)         247M (20%)            -                  -          
[2026-04-03T03:25:17.732+0600][39.360s][info][gc,heap     ] GC(59)   Garbage:         -                52M (4%)           52M (4%)           34M (3%)             -                  -          
[2026-04-03T03:25:17.732+0600][39.360s][info][gc,heap     ] GC(59) Reclaimed:         -                  -                 0M (0%)           17M (1%)             -                  -          
[2026-04-03T03:25:17.732+0600][39.360s][info][gc          ] GC(59) Garbage Collection (Allocation Rate) 222M(18%)->452M(36%)
[2026-04-03T03:25:17.803+0600][39.431s][info][gc,start    ] GC(60) Garbage Collection (Allocation Rate)
[2026-04-03T03:25:17.804+0600][39.432s][info][gc,task     ] GC(60) Using 3 workers
[2026-04-03T03:25:17.804+0600][39.432s][info][gc,phases   ] GC(60) Pause Mark Start 0.016ms
[2026-04-03T03:25:18.306+0600][39.934s][info][gc,phases   ] GC(60) Concurrent Mark 501.804ms
[2026-04-03T03:25:18.306+0600][39.934s][info][gc,phases   ] GC(60) Pause Mark End 0.048ms
[2026-04-03T03:25:18.306+0600][39.934s][info][gc,phases   ] GC(60) Concurrent Mark Free 0.002ms
[2026-04-03T03:25:18.315+0600][39.943s][info][gc,phases   ] GC(60) Concurrent Process Non-Strong References 8.940ms
[2026-04-03T03:25:18.315+0600][39.943s][info][gc,phases   ] GC(60) Concurrent Reset Relocation Set 0.004ms
[2026-04-03T03:25:18.334+0600][39.962s][info][gc,phases   ] GC(60) Concurrent Select Relocation Set 18.419ms
[2026-04-03T03:25:18.334+0600][39.962s][info][gc,phases   ] GC(60) Pause Relocate Start 0.019ms
[2026-04-03T03:25:18.400+0600][40.028s][info][gc,phases   ] GC(60) Concurrent Relocate 65.726ms
[2026-04-03T03:25:18.400+0600][40.028s][info][gc,load     ] GC(60) Load: 4.55/4.61/5.16
[2026-04-03T03:25:18.400+0600][40.028s][info][gc,mmu      ] GC(60) MMU: 2ms/89.2%, 5ms/95.7%, 10ms/97.8%, 20ms/98.9%, 50ms/99.6%, 100ms/99.8%
[2026-04-03T03:25:18.400+0600][40.028s][info][gc,marking  ] GC(60) Mark: 2 stripe(s), 10 proactive flush(es), 1 terminate flush(es), 0 completion(s), 0 continuation(s) 
[2026-04-03T03:25:18.400+0600][40.028s][info][gc,marking  ] GC(60) Mark Stack Usage: 32M
[2026-04-03T03:25:18.400+0600][40.028s][info][gc,nmethod  ] GC(60) NMethods: 6506 registered, 560 unregistered
[2026-04-03T03:25:18.400+0600][40.028s][info][gc,metaspace] GC(60) Metaspace: 70M used, 71M committed, 1088M reserved
[2026-04-03T03:25:18.400+0600][40.028s][info][gc,ref      ] GC(60) Soft: 3401 encountered, 0 discovered, 0 enqueued
[2026-04-03T03:25:18.400+0600][40.028s][info][gc,ref      ] GC(60) Weak: 6384 encountered, 2276 discovered, 35 enqueued
[2026-04-03T03:25:18.400+0600][40.028s][info][gc,ref      ] GC(60) Final: 84 encountered, 1 discovered, 0 enqueued
[2026-04-03T03:25:18.400+0600][40.028s][info][gc,ref      ] GC(60) Phantom: 600 encountered, 527 discovered, 0 enqueued
[2026-04-03T03:25:18.400+0600][40.028s][info][gc,reloc    ] GC(60) Small Pages: 215 / 430M, Empty: 0M, Relocated: 75M, In-Place: 0
[2026-04-03T03:25:18.400+0600][40.028s][info][gc,reloc    ] GC(60) Medium Pages: 2 / 64M, Empty: 32M, Relocated: 0M, In-Place: 0
[2026-04-03T03:25:18.400+0600][40.028s][info][gc,reloc    ] GC(60) Large Pages: 7 / 54M, Empty: 24M, Relocated: 0M, In-Place: 0
[2026-04-03T03:25:18.400+0600][40.028s][info][gc,reloc    ] GC(60) Forwarding Usage: 35M
[2026-04-03T03:25:18.400+0600][40.028s][info][gc,heap     ] GC(60) Min Capacity: 8M(1%)
[2026-04-03T03:25:18.400+0600][40.028s][info][gc,heap     ] GC(60) Max Capacity: 1250M(100%)
[2026-04-03T03:25:18.400+0600][40.028s][info][gc,heap     ] GC(60) Soft Max Capacity: 1250M(100%)
[2026-04-03T03:25:18.400+0600][40.028s][info][gc,heap     ] GC(60)                Mark Start          Mark End        Relocate Start      Relocate End           High               Low         
[2026-04-03T03:25:18.401+0600][40.028s][info][gc,heap     ] GC(60)  Capacity:     1250M (100%)       1250M (100%)       1250M (100%)       1250M (100%)       1250M (100%)       1250M (100%)   
[2026-04-03T03:25:18.401+0600][40.028s][info][gc,heap     ] GC(60)      Free:      702M (56%)         332M (27%)         360M (29%)         514M (41%)         702M (56%)         320M (26%)    
[2026-04-03T03:25:18.401+0600][40.028s][info][gc,heap     ] GC(60)      Used:      548M (44%)         918M (73%)         890M (71%)         736M (59%)         930M (74%)         548M (44%)    
[2026-04-03T03:25:18.401+0600][40.029s][info][gc,heap     ] GC(60)      Live:         -               276M (22%)         276M (22%)         276M (22%)            -                  -          
[2026-04-03T03:25:18.401+0600][40.029s][info][gc,heap     ] GC(60) Allocated:         -               370M (30%)         398M (32%)         423M (34%)            -                  -          
[2026-04-03T03:25:18.401+0600][40.029s][info][gc,heap     ] GC(60)   Garbage:         -               271M (22%)         215M (17%)          35M (3%)             -                  -          
[2026-04-03T03:25:18.401+0600][40.029s][info][gc,heap     ] GC(60) Reclaimed:         -                  -                56M (4%)          235M (19%)            -                  -          
[2026-04-03T03:25:18.401+0600][40.029s][info][gc          ] GC(60) Garbage Collection (Allocation Rate) 548M(44%)->736M(59%)
[2026-04-03T03:25:18.404+0600][40.032s][info][gc,start    ] GC(61) Garbage Collection (Allocation Rate)
[2026-04-03T03:25:18.404+0600][40.032s][info][gc,task     ] GC(61) Using 3 workers
[2026-04-03T03:25:18.404+0600][40.032s][info][gc,phases   ] GC(61) Pause Mark Start 0.017ms
[2026-04-03T03:25:18.504+0600][40.132s][info][gc,stats    ] === Garbage Collection Statistics =======================================================================================================================
[2026-04-03T03:25:18.504+0600][40.132s][info][gc,stats    ]                                                              Last 10s              Last 10m              Last 10h                Total
[2026-04-03T03:25:18.504+0600][40.132s][info][gc,stats    ]                                                              Avg / Max             Avg / Max             Avg / Max             Avg / Max
[2026-04-03T03:25:18.504+0600][40.132s][info][gc,stats    ]   Collector: Garbage Collection Cycle                    544.668 / 894.459     350.801 / 1040.034    350.801 / 1040.034    350.801 / 1040.034    ms
[2026-04-03T03:25:18.504+0600][40.132s][info][gc,stats    ]  Contention: Mark Segment Reset Contention                    21 / 64                9 / 64                9 / 64                9 / 64          ops/s
[2026-04-03T03:25:18.504+0600][40.132s][info][gc,stats    ]  Contention: Mark SeqNum Reset Contention                      0 / 2                 0 / 2                 0 / 2                 0 / 2           ops/s
[2026-04-03T03:25:18.504+0600][40.132s][info][gc,stats    ]    Critical: Allocation Stall                                  0 / 1                 0 / 3                 0 / 3                 0 / 3           ops/s
[2026-04-03T03:25:18.504+0600][40.132s][info][gc,stats    ]    Critical: Allocation Stall                            196.724 / 196.724     149.051 / 199.478     149.051 / 199.478     149.051 / 199.478     ms
[2026-04-03T03:25:18.504+0600][40.132s][info][gc,stats    ]    Critical: GC Locker Stall                                   0 / 1                 0 / 2                 0 / 2                 0 / 2           ops/s
[2026-04-03T03:25:18.504+0600][40.132s][info][gc,stats    ]    Critical: GC Locker Stall                               0.001 / 0.001         0.007 / 0.045         0.007 / 0.045         0.007 / 0.045       ms
[2026-04-03T03:25:18.504+0600][40.132s][info][gc,stats    ]    Critical: Relocation Stall                                  0 / 0                 0 / 0                 0 / 0                 0 / 0           ops/s
[2026-04-03T03:25:18.504+0600][40.132s][info][gc,stats    ]    Critical: Relocation Stall                              0.000 / 0.000         0.000 / 0.000         0.000 / 0.000         0.000 / 0.000       ms
[2026-04-03T03:25:18.504+0600][40.132s][info][gc,stats    ]      Memory: Allocation Rate                                 553 / 954             494 / 2832            494 / 2832            494 / 2832        MB/s
[2026-04-03T03:25:18.504+0600][40.132s][info][gc,stats    ]      Memory: Defragment                                        3 / 36                5 / 73                5 / 73                5 / 73          ops/s
[2026-04-03T03:25:18.504+0600][40.132s][info][gc,stats    ]      Memory: Out Of Memory                                     0 / 0                 0 / 0                 0 / 0                 0 / 0           ops/s
[2026-04-03T03:25:18.504+0600][40.132s][info][gc,stats    ]      Memory: Page Cache Flush                                 53 / 158              27 / 158              27 / 158              27 / 158         MB/s
[2026-04-03T03:25:18.504+0600][40.132s][info][gc,stats    ]      Memory: Page Cache Hit L1                               254 / 457             224 / 1446            224 / 1446            224 / 1446        ops/s
[2026-04-03T03:25:18.504+0600][40.132s][info][gc,stats    ]      Memory: Page Cache Hit L2                                 0 / 0                 0 / 0                 0 / 0                 0 / 0           ops/s
[2026-04-03T03:25:18.504+0600][40.132s][info][gc,stats    ]      Memory: Page Cache Hit L3                                 6 / 34                8 / 79                8 / 79                8 / 79          ops/s
[2026-04-03T03:25:18.504+0600][40.132s][info][gc,stats    ]      Memory: Page Cache Miss                                   2 / 9                 8 / 128               8 / 128               8 / 128         ops/s
[2026-04-03T03:25:18.504+0600][40.132s][info][gc,stats    ]      Memory: Uncommit                                          0 / 0                 0 / 0                 0 / 0                 0 / 0           MB/s
[2026-04-03T03:25:18.504+0600][40.132s][info][gc,stats    ]      Memory: Undo Object Allocation Failed                     0 / 0                 0 / 0                 0 / 0                 0 / 0           ops/s
[2026-04-03T03:25:18.504+0600][40.132s][info][gc,stats    ]      Memory: Undo Object Allocation Succeeded                  0 / 3                 0 / 6                 0 / 6                 0 / 6           ops/s
[2026-04-03T03:25:18.504+0600][40.132s][info][gc,stats    ]      Memory: Undo Page Allocation                              0 / 1                 0 / 2                 0 / 2                 0 / 2           ops/s
[2026-04-03T03:25:18.504+0600][40.132s][info][gc,stats    ]       Phase: Concurrent Mark                             468.268 / 785.234     300.999 / 1026.634    300.999 / 1026.634    300.999 / 1026.634    ms
[2026-04-03T03:25:18.505+0600][40.132s][info][gc,stats    ]       Phase: Concurrent Mark Continue                      0.000 / 0.000         0.000 / 0.000         0.000 / 0.000         0.000 / 0.000       ms
[2026-04-03T03:25:18.505+0600][40.132s][info][gc,stats    ]       Phase: Concurrent Mark Free                          0.003 / 0.004         0.003 / 0.005         0.003 / 0.005         0.003 / 0.005       ms
[2026-04-03T03:25:18.505+0600][40.132s][info][gc,stats    ]       Phase: Concurrent Process Non-Strong References     13.315 / 27.100        9.741 / 27.100        9.741 / 27.100        9.741 / 27.100      ms
[2026-04-03T03:25:18.505+0600][40.133s][info][gc,stats    ]       Phase: Concurrent Relocate                          49.977 / 135.169      30.538 / 135.169      30.538 / 135.169      30.538 / 135.169     ms
[2026-04-03T03:25:18.505+0600][40.133s][info][gc,stats    ]       Phase: Concurrent Reset Relocation Set               0.023 / 0.058         0.014 / 0.063         0.014 / 0.063         0.014 / 0.063       ms
[2026-04-03T03:25:18.505+0600][40.133s][info][gc,stats    ]       Phase: Concurrent Select Relocation Set              9.783 / 24.860        6.683 / 42.245        6.683 / 42.245        6.683 / 42.245      ms
[2026-04-03T03:25:18.505+0600][40.133s][info][gc,stats    ]       Phase: Pause Mark End                                0.038 / 0.061         0.038 / 0.198         0.038 / 0.198         0.038 / 0.198       ms
[2026-04-03T03:25:18.505+0600][40.133s][info][gc,stats    ]       Phase: Pause Mark Start                              0.023 / 0.084         0.022 / 0.217         0.022 / 0.217         0.022 / 0.217       ms
[2026-04-03T03:25:18.505+0600][40.133s][info][gc,stats    ]       Phase: Pause Relocate Start                          0.022 / 0.047         0.021 / 0.051         0.021 / 0.051         0.021 / 0.051       ms
[2026-04-03T03:25:18.505+0600][40.133s][info][gc,stats    ]    Subphase: Concurrent Classes Purge                      0.130 / 0.548         0.130 / 0.890         0.130 / 0.890         0.130 / 0.890       ms
[2026-04-03T03:25:18.505+0600][40.133s][info][gc,stats    ]    Subphase: Concurrent Classes Unlink                    10.838 / 24.582        7.748 / 24.582        7.748 / 24.582        7.748 / 24.582      ms
[2026-04-03T03:25:18.505+0600][40.133s][info][gc,stats    ]    Subphase: Concurrent Mark                             466.776 / 784.174     312.865 / 1026.152    312.865 / 1026.152    312.865 / 1026.152    ms
[2026-04-03T03:25:18.505+0600][40.133s][info][gc,stats    ]    Subphase: Concurrent Mark Try Flush                     0.269 / 2.360         0.293 / 20.563        0.293 / 20.563        0.293 / 20.563      ms
[2026-04-03T03:25:18.505+0600][40.133s][info][gc,stats    ]    Subphase: Concurrent Mark Try Terminate                 0.963 / 2.363         1.082 / 2.363         1.082 / 2.363         1.082 / 2.363       ms
[2026-04-03T03:25:18.505+0600][40.133s][info][gc,stats    ]    Subphase: Concurrent References Enqueue                 0.010 / 0.034         0.005 / 0.034         0.005 / 0.034         0.005 / 0.034       ms
[2026-04-03T03:25:18.505+0600][40.133s][info][gc,stats    ]    Subphase: Concurrent References Process                 0.641 / 0.985         0.478 / 0.985         0.478 / 0.985         0.478 / 0.985       ms
[2026-04-03T03:25:18.505+0600][40.133s][info][gc,stats    ]    Subphase: Concurrent Roots ClassLoaderDataGraph         0.257 / 0.729         0.241 / 0.750         0.241 / 0.750         0.241 / 0.750       ms
[2026-04-03T03:25:18.505+0600][40.133s][info][gc,stats    ]    Subphase: Concurrent Roots CodeCache                    0.000 / 0.000         0.000 / 0.000         0.000 / 0.000         0.000 / 0.000       ms
[2026-04-03T03:25:18.505+0600][40.133s][info][gc,stats    ]    Subphase: Concurrent Roots JavaThreads                  0.527 / 2.227         0.459 / 2.260         0.459 / 2.260         0.459 / 2.260       ms
[2026-04-03T03:25:18.505+0600][40.133s][info][gc,stats    ]    Subphase: Concurrent Roots OopStorageSet                0.053 / 0.104         0.047 / 0.136         0.047 / 0.136         0.047 / 0.136       ms
[2026-04-03T03:25:18.505+0600][40.133s][info][gc,stats    ]    Subphase: Concurrent Weak Roots OopStorageSet           1.018 / 1.641         0.813 / 2.311         0.813 / 2.311         0.813 / 2.311       ms
[2026-04-03T03:25:18.505+0600][40.133s][info][gc,stats    ]    Subphase: Pause Mark Try Complete                       0.000 / 0.000         0.004 / 0.008         0.004 / 0.008         0.004 / 0.008       ms
[2026-04-03T03:25:18.505+0600][40.133s][info][gc,stats    ]      System: Java Threads                                    101 / 136              73 / 136              73 / 136              73 / 136         threads
[2026-04-03T03:25:18.505+0600][40.133s][info][gc,stats    ] =========================================================================================================================================================
[2026-04-03T03:25:19.017+0600][40.645s][info][gc,phases   ] GC(61) Concurrent Mark 611.958ms
[2026-04-03T03:25:19.017+0600][40.645s][info][gc,phases   ] GC(61) Pause Mark End 0.040ms
[2026-04-03T03:25:19.017+0600][40.645s][info][gc,phases   ] GC(61) Concurrent Mark Free 0.003ms
[2026-04-03T03:25:19.027+0600][40.655s][info][gc,phases   ] GC(61) Concurrent Process Non-Strong References 9.523ms
[2026-04-03T03:25:19.027+0600][40.655s][info][gc,phases   ] GC(61) Concurrent Reset Relocation Set 0.018ms
[2026-04-03T03:25:19.037+0600][40.665s][info][gc,phases   ] GC(61) Concurrent Select Relocation Set 9.916ms
[2026-04-03T03:25:19.037+0600][40.665s][info][gc,phases   ] GC(61) Pause Relocate Start 0.019ms
[2026-04-03T03:25:19.109+0600][40.737s][info][gc,phases   ] GC(61) Concurrent Relocate 71.268ms
[2026-04-03T03:25:19.109+0600][40.737s][info][gc,load     ] GC(61) Load: 4.55/4.61/5.16
[2026-04-03T03:25:19.109+0600][40.737s][info][gc,mmu      ] GC(61) MMU: 2ms/89.2%, 5ms/95.7%, 10ms/97.8%, 20ms/98.9%, 50ms/99.6%, 100ms/99.8%
[2026-04-03T03:25:19.109+0600][40.737s][info][gc,marking  ] GC(61) Mark: 2 stripe(s), 2 proactive flush(es), 1 terminate flush(es), 0 completion(s), 0 continuation(s) 
[2026-04-03T03:25:19.109+0600][40.737s][info][gc,marking  ] GC(61) Mark Stack Usage: 32M
[2026-04-03T03:25:19.109+0600][40.737s][info][gc,nmethod  ] GC(61) NMethods: 6509 registered, 560 unregistered
[2026-04-03T03:25:19.109+0600][40.737s][info][gc,metaspace] GC(61) Metaspace: 70M used, 71M committed, 1088M reserved
[2026-04-03T03:25:19.109+0600][40.737s][info][gc,ref      ] GC(61) Soft: 3401 encountered, 0 discovered, 0 enqueued
[2026-04-03T03:25:19.109+0600][40.737s][info][gc,ref      ] GC(61) Weak: 6349 encountered, 1509 discovered, 0 enqueued
[2026-04-03T03:25:19.109+0600][40.737s][info][gc,ref      ] GC(61) Final: 84 encountered, 0 discovered, 0 enqueued
[2026-04-03T03:25:19.109+0600][40.737s][info][gc,ref      ] GC(61) Phantom: 601 encountered, 547 discovered, 0 enqueued
[2026-04-03T03:25:19.109+0600][40.737s][info][gc,reloc    ] GC(61) Small Pages: 317 / 634M, Empty: 4M, Relocated: 43M, In-Place: 0
[2026-04-03T03:25:19.109+0600][40.737s][info][gc,reloc    ] GC(61) Medium Pages: 2 / 64M, Empty: 0M, Relocated: 13M, In-Place: 0
[2026-04-03T03:25:19.109+0600][40.737s][info][gc,reloc    ] GC(61) Large Pages: 5 / 42M, Empty: 0M, Relocated: 0M, In-Place: 0
[2026-04-03T03:25:19.109+0600][40.737s][info][gc,reloc    ] GC(61) Forwarding Usage: 42M
[2026-04-03T03:25:19.109+0600][40.737s][info][gc,heap     ] GC(61) Min Capacity: 8M(1%)
[2026-04-03T03:25:19.109+0600][40.737s][info][gc,heap     ] GC(61) Max Capacity: 1250M(100%)
[2026-04-03T03:25:19.109+0600][40.737s][info][gc,heap     ] GC(61) Soft Max Capacity: 1250M(100%)
[2026-04-03T03:25:19.109+0600][40.737s][info][gc,heap     ] GC(61)                Mark Start          Mark End        Relocate Start      Relocate End           High               Low         
[2026-04-03T03:25:19.109+0600][40.737s][info][gc,heap     ] GC(61)  Capacity:     1250M (100%)       1250M (100%)       1250M (100%)       1250M (100%)       1250M (100%)       1250M (100%)   
[2026-04-03T03:25:19.109+0600][40.737s][info][gc,heap     ] GC(61)      Free:      510M (41%)         180M (14%)         170M (14%)         510M (41%)         510M (41%)         136M (11%)    
[2026-04-03T03:25:19.109+0600][40.737s][info][gc,heap     ] GC(61)      Used:      740M (59%)        1070M (86%)        1080M (86%)         740M (59%)        1114M (89%)         740M (59%)    
[2026-04-03T03:25:19.109+0600][40.737s][info][gc,heap     ] GC(61)      Live:         -               333M (27%)         333M (27%)         333M (27%)            -                  -          
[2026-04-03T03:25:19.109+0600][40.737s][info][gc,heap     ] GC(61) Allocated:         -               330M (26%)         344M (28%)         372M (30%)            -                  -          
[2026-04-03T03:25:19.109+0600][40.737s][info][gc,heap     ] GC(61)   Garbage:         -               406M (32%)         402M (32%)          33M (3%)             -                  -          
[2026-04-03T03:25:19.109+0600][40.737s][info][gc,heap     ] GC(61) Reclaimed:         -                  -                 4M (0%)          372M (30%)            -                  -          
[2026-04-03T03:25:19.109+0600][40.737s][info][gc          ] GC(61) Garbage Collection (Allocation Rate) 740M(59%)->740M(59%)
[2026-04-03T03:25:19.204+0600][40.832s][info][gc,start    ] GC(62) Garbage Collection (Allocation Rate)
[2026-04-03T03:25:19.204+0600][40.832s][info][gc,task     ] GC(62) Using 3 workers
[2026-04-03T03:25:19.204+0600][40.832s][info][gc,phases   ] GC(62) Pause Mark Start 0.014ms
[2026-04-03T03:25:19.944+0600][41.572s][info][gc,phases   ] GC(62) Concurrent Mark 739.715ms
[2026-04-03T03:25:19.944+0600][41.572s][info][gc,phases   ] GC(62) Pause Mark End 0.028ms
[2026-04-03T03:25:19.945+0600][41.573s][info][gc,phases   ] GC(62) Concurrent Mark Free 0.004ms
[2026-04-03T03:25:19.951+0600][41.579s][info][gc,phases   ] GC(62) Concurrent Process Non-Strong References 6.163ms
[2026-04-03T03:25:19.951+0600][41.579s][info][gc,phases   ] GC(62) Concurrent Reset Relocation Set 0.016ms
[2026-04-03T03:25:19.953+0600][41.581s][info][gc          ] Allocation Stall (Executor task launch worker for task 2.0 in stage 14.0 (TID 23)) 90.918ms
[2026-04-03T03:25:19.953+0600][41.581s][info][gc          ] Allocation Stall (Executor task launch worker for task 0.0 in stage 14.0 (TID 21)) 83.126ms
[2026-04-03T03:25:19.953+0600][41.581s][info][gc          ] Allocation Stall (Executor task launch worker for task 1.0 in stage 14.0 (TID 22)) 74.595ms
[2026-04-03T03:25:19.957+0600][41.585s][info][gc,phases   ] GC(62) Concurrent Select Relocation Set 6.008ms
[2026-04-03T03:25:19.957+0600][41.585s][info][gc,phases   ] GC(62) Pause Relocate Start 0.014ms
[2026-04-03T03:25:20.007+0600][41.635s][info][gc,phases   ] GC(62) Concurrent Relocate 49.980ms
[2026-04-03T03:25:20.008+0600][41.635s][info][gc,load     ] GC(62) Load: 4.55/4.61/5.16
[2026-04-03T03:25:20.008+0600][41.636s][info][gc,mmu      ] GC(62) MMU: 2ms/89.2%, 5ms/95.7%, 10ms/97.8%, 20ms/98.9%, 50ms/99.6%, 100ms/99.8%
[2026-04-03T03:25:20.008+0600][41.636s][info][gc,marking  ] GC(62) Mark: 2 stripe(s), 10 proactive flush(es), 1 terminate flush(es), 0 completion(s), 0 continuation(s) 
[2026-04-03T03:25:20.008+0600][41.636s][info][gc,marking  ] GC(62) Mark Stack Usage: 32M
[2026-04-03T03:25:20.008+0600][41.636s][info][gc,nmethod  ] GC(62) NMethods: 6514 registered, 561 unregistered
[2026-04-03T03:25:20.008+0600][41.636s][info][gc,metaspace] GC(62) Metaspace: 70M used, 71M committed, 1088M reserved
[2026-04-03T03:25:20.008+0600][41.636s][info][gc,ref      ] GC(62) Soft: 3401 encountered, 0 discovered, 0 enqueued
[2026-04-03T03:25:20.008+0600][41.636s][info][gc,ref      ] GC(62) Weak: 6349 encountered, 1726 discovered, 0 enqueued
[2026-04-03T03:25:20.008+0600][41.636s][info][gc,ref      ] GC(62) Final: 84 encountered, 1 discovered, 0 enqueued
[2026-04-03T03:25:20.008+0600][41.636s][info][gc,ref      ] GC(62) Phantom: 601 encountered, 573 discovered, 0 enqueued
[2026-04-03T03:25:20.008+0600][41.636s][info][gc,reloc    ] GC(62) Small Pages: 359 / 718M, Empty: 14M, Relocated: 26M, In-Place: 0
[2026-04-03T03:25:20.008+0600][41.636s][info][gc,reloc    ] GC(62) Medium Pages: 1 / 32M, Empty: 0M, Relocated: 0M, In-Place: 0
[2026-04-03T03:25:20.008+0600][41.636s][info][gc,reloc    ] GC(62) Large Pages: 7 / 62M, Empty: 12M, Relocated: 0M, In-Place: 0
[2026-04-03T03:25:20.008+0600][41.636s][info][gc,reloc    ] GC(62) Forwarding Usage: 24M
[2026-04-03T03:25:20.008+0600][41.636s][info][gc,heap     ] GC(62) Min Capacity: 8M(1%)
[2026-04-03T03:25:20.008+0600][41.636s][info][gc,heap     ] GC(62) Max Capacity: 1250M(100%)
[2026-04-03T03:25:20.008+0600][41.636s][info][gc,heap     ] GC(62) Soft Max Capacity: 1250M(100%)
[2026-04-03T03:25:20.008+0600][41.636s][info][gc,heap     ] GC(62)                Mark Start          Mark End        Relocate Start      Relocate End           High               Low         
[2026-04-03T03:25:20.008+0600][41.636s][info][gc,heap     ] GC(62)  Capacity:     1250M (100%)       1250M (100%)       1250M (100%)       1250M (100%)       1250M (100%)       1250M (100%)   
[2026-04-03T03:25:20.008+0600][41.636s][info][gc,heap     ] GC(62)      Free:      438M (35%)           0M (0%)           18M (1%)          366M (29%)         438M (35%)           0M (0%)     
[2026-04-03T03:25:20.008+0600][41.636s][info][gc,heap     ] GC(62)      Used:      812M (65%)        1250M (100%)       1232M (99%)         884M (71%)        1250M (100%)        812M (65%)    
[2026-04-03T03:25:20.008+0600][41.636s][info][gc,heap     ] GC(62)      Live:         -               362M (29%)         362M (29%)         362M (29%)            -                  -          
[2026-04-03T03:25:20.008+0600][41.636s][info][gc,heap     ] GC(62) Allocated:         -               438M (35%)         446M (36%)         485M (39%)            -                  -          
[2026-04-03T03:25:20.008+0600][41.636s][info][gc,heap     ] GC(62)   Garbage:         -               449M (36%)         423M (34%)          36M (3%)             -                  -          
[2026-04-03T03:25:20.008+0600][41.636s][info][gc,heap     ] GC(62) Reclaimed:         -                  -                26M (2%)          413M (33%)            -                  -          
[2026-04-03T03:25:20.008+0600][41.636s][info][gc          ] GC(62) Garbage Collection (Allocation Rate) 812M(65%)->884M(71%)
[2026-04-03T03:25:20.104+0600][41.732s][info][gc,start    ] GC(63) Garbage Collection (Allocation Stall)
[2026-04-03T03:25:20.104+0600][41.732s][info][gc,ref      ] GC(63) Clearing All SoftReferences
[2026-04-03T03:25:20.104+0600][41.732s][info][gc,task     ] GC(63) Using 3 workers
[2026-04-03T03:25:20.104+0600][41.732s][info][gc,ref      ] GC(63) Clearing All SoftReferences
[2026-04-03T03:25:20.104+0600][41.732s][info][gc,phases   ] GC(63) Pause Mark Start 0.084ms
[2026-04-03T03:25:20.759+0600][42.387s][info][gc,phases   ] GC(63) Concurrent Mark 654.465ms
[2026-04-03T03:25:20.759+0600][42.387s][info][gc,phases   ] GC(63) Pause Mark End 0.027ms
[2026-04-03T03:25:20.759+0600][42.387s][info][gc,phases   ] GC(63) Concurrent Mark Free 0.001ms
[2026-04-03T03:25:20.775+0600][42.403s][info][gc,phases   ] GC(63) Concurrent Process Non-Strong References 15.640ms
[2026-04-03T03:25:20.775+0600][42.403s][info][gc,phases   ] GC(63) Concurrent Reset Relocation Set 0.015ms
[2026-04-03T03:25:20.777+0600][42.405s][info][gc          ] Allocation Stall (Executor task launch worker for task 1.0 in stage 14.0 (TID 22)) 242.849ms
[2026-04-03T03:25:20.786+0600][42.414s][info][gc,phases   ] GC(63) Concurrent Select Relocation Set 11.030ms
[2026-04-03T03:25:20.786+0600][42.414s][info][gc,phases   ] GC(63) Pause Relocate Start 0.015ms
[2026-04-03T03:25:20.787+0600][42.415s][info][gc          ] Allocation Stall (Executor task launch worker for task 0.0 in stage 14.0 (TID 21)) 231.027ms
[2026-04-03T03:25:20.826+0600][42.454s][info][gc          ] Relocation Stall (Executor task launch worker for task 2.0 in stage 14.0 (TID 23)) 39.056ms
[2026-04-03T03:25:20.826+0600][42.454s][info][gc          ] Allocation Stall (Executor task launch worker for task 2.0 in stage 14.0 (TID 23)) 275.013ms
[2026-04-03T03:25:20.865+0600][42.493s][info][gc,phases   ] GC(63) Concurrent Relocate 78.272ms
[2026-04-03T03:25:20.865+0600][42.493s][info][gc,load     ] GC(63) Load: 4.75/4.65/5.17
[2026-04-03T03:25:20.865+0600][42.493s][info][gc,mmu      ] GC(63) MMU: 2ms/89.2%, 5ms/95.7%, 10ms/97.8%, 20ms/98.9%, 50ms/99.6%, 100ms/99.8%
[2026-04-03T03:25:20.865+0600][42.493s][info][gc,marking  ] GC(63) Mark: 2 stripe(s), 2 proactive flush(es), 1 terminate flush(es), 0 completion(s), 0 continuation(s) 
[2026-04-03T03:25:20.865+0600][42.493s][info][gc,marking  ] GC(63) Mark Stack Usage: 32M
[2026-04-03T03:25:20.865+0600][42.493s][info][gc,nmethod  ] GC(63) NMethods: 6521 registered, 567 unregistered
[2026-04-03T03:25:20.865+0600][42.493s][info][gc,metaspace] GC(63) Metaspace: 70M used, 71M committed, 1088M reserved
[2026-04-03T03:25:20.865+0600][42.493s][info][gc,ref      ] GC(63) Soft: 3281 encountered, 839 discovered, 490 enqueued
[2026-04-03T03:25:20.865+0600][42.493s][info][gc,ref      ] GC(63) Weak: 6252 encountered, 1998 discovered, 45 enqueued
[2026-04-03T03:25:20.865+0600][42.493s][info][gc,ref      ] GC(63) Final: 84 encountered, 4 discovered, 0 enqueued
[2026-04-03T03:25:20.865+0600][42.493s][info][gc,ref      ] GC(63) Phantom: 601 encountered, 548 discovered, 0 enqueued
[2026-04-03T03:25:20.865+0600][42.493s][info][gc,reloc    ] GC(63) Small Pages: 439 / 878M, Empty: 12M, Relocated: 52M, In-Place: 3
[2026-04-03T03:25:20.865+0600][42.493s][info][gc,reloc    ] GC(63) Medium Pages: 1 / 32M, Empty: 0M, Relocated: 0M, In-Place: 0
[2026-04-03T03:25:20.865+0600][42.493s][info][gc,reloc    ] GC(63) Large Pages: 7 / 74M, Empty: 20M, Relocated: 0M, In-Place: 0
[2026-04-03T03:25:20.865+0600][42.493s][info][gc,reloc    ] GC(63) Forwarding Usage: 43M
[2026-04-03T03:25:20.865+0600][42.493s][info][gc,heap     ] GC(63) Min Capacity: 8M(1%)
[2026-04-03T03:25:20.865+0600][42.493s][info][gc,heap     ] GC(63) Max Capacity: 1250M(100%)
[2026-04-03T03:25:20.865+0600][42.493s][info][gc,heap     ] GC(63) Soft Max Capacity: 1250M(100%)
[2026-04-03T03:25:20.865+0600][42.493s][info][gc,heap     ] GC(63)                Mark Start          Mark End        Relocate Start      Relocate End           High               Low         
[2026-04-03T03:25:20.865+0600][42.493s][info][gc,heap     ] GC(63)  Capacity:     1250M (100%)       1250M (100%)       1250M (100%)       1250M (100%)       1250M (100%)       1250M (100%)   
[2026-04-03T03:25:20.865+0600][42.493s][info][gc,heap     ] GC(63)      Free:      266M (21%)           0M (0%)            0M (0%)          516M (41%)         518M (41%)           0M (0%)     
[2026-04-03T03:25:20.865+0600][42.493s][info][gc,heap     ] GC(63)      Used:      984M (79%)        1250M (100%)       1250M (100%)        734M (59%)        1250M (100%)        732M (59%)    
[2026-04-03T03:25:20.865+0600][42.493s][info][gc,heap     ] GC(63)      Live:         -               351M (28%)         351M (28%)         351M (28%)            -                  -          
[2026-04-03T03:25:20.865+0600][42.493s][info][gc,heap     ] GC(63) Allocated:         -               266M (21%)         298M (24%)         333M (27%)            -                  -          
[2026-04-03T03:25:20.865+0600][42.493s][info][gc,heap     ] GC(63)   Garbage:         -               632M (51%)         600M (48%)          49M (4%)             -                  -          
[2026-04-03T03:25:20.865+0600][42.493s][info][gc,heap     ] GC(63) Reclaimed:         -                  -                32M (3%)          583M (47%)            -                  -          
[2026-04-03T03:25:20.865+0600][42.493s][info][gc          ] GC(63) Garbage Collection (Allocation Stall) 984M(79%)->734M(59%)
[2026-04-03T03:25:20.903+0600][42.531s][info][gc,start    ] GC(64) Garbage Collection (Allocation Stall)
[2026-04-03T03:25:20.903+0600][42.531s][info][gc,ref      ] GC(64) Clearing All SoftReferences
[2026-04-03T03:25:20.903+0600][42.531s][info][gc,task     ] GC(64) Using 3 workers
[2026-04-03T03:25:20.904+0600][42.532s][info][gc,ref      ] GC(64) Clearing All SoftReferences
[2026-04-03T03:25:20.904+0600][42.532s][info][gc,phases   ] GC(64) Pause Mark Start 0.101ms
[2026-04-03T03:25:21.711+0600][43.339s][info][gc,phases   ] GC(64) Concurrent Mark 806.680ms
[2026-04-03T03:25:21.711+0600][43.339s][info][gc,phases   ] GC(64) Pause Mark End 0.045ms
[2026-04-03T03:25:21.711+0600][43.339s][info][gc,phases   ] GC(64) Concurrent Mark Free 0.002ms
[2026-04-03T03:25:21.740+0600][43.368s][info][gc,phases   ] GC(64) Concurrent Process Non-Strong References 28.946ms
[2026-04-03T03:25:21.740+0600][43.368s][info][gc,phases   ] GC(64) Concurrent Reset Relocation Set 0.081ms
[2026-04-03T03:25:21.750+0600][43.378s][info][gc,phases   ] GC(64) Concurrent Select Relocation Set 9.393ms
[2026-04-03T03:25:21.750+0600][43.378s][info][gc,phases   ] GC(64) Pause Relocate Start 0.019ms
[2026-04-03T03:25:21.809+0600][43.437s][info][gc,phases   ] GC(64) Concurrent Relocate 58.084ms
[2026-04-03T03:25:21.809+0600][43.437s][info][gc,load     ] GC(64) Load: 4.75/4.65/5.17
[2026-04-03T03:25:21.809+0600][43.437s][info][gc,mmu      ] GC(64) MMU: 2ms/89.2%, 5ms/95.7%, 10ms/97.8%, 20ms/98.9%, 50ms/99.6%, 100ms/99.8%
[2026-04-03T03:25:21.809+0600][43.437s][info][gc,marking  ] GC(64) Mark: 2 stripe(s), 6 proactive flush(es), 1 terminate flush(es), 0 completion(s), 0 continuation(s) 
[2026-04-03T03:25:21.809+0600][43.437s][info][gc,marking  ] GC(64) Mark Stack Usage: 32M
[2026-04-03T03:25:21.809+0600][43.437s][info][gc,nmethod  ] GC(64) NMethods: 6521 registered, 572 unregistered
[2026-04-03T03:25:21.809+0600][43.437s][info][gc,metaspace] GC(64) Metaspace: 70M used, 71M committed, 1088M reserved
[2026-04-03T03:25:21.809+0600][43.437s][info][gc,ref      ] GC(64) Soft: 2791 encountered, 2398 discovered, 3 enqueued
[2026-04-03T03:25:21.809+0600][43.437s][info][gc,ref      ] GC(64) Weak: 5854 encountered, 1435 discovered, 4 enqueued
[2026-04-03T03:25:21.809+0600][43.437s][info][gc,ref      ] GC(64) Final: 84 encountered, 1 discovered, 0 enqueued
[2026-04-03T03:25:21.809+0600][43.437s][info][gc,ref      ] GC(64) Phantom: 601 encountered, 572 discovered, 0 enqueued
[2026-04-03T03:25:21.809+0600][43.437s][info][gc,reloc    ] GC(64) Small Pages: 307 / 614M, Empty: 16M, Relocated: 29M, In-Place: 0
[2026-04-03T03:25:21.809+0600][43.437s][info][gc,reloc    ] GC(64) Medium Pages: 2 / 64M, Empty: 0M, Relocated: 12M, In-Place: 0
[2026-04-03T03:25:21.809+0600][43.437s][info][gc,reloc    ] GC(64) Large Pages: 7 / 82M, Empty: 26M, Relocated: 0M, In-Place: 0
[2026-04-03T03:25:21.809+0600][43.437s][info][gc,reloc    ] GC(64) Forwarding Usage: 23M
[2026-04-03T03:25:21.809+0600][43.437s][info][gc,heap     ] GC(64) Min Capacity: 8M(1%)
[2026-04-03T03:25:21.809+0600][43.437s][info][gc,heap     ] GC(64) Max Capacity: 1250M(100%)
[2026-04-03T03:25:21.809+0600][43.437s][info][gc,heap     ] GC(64) Soft Max Capacity: 1250M(100%)
[2026-04-03T03:25:21.809+0600][43.437s][info][gc,heap     ] GC(64)                Mark Start          Mark End        Relocate Start      Relocate End           High               Low         
[2026-04-03T03:25:21.809+0600][43.437s][info][gc,heap     ] GC(64)  Capacity:     1250M (100%)       1250M (100%)       1250M (100%)       1250M (100%)       1250M (100%)       1250M (100%)   
[2026-04-03T03:25:21.809+0600][43.437s][info][gc,heap     ] GC(64)      Free:      490M (39%)         136M (11%)         166M (13%)         490M (39%)         490M (39%)         126M (10%)    
[2026-04-03T03:25:21.809+0600][43.437s][info][gc,heap     ] GC(64)      Used:      760M (61%)        1114M (89%)        1084M (87%)         760M (61%)        1124M (90%)         760M (61%)    
[2026-04-03T03:25:21.809+0600][43.437s][info][gc,heap     ] GC(64)      Live:         -               329M (26%)         329M (26%)         329M (26%)            -                  -          
[2026-04-03T03:25:21.809+0600][43.437s][info][gc,heap     ] GC(64) Allocated:         -               354M (28%)         366M (29%)         382M (31%)            -                  -          
[2026-04-03T03:25:21.809+0600][43.437s][info][gc,heap     ] GC(64)   Garbage:         -               430M (34%)         388M (31%)          48M (4%)             -                  -          
[2026-04-03T03:25:21.809+0600][43.437s][info][gc,heap     ] GC(64) Reclaimed:         -                  -                42M (3%)          382M (31%)            -                  -          
[2026-04-03T03:25:21.809+0600][43.437s][info][gc          ] GC(64) Garbage Collection (Allocation Stall) 760M(61%)->760M(61%)
[2026-04-03T03:25:21.904+0600][43.532s][info][gc,start    ] GC(65) Garbage Collection (Allocation Rate)
[2026-04-03T03:25:21.904+0600][43.532s][info][gc,task     ] GC(65) Using 3 workers
[2026-04-03T03:25:21.904+0600][43.532s][info][gc,phases   ] GC(65) Pause Mark Start 0.023ms
[2026-04-03T03:25:22.564+0600][44.192s][info][gc,phases   ] GC(65) Concurrent Mark 659.192ms
[2026-04-03T03:25:22.564+0600][44.192s][info][gc,phases   ] GC(65) Pause Mark End 0.032ms
[2026-04-03T03:25:22.564+0600][44.192s][info][gc,phases   ] GC(65) Concurrent Mark Free 0.004ms
[2026-04-03T03:25:22.572+0600][44.200s][info][gc,phases   ] GC(65) Concurrent Process Non-Strong References 8.063ms
[2026-04-03T03:25:22.572+0600][44.200s][info][gc,phases   ] GC(65) Concurrent Reset Relocation Set 0.031ms
[2026-04-03T03:25:22.578+0600][44.206s][info][gc,phases   ] GC(65) Concurrent Select Relocation Set 5.713ms
[2026-04-03T03:25:22.578+0600][44.206s][info][gc,phases   ] GC(65) Pause Relocate Start 0.013ms
[2026-04-03T03:25:22.614+0600][44.242s][info][gc,phases   ] GC(65) Concurrent Relocate 35.613ms
[2026-04-03T03:25:22.614+0600][44.242s][info][gc,load     ] GC(65) Load: 4.75/4.65/5.17
[2026-04-03T03:25:22.614+0600][44.242s][info][gc,mmu      ] GC(65) MMU: 2ms/89.2%, 5ms/95.7%, 10ms/97.8%, 20ms/98.9%, 50ms/99.6%, 100ms/99.8%
[2026-04-03T03:25:22.614+0600][44.242s][info][gc,marking  ] GC(65) Mark: 2 stripe(s), 8 proactive flush(es), 1 terminate flush(es), 0 completion(s), 0 continuation(s) 
[2026-04-03T03:25:22.614+0600][44.242s][info][gc,marking  ] GC(65) Mark Stack Usage: 32M
[2026-04-03T03:25:22.614+0600][44.242s][info][gc,nmethod  ] GC(65) NMethods: 6550 registered, 581 unregistered
[2026-04-03T03:25:22.614+0600][44.242s][info][gc,metaspace] GC(65) Metaspace: 70M used, 71M committed, 1088M reserved
[2026-04-03T03:25:22.614+0600][44.242s][info][gc,ref      ] GC(65) Soft: 2921 encountered, 0 discovered, 0 enqueued
[2026-04-03T03:25:22.614+0600][44.242s][info][gc,ref      ] GC(65) Weak: 6014 encountered, 2211 discovered, 89 enqueued
[2026-04-03T03:25:22.614+0600][44.242s][info][gc,ref      ] GC(65) Final: 84 encountered, 1 discovered, 0 enqueued
[2026-04-03T03:25:22.614+0600][44.242s][info][gc,ref      ] GC(65) Phantom: 603 encountered, 381 discovered, 0 enqueued
[2026-04-03T03:25:22.614+0600][44.242s][info][gc,reloc    ] GC(65) Small Pages: 340 / 680M, Empty: 22M, Relocated: 24M, In-Place: 0
[2026-04-03T03:25:22.614+0600][44.242s][info][gc,reloc    ] GC(65) Medium Pages: 2 / 64M, Empty: 32M, Relocated: 0M, In-Place: 0
[2026-04-03T03:25:22.614+0600][44.242s][info][gc,reloc    ] GC(65) Large Pages: 4 / 56M, Empty: 10M, Relocated: 0M, In-Place: 0
[2026-04-03T03:25:22.614+0600][44.242s][info][gc,reloc    ] GC(65) Forwarding Usage: 21M
[2026-04-03T03:25:22.614+0600][44.242s][info][gc,heap     ] GC(65) Min Capacity: 8M(1%)
[2026-04-03T03:25:22.614+0600][44.242s][info][gc,heap     ] GC(65) Max Capacity: 1250M(100%)
[2026-04-03T03:25:22.614+0600][44.242s][info][gc,heap     ] GC(65) Soft Max Capacity: 1250M(100%)
[2026-04-03T03:25:22.614+0600][44.242s][info][gc,heap     ] GC(65)                Mark Start          Mark End        Relocate Start      Relocate End           High               Low         
[2026-04-03T03:25:22.615+0600][44.242s][info][gc,heap     ] GC(65)  Capacity:     1250M (100%)       1250M (100%)       1250M (100%)       1250M (100%)       1250M (100%)       1250M (100%)   
[2026-04-03T03:25:22.615+0600][44.242s][info][gc,heap     ] GC(65)      Free:      450M (36%)         168M (13%)         228M (18%)         610M (49%)         610M (49%)         164M (13%)    
[2026-04-03T03:25:22.615+0600][44.242s][info][gc,heap     ] GC(65)      Used:      800M (64%)        1082M (87%)        1022M (82%)         640M (51%)        1086M (87%)         640M (51%)    
[2026-04-03T03:25:22.615+0600][44.243s][info][gc,heap     ] GC(65)      Live:         -               294M (24%)         294M (24%)         294M (24%)            -                  -          
[2026-04-03T03:25:22.615+0600][44.243s][info][gc,heap     ] GC(65) Allocated:         -               282M (23%)         286M (23%)         297M (24%)            -                  -          
[2026-04-03T03:25:22.615+0600][44.243s][info][gc,heap     ] GC(65)   Garbage:         -               505M (40%)         441M (35%)          47M (4%)             -                  -          
[2026-04-03T03:25:22.615+0600][44.243s][info][gc,heap     ] GC(65) Reclaimed:         -                  -                64M (5%)          457M (37%)            -                  -          
[2026-04-03T03:25:22.615+0600][44.243s][info][gc          ] GC(65) Garbage Collection (Allocation Rate) 800M(64%)->640M(51%)
[2026-04-03T03:25:22.704+0600][44.332s][info][gc,start    ] GC(66) Garbage Collection (Allocation Rate)
[2026-04-03T03:25:22.704+0600][44.332s][info][gc,task     ] GC(66) Using 3 workers
[2026-04-03T03:25:22.704+0600][44.332s][info][gc,phases   ] GC(66) Pause Mark Start 0.009ms
[2026-04-03T03:25:23.017+0600][44.645s][info][gc,phases   ] GC(66) Concurrent Mark 312.980ms
[2026-04-03T03:25:23.017+0600][44.645s][info][gc,phases   ] GC(66) Pause Mark End 0.035ms
[2026-04-03T03:25:23.018+0600][44.646s][info][gc,phases   ] GC(66) Concurrent Mark Free 0.003ms
[2026-04-03T03:25:23.024+0600][44.652s][info][gc,phases   ] GC(66) Concurrent Process Non-Strong References 6.696ms
[2026-04-03T03:25:23.025+0600][44.652s][info][gc,phases   ] GC(66) Concurrent Reset Relocation Set 0.018ms
[2026-04-03T03:25:23.029+0600][44.657s][info][gc,phases   ] GC(66) Concurrent Select Relocation Set 4.735ms
[2026-04-03T03:25:23.030+0600][44.658s][info][gc,phases   ] GC(66) Pause Relocate Start 0.014ms
[2026-04-03T03:25:23.060+0600][44.688s][info][gc,phases   ] GC(66) Concurrent Relocate 30.776ms
[2026-04-03T03:25:23.061+0600][44.688s][info][gc,load     ] GC(66) Load: 4.75/4.65/5.17
[2026-04-03T03:25:23.061+0600][44.688s][info][gc,mmu      ] GC(66) MMU: 2ms/89.2%, 5ms/95.7%, 10ms/97.8%, 20ms/98.9%, 50ms/99.6%, 100ms/99.8%
[2026-04-03T03:25:23.061+0600][44.689s][info][gc,marking  ] GC(66) Mark: 2 stripe(s), 2 proactive flush(es), 1 terminate flush(es), 0 completion(s), 0 continuation(s) 
[2026-04-03T03:25:23.061+0600][44.689s][info][gc,marking  ] GC(66) Mark Stack Usage: 32M
[2026-04-03T03:25:23.061+0600][44.689s][info][gc,nmethod  ] GC(66) NMethods: 6547 registered, 585 unregistered
[2026-04-03T03:25:23.061+0600][44.689s][info][gc,metaspace] GC(66) Metaspace: 70M used, 71M committed, 1088M reserved
[2026-04-03T03:25:23.061+0600][44.689s][info][gc,ref      ] GC(66) Soft: 2942 encountered, 0 discovered, 0 enqueued
[2026-04-03T03:25:23.061+0600][44.689s][info][gc,ref      ] GC(66) Weak: 5957 encountered, 1782 discovered, 85 enqueued
[2026-04-03T03:25:23.061+0600][44.689s][info][gc,ref      ] GC(66) Final: 84 encountered, 2 discovered, 0 enqueued
[2026-04-03T03:25:23.061+0600][44.689s][info][gc,ref      ] GC(66) Phantom: 601 encountered, 491 discovered, 0 enqueued
[2026-04-03T03:25:23.061+0600][44.689s][info][gc,reloc    ] GC(66) Small Pages: 279 / 558M, Empty: 52M, Relocated: 26M, In-Place: 0
[2026-04-03T03:25:23.061+0600][44.689s][info][gc,reloc    ] GC(66) Medium Pages: 2 / 64M, Empty: 32M, Relocated: 0M, In-Place: 0
[2026-04-03T03:25:23.061+0600][44.689s][info][gc,reloc    ] GC(66) Large Pages: 4 / 64M, Empty: 46M, Relocated: 0M, In-Place: 0
[2026-04-03T03:25:23.061+0600][44.689s][info][gc,reloc    ] GC(66) Forwarding Usage: 23M
[2026-04-03T03:25:23.061+0600][44.689s][info][gc,heap     ] GC(66) Min Capacity: 8M(1%)
[2026-04-03T03:25:23.061+0600][44.689s][info][gc,heap     ] GC(66) Max Capacity: 1250M(100%)
[2026-04-03T03:25:23.061+0600][44.689s][info][gc,heap     ] GC(66) Soft Max Capacity: 1250M(100%)
[2026-04-03T03:25:23.061+0600][44.689s][info][gc,heap     ] GC(66)                Mark Start          Mark End        Relocate Start      Relocate End           High               Low         
[2026-04-03T03:25:23.061+0600][44.689s][info][gc,heap     ] GC(66)  Capacity:     1250M (100%)       1250M (100%)       1250M (100%)       1250M (100%)       1250M (100%)       1250M (100%)   
[2026-04-03T03:25:23.061+0600][44.689s][info][gc,heap     ] GC(66)      Free:      564M (45%)         478M (38%)         608M (49%)         916M (73%)         916M (73%)         478M (38%)    
[2026-04-03T03:25:23.061+0600][44.689s][info][gc,heap     ] GC(66)      Used:      686M (55%)         772M (62%)         642M (51%)         334M (27%)         772M (62%)         334M (27%)    
[2026-04-03T03:25:23.061+0600][44.689s][info][gc,heap     ] GC(66)      Live:         -               213M (17%)         213M (17%)         213M (17%)            -                  -          
[2026-04-03T03:25:23.061+0600][44.689s][info][gc,heap     ] GC(66) Allocated:         -                86M (7%)           86M (7%)           85M (7%)             -                  -          
[2026-04-03T03:25:23.061+0600][44.689s][info][gc,heap     ] GC(66)   Garbage:         -               472M (38%)         342M (27%)          35M (3%)             -                  -          
[2026-04-03T03:25:23.061+0600][44.689s][info][gc,heap     ] GC(66) Reclaimed:         -                  -               130M (10%)         437M (35%)            -                  -          
[2026-04-03T03:25:23.061+0600][44.689s][info][gc          ] GC(66) Garbage Collection (Allocation Rate) 686M(55%)->334M(27%)
[2026-04-03T03:25:23.503+0600][45.131s][info][gc,start    ] GC(67) Garbage Collection (Allocation Rate)
[2026-04-03T03:25:23.504+0600][45.131s][info][gc,task     ] GC(67) Using 3 workers
[2026-04-03T03:25:23.504+0600][45.132s][info][gc,phases   ] GC(67) Pause Mark Start 0.037ms
[2026-04-03T03:25:23.815+0600][45.443s][info][gc,phases   ] GC(67) Concurrent Mark 311.339ms
[2026-04-03T03:25:23.816+0600][45.444s][info][gc,phases   ] GC(67) Pause Mark End 0.040ms
[2026-04-03T03:25:23.816+0600][45.444s][info][gc,phases   ] GC(67) Concurrent Mark Free 0.002ms
[2026-04-03T03:25:23.827+0600][45.455s][info][gc,phases   ] GC(67) Concurrent Process Non-Strong References 11.388ms
[2026-04-03T03:25:23.828+0600][45.456s][info][gc,phases   ] GC(67) Concurrent Reset Relocation Set 0.027ms
[2026-04-03T03:25:23.834+0600][45.462s][info][gc,phases   ] GC(67) Concurrent Select Relocation Set 6.507ms
[2026-04-03T03:25:23.834+0600][45.462s][info][gc,phases   ] GC(67) Pause Relocate Start 0.025ms
[2026-04-03T03:25:23.845+0600][45.473s][info][gc,phases   ] GC(67) Concurrent Relocate 10.804ms
[2026-04-03T03:25:23.846+0600][45.474s][info][gc,load     ] GC(67) Load: 4.75/4.65/5.17
[2026-04-03T03:25:23.846+0600][45.474s][info][gc,mmu      ] GC(67) MMU: 2ms/89.2%, 5ms/95.7%, 10ms/97.8%, 20ms/98.9%, 50ms/99.6%, 100ms/99.8%
[2026-04-03T03:25:23.846+0600][45.474s][info][gc,marking  ] GC(67) Mark: 2 stripe(s), 2 proactive flush(es), 1 terminate flush(es), 0 completion(s), 0 continuation(s) 
[2026-04-03T03:25:23.846+0600][45.474s][info][gc,marking  ] GC(67) Mark Stack Usage: 32M
[2026-04-03T03:25:23.846+0600][45.474s][info][gc,nmethod  ] GC(67) NMethods: 6636 registered, 590 unregistered
[2026-04-03T03:25:23.846+0600][45.474s][info][gc,metaspace] GC(67) Metaspace: 70M used, 71M committed, 1088M reserved
[2026-04-03T03:25:23.846+0600][45.474s][info][gc,ref      ] GC(67) Soft: 3106 encountered, 0 discovered, 0 enqueued
[2026-04-03T03:25:23.846+0600][45.474s][info][gc,ref      ] GC(67) Weak: 6165 encountered, 2151 discovered, 51 enqueued
[2026-04-03T03:25:23.846+0600][45.474s][info][gc,ref      ] GC(67) Final: 84 encountered, 4 discovered, 0 enqueued
[2026-04-03T03:25:23.846+0600][45.474s][info][gc,ref      ] GC(67) Phantom: 600 encountered, 544 discovered, 0 enqueued
[2026-04-03T03:25:23.846+0600][45.474s][info][gc,reloc    ] GC(67) Small Pages: 142 / 284M, Empty: 72M, Relocated: 8M, In-Place: 0
[2026-04-03T03:25:23.846+0600][45.474s][info][gc,reloc    ] GC(67) Medium Pages: 2 / 64M, Empty: 32M, Relocated: 0M, In-Place: 0
[2026-04-03T03:25:23.846+0600][45.474s][info][gc,reloc    ] GC(67) Large Pages: 1 / 18M, Empty: 18M, Relocated: 0M, In-Place: 0
[2026-04-03T03:25:23.846+0600][45.474s][info][gc,reloc    ] GC(67) Forwarding Usage: 4M
[2026-04-03T03:25:23.846+0600][45.474s][info][gc,heap     ] GC(67) Min Capacity: 8M(1%)
[2026-04-03T03:25:23.846+0600][45.474s][info][gc,heap     ] GC(67) Max Capacity: 1250M(100%)
[2026-04-03T03:25:23.846+0600][45.474s][info][gc,heap     ] GC(67) Soft Max Capacity: 1250M(100%)
[2026-04-03T03:25:23.846+0600][45.474s][info][gc,heap     ] GC(67)                Mark Start          Mark End        Relocate Start      Relocate End           High               Low         
[2026-04-03T03:25:23.846+0600][45.474s][info][gc,heap     ] GC(67)  Capacity:     1250M (100%)       1250M (100%)       1250M (100%)       1250M (100%)       1250M (100%)       1250M (100%)   
[2026-04-03T03:25:23.846+0600][45.474s][info][gc,heap     ] GC(67)      Free:      884M (71%)         668M (53%)         786M (63%)         826M (66%)         884M (71%)         666M (53%)    
[2026-04-03T03:25:23.846+0600][45.474s][info][gc,heap     ] GC(67)      Used:      366M (29%)         582M (47%)         464M (37%)         424M (34%)         584M (47%)         366M (29%)    
[2026-04-03T03:25:23.846+0600][45.474s][info][gc,heap     ] GC(67)      Live:         -               169M (14%)         169M (14%)         169M (14%)            -                  -          
[2026-04-03T03:25:23.846+0600][45.474s][info][gc,heap     ] GC(67) Allocated:         -               216M (17%)         220M (18%)         223M (18%)            -                  -          
[2026-04-03T03:25:23.846+0600][45.474s][info][gc,heap     ] GC(67)   Garbage:         -               196M (16%)          74M (6%)           30M (2%)             -                  -          
[2026-04-03T03:25:23.846+0600][45.474s][info][gc,heap     ] GC(67) Reclaimed:         -                  -               122M (10%)         165M (13%)            -                  -          
[2026-04-03T03:25:23.846+0600][45.474s][info][gc          ] GC(67) Garbage Collection (Allocation Rate) 366M(29%)->424M(34%)
[2026-04-03T03:25:24.104+0600][45.732s][info][gc,start    ] GC(68) Garbage Collection (Allocation Rate)
[2026-04-03T03:25:24.104+0600][45.732s][info][gc,task     ] GC(68) Using 3 workers
[2026-04-03T03:25:24.104+0600][45.732s][info][gc,phases   ] GC(68) Pause Mark Start 0.016ms
[2026-04-03T03:25:24.605+0600][46.233s][info][gc,phases   ] GC(68) Concurrent Mark 500.803ms
[2026-04-03T03:25:24.606+0600][46.234s][info][gc,phases   ] GC(68) Pause Mark End 0.043ms
[2026-04-03T03:25:24.606+0600][46.234s][info][gc,phases   ] GC(68) Concurrent Mark Free 0.003ms
[2026-04-03T03:25:24.629+0600][46.257s][info][gc,phases   ] GC(68) Concurrent Process Non-Strong References 23.289ms
[2026-04-03T03:25:24.629+0600][46.257s][info][gc,phases   ] GC(68) Concurrent Reset Relocation Set 0.008ms
[2026-04-03T03:25:24.660+0600][46.288s][info][gc,phases   ] GC(68) Concurrent Select Relocation Set 30.131ms
[2026-04-03T03:25:24.660+0600][46.288s][info][gc,phases   ] GC(68) Pause Relocate Start 0.020ms
[2026-04-03T03:25:24.763+0600][46.391s][info][gc,phases   ] GC(68) Concurrent Relocate 103.181ms
[2026-04-03T03:25:24.764+0600][46.392s][info][gc,load     ] GC(68) Load: 4.75/4.65/5.17
[2026-04-03T03:25:24.764+0600][46.392s][info][gc,mmu      ] GC(68) MMU: 2ms/89.2%, 5ms/95.7%, 10ms/97.8%, 20ms/98.9%, 50ms/99.6%, 100ms/99.8%
[2026-04-03T03:25:24.764+0600][46.392s][info][gc,marking  ] GC(68) Mark: 2 stripe(s), 3 proactive flush(es), 1 terminate flush(es), 0 completion(s), 0 continuation(s) 
[2026-04-03T03:25:24.764+0600][46.392s][info][gc,marking  ] GC(68) Mark Stack Usage: 32M
[2026-04-03T03:25:24.764+0600][46.392s][info][gc,nmethod  ] GC(68) NMethods: 6638 registered, 601 unregistered
[2026-04-03T03:25:24.764+0600][46.392s][info][gc,metaspace] GC(68) Metaspace: 70M used, 71M committed, 1088M reserved
[2026-04-03T03:25:24.764+0600][46.392s][info][gc,ref      ] GC(68) Soft: 3253 encountered, 0 discovered, 0 enqueued
[2026-04-03T03:25:24.764+0600][46.392s][info][gc,ref      ] GC(68) Weak: 6526 encountered, 2022 discovered, 119 enqueued
[2026-04-03T03:25:24.764+0600][46.392s][info][gc,ref      ] GC(68) Final: 84 encountered, 2 discovered, 0 enqueued
[2026-04-03T03:25:24.764+0600][46.392s][info][gc,ref      ] GC(68) Phantom: 600 encountered, 520 discovered, 0 enqueued
[2026-04-03T03:25:24.764+0600][46.392s][info][gc,reloc    ] GC(68) Small Pages: 282 / 564M, Empty: 0M, Relocated: 82M, In-Place: 0
[2026-04-03T03:25:24.764+0600][46.392s][info][gc,reloc    ] GC(68) Medium Pages: 2 / 64M, Empty: 32M, Relocated: 0M, In-Place: 0
[2026-04-03T03:25:24.764+0600][46.392s][info][gc,reloc    ] GC(68) Large Pages: 12 / 92M, Empty: 36M, Relocated: 0M, In-Place: 0
[2026-04-03T03:25:24.764+0600][46.392s][info][gc,reloc    ] GC(68) Forwarding Usage: 54M
[2026-04-03T03:25:24.764+0600][46.392s][info][gc,heap     ] GC(68) Min Capacity: 8M(1%)
[2026-04-03T03:25:24.764+0600][46.392s][info][gc,heap     ] GC(68) Max Capacity: 1250M(100%)
[2026-04-03T03:25:24.764+0600][46.392s][info][gc,heap     ] GC(68) Soft Max Capacity: 1250M(100%)
[2026-04-03T03:25:24.764+0600][46.392s][info][gc,heap     ] GC(68)                Mark Start          Mark End        Relocate Start      Relocate End           High               Low         
[2026-04-03T03:25:24.764+0600][46.392s][info][gc,heap     ] GC(68)  Capacity:     1250M (100%)       1250M (100%)       1250M (100%)       1250M (100%)       1250M (100%)       1250M (100%)   
[2026-04-03T03:25:24.764+0600][46.392s][info][gc,heap     ] GC(68)      Free:      530M (42%)         142M (11%)         142M (11%)         362M (29%)         530M (42%)         106M (8%)     
[2026-04-03T03:25:24.764+0600][46.392s][info][gc,heap     ] GC(68)      Used:      720M (58%)        1108M (89%)        1108M (89%)         888M (71%)        1144M (92%)         720M (58%)    
[2026-04-03T03:25:24.764+0600][46.392s][info][gc,heap     ] GC(68)      Live:         -               311M (25%)         311M (25%)         311M (25%)            -                  -          
[2026-04-03T03:25:24.764+0600][46.392s][info][gc,heap     ] GC(68) Allocated:         -               388M (31%)         456M (36%)         541M (43%)            -                  -          
[2026-04-03T03:25:24.764+0600][46.392s][info][gc,heap     ] GC(68)   Garbage:         -               408M (33%)         340M (27%)          35M (3%)             -                  -          
[2026-04-03T03:25:24.764+0600][46.392s][info][gc,heap     ] GC(68) Reclaimed:         -                  -                68M (5%)          373M (30%)            -                  -          
[2026-04-03T03:25:24.764+0600][46.392s][info][gc          ] GC(68) Garbage Collection (Allocation Rate) 720M(58%)->888M(71%)
[2026-04-03T03:25:24.804+0600][46.432s][info][gc,start    ] GC(69) Garbage Collection (Allocation Rate)
[2026-04-03T03:25:24.804+0600][46.432s][info][gc,task     ] GC(69) Using 3 workers
[2026-04-03T03:25:24.804+0600][46.432s][info][gc,phases   ] GC(69) Pause Mark Start 0.023ms
[2026-04-03T03:25:25.430+0600][47.058s][info][gc,phases   ] GC(69) Concurrent Mark 625.546ms
[2026-04-03T03:25:25.430+0600][47.058s][info][gc,phases   ] GC(69) Pause Mark End 0.026ms
[2026-04-03T03:25:25.430+0600][47.058s][info][gc,phases   ] GC(69) Concurrent Mark Free 0.007ms
[2026-04-03T03:25:25.437+0600][47.065s][info][gc,phases   ] GC(69) Concurrent Process Non-Strong References 6.835ms
[2026-04-03T03:25:25.437+0600][47.065s][info][gc,phases   ] GC(69) Concurrent Reset Relocation Set 0.036ms
[2026-04-03T03:25:25.440+0600][47.068s][info][gc          ] Allocation Stall (Executor task launch worker for task 0.0 in stage 15.0 (TID 24)) 28.836ms
[2026-04-03T03:25:25.441+0600][47.068s][info][gc          ] Allocation Stall (Executor task launch worker for task 1.0 in stage 15.0 (TID 25)) 42.022ms
[2026-04-03T03:25:25.441+0600][47.069s][info][gc          ] Allocation Stall (Executor task launch worker for task 2.0 in stage 15.0 (TID 26)) 51.512ms
[2026-04-03T03:25:25.444+0600][47.072s][info][gc,phases   ] GC(69) Concurrent Select Relocation Set 6.213ms
[2026-04-03T03:25:25.444+0600][47.072s][info][gc,phases   ] GC(69) Pause Relocate Start 0.014ms
[2026-04-03T03:25:25.550+0600][47.178s][info][gc,phases   ] GC(69) Concurrent Relocate 106.193ms
[2026-04-03T03:25:25.550+0600][47.178s][info][gc,load     ] GC(69) Load: 4.93/4.69/5.18
[2026-04-03T03:25:25.550+0600][47.178s][info][gc,mmu      ] GC(69) MMU: 2ms/89.2%, 5ms/95.7%, 10ms/97.8%, 20ms/98.9%, 50ms/99.6%, 100ms/99.8%
[2026-04-03T03:25:25.550+0600][47.178s][info][gc,marking  ] GC(69) Mark: 2 stripe(s), 2 proactive flush(es), 1 terminate flush(es), 0 completion(s), 0 continuation(s) 
[2026-04-03T03:25:25.550+0600][47.178s][info][gc,marking  ] GC(69) Mark Stack Usage: 32M
[2026-04-03T03:25:25.550+0600][47.178s][info][gc,nmethod  ] GC(69) NMethods: 6658 registered, 601 unregistered
[2026-04-03T03:25:25.550+0600][47.178s][info][gc,metaspace] GC(69) Metaspace: 70M used, 71M committed, 1088M reserved
[2026-04-03T03:25:25.551+0600][47.178s][info][gc,ref      ] GC(69) Soft: 3253 encountered, 0 discovered, 0 enqueued
[2026-04-03T03:25:25.551+0600][47.178s][info][gc,ref      ] GC(69) Weak: 6415 encountered, 2702 discovered, 78 enqueued
[2026-04-03T03:25:25.551+0600][47.178s][info][gc,ref      ] GC(69) Final: 84 encountered, 3 discovered, 0 enqueued
[2026-04-03T03:25:25.551+0600][47.178s][info][gc,ref      ] GC(69) Phantom: 601 encountered, 528 discovered, 0 enqueued
[2026-04-03T03:25:25.551+0600][47.179s][info][gc,reloc    ] GC(69) Small Pages: 390 / 780M, Empty: 14M, Relocated: 75M, In-Place: 0
[2026-04-03T03:25:25.551+0600][47.179s][info][gc,reloc    ] GC(69) Medium Pages: 2 / 64M, Empty: 0M, Relocated: 13M, In-Place: 0
[2026-04-03T03:25:25.551+0600][47.179s][info][gc,reloc    ] GC(69) Large Pages: 9 / 78M, Empty: 36M, Relocated: 0M, In-Place: 0
[2026-04-03T03:25:25.551+0600][47.179s][info][gc,reloc    ] GC(69) Forwarding Usage: 54M
[2026-04-03T03:25:25.551+0600][47.179s][info][gc,heap     ] GC(69) Min Capacity: 8M(1%)
[2026-04-03T03:25:25.551+0600][47.179s][info][gc,heap     ] GC(69) Max Capacity: 1250M(100%)
[2026-04-03T03:25:25.551+0600][47.179s][info][gc,heap     ] GC(69) Soft Max Capacity: 1250M(100%)
[2026-04-03T03:25:25.551+0600][47.179s][info][gc,heap     ] GC(69)                Mark Start          Mark End        Relocate Start      Relocate End           High               Low         
[2026-04-03T03:25:25.551+0600][47.179s][info][gc,heap     ] GC(69)  Capacity:     1250M (100%)       1250M (100%)       1250M (100%)       1250M (100%)       1250M (100%)       1250M (100%)   
[2026-04-03T03:25:25.551+0600][47.179s][info][gc,heap     ] GC(69)      Free:      328M (26%)           0M (0%)           44M (4%)          506M (40%)         512M (41%)           0M (0%)     
[2026-04-03T03:25:25.551+0600][47.179s][info][gc,heap     ] GC(69)      Used:      922M (74%)        1250M (100%)       1206M (96%)         744M (60%)        1250M (100%)        738M (59%)    
[2026-04-03T03:25:25.551+0600][47.179s][info][gc,heap     ] GC(69)      Live:         -               332M (27%)         332M (27%)         332M (27%)            -                  -          
[2026-04-03T03:25:25.551+0600][47.179s][info][gc,heap     ] GC(69) Allocated:         -               328M (26%)         334M (27%)         377M (30%)            -                  -          
[2026-04-03T03:25:25.551+0600][47.179s][info][gc,heap     ] GC(69)   Garbage:         -               589M (47%)         539M (43%)          33M (3%)             -                  -          
[2026-04-03T03:25:25.551+0600][47.179s][info][gc,heap     ] GC(69) Reclaimed:         -                  -                50M (4%)          555M (44%)            -                  -          
[2026-04-03T03:25:25.551+0600][47.179s][info][gc          ] GC(69) Garbage Collection (Allocation Rate) 922M(74%)->744M(60%)
[2026-04-03T03:25:25.604+0600][47.232s][info][gc,start    ] GC(70) Garbage Collection (Allocation Stall)
[2026-04-03T03:25:25.604+0600][47.232s][info][gc,ref      ] GC(70) Clearing All SoftReferences
[2026-04-03T03:25:25.604+0600][47.232s][info][gc,task     ] GC(70) Using 3 workers
[2026-04-03T03:25:25.604+0600][47.232s][info][gc,ref      ] GC(70) Clearing All SoftReferences
[2026-04-03T03:25:25.604+0600][47.232s][info][gc,phases   ] GC(70) Pause Mark Start 0.088ms
[2026-04-03T03:25:26.362+0600][47.990s][info][gc,phases   ] GC(70) Concurrent Mark 758.281ms
[2026-04-03T03:25:26.363+0600][47.991s][info][gc,phases   ] GC(70) Pause Mark End 0.062ms
[2026-04-03T03:25:26.363+0600][47.991s][info][gc,phases   ] GC(70) Concurrent Mark Free 0.005ms
[2026-04-03T03:25:26.384+0600][48.012s][info][gc,phases   ] GC(70) Concurrent Process Non-Strong References 20.995ms
[2026-04-03T03:25:26.384+0600][48.012s][info][gc,phases   ] GC(70) Concurrent Reset Relocation Set 0.024ms
[2026-04-03T03:25:26.387+0600][48.015s][info][gc          ] Allocation Stall (Executor task launch worker for task 0.0 in stage 15.0 (TID 24)) 26.360ms
[2026-04-03T03:25:26.387+0600][48.015s][info][gc          ] Allocation Stall (Executor task launch worker for task 1.0 in stage 15.0 (TID 25)) 23.624ms
[2026-04-03T03:25:26.387+0600][48.015s][info][gc          ] Allocation Stall (Executor task launch worker for task 2.0 in stage 15.0 (TID 26)) 21.234ms
[2026-04-03T03:25:26.392+0600][48.020s][info][gc,phases   ] GC(70) Concurrent Select Relocation Set 7.449ms
[2026-04-03T03:25:26.392+0600][48.020s][info][gc,phases   ] GC(70) Pause Relocate Start 0.016ms
[2026-04-03T03:25:26.454+0600][48.082s][info][gc,phases   ] GC(70) Concurrent Relocate 61.463ms
[2026-04-03T03:25:26.454+0600][48.082s][info][gc,load     ] GC(70) Load: 4.93/4.69/5.18
[2026-04-03T03:25:26.454+0600][48.082s][info][gc,mmu      ] GC(70) MMU: 2ms/89.2%, 5ms/95.7%, 10ms/97.8%, 20ms/98.9%, 50ms/99.6%, 100ms/99.8%
[2026-04-03T03:25:26.454+0600][48.082s][info][gc,marking  ] GC(70) Mark: 2 stripe(s), 10 proactive flush(es), 2 terminate flush(es), 0 completion(s), 0 continuation(s) 
[2026-04-03T03:25:26.454+0600][48.082s][info][gc,marking  ] GC(70) Mark Stack Usage: 32M
[2026-04-03T03:25:26.454+0600][48.082s][info][gc,nmethod  ] GC(70) NMethods: 6667 registered, 602 unregistered
[2026-04-03T03:25:26.454+0600][48.082s][info][gc,metaspace] GC(70) Metaspace: 70M used, 71M committed, 1088M reserved
[2026-04-03T03:25:26.454+0600][48.082s][info][gc,ref      ] GC(70) Soft: 3166 encountered, 2741 discovered, 375 enqueued
[2026-04-03T03:25:26.454+0600][48.082s][info][gc,ref      ] GC(70) Weak: 6262 encountered, 1574 discovered, 39 enqueued
[2026-04-03T03:25:26.454+0600][48.082s][info][gc,ref      ] GC(70) Final: 84 encountered, 1 discovered, 0 enqueued
[2026-04-03T03:25:26.454+0600][48.082s][info][gc,ref      ] GC(70) Phantom: 601 encountered, 496 discovered, 0 enqueued
[2026-04-03T03:25:26.454+0600][48.082s][info][gc,reloc    ] GC(70) Small Pages: 344 / 688M, Empty: 10M, Relocated: 31M, In-Place: 0
[2026-04-03T03:25:26.454+0600][48.082s][info][gc,reloc    ] GC(70) Medium Pages: 1 / 32M, Empty: 0M, Relocated: 0M, In-Place: 0
[2026-04-03T03:25:26.454+0600][48.082s][info][gc,reloc    ] GC(70) Large Pages: 7 / 62M, Empty: 12M, Relocated: 0M, In-Place: 0
[2026-04-03T03:25:26.454+0600][48.082s][info][gc,reloc    ] GC(70) Forwarding Usage: 26M
[2026-04-03T03:25:26.454+0600][48.082s][info][gc,heap     ] GC(70) Min Capacity: 8M(1%)
[2026-04-03T03:25:26.454+0600][48.082s][info][gc,heap     ] GC(70) Max Capacity: 1250M(100%)
[2026-04-03T03:25:26.454+0600][48.082s][info][gc,heap     ] GC(70) Soft Max Capacity: 1250M(100%)
[2026-04-03T03:25:26.454+0600][48.082s][info][gc,heap     ] GC(70)                Mark Start          Mark End        Relocate Start      Relocate End           High               Low         
[2026-04-03T03:25:26.454+0600][48.082s][info][gc,heap     ] GC(70)  Capacity:     1250M (100%)       1250M (100%)       1250M (100%)       1250M (100%)       1250M (100%)       1250M (100%)   
[2026-04-03T03:25:26.454+0600][48.082s][info][gc,heap     ] GC(70)      Free:      468M (37%)           0M (0%)           16M (1%)          336M (27%)         468M (37%)           0M (0%)     
[2026-04-03T03:25:26.454+0600][48.082s][info][gc,heap     ] GC(70)      Used:      782M (63%)        1250M (100%)       1234M (99%)         914M (73%)        1250M (100%)        782M (63%)    
[2026-04-03T03:25:26.454+0600][48.082s][info][gc,heap     ] GC(70)      Live:         -               358M (29%)         358M (29%)         358M (29%)            -                  -          
[2026-04-03T03:25:26.454+0600][48.082s][info][gc,heap     ] GC(70) Allocated:         -               468M (37%)         474M (38%)         521M (42%)            -                  -          
[2026-04-03T03:25:26.454+0600][48.082s][info][gc,heap     ] GC(70)   Garbage:         -               423M (34%)         401M (32%)          33M (3%)             -                  -          
[2026-04-03T03:25:26.454+0600][48.082s][info][gc,heap     ] GC(70) Reclaimed:         -                  -                22M (2%)          389M (31%)            -                  -          
[2026-04-03T03:25:26.454+0600][48.082s][info][gc          ] GC(70) Garbage Collection (Allocation Stall) 782M(63%)->914M(73%)
[2026-04-03T03:25:26.503+0600][48.131s][info][gc,start    ] GC(71) Garbage Collection (Allocation Stall)
[2026-04-03T03:25:26.504+0600][48.132s][info][gc,ref      ] GC(71) Clearing All SoftReferences
[2026-04-03T03:25:26.504+0600][48.132s][info][gc,task     ] GC(71) Using 3 workers
[2026-04-03T03:25:26.504+0600][48.132s][info][gc,ref      ] GC(71) Clearing All SoftReferences
[2026-04-03T03:25:26.504+0600][48.132s][info][gc,phases   ] GC(71) Pause Mark Start 0.096ms
[2026-04-03T03:25:27.231+0600][48.859s][info][gc,phases   ] GC(71) Concurrent Mark 726.831ms
[2026-04-03T03:25:27.231+0600][48.859s][info][gc,phases   ] GC(71) Pause Mark End 0.029ms
[2026-04-03T03:25:27.231+0600][48.859s][info][gc,phases   ] GC(71) Concurrent Mark Free 0.003ms
[2026-04-03T03:25:27.239+0600][48.867s][info][gc,phases   ] GC(71) Concurrent Process Non-Strong References 7.542ms
[2026-04-03T03:25:27.239+0600][48.867s][info][gc,phases   ] GC(71) Concurrent Reset Relocation Set 0.019ms
[2026-04-03T03:25:27.242+0600][48.870s][info][gc          ] Allocation Stall (Executor task launch worker for task 1.0 in stage 15.0 (TID 25)) 176.177ms
[2026-04-03T03:25:27.242+0600][48.870s][info][gc          ] Allocation Stall (Executor task launch worker for task 0.0 in stage 15.0 (TID 24)) 174.957ms
[2026-04-03T03:25:27.251+0600][48.879s][info][gc,phases   ] GC(71) Concurrent Select Relocation Set 11.701ms
[2026-04-03T03:25:27.251+0600][48.879s][info][gc,phases   ] GC(71) Pause Relocate Start 0.016ms
[2026-04-03T03:25:27.336+0600][48.964s][info][gc,phases   ] GC(71) Concurrent Relocate 84.916ms
[2026-04-03T03:25:27.359+0600][48.987s][info][gc,load     ] GC(71) Load: 4.93/4.69/5.18
[2026-04-03T03:25:27.359+0600][48.987s][info][gc,mmu      ] GC(71) MMU: 2ms/89.2%, 5ms/95.7%, 10ms/97.8%, 20ms/98.9%, 50ms/99.6%, 100ms/99.8%
[2026-04-03T03:25:27.359+0600][48.987s][info][gc,marking  ] GC(71) Mark: 2 stripe(s), 2 proactive flush(es), 1 terminate flush(es), 0 completion(s), 0 continuation(s) 
[2026-04-03T03:25:27.359+0600][48.987s][info][gc,marking  ] GC(71) Mark Stack Usage: 32M
[2026-04-03T03:25:27.359+0600][48.987s][info][gc,nmethod  ] GC(71) NMethods: 6676 registered, 604 unregistered
[2026-04-03T03:25:27.359+0600][48.987s][info][gc,metaspace] GC(71) Metaspace: 70M used, 71M committed, 1088M reserved
[2026-04-03T03:25:27.359+0600][48.987s][info][gc,ref      ] GC(71) Soft: 2791 encountered, 326 discovered, 0 enqueued
[2026-04-03T03:25:27.359+0600][48.987s][info][gc,ref      ] GC(71) Weak: 5942 encountered, 1768 discovered, 0 enqueued
[2026-04-03T03:25:27.359+0600][48.987s][info][gc,ref      ] GC(71) Final: 84 encountered, 1 discovered, 0 enqueued
[2026-04-03T03:25:27.359+0600][48.987s][info][gc,ref      ] GC(71) Phantom: 601 encountered, 557 discovered, 0 enqueued
[2026-04-03T03:25:27.359+0600][48.987s][info][gc,reloc    ] GC(71) Small Pages: 429 / 858M, Empty: 26M, Relocated: 48M, In-Place: 0
[2026-04-03T03:25:27.359+0600][48.987s][info][gc,reloc    ] GC(71) Medium Pages: 1 / 32M, Empty: 0M, Relocated: 0M, In-Place: 0
[2026-04-03T03:25:27.359+0600][48.987s][info][gc,reloc    ] GC(71) Large Pages: 7 / 74M, Empty: 20M, Relocated: 0M, In-Place: 0
[2026-04-03T03:25:27.359+0600][48.987s][info][gc,reloc    ] GC(71) Forwarding Usage: 40M
[2026-04-03T03:25:27.359+0600][48.987s][info][gc,heap     ] GC(71) Min Capacity: 8M(1%)
[2026-04-03T03:25:27.359+0600][48.987s][info][gc,heap     ] GC(71) Max Capacity: 1250M(100%)
[2026-04-03T03:25:27.359+0600][48.987s][info][gc,heap     ] GC(71) Soft Max Capacity: 1250M(100%)
[2026-04-03T03:25:27.359+0600][48.987s][info][gc,heap     ] GC(71)                Mark Start          Mark End        Relocate Start      Relocate End           High               Low         
[2026-04-03T03:25:27.359+0600][48.987s][info][gc,heap     ] GC(71)  Capacity:     1250M (100%)       1250M (100%)       1250M (100%)       1250M (100%)       1250M (100%)       1250M (100%)   
[2026-04-03T03:25:27.359+0600][48.987s][info][gc,heap     ] GC(71)      Free:      286M (23%)           0M (0%)           38M (3%)          520M (42%)         520M (42%)           0M (0%)     
[2026-04-03T03:25:27.359+0600][48.987s][info][gc,heap     ] GC(71)      Used:      964M (77%)        1250M (100%)       1212M (97%)         730M (58%)        1250M (100%)        730M (58%)    
[2026-04-03T03:25:27.359+0600][48.987s][info][gc,heap     ] GC(71)      Live:         -               348M (28%)         348M (28%)         348M (28%)            -                  -          
[2026-04-03T03:25:27.359+0600][48.987s][info][gc,heap     ] GC(71) Allocated:         -               286M (23%)         294M (24%)         336M (27%)            -                  -          
[2026-04-03T03:25:27.359+0600][48.987s][info][gc,heap     ] GC(71)   Garbage:         -               615M (49%)         569M (46%)          44M (4%)             -                  -          
[2026-04-03T03:25:27.359+0600][48.987s][info][gc,heap     ] GC(71) Reclaimed:         -                  -                46M (4%)          570M (46%)            -                  -          
[2026-04-03T03:25:27.359+0600][48.987s][info][gc          ] GC(71) Garbage Collection (Allocation Stall) 964M(77%)->730M(58%)
[2026-04-03T03:25:27.403+0600][49.031s][info][gc,start    ] GC(72) Garbage Collection (Allocation Stall)
[2026-04-03T03:25:27.404+0600][49.032s][info][gc,ref      ] GC(72) Clearing All SoftReferences
[2026-04-03T03:25:27.404+0600][49.032s][info][gc,task     ] GC(72) Using 3 workers
[2026-04-03T03:25:27.404+0600][49.032s][info][gc,ref      ] GC(72) Clearing All SoftReferences
[2026-04-03T03:25:27.404+0600][49.032s][info][gc,phases   ] GC(72) Pause Mark Start 0.087ms
[2026-04-03T03:25:28.025+0600][49.653s][info][gc,phases   ] GC(72) Concurrent Mark 620.865ms
[2026-04-03T03:25:28.025+0600][49.653s][info][gc,phases   ] GC(72) Pause Mark End 0.075ms
[2026-04-03T03:25:28.026+0600][49.654s][info][gc,phases   ] GC(72) Concurrent Mark Free 0.004ms
[2026-04-03T03:25:28.049+0600][49.677s][info][gc,phases   ] GC(72) Concurrent Process Non-Strong References 23.497ms
[2026-04-03T03:25:28.049+0600][49.677s][info][gc,phases   ] GC(72) Concurrent Reset Relocation Set 0.035ms
[2026-04-03T03:25:28.057+0600][49.685s][info][gc,phases   ] GC(72) Concurrent Select Relocation Set 7.706ms
[2026-04-03T03:25:28.057+0600][49.685s][info][gc,phases   ] GC(72) Pause Relocate Start 0.019ms
[2026-04-03T03:25:28.102+0600][49.730s][info][gc,phases   ] GC(72) Concurrent Relocate 44.245ms
[2026-04-03T03:25:28.102+0600][49.730s][info][gc,load     ] GC(72) Load: 4.93/4.69/5.18
[2026-04-03T03:25:28.102+0600][49.730s][info][gc,mmu      ] GC(72) MMU: 2ms/89.2%, 5ms/95.7%, 10ms/97.8%, 20ms/98.9%, 50ms/99.6%, 100ms/99.8%
[2026-04-03T03:25:28.102+0600][49.730s][info][gc,marking  ] GC(72) Mark: 2 stripe(s), 2 proactive flush(es), 1 terminate flush(es), 0 completion(s), 0 continuation(s) 
[2026-04-03T03:25:28.102+0600][49.730s][info][gc,marking  ] GC(72) Mark Stack Usage: 32M
[2026-04-03T03:25:28.102+0600][49.730s][info][gc,nmethod  ] GC(72) NMethods: 6690 registered, 607 unregistered
[2026-04-03T03:25:28.102+0600][49.730s][info][gc,metaspace] GC(72) Metaspace: 70M used, 71M committed, 1088M reserved
[2026-04-03T03:25:28.102+0600][49.730s][info][gc,ref      ] GC(72) Soft: 2925 encountered, 491 discovered, 136 enqueued
[2026-04-03T03:25:28.102+0600][49.730s][info][gc,ref      ] GC(72) Weak: 5917 encountered, 891 discovered, 43 enqueued
[2026-04-03T03:25:28.102+0600][49.730s][info][gc,ref      ] GC(72) Final: 84 encountered, 1 discovered, 0 enqueued
[2026-04-03T03:25:28.102+0600][49.730s][info][gc,ref      ] GC(72) Phantom: 602 encountered, 425 discovered, 0 enqueued
[2026-04-03T03:25:28.102+0600][49.730s][info][gc,reloc    ] GC(72) Small Pages: 317 / 634M, Empty: 38M, Relocated: 24M, In-Place: 0
[2026-04-03T03:25:28.102+0600][49.730s][info][gc,reloc    ] GC(72) Medium Pages: 2 / 64M, Empty: 32M, Relocated: 0M, In-Place: 0
[2026-04-03T03:25:28.102+0600][49.730s][info][gc,reloc    ] GC(72) Large Pages: 7 / 82M, Empty: 36M, Relocated: 0M, In-Place: 0
[2026-04-03T03:25:28.102+0600][49.730s][info][gc,reloc    ] GC(72) Forwarding Usage: 21M
[2026-04-03T03:25:28.102+0600][49.730s][info][gc,heap     ] GC(72) Min Capacity: 8M(1%)
[2026-04-03T03:25:28.102+0600][49.730s][info][gc,heap     ] GC(72) Max Capacity: 1250M(100%)
[2026-04-03T03:25:28.102+0600][49.730s][info][gc,heap     ] GC(72) Soft Max Capacity: 1250M(100%)
[2026-04-03T03:25:28.102+0600][49.730s][info][gc,heap     ] GC(72)                Mark Start          Mark End        Relocate Start      Relocate End           High               Low         
[2026-04-03T03:25:28.102+0600][49.730s][info][gc,heap     ] GC(72)  Capacity:     1250M (100%)       1250M (100%)       1250M (100%)       1250M (100%)       1250M (100%)       1250M (100%)   
[2026-04-03T03:25:28.102+0600][49.730s][info][gc,heap     ] GC(72)      Free:      470M (38%)         218M (17%)         314M (25%)         648M (52%)         650M (52%)         210M (17%)    
[2026-04-03T03:25:28.102+0600][49.730s][info][gc,heap     ] GC(72)      Used:      780M (62%)        1032M (83%)         936M (75%)         602M (48%)        1040M (83%)         600M (48%)    
[2026-04-03T03:25:28.102+0600][49.730s][info][gc,heap     ] GC(72)      Live:         -               284M (23%)         284M (23%)         284M (23%)            -                  -          
[2026-04-03T03:25:28.102+0600][49.730s][info][gc,heap     ] GC(72) Allocated:         -               252M (20%)         262M (21%)         272M (22%)            -                  -          
[2026-04-03T03:25:28.102+0600][49.730s][info][gc,heap     ] GC(72)   Garbage:         -               495M (40%)         389M (31%)          44M (4%)             -                  -          
[2026-04-03T03:25:28.102+0600][49.730s][info][gc,heap     ] GC(72) Reclaimed:         -                  -               106M (8%)          450M (36%)            -                  -          
[2026-04-03T03:25:28.102+0600][49.730s][info][gc          ] GC(72) Garbage Collection (Allocation Stall) 780M(62%)->602M(48%)
[2026-04-03T03:25:28.103+0600][49.731s][info][gc,start    ] GC(73) Garbage Collection (Allocation Rate)
[2026-04-03T03:25:28.104+0600][49.731s][info][gc,task     ] GC(73) Using 3 workers
[2026-04-03T03:25:28.104+0600][49.732s][info][gc,phases   ] GC(73) Pause Mark Start 0.013ms
[2026-04-03T03:25:28.503+0600][50.131s][info][gc,stats    ] === Garbage Collection Statistics =======================================================================================================================
[2026-04-03T03:25:28.504+0600][50.132s][info][gc,stats    ]                                                              Last 10s              Last 10m              Last 10h                Total
[2026-04-03T03:25:28.504+0600][50.132s][info][gc,stats    ]                                                              Avg / Max             Avg / Max             Avg / Max             Avg / Max
[2026-04-03T03:25:28.504+0600][50.132s][info][gc,stats    ]   Collector: Garbage Collection Cycle                    699.534 / 905.441     408.127 / 1040.034    408.127 / 1040.034    408.127 / 1040.034    ms
[2026-04-03T03:25:28.504+0600][50.132s][info][gc,stats    ]  Contention: Mark Segment Reset Contention                     7 / 26                8 / 64                8 / 64                8 / 64          ops/s
[2026-04-03T03:25:28.504+0600][50.132s][info][gc,stats    ]  Contention: Mark SeqNum Reset Contention                      0 / 1                 0 / 2                 0 / 2                 0 / 2           ops/s
[2026-04-03T03:25:28.504+0600][50.132s][info][gc,stats    ]    Critical: Allocation Stall                                  1 / 3                 0 / 3                 0 / 3                 0 / 3           ops/s
[2026-04-03T03:25:28.504+0600][50.132s][info][gc,stats    ]    Critical: Allocation Stall                            110.161 / 275.013     124.303 / 275.013     124.303 / 275.013     124.303 / 275.013     ms
[2026-04-03T03:25:28.504+0600][50.132s][info][gc,stats    ]    Critical: GC Locker Stall                                   0 / 0                 0 / 2                 0 / 2                 0 / 2           ops/s
[2026-04-03T03:25:28.504+0600][50.132s][info][gc,stats    ]    Critical: GC Locker Stall                               0.000 / 0.000         0.007 / 0.045         0.007 / 0.045         0.007 / 0.045       ms
[2026-04-03T03:25:28.504+0600][50.132s][info][gc,stats    ]    Critical: Relocation Stall                                  0 / 1                 0 / 1                 0 / 1                 0 / 1           ops/s
[2026-04-03T03:25:28.504+0600][50.132s][info][gc,stats    ]    Critical: Relocation Stall                             39.056 / 39.056       39.056 / 39.056       39.056 / 39.056       39.056 / 39.056      ms
[2026-04-03T03:25:28.504+0600][50.132s][info][gc,stats    ]      Memory: Allocation Rate                                 513 / 800             498 / 2832            498 / 2832            498 / 2832        MB/s
[2026-04-03T03:25:28.504+0600][50.132s][info][gc,stats    ]      Memory: Defragment                                       12 / 76                6 / 76                6 / 76                6 / 76          ops/s
[2026-04-03T03:25:28.504+0600][50.132s][info][gc,stats    ]      Memory: Out Of Memory                                     0 / 0                 0 / 0                 0 / 0                 0 / 0           ops/s
[2026-04-03T03:25:28.504+0600][50.132s][info][gc,stats    ]      Memory: Page Cache Flush                                 52 / 180              32 / 180              32 / 180              32 / 180         MB/s
[2026-04-03T03:25:28.504+0600][50.132s][info][gc,stats    ]      Memory: Page Cache Hit L1                               245 / 359             228 / 1446            228 / 1446            228 / 1446        ops/s
[2026-04-03T03:25:28.504+0600][50.132s][info][gc,stats    ]      Memory: Page Cache Hit L2                                 0 / 0                 0 / 0                 0 / 0                 0 / 0           ops/s
[2026-04-03T03:25:28.504+0600][50.132s][info][gc,stats    ]      Memory: Page Cache Hit L3                                11 / 60                9 / 79                9 / 79                9 / 79          ops/s
[2026-04-03T03:25:28.504+0600][50.132s][info][gc,stats    ]      Memory: Page Cache Miss                                   1 / 3                 7 / 128               7 / 128               7 / 128         ops/s
[2026-04-03T03:25:28.504+0600][50.132s][info][gc,stats    ]      Memory: Uncommit                                          0 / 0                 0 / 0                 0 / 0                 0 / 0           MB/s
[2026-04-03T03:25:28.504+0600][50.132s][info][gc,stats    ]      Memory: Undo Object Allocation Failed                     0 / 0                 0 / 0                 0 / 0                 0 / 0           ops/s
[2026-04-03T03:25:28.504+0600][50.132s][info][gc,stats    ]      Memory: Undo Object Allocation Succeeded                  0 / 2                 0 / 6                 0 / 6                 0 / 6           ops/s
[2026-04-03T03:25:28.504+0600][50.132s][info][gc,stats    ]      Memory: Undo Page Allocation                              0 / 0                 0 / 2                 0 / 2                 0 / 2           ops/s
[2026-04-03T03:25:28.504+0600][50.132s][info][gc,stats    ]       Phase: Concurrent Mark                             610.721 / 806.680     351.913 / 1026.634    351.913 / 1026.634    351.913 / 1026.634    ms
[2026-04-03T03:25:28.504+0600][50.132s][info][gc,stats    ]       Phase: Concurrent Mark Continue                      0.000 / 0.000         0.000 / 0.000         0.000 / 0.000         0.000 / 0.000       ms
[2026-04-03T03:25:28.504+0600][50.132s][info][gc,stats    ]       Phase: Concurrent Mark Free                          0.003 / 0.007         0.003 / 0.007         0.003 / 0.007         0.003 / 0.007       ms
[2026-04-03T03:25:28.504+0600][50.132s][info][gc,stats    ]       Phase: Concurrent Process Non-Strong References     14.048 / 28.946       10.449 / 28.946       10.449 / 28.946       10.449 / 28.946      ms
[2026-04-03T03:25:28.504+0600][50.132s][info][gc,stats    ]       Phase: Concurrent Relocate                          61.233 / 106.193      35.583 / 135.169      35.583 / 135.169      35.583 / 135.169     ms
[2026-04-03T03:25:28.504+0600][50.132s][info][gc,stats    ]       Phase: Concurrent Reset Relocation Set               0.027 / 0.081         0.016 / 0.081         0.016 / 0.081         0.016 / 0.081       ms
[2026-04-03T03:25:28.504+0600][50.132s][info][gc,stats    ]       Phase: Concurrent Select Relocation Set              9.708 / 30.131        7.181 / 42.245        7.181 / 42.245        7.181 / 42.245      ms
[2026-04-03T03:25:28.504+0600][50.132s][info][gc,stats    ]       Phase: Pause Mark End                                0.040 / 0.075         0.038 / 0.198         0.038 / 0.198         0.038 / 0.198       ms
[2026-04-03T03:25:28.504+0600][50.132s][info][gc,stats    ]       Phase: Pause Mark Start                              0.049 / 0.101         0.027 / 0.217         0.027 / 0.217         0.027 / 0.217       ms
[2026-04-03T03:25:28.504+0600][50.132s][info][gc,stats    ]       Phase: Pause Relocate Start                          0.017 / 0.025         0.021 / 0.051         0.021 / 0.051         0.021 / 0.051       ms
[2026-04-03T03:25:28.504+0600][50.132s][info][gc,stats    ]    Subphase: Concurrent Classes Purge                      0.123 / 0.470         0.129 / 0.890         0.129 / 0.890         0.129 / 0.890       ms
[2026-04-03T03:25:28.504+0600][50.132s][info][gc,stats    ]    Subphase: Concurrent Classes Unlink                    11.743 / 25.636        8.404 / 25.636        8.404 / 25.636        8.404 / 25.636      ms
[2026-04-03T03:25:28.504+0600][50.132s][info][gc,stats    ]    Subphase: Concurrent Mark                             609.098 / 805.567     364.384 / 1026.152    364.384 / 1026.152    364.384 / 1026.152    ms
[2026-04-03T03:25:28.504+0600][50.132s][info][gc,stats    ]    Subphase: Concurrent Mark Try Flush                     0.288 / 0.621         0.292 / 20.563        0.292 / 20.563        0.292 / 20.563      ms
[2026-04-03T03:25:28.504+0600][50.132s][info][gc,stats    ]    Subphase: Concurrent Mark Try Terminate                 0.928 / 1.209         1.078 / 2.363         1.078 / 2.363         1.078 / 2.363       ms
[2026-04-03T03:25:28.504+0600][50.132s][info][gc,stats    ]    Subphase: Concurrent References Enqueue                 0.006 / 0.012         0.005 / 0.034         0.005 / 0.034         0.005 / 0.034       ms
[2026-04-03T03:25:28.504+0600][50.132s][info][gc,stats    ]    Subphase: Concurrent References Process                 0.608 / 1.072         0.500 / 1.072         0.500 / 1.072         0.500 / 1.072       ms
[2026-04-03T03:25:28.504+0600][50.132s][info][gc,stats    ]    Subphase: Concurrent Roots ClassLoaderDataGraph         0.262 / 0.784         0.245 / 0.784         0.245 / 0.784         0.245 / 0.784       ms
[2026-04-03T03:25:28.504+0600][50.132s][info][gc,stats    ]    Subphase: Concurrent Roots CodeCache                    0.000 / 0.000         0.000 / 0.000         0.000 / 0.000         0.000 / 0.000       ms
[2026-04-03T03:25:28.504+0600][50.132s][info][gc,stats    ]    Subphase: Concurrent Roots JavaThreads                  0.582 / 1.218         0.481 / 2.260         0.481 / 2.260         0.481 / 2.260       ms
[2026-04-03T03:25:28.504+0600][50.132s][info][gc,stats    ]    Subphase: Concurrent Roots OopStorageSet                0.057 / 0.199         0.049 / 0.199         0.049 / 0.199         0.049 / 0.199       ms
[2026-04-03T03:25:28.504+0600][50.132s][info][gc,stats    ]    Subphase: Concurrent Weak Roots OopStorageSet           0.884 / 1.495         0.825 / 2.311         0.825 / 2.311         0.825 / 2.311       ms
[2026-04-03T03:25:28.504+0600][50.132s][info][gc,stats    ]    Subphase: Pause Mark Try Complete                       0.000 / 0.000         0.004 / 0.008         0.004 / 0.008         0.004 / 0.008       ms
[2026-04-03T03:25:28.504+0600][50.132s][info][gc,stats    ]      System: Java Threads                                    136 / 139              84 / 139              84 / 139              84 / 139         threads
[2026-04-03T03:25:28.504+0600][50.132s][info][gc,stats    ] =========================================================================================================================================================
[2026-04-03T03:25:28.614+0600][50.242s][info][gc,phases   ] GC(73) Concurrent Mark 510.322ms
[2026-04-03T03:25:28.615+0600][50.243s][info][gc,phases   ] GC(73) Pause Mark End 0.022ms
[2026-04-03T03:25:28.615+0600][50.243s][info][gc,phases   ] GC(73) Concurrent Mark Free 0.001ms
[2026-04-03T03:25:28.621+0600][50.249s][info][gc,phases   ] GC(73) Concurrent Process Non-Strong References 5.884ms
[2026-04-03T03:25:28.621+0600][50.249s][info][gc,phases   ] GC(73) Concurrent Reset Relocation Set 0.027ms
[2026-04-03T03:25:28.628+0600][50.256s][info][gc,phases   ] GC(73) Concurrent Select Relocation Set 6.916ms
[2026-04-03T03:25:28.628+0600][50.256s][info][gc,phases   ] GC(73) Pause Relocate Start 0.009ms
[2026-04-03T03:25:28.672+0600][50.300s][info][gc,phases   ] GC(73) Concurrent Relocate 43.749ms
[2026-04-03T03:25:28.672+0600][50.300s][info][gc,load     ] GC(73) Load: 4.93/4.69/5.18
[2026-04-03T03:25:28.672+0600][50.300s][info][gc,mmu      ] GC(73) MMU: 2ms/89.2%, 5ms/95.7%, 10ms/97.8%, 20ms/98.9%, 50ms/99.6%, 100ms/99.8%
[2026-04-03T03:25:28.672+0600][50.300s][info][gc,marking  ] GC(73) Mark: 2 stripe(s), 7 proactive flush(es), 1 terminate flush(es), 0 completion(s), 0 continuation(s) 
[2026-04-03T03:25:28.672+0600][50.300s][info][gc,marking  ] GC(73) Mark Stack Usage: 32M
[2026-04-03T03:25:28.672+0600][50.300s][info][gc,nmethod  ] GC(73) NMethods: 6702 registered, 609 unregistered
[2026-04-03T03:25:28.672+0600][50.300s][info][gc,metaspace] GC(73) Metaspace: 70M used, 71M committed, 1088M reserved
[2026-04-03T03:25:28.672+0600][50.300s][info][gc,ref      ] GC(73) Soft: 2811 encountered, 0 discovered, 0 enqueued
[2026-04-03T03:25:28.672+0600][50.300s][info][gc,ref      ] GC(73) Weak: 5896 encountered, 427 discovered, 5 enqueued
[2026-04-03T03:25:28.672+0600][50.300s][info][gc,ref      ] GC(73) Final: 84 encountered, 1 discovered, 0 enqueued
[2026-04-03T03:25:28.672+0600][50.300s][info][gc,ref      ] GC(73) Phantom: 600 encountered, 529 discovered, 0 enqueued
[2026-04-03T03:25:28.672+0600][50.300s][info][gc,reloc    ] GC(73) Small Pages: 246 / 492M, Empty: 8M, Relocated: 29M, In-Place: 0
[2026-04-03T03:25:28.672+0600][50.300s][info][gc,reloc    ] GC(73) Medium Pages: 2 / 64M, Empty: 0M, Relocated: 14M, In-Place: 0
[2026-04-03T03:25:28.672+0600][50.300s][info][gc,reloc    ] GC(73) Large Pages: 3 / 46M, Empty: 18M, Relocated: 0M, In-Place: 0
[2026-04-03T03:25:28.672+0600][50.300s][info][gc,reloc    ] GC(73) Forwarding Usage: 28M
[2026-04-03T03:25:28.672+0600][50.300s][info][gc,heap     ] GC(73) Min Capacity: 8M(1%)
[2026-04-03T03:25:28.672+0600][50.300s][info][gc,heap     ] GC(73) Max Capacity: 1250M(100%)
[2026-04-03T03:25:28.672+0600][50.300s][info][gc,heap     ] GC(73) Soft Max Capacity: 1250M(100%)
[2026-04-03T03:25:28.672+0600][50.300s][info][gc,heap     ] GC(73)                Mark Start          Mark End        Relocate Start      Relocate End           High               Low         
[2026-04-03T03:25:28.672+0600][50.300s][info][gc,heap     ] GC(73)  Capacity:     1250M (100%)       1250M (100%)       1250M (100%)       1250M (100%)       1250M (100%)       1250M (100%)   
[2026-04-03T03:25:28.672+0600][50.300s][info][gc,heap     ] GC(73)      Free:      648M (52%)         430M (34%)         450M (36%)         730M (58%)         730M (58%)         416M (33%)    
[2026-04-03T03:25:28.672+0600][50.300s][info][gc,heap     ] GC(73)      Used:      602M (48%)         820M (66%)         800M (64%)         520M (42%)         834M (67%)         520M (42%)    
[2026-04-03T03:25:28.672+0600][50.300s][info][gc,heap     ] GC(73)      Live:         -               247M (20%)         247M (20%)         247M (20%)            -                  -          
[2026-04-03T03:25:28.672+0600][50.300s][info][gc,heap     ] GC(73) Allocated:         -               218M (17%)         224M (18%)         237M (19%)            -                  -          
[2026-04-03T03:25:28.672+0600][50.300s][info][gc,heap     ] GC(73)   Garbage:         -               354M (28%)         328M (26%)          34M (3%)             -                  -          
[2026-04-03T03:25:28.672+0600][50.300s][info][gc,heap     ] GC(73) Reclaimed:         -                  -                26M (2%)          319M (26%)            -                  -          
[2026-04-03T03:25:28.672+0600][50.300s][info][gc          ] GC(73) Garbage Collection (Allocation Rate) 602M(48%)->520M(42%)
[2026-04-03T03:25:29.404+0600][51.032s][info][gc,start    ] GC(74) Garbage Collection (Allocation Rate)
[2026-04-03T03:25:29.404+0600][51.032s][info][gc,task     ] GC(74) Using 3 workers
[2026-04-03T03:25:29.404+0600][51.032s][info][gc,phases   ] GC(74) Pause Mark Start 0.015ms
[2026-04-03T03:25:29.750+0600][51.378s][info][gc,phases   ] GC(74) Concurrent Mark 345.761ms
[2026-04-03T03:25:29.751+0600][51.378s][info][gc,phases   ] GC(74) Pause Mark End 0.035ms
[2026-04-03T03:25:29.751+0600][51.379s][info][gc,phases   ] GC(74) Concurrent Mark Free 0.002ms
[2026-04-03T03:25:29.761+0600][51.389s][info][gc,phases   ] GC(74) Concurrent Process Non-Strong References 10.428ms
[2026-04-03T03:25:29.761+0600][51.389s][info][gc,phases   ] GC(74) Concurrent Reset Relocation Set 0.035ms
[2026-04-03T03:25:29.768+0600][51.396s][info][gc,phases   ] GC(74) Concurrent Select Relocation Set 7.155ms
[2026-04-03T03:25:29.769+0600][51.397s][info][gc,phases   ] GC(74) Pause Relocate Start 0.021ms
[2026-04-03T03:25:29.817+0600][51.445s][info][gc,phases   ] GC(74) Concurrent Relocate 48.483ms
[2026-04-03T03:25:29.818+0600][51.446s][info][gc,load     ] GC(74) Load: 4.93/4.69/5.18
[2026-04-03T03:25:29.818+0600][51.446s][info][gc,mmu      ] GC(74) MMU: 2ms/89.2%, 5ms/95.7%, 10ms/97.8%, 20ms/98.9%, 50ms/99.6%, 100ms/99.8%
[2026-04-03T03:25:29.818+0600][51.446s][info][gc,marking  ] GC(74) Mark: 2 stripe(s), 2 proactive flush(es), 1 terminate flush(es), 0 completion(s), 0 continuation(s) 
[2026-04-03T03:25:29.818+0600][51.446s][info][gc,marking  ] GC(74) Mark Stack Usage: 32M
[2026-04-03T03:25:29.818+0600][51.446s][info][gc,nmethod  ] GC(74) NMethods: 6800 registered, 615 unregistered
[2026-04-03T03:25:29.818+0600][51.446s][info][gc,metaspace] GC(74) Metaspace: 70M used, 71M committed, 1088M reserved
[2026-04-03T03:25:29.818+0600][51.446s][info][gc,ref      ] GC(74) Soft: 2942 encountered, 0 discovered, 0 enqueued
[2026-04-03T03:25:29.818+0600][51.446s][info][gc,ref      ] GC(74) Weak: 6120 encountered, 2012 discovered, 22 enqueued
[2026-04-03T03:25:29.818+0600][51.446s][info][gc,ref      ] GC(74) Final: 84 encountered, 1 discovered, 0 enqueued
[2026-04-03T03:25:29.818+0600][51.446s][info][gc,ref      ] GC(74) Phantom: 601 encountered, 530 discovered, 0 enqueued
[2026-04-03T03:25:29.818+0600][51.446s][info][gc,reloc    ] GC(74) Small Pages: 303 / 606M, Empty: 14M, Relocated: 24M, In-Place: 0
[2026-04-03T03:25:29.818+0600][51.446s][info][gc,reloc    ] GC(74) Medium Pages: 2 / 64M, Empty: 32M, Relocated: 0M, In-Place: 0
[2026-04-03T03:25:29.818+0600][51.446s][info][gc,reloc    ] GC(74) Large Pages: 3 / 46M, Empty: 28M, Relocated: 0M, In-Place: 0
[2026-04-03T03:25:29.818+0600][51.446s][info][gc,reloc    ] GC(74) Forwarding Usage: 23M
[2026-04-03T03:25:29.818+0600][51.446s][info][gc,heap     ] GC(74) Min Capacity: 8M(1%)
[2026-04-03T03:25:29.818+0600][51.446s][info][gc,heap     ] GC(74) Max Capacity: 1250M(100%)
[2026-04-03T03:25:29.818+0600][51.446s][info][gc,heap     ] GC(74) Soft Max Capacity: 1250M(100%)
[2026-04-03T03:25:29.818+0600][51.446s][info][gc,heap     ] GC(74)                Mark Start          Mark End        Relocate Start      Relocate End           High               Low         
[2026-04-03T03:25:29.818+0600][51.446s][info][gc,heap     ] GC(74)  Capacity:     1250M (100%)       1250M (100%)       1250M (100%)       1250M (100%)       1250M (100%)       1250M (100%)   
[2026-04-03T03:25:29.818+0600][51.446s][info][gc,heap     ] GC(74)      Free:      534M (43%)         362M (29%)         428M (34%)         810M (65%)         810M (65%)         354M (28%)    
[2026-04-03T03:25:29.818+0600][51.446s][info][gc,heap     ] GC(74)      Used:      716M (57%)         888M (71%)         822M (66%)         440M (35%)         896M (72%)         440M (35%)    
[2026-04-03T03:25:29.818+0600][51.446s][info][gc,heap     ] GC(74)      Live:         -               213M (17%)         213M (17%)         213M (17%)            -                  -          
[2026-04-03T03:25:29.818+0600][51.446s][info][gc,heap     ] GC(74) Allocated:         -               172M (14%)         180M (14%)         193M (16%)            -                  -          
[2026-04-03T03:25:29.818+0600][51.446s][info][gc,heap     ] GC(74)   Garbage:         -               502M (40%)         428M (34%)          32M (3%)             -                  -          
[2026-04-03T03:25:29.818+0600][51.446s][info][gc,heap     ] GC(74) Reclaimed:         -                  -                74M (6%)          469M (38%)            -                  -          
[2026-04-03T03:25:29.818+0600][51.446s][info][gc          ] GC(74) Garbage Collection (Allocation Rate) 716M(57%)->440M(35%)
[2026-04-03T03:25:30.104+0600][51.732s][info][gc,start    ] GC(75) Garbage Collection (Allocation Rate)
[2026-04-03T03:25:30.104+0600][51.732s][info][gc,task     ] GC(75) Using 3 workers
[2026-04-03T03:25:30.104+0600][51.732s][info][gc,phases   ] GC(75) Pause Mark Start 0.009ms
[2026-04-03T03:25:30.473+0600][52.101s][info][gc,phases   ] GC(75) Concurrent Mark 369.023ms
[2026-04-03T03:25:30.473+0600][52.101s][info][gc,phases   ] GC(75) Pause Mark End 0.049ms
[2026-04-03T03:25:30.474+0600][52.102s][info][gc,phases   ] GC(75) Concurrent Mark Free 0.002ms
[2026-04-03T03:25:30.504+0600][52.132s][info][gc,phases   ] GC(75) Concurrent Process Non-Strong References 30.175ms
[2026-04-03T03:25:30.504+0600][52.132s][info][gc,phases   ] GC(75) Concurrent Reset Relocation Set 0.046ms
[2026-04-03T03:25:30.513+0600][52.141s][info][gc,phases   ] GC(75) Concurrent Select Relocation Set 9.059ms
[2026-04-03T03:25:30.514+0600][52.142s][info][gc,phases   ] GC(75) Pause Relocate Start 0.018ms
[2026-04-03T03:25:30.538+0600][52.166s][info][gc,phases   ] GC(75) Concurrent Relocate 23.782ms
[2026-04-03T03:25:30.538+0600][52.166s][info][gc,load     ] GC(75) Load: 4.93/4.69/5.18
[2026-04-03T03:25:30.538+0600][52.166s][info][gc,mmu      ] GC(75) MMU: 2ms/89.2%, 5ms/95.7%, 10ms/97.8%, 20ms/98.9%, 50ms/99.6%, 100ms/99.8%
[2026-04-03T03:25:30.538+0600][52.166s][info][gc,marking  ] GC(75) Mark: 2 stripe(s), 2 proactive flush(es), 1 terminate flush(es), 0 completion(s), 0 continuation(s) 
[2026-04-03T03:25:30.538+0600][52.166s][info][gc,marking  ] GC(75) Mark Stack Usage: 32M
[2026-04-03T03:25:30.538+0600][52.166s][info][gc,nmethod  ] GC(75) NMethods: 6877 registered, 634 unregistered
[2026-04-03T03:25:30.538+0600][52.166s][info][gc,metaspace] GC(75) Metaspace: 71M used, 71M committed, 1088M reserved
[2026-04-03T03:25:30.538+0600][52.166s][info][gc,ref      ] GC(75) Soft: 3230 encountered, 0 discovered, 0 enqueued
[2026-04-03T03:25:30.538+0600][52.166s][info][gc,ref      ] GC(75) Weak: 6676 encountered, 1939 discovered, 364 enqueued
[2026-04-03T03:25:30.538+0600][52.166s][info][gc,ref      ] GC(75) Final: 84 encountered, 1 discovered, 0 enqueued
[2026-04-03T03:25:30.538+0600][52.166s][info][gc,ref      ] GC(75) Phantom: 603 encountered, 548 discovered, 0 enqueued
[2026-04-03T03:25:30.538+0600][52.166s][info][gc,reloc    ] GC(75) Small Pages: 261 / 522M, Empty: 242M, Relocated: 5M, In-Place: 0
[2026-04-03T03:25:30.538+0600][52.166s][info][gc,reloc    ] GC(75) Medium Pages: 2 / 64M, Empty: 0M, Relocated: 14M, In-Place: 0
[2026-04-03T03:25:30.538+0600][52.166s][info][gc,reloc    ] GC(75) Large Pages: 9 / 78M, Empty: 78M, Relocated: 0M, In-Place: 0
[2026-04-03T03:25:30.538+0600][52.166s][info][gc,reloc    ] GC(75) Forwarding Usage: 3M
[2026-04-03T03:25:30.538+0600][52.166s][info][gc,heap     ] GC(75) Min Capacity: 8M(1%)
[2026-04-03T03:25:30.538+0600][52.166s][info][gc,heap     ] GC(75) Max Capacity: 1250M(100%)
[2026-04-03T03:25:30.538+0600][52.166s][info][gc,heap     ] GC(75) Soft Max Capacity: 1250M(100%)
[2026-04-03T03:25:30.538+0600][52.166s][info][gc,heap     ] GC(75)                Mark Start          Mark End        Relocate Start      Relocate End           High               Low         
[2026-04-03T03:25:30.538+0600][52.166s][info][gc,heap     ] GC(75)  Capacity:     1250M (100%)       1250M (100%)       1250M (100%)       1250M (100%)       1250M (100%)       1250M (100%)   
[2026-04-03T03:25:30.538+0600][52.166s][info][gc,heap     ] GC(75)      Free:      586M (47%)         362M (29%)         634M (51%)         748M (60%)         748M (60%)         330M (26%)    
[2026-04-03T03:25:30.538+0600][52.166s][info][gc,heap     ] GC(75)      Used:      664M (53%)         888M (71%)         616M (49%)         502M (40%)         920M (74%)         502M (40%)    
[2026-04-03T03:25:30.538+0600][52.166s][info][gc,heap     ] GC(75)      Live:         -               176M (14%)         176M (14%)         176M (14%)            -                  -          
[2026-04-03T03:25:30.538+0600][52.166s][info][gc,heap     ] GC(75) Allocated:         -               224M (18%)         272M (22%)         297M (24%)            -                  -          
[2026-04-03T03:25:30.538+0600][52.166s][info][gc,heap     ] GC(75)   Garbage:         -               487M (39%)         167M (13%)          28M (2%)             -                  -          
[2026-04-03T03:25:30.538+0600][52.166s][info][gc,heap     ] GC(75) Reclaimed:         -                  -               320M (26%)         459M (37%)            -                  -          
[2026-04-03T03:25:30.538+0600][52.166s][info][gc          ] GC(75) Garbage Collection (Allocation Rate) 664M(53%)->502M(40%)
[2026-04-03T03:25:30.604+0600][52.232s][info][gc,start    ] GC(76) Garbage Collection (Allocation Rate)
[2026-04-03T03:25:30.604+0600][52.232s][info][gc,task     ] GC(76) Using 3 workers
[2026-04-03T03:25:30.604+0600][52.232s][info][gc,phases   ] GC(76) Pause Mark Start 0.009ms
[2026-04-03T03:25:30.922+0600][52.550s][info][gc,phases   ] GC(76) Concurrent Mark 317.986ms
[2026-04-03T03:25:30.922+0600][52.550s][info][gc,phases   ] GC(76) Pause Mark End 0.039ms
[2026-04-03T03:25:30.922+0600][52.550s][info][gc,phases   ] GC(76) Concurrent Mark Free 0.002ms
[2026-04-03T03:25:30.933+0600][52.561s][info][gc,phases   ] GC(76) Concurrent Process Non-Strong References 10.918ms
[2026-04-03T03:25:30.934+0600][52.561s][info][gc,phases   ] GC(76) Concurrent Reset Relocation Set 0.014ms
[2026-04-03T03:25:30.939+0600][52.567s][info][gc,phases   ] GC(76) Concurrent Select Relocation Set 5.354ms
[2026-04-03T03:25:30.939+0600][52.567s][info][gc,phases   ] GC(76) Pause Relocate Start 0.019ms
[2026-04-03T03:25:30.941+0600][52.569s][info][gc,phases   ] GC(76) Concurrent Relocate 1.276ms
[2026-04-03T03:25:30.941+0600][52.569s][info][gc,load     ] GC(76) Load: 4.93/4.69/5.18
[2026-04-03T03:25:30.941+0600][52.569s][info][gc,mmu      ] GC(76) MMU: 2ms/89.2%, 5ms/95.7%, 10ms/97.8%, 20ms/98.9%, 50ms/99.6%, 100ms/99.8%
[2026-04-03T03:25:30.941+0600][52.569s][info][gc,marking  ] GC(76) Mark: 2 stripe(s), 2 proactive flush(es), 1 terminate flush(es), 0 completion(s), 0 continuation(s) 
[2026-04-03T03:25:30.941+0600][52.569s][info][gc,marking  ] GC(76) Mark Stack Usage: 32M
[2026-04-03T03:25:30.941+0600][52.569s][info][gc,nmethod  ] GC(76) NMethods: 6984 registered, 638 unregistered
[2026-04-03T03:25:30.941+0600][52.569s][info][gc,metaspace] GC(76) Metaspace: 71M used, 71M committed, 1088M reserved
[2026-04-03T03:25:30.941+0600][52.569s][info][gc,ref      ] GC(76) Soft: 3246 encountered, 0 discovered, 0 enqueued
[2026-04-03T03:25:30.941+0600][52.569s][info][gc,ref      ] GC(76) Weak: 6367 encountered, 2138 discovered, 85 enqueued
[2026-04-03T03:25:30.941+0600][52.569s][info][gc,ref      ] GC(76) Final: 84 encountered, 1 discovered, 0 enqueued
[2026-04-03T03:25:30.941+0600][52.569s][info][gc,ref      ] GC(76) Phantom: 600 encountered, 500 discovered, 0 enqueued
[2026-04-03T03:25:30.941+0600][52.569s][info][gc,reloc    ] GC(76) Small Pages: 209 / 418M, Empty: 216M, Relocated: 1M, In-Place: 0
[2026-04-03T03:25:30.941+0600][52.569s][info][gc,reloc    ] GC(76) Medium Pages: 2 / 64M, Empty: 32M, Relocated: 0M, In-Place: 0
[2026-04-03T03:25:30.941+0600][52.569s][info][gc,reloc    ] GC(76) Large Pages: 7 / 54M, Empty: 54M, Relocated: 0M, In-Place: 0
[2026-04-03T03:25:30.941+0600][52.569s][info][gc,reloc    ] GC(76) Forwarding Usage: 0M
[2026-04-03T03:25:30.941+0600][52.569s][info][gc,heap     ] GC(76) Min Capacity: 8M(1%)
[2026-04-03T03:25:30.941+0600][52.569s][info][gc,heap     ] GC(76) Max Capacity: 1250M(100%)
[2026-04-03T03:25:30.941+0600][52.569s][info][gc,heap     ] GC(76) Soft Max Capacity: 1250M(100%)
[2026-04-03T03:25:30.941+0600][52.569s][info][gc,heap     ] GC(76)                Mark Start          Mark End        Relocate Start      Relocate End           High               Low         
[2026-04-03T03:25:30.941+0600][52.569s][info][gc,heap     ] GC(76)  Capacity:     1250M (100%)       1250M (100%)       1250M (100%)       1250M (100%)       1250M (100%)       1250M (100%)   
[2026-04-03T03:25:30.941+0600][52.569s][info][gc,heap     ] GC(76)      Free:      714M (57%)         492M (39%)         782M (63%)         812M (65%)         812M (65%)         490M (39%)    
[2026-04-03T03:25:30.941+0600][52.569s][info][gc,heap     ] GC(76)      Used:      536M (43%)         758M (61%)         468M (37%)         438M (35%)         760M (61%)         438M (35%)    
[2026-04-03T03:25:30.941+0600][52.569s][info][gc,heap     ] GC(76)      Live:         -               169M (14%)         169M (14%)         169M (14%)            -                  -          
[2026-04-03T03:25:30.941+0600][52.569s][info][gc,heap     ] GC(76) Allocated:         -               222M (18%)         234M (19%)         233M (19%)            -                  -          
[2026-04-03T03:25:30.941+0600][52.569s][info][gc,heap     ] GC(76)   Garbage:         -               366M (29%)          64M (5%)           34M (3%)             -                  -          
[2026-04-03T03:25:30.941+0600][52.569s][info][gc,heap     ] GC(76) Reclaimed:         -                  -               302M (24%)         331M (27%)            -                  -          
[2026-04-03T03:25:30.941+0600][52.569s][info][gc          ] GC(76) Garbage Collection (Allocation Rate) 536M(43%)->438M(35%)
[2026-04-03T03:25:31.003+0600][52.631s][info][gc,start    ] GC(77) Garbage Collection (Allocation Rate)
[2026-04-03T03:25:31.004+0600][52.631s][info][gc,task     ] GC(77) Using 3 workers
[2026-04-03T03:25:31.004+0600][52.632s][info][gc,phases   ] GC(77) Pause Mark Start 0.026ms
[2026-04-03T03:25:31.429+0600][53.057s][info][gc,phases   ] GC(77) Concurrent Mark 425.372ms
[2026-04-03T03:25:31.429+0600][53.057s][info][gc,phases   ] GC(77) Pause Mark End 0.045ms
[2026-04-03T03:25:31.430+0600][53.058s][info][gc,phases   ] GC(77) Concurrent Mark Free 0.001ms
[2026-04-03T03:25:31.439+0600][53.067s][info][gc,phases   ] GC(77) Concurrent Process Non-Strong References 9.052ms
[2026-04-03T03:25:31.439+0600][53.067s][info][gc,phases   ] GC(77) Concurrent Reset Relocation Set 0.004ms
[2026-04-03T03:25:31.454+0600][53.082s][info][gc,phases   ] GC(77) Concurrent Select Relocation Set 15.585ms
[2026-04-03T03:25:31.455+0600][53.083s][info][gc,phases   ] GC(77) Pause Relocate Start 0.032ms
[2026-04-03T03:25:31.502+0600][53.130s][info][gc,phases   ] GC(77) Concurrent Relocate 47.135ms
[2026-04-03T03:25:31.502+0600][53.130s][info][gc,load     ] GC(77) Load: 4.93/4.69/5.18
[2026-04-03T03:25:31.502+0600][53.130s][info][gc,mmu      ] GC(77) MMU: 2ms/89.2%, 5ms/95.7%, 10ms/97.8%, 20ms/98.9%, 50ms/99.6%, 100ms/99.8%
[2026-04-03T03:25:31.502+0600][53.130s][info][gc,marking  ] GC(77) Mark: 2 stripe(s), 10 proactive flush(es), 1 terminate flush(es), 0 completion(s), 0 continuation(s) 
[2026-04-03T03:25:31.502+0600][53.130s][info][gc,marking  ] GC(77) Mark Stack Usage: 32M
[2026-04-03T03:25:31.502+0600][53.130s][info][gc,nmethod  ] GC(77) NMethods: 6998 registered, 639 unregistered
[2026-04-03T03:25:31.502+0600][53.130s][info][gc,metaspace] GC(77) Metaspace: 71M used, 71M committed, 1088M reserved
[2026-04-03T03:25:31.502+0600][53.130s][info][gc,ref      ] GC(77) Soft: 3255 encountered, 0 discovered, 0 enqueued
[2026-04-03T03:25:31.502+0600][53.130s][info][gc,ref      ] GC(77) Weak: 6430 encountered, 2343 discovered, 155 enqueued
[2026-04-03T03:25:31.502+0600][53.130s][info][gc,ref      ] GC(77) Final: 84 encountered, 3 discovered, 0 enqueued
[2026-04-03T03:25:31.502+0600][53.130s][info][gc,ref      ] GC(77) Phantom: 607 encountered, 499 discovered, 0 enqueued
[2026-04-03T03:25:31.502+0600][53.130s][info][gc,reloc    ] GC(77) Small Pages: 179 / 358M, Empty: 4M, Relocated: 27M, In-Place: 0
[2026-04-03T03:25:31.502+0600][53.130s][info][gc,reloc    ] GC(77) Medium Pages: 2 / 64M, Empty: 32M, Relocated: 0M, In-Place: 0
[2026-04-03T03:25:31.502+0600][53.130s][info][gc,reloc    ] GC(77) Large Pages: 6 / 48M, Empty: 12M, Relocated: 0M, In-Place: 0
[2026-04-03T03:25:31.502+0600][53.130s][info][gc,reloc    ] GC(77) Forwarding Usage: 26M
[2026-04-03T03:25:31.502+0600][53.130s][info][gc,heap     ] GC(77) Min Capacity: 8M(1%)
[2026-04-03T03:25:31.502+0600][53.130s][info][gc,heap     ] GC(77) Max Capacity: 1250M(100%)
[2026-04-03T03:25:31.502+0600][53.130s][info][gc,heap     ] GC(77) Soft Max Capacity: 1250M(100%)
[2026-04-03T03:25:31.502+0600][53.130s][info][gc,heap     ] GC(77)                Mark Start          Mark End        Relocate Start      Relocate End           High               Low         
[2026-04-03T03:25:31.502+0600][53.130s][info][gc,heap     ] GC(77)  Capacity:     1250M (100%)       1250M (100%)       1250M (100%)       1250M (100%)       1250M (100%)       1250M (100%)   
[2026-04-03T03:25:31.502+0600][53.130s][info][gc,heap     ] GC(77)      Free:      780M (62%)         632M (51%)         634M (51%)         784M (63%)         784M (63%)         588M (47%)    
[2026-04-03T03:25:31.502+0600][53.130s][info][gc,heap     ] GC(77)      Used:      470M (38%)         618M (49%)         616M (49%)         466M (37%)         662M (53%)         466M (37%)    
[2026-04-03T03:25:31.502+0600][53.130s][info][gc,heap     ] GC(77)      Live:         -               229M (18%)         229M (18%)         229M (18%)            -                  -          
[2026-04-03T03:25:31.502+0600][53.130s][info][gc,heap     ] GC(77) Allocated:         -               148M (12%)         194M (16%)         205M (16%)            -                  -          
[2026-04-03T03:25:31.502+0600][53.130s][info][gc,heap     ] GC(77)   Garbage:         -               240M (19%)         192M (15%)          31M (3%)             -                  -          
[2026-04-03T03:25:31.502+0600][53.130s][info][gc,heap     ] GC(77) Reclaimed:         -                  -                48M (4%)          209M (17%)            -                  -          
[2026-04-03T03:25:31.502+0600][53.130s][info][gc          ] GC(77) Garbage Collection (Allocation Rate) 470M(38%)->466M(37%)
[2026-04-03T03:25:31.504+0600][53.132s][info][gc,start    ] GC(78) Garbage Collection (Allocation Rate)
[2026-04-03T03:25:31.504+0600][53.132s][info][gc,task     ] GC(78) Using 3 workers
[2026-04-03T03:25:31.504+0600][53.132s][info][gc,phases   ] GC(78) Pause Mark Start 0.011ms
[2026-04-03T03:25:31.825+0600][53.453s][info][gc,phases   ] GC(78) Concurrent Mark 320.470ms
[2026-04-03T03:25:31.825+0600][53.453s][info][gc,phases   ] GC(78) Pause Mark End 0.032ms
[2026-04-03T03:25:31.825+0600][53.453s][info][gc,phases   ] GC(78) Concurrent Mark Free 0.002ms
[2026-04-03T03:25:31.835+0600][53.463s][info][gc,phases   ] GC(78) Concurrent Process Non-Strong References 9.625ms
[2026-04-03T03:25:31.835+0600][53.463s][info][gc,phases   ] GC(78) Concurrent Reset Relocation Set 0.025ms
[2026-04-03T03:25:31.841+0600][53.469s][info][gc,phases   ] GC(78) Concurrent Select Relocation Set 5.663ms
[2026-04-03T03:25:31.841+0600][53.469s][info][gc,phases   ] GC(78) Pause Relocate Start 0.016ms
[2026-04-03T03:25:31.860+0600][53.488s][info][gc,phases   ] GC(78) Concurrent Relocate 18.915ms
[2026-04-03T03:25:31.861+0600][53.489s][info][gc,load     ] GC(78) Load: 4.93/4.69/5.18
[2026-04-03T03:25:31.861+0600][53.489s][info][gc,mmu      ] GC(78) MMU: 2ms/89.2%, 5ms/95.7%, 10ms/97.8%, 20ms/98.9%, 50ms/99.6%, 100ms/99.8%
[2026-04-03T03:25:31.861+0600][53.489s][info][gc,marking  ] GC(78) Mark: 2 stripe(s), 10 proactive flush(es), 1 terminate flush(es), 0 completion(s), 0 continuation(s) 
[2026-04-03T03:25:31.861+0600][53.489s][info][gc,marking  ] GC(78) Mark Stack Usage: 32M
[2026-04-03T03:25:31.861+0600][53.489s][info][gc,nmethod  ] GC(78) NMethods: 7033 registered, 641 unregistered
[2026-04-03T03:25:31.861+0600][53.489s][info][gc,metaspace] GC(78) Metaspace: 71M used, 71M committed, 1088M reserved
[2026-04-03T03:25:31.861+0600][53.489s][info][gc,ref      ] GC(78) Soft: 3252 encountered, 0 discovered, 0 enqueued
[2026-04-03T03:25:31.861+0600][53.489s][info][gc,ref      ] GC(78) Weak: 6277 encountered, 2222 discovered, 0 enqueued
[2026-04-03T03:25:31.861+0600][53.489s][info][gc,ref      ] GC(78) Final: 84 encountered, 1 discovered, 0 enqueued
[2026-04-03T03:25:31.861+0600][53.489s][info][gc,ref      ] GC(78) Phantom: 603 encountered, 548 discovered, 0 enqueued
[2026-04-03T03:25:31.861+0600][53.489s][info][gc,reloc    ] GC(78) Small Pages: 183 / 366M, Empty: 130M, Relocated: 13M, In-Place: 0
[2026-04-03T03:25:31.861+0600][53.489s][info][gc,reloc    ] GC(78) Medium Pages: 2 / 64M, Empty: 32M, Relocated: 0M, In-Place: 0
[2026-04-03T03:25:31.861+0600][53.489s][info][gc,reloc    ] GC(78) Large Pages: 4 / 36M, Empty: 26M, Relocated: 0M, In-Place: 0
[2026-04-03T03:25:31.861+0600][53.489s][info][gc,reloc    ] GC(78) Forwarding Usage: 12M
[2026-04-03T03:25:31.861+0600][53.489s][info][gc,heap     ] GC(78) Min Capacity: 8M(1%)
[2026-04-03T03:25:31.861+0600][53.489s][info][gc,heap     ] GC(78) Max Capacity: 1250M(100%)
[2026-04-03T03:25:31.861+0600][53.489s][info][gc,heap     ] GC(78) Soft Max Capacity: 1250M(100%)
[2026-04-03T03:25:31.861+0600][53.489s][info][gc,heap     ] GC(78)                Mark Start          Mark End        Relocate Start      Relocate End           High               Low         
[2026-04-03T03:25:31.861+0600][53.489s][info][gc,heap     ] GC(78)  Capacity:     1250M (100%)       1250M (100%)       1250M (100%)       1250M (100%)       1250M (100%)       1250M (100%)   
[2026-04-03T03:25:31.861+0600][53.489s][info][gc,heap     ] GC(78)      Free:      784M (63%)         312M (25%)         468M (37%)         496M (40%)         784M (63%)         292M (23%)    
[2026-04-03T03:25:31.861+0600][53.489s][info][gc,heap     ] GC(78)      Used:      466M (37%)         938M (75%)         782M (63%)         754M (60%)         958M (77%)         466M (37%)    
[2026-04-03T03:25:31.861+0600][53.489s][info][gc,heap     ] GC(78)      Live:         -               187M (15%)         187M (15%)         187M (15%)            -                  -          
[2026-04-03T03:25:31.861+0600][53.489s][info][gc,heap     ] GC(78) Allocated:         -               472M (38%)         504M (40%)         535M (43%)            -                  -          
[2026-04-03T03:25:31.861+0600][53.489s][info][gc,heap     ] GC(78)   Garbage:         -               278M (22%)          90M (7%)           30M (2%)             -                  -          
[2026-04-03T03:25:31.861+0600][53.489s][info][gc,heap     ] GC(78) Reclaimed:         -                  -               188M (15%)         247M (20%)            -                  -          
[2026-04-03T03:25:31.861+0600][53.489s][info][gc          ] GC(78) Garbage Collection (Allocation Rate) 466M(37%)->754M(60%)
[2026-04-03T03:25:31.904+0600][53.532s][info][gc,start    ] GC(79) Garbage Collection (Allocation Rate)
[2026-04-03T03:25:31.904+0600][53.532s][info][gc,task     ] GC(79) Using 3 workers
[2026-04-03T03:25:31.904+0600][53.532s][info][gc,phases   ] GC(79) Pause Mark Start 0.011ms
[2026-04-03T03:25:32.442+0600][54.070s][info][gc,phases   ] GC(79) Concurrent Mark 538.431ms
[2026-04-03T03:25:32.443+0600][54.071s][info][gc,phases   ] GC(79) Pause Mark End 0.038ms
[2026-04-03T03:25:32.446+0600][54.074s][info][gc,phases   ] GC(79) Concurrent Mark Free 0.005ms
[2026-04-03T03:25:32.459+0600][54.087s][info][gc,phases   ] GC(79) Concurrent Process Non-Strong References 12.823ms
[2026-04-03T03:25:32.459+0600][54.087s][info][gc,phases   ] GC(79) Concurrent Reset Relocation Set 0.011ms
[2026-04-03T03:25:32.490+0600][54.118s][info][gc,phases   ] GC(79) Concurrent Select Relocation Set 31.180ms
[2026-04-03T03:25:32.491+0600][54.119s][info][gc,phases   ] GC(79) Pause Relocate Start 0.021ms
[2026-04-03T03:25:32.624+0600][54.252s][info][gc,phases   ] GC(79) Concurrent Relocate 133.349ms
[2026-04-03T03:25:32.625+0600][54.253s][info][gc,load     ] GC(79) Load: 4.93/4.69/5.18
[2026-04-03T03:25:32.625+0600][54.253s][info][gc,mmu      ] GC(79) MMU: 2ms/89.2%, 5ms/95.7%, 10ms/97.8%, 20ms/98.9%, 50ms/99.6%, 100ms/99.8%
[2026-04-03T03:25:32.625+0600][54.253s][info][gc,marking  ] GC(79) Mark: 2 stripe(s), 10 proactive flush(es), 1 terminate flush(es), 0 completion(s), 0 continuation(s) 
[2026-04-03T03:25:32.625+0600][54.253s][info][gc,marking  ] GC(79) Mark Stack Usage: 32M
[2026-04-03T03:25:32.625+0600][54.253s][info][gc,nmethod  ] GC(79) NMethods: 7039 registered, 646 unregistered
[2026-04-03T03:25:32.625+0600][54.253s][info][gc,metaspace] GC(79) Metaspace: 71M used, 71M committed, 1088M reserved
[2026-04-03T03:25:32.625+0600][54.253s][info][gc,ref      ] GC(79) Soft: 3253 encountered, 0 discovered, 0 enqueued
[2026-04-03T03:25:32.625+0600][54.253s][info][gc,ref      ] GC(79) Weak: 6371 encountered, 2224 discovered, 25 enqueued
[2026-04-03T03:25:32.625+0600][54.253s][info][gc,ref      ] GC(79) Final: 84 encountered, 2 discovered, 0 enqueued
[2026-04-03T03:25:32.625+0600][54.253s][info][gc,ref      ] GC(79) Phantom: 603 encountered, 498 discovered, 0 enqueued
[2026-04-03T03:25:32.625+0600][54.253s][info][gc,reloc    ] GC(79) Small Pages: 381 / 762M, Empty: 2M, Relocated: 60M, In-Place: 0
[2026-04-03T03:25:32.625+0600][54.253s][info][gc,reloc    ] GC(79) Medium Pages: 2 / 64M, Empty: 32M, Relocated: 0M, In-Place: 0
[2026-04-03T03:25:32.625+0600][54.253s][info][gc,reloc    ] GC(79) Large Pages: 5 / 34M, Empty: 16M, Relocated: 0M, In-Place: 0
[2026-04-03T03:25:32.625+0600][54.253s][info][gc,reloc    ] GC(79) Forwarding Usage: 57M
[2026-04-03T03:25:32.625+0600][54.253s][info][gc,heap     ] GC(79) Min Capacity: 8M(1%)
[2026-04-03T03:25:32.625+0600][54.253s][info][gc,heap     ] GC(79) Max Capacity: 1250M(100%)
[2026-04-03T03:25:32.625+0600][54.253s][info][gc,heap     ] GC(79) Soft Max Capacity: 1250M(100%)
[2026-04-03T03:25:32.625+0600][54.253s][info][gc,heap     ] GC(79)                Mark Start          Mark End        Relocate Start      Relocate End           High               Low         
[2026-04-03T03:25:32.625+0600][54.253s][info][gc,heap     ] GC(79)  Capacity:     1250M (100%)       1250M (100%)       1250M (100%)       1250M (100%)       1250M (100%)       1250M (100%)   
[2026-04-03T03:25:32.625+0600][54.253s][info][gc,heap     ] GC(79)      Free:      390M (31%)         166M (13%)         204M (16%)         728M (58%)         728M (58%)         160M (13%)    
[2026-04-03T03:25:32.625+0600][54.253s][info][gc,heap     ] GC(79)      Used:      860M (69%)        1084M (87%)        1046M (84%)         522M (42%)        1090M (87%)         522M (42%)    
[2026-04-03T03:25:32.625+0600][54.253s][info][gc,heap     ] GC(79)      Live:         -               246M (20%)         246M (20%)         246M (20%)            -                  -          
[2026-04-03T03:25:32.625+0600][54.253s][info][gc,heap     ] GC(79) Allocated:         -               224M (18%)         236M (19%)         245M (20%)            -                  -          
[2026-04-03T03:25:32.625+0600][54.253s][info][gc,heap     ] GC(79)   Garbage:         -               613M (49%)         563M (45%)          30M (2%)             -                  -          
[2026-04-03T03:25:32.625+0600][54.253s][info][gc,heap     ] GC(79) Reclaimed:         -                  -                50M (4%)          583M (47%)            -                  -          
[2026-04-03T03:25:32.625+0600][54.253s][info][gc          ] GC(79) Garbage Collection (Allocation Rate) 860M(69%)->522M(42%)
[2026-04-03T03:25:32.703+0600][54.331s][info][gc,start    ] GC(80) Garbage Collection (Allocation Rate)
[2026-04-03T03:25:32.703+0600][54.331s][info][gc,task     ] GC(80) Using 3 workers
[2026-04-03T03:25:32.704+0600][54.332s][info][gc,phases   ] GC(80) Pause Mark Start 0.046ms
[2026-04-03T03:25:33.306+0600][54.933s][info][gc,phases   ] GC(80) Concurrent Mark 601.395ms
[2026-04-03T03:25:33.306+0600][54.934s][info][gc,phases   ] GC(80) Pause Mark End 0.044ms
[2026-04-03T03:25:33.306+0600][54.934s][info][gc,phases   ] GC(80) Concurrent Mark Free 0.003ms
[2026-04-03T03:25:33.314+0600][54.942s][info][gc,phases   ] GC(80) Concurrent Process Non-Strong References 7.581ms
[2026-04-03T03:25:33.314+0600][54.942s][info][gc,phases   ] GC(80) Concurrent Reset Relocation Set 0.032ms
[2026-04-03T03:25:33.323+0600][54.951s][info][gc,phases   ] GC(80) Concurrent Select Relocation Set 8.851ms
[2026-04-03T03:25:33.323+0600][54.951s][info][gc,phases   ] GC(80) Pause Relocate Start 0.014ms
[2026-04-03T03:25:33.384+0600][55.012s][info][gc,phases   ] GC(80) Concurrent Relocate 60.992ms
[2026-04-03T03:25:33.384+0600][55.012s][info][gc,load     ] GC(80) Load: 4.93/4.69/5.18
[2026-04-03T03:25:33.384+0600][55.012s][info][gc,mmu      ] GC(80) MMU: 2ms/89.2%, 5ms/95.7%, 10ms/97.8%, 20ms/98.9%, 50ms/99.6%, 100ms/99.8%
[2026-04-03T03:25:33.384+0600][55.012s][info][gc,marking  ] GC(80) Mark: 2 stripe(s), 4 proactive flush(es), 1 terminate flush(es), 0 completion(s), 0 continuation(s) 
[2026-04-03T03:25:33.384+0600][55.012s][info][gc,marking  ] GC(80) Mark Stack Usage: 32M
[2026-04-03T03:25:33.384+0600][55.012s][info][gc,nmethod  ] GC(80) NMethods: 7155 registered, 649 unregistered
[2026-04-03T03:25:33.384+0600][55.012s][info][gc,metaspace] GC(80) Metaspace: 71M used, 72M committed, 1088M reserved
[2026-04-03T03:25:33.384+0600][55.012s][info][gc,ref      ] GC(80) Soft: 3255 encountered, 0 discovered, 0 enqueued
[2026-04-03T03:25:33.384+0600][55.012s][info][gc,ref      ] GC(80) Weak: 6356 encountered, 1894 discovered, 2 enqueued
[2026-04-03T03:25:33.384+0600][55.012s][info][gc,ref      ] GC(80) Final: 84 encountered, 18 discovered, 0 enqueued
[2026-04-03T03:25:33.384+0600][55.012s][info][gc,ref      ] GC(80) Phantom: 600 encountered, 545 discovered, 0 enqueued
[2026-04-03T03:25:33.384+0600][55.012s][info][gc,reloc    ] GC(80) Small Pages: 202 / 404M, Empty: 32M, Relocated: 38M, In-Place: 0
[2026-04-03T03:25:33.384+0600][55.012s][info][gc,reloc    ] GC(80) Medium Pages: 4 / 128M, Empty: 0M, Relocated: 19M, In-Place: 0
[2026-04-03T03:25:33.384+0600][55.012s][info][gc,reloc    ] GC(80) Large Pages: 4 / 24M, Empty: 18M, Relocated: 0M, In-Place: 0
[2026-04-03T03:25:33.384+0600][55.012s][info][gc,reloc    ] GC(80) Forwarding Usage: 35M
[2026-04-03T03:25:33.384+0600][55.012s][info][gc,heap     ] GC(80) Min Capacity: 8M(1%)
[2026-04-03T03:25:33.384+0600][55.012s][info][gc,heap     ] GC(80) Max Capacity: 1250M(100%)
[2026-04-03T03:25:33.384+0600][55.012s][info][gc,heap     ] GC(80) Soft Max Capacity: 1250M(100%)
[2026-04-03T03:25:33.384+0600][55.012s][info][gc,heap     ] GC(80)                Mark Start          Mark End        Relocate Start      Relocate End           High               Low         
[2026-04-03T03:25:33.384+0600][55.012s][info][gc,heap     ] GC(80)  Capacity:     1250M (100%)       1250M (100%)       1250M (100%)       1250M (100%)       1250M (100%)       1250M (100%)   
[2026-04-03T03:25:33.384+0600][55.012s][info][gc,heap     ] GC(80)      Free:      694M (56%)         246M (20%)         264M (21%)         416M (33%)         694M (56%)         220M (18%)    
[2026-04-03T03:25:33.384+0600][55.012s][info][gc,heap     ] GC(80)      Used:      556M (44%)        1004M (80%)         986M (79%)         834M (67%)        1030M (82%)         556M (44%)    
[2026-04-03T03:25:33.384+0600][55.012s][info][gc,heap     ] GC(80)      Live:         -               246M (20%)         246M (20%)         246M (20%)            -                  -          
[2026-04-03T03:25:33.384+0600][55.012s][info][gc,heap     ] GC(80) Allocated:         -               448M (36%)         480M (38%)         549M (44%)            -                  -          
[2026-04-03T03:25:33.384+0600][55.012s][info][gc,heap     ] GC(80)   Garbage:         -               309M (25%)         259M (21%)          37M (3%)             -                  -          
[2026-04-03T03:25:33.384+0600][55.012s][info][gc,heap     ] GC(80) Reclaimed:         -                  -                50M (4%)          271M (22%)            -                  -          
[2026-04-03T03:25:33.384+0600][55.012s][info][gc          ] GC(80) Garbage Collection (Allocation Rate) 556M(44%)->834M(67%)
[2026-04-03T03:25:33.404+0600][55.032s][info][gc,start    ] GC(81) Garbage Collection (Allocation Rate)
[2026-04-03T03:25:33.404+0600][55.032s][info][gc,task     ] GC(81) Using 3 workers
[2026-04-03T03:25:33.405+0600][55.033s][info][gc,phases   ] GC(81) Pause Mark Start 0.011ms
[2026-04-03T03:25:33.712+0600][55.340s][info][gc,phases   ] GC(81) Concurrent Mark 306.932ms
[2026-04-03T03:25:33.712+0600][55.340s][info][gc,phases   ] GC(81) Pause Mark End 0.025ms
[2026-04-03T03:25:33.712+0600][55.340s][info][gc,phases   ] GC(81) Concurrent Mark Free 0.002ms
[2026-04-03T03:25:33.720+0600][55.348s][info][gc,phases   ] GC(81) Concurrent Process Non-Strong References 7.790ms
[2026-04-03T03:25:33.720+0600][55.348s][info][gc,phases   ] GC(81) Concurrent Reset Relocation Set 0.012ms
[2026-04-03T03:25:33.731+0600][55.359s][info][gc,phases   ] GC(81) Concurrent Select Relocation Set 10.432ms
[2026-04-03T03:25:33.731+0600][55.359s][info][gc,phases   ] GC(81) Pause Relocate Start 0.015ms
[2026-04-03T03:25:33.800+0600][55.428s][info][gc,phases   ] GC(81) Concurrent Relocate 68.479ms
[2026-04-03T03:25:33.800+0600][55.428s][info][gc,load     ] GC(81) Load: 4.93/4.69/5.18
[2026-04-03T03:25:33.800+0600][55.428s][info][gc,mmu      ] GC(81) MMU: 2ms/89.2%, 5ms/95.7%, 10ms/97.8%, 20ms/98.9%, 50ms/99.6%, 100ms/99.8%
[2026-04-03T03:25:33.800+0600][55.428s][info][gc,marking  ] GC(81) Mark: 2 stripe(s), 10 proactive flush(es), 1 terminate flush(es), 0 completion(s), 0 continuation(s) 
[2026-04-03T03:25:33.800+0600][55.428s][info][gc,marking  ] GC(81) Mark Stack Usage: 32M
[2026-04-03T03:25:33.800+0600][55.428s][info][gc,nmethod  ] GC(81) NMethods: 7174 registered, 654 unregistered
[2026-04-03T03:25:33.800+0600][55.428s][info][gc,metaspace] GC(81) Metaspace: 71M used, 72M committed, 1088M reserved
[2026-04-03T03:25:33.800+0600][55.428s][info][gc,ref      ] GC(81) Soft: 3260 encountered, 0 discovered, 0 enqueued
[2026-04-03T03:25:33.800+0600][55.428s][info][gc,ref      ] GC(81) Weak: 6405 encountered, 1962 discovered, 152 enqueued
[2026-04-03T03:25:33.800+0600][55.428s][info][gc,ref      ] GC(81) Final: 84 encountered, 4 discovered, 0 enqueued
[2026-04-03T03:25:33.800+0600][55.428s][info][gc,ref      ] GC(81) Phantom: 600 encountered, 553 discovered, 0 enqueued
[2026-04-03T03:25:33.800+0600][55.428s][info][gc,reloc    ] GC(81) Small Pages: 294 / 588M, Empty: 32M, Relocated: 43M, In-Place: 0
[2026-04-03T03:25:33.800+0600][55.428s][info][gc,reloc    ] GC(81) Medium Pages: 5 / 160M, Empty: 64M, Relocated: 15M, In-Place: 0
[2026-04-03T03:25:33.800+0600][55.428s][info][gc,reloc    ] GC(81) Large Pages: 16 / 100M, Empty: 94M, Relocated: 0M, In-Place: 0
[2026-04-03T03:25:33.800+0600][55.428s][info][gc,reloc    ] GC(81) Forwarding Usage: 43M
[2026-04-03T03:25:33.800+0600][55.428s][info][gc,heap     ] GC(81) Min Capacity: 8M(1%)
[2026-04-03T03:25:33.800+0600][55.428s][info][gc,heap     ] GC(81) Max Capacity: 1250M(100%)
[2026-04-03T03:25:33.800+0600][55.428s][info][gc,heap     ] GC(81) Soft Max Capacity: 1250M(100%)
[2026-04-03T03:25:33.800+0600][55.428s][info][gc,heap     ] GC(81)                Mark Start          Mark End        Relocate Start      Relocate End           High               Low         
[2026-04-03T03:25:33.800+0600][55.428s][info][gc,heap     ] GC(81)  Capacity:     1250M (100%)       1250M (100%)       1250M (100%)       1250M (100%)       1250M (100%)       1250M (100%)   
[2026-04-03T03:25:33.800+0600][55.428s][info][gc,heap     ] GC(81)      Free:      402M (32%)          78M (6%)          236M (19%)         560M (45%)         564M (45%)          58M (5%)     
[2026-04-03T03:25:33.800+0600][55.428s][info][gc,heap     ] GC(81)      Used:      848M (68%)        1172M (94%)        1014M (81%)         690M (55%)        1192M (95%)         686M (55%)    
[2026-04-03T03:25:33.800+0600][55.428s][info][gc,heap     ] GC(81)      Live:         -               221M (18%)         221M (18%)         221M (18%)            -                  -          
[2026-04-03T03:25:33.800+0600][55.428s][info][gc,heap     ] GC(81) Allocated:         -               324M (26%)         356M (28%)         441M (35%)            -                  -          
[2026-04-03T03:25:33.800+0600][55.428s][info][gc,heap     ] GC(81)   Garbage:         -               626M (50%)         436M (35%)          26M (2%)             -                  -          
[2026-04-03T03:25:33.800+0600][55.428s][info][gc,heap     ] GC(81) Reclaimed:         -                  -               190M (15%)         599M (48%)            -                  -          
[2026-04-03T03:25:33.800+0600][55.428s][info][gc          ] GC(81) Garbage Collection (Allocation Rate) 848M(68%)->690M(55%)
[2026-04-03T03:25:33.804+0600][55.432s][info][gc,start    ] GC(82) Garbage Collection (Allocation Rate)
[2026-04-03T03:25:33.804+0600][55.432s][info][gc,task     ] GC(82) Using 3 workers
[2026-04-03T03:25:33.804+0600][55.432s][info][gc,phases   ] GC(82) Pause Mark Start 0.014ms
[2026-04-03T03:25:34.096+0600][55.724s][info][gc,phases   ] GC(82) Concurrent Mark 291.535ms
[2026-04-03T03:25:34.096+0600][55.724s][info][gc,phases   ] GC(82) Pause Mark End 0.032ms
[2026-04-03T03:25:34.096+0600][55.724s][info][gc,phases   ] GC(82) Concurrent Mark Free 0.003ms
[2026-04-03T03:25:34.103+0600][55.731s][info][gc,phases   ] GC(82) Concurrent Process Non-Strong References 6.878ms
[2026-04-03T03:25:34.103+0600][55.731s][info][gc,phases   ] GC(82) Concurrent Reset Relocation Set 0.013ms
[2026-04-03T03:25:34.110+0600][55.738s][info][gc,phases   ] GC(82) Concurrent Select Relocation Set 6.442ms
[2026-04-03T03:25:34.110+0600][55.738s][info][gc,phases   ] GC(82) Pause Relocate Start 0.011ms
[2026-04-03T03:25:34.112+0600][55.740s][info][gc,phases   ] GC(82) Concurrent Relocate 1.648ms
[2026-04-03T03:25:34.112+0600][55.740s][info][gc,load     ] GC(82) Load: 4.93/4.69/5.18
[2026-04-03T03:25:34.112+0600][55.740s][info][gc,mmu      ] GC(82) MMU: 2ms/89.2%, 5ms/95.7%, 10ms/97.8%, 20ms/98.9%, 50ms/99.6%, 100ms/99.8%
[2026-04-03T03:25:34.112+0600][55.740s][info][gc,marking  ] GC(82) Mark: 2 stripe(s), 2 proactive flush(es), 1 terminate flush(es), 0 completion(s), 0 continuation(s) 
[2026-04-03T03:25:34.112+0600][55.740s][info][gc,marking  ] GC(82) Mark Stack Usage: 32M
[2026-04-03T03:25:34.112+0600][55.740s][info][gc,nmethod  ] GC(82) NMethods: 7175 registered, 663 unregistered
[2026-04-03T03:25:34.112+0600][55.740s][info][gc,metaspace] GC(82) Metaspace: 71M used, 72M committed, 1088M reserved
[2026-04-03T03:25:34.112+0600][55.740s][info][gc,ref      ] GC(82) Soft: 3260 encountered, 0 discovered, 0 enqueued
[2026-04-03T03:25:34.112+0600][55.740s][info][gc,ref      ] GC(82) Weak: 6262 encountered, 1939 discovered, 10 enqueued
[2026-04-03T03:25:34.112+0600][55.740s][info][gc,ref      ] GC(82) Final: 84 encountered, 1 discovered, 0 enqueued
[2026-04-03T03:25:34.112+0600][55.740s][info][gc,ref      ] GC(82) Phantom: 600 encountered, 544 discovered, 0 enqueued
[2026-04-03T03:25:34.112+0600][55.740s][info][gc,reloc    ] GC(82) Small Pages: 324 / 648M, Empty: 394M, Relocated: 1M, In-Place: 0
[2026-04-03T03:25:34.112+0600][55.740s][info][gc,reloc    ] GC(82) Medium Pages: 1 / 32M, Empty: 0M, Relocated: 0M, In-Place: 0
[2026-04-03T03:25:34.112+0600][55.740s][info][gc,reloc    ] GC(82) Large Pages: 3 / 18M, Empty: 0M, Relocated: 0M, In-Place: 0
[2026-04-03T03:25:34.112+0600][55.740s][info][gc,reloc    ] GC(82) Forwarding Usage: 0M
[2026-04-03T03:25:34.112+0600][55.740s][info][gc,heap     ] GC(82) Min Capacity: 8M(1%)
[2026-04-03T03:25:34.112+0600][55.740s][info][gc,heap     ] GC(82) Max Capacity: 1250M(100%)
[2026-04-03T03:25:34.112+0600][55.740s][info][gc,heap     ] GC(82) Soft Max Capacity: 1250M(100%)
[2026-04-03T03:25:34.112+0600][55.740s][info][gc,heap     ] GC(82)                Mark Start          Mark End        Relocate Start      Relocate End           High               Low         
[2026-04-03T03:25:34.112+0600][55.740s][info][gc,heap     ] GC(82)  Capacity:     1250M (100%)       1250M (100%)       1250M (100%)       1250M (100%)       1250M (100%)       1250M (100%)   
[2026-04-03T03:25:34.112+0600][55.740s][info][gc,heap     ] GC(82)      Free:      552M (44%)         296M (24%)         684M (55%)         700M (56%)         700M (56%)         296M (24%)    
[2026-04-03T03:25:34.112+0600][55.740s][info][gc,heap     ] GC(82)      Used:      698M (56%)         954M (76%)         566M (45%)         550M (44%)         954M (76%)         550M (44%)    
[2026-04-03T03:25:34.112+0600][55.740s][info][gc,heap     ] GC(82)      Live:         -               251M (20%)         251M (20%)         251M (20%)            -                  -          
[2026-04-03T03:25:34.112+0600][55.740s][info][gc,heap     ] GC(82) Allocated:         -               256M (20%)         262M (21%)         263M (21%)            -                  -          
[2026-04-03T03:25:34.112+0600][55.740s][info][gc,heap     ] GC(82)   Garbage:         -               446M (36%)          52M (4%)           34M (3%)             -                  -          
[2026-04-03T03:25:34.112+0600][55.740s][info][gc,heap     ] GC(82) Reclaimed:         -                  -               394M (32%)         411M (33%)            -                  -          
[2026-04-03T03:25:34.112+0600][55.740s][info][gc          ] GC(82) Garbage Collection (Allocation Rate) 698M(56%)->550M(44%)
[2026-04-03T03:25:34.112+0600][55.740s][info][gc,start    ] GC(83) Garbage Collection (System.gc())
[2026-04-03T03:25:34.112+0600][55.740s][info][gc,task     ] GC(83) Using 3 workers
[2026-04-03T03:25:34.112+0600][55.740s][info][gc,phases   ] GC(83) Pause Mark Start 0.008ms
[2026-04-03T03:25:34.289+0600][55.917s][info][gc,phases   ] GC(83) Concurrent Mark 176.217ms
[2026-04-03T03:25:34.289+0600][55.917s][info][gc,phases   ] GC(83) Pause Mark End 0.024ms
[2026-04-03T03:25:34.289+0600][55.917s][info][gc,phases   ] GC(83) Concurrent Mark Free 0.003ms
[2026-04-03T03:25:34.296+0600][55.924s][info][gc,phases   ] GC(83) Concurrent Process Non-Strong References 7.024ms
[2026-04-03T03:25:34.296+0600][55.924s][info][gc,phases   ] GC(83) Concurrent Reset Relocation Set 0.003ms
[2026-04-03T03:25:34.300+0600][55.928s][info][gc,phases   ] GC(83) Concurrent Select Relocation Set 3.395ms
[2026-04-03T03:25:34.300+0600][55.928s][info][gc,phases   ] GC(83) Pause Relocate Start 0.011ms
[2026-04-03T03:25:34.304+0600][55.932s][info][gc,phases   ] GC(83) Concurrent Relocate 4.459ms
[2026-04-03T03:25:34.305+0600][55.933s][info][gc,load     ] GC(83) Load: 4.93/4.69/5.18
[2026-04-03T03:25:34.305+0600][55.933s][info][gc,mmu      ] GC(83) MMU: 2ms/89.2%, 5ms/95.7%, 10ms/97.8%, 20ms/98.9%, 50ms/99.6%, 100ms/99.8%
[2026-04-03T03:25:34.305+0600][55.933s][info][gc,marking  ] GC(83) Mark: 2 stripe(s), 1 proactive flush(es), 1 terminate flush(es), 0 completion(s), 0 continuation(s) 
[2026-04-03T03:25:34.305+0600][55.933s][info][gc,marking  ] GC(83) Mark Stack Usage: 32M
[2026-04-03T03:25:34.305+0600][55.933s][info][gc,nmethod  ] GC(83) NMethods: 7177 registered, 665 unregistered
[2026-04-03T03:25:34.305+0600][55.933s][info][gc,metaspace] GC(83) Metaspace: 71M used, 72M committed, 1088M reserved
[2026-04-03T03:25:34.305+0600][55.933s][info][gc,ref      ] GC(83) Soft: 3260 encountered, 0 discovered, 0 enqueued
[2026-04-03T03:25:34.305+0600][55.933s][info][gc,ref      ] GC(83) Weak: 6264 encountered, 2077 discovered, 3 enqueued
[2026-04-03T03:25:34.305+0600][55.933s][info][gc,ref      ] GC(83) Final: 84 encountered, 2 discovered, 0 enqueued
[2026-04-03T03:25:34.305+0600][55.933s][info][gc,ref      ] GC(83) Phantom: 600 encountered, 534 discovered, 0 enqueued
[2026-04-03T03:25:34.305+0600][55.933s][info][gc,reloc    ] GC(83) Small Pages: 247 / 494M, Empty: 294M, Relocated: 5M, In-Place: 0
[2026-04-03T03:25:34.305+0600][55.933s][info][gc,reloc    ] GC(83) Medium Pages: 1 / 32M, Empty: 0M, Relocated: 0M, In-Place: 0
[2026-04-03T03:25:34.305+0600][55.933s][info][gc,reloc    ] GC(83) Large Pages: 4 / 24M, Empty: 24M, Relocated: 0M, In-Place: 0
[2026-04-03T03:25:34.305+0600][55.933s][info][gc,reloc    ] GC(83) Forwarding Usage: 2M
[2026-04-03T03:25:34.305+0600][55.933s][info][gc,heap     ] GC(83) Min Capacity: 8M(1%)
[2026-04-03T03:25:34.305+0600][55.933s][info][gc,heap     ] GC(83) Max Capacity: 1250M(100%)
[2026-04-03T03:25:34.305+0600][55.933s][info][gc,heap     ] GC(83) Soft Max Capacity: 1250M(100%)
[2026-04-03T03:25:34.305+0600][55.933s][info][gc,heap     ] GC(83)                Mark Start          Mark End        Relocate Start      Relocate End           High               Low         
[2026-04-03T03:25:34.305+0600][55.933s][info][gc,heap     ] GC(83)  Capacity:     1250M (100%)       1250M (100%)       1250M (100%)       1250M (100%)       1250M (100%)       1250M (100%)   
[2026-04-03T03:25:34.305+0600][55.933s][info][gc,heap     ] GC(83)      Free:      700M (56%)         698M (56%)        1006M (80%)        1034M (83%)        1034M (83%)         698M (56%)    
[2026-04-03T03:25:34.305+0600][55.933s][info][gc,heap     ] GC(83)      Used:      550M (44%)         552M (44%)         244M (20%)         216M (17%)         552M (44%)         216M (17%)    
[2026-04-03T03:25:34.305+0600][55.933s][info][gc,heap     ] GC(83)      Live:         -               169M (14%)         169M (14%)         169M (14%)            -                  -          
[2026-04-03T03:25:34.305+0600][55.933s][info][gc,heap     ] GC(83) Allocated:         -                 2M (0%)           12M (1%)           15M (1%)             -                  -          
[2026-04-03T03:25:34.305+0600][55.933s][info][gc,heap     ] GC(83)   Garbage:         -               380M (30%)          62M (5%)           30M (2%)             -                  -          
[2026-04-03T03:25:34.305+0600][55.933s][info][gc,heap     ] GC(83) Reclaimed:         -                  -               318M (25%)         349M (28%)            -                  -          
[2026-04-03T03:25:34.305+0600][55.933s][info][gc          ] GC(83) Garbage Collection (System.gc()) 550M(44%)->216M(17%)
[2026-04-03T03:25:34.404+0600][56.032s][info][gc,start    ] GC(84) Garbage Collection (Allocation Rate)
[2026-04-03T03:25:34.404+0600][56.032s][info][gc,task     ] GC(84) Using 3 workers
[2026-04-03T03:25:34.404+0600][56.032s][info][gc,phases   ] GC(84) Pause Mark Start 0.015ms
[2026-04-03T03:25:34.702+0600][56.330s][info][gc,phases   ] GC(84) Concurrent Mark 298.086ms
[2026-04-03T03:25:34.703+0600][56.331s][info][gc,phases   ] GC(84) Pause Mark End 0.106ms
[2026-04-03T03:25:34.703+0600][56.331s][info][gc,phases   ] GC(84) Concurrent Mark Free 0.002ms
[2026-04-03T03:25:34.714+0600][56.342s][info][gc,phases   ] GC(84) Concurrent Process Non-Strong References 11.205ms
[2026-04-03T03:25:34.714+0600][56.342s][info][gc,phases   ] GC(84) Concurrent Reset Relocation Set 0.005ms
[2026-04-03T03:25:34.720+0600][56.348s][info][gc,phases   ] GC(84) Concurrent Select Relocation Set 5.532ms
[2026-04-03T03:25:34.720+0600][56.348s][info][gc,phases   ] GC(84) Pause Relocate Start 0.039ms
[2026-04-03T03:25:34.733+0600][56.361s][info][gc,phases   ] GC(84) Concurrent Relocate 13.015ms
[2026-04-03T03:25:34.734+0600][56.361s][info][gc,load     ] GC(84) Load: 4.93/4.69/5.18
[2026-04-03T03:25:34.734+0600][56.362s][info][gc,mmu      ] GC(84) MMU: 2ms/89.2%, 5ms/95.7%, 10ms/97.8%, 20ms/98.9%, 50ms/99.6%, 100ms/99.8%
[2026-04-03T03:25:34.734+0600][56.362s][info][gc,marking  ] GC(84) Mark: 2 stripe(s), 2 proactive flush(es), 1 terminate flush(es), 0 completion(s), 0 continuation(s) 
[2026-04-03T03:25:34.734+0600][56.362s][info][gc,marking  ] GC(84) Mark Stack Usage: 32M
[2026-04-03T03:25:34.734+0600][56.362s][info][gc,nmethod  ] GC(84) NMethods: 7240 registered, 673 unregistered
[2026-04-03T03:25:34.734+0600][56.362s][info][gc,metaspace] GC(84) Metaspace: 71M used, 72M committed, 1088M reserved
[2026-04-03T03:25:34.734+0600][56.362s][info][gc,ref      ] GC(84) Soft: 3336 encountered, 0 discovered, 0 enqueued
[2026-04-03T03:25:34.734+0600][56.362s][info][gc,ref      ] GC(84) Weak: 6493 encountered, 1922 discovered, 42 enqueued
[2026-04-03T03:25:34.734+0600][56.362s][info][gc,ref      ] GC(84) Final: 84 encountered, 3 discovered, 0 enqueued
[2026-04-03T03:25:34.734+0600][56.362s][info][gc,ref      ] GC(84) Phantom: 600 encountered, 544 discovered, 0 enqueued
[2026-04-03T03:25:34.734+0600][56.362s][info][gc,reloc    ] GC(84) Small Pages: 128 / 256M, Empty: 0M, Relocated: 6M, In-Place: 0
[2026-04-03T03:25:34.734+0600][56.362s][info][gc,reloc    ] GC(84) Medium Pages: 2 / 64M, Empty: 0M, Relocated: 11M, In-Place: 0
[2026-04-03T03:25:34.734+0600][56.362s][info][gc,reloc    ] GC(84) Large Pages: 1 / 6M, Empty: 6M, Relocated: 0M, In-Place: 0
[2026-04-03T03:25:34.734+0600][56.362s][info][gc,reloc    ] GC(84) Forwarding Usage: 3M
[2026-04-03T03:25:34.734+0600][56.362s][info][gc,heap     ] GC(84) Min Capacity: 8M(1%)
[2026-04-03T03:25:34.734+0600][56.362s][info][gc,heap     ] GC(84) Max Capacity: 1250M(100%)
[2026-04-03T03:25:34.734+0600][56.362s][info][gc,heap     ] GC(84) Soft Max Capacity: 1250M(100%)
[2026-04-03T03:25:34.734+0600][56.362s][info][gc,heap     ] GC(84)                Mark Start          Mark End        Relocate Start      Relocate End           High               Low         
[2026-04-03T03:25:34.734+0600][56.362s][info][gc,heap     ] GC(84)  Capacity:     1250M (100%)       1250M (100%)       1250M (100%)       1250M (100%)       1250M (100%)       1250M (100%)   
[2026-04-03T03:25:34.734+0600][56.362s][info][gc,heap     ] GC(84)      Free:      924M (74%)         534M (43%)         514M (41%)         624M (50%)         924M (74%)         480M (38%)    
[2026-04-03T03:25:34.734+0600][56.362s][info][gc,heap     ] GC(84)      Used:      326M (26%)         716M (57%)         736M (59%)         626M (50%)         770M (62%)         326M (26%)    
[2026-04-03T03:25:34.734+0600][56.362s][info][gc,heap     ] GC(84)      Live:         -               173M (14%)         173M (14%)         173M (14%)            -                  -          
[2026-04-03T03:25:34.734+0600][56.362s][info][gc,heap     ] GC(84) Allocated:         -               390M (31%)         416M (33%)         424M (34%)            -                  -          
[2026-04-03T03:25:34.734+0600][56.362s][info][gc,heap     ] GC(84)   Garbage:         -               152M (12%)         146M (12%)          28M (2%)             -                  -          
[2026-04-03T03:25:34.734+0600][56.362s][info][gc,heap     ] GC(84) Reclaimed:         -                  -                 6M (0%)          124M (10%)            -                  -          
[2026-04-03T03:25:34.734+0600][56.362s][info][gc          ] GC(84) Garbage Collection (Allocation Rate) 326M(26%)->626M(50%)
[2026-04-03T03:25:34.804+0600][56.432s][info][gc,start    ] GC(85) Garbage Collection (Allocation Rate)
[2026-04-03T03:25:34.804+0600][56.432s][info][gc,task     ] GC(85) Using 3 workers
[2026-04-03T03:25:34.804+0600][56.432s][info][gc,phases   ] GC(85) Pause Mark Start 0.015ms
[2026-04-03T03:25:35.364+0600][56.992s][info][gc,phases   ] GC(85) Concurrent Mark 559.778ms
[2026-04-03T03:25:35.365+0600][56.993s][info][gc,phases   ] GC(85) Pause Mark End 0.042ms
[2026-04-03T03:25:35.365+0600][56.993s][info][gc,phases   ] GC(85) Concurrent Mark Free 0.004ms
[2026-04-03T03:25:35.378+0600][57.006s][info][gc,phases   ] GC(85) Concurrent Process Non-Strong References 12.527ms
[2026-04-03T03:25:35.378+0600][57.006s][info][gc,phases   ] GC(85) Concurrent Reset Relocation Set 0.013ms
[2026-04-03T03:25:35.413+0600][57.040s][info][gc,phases   ] GC(85) Concurrent Select Relocation Set 34.839ms
[2026-04-03T03:25:35.413+0600][57.041s][info][gc,phases   ] GC(85) Pause Relocate Start 0.016ms
[2026-04-03T03:25:35.536+0600][57.164s][info][gc,phases   ] GC(85) Concurrent Relocate 122.608ms
[2026-04-03T03:25:35.536+0600][57.164s][info][gc,load     ] GC(85) Load: 5.02/4.71/5.19
[2026-04-03T03:25:35.536+0600][57.164s][info][gc,mmu      ] GC(85) MMU: 2ms/89.2%, 5ms/95.7%, 10ms/97.8%, 20ms/98.9%, 50ms/99.6%, 100ms/99.8%
[2026-04-03T03:25:35.536+0600][57.164s][info][gc,marking  ] GC(85) Mark: 2 stripe(s), 2 proactive flush(es), 1 terminate flush(es), 0 completion(s), 0 continuation(s) 
[2026-04-03T03:25:35.536+0600][57.164s][info][gc,marking  ] GC(85) Mark Stack Usage: 32M
[2026-04-03T03:25:35.536+0600][57.164s][info][gc,nmethod  ] GC(85) NMethods: 7262 registered, 673 unregistered
[2026-04-03T03:25:35.536+0600][57.164s][info][gc,metaspace] GC(85) Metaspace: 71M used, 72M committed, 1088M reserved
[2026-04-03T03:25:35.536+0600][57.164s][info][gc,ref      ] GC(85) Soft: 3336 encountered, 0 discovered, 0 enqueued
[2026-04-03T03:25:35.536+0600][57.164s][info][gc,ref      ] GC(85) Weak: 6451 encountered, 1398 discovered, 0 enqueued
[2026-04-03T03:25:35.536+0600][57.164s][info][gc,ref      ] GC(85) Final: 84 encountered, 1 discovered, 0 enqueued
[2026-04-03T03:25:35.536+0600][57.164s][info][gc,ref      ] GC(85) Phantom: 600 encountered, 502 discovered, 0 enqueued
[2026-04-03T03:25:35.536+0600][57.164s][info][gc,reloc    ] GC(85) Small Pages: 309 / 618M, Empty: 0M, Relocated: 106M, In-Place: 0
[2026-04-03T03:25:35.536+0600][57.164s][info][gc,reloc    ] GC(85) Medium Pages: 2 / 64M, Empty: 0M, Relocated: 16M, In-Place: 0
[2026-04-03T03:25:35.536+0600][57.164s][info][gc,reloc    ] GC(85) Large Pages: 6 / 48M, Empty: 18M, Relocated: 0M, In-Place: 0
[2026-04-03T03:25:35.536+0600][57.164s][info][gc,reloc    ] GC(85) Forwarding Usage: 69M
[2026-04-03T03:25:35.536+0600][57.164s][info][gc,heap     ] GC(85) Min Capacity: 8M(1%)
[2026-04-03T03:25:35.536+0600][57.164s][info][gc,heap     ] GC(85) Max Capacity: 1250M(100%)
[2026-04-03T03:25:35.536+0600][57.164s][info][gc,heap     ] GC(85) Soft Max Capacity: 1250M(100%)
[2026-04-03T03:25:35.536+0600][57.164s][info][gc,heap     ] GC(85)                Mark Start          Mark End        Relocate Start      Relocate End           High               Low         
[2026-04-03T03:25:35.536+0600][57.164s][info][gc,heap     ] GC(85)  Capacity:     1250M (100%)       1250M (100%)       1250M (100%)       1250M (100%)       1250M (100%)       1250M (100%)   
[2026-04-03T03:25:35.536+0600][57.164s][info][gc,heap     ] GC(85)      Free:      520M (42%)          84M (7%)           78M (6%)          388M (31%)         520M (42%)          44M (4%)     
[2026-04-03T03:25:35.536+0600][57.164s][info][gc,heap     ] GC(85)      Used:      730M (58%)        1166M (93%)        1172M (94%)         862M (69%)        1206M (96%)         730M (58%)    
[2026-04-03T03:25:35.536+0600][57.164s][info][gc,heap     ] GC(85)      Live:         -               317M (25%)         317M (25%)         317M (25%)            -                  -          
[2026-04-03T03:25:35.536+0600][57.164s][info][gc,heap     ] GC(85) Allocated:         -               436M (35%)         460M (37%)         514M (41%)            -                  -          
[2026-04-03T03:25:35.536+0600][57.164s][info][gc,heap     ] GC(85)   Garbage:         -               412M (33%)         394M (32%)          29M (2%)             -                  -          
[2026-04-03T03:25:35.536+0600][57.164s][info][gc,heap     ] GC(85) Reclaimed:         -                  -                18M (1%)          382M (31%)            -                  -          
[2026-04-03T03:25:35.536+0600][57.164s][info][gc          ] GC(85) Garbage Collection (Allocation Rate) 730M(58%)->862M(69%)
[2026-04-03T03:25:35.604+0600][57.232s][info][gc,start    ] GC(86) Garbage Collection (Allocation Rate)
[2026-04-03T03:25:35.604+0600][57.232s][info][gc,task     ] GC(86) Using 3 workers
[2026-04-03T03:25:35.604+0600][57.232s][info][gc,phases   ] GC(86) Pause Mark Start 0.017ms
[2026-04-03T03:25:36.332+0600][57.960s][info][gc,phases   ] GC(86) Concurrent Mark 727.262ms
[2026-04-03T03:25:36.332+0600][57.960s][info][gc,phases   ] GC(86) Pause Mark End 0.023ms
[2026-04-03T03:25:36.332+0600][57.960s][info][gc,phases   ] GC(86) Concurrent Mark Free 0.002ms
[2026-04-03T03:25:36.339+0600][57.967s][info][gc,phases   ] GC(86) Concurrent Process Non-Strong References 6.841ms
[2026-04-03T03:25:36.339+0600][57.967s][info][gc,phases   ] GC(86) Concurrent Reset Relocation Set 0.018ms
[2026-04-03T03:25:36.342+0600][57.970s][info][gc          ] Allocation Stall (Executor task launch worker for task 2.0 in stage 27.0 (TID 41)) 143.778ms
[2026-04-03T03:25:36.342+0600][57.970s][info][gc          ] Allocation Stall (Executor task launch worker for task 0.0 in stage 27.0 (TID 39)) 139.708ms
[2026-04-03T03:25:36.342+0600][57.970s][info][gc          ] Allocation Stall (Executor task launch worker for task 1.0 in stage 27.0 (TID 40)) 141.831ms
[2026-04-03T03:25:36.346+0600][57.974s][info][gc,phases   ] GC(86) Concurrent Select Relocation Set 7.105ms
[2026-04-03T03:25:36.347+0600][57.975s][info][gc,phases   ] GC(86) Pause Relocate Start 0.014ms
[2026-04-03T03:25:36.406+0600][58.034s][info][gc,phases   ] GC(86) Concurrent Relocate 59.420ms
[2026-04-03T03:25:36.406+0600][58.034s][info][gc,load     ] GC(86) Load: 5.02/4.71/5.19
[2026-04-03T03:25:36.407+0600][58.034s][info][gc,mmu      ] GC(86) MMU: 2ms/89.2%, 5ms/95.7%, 10ms/97.8%, 20ms/98.9%, 50ms/99.6%, 100ms/99.8%
[2026-04-03T03:25:36.407+0600][58.034s][info][gc,marking  ] GC(86) Mark: 2 stripe(s), 2 proactive flush(es), 1 terminate flush(es), 0 completion(s), 0 continuation(s) 
[2026-04-03T03:25:36.407+0600][58.034s][info][gc,marking  ] GC(86) Mark Stack Usage: 32M
[2026-04-03T03:25:36.407+0600][58.034s][info][gc,nmethod  ] GC(86) NMethods: 7260 registered, 675 unregistered
[2026-04-03T03:25:36.407+0600][58.035s][info][gc,metaspace] GC(86) Metaspace: 71M used, 72M committed, 1088M reserved
[2026-04-03T03:25:36.407+0600][58.035s][info][gc,ref      ] GC(86) Soft: 3338 encountered, 0 discovered, 0 enqueued
[2026-04-03T03:25:36.407+0600][58.035s][info][gc,ref      ] GC(86) Weak: 6454 encountered, 1110 discovered, 5 enqueued
[2026-04-03T03:25:36.407+0600][58.035s][info][gc,ref      ] GC(86) Final: 84 encountered, 1 discovered, 0 enqueued
[2026-04-03T03:25:36.407+0600][58.035s][info][gc,ref      ] GC(86) Phantom: 601 encountered, 544 discovered, 0 enqueued
[2026-04-03T03:25:36.407+0600][58.035s][info][gc,reloc    ] GC(86) Small Pages: 394 / 788M, Empty: 12M, Relocated: 36M, In-Place: 0
[2026-04-03T03:25:36.407+0600][58.035s][info][gc,reloc    ] GC(86) Medium Pages: 2 / 64M, Empty: 0M, Relocated: 13M, In-Place: 1
[2026-04-03T03:25:36.407+0600][58.035s][info][gc,reloc    ] GC(86) Large Pages: 7 / 62M, Empty: 12M, Relocated: 0M, In-Place: 0
[2026-04-03T03:25:36.407+0600][58.035s][info][gc,reloc    ] GC(86) Forwarding Usage: 31M
[2026-04-03T03:25:36.407+0600][58.035s][info][gc,heap     ] GC(86) Min Capacity: 8M(1%)
[2026-04-03T03:25:36.407+0600][58.035s][info][gc,heap     ] GC(86) Max Capacity: 1250M(100%)
[2026-04-03T03:25:36.407+0600][58.035s][info][gc,heap     ] GC(86) Soft Max Capacity: 1250M(100%)
[2026-04-03T03:25:36.407+0600][58.035s][info][gc,heap     ] GC(86)                Mark Start          Mark End        Relocate Start      Relocate End           High               Low         
[2026-04-03T03:25:36.407+0600][58.035s][info][gc,heap     ] GC(86)  Capacity:     1250M (100%)       1250M (100%)       1250M (100%)       1250M (100%)       1250M (100%)       1250M (100%)   
[2026-04-03T03:25:36.407+0600][58.035s][info][gc,heap     ] GC(86)      Free:      336M (27%)           0M (0%)           18M (1%)          476M (38%)         478M (38%)           0M (0%)     
[2026-04-03T03:25:36.407+0600][58.035s][info][gc,heap     ] GC(86)      Used:      914M (73%)        1250M (100%)       1232M (99%)         774M (62%)        1250M (100%)        772M (62%)    
[2026-04-03T03:25:36.407+0600][58.035s][info][gc,heap     ] GC(86)      Live:         -               361M (29%)         361M (29%)         361M (29%)            -                  -          
[2026-04-03T03:25:36.407+0600][58.035s][info][gc,heap     ] GC(86) Allocated:         -               336M (27%)         342M (27%)         380M (30%)            -                  -          
[2026-04-03T03:25:36.407+0600][58.035s][info][gc,heap     ] GC(86)   Garbage:         -               552M (44%)         528M (42%)          31M (3%)             -                  -          
[2026-04-03T03:25:36.407+0600][58.035s][info][gc,heap     ] GC(86) Reclaimed:         -                  -                24M (2%)          520M (42%)            -                  -          
[2026-04-03T03:25:36.407+0600][58.035s][info][gc          ] GC(86) Garbage Collection (Allocation Rate) 914M(73%)->774M(62%)
[2026-04-03T03:25:36.504+0600][58.132s][info][gc,start    ] GC(87) Garbage Collection (Allocation Stall)
[2026-04-03T03:25:36.504+0600][58.132s][info][gc,ref      ] GC(87) Clearing All SoftReferences
[2026-04-03T03:25:36.504+0600][58.132s][info][gc,task     ] GC(87) Using 3 workers
[2026-04-03T03:25:36.504+0600][58.132s][info][gc,ref      ] GC(87) Clearing All SoftReferences
[2026-04-03T03:25:36.505+0600][58.132s][info][gc,phases   ] GC(87) Pause Mark Start 0.081ms
[2026-04-03T03:25:37.208+0600][58.836s][info][gc,phases   ] GC(87) Concurrent Mark 703.392ms
[2026-04-03T03:25:37.208+0600][58.836s][info][gc,phases   ] GC(87) Pause Mark End 0.026ms
[2026-04-03T03:25:37.208+0600][58.836s][info][gc,phases   ] GC(87) Concurrent Mark Free 0.002ms
[2026-04-03T03:25:37.225+0600][58.853s][info][gc,phases   ] GC(87) Concurrent Process Non-Strong References 16.257ms
[2026-04-03T03:25:37.225+0600][58.853s][info][gc,phases   ] GC(87) Concurrent Reset Relocation Set 0.038ms
[2026-04-03T03:25:37.227+0600][58.855s][info][gc          ] Allocation Stall (Executor task launch worker for task 2.0 in stage 27.0 (TID 41)) 118.758ms
[2026-04-03T03:25:37.227+0600][58.855s][info][gc          ] Allocation Stall (Executor task launch worker for task 0.0 in stage 27.0 (TID 39)) 119.803ms
[2026-04-03T03:25:37.227+0600][58.855s][info][gc          ] Allocation Stall (Executor task launch worker for task 1.0 in stage 27.0 (TID 40)) 119.361ms
[2026-04-03T03:25:37.231+0600][58.859s][info][gc,phases   ] GC(87) Concurrent Select Relocation Set 6.365ms
[2026-04-03T03:25:37.231+0600][58.859s][info][gc,phases   ] GC(87) Pause Relocate Start 0.016ms
[2026-04-03T03:25:37.297+0600][58.925s][info][gc,phases   ] GC(87) Concurrent Relocate 65.317ms
[2026-04-03T03:25:37.297+0600][58.925s][info][gc,load     ] GC(87) Load: 5.02/4.71/5.19
[2026-04-03T03:25:37.297+0600][58.925s][info][gc,mmu      ] GC(87) MMU: 2ms/89.2%, 5ms/95.7%, 10ms/97.8%, 20ms/98.9%, 50ms/99.6%, 100ms/99.8%
[2026-04-03T03:25:37.297+0600][58.925s][info][gc,marking  ] GC(87) Mark: 2 stripe(s), 5 proactive flush(es), 1 terminate flush(es), 0 completion(s), 0 continuation(s) 
[2026-04-03T03:25:37.297+0600][58.925s][info][gc,marking  ] GC(87) Mark Stack Usage: 32M
[2026-04-03T03:25:37.297+0600][58.925s][info][gc,nmethod  ] GC(87) NMethods: 7267 registered, 681 unregistered
[2026-04-03T03:25:37.297+0600][58.925s][info][gc,metaspace] GC(87) Metaspace: 71M used, 72M committed, 1088M reserved
[2026-04-03T03:25:37.297+0600][58.925s][info][gc,ref      ] GC(87) Soft: 3231 encountered, 773 discovered, 439 enqueued
[2026-04-03T03:25:37.297+0600][58.925s][info][gc,ref      ] GC(87) Weak: 6352 encountered, 1025 discovered, 45 enqueued
[2026-04-03T03:25:37.297+0600][58.925s][info][gc,ref      ] GC(87) Final: 84 encountered, 1 discovered, 0 enqueued
[2026-04-03T03:25:37.297+0600][58.925s][info][gc,ref      ] GC(87) Phantom: 600 encountered, 532 discovered, 0 enqueued
[2026-04-03T03:25:37.297+0600][58.925s][info][gc,reloc    ] GC(87) Small Pages: 372 / 744M, Empty: 28M, Relocated: 43M, In-Place: 0
[2026-04-03T03:25:37.297+0600][58.925s][info][gc,reloc    ] GC(87) Medium Pages: 1 / 32M, Empty: 0M, Relocated: 0M, In-Place: 0
[2026-04-03T03:25:37.297+0600][58.925s][info][gc,reloc    ] GC(87) Large Pages: 8 / 92M, Empty: 10M, Relocated: 0M, In-Place: 0
[2026-04-03T03:25:37.297+0600][58.925s][info][gc,reloc    ] GC(87) Forwarding Usage: 35M
[2026-04-03T03:25:37.297+0600][58.925s][info][gc,heap     ] GC(87) Min Capacity: 8M(1%)
[2026-04-03T03:25:37.297+0600][58.925s][info][gc,heap     ] GC(87) Max Capacity: 1250M(100%)
[2026-04-03T03:25:37.297+0600][58.925s][info][gc,heap     ] GC(87) Soft Max Capacity: 1250M(100%)
[2026-04-03T03:25:37.297+0600][58.925s][info][gc,heap     ] GC(87)                Mark Start          Mark End        Relocate Start      Relocate End           High               Low         
[2026-04-03T03:25:37.297+0600][58.925s][info][gc,heap     ] GC(87)  Capacity:     1250M (100%)       1250M (100%)       1250M (100%)       1250M (100%)       1250M (100%)       1250M (100%)   
[2026-04-03T03:25:37.297+0600][58.925s][info][gc,heap     ] GC(87)      Free:      382M (31%)           0M (0%)           32M (3%)          430M (34%)         430M (34%)           0M (0%)     
[2026-04-03T03:25:37.297+0600][58.925s][info][gc,heap     ] GC(87)      Used:      868M (69%)        1250M (100%)       1218M (97%)         820M (66%)        1250M (100%)        820M (66%)    
[2026-04-03T03:25:37.297+0600][58.925s][info][gc,heap     ] GC(87)      Live:         -               373M (30%)         373M (30%)         373M (30%)            -                  -          
[2026-04-03T03:25:37.297+0600][58.925s][info][gc,heap     ] GC(87) Allocated:         -               382M (31%)         388M (31%)         401M (32%)            -                  -          
[2026-04-03T03:25:37.297+0600][58.925s][info][gc,heap     ] GC(87)   Garbage:         -               494M (40%)         456M (37%)          45M (4%)             -                  -          
[2026-04-03T03:25:37.297+0600][58.925s][info][gc,heap     ] GC(87) Reclaimed:         -                  -                38M (3%)          449M (36%)            -                  -          
[2026-04-03T03:25:37.297+0600][58.925s][info][gc          ] GC(87) Garbage Collection (Allocation Stall) 868M(69%)->820M(66%)
[2026-04-03T03:25:37.304+0600][58.932s][info][gc,start    ] GC(88) Garbage Collection (Allocation Stall)
[2026-04-03T03:25:37.304+0600][58.932s][info][gc,ref      ] GC(88) Clearing All SoftReferences
[2026-04-03T03:25:37.304+0600][58.932s][info][gc,task     ] GC(88) Using 3 workers
[2026-04-03T03:25:37.305+0600][58.932s][info][gc,ref      ] GC(88) Clearing All SoftReferences
[2026-04-03T03:25:37.305+0600][58.933s][info][gc,phases   ] GC(88) Pause Mark Start 0.063ms
[2026-04-03T03:25:37.976+0600][59.604s][info][gc,phases   ] GC(88) Concurrent Mark 671.364ms
[2026-04-03T03:25:37.976+0600][59.604s][info][gc,phases   ] GC(88) Pause Mark End 0.045ms
[2026-04-03T03:25:37.977+0600][59.605s][info][gc,phases   ] GC(88) Concurrent Mark Free 0.006ms
[2026-04-03T03:25:38.003+0600][59.631s][info][gc,phases   ] GC(88) Concurrent Process Non-Strong References 26.207ms
[2026-04-03T03:25:38.003+0600][59.631s][info][gc,phases   ] GC(88) Concurrent Reset Relocation Set 0.028ms
[2026-04-03T03:25:38.011+0600][59.639s][info][gc,phases   ] GC(88) Concurrent Select Relocation Set 7.503ms
[2026-04-03T03:25:38.011+0600][59.639s][info][gc,phases   ] GC(88) Pause Relocate Start 0.022ms
[2026-04-03T03:25:38.064+0600][59.692s][info][gc,phases   ] GC(88) Concurrent Relocate 53.100ms
[2026-04-03T03:25:38.065+0600][59.693s][info][gc,load     ] GC(88) Load: 5.02/4.71/5.19
[2026-04-03T03:25:38.065+0600][59.693s][info][gc,mmu      ] GC(88) MMU: 2ms/89.2%, 5ms/95.7%, 10ms/97.8%, 20ms/98.9%, 50ms/99.6%, 100ms/99.8%
[2026-04-03T03:25:38.065+0600][59.693s][info][gc,marking  ] GC(88) Mark: 2 stripe(s), 2 proactive flush(es), 1 terminate flush(es), 0 completion(s), 0 continuation(s) 
[2026-04-03T03:25:38.065+0600][59.693s][info][gc,marking  ] GC(88) Mark Stack Usage: 32M
[2026-04-03T03:25:38.065+0600][59.693s][info][gc,nmethod  ] GC(88) NMethods: 7278 registered, 685 unregistered
[2026-04-03T03:25:38.065+0600][59.693s][info][gc,metaspace] GC(88) Metaspace: 71M used, 72M committed, 1088M reserved
[2026-04-03T03:25:38.065+0600][59.693s][info][gc,ref      ] GC(88) Soft: 2792 encountered, 324 discovered, 4 enqueued
[2026-04-03T03:25:38.065+0600][59.693s][info][gc,ref      ] GC(88) Weak: 5955 encountered, 1065 discovered, 5 enqueued
[2026-04-03T03:25:38.065+0600][59.693s][info][gc,ref      ] GC(88) Final: 84 encountered, 1 discovered, 0 enqueued
[2026-04-03T03:25:38.065+0600][59.693s][info][gc,ref      ] GC(88) Phantom: 601 encountered, 546 discovered, 0 enqueued
[2026-04-03T03:25:38.065+0600][59.693s][info][gc,reloc    ] GC(88) Small Pages: 354 / 708M, Empty: 58M, Relocated: 27M, In-Place: 0
[2026-04-03T03:25:38.065+0600][59.693s][info][gc,reloc    ] GC(88) Medium Pages: 1 / 32M, Empty: 0M, Relocated: 0M, In-Place: 0
[2026-04-03T03:25:38.065+0600][59.693s][info][gc,reloc    ] GC(88) Large Pages: 7 / 82M, Empty: 40M, Relocated: 0M, In-Place: 0
[2026-04-03T03:25:38.065+0600][59.693s][info][gc,reloc    ] GC(88) Forwarding Usage: 25M
[2026-04-03T03:25:38.065+0600][59.693s][info][gc,heap     ] GC(88) Min Capacity: 8M(1%)
[2026-04-03T03:25:38.065+0600][59.693s][info][gc,heap     ] GC(88) Max Capacity: 1250M(100%)
[2026-04-03T03:25:38.065+0600][59.693s][info][gc,heap     ] GC(88) Soft Max Capacity: 1250M(100%)
[2026-04-03T03:25:38.065+0600][59.693s][info][gc,heap     ] GC(88)                Mark Start          Mark End        Relocate Start      Relocate End           High               Low         
[2026-04-03T03:25:38.065+0600][59.693s][info][gc,heap     ] GC(88)  Capacity:     1250M (100%)       1250M (100%)       1250M (100%)       1250M (100%)       1250M (100%)       1250M (100%)   
[2026-04-03T03:25:38.065+0600][59.693s][info][gc,heap     ] GC(88)      Free:      428M (34%)         252M (20%)         338M (27%)         724M (58%)         724M (58%)         240M (19%)    
[2026-04-03T03:25:38.065+0600][59.693s][info][gc,heap     ] GC(88)      Used:      822M (66%)         998M (80%)         912M (73%)         526M (42%)        1010M (81%)         526M (42%)    
[2026-04-03T03:25:38.065+0600][59.693s][info][gc,heap     ] GC(88)      Live:         -               279M (22%)         279M (22%)         279M (22%)            -                  -          
[2026-04-03T03:25:38.065+0600][59.693s][info][gc,heap     ] GC(88) Allocated:         -               176M (14%)         188M (15%)         204M (16%)            -                  -          
[2026-04-03T03:25:38.065+0600][59.693s][info][gc,heap     ] GC(88)   Garbage:         -               542M (43%)         444M (36%)          41M (3%)             -                  -          
[2026-04-03T03:25:38.065+0600][59.693s][info][gc,heap     ] GC(88) Reclaimed:         -                  -                98M (8%)          500M (40%)            -                  -          
[2026-04-03T03:25:38.065+0600][59.693s][info][gc          ] GC(88) Garbage Collection (Allocation Stall) 822M(66%)->526M(42%)
[2026-04-03T03:25:38.104+0600][59.732s][info][gc,start    ] GC(89) Garbage Collection (Allocation Rate)
[2026-04-03T03:25:38.104+0600][59.732s][info][gc,task     ] GC(89) Using 3 workers
[2026-04-03T03:25:38.104+0600][59.732s][info][gc,phases   ] GC(89) Pause Mark Start 0.015ms
[2026-04-03T03:25:38.504+0600][60.132s][info][gc,stats    ] === Garbage Collection Statistics =======================================================================================================================
[2026-04-03T03:25:38.504+0600][60.132s][info][gc,stats    ]                                                              Last 10s              Last 10m              Last 10h                Total
[2026-04-03T03:25:38.504+0600][60.132s][info][gc,stats    ]                                                              Avg / Max             Avg / Max             Avg / Max             Avg / Max
[2026-04-03T03:25:38.504+0600][60.132s][info][gc,stats    ]   Collector: Garbage Collection Cycle                    520.247 / 802.296     428.283 / 1040.034    428.283 / 1040.034    428.283 / 1040.034    ms
[2026-04-03T03:25:38.504+0600][60.132s][info][gc,stats    ]  Contention: Mark Segment Reset Contention                    18 / 80               10 / 80               10 / 80               10 / 80          ops/s
[2026-04-03T03:25:38.504+0600][60.132s][info][gc,stats    ]  Contention: Mark SeqNum Reset Contention                      0 / 1                 0 / 2                 0 / 2                 0 / 2           ops/s
[2026-04-03T03:25:38.504+0600][60.132s][info][gc,stats    ]    Critical: Allocation Stall                                  0 / 3                 0 / 3                 0 / 3                 0 / 3           ops/s
[2026-04-03T03:25:38.504+0600][60.132s][info][gc,stats    ]    Critical: Allocation Stall                            130.540 / 143.778     125.639 / 275.013     125.639 / 275.013     125.639 / 275.013     ms
[2026-04-03T03:25:38.504+0600][60.132s][info][gc,stats    ]    Critical: GC Locker Stall                                   0 / 0                 0 / 2                 0 / 2                 0 / 2           ops/s
[2026-04-03T03:25:38.504+0600][60.132s][info][gc,stats    ]    Critical: GC Locker Stall                               0.000 / 0.000         0.007 / 0.045         0.007 / 0.045         0.007 / 0.045       ms
[2026-04-03T03:25:38.504+0600][60.132s][info][gc,stats    ]    Critical: Relocation Stall                                  0 / 0                 0 / 1                 0 / 1                 0 / 1           ops/s
[2026-04-03T03:25:38.504+0600][60.132s][info][gc,stats    ]    Critical: Relocation Stall                              0.000 / 0.000        39.056 / 39.056       39.056 / 39.056       39.056 / 39.056      ms
[2026-04-03T03:25:38.504+0600][60.132s][info][gc,stats    ]      Memory: Allocation Rate                                 622 / 938             518 / 2832            518 / 2832            518 / 2832        MB/s
[2026-04-03T03:25:38.504+0600][60.132s][info][gc,stats    ]      Memory: Defragment                                       11 / 55                7 / 76                7 / 76                7 / 76          ops/s
[2026-04-03T03:25:38.504+0600][60.132s][info][gc,stats    ]      Memory: Out Of Memory                                     0 / 0                 0 / 0                 0 / 0                 0 / 0           ops/s
[2026-04-03T03:25:38.504+0600][60.132s][info][gc,stats    ]      Memory: Page Cache Flush                                 69 / 194              38 / 194              38 / 194              38 / 194         MB/s
[2026-04-03T03:25:38.504+0600][60.132s][info][gc,stats    ]      Memory: Page Cache Hit L1                               280 / 453             237 / 1446            237 / 1446            237 / 1446        ops/s
[2026-04-03T03:25:38.504+0600][60.132s][info][gc,stats    ]      Memory: Page Cache Hit L2                                 0 / 0                 0 / 0                 0 / 0                 0 / 0           ops/s
[2026-04-03T03:25:38.504+0600][60.132s][info][gc,stats    ]      Memory: Page Cache Hit L3                                11 / 51                9 / 79                9 / 79                9 / 79          ops/s
[2026-04-03T03:25:38.504+0600][60.132s][info][gc,stats    ]      Memory: Page Cache Miss                                   2 / 14                6 / 128               6 / 128               6 / 128         ops/s
[2026-04-03T03:25:38.504+0600][60.132s][info][gc,stats    ]      Memory: Uncommit                                          0 / 0                 0 / 0                 0 / 0                 0 / 0           MB/s
[2026-04-03T03:25:38.504+0600][60.132s][info][gc,stats    ]      Memory: Undo Object Allocation Failed                     0 / 0                 0 / 0                 0 / 0                 0 / 0           ops/s
[2026-04-03T03:25:38.504+0600][60.132s][info][gc,stats    ]      Memory: Undo Object Allocation Succeeded                  1 / 10                0 / 10                0 / 10                0 / 10          ops/s
[2026-04-03T03:25:38.504+0600][60.132s][info][gc,stats    ]      Memory: Undo Page Allocation                              0 / 1                 0 / 2                 0 / 2                 0 / 2           ops/s
[2026-04-03T03:25:38.504+0600][60.132s][info][gc,stats    ]       Phase: Concurrent Mark                             447.708 / 727.262     369.134 / 1026.634    369.134 / 1026.634    369.134 / 1026.634    ms
[2026-04-03T03:25:38.504+0600][60.132s][info][gc,stats    ]       Phase: Concurrent Mark Continue                      0.000 / 0.000         0.000 / 0.000         0.000 / 0.000         0.000 / 0.000       ms
[2026-04-03T03:25:38.504+0600][60.132s][info][gc,stats    ]       Phase: Concurrent Mark Free                          0.003 / 0.006         0.003 / 0.007         0.003 / 0.007         0.003 / 0.007       ms
[2026-04-03T03:25:38.504+0600][60.132s][info][gc,stats    ]       Phase: Concurrent Process Non-Strong References     11.951 / 30.175       10.719 / 30.175       10.719 / 30.175       10.719 / 30.175      ms
[2026-04-03T03:25:38.504+0600][60.132s][info][gc,stats    ]       Phase: Concurrent Relocate                          47.858 / 133.349      37.790 / 135.169      37.790 / 135.169      37.790 / 135.169     ms
[2026-04-03T03:25:38.505+0600][60.132s][info][gc,stats    ]       Phase: Concurrent Reset Relocation Set               0.020 / 0.046         0.017 / 0.081         0.017 / 0.081         0.017 / 0.081       ms
[2026-04-03T03:25:38.505+0600][60.132s][info][gc,stats    ]       Phase: Concurrent Select Relocation Set             10.711 / 34.839        7.815 / 42.245        7.815 / 42.245        7.815 / 42.245      ms
[2026-04-03T03:25:38.505+0600][60.132s][info][gc,stats    ]       Phase: Pause Mark End                                0.039 / 0.106         0.039 / 0.198         0.039 / 0.198         0.039 / 0.198       ms
[2026-04-03T03:25:38.505+0600][60.133s][info][gc,stats    ]       Phase: Pause Mark Start                              0.023 / 0.081         0.026 / 0.217         0.026 / 0.217         0.026 / 0.217       ms
[2026-04-03T03:25:38.505+0600][60.133s][info][gc,stats    ]       Phase: Pause Relocate Start                          0.018 / 0.039         0.020 / 0.051         0.020 / 0.051         0.020 / 0.051       ms
[2026-04-03T03:25:38.505+0600][60.133s][info][gc,stats    ]    Subphase: Concurrent Classes Purge                      0.087 / 0.500         0.122 / 0.890         0.122 / 0.890         0.122 / 0.890       ms
[2026-04-03T03:25:38.505+0600][60.133s][info][gc,stats    ]    Subphase: Concurrent Classes Unlink                     9.738 / 27.582        8.644 / 27.582        8.644 / 27.582        8.644 / 27.582      ms
[2026-04-03T03:25:38.505+0600][60.133s][info][gc,stats    ]    Subphase: Concurrent Mark                             446.143 / 725.983     379.774 / 1026.152    379.774 / 1026.152    379.774 / 1026.152    ms
[2026-04-03T03:25:38.505+0600][60.133s][info][gc,stats    ]    Subphase: Concurrent Mark Try Flush                     0.281 / 0.547         0.290 / 20.563        0.290 / 20.563        0.290 / 20.563      ms
[2026-04-03T03:25:38.505+0600][60.133s][info][gc,stats    ]    Subphase: Concurrent Mark Try Terminate                 0.989 / 1.259         1.073 / 2.363         1.073 / 2.363         1.073 / 2.363       ms
[2026-04-03T03:25:38.505+0600][60.133s][info][gc,stats    ]    Subphase: Concurrent References Enqueue                 0.008 / 0.026         0.006 / 0.034         0.006 / 0.034         0.006 / 0.034       ms
[2026-04-03T03:25:38.505+0600][60.133s][info][gc,stats    ]    Subphase: Concurrent References Process                 0.528 / 0.883         0.505 / 1.072         0.505 / 1.072         0.505 / 1.072       ms
[2026-04-03T03:25:38.505+0600][60.133s][info][gc,stats    ]    Subphase: Concurrent Roots ClassLoaderDataGraph         0.248 / 0.662         0.245 / 0.784         0.245 / 0.784         0.245 / 0.784       ms
[2026-04-03T03:25:38.505+0600][60.133s][info][gc,stats    ]    Subphase: Concurrent Roots CodeCache                    0.000 / 0.000         0.000 / 0.000         0.000 / 0.000         0.000 / 0.000       ms
[2026-04-03T03:25:38.505+0600][60.133s][info][gc,stats    ]    Subphase: Concurrent Roots JavaThreads                  0.598 / 1.061         0.503 / 2.260         0.503 / 2.260         0.503 / 2.260       ms
[2026-04-03T03:25:38.505+0600][60.133s][info][gc,stats    ]    Subphase: Concurrent Roots OopStorageSet                0.053 / 0.095         0.049 / 0.199         0.049 / 0.199         0.049 / 0.199       ms
[2026-04-03T03:25:38.505+0600][60.133s][info][gc,stats    ]    Subphase: Concurrent Weak Roots OopStorageSet           0.905 / 1.394         0.840 / 2.311         0.840 / 2.311         0.840 / 2.311       ms
[2026-04-03T03:25:38.505+0600][60.133s][info][gc,stats    ]    Subphase: Pause Mark Try Complete                       0.000 / 0.000         0.004 / 0.008         0.004 / 0.008         0.004 / 0.008       ms
[2026-04-03T03:25:38.505+0600][60.133s][info][gc,stats    ]      System: Java Threads                                    168 / 191              99 / 191              99 / 191              99 / 191         threads
[2026-04-03T03:25:38.505+0600][60.133s][info][gc,stats    ] =========================================================================================================================================================
[2026-04-03T03:25:38.655+0600][60.283s][info][gc,phases   ] GC(89) Concurrent Mark 550.612ms
[2026-04-03T03:25:38.655+0600][60.283s][info][gc,phases   ] GC(89) Pause Mark End 0.043ms
[2026-04-03T03:25:38.656+0600][60.284s][info][gc,phases   ] GC(89) Concurrent Mark Free 0.003ms
[2026-04-03T03:25:38.663+0600][60.291s][info][gc,phases   ] GC(89) Concurrent Process Non-Strong References 7.603ms
[2026-04-03T03:25:38.663+0600][60.291s][info][gc,phases   ] GC(89) Concurrent Reset Relocation Set 0.018ms
[2026-04-03T03:25:38.668+0600][60.296s][info][gc,phases   ] GC(89) Concurrent Select Relocation Set 4.939ms
[2026-04-03T03:25:38.669+0600][60.297s][info][gc,phases   ] GC(89) Pause Relocate Start 0.022ms
[2026-04-03T03:25:38.680+0600][60.308s][info][gc,phases   ] GC(89) Concurrent Relocate 11.721ms
[2026-04-03T03:25:38.681+0600][60.308s][info][gc,load     ] GC(89) Load: 5.02/4.71/5.19
[2026-04-03T03:25:38.681+0600][60.309s][info][gc,mmu      ] GC(89) MMU: 2ms/89.2%, 5ms/95.7%, 10ms/97.8%, 20ms/98.9%, 50ms/99.6%, 100ms/99.8%
[2026-04-03T03:25:38.681+0600][60.309s][info][gc,marking  ] GC(89) Mark: 2 stripe(s), 2 proactive flush(es), 1 terminate flush(es), 0 completion(s), 0 continuation(s) 
[2026-04-03T03:25:38.681+0600][60.309s][info][gc,marking  ] GC(89) Mark Stack Usage: 32M
[2026-04-03T03:25:38.681+0600][60.309s][info][gc,nmethod  ] GC(89) NMethods: 7287 registered, 690 unregistered
[2026-04-03T03:25:38.681+0600][60.309s][info][gc,metaspace] GC(89) Metaspace: 71M used, 72M committed, 1088M reserved
[2026-04-03T03:25:38.681+0600][60.309s][info][gc,ref      ] GC(89) Soft: 2921 encountered, 0 discovered, 0 enqueued
[2026-04-03T03:25:38.681+0600][60.309s][info][gc,ref      ] GC(89) Weak: 6109 encountered, 2116 discovered, 87 enqueued
[2026-04-03T03:25:38.681+0600][60.309s][info][gc,ref      ] GC(89) Final: 84 encountered, 2 discovered, 0 enqueued
[2026-04-03T03:25:38.681+0600][60.309s][info][gc,ref      ] GC(89) Phantom: 603 encountered, 534 discovered, 0 enqueued
[2026-04-03T03:25:38.681+0600][60.309s][info][gc,reloc    ] GC(89) Small Pages: 213 / 426M, Empty: 8M, Relocated: 8M, In-Place: 0
[2026-04-03T03:25:38.681+0600][60.309s][info][gc,reloc    ] GC(89) Medium Pages: 2 / 64M, Empty: 32M, Relocated: 0M, In-Place: 0
[2026-04-03T03:25:38.681+0600][60.309s][info][gc,reloc    ] GC(89) Large Pages: 4 / 52M, Empty: 6M, Relocated: 0M, In-Place: 0
[2026-04-03T03:25:38.681+0600][60.309s][info][gc,reloc    ] GC(89) Forwarding Usage: 7M
[2026-04-03T03:25:38.681+0600][60.309s][info][gc,heap     ] GC(89) Min Capacity: 8M(1%)
[2026-04-03T03:25:38.681+0600][60.309s][info][gc,heap     ] GC(89) Max Capacity: 1250M(100%)
[2026-04-03T03:25:38.681+0600][60.309s][info][gc,heap     ] GC(89) Soft Max Capacity: 1250M(100%)
[2026-04-03T03:25:38.681+0600][60.309s][info][gc,heap     ] GC(89)                Mark Start          Mark End        Relocate Start      Relocate End           High               Low         
[2026-04-03T03:25:38.681+0600][60.309s][info][gc,heap     ] GC(89)  Capacity:     1250M (100%)       1250M (100%)       1250M (100%)       1250M (100%)       1250M (100%)       1250M (100%)   
[2026-04-03T03:25:38.681+0600][60.309s][info][gc,heap     ] GC(89)      Free:      708M (57%)         466M (37%)         508M (41%)         666M (53%)         708M (57%)         464M (37%)    
[2026-04-03T03:25:38.681+0600][60.309s][info][gc,heap     ] GC(89)      Used:      542M (43%)         784M (63%)         742M (59%)         584M (47%)         786M (63%)         542M (43%)    
[2026-04-03T03:25:38.681+0600][60.309s][info][gc,heap     ] GC(89)      Live:         -               288M (23%)         288M (23%)         288M (23%)            -                  -          
[2026-04-03T03:25:38.681+0600][60.309s][info][gc,heap     ] GC(89) Allocated:         -               242M (19%)         246M (20%)         249M (20%)            -                  -          
[2026-04-03T03:25:38.681+0600][60.309s][info][gc,heap     ] GC(89)   Garbage:         -               253M (20%)         207M (17%)          45M (4%)             -                  -          
[2026-04-03T03:25:38.681+0600][60.309s][info][gc,heap     ] GC(89) Reclaimed:         -                  -                46M (4%)          207M (17%)            -                  -          
[2026-04-03T03:25:38.681+0600][60.309s][info][gc          ] GC(89) Garbage Collection (Allocation Rate) 542M(43%)->584M(47%)
[2026-04-03T03:25:38.804+0600][60.432s][info][gc,start    ] GC(90) Garbage Collection (Allocation Rate)
[2026-04-03T03:25:38.804+0600][60.432s][info][gc,task     ] GC(90) Using 3 workers
[2026-04-03T03:25:38.804+0600][60.432s][info][gc,phases   ] GC(90) Pause Mark Start 0.010ms
[2026-04-03T03:25:39.107+0600][60.735s][info][gc,phases   ] GC(90) Concurrent Mark 303.025ms
[2026-04-03T03:25:39.107+0600][60.735s][info][gc,phases   ] GC(90) Pause Mark End 0.055ms
[2026-04-03T03:25:39.108+0600][60.736s][info][gc,phases   ] GC(90) Concurrent Mark Free 0.003ms
[2026-04-03T03:25:39.115+0600][60.743s][info][gc,phases   ] GC(90) Concurrent Process Non-Strong References 7.347ms
[2026-04-03T03:25:39.115+0600][60.743s][info][gc,phases   ] GC(90) Concurrent Reset Relocation Set 0.012ms
[2026-04-03T03:25:39.123+0600][60.751s][info][gc,phases   ] GC(90) Concurrent Select Relocation Set 8.026ms
[2026-04-03T03:25:39.123+0600][60.751s][info][gc,phases   ] GC(90) Pause Relocate Start 0.014ms
[2026-04-03T03:25:39.153+0600][60.781s][info][gc,phases   ] GC(90) Concurrent Relocate 29.614ms
[2026-04-03T03:25:39.153+0600][60.781s][info][gc,load     ] GC(90) Load: 5.02/4.71/5.19
[2026-04-03T03:25:39.153+0600][60.781s][info][gc,mmu      ] GC(90) MMU: 2ms/89.2%, 5ms/95.7%, 10ms/97.8%, 20ms/98.9%, 50ms/99.6%, 100ms/99.8%
[2026-04-03T03:25:39.153+0600][60.781s][info][gc,marking  ] GC(90) Mark: 2 stripe(s), 2 proactive flush(es), 1 terminate flush(es), 0 completion(s), 0 continuation(s) 
[2026-04-03T03:25:39.153+0600][60.781s][info][gc,marking  ] GC(90) Mark Stack Usage: 32M
[2026-04-03T03:25:39.153+0600][60.781s][info][gc,nmethod  ] GC(90) NMethods: 7296 registered, 690 unregistered
[2026-04-03T03:25:39.153+0600][60.781s][info][gc,metaspace] GC(90) Metaspace: 71M used, 72M committed, 1088M reserved
[2026-04-03T03:25:39.153+0600][60.781s][info][gc,ref      ] GC(90) Soft: 2942 encountered, 0 discovered, 0 enqueued
[2026-04-03T03:25:39.153+0600][60.781s][info][gc,ref      ] GC(90) Weak: 6057 encountered, 498 discovered, 85 enqueued
[2026-04-03T03:25:39.153+0600][60.781s][info][gc,ref      ] GC(90) Final: 84 encountered, 1 discovered, 0 enqueued
[2026-04-03T03:25:39.153+0600][60.781s][info][gc,ref      ] GC(90) Phantom: 600 encountered, 563 discovered, 0 enqueued
[2026-04-03T03:25:39.153+0600][60.781s][info][gc,reloc    ] GC(90) Small Pages: 269 / 538M, Empty: 36M, Relocated: 22M, In-Place: 0
[2026-04-03T03:25:39.153+0600][60.781s][info][gc,reloc    ] GC(90) Medium Pages: 2 / 64M, Empty: 32M, Relocated: 0M, In-Place: 0
[2026-04-03T03:25:39.153+0600][60.781s][info][gc,reloc    ] GC(90) Large Pages: 3 / 46M, Empty: 36M, Relocated: 0M, In-Place: 0
[2026-04-03T03:25:39.153+0600][60.781s][info][gc,reloc    ] GC(90) Forwarding Usage: 21M
[2026-04-03T03:25:39.153+0600][60.781s][info][gc,heap     ] GC(90) Min Capacity: 8M(1%)
[2026-04-03T03:25:39.153+0600][60.781s][info][gc,heap     ] GC(90) Max Capacity: 1250M(100%)
[2026-04-03T03:25:39.153+0600][60.781s][info][gc,heap     ] GC(90) Soft Max Capacity: 1250M(100%)
[2026-04-03T03:25:39.153+0600][60.781s][info][gc,heap     ] GC(90)                Mark Start          Mark End        Relocate Start      Relocate End           High               Low         
[2026-04-03T03:25:39.153+0600][60.781s][info][gc,heap     ] GC(90)  Capacity:     1250M (100%)       1250M (100%)       1250M (100%)       1250M (100%)       1250M (100%)       1250M (100%)   
[2026-04-03T03:25:39.154+0600][60.781s][info][gc,heap     ] GC(90)      Free:      602M (48%)         474M (38%)         572M (46%)         878M (70%)         878M (70%)         470M (38%)    
[2026-04-03T03:25:39.154+0600][60.781s][info][gc,heap     ] GC(90)      Used:      648M (52%)         776M (62%)         678M (54%)         372M (30%)         780M (62%)         372M (30%)    
[2026-04-03T03:25:39.154+0600][60.782s][info][gc,heap     ] GC(90)      Live:         -               201M (16%)         201M (16%)         201M (16%)            -                  -          
[2026-04-03T03:25:39.154+0600][60.782s][info][gc,heap     ] GC(90) Allocated:         -               128M (10%)         134M (11%)         141M (11%)            -                  -          
[2026-04-03T03:25:39.154+0600][60.782s][info][gc,heap     ] GC(90)   Garbage:         -               446M (36%)         342M (27%)          29M (2%)             -                  -          
[2026-04-03T03:25:39.154+0600][60.782s][info][gc,heap     ] GC(90) Reclaimed:         -                  -               104M (8%)          417M (33%)            -                  -          
[2026-04-03T03:25:39.154+0600][60.782s][info][gc          ] GC(90) Garbage Collection (Allocation Rate) 648M(52%)->372M(30%)
[2026-04-03T03:25:40.004+0600][61.632s][info][gc,start    ] GC(91) Garbage Collection (Allocation Rate)
[2026-04-03T03:25:40.004+0600][61.632s][info][gc,task     ] GC(91) Using 3 workers
[2026-04-03T03:25:40.005+0600][61.633s][info][gc,phases   ] GC(91) Pause Mark Start 0.010ms
[2026-04-03T03:25:40.416+0600][62.044s][info][gc,phases   ] GC(91) Concurrent Mark 411.139ms
[2026-04-03T03:25:40.416+0600][62.044s][info][gc,phases   ] GC(91) Pause Mark End 0.049ms
[2026-04-03T03:25:40.417+0600][62.045s][info][gc,phases   ] GC(91) Concurrent Mark Free 0.005ms
[2026-04-03T03:25:40.428+0600][62.056s][info][gc,phases   ] GC(91) Concurrent Process Non-Strong References 10.932ms
[2026-04-03T03:25:40.428+0600][62.056s][info][gc,phases   ] GC(91) Concurrent Reset Relocation Set 0.026ms
[2026-04-03T03:25:40.434+0600][62.062s][info][gc,phases   ] GC(91) Concurrent Select Relocation Set 5.845ms
[2026-04-03T03:25:40.434+0600][62.062s][info][gc,phases   ] GC(91) Pause Relocate Start 0.023ms
[2026-04-03T03:25:40.460+0600][62.087s][info][gc,phases   ] GC(91) Concurrent Relocate 25.213ms
[2026-04-03T03:25:40.460+0600][62.088s][info][gc,load     ] GC(91) Load: 5.02/4.71/5.19
[2026-04-03T03:25:40.460+0600][62.088s][info][gc,mmu      ] GC(91) MMU: 2ms/89.2%, 5ms/95.7%, 10ms/97.8%, 20ms/98.9%, 50ms/99.6%, 100ms/99.8%
[2026-04-03T03:25:40.460+0600][62.088s][info][gc,marking  ] GC(91) Mark: 2 stripe(s), 2 proactive flush(es), 1 terminate flush(es), 0 completion(s), 0 continuation(s) 
[2026-04-03T03:25:40.460+0600][62.088s][info][gc,marking  ] GC(91) Mark Stack Usage: 32M
[2026-04-03T03:25:40.460+0600][62.088s][info][gc,nmethod  ] GC(91) NMethods: 7353 registered, 691 unregistered
[2026-04-03T03:25:40.460+0600][62.088s][info][gc,metaspace] GC(91) Metaspace: 71M used, 72M committed, 1088M reserved
[2026-04-03T03:25:40.460+0600][62.088s][info][gc,ref      ] GC(91) Soft: 2942 encountered, 0 discovered, 0 enqueued
[2026-04-03T03:25:40.460+0600][62.088s][info][gc,ref      ] GC(91) Weak: 5915 encountered, 400 discovered, 0 enqueued
[2026-04-03T03:25:40.460+0600][62.088s][info][gc,ref      ] GC(91) Final: 84 encountered, 1 discovered, 0 enqueued
[2026-04-03T03:25:40.460+0600][62.088s][info][gc,ref      ] GC(91) Phantom: 600 encountered, 568 discovered, 0 enqueued
[2026-04-03T03:25:40.460+0600][62.088s][info][gc,reloc    ] GC(91) Small Pages: 271 / 542M, Empty: 12M, Relocated: 11M, In-Place: 0
[2026-04-03T03:25:40.460+0600][62.088s][info][gc,reloc    ] GC(91) Medium Pages: 2 / 64M, Empty: 32M, Relocated: 0M, In-Place: 0
[2026-04-03T03:25:40.460+0600][62.088s][info][gc,reloc    ] GC(91) Large Pages: 2 / 28M, Empty: 10M, Relocated: 0M, In-Place: 0
[2026-04-03T03:25:40.460+0600][62.088s][info][gc,reloc    ] GC(91) Forwarding Usage: 10M
[2026-04-03T03:25:40.460+0600][62.088s][info][gc,heap     ] GC(91) Min Capacity: 8M(1%)
[2026-04-03T03:25:40.460+0600][62.088s][info][gc,heap     ] GC(91) Max Capacity: 1250M(100%)
[2026-04-03T03:25:40.460+0600][62.088s][info][gc,heap     ] GC(91) Soft Max Capacity: 1250M(100%)
[2026-04-03T03:25:40.460+0600][62.088s][info][gc,heap     ] GC(91)                Mark Start          Mark End        Relocate Start      Relocate End           High               Low         
[2026-04-03T03:25:40.460+0600][62.088s][info][gc,heap     ] GC(91)  Capacity:     1250M (100%)       1250M (100%)       1250M (100%)       1250M (100%)       1250M (100%)       1250M (100%)   
[2026-04-03T03:25:40.460+0600][62.088s][info][gc,heap     ] GC(91)      Free:      616M (49%)         412M (33%)         460M (37%)         784M (63%)         784M (63%)         408M (33%)    
[2026-04-03T03:25:40.460+0600][62.088s][info][gc,heap     ] GC(91)      Used:      634M (51%)         838M (67%)         790M (63%)         466M (37%)         842M (67%)         466M (37%)    
[2026-04-03T03:25:40.460+0600][62.088s][info][gc,heap     ] GC(91)      Live:         -               215M (17%)         215M (17%)         215M (17%)            -                  -          
[2026-04-03T03:25:40.460+0600][62.088s][info][gc,heap     ] GC(91) Allocated:         -               204M (16%)         210M (17%)         215M (17%)            -                  -          
[2026-04-03T03:25:40.460+0600][62.088s][info][gc,heap     ] GC(91)   Garbage:         -               418M (34%)         364M (29%)          34M (3%)             -                  -          
[2026-04-03T03:25:40.460+0600][62.088s][info][gc,heap     ] GC(91) Reclaimed:         -                  -                54M (4%)          383M (31%)            -                  -          
[2026-04-03T03:25:40.460+0600][62.088s][info][gc          ] GC(91) Garbage Collection (Allocation Rate) 634M(51%)->466M(37%)
[2026-04-03T03:25:40.704+0600][62.332s][info][gc,start    ] GC(92) Garbage Collection (Allocation Rate)
[2026-04-03T03:25:40.704+0600][62.332s][info][gc,task     ] GC(92) Using 3 workers
[2026-04-03T03:25:40.704+0600][62.332s][info][gc,phases   ] GC(92) Pause Mark Start 0.016ms
[2026-04-03T03:25:41.207+0600][62.835s][info][gc,phases   ] GC(92) Concurrent Mark 501.986ms
[2026-04-03T03:25:41.207+0600][62.835s][info][gc,phases   ] GC(92) Pause Mark End 0.033ms
[2026-04-03T03:25:41.207+0600][62.835s][info][gc,phases   ] GC(92) Concurrent Mark Free 0.002ms
[2026-04-03T03:25:41.233+0600][62.861s][info][gc,phases   ] GC(92) Concurrent Process Non-Strong References 25.988ms
[2026-04-03T03:25:41.233+0600][62.861s][info][gc,phases   ] GC(92) Concurrent Reset Relocation Set 0.030ms
[2026-04-03T03:25:41.257+0600][62.885s][info][gc,phases   ] GC(92) Concurrent Select Relocation Set 23.853ms
[2026-04-03T03:25:41.257+0600][62.885s][info][gc,phases   ] GC(92) Pause Relocate Start 0.019ms
[2026-04-03T03:25:41.352+0600][62.980s][info][gc,phases   ] GC(92) Concurrent Relocate 94.294ms
[2026-04-03T03:25:41.352+0600][62.980s][info][gc,load     ] GC(92) Load: 4.86/4.68/5.17
[2026-04-03T03:25:41.352+0600][62.980s][info][gc,mmu      ] GC(92) MMU: 2ms/89.2%, 5ms/95.7%, 10ms/97.8%, 20ms/98.9%, 50ms/99.6%, 100ms/99.8%
[2026-04-03T03:25:41.352+0600][62.980s][info][gc,marking  ] GC(92) Mark: 2 stripe(s), 10 proactive flush(es), 1 terminate flush(es), 0 completion(s), 0 continuation(s) 
[2026-04-03T03:25:41.352+0600][62.980s][info][gc,marking  ] GC(92) Mark Stack Usage: 32M
[2026-04-03T03:25:41.352+0600][62.980s][info][gc,nmethod  ] GC(92) NMethods: 7362 registered, 699 unregistered
[2026-04-03T03:25:41.352+0600][62.980s][info][gc,metaspace] GC(92) Metaspace: 71M used, 72M committed, 1088M reserved
[2026-04-03T03:25:41.352+0600][62.980s][info][gc,ref      ] GC(92) Soft: 3253 encountered, 0 discovered, 0 enqueued
[2026-04-03T03:25:41.352+0600][62.980s][info][gc,ref      ] GC(92) Weak: 6673 encountered, 1056 discovered, 168 enqueued
[2026-04-03T03:25:41.352+0600][62.980s][info][gc,ref      ] GC(92) Final: 84 encountered, 3 discovered, 0 enqueued
[2026-04-03T03:25:41.352+0600][62.980s][info][gc,ref      ] GC(92) Phantom: 601 encountered, 545 discovered, 0 enqueued
[2026-04-03T03:25:41.352+0600][62.980s][info][gc,reloc    ] GC(92) Small Pages: 292 / 584M, Empty: 16M, Relocated: 71M, In-Place: 0
[2026-04-03T03:25:41.352+0600][62.980s][info][gc,reloc    ] GC(92) Medium Pages: 2 / 64M, Empty: 32M, Relocated: 0M, In-Place: 0
[2026-04-03T03:25:41.352+0600][62.980s][info][gc,reloc    ] GC(92) Large Pages: 12 / 100M, Empty: 48M, Relocated: 0M, In-Place: 0
[2026-04-03T03:25:41.352+0600][62.980s][info][gc,reloc    ] GC(92) Forwarding Usage: 50M
[2026-04-03T03:25:41.352+0600][62.980s][info][gc,heap     ] GC(92) Min Capacity: 8M(1%)
[2026-04-03T03:25:41.352+0600][62.980s][info][gc,heap     ] GC(92) Max Capacity: 1250M(100%)
[2026-04-03T03:25:41.352+0600][62.980s][info][gc,heap     ] GC(92) Soft Max Capacity: 1250M(100%)
[2026-04-03T03:25:41.352+0600][62.980s][info][gc,heap     ] GC(92)                Mark Start          Mark End        Relocate Start      Relocate End           High               Low         
[2026-04-03T03:25:41.352+0600][62.980s][info][gc,heap     ] GC(92)  Capacity:     1250M (100%)       1250M (100%)       1250M (100%)       1250M (100%)       1250M (100%)       1250M (100%)   
[2026-04-03T03:25:41.352+0600][62.980s][info][gc,heap     ] GC(92)      Free:      502M (40%)         106M (8%)          132M (11%)         362M (29%)         502M (40%)          60M (5%)     
[2026-04-03T03:25:41.352+0600][62.980s][info][gc,heap     ] GC(92)      Used:      748M (60%)        1144M (92%)        1118M (89%)         888M (71%)        1190M (95%)         748M (60%)    
[2026-04-03T03:25:41.352+0600][62.980s][info][gc,heap     ] GC(92)      Live:         -               295M (24%)         295M (24%)         295M (24%)            -                  -          
[2026-04-03T03:25:41.352+0600][62.980s][info][gc,heap     ] GC(92) Allocated:         -               396M (32%)         466M (37%)         560M (45%)            -                  -          
[2026-04-03T03:25:41.352+0600][62.980s][info][gc,heap     ] GC(92)   Garbage:         -               452M (36%)         356M (29%)          31M (3%)             -                  -          
[2026-04-03T03:25:41.352+0600][62.980s][info][gc,heap     ] GC(92) Reclaimed:         -                  -                96M (8%)          420M (34%)            -                  -          
[2026-04-03T03:25:41.352+0600][62.980s][info][gc          ] GC(92) Garbage Collection (Allocation Rate) 748M(60%)->888M(71%)
[2026-04-03T03:25:41.404+0600][63.032s][info][gc,start    ] GC(93) Garbage Collection (Allocation Rate)
[2026-04-03T03:25:41.404+0600][63.032s][info][gc,task     ] GC(93) Using 3 workers
[2026-04-03T03:25:41.404+0600][63.032s][info][gc,phases   ] GC(93) Pause Mark Start 0.011ms
[2026-04-03T03:25:42.017+0600][63.645s][info][gc,phases   ] GC(93) Concurrent Mark 612.621ms
[2026-04-03T03:25:42.017+0600][63.645s][info][gc,phases   ] GC(93) Pause Mark End 0.026ms
[2026-04-03T03:25:42.017+0600][63.645s][info][gc,phases   ] GC(93) Concurrent Mark Free 0.002ms
[2026-04-03T03:25:42.025+0600][63.653s][info][gc,phases   ] GC(93) Concurrent Process Non-Strong References 7.824ms
[2026-04-03T03:25:42.025+0600][63.653s][info][gc,phases   ] GC(93) Concurrent Reset Relocation Set 0.040ms
[2026-04-03T03:25:42.028+0600][63.656s][info][gc          ] Allocation Stall (Executor task launch worker for task 2.0 in stage 28.0 (TID 44)) 85.200ms
[2026-04-03T03:25:42.028+0600][63.656s][info][gc          ] Allocation Stall (Executor task launch worker for task 0.0 in stage 28.0 (TID 42)) 72.598ms
[2026-04-03T03:25:42.028+0600][63.656s][info][gc          ] Allocation Stall (Executor task launch worker for task 1.0 in stage 28.0 (TID 43)) 78.326ms
[2026-04-03T03:25:42.035+0600][63.663s][info][gc,phases   ] GC(93) Concurrent Select Relocation Set 10.051ms
[2026-04-03T03:25:42.036+0600][63.664s][info][gc,phases   ] GC(93) Pause Relocate Start 0.036ms
[2026-04-03T03:25:42.155+0600][63.783s][info][gc,phases   ] GC(93) Concurrent Relocate 118.774ms
[2026-04-03T03:25:42.155+0600][63.783s][info][gc,load     ] GC(93) Load: 4.86/4.68/5.17
[2026-04-03T03:25:42.155+0600][63.783s][info][gc,mmu      ] GC(93) MMU: 2ms/89.2%, 5ms/95.7%, 10ms/97.8%, 20ms/98.9%, 50ms/99.6%, 100ms/99.8%
[2026-04-03T03:25:42.155+0600][63.783s][info][gc,marking  ] GC(93) Mark: 2 stripe(s), 2 proactive flush(es), 1 terminate flush(es), 0 completion(s), 0 continuation(s) 
[2026-04-03T03:25:42.155+0600][63.783s][info][gc,marking  ] GC(93) Mark Stack Usage: 32M
[2026-04-03T03:25:42.155+0600][63.783s][info][gc,nmethod  ] GC(93) NMethods: 7365 registered, 700 unregistered
[2026-04-03T03:25:42.155+0600][63.783s][info][gc,metaspace] GC(93) Metaspace: 71M used, 72M committed, 1088M reserved
[2026-04-03T03:25:42.155+0600][63.783s][info][gc,ref      ] GC(93) Soft: 3253 encountered, 0 discovered, 0 enqueued
[2026-04-03T03:25:42.155+0600][63.783s][info][gc,ref      ] GC(93) Weak: 6513 encountered, 2346 discovered, 78 enqueued
[2026-04-03T03:25:42.155+0600][63.783s][info][gc,ref      ] GC(93) Final: 84 encountered, 20 discovered, 0 enqueued
[2026-04-03T03:25:42.155+0600][63.783s][info][gc,ref      ] GC(93) Phantom: 601 encountered, 526 discovered, 0 enqueued
[2026-04-03T03:25:42.155+0600][63.783s][info][gc,reloc    ] GC(93) Small Pages: 393 / 786M, Empty: 12M, Relocated: 87M, In-Place: 0
[2026-04-03T03:25:42.155+0600][63.783s][info][gc,reloc    ] GC(93) Medium Pages: 2 / 64M, Empty: 0M, Relocated: 13M, In-Place: 0
[2026-04-03T03:25:42.155+0600][63.783s][info][gc,reloc    ] GC(93) Large Pages: 10 / 84M, Empty: 42M, Relocated: 0M, In-Place: 0
[2026-04-03T03:25:42.155+0600][63.783s][info][gc,reloc    ] GC(93) Forwarding Usage: 58M
[2026-04-03T03:25:42.155+0600][63.783s][info][gc,heap     ] GC(93) Min Capacity: 8M(1%)
[2026-04-03T03:25:42.155+0600][63.783s][info][gc,heap     ] GC(93) Max Capacity: 1250M(100%)
[2026-04-03T03:25:42.155+0600][63.783s][info][gc,heap     ] GC(93) Soft Max Capacity: 1250M(100%)
[2026-04-03T03:25:42.155+0600][63.783s][info][gc,heap     ] GC(93)                Mark Start          Mark End        Relocate Start      Relocate End           High               Low         
[2026-04-03T03:25:42.155+0600][63.783s][info][gc,heap     ] GC(93)  Capacity:     1250M (100%)       1250M (100%)       1250M (100%)       1250M (100%)       1250M (100%)       1250M (100%)   
[2026-04-03T03:25:42.155+0600][63.783s][info][gc,heap     ] GC(93)      Free:      316M (25%)           0M (0%)           44M (4%)          512M (41%)         512M (41%)           0M (0%)     
[2026-04-03T03:25:42.155+0600][63.783s][info][gc,heap     ] GC(93)      Used:      934M (75%)        1250M (100%)       1206M (96%)         738M (59%)        1250M (100%)        738M (59%)    
[2026-04-03T03:25:42.155+0600][63.783s][info][gc,heap     ] GC(93)      Live:         -               332M (27%)         332M (27%)         332M (27%)            -                  -          
[2026-04-03T03:25:42.155+0600][63.783s][info][gc,heap     ] GC(93) Allocated:         -               316M (25%)         326M (26%)         373M (30%)            -                  -          
[2026-04-03T03:25:42.155+0600][63.783s][info][gc,heap     ] GC(93)   Garbage:         -               601M (48%)         547M (44%)          31M (3%)             -                  -          
[2026-04-03T03:25:42.155+0600][63.783s][info][gc,heap     ] GC(93) Reclaimed:         -                  -                54M (4%)          569M (46%)            -                  -          
[2026-04-03T03:25:42.155+0600][63.783s][info][gc          ] GC(93) Garbage Collection (Allocation Rate) 934M(75%)->738M(59%)
[2026-04-03T03:25:42.204+0600][63.832s][info][gc,start    ] GC(94) Garbage Collection (Allocation Stall)
[2026-04-03T03:25:42.204+0600][63.832s][info][gc,ref      ] GC(94) Clearing All SoftReferences
[2026-04-03T03:25:42.204+0600][63.832s][info][gc,task     ] GC(94) Using 3 workers
[2026-04-03T03:25:42.204+0600][63.832s][info][gc,ref      ] GC(94) Clearing All SoftReferences
[2026-04-03T03:25:42.204+0600][63.832s][info][gc,phases   ] GC(94) Pause Mark Start 0.051ms
[2026-04-03T03:25:42.994+0600][64.622s][info][gc,phases   ] GC(94) Concurrent Mark 789.449ms
[2026-04-03T03:25:42.994+0600][64.622s][info][gc,phases   ] GC(94) Pause Mark End 0.045ms
[2026-04-03T03:25:42.994+0600][64.622s][info][gc,phases   ] GC(94) Concurrent Mark Free 0.005ms
[2026-04-03T03:25:43.039+0600][64.667s][info][gc,phases   ] GC(94) Concurrent Process Non-Strong References 21.761ms
[2026-04-03T03:25:43.039+0600][64.667s][info][gc,phases   ] GC(94) Concurrent Reset Relocation Set 0.028ms
[2026-04-03T03:25:43.042+0600][64.670s][info][gc          ] Allocation Stall (Executor task launch worker for task 1.0 in stage 28.0 (TID 43)) 43.837ms
[2026-04-03T03:25:43.042+0600][64.670s][info][gc          ] Allocation Stall (Executor task launch worker for task 0.0 in stage 28.0 (TID 42)) 39.968ms
[2026-04-03T03:25:43.042+0600][64.670s][info][gc          ] Allocation Stall (Executor task launch worker for task 2.0 in stage 28.0 (TID 44)) 41.045ms
[2026-04-03T03:25:43.046+0600][64.674s][info][gc,phases   ] GC(94) Concurrent Select Relocation Set 7.188ms
[2026-04-03T03:25:43.047+0600][64.675s][info][gc,phases   ] GC(94) Pause Relocate Start 0.015ms
[2026-04-03T03:25:43.097+0600][64.725s][info][gc,phases   ] GC(94) Concurrent Relocate 50.111ms
[2026-04-03T03:25:43.097+0600][64.725s][info][gc,load     ] GC(94) Load: 4.86/4.68/5.17
[2026-04-03T03:25:43.097+0600][64.725s][info][gc,mmu      ] GC(94) MMU: 2ms/89.2%, 5ms/95.7%, 10ms/97.8%, 20ms/98.9%, 50ms/99.6%, 100ms/99.8%
[2026-04-03T03:25:43.097+0600][64.725s][info][gc,marking  ] GC(94) Mark: 2 stripe(s), 2 proactive flush(es), 1 terminate flush(es), 0 completion(s), 0 continuation(s) 
[2026-04-03T03:25:43.097+0600][64.725s][info][gc,marking  ] GC(94) Mark Stack Usage: 32M
[2026-04-03T03:25:43.097+0600][64.725s][info][gc,nmethod  ] GC(94) NMethods: 7366 registered, 700 unregistered
[2026-04-03T03:25:43.097+0600][64.725s][info][gc,metaspace] GC(94) Metaspace: 71M used, 72M committed, 1088M reserved
[2026-04-03T03:25:43.097+0600][64.725s][info][gc,ref      ] GC(94) Soft: 3164 encountered, 2193 discovered, 373 enqueued
[2026-04-03T03:25:43.097+0600][64.725s][info][gc,ref      ] GC(94) Weak: 6356 encountered, 2025 discovered, 34 enqueued
[2026-04-03T03:25:43.097+0600][64.725s][info][gc,ref      ] GC(94) Final: 84 encountered, 2 discovered, 0 enqueued
[2026-04-03T03:25:43.097+0600][64.725s][info][gc,ref      ] GC(94) Phantom: 600 encountered, 537 discovered, 0 enqueued
[2026-04-03T03:25:43.097+0600][64.725s][info][gc,reloc    ] GC(94) Small Pages: 339 / 678M, Empty: 12M, Relocated: 29M, In-Place: 0
[2026-04-03T03:25:43.097+0600][64.725s][info][gc,reloc    ] GC(94) Medium Pages: 1 / 32M, Empty: 0M, Relocated: 0M, In-Place: 0
[2026-04-03T03:25:43.097+0600][64.725s][info][gc,reloc    ] GC(94) Large Pages: 7 / 62M, Empty: 12M, Relocated: 0M, In-Place: 0
[2026-04-03T03:25:43.097+0600][64.725s][info][gc,reloc    ] GC(94) Forwarding Usage: 25M
[2026-04-03T03:25:43.097+0600][64.725s][info][gc,heap     ] GC(94) Min Capacity: 8M(1%)
[2026-04-03T03:25:43.097+0600][64.725s][info][gc,heap     ] GC(94) Max Capacity: 1250M(100%)
[2026-04-03T03:25:43.097+0600][64.725s][info][gc,heap     ] GC(94) Soft Max Capacity: 1250M(100%)
[2026-04-03T03:25:43.097+0600][64.725s][info][gc,heap     ] GC(94)                Mark Start          Mark End        Relocate Start      Relocate End           High               Low         
[2026-04-03T03:25:43.097+0600][64.725s][info][gc,heap     ] GC(94)  Capacity:     1250M (100%)       1250M (100%)       1250M (100%)       1250M (100%)       1250M (100%)       1250M (100%)   
[2026-04-03T03:25:43.097+0600][64.725s][info][gc,heap     ] GC(94)      Free:      478M (38%)           0M (0%)           14M (1%)          328M (26%)         478M (38%)           0M (0%)     
[2026-04-03T03:25:43.097+0600][64.725s][info][gc,heap     ] GC(94)      Used:      772M (62%)        1250M (100%)       1236M (99%)         922M (74%)        1250M (100%)        772M (62%)    
[2026-04-03T03:25:43.097+0600][64.725s][info][gc,heap     ] GC(94)      Live:         -               359M (29%)         359M (29%)         359M (29%)            -                  -          
[2026-04-03T03:25:43.097+0600][64.725s][info][gc,heap     ] GC(94) Allocated:         -               478M (38%)         488M (39%)         525M (42%)            -                  -          
[2026-04-03T03:25:43.097+0600][64.725s][info][gc,heap     ] GC(94)   Garbage:         -               412M (33%)         388M (31%)          37M (3%)             -                  -          
[2026-04-03T03:25:43.097+0600][64.725s][info][gc,heap     ] GC(94) Reclaimed:         -                  -                24M (2%)          375M (30%)            -                  -          
[2026-04-03T03:25:43.097+0600][64.725s][info][gc          ] GC(94) Garbage Collection (Allocation Stall) 772M(62%)->922M(74%)
[2026-04-03T03:25:43.104+0600][64.732s][info][gc,start    ] GC(95) Garbage Collection (Allocation Stall)
[2026-04-03T03:25:43.104+0600][64.732s][info][gc,ref      ] GC(95) Clearing All SoftReferences
[2026-04-03T03:25:43.104+0600][64.732s][info][gc,task     ] GC(95) Using 3 workers
[2026-04-03T03:25:43.104+0600][64.732s][info][gc,ref      ] GC(95) Clearing All SoftReferences
[2026-04-03T03:25:43.104+0600][64.732s][info][gc,phases   ] GC(95) Pause Mark Start 0.117ms
[2026-04-03T03:25:43.909+0600][65.537s][info][gc,phases   ] GC(95) Concurrent Mark 804.652ms
[2026-04-03T03:25:43.909+0600][65.537s][info][gc,phases   ] GC(95) Pause Mark End 0.028ms
[2026-04-03T03:25:43.910+0600][65.538s][info][gc,phases   ] GC(95) Concurrent Mark Free 0.002ms
[2026-04-03T03:25:43.918+0600][65.546s][info][gc,phases   ] GC(95) Concurrent Process Non-Strong References 8.464ms
[2026-04-03T03:25:43.918+0600][65.546s][info][gc,phases   ] GC(95) Concurrent Reset Relocation Set 0.035ms
[2026-04-03T03:25:43.922+0600][65.550s][info][gc          ] Allocation Stall (RemoteBlock-temp-file-clean-thread) 91.900ms
[2026-04-03T03:25:43.922+0600][65.550s][info][gc          ] Allocation Stall (Executor task launch worker for task 0.0 in stage 28.0 (TID 42)) 265.064ms
[2026-04-03T03:25:43.928+0600][65.556s][info][gc,phases   ] GC(95) Concurrent Select Relocation Set 10.037ms
[2026-04-03T03:25:43.929+0600][65.557s][info][gc,phases   ] GC(95) Pause Relocate Start 0.025ms
[2026-04-03T03:25:44.003+0600][65.631s][info][gc,phases   ] GC(95) Concurrent Relocate 74.198ms
[2026-04-03T03:25:44.003+0600][65.631s][info][gc,load     ] GC(95) Load: 4.86/4.68/5.17
[2026-04-03T03:25:44.003+0600][65.631s][info][gc,mmu      ] GC(95) MMU: 2ms/89.2%, 5ms/95.7%, 10ms/97.8%, 20ms/98.9%, 50ms/99.6%, 100ms/99.8%
[2026-04-03T03:25:44.003+0600][65.631s][info][gc,marking  ] GC(95) Mark: 2 stripe(s), 10 proactive flush(es), 1 terminate flush(es), 0 completion(s), 0 continuation(s) 
[2026-04-03T03:25:44.003+0600][65.631s][info][gc,marking  ] GC(95) Mark Stack Usage: 32M
[2026-04-03T03:25:44.003+0600][65.631s][info][gc,nmethod  ] GC(95) NMethods: 7375 registered, 700 unregistered
[2026-04-03T03:25:44.004+0600][65.631s][info][gc,metaspace] GC(95) Metaspace: 71M used, 72M committed, 1088M reserved
[2026-04-03T03:25:44.004+0600][65.631s][info][gc,ref      ] GC(95) Soft: 2791 encountered, 304 discovered, 0 enqueued
[2026-04-03T03:25:44.004+0600][65.631s][info][gc,ref      ] GC(95) Weak: 6040 encountered, 502 discovered, 1 enqueued
[2026-04-03T03:25:44.004+0600][65.632s][info][gc,ref      ] GC(95) Final: 84 encountered, 1 discovered, 0 enqueued
[2026-04-03T03:25:44.004+0600][65.632s][info][gc,ref      ] GC(95) Phantom: 602 encountered, 551 discovered, 0 enqueued
[2026-04-03T03:25:44.004+0600][65.632s][info][gc,reloc    ] GC(95) Small Pages: 401 / 802M, Empty: 32M, Relocated: 41M, In-Place: 0
[2026-04-03T03:25:44.004+0600][65.632s][info][gc,reloc    ] GC(95) Medium Pages: 1 / 32M, Empty: 0M, Relocated: 0M, In-Place: 0
[2026-04-03T03:25:44.004+0600][65.632s][info][gc,reloc    ] GC(95) Large Pages: 8 / 92M, Empty: 20M, Relocated: 0M, In-Place: 0
[2026-04-03T03:25:44.004+0600][65.632s][info][gc,reloc    ] GC(95) Forwarding Usage: 35M
[2026-04-03T03:25:44.004+0600][65.632s][info][gc,heap     ] GC(95) Min Capacity: 8M(1%)
[2026-04-03T03:25:44.004+0600][65.632s][info][gc,heap     ] GC(95) Max Capacity: 1250M(100%)
[2026-04-03T03:25:44.004+0600][65.632s][info][gc,heap     ] GC(95) Soft Max Capacity: 1250M(100%)
[2026-04-03T03:25:44.004+0600][65.632s][info][gc,heap     ] GC(95)                Mark Start          Mark End        Relocate Start      Relocate End           High               Low         
[2026-04-03T03:25:44.004+0600][65.632s][info][gc,heap     ] GC(95)  Capacity:     1250M (100%)       1250M (100%)       1250M (100%)       1250M (100%)       1250M (100%)       1250M (100%)   
[2026-04-03T03:25:44.004+0600][65.632s][info][gc,heap     ] GC(95)      Free:      324M (26%)           0M (0%)           44M (4%)          486M (39%)         486M (39%)           0M (0%)     
[2026-04-03T03:25:44.004+0600][65.632s][info][gc,heap     ] GC(95)      Used:      926M (74%)        1250M (100%)       1206M (96%)         764M (61%)        1250M (100%)        764M (61%)    
[2026-04-03T03:25:44.004+0600][65.632s][info][gc,heap     ] GC(95)      Live:         -               364M (29%)         364M (29%)         364M (29%)            -                  -          
[2026-04-03T03:25:44.004+0600][65.632s][info][gc,heap     ] GC(95) Allocated:         -               324M (26%)         332M (27%)         356M (28%)            -                  -          
[2026-04-03T03:25:44.004+0600][65.632s][info][gc,heap     ] GC(95)   Garbage:         -               561M (45%)         509M (41%)          43M (3%)             -                  -          
[2026-04-03T03:25:44.004+0600][65.632s][info][gc,heap     ] GC(95) Reclaimed:         -                  -                52M (4%)          518M (41%)            -                  -          
[2026-04-03T03:25:44.004+0600][65.632s][info][gc          ] GC(95) Garbage Collection (Allocation Stall) 926M(74%)->764M(61%)
[2026-04-03T03:25:44.104+0600][65.732s][info][gc,start    ] GC(96) Garbage Collection (Allocation Stall)
[2026-04-03T03:25:44.104+0600][65.732s][info][gc,ref      ] GC(96) Clearing All SoftReferences
[2026-04-03T03:25:44.104+0600][65.732s][info][gc,task     ] GC(96) Using 3 workers
[2026-04-03T03:25:44.104+0600][65.732s][info][gc,ref      ] GC(96) Clearing All SoftReferences
[2026-04-03T03:25:44.104+0600][65.732s][info][gc,phases   ] GC(96) Pause Mark Start 0.088ms
[2026-04-03T03:25:44.686+0600][66.314s][info][gc,phases   ] GC(96) Concurrent Mark 581.236ms
[2026-04-03T03:25:44.686+0600][66.314s][info][gc,phases   ] GC(96) Pause Mark End 0.039ms
[2026-04-03T03:25:44.686+0600][66.314s][info][gc,phases   ] GC(96) Concurrent Mark Free 0.002ms
[2026-04-03T03:25:44.704+0600][66.332s][info][gc,phases   ] GC(96) Concurrent Process Non-Strong References 17.642ms
[2026-04-03T03:25:44.704+0600][66.332s][info][gc,phases   ] GC(96) Concurrent Reset Relocation Set 0.022ms
[2026-04-03T03:25:44.710+0600][66.338s][info][gc,phases   ] GC(96) Concurrent Select Relocation Set 5.583ms
[2026-04-03T03:25:44.710+0600][66.338s][info][gc,phases   ] GC(96) Pause Relocate Start 0.014ms
[2026-04-03T03:25:44.759+0600][66.387s][info][gc,phases   ] GC(96) Concurrent Relocate 48.588ms
[2026-04-03T03:25:44.759+0600][66.387s][info][gc,load     ] GC(96) Load: 4.86/4.68/5.17
[2026-04-03T03:25:44.759+0600][66.387s][info][gc,mmu      ] GC(96) MMU: 2ms/89.2%, 5ms/95.7%, 10ms/97.8%, 20ms/98.9%, 50ms/99.6%, 100ms/99.8%
[2026-04-03T03:25:44.759+0600][66.387s][info][gc,marking  ] GC(96) Mark: 2 stripe(s), 2 proactive flush(es), 1 terminate flush(es), 0 completion(s), 0 continuation(s) 
[2026-04-03T03:25:44.759+0600][66.387s][info][gc,marking  ] GC(96) Mark Stack Usage: 32M
[2026-04-03T03:25:44.759+0600][66.387s][info][gc,nmethod  ] GC(96) NMethods: 7391 registered, 703 unregistered
[2026-04-03T03:25:44.759+0600][66.387s][info][gc,metaspace] GC(96) Metaspace: 71M used, 72M committed, 1088M reserved
[2026-04-03T03:25:44.759+0600][66.387s][info][gc,ref      ] GC(96) Soft: 2923 encountered, 438 discovered, 4 enqueued
[2026-04-03T03:25:44.759+0600][66.387s][info][gc,ref      ] GC(96) Weak: 6014 encountered, 2022 discovered, 24 enqueued
[2026-04-03T03:25:44.759+0600][66.387s][info][gc,ref      ] GC(96) Final: 84 encountered, 20 discovered, 0 enqueued
[2026-04-03T03:25:44.759+0600][66.387s][info][gc,ref      ] GC(96) Phantom: 602 encountered, 534 discovered, 0 enqueued
[2026-04-03T03:25:44.759+0600][66.387s][info][gc,reloc    ] GC(96) Small Pages: 332 / 664M, Empty: 38M, Relocated: 31M, In-Place: 0
[2026-04-03T03:25:44.759+0600][66.387s][info][gc,reloc    ] GC(96) Medium Pages: 2 / 64M, Empty: 0M, Relocated: 14M, In-Place: 0
[2026-04-03T03:25:44.759+0600][66.387s][info][gc,reloc    ] GC(96) Large Pages: 7 / 82M, Empty: 36M, Relocated: 0M, In-Place: 0
[2026-04-03T03:25:44.759+0600][66.387s][info][gc,reloc    ] GC(96) Forwarding Usage: 27M
[2026-04-03T03:25:44.759+0600][66.387s][info][gc,heap     ] GC(96) Min Capacity: 8M(1%)
[2026-04-03T03:25:44.759+0600][66.387s][info][gc,heap     ] GC(96) Max Capacity: 1250M(100%)
[2026-04-03T03:25:44.759+0600][66.387s][info][gc,heap     ] GC(96) Soft Max Capacity: 1250M(100%)
[2026-04-03T03:25:44.759+0600][66.387s][info][gc,heap     ] GC(96)                Mark Start          Mark End        Relocate Start      Relocate End           High               Low         
[2026-04-03T03:25:44.759+0600][66.387s][info][gc,heap     ] GC(96)  Capacity:     1250M (100%)       1250M (100%)       1250M (100%)       1250M (100%)       1250M (100%)       1250M (100%)   
[2026-04-03T03:25:44.759+0600][66.387s][info][gc,heap     ] GC(96)      Free:      440M (35%)         162M (13%)         226M (18%)         624M (50%)         624M (50%)         154M (12%)    
[2026-04-03T03:25:44.759+0600][66.387s][info][gc,heap     ] GC(96)      Used:      810M (65%)        1088M (87%)        1024M (82%)         626M (50%)        1096M (88%)         626M (50%)    
[2026-04-03T03:25:44.759+0600][66.387s][info][gc,heap     ] GC(96)      Live:         -               287M (23%)         287M (23%)         287M (23%)            -                  -          
[2026-04-03T03:25:44.759+0600][66.387s][info][gc,heap     ] GC(96) Allocated:         -               278M (22%)         288M (23%)         301M (24%)            -                  -          
[2026-04-03T03:25:44.759+0600][66.387s][info][gc,heap     ] GC(96)   Garbage:         -               522M (42%)         448M (36%)          37M (3%)             -                  -          
[2026-04-03T03:25:44.759+0600][66.387s][info][gc,heap     ] GC(96) Reclaimed:         -                  -                74M (6%)          485M (39%)            -                  -          
[2026-04-03T03:25:44.759+0600][66.387s][info][gc          ] GC(96) Garbage Collection (Allocation Stall) 810M(65%)->626M(50%)
[2026-04-03T03:25:44.803+0600][66.431s][info][gc,start    ] GC(97) Garbage Collection (Allocation Rate)
[2026-04-03T03:25:44.803+0600][66.431s][info][gc,task     ] GC(97) Using 3 workers
[2026-04-03T03:25:44.804+0600][66.432s][info][gc,phases   ] GC(97) Pause Mark Start 0.010ms
[2026-04-03T03:25:45.097+0600][66.725s][info][gc,phases   ] GC(97) Concurrent Mark 293.563ms
[2026-04-03T03:25:45.098+0600][66.726s][info][gc,phases   ] GC(97) Pause Mark End 0.029ms
[2026-04-03T03:25:45.098+0600][66.726s][info][gc,phases   ] GC(97) Concurrent Mark Free 0.002ms
[2026-04-03T03:25:45.106+0600][66.734s][info][gc,phases   ] GC(97) Concurrent Process Non-Strong References 8.260ms
[2026-04-03T03:25:45.106+0600][66.734s][info][gc,phases   ] GC(97) Concurrent Reset Relocation Set 0.022ms
[2026-04-03T03:25:45.111+0600][66.739s][info][gc,phases   ] GC(97) Concurrent Select Relocation Set 4.922ms
[2026-04-03T03:25:45.111+0600][66.739s][info][gc,phases   ] GC(97) Pause Relocate Start 0.014ms
[2026-04-03T03:25:45.142+0600][66.770s][info][gc,phases   ] GC(97) Concurrent Relocate 30.006ms
[2026-04-03T03:25:45.142+0600][66.770s][info][gc,load     ] GC(97) Load: 4.86/4.68/5.17
[2026-04-03T03:25:45.142+0600][66.770s][info][gc,mmu      ] GC(97) MMU: 2ms/89.2%, 5ms/95.7%, 10ms/97.8%, 20ms/98.9%, 50ms/99.6%, 100ms/99.8%
[2026-04-03T03:25:45.142+0600][66.770s][info][gc,marking  ] GC(97) Mark: 2 stripe(s), 2 proactive flush(es), 1 terminate flush(es), 0 completion(s), 0 continuation(s) 
[2026-04-03T03:25:45.142+0600][66.770s][info][gc,marking  ] GC(97) Mark Stack Usage: 32M
[2026-04-03T03:25:45.142+0600][66.770s][info][gc,nmethod  ] GC(97) NMethods: 7389 registered, 705 unregistered
[2026-04-03T03:25:45.142+0600][66.770s][info][gc,metaspace] GC(97) Metaspace: 71M used, 72M committed, 1088M reserved
[2026-04-03T03:25:45.142+0600][66.770s][info][gc,ref      ] GC(97) Soft: 2940 encountered, 0 discovered, 0 enqueued
[2026-04-03T03:25:45.142+0600][66.770s][info][gc,ref      ] GC(97) Weak: 6203 encountered, 2586 discovered, 153 enqueued
[2026-04-03T03:25:45.142+0600][66.770s][info][gc,ref      ] GC(97) Final: 84 encountered, 20 discovered, 0 enqueued
[2026-04-03T03:25:45.142+0600][66.770s][info][gc,ref      ] GC(97) Phantom: 601 encountered, 525 discovered, 0 enqueued
[2026-04-03T03:25:45.142+0600][66.770s][info][gc,reloc    ] GC(97) Small Pages: 269 / 538M, Empty: 40M, Relocated: 20M, In-Place: 0
[2026-04-03T03:25:45.142+0600][66.770s][info][gc,reloc    ] GC(97) Medium Pages: 2 / 64M, Empty: 32M, Relocated: 0M, In-Place: 0
[2026-04-03T03:25:45.142+0600][66.770s][info][gc,reloc    ] GC(97) Large Pages: 3 / 46M, Empty: 36M, Relocated: 0M, In-Place: 0
[2026-04-03T03:25:45.142+0600][66.770s][info][gc,reloc    ] GC(97) Forwarding Usage: 18M
[2026-04-03T03:25:45.142+0600][66.770s][info][gc,heap     ] GC(97) Min Capacity: 8M(1%)
[2026-04-03T03:25:45.142+0600][66.770s][info][gc,heap     ] GC(97) Max Capacity: 1250M(100%)
[2026-04-03T03:25:45.142+0600][66.770s][info][gc,heap     ] GC(97) Soft Max Capacity: 1250M(100%)
[2026-04-03T03:25:45.142+0600][66.770s][info][gc,heap     ] GC(97)                Mark Start          Mark End        Relocate Start      Relocate End           High               Low         
[2026-04-03T03:25:45.142+0600][66.770s][info][gc,heap     ] GC(97)  Capacity:     1250M (100%)       1250M (100%)       1250M (100%)       1250M (100%)       1250M (100%)       1250M (100%)   
[2026-04-03T03:25:45.142+0600][66.770s][info][gc,heap     ] GC(97)      Free:      602M (48%)         488M (39%)         592M (47%)         894M (72%)         894M (72%)         484M (39%)    
[2026-04-03T03:25:45.142+0600][66.770s][info][gc,heap     ] GC(97)      Used:      648M (52%)         762M (61%)         658M (53%)         356M (28%)         766M (61%)         356M (28%)    
[2026-04-03T03:25:45.142+0600][66.770s][info][gc,heap     ] GC(97)      Live:         -               199M (16%)         199M (16%)         199M (16%)            -                  -          
[2026-04-03T03:25:45.142+0600][66.770s][info][gc,heap     ] GC(97) Allocated:         -               114M (9%)          118M (9%)          125M (10%)            -                  -          
[2026-04-03T03:25:45.142+0600][66.770s][info][gc,heap     ] GC(97)   Garbage:         -               448M (36%)         340M (27%)          30M (2%)             -                  -          
[2026-04-03T03:25:45.142+0600][66.770s][info][gc,heap     ] GC(97) Reclaimed:         -                  -               108M (9%)          417M (33%)            -                  -          
[2026-04-03T03:25:45.142+0600][66.770s][info][gc          ] GC(97) Garbage Collection (Allocation Rate) 648M(52%)->356M(28%)
[2026-04-03T03:25:45.404+0600][67.032s][info][gc,start    ] GC(98) Garbage Collection (Allocation Rate)
[2026-04-03T03:25:45.404+0600][67.032s][info][gc,task     ] GC(98) Using 3 workers
[2026-04-03T03:25:45.404+0600][67.032s][info][gc,phases   ] GC(98) Pause Mark Start 0.021ms
[2026-04-03T03:25:45.737+0600][67.365s][info][gc,phases   ] GC(98) Concurrent Mark 332.798ms
[2026-04-03T03:25:45.738+0600][67.366s][info][gc,phases   ] GC(98) Pause Mark End 0.035ms
[2026-04-03T03:25:45.738+0600][67.366s][info][gc,phases   ] GC(98) Concurrent Mark Free 0.002ms
[2026-04-03T03:25:45.745+0600][67.373s][info][gc,phases   ] GC(98) Concurrent Process Non-Strong References 6.775ms
[2026-04-03T03:25:45.745+0600][67.373s][info][gc,phases   ] GC(98) Concurrent Reset Relocation Set 0.022ms
[2026-04-03T03:25:45.750+0600][67.378s][info][gc,phases   ] GC(98) Concurrent Select Relocation Set 4.947ms
[2026-04-03T03:25:45.750+0600][67.378s][info][gc,phases   ] GC(98) Pause Relocate Start 0.013ms
[2026-04-03T03:25:45.762+0600][67.390s][info][gc,phases   ] GC(98) Concurrent Relocate 11.796ms
[2026-04-03T03:25:45.762+0600][67.390s][info][gc,load     ] GC(98) Load: 4.87/4.69/5.17
[2026-04-03T03:25:45.762+0600][67.390s][info][gc,mmu      ] GC(98) MMU: 2ms/89.2%, 5ms/95.7%, 10ms/97.8%, 20ms/98.9%, 50ms/99.6%, 100ms/99.8%
[2026-04-03T03:25:45.762+0600][67.390s][info][gc,marking  ] GC(98) Mark: 2 stripe(s), 10 proactive flush(es), 1 terminate flush(es), 0 completion(s), 0 continuation(s) 
[2026-04-03T03:25:45.762+0600][67.390s][info][gc,marking  ] GC(98) Mark Stack Usage: 32M
[2026-04-03T03:25:45.762+0600][67.390s][info][gc,nmethod  ] GC(98) NMethods: 7405 registered, 705 unregistered
[2026-04-03T03:25:45.762+0600][67.390s][info][gc,metaspace] GC(98) Metaspace: 71M used, 72M committed, 1088M reserved
[2026-04-03T03:25:45.762+0600][67.390s][info][gc,ref      ] GC(98) Soft: 2942 encountered, 0 discovered, 0 enqueued
[2026-04-03T03:25:45.762+0600][67.390s][info][gc,ref      ] GC(98) Weak: 6055 encountered, 1410 discovered, 10 enqueued
[2026-04-03T03:25:45.762+0600][67.390s][info][gc,ref      ] GC(98) Final: 84 encountered, 1 discovered, 0 enqueued
[2026-04-03T03:25:45.762+0600][67.390s][info][gc,ref      ] GC(98) Phantom: 601 encountered, 529 discovered, 0 enqueued
[2026-04-03T03:25:45.762+0600][67.390s][info][gc,reloc    ] GC(98) Small Pages: 208 / 416M, Empty: 0M, Relocated: 8M, In-Place: 0
[2026-04-03T03:25:45.762+0600][67.390s][info][gc,reloc    ] GC(98) Medium Pages: 1 / 32M, Empty: 0M, Relocated: 0M, In-Place: 0
[2026-04-03T03:25:45.762+0600][67.390s][info][gc,reloc    ] GC(98) Large Pages: 2 / 28M, Empty: 0M, Relocated: 0M, In-Place: 0
[2026-04-03T03:25:45.762+0600][67.390s][info][gc,reloc    ] GC(98) Forwarding Usage: 8M
[2026-04-03T03:25:45.762+0600][67.390s][info][gc,heap     ] GC(98) Min Capacity: 8M(1%)
[2026-04-03T03:25:45.762+0600][67.390s][info][gc,heap     ] GC(98) Max Capacity: 1250M(100%)
[2026-04-03T03:25:45.762+0600][67.390s][info][gc,heap     ] GC(98) Soft Max Capacity: 1250M(100%)
[2026-04-03T03:25:45.762+0600][67.390s][info][gc,heap     ] GC(98)                Mark Start          Mark End        Relocate Start      Relocate End           High               Low         
[2026-04-03T03:25:45.762+0600][67.390s][info][gc,heap     ] GC(98)  Capacity:     1250M (100%)       1250M (100%)       1250M (100%)       1250M (100%)       1250M (100%)       1250M (100%)   
[2026-04-03T03:25:45.762+0600][67.390s][info][gc,heap     ] GC(98)      Free:      774M (62%)         668M (53%)         662M (53%)         878M (70%)         878M (70%)         660M (53%)    
[2026-04-03T03:25:45.762+0600][67.390s][info][gc,heap     ] GC(98)      Used:      476M (38%)         582M (47%)         588M (47%)         372M (30%)         590M (47%)         372M (30%)    
[2026-04-03T03:25:45.762+0600][67.390s][info][gc,heap     ] GC(98)      Live:         -               221M (18%)         221M (18%)         221M (18%)            -                  -          
[2026-04-03T03:25:45.762+0600][67.390s][info][gc,heap     ] GC(98) Allocated:         -               106M (8%)          112M (9%)          115M (9%)             -                  -          
[2026-04-03T03:25:45.762+0600][67.390s][info][gc,heap     ] GC(98)   Garbage:         -               254M (20%)         254M (20%)          34M (3%)             -                  -          
[2026-04-03T03:25:45.762+0600][67.390s][info][gc,heap     ] GC(98) Reclaimed:         -                  -                 0M (0%)          219M (18%)            -                  -          
[2026-04-03T03:25:45.762+0600][67.390s][info][gc          ] GC(98) Garbage Collection (Allocation Rate) 476M(38%)->372M(30%)
[2026-04-03T03:25:46.604+0600][68.231s][info][gc,start    ] GC(99) Garbage Collection (Allocation Rate)
[2026-04-03T03:25:46.604+0600][68.232s][info][gc,task     ] GC(99) Using 3 workers
[2026-04-03T03:25:46.604+0600][68.232s][info][gc,phases   ] GC(99) Pause Mark Start 0.016ms
[2026-04-03T03:25:46.882+0600][68.510s][info][gc,phases   ] GC(99) Concurrent Mark 277.983ms
[2026-04-03T03:25:46.882+0600][68.510s][info][gc,phases   ] GC(99) Pause Mark End 0.090ms
[2026-04-03T03:25:46.883+0600][68.511s][info][gc,phases   ] GC(99) Concurrent Mark Free 0.003ms
[2026-04-03T03:25:46.912+0600][68.540s][info][gc,phases   ] GC(99) Concurrent Process Non-Strong References 29.409ms
[2026-04-03T03:25:46.912+0600][68.540s][info][gc,phases   ] GC(99) Concurrent Reset Relocation Set 0.015ms
[2026-04-03T03:25:46.917+0600][68.545s][info][gc,phases   ] GC(99) Concurrent Select Relocation Set 5.120ms
[2026-04-03T03:25:46.918+0600][68.546s][info][gc,phases   ] GC(99) Pause Relocate Start 0.019ms
[2026-04-03T03:25:46.922+0600][68.550s][info][gc,phases   ] GC(99) Concurrent Relocate 3.914ms
[2026-04-03T03:25:46.922+0600][68.550s][info][gc,load     ] GC(99) Load: 4.87/4.69/5.17
[2026-04-03T03:25:46.922+0600][68.550s][info][gc,mmu      ] GC(99) MMU: 2ms/89.2%, 5ms/95.7%, 10ms/97.8%, 20ms/98.9%, 50ms/99.6%, 100ms/99.8%
[2026-04-03T03:25:46.922+0600][68.550s][info][gc,marking  ] GC(99) Mark: 2 stripe(s), 2 proactive flush(es), 1 terminate flush(es), 0 completion(s), 0 continuation(s) 
[2026-04-03T03:25:46.922+0600][68.550s][info][gc,marking  ] GC(99) Mark Stack Usage: 32M
[2026-04-03T03:25:46.922+0600][68.550s][info][gc,nmethod  ] GC(99) NMethods: 7511 registered, 717 unregistered
[2026-04-03T03:25:46.922+0600][68.550s][info][gc,metaspace] GC(99) Metaspace: 71M used, 72M committed, 1088M reserved
[2026-04-03T03:25:46.922+0600][68.550s][info][gc,ref      ] GC(99) Soft: 3187 encountered, 0 discovered, 0 enqueued
[2026-04-03T03:25:46.922+0600][68.550s][info][gc,ref      ] GC(99) Weak: 6618 encountered, 1826 discovered, 279 enqueued
[2026-04-03T03:25:46.922+0600][68.550s][info][gc,ref      ] GC(99) Final: 84 encountered, 2 discovered, 0 enqueued
[2026-04-03T03:25:46.922+0600][68.550s][info][gc,ref      ] GC(99) Phantom: 600 encountered, 536 discovered, 0 enqueued
[2026-04-03T03:25:46.922+0600][68.550s][info][gc,reloc    ] GC(99) Small Pages: 299 / 598M, Empty: 376M, Relocated: 2M, In-Place: 0
[2026-04-03T03:25:46.922+0600][68.550s][info][gc,reloc    ] GC(99) Medium Pages: 2 / 64M, Empty: 32M, Relocated: 0M, In-Place: 0
[2026-04-03T03:25:46.922+0600][68.550s][info][gc,reloc    ] GC(99) Large Pages: 9 / 82M, Empty: 82M, Relocated: 0M, In-Place: 0
[2026-04-03T03:25:46.922+0600][68.550s][info][gc,reloc    ] GC(99) Forwarding Usage: 1M
[2026-04-03T03:25:46.922+0600][68.550s][info][gc,heap     ] GC(99) Min Capacity: 8M(1%)
[2026-04-03T03:25:46.922+0600][68.550s][info][gc,heap     ] GC(99) Max Capacity: 1250M(100%)
[2026-04-03T03:25:46.922+0600][68.550s][info][gc,heap     ] GC(99) Soft Max Capacity: 1250M(100%)
[2026-04-03T03:25:46.922+0600][68.550s][info][gc,heap     ] GC(99)                Mark Start          Mark End        Relocate Start      Relocate End           High               Low         
[2026-04-03T03:25:46.922+0600][68.550s][info][gc,heap     ] GC(99)  Capacity:     1250M (100%)       1250M (100%)       1250M (100%)       1250M (100%)       1250M (100%)       1250M (100%)   
[2026-04-03T03:25:46.923+0600][68.550s][info][gc,heap     ] GC(99)      Free:      506M (40%)         324M (26%)         800M (64%)         852M (68%)         852M (68%)         314M (25%)    
[2026-04-03T03:25:46.923+0600][68.550s][info][gc,heap     ] GC(99)      Used:      744M (60%)         926M (74%)         450M (36%)         398M (32%)         936M (75%)         398M (32%)    
[2026-04-03T03:25:46.923+0600][68.551s][info][gc,heap     ] GC(99)      Live:         -               169M (14%)         169M (14%)         169M (14%)            -                  -          
[2026-04-03T03:25:46.923+0600][68.551s][info][gc,heap     ] GC(99) Allocated:         -               182M (15%)         196M (16%)         197M (16%)            -                  -          
[2026-04-03T03:25:46.923+0600][68.551s][info][gc,heap     ] GC(99)   Garbage:         -               574M (46%)          84M (7%)           30M (2%)             -                  -          
[2026-04-03T03:25:46.923+0600][68.551s][info][gc,heap     ] GC(99) Reclaimed:         -                  -               490M (39%)         543M (44%)            -                  -          
[2026-04-03T03:25:46.923+0600][68.551s][info][gc          ] GC(99) Garbage Collection (Allocation Rate) 744M(60%)->398M(32%)
[2026-04-03T03:25:47.004+0600][68.632s][info][gc,start    ] GC(100) Garbage Collection (Allocation Rate)
[2026-04-03T03:25:47.004+0600][68.632s][info][gc,task     ] GC(100) Using 3 workers
[2026-04-03T03:25:47.005+0600][68.633s][info][gc,phases   ] GC(100) Pause Mark Start 0.029ms
[2026-04-03T03:25:47.403+0600][69.031s][info][gc,phases   ] GC(100) Concurrent Mark 397.894ms
[2026-04-03T03:25:47.403+0600][69.031s][info][gc,phases   ] GC(100) Pause Mark End 0.029ms
[2026-04-03T03:25:47.403+0600][69.031s][info][gc,phases   ] GC(100) Concurrent Mark Free 0.003ms
[2026-04-03T03:25:47.426+0600][69.054s][info][gc,phases   ] GC(100) Concurrent Process Non-Strong References 22.179ms
[2026-04-03T03:25:47.426+0600][69.054s][info][gc,phases   ] GC(100) Concurrent Reset Relocation Set 0.006ms
[2026-04-03T03:25:47.440+0600][69.068s][info][gc,phases   ] GC(100) Concurrent Select Relocation Set 14.165ms
[2026-04-03T03:25:47.440+0600][69.068s][info][gc,phases   ] GC(100) Pause Relocate Start 0.017ms
[2026-04-03T03:25:47.482+0600][69.110s][info][gc,phases   ] GC(100) Concurrent Relocate 41.731ms
[2026-04-03T03:25:47.482+0600][69.110s][info][gc,load     ] GC(100) Load: 4.87/4.69/5.17
[2026-04-03T03:25:47.483+0600][69.110s][info][gc,mmu      ] GC(100) MMU: 2ms/89.2%, 5ms/95.7%, 10ms/97.8%, 20ms/98.9%, 50ms/99.6%, 100ms/99.8%
[2026-04-03T03:25:47.483+0600][69.110s][info][gc,marking  ] GC(100) Mark: 2 stripe(s), 5 proactive flush(es), 1 terminate flush(es), 0 completion(s), 0 continuation(s) 
[2026-04-03T03:25:47.483+0600][69.110s][info][gc,marking  ] GC(100) Mark Stack Usage: 32M
[2026-04-03T03:25:47.483+0600][69.111s][info][gc,nmethod  ] GC(100) NMethods: 7588 registered, 724 unregistered
[2026-04-03T03:25:47.483+0600][69.111s][info][gc,metaspace] GC(100) Metaspace: 71M used, 72M committed, 1088M reserved
[2026-04-03T03:25:47.483+0600][69.111s][info][gc,ref      ] GC(100) Soft: 3230 encountered, 0 discovered, 0 enqueued
[2026-04-03T03:25:47.483+0600][69.111s][info][gc,ref      ] GC(100) Weak: 6509 encountered, 679 discovered, 15 enqueued
[2026-04-03T03:25:47.483+0600][69.111s][info][gc,ref      ] GC(100) Final: 84 encountered, 1 discovered, 0 enqueued
[2026-04-03T03:25:47.483+0600][69.111s][info][gc,ref      ] GC(100) Phantom: 602 encountered, 564 discovered, 0 enqueued
[2026-04-03T03:25:47.483+0600][69.111s][info][gc,reloc    ] GC(100) Small Pages: 168 / 336M, Empty: 0M, Relocated: 23M, In-Place: 0
[2026-04-03T03:25:47.483+0600][69.111s][info][gc,reloc    ] GC(100) Medium Pages: 2 / 64M, Empty: 32M, Relocated: 0M, In-Place: 0
[2026-04-03T03:25:47.483+0600][69.111s][info][gc,reloc    ] GC(100) Large Pages: 6 / 44M, Empty: 12M, Relocated: 0M, In-Place: 0
[2026-04-03T03:25:47.483+0600][69.111s][info][gc,reloc    ] GC(100) Forwarding Usage: 23M
[2026-04-03T03:25:47.483+0600][69.111s][info][gc,heap     ] GC(100) Min Capacity: 8M(1%)
[2026-04-03T03:25:47.483+0600][69.111s][info][gc,heap     ] GC(100) Max Capacity: 1250M(100%)
[2026-04-03T03:25:47.483+0600][69.111s][info][gc,heap     ] GC(100) Soft Max Capacity: 1250M(100%)
[2026-04-03T03:25:47.483+0600][69.111s][info][gc,heap     ] GC(100)                Mark Start          Mark End        Relocate Start      Relocate End           High               Low         
[2026-04-03T03:25:47.483+0600][69.111s][info][gc,heap     ] GC(100)  Capacity:     1250M (100%)       1250M (100%)       1250M (100%)       1250M (100%)       1250M (100%)       1250M (100%)   
[2026-04-03T03:25:47.483+0600][69.111s][info][gc,heap     ] GC(100)      Free:      806M (64%)         546M (44%)         570M (46%)         694M (56%)         806M (64%)         528M (42%)    
[2026-04-03T03:25:47.483+0600][69.111s][info][gc,heap     ] GC(100)      Used:      444M (36%)         704M (56%)         680M (54%)         556M (44%)         722M (58%)         444M (36%)    
[2026-04-03T03:25:47.483+0600][69.111s][info][gc,heap     ] GC(100)      Live:         -               223M (18%)         223M (18%)         223M (18%)            -                  -          
[2026-04-03T03:25:47.483+0600][69.111s][info][gc,heap     ] GC(100) Allocated:         -               260M (21%)         280M (22%)         301M (24%)            -                  -          
[2026-04-03T03:25:47.483+0600][69.111s][info][gc,heap     ] GC(100)   Garbage:         -               220M (18%)         176M (14%)          30M (2%)             -                  -          
[2026-04-03T03:25:47.483+0600][69.111s][info][gc,heap     ] GC(100) Reclaimed:         -                  -                44M (4%)          189M (15%)            -                  -          
[2026-04-03T03:25:47.483+0600][69.111s][info][gc          ] GC(100) Garbage Collection (Allocation Rate) 444M(36%)->556M(44%)
[2026-04-03T03:25:47.504+0600][69.132s][info][gc,start    ] GC(101) Garbage Collection (Allocation Rate)
[2026-04-03T03:25:47.504+0600][69.132s][info][gc,task     ] GC(101) Using 3 workers
[2026-04-03T03:25:47.504+0600][69.132s][info][gc,phases   ] GC(101) Pause Mark Start 0.017ms
[2026-04-03T03:25:47.889+0600][69.517s][info][gc,phases   ] GC(101) Concurrent Mark 384.379ms
[2026-04-03T03:25:47.889+0600][69.517s][info][gc,phases   ] GC(101) Pause Mark End 0.059ms
[2026-04-03T03:25:47.889+0600][69.517s][info][gc,phases   ] GC(101) Concurrent Mark Free 0.002ms
[2026-04-03T03:25:47.901+0600][69.529s][info][gc,phases   ] GC(101) Concurrent Process Non-Strong References 11.421ms
[2026-04-03T03:25:47.901+0600][69.529s][info][gc,phases   ] GC(101) Concurrent Reset Relocation Set 0.027ms
[2026-04-03T03:25:47.908+0600][69.536s][info][gc,phases   ] GC(101) Concurrent Select Relocation Set 6.505ms
[2026-04-03T03:25:47.908+0600][69.536s][info][gc,phases   ] GC(101) Pause Relocate Start 0.032ms
[2026-04-03T03:25:47.943+0600][69.571s][info][gc,phases   ] GC(101) Concurrent Relocate 34.929ms
[2026-04-03T03:25:47.943+0600][69.571s][info][gc,load     ] GC(101) Load: 4.87/4.69/5.17
[2026-04-03T03:25:47.943+0600][69.571s][info][gc,mmu      ] GC(101) MMU: 2ms/89.2%, 5ms/95.7%, 10ms/97.8%, 20ms/98.9%, 50ms/99.6%, 100ms/99.8%
[2026-04-03T03:25:47.943+0600][69.571s][info][gc,marking  ] GC(101) Mark: 2 stripe(s), 2 proactive flush(es), 1 terminate flush(es), 0 completion(s), 0 continuation(s) 
[2026-04-03T03:25:47.943+0600][69.571s][info][gc,marking  ] GC(101) Mark Stack Usage: 32M
[2026-04-03T03:25:47.943+0600][69.571s][info][gc,nmethod  ] GC(101) NMethods: 7584 registered, 737 unregistered
[2026-04-03T03:25:47.943+0600][69.571s][info][gc,metaspace] GC(101) Metaspace: 71M used, 72M committed, 1088M reserved
[2026-04-03T03:25:47.943+0600][69.571s][info][gc,ref      ] GC(101) Soft: 3253 encountered, 0 discovered, 0 enqueued
[2026-04-03T03:25:47.943+0600][69.571s][info][gc,ref      ] GC(101) Weak: 6617 encountered, 800 discovered, 158 enqueued
[2026-04-03T03:25:47.943+0600][69.571s][info][gc,ref      ] GC(101) Final: 84 encountered, 2 discovered, 0 enqueued
[2026-04-03T03:25:47.943+0600][69.571s][info][gc,ref      ] GC(101) Phantom: 602 encountered, 540 discovered, 0 enqueued
[2026-04-03T03:25:47.943+0600][69.571s][info][gc,reloc    ] GC(101) Small Pages: 218 / 436M, Empty: 140M, Relocated: 19M, In-Place: 0
[2026-04-03T03:25:47.943+0600][69.571s][info][gc,reloc    ] GC(101) Medium Pages: 2 / 64M, Empty: 32M, Relocated: 0M, In-Place: 0
[2026-04-03T03:25:47.943+0600][69.571s][info][gc,reloc    ] GC(101) Large Pages: 9 / 66M, Empty: 48M, Relocated: 0M, In-Place: 0
[2026-04-03T03:25:47.943+0600][69.571s][info][gc,reloc    ] GC(101) Forwarding Usage: 20M
[2026-04-03T03:25:47.943+0600][69.571s][info][gc,heap     ] GC(101) Min Capacity: 8M(1%)
[2026-04-03T03:25:47.944+0600][69.571s][info][gc,heap     ] GC(101) Max Capacity: 1250M(100%)
[2026-04-03T03:25:47.944+0600][69.571s][info][gc,heap     ] GC(101) Soft Max Capacity: 1250M(100%)
[2026-04-03T03:25:47.944+0600][69.571s][info][gc,heap     ] GC(101)                Mark Start          Mark End        Relocate Start      Relocate End           High               Low         
[2026-04-03T03:25:47.944+0600][69.572s][info][gc,heap     ] GC(101)  Capacity:     1250M (100%)       1250M (100%)       1250M (100%)       1250M (100%)       1250M (100%)       1250M (100%)   
[2026-04-03T03:25:47.944+0600][69.572s][info][gc,heap     ] GC(101)      Free:      684M (55%)         532M (43%)         732M (59%)         834M (67%)         834M (67%)         526M (42%)    
[2026-04-03T03:25:47.944+0600][69.572s][info][gc,heap     ] GC(101)      Used:      566M (45%)         718M (57%)         518M (41%)         416M (33%)         724M (58%)         416M (33%)    
[2026-04-03T03:25:47.944+0600][69.572s][info][gc,heap     ] GC(101)      Live:         -               204M (16%)         204M (16%)         204M (16%)            -                  -          
[2026-04-03T03:25:47.944+0600][69.572s][info][gc,heap     ] GC(101) Allocated:         -               152M (12%)         172M (14%)         183M (15%)            -                  -          
[2026-04-03T03:25:47.944+0600][69.572s][info][gc,heap     ] GC(101)   Garbage:         -               361M (29%)         141M (11%)          28M (2%)             -                  -          
[2026-04-03T03:25:47.944+0600][69.572s][info][gc,heap     ] GC(101) Reclaimed:         -                  -               220M (18%)         333M (27%)            -                  -          
[2026-04-03T03:25:47.944+0600][69.572s][info][gc          ] GC(101) Garbage Collection (Allocation Rate) 566M(45%)->416M(33%)
[2026-04-03T03:25:48.304+0600][69.932s][info][gc,start    ] GC(102) Garbage Collection (Allocation Rate)
[2026-04-03T03:25:48.304+0600][69.932s][info][gc,task     ] GC(102) Using 3 workers
[2026-04-03T03:25:48.305+0600][69.933s][info][gc,phases   ] GC(102) Pause Mark Start 0.044ms
[2026-04-03T03:25:48.504+0600][70.132s][info][gc,stats    ] === Garbage Collection Statistics =======================================================================================================================
[2026-04-03T03:25:48.504+0600][70.132s][info][gc,stats    ]                                                              Last 10s              Last 10m              Last 10h                Total
[2026-04-03T03:25:48.504+0600][70.132s][info][gc,stats    ]                                                              Avg / Max             Avg / Max             Avg / Max             Avg / Max
[2026-04-03T03:25:48.504+0600][70.132s][info][gc,stats    ]   Collector: Garbage Collection Cycle                    550.881 / 899.650     443.909 / 1040.034    443.909 / 1040.034    443.909 / 1040.034    ms
[2026-04-03T03:25:48.504+0600][70.132s][info][gc,stats    ]  Contention: Mark Segment Reset Contention                     7 / 17               10 / 80               10 / 80               10 / 80          ops/s
[2026-04-03T03:25:48.504+0600][70.132s][info][gc,stats    ]  Contention: Mark SeqNum Reset Contention                      0 / 2                 0 / 2                 0 / 2                 0 / 2           ops/s
[2026-04-03T03:25:48.504+0600][70.132s][info][gc,stats    ]    Critical: Allocation Stall                                  0 / 3                 0 / 3                 0 / 3                 0 / 3           ops/s
[2026-04-03T03:25:48.504+0600][70.132s][info][gc,stats    ]    Critical: Allocation Stall                             89.742 / 265.064     117.662 / 275.013     117.662 / 275.013     117.662 / 275.013     ms
[2026-04-03T03:25:48.504+0600][70.132s][info][gc,stats    ]    Critical: GC Locker Stall                                   0 / 0                 0 / 2                 0 / 2                 0 / 2           ops/s
[2026-04-03T03:25:48.504+0600][70.132s][info][gc,stats    ]    Critical: GC Locker Stall                               0.000 / 0.000         0.007 / 0.045         0.007 / 0.045         0.007 / 0.045       ms
[2026-04-03T03:25:48.504+0600][70.132s][info][gc,stats    ]    Critical: Relocation Stall                                  0 / 0                 0 / 1                 0 / 1                 0 / 1           ops/s
[2026-04-03T03:25:48.504+0600][70.132s][info][gc,stats    ]    Critical: Relocation Stall                              0.000 / 0.000        39.056 / 39.056       39.056 / 39.056       39.056 / 39.056      ms
[2026-04-03T03:25:48.504+0600][70.132s][info][gc,stats    ]      Memory: Allocation Rate                                 548 / 926             523 / 2832            523 / 2832            523 / 2832        MB/s
[2026-04-03T03:25:48.504+0600][70.132s][info][gc,stats    ]      Memory: Defragment                                        4 / 25                6 / 76                6 / 76                6 / 76          ops/s
[2026-04-03T03:25:48.504+0600][70.132s][info][gc,stats    ]      Memory: Out Of Memory                                     0 / 0                 0 / 0                 0 / 0                 0 / 0           ops/s
[2026-04-03T03:25:48.504+0600][70.132s][info][gc,stats    ]      Memory: Page Cache Flush                                 47 / 100              39 / 194              39 / 194              39 / 194         MB/s
[2026-04-03T03:25:48.504+0600][70.132s][info][gc,stats    ]      Memory: Page Cache Hit L1                               254 / 451             239 / 1446            239 / 1446            239 / 1446        ops/s
[2026-04-03T03:25:48.504+0600][70.132s][info][gc,stats    ]      Memory: Page Cache Hit L2                                 0 / 0                 0 / 0                 0 / 0                 0 / 0           ops/s
[2026-04-03T03:25:48.504+0600][70.132s][info][gc,stats    ]      Memory: Page Cache Hit L3                                 5 / 24                9 / 79                9 / 79                9 / 79          ops/s
[2026-04-03T03:25:48.504+0600][70.132s][info][gc,stats    ]      Memory: Page Cache Miss                                   1 / 5                 5 / 128               5 / 128               5 / 128         ops/s
[2026-04-03T03:25:48.504+0600][70.132s][info][gc,stats    ]      Memory: Uncommit                                          0 / 0                 0 / 0                 0 / 0                 0 / 0           MB/s
[2026-04-03T03:25:48.504+0600][70.132s][info][gc,stats    ]      Memory: Undo Object Allocation Failed                     0 / 0                 0 / 0                 0 / 0                 0 / 0           ops/s
[2026-04-03T03:25:48.504+0600][70.132s][info][gc,stats    ]      Memory: Undo Object Allocation Succeeded                  0 / 3                 0 / 10                0 / 10                0 / 10          ops/s
[2026-04-03T03:25:48.504+0600][70.132s][info][gc,stats    ]      Memory: Undo Page Allocation                              0 / 2                 0 / 2                 0 / 2                 0 / 2           ops/s
[2026-04-03T03:25:48.504+0600][70.132s][info][gc,stats    ]       Phase: Concurrent Mark                             480.103 / 804.652     383.277 / 1026.634    383.277 / 1026.634    383.277 / 1026.634    ms
[2026-04-03T03:25:48.504+0600][70.132s][info][gc,stats    ]       Phase: Concurrent Mark Continue                      0.000 / 0.000         0.000 / 0.000         0.000 / 0.000         0.000 / 0.000       ms
[2026-04-03T03:25:48.504+0600][70.132s][info][gc,stats    ]       Phase: Concurrent Mark Free                          0.003 / 0.005         0.003 / 0.007         0.003 / 0.007         0.003 / 0.007       ms
[2026-04-03T03:25:48.504+0600][70.132s][info][gc,stats    ]       Phase: Concurrent Process Non-Strong References     14.277 / 29.409       11.173 / 30.175       11.173 / 30.175       11.173 / 30.175      ms
[2026-04-03T03:25:48.504+0600][70.132s][info][gc,stats    ]       Phase: Concurrent Relocate                          44.222 / 118.774      38.610 / 135.169      38.610 / 135.169      38.610 / 135.169     ms
[2026-04-03T03:25:48.504+0600][70.132s][info][gc,stats    ]       Phase: Concurrent Reset Relocation Set               0.023 / 0.040         0.018 / 0.081         0.018 / 0.081         0.018 / 0.081       ms
[2026-04-03T03:25:48.504+0600][70.132s][info][gc,stats    ]       Phase: Concurrent Select Relocation Set              8.552 / 23.853        7.909 / 42.245        7.909 / 42.245        7.909 / 42.245      ms
[2026-04-03T03:25:48.504+0600][70.132s][info][gc,stats    ]       Phase: Pause Mark End                                0.043 / 0.090         0.039 / 0.198         0.039 / 0.198         0.039 / 0.198       ms
[2026-04-03T03:25:48.504+0600][70.132s][info][gc,stats    ]       Phase: Pause Mark Start                              0.034 / 0.117         0.027 / 0.217         0.027 / 0.217         0.027 / 0.217       ms
[2026-04-03T03:25:48.504+0600][70.132s][info][gc,stats    ]       Phase: Pause Relocate Start                          0.020 / 0.036         0.020 / 0.051         0.020 / 0.051         0.020 / 0.051       ms
[2026-04-03T03:25:48.504+0600][70.132s][info][gc,stats    ]    Subphase: Concurrent Classes Purge                      0.080 / 0.395         0.116 / 0.890         0.116 / 0.890         0.116 / 0.890       ms
[2026-04-03T03:25:48.504+0600][70.132s][info][gc,stats    ]    Subphase: Concurrent Classes Unlink                    12.182 / 26.689        9.095 / 27.582        9.095 / 27.582        9.095 / 27.582      ms
[2026-04-03T03:25:48.504+0600][70.132s][info][gc,stats    ]    Subphase: Concurrent Mark                             478.443 / 803.173     392.863 / 1026.152    392.863 / 1026.152    392.863 / 1026.152    ms
[2026-04-03T03:25:48.504+0600][70.132s][info][gc,stats    ]    Subphase: Concurrent Mark Try Flush                     0.272 / 0.683         0.287 / 20.563        0.287 / 20.563        0.287 / 20.563      ms
[2026-04-03T03:25:48.504+0600][70.132s][info][gc,stats    ]    Subphase: Concurrent Mark Try Terminate                 0.999 / 1.211         1.070 / 2.363         1.070 / 2.363         1.070 / 2.363       ms
[2026-04-03T03:25:48.504+0600][70.132s][info][gc,stats    ]    Subphase: Concurrent References Enqueue                 0.007 / 0.013         0.006 / 0.034         0.006 / 0.034         0.006 / 0.034       ms
[2026-04-03T03:25:48.504+0600][70.132s][info][gc,stats    ]    Subphase: Concurrent References Process                 0.449 / 1.171         0.498 / 1.171         0.498 / 1.171         0.498 / 1.171       ms
[2026-04-03T03:25:48.504+0600][70.132s][info][gc,stats    ]    Subphase: Concurrent Roots ClassLoaderDataGraph         0.238 / 0.611         0.244 / 0.784         0.244 / 0.784         0.244 / 0.784       ms
[2026-04-03T03:25:48.504+0600][70.132s][info][gc,stats    ]    Subphase: Concurrent Roots CodeCache                    0.000 / 0.000         0.000 / 0.000         0.000 / 0.000         0.000 / 0.000       ms
[2026-04-03T03:25:48.504+0600][70.132s][info][gc,stats    ]    Subphase: Concurrent Roots JavaThreads                  0.683 / 1.051         0.527 / 2.260         0.527 / 2.260         0.527 / 2.260       ms
[2026-04-03T03:25:48.504+0600][70.132s][info][gc,stats    ]    Subphase: Concurrent Roots OopStorageSet                0.059 / 0.116         0.050 / 0.199         0.050 / 0.199         0.050 / 0.199       ms
[2026-04-03T03:25:48.504+0600][70.132s][info][gc,stats    ]    Subphase: Concurrent Weak Roots OopStorageSet           0.837 / 1.164         0.840 / 2.311         0.840 / 2.311         0.840 / 2.311       ms
[2026-04-03T03:25:48.504+0600][70.132s][info][gc,stats    ]    Subphase: Pause Mark Try Complete                       0.000 / 0.000         0.004 / 0.008         0.004 / 0.008         0.004 / 0.008       ms
[2026-04-03T03:25:48.504+0600][70.132s][info][gc,stats    ]      System: Java Threads                                    196 / 211             111 / 211             111 / 211             111 / 211         threads
[2026-04-03T03:25:48.504+0600][70.132s][info][gc,stats    ] =========================================================================================================================================================
[2026-04-03T03:25:48.632+0600][70.260s][info][gc,phases   ] GC(102) Concurrent Mark 327.193ms
[2026-04-03T03:25:48.632+0600][70.260s][info][gc,phases   ] GC(102) Pause Mark End 0.072ms
[2026-04-03T03:25:48.633+0600][70.260s][info][gc,phases   ] GC(102) Concurrent Mark Free 0.004ms
[2026-04-03T03:25:48.645+0600][70.273s][info][gc,phases   ] GC(102) Concurrent Process Non-Strong References 12.183ms
[2026-04-03T03:25:48.645+0600][70.273s][info][gc,phases   ] GC(102) Concurrent Reset Relocation Set 0.011ms
[2026-04-03T03:25:48.651+0600][70.279s][info][gc,phases   ] GC(102) Concurrent Select Relocation Set 5.751ms
[2026-04-03T03:25:48.651+0600][70.279s][info][gc,phases   ] GC(102) Pause Relocate Start 0.018ms
[2026-04-03T03:25:48.681+0600][70.309s][info][gc,phases   ] GC(102) Concurrent Relocate 29.712ms
[2026-04-03T03:25:48.681+0600][70.309s][info][gc,load     ] GC(102) Load: 4.87/4.69/5.17
[2026-04-03T03:25:48.681+0600][70.309s][info][gc,mmu      ] GC(102) MMU: 2ms/89.2%, 5ms/95.7%, 10ms/97.8%, 20ms/98.9%, 50ms/99.6%, 100ms/99.8%
[2026-04-03T03:25:48.681+0600][70.309s][info][gc,marking  ] GC(102) Mark: 2 stripe(s), 2 proactive flush(es), 1 terminate flush(es), 0 completion(s), 0 continuation(s) 
[2026-04-03T03:25:48.681+0600][70.309s][info][gc,marking  ] GC(102) Mark Stack Usage: 32M
[2026-04-03T03:25:48.681+0600][70.309s][info][gc,nmethod  ] GC(102) NMethods: 7647 registered, 746 unregistered
[2026-04-03T03:25:48.681+0600][70.309s][info][gc,metaspace] GC(102) Metaspace: 71M used, 72M committed, 1088M reserved
[2026-04-03T03:25:48.681+0600][70.309s][info][gc,ref      ] GC(102) Soft: 3253 encountered, 0 discovered, 0 enqueued
[2026-04-03T03:25:48.681+0600][70.309s][info][gc,ref      ] GC(102) Weak: 6540 encountered, 1977 discovered, 92 enqueued
[2026-04-03T03:25:48.681+0600][70.309s][info][gc,ref      ] GC(102) Final: 84 encountered, 1 discovered, 0 enqueued
[2026-04-03T03:25:48.681+0600][70.309s][info][gc,ref      ] GC(102) Phantom: 603 encountered, 505 discovered, 0 enqueued
[2026-04-03T03:25:48.681+0600][70.309s][info][gc,reloc    ] GC(102) Small Pages: 294 / 588M, Empty: 226M, Relocated: 12M, In-Place: 0
[2026-04-03T03:25:48.681+0600][70.309s][info][gc,reloc    ] GC(102) Medium Pages: 2 / 64M, Empty: 0M, Relocated: 12M, In-Place: 0
[2026-04-03T03:25:48.681+0600][70.309s][info][gc,reloc    ] GC(102) Large Pages: 7 / 54M, Empty: 54M, Relocated: 0M, In-Place: 0
[2026-04-03T03:25:48.681+0600][70.309s][info][gc,reloc    ] GC(102) Forwarding Usage: 10M
[2026-04-03T03:25:48.681+0600][70.309s][info][gc,heap     ] GC(102) Min Capacity: 8M(1%)
[2026-04-03T03:25:48.681+0600][70.309s][info][gc,heap     ] GC(102) Max Capacity: 1250M(100%)
[2026-04-03T03:25:48.681+0600][70.309s][info][gc,heap     ] GC(102) Soft Max Capacity: 1250M(100%)
[2026-04-03T03:25:48.681+0600][70.309s][info][gc,heap     ] GC(102)                Mark Start          Mark End        Relocate Start      Relocate End           High               Low         
[2026-04-03T03:25:48.681+0600][70.309s][info][gc,heap     ] GC(102)  Capacity:     1250M (100%)       1250M (100%)       1250M (100%)       1250M (100%)       1250M (100%)       1250M (100%)   
[2026-04-03T03:25:48.681+0600][70.309s][info][gc,heap     ] GC(102)      Free:      544M (44%)          20M (2%)          276M (22%)         480M (38%)         544M (44%)          12M (1%)     
[2026-04-03T03:25:48.681+0600][70.309s][info][gc,heap     ] GC(102)      Used:      706M (56%)        1230M (98%)         974M (78%)         770M (62%)        1238M (99%)         706M (56%)    
[2026-04-03T03:25:48.681+0600][70.309s][info][gc,heap     ] GC(102)      Live:         -               181M (15%)         181M (15%)         181M (15%)            -                  -          
[2026-04-03T03:25:48.681+0600][70.309s][info][gc,heap     ] GC(102) Allocated:         -               524M (42%)         548M (44%)         560M (45%)            -                  -          
[2026-04-03T03:25:48.681+0600][70.309s][info][gc,heap     ] GC(102)   Garbage:         -               524M (42%)         244M (20%)          27M (2%)             -                  -          
[2026-04-03T03:25:48.681+0600][70.309s][info][gc,heap     ] GC(102) Reclaimed:         -                  -               280M (22%)         496M (40%)            -                  -          
[2026-04-03T03:25:48.682+0600][70.309s][info][gc          ] GC(102) Garbage Collection (Allocation Rate) 706M(56%)->770M(62%)
[2026-04-03T03:25:48.704+0600][70.332s][info][gc,start    ] GC(103) Garbage Collection (Allocation Rate)
[2026-04-03T03:25:48.704+0600][70.332s][info][gc,task     ] GC(103) Using 3 workers
[2026-04-03T03:25:48.704+0600][70.332s][info][gc,phases   ] GC(103) Pause Mark Start 0.013ms
[2026-04-03T03:25:49.342+0600][70.970s][info][gc,phases   ] GC(103) Concurrent Mark 637.516ms
[2026-04-03T03:25:49.342+0600][70.970s][info][gc,phases   ] GC(103) Pause Mark End 0.076ms
[2026-04-03T03:25:49.343+0600][70.971s][info][gc,phases   ] GC(103) Concurrent Mark Free 0.005ms
[2026-04-03T03:25:49.356+0600][70.984s][info][gc,phases   ] GC(103) Concurrent Process Non-Strong References 13.666ms
[2026-04-03T03:25:49.356+0600][70.984s][info][gc,phases   ] GC(103) Concurrent Reset Relocation Set 0.018ms
[2026-04-03T03:25:49.391+0600][71.019s][info][gc,phases   ] GC(103) Concurrent Select Relocation Set 34.594ms
[2026-04-03T03:25:49.391+0600][71.019s][info][gc,phases   ] GC(103) Pause Relocate Start 0.023ms
[2026-04-03T03:25:49.529+0600][71.157s][info][gc,phases   ] GC(103) Concurrent Relocate 137.580ms
[2026-04-03T03:25:49.530+0600][71.157s][info][gc,load     ] GC(103) Load: 4.87/4.69/5.17
[2026-04-03T03:25:49.530+0600][71.158s][info][gc,mmu      ] GC(103) MMU: 2ms/89.2%, 5ms/95.7%, 10ms/97.8%, 20ms/98.9%, 50ms/99.6%, 100ms/99.8%
[2026-04-03T03:25:49.530+0600][71.158s][info][gc,marking  ] GC(103) Mark: 2 stripe(s), 2 proactive flush(es), 1 terminate flush(es), 0 completion(s), 0 continuation(s) 
[2026-04-03T03:25:49.530+0600][71.158s][info][gc,marking  ] GC(103) Mark Stack Usage: 32M
[2026-04-03T03:25:49.530+0600][71.158s][info][gc,nmethod  ] GC(103) NMethods: 7681 registered, 747 unregistered
[2026-04-03T03:25:49.530+0600][71.158s][info][gc,metaspace] GC(103) Metaspace: 71M used, 72M committed, 1088M reserved
[2026-04-03T03:25:49.530+0600][71.158s][info][gc,ref      ] GC(103) Soft: 3253 encountered, 0 discovered, 0 enqueued
[2026-04-03T03:25:49.530+0600][71.158s][info][gc,ref      ] GC(103) Weak: 6456 encountered, 2388 discovered, 2 enqueued
[2026-04-03T03:25:49.530+0600][71.158s][info][gc,ref      ] GC(103) Final: 84 encountered, 2 discovered, 0 enqueued
[2026-04-03T03:25:49.530+0600][71.158s][info][gc,ref      ] GC(103) Phantom: 600 encountered, 530 discovered, 0 enqueued
[2026-04-03T03:25:49.530+0600][71.158s][info][gc,reloc    ] GC(103) Small Pages: 351 / 702M, Empty: 0M, Relocated: 66M, In-Place: 0
[2026-04-03T03:25:49.530+0600][71.158s][info][gc,reloc    ] GC(103) Medium Pages: 2 / 64M, Empty: 0M, Relocated: 12M, In-Place: 0
[2026-04-03T03:25:49.530+0600][71.158s][info][gc,reloc    ] GC(103) Large Pages: 3 / 18M, Empty: 0M, Relocated: 0M, In-Place: 0
[2026-04-03T03:25:49.530+0600][71.158s][info][gc,reloc    ] GC(103) Forwarding Usage: 62M
[2026-04-03T03:25:49.530+0600][71.158s][info][gc,heap     ] GC(103) Min Capacity: 8M(1%)
[2026-04-03T03:25:49.530+0600][71.158s][info][gc,heap     ] GC(103) Max Capacity: 1250M(100%)
[2026-04-03T03:25:49.530+0600][71.158s][info][gc,heap     ] GC(103) Soft Max Capacity: 1250M(100%)
[2026-04-03T03:25:49.530+0600][71.158s][info][gc,heap     ] GC(103)                Mark Start          Mark End        Relocate Start      Relocate End           High               Low         
[2026-04-03T03:25:49.530+0600][71.158s][info][gc,heap     ] GC(103)  Capacity:     1250M (100%)       1250M (100%)       1250M (100%)       1250M (100%)       1250M (100%)       1250M (100%)   
[2026-04-03T03:25:49.530+0600][71.158s][info][gc,heap     ] GC(103)      Free:      466M (37%)         284M (23%)         268M (21%)         718M (57%)         720M (58%)         234M (19%)    
[2026-04-03T03:25:49.530+0600][71.158s][info][gc,heap     ] GC(103)      Used:      784M (63%)         966M (77%)         982M (79%)         532M (43%)        1016M (81%)         530M (42%)    
[2026-04-03T03:25:49.530+0600][71.158s][info][gc,heap     ] GC(103)      Live:         -               260M (21%)         260M (21%)         260M (21%)            -                  -          
[2026-04-03T03:25:49.530+0600][71.158s][info][gc,heap     ] GC(103) Allocated:         -               182M (15%)         198M (16%)         243M (19%)            -                  -          
[2026-04-03T03:25:49.530+0600][71.158s][info][gc,heap     ] GC(103)   Garbage:         -               523M (42%)         523M (42%)          27M (2%)             -                  -          
[2026-04-03T03:25:49.530+0600][71.158s][info][gc,heap     ] GC(103) Reclaimed:         -                  -                 0M (0%)          495M (40%)            -                  -          
[2026-04-03T03:25:49.530+0600][71.158s][info][gc          ] GC(103) Garbage Collection (Allocation Rate) 784M(63%)->532M(43%)
[2026-04-03T03:25:49.604+0600][71.232s][info][gc,start    ] GC(104) Garbage Collection (Allocation Rate)
[2026-04-03T03:25:49.604+0600][71.232s][info][gc,task     ] GC(104) Using 3 workers
[2026-04-03T03:25:49.604+0600][71.232s][info][gc,phases   ] GC(104) Pause Mark Start 0.014ms
[2026-04-03T03:25:50.061+0600][71.689s][info][gc,phases   ] GC(104) Concurrent Mark 456.966ms
[2026-04-03T03:25:50.062+0600][71.690s][info][gc,phases   ] GC(104) Pause Mark End 0.031ms
[2026-04-03T03:25:50.062+0600][71.690s][info][gc,phases   ] GC(104) Concurrent Mark Free 0.002ms
[2026-04-03T03:25:50.069+0600][71.697s][info][gc,phases   ] GC(104) Concurrent Process Non-Strong References 7.281ms
[2026-04-03T03:25:50.070+0600][71.697s][info][gc,phases   ] GC(104) Concurrent Reset Relocation Set 0.020ms
[2026-04-03T03:25:50.076+0600][71.704s][info][gc,phases   ] GC(104) Concurrent Select Relocation Set 6.566ms
[2026-04-03T03:25:50.076+0600][71.704s][info][gc,phases   ] GC(104) Pause Relocate Start 0.022ms
[2026-04-03T03:25:50.129+0600][71.757s][info][gc,phases   ] GC(104) Concurrent Relocate 52.690ms
[2026-04-03T03:25:50.129+0600][71.757s][info][gc,load     ] GC(104) Load: 4.87/4.69/5.17
[2026-04-03T03:25:50.129+0600][71.757s][info][gc,mmu      ] GC(104) MMU: 2ms/89.2%, 5ms/95.7%, 10ms/97.8%, 20ms/98.9%, 50ms/99.6%, 100ms/99.8%
[2026-04-03T03:25:50.129+0600][71.757s][info][gc,marking  ] GC(104) Mark: 2 stripe(s), 2 proactive flush(es), 1 terminate flush(es), 0 completion(s), 0 continuation(s) 
[2026-04-03T03:25:50.129+0600][71.757s][info][gc,marking  ] GC(104) Mark Stack Usage: 32M
[2026-04-03T03:25:50.129+0600][71.757s][info][gc,nmethod  ] GC(104) NMethods: 7736 registered, 750 unregistered
[2026-04-03T03:25:50.129+0600][71.757s][info][gc,metaspace] GC(104) Metaspace: 71M used, 72M committed, 1088M reserved
[2026-04-03T03:25:50.129+0600][71.757s][info][gc,ref      ] GC(104) Soft: 3262 encountered, 0 discovered, 0 enqueued
[2026-04-03T03:25:50.129+0600][71.757s][info][gc,ref      ] GC(104) Weak: 6466 encountered, 1857 discovered, 4 enqueued
[2026-04-03T03:25:50.129+0600][71.757s][info][gc,ref      ] GC(104) Final: 84 encountered, 0 discovered, 0 enqueued
[2026-04-03T03:25:50.129+0600][71.757s][info][gc,ref      ] GC(104) Phantom: 600 encountered, 371 discovered, 0 enqueued
[2026-04-03T03:25:50.129+0600][71.757s][info][gc,reloc    ] GC(104) Small Pages: 203 / 406M, Empty: 36M, Relocated: 36M, In-Place: 0
[2026-04-03T03:25:50.129+0600][71.757s][info][gc,reloc    ] GC(104) Medium Pages: 5 / 160M, Empty: 0M, Relocated: 27M, In-Place: 0
[2026-04-03T03:25:50.129+0600][71.757s][info][gc,reloc    ] GC(104) Large Pages: 10 / 60M, Empty: 36M, Relocated: 0M, In-Place: 0
[2026-04-03T03:25:50.129+0600][71.757s][info][gc,reloc    ] GC(104) Forwarding Usage: 35M
[2026-04-03T03:25:50.129+0600][71.757s][info][gc,heap     ] GC(104) Min Capacity: 8M(1%)
[2026-04-03T03:25:50.129+0600][71.757s][info][gc,heap     ] GC(104) Max Capacity: 1250M(100%)
[2026-04-03T03:25:50.129+0600][71.757s][info][gc,heap     ] GC(104) Soft Max Capacity: 1250M(100%)
[2026-04-03T03:25:50.129+0600][71.757s][info][gc,heap     ] GC(104)                Mark Start          Mark End        Relocate Start      Relocate End           High               Low         
[2026-04-03T03:25:50.129+0600][71.757s][info][gc,heap     ] GC(104)  Capacity:     1250M (100%)       1250M (100%)       1250M (100%)       1250M (100%)       1250M (100%)       1250M (100%)   
[2026-04-03T03:25:50.129+0600][71.757s][info][gc,heap     ] GC(104)      Free:      624M (50%)         334M (27%)         398M (32%)         604M (48%)         624M (50%)         330M (26%)    
[2026-04-03T03:25:50.129+0600][71.757s][info][gc,heap     ] GC(104)      Used:      626M (50%)         916M (73%)         852M (68%)         646M (52%)         920M (74%)         626M (50%)    
[2026-04-03T03:25:50.129+0600][71.757s][info][gc,heap     ] GC(104)      Live:         -               262M (21%)         262M (21%)         262M (21%)            -                  -          
[2026-04-03T03:25:50.130+0600][71.757s][info][gc,heap     ] GC(104) Allocated:         -               290M (23%)         298M (24%)         347M (28%)            -                  -          
[2026-04-03T03:25:50.130+0600][71.757s][info][gc,heap     ] GC(104)   Garbage:         -               363M (29%)         291M (23%)          35M (3%)             -                  -          
[2026-04-03T03:25:50.130+0600][71.757s][info][gc,heap     ] GC(104) Reclaimed:         -                  -                72M (6%)          327M (26%)            -                  -          
[2026-04-03T03:25:50.130+0600][71.757s][info][gc          ] GC(104) Garbage Collection (Allocation Rate) 626M(50%)->646M(52%)
[2026-04-03T03:25:50.204+0600][71.832s][info][gc,start    ] GC(105) Garbage Collection (Allocation Rate)
[2026-04-03T03:25:50.204+0600][71.832s][info][gc,task     ] GC(105) Using 3 workers
[2026-04-03T03:25:50.204+0600][71.832s][info][gc,phases   ] GC(105) Pause Mark Start 0.010ms
[2026-04-03T03:25:50.462+0600][72.090s][info][gc,phases   ] GC(105) Concurrent Mark 258.019ms
[2026-04-03T03:25:50.463+0600][72.091s][info][gc,phases   ] GC(105) Pause Mark End 0.037ms
[2026-04-03T03:25:50.463+0600][72.091s][info][gc,phases   ] GC(105) Concurrent Mark Free 0.002ms
[2026-04-03T03:25:50.471+0600][72.099s][info][gc,phases   ] GC(105) Concurrent Process Non-Strong References 7.308ms
[2026-04-03T03:25:50.471+0600][72.099s][info][gc,phases   ] GC(105) Concurrent Reset Relocation Set 0.013ms
[2026-04-03T03:25:50.475+0600][72.103s][info][gc,phases   ] GC(105) Concurrent Select Relocation Set 4.578ms
[2026-04-03T03:25:50.475+0600][72.103s][info][gc,phases   ] GC(105) Pause Relocate Start 0.016ms
[2026-04-03T03:25:50.521+0600][72.149s][info][gc,phases   ] GC(105) Concurrent Relocate 45.455ms
[2026-04-03T03:25:50.521+0600][72.149s][info][gc,load     ] GC(105) Load: 4.88/4.70/5.17
[2026-04-03T03:25:50.521+0600][72.149s][info][gc,mmu      ] GC(105) MMU: 2ms/89.2%, 5ms/95.7%, 10ms/97.8%, 20ms/98.9%, 50ms/99.6%, 100ms/99.8%
[2026-04-03T03:25:50.521+0600][72.149s][info][gc,marking  ] GC(105) Mark: 2 stripe(s), 2 proactive flush(es), 1 terminate flush(es), 0 completion(s), 0 continuation(s) 
[2026-04-03T03:25:50.521+0600][72.149s][info][gc,marking  ] GC(105) Mark Stack Usage: 32M
[2026-04-03T03:25:50.521+0600][72.149s][info][gc,nmethod  ] GC(105) NMethods: 7754 registered, 753 unregistered
[2026-04-03T03:25:50.521+0600][72.149s][info][gc,metaspace] GC(105) Metaspace: 71M used, 72M committed, 1088M reserved
[2026-04-03T03:25:50.521+0600][72.149s][info][gc,ref      ] GC(105) Soft: 3260 encountered, 0 discovered, 0 enqueued
[2026-04-03T03:25:50.521+0600][72.149s][info][gc,ref      ] GC(105) Weak: 6501 encountered, 2128 discovered, 150 enqueued
[2026-04-03T03:25:50.521+0600][72.149s][info][gc,ref      ] GC(105) Final: 84 encountered, 20 discovered, 0 enqueued
[2026-04-03T03:25:50.521+0600][72.149s][info][gc,ref      ] GC(105) Phantom: 600 encountered, 378 discovered, 0 enqueued
[2026-04-03T03:25:50.521+0600][72.149s][info][gc,reloc    ] GC(105) Small Pages: 250 / 500M, Empty: 16M, Relocated: 34M, In-Place: 0
[2026-04-03T03:25:50.521+0600][72.149s][info][gc,reloc    ] GC(105) Medium Pages: 4 / 128M, Empty: 96M, Relocated: 0M, In-Place: 0
[2026-04-03T03:25:50.521+0600][72.149s][info][gc,reloc    ] GC(105) Large Pages: 14 / 88M, Empty: 76M, Relocated: 0M, In-Place: 0
[2026-04-03T03:25:50.521+0600][72.149s][info][gc,reloc    ] GC(105) Forwarding Usage: 34M
[2026-04-03T03:25:50.521+0600][72.149s][info][gc,heap     ] GC(105) Min Capacity: 8M(1%)
[2026-04-03T03:25:50.521+0600][72.149s][info][gc,heap     ] GC(105) Max Capacity: 1250M(100%)
[2026-04-03T03:25:50.521+0600][72.149s][info][gc,heap     ] GC(105) Soft Max Capacity: 1250M(100%)
[2026-04-03T03:25:50.521+0600][72.149s][info][gc,heap     ] GC(105)                Mark Start          Mark End        Relocate Start      Relocate End           High               Low         
[2026-04-03T03:25:50.521+0600][72.149s][info][gc,heap     ] GC(105)  Capacity:     1250M (100%)       1250M (100%)       1250M (100%)       1250M (100%)       1250M (100%)       1250M (100%)   
[2026-04-03T03:25:50.521+0600][72.149s][info][gc,heap     ] GC(105)      Free:      534M (43%)         182M (15%)         338M (27%)         534M (43%)         534M (43%)         158M (13%)    
[2026-04-03T03:25:50.521+0600][72.149s][info][gc,heap     ] GC(105)      Used:      716M (57%)        1068M (85%)         912M (73%)         716M (57%)        1092M (87%)         716M (57%)    
[2026-04-03T03:25:50.521+0600][72.149s][info][gc,heap     ] GC(105)      Live:         -               223M (18%)         223M (18%)         223M (18%)            -                  -          
[2026-04-03T03:25:50.521+0600][72.149s][info][gc,heap     ] GC(105) Allocated:         -               352M (28%)         384M (31%)         460M (37%)            -                  -          
[2026-04-03T03:25:50.521+0600][72.149s][info][gc,heap     ] GC(105)   Garbage:         -               492M (39%)         304M (24%)          31M (2%)             -                  -          
[2026-04-03T03:25:50.521+0600][72.149s][info][gc,heap     ] GC(105) Reclaimed:         -                  -               188M (15%)         460M (37%)            -                  -          
[2026-04-03T03:25:50.521+0600][72.149s][info][gc          ] GC(105) Garbage Collection (Allocation Rate) 716M(57%)->716M(57%)
[2026-04-03T03:25:50.603+0600][72.231s][info][gc,start    ] GC(106) Garbage Collection (Allocation Rate)
[2026-04-03T03:25:50.603+0600][72.231s][info][gc,task     ] GC(106) Using 3 workers
[2026-04-03T03:25:50.603+0600][72.231s][info][gc,phases   ] GC(106) Pause Mark Start 0.010ms
[2026-04-03T03:25:50.838+0600][72.466s][info][gc,phases   ] GC(106) Concurrent Mark 234.390ms
[2026-04-03T03:25:50.838+0600][72.466s][info][gc,phases   ] GC(106) Pause Mark End 0.022ms
[2026-04-03T03:25:50.838+0600][72.466s][info][gc,phases   ] GC(106) Concurrent Mark Free 0.001ms
[2026-04-03T03:25:50.846+0600][72.474s][info][gc,phases   ] GC(106) Concurrent Process Non-Strong References 7.706ms
[2026-04-03T03:25:50.846+0600][72.474s][info][gc,phases   ] GC(106) Concurrent Reset Relocation Set 0.031ms
[2026-04-03T03:25:50.853+0600][72.480s][info][gc,phases   ] GC(106) Concurrent Select Relocation Set 6.178ms
[2026-04-03T03:25:50.853+0600][72.481s][info][gc,phases   ] GC(106) Pause Relocate Start 0.012ms
[2026-04-03T03:25:50.855+0600][72.483s][info][gc,phases   ] GC(106) Concurrent Relocate 1.636ms
[2026-04-03T03:25:50.855+0600][72.483s][info][gc,load     ] GC(106) Load: 4.88/4.70/5.17
[2026-04-03T03:25:50.855+0600][72.483s][info][gc,mmu      ] GC(106) MMU: 2ms/89.2%, 5ms/95.7%, 10ms/97.8%, 20ms/98.9%, 50ms/99.6%, 100ms/99.8%
[2026-04-03T03:25:50.855+0600][72.483s][info][gc,marking  ] GC(106) Mark: 2 stripe(s), 2 proactive flush(es), 1 terminate flush(es), 0 completion(s), 0 continuation(s) 
[2026-04-03T03:25:50.855+0600][72.483s][info][gc,marking  ] GC(106) Mark Stack Usage: 32M
[2026-04-03T03:25:50.855+0600][72.483s][info][gc,nmethod  ] GC(106) NMethods: 7816 registered, 756 unregistered
[2026-04-03T03:25:50.855+0600][72.483s][info][gc,metaspace] GC(106) Metaspace: 72M used, 72M committed, 1088M reserved
[2026-04-03T03:25:50.855+0600][72.483s][info][gc,ref      ] GC(106) Soft: 3263 encountered, 0 discovered, 0 enqueued
[2026-04-03T03:25:50.855+0600][72.483s][info][gc,ref      ] GC(106) Weak: 6286 encountered, 1284 discovered, 24 enqueued
[2026-04-03T03:25:50.855+0600][72.483s][info][gc,ref      ] GC(106) Final: 84 encountered, 1 discovered, 0 enqueued
[2026-04-03T03:25:50.855+0600][72.483s][info][gc,ref      ] GC(106) Phantom: 599 encountered, 547 discovered, 0 enqueued
[2026-04-03T03:25:50.855+0600][72.483s][info][gc,reloc    ] GC(106) Small Pages: 447 / 894M, Empty: 696M, Relocated: 1M, In-Place: 0
[2026-04-03T03:25:50.855+0600][72.483s][info][gc,reloc    ] GC(106) Medium Pages: 1 / 32M, Empty: 0M, Relocated: 0M, In-Place: 0
[2026-04-03T03:25:50.855+0600][72.483s][info][gc,reloc    ] GC(106) Large Pages: 4 / 24M, Empty: 24M, Relocated: 0M, In-Place: 0
[2026-04-03T03:25:50.855+0600][72.483s][info][gc,reloc    ] GC(106) Forwarding Usage: 0M
[2026-04-03T03:25:50.855+0600][72.483s][info][gc,heap     ] GC(106) Min Capacity: 8M(1%)
[2026-04-03T03:25:50.855+0600][72.483s][info][gc,heap     ] GC(106) Max Capacity: 1250M(100%)
[2026-04-03T03:25:50.855+0600][72.483s][info][gc,heap     ] GC(106) Soft Max Capacity: 1250M(100%)
[2026-04-03T03:25:50.855+0600][72.483s][info][gc,heap     ] GC(106)                Mark Start          Mark End        Relocate Start      Relocate End           High               Low         
[2026-04-03T03:25:50.855+0600][72.483s][info][gc,heap     ] GC(106)  Capacity:     1250M (100%)       1250M (100%)       1250M (100%)       1250M (100%)       1250M (100%)       1250M (100%)   
[2026-04-03T03:25:50.855+0600][72.483s][info][gc,heap     ] GC(106)      Free:      300M (24%)         222M (18%)         942M (75%)         970M (78%)         970M (78%)         222M (18%)    
[2026-04-03T03:25:50.855+0600][72.483s][info][gc,heap     ] GC(106)      Used:      950M (76%)        1028M (82%)         308M (25%)         280M (22%)        1028M (82%)         280M (22%)    
[2026-04-03T03:25:50.855+0600][72.483s][info][gc,heap     ] GC(106)      Live:         -               169M (14%)         169M (14%)         169M (14%)            -                  -          
[2026-04-03T03:25:50.855+0600][72.483s][info][gc,heap     ] GC(106) Allocated:         -                78M (6%)           78M (6%)           78M (6%)             -                  -          
[2026-04-03T03:25:50.855+0600][72.483s][info][gc,heap     ] GC(106)   Garbage:         -               780M (62%)          60M (5%)           32M (3%)             -                  -          
[2026-04-03T03:25:50.855+0600][72.483s][info][gc,heap     ] GC(106) Reclaimed:         -                  -               720M (58%)         748M (60%)            -                  -          
[2026-04-03T03:25:50.855+0600][72.483s][info][gc          ] GC(106) Garbage Collection (Allocation Rate) 950M(76%)->280M(22%)
[2026-04-03T03:25:50.904+0600][72.532s][info][gc,start    ] GC(107) Garbage Collection (Allocation Rate)
[2026-04-03T03:25:50.904+0600][72.532s][info][gc,task     ] GC(107) Using 3 workers
[2026-04-03T03:25:50.904+0600][72.532s][info][gc,phases   ] GC(107) Pause Mark Start 0.009ms
[2026-04-03T03:25:50.924+0600][72.552s][info][gc,phases   ] GC(107) Concurrent Mark 19.796ms
[2026-04-03T03:25:50.924+0600][72.552s][info][gc,phases   ] GC(107) Pause Mark End 0.018ms
[2026-04-03T03:25:50.924+0600][72.552s][info][gc,phases   ] GC(107) Concurrent Mark Free 0.002ms
[2026-04-03T03:25:50.940+0600][72.568s][info][gc,phases   ] GC(107) Concurrent Process Non-Strong References 15.729ms
[2026-04-03T03:25:50.940+0600][72.568s][info][gc,phases   ] GC(107) Concurrent Reset Relocation Set 0.003ms
[2026-04-03T03:25:50.944+0600][72.572s][info][gc,phases   ] GC(107) Concurrent Select Relocation Set 3.911ms
[2026-04-03T03:25:50.945+0600][72.572s][info][gc,phases   ] GC(107) Pause Relocate Start 0.011ms
[2026-04-03T03:25:50.951+0600][72.579s][info][gc,phases   ] GC(107) Concurrent Relocate 5.994ms
[2026-04-03T03:25:50.951+0600][72.579s][info][gc,load     ] GC(107) Load: 4.88/4.70/5.17
[2026-04-03T03:25:50.951+0600][72.579s][info][gc,mmu      ] GC(107) MMU: 2ms/89.2%, 5ms/95.7%, 10ms/97.8%, 20ms/98.9%, 50ms/99.6%, 100ms/99.8%
[2026-04-03T03:25:50.951+0600][72.579s][info][gc,marking  ] GC(107) Mark: 2 stripe(s), 3 proactive flush(es), 1 terminate flush(es), 0 completion(s), 0 continuation(s) 
[2026-04-03T03:25:50.951+0600][72.579s][info][gc,marking  ] GC(107) Mark Stack Usage: 32M
[2026-04-03T03:25:50.951+0600][72.579s][info][gc,nmethod  ] GC(107) NMethods: 7810 registered, 767 unregistered
[2026-04-03T03:25:50.951+0600][72.579s][info][gc,metaspace] GC(107) Metaspace: 72M used, 72M committed, 1088M reserved
[2026-04-03T03:25:50.951+0600][72.579s][info][gc,ref      ] GC(107) Soft: 3270 encountered, 0 discovered, 0 enqueued
[2026-04-03T03:25:50.951+0600][72.579s][info][gc,ref      ] GC(107) Weak: 6159 encountered, 4451 discovered, 108 enqueued
[2026-04-03T03:25:50.951+0600][72.579s][info][gc,ref      ] GC(107) Final: 84 encountered, 20 discovered, 0 enqueued
[2026-04-03T03:25:50.951+0600][72.579s][info][gc,ref      ] GC(107) Phantom: 591 encountered, 539 discovered, 0 enqueued
[2026-04-03T03:25:50.951+0600][72.579s][info][gc,reloc    ] GC(107) Small Pages: 124 / 248M, Empty: 106M, Relocated: 10M, In-Place: 0
[2026-04-03T03:25:50.951+0600][72.579s][info][gc,reloc    ] GC(107) Medium Pages: 1 / 32M, Empty: 0M, Relocated: 0M, In-Place: 0
[2026-04-03T03:25:50.951+0600][72.579s][info][gc,reloc    ] GC(107) Large Pages: 0 / 0M, Empty: 0M, Relocated: 0M, In-Place: 0
[2026-04-03T03:25:50.951+0600][72.579s][info][gc,reloc    ] GC(107) Forwarding Usage: 4M
[2026-04-03T03:25:50.951+0600][72.579s][info][gc,heap     ] GC(107) Min Capacity: 8M(1%)
[2026-04-03T03:25:50.951+0600][72.579s][info][gc,heap     ] GC(107) Max Capacity: 1250M(100%)
[2026-04-03T03:25:50.951+0600][72.579s][info][gc,heap     ] GC(107) Soft Max Capacity: 1250M(100%)
[2026-04-03T03:25:50.951+0600][72.579s][info][gc,heap     ] GC(107)                Mark Start          Mark End        Relocate Start      Relocate End           High               Low         
[2026-04-03T03:25:50.951+0600][72.579s][info][gc,heap     ] GC(107)  Capacity:     1250M (100%)       1250M (100%)       1250M (100%)       1250M (100%)       1250M (100%)       1250M (100%)   
[2026-04-03T03:25:50.951+0600][72.579s][info][gc,heap     ] GC(107)      Free:      970M (78%)         962M (77%)        1024M (82%)        1132M (91%)        1132M (91%)         918M (73%)    
[2026-04-03T03:25:50.951+0600][72.579s][info][gc,heap     ] GC(107)      Used:      280M (22%)         288M (23%)         226M (18%)         118M (9%)          332M (27%)         118M (9%)     
[2026-04-03T03:25:50.951+0600][72.579s][info][gc,heap     ] GC(107)      Live:         -                35M (3%)           35M (3%)           35M (3%)             -                  -          
[2026-04-03T03:25:50.951+0600][72.579s][info][gc,heap     ] GC(107) Allocated:         -                 8M (1%)           52M (4%)           51M (4%)             -                  -          
[2026-04-03T03:25:50.951+0600][72.579s][info][gc,heap     ] GC(107)   Garbage:         -               244M (20%)         138M (11%)          30M (2%)             -                  -          
[2026-04-03T03:25:50.951+0600][72.579s][info][gc,heap     ] GC(107) Reclaimed:         -                  -               106M (8%)          213M (17%)            -                  -          
[2026-04-03T03:25:50.951+0600][72.579s][info][gc          ] GC(107) Garbage Collection (Allocation Rate) 280M(22%)->118M(9%)
[2026-04-03T03:25:51.004+0600][72.632s][info][gc,start    ] GC(108) Garbage Collection (Allocation Rate)
[2026-04-03T03:25:51.004+0600][72.632s][info][gc,task     ] GC(108) Using 3 workers
[2026-04-03T03:25:51.004+0600][72.632s][info][gc,phases   ] GC(108) Pause Mark Start 0.010ms
[2026-04-03T03:25:51.031+0600][72.659s][info][gc,phases   ] GC(108) Concurrent Mark 26.472ms
[2026-04-03T03:25:51.031+0600][72.659s][info][gc,phases   ] GC(108) Pause Mark End 0.020ms
[2026-04-03T03:25:51.031+0600][72.659s][info][gc,phases   ] GC(108) Concurrent Mark Free 0.002ms
[2026-04-03T03:25:51.039+0600][72.667s][info][gc,phases   ] GC(108) Concurrent Process Non-Strong References 8.050ms
[2026-04-03T03:25:51.039+0600][72.667s][info][gc,phases   ] GC(108) Concurrent Reset Relocation Set 0.009ms
[2026-04-03T03:25:51.042+0600][72.670s][info][gc,phases   ] GC(108) Concurrent Select Relocation Set 2.898ms
[2026-04-03T03:25:51.043+0600][72.670s][info][gc,phases   ] GC(108) Pause Relocate Start 0.011ms
[2026-04-03T03:25:51.044+0600][72.672s][info][gc,phases   ] GC(108) Concurrent Relocate 1.485ms
[2026-04-03T03:25:51.044+0600][72.672s][info][gc,load     ] GC(108) Load: 4.88/4.70/5.17
[2026-04-03T03:25:51.044+0600][72.672s][info][gc,mmu      ] GC(108) MMU: 2ms/89.2%, 5ms/95.7%, 10ms/97.8%, 20ms/98.9%, 50ms/99.6%, 100ms/99.8%
[2026-04-03T03:25:51.044+0600][72.672s][info][gc,marking  ] GC(108) Mark: 2 stripe(s), 2 proactive flush(es), 1 terminate flush(es), 0 completion(s), 0 continuation(s) 
[2026-04-03T03:25:51.044+0600][72.672s][info][gc,marking  ] GC(108) Mark Stack Usage: 32M
[2026-04-03T03:25:51.044+0600][72.672s][info][gc,nmethod  ] GC(108) NMethods: 7821 registered, 767 unregistered
[2026-04-03T03:25:51.044+0600][72.672s][info][gc,metaspace] GC(108) Metaspace: 72M used, 72M committed, 1088M reserved
[2026-04-03T03:25:51.044+0600][72.672s][info][gc,ref      ] GC(108) Soft: 3271 encountered, 0 discovered, 0 enqueued
[2026-04-03T03:25:51.044+0600][72.672s][info][gc,ref      ] GC(108) Weak: 6052 encountered, 1423 discovered, 0 enqueued
[2026-04-03T03:25:51.044+0600][72.672s][info][gc,ref      ] GC(108) Final: 84 encountered, 3 discovered, 0 enqueued
[2026-04-03T03:25:51.044+0600][72.672s][info][gc,ref      ] GC(108) Phantom: 591 encountered, 486 discovered, 0 enqueued
[2026-04-03T03:25:51.044+0600][72.672s][info][gc,reloc    ] GC(108) Small Pages: 28 / 56M, Empty: 16M, Relocated: 1M, In-Place: 0
[2026-04-03T03:25:51.044+0600][72.672s][info][gc,reloc    ] GC(108) Medium Pages: 2 / 64M, Empty: 32M, Relocated: 0M, In-Place: 0
[2026-04-03T03:25:51.044+0600][72.672s][info][gc,reloc    ] GC(108) Large Pages: 0 / 0M, Empty: 0M, Relocated: 0M, In-Place: 0
[2026-04-03T03:25:51.044+0600][72.672s][info][gc,reloc    ] GC(108) Forwarding Usage: 0M
[2026-04-03T03:25:51.044+0600][72.672s][info][gc,heap     ] GC(108) Min Capacity: 8M(1%)
[2026-04-03T03:25:51.044+0600][72.672s][info][gc,heap     ] GC(108) Max Capacity: 1250M(100%)
[2026-04-03T03:25:51.044+0600][72.672s][info][gc,heap     ] GC(108) Soft Max Capacity: 1250M(100%)
[2026-04-03T03:25:51.044+0600][72.672s][info][gc,heap     ] GC(108)                Mark Start          Mark End        Relocate Start      Relocate End           High               Low         
[2026-04-03T03:25:51.044+0600][72.672s][info][gc,heap     ] GC(108)  Capacity:     1250M (100%)       1250M (100%)       1250M (100%)       1250M (100%)       1250M (100%)       1250M (100%)   
[2026-04-03T03:25:51.044+0600][72.672s][info][gc,heap     ] GC(108)      Free:     1130M (90%)        1114M (89%)        1158M (93%)        1162M (93%)        1162M (93%)        1110M (89%)    
[2026-04-03T03:25:51.044+0600][72.672s][info][gc,heap     ] GC(108)      Used:      120M (10%)         136M (11%)          92M (7%)           88M (7%)          140M (11%)          88M (7%)     
[2026-04-03T03:25:51.044+0600][72.672s][info][gc,heap     ] GC(108)      Live:         -                35M (3%)           35M (3%)           35M (3%)             -                  -          
[2026-04-03T03:25:51.044+0600][72.672s][info][gc,heap     ] GC(108) Allocated:         -                16M (1%)           20M (2%)           21M (2%)             -                  -          
[2026-04-03T03:25:51.044+0600][72.672s][info][gc,heap     ] GC(108)   Garbage:         -                84M (7%)           36M (3%)           30M (2%)             -                  -          
[2026-04-03T03:25:51.044+0600][72.672s][info][gc,heap     ] GC(108) Reclaimed:         -                  -                48M (4%)           53M (4%)             -                  -          
[2026-04-03T03:25:51.044+0600][72.672s][info][gc          ] GC(108) Garbage Collection (Allocation Rate) 120M(10%)->88M(7%)
[2026-04-03T03:25:51.328+0600][72.956s][info][gc,heap,exit] Heap
[2026-04-03T03:25:51.328+0600][72.956s][info][gc,heap,exit]  ZHeap           used 122M, capacity 1250M, max capacity 1250M
[2026-04-03T03:25:51.328+0600][72.956s][info][gc,heap,exit]  Metaspace       used 73797K, committed 74624K, reserved 1114112K
[2026-04-03T03:25:51.328+0600][72.956s][info][gc,heap,exit]   class space    used 9375K, committed 9728K, reserved 1048576K
