[2026-04-03T02:51:03.102+0600][0.005s][info][gc,init] Initializing The Z Garbage Collector
[2026-04-03T02:51:03.102+0600][0.005s][info][gc,init] Version: 21.0.10+7-Ubuntu-124.04 (release)
[2026-04-03T02:51:03.102+0600][0.005s][info][gc,init] NUMA Support: Disabled
[2026-04-03T02:51:03.102+0600][0.005s][info][gc,init] CPUs: 12 total, 12 available
[2026-04-03T02:51:03.102+0600][0.006s][info][gc,init] Memory: 15683M
[2026-04-03T02:51:03.102+0600][0.006s][info][gc,init] Large Page Support: Disabled
[2026-04-03T02:51:03.102+0600][0.006s][info][gc,init] Address Space Type: Contiguous/Unrestricted/Complete
[2026-04-03T02:51:03.102+0600][0.006s][info][gc,init] Address Space Size: 8000M
[2026-04-03T02:51:03.102+0600][0.006s][info][gc,init] Heap Backing File: /memfd:java_heap
[2026-04-03T02:51:03.102+0600][0.006s][info][gc,init] Heap Backing Filesystem: tmpfs (0x1021994)
[2026-04-03T02:51:03.103+0600][0.006s][info][gc,init] Min Capacity: 8M
[2026-04-03T02:51:03.103+0600][0.006s][info][gc,init] Initial Capacity: 246M
[2026-04-03T02:51:03.103+0600][0.006s][info][gc,init] Max Capacity: 500M
[2026-04-03T02:51:03.103+0600][0.006s][info][gc,init] Soft Max Capacity: 500M
[2026-04-03T02:51:03.103+0600][0.006s][info][gc,init] Medium Page Size: 8M
[2026-04-03T02:51:03.103+0600][0.006s][info][gc,init] Pre-touch: Disabled
[2026-04-03T02:51:03.103+0600][0.006s][info][gc,init] Available space on backing filesystem: N/A
[2026-04-03T02:51:03.104+0600][0.007s][info][gc,init] Uncommit: Enabled
[2026-04-03T02:51:03.104+0600][0.007s][info][gc,init] Uncommit Delay: 300s
[2026-04-03T02:51:03.104+0600][0.007s][info][gc,init] GC Workers for Old Generation: 3 (dynamic)
[2026-04-03T02:51:03.104+0600][0.008s][info][gc,init] GC Workers for Young Generation: 3 (dynamic)
[2026-04-03T02:51:03.186+0600][0.089s][info][gc,init] GC Workers Max: 3 (dynamic)
[2026-04-03T02:51:03.186+0600][0.089s][info][gc,init] Runtime Workers: 5
[2026-04-03T02:51:03.187+0600][0.090s][info][gc     ] Using The Z Garbage Collector
[2026-04-03T02:51:03.196+0600][0.099s][info][gc,metaspace] CDS archive(s) mapped at: [0x00007d598f000000-0x00007d598fc9c000-0x00007d598fc9c000), size 13221888, SharedBaseAddress: 0x00007d598f000000, ArchiveRelocationMode: 1.
[2026-04-03T02:51:03.196+0600][0.099s][info][gc,metaspace] Compressed class space mapped at: 0x00007d5990000000-0x00007d59d0000000, reserved size: 1073741824
[2026-04-03T02:51:03.196+0600][0.099s][info][gc,metaspace] Narrow klass base: 0x00007d598f000000, Narrow klass shift: 0, Narrow klass range: 0x100000000
[2026-04-03T02:51:03.598+0600][0.501s][info][gc          ] GC(0) Major Collection (Warmup)
[2026-04-03T02:51:03.598+0600][0.501s][info][gc,task     ] GC(0) Using 3 Workers for Young Generation
[2026-04-03T02:51:03.598+0600][0.501s][info][gc,task     ] GC(0) Using 2 Workers for Old Generation
[2026-04-03T02:51:03.598+0600][0.501s][info][gc,phases   ] GC(0) Y: Young Generation
[2026-04-03T02:51:03.598+0600][0.501s][info][gc,phases   ] GC(0) Y: Pause Mark Start (Major) 0.017ms
[2026-04-03T02:51:03.604+0600][0.507s][info][gc,phases   ] GC(0) Y: Concurrent Mark 5.216ms
[2026-04-03T02:51:03.604+0600][0.507s][info][gc,phases   ] GC(0) Y: Pause Mark End 0.017ms
[2026-04-03T02:51:03.604+0600][0.507s][info][gc,phases   ] GC(0) Y: Concurrent Mark Free 0.001ms
[2026-04-03T02:51:03.604+0600][0.507s][info][gc,phases   ] GC(0) Y: Concurrent Reset Relocation Set 0.000ms
[2026-04-03T02:51:03.610+0600][0.513s][info][gc,reloc    ] GC(0) Y: Using tenuring threshold: 1 (Computed)
[2026-04-03T02:51:03.611+0600][0.514s][info][gc,phases   ] GC(0) Y: Concurrent Select Relocation Set 6.759ms
[2026-04-03T02:51:03.611+0600][0.514s][info][gc,phases   ] GC(0) Y: Pause Relocate Start 0.013ms
[2026-04-03T02:51:03.613+0600][0.516s][info][gc,phases   ] GC(0) Y: Concurrent Relocate 1.839ms
[2026-04-03T02:51:03.613+0600][0.516s][info][gc,alloc    ] GC(0) Y:                         Mark Start        Mark End      Relocate Start    Relocate End   
[2026-04-03T02:51:03.613+0600][0.516s][info][gc,alloc    ] GC(0) Y: Allocation Stalls:          0                0                0                0         
[2026-04-03T02:51:03.613+0600][0.516s][info][gc,load     ] GC(0) Y: Load: 6.65 (55%) / 5.79 (48%) / 5.66 (47%)
[2026-04-03T02:51:03.613+0600][0.516s][info][gc,mmu      ] GC(0) Y: MMU: 2ms/99.1%, 5ms/99.7%, 10ms/99.7%, 20ms/99.8%, 50ms/99.9%, 100ms/100.0%
[2026-04-03T02:51:03.613+0600][0.516s][info][gc,marking  ] GC(0) Y: Mark: 2 stripe(s), 2 proactive flush(es), 1 terminate flush(es), 0 completion(s), 0 continuation(s) 
[2026-04-03T02:51:03.613+0600][0.516s][info][gc,marking  ] GC(0) Y: Mark Stack Usage: 32M
[2026-04-03T02:51:03.613+0600][0.516s][info][gc,nmethod  ] GC(0) Y: NMethods: 670 registered, 0 unregistered
[2026-04-03T02:51:03.613+0600][0.516s][info][gc,metaspace] GC(0) Y: Metaspace: 3M used, 3M committed, 1088M reserved
[2026-04-03T02:51:03.613+0600][0.516s][info][gc,reloc    ] GC(0) Y:                        Candidates     Selected     In-Place         Size        Empty    Relocated 
[2026-04-03T02:51:03.613+0600][0.516s][info][gc,reloc    ] GC(0) Y: Small Pages:                   25           22            0          50M           0M           1M 
[2026-04-03T02:51:03.613+0600][0.516s][info][gc,reloc    ] GC(0) Y: Medium Pages:                   0            0            0           0M           0M           0M 
[2026-04-03T02:51:03.613+0600][0.516s][info][gc,reloc    ] GC(0) Y: Large Pages:                    0            0            0           0M           0M           0M 
[2026-04-03T02:51:03.613+0600][0.516s][info][gc,reloc    ] GC(0) Y: Forwarding Usage: 0M
[2026-04-03T02:51:03.613+0600][0.516s][info][gc,reloc    ] GC(0) Y: Age Table:
[2026-04-03T02:51:03.613+0600][0.516s][info][gc,reloc    ] GC(0) Y:                    Live             Garbage             Small              Medium             Large        
[2026-04-03T02:51:03.613+0600][0.516s][info][gc,reloc    ] GC(0) Y: Eden               3M (1%)           46M (9%)          25 / 22             0 / 0              0 / 0        
[2026-04-03T02:51:03.613+0600][0.516s][info][gc,heap     ] GC(0) Y: Min Capacity: 8M(2%)
[2026-04-03T02:51:03.613+0600][0.516s][info][gc,heap     ] GC(0) Y: Max Capacity: 500M(100%)
[2026-04-03T02:51:03.613+0600][0.516s][info][gc,heap     ] GC(0) Y: Soft Max Capacity: 500M(100%)
[2026-04-03T02:51:03.613+0600][0.516s][info][gc,heap     ] GC(0) Y: Heap Statistics:
[2026-04-03T02:51:03.613+0600][0.516s][info][gc,heap     ] GC(0) Y:                Mark Start          Mark End        Relocate Start      Relocate End           High               Low         
[2026-04-03T02:51:03.613+0600][0.516s][info][gc,heap     ] GC(0) Y:  Capacity:      246M (49%)         246M (49%)         246M (49%)         246M (49%)         246M (49%)         246M (49%)    
[2026-04-03T02:51:03.613+0600][0.516s][info][gc,heap     ] GC(0) Y:      Free:      450M (90%)         448M (90%)         444M (89%)         482M (96%)         482M (96%)         440M (88%)    
[2026-04-03T02:51:03.613+0600][0.516s][info][gc,heap     ] GC(0) Y:      Used:       50M (10%)          52M (10%)          56M (11%)          18M (4%)           60M (12%)          18M (4%)     
[2026-04-03T02:51:03.613+0600][0.516s][info][gc,heap     ] GC(0) Y: Young Generation Statistics:
[2026-04-03T02:51:03.613+0600][0.516s][info][gc,heap     ] GC(0) Y:                Mark Start          Mark End        Relocate Start      Relocate End    
[2026-04-03T02:51:03.613+0600][0.516s][info][gc,heap     ] GC(0) Y:      Used:       50M (10%)          52M (10%)          56M (11%)          18M (4%)     
[2026-04-03T02:51:03.613+0600][0.516s][info][gc,heap     ] GC(0) Y:      Live:         -                 3M (1%)            3M (1%)            3M (1%)     
[2026-04-03T02:51:03.613+0600][0.516s][info][gc,heap     ] GC(0) Y:   Garbage:         -                46M (9%)           46M (9%)            1M (0%)     
[2026-04-03T02:51:03.613+0600][0.516s][info][gc,heap     ] GC(0) Y: Allocated:         -                 2M (0%)            6M (1%)           12M (3%)     
[2026-04-03T02:51:03.613+0600][0.516s][info][gc,heap     ] GC(0) Y: Reclaimed:         -                  -                 0M (0%)           44M (9%)     
[2026-04-03T02:51:03.613+0600][0.516s][info][gc,heap     ] GC(0) Y:  Promoted:         -                  -                 0M (0%)            0M (0%)     
[2026-04-03T02:51:03.613+0600][0.516s][info][gc,heap     ] GC(0) Y: Compacted:         -                  -                  -                 1M (0%)     
[2026-04-03T02:51:03.613+0600][0.516s][info][gc,phases   ] GC(0) Y: Young Generation 50M(10%)->18M(4%) 0.015s
[2026-04-03T02:51:03.613+0600][0.516s][info][gc,phases   ] GC(0) O: Old Generation
[2026-04-03T02:51:03.614+0600][0.517s][info][gc,phases   ] GC(0) O: Concurrent Mark 1.113ms
[2026-04-03T02:51:03.614+0600][0.518s][info][gc,phases   ] GC(0) O: Pause Mark End 0.016ms
[2026-04-03T02:51:03.615+0600][0.518s][info][gc,phases   ] GC(0) O: Concurrent Mark Free 0.037ms
[2026-04-03T02:51:03.616+0600][0.519s][info][gc,phases   ] GC(0) O: Concurrent Process Non-Strong 1.754ms
[2026-04-03T02:51:03.616+0600][0.519s][info][gc,phases   ] GC(0) O: Concurrent Reset Relocation Set 0.000ms
[2026-04-03T02:51:03.618+0600][0.521s][info][gc,phases   ] GC(0) O: Concurrent Select Relocation Set 1.501ms
[2026-04-03T02:51:03.618+0600][0.521s][info][gc,task     ] GC(0) O: Using 3 Workers for Old Generation
[2026-04-03T02:51:03.631+0600][0.534s][info][gc,task     ] GC(0) O: Using 2 Workers for Old Generation
[2026-04-03T02:51:03.631+0600][0.534s][info][gc,phases   ] GC(0) O: Concurrent Remap Roots 13.390ms
[2026-04-03T02:51:03.632+0600][0.535s][info][gc,phases   ] GC(0) O: Pause Relocate Start 0.020ms
[2026-04-03T02:51:03.632+0600][0.535s][info][gc,phases   ] GC(0) O: Concurrent Relocate 0.402ms
[2026-04-03T02:51:03.632+0600][0.535s][info][gc,alloc    ] GC(0) O:                         Mark Start        Mark End      Relocate Start    Relocate End   
[2026-04-03T02:51:03.632+0600][0.535s][info][gc,alloc    ] GC(0) O: Allocation Stalls:          0                0                0                0         
[2026-04-03T02:51:03.632+0600][0.535s][info][gc,load     ] GC(0) O: Load: 6.65 (55%) / 5.79 (48%) / 5.66 (47%)
[2026-04-03T02:51:03.632+0600][0.535s][info][gc,mmu      ] GC(0) O: MMU: 2ms/99.0%, 5ms/99.4%, 10ms/99.7%, 20ms/99.7%, 50ms/99.8%, 100ms/99.9%
[2026-04-03T02:51:03.632+0600][0.535s][info][gc,marking  ] GC(0) O: Mark: 2 stripe(s), 1 proactive flush(es), 1 terminate flush(es), 0 completion(s), 0 continuation(s) 
[2026-04-03T02:51:03.632+0600][0.535s][info][gc,marking  ] GC(0) O: Mark Stack Usage: 0M
[2026-04-03T02:51:03.632+0600][0.535s][info][gc,nmethod  ] GC(0) O: NMethods: 622 registered, 69 unregistered
[2026-04-03T02:51:03.632+0600][0.535s][info][gc,metaspace] GC(0) O: Metaspace: 3M used, 3M committed, 1088M reserved
[2026-04-03T02:51:03.632+0600][0.535s][info][gc,ref      ] GC(0) O:                       Encountered   Discovered     Enqueued 
[2026-04-03T02:51:03.632+0600][0.535s][info][gc,ref      ] GC(0) O: Soft References:              134            0            0 
[2026-04-03T02:51:03.632+0600][0.535s][info][gc,ref      ] GC(0) O: Weak References:              404            0            0 
[2026-04-03T02:51:03.632+0600][0.535s][info][gc,ref      ] GC(0) O: Final References:               0            0            0 
[2026-04-03T02:51:03.632+0600][0.535s][info][gc,ref      ] GC(0) O: Phantom References:            25            0            0 
[2026-04-03T02:51:03.632+0600][0.535s][info][gc,heap     ] GC(0) O: Min Capacity: 8M(2%)
[2026-04-03T02:51:03.632+0600][0.535s][info][gc,heap     ] GC(0) O: Max Capacity: 500M(100%)
[2026-04-03T02:51:03.632+0600][0.535s][info][gc,heap     ] GC(0) O: Soft Max Capacity: 500M(100%)
[2026-04-03T02:51:03.632+0600][0.535s][info][gc,heap     ] GC(0) O: Heap Statistics:
[2026-04-03T02:51:03.632+0600][0.535s][info][gc,heap     ] GC(0) O:                Mark Start          Mark End        Relocate Start      Relocate End           High               Low         
[2026-04-03T02:51:03.632+0600][0.535s][info][gc,heap     ] GC(0) O:  Capacity:      246M (49%)         246M (49%)         246M (49%)         246M (49%)         246M (49%)         246M (49%)    
[2026-04-03T02:51:03.632+0600][0.535s][info][gc,heap     ] GC(0) O:      Free:      450M (90%)         482M (96%)         472M (94%)         472M (94%)         482M (96%)         440M (88%)    
[2026-04-03T02:51:03.632+0600][0.535s][info][gc,heap     ] GC(0) O:      Used:       50M (10%)          18M (4%)           28M (6%)           28M (6%)           60M (12%)          18M (4%)     
[2026-04-03T02:51:03.632+0600][0.535s][info][gc,heap     ] GC(0) O: Old Generation Statistics:
[2026-04-03T02:51:03.632+0600][0.535s][info][gc,heap     ] GC(0) O:                Mark Start          Mark End        Relocate Start      Relocate End    
[2026-04-03T02:51:03.632+0600][0.535s][info][gc,heap     ] GC(0) O:      Used:        0M (0%)            0M (0%)            0M (0%)            0M (0%)     
[2026-04-03T02:51:03.632+0600][0.535s][info][gc,heap     ] GC(0) O:      Live:         -                 0M (0%)            0M (0%)            0M (0%)     
[2026-04-03T02:51:03.632+0600][0.535s][info][gc,heap     ] GC(0) O:   Garbage:         -                 0M (0%)            0M (0%)            0M (0%)     
[2026-04-03T02:51:03.632+0600][0.535s][info][gc,heap     ] GC(0) O: Allocated:         -                 0M (0%)            0M (0%)            0M (0%)     
[2026-04-03T02:51:03.632+0600][0.535s][info][gc,heap     ] GC(0) O: Reclaimed:         -                  -                 0M (0%)            0M (0%)     
[2026-04-03T02:51:03.632+0600][0.535s][info][gc,heap     ] GC(0) O: Compacted:         -                  -                  -                 0M (0%)     
[2026-04-03T02:51:03.632+0600][0.535s][info][gc,phases   ] GC(0) O: Old Generation 18M(4%)->28M(6%) 0.019s
[2026-04-03T02:51:03.632+0600][0.536s][info][gc          ] GC(0) Major Collection (Warmup) 50M(10%)->28M(6%) 0.035s
[2026-04-03T02:51:03.775+0600][0.678s][info][gc          ] GC(1) Major Collection (Warmup)
[2026-04-03T02:51:03.775+0600][0.679s][info][gc,task     ] GC(1) Using 3 Workers for Young Generation
[2026-04-03T02:51:03.775+0600][0.679s][info][gc,task     ] GC(1) Using 1 Workers for Old Generation
[2026-04-03T02:51:03.775+0600][0.679s][info][gc,phases   ] GC(1) Y: Young Generation
[2026-04-03T02:51:03.776+0600][0.679s][info][gc,phases   ] GC(1) Y: Pause Mark Start (Major) 0.029ms
[2026-04-03T02:51:03.783+0600][0.686s][info][gc,phases   ] GC(1) Y: Concurrent Mark 6.778ms
[2026-04-03T02:51:03.783+0600][0.686s][info][gc,phases   ] GC(1) Y: Pause Mark End 0.016ms
[2026-04-03T02:51:03.783+0600][0.686s][info][gc,phases   ] GC(1) Y: Concurrent Mark Free 0.002ms
[2026-04-03T02:51:03.783+0600][0.686s][info][gc,phases   ] GC(1) Y: Concurrent Reset Relocation Set 0.005ms
[2026-04-03T02:51:03.784+0600][0.687s][info][gc,reloc    ] GC(1) Y: Using tenuring threshold: 1 (Computed)
[2026-04-03T02:51:03.788+0600][0.691s][info][gc,phases   ] GC(1) Y: Concurrent Select Relocation Set 4.960ms
[2026-04-03T02:51:03.788+0600][0.691s][info][gc,phases   ] GC(1) Y: Pause Relocate Start 0.014ms
[2026-04-03T02:51:03.794+0600][0.697s][info][gc,phases   ] GC(1) Y: Concurrent Relocate 5.706ms
[2026-04-03T02:51:03.794+0600][0.697s][info][gc,alloc    ] GC(1) Y:                         Mark Start        Mark End      Relocate Start    Relocate End   
[2026-04-03T02:51:03.794+0600][0.697s][info][gc,alloc    ] GC(1) Y: Allocation Stalls:          0                0                0                0         
[2026-04-03T02:51:03.794+0600][0.697s][info][gc,load     ] GC(1) Y: Load: 6.65 (55%) / 5.79 (48%) / 5.66 (47%)
[2026-04-03T02:51:03.794+0600][0.697s][info][gc,mmu      ] GC(1) Y: MMU: 2ms/98.5%, 5ms/99.4%, 10ms/99.5%, 20ms/99.7%, 50ms/99.8%, 100ms/99.9%
[2026-04-03T02:51:03.794+0600][0.697s][info][gc,marking  ] GC(1) Y: Mark: 2 stripe(s), 2 proactive flush(es), 1 terminate flush(es), 0 completion(s), 0 continuation(s) 
[2026-04-03T02:51:03.794+0600][0.697s][info][gc,marking  ] GC(1) Y: Mark Stack Usage: 32M
[2026-04-03T02:51:03.794+0600][0.697s][info][gc,nmethod  ] GC(1) Y: NMethods: 733 registered, 0 unregistered
[2026-04-03T02:51:03.794+0600][0.697s][info][gc,metaspace] GC(1) Y: Metaspace: 4M used, 4M committed, 1088M reserved
[2026-04-03T02:51:03.794+0600][0.697s][info][gc,reloc    ] GC(1) Y:                        Candidates     Selected     In-Place         Size        Empty    Relocated 
[2026-04-03T02:51:03.794+0600][0.697s][info][gc,reloc    ] GC(1) Y: Small Pages:                   50           47            0         100M           0M           1M 
[2026-04-03T02:51:03.794+0600][0.697s][info][gc,reloc    ] GC(1) Y: Medium Pages:                   0            0            0           0M           0M           0M 
[2026-04-03T02:51:03.794+0600][0.697s][info][gc,reloc    ] GC(1) Y: Large Pages:                    0            0            0           0M           0M           0M 
[2026-04-03T02:51:03.794+0600][0.697s][info][gc,reloc    ] GC(1) Y: Forwarding Usage: 0M
[2026-04-03T02:51:03.794+0600][0.697s][info][gc,reloc    ] GC(1) Y: Age Table:
[2026-04-03T02:51:03.794+0600][0.697s][info][gc,reloc    ] GC(1) Y:                    Live             Garbage             Small              Medium             Large        
[2026-04-03T02:51:03.794+0600][0.697s][info][gc,reloc    ] GC(1) Y: Eden               0M (0%)           87M (18%)         44 / 43             0 / 0              0 / 0        
[2026-04-03T02:51:03.794+0600][0.697s][info][gc,reloc    ] GC(1) Y: Survivor 1         3M (1%)            8M (2%)           6 / 4              0 / 0              0 / 0        
[2026-04-03T02:51:03.794+0600][0.697s][info][gc,heap     ] GC(1) Y: Min Capacity: 8M(2%)
[2026-04-03T02:51:03.794+0600][0.697s][info][gc,heap     ] GC(1) Y: Max Capacity: 500M(100%)
[2026-04-03T02:51:03.794+0600][0.697s][info][gc,heap     ] GC(1) Y: Soft Max Capacity: 500M(100%)
[2026-04-03T02:51:03.794+0600][0.697s][info][gc,heap     ] GC(1) Y: Heap Statistics:
[2026-04-03T02:51:03.794+0600][0.697s][info][gc,heap     ] GC(1) Y:                Mark Start          Mark End        Relocate Start      Relocate End           High               Low         
[2026-04-03T02:51:03.794+0600][0.697s][info][gc,heap     ] GC(1) Y:  Capacity:      246M (49%)         246M (49%)         246M (49%)         246M (49%)         246M (49%)         246M (49%)    
[2026-04-03T02:51:03.794+0600][0.697s][info][gc,heap     ] GC(1) Y:      Free:      400M (80%)         396M (79%)         394M (79%)         466M (93%)         470M (94%)         384M (77%)    
[2026-04-03T02:51:03.794+0600][0.697s][info][gc,heap     ] GC(1) Y:      Used:      100M (20%)         104M (21%)         106M (21%)          34M (7%)          116M (23%)          30M (6%)     
[2026-04-03T02:51:03.794+0600][0.697s][info][gc,heap     ] GC(1) Y: Young Generation Statistics:
[2026-04-03T02:51:03.794+0600][0.697s][info][gc,heap     ] GC(1) Y:                Mark Start          Mark End        Relocate Start      Relocate End    
[2026-04-03T02:51:03.794+0600][0.697s][info][gc,heap     ] GC(1) Y:      Used:      100M (20%)         104M (21%)         102M (20%)          20M (4%)     
[2026-04-03T02:51:03.794+0600][0.697s][info][gc,heap     ] GC(1) Y:      Live:         -                 3M (1%)            1M (0%)            0M (0%)     
[2026-04-03T02:51:03.794+0600][0.697s][info][gc,heap     ] GC(1) Y:   Garbage:         -                96M (19%)          94M (19%)           0M (0%)     
[2026-04-03T02:51:03.794+0600][0.697s][info][gc,heap     ] GC(1) Y: Allocated:         -                 4M (1%)            6M (1%)           19M (4%)     
[2026-04-03T02:51:03.794+0600][0.697s][info][gc,heap     ] GC(1) Y: Reclaimed:         -                  -                 1M (0%)           96M (19%)    
[2026-04-03T02:51:03.794+0600][0.697s][info][gc,heap     ] GC(1) Y:  Promoted:         -                  -                 2M (0%)            3M (1%)     
[2026-04-03T02:51:03.794+0600][0.697s][info][gc,heap     ] GC(1) Y: Compacted:         -                  -                  -                 0M (0%)     
[2026-04-03T02:51:03.794+0600][0.697s][info][gc,phases   ] GC(1) Y: Young Generation 100M(20%)->34M(7%) 0.019s
[2026-04-03T02:51:03.794+0600][0.697s][info][gc,phases   ] GC(1) O: Old Generation
[2026-04-03T02:51:03.796+0600][0.699s][info][gc,phases   ] GC(1) O: Concurrent Mark 1.164ms
[2026-04-03T02:51:03.796+0600][0.699s][info][gc,phases   ] GC(1) O: Pause Mark End 0.015ms
[2026-04-03T02:51:03.796+0600][0.699s][info][gc,phases   ] GC(1) O: Concurrent Mark Free 0.001ms
[2026-04-03T02:51:03.798+0600][0.701s][info][gc,phases   ] GC(1) O: Concurrent Process Non-Strong 2.295ms
[2026-04-03T02:51:03.798+0600][0.701s][info][gc,phases   ] GC(1) O: Concurrent Reset Relocation Set 0.001ms
[2026-04-03T02:51:03.800+0600][0.703s][info][gc,phases   ] GC(1) O: Concurrent Select Relocation Set 1.485ms
[2026-04-03T02:51:03.800+0600][0.703s][info][gc,task     ] GC(1) O: Using 3 Workers for Old Generation
[2026-04-03T02:51:03.813+0600][0.716s][info][gc,task     ] GC(1) O: Using 1 Workers for Old Generation
[2026-04-03T02:51:03.813+0600][0.716s][info][gc,phases   ] GC(1) O: Concurrent Remap Roots 13.084ms
[2026-04-03T02:51:03.813+0600][0.716s][info][gc,phases   ] GC(1) O: Pause Relocate Start 0.018ms
[2026-04-03T02:51:03.814+0600][0.717s][info][gc,phases   ] GC(1) O: Concurrent Relocate 0.546ms
[2026-04-03T02:51:03.814+0600][0.717s][info][gc,alloc    ] GC(1) O:                         Mark Start        Mark End      Relocate Start    Relocate End   
[2026-04-03T02:51:03.814+0600][0.717s][info][gc,alloc    ] GC(1) O: Allocation Stalls:          0                0                0                0         
[2026-04-03T02:51:03.814+0600][0.717s][info][gc,load     ] GC(1) O: Load: 6.65 (55%) / 5.79 (48%) / 5.66 (47%)
[2026-04-03T02:51:03.814+0600][0.717s][info][gc,mmu      ] GC(1) O: MMU: 2ms/98.5%, 5ms/99.4%, 10ms/99.5%, 20ms/99.7%, 50ms/99.8%, 100ms/99.9%
[2026-04-03T02:51:03.814+0600][0.717s][info][gc,marking  ] GC(1) O: Mark: 1 stripe(s), 1 proactive flush(es), 1 terminate flush(es), 0 completion(s), 0 continuation(s) 
[2026-04-03T02:51:03.814+0600][0.717s][info][gc,marking  ] GC(1) O: Mark Stack Usage: 0M
[2026-04-03T02:51:03.814+0600][0.717s][info][gc,nmethod  ] GC(1) O: NMethods: 723 registered, 10 unregistered
[2026-04-03T02:51:03.814+0600][0.717s][info][gc,metaspace] GC(1) O: Metaspace: 4M used, 4M committed, 1088M reserved
[2026-04-03T02:51:03.814+0600][0.717s][info][gc,ref      ] GC(1) O:                       Encountered   Discovered     Enqueued 
[2026-04-03T02:51:03.814+0600][0.717s][info][gc,ref      ] GC(1) O: Soft References:              138            0            0 
[2026-04-03T02:51:03.814+0600][0.717s][info][gc,ref      ] GC(1) O: Weak References:              412            0            0 
[2026-04-03T02:51:03.814+0600][0.717s][info][gc,ref      ] GC(1) O: Final References:               0            0            0 
[2026-04-03T02:51:03.814+0600][0.717s][info][gc,ref      ] GC(1) O: Phantom References:            25            0            0 
[2026-04-03T02:51:03.814+0600][0.717s][info][gc,heap     ] GC(1) O: Min Capacity: 8M(2%)
[2026-04-03T02:51:03.814+0600][0.717s][info][gc,heap     ] GC(1) O: Max Capacity: 500M(100%)
[2026-04-03T02:51:03.814+0600][0.717s][info][gc,heap     ] GC(1) O: Soft Max Capacity: 500M(100%)
[2026-04-03T02:51:03.814+0600][0.717s][info][gc,heap     ] GC(1) O: Heap Statistics:
[2026-04-03T02:51:03.814+0600][0.717s][info][gc,heap     ] GC(1) O:                Mark Start          Mark End        Relocate Start      Relocate End           High               Low         
[2026-04-03T02:51:03.814+0600][0.717s][info][gc,heap     ] GC(1) O:  Capacity:      246M (49%)         246M (49%)         246M (49%)         246M (49%)         246M (49%)         246M (49%)    
[2026-04-03T02:51:03.814+0600][0.717s][info][gc,heap     ] GC(1) O:      Free:      400M (80%)         466M (93%)         460M (92%)         460M (92%)         470M (94%)         384M (77%)    
[2026-04-03T02:51:03.814+0600][0.717s][info][gc,heap     ] GC(1) O:      Used:      100M (20%)          34M (7%)           40M (8%)           40M (8%)          116M (23%)          30M (6%)     
[2026-04-03T02:51:03.814+0600][0.717s][info][gc,heap     ] GC(1) O: Old Generation Statistics:
[2026-04-03T02:51:03.814+0600][0.717s][info][gc,heap     ] GC(1) O:                Mark Start          Mark End        Relocate Start      Relocate End    
[2026-04-03T02:51:03.814+0600][0.717s][info][gc,heap     ] GC(1) O:      Used:        0M (0%)           14M (3%)           14M (3%)           14M (3%)     
[2026-04-03T02:51:03.814+0600][0.717s][info][gc,heap     ] GC(1) O:      Live:         -                 0M (0%)            0M (0%)            0M (0%)     
[2026-04-03T02:51:03.814+0600][0.717s][info][gc,heap     ] GC(1) O:   Garbage:         -                 0M (0%)            0M (0%)            0M (0%)     
[2026-04-03T02:51:03.814+0600][0.717s][info][gc,heap     ] GC(1) O: Allocated:         -                14M (3%)           14M (3%)           14M (3%)     
[2026-04-03T02:51:03.814+0600][0.717s][info][gc,heap     ] GC(1) O: Reclaimed:         -                  -                 0M (0%)            0M (0%)     
[2026-04-03T02:51:03.814+0600][0.717s][info][gc,heap     ] GC(1) O: Compacted:         -                  -                  -                 0M (0%)     
[2026-04-03T02:51:03.814+0600][0.717s][info][gc,phases   ] GC(1) O: Old Generation 34M(7%)->40M(8%) 0.020s
[2026-04-03T02:51:03.814+0600][0.717s][info][gc          ] GC(1) Major Collection (Warmup) 100M(20%)->40M(8%) 0.039s
[2026-04-03T02:51:04.203+0600][1.106s][info][gc          ] GC(2) Major Collection (Warmup)
[2026-04-03T02:51:04.203+0600][1.106s][info][gc,task     ] GC(2) Using 3 Workers for Young Generation
[2026-04-03T02:51:04.203+0600][1.106s][info][gc,task     ] GC(2) Using 1 Workers for Old Generation
[2026-04-03T02:51:04.203+0600][1.106s][info][gc,phases   ] GC(2) Y: Young Generation
[2026-04-03T02:51:04.203+0600][1.107s][info][gc,phases   ] GC(2) Y: Pause Mark Start (Major) 0.016ms
[2026-04-03T02:51:04.209+0600][1.112s][info][gc,phases   ] GC(2) Y: Concurrent Mark 4.954ms
[2026-04-03T02:51:04.209+0600][1.112s][info][gc,phases   ] GC(2) Y: Pause Mark End 0.014ms
[2026-04-03T02:51:04.209+0600][1.112s][info][gc,phases   ] GC(2) Y: Concurrent Mark Free 0.001ms
[2026-04-03T02:51:04.209+0600][1.112s][info][gc,phases   ] GC(2) Y: Concurrent Reset Relocation Set 0.010ms
[2026-04-03T02:51:04.211+0600][1.114s][info][gc,reloc    ] GC(2) Y: Using tenuring threshold: 2 (Computed)
[2026-04-03T02:51:04.211+0600][1.114s][info][gc,phases   ] GC(2) Y: Concurrent Select Relocation Set 2.186ms
[2026-04-03T02:51:04.211+0600][1.115s][info][gc,phases   ] GC(2) Y: Pause Relocate Start 0.012ms
[2026-04-03T02:51:04.213+0600][1.116s][info][gc,phases   ] GC(2) Y: Concurrent Relocate 1.392ms
[2026-04-03T02:51:04.213+0600][1.116s][info][gc,alloc    ] GC(2) Y:                         Mark Start        Mark End      Relocate Start    Relocate End   
[2026-04-03T02:51:04.213+0600][1.116s][info][gc,alloc    ] GC(2) Y: Allocation Stalls:          0                0                0                0         
[2026-04-03T02:51:04.213+0600][1.116s][info][gc,load     ] GC(2) Y: Load: 6.65 (55%) / 5.79 (48%) / 5.66 (47%)
[2026-04-03T02:51:04.213+0600][1.116s][info][gc,mmu      ] GC(2) Y: MMU: 2ms/98.5%, 5ms/99.4%, 10ms/99.5%, 20ms/99.7%, 50ms/99.8%, 100ms/99.9%
[2026-04-03T02:51:04.213+0600][1.116s][info][gc,marking  ] GC(2) Y: Mark: 2 stripe(s), 2 proactive flush(es), 1 terminate flush(es), 0 completion(s), 0 continuation(s) 
[2026-04-03T02:51:04.213+0600][1.116s][info][gc,marking  ] GC(2) Y: Mark Stack Usage: 32M
[2026-04-03T02:51:04.213+0600][1.116s][info][gc,nmethod  ] GC(2) Y: NMethods: 1125 registered, 10 unregistered
[2026-04-03T02:51:04.213+0600][1.116s][info][gc,metaspace] GC(2) Y: Metaspace: 9M used, 9M committed, 1088M reserved
[2026-04-03T02:51:04.213+0600][1.116s][info][gc,reloc    ] GC(2) Y:                        Candidates     Selected     In-Place         Size        Empty    Relocated 
[2026-04-03T02:51:04.213+0600][1.116s][info][gc,reloc    ] GC(2) Y: Small Pages:                   69           67            0         138M           2M           1M 
[2026-04-03T02:51:04.213+0600][1.116s][info][gc,reloc    ] GC(2) Y: Medium Pages:                   0            0            0           0M           0M           0M 
[2026-04-03T02:51:04.213+0600][1.116s][info][gc,reloc    ] GC(2) Y: Large Pages:                    0            0            0           0M           0M           0M 
[2026-04-03T02:51:04.213+0600][1.116s][info][gc,reloc    ] GC(2) Y: Forwarding Usage: 0M
[2026-04-03T02:51:04.213+0600][1.116s][info][gc,reloc    ] GC(2) Y: Age Table:
[2026-04-03T02:51:04.213+0600][1.116s][info][gc,reloc    ] GC(2) Y:                    Live             Garbage             Small              Medium             Large        
[2026-04-03T02:51:04.213+0600][1.116s][info][gc,reloc    ] GC(2) Y: Eden               1M (0%)          128M (26%)         65 / 64             0 / 0              0 / 0        
[2026-04-03T02:51:04.213+0600][1.116s][info][gc,reloc    ] GC(2) Y: Survivor 1         0M (0%)            7M (2%)           4 / 3              0 / 0              0 / 0        
[2026-04-03T02:51:04.213+0600][1.116s][info][gc,heap     ] GC(2) Y: Min Capacity: 8M(2%)
[2026-04-03T02:51:04.213+0600][1.116s][info][gc,heap     ] GC(2) Y: Max Capacity: 500M(100%)
[2026-04-03T02:51:04.213+0600][1.116s][info][gc,heap     ] GC(2) Y: Soft Max Capacity: 500M(100%)
[2026-04-03T02:51:04.213+0600][1.116s][info][gc,heap     ] GC(2) Y: Heap Statistics:
[2026-04-03T02:51:04.213+0600][1.116s][info][gc,heap     ] GC(2) Y:                Mark Start          Mark End        Relocate Start      Relocate End           High               Low         
[2026-04-03T02:51:04.213+0600][1.116s][info][gc,heap     ] GC(2) Y:  Capacity:      246M (49%)         246M (49%)         246M (49%)         246M (49%)         246M (49%)         246M (49%)    
[2026-04-03T02:51:04.213+0600][1.116s][info][gc,heap     ] GC(2) Y:      Free:      348M (70%)         346M (69%)         346M (69%)         466M (93%)         466M (93%)         340M (68%)    
[2026-04-03T02:51:04.213+0600][1.116s][info][gc,heap     ] GC(2) Y:      Used:      152M (30%)         154M (31%)         154M (31%)          34M (7%)          160M (32%)          34M (7%)     
[2026-04-03T02:51:04.213+0600][1.116s][info][gc,heap     ] GC(2) Y: Young Generation Statistics:
[2026-04-03T02:51:04.213+0600][1.116s][info][gc,heap     ] GC(2) Y:                Mark Start          Mark End        Relocate Start      Relocate End    
[2026-04-03T02:51:04.213+0600][1.116s][info][gc,heap     ] GC(2) Y:      Used:      138M (28%)         140M (28%)         140M (28%)          20M (4%)     
[2026-04-03T02:51:04.213+0600][1.116s][info][gc,heap     ] GC(2) Y:      Live:         -                 1M (0%)            1M (0%)            1M (0%)     
[2026-04-03T02:51:04.213+0600][1.116s][info][gc,heap     ] GC(2) Y:   Garbage:         -               136M (27%)         134M (27%)           0M (0%)     
[2026-04-03T02:51:04.213+0600][1.116s][info][gc,heap     ] GC(2) Y: Allocated:         -                 2M (0%)            4M (1%)           18M (4%)     
[2026-04-03T02:51:04.213+0600][1.116s][info][gc,heap     ] GC(2) Y: Reclaimed:         -                  -                 2M (0%)          136M (27%)    
[2026-04-03T02:51:04.213+0600][1.116s][info][gc,heap     ] GC(2) Y:  Promoted:         -                  -                 0M (0%)            0M (0%)     
[2026-04-03T02:51:04.213+0600][1.116s][info][gc,heap     ] GC(2) Y: Compacted:         -                  -                  -                 1M (0%)     
[2026-04-03T02:51:04.213+0600][1.116s][info][gc,phases   ] GC(2) Y: Young Generation 152M(30%)->34M(7%) 0.010s
[2026-04-03T02:51:04.213+0600][1.116s][info][gc,phases   ] GC(2) O: Old Generation
[2026-04-03T02:51:04.222+0600][1.125s][info][gc,phases   ] GC(2) O: Concurrent Mark 8.703ms
[2026-04-03T02:51:04.222+0600][1.125s][info][gc,phases   ] GC(2) O: Pause Mark End 0.019ms
[2026-04-03T02:51:04.222+0600][1.125s][info][gc,phases   ] GC(2) O: Concurrent Mark Free 0.001ms
[2026-04-03T02:51:04.226+0600][1.129s][info][gc,phases   ] GC(2) O: Concurrent Process Non-Strong 3.205ms
[2026-04-03T02:51:04.226+0600][1.129s][info][gc,phases   ] GC(2) O: Concurrent Reset Relocation Set 0.001ms
[2026-04-03T02:51:04.228+0600][1.131s][info][gc,phases   ] GC(2) O: Concurrent Select Relocation Set 2.531ms
[2026-04-03T02:51:04.228+0600][1.131s][info][gc,task     ] GC(2) O: Using 3 Workers for Old Generation
[2026-04-03T02:51:04.242+0600][1.145s][info][gc,task     ] GC(2) O: Using 1 Workers for Old Generation
[2026-04-03T02:51:04.242+0600][1.145s][info][gc,phases   ] GC(2) O: Concurrent Remap Roots 14.118ms
[2026-04-03T02:51:04.243+0600][1.146s][info][gc,phases   ] GC(2) O: Pause Relocate Start 0.024ms
[2026-04-03T02:51:04.250+0600][1.154s][info][gc,phases   ] GC(2) O: Concurrent Relocate 7.636ms
[2026-04-03T02:51:04.250+0600][1.154s][info][gc,alloc    ] GC(2) O:                         Mark Start        Mark End      Relocate Start    Relocate End   
[2026-04-03T02:51:04.250+0600][1.154s][info][gc,alloc    ] GC(2) O: Allocation Stalls:          0                0                0                0         
[2026-04-03T02:51:04.251+0600][1.154s][info][gc,load     ] GC(2) O: Load: 6.65 (55%) / 5.79 (48%) / 5.66 (47%)
[2026-04-03T02:51:04.251+0600][1.154s][info][gc,mmu      ] GC(2) O: MMU: 2ms/98.5%, 5ms/99.4%, 10ms/99.5%, 20ms/99.7%, 50ms/99.8%, 100ms/99.9%
[2026-04-03T02:51:04.251+0600][1.154s][info][gc,marking  ] GC(2) O: Mark: 1 stripe(s), 2 proactive flush(es), 1 terminate flush(es), 0 completion(s), 0 continuation(s) 
[2026-04-03T02:51:04.251+0600][1.154s][info][gc,marking  ] GC(2) O: Mark Stack Usage: 32M
[2026-04-03T02:51:04.251+0600][1.154s][info][gc,nmethod  ] GC(2) O: NMethods: 1089 registered, 49 unregistered
[2026-04-03T02:51:04.251+0600][1.154s][info][gc,metaspace] GC(2) O: Metaspace: 9M used, 9M committed, 1088M reserved
[2026-04-03T02:51:04.251+0600][1.154s][info][gc,ref      ] GC(2) O:                       Encountered   Discovered     Enqueued 
[2026-04-03T02:51:04.251+0600][1.154s][info][gc,ref      ] GC(2) O: Soft References:              211            0            0 
[2026-04-03T02:51:04.251+0600][1.154s][info][gc,ref      ] GC(2) O: Weak References:              914          298           96 
[2026-04-03T02:51:04.251+0600][1.154s][info][gc,ref      ] GC(2) O: Final References:               0            0            0 
[2026-04-03T02:51:04.251+0600][1.154s][info][gc,ref      ] GC(2) O: Phantom References:            28           19            0 
[2026-04-03T02:51:04.251+0600][1.154s][info][gc,reloc    ] GC(2) O:                        Candidates     Selected     In-Place         Size        Empty    Relocated 
[2026-04-03T02:51:04.251+0600][1.154s][info][gc,reloc    ] GC(2) O: Small Pages:                    7            5            0          14M           0M           2M 
[2026-04-03T02:51:04.251+0600][1.154s][info][gc,reloc    ] GC(2) O: Medium Pages:                   0            0            0           0M           0M           0M 
[2026-04-03T02:51:04.251+0600][1.154s][info][gc,reloc    ] GC(2) O: Large Pages:                    0            0            0           0M           0M           0M 
[2026-04-03T02:51:04.251+0600][1.154s][info][gc,reloc    ] GC(2) O: Forwarding Usage: 1M
[2026-04-03T02:51:04.251+0600][1.154s][info][gc,heap     ] GC(2) O: Min Capacity: 8M(2%)
[2026-04-03T02:51:04.251+0600][1.154s][info][gc,heap     ] GC(2) O: Max Capacity: 500M(100%)
[2026-04-03T02:51:04.251+0600][1.154s][info][gc,heap     ] GC(2) O: Soft Max Capacity: 500M(100%)
[2026-04-03T02:51:04.251+0600][1.154s][info][gc,heap     ] GC(2) O: Heap Statistics:
[2026-04-03T02:51:04.251+0600][1.154s][info][gc,heap     ] GC(2) O:                Mark Start          Mark End        Relocate Start      Relocate End           High               Low         
[2026-04-03T02:51:04.251+0600][1.154s][info][gc,heap     ] GC(2) O:  Capacity:      246M (49%)         246M (49%)         246M (49%)         246M (49%)         246M (49%)         246M (49%)    
[2026-04-03T02:51:04.251+0600][1.154s][info][gc,heap     ] GC(2) O:      Free:      348M (70%)         458M (92%)         444M (89%)         448M (90%)         466M (93%)         340M (68%)    
[2026-04-03T02:51:04.251+0600][1.154s][info][gc,heap     ] GC(2) O:      Used:      152M (30%)          42M (8%)           56M (11%)          52M (10%)         160M (32%)          34M (7%)     
[2026-04-03T02:51:04.251+0600][1.154s][info][gc,heap     ] GC(2) O: Old Generation Statistics:
[2026-04-03T02:51:04.251+0600][1.154s][info][gc,heap     ] GC(2) O:                Mark Start          Mark End        Relocate Start      Relocate End    
[2026-04-03T02:51:04.251+0600][1.154s][info][gc,heap     ] GC(2) O:      Used:       14M (3%)           14M (3%)           14M (3%)            6M (1%)     
[2026-04-03T02:51:04.251+0600][1.154s][info][gc,heap     ] GC(2) O:      Live:         -                 3M (1%)            3M (1%)            3M (1%)     
[2026-04-03T02:51:04.251+0600][1.154s][info][gc,heap     ] GC(2) O:   Garbage:         -                10M (2%)           10M (2%)            0M (0%)     
[2026-04-03T02:51:04.251+0600][1.154s][info][gc,heap     ] GC(2) O: Allocated:         -                 0M (0%)            0M (0%)            2M (1%)     
[2026-04-03T02:51:04.251+0600][1.154s][info][gc,heap     ] GC(2) O: Reclaimed:         -                  -                 0M (0%)           10M (2%)     
[2026-04-03T02:51:04.251+0600][1.154s][info][gc,heap     ] GC(2) O: Compacted:         -                  -                  -                 3M (1%)     
[2026-04-03T02:51:04.251+0600][1.154s][info][gc,phases   ] GC(2) O: Old Generation 34M(7%)->52M(10%) 0.037s
[2026-04-03T02:51:04.251+0600][1.154s][info][gc          ] GC(2) Major Collection (Warmup) 152M(30%)->52M(10%) 0.048s
[2026-04-03T02:51:07.167+0600][4.070s][info][gc          ] GC(3) Major Collection (Metadata GC Threshold)
[2026-04-03T02:51:07.167+0600][4.070s][info][gc,task     ] GC(3) Using 1 Workers for Young Generation
[2026-04-03T02:51:07.167+0600][4.070s][info][gc,task     ] GC(3) Using 1 Workers for Old Generation
[2026-04-03T02:51:07.167+0600][4.070s][info][gc,phases   ] GC(3) Y: Young Generation
[2026-04-03T02:51:07.168+0600][4.071s][info][gc,phases   ] GC(3) Y: Pause Mark Start (Major) 0.019ms
[2026-04-03T02:51:07.218+0600][4.121s][info][gc,phases   ] GC(3) Y: Concurrent Mark 26.288ms
[2026-04-03T02:51:07.218+0600][4.121s][info][gc,phases   ] GC(3) Y: Pause Mark End 0.017ms
[2026-04-03T02:51:07.218+0600][4.121s][info][gc,phases   ] GC(3) Y: Concurrent Mark Free 0.002ms
[2026-04-03T02:51:07.218+0600][4.121s][info][gc,phases   ] GC(3) Y: Concurrent Reset Relocation Set 0.007ms
[2026-04-03T02:51:07.222+0600][4.126s][info][gc,reloc    ] GC(3) Y: Using tenuring threshold: 3 (Computed)
[2026-04-03T02:51:07.224+0600][4.127s][info][gc,phases   ] GC(3) Y: Concurrent Select Relocation Set 5.874ms
[2026-04-03T02:51:07.224+0600][4.127s][info][gc,phases   ] GC(3) Y: Pause Relocate Start 0.015ms
[2026-04-03T02:51:07.238+0600][4.141s][info][gc,phases   ] GC(3) Y: Concurrent Relocate 13.434ms
[2026-04-03T02:51:07.238+0600][4.141s][info][gc,alloc    ] GC(3) Y:                         Mark Start        Mark End      Relocate Start    Relocate End   
[2026-04-03T02:51:07.238+0600][4.141s][info][gc,alloc    ] GC(3) Y: Allocation Stalls:          0                0                0                0         
[2026-04-03T02:51:07.238+0600][4.141s][info][gc,load     ] GC(3) Y: Load: 6.20 (52%) / 5.71 (48%) / 5.64 (47%)
[2026-04-03T02:51:07.238+0600][4.141s][info][gc,mmu      ] GC(3) Y: MMU: 2ms/98.5%, 5ms/99.4%, 10ms/99.5%, 20ms/99.7%, 50ms/99.8%, 100ms/99.9%
[2026-04-03T02:51:07.238+0600][4.141s][info][gc,marking  ] GC(3) Y: Mark: 1 stripe(s), 2 proactive flush(es), 1 terminate flush(es), 0 completion(s), 0 continuation(s) 
[2026-04-03T02:51:07.238+0600][4.141s][info][gc,marking  ] GC(3) Y: Mark Stack Usage: 32M
[2026-04-03T02:51:07.238+0600][4.141s][info][gc,nmethod  ] GC(3) Y: NMethods: 1925 registered, 0 unregistered
[2026-04-03T02:51:07.238+0600][4.141s][info][gc,metaspace] GC(3) Y: Metaspace: 21M used, 21M committed, 1088M reserved
[2026-04-03T02:51:07.238+0600][4.141s][info][gc,reloc    ] GC(3) Y:                        Candidates     Selected     In-Place         Size        Empty    Relocated 
[2026-04-03T02:51:07.238+0600][4.141s][info][gc,reloc    ] GC(3) Y: Small Pages:                  126          119            0         252M           0M           7M 
[2026-04-03T02:51:07.238+0600][4.141s][info][gc,reloc    ] GC(3) Y: Medium Pages:                   1            0            0           8M           0M           0M 
[2026-04-03T02:51:07.238+0600][4.141s][info][gc,reloc    ] GC(3) Y: Large Pages:                    2            0            0           6M           0M           0M 
[2026-04-03T02:51:07.238+0600][4.141s][info][gc,reloc    ] GC(3) Y: Forwarding Usage: 1M
[2026-04-03T02:51:07.238+0600][4.141s][info][gc,reloc    ] GC(3) Y: Age Table:
[2026-04-03T02:51:07.238+0600][4.141s][info][gc,reloc    ] GC(3) Y:                    Live             Garbage             Small              Medium             Large        
[2026-04-03T02:51:07.238+0600][4.141s][info][gc,reloc    ] GC(3) Y: Eden              17M (4%)          232M (46%)        118 / 113            1 / 0              2 / 0        
[2026-04-03T02:51:07.238+0600][4.141s][info][gc,reloc    ] GC(3) Y: Survivor 1         0M (0%)            7M (1%)           4 / 2              0 / 0              0 / 0        
[2026-04-03T02:51:07.238+0600][4.141s][info][gc,reloc    ] GC(3) Y: Survivor 2         0M (0%)            7M (2%)           4 / 4              0 / 0              0 / 0        
[2026-04-03T02:51:07.238+0600][4.141s][info][gc,heap     ] GC(3) Y: Min Capacity: 8M(2%)
[2026-04-03T02:51:07.238+0600][4.141s][info][gc,heap     ] GC(3) Y: Max Capacity: 500M(100%)
[2026-04-03T02:51:07.238+0600][4.141s][info][gc,heap     ] GC(3) Y: Soft Max Capacity: 500M(100%)
[2026-04-03T02:51:07.238+0600][4.141s][info][gc,heap     ] GC(3) Y: Heap Statistics:
[2026-04-03T02:51:07.238+0600][4.141s][info][gc,heap     ] GC(3) Y:                Mark Start          Mark End        Relocate Start      Relocate End           High               Low         
[2026-04-03T02:51:07.238+0600][4.141s][info][gc,heap     ] GC(3) Y:  Capacity:      272M (54%)         276M (55%)         276M (55%)         286M (57%)         286M (57%)         272M (54%)    
[2026-04-03T02:51:07.238+0600][4.141s][info][gc,heap     ] GC(3) Y:      Free:      228M (46%)         224M (45%)         224M (45%)         454M (91%)         454M (91%)         214M (43%)    
[2026-04-03T02:51:07.238+0600][4.141s][info][gc,heap     ] GC(3) Y:      Used:      272M (54%)         276M (55%)         276M (55%)          46M (9%)          286M (57%)          46M (9%)     
[2026-04-03T02:51:07.238+0600][4.141s][info][gc,heap     ] GC(3) Y: Young Generation Statistics:
[2026-04-03T02:51:07.238+0600][4.141s][info][gc,heap     ] GC(3) Y:                Mark Start          Mark End        Relocate Start      Relocate End    
[2026-04-03T02:51:07.238+0600][4.141s][info][gc,heap     ] GC(3) Y:      Used:      266M (53%)         270M (54%)         270M (54%)          40M (8%)     
[2026-04-03T02:51:07.238+0600][4.141s][info][gc,heap     ] GC(3) Y:      Live:         -                18M (4%)           18M (4%)           18M (4%)     
[2026-04-03T02:51:07.238+0600][4.141s][info][gc,heap     ] GC(3) Y:   Garbage:         -               247M (49%)         247M (49%)           7M (1%)     
[2026-04-03T02:51:07.238+0600][4.141s][info][gc,heap     ] GC(3) Y: Allocated:         -                 4M (1%)            4M (1%)           13M (3%)     
[2026-04-03T02:51:07.238+0600][4.141s][info][gc,heap     ] GC(3) Y: Reclaimed:         -                  -                 0M (0%)          239M (48%)    
[2026-04-03T02:51:07.238+0600][4.141s][info][gc,heap     ] GC(3) Y:  Promoted:         -                  -                 0M (0%)            0M (0%)     
[2026-04-03T02:51:07.238+0600][4.141s][info][gc,heap     ] GC(3) Y: Compacted:         -                  -                  -                10M (2%)     
[2026-04-03T02:51:07.238+0600][4.141s][info][gc,phases   ] GC(3) Y: Young Generation 272M(54%)->46M(9%) 0.070s
[2026-04-03T02:51:07.238+0600][4.141s][info][gc,phases   ] GC(3) O: Old Generation
[2026-04-03T02:51:07.252+0600][4.155s][info][gc,phases   ] GC(3) O: Concurrent Mark 13.939ms
[2026-04-03T02:51:07.252+0600][4.155s][info][gc,phases   ] GC(3) O: Pause Mark End 0.020ms
[2026-04-03T02:51:07.252+0600][4.156s][info][gc,phases   ] GC(3) O: Concurrent Mark Free 0.002ms
[2026-04-03T02:51:07.260+0600][4.163s][info][gc,phases   ] GC(3) O: Concurrent Process Non-Strong 7.023ms
[2026-04-03T02:51:07.260+0600][4.163s][info][gc,phases   ] GC(3) O: Concurrent Reset Relocation Set 0.003ms
[2026-04-03T02:51:07.261+0600][4.164s][info][gc,phases   ] GC(3) O: Concurrent Select Relocation Set 1.800ms
[2026-04-03T02:51:07.261+0600][4.165s][info][gc,task     ] GC(3) O: Using 2 Workers for Old Generation
[2026-04-03T02:51:07.282+0600][4.185s][info][gc,task     ] GC(3) O: Using 1 Workers for Old Generation
[2026-04-03T02:51:07.282+0600][4.185s][info][gc,phases   ] GC(3) O: Concurrent Remap Roots 20.982ms
[2026-04-03T02:51:07.283+0600][4.186s][info][gc,phases   ] GC(3) O: Pause Relocate Start 0.017ms
[2026-04-03T02:51:07.285+0600][4.188s][info][gc,phases   ] GC(3) O: Concurrent Relocate 2.440ms
[2026-04-03T02:51:07.285+0600][4.188s][info][gc,alloc    ] GC(3) O:                         Mark Start        Mark End      Relocate Start    Relocate End   
[2026-04-03T02:51:07.285+0600][4.188s][info][gc,alloc    ] GC(3) O: Allocation Stalls:          0                0                0                0         
[2026-04-03T02:51:07.285+0600][4.188s][info][gc,load     ] GC(3) O: Load: 6.20 (52%) / 5.71 (48%) / 5.64 (47%)
[2026-04-03T02:51:07.285+0600][4.188s][info][gc,mmu      ] GC(3) O: MMU: 2ms/98.5%, 5ms/99.4%, 10ms/99.5%, 20ms/99.7%, 50ms/99.8%, 100ms/99.9%
[2026-04-03T02:51:07.285+0600][4.188s][info][gc,marking  ] GC(3) O: Mark: 1 stripe(s), 2 proactive flush(es), 1 terminate flush(es), 0 completion(s), 0 continuation(s) 
[2026-04-03T02:51:07.285+0600][4.188s][info][gc,marking  ] GC(3) O: Mark Stack Usage: 32M
[2026-04-03T02:51:07.285+0600][4.188s][info][gc,nmethod  ] GC(3) O: NMethods: 1865 registered, 140 unregistered
[2026-04-03T02:51:07.285+0600][4.188s][info][gc,metaspace] GC(3) O: Metaspace: 21M used, 21M committed, 1088M reserved
[2026-04-03T02:51:07.285+0600][4.188s][info][gc,ref      ] GC(3) O:                       Encountered   Discovered     Enqueued 
[2026-04-03T02:51:07.285+0600][4.188s][info][gc,ref      ] GC(3) O: Soft References:             3514            0            0 
[2026-04-03T02:51:07.285+0600][4.188s][info][gc,ref      ] GC(3) O: Weak References:             1394          177            0 
[2026-04-03T02:51:07.285+0600][4.188s][info][gc,ref      ] GC(3) O: Final References:               0            0            0 
[2026-04-03T02:51:07.285+0600][4.188s][info][gc,ref      ] GC(3) O: Phantom References:           563           11            0 
[2026-04-03T02:51:07.285+0600][4.188s][info][gc,reloc    ] GC(3) O:                        Candidates     Selected     In-Place         Size        Empty    Relocated 
[2026-04-03T02:51:07.285+0600][4.188s][info][gc,reloc    ] GC(3) O: Small Pages:                    3            1            0           6M           0M           0M 
[2026-04-03T02:51:07.285+0600][4.188s][info][gc,reloc    ] GC(3) O: Medium Pages:                   0            0            0           0M           0M           0M 
[2026-04-03T02:51:07.285+0600][4.188s][info][gc,reloc    ] GC(3) O: Large Pages:                    0            0            0           0M           0M           0M 
[2026-04-03T02:51:07.285+0600][4.188s][info][gc,reloc    ] GC(3) O: Forwarding Usage: 0M
[2026-04-03T02:51:07.285+0600][4.188s][info][gc,heap     ] GC(3) O: Min Capacity: 8M(2%)
[2026-04-03T02:51:07.285+0600][4.188s][info][gc,heap     ] GC(3) O: Max Capacity: 500M(100%)
[2026-04-03T02:51:07.285+0600][4.189s][info][gc,heap     ] GC(3) O: Soft Max Capacity: 500M(100%)
[2026-04-03T02:51:07.285+0600][4.189s][info][gc,heap     ] GC(3) O: Heap Statistics:
[2026-04-03T02:51:07.285+0600][4.189s][info][gc,heap     ] GC(3) O:                Mark Start          Mark End        Relocate Start      Relocate End           High               Low         
[2026-04-03T02:51:07.285+0600][4.189s][info][gc,heap     ] GC(3) O:  Capacity:      272M (54%)         286M (57%)         286M (57%)         286M (57%)         286M (57%)         272M (54%)    
[2026-04-03T02:51:07.285+0600][4.189s][info][gc,heap     ] GC(3) O:      Free:      228M (46%)         454M (91%)         452M (90%)         450M (90%)         454M (91%)         214M (43%)    
[2026-04-03T02:51:07.285+0600][4.189s][info][gc,heap     ] GC(3) O:      Used:      272M (54%)          46M (9%)           48M (10%)          50M (10%)         286M (57%)          46M (9%)     
[2026-04-03T02:51:07.285+0600][4.189s][info][gc,heap     ] GC(3) O: Old Generation Statistics:
[2026-04-03T02:51:07.285+0600][4.189s][info][gc,heap     ] GC(3) O:                Mark Start          Mark End        Relocate Start      Relocate End    
[2026-04-03T02:51:07.285+0600][4.189s][info][gc,heap     ] GC(3) O:      Used:        6M (1%)            6M (1%)            6M (1%)            8M (2%)     
[2026-04-03T02:51:07.285+0600][4.189s][info][gc,heap     ] GC(3) O:      Live:         -                 3M (1%)            3M (1%)            3M (1%)     
[2026-04-03T02:51:07.285+0600][4.189s][info][gc,heap     ] GC(3) O:   Garbage:         -                 2M (1%)            2M (1%)            0M (0%)     
[2026-04-03T02:51:07.285+0600][4.189s][info][gc,heap     ] GC(3) O: Allocated:         -                 0M (0%)            0M (0%)            4M (1%)     
[2026-04-03T02:51:07.285+0600][4.189s][info][gc,heap     ] GC(3) O: Reclaimed:         -                  -                 0M (0%)            2M (1%)     
[2026-04-03T02:51:07.285+0600][4.189s][info][gc,heap     ] GC(3) O: Compacted:         -                  -                  -                 1M (0%)     
[2026-04-03T02:51:07.285+0600][4.189s][info][gc,phases   ] GC(3) O: Old Generation 46M(9%)->50M(10%) 0.047s
[2026-04-03T02:51:07.286+0600][4.189s][info][gc          ] GC(3) Major Collection (Metadata GC Threshold) 272M(54%)->50M(10%) 0.118s
[2026-04-03T02:51:10.044+0600][6.947s][info][gc          ] GC(4) Major Collection (Metadata GC Threshold)
[2026-04-03T02:51:10.044+0600][6.947s][info][gc,task     ] GC(4) Using 1 Workers for Young Generation
[2026-04-03T02:51:10.044+0600][6.947s][info][gc,task     ] GC(4) Using 1 Workers for Old Generation
[2026-04-03T02:51:10.044+0600][6.947s][info][gc,phases   ] GC(4) Y: Young Generation
[2026-04-03T02:51:10.044+0600][6.947s][info][gc,phases   ] GC(4) Y: Pause Mark Start (Major) 0.016ms
[2026-04-03T02:51:10.083+0600][6.986s][info][gc,phases   ] GC(4) Y: Concurrent Mark 39.035ms
[2026-04-03T02:51:10.083+0600][6.987s][info][gc,phases   ] GC(4) Y: Pause Mark End 0.023ms
[2026-04-03T02:51:10.084+0600][6.987s][info][gc,phases   ] GC(4) Y: Concurrent Mark Free 0.001ms
[2026-04-03T02:51:10.084+0600][6.987s][info][gc,phases   ] GC(4) Y: Concurrent Reset Relocation Set 0.010ms
[2026-04-03T02:51:10.085+0600][6.988s][info][gc,reloc    ] GC(4) Y: Using tenuring threshold: 4 (Computed)
[2026-04-03T02:51:10.087+0600][6.990s][info][gc,phases   ] GC(4) Y: Concurrent Select Relocation Set 2.889ms
[2026-04-03T02:51:10.087+0600][6.990s][info][gc,phases   ] GC(4) Y: Pause Relocate Start 0.022ms
[2026-04-03T02:51:10.101+0600][7.004s][info][gc,phases   ] GC(4) Y: Concurrent Relocate 13.965ms
[2026-04-03T02:51:10.101+0600][7.004s][info][gc,alloc    ] GC(4) Y:                         Mark Start        Mark End      Relocate Start    Relocate End   
[2026-04-03T02:51:10.101+0600][7.004s][info][gc,alloc    ] GC(4) Y: Allocation Stalls:          0                0                0                0         
[2026-04-03T02:51:10.101+0600][7.004s][info][gc,load     ] GC(4) Y: Load: 5.94 (50%) / 5.67 (47%) / 5.62 (47%)
[2026-04-03T02:51:10.101+0600][7.004s][info][gc,mmu      ] GC(4) Y: MMU: 2ms/98.5%, 5ms/99.1%, 10ms/99.5%, 20ms/99.7%, 50ms/99.8%, 100ms/99.9%
[2026-04-03T02:51:10.101+0600][7.004s][info][gc,marking  ] GC(4) Y: Mark: 1 stripe(s), 2 proactive flush(es), 1 terminate flush(es), 0 completion(s), 0 continuation(s) 
[2026-04-03T02:51:10.101+0600][7.004s][info][gc,marking  ] GC(4) Y: Mark Stack Usage: 32M
[2026-04-03T02:51:10.101+0600][7.004s][info][gc,nmethod  ] GC(4) Y: NMethods: 2714 registered, 140 unregistered
[2026-04-03T02:51:10.101+0600][7.004s][info][gc,metaspace] GC(4) Y: Metaspace: 36M used, 36M committed, 1088M reserved
[2026-04-03T02:51:10.101+0600][7.004s][info][gc,reloc    ] GC(4) Y:                        Candidates     Selected     In-Place         Size        Empty    Relocated 
[2026-04-03T02:51:10.101+0600][7.004s][info][gc,reloc    ] GC(4) Y: Small Pages:                   91           81            0         182M           2M           6M 
[2026-04-03T02:51:10.101+0600][7.004s][info][gc,reloc    ] GC(4) Y: Medium Pages:                   1            0            0           8M           0M           0M 
[2026-04-03T02:51:10.101+0600][7.004s][info][gc,reloc    ] GC(4) Y: Large Pages:                   12            0            0          26M          20M           0M 
[2026-04-03T02:51:10.101+0600][7.004s][info][gc,reloc    ] GC(4) Y: Forwarding Usage: 2M
[2026-04-03T02:51:10.101+0600][7.004s][info][gc,reloc    ] GC(4) Y: Age Table:
[2026-04-03T02:51:10.101+0600][7.004s][info][gc,reloc    ] GC(4) Y:                    Live             Garbage             Small              Medium             Large        
[2026-04-03T02:51:10.101+0600][7.004s][info][gc,reloc    ] GC(4) Y: Eden               5M (1%)          174M (35%)         80 / 76             0 / 0             10 / 0        
[2026-04-03T02:51:10.101+0600][7.004s][info][gc,reloc    ] GC(4) Y: Survivor 1        17M (4%)           10M (2%)           7 / 3              1 / 0              2 / 0        
[2026-04-03T02:51:10.101+0600][7.004s][info][gc,reloc    ] GC(4) Y: Survivor 2         0M (0%)            5M (1%)           3 / 1              0 / 0              0 / 0        
[2026-04-03T02:51:10.101+0600][7.004s][info][gc,reloc    ] GC(4) Y: Survivor 3         0M (0%)            1M (0%)           1 / 1              0 / 0              0 / 0        
[2026-04-03T02:51:10.101+0600][7.004s][info][gc,heap     ] GC(4) Y: Min Capacity: 8M(2%)
[2026-04-03T02:51:10.101+0600][7.004s][info][gc,heap     ] GC(4) Y: Max Capacity: 500M(100%)
[2026-04-03T02:51:10.101+0600][7.004s][info][gc,heap     ] GC(4) Y: Soft Max Capacity: 500M(100%)
[2026-04-03T02:51:10.101+0600][7.004s][info][gc,heap     ] GC(4) Y: Heap Statistics:
[2026-04-03T02:51:10.101+0600][7.004s][info][gc,heap     ] GC(4) Y:                Mark Start          Mark End        Relocate Start      Relocate End           High               Low         
[2026-04-03T02:51:10.101+0600][7.004s][info][gc,heap     ] GC(4) Y:  Capacity:      306M (61%)         306M (61%)         306M (61%)         306M (61%)         306M (61%)         306M (61%)    
[2026-04-03T02:51:10.101+0600][7.004s][info][gc,heap     ] GC(4) Y:      Free:      276M (55%)         274M (55%)         296M (59%)         450M (90%)         450M (90%)         274M (55%)    
[2026-04-03T02:51:10.101+0600][7.004s][info][gc,heap     ] GC(4) Y:      Used:      224M (45%)         226M (45%)         204M (41%)          50M (10%)         226M (45%)          50M (10%)    
[2026-04-03T02:51:10.101+0600][7.004s][info][gc,heap     ] GC(4) Y: Young Generation Statistics:
[2026-04-03T02:51:10.101+0600][7.004s][info][gc,heap     ] GC(4) Y:                Mark Start          Mark End        Relocate Start      Relocate End    
[2026-04-03T02:51:10.101+0600][7.004s][info][gc,heap     ] GC(4) Y:      Used:      216M (43%)         218M (44%)         196M (39%)          42M (8%)     
[2026-04-03T02:51:10.101+0600][7.004s][info][gc,heap     ] GC(4) Y:      Live:         -                23M (5%)           23M (5%)           23M (5%)     
[2026-04-03T02:51:10.101+0600][7.004s][info][gc,heap     ] GC(4) Y:   Garbage:         -               192M (38%)         170M (34%)           6M (1%)     
[2026-04-03T02:51:10.101+0600][7.004s][info][gc,heap     ] GC(4) Y: Allocated:         -                 2M (0%)            2M (0%)           11M (2%)     
[2026-04-03T02:51:10.101+0600][7.004s][info][gc,heap     ] GC(4) Y: Reclaimed:         -                  -                22M (4%)          185M (37%)    
[2026-04-03T02:51:10.101+0600][7.004s][info][gc,heap     ] GC(4) Y:  Promoted:         -                  -                 0M (0%)            0M (0%)     
[2026-04-03T02:51:10.101+0600][7.004s][info][gc,heap     ] GC(4) Y: Compacted:         -                  -                  -                 8M (2%)     
[2026-04-03T02:51:10.101+0600][7.004s][info][gc,phases   ] GC(4) Y: Young Generation 224M(45%)->50M(10%) 0.057s
[2026-04-03T02:51:10.101+0600][7.004s][info][gc,phases   ] GC(4) O: Old Generation
[2026-04-03T02:51:10.112+0600][7.016s][info][gc,phases   ] GC(4) O: Concurrent Mark 11.076ms
[2026-04-03T02:51:10.113+0600][7.016s][info][gc,phases   ] GC(4) O: Pause Mark End 0.022ms
[2026-04-03T02:51:10.113+0600][7.016s][info][gc,phases   ] GC(4) O: Concurrent Mark Free 0.001ms
[2026-04-03T02:51:10.124+0600][7.027s][info][gc,phases   ] GC(4) O: Concurrent Process Non-Strong 10.793ms
[2026-04-03T02:51:10.124+0600][7.027s][info][gc,phases   ] GC(4) O: Concurrent Reset Relocation Set 0.002ms
[2026-04-03T02:51:10.126+0600][7.029s][info][gc,phases   ] GC(4) O: Concurrent Select Relocation Set 2.497ms
[2026-04-03T02:51:10.126+0600][7.029s][info][gc,task     ] GC(4) O: Using 2 Workers for Old Generation
[2026-04-03T02:51:10.150+0600][7.054s][info][gc,task     ] GC(4) O: Using 1 Workers for Old Generation
[2026-04-03T02:51:10.151+0600][7.054s][info][gc,phases   ] GC(4) O: Concurrent Remap Roots 24.308ms
[2026-04-03T02:51:10.151+0600][7.054s][info][gc,phases   ] GC(4) O: Pause Relocate Start 0.021ms
[2026-04-03T02:51:10.155+0600][7.058s][info][gc,phases   ] GC(4) O: Concurrent Relocate 3.865ms
[2026-04-03T02:51:10.155+0600][7.058s][info][gc,alloc    ] GC(4) O:                         Mark Start        Mark End      Relocate Start    Relocate End   
[2026-04-03T02:51:10.155+0600][7.058s][info][gc,alloc    ] GC(4) O: Allocation Stalls:          0                0                0                0         
[2026-04-03T02:51:10.155+0600][7.058s][info][gc,load     ] GC(4) O: Load: 5.94 (50%) / 5.67 (47%) / 5.62 (47%)
[2026-04-03T02:51:10.155+0600][7.058s][info][gc,mmu      ] GC(4) O: MMU: 2ms/98.5%, 5ms/99.1%, 10ms/99.5%, 20ms/99.7%, 50ms/99.8%, 100ms/99.9%
[2026-04-03T02:51:10.155+0600][7.058s][info][gc,marking  ] GC(4) O: Mark: 1 stripe(s), 2 proactive flush(es), 1 terminate flush(es), 0 completion(s), 0 continuation(s) 
[2026-04-03T02:51:10.155+0600][7.058s][info][gc,marking  ] GC(4) O: Mark Stack Usage: 32M
[2026-04-03T02:51:10.155+0600][7.058s][info][gc,nmethod  ] GC(4) O: NMethods: 2535 registered, 322 unregistered
[2026-04-03T02:51:10.155+0600][7.058s][info][gc,metaspace] GC(4) O: Metaspace: 36M used, 36M committed, 1088M reserved
[2026-04-03T02:51:10.155+0600][7.058s][info][gc,ref      ] GC(4) O:                       Encountered   Discovered     Enqueued 
[2026-04-03T02:51:10.155+0600][7.058s][info][gc,ref      ] GC(4) O: Soft References:             3877            0            0 
[2026-04-03T02:51:10.155+0600][7.058s][info][gc,ref      ] GC(4) O: Weak References:             2956          160            0 
[2026-04-03T02:51:10.155+0600][7.058s][info][gc,ref      ] GC(4) O: Final References:              72            0            0 
[2026-04-03T02:51:10.155+0600][7.058s][info][gc,ref      ] GC(4) O: Phantom References:           569           10            0 
[2026-04-03T02:51:10.155+0600][7.058s][info][gc,reloc    ] GC(4) O:                        Candidates     Selected     In-Place         Size        Empty    Relocated 
[2026-04-03T02:51:10.155+0600][7.058s][info][gc,reloc    ] GC(4) O: Small Pages:                    4            2            0           8M           0M           1M 
[2026-04-03T02:51:10.155+0600][7.058s][info][gc,reloc    ] GC(4) O: Medium Pages:                   0            0            0           0M           0M           0M 
[2026-04-03T02:51:10.155+0600][7.058s][info][gc,reloc    ] GC(4) O: Large Pages:                    0            0            0           0M           0M           0M 
[2026-04-03T02:51:10.155+0600][7.058s][info][gc,reloc    ] GC(4) O: Forwarding Usage: 0M
[2026-04-03T02:51:10.155+0600][7.058s][info][gc,heap     ] GC(4) O: Min Capacity: 8M(2%)
[2026-04-03T02:51:10.155+0600][7.058s][info][gc,heap     ] GC(4) O: Max Capacity: 500M(100%)
[2026-04-03T02:51:10.155+0600][7.058s][info][gc,heap     ] GC(4) O: Soft Max Capacity: 500M(100%)
[2026-04-03T02:51:10.155+0600][7.058s][info][gc,heap     ] GC(4) O: Heap Statistics:
[2026-04-03T02:51:10.155+0600][7.058s][info][gc,heap     ] GC(4) O:                Mark Start          Mark End        Relocate Start      Relocate End           High               Low         
[2026-04-03T02:51:10.155+0600][7.058s][info][gc,heap     ] GC(4) O:  Capacity:      306M (61%)         306M (61%)         306M (61%)         306M (61%)         306M (61%)         306M (61%)    
[2026-04-03T02:51:10.155+0600][7.058s][info][gc,heap     ] GC(4) O:      Free:      276M (55%)         450M (90%)         450M (90%)         452M (90%)         452M (90%)         274M (55%)    
[2026-04-03T02:51:10.155+0600][7.058s][info][gc,heap     ] GC(4) O:      Used:      224M (45%)          50M (10%)          50M (10%)          48M (10%)         226M (45%)          48M (10%)    
[2026-04-03T02:51:10.155+0600][7.058s][info][gc,heap     ] GC(4) O: Old Generation Statistics:
[2026-04-03T02:51:10.155+0600][7.058s][info][gc,heap     ] GC(4) O:                Mark Start          Mark End        Relocate Start      Relocate End    
[2026-04-03T02:51:10.155+0600][7.058s][info][gc,heap     ] GC(4) O:      Used:        8M (2%)            8M (2%)            8M (2%)            6M (1%)     
[2026-04-03T02:51:10.155+0600][7.058s][info][gc,heap     ] GC(4) O:      Live:         -                 3M (1%)            3M (1%)            3M (1%)     
[2026-04-03T02:51:10.155+0600][7.058s][info][gc,heap     ] GC(4) O:   Garbage:         -                 4M (1%)            4M (1%)            0M (0%)     
[2026-04-03T02:51:10.155+0600][7.058s][info][gc,heap     ] GC(4) O: Allocated:         -                 0M (0%)            0M (0%)            2M (1%)     
[2026-04-03T02:51:10.155+0600][7.058s][info][gc,heap     ] GC(4) O: Reclaimed:         -                  -                 0M (0%)            4M (1%)     
[2026-04-03T02:51:10.155+0600][7.058s][info][gc,heap     ] GC(4) O: Compacted:         -                  -                  -                 1M (0%)     
[2026-04-03T02:51:10.155+0600][7.058s][info][gc,phases   ] GC(4) O: Old Generation 50M(10%)->48M(10%) 0.053s
[2026-04-03T02:51:10.155+0600][7.058s][info][gc          ] GC(4) Major Collection (Metadata GC Threshold) 224M(45%)->48M(10%) 0.111s
[2026-04-03T02:51:12.568+0600][9.471s][info][gc          ] GC(5) Minor Collection (Allocation Rate)
[2026-04-03T02:51:12.568+0600][9.471s][info][gc,task     ] GC(5) Using 3 Workers for Young Generation
[2026-04-03T02:51:12.568+0600][9.471s][info][gc,phases   ] GC(5) y: Young Generation
[2026-04-03T02:51:12.568+0600][9.472s][info][gc,phases   ] GC(5) y: Pause Mark Start 0.017ms
[2026-04-03T02:51:12.954+0600][9.857s][info][gc,phases   ] GC(5) y: Concurrent Mark 385.907ms
[2026-04-03T02:51:12.955+0600][9.858s][info][gc,phases   ] GC(5) y: Pause Mark End 0.020ms
[2026-04-03T02:51:12.955+0600][9.858s][info][gc,phases   ] GC(5) y: Concurrent Mark Free 0.001ms
[2026-04-03T02:51:12.955+0600][9.858s][info][gc,phases   ] GC(5) y: Concurrent Reset Relocation Set 0.010ms
[2026-04-03T02:51:12.956+0600][9.859s][info][gc,reloc    ] GC(5) y: Using tenuring threshold: 1 (Computed)
[2026-04-03T02:51:12.956+0600][9.859s][info][gc          ] Allocation Stall (main) 264.205ms
[2026-04-03T02:51:12.963+0600][9.866s][info][gc,phases   ] GC(5) y: Concurrent Select Relocation Set 8.038ms
[2026-04-03T02:51:12.963+0600][9.866s][info][gc,phases   ] GC(5) y: Pause Relocate Start 0.011ms
[2026-04-03T02:51:12.976+0600][9.879s][info][gc,phases   ] GC(5) y: Concurrent Relocate 12.985ms
[2026-04-03T02:51:12.976+0600][9.879s][info][gc,alloc    ] GC(5) y:                         Mark Start        Mark End      Relocate Start    Relocate End   
[2026-04-03T02:51:12.976+0600][9.879s][info][gc,alloc    ] GC(5) y: Allocation Stalls:          0                1                0                0         
[2026-04-03T02:51:12.976+0600][9.879s][info][gc,load     ] GC(5) y: Load: 5.94 (50%) / 5.67 (47%) / 5.62 (47%)
[2026-04-03T02:51:12.976+0600][9.879s][info][gc,mmu      ] GC(5) y: MMU: 2ms/98.5%, 5ms/99.1%, 10ms/99.5%, 20ms/99.7%, 50ms/99.8%, 100ms/99.9%
[2026-04-03T02:51:12.976+0600][9.879s][info][gc,marking  ] GC(5) y: Mark: 2 stripe(s), 10 proactive flush(es), 1 terminate flush(es), 0 completion(s), 0 continuation(s) 
[2026-04-03T02:51:12.976+0600][9.879s][info][gc,marking  ] GC(5) y: Mark Stack Usage: 32M
[2026-04-03T02:51:12.976+0600][9.879s][info][gc,nmethod  ] GC(5) y: NMethods: 3142 registered, 0 unregistered
[2026-04-03T02:51:12.976+0600][9.879s][info][gc,metaspace] GC(5) y: Metaspace: 48M used, 48M committed, 1088M reserved
[2026-04-03T02:51:12.976+0600][9.879s][info][gc,reloc    ] GC(5) y:                        Candidates     Selected     In-Place         Size        Empty    Relocated 
[2026-04-03T02:51:12.976+0600][9.879s][info][gc,reloc    ] GC(5) y: Small Pages:                  205           63            0         410M           0M           5M 
[2026-04-03T02:51:12.976+0600][9.879s][info][gc,reloc    ] GC(5) y: Medium Pages:                   2            1            1          16M           0M           1M 
[2026-04-03T02:51:12.976+0600][9.879s][info][gc,reloc    ] GC(5) y: Large Pages:                    8            0            0          18M          12M           0M 
[2026-04-03T02:51:12.976+0600][9.879s][info][gc,reloc    ] GC(5) y: Forwarding Usage: 2M
[2026-04-03T02:51:12.976+0600][9.879s][info][gc,reloc    ] GC(5) y: Age Table:
[2026-04-03T02:51:12.976+0600][9.879s][info][gc,reloc    ] GC(5) y:                    Live             Garbage             Small              Medium             Large        
[2026-04-03T02:51:12.976+0600][9.879s][info][gc,reloc    ] GC(5) y: Eden             262M (52%)         141M (28%)        192 / 58             1 / 0              6 / 0        
[2026-04-03T02:51:12.976+0600][9.879s][info][gc,reloc    ] GC(5) y: Survivor 1         5M (1%)            2M (1%)           4 / 1              0 / 0              0 / 0        
[2026-04-03T02:51:12.976+0600][9.879s][info][gc,reloc    ] GC(5) y: Survivor 2        17M (4%)            8M (2%)           6 / 1              1 / 1              2 / 0        
[2026-04-03T02:51:12.976+0600][9.879s][info][gc,reloc    ] GC(5) y: Survivor 3         0M (0%)            3M (1%)           2 / 2              0 / 0              0 / 0        
[2026-04-03T02:51:12.976+0600][9.879s][info][gc,reloc    ] GC(5) y: Survivor 4         0M (0%)            1M (0%)           1 / 1              0 / 0              0 / 0        
[2026-04-03T02:51:12.976+0600][9.879s][info][gc,heap     ] GC(5) y: Min Capacity: 8M(2%)
[2026-04-03T02:51:12.976+0600][9.879s][info][gc,heap     ] GC(5) y: Max Capacity: 500M(100%)
[2026-04-03T02:51:12.976+0600][9.879s][info][gc,heap     ] GC(5) y: Soft Max Capacity: 500M(100%)
[2026-04-03T02:51:12.976+0600][9.879s][info][gc,heap     ] GC(5) y: Heap Statistics:
[2026-04-03T02:51:12.976+0600][9.879s][info][gc,heap     ] GC(5) y:                Mark Start          Mark End        Relocate Start      Relocate End           High               Low         
[2026-04-03T02:51:12.976+0600][9.879s][info][gc,heap     ] GC(5) y:  Capacity:      450M (90%)         500M (100%)        500M (100%)        500M (100%)        500M (100%)        450M (90%)    
[2026-04-03T02:51:12.976+0600][9.879s][info][gc,heap     ] GC(5) y:      Free:       50M (10%)           0M (0%)            8M (2%)          120M (24%)         122M (24%)           0M (0%)     
[2026-04-03T02:51:12.976+0600][9.879s][info][gc,heap     ] GC(5) y:      Used:      450M (90%)         500M (100%)        492M (98%)         380M (76%)         500M (100%)        378M (76%)    
[2026-04-03T02:51:12.976+0600][9.879s][info][gc,heap     ] GC(5) y: Young Generation Statistics:
[2026-04-03T02:51:12.976+0600][9.879s][info][gc,heap     ] GC(5) y:                Mark Start          Mark End        Relocate Start      Relocate End    
[2026-04-03T02:51:12.976+0600][9.879s][info][gc,heap     ] GC(5) y:      Used:      444M (89%)         494M (99%)         464M (93%)         338M (68%)    
[2026-04-03T02:51:12.976+0600][9.879s][info][gc,heap     ] GC(5) y:      Live:         -               285M (57%)         265M (53%)         262M (52%)    
[2026-04-03T02:51:12.976+0600][9.879s][info][gc,heap     ] GC(5) y:   Garbage:         -               158M (32%)         144M (29%)           4M (1%)     
[2026-04-03T02:51:12.976+0600][9.879s][info][gc,heap     ] GC(5) y: Allocated:         -                50M (10%)          54M (11%)          71M (14%)    
[2026-04-03T02:51:12.976+0600][9.879s][info][gc,heap     ] GC(5) y: Reclaimed:         -                  -                13M (3%)          154M (31%)    
[2026-04-03T02:51:12.976+0600][9.879s][info][gc,heap     ] GC(5) y:  Promoted:         -                  -                20M (4%)           23M (5%)     
[2026-04-03T02:51:12.976+0600][9.879s][info][gc,heap     ] GC(5) y: Compacted:         -                  -                  -                 6M (1%)     
[2026-04-03T02:51:12.976+0600][9.879s][info][gc,phases   ] GC(5) y: Young Generation 450M(90%)->380M(76%) 0.408s
[2026-04-03T02:51:12.976+0600][9.879s][info][gc          ] GC(5) Minor Collection (Allocation Rate) 450M(90%)->380M(76%) 0.408s
[2026-04-03T02:51:12.976+0600][9.880s][info][gc          ] GC(6) Major Collection (Allocation Rate)
[2026-04-03T02:51:12.976+0600][9.880s][info][gc,task     ] GC(6) Using 3 Workers for Young Generation
[2026-04-03T02:51:12.976+0600][9.880s][info][gc,task     ] GC(6) Using 2 Workers for Old Generation
[2026-04-03T02:51:12.976+0600][9.880s][info][gc,phases   ] GC(6) Y: Young Generation
[2026-04-03T02:51:12.977+0600][9.880s][info][gc,phases   ] GC(6) Y: Pause Mark Start (Major) 0.017ms
[2026-04-03T02:51:13.441+0600][10.344s][info][gc,phases   ] GC(6) Y: Concurrent Mark 464.762ms
[2026-04-03T02:51:13.441+0600][10.345s][info][gc,phases   ] GC(6) Y: Pause Mark End 0.024ms
[2026-04-03T02:51:13.442+0600][10.345s][info][gc,phases   ] GC(6) Y: Concurrent Mark Free 0.007ms
[2026-04-03T02:51:13.442+0600][10.345s][info][gc,phases   ] GC(6) Y: Concurrent Reset Relocation Set 0.020ms
[2026-04-03T02:51:13.443+0600][10.346s][info][gc,reloc    ] GC(6) Y: Using tenuring threshold: 1 (Computed)
[2026-04-03T02:51:13.496+0600][10.399s][info][gc,phases   ] GC(6) Y: Concurrent Select Relocation Set 54.158ms
[2026-04-03T02:51:13.496+0600][10.399s][info][gc,phases   ] GC(6) Y: Pause Relocate Start 0.016ms
[2026-04-03T02:51:13.497+0600][10.400s][info][gc          ] Allocation Stall (main) 284.595ms
[2026-04-03T02:51:13.583+0600][10.486s][info][gc,phases   ] GC(6) Y: Concurrent Relocate 86.809ms
[2026-04-03T02:51:13.583+0600][10.486s][info][gc,alloc    ] GC(6) Y:                         Mark Start        Mark End      Relocate Start    Relocate End   
[2026-04-03T02:51:13.583+0600][10.486s][info][gc,alloc    ] GC(6) Y: Allocation Stalls:          0                1                1                1         
[2026-04-03T02:51:13.583+0600][10.486s][info][gc,load     ] GC(6) Y: Load: 5.94 (50%) / 5.67 (47%) / 5.62 (47%)
[2026-04-03T02:51:13.583+0600][10.486s][info][gc,mmu      ] GC(6) Y: MMU: 2ms/98.5%, 5ms/99.1%, 10ms/99.5%, 20ms/99.7%, 50ms/99.8%, 100ms/99.9%
[2026-04-03T02:51:13.583+0600][10.486s][info][gc,marking  ] GC(6) Y: Mark: 2 stripe(s), 10 proactive flush(es), 1 terminate flush(es), 0 completion(s), 0 continuation(s) 
[2026-04-03T02:51:13.583+0600][10.486s][info][gc,marking  ] GC(6) Y: Mark Stack Usage: 32M
[2026-04-03T02:51:13.583+0600][10.486s][info][gc,nmethod  ] GC(6) Y: NMethods: 3142 registered, 0 unregistered
[2026-04-03T02:51:13.583+0600][10.486s][info][gc,metaspace] GC(6) Y: Metaspace: 48M used, 48M committed, 1088M reserved
[2026-04-03T02:51:13.583+0600][10.486s][info][gc,reloc    ] GC(6) Y:                        Candidates     Selected     In-Place         Size        Empty    Relocated 
[2026-04-03T02:51:13.583+0600][10.486s][info][gc,reloc    ] GC(6) Y: Small Pages:                  165            3            3         330M           0M           0M 
[2026-04-03T02:51:13.583+0600][10.486s][info][gc,reloc    ] GC(6) Y: Medium Pages:                   1            0            0           8M           0M           0M 
[2026-04-03T02:51:13.583+0600][10.486s][info][gc,reloc    ] GC(6) Y: Large Pages:                    0            0            0           0M           0M           0M 
[2026-04-03T02:51:13.583+0600][10.486s][info][gc,reloc    ] GC(6) Y: Forwarding Usage: 0M
[2026-04-03T02:51:13.583+0600][10.486s][info][gc,reloc    ] GC(6) Y: Age Table:
[2026-04-03T02:51:13.583+0600][10.486s][info][gc,reloc    ] GC(6) Y:                    Live             Garbage             Small              Medium             Large        
[2026-04-03T02:51:13.583+0600][10.486s][info][gc,reloc    ] GC(6) Y: Eden              55M (11%)           4M (1%)          30 / 1              0 / 0              0 / 0        
[2026-04-03T02:51:13.583+0600][10.486s][info][gc,reloc    ] GC(6) Y: Survivor 1       262M (52%)          15M (3%)         135 / 2              1 / 0              0 / 0        
[2026-04-03T02:51:13.583+0600][10.486s][info][gc,heap     ] GC(6) Y: Min Capacity: 8M(2%)
[2026-04-03T02:51:13.583+0600][10.486s][info][gc,heap     ] GC(6) Y: Max Capacity: 500M(100%)
[2026-04-03T02:51:13.583+0600][10.486s][info][gc,heap     ] GC(6) Y: Soft Max Capacity: 500M(100%)
[2026-04-03T02:51:13.583+0600][10.486s][info][gc,heap     ] GC(6) Y: Heap Statistics:
[2026-04-03T02:51:13.583+0600][10.486s][info][gc,heap     ] GC(6) Y:                Mark Start          Mark End        Relocate Start      Relocate End           High               Low         
[2026-04-03T02:51:13.583+0600][10.486s][info][gc,heap     ] GC(6) Y:  Capacity:      500M (100%)        500M (100%)        500M (100%)        500M (100%)        500M (100%)        500M (100%)   
[2026-04-03T02:51:13.583+0600][10.486s][info][gc,heap     ] GC(6) Y:      Free:      120M (24%)           0M (0%)            0M (0%)            0M (0%)          120M (24%)           0M (0%)     
[2026-04-03T02:51:13.583+0600][10.486s][info][gc,heap     ] GC(6) Y:      Used:      380M (76%)         500M (100%)        500M (100%)        500M (100%)        500M (100%)        380M (76%)    
[2026-04-03T02:51:13.583+0600][10.486s][info][gc,heap     ] GC(6) Y: Young Generation Statistics:
[2026-04-03T02:51:13.583+0600][10.486s][info][gc,heap     ] GC(6) Y:                Mark Start          Mark End        Relocate Start      Relocate End    
[2026-04-03T02:51:13.583+0600][10.486s][info][gc,heap     ] GC(6) Y:      Used:      338M (68%)         458M (92%)         184M (37%)         180M (36%)    
[2026-04-03T02:51:13.583+0600][10.486s][info][gc,heap     ] GC(6) Y:      Live:         -               317M (63%)          55M (11%)          55M (11%)    
[2026-04-03T02:51:13.583+0600][10.486s][info][gc,heap     ] GC(6) Y:   Garbage:         -                20M (4%)            8M (2%)            1M (0%)     
[2026-04-03T02:51:13.583+0600][10.486s][info][gc,heap     ] GC(6) Y: Allocated:         -               120M (24%)         120M (24%)         123M (25%)    
[2026-04-03T02:51:13.583+0600][10.486s][info][gc,heap     ] GC(6) Y: Reclaimed:         -                  -                12M (3%)           19M (4%)     
[2026-04-03T02:51:13.583+0600][10.486s][info][gc,heap     ] GC(6) Y:  Promoted:         -                  -               261M (52%)         262M (52%)    
[2026-04-03T02:51:13.583+0600][10.486s][info][gc,heap     ] GC(6) Y: Compacted:         -                  -                  -                 0M (0%)     
[2026-04-03T02:51:13.583+0600][10.486s][info][gc,phases   ] GC(6) Y: Young Generation 380M(76%)->500M(100%) 0.606s
[2026-04-03T02:51:13.583+0600][10.486s][info][gc,phases   ] GC(6) O: Old Generation
[2026-04-03T02:51:13.583+0600][10.486s][info][gc          ] GC(7) Minor Collection (Allocation Stall)
[2026-04-03T02:51:13.583+0600][10.486s][info][gc,task     ] GC(7) Using 3 Workers for Young Generation
[2026-04-03T02:51:13.583+0600][10.486s][info][gc,phases   ] GC(7) y: Young Generation
[2026-04-03T02:51:13.584+0600][10.487s][info][gc,phases   ] GC(7) y: Pause Mark Start 0.021ms
[2026-04-03T02:51:13.588+0600][10.491s][info][gc,task     ] Adjusting Workers for Old Generation: 2 -> 3
[2026-04-03T02:51:13.605+0600][10.508s][info][gc,phases   ] GC(6) O: Concurrent Mark 21.463ms
[2026-04-03T02:51:13.605+0600][10.508s][info][gc,phases   ] GC(6) O: Pause Mark End 0.034ms
[2026-04-03T02:51:13.605+0600][10.508s][info][gc,phases   ] GC(6) O: Concurrent Mark Free 0.003ms
[2026-04-03T02:51:13.610+0600][10.513s][info][gc,phases   ] GC(6) O: Concurrent Process Non-Strong 5.359ms
[2026-04-03T02:51:13.610+0600][10.514s][info][gc,phases   ] GC(6) O: Concurrent Reset Relocation Set 0.002ms
[2026-04-03T02:51:13.614+0600][10.517s][info][gc,phases   ] GC(6) O: Concurrent Select Relocation Set 3.751ms
[2026-04-03T02:51:13.845+0600][10.748s][info][gc,phases   ] GC(7) y: Concurrent Mark 260.157ms
[2026-04-03T02:51:13.845+0600][10.748s][info][gc,phases   ] GC(7) y: Pause Mark End 0.028ms
[2026-04-03T02:51:13.845+0600][10.748s][info][gc,phases   ] GC(7) y: Concurrent Mark Free 0.003ms
[2026-04-03T02:51:13.845+0600][10.748s][info][gc,phases   ] GC(7) y: Concurrent Reset Relocation Set 0.157ms
[2026-04-03T02:51:13.847+0600][10.750s][info][gc,reloc    ] GC(7) y: Using tenuring threshold: 2 (Computed)
[2026-04-03T02:51:13.847+0600][10.750s][info][gc,phases   ] GC(7) y: Concurrent Select Relocation Set 1.624ms
[2026-04-03T02:51:13.847+0600][10.750s][info][gc,phases   ] GC(7) y: Pause Relocate Start 0.025ms
[2026-04-03T02:51:13.848+0600][10.751s][info][gc,phases   ] GC(7) y: Concurrent Relocate 0.730ms
[2026-04-03T02:51:13.848+0600][10.751s][info][gc,alloc    ] GC(7) y:                         Mark Start        Mark End      Relocate Start    Relocate End   
[2026-04-03T02:51:13.848+0600][10.751s][info][gc,alloc    ] GC(7) y: Allocation Stalls:          1                3                3                3         
[2026-04-03T02:51:13.848+0600][10.751s][info][gc,load     ] GC(7) y: Load: 5.94 (50%) / 5.67 (47%) / 5.62 (47%)
[2026-04-03T02:51:13.848+0600][10.751s][info][gc,mmu      ] GC(7) y: MMU: 2ms/98.3%, 5ms/99.0%, 10ms/99.5%, 20ms/99.7%, 50ms/99.8%, 100ms/99.9%
[2026-04-03T02:51:13.848+0600][10.751s][info][gc,marking  ] GC(7) y: Mark: 2 stripe(s), 10 proactive flush(es), 1 terminate flush(es), 0 completion(s), 0 continuation(s) 
[2026-04-03T02:51:13.848+0600][10.751s][info][gc,marking  ] GC(7) y: Mark Stack Usage: 32M
[2026-04-03T02:51:13.848+0600][10.751s][info][gc,nmethod  ] GC(7) y: NMethods: 3017 registered, 130 unregistered
[2026-04-03T02:51:13.848+0600][10.751s][info][gc,metaspace] GC(7) y: Metaspace: 48M used, 48M committed, 1088M reserved
[2026-04-03T02:51:13.848+0600][10.751s][info][gc,reloc    ] GC(7) y:                        Candidates     Selected     In-Place         Size        Empty    Relocated 
[2026-04-03T02:51:13.848+0600][10.751s][info][gc,reloc    ] GC(7) y: Small Pages:                   90            1            2         180M           0M           0M 
[2026-04-03T02:51:13.848+0600][10.751s][info][gc,reloc    ] GC(7) y: Medium Pages:                   0            0            0           0M           0M           0M 
[2026-04-03T02:51:13.848+0600][10.751s][info][gc,reloc    ] GC(7) y: Large Pages:                    0            0            0           0M           0M           0M 
[2026-04-03T02:51:13.848+0600][10.751s][info][gc,reloc    ] GC(7) y: Forwarding Usage: 0M
[2026-04-03T02:51:13.848+0600][10.751s][info][gc,reloc    ] GC(7) y: Age Table:
[2026-04-03T02:51:13.848+0600][10.751s][info][gc,reloc    ] GC(7) y:                    Live             Garbage             Small              Medium             Large        
[2026-04-03T02:51:13.848+0600][10.751s][info][gc,reloc    ] GC(7) y: Eden             118M (24%)           3M (1%)          61 / 0              0 / 0              0 / 0        
[2026-04-03T02:51:13.848+0600][10.751s][info][gc,reloc    ] GC(7) y: Survivor 1        55M (11%)           2M (1%)          29 / 1              0 / 0              0 / 0        
[2026-04-03T02:51:13.848+0600][10.751s][info][gc,heap     ] GC(7) y: Min Capacity: 8M(2%)
[2026-04-03T02:51:13.848+0600][10.751s][info][gc,heap     ] GC(7) y: Max Capacity: 500M(100%)
[2026-04-03T02:51:13.848+0600][10.751s][info][gc,heap     ] GC(7) y: Soft Max Capacity: 500M(100%)
[2026-04-03T02:51:13.848+0600][10.751s][info][gc,heap     ] GC(7) y: Heap Statistics:
[2026-04-03T02:51:13.848+0600][10.751s][info][gc,heap     ] GC(7) y:                Mark Start          Mark End        Relocate Start      Relocate End           High               Low         
[2026-04-03T02:51:13.848+0600][10.751s][info][gc,heap     ] GC(7) y:  Capacity:      500M (100%)        500M (100%)        500M (100%)        500M (100%)        500M (100%)        500M (100%)   
[2026-04-03T02:51:13.848+0600][10.751s][info][gc,heap     ] GC(7) y:      Free:        0M (0%)            0M (0%)            0M (0%)            0M (0%)            0M (0%)            0M (0%)     
[2026-04-03T02:51:13.848+0600][10.751s][info][gc,heap     ] GC(7) y:      Used:      500M (100%)        500M (100%)        500M (100%)        500M (100%)        500M (100%)        500M (100%)   
[2026-04-03T02:51:13.848+0600][10.751s][info][gc,heap     ] GC(7) y: Young Generation Statistics:
[2026-04-03T02:51:13.848+0600][10.751s][info][gc,heap     ] GC(7) y:                Mark Start          Mark End        Relocate Start      Relocate End    
[2026-04-03T02:51:13.848+0600][10.751s][info][gc,heap     ] GC(7) y:      Used:      180M (36%)         180M (36%)         180M (36%)         180M (36%)    
[2026-04-03T02:51:13.848+0600][10.751s][info][gc,heap     ] GC(7) y:      Live:         -               173M (35%)         173M (35%)         173M (35%)    
[2026-04-03T02:51:13.848+0600][10.751s][info][gc,heap     ] GC(7) y:   Garbage:         -                 6M (1%)            6M (1%)            2M (1%)     
[2026-04-03T02:51:13.848+0600][10.751s][info][gc,heap     ] GC(7) y: Allocated:         -                 0M (0%)            0M (0%)            3M (1%)     
[2026-04-03T02:51:13.848+0600][10.751s][info][gc,heap     ] GC(7) y: Reclaimed:         -                  -                 0M (0%)            3M (1%)     
[2026-04-03T02:51:13.848+0600][10.751s][info][gc,heap     ] GC(7) y:  Promoted:         -                  -                 0M (0%)            0M (0%)     
[2026-04-03T02:51:13.848+0600][10.751s][info][gc,heap     ] GC(7) y: Compacted:         -                  -                  -                 0M (0%)     
[2026-04-03T02:51:13.848+0600][10.751s][info][gc,phases   ] GC(7) y: Young Generation 500M(100%)->500M(100%) 0.265s
[2026-04-03T02:51:13.848+0600][10.751s][info][gc          ] GC(7) Minor Collection (Allocation Stall) 500M(100%)->500M(100%) 0.265s
[2026-04-03T02:51:13.848+0600][10.752s][info][gc,task     ] GC(6) O: Using 3 Workers for Old Generation
[2026-04-03T02:51:13.865+0600][10.768s][info][gc,task     ] GC(6) O: Using 3 Workers for Old Generation
[2026-04-03T02:51:13.865+0600][10.768s][info][gc,phases   ] GC(6) O: Concurrent Remap Roots 16.733ms
[2026-04-03T02:51:13.865+0600][10.768s][info][gc,phases   ] GC(6) O: Pause Relocate Start 0.022ms
[2026-04-03T02:51:13.866+0600][10.769s][info][gc          ] GC(8) Minor Collection (High Usage)
[2026-04-03T02:51:13.866+0600][10.769s][info][gc,task     ] GC(8) Using 3 Workers for Young Generation
[2026-04-03T02:51:13.866+0600][10.769s][info][gc,phases   ] GC(8) y: Young Generation
[2026-04-03T02:51:13.869+0600][10.772s][info][gc          ] Allocation Stall (main) 366.384ms
[2026-04-03T02:51:13.869+0600][10.772s][info][gc,phases   ] GC(8) y: Pause Mark Start 0.039ms
[2026-04-03T02:51:13.869+0600][10.772s][info][gc,phases   ] GC(6) O: Concurrent Relocate 3.548ms
[2026-04-03T02:51:14.131+0600][11.034s][info][gc,phases   ] GC(8) y: Concurrent Mark 261.658ms
[2026-04-03T02:51:14.131+0600][11.034s][info][gc,phases   ] GC(8) y: Pause Mark End 0.030ms
[2026-04-03T02:51:14.131+0600][11.034s][info][gc,phases   ] GC(8) y: Concurrent Mark Free 0.001ms
[2026-04-03T02:51:14.131+0600][11.034s][info][gc,phases   ] GC(8) y: Concurrent Reset Relocation Set 0.002ms
[2026-04-03T02:51:14.133+0600][11.036s][info][gc,reloc    ] GC(8) y: Using tenuring threshold: 1 (Computed)
[2026-04-03T02:51:14.133+0600][11.036s][info][gc          ] Allocation Stall (RemoteBlock-temp-file-clean-thread) 510.415ms
[2026-04-03T02:51:14.166+0600][11.069s][info][gc,phases   ] GC(8) y: Concurrent Select Relocation Set 35.413ms
[2026-04-03T02:51:14.167+0600][11.070s][info][gc,phases   ] GC(8) y: Pause Relocate Start 0.025ms
[2026-04-03T02:51:14.224+0600][11.127s][info][gc,phases   ] GC(8) y: Concurrent Relocate 57.285ms
[2026-04-03T02:51:14.224+0600][11.127s][info][gc,alloc    ] GC(8) y:                         Mark Start        Mark End      Relocate Start    Relocate End   
[2026-04-03T02:51:14.224+0600][11.127s][info][gc,alloc    ] GC(8) y: Allocation Stalls:          2                3                2                2         
[2026-04-03T02:51:14.224+0600][11.127s][info][gc,load     ] GC(8) y: Load: 5.94 (50%) / 5.67 (47%) / 5.62 (47%)
[2026-04-03T02:51:14.224+0600][11.128s][info][gc,mmu      ] GC(8) y: MMU: 2ms/98.0%, 5ms/98.8%, 10ms/99.4%, 20ms/99.7%, 50ms/99.8%, 100ms/99.9%
[2026-04-03T02:51:14.224+0600][11.128s][info][gc,marking  ] GC(8) y: Mark: 2 stripe(s), 10 proactive flush(es), 1 terminate flush(es), 0 completion(s), 0 continuation(s) 
[2026-04-03T02:51:14.224+0600][11.128s][info][gc,marking  ] GC(8) y: Mark Stack Usage: 32M
[2026-04-03T02:51:14.224+0600][11.128s][info][gc,nmethod  ] GC(8) y: NMethods: 3017 registered, 130 unregistered
[2026-04-03T02:51:14.224+0600][11.128s][info][gc,metaspace] GC(8) y: Metaspace: 48M used, 48M committed, 1088M reserved
[2026-04-03T02:51:14.224+0600][11.128s][info][gc,reloc    ] GC(8) y:                        Candidates     Selected     In-Place         Size        Empty    Relocated 
[2026-04-03T02:51:14.224+0600][11.128s][info][gc,reloc    ] GC(8) y: Small Pages:                   91            1            2         182M           2M           0M 
[2026-04-03T02:51:14.224+0600][11.128s][info][gc,reloc    ] GC(8) y: Medium Pages:                   0            0            0           0M           0M           0M 
[2026-04-03T02:51:14.224+0600][11.128s][info][gc,reloc    ] GC(8) y: Large Pages:                    0            0            0           0M           0M           0M 
[2026-04-03T02:51:14.224+0600][11.128s][info][gc,reloc    ] GC(8) y: Forwarding Usage: 0M
[2026-04-03T02:51:14.224+0600][11.128s][info][gc,reloc    ] GC(8) y: Age Table:
[2026-04-03T02:51:14.224+0600][11.128s][info][gc,reloc    ] GC(8) y:                    Live             Garbage             Small              Medium             Large        
[2026-04-03T02:51:14.224+0600][11.128s][info][gc,reloc    ] GC(8) y: Eden               0M (0%)            1M (0%)           1 / 0              0 / 0              0 / 0        
[2026-04-03T02:51:14.224+0600][11.128s][info][gc,reloc    ] GC(8) y: Survivor 1       118M (24%)           3M (1%)          61 / 0              0 / 0              0 / 0        
[2026-04-03T02:51:14.224+0600][11.128s][info][gc,reloc    ] GC(8) y: Survivor 2        55M (11%)           2M (1%)          29 / 1              0 / 0              0 / 0        
[2026-04-03T02:51:14.224+0600][11.128s][info][gc,heap     ] GC(8) y: Min Capacity: 8M(2%)
[2026-04-03T02:51:14.224+0600][11.128s][info][gc,heap     ] GC(8) y: Max Capacity: 500M(100%)
[2026-04-03T02:51:14.224+0600][11.128s][info][gc,heap     ] GC(8) y: Soft Max Capacity: 500M(100%)
[2026-04-03T02:51:14.225+0600][11.128s][info][gc,heap     ] GC(8) y: Heap Statistics:
[2026-04-03T02:51:14.225+0600][11.128s][info][gc,heap     ] GC(8) y:                Mark Start          Mark End        Relocate Start      Relocate End           High               Low         
[2026-04-03T02:51:14.225+0600][11.128s][info][gc,heap     ] GC(8) y:  Capacity:      500M (100%)        500M (100%)        500M (100%)        500M (100%)        500M (100%)        500M (100%)   
[2026-04-03T02:51:14.225+0600][11.128s][info][gc,heap     ] GC(8) y:      Free:        0M (0%)            0M (0%)            0M (0%)            0M (0%)            2M (0%)            0M (0%)     
[2026-04-03T02:51:14.225+0600][11.128s][info][gc,heap     ] GC(8) y:      Used:      500M (100%)        500M (100%)        500M (100%)        500M (100%)        500M (100%)        498M (100%)   
[2026-04-03T02:51:14.225+0600][11.128s][info][gc,heap     ] GC(8) y: Young Generation Statistics:
[2026-04-03T02:51:14.225+0600][11.128s][info][gc,heap     ] GC(8) y:                Mark Start          Mark End        Relocate Start      Relocate End    
[2026-04-03T02:51:14.225+0600][11.128s][info][gc,heap     ] GC(8) y:      Used:      182M (36%)         182M (36%)           6M (1%)            4M (1%)     
[2026-04-03T02:51:14.225+0600][11.128s][info][gc,heap     ] GC(8) y:      Live:         -               173M (35%)           0M (0%)            0M (0%)     
[2026-04-03T02:51:14.225+0600][11.128s][info][gc,heap     ] GC(8) y:   Garbage:         -                 8M (2%)            3M (1%)            0M (0%)     
[2026-04-03T02:51:14.225+0600][11.128s][info][gc,heap     ] GC(8) y: Allocated:         -                 0M (0%)            2M (0%)            3M (1%)     
[2026-04-03T02:51:14.225+0600][11.128s][info][gc,heap     ] GC(8) y: Reclaimed:         -                  -                 4M (1%)            8M (2%)     
[2026-04-03T02:51:14.225+0600][11.128s][info][gc,heap     ] GC(8) y:  Promoted:         -                  -               173M (35%)         173M (35%)    
[2026-04-03T02:51:14.225+0600][11.128s][info][gc,heap     ] GC(8) y: Compacted:         -                  -                  -                 0M (0%)     
[2026-04-03T02:51:14.225+0600][11.128s][info][gc,phases   ] GC(8) y: Young Generation 500M(100%)->500M(100%) 0.359s
[2026-04-03T02:51:14.225+0600][11.128s][info][gc          ] GC(8) Minor Collection (High Usage) 500M(100%)->500M(100%) 0.359s
[2026-04-03T02:51:14.225+0600][11.128s][info][gc,alloc    ] GC(6) O:                         Mark Start        Mark End      Relocate Start    Relocate End   
[2026-04-03T02:51:14.225+0600][11.128s][info][gc,alloc    ] GC(6) O: Allocation Stalls:          0                1                3                3         
[2026-04-03T02:51:14.225+0600][11.128s][info][gc,load     ] GC(6) O: Load: 5.94 (50%) / 5.67 (47%) / 5.62 (47%)
[2026-04-03T02:51:14.225+0600][11.128s][info][gc,mmu      ] GC(6) O: MMU: 2ms/98.0%, 5ms/98.8%, 10ms/99.4%, 20ms/99.7%, 50ms/99.8%, 100ms/99.9%
[2026-04-03T02:51:14.225+0600][11.128s][info][gc,marking  ] GC(6) O: Mark: 2 stripe(s), 4 proactive flush(es), 1 terminate flush(es), 0 completion(s), 0 continuation(s) 
[2026-04-03T02:51:14.225+0600][11.128s][info][gc,marking  ] GC(6) O: Mark Stack Usage: 32M
[2026-04-03T02:51:14.225+0600][11.128s][info][gc,nmethod  ] GC(6) O: NMethods: 3017 registered, 130 unregistered
[2026-04-03T02:51:14.225+0600][11.128s][info][gc,metaspace] GC(6) O: Metaspace: 48M used, 48M committed, 1088M reserved
[2026-04-03T02:51:14.225+0600][11.128s][info][gc,ref      ] GC(6) O:                       Encountered   Discovered     Enqueued 
[2026-04-03T02:51:14.225+0600][11.128s][info][gc,ref      ] GC(6) O: Soft References:             3983            0            0 
[2026-04-03T02:51:14.225+0600][11.128s][info][gc,ref      ] GC(6) O: Weak References:             4085         1985          836 
[2026-04-03T02:51:14.225+0600][11.128s][info][gc,ref      ] GC(6) O: Final References:              74           16            0 
[2026-04-03T02:51:14.225+0600][11.128s][info][gc,ref      ] GC(6) O: Phantom References:           586          338            1 
[2026-04-03T02:51:14.225+0600][11.128s][info][gc,reloc    ] GC(6) O:                        Candidates     Selected     In-Place         Size        Empty    Relocated 
[2026-04-03T02:51:14.225+0600][11.128s][info][gc,reloc    ] GC(6) O: Small Pages:                   14            3            3          28M           0M           1M 
[2026-04-03T02:51:14.225+0600][11.128s][info][gc,reloc    ] GC(6) O: Medium Pages:                   1            0            0           8M           0M           0M 
[2026-04-03T02:51:14.225+0600][11.128s][info][gc,reloc    ] GC(6) O: Large Pages:                    2            0            0           6M           0M           0M 
[2026-04-03T02:51:14.225+0600][11.128s][info][gc,reloc    ] GC(6) O: Forwarding Usage: 0M
[2026-04-03T02:51:14.225+0600][11.128s][info][gc,heap     ] GC(6) O: Min Capacity: 8M(2%)
[2026-04-03T02:51:14.225+0600][11.128s][info][gc,heap     ] GC(6) O: Max Capacity: 500M(100%)
[2026-04-03T02:51:14.225+0600][11.128s][info][gc,heap     ] GC(6) O: Soft Max Capacity: 500M(100%)
[2026-04-03T02:51:14.225+0600][11.128s][info][gc,heap     ] GC(6) O: Heap Statistics:
[2026-04-03T02:51:14.225+0600][11.128s][info][gc,heap     ] GC(6) O:                Mark Start          Mark End        Relocate Start      Relocate End           High               Low         
[2026-04-03T02:51:14.225+0600][11.128s][info][gc,heap     ] GC(6) O:  Capacity:      500M (100%)        500M (100%)        500M (100%)        500M (100%)        500M (100%)        500M (100%)   
[2026-04-03T02:51:14.225+0600][11.128s][info][gc,heap     ] GC(6) O:      Free:      120M (24%)           0M (0%)            0M (0%)            0M (0%)          120M (24%)           0M (0%)     
[2026-04-03T02:51:14.225+0600][11.128s][info][gc,heap     ] GC(6) O:      Used:      380M (76%)         500M (100%)        500M (100%)        500M (100%)        500M (100%)        380M (76%)    
[2026-04-03T02:51:14.225+0600][11.128s][info][gc,heap     ] GC(6) O: Old Generation Statistics:
[2026-04-03T02:51:14.225+0600][11.128s][info][gc,heap     ] GC(6) O:                Mark Start          Mark End        Relocate Start      Relocate End    
[2026-04-03T02:51:14.225+0600][11.128s][info][gc,heap     ] GC(6) O:      Used:       42M (8%)          320M (64%)         320M (64%)         318M (64%)    
[2026-04-03T02:51:14.225+0600][11.128s][info][gc,heap     ] GC(6) O:      Live:         -                26M (5%)           26M (5%)           26M (5%)     
[2026-04-03T02:51:14.225+0600][11.128s][info][gc,heap     ] GC(6) O:   Garbage:         -                15M (3%)           15M (3%)            8M (2%)     
[2026-04-03T02:51:14.225+0600][11.128s][info][gc,heap     ] GC(6) O: Allocated:         -               278M (56%)         278M (56%)         282M (57%)    
[2026-04-03T02:51:14.225+0600][11.128s][info][gc,heap     ] GC(6) O: Reclaimed:         -                  -                 0M (0%)            6M (1%)     
[2026-04-03T02:51:14.225+0600][11.128s][info][gc,heap     ] GC(6) O: Compacted:         -                  -                  -                 1M (0%)     
[2026-04-03T02:51:14.225+0600][11.128s][info][gc,phases   ] GC(6) O: Old Generation 500M(100%)->500M(100%) 0.642s
[2026-04-03T02:51:14.225+0600][11.128s][info][gc          ] GC(6) Major Collection (Allocation Rate) 380M(76%)->500M(100%) 1.249s
[2026-04-03T02:51:14.225+0600][11.128s][info][gc          ] GC(9) Major Collection (Allocation Stall)
[2026-04-03T02:51:14.225+0600][11.129s][info][gc,task     ] GC(9) Using 3 Workers for Young Generation
[2026-04-03T02:51:14.225+0600][11.129s][info][gc,task     ] GC(9) Using 3 Workers for Old Generation
[2026-04-03T02:51:14.225+0600][11.129s][info][gc,phases   ] GC(9) Y: Young Generation (Promote All)
[2026-04-03T02:51:14.226+0600][11.129s][info][gc,phases   ] GC(9) Y: Pause Mark Start 0.077ms
[2026-04-03T02:51:14.232+0600][11.135s][info][gc,phases   ] GC(9) Y: Concurrent Mark 6.394ms
[2026-04-03T02:51:14.232+0600][11.135s][info][gc,phases   ] GC(9) Y: Pause Mark End 0.025ms
[2026-04-03T02:51:14.232+0600][11.136s][info][gc,phases   ] GC(9) Y: Concurrent Mark Free 0.001ms
[2026-04-03T02:51:14.233+0600][11.136s][info][gc,phases   ] GC(9) Y: Concurrent Reset Relocation Set 0.128ms
[2026-04-03T02:51:14.237+0600][11.140s][info][gc,reloc    ] GC(9) Y: Using tenuring threshold: 0 (Promote All)
[2026-04-03T02:51:14.238+0600][11.141s][info][gc,phases   ] GC(9) Y: Concurrent Select Relocation Set 5.030ms
[2026-04-03T02:51:14.238+0600][11.141s][info][gc,phases   ] GC(9) Y: Pause Relocate Start 0.020ms
[2026-04-03T02:51:14.239+0600][11.142s][info][gc,phases   ] GC(9) Y: Concurrent Relocate 1.178ms
[2026-04-03T02:51:14.239+0600][11.142s][info][gc,alloc    ] GC(9) Y:                         Mark Start        Mark End      Relocate Start    Relocate End   
[2026-04-03T02:51:14.239+0600][11.143s][info][gc,alloc    ] GC(9) Y: Allocation Stalls:          2                2                2                2         
[2026-04-03T02:51:14.239+0600][11.143s][info][gc,load     ] GC(9) Y: Load: 5.94 (50%) / 5.67 (47%) / 5.62 (47%)
[2026-04-03T02:51:14.239+0600][11.143s][info][gc,mmu      ] GC(9) Y: MMU: 2ms/96.2%, 5ms/98.5%, 10ms/99.0%, 20ms/99.4%, 50ms/99.8%, 100ms/99.9%
[2026-04-03T02:51:14.239+0600][11.143s][info][gc,marking  ] GC(9) Y: Mark: 2 stripe(s), 1 proactive flush(es), 1 terminate flush(es), 0 completion(s), 0 continuation(s) 
[2026-04-03T02:51:14.239+0600][11.143s][info][gc,marking  ] GC(9) Y: Mark Stack Usage: 32M
[2026-04-03T02:51:14.239+0600][11.143s][info][gc,nmethod  ] GC(9) Y: NMethods: 3017 registered, 130 unregistered
[2026-04-03T02:51:14.239+0600][11.143s][info][gc,metaspace] GC(9) Y: Metaspace: 48M used, 48M committed, 1088M reserved
[2026-04-03T02:51:14.239+0600][11.143s][info][gc,reloc    ] GC(9) Y:                        Candidates     Selected     In-Place         Size        Empty    Relocated 
[2026-04-03T02:51:14.239+0600][11.143s][info][gc,reloc    ] GC(9) Y: Small Pages:                    2            1            2           4M           0M           0M 
[2026-04-03T02:51:14.239+0600][11.143s][info][gc,reloc    ] GC(9) Y: Medium Pages:                   0            0            0           0M           0M           0M 
[2026-04-03T02:51:14.239+0600][11.143s][info][gc,reloc    ] GC(9) Y: Large Pages:                    0            0            0           0M           0M           0M 
[2026-04-03T02:51:14.239+0600][11.143s][info][gc,reloc    ] GC(9) Y: Forwarding Usage: 0M
[2026-04-03T02:51:14.239+0600][11.143s][info][gc,reloc    ] GC(9) Y: Age Table:
[2026-04-03T02:51:14.239+0600][11.143s][info][gc,reloc    ] GC(9) Y:                    Live             Garbage             Small              Medium             Large        
[2026-04-03T02:51:14.239+0600][11.143s][info][gc,reloc    ] GC(9) Y: Eden               0M (0%)            1M (0%)           1 / 1              0 / 0              0 / 0        
[2026-04-03T02:51:14.240+0600][11.143s][info][gc,reloc    ] GC(9) Y: Survivor 1         0M (0%)            1M (0%)           1 / 0              0 / 0              0 / 0        
[2026-04-03T02:51:14.240+0600][11.143s][info][gc,heap     ] GC(9) Y: Min Capacity: 8M(2%)
[2026-04-03T02:51:14.240+0600][11.143s][info][gc,heap     ] GC(9) Y: Max Capacity: 500M(100%)
[2026-04-03T02:51:14.240+0600][11.143s][info][gc,heap     ] GC(9) Y: Soft Max Capacity: 500M(100%)
[2026-04-03T02:51:14.240+0600][11.143s][info][gc,heap     ] GC(9) Y: Heap Statistics:
[2026-04-03T02:51:14.240+0600][11.143s][info][gc,heap     ] GC(9) Y:                Mark Start          Mark End        Relocate Start      Relocate End           High               Low         
[2026-04-03T02:51:14.240+0600][11.143s][info][gc,heap     ] GC(9) Y:  Capacity:      500M (100%)        500M (100%)        500M (100%)        500M (100%)        500M (100%)        500M (100%)   
[2026-04-03T02:51:14.240+0600][11.143s][info][gc,heap     ] GC(9) Y:      Free:        0M (0%)            0M (0%)            0M (0%)            0M (0%)            0M (0%)            0M (0%)     
[2026-04-03T02:51:14.240+0600][11.143s][info][gc,heap     ] GC(9) Y:      Used:      500M (100%)        500M (100%)        500M (100%)        500M (100%)        500M (100%)        500M (100%)   
[2026-04-03T02:51:14.240+0600][11.143s][info][gc,heap     ] GC(9) Y: Young Generation Statistics:
[2026-04-03T02:51:14.240+0600][11.143s][info][gc,heap     ] GC(9) Y:                Mark Start          Mark End        Relocate Start      Relocate End    
[2026-04-03T02:51:14.240+0600][11.143s][info][gc,heap     ] GC(9) Y:      Used:        4M (1%)            4M (1%)            4M (1%)            0M (0%)     
[2026-04-03T02:51:14.240+0600][11.143s][info][gc,heap     ] GC(9) Y:      Live:         -                 0M (0%)            0M (0%)            0M (0%)     
[2026-04-03T02:51:14.240+0600][11.143s][info][gc,heap     ] GC(9) Y:   Garbage:         -                 3M (1%)            3M (1%)            0M (0%)     
[2026-04-03T02:51:14.240+0600][11.143s][info][gc,heap     ] GC(9) Y: Allocated:         -                 0M (0%)            0M (0%)            0M (0%)     
[2026-04-03T02:51:14.240+0600][11.143s][info][gc,heap     ] GC(9) Y: Reclaimed:         -                  -                 0M (0%)            3M (1%)     
[2026-04-03T02:51:14.240+0600][11.143s][info][gc,heap     ] GC(9) Y:  Promoted:         -                  -                 0M (0%)            0M (0%)     
[2026-04-03T02:51:14.240+0600][11.143s][info][gc,heap     ] GC(9) Y: Compacted:         -                  -                  -                 0M (0%)     
[2026-04-03T02:51:14.240+0600][11.143s][info][gc,phases   ] GC(9) Y: Young Generation (Promote All) 500M(100%)->500M(100%) 0.014s
[2026-04-03T02:51:14.240+0600][11.143s][info][gc,phases   ] GC(9) Y: Young Generation (Collect Roots)
[2026-04-03T02:51:14.240+0600][11.143s][info][gc,phases   ] GC(9) Y: Pause Mark Start (Major) 0.025ms
[2026-04-03T02:51:14.246+0600][11.149s][info][gc,phases   ] GC(9) Y: Concurrent Mark 5.347ms
[2026-04-03T02:51:14.246+0600][11.149s][info][gc,phases   ] GC(9) Y: Pause Mark End 0.091ms
[2026-04-03T02:51:14.246+0600][11.149s][info][gc,phases   ] GC(9) Y: Concurrent Mark Free 0.434ms
[2026-04-03T02:51:14.246+0600][11.150s][info][gc,phases   ] GC(9) Y: Concurrent Reset Relocation Set 0.007ms
[2026-04-03T02:51:14.248+0600][11.151s][info][gc,reloc    ] GC(9) Y: Using tenuring threshold: 0 (Computed)
[2026-04-03T02:51:14.248+0600][11.151s][info][gc,phases   ] GC(9) Y: Concurrent Select Relocation Set 1.617ms
[2026-04-03T02:51:14.248+0600][11.151s][info][gc,phases   ] GC(9) Y: Pause Relocate Start 0.022ms
[2026-04-03T02:51:14.248+0600][11.152s][info][gc,phases   ] GC(9) Y: Concurrent Relocate 0.146ms
[2026-04-03T02:51:14.248+0600][11.152s][info][gc,alloc    ] GC(9) Y:                         Mark Start        Mark End      Relocate Start    Relocate End   
[2026-04-03T02:51:14.249+0600][11.152s][info][gc,alloc    ] GC(9) Y: Allocation Stalls:          2                2                2                2         
[2026-04-03T02:51:14.249+0600][11.152s][info][gc,load     ] GC(9) Y: Load: 5.94 (50%) / 5.67 (47%) / 5.62 (47%)
[2026-04-03T02:51:14.249+0600][11.152s][info][gc,mmu      ] GC(9) Y: MMU: 2ms/95.4%, 5ms/97.7%, 10ms/98.6%, 20ms/99.1%, 50ms/99.5%, 100ms/99.7%
[2026-04-03T02:51:14.249+0600][11.152s][info][gc,marking  ] GC(9) Y: Mark: 2 stripe(s), 1 proactive flush(es), 1 terminate flush(es), 0 completion(s), 0 continuation(s) 
[2026-04-03T02:51:14.249+0600][11.152s][info][gc,marking  ] GC(9) Y: Mark Stack Usage: 0M
[2026-04-03T02:51:14.249+0600][11.152s][info][gc,nmethod  ] GC(9) Y: NMethods: 3017 registered, 130 unregistered
[2026-04-03T02:51:14.249+0600][11.152s][info][gc,metaspace] GC(9) Y: Metaspace: 48M used, 48M committed, 1088M reserved
[2026-04-03T02:51:14.249+0600][11.152s][info][gc,heap     ] GC(9) Y: Min Capacity: 8M(2%)
[2026-04-03T02:51:14.249+0600][11.152s][info][gc,heap     ] GC(9) Y: Max Capacity: 500M(100%)
[2026-04-03T02:51:14.249+0600][11.152s][info][gc,heap     ] GC(9) Y: Soft Max Capacity: 500M(100%)
[2026-04-03T02:51:14.249+0600][11.152s][info][gc,heap     ] GC(9) Y: Heap Statistics:
[2026-04-03T02:51:14.249+0600][11.152s][info][gc,heap     ] GC(9) Y:                Mark Start          Mark End        Relocate Start      Relocate End           High               Low         
[2026-04-03T02:51:14.249+0600][11.152s][info][gc,heap     ] GC(9) Y:  Capacity:      500M (100%)        500M (100%)        500M (100%)        500M (100%)        500M (100%)        500M (100%)   
[2026-04-03T02:51:14.249+0600][11.152s][info][gc,heap     ] GC(9) Y:      Free:        0M (0%)            0M (0%)            0M (0%)            0M (0%)            0M (0%)            0M (0%)     
[2026-04-03T02:51:14.249+0600][11.152s][info][gc,heap     ] GC(9) Y:      Used:      500M (100%)        500M (100%)        500M (100%)        500M (100%)        500M (100%)        500M (100%)   
[2026-04-03T02:51:14.249+0600][11.152s][info][gc,heap     ] GC(9) Y: Young Generation Statistics:
[2026-04-03T02:51:14.249+0600][11.152s][info][gc,heap     ] GC(9) Y:                Mark Start          Mark End        Relocate Start      Relocate End    
[2026-04-03T02:51:14.249+0600][11.152s][info][gc,heap     ] GC(9) Y:      Used:        0M (0%)            0M (0%)            0M (0%)            0M (0%)     
[2026-04-03T02:51:14.249+0600][11.152s][info][gc,heap     ] GC(9) Y:      Live:         -                 0M (0%)            0M (0%)            0M (0%)     
[2026-04-03T02:51:14.249+0600][11.152s][info][gc,heap     ] GC(9) Y:   Garbage:         -                 0M (0%)            0M (0%)            0M (0%)     
[2026-04-03T02:51:14.249+0600][11.152s][info][gc,heap     ] GC(9) Y: Allocated:         -                 0M (0%)            0M (0%)            0M (0%)     
[2026-04-03T02:51:14.249+0600][11.152s][info][gc,heap     ] GC(9) Y: Reclaimed:         -                  -                 0M (0%)            0M (0%)     
[2026-04-03T02:51:14.249+0600][11.152s][info][gc,heap     ] GC(9) Y:  Promoted:         -                  -                 0M (0%)            0M (0%)     
[2026-04-03T02:51:14.249+0600][11.152s][info][gc,heap     ] GC(9) Y: Compacted:         -                  -                  -                 0M (0%)     
[2026-04-03T02:51:14.249+0600][11.152s][info][gc,phases   ] GC(9) Y: Young Generation (Collect Roots) 500M(100%)->500M(100%) 0.009s
[2026-04-03T02:51:14.249+0600][11.152s][info][gc,phases   ] GC(9) O: Old Generation
[2026-04-03T02:51:14.899+0600][11.802s][info][gc,phases   ] GC(9) O: Concurrent Mark 650.699ms
[2026-04-03T02:51:14.900+0600][11.803s][info][gc,phases   ] GC(9) O: Pause Mark End 0.028ms
[2026-04-03T02:51:14.900+0600][11.803s][info][gc,phases   ] GC(9) O: Concurrent Mark Free 0.002ms
[2026-04-03T02:51:14.900+0600][11.803s][info][gc,ref      ] GC(9) O: Clearing All SoftReferences
[2026-04-03T02:51:14.909+0600][11.812s][info][gc,phases   ] GC(9) O: Concurrent Process Non-Strong 9.026ms
[2026-04-03T02:51:14.909+0600][11.812s][info][gc,phases   ] GC(9) O: Concurrent Reset Relocation Set 0.002ms
[2026-04-03T02:51:14.910+0600][11.813s][info][gc          ] GC(10) Minor Collection (Allocation Stall)
[2026-04-03T02:51:14.910+0600][11.813s][info][gc,task     ] GC(10) Using 3 Workers for Young Generation
[2026-04-03T02:51:14.910+0600][11.813s][info][gc,phases   ] GC(10) y: Young Generation
[2026-04-03T02:51:14.910+0600][11.813s][info][gc,phases   ] GC(10) y: Pause Mark Start 0.022ms
[2026-04-03T02:51:14.911+0600][11.814s][info][gc,phases   ] GC(9) O: Concurrent Select Relocation Set 2.186ms
[2026-04-03T02:51:14.915+0600][11.819s][info][gc,phases   ] GC(10) y: Concurrent Mark 5.258ms
[2026-04-03T02:51:14.916+0600][11.819s][info][gc,phases   ] GC(10) y: Pause Mark End 0.034ms
[2026-04-03T02:51:14.916+0600][11.819s][info][gc,phases   ] GC(10) y: Concurrent Mark Free 0.002ms
[2026-04-03T02:51:14.916+0600][11.819s][info][gc,phases   ] GC(10) y: Concurrent Reset Relocation Set 0.000ms
[2026-04-03T02:51:14.917+0600][11.821s][info][gc,reloc    ] GC(10) y: Using tenuring threshold: 0 (Computed)
[2026-04-03T02:51:14.918+0600][11.821s][info][gc,phases   ] GC(10) y: Concurrent Select Relocation Set 1.638ms
[2026-04-03T02:51:14.918+0600][11.821s][info][gc,phases   ] GC(10) y: Pause Relocate Start 0.021ms
[2026-04-03T02:51:14.918+0600][11.821s][info][gc,phases   ] GC(10) y: Concurrent Relocate 0.127ms
[2026-04-03T02:51:14.918+0600][11.821s][info][gc,alloc    ] GC(10) y:                         Mark Start        Mark End      Relocate Start    Relocate End   
[2026-04-03T02:51:14.918+0600][11.821s][info][gc,alloc    ] GC(10) y: Allocation Stalls:          3                3                3                3         
[2026-04-03T02:51:14.918+0600][11.821s][info][gc,load     ] GC(10) y: Load: 5.94 (50%) / 5.67 (47%) / 5.62 (47%)
[2026-04-03T02:51:14.918+0600][11.821s][info][gc,mmu      ] GC(10) y: MMU: 2ms/95.4%, 5ms/97.7%, 10ms/98.6%, 20ms/99.1%, 50ms/99.5%, 100ms/99.7%
[2026-04-03T02:51:14.918+0600][11.821s][info][gc,marking  ] GC(10) y: Mark: 2 stripe(s), 1 proactive flush(es), 1 terminate flush(es), 0 completion(s), 0 continuation(s) 
[2026-04-03T02:51:14.918+0600][11.821s][info][gc,marking  ] GC(10) y: Mark Stack Usage: 0M
[2026-04-03T02:51:14.918+0600][11.821s][info][gc,nmethod  ] GC(10) y: NMethods: 3021 registered, 130 unregistered
[2026-04-03T02:51:14.918+0600][11.821s][info][gc,metaspace] GC(10) y: Metaspace: 47M used, 48M committed, 1088M reserved
[2026-04-03T02:51:14.918+0600][11.821s][info][gc,heap     ] GC(10) y: Min Capacity: 8M(2%)
[2026-04-03T02:51:14.918+0600][11.821s][info][gc,heap     ] GC(10) y: Max Capacity: 500M(100%)
[2026-04-03T02:51:14.918+0600][11.821s][info][gc,heap     ] GC(10) y: Soft Max Capacity: 500M(100%)
[2026-04-03T02:51:14.918+0600][11.821s][info][gc,heap     ] GC(10) y: Heap Statistics:
[2026-04-03T02:51:14.918+0600][11.821s][info][gc,heap     ] GC(10) y:                Mark Start          Mark End        Relocate Start      Relocate End           High               Low         
[2026-04-03T02:51:14.918+0600][11.821s][info][gc,heap     ] GC(10) y:  Capacity:      500M (100%)        500M (100%)        500M (100%)        500M (100%)        500M (100%)        500M (100%)   
[2026-04-03T02:51:14.918+0600][11.821s][info][gc,heap     ] GC(10) y:      Free:        0M (0%)            0M (0%)            0M (0%)            0M (0%)            0M (0%)            0M (0%)     
[2026-04-03T02:51:14.918+0600][11.821s][info][gc,heap     ] GC(10) y:      Used:      500M (100%)        500M (100%)        500M (100%)        500M (100%)        500M (100%)        500M (100%)   
[2026-04-03T02:51:14.918+0600][11.821s][info][gc,heap     ] GC(10) y: Young Generation Statistics:
[2026-04-03T02:51:14.918+0600][11.821s][info][gc,heap     ] GC(10) y:                Mark Start          Mark End        Relocate Start      Relocate End    
[2026-04-03T02:51:14.918+0600][11.821s][info][gc,heap     ] GC(10) y:      Used:        0M (0%)            0M (0%)            0M (0%)            0M (0%)     
[2026-04-03T02:51:14.918+0600][11.821s][info][gc,heap     ] GC(10) y:      Live:         -                 0M (0%)            0M (0%)            0M (0%)     
[2026-04-03T02:51:14.918+0600][11.821s][info][gc,heap     ] GC(10) y:   Garbage:         -                 0M (0%)            0M (0%)            0M (0%)     
[2026-04-03T02:51:14.918+0600][11.821s][info][gc,heap     ] GC(10) y: Allocated:         -                 0M (0%)            0M (0%)            0M (0%)     
[2026-04-03T02:51:14.918+0600][11.821s][info][gc,heap     ] GC(10) y: Reclaimed:         -                  -                 0M (0%)            0M (0%)     
[2026-04-03T02:51:14.918+0600][11.821s][info][gc,heap     ] GC(10) y:  Promoted:         -                  -                 0M (0%)            0M (0%)     
[2026-04-03T02:51:14.918+0600][11.821s][info][gc,heap     ] GC(10) y: Compacted:         -                  -                  -                 0M (0%)     
[2026-04-03T02:51:14.918+0600][11.821s][info][gc,phases   ] GC(10) y: Young Generation 500M(100%)->500M(100%) 0.008s
[2026-04-03T02:51:14.918+0600][11.821s][info][gc          ] GC(10) Minor Collection (Allocation Stall) 500M(100%)->500M(100%) 0.008s
[2026-04-03T02:51:14.918+0600][11.821s][info][gc,task     ] GC(9) O: Using 3 Workers for Old Generation
[2026-04-03T02:51:14.934+0600][11.837s][info][gc,task     ] GC(9) O: Using 3 Workers for Old Generation
[2026-04-03T02:51:14.934+0600][11.837s][info][gc,phases   ] GC(9) O: Concurrent Remap Roots 15.428ms
[2026-04-03T02:51:14.934+0600][11.837s][info][gc,phases   ] GC(9) O: Pause Relocate Start 0.017ms
[2026-04-03T02:51:14.935+0600][11.838s][info][gc          ] Allocation Stall (Reference Handler) 25.189ms
[2026-04-03T02:51:14.937+0600][11.840s][info][gc          ] Relocation Stall (Spark Context Cleaner) 2.301ms
[2026-04-03T02:51:14.937+0600][11.840s][info][gc          ] Allocation Stall (Spark Context Cleaner) 1276.526ms
[2026-04-03T02:51:14.937+0600][11.840s][info][gc          ] Relocation Stall (Reference Handler) 1.918ms
[2026-04-03T02:51:14.937+0600][11.840s][info][gc,phases   ] GC(9) O: Concurrent Relocate 3.113ms
[2026-04-03T02:51:14.937+0600][11.840s][info][gc          ] Relocation Stall (main) 2.398ms
[2026-04-03T02:51:14.937+0600][11.840s][info][gc,alloc    ] GC(9) O:                         Mark Start        Mark End      Relocate Start    Relocate End   
[2026-04-03T02:51:14.937+0600][11.840s][info][gc,alloc    ] GC(9) O: Allocation Stalls:          2                2                3                0         
[2026-04-03T02:51:14.937+0600][11.841s][info][gc,load     ] GC(9) O: Load: 5.94 (50%) / 5.67 (47%) / 5.62 (47%)
[2026-04-03T02:51:14.937+0600][11.841s][info][gc,mmu      ] GC(9) O: MMU: 2ms/95.4%, 5ms/97.7%, 10ms/98.6%, 20ms/99.1%, 50ms/99.5%, 100ms/99.7%
[2026-04-03T02:51:14.937+0600][11.841s][info][gc,marking  ] GC(9) O: Mark: 2 stripe(s), 10 proactive flush(es), 1 terminate flush(es), 0 completion(s), 0 continuation(s) 
[2026-04-03T02:51:14.937+0600][11.841s][info][gc,marking  ] GC(9) O: Mark Stack Usage: 32M
[2026-04-03T02:51:14.937+0600][11.841s][info][gc,nmethod  ] GC(9) O: NMethods: 3021 registered, 130 unregistered
[2026-04-03T02:51:14.937+0600][11.841s][info][gc,metaspace] GC(9) O: Metaspace: 47M used, 48M committed, 1088M reserved
[2026-04-03T02:51:14.937+0600][11.841s][info][gc,ref      ] GC(9) O:                       Encountered   Discovered     Enqueued 
[2026-04-03T02:51:14.937+0600][11.841s][info][gc,ref      ] GC(9) O: Soft References:             3922         1664         1499 
[2026-04-03T02:51:14.937+0600][11.841s][info][gc,ref      ] GC(9) O: Weak References:             3249         2497          608 
[2026-04-03T02:51:14.937+0600][11.841s][info][gc,ref      ] GC(9) O: Final References:              74           72            0 
[2026-04-03T02:51:14.937+0600][11.841s][info][gc,ref      ] GC(9) O: Phantom References:           585          425            0 
[2026-04-03T02:51:14.937+0600][11.841s][info][gc          ] Allocation Stall (main) 1068.551ms
[2026-04-03T02:51:14.937+0600][11.841s][info][gc,reloc    ] GC(9) O:                        Candidates     Selected     In-Place         Size        Empty    Relocated 
[2026-04-03T02:51:14.938+0600][11.841s][info][gc,reloc    ] GC(9) O: Small Pages:                  239            7            2         478M           0M           2M 
[2026-04-03T02:51:14.938+0600][11.841s][info][gc,reloc    ] GC(9) O: Medium Pages:                   2            1            1          16M           0M           1M 
[2026-04-03T02:51:14.938+0600][11.841s][info][gc,reloc    ] GC(9) O: Large Pages:                    2            0            0           6M           0M           0M 
[2026-04-03T02:51:14.938+0600][11.841s][info][gc,reloc    ] GC(9) O: Forwarding Usage: 1M
[2026-04-03T02:51:14.938+0600][11.841s][info][gc,heap     ] GC(9) O: Min Capacity: 8M(2%)
[2026-04-03T02:51:14.938+0600][11.841s][info][gc,heap     ] GC(9) O: Max Capacity: 500M(100%)
[2026-04-03T02:51:14.938+0600][11.841s][info][gc,heap     ] GC(9) O: Soft Max Capacity: 500M(100%)
[2026-04-03T02:51:14.938+0600][11.841s][info][gc,heap     ] GC(9) O: Heap Statistics:
[2026-04-03T02:51:14.938+0600][11.841s][info][gc,heap     ] GC(9) O:                Mark Start          Mark End        Relocate Start      Relocate End           High               Low         
[2026-04-03T02:51:14.938+0600][11.841s][info][gc,heap     ] GC(9) O:  Capacity:      500M (100%)        500M (100%)        500M (100%)        500M (100%)        500M (100%)        500M (100%)   
[2026-04-03T02:51:14.938+0600][11.841s][info][gc,heap     ] GC(9) O:      Free:        0M (0%)            0M (0%)            0M (0%)           14M (3%)           14M (3%)            0M (0%)     
[2026-04-03T02:51:14.938+0600][11.841s][info][gc,heap     ] GC(9) O:      Used:      500M (100%)        500M (100%)        500M (100%)        486M (97%)         500M (100%)        486M (97%)    
[2026-04-03T02:51:14.938+0600][11.841s][info][gc,heap     ] GC(9) O: Old Generation Statistics:
[2026-04-03T02:51:14.938+0600][11.841s][info][gc,heap     ] GC(9) O:                Mark Start          Mark End        Relocate Start      Relocate End    
[2026-04-03T02:51:14.938+0600][11.841s][info][gc,heap     ] GC(9) O:      Used:      500M (100%)        500M (100%)        500M (100%)        480M (96%)    
[2026-04-03T02:51:14.938+0600][11.841s][info][gc,heap     ] GC(9) O:      Live:         -               461M (92%)         461M (92%)         461M (92%)    
[2026-04-03T02:51:14.938+0600][11.841s][info][gc,heap     ] GC(9) O:   Garbage:         -                38M (8%)           38M (8%)           10M (2%)     
[2026-04-03T02:51:14.938+0600][11.841s][info][gc,heap     ] GC(9) O: Allocated:         -                 0M (0%)            0M (0%)            8M (2%)     
[2026-04-03T02:51:14.938+0600][11.841s][info][gc,heap     ] GC(9) O: Reclaimed:         -                  -                 0M (0%)           28M (6%)     
[2026-04-03T02:51:14.938+0600][11.841s][info][gc,heap     ] GC(9) O: Compacted:         -                  -                  -                 5M (1%)     
[2026-04-03T02:51:14.938+0600][11.841s][info][gc,phases   ] GC(9) O: Old Generation 500M(100%)->486M(97%) 0.689s
[2026-04-03T02:51:14.938+0600][11.841s][info][gc          ] GC(9) Major Collection (Allocation Stall) 500M(100%)->486M(97%) 0.712s
[2026-04-03T02:51:14.970+0600][11.873s][info][gc          ] GC(11) Minor Collection (Allocation Stall)
[2026-04-03T02:51:14.970+0600][11.873s][info][gc,task     ] GC(11) Using 3 Workers for Young Generation
[2026-04-03T02:51:14.970+0600][11.873s][info][gc,phases   ] GC(11) y: Young Generation
[2026-04-03T02:51:14.970+0600][11.873s][info][gc,phases   ] GC(11) y: Pause Mark Start 0.019ms
[2026-04-03T02:51:14.995+0600][11.898s][info][gc,phases   ] GC(11) y: Concurrent Mark 24.672ms
[2026-04-03T02:51:14.995+0600][11.898s][info][gc,phases   ] GC(11) y: Pause Mark End 0.026ms
[2026-04-03T02:51:14.995+0600][11.898s][info][gc,phases   ] GC(11) y: Concurrent Mark Free 0.001ms
[2026-04-03T02:51:14.995+0600][11.898s][info][gc,phases   ] GC(11) y: Concurrent Reset Relocation Set 0.000ms
[2026-04-03T02:51:14.996+0600][11.900s][info][gc,reloc    ] GC(11) y: Using tenuring threshold: 1 (Computed)
[2026-04-03T02:51:14.997+0600][11.900s][info][gc,phases   ] GC(11) y: Concurrent Select Relocation Set 1.441ms
[2026-04-03T02:51:14.997+0600][11.900s][info][gc,phases   ] GC(11) y: Pause Relocate Start 0.007ms
[2026-04-03T02:51:14.997+0600][11.900s][info][gc,phases   ] GC(11) y: Concurrent Relocate 0.067ms
[2026-04-03T02:51:14.997+0600][11.900s][info][gc,alloc    ] GC(11) y:                         Mark Start        Mark End      Relocate Start    Relocate End   
[2026-04-03T02:51:14.997+0600][11.900s][info][gc,alloc    ] GC(11) y: Allocation Stalls:          1                1                1                1         
[2026-04-03T02:51:14.997+0600][11.900s][info][gc,load     ] GC(11) y: Load: 5.94 (50%) / 5.67 (47%) / 5.62 (47%)
[2026-04-03T02:51:14.997+0600][11.900s][info][gc,mmu      ] GC(11) y: MMU: 2ms/95.4%, 5ms/97.7%, 10ms/98.6%, 20ms/99.1%, 50ms/99.5%, 100ms/99.7%
[2026-04-03T02:51:14.997+0600][11.900s][info][gc,marking  ] GC(11) y: Mark: 2 stripe(s), 10 proactive flush(es), 1 terminate flush(es), 0 completion(s), 0 continuation(s) 
[2026-04-03T02:51:14.997+0600][11.900s][info][gc,marking  ] GC(11) y: Mark Stack Usage: 32M
[2026-04-03T02:51:14.997+0600][11.900s][info][gc,nmethod  ] GC(11) y: NMethods: 3022 registered, 130 unregistered
[2026-04-03T02:51:14.997+0600][11.900s][info][gc,metaspace] GC(11) y: Metaspace: 47M used, 48M committed, 1088M reserved
[2026-04-03T02:51:14.997+0600][11.900s][info][gc,reloc    ] GC(11) y:                        Candidates     Selected     In-Place         Size        Empty    Relocated 
[2026-04-03T02:51:14.997+0600][11.900s][info][gc,reloc    ] GC(11) y: Small Pages:                   10            1            2          20M           0M           0M 
[2026-04-03T02:51:14.997+0600][11.900s][info][gc,reloc    ] GC(11) y: Medium Pages:                   0            0            0           0M           0M           0M 
[2026-04-03T02:51:14.997+0600][11.900s][info][gc,reloc    ] GC(11) y: Large Pages:                    0            0            0           0M           0M           0M 
[2026-04-03T02:51:14.997+0600][11.900s][info][gc,reloc    ] GC(11) y: Forwarding Usage: 0M
[2026-04-03T02:51:14.997+0600][11.900s][info][gc,reloc    ] GC(11) y: Age Table:
[2026-04-03T02:51:14.997+0600][11.900s][info][gc,reloc    ] GC(11) y:                    Live             Garbage             Small              Medium             Large        
[2026-04-03T02:51:14.997+0600][11.900s][info][gc,reloc    ] GC(11) y: Eden              15M (3%)            4M (1%)          10 / 1              0 / 0              0 / 0        
[2026-04-03T02:51:14.997+0600][11.900s][info][gc,heap     ] GC(11) y: Min Capacity: 8M(2%)
[2026-04-03T02:51:14.997+0600][11.900s][info][gc,heap     ] GC(11) y: Max Capacity: 500M(100%)
[2026-04-03T02:51:14.997+0600][11.900s][info][gc,heap     ] GC(11) y: Soft Max Capacity: 500M(100%)
[2026-04-03T02:51:14.997+0600][11.900s][info][gc,heap     ] GC(11) y: Heap Statistics:
[2026-04-03T02:51:14.997+0600][11.900s][info][gc,heap     ] GC(11) y:                Mark Start          Mark End        Relocate Start      Relocate End           High               Low         
[2026-04-03T02:51:14.997+0600][11.900s][info][gc,heap     ] GC(11) y:  Capacity:      500M (100%)        500M (100%)        500M (100%)        500M (100%)        500M (100%)        500M (100%)   
[2026-04-03T02:51:14.997+0600][11.900s][info][gc,heap     ] GC(11) y:      Free:        0M (0%)            0M (0%)            0M (0%)            0M (0%)            0M (0%)            0M (0%)     
[2026-04-03T02:51:14.997+0600][11.900s][info][gc,heap     ] GC(11) y:      Used:      500M (100%)        500M (100%)        500M (100%)        500M (100%)        500M (100%)        500M (100%)   
[2026-04-03T02:51:14.997+0600][11.900s][info][gc,heap     ] GC(11) y: Young Generation Statistics:
[2026-04-03T02:51:14.997+0600][11.900s][info][gc,heap     ] GC(11) y:                Mark Start          Mark End        Relocate Start      Relocate End    
[2026-04-03T02:51:14.997+0600][11.900s][info][gc,heap     ] GC(11) y:      Used:       20M (4%)           20M (4%)           20M (4%)           20M (4%)     
[2026-04-03T02:51:14.997+0600][11.900s][info][gc,heap     ] GC(11) y:      Live:         -                15M (3%)           15M (3%)           15M (3%)     
[2026-04-03T02:51:14.997+0600][11.900s][info][gc,heap     ] GC(11) y:   Garbage:         -                 4M (1%)            4M (1%)            0M (0%)     
[2026-04-03T02:51:14.997+0600][11.900s][info][gc,heap     ] GC(11) y: Allocated:         -                 0M (0%)            0M (0%)            3M (1%)     
[2026-04-03T02:51:14.997+0600][11.900s][info][gc,heap     ] GC(11) y: Reclaimed:         -                  -                 0M (0%)            3M (1%)     
[2026-04-03T02:51:14.997+0600][11.900s][info][gc,heap     ] GC(11) y:  Promoted:         -                  -                 0M (0%)            0M (0%)     
[2026-04-03T02:51:14.997+0600][11.900s][info][gc,heap     ] GC(11) y: Compacted:         -                  -                  -                 0M (0%)     
[2026-04-03T02:51:14.997+0600][11.900s][info][gc,phases   ] GC(11) y: Young Generation 500M(100%)->500M(100%) 0.027s
[2026-04-03T02:51:14.997+0600][11.900s][info][gc          ] GC(11) Minor Collection (Allocation Stall) 500M(100%)->500M(100%) 0.027s
[2026-04-03T02:51:14.997+0600][11.900s][info][gc          ] GC(12) Major Collection (Allocation Stall)
[2026-04-03T02:51:14.997+0600][11.900s][info][gc,task     ] GC(12) Using 3 Workers for Young Generation
[2026-04-03T02:51:14.997+0600][11.900s][info][gc,task     ] GC(12) Using 3 Workers for Old Generation
[2026-04-03T02:51:14.997+0600][11.900s][info][gc,phases   ] GC(12) Y: Young Generation (Promote All)
[2026-04-03T02:51:14.997+0600][11.900s][info][gc,phases   ] GC(12) Y: Pause Mark Start 0.014ms
[2026-04-03T02:51:15.024+0600][11.927s][info][gc,phases   ] GC(12) Y: Concurrent Mark 26.780ms
[2026-04-03T02:51:15.024+0600][11.927s][info][gc,phases   ] GC(12) Y: Pause Mark End 0.015ms
[2026-04-03T02:51:15.024+0600][11.927s][info][gc,phases   ] GC(12) Y: Concurrent Mark Free 0.002ms
[2026-04-03T02:51:15.024+0600][11.927s][info][gc,phases   ] GC(12) Y: Concurrent Reset Relocation Set 0.001ms
[2026-04-03T02:51:15.026+0600][11.929s][info][gc,reloc    ] GC(12) Y: Using tenuring threshold: 0 (Promote All)
[2026-04-03T02:51:15.029+0600][11.932s][info][gc,phases   ] GC(12) Y: Concurrent Select Relocation Set 4.802ms
[2026-04-03T02:51:15.029+0600][11.932s][info][gc,phases   ] GC(12) Y: Pause Relocate Start 0.016ms
[2026-04-03T02:51:15.036+0600][11.939s][info][gc,phases   ] GC(12) Y: Concurrent Relocate 6.143ms
[2026-04-03T02:51:15.036+0600][11.939s][info][gc,alloc    ] GC(12) Y:                         Mark Start        Mark End      Relocate Start    Relocate End   
[2026-04-03T02:51:15.036+0600][11.939s][info][gc,alloc    ] GC(12) Y: Allocation Stalls:          1                1                1                1         
[2026-04-03T02:51:15.036+0600][11.939s][info][gc,load     ] GC(12) Y: Load: 5.94 (50%) / 5.67 (47%) / 5.62 (47%)
[2026-04-03T02:51:15.036+0600][11.939s][info][gc,mmu      ] GC(12) Y: MMU: 2ms/95.4%, 5ms/97.7%, 10ms/98.6%, 20ms/99.1%, 50ms/99.5%, 100ms/99.7%
[2026-04-03T02:51:15.036+0600][11.939s][info][gc,marking  ] GC(12) Y: Mark: 2 stripe(s), 10 proactive flush(es), 1 terminate flush(es), 0 completion(s), 0 continuation(s) 
[2026-04-03T02:51:15.036+0600][11.939s][info][gc,marking  ] GC(12) Y: Mark Stack Usage: 32M
[2026-04-03T02:51:15.036+0600][11.939s][info][gc,nmethod  ] GC(12) Y: NMethods: 3022 registered, 130 unregistered
[2026-04-03T02:51:15.036+0600][11.939s][info][gc,metaspace] GC(12) Y: Metaspace: 47M used, 48M committed, 1088M reserved
[2026-04-03T02:51:15.036+0600][11.939s][info][gc,reloc    ] GC(12) Y:                        Candidates     Selected     In-Place         Size        Empty    Relocated 
[2026-04-03T02:51:15.036+0600][11.939s][info][gc,reloc    ] GC(12) Y: Small Pages:                   10            1            2          20M           0M           0M 
[2026-04-03T02:51:15.036+0600][11.939s][info][gc,reloc    ] GC(12) Y: Medium Pages:                   0            0            0           0M           0M           0M 
[2026-04-03T02:51:15.036+0600][11.939s][info][gc,reloc    ] GC(12) Y: Large Pages:                    0            0            0           0M           0M           0M 
[2026-04-03T02:51:15.036+0600][11.939s][info][gc,reloc    ] GC(12) Y: Forwarding Usage: 0M
[2026-04-03T02:51:15.036+0600][11.939s][info][gc,reloc    ] GC(12) Y: Age Table:
[2026-04-03T02:51:15.036+0600][11.939s][info][gc,reloc    ] GC(12) Y:                    Live             Garbage             Small              Medium             Large        
[2026-04-03T02:51:15.036+0600][11.939s][info][gc,reloc    ] GC(12) Y: Eden                -                 0M (0%)           0 / 0              0 / 0              0 / 0        
[2026-04-03T02:51:15.036+0600][11.939s][info][gc,reloc    ] GC(12) Y: Survivor 1        15M (3%)            4M (1%)          10 / 1              0 / 0              0 / 0        
[2026-04-03T02:51:15.036+0600][11.939s][info][gc,heap     ] GC(12) Y: Min Capacity: 8M(2%)
[2026-04-03T02:51:15.036+0600][11.939s][info][gc,heap     ] GC(12) Y: Max Capacity: 500M(100%)
[2026-04-03T02:51:15.036+0600][11.939s][info][gc,heap     ] GC(12) Y: Soft Max Capacity: 500M(100%)
[2026-04-03T02:51:15.036+0600][11.939s][info][gc,heap     ] GC(12) Y: Heap Statistics:
[2026-04-03T02:51:15.036+0600][11.939s][info][gc,heap     ] GC(12) Y:                Mark Start          Mark End        Relocate Start      Relocate End           High               Low         
[2026-04-03T02:51:15.036+0600][11.939s][info][gc,heap     ] GC(12) Y:  Capacity:      500M (100%)        500M (100%)        500M (100%)        500M (100%)        500M (100%)        500M (100%)   
[2026-04-03T02:51:15.036+0600][11.939s][info][gc,heap     ] GC(12) Y:      Free:        0M (0%)            0M (0%)            0M (0%)            0M (0%)            0M (0%)            0M (0%)     
[2026-04-03T02:51:15.036+0600][11.939s][info][gc,heap     ] GC(12) Y:      Used:      500M (100%)        500M (100%)        500M (100%)        500M (100%)        500M (100%)        500M (100%)   
[2026-04-03T02:51:15.036+0600][11.939s][info][gc,heap     ] GC(12) Y: Young Generation Statistics:
[2026-04-03T02:51:15.036+0600][11.939s][info][gc,heap     ] GC(12) Y:                Mark Start          Mark End        Relocate Start      Relocate End    
[2026-04-03T02:51:15.036+0600][11.939s][info][gc,heap     ] GC(12) Y:      Used:       20M (4%)           20M (4%)            4M (1%)            0M (0%)     
[2026-04-03T02:51:15.036+0600][11.939s][info][gc,heap     ] GC(12) Y:      Live:         -                15M (3%)            0M (0%)            0M (0%)     
[2026-04-03T02:51:15.036+0600][11.939s][info][gc,heap     ] GC(12) Y:   Garbage:         -                 4M (1%)            3M (1%)            0M (0%)     
[2026-04-03T02:51:15.036+0600][11.939s][info][gc,heap     ] GC(12) Y: Allocated:         -                 0M (0%)            0M (0%)            0M (0%)     
[2026-04-03T02:51:15.036+0600][11.939s][info][gc,heap     ] GC(12) Y: Reclaimed:         -                  -                 0M (0%)            4M (1%)     
[2026-04-03T02:51:15.036+0600][11.939s][info][gc,heap     ] GC(12) Y:  Promoted:         -                  -                15M (3%)           15M (3%)     
[2026-04-03T02:51:15.036+0600][11.939s][info][gc,heap     ] GC(12) Y: Compacted:         -                  -                  -                 0M (0%)     
[2026-04-03T02:51:15.036+0600][11.939s][info][gc,phases   ] GC(12) Y: Young Generation (Promote All) 500M(100%)->500M(100%) 0.038s
[2026-04-03T02:51:15.036+0600][11.939s][info][gc,phases   ] GC(12) Y: Young Generation (Collect Roots)
[2026-04-03T02:51:15.036+0600][11.939s][info][gc,phases   ] GC(12) Y: Pause Mark Start (Major) 0.019ms
[2026-04-03T02:51:15.041+0600][11.944s][info][gc,phases   ] GC(12) Y: Concurrent Mark 4.855ms
[2026-04-03T02:51:15.041+0600][11.944s][info][gc,phases   ] GC(12) Y: Pause Mark End 0.016ms
[2026-04-03T02:51:15.041+0600][11.945s][info][gc,phases   ] GC(12) Y: Concurrent Mark Free 0.187ms
[2026-04-03T02:51:15.041+0600][11.945s][info][gc,phases   ] GC(12) Y: Concurrent Reset Relocation Set 0.016ms
[2026-04-03T02:51:15.043+0600][11.946s][info][gc,reloc    ] GC(12) Y: Using tenuring threshold: 0 (Computed)
[2026-04-03T02:51:15.043+0600][11.946s][info][gc,phases   ] GC(12) Y: Concurrent Select Relocation Set 1.830ms
[2026-04-03T02:51:15.043+0600][11.947s][info][gc,phases   ] GC(12) Y: Pause Relocate Start 0.012ms
[2026-04-03T02:51:15.044+0600][11.947s][info][gc,phases   ] GC(12) Y: Concurrent Relocate 0.096ms
[2026-04-03T02:51:15.044+0600][11.947s][info][gc,alloc    ] GC(12) Y:                         Mark Start        Mark End      Relocate Start    Relocate End   
[2026-04-03T02:51:15.044+0600][11.947s][info][gc,alloc    ] GC(12) Y: Allocation Stalls:          1                2                2                2         
[2026-04-03T02:51:15.044+0600][11.947s][info][gc,load     ] GC(12) Y: Load: 5.94 (50%) / 5.67 (47%) / 5.62 (47%)
[2026-04-03T02:51:15.044+0600][11.947s][info][gc,mmu      ] GC(12) Y: MMU: 2ms/95.4%, 5ms/97.7%, 10ms/98.6%, 20ms/99.1%, 50ms/99.5%, 100ms/99.7%
[2026-04-03T02:51:15.044+0600][11.947s][info][gc,marking  ] GC(12) Y: Mark: 2 stripe(s), 1 proactive flush(es), 1 terminate flush(es), 0 completion(s), 0 continuation(s) 
[2026-04-03T02:51:15.044+0600][11.947s][info][gc,marking  ] GC(12) Y: Mark Stack Usage: 0M
[2026-04-03T02:51:15.044+0600][11.947s][info][gc,nmethod  ] GC(12) Y: NMethods: 3022 registered, 130 unregistered
[2026-04-03T02:51:15.044+0600][11.947s][info][gc,metaspace] GC(12) Y: Metaspace: 47M used, 48M committed, 1088M reserved
[2026-04-03T02:51:15.044+0600][11.947s][info][gc,heap     ] GC(12) Y: Min Capacity: 8M(2%)
[2026-04-03T02:51:15.044+0600][11.947s][info][gc,heap     ] GC(12) Y: Max Capacity: 500M(100%)
[2026-04-03T02:51:15.044+0600][11.947s][info][gc,heap     ] GC(12) Y: Soft Max Capacity: 500M(100%)
[2026-04-03T02:51:15.044+0600][11.947s][info][gc,heap     ] GC(12) Y: Heap Statistics:
[2026-04-03T02:51:15.044+0600][11.947s][info][gc,heap     ] GC(12) Y:                Mark Start          Mark End        Relocate Start      Relocate End           High               Low         
[2026-04-03T02:51:15.044+0600][11.947s][info][gc,heap     ] GC(12) Y:  Capacity:      500M (100%)        500M (100%)        500M (100%)        500M (100%)        500M (100%)        500M (100%)   
[2026-04-03T02:51:15.044+0600][11.947s][info][gc,heap     ] GC(12) Y:      Free:        0M (0%)            0M (0%)            0M (0%)            0M (0%)            0M (0%)            0M (0%)     
[2026-04-03T02:51:15.044+0600][11.947s][info][gc,heap     ] GC(12) Y:      Used:      500M (100%)        500M (100%)        500M (100%)        500M (100%)        500M (100%)        500M (100%)   
[2026-04-03T02:51:15.044+0600][11.947s][info][gc,heap     ] GC(12) Y: Young Generation Statistics:
[2026-04-03T02:51:15.044+0600][11.947s][info][gc,heap     ] GC(12) Y:                Mark Start          Mark End        Relocate Start      Relocate End    
[2026-04-03T02:51:15.044+0600][11.947s][info][gc,heap     ] GC(12) Y:      Used:        0M (0%)            0M (0%)            0M (0%)            0M (0%)     
[2026-04-03T02:51:15.044+0600][11.947s][info][gc,heap     ] GC(12) Y:      Live:         -                 0M (0%)            0M (0%)            0M (0%)     
[2026-04-03T02:51:15.044+0600][11.947s][info][gc,heap     ] GC(12) Y:   Garbage:         -                 0M (0%)            0M (0%)            0M (0%)     
[2026-04-03T02:51:15.044+0600][11.947s][info][gc,heap     ] GC(12) Y: Allocated:         -                 0M (0%)            0M (0%)            0M (0%)     
[2026-04-03T02:51:15.044+0600][11.947s][info][gc,heap     ] GC(12) Y: Reclaimed:         -                  -                 0M (0%)            0M (0%)     
[2026-04-03T02:51:15.044+0600][11.947s][info][gc,heap     ] GC(12) Y:  Promoted:         -                  -                 0M (0%)            0M (0%)     
[2026-04-03T02:51:15.044+0600][11.947s][info][gc,heap     ] GC(12) Y: Compacted:         -                  -                  -                 0M (0%)     
[2026-04-03T02:51:15.044+0600][11.947s][info][gc,phases   ] GC(12) Y: Young Generation (Collect Roots) 500M(100%)->500M(100%) 0.008s
[2026-04-03T02:51:15.044+0600][11.947s][info][gc,phases   ] GC(12) O: Old Generation
[2026-04-03T02:51:15.044+0600][11.947s][info][gc          ] GC(13) Minor Collection (Allocation Stall)
[2026-04-03T02:51:15.044+0600][11.947s][info][gc,task     ] GC(13) Using 3 Workers for Young Generation
[2026-04-03T02:51:15.044+0600][11.947s][info][gc,phases   ] GC(13) y: Young Generation
[2026-04-03T02:51:15.044+0600][11.948s][info][gc,phases   ] GC(13) y: Pause Mark Start 0.016ms
[2026-04-03T02:51:15.048+0600][11.951s][info][gc,phases   ] GC(13) y: Concurrent Mark 3.024ms
[2026-04-03T02:51:15.048+0600][11.951s][info][gc,phases   ] GC(13) y: Pause Mark End 0.030ms
[2026-04-03T02:51:15.048+0600][11.951s][info][gc,phases   ] GC(13) y: Concurrent Mark Free 0.001ms
[2026-04-03T02:51:15.048+0600][11.951s][info][gc,phases   ] GC(13) y: Concurrent Reset Relocation Set 0.000ms
[2026-04-03T02:51:15.049+0600][11.952s][info][gc,reloc    ] GC(13) y: Using tenuring threshold: 0 (Computed)
[2026-04-03T02:51:15.049+0600][11.953s][info][gc,phases   ] GC(13) y: Concurrent Select Relocation Set 1.445ms
[2026-04-03T02:51:15.050+0600][11.953s][info][gc,phases   ] GC(13) y: Pause Relocate Start 0.014ms
[2026-04-03T02:51:15.050+0600][11.953s][info][gc,phases   ] GC(13) y: Concurrent Relocate 0.067ms
[2026-04-03T02:51:15.050+0600][11.953s][info][gc,alloc    ] GC(13) y:                         Mark Start        Mark End      Relocate Start    Relocate End   
[2026-04-03T02:51:15.050+0600][11.953s][info][gc,alloc    ] GC(13) y: Allocation Stalls:          2                2                2                2         
[2026-04-03T02:51:15.050+0600][11.953s][info][gc,load     ] GC(13) y: Load: 5.94 (50%) / 5.67 (47%) / 5.62 (47%)
[2026-04-03T02:51:15.050+0600][11.953s][info][gc,mmu      ] GC(13) y: MMU: 2ms/95.4%, 5ms/97.7%, 10ms/98.6%, 20ms/99.1%, 50ms/99.5%, 100ms/99.7%
[2026-04-03T02:51:15.050+0600][11.953s][info][gc,marking  ] GC(13) y: Mark: 2 stripe(s), 1 proactive flush(es), 1 terminate flush(es), 0 completion(s), 0 continuation(s) 
[2026-04-03T02:51:15.050+0600][11.953s][info][gc,marking  ] GC(13) y: Mark Stack Usage: 0M
[2026-04-03T02:51:15.050+0600][11.953s][info][gc,nmethod  ] GC(13) y: NMethods: 3022 registered, 130 unregistered
[2026-04-03T02:51:15.050+0600][11.953s][info][gc,metaspace] GC(13) y: Metaspace: 47M used, 48M committed, 1088M reserved
[2026-04-03T02:51:15.050+0600][11.953s][info][gc,heap     ] GC(13) y: Min Capacity: 8M(2%)
[2026-04-03T02:51:15.050+0600][11.953s][info][gc,heap     ] GC(13) y: Max Capacity: 500M(100%)
[2026-04-03T02:51:15.050+0600][11.953s][info][gc,heap     ] GC(13) y: Soft Max Capacity: 500M(100%)
[2026-04-03T02:51:15.050+0600][11.953s][info][gc,heap     ] GC(13) y: Heap Statistics:
[2026-04-03T02:51:15.050+0600][11.953s][info][gc,heap     ] GC(13) y:                Mark Start          Mark End        Relocate Start      Relocate End           High               Low         
[2026-04-03T02:51:15.050+0600][11.953s][info][gc,heap     ] GC(13) y:  Capacity:      500M (100%)        500M (100%)        500M (100%)        500M (100%)        500M (100%)        500M (100%)   
[2026-04-03T02:51:15.050+0600][11.953s][info][gc,heap     ] GC(13) y:      Free:        0M (0%)            0M (0%)            0M (0%)            0M (0%)            0M (0%)            0M (0%)     
[2026-04-03T02:51:15.050+0600][11.953s][info][gc,heap     ] GC(13) y:      Used:      500M (100%)        500M (100%)        500M (100%)        500M (100%)        500M (100%)        500M (100%)   
[2026-04-03T02:51:15.050+0600][11.953s][info][gc,heap     ] GC(13) y: Young Generation Statistics:
[2026-04-03T02:51:15.050+0600][11.953s][info][gc,heap     ] GC(13) y:                Mark Start          Mark End        Relocate Start      Relocate End    
[2026-04-03T02:51:15.050+0600][11.953s][info][gc,heap     ] GC(13) y:      Used:        0M (0%)            0M (0%)            0M (0%)            0M (0%)     
[2026-04-03T02:51:15.050+0600][11.953s][info][gc,heap     ] GC(13) y:      Live:         -                 0M (0%)            0M (0%)            0M (0%)     
[2026-04-03T02:51:15.050+0600][11.953s][info][gc,heap     ] GC(13) y:   Garbage:         -                 0M (0%)            0M (0%)            0M (0%)     
[2026-04-03T02:51:15.050+0600][11.953s][info][gc,heap     ] GC(13) y: Allocated:         -                 0M (0%)            0M (0%)            0M (0%)     
[2026-04-03T02:51:15.050+0600][11.953s][info][gc,heap     ] GC(13) y: Reclaimed:         -                  -                 0M (0%)            0M (0%)     
[2026-04-03T02:51:15.050+0600][11.953s][info][gc,heap     ] GC(13) y:  Promoted:         -                  -                 0M (0%)            0M (0%)     
[2026-04-03T02:51:15.050+0600][11.953s][info][gc,heap     ] GC(13) y: Compacted:         -                  -                  -                 0M (0%)     
[2026-04-03T02:51:15.050+0600][11.953s][info][gc,phases   ] GC(13) y: Young Generation 500M(100%)->500M(100%) 0.006s
[2026-04-03T02:51:15.050+0600][11.953s][info][gc          ] GC(13) Minor Collection (Allocation Stall) 500M(100%)->500M(100%) 0.006s
[2026-04-03T02:51:15.134+0600][12.037s][info][gc          ] GC(14) Minor Collection (Allocation Stall)
[2026-04-03T02:51:15.134+0600][12.037s][info][gc,task     ] GC(14) Using 3 Workers for Young Generation
[2026-04-03T02:51:15.134+0600][12.037s][info][gc,phases   ] GC(14) y: Young Generation
[2026-04-03T02:51:15.134+0600][12.037s][info][gc,phases   ] GC(14) y: Pause Mark Start 0.018ms
[2026-04-03T02:51:15.140+0600][12.043s][info][gc,phases   ] GC(14) y: Concurrent Mark 5.561ms
[2026-04-03T02:51:15.140+0600][12.043s][info][gc,phases   ] GC(14) y: Pause Mark End 0.020ms
[2026-04-03T02:51:15.140+0600][12.043s][info][gc,phases   ] GC(14) y: Concurrent Mark Free 0.001ms
[2026-04-03T02:51:15.140+0600][12.043s][info][gc,phases   ] GC(14) y: Concurrent Reset Relocation Set 0.001ms
[2026-04-03T02:51:15.144+0600][12.047s][info][gc,reloc    ] GC(14) y: Using tenuring threshold: 0 (Computed)
[2026-04-03T02:51:15.144+0600][12.047s][info][gc,phases   ] GC(14) y: Concurrent Select Relocation Set 4.173ms
[2026-04-03T02:51:15.144+0600][12.047s][info][gc,phases   ] GC(14) y: Pause Relocate Start 0.010ms
[2026-04-03T02:51:15.145+0600][12.048s][info][gc,phases   ] GC(14) y: Concurrent Relocate 0.130ms
[2026-04-03T02:51:15.145+0600][12.048s][info][gc,alloc    ] GC(14) y:                         Mark Start        Mark End      Relocate Start    Relocate End   
[2026-04-03T02:51:15.145+0600][12.048s][info][gc,alloc    ] GC(14) y: Allocation Stalls:          3                3                3                3         
[2026-04-03T02:51:15.145+0600][12.048s][info][gc,load     ] GC(14) y: Load: 5.79 (48%) / 5.64 (47%) / 5.61 (47%)
[2026-04-03T02:51:15.145+0600][12.048s][info][gc,mmu      ] GC(14) y: MMU: 2ms/95.4%, 5ms/97.7%, 10ms/98.6%, 20ms/99.1%, 50ms/99.5%, 100ms/99.7%
[2026-04-03T02:51:15.145+0600][12.048s][info][gc,marking  ] GC(14) y: Mark: 2 stripe(s), 1 proactive flush(es), 1 terminate flush(es), 0 completion(s), 0 continuation(s) 
[2026-04-03T02:51:15.145+0600][12.048s][info][gc,marking  ] GC(14) y: Mark Stack Usage: 0M
[2026-04-03T02:51:15.145+0600][12.048s][info][gc,nmethod  ] GC(14) y: NMethods: 3022 registered, 130 unregistered
[2026-04-03T02:51:15.145+0600][12.048s][info][gc,metaspace] GC(14) y: Metaspace: 47M used, 48M committed, 1088M reserved
[2026-04-03T02:51:15.145+0600][12.048s][info][gc,heap     ] GC(14) y: Min Capacity: 8M(2%)
[2026-04-03T02:51:15.145+0600][12.048s][info][gc,heap     ] GC(14) y: Max Capacity: 500M(100%)
[2026-04-03T02:51:15.145+0600][12.048s][info][gc,heap     ] GC(14) y: Soft Max Capacity: 500M(100%)
[2026-04-03T02:51:15.145+0600][12.048s][info][gc,heap     ] GC(14) y: Heap Statistics:
[2026-04-03T02:51:15.145+0600][12.048s][info][gc,heap     ] GC(14) y:                Mark Start          Mark End        Relocate Start      Relocate End           High               Low         
[2026-04-03T02:51:15.145+0600][12.048s][info][gc,heap     ] GC(14) y:  Capacity:      500M (100%)        500M (100%)        500M (100%)        500M (100%)        500M (100%)        500M (100%)   
[2026-04-03T02:51:15.145+0600][12.048s][info][gc,heap     ] GC(14) y:      Free:        0M (0%)            0M (0%)            0M (0%)            0M (0%)            0M (0%)            0M (0%)     
[2026-04-03T02:51:15.145+0600][12.048s][info][gc,heap     ] GC(14) y:      Used:      500M (100%)        500M (100%)        500M (100%)        500M (100%)        500M (100%)        500M (100%)   
[2026-04-03T02:51:15.145+0600][12.048s][info][gc,heap     ] GC(14) y: Young Generation Statistics:
[2026-04-03T02:51:15.145+0600][12.048s][info][gc,heap     ] GC(14) y:                Mark Start          Mark End        Relocate Start      Relocate End    
[2026-04-03T02:51:15.145+0600][12.048s][info][gc,heap     ] GC(14) y:      Used:        0M (0%)            0M (0%)            0M (0%)            0M (0%)     
[2026-04-03T02:51:15.145+0600][12.048s][info][gc,heap     ] GC(14) y:      Live:         -                 0M (0%)            0M (0%)            0M (0%)     
[2026-04-03T02:51:15.145+0600][12.048s][info][gc,heap     ] GC(14) y:   Garbage:         -                 0M (0%)            0M (0%)            0M (0%)     
[2026-04-03T02:51:15.145+0600][12.048s][info][gc,heap     ] GC(14) y: Allocated:         -                 0M (0%)            0M (0%)            0M (0%)     
[2026-04-03T02:51:15.145+0600][12.048s][info][gc,heap     ] GC(14) y: Reclaimed:         -                  -                 0M (0%)            0M (0%)     
[2026-04-03T02:51:15.145+0600][12.048s][info][gc,heap     ] GC(14) y:  Promoted:         -                  -                 0M (0%)            0M (0%)     
[2026-04-03T02:51:15.145+0600][12.048s][info][gc,heap     ] GC(14) y: Compacted:         -                  -                  -                 0M (0%)     
[2026-04-03T02:51:15.145+0600][12.048s][info][gc,phases   ] GC(14) y: Young Generation 500M(100%)->500M(100%) 0.011s
[2026-04-03T02:51:15.145+0600][12.048s][info][gc          ] GC(14) Minor Collection (Allocation Stall) 500M(100%)->500M(100%) 0.011s
[2026-04-03T02:51:15.727+0600][12.630s][info][gc,phases   ] GC(12) O: Concurrent Mark 683.111ms
[2026-04-03T02:51:15.727+0600][12.630s][info][gc,phases   ] GC(12) O: Pause Mark End 0.030ms
[2026-04-03T02:51:15.727+0600][12.630s][info][gc,phases   ] GC(12) O: Concurrent Mark Free 0.001ms
[2026-04-03T02:51:15.727+0600][12.630s][info][gc,ref      ] GC(12) O: Clearing All SoftReferences
[2026-04-03T02:51:15.731+0600][12.634s][info][gc,phases   ] GC(12) O: Concurrent Process Non-Strong 4.037ms
[2026-04-03T02:51:15.731+0600][12.634s][info][gc,phases   ] GC(12) O: Concurrent Reset Relocation Set 0.004ms
[2026-04-03T02:51:15.733+0600][12.636s][info][gc,phases   ] GC(12) O: Concurrent Select Relocation Set 1.725ms
[2026-04-03T02:51:15.733+0600][12.636s][info][gc,task     ] GC(12) O: Using 3 Workers for Old Generation
[2026-04-03T02:51:15.748+0600][12.651s][info][gc,task     ] GC(12) O: Using 3 Workers for Old Generation
[2026-04-03T02:51:15.748+0600][12.651s][info][gc,phases   ] GC(12) O: Concurrent Remap Roots 14.760ms
[2026-04-03T02:51:15.748+0600][12.651s][info][gc,phases   ] GC(12) O: Pause Relocate Start 0.016ms
[2026-04-03T02:51:15.751+0600][12.654s][info][gc,phases   ] GC(12) O: Concurrent Relocate 2.581ms
[2026-04-03T02:51:15.751+0600][12.654s][info][gc,alloc    ] GC(12) O:                         Mark Start        Mark End      Relocate Start    Relocate End   
[2026-04-03T02:51:15.751+0600][12.654s][info][gc          ] Allocation Stall (Spark Context Cleaner) 713.185ms
[2026-04-03T02:51:15.751+0600][12.654s][info][gc,alloc    ] GC(12) O: Allocation Stalls:          1                3                3                1         
[2026-04-03T02:51:15.751+0600][12.654s][info][gc          ] Allocation Stall (main) 781.087ms
[2026-04-03T02:51:15.751+0600][12.654s][info][gc,load     ] GC(12) O: Load: 5.79 (48%) / 5.64 (47%) / 5.61 (47%)
[2026-04-03T02:51:15.751+0600][12.654s][info][gc,mmu      ] GC(12) O: MMU: 2ms/95.4%, 5ms/97.7%, 10ms/98.6%, 20ms/99.1%, 50ms/99.5%, 100ms/99.7%
[2026-04-03T02:51:15.751+0600][12.654s][info][gc,marking  ] GC(12) O: Mark: 2 stripe(s), 10 proactive flush(es), 1 terminate flush(es), 0 completion(s), 0 continuation(s) 
[2026-04-03T02:51:15.751+0600][12.654s][info][gc,marking  ] GC(12) O: Mark Stack Usage: 32M
[2026-04-03T02:51:15.751+0600][12.654s][info][gc,nmethod  ] GC(12) O: NMethods: 3021 registered, 131 unregistered
[2026-04-03T02:51:15.751+0600][12.654s][info][gc,metaspace] GC(12) O: Metaspace: 47M used, 48M committed, 1088M reserved
[2026-04-03T02:51:15.751+0600][12.654s][info][gc,ref      ] GC(12) O:                       Encountered   Discovered     Enqueued 
[2026-04-03T02:51:15.751+0600][12.654s][info][gc,ref      ] GC(12) O: Soft References:             2423          194            0 
[2026-04-03T02:51:15.751+0600][12.654s][info][gc,ref      ] GC(12) O: Weak References:             2641         2007            0 
[2026-04-03T02:51:15.751+0600][12.654s][info][gc,ref      ] GC(12) O: Final References:              74           40            0 
[2026-04-03T02:51:15.751+0600][12.654s][info][gc,ref      ] GC(12) O: Phantom References:           585          501            0 
[2026-04-03T02:51:15.751+0600][12.654s][info][gc,reloc    ] GC(12) O:                        Candidates     Selected     In-Place         Size        Empty    Relocated 
[2026-04-03T02:51:15.751+0600][12.654s][info][gc,reloc    ] GC(12) O: Small Pages:                  243            3            3         486M           0M           2M 
[2026-04-03T02:51:15.751+0600][12.654s][info][gc,reloc    ] GC(12) O: Medium Pages:                   1            0            0           8M           0M           0M 
[2026-04-03T02:51:15.751+0600][12.654s][info][gc,reloc    ] GC(12) O: Large Pages:                    2            0            0           6M           0M           0M 
[2026-04-03T02:51:15.751+0600][12.654s][info][gc,reloc    ] GC(12) O: Forwarding Usage: 1M
[2026-04-03T02:51:15.751+0600][12.654s][info][gc,heap     ] GC(12) O: Min Capacity: 8M(2%)
[2026-04-03T02:51:15.751+0600][12.654s][info][gc,heap     ] GC(12) O: Max Capacity: 500M(100%)
[2026-04-03T02:51:15.751+0600][12.654s][info][gc,heap     ] GC(12) O: Soft Max Capacity: 500M(100%)
[2026-04-03T02:51:15.751+0600][12.654s][info][gc,heap     ] GC(12) O: Heap Statistics:
[2026-04-03T02:51:15.751+0600][12.654s][info][gc,heap     ] GC(12) O:                Mark Start          Mark End        Relocate Start      Relocate End           High               Low         
[2026-04-03T02:51:15.751+0600][12.654s][info][gc,heap     ] GC(12) O:  Capacity:      500M (100%)        500M (100%)        500M (100%)        500M (100%)        500M (100%)        500M (100%)   
[2026-04-03T02:51:15.751+0600][12.654s][info][gc,heap     ] GC(12) O:      Free:        0M (0%)            0M (0%)            0M (0%)            0M (0%)            2M (0%)            0M (0%)     
[2026-04-03T02:51:15.751+0600][12.654s][info][gc,heap     ] GC(12) O:      Used:      500M (100%)        500M (100%)        500M (100%)        500M (100%)        500M (100%)        498M (100%)   
[2026-04-03T02:51:15.751+0600][12.654s][info][gc,heap     ] GC(12) O: Old Generation Statistics:
[2026-04-03T02:51:15.751+0600][12.654s][info][gc,heap     ] GC(12) O:                Mark Start          Mark End        Relocate Start      Relocate End    
[2026-04-03T02:51:15.751+0600][12.654s][info][gc,heap     ] GC(12) O:      Used:      500M (100%)        500M (100%)        500M (100%)        496M (99%)    
[2026-04-03T02:51:15.751+0600][12.654s][info][gc,heap     ] GC(12) O:      Live:         -               477M (95%)         477M (95%)         477M (95%)    
[2026-04-03T02:51:15.751+0600][12.654s][info][gc,heap     ] GC(12) O:   Garbage:         -                22M (5%)           22M (5%)           16M (3%)     
[2026-04-03T02:51:15.751+0600][12.654s][info][gc,heap     ] GC(12) O: Allocated:         -                 0M (0%)            0M (0%)            2M (1%)     
[2026-04-03T02:51:15.751+0600][12.654s][info][gc,heap     ] GC(12) O: Reclaimed:         -                  -                 0M (0%)            6M (1%)     
[2026-04-03T02:51:15.751+0600][12.654s][info][gc,heap     ] GC(12) O: Compacted:         -                  -                  -                 3M (1%)     
[2026-04-03T02:51:15.751+0600][12.654s][info][gc,phases   ] GC(12) O: Old Generation 500M(100%)->500M(100%) 0.707s
[2026-04-03T02:51:15.751+0600][12.654s][info][gc          ] GC(12) Major Collection (Allocation Stall) 500M(100%)->500M(100%) 0.754s
[2026-04-03T02:51:15.751+0600][12.654s][info][gc          ] GC(15) Major Collection (Allocation Stall)
[2026-04-03T02:51:15.751+0600][12.654s][info][gc,task     ] GC(15) Using 3 Workers for Young Generation
[2026-04-03T02:51:15.751+0600][12.654s][info][gc,task     ] GC(15) Using 3 Workers for Old Generation
[2026-04-03T02:51:15.751+0600][12.654s][info][gc,phases   ] GC(15) Y: Young Generation (Promote All)
[2026-04-03T02:51:15.752+0600][12.655s][info][gc,phases   ] GC(15) Y: Pause Mark Start 0.014ms
[2026-04-03T02:51:15.758+0600][12.661s][info][gc,phases   ] GC(15) Y: Concurrent Mark 5.860ms
[2026-04-03T02:51:15.758+0600][12.661s][info][gc,phases   ] GC(15) Y: Pause Mark End 0.016ms
[2026-04-03T02:51:15.758+0600][12.661s][info][gc,phases   ] GC(15) Y: Concurrent Mark Free 0.001ms
[2026-04-03T02:51:15.758+0600][12.661s][info][gc,phases   ] GC(15) Y: Concurrent Reset Relocation Set 0.000ms
[2026-04-03T02:51:15.759+0600][12.662s][info][gc,reloc    ] GC(15) Y: Using tenuring threshold: 0 (Promote All)
[2026-04-03T02:51:15.759+0600][12.663s][info][gc,phases   ] GC(15) Y: Concurrent Select Relocation Set 1.589ms
[2026-04-03T02:51:15.760+0600][12.663s][info][gc,phases   ] GC(15) Y: Pause Relocate Start 0.011ms
[2026-04-03T02:51:15.760+0600][12.664s][info][gc,phases   ] GC(15) Y: Concurrent Relocate 0.617ms
[2026-04-03T02:51:15.760+0600][12.664s][info][gc,alloc    ] GC(15) Y:                         Mark Start        Mark End      Relocate Start    Relocate End   
[2026-04-03T02:51:15.760+0600][12.664s][info][gc,alloc    ] GC(15) Y: Allocation Stalls:          1                2                2                1         
[2026-04-03T02:51:15.760+0600][12.664s][info][gc,load     ] GC(15) Y: Load: 5.79 (48%) / 5.64 (47%) / 5.61 (47%)
[2026-04-03T02:51:15.761+0600][12.664s][info][gc,mmu      ] GC(15) Y: MMU: 2ms/95.4%, 5ms/97.7%, 10ms/98.6%, 20ms/99.1%, 50ms/99.5%, 100ms/99.7%
[2026-04-03T02:51:15.761+0600][12.664s][info][gc,marking  ] GC(15) Y: Mark: 2 stripe(s), 2 proactive flush(es), 1 terminate flush(es), 0 completion(s), 0 continuation(s) 
[2026-04-03T02:51:15.761+0600][12.664s][info][gc,marking  ] GC(15) Y: Mark Stack Usage: 32M
[2026-04-03T02:51:15.761+0600][12.664s][info][gc,nmethod  ] GC(15) Y: NMethods: 3021 registered, 131 unregistered
[2026-04-03T02:51:15.761+0600][12.664s][info][gc,metaspace] GC(15) Y: Metaspace: 47M used, 48M committed, 1088M reserved
[2026-04-03T02:51:15.761+0600][12.664s][info][gc,reloc    ] GC(15) Y:                        Candidates     Selected     In-Place         Size        Empty    Relocated 
[2026-04-03T02:51:15.761+0600][12.664s][info][gc,reloc    ] GC(15) Y: Small Pages:                    2            1            1           4M           0M           0M 
[2026-04-03T02:51:15.761+0600][12.664s][info][gc,reloc    ] GC(15) Y: Medium Pages:                   0            0            0           0M           0M           0M 
[2026-04-03T02:51:15.761+0600][12.664s][info][gc,reloc    ] GC(15) Y: Large Pages:                    0            0            0           0M           0M           0M 
[2026-04-03T02:51:15.761+0600][12.664s][info][gc,reloc    ] GC(15) Y: Forwarding Usage: 0M
[2026-04-03T02:51:15.761+0600][12.664s][info][gc,reloc    ] GC(15) Y: Age Table:
[2026-04-03T02:51:15.761+0600][12.664s][info][gc,reloc    ] GC(15) Y:                    Live             Garbage             Small              Medium             Large        
[2026-04-03T02:51:15.761+0600][12.664s][info][gc,reloc    ] GC(15) Y: Eden               0M (0%)            3M (1%)           2 / 1              0 / 0              0 / 0        
[2026-04-03T02:51:15.761+0600][12.664s][info][gc,heap     ] GC(15) Y: Min Capacity: 8M(2%)
[2026-04-03T02:51:15.761+0600][12.664s][info][gc,heap     ] GC(15) Y: Max Capacity: 500M(100%)
[2026-04-03T02:51:15.761+0600][12.664s][info][gc          ] Allocation Stall (RemoteBlock-temp-file-clean-thread) 626.893ms
[2026-04-03T02:51:15.761+0600][12.664s][info][gc,heap     ] GC(15) Y: Soft Max Capacity: 500M(100%)
[2026-04-03T02:51:15.761+0600][12.664s][info][gc,heap     ] GC(15) Y: Heap Statistics:
[2026-04-03T02:51:15.761+0600][12.664s][info][gc,heap     ] GC(15) Y:                Mark Start          Mark End        Relocate Start      Relocate End           High               Low         
[2026-04-03T02:51:15.761+0600][12.664s][info][gc,heap     ] GC(15) Y:  Capacity:      500M (100%)        500M (100%)        500M (100%)        500M (100%)        500M (100%)        500M (100%)   
[2026-04-03T02:51:15.761+0600][12.664s][info][gc,heap     ] GC(15) Y:      Free:        0M (0%)            0M (0%)            0M (0%)            0M (0%)            2M (0%)            0M (0%)     
[2026-04-03T02:51:15.761+0600][12.664s][info][gc,heap     ] GC(15) Y:      Used:      500M (100%)        500M (100%)        500M (100%)        500M (100%)        500M (100%)        498M (100%)   
[2026-04-03T02:51:15.761+0600][12.664s][info][gc,heap     ] GC(15) Y: Young Generation Statistics:
[2026-04-03T02:51:15.761+0600][12.664s][info][gc,heap     ] GC(15) Y:                Mark Start          Mark End        Relocate Start      Relocate End    
[2026-04-03T02:51:15.761+0600][12.664s][info][gc,heap     ] GC(15) Y:      Used:        4M (1%)            4M (1%)            4M (1%)            0M (0%)     
[2026-04-03T02:51:15.761+0600][12.664s][info][gc,heap     ] GC(15) Y:      Live:         -                 0M (0%)            0M (0%)            0M (0%)     
[2026-04-03T02:51:15.761+0600][12.664s][info][gc,heap     ] GC(15) Y:   Garbage:         -                 3M (1%)            3M (1%)            0M (0%)     
[2026-04-03T02:51:15.761+0600][12.664s][info][gc,heap     ] GC(15) Y: Allocated:         -                 0M (0%)            0M (0%)            0M (0%)     
[2026-04-03T02:51:15.761+0600][12.664s][info][gc,heap     ] GC(15) Y: Reclaimed:         -                  -                 0M (0%)            3M (1%)     
[2026-04-03T02:51:15.761+0600][12.664s][info][gc,heap     ] GC(15) Y:  Promoted:         -                  -                 0M (0%)            0M (0%)     
[2026-04-03T02:51:15.761+0600][12.664s][info][gc,heap     ] GC(15) Y: Compacted:         -                  -                  -                 0M (0%)     
[2026-04-03T02:51:15.761+0600][12.664s][info][gc,phases   ] GC(15) Y: Young Generation (Promote All) 500M(100%)->500M(100%) 0.009s
[2026-04-03T02:51:15.761+0600][12.664s][info][gc,phases   ] GC(15) Y: Young Generation (Collect Roots)
[2026-04-03T02:51:15.761+0600][12.664s][info][gc,phases   ] GC(15) Y: Pause Mark Start (Major) 0.016ms
[2026-04-03T02:51:15.766+0600][12.669s][info][gc,phases   ] GC(15) Y: Concurrent Mark 5.107ms
[2026-04-03T02:51:15.766+0600][12.669s][info][gc,phases   ] GC(15) Y: Pause Mark End 0.014ms
[2026-04-03T02:51:15.766+0600][12.669s][info][gc,phases   ] GC(15) Y: Concurrent Mark Free 0.001ms
[2026-04-03T02:51:15.766+0600][12.669s][info][gc,phases   ] GC(15) Y: Concurrent Reset Relocation Set 0.005ms
[2026-04-03T02:51:15.768+0600][12.671s][info][gc,reloc    ] GC(15) Y: Using tenuring threshold: 1 (Computed)
[2026-04-03T02:51:15.768+0600][12.671s][info][gc,phases   ] GC(15) Y: Concurrent Select Relocation Set 1.472ms
[2026-04-03T02:51:15.768+0600][12.671s][info][gc,phases   ] GC(15) Y: Pause Relocate Start 0.011ms
[2026-04-03T02:51:15.768+0600][12.671s][info][gc,phases   ] GC(15) Y: Concurrent Relocate 0.094ms
[2026-04-03T02:51:15.768+0600][12.671s][info][gc,alloc    ] GC(15) Y:                         Mark Start        Mark End      Relocate Start    Relocate End   
[2026-04-03T02:51:15.768+0600][12.671s][info][gc,alloc    ] GC(15) Y: Allocation Stalls:          1                1                1                1         
[2026-04-03T02:51:15.768+0600][12.671s][info][gc,load     ] GC(15) Y: Load: 5.79 (48%) / 5.64 (47%) / 5.61 (47%)
[2026-04-03T02:51:15.768+0600][12.671s][info][gc,mmu      ] GC(15) Y: MMU: 2ms/95.4%, 5ms/97.7%, 10ms/98.6%, 20ms/99.1%, 50ms/99.5%, 100ms/99.7%
[2026-04-03T02:51:15.768+0600][12.671s][info][gc,marking  ] GC(15) Y: Mark: 2 stripe(s), 1 proactive flush(es), 1 terminate flush(es), 0 completion(s), 0 continuation(s) 
[2026-04-03T02:51:15.768+0600][12.671s][info][gc,marking  ] GC(15) Y: Mark Stack Usage: 32M
[2026-04-03T02:51:15.768+0600][12.671s][info][gc,nmethod  ] GC(15) Y: NMethods: 3021 registered, 131 unregistered
[2026-04-03T02:51:15.768+0600][12.671s][info][gc,metaspace] GC(15) Y: Metaspace: 47M used, 48M committed, 1088M reserved
[2026-04-03T02:51:15.768+0600][12.671s][info][gc,reloc    ] GC(15) Y:                        Candidates     Selected     In-Place         Size        Empty    Relocated 
[2026-04-03T02:51:15.768+0600][12.671s][info][gc,reloc    ] GC(15) Y: Small Pages:                    1            0            0           2M           0M           0M 
[2026-04-03T02:51:15.768+0600][12.671s][info][gc,reloc    ] GC(15) Y: Medium Pages:                   0            0            0           0M           0M           0M 
[2026-04-03T02:51:15.768+0600][12.671s][info][gc,reloc    ] GC(15) Y: Large Pages:                    0            0            0           0M           0M           0M 
[2026-04-03T02:51:15.768+0600][12.671s][info][gc,reloc    ] GC(15) Y: Forwarding Usage: 0M
[2026-04-03T02:51:15.768+0600][12.671s][info][gc,reloc    ] GC(15) Y: Age Table:
[2026-04-03T02:51:15.768+0600][12.671s][info][gc,reloc    ] GC(15) Y:                    Live             Garbage             Small              Medium             Large        
[2026-04-03T02:51:15.768+0600][12.671s][info][gc,reloc    ] GC(15) Y: Eden               0M (0%)            1M (0%)           1 / 0              0 / 0              0 / 0        
[2026-04-03T02:51:15.768+0600][12.671s][info][gc,heap     ] GC(15) Y: Min Capacity: 8M(2%)
[2026-04-03T02:51:15.768+0600][12.672s][info][gc,heap     ] GC(15) Y: Max Capacity: 500M(100%)
[2026-04-03T02:51:15.768+0600][12.672s][info][gc,heap     ] GC(15) Y: Soft Max Capacity: 500M(100%)
[2026-04-03T02:51:15.768+0600][12.672s][info][gc,heap     ] GC(15) Y: Heap Statistics:
[2026-04-03T02:51:15.768+0600][12.672s][info][gc,heap     ] GC(15) Y:                Mark Start          Mark End        Relocate Start      Relocate End           High               Low         
[2026-04-03T02:51:15.768+0600][12.672s][info][gc,heap     ] GC(15) Y:  Capacity:      500M (100%)        500M (100%)        500M (100%)        500M (100%)        500M (100%)        500M (100%)   
[2026-04-03T02:51:15.768+0600][12.672s][info][gc,heap     ] GC(15) Y:      Free:        0M (0%)            0M (0%)            0M (0%)            0M (0%)            0M (0%)            0M (0%)     
[2026-04-03T02:51:15.768+0600][12.672s][info][gc,heap     ] GC(15) Y:      Used:      500M (100%)        500M (100%)        500M (100%)        500M (100%)        500M (100%)        500M (100%)   
[2026-04-03T02:51:15.768+0600][12.672s][info][gc,heap     ] GC(15) Y: Young Generation Statistics:
[2026-04-03T02:51:15.768+0600][12.672s][info][gc,heap     ] GC(15) Y:                Mark Start          Mark End        Relocate Start      Relocate End    
[2026-04-03T02:51:15.768+0600][12.672s][info][gc,heap     ] GC(15) Y:      Used:        2M (0%)            2M (0%)            2M (0%)            2M (0%)     
[2026-04-03T02:51:15.768+0600][12.672s][info][gc,heap     ] GC(15) Y:      Live:         -                 0M (0%)            0M (0%)            0M (0%)     
[2026-04-03T02:51:15.768+0600][12.672s][info][gc,heap     ] GC(15) Y:   Garbage:         -                 1M (0%)            1M (0%)            1M (0%)     
[2026-04-03T02:51:15.768+0600][12.672s][info][gc,heap     ] GC(15) Y: Allocated:         -                 0M (0%)            0M (0%)            0M (0%)     
[2026-04-03T02:51:15.768+0600][12.672s][info][gc,heap     ] GC(15) Y: Reclaimed:         -                  -                 0M (0%)            0M (0%)     
[2026-04-03T02:51:15.768+0600][12.672s][info][gc,heap     ] GC(15) Y:  Promoted:         -                  -                 0M (0%)            0M (0%)     
[2026-04-03T02:51:15.768+0600][12.672s][info][gc,heap     ] GC(15) Y: Compacted:         -                  -                  -                 0M (0%)     
[2026-04-03T02:51:15.768+0600][12.672s][info][gc,phases   ] GC(15) Y: Young Generation (Collect Roots) 500M(100%)->500M(100%) 0.008s
[2026-04-03T02:51:15.768+0600][12.672s][info][gc,phases   ] GC(15) O: Old Generation
[2026-04-03T02:51:15.769+0600][12.672s][info][gc          ] GC(16) Minor Collection (Allocation Stall)
[2026-04-03T02:51:15.769+0600][12.672s][info][gc,task     ] GC(16) Using 3 Workers for Young Generation
[2026-04-03T02:51:15.769+0600][12.672s][info][gc,phases   ] GC(16) y: Young Generation
[2026-04-03T02:51:15.769+0600][12.672s][info][gc,phases   ] GC(16) y: Pause Mark Start 0.018ms
[2026-04-03T02:51:15.773+0600][12.676s][info][gc,phases   ] GC(16) y: Concurrent Mark 3.705ms
[2026-04-03T02:51:15.773+0600][12.676s][info][gc,phases   ] GC(16) y: Pause Mark End 0.018ms
[2026-04-03T02:51:15.773+0600][12.676s][info][gc,phases   ] GC(16) y: Concurrent Mark Free 0.001ms
[2026-04-03T02:51:15.773+0600][12.676s][info][gc,phases   ] GC(16) y: Concurrent Reset Relocation Set 0.001ms
[2026-04-03T02:51:15.778+0600][12.681s][info][gc,reloc    ] GC(16) y: Using tenuring threshold: 2 (Computed)
[2026-04-03T02:51:15.778+0600][12.681s][info][gc,phases   ] GC(16) y: Concurrent Select Relocation Set 4.288ms
[2026-04-03T02:51:15.778+0600][12.681s][info][gc,phases   ] GC(16) y: Pause Relocate Start 0.015ms
[2026-04-03T02:51:15.778+0600][12.681s][info][gc,phases   ] GC(16) y: Concurrent Relocate 0.173ms
[2026-04-03T02:51:15.778+0600][12.681s][info][gc,alloc    ] GC(16) y:                         Mark Start        Mark End      Relocate Start    Relocate End   
[2026-04-03T02:51:15.778+0600][12.681s][info][gc,alloc    ] GC(16) y: Allocation Stalls:          1                1                1                1         
[2026-04-03T02:51:15.778+0600][12.681s][info][gc,load     ] GC(16) y: Load: 5.79 (48%) / 5.64 (47%) / 5.61 (47%)
[2026-04-03T02:51:15.778+0600][12.681s][info][gc,mmu      ] GC(16) y: MMU: 2ms/95.4%, 5ms/97.7%, 10ms/98.6%, 20ms/99.1%, 50ms/99.5%, 100ms/99.7%
[2026-04-03T02:51:15.778+0600][12.681s][info][gc,marking  ] GC(16) y: Mark: 2 stripe(s), 1 proactive flush(es), 1 terminate flush(es), 0 completion(s), 0 continuation(s) 
[2026-04-03T02:51:15.778+0600][12.681s][info][gc,marking  ] GC(16) y: Mark Stack Usage: 32M
[2026-04-03T02:51:15.778+0600][12.681s][info][gc,nmethod  ] GC(16) y: NMethods: 3021 registered, 131 unregistered
[2026-04-03T02:51:15.778+0600][12.681s][info][gc,metaspace] GC(16) y: Metaspace: 47M used, 48M committed, 1088M reserved
[2026-04-03T02:51:15.778+0600][12.681s][info][gc,reloc    ] GC(16) y:                        Candidates     Selected     In-Place         Size        Empty    Relocated 
[2026-04-03T02:51:15.778+0600][12.681s][info][gc,reloc    ] GC(16) y: Small Pages:                    1            0            0           2M           0M           0M 
[2026-04-03T02:51:15.778+0600][12.681s][info][gc,reloc    ] GC(16) y: Medium Pages:                   0            0            0           0M           0M           0M 
[2026-04-03T02:51:15.778+0600][12.681s][info][gc,reloc    ] GC(16) y: Large Pages:                    0            0            0           0M           0M           0M 
[2026-04-03T02:51:15.778+0600][12.681s][info][gc,reloc    ] GC(16) y: Forwarding Usage: 0M
[2026-04-03T02:51:15.778+0600][12.681s][info][gc,reloc    ] GC(16) y: Age Table:
[2026-04-03T02:51:15.778+0600][12.681s][info][gc,reloc    ] GC(16) y:                    Live             Garbage             Small              Medium             Large        
[2026-04-03T02:51:15.778+0600][12.681s][info][gc,reloc    ] GC(16) y: Eden                -                 0M (0%)           0 / 0              0 / 0              0 / 0        
[2026-04-03T02:51:15.778+0600][12.681s][info][gc,reloc    ] GC(16) y: Survivor 1         0M (0%)            1M (0%)           1 / 0              0 / 0              0 / 0        
[2026-04-03T02:51:15.778+0600][12.681s][info][gc,heap     ] GC(16) y: Min Capacity: 8M(2%)
[2026-04-03T02:51:15.778+0600][12.681s][info][gc,heap     ] GC(16) y: Max Capacity: 500M(100%)
[2026-04-03T02:51:15.778+0600][12.681s][info][gc,heap     ] GC(16) y: Soft Max Capacity: 500M(100%)
[2026-04-03T02:51:15.778+0600][12.681s][info][gc,heap     ] GC(16) y: Heap Statistics:
[2026-04-03T02:51:15.778+0600][12.681s][info][gc,heap     ] GC(16) y:                Mark Start          Mark End        Relocate Start      Relocate End           High               Low         
[2026-04-03T02:51:15.778+0600][12.681s][info][gc,heap     ] GC(16) y:  Capacity:      500M (100%)        500M (100%)        500M (100%)        500M (100%)        500M (100%)        500M (100%)   
[2026-04-03T02:51:15.778+0600][12.681s][info][gc,heap     ] GC(16) y:      Free:        0M (0%)            0M (0%)            0M (0%)            0M (0%)            0M (0%)            0M (0%)     
[2026-04-03T02:51:15.778+0600][12.681s][info][gc,heap     ] GC(16) y:      Used:      500M (100%)        500M (100%)        500M (100%)        500M (100%)        500M (100%)        500M (100%)   
[2026-04-03T02:51:15.778+0600][12.681s][info][gc,heap     ] GC(16) y: Young Generation Statistics:
[2026-04-03T02:51:15.778+0600][12.681s][info][gc,heap     ] GC(16) y:                Mark Start          Mark End        Relocate Start      Relocate End    
[2026-04-03T02:51:15.778+0600][12.681s][info][gc,heap     ] GC(16) y:      Used:        2M (0%)            2M (0%)            2M (0%)            2M (0%)     
[2026-04-03T02:51:15.778+0600][12.681s][info][gc,heap     ] GC(16) y:      Live:         -                 0M (0%)            0M (0%)            0M (0%)     
[2026-04-03T02:51:15.778+0600][12.681s][info][gc,heap     ] GC(16) y:   Garbage:         -                 1M (0%)            1M (0%)            1M (0%)     
[2026-04-03T02:51:15.778+0600][12.682s][info][gc,heap     ] GC(16) y: Allocated:         -                 0M (0%)            0M (0%)            0M (0%)     
[2026-04-03T02:51:15.778+0600][12.682s][info][gc,heap     ] GC(16) y: Reclaimed:         -                  -                 0M (0%)            0M (0%)     
[2026-04-03T02:51:15.778+0600][12.682s][info][gc,heap     ] GC(16) y:  Promoted:         -                  -                 0M (0%)            0M (0%)     
[2026-04-03T02:51:15.778+0600][12.682s][info][gc,heap     ] GC(16) y: Compacted:         -                  -                  -                 0M (0%)     
[2026-04-03T02:51:15.778+0600][12.682s][info][gc,phases   ] GC(16) y: Young Generation 500M(100%)->500M(100%) 0.009s
[2026-04-03T02:51:15.778+0600][12.682s][info][gc          ] GC(16) Minor Collection (Allocation Stall) 500M(100%)->500M(100%) 0.010s
[2026-04-03T02:51:15.851+0600][12.754s][info][gc          ] GC(17) Minor Collection (Allocation Stall)
[2026-04-03T02:51:15.851+0600][12.754s][info][gc,task     ] GC(17) Using 3 Workers for Young Generation
[2026-04-03T02:51:15.851+0600][12.754s][info][gc,phases   ] GC(17) y: Young Generation
[2026-04-03T02:51:15.852+0600][12.755s][info][gc,phases   ] GC(17) y: Pause Mark Start 0.018ms
[2026-04-03T02:51:15.857+0600][12.760s][info][gc,phases   ] GC(17) y: Concurrent Mark 5.178ms
[2026-04-03T02:51:15.857+0600][12.760s][info][gc,phases   ] GC(17) y: Pause Mark End 0.022ms
[2026-04-03T02:51:15.857+0600][12.760s][info][gc,phases   ] GC(17) y: Concurrent Mark Free 0.001ms
[2026-04-03T02:51:15.857+0600][12.760s][info][gc,phases   ] GC(17) y: Concurrent Reset Relocation Set 0.001ms
[2026-04-03T02:51:15.861+0600][12.764s][info][gc,reloc    ] GC(17) y: Using tenuring threshold: 3 (Computed)
[2026-04-03T02:51:15.861+0600][12.764s][info][gc,phases   ] GC(17) y: Concurrent Select Relocation Set 4.313ms
[2026-04-03T02:51:15.861+0600][12.765s][info][gc,phases   ] GC(17) y: Pause Relocate Start 0.013ms
[2026-04-03T02:51:15.862+0600][12.765s][info][gc,phases   ] GC(17) y: Concurrent Relocate 0.074ms
[2026-04-03T02:51:15.862+0600][12.765s][info][gc,alloc    ] GC(17) y:                         Mark Start        Mark End      Relocate Start    Relocate End   
[2026-04-03T02:51:15.862+0600][12.765s][info][gc,alloc    ] GC(17) y: Allocation Stalls:          2                2                2                2         
[2026-04-03T02:51:15.862+0600][12.765s][info][gc,load     ] GC(17) y: Load: 5.79 (48%) / 5.64 (47%) / 5.61 (47%)
[2026-04-03T02:51:15.862+0600][12.765s][info][gc,mmu      ] GC(17) y: MMU: 2ms/95.4%, 5ms/97.7%, 10ms/98.6%, 20ms/99.1%, 50ms/99.5%, 100ms/99.7%
[2026-04-03T02:51:15.862+0600][12.765s][info][gc,marking  ] GC(17) y: Mark: 2 stripe(s), 1 proactive flush(es), 1 terminate flush(es), 0 completion(s), 0 continuation(s) 
[2026-04-03T02:51:15.862+0600][12.765s][info][gc,marking  ] GC(17) y: Mark Stack Usage: 32M
[2026-04-03T02:51:15.862+0600][12.765s][info][gc,nmethod  ] GC(17) y: NMethods: 3021 registered, 131 unregistered
[2026-04-03T02:51:15.862+0600][12.765s][info][gc,metaspace] GC(17) y: Metaspace: 47M used, 48M committed, 1088M reserved
[2026-04-03T02:51:15.862+0600][12.765s][info][gc,reloc    ] GC(17) y:                        Candidates     Selected     In-Place         Size        Empty    Relocated 
[2026-04-03T02:51:15.862+0600][12.765s][info][gc,reloc    ] GC(17) y: Small Pages:                    1            0            0           2M           0M           0M 
[2026-04-03T02:51:15.862+0600][12.765s][info][gc,reloc    ] GC(17) y: Medium Pages:                   0            0            0           0M           0M           0M 
[2026-04-03T02:51:15.862+0600][12.765s][info][gc,reloc    ] GC(17) y: Large Pages:                    0            0            0           0M           0M           0M 
[2026-04-03T02:51:15.862+0600][12.765s][info][gc,reloc    ] GC(17) y: Forwarding Usage: 0M
[2026-04-03T02:51:15.862+0600][12.765s][info][gc,reloc    ] GC(17) y: Age Table:
[2026-04-03T02:51:15.862+0600][12.765s][info][gc,reloc    ] GC(17) y:                    Live             Garbage             Small              Medium             Large        
[2026-04-03T02:51:15.862+0600][12.765s][info][gc,reloc    ] GC(17) y: Eden                -                 0M (0%)           0 / 0              0 / 0              0 / 0        
[2026-04-03T02:51:15.862+0600][12.765s][info][gc,reloc    ] GC(17) y: Survivor 1          -                 0M (0%)           0 / 0              0 / 0              0 / 0        
[2026-04-03T02:51:15.862+0600][12.765s][info][gc,reloc    ] GC(17) y: Survivor 2         0M (0%)            1M (0%)           1 / 0              0 / 0              0 / 0        
[2026-04-03T02:51:15.862+0600][12.765s][info][gc,heap     ] GC(17) y: Min Capacity: 8M(2%)
[2026-04-03T02:51:15.862+0600][12.765s][info][gc,heap     ] GC(17) y: Max Capacity: 500M(100%)
[2026-04-03T02:51:15.862+0600][12.765s][info][gc,heap     ] GC(17) y: Soft Max Capacity: 500M(100%)
[2026-04-03T02:51:15.862+0600][12.765s][info][gc,heap     ] GC(17) y: Heap Statistics:
[2026-04-03T02:51:15.862+0600][12.765s][info][gc,heap     ] GC(17) y:                Mark Start          Mark End        Relocate Start      Relocate End           High               Low         
[2026-04-03T02:51:15.862+0600][12.765s][info][gc,heap     ] GC(17) y:  Capacity:      500M (100%)        500M (100%)        500M (100%)        500M (100%)        500M (100%)        500M (100%)   
[2026-04-03T02:51:15.862+0600][12.765s][info][gc,heap     ] GC(17) y:      Free:        0M (0%)            0M (0%)            0M (0%)            0M (0%)            0M (0%)            0M (0%)     
[2026-04-03T02:51:15.862+0600][12.765s][info][gc,heap     ] GC(17) y:      Used:      500M (100%)        500M (100%)        500M (100%)        500M (100%)        500M (100%)        500M (100%)   
[2026-04-03T02:51:15.862+0600][12.765s][info][gc,heap     ] GC(17) y: Young Generation Statistics:
[2026-04-03T02:51:15.862+0600][12.765s][info][gc,heap     ] GC(17) y:                Mark Start          Mark End        Relocate Start      Relocate End    
[2026-04-03T02:51:15.862+0600][12.765s][info][gc,heap     ] GC(17) y:      Used:        2M (0%)            2M (0%)            2M (0%)            2M (0%)     
[2026-04-03T02:51:15.862+0600][12.765s][info][gc,heap     ] GC(17) y:      Live:         -                 0M (0%)            0M (0%)            0M (0%)     
[2026-04-03T02:51:15.862+0600][12.765s][info][gc,heap     ] GC(17) y:   Garbage:         -                 1M (0%)            1M (0%)            1M (0%)     
[2026-04-03T02:51:15.862+0600][12.765s][info][gc,heap     ] GC(17) y: Allocated:         -                 0M (0%)            0M (0%)            0M (0%)     
[2026-04-03T02:51:15.862+0600][12.765s][info][gc,heap     ] GC(17) y: Reclaimed:         -                  -                 0M (0%)            0M (0%)     
[2026-04-03T02:51:15.862+0600][12.765s][info][gc,heap     ] GC(17) y:  Promoted:         -                  -                 0M (0%)            0M (0%)     
[2026-04-03T02:51:15.862+0600][12.765s][info][gc,heap     ] GC(17) y: Compacted:         -                  -                  -                 0M (0%)     
[2026-04-03T02:51:15.862+0600][12.765s][info][gc,phases   ] GC(17) y: Young Generation 500M(100%)->500M(100%) 0.010s
[2026-04-03T02:51:15.862+0600][12.765s][info][gc          ] GC(17) Minor Collection (Allocation Stall) 500M(100%)->500M(100%) 0.011s
[2026-04-03T02:51:16.437+0600][13.340s][info][gc,phases   ] GC(15) O: Concurrent Mark 668.867ms
[2026-04-03T02:51:16.438+0600][13.341s][info][gc,phases   ] GC(15) O: Pause Mark End 0.024ms
[2026-04-03T02:51:16.438+0600][13.341s][info][gc,phases   ] GC(15) O: Concurrent Mark Free 0.002ms
[2026-04-03T02:51:16.438+0600][13.341s][info][gc,ref      ] GC(15) O: Clearing All SoftReferences
[2026-04-03T02:51:16.441+0600][13.344s][info][gc,phases   ] GC(15) O: Concurrent Process Non-Strong 3.447ms
[2026-04-03T02:51:16.441+0600][13.344s][info][gc,phases   ] GC(15) O: Concurrent Reset Relocation Set 0.002ms
[2026-04-03T02:51:16.443+0600][13.346s][info][gc,phases   ] GC(15) O: Concurrent Select Relocation Set 1.743ms
[2026-04-03T02:51:16.443+0600][13.346s][info][gc,task     ] GC(15) O: Using 3 Workers for Old Generation
[2026-04-03T02:51:16.458+0600][13.361s][info][gc,task     ] GC(15) O: Using 3 Workers for Old Generation
[2026-04-03T02:51:16.458+0600][13.361s][info][gc,phases   ] GC(15) O: Concurrent Remap Roots 14.634ms
[2026-04-03T02:51:16.458+0600][13.361s][info][gc,phases   ] GC(15) O: Pause Relocate Start 0.021ms
[2026-04-03T02:51:16.462+0600][13.365s][info][gc,phases   ] GC(15) O: Concurrent Relocate 3.675ms
[2026-04-03T02:51:16.462+0600][13.365s][info][gc          ] Allocation Stall (main) 709.772ms
[2026-04-03T02:51:16.462+0600][13.365s][info][gc,alloc    ] GC(15) O:                         Mark Start        Mark End      Relocate Start    Relocate End   
[2026-04-03T02:51:16.462+0600][13.365s][info][gc,alloc    ] GC(15) O: Allocation Stalls:          1                2                2                1         
[2026-04-03T02:51:16.462+0600][13.365s][info][gc,load     ] GC(15) O: Load: 5.79 (48%) / 5.64 (47%) / 5.61 (47%)
[2026-04-03T02:51:16.462+0600][13.365s][info][gc,mmu      ] GC(15) O: MMU: 2ms/95.4%, 5ms/97.7%, 10ms/98.6%, 20ms/99.1%, 50ms/99.5%, 100ms/99.7%
[2026-04-03T02:51:16.462+0600][13.365s][info][gc,marking  ] GC(15) O: Mark: 2 stripe(s), 10 proactive flush(es), 1 terminate flush(es), 0 completion(s), 0 continuation(s) 
[2026-04-03T02:51:16.462+0600][13.365s][info][gc,marking  ] GC(15) O: Mark Stack Usage: 32M
[2026-04-03T02:51:16.462+0600][13.365s][info][gc,nmethod  ] GC(15) O: NMethods: 3021 registered, 131 unregistered
[2026-04-03T02:51:16.462+0600][13.365s][info][gc,metaspace] GC(15) O: Metaspace: 47M used, 48M committed, 1088M reserved
[2026-04-03T02:51:16.462+0600][13.365s][info][gc,ref      ] GC(15) O:                       Encountered   Discovered     Enqueued 
[2026-04-03T02:51:16.462+0600][13.365s][info][gc,ref      ] GC(15) O: Soft References:             2423          167            0 
[2026-04-03T02:51:16.462+0600][13.365s][info][gc,ref      ] GC(15) O: Weak References:             2641         2073            0 
[2026-04-03T02:51:16.462+0600][13.365s][info][gc,ref      ] GC(15) O: Final References:              74            0            0 
[2026-04-03T02:51:16.462+0600][13.365s][info][gc,ref      ] GC(15) O: Phantom References:           585          298            0 
[2026-04-03T02:51:16.462+0600][13.365s][info][gc,reloc    ] GC(15) O:                        Candidates     Selected     In-Place         Size        Empty    Relocated 
[2026-04-03T02:51:16.462+0600][13.365s][info][gc,reloc    ] GC(15) O: Small Pages:                  242            2            3         484M           0M           2M 
[2026-04-03T02:51:16.462+0600][13.365s][info][gc,reloc    ] GC(15) O: Medium Pages:                   1            0            0           8M           0M           0M 
[2026-04-03T02:51:16.462+0600][13.365s][info][gc,reloc    ] GC(15) O: Large Pages:                    2            0            0           6M           0M           0M 
[2026-04-03T02:51:16.462+0600][13.365s][info][gc,reloc    ] GC(15) O: Forwarding Usage: 1M
[2026-04-03T02:51:16.462+0600][13.365s][info][gc,heap     ] GC(15) O: Min Capacity: 8M(2%)
[2026-04-03T02:51:16.462+0600][13.365s][info][gc,heap     ] GC(15) O: Max Capacity: 500M(100%)
[2026-04-03T02:51:16.462+0600][13.365s][info][gc,heap     ] GC(15) O: Soft Max Capacity: 500M(100%)
[2026-04-03T02:51:16.462+0600][13.365s][info][gc,heap     ] GC(15) O: Heap Statistics:
[2026-04-03T02:51:16.462+0600][13.365s][info][gc,heap     ] GC(15) O:                Mark Start          Mark End        Relocate Start      Relocate End           High               Low         
[2026-04-03T02:51:16.462+0600][13.365s][info][gc,heap     ] GC(15) O:  Capacity:      500M (100%)        500M (100%)        500M (100%)        500M (100%)        500M (100%)        500M (100%)   
[2026-04-03T02:51:16.462+0600][13.365s][info][gc,heap     ] GC(15) O:      Free:        0M (0%)            0M (0%)            0M (0%)            0M (0%)            2M (0%)            0M (0%)     
[2026-04-03T02:51:16.462+0600][13.365s][info][gc,heap     ] GC(15) O:      Used:      500M (100%)        500M (100%)        500M (100%)        500M (100%)        500M (100%)        498M (100%)   
[2026-04-03T02:51:16.462+0600][13.365s][info][gc,heap     ] GC(15) O: Old Generation Statistics:
[2026-04-03T02:51:16.462+0600][13.365s][info][gc,heap     ] GC(15) O:                Mark Start          Mark End        Relocate Start      Relocate End    
[2026-04-03T02:51:16.462+0600][13.365s][info][gc,heap     ] GC(15) O:      Used:      498M (100%)        498M (100%)        498M (100%)        496M (99%)    
[2026-04-03T02:51:16.462+0600][13.365s][info][gc,heap     ] GC(15) O:      Live:         -               477M (95%)         477M (95%)         477M (95%)    
[2026-04-03T02:51:16.462+0600][13.365s][info][gc,heap     ] GC(15) O:   Garbage:         -                20M (4%)           20M (4%)           16M (3%)     
[2026-04-03T02:51:16.462+0600][13.365s][info][gc,heap     ] GC(15) O: Allocated:         -                 0M (0%)            0M (0%)            2M (1%)     
[2026-04-03T02:51:16.462+0600][13.365s][info][gc,heap     ] GC(15) O: Reclaimed:         -                  -                 0M (0%)            4M (1%)     
[2026-04-03T02:51:16.462+0600][13.365s][info][gc,heap     ] GC(15) O: Compacted:         -                  -                  -                 3M (1%)     
[2026-04-03T02:51:16.462+0600][13.365s][info][gc,phases   ] GC(15) O: Old Generation 500M(100%)->500M(100%) 0.693s
[2026-04-03T02:51:16.462+0600][13.365s][info][gc          ] GC(15) Major Collection (Allocation Stall) 500M(100%)->500M(100%) 0.711s
[2026-04-03T02:51:16.462+0600][13.365s][info][gc          ] GC(18) Major Collection (Allocation Stall)
[2026-04-03T02:51:16.462+0600][13.365s][info][gc,task     ] GC(18) Using 3 Workers for Young Generation
[2026-04-03T02:51:16.462+0600][13.365s][info][gc,task     ] GC(18) Using 3 Workers for Old Generation
[2026-04-03T02:51:16.462+0600][13.365s][info][gc,phases   ] GC(18) Y: Young Generation (Promote All)
[2026-04-03T02:51:16.462+0600][13.365s][info][gc,phases   ] GC(18) Y: Pause Mark Start 0.017ms
[2026-04-03T02:51:16.468+0600][13.372s][info][gc,phases   ] GC(18) Y: Concurrent Mark 5.877ms
[2026-04-03T02:51:16.469+0600][13.372s][info][gc,phases   ] GC(18) Y: Pause Mark End 0.028ms
[2026-04-03T02:51:16.469+0600][13.372s][info][gc,phases   ] GC(18) Y: Concurrent Mark Free 0.002ms
[2026-04-03T02:51:16.469+0600][13.372s][info][gc,phases   ] GC(18) Y: Concurrent Reset Relocation Set 0.000ms
[2026-04-03T02:51:16.470+0600][13.373s][info][gc,reloc    ] GC(18) Y: Using tenuring threshold: 0 (Promote All)
[2026-04-03T02:51:16.470+0600][13.373s][info][gc,phases   ] GC(18) Y: Concurrent Select Relocation Set 1.623ms
[2026-04-03T02:51:16.470+0600][13.374s][info][gc,phases   ] GC(18) Y: Pause Relocate Start 0.018ms
[2026-04-03T02:51:16.471+0600][13.375s][info][gc,phases   ] GC(18) Y: Concurrent Relocate 0.912ms
[2026-04-03T02:51:16.471+0600][13.375s][info][gc,alloc    ] GC(18) Y:                         Mark Start        Mark End      Relocate Start    Relocate End   
[2026-04-03T02:51:16.471+0600][13.375s][info][gc,alloc    ] GC(18) Y: Allocation Stalls:          1                2                2                2         
[2026-04-03T02:51:16.471+0600][13.375s][info][gc,load     ] GC(18) Y: Load: 5.79 (48%) / 5.64 (47%) / 5.61 (47%)
[2026-04-03T02:51:16.471+0600][13.375s][info][gc,mmu      ] GC(18) Y: MMU: 2ms/95.4%, 5ms/97.7%, 10ms/98.6%, 20ms/99.1%, 50ms/99.5%, 100ms/99.7%
[2026-04-03T02:51:16.472+0600][13.375s][info][gc,marking  ] GC(18) Y: Mark: 2 stripe(s), 2 proactive flush(es), 1 terminate flush(es), 0 completion(s), 0 continuation(s) 
[2026-04-03T02:51:16.472+0600][13.375s][info][gc,marking  ] GC(18) Y: Mark Stack Usage: 32M
[2026-04-03T02:51:16.472+0600][13.375s][info][gc,nmethod  ] GC(18) Y: NMethods: 3021 registered, 131 unregistered
[2026-04-03T02:51:16.472+0600][13.375s][info][gc,metaspace] GC(18) Y: Metaspace: 47M used, 48M committed, 1088M reserved
[2026-04-03T02:51:16.472+0600][13.375s][info][gc,reloc    ] GC(18) Y:                        Candidates     Selected     In-Place         Size        Empty    Relocated 
[2026-04-03T02:51:16.472+0600][13.375s][info][gc,reloc    ] GC(18) Y: Small Pages:                    2            1            2           4M           0M           0M 
[2026-04-03T02:51:16.472+0600][13.375s][info][gc,reloc    ] GC(18) Y: Medium Pages:                   0            0            0           0M           0M           0M 
[2026-04-03T02:51:16.472+0600][13.375s][info][gc,reloc    ] GC(18) Y: Large Pages:                    0            0            0           0M           0M           0M 
[2026-04-03T02:51:16.472+0600][13.375s][info][gc,reloc    ] GC(18) Y: Forwarding Usage: 0M
[2026-04-03T02:51:16.472+0600][13.375s][info][gc,reloc    ] GC(18) Y: Age Table:
[2026-04-03T02:51:16.472+0600][13.375s][info][gc,reloc    ] GC(18) Y:                    Live             Garbage             Small              Medium             Large        
[2026-04-03T02:51:16.472+0600][13.375s][info][gc,reloc    ] GC(18) Y: Eden               0M (0%)            1M (0%)           1 / 1              0 / 0              0 / 0        
[2026-04-03T02:51:16.472+0600][13.375s][info][gc,reloc    ] GC(18) Y: Survivor 1          -                 0M (0%)           0 / 0              0 / 0              0 / 0        
[2026-04-03T02:51:16.472+0600][13.375s][info][gc,reloc    ] GC(18) Y: Survivor 2          -                 0M (0%)           0 / 0              0 / 0              0 / 0        
[2026-04-03T02:51:16.472+0600][13.375s][info][gc,reloc    ] GC(18) Y: Survivor 3         0M (0%)            1M (0%)           1 / 0              0 / 0              0 / 0        
[2026-04-03T02:51:16.472+0600][13.375s][info][gc,heap     ] GC(18) Y: Min Capacity: 8M(2%)
[2026-04-03T02:51:16.472+0600][13.375s][info][gc,heap     ] GC(18) Y: Max Capacity: 500M(100%)
[2026-04-03T02:51:16.472+0600][13.375s][info][gc,heap     ] GC(18) Y: Soft Max Capacity: 500M(100%)
[2026-04-03T02:51:16.472+0600][13.375s][info][gc,heap     ] GC(18) Y: Heap Statistics:
[2026-04-03T02:51:16.472+0600][13.375s][info][gc,heap     ] GC(18) Y:                Mark Start          Mark End        Relocate Start      Relocate End           High               Low         
[2026-04-03T02:51:16.472+0600][13.375s][info][gc,heap     ] GC(18) Y:  Capacity:      500M (100%)        500M (100%)        500M (100%)        500M (100%)        500M (100%)        500M (100%)   
[2026-04-03T02:51:16.472+0600][13.375s][info][gc,heap     ] GC(18) Y:      Free:        0M (0%)            0M (0%)            0M (0%)            0M (0%)            0M (0%)            0M (0%)     
[2026-04-03T02:51:16.472+0600][13.375s][info][gc,heap     ] GC(18) Y:      Used:      500M (100%)        500M (100%)        500M (100%)        500M (100%)        500M (100%)        500M (100%)   
[2026-04-03T02:51:16.472+0600][13.375s][info][gc,heap     ] GC(18) Y: Young Generation Statistics:
[2026-04-03T02:51:16.472+0600][13.375s][info][gc,heap     ] GC(18) Y:                Mark Start          Mark End        Relocate Start      Relocate End    
[2026-04-03T02:51:16.472+0600][13.375s][info][gc,heap     ] GC(18) Y:      Used:        4M (1%)            4M (1%)            4M (1%)            0M (0%)     
[2026-04-03T02:51:16.472+0600][13.375s][info][gc,heap     ] GC(18) Y:      Live:         -                 0M (0%)            0M (0%)            0M (0%)     
[2026-04-03T02:51:16.472+0600][13.375s][info][gc,heap     ] GC(18) Y:   Garbage:         -                 3M (1%)            3M (1%)            0M (0%)     
[2026-04-03T02:51:16.472+0600][13.375s][info][gc,heap     ] GC(18) Y: Allocated:         -                 0M (0%)            0M (0%)            0M (0%)     
[2026-04-03T02:51:16.472+0600][13.375s][info][gc,heap     ] GC(18) Y: Reclaimed:         -                  -                 0M (0%)            3M (1%)     
[2026-04-03T02:51:16.472+0600][13.375s][info][gc,heap     ] GC(18) Y:  Promoted:         -                  -                 0M (0%)            0M (0%)     
[2026-04-03T02:51:16.472+0600][13.375s][info][gc,heap     ] GC(18) Y: Compacted:         -                  -                  -                 0M (0%)     
[2026-04-03T02:51:16.472+0600][13.375s][info][gc,phases   ] GC(18) Y: Young Generation (Promote All) 500M(100%)->500M(100%) 0.009s
[2026-04-03T02:51:16.472+0600][13.375s][info][gc,phases   ] GC(18) Y: Young Generation (Collect Roots)
[2026-04-03T02:51:16.472+0600][13.375s][info][gc,phases   ] GC(18) Y: Pause Mark Start (Major) 0.033ms
[2026-04-03T02:51:16.477+0600][13.380s][info][gc,phases   ] GC(18) Y: Concurrent Mark 5.037ms
[2026-04-03T02:51:16.477+0600][13.380s][info][gc,phases   ] GC(18) Y: Pause Mark End 0.017ms
[2026-04-03T02:51:16.478+0600][13.381s][info][gc,phases   ] GC(18) Y: Concurrent Mark Free 0.189ms
[2026-04-03T02:51:16.478+0600][13.381s][info][gc,phases   ] GC(18) Y: Concurrent Reset Relocation Set 0.007ms
[2026-04-03T02:51:16.479+0600][13.382s][info][gc,reloc    ] GC(18) Y: Using tenuring threshold: 0 (Computed)
[2026-04-03T02:51:16.479+0600][13.382s][info][gc,phases   ] GC(18) Y: Concurrent Select Relocation Set 1.443ms
[2026-04-03T02:51:16.479+0600][13.382s][info][gc,phases   ] GC(18) Y: Pause Relocate Start 0.012ms
[2026-04-03T02:51:16.479+0600][13.382s][info][gc,phases   ] GC(18) Y: Concurrent Relocate 0.065ms
[2026-04-03T02:51:16.479+0600][13.382s][info][gc,alloc    ] GC(18) Y:                         Mark Start        Mark End      Relocate Start    Relocate End   
[2026-04-03T02:51:16.479+0600][13.382s][info][gc,alloc    ] GC(18) Y: Allocation Stalls:          2                2                2                2         
[2026-04-03T02:51:16.479+0600][13.382s][info][gc,load     ] GC(18) Y: Load: 5.79 (48%) / 5.64 (47%) / 5.61 (47%)
[2026-04-03T02:51:16.479+0600][13.382s][info][gc,mmu      ] GC(18) Y: MMU: 2ms/95.4%, 5ms/97.7%, 10ms/98.6%, 20ms/99.1%, 50ms/99.5%, 100ms/99.7%
[2026-04-03T02:51:16.479+0600][13.382s][info][gc,marking  ] GC(18) Y: Mark: 2 stripe(s), 1 proactive flush(es), 1 terminate flush(es), 0 completion(s), 0 continuation(s) 
[2026-04-03T02:51:16.479+0600][13.382s][info][gc,marking  ] GC(18) Y: Mark Stack Usage: 0M
[2026-04-03T02:51:16.479+0600][13.382s][info][gc,nmethod  ] GC(18) Y: NMethods: 3021 registered, 131 unregistered
[2026-04-03T02:51:16.479+0600][13.382s][info][gc,metaspace] GC(18) Y: Metaspace: 47M used, 48M committed, 1088M reserved
[2026-04-03T02:51:16.479+0600][13.382s][info][gc,heap     ] GC(18) Y: Min Capacity: 8M(2%)
[2026-04-03T02:51:16.479+0600][13.382s][info][gc,heap     ] GC(18) Y: Max Capacity: 500M(100%)
[2026-04-03T02:51:16.479+0600][13.382s][info][gc,heap     ] GC(18) Y: Soft Max Capacity: 500M(100%)
[2026-04-03T02:51:16.479+0600][13.382s][info][gc,heap     ] GC(18) Y: Heap Statistics:
[2026-04-03T02:51:16.479+0600][13.382s][info][gc,heap     ] GC(18) Y:                Mark Start          Mark End        Relocate Start      Relocate End           High               Low         
[2026-04-03T02:51:16.479+0600][13.382s][info][gc,heap     ] GC(18) Y:  Capacity:      500M (100%)        500M (100%)        500M (100%)        500M (100%)        500M (100%)        500M (100%)   
[2026-04-03T02:51:16.479+0600][13.382s][info][gc,heap     ] GC(18) Y:      Free:        0M (0%)            0M (0%)            0M (0%)            0M (0%)            0M (0%)            0M (0%)     
[2026-04-03T02:51:16.479+0600][13.382s][info][gc,heap     ] GC(18) Y:      Used:      500M (100%)        500M (100%)        500M (100%)        500M (100%)        500M (100%)        500M (100%)   
[2026-04-03T02:51:16.479+0600][13.382s][info][gc,heap     ] GC(18) Y: Young Generation Statistics:
[2026-04-03T02:51:16.479+0600][13.383s][info][gc,heap     ] GC(18) Y:                Mark Start          Mark End        Relocate Start      Relocate End    
[2026-04-03T02:51:16.479+0600][13.383s][info][gc,heap     ] GC(18) Y:      Used:        0M (0%)            0M (0%)            0M (0%)            0M (0%)     
[2026-04-03T02:51:16.479+0600][13.383s][info][gc,heap     ] GC(18) Y:      Live:         -                 0M (0%)            0M (0%)            0M (0%)     
[2026-04-03T02:51:16.479+0600][13.383s][info][gc,heap     ] GC(18) Y:   Garbage:         -                 0M (0%)            0M (0%)            0M (0%)     
[2026-04-03T02:51:16.479+0600][13.383s][info][gc,heap     ] GC(18) Y: Allocated:         -                 0M (0%)            0M (0%)            0M (0%)     
[2026-04-03T02:51:16.479+0600][13.383s][info][gc,heap     ] GC(18) Y: Reclaimed:         -                  -                 0M (0%)            0M (0%)     
[2026-04-03T02:51:16.479+0600][13.383s][info][gc,heap     ] GC(18) Y:  Promoted:         -                  -                 0M (0%)            0M (0%)     
[2026-04-03T02:51:16.479+0600][13.383s][info][gc,heap     ] GC(18) Y: Compacted:         -                  -                  -                 0M (0%)     
[2026-04-03T02:51:16.479+0600][13.383s][info][gc,phases   ] GC(18) Y: Young Generation (Collect Roots) 500M(100%)->500M(100%) 0.008s
[2026-04-03T02:51:16.479+0600][13.383s][info][gc,phases   ] GC(18) O: Old Generation
[2026-04-03T02:51:16.480+0600][13.383s][info][gc          ] GC(19) Minor Collection (Allocation Stall)
[2026-04-03T02:51:16.480+0600][13.383s][info][gc,task     ] GC(19) Using 3 Workers for Young Generation
[2026-04-03T02:51:16.480+0600][13.383s][info][gc,phases   ] GC(19) y: Young Generation
[2026-04-03T02:51:16.480+0600][13.383s][info][gc,phases   ] GC(19) y: Pause Mark Start 0.016ms
[2026-04-03T02:51:16.484+0600][13.387s][info][gc,phases   ] GC(19) y: Concurrent Mark 3.509ms
[2026-04-03T02:51:16.484+0600][13.387s][info][gc,phases   ] GC(19) y: Pause Mark End 0.014ms
[2026-04-03T02:51:16.484+0600][13.387s][info][gc,phases   ] GC(19) y: Concurrent Mark Free 0.001ms
[2026-04-03T02:51:16.484+0600][13.387s][info][gc,phases   ] GC(19) y: Concurrent Reset Relocation Set 0.000ms
[2026-04-03T02:51:16.488+0600][13.391s][info][gc,reloc    ] GC(19) y: Using tenuring threshold: 0 (Computed)
[2026-04-03T02:51:16.488+0600][13.391s][info][gc,phases   ] GC(19) y: Concurrent Select Relocation Set 4.360ms
[2026-04-03T02:51:16.488+0600][13.391s][info][gc,phases   ] GC(19) y: Pause Relocate Start 0.017ms
[2026-04-03T02:51:16.489+0600][13.392s][info][gc,phases   ] GC(19) y: Concurrent Relocate 0.075ms
[2026-04-03T02:51:16.489+0600][13.392s][info][gc,alloc    ] GC(19) y:                         Mark Start        Mark End      Relocate Start    Relocate End   
[2026-04-03T02:51:16.489+0600][13.392s][info][gc,alloc    ] GC(19) y: Allocation Stalls:          2                2                2                2         
[2026-04-03T02:51:16.489+0600][13.392s][info][gc,load     ] GC(19) y: Load: 5.79 (48%) / 5.64 (47%) / 5.61 (47%)
[2026-04-03T02:51:16.489+0600][13.392s][info][gc,mmu      ] GC(19) y: MMU: 2ms/95.4%, 5ms/97.7%, 10ms/98.6%, 20ms/99.1%, 50ms/99.5%, 100ms/99.7%
[2026-04-03T02:51:16.489+0600][13.392s][info][gc,marking  ] GC(19) y: Mark: 2 stripe(s), 1 proactive flush(es), 1 terminate flush(es), 0 completion(s), 0 continuation(s) 
[2026-04-03T02:51:16.489+0600][13.392s][info][gc,marking  ] GC(19) y: Mark Stack Usage: 0M
[2026-04-03T02:51:16.489+0600][13.392s][info][gc,nmethod  ] GC(19) y: NMethods: 3021 registered, 131 unregistered
[2026-04-03T02:51:16.489+0600][13.392s][info][gc,metaspace] GC(19) y: Metaspace: 47M used, 48M committed, 1088M reserved
[2026-04-03T02:51:16.489+0600][13.392s][info][gc,heap     ] GC(19) y: Min Capacity: 8M(2%)
[2026-04-03T02:51:16.489+0600][13.392s][info][gc,heap     ] GC(19) y: Max Capacity: 500M(100%)
[2026-04-03T02:51:16.489+0600][13.392s][info][gc,heap     ] GC(19) y: Soft Max Capacity: 500M(100%)
[2026-04-03T02:51:16.489+0600][13.392s][info][gc,heap     ] GC(19) y: Heap Statistics:
[2026-04-03T02:51:16.489+0600][13.392s][info][gc,heap     ] GC(19) y:                Mark Start          Mark End        Relocate Start      Relocate End           High               Low         
[2026-04-03T02:51:16.489+0600][13.392s][info][gc,heap     ] GC(19) y:  Capacity:      500M (100%)        500M (100%)        500M (100%)        500M (100%)        500M (100%)        500M (100%)   
[2026-04-03T02:51:16.489+0600][13.392s][info][gc,heap     ] GC(19) y:      Free:        0M (0%)            0M (0%)            0M (0%)            0M (0%)            0M (0%)            0M (0%)     
[2026-04-03T02:51:16.489+0600][13.392s][info][gc,heap     ] GC(19) y:      Used:      500M (100%)        500M (100%)        500M (100%)        500M (100%)        500M (100%)        500M (100%)   
[2026-04-03T02:51:16.489+0600][13.392s][info][gc,heap     ] GC(19) y: Young Generation Statistics:
[2026-04-03T02:51:16.489+0600][13.392s][info][gc,heap     ] GC(19) y:                Mark Start          Mark End        Relocate Start      Relocate End    
[2026-04-03T02:51:16.489+0600][13.392s][info][gc,heap     ] GC(19) y:      Used:        0M (0%)            0M (0%)            0M (0%)            0M (0%)     
[2026-04-03T02:51:16.489+0600][13.392s][info][gc,heap     ] GC(19) y:      Live:         -                 0M (0%)            0M (0%)            0M (0%)     
[2026-04-03T02:51:16.489+0600][13.392s][info][gc,heap     ] GC(19) y:   Garbage:         -                 0M (0%)            0M (0%)            0M (0%)     
[2026-04-03T02:51:16.489+0600][13.392s][info][gc,heap     ] GC(19) y: Allocated:         -                 0M (0%)            0M (0%)            0M (0%)     
[2026-04-03T02:51:16.489+0600][13.392s][info][gc,heap     ] GC(19) y: Reclaimed:         -                  -                 0M (0%)            0M (0%)     
[2026-04-03T02:51:16.489+0600][13.392s][info][gc,heap     ] GC(19) y:  Promoted:         -                  -                 0M (0%)            0M (0%)     
[2026-04-03T02:51:16.489+0600][13.392s][info][gc,heap     ] GC(19) y: Compacted:         -                  -                  -                 0M (0%)     
[2026-04-03T02:51:16.489+0600][13.392s][info][gc,phases   ] GC(19) y: Young Generation 500M(100%)->500M(100%) 0.009s
[2026-04-03T02:51:16.489+0600][13.392s][info][gc          ] GC(19) Minor Collection (Allocation Stall) 500M(100%)->500M(100%) 0.009s
[2026-04-03T02:51:16.761+0600][13.664s][info][gc          ] GC(20) Minor Collection (Allocation Stall)
[2026-04-03T02:51:16.761+0600][13.664s][info][gc,task     ] GC(20) Using 3 Workers for Young Generation
[2026-04-03T02:51:16.761+0600][13.664s][info][gc,phases   ] GC(20) y: Young Generation
[2026-04-03T02:51:16.761+0600][13.664s][info][gc,phases   ] GC(20) y: Pause Mark Start 0.019ms
[2026-04-03T02:51:16.767+0600][13.670s][info][gc,phases   ] GC(20) y: Concurrent Mark 5.105ms
[2026-04-03T02:51:16.767+0600][13.670s][info][gc,phases   ] GC(20) y: Pause Mark End 0.021ms
[2026-04-03T02:51:16.767+0600][13.670s][info][gc,phases   ] GC(20) y: Concurrent Mark Free 0.001ms
[2026-04-03T02:51:16.767+0600][13.670s][info][gc,phases   ] GC(20) y: Concurrent Reset Relocation Set 0.001ms
[2026-04-03T02:51:16.771+0600][13.674s][info][gc,reloc    ] GC(20) y: Using tenuring threshold: 0 (Computed)
[2026-04-03T02:51:16.771+0600][13.674s][info][gc,phases   ] GC(20) y: Concurrent Select Relocation Set 4.463ms
[2026-04-03T02:51:16.771+0600][13.675s][info][gc,phases   ] GC(20) y: Pause Relocate Start 0.011ms
[2026-04-03T02:51:16.772+0600][13.675s][info][gc,phases   ] GC(20) y: Concurrent Relocate 0.103ms
[2026-04-03T02:51:16.772+0600][13.675s][info][gc,alloc    ] GC(20) y:                         Mark Start        Mark End      Relocate Start    Relocate End   
[2026-04-03T02:51:16.772+0600][13.675s][info][gc,alloc    ] GC(20) y: Allocation Stalls:          3                3                3                3         
[2026-04-03T02:51:16.772+0600][13.675s][info][gc,load     ] GC(20) y: Load: 5.79 (48%) / 5.64 (47%) / 5.61 (47%)
[2026-04-03T02:51:16.772+0600][13.675s][info][gc,mmu      ] GC(20) y: MMU: 2ms/95.4%, 5ms/97.7%, 10ms/98.6%, 20ms/99.1%, 50ms/99.5%, 100ms/99.7%
[2026-04-03T02:51:16.772+0600][13.675s][info][gc,marking  ] GC(20) y: Mark: 2 stripe(s), 1 proactive flush(es), 1 terminate flush(es), 0 completion(s), 0 continuation(s) 
[2026-04-03T02:51:16.772+0600][13.675s][info][gc,marking  ] GC(20) y: Mark Stack Usage: 0M
[2026-04-03T02:51:16.772+0600][13.675s][info][gc,nmethod  ] GC(20) y: NMethods: 3021 registered, 131 unregistered
[2026-04-03T02:51:16.772+0600][13.675s][info][gc,metaspace] GC(20) y: Metaspace: 47M used, 48M committed, 1088M reserved
[2026-04-03T02:51:16.772+0600][13.675s][info][gc,heap     ] GC(20) y: Min Capacity: 8M(2%)
[2026-04-03T02:51:16.772+0600][13.675s][info][gc,heap     ] GC(20) y: Max Capacity: 500M(100%)
[2026-04-03T02:51:16.772+0600][13.675s][info][gc,heap     ] GC(20) y: Soft Max Capacity: 500M(100%)
[2026-04-03T02:51:16.772+0600][13.675s][info][gc,heap     ] GC(20) y: Heap Statistics:
[2026-04-03T02:51:16.772+0600][13.675s][info][gc,heap     ] GC(20) y:                Mark Start          Mark End        Relocate Start      Relocate End           High               Low         
[2026-04-03T02:51:16.772+0600][13.675s][info][gc,heap     ] GC(20) y:  Capacity:      500M (100%)        500M (100%)        500M (100%)        500M (100%)        500M (100%)        500M (100%)   
[2026-04-03T02:51:16.772+0600][13.675s][info][gc,heap     ] GC(20) y:      Free:        0M (0%)            0M (0%)            0M (0%)            0M (0%)            0M (0%)            0M (0%)     
[2026-04-03T02:51:16.772+0600][13.675s][info][gc,heap     ] GC(20) y:      Used:      500M (100%)        500M (100%)        500M (100%)        500M (100%)        500M (100%)        500M (100%)   
[2026-04-03T02:51:16.772+0600][13.675s][info][gc,heap     ] GC(20) y: Young Generation Statistics:
[2026-04-03T02:51:16.772+0600][13.675s][info][gc,heap     ] GC(20) y:                Mark Start          Mark End        Relocate Start      Relocate End    
[2026-04-03T02:51:16.772+0600][13.675s][info][gc,heap     ] GC(20) y:      Used:        0M (0%)            0M (0%)            0M (0%)            0M (0%)     
[2026-04-03T02:51:16.772+0600][13.675s][info][gc,heap     ] GC(20) y:      Live:         -                 0M (0%)            0M (0%)            0M (0%)     
[2026-04-03T02:51:16.772+0600][13.675s][info][gc,heap     ] GC(20) y:   Garbage:         -                 0M (0%)            0M (0%)            0M (0%)     
[2026-04-03T02:51:16.772+0600][13.675s][info][gc,heap     ] GC(20) y: Allocated:         -                 0M (0%)            0M (0%)            0M (0%)     
[2026-04-03T02:51:16.772+0600][13.675s][info][gc,heap     ] GC(20) y: Reclaimed:         -                  -                 0M (0%)            0M (0%)     
[2026-04-03T02:51:16.772+0600][13.675s][info][gc,heap     ] GC(20) y:  Promoted:         -                  -                 0M (0%)            0M (0%)     
[2026-04-03T02:51:16.772+0600][13.675s][info][gc,heap     ] GC(20) y: Compacted:         -                  -                  -                 0M (0%)     
[2026-04-03T02:51:16.772+0600][13.675s][info][gc,phases   ] GC(20) y: Young Generation 500M(100%)->500M(100%) 0.010s
[2026-04-03T02:51:16.772+0600][13.675s][info][gc          ] GC(20) Minor Collection (Allocation Stall) 500M(100%)->500M(100%) 0.011s
[2026-04-03T02:51:17.153+0600][14.056s][info][gc,phases   ] GC(18) O: Concurrent Mark 673.244ms
[2026-04-03T02:51:17.153+0600][14.056s][info][gc,phases   ] GC(18) O: Pause Mark End 0.026ms
[2026-04-03T02:51:17.153+0600][14.056s][info][gc,phases   ] GC(18) O: Concurrent Mark Free 0.003ms
[2026-04-03T02:51:17.153+0600][14.056s][info][gc,ref      ] GC(18) O: Clearing All SoftReferences
[2026-04-03T02:51:17.157+0600][14.060s][info][gc,phases   ] GC(18) O: Concurrent Process Non-Strong 3.545ms
[2026-04-03T02:51:17.157+0600][14.060s][info][gc,phases   ] GC(18) O: Concurrent Reset Relocation Set 0.002ms
[2026-04-03T02:51:17.158+0600][14.061s][info][gc,phases   ] GC(18) O: Concurrent Select Relocation Set 1.572ms
[2026-04-03T02:51:17.158+0600][14.061s][info][gc,task     ] GC(18) O: Using 3 Workers for Old Generation
[2026-04-03T02:51:17.173+0600][14.076s][info][gc,task     ] GC(18) O: Using 3 Workers for Old Generation
[2026-04-03T02:51:17.173+0600][14.076s][info][gc,phases   ] GC(18) O: Concurrent Remap Roots 14.613ms
[2026-04-03T02:51:17.173+0600][14.076s][info][gc,phases   ] GC(18) O: Pause Relocate Start 0.023ms
[2026-04-03T02:51:17.175+0600][14.078s][info][gc          ] Allocation Stall (Spark Context Cleaner) 1323.810ms
[2026-04-03T02:51:17.176+0600][14.079s][info][gc,phases   ] GC(18) O: Concurrent Relocate 3.063ms
[2026-04-03T02:51:17.176+0600][14.080s][info][gc,alloc    ] GC(18) O:                         Mark Start        Mark End      Relocate Start    Relocate End   
[2026-04-03T02:51:17.176+0600][14.080s][info][gc,alloc    ] GC(18) O: Allocation Stalls:          2                3                3                1         
[2026-04-03T02:51:17.176+0600][14.080s][info][gc,load     ] GC(18) O: Load: 5.79 (48%) / 5.64 (47%) / 5.61 (47%)
[2026-04-03T02:51:17.176+0600][14.080s][info][gc,mmu      ] GC(18) O: MMU: 2ms/95.4%, 5ms/97.7%, 10ms/98.6%, 20ms/99.1%, 50ms/99.5%, 100ms/99.7%
[2026-04-03T02:51:17.176+0600][14.080s][info][gc,marking  ] GC(18) O: Mark: 2 stripe(s), 10 proactive flush(es), 1 terminate flush(es), 0 completion(s), 0 continuation(s) 
[2026-04-03T02:51:17.176+0600][14.080s][info][gc,marking  ] GC(18) O: Mark Stack Usage: 32M
[2026-04-03T02:51:17.176+0600][14.080s][info][gc,nmethod  ] GC(18) O: NMethods: 3021 registered, 131 unregistered
[2026-04-03T02:51:17.176+0600][14.080s][info][gc,metaspace] GC(18) O: Metaspace: 47M used, 48M committed, 1088M reserved
[2026-04-03T02:51:17.176+0600][14.080s][info][gc,ref      ] GC(18) O:                       Encountered   Discovered     Enqueued 
[2026-04-03T02:51:17.176+0600][14.080s][info][gc,ref      ] GC(18) O: Soft References:             2423          166            0 
[2026-04-03T02:51:17.176+0600][14.080s][info][gc,ref      ] GC(18) O: Weak References:             2641         1911            0 
[2026-04-03T02:51:17.176+0600][14.080s][info][gc,ref      ] GC(18) O: Final References:              74           56            0 
[2026-04-03T02:51:17.177+0600][14.080s][info][gc,ref      ] GC(18) O: Phantom References:           585          402            0 
[2026-04-03T02:51:17.176+0600][14.079s][info][gc          ] Allocation Stall (main) 713.585ms
[2026-04-03T02:51:17.177+0600][14.080s][info][gc,reloc    ] GC(18) O:                        Candidates     Selected     In-Place         Size        Empty    Relocated 
[2026-04-03T02:51:17.177+0600][14.080s][info][gc,reloc    ] GC(18) O: Small Pages:                  243            3            3         486M           0M           2M 
[2026-04-03T02:51:17.177+0600][14.080s][info][gc,reloc    ] GC(18) O: Medium Pages:                   1            0            0           8M           0M           0M 
[2026-04-03T02:51:17.177+0600][14.080s][info][gc,reloc    ] GC(18) O: Large Pages:                    2            0            0           6M           0M           0M 
[2026-04-03T02:51:17.177+0600][14.080s][info][gc,reloc    ] GC(18) O: Forwarding Usage: 1M
[2026-04-03T02:51:17.177+0600][14.080s][info][gc,heap     ] GC(18) O: Min Capacity: 8M(2%)
[2026-04-03T02:51:17.177+0600][14.080s][info][gc,heap     ] GC(18) O: Max Capacity: 500M(100%)
[2026-04-03T02:51:17.177+0600][14.080s][info][gc,heap     ] GC(18) O: Soft Max Capacity: 500M(100%)
[2026-04-03T02:51:17.177+0600][14.080s][info][gc,heap     ] GC(18) O: Heap Statistics:
[2026-04-03T02:51:17.177+0600][14.080s][info][gc,heap     ] GC(18) O:                Mark Start          Mark End        Relocate Start      Relocate End           High               Low         
[2026-04-03T02:51:17.177+0600][14.080s][info][gc,heap     ] GC(18) O:  Capacity:      500M (100%)        500M (100%)        500M (100%)        500M (100%)        500M (100%)        500M (100%)   
[2026-04-03T02:51:17.177+0600][14.080s][info][gc,heap     ] GC(18) O:      Free:        0M (0%)            0M (0%)            0M (0%)            0M (0%)            2M (0%)            0M (0%)     
[2026-04-03T02:51:17.177+0600][14.080s][info][gc,heap     ] GC(18) O:      Used:      500M (100%)        500M (100%)        500M (100%)        500M (100%)        500M (100%)        498M (100%)   
[2026-04-03T02:51:17.177+0600][14.080s][info][gc,heap     ] GC(18) O: Old Generation Statistics:
[2026-04-03T02:51:17.177+0600][14.080s][info][gc,heap     ] GC(18) O:                Mark Start          Mark End        Relocate Start      Relocate End    
[2026-04-03T02:51:17.177+0600][14.080s][info][gc,heap     ] GC(18) O:      Used:      500M (100%)        500M (100%)        500M (100%)        496M (99%)    
[2026-04-03T02:51:17.177+0600][14.080s][info][gc,heap     ] GC(18) O:      Live:         -               477M (95%)         477M (95%)         477M (95%)    
[2026-04-03T02:51:17.177+0600][14.080s][info][gc,heap     ] GC(18) O:   Garbage:         -                22M (5%)           22M (5%)           16M (3%)     
[2026-04-03T02:51:17.177+0600][14.080s][info][gc,heap     ] GC(18) O: Allocated:         -                 0M (0%)            0M (0%)            2M (1%)     
[2026-04-03T02:51:17.177+0600][14.080s][info][gc,heap     ] GC(18) O: Reclaimed:         -                  -                 0M (0%)            6M (1%)     
[2026-04-03T02:51:17.177+0600][14.080s][info][gc,heap     ] GC(18) O: Compacted:         -                  -                  -                 3M (1%)     
[2026-04-03T02:51:17.177+0600][14.080s][info][gc,phases   ] GC(18) O: Old Generation 500M(100%)->500M(100%) 0.697s
[2026-04-03T02:51:17.177+0600][14.080s][info][gc          ] GC(18) Major Collection (Allocation Stall) 500M(100%)->500M(100%) 0.715s
[2026-04-03T02:51:17.177+0600][14.080s][info][gc          ] GC(21) Major Collection (Allocation Stall)
[2026-04-03T02:51:17.177+0600][14.080s][info][gc,task     ] GC(21) Using 3 Workers for Young Generation
[2026-04-03T02:51:17.177+0600][14.080s][info][gc,task     ] GC(21) Using 3 Workers for Old Generation
[2026-04-03T02:51:17.177+0600][14.080s][info][gc,phases   ] GC(21) Y: Young Generation (Promote All)
[2026-04-03T02:51:17.177+0600][14.080s][info][gc,phases   ] GC(21) Y: Pause Mark Start 0.019ms
[2026-04-03T02:51:17.183+0600][14.086s][info][gc,phases   ] GC(21) Y: Concurrent Mark 5.562ms
[2026-04-03T02:51:17.183+0600][14.086s][info][gc,phases   ] GC(21) Y: Pause Mark End 0.021ms
[2026-04-03T02:51:17.183+0600][14.086s][info][gc,phases   ] GC(21) Y: Concurrent Mark Free 0.002ms
[2026-04-03T02:51:17.183+0600][14.086s][info][gc,phases   ] GC(21) Y: Concurrent Reset Relocation Set 0.000ms
[2026-04-03T02:51:17.184+0600][14.088s][info][gc,reloc    ] GC(21) Y: Using tenuring threshold: 0 (Promote All)
[2026-04-03T02:51:17.185+0600][14.088s][info][gc,phases   ] GC(21) Y: Concurrent Select Relocation Set 2.167ms
[2026-04-03T02:51:17.185+0600][14.089s][info][gc,phases   ] GC(21) Y: Pause Relocate Start 0.018ms
[2026-04-03T02:51:17.186+0600][14.090s][info][gc,phases   ] GC(21) Y: Concurrent Relocate 0.895ms
[2026-04-03T02:51:17.186+0600][14.090s][info][gc,alloc    ] GC(21) Y:                         Mark Start        Mark End      Relocate Start    Relocate End   
[2026-04-03T02:51:17.186+0600][14.090s][info][gc,alloc    ] GC(21) Y: Allocation Stalls:          1                2                2                2         
[2026-04-03T02:51:17.186+0600][14.090s][info][gc,load     ] GC(21) Y: Load: 5.79 (48%) / 5.64 (47%) / 5.61 (47%)
[2026-04-03T02:51:17.186+0600][14.090s][info][gc,mmu      ] GC(21) Y: MMU: 2ms/95.4%, 5ms/97.7%, 10ms/98.6%, 20ms/99.1%, 50ms/99.5%, 100ms/99.7%
[2026-04-03T02:51:17.186+0600][14.090s][info][gc,marking  ] GC(21) Y: Mark: 2 stripe(s), 2 proactive flush(es), 1 terminate flush(es), 0 completion(s), 0 continuation(s) 
[2026-04-03T02:51:17.186+0600][14.090s][info][gc,marking  ] GC(21) Y: Mark Stack Usage: 32M
[2026-04-03T02:51:17.186+0600][14.090s][info][gc,nmethod  ] GC(21) Y: NMethods: 3021 registered, 131 unregistered
[2026-04-03T02:51:17.187+0600][14.090s][info][gc,metaspace] GC(21) Y: Metaspace: 47M used, 48M committed, 1088M reserved
[2026-04-03T02:51:17.187+0600][14.090s][info][gc,reloc    ] GC(21) Y:                        Candidates     Selected     In-Place         Size        Empty    Relocated 
[2026-04-03T02:51:17.187+0600][14.090s][info][gc,reloc    ] GC(21) Y: Small Pages:                    2            1            2           4M           0M           0M 
[2026-04-03T02:51:17.187+0600][14.090s][info][gc,reloc    ] GC(21) Y: Medium Pages:                   0            0            0           0M           0M           0M 
[2026-04-03T02:51:17.187+0600][14.090s][info][gc,reloc    ] GC(21) Y: Large Pages:                    0            0            0           0M           0M           0M 
[2026-04-03T02:51:17.187+0600][14.090s][info][gc,reloc    ] GC(21) Y: Forwarding Usage: 0M
[2026-04-03T02:51:17.187+0600][14.090s][info][gc,reloc    ] GC(21) Y: Age Table:
[2026-04-03T02:51:17.187+0600][14.090s][info][gc,reloc    ] GC(21) Y:                    Live             Garbage             Small              Medium             Large        
[2026-04-03T02:51:17.187+0600][14.090s][info][gc,reloc    ] GC(21) Y: Eden               0M (0%)            3M (1%)           2 / 1              0 / 0              0 / 0        
[2026-04-03T02:51:17.187+0600][14.090s][info][gc,heap     ] GC(21) Y: Min Capacity: 8M(2%)
[2026-04-03T02:51:17.187+0600][14.090s][info][gc,heap     ] GC(21) Y: Max Capacity: 500M(100%)
[2026-04-03T02:51:17.187+0600][14.090s][info][gc,heap     ] GC(21) Y: Soft Max Capacity: 500M(100%)
[2026-04-03T02:51:17.187+0600][14.090s][info][gc,heap     ] GC(21) Y: Heap Statistics:
[2026-04-03T02:51:17.187+0600][14.090s][info][gc,heap     ] GC(21) Y:                Mark Start          Mark End        Relocate Start      Relocate End           High               Low         
[2026-04-03T02:51:17.187+0600][14.090s][info][gc,heap     ] GC(21) Y:  Capacity:      500M (100%)        500M (100%)        500M (100%)        500M (100%)        500M (100%)        500M (100%)   
[2026-04-03T02:51:17.187+0600][14.090s][info][gc,heap     ] GC(21) Y:      Free:        0M (0%)            0M (0%)            0M (0%)            0M (0%)            0M (0%)            0M (0%)     
[2026-04-03T02:51:17.187+0600][14.090s][info][gc,heap     ] GC(21) Y:      Used:      500M (100%)        500M (100%)        500M (100%)        500M (100%)        500M (100%)        500M (100%)   
[2026-04-03T02:51:17.187+0600][14.090s][info][gc,heap     ] GC(21) Y: Young Generation Statistics:
[2026-04-03T02:51:17.187+0600][14.090s][info][gc,heap     ] GC(21) Y:                Mark Start          Mark End        Relocate Start      Relocate End    
[2026-04-03T02:51:17.187+0600][14.090s][info][gc,heap     ] GC(21) Y:      Used:        4M (1%)            4M (1%)            4M (1%)            0M (0%)     
[2026-04-03T02:51:17.187+0600][14.090s][info][gc,heap     ] GC(21) Y:      Live:         -                 0M (0%)            0M (0%)            0M (0%)     
[2026-04-03T02:51:17.187+0600][14.090s][info][gc,heap     ] GC(21) Y:   Garbage:         -                 3M (1%)            3M (1%)            0M (0%)     
[2026-04-03T02:51:17.187+0600][14.090s][info][gc,heap     ] GC(21) Y: Allocated:         -                 0M (0%)            0M (0%)            0M (0%)     
[2026-04-03T02:51:17.187+0600][14.090s][info][gc,heap     ] GC(21) Y: Reclaimed:         -                  -                 0M (0%)            3M (1%)     
[2026-04-03T02:51:17.187+0600][14.090s][info][gc,heap     ] GC(21) Y:  Promoted:         -                  -                 0M (0%)            0M (0%)     
[2026-04-03T02:51:17.187+0600][14.090s][info][gc,heap     ] GC(21) Y: Compacted:         -                  -                  -                 0M (0%)     
[2026-04-03T02:51:17.187+0600][14.090s][info][gc,phases   ] GC(21) Y: Young Generation (Promote All) 500M(100%)->500M(100%) 0.010s
[2026-04-03T02:51:17.187+0600][14.090s][info][gc,phases   ] GC(21) Y: Young Generation (Collect Roots)
[2026-04-03T02:51:17.187+0600][14.090s][info][gc,phases   ] GC(21) Y: Pause Mark Start (Major) 0.030ms
[2026-04-03T02:51:17.192+0600][14.095s][info][gc,phases   ] GC(21) Y: Concurrent Mark 5.261ms
[2026-04-03T02:51:17.192+0600][14.096s][info][gc,phases   ] GC(21) Y: Pause Mark End 0.022ms
[2026-04-03T02:51:17.193+0600][14.096s][info][gc,phases   ] GC(21) Y: Concurrent Mark Free 0.144ms
[2026-04-03T02:51:17.193+0600][14.096s][info][gc,phases   ] GC(21) Y: Concurrent Reset Relocation Set 0.027ms
[2026-04-03T02:51:17.194+0600][14.097s][info][gc,reloc    ] GC(21) Y: Using tenuring threshold: 0 (Computed)
[2026-04-03T02:51:17.194+0600][14.097s][info][gc,phases   ] GC(21) Y: Concurrent Select Relocation Set 1.605ms
[2026-04-03T02:51:17.194+0600][14.098s][info][gc,phases   ] GC(21) Y: Pause Relocate Start 0.010ms
[2026-04-03T02:51:17.195+0600][14.098s][info][gc,phases   ] GC(21) Y: Concurrent Relocate 0.065ms
[2026-04-03T02:51:17.195+0600][14.098s][info][gc,alloc    ] GC(21) Y:                         Mark Start        Mark End      Relocate Start    Relocate End   
[2026-04-03T02:51:17.195+0600][14.098s][info][gc,alloc    ] GC(21) Y: Allocation Stalls:          2                2                2                2         
[2026-04-03T02:51:17.195+0600][14.098s][info][gc,load     ] GC(21) Y: Load: 5.79 (48%) / 5.64 (47%) / 5.61 (47%)
[2026-04-03T02:51:17.195+0600][14.098s][info][gc,mmu      ] GC(21) Y: MMU: 2ms/95.4%, 5ms/97.7%, 10ms/98.6%, 20ms/99.1%, 50ms/99.5%, 100ms/99.7%
[2026-04-03T02:51:17.195+0600][14.098s][info][gc,marking  ] GC(21) Y: Mark: 2 stripe(s), 1 proactive flush(es), 1 terminate flush(es), 0 completion(s), 0 continuation(s) 
[2026-04-03T02:51:17.195+0600][14.098s][info][gc,marking  ] GC(21) Y: Mark Stack Usage: 0M
[2026-04-03T02:51:17.195+0600][14.098s][info][gc,nmethod  ] GC(21) Y: NMethods: 3021 registered, 131 unregistered
[2026-04-03T02:51:17.195+0600][14.098s][info][gc,metaspace] GC(21) Y: Metaspace: 47M used, 48M committed, 1088M reserved
[2026-04-03T02:51:17.195+0600][14.098s][info][gc,heap     ] GC(21) Y: Min Capacity: 8M(2%)
[2026-04-03T02:51:17.195+0600][14.098s][info][gc,heap     ] GC(21) Y: Max Capacity: 500M(100%)
[2026-04-03T02:51:17.195+0600][14.098s][info][gc,heap     ] GC(21) Y: Soft Max Capacity: 500M(100%)
[2026-04-03T02:51:17.195+0600][14.098s][info][gc,heap     ] GC(21) Y: Heap Statistics:
[2026-04-03T02:51:17.195+0600][14.098s][info][gc,heap     ] GC(21) Y:                Mark Start          Mark End        Relocate Start      Relocate End           High               Low         
[2026-04-03T02:51:17.195+0600][14.098s][info][gc,heap     ] GC(21) Y:  Capacity:      500M (100%)        500M (100%)        500M (100%)        500M (100%)        500M (100%)        500M (100%)   
[2026-04-03T02:51:17.195+0600][14.098s][info][gc,heap     ] GC(21) Y:      Free:        0M (0%)            0M (0%)            0M (0%)            0M (0%)            0M (0%)            0M (0%)     
[2026-04-03T02:51:17.195+0600][14.098s][info][gc,heap     ] GC(21) Y:      Used:      500M (100%)        500M (100%)        500M (100%)        500M (100%)        500M (100%)        500M (100%)   
[2026-04-03T02:51:17.195+0600][14.098s][info][gc,heap     ] GC(21) Y: Young Generation Statistics:
[2026-04-03T02:51:17.195+0600][14.098s][info][gc,heap     ] GC(21) Y:                Mark Start          Mark End        Relocate Start      Relocate End    
[2026-04-03T02:51:17.195+0600][14.098s][info][gc,heap     ] GC(21) Y:      Used:        0M (0%)            0M (0%)            0M (0%)            0M (0%)     
[2026-04-03T02:51:17.195+0600][14.098s][info][gc,heap     ] GC(21) Y:      Live:         -                 0M (0%)            0M (0%)            0M (0%)     
[2026-04-03T02:51:17.195+0600][14.098s][info][gc,heap     ] GC(21) Y:   Garbage:         -                 0M (0%)            0M (0%)            0M (0%)     
[2026-04-03T02:51:17.195+0600][14.098s][info][gc,heap     ] GC(21) Y: Allocated:         -                 0M (0%)            0M (0%)            0M (0%)     
[2026-04-03T02:51:17.195+0600][14.098s][info][gc,heap     ] GC(21) Y: Reclaimed:         -                  -                 0M (0%)            0M (0%)     
[2026-04-03T02:51:17.195+0600][14.098s][info][gc,heap     ] GC(21) Y:  Promoted:         -                  -                 0M (0%)            0M (0%)     
[2026-04-03T02:51:17.195+0600][14.098s][info][gc,heap     ] GC(21) Y: Compacted:         -                  -                  -                 0M (0%)     
[2026-04-03T02:51:17.195+0600][14.098s][info][gc,phases   ] GC(21) Y: Young Generation (Collect Roots) 500M(100%)->500M(100%) 0.008s
[2026-04-03T02:51:17.195+0600][14.098s][info][gc,phases   ] GC(21) O: Old Generation
[2026-04-03T02:51:17.195+0600][14.098s][info][gc          ] GC(22) Minor Collection (Allocation Stall)
[2026-04-03T02:51:17.195+0600][14.098s][info][gc,task     ] GC(22) Using 3 Workers for Young Generation
[2026-04-03T02:51:17.195+0600][14.098s][info][gc,phases   ] GC(22) y: Young Generation
[2026-04-03T02:51:17.195+0600][14.098s][info][gc,phases   ] GC(22) y: Pause Mark Start 0.015ms
[2026-04-03T02:51:17.199+0600][14.102s][info][gc,phases   ] GC(22) y: Concurrent Mark 3.235ms
[2026-04-03T02:51:17.199+0600][14.102s][info][gc,phases   ] GC(22) y: Pause Mark End 0.019ms
[2026-04-03T02:51:17.199+0600][14.102s][info][gc,phases   ] GC(22) y: Concurrent Mark Free 0.001ms
[2026-04-03T02:51:17.199+0600][14.102s][info][gc,phases   ] GC(22) y: Concurrent Reset Relocation Set 0.001ms
[2026-04-03T02:51:17.203+0600][14.106s][info][gc,reloc    ] GC(22) y: Using tenuring threshold: 0 (Computed)
[2026-04-03T02:51:17.203+0600][14.107s][info][gc,phases   ] GC(22) y: Concurrent Select Relocation Set 4.604ms
[2026-04-03T02:51:17.204+0600][14.107s][info][gc,phases   ] GC(22) y: Pause Relocate Start 0.016ms
[2026-04-03T02:51:17.204+0600][14.107s][info][gc,phases   ] GC(22) y: Concurrent Relocate 0.148ms
[2026-04-03T02:51:17.204+0600][14.107s][info][gc,alloc    ] GC(22) y:                         Mark Start        Mark End      Relocate Start    Relocate End   
[2026-04-03T02:51:17.204+0600][14.107s][info][gc,alloc    ] GC(22) y: Allocation Stalls:          2                2                2                2         
[2026-04-03T02:51:17.204+0600][14.107s][info][gc,load     ] GC(22) y: Load: 5.79 (48%) / 5.64 (47%) / 5.61 (47%)
[2026-04-03T02:51:17.204+0600][14.107s][info][gc,mmu      ] GC(22) y: MMU: 2ms/95.4%, 5ms/97.7%, 10ms/98.6%, 20ms/99.1%, 50ms/99.5%, 100ms/99.7%
[2026-04-03T02:51:17.204+0600][14.107s][info][gc,marking  ] GC(22) y: Mark: 2 stripe(s), 1 proactive flush(es), 1 terminate flush(es), 0 completion(s), 0 continuation(s) 
[2026-04-03T02:51:17.204+0600][14.107s][info][gc,marking  ] GC(22) y: Mark Stack Usage: 0M
[2026-04-03T02:51:17.204+0600][14.107s][info][gc,nmethod  ] GC(22) y: NMethods: 3021 registered, 131 unregistered
[2026-04-03T02:51:17.204+0600][14.107s][info][gc,metaspace] GC(22) y: Metaspace: 47M used, 48M committed, 1088M reserved
[2026-04-03T02:51:17.204+0600][14.107s][info][gc,heap     ] GC(22) y: Min Capacity: 8M(2%)
[2026-04-03T02:51:17.204+0600][14.107s][info][gc,heap     ] GC(22) y: Max Capacity: 500M(100%)
[2026-04-03T02:51:17.204+0600][14.107s][info][gc,heap     ] GC(22) y: Soft Max Capacity: 500M(100%)
[2026-04-03T02:51:17.204+0600][14.107s][info][gc,heap     ] GC(22) y: Heap Statistics:
[2026-04-03T02:51:17.204+0600][14.107s][info][gc,heap     ] GC(22) y:                Mark Start          Mark End        Relocate Start      Relocate End           High               Low         
[2026-04-03T02:51:17.204+0600][14.107s][info][gc,heap     ] GC(22) y:  Capacity:      500M (100%)        500M (100%)        500M (100%)        500M (100%)        500M (100%)        500M (100%)   
[2026-04-03T02:51:17.204+0600][14.107s][info][gc,heap     ] GC(22) y:      Free:        0M (0%)            0M (0%)            0M (0%)            0M (0%)            0M (0%)            0M (0%)     
[2026-04-03T02:51:17.204+0600][14.107s][info][gc,heap     ] GC(22) y:      Used:      500M (100%)        500M (100%)        500M (100%)        500M (100%)        500M (100%)        500M (100%)   
[2026-04-03T02:51:17.204+0600][14.107s][info][gc,heap     ] GC(22) y: Young Generation Statistics:
[2026-04-03T02:51:17.204+0600][14.107s][info][gc,heap     ] GC(22) y:                Mark Start          Mark End        Relocate Start      Relocate End    
[2026-04-03T02:51:17.204+0600][14.107s][info][gc,heap     ] GC(22) y:      Used:        0M (0%)            0M (0%)            0M (0%)            0M (0%)     
[2026-04-03T02:51:17.204+0600][14.107s][info][gc,heap     ] GC(22) y:      Live:         -                 0M (0%)            0M (0%)            0M (0%)     
[2026-04-03T02:51:17.204+0600][14.107s][info][gc,heap     ] GC(22) y:   Garbage:         -                 0M (0%)            0M (0%)            0M (0%)     
[2026-04-03T02:51:17.204+0600][14.107s][info][gc,heap     ] GC(22) y: Allocated:         -                 0M (0%)            0M (0%)            0M (0%)     
[2026-04-03T02:51:17.204+0600][14.107s][info][gc,heap     ] GC(22) y: Reclaimed:         -                  -                 0M (0%)            0M (0%)     
[2026-04-03T02:51:17.204+0600][14.107s][info][gc,heap     ] GC(22) y:  Promoted:         -                  -                 0M (0%)            0M (0%)     
[2026-04-03T02:51:17.204+0600][14.107s][info][gc,heap     ] GC(22) y: Compacted:         -                  -                  -                 0M (0%)     
[2026-04-03T02:51:17.204+0600][14.107s][info][gc,phases   ] GC(22) y: Young Generation 500M(100%)->500M(100%) 0.009s
[2026-04-03T02:51:17.204+0600][14.107s][info][gc          ] GC(22) Minor Collection (Allocation Stall) 500M(100%)->500M(100%) 0.009s
[2026-04-03T02:51:17.275+0600][14.179s][info][gc          ] GC(23) Minor Collection (Allocation Stall)
[2026-04-03T02:51:17.276+0600][14.179s][info][gc,task     ] GC(23) Using 3 Workers for Young Generation
[2026-04-03T02:51:17.276+0600][14.179s][info][gc,phases   ] GC(23) y: Young Generation
[2026-04-03T02:51:17.276+0600][14.179s][info][gc,phases   ] GC(23) y: Pause Mark Start 0.018ms
[2026-04-03T02:51:17.281+0600][14.184s][info][gc,phases   ] GC(23) y: Concurrent Mark 5.000ms
[2026-04-03T02:51:17.281+0600][14.184s][info][gc,phases   ] GC(23) y: Pause Mark End 0.022ms
[2026-04-03T02:51:17.281+0600][14.184s][info][gc,phases   ] GC(23) y: Concurrent Mark Free 0.001ms
[2026-04-03T02:51:17.281+0600][14.184s][info][gc,phases   ] GC(23) y: Concurrent Reset Relocation Set 0.001ms
[2026-04-03T02:51:17.284+0600][14.187s][info][gc,reloc    ] GC(23) y: Using tenuring threshold: 0 (Computed)
[2026-04-03T02:51:17.284+0600][14.187s][info][gc,phases   ] GC(23) y: Concurrent Select Relocation Set 2.655ms
[2026-04-03T02:51:17.284+0600][14.187s][info][gc,phases   ] GC(23) y: Pause Relocate Start 0.013ms
[2026-04-03T02:51:17.284+0600][14.187s][info][gc,phases   ] GC(23) y: Concurrent Relocate 0.083ms
[2026-04-03T02:51:17.284+0600][14.187s][info][gc,alloc    ] GC(23) y:                         Mark Start        Mark End      Relocate Start    Relocate End   
[2026-04-03T02:51:17.284+0600][14.187s][info][gc,alloc    ] GC(23) y: Allocation Stalls:          3                3                3                3         
[2026-04-03T02:51:17.284+0600][14.187s][info][gc,load     ] GC(23) y: Load: 5.79 (48%) / 5.64 (47%) / 5.61 (47%)
[2026-04-03T02:51:17.284+0600][14.187s][info][gc,mmu      ] GC(23) y: MMU: 2ms/95.4%, 5ms/97.7%, 10ms/98.6%, 20ms/99.1%, 50ms/99.5%, 100ms/99.7%
[2026-04-03T02:51:17.284+0600][14.187s][info][gc,marking  ] GC(23) y: Mark: 2 stripe(s), 1 proactive flush(es), 1 terminate flush(es), 0 completion(s), 0 continuation(s) 
[2026-04-03T02:51:17.284+0600][14.187s][info][gc,marking  ] GC(23) y: Mark Stack Usage: 0M
[2026-04-03T02:51:17.284+0600][14.187s][info][gc,nmethod  ] GC(23) y: NMethods: 3021 registered, 131 unregistered
[2026-04-03T02:51:17.284+0600][14.187s][info][gc,metaspace] GC(23) y: Metaspace: 47M used, 48M committed, 1088M reserved
[2026-04-03T02:51:17.284+0600][14.187s][info][gc,heap     ] GC(23) y: Min Capacity: 8M(2%)
[2026-04-03T02:51:17.284+0600][14.187s][info][gc,heap     ] GC(23) y: Max Capacity: 500M(100%)
[2026-04-03T02:51:17.284+0600][14.187s][info][gc,heap     ] GC(23) y: Soft Max Capacity: 500M(100%)
[2026-04-03T02:51:17.284+0600][14.187s][info][gc,heap     ] GC(23) y: Heap Statistics:
[2026-04-03T02:51:17.284+0600][14.187s][info][gc,heap     ] GC(23) y:                Mark Start          Mark End        Relocate Start      Relocate End           High               Low         
[2026-04-03T02:51:17.284+0600][14.187s][info][gc,heap     ] GC(23) y:  Capacity:      500M (100%)        500M (100%)        500M (100%)        500M (100%)        500M (100%)        500M (100%)   
[2026-04-03T02:51:17.284+0600][14.187s][info][gc,heap     ] GC(23) y:      Free:        0M (0%)            0M (0%)            0M (0%)            0M (0%)            0M (0%)            0M (0%)     
[2026-04-03T02:51:17.284+0600][14.187s][info][gc,heap     ] GC(23) y:      Used:      500M (100%)        500M (100%)        500M (100%)        500M (100%)        500M (100%)        500M (100%)   
[2026-04-03T02:51:17.284+0600][14.187s][info][gc,heap     ] GC(23) y: Young Generation Statistics:
[2026-04-03T02:51:17.284+0600][14.187s][info][gc,heap     ] GC(23) y:                Mark Start          Mark End        Relocate Start      Relocate End    
[2026-04-03T02:51:17.284+0600][14.187s][info][gc,heap     ] GC(23) y:      Used:        0M (0%)            0M (0%)            0M (0%)            0M (0%)     
[2026-04-03T02:51:17.284+0600][14.187s][info][gc,heap     ] GC(23) y:      Live:         -                 0M (0%)            0M (0%)            0M (0%)     
[2026-04-03T02:51:17.284+0600][14.187s][info][gc,heap     ] GC(23) y:   Garbage:         -                 0M (0%)            0M (0%)            0M (0%)     
[2026-04-03T02:51:17.284+0600][14.187s][info][gc,heap     ] GC(23) y: Allocated:         -                 0M (0%)            0M (0%)            0M (0%)     
[2026-04-03T02:51:17.284+0600][14.187s][info][gc,heap     ] GC(23) y: Reclaimed:         -                  -                 0M (0%)            0M (0%)     
[2026-04-03T02:51:17.284+0600][14.187s][info][gc,heap     ] GC(23) y:  Promoted:         -                  -                 0M (0%)            0M (0%)     
[2026-04-03T02:51:17.284+0600][14.187s][info][gc,heap     ] GC(23) y: Compacted:         -                  -                  -                 0M (0%)     
[2026-04-03T02:51:17.284+0600][14.187s][info][gc,phases   ] GC(23) y: Young Generation 500M(100%)->500M(100%) 0.009s
[2026-04-03T02:51:17.284+0600][14.188s][info][gc          ] GC(23) Minor Collection (Allocation Stall) 500M(100%)->500M(100%) 0.009s
[2026-04-03T02:51:17.899+0600][14.802s][info][gc,phases   ] GC(21) O: Concurrent Mark 704.393ms
[2026-04-03T02:51:17.899+0600][14.802s][info][gc,phases   ] GC(21) O: Pause Mark End 0.028ms
[2026-04-03T02:51:17.899+0600][14.803s][info][gc,phases   ] GC(21) O: Concurrent Mark Free 0.001ms
[2026-04-03T02:51:17.900+0600][14.803s][info][gc,ref      ] GC(21) O: Clearing All SoftReferences
[2026-04-03T02:51:17.903+0600][14.806s][info][gc,phases   ] GC(21) O: Concurrent Process Non-Strong 3.381ms
[2026-04-03T02:51:17.903+0600][14.806s][info][gc,phases   ] GC(21) O: Concurrent Reset Relocation Set 0.002ms
[2026-04-03T02:51:17.905+0600][14.808s][info][gc,phases   ] GC(21) O: Concurrent Select Relocation Set 1.952ms
[2026-04-03T02:51:17.905+0600][14.808s][info][gc,task     ] GC(21) O: Using 3 Workers for Old Generation
[2026-04-03T02:51:17.920+0600][14.823s][info][gc,task     ] GC(21) O: Using 3 Workers for Old Generation
[2026-04-03T02:51:17.920+0600][14.823s][info][gc,phases   ] GC(21) O: Concurrent Remap Roots 14.712ms
[2026-04-03T02:51:17.920+0600][14.823s][info][gc,phases   ] GC(21) O: Pause Relocate Start 0.021ms
[2026-04-03T02:51:17.923+0600][14.826s][info][gc          ] Allocation Stall (RemoteBlock-temp-file-clean-thread) 1161.804ms
[2026-04-03T02:51:17.923+0600][14.827s][info][gc          ] Allocation Stall (main) 746.082ms
[2026-04-03T02:51:17.924+0600][14.828s][info][gc,phases   ] GC(21) O: Concurrent Relocate 4.452ms
[2026-04-03T02:51:17.924+0600][14.828s][info][gc,alloc    ] GC(21) O:                         Mark Start        Mark End      Relocate Start    Relocate End   
[2026-04-03T02:51:17.924+0600][14.828s][info][gc,alloc    ] GC(21) O: Allocation Stalls:          2                3                3                1         
[2026-04-03T02:51:17.924+0600][14.828s][info][gc,load     ] GC(21) O: Load: 5.79 (48%) / 5.64 (47%) / 5.61 (47%)
[2026-04-03T02:51:17.925+0600][14.828s][info][gc,mmu      ] GC(21) O: MMU: 2ms/95.4%, 5ms/97.7%, 10ms/98.6%, 20ms/99.1%, 50ms/99.5%, 100ms/99.7%
[2026-04-03T02:51:17.925+0600][14.828s][info][gc,marking  ] GC(21) O: Mark: 2 stripe(s), 10 proactive flush(es), 1 terminate flush(es), 0 completion(s), 0 continuation(s) 
[2026-04-03T02:51:17.925+0600][14.828s][info][gc,marking  ] GC(21) O: Mark Stack Usage: 32M
[2026-04-03T02:51:17.925+0600][14.828s][info][gc,nmethod  ] GC(21) O: NMethods: 3021 registered, 131 unregistered
[2026-04-03T02:51:17.925+0600][14.828s][info][gc,metaspace] GC(21) O: Metaspace: 47M used, 48M committed, 1088M reserved
[2026-04-03T02:51:17.925+0600][14.828s][info][gc,ref      ] GC(21) O:                       Encountered   Discovered     Enqueued 
[2026-04-03T02:51:17.925+0600][14.828s][info][gc,ref      ] GC(21) O: Soft References:             2423          186            0 
[2026-04-03T02:51:17.925+0600][14.828s][info][gc,ref      ] GC(21) O: Weak References:             2641         1735            0 
[2026-04-03T02:51:17.925+0600][14.828s][info][gc,ref      ] GC(21) O: Final References:              74           56            0 
[2026-04-03T02:51:17.925+0600][14.828s][info][gc,ref      ] GC(21) O: Phantom References:           585          450            0 
[2026-04-03T02:51:17.925+0600][14.828s][info][gc,reloc    ] GC(21) O:                        Candidates     Selected     In-Place         Size        Empty    Relocated 
[2026-04-03T02:51:17.925+0600][14.828s][info][gc,reloc    ] GC(21) O: Small Pages:                  243            3            4         486M           0M           2M 
[2026-04-03T02:51:17.925+0600][14.828s][info][gc,reloc    ] GC(21) O: Medium Pages:                   1            0            0           8M           0M           0M 
[2026-04-03T02:51:17.925+0600][14.828s][info][gc,reloc    ] GC(21) O: Large Pages:                    2            0            0           6M           0M           0M 
[2026-04-03T02:51:17.925+0600][14.828s][info][gc,reloc    ] GC(21) O: Forwarding Usage: 1M
[2026-04-03T02:51:17.925+0600][14.828s][info][gc,heap     ] GC(21) O: Min Capacity: 8M(2%)
[2026-04-03T02:51:17.925+0600][14.828s][info][gc,heap     ] GC(21) O: Max Capacity: 500M(100%)
[2026-04-03T02:51:17.925+0600][14.828s][info][gc,heap     ] GC(21) O: Soft Max Capacity: 500M(100%)
[2026-04-03T02:51:17.925+0600][14.828s][info][gc,heap     ] GC(21) O: Heap Statistics:
[2026-04-03T02:51:17.925+0600][14.828s][info][gc,heap     ] GC(21) O:                Mark Start          Mark End        Relocate Start      Relocate End           High               Low         
[2026-04-03T02:51:17.925+0600][14.828s][info][gc,heap     ] GC(21) O:  Capacity:      500M (100%)        500M (100%)        500M (100%)        500M (100%)        500M (100%)        500M (100%)   
[2026-04-03T02:51:17.925+0600][14.828s][info][gc,heap     ] GC(21) O:      Free:        0M (0%)            0M (0%)            0M (0%)            0M (0%)            2M (0%)            0M (0%)     
[2026-04-03T02:51:17.925+0600][14.828s][info][gc,heap     ] GC(21) O:      Used:      500M (100%)        500M (100%)        500M (100%)        500M (100%)        500M (100%)        498M (100%)   
[2026-04-03T02:51:17.925+0600][14.828s][info][gc,heap     ] GC(21) O: Old Generation Statistics:
[2026-04-03T02:51:17.925+0600][14.828s][info][gc,heap     ] GC(21) O:                Mark Start          Mark End        Relocate Start      Relocate End    
[2026-04-03T02:51:17.925+0600][14.828s][info][gc,heap     ] GC(21) O:      Used:      500M (100%)        500M (100%)        500M (100%)        496M (99%)    
[2026-04-03T02:51:17.925+0600][14.828s][info][gc,heap     ] GC(21) O:      Live:         -               477M (96%)         477M (96%)         477M (96%)    
[2026-04-03T02:51:17.925+0600][14.828s][info][gc,heap     ] GC(21) O:   Garbage:         -                22M (4%)           22M (4%)           15M (3%)     
[2026-04-03T02:51:17.925+0600][14.828s][info][gc,heap     ] GC(21) O: Allocated:         -                 0M (0%)            0M (0%)            3M (1%)     
[2026-04-03T02:51:17.925+0600][14.828s][info][gc,heap     ] GC(21) O: Reclaimed:         -                  -                 0M (0%)            7M (1%)     
[2026-04-03T02:51:17.925+0600][14.828s][info][gc,heap     ] GC(21) O: Compacted:         -                  -                  -                 4M (1%)     
[2026-04-03T02:51:17.925+0600][14.828s][info][gc,phases   ] GC(21) O: Old Generation 500M(100%)->500M(100%) 0.730s
[2026-04-03T02:51:17.925+0600][14.828s][info][gc          ] GC(21) Major Collection (Allocation Stall) 500M(100%)->500M(100%) 0.748s
[2026-04-03T02:51:17.925+0600][14.828s][info][gc          ] GC(24) Major Collection (Allocation Stall)
[2026-04-03T02:51:17.925+0600][14.828s][info][gc,task     ] GC(24) Using 3 Workers for Young Generation
[2026-04-03T02:51:17.925+0600][14.828s][info][gc,task     ] GC(24) Using 3 Workers for Old Generation
[2026-04-03T02:51:17.925+0600][14.828s][info][gc,phases   ] GC(24) Y: Young Generation (Promote All)
[2026-04-03T02:51:17.925+0600][14.828s][info][gc,phases   ] GC(24) Y: Pause Mark Start 0.019ms
[2026-04-03T02:51:17.931+0600][14.834s][info][gc,phases   ] GC(24) Y: Concurrent Mark 6.034ms
[2026-04-03T02:51:17.931+0600][14.834s][info][gc,phases   ] GC(24) Y: Pause Mark End 0.021ms
[2026-04-03T02:51:17.931+0600][14.834s][info][gc,phases   ] GC(24) Y: Concurrent Mark Free 0.002ms
[2026-04-03T02:51:17.931+0600][14.834s][info][gc,phases   ] GC(24) Y: Concurrent Reset Relocation Set 0.000ms
[2026-04-03T02:51:17.933+0600][14.836s][info][gc,reloc    ] GC(24) Y: Using tenuring threshold: 0 (Promote All)
[2026-04-03T02:51:17.933+0600][14.837s][info][gc,phases   ] GC(24) Y: Concurrent Select Relocation Set 2.066ms
[2026-04-03T02:51:17.934+0600][14.837s][info][gc,phases   ] GC(24) Y: Pause Relocate Start 0.016ms
[2026-04-03T02:51:17.936+0600][14.839s][info][gc,phases   ] GC(24) Y: Concurrent Relocate 2.003ms
[2026-04-03T02:51:17.936+0600][14.839s][info][gc,alloc    ] GC(24) Y:                         Mark Start        Mark End      Relocate Start    Relocate End   
[2026-04-03T02:51:17.936+0600][14.839s][info][gc,alloc    ] GC(24) Y: Allocation Stalls:          1                2                2                2         
[2026-04-03T02:51:17.936+0600][14.839s][info][gc,load     ] GC(24) Y: Load: 5.79 (48%) / 5.64 (47%) / 5.61 (47%)
[2026-04-03T02:51:17.936+0600][14.839s][info][gc,mmu      ] GC(24) Y: MMU: 2ms/95.4%, 5ms/97.7%, 10ms/98.6%, 20ms/99.1%, 50ms/99.5%, 100ms/99.7%
[2026-04-03T02:51:17.936+0600][14.839s][info][gc,marking  ] GC(24) Y: Mark: 2 stripe(s), 5 proactive flush(es), 1 terminate flush(es), 0 completion(s), 0 continuation(s) 
[2026-04-03T02:51:17.936+0600][14.839s][info][gc,marking  ] GC(24) Y: Mark Stack Usage: 32M
[2026-04-03T02:51:17.936+0600][14.839s][info][gc,nmethod  ] GC(24) Y: NMethods: 3021 registered, 131 unregistered
[2026-04-03T02:51:17.936+0600][14.839s][info][gc,metaspace] GC(24) Y: Metaspace: 47M used, 48M committed, 1088M reserved
[2026-04-03T02:51:17.936+0600][14.839s][info][gc,reloc    ] GC(24) Y:                        Candidates     Selected     In-Place         Size        Empty    Relocated 
[2026-04-03T02:51:17.936+0600][14.839s][info][gc,reloc    ] GC(24) Y: Small Pages:                    2            1            2           4M           0M           0M 
[2026-04-03T02:51:17.936+0600][14.839s][info][gc,reloc    ] GC(24) Y: Medium Pages:                   0            0            0           0M           0M           0M 
[2026-04-03T02:51:17.936+0600][14.839s][info][gc,reloc    ] GC(24) Y: Large Pages:                    0            0            0           0M           0M           0M 
[2026-04-03T02:51:17.936+0600][14.839s][info][gc,reloc    ] GC(24) Y: Forwarding Usage: 0M
[2026-04-03T02:51:17.936+0600][14.839s][info][gc,reloc    ] GC(24) Y: Age Table:
[2026-04-03T02:51:17.936+0600][14.839s][info][gc,reloc    ] GC(24) Y:                    Live             Garbage             Small              Medium             Large        
[2026-04-03T02:51:17.936+0600][14.839s][info][gc,reloc    ] GC(24) Y: Eden               0M (0%)            3M (1%)           2 / 1              0 / 0              0 / 0        
[2026-04-03T02:51:17.936+0600][14.839s][info][gc,heap     ] GC(24) Y: Min Capacity: 8M(2%)
[2026-04-03T02:51:17.936+0600][14.839s][info][gc,heap     ] GC(24) Y: Max Capacity: 500M(100%)
[2026-04-03T02:51:17.936+0600][14.839s][info][gc,heap     ] GC(24) Y: Soft Max Capacity: 500M(100%)
[2026-04-03T02:51:17.936+0600][14.839s][info][gc,heap     ] GC(24) Y: Heap Statistics:
[2026-04-03T02:51:17.936+0600][14.839s][info][gc,heap     ] GC(24) Y:                Mark Start          Mark End        Relocate Start      Relocate End           High               Low         
[2026-04-03T02:51:17.936+0600][14.839s][info][gc,heap     ] GC(24) Y:  Capacity:      500M (100%)        500M (100%)        500M (100%)        500M (100%)        500M (100%)        500M (100%)   
[2026-04-03T02:51:17.936+0600][14.839s][info][gc,heap     ] GC(24) Y:      Free:        0M (0%)            0M (0%)            0M (0%)            0M (0%)            0M (0%)            0M (0%)     
[2026-04-03T02:51:17.936+0600][14.839s][info][gc,heap     ] GC(24) Y:      Used:      500M (100%)        500M (100%)        500M (100%)        500M (100%)        500M (100%)        500M (100%)   
[2026-04-03T02:51:17.936+0600][14.839s][info][gc,heap     ] GC(24) Y: Young Generation Statistics:
[2026-04-03T02:51:17.936+0600][14.839s][info][gc,heap     ] GC(24) Y:                Mark Start          Mark End        Relocate Start      Relocate End    
[2026-04-03T02:51:17.936+0600][14.839s][info][gc,heap     ] GC(24) Y:      Used:        4M (1%)            4M (1%)            4M (1%)            0M (0%)     
[2026-04-03T02:51:17.936+0600][14.839s][info][gc,heap     ] GC(24) Y:      Live:         -                 0M (0%)            0M (0%)            0M (0%)     
[2026-04-03T02:51:17.936+0600][14.839s][info][gc,heap     ] GC(24) Y:   Garbage:         -                 3M (1%)            3M (1%)            0M (0%)     
[2026-04-03T02:51:17.936+0600][14.839s][info][gc,heap     ] GC(24) Y: Allocated:         -                 0M (0%)            0M (0%)            0M (0%)     
[2026-04-03T02:51:17.936+0600][14.839s][info][gc,heap     ] GC(24) Y: Reclaimed:         -                  -                 0M (0%)            3M (1%)     
[2026-04-03T02:51:17.936+0600][14.839s][info][gc,heap     ] GC(24) Y:  Promoted:         -                  -                 0M (0%)            0M (0%)     
[2026-04-03T02:51:17.936+0600][14.839s][info][gc,heap     ] GC(24) Y: Compacted:         -                  -                  -                 0M (0%)     
[2026-04-03T02:51:17.936+0600][14.839s][info][gc,phases   ] GC(24) Y: Young Generation (Promote All) 500M(100%)->500M(100%) 0.011s
[2026-04-03T02:51:17.936+0600][14.839s][info][gc,phases   ] GC(24) Y: Young Generation (Collect Roots)
[2026-04-03T02:51:17.936+0600][14.839s][info][gc,phases   ] GC(24) Y: Pause Mark Start (Major) 0.022ms
[2026-04-03T02:51:17.941+0600][14.844s][info][gc,phases   ] GC(24) Y: Concurrent Mark 4.518ms
[2026-04-03T02:51:17.941+0600][14.844s][info][gc,phases   ] GC(24) Y: Pause Mark End 0.015ms
[2026-04-03T02:51:17.941+0600][14.844s][info][gc,phases   ] GC(24) Y: Concurrent Mark Free 0.169ms
[2026-04-03T02:51:17.941+0600][14.844s][info][gc,phases   ] GC(24) Y: Concurrent Reset Relocation Set 0.008ms
[2026-04-03T02:51:17.945+0600][14.848s][info][gc,reloc    ] GC(24) Y: Using tenuring threshold: 0 (Computed)
[2026-04-03T02:51:17.945+0600][14.848s][info][gc,phases   ] GC(24) Y: Concurrent Select Relocation Set 4.225ms
[2026-04-03T02:51:17.945+0600][14.849s][info][gc,phases   ] GC(24) Y: Pause Relocate Start 0.009ms
[2026-04-03T02:51:17.946+0600][14.849s][info][gc,phases   ] GC(24) Y: Concurrent Relocate 0.081ms
[2026-04-03T02:51:17.946+0600][14.849s][info][gc,alloc    ] GC(24) Y:                         Mark Start        Mark End      Relocate Start    Relocate End   
[2026-04-03T02:51:17.946+0600][14.849s][info][gc,alloc    ] GC(24) Y: Allocation Stalls:          2                2                2                2         
[2026-04-03T02:51:17.946+0600][14.849s][info][gc,load     ] GC(24) Y: Load: 5.79 (48%) / 5.64 (47%) / 5.61 (47%)
[2026-04-03T02:51:17.946+0600][14.849s][info][gc,mmu      ] GC(24) Y: MMU: 2ms/95.4%, 5ms/97.7%, 10ms/98.6%, 20ms/99.1%, 50ms/99.5%, 100ms/99.7%
[2026-04-03T02:51:17.946+0600][14.849s][info][gc,marking  ] GC(24) Y: Mark: 2 stripe(s), 1 proactive flush(es), 1 terminate flush(es), 0 completion(s), 0 continuation(s) 
[2026-04-03T02:51:17.946+0600][14.849s][info][gc,marking  ] GC(24) Y: Mark Stack Usage: 0M
[2026-04-03T02:51:17.946+0600][14.849s][info][gc,nmethod  ] GC(24) Y: NMethods: 3021 registered, 131 unregistered
[2026-04-03T02:51:17.946+0600][14.849s][info][gc,metaspace] GC(24) Y: Metaspace: 47M used, 48M committed, 1088M reserved
[2026-04-03T02:51:17.946+0600][14.849s][info][gc,heap     ] GC(24) Y: Min Capacity: 8M(2%)
[2026-04-03T02:51:17.946+0600][14.849s][info][gc,heap     ] GC(24) Y: Max Capacity: 500M(100%)
[2026-04-03T02:51:17.946+0600][14.849s][info][gc,heap     ] GC(24) Y: Soft Max Capacity: 500M(100%)
[2026-04-03T02:51:17.946+0600][14.849s][info][gc,heap     ] GC(24) Y: Heap Statistics:
[2026-04-03T02:51:17.946+0600][14.849s][info][gc,heap     ] GC(24) Y:                Mark Start          Mark End        Relocate Start      Relocate End           High               Low         
[2026-04-03T02:51:17.946+0600][14.849s][info][gc,heap     ] GC(24) Y:  Capacity:      500M (100%)        500M (100%)        500M (100%)        500M (100%)        500M (100%)        500M (100%)   
[2026-04-03T02:51:17.946+0600][14.849s][info][gc,heap     ] GC(24) Y:      Free:        0M (0%)            0M (0%)            0M (0%)            0M (0%)            0M (0%)            0M (0%)     
[2026-04-03T02:51:17.946+0600][14.849s][info][gc,heap     ] GC(24) Y:      Used:      500M (100%)        500M (100%)        500M (100%)        500M (100%)        500M (100%)        500M (100%)   
[2026-04-03T02:51:17.946+0600][14.849s][info][gc,heap     ] GC(24) Y: Young Generation Statistics:
[2026-04-03T02:51:17.946+0600][14.849s][info][gc,heap     ] GC(24) Y:                Mark Start          Mark End        Relocate Start      Relocate End    
[2026-04-03T02:51:17.946+0600][14.849s][info][gc,heap     ] GC(24) Y:      Used:        0M (0%)            0M (0%)            0M (0%)            0M (0%)     
[2026-04-03T02:51:17.946+0600][14.849s][info][gc,heap     ] GC(24) Y:      Live:         -                 0M (0%)            0M (0%)            0M (0%)     
[2026-04-03T02:51:17.946+0600][14.849s][info][gc,heap     ] GC(24) Y:   Garbage:         -                 0M (0%)            0M (0%)            0M (0%)     
[2026-04-03T02:51:17.946+0600][14.849s][info][gc,heap     ] GC(24) Y: Allocated:         -                 0M (0%)            0M (0%)            0M (0%)     
[2026-04-03T02:51:17.946+0600][14.849s][info][gc,heap     ] GC(24) Y: Reclaimed:         -                  -                 0M (0%)            0M (0%)     
[2026-04-03T02:51:17.946+0600][14.849s][info][gc,heap     ] GC(24) Y:  Promoted:         -                  -                 0M (0%)            0M (0%)     
[2026-04-03T02:51:17.946+0600][14.849s][info][gc,heap     ] GC(24) Y: Compacted:         -                  -                  -                 0M (0%)     
[2026-04-03T02:51:17.946+0600][14.849s][info][gc,phases   ] GC(24) Y: Young Generation (Collect Roots) 500M(100%)->500M(100%) 0.010s
[2026-04-03T02:51:17.946+0600][14.849s][info][gc,phases   ] GC(24) O: Old Generation
[2026-04-03T02:51:17.946+0600][14.849s][info][gc          ] GC(25) Minor Collection (Allocation Stall)
[2026-04-03T02:51:17.946+0600][14.849s][info][gc,task     ] GC(25) Using 3 Workers for Young Generation
[2026-04-03T02:51:17.946+0600][14.849s][info][gc,phases   ] GC(25) y: Young Generation
[2026-04-03T02:51:17.946+0600][14.850s][info][gc,phases   ] GC(25) y: Pause Mark Start 0.013ms
[2026-04-03T02:51:17.950+0600][14.853s][info][gc,phases   ] GC(25) y: Concurrent Mark 3.042ms
[2026-04-03T02:51:17.950+0600][14.853s][info][gc,phases   ] GC(25) y: Pause Mark End 0.021ms
[2026-04-03T02:51:17.950+0600][14.853s][info][gc,phases   ] GC(25) y: Concurrent Mark Free 0.002ms
[2026-04-03T02:51:17.950+0600][14.853s][info][gc,phases   ] GC(25) y: Concurrent Reset Relocation Set 0.000ms
[2026-04-03T02:51:17.951+0600][14.854s][info][gc,reloc    ] GC(25) y: Using tenuring threshold: 0 (Computed)
[2026-04-03T02:51:17.952+0600][14.855s][info][gc,phases   ] GC(25) y: Concurrent Select Relocation Set 1.620ms
[2026-04-03T02:51:17.952+0600][14.855s][info][gc,phases   ] GC(25) y: Pause Relocate Start 0.013ms
[2026-04-03T02:51:17.952+0600][14.855s][info][gc,phases   ] GC(25) y: Concurrent Relocate 0.096ms
[2026-04-03T02:51:17.952+0600][14.855s][info][gc,alloc    ] GC(25) y:                         Mark Start        Mark End      Relocate Start    Relocate End   
[2026-04-03T02:51:17.952+0600][14.855s][info][gc,alloc    ] GC(25) y: Allocation Stalls:          2                2                2                2         
[2026-04-03T02:51:17.952+0600][14.855s][info][gc,load     ] GC(25) y: Load: 5.79 (48%) / 5.64 (47%) / 5.61 (47%)
[2026-04-03T02:51:17.952+0600][14.855s][info][gc,mmu      ] GC(25) y: MMU: 2ms/95.4%, 5ms/97.7%, 10ms/98.6%, 20ms/99.1%, 50ms/99.5%, 100ms/99.7%
[2026-04-03T02:51:17.952+0600][14.855s][info][gc,marking  ] GC(25) y: Mark: 2 stripe(s), 1 proactive flush(es), 1 terminate flush(es), 0 completion(s), 0 continuation(s) 
[2026-04-03T02:51:17.952+0600][14.855s][info][gc,marking  ] GC(25) y: Mark Stack Usage: 0M
[2026-04-03T02:51:17.952+0600][14.855s][info][gc,nmethod  ] GC(25) y: NMethods: 3021 registered, 131 unregistered
[2026-04-03T02:51:17.952+0600][14.855s][info][gc,metaspace] GC(25) y: Metaspace: 47M used, 48M committed, 1088M reserved
[2026-04-03T02:51:17.952+0600][14.855s][info][gc,heap     ] GC(25) y: Min Capacity: 8M(2%)
[2026-04-03T02:51:17.952+0600][14.855s][info][gc,heap     ] GC(25) y: Max Capacity: 500M(100%)
[2026-04-03T02:51:17.952+0600][14.855s][info][gc,heap     ] GC(25) y: Soft Max Capacity: 500M(100%)
[2026-04-03T02:51:17.952+0600][14.855s][info][gc,heap     ] GC(25) y: Heap Statistics:
[2026-04-03T02:51:17.952+0600][14.855s][info][gc,heap     ] GC(25) y:                Mark Start          Mark End        Relocate Start      Relocate End           High               Low         
[2026-04-03T02:51:17.952+0600][14.855s][info][gc,heap     ] GC(25) y:  Capacity:      500M (100%)        500M (100%)        500M (100%)        500M (100%)        500M (100%)        500M (100%)   
[2026-04-03T02:51:17.952+0600][14.855s][info][gc,heap     ] GC(25) y:      Free:        0M (0%)            0M (0%)            0M (0%)            0M (0%)            0M (0%)            0M (0%)     
[2026-04-03T02:51:17.952+0600][14.855s][info][gc,heap     ] GC(25) y:      Used:      500M (100%)        500M (100%)        500M (100%)        500M (100%)        500M (100%)        500M (100%)   
[2026-04-03T02:51:17.952+0600][14.855s][info][gc,heap     ] GC(25) y: Young Generation Statistics:
[2026-04-03T02:51:17.952+0600][14.855s][info][gc,heap     ] GC(25) y:                Mark Start          Mark End        Relocate Start      Relocate End    
[2026-04-03T02:51:17.952+0600][14.855s][info][gc,heap     ] GC(25) y:      Used:        0M (0%)            0M (0%)            0M (0%)            0M (0%)     
[2026-04-03T02:51:17.952+0600][14.855s][info][gc,heap     ] GC(25) y:      Live:         -                 0M (0%)            0M (0%)            0M (0%)     
[2026-04-03T02:51:17.952+0600][14.855s][info][gc,heap     ] GC(25) y:   Garbage:         -                 0M (0%)            0M (0%)            0M (0%)     
[2026-04-03T02:51:17.952+0600][14.855s][info][gc,heap     ] GC(25) y: Allocated:         -                 0M (0%)            0M (0%)            0M (0%)     
[2026-04-03T02:51:17.952+0600][14.855s][info][gc,heap     ] GC(25) y: Reclaimed:         -                  -                 0M (0%)            0M (0%)     
[2026-04-03T02:51:17.952+0600][14.855s][info][gc,heap     ] GC(25) y:  Promoted:         -                  -                 0M (0%)            0M (0%)     
[2026-04-03T02:51:17.952+0600][14.855s][info][gc,heap     ] GC(25) y: Compacted:         -                  -                  -                 0M (0%)     
[2026-04-03T02:51:17.952+0600][14.855s][info][gc,phases   ] GC(25) y: Young Generation 500M(100%)->500M(100%) 0.006s
[2026-04-03T02:51:17.952+0600][14.855s][info][gc          ] GC(25) Minor Collection (Allocation Stall) 500M(100%)->500M(100%) 0.006s
[2026-04-03T02:51:18.625+0600][15.528s][info][gc,phases   ] GC(24) O: Concurrent Mark 678.992ms
[2026-04-03T02:51:18.625+0600][15.528s][info][gc,phases   ] GC(24) O: Pause Mark End 0.020ms
[2026-04-03T02:51:18.625+0600][15.528s][info][gc,phases   ] GC(24) O: Concurrent Mark Free 0.002ms
[2026-04-03T02:51:18.625+0600][15.528s][info][gc,ref      ] GC(24) O: Clearing All SoftReferences
[2026-04-03T02:51:18.629+0600][15.532s][info][gc,phases   ] GC(24) O: Concurrent Process Non-Strong 3.264ms
[2026-04-03T02:51:18.629+0600][15.532s][info][gc,phases   ] GC(24) O: Concurrent Reset Relocation Set 0.003ms
[2026-04-03T02:51:18.633+0600][15.536s][info][gc,phases   ] GC(24) O: Concurrent Select Relocation Set 4.401ms
[2026-04-03T02:51:18.633+0600][15.536s][info][gc,task     ] GC(24) O: Using 3 Workers for Old Generation
[2026-04-03T02:51:18.647+0600][15.550s][info][gc,task     ] GC(24) O: Using 3 Workers for Old Generation
[2026-04-03T02:51:18.647+0600][15.551s][info][gc,phases   ] GC(24) O: Concurrent Remap Roots 14.405ms
[2026-04-03T02:51:18.648+0600][15.551s][info][gc,phases   ] GC(24) O: Pause Relocate Start 0.019ms
[2026-04-03T02:51:18.649+0600][15.552s][info][gc          ] Allocation Stall (Spark Context Cleaner) 1373.931ms
[2026-04-03T02:51:18.650+0600][15.554s][info][gc          ] Allocation Stall (main) 725.197ms
[2026-04-03T02:51:18.650+0600][15.554s][info][gc,phases   ] GC(24) O: Concurrent Relocate 2.800ms
[2026-04-03T02:51:18.651+0600][15.554s][info][gc,alloc    ] GC(24) O:                         Mark Start        Mark End      Relocate Start    Relocate End   
[2026-04-03T02:51:18.651+0600][15.554s][info][gc,alloc    ] GC(24) O: Allocation Stalls:          2                2                2                0         
[2026-04-03T02:51:18.651+0600][15.554s][info][gc,load     ] GC(24) O: Load: 5.79 (48%) / 5.64 (47%) / 5.61 (47%)
[2026-04-03T02:51:18.651+0600][15.554s][info][gc,mmu      ] GC(24) O: MMU: 2ms/95.4%, 5ms/97.7%, 10ms/98.6%, 20ms/99.1%, 50ms/99.5%, 100ms/99.7%
[2026-04-03T02:51:18.651+0600][15.554s][info][gc,marking  ] GC(24) O: Mark: 2 stripe(s), 10 proactive flush(es), 1 terminate flush(es), 0 completion(s), 0 continuation(s) 
[2026-04-03T02:51:18.651+0600][15.554s][info][gc,marking  ] GC(24) O: Mark Stack Usage: 32M
[2026-04-03T02:51:18.651+0600][15.554s][info][gc,nmethod  ] GC(24) O: NMethods: 3021 registered, 131 unregistered
[2026-04-03T02:51:18.651+0600][15.554s][info][gc,metaspace] GC(24) O: Metaspace: 47M used, 48M committed, 1088M reserved
[2026-04-03T02:51:18.651+0600][15.554s][info][gc,ref      ] GC(24) O:                       Encountered   Discovered     Enqueued 
[2026-04-03T02:51:18.651+0600][15.554s][info][gc,ref      ] GC(24) O: Soft References:             2423          191            0 
[2026-04-03T02:51:18.651+0600][15.554s][info][gc,ref      ] GC(24) O: Weak References:             2641         1836            0 
[2026-04-03T02:51:18.651+0600][15.554s][info][gc,ref      ] GC(24) O: Final References:              74            0            0 
[2026-04-03T02:51:18.651+0600][15.554s][info][gc,ref      ] GC(24) O: Phantom References:           585          461            0 
[2026-04-03T02:51:18.651+0600][15.554s][info][gc,reloc    ] GC(24) O:                        Candidates     Selected     In-Place         Size        Empty    Relocated 
[2026-04-03T02:51:18.651+0600][15.554s][info][gc,reloc    ] GC(24) O: Small Pages:                  243            3            3         486M           0M           2M 
[2026-04-03T02:51:18.651+0600][15.554s][info][gc,reloc    ] GC(24) O: Medium Pages:                   1            0            0           8M           0M           0M 
[2026-04-03T02:51:18.651+0600][15.554s][info][gc,reloc    ] GC(24) O: Large Pages:                    2            0            0           6M           0M           0M 
[2026-04-03T02:51:18.651+0600][15.554s][info][gc,reloc    ] GC(24) O: Forwarding Usage: 1M
[2026-04-03T02:51:18.651+0600][15.554s][info][gc,heap     ] GC(24) O: Min Capacity: 8M(2%)
[2026-04-03T02:51:18.651+0600][15.554s][info][gc,heap     ] GC(24) O: Max Capacity: 500M(100%)
[2026-04-03T02:51:18.651+0600][15.554s][info][gc,heap     ] GC(24) O: Soft Max Capacity: 500M(100%)
[2026-04-03T02:51:18.651+0600][15.554s][info][gc,heap     ] GC(24) O: Heap Statistics:
[2026-04-03T02:51:18.651+0600][15.554s][info][gc,heap     ] GC(24) O:                Mark Start          Mark End        Relocate Start      Relocate End           High               Low         
[2026-04-03T02:51:18.651+0600][15.554s][info][gc,heap     ] GC(24) O:  Capacity:      500M (100%)        500M (100%)        500M (100%)        500M (100%)        500M (100%)        500M (100%)   
[2026-04-03T02:51:18.651+0600][15.554s][info][gc,heap     ] GC(24) O:      Free:        0M (0%)            0M (0%)            0M (0%)            0M (0%)            2M (0%)            0M (0%)     
[2026-04-03T02:51:18.651+0600][15.554s][info][gc,heap     ] GC(24) O:      Used:      500M (100%)        500M (100%)        500M (100%)        500M (100%)        500M (100%)        498M (100%)   
[2026-04-03T02:51:18.651+0600][15.554s][info][gc,heap     ] GC(24) O: Old Generation Statistics:
[2026-04-03T02:51:18.651+0600][15.554s][info][gc,heap     ] GC(24) O:                Mark Start          Mark End        Relocate Start      Relocate End    
[2026-04-03T02:51:18.651+0600][15.554s][info][gc,heap     ] GC(24) O:      Used:      500M (100%)        500M (100%)        500M (100%)        496M (99%)    
[2026-04-03T02:51:18.651+0600][15.554s][info][gc,heap     ] GC(24) O:      Live:         -               478M (96%)         478M (96%)         478M (96%)    
[2026-04-03T02:51:18.651+0600][15.554s][info][gc,heap     ] GC(24) O:   Garbage:         -                21M (4%)           21M (4%)           15M (3%)     
[2026-04-03T02:51:18.651+0600][15.554s][info][gc,heap     ] GC(24) O: Allocated:         -                 0M (0%)            0M (0%)            2M (1%)     
[2026-04-03T02:51:18.651+0600][15.554s][info][gc,heap     ] GC(24) O: Reclaimed:         -                  -                 0M (0%)            6M (1%)     
[2026-04-03T02:51:18.651+0600][15.554s][info][gc,heap     ] GC(24) O: Compacted:         -                  -                  -                 3M (1%)     
[2026-04-03T02:51:18.651+0600][15.554s][info][gc,phases   ] GC(24) O: Old Generation 500M(100%)->500M(100%) 0.705s
[2026-04-03T02:51:18.651+0600][15.554s][info][gc          ] GC(24) Major Collection (Allocation Stall) 500M(100%)->500M(100%) 0.726s
[2026-04-03T02:51:18.655+0600][15.558s][info][gc          ] GC(26) Minor Collection (Allocation Stall)
[2026-04-03T02:51:18.655+0600][15.558s][info][gc,task     ] GC(26) Using 3 Workers for Young Generation
[2026-04-03T02:51:18.655+0600][15.558s][info][gc,phases   ] GC(26) y: Young Generation
[2026-04-03T02:51:18.655+0600][15.558s][info][gc,phases   ] GC(26) y: Pause Mark Start 0.017ms
[2026-04-03T02:51:18.662+0600][15.565s][info][gc,phases   ] GC(26) y: Concurrent Mark 6.371ms
[2026-04-03T02:51:18.662+0600][15.565s][info][gc,phases   ] GC(26) y: Pause Mark End 0.017ms
[2026-04-03T02:51:18.662+0600][15.565s][info][gc,phases   ] GC(26) y: Concurrent Mark Free 0.001ms
[2026-04-03T02:51:18.662+0600][15.565s][info][gc,phases   ] GC(26) y: Concurrent Reset Relocation Set 0.001ms
[2026-04-03T02:51:18.663+0600][15.566s][info][gc,reloc    ] GC(26) y: Using tenuring threshold: 1 (Computed)
[2026-04-03T02:51:18.663+0600][15.567s][info][gc,phases   ] GC(26) y: Concurrent Select Relocation Set 1.660ms
[2026-04-03T02:51:18.663+0600][15.567s][info][gc,phases   ] GC(26) y: Pause Relocate Start 0.016ms
[2026-04-03T02:51:18.664+0600][15.567s][info][gc,phases   ] GC(26) y: Concurrent Relocate 0.067ms
[2026-04-03T02:51:18.664+0600][15.567s][info][gc,alloc    ] GC(26) y:                         Mark Start        Mark End      Relocate Start    Relocate End   
[2026-04-03T02:51:18.664+0600][15.567s][info][gc,alloc    ] GC(26) y: Allocation Stalls:          1                1                1                1         
[2026-04-03T02:51:18.664+0600][15.567s][info][gc,load     ] GC(26) y: Load: 5.79 (48%) / 5.64 (47%) / 5.61 (47%)
[2026-04-03T02:51:18.664+0600][15.567s][info][gc,mmu      ] GC(26) y: MMU: 2ms/95.4%, 5ms/97.7%, 10ms/98.6%, 20ms/99.1%, 50ms/99.5%, 100ms/99.7%
[2026-04-03T02:51:18.664+0600][15.567s][info][gc,marking  ] GC(26) y: Mark: 2 stripe(s), 3 proactive flush(es), 1 terminate flush(es), 0 completion(s), 0 continuation(s) 
[2026-04-03T02:51:18.664+0600][15.567s][info][gc,marking  ] GC(26) y: Mark Stack Usage: 32M
[2026-04-03T02:51:18.664+0600][15.567s][info][gc,nmethod  ] GC(26) y: NMethods: 3021 registered, 131 unregistered
[2026-04-03T02:51:18.664+0600][15.567s][info][gc,metaspace] GC(26) y: Metaspace: 47M used, 48M committed, 1088M reserved
[2026-04-03T02:51:18.664+0600][15.567s][info][gc,reloc    ] GC(26) y:                        Candidates     Selected     In-Place         Size        Empty    Relocated 
[2026-04-03T02:51:18.664+0600][15.567s][info][gc,reloc    ] GC(26) y: Small Pages:                    2            0            0           4M           0M           0M 
[2026-04-03T02:51:18.664+0600][15.567s][info][gc,reloc    ] GC(26) y: Medium Pages:                   0            0            0           0M           0M           0M 
[2026-04-03T02:51:18.664+0600][15.567s][info][gc,reloc    ] GC(26) y: Large Pages:                    0            0            0           0M           0M           0M 
[2026-04-03T02:51:18.664+0600][15.567s][info][gc,reloc    ] GC(26) y: Forwarding Usage: 0M
[2026-04-03T02:51:18.664+0600][15.567s][info][gc,reloc    ] GC(26) y: Age Table:
[2026-04-03T02:51:18.664+0600][15.567s][info][gc,reloc    ] GC(26) y:                    Live             Garbage             Small              Medium             Large        
[2026-04-03T02:51:18.664+0600][15.567s][info][gc,reloc    ] GC(26) y: Eden               1M (0%)            2M (0%)           2 / 0              0 / 0              0 / 0        
[2026-04-03T02:51:18.664+0600][15.567s][info][gc,heap     ] GC(26) y: Min Capacity: 8M(2%)
[2026-04-03T02:51:18.664+0600][15.567s][info][gc,heap     ] GC(26) y: Max Capacity: 500M(100%)
[2026-04-03T02:51:18.664+0600][15.567s][info][gc,heap     ] GC(26) y: Soft Max Capacity: 500M(100%)
[2026-04-03T02:51:18.664+0600][15.567s][info][gc,heap     ] GC(26) y: Heap Statistics:
[2026-04-03T02:51:18.664+0600][15.567s][info][gc,heap     ] GC(26) y:                Mark Start          Mark End        Relocate Start      Relocate End           High               Low         
[2026-04-03T02:51:18.664+0600][15.567s][info][gc,heap     ] GC(26) y:  Capacity:      500M (100%)        500M (100%)        500M (100%)        500M (100%)        500M (100%)        500M (100%)   
[2026-04-03T02:51:18.664+0600][15.567s][info][gc,heap     ] GC(26) y:      Free:        0M (0%)            0M (0%)            0M (0%)            0M (0%)            0M (0%)            0M (0%)     
[2026-04-03T02:51:18.664+0600][15.567s][info][gc,heap     ] GC(26) y:      Used:      500M (100%)        500M (100%)        500M (100%)        500M (100%)        500M (100%)        500M (100%)   
[2026-04-03T02:51:18.664+0600][15.567s][info][gc,heap     ] GC(26) y: Young Generation Statistics:
[2026-04-03T02:51:18.664+0600][15.567s][info][gc,heap     ] GC(26) y:                Mark Start          Mark End        Relocate Start      Relocate End    
[2026-04-03T02:51:18.664+0600][15.567s][info][gc,heap     ] GC(26) y:      Used:        4M (1%)            4M (1%)            4M (1%)            4M (1%)     
[2026-04-03T02:51:18.664+0600][15.567s][info][gc,heap     ] GC(26) y:      Live:         -                 1M (0%)            1M (0%)            1M (0%)     
[2026-04-03T02:51:18.664+0600][15.567s][info][gc,heap     ] GC(26) y:   Garbage:         -                 2M (0%)            2M (0%)            2M (0%)     
[2026-04-03T02:51:18.664+0600][15.567s][info][gc,heap     ] GC(26) y: Allocated:         -                 0M (0%)            0M (0%)            0M (0%)     
[2026-04-03T02:51:18.664+0600][15.567s][info][gc,heap     ] GC(26) y: Reclaimed:         -                  -                 0M (0%)            0M (0%)     
[2026-04-03T02:51:18.664+0600][15.567s][info][gc,heap     ] GC(26) y:  Promoted:         -                  -                 0M (0%)            0M (0%)     
[2026-04-03T02:51:18.664+0600][15.567s][info][gc,heap     ] GC(26) y: Compacted:         -                  -                  -                 0M (0%)     
[2026-04-03T02:51:18.664+0600][15.567s][info][gc,phases   ] GC(26) y: Young Generation 500M(100%)->500M(100%) 0.009s
[2026-04-03T02:51:18.664+0600][15.567s][info][gc          ] GC(26) Minor Collection (Allocation Stall) 500M(100%)->500M(100%) 0.009s
[2026-04-03T02:51:18.664+0600][15.567s][info][gc          ] GC(27) Major Collection (Allocation Stall)
[2026-04-03T02:51:18.664+0600][15.567s][info][gc,task     ] GC(27) Using 3 Workers for Young Generation
[2026-04-03T02:51:18.664+0600][15.567s][info][gc,task     ] GC(27) Using 3 Workers for Old Generation
[2026-04-03T02:51:18.664+0600][15.567s][info][gc,phases   ] GC(27) Y: Young Generation (Promote All)
[2026-04-03T02:51:18.664+0600][15.567s][info][gc,phases   ] GC(27) Y: Pause Mark Start 0.017ms
[2026-04-03T02:51:18.671+0600][15.574s][info][gc,phases   ] GC(27) Y: Concurrent Mark 6.520ms
[2026-04-03T02:51:18.671+0600][15.574s][info][gc,phases   ] GC(27) Y: Pause Mark End 0.018ms
[2026-04-03T02:51:18.671+0600][15.574s][info][gc,phases   ] GC(27) Y: Concurrent Mark Free 0.001ms
[2026-04-03T02:51:18.671+0600][15.574s][info][gc,phases   ] GC(27) Y: Concurrent Reset Relocation Set 0.000ms
[2026-04-03T02:51:18.674+0600][15.577s][info][gc,reloc    ] GC(27) Y: Using tenuring threshold: 0 (Promote All)
[2026-04-03T02:51:18.676+0600][15.579s][info][gc,phases   ] GC(27) Y: Concurrent Select Relocation Set 4.835ms
[2026-04-03T02:51:18.676+0600][15.579s][info][gc,phases   ] GC(27) Y: Pause Relocate Start 0.011ms
[2026-04-03T02:51:18.678+0600][15.581s][info][gc,phases   ] GC(27) Y: Concurrent Relocate 2.094ms
[2026-04-03T02:51:18.678+0600][15.581s][info][gc,alloc    ] GC(27) Y:                         Mark Start        Mark End      Relocate Start    Relocate End   
[2026-04-03T02:51:18.678+0600][15.581s][info][gc,alloc    ] GC(27) Y: Allocation Stalls:          1                1                1                1         
[2026-04-03T02:51:18.678+0600][15.581s][info][gc,load     ] GC(27) Y: Load: 5.79 (48%) / 5.64 (47%) / 5.61 (47%)
[2026-04-03T02:51:18.678+0600][15.581s][info][gc,mmu      ] GC(27) Y: MMU: 2ms/95.4%, 5ms/97.7%, 10ms/98.6%, 20ms/99.1%, 50ms/99.5%, 100ms/99.7%
[2026-04-03T02:51:18.678+0600][15.581s][info][gc,marking  ] GC(27) Y: Mark: 2 stripe(s), 10 proactive flush(es), 1 terminate flush(es), 0 completion(s), 0 continuation(s) 
[2026-04-03T02:51:18.678+0600][15.581s][info][gc,marking  ] GC(27) Y: Mark Stack Usage: 32M
[2026-04-03T02:51:18.678+0600][15.581s][info][gc,nmethod  ] GC(27) Y: NMethods: 3021 registered, 131 unregistered
[2026-04-03T02:51:18.678+0600][15.581s][info][gc,metaspace] GC(27) Y: Metaspace: 47M used, 48M committed, 1088M reserved
[2026-04-03T02:51:18.678+0600][15.581s][info][gc,reloc    ] GC(27) Y:                        Candidates     Selected     In-Place         Size        Empty    Relocated 
[2026-04-03T02:51:18.678+0600][15.581s][info][gc,reloc    ] GC(27) Y: Small Pages:                    2            0            0           4M           0M           0M 
[2026-04-03T02:51:18.678+0600][15.581s][info][gc,reloc    ] GC(27) Y: Medium Pages:                   0            0            0           0M           0M           0M 
[2026-04-03T02:51:18.678+0600][15.581s][info][gc,reloc    ] GC(27) Y: Large Pages:                    0            0            0           0M           0M           0M 
[2026-04-03T02:51:18.678+0600][15.581s][info][gc,reloc    ] GC(27) Y: Forwarding Usage: 0M
[2026-04-03T02:51:18.678+0600][15.581s][info][gc,reloc    ] GC(27) Y: Age Table:
[2026-04-03T02:51:18.678+0600][15.581s][info][gc,reloc    ] GC(27) Y:                    Live             Garbage             Small              Medium             Large        
[2026-04-03T02:51:18.678+0600][15.581s][info][gc,reloc    ] GC(27) Y: Eden                -                 0M (0%)           0 / 0              0 / 0              0 / 0        
[2026-04-03T02:51:18.678+0600][15.581s][info][gc,reloc    ] GC(27) Y: Survivor 1         1M (0%)            2M (0%)           2 / 0              0 / 0              0 / 0        
[2026-04-03T02:51:18.678+0600][15.581s][info][gc,heap     ] GC(27) Y: Min Capacity: 8M(2%)
[2026-04-03T02:51:18.678+0600][15.581s][info][gc,heap     ] GC(27) Y: Max Capacity: 500M(100%)
[2026-04-03T02:51:18.678+0600][15.581s][info][gc,heap     ] GC(27) Y: Soft Max Capacity: 500M(100%)
[2026-04-03T02:51:18.678+0600][15.581s][info][gc,heap     ] GC(27) Y: Heap Statistics:
[2026-04-03T02:51:18.678+0600][15.581s][info][gc,heap     ] GC(27) Y:                Mark Start          Mark End        Relocate Start      Relocate End           High               Low         
[2026-04-03T02:51:18.678+0600][15.581s][info][gc,heap     ] GC(27) Y:  Capacity:      500M (100%)        500M (100%)        500M (100%)        500M (100%)        500M (100%)        500M (100%)   
[2026-04-03T02:51:18.678+0600][15.581s][info][gc,heap     ] GC(27) Y:      Free:        0M (0%)            0M (0%)            0M (0%)            0M (0%)            0M (0%)            0M (0%)     
[2026-04-03T02:51:18.678+0600][15.581s][info][gc,heap     ] GC(27) Y:      Used:      500M (100%)        500M (100%)        500M (100%)        500M (100%)        500M (100%)        500M (100%)   
[2026-04-03T02:51:18.678+0600][15.581s][info][gc,heap     ] GC(27) Y: Young Generation Statistics:
[2026-04-03T02:51:18.678+0600][15.581s][info][gc,heap     ] GC(27) Y:                Mark Start          Mark End        Relocate Start      Relocate End    
[2026-04-03T02:51:18.678+0600][15.581s][info][gc,heap     ] GC(27) Y:      Used:        4M (1%)            4M (1%)            0M (0%)            0M (0%)     
[2026-04-03T02:51:18.678+0600][15.581s][info][gc,heap     ] GC(27) Y:      Live:         -                 1M (0%)            0M (0%)            0M (0%)     
[2026-04-03T02:51:18.678+0600][15.582s][info][gc,heap     ] GC(27) Y:   Garbage:         -                 2M (0%)            0M (0%)            0M (0%)     
[2026-04-03T02:51:18.678+0600][15.582s][info][gc,heap     ] GC(27) Y: Allocated:         -                 0M (0%)            0M (0%)            0M (0%)     
[2026-04-03T02:51:18.678+0600][15.582s][info][gc,heap     ] GC(27) Y: Reclaimed:         -                  -                 2M (0%)            2M (0%)     
[2026-04-03T02:51:18.678+0600][15.582s][info][gc,heap     ] GC(27) Y:  Promoted:         -                  -                 1M (0%)            1M (0%)     
[2026-04-03T02:51:18.678+0600][15.582s][info][gc,heap     ] GC(27) Y: Compacted:         -                  -                  -                 0M (0%)     
[2026-04-03T02:51:18.678+0600][15.582s][info][gc,phases   ] GC(27) Y: Young Generation (Promote All) 500M(100%)->500M(100%) 0.014s
[2026-04-03T02:51:18.678+0600][15.582s][info][gc,phases   ] GC(27) Y: Young Generation (Collect Roots)
[2026-04-03T02:51:18.679+0600][15.582s][info][gc,phases   ] GC(27) Y: Pause Mark Start (Major) 0.021ms
[2026-04-03T02:51:18.684+0600][15.587s][info][gc,phases   ] GC(27) Y: Concurrent Mark 5.238ms
[2026-04-03T02:51:18.684+0600][15.587s][info][gc,phases   ] GC(27) Y: Pause Mark End 0.018ms
[2026-04-03T02:51:18.685+0600][15.588s][info][gc,phases   ] GC(27) Y: Concurrent Mark Free 0.146ms
[2026-04-03T02:51:18.685+0600][15.588s][info][gc,phases   ] GC(27) Y: Concurrent Reset Relocation Set 0.007ms
[2026-04-03T02:51:18.686+0600][15.589s][info][gc,reloc    ] GC(27) Y: Using tenuring threshold: 0 (Computed)
[2026-04-03T02:51:18.686+0600][15.589s][info][gc,phases   ] GC(27) Y: Concurrent Select Relocation Set 1.505ms
[2026-04-03T02:51:18.686+0600][15.589s][info][gc,phases   ] GC(27) Y: Pause Relocate Start 0.016ms
[2026-04-03T02:51:18.686+0600][15.589s][info][gc,phases   ] GC(27) Y: Concurrent Relocate 0.074ms
[2026-04-03T02:51:18.686+0600][15.589s][info][gc,alloc    ] GC(27) Y:                         Mark Start        Mark End      Relocate Start    Relocate End   
[2026-04-03T02:51:18.686+0600][15.590s][info][gc,alloc    ] GC(27) Y: Allocation Stalls:          1                1                1                1         
[2026-04-03T02:51:18.686+0600][15.590s][info][gc,load     ] GC(27) Y: Load: 5.79 (48%) / 5.64 (47%) / 5.61 (47%)
[2026-04-03T02:51:18.686+0600][15.590s][info][gc,mmu      ] GC(27) Y: MMU: 2ms/95.4%, 5ms/97.7%, 10ms/98.6%, 20ms/99.1%, 50ms/99.5%, 100ms/99.7%
[2026-04-03T02:51:18.686+0600][15.590s][info][gc,marking  ] GC(27) Y: Mark: 2 stripe(s), 1 proactive flush(es), 1 terminate flush(es), 0 completion(s), 0 continuation(s) 
[2026-04-03T02:51:18.686+0600][15.590s][info][gc,marking  ] GC(27) Y: Mark Stack Usage: 0M
[2026-04-03T02:51:18.686+0600][15.590s][info][gc,nmethod  ] GC(27) Y: NMethods: 3021 registered, 131 unregistered
[2026-04-03T02:51:18.686+0600][15.590s][info][gc,metaspace] GC(27) Y: Metaspace: 47M used, 48M committed, 1088M reserved
[2026-04-03T02:51:18.686+0600][15.590s][info][gc,heap     ] GC(27) Y: Min Capacity: 8M(2%)
[2026-04-03T02:51:18.686+0600][15.590s][info][gc,heap     ] GC(27) Y: Max Capacity: 500M(100%)
[2026-04-03T02:51:18.686+0600][15.590s][info][gc,heap     ] GC(27) Y: Soft Max Capacity: 500M(100%)
[2026-04-03T02:51:18.686+0600][15.590s][info][gc,heap     ] GC(27) Y: Heap Statistics:
[2026-04-03T02:51:18.686+0600][15.590s][info][gc,heap     ] GC(27) Y:                Mark Start          Mark End        Relocate Start      Relocate End           High               Low         
[2026-04-03T02:51:18.686+0600][15.590s][info][gc,heap     ] GC(27) Y:  Capacity:      500M (100%)        500M (100%)        500M (100%)        500M (100%)        500M (100%)        500M (100%)   
[2026-04-03T02:51:18.686+0600][15.590s][info][gc,heap     ] GC(27) Y:      Free:        0M (0%)            0M (0%)            0M (0%)            0M (0%)            0M (0%)            0M (0%)     
[2026-04-03T02:51:18.686+0600][15.590s][info][gc,heap     ] GC(27) Y:      Used:      500M (100%)        500M (100%)        500M (100%)        500M (100%)        500M (100%)        500M (100%)   
[2026-04-03T02:51:18.687+0600][15.590s][info][gc,heap     ] GC(27) Y: Young Generation Statistics:
[2026-04-03T02:51:18.687+0600][15.590s][info][gc,heap     ] GC(27) Y:                Mark Start          Mark End        Relocate Start      Relocate End    
[2026-04-03T02:51:18.687+0600][15.590s][info][gc,heap     ] GC(27) Y:      Used:        0M (0%)            0M (0%)            0M (0%)            0M (0%)     
[2026-04-03T02:51:18.687+0600][15.590s][info][gc,heap     ] GC(27) Y:      Live:         -                 0M (0%)            0M (0%)            0M (0%)     
[2026-04-03T02:51:18.687+0600][15.590s][info][gc,heap     ] GC(27) Y:   Garbage:         -                 0M (0%)            0M (0%)            0M (0%)     
[2026-04-03T02:51:18.687+0600][15.590s][info][gc,heap     ] GC(27) Y: Allocated:         -                 0M (0%)            0M (0%)            0M (0%)     
[2026-04-03T02:51:18.687+0600][15.590s][info][gc,heap     ] GC(27) Y: Reclaimed:         -                  -                 0M (0%)            0M (0%)     
[2026-04-03T02:51:18.687+0600][15.590s][info][gc,heap     ] GC(27) Y:  Promoted:         -                  -                 0M (0%)            0M (0%)     
[2026-04-03T02:51:18.687+0600][15.590s][info][gc,heap     ] GC(27) Y: Compacted:         -                  -                  -                 0M (0%)     
[2026-04-03T02:51:18.687+0600][15.590s][info][gc,phases   ] GC(27) Y: Young Generation (Collect Roots) 500M(100%)->500M(100%) 0.008s
[2026-04-03T02:51:18.687+0600][15.590s][info][gc,phases   ] GC(27) O: Old Generation
[2026-04-03T02:51:18.750+0600][15.653s][info][gc          ] GC(28) Minor Collection (Allocation Stall)
[2026-04-03T02:51:18.750+0600][15.653s][info][gc,task     ] GC(28) Using 3 Workers for Young Generation
[2026-04-03T02:51:18.750+0600][15.653s][info][gc,phases   ] GC(28) y: Young Generation
[2026-04-03T02:51:18.750+0600][15.653s][info][gc,phases   ] GC(28) y: Pause Mark Start 0.025ms
[2026-04-03T02:51:18.755+0600][15.658s][info][gc,phases   ] GC(28) y: Concurrent Mark 4.873ms
[2026-04-03T02:51:18.755+0600][15.658s][info][gc,phases   ] GC(28) y: Pause Mark End 0.020ms
[2026-04-03T02:51:18.755+0600][15.658s][info][gc,phases   ] GC(28) y: Concurrent Mark Free 0.002ms
[2026-04-03T02:51:18.755+0600][15.658s][info][gc,phases   ] GC(28) y: Concurrent Reset Relocation Set 0.000ms
[2026-04-03T02:51:18.759+0600][15.662s][info][gc,reloc    ] GC(28) y: Using tenuring threshold: 0 (Computed)
[2026-04-03T02:51:18.759+0600][15.662s][info][gc,phases   ] GC(28) y: Concurrent Select Relocation Set 3.329ms
[2026-04-03T02:51:18.759+0600][15.662s][info][gc,phases   ] GC(28) y: Pause Relocate Start 0.020ms
[2026-04-03T02:51:18.759+0600][15.662s][info][gc,phases   ] GC(28) y: Concurrent Relocate 0.153ms
[2026-04-03T02:51:18.759+0600][15.662s][info][gc,alloc    ] GC(28) y:                         Mark Start        Mark End      Relocate Start    Relocate End   
[2026-04-03T02:51:18.759+0600][15.662s][info][gc,alloc    ] GC(28) y: Allocation Stalls:          2                2                2                2         
[2026-04-03T02:51:18.759+0600][15.662s][info][gc,load     ] GC(28) y: Load: 5.79 (48%) / 5.64 (47%) / 5.61 (47%)
[2026-04-03T02:51:18.759+0600][15.662s][info][gc,mmu      ] GC(28) y: MMU: 2ms/95.4%, 5ms/97.7%, 10ms/98.6%, 20ms/99.1%, 50ms/99.5%, 100ms/99.7%
[2026-04-03T02:51:18.759+0600][15.662s][info][gc,marking  ] GC(28) y: Mark: 2 stripe(s), 1 proactive flush(es), 1 terminate flush(es), 0 completion(s), 0 continuation(s) 
[2026-04-03T02:51:18.759+0600][15.662s][info][gc,marking  ] GC(28) y: Mark Stack Usage: 0M
[2026-04-03T02:51:18.759+0600][15.662s][info][gc,nmethod  ] GC(28) y: NMethods: 3021 registered, 131 unregistered
[2026-04-03T02:51:18.759+0600][15.662s][info][gc,metaspace] GC(28) y: Metaspace: 47M used, 48M committed, 1088M reserved
[2026-04-03T02:51:18.759+0600][15.662s][info][gc,heap     ] GC(28) y: Min Capacity: 8M(2%)
[2026-04-03T02:51:18.759+0600][15.662s][info][gc,heap     ] GC(28) y: Max Capacity: 500M(100%)
[2026-04-03T02:51:18.759+0600][15.662s][info][gc,heap     ] GC(28) y: Soft Max Capacity: 500M(100%)
[2026-04-03T02:51:18.759+0600][15.662s][info][gc,heap     ] GC(28) y: Heap Statistics:
[2026-04-03T02:51:18.759+0600][15.662s][info][gc,heap     ] GC(28) y:                Mark Start          Mark End        Relocate Start      Relocate End           High               Low         
[2026-04-03T02:51:18.759+0600][15.662s][info][gc,heap     ] GC(28) y:  Capacity:      500M (100%)        500M (100%)        500M (100%)        500M (100%)        500M (100%)        500M (100%)   
[2026-04-03T02:51:18.759+0600][15.662s][info][gc,heap     ] GC(28) y:      Free:        0M (0%)            0M (0%)            0M (0%)            0M (0%)            0M (0%)            0M (0%)     
[2026-04-03T02:51:18.759+0600][15.662s][info][gc,heap     ] GC(28) y:      Used:      500M (100%)        500M (100%)        500M (100%)        500M (100%)        500M (100%)        500M (100%)   
[2026-04-03T02:51:18.759+0600][15.662s][info][gc,heap     ] GC(28) y: Young Generation Statistics:
[2026-04-03T02:51:18.759+0600][15.662s][info][gc,heap     ] GC(28) y:                Mark Start          Mark End        Relocate Start      Relocate End    
[2026-04-03T02:51:18.759+0600][15.662s][info][gc,heap     ] GC(28) y:      Used:        0M (0%)            0M (0%)            0M (0%)            0M (0%)     
[2026-04-03T02:51:18.759+0600][15.662s][info][gc,heap     ] GC(28) y:      Live:         -                 0M (0%)            0M (0%)            0M (0%)     
[2026-04-03T02:51:18.759+0600][15.662s][info][gc,heap     ] GC(28) y:   Garbage:         -                 0M (0%)            0M (0%)            0M (0%)     
[2026-04-03T02:51:18.759+0600][15.662s][info][gc,heap     ] GC(28) y: Allocated:         -                 0M (0%)            0M (0%)            0M (0%)     
[2026-04-03T02:51:18.759+0600][15.662s][info][gc,heap     ] GC(28) y: Reclaimed:         -                  -                 0M (0%)            0M (0%)     
[2026-04-03T02:51:18.759+0600][15.663s][info][gc,heap     ] GC(28) y:  Promoted:         -                  -                 0M (0%)            0M (0%)     
[2026-04-03T02:51:18.759+0600][15.663s][info][gc,heap     ] GC(28) y: Compacted:         -                  -                  -                 0M (0%)     
[2026-04-03T02:51:18.759+0600][15.663s][info][gc,phases   ] GC(28) y: Young Generation 500M(100%)->500M(100%) 0.009s
[2026-04-03T02:51:18.759+0600][15.663s][info][gc          ] GC(28) Minor Collection (Allocation Stall) 500M(100%)->500M(100%) 0.010s
[2026-04-03T02:51:18.923+0600][15.826s][info][gc          ] GC(29) Minor Collection (Allocation Stall)
[2026-04-03T02:51:18.923+0600][15.827s][info][gc,task     ] GC(29) Using 3 Workers for Young Generation
[2026-04-03T02:51:18.923+0600][15.827s][info][gc,phases   ] GC(29) y: Young Generation
[2026-04-03T02:51:18.924+0600][15.827s][info][gc,phases   ] GC(29) y: Pause Mark Start 0.019ms
[2026-04-03T02:51:18.929+0600][15.832s][info][gc,phases   ] GC(29) y: Concurrent Mark 5.082ms
[2026-04-03T02:51:18.929+0600][15.832s][info][gc,phases   ] GC(29) y: Pause Mark End 0.020ms
[2026-04-03T02:51:18.929+0600][15.832s][info][gc,phases   ] GC(29) y: Concurrent Mark Free 0.001ms
[2026-04-03T02:51:18.929+0600][15.832s][info][gc,phases   ] GC(29) y: Concurrent Reset Relocation Set 0.001ms
[2026-04-03T02:51:18.933+0600][15.836s][info][gc,reloc    ] GC(29) y: Using tenuring threshold: 0 (Computed)
[2026-04-03T02:51:18.934+0600][15.837s][info][gc,phases   ] GC(29) y: Concurrent Select Relocation Set 4.453ms
[2026-04-03T02:51:18.934+0600][15.837s][info][gc,phases   ] GC(29) y: Pause Relocate Start 0.012ms
[2026-04-03T02:51:18.934+0600][15.837s][info][gc,phases   ] GC(29) y: Concurrent Relocate 0.193ms
[2026-04-03T02:51:18.934+0600][15.837s][info][gc,alloc    ] GC(29) y:                         Mark Start        Mark End      Relocate Start    Relocate End   
[2026-04-03T02:51:18.934+0600][15.837s][info][gc,alloc    ] GC(29) y: Allocation Stalls:          3                3                3                3         
[2026-04-03T02:51:18.934+0600][15.837s][info][gc,load     ] GC(29) y: Load: 5.79 (48%) / 5.64 (47%) / 5.61 (47%)
[2026-04-03T02:51:18.934+0600][15.837s][info][gc,mmu      ] GC(29) y: MMU: 2ms/95.4%, 5ms/97.7%, 10ms/98.6%, 20ms/99.1%, 50ms/99.5%, 100ms/99.7%
[2026-04-03T02:51:18.934+0600][15.837s][info][gc,marking  ] GC(29) y: Mark: 2 stripe(s), 1 proactive flush(es), 1 terminate flush(es), 0 completion(s), 0 continuation(s) 
[2026-04-03T02:51:18.934+0600][15.837s][info][gc,marking  ] GC(29) y: Mark Stack Usage: 0M
[2026-04-03T02:51:18.934+0600][15.837s][info][gc,nmethod  ] GC(29) y: NMethods: 3021 registered, 131 unregistered
[2026-04-03T02:51:18.934+0600][15.837s][info][gc,metaspace] GC(29) y: Metaspace: 47M used, 48M committed, 1088M reserved
[2026-04-03T02:51:18.934+0600][15.837s][info][gc,heap     ] GC(29) y: Min Capacity: 8M(2%)
[2026-04-03T02:51:18.934+0600][15.837s][info][gc,heap     ] GC(29) y: Max Capacity: 500M(100%)
[2026-04-03T02:51:18.934+0600][15.837s][info][gc,heap     ] GC(29) y: Soft Max Capacity: 500M(100%)
[2026-04-03T02:51:18.934+0600][15.837s][info][gc,heap     ] GC(29) y: Heap Statistics:
[2026-04-03T02:51:18.934+0600][15.837s][info][gc,heap     ] GC(29) y:                Mark Start          Mark End        Relocate Start      Relocate End           High               Low         
[2026-04-03T02:51:18.934+0600][15.837s][info][gc,heap     ] GC(29) y:  Capacity:      500M (100%)        500M (100%)        500M (100%)        500M (100%)        500M (100%)        500M (100%)   
[2026-04-03T02:51:18.934+0600][15.837s][info][gc,heap     ] GC(29) y:      Free:        0M (0%)            0M (0%)            0M (0%)            0M (0%)            0M (0%)            0M (0%)     
[2026-04-03T02:51:18.934+0600][15.837s][info][gc,heap     ] GC(29) y:      Used:      500M (100%)        500M (100%)        500M (100%)        500M (100%)        500M (100%)        500M (100%)   
[2026-04-03T02:51:18.934+0600][15.837s][info][gc,heap     ] GC(29) y: Young Generation Statistics:
[2026-04-03T02:51:18.934+0600][15.837s][info][gc,heap     ] GC(29) y:                Mark Start          Mark End        Relocate Start      Relocate End    
[2026-04-03T02:51:18.934+0600][15.837s][info][gc,heap     ] GC(29) y:      Used:        0M (0%)            0M (0%)            0M (0%)            0M (0%)     
[2026-04-03T02:51:18.934+0600][15.837s][info][gc,heap     ] GC(29) y:      Live:         -                 0M (0%)            0M (0%)            0M (0%)     
[2026-04-03T02:51:18.934+0600][15.837s][info][gc,heap     ] GC(29) y:   Garbage:         -                 0M (0%)            0M (0%)            0M (0%)     
[2026-04-03T02:51:18.934+0600][15.837s][info][gc,heap     ] GC(29) y: Allocated:         -                 0M (0%)            0M (0%)            0M (0%)     
[2026-04-03T02:51:18.934+0600][15.837s][info][gc,heap     ] GC(29) y: Reclaimed:         -                  -                 0M (0%)            0M (0%)     
[2026-04-03T02:51:18.934+0600][15.837s][info][gc,heap     ] GC(29) y:  Promoted:         -                  -                 0M (0%)            0M (0%)     
[2026-04-03T02:51:18.934+0600][15.837s][info][gc,heap     ] GC(29) y: Compacted:         -                  -                  -                 0M (0%)     
[2026-04-03T02:51:18.934+0600][15.837s][info][gc,phases   ] GC(29) y: Young Generation 500M(100%)->500M(100%) 0.011s
[2026-04-03T02:51:18.934+0600][15.837s][info][gc          ] GC(29) Minor Collection (Allocation Stall) 500M(100%)->500M(100%) 0.011s
[2026-04-03T02:51:19.370+0600][16.273s][info][gc,phases   ] GC(27) O: Concurrent Mark 683.631ms
[2026-04-03T02:51:19.370+0600][16.274s][info][gc,phases   ] GC(27) O: Pause Mark End 0.025ms
[2026-04-03T02:51:19.371+0600][16.274s][info][gc,phases   ] GC(27) O: Concurrent Mark Free 0.002ms
[2026-04-03T02:51:19.371+0600][16.274s][info][gc,ref      ] GC(27) O: Clearing All SoftReferences
[2026-04-03T02:51:19.374+0600][16.277s][info][gc,phases   ] GC(27) O: Concurrent Process Non-Strong 3.241ms
[2026-04-03T02:51:19.374+0600][16.277s][info][gc,phases   ] GC(27) O: Concurrent Reset Relocation Set 0.001ms
[2026-04-03T02:51:19.376+0600][16.279s][info][gc,phases   ] GC(27) O: Concurrent Select Relocation Set 1.772ms
[2026-04-03T02:51:19.376+0600][16.279s][info][gc,task     ] GC(27) O: Using 3 Workers for Old Generation
[2026-04-03T02:51:19.390+0600][16.293s][info][gc,task     ] GC(27) O: Using 3 Workers for Old Generation
[2026-04-03T02:51:19.390+0600][16.293s][info][gc,phases   ] GC(27) O: Concurrent Remap Roots 14.410ms
[2026-04-03T02:51:19.390+0600][16.293s][info][gc,phases   ] GC(27) O: Pause Relocate Start 0.019ms
[2026-04-03T02:51:19.392+0600][16.295s][info][gc          ] Allocation Stall (main) 737.023ms
[2026-04-03T02:51:19.393+0600][16.296s][info][gc,phases   ] GC(27) O: Concurrent Relocate 2.419ms
[2026-04-03T02:51:19.393+0600][16.296s][info][gc,alloc    ] GC(27) O:                         Mark Start        Mark End      Relocate Start    Relocate End   
[2026-04-03T02:51:19.393+0600][16.296s][info][gc,alloc    ] GC(27) O: Allocation Stalls:          1                3                3                2         
[2026-04-03T02:51:19.393+0600][16.296s][info][gc,load     ] GC(27) O: Load: 5.79 (48%) / 5.64 (47%) / 5.61 (47%)
[2026-04-03T02:51:19.393+0600][16.296s][info][gc,mmu      ] GC(27) O: MMU: 2ms/95.4%, 5ms/97.7%, 10ms/98.6%, 20ms/99.1%, 50ms/99.5%, 100ms/99.7%
[2026-04-03T02:51:19.393+0600][16.296s][info][gc,marking  ] GC(27) O: Mark: 2 stripe(s), 10 proactive flush(es), 1 terminate flush(es), 0 completion(s), 0 continuation(s) 
[2026-04-03T02:51:19.393+0600][16.296s][info][gc,marking  ] GC(27) O: Mark Stack Usage: 32M
[2026-04-03T02:51:19.393+0600][16.296s][info][gc,nmethod  ] GC(27) O: NMethods: 3021 registered, 131 unregistered
[2026-04-03T02:51:19.393+0600][16.296s][info][gc,metaspace] GC(27) O: Metaspace: 47M used, 48M committed, 1088M reserved
[2026-04-03T02:51:19.393+0600][16.296s][info][gc,ref      ] GC(27) O:                       Encountered   Discovered     Enqueued 
[2026-04-03T02:51:19.393+0600][16.296s][info][gc,ref      ] GC(27) O: Soft References:             2423          200            0 
[2026-04-03T02:51:19.393+0600][16.296s][info][gc,ref      ] GC(27) O: Weak References:             2641         1887            0 
[2026-04-03T02:51:19.393+0600][16.296s][info][gc,ref      ] GC(27) O: Final References:              74            0            0 
[2026-04-03T02:51:19.393+0600][16.296s][info][gc,ref      ] GC(27) O: Phantom References:           585          344            0 
[2026-04-03T02:51:19.393+0600][16.296s][info][gc,reloc    ] GC(27) O:                        Candidates     Selected     In-Place         Size        Empty    Relocated 
[2026-04-03T02:51:19.393+0600][16.296s][info][gc,reloc    ] GC(27) O: Small Pages:                  243            2            2         486M           0M           1M 
[2026-04-03T02:51:19.393+0600][16.296s][info][gc,reloc    ] GC(27) O: Medium Pages:                   1            0            0           8M           0M           0M 
[2026-04-03T02:51:19.393+0600][16.296s][info][gc,reloc    ] GC(27) O: Large Pages:                    2            0            0           6M           0M           0M 
[2026-04-03T02:51:19.393+0600][16.296s][info][gc,reloc    ] GC(27) O: Forwarding Usage: 0M
[2026-04-03T02:51:19.393+0600][16.296s][info][gc,heap     ] GC(27) O: Min Capacity: 8M(2%)
[2026-04-03T02:51:19.393+0600][16.296s][info][gc,heap     ] GC(27) O: Max Capacity: 500M(100%)
[2026-04-03T02:51:19.393+0600][16.296s][info][gc,heap     ] GC(27) O: Soft Max Capacity: 500M(100%)
[2026-04-03T02:51:19.393+0600][16.296s][info][gc,heap     ] GC(27) O: Heap Statistics:
[2026-04-03T02:51:19.393+0600][16.296s][info][gc,heap     ] GC(27) O:                Mark Start          Mark End        Relocate Start      Relocate End           High               Low         
[2026-04-03T02:51:19.393+0600][16.296s][info][gc,heap     ] GC(27) O:  Capacity:      500M (100%)        500M (100%)        500M (100%)        500M (100%)        500M (100%)        500M (100%)   
[2026-04-03T02:51:19.393+0600][16.296s][info][gc,heap     ] GC(27) O:      Free:        0M (0%)            0M (0%)            0M (0%)            0M (0%)            2M (0%)            0M (0%)     
[2026-04-03T02:51:19.393+0600][16.296s][info][gc,heap     ] GC(27) O:      Used:      500M (100%)        500M (100%)        500M (100%)        500M (100%)        500M (100%)        498M (100%)   
[2026-04-03T02:51:19.393+0600][16.296s][info][gc,heap     ] GC(27) O: Old Generation Statistics:
[2026-04-03T02:51:19.393+0600][16.296s][info][gc,heap     ] GC(27) O:                Mark Start          Mark End        Relocate Start      Relocate End    
[2026-04-03T02:51:19.393+0600][16.296s][info][gc,heap     ] GC(27) O:      Used:      500M (100%)        500M (100%)        500M (100%)        498M (100%)   
[2026-04-03T02:51:19.393+0600][16.296s][info][gc,heap     ] GC(27) O:      Live:         -               480M (96%)         480M (96%)         480M (96%)    
[2026-04-03T02:51:19.393+0600][16.296s][info][gc,heap     ] GC(27) O:   Garbage:         -                19M (4%)           19M (4%)           15M (3%)     
[2026-04-03T02:51:19.393+0600][16.296s][info][gc,heap     ] GC(27) O: Allocated:         -                 0M (0%)            0M (0%)            2M (0%)     
[2026-04-03T02:51:19.393+0600][16.296s][info][gc,heap     ] GC(27) O: Reclaimed:         -                  -                 0M (0%)            4M (1%)     
[2026-04-03T02:51:19.393+0600][16.296s][info][gc,heap     ] GC(27) O: Compacted:         -                  -                  -                 1M (0%)     
[2026-04-03T02:51:19.393+0600][16.296s][info][gc,phases   ] GC(27) O: Old Generation 500M(100%)->500M(100%) 0.706s
[2026-04-03T02:51:19.393+0600][16.296s][info][gc          ] GC(27) Major Collection (Allocation Stall) 500M(100%)->500M(100%) 0.729s
[2026-04-03T02:51:19.393+0600][16.296s][info][gc          ] GC(30) Major Collection (Allocation Stall)
[2026-04-03T02:51:19.393+0600][16.296s][info][gc,task     ] GC(30) Using 3 Workers for Young Generation
[2026-04-03T02:51:19.393+0600][16.296s][info][gc,task     ] GC(30) Using 3 Workers for Old Generation
[2026-04-03T02:51:19.393+0600][16.296s][info][gc,phases   ] GC(30) Y: Young Generation (Promote All)
[2026-04-03T02:51:19.393+0600][16.296s][info][gc,phases   ] GC(30) Y: Pause Mark Start 0.020ms
[2026-04-03T02:51:19.399+0600][16.302s][info][gc,phases   ] GC(30) Y: Concurrent Mark 5.814ms
[2026-04-03T02:51:19.399+0600][16.302s][info][gc,phases   ] GC(30) Y: Pause Mark End 0.027ms
[2026-04-03T02:51:19.399+0600][16.303s][info][gc,phases   ] GC(30) Y: Concurrent Mark Free 0.002ms
[2026-04-03T02:51:19.400+0600][16.303s][info][gc,phases   ] GC(30) Y: Concurrent Reset Relocation Set 0.000ms
[2026-04-03T02:51:19.401+0600][16.304s][info][gc,reloc    ] GC(30) Y: Using tenuring threshold: 0 (Promote All)
[2026-04-03T02:51:19.402+0600][16.305s][info][gc,phases   ] GC(30) Y: Concurrent Select Relocation Set 2.161ms
[2026-04-03T02:51:19.402+0600][16.305s][info][gc,phases   ] GC(30) Y: Pause Relocate Start 0.016ms
[2026-04-03T02:51:19.403+0600][16.306s][info][gc,phases   ] GC(30) Y: Concurrent Relocate 0.937ms
[2026-04-03T02:51:19.403+0600][16.306s][info][gc,alloc    ] GC(30) Y:                         Mark Start        Mark End      Relocate Start    Relocate End   
[2026-04-03T02:51:19.403+0600][16.306s][info][gc,alloc    ] GC(30) Y: Allocation Stalls:          2                3                3                3         
[2026-04-03T02:51:19.403+0600][16.306s][info][gc,load     ] GC(30) Y: Load: 5.79 (48%) / 5.64 (47%) / 5.61 (47%)
[2026-04-03T02:51:19.403+0600][16.306s][info][gc,mmu      ] GC(30) Y: MMU: 2ms/95.4%, 5ms/97.7%, 10ms/98.6%, 20ms/99.1%, 50ms/99.5%, 100ms/99.7%
[2026-04-03T02:51:19.403+0600][16.306s][info][gc,marking  ] GC(30) Y: Mark: 2 stripe(s), 4 proactive flush(es), 1 terminate flush(es), 0 completion(s), 0 continuation(s) 
[2026-04-03T02:51:19.403+0600][16.306s][info][gc,marking  ] GC(30) Y: Mark Stack Usage: 32M
[2026-04-03T02:51:19.403+0600][16.306s][info][gc,nmethod  ] GC(30) Y: NMethods: 3021 registered, 131 unregistered
[2026-04-03T02:51:19.403+0600][16.306s][info][gc,metaspace] GC(30) Y: Metaspace: 47M used, 48M committed, 1088M reserved
[2026-04-03T02:51:19.403+0600][16.306s][info][gc,reloc    ] GC(30) Y:                        Candidates     Selected     In-Place         Size        Empty    Relocated 
[2026-04-03T02:51:19.403+0600][16.306s][info][gc,reloc    ] GC(30) Y: Small Pages:                    1            0            0           2M           0M           0M 
[2026-04-03T02:51:19.403+0600][16.306s][info][gc,reloc    ] GC(30) Y: Medium Pages:                   0            0            0           0M           0M           0M 
[2026-04-03T02:51:19.403+0600][16.306s][info][gc,reloc    ] GC(30) Y: Large Pages:                    0            0            0           0M           0M           0M 
[2026-04-03T02:51:19.403+0600][16.306s][info][gc,reloc    ] GC(30) Y: Forwarding Usage: 0M
[2026-04-03T02:51:19.403+0600][16.306s][info][gc,reloc    ] GC(30) Y: Age Table:
[2026-04-03T02:51:19.403+0600][16.306s][info][gc,reloc    ] GC(30) Y:                    Live             Garbage             Small              Medium             Large        
[2026-04-03T02:51:19.403+0600][16.306s][info][gc,reloc    ] GC(30) Y: Eden               0M (0%)            1M (0%)           1 / 0              0 / 0              0 / 0        
[2026-04-03T02:51:19.403+0600][16.306s][info][gc,heap     ] GC(30) Y: Min Capacity: 8M(2%)
[2026-04-03T02:51:19.403+0600][16.306s][info][gc,heap     ] GC(30) Y: Max Capacity: 500M(100%)
[2026-04-03T02:51:19.403+0600][16.306s][info][gc,heap     ] GC(30) Y: Soft Max Capacity: 500M(100%)
[2026-04-03T02:51:19.403+0600][16.306s][info][gc,heap     ] GC(30) Y: Heap Statistics:
[2026-04-03T02:51:19.403+0600][16.306s][info][gc,heap     ] GC(30) Y:                Mark Start          Mark End        Relocate Start      Relocate End           High               Low         
[2026-04-03T02:51:19.403+0600][16.306s][info][gc,heap     ] GC(30) Y:  Capacity:      500M (100%)        500M (100%)        500M (100%)        500M (100%)        500M (100%)        500M (100%)   
[2026-04-03T02:51:19.403+0600][16.306s][info][gc,heap     ] GC(30) Y:      Free:        0M (0%)            0M (0%)            0M (0%)            0M (0%)            0M (0%)            0M (0%)     
[2026-04-03T02:51:19.403+0600][16.306s][info][gc,heap     ] GC(30) Y:      Used:      500M (100%)        500M (100%)        500M (100%)        500M (100%)        500M (100%)        500M (100%)   
[2026-04-03T02:51:19.403+0600][16.306s][info][gc,heap     ] GC(30) Y: Young Generation Statistics:
[2026-04-03T02:51:19.403+0600][16.306s][info][gc,heap     ] GC(30) Y:                Mark Start          Mark End        Relocate Start      Relocate End    
[2026-04-03T02:51:19.403+0600][16.306s][info][gc,heap     ] GC(30) Y:      Used:        2M (0%)            2M (0%)            0M (0%)            0M (0%)     
[2026-04-03T02:51:19.403+0600][16.306s][info][gc,heap     ] GC(30) Y:      Live:         -                 0M (0%)            0M (0%)            0M (0%)     
[2026-04-03T02:51:19.403+0600][16.306s][info][gc,heap     ] GC(30) Y:   Garbage:         -                 1M (0%)            0M (0%)            0M (0%)     
[2026-04-03T02:51:19.403+0600][16.306s][info][gc,heap     ] GC(30) Y: Allocated:         -                 0M (0%)            0M (0%)            0M (0%)     
[2026-04-03T02:51:19.403+0600][16.306s][info][gc,heap     ] GC(30) Y: Reclaimed:         -                  -                 1M (0%)            1M (0%)     
[2026-04-03T02:51:19.403+0600][16.306s][info][gc,heap     ] GC(30) Y:  Promoted:         -                  -                 0M (0%)            0M (0%)     
[2026-04-03T02:51:19.403+0600][16.306s][info][gc,heap     ] GC(30) Y: Compacted:         -                  -                  -                 0M (0%)     
[2026-04-03T02:51:19.403+0600][16.306s][info][gc,phases   ] GC(30) Y: Young Generation (Promote All) 500M(100%)->500M(100%) 0.010s
[2026-04-03T02:51:19.403+0600][16.306s][info][gc,phases   ] GC(30) Y: Young Generation (Collect Roots)
[2026-04-03T02:51:19.403+0600][16.306s][info][gc,phases   ] GC(30) Y: Pause Mark Start (Major) 0.015ms
[2026-04-03T02:51:19.409+0600][16.312s][info][gc,phases   ] GC(30) Y: Concurrent Mark 5.314ms
[2026-04-03T02:51:19.409+0600][16.312s][info][gc,phases   ] GC(30) Y: Pause Mark End 0.014ms
[2026-04-03T02:51:19.409+0600][16.312s][info][gc,phases   ] GC(30) Y: Concurrent Mark Free 0.132ms
[2026-04-03T02:51:19.409+0600][16.312s][info][gc,phases   ] GC(30) Y: Concurrent Reset Relocation Set 0.004ms
[2026-04-03T02:51:19.411+0600][16.314s][info][gc,reloc    ] GC(30) Y: Using tenuring threshold: 0 (Computed)
[2026-04-03T02:51:19.411+0600][16.314s][info][gc,phases   ] GC(30) Y: Concurrent Select Relocation Set 1.625ms
[2026-04-03T02:51:19.411+0600][16.314s][info][gc,phases   ] GC(30) Y: Pause Relocate Start 0.008ms
[2026-04-03T02:51:19.411+0600][16.314s][info][gc,phases   ] GC(30) Y: Concurrent Relocate 0.079ms
[2026-04-03T02:51:19.411+0600][16.314s][info][gc,alloc    ] GC(30) Y:                         Mark Start        Mark End      Relocate Start    Relocate End   
[2026-04-03T02:51:19.411+0600][16.314s][info][gc,alloc    ] GC(30) Y: Allocation Stalls:          3                3                3                3         
[2026-04-03T02:51:19.411+0600][16.314s][info][gc,load     ] GC(30) Y: Load: 5.79 (48%) / 5.64 (47%) / 5.61 (47%)
[2026-04-03T02:51:19.411+0600][16.314s][info][gc,mmu      ] GC(30) Y: MMU: 2ms/95.4%, 5ms/97.7%, 10ms/98.6%, 20ms/99.1%, 50ms/99.5%, 100ms/99.7%
[2026-04-03T02:51:19.411+0600][16.314s][info][gc,marking  ] GC(30) Y: Mark: 2 stripe(s), 1 proactive flush(es), 1 terminate flush(es), 0 completion(s), 0 continuation(s) 
[2026-04-03T02:51:19.411+0600][16.314s][info][gc,marking  ] GC(30) Y: Mark Stack Usage: 0M
[2026-04-03T02:51:19.411+0600][16.314s][info][gc,nmethod  ] GC(30) Y: NMethods: 3021 registered, 131 unregistered
[2026-04-03T02:51:19.411+0600][16.314s][info][gc,metaspace] GC(30) Y: Metaspace: 47M used, 48M committed, 1088M reserved
[2026-04-03T02:51:19.411+0600][16.314s][info][gc,heap     ] GC(30) Y: Min Capacity: 8M(2%)
[2026-04-03T02:51:19.411+0600][16.314s][info][gc,heap     ] GC(30) Y: Max Capacity: 500M(100%)
[2026-04-03T02:51:19.411+0600][16.314s][info][gc,heap     ] GC(30) Y: Soft Max Capacity: 500M(100%)
[2026-04-03T02:51:19.411+0600][16.314s][info][gc,heap     ] GC(30) Y: Heap Statistics:
[2026-04-03T02:51:19.411+0600][16.314s][info][gc,heap     ] GC(30) Y:                Mark Start          Mark End        Relocate Start      Relocate End           High               Low         
[2026-04-03T02:51:19.411+0600][16.314s][info][gc,heap     ] GC(30) Y:  Capacity:      500M (100%)        500M (100%)        500M (100%)        500M (100%)        500M (100%)        500M (100%)   
[2026-04-03T02:51:19.411+0600][16.314s][info][gc,heap     ] GC(30) Y:      Free:        0M (0%)            0M (0%)            0M (0%)            0M (0%)            0M (0%)            0M (0%)     
[2026-04-03T02:51:19.411+0600][16.314s][info][gc,heap     ] GC(30) Y:      Used:      500M (100%)        500M (100%)        500M (100%)        500M (100%)        500M (100%)        500M (100%)   
[2026-04-03T02:51:19.411+0600][16.314s][info][gc,heap     ] GC(30) Y: Young Generation Statistics:
[2026-04-03T02:51:19.411+0600][16.314s][info][gc,heap     ] GC(30) Y:                Mark Start          Mark End        Relocate Start      Relocate End    
[2026-04-03T02:51:19.411+0600][16.314s][info][gc,heap     ] GC(30) Y:      Used:        0M (0%)            0M (0%)            0M (0%)            0M (0%)     
[2026-04-03T02:51:19.411+0600][16.314s][info][gc,heap     ] GC(30) Y:      Live:         -                 0M (0%)            0M (0%)            0M (0%)     
[2026-04-03T02:51:19.411+0600][16.314s][info][gc,heap     ] GC(30) Y:   Garbage:         -                 0M (0%)            0M (0%)            0M (0%)     
[2026-04-03T02:51:19.411+0600][16.314s][info][gc,heap     ] GC(30) Y: Allocated:         -                 0M (0%)            0M (0%)            0M (0%)     
[2026-04-03T02:51:19.411+0600][16.314s][info][gc,heap     ] GC(30) Y: Reclaimed:         -                  -                 0M (0%)            0M (0%)     
[2026-04-03T02:51:19.411+0600][16.314s][info][gc,heap     ] GC(30) Y:  Promoted:         -                  -                 0M (0%)            0M (0%)     
[2026-04-03T02:51:19.411+0600][16.314s][info][gc,heap     ] GC(30) Y: Compacted:         -                  -                  -                 0M (0%)     
[2026-04-03T02:51:19.411+0600][16.314s][info][gc,phases   ] GC(30) Y: Young Generation (Collect Roots) 500M(100%)->500M(100%) 0.008s
[2026-04-03T02:51:19.411+0600][16.314s][info][gc,phases   ] GC(30) O: Old Generation
[2026-04-03T02:51:19.411+0600][16.314s][info][gc          ] GC(31) Minor Collection (Allocation Stall)
[2026-04-03T02:51:19.411+0600][16.314s][info][gc,task     ] GC(31) Using 3 Workers for Young Generation
[2026-04-03T02:51:19.411+0600][16.314s][info][gc,phases   ] GC(31) y: Young Generation
[2026-04-03T02:51:19.412+0600][16.315s][info][gc,phases   ] GC(31) y: Pause Mark Start 0.014ms
[2026-04-03T02:51:19.415+0600][16.319s][info][gc,phases   ] GC(31) y: Concurrent Mark 3.578ms
[2026-04-03T02:51:19.416+0600][16.319s][info][gc,phases   ] GC(31) y: Pause Mark End 0.017ms
[2026-04-03T02:51:19.416+0600][16.319s][info][gc,phases   ] GC(31) y: Concurrent Mark Free 0.001ms
[2026-04-03T02:51:19.416+0600][16.319s][info][gc,phases   ] GC(31) y: Concurrent Reset Relocation Set 0.000ms
[2026-04-03T02:51:19.420+0600][16.323s][info][gc,reloc    ] GC(31) y: Using tenuring threshold: 0 (Computed)
[2026-04-03T02:51:19.420+0600][16.323s][info][gc,phases   ] GC(31) y: Concurrent Select Relocation Set 4.209ms
[2026-04-03T02:51:19.420+0600][16.323s][info][gc,phases   ] GC(31) y: Pause Relocate Start 0.014ms
[2026-04-03T02:51:19.420+0600][16.323s][info][gc,phases   ] GC(31) y: Concurrent Relocate 0.103ms
[2026-04-03T02:51:19.420+0600][16.323s][info][gc,alloc    ] GC(31) y:                         Mark Start        Mark End      Relocate Start    Relocate End   
[2026-04-03T02:51:19.420+0600][16.323s][info][gc,alloc    ] GC(31) y: Allocation Stalls:          3                3                3                3         
[2026-04-03T02:51:19.420+0600][16.323s][info][gc,load     ] GC(31) y: Load: 5.79 (48%) / 5.64 (47%) / 5.61 (47%)
[2026-04-03T02:51:19.420+0600][16.323s][info][gc,mmu      ] GC(31) y: MMU: 2ms/95.4%, 5ms/97.7%, 10ms/98.6%, 20ms/99.1%, 50ms/99.5%, 100ms/99.7%
[2026-04-03T02:51:19.420+0600][16.323s][info][gc,marking  ] GC(31) y: Mark: 2 stripe(s), 1 proactive flush(es), 1 terminate flush(es), 0 completion(s), 0 continuation(s) 
[2026-04-03T02:51:19.420+0600][16.323s][info][gc,marking  ] GC(31) y: Mark Stack Usage: 0M
[2026-04-03T02:51:19.420+0600][16.323s][info][gc,nmethod  ] GC(31) y: NMethods: 3021 registered, 131 unregistered
[2026-04-03T02:51:19.420+0600][16.323s][info][gc,metaspace] GC(31) y: Metaspace: 47M used, 48M committed, 1088M reserved
[2026-04-03T02:51:19.420+0600][16.323s][info][gc,heap     ] GC(31) y: Min Capacity: 8M(2%)
[2026-04-03T02:51:19.420+0600][16.323s][info][gc,heap     ] GC(31) y: Max Capacity: 500M(100%)
[2026-04-03T02:51:19.420+0600][16.323s][info][gc,heap     ] GC(31) y: Soft Max Capacity: 500M(100%)
[2026-04-03T02:51:19.420+0600][16.323s][info][gc,heap     ] GC(31) y: Heap Statistics:
[2026-04-03T02:51:19.420+0600][16.323s][info][gc,heap     ] GC(31) y:                Mark Start          Mark End        Relocate Start      Relocate End           High               Low         
[2026-04-03T02:51:19.420+0600][16.323s][info][gc,heap     ] GC(31) y:  Capacity:      500M (100%)        500M (100%)        500M (100%)        500M (100%)        500M (100%)        500M (100%)   
[2026-04-03T02:51:19.420+0600][16.323s][info][gc,heap     ] GC(31) y:      Free:        0M (0%)            0M (0%)            0M (0%)            0M (0%)            0M (0%)            0M (0%)     
[2026-04-03T02:51:19.420+0600][16.323s][info][gc,heap     ] GC(31) y:      Used:      500M (100%)        500M (100%)        500M (100%)        500M (100%)        500M (100%)        500M (100%)   
[2026-04-03T02:51:19.420+0600][16.323s][info][gc,heap     ] GC(31) y: Young Generation Statistics:
[2026-04-03T02:51:19.420+0600][16.323s][info][gc,heap     ] GC(31) y:                Mark Start          Mark End        Relocate Start      Relocate End    
[2026-04-03T02:51:19.420+0600][16.323s][info][gc,heap     ] GC(31) y:      Used:        0M (0%)            0M (0%)            0M (0%)            0M (0%)     
[2026-04-03T02:51:19.420+0600][16.323s][info][gc,heap     ] GC(31) y:      Live:         -                 0M (0%)            0M (0%)            0M (0%)     
[2026-04-03T02:51:19.420+0600][16.323s][info][gc,heap     ] GC(31) y:   Garbage:         -                 0M (0%)            0M (0%)            0M (0%)     
[2026-04-03T02:51:19.420+0600][16.323s][info][gc,heap     ] GC(31) y: Allocated:         -                 0M (0%)            0M (0%)            0M (0%)     
[2026-04-03T02:51:19.420+0600][16.323s][info][gc,heap     ] GC(31) y: Reclaimed:         -                  -                 0M (0%)            0M (0%)     
[2026-04-03T02:51:19.420+0600][16.324s][info][gc,heap     ] GC(31) y:  Promoted:         -                  -                 0M (0%)            0M (0%)     
[2026-04-03T02:51:19.420+0600][16.324s][info][gc,heap     ] GC(31) y: Compacted:         -                  -                  -                 0M (0%)     
[2026-04-03T02:51:19.420+0600][16.324s][info][gc,phases   ] GC(31) y: Young Generation 500M(100%)->500M(100%) 0.009s
[2026-04-03T02:51:19.420+0600][16.324s][info][gc          ] GC(31) Minor Collection (Allocation Stall) 500M(100%)->500M(100%) 0.009s
[2026-04-03T02:51:20.089+0600][16.992s][info][gc,phases   ] GC(30) O: Concurrent Mark 677.812ms
[2026-04-03T02:51:20.089+0600][16.992s][info][gc,phases   ] GC(30) O: Pause Mark End 0.024ms
[2026-04-03T02:51:20.089+0600][16.993s][info][gc,phases   ] GC(30) O: Concurrent Mark Free 0.002ms
[2026-04-03T02:51:20.089+0600][16.993s][info][gc,ref      ] GC(30) O: Clearing All SoftReferences
[2026-04-03T02:51:20.092+0600][16.996s][info][gc,phases   ] GC(30) O: Concurrent Process Non-Strong 2.997ms
[2026-04-03T02:51:20.092+0600][16.996s][info][gc,phases   ] GC(30) O: Concurrent Reset Relocation Set 0.001ms
[2026-04-03T02:51:20.094+0600][16.997s][info][gc,phases   ] GC(30) O: Concurrent Select Relocation Set 1.851ms
[2026-04-03T02:51:20.094+0600][16.997s][info][gc,task     ] GC(30) O: Using 3 Workers for Old Generation
[2026-04-03T02:51:20.109+0600][17.012s][info][gc,task     ] GC(30) O: Using 3 Workers for Old Generation
[2026-04-03T02:51:20.109+0600][17.012s][info][gc,phases   ] GC(30) O: Concurrent Remap Roots 14.631ms
[2026-04-03T02:51:20.109+0600][17.012s][info][gc,phases   ] GC(30) O: Pause Relocate Start 0.022ms
[2026-04-03T02:51:20.113+0600][17.016s][info][gc          ] Allocation Stall (Spark Context Cleaner) 1363.355ms
[2026-04-03T02:51:20.114+0600][17.017s][info][gc,phases   ] GC(30) O: Concurrent Relocate 4.777ms
[2026-04-03T02:51:20.114+0600][17.017s][info][gc,alloc    ] GC(30) O:                         Mark Start        Mark End      Relocate Start    Relocate End   
[2026-04-03T02:51:20.114+0600][17.017s][info][gc,alloc    ] GC(30) O: Allocation Stalls:          3                3                3                2         
[2026-04-03T02:51:20.114+0600][17.017s][info][gc,load     ] GC(30) O: Load: 5.56 (46%) / 5.59 (47%) / 5.60 (47%)
[2026-04-03T02:51:20.114+0600][17.017s][info][gc,mmu      ] GC(30) O: MMU: 2ms/95.4%, 5ms/97.7%, 10ms/98.6%, 20ms/99.1%, 50ms/99.5%, 100ms/99.7%
[2026-04-03T02:51:20.114+0600][17.017s][info][gc,marking  ] GC(30) O: Mark: 2 stripe(s), 10 proactive flush(es), 1 terminate flush(es), 0 completion(s), 0 continuation(s) 
[2026-04-03T02:51:20.114+0600][17.017s][info][gc,marking  ] GC(30) O: Mark Stack Usage: 32M
[2026-04-03T02:51:20.114+0600][17.017s][info][gc,nmethod  ] GC(30) O: NMethods: 3021 registered, 131 unregistered
[2026-04-03T02:51:20.114+0600][17.017s][info][gc,metaspace] GC(30) O: Metaspace: 47M used, 48M committed, 1088M reserved
[2026-04-03T02:51:20.114+0600][17.017s][info][gc,ref      ] GC(30) O:                       Encountered   Discovered     Enqueued 
[2026-04-03T02:51:20.114+0600][17.017s][info][gc,ref      ] GC(30) O: Soft References:             2423          785            0 
[2026-04-03T02:51:20.114+0600][17.017s][info][gc,ref      ] GC(30) O: Weak References:             2641         1981            0 
[2026-04-03T02:51:20.114+0600][17.017s][info][gc,ref      ] GC(30) O: Final References:              74           40            0 
[2026-04-03T02:51:20.114+0600][17.017s][info][gc,ref      ] GC(30) O: Phantom References:           585          461            0 
[2026-04-03T02:51:20.114+0600][17.017s][info][gc,reloc    ] GC(30) O:                        Candidates     Selected     In-Place         Size        Empty    Relocated 
[2026-04-03T02:51:20.114+0600][17.017s][info][gc,reloc    ] GC(30) O: Small Pages:                  243            2            4         486M           0M           2M 
[2026-04-03T02:51:20.114+0600][17.017s][info][gc,reloc    ] GC(30) O: Medium Pages:                   1            0            0           8M           0M           0M 
[2026-04-03T02:51:20.114+0600][17.017s][info][gc,reloc    ] GC(30) O: Large Pages:                    2            0            0           6M           0M           0M 
[2026-04-03T02:51:20.114+0600][17.017s][info][gc,reloc    ] GC(30) O: Forwarding Usage: 2M
[2026-04-03T02:51:20.114+0600][17.017s][info][gc,heap     ] GC(30) O: Min Capacity: 8M(2%)
[2026-04-03T02:51:20.114+0600][17.017s][info][gc,heap     ] GC(30) O: Max Capacity: 500M(100%)
[2026-04-03T02:51:20.114+0600][17.017s][info][gc,heap     ] GC(30) O: Soft Max Capacity: 500M(100%)
[2026-04-03T02:51:20.114+0600][17.017s][info][gc,heap     ] GC(30) O: Heap Statistics:
[2026-04-03T02:51:20.114+0600][17.017s][info][gc,heap     ] GC(30) O:                Mark Start          Mark End        Relocate Start      Relocate End           High               Low         
[2026-04-03T02:51:20.114+0600][17.018s][info][gc,heap     ] GC(30) O:  Capacity:      500M (100%)        500M (100%)        500M (100%)        500M (100%)        500M (100%)        500M (100%)   
[2026-04-03T02:51:20.114+0600][17.018s][info][gc,heap     ] GC(30) O:      Free:        0M (0%)            0M (0%)            0M (0%)            0M (0%)            2M (0%)            0M (0%)     
[2026-04-03T02:51:20.114+0600][17.018s][info][gc,heap     ] GC(30) O:      Used:      500M (100%)        500M (100%)        500M (100%)        500M (100%)        500M (100%)        498M (100%)   
[2026-04-03T02:51:20.114+0600][17.018s][info][gc,heap     ] GC(30) O: Old Generation Statistics:
[2026-04-03T02:51:20.114+0600][17.018s][info][gc,heap     ] GC(30) O:                Mark Start          Mark End        Relocate Start      Relocate End    
[2026-04-03T02:51:20.114+0600][17.018s][info][gc,heap     ] GC(30) O:      Used:      500M (100%)        500M (100%)        500M (100%)        498M (100%)   
[2026-04-03T02:51:20.114+0600][17.018s][info][gc,heap     ] GC(30) O:      Live:         -               480M (96%)         480M (96%)         480M (96%)    
[2026-04-03T02:51:20.114+0600][17.018s][info][gc,heap     ] GC(30) O:   Garbage:         -                19M (4%)           19M (4%)           14M (3%)     
[2026-04-03T02:51:20.114+0600][17.018s][info][gc,heap     ] GC(30) O: Allocated:         -                 0M (0%)            0M (0%)            2M (1%)     
[2026-04-03T02:51:20.114+0600][17.018s][info][gc,heap     ] GC(30) O: Reclaimed:         -                  -                 0M (0%)            4M (1%)     
[2026-04-03T02:51:20.114+0600][17.018s][info][gc,heap     ] GC(30) O: Compacted:         -                  -                  -                 5M (1%)     
[2026-04-03T02:51:20.114+0600][17.018s][info][gc,phases   ] GC(30) O: Old Generation 500M(100%)->500M(100%) 0.703s
[2026-04-03T02:51:20.114+0600][17.018s][info][gc          ] GC(30) Major Collection (Allocation Stall) 500M(100%)->500M(100%) 0.721s
[2026-04-03T02:51:20.115+0600][17.018s][info][gc          ] Allocation Stall (RemoteBlock-temp-file-clean-thread) 1191.307ms
[2026-04-03T02:51:20.115+0600][17.018s][info][gc          ] Allocation Stall (main) 720.918ms
[2026-04-03T02:51:20.115+0600][17.018s][info][gc          ] GC(32) Minor Collection (Allocation Stall)
[2026-04-03T02:51:20.115+0600][17.018s][info][gc,task     ] GC(32) Using 3 Workers for Young Generation
[2026-04-03T02:51:20.115+0600][17.018s][info][gc,phases   ] GC(32) y: Young Generation
[2026-04-03T02:51:20.115+0600][17.018s][info][gc,phases   ] GC(32) y: Pause Mark Start 0.017ms
[2026-04-03T02:51:20.121+0600][17.024s][info][gc,phases   ] GC(32) y: Concurrent Mark 5.587ms
[2026-04-03T02:51:20.121+0600][17.024s][info][gc,phases   ] GC(32) y: Pause Mark End 0.018ms
[2026-04-03T02:51:20.121+0600][17.024s][info][gc,phases   ] GC(32) y: Concurrent Mark Free 0.001ms
[2026-04-03T02:51:20.121+0600][17.024s][info][gc,phases   ] GC(32) y: Concurrent Reset Relocation Set 0.002ms
[2026-04-03T02:51:20.125+0600][17.028s][info][gc,reloc    ] GC(32) y: Using tenuring threshold: 1 (Computed)
[2026-04-03T02:51:20.125+0600][17.028s][info][gc,phases   ] GC(32) y: Concurrent Select Relocation Set 4.116ms
[2026-04-03T02:51:20.125+0600][17.028s][info][gc,phases   ] GC(32) y: Pause Relocate Start 0.010ms
[2026-04-03T02:51:20.125+0600][17.028s][info][gc,phases   ] GC(32) y: Concurrent Relocate 0.168ms
[2026-04-03T02:51:20.125+0600][17.028s][info][gc,alloc    ] GC(32) y:                         Mark Start        Mark End      Relocate Start    Relocate End   
[2026-04-03T02:51:20.125+0600][17.028s][info][gc,alloc    ] GC(32) y: Allocation Stalls:          2                2                2                2         
[2026-04-03T02:51:20.125+0600][17.028s][info][gc,load     ] GC(32) y: Load: 5.56 (46%) / 5.59 (47%) / 5.60 (47%)
[2026-04-03T02:51:20.125+0600][17.028s][info][gc,mmu      ] GC(32) y: MMU: 2ms/95.4%, 5ms/97.7%, 10ms/98.6%, 20ms/99.1%, 50ms/99.5%, 100ms/99.7%
[2026-04-03T02:51:20.125+0600][17.028s][info][gc,marking  ] GC(32) y: Mark: 2 stripe(s), 1 proactive flush(es), 1 terminate flush(es), 0 completion(s), 0 continuation(s) 
[2026-04-03T02:51:20.125+0600][17.028s][info][gc,marking  ] GC(32) y: Mark Stack Usage: 32M
[2026-04-03T02:51:20.125+0600][17.029s][info][gc,nmethod  ] GC(32) y: NMethods: 3021 registered, 131 unregistered
[2026-04-03T02:51:20.125+0600][17.029s][info][gc,metaspace] GC(32) y: Metaspace: 47M used, 48M committed, 1088M reserved
[2026-04-03T02:51:20.125+0600][17.029s][info][gc,reloc    ] GC(32) y:                        Candidates     Selected     In-Place         Size        Empty    Relocated 
[2026-04-03T02:51:20.125+0600][17.029s][info][gc,reloc    ] GC(32) y: Small Pages:                    1            0            0           2M           0M           0M 
[2026-04-03T02:51:20.125+0600][17.029s][info][gc,reloc    ] GC(32) y: Medium Pages:                   0            0            0           0M           0M           0M 
[2026-04-03T02:51:20.125+0600][17.029s][info][gc,reloc    ] GC(32) y: Large Pages:                    0            0            0           0M           0M           0M 
[2026-04-03T02:51:20.125+0600][17.029s][info][gc,reloc    ] GC(32) y: Forwarding Usage: 0M
[2026-04-03T02:51:20.125+0600][17.029s][info][gc,reloc    ] GC(32) y: Age Table:
[2026-04-03T02:51:20.125+0600][17.029s][info][gc,reloc    ] GC(32) y:                    Live             Garbage             Small              Medium             Large        
[2026-04-03T02:51:20.125+0600][17.029s][info][gc,reloc    ] GC(32) y: Eden               0M (0%)            1M (0%)           1 / 0              0 / 0              0 / 0        
[2026-04-03T02:51:20.125+0600][17.029s][info][gc,heap     ] GC(32) y: Min Capacity: 8M(2%)
[2026-04-03T02:51:20.126+0600][17.029s][info][gc,heap     ] GC(32) y: Max Capacity: 500M(100%)
[2026-04-03T02:51:20.126+0600][17.029s][info][gc,heap     ] GC(32) y: Soft Max Capacity: 500M(100%)
[2026-04-03T02:51:20.126+0600][17.029s][info][gc,heap     ] GC(32) y: Heap Statistics:
[2026-04-03T02:51:20.126+0600][17.029s][info][gc,heap     ] GC(32) y:                Mark Start          Mark End        Relocate Start      Relocate End           High               Low         
[2026-04-03T02:51:20.126+0600][17.029s][info][gc,heap     ] GC(32) y:  Capacity:      500M (100%)        500M (100%)        500M (100%)        500M (100%)        500M (100%)        500M (100%)   
[2026-04-03T02:51:20.126+0600][17.029s][info][gc,heap     ] GC(32) y:      Free:        0M (0%)            0M (0%)            0M (0%)            0M (0%)            0M (0%)            0M (0%)     
[2026-04-03T02:51:20.126+0600][17.029s][info][gc,heap     ] GC(32) y:      Used:      500M (100%)        500M (100%)        500M (100%)        500M (100%)        500M (100%)        500M (100%)   
[2026-04-03T02:51:20.126+0600][17.029s][info][gc,heap     ] GC(32) y: Young Generation Statistics:
[2026-04-03T02:51:20.126+0600][17.029s][info][gc,heap     ] GC(32) y:                Mark Start          Mark End        Relocate Start      Relocate End    
[2026-04-03T02:51:20.126+0600][17.029s][info][gc,heap     ] GC(32) y:      Used:        2M (0%)            2M (0%)            2M (0%)            2M (0%)     
[2026-04-03T02:51:20.126+0600][17.029s][info][gc,heap     ] GC(32) y:      Live:         -                 0M (0%)            0M (0%)            0M (0%)     
[2026-04-03T02:51:20.126+0600][17.029s][info][gc,heap     ] GC(32) y:   Garbage:         -                 1M (0%)            1M (0%)            1M (0%)     
[2026-04-03T02:51:20.126+0600][17.029s][info][gc,heap     ] GC(32) y: Allocated:         -                 0M (0%)            0M (0%)            0M (0%)     
[2026-04-03T02:51:20.126+0600][17.029s][info][gc,heap     ] GC(32) y: Reclaimed:         -                  -                 0M (0%)            0M (0%)     
[2026-04-03T02:51:20.126+0600][17.029s][info][gc,heap     ] GC(32) y:  Promoted:         -                  -                 0M (0%)            0M (0%)     
[2026-04-03T02:51:20.126+0600][17.029s][info][gc,heap     ] GC(32) y: Compacted:         -                  -                  -                 0M (0%)     
[2026-04-03T02:51:20.126+0600][17.029s][info][gc,phases   ] GC(32) y: Young Generation 500M(100%)->500M(100%) 0.011s
[2026-04-03T02:51:20.126+0600][17.029s][info][gc          ] GC(32) Minor Collection (Allocation Stall) 500M(100%)->500M(100%) 0.011s
[2026-04-03T02:51:20.126+0600][17.029s][info][gc          ] GC(33) Major Collection (Allocation Stall)
[2026-04-03T02:51:20.126+0600][17.029s][info][gc,task     ] GC(33) Using 3 Workers for Young Generation
[2026-04-03T02:51:20.126+0600][17.029s][info][gc,task     ] GC(33) Using 3 Workers for Old Generation
[2026-04-03T02:51:20.126+0600][17.029s][info][gc,phases   ] GC(33) Y: Young Generation (Promote All)
[2026-04-03T02:51:20.126+0600][17.029s][info][gc,phases   ] GC(33) Y: Pause Mark Start 0.014ms
[2026-04-03T02:51:20.131+0600][17.034s][info][gc,phases   ] GC(33) Y: Concurrent Mark 4.638ms
[2026-04-03T02:51:20.131+0600][17.034s][info][gc,phases   ] GC(33) Y: Pause Mark End 0.019ms
[2026-04-03T02:51:20.131+0600][17.034s][info][gc,phases   ] GC(33) Y: Concurrent Mark Free 0.002ms
[2026-04-03T02:51:20.131+0600][17.034s][info][gc,phases   ] GC(33) Y: Concurrent Reset Relocation Set 0.000ms
[2026-04-03T02:51:20.132+0600][17.035s][info][gc,reloc    ] GC(33) Y: Using tenuring threshold: 0 (Promote All)
[2026-04-03T02:51:20.133+0600][17.036s][info][gc,phases   ] GC(33) Y: Concurrent Select Relocation Set 1.950ms
[2026-04-03T02:51:20.133+0600][17.036s][info][gc,phases   ] GC(33) Y: Pause Relocate Start 0.017ms
[2026-04-03T02:51:20.133+0600][17.036s][info][gc,phases   ] GC(33) Y: Concurrent Relocate 0.100ms
[2026-04-03T02:51:20.133+0600][17.036s][info][gc,alloc    ] GC(33) Y:                         Mark Start        Mark End      Relocate Start    Relocate End   
[2026-04-03T02:51:20.133+0600][17.036s][info][gc,alloc    ] GC(33) Y: Allocation Stalls:          2                2                2                2         
[2026-04-03T02:51:20.133+0600][17.036s][info][gc,load     ] GC(33) Y: Load: 5.56 (46%) / 5.59 (47%) / 5.60 (47%)
[2026-04-03T02:51:20.133+0600][17.036s][info][gc,mmu      ] GC(33) Y: MMU: 2ms/95.4%, 5ms/97.7%, 10ms/98.6%, 20ms/99.1%, 50ms/99.5%, 100ms/99.7%
[2026-04-03T02:51:20.133+0600][17.036s][info][gc,marking  ] GC(33) Y: Mark: 2 stripe(s), 1 proactive flush(es), 1 terminate flush(es), 0 completion(s), 0 continuation(s) 
[2026-04-03T02:51:20.133+0600][17.036s][info][gc,marking  ] GC(33) Y: Mark Stack Usage: 32M
[2026-04-03T02:51:20.133+0600][17.036s][info][gc,nmethod  ] GC(33) Y: NMethods: 3021 registered, 131 unregistered
[2026-04-03T02:51:20.133+0600][17.037s][info][gc,metaspace] GC(33) Y: Metaspace: 47M used, 48M committed, 1088M reserved
[2026-04-03T02:51:20.133+0600][17.037s][info][gc,reloc    ] GC(33) Y:                        Candidates     Selected     In-Place         Size        Empty    Relocated 
[2026-04-03T02:51:20.133+0600][17.037s][info][gc,reloc    ] GC(33) Y: Small Pages:                    1            0            0           2M           0M           0M 
[2026-04-03T02:51:20.133+0600][17.037s][info][gc,reloc    ] GC(33) Y: Medium Pages:                   0            0            0           0M           0M           0M 
[2026-04-03T02:51:20.133+0600][17.037s][info][gc,reloc    ] GC(33) Y: Large Pages:                    0            0            0           0M           0M           0M 
[2026-04-03T02:51:20.133+0600][17.037s][info][gc,reloc    ] GC(33) Y: Forwarding Usage: 0M
[2026-04-03T02:51:20.133+0600][17.037s][info][gc,reloc    ] GC(33) Y: Age Table:
[2026-04-03T02:51:20.133+0600][17.037s][info][gc,reloc    ] GC(33) Y:                    Live             Garbage             Small              Medium             Large        
[2026-04-03T02:51:20.133+0600][17.037s][info][gc,reloc    ] GC(33) Y: Eden                -                 0M (0%)           0 / 0              0 / 0              0 / 0        
[2026-04-03T02:51:20.133+0600][17.037s][info][gc,reloc    ] GC(33) Y: Survivor 1         0M (0%)            1M (0%)           1 / 0              0 / 0              0 / 0        
[2026-04-03T02:51:20.133+0600][17.037s][info][gc,heap     ] GC(33) Y: Min Capacity: 8M(2%)
[2026-04-03T02:51:20.133+0600][17.037s][info][gc,heap     ] GC(33) Y: Max Capacity: 500M(100%)
[2026-04-03T02:51:20.133+0600][17.037s][info][gc,heap     ] GC(33) Y: Soft Max Capacity: 500M(100%)
[2026-04-03T02:51:20.133+0600][17.037s][info][gc,heap     ] GC(33) Y: Heap Statistics:
[2026-04-03T02:51:20.133+0600][17.037s][info][gc,heap     ] GC(33) Y:                Mark Start          Mark End        Relocate Start      Relocate End           High               Low         
[2026-04-03T02:51:20.133+0600][17.037s][info][gc,heap     ] GC(33) Y:  Capacity:      500M (100%)        500M (100%)        500M (100%)        500M (100%)        500M (100%)        500M (100%)   
[2026-04-03T02:51:20.134+0600][17.037s][info][gc,heap     ] GC(33) Y:      Free:        0M (0%)            0M (0%)            0M (0%)            0M (0%)            0M (0%)            0M (0%)     
[2026-04-03T02:51:20.134+0600][17.037s][info][gc,heap     ] GC(33) Y:      Used:      500M (100%)        500M (100%)        500M (100%)        500M (100%)        500M (100%)        500M (100%)   
[2026-04-03T02:51:20.134+0600][17.037s][info][gc,heap     ] GC(33) Y: Young Generation Statistics:
[2026-04-03T02:51:20.134+0600][17.037s][info][gc,heap     ] GC(33) Y:                Mark Start          Mark End        Relocate Start      Relocate End    
[2026-04-03T02:51:20.134+0600][17.037s][info][gc,heap     ] GC(33) Y:      Used:        2M (0%)            2M (0%)            0M (0%)            0M (0%)     
[2026-04-03T02:51:20.134+0600][17.037s][info][gc,heap     ] GC(33) Y:      Live:         -                 0M (0%)            0M (0%)            0M (0%)     
[2026-04-03T02:51:20.134+0600][17.037s][info][gc,heap     ] GC(33) Y:   Garbage:         -                 1M (0%)            0M (0%)            0M (0%)     
[2026-04-03T02:51:20.134+0600][17.037s][info][gc,heap     ] GC(33) Y: Allocated:         -                 0M (0%)            0M (0%)            0M (0%)     
[2026-04-03T02:51:20.134+0600][17.037s][info][gc,heap     ] GC(33) Y: Reclaimed:         -                  -                 1M (0%)            1M (0%)     
[2026-04-03T02:51:20.134+0600][17.037s][info][gc,heap     ] GC(33) Y:  Promoted:         -                  -                 0M (0%)            0M (0%)     
[2026-04-03T02:51:20.134+0600][17.037s][info][gc,heap     ] GC(33) Y: Compacted:         -                  -                  -                 0M (0%)     
[2026-04-03T02:51:20.134+0600][17.037s][info][gc,phases   ] GC(33) Y: Young Generation (Promote All) 500M(100%)->500M(100%) 0.007s
[2026-04-03T02:51:20.134+0600][17.037s][info][gc,phases   ] GC(33) Y: Young Generation (Collect Roots)
[2026-04-03T02:51:20.134+0600][17.037s][info][gc,phases   ] GC(33) Y: Pause Mark Start (Major) 0.015ms
[2026-04-03T02:51:20.139+0600][17.042s][info][gc,phases   ] GC(33) Y: Concurrent Mark 4.771ms
[2026-04-03T02:51:20.139+0600][17.042s][info][gc,phases   ] GC(33) Y: Pause Mark End 0.029ms
[2026-04-03T02:51:20.139+0600][17.042s][info][gc,phases   ] GC(33) Y: Concurrent Mark Free 0.119ms
[2026-04-03T02:51:20.139+0600][17.042s][info][gc,phases   ] GC(33) Y: Concurrent Reset Relocation Set 0.004ms
[2026-04-03T02:51:20.140+0600][17.043s][info][gc,reloc    ] GC(33) Y: Using tenuring threshold: 0 (Computed)
[2026-04-03T02:51:20.141+0600][17.044s][info][gc,phases   ] GC(33) Y: Concurrent Select Relocation Set 1.658ms
[2026-04-03T02:51:20.141+0600][17.044s][info][gc,phases   ] GC(33) Y: Pause Relocate Start 0.028ms
[2026-04-03T02:51:20.141+0600][17.044s][info][gc,phases   ] GC(33) Y: Concurrent Relocate 0.124ms
[2026-04-03T02:51:20.141+0600][17.044s][info][gc,alloc    ] GC(33) Y:                         Mark Start        Mark End      Relocate Start    Relocate End   
[2026-04-03T02:51:20.141+0600][17.044s][info][gc,alloc    ] GC(33) Y: Allocation Stalls:          2                2                2                2         
[2026-04-03T02:51:20.141+0600][17.044s][info][gc,load     ] GC(33) Y: Load: 5.56 (46%) / 5.59 (47%) / 5.60 (47%)
[2026-04-03T02:51:20.141+0600][17.044s][info][gc,mmu      ] GC(33) Y: MMU: 2ms/95.4%, 5ms/97.7%, 10ms/98.6%, 20ms/99.1%, 50ms/99.5%, 100ms/99.7%
[2026-04-03T02:51:20.141+0600][17.044s][info][gc,marking  ] GC(33) Y: Mark: 2 stripe(s), 1 proactive flush(es), 1 terminate flush(es), 0 completion(s), 0 continuation(s) 
[2026-04-03T02:51:20.141+0600][17.044s][info][gc,marking  ] GC(33) Y: Mark Stack Usage: 0M
[2026-04-03T02:51:20.141+0600][17.044s][info][gc,nmethod  ] GC(33) Y: NMethods: 3021 registered, 131 unregistered
[2026-04-03T02:51:20.141+0600][17.044s][info][gc,metaspace] GC(33) Y: Metaspace: 47M used, 48M committed, 1088M reserved
[2026-04-03T02:51:20.141+0600][17.044s][info][gc,heap     ] GC(33) Y: Min Capacity: 8M(2%)
[2026-04-03T02:51:20.141+0600][17.044s][info][gc,heap     ] GC(33) Y: Max Capacity: 500M(100%)
[2026-04-03T02:51:20.141+0600][17.044s][info][gc,heap     ] GC(33) Y: Soft Max Capacity: 500M(100%)
[2026-04-03T02:51:20.141+0600][17.044s][info][gc,heap     ] GC(33) Y: Heap Statistics:
[2026-04-03T02:51:20.141+0600][17.044s][info][gc,heap     ] GC(33) Y:                Mark Start          Mark End        Relocate Start      Relocate End           High               Low         
[2026-04-03T02:51:20.141+0600][17.044s][info][gc,heap     ] GC(33) Y:  Capacity:      500M (100%)        500M (100%)        500M (100%)        500M (100%)        500M (100%)        500M (100%)   
[2026-04-03T02:51:20.141+0600][17.044s][info][gc,heap     ] GC(33) Y:      Free:        0M (0%)            0M (0%)            0M (0%)            0M (0%)            0M (0%)            0M (0%)     
[2026-04-03T02:51:20.141+0600][17.044s][info][gc,heap     ] GC(33) Y:      Used:      500M (100%)        500M (100%)        500M (100%)        500M (100%)        500M (100%)        500M (100%)   
[2026-04-03T02:51:20.141+0600][17.044s][info][gc,heap     ] GC(33) Y: Young Generation Statistics:
[2026-04-03T02:51:20.141+0600][17.044s][info][gc,heap     ] GC(33) Y:                Mark Start          Mark End        Relocate Start      Relocate End    
[2026-04-03T02:51:20.141+0600][17.044s][info][gc,heap     ] GC(33) Y:      Used:        0M (0%)            0M (0%)            0M (0%)            0M (0%)     
[2026-04-03T02:51:20.141+0600][17.044s][info][gc,heap     ] GC(33) Y:      Live:         -                 0M (0%)            0M (0%)            0M (0%)     
[2026-04-03T02:51:20.141+0600][17.044s][info][gc,heap     ] GC(33) Y:   Garbage:         -                 0M (0%)            0M (0%)            0M (0%)     
[2026-04-03T02:51:20.141+0600][17.044s][info][gc,heap     ] GC(33) Y: Allocated:         -                 0M (0%)            0M (0%)            0M (0%)     
[2026-04-03T02:51:20.141+0600][17.044s][info][gc,heap     ] GC(33) Y: Reclaimed:         -                  -                 0M (0%)            0M (0%)     
[2026-04-03T02:51:20.141+0600][17.044s][info][gc,heap     ] GC(33) Y:  Promoted:         -                  -                 0M (0%)            0M (0%)     
[2026-04-03T02:51:20.141+0600][17.044s][info][gc,heap     ] GC(33) Y: Compacted:         -                  -                  -                 0M (0%)     
[2026-04-03T02:51:20.141+0600][17.044s][info][gc,phases   ] GC(33) Y: Young Generation (Collect Roots) 500M(100%)->500M(100%) 0.007s
[2026-04-03T02:51:20.141+0600][17.044s][info][gc,phases   ] GC(33) O: Old Generation
[2026-04-03T02:51:20.214+0600][17.117s][info][gc          ] GC(34) Minor Collection (Allocation Stall)
[2026-04-03T02:51:20.214+0600][17.117s][info][gc,task     ] GC(34) Using 3 Workers for Young Generation
[2026-04-03T02:51:20.214+0600][17.117s][info][gc,phases   ] GC(34) y: Young Generation
[2026-04-03T02:51:20.214+0600][17.117s][info][gc,phases   ] GC(34) y: Pause Mark Start 0.019ms
[2026-04-03T02:51:20.220+0600][17.123s][info][gc,phases   ] GC(34) y: Concurrent Mark 5.545ms
[2026-04-03T02:51:20.220+0600][17.123s][info][gc,phases   ] GC(34) y: Pause Mark End 0.022ms
[2026-04-03T02:51:20.220+0600][17.123s][info][gc,phases   ] GC(34) y: Concurrent Mark Free 0.001ms
[2026-04-03T02:51:20.220+0600][17.123s][info][gc,phases   ] GC(34) y: Concurrent Reset Relocation Set 0.001ms
[2026-04-03T02:51:20.224+0600][17.127s][info][gc,reloc    ] GC(34) y: Using tenuring threshold: 0 (Computed)
[2026-04-03T02:51:20.224+0600][17.128s][info][gc,phases   ] GC(34) y: Concurrent Select Relocation Set 4.479ms
[2026-04-03T02:51:20.225+0600][17.128s][info][gc,phases   ] GC(34) y: Pause Relocate Start 0.016ms
[2026-04-03T02:51:20.225+0600][17.128s][info][gc,phases   ] GC(34) y: Concurrent Relocate 0.075ms
[2026-04-03T02:51:20.225+0600][17.128s][info][gc,alloc    ] GC(34) y:                         Mark Start        Mark End      Relocate Start    Relocate End   
[2026-04-03T02:51:20.225+0600][17.128s][info][gc,alloc    ] GC(34) y: Allocation Stalls:          3                3                3                3         
[2026-04-03T02:51:20.225+0600][17.128s][info][gc,load     ] GC(34) y: Load: 5.56 (46%) / 5.59 (47%) / 5.60 (47%)
[2026-04-03T02:51:20.225+0600][17.128s][info][gc,mmu      ] GC(34) y: MMU: 2ms/95.4%, 5ms/97.7%, 10ms/98.6%, 20ms/99.1%, 50ms/99.5%, 100ms/99.7%
[2026-04-03T02:51:20.225+0600][17.128s][info][gc,marking  ] GC(34) y: Mark: 2 stripe(s), 1 proactive flush(es), 1 terminate flush(es), 0 completion(s), 0 continuation(s) 
[2026-04-03T02:51:20.225+0600][17.128s][info][gc,marking  ] GC(34) y: Mark Stack Usage: 0M
[2026-04-03T02:51:20.225+0600][17.128s][info][gc,nmethod  ] GC(34) y: NMethods: 3021 registered, 131 unregistered
[2026-04-03T02:51:20.225+0600][17.128s][info][gc,metaspace] GC(34) y: Metaspace: 47M used, 48M committed, 1088M reserved
[2026-04-03T02:51:20.225+0600][17.128s][info][gc,heap     ] GC(34) y: Min Capacity: 8M(2%)
[2026-04-03T02:51:20.225+0600][17.128s][info][gc,heap     ] GC(34) y: Max Capacity: 500M(100%)
[2026-04-03T02:51:20.225+0600][17.128s][info][gc,heap     ] GC(34) y: Soft Max Capacity: 500M(100%)
[2026-04-03T02:51:20.225+0600][17.128s][info][gc,heap     ] GC(34) y: Heap Statistics:
[2026-04-03T02:51:20.225+0600][17.128s][info][gc,heap     ] GC(34) y:                Mark Start          Mark End        Relocate Start      Relocate End           High               Low         
[2026-04-03T02:51:20.225+0600][17.128s][info][gc,heap     ] GC(34) y:  Capacity:      500M (100%)        500M (100%)        500M (100%)        500M (100%)        500M (100%)        500M (100%)   
[2026-04-03T02:51:20.225+0600][17.128s][info][gc,heap     ] GC(34) y:      Free:        0M (0%)            0M (0%)            0M (0%)            0M (0%)            0M (0%)            0M (0%)     
[2026-04-03T02:51:20.225+0600][17.128s][info][gc,heap     ] GC(34) y:      Used:      500M (100%)        500M (100%)        500M (100%)        500M (100%)        500M (100%)        500M (100%)   
[2026-04-03T02:51:20.225+0600][17.128s][info][gc,heap     ] GC(34) y: Young Generation Statistics:
[2026-04-03T02:51:20.225+0600][17.128s][info][gc,heap     ] GC(34) y:                Mark Start          Mark End        Relocate Start      Relocate End    
[2026-04-03T02:51:20.225+0600][17.128s][info][gc,heap     ] GC(34) y:      Used:        0M (0%)            0M (0%)            0M (0%)            0M (0%)     
[2026-04-03T02:51:20.225+0600][17.128s][info][gc,heap     ] GC(34) y:      Live:         -                 0M (0%)            0M (0%)            0M (0%)     
[2026-04-03T02:51:20.225+0600][17.128s][info][gc,heap     ] GC(34) y:   Garbage:         -                 0M (0%)            0M (0%)            0M (0%)     
[2026-04-03T02:51:20.225+0600][17.128s][info][gc,heap     ] GC(34) y: Allocated:         -                 0M (0%)            0M (0%)            0M (0%)     
[2026-04-03T02:51:20.225+0600][17.128s][info][gc,heap     ] GC(34) y: Reclaimed:         -                  -                 0M (0%)            0M (0%)     
[2026-04-03T02:51:20.225+0600][17.128s][info][gc,heap     ] GC(34) y:  Promoted:         -                  -                 0M (0%)            0M (0%)     
[2026-04-03T02:51:20.225+0600][17.128s][info][gc,heap     ] GC(34) y: Compacted:         -                  -                  -                 0M (0%)     
[2026-04-03T02:51:20.225+0600][17.128s][info][gc,phases   ] GC(34) y: Young Generation 500M(100%)->500M(100%) 0.011s
[2026-04-03T02:51:20.225+0600][17.128s][info][gc          ] GC(34) Minor Collection (Allocation Stall) 500M(100%)->500M(100%) 0.011s
[2026-04-03T02:51:20.825+0600][17.728s][info][gc,phases   ] GC(33) O: Concurrent Mark 683.442ms
[2026-04-03T02:51:20.825+0600][17.728s][info][gc,phases   ] GC(33) O: Pause Mark End 0.024ms
[2026-04-03T02:51:20.825+0600][17.728s][info][gc,phases   ] GC(33) O: Concurrent Mark Free 0.002ms
[2026-04-03T02:51:20.825+0600][17.728s][info][gc,ref      ] GC(33) O: Clearing All SoftReferences
[2026-04-03T02:51:20.828+0600][17.731s][info][gc,phases   ] GC(33) O: Concurrent Process Non-Strong 2.953ms
[2026-04-03T02:51:20.828+0600][17.731s][info][gc,phases   ] GC(33) O: Concurrent Reset Relocation Set 0.002ms
[2026-04-03T02:51:20.829+0600][17.732s][info][gc,phases   ] GC(33) O: Concurrent Select Relocation Set 1.425ms
[2026-04-03T02:51:20.829+0600][17.732s][info][gc,task     ] GC(33) O: Using 3 Workers for Old Generation
[2026-04-03T02:51:20.844+0600][17.747s][info][gc,task     ] GC(33) O: Using 3 Workers for Old Generation
[2026-04-03T02:51:20.844+0600][17.747s][info][gc,phases   ] GC(33) O: Concurrent Remap Roots 14.406ms
[2026-04-03T02:51:20.844+0600][17.747s][info][gc,phases   ] GC(33) O: Pause Relocate Start 0.023ms
[2026-04-03T02:51:20.845+0600][17.748s][info][gc          ] Allocation Stall (RemoteBlock-temp-file-clean-thread) 730.078ms
[2026-04-03T02:51:20.846+0600][17.749s][info][gc,phases   ] GC(33) O: Concurrent Relocate 1.910ms
[2026-04-03T02:51:20.846+0600][17.749s][info][gc,alloc    ] GC(33) O:                         Mark Start        Mark End      Relocate Start    Relocate End   
[2026-04-03T02:51:20.846+0600][17.749s][info][gc,alloc    ] GC(33) O: Allocation Stalls:          2                3                3                2         
[2026-04-03T02:51:20.846+0600][17.749s][info][gc,load     ] GC(33) O: Load: 5.56 (46%) / 5.59 (47%) / 5.60 (47%)
[2026-04-03T02:51:20.846+0600][17.749s][info][gc,mmu      ] GC(33) O: MMU: 2ms/95.4%, 5ms/97.7%, 10ms/98.6%, 20ms/99.1%, 50ms/99.5%, 100ms/99.7%
[2026-04-03T02:51:20.846+0600][17.749s][info][gc,marking  ] GC(33) O: Mark: 2 stripe(s), 10 proactive flush(es), 1 terminate flush(es), 0 completion(s), 0 continuation(s) 
[2026-04-03T02:51:20.846+0600][17.749s][info][gc,marking  ] GC(33) O: Mark Stack Usage: 32M
[2026-04-03T02:51:20.846+0600][17.749s][info][gc,nmethod  ] GC(33) O: NMethods: 3021 registered, 131 unregistered
[2026-04-03T02:51:20.846+0600][17.749s][info][gc,metaspace] GC(33) O: Metaspace: 47M used, 48M committed, 1088M reserved
[2026-04-03T02:51:20.846+0600][17.749s][info][gc,ref      ] GC(33) O:                       Encountered   Discovered     Enqueued 
[2026-04-03T02:51:20.846+0600][17.749s][info][gc,ref      ] GC(33) O: Soft References:             2423          184            0 
[2026-04-03T02:51:20.846+0600][17.749s][info][gc,ref      ] GC(33) O: Weak References:             2641         1928            0 
[2026-04-03T02:51:20.846+0600][17.749s][info][gc,ref      ] GC(33) O: Final References:              74            0            0 
[2026-04-03T02:51:20.846+0600][17.749s][info][gc,ref      ] GC(33) O: Phantom References:           585          253            0 
[2026-04-03T02:51:20.846+0600][17.749s][info][gc,reloc    ] GC(33) O:                        Candidates     Selected     In-Place         Size        Empty    Relocated 
[2026-04-03T02:51:20.846+0600][17.749s][info][gc,reloc    ] GC(33) O: Small Pages:                  243            2            2         486M           0M           1M 
[2026-04-03T02:51:20.846+0600][17.749s][info][gc,reloc    ] GC(33) O: Medium Pages:                   1            0            0           8M           0M           0M 
[2026-04-03T02:51:20.846+0600][17.749s][info][gc,reloc    ] GC(33) O: Large Pages:                    2            0            0           6M           0M           0M 
[2026-04-03T02:51:20.846+0600][17.749s][info][gc,reloc    ] GC(33) O: Forwarding Usage: 0M
[2026-04-03T02:51:20.846+0600][17.749s][info][gc,heap     ] GC(33) O: Min Capacity: 8M(2%)
[2026-04-03T02:51:20.846+0600][17.749s][info][gc,heap     ] GC(33) O: Max Capacity: 500M(100%)
[2026-04-03T02:51:20.846+0600][17.749s][info][gc,heap     ] GC(33) O: Soft Max Capacity: 500M(100%)
[2026-04-03T02:51:20.846+0600][17.749s][info][gc,heap     ] GC(33) O: Heap Statistics:
[2026-04-03T02:51:20.846+0600][17.749s][info][gc,heap     ] GC(33) O:                Mark Start          Mark End        Relocate Start      Relocate End           High               Low         
[2026-04-03T02:51:20.846+0600][17.749s][info][gc,heap     ] GC(33) O:  Capacity:      500M (100%)        500M (100%)        500M (100%)        500M (100%)        500M (100%)        500M (100%)   
[2026-04-03T02:51:20.846+0600][17.749s][info][gc,heap     ] GC(33) O:      Free:        0M (0%)            0M (0%)            0M (0%)            0M (0%)            2M (0%)            0M (0%)     
[2026-04-03T02:51:20.846+0600][17.749s][info][gc,heap     ] GC(33) O:      Used:      500M (100%)        500M (100%)        500M (100%)        500M (100%)        500M (100%)        498M (100%)   
[2026-04-03T02:51:20.846+0600][17.749s][info][gc,heap     ] GC(33) O: Old Generation Statistics:
[2026-04-03T02:51:20.846+0600][17.749s][info][gc,heap     ] GC(33) O:                Mark Start          Mark End        Relocate Start      Relocate End    
[2026-04-03T02:51:20.846+0600][17.749s][info][gc,heap     ] GC(33) O:      Used:      500M (100%)        500M (100%)        500M (100%)        498M (100%)   
[2026-04-03T02:51:20.846+0600][17.749s][info][gc,heap     ] GC(33) O:      Live:         -               480M (96%)         480M (96%)         480M (96%)    
[2026-04-03T02:51:20.846+0600][17.749s][info][gc,heap     ] GC(33) O:   Garbage:         -                19M (4%)           19M (4%)           14M (3%)     
[2026-04-03T02:51:20.846+0600][17.749s][info][gc,heap     ] GC(33) O: Allocated:         -                 0M (0%)            0M (0%)            2M (1%)     
[2026-04-03T02:51:20.846+0600][17.749s][info][gc,heap     ] GC(33) O: Reclaimed:         -                  -                 0M (0%)            4M (1%)     
[2026-04-03T02:51:20.846+0600][17.749s][info][gc,heap     ] GC(33) O: Compacted:         -                  -                  -                 1M (0%)     
[2026-04-03T02:51:20.846+0600][17.749s][info][gc,phases   ] GC(33) O: Old Generation 500M(100%)->500M(100%) 0.705s
[2026-04-03T02:51:20.846+0600][17.749s][info][gc          ] GC(33) Major Collection (Allocation Stall) 500M(100%)->500M(100%) 0.721s
[2026-04-03T02:51:20.846+0600][17.749s][info][gc          ] GC(35) Major Collection (Allocation Stall)
[2026-04-03T02:51:20.846+0600][17.749s][info][gc,task     ] GC(35) Using 3 Workers for Young Generation
[2026-04-03T02:51:20.846+0600][17.749s][info][gc,task     ] GC(35) Using 3 Workers for Old Generation
[2026-04-03T02:51:20.846+0600][17.749s][info][gc,phases   ] GC(35) Y: Young Generation (Promote All)
[2026-04-03T02:51:20.846+0600][17.750s][info][gc          ] Allocation Stall (main) 731.763ms
[2026-04-03T02:51:20.847+0600][17.750s][info][gc          ] Out Of Memory (main)
[2026-04-03T02:51:20.847+0600][17.750s][info][gc,phases   ] GC(35) Y: Pause Mark Start 0.022ms
[2026-04-03T02:51:20.852+0600][17.755s][info][gc,phases   ] GC(35) Y: Concurrent Mark 5.053ms
[2026-04-03T02:51:20.852+0600][17.755s][info][gc,phases   ] GC(35) Y: Pause Mark End 0.030ms
[2026-04-03T02:51:20.852+0600][17.755s][info][gc,phases   ] GC(35) Y: Concurrent Mark Free 0.002ms
[2026-04-03T02:51:20.852+0600][17.755s][info][gc,phases   ] GC(35) Y: Concurrent Reset Relocation Set 0.000ms
[2026-04-03T02:51:20.853+0600][17.757s][info][gc,reloc    ] GC(35) Y: Using tenuring threshold: 0 (Promote All)
[2026-04-03T02:51:20.854+0600][17.757s][info][gc,phases   ] GC(35) Y: Concurrent Select Relocation Set 1.650ms
[2026-04-03T02:51:20.854+0600][17.757s][info][gc,phases   ] GC(35) Y: Pause Relocate Start 0.017ms
[2026-04-03T02:51:20.854+0600][17.757s][info][gc,phases   ] GC(35) Y: Concurrent Relocate 0.192ms
[2026-04-03T02:51:20.854+0600][17.757s][info][gc,alloc    ] GC(35) Y:                         Mark Start        Mark End      Relocate Start    Relocate End   
[2026-04-03T02:51:20.854+0600][17.757s][info][gc,alloc    ] GC(35) Y: Allocation Stalls:          1                2                2                2         
[2026-04-03T02:51:20.854+0600][17.757s][info][gc,load     ] GC(35) Y: Load: 5.56 (46%) / 5.59 (47%) / 5.60 (47%)
[2026-04-03T02:51:20.854+0600][17.757s][info][gc,mmu      ] GC(35) Y: MMU: 2ms/95.4%, 5ms/97.7%, 10ms/98.6%, 20ms/99.1%, 50ms/99.5%, 100ms/99.7%
[2026-04-03T02:51:20.854+0600][17.757s][info][gc,marking  ] GC(35) Y: Mark: 2 stripe(s), 1 proactive flush(es), 1 terminate flush(es), 0 completion(s), 0 continuation(s) 
[2026-04-03T02:51:20.854+0600][17.757s][info][gc,marking  ] GC(35) Y: Mark Stack Usage: 32M
[2026-04-03T02:51:20.854+0600][17.757s][info][gc,nmethod  ] GC(35) Y: NMethods: 3021 registered, 131 unregistered
[2026-04-03T02:51:20.854+0600][17.757s][info][gc,metaspace] GC(35) Y: Metaspace: 47M used, 48M committed, 1088M reserved
[2026-04-03T02:51:20.854+0600][17.757s][info][gc,reloc    ] GC(35) Y:                        Candidates     Selected     In-Place         Size        Empty    Relocated 
[2026-04-03T02:51:20.854+0600][17.757s][info][gc,reloc    ] GC(35) Y: Small Pages:                    1            0            0           2M           0M           0M 
[2026-04-03T02:51:20.854+0600][17.757s][info][gc,reloc    ] GC(35) Y: Medium Pages:                   0            0            0           0M           0M           0M 
[2026-04-03T02:51:20.854+0600][17.757s][info][gc,reloc    ] GC(35) Y: Large Pages:                    0            0            0           0M           0M           0M 
[2026-04-03T02:51:20.854+0600][17.757s][info][gc,reloc    ] GC(35) Y: Forwarding Usage: 0M
[2026-04-03T02:51:20.854+0600][17.757s][info][gc,reloc    ] GC(35) Y: Age Table:
[2026-04-03T02:51:20.854+0600][17.757s][info][gc,reloc    ] GC(35) Y:                    Live             Garbage             Small              Medium             Large        
[2026-04-03T02:51:20.854+0600][17.757s][info][gc,reloc    ] GC(35) Y: Eden               0M (0%)            1M (0%)           1 / 0              0 / 0              0 / 0        
[2026-04-03T02:51:20.854+0600][17.757s][info][gc,heap     ] GC(35) Y: Min Capacity: 8M(2%)
[2026-04-03T02:51:20.854+0600][17.757s][info][gc,heap     ] GC(35) Y: Max Capacity: 500M(100%)
[2026-04-03T02:51:20.854+0600][17.757s][info][gc,heap     ] GC(35) Y: Soft Max Capacity: 500M(100%)
[2026-04-03T02:51:20.854+0600][17.757s][info][gc,heap     ] GC(35) Y: Heap Statistics:
[2026-04-03T02:51:20.854+0600][17.757s][info][gc,heap     ] GC(35) Y:                Mark Start          Mark End        Relocate Start      Relocate End           High               Low         
[2026-04-03T02:51:20.854+0600][17.757s][info][gc,heap     ] GC(35) Y:  Capacity:      500M (100%)        500M (100%)        500M (100%)        500M (100%)        500M (100%)        500M (100%)   
[2026-04-03T02:51:20.854+0600][17.757s][info][gc,heap     ] GC(35) Y:      Free:        0M (0%)            0M (0%)            0M (0%)            0M (0%)            0M (0%)            0M (0%)     
[2026-04-03T02:51:20.854+0600][17.757s][info][gc,heap     ] GC(35) Y:      Used:      500M (100%)        500M (100%)        500M (100%)        500M (100%)        500M (100%)        500M (100%)   
[2026-04-03T02:51:20.854+0600][17.757s][info][gc,heap     ] GC(35) Y: Young Generation Statistics:
[2026-04-03T02:51:20.854+0600][17.757s][info][gc,heap     ] GC(35) Y:                Mark Start          Mark End        Relocate Start      Relocate End    
[2026-04-03T02:51:20.854+0600][17.757s][info][gc,heap     ] GC(35) Y:      Used:        2M (0%)            2M (0%)            0M (0%)            0M (0%)     
[2026-04-03T02:51:20.854+0600][17.757s][info][gc,heap     ] GC(35) Y:      Live:         -                 0M (0%)            0M (0%)            0M (0%)     
[2026-04-03T02:51:20.854+0600][17.757s][info][gc,heap     ] GC(35) Y:   Garbage:         -                 1M (0%)            0M (0%)            0M (0%)     
[2026-04-03T02:51:20.854+0600][17.757s][info][gc,heap     ] GC(35) Y: Allocated:         -                 0M (0%)            0M (0%)            0M (0%)     
[2026-04-03T02:51:20.854+0600][17.757s][info][gc,heap     ] GC(35) Y: Reclaimed:         -                  -                 1M (0%)            1M (0%)     
[2026-04-03T02:51:20.854+0600][17.757s][info][gc,heap     ] GC(35) Y:  Promoted:         -                  -                 0M (0%)            0M (0%)     
[2026-04-03T02:51:20.854+0600][17.757s][info][gc,heap     ] GC(35) Y: Compacted:         -                  -                  -                 0M (0%)     
[2026-04-03T02:51:20.854+0600][17.757s][info][gc,phases   ] GC(35) Y: Young Generation (Promote All) 500M(100%)->500M(100%) 0.008s
[2026-04-03T02:51:20.854+0600][17.757s][info][gc,phases   ] GC(35) Y: Young Generation (Collect Roots)
[2026-04-03T02:51:20.854+0600][17.758s][info][gc,phases   ] GC(35) Y: Pause Mark Start (Major) 0.015ms
[2026-04-03T02:51:20.859+0600][17.762s][info][gc,phases   ] GC(35) Y: Concurrent Mark 4.749ms
[2026-04-03T02:51:20.859+0600][17.763s][info][gc,phases   ] GC(35) Y: Pause Mark End 0.019ms
[2026-04-03T02:51:20.860+0600][17.763s][info][gc,phases   ] GC(35) Y: Concurrent Mark Free 0.116ms
[2026-04-03T02:51:20.860+0600][17.763s][info][gc,phases   ] GC(35) Y: Concurrent Reset Relocation Set 0.004ms
[2026-04-03T02:51:20.861+0600][17.764s][info][gc,reloc    ] GC(35) Y: Using tenuring threshold: 0 (Computed)
[2026-04-03T02:51:20.861+0600][17.764s][info][gc,phases   ] GC(35) Y: Concurrent Select Relocation Set 1.485ms
[2026-04-03T02:51:20.861+0600][17.765s][info][gc,phases   ] GC(35) Y: Pause Relocate Start 0.020ms
[2026-04-03T02:51:20.862+0600][17.765s][info][gc,phases   ] GC(35) Y: Concurrent Relocate 0.066ms
[2026-04-03T02:51:20.862+0600][17.765s][info][gc,alloc    ] GC(35) Y:                         Mark Start        Mark End      Relocate Start    Relocate End   
[2026-04-03T02:51:20.862+0600][17.765s][info][gc,alloc    ] GC(35) Y: Allocation Stalls:          2                2                2                2         
[2026-04-03T02:51:20.862+0600][17.765s][info][gc,load     ] GC(35) Y: Load: 5.56 (46%) / 5.59 (47%) / 5.60 (47%)
[2026-04-03T02:51:20.862+0600][17.765s][info][gc,mmu      ] GC(35) Y: MMU: 2ms/95.4%, 5ms/97.7%, 10ms/98.6%, 20ms/99.1%, 50ms/99.5%, 100ms/99.7%
[2026-04-03T02:51:20.862+0600][17.765s][info][gc,marking  ] GC(35) Y: Mark: 2 stripe(s), 1 proactive flush(es), 1 terminate flush(es), 0 completion(s), 0 continuation(s) 
[2026-04-03T02:51:20.862+0600][17.765s][info][gc,marking  ] GC(35) Y: Mark Stack Usage: 0M
[2026-04-03T02:51:20.862+0600][17.765s][info][gc,nmethod  ] GC(35) Y: NMethods: 3021 registered, 131 unregistered
[2026-04-03T02:51:20.862+0600][17.765s][info][gc,metaspace] GC(35) Y: Metaspace: 47M used, 48M committed, 1088M reserved
[2026-04-03T02:51:20.862+0600][17.765s][info][gc,heap     ] GC(35) Y: Min Capacity: 8M(2%)
[2026-04-03T02:51:20.862+0600][17.765s][info][gc,heap     ] GC(35) Y: Max Capacity: 500M(100%)
[2026-04-03T02:51:20.862+0600][17.765s][info][gc,heap     ] GC(35) Y: Soft Max Capacity: 500M(100%)
[2026-04-03T02:51:20.862+0600][17.765s][info][gc,heap     ] GC(35) Y: Heap Statistics:
[2026-04-03T02:51:20.862+0600][17.765s][info][gc,heap     ] GC(35) Y:                Mark Start          Mark End        Relocate Start      Relocate End           High               Low         
[2026-04-03T02:51:20.862+0600][17.765s][info][gc,heap     ] GC(35) Y:  Capacity:      500M (100%)        500M (100%)        500M (100%)        500M (100%)        500M (100%)        500M (100%)   
[2026-04-03T02:51:20.862+0600][17.765s][info][gc,heap     ] GC(35) Y:      Free:        0M (0%)            0M (0%)            0M (0%)            0M (0%)            0M (0%)            0M (0%)     
[2026-04-03T02:51:20.862+0600][17.765s][info][gc,heap     ] GC(35) Y:      Used:      500M (100%)        500M (100%)        500M (100%)        500M (100%)        500M (100%)        500M (100%)   
[2026-04-03T02:51:20.862+0600][17.765s][info][gc,heap     ] GC(35) Y: Young Generation Statistics:
[2026-04-03T02:51:20.862+0600][17.765s][info][gc,heap     ] GC(35) Y:                Mark Start          Mark End        Relocate Start      Relocate End    
[2026-04-03T02:51:20.862+0600][17.765s][info][gc,heap     ] GC(35) Y:      Used:        0M (0%)            0M (0%)            0M (0%)            0M (0%)     
[2026-04-03T02:51:20.862+0600][17.765s][info][gc,heap     ] GC(35) Y:      Live:         -                 0M (0%)            0M (0%)            0M (0%)     
[2026-04-03T02:51:20.862+0600][17.765s][info][gc,heap     ] GC(35) Y:   Garbage:         -                 0M (0%)            0M (0%)            0M (0%)     
[2026-04-03T02:51:20.862+0600][17.765s][info][gc,heap     ] GC(35) Y: Allocated:         -                 0M (0%)            0M (0%)            0M (0%)     
[2026-04-03T02:51:20.862+0600][17.765s][info][gc,heap     ] GC(35) Y: Reclaimed:         -                  -                 0M (0%)            0M (0%)     
[2026-04-03T02:51:20.862+0600][17.765s][info][gc,heap     ] GC(35) Y:  Promoted:         -                  -                 0M (0%)            0M (0%)     
[2026-04-03T02:51:20.862+0600][17.765s][info][gc,heap     ] GC(35) Y: Compacted:         -                  -                  -                 0M (0%)     
[2026-04-03T02:51:20.862+0600][17.765s][info][gc,phases   ] GC(35) Y: Young Generation (Collect Roots) 500M(100%)->500M(100%) 0.007s
[2026-04-03T02:51:20.862+0600][17.765s][info][gc,phases   ] GC(35) O: Old Generation
[2026-04-03T02:51:20.862+0600][17.765s][info][gc          ] GC(36) Minor Collection (Allocation Stall)
[2026-04-03T02:51:20.862+0600][17.765s][info][gc,task     ] GC(36) Using 3 Workers for Young Generation
[2026-04-03T02:51:20.862+0600][17.765s][info][gc,phases   ] GC(36) y: Young Generation
[2026-04-03T02:51:20.862+0600][17.765s][info][gc,phases   ] GC(36) y: Pause Mark Start 0.014ms
[2026-04-03T02:51:20.866+0600][17.769s][info][gc,phases   ] GC(36) y: Concurrent Mark 3.309ms
[2026-04-03T02:51:20.866+0600][17.769s][info][gc,phases   ] GC(36) y: Pause Mark End 0.020ms
[2026-04-03T02:51:20.866+0600][17.769s][info][gc,phases   ] GC(36) y: Concurrent Mark Free 0.001ms
[2026-04-03T02:51:20.866+0600][17.769s][info][gc,phases   ] GC(36) y: Concurrent Reset Relocation Set 0.001ms
[2026-04-03T02:51:20.870+0600][17.773s][info][gc,reloc    ] GC(36) y: Using tenuring threshold: 0 (Computed)
[2026-04-03T02:51:20.870+0600][17.774s][info][gc,phases   ] GC(36) y: Concurrent Select Relocation Set 4.388ms
[2026-04-03T02:51:20.870+0600][17.774s][info][gc,phases   ] GC(36) y: Pause Relocate Start 0.012ms
[2026-04-03T02:51:20.871+0600][17.774s][info][gc,phases   ] GC(36) y: Concurrent Relocate 0.163ms
[2026-04-03T02:51:20.871+0600][17.774s][info][gc,alloc    ] GC(36) y:                         Mark Start        Mark End      Relocate Start    Relocate End   
[2026-04-03T02:51:20.871+0600][17.774s][info][gc,alloc    ] GC(36) y: Allocation Stalls:          2                2                2                2         
[2026-04-03T02:51:20.871+0600][17.774s][info][gc,load     ] GC(36) y: Load: 5.56 (46%) / 5.59 (47%) / 5.60 (47%)
[2026-04-03T02:51:20.871+0600][17.774s][info][gc,mmu      ] GC(36) y: MMU: 2ms/95.4%, 5ms/97.7%, 10ms/98.6%, 20ms/99.1%, 50ms/99.5%, 100ms/99.7%
[2026-04-03T02:51:20.871+0600][17.774s][info][gc,marking  ] GC(36) y: Mark: 2 stripe(s), 1 proactive flush(es), 1 terminate flush(es), 0 completion(s), 0 continuation(s) 
[2026-04-03T02:51:20.871+0600][17.774s][info][gc,marking  ] GC(36) y: Mark Stack Usage: 0M
[2026-04-03T02:51:20.871+0600][17.774s][info][gc,nmethod  ] GC(36) y: NMethods: 3021 registered, 131 unregistered
[2026-04-03T02:51:20.871+0600][17.774s][info][gc,metaspace] GC(36) y: Metaspace: 47M used, 48M committed, 1088M reserved
[2026-04-03T02:51:20.871+0600][17.774s][info][gc,heap     ] GC(36) y: Min Capacity: 8M(2%)
[2026-04-03T02:51:20.871+0600][17.774s][info][gc,heap     ] GC(36) y: Max Capacity: 500M(100%)
[2026-04-03T02:51:20.871+0600][17.774s][info][gc,heap     ] GC(36) y: Soft Max Capacity: 500M(100%)
[2026-04-03T02:51:20.871+0600][17.774s][info][gc,heap     ] GC(36) y: Heap Statistics:
[2026-04-03T02:51:20.871+0600][17.774s][info][gc,heap     ] GC(36) y:                Mark Start          Mark End        Relocate Start      Relocate End           High               Low         
[2026-04-03T02:51:20.871+0600][17.774s][info][gc,heap     ] GC(36) y:  Capacity:      500M (100%)        500M (100%)        500M (100%)        500M (100%)        500M (100%)        500M (100%)   
[2026-04-03T02:51:20.871+0600][17.774s][info][gc,heap     ] GC(36) y:      Free:        0M (0%)            0M (0%)            0M (0%)            0M (0%)            0M (0%)            0M (0%)     
[2026-04-03T02:51:20.871+0600][17.774s][info][gc,heap     ] GC(36) y:      Used:      500M (100%)        500M (100%)        500M (100%)        500M (100%)        500M (100%)        500M (100%)   
[2026-04-03T02:51:20.871+0600][17.774s][info][gc,heap     ] GC(36) y: Young Generation Statistics:
[2026-04-03T02:51:20.871+0600][17.774s][info][gc,heap     ] GC(36) y:                Mark Start          Mark End        Relocate Start      Relocate End    
[2026-04-03T02:51:20.871+0600][17.774s][info][gc,heap     ] GC(36) y:      Used:        0M (0%)            0M (0%)            0M (0%)            0M (0%)     
[2026-04-03T02:51:20.871+0600][17.774s][info][gc,heap     ] GC(36) y:      Live:         -                 0M (0%)            0M (0%)            0M (0%)     
[2026-04-03T02:51:20.871+0600][17.774s][info][gc,heap     ] GC(36) y:   Garbage:         -                 0M (0%)            0M (0%)            0M (0%)     
[2026-04-03T02:51:20.871+0600][17.774s][info][gc,heap     ] GC(36) y: Allocated:         -                 0M (0%)            0M (0%)            0M (0%)     
[2026-04-03T02:51:20.871+0600][17.774s][info][gc,heap     ] GC(36) y: Reclaimed:         -                  -                 0M (0%)            0M (0%)     
[2026-04-03T02:51:20.871+0600][17.774s][info][gc,heap     ] GC(36) y:  Promoted:         -                  -                 0M (0%)            0M (0%)     
[2026-04-03T02:51:20.871+0600][17.774s][info][gc,heap     ] GC(36) y: Compacted:         -                  -                  -                 0M (0%)     
[2026-04-03T02:51:20.871+0600][17.774s][info][gc,phases   ] GC(36) y: Young Generation 500M(100%)->500M(100%) 0.009s
[2026-04-03T02:51:20.871+0600][17.774s][info][gc          ] GC(36) Minor Collection (Allocation Stall) 500M(100%)->500M(100%) 0.009s
[2026-04-03T02:51:20.881+0600][17.784s][info][gc,phases   ] GC(35) O: Concurrent Mark 18.896ms
[2026-04-03T02:51:20.881+0600][17.784s][info][gc,phases   ] GC(35) O: Pause Mark End 0.024ms
[2026-04-03T02:51:20.881+0600][17.784s][info][gc,phases   ] GC(35) O: Concurrent Mark Free 0.001ms
[2026-04-03T02:51:20.881+0600][17.784s][info][gc,ref      ] GC(35) O: Clearing All SoftReferences
[2026-04-03T02:51:20.884+0600][17.787s][info][gc,phases   ] GC(35) O: Concurrent Process Non-Strong 2.784ms
[2026-04-03T02:51:20.884+0600][17.787s][info][gc,phases   ] GC(35) O: Concurrent Reset Relocation Set 0.001ms
[2026-04-03T02:51:20.884+0600][17.787s][info][gc          ] Allocation Stall (main) 37.165ms
[2026-04-03T02:51:20.884+0600][17.787s][info][gc          ] Allocation Stall (Spark Context Cleaner) 670.513ms
[2026-04-03T02:51:20.887+0600][17.790s][info][gc,phases   ] GC(35) O: Concurrent Select Relocation Set 3.319ms
[2026-04-03T02:51:20.887+0600][17.790s][info][gc,task     ] GC(35) O: Using 3 Workers for Old Generation
[2026-04-03T02:51:20.903+0600][17.806s][info][gc,task     ] GC(35) O: Using 3 Workers for Old Generation
[2026-04-03T02:51:20.903+0600][17.806s][info][gc,phases   ] GC(35) O: Concurrent Remap Roots 16.141ms
[2026-04-03T02:51:20.903+0600][17.806s][info][gc,phases   ] GC(35) O: Pause Relocate Start 0.017ms
[2026-04-03T02:51:20.909+0600][17.812s][info][gc,phases   ] GC(35) O: Concurrent Relocate 5.836ms
[2026-04-03T02:51:20.909+0600][17.812s][info][gc,alloc    ] GC(35) O:                         Mark Start        Mark End      Relocate Start    Relocate End   
[2026-04-03T02:51:20.909+0600][17.812s][info][gc,alloc    ] GC(35) O: Allocation Stalls:          2                2                0                0         
[2026-04-03T02:51:20.909+0600][17.812s][info][gc,load     ] GC(35) O: Load: 5.56 (46%) / 5.59 (47%) / 5.60 (47%)
[2026-04-03T02:51:20.909+0600][17.812s][info][gc,mmu      ] GC(35) O: MMU: 2ms/95.4%, 5ms/97.7%, 10ms/98.6%, 20ms/99.1%, 50ms/99.5%, 100ms/99.7%
[2026-04-03T02:51:20.909+0600][17.812s][info][gc,marking  ] GC(35) O: Mark: 2 stripe(s), 7 proactive flush(es), 1 terminate flush(es), 0 completion(s), 0 continuation(s) 
[2026-04-03T02:51:20.909+0600][17.812s][info][gc,marking  ] GC(35) O: Mark Stack Usage: 32M
[2026-04-03T02:51:20.909+0600][17.812s][info][gc,nmethod  ] GC(35) O: NMethods: 3035 registered, 131 unregistered
[2026-04-03T02:51:20.909+0600][17.812s][info][gc,metaspace] GC(35) O: Metaspace: 48M used, 48M committed, 1088M reserved
[2026-04-03T02:51:20.909+0600][17.812s][info][gc,ref      ] GC(35) O:                       Encountered   Discovered     Enqueued 
[2026-04-03T02:51:20.909+0600][17.812s][info][gc,ref      ] GC(35) O: Soft References:             2423          172            0 
[2026-04-03T02:51:20.909+0600][17.812s][info][gc,ref      ] GC(35) O: Weak References:             2640         1908            0 
[2026-04-03T02:51:20.909+0600][17.812s][info][gc,ref      ] GC(35) O: Final References:              74            0            0 
[2026-04-03T02:51:20.909+0600][17.812s][info][gc,ref      ] GC(35) O: Phantom References:           583          414            0 
[2026-04-03T02:51:20.909+0600][17.812s][info][gc,reloc    ] GC(35) O:                        Candidates     Selected     In-Place         Size        Empty    Relocated 
[2026-04-03T02:51:20.909+0600][17.813s][info][gc,reloc    ] GC(35) O: Small Pages:                  243           10            0         486M         440M           2M 
[2026-04-03T02:51:20.909+0600][17.813s][info][gc,reloc    ] GC(35) O: Medium Pages:                   1            0            0           8M           0M           0M 
[2026-04-03T02:51:20.909+0600][17.813s][info][gc,reloc    ] GC(35) O: Large Pages:                    2            0            0           6M           0M           0M 
[2026-04-03T02:51:20.909+0600][17.813s][info][gc,reloc    ] GC(35) O: Forwarding Usage: 2M
[2026-04-03T02:51:20.909+0600][17.813s][info][gc,heap     ] GC(35) O: Min Capacity: 8M(2%)
[2026-04-03T02:51:20.909+0600][17.813s][info][gc,heap     ] GC(35) O: Max Capacity: 500M(100%)
[2026-04-03T02:51:20.909+0600][17.813s][info][gc,heap     ] GC(35) O: Soft Max Capacity: 500M(100%)
[2026-04-03T02:51:20.909+0600][17.813s][info][gc,heap     ] GC(35) O: Heap Statistics:
[2026-04-03T02:51:20.909+0600][17.813s][info][gc,heap     ] GC(35) O:                Mark Start          Mark End        Relocate Start      Relocate End           High               Low         
[2026-04-03T02:51:20.909+0600][17.813s][info][gc,heap     ] GC(35) O:  Capacity:      500M (100%)        500M (100%)        500M (100%)        500M (100%)        500M (100%)        500M (100%)   
[2026-04-03T02:51:20.909+0600][17.813s][info][gc,heap     ] GC(35) O:      Free:        0M (0%)            0M (0%)          426M (85%)         434M (87%)         436M (87%)           0M (0%)     
[2026-04-03T02:51:20.909+0600][17.813s][info][gc,heap     ] GC(35) O:      Used:      500M (100%)        500M (100%)         74M (15%)          66M (13%)         500M (100%)         64M (13%)    
[2026-04-03T02:51:20.909+0600][17.813s][info][gc,heap     ] GC(35) O: Old Generation Statistics:
[2026-04-03T02:51:20.909+0600][17.813s][info][gc,heap     ] GC(35) O:                Mark Start          Mark End        Relocate Start      Relocate End    
[2026-04-03T02:51:20.909+0600][17.813s][info][gc,heap     ] GC(35) O:      Used:      500M (100%)        500M (100%)         60M (12%)          52M (10%)    
[2026-04-03T02:51:20.910+0600][17.813s][info][gc,heap     ] GC(35) O:      Live:         -                31M (6%)           31M (6%)           31M (6%)     
[2026-04-03T02:51:20.910+0600][17.813s][info][gc,heap     ] GC(35) O:   Garbage:         -               468M (94%)          28M (6%)            6M (1%)     
[2026-04-03T02:51:20.910+0600][17.813s][info][gc,heap     ] GC(35) O: Allocated:         -                 0M (0%)            0M (0%)           13M (3%)     
[2026-04-03T02:51:20.910+0600][17.813s][info][gc,heap     ] GC(35) O: Reclaimed:         -                  -               440M (88%)         461M (92%)    
[2026-04-03T02:51:20.910+0600][17.813s][info][gc,heap     ] GC(35) O: Compacted:         -                  -                  -                 6M (1%)     
[2026-04-03T02:51:20.910+0600][17.813s][info][gc,phases   ] GC(35) O: Old Generation 500M(100%)->66M(13%) 0.047s
[2026-04-03T02:51:20.910+0600][17.813s][info][gc          ] GC(35) Major Collection (Allocation Stall) 500M(100%)->66M(13%) 0.063s
[2026-04-03T02:51:21.529+0600][18.433s][info][gc,exit     ] Stopping ZGC
[2026-04-03T02:51:21.530+0600][18.433s][info][gc,stats    ] === Garbage Collection Statistics =======================================================================================================================
[2026-04-03T02:51:21.530+0600][18.433s][info][gc,stats    ]                                                              Last 10s              Last 10m              Last 10h                Total
[2026-04-03T02:51:21.530+0600][18.433s][info][gc,stats    ]                                                              Avg / Max             Avg / Max             Avg / Max             Avg / Max
[2026-04-03T02:51:21.530+0600][18.433s][info][gc,stats    ]        Contention: Mark Segment Reset Contention                     1 / 13                7 / 125               7 / 125               7 / 125         ops/s
[2026-04-03T02:51:21.530+0600][18.433s][info][gc,stats    ]        Contention: Mark SeqNum Reset Contention                      0 / 0                 0 / 3                 0 / 3                 0 / 3           ops/s
[2026-04-03T02:51:21.530+0600][18.433s][info][gc,stats    ]          Critical: Allocation Stall                                  2 / 4                 1 / 4                 1 / 4                 1 / 4           ops/s
[2026-04-03T02:51:21.530+0600][18.433s][info][gc,stats    ]          Critical: Allocation Stall                            754.133 / 1373.931    754.133 / 1373.931    754.133 / 1373.931    754.133 / 1373.931    ms
[2026-04-03T02:51:21.530+0600][18.433s][info][gc,stats    ]          Critical: JNI Critical Stall                                0 / 3                 0 / 3                 0 / 3                 0 / 3           ops/s
[2026-04-03T02:51:21.530+0600][18.433s][info][gc,stats    ]          Critical: JNI Critical Stall                            0.364 / 0.569         0.375 / 0.712         0.375 / 0.712         0.375 / 0.712       ms
[2026-04-03T02:51:21.530+0600][18.433s][info][gc,stats    ]          Critical: Relocation Stall                                  0 / 3                 0 / 3                 0 / 3                 0 / 3           ops/s
[2026-04-03T02:51:21.530+0600][18.433s][info][gc,stats    ]          Critical: Relocation Stall                              2.206 / 2.398         2.206 / 2.398         2.206 / 2.398         2.206 / 2.398       ms
[2026-04-03T02:51:21.530+0600][18.433s][info][gc,stats    ]  Major Collection: Major Collection                            713.576 / 1248.969    512.489 / 1248.969    512.489 / 1248.969    512.489 / 1248.969    ms
[2026-04-03T02:51:21.530+0600][18.433s][info][gc,stats    ]            Memory: Allocation Rate                                  63 / 348              78 / 348              78 / 348              78 / 348         MB/s
[2026-04-03T02:51:21.530+0600][18.433s][info][gc,stats    ]            Memory: Defragment                                        0 / 4                 0 / 4                 0 / 4                 0 / 4           ops/s
[2026-04-03T02:51:21.530+0600][18.433s][info][gc,stats    ]            Memory: Out Of Memory                                     0 / 1                 0 / 1                 0 / 1                 0 / 1           ops/s
[2026-04-03T02:51:21.530+0600][18.433s][info][gc,stats    ]            Memory: Page Cache Flush                                  2 / 14                1 / 14                1 / 14                1 / 14          MB/s
[2026-04-03T02:51:21.530+0600][18.433s][info][gc,stats    ]            Memory: Page Cache Hit L1                                22 / 94               27 / 94               27 / 94               27 / 94          ops/s
[2026-04-03T02:51:21.530+0600][18.433s][info][gc,stats    ]            Memory: Page Cache Hit L2                                 0 / 0                 0 / 0                 0 / 0                 0 / 0           ops/s
[2026-04-03T02:51:21.530+0600][18.433s][info][gc,stats    ]            Memory: Page Cache Hit L3                                 1 / 11                7 / 77                7 / 77                7 / 77          ops/s
[2026-04-03T02:51:21.530+0600][18.433s][info][gc,stats    ]            Memory: Page Cache Miss                                   9 / 94                7 / 94                7 / 94                7 / 94          ops/s
[2026-04-03T02:51:21.530+0600][18.433s][info][gc,stats    ]            Memory: Uncommit                                          0 / 0                 0 / 0                 0 / 0                 0 / 0           MB/s
[2026-04-03T02:51:21.530+0600][18.433s][info][gc,stats    ]            Memory: Undo Object Allocation Failed                     0 / 0                 0 / 0                 0 / 0                 0 / 0           ops/s
[2026-04-03T02:51:21.530+0600][18.433s][info][gc,stats    ]            Memory: Undo Object Allocation Succeeded                  0 / 6                 0 / 6                 0 / 6                 0 / 6           ops/s
[2026-04-03T02:51:21.530+0600][18.433s][info][gc,stats    ]            Memory: Undo Page Allocation                              0 / 0                 0 / 0                 0 / 0                 0 / 0           ops/s
[2026-04-03T02:51:21.530+0600][18.433s][info][gc,stats    ]  Minor Collection: Minor Collection                             58.103 / 407.987      58.103 / 407.987      58.103 / 407.987      58.103 / 407.987     ms
[2026-04-03T02:51:21.530+0600][18.433s][info][gc,stats    ]    Old Generation: Old Generation                              638.495 / 729.747     449.997 / 729.747     449.997 / 729.747     449.997 / 729.747     ms
[2026-04-03T02:51:21.530+0600][18.433s][info][gc,stats    ]         Old Pause: Pause Mark End                                0.026 / 0.034         0.024 / 0.034         0.024 / 0.034         0.024 / 0.034       ms
[2026-04-03T02:51:21.530+0600][18.433s][info][gc,stats    ]         Old Pause: Pause Relocate Start                          0.020 / 0.023         0.020 / 0.024         0.020 / 0.024         0.020 / 0.024       ms
[2026-04-03T02:51:21.530+0600][18.433s][info][gc,stats    ]         Old Phase: Concurrent Mark                             558.595 / 704.393     386.284 / 704.393     386.284 / 704.393     386.284 / 704.393     ms
[2026-04-03T02:51:21.530+0600][18.433s][info][gc,stats    ]         Old Phase: Concurrent Mark Continue                      0.000 / 0.000         0.000 / 0.000         0.000 / 0.000         0.000 / 0.000       ms
[2026-04-03T02:51:21.530+0600][18.433s][info][gc,stats    ]         Old Phase: Concurrent Mark Free                          0.002 / 0.003         0.004 / 0.037         0.004 / 0.037         0.004 / 0.037       ms
[2026-04-03T02:51:21.530+0600][18.433s][info][gc,stats    ]         Old Phase: Concurrent Process Non-Strong                 4.003 / 9.026         4.319 / 10.793        4.319 / 10.793        4.319 / 10.793      ms
[2026-04-03T02:51:21.530+0600][18.433s][info][gc,stats    ]         Old Phase: Concurrent Relocate                           3.470 / 5.836         3.316 / 7.636         3.316 / 7.636         3.316 / 7.636       ms
[2026-04-03T02:51:21.530+0600][18.433s][info][gc,stats    ]         Old Phase: Concurrent Remap Roots                       14.988 / 16.733       15.672 / 24.308       15.672 / 24.308       15.672 / 24.308      ms
[2026-04-03T02:51:21.530+0600][18.433s][info][gc,stats    ]         Old Phase: Concurrent Reset Relocation Set               0.002 / 0.004         0.002 / 0.004         0.002 / 0.004         0.002 / 0.004       ms
[2026-04-03T02:51:21.530+0600][18.433s][info][gc,stats    ]         Old Phase: Concurrent Select Relocation Set              2.336 / 4.401         2.220 / 4.401         2.220 / 4.401         2.220 / 4.401       ms
[2026-04-03T02:51:21.530+0600][18.433s][info][gc,stats    ]      Old Subphase: Concurrent Classes Purge                      0.043 / 0.288         0.072 / 0.313         0.072 / 0.313         0.072 / 0.313       ms
[2026-04-03T02:51:21.530+0600][18.433s][info][gc,stats    ]      Old Subphase: Concurrent Classes Unlink                     2.793 / 7.291         2.989 / 7.761         2.989 / 7.761         2.989 / 7.761       ms
[2026-04-03T02:51:21.530+0600][18.433s][info][gc,stats    ]      Old Subphase: Concurrent Mark Follow                      558.146 / 703.999     385.832 / 703.999     385.832 / 703.999     385.832 / 703.999     ms
[2026-04-03T02:51:21.530+0600][18.433s][info][gc,stats    ]      Old Subphase: Concurrent Mark Root Colored                  0.094 / 0.278         0.085 / 0.278         0.085 / 0.278         0.085 / 0.278       ms
[2026-04-03T02:51:21.530+0600][18.433s][info][gc,stats    ]      Old Subphase: Concurrent Mark Root Uncolored                0.212 / 0.566         0.214 / 0.877         0.214 / 0.877         0.214 / 0.877       ms
[2026-04-03T02:51:21.530+0600][18.434s][info][gc,stats    ]      Old Subphase: Concurrent Mark Roots                         0.444 / 0.924         0.447 / 1.198         0.447 / 1.198         0.447 / 1.198       ms
[2026-04-03T02:51:21.530+0600][18.434s][info][gc,stats    ]      Old Subphase: Concurrent References Enqueue                 0.001 / 0.006         0.001 / 0.006         0.001 / 0.006         0.001 / 0.006       ms
[2026-04-03T02:51:21.530+0600][18.434s][info][gc,stats    ]      Old Subphase: Concurrent References Process                 0.369 / 0.558         0.293 / 0.558         0.293 / 0.558         0.293 / 0.558       ms
[2026-04-03T02:51:21.530+0600][18.434s][info][gc,stats    ]      Old Subphase: Concurrent Remap Remembered                  12.009 / 13.264       12.814 / 20.983       12.814 / 20.983       12.814 / 20.983      ms
[2026-04-03T02:51:21.530+0600][18.434s][info][gc,stats    ]      Old Subphase: Concurrent Remap Roots Colored                1.725 / 2.213         1.452 / 2.213         1.452 / 2.213         1.452 / 2.213       ms
[2026-04-03T02:51:21.530+0600][18.434s][info][gc,stats    ]      Old Subphase: Concurrent Remap Roots Uncolored              0.917 / 1.427         0.766 / 1.427         0.766 / 1.427         0.766 / 1.427       ms
[2026-04-03T02:51:21.530+0600][18.434s][info][gc,stats    ]      Old Subphase: Concurrent Roots ClassLoaderDataGraph         0.860 / 1.828         0.771 / 1.828         0.771 / 1.828         0.771 / 1.828       ms
[2026-04-03T02:51:21.530+0600][18.434s][info][gc,stats    ]      Old Subphase: Concurrent Roots CodeCache                    0.785 / 1.164         0.670 / 1.283         0.670 / 1.283         0.670 / 1.283       ms
[2026-04-03T02:51:21.530+0600][18.434s][info][gc,stats    ]      Old Subphase: Concurrent Roots JavaThreads                  0.117 / 0.565         0.105 / 0.876         0.105 / 0.876         0.105 / 0.876       ms
[2026-04-03T02:51:21.530+0600][18.434s][info][gc,stats    ]      Old Subphase: Concurrent Roots OopStorageSet                0.012 / 0.033         0.011 / 0.037         0.011 / 0.037         0.011 / 0.037       ms
[2026-04-03T02:51:21.530+0600][18.434s][info][gc,stats    ]      Old Subphase: Concurrent Weak Roots OopStorageSet           0.294 / 0.539         0.305 / 2.178         0.305 / 2.178         0.305 / 2.178       ms
[2026-04-03T02:51:21.530+0600][18.434s][info][gc,stats    ]            System: Java Threads                                     59 / 61               52 / 61               52 / 61               52 / 61          threads
[2026-04-03T02:51:21.531+0600][18.434s][info][gc,stats    ]  Young Generation: Young Generation                            606.449 / 606.449     129.538 / 606.449     129.538 / 606.449     129.538 / 606.449     ms
[2026-04-03T02:51:21.531+0600][18.434s][info][gc,stats    ]  Young Generation: Young Generation                             57.738 / 407.631      57.738 / 407.631      57.738 / 407.631      57.738 / 407.631     ms
[2026-04-03T02:51:21.531+0600][18.434s][info][gc,stats    ]  Young Generation: Young Generation (Collect Roots)              7.961 / 9.685         7.961 / 9.685         7.961 / 9.685         7.961 / 9.685       ms
[2026-04-03T02:51:21.531+0600][18.434s][info][gc,stats    ]  Young Generation: Young Generation (Promote All)               13.040 / 38.445       13.040 / 38.445       13.040 / 38.445       13.040 / 38.445      ms
[2026-04-03T02:51:21.531+0600][18.434s][info][gc,stats    ]       Young Pause: Pause Mark End                                0.023 / 0.091         0.022 / 0.091         0.022 / 0.091         0.022 / 0.091       ms
[2026-04-03T02:51:21.531+0600][18.434s][info][gc,stats    ]       Young Pause: Pause Mark Start                              0.020 / 0.077         0.020 / 0.077         0.020 / 0.077         0.020 / 0.077       ms
[2026-04-03T02:51:21.531+0600][18.434s][info][gc,stats    ]       Young Pause: Pause Mark Start (Major)                      0.021 / 0.033         0.020 / 0.033         0.020 / 0.033         0.020 / 0.033       ms
[2026-04-03T02:51:21.531+0600][18.434s][info][gc,stats    ]       Young Pause: Pause Relocate Start                          0.015 / 0.028         0.015 / 0.028         0.015 / 0.028         0.015 / 0.028       ms
[2026-04-03T02:51:21.531+0600][18.434s][info][gc,stats    ]       Young Phase: Concurrent Mark                              38.163 / 464.762      35.854 / 464.762      35.854 / 464.762      35.854 / 464.762     ms
[2026-04-03T02:51:21.531+0600][18.434s][info][gc,stats    ]       Young Phase: Concurrent Mark Continue                      0.000 / 0.000         0.000 / 0.000         0.000 / 0.000         0.000 / 0.000       ms
[2026-04-03T02:51:21.531+0600][18.434s][info][gc,stats    ]       Young Phase: Concurrent Mark Free                          0.040 / 0.434         0.036 / 0.434         0.036 / 0.434         0.036 / 0.434       ms
[2026-04-03T02:51:21.531+0600][18.434s][info][gc,stats    ]       Young Phase: Concurrent Relocate                           4.187 / 86.809        4.514 / 86.809        4.514 / 86.809        4.514 / 86.809      ms
[2026-04-03T02:51:21.531+0600][18.434s][info][gc,stats    ]       Young Phase: Concurrent Reset Relocation Set               0.010 / 0.157         0.010 / 0.157         0.010 / 0.157         0.010 / 0.157       ms
[2026-04-03T02:51:21.531+0600][18.434s][info][gc,stats    ]       Young Phase: Concurrent Select Relocation Set              4.933 / 54.158        4.891 / 54.158        4.891 / 54.158        4.891 / 54.158      ms
[2026-04-03T02:51:21.531+0600][18.434s][info][gc,stats    ]    Young Subphase: Concurrent Mark Follow                       34.651 / 460.177      32.329 / 460.177      32.329 / 460.177      32.329 / 460.177     ms
[2026-04-03T02:51:21.531+0600][18.434s][info][gc,stats    ]    Young Subphase: Concurrent Mark Root Colored                  2.299 / 3.805         2.230 / 3.805         2.230 / 3.805         2.230 / 3.805       ms
[2026-04-03T02:51:21.531+0600][18.434s][info][gc,stats    ]    Young Subphase: Concurrent Mark Root Uncolored                1.046 / 1.734         1.030 / 3.698         1.030 / 3.698         1.030 / 3.698       ms
[2026-04-03T02:51:21.531+0600][18.434s][info][gc,stats    ]    Young Subphase: Concurrent Mark Roots                         3.508 / 5.693         3.520 / 7.428         3.520 / 7.428         3.520 / 7.428       ms
[2026-04-03T02:51:21.531+0600][18.434s][info][gc,stats    ]    Young Subphase: Concurrent Relocate Remset FP                 3.734 / 85.007        3.400 / 85.007        3.400 / 85.007        3.400 / 85.007      ms
[2026-04-03T02:51:21.531+0600][18.434s][info][gc,stats    ]    Young Subphase: Concurrent Roots ClassLoaderDataGraph         1.899 / 3.071         1.807 / 3.071         1.807 / 3.071         1.807 / 3.071       ms
[2026-04-03T02:51:21.531+0600][18.434s][info][gc,stats    ]    Young Subphase: Concurrent Roots CodeCache                    0.844 / 1.109         0.811 / 1.592         0.811 / 1.592         0.811 / 1.592       ms
[2026-04-03T02:51:21.531+0600][18.434s][info][gc,stats    ]    Young Subphase: Concurrent Roots JavaThreads                  0.105 / 0.784         0.113 / 2.128         0.113 / 2.128         0.113 / 2.128       ms
[2026-04-03T02:51:21.531+0600][18.434s][info][gc,stats    ]    Young Subphase: Concurrent Roots OopStorageSet                0.016 / 0.087         0.022 / 0.219         0.022 / 0.219         0.022 / 0.219       ms
[2026-04-03T02:51:21.531+0600][18.434s][info][gc,stats    ]    Young Subphase: Concurrent Weak Roots OopStorageSet           0.388 / 0.696         0.407 / 2.515         0.407 / 2.515         0.407 / 2.515       ms
[2026-04-03T02:51:21.531+0600][18.434s][info][gc,stats    ] =========================================================================================================================================================
[2026-04-03T02:51:21.531+0600][18.434s][info][gc,heap,exit] Heap
[2026-04-03T02:51:21.531+0600][18.434s][info][gc,heap,exit]  ZHeap           used 94M, capacity 500M, max capacity 500M
[2026-04-03T02:51:21.531+0600][18.434s][info][gc,heap,exit]  Metaspace       used 49746K, committed 50176K, reserved 1114112K
[2026-04-03T02:51:21.531+0600][18.434s][info][gc,heap,exit]   class space    used 6231K, committed 6400K, reserved 1048576K
