[2026-04-03T03:29:04.885+0600][0.004s][info][gc,init] Initializing The Z Garbage Collector
[2026-04-03T03:29:04.885+0600][0.004s][info][gc,init] Version: 21.0.10+7-Ubuntu-124.04 (release)
[2026-04-03T03:29:04.885+0600][0.004s][info][gc,init] Using legacy single-generation mode
[2026-04-03T03:29:04.885+0600][0.004s][info][gc,init] NUMA Support: Disabled
[2026-04-03T03:29:04.885+0600][0.004s][info][gc,init] CPUs: 12 total, 12 available
[2026-04-03T03:29:04.885+0600][0.004s][info][gc,init] Memory: 15683M
[2026-04-03T03:29:04.885+0600][0.004s][info][gc,init] Large Page Support: Disabled
[2026-04-03T03:29:04.885+0600][0.004s][info][gc,init] GC Workers: 3 (dynamic)
[2026-04-03T03:29:04.886+0600][0.005s][info][gc,init] Address Space Type: Contiguous/Unrestricted/Complete
[2026-04-03T03:29:04.886+0600][0.005s][info][gc,init] Address Space Size: 24000M x 3 = 72000M
[2026-04-03T03:29:04.886+0600][0.005s][info][gc,init] Heap Backing File: /memfd:java_heap
[2026-04-03T03:29:04.886+0600][0.005s][info][gc,init] Heap Backing Filesystem: tmpfs (0x1021994)
[2026-04-03T03:29:04.887+0600][0.005s][info][gc,init] Min Capacity: 8M
[2026-04-03T03:29:04.887+0600][0.005s][info][gc,init] Initial Capacity: 246M
[2026-04-03T03:29:04.887+0600][0.005s][info][gc,init] Max Capacity: 1500M
[2026-04-03T03:29:04.887+0600][0.005s][info][gc,init] Medium Page Size: 32M
[2026-04-03T03:29:04.887+0600][0.005s][info][gc,init] Pre-touch: Disabled
[2026-04-03T03:29:04.887+0600][0.005s][info][gc,init] Available space on backing filesystem: N/A
[2026-04-03T03:29:04.887+0600][0.006s][info][gc,init] Uncommit: Enabled
[2026-04-03T03:29:04.887+0600][0.006s][info][gc,init] Uncommit Delay: 300s
[2026-04-03T03:29:04.965+0600][0.083s][info][gc,init] Runtime Workers: 8
[2026-04-03T03:29:04.966+0600][0.084s][info][gc     ] Using The Z Garbage Collector
[2026-04-03T03:29:04.976+0600][0.094s][info][gc,metaspace] CDS archive(s) mapped at: [0x00007b57e3000000-0x00007b57e3c9c000-0x00007b57e3c9c000), size 13221888, SharedBaseAddress: 0x00007b57e3000000, ArchiveRelocationMode: 1.
[2026-04-03T03:29:04.976+0600][0.094s][info][gc,metaspace] Compressed class space mapped at: 0x00007b57e4000000-0x00007b5824000000, reserved size: 1073741824
[2026-04-03T03:29:04.976+0600][0.094s][info][gc,metaspace] Narrow klass base: 0x00007b57e3000000, Narrow klass shift: 0, Narrow klass range: 0x100000000
[2026-04-03T03:29:05.685+0600][0.804s][info][gc,start    ] GC(0) Garbage Collection (Warmup)
[2026-04-03T03:29:05.685+0600][0.804s][info][gc,task     ] GC(0) Using 3 workers
[2026-04-03T03:29:05.686+0600][0.805s][info][gc,phases   ] GC(0) Pause Mark Start 0.010ms
[2026-04-03T03:29:05.692+0600][0.811s][info][gc,phases   ] GC(0) Concurrent Mark 5.689ms
[2026-04-03T03:29:05.693+0600][0.811s][info][gc,phases   ] GC(0) Pause Mark End 0.171ms
[2026-04-03T03:29:05.693+0600][0.811s][info][gc,phases   ] GC(0) Concurrent Mark Free 0.001ms
[2026-04-03T03:29:05.694+0600][0.813s][info][gc,phases   ] GC(0) Concurrent Process Non-Strong References 1.527ms
[2026-04-03T03:29:05.694+0600][0.813s][info][gc,phases   ] GC(0) Concurrent Reset Relocation Set 0.001ms
[2026-04-03T03:29:05.702+0600][0.820s][info][gc,phases   ] GC(0) Concurrent Select Relocation Set 7.337ms
[2026-04-03T03:29:05.702+0600][0.821s][info][gc,phases   ] GC(0) Pause Relocate Start 0.008ms
[2026-04-03T03:29:05.705+0600][0.823s][info][gc,phases   ] GC(0) Concurrent Relocate 2.709ms
[2026-04-03T03:29:05.705+0600][0.824s][info][gc,load     ] GC(0) Load: 4.79/4.63/5.05
[2026-04-03T03:29:05.705+0600][0.824s][info][gc,mmu      ] GC(0) MMU: 2ms/91.5%, 5ms/96.6%, 10ms/98.2%, 20ms/99.1%, 50ms/99.6%, 100ms/99.8%
[2026-04-03T03:29:05.705+0600][0.824s][info][gc,marking  ] GC(0) Mark: 2 stripe(s), 2 proactive flush(es), 1 terminate flush(es), 1 completion(s), 0 continuation(s) 
[2026-04-03T03:29:05.705+0600][0.824s][info][gc,marking  ] GC(0) Mark Stack Usage: 32M
[2026-04-03T03:29:05.705+0600][0.824s][info][gc,nmethod  ] GC(0) NMethods: 864 registered, 88 unregistered
[2026-04-03T03:29:05.705+0600][0.824s][info][gc,metaspace] GC(0) Metaspace: 6M used, 6M committed, 1088M reserved
[2026-04-03T03:29:05.705+0600][0.824s][info][gc,ref      ] GC(0) Soft: 186 encountered, 0 discovered, 0 enqueued
[2026-04-03T03:29:05.705+0600][0.824s][info][gc,ref      ] GC(0) Weak: 583 encountered, 366 discovered, 140 enqueued
[2026-04-03T03:29:05.705+0600][0.824s][info][gc,ref      ] GC(0) Final: 0 encountered, 0 discovered, 0 enqueued
[2026-04-03T03:29:05.705+0600][0.824s][info][gc,ref      ] GC(0) Phantom: 25 encountered, 13 discovered, 0 enqueued
[2026-04-03T03:29:05.705+0600][0.824s][info][gc,reloc    ] GC(0) Small Pages: 88 / 176M, Empty: 0M, Relocated: 1M, In-Place: 0
[2026-04-03T03:29:05.705+0600][0.824s][info][gc,reloc    ] GC(0) Medium Pages: 0 / 0M, Empty: 0M, Relocated: 0M, In-Place: 0
[2026-04-03T03:29:05.705+0600][0.824s][info][gc,reloc    ] GC(0) Large Pages: 0 / 0M, Empty: 0M, Relocated: 0M, In-Place: 0
[2026-04-03T03:29:05.705+0600][0.824s][info][gc,reloc    ] GC(0) Forwarding Usage: 0M
[2026-04-03T03:29:05.705+0600][0.824s][info][gc,heap     ] GC(0) Min Capacity: 8M(1%)
[2026-04-03T03:29:05.705+0600][0.824s][info][gc,heap     ] GC(0) Max Capacity: 1500M(100%)
[2026-04-03T03:29:05.705+0600][0.824s][info][gc,heap     ] GC(0) Soft Max Capacity: 1500M(100%)
[2026-04-03T03:29:05.705+0600][0.824s][info][gc,heap     ] GC(0)                Mark Start          Mark End        Relocate Start      Relocate End           High               Low         
[2026-04-03T03:29:05.705+0600][0.824s][info][gc,heap     ] GC(0)  Capacity:      246M (16%)         246M (16%)         246M (16%)         246M (16%)         246M (16%)         246M (16%)    
[2026-04-03T03:29:05.705+0600][0.824s][info][gc,heap     ] GC(0)      Free:     1324M (88%)        1322M (88%)        1320M (88%)        1484M (99%)        1484M (99%)        1314M (88%)    
[2026-04-03T03:29:05.705+0600][0.824s][info][gc,heap     ] GC(0)      Used:      176M (12%)         178M (12%)         180M (12%)          16M (1%)          186M (12%)          16M (1%)     
[2026-04-03T03:29:05.705+0600][0.824s][info][gc,heap     ] GC(0)      Live:         -                 3M (0%)            3M (0%)            3M (0%)             -                  -          
[2026-04-03T03:29:05.705+0600][0.824s][info][gc,heap     ] GC(0) Allocated:         -                 2M (0%)            4M (0%)            5M (0%)             -                  -          
[2026-04-03T03:29:05.705+0600][0.824s][info][gc,heap     ] GC(0)   Garbage:         -               172M (11%)         172M (11%)           6M (0%)             -                  -          
[2026-04-03T03:29:05.705+0600][0.824s][info][gc,heap     ] GC(0) Reclaimed:         -                  -                 0M (0%)          165M (11%)            -                  -          
[2026-04-03T03:29:05.705+0600][0.824s][info][gc          ] GC(0) Garbage Collection (Warmup) 176M(12%)->16M(1%)
[2026-04-03T03:29:07.986+0600][3.104s][info][gc,start    ] GC(1) Garbage Collection (Warmup)
[2026-04-03T03:29:07.986+0600][3.104s][info][gc,task     ] GC(1) Using 3 workers
[2026-04-03T03:29:07.986+0600][3.105s][info][gc,phases   ] GC(1) Pause Mark Start 0.012ms
[2026-04-03T03:29:07.995+0600][3.114s][info][gc,phases   ] GC(1) Concurrent Mark 9.309ms
[2026-04-03T03:29:07.996+0600][3.114s][info][gc,phases   ] GC(1) Pause Mark End 0.019ms
[2026-04-03T03:29:07.996+0600][3.114s][info][gc,phases   ] GC(1) Concurrent Mark Free 0.002ms
[2026-04-03T03:29:07.998+0600][3.117s][info][gc,phases   ] GC(1) Concurrent Process Non-Strong References 2.270ms
[2026-04-03T03:29:07.998+0600][3.117s][info][gc,phases   ] GC(1) Concurrent Reset Relocation Set 0.018ms
[2026-04-03T03:29:08.003+0600][3.122s][info][gc,phases   ] GC(1) Concurrent Select Relocation Set 4.784ms
[2026-04-03T03:29:08.003+0600][3.122s][info][gc,phases   ] GC(1) Pause Relocate Start 0.013ms
[2026-04-03T03:29:08.010+0600][3.129s][info][gc,phases   ] GC(1) Concurrent Relocate 6.968ms
[2026-04-03T03:29:08.011+0600][3.129s][info][gc,load     ] GC(1) Load: 4.79/4.63/5.05
[2026-04-03T03:29:08.011+0600][3.129s][info][gc,mmu      ] GC(1) MMU: 2ms/91.5%, 5ms/96.6%, 10ms/98.2%, 20ms/99.1%, 50ms/99.6%, 100ms/99.8%
[2026-04-03T03:29:08.011+0600][3.129s][info][gc,marking  ] GC(1) Mark: 2 stripe(s), 2 proactive flush(es), 1 terminate flush(es), 0 completion(s), 0 continuation(s) 
[2026-04-03T03:29:08.011+0600][3.129s][info][gc,marking  ] GC(1) Mark Stack Usage: 32M
[2026-04-03T03:29:08.011+0600][3.129s][info][gc,nmethod  ] GC(1) NMethods: 1307 registered, 106 unregistered
[2026-04-03T03:29:08.011+0600][3.129s][info][gc,metaspace] GC(1) Metaspace: 14M used, 14M committed, 1088M reserved
[2026-04-03T03:29:08.011+0600][3.129s][info][gc,ref      ] GC(1) Soft: 268 encountered, 0 discovered, 0 enqueued
[2026-04-03T03:29:08.011+0600][3.129s][info][gc,ref      ] GC(1) Weak: 943 encountered, 370 discovered, 183 enqueued
[2026-04-03T03:29:08.011+0600][3.129s][info][gc,ref      ] GC(1) Final: 0 encountered, 0 discovered, 0 enqueued
[2026-04-03T03:29:08.011+0600][3.129s][info][gc,ref      ] GC(1) Phantom: 311 encountered, 240 discovered, 0 enqueued
[2026-04-03T03:29:08.011+0600][3.129s][info][gc,reloc    ] GC(1) Small Pages: 139 / 278M, Empty: 0M, Relocated: 6M, In-Place: 0
[2026-04-03T03:29:08.011+0600][3.129s][info][gc,reloc    ] GC(1) Medium Pages: 1 / 32M, Empty: 0M, Relocated: 0M, In-Place: 0
[2026-04-03T03:29:08.011+0600][3.129s][info][gc,reloc    ] GC(1) Large Pages: 0 / 0M, Empty: 0M, Relocated: 0M, In-Place: 0
[2026-04-03T03:29:08.011+0600][3.129s][info][gc,reloc    ] GC(1) Forwarding Usage: 1M
[2026-04-03T03:29:08.011+0600][3.129s][info][gc,heap     ] GC(1) Min Capacity: 8M(1%)
[2026-04-03T03:29:08.011+0600][3.129s][info][gc,heap     ] GC(1) Max Capacity: 1500M(100%)
[2026-04-03T03:29:08.011+0600][3.129s][info][gc,heap     ] GC(1) Soft Max Capacity: 1500M(100%)
[2026-04-03T03:29:08.011+0600][3.129s][info][gc,heap     ] GC(1)                Mark Start          Mark End        Relocate Start      Relocate End           High               Low         
[2026-04-03T03:29:08.011+0600][3.129s][info][gc,heap     ] GC(1)  Capacity:      310M (21%)         316M (21%)         318M (21%)         324M (22%)         324M (22%)         310M (21%)    
[2026-04-03T03:29:08.011+0600][3.129s][info][gc,heap     ] GC(1)      Free:     1190M (79%)        1184M (79%)        1182M (79%)        1446M (96%)        1446M (96%)        1176M (78%)    
[2026-04-03T03:29:08.011+0600][3.129s][info][gc,heap     ] GC(1)      Used:      310M (21%)         316M (21%)         318M (21%)          54M (4%)          324M (22%)          54M (4%)     
[2026-04-03T03:29:08.011+0600][3.129s][info][gc,heap     ] GC(1)      Live:         -                14M (1%)           14M (1%)           14M (1%)             -                  -          
[2026-04-03T03:29:08.011+0600][3.129s][info][gc,heap     ] GC(1) Allocated:         -                 6M (0%)            8M (1%)            7M (1%)             -                  -          
[2026-04-03T03:29:08.011+0600][3.130s][info][gc,heap     ] GC(1)   Garbage:         -               295M (20%)         295M (20%)          31M (2%)             -                  -          
[2026-04-03T03:29:08.011+0600][3.130s][info][gc,heap     ] GC(1) Reclaimed:         -                  -                 0M (0%)          263M (18%)            -                  -          
[2026-04-03T03:29:08.011+0600][3.130s][info][gc          ] GC(1) Garbage Collection (Warmup) 310M(21%)->54M(4%)
[2026-04-03T03:29:09.271+0600][4.389s][info][gc,start    ] GC(2) Garbage Collection (Metadata GC Threshold)
[2026-04-03T03:29:09.271+0600][4.389s][info][gc,task     ] GC(2) Using 3 workers
[2026-04-03T03:29:09.271+0600][4.390s][info][gc,phases   ] GC(2) Pause Mark Start 0.009ms
[2026-04-03T03:29:09.285+0600][4.403s][info][gc,phases   ] GC(2) Concurrent Mark 13.753ms
[2026-04-03T03:29:09.285+0600][4.404s][info][gc,phases   ] GC(2) Pause Mark End 0.018ms
[2026-04-03T03:29:09.285+0600][4.404s][info][gc,phases   ] GC(2) Concurrent Mark Free 0.001ms
[2026-04-03T03:29:09.291+0600][4.409s][info][gc,phases   ] GC(2) Concurrent Process Non-Strong References 5.450ms
[2026-04-03T03:29:09.291+0600][4.409s][info][gc,phases   ] GC(2) Concurrent Reset Relocation Set 0.016ms
[2026-04-03T03:29:09.294+0600][4.413s][info][gc,phases   ] GC(2) Concurrent Select Relocation Set 3.686ms
[2026-04-03T03:29:09.295+0600][4.414s][info][gc,phases   ] GC(2) Pause Relocate Start 0.011ms
[2026-04-03T03:29:09.300+0600][4.418s][info][gc,phases   ] GC(2) Concurrent Relocate 4.315ms
[2026-04-03T03:29:09.300+0600][4.418s][info][gc,load     ] GC(2) Load: 4.79/4.63/5.05
[2026-04-03T03:29:09.300+0600][4.418s][info][gc,mmu      ] GC(2) MMU: 2ms/91.5%, 5ms/96.6%, 10ms/98.2%, 20ms/99.1%, 50ms/99.6%, 100ms/99.8%
[2026-04-03T03:29:09.300+0600][4.418s][info][gc,marking  ] GC(2) Mark: 2 stripe(s), 2 proactive flush(es), 1 terminate flush(es), 0 completion(s), 0 continuation(s) 
[2026-04-03T03:29:09.300+0600][4.418s][info][gc,marking  ] GC(2) Mark Stack Usage: 32M
[2026-04-03T03:29:09.300+0600][4.418s][info][gc,nmethod  ] GC(2) NMethods: 2178 registered, 243 unregistered
[2026-04-03T03:29:09.300+0600][4.418s][info][gc,metaspace] GC(2) Metaspace: 24M used, 25M committed, 1088M reserved
[2026-04-03T03:29:09.300+0600][4.418s][info][gc,ref      ] GC(2) Soft: 3725 encountered, 0 discovered, 0 enqueued
[2026-04-03T03:29:09.300+0600][4.418s][info][gc,ref      ] GC(2) Weak: 1939 encountered, 804 discovered, 383 enqueued
[2026-04-03T03:29:09.300+0600][4.418s][info][gc,ref      ] GC(2) Final: 0 encountered, 0 discovered, 0 enqueued
[2026-04-03T03:29:09.300+0600][4.418s][info][gc,ref      ] GC(2) Phantom: 563 encountered, 408 discovered, 0 enqueued
[2026-04-03T03:29:09.300+0600][4.418s][info][gc,reloc    ] GC(2) Small Pages: 59 / 118M, Empty: 0M, Relocated: 10M, In-Place: 0
[2026-04-03T03:29:09.300+0600][4.418s][info][gc,reloc    ] GC(2) Medium Pages: 1 / 32M, Empty: 0M, Relocated: 0M, In-Place: 0
[2026-04-03T03:29:09.300+0600][4.418s][info][gc,reloc    ] GC(2) Large Pages: 0 / 0M, Empty: 0M, Relocated: 0M, In-Place: 0
[2026-04-03T03:29:09.300+0600][4.418s][info][gc,reloc    ] GC(2) Forwarding Usage: 2M
[2026-04-03T03:29:09.300+0600][4.418s][info][gc,heap     ] GC(2) Min Capacity: 8M(1%)
[2026-04-03T03:29:09.300+0600][4.418s][info][gc,heap     ] GC(2) Max Capacity: 1500M(100%)
[2026-04-03T03:29:09.300+0600][4.418s][info][gc,heap     ] GC(2) Soft Max Capacity: 1500M(100%)
[2026-04-03T03:29:09.300+0600][4.418s][info][gc,heap     ] GC(2)                Mark Start          Mark End        Relocate Start      Relocate End           High               Low         
[2026-04-03T03:29:09.300+0600][4.418s][info][gc,heap     ] GC(2)  Capacity:      324M (22%)         324M (22%)         324M (22%)         324M (22%)         324M (22%)         324M (22%)    
[2026-04-03T03:29:09.300+0600][4.418s][info][gc,heap     ] GC(2)      Free:     1350M (90%)        1346M (90%)        1346M (90%)        1446M (96%)        1446M (96%)        1344M (90%)    
[2026-04-03T03:29:09.300+0600][4.418s][info][gc,heap     ] GC(2)      Used:      150M (10%)         154M (10%)         154M (10%)          54M (4%)          156M (10%)          54M (4%)     
[2026-04-03T03:29:09.300+0600][4.418s][info][gc,heap     ] GC(2)      Live:         -                21M (1%)           21M (1%)           21M (1%)             -                  -          
[2026-04-03T03:29:09.300+0600][4.418s][info][gc,heap     ] GC(2) Allocated:         -                 4M (0%)            4M (0%)            3M (0%)             -                  -          
[2026-04-03T03:29:09.300+0600][4.418s][info][gc,heap     ] GC(2)   Garbage:         -               128M (9%)          128M (9%)           29M (2%)             -                  -          
[2026-04-03T03:29:09.300+0600][4.418s][info][gc,heap     ] GC(2) Reclaimed:         -                  -                 0M (0%)           99M (7%)             -                  -          
[2026-04-03T03:29:09.300+0600][4.418s][info][gc          ] GC(2) Garbage Collection (Metadata GC Threshold) 150M(10%)->54M(4%)
[2026-04-03T03:29:13.191+0600][8.310s][info][gc,start    ] GC(3) Garbage Collection (Metadata GC Threshold)
[2026-04-03T03:29:13.191+0600][8.310s][info][gc,task     ] GC(3) Using 3 workers
[2026-04-03T03:29:13.192+0600][8.310s][info][gc,phases   ] GC(3) Pause Mark Start 0.009ms
[2026-04-03T03:29:13.217+0600][8.335s][info][gc,phases   ] GC(3) Concurrent Mark 24.802ms
[2026-04-03T03:29:13.217+0600][8.336s][info][gc,phases   ] GC(3) Pause Mark End 0.019ms
[2026-04-03T03:29:13.217+0600][8.336s][info][gc,phases   ] GC(3) Concurrent Mark Free 0.002ms
[2026-04-03T03:29:13.222+0600][8.341s][info][gc,phases   ] GC(3) Concurrent Process Non-Strong References 5.112ms
[2026-04-03T03:29:13.222+0600][8.341s][info][gc,phases   ] GC(3) Concurrent Reset Relocation Set 0.009ms
[2026-04-03T03:29:13.226+0600][8.345s][info][gc,phases   ] GC(3) Concurrent Select Relocation Set 3.904ms
[2026-04-03T03:29:13.227+0600][8.345s][info][gc,phases   ] GC(3) Pause Relocate Start 0.013ms
[2026-04-03T03:29:13.255+0600][8.373s][info][gc,phases   ] GC(3) Concurrent Relocate 27.739ms
[2026-04-03T03:29:13.255+0600][8.373s][info][gc,load     ] GC(3) Load: 4.49/4.57/5.03
[2026-04-03T03:29:13.255+0600][8.373s][info][gc,mmu      ] GC(3) MMU: 2ms/91.5%, 5ms/96.6%, 10ms/98.2%, 20ms/99.1%, 50ms/99.6%, 100ms/99.8%
[2026-04-03T03:29:13.255+0600][8.373s][info][gc,marking  ] GC(3) Mark: 2 stripe(s), 2 proactive flush(es), 1 terminate flush(es), 0 completion(s), 0 continuation(s) 
[2026-04-03T03:29:13.255+0600][8.373s][info][gc,marking  ] GC(3) Mark Stack Usage: 32M
[2026-04-03T03:29:13.255+0600][8.373s][info][gc,nmethod  ] GC(3) NMethods: 2724 registered, 150 unregistered
[2026-04-03T03:29:13.255+0600][8.373s][info][gc,metaspace] GC(3) Metaspace: 41M used, 41M committed, 1088M reserved
[2026-04-03T03:29:13.255+0600][8.373s][info][gc,ref      ] GC(3) Soft: 3915 encountered, 0 discovered, 0 enqueued
[2026-04-03T03:29:13.255+0600][8.373s][info][gc,ref      ] GC(3) Weak: 2871 encountered, 1663 discovered, 456 enqueued
[2026-04-03T03:29:13.255+0600][8.373s][info][gc,ref      ] GC(3) Final: 80 encountered, 0 discovered, 0 enqueued
[2026-04-03T03:29:13.255+0600][8.373s][info][gc,ref      ] GC(3) Phantom: 578 encountered, 370 discovered, 1 enqueued
[2026-04-03T03:29:13.255+0600][8.373s][info][gc,reloc    ] GC(3) Small Pages: 89 / 178M, Empty: 0M, Relocated: 6M, In-Place: 0
[2026-04-03T03:29:13.255+0600][8.373s][info][gc,reloc    ] GC(3) Medium Pages: 2 / 64M, Empty: 0M, Relocated: 5M, In-Place: 0
[2026-04-03T03:29:13.255+0600][8.373s][info][gc,reloc    ] GC(3) Large Pages: 0 / 0M, Empty: 0M, Relocated: 0M, In-Place: 0
[2026-04-03T03:29:13.255+0600][8.373s][info][gc,reloc    ] GC(3) Forwarding Usage: 2M
[2026-04-03T03:29:13.255+0600][8.373s][info][gc,heap     ] GC(3) Min Capacity: 8M(1%)
[2026-04-03T03:29:13.255+0600][8.373s][info][gc,heap     ] GC(3) Max Capacity: 1500M(100%)
[2026-04-03T03:29:13.255+0600][8.373s][info][gc,heap     ] GC(3) Soft Max Capacity: 1500M(100%)
[2026-04-03T03:29:13.255+0600][8.373s][info][gc,heap     ] GC(3)                Mark Start          Mark End        Relocate Start      Relocate End           High               Low         
[2026-04-03T03:29:13.255+0600][8.373s][info][gc,heap     ] GC(3)  Capacity:      356M (24%)         356M (24%)         356M (24%)         420M (28%)         420M (28%)         356M (24%)    
[2026-04-03T03:29:13.255+0600][8.373s][info][gc,heap     ] GC(3)      Free:     1258M (84%)        1254M (84%)        1252M (83%)        1406M (94%)        1406M (94%)        1218M (81%)    
[2026-04-03T03:29:13.255+0600][8.373s][info][gc,heap     ] GC(3)      Used:      242M (16%)         246M (16%)         248M (17%)          94M (6%)          282M (19%)          94M (6%)     
[2026-04-03T03:29:13.255+0600][8.373s][info][gc,heap     ] GC(3)      Live:         -                26M (2%)           26M (2%)           26M (2%)             -                  -          
[2026-04-03T03:29:13.255+0600][8.373s][info][gc,heap     ] GC(3) Allocated:         -                 4M (0%)            6M (0%)           37M (3%)             -                  -          
[2026-04-03T03:29:13.255+0600][8.373s][info][gc,heap     ] GC(3)   Garbage:         -               215M (14%)         215M (14%)          29M (2%)             -                  -          
[2026-04-03T03:29:13.255+0600][8.373s][info][gc,heap     ] GC(3) Reclaimed:         -                  -                 0M (0%)          185M (12%)            -                  -          
[2026-04-03T03:29:13.255+0600][8.373s][info][gc          ] GC(3) Garbage Collection (Metadata GC Threshold) 242M(16%)->94M(6%)
[2026-04-03T03:29:14.285+0600][9.404s][info][gc,start    ] GC(4) Garbage Collection (Warmup)
[2026-04-03T03:29:14.285+0600][9.404s][info][gc,task     ] GC(4) Using 3 workers
[2026-04-03T03:29:14.286+0600][9.404s][info][gc,phases   ] GC(4) Pause Mark Start 0.025ms
[2026-04-03T03:29:14.760+0600][9.879s][info][gc,phases   ] GC(4) Concurrent Mark 474.420ms
[2026-04-03T03:29:14.760+0600][9.879s][info][gc,phases   ] GC(4) Pause Mark End 0.023ms
[2026-04-03T03:29:14.760+0600][9.879s][info][gc,phases   ] GC(4) Concurrent Mark Free 0.001ms
[2026-04-03T03:29:14.764+0600][9.883s][info][gc,phases   ] GC(4) Concurrent Process Non-Strong References 3.791ms
[2026-04-03T03:29:14.764+0600][9.883s][info][gc,phases   ] GC(4) Concurrent Reset Relocation Set 0.014ms
[2026-04-03T03:29:14.768+0600][9.886s][info][gc,phases   ] GC(4) Concurrent Select Relocation Set 3.129ms
[2026-04-03T03:29:14.768+0600][9.886s][info][gc,phases   ] GC(4) Pause Relocate Start 0.010ms
[2026-04-03T03:29:14.772+0600][9.891s][info][gc,phases   ] GC(4) Concurrent Relocate 4.680ms
[2026-04-03T03:29:14.772+0600][9.891s][info][gc,load     ] GC(4) Load: 4.49/4.57/5.03
[2026-04-03T03:29:14.772+0600][9.891s][info][gc,mmu      ] GC(4) MMU: 2ms/91.5%, 5ms/96.6%, 10ms/98.2%, 20ms/99.1%, 50ms/99.6%, 100ms/99.8%
[2026-04-03T03:29:14.773+0600][9.891s][info][gc,marking  ] GC(4) Mark: 2 stripe(s), 10 proactive flush(es), 1 terminate flush(es), 0 completion(s), 0 continuation(s) 
[2026-04-03T03:29:14.773+0600][9.891s][info][gc,marking  ] GC(4) Mark Stack Usage: 32M
[2026-04-03T03:29:14.773+0600][9.891s][info][gc,nmethod  ] GC(4) NMethods: 3016 registered, 249 unregistered
[2026-04-03T03:29:14.773+0600][9.891s][info][gc,metaspace] GC(4) Metaspace: 48M used, 48M committed, 1088M reserved
[2026-04-03T03:29:14.773+0600][9.891s][info][gc,ref      ] GC(4) Soft: 3981 encountered, 0 discovered, 0 enqueued
[2026-04-03T03:29:14.773+0600][9.891s][info][gc,ref      ] GC(4) Weak: 3081 encountered, 754 discovered, 330 enqueued
[2026-04-03T03:29:14.773+0600][9.891s][info][gc,ref      ] GC(4) Final: 82 encountered, 0 discovered, 0 enqueued
[2026-04-03T03:29:14.773+0600][9.891s][info][gc,ref      ] GC(4) Phantom: 585 encountered, 576 discovered, 0 enqueued
[2026-04-03T03:29:14.773+0600][9.891s][info][gc,reloc    ] GC(4) Small Pages: 199 / 398M, Empty: 0M, Relocated: 6M, In-Place: 0
[2026-04-03T03:29:14.773+0600][9.891s][info][gc,reloc    ] GC(4) Medium Pages: 2 / 64M, Empty: 32M, Relocated: 0M, In-Place: 0
[2026-04-03T03:29:14.773+0600][9.891s][info][gc,reloc    ] GC(4) Large Pages: 0 / 0M, Empty: 0M, Relocated: 0M, In-Place: 0
[2026-04-03T03:29:14.773+0600][9.891s][info][gc,reloc    ] GC(4) Forwarding Usage: 2M
[2026-04-03T03:29:14.773+0600][9.891s][info][gc,heap     ] GC(4) Min Capacity: 8M(1%)
[2026-04-03T03:29:14.773+0600][9.891s][info][gc,heap     ] GC(4) Max Capacity: 1500M(100%)
[2026-04-03T03:29:14.773+0600][9.891s][info][gc,heap     ] GC(4) Soft Max Capacity: 1500M(100%)
[2026-04-03T03:29:14.773+0600][9.891s][info][gc,heap     ] GC(4)                Mark Start          Mark End        Relocate Start      Relocate End           High               Low         
[2026-04-03T03:29:14.773+0600][9.891s][info][gc,heap     ] GC(4)  Capacity:      462M (31%)         648M (43%)         650M (43%)         650M (43%)         650M (43%)         462M (31%)    
[2026-04-03T03:29:14.773+0600][9.891s][info][gc,heap     ] GC(4)      Free:     1038M (69%)         852M (57%)         882M (59%)         956M (64%)        1038M (69%)         850M (57%)    
[2026-04-03T03:29:14.773+0600][9.891s][info][gc,heap     ] GC(4)      Used:      462M (31%)         648M (43%)         618M (41%)         544M (36%)         650M (43%)         462M (31%)    
[2026-04-03T03:29:14.773+0600][9.891s][info][gc,heap     ] GC(4)      Live:         -               319M (21%)         319M (21%)         319M (21%)            -                  -          
[2026-04-03T03:29:14.773+0600][9.891s][info][gc,heap     ] GC(4) Allocated:         -               186M (12%)         188M (13%)         189M (13%)            -                  -          
[2026-04-03T03:29:14.773+0600][9.891s][info][gc,heap     ] GC(4)   Garbage:         -               142M (10%)         110M (7%)           34M (2%)             -                  -          
[2026-04-03T03:29:14.773+0600][9.891s][info][gc,heap     ] GC(4) Reclaimed:         -                  -                32M (2%)          107M (7%)             -                  -          
[2026-04-03T03:29:14.773+0600][9.891s][info][gc          ] GC(4) Garbage Collection (Warmup) 462M(31%)->544M(36%)
[2026-04-03T03:29:14.785+0600][9.904s][info][gc,start    ] GC(5) Garbage Collection (Allocation Rate)
[2026-04-03T03:29:14.785+0600][9.904s][info][gc,task     ] GC(5) Using 3 workers
[2026-04-03T03:29:14.785+0600][9.904s][info][gc,phases   ] GC(5) Pause Mark Start 0.008ms
[2026-04-03T03:29:14.985+0600][10.104s][info][gc,stats    ] === Garbage Collection Statistics =======================================================================================================================
[2026-04-03T03:29:14.985+0600][10.104s][info][gc,stats    ]                                                              Last 10s              Last 10m              Last 10h                Total
[2026-04-03T03:29:14.985+0600][10.104s][info][gc,stats    ]                                                              Avg / Max             Avg / Max             Avg / Max             Avg / Max
[2026-04-03T03:29:14.985+0600][10.104s][info][gc,stats    ]   Collector: Garbage Collection Cycle                    124.836 / 487.188     124.836 / 487.188     124.836 / 487.188     124.836 / 487.188     ms
[2026-04-03T03:29:14.985+0600][10.104s][info][gc,stats    ]  Contention: Mark Segment Reset Contention                     1 / 5                 1 / 5                 1 / 5                 1 / 5           ops/s
[2026-04-03T03:29:14.985+0600][10.104s][info][gc,stats    ]  Contention: Mark SeqNum Reset Contention                      0 / 0                 0 / 0                 0 / 0                 0 / 0           ops/s
[2026-04-03T03:29:14.985+0600][10.104s][info][gc,stats    ]    Critical: Allocation Stall                                  0 / 0                 0 / 0                 0 / 0                 0 / 0           ops/s
[2026-04-03T03:29:14.985+0600][10.104s][info][gc,stats    ]    Critical: Allocation Stall                              0.000 / 0.000         0.000 / 0.000         0.000 / 0.000         0.000 / 0.000       ms
[2026-04-03T03:29:14.985+0600][10.104s][info][gc,stats    ]    Critical: GC Locker Stall                                   0 / 1                 0 / 1                 0 / 1                 0 / 1           ops/s
[2026-04-03T03:29:14.985+0600][10.104s][info][gc,stats    ]    Critical: GC Locker Stall                               0.001 / 0.001         0.001 / 0.001         0.001 / 0.001         0.001 / 0.001       ms
[2026-04-03T03:29:14.985+0600][10.104s][info][gc,stats    ]    Critical: Relocation Stall                                  0 / 0                 0 / 0                 0 / 0                 0 / 0           ops/s
[2026-04-03T03:29:14.985+0600][10.104s][info][gc,stats    ]    Critical: Relocation Stall                              0.000 / 0.000         0.000 / 0.000         0.000 / 0.000         0.000 / 0.000       ms
[2026-04-03T03:29:14.985+0600][10.104s][info][gc,stats    ]      Memory: Allocation Rate                                 147 / 470             147 / 470             147 / 470             147 / 470         MB/s
[2026-04-03T03:29:14.985+0600][10.104s][info][gc,stats    ]      Memory: Defragment                                        4 / 48                4 / 48                4 / 48                4 / 48          ops/s
[2026-04-03T03:29:14.985+0600][10.104s][info][gc,stats    ]      Memory: Out Of Memory                                     0 / 0                 0 / 0                 0 / 0                 0 / 0           ops/s
[2026-04-03T03:29:14.985+0600][10.104s][info][gc,stats    ]      Memory: Page Cache Flush                                  9 / 96                9 / 96                9 / 96                9 / 96          MB/s
[2026-04-03T03:29:14.985+0600][10.104s][info][gc,stats    ]      Memory: Page Cache Hit L1                                40 / 115              40 / 115              40 / 115              40 / 115         ops/s
[2026-04-03T03:29:14.985+0600][10.104s][info][gc,stats    ]      Memory: Page Cache Hit L2                                 0 / 0                 0 / 0                 0 / 0                 0 / 0           ops/s
[2026-04-03T03:29:14.985+0600][10.104s][info][gc,stats    ]      Memory: Page Cache Hit L3                                16 / 93               16 / 93               16 / 93               16 / 93          ops/s
[2026-04-03T03:29:14.985+0600][10.104s][info][gc,stats    ]      Memory: Page Cache Miss                                  14 / 118              14 / 118              14 / 118              14 / 118         ops/s
[2026-04-03T03:29:14.985+0600][10.104s][info][gc,stats    ]      Memory: Uncommit                                          0 / 0                 0 / 0                 0 / 0                 0 / 0           MB/s
[2026-04-03T03:29:14.985+0600][10.104s][info][gc,stats    ]      Memory: Undo Object Allocation Failed                     0 / 0                 0 / 0                 0 / 0                 0 / 0           ops/s
[2026-04-03T03:29:14.985+0600][10.104s][info][gc,stats    ]      Memory: Undo Object Allocation Succeeded                  0 / 1                 0 / 1                 0 / 1                 0 / 1           ops/s
[2026-04-03T03:29:14.985+0600][10.104s][info][gc,stats    ]      Memory: Undo Page Allocation                              0 / 0                 0 / 0                 0 / 0                 0 / 0           ops/s
[2026-04-03T03:29:14.985+0600][10.104s][info][gc,stats    ]       Phase: Concurrent Mark                             105.594 / 474.420     105.594 / 474.420     105.594 / 474.420     105.594 / 474.420     ms
[2026-04-03T03:29:14.985+0600][10.104s][info][gc,stats    ]       Phase: Concurrent Mark Continue                      0.000 / 0.000         0.000 / 0.000         0.000 / 0.000         0.000 / 0.000       ms
[2026-04-03T03:29:14.985+0600][10.104s][info][gc,stats    ]       Phase: Concurrent Mark Free                          0.002 / 0.002         0.002 / 0.002         0.002 / 0.002         0.002 / 0.002       ms
[2026-04-03T03:29:14.985+0600][10.104s][info][gc,stats    ]       Phase: Concurrent Process Non-Strong References      3.630 / 5.450         3.630 / 5.450         3.630 / 5.450         3.630 / 5.450       ms
[2026-04-03T03:29:14.985+0600][10.104s][info][gc,stats    ]       Phase: Concurrent Relocate                           9.282 / 27.739        9.282 / 27.739        9.282 / 27.739        9.282 / 27.739      ms
[2026-04-03T03:29:14.985+0600][10.104s][info][gc,stats    ]       Phase: Concurrent Reset Relocation Set               0.011 / 0.018         0.011 / 0.018         0.011 / 0.018         0.011 / 0.018       ms
[2026-04-03T03:29:14.985+0600][10.104s][info][gc,stats    ]       Phase: Concurrent Select Relocation Set              4.568 / 7.337         4.568 / 7.337         4.568 / 7.337         4.568 / 7.337       ms
[2026-04-03T03:29:14.985+0600][10.104s][info][gc,stats    ]       Phase: Pause Mark End                                0.050 / 0.171         0.050 / 0.171         0.050 / 0.171         0.050 / 0.171       ms
[2026-04-03T03:29:14.985+0600][10.104s][info][gc,stats    ]       Phase: Pause Mark Start                              0.012 / 0.025         0.012 / 0.025         0.012 / 0.025         0.012 / 0.025       ms
[2026-04-03T03:29:14.985+0600][10.104s][info][gc,stats    ]       Phase: Pause Relocate Start                          0.011 / 0.013         0.011 / 0.013         0.011 / 0.013         0.011 / 0.013       ms
[2026-04-03T03:29:14.985+0600][10.104s][info][gc,stats    ]    Subphase: Concurrent Classes Purge                      0.246 / 0.559         0.246 / 0.559         0.246 / 0.559         0.246 / 0.559       ms
[2026-04-03T03:29:14.985+0600][10.104s][info][gc,stats    ]    Subphase: Concurrent Classes Unlink                     1.826 / 2.806         1.826 / 2.806         1.826 / 2.806         1.826 / 2.806       ms
[2026-04-03T03:29:14.985+0600][10.104s][info][gc,stats    ]    Subphase: Concurrent Mark                             104.507 / 473.628     104.507 / 473.628     104.507 / 473.628     104.507 / 473.628     ms
[2026-04-03T03:29:14.985+0600][10.104s][info][gc,stats    ]    Subphase: Concurrent Mark Try Flush                     0.266 / 0.821         0.266 / 0.821         0.266 / 0.821         0.266 / 0.821       ms
[2026-04-03T03:29:14.985+0600][10.104s][info][gc,stats    ]    Subphase: Concurrent Mark Try Terminate                 1.104 / 1.217         1.104 / 1.217         1.104 / 1.217         1.104 / 1.217       ms
[2026-04-03T03:29:14.985+0600][10.104s][info][gc,stats    ]    Subphase: Concurrent References Enqueue                 0.004 / 0.006         0.004 / 0.006         0.004 / 0.006         0.004 / 0.006       ms
[2026-04-03T03:29:14.985+0600][10.104s][info][gc,stats    ]    Subphase: Concurrent References Process                 0.291 / 0.449         0.291 / 0.449         0.291 / 0.449         0.291 / 0.449       ms
[2026-04-03T03:29:14.985+0600][10.104s][info][gc,stats    ]    Subphase: Concurrent Roots ClassLoaderDataGraph         0.166 / 0.554         0.166 / 0.554         0.166 / 0.554         0.166 / 0.554       ms
[2026-04-03T03:29:14.985+0600][10.104s][info][gc,stats    ]    Subphase: Concurrent Roots CodeCache                    0.000 / 0.000         0.000 / 0.000         0.000 / 0.000         0.000 / 0.000       ms
[2026-04-03T03:29:14.985+0600][10.104s][info][gc,stats    ]    Subphase: Concurrent Roots JavaThreads                  0.436 / 1.385         0.436 / 1.385         0.436 / 1.385         0.436 / 1.385       ms
[2026-04-03T03:29:14.985+0600][10.104s][info][gc,stats    ]    Subphase: Concurrent Roots OopStorageSet                0.046 / 0.097         0.046 / 0.097         0.046 / 0.097         0.046 / 0.097       ms
[2026-04-03T03:29:14.985+0600][10.104s][info][gc,stats    ]    Subphase: Concurrent Weak Roots OopStorageSet           0.425 / 0.782         0.425 / 0.782         0.425 / 0.782         0.425 / 0.782       ms
[2026-04-03T03:29:14.985+0600][10.104s][info][gc,stats    ]    Subphase: Pause Mark Try Complete                       0.002 / 0.003         0.002 / 0.003         0.002 / 0.003         0.002 / 0.003       ms
[2026-04-03T03:29:14.985+0600][10.104s][info][gc,stats    ]      System: Java Threads                                     30 / 59               30 / 59               30 / 59               30 / 59          threads
[2026-04-03T03:29:14.985+0600][10.104s][info][gc,stats    ] =========================================================================================================================================================
[2026-04-03T03:29:15.562+0600][10.681s][info][gc,phases   ] GC(5) Concurrent Mark 777.196ms
[2026-04-03T03:29:15.563+0600][10.681s][info][gc,phases   ] GC(5) Pause Mark End 0.047ms
[2026-04-03T03:29:15.563+0600][10.681s][info][gc,phases   ] GC(5) Concurrent Mark Free 0.001ms
[2026-04-03T03:29:15.566+0600][10.685s][info][gc,phases   ] GC(5) Concurrent Process Non-Strong References 3.601ms
[2026-04-03T03:29:15.567+0600][10.685s][info][gc,phases   ] GC(5) Concurrent Reset Relocation Set 0.008ms
[2026-04-03T03:29:15.569+0600][10.688s][info][gc,phases   ] GC(5) Concurrent Select Relocation Set 2.508ms
[2026-04-03T03:29:15.569+0600][10.688s][info][gc,phases   ] GC(5) Pause Relocate Start 0.009ms
[2026-04-03T03:29:15.573+0600][10.692s][info][gc,phases   ] GC(5) Concurrent Relocate 3.906ms
[2026-04-03T03:29:15.573+0600][10.692s][info][gc,load     ] GC(5) Load: 4.37/4.55/5.02
[2026-04-03T03:29:15.573+0600][10.692s][info][gc,mmu      ] GC(5) MMU: 2ms/91.5%, 5ms/96.6%, 10ms/98.2%, 20ms/99.1%, 50ms/99.6%, 100ms/99.8%
[2026-04-03T03:29:15.573+0600][10.692s][info][gc,marking  ] GC(5) Mark: 2 stripe(s), 2 proactive flush(es), 1 terminate flush(es), 0 completion(s), 0 continuation(s) 
[2026-04-03T03:29:15.573+0600][10.692s][info][gc,marking  ] GC(5) Mark Stack Usage: 32M
[2026-04-03T03:29:15.573+0600][10.692s][info][gc,nmethod  ] GC(5) NMethods: 3073 registered, 249 unregistered
[2026-04-03T03:29:15.573+0600][10.692s][info][gc,metaspace] GC(5) Metaspace: 48M used, 48M committed, 1088M reserved
[2026-04-03T03:29:15.573+0600][10.692s][info][gc,ref      ] GC(5) Soft: 3981 encountered, 0 discovered, 0 enqueued
[2026-04-03T03:29:15.573+0600][10.692s][info][gc,ref      ] GC(5) Weak: 2751 encountered, 234 discovered, 0 enqueued
[2026-04-03T03:29:15.573+0600][10.692s][info][gc,ref      ] GC(5) Final: 82 encountered, 50 discovered, 0 enqueued
[2026-04-03T03:29:15.573+0600][10.692s][info][gc,ref      ] GC(5) Phantom: 585 encountered, 414 discovered, 0 enqueued
[2026-04-03T03:29:15.573+0600][10.692s][info][gc,reloc    ] GC(5) Small Pages: 260 / 520M, Empty: 0M, Relocated: 1M, In-Place: 0
[2026-04-03T03:29:15.573+0600][10.692s][info][gc,reloc    ] GC(5) Medium Pages: 1 / 32M, Empty: 0M, Relocated: 0M, In-Place: 0
[2026-04-03T03:29:15.573+0600][10.692s][info][gc,reloc    ] GC(5) Large Pages: 0 / 0M, Empty: 0M, Relocated: 0M, In-Place: 0
[2026-04-03T03:29:15.573+0600][10.692s][info][gc,reloc    ] GC(5) Forwarding Usage: 1M
[2026-04-03T03:29:15.573+0600][10.692s][info][gc,heap     ] GC(5) Min Capacity: 8M(1%)
[2026-04-03T03:29:15.573+0600][10.692s][info][gc,heap     ] GC(5) Max Capacity: 1500M(100%)
[2026-04-03T03:29:15.573+0600][10.692s][info][gc,heap     ] GC(5) Soft Max Capacity: 1500M(100%)
[2026-04-03T03:29:15.573+0600][10.692s][info][gc,heap     ] GC(5)                Mark Start          Mark End        Relocate Start      Relocate End           High               Low         
[2026-04-03T03:29:15.573+0600][10.692s][info][gc,heap     ] GC(5)  Capacity:      650M (43%)         780M (52%)         780M (52%)         786M (52%)         786M (52%)         650M (43%)    
[2026-04-03T03:29:15.573+0600][10.692s][info][gc,heap     ] GC(5)      Free:      948M (63%)         720M (48%)         720M (48%)         722M (48%)         948M (63%)         714M (48%)    
[2026-04-03T03:29:15.573+0600][10.692s][info][gc,heap     ] GC(5)      Used:      552M (37%)         780M (52%)         780M (52%)         778M (52%)         786M (52%)         552M (37%)    
[2026-04-03T03:29:15.573+0600][10.692s][info][gc,heap     ] GC(5)      Live:         -               509M (34%)         509M (34%)         509M (34%)            -                  -          
[2026-04-03T03:29:15.573+0600][10.692s][info][gc,heap     ] GC(5) Allocated:         -               228M (15%)         228M (15%)         228M (15%)            -                  -          
[2026-04-03T03:29:15.573+0600][10.692s][info][gc,heap     ] GC(5)   Garbage:         -                42M (3%)           42M (3%)           40M (3%)             -                  -          
[2026-04-03T03:29:15.574+0600][10.692s][info][gc,heap     ] GC(5) Reclaimed:         -                  -                 0M (0%)            2M (0%)             -                  -          
[2026-04-03T03:29:15.574+0600][10.692s][info][gc          ] GC(5) Garbage Collection (Allocation Rate) 552M(37%)->778M(52%)
[2026-04-03T03:29:15.585+0600][10.704s][info][gc,start    ] GC(6) Garbage Collection (Allocation Rate)
[2026-04-03T03:29:15.585+0600][10.704s][info][gc,task     ] GC(6) Using 3 workers
[2026-04-03T03:29:15.585+0600][10.704s][info][gc,phases   ] GC(6) Pause Mark Start 0.010ms
[2026-04-03T03:29:16.242+0600][11.361s][info][gc,phases   ] GC(6) Concurrent Mark 656.914ms
[2026-04-03T03:29:16.242+0600][11.361s][info][gc,phases   ] GC(6) Pause Mark End 0.017ms
[2026-04-03T03:29:16.242+0600][11.361s][info][gc,phases   ] GC(6) Concurrent Mark Free 0.001ms
[2026-04-03T03:29:16.246+0600][11.364s][info][gc,phases   ] GC(6) Concurrent Process Non-Strong References 3.145ms
[2026-04-03T03:29:16.246+0600][11.364s][info][gc,phases   ] GC(6) Concurrent Reset Relocation Set 0.001ms
[2026-04-03T03:29:16.248+0600][11.366s][info][gc,phases   ] GC(6) Concurrent Select Relocation Set 2.186ms
[2026-04-03T03:29:16.248+0600][11.367s][info][gc,phases   ] GC(6) Pause Relocate Start 0.010ms
[2026-04-03T03:29:16.251+0600][11.370s][info][gc,phases   ] GC(6) Concurrent Relocate 2.852ms
[2026-04-03T03:29:16.251+0600][11.370s][info][gc,load     ] GC(6) Load: 4.37/4.55/5.02
[2026-04-03T03:29:16.251+0600][11.370s][info][gc,mmu      ] GC(6) MMU: 2ms/91.5%, 5ms/96.6%, 10ms/98.2%, 20ms/99.1%, 50ms/99.6%, 100ms/99.8%
[2026-04-03T03:29:16.251+0600][11.370s][info][gc,marking  ] GC(6) Mark: 2 stripe(s), 10 proactive flush(es), 2 terminate flush(es), 0 completion(s), 0 continuation(s) 
[2026-04-03T03:29:16.251+0600][11.370s][info][gc,marking  ] GC(6) Mark Stack Usage: 32M
[2026-04-03T03:29:16.251+0600][11.370s][info][gc,nmethod  ] GC(6) NMethods: 3051 registered, 275 unregistered
[2026-04-03T03:29:16.251+0600][11.370s][info][gc,metaspace] GC(6) Metaspace: 48M used, 48M committed, 1088M reserved
[2026-04-03T03:29:16.251+0600][11.370s][info][gc,ref      ] GC(6) Soft: 3981 encountered, 0 discovered, 0 enqueued
[2026-04-03T03:29:16.251+0600][11.370s][info][gc,ref      ] GC(6) Weak: 2751 encountered, 1456 discovered, 0 enqueued
[2026-04-03T03:29:16.251+0600][11.370s][info][gc,ref      ] GC(6) Final: 82 encountered, 82 discovered, 0 enqueued
[2026-04-03T03:29:16.251+0600][11.370s][info][gc,ref      ] GC(6) Phantom: 586 encountered, 419 discovered, 0 enqueued
[2026-04-03T03:29:16.251+0600][11.370s][info][gc,reloc    ] GC(6) Small Pages: 373 / 746M, Empty: 4M, Relocated: 1M, In-Place: 0
[2026-04-03T03:29:16.251+0600][11.370s][info][gc,reloc    ] GC(6) Medium Pages: 1 / 32M, Empty: 0M, Relocated: 0M, In-Place: 0
[2026-04-03T03:29:16.251+0600][11.370s][info][gc,reloc    ] GC(6) Large Pages: 0 / 0M, Empty: 0M, Relocated: 0M, In-Place: 0
[2026-04-03T03:29:16.251+0600][11.370s][info][gc,reloc    ] GC(6) Forwarding Usage: 1M
[2026-04-03T03:29:16.251+0600][11.370s][info][gc,heap     ] GC(6) Min Capacity: 8M(1%)
[2026-04-03T03:29:16.251+0600][11.370s][info][gc,heap     ] GC(6) Max Capacity: 1500M(100%)
[2026-04-03T03:29:16.251+0600][11.370s][info][gc,heap     ] GC(6) Soft Max Capacity: 1500M(100%)
[2026-04-03T03:29:16.251+0600][11.370s][info][gc,heap     ] GC(6)                Mark Start          Mark End        Relocate Start      Relocate End           High               Low         
[2026-04-03T03:29:16.251+0600][11.370s][info][gc,heap     ] GC(6)  Capacity:      786M (52%)         786M (52%)         786M (52%)         786M (52%)         786M (52%)         786M (52%)    
[2026-04-03T03:29:16.251+0600][11.370s][info][gc,heap     ] GC(6)      Free:      722M (48%)         714M (48%)         718M (48%)         724M (48%)         724M (48%)         714M (48%)    
[2026-04-03T03:29:16.251+0600][11.370s][info][gc,heap     ] GC(6)      Used:      778M (52%)         786M (52%)         782M (52%)         776M (52%)         786M (52%)         776M (52%)    
[2026-04-03T03:29:16.251+0600][11.370s][info][gc,heap     ] GC(6)      Live:         -               725M (48%)         725M (48%)         725M (48%)            -                  -          
[2026-04-03T03:29:16.251+0600][11.370s][info][gc,heap     ] GC(6) Allocated:         -                 8M (1%)            8M (1%)            8M (1%)             -                  -          
[2026-04-03T03:29:16.251+0600][11.370s][info][gc,heap     ] GC(6)   Garbage:         -                52M (4%)           48M (3%)           42M (3%)             -                  -          
[2026-04-03T03:29:16.251+0600][11.370s][info][gc,heap     ] GC(6) Reclaimed:         -                  -                 4M (0%)           10M (1%)             -                  -          
[2026-04-03T03:29:16.251+0600][11.370s][info][gc          ] GC(6) Garbage Collection (Allocation Rate) 778M(52%)->776M(52%)
[2026-04-03T03:29:16.285+0600][11.403s][info][gc,start    ] GC(7) Garbage Collection (Allocation Rate)
[2026-04-03T03:29:16.285+0600][11.403s][info][gc,task     ] GC(7) Using 3 workers
[2026-04-03T03:29:16.285+0600][11.404s][info][gc,phases   ] GC(7) Pause Mark Start 0.009ms
[2026-04-03T03:29:16.302+0600][11.421s][info][gc,phases   ] GC(7) Concurrent Mark 16.724ms
[2026-04-03T03:29:16.303+0600][11.421s][info][gc,phases   ] GC(7) Pause Mark End 0.018ms
[2026-04-03T03:29:16.303+0600][11.421s][info][gc,phases   ] GC(7) Concurrent Mark Free 0.002ms
[2026-04-03T03:29:16.306+0600][11.424s][info][gc,phases   ] GC(7) Concurrent Process Non-Strong References 3.135ms
[2026-04-03T03:29:16.306+0600][11.425s][info][gc,phases   ] GC(7) Concurrent Reset Relocation Set 0.002ms
[2026-04-03T03:29:16.308+0600][11.427s][info][gc,phases   ] GC(7) Concurrent Select Relocation Set 2.255ms
[2026-04-03T03:29:16.308+0600][11.427s][info][gc,phases   ] GC(7) Pause Relocate Start 0.010ms
[2026-04-03T03:29:16.309+0600][11.428s][info][gc,phases   ] GC(7) Concurrent Relocate 0.582ms
[2026-04-03T03:29:16.309+0600][11.428s][info][gc,load     ] GC(7) Load: 4.37/4.55/5.02
[2026-04-03T03:29:16.309+0600][11.428s][info][gc,mmu      ] GC(7) MMU: 2ms/91.5%, 5ms/96.6%, 10ms/98.2%, 20ms/99.1%, 50ms/99.6%, 100ms/99.8%
[2026-04-03T03:29:16.309+0600][11.428s][info][gc,marking  ] GC(7) Mark: 2 stripe(s), 2 proactive flush(es), 1 terminate flush(es), 0 completion(s), 0 continuation(s) 
[2026-04-03T03:29:16.309+0600][11.428s][info][gc,marking  ] GC(7) Mark Stack Usage: 32M
[2026-04-03T03:29:16.309+0600][11.428s][info][gc,nmethod  ] GC(7) NMethods: 3071 registered, 285 unregistered
[2026-04-03T03:29:16.309+0600][11.428s][info][gc,metaspace] GC(7) Metaspace: 48M used, 49M committed, 1088M reserved
[2026-04-03T03:29:16.309+0600][11.428s][info][gc,ref      ] GC(7) Soft: 3984 encountered, 0 discovered, 0 enqueued
[2026-04-03T03:29:16.309+0600][11.428s][info][gc,ref      ] GC(7) Weak: 2825 encountered, 247 discovered, 35 enqueued
[2026-04-03T03:29:16.309+0600][11.428s][info][gc,ref      ] GC(7) Final: 82 encountered, 82 discovered, 0 enqueued
[2026-04-03T03:29:16.309+0600][11.428s][info][gc,ref      ] GC(7) Phantom: 587 encountered, 484 discovered, 1 enqueued
[2026-04-03T03:29:16.309+0600][11.428s][info][gc,reloc    ] GC(7) Small Pages: 378 / 756M, Empty: 694M, Relocated: 0M, In-Place: 0
[2026-04-03T03:29:16.309+0600][11.428s][info][gc,reloc    ] GC(7) Medium Pages: 1 / 32M, Empty: 0M, Relocated: 0M, In-Place: 0
[2026-04-03T03:29:16.309+0600][11.428s][info][gc,reloc    ] GC(7) Large Pages: 0 / 0M, Empty: 0M, Relocated: 0M, In-Place: 0
[2026-04-03T03:29:16.309+0600][11.428s][info][gc,reloc    ] GC(7) Forwarding Usage: 0M
[2026-04-03T03:29:16.309+0600][11.428s][info][gc,heap     ] GC(7) Min Capacity: 8M(1%)
[2026-04-03T03:29:16.309+0600][11.428s][info][gc,heap     ] GC(7) Max Capacity: 1500M(100%)
[2026-04-03T03:29:16.309+0600][11.428s][info][gc,heap     ] GC(7) Soft Max Capacity: 1500M(100%)
[2026-04-03T03:29:16.309+0600][11.428s][info][gc,heap     ] GC(7)                Mark Start          Mark End        Relocate Start      Relocate End           High               Low         
[2026-04-03T03:29:16.309+0600][11.428s][info][gc,heap     ] GC(7)  Capacity:      788M (53%)         796M (53%)         798M (53%)         798M (53%)         798M (53%)         788M (53%)    
[2026-04-03T03:29:16.309+0600][11.428s][info][gc,heap     ] GC(7)      Free:      712M (47%)         704M (47%)        1394M (93%)        1424M (95%)        1424M (95%)         702M (47%)    
[2026-04-03T03:29:16.309+0600][11.428s][info][gc,heap     ] GC(7)      Used:      788M (53%)         796M (53%)         106M (7%)           76M (5%)          798M (53%)          76M (5%)     
[2026-04-03T03:29:16.309+0600][11.428s][info][gc,heap     ] GC(7)      Live:         -                30M (2%)           30M (2%)           30M (2%)             -                  -          
[2026-04-03T03:29:16.309+0600][11.428s][info][gc,heap     ] GC(7) Allocated:         -                 8M (1%)           12M (1%)           11M (1%)             -                  -          
[2026-04-03T03:29:16.309+0600][11.428s][info][gc,heap     ] GC(7)   Garbage:         -               757M (51%)          63M (4%)           33M (2%)             -                  -          
[2026-04-03T03:29:16.309+0600][11.428s][info][gc,heap     ] GC(7) Reclaimed:         -                  -               694M (46%)         723M (48%)            -                  -          
[2026-04-03T03:29:16.309+0600][11.428s][info][gc          ] GC(7) Garbage Collection (Allocation Rate) 788M(53%)->76M(5%)
[2026-04-03T03:29:18.359+0600][13.478s][info][gc,start    ] GC(8) Garbage Collection (System.gc())
[2026-04-03T03:29:18.359+0600][13.478s][info][gc,task     ] GC(8) Using 3 workers
[2026-04-03T03:29:18.359+0600][13.478s][info][gc,phases   ] GC(8) Pause Mark Start 0.013ms
[2026-04-03T03:29:18.382+0600][13.501s][info][gc,phases   ] GC(8) Concurrent Mark 22.477ms
[2026-04-03T03:29:18.382+0600][13.501s][info][gc,phases   ] GC(8) Pause Mark End 0.025ms
[2026-04-03T03:29:18.382+0600][13.501s][info][gc,phases   ] GC(8) Concurrent Mark Free 0.003ms
[2026-04-03T03:29:18.387+0600][13.505s][info][gc,phases   ] GC(8) Concurrent Process Non-Strong References 4.235ms
[2026-04-03T03:29:18.387+0600][13.505s][info][gc,phases   ] GC(8) Concurrent Reset Relocation Set 0.003ms
[2026-04-03T03:29:18.389+0600][13.508s][info][gc,phases   ] GC(8) Concurrent Select Relocation Set 2.358ms
[2026-04-03T03:29:18.389+0600][13.508s][info][gc,phases   ] GC(8) Pause Relocate Start 0.012ms
[2026-04-03T03:29:18.392+0600][13.510s][info][gc,phases   ] GC(8) Concurrent Relocate 2.326ms
[2026-04-03T03:29:18.392+0600][13.510s][info][gc,load     ] GC(8) Load: 4.37/4.55/5.02
[2026-04-03T03:29:18.392+0600][13.511s][info][gc,mmu      ] GC(8) MMU: 2ms/91.5%, 5ms/96.6%, 10ms/98.2%, 20ms/99.1%, 50ms/99.6%, 100ms/99.8%
[2026-04-03T03:29:18.392+0600][13.511s][info][gc,marking  ] GC(8) Mark: 2 stripe(s), 3 proactive flush(es), 1 terminate flush(es), 0 completion(s), 0 continuation(s) 
[2026-04-03T03:29:18.392+0600][13.511s][info][gc,marking  ] GC(8) Mark Stack Usage: 32M
[2026-04-03T03:29:18.392+0600][13.511s][info][gc,nmethod  ] GC(8) NMethods: 3434 registered, 418 unregistered
[2026-04-03T03:29:18.392+0600][13.511s][info][gc,metaspace] GC(8) Metaspace: 55M used, 56M committed, 1088M reserved
[2026-04-03T03:29:18.392+0600][13.511s][info][gc,ref      ] GC(8) Soft: 4280 encountered, 0 discovered, 0 enqueued
[2026-04-03T03:29:18.392+0600][13.511s][info][gc,ref      ] GC(8) Weak: 3989 encountered, 2219 discovered, 386 enqueued
[2026-04-03T03:29:18.392+0600][13.511s][info][gc,ref      ] GC(8) Final: 82 encountered, 82 discovered, 0 enqueued
[2026-04-03T03:29:18.392+0600][13.511s][info][gc,ref      ] GC(8) Phantom: 586 encountered, 431 discovered, 0 enqueued
[2026-04-03T03:29:18.392+0600][13.511s][info][gc,reloc    ] GC(8) Small Pages: 60 / 120M, Empty: 0M, Relocated: 2M, In-Place: 0
[2026-04-03T03:29:18.392+0600][13.511s][info][gc,reloc    ] GC(8) Medium Pages: 2 / 64M, Empty: 32M, Relocated: 0M, In-Place: 0
[2026-04-03T03:29:18.392+0600][13.511s][info][gc,reloc    ] GC(8) Large Pages: 1 / 6M, Empty: 6M, Relocated: 0M, In-Place: 0
[2026-04-03T03:29:18.392+0600][13.511s][info][gc,reloc    ] GC(8) Forwarding Usage: 1M
[2026-04-03T03:29:18.392+0600][13.511s][info][gc,heap     ] GC(8) Min Capacity: 8M(1%)
[2026-04-03T03:29:18.392+0600][13.511s][info][gc,heap     ] GC(8) Max Capacity: 1500M(100%)
[2026-04-03T03:29:18.392+0600][13.511s][info][gc,heap     ] GC(8) Soft Max Capacity: 1500M(100%)
[2026-04-03T03:29:18.392+0600][13.511s][info][gc,heap     ] GC(8)                Mark Start          Mark End        Relocate Start      Relocate End           High               Low         
[2026-04-03T03:29:18.392+0600][13.511s][info][gc,heap     ] GC(8)  Capacity:      836M (56%)         836M (56%)         836M (56%)         836M (56%)         836M (56%)         836M (56%)    
[2026-04-03T03:29:18.392+0600][13.511s][info][gc,heap     ] GC(8)      Free:     1310M (87%)        1310M (87%)        1348M (90%)        1436M (96%)        1436M (96%)        1310M (87%)    
[2026-04-03T03:29:18.392+0600][13.511s][info][gc,heap     ] GC(8)      Used:      190M (13%)         190M (13%)         152M (10%)          64M (4%)          190M (13%)          64M (4%)     
[2026-04-03T03:29:18.392+0600][13.511s][info][gc,heap     ] GC(8)      Live:         -                32M (2%)           32M (2%)           32M (2%)             -                  -          
[2026-04-03T03:29:18.392+0600][13.511s][info][gc,heap     ] GC(8) Allocated:         -                 0M (0%)            0M (0%)            0M (0%)             -                  -          
[2026-04-03T03:29:18.392+0600][13.511s][info][gc,heap     ] GC(8)   Garbage:         -               157M (11%)         119M (8%)           31M (2%)             -                  -          
[2026-04-03T03:29:18.392+0600][13.511s][info][gc,heap     ] GC(8) Reclaimed:         -                  -                38M (3%)          126M (8%)             -                  -          
[2026-04-03T03:29:18.392+0600][13.511s][info][gc          ] GC(8) Garbage Collection (System.gc()) 190M(13%)->64M(4%)
[2026-04-03T03:29:20.685+0600][15.804s][info][gc,start    ] GC(9) Garbage Collection (Allocation Rate)
[2026-04-03T03:29:20.685+0600][15.804s][info][gc,task     ] GC(9) Using 3 workers
[2026-04-03T03:29:20.686+0600][15.804s][info][gc,phases   ] GC(9) Pause Mark Start 0.012ms
[2026-04-03T03:29:20.717+0600][15.835s][info][gc,phases   ] GC(9) Concurrent Mark 30.947ms
[2026-04-03T03:29:20.717+0600][15.836s][info][gc,phases   ] GC(9) Pause Mark End 0.040ms
[2026-04-03T03:29:20.717+0600][15.836s][info][gc,phases   ] GC(9) Concurrent Mark Free 0.001ms
[2026-04-03T03:29:20.735+0600][15.854s][info][gc,phases   ] GC(9) Concurrent Process Non-Strong References 18.133ms
[2026-04-03T03:29:20.735+0600][15.854s][info][gc,phases   ] GC(9) Concurrent Reset Relocation Set 0.008ms
[2026-04-03T03:29:20.740+0600][15.858s][info][gc,phases   ] GC(9) Concurrent Select Relocation Set 4.482ms
[2026-04-03T03:29:20.740+0600][15.859s][info][gc,phases   ] GC(9) Pause Relocate Start 0.017ms
[2026-04-03T03:29:20.747+0600][15.865s][info][gc,phases   ] GC(9) Concurrent Relocate 6.564ms
[2026-04-03T03:29:20.747+0600][15.866s][info][gc,load     ] GC(9) Load: 4.42/4.55/5.01
[2026-04-03T03:29:20.747+0600][15.866s][info][gc,mmu      ] GC(9) MMU: 2ms/91.5%, 5ms/96.6%, 10ms/98.2%, 20ms/99.1%, 50ms/99.6%, 100ms/99.8%
[2026-04-03T03:29:20.747+0600][15.866s][info][gc,marking  ] GC(9) Mark: 2 stripe(s), 3 proactive flush(es), 1 terminate flush(es), 0 completion(s), 0 continuation(s) 
[2026-04-03T03:29:20.747+0600][15.866s][info][gc,marking  ] GC(9) Mark Stack Usage: 32M
[2026-04-03T03:29:20.747+0600][15.866s][info][gc,nmethod  ] GC(9) NMethods: 4230 registered, 659 unregistered
[2026-04-03T03:29:20.747+0600][15.866s][info][gc,metaspace] GC(9) Metaspace: 64M used, 65M committed, 1088M reserved
[2026-04-03T03:29:20.747+0600][15.866s][info][gc,ref      ] GC(9) Soft: 4763 encountered, 0 discovered, 0 enqueued
[2026-04-03T03:29:20.747+0600][15.866s][info][gc,ref      ] GC(9) Weak: 5896 encountered, 4294 discovered, 769 enqueued
[2026-04-03T03:29:20.747+0600][15.866s][info][gc,ref      ] GC(9) Final: 82 encountered, 34 discovered, 0 enqueued
[2026-04-03T03:29:20.747+0600][15.866s][info][gc,ref      ] GC(9) Phantom: 604 encountered, 473 discovered, 1 enqueued
[2026-04-03T03:29:20.747+0600][15.866s][info][gc,reloc    ] GC(9) Small Pages: 341 / 682M, Empty: 484M, Relocated: 10M, In-Place: 0
[2026-04-03T03:29:20.747+0600][15.866s][info][gc,reloc    ] GC(9) Medium Pages: 2 / 64M, Empty: 32M, Relocated: 0M, In-Place: 0
[2026-04-03T03:29:20.747+0600][15.866s][info][gc,reloc    ] GC(9) Large Pages: 1 / 6M, Empty: 6M, Relocated: 0M, In-Place: 0
[2026-04-03T03:29:20.747+0600][15.866s][info][gc,reloc    ] GC(9) Forwarding Usage: 2M
[2026-04-03T03:29:20.747+0600][15.866s][info][gc,heap     ] GC(9) Min Capacity: 8M(1%)
[2026-04-03T03:29:20.747+0600][15.866s][info][gc,heap     ] GC(9) Max Capacity: 1500M(100%)
[2026-04-03T03:29:20.747+0600][15.866s][info][gc,heap     ] GC(9) Soft Max Capacity: 1500M(100%)
[2026-04-03T03:29:20.747+0600][15.866s][info][gc,heap     ] GC(9)                Mark Start          Mark End        Relocate Start      Relocate End           High               Low         
[2026-04-03T03:29:20.747+0600][15.866s][info][gc,heap     ] GC(9)  Capacity:      836M (56%)         836M (56%)         854M (57%)         854M (57%)         854M (57%)         836M (56%)    
[2026-04-03T03:29:20.747+0600][15.866s][info][gc,heap     ] GC(9)      Free:      748M (50%)         666M (44%)        1162M (77%)        1308M (87%)        1314M (88%)         646M (43%)    
[2026-04-03T03:29:20.747+0600][15.866s][info][gc,heap     ] GC(9)      Used:      752M (50%)         834M (56%)         338M (23%)         192M (13%)         854M (57%)         186M (12%)    
[2026-04-03T03:29:20.747+0600][15.866s][info][gc,heap     ] GC(9)      Live:         -                38M (3%)           38M (3%)           38M (3%)             -                  -          
[2026-04-03T03:29:20.747+0600][15.866s][info][gc,heap     ] GC(9) Allocated:         -                82M (5%)          108M (7%)          121M (8%)             -                  -          
[2026-04-03T03:29:20.747+0600][15.866s][info][gc,heap     ] GC(9)   Garbage:         -               713M (48%)         191M (13%)          32M (2%)             -                  -          
[2026-04-03T03:29:20.747+0600][15.866s][info][gc,heap     ] GC(9) Reclaimed:         -                  -               522M (35%)         681M (45%)            -                  -          
[2026-04-03T03:29:20.747+0600][15.866s][info][gc          ] GC(9) Garbage Collection (Allocation Rate) 752M(50%)->192M(13%)
[2026-04-03T03:29:20.785+0600][15.904s][info][gc,start    ] GC(10) Garbage Collection (Allocation Rate)
[2026-04-03T03:29:20.785+0600][15.904s][info][gc,task     ] GC(10) Using 3 workers
[2026-04-03T03:29:20.786+0600][15.904s][info][gc,phases   ] GC(10) Pause Mark Start 0.009ms
[2026-04-03T03:29:20.821+0600][15.940s][info][gc,phases   ] GC(10) Concurrent Mark 35.577ms
[2026-04-03T03:29:20.821+0600][15.940s][info][gc,phases   ] GC(10) Pause Mark End 0.027ms
[2026-04-03T03:29:20.822+0600][15.940s][info][gc,phases   ] GC(10) Concurrent Mark Free 0.001ms
[2026-04-03T03:29:20.828+0600][15.946s][info][gc,phases   ] GC(10) Concurrent Process Non-Strong References 6.057ms
[2026-04-03T03:29:20.828+0600][15.946s][info][gc,phases   ] GC(10) Concurrent Reset Relocation Set 0.016ms
[2026-04-03T03:29:20.831+0600][15.950s][info][gc,phases   ] GC(10) Concurrent Select Relocation Set 3.557ms
[2026-04-03T03:29:20.832+0600][15.950s][info][gc,phases   ] GC(10) Pause Relocate Start 0.022ms
[2026-04-03T03:29:20.833+0600][15.952s][info][gc,phases   ] GC(10) Concurrent Relocate 1.256ms
[2026-04-03T03:29:20.833+0600][15.952s][info][gc,load     ] GC(10) Load: 4.42/4.55/5.01
[2026-04-03T03:29:20.833+0600][15.952s][info][gc,mmu      ] GC(10) MMU: 2ms/91.5%, 5ms/96.6%, 10ms/98.2%, 20ms/99.1%, 50ms/99.6%, 100ms/99.8%
[2026-04-03T03:29:20.833+0600][15.952s][info][gc,marking  ] GC(10) Mark: 2 stripe(s), 2 proactive flush(es), 1 terminate flush(es), 0 completion(s), 0 continuation(s) 
[2026-04-03T03:29:20.833+0600][15.952s][info][gc,marking  ] GC(10) Mark Stack Usage: 32M
[2026-04-03T03:29:20.833+0600][15.952s][info][gc,nmethod  ] GC(10) NMethods: 4244 registered, 660 unregistered
[2026-04-03T03:29:20.833+0600][15.952s][info][gc,metaspace] GC(10) Metaspace: 64M used, 65M committed, 1088M reserved
[2026-04-03T03:29:20.833+0600][15.952s][info][gc,ref      ] GC(10) Soft: 4763 encountered, 0 discovered, 0 enqueued
[2026-04-03T03:29:20.833+0600][15.952s][info][gc,ref      ] GC(10) Weak: 5127 encountered, 703 discovered, 0 enqueued
[2026-04-03T03:29:20.833+0600][15.952s][info][gc,ref      ] GC(10) Final: 82 encountered, 74 discovered, 0 enqueued
[2026-04-03T03:29:20.833+0600][15.952s][info][gc,ref      ] GC(10) Phantom: 603 encountered, 391 discovered, 0 enqueued
[2026-04-03T03:29:20.833+0600][15.952s][info][gc,reloc    ] GC(10) Small Pages: 127 / 254M, Empty: 196M, Relocated: 1M, In-Place: 0
[2026-04-03T03:29:20.833+0600][15.952s][info][gc,reloc    ] GC(10) Medium Pages: 1 / 32M, Empty: 0M, Relocated: 0M, In-Place: 0
[2026-04-03T03:29:20.833+0600][15.952s][info][gc,reloc    ] GC(10) Large Pages: 0 / 0M, Empty: 0M, Relocated: 0M, In-Place: 0
[2026-04-03T03:29:20.833+0600][15.952s][info][gc,reloc    ] GC(10) Forwarding Usage: 0M
[2026-04-03T03:29:20.833+0600][15.952s][info][gc,heap     ] GC(10) Min Capacity: 8M(1%)
[2026-04-03T03:29:20.833+0600][15.952s][info][gc,heap     ] GC(10) Max Capacity: 1500M(100%)
[2026-04-03T03:29:20.833+0600][15.952s][info][gc,heap     ] GC(10) Soft Max Capacity: 1500M(100%)
[2026-04-03T03:29:20.833+0600][15.952s][info][gc,heap     ] GC(10)                Mark Start          Mark End        Relocate Start      Relocate End           High               Low         
[2026-04-03T03:29:20.833+0600][15.952s][info][gc,heap     ] GC(10)  Capacity:      854M (57%)         854M (57%)         854M (57%)         854M (57%)         854M (57%)         854M (57%)    
[2026-04-03T03:29:20.833+0600][15.952s][info][gc,heap     ] GC(10)      Free:     1214M (81%)        1132M (75%)        1306M (87%)        1324M (88%)        1324M (88%)        1120M (75%)    
[2026-04-03T03:29:20.833+0600][15.952s][info][gc,heap     ] GC(10)      Used:      286M (19%)         368M (25%)         194M (13%)         176M (12%)         380M (25%)         176M (12%)    
[2026-04-03T03:29:20.833+0600][15.952s][info][gc,heap     ] GC(10)      Live:         -                38M (3%)           38M (3%)           38M (3%)             -                  -          
[2026-04-03T03:29:20.833+0600][15.952s][info][gc,heap     ] GC(10) Allocated:         -                82M (5%)          104M (7%)          103M (7%)             -                  -          
[2026-04-03T03:29:20.833+0600][15.952s][info][gc,heap     ] GC(10)   Garbage:         -               247M (17%)          51M (3%)           33M (2%)             -                  -          
[2026-04-03T03:29:20.833+0600][15.952s][info][gc,heap     ] GC(10) Reclaimed:         -                  -               196M (13%)         213M (14%)            -                  -          
[2026-04-03T03:29:20.833+0600][15.952s][info][gc          ] GC(10) Garbage Collection (Allocation Rate) 286M(19%)->176M(12%)
[2026-04-03T03:29:20.885+0600][16.004s][info][gc,start    ] GC(11) Garbage Collection (Allocation Rate)
[2026-04-03T03:29:20.885+0600][16.004s][info][gc,task     ] GC(11) Using 3 workers
[2026-04-03T03:29:20.886+0600][16.004s][info][gc,phases   ] GC(11) Pause Mark Start 0.024ms
[2026-04-03T03:29:20.914+0600][16.032s][info][gc,phases   ] GC(11) Concurrent Mark 27.945ms
[2026-04-03T03:29:20.914+0600][16.033s][info][gc,phases   ] GC(11) Pause Mark End 0.028ms
[2026-04-03T03:29:20.914+0600][16.033s][info][gc,phases   ] GC(11) Concurrent Mark Free 0.001ms
[2026-04-03T03:29:20.920+0600][16.038s][info][gc,phases   ] GC(11) Concurrent Process Non-Strong References 5.318ms
[2026-04-03T03:29:20.920+0600][16.038s][info][gc,phases   ] GC(11) Concurrent Reset Relocation Set 0.003ms
[2026-04-03T03:29:20.923+0600][16.042s][info][gc,phases   ] GC(11) Concurrent Select Relocation Set 3.283ms
[2026-04-03T03:29:20.923+0600][16.042s][info][gc,phases   ] GC(11) Pause Relocate Start 0.024ms
[2026-04-03T03:29:20.924+0600][16.043s][info][gc,phases   ] GC(11) Concurrent Relocate 0.769ms
[2026-04-03T03:29:20.924+0600][16.043s][info][gc,load     ] GC(11) Load: 4.42/4.55/5.01
[2026-04-03T03:29:20.924+0600][16.043s][info][gc,mmu      ] GC(11) MMU: 2ms/91.5%, 5ms/96.6%, 10ms/98.2%, 20ms/99.1%, 50ms/99.6%, 100ms/99.8%
[2026-04-03T03:29:20.924+0600][16.043s][info][gc,marking  ] GC(11) Mark: 2 stripe(s), 3 proactive flush(es), 1 terminate flush(es), 0 completion(s), 0 continuation(s) 
[2026-04-03T03:29:20.924+0600][16.043s][info][gc,marking  ] GC(11) Mark Stack Usage: 32M
[2026-04-03T03:29:20.924+0600][16.043s][info][gc,nmethod  ] GC(11) NMethods: 4251 registered, 664 unregistered
[2026-04-03T03:29:20.924+0600][16.043s][info][gc,metaspace] GC(11) Metaspace: 64M used, 65M committed, 1088M reserved
[2026-04-03T03:29:20.924+0600][16.043s][info][gc,ref      ] GC(11) Soft: 4763 encountered, 0 discovered, 0 enqueued
[2026-04-03T03:29:20.924+0600][16.043s][info][gc,ref      ] GC(11) Weak: 5127 encountered, 2746 discovered, 0 enqueued
[2026-04-03T03:29:20.924+0600][16.043s][info][gc,ref      ] GC(11) Final: 82 encountered, 66 discovered, 0 enqueued
[2026-04-03T03:29:20.924+0600][16.043s][info][gc,ref      ] GC(11) Phantom: 603 encountered, 423 discovered, 0 enqueued
[2026-04-03T03:29:20.924+0600][16.043s][info][gc,reloc    ] GC(11) Small Pages: 146 / 292M, Empty: 234M, Relocated: 1M, In-Place: 0
[2026-04-03T03:29:20.924+0600][16.043s][info][gc,reloc    ] GC(11) Medium Pages: 1 / 32M, Empty: 0M, Relocated: 0M, In-Place: 0
[2026-04-03T03:29:20.924+0600][16.043s][info][gc,reloc    ] GC(11) Large Pages: 0 / 0M, Empty: 0M, Relocated: 0M, In-Place: 0
[2026-04-03T03:29:20.924+0600][16.043s][info][gc,reloc    ] GC(11) Forwarding Usage: 0M
[2026-04-03T03:29:20.924+0600][16.043s][info][gc,heap     ] GC(11) Min Capacity: 8M(1%)
[2026-04-03T03:29:20.924+0600][16.043s][info][gc,heap     ] GC(11) Max Capacity: 1500M(100%)
[2026-04-03T03:29:20.924+0600][16.043s][info][gc,heap     ] GC(11) Soft Max Capacity: 1500M(100%)
[2026-04-03T03:29:20.924+0600][16.043s][info][gc,heap     ] GC(11)                Mark Start          Mark End        Relocate Start      Relocate End           High               Low         
[2026-04-03T03:29:20.924+0600][16.043s][info][gc,heap     ] GC(11)  Capacity:      854M (57%)         854M (57%)         854M (57%)         854M (57%)         854M (57%)         854M (57%)    
[2026-04-03T03:29:20.924+0600][16.043s][info][gc,heap     ] GC(11)      Free:     1176M (78%)        1112M (74%)        1328M (89%)        1344M (90%)        1344M (90%)        1104M (74%)    
[2026-04-03T03:29:20.924+0600][16.043s][info][gc,heap     ] GC(11)      Used:      324M (22%)         388M (26%)         172M (11%)         156M (10%)         396M (26%)         156M (10%)    
[2026-04-03T03:29:20.925+0600][16.043s][info][gc,heap     ] GC(11)      Live:         -                38M (3%)           38M (3%)           38M (3%)             -                  -          
[2026-04-03T03:29:20.925+0600][16.043s][info][gc,heap     ] GC(11) Allocated:         -                64M (4%)           82M (5%)           83M (6%)             -                  -          
[2026-04-03T03:29:20.925+0600][16.043s][info][gc,heap     ] GC(11)   Garbage:         -               285M (19%)          51M (3%)           33M (2%)             -                  -          
[2026-04-03T03:29:20.925+0600][16.043s][info][gc,heap     ] GC(11) Reclaimed:         -                  -               234M (16%)         251M (17%)            -                  -          
[2026-04-03T03:29:20.925+0600][16.043s][info][gc          ] GC(11) Garbage Collection (Allocation Rate) 324M(22%)->156M(10%)
[2026-04-03T03:29:20.986+0600][16.104s][info][gc,start    ] GC(12) Garbage Collection (Allocation Rate)
[2026-04-03T03:29:20.986+0600][16.104s][info][gc,task     ] GC(12) Using 3 workers
[2026-04-03T03:29:20.986+0600][16.105s][info][gc,phases   ] GC(12) Pause Mark Start 0.036ms
[2026-04-03T03:29:21.014+0600][16.133s][info][gc,phases   ] GC(12) Concurrent Mark 28.042ms
[2026-04-03T03:29:21.014+0600][16.133s][info][gc,phases   ] GC(12) Pause Mark End 0.021ms
[2026-04-03T03:29:21.015+0600][16.133s][info][gc,phases   ] GC(12) Concurrent Mark Free 0.001ms
[2026-04-03T03:29:21.020+0600][16.138s][info][gc,phases   ] GC(12) Concurrent Process Non-Strong References 5.100ms
[2026-04-03T03:29:21.020+0600][16.138s][info][gc,phases   ] GC(12) Concurrent Reset Relocation Set 0.004ms
[2026-04-03T03:29:21.023+0600][16.142s][info][gc,phases   ] GC(12) Concurrent Select Relocation Set 3.452ms
[2026-04-03T03:29:21.023+0600][16.142s][info][gc,phases   ] GC(12) Pause Relocate Start 0.014ms
[2026-04-03T03:29:21.024+0600][16.143s][info][gc,phases   ] GC(12) Concurrent Relocate 0.761ms
[2026-04-03T03:29:21.025+0600][16.143s][info][gc,load     ] GC(12) Load: 4.42/4.55/5.01
[2026-04-03T03:29:21.025+0600][16.143s][info][gc,mmu      ] GC(12) MMU: 2ms/91.5%, 5ms/96.6%, 10ms/98.2%, 20ms/99.1%, 50ms/99.6%, 100ms/99.8%
[2026-04-03T03:29:21.025+0600][16.143s][info][gc,marking  ] GC(12) Mark: 2 stripe(s), 3 proactive flush(es), 1 terminate flush(es), 0 completion(s), 0 continuation(s) 
[2026-04-03T03:29:21.025+0600][16.143s][info][gc,marking  ] GC(12) Mark Stack Usage: 32M
[2026-04-03T03:29:21.025+0600][16.143s][info][gc,nmethod  ] GC(12) NMethods: 4250 registered, 666 unregistered
[2026-04-03T03:29:21.025+0600][16.143s][info][gc,metaspace] GC(12) Metaspace: 64M used, 65M committed, 1088M reserved
[2026-04-03T03:29:21.025+0600][16.143s][info][gc,ref      ] GC(12) Soft: 4763 encountered, 0 discovered, 0 enqueued
[2026-04-03T03:29:21.025+0600][16.143s][info][gc,ref      ] GC(12) Weak: 5127 encountered, 992 discovered, 0 enqueued
[2026-04-03T03:29:21.025+0600][16.143s][info][gc,ref      ] GC(12) Final: 82 encountered, 75 discovered, 0 enqueued
[2026-04-03T03:29:21.025+0600][16.143s][info][gc,ref      ] GC(12) Phantom: 603 encountered, 331 discovered, 0 enqueued
[2026-04-03T03:29:21.025+0600][16.143s][info][gc,reloc    ] GC(12) Small Pages: 150 / 300M, Empty: 242M, Relocated: 1M, In-Place: 0
[2026-04-03T03:29:21.025+0600][16.143s][info][gc,reloc    ] GC(12) Medium Pages: 1 / 32M, Empty: 0M, Relocated: 0M, In-Place: 0
[2026-04-03T03:29:21.025+0600][16.143s][info][gc,reloc    ] GC(12) Large Pages: 0 / 0M, Empty: 0M, Relocated: 0M, In-Place: 0
[2026-04-03T03:29:21.025+0600][16.143s][info][gc,reloc    ] GC(12) Forwarding Usage: 0M
[2026-04-03T03:29:21.025+0600][16.143s][info][gc,heap     ] GC(12) Min Capacity: 8M(1%)
[2026-04-03T03:29:21.025+0600][16.143s][info][gc,heap     ] GC(12) Max Capacity: 1500M(100%)
[2026-04-03T03:29:21.025+0600][16.143s][info][gc,heap     ] GC(12) Soft Max Capacity: 1500M(100%)
[2026-04-03T03:29:21.025+0600][16.143s][info][gc,heap     ] GC(12)                Mark Start          Mark End        Relocate Start      Relocate End           High               Low         
[2026-04-03T03:29:21.025+0600][16.143s][info][gc,heap     ] GC(12)  Capacity:      854M (57%)         854M (57%)         854M (57%)         854M (57%)         854M (57%)         854M (57%)    
[2026-04-03T03:29:21.025+0600][16.143s][info][gc,heap     ] GC(12)      Free:     1168M (78%)        1096M (73%)        1318M (88%)        1334M (89%)        1336M (89%)        1084M (72%)    
[2026-04-03T03:29:21.025+0600][16.143s][info][gc,heap     ] GC(12)      Used:      332M (22%)         404M (27%)         182M (12%)         166M (11%)         416M (28%)         164M (11%)    
[2026-04-03T03:29:21.025+0600][16.143s][info][gc,heap     ] GC(12)      Live:         -                38M (3%)           38M (3%)           38M (3%)             -                  -          
[2026-04-03T03:29:21.025+0600][16.143s][info][gc,heap     ] GC(12) Allocated:         -                72M (5%)           92M (6%)           93M (6%)             -                  -          
[2026-04-03T03:29:21.025+0600][16.143s][info][gc,heap     ] GC(12)   Garbage:         -               293M (20%)          51M (3%)           33M (2%)             -                  -          
[2026-04-03T03:29:21.025+0600][16.143s][info][gc,heap     ] GC(12) Reclaimed:         -                  -               242M (16%)         259M (17%)            -                  -          
[2026-04-03T03:29:21.025+0600][16.143s][info][gc          ] GC(12) Garbage Collection (Allocation Rate) 332M(22%)->166M(11%)
[2026-04-03T03:29:21.085+0600][16.203s][info][gc,start    ] GC(13) Garbage Collection (Allocation Rate)
[2026-04-03T03:29:21.085+0600][16.203s][info][gc,task     ] GC(13) Using 3 workers
[2026-04-03T03:29:21.085+0600][16.204s][info][gc,phases   ] GC(13) Pause Mark Start 0.010ms
[2026-04-03T03:29:21.113+0600][16.232s][info][gc,phases   ] GC(13) Concurrent Mark 28.040ms
[2026-04-03T03:29:21.113+0600][16.232s][info][gc,phases   ] GC(13) Pause Mark End 0.052ms
[2026-04-03T03:29:21.114+0600][16.232s][info][gc,phases   ] GC(13) Concurrent Mark Free 0.001ms
[2026-04-03T03:29:21.120+0600][16.238s][info][gc,phases   ] GC(13) Concurrent Process Non-Strong References 6.288ms
[2026-04-03T03:29:21.120+0600][16.239s][info][gc,phases   ] GC(13) Concurrent Reset Relocation Set 0.003ms
[2026-04-03T03:29:21.123+0600][16.242s][info][gc,phases   ] GC(13) Concurrent Select Relocation Set 3.256ms
[2026-04-03T03:29:21.123+0600][16.242s][info][gc,phases   ] GC(13) Pause Relocate Start 0.015ms
[2026-04-03T03:29:21.124+0600][16.243s][info][gc,phases   ] GC(13) Concurrent Relocate 0.800ms
[2026-04-03T03:29:21.124+0600][16.243s][info][gc,load     ] GC(13) Load: 4.42/4.55/5.01
[2026-04-03T03:29:21.124+0600][16.243s][info][gc,mmu      ] GC(13) MMU: 2ms/91.5%, 5ms/96.6%, 10ms/98.2%, 20ms/99.1%, 50ms/99.6%, 100ms/99.8%
[2026-04-03T03:29:21.124+0600][16.243s][info][gc,marking  ] GC(13) Mark: 2 stripe(s), 2 proactive flush(es), 1 terminate flush(es), 0 completion(s), 0 continuation(s) 
[2026-04-03T03:29:21.125+0600][16.243s][info][gc,marking  ] GC(13) Mark Stack Usage: 32M
[2026-04-03T03:29:21.125+0600][16.243s][info][gc,nmethod  ] GC(13) NMethods: 4262 registered, 667 unregistered
[2026-04-03T03:29:21.125+0600][16.243s][info][gc,metaspace] GC(13) Metaspace: 64M used, 65M committed, 1088M reserved
[2026-04-03T03:29:21.125+0600][16.243s][info][gc,ref      ] GC(13) Soft: 4763 encountered, 0 discovered, 0 enqueued
[2026-04-03T03:29:21.125+0600][16.243s][info][gc,ref      ] GC(13) Weak: 5127 encountered, 2293 discovered, 0 enqueued
[2026-04-03T03:29:21.125+0600][16.243s][info][gc,ref      ] GC(13) Final: 82 encountered, 82 discovered, 0 enqueued
[2026-04-03T03:29:21.125+0600][16.243s][info][gc,ref      ] GC(13) Phantom: 603 encountered, 462 discovered, 0 enqueued
[2026-04-03T03:29:21.125+0600][16.243s][info][gc,reloc    ] GC(13) Small Pages: 155 / 310M, Empty: 254M, Relocated: 1M, In-Place: 0
[2026-04-03T03:29:21.125+0600][16.243s][info][gc,reloc    ] GC(13) Medium Pages: 1 / 32M, Empty: 0M, Relocated: 0M, In-Place: 0
[2026-04-03T03:29:21.125+0600][16.243s][info][gc,reloc    ] GC(13) Large Pages: 0 / 0M, Empty: 0M, Relocated: 0M, In-Place: 0
[2026-04-03T03:29:21.125+0600][16.243s][info][gc,reloc    ] GC(13) Forwarding Usage: 0M
[2026-04-03T03:29:21.125+0600][16.243s][info][gc,heap     ] GC(13) Min Capacity: 8M(1%)
[2026-04-03T03:29:21.125+0600][16.243s][info][gc,heap     ] GC(13) Max Capacity: 1500M(100%)
[2026-04-03T03:29:21.125+0600][16.243s][info][gc,heap     ] GC(13) Soft Max Capacity: 1500M(100%)
[2026-04-03T03:29:21.125+0600][16.243s][info][gc,heap     ] GC(13)                Mark Start          Mark End        Relocate Start      Relocate End           High               Low         
[2026-04-03T03:29:21.125+0600][16.243s][info][gc,heap     ] GC(13)  Capacity:      854M (57%)         854M (57%)         854M (57%)         854M (57%)         854M (57%)         854M (57%)    
[2026-04-03T03:29:21.125+0600][16.243s][info][gc,heap     ] GC(13)      Free:     1158M (77%)        1082M (72%)        1314M (88%)        1328M (89%)        1328M (89%)        1070M (71%)    
[2026-04-03T03:29:21.125+0600][16.243s][info][gc,heap     ] GC(13)      Used:      342M (23%)         418M (28%)         186M (12%)         172M (11%)         430M (29%)         172M (11%)    
[2026-04-03T03:29:21.125+0600][16.243s][info][gc,heap     ] GC(13)      Live:         -                38M (3%)           38M (3%)           38M (3%)             -                  -          
[2026-04-03T03:29:21.125+0600][16.243s][info][gc,heap     ] GC(13) Allocated:         -                76M (5%)           98M (7%)           99M (7%)             -                  -          
[2026-04-03T03:29:21.125+0600][16.243s][info][gc,heap     ] GC(13)   Garbage:         -               303M (20%)          49M (3%)           33M (2%)             -                  -          
[2026-04-03T03:29:21.125+0600][16.243s][info][gc,heap     ] GC(13) Reclaimed:         -                  -               254M (17%)         269M (18%)            -                  -          
[2026-04-03T03:29:21.125+0600][16.243s][info][gc          ] GC(13) Garbage Collection (Allocation Rate) 342M(23%)->172M(11%)
[2026-04-03T03:29:21.185+0600][16.304s][info][gc,start    ] GC(14) Garbage Collection (Allocation Rate)
[2026-04-03T03:29:21.185+0600][16.304s][info][gc,task     ] GC(14) Using 3 workers
[2026-04-03T03:29:21.185+0600][16.304s][info][gc,phases   ] GC(14) Pause Mark Start 0.010ms
[2026-04-03T03:29:21.210+0600][16.329s][info][gc,phases   ] GC(14) Concurrent Mark 25.099ms
[2026-04-03T03:29:21.211+0600][16.329s][info][gc,phases   ] GC(14) Pause Mark End 0.022ms
[2026-04-03T03:29:21.211+0600][16.329s][info][gc,phases   ] GC(14) Concurrent Mark Free 0.003ms
[2026-04-03T03:29:21.216+0600][16.334s][info][gc,phases   ] GC(14) Concurrent Process Non-Strong References 4.832ms
[2026-04-03T03:29:21.216+0600][16.334s][info][gc,phases   ] GC(14) Concurrent Reset Relocation Set 0.002ms
[2026-04-03T03:29:21.218+0600][16.337s][info][gc,phases   ] GC(14) Concurrent Select Relocation Set 2.426ms
[2026-04-03T03:29:21.218+0600][16.337s][info][gc,phases   ] GC(14) Pause Relocate Start 0.027ms
[2026-04-03T03:29:21.219+0600][16.338s][info][gc,phases   ] GC(14) Concurrent Relocate 0.621ms
[2026-04-03T03:29:21.219+0600][16.338s][info][gc,load     ] GC(14) Load: 4.42/4.55/5.01
[2026-04-03T03:29:21.219+0600][16.338s][info][gc,mmu      ] GC(14) MMU: 2ms/91.5%, 5ms/96.6%, 10ms/98.2%, 20ms/99.1%, 50ms/99.6%, 100ms/99.8%
[2026-04-03T03:29:21.219+0600][16.338s][info][gc,marking  ] GC(14) Mark: 2 stripe(s), 2 proactive flush(es), 1 terminate flush(es), 0 completion(s), 0 continuation(s) 
[2026-04-03T03:29:21.219+0600][16.338s][info][gc,marking  ] GC(14) Mark Stack Usage: 32M
[2026-04-03T03:29:21.219+0600][16.338s][info][gc,nmethod  ] GC(14) NMethods: 4264 registered, 674 unregistered
[2026-04-03T03:29:21.219+0600][16.338s][info][gc,metaspace] GC(14) Metaspace: 64M used, 65M committed, 1088M reserved
[2026-04-03T03:29:21.219+0600][16.338s][info][gc,ref      ] GC(14) Soft: 4763 encountered, 0 discovered, 0 enqueued
[2026-04-03T03:29:21.219+0600][16.338s][info][gc,ref      ] GC(14) Weak: 5127 encountered, 3771 discovered, 0 enqueued
[2026-04-03T03:29:21.219+0600][16.338s][info][gc,ref      ] GC(14) Final: 82 encountered, 66 discovered, 0 enqueued
[2026-04-03T03:29:21.219+0600][16.338s][info][gc,ref      ] GC(14) Phantom: 603 encountered, 590 discovered, 0 enqueued
[2026-04-03T03:29:21.219+0600][16.338s][info][gc,reloc    ] GC(14) Small Pages: 151 / 302M, Empty: 244M, Relocated: 1M, In-Place: 0
[2026-04-03T03:29:21.219+0600][16.338s][info][gc,reloc    ] GC(14) Medium Pages: 1 / 32M, Empty: 0M, Relocated: 0M, In-Place: 0
[2026-04-03T03:29:21.219+0600][16.338s][info][gc,reloc    ] GC(14) Large Pages: 0 / 0M, Empty: 0M, Relocated: 0M, In-Place: 0
[2026-04-03T03:29:21.219+0600][16.338s][info][gc,reloc    ] GC(14) Forwarding Usage: 0M
[2026-04-03T03:29:21.219+0600][16.338s][info][gc,heap     ] GC(14) Min Capacity: 8M(1%)
[2026-04-03T03:29:21.219+0600][16.338s][info][gc,heap     ] GC(14) Max Capacity: 1500M(100%)
[2026-04-03T03:29:21.219+0600][16.338s][info][gc,heap     ] GC(14) Soft Max Capacity: 1500M(100%)
[2026-04-03T03:29:21.219+0600][16.338s][info][gc,heap     ] GC(14)                Mark Start          Mark End        Relocate Start      Relocate End           High               Low         
[2026-04-03T03:29:21.219+0600][16.338s][info][gc,heap     ] GC(14)  Capacity:      854M (57%)         854M (57%)         854M (57%)         854M (57%)         854M (57%)         854M (57%)    
[2026-04-03T03:29:21.219+0600][16.338s][info][gc,heap     ] GC(14)      Free:     1166M (78%)        1148M (77%)        1378M (92%)        1394M (93%)        1394M (93%)        1138M (76%)    
[2026-04-03T03:29:21.219+0600][16.338s][info][gc,heap     ] GC(14)      Used:      334M (22%)         352M (23%)         122M (8%)          106M (7%)          362M (24%)         106M (7%)     
[2026-04-03T03:29:21.219+0600][16.338s][info][gc,heap     ] GC(14)      Live:         -                38M (3%)           38M (3%)           38M (3%)             -                  -          
[2026-04-03T03:29:21.219+0600][16.338s][info][gc,heap     ] GC(14) Allocated:         -                18M (1%)           32M (2%)           33M (2%)             -                  -          
[2026-04-03T03:29:21.219+0600][16.338s][info][gc,heap     ] GC(14)   Garbage:         -               295M (20%)          51M (3%)           33M (2%)             -                  -          
[2026-04-03T03:29:21.219+0600][16.338s][info][gc,heap     ] GC(14) Reclaimed:         -                  -               244M (16%)         261M (17%)            -                  -          
[2026-04-03T03:29:21.219+0600][16.338s][info][gc          ] GC(14) Garbage Collection (Allocation Rate) 334M(22%)->106M(7%)
[2026-04-03T03:29:21.385+0600][16.504s][info][gc,start    ] GC(15) Garbage Collection (Allocation Rate)
[2026-04-03T03:29:21.385+0600][16.504s][info][gc,task     ] GC(15) Using 3 workers
[2026-04-03T03:29:21.386+0600][16.504s][info][gc,phases   ] GC(15) Pause Mark Start 0.015ms
[2026-04-03T03:29:21.412+0600][16.530s][info][gc,phases   ] GC(15) Concurrent Mark 25.887ms
[2026-04-03T03:29:21.412+0600][16.531s][info][gc,phases   ] GC(15) Pause Mark End 0.050ms
[2026-04-03T03:29:21.412+0600][16.531s][info][gc,phases   ] GC(15) Concurrent Mark Free 0.002ms
[2026-04-03T03:29:21.418+0600][16.536s][info][gc,phases   ] GC(15) Concurrent Process Non-Strong References 5.417ms
[2026-04-03T03:29:21.418+0600][16.536s][info][gc,phases   ] GC(15) Concurrent Reset Relocation Set 0.004ms
[2026-04-03T03:29:21.421+0600][16.540s][info][gc,phases   ] GC(15) Concurrent Select Relocation Set 3.443ms
[2026-04-03T03:29:21.421+0600][16.540s][info][gc,phases   ] GC(15) Pause Relocate Start 0.040ms
[2026-04-03T03:29:21.422+0600][16.541s][info][gc,phases   ] GC(15) Concurrent Relocate 0.681ms
[2026-04-03T03:29:21.422+0600][16.541s][info][gc,load     ] GC(15) Load: 4.42/4.55/5.01
[2026-04-03T03:29:21.422+0600][16.541s][info][gc,mmu      ] GC(15) MMU: 2ms/91.5%, 5ms/96.6%, 10ms/98.2%, 20ms/99.1%, 50ms/99.6%, 100ms/99.8%
[2026-04-03T03:29:21.422+0600][16.541s][info][gc,marking  ] GC(15) Mark: 2 stripe(s), 2 proactive flush(es), 1 terminate flush(es), 0 completion(s), 0 continuation(s) 
[2026-04-03T03:29:21.422+0600][16.541s][info][gc,marking  ] GC(15) Mark Stack Usage: 32M
[2026-04-03T03:29:21.422+0600][16.541s][info][gc,nmethod  ] GC(15) NMethods: 4270 registered, 679 unregistered
[2026-04-03T03:29:21.422+0600][16.541s][info][gc,metaspace] GC(15) Metaspace: 64M used, 65M committed, 1088M reserved
[2026-04-03T03:29:21.422+0600][16.541s][info][gc,ref      ] GC(15) Soft: 4763 encountered, 0 discovered, 0 enqueued
[2026-04-03T03:29:21.422+0600][16.541s][info][gc,ref      ] GC(15) Weak: 5127 encountered, 2933 discovered, 0 enqueued
[2026-04-03T03:29:21.422+0600][16.541s][info][gc,ref      ] GC(15) Final: 82 encountered, 50 discovered, 0 enqueued
[2026-04-03T03:29:21.422+0600][16.541s][info][gc,ref      ] GC(15) Phantom: 603 encountered, 449 discovered, 0 enqueued
[2026-04-03T03:29:21.422+0600][16.541s][info][gc,reloc    ] GC(15) Small Pages: 281 / 562M, Empty: 498M, Relocated: 1M, In-Place: 0
[2026-04-03T03:29:21.422+0600][16.541s][info][gc,reloc    ] GC(15) Medium Pages: 1 / 32M, Empty: 0M, Relocated: 0M, In-Place: 0
[2026-04-03T03:29:21.422+0600][16.541s][info][gc,reloc    ] GC(15) Large Pages: 0 / 0M, Empty: 0M, Relocated: 0M, In-Place: 0
[2026-04-03T03:29:21.422+0600][16.541s][info][gc,reloc    ] GC(15) Forwarding Usage: 0M
[2026-04-03T03:29:21.422+0600][16.541s][info][gc,heap     ] GC(15) Min Capacity: 8M(1%)
[2026-04-03T03:29:21.422+0600][16.541s][info][gc,heap     ] GC(15) Max Capacity: 1500M(100%)
[2026-04-03T03:29:21.422+0600][16.541s][info][gc,heap     ] GC(15) Soft Max Capacity: 1500M(100%)
[2026-04-03T03:29:21.422+0600][16.541s][info][gc,heap     ] GC(15)                Mark Start          Mark End        Relocate Start      Relocate End           High               Low         
[2026-04-03T03:29:21.423+0600][16.541s][info][gc,heap     ] GC(15)  Capacity:      854M (57%)         854M (57%)         854M (57%)         854M (57%)         854M (57%)         854M (57%)    
[2026-04-03T03:29:21.423+0600][16.541s][info][gc,heap     ] GC(15)      Free:      906M (60%)         836M (56%)        1314M (88%)        1338M (89%)        1338M (89%)         824M (55%)    
[2026-04-03T03:29:21.423+0600][16.541s][info][gc,heap     ] GC(15)      Used:      594M (40%)         664M (44%)         186M (12%)         162M (11%)         676M (45%)         162M (11%)    
[2026-04-03T03:29:21.423+0600][16.541s][info][gc,heap     ] GC(15)      Live:         -                38M (3%)           38M (3%)           38M (3%)             -                  -          
[2026-04-03T03:29:21.423+0600][16.541s][info][gc,heap     ] GC(15) Allocated:         -                70M (5%)           90M (6%)           89M (6%)             -                  -          
[2026-04-03T03:29:21.423+0600][16.541s][info][gc,heap     ] GC(15)   Garbage:         -               555M (37%)          57M (4%)           33M (2%)             -                  -          
[2026-04-03T03:29:21.423+0600][16.541s][info][gc,heap     ] GC(15) Reclaimed:         -                  -               498M (33%)         521M (35%)            -                  -          
[2026-04-03T03:29:21.423+0600][16.541s][info][gc          ] GC(15) Garbage Collection (Allocation Rate) 594M(40%)->162M(11%)
[2026-04-03T03:29:21.485+0600][16.604s][info][gc,start    ] GC(16) Garbage Collection (Allocation Rate)
[2026-04-03T03:29:21.485+0600][16.604s][info][gc,task     ] GC(16) Using 3 workers
[2026-04-03T03:29:21.486+0600][16.604s][info][gc,phases   ] GC(16) Pause Mark Start 0.019ms
[2026-04-03T03:29:21.512+0600][16.630s][info][gc,phases   ] GC(16) Concurrent Mark 25.825ms
[2026-04-03T03:29:21.512+0600][16.631s][info][gc,phases   ] GC(16) Pause Mark End 0.071ms
[2026-04-03T03:29:21.512+0600][16.631s][info][gc,phases   ] GC(16) Concurrent Mark Free 0.003ms
[2026-04-03T03:29:21.518+0600][16.636s][info][gc,phases   ] GC(16) Concurrent Process Non-Strong References 5.331ms
[2026-04-03T03:29:21.518+0600][16.636s][info][gc,phases   ] GC(16) Concurrent Reset Relocation Set 0.003ms
[2026-04-03T03:29:21.520+0600][16.639s][info][gc,phases   ] GC(16) Concurrent Select Relocation Set 2.549ms
[2026-04-03T03:29:21.521+0600][16.639s][info][gc,phases   ] GC(16) Pause Relocate Start 0.012ms
[2026-04-03T03:29:21.521+0600][16.640s][info][gc,phases   ] GC(16) Concurrent Relocate 0.634ms
[2026-04-03T03:29:21.521+0600][16.640s][info][gc,load     ] GC(16) Load: 4.42/4.55/5.01
[2026-04-03T03:29:21.521+0600][16.640s][info][gc,mmu      ] GC(16) MMU: 2ms/91.5%, 5ms/96.6%, 10ms/98.2%, 20ms/99.1%, 50ms/99.6%, 100ms/99.8%
[2026-04-03T03:29:21.521+0600][16.640s][info][gc,marking  ] GC(16) Mark: 2 stripe(s), 2 proactive flush(es), 1 terminate flush(es), 0 completion(s), 0 continuation(s) 
[2026-04-03T03:29:21.522+0600][16.640s][info][gc,marking  ] GC(16) Mark Stack Usage: 32M
[2026-04-03T03:29:21.522+0600][16.640s][info][gc,nmethod  ] GC(16) NMethods: 4270 registered, 680 unregistered
[2026-04-03T03:29:21.522+0600][16.640s][info][gc,metaspace] GC(16) Metaspace: 64M used, 65M committed, 1088M reserved
[2026-04-03T03:29:21.522+0600][16.640s][info][gc,ref      ] GC(16) Soft: 4763 encountered, 0 discovered, 0 enqueued
[2026-04-03T03:29:21.522+0600][16.640s][info][gc,ref      ] GC(16) Weak: 5127 encountered, 2888 discovered, 0 enqueued
[2026-04-03T03:29:21.522+0600][16.640s][info][gc,ref      ] GC(16) Final: 82 encountered, 82 discovered, 0 enqueued
[2026-04-03T03:29:21.522+0600][16.640s][info][gc,ref      ] GC(16) Phantom: 603 encountered, 410 discovered, 0 enqueued
[2026-04-03T03:29:21.522+0600][16.640s][info][gc,reloc    ] GC(16) Small Pages: 158 / 316M, Empty: 262M, Relocated: 1M, In-Place: 0
[2026-04-03T03:29:21.522+0600][16.640s][info][gc,reloc    ] GC(16) Medium Pages: 1 / 32M, Empty: 0M, Relocated: 0M, In-Place: 0
[2026-04-03T03:29:21.522+0600][16.640s][info][gc,reloc    ] GC(16) Large Pages: 0 / 0M, Empty: 0M, Relocated: 0M, In-Place: 0
[2026-04-03T03:29:21.522+0600][16.640s][info][gc,reloc    ] GC(16) Forwarding Usage: 0M
[2026-04-03T03:29:21.522+0600][16.640s][info][gc,heap     ] GC(16) Min Capacity: 8M(1%)
[2026-04-03T03:29:21.522+0600][16.640s][info][gc,heap     ] GC(16) Max Capacity: 1500M(100%)
[2026-04-03T03:29:21.522+0600][16.640s][info][gc,heap     ] GC(16) Soft Max Capacity: 1500M(100%)
[2026-04-03T03:29:21.522+0600][16.640s][info][gc,heap     ] GC(16)                Mark Start          Mark End        Relocate Start      Relocate End           High               Low         
[2026-04-03T03:29:21.522+0600][16.640s][info][gc,heap     ] GC(16)  Capacity:      854M (57%)         854M (57%)         854M (57%)         854M (57%)         854M (57%)         854M (57%)    
[2026-04-03T03:29:21.522+0600][16.640s][info][gc,heap     ] GC(16)      Free:     1152M (77%)        1090M (73%)        1334M (89%)        1348M (90%)        1348M (90%)        1078M (72%)    
[2026-04-03T03:29:21.522+0600][16.640s][info][gc,heap     ] GC(16)      Used:      348M (23%)         410M (27%)         166M (11%)         152M (10%)         422M (28%)         152M (10%)    
[2026-04-03T03:29:21.522+0600][16.640s][info][gc,heap     ] GC(16)      Live:         -                38M (3%)           38M (3%)           38M (3%)             -                  -          
[2026-04-03T03:29:21.522+0600][16.640s][info][gc,heap     ] GC(16) Allocated:         -                62M (4%)           80M (5%)           79M (5%)             -                  -          
[2026-04-03T03:29:21.522+0600][16.640s][info][gc,heap     ] GC(16)   Garbage:         -               309M (21%)          47M (3%)           33M (2%)             -                  -          
[2026-04-03T03:29:21.522+0600][16.640s][info][gc,heap     ] GC(16) Reclaimed:         -                  -               262M (17%)         275M (18%)            -                  -          
[2026-04-03T03:29:21.522+0600][16.640s][info][gc          ] GC(16) Garbage Collection (Allocation Rate) 348M(23%)->152M(10%)
[2026-04-03T03:29:21.685+0600][16.803s][info][gc,start    ] GC(17) Garbage Collection (Allocation Rate)
[2026-04-03T03:29:21.685+0600][16.804s][info][gc,task     ] GC(17) Using 3 workers
[2026-04-03T03:29:21.685+0600][16.804s][info][gc,phases   ] GC(17) Pause Mark Start 0.011ms
[2026-04-03T03:29:21.711+0600][16.829s][info][gc,phases   ] GC(17) Concurrent Mark 25.530ms
[2026-04-03T03:29:21.711+0600][16.830s][info][gc,phases   ] GC(17) Pause Mark End 0.052ms
[2026-04-03T03:29:21.711+0600][16.830s][info][gc,phases   ] GC(17) Concurrent Mark Free 0.002ms
[2026-04-03T03:29:21.716+0600][16.835s][info][gc,phases   ] GC(17) Concurrent Process Non-Strong References 5.167ms
[2026-04-03T03:29:21.717+0600][16.835s][info][gc,phases   ] GC(17) Concurrent Reset Relocation Set 0.003ms
[2026-04-03T03:29:21.719+0600][16.838s][info][gc,phases   ] GC(17) Concurrent Select Relocation Set 2.418ms
[2026-04-03T03:29:21.719+0600][16.838s][info][gc,phases   ] GC(17) Pause Relocate Start 0.047ms
[2026-04-03T03:29:21.720+0600][16.839s][info][gc,phases   ] GC(17) Concurrent Relocate 0.581ms
[2026-04-03T03:29:21.720+0600][16.839s][info][gc,load     ] GC(17) Load: 4.42/4.55/5.01
[2026-04-03T03:29:21.720+0600][16.839s][info][gc,mmu      ] GC(17) MMU: 2ms/91.5%, 5ms/96.6%, 10ms/98.2%, 20ms/99.1%, 50ms/99.6%, 100ms/99.8%
[2026-04-03T03:29:21.720+0600][16.839s][info][gc,marking  ] GC(17) Mark: 2 stripe(s), 3 proactive flush(es), 1 terminate flush(es), 0 completion(s), 0 continuation(s) 
[2026-04-03T03:29:21.720+0600][16.839s][info][gc,marking  ] GC(17) Mark Stack Usage: 32M
[2026-04-03T03:29:21.720+0600][16.839s][info][gc,nmethod  ] GC(17) NMethods: 4270 registered, 680 unregistered
[2026-04-03T03:29:21.720+0600][16.839s][info][gc,metaspace] GC(17) Metaspace: 64M used, 65M committed, 1088M reserved
[2026-04-03T03:29:21.720+0600][16.839s][info][gc,ref      ] GC(17) Soft: 4763 encountered, 0 discovered, 0 enqueued
[2026-04-03T03:29:21.720+0600][16.839s][info][gc,ref      ] GC(17) Weak: 5127 encountered, 2858 discovered, 0 enqueued
[2026-04-03T03:29:21.720+0600][16.839s][info][gc,ref      ] GC(17) Final: 82 encountered, 82 discovered, 0 enqueued
[2026-04-03T03:29:21.720+0600][16.839s][info][gc,ref      ] GC(17) Phantom: 603 encountered, 352 discovered, 0 enqueued
[2026-04-03T03:29:21.720+0600][16.839s][info][gc,reloc    ] GC(17) Small Pages: 280 / 560M, Empty: 504M, Relocated: 1M, In-Place: 0
[2026-04-03T03:29:21.720+0600][16.839s][info][gc,reloc    ] GC(17) Medium Pages: 1 / 32M, Empty: 0M, Relocated: 0M, In-Place: 0
[2026-04-03T03:29:21.720+0600][16.839s][info][gc,reloc    ] GC(17) Large Pages: 0 / 0M, Empty: 0M, Relocated: 0M, In-Place: 0
[2026-04-03T03:29:21.720+0600][16.839s][info][gc,reloc    ] GC(17) Forwarding Usage: 0M
[2026-04-03T03:29:21.720+0600][16.839s][info][gc,heap     ] GC(17) Min Capacity: 8M(1%)
[2026-04-03T03:29:21.720+0600][16.839s][info][gc,heap     ] GC(17) Max Capacity: 1500M(100%)
[2026-04-03T03:29:21.720+0600][16.839s][info][gc,heap     ] GC(17) Soft Max Capacity: 1500M(100%)
[2026-04-03T03:29:21.720+0600][16.839s][info][gc,heap     ] GC(17)                Mark Start          Mark End        Relocate Start      Relocate End           High               Low         
[2026-04-03T03:29:21.720+0600][16.839s][info][gc,heap     ] GC(17)  Capacity:      854M (57%)         854M (57%)         854M (57%)         854M (57%)         854M (57%)         854M (57%)    
[2026-04-03T03:29:21.720+0600][16.839s][info][gc,heap     ] GC(17)      Free:      908M (61%)         848M (57%)        1334M (89%)        1348M (90%)        1348M (90%)         836M (56%)    
[2026-04-03T03:29:21.720+0600][16.839s][info][gc,heap     ] GC(17)      Used:      592M (39%)         652M (43%)         166M (11%)         152M (10%)         664M (44%)         152M (10%)    
[2026-04-03T03:29:21.720+0600][16.839s][info][gc,heap     ] GC(17)      Live:         -                38M (3%)           38M (3%)           38M (3%)             -                  -          
[2026-04-03T03:29:21.720+0600][16.839s][info][gc,heap     ] GC(17) Allocated:         -                60M (4%)           78M (5%)           79M (5%)             -                  -          
[2026-04-03T03:29:21.720+0600][16.839s][info][gc,heap     ] GC(17)   Garbage:         -               553M (37%)          49M (3%)           33M (2%)             -                  -          
[2026-04-03T03:29:21.720+0600][16.839s][info][gc,heap     ] GC(17) Reclaimed:         -                  -               504M (34%)         519M (35%)            -                  -          
[2026-04-03T03:29:21.720+0600][16.839s][info][gc          ] GC(17) Garbage Collection (Allocation Rate) 592M(39%)->152M(10%)
[2026-04-03T03:29:21.985+0600][17.104s][info][gc,start    ] GC(18) Garbage Collection (Allocation Rate)
[2026-04-03T03:29:21.985+0600][17.104s][info][gc,task     ] GC(18) Using 3 workers
[2026-04-03T03:29:21.986+0600][17.105s][info][gc,phases   ] GC(18) Pause Mark Start 0.010ms
[2026-04-03T03:29:22.013+0600][17.131s][info][gc,phases   ] GC(18) Concurrent Mark 26.242ms
[2026-04-03T03:29:22.013+0600][17.132s][info][gc,phases   ] GC(18) Pause Mark End 0.025ms
[2026-04-03T03:29:22.013+0600][17.132s][info][gc,phases   ] GC(18) Concurrent Mark Free 0.003ms
[2026-04-03T03:29:22.018+0600][17.137s][info][gc,phases   ] GC(18) Concurrent Process Non-Strong References 5.311ms
[2026-04-03T03:29:22.018+0600][17.137s][info][gc,phases   ] GC(18) Concurrent Reset Relocation Set 0.002ms
[2026-04-03T03:29:22.021+0600][17.140s][info][gc,phases   ] GC(18) Concurrent Select Relocation Set 2.638ms
[2026-04-03T03:29:22.021+0600][17.140s][info][gc,phases   ] GC(18) Pause Relocate Start 0.012ms
[2026-04-03T03:29:22.022+0600][17.141s][info][gc,phases   ] GC(18) Concurrent Relocate 0.713ms
[2026-04-03T03:29:22.022+0600][17.141s][info][gc,load     ] GC(18) Load: 4.42/4.55/5.01
[2026-04-03T03:29:22.022+0600][17.141s][info][gc,mmu      ] GC(18) MMU: 2ms/91.5%, 5ms/96.6%, 10ms/98.2%, 20ms/99.1%, 50ms/99.6%, 100ms/99.8%
[2026-04-03T03:29:22.022+0600][17.141s][info][gc,marking  ] GC(18) Mark: 2 stripe(s), 3 proactive flush(es), 1 terminate flush(es), 0 completion(s), 0 continuation(s) 
[2026-04-03T03:29:22.022+0600][17.141s][info][gc,marking  ] GC(18) Mark Stack Usage: 32M
[2026-04-03T03:29:22.022+0600][17.141s][info][gc,nmethod  ] GC(18) NMethods: 4277 registered, 684 unregistered
[2026-04-03T03:29:22.022+0600][17.141s][info][gc,metaspace] GC(18) Metaspace: 64M used, 65M committed, 1088M reserved
[2026-04-03T03:29:22.022+0600][17.141s][info][gc,ref      ] GC(18) Soft: 4763 encountered, 0 discovered, 0 enqueued
[2026-04-03T03:29:22.022+0600][17.141s][info][gc,ref      ] GC(18) Weak: 5127 encountered, 2932 discovered, 0 enqueued
[2026-04-03T03:29:22.022+0600][17.141s][info][gc,ref      ] GC(18) Final: 82 encountered, 50 discovered, 0 enqueued
[2026-04-03T03:29:22.022+0600][17.141s][info][gc,ref      ] GC(18) Phantom: 603 encountered, 429 discovered, 0 enqueued
[2026-04-03T03:29:22.022+0600][17.141s][info][gc,reloc    ] GC(18) Small Pages: 426 / 852M, Empty: 794M, Relocated: 1M, In-Place: 0
[2026-04-03T03:29:22.022+0600][17.141s][info][gc,reloc    ] GC(18) Medium Pages: 1 / 32M, Empty: 0M, Relocated: 0M, In-Place: 0
[2026-04-03T03:29:22.022+0600][17.141s][info][gc,reloc    ] GC(18) Large Pages: 0 / 0M, Empty: 0M, Relocated: 0M, In-Place: 0
[2026-04-03T03:29:22.022+0600][17.141s][info][gc,reloc    ] GC(18) Forwarding Usage: 0M
[2026-04-03T03:29:22.022+0600][17.141s][info][gc,heap     ] GC(18) Min Capacity: 8M(1%)
[2026-04-03T03:29:22.022+0600][17.141s][info][gc,heap     ] GC(18) Max Capacity: 1500M(100%)
[2026-04-03T03:29:22.022+0600][17.141s][info][gc,heap     ] GC(18) Soft Max Capacity: 1500M(100%)
[2026-04-03T03:29:22.022+0600][17.141s][info][gc,heap     ] GC(18)                Mark Start          Mark End        Relocate Start      Relocate End           High               Low         
[2026-04-03T03:29:22.022+0600][17.141s][info][gc,heap     ] GC(18)  Capacity:      884M (59%)         914M (61%)         920M (61%)         920M (61%)         920M (61%)         884M (59%)    
[2026-04-03T03:29:22.022+0600][17.141s][info][gc,heap     ] GC(18)      Free:      616M (41%)         586M (39%)        1370M (91%)        1388M (93%)        1388M (93%)         580M (39%)    
[2026-04-03T03:29:22.022+0600][17.141s][info][gc,heap     ] GC(18)      Used:      884M (59%)         914M (61%)         130M (9%)          112M (7%)          920M (61%)         112M (7%)     
[2026-04-03T03:29:22.022+0600][17.141s][info][gc,heap     ] GC(18)      Live:         -                38M (3%)           38M (3%)           38M (3%)             -                  -          
[2026-04-03T03:29:22.022+0600][17.141s][info][gc,heap     ] GC(18) Allocated:         -                30M (2%)           40M (3%)           39M (3%)             -                  -          
[2026-04-03T03:29:22.022+0600][17.141s][info][gc,heap     ] GC(18)   Garbage:         -               845M (56%)          51M (3%)           33M (2%)             -                  -          
[2026-04-03T03:29:22.022+0600][17.141s][info][gc,heap     ] GC(18) Reclaimed:         -                  -               794M (53%)         811M (54%)            -                  -          
[2026-04-03T03:29:22.022+0600][17.141s][info][gc          ] GC(18) Garbage Collection (Allocation Rate) 884M(59%)->112M(7%)
[2026-04-03T03:29:22.285+0600][17.403s][info][gc,start    ] GC(19) Garbage Collection (Allocation Rate)
[2026-04-03T03:29:22.285+0600][17.404s][info][gc,task     ] GC(19) Using 1 workers
[2026-04-03T03:29:22.285+0600][17.404s][info][gc,phases   ] GC(19) Pause Mark Start 0.016ms
[2026-04-03T03:29:22.358+0600][17.476s][info][gc,phases   ] GC(19) Concurrent Mark 72.299ms
[2026-04-03T03:29:22.358+0600][17.476s][info][gc,phases   ] GC(19) Pause Mark End 0.020ms
[2026-04-03T03:29:22.358+0600][17.477s][info][gc,phases   ] GC(19) Concurrent Mark Free 0.002ms
[2026-04-03T03:29:22.370+0600][17.489s][info][gc,phases   ] GC(19) Concurrent Process Non-Strong References 12.275ms
[2026-04-03T03:29:22.370+0600][17.489s][info][gc,phases   ] GC(19) Concurrent Reset Relocation Set 0.002ms
[2026-04-03T03:29:22.374+0600][17.492s][info][gc,phases   ] GC(19) Concurrent Select Relocation Set 3.442ms
[2026-04-03T03:29:22.374+0600][17.493s][info][gc,phases   ] GC(19) Pause Relocate Start 0.012ms
[2026-04-03T03:29:22.376+0600][17.494s][info][gc,phases   ] GC(19) Concurrent Relocate 1.532ms
[2026-04-03T03:29:22.376+0600][17.494s][info][gc,load     ] GC(19) Load: 4.42/4.55/5.01
[2026-04-03T03:29:22.376+0600][17.494s][info][gc,mmu      ] GC(19) MMU: 2ms/91.5%, 5ms/96.6%, 10ms/98.2%, 20ms/99.1%, 50ms/99.6%, 100ms/99.8%
[2026-04-03T03:29:22.376+0600][17.494s][info][gc,marking  ] GC(19) Mark: 1 stripe(s), 2 proactive flush(es), 1 terminate flush(es), 0 completion(s), 0 continuation(s) 
[2026-04-03T03:29:22.376+0600][17.494s][info][gc,marking  ] GC(19) Mark Stack Usage: 32M
[2026-04-03T03:29:22.376+0600][17.494s][info][gc,nmethod  ] GC(19) NMethods: 4280 registered, 687 unregistered
[2026-04-03T03:29:22.376+0600][17.494s][info][gc,metaspace] GC(19) Metaspace: 64M used, 65M committed, 1088M reserved
[2026-04-03T03:29:22.376+0600][17.494s][info][gc,ref      ] GC(19) Soft: 4763 encountered, 0 discovered, 0 enqueued
[2026-04-03T03:29:22.376+0600][17.494s][info][gc,ref      ] GC(19) Weak: 5127 encountered, 877 discovered, 0 enqueued
[2026-04-03T03:29:22.376+0600][17.494s][info][gc,ref      ] GC(19) Final: 82 encountered, 0 discovered, 0 enqueued
[2026-04-03T03:29:22.376+0600][17.494s][info][gc,ref      ] GC(19) Phantom: 603 encountered, 281 discovered, 0 enqueued
[2026-04-03T03:29:22.376+0600][17.494s][info][gc,reloc    ] GC(19) Small Pages: 418 / 836M, Empty: 778M, Relocated: 1M, In-Place: 0
[2026-04-03T03:29:22.376+0600][17.494s][info][gc,reloc    ] GC(19) Medium Pages: 1 / 32M, Empty: 0M, Relocated: 0M, In-Place: 0
[2026-04-03T03:29:22.376+0600][17.494s][info][gc,reloc    ] GC(19) Large Pages: 0 / 0M, Empty: 0M, Relocated: 0M, In-Place: 0
[2026-04-03T03:29:22.376+0600][17.494s][info][gc,reloc    ] GC(19) Forwarding Usage: 0M
[2026-04-03T03:29:22.376+0600][17.494s][info][gc,heap     ] GC(19) Min Capacity: 8M(1%)
[2026-04-03T03:29:22.376+0600][17.494s][info][gc,heap     ] GC(19) Max Capacity: 1500M(100%)
[2026-04-03T03:29:22.376+0600][17.494s][info][gc,heap     ] GC(19) Soft Max Capacity: 1500M(100%)
[2026-04-03T03:29:22.376+0600][17.494s][info][gc,heap     ] GC(19)                Mark Start          Mark End        Relocate Start      Relocate End           High               Low         
[2026-04-03T03:29:22.376+0600][17.494s][info][gc,heap     ] GC(19)  Capacity:      920M (61%)         980M (65%)         996M (66%)         996M (66%)         996M (66%)         920M (61%)    
[2026-04-03T03:29:22.376+0600][17.495s][info][gc,heap     ] GC(19)      Free:      632M (42%)         520M (35%)        1280M (85%)        1296M (86%)        1298M (87%)         504M (34%)    
[2026-04-03T03:29:22.376+0600][17.495s][info][gc,heap     ] GC(19)      Used:      868M (58%)         980M (65%)         220M (15%)         204M (14%)         996M (66%)         202M (13%)    
[2026-04-03T03:29:22.376+0600][17.495s][info][gc,heap     ] GC(19)      Live:         -                38M (3%)           38M (3%)           38M (3%)             -                  -          
[2026-04-03T03:29:22.376+0600][17.495s][info][gc,heap     ] GC(19) Allocated:         -               112M (7%)          130M (9%)          135M (9%)             -                  -          
[2026-04-03T03:29:22.376+0600][17.495s][info][gc,heap     ] GC(19)   Garbage:         -               829M (55%)          51M (3%)           29M (2%)             -                  -          
[2026-04-03T03:29:22.376+0600][17.495s][info][gc,heap     ] GC(19) Reclaimed:         -                  -               778M (52%)         799M (53%)            -                  -          
[2026-04-03T03:29:22.376+0600][17.495s][info][gc          ] GC(19) Garbage Collection (Allocation Rate) 868M(58%)->204M(14%)
[2026-04-03T03:29:22.686+0600][17.804s][info][gc,start    ] GC(20) Garbage Collection (Allocation Rate)
[2026-04-03T03:29:22.686+0600][17.804s][info][gc,task     ] GC(20) Using 1 workers
[2026-04-03T03:29:22.686+0600][17.805s][info][gc,phases   ] GC(20) Pause Mark Start 0.017ms
[2026-04-03T03:29:22.740+0600][17.859s][info][gc,phases   ] GC(20) Concurrent Mark 53.740ms
[2026-04-03T03:29:22.740+0600][17.859s][info][gc,phases   ] GC(20) Pause Mark End 0.023ms
[2026-04-03T03:29:22.740+0600][17.859s][info][gc,phases   ] GC(20) Concurrent Mark Free 0.002ms
[2026-04-03T03:29:22.753+0600][17.872s][info][gc,phases   ] GC(20) Concurrent Process Non-Strong References 12.533ms
[2026-04-03T03:29:22.753+0600][17.872s][info][gc,phases   ] GC(20) Concurrent Reset Relocation Set 0.003ms
[2026-04-03T03:29:22.757+0600][17.875s][info][gc,phases   ] GC(20) Concurrent Select Relocation Set 3.632ms
[2026-04-03T03:29:22.757+0600][17.876s][info][gc,phases   ] GC(20) Pause Relocate Start 0.014ms
[2026-04-03T03:29:22.759+0600][17.877s][info][gc,phases   ] GC(20) Concurrent Relocate 1.454ms
[2026-04-03T03:29:22.759+0600][17.877s][info][gc,load     ] GC(20) Load: 4.42/4.55/5.01
[2026-04-03T03:29:22.759+0600][17.877s][info][gc,mmu      ] GC(20) MMU: 2ms/91.5%, 5ms/96.6%, 10ms/98.2%, 20ms/99.1%, 50ms/99.6%, 100ms/99.8%
[2026-04-03T03:29:22.759+0600][17.877s][info][gc,marking  ] GC(20) Mark: 1 stripe(s), 2 proactive flush(es), 1 terminate flush(es), 0 completion(s), 0 continuation(s) 
[2026-04-03T03:29:22.759+0600][17.877s][info][gc,marking  ] GC(20) Mark Stack Usage: 32M
[2026-04-03T03:29:22.759+0600][17.877s][info][gc,nmethod  ] GC(20) NMethods: 4279 registered, 688 unregistered
[2026-04-03T03:29:22.759+0600][17.877s][info][gc,metaspace] GC(20) Metaspace: 64M used, 65M committed, 1088M reserved
[2026-04-03T03:29:22.759+0600][17.877s][info][gc,ref      ] GC(20) Soft: 4763 encountered, 0 discovered, 0 enqueued
[2026-04-03T03:29:22.759+0600][17.877s][info][gc,ref      ] GC(20) Weak: 5127 encountered, 875 discovered, 0 enqueued
[2026-04-03T03:29:22.759+0600][17.877s][info][gc,ref      ] GC(20) Final: 82 encountered, 0 discovered, 0 enqueued
[2026-04-03T03:29:22.759+0600][17.877s][info][gc,ref      ] GC(20) Phantom: 603 encountered, 281 discovered, 0 enqueued
[2026-04-03T03:29:22.759+0600][17.877s][info][gc,reloc    ] GC(20) Small Pages: 508 / 1016M, Empty: 960M, Relocated: 1M, In-Place: 0
[2026-04-03T03:29:22.759+0600][17.877s][info][gc,reloc    ] GC(20) Medium Pages: 1 / 32M, Empty: 0M, Relocated: 0M, In-Place: 0
[2026-04-03T03:29:22.759+0600][17.877s][info][gc,reloc    ] GC(20) Large Pages: 0 / 0M, Empty: 0M, Relocated: 0M, In-Place: 0
[2026-04-03T03:29:22.759+0600][17.877s][info][gc,reloc    ] GC(20) Forwarding Usage: 0M
[2026-04-03T03:29:22.759+0600][17.877s][info][gc,heap     ] GC(20) Min Capacity: 8M(1%)
[2026-04-03T03:29:22.759+0600][17.877s][info][gc,heap     ] GC(20) Max Capacity: 1500M(100%)
[2026-04-03T03:29:22.759+0600][17.877s][info][gc,heap     ] GC(20) Soft Max Capacity: 1500M(100%)
[2026-04-03T03:29:22.759+0600][17.877s][info][gc,heap     ] GC(20)                Mark Start          Mark End        Relocate Start      Relocate End           High               Low         
[2026-04-03T03:29:22.759+0600][17.877s][info][gc,heap     ] GC(20)  Capacity:     1048M (70%)        1126M (75%)        1142M (76%)        1142M (76%)        1142M (76%)        1048M (70%)    
[2026-04-03T03:29:22.759+0600][17.877s][info][gc,heap     ] GC(20)      Free:      452M (30%)         374M (25%)        1312M (87%)        1330M (89%)        1330M (89%)         358M (24%)    
[2026-04-03T03:29:22.759+0600][17.877s][info][gc,heap     ] GC(20)      Used:     1048M (70%)        1126M (75%)         188M (13%)         170M (11%)        1142M (76%)         170M (11%)    
[2026-04-03T03:29:22.759+0600][17.877s][info][gc,heap     ] GC(20)      Live:         -                38M (3%)           38M (3%)           38M (3%)             -                  -          
[2026-04-03T03:29:22.759+0600][17.877s][info][gc,heap     ] GC(20) Allocated:         -                78M (5%)          100M (7%)          101M (7%)             -                  -          
[2026-04-03T03:29:22.759+0600][17.878s][info][gc,heap     ] GC(20)   Garbage:         -              1009M (67%)          49M (3%)           29M (2%)             -                  -          
[2026-04-03T03:29:22.759+0600][17.878s][info][gc,heap     ] GC(20) Reclaimed:         -                  -               960M (64%)         979M (65%)            -                  -          
[2026-04-03T03:29:22.759+0600][17.878s][info][gc          ] GC(20) Garbage Collection (Allocation Rate) 1048M(70%)->170M(11%)
[2026-04-03T03:29:23.285+0600][18.404s][info][gc,start    ] GC(21) Garbage Collection (Allocation Rate)
[2026-04-03T03:29:23.285+0600][18.404s][info][gc,task     ] GC(21) Using 2 workers
[2026-04-03T03:29:23.286+0600][18.404s][info][gc,phases   ] GC(21) Pause Mark Start 0.014ms
[2026-04-03T03:29:23.334+0600][18.453s][info][gc,phases   ] GC(21) Concurrent Mark 48.318ms
[2026-04-03T03:29:23.334+0600][18.453s][info][gc,phases   ] GC(21) Pause Mark End 0.030ms
[2026-04-03T03:29:23.334+0600][18.453s][info][gc,phases   ] GC(21) Concurrent Mark Free 0.003ms
[2026-04-03T03:29:23.356+0600][18.474s][info][gc,phases   ] GC(21) Concurrent Process Non-Strong References 20.999ms
[2026-04-03T03:29:23.356+0600][18.474s][info][gc,phases   ] GC(21) Concurrent Reset Relocation Set 0.002ms
[2026-04-03T03:29:23.359+0600][18.478s][info][gc,phases   ] GC(21) Concurrent Select Relocation Set 3.359ms
[2026-04-03T03:29:23.359+0600][18.478s][info][gc,phases   ] GC(21) Pause Relocate Start 0.019ms
[2026-04-03T03:29:23.365+0600][18.483s][info][gc,phases   ] GC(21) Concurrent Relocate 5.332ms
[2026-04-03T03:29:23.365+0600][18.484s][info][gc,load     ] GC(21) Load: 4.42/4.55/5.01
[2026-04-03T03:29:23.365+0600][18.484s][info][gc,mmu      ] GC(21) MMU: 2ms/91.5%, 5ms/96.6%, 10ms/98.2%, 20ms/99.1%, 50ms/99.6%, 100ms/99.8%
[2026-04-03T03:29:23.365+0600][18.484s][info][gc,marking  ] GC(21) Mark: 2 stripe(s), 2 proactive flush(es), 1 terminate flush(es), 0 completion(s), 0 continuation(s) 
[2026-04-03T03:29:23.365+0600][18.484s][info][gc,marking  ] GC(21) Mark Stack Usage: 32M
[2026-04-03T03:29:23.365+0600][18.484s][info][gc,nmethod  ] GC(21) NMethods: 4804 registered, 819 unregistered
[2026-04-03T03:29:23.365+0600][18.484s][info][gc,metaspace] GC(21) Metaspace: 66M used, 67M committed, 1088M reserved
[2026-04-03T03:29:23.365+0600][18.484s][info][gc,ref      ] GC(21) Soft: 4881 encountered, 0 discovered, 0 enqueued
[2026-04-03T03:29:23.365+0600][18.484s][info][gc,ref      ] GC(21) Weak: 6216 encountered, 2523 discovered, 486 enqueued
[2026-04-03T03:29:23.365+0600][18.484s][info][gc,ref      ] GC(21) Final: 82 encountered, 0 discovered, 0 enqueued
[2026-04-03T03:29:23.365+0600][18.484s][info][gc,ref      ] GC(21) Phantom: 596 encountered, 372 discovered, 0 enqueued
[2026-04-03T03:29:23.365+0600][18.484s][info][gc,reloc    ] GC(21) Small Pages: 189 / 378M, Empty: 282M, Relocated: 3M, In-Place: 0
[2026-04-03T03:29:23.365+0600][18.484s][info][gc,reloc    ] GC(21) Medium Pages: 2 / 64M, Empty: 32M, Relocated: 0M, In-Place: 0
[2026-04-03T03:29:23.365+0600][18.484s][info][gc,reloc    ] GC(21) Large Pages: 1 / 6M, Empty: 6M, Relocated: 0M, In-Place: 0
[2026-04-03T03:29:23.365+0600][18.484s][info][gc,reloc    ] GC(21) Forwarding Usage: 1M
[2026-04-03T03:29:23.365+0600][18.484s][info][gc,heap     ] GC(21) Min Capacity: 8M(1%)
[2026-04-03T03:29:23.365+0600][18.484s][info][gc,heap     ] GC(21) Max Capacity: 1500M(100%)
[2026-04-03T03:29:23.365+0600][18.484s][info][gc,heap     ] GC(21) Soft Max Capacity: 1500M(100%)
[2026-04-03T03:29:23.365+0600][18.484s][info][gc,heap     ] GC(21)                Mark Start          Mark End        Relocate Start      Relocate End           High               Low         
[2026-04-03T03:29:23.365+0600][18.484s][info][gc,heap     ] GC(21)  Capacity:     1180M (79%)        1180M (79%)        1180M (79%)        1180M (79%)        1180M (79%)        1180M (79%)    
[2026-04-03T03:29:23.365+0600][18.484s][info][gc,heap     ] GC(21)      Free:     1052M (70%)        1036M (69%)        1354M (90%)        1408M (94%)        1408M (94%)        1034M (69%)    
[2026-04-03T03:29:23.365+0600][18.484s][info][gc,heap     ] GC(21)      Used:      448M (30%)         464M (31%)         146M (10%)          92M (6%)          466M (31%)          92M (6%)     
[2026-04-03T03:29:23.365+0600][18.484s][info][gc,heap     ] GC(21)      Live:         -                37M (2%)           37M (2%)           37M (2%)             -                  -          
[2026-04-03T03:29:23.365+0600][18.484s][info][gc,heap     ] GC(21) Allocated:         -                16M (1%)           18M (1%)           23M (2%)             -                  -          
[2026-04-03T03:29:23.365+0600][18.484s][info][gc,heap     ] GC(21)   Garbage:         -               410M (27%)          90M (6%)           30M (2%)             -                  -          
[2026-04-03T03:29:23.365+0600][18.484s][info][gc,heap     ] GC(21) Reclaimed:         -                  -               320M (21%)         379M (25%)            -                  -          
[2026-04-03T03:29:23.365+0600][18.484s][info][gc          ] GC(21) Garbage Collection (Allocation Rate) 448M(30%)->92M(6%)
[2026-04-03T03:29:24.685+0600][19.804s][info][gc,start    ] GC(22) Garbage Collection (Allocation Rate)
[2026-04-03T03:29:24.685+0600][19.804s][info][gc,task     ] GC(22) Using 2 workers
[2026-04-03T03:29:24.685+0600][19.804s][info][gc,phases   ] GC(22) Pause Mark Start 0.011ms
[2026-04-03T03:29:24.985+0600][20.103s][info][gc,stats    ] === Garbage Collection Statistics =======================================================================================================================
[2026-04-03T03:29:24.985+0600][20.103s][info][gc,stats    ]                                                              Last 10s              Last 10m              Last 10h                Total
[2026-04-03T03:29:24.985+0600][20.103s][info][gc,stats    ]                                                              Avg / Max             Avg / Max             Avg / Max             Avg / Max
[2026-04-03T03:29:24.985+0600][20.103s][info][gc,stats    ]   Collector: Garbage Collection Cycle                    127.128 / 788.387     126.607 / 788.387     126.607 / 788.387     126.607 / 788.387     ms
[2026-04-03T03:29:24.985+0600][20.103s][info][gc,stats    ]  Contention: Mark Segment Reset Contention                     3 / 12                2 / 12                2 / 12                2 / 12          ops/s
[2026-04-03T03:29:24.985+0600][20.103s][info][gc,stats    ]  Contention: Mark SeqNum Reset Contention                      0 / 2                 0 / 2                 0 / 2                 0 / 2           ops/s
[2026-04-03T03:29:24.985+0600][20.103s][info][gc,stats    ]    Critical: Allocation Stall                                  0 / 0                 0 / 0                 0 / 0                 0 / 0           ops/s
[2026-04-03T03:29:24.985+0600][20.103s][info][gc,stats    ]    Critical: Allocation Stall                              0.000 / 0.000         0.000 / 0.000         0.000 / 0.000         0.000 / 0.000       ms
[2026-04-03T03:29:24.985+0600][20.103s][info][gc,stats    ]    Critical: GC Locker Stall                                   0 / 0                 0 / 1                 0 / 1                 0 / 1           ops/s
[2026-04-03T03:29:24.985+0600][20.103s][info][gc,stats    ]    Critical: GC Locker Stall                               0.000 / 0.000         0.001 / 0.001         0.001 / 0.001         0.001 / 0.001       ms
[2026-04-03T03:29:24.985+0600][20.103s][info][gc,stats    ]    Critical: Relocation Stall                                  0 / 0                 0 / 0                 0 / 0                 0 / 0           ops/s
[2026-04-03T03:29:24.985+0600][20.103s][info][gc,stats    ]    Critical: Relocation Stall                              0.000 / 0.000         0.000 / 0.000         0.000 / 0.000         0.000 / 0.000       ms
[2026-04-03T03:29:24.985+0600][20.103s][info][gc,stats    ]      Memory: Allocation Rate                                 766 / 2664            456 / 2664            456 / 2664            456 / 2664        MB/s
[2026-04-03T03:29:24.985+0600][20.103s][info][gc,stats    ]      Memory: Defragment                                        1 / 19                3 / 48                3 / 48                3 / 48          ops/s
[2026-04-03T03:29:24.985+0600][20.103s][info][gc,stats    ]      Memory: Out Of Memory                                     0 / 0                 0 / 0                 0 / 0                 0 / 0           ops/s
[2026-04-03T03:29:24.985+0600][20.103s][info][gc,stats    ]      Memory: Page Cache Flush                                  3 / 38                6 / 96                6 / 96                6 / 96          MB/s
[2026-04-03T03:29:24.985+0600][20.103s][info][gc,stats    ]      Memory: Page Cache Hit L1                               353 / 1319            196 / 1319            196 / 1319            196 / 1319        ops/s
[2026-04-03T03:29:24.985+0600][20.103s][info][gc,stats    ]      Memory: Page Cache Hit L2                                 0 / 0                 0 / 0                 0 / 0                 0 / 0           ops/s
[2026-04-03T03:29:24.985+0600][20.103s][info][gc,stats    ]      Memory: Page Cache Hit L3                                 1 / 17                9 / 93                9 / 93                9 / 93          ops/s
[2026-04-03T03:29:24.985+0600][20.103s][info][gc,stats    ]      Memory: Page Cache Miss                                  23 / 132              19 / 132              19 / 132              19 / 132         ops/s
[2026-04-03T03:29:24.985+0600][20.103s][info][gc,stats    ]      Memory: Uncommit                                          0 / 0                 0 / 0                 0 / 0                 0 / 0           MB/s
[2026-04-03T03:29:24.985+0600][20.103s][info][gc,stats    ]      Memory: Undo Object Allocation Failed                     0 / 0                 0 / 0                 0 / 0                 0 / 0           ops/s
[2026-04-03T03:29:24.985+0600][20.104s][info][gc,stats    ]      Memory: Undo Object Allocation Succeeded                  0 / 5                 0 / 5                 0 / 5                 0 / 5           ops/s
[2026-04-03T03:29:24.985+0600][20.104s][info][gc,stats    ]      Memory: Undo Page Allocation                              0 / 0                 0 / 0                 0 / 0                 0 / 0           ops/s
[2026-04-03T03:29:24.985+0600][20.104s][info][gc,stats    ]       Phase: Concurrent Mark                             113.341 / 777.196     111.581 / 777.196     111.581 / 777.196     111.581 / 777.196     ms
[2026-04-03T03:29:24.985+0600][20.104s][info][gc,stats    ]       Phase: Concurrent Mark Continue                      0.000 / 0.000         0.000 / 0.000         0.000 / 0.000         0.000 / 0.000       ms
[2026-04-03T03:29:24.985+0600][20.104s][info][gc,stats    ]       Phase: Concurrent Mark Free                          0.002 / 0.003         0.002 / 0.003         0.002 / 0.003         0.002 / 0.003       ms
[2026-04-03T03:29:24.985+0600][20.104s][info][gc,stats    ]       Phase: Concurrent Process Non-Strong References      7.463 / 20.999        6.592 / 20.999        6.592 / 20.999        6.592 / 20.999      ms
[2026-04-03T03:29:24.985+0600][20.104s][info][gc,stats    ]       Phase: Concurrent Relocate                           1.845 / 6.564         3.535 / 27.739        3.535 / 27.739        3.535 / 27.739      ms
[2026-04-03T03:29:24.985+0600][20.104s][info][gc,stats    ]       Phase: Concurrent Reset Relocation Set               0.004 / 0.016         0.006 / 0.018         0.006 / 0.018         0.006 / 0.018       ms
[2026-04-03T03:29:24.985+0600][20.104s][info][gc,stats    ]       Phase: Concurrent Select Relocation Set              3.014 / 4.482         3.367 / 7.337         3.367 / 7.337         3.367 / 7.337       ms
[2026-04-03T03:29:24.985+0600][20.104s][info][gc,stats    ]       Phase: Pause Mark End                                0.033 / 0.071         0.037 / 0.171         0.037 / 0.171         0.037 / 0.171       ms
[2026-04-03T03:29:24.985+0600][20.104s][info][gc,stats    ]       Phase: Pause Mark Start                              0.014 / 0.036         0.014 / 0.036         0.014 / 0.036         0.014 / 0.036       ms
[2026-04-03T03:29:24.985+0600][20.104s][info][gc,stats    ]       Phase: Pause Relocate Start                          0.019 / 0.047         0.017 / 0.047         0.017 / 0.047         0.017 / 0.047       ms
[2026-04-03T03:29:24.985+0600][20.104s][info][gc,stats    ]    Subphase: Concurrent Classes Purge                      0.113 / 0.782         0.143 / 0.782         0.143 / 0.782         0.143 / 0.782       ms
[2026-04-03T03:29:24.985+0600][20.104s][info][gc,stats    ]    Subphase: Concurrent Classes Unlink                     5.681 / 18.015        4.805 / 18.015        4.805 / 18.015        4.805 / 18.015      ms
[2026-04-03T03:29:24.985+0600][20.104s][info][gc,stats    ]    Subphase: Concurrent Mark                             117.906 / 776.083     114.611 / 776.083     114.611 / 776.083     114.611 / 776.083     ms
[2026-04-03T03:29:24.985+0600][20.104s][info][gc,stats    ]    Subphase: Concurrent Mark Try Flush                     0.252 / 2.188         0.256 / 2.188         0.256 / 2.188         0.256 / 2.188       ms
[2026-04-03T03:29:24.985+0600][20.104s][info][gc,stats    ]    Subphase: Concurrent Mark Try Terminate                 1.090 / 1.224         1.096 / 1.224         1.096 / 1.224         1.096 / 1.224       ms
[2026-04-03T03:29:24.985+0600][20.104s][info][gc,stats    ]    Subphase: Concurrent References Enqueue                 0.002 / 0.014         0.003 / 0.014         0.003 / 0.014         0.003 / 0.014       ms
[2026-04-03T03:29:24.985+0600][20.104s][info][gc,stats    ]    Subphase: Concurrent References Process                 0.461 / 0.907         0.423 / 0.907         0.423 / 0.907         0.423 / 0.907       ms
[2026-04-03T03:29:24.985+0600][20.104s][info][gc,stats    ]    Subphase: Concurrent Roots ClassLoaderDataGraph         0.221 / 0.624         0.207 / 0.624         0.207 / 0.624         0.207 / 0.624       ms
[2026-04-03T03:29:24.985+0600][20.104s][info][gc,stats    ]    Subphase: Concurrent Roots CodeCache                    0.000 / 0.000         0.000 / 0.000         0.000 / 0.000         0.000 / 0.000       ms
[2026-04-03T03:29:24.985+0600][20.104s][info][gc,stats    ]    Subphase: Concurrent Roots JavaThreads                  0.417 / 1.651         0.422 / 1.651         0.422 / 1.651         0.422 / 1.651       ms
[2026-04-03T03:29:24.985+0600][20.104s][info][gc,stats    ]    Subphase: Concurrent Roots OopStorageSet                0.045 / 0.148         0.046 / 0.148         0.046 / 0.148         0.046 / 0.148       ms
[2026-04-03T03:29:24.985+0600][20.104s][info][gc,stats    ]    Subphase: Concurrent Weak Roots OopStorageSet           0.679 / 1.691         0.616 / 1.691         0.616 / 1.691         0.616 / 1.691       ms
[2026-04-03T03:29:24.985+0600][20.104s][info][gc,stats    ]    Subphase: Pause Mark Try Complete                       0.000 / 0.000         0.002 / 0.003         0.002 / 0.003         0.002 / 0.003       ms
[2026-04-03T03:29:24.985+0600][20.104s][info][gc,stats    ]      System: Java Threads                                     63 / 76               55 / 76               55 / 76               55 / 76          threads
[2026-04-03T03:29:24.985+0600][20.104s][info][gc,stats    ] =========================================================================================================================================================
[2026-04-03T03:29:25.201+0600][20.319s][info][gc,phases   ] GC(22) Concurrent Mark 515.097ms
[2026-04-03T03:29:25.201+0600][20.319s][info][gc,phases   ] GC(22) Pause Mark End 0.027ms
[2026-04-03T03:29:25.201+0600][20.320s][info][gc,phases   ] GC(22) Concurrent Mark Free 0.004ms
[2026-04-03T03:29:25.214+0600][20.333s][info][gc,phases   ] GC(22) Concurrent Process Non-Strong References 12.891ms
[2026-04-03T03:29:25.214+0600][20.333s][info][gc,phases   ] GC(22) Concurrent Reset Relocation Set 0.005ms
[2026-04-03T03:29:25.266+0600][20.384s][info][gc,phases   ] GC(22) Concurrent Select Relocation Set 51.720ms
[2026-04-03T03:29:25.269+0600][20.388s][info][gc,phases   ] GC(22) Pause Relocate Start 0.014ms
[2026-04-03T03:29:25.506+0600][20.625s][info][gc,phases   ] GC(22) Concurrent Relocate 236.568ms
[2026-04-03T03:29:25.506+0600][20.625s][info][gc,load     ] GC(22) Load: 4.42/4.55/5.01
[2026-04-03T03:29:25.506+0600][20.625s][info][gc,mmu      ] GC(22) MMU: 2ms/91.5%, 5ms/96.6%, 10ms/98.2%, 20ms/99.1%, 50ms/99.6%, 100ms/99.8%
[2026-04-03T03:29:25.506+0600][20.625s][info][gc,marking  ] GC(22) Mark: 2 stripe(s), 6 proactive flush(es), 1 terminate flush(es), 0 completion(s), 0 continuation(s) 
[2026-04-03T03:29:25.506+0600][20.625s][info][gc,marking  ] GC(22) Mark Stack Usage: 32M
[2026-04-03T03:29:25.506+0600][20.625s][info][gc,nmethod  ] GC(22) NMethods: 5048 registered, 155 unregistered
[2026-04-03T03:29:25.506+0600][20.625s][info][gc,metaspace] GC(22) Metaspace: 67M used, 68M committed, 1088M reserved
[2026-04-03T03:29:25.506+0600][20.625s][info][gc,ref      ] GC(22) Soft: 4895 encountered, 0 discovered, 0 enqueued
[2026-04-03T03:29:25.506+0600][20.625s][info][gc,ref      ] GC(22) Weak: 5895 encountered, 3438 discovered, 53 enqueued
[2026-04-03T03:29:25.506+0600][20.625s][info][gc,ref      ] GC(22) Final: 82 encountered, 82 discovered, 0 enqueued
[2026-04-03T03:29:25.506+0600][20.625s][info][gc,ref      ] GC(22) Phantom: 593 encountered, 428 discovered, 0 enqueued
[2026-04-03T03:29:25.506+0600][20.625s][info][gc,reloc    ] GC(22) Small Pages: 465 / 930M, Empty: 0M, Relocated: 122M, In-Place: 0
[2026-04-03T03:29:25.506+0600][20.625s][info][gc,reloc    ] GC(22) Medium Pages: 2 / 64M, Empty: 0M, Relocated: 11M, In-Place: 0
[2026-04-03T03:29:25.506+0600][20.625s][info][gc,reloc    ] GC(22) Large Pages: 6 / 48M, Empty: 18M, Relocated: 0M, In-Place: 0
[2026-04-03T03:29:25.506+0600][20.625s][info][gc,reloc    ] GC(22) Forwarding Usage: 79M
[2026-04-03T03:29:25.506+0600][20.625s][info][gc,heap     ] GC(22) Min Capacity: 8M(1%)
[2026-04-03T03:29:25.506+0600][20.625s][info][gc,heap     ] GC(22) Max Capacity: 1500M(100%)
[2026-04-03T03:29:25.507+0600][20.625s][info][gc,heap     ] GC(22) Soft Max Capacity: 1500M(100%)
[2026-04-03T03:29:25.507+0600][20.625s][info][gc,heap     ] GC(22)                Mark Start          Mark End        Relocate Start      Relocate End           High               Low         
[2026-04-03T03:29:25.507+0600][20.625s][info][gc,heap     ] GC(22)  Capacity:     1222M (81%)        1364M (91%)        1380M (92%)        1414M (94%)        1414M (94%)        1222M (81%)    
[2026-04-03T03:29:25.507+0600][20.625s][info][gc,heap     ] GC(22)      Free:      458M (31%)         136M (9%)          128M (9%)          874M (58%)         874M (58%)          86M (6%)     
[2026-04-03T03:29:25.507+0600][20.625s][info][gc,heap     ] GC(22)      Used:     1042M (69%)        1364M (91%)        1372M (91%)         626M (42%)        1414M (94%)         626M (42%)    
[2026-04-03T03:29:25.507+0600][20.625s][info][gc,heap     ] GC(22)      Live:         -               192M (13%)         192M (13%)         192M (13%)            -                  -          
[2026-04-03T03:29:25.507+0600][20.625s][info][gc,heap     ] GC(22) Allocated:         -               322M (21%)         348M (23%)         406M (27%)            -                  -          
[2026-04-03T03:29:25.507+0600][20.625s][info][gc,heap     ] GC(22)   Garbage:         -               849M (57%)         831M (55%)          26M (2%)             -                  -          
[2026-04-03T03:29:25.507+0600][20.625s][info][gc,heap     ] GC(22) Reclaimed:         -                  -                18M (1%)          822M (55%)            -                  -          
[2026-04-03T03:29:25.507+0600][20.625s][info][gc          ] GC(22) Garbage Collection (Allocation Rate) 1042M(69%)->626M(42%)
[2026-04-03T03:29:25.585+0600][20.703s][info][gc,start    ] GC(23) Garbage Collection (Allocation Rate)
[2026-04-03T03:29:25.585+0600][20.704s][info][gc,task     ] GC(23) Using 3 workers
[2026-04-03T03:29:25.585+0600][20.704s][info][gc,phases   ] GC(23) Pause Mark Start 0.017ms
[2026-04-03T03:29:26.259+0600][21.377s][info][gc,phases   ] GC(23) Concurrent Mark 673.227ms
[2026-04-03T03:29:26.259+0600][21.378s][info][gc,phases   ] GC(23) Pause Mark End 0.029ms
[2026-04-03T03:29:26.259+0600][21.378s][info][gc,phases   ] GC(23) Concurrent Mark Free 0.004ms
[2026-04-03T03:29:26.290+0600][21.409s][info][gc,phases   ] GC(23) Concurrent Process Non-Strong References 7.674ms
[2026-04-03T03:29:26.290+0600][21.409s][info][gc,phases   ] GC(23) Concurrent Reset Relocation Set 0.043ms
[2026-04-03T03:29:26.301+0600][21.419s][info][gc,phases   ] GC(23) Concurrent Select Relocation Set 10.523ms
[2026-04-03T03:29:26.301+0600][21.420s][info][gc,phases   ] GC(23) Pause Relocate Start 0.020ms
[2026-04-03T03:29:26.434+0600][21.553s][info][gc,phases   ] GC(23) Concurrent Relocate 132.797ms
[2026-04-03T03:29:26.434+0600][21.553s][info][gc,load     ] GC(23) Load: 4.30/4.53/5.00
[2026-04-03T03:29:26.435+0600][21.553s][info][gc,mmu      ] GC(23) MMU: 2ms/91.5%, 5ms/96.6%, 10ms/98.2%, 20ms/99.1%, 50ms/99.6%, 100ms/99.8%
[2026-04-03T03:29:26.435+0600][21.553s][info][gc,marking  ] GC(23) Mark: 2 stripe(s), 2 proactive flush(es), 1 terminate flush(es), 0 completion(s), 0 continuation(s) 
[2026-04-03T03:29:26.435+0600][21.553s][info][gc,marking  ] GC(23) Mark Stack Usage: 32M
[2026-04-03T03:29:26.435+0600][21.553s][info][gc,nmethod  ] GC(23) NMethods: 5150 registered, 233 unregistered
[2026-04-03T03:29:26.435+0600][21.553s][info][gc,metaspace] GC(23) Metaspace: 67M used, 68M committed, 1088M reserved
[2026-04-03T03:29:26.435+0600][21.553s][info][gc,ref      ] GC(23) Soft: 4926 encountered, 0 discovered, 0 enqueued
[2026-04-03T03:29:26.435+0600][21.553s][info][gc,ref      ] GC(23) Weak: 6165 encountered, 4774 discovered, 173 enqueued
[2026-04-03T03:29:26.435+0600][21.553s][info][gc,ref      ] GC(23) Final: 82 encountered, 0 discovered, 0 enqueued
[2026-04-03T03:29:26.435+0600][21.553s][info][gc,ref      ] GC(23) Phantom: 594 encountered, 440 discovered, 0 enqueued
[2026-04-03T03:29:26.435+0600][21.553s][info][gc,reloc    ] GC(23) Small Pages: 255 / 510M, Empty: 0M, Relocated: 117M, In-Place: 0
[2026-04-03T03:29:26.435+0600][21.553s][info][gc,reloc    ] GC(23) Medium Pages: 2 / 64M, Empty: 0M, Relocated: 11M, In-Place: 0
[2026-04-03T03:29:26.435+0600][21.553s][info][gc,reloc    ] GC(23) Large Pages: 9 / 78M, Empty: 48M, Relocated: 0M, In-Place: 0
[2026-04-03T03:29:26.435+0600][21.553s][info][gc,reloc    ] GC(23) Forwarding Usage: 71M
[2026-04-03T03:29:26.435+0600][21.553s][info][gc,heap     ] GC(23) Min Capacity: 8M(1%)
[2026-04-03T03:29:26.435+0600][21.553s][info][gc,heap     ] GC(23) Max Capacity: 1500M(100%)
[2026-04-03T03:29:26.435+0600][21.553s][info][gc,heap     ] GC(23) Soft Max Capacity: 1500M(100%)
[2026-04-03T03:29:26.435+0600][21.553s][info][gc,heap     ] GC(23)                Mark Start          Mark End        Relocate Start      Relocate End           High               Low         
[2026-04-03T03:29:26.435+0600][21.553s][info][gc,heap     ] GC(23)  Capacity:     1414M (94%)        1414M (94%)        1414M (94%)        1446M (96%)        1446M (96%)        1414M (94%)    
[2026-04-03T03:29:26.435+0600][21.553s][info][gc,heap     ] GC(23)      Free:      848M (57%)         520M (35%)         536M (36%)         722M (48%)         848M (57%)         492M (33%)    
[2026-04-03T03:29:26.435+0600][21.553s][info][gc,heap     ] GC(23)      Used:      652M (43%)         980M (65%)         964M (64%)         778M (52%)        1008M (67%)         652M (43%)    
[2026-04-03T03:29:26.435+0600][21.553s][info][gc,heap     ] GC(23)      Live:         -               295M (20%)         295M (20%)         295M (20%)            -                  -          
[2026-04-03T03:29:26.435+0600][21.553s][info][gc,heap     ] GC(23) Allocated:         -               328M (22%)         360M (24%)         450M (30%)            -                  -          
[2026-04-03T03:29:26.435+0600][21.553s][info][gc,heap     ] GC(23)   Garbage:         -               356M (24%)         308M (21%)          32M (2%)             -                  -          
[2026-04-03T03:29:26.435+0600][21.553s][info][gc,heap     ] GC(23) Reclaimed:         -                  -                48M (3%)          324M (22%)            -                  -          
[2026-04-03T03:29:26.435+0600][21.553s][info][gc          ] GC(23) Garbage Collection (Allocation Rate) 652M(43%)->778M(52%)
[2026-04-03T03:29:26.485+0600][21.604s][info][gc,start    ] GC(24) Garbage Collection (Allocation Rate)
[2026-04-03T03:29:26.485+0600][21.604s][info][gc,task     ] GC(24) Using 3 workers
[2026-04-03T03:29:26.485+0600][21.604s][info][gc,phases   ] GC(24) Pause Mark Start 0.013ms
[2026-04-03T03:29:27.316+0600][22.435s][info][gc,phases   ] GC(24) Concurrent Mark 830.762ms
[2026-04-03T03:29:27.317+0600][22.435s][info][gc,phases   ] GC(24) Pause Mark End 0.034ms
[2026-04-03T03:29:27.317+0600][22.435s][info][gc,phases   ] GC(24) Concurrent Mark Free 0.004ms
[2026-04-03T03:29:27.327+0600][22.445s][info][gc,phases   ] GC(24) Concurrent Process Non-Strong References 9.900ms
[2026-04-03T03:29:27.327+0600][22.445s][info][gc,phases   ] GC(24) Concurrent Reset Relocation Set 0.026ms
[2026-04-03T03:29:27.338+0600][22.457s][info][gc,phases   ] GC(24) Concurrent Select Relocation Set 11.383ms
[2026-04-03T03:29:27.339+0600][22.457s][info][gc,phases   ] GC(24) Pause Relocate Start 0.023ms
[2026-04-03T03:29:27.417+0600][22.536s][info][gc,phases   ] GC(24) Concurrent Relocate 77.738ms
[2026-04-03T03:29:27.417+0600][22.536s][info][gc,load     ] GC(24) Load: 4.30/4.53/5.00
[2026-04-03T03:29:27.417+0600][22.536s][info][gc,mmu      ] GC(24) MMU: 2ms/91.5%, 5ms/96.6%, 10ms/98.2%, 20ms/99.1%, 50ms/99.6%, 100ms/99.8%
[2026-04-03T03:29:27.417+0600][22.536s][info][gc,marking  ] GC(24) Mark: 2 stripe(s), 10 proactive flush(es), 1 terminate flush(es), 0 completion(s), 0 continuation(s) 
[2026-04-03T03:29:27.417+0600][22.536s][info][gc,marking  ] GC(24) Mark Stack Usage: 32M
[2026-04-03T03:29:27.417+0600][22.536s][info][gc,nmethod  ] GC(24) NMethods: 5190 registered, 296 unregistered
[2026-04-03T03:29:27.417+0600][22.536s][info][gc,metaspace] GC(24) Metaspace: 67M used, 68M committed, 1088M reserved
[2026-04-03T03:29:27.417+0600][22.536s][info][gc,ref      ] GC(24) Soft: 4926 encountered, 0 discovered, 0 enqueued
[2026-04-03T03:29:27.417+0600][22.536s][info][gc,ref      ] GC(24) Weak: 5992 encountered, 3328 discovered, 0 enqueued
[2026-04-03T03:29:27.417+0600][22.536s][info][gc,ref      ] GC(24) Final: 82 encountered, 82 discovered, 0 enqueued
[2026-04-03T03:29:27.417+0600][22.536s][info][gc,ref      ] GC(24) Phantom: 594 encountered, 408 discovered, 0 enqueued
[2026-04-03T03:29:27.417+0600][22.536s][info][gc,reloc    ] GC(24) Small Pages: 358 / 716M, Empty: 0M, Relocated: 41M, In-Place: 0
[2026-04-03T03:29:27.417+0600][22.536s][info][gc,reloc    ] GC(24) Medium Pages: 2 / 64M, Empty: 32M, Relocated: 0M, In-Place: 0
[2026-04-03T03:29:27.417+0600][22.536s][info][gc,reloc    ] GC(24) Large Pages: 7 / 58M, Empty: 0M, Relocated: 0M, In-Place: 0
[2026-04-03T03:29:27.417+0600][22.536s][info][gc,reloc    ] GC(24) Forwarding Usage: 37M
[2026-04-03T03:29:27.417+0600][22.536s][info][gc,heap     ] GC(24) Min Capacity: 8M(1%)
[2026-04-03T03:29:27.417+0600][22.536s][info][gc,heap     ] GC(24) Max Capacity: 1500M(100%)
[2026-04-03T03:29:27.417+0600][22.536s][info][gc,heap     ] GC(24) Soft Max Capacity: 1500M(100%)
[2026-04-03T03:29:27.417+0600][22.536s][info][gc,heap     ] GC(24)                Mark Start          Mark End        Relocate Start      Relocate End           High               Low         
[2026-04-03T03:29:27.417+0600][22.536s][info][gc,heap     ] GC(24)  Capacity:     1446M (96%)        1446M (96%)        1446M (96%)        1446M (96%)        1446M (96%)        1446M (96%)    
[2026-04-03T03:29:27.417+0600][22.536s][info][gc,heap     ] GC(24)      Free:      662M (44%)         262M (17%)         280M (19%)         664M (44%)         664M (44%)         250M (17%)    
[2026-04-03T03:29:27.417+0600][22.536s][info][gc,heap     ] GC(24)      Used:      838M (56%)        1238M (83%)        1220M (81%)         836M (56%)        1250M (83%)         836M (56%)    
[2026-04-03T03:29:27.417+0600][22.536s][info][gc,heap     ] GC(24)      Live:         -               360M (24%)         360M (24%)         360M (24%)            -                  -          
[2026-04-03T03:29:27.417+0600][22.536s][info][gc,heap     ] GC(24) Allocated:         -               400M (27%)         414M (28%)         444M (30%)            -                  -          
[2026-04-03T03:29:27.417+0600][22.536s][info][gc,heap     ] GC(24)   Garbage:         -               477M (32%)         445M (30%)          30M (2%)             -                  -          
[2026-04-03T03:29:27.417+0600][22.536s][info][gc,heap     ] GC(24) Reclaimed:         -                  -                32M (2%)          446M (30%)            -                  -          
[2026-04-03T03:29:27.418+0600][22.536s][info][gc          ] GC(24) Garbage Collection (Allocation Rate) 838M(56%)->836M(56%)
[2026-04-03T03:29:27.485+0600][22.603s][info][gc,start    ] GC(25) Garbage Collection (Allocation Rate)
[2026-04-03T03:29:27.485+0600][22.603s][info][gc,task     ] GC(25) Using 3 workers
[2026-04-03T03:29:27.485+0600][22.604s][info][gc,phases   ] GC(25) Pause Mark Start 0.015ms
[2026-04-03T03:29:28.386+0600][23.505s][info][gc,phases   ] GC(25) Concurrent Mark 901.001ms
[2026-04-03T03:29:28.387+0600][23.505s][info][gc,phases   ] GC(25) Pause Mark End 0.039ms
[2026-04-03T03:29:28.387+0600][23.506s][info][gc,phases   ] GC(25) Concurrent Mark Free 0.006ms
[2026-04-03T03:29:28.398+0600][23.516s][info][gc,phases   ] GC(25) Concurrent Process Non-Strong References 10.783ms
[2026-04-03T03:29:28.398+0600][23.517s][info][gc,phases   ] GC(25) Concurrent Reset Relocation Set 0.031ms
[2026-04-03T03:29:28.406+0600][23.524s][info][gc,phases   ] GC(25) Concurrent Select Relocation Set 7.584ms
[2026-04-03T03:29:28.406+0600][23.524s][info][gc,phases   ] GC(25) Pause Relocate Start 0.023ms
[2026-04-03T03:29:28.473+0600][23.592s][info][gc,phases   ] GC(25) Concurrent Relocate 67.128ms
[2026-04-03T03:29:28.473+0600][23.592s][info][gc,load     ] GC(25) Load: 4.30/4.53/5.00
[2026-04-03T03:29:28.473+0600][23.592s][info][gc,mmu      ] GC(25) MMU: 2ms/91.5%, 5ms/96.6%, 10ms/98.2%, 20ms/99.1%, 50ms/99.6%, 100ms/99.8%
[2026-04-03T03:29:28.473+0600][23.592s][info][gc,marking  ] GC(25) Mark: 2 stripe(s), 2 proactive flush(es), 1 terminate flush(es), 0 completion(s), 0 continuation(s) 
[2026-04-03T03:29:28.473+0600][23.592s][info][gc,marking  ] GC(25) Mark Stack Usage: 32M
[2026-04-03T03:29:28.473+0600][23.592s][info][gc,nmethod  ] GC(25) NMethods: 5289 registered, 347 unregistered
[2026-04-03T03:29:28.473+0600][23.592s][info][gc,metaspace] GC(25) Metaspace: 68M used, 68M committed, 1088M reserved
[2026-04-03T03:29:28.473+0600][23.592s][info][gc,ref      ] GC(25) Soft: 4943 encountered, 0 discovered, 0 enqueued
[2026-04-03T03:29:28.473+0600][23.592s][info][gc,ref      ] GC(25) Weak: 6024 encountered, 3622 discovered, 7 enqueued
[2026-04-03T03:29:28.473+0600][23.592s][info][gc,ref      ] GC(25) Final: 82 encountered, 48 discovered, 0 enqueued
[2026-04-03T03:29:28.473+0600][23.592s][info][gc,ref      ] GC(25) Phantom: 595 encountered, 389 discovered, 0 enqueued
[2026-04-03T03:29:28.473+0600][23.592s][info][gc,reloc    ] GC(25) Small Pages: 387 / 774M, Empty: 8M, Relocated: 32M, In-Place: 0
[2026-04-03T03:29:28.473+0600][23.592s][info][gc,reloc    ] GC(25) Medium Pages: 1 / 32M, Empty: 0M, Relocated: 0M, In-Place: 0
[2026-04-03T03:29:28.473+0600][23.592s][info][gc,reloc    ] GC(25) Large Pages: 9 / 78M, Empty: 18M, Relocated: 0M, In-Place: 0
[2026-04-03T03:29:28.473+0600][23.592s][info][gc,reloc    ] GC(25) Forwarding Usage: 31M
[2026-04-03T03:29:28.473+0600][23.592s][info][gc,heap     ] GC(25) Min Capacity: 8M(1%)
[2026-04-03T03:29:28.473+0600][23.592s][info][gc,heap     ] GC(25) Max Capacity: 1500M(100%)
[2026-04-03T03:29:28.473+0600][23.592s][info][gc,heap     ] GC(25) Soft Max Capacity: 1500M(100%)
[2026-04-03T03:29:28.473+0600][23.592s][info][gc,heap     ] GC(25)                Mark Start          Mark End        Relocate Start      Relocate End           High               Low         
[2026-04-03T03:29:28.473+0600][23.592s][info][gc,heap     ] GC(25)  Capacity:     1446M (96%)        1446M (96%)        1446M (96%)        1446M (96%)        1446M (96%)        1446M (96%)    
[2026-04-03T03:29:28.473+0600][23.592s][info][gc,heap     ] GC(25)      Free:      616M (41%)          78M (5%)           94M (6%)          502M (33%)         616M (41%)          70M (5%)     
[2026-04-03T03:29:28.473+0600][23.592s][info][gc,heap     ] GC(25)      Used:      884M (59%)        1422M (95%)        1406M (94%)         998M (67%)        1430M (95%)         884M (59%)    
[2026-04-03T03:29:28.473+0600][23.592s][info][gc,heap     ] GC(25)      Live:         -               384M (26%)         384M (26%)         384M (26%)            -                  -          
[2026-04-03T03:29:28.473+0600][23.592s][info][gc,heap     ] GC(25) Allocated:         -               538M (36%)         548M (37%)         579M (39%)            -                  -          
[2026-04-03T03:29:28.473+0600][23.592s][info][gc,heap     ] GC(25)   Garbage:         -               499M (33%)         473M (32%)          34M (2%)             -                  -          
[2026-04-03T03:29:28.473+0600][23.592s][info][gc,heap     ] GC(25) Reclaimed:         -                  -                26M (2%)          465M (31%)            -                  -          
[2026-04-03T03:29:28.473+0600][23.592s][info][gc          ] GC(25) Garbage Collection (Allocation Rate) 884M(59%)->998M(67%)
[2026-04-03T03:29:28.485+0600][23.604s][info][gc,start    ] GC(26) Garbage Collection (Allocation Rate)
[2026-04-03T03:29:28.485+0600][23.604s][info][gc,task     ] GC(26) Using 3 workers
[2026-04-03T03:29:28.485+0600][23.604s][info][gc,phases   ] GC(26) Pause Mark Start 0.057ms
[2026-04-03T03:29:29.353+0600][24.471s][info][gc,phases   ] GC(26) Concurrent Mark 867.063ms
[2026-04-03T03:29:29.353+0600][24.472s][info][gc,phases   ] GC(26) Pause Mark End 0.044ms
[2026-04-03T03:29:29.353+0600][24.472s][info][gc,phases   ] GC(26) Concurrent Mark Free 0.002ms
[2026-04-03T03:29:29.363+0600][24.482s][info][gc,phases   ] GC(26) Concurrent Process Non-Strong References 9.855ms
[2026-04-03T03:29:29.363+0600][24.482s][info][gc,phases   ] GC(26) Concurrent Reset Relocation Set 0.067ms
[2026-04-03T03:29:29.374+0600][24.493s][info][gc,phases   ] GC(26) Concurrent Select Relocation Set 11.048ms
[2026-04-03T03:29:29.375+0600][24.493s][info][gc,phases   ] GC(26) Pause Relocate Start 0.022ms
[2026-04-03T03:29:29.446+0600][24.564s][info][gc,phases   ] GC(26) Concurrent Relocate 70.467ms
[2026-04-03T03:29:29.446+0600][24.564s][info][gc,load     ] GC(26) Load: 4.30/4.53/5.00
[2026-04-03T03:29:29.446+0600][24.564s][info][gc,mmu      ] GC(26) MMU: 2ms/91.5%, 5ms/96.6%, 10ms/98.2%, 20ms/99.1%, 50ms/99.6%, 100ms/99.8%
[2026-04-03T03:29:29.446+0600][24.564s][info][gc,marking  ] GC(26) Mark: 2 stripe(s), 2 proactive flush(es), 1 terminate flush(es), 0 completion(s), 0 continuation(s) 
[2026-04-03T03:29:29.446+0600][24.564s][info][gc,marking  ] GC(26) Mark Stack Usage: 32M
[2026-04-03T03:29:29.446+0600][24.565s][info][gc,nmethod  ] GC(26) NMethods: 5304 registered, 424 unregistered
[2026-04-03T03:29:29.446+0600][24.565s][info][gc,metaspace] GC(26) Metaspace: 68M used, 69M committed, 1088M reserved
[2026-04-03T03:29:29.446+0600][24.565s][info][gc,ref      ] GC(26) Soft: 4943 encountered, 0 discovered, 0 enqueued
[2026-04-03T03:29:29.446+0600][24.565s][info][gc,ref      ] GC(26) Weak: 6031 encountered, 2223 discovered, 5 enqueued
[2026-04-03T03:29:29.446+0600][24.565s][info][gc,ref      ] GC(26) Final: 82 encountered, 2 discovered, 0 enqueued
[2026-04-03T03:29:29.446+0600][24.565s][info][gc,ref      ] GC(26) Phantom: 594 encountered, 473 discovered, 0 enqueued
[2026-04-03T03:29:29.446+0600][24.565s][info][gc,reloc    ] GC(26) Small Pages: 440 / 880M, Empty: 20M, Relocated: 45M, In-Place: 0
[2026-04-03T03:29:29.446+0600][24.565s][info][gc,reloc    ] GC(26) Medium Pages: 1 / 32M, Empty: 0M, Relocated: 0M, In-Place: 0
[2026-04-03T03:29:29.446+0600][24.565s][info][gc,reloc    ] GC(26) Large Pages: 8 / 96M, Empty: 30M, Relocated: 0M, In-Place: 0
[2026-04-03T03:29:29.446+0600][24.565s][info][gc,reloc    ] GC(26) Forwarding Usage: 36M
[2026-04-03T03:29:29.446+0600][24.565s][info][gc,heap     ] GC(26) Min Capacity: 8M(1%)
[2026-04-03T03:29:29.446+0600][24.565s][info][gc,heap     ] GC(26) Max Capacity: 1500M(100%)
[2026-04-03T03:29:29.446+0600][24.565s][info][gc,heap     ] GC(26) Soft Max Capacity: 1500M(100%)
[2026-04-03T03:29:29.446+0600][24.565s][info][gc,heap     ] GC(26)                Mark Start          Mark End        Relocate Start      Relocate End           High               Low         
[2026-04-03T03:29:29.446+0600][24.565s][info][gc,heap     ] GC(26)  Capacity:     1446M (96%)        1500M (100%)       1500M (100%)       1500M (100%)       1500M (100%)       1446M (96%)    
[2026-04-03T03:29:29.446+0600][24.565s][info][gc,heap     ] GC(26)      Free:      492M (33%)         218M (15%)         264M (18%)         782M (52%)         782M (52%)         214M (14%)    
[2026-04-03T03:29:29.446+0600][24.565s][info][gc,heap     ] GC(26)      Used:     1008M (67%)        1282M (85%)        1236M (82%)         718M (48%)        1286M (86%)         718M (48%)    
[2026-04-03T03:29:29.446+0600][24.565s][info][gc,heap     ] GC(26)      Live:         -               374M (25%)         374M (25%)         374M (25%)            -                  -          
[2026-04-03T03:29:29.446+0600][24.565s][info][gc,heap     ] GC(26) Allocated:         -               274M (18%)         278M (19%)         293M (20%)            -                  -          
[2026-04-03T03:29:29.446+0600][24.565s][info][gc,heap     ] GC(26)   Garbage:         -               633M (42%)         583M (39%)          50M (3%)             -                  -          
[2026-04-03T03:29:29.446+0600][24.565s][info][gc,heap     ] GC(26) Reclaimed:         -                  -                50M (3%)          583M (39%)            -                  -          
[2026-04-03T03:29:29.446+0600][24.565s][info][gc          ] GC(26) Garbage Collection (Allocation Rate) 1008M(67%)->718M(48%)
[2026-04-03T03:29:29.485+0600][24.604s][info][gc,start    ] GC(27) Garbage Collection (Allocation Rate)
[2026-04-03T03:29:29.485+0600][24.604s][info][gc,task     ] GC(27) Using 3 workers
[2026-04-03T03:29:29.485+0600][24.604s][info][gc,phases   ] GC(27) Pause Mark Start 0.017ms
[2026-04-03T03:29:30.270+0600][25.388s][info][gc,phases   ] GC(27) Concurrent Mark 783.976ms
[2026-04-03T03:29:30.270+0600][25.389s][info][gc,phases   ] GC(27) Pause Mark End 0.024ms
[2026-04-03T03:29:30.270+0600][25.389s][info][gc,phases   ] GC(27) Concurrent Mark Free 0.001ms
[2026-04-03T03:29:30.276+0600][25.395s][info][gc,phases   ] GC(27) Concurrent Process Non-Strong References 5.956ms
[2026-04-03T03:29:30.276+0600][25.395s][info][gc,phases   ] GC(27) Concurrent Reset Relocation Set 0.023ms
[2026-04-03T03:29:30.282+0600][25.400s][info][gc,phases   ] GC(27) Concurrent Select Relocation Set 5.583ms
[2026-04-03T03:29:30.282+0600][25.401s][info][gc,phases   ] GC(27) Pause Relocate Start 0.016ms
[2026-04-03T03:29:30.330+0600][25.449s][info][gc,phases   ] GC(27) Concurrent Relocate 47.674ms
[2026-04-03T03:29:30.330+0600][25.449s][info][gc,load     ] GC(27) Load: 4.30/4.53/5.00
[2026-04-03T03:29:30.330+0600][25.449s][info][gc,mmu      ] GC(27) MMU: 2ms/91.5%, 5ms/96.6%, 10ms/98.2%, 20ms/99.1%, 50ms/99.6%, 100ms/99.8%
[2026-04-03T03:29:30.330+0600][25.449s][info][gc,marking  ] GC(27) Mark: 2 stripe(s), 2 proactive flush(es), 1 terminate flush(es), 0 completion(s), 0 continuation(s) 
[2026-04-03T03:29:30.330+0600][25.449s][info][gc,marking  ] GC(27) Mark Stack Usage: 32M
[2026-04-03T03:29:30.330+0600][25.449s][info][gc,nmethod  ] GC(27) NMethods: 5362 registered, 45 unregistered
[2026-04-03T03:29:30.330+0600][25.449s][info][gc,metaspace] GC(27) Metaspace: 68M used, 69M committed, 1088M reserved
[2026-04-03T03:29:30.330+0600][25.449s][info][gc,ref      ] GC(27) Soft: 4943 encountered, 0 discovered, 0 enqueued
[2026-04-03T03:29:30.330+0600][25.449s][info][gc,ref      ] GC(27) Weak: 6029 encountered, 4023 discovered, 3 enqueued
[2026-04-03T03:29:30.330+0600][25.449s][info][gc,ref      ] GC(27) Final: 82 encountered, 0 discovered, 0 enqueued
[2026-04-03T03:29:30.330+0600][25.449s][info][gc,ref      ] GC(27) Phantom: 595 encountered, 434 discovered, 0 enqueued
[2026-04-03T03:29:30.330+0600][25.449s][info][gc,reloc    ] GC(27) Small Pages: 300 / 600M, Empty: 20M, Relocated: 36M, In-Place: 0
[2026-04-03T03:29:30.330+0600][25.449s][info][gc,reloc    ] GC(27) Medium Pages: 2 / 64M, Empty: 0M, Relocated: 15M, In-Place: 0
[2026-04-03T03:29:30.330+0600][25.449s][info][gc,reloc    ] GC(27) Large Pages: 5 / 66M, Empty: 20M, Relocated: 0M, In-Place: 0
[2026-04-03T03:29:30.330+0600][25.449s][info][gc,reloc    ] GC(27) Forwarding Usage: 32M
[2026-04-03T03:29:30.330+0600][25.449s][info][gc,heap     ] GC(27) Min Capacity: 8M(1%)
[2026-04-03T03:29:30.330+0600][25.449s][info][gc,heap     ] GC(27) Max Capacity: 1500M(100%)
[2026-04-03T03:29:30.330+0600][25.449s][info][gc,heap     ] GC(27) Soft Max Capacity: 1500M(100%)
[2026-04-03T03:29:30.330+0600][25.449s][info][gc,heap     ] GC(27)                Mark Start          Mark End        Relocate Start      Relocate End           High               Low         
[2026-04-03T03:29:30.330+0600][25.449s][info][gc,heap     ] GC(27)  Capacity:     1500M (100%)       1500M (100%)       1500M (100%)       1500M (100%)       1500M (100%)       1500M (100%)   
[2026-04-03T03:29:30.330+0600][25.449s][info][gc,heap     ] GC(27)      Free:      770M (51%)         506M (34%)         528M (35%)         876M (58%)         876M (58%)         488M (33%)    
[2026-04-03T03:29:30.330+0600][25.449s][info][gc,heap     ] GC(27)      Used:      730M (49%)         994M (66%)         972M (65%)         624M (42%)        1012M (67%)         624M (42%)    
[2026-04-03T03:29:30.330+0600][25.449s][info][gc,heap     ] GC(27)      Live:         -               298M (20%)         298M (20%)         298M (20%)            -                  -          
[2026-04-03T03:29:30.330+0600][25.449s][info][gc,heap     ] GC(27) Allocated:         -               264M (18%)         282M (19%)         283M (19%)            -                  -          
[2026-04-03T03:29:30.330+0600][25.449s][info][gc,heap     ] GC(27)   Garbage:         -               431M (29%)         391M (26%)          41M (3%)             -                  -          
[2026-04-03T03:29:30.330+0600][25.449s][info][gc,heap     ] GC(27) Reclaimed:         -                  -                40M (3%)          389M (26%)            -                  -          
[2026-04-03T03:29:30.330+0600][25.449s][info][gc          ] GC(27) Garbage Collection (Allocation Rate) 730M(49%)->624M(42%)
[2026-04-03T03:29:30.785+0600][25.903s][info][gc,start    ] GC(28) Garbage Collection (Allocation Rate)
[2026-04-03T03:29:30.785+0600][25.903s][info][gc,task     ] GC(28) Using 3 workers
[2026-04-03T03:29:30.785+0600][25.904s][info][gc,phases   ] GC(28) Pause Mark Start 0.014ms
[2026-04-03T03:29:31.134+0600][26.252s][info][gc,phases   ] GC(28) Concurrent Mark 348.726ms
[2026-04-03T03:29:31.134+0600][26.253s][info][gc,phases   ] GC(28) Pause Mark End 0.051ms
[2026-04-03T03:29:31.134+0600][26.253s][info][gc,phases   ] GC(28) Concurrent Mark Free 0.001ms
[2026-04-03T03:29:31.141+0600][26.260s][info][gc,phases   ] GC(28) Concurrent Process Non-Strong References 6.743ms
[2026-04-03T03:29:31.141+0600][26.260s][info][gc,phases   ] GC(28) Concurrent Reset Relocation Set 0.036ms
[2026-04-03T03:29:31.147+0600][26.265s][info][gc,phases   ] GC(28) Concurrent Select Relocation Set 5.590ms
[2026-04-03T03:29:31.147+0600][26.266s][info][gc,phases   ] GC(28) Pause Relocate Start 0.014ms
[2026-04-03T03:29:31.194+0600][26.312s][info][gc,phases   ] GC(28) Concurrent Relocate 46.429ms
[2026-04-03T03:29:31.194+0600][26.313s][info][gc,load     ] GC(28) Load: 4.04/4.47/4.98
[2026-04-03T03:29:31.194+0600][26.313s][info][gc,mmu      ] GC(28) MMU: 2ms/91.5%, 5ms/96.6%, 10ms/98.2%, 20ms/99.1%, 50ms/99.6%, 100ms/99.8%
[2026-04-03T03:29:31.194+0600][26.313s][info][gc,marking  ] GC(28) Mark: 2 stripe(s), 2 proactive flush(es), 1 terminate flush(es), 0 completion(s), 0 continuation(s) 
[2026-04-03T03:29:31.194+0600][26.313s][info][gc,marking  ] GC(28) Mark Stack Usage: 32M
[2026-04-03T03:29:31.194+0600][26.313s][info][gc,nmethod  ] GC(28) NMethods: 5313 registered, 106 unregistered
[2026-04-03T03:29:31.194+0600][26.313s][info][gc,metaspace] GC(28) Metaspace: 68M used, 69M committed, 1088M reserved
[2026-04-03T03:29:31.194+0600][26.313s][info][gc,ref      ] GC(28) Soft: 4944 encountered, 0 discovered, 0 enqueued
[2026-04-03T03:29:31.194+0600][26.313s][info][gc,ref      ] GC(28) Weak: 6074 encountered, 1196 discovered, 22 enqueued
[2026-04-03T03:29:31.194+0600][26.313s][info][gc,ref      ] GC(28) Final: 82 encountered, 82 discovered, 0 enqueued
[2026-04-03T03:29:31.194+0600][26.313s][info][gc,ref      ] GC(28) Phantom: 594 encountered, 379 discovered, 0 enqueued
[2026-04-03T03:29:31.194+0600][26.313s][info][gc,reloc    ] GC(28) Small Pages: 345 / 690M, Empty: 38M, Relocated: 34M, In-Place: 0
[2026-04-03T03:29:31.194+0600][26.313s][info][gc,reloc    ] GC(28) Medium Pages: 2 / 64M, Empty: 0M, Relocated: 12M, In-Place: 0
[2026-04-03T03:29:31.194+0600][26.313s][info][gc,reloc    ] GC(28) Large Pages: 4 / 64M, Empty: 46M, Relocated: 0M, In-Place: 0
[2026-04-03T03:29:31.194+0600][26.313s][info][gc,reloc    ] GC(28) Forwarding Usage: 32M
[2026-04-03T03:29:31.194+0600][26.313s][info][gc,heap     ] GC(28) Min Capacity: 8M(1%)
[2026-04-03T03:29:31.194+0600][26.313s][info][gc,heap     ] GC(28) Max Capacity: 1500M(100%)
[2026-04-03T03:29:31.194+0600][26.313s][info][gc,heap     ] GC(28) Soft Max Capacity: 1500M(100%)
[2026-04-03T03:29:31.194+0600][26.313s][info][gc,heap     ] GC(28)                Mark Start          Mark End        Relocate Start      Relocate End           High               Low         
[2026-04-03T03:29:31.194+0600][26.313s][info][gc,heap     ] GC(28)  Capacity:     1500M (100%)       1500M (100%)       1500M (100%)       1500M (100%)       1500M (100%)       1500M (100%)   
[2026-04-03T03:29:31.194+0600][26.313s][info][gc,heap     ] GC(28)      Free:      682M (45%)         646M (43%)         730M (49%)        1218M (81%)        1218M (81%)         646M (43%)    
[2026-04-03T03:29:31.194+0600][26.313s][info][gc,heap     ] GC(28)      Used:      818M (55%)         854M (57%)         770M (51%)         282M (19%)         854M (57%)         282M (19%)    
[2026-04-03T03:29:31.194+0600][26.313s][info][gc,heap     ] GC(28)      Live:         -               217M (14%)         217M (14%)         217M (14%)            -                  -          
[2026-04-03T03:29:31.194+0600][26.313s][info][gc,heap     ] GC(28) Allocated:         -                36M (2%)           36M (2%)           36M (2%)             -                  -          
[2026-04-03T03:29:31.194+0600][26.313s][info][gc,heap     ] GC(28)   Garbage:         -               600M (40%)         516M (34%)          28M (2%)             -                  -          
[2026-04-03T03:29:31.194+0600][26.313s][info][gc,heap     ] GC(28) Reclaimed:         -                  -                84M (6%)          572M (38%)            -                  -          
[2026-04-03T03:29:31.194+0600][26.313s][info][gc          ] GC(28) Garbage Collection (Allocation Rate) 818M(55%)->282M(19%)
[2026-04-03T03:29:31.986+0600][27.104s][info][gc,start    ] GC(29) Garbage Collection (Allocation Rate)
[2026-04-03T03:29:31.986+0600][27.104s][info][gc,task     ] GC(29) Using 3 workers
[2026-04-03T03:29:31.986+0600][27.105s][info][gc,phases   ] GC(29) Pause Mark Start 0.014ms
[2026-04-03T03:29:32.540+0600][27.659s][info][gc,phases   ] GC(29) Concurrent Mark 553.999ms
[2026-04-03T03:29:32.541+0600][27.659s][info][gc,phases   ] GC(29) Pause Mark End 0.036ms
[2026-04-03T03:29:32.541+0600][27.659s][info][gc,phases   ] GC(29) Concurrent Mark Free 0.004ms
[2026-04-03T03:29:32.550+0600][27.668s][info][gc,phases   ] GC(29) Concurrent Process Non-Strong References 8.794ms
[2026-04-03T03:29:32.550+0600][27.668s][info][gc,phases   ] GC(29) Concurrent Reset Relocation Set 0.028ms
[2026-04-03T03:29:32.567+0600][27.686s][info][gc,phases   ] GC(29) Concurrent Select Relocation Set 17.165ms
[2026-04-03T03:29:32.567+0600][27.686s][info][gc,phases   ] GC(29) Pause Relocate Start 0.022ms
[2026-04-03T03:29:32.663+0600][27.781s][info][gc,phases   ] GC(29) Concurrent Relocate 95.238ms
[2026-04-03T03:29:32.663+0600][27.782s][info][gc,load     ] GC(29) Load: 4.04/4.47/4.98
[2026-04-03T03:29:32.663+0600][27.782s][info][gc,mmu      ] GC(29) MMU: 2ms/91.5%, 5ms/96.6%, 10ms/98.2%, 20ms/99.1%, 50ms/99.6%, 100ms/99.8%
[2026-04-03T03:29:32.663+0600][27.782s][info][gc,marking  ] GC(29) Mark: 2 stripe(s), 2 proactive flush(es), 1 terminate flush(es), 0 completion(s), 0 continuation(s) 
[2026-04-03T03:29:32.663+0600][27.782s][info][gc,marking  ] GC(29) Mark Stack Usage: 32M
[2026-04-03T03:29:32.663+0600][27.782s][info][gc,nmethod  ] GC(29) NMethods: 5423 registered, 154 unregistered
[2026-04-03T03:29:32.663+0600][27.782s][info][gc,metaspace] GC(29) Metaspace: 68M used, 69M committed, 1088M reserved
[2026-04-03T03:29:32.663+0600][27.782s][info][gc,ref      ] GC(29) Soft: 4951 encountered, 0 discovered, 0 enqueued
[2026-04-03T03:29:32.663+0600][27.782s][info][gc,ref      ] GC(29) Weak: 6303 encountered, 993 discovered, 154 enqueued
[2026-04-03T03:29:32.663+0600][27.782s][info][gc,ref      ] GC(29) Final: 82 encountered, 0 discovered, 0 enqueued
[2026-04-03T03:29:32.663+0600][27.782s][info][gc,ref      ] GC(29) Phantom: 594 encountered, 386 discovered, 0 enqueued
[2026-04-03T03:29:32.663+0600][27.782s][info][gc,reloc    ] GC(29) Small Pages: 293 / 586M, Empty: 20M, Relocated: 73M, In-Place: 0
[2026-04-03T03:29:32.663+0600][27.782s][info][gc,reloc    ] GC(29) Medium Pages: 2 / 64M, Empty: 32M, Relocated: 0M, In-Place: 0
[2026-04-03T03:29:32.663+0600][27.782s][info][gc,reloc    ] GC(29) Large Pages: 11 / 90M, Empty: 42M, Relocated: 0M, In-Place: 0
[2026-04-03T03:29:32.663+0600][27.782s][info][gc,reloc    ] GC(29) Forwarding Usage: 51M
[2026-04-03T03:29:32.663+0600][27.782s][info][gc,heap     ] GC(29) Min Capacity: 8M(1%)
[2026-04-03T03:29:32.663+0600][27.782s][info][gc,heap     ] GC(29) Max Capacity: 1500M(100%)
[2026-04-03T03:29:32.663+0600][27.782s][info][gc,heap     ] GC(29) Soft Max Capacity: 1500M(100%)
[2026-04-03T03:29:32.663+0600][27.782s][info][gc,heap     ] GC(29)                Mark Start          Mark End        Relocate Start      Relocate End           High               Low         
[2026-04-03T03:29:32.663+0600][27.782s][info][gc,heap     ] GC(29)  Capacity:     1500M (100%)       1500M (100%)       1500M (100%)       1500M (100%)       1500M (100%)       1500M (100%)   
[2026-04-03T03:29:32.663+0600][27.782s][info][gc,heap     ] GC(29)      Free:      760M (51%)         162M (11%)         226M (15%)         476M (32%)         760M (51%)         144M (10%)    
[2026-04-03T03:29:32.663+0600][27.782s][info][gc,heap     ] GC(29)      Used:      740M (49%)        1338M (89%)        1274M (85%)        1024M (68%)        1356M (90%)         740M (49%)    
[2026-04-03T03:29:32.663+0600][27.782s][info][gc,heap     ] GC(29)      Live:         -               294M (20%)         294M (20%)         294M (20%)            -                  -          
[2026-04-03T03:29:32.663+0600][27.782s][info][gc,heap     ] GC(29) Allocated:         -               598M (40%)         628M (42%)         693M (46%)            -                  -          
[2026-04-03T03:29:32.663+0600][27.782s][info][gc,heap     ] GC(29)   Garbage:         -               445M (30%)         351M (23%)          35M (2%)             -                  -          
[2026-04-03T03:29:32.663+0600][27.782s][info][gc,heap     ] GC(29) Reclaimed:         -                  -                94M (6%)          409M (27%)            -                  -          
[2026-04-03T03:29:32.663+0600][27.782s][info][gc          ] GC(29) Garbage Collection (Allocation Rate) 740M(49%)->1024M(68%)
[2026-04-03T03:29:32.686+0600][27.804s][info][gc,start    ] GC(30) Garbage Collection (Allocation Rate)
[2026-04-03T03:29:32.686+0600][27.804s][info][gc,task     ] GC(30) Using 3 workers
[2026-04-03T03:29:32.686+0600][27.805s][info][gc,phases   ] GC(30) Pause Mark Start 0.030ms
[2026-04-03T03:29:33.385+0600][28.504s][info][gc,phases   ] GC(30) Concurrent Mark 698.993ms
[2026-04-03T03:29:33.386+0600][28.504s][info][gc,phases   ] GC(30) Pause Mark End 0.024ms
[2026-04-03T03:29:33.386+0600][28.504s][info][gc,phases   ] GC(30) Concurrent Mark Free 0.004ms
[2026-04-03T03:29:33.392+0600][28.511s][info][gc,phases   ] GC(30) Concurrent Process Non-Strong References 6.603ms
[2026-04-03T03:29:33.392+0600][28.511s][info][gc,phases   ] GC(30) Concurrent Reset Relocation Set 0.043ms
[2026-04-03T03:29:33.396+0600][28.514s][info][gc          ] Allocation Stall (Executor task launch worker for task 2.0 in stage 2.0 (TID 8)) 40.453ms
[2026-04-03T03:29:33.396+0600][28.514s][info][gc          ] Allocation Stall (Executor task launch worker for task 1.0 in stage 2.0 (TID 7)) 42.987ms
[2026-04-03T03:29:33.396+0600][28.514s][info][gc          ] Allocation Stall (Executor task launch worker for task 0.0 in stage 2.0 (TID 6)) 18.689ms
[2026-04-03T03:29:33.405+0600][28.523s][info][gc,phases   ] GC(30) Concurrent Select Relocation Set 12.323ms
[2026-04-03T03:29:33.405+0600][28.524s][info][gc,phases   ] GC(30) Pause Relocate Start 0.019ms
[2026-04-03T03:29:33.542+0600][28.661s][info][gc,phases   ] GC(30) Concurrent Relocate 136.704ms
[2026-04-03T03:29:33.542+0600][28.661s][info][gc,load     ] GC(30) Load: 4.04/4.47/4.98
[2026-04-03T03:29:33.542+0600][28.661s][info][gc,mmu      ] GC(30) MMU: 2ms/91.5%, 5ms/96.6%, 10ms/98.2%, 20ms/99.1%, 50ms/99.6%, 100ms/99.8%
[2026-04-03T03:29:33.542+0600][28.661s][info][gc,marking  ] GC(30) Mark: 2 stripe(s), 2 proactive flush(es), 1 terminate flush(es), 0 completion(s), 0 continuation(s) 
[2026-04-03T03:29:33.542+0600][28.661s][info][gc,marking  ] GC(30) Mark Stack Usage: 32M
[2026-04-03T03:29:33.542+0600][28.661s][info][gc,nmethod  ] GC(30) NMethods: 5417 registered, 166 unregistered
[2026-04-03T03:29:33.542+0600][28.661s][info][gc,metaspace] GC(30) Metaspace: 68M used, 69M committed, 1088M reserved
[2026-04-03T03:29:33.542+0600][28.661s][info][gc,ref      ] GC(30) Soft: 4951 encountered, 0 discovered, 0 enqueued
[2026-04-03T03:29:33.542+0600][28.661s][info][gc,ref      ] GC(30) Weak: 6157 encountered, 754 discovered, 18 enqueued
[2026-04-03T03:29:33.542+0600][28.661s][info][gc,ref      ] GC(30) Final: 82 encountered, 50 discovered, 0 enqueued
[2026-04-03T03:29:33.542+0600][28.661s][info][gc,ref      ] GC(30) Phantom: 594 encountered, 450 discovered, 0 enqueued
[2026-04-03T03:29:33.542+0600][28.661s][info][gc,reloc    ] GC(30) Small Pages: 441 / 882M, Empty: 0M, Relocated: 94M, In-Place: 0
[2026-04-03T03:29:33.542+0600][28.661s][info][gc,reloc    ] GC(30) Medium Pages: 2 / 64M, Empty: 32M, Relocated: 0M, In-Place: 0
[2026-04-03T03:29:33.542+0600][28.661s][info][gc,reloc    ] GC(30) Large Pages: 12 / 96M, Empty: 48M, Relocated: 0M, In-Place: 0
[2026-04-03T03:29:33.542+0600][28.661s][info][gc,reloc    ] GC(30) Forwarding Usage: 68M
[2026-04-03T03:29:33.542+0600][28.661s][info][gc,heap     ] GC(30) Min Capacity: 8M(1%)
[2026-04-03T03:29:33.542+0600][28.661s][info][gc,heap     ] GC(30) Max Capacity: 1500M(100%)
[2026-04-03T03:29:33.542+0600][28.661s][info][gc,heap     ] GC(30) Soft Max Capacity: 1500M(100%)
[2026-04-03T03:29:33.542+0600][28.661s][info][gc,heap     ] GC(30)                Mark Start          Mark End        Relocate Start      Relocate End           High               Low         
[2026-04-03T03:29:33.542+0600][28.661s][info][gc,heap     ] GC(30)  Capacity:     1500M (100%)       1500M (100%)       1500M (100%)       1500M (100%)       1500M (100%)       1500M (100%)   
[2026-04-03T03:29:33.542+0600][28.661s][info][gc,heap     ] GC(30)      Free:      458M (31%)           0M (0%)           74M (5%)          588M (39%)         588M (39%)           0M (0%)     
[2026-04-03T03:29:33.542+0600][28.661s][info][gc,heap     ] GC(30)      Used:     1042M (69%)        1500M (100%)       1426M (95%)         912M (61%)        1500M (100%)        912M (61%)    
[2026-04-03T03:29:33.542+0600][28.661s][info][gc,heap     ] GC(30)      Live:         -               351M (23%)         351M (23%)         351M (23%)            -                  -          
[2026-04-03T03:29:33.542+0600][28.661s][info][gc,heap     ] GC(30) Allocated:         -               458M (31%)         464M (31%)         522M (35%)            -                  -          
[2026-04-03T03:29:33.542+0600][28.661s][info][gc,heap     ] GC(30)   Garbage:         -               690M (46%)         610M (41%)          37M (2%)             -                  -          
[2026-04-03T03:29:33.542+0600][28.661s][info][gc,heap     ] GC(30) Reclaimed:         -                  -                80M (5%)          652M (44%)            -                  -          
[2026-04-03T03:29:33.542+0600][28.661s][info][gc          ] GC(30) Garbage Collection (Allocation Rate) 1042M(69%)->912M(61%)
[2026-04-03T03:29:33.585+0600][28.704s][info][gc,start    ] GC(31) Garbage Collection (Allocation Stall)
[2026-04-03T03:29:33.585+0600][28.704s][info][gc,ref      ] GC(31) Clearing All SoftReferences
[2026-04-03T03:29:33.585+0600][28.704s][info][gc,task     ] GC(31) Using 3 workers
[2026-04-03T03:29:33.586+0600][28.704s][info][gc,ref      ] GC(31) Clearing All SoftReferences
[2026-04-03T03:29:33.586+0600][28.704s][info][gc,phases   ] GC(31) Pause Mark Start 0.048ms
[2026-04-03T03:29:34.526+0600][29.644s][info][gc,phases   ] GC(31) Concurrent Mark 939.877ms
[2026-04-03T03:29:34.526+0600][29.644s][info][gc,phases   ] GC(31) Pause Mark End 0.028ms
[2026-04-03T03:29:34.526+0600][29.645s][info][gc,phases   ] GC(31) Concurrent Mark Free 0.001ms
[2026-04-03T03:29:34.545+0600][29.664s][info][gc,phases   ] GC(31) Concurrent Process Non-Strong References 19.272ms
[2026-04-03T03:29:34.545+0600][29.664s][info][gc,phases   ] GC(31) Concurrent Reset Relocation Set 0.044ms
[2026-04-03T03:29:34.549+0600][29.667s][info][gc          ] Allocation Stall (Executor task launch worker for task 0.0 in stage 2.0 (TID 6)) 48.851ms
[2026-04-03T03:29:34.561+0600][29.679s][info][gc,phases   ] GC(31) Concurrent Select Relocation Set 15.317ms
[2026-04-03T03:29:34.561+0600][29.680s][info][gc,phases   ] GC(31) Pause Relocate Start 0.021ms
[2026-04-03T03:29:34.643+0600][29.762s][info][gc,phases   ] GC(31) Concurrent Relocate 81.520ms
[2026-04-03T03:29:34.643+0600][29.762s][info][gc,load     ] GC(31) Load: 4.04/4.47/4.98
[2026-04-03T03:29:34.643+0600][29.762s][info][gc,mmu      ] GC(31) MMU: 2ms/91.5%, 5ms/96.6%, 10ms/98.2%, 20ms/99.1%, 50ms/99.6%, 100ms/99.8%
[2026-04-03T03:29:34.643+0600][29.762s][info][gc,marking  ] GC(31) Mark: 2 stripe(s), 10 proactive flush(es), 1 terminate flush(es), 0 completion(s), 0 continuation(s) 
[2026-04-03T03:29:34.643+0600][29.762s][info][gc,marking  ] GC(31) Mark Stack Usage: 32M
[2026-04-03T03:29:34.643+0600][29.762s][info][gc,nmethod  ] GC(31) NMethods: 5441 registered, 172 unregistered
[2026-04-03T03:29:34.643+0600][29.762s][info][gc,metaspace] GC(31) Metaspace: 67M used, 69M committed, 1088M reserved
[2026-04-03T03:29:34.643+0600][29.762s][info][gc,ref      ] GC(31) Soft: 4775 encountered, 2381 discovered, 2028 enqueued
[2026-04-03T03:29:34.643+0600][29.762s][info][gc,ref      ] GC(31) Weak: 6055 encountered, 4471 discovered, 184 enqueued
[2026-04-03T03:29:34.643+0600][29.762s][info][gc,ref      ] GC(31) Final: 82 encountered, 82 discovered, 0 enqueued
[2026-04-03T03:29:34.643+0600][29.762s][info][gc,ref      ] GC(31) Phantom: 595 encountered, 383 discovered, 0 enqueued
[2026-04-03T03:29:34.643+0600][29.762s][info][gc,reloc    ] GC(31) Small Pages: 416 / 832M, Empty: 6M, Relocated: 41M, In-Place: 0
[2026-04-03T03:29:34.643+0600][29.762s][info][gc,reloc    ] GC(31) Medium Pages: 1 / 32M, Empty: 0M, Relocated: 0M, In-Place: 0
[2026-04-03T03:29:34.643+0600][29.762s][info][gc,reloc    ] GC(31) Large Pages: 9 / 78M, Empty: 18M, Relocated: 0M, In-Place: 0
[2026-04-03T03:29:34.643+0600][29.762s][info][gc,reloc    ] GC(31) Forwarding Usage: 36M
[2026-04-03T03:29:34.643+0600][29.762s][info][gc,heap     ] GC(31) Min Capacity: 8M(1%)
[2026-04-03T03:29:34.643+0600][29.762s][info][gc,heap     ] GC(31) Max Capacity: 1500M(100%)
[2026-04-03T03:29:34.643+0600][29.762s][info][gc,heap     ] GC(31) Soft Max Capacity: 1500M(100%)
[2026-04-03T03:29:34.643+0600][29.762s][info][gc,heap     ] GC(31)                Mark Start          Mark End        Relocate Start      Relocate End           High               Low         
[2026-04-03T03:29:34.643+0600][29.762s][info][gc,heap     ] GC(31)  Capacity:     1500M (100%)       1500M (100%)       1500M (100%)       1500M (100%)       1500M (100%)       1500M (100%)   
[2026-04-03T03:29:34.643+0600][29.762s][info][gc,heap     ] GC(31)      Free:      558M (37%)           0M (0%)           20M (1%)          488M (33%)         558M (37%)           0M (0%)     
[2026-04-03T03:29:34.644+0600][29.762s][info][gc,heap     ] GC(31)      Used:      942M (63%)        1500M (100%)       1480M (99%)        1012M (67%)        1500M (100%)        942M (63%)    
[2026-04-03T03:29:34.644+0600][29.762s][info][gc,heap     ] GC(31)      Live:         -               384M (26%)         384M (26%)         384M (26%)            -                  -          
[2026-04-03T03:29:34.644+0600][29.762s][info][gc,heap     ] GC(31) Allocated:         -               558M (37%)         562M (37%)         585M (39%)            -                  -          
[2026-04-03T03:29:34.644+0600][29.762s][info][gc,heap     ] GC(31)   Garbage:         -               557M (37%)         533M (36%)          41M (3%)             -                  -          
[2026-04-03T03:29:34.644+0600][29.762s][info][gc,heap     ] GC(31) Reclaimed:         -                  -                24M (2%)          515M (34%)            -                  -          
[2026-04-03T03:29:34.644+0600][29.762s][info][gc          ] GC(31) Garbage Collection (Allocation Stall) 942M(63%)->1012M(67%)
[2026-04-03T03:29:34.685+0600][29.803s][info][gc,start    ] GC(32) Garbage Collection (Allocation Stall)
[2026-04-03T03:29:34.685+0600][29.804s][info][gc,ref      ] GC(32) Clearing All SoftReferences
[2026-04-03T03:29:34.685+0600][29.804s][info][gc,task     ] GC(32) Using 3 workers
[2026-04-03T03:29:34.685+0600][29.804s][info][gc,ref      ] GC(32) Clearing All SoftReferences
[2026-04-03T03:29:34.685+0600][29.804s][info][gc,phases   ] GC(32) Pause Mark Start 0.045ms
[2026-04-03T03:29:34.985+0600][30.104s][info][gc,stats    ] === Garbage Collection Statistics =======================================================================================================================
[2026-04-03T03:29:34.986+0600][30.104s][info][gc,stats    ]                                                              Last 10s              Last 10m              Last 10h                Total
[2026-04-03T03:29:34.986+0600][30.104s][info][gc,stats    ]                                                              Avg / Max             Avg / Max             Avg / Max             Avg / Max
[2026-04-03T03:29:34.986+0600][30.104s][info][gc,stats    ]   Collector: Garbage Collection Cycle                    839.833 / 1058.061    349.490 / 1058.061    349.490 / 1058.061    349.490 / 1058.061    ms
[2026-04-03T03:29:34.986+0600][30.104s][info][gc,stats    ]  Contention: Mark Segment Reset Contention                     9 / 27                4 / 27                4 / 27                4 / 27          ops/s
[2026-04-03T03:29:34.986+0600][30.104s][info][gc,stats    ]  Contention: Mark SeqNum Reset Contention                      0 / 2                 0 / 2                 0 / 2                 0 / 2           ops/s
[2026-04-03T03:29:34.986+0600][30.104s][info][gc,stats    ]    Critical: Allocation Stall                                  0 / 3                 0 / 3                 0 / 3                 0 / 3           ops/s
[2026-04-03T03:29:34.986+0600][30.104s][info][gc,stats    ]    Critical: Allocation Stall                             37.745 / 48.851       37.745 / 48.851       37.745 / 48.851       37.745 / 48.851      ms
[2026-04-03T03:29:34.986+0600][30.104s][info][gc,stats    ]    Critical: GC Locker Stall                                   0 / 0                 0 / 1                 0 / 1                 0 / 1           ops/s
[2026-04-03T03:29:34.986+0600][30.104s][info][gc,stats    ]    Critical: GC Locker Stall                               0.000 / 0.000         0.001 / 0.001         0.001 / 0.001         0.001 / 0.001       ms
[2026-04-03T03:29:34.986+0600][30.104s][info][gc,stats    ]    Critical: Relocation Stall                                  0 / 0                 0 / 0                 0 / 0                 0 / 0           ops/s
[2026-04-03T03:29:34.986+0600][30.104s][info][gc,stats    ]    Critical: Relocation Stall                              0.000 / 0.000         0.000 / 0.000         0.000 / 0.000         0.000 / 0.000       ms
[2026-04-03T03:29:34.986+0600][30.104s][info][gc,stats    ]      Memory: Allocation Rate                                 517 / 920             476 / 2664            476 / 2664            476 / 2664        MB/s
[2026-04-03T03:29:34.986+0600][30.104s][info][gc,stats    ]      Memory: Defragment                                        8 / 37                4 / 48                4 / 48                4 / 48          ops/s
[2026-04-03T03:29:34.986+0600][30.104s][info][gc,stats    ]      Memory: Out Of Memory                                     0 / 0                 0 / 0                 0 / 0                 0 / 0           ops/s
[2026-04-03T03:29:34.986+0600][30.104s][info][gc,stats    ]      Memory: Page Cache Flush                                 35 / 90               16 / 96               16 / 96               16 / 96          MB/s
[2026-04-03T03:29:34.986+0600][30.104s][info][gc,stats    ]      Memory: Page Cache Hit L1                               251 / 443             215 / 1319            215 / 1319            215 / 1319        ops/s
[2026-04-03T03:29:34.986+0600][30.104s][info][gc,stats    ]      Memory: Page Cache Hit L2                                 0 / 0                 0 / 0                 0 / 0                 0 / 0           ops/s
[2026-04-03T03:29:34.986+0600][30.104s][info][gc,stats    ]      Memory: Page Cache Hit L3                                 8 / 33                8 / 93                8 / 93                8 / 93          ops/s
[2026-04-03T03:29:34.986+0600][30.104s][info][gc,stats    ]      Memory: Page Cache Miss                                   5 / 47               14 / 132              14 / 132              14 / 132         ops/s
[2026-04-03T03:29:34.986+0600][30.105s][info][gc,stats    ]      Memory: Uncommit                                          0 / 0                 0 / 0                 0 / 0                 0 / 0           MB/s
[2026-04-03T03:29:34.986+0600][30.105s][info][gc,stats    ]      Memory: Undo Object Allocation Failed                     0 / 0                 0 / 0                 0 / 0                 0 / 0           ops/s
[2026-04-03T03:29:34.986+0600][30.105s][info][gc,stats    ]      Memory: Undo Object Allocation Succeeded                  0 / 2                 0 / 5                 0 / 5                 0 / 5           ops/s
[2026-04-03T03:29:34.986+0600][30.105s][info][gc,stats    ]      Memory: Undo Page Allocation                              0 / 1                 0 / 1                 0 / 1                 0 / 1           ops/s
[2026-04-03T03:29:34.986+0600][30.105s][info][gc,stats    ]       Phase: Concurrent Mark                             711.272 / 939.877     298.984 / 939.877     298.984 / 939.877     298.984 / 939.877     ms
[2026-04-03T03:29:34.986+0600][30.105s][info][gc,stats    ]       Phase: Concurrent Mark Continue                      0.000 / 0.000         0.000 / 0.000         0.000 / 0.000         0.000 / 0.000       ms
[2026-04-03T03:29:34.986+0600][30.105s][info][gc,stats    ]       Phase: Concurrent Mark Free                          0.003 / 0.006         0.002 / 0.006         0.002 / 0.006         0.002 / 0.006       ms
[2026-04-03T03:29:34.986+0600][30.105s][info][gc,stats    ]       Phase: Concurrent Process Non-Strong References      9.847 / 19.272        7.609 / 20.999        7.609 / 20.999        7.609 / 20.999      ms
[2026-04-03T03:29:34.986+0600][30.105s][info][gc,stats    ]       Phase: Concurrent Relocate                          99.226 / 236.568      33.439 / 236.568      33.439 / 236.568      33.439 / 236.568     ms
[2026-04-03T03:29:34.986+0600][30.105s][info][gc,stats    ]       Phase: Concurrent Reset Relocation Set               0.035 / 0.067         0.015 / 0.067         0.015 / 0.067         0.015 / 0.067       ms
[2026-04-03T03:29:34.986+0600][30.105s][info][gc,stats    ]       Phase: Concurrent Select Relocation Set             14.824 / 51.720        6.947 / 51.720        6.947 / 51.720        6.947 / 51.720      ms
[2026-04-03T03:29:34.986+0600][30.105s][info][gc,stats    ]       Phase: Pause Mark End                                0.034 / 0.051         0.036 / 0.171         0.036 / 0.171         0.036 / 0.171       ms
[2026-04-03T03:29:34.986+0600][30.105s][info][gc,stats    ]       Phase: Pause Mark Start                              0.027 / 0.057         0.018 / 0.057         0.018 / 0.057         0.018 / 0.057       ms
[2026-04-03T03:29:34.986+0600][30.105s][info][gc,stats    ]       Phase: Pause Relocate Start                          0.019 / 0.023         0.018 / 0.047         0.018 / 0.047         0.018 / 0.047       ms
[2026-04-03T03:29:34.986+0600][30.105s][info][gc,stats    ]    Subphase: Concurrent Classes Purge                      0.236 / 0.703         0.172 / 0.782         0.172 / 0.782         0.172 / 0.782       ms
[2026-04-03T03:29:34.986+0600][30.105s][info][gc,stats    ]    Subphase: Concurrent Classes Unlink                     7.320 / 16.096        5.591 / 18.015        5.591 / 18.015        5.591 / 18.015      ms
[2026-04-03T03:29:34.986+0600][30.105s][info][gc,stats    ]    Subphase: Concurrent Mark                             716.518 / 938.819     308.559 / 938.819     308.559 / 938.819     308.559 / 938.819     ms
[2026-04-03T03:29:34.986+0600][30.105s][info][gc,stats    ]    Subphase: Concurrent Mark Try Flush                     0.241 / 0.532         0.250 / 2.188         0.250 / 2.188         0.250 / 2.188       ms
[2026-04-03T03:29:34.986+0600][30.105s][info][gc,stats    ]    Subphase: Concurrent Mark Try Terminate                 1.011 / 1.230         1.089 / 1.230         1.089 / 1.230         1.089 / 1.230       ms
[2026-04-03T03:29:34.986+0600][30.105s][info][gc,stats    ]    Subphase: Concurrent References Enqueue                 0.008 / 0.015         0.004 / 0.015         0.004 / 0.015         0.004 / 0.015       ms
[2026-04-03T03:29:34.986+0600][30.105s][info][gc,stats    ]    Subphase: Concurrent References Process                 0.695 / 1.108         0.508 / 1.108         0.508 / 1.108         0.508 / 1.108       ms
[2026-04-03T03:29:34.986+0600][30.105s][info][gc,stats    ]    Subphase: Concurrent Roots ClassLoaderDataGraph         0.283 / 0.712         0.233 / 0.712         0.233 / 0.712         0.233 / 0.712       ms
[2026-04-03T03:29:34.986+0600][30.105s][info][gc,stats    ]    Subphase: Concurrent Roots CodeCache                    0.000 / 0.000         0.000 / 0.000         0.000 / 0.000         0.000 / 0.000       ms
[2026-04-03T03:29:34.986+0600][30.105s][info][gc,stats    ]    Subphase: Concurrent Roots JavaThreads                  0.400 / 0.668         0.414 / 1.651         0.414 / 1.651         0.414 / 1.651       ms
[2026-04-03T03:29:34.986+0600][30.105s][info][gc,stats    ]    Subphase: Concurrent Roots OopStorageSet                0.049 / 0.104         0.047 / 0.148         0.047 / 0.148         0.047 / 0.148       ms
[2026-04-03T03:29:34.986+0600][30.105s][info][gc,stats    ]    Subphase: Concurrent Weak Roots OopStorageSet           0.930 / 1.727         0.718 / 1.727         0.718 / 1.727         0.718 / 1.727       ms
[2026-04-03T03:29:34.986+0600][30.105s][info][gc,stats    ]    Subphase: Pause Mark Try Complete                       0.000 / 0.000         0.002 / 0.003         0.002 / 0.003         0.002 / 0.003       ms
[2026-04-03T03:29:34.986+0600][30.105s][info][gc,stats    ]      System: Java Threads                                     76 / 80               61 / 80               61 / 80               61 / 80          threads
[2026-04-03T03:29:34.986+0600][30.105s][info][gc,stats    ] =========================================================================================================================================================
[2026-04-03T03:29:35.467+0600][30.586s][info][gc,phases   ] GC(32) Concurrent Mark 781.770ms
[2026-04-03T03:29:35.467+0600][30.586s][info][gc,phases   ] GC(32) Pause Mark End 0.027ms
[2026-04-03T03:29:35.468+0600][30.586s][info][gc,phases   ] GC(32) Concurrent Mark Free 0.001ms
[2026-04-03T03:29:35.486+0600][30.605s][info][gc,phases   ] GC(32) Concurrent Process Non-Strong References 18.648ms
[2026-04-03T03:29:35.486+0600][30.605s][info][gc,phases   ] GC(32) Concurrent Reset Relocation Set 0.026ms
[2026-04-03T03:29:35.492+0600][30.611s][info][gc,phases   ] GC(32) Concurrent Select Relocation Set 6.003ms
[2026-04-03T03:29:35.493+0600][30.611s][info][gc,phases   ] GC(32) Pause Relocate Start 0.016ms
[2026-04-03T03:29:35.553+0600][30.672s][info][gc,phases   ] GC(32) Concurrent Relocate 60.211ms
[2026-04-03T03:29:35.553+0600][30.672s][info][gc,load     ] GC(32) Load: 4.04/4.46/4.98
[2026-04-03T03:29:35.553+0600][30.672s][info][gc,mmu      ] GC(32) MMU: 2ms/91.5%, 5ms/96.6%, 10ms/98.2%, 20ms/99.1%, 50ms/99.6%, 100ms/99.8%
[2026-04-03T03:29:35.553+0600][30.672s][info][gc,marking  ] GC(32) Mark: 2 stripe(s), 10 proactive flush(es), 1 terminate flush(es), 0 completion(s), 0 continuation(s) 
[2026-04-03T03:29:35.553+0600][30.672s][info][gc,marking  ] GC(32) Mark Stack Usage: 32M
[2026-04-03T03:29:35.553+0600][30.672s][info][gc,nmethod  ] GC(32) NMethods: 5523 registered, 190 unregistered
[2026-04-03T03:29:35.553+0600][30.672s][info][gc,metaspace] GC(32) Metaspace: 67M used, 69M committed, 1088M reserved
[2026-04-03T03:29:35.553+0600][30.672s][info][gc,ref      ] GC(32) Soft: 2747 encountered, 2438 discovered, 3 enqueued
[2026-04-03T03:29:35.553+0600][30.672s][info][gc,ref      ] GC(32) Weak: 5570 encountered, 2754 discovered, 4 enqueued
[2026-04-03T03:29:35.553+0600][30.672s][info][gc,ref      ] GC(32) Final: 82 encountered, 81 discovered, 0 enqueued
[2026-04-03T03:29:35.553+0600][30.672s][info][gc,ref      ] GC(32) Phantom: 595 encountered, 424 discovered, 0 enqueued
[2026-04-03T03:29:35.553+0600][30.672s][info][gc,reloc    ] GC(32) Small Pages: 433 / 866M, Empty: 76M, Relocated: 40M, In-Place: 0
[2026-04-03T03:29:35.553+0600][30.672s][info][gc,reloc    ] GC(32) Medium Pages: 2 / 64M, Empty: 0M, Relocated: 14M, In-Place: 0
[2026-04-03T03:29:35.553+0600][30.672s][info][gc,reloc    ] GC(32) Large Pages: 8 / 96M, Empty: 50M, Relocated: 0M, In-Place: 0
[2026-04-03T03:29:35.553+0600][30.672s][info][gc,reloc    ] GC(32) Forwarding Usage: 37M
[2026-04-03T03:29:35.553+0600][30.672s][info][gc,heap     ] GC(32) Min Capacity: 8M(1%)
[2026-04-03T03:29:35.553+0600][30.672s][info][gc,heap     ] GC(32) Max Capacity: 1500M(100%)
[2026-04-03T03:29:35.553+0600][30.672s][info][gc,heap     ] GC(32) Soft Max Capacity: 1500M(100%)
[2026-04-03T03:29:35.553+0600][30.672s][info][gc,heap     ] GC(32)                Mark Start          Mark End        Relocate Start      Relocate End           High               Low         
[2026-04-03T03:29:35.553+0600][30.672s][info][gc,heap     ] GC(32)  Capacity:     1500M (100%)       1500M (100%)       1500M (100%)       1500M (100%)       1500M (100%)       1500M (100%)   
[2026-04-03T03:29:35.553+0600][30.672s][info][gc,heap     ] GC(32)      Free:      474M (32%)         174M (12%)         290M (19%)         842M (56%)         842M (56%)         166M (11%)    
[2026-04-03T03:29:35.553+0600][30.672s][info][gc,heap     ] GC(32)      Used:     1026M (68%)        1326M (88%)        1210M (81%)         658M (44%)        1334M (89%)         658M (44%)    
[2026-04-03T03:29:35.553+0600][30.672s][info][gc,heap     ] GC(32)      Live:         -               290M (19%)         290M (19%)         290M (19%)            -                  -          
[2026-04-03T03:29:35.553+0600][30.672s][info][gc,heap     ] GC(32) Allocated:         -               300M (20%)         310M (21%)         327M (22%)            -                  -          
[2026-04-03T03:29:35.554+0600][30.672s][info][gc,heap     ] GC(32)   Garbage:         -               735M (49%)         609M (41%)          39M (3%)             -                  -          
[2026-04-03T03:29:35.554+0600][30.672s][info][gc,heap     ] GC(32) Reclaimed:         -                  -               126M (8%)          695M (46%)            -                  -          
[2026-04-03T03:29:35.554+0600][30.672s][info][gc          ] GC(32) Garbage Collection (Allocation Stall) 1026M(68%)->658M(44%)
[2026-04-03T03:29:35.585+0600][30.704s][info][gc,start    ] GC(33) Garbage Collection (Allocation Rate)
[2026-04-03T03:29:35.585+0600][30.704s][info][gc,task     ] GC(33) Using 3 workers
[2026-04-03T03:29:35.585+0600][30.704s][info][gc,phases   ] GC(33) Pause Mark Start 0.009ms
[2026-04-03T03:29:35.900+0600][31.018s][info][gc,phases   ] GC(33) Concurrent Mark 314.345ms
[2026-04-03T03:29:35.900+0600][31.019s][info][gc,phases   ] GC(33) Pause Mark End 0.027ms
[2026-04-03T03:29:35.900+0600][31.019s][info][gc,phases   ] GC(33) Concurrent Mark Free 0.001ms
[2026-04-03T03:29:35.907+0600][31.025s][info][gc,phases   ] GC(33) Concurrent Process Non-Strong References 6.537ms
[2026-04-03T03:29:35.907+0600][31.026s][info][gc,phases   ] GC(33) Concurrent Reset Relocation Set 0.029ms
[2026-04-03T03:29:35.913+0600][31.031s][info][gc,phases   ] GC(33) Concurrent Select Relocation Set 5.626ms
[2026-04-03T03:29:35.913+0600][31.032s][info][gc,phases   ] GC(33) Pause Relocate Start 0.014ms
[2026-04-03T03:29:35.945+0600][31.064s][info][gc,phases   ] GC(33) Concurrent Relocate 31.960ms
[2026-04-03T03:29:35.945+0600][31.064s][info][gc,load     ] GC(33) Load: 4.04/4.46/4.98
[2026-04-03T03:29:35.945+0600][31.064s][info][gc,mmu      ] GC(33) MMU: 2ms/91.5%, 5ms/96.6%, 10ms/98.2%, 20ms/99.1%, 50ms/99.6%, 100ms/99.8%
[2026-04-03T03:29:35.945+0600][31.064s][info][gc,marking  ] GC(33) Mark: 2 stripe(s), 2 proactive flush(es), 1 terminate flush(es), 0 completion(s), 0 continuation(s) 
[2026-04-03T03:29:35.945+0600][31.064s][info][gc,marking  ] GC(33) Mark Stack Usage: 32M
[2026-04-03T03:29:35.945+0600][31.064s][info][gc,nmethod  ] GC(33) NMethods: 5510 registered, 212 unregistered
[2026-04-03T03:29:35.945+0600][31.064s][info][gc,metaspace] GC(33) Metaspace: 67M used, 69M committed, 1088M reserved
[2026-04-03T03:29:35.945+0600][31.064s][info][gc,ref      ] GC(33) Soft: 2900 encountered, 0 discovered, 0 enqueued
[2026-04-03T03:29:35.945+0600][31.064s][info][gc,ref      ] GC(33) Weak: 5767 encountered, 2706 discovered, 180 enqueued
[2026-04-03T03:29:35.945+0600][31.064s][info][gc,ref      ] GC(33) Final: 82 encountered, 82 discovered, 0 enqueued
[2026-04-03T03:29:35.945+0600][31.064s][info][gc,ref      ] GC(33) Phantom: 595 encountered, 394 discovered, 0 enqueued
[2026-04-03T03:29:35.945+0600][31.064s][info][gc,reloc    ] GC(33) Small Pages: 280 / 560M, Empty: 42M, Relocated: 22M, In-Place: 0
[2026-04-03T03:29:35.945+0600][31.064s][info][gc,reloc    ] GC(33) Medium Pages: 2 / 64M, Empty: 32M, Relocated: 0M, In-Place: 0
[2026-04-03T03:29:35.945+0600][31.064s][info][gc,reloc    ] GC(33) Large Pages: 4 / 64M, Empty: 36M, Relocated: 0M, In-Place: 0
[2026-04-03T03:29:35.945+0600][31.064s][info][gc,reloc    ] GC(33) Forwarding Usage: 22M
[2026-04-03T03:29:35.945+0600][31.064s][info][gc,heap     ] GC(33) Min Capacity: 8M(1%)
[2026-04-03T03:29:35.945+0600][31.064s][info][gc,heap     ] GC(33) Max Capacity: 1500M(100%)
[2026-04-03T03:29:35.945+0600][31.064s][info][gc,heap     ] GC(33) Soft Max Capacity: 1500M(100%)
[2026-04-03T03:29:35.945+0600][31.064s][info][gc,heap     ] GC(33)                Mark Start          Mark End        Relocate Start      Relocate End           High               Low         
[2026-04-03T03:29:35.945+0600][31.064s][info][gc,heap     ] GC(33)  Capacity:     1500M (100%)       1500M (100%)       1500M (100%)       1500M (100%)       1500M (100%)       1500M (100%)   
[2026-04-03T03:29:35.945+0600][31.064s][info][gc,heap     ] GC(33)      Free:      812M (54%)         740M (49%)         844M (56%)        1158M (77%)        1158M (77%)         736M (49%)    
[2026-04-03T03:29:35.945+0600][31.064s][info][gc,heap     ] GC(33)      Used:      688M (46%)         760M (51%)         656M (44%)         342M (23%)         764M (51%)         342M (23%)    
[2026-04-03T03:29:35.945+0600][31.064s][info][gc,heap     ] GC(33)      Live:         -               220M (15%)         220M (15%)         220M (15%)            -                  -          
[2026-04-03T03:29:35.945+0600][31.064s][info][gc,heap     ] GC(33) Allocated:         -                72M (5%)           78M (5%)           87M (6%)             -                  -          
[2026-04-03T03:29:35.945+0600][31.064s][info][gc,heap     ] GC(33)   Garbage:         -               467M (31%)         357M (24%)          33M (2%)             -                  -          
[2026-04-03T03:29:35.946+0600][31.064s][info][gc,heap     ] GC(33) Reclaimed:         -                  -               110M (7%)          433M (29%)            -                  -          
[2026-04-03T03:29:35.946+0600][31.064s][info][gc          ] GC(33) Garbage Collection (Allocation Rate) 688M(46%)->342M(23%)
[2026-04-03T03:29:36.885+0600][32.004s][info][gc,start    ] GC(34) Garbage Collection (Allocation Rate)
[2026-04-03T03:29:36.885+0600][32.004s][info][gc,task     ] GC(34) Using 3 workers
[2026-04-03T03:29:36.885+0600][32.004s][info][gc,phases   ] GC(34) Pause Mark Start 0.010ms
[2026-04-03T03:29:37.278+0600][32.397s][info][gc,phases   ] GC(34) Concurrent Mark 392.458ms
[2026-04-03T03:29:37.279+0600][32.397s][info][gc,phases   ] GC(34) Pause Mark End 0.038ms
[2026-04-03T03:29:37.279+0600][32.397s][info][gc,phases   ] GC(34) Concurrent Mark Free 0.004ms
[2026-04-03T03:29:37.306+0600][32.424s][info][gc,phases   ] GC(34) Concurrent Process Non-Strong References 26.681ms
[2026-04-03T03:29:37.306+0600][32.424s][info][gc,phases   ] GC(34) Concurrent Reset Relocation Set 0.111ms
[2026-04-03T03:29:37.316+0600][32.435s][info][gc,phases   ] GC(34) Concurrent Select Relocation Set 10.324ms
[2026-04-03T03:29:37.316+0600][32.435s][info][gc,phases   ] GC(34) Pause Relocate Start 0.022ms
[2026-04-03T03:29:37.370+0600][32.488s][info][gc,phases   ] GC(34) Concurrent Relocate 53.078ms
[2026-04-03T03:29:37.370+0600][32.489s][info][gc,load     ] GC(34) Load: 4.04/4.46/4.98
[2026-04-03T03:29:37.370+0600][32.489s][info][gc,mmu      ] GC(34) MMU: 2ms/91.5%, 5ms/96.6%, 10ms/98.2%, 20ms/99.1%, 50ms/99.6%, 100ms/99.8%
[2026-04-03T03:29:37.370+0600][32.489s][info][gc,marking  ] GC(34) Mark: 2 stripe(s), 2 proactive flush(es), 1 terminate flush(es), 0 completion(s), 0 continuation(s) 
[2026-04-03T03:29:37.370+0600][32.489s][info][gc,marking  ] GC(34) Mark Stack Usage: 32M
[2026-04-03T03:29:37.370+0600][32.489s][info][gc,nmethod  ] GC(34) NMethods: 5765 registered, 33 unregistered
[2026-04-03T03:29:37.370+0600][32.489s][info][gc,metaspace] GC(34) Metaspace: 68M used, 69M committed, 1088M reserved
[2026-04-03T03:29:37.370+0600][32.489s][info][gc,ref      ] GC(34) Soft: 3140 encountered, 0 discovered, 0 enqueued
[2026-04-03T03:29:37.370+0600][32.489s][info][gc,ref      ] GC(34) Weak: 6156 encountered, 3457 discovered, 72 enqueued
[2026-04-03T03:29:37.370+0600][32.489s][info][gc,ref      ] GC(34) Final: 82 encountered, 82 discovered, 0 enqueued
[2026-04-03T03:29:37.370+0600][32.489s][info][gc,ref      ] GC(34) Phantom: 594 encountered, 449 discovered, 0 enqueued
[2026-04-03T03:29:37.370+0600][32.489s][info][gc,reloc    ] GC(34) Small Pages: 270 / 540M, Empty: 146M, Relocated: 27M, In-Place: 0
[2026-04-03T03:29:37.370+0600][32.489s][info][gc,reloc    ] GC(34) Medium Pages: 2 / 64M, Empty: 32M, Relocated: 0M, In-Place: 0
[2026-04-03T03:29:37.370+0600][32.489s][info][gc,reloc    ] GC(34) Large Pages: 9 / 82M, Empty: 52M, Relocated: 0M, In-Place: 0
[2026-04-03T03:29:37.370+0600][32.489s][info][gc,reloc    ] GC(34) Forwarding Usage: 27M
[2026-04-03T03:29:37.370+0600][32.489s][info][gc,heap     ] GC(34) Min Capacity: 8M(1%)
[2026-04-03T03:29:37.370+0600][32.489s][info][gc,heap     ] GC(34) Max Capacity: 1500M(100%)
[2026-04-03T03:29:37.370+0600][32.489s][info][gc,heap     ] GC(34) Soft Max Capacity: 1500M(100%)
[2026-04-03T03:29:37.370+0600][32.489s][info][gc,heap     ] GC(34)                Mark Start          Mark End        Relocate Start      Relocate End           High               Low         
[2026-04-03T03:29:37.370+0600][32.489s][info][gc,heap     ] GC(34)  Capacity:     1500M (100%)       1500M (100%)       1500M (100%)       1500M (100%)       1500M (100%)       1500M (100%)   
[2026-04-03T03:29:37.370+0600][32.489s][info][gc,heap     ] GC(34)      Free:      814M (54%)         584M (39%)         806M (54%)         990M (66%)         990M (66%)         578M (39%)    
[2026-04-03T03:29:37.370+0600][32.489s][info][gc,heap     ] GC(34)      Used:      686M (46%)         916M (61%)         694M (46%)         510M (34%)         922M (61%)         510M (34%)    
[2026-04-03T03:29:37.370+0600][32.489s][info][gc,heap     ] GC(34)      Live:         -               221M (15%)         221M (15%)         221M (15%)            -                  -          
[2026-04-03T03:29:37.370+0600][32.489s][info][gc,heap     ] GC(34) Allocated:         -               230M (15%)         238M (16%)         255M (17%)            -                  -          
[2026-04-03T03:29:37.370+0600][32.489s][info][gc,heap     ] GC(34)   Garbage:         -               464M (31%)         234M (16%)          32M (2%)             -                  -          
[2026-04-03T03:29:37.370+0600][32.489s][info][gc,heap     ] GC(34) Reclaimed:         -                  -               230M (15%)         431M (29%)            -                  -          
[2026-04-03T03:29:37.370+0600][32.489s][info][gc          ] GC(34) Garbage Collection (Allocation Rate) 686M(46%)->510M(34%)
[2026-04-03T03:29:37.385+0600][32.503s][info][gc,start    ] GC(35) Garbage Collection (Allocation Rate)
[2026-04-03T03:29:37.385+0600][32.503s][info][gc,task     ] GC(35) Using 3 workers
[2026-04-03T03:29:37.385+0600][32.504s][info][gc,phases   ] GC(35) Pause Mark Start 0.012ms
[2026-04-03T03:29:37.781+0600][32.900s][info][gc,phases   ] GC(35) Concurrent Mark 395.843ms
[2026-04-03T03:29:37.781+0600][32.900s][info][gc,phases   ] GC(35) Pause Mark End 0.021ms
[2026-04-03T03:29:37.781+0600][32.900s][info][gc,phases   ] GC(35) Concurrent Mark Free 0.003ms
[2026-04-03T03:29:37.799+0600][32.917s][info][gc,phases   ] GC(35) Concurrent Process Non-Strong References 17.265ms
[2026-04-03T03:29:37.799+0600][32.917s][info][gc,phases   ] GC(35) Concurrent Reset Relocation Set 0.013ms
[2026-04-03T03:29:37.805+0600][32.923s][info][gc,phases   ] GC(35) Concurrent Select Relocation Set 5.676ms
[2026-04-03T03:29:37.805+0600][32.923s][info][gc,phases   ] GC(35) Pause Relocate Start 0.018ms
[2026-04-03T03:29:37.846+0600][32.965s][info][gc,phases   ] GC(35) Concurrent Relocate 41.370ms
[2026-04-03T03:29:37.847+0600][32.965s][info][gc,load     ] GC(35) Load: 4.04/4.46/4.98
[2026-04-03T03:29:37.847+0600][32.965s][info][gc,mmu      ] GC(35) MMU: 2ms/91.5%, 5ms/96.6%, 10ms/98.2%, 20ms/99.1%, 50ms/99.6%, 100ms/99.8%
[2026-04-03T03:29:37.847+0600][32.965s][info][gc,marking  ] GC(35) Mark: 2 stripe(s), 10 proactive flush(es), 1 terminate flush(es), 0 completion(s), 0 continuation(s) 
[2026-04-03T03:29:37.847+0600][32.965s][info][gc,marking  ] GC(35) Mark Stack Usage: 32M
[2026-04-03T03:29:37.847+0600][32.965s][info][gc,nmethod  ] GC(35) NMethods: 5855 registered, 58 unregistered
[2026-04-03T03:29:37.847+0600][32.965s][info][gc,metaspace] GC(35) Metaspace: 68M used, 69M committed, 1088M reserved
[2026-04-03T03:29:37.847+0600][32.965s][info][gc,ref      ] GC(35) Soft: 3230 encountered, 0 discovered, 0 enqueued
[2026-04-03T03:29:37.847+0600][32.965s][info][gc,ref      ] GC(35) Weak: 6435 encountered, 4573 discovered, 425 enqueued
[2026-04-03T03:29:37.847+0600][32.965s][info][gc,ref      ] GC(35) Final: 82 encountered, 50 discovered, 0 enqueued
[2026-04-03T03:29:37.847+0600][32.965s][info][gc,ref      ] GC(35) Phantom: 597 encountered, 453 discovered, 0 enqueued
[2026-04-03T03:29:37.847+0600][32.965s][info][gc,reloc    ] GC(35) Small Pages: 198 / 396M, Empty: 60M, Relocated: 24M, In-Place: 0
[2026-04-03T03:29:37.847+0600][32.965s][info][gc,reloc    ] GC(35) Medium Pages: 2 / 64M, Empty: 32M, Relocated: 0M, In-Place: 0
[2026-04-03T03:29:37.847+0600][32.965s][info][gc,reloc    ] GC(35) Large Pages: 7 / 54M, Empty: 36M, Relocated: 0M, In-Place: 0
[2026-04-03T03:29:37.847+0600][32.965s][info][gc,reloc    ] GC(35) Forwarding Usage: 24M
[2026-04-03T03:29:37.847+0600][32.965s][info][gc,heap     ] GC(35) Min Capacity: 8M(1%)
[2026-04-03T03:29:37.847+0600][32.965s][info][gc,heap     ] GC(35) Max Capacity: 1500M(100%)
[2026-04-03T03:29:37.847+0600][32.965s][info][gc,heap     ] GC(35) Soft Max Capacity: 1500M(100%)
[2026-04-03T03:29:37.847+0600][32.965s][info][gc,heap     ] GC(35)                Mark Start          Mark End        Relocate Start      Relocate End           High               Low         
[2026-04-03T03:29:37.847+0600][32.965s][info][gc,heap     ] GC(35)  Capacity:     1500M (100%)       1500M (100%)       1500M (100%)       1500M (100%)       1500M (100%)       1500M (100%)   
[2026-04-03T03:29:37.847+0600][32.965s][info][gc,heap     ] GC(35)      Free:      986M (66%)         758M (51%)         880M (59%)        1018M (68%)        1018M (68%)         754M (50%)    
[2026-04-03T03:29:37.847+0600][32.966s][info][gc,heap     ] GC(35)      Used:      514M (34%)         742M (49%)         620M (41%)         482M (32%)         746M (50%)         482M (32%)    
[2026-04-03T03:29:37.847+0600][32.966s][info][gc,heap     ] GC(35)      Live:         -               206M (14%)         206M (14%)         206M (14%)            -                  -          
[2026-04-03T03:29:37.847+0600][32.966s][info][gc,heap     ] GC(35) Allocated:         -               228M (15%)         234M (16%)         243M (16%)            -                  -          
[2026-04-03T03:29:37.847+0600][32.966s][info][gc,heap     ] GC(35)   Garbage:         -               307M (20%)         179M (12%)          31M (2%)             -                  -          
[2026-04-03T03:29:37.847+0600][32.966s][info][gc,heap     ] GC(35) Reclaimed:         -                  -               128M (9%)          275M (18%)            -                  -          
[2026-04-03T03:29:37.847+0600][32.966s][info][gc          ] GC(35) Garbage Collection (Allocation Rate) 514M(34%)->482M(32%)
[2026-04-03T03:29:38.685+0600][33.804s][info][gc,start    ] GC(36) Garbage Collection (Allocation Rate)
[2026-04-03T03:29:38.685+0600][33.804s][info][gc,task     ] GC(36) Using 3 workers
[2026-04-03T03:29:38.685+0600][33.804s][info][gc,phases   ] GC(36) Pause Mark Start 0.010ms
[2026-04-03T03:29:38.979+0600][34.097s][info][gc,phases   ] GC(36) Concurrent Mark 293.261ms
[2026-04-03T03:29:38.979+0600][34.098s][info][gc,phases   ] GC(36) Pause Mark End 0.056ms
[2026-04-03T03:29:38.979+0600][34.098s][info][gc,phases   ] GC(36) Concurrent Mark Free 0.003ms
[2026-04-03T03:29:39.001+0600][34.120s][info][gc,phases   ] GC(36) Concurrent Process Non-Strong References 21.515ms
[2026-04-03T03:29:39.001+0600][34.120s][info][gc,phases   ] GC(36) Concurrent Reset Relocation Set 0.013ms
[2026-04-03T03:29:39.007+0600][34.125s][info][gc,phases   ] GC(36) Concurrent Select Relocation Set 5.460ms
[2026-04-03T03:29:39.007+0600][34.126s][info][gc,phases   ] GC(36) Pause Relocate Start 0.020ms
[2026-04-03T03:29:39.045+0600][34.164s][info][gc,phases   ] GC(36) Concurrent Relocate 38.347ms
[2026-04-03T03:29:39.046+0600][34.164s][info][gc,load     ] GC(36) Load: 4.04/4.46/4.98
[2026-04-03T03:29:39.046+0600][34.164s][info][gc,mmu      ] GC(36) MMU: 2ms/91.5%, 5ms/96.6%, 10ms/98.2%, 20ms/99.1%, 50ms/99.6%, 100ms/99.8%
[2026-04-03T03:29:39.046+0600][34.164s][info][gc,marking  ] GC(36) Mark: 2 stripe(s), 2 proactive flush(es), 1 terminate flush(es), 0 completion(s), 0 continuation(s) 
[2026-04-03T03:29:39.046+0600][34.164s][info][gc,marking  ] GC(36) Mark Stack Usage: 32M
[2026-04-03T03:29:39.046+0600][34.164s][info][gc,nmethod  ] GC(36) NMethods: 6019 registered, 124 unregistered
[2026-04-03T03:29:39.046+0600][34.164s][info][gc,metaspace] GC(36) Metaspace: 68M used, 69M committed, 1088M reserved
[2026-04-03T03:29:39.046+0600][34.164s][info][gc,ref      ] GC(36) Soft: 3268 encountered, 0 discovered, 0 enqueued
[2026-04-03T03:29:39.046+0600][34.164s][info][gc,ref      ] GC(36) Weak: 6327 encountered, 3966 discovered, 258 enqueued
[2026-04-03T03:29:39.046+0600][34.164s][info][gc,ref      ] GC(36) Final: 82 encountered, 82 discovered, 0 enqueued
[2026-04-03T03:29:39.046+0600][34.164s][info][gc,ref      ] GC(36) Phantom: 597 encountered, 382 discovered, 0 enqueued
[2026-04-03T03:29:39.046+0600][34.164s][info][gc,reloc    ] GC(36) Small Pages: 419 / 838M, Empty: 460M, Relocated: 17M, In-Place: 0
[2026-04-03T03:29:39.046+0600][34.164s][info][gc,reloc    ] GC(36) Medium Pages: 2 / 64M, Empty: 0M, Relocated: 12M, In-Place: 0
[2026-04-03T03:29:39.046+0600][34.164s][info][gc,reloc    ] GC(36) Large Pages: 14 / 108M, Empty: 108M, Relocated: 0M, In-Place: 0
[2026-04-03T03:29:39.046+0600][34.164s][info][gc,reloc    ] GC(36) Forwarding Usage: 12M
[2026-04-03T03:29:39.046+0600][34.164s][info][gc,heap     ] GC(36) Min Capacity: 8M(1%)
[2026-04-03T03:29:39.046+0600][34.164s][info][gc,heap     ] GC(36) Max Capacity: 1500M(100%)
[2026-04-03T03:29:39.046+0600][34.164s][info][gc,heap     ] GC(36) Soft Max Capacity: 1500M(100%)
[2026-04-03T03:29:39.046+0600][34.164s][info][gc,heap     ] GC(36)                Mark Start          Mark End        Relocate Start      Relocate End           High               Low         
[2026-04-03T03:29:39.046+0600][34.164s][info][gc,heap     ] GC(36)  Capacity:     1500M (100%)       1500M (100%)       1500M (100%)       1500M (100%)       1500M (100%)       1500M (100%)   
[2026-04-03T03:29:39.046+0600][34.165s][info][gc,heap     ] GC(36)      Free:      490M (33%)          30M (2%)          566M (38%)         762M (51%)         766M (51%)           8M (1%)     
[2026-04-03T03:29:39.046+0600][34.165s][info][gc,heap     ] GC(36)      Used:     1010M (67%)        1470M (98%)         934M (62%)         738M (49%)        1492M (99%)         734M (49%)    
[2026-04-03T03:29:39.046+0600][34.165s][info][gc,heap     ] GC(36)      Live:         -               178M (12%)         178M (12%)         178M (12%)            -                  -          
[2026-04-03T03:29:39.046+0600][34.165s][info][gc,heap     ] GC(36) Allocated:         -               460M (31%)         492M (33%)         529M (35%)            -                  -          
[2026-04-03T03:29:39.046+0600][34.165s][info][gc,heap     ] GC(36)   Garbage:         -               831M (55%)         263M (18%)          29M (2%)             -                  -          
[2026-04-03T03:29:39.046+0600][34.165s][info][gc,heap     ] GC(36) Reclaimed:         -                  -               568M (38%)         801M (53%)            -                  -          
[2026-04-03T03:29:39.046+0600][34.165s][info][gc          ] GC(36) Garbage Collection (Allocation Rate) 1010M(67%)->738M(49%)
[2026-04-03T03:29:39.085+0600][34.204s][info][gc,start    ] GC(37) Garbage Collection (Allocation Rate)
[2026-04-03T03:29:39.085+0600][34.204s][info][gc,task     ] GC(37) Using 3 workers
[2026-04-03T03:29:39.086+0600][34.204s][info][gc,phases   ] GC(37) Pause Mark Start 0.033ms
[2026-04-03T03:29:39.709+0600][34.828s][info][gc,phases   ] GC(37) Concurrent Mark 623.301ms
[2026-04-03T03:29:39.710+0600][34.828s][info][gc,phases   ] GC(37) Pause Mark End 0.061ms
[2026-04-03T03:29:39.710+0600][34.828s][info][gc,phases   ] GC(37) Concurrent Mark Free 0.003ms
[2026-04-03T03:29:39.720+0600][34.839s][info][gc,phases   ] GC(37) Concurrent Process Non-Strong References 10.405ms
[2026-04-03T03:29:39.720+0600][34.839s][info][gc,phases   ] GC(37) Concurrent Reset Relocation Set 0.025ms
[2026-04-03T03:29:39.753+0600][34.872s][info][gc,phases   ] GC(37) Concurrent Select Relocation Set 32.901ms
[2026-04-03T03:29:39.754+0600][34.872s][info][gc,phases   ] GC(37) Pause Relocate Start 0.049ms
[2026-04-03T03:29:39.906+0600][35.025s][info][gc,phases   ] GC(37) Concurrent Relocate 152.448ms
[2026-04-03T03:29:39.907+0600][35.025s][info][gc,load     ] GC(37) Load: 4.04/4.46/4.98
[2026-04-03T03:29:39.907+0600][35.025s][info][gc,mmu      ] GC(37) MMU: 2ms/91.5%, 5ms/96.6%, 10ms/98.2%, 20ms/99.1%, 50ms/99.6%, 100ms/99.8%
[2026-04-03T03:29:39.907+0600][35.025s][info][gc,marking  ] GC(37) Mark: 2 stripe(s), 10 proactive flush(es), 1 terminate flush(es), 0 completion(s), 0 continuation(s) 
[2026-04-03T03:29:39.907+0600][35.025s][info][gc,marking  ] GC(37) Mark Stack Usage: 32M
[2026-04-03T03:29:39.907+0600][35.025s][info][gc,nmethod  ] GC(37) NMethods: 6072 registered, 138 unregistered
[2026-04-03T03:29:39.907+0600][35.025s][info][gc,metaspace] GC(37) Metaspace: 69M used, 69M committed, 1088M reserved
[2026-04-03T03:29:39.907+0600][35.025s][info][gc,ref      ] GC(37) Soft: 3268 encountered, 0 discovered, 0 enqueued
[2026-04-03T03:29:39.907+0600][35.025s][info][gc,ref      ] GC(37) Weak: 6094 encountered, 423 discovered, 6 enqueued
[2026-04-03T03:29:39.907+0600][35.025s][info][gc,ref      ] GC(37) Final: 82 encountered, 82 discovered, 0 enqueued
[2026-04-03T03:29:39.907+0600][35.025s][info][gc,ref      ] GC(37) Phantom: 595 encountered, 414 discovered, 0 enqueued
[2026-04-03T03:29:39.907+0600][35.025s][info][gc,reloc    ] GC(37) Small Pages: 345 / 690M, Empty: 0M, Relocated: 64M, In-Place: 0
[2026-04-03T03:29:39.907+0600][35.025s][info][gc,reloc    ] GC(37) Medium Pages: 2 / 64M, Empty: 0M, Relocated: 11M, In-Place: 0
[2026-04-03T03:29:39.907+0600][35.025s][info][gc,reloc    ] GC(37) Large Pages: 3 / 18M, Empty: 0M, Relocated: 0M, In-Place: 0
[2026-04-03T03:29:39.907+0600][35.025s][info][gc,reloc    ] GC(37) Forwarding Usage: 60M
[2026-04-03T03:29:39.907+0600][35.026s][info][gc,heap     ] GC(37) Min Capacity: 8M(1%)
[2026-04-03T03:29:39.907+0600][35.026s][info][gc,heap     ] GC(37) Max Capacity: 1500M(100%)
[2026-04-03T03:29:39.907+0600][35.026s][info][gc,heap     ] GC(37) Soft Max Capacity: 1500M(100%)
[2026-04-03T03:29:39.907+0600][35.026s][info][gc,heap     ] GC(37)                Mark Start          Mark End        Relocate Start      Relocate End           High               Low         
[2026-04-03T03:29:39.907+0600][35.026s][info][gc,heap     ] GC(37)  Capacity:     1500M (100%)       1500M (100%)       1500M (100%)       1500M (100%)       1500M (100%)       1500M (100%)   
[2026-04-03T03:29:39.907+0600][35.026s][info][gc,heap     ] GC(37)      Free:      728M (49%)         560M (37%)         558M (37%)        1004M (67%)        1004M (67%)         524M (35%)    
[2026-04-03T03:29:39.907+0600][35.026s][info][gc,heap     ] GC(37)      Used:      772M (51%)         940M (63%)         942M (63%)         496M (33%)         976M (65%)         496M (33%)    
[2026-04-03T03:29:39.907+0600][35.026s][info][gc,heap     ] GC(37)      Live:         -               255M (17%)         255M (17%)         255M (17%)            -                  -          
[2026-04-03T03:29:39.907+0600][35.026s][info][gc,heap     ] GC(37) Allocated:         -               168M (11%)         170M (11%)         208M (14%)            -                  -          
[2026-04-03T03:29:39.907+0600][35.026s][info][gc,heap     ] GC(37)   Garbage:         -               516M (34%)         516M (34%)          31M (2%)             -                  -          
[2026-04-03T03:29:39.907+0600][35.026s][info][gc,heap     ] GC(37) Reclaimed:         -                  -                 0M (0%)          484M (32%)            -                  -          
[2026-04-03T03:29:39.907+0600][35.026s][info][gc          ] GC(37) Garbage Collection (Allocation Rate) 772M(51%)->496M(33%)
[2026-04-03T03:29:39.985+0600][35.104s][info][gc,start    ] GC(38) Garbage Collection (Allocation Rate)
[2026-04-03T03:29:39.985+0600][35.104s][info][gc,task     ] GC(38) Using 3 workers
[2026-04-03T03:29:39.986+0600][35.104s][info][gc,phases   ] GC(38) Pause Mark Start 0.018ms
[2026-04-03T03:29:40.543+0600][35.661s][info][gc,phases   ] GC(38) Concurrent Mark 557.126ms
[2026-04-03T03:29:40.543+0600][35.662s][info][gc,phases   ] GC(38) Pause Mark End 0.030ms
[2026-04-03T03:29:40.543+0600][35.662s][info][gc,phases   ] GC(38) Concurrent Mark Free 0.004ms
[2026-04-03T03:29:40.553+0600][35.671s][info][gc,phases   ] GC(38) Concurrent Process Non-Strong References 9.099ms
[2026-04-03T03:29:40.553+0600][35.671s][info][gc,phases   ] GC(38) Concurrent Reset Relocation Set 0.028ms
[2026-04-03T03:29:40.562+0600][35.681s][info][gc,phases   ] GC(38) Concurrent Select Relocation Set 9.204ms
[2026-04-03T03:29:40.562+0600][35.681s][info][gc,phases   ] GC(38) Pause Relocate Start 0.018ms
[2026-04-03T03:29:40.619+0600][35.737s][info][gc,phases   ] GC(38) Concurrent Relocate 56.326ms
[2026-04-03T03:29:40.619+0600][35.738s][info][gc,load     ] GC(38) Load: 4.11/4.47/4.98
[2026-04-03T03:29:40.619+0600][35.738s][info][gc,mmu      ] GC(38) MMU: 2ms/91.5%, 5ms/96.6%, 10ms/98.2%, 20ms/99.1%, 50ms/99.6%, 100ms/99.8%
[2026-04-03T03:29:40.619+0600][35.738s][info][gc,marking  ] GC(38) Mark: 2 stripe(s), 10 proactive flush(es), 1 terminate flush(es), 0 completion(s), 0 continuation(s) 
[2026-04-03T03:29:40.619+0600][35.738s][info][gc,marking  ] GC(38) Mark Stack Usage: 32M
[2026-04-03T03:29:40.619+0600][35.738s][info][gc,nmethod  ] GC(38) NMethods: 6219 registered, 192 unregistered
[2026-04-03T03:29:40.619+0600][35.738s][info][gc,metaspace] GC(38) Metaspace: 70M used, 71M committed, 1088M reserved
[2026-04-03T03:29:40.619+0600][35.738s][info][gc,ref      ] GC(38) Soft: 3281 encountered, 0 discovered, 0 enqueued
[2026-04-03T03:29:40.619+0600][35.738s][info][gc,ref      ] GC(38) Weak: 6169 encountered, 3517 discovered, 43 enqueued
[2026-04-03T03:29:40.619+0600][35.738s][info][gc,ref      ] GC(38) Final: 82 encountered, 82 discovered, 0 enqueued
[2026-04-03T03:29:40.619+0600][35.738s][info][gc,ref      ] GC(38) Phantom: 594 encountered, 413 discovered, 0 enqueued
[2026-04-03T03:29:40.619+0600][35.738s][info][gc,reloc    ] GC(38) Small Pages: 173 / 346M, Empty: 36M, Relocated: 29M, In-Place: 0
[2026-04-03T03:29:40.619+0600][35.738s][info][gc,reloc    ] GC(38) Medium Pages: 4 / 128M, Empty: 0M, Relocated: 23M, In-Place: 0
[2026-04-03T03:29:40.619+0600][35.738s][info][gc,reloc    ] GC(38) Large Pages: 5 / 30M, Empty: 24M, Relocated: 0M, In-Place: 0
[2026-04-03T03:29:40.619+0600][35.738s][info][gc,reloc    ] GC(38) Forwarding Usage: 25M
[2026-04-03T03:29:40.619+0600][35.738s][info][gc,heap     ] GC(38) Min Capacity: 8M(1%)
[2026-04-03T03:29:40.619+0600][35.738s][info][gc,heap     ] GC(38) Max Capacity: 1500M(100%)
[2026-04-03T03:29:40.619+0600][35.738s][info][gc,heap     ] GC(38) Soft Max Capacity: 1500M(100%)
[2026-04-03T03:29:40.619+0600][35.738s][info][gc,heap     ] GC(38)                Mark Start          Mark End        Relocate Start      Relocate End           High               Low         
[2026-04-03T03:29:40.619+0600][35.738s][info][gc,heap     ] GC(38)  Capacity:     1500M (100%)       1500M (100%)       1500M (100%)       1500M (100%)       1500M (100%)       1500M (100%)   
[2026-04-03T03:29:40.619+0600][35.738s][info][gc,heap     ] GC(38)      Free:      996M (66%)         638M (43%)         672M (45%)         786M (52%)         996M (66%)         620M (41%)    
[2026-04-03T03:29:40.619+0600][35.738s][info][gc,heap     ] GC(38)      Used:      504M (34%)         862M (57%)         828M (55%)         714M (48%)         880M (59%)         504M (34%)    
[2026-04-03T03:29:40.619+0600][35.738s][info][gc,heap     ] GC(38)      Live:         -               229M (15%)         229M (15%)         229M (15%)            -                  -          
[2026-04-03T03:29:40.619+0600][35.738s][info][gc,heap     ] GC(38) Allocated:         -               358M (24%)         384M (26%)         443M (30%)            -                  -          
[2026-04-03T03:29:40.619+0600][35.738s][info][gc,heap     ] GC(38)   Garbage:         -               274M (18%)         214M (14%)          40M (3%)             -                  -          
[2026-04-03T03:29:40.619+0600][35.738s][info][gc,heap     ] GC(38) Reclaimed:         -                  -                60M (4%)          233M (16%)            -                  -          
[2026-04-03T03:29:40.619+0600][35.738s][info][gc          ] GC(38) Garbage Collection (Allocation Rate) 504M(34%)->714M(48%)
[2026-04-03T03:29:40.685+0600][35.803s][info][gc,start    ] GC(39) Garbage Collection (Allocation Rate)
[2026-04-03T03:29:40.685+0600][35.803s][info][gc,task     ] GC(39) Using 3 workers
[2026-04-03T03:29:40.685+0600][35.804s][info][gc,phases   ] GC(39) Pause Mark Start 0.009ms
[2026-04-03T03:29:41.033+0600][36.152s][info][gc,phases   ] GC(39) Concurrent Mark 348.104ms
[2026-04-03T03:29:41.033+0600][36.152s][info][gc,phases   ] GC(39) Pause Mark End 0.060ms
[2026-04-03T03:29:41.034+0600][36.152s][info][gc,phases   ] GC(39) Concurrent Mark Free 0.004ms
[2026-04-03T03:29:41.043+0600][36.161s][info][gc,phases   ] GC(39) Concurrent Process Non-Strong References 9.035ms
[2026-04-03T03:29:41.043+0600][36.161s][info][gc,phases   ] GC(39) Concurrent Reset Relocation Set 0.011ms
[2026-04-03T03:29:41.058+0600][36.177s][info][gc,phases   ] GC(39) Concurrent Select Relocation Set 15.505ms
[2026-04-03T03:29:41.059+0600][36.177s][info][gc,phases   ] GC(39) Pause Relocate Start 0.036ms
[2026-04-03T03:29:41.129+0600][36.247s][info][gc,phases   ] GC(39) Concurrent Relocate 69.643ms
[2026-04-03T03:29:41.129+0600][36.247s][info][gc,load     ] GC(39) Load: 4.11/4.47/4.98
[2026-04-03T03:29:41.129+0600][36.247s][info][gc,mmu      ] GC(39) MMU: 2ms/91.5%, 5ms/96.6%, 10ms/98.2%, 20ms/99.1%, 50ms/99.6%, 100ms/99.8%
[2026-04-03T03:29:41.129+0600][36.247s][info][gc,marking  ] GC(39) Mark: 2 stripe(s), 2 proactive flush(es), 1 terminate flush(es), 0 completion(s), 0 continuation(s) 
[2026-04-03T03:29:41.129+0600][36.247s][info][gc,marking  ] GC(39) Mark Stack Usage: 32M
[2026-04-03T03:29:41.129+0600][36.247s][info][gc,nmethod  ] GC(39) NMethods: 6266 registered, 223 unregistered
[2026-04-03T03:29:41.129+0600][36.247s][info][gc,metaspace] GC(39) Metaspace: 70M used, 71M committed, 1088M reserved
[2026-04-03T03:29:41.129+0600][36.247s][info][gc,ref      ] GC(39) Soft: 3317 encountered, 0 discovered, 0 enqueued
[2026-04-03T03:29:41.129+0600][36.247s][info][gc,ref      ] GC(39) Weak: 6257 encountered, 1979 discovered, 25 enqueued
[2026-04-03T03:29:41.129+0600][36.247s][info][gc,ref      ] GC(39) Final: 84 encountered, 1 discovered, 0 enqueued
[2026-04-03T03:29:41.129+0600][36.247s][info][gc,ref      ] GC(39) Phantom: 599 encountered, 429 discovered, 0 enqueued
[2026-04-03T03:29:41.129+0600][36.247s][info][gc,reloc    ] GC(39) Small Pages: 283 / 566M, Empty: 16M, Relocated: 47M, In-Place: 0
[2026-04-03T03:29:41.129+0600][36.247s][info][gc,reloc    ] GC(39) Medium Pages: 5 / 160M, Empty: 32M, Relocated: 15M, In-Place: 0
[2026-04-03T03:29:41.129+0600][36.247s][info][gc,reloc    ] GC(39) Large Pages: 14 / 88M, Empty: 88M, Relocated: 0M, In-Place: 0
[2026-04-03T03:29:41.129+0600][36.247s][info][gc,reloc    ] GC(39) Forwarding Usage: 45M
[2026-04-03T03:29:41.129+0600][36.247s][info][gc,heap     ] GC(39) Min Capacity: 8M(1%)
[2026-04-03T03:29:41.129+0600][36.247s][info][gc,heap     ] GC(39) Max Capacity: 1500M(100%)
[2026-04-03T03:29:41.129+0600][36.247s][info][gc,heap     ] GC(39) Soft Max Capacity: 1500M(100%)
[2026-04-03T03:29:41.129+0600][36.247s][info][gc,heap     ] GC(39)                Mark Start          Mark End        Relocate Start      Relocate End           High               Low         
[2026-04-03T03:29:41.129+0600][36.247s][info][gc,heap     ] GC(39)  Capacity:     1500M (100%)       1500M (100%)       1500M (100%)       1500M (100%)       1500M (100%)       1500M (100%)   
[2026-04-03T03:29:41.129+0600][36.247s][info][gc,heap     ] GC(39)      Free:      686M (46%)         368M (25%)         468M (31%)         814M (54%)         816M (54%)         352M (23%)    
[2026-04-03T03:29:41.129+0600][36.248s][info][gc,heap     ] GC(39)      Used:      814M (54%)        1132M (75%)        1032M (69%)         686M (46%)        1148M (77%)         684M (46%)    
[2026-04-03T03:29:41.129+0600][36.248s][info][gc,heap     ] GC(39)      Live:         -               215M (14%)         215M (14%)         215M (14%)            -                  -          
[2026-04-03T03:29:41.129+0600][36.248s][info][gc,heap     ] GC(39) Allocated:         -               318M (21%)         354M (24%)         443M (30%)            -                  -          
[2026-04-03T03:29:41.129+0600][36.248s][info][gc,heap     ] GC(39)   Garbage:         -               598M (40%)         462M (31%)          26M (2%)             -                  -          
[2026-04-03T03:29:41.129+0600][36.248s][info][gc,heap     ] GC(39) Reclaimed:         -                  -               136M (9%)          571M (38%)            -                  -          
[2026-04-03T03:29:41.129+0600][36.248s][info][gc          ] GC(39) Garbage Collection (Allocation Rate) 814M(54%)->686M(46%)
[2026-04-03T03:29:41.185+0600][36.304s][info][gc,start    ] GC(40) Garbage Collection (Allocation Rate)
[2026-04-03T03:29:41.185+0600][36.304s][info][gc,task     ] GC(40) Using 3 workers
[2026-04-03T03:29:41.185+0600][36.304s][info][gc,phases   ] GC(40) Pause Mark Start 0.011ms
[2026-04-03T03:29:41.492+0600][36.611s][info][gc,phases   ] GC(40) Concurrent Mark 306.552ms
[2026-04-03T03:29:41.493+0600][36.611s][info][gc,phases   ] GC(40) Pause Mark End 0.027ms
[2026-04-03T03:29:41.516+0600][36.635s][info][gc,phases   ] GC(40) Concurrent Mark Free 0.006ms
[2026-04-03T03:29:41.525+0600][36.644s][info][gc,phases   ] GC(40) Concurrent Process Non-Strong References 8.713ms
[2026-04-03T03:29:41.525+0600][36.644s][info][gc,phases   ] GC(40) Concurrent Reset Relocation Set 0.013ms
[2026-04-03T03:29:41.531+0600][36.650s][info][gc,phases   ] GC(40) Concurrent Select Relocation Set 5.784ms
[2026-04-03T03:29:41.531+0600][36.650s][info][gc,phases   ] GC(40) Pause Relocate Start 0.013ms
[2026-04-03T03:29:41.535+0600][36.654s][info][gc,phases   ] GC(40) Concurrent Relocate 3.981ms
[2026-04-03T03:29:41.535+0600][36.654s][info][gc,load     ] GC(40) Load: 4.11/4.47/4.98
[2026-04-03T03:29:41.535+0600][36.654s][info][gc,mmu      ] GC(40) MMU: 2ms/91.5%, 5ms/96.6%, 10ms/98.2%, 20ms/99.1%, 50ms/99.6%, 100ms/99.8%
[2026-04-03T03:29:41.535+0600][36.654s][info][gc,marking  ] GC(40) Mark: 2 stripe(s), 2 proactive flush(es), 1 terminate flush(es), 0 completion(s), 0 continuation(s) 
[2026-04-03T03:29:41.535+0600][36.654s][info][gc,marking  ] GC(40) Mark Stack Usage: 32M
[2026-04-03T03:29:41.535+0600][36.654s][info][gc,nmethod  ] GC(40) NMethods: 6325 registered, 266 unregistered
[2026-04-03T03:29:41.535+0600][36.654s][info][gc,metaspace] GC(40) Metaspace: 70M used, 71M committed, 1088M reserved
[2026-04-03T03:29:41.535+0600][36.654s][info][gc,ref      ] GC(40) Soft: 3321 encountered, 0 discovered, 0 enqueued
[2026-04-03T03:29:41.535+0600][36.654s][info][gc,ref      ] GC(40) Weak: 6250 encountered, 2790 discovered, 148 enqueued
[2026-04-03T03:29:41.535+0600][36.654s][info][gc,ref      ] GC(40) Final: 84 encountered, 84 discovered, 0 enqueued
[2026-04-03T03:29:41.535+0600][36.654s][info][gc,ref      ] GC(40) Phantom: 599 encountered, 395 discovered, 0 enqueued
[2026-04-03T03:29:41.535+0600][36.654s][info][gc,reloc    ] GC(40) Small Pages: 352 / 704M, Empty: 406M, Relocated: 4M, In-Place: 0
[2026-04-03T03:29:41.535+0600][36.654s][info][gc,reloc    ] GC(40) Medium Pages: 1 / 32M, Empty: 0M, Relocated: 0M, In-Place: 0
[2026-04-03T03:29:41.535+0600][36.654s][info][gc,reloc    ] GC(40) Large Pages: 4 / 24M, Empty: 6M, Relocated: 0M, In-Place: 0
[2026-04-03T03:29:41.535+0600][36.654s][info][gc,reloc    ] GC(40) Forwarding Usage: 3M
[2026-04-03T03:29:41.535+0600][36.654s][info][gc,heap     ] GC(40) Min Capacity: 8M(1%)
[2026-04-03T03:29:41.535+0600][36.654s][info][gc,heap     ] GC(40) Max Capacity: 1500M(100%)
[2026-04-03T03:29:41.535+0600][36.654s][info][gc,heap     ] GC(40) Soft Max Capacity: 1500M(100%)
[2026-04-03T03:29:41.535+0600][36.654s][info][gc,heap     ] GC(40)                Mark Start          Mark End        Relocate Start      Relocate End           High               Low         
[2026-04-03T03:29:41.535+0600][36.654s][info][gc,heap     ] GC(40)  Capacity:     1500M (100%)       1500M (100%)       1500M (100%)       1500M (100%)       1500M (100%)       1500M (100%)   
[2026-04-03T03:29:41.535+0600][36.654s][info][gc,heap     ] GC(40)      Free:      740M (49%)         540M (36%)         942M (63%)         964M (64%)         964M (64%)         540M (36%)    
[2026-04-03T03:29:41.535+0600][36.654s][info][gc,heap     ] GC(40)      Used:      760M (51%)         960M (64%)         558M (37%)         536M (36%)         960M (64%)         536M (36%)    
[2026-04-03T03:29:41.535+0600][36.654s][info][gc,heap     ] GC(40)      Live:         -               294M (20%)         294M (20%)         294M (20%)            -                  -          
[2026-04-03T03:29:41.535+0600][36.654s][info][gc,heap     ] GC(40) Allocated:         -               200M (13%)         210M (14%)         209M (14%)            -                  -          
[2026-04-03T03:29:41.535+0600][36.654s][info][gc,heap     ] GC(40)   Garbage:         -               465M (31%)          53M (4%)           31M (2%)             -                  -          
[2026-04-03T03:29:41.535+0600][36.654s][info][gc,heap     ] GC(40) Reclaimed:         -                  -               412M (27%)         433M (29%)            -                  -          
[2026-04-03T03:29:41.535+0600][36.654s][info][gc          ] GC(40) Garbage Collection (Allocation Rate) 760M(51%)->536M(36%)
[2026-04-03T03:29:41.535+0600][36.654s][info][gc,start    ] GC(41) Garbage Collection (System.gc())
[2026-04-03T03:29:41.535+0600][36.654s][info][gc,task     ] GC(41) Using 3 workers
[2026-04-03T03:29:41.536+0600][36.654s][info][gc,phases   ] GC(41) Pause Mark Start 0.012ms
[2026-04-03T03:29:41.720+0600][36.838s][info][gc,phases   ] GC(41) Concurrent Mark 184.081ms
[2026-04-03T03:29:41.720+0600][36.839s][info][gc,phases   ] GC(41) Pause Mark End 0.028ms
[2026-04-03T03:29:41.720+0600][36.839s][info][gc,phases   ] GC(41) Concurrent Mark Free 0.003ms
[2026-04-03T03:29:41.726+0600][36.845s][info][gc,phases   ] GC(41) Concurrent Process Non-Strong References 6.013ms
[2026-04-03T03:29:41.726+0600][36.845s][info][gc,phases   ] GC(41) Concurrent Reset Relocation Set 0.002ms
[2026-04-03T03:29:41.729+0600][36.848s][info][gc,phases   ] GC(41) Concurrent Select Relocation Set 2.720ms
[2026-04-03T03:29:41.729+0600][36.848s][info][gc,phases   ] GC(41) Pause Relocate Start 0.013ms
[2026-04-03T03:29:41.730+0600][36.849s][info][gc,phases   ] GC(41) Concurrent Relocate 0.831ms
[2026-04-03T03:29:41.730+0600][36.849s][info][gc,load     ] GC(41) Load: 4.11/4.47/4.98
[2026-04-03T03:29:41.730+0600][36.849s][info][gc,mmu      ] GC(41) MMU: 2ms/91.5%, 5ms/96.6%, 10ms/98.2%, 20ms/99.1%, 50ms/99.6%, 100ms/99.8%
[2026-04-03T03:29:41.730+0600][36.849s][info][gc,marking  ] GC(41) Mark: 2 stripe(s), 2 proactive flush(es), 1 terminate flush(es), 0 completion(s), 0 continuation(s) 
[2026-04-03T03:29:41.730+0600][36.849s][info][gc,marking  ] GC(41) Mark Stack Usage: 32M
[2026-04-03T03:29:41.730+0600][36.849s][info][gc,nmethod  ] GC(41) NMethods: 6308 registered, 301 unregistered
[2026-04-03T03:29:41.730+0600][36.849s][info][gc,metaspace] GC(41) Metaspace: 70M used, 71M committed, 1088M reserved
[2026-04-03T03:29:41.730+0600][36.849s][info][gc,ref      ] GC(41) Soft: 3324 encountered, 0 discovered, 0 enqueued
[2026-04-03T03:29:41.730+0600][36.849s][info][gc,ref      ] GC(41) Weak: 6149 encountered, 2462 discovered, 27 enqueued
[2026-04-03T03:29:41.730+0600][36.849s][info][gc,ref      ] GC(41) Final: 84 encountered, 65 discovered, 0 enqueued
[2026-04-03T03:29:41.730+0600][36.849s][info][gc,ref      ] GC(41) Phantom: 599 encountered, 446 discovered, 0 enqueued
[2026-04-03T03:29:41.730+0600][36.849s][info][gc,reloc    ] GC(41) Small Pages: 243 / 486M, Empty: 278M, Relocated: 1M, In-Place: 0
[2026-04-03T03:29:41.730+0600][36.849s][info][gc,reloc    ] GC(41) Medium Pages: 1 / 32M, Empty: 0M, Relocated: 0M, In-Place: 0
[2026-04-03T03:29:41.730+0600][36.849s][info][gc,reloc    ] GC(41) Large Pages: 3 / 18M, Empty: 18M, Relocated: 0M, In-Place: 0
[2026-04-03T03:29:41.730+0600][36.849s][info][gc,reloc    ] GC(41) Forwarding Usage: 0M
[2026-04-03T03:29:41.730+0600][36.849s][info][gc,heap     ] GC(41) Min Capacity: 8M(1%)
[2026-04-03T03:29:41.730+0600][36.849s][info][gc,heap     ] GC(41) Max Capacity: 1500M(100%)
[2026-04-03T03:29:41.730+0600][36.849s][info][gc,heap     ] GC(41) Soft Max Capacity: 1500M(100%)
[2026-04-03T03:29:41.730+0600][36.849s][info][gc,heap     ] GC(41)                Mark Start          Mark End        Relocate Start      Relocate End           High               Low         
[2026-04-03T03:29:41.730+0600][36.849s][info][gc,heap     ] GC(41)  Capacity:     1500M (100%)       1500M (100%)       1500M (100%)       1500M (100%)       1500M (100%)       1500M (100%)   
[2026-04-03T03:29:41.730+0600][36.849s][info][gc,heap     ] GC(41)      Free:      964M (64%)         954M (64%)        1246M (83%)        1284M (86%)        1284M (86%)         954M (64%)    
[2026-04-03T03:29:41.730+0600][36.849s][info][gc,heap     ] GC(41)      Used:      536M (36%)         546M (36%)         254M (17%)         216M (14%)         546M (36%)         216M (14%)    
[2026-04-03T03:29:41.730+0600][36.849s][info][gc,heap     ] GC(41)      Live:         -               169M (11%)         169M (11%)         169M (11%)            -                  -          
[2026-04-03T03:29:41.730+0600][36.849s][info][gc,heap     ] GC(41) Allocated:         -                10M (1%)           14M (1%)           13M (1%)             -                  -          
[2026-04-03T03:29:41.730+0600][36.849s][info][gc,heap     ] GC(41)   Garbage:         -               366M (24%)          70M (5%)           32M (2%)             -                  -          
[2026-04-03T03:29:41.730+0600][36.849s][info][gc,heap     ] GC(41) Reclaimed:         -                  -               296M (20%)         333M (22%)            -                  -          
[2026-04-03T03:29:41.730+0600][36.849s][info][gc          ] GC(41) Garbage Collection (System.gc()) 536M(36%)->216M(14%)
[2026-04-03T03:29:41.985+0600][37.104s][info][gc,start    ] GC(42) Garbage Collection (Allocation Rate)
[2026-04-03T03:29:41.985+0600][37.104s][info][gc,task     ] GC(42) Using 3 workers
[2026-04-03T03:29:41.986+0600][37.104s][info][gc,phases   ] GC(42) Pause Mark Start 0.033ms
[2026-04-03T03:29:42.547+0600][37.666s][info][gc,phases   ] GC(42) Concurrent Mark 561.564ms
[2026-04-03T03:29:42.548+0600][37.666s][info][gc,phases   ] GC(42) Pause Mark End 0.074ms
[2026-04-03T03:29:42.548+0600][37.667s][info][gc,phases   ] GC(42) Concurrent Mark Free 0.005ms
[2026-04-03T03:29:42.560+0600][37.678s][info][gc,phases   ] GC(42) Concurrent Process Non-Strong References 11.632ms
[2026-04-03T03:29:42.560+0600][37.679s][info][gc,phases   ] GC(42) Concurrent Reset Relocation Set 0.007ms
[2026-04-03T03:29:42.582+0600][37.701s][info][gc,phases   ] GC(42) Concurrent Select Relocation Set 21.992ms
[2026-04-03T03:29:42.582+0600][37.701s][info][gc,phases   ] GC(42) Pause Relocate Start 0.025ms
[2026-04-03T03:29:42.661+0600][37.780s][info][gc,phases   ] GC(42) Concurrent Relocate 78.959ms
[2026-04-03T03:29:42.662+0600][37.780s][info][gc,load     ] GC(42) Load: 4.11/4.47/4.98
[2026-04-03T03:29:42.662+0600][37.780s][info][gc,mmu      ] GC(42) MMU: 2ms/91.5%, 5ms/96.6%, 10ms/98.2%, 20ms/99.1%, 50ms/99.6%, 100ms/99.8%
[2026-04-03T03:29:42.662+0600][37.780s][info][gc,marking  ] GC(42) Mark: 2 stripe(s), 10 proactive flush(es), 1 terminate flush(es), 0 completion(s), 0 continuation(s) 
[2026-04-03T03:29:42.662+0600][37.780s][info][gc,marking  ] GC(42) Mark Stack Usage: 32M
[2026-04-03T03:29:42.662+0600][37.780s][info][gc,nmethod  ] GC(42) NMethods: 6410 registered, 310 unregistered
[2026-04-03T03:29:42.662+0600][37.780s][info][gc,metaspace] GC(42) Metaspace: 70M used, 71M committed, 1088M reserved
[2026-04-03T03:29:42.662+0600][37.780s][info][gc,ref      ] GC(42) Soft: 3401 encountered, 0 discovered, 0 enqueued
[2026-04-03T03:29:42.662+0600][37.780s][info][gc,ref      ] GC(42) Weak: 6393 encountered, 2529 discovered, 52 enqueued
[2026-04-03T03:29:42.662+0600][37.780s][info][gc,ref      ] GC(42) Final: 84 encountered, 48 discovered, 0 enqueued
[2026-04-03T03:29:42.662+0600][37.780s][info][gc,ref      ] GC(42) Phantom: 599 encountered, 473 discovered, 0 enqueued
[2026-04-03T03:29:42.662+0600][37.780s][info][gc,reloc    ] GC(42) Small Pages: 211 / 422M, Empty: 0M, Relocated: 64M, In-Place: 0
[2026-04-03T03:29:42.662+0600][37.780s][info][gc,reloc    ] GC(42) Medium Pages: 2 / 64M, Empty: 32M, Relocated: 0M, In-Place: 0
[2026-04-03T03:29:42.662+0600][37.780s][info][gc,reloc    ] GC(42) Large Pages: 7 / 54M, Empty: 12M, Relocated: 0M, In-Place: 0
[2026-04-03T03:29:42.662+0600][37.780s][info][gc,reloc    ] GC(42) Forwarding Usage: 30M
[2026-04-03T03:29:42.662+0600][37.780s][info][gc,heap     ] GC(42) Min Capacity: 8M(1%)
[2026-04-03T03:29:42.662+0600][37.780s][info][gc,heap     ] GC(42) Max Capacity: 1500M(100%)
[2026-04-03T03:29:42.662+0600][37.780s][info][gc,heap     ] GC(42) Soft Max Capacity: 1500M(100%)
[2026-04-03T03:29:42.662+0600][37.781s][info][gc,heap     ] GC(42)                Mark Start          Mark End        Relocate Start      Relocate End           High               Low         
[2026-04-03T03:29:42.662+0600][37.781s][info][gc,heap     ] GC(42)  Capacity:     1500M (100%)       1500M (100%)       1500M (100%)       1500M (100%)       1500M (100%)       1500M (100%)   
[2026-04-03T03:29:42.662+0600][37.781s][info][gc,heap     ] GC(42)      Free:      960M (64%)         408M (27%)         422M (28%)         542M (36%)         960M (64%)         396M (26%)    
[2026-04-03T03:29:42.662+0600][37.781s][info][gc,heap     ] GC(42)      Used:      540M (36%)        1092M (73%)        1078M (72%)         958M (64%)        1104M (74%)         540M (36%)    
[2026-04-03T03:29:42.662+0600][37.781s][info][gc,heap     ] GC(42)      Live:         -               283M (19%)         283M (19%)         283M (19%)            -                  -          
[2026-04-03T03:29:42.662+0600][37.781s][info][gc,heap     ] GC(42) Allocated:         -               552M (37%)         582M (39%)         637M (42%)            -                  -          
[2026-04-03T03:29:42.662+0600][37.781s][info][gc,heap     ] GC(42)   Garbage:         -               256M (17%)         212M (14%)          37M (3%)             -                  -          
[2026-04-03T03:29:42.662+0600][37.781s][info][gc,heap     ] GC(42) Reclaimed:         -                  -                44M (3%)          219M (15%)            -                  -          
[2026-04-03T03:29:42.662+0600][37.781s][info][gc          ] GC(42) Garbage Collection (Allocation Rate) 540M(36%)->958M(64%)
[2026-04-03T03:29:42.685+0600][37.804s][info][gc,start    ] GC(43) Garbage Collection (Allocation Rate)
[2026-04-03T03:29:42.685+0600][37.804s][info][gc,task     ] GC(43) Using 3 workers
[2026-04-03T03:29:42.685+0600][37.804s][info][gc,phases   ] GC(43) Pause Mark Start 0.016ms
[2026-04-03T03:29:43.429+0600][38.547s][info][gc,phases   ] GC(43) Concurrent Mark 743.065ms
[2026-04-03T03:29:43.429+0600][38.548s][info][gc,phases   ] GC(43) Pause Mark End 0.034ms
[2026-04-03T03:29:43.429+0600][38.548s][info][gc,phases   ] GC(43) Concurrent Mark Free 0.003ms
[2026-04-03T03:29:43.440+0600][38.558s][info][gc,phases   ] GC(43) Concurrent Process Non-Strong References 10.353ms
[2026-04-03T03:29:43.440+0600][38.558s][info][gc,phases   ] GC(43) Concurrent Reset Relocation Set 0.034ms
[2026-04-03T03:29:43.461+0600][38.579s][info][gc,phases   ] GC(43) Concurrent Select Relocation Set 20.869ms
[2026-04-03T03:29:43.461+0600][38.580s][info][gc,phases   ] GC(43) Pause Relocate Start 0.020ms
[2026-04-03T03:29:43.571+0600][38.689s][info][gc,phases   ] GC(43) Concurrent Relocate 109.635ms
[2026-04-03T03:29:43.571+0600][38.690s][info][gc,load     ] GC(43) Load: 4.11/4.47/4.98
[2026-04-03T03:29:43.571+0600][38.690s][info][gc,mmu      ] GC(43) MMU: 2ms/91.5%, 5ms/96.6%, 10ms/98.2%, 20ms/99.1%, 50ms/99.6%, 100ms/99.8%
[2026-04-03T03:29:43.571+0600][38.690s][info][gc,marking  ] GC(43) Mark: 2 stripe(s), 2 proactive flush(es), 1 terminate flush(es), 0 completion(s), 0 continuation(s) 
[2026-04-03T03:29:43.571+0600][38.690s][info][gc,marking  ] GC(43) Mark Stack Usage: 32M
[2026-04-03T03:29:43.571+0600][38.690s][info][gc,nmethod  ] GC(43) NMethods: 6420 registered, 310 unregistered
[2026-04-03T03:29:43.571+0600][38.690s][info][gc,metaspace] GC(43) Metaspace: 70M used, 71M committed, 1088M reserved
[2026-04-03T03:29:43.571+0600][38.690s][info][gc,ref      ] GC(43) Soft: 3401 encountered, 0 discovered, 0 enqueued
[2026-04-03T03:29:43.571+0600][38.690s][info][gc,ref      ] GC(43) Weak: 6341 encountered, 3332 discovered, 0 enqueued
[2026-04-03T03:29:43.571+0600][38.690s][info][gc,ref      ] GC(43) Final: 84 encountered, 2 discovered, 0 enqueued
[2026-04-03T03:29:43.571+0600][38.690s][info][gc,ref      ] GC(43) Phantom: 599 encountered, 358 discovered, 0 enqueued
[2026-04-03T03:29:43.571+0600][38.690s][info][gc,reloc    ] GC(43) Small Pages: 423 / 846M, Empty: 0M, Relocated: 71M, In-Place: 0
[2026-04-03T03:29:43.571+0600][38.690s][info][gc,reloc    ] GC(43) Medium Pages: 2 / 64M, Empty: 32M, Relocated: 0M, In-Place: 0
[2026-04-03T03:29:43.571+0600][38.690s][info][gc,reloc    ] GC(43) Large Pages: 9 / 70M, Empty: 12M, Relocated: 0M, In-Place: 0
[2026-04-03T03:29:43.571+0600][38.690s][info][gc,reloc    ] GC(43) Forwarding Usage: 60M
[2026-04-03T03:29:43.571+0600][38.690s][info][gc,heap     ] GC(43) Min Capacity: 8M(1%)
[2026-04-03T03:29:43.571+0600][38.690s][info][gc,heap     ] GC(43) Max Capacity: 1500M(100%)
[2026-04-03T03:29:43.571+0600][38.690s][info][gc,heap     ] GC(43) Soft Max Capacity: 1500M(100%)
[2026-04-03T03:29:43.571+0600][38.690s][info][gc,heap     ] GC(43)                Mark Start          Mark End        Relocate Start      Relocate End           High               Low         
[2026-04-03T03:29:43.571+0600][38.690s][info][gc,heap     ] GC(43)  Capacity:     1500M (100%)       1500M (100%)       1500M (100%)       1500M (100%)       1500M (100%)       1500M (100%)   
[2026-04-03T03:29:43.571+0600][38.690s][info][gc,heap     ] GC(43)      Free:      520M (35%)         112M (7%)          140M (9%)          636M (42%)         636M (42%)         102M (7%)     
[2026-04-03T03:29:43.571+0600][38.690s][info][gc,heap     ] GC(43)      Used:      980M (65%)        1388M (93%)        1360M (91%)         864M (58%)        1398M (93%)         864M (58%)    
[2026-04-03T03:29:43.571+0600][38.690s][info][gc,heap     ] GC(43)      Live:         -               363M (24%)         363M (24%)         363M (24%)            -                  -          
[2026-04-03T03:29:43.571+0600][38.690s][info][gc,heap     ] GC(43) Allocated:         -               408M (27%)         424M (28%)         466M (31%)            -                  -          
[2026-04-03T03:29:43.571+0600][38.690s][info][gc,heap     ] GC(43)   Garbage:         -               616M (41%)         572M (38%)          33M (2%)             -                  -          
[2026-04-03T03:29:43.571+0600][38.690s][info][gc,heap     ] GC(43) Reclaimed:         -                  -                44M (3%)          582M (39%)            -                  -          
[2026-04-03T03:29:43.571+0600][38.690s][info][gc          ] GC(43) Garbage Collection (Allocation Rate) 980M(65%)->864M(58%)
[2026-04-03T03:29:43.585+0600][38.703s][info][gc,start    ] GC(44) Garbage Collection (Allocation Rate)
[2026-04-03T03:29:43.585+0600][38.704s][info][gc,task     ] GC(44) Using 3 workers
[2026-04-03T03:29:43.585+0600][38.704s][info][gc,phases   ] GC(44) Pause Mark Start 0.016ms
[2026-04-03T03:29:44.456+0600][39.575s][info][gc,phases   ] GC(44) Concurrent Mark 870.740ms
[2026-04-03T03:29:44.457+0600][39.575s][info][gc,phases   ] GC(44) Pause Mark End 0.044ms
[2026-04-03T03:29:44.457+0600][39.575s][info][gc,phases   ] GC(44) Concurrent Mark Free 0.005ms
[2026-04-03T03:29:44.467+0600][39.585s][info][gc,phases   ] GC(44) Concurrent Process Non-Strong References 10.046ms
[2026-04-03T03:29:44.467+0600][39.586s][info][gc,phases   ] GC(44) Concurrent Reset Relocation Set 0.094ms
[2026-04-03T03:29:44.478+0600][39.597s][info][gc,phases   ] GC(44) Concurrent Select Relocation Set 10.898ms
[2026-04-03T03:29:44.478+0600][39.597s][info][gc,phases   ] GC(44) Pause Relocate Start 0.021ms
[2026-04-03T03:29:44.536+0600][39.655s][info][gc,phases   ] GC(44) Concurrent Relocate 57.296ms
[2026-04-03T03:29:44.536+0600][39.655s][info][gc,load     ] GC(44) Load: 4.11/4.47/4.98
[2026-04-03T03:29:44.536+0600][39.655s][info][gc,mmu      ] GC(44) MMU: 2ms/91.5%, 5ms/96.6%, 10ms/98.2%, 20ms/99.1%, 50ms/99.6%, 100ms/99.8%
[2026-04-03T03:29:44.536+0600][39.655s][info][gc,marking  ] GC(44) Mark: 2 stripe(s), 2 proactive flush(es), 1 terminate flush(es), 0 completion(s), 0 continuation(s) 
[2026-04-03T03:29:44.536+0600][39.655s][info][gc,marking  ] GC(44) Mark Stack Usage: 32M
[2026-04-03T03:29:44.536+0600][39.655s][info][gc,nmethod  ] GC(44) NMethods: 6420 registered, 315 unregistered
[2026-04-03T03:29:44.536+0600][39.655s][info][gc,metaspace] GC(44) Metaspace: 70M used, 71M committed, 1088M reserved
[2026-04-03T03:29:44.536+0600][39.655s][info][gc,ref      ] GC(44) Soft: 3401 encountered, 0 discovered, 0 enqueued
[2026-04-03T03:29:44.536+0600][39.655s][info][gc,ref      ] GC(44) Weak: 6341 encountered, 1192 discovered, 0 enqueued
[2026-04-03T03:29:44.536+0600][39.655s][info][gc,ref      ] GC(44) Final: 84 encountered, 50 discovered, 0 enqueued
[2026-04-03T03:29:44.536+0600][39.655s][info][gc,ref      ] GC(44) Phantom: 600 encountered, 476 discovered, 0 enqueued
[2026-04-03T03:29:44.536+0600][39.655s][info][gc,reloc    ] GC(44) Small Pages: 380 / 760M, Empty: 10M, Relocated: 31M, In-Place: 0
[2026-04-03T03:29:44.536+0600][39.655s][info][gc,reloc    ] GC(44) Medium Pages: 1 / 32M, Empty: 0M, Relocated: 0M, In-Place: 0
[2026-04-03T03:29:44.536+0600][39.655s][info][gc,reloc    ] GC(44) Large Pages: 9 / 78M, Empty: 18M, Relocated: 0M, In-Place: 0
[2026-04-03T03:29:44.536+0600][39.655s][info][gc,reloc    ] GC(44) Forwarding Usage: 29M
[2026-04-03T03:29:44.536+0600][39.655s][info][gc,heap     ] GC(44) Min Capacity: 8M(1%)
[2026-04-03T03:29:44.536+0600][39.655s][info][gc,heap     ] GC(44) Max Capacity: 1500M(100%)
[2026-04-03T03:29:44.536+0600][39.655s][info][gc,heap     ] GC(44) Soft Max Capacity: 1500M(100%)
[2026-04-03T03:29:44.536+0600][39.655s][info][gc,heap     ] GC(44)                Mark Start          Mark End        Relocate Start      Relocate End           High               Low         
[2026-04-03T03:29:44.537+0600][39.655s][info][gc,heap     ] GC(44)  Capacity:     1500M (100%)       1500M (100%)       1500M (100%)       1500M (100%)       1500M (100%)       1500M (100%)   
[2026-04-03T03:29:44.537+0600][39.655s][info][gc,heap     ] GC(44)      Free:      630M (42%)          40M (3%)           62M (4%)          434M (29%)         630M (42%)          36M (2%)     
[2026-04-03T03:29:44.537+0600][39.655s][info][gc,heap     ] GC(44)      Used:      870M (58%)        1460M (97%)        1438M (96%)        1066M (71%)        1464M (98%)         870M (58%)    
[2026-04-03T03:29:44.537+0600][39.655s][info][gc,heap     ] GC(44)      Live:         -               385M (26%)         385M (26%)         385M (26%)            -                  -          
[2026-04-03T03:29:44.537+0600][39.655s][info][gc,heap     ] GC(44) Allocated:         -               590M (39%)         596M (40%)         642M (43%)            -                  -          
[2026-04-03T03:29:44.537+0600][39.655s][info][gc,heap     ] GC(44)   Garbage:         -               484M (32%)         456M (30%)          37M (3%)             -                  -          
[2026-04-03T03:29:44.537+0600][39.655s][info][gc,heap     ] GC(44) Reclaimed:         -                  -                28M (2%)          446M (30%)            -                  -          
[2026-04-03T03:29:44.537+0600][39.655s][info][gc          ] GC(44) Garbage Collection (Allocation Rate) 870M(58%)->1066M(71%)
[2026-04-03T03:29:44.585+0600][39.704s][info][gc,start    ] GC(45) Garbage Collection (Allocation Rate)
[2026-04-03T03:29:44.585+0600][39.704s][info][gc,task     ] GC(45) Using 3 workers
[2026-04-03T03:29:44.585+0600][39.704s][info][gc,phases   ] GC(45) Pause Mark Start 0.016ms
[2026-04-03T03:29:44.985+0600][40.104s][info][gc,stats    ] === Garbage Collection Statistics =======================================================================================================================
[2026-04-03T03:29:44.985+0600][40.104s][info][gc,stats    ]                                                              Last 10s              Last 10m              Last 10h                Total
[2026-04-03T03:29:44.985+0600][40.104s][info][gc,stats    ]                                                              Avg / Max             Avg / Max             Avg / Max             Avg / Max
[2026-04-03T03:29:44.985+0600][40.104s][info][gc,stats    ]   Collector: Garbage Collection Cycle                    576.407 / 951.382     415.044 / 1058.061    415.044 / 1058.061    415.044 / 1058.061    ms
[2026-04-03T03:29:44.985+0600][40.104s][info][gc,stats    ]  Contention: Mark Segment Reset Contention                    17 / 95                7 / 95                7 / 95                7 / 95          ops/s
[2026-04-03T03:29:44.985+0600][40.104s][info][gc,stats    ]  Contention: Mark SeqNum Reset Contention                      0 / 1                 0 / 2                 0 / 2                 0 / 2           ops/s
[2026-04-03T03:29:44.985+0600][40.104s][info][gc,stats    ]    Critical: Allocation Stall                                  0 / 0                 0 / 3                 0 / 3                 0 / 3           ops/s
[2026-04-03T03:29:44.985+0600][40.104s][info][gc,stats    ]    Critical: Allocation Stall                              0.000 / 0.000        37.745 / 48.851       37.745 / 48.851       37.745 / 48.851      ms
[2026-04-03T03:29:44.985+0600][40.104s][info][gc,stats    ]    Critical: GC Locker Stall                                   0 / 0                 0 / 1                 0 / 1                 0 / 1           ops/s
[2026-04-03T03:29:44.985+0600][40.104s][info][gc,stats    ]    Critical: GC Locker Stall                               0.000 / 0.000         0.001 / 0.001         0.001 / 0.001         0.001 / 0.001       ms
[2026-04-03T03:29:44.985+0600][40.104s][info][gc,stats    ]    Critical: Relocation Stall                                  0 / 0                 0 / 0                 0 / 0                 0 / 0           ops/s
[2026-04-03T03:29:44.985+0600][40.104s][info][gc,stats    ]    Critical: Relocation Stall                              0.000 / 0.000         0.000 / 0.000         0.000 / 0.000         0.000 / 0.000       ms
[2026-04-03T03:29:44.985+0600][40.104s][info][gc,stats    ]      Memory: Allocation Rate                                 614 / 880             511 / 2664            511 / 2664            511 / 2664        MB/s
[2026-04-03T03:29:44.985+0600][40.104s][info][gc,stats    ]      Memory: Defragment                                        7 / 42                5 / 48                5 / 48                5 / 48          ops/s
[2026-04-03T03:29:44.985+0600][40.104s][info][gc,stats    ]      Memory: Out Of Memory                                     0 / 0                 0 / 0                 0 / 0                 0 / 0           ops/s
[2026-04-03T03:29:44.985+0600][40.104s][info][gc,stats    ]      Memory: Page Cache Flush                                 53 / 150              25 / 150              25 / 150              25 / 150         MB/s
[2026-04-03T03:29:44.985+0600][40.104s][info][gc,stats    ]      Memory: Page Cache Hit L1                               282 / 410             231 / 1319            231 / 1319            231 / 1319        ops/s
[2026-04-03T03:29:44.985+0600][40.104s][info][gc,stats    ]      Memory: Page Cache Hit L2                                 0 / 0                 0 / 0                 0 / 0                 0 / 0           ops/s
[2026-04-03T03:29:44.985+0600][40.104s][info][gc,stats    ]      Memory: Page Cache Hit L3                                 8 / 29                8 / 93                8 / 93                8 / 93          ops/s
[2026-04-03T03:29:44.985+0600][40.104s][info][gc,stats    ]      Memory: Page Cache Miss                                   2 / 11               11 / 132              11 / 132              11 / 132         ops/s
[2026-04-03T03:29:44.985+0600][40.104s][info][gc,stats    ]      Memory: Uncommit                                          0 / 0                 0 / 0                 0 / 0                 0 / 0           MB/s
[2026-04-03T03:29:44.985+0600][40.104s][info][gc,stats    ]      Memory: Undo Object Allocation Failed                     0 / 0                 0 / 0                 0 / 0                 0 / 0           ops/s
[2026-04-03T03:29:44.985+0600][40.104s][info][gc,stats    ]      Memory: Undo Object Allocation Succeeded                  1 / 4                 0 / 5                 0 / 5                 0 / 5           ops/s
[2026-04-03T03:29:44.985+0600][40.104s][info][gc,stats    ]      Memory: Undo Page Allocation                              0 / 0                 0 / 1                 0 / 1                 0 / 1           ops/s
[2026-04-03T03:29:44.985+0600][40.104s][info][gc,stats    ]       Phase: Concurrent Mark                             490.170 / 870.740     354.216 / 939.877     354.216 / 939.877     354.216 / 939.877     ms
[2026-04-03T03:29:44.985+0600][40.104s][info][gc,stats    ]       Phase: Concurrent Mark Continue                      0.000 / 0.000         0.000 / 0.000         0.000 / 0.000         0.000 / 0.000       ms
[2026-04-03T03:29:44.985+0600][40.104s][info][gc,stats    ]       Phase: Concurrent Mark Free                          0.004 / 0.006         0.003 / 0.006         0.003 / 0.006         0.003 / 0.006       ms
[2026-04-03T03:29:44.985+0600][40.104s][info][gc,stats    ]       Phase: Concurrent Process Non-Strong References     12.765 / 26.681        9.099 / 26.681        9.099 / 26.681        9.099 / 26.681      ms
[2026-04-03T03:29:44.985+0600][40.104s][info][gc,stats    ]       Phase: Concurrent Relocate                          58.007 / 152.448      40.536 / 236.568      40.536 / 236.568      40.536 / 236.568     ms
[2026-04-03T03:29:44.985+0600][40.104s][info][gc,stats    ]       Phase: Concurrent Reset Relocation Set               0.031 / 0.111         0.020 / 0.111         0.020 / 0.111         0.020 / 0.111       ms
[2026-04-03T03:29:44.986+0600][40.104s][info][gc,stats    ]       Phase: Concurrent Select Relocation Set             11.766 / 32.901        8.340 / 51.720        8.340 / 51.720        8.340 / 51.720      ms
[2026-04-03T03:29:44.986+0600][40.104s][info][gc,stats    ]       Phase: Pause Mark End                                0.041 / 0.074         0.037 / 0.171         0.037 / 0.171         0.037 / 0.171       ms
[2026-04-03T03:29:44.986+0600][40.104s][info][gc,stats    ]       Phase: Pause Mark Start                              0.016 / 0.033         0.017 / 0.057         0.017 / 0.057         0.017 / 0.057       ms
[2026-04-03T03:29:44.986+0600][40.104s][info][gc,stats    ]       Phase: Pause Relocate Start                          0.022 / 0.049         0.019 / 0.049         0.019 / 0.049         0.019 / 0.049       ms
[2026-04-03T03:29:44.986+0600][40.104s][info][gc,stats    ]    Subphase: Concurrent Classes Purge                      0.112 / 0.265         0.155 / 0.782         0.155 / 0.782         0.155 / 0.782       ms
[2026-04-03T03:29:44.986+0600][40.104s][info][gc,stats    ]    Subphase: Concurrent Classes Unlink                    10.364 / 23.850        6.970 / 23.850        6.970 / 23.850        6.970 / 23.850      ms
[2026-04-03T03:29:44.986+0600][40.104s][info][gc,stats    ]    Subphase: Concurrent Mark                             488.724 / 869.532     363.027 / 938.819     363.027 / 938.819     363.027 / 938.819     ms
[2026-04-03T03:29:44.986+0600][40.104s][info][gc,stats    ]    Subphase: Concurrent Mark Try Flush                     0.421 / 7.899         0.312 / 7.899         0.312 / 7.899         0.312 / 7.899       ms
[2026-04-03T03:29:44.986+0600][40.104s][info][gc,stats    ]    Subphase: Concurrent Mark Try Terminate                 1.010 / 1.241         1.082 / 1.241         1.082 / 1.241         1.082 / 1.241       ms
[2026-04-03T03:29:44.986+0600][40.104s][info][gc,stats    ]    Subphase: Concurrent References Enqueue                 0.007 / 0.012         0.005 / 0.015         0.005 / 0.015         0.005 / 0.015       ms
[2026-04-03T03:29:44.986+0600][40.104s][info][gc,stats    ]    Subphase: Concurrent References Process                 0.639 / 1.086         0.546 / 1.108         0.546 / 1.108         0.546 / 1.108       ms
[2026-04-03T03:29:44.986+0600][40.104s][info][gc,stats    ]    Subphase: Concurrent Roots ClassLoaderDataGraph         0.278 / 0.742         0.246 / 0.742         0.246 / 0.742         0.246 / 0.742       ms
[2026-04-03T03:29:44.986+0600][40.104s][info][gc,stats    ]    Subphase: Concurrent Roots CodeCache                    0.000 / 0.000         0.000 / 0.000         0.000 / 0.000         0.000 / 0.000       ms
[2026-04-03T03:29:44.986+0600][40.104s][info][gc,stats    ]    Subphase: Concurrent Roots JavaThreads                  0.523 / 0.838         0.448 / 1.651         0.448 / 1.651         0.448 / 1.651       ms
[2026-04-03T03:29:44.986+0600][40.104s][info][gc,stats    ]    Subphase: Concurrent Roots OopStorageSet                0.054 / 0.108         0.049 / 0.148         0.049 / 0.148         0.049 / 0.148       ms
[2026-04-03T03:29:44.986+0600][40.104s][info][gc,stats    ]    Subphase: Concurrent Weak Roots OopStorageSet           1.012 / 1.398         0.807 / 1.727         0.807 / 1.727         0.807 / 1.727       ms
[2026-04-03T03:29:44.986+0600][40.104s][info][gc,stats    ]    Subphase: Pause Mark Try Complete                       0.000 / 0.000         0.002 / 0.003         0.002 / 0.003         0.002 / 0.003       ms
[2026-04-03T03:29:44.986+0600][40.104s][info][gc,stats    ]      System: Java Threads                                    107 / 136              75 / 136              75 / 136              75 / 136         threads
[2026-04-03T03:29:44.986+0600][40.104s][info][gc,stats    ] =========================================================================================================================================================
[2026-04-03T03:29:45.401+0600][40.519s][info][gc,phases   ] GC(45) Concurrent Mark 815.350ms
[2026-04-03T03:29:45.401+0600][40.520s][info][gc,phases   ] GC(45) Pause Mark End 0.039ms
[2026-04-03T03:29:45.401+0600][40.520s][info][gc,phases   ] GC(45) Concurrent Mark Free 0.002ms
[2026-04-03T03:29:45.411+0600][40.529s][info][gc,phases   ] GC(45) Concurrent Process Non-Strong References 9.236ms
[2026-04-03T03:29:45.411+0600][40.529s][info][gc,phases   ] GC(45) Concurrent Reset Relocation Set 0.082ms
[2026-04-03T03:29:45.426+0600][40.544s][info][gc,phases   ] GC(45) Concurrent Select Relocation Set 14.748ms
[2026-04-03T03:29:45.426+0600][40.544s][info][gc,phases   ] GC(45) Pause Relocate Start 0.020ms
[2026-04-03T03:29:45.526+0600][40.645s][info][gc,phases   ] GC(45) Concurrent Relocate 100.095ms
[2026-04-03T03:29:45.526+0600][40.645s][info][gc,load     ] GC(45) Load: 4.11/4.47/4.98
[2026-04-03T03:29:45.526+0600][40.645s][info][gc,mmu      ] GC(45) MMU: 2ms/91.5%, 5ms/96.6%, 10ms/98.2%, 20ms/99.1%, 50ms/99.6%, 100ms/99.8%
[2026-04-03T03:29:45.526+0600][40.645s][info][gc,marking  ] GC(45) Mark: 2 stripe(s), 2 proactive flush(es), 1 terminate flush(es), 0 completion(s), 0 continuation(s) 
[2026-04-03T03:29:45.526+0600][40.645s][info][gc,marking  ] GC(45) Mark Stack Usage: 32M
[2026-04-03T03:29:45.526+0600][40.645s][info][gc,nmethod  ] GC(45) NMethods: 6463 registered, 318 unregistered
[2026-04-03T03:29:45.526+0600][40.645s][info][gc,metaspace] GC(45) Metaspace: 70M used, 71M committed, 1088M reserved
[2026-04-03T03:29:45.526+0600][40.645s][info][gc,ref      ] GC(45) Soft: 3401 encountered, 0 discovered, 0 enqueued
[2026-04-03T03:29:45.526+0600][40.645s][info][gc,ref      ] GC(45) Weak: 6341 encountered, 1433 discovered, 0 enqueued
[2026-04-03T03:29:45.526+0600][40.645s][info][gc,ref      ] GC(45) Final: 84 encountered, 3 discovered, 0 enqueued
[2026-04-03T03:29:45.526+0600][40.645s][info][gc,ref      ] GC(45) Phantom: 600 encountered, 387 discovered, 0 enqueued
[2026-04-03T03:29:45.526+0600][40.645s][info][gc,reloc    ] GC(45) Small Pages: 470 / 940M, Empty: 30M, Relocated: 61M, In-Place: 0
[2026-04-03T03:29:45.526+0600][40.645s][info][gc,reloc    ] GC(45) Medium Pages: 2 / 64M, Empty: 0M, Relocated: 11M, In-Place: 0
[2026-04-03T03:29:45.526+0600][40.645s][info][gc,reloc    ] GC(45) Large Pages: 8 / 96M, Empty: 40M, Relocated: 0M, In-Place: 0
[2026-04-03T03:29:45.526+0600][40.645s][info][gc,reloc    ] GC(45) Forwarding Usage: 46M
[2026-04-03T03:29:45.526+0600][40.645s][info][gc,heap     ] GC(45) Min Capacity: 8M(1%)
[2026-04-03T03:29:45.526+0600][40.645s][info][gc,heap     ] GC(45) Max Capacity: 1500M(100%)
[2026-04-03T03:29:45.526+0600][40.645s][info][gc,heap     ] GC(45) Soft Max Capacity: 1500M(100%)
[2026-04-03T03:29:45.526+0600][40.645s][info][gc,heap     ] GC(45)                Mark Start          Mark End        Relocate Start      Relocate End           High               Low         
[2026-04-03T03:29:45.527+0600][40.645s][info][gc,heap     ] GC(45)  Capacity:     1500M (100%)       1500M (100%)       1500M (100%)       1500M (100%)       1500M (100%)       1500M (100%)   
[2026-04-03T03:29:45.527+0600][40.645s][info][gc,heap     ] GC(45)      Free:      400M (27%)          10M (1%)           72M (5%)          696M (46%)         696M (46%)           6M (0%)     
[2026-04-03T03:29:45.527+0600][40.645s][info][gc,heap     ] GC(45)      Used:     1100M (73%)        1490M (99%)        1428M (95%)         804M (54%)        1494M (100%)        804M (54%)    
[2026-04-03T03:29:45.527+0600][40.645s][info][gc,heap     ] GC(45)      Live:         -               333M (22%)         333M (22%)         333M (22%)            -                  -          
[2026-04-03T03:29:45.527+0600][40.645s][info][gc,heap     ] GC(45) Allocated:         -               390M (26%)         398M (27%)         428M (29%)            -                  -          
[2026-04-03T03:29:45.527+0600][40.645s][info][gc,heap     ] GC(45)   Garbage:         -               766M (51%)         696M (46%)          42M (3%)             -                  -          
[2026-04-03T03:29:45.527+0600][40.645s][info][gc,heap     ] GC(45) Reclaimed:         -                  -                70M (5%)          724M (48%)            -                  -          
[2026-04-03T03:29:45.527+0600][40.645s][info][gc          ] GC(45) Garbage Collection (Allocation Rate) 1100M(73%)->804M(54%)
[2026-04-03T03:29:45.585+0600][40.704s][info][gc,start    ] GC(46) Garbage Collection (Allocation Rate)
[2026-04-03T03:29:45.585+0600][40.704s][info][gc,task     ] GC(46) Using 3 workers
[2026-04-03T03:29:45.586+0600][40.704s][info][gc,phases   ] GC(46) Pause Mark Start 0.021ms
[2026-04-03T03:29:46.121+0600][41.239s][info][gc,phases   ] GC(46) Concurrent Mark 534.781ms
[2026-04-03T03:29:46.121+0600][41.239s][info][gc,phases   ] GC(46) Pause Mark End 0.022ms
[2026-04-03T03:29:46.121+0600][41.240s][info][gc,phases   ] GC(46) Concurrent Mark Free 0.003ms
[2026-04-03T03:29:46.128+0600][41.247s][info][gc,phases   ] GC(46) Concurrent Process Non-Strong References 6.810ms
[2026-04-03T03:29:46.128+0600][41.247s][info][gc,phases   ] GC(46) Concurrent Reset Relocation Set 0.037ms
[2026-04-03T03:29:46.134+0600][41.252s][info][gc,phases   ] GC(46) Concurrent Select Relocation Set 5.700ms
[2026-04-03T03:29:46.134+0600][41.253s][info][gc,phases   ] GC(46) Pause Relocate Start 0.015ms
[2026-04-03T03:29:46.198+0600][41.316s][info][gc,phases   ] GC(46) Concurrent Relocate 63.461ms
[2026-04-03T03:29:46.198+0600][41.316s][info][gc,load     ] GC(46) Load: 4.02/4.45/4.97
[2026-04-03T03:29:46.198+0600][41.316s][info][gc,mmu      ] GC(46) MMU: 2ms/91.5%, 5ms/96.6%, 10ms/98.2%, 20ms/99.1%, 50ms/99.6%, 100ms/99.8%
[2026-04-03T03:29:46.198+0600][41.316s][info][gc,marking  ] GC(46) Mark: 2 stripe(s), 2 proactive flush(es), 1 terminate flush(es), 0 completion(s), 0 continuation(s) 
[2026-04-03T03:29:46.198+0600][41.316s][info][gc,marking  ] GC(46) Mark Stack Usage: 32M
[2026-04-03T03:29:46.198+0600][41.316s][info][gc,nmethod  ] GC(46) NMethods: 6477 registered, 325 unregistered
[2026-04-03T03:29:46.198+0600][41.316s][info][gc,metaspace] GC(46) Metaspace: 70M used, 71M committed, 1088M reserved
[2026-04-03T03:29:46.198+0600][41.316s][info][gc,ref      ] GC(46) Soft: 3400 encountered, 0 discovered, 0 enqueued
[2026-04-03T03:29:46.198+0600][41.316s][info][gc,ref      ] GC(46) Weak: 6314 encountered, 3056 discovered, 4 enqueued
[2026-04-03T03:29:46.198+0600][41.316s][info][gc,ref      ] GC(46) Final: 84 encountered, 76 discovered, 0 enqueued
[2026-04-03T03:29:46.198+0600][41.316s][info][gc,ref      ] GC(46) Phantom: 600 encountered, 402 discovered, 0 enqueued
[2026-04-03T03:29:46.198+0600][41.316s][info][gc,reloc    ] GC(46) Small Pages: 333 / 666M, Empty: 30M, Relocated: 41M, In-Place: 0
[2026-04-03T03:29:46.198+0600][41.316s][info][gc,reloc    ] GC(46) Medium Pages: 2 / 64M, Empty: 0M, Relocated: 13M, In-Place: 0
[2026-04-03T03:29:46.198+0600][41.316s][info][gc,reloc    ] GC(46) Large Pages: 5 / 74M, Empty: 28M, Relocated: 0M, In-Place: 0
[2026-04-03T03:29:46.198+0600][41.317s][info][gc,reloc    ] GC(46) Forwarding Usage: 41M
[2026-04-03T03:29:46.198+0600][41.317s][info][gc,heap     ] GC(46) Min Capacity: 8M(1%)
[2026-04-03T03:29:46.198+0600][41.317s][info][gc,heap     ] GC(46) Max Capacity: 1500M(100%)
[2026-04-03T03:29:46.198+0600][41.317s][info][gc,heap     ] GC(46) Soft Max Capacity: 1500M(100%)
[2026-04-03T03:29:46.198+0600][41.317s][info][gc,heap     ] GC(46)                Mark Start          Mark End        Relocate Start      Relocate End           High               Low         
[2026-04-03T03:29:46.198+0600][41.317s][info][gc,heap     ] GC(46)  Capacity:     1500M (100%)       1500M (100%)       1500M (100%)       1500M (100%)       1500M (100%)       1500M (100%)   
[2026-04-03T03:29:46.198+0600][41.317s][info][gc,heap     ] GC(46)      Free:      696M (46%)         456M (30%)         508M (34%)         944M (63%)         944M (63%)         450M (30%)    
[2026-04-03T03:29:46.198+0600][41.317s][info][gc,heap     ] GC(46)      Used:      804M (54%)        1044M (70%)         992M (66%)         556M (37%)        1050M (70%)         556M (37%)    
[2026-04-03T03:29:46.198+0600][41.317s][info][gc,heap     ] GC(46)      Live:         -               271M (18%)         271M (18%)         271M (18%)            -                  -          
[2026-04-03T03:29:46.198+0600][41.317s][info][gc,heap     ] GC(46) Allocated:         -               240M (16%)         246M (16%)         250M (17%)            -                  -          
[2026-04-03T03:29:46.198+0600][41.317s][info][gc,heap     ] GC(46)   Garbage:         -               532M (36%)         474M (32%)          34M (2%)             -                  -          
[2026-04-03T03:29:46.198+0600][41.317s][info][gc,heap     ] GC(46) Reclaimed:         -                  -                58M (4%)          498M (33%)            -                  -          
[2026-04-03T03:29:46.198+0600][41.317s][info][gc          ] GC(46) Garbage Collection (Allocation Rate) 804M(54%)->556M(37%)
[2026-04-03T03:29:46.885+0600][42.004s][info][gc,start    ] GC(47) Garbage Collection (Allocation Rate)
[2026-04-03T03:29:46.885+0600][42.004s][info][gc,task     ] GC(47) Using 3 workers
[2026-04-03T03:29:46.886+0600][42.004s][info][gc,phases   ] GC(47) Pause Mark Start 0.019ms
[2026-04-03T03:29:47.302+0600][42.420s][info][gc,phases   ] GC(47) Concurrent Mark 415.815ms
[2026-04-03T03:29:47.302+0600][42.421s][info][gc,phases   ] GC(47) Pause Mark End 0.054ms
[2026-04-03T03:29:47.302+0600][42.421s][info][gc,phases   ] GC(47) Concurrent Mark Free 0.005ms
[2026-04-03T03:29:47.314+0600][42.433s][info][gc,phases   ] GC(47) Concurrent Process Non-Strong References 11.873ms
[2026-04-03T03:29:47.315+0600][42.433s][info][gc,phases   ] GC(47) Concurrent Reset Relocation Set 0.038ms
[2026-04-03T03:29:47.323+0600][42.442s][info][gc,phases   ] GC(47) Concurrent Select Relocation Set 8.852ms
[2026-04-03T03:29:47.324+0600][42.443s][info][gc,phases   ] GC(47) Pause Relocate Start 0.024ms
[2026-04-03T03:29:47.372+0600][42.491s][info][gc,phases   ] GC(47) Concurrent Relocate 48.165ms
[2026-04-03T03:29:47.372+0600][42.491s][info][gc,load     ] GC(47) Load: 4.02/4.45/4.97
[2026-04-03T03:29:47.373+0600][42.491s][info][gc,mmu      ] GC(47) MMU: 2ms/91.5%, 5ms/96.6%, 10ms/98.2%, 20ms/99.1%, 50ms/99.6%, 100ms/99.8%
[2026-04-03T03:29:47.373+0600][42.491s][info][gc,marking  ] GC(47) Mark: 2 stripe(s), 2 proactive flush(es), 1 terminate flush(es), 0 completion(s), 0 continuation(s) 
[2026-04-03T03:29:47.373+0600][42.491s][info][gc,marking  ] GC(47) Mark Stack Usage: 32M
[2026-04-03T03:29:47.373+0600][42.491s][info][gc,nmethod  ] GC(47) NMethods: 6537 registered, 336 unregistered
[2026-04-03T03:29:47.373+0600][42.491s][info][gc,metaspace] GC(47) Metaspace: 70M used, 71M committed, 1088M reserved
[2026-04-03T03:29:47.373+0600][42.491s][info][gc,ref      ] GC(47) Soft: 3402 encountered, 0 discovered, 0 enqueued
[2026-04-03T03:29:47.373+0600][42.491s][info][gc,ref      ] GC(47) Weak: 6588 encountered, 3543 discovered, 91 enqueued
[2026-04-03T03:29:47.373+0600][42.491s][info][gc,ref      ] GC(47) Final: 84 encountered, 68 discovered, 0 enqueued
[2026-04-03T03:29:47.373+0600][42.491s][info][gc,ref      ] GC(47) Phantom: 599 encountered, 450 discovered, 0 enqueued
[2026-04-03T03:29:47.373+0600][42.491s][info][gc,reloc    ] GC(47) Small Pages: 298 / 596M, Empty: 262M, Relocated: 22M, In-Place: 0
[2026-04-03T03:29:47.373+0600][42.491s][info][gc,reloc    ] GC(47) Medium Pages: 2 / 64M, Empty: 32M, Relocated: 0M, In-Place: 0
[2026-04-03T03:29:47.373+0600][42.491s][info][gc,reloc    ] GC(47) Large Pages: 7 / 70M, Empty: 52M, Relocated: 0M, In-Place: 0
[2026-04-03T03:29:47.373+0600][42.491s][info][gc,reloc    ] GC(47) Forwarding Usage: 22M
[2026-04-03T03:29:47.373+0600][42.491s][info][gc,heap     ] GC(47) Min Capacity: 8M(1%)
[2026-04-03T03:29:47.373+0600][42.491s][info][gc,heap     ] GC(47) Max Capacity: 1500M(100%)
[2026-04-03T03:29:47.373+0600][42.491s][info][gc,heap     ] GC(47) Soft Max Capacity: 1500M(100%)
[2026-04-03T03:29:47.373+0600][42.491s][info][gc,heap     ] GC(47)                Mark Start          Mark End        Relocate Start      Relocate End           High               Low         
[2026-04-03T03:29:47.373+0600][42.491s][info][gc,heap     ] GC(47)  Capacity:     1500M (100%)       1500M (100%)       1500M (100%)       1500M (100%)       1500M (100%)       1500M (100%)   
[2026-04-03T03:29:47.373+0600][42.491s][info][gc,heap     ] GC(47)      Free:      770M (51%)         310M (21%)         634M (42%)         740M (49%)         770M (51%)         302M (20%)    
[2026-04-03T03:29:47.373+0600][42.491s][info][gc,heap     ] GC(47)      Used:      730M (49%)        1190M (79%)         866M (58%)         760M (51%)        1198M (80%)         730M (49%)    
[2026-04-03T03:29:47.373+0600][42.491s][info][gc,heap     ] GC(47)      Live:         -               208M (14%)         208M (14%)         208M (14%)            -                  -          
[2026-04-03T03:29:47.373+0600][42.491s][info][gc,heap     ] GC(47) Allocated:         -               460M (31%)         482M (32%)         517M (34%)            -                  -          
[2026-04-03T03:29:47.373+0600][42.491s][info][gc,heap     ] GC(47)   Garbage:         -               521M (35%)         175M (12%)          33M (2%)             -                  -          
[2026-04-03T03:29:47.373+0600][42.491s][info][gc,heap     ] GC(47) Reclaimed:         -                  -               346M (23%)         487M (32%)            -                  -          
[2026-04-03T03:29:47.373+0600][42.492s][info][gc          ] GC(47) Garbage Collection (Allocation Rate) 730M(49%)->760M(51%)
[2026-04-03T03:29:47.386+0600][42.504s][info][gc,start    ] GC(48) Garbage Collection (Allocation Rate)
[2026-04-03T03:29:47.386+0600][42.504s][info][gc,task     ] GC(48) Using 3 workers
[2026-04-03T03:29:47.386+0600][42.505s][info][gc,phases   ] GC(48) Pause Mark Start 0.074ms
[2026-04-03T03:29:47.981+0600][43.099s][info][gc,phases   ] GC(48) Concurrent Mark 594.345ms
[2026-04-03T03:29:47.981+0600][43.100s][info][gc,phases   ] GC(48) Pause Mark End 0.035ms
[2026-04-03T03:29:47.981+0600][43.100s][info][gc,phases   ] GC(48) Concurrent Mark Free 0.002ms
[2026-04-03T03:29:47.993+0600][43.111s][info][gc,phases   ] GC(48) Concurrent Process Non-Strong References 11.203ms
[2026-04-03T03:29:47.993+0600][43.111s][info][gc,phases   ] GC(48) Concurrent Reset Relocation Set 0.027ms
[2026-04-03T03:29:48.022+0600][43.141s][info][gc,phases   ] GC(48) Concurrent Select Relocation Set 29.084ms
[2026-04-03T03:29:48.022+0600][43.141s][info][gc,phases   ] GC(48) Pause Relocate Start 0.022ms
[2026-04-03T03:29:48.157+0600][43.276s][info][gc,phases   ] GC(48) Concurrent Relocate 134.706ms
[2026-04-03T03:29:48.157+0600][43.276s][info][gc,load     ] GC(48) Load: 4.02/4.45/4.97
[2026-04-03T03:29:48.157+0600][43.276s][info][gc,mmu      ] GC(48) MMU: 2ms/91.5%, 5ms/96.6%, 10ms/98.2%, 20ms/99.1%, 50ms/99.6%, 100ms/99.8%
[2026-04-03T03:29:48.157+0600][43.276s][info][gc,marking  ] GC(48) Mark: 2 stripe(s), 2 proactive flush(es), 1 terminate flush(es), 0 completion(s), 0 continuation(s) 
[2026-04-03T03:29:48.157+0600][43.276s][info][gc,marking  ] GC(48) Mark Stack Usage: 32M
[2026-04-03T03:29:48.157+0600][43.276s][info][gc,nmethod  ] GC(48) NMethods: 6539 registered, 336 unregistered
[2026-04-03T03:29:48.157+0600][43.276s][info][gc,metaspace] GC(48) Metaspace: 70M used, 71M committed, 1088M reserved
[2026-04-03T03:29:48.157+0600][43.276s][info][gc,ref      ] GC(48) Soft: 3404 encountered, 0 discovered, 0 enqueued
[2026-04-03T03:29:48.157+0600][43.276s][info][gc,ref      ] GC(48) Weak: 6506 encountered, 2745 discovered, 78 enqueued
[2026-04-03T03:29:48.157+0600][43.276s][info][gc,ref      ] GC(48) Final: 84 encountered, 84 discovered, 0 enqueued
[2026-04-03T03:29:48.157+0600][43.276s][info][gc,ref      ] GC(48) Phantom: 599 encountered, 474 discovered, 0 enqueued
[2026-04-03T03:29:48.158+0600][43.276s][info][gc,reloc    ] GC(48) Small Pages: 305 / 610M, Empty: 2M, Relocated: 108M, In-Place: 0
[2026-04-03T03:29:48.158+0600][43.276s][info][gc,reloc    ] GC(48) Medium Pages: 2 / 64M, Empty: 0M, Relocated: 11M, In-Place: 0
[2026-04-03T03:29:48.158+0600][43.276s][info][gc,reloc    ] GC(48) Large Pages: 12 / 96M, Empty: 46M, Relocated: 0M, In-Place: 0
[2026-04-03T03:29:48.158+0600][43.276s][info][gc,reloc    ] GC(48) Forwarding Usage: 63M
[2026-04-03T03:29:48.158+0600][43.276s][info][gc,heap     ] GC(48) Min Capacity: 8M(1%)
[2026-04-03T03:29:48.158+0600][43.276s][info][gc,heap     ] GC(48) Max Capacity: 1500M(100%)
[2026-04-03T03:29:48.158+0600][43.276s][info][gc,heap     ] GC(48) Soft Max Capacity: 1500M(100%)
[2026-04-03T03:29:48.158+0600][43.276s][info][gc,heap     ] GC(48)                Mark Start          Mark End        Relocate Start      Relocate End           High               Low         
[2026-04-03T03:29:48.158+0600][43.276s][info][gc,heap     ] GC(48)  Capacity:     1500M (100%)       1500M (100%)       1500M (100%)       1500M (100%)       1500M (100%)       1500M (100%)   
[2026-04-03T03:29:48.158+0600][43.276s][info][gc,heap     ] GC(48)      Free:      730M (49%)         176M (12%)         188M (13%)         450M (30%)         730M (49%)         152M (10%)    
[2026-04-03T03:29:48.158+0600][43.276s][info][gc,heap     ] GC(48)      Used:      770M (51%)        1324M (88%)        1312M (87%)        1050M (70%)        1348M (90%)         770M (51%)    
[2026-04-03T03:29:48.158+0600][43.276s][info][gc,heap     ] GC(48)      Live:         -               332M (22%)         332M (22%)         332M (22%)            -                  -          
[2026-04-03T03:29:48.158+0600][43.276s][info][gc,heap     ] GC(48) Allocated:         -               554M (37%)         590M (39%)         682M (46%)            -                  -          
[2026-04-03T03:29:48.158+0600][43.276s][info][gc,heap     ] GC(48)   Garbage:         -               437M (29%)         389M (26%)          34M (2%)             -                  -          
[2026-04-03T03:29:48.158+0600][43.276s][info][gc,heap     ] GC(48) Reclaimed:         -                  -                48M (3%)          402M (27%)            -                  -          
[2026-04-03T03:29:48.158+0600][43.276s][info][gc          ] GC(48) Garbage Collection (Allocation Rate) 770M(51%)->1050M(70%)
[2026-04-03T03:29:48.185+0600][43.304s][info][gc,start    ] GC(49) Garbage Collection (Allocation Rate)
[2026-04-03T03:29:48.185+0600][43.304s][info][gc,task     ] GC(49) Using 3 workers
[2026-04-03T03:29:48.185+0600][43.304s][info][gc,phases   ] GC(49) Pause Mark Start 0.013ms
[2026-04-03T03:29:48.915+0600][44.034s][info][gc,phases   ] GC(49) Concurrent Mark 729.861ms
[2026-04-03T03:29:48.916+0600][44.034s][info][gc,phases   ] GC(49) Pause Mark End 0.032ms
[2026-04-03T03:29:48.916+0600][44.034s][info][gc,phases   ] GC(49) Concurrent Mark Free 0.001ms
[2026-04-03T03:29:48.923+0600][44.042s][info][gc,phases   ] GC(49) Concurrent Process Non-Strong References 7.278ms
[2026-04-03T03:29:48.923+0600][44.042s][info][gc,phases   ] GC(49) Concurrent Reset Relocation Set 0.043ms
[2026-04-03T03:29:48.926+0600][44.045s][info][gc          ] Allocation Stall (Executor task launch worker for task 0.0 in stage 15.0 (TID 24)) 51.906ms
[2026-04-03T03:29:48.926+0600][44.045s][info][gc          ] Allocation Stall (Executor task launch worker for task 2.0 in stage 15.0 (TID 26)) 69.694ms
[2026-04-03T03:29:48.926+0600][44.045s][info][gc          ] Allocation Stall (Executor task launch worker for task 1.0 in stage 15.0 (TID 25)) 66.137ms
[2026-04-03T03:29:48.930+0600][44.049s][info][gc,phases   ] GC(49) Concurrent Select Relocation Set 7.297ms
[2026-04-03T03:29:48.931+0600][44.049s][info][gc,phases   ] GC(49) Pause Relocate Start 0.014ms
[2026-04-03T03:29:49.041+0600][44.159s][info][gc,phases   ] GC(49) Concurrent Relocate 109.777ms
[2026-04-03T03:29:49.041+0600][44.159s][info][gc,load     ] GC(49) Load: 4.02/4.45/4.97
[2026-04-03T03:29:49.041+0600][44.159s][info][gc,mmu      ] GC(49) MMU: 2ms/91.5%, 5ms/96.6%, 10ms/98.2%, 20ms/99.1%, 50ms/99.6%, 100ms/99.8%
[2026-04-03T03:29:49.041+0600][44.159s][info][gc,marking  ] GC(49) Mark: 2 stripe(s), 5 proactive flush(es), 1 terminate flush(es), 0 completion(s), 0 continuation(s) 
[2026-04-03T03:29:49.041+0600][44.159s][info][gc,marking  ] GC(49) Mark Stack Usage: 32M
[2026-04-03T03:29:49.041+0600][44.160s][info][gc,nmethod  ] GC(49) NMethods: 6545 registered, 336 unregistered
[2026-04-03T03:29:49.041+0600][44.160s][info][gc,metaspace] GC(49) Metaspace: 70M used, 71M committed, 1088M reserved
[2026-04-03T03:29:49.041+0600][44.160s][info][gc,ref      ] GC(49) Soft: 3404 encountered, 0 discovered, 0 enqueued
[2026-04-03T03:29:49.041+0600][44.160s][info][gc,ref      ] GC(49) Weak: 6428 encountered, 3576 discovered, 0 enqueued
[2026-04-03T03:29:49.041+0600][44.160s][info][gc,ref      ] GC(49) Final: 84 encountered, 1 discovered, 0 enqueued
[2026-04-03T03:29:49.041+0600][44.160s][info][gc,ref      ] GC(49) Phantom: 599 encountered, 479 discovered, 0 enqueued
[2026-04-03T03:29:49.041+0600][44.160s][info][gc,reloc    ] GC(49) Small Pages: 461 / 922M, Empty: 0M, Relocated: 64M, In-Place: 0
[2026-04-03T03:29:49.041+0600][44.160s][info][gc,reloc    ] GC(49) Medium Pages: 2 / 64M, Empty: 32M, Relocated: 0M, In-Place: 0
[2026-04-03T03:29:49.041+0600][44.160s][info][gc,reloc    ] GC(49) Large Pages: 10 / 88M, Empty: 32M, Relocated: 0M, In-Place: 0
[2026-04-03T03:29:49.041+0600][44.160s][info][gc,reloc    ] GC(49) Forwarding Usage: 54M
[2026-04-03T03:29:49.041+0600][44.160s][info][gc,heap     ] GC(49) Min Capacity: 8M(1%)
[2026-04-03T03:29:49.041+0600][44.160s][info][gc,heap     ] GC(49) Max Capacity: 1500M(100%)
[2026-04-03T03:29:49.041+0600][44.160s][info][gc,heap     ] GC(49) Soft Max Capacity: 1500M(100%)
[2026-04-03T03:29:49.041+0600][44.160s][info][gc,heap     ] GC(49)                Mark Start          Mark End        Relocate Start      Relocate End           High               Low         
[2026-04-03T03:29:49.041+0600][44.160s][info][gc,heap     ] GC(49)  Capacity:     1500M (100%)       1500M (100%)       1500M (100%)       1500M (100%)       1500M (100%)       1500M (100%)   
[2026-04-03T03:29:49.041+0600][44.160s][info][gc,heap     ] GC(49)      Free:      426M (28%)           0M (0%)           58M (4%)          618M (41%)         620M (41%)           0M (0%)     
[2026-04-03T03:29:49.041+0600][44.160s][info][gc,heap     ] GC(49)      Used:     1074M (72%)        1500M (100%)       1442M (96%)         882M (59%)        1500M (100%)        880M (59%)    
[2026-04-03T03:29:49.041+0600][44.160s][info][gc,heap     ] GC(49)      Live:         -               369M (25%)         369M (25%)         369M (25%)            -                  -          
[2026-04-03T03:29:49.041+0600][44.160s][info][gc,heap     ] GC(49) Allocated:         -               426M (28%)         432M (29%)         477M (32%)            -                  -          
[2026-04-03T03:29:49.041+0600][44.160s][info][gc,heap     ] GC(49)   Garbage:         -               704M (47%)         640M (43%)          34M (2%)             -                  -          
[2026-04-03T03:29:49.041+0600][44.160s][info][gc,heap     ] GC(49) Reclaimed:         -                  -                64M (4%)          669M (45%)            -                  -          
[2026-04-03T03:29:49.041+0600][44.160s][info][gc          ] GC(49) Garbage Collection (Allocation Rate) 1074M(72%)->882M(59%)
[2026-04-03T03:29:49.086+0600][44.204s][info][gc,start    ] GC(50) Garbage Collection (Allocation Stall)
[2026-04-03T03:29:49.086+0600][44.204s][info][gc,ref      ] GC(50) Clearing All SoftReferences
[2026-04-03T03:29:49.086+0600][44.204s][info][gc,task     ] GC(50) Using 3 workers
[2026-04-03T03:29:49.086+0600][44.205s][info][gc,ref      ] GC(50) Clearing All SoftReferences
[2026-04-03T03:29:49.086+0600][44.205s][info][gc,phases   ] GC(50) Pause Mark Start 0.052ms
[2026-04-03T03:29:50.004+0600][45.123s][info][gc,phases   ] GC(50) Concurrent Mark 918.102ms
[2026-04-03T03:29:50.005+0600][45.123s][info][gc,phases   ] GC(50) Pause Mark End 0.048ms
[2026-04-03T03:29:50.005+0600][45.123s][info][gc,phases   ] GC(50) Concurrent Mark Free 0.002ms
[2026-04-03T03:29:50.030+0600][45.149s][info][gc,phases   ] GC(50) Concurrent Process Non-Strong References 25.404ms
[2026-04-03T03:29:50.030+0600][45.149s][info][gc,phases   ] GC(50) Concurrent Reset Relocation Set 0.043ms
[2026-04-03T03:29:50.040+0600][45.159s][info][gc,phases   ] GC(50) Concurrent Select Relocation Set 9.663ms
[2026-04-03T03:29:50.040+0600][45.159s][info][gc,phases   ] GC(50) Pause Relocate Start 0.019ms
[2026-04-03T03:29:50.101+0600][45.220s][info][gc,phases   ] GC(50) Concurrent Relocate 60.807ms
[2026-04-03T03:29:50.101+0600][45.220s][info][gc,load     ] GC(50) Load: 4.02/4.45/4.97
[2026-04-03T03:29:50.101+0600][45.220s][info][gc,mmu      ] GC(50) MMU: 2ms/91.5%, 5ms/96.6%, 10ms/98.2%, 20ms/99.1%, 50ms/99.6%, 100ms/99.8%
[2026-04-03T03:29:50.101+0600][45.220s][info][gc,marking  ] GC(50) Mark: 2 stripe(s), 10 proactive flush(es), 1 terminate flush(es), 0 completion(s), 0 continuation(s) 
[2026-04-03T03:29:50.101+0600][45.220s][info][gc,marking  ] GC(50) Mark Stack Usage: 32M
[2026-04-03T03:29:50.101+0600][45.220s][info][gc,nmethod  ] GC(50) NMethods: 6543 registered, 343 unregistered
[2026-04-03T03:29:50.102+0600][45.220s][info][gc,metaspace] GC(50) Metaspace: 70M used, 71M committed, 1088M reserved
[2026-04-03T03:29:50.102+0600][45.220s][info][gc,ref      ] GC(50) Soft: 3284 encountered, 1249 discovered, 493 enqueued
[2026-04-03T03:29:50.102+0600][45.220s][info][gc,ref      ] GC(50) Weak: 6331 encountered, 724 discovered, 45 enqueued
[2026-04-03T03:29:50.102+0600][45.220s][info][gc,ref      ] GC(50) Final: 84 encountered, 1 discovered, 0 enqueued
[2026-04-03T03:29:50.102+0600][45.220s][info][gc,ref      ] GC(50) Phantom: 600 encountered, 419 discovered, 0 enqueued
[2026-04-03T03:29:50.102+0600][45.220s][info][gc,reloc    ] GC(50) Small Pages: 403 / 806M, Empty: 4M, Relocated: 33M, In-Place: 0
[2026-04-03T03:29:50.102+0600][45.220s][info][gc,reloc    ] GC(50) Medium Pages: 1 / 32M, Empty: 0M, Relocated: 0M, In-Place: 0
[2026-04-03T03:29:50.102+0600][45.220s][info][gc,reloc    ] GC(50) Large Pages: 8 / 84M, Empty: 6M, Relocated: 0M, In-Place: 0
[2026-04-03T03:29:50.102+0600][45.220s][info][gc,reloc    ] GC(50) Forwarding Usage: 31M
[2026-04-03T03:29:50.102+0600][45.220s][info][gc,heap     ] GC(50) Min Capacity: 8M(1%)
[2026-04-03T03:29:50.102+0600][45.220s][info][gc,heap     ] GC(50) Max Capacity: 1500M(100%)
[2026-04-03T03:29:50.102+0600][45.220s][info][gc,heap     ] GC(50) Soft Max Capacity: 1500M(100%)
[2026-04-03T03:29:50.102+0600][45.220s][info][gc,heap     ] GC(50)                Mark Start          Mark End        Relocate Start      Relocate End           High               Low         
[2026-04-03T03:29:50.102+0600][45.220s][info][gc,heap     ] GC(50)  Capacity:     1500M (100%)       1500M (100%)       1500M (100%)       1500M (100%)       1500M (100%)       1500M (100%)   
[2026-04-03T03:29:50.102+0600][45.220s][info][gc,heap     ] GC(50)      Free:      578M (39%)         184M (12%)         186M (12%)         640M (43%)         640M (43%)         178M (12%)    
[2026-04-03T03:29:50.102+0600][45.220s][info][gc,heap     ] GC(50)      Used:      922M (61%)        1316M (88%)        1314M (88%)         860M (57%)        1322M (88%)         860M (57%)    
[2026-04-03T03:29:50.102+0600][45.220s][info][gc,heap     ] GC(50)      Live:         -               409M (27%)         409M (27%)         409M (27%)            -                  -          
[2026-04-03T03:29:50.102+0600][45.220s][info][gc,heap     ] GC(50) Allocated:         -               394M (26%)         402M (27%)         410M (27%)            -                  -          
[2026-04-03T03:29:50.102+0600][45.220s][info][gc,heap     ] GC(50)   Garbage:         -               512M (34%)         502M (34%)          40M (3%)             -                  -          
[2026-04-03T03:29:50.102+0600][45.220s][info][gc,heap     ] GC(50) Reclaimed:         -                  -                10M (1%)          472M (32%)            -                  -          
[2026-04-03T03:29:50.102+0600][45.220s][info][gc          ] GC(50) Garbage Collection (Allocation Stall) 922M(61%)->860M(57%)
[2026-04-03T03:29:50.185+0600][45.304s][info][gc,start    ] GC(51) Garbage Collection (Allocation Rate)
[2026-04-03T03:29:50.186+0600][45.304s][info][gc,task     ] GC(51) Using 3 workers
[2026-04-03T03:29:50.186+0600][45.304s][info][gc,phases   ] GC(51) Pause Mark Start 0.163ms
[2026-04-03T03:29:50.869+0600][45.988s][info][gc,phases   ] GC(51) Concurrent Mark 682.936ms
[2026-04-03T03:29:50.869+0600][45.988s][info][gc,phases   ] GC(51) Pause Mark End 0.040ms
[2026-04-03T03:29:50.869+0600][45.988s][info][gc,phases   ] GC(51) Concurrent Mark Free 0.002ms
[2026-04-03T03:29:50.879+0600][45.997s][info][gc,phases   ] GC(51) Concurrent Process Non-Strong References 9.022ms
[2026-04-03T03:29:50.879+0600][45.997s][info][gc,phases   ] GC(51) Concurrent Reset Relocation Set 0.076ms
[2026-04-03T03:29:50.886+0600][46.004s][info][gc,phases   ] GC(51) Concurrent Select Relocation Set 6.882ms
[2026-04-03T03:29:50.886+0600][46.005s][info][gc,phases   ] GC(51) Pause Relocate Start 0.012ms
[2026-04-03T03:29:50.931+0600][46.049s][info][gc,phases   ] GC(51) Concurrent Relocate 44.512ms
[2026-04-03T03:29:50.931+0600][46.049s][info][gc,load     ] GC(51) Load: 4.18/4.47/4.97
[2026-04-03T03:29:50.931+0600][46.049s][info][gc,mmu      ] GC(51) MMU: 2ms/91.5%, 5ms/96.6%, 10ms/98.2%, 20ms/99.1%, 50ms/99.6%, 100ms/99.8%
[2026-04-03T03:29:50.931+0600][46.049s][info][gc,marking  ] GC(51) Mark: 2 stripe(s), 2 proactive flush(es), 1 terminate flush(es), 0 completion(s), 0 continuation(s) 
[2026-04-03T03:29:50.931+0600][46.049s][info][gc,marking  ] GC(51) Mark Stack Usage: 32M
[2026-04-03T03:29:50.931+0600][46.049s][info][gc,nmethod  ] GC(51) NMethods: 6580 registered, 346 unregistered
[2026-04-03T03:29:50.931+0600][46.049s][info][gc,metaspace] GC(51) Metaspace: 70M used, 71M committed, 1088M reserved
[2026-04-03T03:29:50.931+0600][46.049s][info][gc,ref      ] GC(51) Soft: 2791 encountered, 0 discovered, 0 enqueued
[2026-04-03T03:29:50.931+0600][46.049s][info][gc,ref      ] GC(51) Weak: 5935 encountered, 3358 discovered, 3 enqueued
[2026-04-03T03:29:50.931+0600][46.049s][info][gc,ref      ] GC(51) Final: 84 encountered, 67 discovered, 0 enqueued
[2026-04-03T03:29:50.931+0600][46.049s][info][gc,ref      ] GC(51) Phantom: 600 encountered, 403 discovered, 0 enqueued
[2026-04-03T03:29:50.931+0600][46.049s][info][gc,reloc    ] GC(51) Small Pages: 367 / 734M, Empty: 90M, Relocated: 25M, In-Place: 0
[2026-04-03T03:29:50.931+0600][46.049s][info][gc,reloc    ] GC(51) Medium Pages: 2 / 64M, Empty: 0M, Relocated: 16M, In-Place: 0
[2026-04-03T03:29:50.931+0600][46.049s][info][gc,reloc    ] GC(51) Large Pages: 8 / 96M, Empty: 50M, Relocated: 0M, In-Place: 0
[2026-04-03T03:29:50.931+0600][46.049s][info][gc,reloc    ] GC(51) Forwarding Usage: 23M
[2026-04-03T03:29:50.931+0600][46.049s][info][gc,heap     ] GC(51) Min Capacity: 8M(1%)
[2026-04-03T03:29:50.931+0600][46.049s][info][gc,heap     ] GC(51) Max Capacity: 1500M(100%)
[2026-04-03T03:29:50.931+0600][46.050s][info][gc,heap     ] GC(51) Soft Max Capacity: 1500M(100%)
[2026-04-03T03:29:50.931+0600][46.050s][info][gc,heap     ] GC(51)                Mark Start          Mark End        Relocate Start      Relocate End           High               Low         
[2026-04-03T03:29:50.931+0600][46.050s][info][gc,heap     ] GC(51)  Capacity:     1500M (100%)       1500M (100%)       1500M (100%)       1500M (100%)       1500M (100%)       1500M (100%)   
[2026-04-03T03:29:50.931+0600][46.050s][info][gc,heap     ] GC(51)      Free:      606M (40%)         322M (21%)         454M (30%)         862M (57%)         862M (57%)         316M (21%)    
[2026-04-03T03:29:50.931+0600][46.050s][info][gc,heap     ] GC(51)      Used:      894M (60%)        1178M (79%)        1046M (70%)         638M (43%)        1184M (79%)         638M (43%)    
[2026-04-03T03:29:50.931+0600][46.050s][info][gc,heap     ] GC(51)      Live:         -               294M (20%)         294M (20%)         294M (20%)            -                  -          
[2026-04-03T03:29:50.931+0600][46.050s][info][gc,heap     ] GC(51) Allocated:         -               284M (19%)         292M (19%)         305M (20%)            -                  -          
[2026-04-03T03:29:50.931+0600][46.050s][info][gc,heap     ] GC(51)   Garbage:         -               599M (40%)         459M (31%)          37M (3%)             -                  -          
[2026-04-03T03:29:50.931+0600][46.050s][info][gc,heap     ] GC(51) Reclaimed:         -                  -               140M (9%)          561M (37%)            -                  -          
[2026-04-03T03:29:50.931+0600][46.050s][info][gc          ] GC(51) Garbage Collection (Allocation Rate) 894M(60%)->638M(43%)
[2026-04-03T03:29:51.185+0600][46.304s][info][gc,start    ] GC(52) Garbage Collection (Allocation Rate)
[2026-04-03T03:29:51.185+0600][46.304s][info][gc,task     ] GC(52) Using 3 workers
[2026-04-03T03:29:51.186+0600][46.304s][info][gc,phases   ] GC(52) Pause Mark Start 0.009ms
[2026-04-03T03:29:51.476+0600][46.595s][info][gc,phases   ] GC(52) Concurrent Mark 290.399ms
[2026-04-03T03:29:51.476+0600][46.595s][info][gc,phases   ] GC(52) Pause Mark End 0.024ms
[2026-04-03T03:29:51.477+0600][46.595s][info][gc,phases   ] GC(52) Concurrent Mark Free 0.002ms
[2026-04-03T03:29:51.484+0600][46.602s][info][gc,phases   ] GC(52) Concurrent Process Non-Strong References 7.048ms
[2026-04-03T03:29:51.484+0600][46.602s][info][gc,phases   ] GC(52) Concurrent Reset Relocation Set 0.019ms
[2026-04-03T03:29:51.488+0600][46.607s][info][gc,phases   ] GC(52) Concurrent Select Relocation Set 4.419ms
[2026-04-03T03:29:51.489+0600][46.607s][info][gc,phases   ] GC(52) Pause Relocate Start 0.013ms
[2026-04-03T03:29:51.520+0600][46.638s][info][gc,phases   ] GC(52) Concurrent Relocate 30.909ms
[2026-04-03T03:29:51.520+0600][46.638s][info][gc,load     ] GC(52) Load: 4.18/4.47/4.97
[2026-04-03T03:29:51.520+0600][46.638s][info][gc,mmu      ] GC(52) MMU: 2ms/91.5%, 5ms/96.6%, 10ms/98.2%, 20ms/99.1%, 50ms/99.6%, 100ms/99.8%
[2026-04-03T03:29:51.520+0600][46.638s][info][gc,marking  ] GC(52) Mark: 2 stripe(s), 3 proactive flush(es), 1 terminate flush(es), 0 completion(s), 0 continuation(s) 
[2026-04-03T03:29:51.520+0600][46.638s][info][gc,marking  ] GC(52) Mark Stack Usage: 32M
[2026-04-03T03:29:51.520+0600][46.638s][info][gc,nmethod  ] GC(52) NMethods: 6571 registered, 356 unregistered
[2026-04-03T03:29:51.520+0600][46.638s][info][gc,metaspace] GC(52) Metaspace: 70M used, 71M committed, 1088M reserved
[2026-04-03T03:29:51.520+0600][46.638s][info][gc,ref      ] GC(52) Soft: 2945 encountered, 0 discovered, 0 enqueued
[2026-04-03T03:29:51.520+0600][46.638s][info][gc,ref      ] GC(52) Weak: 6127 encountered, 3458 discovered, 97 enqueued
[2026-04-03T03:29:51.520+0600][46.638s][info][gc,ref      ] GC(52) Final: 84 encountered, 60 discovered, 0 enqueued
[2026-04-03T03:29:51.520+0600][46.638s][info][gc,ref      ] GC(52) Phantom: 599 encountered, 433 discovered, 0 enqueued
[2026-04-03T03:29:51.520+0600][46.638s][info][gc,reloc    ] GC(52) Small Pages: 311 / 622M, Empty: 38M, Relocated: 24M, In-Place: 0
[2026-04-03T03:29:51.520+0600][46.638s][info][gc,reloc    ] GC(52) Medium Pages: 2 / 64M, Empty: 32M, Relocated: 0M, In-Place: 0
[2026-04-03T03:29:51.520+0600][46.638s][info][gc,reloc    ] GC(52) Large Pages: 4 / 64M, Empty: 46M, Relocated: 0M, In-Place: 0
[2026-04-03T03:29:51.520+0600][46.638s][info][gc,reloc    ] GC(52) Forwarding Usage: 22M
[2026-04-03T03:29:51.520+0600][46.638s][info][gc,heap     ] GC(52) Min Capacity: 8M(1%)
[2026-04-03T03:29:51.520+0600][46.638s][info][gc,heap     ] GC(52) Max Capacity: 1500M(100%)
[2026-04-03T03:29:51.520+0600][46.638s][info][gc,heap     ] GC(52) Soft Max Capacity: 1500M(100%)
[2026-04-03T03:29:51.520+0600][46.638s][info][gc,heap     ] GC(52)                Mark Start          Mark End        Relocate Start      Relocate End           High               Low         
[2026-04-03T03:29:51.520+0600][46.638s][info][gc,heap     ] GC(52)  Capacity:     1500M (100%)       1500M (100%)       1500M (100%)       1500M (100%)       1500M (100%)       1500M (100%)   
[2026-04-03T03:29:51.520+0600][46.638s][info][gc,heap     ] GC(52)      Free:      750M (50%)         666M (44%)         782M (52%)        1168M (78%)        1168M (78%)         666M (44%)    
[2026-04-03T03:29:51.520+0600][46.638s][info][gc,heap     ] GC(52)      Used:      750M (50%)         834M (56%)         718M (48%)         332M (22%)         834M (56%)         332M (22%)    
[2026-04-03T03:29:51.520+0600][46.638s][info][gc,heap     ] GC(52)      Live:         -               212M (14%)         212M (14%)         212M (14%)            -                  -          
[2026-04-03T03:29:51.520+0600][46.638s][info][gc,heap     ] GC(52) Allocated:         -                84M (6%)           84M (6%)           84M (6%)             -                  -          
[2026-04-03T03:29:51.520+0600][46.638s][info][gc,heap     ] GC(52)   Garbage:         -               537M (36%)         421M (28%)          34M (2%)             -                  -          
[2026-04-03T03:29:51.520+0600][46.638s][info][gc,heap     ] GC(52) Reclaimed:         -                  -               116M (8%)          502M (34%)            -                  -          
[2026-04-03T03:29:51.520+0600][46.638s][info][gc          ] GC(52) Garbage Collection (Allocation Rate) 750M(50%)->332M(22%)
[2026-04-03T03:29:52.485+0600][47.604s][info][gc,start    ] GC(53) Garbage Collection (Allocation Rate)
[2026-04-03T03:29:52.485+0600][47.604s][info][gc,task     ] GC(53) Using 3 workers
[2026-04-03T03:29:52.486+0600][47.604s][info][gc,phases   ] GC(53) Pause Mark Start 0.014ms
[2026-04-03T03:29:52.889+0600][48.008s][info][gc,phases   ] GC(53) Concurrent Mark 403.578ms
[2026-04-03T03:29:52.890+0600][48.009s][info][gc,phases   ] GC(53) Pause Mark End 0.051ms
[2026-04-03T03:29:52.890+0600][48.009s][info][gc,phases   ] GC(53) Concurrent Mark Free 0.006ms
[2026-04-03T03:29:52.918+0600][48.037s][info][gc,phases   ] GC(53) Concurrent Process Non-Strong References 27.959ms
[2026-04-03T03:29:52.918+0600][48.037s][info][gc,phases   ] GC(53) Concurrent Reset Relocation Set 0.036ms
[2026-04-03T03:29:52.926+0600][48.045s][info][gc,phases   ] GC(53) Concurrent Select Relocation Set 7.578ms
[2026-04-03T03:29:52.927+0600][48.046s][info][gc,phases   ] GC(53) Pause Relocate Start 0.023ms
[2026-04-03T03:29:52.967+0600][48.085s][info][gc,phases   ] GC(53) Concurrent Relocate 39.407ms
[2026-04-03T03:29:52.967+0600][48.086s][info][gc,load     ] GC(53) Load: 4.18/4.47/4.97
[2026-04-03T03:29:52.967+0600][48.086s][info][gc,mmu      ] GC(53) MMU: 2ms/91.5%, 5ms/96.6%, 10ms/98.2%, 20ms/99.1%, 50ms/99.6%, 100ms/99.8%
[2026-04-03T03:29:52.967+0600][48.086s][info][gc,marking  ] GC(53) Mark: 2 stripe(s), 2 proactive flush(es), 1 terminate flush(es), 0 completion(s), 0 continuation(s) 
[2026-04-03T03:29:52.967+0600][48.086s][info][gc,marking  ] GC(53) Mark Stack Usage: 32M
[2026-04-03T03:29:52.967+0600][48.086s][info][gc,nmethod  ] GC(53) NMethods: 6821 registered, 382 unregistered
[2026-04-03T03:29:52.967+0600][48.086s][info][gc,metaspace] GC(53) Metaspace: 71M used, 71M committed, 1088M reserved
[2026-04-03T03:29:52.967+0600][48.086s][info][gc,ref      ] GC(53) Soft: 3225 encountered, 0 discovered, 0 enqueued
[2026-04-03T03:29:52.967+0600][48.086s][info][gc,ref      ] GC(53) Weak: 6665 encountered, 2982 discovered, 361 enqueued
[2026-04-03T03:29:52.967+0600][48.086s][info][gc,ref      ] GC(53) Final: 84 encountered, 52 discovered, 0 enqueued
[2026-04-03T03:29:52.967+0600][48.086s][info][gc,ref      ] GC(53) Phantom: 602 encountered, 406 discovered, 0 enqueued
[2026-04-03T03:29:52.967+0600][48.086s][info][gc,reloc    ] GC(53) Small Pages: 314 / 628M, Empty: 302M, Relocated: 22M, In-Place: 0
[2026-04-03T03:29:52.967+0600][48.086s][info][gc,reloc    ] GC(53) Medium Pages: 3 / 96M, Empty: 64M, Relocated: 0M, In-Place: 0
[2026-04-03T03:29:52.967+0600][48.086s][info][gc,reloc    ] GC(53) Large Pages: 12 / 96M, Empty: 78M, Relocated: 0M, In-Place: 0
[2026-04-03T03:29:52.967+0600][48.086s][info][gc,reloc    ] GC(53) Forwarding Usage: 21M
[2026-04-03T03:29:52.967+0600][48.086s][info][gc,heap     ] GC(53) Min Capacity: 8M(1%)
[2026-04-03T03:29:52.967+0600][48.086s][info][gc,heap     ] GC(53) Max Capacity: 1500M(100%)
[2026-04-03T03:29:52.967+0600][48.086s][info][gc,heap     ] GC(53) Soft Max Capacity: 1500M(100%)
[2026-04-03T03:29:52.967+0600][48.086s][info][gc,heap     ] GC(53)                Mark Start          Mark End        Relocate Start      Relocate End           High               Low         
[2026-04-03T03:29:52.967+0600][48.086s][info][gc,heap     ] GC(53)  Capacity:     1500M (100%)       1500M (100%)       1500M (100%)       1500M (100%)       1500M (100%)       1500M (100%)   
[2026-04-03T03:29:52.967+0600][48.086s][info][gc,heap     ] GC(53)      Free:      680M (45%)         486M (32%)         866M (58%)         992M (66%)         994M (66%)         426M (28%)    
[2026-04-03T03:29:52.967+0600][48.086s][info][gc,heap     ] GC(53)      Used:      820M (55%)        1014M (68%)         634M (42%)         508M (34%)        1074M (72%)         506M (34%)    
[2026-04-03T03:29:52.967+0600][48.086s][info][gc,heap     ] GC(53)      Live:         -               204M (14%)         204M (14%)         204M (14%)            -                  -          
[2026-04-03T03:29:52.967+0600][48.086s][info][gc,heap     ] GC(53) Allocated:         -               194M (13%)         258M (17%)         271M (18%)            -                  -          
[2026-04-03T03:29:52.967+0600][48.086s][info][gc,heap     ] GC(53)   Garbage:         -               615M (41%)         171M (11%)          31M (2%)             -                  -          
[2026-04-03T03:29:52.967+0600][48.086s][info][gc,heap     ] GC(53) Reclaimed:         -                  -               444M (30%)         583M (39%)            -                  -          
[2026-04-03T03:29:52.967+0600][48.086s][info][gc          ] GC(53) Garbage Collection (Allocation Rate) 820M(55%)->508M(34%)
[2026-04-03T03:29:52.985+0600][48.103s][info][gc,start    ] GC(54) Garbage Collection (Allocation Rate)
[2026-04-03T03:29:52.985+0600][48.104s][info][gc,task     ] GC(54) Using 3 workers
[2026-04-03T03:29:52.985+0600][48.104s][info][gc,phases   ] GC(54) Pause Mark Start 0.040ms
[2026-04-03T03:29:53.325+0600][48.443s][info][gc,phases   ] GC(54) Concurrent Mark 338.919ms
[2026-04-03T03:29:53.325+0600][48.444s][info][gc,phases   ] GC(54) Pause Mark End 0.040ms
[2026-04-03T03:29:53.325+0600][48.444s][info][gc,phases   ] GC(54) Concurrent Mark Free 0.003ms
[2026-04-03T03:29:53.337+0600][48.455s][info][gc,phases   ] GC(54) Concurrent Process Non-Strong References 11.364ms
[2026-04-03T03:29:53.337+0600][48.455s][info][gc,phases   ] GC(54) Concurrent Reset Relocation Set 0.019ms
[2026-04-03T03:29:53.345+0600][48.464s][info][gc,phases   ] GC(54) Concurrent Select Relocation Set 8.675ms
[2026-04-03T03:29:53.346+0600][48.464s][info][gc,phases   ] GC(54) Pause Relocate Start 0.057ms
[2026-04-03T03:29:53.354+0600][48.473s][info][gc,phases   ] GC(54) Concurrent Relocate 8.249ms
[2026-04-03T03:29:53.354+0600][48.473s][info][gc,load     ] GC(54) Load: 4.18/4.47/4.97
[2026-04-03T03:29:53.355+0600][48.473s][info][gc,mmu      ] GC(54) MMU: 2ms/91.5%, 5ms/96.6%, 10ms/98.2%, 20ms/99.1%, 50ms/99.6%, 100ms/99.8%
[2026-04-03T03:29:53.355+0600][48.473s][info][gc,marking  ] GC(54) Mark: 2 stripe(s), 2 proactive flush(es), 1 terminate flush(es), 0 completion(s), 0 continuation(s) 
[2026-04-03T03:29:53.355+0600][48.473s][info][gc,marking  ] GC(54) Mark Stack Usage: 32M
[2026-04-03T03:29:53.355+0600][48.473s][info][gc,nmethod  ] GC(54) NMethods: 6852 registered, 392 unregistered
[2026-04-03T03:29:53.355+0600][48.473s][info][gc,metaspace] GC(54) Metaspace: 71M used, 71M committed, 1088M reserved
[2026-04-03T03:29:53.355+0600][48.473s][info][gc,ref      ] GC(54) Soft: 3248 encountered, 0 discovered, 0 enqueued
[2026-04-03T03:29:53.355+0600][48.473s][info][gc,ref      ] GC(54) Weak: 6486 encountered, 2995 discovered, 226 enqueued
[2026-04-03T03:29:53.355+0600][48.473s][info][gc,ref      ] GC(54) Final: 84 encountered, 52 discovered, 0 enqueued
[2026-04-03T03:29:53.355+0600][48.473s][info][gc,ref      ] GC(54) Phantom: 602 encountered, 440 discovered, 0 enqueued
[2026-04-03T03:29:53.355+0600][48.473s][info][gc,reloc    ] GC(54) Small Pages: 195 / 390M, Empty: 180M, Relocated: 6M, In-Place: 0
[2026-04-03T03:29:53.355+0600][48.473s][info][gc,reloc    ] GC(54) Medium Pages: 2 / 64M, Empty: 32M, Relocated: 0M, In-Place: 0
[2026-04-03T03:29:53.355+0600][48.473s][info][gc,reloc    ] GC(54) Large Pages: 7 / 54M, Empty: 54M, Relocated: 0M, In-Place: 0
[2026-04-03T03:29:53.355+0600][48.473s][info][gc,reloc    ] GC(54) Forwarding Usage: 2M
[2026-04-03T03:29:53.355+0600][48.473s][info][gc,heap     ] GC(54) Min Capacity: 8M(1%)
[2026-04-03T03:29:53.355+0600][48.473s][info][gc,heap     ] GC(54) Max Capacity: 1500M(100%)
[2026-04-03T03:29:53.355+0600][48.473s][info][gc,heap     ] GC(54) Soft Max Capacity: 1500M(100%)
[2026-04-03T03:29:53.355+0600][48.473s][info][gc,heap     ] GC(54)                Mark Start          Mark End        Relocate Start      Relocate End           High               Low         
[2026-04-03T03:29:53.355+0600][48.473s][info][gc,heap     ] GC(54)  Capacity:     1500M (100%)       1500M (100%)       1500M (100%)       1500M (100%)       1500M (100%)       1500M (100%)   
[2026-04-03T03:29:53.355+0600][48.473s][info][gc,heap     ] GC(54)      Free:      992M (66%)         748M (50%)         998M (67%)        1032M (69%)        1032M (69%)         744M (50%)    
[2026-04-03T03:29:53.355+0600][48.473s][info][gc,heap     ] GC(54)      Used:      508M (34%)         752M (50%)         502M (33%)         468M (31%)         756M (50%)         468M (31%)    
[2026-04-03T03:29:53.355+0600][48.473s][info][gc,heap     ] GC(54)      Live:         -               170M (11%)         170M (11%)         170M (11%)            -                  -          
[2026-04-03T03:29:53.355+0600][48.473s][info][gc,heap     ] GC(54) Allocated:         -               244M (16%)         260M (17%)         265M (18%)            -                  -          
[2026-04-03T03:29:53.355+0600][48.473s][info][gc,heap     ] GC(54)   Garbage:         -               337M (23%)          71M (5%)           31M (2%)             -                  -          
[2026-04-03T03:29:53.355+0600][48.473s][info][gc,heap     ] GC(54) Reclaimed:         -                  -               266M (18%)         305M (20%)            -                  -          
[2026-04-03T03:29:53.355+0600][48.474s][info][gc          ] GC(54) Garbage Collection (Allocation Rate) 508M(34%)->468M(31%)
[2026-04-03T03:29:53.785+0600][48.904s][info][gc,start    ] GC(55) Garbage Collection (Allocation Rate)
[2026-04-03T03:29:53.785+0600][48.904s][info][gc,task     ] GC(55) Using 3 workers
[2026-04-03T03:29:53.785+0600][48.904s][info][gc,phases   ] GC(55) Pause Mark Start 0.032ms
[2026-04-03T03:29:54.086+0600][49.204s][info][gc,phases   ] GC(55) Concurrent Mark 300.052ms
[2026-04-03T03:29:54.086+0600][49.205s][info][gc,phases   ] GC(55) Pause Mark End 0.086ms
[2026-04-03T03:29:54.086+0600][49.205s][info][gc,phases   ] GC(55) Concurrent Mark Free 0.001ms
[2026-04-03T03:29:54.096+0600][49.215s][info][gc,phases   ] GC(55) Concurrent Process Non-Strong References 9.968ms
[2026-04-03T03:29:54.097+0600][49.215s][info][gc,phases   ] GC(55) Concurrent Reset Relocation Set 0.008ms
[2026-04-03T03:29:54.105+0600][49.224s][info][gc,phases   ] GC(55) Concurrent Select Relocation Set 8.568ms
[2026-04-03T03:29:54.106+0600][49.224s][info][gc,phases   ] GC(55) Pause Relocate Start 0.017ms
[2026-04-03T03:29:54.133+0600][49.252s][info][gc,phases   ] GC(55) Concurrent Relocate 27.416ms
[2026-04-03T03:29:54.133+0600][49.252s][info][gc,load     ] GC(55) Load: 4.18/4.47/4.97
[2026-04-03T03:29:54.133+0600][49.252s][info][gc,mmu      ] GC(55) MMU: 2ms/91.5%, 5ms/96.6%, 10ms/98.2%, 20ms/99.1%, 50ms/99.6%, 100ms/99.8%
[2026-04-03T03:29:54.133+0600][49.252s][info][gc,marking  ] GC(55) Mark: 2 stripe(s), 2 proactive flush(es), 1 terminate flush(es), 0 completion(s), 0 continuation(s) 
[2026-04-03T03:29:54.133+0600][49.252s][info][gc,marking  ] GC(55) Mark Stack Usage: 32M
[2026-04-03T03:29:54.133+0600][49.252s][info][gc,nmethod  ] GC(55) NMethods: 6910 registered, 400 unregistered
[2026-04-03T03:29:54.133+0600][49.252s][info][gc,metaspace] GC(55) Metaspace: 71M used, 71M committed, 1088M reserved
[2026-04-03T03:29:54.133+0600][49.252s][info][gc,ref      ] GC(55) Soft: 3248 encountered, 0 discovered, 0 enqueued
[2026-04-03T03:29:54.133+0600][49.252s][info][gc,ref      ] GC(55) Weak: 6363 encountered, 3369 discovered, 30 enqueued
[2026-04-03T03:29:54.133+0600][49.252s][info][gc,ref      ] GC(55) Final: 84 encountered, 4 discovered, 0 enqueued
[2026-04-03T03:29:54.133+0600][49.252s][info][gc,ref      ] GC(55) Phantom: 601 encountered, 399 discovered, 0 enqueued
[2026-04-03T03:29:54.133+0600][49.252s][info][gc,reloc    ] GC(55) Small Pages: 335 / 670M, Empty: 314M, Relocated: 12M, In-Place: 0
[2026-04-03T03:29:54.133+0600][49.252s][info][gc,reloc    ] GC(55) Medium Pages: 2 / 64M, Empty: 0M, Relocated: 12M, In-Place: 0
[2026-04-03T03:29:54.133+0600][49.252s][info][gc,reloc    ] GC(55) Large Pages: 7 / 54M, Empty: 54M, Relocated: 0M, In-Place: 0
[2026-04-03T03:29:54.133+0600][49.252s][info][gc,reloc    ] GC(55) Forwarding Usage: 10M
[2026-04-03T03:29:54.133+0600][49.252s][info][gc,heap     ] GC(55) Min Capacity: 8M(1%)
[2026-04-03T03:29:54.133+0600][49.252s][info][gc,heap     ] GC(55) Max Capacity: 1500M(100%)
[2026-04-03T03:29:54.133+0600][49.252s][info][gc,heap     ] GC(55) Soft Max Capacity: 1500M(100%)
[2026-04-03T03:29:54.133+0600][49.252s][info][gc,heap     ] GC(55)                Mark Start          Mark End        Relocate Start      Relocate End           High               Low         
[2026-04-03T03:29:54.133+0600][49.252s][info][gc,heap     ] GC(55)  Capacity:     1500M (100%)       1500M (100%)       1500M (100%)       1500M (100%)       1500M (100%)       1500M (100%)   
[2026-04-03T03:29:54.134+0600][49.252s][info][gc,heap     ] GC(55)      Free:      712M (47%)         140M (9%)          490M (33%)         698M (47%)         712M (47%)         132M (9%)     
[2026-04-03T03:29:54.134+0600][49.252s][info][gc,heap     ] GC(55)      Used:      788M (53%)        1360M (91%)        1010M (67%)         802M (53%)        1368M (91%)         788M (53%)    
[2026-04-03T03:29:54.134+0600][49.252s][info][gc,heap     ] GC(55)      Live:         -               181M (12%)         181M (12%)         181M (12%)            -                  -          
[2026-04-03T03:29:54.134+0600][49.252s][info][gc,heap     ] GC(55) Allocated:         -               572M (38%)         590M (39%)         590M (39%)            -                  -          
[2026-04-03T03:29:54.134+0600][49.252s][info][gc,heap     ] GC(55)   Garbage:         -               606M (40%)         238M (16%)          30M (2%)             -                  -          
[2026-04-03T03:29:54.134+0600][49.252s][info][gc,heap     ] GC(55) Reclaimed:         -                  -               368M (25%)         576M (38%)            -                  -          
[2026-04-03T03:29:54.134+0600][49.252s][info][gc          ] GC(55) Garbage Collection (Allocation Rate) 788M(53%)->802M(53%)
[2026-04-03T03:29:54.186+0600][49.304s][info][gc,start    ] GC(56) Garbage Collection (Allocation Rate)
[2026-04-03T03:29:54.186+0600][49.304s][info][gc,task     ] GC(56) Using 3 workers
[2026-04-03T03:29:54.186+0600][49.304s][info][gc,phases   ] GC(56) Pause Mark Start 0.011ms
[2026-04-03T03:29:54.854+0600][49.973s][info][gc,phases   ] GC(56) Concurrent Mark 668.457ms
[2026-04-03T03:29:54.855+0600][49.974s][info][gc,phases   ] GC(56) Pause Mark End 0.069ms
[2026-04-03T03:29:54.855+0600][49.974s][info][gc,phases   ] GC(56) Concurrent Mark Free 0.003ms
[2026-04-03T03:29:54.868+0600][49.987s][info][gc,phases   ] GC(56) Concurrent Process Non-Strong References 12.670ms
[2026-04-03T03:29:54.868+0600][49.987s][info][gc,phases   ] GC(56) Concurrent Reset Relocation Set 0.027ms
[2026-04-03T03:29:54.904+0600][50.023s][info][gc,phases   ] GC(56) Concurrent Select Relocation Set 36.265ms
[2026-04-03T03:29:54.905+0600][50.024s][info][gc,phases   ] GC(56) Pause Relocate Start 0.038ms
[2026-04-03T03:29:54.986+0600][50.104s][info][gc,stats    ] === Garbage Collection Statistics =======================================================================================================================
[2026-04-03T03:29:54.986+0600][50.104s][info][gc,stats    ]                                                              Last 10s              Last 10m              Last 10h                Total
[2026-04-03T03:29:54.986+0600][50.104s][info][gc,stats    ]                                                              Avg / Max             Avg / Max             Avg / Max             Avg / Max
[2026-04-03T03:29:54.986+0600][50.104s][info][gc,stats    ]   Collector: Garbage Collection Cycle                    633.066 / 1015.860    457.870 / 1058.061    457.870 / 1058.061    457.870 / 1058.061    ms
[2026-04-03T03:29:54.986+0600][50.105s][info][gc,stats    ]  Contention: Mark Segment Reset Contention                     7 / 28                7 / 95                7 / 95                7 / 95          ops/s
[2026-04-03T03:29:54.986+0600][50.105s][info][gc,stats    ]  Contention: Mark SeqNum Reset Contention                      0 / 3                 0 / 3                 0 / 3                 0 / 3           ops/s
[2026-04-03T03:29:54.986+0600][50.105s][info][gc,stats    ]    Critical: Allocation Stall                                  0 / 3                 0 / 3                 0 / 3                 0 / 3           ops/s
[2026-04-03T03:29:54.986+0600][50.105s][info][gc,stats    ]    Critical: Allocation Stall                             62.579 / 69.694       48.388 / 69.694       48.388 / 69.694       48.388 / 69.694      ms
[2026-04-03T03:29:54.986+0600][50.105s][info][gc,stats    ]    Critical: GC Locker Stall                                   0 / 0                 0 / 1                 0 / 1                 0 / 1           ops/s
[2026-04-03T03:29:54.986+0600][50.105s][info][gc,stats    ]    Critical: GC Locker Stall                               0.000 / 0.000         0.001 / 0.001         0.001 / 0.001         0.001 / 0.001       ms
[2026-04-03T03:29:54.986+0600][50.105s][info][gc,stats    ]    Critical: Relocation Stall                                  0 / 0                 0 / 0                 0 / 0                 0 / 0           ops/s
[2026-04-03T03:29:54.986+0600][50.105s][info][gc,stats    ]    Critical: Relocation Stall                              0.000 / 0.000         0.000 / 0.000         0.000 / 0.000         0.000 / 0.000       ms
[2026-04-03T03:29:54.986+0600][50.105s][info][gc,stats    ]      Memory: Allocation Rate                                 550 / 1058            519 / 2664            519 / 2664            519 / 2664        MB/s
[2026-04-03T03:29:54.986+0600][50.105s][info][gc,stats    ]      Memory: Defragment                                        5 / 47                5 / 48                5 / 48                5 / 48          ops/s
[2026-04-03T03:29:54.986+0600][50.105s][info][gc,stats    ]      Memory: Out Of Memory                                     0 / 0                 0 / 0                 0 / 0                 0 / 0           ops/s
[2026-04-03T03:29:54.986+0600][50.105s][info][gc,stats    ]      Memory: Page Cache Flush                                 53 / 126              31 / 150              31 / 150              31 / 150         MB/s
[2026-04-03T03:29:54.986+0600][50.105s][info][gc,stats    ]      Memory: Page Cache Hit L1                               253 / 454             236 / 1319            236 / 1319            236 / 1319        ops/s
[2026-04-03T03:29:54.986+0600][50.105s][info][gc,stats    ]      Memory: Page Cache Hit L2                                 0 / 0                 0 / 0                 0 / 0                 0 / 0           ops/s
[2026-04-03T03:29:54.986+0600][50.105s][info][gc,stats    ]      Memory: Page Cache Hit L3                                 6 / 41                8 / 93                8 / 93                8 / 93          ops/s
[2026-04-03T03:29:54.986+0600][50.105s][info][gc,stats    ]      Memory: Page Cache Miss                                   1 / 6                 9 / 132               9 / 132               9 / 132         ops/s
[2026-04-03T03:29:54.986+0600][50.105s][info][gc,stats    ]      Memory: Uncommit                                          0 / 0                 0 / 0                 0 / 0                 0 / 0           MB/s
[2026-04-03T03:29:54.986+0600][50.105s][info][gc,stats    ]      Memory: Undo Object Allocation Failed                     0 / 0                 0 / 0                 0 / 0                 0 / 0           ops/s
[2026-04-03T03:29:54.986+0600][50.105s][info][gc,stats    ]      Memory: Undo Object Allocation Succeeded                 24 / 237               5 / 237               5 / 237               5 / 237         ops/s
[2026-04-03T03:29:54.986+0600][50.105s][info][gc,stats    ]      Memory: Undo Page Allocation                              0 / 1                 0 / 1                 0 / 1                 0 / 1           ops/s
[2026-04-03T03:29:54.986+0600][50.105s][info][gc,stats    ]       Phase: Concurrent Mark                             557.716 / 918.102     397.058 / 939.877     397.058 / 939.877     397.058 / 939.877     ms
[2026-04-03T03:29:54.986+0600][50.105s][info][gc,stats    ]       Phase: Concurrent Mark Continue                      0.000 / 0.000         0.000 / 0.000         0.000 / 0.000         0.000 / 0.000       ms
[2026-04-03T03:29:54.986+0600][50.105s][info][gc,stats    ]       Phase: Concurrent Mark Free                          0.003 / 0.006         0.003 / 0.006         0.003 / 0.006         0.003 / 0.006       ms
[2026-04-03T03:29:54.986+0600][50.105s][info][gc,stats    ]       Phase: Concurrent Process Non-Strong References     12.486 / 27.959        9.812 / 27.959        9.812 / 27.959        9.812 / 27.959      ms
[2026-04-03T03:29:54.986+0600][50.105s][info][gc,stats    ]       Phase: Concurrent Relocate                          60.682 / 134.706      44.493 / 236.568      44.493 / 236.568      44.493 / 236.568     ms
[2026-04-03T03:29:54.986+0600][50.105s][info][gc,stats    ]       Phase: Concurrent Reset Relocation Set               0.038 / 0.082         0.023 / 0.111         0.023 / 0.111         0.023 / 0.111       ms
[2026-04-03T03:29:54.986+0600][50.105s][info][gc,stats    ]       Phase: Concurrent Select Relocation Set             12.311 / 36.265        9.176 / 51.720        9.176 / 51.720        9.176 / 51.720      ms
[2026-04-03T03:29:54.987+0600][50.105s][info][gc,stats    ]       Phase: Pause Mark End                                0.045 / 0.086         0.039 / 0.171         0.039 / 0.171         0.039 / 0.171       ms
[2026-04-03T03:29:54.987+0600][50.105s][info][gc,stats    ]       Phase: Pause Mark Start                              0.041 / 0.163         0.022 / 0.163         0.022 / 0.163         0.022 / 0.163       ms
[2026-04-03T03:29:54.987+0600][50.105s][info][gc,stats    ]       Phase: Pause Relocate Start                          0.023 / 0.057         0.020 / 0.057         0.020 / 0.057         0.020 / 0.057       ms
[2026-04-03T03:29:54.987+0600][50.105s][info][gc,stats    ]    Subphase: Concurrent Classes Purge                      0.124 / 0.721         0.148 / 0.782         0.148 / 0.782         0.148 / 0.782       ms
[2026-04-03T03:29:54.987+0600][50.105s][info][gc,stats    ]    Subphase: Concurrent Classes Unlink                    10.045 / 25.406        7.617 / 25.406        7.617 / 25.406        7.617 / 25.406      ms
[2026-04-03T03:29:54.987+0600][50.105s][info][gc,stats    ]    Subphase: Concurrent Mark                             556.124 / 916.827     405.157 / 938.819     405.157 / 938.819     405.157 / 938.819     ms
[2026-04-03T03:29:54.987+0600][50.105s][info][gc,stats    ]    Subphase: Concurrent Mark Try Flush                     0.306 / 0.545         0.311 / 7.899         0.311 / 7.899         0.311 / 7.899       ms
[2026-04-03T03:29:54.987+0600][50.105s][info][gc,stats    ]    Subphase: Concurrent Mark Try Terminate                 0.992 / 1.253         1.076 / 1.253         1.076 / 1.253         1.076 / 1.253       ms
[2026-04-03T03:29:54.987+0600][50.105s][info][gc,stats    ]    Subphase: Concurrent References Enqueue                 0.007 / 0.013         0.005 / 0.015         0.005 / 0.015         0.005 / 0.015       ms
[2026-04-03T03:29:54.987+0600][50.105s][info][gc,stats    ]    Subphase: Concurrent References Process                 0.663 / 0.956         0.570 / 1.108         0.570 / 1.108         0.570 / 1.108       ms
[2026-04-03T03:29:54.987+0600][50.105s][info][gc,stats    ]    Subphase: Concurrent Roots ClassLoaderDataGraph         0.269 / 0.738         0.251 / 0.742         0.251 / 0.742         0.251 / 0.742       ms
[2026-04-03T03:29:54.987+0600][50.105s][info][gc,stats    ]    Subphase: Concurrent Roots CodeCache                    0.000 / 0.000         0.000 / 0.000         0.000 / 0.000         0.000 / 0.000       ms
[2026-04-03T03:29:54.987+0600][50.105s][info][gc,stats    ]    Subphase: Concurrent Roots JavaThreads                  0.575 / 0.918         0.475 / 1.651         0.475 / 1.651         0.475 / 1.651       ms
[2026-04-03T03:29:54.987+0600][50.105s][info][gc,stats    ]    Subphase: Concurrent Roots OopStorageSet                0.063 / 0.134         0.052 / 0.148         0.052 / 0.148         0.052 / 0.148       ms
[2026-04-03T03:29:54.987+0600][50.105s][info][gc,stats    ]    Subphase: Concurrent Weak Roots OopStorageSet           0.950 / 1.283         0.838 / 1.727         0.838 / 1.727         0.838 / 1.727       ms
[2026-04-03T03:29:54.987+0600][50.106s][info][gc,stats    ]    Subphase: Pause Mark Try Complete                       0.000 / 0.000         0.002 / 0.003         0.002 / 0.003         0.002 / 0.003       ms
[2026-04-03T03:29:54.987+0600][50.106s][info][gc,stats    ]      System: Java Threads                                    142 / 159              88 / 159              88 / 159              88 / 159         threads
[2026-04-03T03:29:54.987+0600][50.106s][info][gc,stats    ] =========================================================================================================================================================
[2026-04-03T03:29:55.071+0600][50.190s][info][gc,phases   ] GC(56) Concurrent Relocate 165.830ms
[2026-04-03T03:29:55.071+0600][50.190s][info][gc,load     ] GC(56) Load: 4.18/4.47/4.97
[2026-04-03T03:29:55.071+0600][50.190s][info][gc,mmu      ] GC(56) MMU: 2ms/91.5%, 5ms/96.6%, 10ms/98.2%, 20ms/99.1%, 50ms/99.6%, 100ms/99.8%
[2026-04-03T03:29:55.071+0600][50.190s][info][gc,marking  ] GC(56) Mark: 2 stripe(s), 2 proactive flush(es), 1 terminate flush(es), 0 completion(s), 0 continuation(s) 
[2026-04-03T03:29:55.071+0600][50.190s][info][gc,marking  ] GC(56) Mark Stack Usage: 32M
[2026-04-03T03:29:55.071+0600][50.190s][info][gc,nmethod  ] GC(56) NMethods: 6959 registered, 403 unregistered
[2026-04-03T03:29:55.071+0600][50.190s][info][gc,metaspace] GC(56) Metaspace: 71M used, 71M committed, 1088M reserved
[2026-04-03T03:29:55.072+0600][50.190s][info][gc,ref      ] GC(56) Soft: 3248 encountered, 0 discovered, 0 enqueued
[2026-04-03T03:29:55.072+0600][50.190s][info][gc,ref      ] GC(56) Weak: 6341 encountered, 1270 discovered, 2 enqueued
[2026-04-03T03:29:55.072+0600][50.190s][info][gc,ref      ] GC(56) Final: 84 encountered, 4 discovered, 0 enqueued
[2026-04-03T03:29:55.072+0600][50.190s][info][gc,ref      ] GC(56) Phantom: 599 encountered, 405 discovered, 0 enqueued
[2026-04-03T03:29:55.072+0600][50.190s][info][gc,reloc    ] GC(56) Small Pages: 360 / 720M, Empty: 0M, Relocated: 66M, In-Place: 0
[2026-04-03T03:29:55.072+0600][50.190s][info][gc,reloc    ] GC(56) Medium Pages: 2 / 64M, Empty: 0M, Relocated: 13M, In-Place: 0
[2026-04-03T03:29:55.072+0600][50.190s][info][gc,reloc    ] GC(56) Large Pages: 3 / 18M, Empty: 0M, Relocated: 0M, In-Place: 0
[2026-04-03T03:29:55.072+0600][50.190s][info][gc,reloc    ] GC(56) Forwarding Usage: 63M
[2026-04-03T03:29:55.072+0600][50.190s][info][gc,heap     ] GC(56) Min Capacity: 8M(1%)
[2026-04-03T03:29:55.072+0600][50.190s][info][gc,heap     ] GC(56) Max Capacity: 1500M(100%)
[2026-04-03T03:29:55.072+0600][50.190s][info][gc,heap     ] GC(56) Soft Max Capacity: 1500M(100%)
[2026-04-03T03:29:55.072+0600][50.190s][info][gc,heap     ] GC(56)                Mark Start          Mark End        Relocate Start      Relocate End           High               Low         
[2026-04-03T03:29:55.072+0600][50.190s][info][gc,heap     ] GC(56)  Capacity:     1500M (100%)       1500M (100%)       1500M (100%)       1500M (100%)       1500M (100%)       1500M (100%)   
[2026-04-03T03:29:55.072+0600][50.190s][info][gc,heap     ] GC(56)      Free:      698M (47%)         520M (35%)         520M (35%)         944M (63%)         946M (63%)         486M (32%)    
[2026-04-03T03:29:55.072+0600][50.190s][info][gc,heap     ] GC(56)      Used:      802M (53%)         980M (65%)         980M (65%)         556M (37%)        1014M (68%)         554M (37%)    
[2026-04-03T03:29:55.072+0600][50.190s][info][gc,heap     ] GC(56)      Live:         -               263M (18%)         263M (18%)         263M (18%)            -                  -          
[2026-04-03T03:29:55.072+0600][50.190s][info][gc,heap     ] GC(56) Allocated:         -               178M (12%)         178M (12%)         262M (18%)            -                  -          
[2026-04-03T03:29:55.072+0600][50.190s][info][gc,heap     ] GC(56)   Garbage:         -               538M (36%)         538M (36%)          29M (2%)             -                  -          
[2026-04-03T03:29:55.072+0600][50.190s][info][gc,heap     ] GC(56) Reclaimed:         -                  -                 0M (0%)          508M (34%)            -                  -          
[2026-04-03T03:29:55.072+0600][50.190s][info][gc          ] GC(56) Garbage Collection (Allocation Rate) 802M(53%)->556M(37%)
[2026-04-03T03:29:55.085+0600][50.203s][info][gc,start    ] GC(57) Garbage Collection (Allocation Rate)
[2026-04-03T03:29:55.085+0600][50.204s][info][gc,task     ] GC(57) Using 3 workers
[2026-04-03T03:29:55.085+0600][50.204s][info][gc,phases   ] GC(57) Pause Mark Start 0.033ms
[2026-04-03T03:29:55.511+0600][50.629s][info][gc,phases   ] GC(57) Concurrent Mark 425.048ms
[2026-04-03T03:29:55.511+0600][50.629s][info][gc,phases   ] GC(57) Pause Mark End 0.026ms
[2026-04-03T03:29:55.511+0600][50.630s][info][gc,phases   ] GC(57) Concurrent Mark Free 0.001ms
[2026-04-03T03:29:55.519+0600][50.638s][info][gc,phases   ] GC(57) Concurrent Process Non-Strong References 8.097ms
[2026-04-03T03:29:55.519+0600][50.638s][info][gc,phases   ] GC(57) Concurrent Reset Relocation Set 0.052ms
[2026-04-03T03:29:55.527+0600][50.645s][info][gc,phases   ] GC(57) Concurrent Select Relocation Set 7.539ms
[2026-04-03T03:29:55.527+0600][50.646s][info][gc,phases   ] GC(57) Pause Relocate Start 0.014ms
[2026-04-03T03:29:55.572+0600][50.690s][info][gc,phases   ] GC(57) Concurrent Relocate 44.390ms
[2026-04-03T03:29:55.572+0600][50.690s][info][gc,load     ] GC(57) Load: 4.17/4.46/4.97
[2026-04-03T03:29:55.572+0600][50.691s][info][gc,mmu      ] GC(57) MMU: 2ms/91.5%, 5ms/96.6%, 10ms/98.2%, 20ms/99.1%, 50ms/99.6%, 100ms/99.8%
[2026-04-03T03:29:55.572+0600][50.691s][info][gc,marking  ] GC(57) Mark: 2 stripe(s), 3 proactive flush(es), 1 terminate flush(es), 0 completion(s), 0 continuation(s) 
[2026-04-03T03:29:55.572+0600][50.691s][info][gc,marking  ] GC(57) Mark Stack Usage: 32M
[2026-04-03T03:29:55.572+0600][50.691s][info][gc,nmethod  ] GC(57) NMethods: 7045 registered, 410 unregistered
[2026-04-03T03:29:55.572+0600][50.691s][info][gc,metaspace] GC(57) Metaspace: 71M used, 72M committed, 1088M reserved
[2026-04-03T03:29:55.572+0600][50.691s][info][gc,ref      ] GC(57) Soft: 3257 encountered, 0 discovered, 0 enqueued
[2026-04-03T03:29:55.572+0600][50.691s][info][gc,ref      ] GC(57) Weak: 6351 encountered, 2936 discovered, 3 enqueued
[2026-04-03T03:29:55.572+0600][50.691s][info][gc,ref      ] GC(57) Final: 84 encountered, 84 discovered, 0 enqueued
[2026-04-03T03:29:55.572+0600][50.691s][info][gc,ref      ] GC(57) Phantom: 599 encountered, 430 discovered, 0 enqueued
[2026-04-03T03:29:55.572+0600][50.691s][info][gc,reloc    ] GC(57) Small Pages: 177 / 354M, Empty: 40M, Relocated: 29M, In-Place: 0
[2026-04-03T03:29:55.572+0600][50.691s][info][gc,reloc    ] GC(57) Medium Pages: 5 / 160M, Empty: 0M, Relocated: 17M, In-Place: 0
[2026-04-03T03:29:55.572+0600][50.691s][info][gc,reloc    ] GC(57) Large Pages: 8 / 48M, Empty: 30M, Relocated: 0M, In-Place: 0
[2026-04-03T03:29:55.572+0600][50.691s][info][gc,reloc    ] GC(57) Forwarding Usage: 29M
[2026-04-03T03:29:55.572+0600][50.691s][info][gc,heap     ] GC(57) Min Capacity: 8M(1%)
[2026-04-03T03:29:55.572+0600][50.691s][info][gc,heap     ] GC(57) Max Capacity: 1500M(100%)
[2026-04-03T03:29:55.572+0600][50.691s][info][gc,heap     ] GC(57) Soft Max Capacity: 1500M(100%)
[2026-04-03T03:29:55.572+0600][50.691s][info][gc,heap     ] GC(57)                Mark Start          Mark End        Relocate Start      Relocate End           High               Low         
[2026-04-03T03:29:55.572+0600][50.691s][info][gc,heap     ] GC(57)  Capacity:     1500M (100%)       1500M (100%)       1500M (100%)       1500M (100%)       1500M (100%)       1500M (100%)   
[2026-04-03T03:29:55.572+0600][50.691s][info][gc,heap     ] GC(57)      Free:      938M (63%)         482M (32%)         540M (36%)         702M (47%)         938M (63%)         474M (32%)    
[2026-04-03T03:29:55.572+0600][50.691s][info][gc,heap     ] GC(57)      Used:      562M (37%)        1018M (68%)         960M (64%)         798M (53%)        1026M (68%)         562M (37%)    
[2026-04-03T03:29:55.572+0600][50.691s][info][gc,heap     ] GC(57)      Live:         -               262M (17%)         262M (17%)         262M (17%)            -                  -          
[2026-04-03T03:29:55.572+0600][50.691s][info][gc,heap     ] GC(57) Allocated:         -               456M (30%)         468M (31%)         478M (32%)            -                  -          
[2026-04-03T03:29:55.572+0600][50.691s][info][gc,heap     ] GC(57)   Garbage:         -               299M (20%)         229M (15%)          56M (4%)             -                  -          
[2026-04-03T03:29:55.572+0600][50.691s][info][gc,heap     ] GC(57) Reclaimed:         -                  -                70M (5%)          242M (16%)            -                  -          
[2026-04-03T03:29:55.572+0600][50.691s][info][gc          ] GC(57) Garbage Collection (Allocation Rate) 562M(37%)->798M(53%)
[2026-04-03T03:29:55.585+0600][50.704s][info][gc,start    ] GC(58) Garbage Collection (Allocation Rate)
[2026-04-03T03:29:55.585+0600][50.704s][info][gc,task     ] GC(58) Using 3 workers
[2026-04-03T03:29:55.585+0600][50.704s][info][gc,phases   ] GC(58) Pause Mark Start 0.010ms
[2026-04-03T03:29:55.891+0600][51.009s][info][gc,phases   ] GC(58) Concurrent Mark 305.290ms
[2026-04-03T03:29:55.891+0600][51.010s][info][gc,phases   ] GC(58) Pause Mark End 0.061ms
[2026-04-03T03:29:55.891+0600][51.010s][info][gc,phases   ] GC(58) Concurrent Mark Free 0.003ms
[2026-04-03T03:29:55.899+0600][51.018s][info][gc,phases   ] GC(58) Concurrent Process Non-Strong References 8.035ms
[2026-04-03T03:29:55.899+0600][51.018s][info][gc,phases   ] GC(58) Concurrent Reset Relocation Set 0.019ms
[2026-04-03T03:29:55.909+0600][51.028s][info][gc,phases   ] GC(58) Concurrent Select Relocation Set 9.928ms
[2026-04-03T03:29:55.910+0600][51.028s][info][gc,phases   ] GC(58) Pause Relocate Start 0.020ms
[2026-04-03T03:29:55.964+0600][51.082s][info][gc,phases   ] GC(58) Concurrent Relocate 53.701ms
[2026-04-03T03:29:55.964+0600][51.082s][info][gc,load     ] GC(58) Load: 4.17/4.46/4.97
[2026-04-03T03:29:55.964+0600][51.082s][info][gc,mmu      ] GC(58) MMU: 2ms/91.5%, 5ms/96.6%, 10ms/98.2%, 20ms/99.1%, 50ms/99.6%, 100ms/99.8%
[2026-04-03T03:29:55.964+0600][51.082s][info][gc,marking  ] GC(58) Mark: 2 stripe(s), 6 proactive flush(es), 1 terminate flush(es), 0 completion(s), 0 continuation(s) 
[2026-04-03T03:29:55.964+0600][51.082s][info][gc,marking  ] GC(58) Mark Stack Usage: 32M
[2026-04-03T03:29:55.964+0600][51.082s][info][gc,nmethod  ] GC(58) NMethods: 7062 registered, 413 unregistered
[2026-04-03T03:29:55.964+0600][51.083s][info][gc,metaspace] GC(58) Metaspace: 71M used, 72M committed, 1088M reserved
[2026-04-03T03:29:55.964+0600][51.083s][info][gc,ref      ] GC(58) Soft: 3257 encountered, 0 discovered, 0 enqueued
[2026-04-03T03:29:55.964+0600][51.083s][info][gc,ref      ] GC(58) Weak: 6391 encountered, 3474 discovered, 156 enqueued
[2026-04-03T03:29:55.964+0600][51.083s][info][gc,ref      ] GC(58) Final: 84 encountered, 12 discovered, 0 enqueued
[2026-04-03T03:29:55.964+0600][51.083s][info][gc,ref      ] GC(58) Phantom: 599 encountered, 405 discovered, 0 enqueued
[2026-04-03T03:29:55.964+0600][51.083s][info][gc,reloc    ] GC(58) Small Pages: 274 / 548M, Empty: 22M, Relocated: 39M, In-Place: 0
[2026-04-03T03:29:55.964+0600][51.083s][info][gc,reloc    ] GC(58) Medium Pages: 5 / 160M, Empty: 128M, Relocated: 0M, In-Place: 0
[2026-04-03T03:29:55.964+0600][51.083s][info][gc,reloc    ] GC(58) Large Pages: 15 / 94M, Empty: 82M, Relocated: 0M, In-Place: 0
[2026-04-03T03:29:55.964+0600][51.083s][info][gc,reloc    ] GC(58) Forwarding Usage: 40M
[2026-04-03T03:29:55.964+0600][51.083s][info][gc,heap     ] GC(58) Min Capacity: 8M(1%)
[2026-04-03T03:29:55.964+0600][51.083s][info][gc,heap     ] GC(58) Max Capacity: 1500M(100%)
[2026-04-03T03:29:55.964+0600][51.083s][info][gc,heap     ] GC(58) Soft Max Capacity: 1500M(100%)
[2026-04-03T03:29:55.964+0600][51.083s][info][gc,heap     ] GC(58)                Mark Start          Mark End        Relocate Start      Relocate End           High               Low         
[2026-04-03T03:29:55.964+0600][51.083s][info][gc,heap     ] GC(58)  Capacity:     1500M (100%)       1500M (100%)       1500M (100%)       1500M (100%)       1500M (100%)       1500M (100%)   
[2026-04-03T03:29:55.964+0600][51.083s][info][gc,heap     ] GC(58)      Free:      698M (47%)         298M (20%)         480M (32%)         720M (48%)         724M (48%)         270M (18%)    
[2026-04-03T03:29:55.964+0600][51.083s][info][gc,heap     ] GC(58)      Used:      802M (53%)        1202M (80%)        1020M (68%)         780M (52%)        1230M (82%)         776M (52%)    
[2026-04-03T03:29:55.964+0600][51.083s][info][gc,heap     ] GC(58)      Live:         -               243M (16%)         243M (16%)         243M (16%)            -                  -          
[2026-04-03T03:29:55.964+0600][51.083s][info][gc,heap     ] GC(58) Allocated:         -               400M (27%)         450M (30%)         503M (34%)            -                  -          
[2026-04-03T03:29:55.964+0600][51.083s][info][gc,heap     ] GC(58)   Garbage:         -               558M (37%)         326M (22%)          32M (2%)             -                  -          
[2026-04-03T03:29:55.964+0600][51.083s][info][gc,heap     ] GC(58) Reclaimed:         -                  -               232M (15%)         525M (35%)            -                  -          
[2026-04-03T03:29:55.964+0600][51.083s][info][gc          ] GC(58) Garbage Collection (Allocation Rate) 802M(53%)->780M(52%)
[2026-04-03T03:29:55.986+0600][51.104s][info][gc,start    ] GC(59) Garbage Collection (Allocation Rate)
[2026-04-03T03:29:55.986+0600][51.104s][info][gc,task     ] GC(59) Using 3 workers
[2026-04-03T03:29:55.986+0600][51.104s][info][gc,phases   ] GC(59) Pause Mark Start 0.013ms
[2026-04-03T03:29:56.278+0600][51.396s][info][gc,phases   ] GC(59) Concurrent Mark 291.563ms
[2026-04-03T03:29:56.278+0600][51.396s][info][gc,phases   ] GC(59) Pause Mark End 0.021ms
[2026-04-03T03:29:56.278+0600][51.396s][info][gc,phases   ] GC(59) Concurrent Mark Free 0.001ms
[2026-04-03T03:29:56.285+0600][51.403s][info][gc,phases   ] GC(59) Concurrent Process Non-Strong References 6.811ms
[2026-04-03T03:29:56.285+0600][51.403s][info][gc,phases   ] GC(59) Concurrent Reset Relocation Set 0.034ms
[2026-04-03T03:29:56.291+0600][51.410s][info][gc,phases   ] GC(59) Concurrent Select Relocation Set 6.356ms
[2026-04-03T03:29:56.291+0600][51.410s][info][gc,phases   ] GC(59) Pause Relocate Start 0.011ms
[2026-04-03T03:29:56.296+0600][51.414s][info][gc,phases   ] GC(59) Concurrent Relocate 4.295ms
[2026-04-03T03:29:56.296+0600][51.414s][info][gc,load     ] GC(59) Load: 4.17/4.46/4.97
[2026-04-03T03:29:56.296+0600][51.414s][info][gc,mmu      ] GC(59) MMU: 2ms/91.5%, 5ms/96.6%, 10ms/98.2%, 20ms/99.1%, 50ms/99.6%, 100ms/99.8%
[2026-04-03T03:29:56.296+0600][51.414s][info][gc,marking  ] GC(59) Mark: 2 stripe(s), 2 proactive flush(es), 1 terminate flush(es), 0 completion(s), 0 continuation(s) 
[2026-04-03T03:29:56.296+0600][51.414s][info][gc,marking  ] GC(59) Mark Stack Usage: 32M
[2026-04-03T03:29:56.296+0600][51.414s][info][gc,nmethod  ] GC(59) NMethods: 7052 registered, 425 unregistered
[2026-04-03T03:29:56.296+0600][51.414s][info][gc,metaspace] GC(59) Metaspace: 71M used, 72M committed, 1088M reserved
[2026-04-03T03:29:56.296+0600][51.414s][info][gc,ref      ] GC(59) Soft: 3257 encountered, 0 discovered, 0 enqueued
[2026-04-03T03:29:56.296+0600][51.415s][info][gc,ref      ] GC(59) Weak: 6255 encountered, 2381 discovered, 6 enqueued
[2026-04-03T03:29:56.296+0600][51.415s][info][gc,ref      ] GC(59) Final: 84 encountered, 67 discovered, 0 enqueued
[2026-04-03T03:29:56.296+0600][51.415s][info][gc,ref      ] GC(59) Phantom: 599 encountered, 386 discovered, 0 enqueued
[2026-04-03T03:29:56.296+0600][51.415s][info][gc,reloc    ] GC(59) Small Pages: 397 / 794M, Empty: 490M, Relocated: 5M, In-Place: 0
[2026-04-03T03:29:56.296+0600][51.415s][info][gc,reloc    ] GC(59) Medium Pages: 1 / 32M, Empty: 0M, Relocated: 0M, In-Place: 0
[2026-04-03T03:29:56.296+0600][51.415s][info][gc,reloc    ] GC(59) Large Pages: 4 / 24M, Empty: 12M, Relocated: 0M, In-Place: 0
[2026-04-03T03:29:56.296+0600][51.415s][info][gc,reloc    ] GC(59) Forwarding Usage: 3M
[2026-04-03T03:29:56.296+0600][51.415s][info][gc,heap     ] GC(59) Min Capacity: 8M(1%)
[2026-04-03T03:29:56.296+0600][51.415s][info][gc,heap     ] GC(59) Max Capacity: 1500M(100%)
[2026-04-03T03:29:56.296+0600][51.415s][info][gc,heap     ] GC(59) Soft Max Capacity: 1500M(100%)
[2026-04-03T03:29:56.296+0600][51.415s][info][gc,heap     ] GC(59)                Mark Start          Mark End        Relocate Start      Relocate End           High               Low         
[2026-04-03T03:29:56.296+0600][51.415s][info][gc,heap     ] GC(59)  Capacity:     1500M (100%)       1500M (100%)       1500M (100%)       1500M (100%)       1500M (100%)       1500M (100%)   
[2026-04-03T03:29:56.296+0600][51.415s][info][gc,heap     ] GC(59)      Free:      650M (43%)         548M (37%)        1050M (70%)        1070M (71%)        1070M (71%)         548M (37%)    
[2026-04-03T03:29:56.296+0600][51.415s][info][gc,heap     ] GC(59)      Used:      850M (57%)         952M (63%)         450M (30%)         430M (29%)         952M (63%)         430M (29%)    
[2026-04-03T03:29:56.296+0600][51.415s][info][gc,heap     ] GC(59)      Live:         -               295M (20%)         295M (20%)         295M (20%)            -                  -          
[2026-04-03T03:29:56.296+0600][51.415s][info][gc,heap     ] GC(59) Allocated:         -               102M (7%)          102M (7%)          102M (7%)             -                  -          
[2026-04-03T03:29:56.296+0600][51.415s][info][gc,heap     ] GC(59)   Garbage:         -               554M (37%)          52M (3%)           32M (2%)             -                  -          
[2026-04-03T03:29:56.296+0600][51.415s][info][gc,heap     ] GC(59) Reclaimed:         -                  -               502M (33%)         522M (35%)            -                  -          
[2026-04-03T03:29:56.296+0600][51.415s][info][gc          ] GC(59) Garbage Collection (Allocation Rate) 850M(57%)->430M(29%)
[2026-04-03T03:29:56.296+0600][51.415s][info][gc,start    ] GC(60) Garbage Collection (System.gc())
[2026-04-03T03:29:56.296+0600][51.415s][info][gc,task     ] GC(60) Using 3 workers
[2026-04-03T03:29:56.296+0600][51.415s][info][gc,phases   ] GC(60) Pause Mark Start 0.009ms
[2026-04-03T03:29:56.472+0600][51.591s][info][gc,phases   ] GC(60) Concurrent Mark 175.983ms
[2026-04-03T03:29:56.473+0600][51.591s][info][gc,phases   ] GC(60) Pause Mark End 0.021ms
[2026-04-03T03:29:56.473+0600][51.591s][info][gc,phases   ] GC(60) Concurrent Mark Free 0.002ms
[2026-04-03T03:29:56.480+0600][51.598s][info][gc,phases   ] GC(60) Concurrent Process Non-Strong References 6.851ms
[2026-04-03T03:29:56.480+0600][51.598s][info][gc,phases   ] GC(60) Concurrent Reset Relocation Set 0.004ms
[2026-04-03T03:29:56.483+0600][51.601s][info][gc,phases   ] GC(60) Concurrent Select Relocation Set 3.164ms
[2026-04-03T03:29:56.483+0600][51.602s][info][gc,phases   ] GC(60) Pause Relocate Start 0.010ms
[2026-04-03T03:29:56.484+0600][51.603s][info][gc,phases   ] GC(60) Concurrent Relocate 1.241ms
[2026-04-03T03:29:56.484+0600][51.603s][info][gc,load     ] GC(60) Load: 4.17/4.46/4.97
[2026-04-03T03:29:56.484+0600][51.603s][info][gc,mmu      ] GC(60) MMU: 2ms/91.5%, 5ms/96.6%, 10ms/98.2%, 20ms/99.1%, 50ms/99.6%, 100ms/99.8%
[2026-04-03T03:29:56.484+0600][51.603s][info][gc,marking  ] GC(60) Mark: 2 stripe(s), 2 proactive flush(es), 1 terminate flush(es), 0 completion(s), 0 continuation(s) 
[2026-04-03T03:29:56.484+0600][51.603s][info][gc,marking  ] GC(60) Mark Stack Usage: 32M
[2026-04-03T03:29:56.484+0600][51.603s][info][gc,nmethod  ] GC(60) NMethods: 7056 registered, 425 unregistered
[2026-04-03T03:29:56.484+0600][51.603s][info][gc,metaspace] GC(60) Metaspace: 71M used, 72M committed, 1088M reserved
[2026-04-03T03:29:56.484+0600][51.603s][info][gc,ref      ] GC(60) Soft: 3257 encountered, 0 discovered, 0 enqueued
[2026-04-03T03:29:56.484+0600][51.603s][info][gc,ref      ] GC(60) Weak: 6249 encountered, 3435 discovered, 2 enqueued
[2026-04-03T03:29:56.484+0600][51.603s][info][gc,ref      ] GC(60) Final: 84 encountered, 67 discovered, 0 enqueued
[2026-04-03T03:29:56.484+0600][51.603s][info][gc,ref      ] GC(60) Phantom: 599 encountered, 471 discovered, 0 enqueued
[2026-04-03T03:29:56.484+0600][51.603s][info][gc,reloc    ] GC(60) Small Pages: 193 / 386M, Empty: 200M, Relocated: 1M, In-Place: 0
[2026-04-03T03:29:56.484+0600][51.603s][info][gc,reloc    ] GC(60) Medium Pages: 1 / 32M, Empty: 0M, Relocated: 0M, In-Place: 0
[2026-04-03T03:29:56.484+0600][51.603s][info][gc,reloc    ] GC(60) Large Pages: 2 / 12M, Empty: 12M, Relocated: 0M, In-Place: 0
[2026-04-03T03:29:56.484+0600][51.603s][info][gc,reloc    ] GC(60) Forwarding Usage: 0M
[2026-04-03T03:29:56.485+0600][51.603s][info][gc,heap     ] GC(60) Min Capacity: 8M(1%)
[2026-04-03T03:29:56.485+0600][51.603s][info][gc,heap     ] GC(60) Max Capacity: 1500M(100%)
[2026-04-03T03:29:56.485+0600][51.603s][info][gc,heap     ] GC(60) Soft Max Capacity: 1500M(100%)
[2026-04-03T03:29:56.485+0600][51.603s][info][gc,heap     ] GC(60)                Mark Start          Mark End        Relocate Start      Relocate End           High               Low         
[2026-04-03T03:29:56.485+0600][51.603s][info][gc,heap     ] GC(60)  Capacity:     1500M (100%)       1500M (100%)       1500M (100%)       1500M (100%)       1500M (100%)       1500M (100%)   
[2026-04-03T03:29:56.485+0600][51.603s][info][gc,heap     ] GC(60)      Free:     1070M (71%)        1066M (71%)        1270M (85%)        1284M (86%)        1284M (86%)        1066M (71%)    
[2026-04-03T03:29:56.485+0600][51.603s][info][gc,heap     ] GC(60)      Used:      430M (29%)         434M (29%)         230M (15%)         216M (14%)         434M (29%)         216M (14%)    
[2026-04-03T03:29:56.485+0600][51.603s][info][gc,heap     ] GC(60)      Live:         -               169M (11%)         169M (11%)         169M (11%)            -                  -          
[2026-04-03T03:29:56.485+0600][51.603s][info][gc,heap     ] GC(60) Allocated:         -                 4M (0%)           12M (1%)           12M (1%)             -                  -          
[2026-04-03T03:29:56.485+0600][51.603s][info][gc,heap     ] GC(60)   Garbage:         -               260M (17%)          48M (3%)           34M (2%)             -                  -          
[2026-04-03T03:29:56.485+0600][51.603s][info][gc,heap     ] GC(60) Reclaimed:         -                  -               212M (14%)         226M (15%)            -                  -          
[2026-04-03T03:29:56.485+0600][51.603s][info][gc          ] GC(60) Garbage Collection (System.gc()) 430M(29%)->216M(14%)
[2026-04-03T03:29:56.685+0600][51.804s][info][gc,start    ] GC(61) Garbage Collection (Allocation Rate)
[2026-04-03T03:29:56.685+0600][51.804s][info][gc,task     ] GC(61) Using 3 workers
[2026-04-03T03:29:56.686+0600][51.804s][info][gc,phases   ] GC(61) Pause Mark Start 0.013ms
[2026-04-03T03:29:57.146+0600][52.265s][info][gc,phases   ] GC(61) Concurrent Mark 460.225ms
[2026-04-03T03:29:57.146+0600][52.265s][info][gc,phases   ] GC(61) Pause Mark End 0.061ms
[2026-04-03T03:29:57.147+0600][52.265s][info][gc,phases   ] GC(61) Concurrent Mark Free 0.007ms
[2026-04-03T03:29:57.158+0600][52.276s][info][gc,phases   ] GC(61) Concurrent Process Non-Strong References 10.822ms
[2026-04-03T03:29:57.158+0600][52.276s][info][gc,phases   ] GC(61) Concurrent Reset Relocation Set 0.004ms
[2026-04-03T03:29:57.180+0600][52.299s][info][gc,phases   ] GC(61) Concurrent Select Relocation Set 22.377ms
[2026-04-03T03:29:57.180+0600][52.299s][info][gc,phases   ] GC(61) Pause Relocate Start 0.017ms
[2026-04-03T03:29:57.260+0600][52.378s][info][gc,phases   ] GC(61) Concurrent Relocate 79.050ms
[2026-04-03T03:29:57.260+0600][52.378s][info][gc,load     ] GC(61) Load: 4.17/4.46/4.97
[2026-04-03T03:29:57.260+0600][52.378s][info][gc,mmu      ] GC(61) MMU: 2ms/91.5%, 5ms/96.6%, 10ms/98.2%, 20ms/99.1%, 50ms/99.6%, 100ms/99.8%
[2026-04-03T03:29:57.260+0600][52.378s][info][gc,marking  ] GC(61) Mark: 2 stripe(s), 2 proactive flush(es), 1 terminate flush(es), 0 completion(s), 0 continuation(s) 
[2026-04-03T03:29:57.260+0600][52.378s][info][gc,marking  ] GC(61) Mark Stack Usage: 32M
[2026-04-03T03:29:57.260+0600][52.378s][info][gc,nmethod  ] GC(61) NMethods: 7126 registered, 432 unregistered
[2026-04-03T03:29:57.260+0600][52.378s][info][gc,metaspace] GC(61) Metaspace: 71M used, 72M committed, 1088M reserved
[2026-04-03T03:29:57.260+0600][52.378s][info][gc,ref      ] GC(61) Soft: 3333 encountered, 0 discovered, 0 enqueued
[2026-04-03T03:29:57.260+0600][52.378s][info][gc,ref      ] GC(61) Weak: 6479 encountered, 1689 discovered, 42 enqueued
[2026-04-03T03:29:57.260+0600][52.378s][info][gc,ref      ] GC(61) Final: 84 encountered, 4 discovered, 0 enqueued
[2026-04-03T03:29:57.260+0600][52.378s][info][gc,ref      ] GC(61) Phantom: 599 encountered, 386 discovered, 0 enqueued
[2026-04-03T03:29:57.260+0600][52.379s][info][gc,reloc    ] GC(61) Small Pages: 218 / 436M, Empty: 0M, Relocated: 75M, In-Place: 0
[2026-04-03T03:29:57.260+0600][52.379s][info][gc,reloc    ] GC(61) Medium Pages: 2 / 64M, Empty: 32M, Relocated: 0M, In-Place: 0
[2026-04-03T03:29:57.260+0600][52.379s][info][gc,reloc    ] GC(61) Large Pages: 7 / 54M, Empty: 24M, Relocated: 0M, In-Place: 0
[2026-04-03T03:29:57.260+0600][52.379s][info][gc,reloc    ] GC(61) Forwarding Usage: 37M
[2026-04-03T03:29:57.260+0600][52.379s][info][gc,heap     ] GC(61) Min Capacity: 8M(1%)
[2026-04-03T03:29:57.260+0600][52.379s][info][gc,heap     ] GC(61) Max Capacity: 1500M(100%)
[2026-04-03T03:29:57.260+0600][52.379s][info][gc,heap     ] GC(61) Soft Max Capacity: 1500M(100%)
[2026-04-03T03:29:57.260+0600][52.379s][info][gc,heap     ] GC(61)                Mark Start          Mark End        Relocate Start      Relocate End           High               Low         
[2026-04-03T03:29:57.260+0600][52.379s][info][gc,heap     ] GC(61)  Capacity:     1500M (100%)       1500M (100%)       1500M (100%)       1500M (100%)       1500M (100%)       1500M (100%)   
[2026-04-03T03:29:57.260+0600][52.379s][info][gc,heap     ] GC(61)      Free:      946M (63%)         504M (34%)         526M (35%)         652M (43%)         946M (63%)         488M (33%)    
[2026-04-03T03:29:57.260+0600][52.379s][info][gc,heap     ] GC(61)      Used:      554M (37%)         996M (66%)         974M (65%)         848M (57%)        1012M (67%)         554M (37%)    
[2026-04-03T03:29:57.260+0600][52.379s][info][gc,heap     ] GC(61)      Live:         -               275M (18%)         275M (18%)         275M (18%)            -                  -          
[2026-04-03T03:29:57.260+0600][52.379s][info][gc,heap     ] GC(61) Allocated:         -               442M (29%)         476M (32%)         538M (36%)            -                  -          
[2026-04-03T03:29:57.260+0600][52.379s][info][gc,heap     ] GC(61)   Garbage:         -               278M (19%)         222M (15%)          34M (2%)             -                  -          
[2026-04-03T03:29:57.260+0600][52.379s][info][gc,heap     ] GC(61) Reclaimed:         -                  -                56M (4%)          244M (16%)            -                  -          
[2026-04-03T03:29:57.260+0600][52.379s][info][gc          ] GC(61) Garbage Collection (Allocation Rate) 554M(37%)->848M(57%)
[2026-04-03T03:29:57.285+0600][52.403s][info][gc,start    ] GC(62) Garbage Collection (Allocation Rate)
[2026-04-03T03:29:57.285+0600][52.403s][info][gc,task     ] GC(62) Using 3 workers
[2026-04-03T03:29:57.285+0600][52.404s][info][gc,phases   ] GC(62) Pause Mark Start 0.018ms
[2026-04-03T03:29:57.983+0600][53.102s][info][gc,phases   ] GC(62) Concurrent Mark 697.841ms
[2026-04-03T03:29:57.983+0600][53.102s][info][gc,phases   ] GC(62) Pause Mark End 0.031ms
[2026-04-03T03:29:57.983+0600][53.102s][info][gc,phases   ] GC(62) Concurrent Mark Free 0.002ms
[2026-04-03T03:29:57.994+0600][53.112s][info][gc,phases   ] GC(62) Concurrent Process Non-Strong References 10.144ms
[2026-04-03T03:29:57.994+0600][53.112s][info][gc,phases   ] GC(62) Concurrent Reset Relocation Set 0.037ms
[2026-04-03T03:29:58.008+0600][53.127s][info][gc,phases   ] GC(62) Concurrent Select Relocation Set 14.047ms
[2026-04-03T03:29:58.008+0600][53.127s][info][gc,phases   ] GC(62) Pause Relocate Start 0.014ms
[2026-04-03T03:29:58.098+0600][53.217s][info][gc,phases   ] GC(62) Concurrent Relocate 89.827ms
[2026-04-03T03:29:58.098+0600][53.217s][info][gc,load     ] GC(62) Load: 4.17/4.46/4.97
[2026-04-03T03:29:58.098+0600][53.217s][info][gc,mmu      ] GC(62) MMU: 2ms/91.5%, 5ms/96.6%, 10ms/98.2%, 20ms/99.1%, 50ms/99.6%, 100ms/99.8%
[2026-04-03T03:29:58.098+0600][53.217s][info][gc,marking  ] GC(62) Mark: 2 stripe(s), 2 proactive flush(es), 1 terminate flush(es), 0 completion(s), 0 continuation(s) 
[2026-04-03T03:29:58.098+0600][53.217s][info][gc,marking  ] GC(62) Mark Stack Usage: 32M
[2026-04-03T03:29:58.098+0600][53.217s][info][gc,nmethod  ] GC(62) NMethods: 7127 registered, 434 unregistered
[2026-04-03T03:29:58.098+0600][53.217s][info][gc,metaspace] GC(62) Metaspace: 71M used, 72M committed, 1088M reserved
[2026-04-03T03:29:58.098+0600][53.217s][info][gc,ref      ] GC(62) Soft: 3333 encountered, 0 discovered, 0 enqueued
[2026-04-03T03:29:58.098+0600][53.217s][info][gc,ref      ] GC(62) Weak: 6437 encountered, 3414 discovered, 0 enqueued
[2026-04-03T03:29:58.098+0600][53.217s][info][gc,ref      ] GC(62) Final: 84 encountered, 60 discovered, 0 enqueued
[2026-04-03T03:29:58.098+0600][53.217s][info][gc,ref      ] GC(62) Phantom: 599 encountered, 468 discovered, 0 enqueued
[2026-04-03T03:29:58.098+0600][53.217s][info][gc,reloc    ] GC(62) Small Pages: 380 / 760M, Empty: 0M, Relocated: 59M, In-Place: 0
[2026-04-03T03:29:58.098+0600][53.217s][info][gc,reloc    ] GC(62) Medium Pages: 2 / 64M, Empty: 32M, Relocated: 0M, In-Place: 0
[2026-04-03T03:29:58.098+0600][53.217s][info][gc,reloc    ] GC(62) Large Pages: 6 / 48M, Empty: 0M, Relocated: 0M, In-Place: 0
[2026-04-03T03:29:58.098+0600][53.217s][info][gc,reloc    ] GC(62) Forwarding Usage: 52M
[2026-04-03T03:29:58.098+0600][53.217s][info][gc,heap     ] GC(62) Min Capacity: 8M(1%)
[2026-04-03T03:29:58.098+0600][53.217s][info][gc,heap     ] GC(62) Max Capacity: 1500M(100%)
[2026-04-03T03:29:58.098+0600][53.217s][info][gc,heap     ] GC(62) Soft Max Capacity: 1500M(100%)
[2026-04-03T03:29:58.098+0600][53.217s][info][gc,heap     ] GC(62)                Mark Start          Mark End        Relocate Start      Relocate End           High               Low         
[2026-04-03T03:29:58.098+0600][53.217s][info][gc,heap     ] GC(62)  Capacity:     1500M (100%)       1500M (100%)       1500M (100%)       1500M (100%)       1500M (100%)       1500M (100%)   
[2026-04-03T03:29:58.099+0600][53.217s][info][gc,heap     ] GC(62)      Free:      628M (42%)         172M (11%)         192M (13%)         612M (41%)         628M (42%)         164M (11%)    
[2026-04-03T03:29:58.099+0600][53.217s][info][gc,heap     ] GC(62)      Used:      872M (58%)        1328M (89%)        1308M (87%)         888M (59%)        1336M (89%)         872M (58%)    
[2026-04-03T03:29:58.099+0600][53.217s][info][gc,heap     ] GC(62)      Live:         -               349M (23%)         349M (23%)         349M (23%)            -                  -          
[2026-04-03T03:29:58.099+0600][53.217s][info][gc,heap     ] GC(62) Allocated:         -               456M (30%)         468M (31%)         506M (34%)            -                  -          
[2026-04-03T03:29:58.099+0600][53.217s][info][gc,heap     ] GC(62)   Garbage:         -               522M (35%)         490M (33%)          32M (2%)             -                  -          
[2026-04-03T03:29:58.099+0600][53.217s][info][gc,heap     ] GC(62) Reclaimed:         -                  -                32M (2%)          490M (33%)            -                  -          
[2026-04-03T03:29:58.099+0600][53.217s][info][gc          ] GC(62) Garbage Collection (Allocation Rate) 872M(58%)->888M(59%)
[2026-04-03T03:29:58.185+0600][53.303s][info][gc,start    ] GC(63) Garbage Collection (Allocation Rate)
[2026-04-03T03:29:58.185+0600][53.303s][info][gc,task     ] GC(63) Using 3 workers
[2026-04-03T03:29:58.185+0600][53.304s][info][gc,phases   ] GC(63) Pause Mark Start 0.011ms
[2026-04-03T03:29:59.034+0600][54.152s][info][gc,phases   ] GC(63) Concurrent Mark 848.821ms
[2026-04-03T03:29:59.034+0600][54.153s][info][gc,phases   ] GC(63) Pause Mark End 0.024ms
[2026-04-03T03:29:59.034+0600][54.153s][info][gc,phases   ] GC(63) Concurrent Mark Free 0.002ms
[2026-04-03T03:29:59.041+0600][54.160s][info][gc,phases   ] GC(63) Concurrent Process Non-Strong References 7.221ms
[2026-04-03T03:29:59.042+0600][54.160s][info][gc,phases   ] GC(63) Concurrent Reset Relocation Set 0.019ms
[2026-04-03T03:29:59.044+0600][54.162s][info][gc          ] Allocation Stall (Executor task launch worker for task 1.0 in stage 27.0 (TID 40)) 95.164ms
[2026-04-03T03:29:59.044+0600][54.162s][info][gc          ] Allocation Stall (Executor task launch worker for task 0.0 in stage 27.0 (TID 39)) 96.821ms
[2026-04-03T03:29:59.044+0600][54.162s][info][gc          ] Allocation Stall (Executor task launch worker for task 2.0 in stage 27.0 (TID 41)) 95.754ms
[2026-04-03T03:29:59.048+0600][54.166s][info][gc,phases   ] GC(63) Concurrent Select Relocation Set 6.263ms
[2026-04-03T03:29:59.048+0600][54.167s][info][gc,phases   ] GC(63) Pause Relocate Start 0.017ms
[2026-04-03T03:29:59.110+0600][54.229s][info][gc,phases   ] GC(63) Concurrent Relocate 62.001ms
[2026-04-03T03:29:59.110+0600][54.229s][info][gc,load     ] GC(63) Load: 4.17/4.46/4.97
[2026-04-03T03:29:59.110+0600][54.229s][info][gc,mmu      ] GC(63) MMU: 2ms/91.5%, 5ms/96.6%, 10ms/98.2%, 20ms/99.1%, 50ms/99.6%, 100ms/99.8%
[2026-04-03T03:29:59.110+0600][54.229s][info][gc,marking  ] GC(63) Mark: 2 stripe(s), 2 proactive flush(es), 1 terminate flush(es), 0 completion(s), 0 continuation(s) 
[2026-04-03T03:29:59.110+0600][54.229s][info][gc,marking  ] GC(63) Mark Stack Usage: 32M
[2026-04-03T03:29:59.110+0600][54.229s][info][gc,nmethod  ] GC(63) NMethods: 7129 registered, 434 unregistered
[2026-04-03T03:29:59.111+0600][54.229s][info][gc,metaspace] GC(63) Metaspace: 71M used, 72M committed, 1088M reserved
[2026-04-03T03:29:59.111+0600][54.229s][info][gc,ref      ] GC(63) Soft: 3333 encountered, 0 discovered, 0 enqueued
[2026-04-03T03:29:59.111+0600][54.229s][info][gc,ref      ] GC(63) Weak: 6437 encountered, 3351 discovered, 0 enqueued
[2026-04-03T03:29:59.111+0600][54.229s][info][gc,ref      ] GC(63) Final: 84 encountered, 67 discovered, 0 enqueued
[2026-04-03T03:29:59.111+0600][54.229s][info][gc,ref      ] GC(63) Phantom: 600 encountered, 385 discovered, 0 enqueued
[2026-04-03T03:29:59.111+0600][54.229s][info][gc,reloc    ] GC(63) Small Pages: 421 / 842M, Empty: 12M, Relocated: 33M, In-Place: 0
[2026-04-03T03:29:59.111+0600][54.229s][info][gc,reloc    ] GC(63) Medium Pages: 1 / 32M, Empty: 0M, Relocated: 0M, In-Place: 0
[2026-04-03T03:29:59.111+0600][54.229s][info][gc,reloc    ] GC(63) Large Pages: 9 / 78M, Empty: 18M, Relocated: 0M, In-Place: 0
[2026-04-03T03:29:59.111+0600][54.229s][info][gc,reloc    ] GC(63) Forwarding Usage: 32M
[2026-04-03T03:29:59.111+0600][54.229s][info][gc,heap     ] GC(63) Min Capacity: 8M(1%)
[2026-04-03T03:29:59.111+0600][54.229s][info][gc,heap     ] GC(63) Max Capacity: 1500M(100%)
[2026-04-03T03:29:59.111+0600][54.229s][info][gc,heap     ] GC(63) Soft Max Capacity: 1500M(100%)
[2026-04-03T03:29:59.111+0600][54.229s][info][gc,heap     ] GC(63)                Mark Start          Mark End        Relocate Start      Relocate End           High               Low         
[2026-04-03T03:29:59.111+0600][54.229s][info][gc,heap     ] GC(63)  Capacity:     1500M (100%)       1500M (100%)       1500M (100%)       1500M (100%)       1500M (100%)       1500M (100%)   
[2026-04-03T03:29:59.111+0600][54.229s][info][gc,heap     ] GC(63)      Free:      548M (37%)           0M (0%)           24M (2%)          472M (31%)         548M (37%)           0M (0%)     
[2026-04-03T03:29:59.111+0600][54.229s][info][gc,heap     ] GC(63)      Used:      952M (63%)        1500M (100%)       1476M (98%)        1028M (69%)        1500M (100%)        952M (63%)    
[2026-04-03T03:29:59.111+0600][54.229s][info][gc,heap     ] GC(63)      Live:         -               385M (26%)         385M (26%)         385M (26%)            -                  -          
[2026-04-03T03:29:59.111+0600][54.229s][info][gc,heap     ] GC(63) Allocated:         -               548M (37%)         554M (37%)         603M (40%)            -                  -          
[2026-04-03T03:29:59.111+0600][54.229s][info][gc,heap     ] GC(63)   Garbage:         -               566M (38%)         536M (36%)          38M (3%)             -                  -          
[2026-04-03T03:29:59.111+0600][54.229s][info][gc,heap     ] GC(63) Reclaimed:         -                  -                30M (2%)          527M (35%)            -                  -          
[2026-04-03T03:29:59.111+0600][54.229s][info][gc          ] GC(63) Garbage Collection (Allocation Rate) 952M(63%)->1028M(69%)
[2026-04-03T03:29:59.185+0600][54.304s][info][gc,start    ] GC(64) Garbage Collection (Allocation Stall)
[2026-04-03T03:29:59.185+0600][54.304s][info][gc,ref      ] GC(64) Clearing All SoftReferences
[2026-04-03T03:29:59.185+0600][54.304s][info][gc,task     ] GC(64) Using 3 workers
[2026-04-03T03:29:59.185+0600][54.304s][info][gc,ref      ] GC(64) Clearing All SoftReferences
[2026-04-03T03:29:59.185+0600][54.304s][info][gc,phases   ] GC(64) Pause Mark Start 0.107ms
[2026-04-03T03:30:00.037+0600][55.156s][info][gc,phases   ] GC(64) Concurrent Mark 851.764ms
[2026-04-03T03:30:00.038+0600][55.156s][info][gc,phases   ] GC(64) Pause Mark End 0.041ms
[2026-04-03T03:30:00.038+0600][55.156s][info][gc,phases   ] GC(64) Concurrent Mark Free 0.002ms
[2026-04-03T03:30:00.070+0600][55.189s][info][gc,phases   ] GC(64) Concurrent Process Non-Strong References 32.557ms
[2026-04-03T03:30:00.071+0600][55.189s][info][gc,phases   ] GC(64) Concurrent Reset Relocation Set 0.067ms
[2026-04-03T03:30:00.084+0600][55.203s][info][gc,phases   ] GC(64) Concurrent Select Relocation Set 13.322ms
[2026-04-03T03:30:00.084+0600][55.203s][info][gc,phases   ] GC(64) Pause Relocate Start 0.022ms
[2026-04-03T03:30:00.178+0600][55.296s][info][gc,phases   ] GC(64) Concurrent Relocate 93.117ms
[2026-04-03T03:30:00.178+0600][55.296s][info][gc,load     ] GC(64) Load: 4.17/4.46/4.97
[2026-04-03T03:30:00.178+0600][55.297s][info][gc,mmu      ] GC(64) MMU: 2ms/91.5%, 5ms/96.6%, 10ms/98.2%, 20ms/99.1%, 50ms/99.6%, 100ms/99.8%
[2026-04-03T03:30:00.178+0600][55.297s][info][gc,marking  ] GC(64) Mark: 2 stripe(s), 2 proactive flush(es), 1 terminate flush(es), 0 completion(s), 0 continuation(s) 
[2026-04-03T03:30:00.178+0600][55.297s][info][gc,marking  ] GC(64) Mark Stack Usage: 32M
[2026-04-03T03:30:00.178+0600][55.297s][info][gc,nmethod  ] GC(64) NMethods: 7133 registered, 440 unregistered
[2026-04-03T03:30:00.178+0600][55.297s][info][gc,metaspace] GC(64) Metaspace: 70M used, 72M committed, 1088M reserved
[2026-04-03T03:30:00.178+0600][55.297s][info][gc,ref      ] GC(64) Soft: 3226 encountered, 801 discovered, 307 enqueued
[2026-04-03T03:30:00.178+0600][55.297s][info][gc,ref      ] GC(64) Weak: 6337 encountered, 2369 discovered, 41 enqueued
[2026-04-03T03:30:00.178+0600][55.297s][info][gc,ref      ] GC(64) Final: 84 encountered, 4 discovered, 0 enqueued
[2026-04-03T03:30:00.178+0600][55.297s][info][gc,ref      ] GC(64) Phantom: 600 encountered, 423 discovered, 0 enqueued
[2026-04-03T03:30:00.178+0600][55.297s][info][gc,reloc    ] GC(64) Small Pages: 479 / 958M, Empty: 28M, Relocated: 52M, In-Place: 0
[2026-04-03T03:30:00.178+0600][55.297s][info][gc,reloc    ] GC(64) Medium Pages: 1 / 32M, Empty: 0M, Relocated: 0M, In-Place: 0
[2026-04-03T03:30:00.178+0600][55.297s][info][gc,reloc    ] GC(64) Large Pages: 8 / 96M, Empty: 40M, Relocated: 0M, In-Place: 0
[2026-04-03T03:30:00.178+0600][55.297s][info][gc,reloc    ] GC(64) Forwarding Usage: 40M
[2026-04-03T03:30:00.178+0600][55.297s][info][gc,heap     ] GC(64) Min Capacity: 8M(1%)
[2026-04-03T03:30:00.178+0600][55.297s][info][gc,heap     ] GC(64) Max Capacity: 1500M(100%)
[2026-04-03T03:30:00.178+0600][55.297s][info][gc,heap     ] GC(64) Soft Max Capacity: 1500M(100%)
[2026-04-03T03:30:00.178+0600][55.297s][info][gc,heap     ] GC(64)                Mark Start          Mark End        Relocate Start      Relocate End           High               Low         
[2026-04-03T03:30:00.178+0600][55.297s][info][gc,heap     ] GC(64)  Capacity:     1500M (100%)       1500M (100%)       1500M (100%)       1500M (100%)       1500M (100%)       1500M (100%)   
[2026-04-03T03:30:00.178+0600][55.297s][info][gc,heap     ] GC(64)      Free:      414M (28%)          86M (6%)          136M (9%)          730M (49%)         730M (49%)          70M (5%)     
[2026-04-03T03:30:00.178+0600][55.297s][info][gc,heap     ] GC(64)      Used:     1086M (72%)        1414M (94%)        1364M (91%)         770M (51%)        1430M (95%)         770M (51%)    
[2026-04-03T03:30:00.178+0600][55.297s][info][gc,heap     ] GC(64)      Live:         -               333M (22%)         333M (22%)         333M (22%)            -                  -          
[2026-04-03T03:30:00.178+0600][55.297s][info][gc,heap     ] GC(64) Allocated:         -               328M (22%)         346M (23%)         388M (26%)            -                  -          
[2026-04-03T03:30:00.178+0600][55.297s][info][gc,heap     ] GC(64)   Garbage:         -               752M (50%)         684M (46%)          48M (3%)             -                  -          
[2026-04-03T03:30:00.178+0600][55.297s][info][gc,heap     ] GC(64) Reclaimed:         -                  -                68M (5%)          704M (47%)            -                  -          
[2026-04-03T03:30:00.178+0600][55.297s][info][gc          ] GC(64) Garbage Collection (Allocation Stall) 1086M(72%)->770M(51%)
[2026-04-03T03:30:00.185+0600][55.304s][info][gc,start    ] GC(65) Garbage Collection (Allocation Rate)
[2026-04-03T03:30:00.185+0600][55.304s][info][gc,task     ] GC(65) Using 3 workers
[2026-04-03T03:30:00.186+0600][55.304s][info][gc,phases   ] GC(65) Pause Mark Start 0.015ms
[2026-04-03T03:30:00.800+0600][55.919s][info][gc,phases   ] GC(65) Concurrent Mark 614.200ms
[2026-04-03T03:30:00.800+0600][55.919s][info][gc,phases   ] GC(65) Pause Mark End 0.043ms
[2026-04-03T03:30:00.800+0600][55.919s][info][gc,phases   ] GC(65) Concurrent Mark Free 0.002ms
[2026-04-03T03:30:00.808+0600][55.927s][info][gc,phases   ] GC(65) Concurrent Process Non-Strong References 7.496ms
[2026-04-03T03:30:00.808+0600][55.927s][info][gc,phases   ] GC(65) Concurrent Reset Relocation Set 0.026ms
[2026-04-03T03:30:00.814+0600][55.933s][info][gc,phases   ] GC(65) Concurrent Select Relocation Set 6.106ms
[2026-04-03T03:30:00.815+0600][55.933s][info][gc,phases   ] GC(65) Pause Relocate Start 0.013ms
[2026-04-03T03:30:00.843+0600][55.962s][info][gc,phases   ] GC(65) Concurrent Relocate 28.742ms
[2026-04-03T03:30:00.843+0600][55.962s][info][gc,load     ] GC(65) Load: 4.15/4.46/4.96
[2026-04-03T03:30:00.843+0600][55.962s][info][gc,mmu      ] GC(65) MMU: 2ms/91.5%, 5ms/96.6%, 10ms/98.2%, 20ms/99.1%, 50ms/99.6%, 100ms/99.8%
[2026-04-03T03:30:00.843+0600][55.962s][info][gc,marking  ] GC(65) Mark: 2 stripe(s), 10 proactive flush(es), 1 terminate flush(es), 0 completion(s), 0 continuation(s) 
[2026-04-03T03:30:00.844+0600][55.962s][info][gc,marking  ] GC(65) Mark Stack Usage: 32M
[2026-04-03T03:30:00.844+0600][55.962s][info][gc,nmethod  ] GC(65) NMethods: 7138 registered, 445 unregistered
[2026-04-03T03:30:00.844+0600][55.962s][info][gc,metaspace] GC(65) Metaspace: 70M used, 72M committed, 1088M reserved
[2026-04-03T03:30:00.844+0600][55.962s][info][gc,ref      ] GC(65) Soft: 2919 encountered, 0 discovered, 0 enqueued
[2026-04-03T03:30:00.844+0600][55.962s][info][gc,ref      ] GC(65) Weak: 6080 encountered, 3329 discovered, 65 enqueued
[2026-04-03T03:30:00.844+0600][55.962s][info][gc,ref      ] GC(65) Final: 84 encountered, 0 discovered, 0 enqueued
[2026-04-03T03:30:00.844+0600][55.962s][info][gc,ref      ] GC(65) Phantom: 602 encountered, 444 discovered, 0 enqueued
[2026-04-03T03:30:00.844+0600][55.962s][info][gc,reloc    ] GC(65) Small Pages: 316 / 632M, Empty: 28M, Relocated: 19M, In-Place: 0
[2026-04-03T03:30:00.844+0600][55.962s][info][gc,reloc    ] GC(65) Medium Pages: 2 / 64M, Empty: 32M, Relocated: 0M, In-Place: 0
[2026-04-03T03:30:00.844+0600][55.962s][info][gc,reloc    ] GC(65) Large Pages: 5 / 74M, Empty: 10M, Relocated: 0M, In-Place: 0
[2026-04-03T03:30:00.844+0600][55.962s][info][gc,reloc    ] GC(65) Forwarding Usage: 17M
[2026-04-03T03:30:00.844+0600][55.962s][info][gc,heap     ] GC(65) Min Capacity: 8M(1%)
[2026-04-03T03:30:00.844+0600][55.962s][info][gc,heap     ] GC(65) Max Capacity: 1500M(100%)
[2026-04-03T03:30:00.844+0600][55.962s][info][gc,heap     ] GC(65) Soft Max Capacity: 1500M(100%)
[2026-04-03T03:30:00.844+0600][55.962s][info][gc,heap     ] GC(65)                Mark Start          Mark End        Relocate Start      Relocate End           High               Low         
[2026-04-03T03:30:00.844+0600][55.962s][info][gc,heap     ] GC(65)  Capacity:     1500M (100%)       1500M (100%)       1500M (100%)       1500M (100%)       1500M (100%)       1500M (100%)   
[2026-04-03T03:30:00.844+0600][55.962s][info][gc,heap     ] GC(65)      Free:      730M (49%)         500M (33%)         564M (38%)         888M (59%)         888M (59%)         496M (33%)    
[2026-04-03T03:30:00.844+0600][55.962s][info][gc,heap     ] GC(65)      Used:      770M (51%)        1000M (67%)         936M (62%)         612M (41%)        1004M (67%)         612M (41%)    
[2026-04-03T03:30:00.844+0600][55.962s][info][gc,heap     ] GC(65)      Live:         -               315M (21%)         315M (21%)         315M (21%)            -                  -          
[2026-04-03T03:30:00.844+0600][55.962s][info][gc,heap     ] GC(65) Allocated:         -               230M (15%)         236M (16%)         247M (17%)            -                  -          
[2026-04-03T03:30:00.844+0600][55.962s][info][gc,heap     ] GC(65)   Garbage:         -               454M (30%)         384M (26%)          48M (3%)             -                  -          
[2026-04-03T03:30:00.844+0600][55.962s][info][gc,heap     ] GC(65) Reclaimed:         -                  -                70M (5%)          405M (27%)            -                  -          
[2026-04-03T03:30:00.844+0600][55.962s][info][gc          ] GC(65) Garbage Collection (Allocation Rate) 770M(51%)->612M(41%)
[2026-04-03T03:30:01.485+0600][56.603s][info][gc,start    ] GC(66) Garbage Collection (Allocation Rate)
[2026-04-03T03:30:01.485+0600][56.604s][info][gc,task     ] GC(66) Using 3 workers
[2026-04-03T03:30:01.485+0600][56.604s][info][gc,phases   ] GC(66) Pause Mark Start 0.013ms
[2026-04-03T03:30:01.871+0600][56.990s][info][gc,phases   ] GC(66) Concurrent Mark 385.919ms
[2026-04-03T03:30:01.872+0600][56.990s][info][gc,phases   ] GC(66) Pause Mark End 0.028ms
[2026-04-03T03:30:01.872+0600][56.990s][info][gc,phases   ] GC(66) Concurrent Mark Free 0.003ms
[2026-04-03T03:30:01.895+0600][57.014s][info][gc,phases   ] GC(66) Concurrent Process Non-Strong References 23.150ms
[2026-04-03T03:30:01.895+0600][57.014s][info][gc,phases   ] GC(66) Concurrent Reset Relocation Set 0.018ms
[2026-04-03T03:30:01.901+0600][57.019s][info][gc,phases   ] GC(66) Concurrent Select Relocation Set 5.785ms
[2026-04-03T03:30:01.901+0600][57.020s][info][gc,phases   ] GC(66) Pause Relocate Start 0.017ms
[2026-04-03T03:30:01.933+0600][57.052s][info][gc,phases   ] GC(66) Concurrent Relocate 31.354ms
[2026-04-03T03:30:01.933+0600][57.052s][info][gc,load     ] GC(66) Load: 4.15/4.46/4.96
[2026-04-03T03:30:01.933+0600][57.052s][info][gc,mmu      ] GC(66) MMU: 2ms/91.5%, 5ms/96.6%, 10ms/98.2%, 20ms/99.1%, 50ms/99.6%, 100ms/99.8%
[2026-04-03T03:30:01.933+0600][57.052s][info][gc,marking  ] GC(66) Mark: 2 stripe(s), 2 proactive flush(es), 1 terminate flush(es), 0 completion(s), 0 continuation(s) 
[2026-04-03T03:30:01.933+0600][57.052s][info][gc,marking  ] GC(66) Mark Stack Usage: 32M
[2026-04-03T03:30:01.933+0600][57.052s][info][gc,nmethod  ] GC(66) NMethods: 7225 registered, 452 unregistered
[2026-04-03T03:30:01.933+0600][57.052s][info][gc,metaspace] GC(66) Metaspace: 71M used, 72M committed, 1088M reserved
[2026-04-03T03:30:01.933+0600][57.052s][info][gc,ref      ] GC(66) Soft: 3248 encountered, 0 discovered, 0 enqueued
[2026-04-03T03:30:01.933+0600][57.052s][info][gc,ref      ] GC(66) Weak: 6673 encountered, 2877 discovered, 172 enqueued
[2026-04-03T03:30:01.933+0600][57.052s][info][gc,ref      ] GC(66) Final: 84 encountered, 48 discovered, 0 enqueued
[2026-04-03T03:30:01.933+0600][57.052s][info][gc,ref      ] GC(66) Phantom: 602 encountered, 456 discovered, 0 enqueued
[2026-04-03T03:30:01.933+0600][57.052s][info][gc,reloc    ] GC(66) Small Pages: 303 / 606M, Empty: 290M, Relocated: 18M, In-Place: 0
[2026-04-03T03:30:01.933+0600][57.052s][info][gc,reloc    ] GC(66) Medium Pages: 2 / 64M, Empty: 32M, Relocated: 0M, In-Place: 0
[2026-04-03T03:30:01.933+0600][57.052s][info][gc,reloc    ] GC(66) Large Pages: 8 / 88M, Empty: 70M, Relocated: 0M, In-Place: 0
[2026-04-03T03:30:01.933+0600][57.052s][info][gc,reloc    ] GC(66) Forwarding Usage: 18M
[2026-04-03T03:30:01.933+0600][57.052s][info][gc,heap     ] GC(66) Min Capacity: 8M(1%)
[2026-04-03T03:30:01.933+0600][57.052s][info][gc,heap     ] GC(66) Max Capacity: 1500M(100%)
[2026-04-03T03:30:01.933+0600][57.052s][info][gc,heap     ] GC(66) Soft Max Capacity: 1500M(100%)
[2026-04-03T03:30:01.933+0600][57.052s][info][gc,heap     ] GC(66)                Mark Start          Mark End        Relocate Start      Relocate End           High               Low         
[2026-04-03T03:30:01.933+0600][57.052s][info][gc,heap     ] GC(66)  Capacity:     1500M (100%)       1500M (100%)       1500M (100%)       1500M (100%)       1500M (100%)       1500M (100%)   
[2026-04-03T03:30:01.933+0600][57.052s][info][gc,heap     ] GC(66)      Free:      742M (49%)         404M (27%)         720M (48%)         842M (56%)         844M (56%)         358M (24%)    
[2026-04-03T03:30:01.933+0600][57.052s][info][gc,heap     ] GC(66)      Used:      758M (51%)        1096M (73%)         780M (52%)         658M (44%)        1142M (76%)         656M (44%)    
[2026-04-03T03:30:01.933+0600][57.052s][info][gc,heap     ] GC(66)      Live:         -               202M (14%)         202M (14%)         202M (14%)            -                  -          
[2026-04-03T03:30:01.933+0600][57.052s][info][gc,heap     ] GC(66) Allocated:         -               338M (23%)         414M (28%)         421M (28%)            -                  -          
[2026-04-03T03:30:01.933+0600][57.052s][info][gc,heap     ] GC(66)   Garbage:         -               555M (37%)         163M (11%)          33M (2%)             -                  -          
[2026-04-03T03:30:01.933+0600][57.052s][info][gc,heap     ] GC(66) Reclaimed:         -                  -               392M (26%)         521M (35%)            -                  -          
[2026-04-03T03:30:01.933+0600][57.052s][info][gc          ] GC(66) Garbage Collection (Allocation Rate) 758M(51%)->658M(44%)
[2026-04-03T03:30:01.985+0600][57.104s][info][gc,start    ] GC(67) Garbage Collection (Allocation Rate)
[2026-04-03T03:30:01.986+0600][57.104s][info][gc,task     ] GC(67) Using 3 workers
[2026-04-03T03:30:01.986+0600][57.105s][info][gc,phases   ] GC(67) Pause Mark Start 0.025ms
[2026-04-03T03:30:02.630+0600][57.748s][info][gc,phases   ] GC(67) Concurrent Mark 643.654ms
[2026-04-03T03:30:02.630+0600][57.749s][info][gc,phases   ] GC(67) Pause Mark End 0.037ms
[2026-04-03T03:30:02.630+0600][57.749s][info][gc,phases   ] GC(67) Concurrent Mark Free 0.004ms
[2026-04-03T03:30:02.642+0600][57.761s][info][gc,phases   ] GC(67) Concurrent Process Non-Strong References 12.225ms
[2026-04-03T03:30:02.643+0600][57.761s][info][gc,phases   ] GC(67) Concurrent Reset Relocation Set 0.015ms
[2026-04-03T03:30:02.675+0600][57.794s][info][gc,phases   ] GC(67) Concurrent Select Relocation Set 32.778ms
[2026-04-03T03:30:02.676+0600][57.795s][info][gc,phases   ] GC(67) Pause Relocate Start 0.049ms
[2026-04-03T03:30:02.813+0600][57.932s][info][gc,phases   ] GC(67) Concurrent Relocate 136.569ms
[2026-04-03T03:30:02.813+0600][57.932s][info][gc,load     ] GC(67) Load: 4.15/4.46/4.96
[2026-04-03T03:30:02.813+0600][57.932s][info][gc,mmu      ] GC(67) MMU: 2ms/91.5%, 5ms/96.6%, 10ms/98.2%, 20ms/99.1%, 50ms/99.6%, 100ms/99.8%
[2026-04-03T03:30:02.813+0600][57.932s][info][gc,marking  ] GC(67) Mark: 2 stripe(s), 3 proactive flush(es), 1 terminate flush(es), 0 completion(s), 0 continuation(s) 
[2026-04-03T03:30:02.813+0600][57.932s][info][gc,marking  ] GC(67) Mark Stack Usage: 32M
[2026-04-03T03:30:02.813+0600][57.932s][info][gc,nmethod  ] GC(67) NMethods: 7228 registered, 452 unregistered
[2026-04-03T03:30:02.813+0600][57.932s][info][gc,metaspace] GC(67) Metaspace: 71M used, 72M committed, 1088M reserved
[2026-04-03T03:30:02.813+0600][57.932s][info][gc,ref      ] GC(67) Soft: 3251 encountered, 0 discovered, 0 enqueued
[2026-04-03T03:30:02.813+0600][57.932s][info][gc,ref      ] GC(67) Weak: 6510 encountered, 3506 discovered, 81 enqueued
[2026-04-03T03:30:02.813+0600][57.932s][info][gc,ref      ] GC(67) Final: 84 encountered, 4 discovered, 0 enqueued
[2026-04-03T03:30:02.813+0600][57.932s][info][gc,ref      ] GC(67) Phantom: 599 encountered, 470 discovered, 0 enqueued
[2026-04-03T03:30:02.813+0600][57.932s][info][gc,reloc    ] GC(67) Small Pages: 279 / 558M, Empty: 0M, Relocated: 108M, In-Place: 0
[2026-04-03T03:30:02.813+0600][57.932s][info][gc,reloc    ] GC(67) Medium Pages: 2 / 64M, Empty: 32M, Relocated: 0M, In-Place: 0
[2026-04-03T03:30:02.813+0600][57.932s][info][gc,reloc    ] GC(67) Large Pages: 12 / 96M, Empty: 36M, Relocated: 0M, In-Place: 0
[2026-04-03T03:30:02.813+0600][57.932s][info][gc,reloc    ] GC(67) Forwarding Usage: 64M
[2026-04-03T03:30:02.813+0600][57.932s][info][gc,heap     ] GC(67) Min Capacity: 8M(1%)
[2026-04-03T03:30:02.813+0600][57.932s][info][gc,heap     ] GC(67) Max Capacity: 1500M(100%)
[2026-04-03T03:30:02.813+0600][57.932s][info][gc,heap     ] GC(67) Soft Max Capacity: 1500M(100%)
[2026-04-03T03:30:02.813+0600][57.932s][info][gc,heap     ] GC(67)                Mark Start          Mark End        Relocate Start      Relocate End           High               Low         
[2026-04-03T03:30:02.813+0600][57.932s][info][gc,heap     ] GC(67)  Capacity:     1500M (100%)       1500M (100%)       1500M (100%)       1500M (100%)       1500M (100%)       1500M (100%)   
[2026-04-03T03:30:02.813+0600][57.932s][info][gc,heap     ] GC(67)      Free:      782M (52%)         226M (15%)         242M (16%)         440M (29%)         782M (52%)         212M (14%)    
[2026-04-03T03:30:02.813+0600][57.932s][info][gc,heap     ] GC(67)      Used:      718M (48%)        1274M (85%)        1258M (84%)        1060M (71%)        1288M (86%)         718M (48%)    
[2026-04-03T03:30:02.813+0600][57.932s][info][gc,heap     ] GC(67)      Live:         -               340M (23%)         340M (23%)         340M (23%)            -                  -          
[2026-04-03T03:30:02.813+0600][57.932s][info][gc,heap     ] GC(67) Allocated:         -               556M (37%)         608M (41%)         684M (46%)            -                  -          
[2026-04-03T03:30:02.813+0600][57.932s][info][gc,heap     ] GC(67)   Garbage:         -               377M (25%)         309M (21%)          35M (2%)             -                  -          
[2026-04-03T03:30:02.813+0600][57.932s][info][gc,heap     ] GC(67) Reclaimed:         -                  -                68M (5%)          342M (23%)            -                  -          
[2026-04-03T03:30:02.813+0600][57.932s][info][gc          ] GC(67) Garbage Collection (Allocation Rate) 718M(48%)->1060M(71%)
[2026-04-03T03:30:02.885+0600][58.003s][info][gc,start    ] GC(68) Garbage Collection (Allocation Rate)
[2026-04-03T03:30:02.885+0600][58.004s][info][gc,task     ] GC(68) Using 3 workers
[2026-04-03T03:30:02.885+0600][58.004s][info][gc,phases   ] GC(68) Pause Mark Start 0.016ms
[2026-04-03T03:30:03.627+0600][58.746s][info][gc,phases   ] GC(68) Concurrent Mark 741.778ms
[2026-04-03T03:30:03.627+0600][58.746s][info][gc,phases   ] GC(68) Pause Mark End 0.049ms
[2026-04-03T03:30:03.628+0600][58.746s][info][gc,phases   ] GC(68) Concurrent Mark Free 0.003ms
[2026-04-03T03:30:03.635+0600][58.753s][info][gc,phases   ] GC(68) Concurrent Process Non-Strong References 7.084ms
[2026-04-03T03:30:03.635+0600][58.753s][info][gc,phases   ] GC(68) Concurrent Reset Relocation Set 0.018ms
[2026-04-03T03:30:03.637+0600][58.756s][info][gc          ] Allocation Stall (Executor task launch worker for task 1.0 in stage 28.0 (TID 43)) 88.988ms
[2026-04-03T03:30:03.637+0600][58.756s][info][gc          ] Allocation Stall (Executor task launch worker for task 2.0 in stage 28.0 (TID 44)) 93.422ms
[2026-04-03T03:30:03.637+0600][58.756s][info][gc          ] Allocation Stall (Executor task launch worker for task 0.0 in stage 28.0 (TID 42)) 81.865ms
[2026-04-03T03:30:03.641+0600][58.760s][info][gc,phases   ] GC(68) Concurrent Select Relocation Set 6.062ms
[2026-04-03T03:30:03.641+0600][58.760s][info][gc,phases   ] GC(68) Pause Relocate Start 0.041ms
[2026-04-03T03:30:03.762+0600][58.881s][info][gc,phases   ] GC(68) Concurrent Relocate 120.936ms
[2026-04-03T03:30:03.762+0600][58.881s][info][gc,load     ] GC(68) Load: 4.15/4.46/4.96
[2026-04-03T03:30:03.763+0600][58.881s][info][gc,mmu      ] GC(68) MMU: 2ms/91.5%, 5ms/96.6%, 10ms/98.2%, 20ms/99.1%, 50ms/99.6%, 100ms/99.8%
[2026-04-03T03:30:03.763+0600][58.881s][info][gc,marking  ] GC(68) Mark: 2 stripe(s), 2 proactive flush(es), 1 terminate flush(es), 0 completion(s), 0 continuation(s) 
[2026-04-03T03:30:03.763+0600][58.881s][info][gc,marking  ] GC(68) Mark Stack Usage: 32M
[2026-04-03T03:30:03.763+0600][58.881s][info][gc,nmethod  ] GC(68) NMethods: 7230 registered, 452 unregistered
[2026-04-03T03:30:03.763+0600][58.881s][info][gc,metaspace] GC(68) Metaspace: 71M used, 72M committed, 1088M reserved
[2026-04-03T03:30:03.763+0600][58.881s][info][gc,ref      ] GC(68) Soft: 3251 encountered, 0 discovered, 0 enqueued
[2026-04-03T03:30:03.763+0600][58.881s][info][gc,ref      ] GC(68) Weak: 6429 encountered, 3172 discovered, 0 enqueued
[2026-04-03T03:30:03.763+0600][58.881s][info][gc,ref      ] GC(68) Final: 84 encountered, 83 discovered, 0 enqueued
[2026-04-03T03:30:03.763+0600][58.881s][info][gc,ref      ] GC(68) Phantom: 600 encountered, 476 discovered, 0 enqueued
[2026-04-03T03:30:03.763+0600][58.881s][info][gc,reloc    ] GC(68) Small Pages: 477 / 954M, Empty: 0M, Relocated: 75M, In-Place: 0
[2026-04-03T03:30:03.763+0600][58.881s][info][gc,reloc    ] GC(68) Medium Pages: 2 / 64M, Empty: 32M, Relocated: 0M, In-Place: 0
[2026-04-03T03:30:03.763+0600][58.881s][info][gc,reloc    ] GC(68) Large Pages: 12 / 108M, Empty: 42M, Relocated: 0M, In-Place: 0
[2026-04-03T03:30:03.763+0600][58.881s][info][gc,reloc    ] GC(68) Forwarding Usage: 59M
[2026-04-03T03:30:03.763+0600][58.881s][info][gc,heap     ] GC(68) Min Capacity: 8M(1%)
[2026-04-03T03:30:03.763+0600][58.881s][info][gc,heap     ] GC(68) Max Capacity: 1500M(100%)
[2026-04-03T03:30:03.763+0600][58.881s][info][gc,heap     ] GC(68) Soft Max Capacity: 1500M(100%)
[2026-04-03T03:30:03.763+0600][58.881s][info][gc,heap     ] GC(68)                Mark Start          Mark End        Relocate Start      Relocate End           High               Low         
[2026-04-03T03:30:03.763+0600][58.881s][info][gc,heap     ] GC(68)  Capacity:     1500M (100%)       1500M (100%)       1500M (100%)       1500M (100%)       1500M (100%)       1500M (100%)   
[2026-04-03T03:30:03.763+0600][58.881s][info][gc,heap     ] GC(68)      Free:      374M (25%)           0M (0%)           68M (5%)          654M (44%)         658M (44%)           0M (0%)     
[2026-04-03T03:30:03.763+0600][58.881s][info][gc,heap     ] GC(68)      Used:     1126M (75%)        1500M (100%)       1432M (95%)         846M (56%)        1500M (100%)        842M (56%)    
[2026-04-03T03:30:03.763+0600][58.881s][info][gc,heap     ] GC(68)      Live:         -               377M (25%)         377M (25%)         377M (25%)            -                  -          
[2026-04-03T03:30:03.763+0600][58.881s][info][gc,heap     ] GC(68) Allocated:         -               374M (25%)         380M (25%)         431M (29%)            -                  -          
[2026-04-03T03:30:03.763+0600][58.881s][info][gc,heap     ] GC(68)   Garbage:         -               748M (50%)         674M (45%)          37M (2%)             -                  -          
[2026-04-03T03:30:03.763+0600][58.881s][info][gc,heap     ] GC(68) Reclaimed:         -                  -                74M (5%)          711M (47%)            -                  -          
[2026-04-03T03:30:03.763+0600][58.882s][info][gc          ] GC(68) Garbage Collection (Allocation Rate) 1126M(75%)->846M(56%)
[2026-04-03T03:30:03.785+0600][58.904s][info][gc,start    ] GC(69) Garbage Collection (Allocation Stall)
[2026-04-03T03:30:03.785+0600][58.904s][info][gc,ref      ] GC(69) Clearing All SoftReferences
[2026-04-03T03:30:03.785+0600][58.904s][info][gc,task     ] GC(69) Using 3 workers
[2026-04-03T03:30:03.786+0600][58.904s][info][gc,ref      ] GC(69) Clearing All SoftReferences
[2026-04-03T03:30:03.786+0600][58.904s][info][gc,phases   ] GC(69) Pause Mark Start 0.047ms
[2026-04-03T03:30:04.722+0600][59.840s][info][gc,phases   ] GC(69) Concurrent Mark 936.103ms
[2026-04-03T03:30:04.722+0600][59.841s][info][gc,phases   ] GC(69) Pause Mark End 0.067ms
[2026-04-03T03:30:04.722+0600][59.841s][info][gc,phases   ] GC(69) Concurrent Mark Free 0.002ms
[2026-04-03T03:30:04.751+0600][59.870s][info][gc,phases   ] GC(69) Concurrent Process Non-Strong References 29.041ms
[2026-04-03T03:30:04.752+0600][59.870s][info][gc,phases   ] GC(69) Concurrent Reset Relocation Set 0.050ms
[2026-04-03T03:30:04.755+0600][59.874s][info][gc          ] Allocation Stall (Executor task launch worker for task 0.0 in stage 28.0 (TID 42)) 2.162ms
[2026-04-03T03:30:04.763+0600][59.882s][info][gc,phases   ] GC(69) Concurrent Select Relocation Set 11.293ms
[2026-04-03T03:30:04.763+0600][59.882s][info][gc,phases   ] GC(69) Pause Relocate Start 0.040ms
[2026-04-03T03:30:04.817+0600][59.935s][info][gc,phases   ] GC(69) Concurrent Relocate 53.174ms
[2026-04-03T03:30:04.817+0600][59.936s][info][gc,load     ] GC(69) Load: 4.15/4.46/4.96
[2026-04-03T03:30:04.817+0600][59.936s][info][gc,mmu      ] GC(69) MMU: 2ms/91.5%, 5ms/96.6%, 10ms/98.2%, 20ms/99.1%, 50ms/99.6%, 100ms/99.8%
[2026-04-03T03:30:04.817+0600][59.936s][info][gc,marking  ] GC(69) Mark: 2 stripe(s), 10 proactive flush(es), 1 terminate flush(es), 0 completion(s), 0 continuation(s) 
[2026-04-03T03:30:04.817+0600][59.936s][info][gc,marking  ] GC(69) Mark Stack Usage: 32M
[2026-04-03T03:30:04.817+0600][59.936s][info][gc,nmethod  ] GC(69) NMethods: 7231 registered, 457 unregistered
[2026-04-03T03:30:04.817+0600][59.936s][info][gc,metaspace] GC(69) Metaspace: 71M used, 72M committed, 1088M reserved
[2026-04-03T03:30:04.817+0600][59.936s][info][gc,ref      ] GC(69) Soft: 3163 encountered, 721 discovered, 372 enqueued
[2026-04-03T03:30:04.817+0600][59.936s][info][gc,ref      ] GC(69) Weak: 6350 encountered, 2951 discovered, 34 enqueued
[2026-04-03T03:30:04.817+0600][59.936s][info][gc,ref      ] GC(69) Final: 84 encountered, 35 discovered, 0 enqueued
[2026-04-03T03:30:04.817+0600][59.936s][info][gc,ref      ] GC(69) Phantom: 599 encountered, 486 discovered, 0 enqueued
[2026-04-03T03:30:04.817+0600][59.936s][info][gc,reloc    ] GC(69) Small Pages: 381 / 762M, Empty: 12M, Relocated: 26M, In-Place: 0
[2026-04-03T03:30:04.817+0600][59.936s][info][gc,reloc    ] GC(69) Medium Pages: 1 / 32M, Empty: 0M, Relocated: 0M, In-Place: 0
[2026-04-03T03:30:04.817+0600][59.936s][info][gc,reloc    ] GC(69) Large Pages: 7 / 66M, Empty: 6M, Relocated: 0M, In-Place: 0
[2026-04-03T03:30:04.817+0600][59.936s][info][gc,reloc    ] GC(69) Forwarding Usage: 27M
[2026-04-03T03:30:04.817+0600][59.936s][info][gc,heap     ] GC(69) Min Capacity: 8M(1%)
[2026-04-03T03:30:04.817+0600][59.936s][info][gc,heap     ] GC(69) Max Capacity: 1500M(100%)
[2026-04-03T03:30:04.817+0600][59.936s][info][gc,heap     ] GC(69) Soft Max Capacity: 1500M(100%)
[2026-04-03T03:30:04.817+0600][59.936s][info][gc,heap     ] GC(69)                Mark Start          Mark End        Relocate Start      Relocate End           High               Low         
[2026-04-03T03:30:04.817+0600][59.936s][info][gc,heap     ] GC(69)  Capacity:     1500M (100%)       1500M (100%)       1500M (100%)       1500M (100%)       1500M (100%)       1500M (100%)   
[2026-04-03T03:30:04.817+0600][59.936s][info][gc,heap     ] GC(69)      Free:      640M (43%)          10M (1%)           16M (1%)          416M (28%)         640M (43%)           0M (0%)     
[2026-04-03T03:30:04.817+0600][59.936s][info][gc,heap     ] GC(69)      Used:      860M (57%)        1490M (99%)        1484M (99%)        1084M (72%)        1500M (100%)        860M (57%)    
[2026-04-03T03:30:04.817+0600][59.936s][info][gc,heap     ] GC(69)      Live:         -               387M (26%)         387M (26%)         387M (26%)            -                  -          
[2026-04-03T03:30:04.817+0600][59.936s][info][gc,heap     ] GC(69) Allocated:         -               630M (42%)         642M (43%)         652M (44%)            -                  -          
[2026-04-03T03:30:04.817+0600][59.936s][info][gc,heap     ] GC(69)   Garbage:         -               472M (31%)         454M (30%)          43M (3%)             -                  -          
[2026-04-03T03:30:04.817+0600][59.936s][info][gc,heap     ] GC(69) Reclaimed:         -                  -                18M (1%)          428M (29%)            -                  -          
[2026-04-03T03:30:04.817+0600][59.936s][info][gc          ] GC(69) Garbage Collection (Allocation Stall) 860M(57%)->1084M(72%)
[2026-04-03T03:30:04.885+0600][60.003s][info][gc,start    ] GC(70) Garbage Collection (Allocation Stall)
[2026-04-03T03:30:04.885+0600][60.004s][info][gc,ref      ] GC(70) Clearing All SoftReferences
[2026-04-03T03:30:04.885+0600][60.004s][info][gc,task     ] GC(70) Using 3 workers
[2026-04-03T03:30:04.885+0600][60.004s][info][gc,ref      ] GC(70) Clearing All SoftReferences
[2026-04-03T03:30:04.885+0600][60.004s][info][gc,phases   ] GC(70) Pause Mark Start 0.039ms
[2026-04-03T03:30:04.986+0600][60.104s][info][gc,stats    ] === Garbage Collection Statistics =======================================================================================================================
[2026-04-03T03:30:04.986+0600][60.104s][info][gc,stats    ]                                                              Last 10s              Last 10m              Last 10h                Total
[2026-04-03T03:30:04.986+0600][60.104s][info][gc,stats    ]                                                              Avg / Max             Avg / Max             Avg / Max             Avg / Max
[2026-04-03T03:30:04.986+0600][60.104s][info][gc,stats    ]   Collector: Garbage Collection Cycle                    671.468 / 1031.667    500.589 / 1058.061    500.589 / 1058.061    500.589 / 1058.061    ms
[2026-04-03T03:30:04.986+0600][60.104s][info][gc,stats    ]  Contention: Mark Segment Reset Contention                     9 / 35                8 / 95                8 / 95                8 / 95          ops/s
[2026-04-03T03:30:04.986+0600][60.104s][info][gc,stats    ]  Contention: Mark SeqNum Reset Contention                      0 / 1                 0 / 3                 0 / 3                 0 / 3           ops/s
[2026-04-03T03:30:04.986+0600][60.104s][info][gc,stats    ]    Critical: Allocation Stall                                  0 / 3                 0 / 3                 0 / 3                 0 / 3           ops/s
[2026-04-03T03:30:04.986+0600][60.104s][info][gc,stats    ]    Critical: Allocation Stall                             79.168 / 96.821       63.778 / 96.821       63.778 / 96.821       63.778 / 96.821      ms
[2026-04-03T03:30:04.986+0600][60.104s][info][gc,stats    ]    Critical: GC Locker Stall                                   0 / 0                 0 / 1                 0 / 1                 0 / 1           ops/s
[2026-04-03T03:30:04.986+0600][60.104s][info][gc,stats    ]    Critical: GC Locker Stall                               0.000 / 0.000         0.001 / 0.001         0.001 / 0.001         0.001 / 0.001       ms
[2026-04-03T03:30:04.986+0600][60.105s][info][gc,stats    ]    Critical: Relocation Stall                                  0 / 0                 0 / 0                 0 / 0                 0 / 0           ops/s
[2026-04-03T03:30:04.986+0600][60.105s][info][gc,stats    ]    Critical: Relocation Stall                              0.000 / 0.000         0.000 / 0.000         0.000 / 0.000         0.000 / 0.000       ms
[2026-04-03T03:30:04.986+0600][60.105s][info][gc,stats    ]      Memory: Allocation Rate                                 669 / 1164            544 / 2664            544 / 2664            544 / 2664        MB/s
[2026-04-03T03:30:04.986+0600][60.105s][info][gc,stats    ]      Memory: Defragment                                       16 / 84                7 / 84                7 / 84                7 / 84          ops/s
[2026-04-03T03:30:04.986+0600][60.105s][info][gc,stats    ]      Memory: Out Of Memory                                     0 / 0                 0 / 0                 0 / 0                 0 / 0           ops/s
[2026-04-03T03:30:04.986+0600][60.105s][info][gc,stats    ]      Memory: Page Cache Flush                                 74 / 168              38 / 168              38 / 168              38 / 168         MB/s
[2026-04-03T03:30:04.986+0600][60.105s][info][gc,stats    ]      Memory: Page Cache Hit L1                               309 / 529             248 / 1319            248 / 1319            248 / 1319        ops/s
[2026-04-03T03:30:04.986+0600][60.105s][info][gc,stats    ]      Memory: Page Cache Hit L2                                 0 / 0                 0 / 0                 0 / 0                 0 / 0           ops/s
[2026-04-03T03:30:04.986+0600][60.105s][info][gc,stats    ]      Memory: Page Cache Hit L3                                15 / 70                9 / 93                9 / 93                9 / 93          ops/s
[2026-04-03T03:30:04.986+0600][60.105s][info][gc,stats    ]      Memory: Page Cache Miss                                   2 / 9                 8 / 132               8 / 132               8 / 132         ops/s
[2026-04-03T03:30:04.986+0600][60.105s][info][gc,stats    ]      Memory: Uncommit                                          0 / 0                 0 / 0                 0 / 0                 0 / 0           MB/s
[2026-04-03T03:30:04.986+0600][60.105s][info][gc,stats    ]      Memory: Undo Object Allocation Failed                     0 / 0                 0 / 0                 0 / 0                 0 / 0           ops/s
[2026-04-03T03:30:04.986+0600][60.105s][info][gc,stats    ]      Memory: Undo Object Allocation Succeeded                  0 / 3                 4 / 237               4 / 237               4 / 237         ops/s
[2026-04-03T03:30:04.986+0600][60.105s][info][gc,stats    ]      Memory: Undo Page Allocation                              0 / 2                 0 / 2                 0 / 2                 0 / 2           ops/s
[2026-04-03T03:30:04.986+0600][60.105s][info][gc,stats    ]       Phase: Concurrent Mark                             567.553 / 936.103     428.721 / 939.877     428.721 / 939.877     428.721 / 939.877     ms
[2026-04-03T03:30:04.986+0600][60.105s][info][gc,stats    ]       Phase: Concurrent Mark Continue                      0.000 / 0.000         0.000 / 0.000         0.000 / 0.000         0.000 / 0.000       ms
[2026-04-03T03:30:04.986+0600][60.105s][info][gc,stats    ]       Phase: Concurrent Mark Free                          0.003 / 0.007         0.003 / 0.007         0.003 / 0.007         0.003 / 0.007       ms
[2026-04-03T03:30:04.986+0600][60.105s][info][gc,stats    ]       Phase: Concurrent Process Non-Strong References     13.041 / 32.557       10.412 / 32.557       10.412 / 32.557       10.412 / 32.557      ms
[2026-04-03T03:30:04.986+0600][60.105s][info][gc,stats    ]       Phase: Concurrent Relocate                          68.873 / 165.830      49.369 / 236.568      49.369 / 236.568      49.369 / 236.568     ms
[2026-04-03T03:30:04.986+0600][60.105s][info][gc,stats    ]       Phase: Concurrent Reset Relocation Set               0.028 / 0.067         0.024 / 0.111         0.024 / 0.111         0.024 / 0.111       ms
[2026-04-03T03:30:04.986+0600][60.105s][info][gc,stats    ]       Phase: Concurrent Select Relocation Set             11.155 / 32.778        9.543 / 51.720        9.543 / 51.720        9.543 / 51.720      ms
[2026-04-03T03:30:04.986+0600][60.105s][info][gc,stats    ]       Phase: Pause Mark End                                0.039 / 0.067         0.039 / 0.171         0.039 / 0.171         0.039 / 0.171       ms
[2026-04-03T03:30:04.986+0600][60.105s][info][gc,stats    ]       Phase: Pause Mark Start                              0.026 / 0.107         0.023 / 0.163         0.023 / 0.163         0.023 / 0.163       ms
[2026-04-03T03:30:04.986+0600][60.105s][info][gc,stats    ]       Phase: Pause Relocate Start                          0.022 / 0.049         0.020 / 0.057         0.020 / 0.057         0.020 / 0.057       ms
[2026-04-03T03:30:04.986+0600][60.105s][info][gc,stats    ]    Subphase: Concurrent Classes Purge                      0.151 / 0.964         0.149 / 0.964         0.149 / 0.964         0.149 / 0.964       ms
[2026-04-03T03:30:04.986+0600][60.105s][info][gc,stats    ]    Subphase: Concurrent Classes Unlink                    10.729 / 28.895        8.195 / 28.895        8.195 / 28.895        8.195 / 28.895      ms
[2026-04-03T03:30:04.986+0600][60.105s][info][gc,stats    ]    Subphase: Concurrent Mark                             565.802 / 934.541     435.869 / 938.819     435.869 / 938.819     435.869 / 938.819     ms
[2026-04-03T03:30:04.986+0600][60.105s][info][gc,stats    ]    Subphase: Concurrent Mark Try Flush                     0.307 / 0.920         0.310 / 7.899         0.310 / 7.899         0.310 / 7.899       ms
[2026-04-03T03:30:04.986+0600][60.105s][info][gc,stats    ]    Subphase: Concurrent Mark Try Terminate                 0.953 / 1.224         1.070 / 1.253         1.070 / 1.253         1.070 / 1.253       ms
[2026-04-03T03:30:04.986+0600][60.105s][info][gc,stats    ]    Subphase: Concurrent References Enqueue                 0.006 / 0.011         0.005 / 0.015         0.005 / 0.015         0.005 / 0.015       ms
[2026-04-03T03:30:04.986+0600][60.105s][info][gc,stats    ]    Subphase: Concurrent References Process                 0.675 / 0.953         0.590 / 1.108         0.590 / 1.108         0.590 / 1.108       ms
[2026-04-03T03:30:04.986+0600][60.105s][info][gc,stats    ]    Subphase: Concurrent Roots ClassLoaderDataGraph         0.279 / 0.740         0.257 / 0.742         0.257 / 0.742         0.257 / 0.742       ms
[2026-04-03T03:30:04.986+0600][60.105s][info][gc,stats    ]    Subphase: Concurrent Roots CodeCache                    0.000 / 0.000         0.000 / 0.000         0.000 / 0.000         0.000 / 0.000       ms
[2026-04-03T03:30:04.986+0600][60.105s][info][gc,stats    ]    Subphase: Concurrent Roots JavaThreads                  0.714 / 1.248         0.525 / 1.651         0.525 / 1.651         0.525 / 1.651       ms
[2026-04-03T03:30:04.986+0600][60.105s][info][gc,stats    ]    Subphase: Concurrent Roots OopStorageSet                0.061 / 0.124         0.054 / 0.148         0.054 / 0.148         0.054 / 0.148       ms
[2026-04-03T03:30:04.986+0600][60.105s][info][gc,stats    ]    Subphase: Concurrent Weak Roots OopStorageSet           0.790 / 1.143         0.829 / 1.727         0.829 / 1.727         0.829 / 1.727       ms
[2026-04-03T03:30:04.986+0600][60.105s][info][gc,stats    ]    Subphase: Pause Mark Try Complete                       0.000 / 0.000         0.002 / 0.003         0.002 / 0.003         0.002 / 0.003       ms
[2026-04-03T03:30:04.986+0600][60.105s][info][gc,stats    ]      System: Java Threads                                    187 / 196             107 / 196             107 / 196             107 / 196         threads
[2026-04-03T03:30:04.986+0600][60.105s][info][gc,stats    ] =========================================================================================================================================================
[2026-04-03T03:30:05.666+0600][60.785s][info][gc,phases   ] GC(70) Concurrent Mark 780.933ms
[2026-04-03T03:30:05.667+0600][60.785s][info][gc,phases   ] GC(70) Pause Mark End 0.037ms
[2026-04-03T03:30:05.667+0600][60.785s][info][gc,phases   ] GC(70) Concurrent Mark Free 0.001ms
[2026-04-03T03:30:05.690+0600][60.809s][info][gc,phases   ] GC(70) Concurrent Process Non-Strong References 23.228ms
[2026-04-03T03:30:05.690+0600][60.809s][info][gc,phases   ] GC(70) Concurrent Reset Relocation Set 0.059ms
[2026-04-03T03:30:05.699+0600][60.817s][info][gc,phases   ] GC(70) Concurrent Select Relocation Set 8.401ms
[2026-04-03T03:30:05.699+0600][60.818s][info][gc,phases   ] GC(70) Pause Relocate Start 0.020ms
[2026-04-03T03:30:05.759+0600][60.878s][info][gc,phases   ] GC(70) Concurrent Relocate 59.777ms
[2026-04-03T03:30:05.759+0600][60.878s][info][gc,load     ] GC(70) Load: 4.22/4.47/4.96
[2026-04-03T03:30:05.759+0600][60.878s][info][gc,mmu      ] GC(70) MMU: 2ms/91.5%, 5ms/96.6%, 10ms/98.2%, 20ms/99.1%, 50ms/99.6%, 100ms/99.8%
[2026-04-03T03:30:05.759+0600][60.878s][info][gc,marking  ] GC(70) Mark: 2 stripe(s), 10 proactive flush(es), 2 terminate flush(es), 0 completion(s), 0 continuation(s) 
[2026-04-03T03:30:05.759+0600][60.878s][info][gc,marking  ] GC(70) Mark Stack Usage: 32M
[2026-04-03T03:30:05.759+0600][60.878s][info][gc,nmethod  ] GC(70) NMethods: 7274 registered, 462 unregistered
[2026-04-03T03:30:05.759+0600][60.878s][info][gc,metaspace] GC(70) Metaspace: 71M used, 72M committed, 1088M reserved
[2026-04-03T03:30:05.759+0600][60.878s][info][gc,ref      ] GC(70) Soft: 2791 encountered, 359 discovered, 3 enqueued
[2026-04-03T03:30:05.759+0600][60.878s][info][gc,ref      ] GC(70) Weak: 6031 encountered, 2989 discovered, 4 enqueued
[2026-04-03T03:30:05.759+0600][60.878s][info][gc,ref      ] GC(70) Final: 84 encountered, 52 discovered, 0 enqueued
[2026-04-03T03:30:05.759+0600][60.878s][info][gc,ref      ] GC(70) Phantom: 600 encountered, 442 discovered, 0 enqueued
[2026-04-03T03:30:05.759+0600][60.878s][info][gc,reloc    ] GC(70) Small Pages: 476 / 952M, Empty: 68M, Relocated: 33M, In-Place: 0
[2026-04-03T03:30:05.759+0600][60.878s][info][gc,reloc    ] GC(70) Medium Pages: 2 / 64M, Empty: 0M, Relocated: 14M, In-Place: 0
[2026-04-03T03:30:05.759+0600][60.878s][info][gc,reloc    ] GC(70) Large Pages: 8 / 96M, Empty: 50M, Relocated: 0M, In-Place: 0
[2026-04-03T03:30:05.759+0600][60.878s][info][gc,reloc    ] GC(70) Forwarding Usage: 31M
[2026-04-03T03:30:05.759+0600][60.878s][info][gc,heap     ] GC(70) Min Capacity: 8M(1%)
[2026-04-03T03:30:05.759+0600][60.878s][info][gc,heap     ] GC(70) Max Capacity: 1500M(100%)
[2026-04-03T03:30:05.759+0600][60.878s][info][gc,heap     ] GC(70) Soft Max Capacity: 1500M(100%)
[2026-04-03T03:30:05.759+0600][60.878s][info][gc,heap     ] GC(70)                Mark Start          Mark End        Relocate Start      Relocate End           High               Low         
[2026-04-03T03:30:05.759+0600][60.878s][info][gc,heap     ] GC(70)  Capacity:     1500M (100%)       1500M (100%)       1500M (100%)       1500M (100%)       1500M (100%)       1500M (100%)   
[2026-04-03T03:30:05.759+0600][60.878s][info][gc,heap     ] GC(70)      Free:      388M (26%)         102M (7%)          206M (14%)         844M (56%)         844M (56%)          90M (6%)     
[2026-04-03T03:30:05.759+0600][60.878s][info][gc,heap     ] GC(70)      Used:     1112M (74%)        1398M (93%)        1294M (86%)         656M (44%)        1410M (94%)         656M (44%)    
[2026-04-03T03:30:05.759+0600][60.878s][info][gc,heap     ] GC(70)      Live:         -               295M (20%)         295M (20%)         295M (20%)            -                  -          
[2026-04-03T03:30:05.759+0600][60.878s][info][gc,heap     ] GC(70) Allocated:         -               286M (19%)         300M (20%)         319M (21%)            -                  -          
[2026-04-03T03:30:05.759+0600][60.878s][info][gc,heap     ] GC(70)   Garbage:         -               816M (54%)         698M (47%)          41M (3%)             -                  -          
[2026-04-03T03:30:05.759+0600][60.878s][info][gc,heap     ] GC(70) Reclaimed:         -                  -               118M (8%)          775M (52%)            -                  -          
[2026-04-03T03:30:05.759+0600][60.878s][info][gc          ] GC(70) Garbage Collection (Allocation Stall) 1112M(74%)->656M(44%)
[2026-04-03T03:30:05.785+0600][60.903s][info][gc,start    ] GC(71) Garbage Collection (Allocation Rate)
[2026-04-03T03:30:05.785+0600][60.904s][info][gc,task     ] GC(71) Using 3 workers
[2026-04-03T03:30:05.785+0600][60.904s][info][gc,phases   ] GC(71) Pause Mark Start 0.012ms
[2026-04-03T03:30:06.134+0600][61.253s][info][gc,phases   ] GC(71) Concurrent Mark 348.743ms
[2026-04-03T03:30:06.134+0600][61.253s][info][gc,phases   ] GC(71) Pause Mark End 0.029ms
[2026-04-03T03:30:06.135+0600][61.253s][info][gc,phases   ] GC(71) Concurrent Mark Free 0.002ms
[2026-04-03T03:30:06.143+0600][61.262s][info][gc,phases   ] GC(71) Concurrent Process Non-Strong References 8.583ms
[2026-04-03T03:30:06.143+0600][61.262s][info][gc,phases   ] GC(71) Concurrent Reset Relocation Set 0.044ms
[2026-04-03T03:30:06.148+0600][61.267s][info][gc,phases   ] GC(71) Concurrent Select Relocation Set 4.767ms
[2026-04-03T03:30:06.148+0600][61.267s][info][gc,phases   ] GC(71) Pause Relocate Start 0.019ms
[2026-04-03T03:30:06.179+0600][61.297s][info][gc,phases   ] GC(71) Concurrent Relocate 30.137ms
[2026-04-03T03:30:06.179+0600][61.297s][info][gc,load     ] GC(71) Load: 4.22/4.47/4.96
[2026-04-03T03:30:06.179+0600][61.297s][info][gc,mmu      ] GC(71) MMU: 2ms/91.5%, 5ms/96.6%, 10ms/98.2%, 20ms/99.1%, 50ms/99.6%, 100ms/99.8%
[2026-04-03T03:30:06.179+0600][61.297s][info][gc,marking  ] GC(71) Mark: 2 stripe(s), 2 proactive flush(es), 1 terminate flush(es), 0 completion(s), 0 continuation(s) 
[2026-04-03T03:30:06.179+0600][61.297s][info][gc,marking  ] GC(71) Mark Stack Usage: 32M
[2026-04-03T03:30:06.179+0600][61.297s][info][gc,nmethod  ] GC(71) NMethods: 7271 registered, 466 unregistered
[2026-04-03T03:30:06.179+0600][61.297s][info][gc,metaspace] GC(71) Metaspace: 71M used, 72M committed, 1088M reserved
[2026-04-03T03:30:06.179+0600][61.297s][info][gc,ref      ] GC(71) Soft: 2944 encountered, 0 discovered, 0 enqueued
[2026-04-03T03:30:06.179+0600][61.297s][info][gc,ref      ] GC(71) Weak: 6222 encountered, 3095 discovered, 101 enqueued
[2026-04-03T03:30:06.179+0600][61.297s][info][gc,ref      ] GC(71) Final: 84 encountered, 84 discovered, 0 enqueued
[2026-04-03T03:30:06.179+0600][61.297s][info][gc,ref      ] GC(71) Phantom: 600 encountered, 407 discovered, 0 enqueued
[2026-04-03T03:30:06.179+0600][61.298s][info][gc,reloc    ] GC(71) Small Pages: 270 / 540M, Empty: 46M, Relocated: 22M, In-Place: 0
[2026-04-03T03:30:06.179+0600][61.298s][info][gc,reloc    ] GC(71) Medium Pages: 2 / 64M, Empty: 32M, Relocated: 0M, In-Place: 0
[2026-04-03T03:30:06.179+0600][61.298s][info][gc,reloc    ] GC(71) Large Pages: 4 / 64M, Empty: 46M, Relocated: 0M, In-Place: 0
[2026-04-03T03:30:06.179+0600][61.298s][info][gc,reloc    ] GC(71) Forwarding Usage: 21M
[2026-04-03T03:30:06.179+0600][61.298s][info][gc,heap     ] GC(71) Min Capacity: 8M(1%)
[2026-04-03T03:30:06.179+0600][61.298s][info][gc,heap     ] GC(71) Max Capacity: 1500M(100%)
[2026-04-03T03:30:06.179+0600][61.298s][info][gc,heap     ] GC(71) Soft Max Capacity: 1500M(100%)
[2026-04-03T03:30:06.179+0600][61.298s][info][gc,heap     ] GC(71)                Mark Start          Mark End        Relocate Start      Relocate End           High               Low         
[2026-04-03T03:30:06.179+0600][61.298s][info][gc,heap     ] GC(71)  Capacity:     1500M (100%)       1500M (100%)       1500M (100%)       1500M (100%)       1500M (100%)       1500M (100%)   
[2026-04-03T03:30:06.179+0600][61.298s][info][gc,heap     ] GC(71)      Free:      832M (55%)         792M (53%)         916M (61%)        1212M (81%)        1212M (81%)         792M (53%)    
[2026-04-03T03:30:06.179+0600][61.298s][info][gc,heap     ] GC(71)      Used:      668M (45%)         708M (47%)         584M (39%)         288M (19%)         708M (47%)         288M (19%)    
[2026-04-03T03:30:06.179+0600][61.298s][info][gc,heap     ] GC(71)      Live:         -               213M (14%)         213M (14%)         213M (14%)            -                  -          
[2026-04-03T03:30:06.179+0600][61.298s][info][gc,heap     ] GC(71) Allocated:         -                40M (3%)           40M (3%)           40M (3%)             -                  -          
[2026-04-03T03:30:06.179+0600][61.298s][info][gc,heap     ] GC(71)   Garbage:         -               454M (30%)         330M (22%)          33M (2%)             -                  -          
[2026-04-03T03:30:06.179+0600][61.298s][info][gc,heap     ] GC(71) Reclaimed:         -                  -               124M (8%)          420M (28%)            -                  -          
[2026-04-03T03:30:06.179+0600][61.298s][info][gc          ] GC(71) Garbage Collection (Allocation Rate) 668M(45%)->288M(19%)
[2026-04-03T03:30:06.985+0600][62.104s][info][gc,start    ] GC(72) Garbage Collection (Allocation Rate)
[2026-04-03T03:30:06.985+0600][62.104s][info][gc,task     ] GC(72) Using 3 workers
[2026-04-03T03:30:06.985+0600][62.104s][info][gc,phases   ] GC(72) Pause Mark Start 0.014ms
[2026-04-03T03:30:07.346+0600][62.464s][info][gc,phases   ] GC(72) Concurrent Mark 360.133ms
[2026-04-03T03:30:07.346+0600][62.465s][info][gc,phases   ] GC(72) Pause Mark End 0.063ms
[2026-04-03T03:30:07.346+0600][62.465s][info][gc,phases   ] GC(72) Concurrent Mark Free 0.002ms
[2026-04-03T03:30:07.374+0600][62.493s][info][gc,phases   ] GC(72) Concurrent Process Non-Strong References 27.737ms
[2026-04-03T03:30:07.374+0600][62.493s][info][gc,phases   ] GC(72) Concurrent Reset Relocation Set 0.020ms
[2026-04-03T03:30:07.381+0600][62.500s][info][gc,phases   ] GC(72) Concurrent Select Relocation Set 7.018ms
[2026-04-03T03:30:07.390+0600][62.509s][info][gc,phases   ] GC(72) Pause Relocate Start 0.019ms
[2026-04-03T03:30:07.422+0600][62.541s][info][gc,phases   ] GC(72) Concurrent Relocate 31.779ms
[2026-04-03T03:30:07.422+0600][62.541s][info][gc,load     ] GC(72) Load: 4.22/4.47/4.96
[2026-04-03T03:30:07.422+0600][62.541s][info][gc,mmu      ] GC(72) MMU: 2ms/91.5%, 5ms/96.6%, 10ms/98.2%, 20ms/99.1%, 50ms/99.6%, 100ms/99.8%
[2026-04-03T03:30:07.422+0600][62.541s][info][gc,marking  ] GC(72) Mark: 2 stripe(s), 7 proactive flush(es), 1 terminate flush(es), 0 completion(s), 0 continuation(s) 
[2026-04-03T03:30:07.422+0600][62.541s][info][gc,marking  ] GC(72) Mark Stack Usage: 32M
[2026-04-03T03:30:07.422+0600][62.541s][info][gc,nmethod  ] GC(72) NMethods: 7413 registered, 475 unregistered
[2026-04-03T03:30:07.422+0600][62.541s][info][gc,metaspace] GC(72) Metaspace: 71M used, 72M committed, 1088M reserved
[2026-04-03T03:30:07.422+0600][62.541s][info][gc,ref      ] GC(72) Soft: 3232 encountered, 0 discovered, 0 enqueued
[2026-04-03T03:30:07.422+0600][62.541s][info][gc,ref      ] GC(72) Weak: 6770 encountered, 3576 discovered, 366 enqueued
[2026-04-03T03:30:07.422+0600][62.541s][info][gc,ref      ] GC(72) Final: 84 encountered, 81 discovered, 0 enqueued
[2026-04-03T03:30:07.422+0600][62.541s][info][gc,ref      ] GC(72) Phantom: 600 encountered, 432 discovered, 0 enqueued
[2026-04-03T03:30:07.422+0600][62.541s][info][gc,reloc    ] GC(72) Small Pages: 274 / 548M, Empty: 256M, Relocated: 8M, In-Place: 0
[2026-04-03T03:30:07.422+0600][62.541s][info][gc,reloc    ] GC(72) Medium Pages: 3 / 96M, Empty: 0M, Relocated: 18M, In-Place: 0
[2026-04-03T03:30:07.422+0600][62.541s][info][gc,reloc    ] GC(72) Large Pages: 9 / 78M, Empty: 78M, Relocated: 0M, In-Place: 0
[2026-04-03T03:30:07.422+0600][62.541s][info][gc,reloc    ] GC(72) Forwarding Usage: 7M
[2026-04-03T03:30:07.422+0600][62.541s][info][gc,heap     ] GC(72) Min Capacity: 8M(1%)
[2026-04-03T03:30:07.422+0600][62.541s][info][gc,heap     ] GC(72) Max Capacity: 1500M(100%)
[2026-04-03T03:30:07.422+0600][62.541s][info][gc,heap     ] GC(72) Soft Max Capacity: 1500M(100%)
[2026-04-03T03:30:07.422+0600][62.541s][info][gc,heap     ] GC(72)                Mark Start          Mark End        Relocate Start      Relocate End           High               Low         
[2026-04-03T03:30:07.422+0600][62.541s][info][gc,heap     ] GC(72)  Capacity:     1500M (100%)       1500M (100%)       1500M (100%)       1500M (100%)       1500M (100%)       1500M (100%)   
[2026-04-03T03:30:07.422+0600][62.541s][info][gc,heap     ] GC(72)      Free:      778M (52%)         584M (39%)         850M (57%)        1016M (68%)        1016M (68%)         562M (37%)    
[2026-04-03T03:30:07.422+0600][62.541s][info][gc,heap     ] GC(72)      Used:      722M (48%)         916M (61%)         650M (43%)         484M (32%)         938M (63%)         484M (32%)    
[2026-04-03T03:30:07.422+0600][62.541s][info][gc,heap     ] GC(72)      Live:         -               182M (12%)         182M (12%)         182M (12%)            -                  -          
[2026-04-03T03:30:07.422+0600][62.541s][info][gc,heap     ] GC(72) Allocated:         -               194M (13%)         262M (17%)         275M (18%)            -                  -          
[2026-04-03T03:30:07.422+0600][62.541s][info][gc,heap     ] GC(72)   Garbage:         -               539M (36%)         205M (14%)          25M (2%)             -                  -          
[2026-04-03T03:30:07.422+0600][62.541s][info][gc,heap     ] GC(72) Reclaimed:         -                  -               334M (22%)         513M (34%)            -                  -          
[2026-04-03T03:30:07.422+0600][62.541s][info][gc          ] GC(72) Garbage Collection (Allocation Rate) 722M(48%)->484M(32%)
[2026-04-03T03:30:07.485+0600][62.604s][info][gc,start    ] GC(73) Garbage Collection (Allocation Rate)
[2026-04-03T03:30:07.485+0600][62.604s][info][gc,task     ] GC(73) Using 3 workers
[2026-04-03T03:30:07.485+0600][62.604s][info][gc,phases   ] GC(73) Pause Mark Start 0.010ms
[2026-04-03T03:30:07.794+0600][62.912s][info][gc,phases   ] GC(73) Concurrent Mark 308.110ms
[2026-04-03T03:30:07.794+0600][62.913s][info][gc,phases   ] GC(73) Pause Mark End 0.059ms
[2026-04-03T03:30:07.794+0600][62.913s][info][gc,phases   ] GC(73) Concurrent Mark Free 0.005ms
[2026-04-03T03:30:07.806+0600][62.925s][info][gc,phases   ] GC(73) Concurrent Process Non-Strong References 11.542ms
[2026-04-03T03:30:07.806+0600][62.925s][info][gc,phases   ] GC(73) Concurrent Reset Relocation Set 0.010ms
[2026-04-03T03:30:07.811+0600][62.929s][info][gc,phases   ] GC(73) Concurrent Select Relocation Set 4.457ms
[2026-04-03T03:30:07.811+0600][62.930s][info][gc,phases   ] GC(73) Pause Relocate Start 0.021ms
[2026-04-03T03:30:07.816+0600][62.935s][info][gc,phases   ] GC(73) Concurrent Relocate 4.508ms
[2026-04-03T03:30:07.816+0600][62.935s][info][gc,load     ] GC(73) Load: 4.22/4.47/4.96
[2026-04-03T03:30:07.816+0600][62.935s][info][gc,mmu      ] GC(73) MMU: 2ms/91.5%, 5ms/96.6%, 10ms/98.2%, 20ms/99.1%, 50ms/99.6%, 100ms/99.8%
[2026-04-03T03:30:07.816+0600][62.935s][info][gc,marking  ] GC(73) Mark: 2 stripe(s), 2 proactive flush(es), 1 terminate flush(es), 0 completion(s), 0 continuation(s) 
[2026-04-03T03:30:07.816+0600][62.935s][info][gc,marking  ] GC(73) Mark Stack Usage: 32M
[2026-04-03T03:30:07.816+0600][62.935s][info][gc,nmethod  ] GC(73) NMethods: 7488 registered, 478 unregistered
[2026-04-03T03:30:07.816+0600][62.935s][info][gc,metaspace] GC(73) Metaspace: 71M used, 72M committed, 1088M reserved
[2026-04-03T03:30:07.816+0600][62.935s][info][gc,ref      ] GC(73) Soft: 3234 encountered, 0 discovered, 0 enqueued
[2026-04-03T03:30:07.816+0600][62.935s][info][gc,ref      ] GC(73) Weak: 6408 encountered, 1258 discovered, 77 enqueued
[2026-04-03T03:30:07.816+0600][62.935s][info][gc,ref      ] GC(73) Final: 84 encountered, 67 discovered, 0 enqueued
[2026-04-03T03:30:07.816+0600][62.935s][info][gc,ref      ] GC(73) Phantom: 599 encountered, 384 discovered, 0 enqueued
[2026-04-03T03:30:07.816+0600][62.935s][info][gc,reloc    ] GC(73) Small Pages: 203 / 406M, Empty: 202M, Relocated: 3M, In-Place: 0
[2026-04-03T03:30:07.816+0600][62.935s][info][gc,reloc    ] GC(73) Medium Pages: 2 / 64M, Empty: 32M, Relocated: 0M, In-Place: 0
[2026-04-03T03:30:07.816+0600][62.935s][info][gc,reloc    ] GC(73) Large Pages: 6 / 48M, Empty: 48M, Relocated: 0M, In-Place: 0
[2026-04-03T03:30:07.816+0600][62.935s][info][gc,reloc    ] GC(73) Forwarding Usage: 1M
[2026-04-03T03:30:07.816+0600][62.935s][info][gc,heap     ] GC(73) Min Capacity: 8M(1%)
[2026-04-03T03:30:07.816+0600][62.935s][info][gc,heap     ] GC(73) Max Capacity: 1500M(100%)
[2026-04-03T03:30:07.816+0600][62.935s][info][gc,heap     ] GC(73) Soft Max Capacity: 1500M(100%)
[2026-04-03T03:30:07.816+0600][62.935s][info][gc,heap     ] GC(73)                Mark Start          Mark End        Relocate Start      Relocate End           High               Low         
[2026-04-03T03:30:07.816+0600][62.935s][info][gc,heap     ] GC(73)  Capacity:     1500M (100%)       1500M (100%)       1500M (100%)       1500M (100%)       1500M (100%)       1500M (100%)   
[2026-04-03T03:30:07.816+0600][62.935s][info][gc,heap     ] GC(73)      Free:      982M (65%)         784M (52%)        1048M (70%)        1070M (71%)        1074M (72%)         772M (51%)    
[2026-04-03T03:30:07.816+0600][62.935s][info][gc,heap     ] GC(73)      Used:      518M (35%)         716M (48%)         452M (30%)         430M (29%)         728M (49%)         426M (28%)    
[2026-04-03T03:30:07.816+0600][62.935s][info][gc,heap     ] GC(73)      Live:         -               169M (11%)         169M (11%)         169M (11%)            -                  -          
[2026-04-03T03:30:07.816+0600][62.935s][info][gc,heap     ] GC(73) Allocated:         -               198M (13%)         216M (14%)         227M (15%)            -                  -          
[2026-04-03T03:30:07.816+0600][62.935s][info][gc,heap     ] GC(73)   Garbage:         -               348M (23%)          66M (4%)           32M (2%)             -                  -          
[2026-04-03T03:30:07.816+0600][62.935s][info][gc,heap     ] GC(73) Reclaimed:         -                  -               282M (19%)         315M (21%)            -                  -          
[2026-04-03T03:30:07.816+0600][62.935s][info][gc          ] GC(73) Garbage Collection (Allocation Rate) 518M(35%)->430M(29%)
[2026-04-03T03:30:07.886+0600][63.004s][info][gc,start    ] GC(74) Garbage Collection (Allocation Rate)
[2026-04-03T03:30:07.886+0600][63.004s][info][gc,task     ] GC(74) Using 3 workers
[2026-04-03T03:30:07.886+0600][63.005s][info][gc,phases   ] GC(74) Pause Mark Start 0.012ms
[2026-04-03T03:30:08.286+0600][63.404s][info][gc,phases   ] GC(74) Concurrent Mark 399.697ms
[2026-04-03T03:30:08.286+0600][63.405s][info][gc,phases   ] GC(74) Pause Mark End 0.049ms
[2026-04-03T03:30:08.286+0600][63.405s][info][gc,phases   ] GC(74) Concurrent Mark Free 0.002ms
[2026-04-03T03:30:08.298+0600][63.417s][info][gc,phases   ] GC(74) Concurrent Process Non-Strong References 11.553ms
[2026-04-03T03:30:08.298+0600][63.417s][info][gc,phases   ] GC(74) Concurrent Reset Relocation Set 0.007ms
[2026-04-03T03:30:08.312+0600][63.431s][info][gc,phases   ] GC(74) Concurrent Select Relocation Set 13.907ms
[2026-04-03T03:30:08.312+0600][63.431s][info][gc,phases   ] GC(74) Pause Relocate Start 0.017ms
[2026-04-03T03:30:08.356+0600][63.475s][info][gc,phases   ] GC(74) Concurrent Relocate 43.680ms
[2026-04-03T03:30:08.356+0600][63.475s][info][gc,load     ] GC(74) Load: 4.22/4.47/4.96
[2026-04-03T03:30:08.356+0600][63.475s][info][gc,mmu      ] GC(74) MMU: 2ms/91.5%, 5ms/96.6%, 10ms/98.2%, 20ms/99.1%, 50ms/99.6%, 100ms/99.8%
[2026-04-03T03:30:08.356+0600][63.475s][info][gc,marking  ] GC(74) Mark: 2 stripe(s), 9 proactive flush(es), 1 terminate flush(es), 0 completion(s), 0 continuation(s) 
[2026-04-03T03:30:08.356+0600][63.475s][info][gc,marking  ] GC(74) Mark Stack Usage: 32M
[2026-04-03T03:30:08.356+0600][63.475s][info][gc,nmethod  ] GC(74) NMethods: 7489 registered, 483 unregistered
[2026-04-03T03:30:08.356+0600][63.475s][info][gc,metaspace] GC(74) Metaspace: 71M used, 72M committed, 1088M reserved
[2026-04-03T03:30:08.356+0600][63.475s][info][gc,ref      ] GC(74) Soft: 3255 encountered, 0 discovered, 0 enqueued
[2026-04-03T03:30:08.356+0600][63.475s][info][gc,ref      ] GC(74) Weak: 6535 encountered, 3433 discovered, 165 enqueued
[2026-04-03T03:30:08.356+0600][63.475s][info][gc,ref      ] GC(74) Final: 84 encountered, 52 discovered, 0 enqueued
[2026-04-03T03:30:08.356+0600][63.475s][info][gc,ref      ] GC(74) Phantom: 601 encountered, 409 discovered, 0 enqueued
[2026-04-03T03:30:08.356+0600][63.475s][info][gc,reloc    ] GC(74) Small Pages: 174 / 348M, Empty: 0M, Relocated: 24M, In-Place: 0
[2026-04-03T03:30:08.356+0600][63.475s][info][gc,reloc    ] GC(74) Medium Pages: 2 / 64M, Empty: 32M, Relocated: 0M, In-Place: 0
[2026-04-03T03:30:08.356+0600][63.475s][info][gc,reloc    ] GC(74) Large Pages: 7 / 54M, Empty: 18M, Relocated: 0M, In-Place: 0
[2026-04-03T03:30:08.356+0600][63.475s][info][gc,reloc    ] GC(74) Forwarding Usage: 24M
[2026-04-03T03:30:08.356+0600][63.475s][info][gc,heap     ] GC(74) Min Capacity: 8M(1%)
[2026-04-03T03:30:08.356+0600][63.475s][info][gc,heap     ] GC(74) Max Capacity: 1500M(100%)
[2026-04-03T03:30:08.356+0600][63.475s][info][gc,heap     ] GC(74) Soft Max Capacity: 1500M(100%)
[2026-04-03T03:30:08.356+0600][63.475s][info][gc,heap     ] GC(74)                Mark Start          Mark End        Relocate Start      Relocate End           High               Low         
[2026-04-03T03:30:08.356+0600][63.475s][info][gc,heap     ] GC(74)  Capacity:     1500M (100%)       1500M (100%)       1500M (100%)       1500M (100%)       1500M (100%)       1500M (100%)   
[2026-04-03T03:30:08.356+0600][63.475s][info][gc,heap     ] GC(74)      Free:     1034M (69%)         900M (60%)         942M (63%)        1082M (72%)        1082M (72%)         896M (60%)    
[2026-04-03T03:30:08.356+0600][63.475s][info][gc,heap     ] GC(74)      Used:      466M (31%)         600M (40%)         558M (37%)         418M (28%)         604M (40%)         418M (28%)    
[2026-04-03T03:30:08.356+0600][63.475s][info][gc,heap     ] GC(74)      Live:         -               228M (15%)         228M (15%)         228M (15%)            -                  -          
[2026-04-03T03:30:08.356+0600][63.475s][info][gc,heap     ] GC(74) Allocated:         -               134M (9%)          142M (9%)          155M (10%)            -                  -          
[2026-04-03T03:30:08.357+0600][63.475s][info][gc,heap     ] GC(74)   Garbage:         -               237M (16%)         187M (13%)          34M (2%)             -                  -          
[2026-04-03T03:30:08.357+0600][63.475s][info][gc,heap     ] GC(74) Reclaimed:         -                  -                50M (3%)          203M (14%)            -                  -          
[2026-04-03T03:30:08.357+0600][63.475s][info][gc          ] GC(74) Garbage Collection (Allocation Rate) 466M(31%)->418M(28%)
[2026-04-03T03:30:08.585+0600][63.703s][info][gc,start    ] GC(75) Garbage Collection (Allocation Rate)
[2026-04-03T03:30:08.585+0600][63.704s][info][gc,task     ] GC(75) Using 3 workers
[2026-04-03T03:30:08.585+0600][63.704s][info][gc,phases   ] GC(75) Pause Mark Start 0.021ms
[2026-04-03T03:30:08.890+0600][64.008s][info][gc,phases   ] GC(75) Concurrent Mark 304.298ms
[2026-04-03T03:30:08.890+0600][64.008s][info][gc,phases   ] GC(75) Pause Mark End 0.034ms
[2026-04-03T03:30:08.890+0600][64.009s][info][gc,phases   ] GC(75) Concurrent Mark Free 0.004ms
[2026-04-03T03:30:08.901+0600][64.019s][info][gc,phases   ] GC(75) Concurrent Process Non-Strong References 10.392ms
[2026-04-03T03:30:08.901+0600][64.019s][info][gc,phases   ] GC(75) Concurrent Reset Relocation Set 0.010ms
[2026-04-03T03:30:08.906+0600][64.024s][info][gc,phases   ] GC(75) Concurrent Select Relocation Set 5.046ms
[2026-04-03T03:30:08.906+0600][64.025s][info][gc,phases   ] GC(75) Pause Relocate Start 0.041ms
[2026-04-03T03:30:08.953+0600][64.072s][info][gc,phases   ] GC(75) Concurrent Relocate 46.505ms
[2026-04-03T03:30:08.953+0600][64.072s][info][gc,load     ] GC(75) Load: 4.22/4.47/4.96
[2026-04-03T03:30:08.953+0600][64.072s][info][gc,mmu      ] GC(75) MMU: 2ms/91.5%, 5ms/96.6%, 10ms/98.2%, 20ms/99.1%, 50ms/99.6%, 100ms/99.8%
[2026-04-03T03:30:08.953+0600][64.072s][info][gc,marking  ] GC(75) Mark: 2 stripe(s), 2 proactive flush(es), 1 terminate flush(es), 0 completion(s), 0 continuation(s) 
[2026-04-03T03:30:08.953+0600][64.072s][info][gc,marking  ] GC(75) Mark Stack Usage: 32M
[2026-04-03T03:30:08.953+0600][64.072s][info][gc,nmethod  ] GC(75) NMethods: 7531 registered, 492 unregistered
[2026-04-03T03:30:08.953+0600][64.072s][info][gc,metaspace] GC(75) Metaspace: 71M used, 72M committed, 1088M reserved
[2026-04-03T03:30:08.953+0600][64.072s][info][gc,ref      ] GC(75) Soft: 3255 encountered, 0 discovered, 0 enqueued
[2026-04-03T03:30:08.953+0600][64.072s][info][gc,ref      ] GC(75) Weak: 6464 encountered, 2927 discovered, 23 enqueued
[2026-04-03T03:30:08.953+0600][64.072s][info][gc,ref      ] GC(75) Final: 84 encountered, 52 discovered, 0 enqueued
[2026-04-03T03:30:08.953+0600][64.072s][info][gc,ref      ] GC(75) Phantom: 602 encountered, 471 discovered, 0 enqueued
[2026-04-03T03:30:08.953+0600][64.072s][info][gc,reloc    ] GC(75) Small Pages: 333 / 666M, Empty: 170M, Relocated: 26M, In-Place: 0
[2026-04-03T03:30:08.953+0600][64.072s][info][gc,reloc    ] GC(75) Medium Pages: 2 / 64M, Empty: 0M, Relocated: 17M, In-Place: 0
[2026-04-03T03:30:08.953+0600][64.072s][info][gc,reloc    ] GC(75) Large Pages: 5 / 42M, Empty: 42M, Relocated: 0M, In-Place: 0
[2026-04-03T03:30:08.953+0600][64.072s][info][gc,reloc    ] GC(75) Forwarding Usage: 24M
[2026-04-03T03:30:08.953+0600][64.072s][info][gc,heap     ] GC(75) Min Capacity: 8M(1%)
[2026-04-03T03:30:08.953+0600][64.072s][info][gc,heap     ] GC(75) Max Capacity: 1500M(100%)
[2026-04-03T03:30:08.953+0600][64.072s][info][gc,heap     ] GC(75) Soft Max Capacity: 1500M(100%)
[2026-04-03T03:30:08.953+0600][64.072s][info][gc,heap     ] GC(75)                Mark Start          Mark End        Relocate Start      Relocate End           High               Low         
[2026-04-03T03:30:08.953+0600][64.072s][info][gc,heap     ] GC(75)  Capacity:     1500M (100%)       1500M (100%)       1500M (100%)       1500M (100%)       1500M (100%)       1500M (100%)   
[2026-04-03T03:30:08.953+0600][64.072s][info][gc,heap     ] GC(75)      Free:      728M (49%)         310M (21%)         506M (34%)         820M (55%)         820M (55%)         306M (20%)    
[2026-04-03T03:30:08.953+0600][64.072s][info][gc,heap     ] GC(75)      Used:      772M (51%)        1190M (79%)         994M (66%)         680M (45%)        1194M (80%)         680M (45%)    
[2026-04-03T03:30:08.953+0600][64.072s][info][gc,heap     ] GC(75)      Live:         -               200M (13%)         200M (13%)         200M (13%)            -                  -          
[2026-04-03T03:30:08.953+0600][64.072s][info][gc,heap     ] GC(75) Allocated:         -               418M (28%)         434M (29%)         453M (30%)            -                  -          
[2026-04-03T03:30:08.953+0600][64.072s][info][gc,heap     ] GC(75)   Garbage:         -               571M (38%)         359M (24%)          26M (2%)             -                  -          
[2026-04-03T03:30:08.953+0600][64.072s][info][gc,heap     ] GC(75) Reclaimed:         -                  -               212M (14%)         545M (36%)            -                  -          
[2026-04-03T03:30:08.953+0600][64.072s][info][gc          ] GC(75) Garbage Collection (Allocation Rate) 772M(51%)->680M(45%)
[2026-04-03T03:30:08.985+0600][64.104s][info][gc,start    ] GC(76) Garbage Collection (Allocation Rate)
[2026-04-03T03:30:08.986+0600][64.104s][info][gc,task     ] GC(76) Using 3 workers
[2026-04-03T03:30:08.986+0600][64.104s][info][gc,phases   ] GC(76) Pause Mark Start 0.011ms
[2026-04-03T03:30:09.593+0600][64.712s][info][gc,phases   ] GC(76) Concurrent Mark 607.315ms
[2026-04-03T03:30:09.594+0600][64.712s][info][gc,phases   ] GC(76) Pause Mark End 0.044ms
[2026-04-03T03:30:09.594+0600][64.712s][info][gc,phases   ] GC(76) Concurrent Mark Free 0.005ms
[2026-04-03T03:30:09.608+0600][64.726s][info][gc,phases   ] GC(76) Concurrent Process Non-Strong References 13.934ms
[2026-04-03T03:30:09.608+0600][64.727s][info][gc,phases   ] GC(76) Concurrent Reset Relocation Set 0.026ms
[2026-04-03T03:30:09.629+0600][64.748s][info][gc,phases   ] GC(76) Concurrent Select Relocation Set 21.385ms
[2026-04-03T03:30:09.630+0600][64.748s][info][gc,phases   ] GC(76) Pause Relocate Start 0.025ms
[2026-04-03T03:30:09.729+0600][64.848s][info][gc,phases   ] GC(76) Concurrent Relocate 99.173ms
[2026-04-03T03:30:09.729+0600][64.848s][info][gc,load     ] GC(76) Load: 4.22/4.47/4.96
[2026-04-03T03:30:09.730+0600][64.848s][info][gc,mmu      ] GC(76) MMU: 2ms/91.5%, 5ms/96.6%, 10ms/98.2%, 20ms/99.1%, 50ms/99.6%, 100ms/99.8%
[2026-04-03T03:30:09.730+0600][64.848s][info][gc,marking  ] GC(76) Mark: 2 stripe(s), 4 proactive flush(es), 1 terminate flush(es), 0 completion(s), 0 continuation(s) 
[2026-04-03T03:30:09.730+0600][64.848s][info][gc,marking  ] GC(76) Mark Stack Usage: 32M
[2026-04-03T03:30:09.730+0600][64.848s][info][gc,nmethod  ] GC(76) NMethods: 7558 registered, 492 unregistered
[2026-04-03T03:30:09.730+0600][64.848s][info][gc,metaspace] GC(76) Metaspace: 71M used, 72M committed, 1088M reserved
[2026-04-03T03:30:09.730+0600][64.848s][info][gc,ref      ] GC(76) Soft: 3255 encountered, 0 discovered, 0 enqueued
[2026-04-03T03:30:09.730+0600][64.848s][info][gc,ref      ] GC(76) Weak: 6449 encountered, 2884 discovered, 2 enqueued
[2026-04-03T03:30:09.730+0600][64.848s][info][gc,ref      ] GC(76) Final: 84 encountered, 67 discovered, 0 enqueued
[2026-04-03T03:30:09.730+0600][64.848s][info][gc,ref      ] GC(76) Phantom: 599 encountered, 372 discovered, 0 enqueued
[2026-04-03T03:30:09.730+0600][64.848s][info][gc,reloc    ] GC(76) Small Pages: 306 / 612M, Empty: 0M, Relocated: 50M, In-Place: 0
[2026-04-03T03:30:09.730+0600][64.848s][info][gc,reloc    ] GC(76) Medium Pages: 2 / 64M, Empty: 0M, Relocated: 13M, In-Place: 0
[2026-04-03T03:30:09.730+0600][64.848s][info][gc,reloc    ] GC(76) Large Pages: 3 / 18M, Empty: 0M, Relocated: 0M, In-Place: 0
[2026-04-03T03:30:09.730+0600][64.848s][info][gc,reloc    ] GC(76) Forwarding Usage: 48M
[2026-04-03T03:30:09.730+0600][64.848s][info][gc,heap     ] GC(76) Min Capacity: 8M(1%)
[2026-04-03T03:30:09.730+0600][64.848s][info][gc,heap     ] GC(76) Max Capacity: 1500M(100%)
[2026-04-03T03:30:09.730+0600][64.848s][info][gc,heap     ] GC(76) Soft Max Capacity: 1500M(100%)
[2026-04-03T03:30:09.730+0600][64.848s][info][gc,heap     ] GC(76)                Mark Start          Mark End        Relocate Start      Relocate End           High               Low         
[2026-04-03T03:30:09.730+0600][64.848s][info][gc,heap     ] GC(76)  Capacity:     1500M (100%)       1500M (100%)       1500M (100%)       1500M (100%)       1500M (100%)       1500M (100%)   
[2026-04-03T03:30:09.730+0600][64.848s][info][gc,heap     ] GC(76)      Free:      806M (54%)         682M (45%)         668M (45%)         984M (66%)         984M (66%)         634M (42%)    
[2026-04-03T03:30:09.730+0600][64.848s][info][gc,heap     ] GC(76)      Used:      694M (46%)         818M (55%)         832M (55%)         516M (34%)         866M (58%)         516M (34%)    
[2026-04-03T03:30:09.730+0600][64.848s][info][gc,heap     ] GC(76)      Live:         -               263M (18%)         263M (18%)         263M (18%)            -                  -          
[2026-04-03T03:30:09.730+0600][64.848s][info][gc,heap     ] GC(76) Allocated:         -               124M (8%)          138M (9%)          221M (15%)            -                  -          
[2026-04-03T03:30:09.730+0600][64.848s][info][gc,heap     ] GC(76)   Garbage:         -               430M (29%)         430M (29%)          30M (2%)             -                  -          
[2026-04-03T03:30:09.730+0600][64.849s][info][gc,heap     ] GC(76) Reclaimed:         -                  -                 0M (0%)          399M (27%)            -                  -          
[2026-04-03T03:30:09.730+0600][64.849s][info][gc          ] GC(76) Garbage Collection (Allocation Rate) 694M(46%)->516M(34%)
[2026-04-03T03:30:09.785+0600][64.903s][info][gc,start    ] GC(77) Garbage Collection (Allocation Rate)
[2026-04-03T03:30:09.785+0600][64.903s][info][gc,task     ] GC(77) Using 3 workers
[2026-04-03T03:30:09.785+0600][64.904s][info][gc,phases   ] GC(77) Pause Mark Start 0.022ms
[2026-04-03T03:30:10.161+0600][65.280s][info][gc,phases   ] GC(77) Concurrent Mark 375.604ms
[2026-04-03T03:30:10.161+0600][65.280s][info][gc,phases   ] GC(77) Pause Mark End 0.029ms
[2026-04-03T03:30:10.161+0600][65.280s][info][gc,phases   ] GC(77) Concurrent Mark Free 0.001ms
[2026-04-03T03:30:10.170+0600][65.289s][info][gc,phases   ] GC(77) Concurrent Process Non-Strong References 8.621ms
[2026-04-03T03:30:10.170+0600][65.289s][info][gc,phases   ] GC(77) Concurrent Reset Relocation Set 0.050ms
[2026-04-03T03:30:10.177+0600][65.296s][info][gc,phases   ] GC(77) Concurrent Select Relocation Set 7.212ms
[2026-04-03T03:30:10.178+0600][65.296s][info][gc,phases   ] GC(77) Pause Relocate Start 0.018ms
[2026-04-03T03:30:10.242+0600][65.361s][info][gc,phases   ] GC(77) Concurrent Relocate 64.449ms
[2026-04-03T03:30:10.243+0600][65.361s][info][gc,load     ] GC(77) Load: 4.22/4.47/4.96
[2026-04-03T03:30:10.243+0600][65.361s][info][gc,mmu      ] GC(77) MMU: 2ms/91.5%, 5ms/96.6%, 10ms/98.2%, 20ms/99.1%, 50ms/99.6%, 100ms/99.8%
[2026-04-03T03:30:10.243+0600][65.361s][info][gc,marking  ] GC(77) Mark: 2 stripe(s), 6 proactive flush(es), 1 terminate flush(es), 0 completion(s), 0 continuation(s) 
[2026-04-03T03:30:10.243+0600][65.361s][info][gc,marking  ] GC(77) Mark Stack Usage: 32M
[2026-04-03T03:30:10.243+0600][65.361s][info][gc,nmethod  ] GC(77) NMethods: 7589 registered, 494 unregistered
[2026-04-03T03:30:10.243+0600][65.361s][info][gc,metaspace] GC(77) Metaspace: 71M used, 72M committed, 1088M reserved
[2026-04-03T03:30:10.243+0600][65.361s][info][gc,ref      ] GC(77) Soft: 3264 encountered, 0 discovered, 0 enqueued
[2026-04-03T03:30:10.243+0600][65.361s][info][gc,ref      ] GC(77) Weak: 6459 encountered, 4294 discovered, 4 enqueued
[2026-04-03T03:30:10.243+0600][65.361s][info][gc,ref      ] GC(77) Final: 84 encountered, 81 discovered, 0 enqueued
[2026-04-03T03:30:10.243+0600][65.361s][info][gc,ref      ] GC(77) Phantom: 599 encountered, 429 discovered, 0 enqueued
[2026-04-03T03:30:10.243+0600][65.361s][info][gc,reloc    ] GC(77) Small Pages: 195 / 390M, Empty: 32M, Relocated: 38M, In-Place: 0
[2026-04-03T03:30:10.243+0600][65.361s][info][gc,reloc    ] GC(77) Medium Pages: 4 / 128M, Empty: 0M, Relocated: 22M, In-Place: 0
[2026-04-03T03:30:10.243+0600][65.361s][info][gc,reloc    ] GC(77) Large Pages: 9 / 54M, Empty: 30M, Relocated: 0M, In-Place: 0
[2026-04-03T03:30:10.243+0600][65.361s][info][gc,reloc    ] GC(77) Forwarding Usage: 38M
[2026-04-03T03:30:10.243+0600][65.361s][info][gc,heap     ] GC(77) Min Capacity: 8M(1%)
[2026-04-03T03:30:10.243+0600][65.361s][info][gc,heap     ] GC(77) Max Capacity: 1500M(100%)
[2026-04-03T03:30:10.243+0600][65.361s][info][gc,heap     ] GC(77) Soft Max Capacity: 1500M(100%)
[2026-04-03T03:30:10.243+0600][65.361s][info][gc,heap     ] GC(77)                Mark Start          Mark End        Relocate Start      Relocate End           High               Low         
[2026-04-03T03:30:10.243+0600][65.361s][info][gc,heap     ] GC(77)  Capacity:     1500M (100%)       1500M (100%)       1500M (100%)       1500M (100%)       1500M (100%)       1500M (100%)   
[2026-04-03T03:30:10.243+0600][65.361s][info][gc,heap     ] GC(77)      Free:      928M (62%)         682M (45%)         744M (50%)         954M (64%)         954M (64%)         682M (45%)    
[2026-04-03T03:30:10.243+0600][65.361s][info][gc,heap     ] GC(77)      Used:      572M (38%)         818M (55%)         756M (50%)         546M (36%)         818M (55%)         546M (36%)    
[2026-04-03T03:30:10.243+0600][65.361s][info][gc,heap     ] GC(77)      Live:         -               259M (17%)         259M (17%)         259M (17%)            -                  -          
[2026-04-03T03:30:10.243+0600][65.361s][info][gc,heap     ] GC(77) Allocated:         -               246M (16%)         246M (16%)         244M (16%)            -                  -          
[2026-04-03T03:30:10.243+0600][65.361s][info][gc,heap     ] GC(77)   Garbage:         -               312M (21%)         250M (17%)          41M (3%)             -                  -          
[2026-04-03T03:30:10.243+0600][65.362s][info][gc,heap     ] GC(77) Reclaimed:         -                  -                62M (4%)          270M (18%)            -                  -          
[2026-04-03T03:30:10.243+0600][65.362s][info][gc          ] GC(77) Garbage Collection (Allocation Rate) 572M(38%)->546M(36%)
[2026-04-03T03:30:10.285+0600][65.404s][info][gc,start    ] GC(78) Garbage Collection (Allocation Rate)
[2026-04-03T03:30:10.285+0600][65.404s][info][gc,task     ] GC(78) Using 3 workers
[2026-04-03T03:30:10.286+0600][65.404s][info][gc,phases   ] GC(78) Pause Mark Start 0.029ms
[2026-04-03T03:30:10.617+0600][65.735s][info][gc,phases   ] GC(78) Concurrent Mark 330.773ms
[2026-04-03T03:30:10.617+0600][65.735s][info][gc,phases   ] GC(78) Pause Mark End 0.026ms
[2026-04-03T03:30:10.617+0600][65.736s][info][gc,phases   ] GC(78) Concurrent Mark Free 0.001ms
[2026-04-03T03:30:10.625+0600][65.743s][info][gc,phases   ] GC(78) Concurrent Process Non-Strong References 7.787ms
[2026-04-03T03:30:10.625+0600][65.744s][info][gc,phases   ] GC(78) Concurrent Reset Relocation Set 0.023ms
[2026-04-03T03:30:10.631+0600][65.749s][info][gc,phases   ] GC(78) Concurrent Select Relocation Set 5.872ms
[2026-04-03T03:30:10.631+0600][65.750s][info][gc,phases   ] GC(78) Pause Relocate Start 0.014ms
[2026-04-03T03:30:10.673+0600][65.792s][info][gc,phases   ] GC(78) Concurrent Relocate 41.952ms
[2026-04-03T03:30:10.673+0600][65.792s][info][gc,load     ] GC(78) Load: 4.28/4.47/4.96
[2026-04-03T03:30:10.673+0600][65.792s][info][gc,mmu      ] GC(78) MMU: 2ms/91.5%, 5ms/96.6%, 10ms/98.2%, 20ms/99.1%, 50ms/99.6%, 100ms/99.8%
[2026-04-03T03:30:10.673+0600][65.792s][info][gc,marking  ] GC(78) Mark: 2 stripe(s), 2 proactive flush(es), 1 terminate flush(es), 0 completion(s), 0 continuation(s) 
[2026-04-03T03:30:10.673+0600][65.792s][info][gc,marking  ] GC(78) Mark Stack Usage: 32M
[2026-04-03T03:30:10.673+0600][65.792s][info][gc,nmethod  ] GC(78) NMethods: 7608 registered, 498 unregistered
[2026-04-03T03:30:10.673+0600][65.792s][info][gc,metaspace] GC(78) Metaspace: 71M used, 72M committed, 1088M reserved
[2026-04-03T03:30:10.673+0600][65.792s][info][gc,ref      ] GC(78) Soft: 3263 encountered, 0 discovered, 0 enqueued
[2026-04-03T03:30:10.673+0600][65.792s][info][gc,ref      ] GC(78) Weak: 6485 encountered, 3287 discovered, 0 enqueued
[2026-04-03T03:30:10.673+0600][65.792s][info][gc,ref      ] GC(78) Final: 84 encountered, 84 discovered, 0 enqueued
[2026-04-03T03:30:10.674+0600][65.792s][info][gc,ref      ] GC(78) Phantom: 599 encountered, 280 discovered, 0 enqueued
[2026-04-03T03:30:10.674+0600][65.792s][info][gc,reloc    ] GC(78) Small Pages: 182 / 364M, Empty: 2M, Relocated: 29M, In-Place: 0
[2026-04-03T03:30:10.674+0600][65.792s][info][gc,reloc    ] GC(78) Medium Pages: 4 / 128M, Empty: 32M, Relocated: 25M, In-Place: 0
[2026-04-03T03:30:10.674+0600][65.792s][info][gc,reloc    ] GC(78) Large Pages: 9 / 54M, Empty: 48M, Relocated: 0M, In-Place: 0
[2026-04-03T03:30:10.674+0600][65.792s][info][gc,reloc    ] GC(78) Forwarding Usage: 28M
[2026-04-03T03:30:10.674+0600][65.792s][info][gc,heap     ] GC(78) Min Capacity: 8M(1%)
[2026-04-03T03:30:10.674+0600][65.792s][info][gc,heap     ] GC(78) Max Capacity: 1500M(100%)
[2026-04-03T03:30:10.674+0600][65.792s][info][gc,heap     ] GC(78) Soft Max Capacity: 1500M(100%)
[2026-04-03T03:30:10.674+0600][65.792s][info][gc,heap     ] GC(78)                Mark Start          Mark End        Relocate Start      Relocate End           High               Low         
[2026-04-03T03:30:10.674+0600][65.792s][info][gc,heap     ] GC(78)  Capacity:     1500M (100%)       1500M (100%)       1500M (100%)       1500M (100%)       1500M (100%)       1500M (100%)   
[2026-04-03T03:30:10.674+0600][65.792s][info][gc,heap     ] GC(78)      Free:      954M (64%)         854M (57%)         922M (61%)        1098M (73%)        1100M (73%)         844M (56%)    
[2026-04-03T03:30:10.674+0600][65.792s][info][gc,heap     ] GC(78)      Used:      546M (36%)         646M (43%)         578M (39%)         402M (27%)         656M (44%)         400M (27%)    
[2026-04-03T03:30:10.674+0600][65.792s][info][gc,heap     ] GC(78)      Live:         -               231M (15%)         231M (15%)         231M (15%)            -                  -          
[2026-04-03T03:30:10.674+0600][65.792s][info][gc,heap     ] GC(78) Allocated:         -               100M (7%)          114M (8%)          149M (10%)            -                  -          
[2026-04-03T03:30:10.674+0600][65.792s][info][gc,heap     ] GC(78)   Garbage:         -               314M (21%)         232M (15%)          20M (1%)             -                  -          
[2026-04-03T03:30:10.674+0600][65.792s][info][gc,heap     ] GC(78) Reclaimed:         -                  -                82M (5%)          293M (20%)            -                  -          
[2026-04-03T03:30:10.674+0600][65.792s][info][gc          ] GC(78) Garbage Collection (Allocation Rate) 546M(36%)->402M(27%)
[2026-04-03T03:30:10.985+0600][66.104s][info][gc,start    ] GC(79) Garbage Collection (Allocation Rate)
[2026-04-03T03:30:10.985+0600][66.104s][info][gc,task     ] GC(79) Using 3 workers
[2026-04-03T03:30:10.986+0600][66.104s][info][gc,phases   ] GC(79) Pause Mark Start 0.012ms
[2026-04-03T03:30:11.314+0600][66.433s][info][gc,phases   ] GC(79) Concurrent Mark 328.594ms
[2026-04-03T03:30:11.315+0600][66.433s][info][gc,phases   ] GC(79) Pause Mark End 0.021ms
[2026-04-03T03:30:11.315+0600][66.433s][info][gc,phases   ] GC(79) Concurrent Mark Free 0.001ms
[2026-04-03T03:30:11.322+0600][66.440s][info][gc,phases   ] GC(79) Concurrent Process Non-Strong References 6.909ms
[2026-04-03T03:30:11.322+0600][66.440s][info][gc,phases   ] GC(79) Concurrent Reset Relocation Set 0.018ms
[2026-04-03T03:30:11.328+0600][66.446s][info][gc,phases   ] GC(79) Concurrent Select Relocation Set 6.108ms
[2026-04-03T03:30:11.328+0600][66.447s][info][gc,phases   ] GC(79) Pause Relocate Start 0.013ms
[2026-04-03T03:30:11.352+0600][66.471s][info][gc,phases   ] GC(79) Concurrent Relocate 24.330ms
[2026-04-03T03:30:11.353+0600][66.471s][info][gc,load     ] GC(79) Load: 4.28/4.47/4.96
[2026-04-03T03:30:11.353+0600][66.471s][info][gc,mmu      ] GC(79) MMU: 2ms/91.5%, 5ms/96.6%, 10ms/98.2%, 20ms/99.1%, 50ms/99.6%, 100ms/99.8%
[2026-04-03T03:30:11.353+0600][66.471s][info][gc,marking  ] GC(79) Mark: 2 stripe(s), 2 proactive flush(es), 1 terminate flush(es), 0 completion(s), 0 continuation(s) 
[2026-04-03T03:30:11.353+0600][66.471s][info][gc,marking  ] GC(79) Mark Stack Usage: 32M
[2026-04-03T03:30:11.353+0600][66.471s][info][gc,nmethod  ] GC(79) NMethods: 7698 registered, 504 unregistered
[2026-04-03T03:30:11.353+0600][66.471s][info][gc,metaspace] GC(79) Metaspace: 72M used, 72M committed, 1088M reserved
[2026-04-03T03:30:11.353+0600][66.471s][info][gc,ref      ] GC(79) Soft: 3262 encountered, 0 discovered, 0 enqueued
[2026-04-03T03:30:11.353+0600][66.471s][info][gc,ref      ] GC(79) Weak: 6359 encountered, 810 discovered, 150 enqueued
[2026-04-03T03:30:11.353+0600][66.471s][info][gc,ref      ] GC(79) Final: 84 encountered, 19 discovered, 0 enqueued
[2026-04-03T03:30:11.353+0600][66.471s][info][gc,ref      ] GC(79) Phantom: 599 encountered, 409 discovered, 0 enqueued
[2026-04-03T03:30:11.353+0600][66.471s][info][gc,reloc    ] GC(79) Small Pages: 452 / 904M, Empty: 470M, Relocated: 24M, In-Place: 0
[2026-04-03T03:30:11.353+0600][66.471s][info][gc,reloc    ] GC(79) Medium Pages: 2 / 64M, Empty: 32M, Relocated: 0M, In-Place: 0
[2026-04-03T03:30:11.353+0600][66.471s][info][gc,reloc    ] GC(79) Large Pages: 9 / 58M, Empty: 46M, Relocated: 0M, In-Place: 0
[2026-04-03T03:30:11.353+0600][66.471s][info][gc,reloc    ] GC(79) Forwarding Usage: 23M
[2026-04-03T03:30:11.353+0600][66.471s][info][gc,heap     ] GC(79) Min Capacity: 8M(1%)
[2026-04-03T03:30:11.353+0600][66.471s][info][gc,heap     ] GC(79) Max Capacity: 1500M(100%)
[2026-04-03T03:30:11.353+0600][66.471s][info][gc,heap     ] GC(79) Soft Max Capacity: 1500M(100%)
[2026-04-03T03:30:11.353+0600][66.471s][info][gc,heap     ] GC(79)                Mark Start          Mark End        Relocate Start      Relocate End           High               Low         
[2026-04-03T03:30:11.353+0600][66.471s][info][gc,heap     ] GC(79)  Capacity:     1500M (100%)       1500M (100%)       1500M (100%)       1500M (100%)       1500M (100%)       1500M (100%)   
[2026-04-03T03:30:11.353+0600][66.471s][info][gc,heap     ] GC(79)      Free:      474M (32%)         270M (18%)         818M (55%)         966M (64%)         966M (64%)         270M (18%)    
[2026-04-03T03:30:11.353+0600][66.471s][info][gc,heap     ] GC(79)      Used:     1026M (68%)        1230M (82%)         682M (45%)         534M (36%)        1230M (82%)         534M (36%)    
[2026-04-03T03:30:11.353+0600][66.471s][info][gc,heap     ] GC(79)      Live:         -               295M (20%)         295M (20%)         295M (20%)            -                  -          
[2026-04-03T03:30:11.353+0600][66.471s][info][gc,heap     ] GC(79) Allocated:         -               204M (14%)         204M (14%)         203M (14%)            -                  -          
[2026-04-03T03:30:11.353+0600][66.472s][info][gc,heap     ] GC(79)   Garbage:         -               730M (49%)         182M (12%)          34M (2%)             -                  -          
[2026-04-03T03:30:11.353+0600][66.472s][info][gc,heap     ] GC(79) Reclaimed:         -                  -               548M (37%)         695M (46%)            -                  -          
[2026-04-03T03:30:11.353+0600][66.472s][info][gc          ] GC(79) Garbage Collection (Allocation Rate) 1026M(68%)->534M(36%)
[2026-04-03T03:30:11.385+0600][66.503s][info][gc,start    ] GC(80) Garbage Collection (Allocation Rate)
[2026-04-03T03:30:11.385+0600][66.503s][info][gc,task     ] GC(80) Using 3 workers
[2026-04-03T03:30:11.385+0600][66.504s][info][gc,phases   ] GC(80) Pause Mark Start 0.010ms
[2026-04-03T03:30:11.406+0600][66.525s][info][gc,phases   ] GC(80) Concurrent Mark 20.868ms
[2026-04-03T03:30:11.406+0600][66.525s][info][gc,phases   ] GC(80) Pause Mark End 0.018ms
[2026-04-03T03:30:11.407+0600][66.525s][info][gc,phases   ] GC(80) Concurrent Mark Free 0.002ms
[2026-04-03T03:30:11.423+0600][66.542s][info][gc,phases   ] GC(80) Concurrent Process Non-Strong References 16.680ms
[2026-04-03T03:30:11.423+0600][66.542s][info][gc,phases   ] GC(80) Concurrent Reset Relocation Set 0.008ms
[2026-04-03T03:30:11.428+0600][66.547s][info][gc,phases   ] GC(80) Concurrent Select Relocation Set 4.684ms
[2026-04-03T03:30:11.428+0600][66.547s][info][gc,phases   ] GC(80) Pause Relocate Start 0.012ms
[2026-04-03T03:30:11.434+0600][66.552s][info][gc,phases   ] GC(80) Concurrent Relocate 5.118ms
[2026-04-03T03:30:11.434+0600][66.552s][info][gc,load     ] GC(80) Load: 4.28/4.47/4.96
[2026-04-03T03:30:11.434+0600][66.552s][info][gc,mmu      ] GC(80) MMU: 2ms/91.5%, 5ms/96.6%, 10ms/98.2%, 20ms/99.1%, 50ms/99.6%, 100ms/99.8%
[2026-04-03T03:30:11.434+0600][66.552s][info][gc,marking  ] GC(80) Mark: 2 stripe(s), 3 proactive flush(es), 1 terminate flush(es), 0 completion(s), 0 continuation(s) 
[2026-04-03T03:30:11.434+0600][66.552s][info][gc,marking  ] GC(80) Mark Stack Usage: 32M
[2026-04-03T03:30:11.434+0600][66.552s][info][gc,nmethod  ] GC(80) NMethods: 7691 registered, 518 unregistered
[2026-04-03T03:30:11.434+0600][66.552s][info][gc,metaspace] GC(80) Metaspace: 72M used, 72M committed, 1088M reserved
[2026-04-03T03:30:11.434+0600][66.552s][info][gc,ref      ] GC(80) Soft: 3272 encountered, 0 discovered, 0 enqueued
[2026-04-03T03:30:11.434+0600][66.552s][info][gc,ref      ] GC(80) Weak: 6178 encountered, 3009 discovered, 123 enqueued
[2026-04-03T03:30:11.434+0600][66.552s][info][gc,ref      ] GC(80) Final: 84 encountered, 65 discovered, 0 enqueued
[2026-04-03T03:30:11.434+0600][66.552s][info][gc,ref      ] GC(80) Phantom: 590 encountered, 405 discovered, 0 enqueued
[2026-04-03T03:30:11.434+0600][66.552s][info][gc,reloc    ] GC(80) Small Pages: 245 / 490M, Empty: 350M, Relocated: 10M, In-Place: 0
[2026-04-03T03:30:11.434+0600][66.552s][info][gc,reloc    ] GC(80) Medium Pages: 1 / 32M, Empty: 0M, Relocated: 0M, In-Place: 0
[2026-04-03T03:30:11.434+0600][66.552s][info][gc,reloc    ] GC(80) Large Pages: 2 / 12M, Empty: 12M, Relocated: 0M, In-Place: 0
[2026-04-03T03:30:11.434+0600][66.552s][info][gc,reloc    ] GC(80) Forwarding Usage: 3M
[2026-04-03T03:30:11.434+0600][66.552s][info][gc,heap     ] GC(80) Min Capacity: 8M(1%)
[2026-04-03T03:30:11.434+0600][66.552s][info][gc,heap     ] GC(80) Max Capacity: 1500M(100%)
[2026-04-03T03:30:11.434+0600][66.552s][info][gc,heap     ] GC(80) Soft Max Capacity: 1500M(100%)
[2026-04-03T03:30:11.434+0600][66.552s][info][gc,heap     ] GC(80)                Mark Start          Mark End        Relocate Start      Relocate End           High               Low         
[2026-04-03T03:30:11.434+0600][66.552s][info][gc,heap     ] GC(80)  Capacity:     1500M (100%)       1500M (100%)       1500M (100%)       1500M (100%)       1500M (100%)       1500M (100%)   
[2026-04-03T03:30:11.434+0600][66.552s][info][gc,heap     ] GC(80)      Free:      966M (64%)         928M (62%)        1290M (86%)        1394M (93%)        1394M (93%)         928M (62%)    
[2026-04-03T03:30:11.434+0600][66.552s][info][gc,heap     ] GC(80)      Used:      534M (36%)         572M (38%)         210M (14%)         106M (7%)          572M (38%)         106M (7%)     
[2026-04-03T03:30:11.434+0600][66.552s][info][gc,heap     ] GC(80)      Live:         -                35M (2%)           35M (2%)           35M (2%)             -                  -          
[2026-04-03T03:30:11.434+0600][66.552s][info][gc,heap     ] GC(80) Allocated:         -                38M (3%)           38M (3%)           37M (3%)             -                  -          
[2026-04-03T03:30:11.434+0600][66.552s][info][gc,heap     ] GC(80)   Garbage:         -               498M (33%)         136M (9%)           32M (2%)             -                  -          
[2026-04-03T03:30:11.434+0600][66.552s][info][gc,heap     ] GC(80) Reclaimed:         -                  -               362M (24%)         465M (31%)            -                  -          
[2026-04-03T03:30:11.434+0600][66.553s][info][gc          ] GC(80) Garbage Collection (Allocation Rate) 534M(36%)->106M(7%)
[2026-04-03T03:30:11.485+0600][66.603s][info][gc,start    ] GC(81) Garbage Collection (Allocation Rate)
[2026-04-03T03:30:11.485+0600][66.603s][info][gc,task     ] GC(81) Using 3 workers
[2026-04-03T03:30:11.485+0600][66.604s][info][gc,phases   ] GC(81) Pause Mark Start 0.008ms
[2026-04-03T03:30:11.516+0600][66.634s][info][gc,phases   ] GC(81) Concurrent Mark 30.291ms
[2026-04-03T03:30:11.516+0600][66.634s][info][gc,phases   ] GC(81) Pause Mark End 0.019ms
[2026-04-03T03:30:11.516+0600][66.634s][info][gc,phases   ] GC(81) Concurrent Mark Free 0.002ms
[2026-04-03T03:30:11.523+0600][66.641s][info][gc,phases   ] GC(81) Concurrent Process Non-Strong References 6.855ms
[2026-04-03T03:30:11.523+0600][66.641s][info][gc,phases   ] GC(81) Concurrent Reset Relocation Set 0.010ms
[2026-04-03T03:30:11.526+0600][66.644s][info][gc,phases   ] GC(81) Concurrent Select Relocation Set 2.916ms
[2026-04-03T03:30:11.526+0600][66.645s][info][gc,phases   ] GC(81) Pause Relocate Start 0.011ms
[2026-04-03T03:30:11.527+0600][66.646s][info][gc,phases   ] GC(81) Concurrent Relocate 1.224ms
[2026-04-03T03:30:11.527+0600][66.646s][info][gc,load     ] GC(81) Load: 4.28/4.47/4.96
[2026-04-03T03:30:11.527+0600][66.646s][info][gc,mmu      ] GC(81) MMU: 2ms/91.5%, 5ms/96.6%, 10ms/98.2%, 20ms/99.1%, 50ms/99.6%, 100ms/99.8%
[2026-04-03T03:30:11.527+0600][66.646s][info][gc,marking  ] GC(81) Mark: 2 stripe(s), 2 proactive flush(es), 1 terminate flush(es), 0 completion(s), 0 continuation(s) 
[2026-04-03T03:30:11.527+0600][66.646s][info][gc,marking  ] GC(81) Mark Stack Usage: 32M
[2026-04-03T03:30:11.527+0600][66.646s][info][gc,nmethod  ] GC(81) NMethods: 7703 registered, 518 unregistered
[2026-04-03T03:30:11.527+0600][66.646s][info][gc,metaspace] GC(81) Metaspace: 72M used, 72M committed, 1088M reserved
[2026-04-03T03:30:11.527+0600][66.646s][info][gc,ref      ] GC(81) Soft: 3273 encountered, 0 discovered, 0 enqueued
[2026-04-03T03:30:11.527+0600][66.646s][info][gc,ref      ] GC(81) Weak: 6056 encountered, 669 discovered, 0 enqueued
[2026-04-03T03:30:11.527+0600][66.646s][info][gc,ref      ] GC(81) Final: 84 encountered, 4 discovered, 0 enqueued
[2026-04-03T03:30:11.527+0600][66.646s][info][gc,ref      ] GC(81) Phantom: 590 encountered, 367 discovered, 0 enqueued
[2026-04-03T03:30:11.527+0600][66.646s][info][gc,reloc    ] GC(81) Small Pages: 27 / 54M, Empty: 14M, Relocated: 1M, In-Place: 0
[2026-04-03T03:30:11.527+0600][66.646s][info][gc,reloc    ] GC(81) Medium Pages: 2 / 64M, Empty: 32M, Relocated: 0M, In-Place: 0
[2026-04-03T03:30:11.527+0600][66.646s][info][gc,reloc    ] GC(81) Large Pages: 0 / 0M, Empty: 0M, Relocated: 0M, In-Place: 0
[2026-04-03T03:30:11.527+0600][66.646s][info][gc,reloc    ] GC(81) Forwarding Usage: 0M
[2026-04-03T03:30:11.527+0600][66.646s][info][gc,heap     ] GC(81) Min Capacity: 8M(1%)
[2026-04-03T03:30:11.527+0600][66.646s][info][gc,heap     ] GC(81) Max Capacity: 1500M(100%)
[2026-04-03T03:30:11.527+0600][66.646s][info][gc,heap     ] GC(81) Soft Max Capacity: 1500M(100%)
[2026-04-03T03:30:11.527+0600][66.646s][info][gc,heap     ] GC(81)                Mark Start          Mark End        Relocate Start      Relocate End           High               Low         
[2026-04-03T03:30:11.527+0600][66.646s][info][gc,heap     ] GC(81)  Capacity:     1500M (100%)       1500M (100%)       1500M (100%)       1500M (100%)       1500M (100%)       1500M (100%)   
[2026-04-03T03:30:11.527+0600][66.646s][info][gc,heap     ] GC(81)      Free:     1382M (92%)        1378M (92%)        1424M (95%)        1426M (95%)        1426M (95%)        1378M (92%)    
[2026-04-03T03:30:11.527+0600][66.646s][info][gc,heap     ] GC(81)      Used:      118M (8%)          122M (8%)           76M (5%)           74M (5%)          122M (8%)           74M (5%)     
[2026-04-03T03:30:11.527+0600][66.646s][info][gc,heap     ] GC(81)      Live:         -                35M (2%)           35M (2%)           35M (2%)             -                  -          
[2026-04-03T03:30:11.528+0600][66.646s][info][gc,heap     ] GC(81) Allocated:         -                 4M (0%)            4M (0%)            6M (0%)             -                  -          
[2026-04-03T03:30:11.528+0600][66.646s][info][gc,heap     ] GC(81)   Garbage:         -                82M (5%)           36M (2%)           32M (2%)             -                  -          
[2026-04-03T03:30:11.528+0600][66.646s][info][gc,heap     ] GC(81) Reclaimed:         -                  -                46M (3%)           50M (3%)             -                  -          
[2026-04-03T03:30:11.528+0600][66.646s][info][gc          ] GC(81) Garbage Collection (Allocation Rate) 118M(8%)->74M(5%)
[2026-04-03T03:30:11.804+0600][66.923s][info][gc,heap,exit] Heap
[2026-04-03T03:30:11.804+0600][66.923s][info][gc,heap,exit]  ZHeap           used 120M, capacity 1500M, max capacity 1500M
[2026-04-03T03:30:11.804+0600][66.923s][info][gc,heap,exit]  Metaspace       used 73787K, committed 74624K, reserved 1114112K
[2026-04-03T03:30:11.804+0600][66.923s][info][gc,heap,exit]   class space    used 9389K, committed 9792K, reserved 1048576K
