[2026-04-03T03:14:26.019+0600][0.005s][info][gc,init] Initializing The Z Garbage Collector
[2026-04-03T03:14:26.019+0600][0.005s][info][gc,init] Version: 21.0.10+7-Ubuntu-124.04 (release)
[2026-04-03T03:14:26.019+0600][0.005s][info][gc,init] NUMA Support: Disabled
[2026-04-03T03:14:26.019+0600][0.005s][info][gc,init] CPUs: 12 total, 12 available
[2026-04-03T03:14:26.019+0600][0.005s][info][gc,init] Memory: 15683M
[2026-04-03T03:14:26.019+0600][0.005s][info][gc,init] Large Page Support: Disabled
[2026-04-03T03:14:26.019+0600][0.005s][info][gc,init] Address Space Type: Contiguous/Unrestricted/Complete
[2026-04-03T03:14:26.019+0600][0.005s][info][gc,init] Address Space Size: 12000M
[2026-04-03T03:14:26.019+0600][0.005s][info][gc,init] Heap Backing File: /memfd:java_heap
[2026-04-03T03:14:26.019+0600][0.005s][info][gc,init] Heap Backing Filesystem: tmpfs (0x1021994)
[2026-04-03T03:14:26.019+0600][0.005s][info][gc,init] Min Capacity: 8M
[2026-04-03T03:14:26.020+0600][0.006s][info][gc,init] Initial Capacity: 246M
[2026-04-03T03:14:26.020+0600][0.006s][info][gc,init] Max Capacity: 750M
[2026-04-03T03:14:26.020+0600][0.006s][info][gc,init] Soft Max Capacity: 750M
[2026-04-03T03:14:26.020+0600][0.006s][info][gc,init] Medium Page Size: 16M
[2026-04-03T03:14:26.020+0600][0.006s][info][gc,init] Pre-touch: Disabled
[2026-04-03T03:14:26.020+0600][0.006s][info][gc,init] Available space on backing filesystem: N/A
[2026-04-03T03:14:26.021+0600][0.007s][info][gc,init] Uncommit: Enabled
[2026-04-03T03:14:26.021+0600][0.007s][info][gc,init] Uncommit Delay: 300s
[2026-04-03T03:14:26.021+0600][0.007s][info][gc,init] GC Workers for Old Generation: 3 (dynamic)
[2026-04-03T03:14:26.021+0600][0.007s][info][gc,init] GC Workers for Young Generation: 3 (dynamic)
[2026-04-03T03:14:26.105+0600][0.091s][info][gc,init] GC Workers Max: 3 (dynamic)
[2026-04-03T03:14:26.106+0600][0.092s][info][gc,init] Runtime Workers: 7
[2026-04-03T03:14:26.106+0600][0.092s][info][gc     ] Using The Z Garbage Collector
[2026-04-03T03:14:26.122+0600][0.108s][info][gc,metaspace] CDS archive(s) mapped at: [0x0000781907000000-0x0000781907c9c000-0x0000781907c9c000), size 13221888, SharedBaseAddress: 0x0000781907000000, ArchiveRelocationMode: 1.
[2026-04-03T03:14:26.122+0600][0.108s][info][gc,metaspace] Compressed class space mapped at: 0x0000781908000000-0x0000781948000000, reserved size: 1073741824
[2026-04-03T03:14:26.122+0600][0.108s][info][gc,metaspace] Narrow klass base: 0x0000781907000000, Narrow klass shift: 0, Narrow klass range: 0x100000000
[2026-04-03T03:14:26.590+0600][0.576s][info][gc          ] GC(0) Major Collection (Warmup)
[2026-04-03T03:14:26.591+0600][0.577s][info][gc,task     ] GC(0) Using 3 Workers for Young Generation
[2026-04-03T03:14:26.591+0600][0.577s][info][gc,task     ] GC(0) Using 2 Workers for Old Generation
[2026-04-03T03:14:26.591+0600][0.577s][info][gc,phases   ] GC(0) Y: Young Generation
[2026-04-03T03:14:26.591+0600][0.577s][info][gc,phases   ] GC(0) Y: Pause Mark Start (Major) 0.015ms
[2026-04-03T03:14:26.596+0600][0.582s][info][gc,phases   ] GC(0) Y: Concurrent Mark 5.328ms
[2026-04-03T03:14:26.596+0600][0.582s][info][gc,phases   ] GC(0) Y: Pause Mark End 0.014ms
[2026-04-03T03:14:26.596+0600][0.582s][info][gc,phases   ] GC(0) Y: Concurrent Mark Free 0.001ms
[2026-04-03T03:14:26.596+0600][0.583s][info][gc,phases   ] GC(0) Y: Concurrent Reset Relocation Set 0.000ms
[2026-04-03T03:14:26.604+0600][0.590s][info][gc,reloc    ] GC(0) Y: Using tenuring threshold: 1 (Computed)
[2026-04-03T03:14:26.605+0600][0.591s][info][gc,phases   ] GC(0) Y: Concurrent Select Relocation Set 8.064ms
[2026-04-03T03:14:26.605+0600][0.591s][info][gc,phases   ] GC(0) Y: Pause Relocate Start 0.018ms
[2026-04-03T03:14:26.607+0600][0.593s][info][gc,phases   ] GC(0) Y: Concurrent Relocate 2.603ms
[2026-04-03T03:14:26.607+0600][0.594s][info][gc,alloc    ] GC(0) Y:                         Mark Start        Mark End      Relocate Start    Relocate End   
[2026-04-03T03:14:26.607+0600][0.594s][info][gc,alloc    ] GC(0) Y: Allocation Stalls:          0                0                0                0         
[2026-04-03T03:14:26.608+0600][0.594s][info][gc,load     ] GC(0) Y: Load: 6.16 (51%) / 5.98 (50%) / 5.92 (49%)
[2026-04-03T03:14:26.608+0600][0.594s][info][gc,mmu      ] GC(0) Y: MMU: 2ms/99.1%, 5ms/99.6%, 10ms/99.7%, 20ms/99.8%, 50ms/99.9%, 100ms/100.0%
[2026-04-03T03:14:26.608+0600][0.594s][info][gc,marking  ] GC(0) Y: Mark: 2 stripe(s), 3 proactive flush(es), 1 terminate flush(es), 0 completion(s), 0 continuation(s) 
[2026-04-03T03:14:26.608+0600][0.594s][info][gc,marking  ] GC(0) Y: Mark Stack Usage: 32M
[2026-04-03T03:14:26.608+0600][0.594s][info][gc,nmethod  ] GC(0) Y: NMethods: 706 registered, 0 unregistered
[2026-04-03T03:14:26.608+0600][0.594s][info][gc,metaspace] GC(0) Y: Metaspace: 3M used, 3M committed, 1088M reserved
[2026-04-03T03:14:26.608+0600][0.594s][info][gc,reloc    ] GC(0) Y:                        Candidates     Selected     In-Place         Size        Empty    Relocated 
[2026-04-03T03:14:26.608+0600][0.594s][info][gc,reloc    ] GC(0) Y: Small Pages:                   38           35            0          76M           0M           1M 
[2026-04-03T03:14:26.608+0600][0.594s][info][gc,reloc    ] GC(0) Y: Medium Pages:                   0            0            0           0M           0M           0M 
[2026-04-03T03:14:26.608+0600][0.594s][info][gc,reloc    ] GC(0) Y: Large Pages:                    0            0            0           0M           0M           0M 
[2026-04-03T03:14:26.608+0600][0.594s][info][gc,reloc    ] GC(0) Y: Forwarding Usage: 0M
[2026-04-03T03:14:26.608+0600][0.594s][info][gc,reloc    ] GC(0) Y: Age Table:
[2026-04-03T03:14:26.608+0600][0.594s][info][gc,reloc    ] GC(0) Y:                    Live             Garbage             Small              Medium             Large        
[2026-04-03T03:14:26.608+0600][0.594s][info][gc,reloc    ] GC(0) Y: Eden               3M (0%)           72M (10%)         38 / 35             0 / 0              0 / 0        
[2026-04-03T03:14:26.608+0600][0.594s][info][gc,heap     ] GC(0) Y: Min Capacity: 8M(1%)
[2026-04-03T03:14:26.608+0600][0.594s][info][gc,heap     ] GC(0) Y: Max Capacity: 750M(100%)
[2026-04-03T03:14:26.608+0600][0.594s][info][gc,heap     ] GC(0) Y: Soft Max Capacity: 750M(100%)
[2026-04-03T03:14:26.608+0600][0.594s][info][gc,heap     ] GC(0) Y: Heap Statistics:
[2026-04-03T03:14:26.608+0600][0.594s][info][gc,heap     ] GC(0) Y:                Mark Start          Mark End        Relocate Start      Relocate End           High               Low         
[2026-04-03T03:14:26.608+0600][0.594s][info][gc,heap     ] GC(0) Y:  Capacity:      246M (33%)         246M (33%)         246M (33%)         246M (33%)         246M (33%)         246M (33%)    
[2026-04-03T03:14:26.608+0600][0.594s][info][gc,heap     ] GC(0) Y:      Free:      674M (90%)         670M (89%)         666M (89%)         730M (97%)         730M (97%)         660M (88%)    
[2026-04-03T03:14:26.608+0600][0.594s][info][gc,heap     ] GC(0) Y:      Used:       76M (10%)          80M (11%)          84M (11%)          20M (3%)           90M (12%)          20M (3%)     
[2026-04-03T03:14:26.608+0600][0.594s][info][gc,heap     ] GC(0) Y: Young Generation Statistics:
[2026-04-03T03:14:26.608+0600][0.594s][info][gc,heap     ] GC(0) Y:                Mark Start          Mark End        Relocate Start      Relocate End    
[2026-04-03T03:14:26.608+0600][0.594s][info][gc,heap     ] GC(0) Y:      Used:       76M (10%)          80M (11%)          84M (11%)          20M (3%)     
[2026-04-03T03:14:26.608+0600][0.594s][info][gc,heap     ] GC(0) Y:      Live:         -                 3M (0%)            3M (0%)            3M (0%)     
[2026-04-03T03:14:26.608+0600][0.594s][info][gc,heap     ] GC(0) Y:   Garbage:         -                72M (10%)          72M (10%)           1M (0%)     
[2026-04-03T03:14:26.608+0600][0.594s][info][gc,heap     ] GC(0) Y: Allocated:         -                 4M (1%)            8M (1%)           14M (2%)     
[2026-04-03T03:14:26.608+0600][0.594s][info][gc,heap     ] GC(0) Y: Reclaimed:         -                  -                 0M (0%)           70M (9%)     
[2026-04-03T03:14:26.608+0600][0.594s][info][gc,heap     ] GC(0) Y:  Promoted:         -                  -                 0M (0%)            0M (0%)     
[2026-04-03T03:14:26.608+0600][0.594s][info][gc,heap     ] GC(0) Y: Compacted:         -                  -                  -                 1M (0%)     
[2026-04-03T03:14:26.608+0600][0.594s][info][gc,phases   ] GC(0) Y: Young Generation 76M(10%)->20M(3%) 0.017s
[2026-04-03T03:14:26.608+0600][0.594s][info][gc,phases   ] GC(0) O: Old Generation
[2026-04-03T03:14:26.609+0600][0.595s][info][gc,phases   ] GC(0) O: Concurrent Mark 0.759ms
[2026-04-03T03:14:26.609+0600][0.595s][info][gc,phases   ] GC(0) O: Pause Mark End 0.015ms
[2026-04-03T03:14:26.609+0600][0.595s][info][gc,phases   ] GC(0) O: Concurrent Mark Free 0.025ms
[2026-04-03T03:14:26.613+0600][0.599s][info][gc,phases   ] GC(0) O: Concurrent Process Non-Strong 3.574ms
[2026-04-03T03:14:26.613+0600][0.599s][info][gc,phases   ] GC(0) O: Concurrent Reset Relocation Set 0.000ms
[2026-04-03T03:14:26.614+0600][0.600s][info][gc,phases   ] GC(0) O: Concurrent Select Relocation Set 1.493ms
[2026-04-03T03:14:26.614+0600][0.600s][info][gc,task     ] GC(0) O: Using 3 Workers for Old Generation
[2026-04-03T03:14:26.626+0600][0.612s][info][gc,task     ] GC(0) O: Using 2 Workers for Old Generation
[2026-04-03T03:14:26.626+0600][0.612s][info][gc,phases   ] GC(0) O: Concurrent Remap Roots 11.884ms
[2026-04-03T03:14:26.626+0600][0.612s][info][gc,phases   ] GC(0) O: Pause Relocate Start 0.017ms
[2026-04-03T03:14:26.627+0600][0.613s][info][gc,phases   ] GC(0) O: Concurrent Relocate 0.203ms
[2026-04-03T03:14:26.627+0600][0.613s][info][gc,alloc    ] GC(0) O:                         Mark Start        Mark End      Relocate Start    Relocate End   
[2026-04-03T03:14:26.627+0600][0.613s][info][gc,alloc    ] GC(0) O: Allocation Stalls:          0                0                0                0         
[2026-04-03T03:14:26.627+0600][0.613s][info][gc,load     ] GC(0) O: Load: 6.16 (51%) / 5.98 (50%) / 5.92 (49%)
[2026-04-03T03:14:26.627+0600][0.613s][info][gc,mmu      ] GC(0) O: MMU: 2ms/99.1%, 5ms/99.3%, 10ms/99.7%, 20ms/99.7%, 50ms/99.8%, 100ms/99.9%
[2026-04-03T03:14:26.627+0600][0.613s][info][gc,marking  ] GC(0) O: Mark: 2 stripe(s), 1 proactive flush(es), 1 terminate flush(es), 0 completion(s), 0 continuation(s) 
[2026-04-03T03:14:26.627+0600][0.613s][info][gc,marking  ] GC(0) O: Mark Stack Usage: 0M
[2026-04-03T03:14:26.627+0600][0.613s][info][gc,nmethod  ] GC(0) O: NMethods: 639 registered, 69 unregistered
[2026-04-03T03:14:26.627+0600][0.613s][info][gc,metaspace] GC(0) O: Metaspace: 3M used, 3M committed, 1088M reserved
[2026-04-03T03:14:26.627+0600][0.613s][info][gc,ref      ] GC(0) O:                       Encountered   Discovered     Enqueued 
[2026-04-03T03:14:26.627+0600][0.613s][info][gc,ref      ] GC(0) O: Soft References:              134            0            0 
[2026-04-03T03:14:26.627+0600][0.613s][info][gc,ref      ] GC(0) O: Weak References:              404            0            0 
[2026-04-03T03:14:26.627+0600][0.613s][info][gc,ref      ] GC(0) O: Final References:               0            0            0 
[2026-04-03T03:14:26.627+0600][0.613s][info][gc,ref      ] GC(0) O: Phantom References:            25            0            0 
[2026-04-03T03:14:26.627+0600][0.613s][info][gc,heap     ] GC(0) O: Min Capacity: 8M(1%)
[2026-04-03T03:14:26.627+0600][0.613s][info][gc,heap     ] GC(0) O: Max Capacity: 750M(100%)
[2026-04-03T03:14:26.627+0600][0.613s][info][gc,heap     ] GC(0) O: Soft Max Capacity: 750M(100%)
[2026-04-03T03:14:26.627+0600][0.613s][info][gc,heap     ] GC(0) O: Heap Statistics:
[2026-04-03T03:14:26.627+0600][0.613s][info][gc,heap     ] GC(0) O:                Mark Start          Mark End        Relocate Start      Relocate End           High               Low         
[2026-04-03T03:14:26.627+0600][0.613s][info][gc,heap     ] GC(0) O:  Capacity:      246M (33%)         246M (33%)         246M (33%)         246M (33%)         246M (33%)         246M (33%)    
[2026-04-03T03:14:26.627+0600][0.613s][info][gc,heap     ] GC(0) O:      Free:      674M (90%)         728M (97%)         720M (96%)         720M (96%)         730M (97%)         660M (88%)    
[2026-04-03T03:14:26.627+0600][0.613s][info][gc,heap     ] GC(0) O:      Used:       76M (10%)          22M (3%)           30M (4%)           30M (4%)           90M (12%)          20M (3%)     
[2026-04-03T03:14:26.627+0600][0.613s][info][gc,heap     ] GC(0) O: Old Generation Statistics:
[2026-04-03T03:14:26.627+0600][0.613s][info][gc,heap     ] GC(0) O:                Mark Start          Mark End        Relocate Start      Relocate End    
[2026-04-03T03:14:26.627+0600][0.613s][info][gc,heap     ] GC(0) O:      Used:        0M (0%)            0M (0%)            0M (0%)            0M (0%)     
[2026-04-03T03:14:26.627+0600][0.613s][info][gc,heap     ] GC(0) O:      Live:         -                 0M (0%)            0M (0%)            0M (0%)     
[2026-04-03T03:14:26.627+0600][0.613s][info][gc,heap     ] GC(0) O:   Garbage:         -                 0M (0%)            0M (0%)            0M (0%)     
[2026-04-03T03:14:26.627+0600][0.613s][info][gc,heap     ] GC(0) O: Allocated:         -                 0M (0%)            0M (0%)            0M (0%)     
[2026-04-03T03:14:26.627+0600][0.613s][info][gc,heap     ] GC(0) O: Reclaimed:         -                  -                 0M (0%)            0M (0%)     
[2026-04-03T03:14:26.627+0600][0.613s][info][gc,heap     ] GC(0) O: Compacted:         -                  -                  -                 0M (0%)     
[2026-04-03T03:14:26.627+0600][0.613s][info][gc,phases   ] GC(0) O: Old Generation 20M(3%)->30M(4%) 0.019s
[2026-04-03T03:14:26.627+0600][0.613s][info][gc          ] GC(0) Major Collection (Warmup) 76M(10%)->30M(4%) 0.037s
[2026-04-03T03:14:26.960+0600][0.946s][info][gc          ] GC(1) Major Collection (Warmup)
[2026-04-03T03:14:26.960+0600][0.946s][info][gc,task     ] GC(1) Using 3 Workers for Young Generation
[2026-04-03T03:14:26.960+0600][0.946s][info][gc,task     ] GC(1) Using 1 Workers for Old Generation
[2026-04-03T03:14:26.960+0600][0.946s][info][gc,phases   ] GC(1) Y: Young Generation
[2026-04-03T03:14:26.960+0600][0.946s][info][gc,phases   ] GC(1) Y: Pause Mark Start (Major) 0.026ms
[2026-04-03T03:14:26.967+0600][0.953s][info][gc,phases   ] GC(1) Y: Concurrent Mark 6.715ms
[2026-04-03T03:14:26.967+0600][0.953s][info][gc,phases   ] GC(1) Y: Pause Mark End 0.014ms
[2026-04-03T03:14:26.967+0600][0.953s][info][gc,phases   ] GC(1) Y: Concurrent Mark Free 0.002ms
[2026-04-03T03:14:26.967+0600][0.953s][info][gc,phases   ] GC(1) Y: Concurrent Reset Relocation Set 0.005ms
[2026-04-03T03:14:26.969+0600][0.955s][info][gc,reloc    ] GC(1) Y: Using tenuring threshold: 1 (Computed)
[2026-04-03T03:14:26.973+0600][0.959s][info][gc,phases   ] GC(1) Y: Concurrent Select Relocation Set 5.902ms
[2026-04-03T03:14:26.973+0600][0.959s][info][gc,phases   ] GC(1) Y: Pause Relocate Start 0.011ms
[2026-04-03T03:14:26.980+0600][0.966s][info][gc,phases   ] GC(1) Y: Concurrent Relocate 7.153ms
[2026-04-03T03:14:26.980+0600][0.966s][info][gc,alloc    ] GC(1) Y:                         Mark Start        Mark End      Relocate Start    Relocate End   
[2026-04-03T03:14:26.980+0600][0.966s][info][gc,alloc    ] GC(1) Y: Allocation Stalls:          0                0                0                0         
[2026-04-03T03:14:26.980+0600][0.966s][info][gc,load     ] GC(1) Y: Load: 6.16 (51%) / 5.98 (50%) / 5.92 (49%)
[2026-04-03T03:14:26.980+0600][0.966s][info][gc,mmu      ] GC(1) Y: MMU: 2ms/98.7%, 5ms/99.3%, 10ms/99.6%, 20ms/99.7%, 50ms/99.8%, 100ms/99.9%
[2026-04-03T03:14:26.980+0600][0.966s][info][gc,marking  ] GC(1) Y: Mark: 2 stripe(s), 2 proactive flush(es), 1 terminate flush(es), 0 completion(s), 0 continuation(s) 
[2026-04-03T03:14:26.980+0600][0.966s][info][gc,marking  ] GC(1) Y: Mark Stack Usage: 32M
[2026-04-03T03:14:26.980+0600][0.966s][info][gc,nmethod  ] GC(1) Y: NMethods: 1043 registered, 0 unregistered
[2026-04-03T03:14:26.980+0600][0.966s][info][gc,metaspace] GC(1) Y: Metaspace: 7M used, 7M committed, 1088M reserved
[2026-04-03T03:14:26.980+0600][0.966s][info][gc,reloc    ] GC(1) Y:                        Candidates     Selected     In-Place         Size        Empty    Relocated 
[2026-04-03T03:14:26.980+0600][0.966s][info][gc,reloc    ] GC(1) Y: Small Pages:                   76           73            0         152M           0M           1M 
[2026-04-03T03:14:26.980+0600][0.967s][info][gc,reloc    ] GC(1) Y: Medium Pages:                   0            0            0           0M           0M           0M 
[2026-04-03T03:14:26.980+0600][0.967s][info][gc,reloc    ] GC(1) Y: Large Pages:                    0            0            0           0M           0M           0M 
[2026-04-03T03:14:26.981+0600][0.967s][info][gc,reloc    ] GC(1) Y: Forwarding Usage: 0M
[2026-04-03T03:14:26.981+0600][0.967s][info][gc,reloc    ] GC(1) Y: Age Table:
[2026-04-03T03:14:26.981+0600][0.967s][info][gc,reloc    ] GC(1) Y:                    Live             Garbage             Small              Medium             Large        
[2026-04-03T03:14:26.981+0600][0.967s][info][gc,reloc    ] GC(1) Y: Eden               0M (0%)          139M (19%)         70 / 69             0 / 0              0 / 0        
[2026-04-03T03:14:26.981+0600][0.967s][info][gc,reloc    ] GC(1) Y: Survivor 1         3M (0%)            8M (1%)           6 / 4              0 / 0              0 / 0        
[2026-04-03T03:14:26.981+0600][0.967s][info][gc,heap     ] GC(1) Y: Min Capacity: 8M(1%)
[2026-04-03T03:14:26.981+0600][0.967s][info][gc,heap     ] GC(1) Y: Max Capacity: 750M(100%)
[2026-04-03T03:14:26.981+0600][0.967s][info][gc,heap     ] GC(1) Y: Soft Max Capacity: 750M(100%)
[2026-04-03T03:14:26.981+0600][0.967s][info][gc,heap     ] GC(1) Y: Heap Statistics:
[2026-04-03T03:14:26.981+0600][0.967s][info][gc,heap     ] GC(1) Y:                Mark Start          Mark End        Relocate Start      Relocate End           High               Low         
[2026-04-03T03:14:26.981+0600][0.967s][info][gc,heap     ] GC(1) Y:  Capacity:      246M (33%)         246M (33%)         246M (33%)         246M (33%)         246M (33%)         246M (33%)    
[2026-04-03T03:14:26.981+0600][0.967s][info][gc,heap     ] GC(1) Y:      Free:      598M (80%)         594M (79%)         594M (79%)         726M (97%)         726M (97%)         586M (78%)    
[2026-04-03T03:14:26.981+0600][0.967s][info][gc,heap     ] GC(1) Y:      Used:      152M (20%)         156M (21%)         156M (21%)          24M (3%)          164M (22%)          24M (3%)     
[2026-04-03T03:14:26.981+0600][0.967s][info][gc,heap     ] GC(1) Y: Young Generation Statistics:
[2026-04-03T03:14:26.981+0600][0.967s][info][gc,heap     ] GC(1) Y:                Mark Start          Mark End        Relocate Start      Relocate End    
[2026-04-03T03:14:26.981+0600][0.967s][info][gc,heap     ] GC(1) Y:      Used:      152M (20%)         156M (21%)         152M (20%)          10M (1%)     
[2026-04-03T03:14:26.981+0600][0.967s][info][gc,heap     ] GC(1) Y:      Live:         -                 4M (1%)            1M (0%)            0M (0%)     
[2026-04-03T03:14:26.981+0600][0.967s][info][gc,heap     ] GC(1) Y:   Garbage:         -               147M (20%)         146M (20%)           0M (0%)     
[2026-04-03T03:14:26.981+0600][0.967s][info][gc,heap     ] GC(1) Y: Allocated:         -                 4M (1%)            4M (1%)            9M (1%)     
[2026-04-03T03:14:26.981+0600][0.967s][info][gc,heap     ] GC(1) Y: Reclaimed:         -                  -                 1M (0%)          147M (20%)    
[2026-04-03T03:14:26.981+0600][0.967s][info][gc,heap     ] GC(1) Y:  Promoted:         -                  -                 2M (0%)            3M (0%)     
[2026-04-03T03:14:26.981+0600][0.967s][info][gc,heap     ] GC(1) Y: Compacted:         -                  -                  -                 0M (0%)     
[2026-04-03T03:14:26.981+0600][0.967s][info][gc,phases   ] GC(1) Y: Young Generation 152M(20%)->24M(3%) 0.021s
[2026-04-03T03:14:26.981+0600][0.967s][info][gc,phases   ] GC(1) O: Old Generation
[2026-04-03T03:14:26.981+0600][0.967s][info][gc,phases   ] GC(1) O: Concurrent Mark 0.542ms
[2026-04-03T03:14:26.981+0600][0.968s][info][gc,phases   ] GC(1) O: Pause Mark End 0.018ms
[2026-04-03T03:14:26.982+0600][0.968s][info][gc,phases   ] GC(1) O: Concurrent Mark Free 0.001ms
[2026-04-03T03:14:26.985+0600][0.971s][info][gc,phases   ] GC(1) O: Concurrent Process Non-Strong 3.252ms
[2026-04-03T03:14:26.985+0600][0.971s][info][gc,phases   ] GC(1) O: Concurrent Reset Relocation Set 0.001ms
[2026-04-03T03:14:26.989+0600][0.975s][info][gc,phases   ] GC(1) O: Concurrent Select Relocation Set 4.211ms
[2026-04-03T03:14:26.989+0600][0.975s][info][gc,task     ] GC(1) O: Using 3 Workers for Old Generation
[2026-04-03T03:14:27.003+0600][0.989s][info][gc,task     ] GC(1) O: Using 1 Workers for Old Generation
[2026-04-03T03:14:27.003+0600][0.989s][info][gc,phases   ] GC(1) O: Concurrent Remap Roots 13.528ms
[2026-04-03T03:14:27.003+0600][0.989s][info][gc,phases   ] GC(1) O: Pause Relocate Start 0.022ms
[2026-04-03T03:14:27.003+0600][0.990s][info][gc,phases   ] GC(1) O: Concurrent Relocate 0.169ms
[2026-04-03T03:14:27.004+0600][0.990s][info][gc,alloc    ] GC(1) O:                         Mark Start        Mark End      Relocate Start    Relocate End   
[2026-04-03T03:14:27.004+0600][0.990s][info][gc,alloc    ] GC(1) O: Allocation Stalls:          0                0                0                0         
[2026-04-03T03:14:27.004+0600][0.990s][info][gc,load     ] GC(1) O: Load: 6.16 (51%) / 5.98 (50%) / 5.92 (49%)
[2026-04-03T03:14:27.004+0600][0.990s][info][gc,mmu      ] GC(1) O: MMU: 2ms/98.7%, 5ms/99.3%, 10ms/99.6%, 20ms/99.7%, 50ms/99.8%, 100ms/99.9%
[2026-04-03T03:14:27.004+0600][0.990s][info][gc,marking  ] GC(1) O: Mark: 1 stripe(s), 1 proactive flush(es), 1 terminate flush(es), 0 completion(s), 0 continuation(s) 
[2026-04-03T03:14:27.004+0600][0.990s][info][gc,marking  ] GC(1) O: Mark Stack Usage: 0M
[2026-04-03T03:14:27.004+0600][0.990s][info][gc,nmethod  ] GC(1) O: NMethods: 1021 registered, 29 unregistered
[2026-04-03T03:14:27.004+0600][0.990s][info][gc,metaspace] GC(1) O: Metaspace: 7M used, 7M committed, 1088M reserved
[2026-04-03T03:14:27.004+0600][0.990s][info][gc,ref      ] GC(1) O:                       Encountered   Discovered     Enqueued 
[2026-04-03T03:14:27.004+0600][0.990s][info][gc,ref      ] GC(1) O: Soft References:              198            0            0 
[2026-04-03T03:14:27.004+0600][0.990s][info][gc,ref      ] GC(1) O: Weak References:              745            0            0 
[2026-04-03T03:14:27.004+0600][0.990s][info][gc,ref      ] GC(1) O: Final References:               0            0            0 
[2026-04-03T03:14:27.004+0600][0.990s][info][gc,ref      ] GC(1) O: Phantom References:            25            0            0 
[2026-04-03T03:14:27.004+0600][0.990s][info][gc,heap     ] GC(1) O: Min Capacity: 8M(1%)
[2026-04-03T03:14:27.004+0600][0.990s][info][gc,heap     ] GC(1) O: Max Capacity: 750M(100%)
[2026-04-03T03:14:27.004+0600][0.990s][info][gc,heap     ] GC(1) O: Soft Max Capacity: 750M(100%)
[2026-04-03T03:14:27.004+0600][0.990s][info][gc,heap     ] GC(1) O: Heap Statistics:
[2026-04-03T03:14:27.004+0600][0.990s][info][gc,heap     ] GC(1) O:                Mark Start          Mark End        Relocate Start      Relocate End           High               Low         
[2026-04-03T03:14:27.004+0600][0.990s][info][gc,heap     ] GC(1) O:  Capacity:      246M (33%)         246M (33%)         246M (33%)         246M (33%)         246M (33%)         246M (33%)    
[2026-04-03T03:14:27.004+0600][0.990s][info][gc,heap     ] GC(1) O:      Free:      598M (80%)         726M (97%)         718M (96%)         718M (96%)         726M (97%)         586M (78%)    
[2026-04-03T03:14:27.004+0600][0.990s][info][gc,heap     ] GC(1) O:      Used:      152M (20%)          24M (3%)           32M (4%)           32M (4%)          164M (22%)          24M (3%)     
[2026-04-03T03:14:27.004+0600][0.990s][info][gc,heap     ] GC(1) O: Old Generation Statistics:
[2026-04-03T03:14:27.004+0600][0.990s][info][gc,heap     ] GC(1) O:                Mark Start          Mark End        Relocate Start      Relocate End    
[2026-04-03T03:14:27.004+0600][0.990s][info][gc,heap     ] GC(1) O:      Used:        0M (0%)           14M (2%)           14M (2%)           14M (2%)     
[2026-04-03T03:14:27.004+0600][0.990s][info][gc,heap     ] GC(1) O:      Live:         -                 0M (0%)            0M (0%)            0M (0%)     
[2026-04-03T03:14:27.004+0600][0.990s][info][gc,heap     ] GC(1) O:   Garbage:         -                 0M (0%)            0M (0%)            0M (0%)     
[2026-04-03T03:14:27.004+0600][0.990s][info][gc,heap     ] GC(1) O: Allocated:         -                14M (2%)           14M (2%)           14M (2%)     
[2026-04-03T03:14:27.004+0600][0.990s][info][gc,heap     ] GC(1) O: Reclaimed:         -                  -                 0M (0%)            0M (0%)     
[2026-04-03T03:14:27.004+0600][0.990s][info][gc,heap     ] GC(1) O: Compacted:         -                  -                  -                 0M (0%)     
[2026-04-03T03:14:27.004+0600][0.990s][info][gc,phases   ] GC(1) O: Old Generation 24M(3%)->32M(4%) 0.023s
[2026-04-03T03:14:27.004+0600][0.990s][info][gc          ] GC(1) Major Collection (Warmup) 152M(20%)->32M(4%) 0.044s
[2026-04-03T03:14:29.018+0600][3.004s][info][gc          ] GC(2) Major Collection (Warmup)
[2026-04-03T03:14:29.018+0600][3.004s][info][gc,task     ] GC(2) Using 3 Workers for Young Generation
[2026-04-03T03:14:29.018+0600][3.004s][info][gc,task     ] GC(2) Using 1 Workers for Old Generation
[2026-04-03T03:14:29.018+0600][3.004s][info][gc,phases   ] GC(2) Y: Young Generation
[2026-04-03T03:14:29.018+0600][3.004s][info][gc,phases   ] GC(2) Y: Pause Mark Start (Major) 0.022ms
[2026-04-03T03:14:29.023+0600][3.009s][info][gc,phases   ] GC(2) Y: Concurrent Mark 5.543ms
[2026-04-03T03:14:29.024+0600][3.010s][info][gc,phases   ] GC(2) Y: Pause Mark End 0.019ms
[2026-04-03T03:14:29.024+0600][3.010s][info][gc,phases   ] GC(2) Y: Concurrent Mark Free 0.001ms
[2026-04-03T03:14:29.024+0600][3.010s][info][gc,phases   ] GC(2) Y: Concurrent Reset Relocation Set 0.015ms
[2026-04-03T03:14:29.026+0600][3.012s][info][gc,reloc    ] GC(2) Y: Using tenuring threshold: 2 (Computed)
[2026-04-03T03:14:29.026+0600][3.012s][info][gc,phases   ] GC(2) Y: Concurrent Select Relocation Set 2.631ms
[2026-04-03T03:14:29.027+0600][3.013s][info][gc,phases   ] GC(2) Y: Pause Relocate Start 0.012ms
[2026-04-03T03:14:29.030+0600][3.016s][info][gc,phases   ] GC(2) Y: Concurrent Relocate 3.312ms
[2026-04-03T03:14:29.030+0600][3.016s][info][gc,alloc    ] GC(2) Y:                         Mark Start        Mark End      Relocate Start    Relocate End   
[2026-04-03T03:14:29.030+0600][3.016s][info][gc,alloc    ] GC(2) Y: Allocation Stalls:          0                0                0                0         
[2026-04-03T03:14:29.030+0600][3.016s][info][gc,load     ] GC(2) Y: Load: 6.16 (51%) / 5.98 (50%) / 5.92 (49%)
[2026-04-03T03:14:29.030+0600][3.016s][info][gc,mmu      ] GC(2) Y: MMU: 2ms/98.7%, 5ms/99.3%, 10ms/99.5%, 20ms/99.7%, 50ms/99.8%, 100ms/99.9%
[2026-04-03T03:14:29.030+0600][3.016s][info][gc,marking  ] GC(2) Y: Mark: 2 stripe(s), 3 proactive flush(es), 1 terminate flush(es), 0 completion(s), 0 continuation(s) 
[2026-04-03T03:14:29.030+0600][3.016s][info][gc,marking  ] GC(2) Y: Mark Stack Usage: 32M
[2026-04-03T03:14:29.030+0600][3.016s][info][gc,nmethod  ] GC(2) Y: NMethods: 1347 registered, 29 unregistered
[2026-04-03T03:14:29.030+0600][3.016s][info][gc,metaspace] GC(2) Y: Metaspace: 12M used, 12M committed, 1088M reserved
[2026-04-03T03:14:29.030+0600][3.016s][info][gc,reloc    ] GC(2) Y:                        Candidates     Selected     In-Place         Size        Empty    Relocated 
[2026-04-03T03:14:29.030+0600][3.016s][info][gc,reloc    ] GC(2) Y: Small Pages:                   97           93            0         194M           0M           3M 
[2026-04-03T03:14:29.030+0600][3.016s][info][gc,reloc    ] GC(2) Y: Medium Pages:                   1            0            0          16M           0M           0M 
[2026-04-03T03:14:29.030+0600][3.016s][info][gc,reloc    ] GC(2) Y: Large Pages:                    1            0            0           4M           0M           0M 
[2026-04-03T03:14:29.030+0600][3.016s][info][gc,reloc    ] GC(2) Y: Forwarding Usage: 0M
[2026-04-03T03:14:29.030+0600][3.016s][info][gc,reloc    ] GC(2) Y: Age Table:
[2026-04-03T03:14:29.030+0600][3.016s][info][gc,reloc    ] GC(2) Y:                    Live             Garbage             Small              Medium             Large        
[2026-04-03T03:14:29.030+0600][3.016s][info][gc,reloc    ] GC(2) Y: Eden              11M (2%)          196M (26%)         94 / 90             1 / 0              1 / 0        
[2026-04-03T03:14:29.030+0600][3.016s][info][gc,reloc    ] GC(2) Y: Survivor 1         0M (0%)            5M (1%)           3 / 3              0 / 0              0 / 0        
[2026-04-03T03:14:29.030+0600][3.016s][info][gc,heap     ] GC(2) Y: Min Capacity: 8M(1%)
[2026-04-03T03:14:29.030+0600][3.016s][info][gc,heap     ] GC(2) Y: Max Capacity: 750M(100%)
[2026-04-03T03:14:29.030+0600][3.016s][info][gc,heap     ] GC(2) Y: Soft Max Capacity: 750M(100%)
[2026-04-03T03:14:29.030+0600][3.016s][info][gc,heap     ] GC(2) Y: Heap Statistics:
[2026-04-03T03:14:29.030+0600][3.016s][info][gc,heap     ] GC(2) Y:                Mark Start          Mark End        Relocate Start      Relocate End           High               Low         
[2026-04-03T03:14:29.030+0600][3.016s][info][gc,heap     ] GC(2) Y:  Capacity:      246M (33%)         246M (33%)         246M (33%)         246M (33%)         246M (33%)         246M (33%)    
[2026-04-03T03:14:29.030+0600][3.016s][info][gc,heap     ] GC(2) Y:      Free:      522M (70%)         520M (69%)         520M (69%)         698M (93%)         698M (93%)         512M (68%)    
[2026-04-03T03:14:29.030+0600][3.016s][info][gc,heap     ] GC(2) Y:      Used:      228M (30%)         230M (31%)         230M (31%)          52M (7%)          238M (32%)          52M (7%)     
[2026-04-03T03:14:29.030+0600][3.016s][info][gc,heap     ] GC(2) Y: Young Generation Statistics:
[2026-04-03T03:14:29.030+0600][3.017s][info][gc,heap     ] GC(2) Y:                Mark Start          Mark End        Relocate Start      Relocate End    
[2026-04-03T03:14:29.030+0600][3.017s][info][gc,heap     ] GC(2) Y:      Used:      214M (29%)         216M (29%)         216M (29%)          38M (5%)     
[2026-04-03T03:14:29.030+0600][3.017s][info][gc,heap     ] GC(2) Y:      Live:         -                12M (2%)           12M (2%)           12M (2%)     
[2026-04-03T03:14:29.031+0600][3.017s][info][gc,heap     ] GC(2) Y:   Garbage:         -               201M (27%)         201M (27%)          14M (2%)     
[2026-04-03T03:14:29.031+0600][3.017s][info][gc,heap     ] GC(2) Y: Allocated:         -                 2M (0%)            2M (0%)           11M (2%)     
[2026-04-03T03:14:29.031+0600][3.017s][info][gc,heap     ] GC(2) Y: Reclaimed:         -                  -                 0M (0%)          187M (25%)    
[2026-04-03T03:14:29.031+0600][3.017s][info][gc,heap     ] GC(2) Y:  Promoted:         -                  -                 0M (0%)            0M (0%)     
[2026-04-03T03:14:29.031+0600][3.017s][info][gc,heap     ] GC(2) Y: Compacted:         -                  -                  -                 4M (1%)     
[2026-04-03T03:14:29.031+0600][3.017s][info][gc,phases   ] GC(2) Y: Young Generation 228M(30%)->52M(7%) 0.013s
[2026-04-03T03:14:29.031+0600][3.017s][info][gc,phases   ] GC(2) O: Old Generation
[2026-04-03T03:14:29.040+0600][3.026s][info][gc,phases   ] GC(2) O: Concurrent Mark 9.154ms
[2026-04-03T03:14:29.040+0600][3.026s][info][gc,phases   ] GC(2) O: Pause Mark End 0.019ms
[2026-04-03T03:14:29.040+0600][3.026s][info][gc,phases   ] GC(2) O: Concurrent Mark Free 0.001ms
[2026-04-03T03:14:29.044+0600][3.030s][info][gc,phases   ] GC(2) O: Concurrent Process Non-Strong 3.937ms
[2026-04-03T03:14:29.044+0600][3.030s][info][gc,phases   ] GC(2) O: Concurrent Reset Relocation Set 0.001ms
[2026-04-03T03:14:29.049+0600][3.035s][info][gc,phases   ] GC(2) O: Concurrent Select Relocation Set 4.714ms
[2026-04-03T03:14:29.049+0600][3.035s][info][gc,task     ] GC(2) O: Using 3 Workers for Old Generation
[2026-04-03T03:14:29.063+0600][3.049s][info][gc,task     ] GC(2) O: Using 1 Workers for Old Generation
[2026-04-03T03:14:29.063+0600][3.049s][info][gc,phases   ] GC(2) O: Concurrent Remap Roots 13.629ms
[2026-04-03T03:14:29.063+0600][3.049s][info][gc,phases   ] GC(2) O: Pause Relocate Start 0.021ms
[2026-04-03T03:14:29.070+0600][3.056s][info][gc,phases   ] GC(2) O: Concurrent Relocate 6.546ms
[2026-04-03T03:14:29.070+0600][3.056s][info][gc,alloc    ] GC(2) O:                         Mark Start        Mark End      Relocate Start    Relocate End   
[2026-04-03T03:14:29.070+0600][3.056s][info][gc,alloc    ] GC(2) O: Allocation Stalls:          0                0                0                0         
[2026-04-03T03:14:29.070+0600][3.056s][info][gc,load     ] GC(2) O: Load: 6.16 (51%) / 5.98 (50%) / 5.92 (49%)
[2026-04-03T03:14:29.070+0600][3.056s][info][gc,mmu      ] GC(2) O: MMU: 2ms/98.7%, 5ms/99.3%, 10ms/99.5%, 20ms/99.7%, 50ms/99.8%, 100ms/99.9%
[2026-04-03T03:14:29.070+0600][3.056s][info][gc,marking  ] GC(2) O: Mark: 1 stripe(s), 2 proactive flush(es), 1 terminate flush(es), 0 completion(s), 0 continuation(s) 
[2026-04-03T03:14:29.070+0600][3.056s][info][gc,marking  ] GC(2) O: Mark Stack Usage: 32M
[2026-04-03T03:14:29.070+0600][3.056s][info][gc,nmethod  ] GC(2) O: NMethods: 1270 registered, 110 unregistered
[2026-04-03T03:14:29.070+0600][3.056s][info][gc,metaspace] GC(2) O: Metaspace: 13M used, 13M committed, 1088M reserved
[2026-04-03T03:14:29.070+0600][3.056s][info][gc,ref      ] GC(2) O:                       Encountered   Discovered     Enqueued 
[2026-04-03T03:14:29.070+0600][3.056s][info][gc,ref      ] GC(2) O: Soft References:              244            0            0 
[2026-04-03T03:14:29.070+0600][3.056s][info][gc,ref      ] GC(2) O: Weak References:              997          289           96 
[2026-04-03T03:14:29.070+0600][3.056s][info][gc,ref      ] GC(2) O: Final References:               0            0            0 
[2026-04-03T03:14:29.070+0600][3.056s][info][gc,ref      ] GC(2) O: Phantom References:           311           14            0 
[2026-04-03T03:14:29.070+0600][3.056s][info][gc,reloc    ] GC(2) O:                        Candidates     Selected     In-Place         Size        Empty    Relocated 
[2026-04-03T03:14:29.070+0600][3.056s][info][gc,reloc    ] GC(2) O: Small Pages:                    7            5            0          14M           0M           2M 
[2026-04-03T03:14:29.070+0600][3.056s][info][gc,reloc    ] GC(2) O: Medium Pages:                   0            0            0           0M           0M           0M 
[2026-04-03T03:14:29.070+0600][3.056s][info][gc,reloc    ] GC(2) O: Large Pages:                    0            0            0           0M           0M           0M 
[2026-04-03T03:14:29.070+0600][3.056s][info][gc,reloc    ] GC(2) O: Forwarding Usage: 1M
[2026-04-03T03:14:29.070+0600][3.056s][info][gc,heap     ] GC(2) O: Min Capacity: 8M(1%)
[2026-04-03T03:14:29.070+0600][3.056s][info][gc,heap     ] GC(2) O: Max Capacity: 750M(100%)
[2026-04-03T03:14:29.070+0600][3.056s][info][gc,heap     ] GC(2) O: Soft Max Capacity: 750M(100%)
[2026-04-03T03:14:29.070+0600][3.056s][info][gc,heap     ] GC(2) O: Heap Statistics:
[2026-04-03T03:14:29.070+0600][3.056s][info][gc,heap     ] GC(2) O:                Mark Start          Mark End        Relocate Start      Relocate End           High               Low         
[2026-04-03T03:14:29.070+0600][3.056s][info][gc,heap     ] GC(2) O:  Capacity:      246M (33%)         246M (33%)         246M (33%)         246M (33%)         246M (33%)         246M (33%)    
[2026-04-03T03:14:29.070+0600][3.056s][info][gc,heap     ] GC(2) O:      Free:      522M (70%)         698M (93%)         694M (93%)         698M (93%)         700M (93%)         512M (68%)    
[2026-04-03T03:14:29.070+0600][3.056s][info][gc,heap     ] GC(2) O:      Used:      228M (30%)          52M (7%)           56M (7%)           52M (7%)          238M (32%)          50M (7%)     
[2026-04-03T03:14:29.070+0600][3.056s][info][gc,heap     ] GC(2) O: Old Generation Statistics:
[2026-04-03T03:14:29.070+0600][3.056s][info][gc,heap     ] GC(2) O:                Mark Start          Mark End        Relocate Start      Relocate End    
[2026-04-03T03:14:29.070+0600][3.056s][info][gc,heap     ] GC(2) O:      Used:       14M (2%)           14M (2%)           14M (2%)            8M (1%)     
[2026-04-03T03:14:29.070+0600][3.056s][info][gc,heap     ] GC(2) O:      Live:         -                 3M (0%)            3M (0%)            3M (0%)     
[2026-04-03T03:14:29.070+0600][3.056s][info][gc,heap     ] GC(2) O:   Garbage:         -                10M (1%)           10M (1%)            0M (0%)     
[2026-04-03T03:14:29.070+0600][3.056s][info][gc,heap     ] GC(2) O: Allocated:         -                 0M (0%)            0M (0%)            4M (1%)     
[2026-04-03T03:14:29.070+0600][3.056s][info][gc,heap     ] GC(2) O: Reclaimed:         -                  -                 0M (0%)           10M (1%)     
[2026-04-03T03:14:29.070+0600][3.056s][info][gc,heap     ] GC(2) O: Compacted:         -                  -                  -                 3M (0%)     
[2026-04-03T03:14:29.070+0600][3.056s][info][gc,phases   ] GC(2) O: Old Generation 52M(7%)->52M(7%) 0.039s
[2026-04-03T03:14:29.070+0600][3.056s][info][gc          ] GC(2) Major Collection (Warmup) 228M(30%)->52M(7%) 0.053s
[2026-04-03T03:14:30.184+0600][4.171s][info][gc          ] GC(3) Major Collection (Metadata GC Threshold)
[2026-04-03T03:14:30.185+0600][4.171s][info][gc,task     ] GC(3) Using 1 Workers for Young Generation
[2026-04-03T03:14:30.185+0600][4.171s][info][gc,task     ] GC(3) Using 1 Workers for Old Generation
[2026-04-03T03:14:30.185+0600][4.171s][info][gc,phases   ] GC(3) Y: Young Generation
[2026-04-03T03:14:30.185+0600][4.171s][info][gc,phases   ] GC(3) Y: Pause Mark Start (Major) 0.033ms
[2026-04-03T03:14:30.210+0600][4.196s][info][gc,phases   ] GC(3) Y: Concurrent Mark 25.536ms
[2026-04-03T03:14:30.211+0600][4.197s][info][gc,phases   ] GC(3) Y: Pause Mark End 0.016ms
[2026-04-03T03:14:30.211+0600][4.197s][info][gc,phases   ] GC(3) Y: Concurrent Mark Free 0.001ms
[2026-04-03T03:14:30.211+0600][4.197s][info][gc,phases   ] GC(3) Y: Concurrent Reset Relocation Set 0.006ms
[2026-04-03T03:14:30.214+0600][4.200s][info][gc,reloc    ] GC(3) Y: Using tenuring threshold: 3 (Computed)
[2026-04-03T03:14:30.215+0600][4.201s][info][gc,phases   ] GC(3) Y: Concurrent Select Relocation Set 4.666ms
[2026-04-03T03:14:30.216+0600][4.202s][info][gc,phases   ] GC(3) Y: Pause Relocate Start 0.012ms
[2026-04-03T03:14:30.224+0600][4.210s][info][gc,phases   ] GC(3) Y: Concurrent Relocate 8.696ms
[2026-04-03T03:14:30.224+0600][4.210s][info][gc,alloc    ] GC(3) Y:                         Mark Start        Mark End      Relocate Start    Relocate End   
[2026-04-03T03:14:30.224+0600][4.210s][info][gc,alloc    ] GC(3) Y: Allocation Stalls:          0                0                0                0         
[2026-04-03T03:14:30.224+0600][4.210s][info][gc,load     ] GC(3) Y: Load: 6.16 (51%) / 5.98 (50%) / 5.92 (49%)
[2026-04-03T03:14:30.224+0600][4.210s][info][gc,mmu      ] GC(3) Y: MMU: 2ms/98.3%, 5ms/99.3%, 10ms/99.5%, 20ms/99.7%, 50ms/99.8%, 100ms/99.9%
[2026-04-03T03:14:30.224+0600][4.210s][info][gc,marking  ] GC(3) Y: Mark: 1 stripe(s), 2 proactive flush(es), 1 terminate flush(es), 0 completion(s), 0 continuation(s) 
[2026-04-03T03:14:30.224+0600][4.210s][info][gc,marking  ] GC(3) Y: Mark Stack Usage: 32M
[2026-04-03T03:14:30.224+0600][4.210s][info][gc,nmethod  ] GC(3) Y: NMethods: 2087 registered, 0 unregistered
[2026-04-03T03:14:30.224+0600][4.210s][info][gc,metaspace] GC(3) Y: Metaspace: 22M used, 23M committed, 1088M reserved
[2026-04-03T03:14:30.224+0600][4.210s][info][gc,reloc    ] GC(3) Y:                        Candidates     Selected     In-Place         Size        Empty    Relocated 
[2026-04-03T03:14:30.224+0600][4.210s][info][gc,reloc    ] GC(3) Y: Small Pages:                   59           52            0         118M           0M           6M 
[2026-04-03T03:14:30.224+0600][4.210s][info][gc,reloc    ] GC(3) Y: Medium Pages:                   1            0            0          16M           0M           0M 
[2026-04-03T03:14:30.224+0600][4.210s][info][gc,reloc    ] GC(3) Y: Large Pages:                    1            0            0           4M           0M           0M 
[2026-04-03T03:14:30.224+0600][4.210s][info][gc,reloc    ] GC(3) Y: Forwarding Usage: 1M
[2026-04-03T03:14:30.224+0600][4.211s][info][gc,reloc    ] GC(3) Y: Age Table:
[2026-04-03T03:14:30.224+0600][4.211s][info][gc,reloc    ] GC(3) Y:                    Live             Garbage             Small              Medium             Large        
[2026-04-03T03:14:30.224+0600][4.211s][info][gc,reloc    ] GC(3) Y: Eden               6M (1%)           95M (13%)         51 / 47             0 / 0              0 / 0        
[2026-04-03T03:14:30.225+0600][4.211s][info][gc,reloc    ] GC(3) Y: Survivor 1        11M (2%)           18M (2%)           5 / 2              1 / 0              1 / 0        
[2026-04-03T03:14:30.225+0600][4.211s][info][gc,reloc    ] GC(3) Y: Survivor 2         0M (0%)            5M (1%)           3 / 3              0 / 0              0 / 0        
[2026-04-03T03:14:30.225+0600][4.211s][info][gc,heap     ] GC(3) Y: Min Capacity: 8M(1%)
[2026-04-03T03:14:30.225+0600][4.211s][info][gc,heap     ] GC(3) Y: Max Capacity: 750M(100%)
[2026-04-03T03:14:30.225+0600][4.211s][info][gc,heap     ] GC(3) Y: Soft Max Capacity: 750M(100%)
[2026-04-03T03:14:30.225+0600][4.211s][info][gc,heap     ] GC(3) Y: Heap Statistics:
[2026-04-03T03:14:30.225+0600][4.211s][info][gc,heap     ] GC(3) Y:                Mark Start          Mark End        Relocate Start      Relocate End           High               Low         
[2026-04-03T03:14:30.225+0600][4.211s][info][gc,heap     ] GC(3) Y:  Capacity:      246M (33%)         246M (33%)         246M (33%)         246M (33%)         246M (33%)         246M (33%)    
[2026-04-03T03:14:30.225+0600][4.211s][info][gc,heap     ] GC(3) Y:      Free:      604M (81%)         600M (80%)         600M (80%)         694M (93%)         694M (93%)         594M (79%)    
[2026-04-03T03:14:30.225+0600][4.211s][info][gc,heap     ] GC(3) Y:      Used:      146M (19%)         150M (20%)         150M (20%)          56M (7%)          156M (21%)          56M (7%)     
[2026-04-03T03:14:30.225+0600][4.211s][info][gc,heap     ] GC(3) Y: Young Generation Statistics:
[2026-04-03T03:14:30.225+0600][4.211s][info][gc,heap     ] GC(3) Y:                Mark Start          Mark End        Relocate Start      Relocate End    
[2026-04-03T03:14:30.225+0600][4.211s][info][gc,heap     ] GC(3) Y:      Used:      138M (18%)         142M (19%)         142M (19%)          48M (6%)     
[2026-04-03T03:14:30.225+0600][4.211s][info][gc,heap     ] GC(3) Y:      Live:         -                18M (2%)           18M (2%)           18M (2%)     
[2026-04-03T03:14:30.225+0600][4.211s][info][gc,heap     ] GC(3) Y:   Garbage:         -               119M (16%)         119M (16%)          13M (2%)     
[2026-04-03T03:14:30.225+0600][4.211s][info][gc,heap     ] GC(3) Y: Allocated:         -                 4M (1%)            4M (1%)           15M (2%)     
[2026-04-03T03:14:30.225+0600][4.211s][info][gc,heap     ] GC(3) Y: Reclaimed:         -                  -                 0M (0%)          105M (14%)    
[2026-04-03T03:14:30.225+0600][4.211s][info][gc,heap     ] GC(3) Y:  Promoted:         -                  -                 0M (0%)            0M (0%)     
[2026-04-03T03:14:30.225+0600][4.211s][info][gc,heap     ] GC(3) Y: Compacted:         -                  -                  -                10M (1%)     
[2026-04-03T03:14:30.225+0600][4.211s][info][gc,phases   ] GC(3) Y: Young Generation 146M(19%)->56M(7%) 0.040s
[2026-04-03T03:14:30.225+0600][4.211s][info][gc,phases   ] GC(3) O: Old Generation
[2026-04-03T03:14:30.241+0600][4.227s][info][gc,phases   ] GC(3) O: Concurrent Mark 16.342ms
[2026-04-03T03:14:30.241+0600][4.227s][info][gc,phases   ] GC(3) O: Pause Mark End 0.023ms
[2026-04-03T03:14:30.241+0600][4.227s][info][gc,phases   ] GC(3) O: Concurrent Mark Free 0.002ms
[2026-04-03T03:14:30.248+0600][4.234s][info][gc,phases   ] GC(3) O: Concurrent Process Non-Strong 7.165ms
[2026-04-03T03:14:30.249+0600][4.235s][info][gc,phases   ] GC(3) O: Concurrent Reset Relocation Set 0.003ms
[2026-04-03T03:14:30.254+0600][4.240s][info][gc,phases   ] GC(3) O: Concurrent Select Relocation Set 5.400ms
[2026-04-03T03:14:30.254+0600][4.240s][info][gc,task     ] GC(3) O: Using 2 Workers for Old Generation
[2026-04-03T03:14:30.280+0600][4.266s][info][gc,task     ] GC(3) O: Using 1 Workers for Old Generation
[2026-04-03T03:14:30.280+0600][4.266s][info][gc,phases   ] GC(3) O: Concurrent Remap Roots 25.868ms
[2026-04-03T03:14:30.280+0600][4.266s][info][gc,phases   ] GC(3) O: Pause Relocate Start 0.022ms
[2026-04-03T03:14:30.283+0600][4.269s][info][gc,phases   ] GC(3) O: Concurrent Relocate 2.653ms
[2026-04-03T03:14:30.283+0600][4.269s][info][gc,alloc    ] GC(3) O:                         Mark Start        Mark End      Relocate Start    Relocate End   
[2026-04-03T03:14:30.283+0600][4.269s][info][gc,alloc    ] GC(3) O: Allocation Stalls:          0                0                0                0         
[2026-04-03T03:14:30.283+0600][4.269s][info][gc,load     ] GC(3) O: Load: 6.16 (51%) / 5.98 (50%) / 5.92 (49%)
[2026-04-03T03:14:30.283+0600][4.269s][info][gc,mmu      ] GC(3) O: MMU: 2ms/98.3%, 5ms/99.3%, 10ms/99.5%, 20ms/99.7%, 50ms/99.8%, 100ms/99.9%
[2026-04-03T03:14:30.283+0600][4.269s][info][gc,marking  ] GC(3) O: Mark: 1 stripe(s), 2 proactive flush(es), 1 terminate flush(es), 0 completion(s), 0 continuation(s) 
[2026-04-03T03:14:30.283+0600][4.269s][info][gc,marking  ] GC(3) O: Mark Stack Usage: 32M
[2026-04-03T03:14:30.283+0600][4.269s][info][gc,nmethod  ] GC(3) O: NMethods: 2091 registered, 108 unregistered
[2026-04-03T03:14:30.283+0600][4.269s][info][gc,metaspace] GC(3) O: Metaspace: 22M used, 23M committed, 1088M reserved
[2026-04-03T03:14:30.283+0600][4.269s][info][gc,ref      ] GC(3) O:                       Encountered   Discovered     Enqueued 
[2026-04-03T03:14:30.283+0600][4.269s][info][gc,ref      ] GC(3) O: Soft References:             3654            0            0 
[2026-04-03T03:14:30.283+0600][4.269s][info][gc,ref      ] GC(3) O: Weak References:             1808          173            0 
[2026-04-03T03:14:30.283+0600][4.269s][info][gc,ref      ] GC(3) O: Final References:               0            0            0 
[2026-04-03T03:14:30.283+0600][4.269s][info][gc,ref      ] GC(3) O: Phantom References:           563           10            0 
[2026-04-03T03:14:30.283+0600][4.269s][info][gc,reloc    ] GC(3) O:                        Candidates     Selected     In-Place         Size        Empty    Relocated 
[2026-04-03T03:14:30.283+0600][4.269s][info][gc,reloc    ] GC(3) O: Small Pages:                    4            2            0           8M           0M           1M 
[2026-04-03T03:14:30.283+0600][4.269s][info][gc,reloc    ] GC(3) O: Medium Pages:                   0            0            0           0M           0M           0M 
[2026-04-03T03:14:30.283+0600][4.269s][info][gc,reloc    ] GC(3) O: Large Pages:                    0            0            0           0M           0M           0M 
[2026-04-03T03:14:30.283+0600][4.269s][info][gc,reloc    ] GC(3) O: Forwarding Usage: 0M
[2026-04-03T03:14:30.283+0600][4.269s][info][gc,heap     ] GC(3) O: Min Capacity: 8M(1%)
[2026-04-03T03:14:30.283+0600][4.269s][info][gc,heap     ] GC(3) O: Max Capacity: 750M(100%)
[2026-04-03T03:14:30.283+0600][4.269s][info][gc,heap     ] GC(3) O: Soft Max Capacity: 750M(100%)
[2026-04-03T03:14:30.283+0600][4.269s][info][gc,heap     ] GC(3) O: Heap Statistics:
[2026-04-03T03:14:30.283+0600][4.269s][info][gc,heap     ] GC(3) O:                Mark Start          Mark End        Relocate Start      Relocate End           High               Low         
[2026-04-03T03:14:30.283+0600][4.269s][info][gc,heap     ] GC(3) O:  Capacity:      246M (33%)         246M (33%)         246M (33%)         246M (33%)         246M (33%)         246M (33%)    
[2026-04-03T03:14:30.283+0600][4.269s][info][gc,heap     ] GC(3) O:      Free:      604M (81%)         694M (93%)         692M (92%)         694M (93%)         694M (93%)         594M (79%)    
[2026-04-03T03:14:30.283+0600][4.269s][info][gc,heap     ] GC(3) O:      Used:      146M (19%)          56M (7%)           58M (8%)           56M (7%)          156M (21%)          56M (7%)     
[2026-04-03T03:14:30.283+0600][4.269s][info][gc,heap     ] GC(3) O: Old Generation Statistics:
[2026-04-03T03:14:30.283+0600][4.269s][info][gc,heap     ] GC(3) O:                Mark Start          Mark End        Relocate Start      Relocate End    
[2026-04-03T03:14:30.283+0600][4.269s][info][gc,heap     ] GC(3) O:      Used:        8M (1%)            8M (1%)            8M (1%)            6M (1%)     
[2026-04-03T03:14:30.283+0600][4.269s][info][gc,heap     ] GC(3) O:      Live:         -                 3M (0%)            3M (0%)            3M (0%)     
[2026-04-03T03:14:30.283+0600][4.269s][info][gc,heap     ] GC(3) O:   Garbage:         -                 4M (1%)            4M (1%)            0M (0%)     
[2026-04-03T03:14:30.283+0600][4.269s][info][gc,heap     ] GC(3) O: Allocated:         -                 0M (0%)            0M (0%)            2M (0%)     
[2026-04-03T03:14:30.283+0600][4.269s][info][gc,heap     ] GC(3) O: Reclaimed:         -                  -                 0M (0%)            4M (1%)     
[2026-04-03T03:14:30.283+0600][4.269s][info][gc,heap     ] GC(3) O: Compacted:         -                  -                  -                 1M (0%)     
[2026-04-03T03:14:30.283+0600][4.269s][info][gc,phases   ] GC(3) O: Old Generation 56M(7%)->56M(7%) 0.058s
[2026-04-03T03:14:30.283+0600][4.269s][info][gc          ] GC(3) Major Collection (Metadata GC Threshold) 146M(19%)->56M(7%) 0.099s
[2026-04-03T03:14:33.658+0600][7.644s][info][gc          ] GC(4) Major Collection (Metadata GC Threshold)
[2026-04-03T03:14:33.658+0600][7.644s][info][gc,task     ] GC(4) Using 1 Workers for Young Generation
[2026-04-03T03:14:33.658+0600][7.644s][info][gc,task     ] GC(4) Using 1 Workers for Old Generation
[2026-04-03T03:14:33.658+0600][7.644s][info][gc,phases   ] GC(4) Y: Young Generation
[2026-04-03T03:14:33.659+0600][7.645s][info][gc,phases   ] GC(4) Y: Pause Mark Start (Major) 0.020ms
[2026-04-03T03:14:33.704+0600][7.690s][info][gc,phases   ] GC(4) Y: Concurrent Mark 44.815ms
[2026-04-03T03:14:33.704+0600][7.690s][info][gc,phases   ] GC(4) Y: Pause Mark End 0.018ms
[2026-04-03T03:14:33.704+0600][7.690s][info][gc,phases   ] GC(4) Y: Concurrent Mark Free 0.001ms
[2026-04-03T03:14:33.704+0600][7.690s][info][gc,phases   ] GC(4) Y: Concurrent Reset Relocation Set 0.005ms
[2026-04-03T03:14:33.706+0600][7.692s][info][gc,reloc    ] GC(4) Y: Using tenuring threshold: 4 (Computed)
[2026-04-03T03:14:33.708+0600][7.694s][info][gc,phases   ] GC(4) Y: Concurrent Select Relocation Set 3.510ms
[2026-04-03T03:14:33.708+0600][7.694s][info][gc,phases   ] GC(4) Y: Pause Relocate Start 0.016ms
[2026-04-03T03:14:33.729+0600][7.715s][info][gc,phases   ] GC(4) Y: Concurrent Relocate 20.448ms
[2026-04-03T03:14:33.729+0600][7.715s][info][gc,alloc    ] GC(4) Y:                         Mark Start        Mark End      Relocate Start    Relocate End   
[2026-04-03T03:14:33.729+0600][7.715s][info][gc,alloc    ] GC(4) Y: Allocation Stalls:          0                0                0                0         
[2026-04-03T03:14:33.729+0600][7.715s][info][gc,load     ] GC(4) Y: Load: 5.83 (49%) / 5.91 (49%) / 5.90 (49%)
[2026-04-03T03:14:33.729+0600][7.715s][info][gc,mmu      ] GC(4) Y: MMU: 2ms/98.3%, 5ms/99.3%, 10ms/99.5%, 20ms/99.7%, 50ms/99.8%, 100ms/99.9%
[2026-04-03T03:14:33.729+0600][7.715s][info][gc,marking  ] GC(4) Y: Mark: 1 stripe(s), 2 proactive flush(es), 1 terminate flush(es), 0 completion(s), 0 continuation(s) 
[2026-04-03T03:14:33.729+0600][7.715s][info][gc,marking  ] GC(4) Y: Mark Stack Usage: 32M
[2026-04-03T03:14:33.729+0600][7.715s][info][gc,nmethod  ] GC(4) Y: NMethods: 2802 registered, 0 unregistered
[2026-04-03T03:14:33.729+0600][7.715s][info][gc,metaspace] GC(4) Y: Metaspace: 39M used, 39M committed, 1088M reserved
[2026-04-03T03:14:33.729+0600][7.715s][info][gc,reloc    ] GC(4) Y:                        Candidates     Selected     In-Place         Size        Empty    Relocated 
[2026-04-03T03:14:33.729+0600][7.715s][info][gc,reloc    ] GC(4) Y: Small Pages:                  101           90            0         202M           2M           5M 
[2026-04-03T03:14:33.729+0600][7.715s][info][gc,reloc    ] GC(4) Y: Medium Pages:                   2            1            0          32M           0M           2M 
[2026-04-03T03:14:33.729+0600][7.715s][info][gc,reloc    ] GC(4) Y: Large Pages:                    1            0            0           4M           0M           0M 
[2026-04-03T03:14:33.729+0600][7.715s][info][gc,reloc    ] GC(4) Y: Forwarding Usage: 2M
[2026-04-03T03:14:33.729+0600][7.715s][info][gc,reloc    ] GC(4) Y: Age Table:
[2026-04-03T03:14:33.729+0600][7.715s][info][gc,reloc    ] GC(4) Y:                    Live             Garbage             Small              Medium             Large        
[2026-04-03T03:14:33.729+0600][7.715s][info][gc,reloc    ] GC(4) Y: Eden               6M (1%)          189M (25%)         90 / 85             1 / 0              0 / 0        
[2026-04-03T03:14:33.729+0600][7.715s][info][gc,reloc    ] GC(4) Y: Survivor 1         5M (1%)            4M (1%)           5 / 2              0 / 0              0 / 0        
[2026-04-03T03:14:33.729+0600][7.715s][info][gc,reloc    ] GC(4) Y: Survivor 2        11M (2%)           16M (2%)           4 / 1              1 / 1              1 / 0        
[2026-04-03T03:14:33.729+0600][7.715s][info][gc,reloc    ] GC(4) Y: Survivor 3         0M (0%)            3M (0%)           2 / 2              0 / 0              0 / 0        
[2026-04-03T03:14:33.729+0600][7.715s][info][gc,heap     ] GC(4) Y: Min Capacity: 8M(1%)
[2026-04-03T03:14:33.729+0600][7.715s][info][gc,heap     ] GC(4) Y: Max Capacity: 750M(100%)
[2026-04-03T03:14:33.729+0600][7.715s][info][gc,heap     ] GC(4) Y: Soft Max Capacity: 750M(100%)
[2026-04-03T03:14:33.729+0600][7.715s][info][gc,heap     ] GC(4) Y: Heap Statistics:
[2026-04-03T03:14:33.729+0600][7.715s][info][gc,heap     ] GC(4) Y:                Mark Start          Mark End        Relocate Start      Relocate End           High               Low         
[2026-04-03T03:14:33.729+0600][7.715s][info][gc,heap     ] GC(4) Y:  Capacity:      262M (35%)         262M (35%)         262M (35%)         294M (39%)         294M (39%)         262M (35%)    
[2026-04-03T03:14:33.729+0600][7.715s][info][gc,heap     ] GC(4) Y:      Free:      506M (67%)         502M (67%)         504M (67%)         656M (87%)         656M (87%)         466M (62%)    
[2026-04-03T03:14:33.729+0600][7.715s][info][gc,heap     ] GC(4) Y:      Used:      244M (33%)         248M (33%)         246M (33%)          94M (13%)         284M (38%)          94M (13%)    
[2026-04-03T03:14:33.729+0600][7.715s][info][gc,heap     ] GC(4) Y: Young Generation Statistics:
[2026-04-03T03:14:33.729+0600][7.715s][info][gc,heap     ] GC(4) Y:                Mark Start          Mark End        Relocate Start      Relocate End    
[2026-04-03T03:14:33.729+0600][7.715s][info][gc,heap     ] GC(4) Y:      Used:      238M (32%)         242M (32%)         240M (32%)          88M (12%)    
[2026-04-03T03:14:33.729+0600][7.715s][info][gc,heap     ] GC(4) Y:      Live:         -                24M (3%)           24M (3%)           24M (3%)     
[2026-04-03T03:14:33.729+0600][7.715s][info][gc,heap     ] GC(4) Y:   Garbage:         -               213M (28%)         211M (28%)           1M (0%)     
[2026-04-03T03:14:33.729+0600][7.715s][info][gc,heap     ] GC(4) Y: Allocated:         -                 4M (1%)            4M (1%)           62M (8%)     
[2026-04-03T03:14:33.729+0600][7.715s][info][gc,heap     ] GC(4) Y: Reclaimed:         -                  -                 2M (0%)          212M (28%)    
[2026-04-03T03:14:33.729+0600][7.715s][info][gc,heap     ] GC(4) Y:  Promoted:         -                  -                 0M (0%)            0M (0%)     
[2026-04-03T03:14:33.729+0600][7.715s][info][gc,heap     ] GC(4) Y: Compacted:         -                  -                  -                 9M (1%)     
[2026-04-03T03:14:33.729+0600][7.715s][info][gc,phases   ] GC(4) Y: Young Generation 244M(33%)->94M(13%) 0.071s
[2026-04-03T03:14:33.729+0600][7.715s][info][gc,phases   ] GC(4) O: Old Generation
[2026-04-03T03:14:33.741+0600][7.727s][info][gc,phases   ] GC(4) O: Concurrent Mark 11.683ms
[2026-04-03T03:14:33.741+0600][7.727s][info][gc,phases   ] GC(4) O: Pause Mark End 0.030ms
[2026-04-03T03:14:33.741+0600][7.727s][info][gc,phases   ] GC(4) O: Concurrent Mark Free 0.002ms
[2026-04-03T03:14:33.751+0600][7.737s][info][gc,phases   ] GC(4) O: Concurrent Process Non-Strong 10.237ms
[2026-04-03T03:14:33.751+0600][7.737s][info][gc,phases   ] GC(4) O: Concurrent Reset Relocation Set 0.001ms
[2026-04-03T03:14:33.753+0600][7.739s][info][gc,phases   ] GC(4) O: Concurrent Select Relocation Set 1.667ms
[2026-04-03T03:14:33.753+0600][7.739s][info][gc,task     ] GC(4) O: Using 2 Workers for Old Generation
[2026-04-03T03:14:33.773+0600][7.759s][info][gc,task     ] GC(4) O: Using 1 Workers for Old Generation
[2026-04-03T03:14:33.773+0600][7.759s][info][gc,phases   ] GC(4) O: Concurrent Remap Roots 19.970ms
[2026-04-03T03:14:33.773+0600][7.760s][info][gc,phases   ] GC(4) O: Pause Relocate Start 0.019ms
[2026-04-03T03:14:33.776+0600][7.762s][info][gc,phases   ] GC(4) O: Concurrent Relocate 2.691ms
[2026-04-03T03:14:33.776+0600][7.762s][info][gc,alloc    ] GC(4) O:                         Mark Start        Mark End      Relocate Start    Relocate End   
[2026-04-03T03:14:33.776+0600][7.762s][info][gc,alloc    ] GC(4) O: Allocation Stalls:          0                0                0                0         
[2026-04-03T03:14:33.776+0600][7.762s][info][gc,load     ] GC(4) O: Load: 5.83 (49%) / 5.91 (49%) / 5.90 (49%)
[2026-04-03T03:14:33.776+0600][7.762s][info][gc,mmu      ] GC(4) O: MMU: 2ms/98.3%, 5ms/99.3%, 10ms/99.5%, 20ms/99.7%, 50ms/99.8%, 100ms/99.9%
[2026-04-03T03:14:33.776+0600][7.762s][info][gc,marking  ] GC(4) O: Mark: 1 stripe(s), 2 proactive flush(es), 1 terminate flush(es), 0 completion(s), 0 continuation(s) 
[2026-04-03T03:14:33.776+0600][7.762s][info][gc,marking  ] GC(4) O: Mark Stack Usage: 32M
[2026-04-03T03:14:33.776+0600][7.762s][info][gc,nmethod  ] GC(4) O: NMethods: 2654 registered, 173 unregistered
[2026-04-03T03:14:33.776+0600][7.762s][info][gc,metaspace] GC(4) O: Metaspace: 39M used, 40M committed, 1088M reserved
[2026-04-03T03:14:33.776+0600][7.762s][info][gc,ref      ] GC(4) O:                       Encountered   Discovered     Enqueued 
[2026-04-03T03:14:33.776+0600][7.763s][info][gc,ref      ] GC(4) O: Soft References:             3890            0            0 
[2026-04-03T03:14:33.776+0600][7.763s][info][gc,ref      ] GC(4) O: Weak References:             3124          160            0 
[2026-04-03T03:14:33.777+0600][7.763s][info][gc,ref      ] GC(4) O: Final References:              80            0            0 
[2026-04-03T03:14:33.777+0600][7.763s][info][gc,ref      ] GC(4) O: Phantom References:           576           10            0 
[2026-04-03T03:14:33.777+0600][7.763s][info][gc,reloc    ] GC(4) O:                        Candidates     Selected     In-Place         Size        Empty    Relocated 
[2026-04-03T03:14:33.777+0600][7.763s][info][gc,reloc    ] GC(4) O: Small Pages:                    3            1            0           6M           0M           1M 
[2026-04-03T03:14:33.777+0600][7.763s][info][gc,reloc    ] GC(4) O: Medium Pages:                   0            0            0           0M           0M           0M 
[2026-04-03T03:14:33.777+0600][7.763s][info][gc,reloc    ] GC(4) O: Large Pages:                    0            0            0           0M           0M           0M 
[2026-04-03T03:14:33.777+0600][7.763s][info][gc,reloc    ] GC(4) O: Forwarding Usage: 0M
[2026-04-03T03:14:33.777+0600][7.763s][info][gc,heap     ] GC(4) O: Min Capacity: 8M(1%)
[2026-04-03T03:14:33.777+0600][7.763s][info][gc,heap     ] GC(4) O: Max Capacity: 750M(100%)
[2026-04-03T03:14:33.777+0600][7.763s][info][gc,heap     ] GC(4) O: Soft Max Capacity: 750M(100%)
[2026-04-03T03:14:33.777+0600][7.763s][info][gc,heap     ] GC(4) O: Heap Statistics:
[2026-04-03T03:14:33.777+0600][7.763s][info][gc,heap     ] GC(4) O:                Mark Start          Mark End        Relocate Start      Relocate End           High               Low         
[2026-04-03T03:14:33.777+0600][7.763s][info][gc,heap     ] GC(4) O:  Capacity:      262M (35%)         294M (39%)         294M (39%)         294M (39%)         294M (39%)         262M (35%)    
[2026-04-03T03:14:33.777+0600][7.763s][info][gc,heap     ] GC(4) O:      Free:      506M (67%)         648M (86%)         646M (86%)         642M (86%)         656M (87%)         466M (62%)    
[2026-04-03T03:14:33.777+0600][7.763s][info][gc,heap     ] GC(4) O:      Used:      244M (33%)         102M (14%)         104M (14%)         108M (14%)         284M (38%)          94M (13%)    
[2026-04-03T03:14:33.777+0600][7.763s][info][gc,heap     ] GC(4) O: Old Generation Statistics:
[2026-04-03T03:14:33.777+0600][7.763s][info][gc,heap     ] GC(4) O:                Mark Start          Mark End        Relocate Start      Relocate End    
[2026-04-03T03:14:33.777+0600][7.763s][info][gc,heap     ] GC(4) O:      Used:        6M (1%)            6M (1%)            6M (1%)           10M (1%)     
[2026-04-03T03:14:33.777+0600][7.763s][info][gc,heap     ] GC(4) O:      Live:         -                 3M (0%)            3M (0%)            3M (0%)     
[2026-04-03T03:14:33.777+0600][7.763s][info][gc,heap     ] GC(4) O:   Garbage:         -                 2M (0%)            2M (0%)            0M (0%)     
[2026-04-03T03:14:33.777+0600][7.763s][info][gc,heap     ] GC(4) O: Allocated:         -                 0M (0%)            0M (0%)            6M (1%)     
[2026-04-03T03:14:33.777+0600][7.763s][info][gc,heap     ] GC(4) O: Reclaimed:         -                  -                 0M (0%)            2M (0%)     
[2026-04-03T03:14:33.777+0600][7.763s][info][gc,heap     ] GC(4) O: Compacted:         -                  -                  -                 1M (0%)     
[2026-04-03T03:14:33.777+0600][7.763s][info][gc,phases   ] GC(4) O: Old Generation 94M(13%)->108M(14%) 0.047s
[2026-04-03T03:14:33.777+0600][7.763s][info][gc          ] GC(4) Major Collection (Metadata GC Threshold) 244M(33%)->108M(14%) 0.119s
[2026-04-03T03:14:35.884+0600][9.870s][info][gc          ] GC(5) Minor Collection (High Usage)
[2026-04-03T03:14:35.884+0600][9.870s][info][gc,task     ] GC(5) Using 3 Workers for Young Generation
[2026-04-03T03:14:35.884+0600][9.870s][info][gc,phases   ] GC(5) y: Young Generation
[2026-04-03T03:14:35.884+0600][9.870s][info][gc,phases   ] GC(5) y: Pause Mark Start 0.020ms
[2026-04-03T03:14:36.551+0600][10.537s][info][gc,phases   ] GC(5) y: Concurrent Mark 667.043ms
[2026-04-03T03:14:36.552+0600][10.538s][info][gc,phases   ] GC(5) y: Pause Mark End 0.033ms
[2026-04-03T03:14:36.552+0600][10.538s][info][gc,phases   ] GC(5) y: Concurrent Mark Free 0.003ms
[2026-04-03T03:14:36.552+0600][10.538s][info][gc,phases   ] GC(5) y: Concurrent Reset Relocation Set 0.014ms
[2026-04-03T03:14:36.553+0600][10.539s][info][gc,reloc    ] GC(5) y: Using tenuring threshold: 1 (Computed)
[2026-04-03T03:14:36.553+0600][10.539s][info][gc          ] Allocation Stall (main) 529.068ms
[2026-04-03T03:14:36.553+0600][10.539s][info][gc          ] Allocation Stall (RemoteBlock-temp-file-clean-thread) 107.479ms
[2026-04-03T03:14:36.560+0600][10.546s][info][gc,phases   ] GC(5) y: Concurrent Select Relocation Set 8.409ms
[2026-04-03T03:14:36.560+0600][10.546s][info][gc,phases   ] GC(5) y: Pause Relocate Start 0.025ms
[2026-04-03T03:14:36.578+0600][10.564s][info][gc,phases   ] GC(5) y: Concurrent Relocate 16.882ms
[2026-04-03T03:14:36.578+0600][10.564s][info][gc,alloc    ] GC(5) y:                         Mark Start        Mark End      Relocate Start    Relocate End   
[2026-04-03T03:14:36.578+0600][10.564s][info][gc,alloc    ] GC(5) y: Allocation Stalls:          0                2                0                0         
[2026-04-03T03:14:36.578+0600][10.564s][info][gc,load     ] GC(5) y: Load: 5.44 (45%) / 5.83 (49%) / 5.87 (49%)
[2026-04-03T03:14:36.578+0600][10.564s][info][gc,mmu      ] GC(5) y: MMU: 2ms/98.3%, 5ms/99.3%, 10ms/99.4%, 20ms/99.7%, 50ms/99.8%, 100ms/99.9%
[2026-04-03T03:14:36.578+0600][10.564s][info][gc,marking  ] GC(5) y: Mark: 2 stripe(s), 10 proactive flush(es), 1 terminate flush(es), 0 completion(s), 0 continuation(s) 
[2026-04-03T03:14:36.578+0600][10.564s][info][gc,marking  ] GC(5) y: Mark Stack Usage: 32M
[2026-04-03T03:14:36.578+0600][10.564s][info][gc,nmethod  ] GC(5) y: NMethods: 3115 registered, 173 unregistered
[2026-04-03T03:14:36.578+0600][10.564s][info][gc,metaspace] GC(5) y: Metaspace: 47M used, 48M committed, 1088M reserved
[2026-04-03T03:14:36.578+0600][10.564s][info][gc,reloc    ] GC(5) y:                        Candidates     Selected     In-Place         Size        Empty    Relocated 
[2026-04-03T03:14:36.578+0600][10.564s][info][gc,reloc    ] GC(5) y: Small Pages:                  307           57            0         614M           0M           5M 
[2026-04-03T03:14:36.578+0600][10.564s][info][gc,reloc    ] GC(5) y: Medium Pages:                   4            1            0          64M          32M           2M 
[2026-04-03T03:14:36.578+0600][10.564s][info][gc,reloc    ] GC(5) y: Large Pages:                    1            0            0           4M           0M           0M 
[2026-04-03T03:14:36.578+0600][10.564s][info][gc,reloc    ] GC(5) y: Forwarding Usage: 2M
[2026-04-03T03:14:36.578+0600][10.564s][info][gc,reloc    ] GC(5) y: Age Table:
[2026-04-03T03:14:36.578+0600][10.564s][info][gc,reloc    ] GC(5) y:                    Live             Garbage             Small              Medium             Large        
[2026-04-03T03:14:36.578+0600][10.564s][info][gc,reloc    ] GC(5) y: Eden             473M (63%)         124M (17%)        291 / 50             1 / 0              0 / 0        
[2026-04-03T03:14:36.578+0600][10.564s][info][gc,reloc    ] GC(5) y: Survivor 1         5M (1%)           18M (2%)           4 / 2              1 / 0              0 / 0        
[2026-04-03T03:14:36.578+0600][10.564s][info][gc,reloc    ] GC(5) y: Survivor 2         5M (1%)            2M (0%)           4 / 1              0 / 0              0 / 0        
[2026-04-03T03:14:36.578+0600][10.564s][info][gc,reloc    ] GC(5) y: Survivor 3        11M (2%)           34M (5%)           5 / 1              2 / 1              1 / 0        
[2026-04-03T03:14:36.578+0600][10.564s][info][gc,reloc    ] GC(5) y: Survivor 4         0M (0%)            5M (1%)           3 / 3              0 / 0              0 / 0        
[2026-04-03T03:14:36.578+0600][10.564s][info][gc,heap     ] GC(5) y: Min Capacity: 8M(1%)
[2026-04-03T03:14:36.578+0600][10.564s][info][gc,heap     ] GC(5) y: Max Capacity: 750M(100%)
[2026-04-03T03:14:36.578+0600][10.564s][info][gc,heap     ] GC(5) y: Soft Max Capacity: 750M(100%)
[2026-04-03T03:14:36.578+0600][10.564s][info][gc,heap     ] GC(5) y: Heap Statistics:
[2026-04-03T03:14:36.578+0600][10.564s][info][gc,heap     ] GC(5) y:                Mark Start          Mark End        Relocate Start      Relocate End           High               Low         
[2026-04-03T03:14:36.578+0600][10.564s][info][gc,heap     ] GC(5) y:  Capacity:      692M (92%)         750M (100%)        750M (100%)        750M (100%)        750M (100%)        692M (92%)    
[2026-04-03T03:14:36.578+0600][10.564s][info][gc,heap     ] GC(5) y:      Free:       58M (8%)            0M (0%)           26M (3%)          140M (19%)         144M (19%)           0M (0%)     
[2026-04-03T03:14:36.578+0600][10.564s][info][gc,heap     ] GC(5) y:      Used:      692M (92%)         750M (100%)        724M (97%)         610M (81%)         750M (100%)        606M (81%)    
[2026-04-03T03:14:36.578+0600][10.564s][info][gc,heap     ] GC(5) y: Young Generation Statistics:
[2026-04-03T03:14:36.578+0600][10.564s][info][gc,heap     ] GC(5) y:                Mark Start          Mark End        Relocate Start      Relocate End    
[2026-04-03T03:14:36.578+0600][10.564s][info][gc,heap     ] GC(5) y:      Used:      682M (91%)         740M (99%)         694M (93%)         556M (74%)    
[2026-04-03T03:14:36.578+0600][10.564s][info][gc,heap     ] GC(5) y:      Live:         -               497M (66%)         478M (64%)         473M (63%)    
[2026-04-03T03:14:36.578+0600][10.564s][info][gc,heap     ] GC(5) y:   Garbage:         -               184M (25%)         151M (20%)           7M (1%)     
[2026-04-03T03:14:36.578+0600][10.564s][info][gc,heap     ] GC(5) y: Allocated:         -                58M (8%)           64M (9%)           75M (10%)    
[2026-04-03T03:14:36.578+0600][10.564s][info][gc,heap     ] GC(5) y: Reclaimed:         -                  -                33M (4%)          177M (24%)    
[2026-04-03T03:14:36.578+0600][10.564s][info][gc,heap     ] GC(5) y:  Promoted:         -                  -                18M (2%)           24M (3%)     
[2026-04-03T03:14:36.578+0600][10.564s][info][gc,heap     ] GC(5) y: Compacted:         -                  -                  -                 4M (1%)     
[2026-04-03T03:14:36.578+0600][10.564s][info][gc,phases   ] GC(5) y: Young Generation 692M(92%)->610M(81%) 0.693s
[2026-04-03T03:14:36.578+0600][10.564s][info][gc          ] GC(5) Minor Collection (High Usage) 692M(92%)->610M(81%) 0.694s
[2026-04-03T03:14:36.578+0600][10.564s][info][gc          ] GC(6) Major Collection (Allocation Rate)
[2026-04-03T03:14:36.578+0600][10.564s][info][gc,task     ] GC(6) Using 3 Workers for Young Generation
[2026-04-03T03:14:36.578+0600][10.564s][info][gc,task     ] GC(6) Using 2 Workers for Old Generation
[2026-04-03T03:14:36.578+0600][10.564s][info][gc,phases   ] GC(6) Y: Young Generation
[2026-04-03T03:14:36.579+0600][10.565s][info][gc,phases   ] GC(6) Y: Pause Mark Start (Major) 0.025ms
[2026-04-03T03:14:37.362+0600][11.348s][info][gc,phases   ] GC(6) Y: Concurrent Mark 783.223ms
[2026-04-03T03:14:37.362+0600][11.348s][info][gc,phases   ] GC(6) Y: Pause Mark End 0.030ms
[2026-04-03T03:14:37.362+0600][11.348s][info][gc,phases   ] GC(6) Y: Concurrent Mark Free 0.002ms
[2026-04-03T03:14:37.362+0600][11.348s][info][gc,phases   ] GC(6) Y: Concurrent Reset Relocation Set 0.028ms
[2026-04-03T03:14:37.366+0600][11.352s][info][gc,reloc    ] GC(6) Y: Using tenuring threshold: 1 (Computed)
[2026-04-03T03:14:37.453+0600][11.439s][info][gc,phases   ] GC(6) Y: Concurrent Select Relocation Set 90.566ms
[2026-04-03T03:14:37.453+0600][11.439s][info][gc,phases   ] GC(6) Y: Pause Relocate Start 0.024ms
[2026-04-03T03:14:37.454+0600][11.440s][info][gc          ] Allocation Stall (main) 598.929ms
[2026-04-03T03:14:37.613+0600][11.599s][info][gc,phases   ] GC(6) Y: Concurrent Relocate 160.015ms
[2026-04-03T03:14:37.613+0600][11.599s][info][gc,alloc    ] GC(6) Y:                         Mark Start        Mark End      Relocate Start    Relocate End   
[2026-04-03T03:14:37.613+0600][11.599s][info][gc,alloc    ] GC(6) Y: Allocation Stalls:          0                1                1                2         
[2026-04-03T03:14:37.613+0600][11.599s][info][gc,load     ] GC(6) Y: Load: 5.44 (45%) / 5.83 (49%) / 5.87 (49%)
[2026-04-03T03:14:37.613+0600][11.599s][info][gc,mmu      ] GC(6) Y: MMU: 2ms/98.3%, 5ms/99.3%, 10ms/99.4%, 20ms/99.7%, 50ms/99.8%, 100ms/99.9%
[2026-04-03T03:14:37.613+0600][11.599s][info][gc,marking  ] GC(6) Y: Mark: 2 stripe(s), 10 proactive flush(es), 1 terminate flush(es), 0 completion(s), 0 continuation(s) 
[2026-04-03T03:14:37.613+0600][11.599s][info][gc,marking  ] GC(6) Y: Mark Stack Usage: 32M
[2026-04-03T03:14:37.613+0600][11.599s][info][gc,nmethod  ] GC(6) Y: NMethods: 3115 registered, 173 unregistered
[2026-04-03T03:14:37.613+0600][11.599s][info][gc,metaspace] GC(6) Y: Metaspace: 47M used, 48M committed, 1088M reserved
[2026-04-03T03:14:37.613+0600][11.599s][info][gc,reloc    ] GC(6) Y:                        Candidates     Selected     In-Place         Size        Empty    Relocated 
[2026-04-03T03:14:37.613+0600][11.599s][info][gc,reloc    ] GC(6) Y: Small Pages:                  278            4            4         556M           0M           1M 
[2026-04-03T03:14:37.613+0600][11.599s][info][gc,reloc    ] GC(6) Y: Medium Pages:                   0            0            0           0M           0M           0M 
[2026-04-03T03:14:37.613+0600][11.599s][info][gc,reloc    ] GC(6) Y: Large Pages:                    0            0            0           0M           0M           0M 
[2026-04-03T03:14:37.613+0600][11.599s][info][gc,reloc    ] GC(6) Y: Forwarding Usage: 0M
[2026-04-03T03:14:37.613+0600][11.599s][info][gc,reloc    ] GC(6) Y: Age Table:
[2026-04-03T03:14:37.613+0600][11.599s][info][gc,reloc    ] GC(6) Y:                    Live             Garbage             Small              Medium             Large        
[2026-04-03T03:14:37.613+0600][11.599s][info][gc,reloc    ] GC(6) Y: Eden              63M (9%)            8M (1%)          36 / 3              0 / 0              0 / 0        
[2026-04-03T03:14:37.613+0600][11.599s][info][gc,reloc    ] GC(6) Y: Survivor 1       473M (63%)          10M (1%)         242 / 1              0 / 0              0 / 0        
[2026-04-03T03:14:37.613+0600][11.600s][info][gc,heap     ] GC(6) Y: Min Capacity: 8M(1%)
[2026-04-03T03:14:37.613+0600][11.600s][info][gc,heap     ] GC(6) Y: Max Capacity: 750M(100%)
[2026-04-03T03:14:37.614+0600][11.600s][info][gc,heap     ] GC(6) Y: Soft Max Capacity: 750M(100%)
[2026-04-03T03:14:37.614+0600][11.600s][info][gc,heap     ] GC(6) Y: Heap Statistics:
[2026-04-03T03:14:37.614+0600][11.600s][info][gc,heap     ] GC(6) Y:                Mark Start          Mark End        Relocate Start      Relocate End           High               Low         
[2026-04-03T03:14:37.614+0600][11.600s][info][gc,heap     ] GC(6) Y:  Capacity:      750M (100%)        750M (100%)        750M (100%)        750M (100%)        750M (100%)        750M (100%)   
[2026-04-03T03:14:37.614+0600][11.600s][info][gc,heap     ] GC(6) Y:      Free:      140M (19%)           0M (0%)            0M (0%)            0M (0%)          140M (19%)           0M (0%)     
[2026-04-03T03:14:37.614+0600][11.600s][info][gc,heap     ] GC(6) Y:      Used:      610M (81%)         750M (100%)        750M (100%)        750M (100%)        750M (100%)        610M (81%)    
[2026-04-03T03:14:37.614+0600][11.600s][info][gc,heap     ] GC(6) Y: Young Generation Statistics:
[2026-04-03T03:14:37.614+0600][11.600s][info][gc,heap     ] GC(6) Y:                Mark Start          Mark End        Relocate Start      Relocate End    
[2026-04-03T03:14:37.614+0600][11.600s][info][gc,heap     ] GC(6) Y:      Used:      556M (74%)         696M (93%)         214M (29%)         212M (28%)    
[2026-04-03T03:14:37.614+0600][11.600s][info][gc,heap     ] GC(6) Y:      Live:         -               537M (72%)          63M (9%)           63M (9%)     
[2026-04-03T03:14:37.614+0600][11.600s][info][gc,heap     ] GC(6) Y:   Garbage:         -                18M (3%)           10M (1%)            1M (0%)     
[2026-04-03T03:14:37.614+0600][11.600s][info][gc,heap     ] GC(6) Y: Allocated:         -               140M (19%)         140M (19%)         147M (20%)    
[2026-04-03T03:14:37.614+0600][11.600s][info][gc,heap     ] GC(6) Y: Reclaimed:         -                  -                 8M (1%)           17M (2%)     
[2026-04-03T03:14:37.614+0600][11.600s][info][gc,heap     ] GC(6) Y:  Promoted:         -                  -               473M (63%)         473M (63%)    
[2026-04-03T03:14:37.614+0600][11.600s][info][gc,heap     ] GC(6) Y: Compacted:         -                  -                  -                 0M (0%)     
[2026-04-03T03:14:37.614+0600][11.600s][info][gc,phases   ] GC(6) Y: Young Generation 610M(81%)->750M(100%) 1.035s
[2026-04-03T03:14:37.614+0600][11.600s][info][gc,phases   ] GC(6) O: Old Generation
[2026-04-03T03:14:37.614+0600][11.600s][info][gc          ] GC(7) Minor Collection (Allocation Stall)
[2026-04-03T03:14:37.614+0600][11.600s][info][gc,task     ] GC(7) Using 3 Workers for Young Generation
[2026-04-03T03:14:37.614+0600][11.600s][info][gc,phases   ] GC(7) y: Young Generation
[2026-04-03T03:14:37.615+0600][11.601s][info][gc,phases   ] GC(7) y: Pause Mark Start 0.056ms
[2026-04-03T03:14:37.622+0600][11.608s][info][gc,task     ] Adjusting Workers for Old Generation: 2 -> 3
[2026-04-03T03:14:37.635+0600][11.621s][info][gc,phases   ] GC(6) O: Concurrent Mark 20.826ms
[2026-04-03T03:14:37.635+0600][11.621s][info][gc,phases   ] GC(6) O: Pause Mark End 0.033ms
[2026-04-03T03:14:37.635+0600][11.621s][info][gc,phases   ] GC(6) O: Concurrent Mark Free 0.002ms
[2026-04-03T03:14:37.640+0600][11.626s][info][gc,phases   ] GC(6) O: Concurrent Process Non-Strong 5.270ms
[2026-04-03T03:14:37.640+0600][11.626s][info][gc,phases   ] GC(6) O: Concurrent Reset Relocation Set 0.001ms
[2026-04-03T03:14:37.642+0600][11.628s][info][gc,phases   ] GC(6) O: Concurrent Select Relocation Set 1.986ms
[2026-04-03T03:14:37.922+0600][11.908s][info][gc,phases   ] GC(7) y: Concurrent Mark 306.900ms
[2026-04-03T03:14:37.922+0600][11.908s][info][gc,phases   ] GC(7) y: Pause Mark End 0.021ms
[2026-04-03T03:14:37.922+0600][11.908s][info][gc,phases   ] GC(7) y: Concurrent Mark Free 0.002ms
[2026-04-03T03:14:37.922+0600][11.908s][info][gc,phases   ] GC(7) y: Concurrent Reset Relocation Set 0.187ms
[2026-04-03T03:14:37.926+0600][11.912s][info][gc,reloc    ] GC(7) y: Using tenuring threshold: 2 (Computed)
[2026-04-03T03:14:37.926+0600][11.913s][info][gc          ] Allocation Stall (main) 467.215ms
[2026-04-03T03:14:37.927+0600][11.913s][info][gc,phases   ] GC(7) y: Concurrent Select Relocation Set 4.358ms
[2026-04-03T03:14:37.927+0600][11.913s][info][gc,phases   ] GC(7) y: Pause Relocate Start 0.006ms
[2026-04-03T03:14:37.928+0600][11.914s][info][gc,phases   ] GC(7) y: Concurrent Relocate 1.352ms
[2026-04-03T03:14:37.928+0600][11.914s][info][gc,alloc    ] GC(7) y:                         Mark Start        Mark End      Relocate Start    Relocate End   
[2026-04-03T03:14:37.928+0600][11.914s][info][gc,alloc    ] GC(7) y: Allocation Stalls:          2                3                2                2         
[2026-04-03T03:14:37.928+0600][11.914s][info][gc,load     ] GC(7) y: Load: 5.44 (45%) / 5.83 (49%) / 5.87 (49%)
[2026-04-03T03:14:37.928+0600][11.914s][info][gc,mmu      ] GC(7) y: MMU: 2ms/97.2%, 5ms/98.9%, 10ms/99.4%, 20ms/99.6%, 50ms/99.8%, 100ms/99.9%
[2026-04-03T03:14:37.928+0600][11.914s][info][gc,marking  ] GC(7) y: Mark: 2 stripe(s), 10 proactive flush(es), 1 terminate flush(es), 0 completion(s), 0 continuation(s) 
[2026-04-03T03:14:37.928+0600][11.914s][info][gc,marking  ] GC(7) y: Mark Stack Usage: 32M
[2026-04-03T03:14:37.928+0600][11.914s][info][gc,nmethod  ] GC(7) y: NMethods: 3010 registered, 283 unregistered
[2026-04-03T03:14:37.928+0600][11.914s][info][gc,metaspace] GC(7) y: Metaspace: 47M used, 48M committed, 1088M reserved
[2026-04-03T03:14:37.928+0600][11.914s][info][gc,reloc    ] GC(7) y:                        Candidates     Selected     In-Place         Size        Empty    Relocated 
[2026-04-03T03:14:37.928+0600][11.915s][info][gc,reloc    ] GC(7) y: Small Pages:                  106            2            3         212M           2M           0M 
[2026-04-03T03:14:37.928+0600][11.915s][info][gc,reloc    ] GC(7) y: Medium Pages:                   0            0            0           0M           0M           0M 
[2026-04-03T03:14:37.928+0600][11.915s][info][gc,reloc    ] GC(7) y: Large Pages:                    0            0            0           0M           0M           0M 
[2026-04-03T03:14:37.929+0600][11.915s][info][gc,reloc    ] GC(7) y: Forwarding Usage: 0M
[2026-04-03T03:14:37.929+0600][11.915s][info][gc,reloc    ] GC(7) y: Age Table:
[2026-04-03T03:14:37.929+0600][11.915s][info][gc,reloc    ] GC(7) y:                    Live             Garbage             Small              Medium             Large        
[2026-04-03T03:14:37.929+0600][11.915s][info][gc,reloc    ] GC(7) y: Eden             137M (18%)           4M (1%)          71 / 0              0 / 0              0 / 0        
[2026-04-03T03:14:37.929+0600][11.915s][info][gc,reloc    ] GC(7) y: Survivor 1        63M (9%)            6M (1%)          35 / 2              0 / 0              0 / 0        
[2026-04-03T03:14:37.929+0600][11.915s][info][gc,heap     ] GC(7) y: Min Capacity: 8M(1%)
[2026-04-03T03:14:37.929+0600][11.915s][info][gc,heap     ] GC(7) y: Max Capacity: 750M(100%)
[2026-04-03T03:14:37.929+0600][11.915s][info][gc,heap     ] GC(7) y: Soft Max Capacity: 750M(100%)
[2026-04-03T03:14:37.929+0600][11.915s][info][gc,heap     ] GC(7) y: Heap Statistics:
[2026-04-03T03:14:37.929+0600][11.915s][info][gc,heap     ] GC(7) y:                Mark Start          Mark End        Relocate Start      Relocate End           High               Low         
[2026-04-03T03:14:37.929+0600][11.915s][info][gc,heap     ] GC(7) y:  Capacity:      750M (100%)        750M (100%)        750M (100%)        750M (100%)        750M (100%)        750M (100%)   
[2026-04-03T03:14:37.929+0600][11.915s][info][gc,heap     ] GC(7) y:      Free:        0M (0%)            0M (0%)            0M (0%)            0M (0%)            2M (0%)            0M (0%)     
[2026-04-03T03:14:37.929+0600][11.915s][info][gc,heap     ] GC(7) y:      Used:      750M (100%)        750M (100%)        750M (100%)        750M (100%)        750M (100%)        748M (100%)   
[2026-04-03T03:14:37.929+0600][11.915s][info][gc,heap     ] GC(7) y: Young Generation Statistics:
[2026-04-03T03:14:37.929+0600][11.915s][info][gc,heap     ] GC(7) y:                Mark Start          Mark End        Relocate Start      Relocate End    
[2026-04-03T03:14:37.929+0600][11.915s][info][gc,heap     ] GC(7) y:      Used:      212M (28%)         212M (28%)         212M (28%)         212M (28%)    
[2026-04-03T03:14:37.929+0600][11.915s][info][gc,heap     ] GC(7) y:      Live:         -               201M (27%)         201M (27%)         201M (27%)    
[2026-04-03T03:14:37.929+0600][11.915s][info][gc,heap     ] GC(7) y:   Garbage:         -                10M (1%)            8M (1%)            3M (0%)     
[2026-04-03T03:14:37.929+0600][11.915s][info][gc,heap     ] GC(7) y: Allocated:         -                 0M (0%)            2M (0%)            7M (1%)     
[2026-04-03T03:14:37.929+0600][11.915s][info][gc,heap     ] GC(7) y: Reclaimed:         -                  -                 2M (0%)            7M (1%)     
[2026-04-03T03:14:37.929+0600][11.915s][info][gc,heap     ] GC(7) y:  Promoted:         -                  -                 0M (0%)            0M (0%)     
[2026-04-03T03:14:37.929+0600][11.915s][info][gc,heap     ] GC(7) y: Compacted:         -                  -                  -                 0M (0%)     
[2026-04-03T03:14:37.929+0600][11.915s][info][gc,phases   ] GC(7) y: Young Generation 750M(100%)->750M(100%) 0.315s
[2026-04-03T03:14:37.929+0600][11.915s][info][gc          ] GC(7) Minor Collection (Allocation Stall) 750M(100%)->750M(100%) 0.315s
[2026-04-03T03:14:37.929+0600][11.915s][info][gc          ] GC(8) Minor Collection (High Usage)
[2026-04-03T03:14:37.929+0600][11.915s][info][gc,task     ] GC(8) Using 3 Workers for Young Generation
[2026-04-03T03:14:37.929+0600][11.915s][info][gc,phases   ] GC(8) y: Young Generation
[2026-04-03T03:14:37.929+0600][11.915s][info][gc,phases   ] GC(8) y: Pause Mark Start 0.009ms
[2026-04-03T03:14:38.219+0600][12.205s][info][gc,phases   ] GC(8) y: Concurrent Mark 290.027ms
[2026-04-03T03:14:38.219+0600][12.205s][info][gc,phases   ] GC(8) y: Pause Mark End 0.024ms
[2026-04-03T03:14:38.219+0600][12.205s][info][gc,phases   ] GC(8) y: Concurrent Mark Free 0.004ms
[2026-04-03T03:14:38.219+0600][12.205s][info][gc,phases   ] GC(8) y: Concurrent Reset Relocation Set 0.002ms
[2026-04-03T03:14:38.221+0600][12.207s][info][gc,reloc    ] GC(8) y: Using tenuring threshold: 1 (Computed)
[2026-04-03T03:14:38.221+0600][12.207s][info][gc          ] Allocation Stall (RemoteBlock-temp-file-clean-thread) 667.120ms
[2026-04-03T03:14:38.257+0600][12.243s][info][gc,phases   ] GC(8) y: Concurrent Select Relocation Set 37.663ms
[2026-04-03T03:14:38.257+0600][12.243s][info][gc,phases   ] GC(8) y: Pause Relocate Start 0.019ms
[2026-04-03T03:14:38.326+0600][12.312s][info][gc,phases   ] GC(8) y: Concurrent Relocate 68.912ms
[2026-04-03T03:14:38.327+0600][12.313s][info][gc,alloc    ] GC(8) y:                         Mark Start        Mark End      Relocate Start    Relocate End   
[2026-04-03T03:14:38.327+0600][12.313s][info][gc,alloc    ] GC(8) y: Allocation Stalls:          2                3                2                2         
[2026-04-03T03:14:38.327+0600][12.313s][info][gc,load     ] GC(8) y: Load: 5.44 (45%) / 5.83 (49%) / 5.87 (49%)
[2026-04-03T03:14:38.327+0600][12.313s][info][gc,mmu      ] GC(8) y: MMU: 2ms/97.2%, 5ms/98.9%, 10ms/99.4%, 20ms/99.6%, 50ms/99.8%, 100ms/99.9%
[2026-04-03T03:14:38.327+0600][12.313s][info][gc,marking  ] GC(8) y: Mark: 2 stripe(s), 10 proactive flush(es), 1 terminate flush(es), 0 completion(s), 0 continuation(s) 
[2026-04-03T03:14:38.327+0600][12.313s][info][gc,marking  ] GC(8) y: Mark Stack Usage: 32M
[2026-04-03T03:14:38.327+0600][12.313s][info][gc,nmethod  ] GC(8) y: NMethods: 3010 registered, 283 unregistered
[2026-04-03T03:14:38.327+0600][12.313s][info][gc,metaspace] GC(8) y: Metaspace: 47M used, 48M committed, 1088M reserved
[2026-04-03T03:14:38.327+0600][12.313s][info][gc,reloc    ] GC(8) y:                        Candidates     Selected     In-Place         Size        Empty    Relocated 
[2026-04-03T03:14:38.327+0600][12.313s][info][gc,reloc    ] GC(8) y: Small Pages:                  106            1            2         212M           2M           0M 
[2026-04-03T03:14:38.327+0600][12.313s][info][gc,reloc    ] GC(8) y: Medium Pages:                   0            0            0           0M           0M           0M 
[2026-04-03T03:14:38.327+0600][12.313s][info][gc,reloc    ] GC(8) y: Large Pages:                    0            0            0           0M           0M           0M 
[2026-04-03T03:14:38.327+0600][12.313s][info][gc,reloc    ] GC(8) y: Forwarding Usage: 0M
[2026-04-03T03:14:38.327+0600][12.313s][info][gc,reloc    ] GC(8) y: Age Table:
[2026-04-03T03:14:38.327+0600][12.313s][info][gc,reloc    ] GC(8) y:                    Live             Garbage             Small              Medium             Large        
[2026-04-03T03:14:38.327+0600][12.313s][info][gc,reloc    ] GC(8) y: Eden               0M (0%)            1M (0%)           1 / 0              0 / 0              0 / 0        
[2026-04-03T03:14:38.327+0600][12.313s][info][gc,reloc    ] GC(8) y: Survivor 1       137M (18%)           4M (1%)          71 / 0              0 / 0              0 / 0        
[2026-04-03T03:14:38.327+0600][12.313s][info][gc,reloc    ] GC(8) y: Survivor 2        63M (9%)            4M (1%)          34 / 1              0 / 0              0 / 0        
[2026-04-03T03:14:38.327+0600][12.313s][info][gc,heap     ] GC(8) y: Min Capacity: 8M(1%)
[2026-04-03T03:14:38.327+0600][12.313s][info][gc,heap     ] GC(8) y: Max Capacity: 750M(100%)
[2026-04-03T03:14:38.327+0600][12.313s][info][gc,heap     ] GC(8) y: Soft Max Capacity: 750M(100%)
[2026-04-03T03:14:38.327+0600][12.313s][info][gc,heap     ] GC(8) y: Heap Statistics:
[2026-04-03T03:14:38.327+0600][12.313s][info][gc,heap     ] GC(8) y:                Mark Start          Mark End        Relocate Start      Relocate End           High               Low         
[2026-04-03T03:14:38.327+0600][12.313s][info][gc,heap     ] GC(8) y:  Capacity:      750M (100%)        750M (100%)        750M (100%)        750M (100%)        750M (100%)        750M (100%)   
[2026-04-03T03:14:38.327+0600][12.313s][info][gc,heap     ] GC(8) y:      Free:        0M (0%)            0M (0%)            0M (0%)            0M (0%)            2M (0%)            0M (0%)     
[2026-04-03T03:14:38.327+0600][12.313s][info][gc,heap     ] GC(8) y:      Used:      750M (100%)        750M (100%)        750M (100%)        750M (100%)        750M (100%)        748M (100%)   
[2026-04-03T03:14:38.327+0600][12.313s][info][gc,heap     ] GC(8) y: Young Generation Statistics:
[2026-04-03T03:14:38.327+0600][12.313s][info][gc,heap     ] GC(8) y:                Mark Start          Mark End        Relocate Start      Relocate End    
[2026-04-03T03:14:38.327+0600][12.313s][info][gc,heap     ] GC(8) y:      Used:      212M (28%)         212M (28%)           8M (1%)            4M (1%)     
[2026-04-03T03:14:38.327+0600][12.313s][info][gc,heap     ] GC(8) y:      Live:         -               202M (27%)           1M (0%)            0M (0%)     
[2026-04-03T03:14:38.327+0600][12.313s][info][gc,heap     ] GC(8) y:   Garbage:         -                 9M (1%)            4M (1%)            1M (0%)     
[2026-04-03T03:14:38.327+0600][12.313s][info][gc,heap     ] GC(8) y: Allocated:         -                 0M (0%)            2M (0%)            2M (0%)     
[2026-04-03T03:14:38.327+0600][12.313s][info][gc,heap     ] GC(8) y: Reclaimed:         -                  -                 5M (1%)            8M (1%)     
[2026-04-03T03:14:38.327+0600][12.313s][info][gc,heap     ] GC(8) y:  Promoted:         -                  -               200M (27%)         201M (27%)    
[2026-04-03T03:14:38.327+0600][12.313s][info][gc,heap     ] GC(8) y: Compacted:         -                  -                  -                 0M (0%)     
[2026-04-03T03:14:38.327+0600][12.313s][info][gc,phases   ] GC(8) y: Young Generation 750M(100%)->750M(100%) 0.398s
[2026-04-03T03:14:38.327+0600][12.313s][info][gc          ] GC(8) Minor Collection (High Usage) 750M(100%)->750M(100%) 0.398s
[2026-04-03T03:14:38.327+0600][12.313s][info][gc,task     ] GC(6) O: Using 3 Workers for Old Generation
[2026-04-03T03:14:38.343+0600][12.329s][info][gc,task     ] GC(6) O: Using 3 Workers for Old Generation
[2026-04-03T03:14:38.343+0600][12.329s][info][gc,phases   ] GC(6) O: Concurrent Remap Roots 15.876ms
[2026-04-03T03:14:38.343+0600][12.329s][info][gc,phases   ] GC(6) O: Pause Relocate Start 0.024ms
[2026-04-03T03:14:38.344+0600][12.330s][info][gc          ] Allocation Stall (Spark Context Cleaner) 643.870ms
[2026-04-03T03:14:38.344+0600][12.330s][info][gc          ] Allocation Stall (main) 414.337ms
[2026-04-03T03:14:38.347+0600][12.333s][info][gc,phases   ] GC(6) O: Concurrent Relocate 3.892ms
[2026-04-03T03:14:38.347+0600][12.333s][info][gc,alloc    ] GC(6) O:                         Mark Start        Mark End      Relocate Start    Relocate End   
[2026-04-03T03:14:38.347+0600][12.333s][info][gc,alloc    ] GC(6) O: Allocation Stalls:          0                2                2                0         
[2026-04-03T03:14:38.347+0600][12.333s][info][gc,load     ] GC(6) O: Load: 5.44 (45%) / 5.83 (49%) / 5.87 (49%)
[2026-04-03T03:14:38.347+0600][12.333s][info][gc,mmu      ] GC(6) O: MMU: 2ms/97.2%, 5ms/98.9%, 10ms/99.4%, 20ms/99.6%, 50ms/99.8%, 100ms/99.9%
[2026-04-03T03:14:38.347+0600][12.333s][info][gc,marking  ] GC(6) O: Mark: 2 stripe(s), 2 proactive flush(es), 1 terminate flush(es), 0 completion(s), 0 continuation(s) 
[2026-04-03T03:14:38.347+0600][12.333s][info][gc,marking  ] GC(6) O: Mark Stack Usage: 32M
[2026-04-03T03:14:38.347+0600][12.333s][info][gc,nmethod  ] GC(6) O: NMethods: 3010 registered, 283 unregistered
[2026-04-03T03:14:38.347+0600][12.333s][info][gc,metaspace] GC(6) O: Metaspace: 47M used, 48M committed, 1088M reserved
[2026-04-03T03:14:38.347+0600][12.333s][info][gc,ref      ] GC(6) O:                       Encountered   Discovered     Enqueued 
[2026-04-03T03:14:38.347+0600][12.333s][info][gc,ref      ] GC(6) O: Soft References:             3983            0            0 
[2026-04-03T03:14:38.347+0600][12.333s][info][gc,ref      ] GC(6) O: Weak References:             4085         2257          898 
[2026-04-03T03:14:38.347+0600][12.333s][info][gc,ref      ] GC(6) O: Final References:              82           80            0 
[2026-04-03T03:14:38.347+0600][12.333s][info][gc,ref      ] GC(6) O: Phantom References:           586          304            1 
[2026-04-03T03:14:38.347+0600][12.333s][info][gc,reloc    ] GC(6) O:                        Candidates     Selected     In-Place         Size        Empty    Relocated 
[2026-04-03T03:14:38.347+0600][12.333s][info][gc,reloc    ] GC(6) O: Small Pages:                   17            6            3          34M           0M           2M 
[2026-04-03T03:14:38.347+0600][12.333s][info][gc,reloc    ] GC(6) O: Medium Pages:                   1            0            0          16M           0M           0M 
[2026-04-03T03:14:38.347+0600][12.333s][info][gc,reloc    ] GC(6) O: Large Pages:                    1            0            0           4M           0M           0M 
[2026-04-03T03:14:38.347+0600][12.333s][info][gc,reloc    ] GC(6) O: Forwarding Usage: 1M
[2026-04-03T03:14:38.347+0600][12.333s][info][gc,heap     ] GC(6) O: Min Capacity: 8M(1%)
[2026-04-03T03:14:38.347+0600][12.333s][info][gc,heap     ] GC(6) O: Max Capacity: 750M(100%)
[2026-04-03T03:14:38.347+0600][12.333s][info][gc,heap     ] GC(6) O: Soft Max Capacity: 750M(100%)
[2026-04-03T03:14:38.347+0600][12.333s][info][gc,heap     ] GC(6) O: Heap Statistics:
[2026-04-03T03:14:38.347+0600][12.333s][info][gc,heap     ] GC(6) O:                Mark Start          Mark End        Relocate Start      Relocate End           High               Low         
[2026-04-03T03:14:38.347+0600][12.333s][info][gc,heap     ] GC(6) O:  Capacity:      750M (100%)        750M (100%)        750M (100%)        750M (100%)        750M (100%)        750M (100%)   
[2026-04-03T03:14:38.347+0600][12.333s][info][gc,heap     ] GC(6) O:      Free:      140M (19%)           0M (0%)            0M (0%)            4M (1%)          140M (19%)           0M (0%)     
[2026-04-03T03:14:38.347+0600][12.333s][info][gc,heap     ] GC(6) O:      Used:      610M (81%)         750M (100%)        750M (100%)        746M (99%)         750M (100%)        610M (81%)    
[2026-04-03T03:14:38.347+0600][12.333s][info][gc,heap     ] GC(6) O: Old Generation Statistics:
[2026-04-03T03:14:38.347+0600][12.333s][info][gc,heap     ] GC(6) O:                Mark Start          Mark End        Relocate Start      Relocate End    
[2026-04-03T03:14:38.347+0600][12.333s][info][gc,heap     ] GC(6) O:      Used:       54M (7%)          538M (72%)         746M (99%)         738M (98%)    
[2026-04-03T03:14:38.347+0600][12.333s][info][gc,heap     ] GC(6) O:      Live:         -                27M (4%)           27M (4%)           27M (4%)     
[2026-04-03T03:14:38.347+0600][12.333s][info][gc,heap     ] GC(6) O:   Garbage:         -                26M (4%)           26M (4%)           13M (2%)     
[2026-04-03T03:14:38.347+0600][12.333s][info][gc,heap     ] GC(6) O: Allocated:         -               484M (65%)         692M (92%)         696M (93%)    
[2026-04-03T03:14:38.347+0600][12.333s][info][gc,heap     ] GC(6) O: Reclaimed:         -                  -                 0M (0%)           12M (2%)     
[2026-04-03T03:14:38.347+0600][12.333s][info][gc,heap     ] GC(6) O: Compacted:         -                  -                  -                 5M (1%)     
[2026-04-03T03:14:38.347+0600][12.333s][info][gc,phases   ] GC(6) O: Old Generation 750M(100%)->746M(99%) 0.733s
[2026-04-03T03:14:38.347+0600][12.333s][info][gc          ] GC(6) Major Collection (Allocation Rate) 610M(81%)->746M(99%) 1.769s
[2026-04-03T03:14:38.355+0600][12.341s][info][gc          ] GC(9) Minor Collection (Allocation Stall)
[2026-04-03T03:14:38.355+0600][12.341s][info][gc,task     ] GC(9) Using 3 Workers for Young Generation
[2026-04-03T03:14:38.355+0600][12.341s][info][gc,phases   ] GC(9) y: Young Generation
[2026-04-03T03:14:38.355+0600][12.341s][info][gc,phases   ] GC(9) y: Pause Mark Start 0.018ms
[2026-04-03T03:14:38.369+0600][12.355s][info][gc,phases   ] GC(9) y: Concurrent Mark 14.009ms
[2026-04-03T03:14:38.369+0600][12.355s][info][gc,phases   ] GC(9) y: Pause Mark End 0.017ms
[2026-04-03T03:14:38.369+0600][12.355s][info][gc,phases   ] GC(9) y: Concurrent Mark Free 0.001ms
[2026-04-03T03:14:38.369+0600][12.355s][info][gc,phases   ] GC(9) y: Concurrent Reset Relocation Set 0.083ms
[2026-04-03T03:14:38.371+0600][12.357s][info][gc,reloc    ] GC(9) y: Using tenuring threshold: 2 (Computed)
[2026-04-03T03:14:38.371+0600][12.357s][info][gc,phases   ] GC(9) y: Concurrent Select Relocation Set 1.487ms
[2026-04-03T03:14:38.371+0600][12.357s][info][gc,phases   ] GC(9) y: Pause Relocate Start 0.008ms
[2026-04-03T03:14:38.371+0600][12.357s][info][gc          ] Allocation Stall (main) 16.569ms
[2026-04-03T03:14:38.372+0600][12.359s][info][gc,phases   ] GC(9) y: Concurrent Relocate 1.633ms
[2026-04-03T03:14:38.373+0600][12.359s][info][gc,alloc    ] GC(9) y:                         Mark Start        Mark End      Relocate Start    Relocate End   
[2026-04-03T03:14:38.373+0600][12.359s][info][gc,alloc    ] GC(9) y: Allocation Stalls:          1                1                1                0         
[2026-04-03T03:14:38.373+0600][12.359s][info][gc,load     ] GC(9) y: Load: 5.44 (45%) / 5.83 (49%) / 5.87 (49%)
[2026-04-03T03:14:38.373+0600][12.359s][info][gc,mmu      ] GC(9) y: MMU: 2ms/97.2%, 5ms/98.9%, 10ms/99.4%, 20ms/99.6%, 50ms/99.8%, 100ms/99.9%
[2026-04-03T03:14:38.373+0600][12.359s][info][gc,marking  ] GC(9) y: Mark: 2 stripe(s), 10 proactive flush(es), 1 terminate flush(es), 0 completion(s), 0 continuation(s) 
[2026-04-03T03:14:38.373+0600][12.359s][info][gc,marking  ] GC(9) y: Mark Stack Usage: 32M
[2026-04-03T03:14:38.373+0600][12.359s][info][gc,nmethod  ] GC(9) y: NMethods: 3010 registered, 283 unregistered
[2026-04-03T03:14:38.373+0600][12.359s][info][gc,metaspace] GC(9) y: Metaspace: 47M used, 48M committed, 1088M reserved
[2026-04-03T03:14:38.373+0600][12.359s][info][gc,reloc    ] GC(9) y:                        Candidates     Selected     In-Place         Size        Empty    Relocated 
[2026-04-03T03:14:38.373+0600][12.359s][info][gc,reloc    ] GC(9) y: Small Pages:                    6            2            2          12M           0M           0M 
[2026-04-03T03:14:38.373+0600][12.359s][info][gc,reloc    ] GC(9) y: Medium Pages:                   0            0            0           0M           0M           0M 
[2026-04-03T03:14:38.373+0600][12.359s][info][gc,reloc    ] GC(9) y: Large Pages:                    0            0            0           0M           0M           0M 
[2026-04-03T03:14:38.373+0600][12.359s][info][gc,reloc    ] GC(9) y: Forwarding Usage: 0M
[2026-04-03T03:14:38.373+0600][12.359s][info][gc,reloc    ] GC(9) y: Age Table:
[2026-04-03T03:14:38.373+0600][12.359s][info][gc,reloc    ] GC(9) y:                    Live             Garbage             Small              Medium             Large        
[2026-04-03T03:14:38.373+0600][12.359s][info][gc,reloc    ] GC(9) y: Eden               5M (1%)            4M (1%)           5 / 1              0 / 0              0 / 0        
[2026-04-03T03:14:38.373+0600][12.359s][info][gc,reloc    ] GC(9) y: Survivor 1         0M (0%)            1M (0%)           1 / 1              0 / 0              0 / 0        
[2026-04-03T03:14:38.373+0600][12.359s][info][gc,heap     ] GC(9) y: Min Capacity: 8M(1%)
[2026-04-03T03:14:38.373+0600][12.359s][info][gc,heap     ] GC(9) y: Max Capacity: 750M(100%)
[2026-04-03T03:14:38.373+0600][12.359s][info][gc,heap     ] GC(9) y: Soft Max Capacity: 750M(100%)
[2026-04-03T03:14:38.373+0600][12.359s][info][gc,heap     ] GC(9) y: Heap Statistics:
[2026-04-03T03:14:38.373+0600][12.359s][info][gc,heap     ] GC(9) y:                Mark Start          Mark End        Relocate Start      Relocate End           High               Low         
[2026-04-03T03:14:38.373+0600][12.359s][info][gc,heap     ] GC(9) y:  Capacity:      750M (100%)        750M (100%)        750M (100%)        750M (100%)        750M (100%)        750M (100%)   
[2026-04-03T03:14:38.373+0600][12.359s][info][gc,heap     ] GC(9) y:      Free:        0M (0%)            0M (0%)            0M (0%)            0M (0%)            2M (0%)            0M (0%)     
[2026-04-03T03:14:38.373+0600][12.359s][info][gc,heap     ] GC(9) y:      Used:      750M (100%)        750M (100%)        750M (100%)        750M (100%)        750M (100%)        748M (100%)   
[2026-04-03T03:14:38.373+0600][12.359s][info][gc,heap     ] GC(9) y: Young Generation Statistics:
[2026-04-03T03:14:38.373+0600][12.359s][info][gc,heap     ] GC(9) y:                Mark Start          Mark End        Relocate Start      Relocate End    
[2026-04-03T03:14:38.373+0600][12.359s][info][gc,heap     ] GC(9) y:      Used:       12M (2%)           12M (2%)           12M (2%)           12M (2%)     
[2026-04-03T03:14:38.373+0600][12.359s][info][gc,heap     ] GC(9) y:      Live:         -                 6M (1%)            6M (1%)            6M (1%)     
[2026-04-03T03:14:38.373+0600][12.359s][info][gc,heap     ] GC(9) y:   Garbage:         -                 5M (1%)            5M (1%)            0M (0%)     
[2026-04-03T03:14:38.373+0600][12.359s][info][gc,heap     ] GC(9) y: Allocated:         -                 0M (0%)            0M (0%)            5M (1%)     
[2026-04-03T03:14:38.373+0600][12.359s][info][gc,heap     ] GC(9) y: Reclaimed:         -                  -                 0M (0%)            5M (1%)     
[2026-04-03T03:14:38.373+0600][12.359s][info][gc,heap     ] GC(9) y:  Promoted:         -                  -                 0M (0%)            0M (0%)     
[2026-04-03T03:14:38.373+0600][12.359s][info][gc,heap     ] GC(9) y: Compacted:         -                  -                  -                 0M (0%)     
[2026-04-03T03:14:38.373+0600][12.359s][info][gc,phases   ] GC(9) y: Young Generation 750M(100%)->750M(100%) 0.018s
[2026-04-03T03:14:38.373+0600][12.359s][info][gc          ] GC(9) Minor Collection (Allocation Stall) 750M(100%)->750M(100%) 0.018s
[2026-04-03T03:14:38.375+0600][12.361s][info][gc          ] GC(10) Minor Collection (Allocation Stall)
[2026-04-03T03:14:38.375+0600][12.361s][info][gc,task     ] GC(10) Using 3 Workers for Young Generation
[2026-04-03T03:14:38.375+0600][12.362s][info][gc,phases   ] GC(10) y: Young Generation
[2026-04-03T03:14:38.376+0600][12.362s][info][gc,phases   ] GC(10) y: Pause Mark Start 0.013ms
[2026-04-03T03:14:38.394+0600][12.380s][info][gc,phases   ] GC(10) y: Concurrent Mark 17.961ms
[2026-04-03T03:14:38.394+0600][12.380s][info][gc,phases   ] GC(10) y: Pause Mark End 0.021ms
[2026-04-03T03:14:38.394+0600][12.380s][info][gc,phases   ] GC(10) y: Concurrent Mark Free 0.001ms
[2026-04-03T03:14:38.394+0600][12.380s][info][gc,phases   ] GC(10) y: Concurrent Reset Relocation Set 0.002ms
[2026-04-03T03:14:38.395+0600][12.381s][info][gc,reloc    ] GC(10) y: Using tenuring threshold: 3 (Computed)
[2026-04-03T03:14:38.395+0600][12.381s][info][gc,phases   ] GC(10) y: Concurrent Select Relocation Set 1.502ms
[2026-04-03T03:14:38.395+0600][12.381s][info][gc,phases   ] GC(10) y: Pause Relocate Start 0.007ms
[2026-04-03T03:14:38.397+0600][12.383s][info][gc,phases   ] GC(10) y: Concurrent Relocate 1.790ms
[2026-04-03T03:14:38.397+0600][12.383s][info][gc,alloc    ] GC(10) y:                         Mark Start        Mark End      Relocate Start    Relocate End   
[2026-04-03T03:14:38.397+0600][12.383s][info][gc,alloc    ] GC(10) y: Allocation Stalls:          1                1                1                1         
[2026-04-03T03:14:38.397+0600][12.383s][info][gc,load     ] GC(10) y: Load: 5.44 (45%) / 5.83 (49%) / 5.87 (49%)
[2026-04-03T03:14:38.397+0600][12.383s][info][gc,mmu      ] GC(10) y: MMU: 2ms/97.2%, 5ms/98.9%, 10ms/99.4%, 20ms/99.6%, 50ms/99.8%, 100ms/99.9%
[2026-04-03T03:14:38.397+0600][12.383s][info][gc,marking  ] GC(10) y: Mark: 2 stripe(s), 10 proactive flush(es), 1 terminate flush(es), 0 completion(s), 0 continuation(s) 
[2026-04-03T03:14:38.397+0600][12.383s][info][gc,marking  ] GC(10) y: Mark Stack Usage: 32M
[2026-04-03T03:14:38.397+0600][12.383s][info][gc,nmethod  ] GC(10) y: NMethods: 3010 registered, 283 unregistered
[2026-04-03T03:14:38.397+0600][12.383s][info][gc,metaspace] GC(10) y: Metaspace: 47M used, 48M committed, 1088M reserved
[2026-04-03T03:14:38.397+0600][12.383s][info][gc,reloc    ] GC(10) y:                        Candidates     Selected     In-Place         Size        Empty    Relocated 
[2026-04-03T03:14:38.397+0600][12.383s][info][gc,reloc    ] GC(10) y: Small Pages:                    6            1            2          12M           0M           0M 
[2026-04-03T03:14:38.397+0600][12.383s][info][gc,reloc    ] GC(10) y: Medium Pages:                   0            0            0           0M           0M           0M 
[2026-04-03T03:14:38.397+0600][12.383s][info][gc,reloc    ] GC(10) y: Large Pages:                    0            0            0           0M           0M           0M 
[2026-04-03T03:14:38.397+0600][12.383s][info][gc,reloc    ] GC(10) y: Forwarding Usage: 0M
[2026-04-03T03:14:38.397+0600][12.383s][info][gc,reloc    ] GC(10) y: Age Table:
[2026-04-03T03:14:38.397+0600][12.383s][info][gc,reloc    ] GC(10) y:                    Live             Garbage             Small              Medium             Large        
[2026-04-03T03:14:38.397+0600][12.383s][info][gc,reloc    ] GC(10) y: Eden               1M (0%)            0M (0%)           1 / 0              0 / 0              0 / 0        
[2026-04-03T03:14:38.397+0600][12.383s][info][gc,reloc    ] GC(10) y: Survivor 1         5M (1%)            2M (0%)           4 / 0              0 / 0              0 / 0        
[2026-04-03T03:14:38.397+0600][12.383s][info][gc,reloc    ] GC(10) y: Survivor 2         0M (0%)            1M (0%)           1 / 1              0 / 0              0 / 0        
[2026-04-03T03:14:38.397+0600][12.383s][info][gc,heap     ] GC(10) y: Min Capacity: 8M(1%)
[2026-04-03T03:14:38.397+0600][12.383s][info][gc,heap     ] GC(10) y: Max Capacity: 750M(100%)
[2026-04-03T03:14:38.397+0600][12.383s][info][gc,heap     ] GC(10) y: Soft Max Capacity: 750M(100%)
[2026-04-03T03:14:38.397+0600][12.383s][info][gc,heap     ] GC(10) y: Heap Statistics:
[2026-04-03T03:14:38.397+0600][12.383s][info][gc,heap     ] GC(10) y:                Mark Start          Mark End        Relocate Start      Relocate End           High               Low         
[2026-04-03T03:14:38.397+0600][12.383s][info][gc,heap     ] GC(10) y:  Capacity:      750M (100%)        750M (100%)        750M (100%)        750M (100%)        750M (100%)        750M (100%)   
[2026-04-03T03:14:38.397+0600][12.383s][info][gc,heap     ] GC(10) y:      Free:        0M (0%)            0M (0%)            0M (0%)            0M (0%)            0M (0%)            0M (0%)     
[2026-04-03T03:14:38.397+0600][12.383s][info][gc,heap     ] GC(10) y:      Used:      750M (100%)        750M (100%)        750M (100%)        750M (100%)        750M (100%)        750M (100%)   
[2026-04-03T03:14:38.397+0600][12.383s][info][gc,heap     ] GC(10) y: Young Generation Statistics:
[2026-04-03T03:14:38.397+0600][12.383s][info][gc,heap     ] GC(10) y:                Mark Start          Mark End        Relocate Start      Relocate End    
[2026-04-03T03:14:38.397+0600][12.383s][info][gc,heap     ] GC(10) y:      Used:       12M (2%)           12M (2%)           12M (2%)           12M (2%)     
[2026-04-03T03:14:38.397+0600][12.383s][info][gc,heap     ] GC(10) y:      Live:         -                 8M (1%)            8M (1%)            8M (1%)     
[2026-04-03T03:14:38.397+0600][12.383s][info][gc,heap     ] GC(10) y:   Garbage:         -                 3M (0%)            3M (0%)            0M (0%)     
[2026-04-03T03:14:38.397+0600][12.383s][info][gc,heap     ] GC(10) y: Allocated:         -                 0M (0%)            0M (0%)            3M (0%)     
[2026-04-03T03:14:38.397+0600][12.383s][info][gc,heap     ] GC(10) y: Reclaimed:         -                  -                 0M (0%)            3M (0%)     
[2026-04-03T03:14:38.397+0600][12.383s][info][gc,heap     ] GC(10) y:  Promoted:         -                  -                 0M (0%)            0M (0%)     
[2026-04-03T03:14:38.397+0600][12.383s][info][gc,heap     ] GC(10) y: Compacted:         -                  -                  -                 0M (0%)     
[2026-04-03T03:14:38.397+0600][12.383s][info][gc,phases   ] GC(10) y: Young Generation 750M(100%)->750M(100%) 0.022s
[2026-04-03T03:14:38.397+0600][12.383s][info][gc          ] GC(10) Minor Collection (Allocation Stall) 750M(100%)->750M(100%) 0.022s
[2026-04-03T03:14:38.397+0600][12.384s][info][gc          ] GC(11) Major Collection (Allocation Stall)
[2026-04-03T03:14:38.398+0600][12.384s][info][gc,task     ] GC(11) Using 3 Workers for Young Generation
[2026-04-03T03:14:38.398+0600][12.384s][info][gc,task     ] GC(11) Using 3 Workers for Old Generation
[2026-04-03T03:14:38.398+0600][12.384s][info][gc,phases   ] GC(11) Y: Young Generation (Promote All)
[2026-04-03T03:14:38.398+0600][12.384s][info][gc,phases   ] GC(11) Y: Pause Mark Start 0.010ms
[2026-04-03T03:14:38.416+0600][12.402s][info][gc,phases   ] GC(11) Y: Concurrent Mark 18.608ms
[2026-04-03T03:14:38.416+0600][12.402s][info][gc,phases   ] GC(11) Y: Pause Mark End 0.014ms
[2026-04-03T03:14:38.416+0600][12.402s][info][gc,phases   ] GC(11) Y: Concurrent Mark Free 0.002ms
[2026-04-03T03:14:38.417+0600][12.403s][info][gc,phases   ] GC(11) Y: Concurrent Reset Relocation Set 0.001ms
[2026-04-03T03:14:38.418+0600][12.404s][info][gc,reloc    ] GC(11) Y: Using tenuring threshold: 0 (Promote All)
[2026-04-03T03:14:38.421+0600][12.407s][info][gc,phases   ] GC(11) Y: Concurrent Select Relocation Set 4.291ms
[2026-04-03T03:14:38.421+0600][12.407s][info][gc,phases   ] GC(11) Y: Pause Relocate Start 0.022ms
[2026-04-03T03:14:38.424+0600][12.410s][info][gc          ] Allocation Stall (main) 48.968ms
[2026-04-03T03:14:38.428+0600][12.414s][info][gc,phases   ] GC(11) Y: Concurrent Relocate 6.913ms
[2026-04-03T03:14:38.428+0600][12.414s][info][gc,alloc    ] GC(11) Y:                         Mark Start        Mark End      Relocate Start    Relocate End   
[2026-04-03T03:14:38.428+0600][12.414s][info][gc,alloc    ] GC(11) Y: Allocation Stalls:          1                1                1                0         
[2026-04-03T03:14:38.428+0600][12.414s][info][gc,load     ] GC(11) Y: Load: 5.44 (45%) / 5.83 (49%) / 5.87 (49%)
[2026-04-03T03:14:38.428+0600][12.414s][info][gc,mmu      ] GC(11) Y: MMU: 2ms/97.2%, 5ms/98.9%, 10ms/99.4%, 20ms/99.6%, 50ms/99.8%, 100ms/99.8%
[2026-04-03T03:14:38.428+0600][12.414s][info][gc,marking  ] GC(11) Y: Mark: 2 stripe(s), 10 proactive flush(es), 1 terminate flush(es), 0 completion(s), 0 continuation(s) 
[2026-04-03T03:14:38.428+0600][12.414s][info][gc,marking  ] GC(11) Y: Mark Stack Usage: 32M
[2026-04-03T03:14:38.428+0600][12.414s][info][gc,nmethod  ] GC(11) Y: NMethods: 3010 registered, 283 unregistered
[2026-04-03T03:14:38.428+0600][12.414s][info][gc,metaspace] GC(11) Y: Metaspace: 47M used, 48M committed, 1088M reserved
[2026-04-03T03:14:38.428+0600][12.414s][info][gc,reloc    ] GC(11) Y:                        Candidates     Selected     In-Place         Size        Empty    Relocated 
[2026-04-03T03:14:38.428+0600][12.414s][info][gc,reloc    ] GC(11) Y: Small Pages:                    6            1            1          12M           0M           0M 
[2026-04-03T03:14:38.428+0600][12.414s][info][gc,reloc    ] GC(11) Y: Medium Pages:                   0            0            0           0M           0M           0M 
[2026-04-03T03:14:38.428+0600][12.414s][info][gc,reloc    ] GC(11) Y: Large Pages:                    0            0            0           0M           0M           0M 
[2026-04-03T03:14:38.428+0600][12.414s][info][gc,reloc    ] GC(11) Y: Forwarding Usage: 0M
[2026-04-03T03:14:38.428+0600][12.414s][info][gc,reloc    ] GC(11) Y: Age Table:
[2026-04-03T03:14:38.428+0600][12.414s][info][gc,reloc    ] GC(11) Y:                    Live             Garbage             Small              Medium             Large        
[2026-04-03T03:14:38.428+0600][12.414s][info][gc,reloc    ] GC(11) Y: Eden                -                 0M (0%)           0 / 0              0 / 0              0 / 0        
[2026-04-03T03:14:38.428+0600][12.414s][info][gc,reloc    ] GC(11) Y: Survivor 1         1M (0%)            0M (0%)           1 / 0              0 / 0              0 / 0        
[2026-04-03T03:14:38.428+0600][12.414s][info][gc,reloc    ] GC(11) Y: Survivor 2         5M (1%)            2M (0%)           4 / 0              0 / 0              0 / 0        
[2026-04-03T03:14:38.428+0600][12.414s][info][gc,reloc    ] GC(11) Y: Survivor 3         0M (0%)            1M (0%)           1 / 1              0 / 0              0 / 0        
[2026-04-03T03:14:38.428+0600][12.414s][info][gc,heap     ] GC(11) Y: Min Capacity: 8M(1%)
[2026-04-03T03:14:38.428+0600][12.414s][info][gc,heap     ] GC(11) Y: Max Capacity: 750M(100%)
[2026-04-03T03:14:38.428+0600][12.414s][info][gc,heap     ] GC(11) Y: Soft Max Capacity: 750M(100%)
[2026-04-03T03:14:38.428+0600][12.414s][info][gc,heap     ] GC(11) Y: Heap Statistics:
[2026-04-03T03:14:38.428+0600][12.414s][info][gc,heap     ] GC(11) Y:                Mark Start          Mark End        Relocate Start      Relocate End           High               Low         
[2026-04-03T03:14:38.428+0600][12.414s][info][gc,heap     ] GC(11) Y:  Capacity:      750M (100%)        750M (100%)        750M (100%)        750M (100%)        750M (100%)        750M (100%)   
[2026-04-03T03:14:38.428+0600][12.414s][info][gc,heap     ] GC(11) Y:      Free:        0M (0%)            0M (0%)            0M (0%)            0M (0%)            2M (0%)            0M (0%)     
[2026-04-03T03:14:38.428+0600][12.414s][info][gc,heap     ] GC(11) Y:      Used:      750M (100%)        750M (100%)        750M (100%)        750M (100%)        750M (100%)        748M (100%)   
[2026-04-03T03:14:38.428+0600][12.414s][info][gc,heap     ] GC(11) Y: Young Generation Statistics:
[2026-04-03T03:14:38.428+0600][12.414s][info][gc,heap     ] GC(11) Y:                Mark Start          Mark End        Relocate Start      Relocate End    
[2026-04-03T03:14:38.428+0600][12.414s][info][gc,heap     ] GC(11) Y:      Used:       12M (2%)           12M (2%)            4M (1%)            2M (0%)     
[2026-04-03T03:14:38.428+0600][12.414s][info][gc,heap     ] GC(11) Y:      Live:         -                 8M (1%)            0M (0%)            0M (0%)     
[2026-04-03T03:14:38.428+0600][12.414s][info][gc,heap     ] GC(11) Y:   Garbage:         -                 3M (0%)            3M (0%)            0M (0%)     
[2026-04-03T03:14:38.428+0600][12.414s][info][gc,heap     ] GC(11) Y: Allocated:         -                 0M (0%)            0M (0%)            2M (0%)     
[2026-04-03T03:14:38.428+0600][12.414s][info][gc,heap     ] GC(11) Y: Reclaimed:         -                  -                 0M (0%)            3M (0%)     
[2026-04-03T03:14:38.428+0600][12.414s][info][gc,heap     ] GC(11) Y:  Promoted:         -                  -                 7M (1%)            8M (1%)     
[2026-04-03T03:14:38.428+0600][12.414s][info][gc,heap     ] GC(11) Y: Compacted:         -                  -                  -                 0M (0%)     
[2026-04-03T03:14:38.428+0600][12.414s][info][gc,phases   ] GC(11) Y: Young Generation (Promote All) 750M(100%)->750M(100%) 0.030s
[2026-04-03T03:14:38.428+0600][12.414s][info][gc,phases   ] GC(11) Y: Young Generation (Collect Roots)
[2026-04-03T03:14:38.428+0600][12.414s][info][gc,phases   ] GC(11) Y: Pause Mark Start (Major) 0.017ms
[2026-04-03T03:14:38.437+0600][12.423s][info][gc,phases   ] GC(11) Y: Concurrent Mark 8.757ms
[2026-04-03T03:14:38.437+0600][12.423s][info][gc,phases   ] GC(11) Y: Pause Mark End 0.017ms
[2026-04-03T03:14:38.438+0600][12.424s][info][gc,phases   ] GC(11) Y: Concurrent Mark Free 0.002ms
[2026-04-03T03:14:38.438+0600][12.424s][info][gc,phases   ] GC(11) Y: Concurrent Reset Relocation Set 0.012ms
[2026-04-03T03:14:38.439+0600][12.425s][info][gc,reloc    ] GC(11) Y: Using tenuring threshold: 1 (Computed)
[2026-04-03T03:14:38.440+0600][12.426s][info][gc,phases   ] GC(11) Y: Concurrent Select Relocation Set 2.031ms
[2026-04-03T03:14:38.440+0600][12.426s][info][gc,phases   ] GC(11) Y: Pause Relocate Start 0.014ms
[2026-04-03T03:14:38.440+0600][12.426s][info][gc,phases   ] GC(11) Y: Concurrent Relocate 0.200ms
[2026-04-03T03:14:38.440+0600][12.426s][info][gc,alloc    ] GC(11) Y:                         Mark Start        Mark End      Relocate Start    Relocate End   
[2026-04-03T03:14:38.440+0600][12.426s][info][gc,alloc    ] GC(11) Y: Allocation Stalls:          0                1                1                1         
[2026-04-03T03:14:38.440+0600][12.426s][info][gc,load     ] GC(11) Y: Load: 5.44 (45%) / 5.83 (49%) / 5.87 (49%)
[2026-04-03T03:14:38.440+0600][12.426s][info][gc,mmu      ] GC(11) Y: MMU: 2ms/97.2%, 5ms/98.9%, 10ms/99.4%, 20ms/99.6%, 50ms/99.8%, 100ms/99.8%
[2026-04-03T03:14:38.440+0600][12.426s][info][gc,marking  ] GC(11) Y: Mark: 2 stripe(s), 10 proactive flush(es), 1 terminate flush(es), 0 completion(s), 0 continuation(s) 
[2026-04-03T03:14:38.440+0600][12.426s][info][gc,marking  ] GC(11) Y: Mark Stack Usage: 32M
[2026-04-03T03:14:38.440+0600][12.426s][info][gc,nmethod  ] GC(11) Y: NMethods: 3010 registered, 283 unregistered
[2026-04-03T03:14:38.440+0600][12.426s][info][gc,metaspace] GC(11) Y: Metaspace: 47M used, 48M committed, 1088M reserved
[2026-04-03T03:14:38.440+0600][12.426s][info][gc,reloc    ] GC(11) Y:                        Candidates     Selected     In-Place         Size        Empty    Relocated 
[2026-04-03T03:14:38.440+0600][12.426s][info][gc,reloc    ] GC(11) Y: Small Pages:                    1            0            0           2M           0M           0M 
[2026-04-03T03:14:38.440+0600][12.426s][info][gc,reloc    ] GC(11) Y: Medium Pages:                   0            0            0           0M           0M           0M 
[2026-04-03T03:14:38.440+0600][12.426s][info][gc,reloc    ] GC(11) Y: Large Pages:                    0            0            0           0M           0M           0M 
[2026-04-03T03:14:38.440+0600][12.426s][info][gc,reloc    ] GC(11) Y: Forwarding Usage: 0M
[2026-04-03T03:14:38.440+0600][12.426s][info][gc,reloc    ] GC(11) Y: Age Table:
[2026-04-03T03:14:38.440+0600][12.426s][info][gc,reloc    ] GC(11) Y:                    Live             Garbage             Small              Medium             Large        
[2026-04-03T03:14:38.440+0600][12.426s][info][gc,reloc    ] GC(11) Y: Eden               1M (0%)            0M (0%)           1 / 0              0 / 0              0 / 0        
[2026-04-03T03:14:38.440+0600][12.426s][info][gc,heap     ] GC(11) Y: Min Capacity: 8M(1%)
[2026-04-03T03:14:38.440+0600][12.426s][info][gc,heap     ] GC(11) Y: Max Capacity: 750M(100%)
[2026-04-03T03:14:38.440+0600][12.426s][info][gc,heap     ] GC(11) Y: Soft Max Capacity: 750M(100%)
[2026-04-03T03:14:38.440+0600][12.426s][info][gc,heap     ] GC(11) Y: Heap Statistics:
[2026-04-03T03:14:38.440+0600][12.426s][info][gc,heap     ] GC(11) Y:                Mark Start          Mark End        Relocate Start      Relocate End           High               Low         
[2026-04-03T03:14:38.440+0600][12.426s][info][gc,heap     ] GC(11) Y:  Capacity:      750M (100%)        750M (100%)        750M (100%)        750M (100%)        750M (100%)        750M (100%)   
[2026-04-03T03:14:38.440+0600][12.426s][info][gc,heap     ] GC(11) Y:      Free:        0M (0%)            0M (0%)            0M (0%)            0M (0%)            0M (0%)            0M (0%)     
[2026-04-03T03:14:38.440+0600][12.426s][info][gc,heap     ] GC(11) Y:      Used:      750M (100%)        750M (100%)        750M (100%)        750M (100%)        750M (100%)        750M (100%)   
[2026-04-03T03:14:38.440+0600][12.426s][info][gc,heap     ] GC(11) Y: Young Generation Statistics:
[2026-04-03T03:14:38.440+0600][12.426s][info][gc,heap     ] GC(11) Y:                Mark Start          Mark End        Relocate Start      Relocate End    
[2026-04-03T03:14:38.440+0600][12.426s][info][gc,heap     ] GC(11) Y:      Used:        2M (0%)            2M (0%)            2M (0%)            2M (0%)     
[2026-04-03T03:14:38.440+0600][12.426s][info][gc,heap     ] GC(11) Y:      Live:         -                 1M (0%)            1M (0%)            1M (0%)     
[2026-04-03T03:14:38.440+0600][12.426s][info][gc,heap     ] GC(11) Y:   Garbage:         -                 0M (0%)            0M (0%)            0M (0%)     
[2026-04-03T03:14:38.440+0600][12.426s][info][gc,heap     ] GC(11) Y: Allocated:         -                 0M (0%)            0M (0%)            0M (0%)     
[2026-04-03T03:14:38.440+0600][12.426s][info][gc,heap     ] GC(11) Y: Reclaimed:         -                  -                 0M (0%)            0M (0%)     
[2026-04-03T03:14:38.440+0600][12.426s][info][gc,heap     ] GC(11) Y:  Promoted:         -                  -                 0M (0%)            0M (0%)     
[2026-04-03T03:14:38.440+0600][12.426s][info][gc,heap     ] GC(11) Y: Compacted:         -                  -                  -                 0M (0%)     
[2026-04-03T03:14:38.440+0600][12.426s][info][gc,phases   ] GC(11) Y: Young Generation (Collect Roots) 750M(100%)->750M(100%) 0.012s
[2026-04-03T03:14:38.440+0600][12.426s][info][gc,phases   ] GC(11) O: Old Generation
[2026-04-03T03:14:38.440+0600][12.426s][info][gc          ] GC(12) Minor Collection (Allocation Stall)
[2026-04-03T03:14:38.440+0600][12.426s][info][gc,task     ] GC(12) Using 3 Workers for Young Generation
[2026-04-03T03:14:38.440+0600][12.426s][info][gc,phases   ] GC(12) y: Young Generation
[2026-04-03T03:14:38.441+0600][12.427s][info][gc,phases   ] GC(12) y: Pause Mark Start 0.014ms
[2026-04-03T03:14:38.448+0600][12.434s][info][gc,phases   ] GC(12) y: Concurrent Mark 7.295ms
[2026-04-03T03:14:38.448+0600][12.434s][info][gc,phases   ] GC(12) y: Pause Mark End 0.018ms
[2026-04-03T03:14:38.448+0600][12.434s][info][gc,phases   ] GC(12) y: Concurrent Mark Free 0.002ms
[2026-04-03T03:14:38.448+0600][12.434s][info][gc,phases   ] GC(12) y: Concurrent Reset Relocation Set 0.001ms
[2026-04-03T03:14:38.450+0600][12.436s][info][gc,reloc    ] GC(12) y: Using tenuring threshold: 2 (Computed)
[2026-04-03T03:14:38.450+0600][12.436s][info][gc,phases   ] GC(12) y: Concurrent Select Relocation Set 1.885ms
[2026-04-03T03:14:38.450+0600][12.436s][info][gc,phases   ] GC(12) y: Pause Relocate Start 0.011ms
[2026-04-03T03:14:38.451+0600][12.437s][info][gc,phases   ] GC(12) y: Concurrent Relocate 0.093ms
[2026-04-03T03:14:38.451+0600][12.437s][info][gc,alloc    ] GC(12) y:                         Mark Start        Mark End      Relocate Start    Relocate End   
[2026-04-03T03:14:38.451+0600][12.437s][info][gc,alloc    ] GC(12) y: Allocation Stalls:          1                2                2                2         
[2026-04-03T03:14:38.451+0600][12.437s][info][gc,load     ] GC(12) y: Load: 5.44 (45%) / 5.83 (49%) / 5.87 (49%)
[2026-04-03T03:14:38.451+0600][12.437s][info][gc,mmu      ] GC(12) y: MMU: 2ms/97.2%, 5ms/98.9%, 10ms/99.4%, 20ms/99.6%, 50ms/99.7%, 100ms/99.8%
[2026-04-03T03:14:38.451+0600][12.437s][info][gc,marking  ] GC(12) y: Mark: 2 stripe(s), 10 proactive flush(es), 1 terminate flush(es), 0 completion(s), 0 continuation(s) 
[2026-04-03T03:14:38.451+0600][12.437s][info][gc,marking  ] GC(12) y: Mark Stack Usage: 32M
[2026-04-03T03:14:38.451+0600][12.437s][info][gc,nmethod  ] GC(12) y: NMethods: 3010 registered, 283 unregistered
[2026-04-03T03:14:38.451+0600][12.437s][info][gc,metaspace] GC(12) y: Metaspace: 47M used, 48M committed, 1088M reserved
[2026-04-03T03:14:38.451+0600][12.437s][info][gc,reloc    ] GC(12) y:                        Candidates     Selected     In-Place         Size        Empty    Relocated 
[2026-04-03T03:14:38.451+0600][12.437s][info][gc,reloc    ] GC(12) y: Small Pages:                    1            0            0           2M           0M           0M 
[2026-04-03T03:14:38.451+0600][12.437s][info][gc,reloc    ] GC(12) y: Medium Pages:                   0            0            0           0M           0M           0M 
[2026-04-03T03:14:38.451+0600][12.437s][info][gc,reloc    ] GC(12) y: Large Pages:                    0            0            0           0M           0M           0M 
[2026-04-03T03:14:38.451+0600][12.437s][info][gc,reloc    ] GC(12) y: Forwarding Usage: 0M
[2026-04-03T03:14:38.451+0600][12.437s][info][gc,reloc    ] GC(12) y: Age Table:
[2026-04-03T03:14:38.451+0600][12.437s][info][gc,reloc    ] GC(12) y:                    Live             Garbage             Small              Medium             Large        
[2026-04-03T03:14:38.451+0600][12.437s][info][gc,reloc    ] GC(12) y: Eden                -                 0M (0%)           0 / 0              0 / 0              0 / 0        
[2026-04-03T03:14:38.451+0600][12.437s][info][gc,reloc    ] GC(12) y: Survivor 1         1M (0%)            0M (0%)           1 / 0              0 / 0              0 / 0        
[2026-04-03T03:14:38.451+0600][12.437s][info][gc,heap     ] GC(12) y: Min Capacity: 8M(1%)
[2026-04-03T03:14:38.451+0600][12.437s][info][gc,heap     ] GC(12) y: Max Capacity: 750M(100%)
[2026-04-03T03:14:38.451+0600][12.437s][info][gc,heap     ] GC(12) y: Soft Max Capacity: 750M(100%)
[2026-04-03T03:14:38.451+0600][12.437s][info][gc,heap     ] GC(12) y: Heap Statistics:
[2026-04-03T03:14:38.451+0600][12.437s][info][gc,heap     ] GC(12) y:                Mark Start          Mark End        Relocate Start      Relocate End           High               Low         
[2026-04-03T03:14:38.451+0600][12.437s][info][gc,heap     ] GC(12) y:  Capacity:      750M (100%)        750M (100%)        750M (100%)        750M (100%)        750M (100%)        750M (100%)   
[2026-04-03T03:14:38.451+0600][12.437s][info][gc,heap     ] GC(12) y:      Free:        0M (0%)            0M (0%)            0M (0%)            0M (0%)            0M (0%)            0M (0%)     
[2026-04-03T03:14:38.451+0600][12.437s][info][gc,heap     ] GC(12) y:      Used:      750M (100%)        750M (100%)        750M (100%)        750M (100%)        750M (100%)        750M (100%)   
[2026-04-03T03:14:38.451+0600][12.437s][info][gc,heap     ] GC(12) y: Young Generation Statistics:
[2026-04-03T03:14:38.451+0600][12.437s][info][gc,heap     ] GC(12) y:                Mark Start          Mark End        Relocate Start      Relocate End    
[2026-04-03T03:14:38.451+0600][12.437s][info][gc,heap     ] GC(12) y:      Used:        2M (0%)            2M (0%)            2M (0%)            2M (0%)     
[2026-04-03T03:14:38.451+0600][12.437s][info][gc,heap     ] GC(12) y:      Live:         -                 1M (0%)            1M (0%)            1M (0%)     
[2026-04-03T03:14:38.451+0600][12.437s][info][gc,heap     ] GC(12) y:   Garbage:         -                 0M (0%)            0M (0%)            0M (0%)     
[2026-04-03T03:14:38.451+0600][12.437s][info][gc,heap     ] GC(12) y: Allocated:         -                 0M (0%)            0M (0%)            0M (0%)     
[2026-04-03T03:14:38.451+0600][12.437s][info][gc,heap     ] GC(12) y: Reclaimed:         -                  -                 0M (0%)            0M (0%)     
[2026-04-03T03:14:38.451+0600][12.437s][info][gc,heap     ] GC(12) y:  Promoted:         -                  -                 0M (0%)            0M (0%)     
[2026-04-03T03:14:38.451+0600][12.437s][info][gc,heap     ] GC(12) y: Compacted:         -                  -                  -                 0M (0%)     
[2026-04-03T03:14:38.451+0600][12.437s][info][gc,phases   ] GC(12) y: Young Generation 750M(100%)->750M(100%) 0.010s
[2026-04-03T03:14:38.451+0600][12.437s][info][gc          ] GC(12) Minor Collection (Allocation Stall) 750M(100%)->750M(100%) 0.011s
[2026-04-03T03:14:39.222+0600][13.208s][info][gc          ] GC(13) Minor Collection (Allocation Stall)
[2026-04-03T03:14:39.222+0600][13.208s][info][gc,task     ] GC(13) Using 3 Workers for Young Generation
[2026-04-03T03:14:39.222+0600][13.208s][info][gc,phases   ] GC(13) y: Young Generation
[2026-04-03T03:14:39.222+0600][13.208s][info][gc,phases   ] GC(13) y: Pause Mark Start 0.021ms
[2026-04-03T03:14:39.229+0600][13.215s][info][gc,phases   ] GC(13) y: Concurrent Mark 6.730ms
[2026-04-03T03:14:39.229+0600][13.215s][info][gc,phases   ] GC(13) y: Pause Mark End 0.018ms
[2026-04-03T03:14:39.229+0600][13.215s][info][gc,phases   ] GC(13) y: Concurrent Mark Free 0.001ms
[2026-04-03T03:14:39.229+0600][13.215s][info][gc,phases   ] GC(13) y: Concurrent Reset Relocation Set 0.000ms
[2026-04-03T03:14:39.231+0600][13.217s][info][gc,reloc    ] GC(13) y: Using tenuring threshold: 3 (Computed)
[2026-04-03T03:14:39.231+0600][13.217s][info][gc,phases   ] GC(13) y: Concurrent Select Relocation Set 1.546ms
[2026-04-03T03:14:39.231+0600][13.217s][info][gc,phases   ] GC(13) y: Pause Relocate Start 0.010ms
[2026-04-03T03:14:39.231+0600][13.217s][info][gc,phases   ] GC(13) y: Concurrent Relocate 0.088ms
[2026-04-03T03:14:39.231+0600][13.217s][info][gc,alloc    ] GC(13) y:                         Mark Start        Mark End      Relocate Start    Relocate End   
[2026-04-03T03:14:39.231+0600][13.217s][info][gc,alloc    ] GC(13) y: Allocation Stalls:          3                3                3                3         
[2026-04-03T03:14:39.231+0600][13.217s][info][gc,load     ] GC(13) y: Load: 5.44 (45%) / 5.83 (49%) / 5.87 (49%)
[2026-04-03T03:14:39.231+0600][13.217s][info][gc,mmu      ] GC(13) y: MMU: 2ms/97.2%, 5ms/98.9%, 10ms/99.4%, 20ms/99.6%, 50ms/99.7%, 100ms/99.8%
[2026-04-03T03:14:39.231+0600][13.217s][info][gc,marking  ] GC(13) y: Mark: 2 stripe(s), 7 proactive flush(es), 1 terminate flush(es), 0 completion(s), 0 continuation(s) 
[2026-04-03T03:14:39.231+0600][13.217s][info][gc,marking  ] GC(13) y: Mark Stack Usage: 32M
[2026-04-03T03:14:39.231+0600][13.217s][info][gc,nmethod  ] GC(13) y: NMethods: 3010 registered, 283 unregistered
[2026-04-03T03:14:39.231+0600][13.217s][info][gc,metaspace] GC(13) y: Metaspace: 47M used, 48M committed, 1088M reserved
[2026-04-03T03:14:39.231+0600][13.217s][info][gc,reloc    ] GC(13) y:                        Candidates     Selected     In-Place         Size        Empty    Relocated 
[2026-04-03T03:14:39.231+0600][13.217s][info][gc,reloc    ] GC(13) y: Small Pages:                    1            0            0           2M           0M           0M 
[2026-04-03T03:14:39.231+0600][13.217s][info][gc,reloc    ] GC(13) y: Medium Pages:                   0            0            0           0M           0M           0M 
[2026-04-03T03:14:39.231+0600][13.217s][info][gc,reloc    ] GC(13) y: Large Pages:                    0            0            0           0M           0M           0M 
[2026-04-03T03:14:39.231+0600][13.217s][info][gc,reloc    ] GC(13) y: Forwarding Usage: 0M
[2026-04-03T03:14:39.231+0600][13.217s][info][gc,reloc    ] GC(13) y: Age Table:
[2026-04-03T03:14:39.231+0600][13.217s][info][gc,reloc    ] GC(13) y:                    Live             Garbage             Small              Medium             Large        
[2026-04-03T03:14:39.231+0600][13.217s][info][gc,reloc    ] GC(13) y: Eden                -                 0M (0%)           0 / 0              0 / 0              0 / 0        
[2026-04-03T03:14:39.231+0600][13.217s][info][gc,reloc    ] GC(13) y: Survivor 1          -                 0M (0%)           0 / 0              0 / 0              0 / 0        
[2026-04-03T03:14:39.231+0600][13.217s][info][gc,reloc    ] GC(13) y: Survivor 2         1M (0%)            0M (0%)           1 / 0              0 / 0              0 / 0        
[2026-04-03T03:14:39.231+0600][13.217s][info][gc,heap     ] GC(13) y: Min Capacity: 8M(1%)
[2026-04-03T03:14:39.231+0600][13.217s][info][gc,heap     ] GC(13) y: Max Capacity: 750M(100%)
[2026-04-03T03:14:39.231+0600][13.217s][info][gc,heap     ] GC(13) y: Soft Max Capacity: 750M(100%)
[2026-04-03T03:14:39.231+0600][13.217s][info][gc,heap     ] GC(13) y: Heap Statistics:
[2026-04-03T03:14:39.231+0600][13.217s][info][gc,heap     ] GC(13) y:                Mark Start          Mark End        Relocate Start      Relocate End           High               Low         
[2026-04-03T03:14:39.231+0600][13.217s][info][gc,heap     ] GC(13) y:  Capacity:      750M (100%)        750M (100%)        750M (100%)        750M (100%)        750M (100%)        750M (100%)   
[2026-04-03T03:14:39.231+0600][13.217s][info][gc,heap     ] GC(13) y:      Free:        0M (0%)            0M (0%)            0M (0%)            0M (0%)            0M (0%)            0M (0%)     
[2026-04-03T03:14:39.231+0600][13.217s][info][gc,heap     ] GC(13) y:      Used:      750M (100%)        750M (100%)        750M (100%)        750M (100%)        750M (100%)        750M (100%)   
[2026-04-03T03:14:39.231+0600][13.217s][info][gc,heap     ] GC(13) y: Young Generation Statistics:
[2026-04-03T03:14:39.231+0600][13.217s][info][gc,heap     ] GC(13) y:                Mark Start          Mark End        Relocate Start      Relocate End    
[2026-04-03T03:14:39.231+0600][13.217s][info][gc,heap     ] GC(13) y:      Used:        2M (0%)            2M (0%)            2M (0%)            2M (0%)     
[2026-04-03T03:14:39.231+0600][13.217s][info][gc,heap     ] GC(13) y:      Live:         -                 1M (0%)            1M (0%)            1M (0%)     
[2026-04-03T03:14:39.231+0600][13.217s][info][gc,heap     ] GC(13) y:   Garbage:         -                 0M (0%)            0M (0%)            0M (0%)     
[2026-04-03T03:14:39.231+0600][13.217s][info][gc,heap     ] GC(13) y: Allocated:         -                 0M (0%)            0M (0%)            0M (0%)     
[2026-04-03T03:14:39.231+0600][13.217s][info][gc,heap     ] GC(13) y: Reclaimed:         -                  -                 0M (0%)            0M (0%)     
[2026-04-03T03:14:39.231+0600][13.217s][info][gc,heap     ] GC(13) y:  Promoted:         -                  -                 0M (0%)            0M (0%)     
[2026-04-03T03:14:39.231+0600][13.217s][info][gc,heap     ] GC(13) y: Compacted:         -                  -                  -                 0M (0%)     
[2026-04-03T03:14:39.231+0600][13.217s][info][gc,phases   ] GC(13) y: Young Generation 750M(100%)->750M(100%) 0.009s
[2026-04-03T03:14:39.231+0600][13.217s][info][gc          ] GC(13) Minor Collection (Allocation Stall) 750M(100%)->750M(100%) 0.009s
[2026-04-03T03:14:39.480+0600][13.466s][info][gc,phases   ] GC(11) O: Concurrent Mark 1040.010ms
[2026-04-03T03:14:39.480+0600][13.466s][info][gc,phases   ] GC(11) O: Pause Mark End 0.020ms
[2026-04-03T03:14:39.481+0600][13.467s][info][gc,phases   ] GC(11) O: Concurrent Mark Free 0.002ms
[2026-04-03T03:14:39.481+0600][13.467s][info][gc,ref      ] GC(11) O: Clearing All SoftReferences
[2026-04-03T03:14:39.489+0600][13.475s][info][gc,phases   ] GC(11) O: Concurrent Process Non-Strong 8.860ms
[2026-04-03T03:14:39.489+0600][13.475s][info][gc,phases   ] GC(11) O: Concurrent Reset Relocation Set 0.003ms
[2026-04-03T03:14:39.491+0600][13.477s][info][gc,phases   ] GC(11) O: Concurrent Select Relocation Set 1.529ms
[2026-04-03T03:14:39.491+0600][13.477s][info][gc,task     ] GC(11) O: Using 3 Workers for Old Generation
[2026-04-03T03:14:39.506+0600][13.492s][info][gc,task     ] GC(11) O: Using 3 Workers for Old Generation
[2026-04-03T03:14:39.506+0600][13.492s][info][gc,phases   ] GC(11) O: Concurrent Remap Roots 14.915ms
[2026-04-03T03:14:39.506+0600][13.492s][info][gc,phases   ] GC(11) O: Pause Relocate Start 0.021ms
[2026-04-03T03:14:39.507+0600][13.493s][info][gc          ] Allocation Stall (Spark Context Cleaner) 1063.465ms
[2026-04-03T03:14:39.509+0600][13.495s][info][gc          ] Allocation Stall (RemoteBlock-temp-file-clean-thread) 287.330ms
[2026-04-03T03:14:39.510+0600][13.496s][info][gc,phases   ] GC(11) O: Concurrent Relocate 3.420ms
[2026-04-03T03:14:39.510+0600][13.496s][info][gc,alloc    ] GC(11) O:                         Mark Start        Mark End      Relocate Start    Relocate End   
[2026-04-03T03:14:39.510+0600][13.496s][info][gc,alloc    ] GC(11) O: Allocation Stalls:          0                3                3                0         
[2026-04-03T03:14:39.510+0600][13.496s][info][gc,load     ] GC(11) O: Load: 5.44 (45%) / 5.83 (49%) / 5.87 (49%)
[2026-04-03T03:14:39.510+0600][13.496s][info][gc,mmu      ] GC(11) O: MMU: 2ms/97.2%, 5ms/98.9%, 10ms/99.4%, 20ms/99.6%, 50ms/99.7%, 100ms/99.8%
[2026-04-03T03:14:39.510+0600][13.496s][info][gc,marking  ] GC(11) O: Mark: 2 stripe(s), 10 proactive flush(es), 1 terminate flush(es), 0 completion(s), 0 continuation(s) 
[2026-04-03T03:14:39.510+0600][13.496s][info][gc,marking  ] GC(11) O: Mark Stack Usage: 32M
[2026-04-03T03:14:39.510+0600][13.496s][info][gc,nmethod  ] GC(11) O: NMethods: 3016 registered, 283 unregistered
[2026-04-03T03:14:39.510+0600][13.496s][info][gc,metaspace] GC(11) O: Metaspace: 47M used, 48M committed, 1088M reserved
[2026-04-03T03:14:39.510+0600][13.496s][info][gc,ref      ] GC(11) O:                       Encountered   Discovered     Enqueued 
[2026-04-03T03:14:39.510+0600][13.496s][info][gc          ] Relocation Stall (main) 2.992ms
[2026-04-03T03:14:39.510+0600][13.496s][info][gc,ref      ] GC(11) O: Soft References:             3922         3772         1499 
[2026-04-03T03:14:39.510+0600][13.496s][info][gc,ref      ] GC(11) O: Weak References:             3187         2473          546 
[2026-04-03T03:14:39.510+0600][13.496s][info][gc,ref      ] GC(11) O: Final References:              82           48            0 
[2026-04-03T03:14:39.510+0600][13.496s][info][gc,ref      ] GC(11) O: Phantom References:           585          259            0 
[2026-04-03T03:14:39.510+0600][13.496s][info][gc,reloc    ] GC(11) O:                        Candidates     Selected     In-Place         Size        Empty    Relocated 
[2026-04-03T03:14:39.510+0600][13.496s][info][gc,reloc    ] GC(11) O: Small Pages:                  364            5            3         728M           0M           2M 
[2026-04-03T03:14:39.510+0600][13.496s][info][gc,reloc    ] GC(11) O: Medium Pages:                   1            0            0          16M           0M           0M 
[2026-04-03T03:14:39.510+0600][13.496s][info][gc,reloc    ] GC(11) O: Large Pages:                    1            0            0           4M           0M           0M 
[2026-04-03T03:14:39.510+0600][13.496s][info][gc,reloc    ] GC(11) O: Forwarding Usage: 1M
[2026-04-03T03:14:39.510+0600][13.496s][info][gc,heap     ] GC(11) O: Min Capacity: 8M(1%)
[2026-04-03T03:14:39.510+0600][13.496s][info][gc,heap     ] GC(11) O: Max Capacity: 750M(100%)
[2026-04-03T03:14:39.510+0600][13.496s][info][gc,heap     ] GC(11) O: Soft Max Capacity: 750M(100%)
[2026-04-03T03:14:39.510+0600][13.496s][info][gc,heap     ] GC(11) O: Heap Statistics:
[2026-04-03T03:14:39.510+0600][13.496s][info][gc,heap     ] GC(11) O:                Mark Start          Mark End        Relocate Start      Relocate End           High               Low         
[2026-04-03T03:14:39.510+0600][13.496s][info][gc,heap     ] GC(11) O:  Capacity:      750M (100%)        750M (100%)        750M (100%)        750M (100%)        750M (100%)        750M (100%)   
[2026-04-03T03:14:39.510+0600][13.496s][info][gc          ] Allocation Stall (main) 1081.280ms
[2026-04-03T03:14:39.510+0600][13.496s][info][gc,heap     ] GC(11) O:      Free:        0M (0%)            0M (0%)            0M (0%)            2M (0%)            2M (0%)            0M (0%)     
[2026-04-03T03:14:39.510+0600][13.496s][info][gc,heap     ] GC(11) O:      Used:      750M (100%)        750M (100%)        750M (100%)        748M (100%)        750M (100%)        748M (100%)   
[2026-04-03T03:14:39.510+0600][13.496s][info][gc,heap     ] GC(11) O: Old Generation Statistics:
[2026-04-03T03:14:39.510+0600][13.496s][info][gc,heap     ] GC(11) O:                Mark Start          Mark End        Relocate Start      Relocate End    
[2026-04-03T03:14:39.510+0600][13.496s][info][gc,heap     ] GC(11) O:      Used:      748M (100%)        748M (100%)        748M (100%)        740M (99%)    
[2026-04-03T03:14:39.510+0600][13.496s][info][gc,heap     ] GC(11) O:      Live:         -               710M (95%)         710M (95%)         710M (95%)    
[2026-04-03T03:14:39.510+0600][13.496s][info][gc,heap     ] GC(11) O:   Garbage:         -                37M (5%)           37M (5%)           27M (4%)     
[2026-04-03T03:14:39.510+0600][13.496s][info][gc,heap     ] GC(11) O: Allocated:         -                 0M (0%)            0M (0%)            2M (0%)     
[2026-04-03T03:14:39.510+0600][13.496s][info][gc,heap     ] GC(11) O: Reclaimed:         -                  -                 0M (0%)           10M (1%)     
[2026-04-03T03:14:39.510+0600][13.496s][info][gc,heap     ] GC(11) O: Compacted:         -                  -                  -                 3M (0%)     
[2026-04-03T03:14:39.510+0600][13.496s][info][gc,phases   ] GC(11) O: Old Generation 750M(100%)->748M(100%) 1.069s
[2026-04-03T03:14:39.510+0600][13.496s][info][gc          ] GC(11) Major Collection (Allocation Stall) 750M(100%)->748M(100%) 1.113s
[2026-04-03T03:14:39.518+0600][13.504s][info][gc          ] GC(14) Minor Collection (Allocation Stall)
[2026-04-03T03:14:39.518+0600][13.504s][info][gc,task     ] GC(14) Using 3 Workers for Young Generation
[2026-04-03T03:14:39.518+0600][13.504s][info][gc,phases   ] GC(14) y: Young Generation
[2026-04-03T03:14:39.518+0600][13.504s][info][gc,phases   ] GC(14) y: Pause Mark Start 0.017ms
[2026-04-03T03:14:39.530+0600][13.516s][info][gc,phases   ] GC(14) y: Concurrent Mark 12.034ms
[2026-04-03T03:14:39.530+0600][13.516s][info][gc,phases   ] GC(14) y: Pause Mark End 0.023ms
[2026-04-03T03:14:39.530+0600][13.516s][info][gc,phases   ] GC(14) y: Concurrent Mark Free 0.001ms
[2026-04-03T03:14:39.530+0600][13.516s][info][gc,phases   ] GC(14) y: Concurrent Reset Relocation Set 0.000ms
[2026-04-03T03:14:39.531+0600][13.517s][info][gc,reloc    ] GC(14) y: Using tenuring threshold: 4 (Computed)
[2026-04-03T03:14:39.532+0600][13.518s][info][gc,phases   ] GC(14) y: Concurrent Select Relocation Set 1.418ms
[2026-04-03T03:14:39.532+0600][13.518s][info][gc,phases   ] GC(14) y: Pause Relocate Start 0.015ms
[2026-04-03T03:14:39.532+0600][13.518s][info][gc          ] Allocation Stall (main) 14.542ms
[2026-04-03T03:14:39.532+0600][13.518s][info][gc,phases   ] GC(14) y: Concurrent Relocate 0.189ms
[2026-04-03T03:14:39.532+0600][13.518s][info][gc,alloc    ] GC(14) y:                         Mark Start        Mark End      Relocate Start    Relocate End   
[2026-04-03T03:14:39.532+0600][13.518s][info][gc,alloc    ] GC(14) y: Allocation Stalls:          1                1                1                0         
[2026-04-03T03:14:39.532+0600][13.518s][info][gc,load     ] GC(14) y: Load: 5.44 (45%) / 5.83 (49%) / 5.87 (49%)
[2026-04-03T03:14:39.532+0600][13.518s][info][gc,mmu      ] GC(14) y: MMU: 2ms/97.2%, 5ms/98.9%, 10ms/99.4%, 20ms/99.6%, 50ms/99.7%, 100ms/99.8%
[2026-04-03T03:14:39.532+0600][13.518s][info][gc,marking  ] GC(14) y: Mark: 2 stripe(s), 10 proactive flush(es), 1 terminate flush(es), 0 completion(s), 0 continuation(s) 
[2026-04-03T03:14:39.532+0600][13.518s][info][gc,marking  ] GC(14) y: Mark Stack Usage: 32M
[2026-04-03T03:14:39.532+0600][13.518s][info][gc,nmethod  ] GC(14) y: NMethods: 3016 registered, 283 unregistered
[2026-04-03T03:14:39.532+0600][13.518s][info][gc,metaspace] GC(14) y: Metaspace: 47M used, 48M committed, 1088M reserved
[2026-04-03T03:14:39.532+0600][13.518s][info][gc,reloc    ] GC(14) y:                        Candidates     Selected     In-Place         Size        Empty    Relocated 
[2026-04-03T03:14:39.532+0600][13.518s][info][gc,reloc    ] GC(14) y: Small Pages:                    5            1            1          10M           0M           0M 
[2026-04-03T03:14:39.532+0600][13.518s][info][gc,reloc    ] GC(14) y: Medium Pages:                   0            0            0           0M           0M           0M 
[2026-04-03T03:14:39.532+0600][13.518s][info][gc,reloc    ] GC(14) y: Large Pages:                    0            0            0           0M           0M           0M 
[2026-04-03T03:14:39.532+0600][13.518s][info][gc,reloc    ] GC(14) y: Forwarding Usage: 0M
[2026-04-03T03:14:39.532+0600][13.518s][info][gc,reloc    ] GC(14) y: Age Table:
[2026-04-03T03:14:39.532+0600][13.518s][info][gc,reloc    ] GC(14) y:                    Live             Garbage             Small              Medium             Large        
[2026-04-03T03:14:39.532+0600][13.518s][info][gc,reloc    ] GC(14) y: Eden               3M (1%)            4M (1%)           4 / 1              0 / 0              0 / 0        
[2026-04-03T03:14:39.532+0600][13.518s][info][gc,reloc    ] GC(14) y: Survivor 1          -                 0M (0%)           0 / 0              0 / 0              0 / 0        
[2026-04-03T03:14:39.532+0600][13.518s][info][gc,reloc    ] GC(14) y: Survivor 2          -                 0M (0%)           0 / 0              0 / 0              0 / 0        
[2026-04-03T03:14:39.532+0600][13.518s][info][gc,reloc    ] GC(14) y: Survivor 3         1M (0%)            0M (0%)           1 / 0              0 / 0              0 / 0        
[2026-04-03T03:14:39.532+0600][13.518s][info][gc,heap     ] GC(14) y: Min Capacity: 8M(1%)
[2026-04-03T03:14:39.532+0600][13.518s][info][gc,heap     ] GC(14) y: Max Capacity: 750M(100%)
[2026-04-03T03:14:39.532+0600][13.518s][info][gc,heap     ] GC(14) y: Soft Max Capacity: 750M(100%)
[2026-04-03T03:14:39.532+0600][13.518s][info][gc,heap     ] GC(14) y: Heap Statistics:
[2026-04-03T03:14:39.532+0600][13.518s][info][gc,heap     ] GC(14) y:                Mark Start          Mark End        Relocate Start      Relocate End           High               Low         
[2026-04-03T03:14:39.532+0600][13.518s][info][gc,heap     ] GC(14) y:  Capacity:      750M (100%)        750M (100%)        750M (100%)        750M (100%)        750M (100%)        750M (100%)   
[2026-04-03T03:14:39.532+0600][13.518s][info][gc,heap     ] GC(14) y:      Free:        0M (0%)            0M (0%)            0M (0%)            0M (0%)            2M (0%)            0M (0%)     
[2026-04-03T03:14:39.532+0600][13.518s][info][gc,heap     ] GC(14) y:      Used:      750M (100%)        750M (100%)        750M (100%)        750M (100%)        750M (100%)        748M (100%)   
[2026-04-03T03:14:39.532+0600][13.518s][info][gc,heap     ] GC(14) y: Young Generation Statistics:
[2026-04-03T03:14:39.532+0600][13.518s][info][gc,heap     ] GC(14) y:                Mark Start          Mark End        Relocate Start      Relocate End    
[2026-04-03T03:14:39.532+0600][13.518s][info][gc,heap     ] GC(14) y:      Used:       10M (1%)           10M (1%)           10M (1%)           10M (1%)     
[2026-04-03T03:14:39.532+0600][13.518s][info][gc,heap     ] GC(14) y:      Live:         -                 5M (1%)            5M (1%)            5M (1%)     
[2026-04-03T03:14:39.532+0600][13.518s][info][gc,heap     ] GC(14) y:   Garbage:         -                 4M (1%)            4M (1%)            0M (0%)     
[2026-04-03T03:14:39.532+0600][13.518s][info][gc,heap     ] GC(14) y: Allocated:         -                 0M (0%)            0M (0%)            3M (1%)     
[2026-04-03T03:14:39.532+0600][13.518s][info][gc,heap     ] GC(14) y: Reclaimed:         -                  -                 0M (0%)            3M (1%)     
[2026-04-03T03:14:39.532+0600][13.518s][info][gc,heap     ] GC(14) y:  Promoted:         -                  -                 0M (0%)            0M (0%)     
[2026-04-03T03:14:39.532+0600][13.518s][info][gc,heap     ] GC(14) y: Compacted:         -                  -                  -                 0M (0%)     
[2026-04-03T03:14:39.532+0600][13.518s][info][gc,phases   ] GC(14) y: Young Generation 750M(100%)->750M(100%) 0.015s
[2026-04-03T03:14:39.532+0600][13.518s][info][gc          ] GC(14) Minor Collection (Allocation Stall) 750M(100%)->750M(100%) 0.015s
[2026-04-03T03:14:39.537+0600][13.523s][info][gc          ] GC(15) Minor Collection (Allocation Stall)
[2026-04-03T03:14:39.537+0600][13.523s][info][gc,task     ] GC(15) Using 3 Workers for Young Generation
[2026-04-03T03:14:39.537+0600][13.523s][info][gc,phases   ] GC(15) y: Young Generation
[2026-04-03T03:14:39.537+0600][13.523s][info][gc,phases   ] GC(15) y: Pause Mark Start 0.014ms
[2026-04-03T03:14:39.552+0600][13.538s][info][gc,phases   ] GC(15) y: Concurrent Mark 15.244ms
[2026-04-03T03:14:39.553+0600][13.539s][info][gc,phases   ] GC(15) y: Pause Mark End 0.020ms
[2026-04-03T03:14:39.553+0600][13.539s][info][gc,phases   ] GC(15) y: Concurrent Mark Free 0.001ms
[2026-04-03T03:14:39.553+0600][13.539s][info][gc,phases   ] GC(15) y: Concurrent Reset Relocation Set 0.001ms
[2026-04-03T03:14:39.555+0600][13.541s][info][gc,reloc    ] GC(15) y: Using tenuring threshold: 3 (Computed)
[2026-04-03T03:14:39.556+0600][13.542s][info][gc,phases   ] GC(15) y: Concurrent Select Relocation Set 3.266ms
[2026-04-03T03:14:39.556+0600][13.542s][info][gc,phases   ] GC(15) y: Pause Relocate Start 0.018ms
[2026-04-03T03:14:39.558+0600][13.544s][info][gc,phases   ] GC(15) y: Concurrent Relocate 1.605ms
[2026-04-03T03:14:39.558+0600][13.544s][info][gc,alloc    ] GC(15) y:                         Mark Start        Mark End      Relocate Start    Relocate End   
[2026-04-03T03:14:39.558+0600][13.544s][info][gc,alloc    ] GC(15) y: Allocation Stalls:          1                1                1                1         
[2026-04-03T03:14:39.558+0600][13.544s][info][gc,load     ] GC(15) y: Load: 5.44 (45%) / 5.83 (49%) / 5.87 (49%)
[2026-04-03T03:14:39.558+0600][13.544s][info][gc,mmu      ] GC(15) y: MMU: 2ms/97.2%, 5ms/98.9%, 10ms/99.4%, 20ms/99.6%, 50ms/99.7%, 100ms/99.8%
[2026-04-03T03:14:39.558+0600][13.544s][info][gc,marking  ] GC(15) y: Mark: 2 stripe(s), 10 proactive flush(es), 1 terminate flush(es), 0 completion(s), 0 continuation(s) 
[2026-04-03T03:14:39.558+0600][13.544s][info][gc,marking  ] GC(15) y: Mark Stack Usage: 32M
[2026-04-03T03:14:39.558+0600][13.544s][info][gc,nmethod  ] GC(15) y: NMethods: 3016 registered, 283 unregistered
[2026-04-03T03:14:39.558+0600][13.544s][info][gc,metaspace] GC(15) y: Metaspace: 47M used, 48M committed, 1088M reserved
[2026-04-03T03:14:39.558+0600][13.544s][info][gc,reloc    ] GC(15) y:                        Candidates     Selected     In-Place         Size        Empty    Relocated 
[2026-04-03T03:14:39.558+0600][13.544s][info][gc,reloc    ] GC(15) y: Small Pages:                    5            0            0          10M           0M           0M 
[2026-04-03T03:14:39.558+0600][13.544s][info][gc,reloc    ] GC(15) y: Medium Pages:                   0            0            0           0M           0M           0M 
[2026-04-03T03:14:39.558+0600][13.544s][info][gc,reloc    ] GC(15) y: Large Pages:                    0            0            0           0M           0M           0M 
[2026-04-03T03:14:39.558+0600][13.544s][info][gc,reloc    ] GC(15) y: Forwarding Usage: 0M
[2026-04-03T03:14:39.558+0600][13.544s][info][gc,reloc    ] GC(15) y: Age Table:
[2026-04-03T03:14:39.558+0600][13.544s][info][gc,reloc    ] GC(15) y:                    Live             Garbage             Small              Medium             Large        
[2026-04-03T03:14:39.558+0600][13.544s][info][gc,reloc    ] GC(15) y: Eden               1M (0%)            0M (0%)           1 / 0              0 / 0              0 / 0        
[2026-04-03T03:14:39.558+0600][13.544s][info][gc,reloc    ] GC(15) y: Survivor 1         3M (1%)            2M (0%)           3 / 0              0 / 0              0 / 0        
[2026-04-03T03:14:39.558+0600][13.544s][info][gc,reloc    ] GC(15) y: Survivor 2          -                 0M (0%)           0 / 0              0 / 0              0 / 0        
[2026-04-03T03:14:39.558+0600][13.544s][info][gc,reloc    ] GC(15) y: Survivor 3          -                 0M (0%)           0 / 0              0 / 0              0 / 0        
[2026-04-03T03:14:39.558+0600][13.544s][info][gc,reloc    ] GC(15) y: Survivor 4         1M (0%)            0M (0%)           1 / 0              0 / 0              0 / 0        
[2026-04-03T03:14:39.558+0600][13.544s][info][gc,heap     ] GC(15) y: Min Capacity: 8M(1%)
[2026-04-03T03:14:39.558+0600][13.544s][info][gc,heap     ] GC(15) y: Max Capacity: 750M(100%)
[2026-04-03T03:14:39.558+0600][13.544s][info][gc,heap     ] GC(15) y: Soft Max Capacity: 750M(100%)
[2026-04-03T03:14:39.558+0600][13.544s][info][gc,heap     ] GC(15) y: Heap Statistics:
[2026-04-03T03:14:39.558+0600][13.544s][info][gc,heap     ] GC(15) y:                Mark Start          Mark End        Relocate Start      Relocate End           High               Low         
[2026-04-03T03:14:39.558+0600][13.544s][info][gc,heap     ] GC(15) y:  Capacity:      750M (100%)        750M (100%)        750M (100%)        750M (100%)        750M (100%)        750M (100%)   
[2026-04-03T03:14:39.558+0600][13.544s][info][gc,heap     ] GC(15) y:      Free:        0M (0%)            0M (0%)            0M (0%)            0M (0%)            0M (0%)            0M (0%)     
[2026-04-03T03:14:39.558+0600][13.544s][info][gc,heap     ] GC(15) y:      Used:      750M (100%)        750M (100%)        750M (100%)        750M (100%)        750M (100%)        750M (100%)   
[2026-04-03T03:14:39.558+0600][13.544s][info][gc,heap     ] GC(15) y: Young Generation Statistics:
[2026-04-03T03:14:39.558+0600][13.544s][info][gc,heap     ] GC(15) y:                Mark Start          Mark End        Relocate Start      Relocate End    
[2026-04-03T03:14:39.558+0600][13.544s][info][gc,heap     ] GC(15) y:      Used:       10M (1%)           10M (1%)            8M (1%)            8M (1%)     
[2026-04-03T03:14:39.558+0600][13.544s][info][gc,heap     ] GC(15) y:      Live:         -                 7M (1%)            5M (1%)            5M (1%)     
[2026-04-03T03:14:39.558+0600][13.544s][info][gc,heap     ] GC(15) y:   Garbage:         -                 2M (0%)            2M (0%)            2M (0%)     
[2026-04-03T03:14:39.558+0600][13.544s][info][gc,heap     ] GC(15) y: Allocated:         -                 0M (0%)            0M (0%)            0M (0%)     
[2026-04-03T03:14:39.558+0600][13.544s][info][gc,heap     ] GC(15) y: Reclaimed:         -                  -                 0M (0%)            0M (0%)     
[2026-04-03T03:14:39.558+0600][13.544s][info][gc,heap     ] GC(15) y:  Promoted:         -                  -                 1M (0%)            1M (0%)     
[2026-04-03T03:14:39.558+0600][13.544s][info][gc,heap     ] GC(15) y: Compacted:         -                  -                  -                 0M (0%)     
[2026-04-03T03:14:39.558+0600][13.544s][info][gc,phases   ] GC(15) y: Young Generation 750M(100%)->750M(100%) 0.021s
[2026-04-03T03:14:39.558+0600][13.544s][info][gc          ] GC(15) Minor Collection (Allocation Stall) 750M(100%)->750M(100%) 0.021s
[2026-04-03T03:14:39.558+0600][13.544s][info][gc          ] GC(16) Major Collection (Allocation Stall)
[2026-04-03T03:14:39.558+0600][13.544s][info][gc,task     ] GC(16) Using 3 Workers for Young Generation
[2026-04-03T03:14:39.558+0600][13.544s][info][gc,task     ] GC(16) Using 3 Workers for Old Generation
[2026-04-03T03:14:39.558+0600][13.544s][info][gc,phases   ] GC(16) Y: Young Generation (Promote All)
[2026-04-03T03:14:39.558+0600][13.544s][info][gc,phases   ] GC(16) Y: Pause Mark Start 0.013ms
[2026-04-03T03:14:39.571+0600][13.557s][info][gc,phases   ] GC(16) Y: Concurrent Mark 12.993ms
[2026-04-03T03:14:39.571+0600][13.558s][info][gc,phases   ] GC(16) Y: Pause Mark End 0.019ms
[2026-04-03T03:14:39.572+0600][13.558s][info][gc,phases   ] GC(16) Y: Concurrent Mark Free 0.001ms
[2026-04-03T03:14:39.572+0600][13.558s][info][gc,phases   ] GC(16) Y: Concurrent Reset Relocation Set 0.004ms
[2026-04-03T03:14:39.573+0600][13.559s][info][gc,reloc    ] GC(16) Y: Using tenuring threshold: 0 (Promote All)
[2026-04-03T03:14:39.575+0600][13.561s][info][gc,phases   ] GC(16) Y: Concurrent Select Relocation Set 3.077ms
[2026-04-03T03:14:39.575+0600][13.561s][info][gc,phases   ] GC(16) Y: Pause Relocate Start 0.022ms
[2026-04-03T03:14:39.578+0600][13.564s][info][gc,phases   ] GC(16) Y: Concurrent Relocate 2.952ms
[2026-04-03T03:14:39.578+0600][13.564s][info][gc,alloc    ] GC(16) Y:                         Mark Start        Mark End      Relocate Start    Relocate End   
[2026-04-03T03:14:39.578+0600][13.564s][info][gc,alloc    ] GC(16) Y: Allocation Stalls:          1                1                1                1         
[2026-04-03T03:14:39.578+0600][13.564s][info][gc,load     ] GC(16) Y: Load: 5.44 (45%) / 5.83 (49%) / 5.87 (49%)
[2026-04-03T03:14:39.578+0600][13.564s][info][gc,mmu      ] GC(16) Y: MMU: 2ms/97.2%, 5ms/98.9%, 10ms/99.4%, 20ms/99.6%, 50ms/99.7%, 100ms/99.8%
[2026-04-03T03:14:39.578+0600][13.564s][info][gc,marking  ] GC(16) Y: Mark: 2 stripe(s), 10 proactive flush(es), 1 terminate flush(es), 0 completion(s), 0 continuation(s) 
[2026-04-03T03:14:39.578+0600][13.564s][info][gc,marking  ] GC(16) Y: Mark Stack Usage: 32M
[2026-04-03T03:14:39.578+0600][13.564s][info][gc,nmethod  ] GC(16) Y: NMethods: 3016 registered, 283 unregistered
[2026-04-03T03:14:39.578+0600][13.564s][info][gc,metaspace] GC(16) Y: Metaspace: 47M used, 48M committed, 1088M reserved
[2026-04-03T03:14:39.578+0600][13.564s][info][gc,reloc    ] GC(16) Y:                        Candidates     Selected     In-Place         Size        Empty    Relocated 
[2026-04-03T03:14:39.578+0600][13.564s][info][gc,reloc    ] GC(16) Y: Small Pages:                    4            0            0           8M           0M           0M 
[2026-04-03T03:14:39.578+0600][13.564s][info][gc,reloc    ] GC(16) Y: Medium Pages:                   0            0            0           0M           0M           0M 
[2026-04-03T03:14:39.578+0600][13.564s][info][gc,reloc    ] GC(16) Y: Large Pages:                    0            0            0           0M           0M           0M 
[2026-04-03T03:14:39.578+0600][13.564s][info][gc,reloc    ] GC(16) Y: Forwarding Usage: 0M
[2026-04-03T03:14:39.578+0600][13.564s][info][gc,reloc    ] GC(16) Y: Age Table:
[2026-04-03T03:14:39.578+0600][13.564s][info][gc,reloc    ] GC(16) Y:                    Live             Garbage             Small              Medium             Large        
[2026-04-03T03:14:39.578+0600][13.564s][info][gc,reloc    ] GC(16) Y: Eden                -                 0M (0%)           0 / 0              0 / 0              0 / 0        
[2026-04-03T03:14:39.578+0600][13.564s][info][gc,reloc    ] GC(16) Y: Survivor 1         1M (0%)            0M (0%)           1 / 0              0 / 0              0 / 0        
[2026-04-03T03:14:39.578+0600][13.564s][info][gc,reloc    ] GC(16) Y: Survivor 2         3M (1%)            2M (0%)           3 / 0              0 / 0              0 / 0        
[2026-04-03T03:14:39.578+0600][13.564s][info][gc,heap     ] GC(16) Y: Min Capacity: 8M(1%)
[2026-04-03T03:14:39.578+0600][13.564s][info][gc,heap     ] GC(16) Y: Max Capacity: 750M(100%)
[2026-04-03T03:14:39.578+0600][13.564s][info][gc,heap     ] GC(16) Y: Soft Max Capacity: 750M(100%)
[2026-04-03T03:14:39.578+0600][13.564s][info][gc,heap     ] GC(16) Y: Heap Statistics:
[2026-04-03T03:14:39.578+0600][13.564s][info][gc,heap     ] GC(16) Y:                Mark Start          Mark End        Relocate Start      Relocate End           High               Low         
[2026-04-03T03:14:39.578+0600][13.564s][info][gc,heap     ] GC(16) Y:  Capacity:      750M (100%)        750M (100%)        750M (100%)        750M (100%)        750M (100%)        750M (100%)   
[2026-04-03T03:14:39.578+0600][13.564s][info][gc,heap     ] GC(16) Y:      Free:        0M (0%)            0M (0%)            0M (0%)            0M (0%)            0M (0%)            0M (0%)     
[2026-04-03T03:14:39.578+0600][13.564s][info][gc,heap     ] GC(16) Y:      Used:      750M (100%)        750M (100%)        750M (100%)        750M (100%)        750M (100%)        750M (100%)   
[2026-04-03T03:14:39.578+0600][13.564s][info][gc,heap     ] GC(16) Y: Young Generation Statistics:
[2026-04-03T03:14:39.578+0600][13.564s][info][gc,heap     ] GC(16) Y:                Mark Start          Mark End        Relocate Start      Relocate End    
[2026-04-03T03:14:39.578+0600][13.564s][info][gc,heap     ] GC(16) Y:      Used:        8M (1%)            8M (1%)            0M (0%)            0M (0%)     
[2026-04-03T03:14:39.578+0600][13.564s][info][gc,heap     ] GC(16) Y:      Live:         -                 5M (1%)            0M (0%)            0M (0%)     
[2026-04-03T03:14:39.578+0600][13.564s][info][gc,heap     ] GC(16) Y:   Garbage:         -                 2M (0%)            0M (0%)            0M (0%)     
[2026-04-03T03:14:39.578+0600][13.564s][info][gc,heap     ] GC(16) Y: Allocated:         -                 0M (0%)            0M (0%)            0M (0%)     
[2026-04-03T03:14:39.578+0600][13.564s][info][gc,heap     ] GC(16) Y: Reclaimed:         -                  -                 2M (0%)            2M (0%)     
[2026-04-03T03:14:39.578+0600][13.564s][info][gc,heap     ] GC(16) Y:  Promoted:         -                  -                 5M (1%)            5M (1%)     
[2026-04-03T03:14:39.578+0600][13.564s][info][gc,heap     ] GC(16) Y: Compacted:         -                  -                  -                 0M (0%)     
[2026-04-03T03:14:39.578+0600][13.564s][info][gc,phases   ] GC(16) Y: Young Generation (Promote All) 750M(100%)->750M(100%) 0.020s
[2026-04-03T03:14:39.578+0600][13.564s][info][gc,phases   ] GC(16) Y: Young Generation (Collect Roots)
[2026-04-03T03:14:39.578+0600][13.564s][info][gc,phases   ] GC(16) Y: Pause Mark Start (Major) 0.022ms
[2026-04-03T03:14:39.584+0600][13.570s][info][gc,phases   ] GC(16) Y: Concurrent Mark 5.586ms
[2026-04-03T03:14:39.584+0600][13.570s][info][gc,phases   ] GC(16) Y: Pause Mark End 0.020ms
[2026-04-03T03:14:39.585+0600][13.571s][info][gc,phases   ] GC(16) Y: Concurrent Mark Free 0.195ms
[2026-04-03T03:14:39.585+0600][13.571s][info][gc,phases   ] GC(16) Y: Concurrent Reset Relocation Set 0.008ms
[2026-04-03T03:14:39.586+0600][13.572s][info][gc,reloc    ] GC(16) Y: Using tenuring threshold: 0 (Computed)
[2026-04-03T03:14:39.586+0600][13.572s][info][gc,phases   ] GC(16) Y: Concurrent Select Relocation Set 1.521ms
[2026-04-03T03:14:39.586+0600][13.572s][info][gc,phases   ] GC(16) Y: Pause Relocate Start 0.009ms
[2026-04-03T03:14:39.586+0600][13.573s][info][gc,phases   ] GC(16) Y: Concurrent Relocate 0.126ms
[2026-04-03T03:14:39.587+0600][13.573s][info][gc,alloc    ] GC(16) Y:                         Mark Start        Mark End      Relocate Start    Relocate End   
[2026-04-03T03:14:39.587+0600][13.573s][info][gc,alloc    ] GC(16) Y: Allocation Stalls:          1                1                1                1         
[2026-04-03T03:14:39.587+0600][13.573s][info][gc,load     ] GC(16) Y: Load: 5.44 (45%) / 5.83 (49%) / 5.87 (49%)
[2026-04-03T03:14:39.587+0600][13.573s][info][gc,mmu      ] GC(16) Y: MMU: 2ms/97.2%, 5ms/98.9%, 10ms/99.4%, 20ms/99.5%, 50ms/99.7%, 100ms/99.8%
[2026-04-03T03:14:39.587+0600][13.573s][info][gc,marking  ] GC(16) Y: Mark: 2 stripe(s), 1 proactive flush(es), 1 terminate flush(es), 0 completion(s), 0 continuation(s) 
[2026-04-03T03:14:39.587+0600][13.573s][info][gc,marking  ] GC(16) Y: Mark Stack Usage: 0M
[2026-04-03T03:14:39.587+0600][13.573s][info][gc,nmethod  ] GC(16) Y: NMethods: 3016 registered, 283 unregistered
[2026-04-03T03:14:39.587+0600][13.573s][info][gc,metaspace] GC(16) Y: Metaspace: 47M used, 48M committed, 1088M reserved
[2026-04-03T03:14:39.587+0600][13.573s][info][gc,heap     ] GC(16) Y: Min Capacity: 8M(1%)
[2026-04-03T03:14:39.587+0600][13.573s][info][gc,heap     ] GC(16) Y: Max Capacity: 750M(100%)
[2026-04-03T03:14:39.587+0600][13.573s][info][gc,heap     ] GC(16) Y: Soft Max Capacity: 750M(100%)
[2026-04-03T03:14:39.587+0600][13.573s][info][gc,heap     ] GC(16) Y: Heap Statistics:
[2026-04-03T03:14:39.587+0600][13.573s][info][gc,heap     ] GC(16) Y:                Mark Start          Mark End        Relocate Start      Relocate End           High               Low         
[2026-04-03T03:14:39.587+0600][13.573s][info][gc,heap     ] GC(16) Y:  Capacity:      750M (100%)        750M (100%)        750M (100%)        750M (100%)        750M (100%)        750M (100%)   
[2026-04-03T03:14:39.587+0600][13.573s][info][gc,heap     ] GC(16) Y:      Free:        0M (0%)            0M (0%)            0M (0%)            0M (0%)            0M (0%)            0M (0%)     
[2026-04-03T03:14:39.587+0600][13.573s][info][gc,heap     ] GC(16) Y:      Used:      750M (100%)        750M (100%)        750M (100%)        750M (100%)        750M (100%)        750M (100%)   
[2026-04-03T03:14:39.587+0600][13.573s][info][gc,heap     ] GC(16) Y: Young Generation Statistics:
[2026-04-03T03:14:39.587+0600][13.573s][info][gc,heap     ] GC(16) Y:                Mark Start          Mark End        Relocate Start      Relocate End    
[2026-04-03T03:14:39.587+0600][13.573s][info][gc,heap     ] GC(16) Y:      Used:        0M (0%)            0M (0%)            0M (0%)            0M (0%)     
[2026-04-03T03:14:39.587+0600][13.573s][info][gc,heap     ] GC(16) Y:      Live:         -                 0M (0%)            0M (0%)            0M (0%)     
[2026-04-03T03:14:39.587+0600][13.573s][info][gc,heap     ] GC(16) Y:   Garbage:         -                 0M (0%)            0M (0%)            0M (0%)     
[2026-04-03T03:14:39.587+0600][13.573s][info][gc,heap     ] GC(16) Y: Allocated:         -                 0M (0%)            0M (0%)            0M (0%)     
[2026-04-03T03:14:39.587+0600][13.573s][info][gc,heap     ] GC(16) Y: Reclaimed:         -                  -                 0M (0%)            0M (0%)     
[2026-04-03T03:14:39.587+0600][13.573s][info][gc,heap     ] GC(16) Y:  Promoted:         -                  -                 0M (0%)            0M (0%)     
[2026-04-03T03:14:39.587+0600][13.573s][info][gc,heap     ] GC(16) Y: Compacted:         -                  -                  -                 0M (0%)     
[2026-04-03T03:14:39.587+0600][13.573s][info][gc,phases   ] GC(16) Y: Young Generation (Collect Roots) 750M(100%)->750M(100%) 0.008s
[2026-04-03T03:14:39.587+0600][13.573s][info][gc,phases   ] GC(16) O: Old Generation
[2026-04-03T03:14:39.608+0600][13.594s][info][gc          ] GC(17) Minor Collection (Allocation Stall)
[2026-04-03T03:14:39.608+0600][13.594s][info][gc,task     ] GC(17) Using 3 Workers for Young Generation
[2026-04-03T03:14:39.608+0600][13.594s][info][gc,phases   ] GC(17) y: Young Generation
[2026-04-03T03:14:39.608+0600][13.594s][info][gc,phases   ] GC(17) y: Pause Mark Start 0.019ms
[2026-04-03T03:14:39.614+0600][13.600s][info][gc,phases   ] GC(17) y: Concurrent Mark 5.255ms
[2026-04-03T03:14:39.614+0600][13.600s][info][gc,phases   ] GC(17) y: Pause Mark End 0.021ms
[2026-04-03T03:14:39.614+0600][13.600s][info][gc,phases   ] GC(17) y: Concurrent Mark Free 0.001ms
[2026-04-03T03:14:39.614+0600][13.600s][info][gc,phases   ] GC(17) y: Concurrent Reset Relocation Set 0.001ms
[2026-04-03T03:14:39.617+0600][13.603s][info][gc,reloc    ] GC(17) y: Using tenuring threshold: 0 (Computed)
[2026-04-03T03:14:39.617+0600][13.603s][info][gc,phases   ] GC(17) y: Concurrent Select Relocation Set 3.013ms
[2026-04-03T03:14:39.617+0600][13.603s][info][gc,phases   ] GC(17) y: Pause Relocate Start 0.018ms
[2026-04-03T03:14:39.617+0600][13.603s][info][gc,phases   ] GC(17) y: Concurrent Relocate 0.159ms
[2026-04-03T03:14:39.617+0600][13.603s][info][gc,alloc    ] GC(17) y:                         Mark Start        Mark End      Relocate Start    Relocate End   
[2026-04-03T03:14:39.617+0600][13.603s][info][gc,alloc    ] GC(17) y: Allocation Stalls:          2                2                2                2         
[2026-04-03T03:14:39.617+0600][13.603s][info][gc,load     ] GC(17) y: Load: 5.44 (45%) / 5.83 (49%) / 5.87 (49%)
[2026-04-03T03:14:39.617+0600][13.603s][info][gc,mmu      ] GC(17) y: MMU: 2ms/97.2%, 5ms/98.9%, 10ms/99.4%, 20ms/99.5%, 50ms/99.7%, 100ms/99.7%
[2026-04-03T03:14:39.617+0600][13.603s][info][gc,marking  ] GC(17) y: Mark: 2 stripe(s), 1 proactive flush(es), 1 terminate flush(es), 0 completion(s), 0 continuation(s) 
[2026-04-03T03:14:39.617+0600][13.603s][info][gc,marking  ] GC(17) y: Mark Stack Usage: 0M
[2026-04-03T03:14:39.617+0600][13.604s][info][gc,nmethod  ] GC(17) y: NMethods: 3016 registered, 283 unregistered
[2026-04-03T03:14:39.617+0600][13.604s][info][gc,metaspace] GC(17) y: Metaspace: 47M used, 48M committed, 1088M reserved
[2026-04-03T03:14:39.617+0600][13.604s][info][gc,heap     ] GC(17) y: Min Capacity: 8M(1%)
[2026-04-03T03:14:39.618+0600][13.604s][info][gc,heap     ] GC(17) y: Max Capacity: 750M(100%)
[2026-04-03T03:14:39.618+0600][13.604s][info][gc,heap     ] GC(17) y: Soft Max Capacity: 750M(100%)
[2026-04-03T03:14:39.618+0600][13.604s][info][gc,heap     ] GC(17) y: Heap Statistics:
[2026-04-03T03:14:39.618+0600][13.604s][info][gc,heap     ] GC(17) y:                Mark Start          Mark End        Relocate Start      Relocate End           High               Low         
[2026-04-03T03:14:39.618+0600][13.604s][info][gc,heap     ] GC(17) y:  Capacity:      750M (100%)        750M (100%)        750M (100%)        750M (100%)        750M (100%)        750M (100%)   
[2026-04-03T03:14:39.618+0600][13.604s][info][gc,heap     ] GC(17) y:      Free:        0M (0%)            0M (0%)            0M (0%)            0M (0%)            0M (0%)            0M (0%)     
[2026-04-03T03:14:39.618+0600][13.604s][info][gc,heap     ] GC(17) y:      Used:      750M (100%)        750M (100%)        750M (100%)        750M (100%)        750M (100%)        750M (100%)   
[2026-04-03T03:14:39.618+0600][13.604s][info][gc,heap     ] GC(17) y: Young Generation Statistics:
[2026-04-03T03:14:39.618+0600][13.604s][info][gc,heap     ] GC(17) y:                Mark Start          Mark End        Relocate Start      Relocate End    
[2026-04-03T03:14:39.618+0600][13.604s][info][gc,heap     ] GC(17) y:      Used:        0M (0%)            0M (0%)            0M (0%)            0M (0%)     
[2026-04-03T03:14:39.618+0600][13.604s][info][gc,heap     ] GC(17) y:      Live:         -                 0M (0%)            0M (0%)            0M (0%)     
[2026-04-03T03:14:39.618+0600][13.604s][info][gc,heap     ] GC(17) y:   Garbage:         -                 0M (0%)            0M (0%)            0M (0%)     
[2026-04-03T03:14:39.618+0600][13.604s][info][gc,heap     ] GC(17) y: Allocated:         -                 0M (0%)            0M (0%)            0M (0%)     
[2026-04-03T03:14:39.618+0600][13.604s][info][gc,heap     ] GC(17) y: Reclaimed:         -                  -                 0M (0%)            0M (0%)     
[2026-04-03T03:14:39.618+0600][13.604s][info][gc,heap     ] GC(17) y:  Promoted:         -                  -                 0M (0%)            0M (0%)     
[2026-04-03T03:14:39.618+0600][13.604s][info][gc,heap     ] GC(17) y: Compacted:         -                  -                  -                 0M (0%)     
[2026-04-03T03:14:39.618+0600][13.604s][info][gc,phases   ] GC(17) y: Young Generation 750M(100%)->750M(100%) 0.009s
[2026-04-03T03:14:39.618+0600][13.604s][info][gc          ] GC(17) Minor Collection (Allocation Stall) 750M(100%)->750M(100%) 0.010s
[2026-04-03T03:14:40.510+0600][14.496s][info][gc          ] GC(18) Minor Collection (Allocation Stall)
[2026-04-03T03:14:40.510+0600][14.496s][info][gc,task     ] GC(18) Using 3 Workers for Young Generation
[2026-04-03T03:14:40.510+0600][14.496s][info][gc,phases   ] GC(18) y: Young Generation
[2026-04-03T03:14:40.510+0600][14.496s][info][gc,phases   ] GC(18) y: Pause Mark Start 0.020ms
[2026-04-03T03:14:40.515+0600][14.501s][info][gc,phases   ] GC(18) y: Concurrent Mark 5.399ms
[2026-04-03T03:14:40.516+0600][14.502s][info][gc,phases   ] GC(18) y: Pause Mark End 0.021ms
[2026-04-03T03:14:40.516+0600][14.502s][info][gc,phases   ] GC(18) y: Concurrent Mark Free 0.001ms
[2026-04-03T03:14:40.516+0600][14.502s][info][gc,phases   ] GC(18) y: Concurrent Reset Relocation Set 0.001ms
[2026-04-03T03:14:40.520+0600][14.506s][info][gc,reloc    ] GC(18) y: Using tenuring threshold: 0 (Computed)
[2026-04-03T03:14:40.520+0600][14.506s][info][gc,phases   ] GC(18) y: Concurrent Select Relocation Set 4.512ms
[2026-04-03T03:14:40.520+0600][14.506s][info][gc,phases   ] GC(18) y: Pause Relocate Start 0.039ms
[2026-04-03T03:14:40.521+0600][14.507s][info][gc,phases   ] GC(18) y: Concurrent Relocate 0.179ms
[2026-04-03T03:14:40.521+0600][14.507s][info][gc,alloc    ] GC(18) y:                         Mark Start        Mark End      Relocate Start    Relocate End   
[2026-04-03T03:14:40.521+0600][14.507s][info][gc,alloc    ] GC(18) y: Allocation Stalls:          3                3                3                3         
[2026-04-03T03:14:40.521+0600][14.507s][info][gc,load     ] GC(18) y: Load: 5.16 (43%) / 5.77 (48%) / 5.85 (49%)
[2026-04-03T03:14:40.521+0600][14.507s][info][gc,mmu      ] GC(18) y: MMU: 2ms/97.2%, 5ms/98.8%, 10ms/99.4%, 20ms/99.5%, 50ms/99.7%, 100ms/99.7%
[2026-04-03T03:14:40.521+0600][14.507s][info][gc,marking  ] GC(18) y: Mark: 2 stripe(s), 1 proactive flush(es), 1 terminate flush(es), 0 completion(s), 0 continuation(s) 
[2026-04-03T03:14:40.521+0600][14.507s][info][gc,marking  ] GC(18) y: Mark Stack Usage: 0M
[2026-04-03T03:14:40.521+0600][14.507s][info][gc,nmethod  ] GC(18) y: NMethods: 3016 registered, 283 unregistered
[2026-04-03T03:14:40.521+0600][14.507s][info][gc,metaspace] GC(18) y: Metaspace: 47M used, 48M committed, 1088M reserved
[2026-04-03T03:14:40.521+0600][14.507s][info][gc,heap     ] GC(18) y: Min Capacity: 8M(1%)
[2026-04-03T03:14:40.521+0600][14.507s][info][gc,heap     ] GC(18) y: Max Capacity: 750M(100%)
[2026-04-03T03:14:40.521+0600][14.507s][info][gc,heap     ] GC(18) y: Soft Max Capacity: 750M(100%)
[2026-04-03T03:14:40.521+0600][14.507s][info][gc,heap     ] GC(18) y: Heap Statistics:
[2026-04-03T03:14:40.521+0600][14.507s][info][gc,heap     ] GC(18) y:                Mark Start          Mark End        Relocate Start      Relocate End           High               Low         
[2026-04-03T03:14:40.521+0600][14.507s][info][gc,heap     ] GC(18) y:  Capacity:      750M (100%)        750M (100%)        750M (100%)        750M (100%)        750M (100%)        750M (100%)   
[2026-04-03T03:14:40.521+0600][14.507s][info][gc,heap     ] GC(18) y:      Free:        0M (0%)            0M (0%)            0M (0%)            0M (0%)            0M (0%)            0M (0%)     
[2026-04-03T03:14:40.521+0600][14.507s][info][gc,heap     ] GC(18) y:      Used:      750M (100%)        750M (100%)        750M (100%)        750M (100%)        750M (100%)        750M (100%)   
[2026-04-03T03:14:40.521+0600][14.507s][info][gc,heap     ] GC(18) y: Young Generation Statistics:
[2026-04-03T03:14:40.521+0600][14.507s][info][gc,heap     ] GC(18) y:                Mark Start          Mark End        Relocate Start      Relocate End    
[2026-04-03T03:14:40.521+0600][14.507s][info][gc,heap     ] GC(18) y:      Used:        0M (0%)            0M (0%)            0M (0%)            0M (0%)     
[2026-04-03T03:14:40.521+0600][14.507s][info][gc,heap     ] GC(18) y:      Live:         -                 0M (0%)            0M (0%)            0M (0%)     
[2026-04-03T03:14:40.521+0600][14.507s][info][gc,heap     ] GC(18) y:   Garbage:         -                 0M (0%)            0M (0%)            0M (0%)     
[2026-04-03T03:14:40.521+0600][14.507s][info][gc,heap     ] GC(18) y: Allocated:         -                 0M (0%)            0M (0%)            0M (0%)     
[2026-04-03T03:14:40.521+0600][14.507s][info][gc,heap     ] GC(18) y: Reclaimed:         -                  -                 0M (0%)            0M (0%)     
[2026-04-03T03:14:40.521+0600][14.507s][info][gc,heap     ] GC(18) y:  Promoted:         -                  -                 0M (0%)            0M (0%)     
[2026-04-03T03:14:40.521+0600][14.507s][info][gc,heap     ] GC(18) y: Compacted:         -                  -                  -                 0M (0%)     
[2026-04-03T03:14:40.521+0600][14.507s][info][gc,phases   ] GC(18) y: Young Generation 750M(100%)->750M(100%) 0.011s
[2026-04-03T03:14:40.521+0600][14.507s][info][gc          ] GC(18) Minor Collection (Allocation Stall) 750M(100%)->750M(100%) 0.011s
[2026-04-03T03:14:40.620+0600][14.606s][info][gc,phases   ] GC(16) O: Concurrent Mark 1033.115ms
[2026-04-03T03:14:40.620+0600][14.606s][info][gc,phases   ] GC(16) O: Pause Mark End 0.025ms
[2026-04-03T03:14:40.620+0600][14.606s][info][gc,phases   ] GC(16) O: Concurrent Mark Free 0.002ms
[2026-04-03T03:14:40.620+0600][14.606s][info][gc,ref      ] GC(16) O: Clearing All SoftReferences
[2026-04-03T03:14:40.623+0600][14.609s][info][gc,phases   ] GC(16) O: Concurrent Process Non-Strong 3.129ms
[2026-04-03T03:14:40.623+0600][14.609s][info][gc,phases   ] GC(16) O: Concurrent Reset Relocation Set 0.003ms
[2026-04-03T03:14:40.626+0600][14.612s][info][gc,phases   ] GC(16) O: Concurrent Select Relocation Set 2.271ms
[2026-04-03T03:14:40.626+0600][14.612s][info][gc,task     ] GC(16) O: Using 3 Workers for Old Generation
[2026-04-03T03:14:40.640+0600][14.626s][info][gc,task     ] GC(16) O: Using 3 Workers for Old Generation
[2026-04-03T03:14:40.640+0600][14.626s][info][gc,phases   ] GC(16) O: Concurrent Remap Roots 14.749ms
[2026-04-03T03:14:40.641+0600][14.627s][info][gc,phases   ] GC(16) O: Pause Relocate Start 0.021ms
[2026-04-03T03:14:40.645+0600][14.631s][info][gc          ] Relocation Stall (main) 2.130ms
[2026-04-03T03:14:40.645+0600][14.631s][info][gc          ] Allocation Stall (main) 1108.424ms
[2026-04-03T03:14:40.646+0600][14.632s][info][gc          ] GC(19) Minor Collection (Allocation Stall)
[2026-04-03T03:14:40.646+0600][14.632s][info][gc,task     ] GC(19) Using 3 Workers for Young Generation
[2026-04-03T03:14:40.646+0600][14.632s][info][gc,phases   ] GC(19) y: Young Generation
[2026-04-03T03:14:40.646+0600][14.632s][info][gc          ] Allocation Stall (Spark Context Cleaner) 1038.596ms
[2026-04-03T03:14:40.651+0600][14.637s][info][gc,phases   ] GC(19) y: Pause Mark Start 0.029ms
[2026-04-03T03:14:40.653+0600][14.639s][info][gc          ] GC(19) y: Relocation Stall (ZWorkerYoung#1) 2.409ms
[2026-04-03T03:14:40.653+0600][14.639s][info][gc          ] GC(19) y: Relocation Stall (ZWorkerYoung#2) 2.471ms
[2026-04-03T03:14:40.654+0600][14.640s][info][gc          ] GC(19) y: Relocation Stall (ZWorkerYoung#0) 3.588ms
[2026-04-03T03:14:40.654+0600][14.640s][info][gc          ] GC(19) y: Relocation Stall (ZWorkerYoung#1) 1.024ms
[2026-04-03T03:14:40.654+0600][14.640s][info][gc          ] GC(19) y: Relocation Stall (ZWorkerYoung#2) 0.994ms
[2026-04-03T03:14:40.654+0600][14.640s][info][gc,phases   ] GC(16) O: Concurrent Relocate 13.693ms
[2026-04-03T03:14:40.661+0600][14.647s][info][gc,phases   ] GC(19) y: Concurrent Mark 10.087ms
[2026-04-03T03:14:40.661+0600][14.647s][info][gc,phases   ] GC(19) y: Pause Mark End 0.022ms
[2026-04-03T03:14:40.661+0600][14.647s][info][gc,phases   ] GC(19) y: Concurrent Mark Free 0.001ms
[2026-04-03T03:14:40.661+0600][14.647s][info][gc,phases   ] GC(19) y: Concurrent Reset Relocation Set 0.001ms
[2026-04-03T03:14:40.663+0600][14.649s][info][gc,reloc    ] GC(19) y: Using tenuring threshold: 1 (Computed)
[2026-04-03T03:14:40.663+0600][14.649s][info][gc,phases   ] GC(19) y: Concurrent Select Relocation Set 2.024ms
[2026-04-03T03:14:40.663+0600][14.649s][info][gc,phases   ] GC(19) y: Pause Relocate Start 0.019ms
[2026-04-03T03:14:40.664+0600][14.650s][info][gc,phases   ] GC(19) y: Concurrent Relocate 0.525ms
[2026-04-03T03:14:40.664+0600][14.650s][info][gc,alloc    ] GC(19) y:                         Mark Start        Mark End      Relocate Start    Relocate End   
[2026-04-03T03:14:40.664+0600][14.650s][info][gc,alloc    ] GC(19) y: Allocation Stalls:          2                2                2                1         
[2026-04-03T03:14:40.664+0600][14.650s][info][gc,load     ] GC(19) y: Load: 5.16 (43%) / 5.77 (48%) / 5.85 (49%)
[2026-04-03T03:14:40.664+0600][14.650s][info][gc,mmu      ] GC(19) y: MMU: 2ms/97.2%, 5ms/98.8%, 10ms/99.4%, 20ms/99.5%, 50ms/99.7%, 100ms/99.7%
[2026-04-03T03:14:40.664+0600][14.650s][info][gc,marking  ] GC(19) y: Mark: 2 stripe(s), 1 proactive flush(es), 1 terminate flush(es), 0 completion(s), 0 continuation(s) 
[2026-04-03T03:14:40.664+0600][14.650s][info][gc,marking  ] GC(19) y: Mark Stack Usage: 32M
[2026-04-03T03:14:40.664+0600][14.650s][info][gc,nmethod  ] GC(19) y: NMethods: 3014 registered, 285 unregistered
[2026-04-03T03:14:40.664+0600][14.650s][info][gc          ] Allocation Stall (RemoteBlock-temp-file-clean-thread) 154.320ms
[2026-04-03T03:14:40.664+0600][14.650s][info][gc,metaspace] GC(19) y: Metaspace: 47M used, 48M committed, 1088M reserved
[2026-04-03T03:14:40.664+0600][14.650s][info][gc,reloc    ] GC(19) y:                        Candidates     Selected     In-Place         Size        Empty    Relocated 
[2026-04-03T03:14:40.664+0600][14.650s][info][gc,reloc    ] GC(19) y: Small Pages:                    2            1            1           4M           0M           0M 
[2026-04-03T03:14:40.664+0600][14.650s][info][gc,reloc    ] GC(19) y: Medium Pages:                   0            0            0           0M           0M           0M 
[2026-04-03T03:14:40.664+0600][14.650s][info][gc,reloc    ] GC(19) y: Large Pages:                    0            0            0           0M           0M           0M 
[2026-04-03T03:14:40.664+0600][14.650s][info][gc,reloc    ] GC(19) y: Forwarding Usage: 0M
[2026-04-03T03:14:40.664+0600][14.650s][info][gc,reloc    ] GC(19) y: Age Table:
[2026-04-03T03:14:40.664+0600][14.650s][info][gc,reloc    ] GC(19) y:                    Live             Garbage             Small              Medium             Large        
[2026-04-03T03:14:40.664+0600][14.650s][info][gc,reloc    ] GC(19) y: Eden               0M (0%)            3M (1%)           2 / 1              0 / 0              0 / 0        
[2026-04-03T03:14:40.664+0600][14.650s][info][gc,heap     ] GC(19) y: Min Capacity: 8M(1%)
[2026-04-03T03:14:40.664+0600][14.650s][info][gc,heap     ] GC(19) y: Max Capacity: 750M(100%)
[2026-04-03T03:14:40.664+0600][14.650s][info][gc,heap     ] GC(19) y: Soft Max Capacity: 750M(100%)
[2026-04-03T03:14:40.664+0600][14.650s][info][gc,heap     ] GC(19) y: Heap Statistics:
[2026-04-03T03:14:40.664+0600][14.650s][info][gc,heap     ] GC(19) y:                Mark Start          Mark End        Relocate Start      Relocate End           High               Low         
[2026-04-03T03:14:40.664+0600][14.650s][info][gc,heap     ] GC(19) y:  Capacity:      750M (100%)        750M (100%)        750M (100%)        750M (100%)        750M (100%)        750M (100%)   
[2026-04-03T03:14:40.664+0600][14.650s][info][gc,heap     ] GC(19) y:      Free:        0M (0%)            0M (0%)            0M (0%)            0M (0%)            2M (0%)            0M (0%)     
[2026-04-03T03:14:40.664+0600][14.650s][info][gc,heap     ] GC(19) y:      Used:      750M (100%)        750M (100%)        750M (100%)        750M (100%)        750M (100%)        748M (100%)   
[2026-04-03T03:14:40.664+0600][14.650s][info][gc,heap     ] GC(19) y: Young Generation Statistics:
[2026-04-03T03:14:40.664+0600][14.650s][info][gc,heap     ] GC(19) y:                Mark Start          Mark End        Relocate Start      Relocate End    
[2026-04-03T03:14:40.664+0600][14.650s][info][gc,heap     ] GC(19) y:      Used:        4M (1%)            4M (1%)            4M (1%)            2M (0%)     
[2026-04-03T03:14:40.664+0600][14.650s][info][gc,heap     ] GC(19) y:      Live:         -                 0M (0%)            0M (0%)            0M (0%)     
[2026-04-03T03:14:40.664+0600][14.650s][info][gc,heap     ] GC(19) y:   Garbage:         -                 3M (1%)            3M (1%)            0M (0%)     
[2026-04-03T03:14:40.664+0600][14.650s][info][gc,heap     ] GC(19) y: Allocated:         -                 0M (0%)            0M (0%)            1M (0%)     
[2026-04-03T03:14:40.664+0600][14.650s][info][gc,heap     ] GC(19) y: Reclaimed:         -                  -                 0M (0%)            3M (1%)     
[2026-04-03T03:14:40.664+0600][14.650s][info][gc,heap     ] GC(19) y:  Promoted:         -                  -                 0M (0%)            0M (0%)     
[2026-04-03T03:14:40.664+0600][14.650s][info][gc,heap     ] GC(19) y: Compacted:         -                  -                  -                 0M (0%)     
[2026-04-03T03:14:40.664+0600][14.650s][info][gc,phases   ] GC(19) y: Young Generation 750M(100%)->750M(100%) 0.018s
[2026-04-03T03:14:40.664+0600][14.650s][info][gc          ] GC(19) Minor Collection (Allocation Stall) 750M(100%)->750M(100%) 0.018s
[2026-04-03T03:14:40.664+0600][14.650s][info][gc,alloc    ] GC(16) O:                         Mark Start        Mark End      Relocate Start    Relocate End   
[2026-04-03T03:14:40.664+0600][14.650s][info][gc,alloc    ] GC(16) O: Allocation Stalls:          1                3                3                2         
[2026-04-03T03:14:40.664+0600][14.650s][info][gc,load     ] GC(16) O: Load: 5.16 (43%) / 5.77 (48%) / 5.85 (49%)
[2026-04-03T03:14:40.664+0600][14.650s][info][gc,mmu      ] GC(16) O: MMU: 2ms/97.2%, 5ms/98.8%, 10ms/99.4%, 20ms/99.5%, 50ms/99.7%, 100ms/99.7%
[2026-04-03T03:14:40.664+0600][14.650s][info][gc,marking  ] GC(16) O: Mark: 2 stripe(s), 10 proactive flush(es), 1 terminate flush(es), 0 completion(s), 0 continuation(s) 
[2026-04-03T03:14:40.664+0600][14.650s][info][gc,marking  ] GC(16) O: Mark Stack Usage: 32M
[2026-04-03T03:14:40.664+0600][14.650s][info][gc,nmethod  ] GC(16) O: NMethods: 3014 registered, 285 unregistered
[2026-04-03T03:14:40.664+0600][14.650s][info][gc,metaspace] GC(16) O: Metaspace: 47M used, 48M committed, 1088M reserved
[2026-04-03T03:14:40.664+0600][14.650s][info][gc,ref      ] GC(16) O:                       Encountered   Discovered     Enqueued 
[2026-04-03T03:14:40.664+0600][14.650s][info][gc,ref      ] GC(16) O: Soft References:             2423          164            0 
[2026-04-03T03:14:40.664+0600][14.650s][info][gc,ref      ] GC(16) O: Weak References:             2641         1478            0 
[2026-04-03T03:14:40.664+0600][14.650s][info][gc,ref      ] GC(16) O: Final References:              82            0            0 
[2026-04-03T03:14:40.664+0600][14.650s][info][gc,ref      ] GC(16) O: Phantom References:           585          441            0 
[2026-04-03T03:14:40.664+0600][14.650s][info][gc,reloc    ] GC(16) O:                        Candidates     Selected     In-Place         Size        Empty    Relocated 
[2026-04-03T03:14:40.664+0600][14.650s][info][gc,reloc    ] GC(16) O: Small Pages:                  365            3            9         730M           0M           3M 
[2026-04-03T03:14:40.664+0600][14.650s][info][gc,reloc    ] GC(16) O: Medium Pages:                   1            0            0          16M           0M           0M 
[2026-04-03T03:14:40.664+0600][14.650s][info][gc,reloc    ] GC(16) O: Large Pages:                    1            0            0           4M           0M           0M 
[2026-04-03T03:14:40.664+0600][14.650s][info][gc,reloc    ] GC(16) O: Forwarding Usage: 5M
[2026-04-03T03:14:40.664+0600][14.650s][info][gc,heap     ] GC(16) O: Min Capacity: 8M(1%)
[2026-04-03T03:14:40.664+0600][14.650s][info][gc,heap     ] GC(16) O: Max Capacity: 750M(100%)
[2026-04-03T03:14:40.664+0600][14.650s][info][gc,heap     ] GC(16) O: Soft Max Capacity: 750M(100%)
[2026-04-03T03:14:40.664+0600][14.650s][info][gc,heap     ] GC(16) O: Heap Statistics:
[2026-04-03T03:14:40.664+0600][14.650s][info][gc,heap     ] GC(16) O:                Mark Start          Mark End        Relocate Start      Relocate End           High               Low         
[2026-04-03T03:14:40.664+0600][14.650s][info][gc,heap     ] GC(16) O:  Capacity:      750M (100%)        750M (100%)        750M (100%)        750M (100%)        750M (100%)        750M (100%)   
[2026-04-03T03:14:40.664+0600][14.650s][info][gc,heap     ] GC(16) O:      Free:        0M (0%)            0M (0%)            0M (0%)            0M (0%)            2M (0%)            0M (0%)     
[2026-04-03T03:14:40.664+0600][14.650s][info][gc,heap     ] GC(16) O:      Used:      750M (100%)        750M (100%)        750M (100%)        750M (100%)        750M (100%)        748M (100%)   
[2026-04-03T03:14:40.664+0600][14.650s][info][gc,heap     ] GC(16) O: Old Generation Statistics:
[2026-04-03T03:14:40.664+0600][14.650s][info][gc,heap     ] GC(16) O:                Mark Start          Mark End        Relocate Start      Relocate End    
[2026-04-03T03:14:40.664+0600][14.650s][info][gc,heap     ] GC(16) O:      Used:      750M (100%)        750M (100%)        750M (100%)        746M (99%)    
[2026-04-03T03:14:40.664+0600][14.650s][info][gc,heap     ] GC(16) O:      Live:         -               717M (96%)         717M (96%)         717M (96%)    
[2026-04-03T03:14:40.664+0600][14.650s][info][gc,heap     ] GC(16) O:   Garbage:         -                32M (4%)           32M (4%)           24M (3%)     
[2026-04-03T03:14:40.664+0600][14.650s][info][gc,heap     ] GC(16) O: Allocated:         -                 0M (0%)            0M (0%)            4M (1%)     
[2026-04-03T03:14:40.664+0600][14.650s][info][gc,heap     ] GC(16) O: Reclaimed:         -                  -                 0M (0%)            8M (1%)     
[2026-04-03T03:14:40.664+0600][14.651s][info][gc,heap     ] GC(16) O: Compacted:         -                  -                  -                13M (2%)     
[2026-04-03T03:14:40.664+0600][14.651s][info][gc,phases   ] GC(16) O: Old Generation 750M(100%)->750M(100%) 1.078s
[2026-04-03T03:14:40.665+0600][14.651s][info][gc          ] GC(16) Major Collection (Allocation Stall) 750M(100%)->750M(100%) 1.106s
[2026-04-03T03:14:40.665+0600][14.651s][info][gc          ] GC(20) Major Collection (Allocation Stall)
[2026-04-03T03:14:40.665+0600][14.651s][info][gc,task     ] GC(20) Using 3 Workers for Young Generation
[2026-04-03T03:14:40.665+0600][14.651s][info][gc,task     ] GC(20) Using 3 Workers for Old Generation
[2026-04-03T03:14:40.665+0600][14.651s][info][gc,phases   ] GC(20) Y: Young Generation (Promote All)
[2026-04-03T03:14:40.665+0600][14.651s][info][gc,phases   ] GC(20) Y: Pause Mark Start 0.017ms
[2026-04-03T03:14:40.671+0600][14.657s][info][gc,phases   ] GC(20) Y: Concurrent Mark 5.946ms
[2026-04-03T03:14:40.671+0600][14.657s][info][gc,phases   ] GC(20) Y: Pause Mark End 0.019ms
[2026-04-03T03:14:40.671+0600][14.657s][info][gc,phases   ] GC(20) Y: Concurrent Mark Free 0.002ms
[2026-04-03T03:14:40.671+0600][14.657s][info][gc,phases   ] GC(20) Y: Concurrent Reset Relocation Set 0.001ms
[2026-04-03T03:14:40.673+0600][14.659s][info][gc,reloc    ] GC(20) Y: Using tenuring threshold: 0 (Promote All)
[2026-04-03T03:14:40.673+0600][14.659s][info][gc,phases   ] GC(20) Y: Concurrent Select Relocation Set 2.334ms
[2026-04-03T03:14:40.674+0600][14.660s][info][gc,phases   ] GC(20) Y: Pause Relocate Start 0.009ms
[2026-04-03T03:14:40.675+0600][14.661s][info][gc,phases   ] GC(20) Y: Concurrent Relocate 1.118ms
[2026-04-03T03:14:40.675+0600][14.661s][info][gc,alloc    ] GC(20) Y:                         Mark Start        Mark End      Relocate Start    Relocate End   
[2026-04-03T03:14:40.675+0600][14.661s][info][gc,alloc    ] GC(20) Y: Allocation Stalls:          1                1                1                1         
[2026-04-03T03:14:40.675+0600][14.661s][info][gc,load     ] GC(20) Y: Load: 5.16 (43%) / 5.77 (48%) / 5.85 (49%)
[2026-04-03T03:14:40.675+0600][14.661s][info][gc,mmu      ] GC(20) Y: MMU: 2ms/97.2%, 5ms/98.8%, 10ms/99.2%, 20ms/99.5%, 50ms/99.7%, 100ms/99.7%
[2026-04-03T03:14:40.675+0600][14.661s][info][gc,marking  ] GC(20) Y: Mark: 2 stripe(s), 2 proactive flush(es), 1 terminate flush(es), 0 completion(s), 0 continuation(s) 
[2026-04-03T03:14:40.675+0600][14.661s][info][gc,marking  ] GC(20) Y: Mark Stack Usage: 32M
[2026-04-03T03:14:40.675+0600][14.661s][info][gc,nmethod  ] GC(20) Y: NMethods: 3014 registered, 285 unregistered
[2026-04-03T03:14:40.675+0600][14.661s][info][gc,metaspace] GC(20) Y: Metaspace: 47M used, 48M committed, 1088M reserved
[2026-04-03T03:14:40.675+0600][14.661s][info][gc,reloc    ] GC(20) Y:                        Candidates     Selected     In-Place         Size        Empty    Relocated 
[2026-04-03T03:14:40.675+0600][14.661s][info][gc,reloc    ] GC(20) Y: Small Pages:                    2            1            2           4M           0M           0M 
[2026-04-03T03:14:40.675+0600][14.661s][info][gc,reloc    ] GC(20) Y: Medium Pages:                   0            0            0           0M           0M           0M 
[2026-04-03T03:14:40.675+0600][14.661s][info][gc,reloc    ] GC(20) Y: Large Pages:                    0            0            0           0M           0M           0M 
[2026-04-03T03:14:40.675+0600][14.661s][info][gc,reloc    ] GC(20) Y: Forwarding Usage: 0M
[2026-04-03T03:14:40.675+0600][14.661s][info][gc,reloc    ] GC(20) Y: Age Table:
[2026-04-03T03:14:40.675+0600][14.661s][info][gc,reloc    ] GC(20) Y:                    Live             Garbage             Small              Medium             Large        
[2026-04-03T03:14:40.675+0600][14.661s][info][gc,reloc    ] GC(20) Y: Eden               0M (0%)            1M (0%)           1 / 0              0 / 0              0 / 0        
[2026-04-03T03:14:40.675+0600][14.661s][info][gc,reloc    ] GC(20) Y: Survivor 1         0M (0%)            1M (0%)           1 / 1              0 / 0              0 / 0        
[2026-04-03T03:14:40.675+0600][14.661s][info][gc,heap     ] GC(20) Y: Min Capacity: 8M(1%)
[2026-04-03T03:14:40.675+0600][14.661s][info][gc,heap     ] GC(20) Y: Max Capacity: 750M(100%)
[2026-04-03T03:14:40.675+0600][14.661s][info][gc,heap     ] GC(20) Y: Soft Max Capacity: 750M(100%)
[2026-04-03T03:14:40.675+0600][14.661s][info][gc,heap     ] GC(20) Y: Heap Statistics:
[2026-04-03T03:14:40.675+0600][14.661s][info][gc,heap     ] GC(20) Y:                Mark Start          Mark End        Relocate Start      Relocate End           High               Low         
[2026-04-03T03:14:40.675+0600][14.661s][info][gc,heap     ] GC(20) Y:  Capacity:      750M (100%)        750M (100%)        750M (100%)        750M (100%)        750M (100%)        750M (100%)   
[2026-04-03T03:14:40.675+0600][14.661s][info][gc,heap     ] GC(20) Y:      Free:        0M (0%)            0M (0%)            0M (0%)            0M (0%)            0M (0%)            0M (0%)     
[2026-04-03T03:14:40.675+0600][14.661s][info][gc,heap     ] GC(20) Y:      Used:      750M (100%)        750M (100%)        750M (100%)        750M (100%)        750M (100%)        750M (100%)   
[2026-04-03T03:14:40.675+0600][14.661s][info][gc,heap     ] GC(20) Y: Young Generation Statistics:
[2026-04-03T03:14:40.675+0600][14.661s][info][gc,heap     ] GC(20) Y:                Mark Start          Mark End        Relocate Start      Relocate End    
[2026-04-03T03:14:40.675+0600][14.661s][info][gc,heap     ] GC(20) Y:      Used:        4M (1%)            4M (1%)            4M (1%)            0M (0%)     
[2026-04-03T03:14:40.675+0600][14.661s][info][gc,heap     ] GC(20) Y:      Live:         -                 0M (0%)            0M (0%)            0M (0%)     
[2026-04-03T03:14:40.675+0600][14.661s][info][gc,heap     ] GC(20) Y:   Garbage:         -                 3M (1%)            3M (1%)            0M (0%)     
[2026-04-03T03:14:40.675+0600][14.661s][info][gc,heap     ] GC(20) Y: Allocated:         -                 0M (0%)            0M (0%)            0M (0%)     
[2026-04-03T03:14:40.675+0600][14.661s][info][gc,heap     ] GC(20) Y: Reclaimed:         -                  -                 0M (0%)            3M (1%)     
[2026-04-03T03:14:40.675+0600][14.661s][info][gc,heap     ] GC(20) Y:  Promoted:         -                  -                 0M (0%)            0M (0%)     
[2026-04-03T03:14:40.675+0600][14.661s][info][gc,heap     ] GC(20) Y: Compacted:         -                  -                  -                 0M (0%)     
[2026-04-03T03:14:40.675+0600][14.661s][info][gc,phases   ] GC(20) Y: Young Generation (Promote All) 750M(100%)->750M(100%) 0.010s
[2026-04-03T03:14:40.675+0600][14.661s][info][gc,phases   ] GC(20) Y: Young Generation (Collect Roots)
[2026-04-03T03:14:40.675+0600][14.661s][info][gc,phases   ] GC(20) Y: Pause Mark Start (Major) 0.022ms
[2026-04-03T03:14:40.681+0600][14.667s][info][gc,phases   ] GC(20) Y: Concurrent Mark 5.636ms
[2026-04-03T03:14:40.681+0600][14.667s][info][gc,phases   ] GC(20) Y: Pause Mark End 0.020ms
[2026-04-03T03:14:40.681+0600][14.667s][info][gc,phases   ] GC(20) Y: Concurrent Mark Free 0.127ms
[2026-04-03T03:14:40.681+0600][14.667s][info][gc,phases   ] GC(20) Y: Concurrent Reset Relocation Set 0.006ms
[2026-04-03T03:14:40.683+0600][14.669s][info][gc,reloc    ] GC(20) Y: Using tenuring threshold: 0 (Computed)
[2026-04-03T03:14:40.683+0600][14.669s][info][gc,phases   ] GC(20) Y: Concurrent Select Relocation Set 1.821ms
[2026-04-03T03:14:40.683+0600][14.669s][info][gc,phases   ] GC(20) Y: Pause Relocate Start 0.016ms
[2026-04-03T03:14:40.684+0600][14.670s][info][gc,phases   ] GC(20) Y: Concurrent Relocate 0.131ms
[2026-04-03T03:14:40.684+0600][14.670s][info][gc,alloc    ] GC(20) Y:                         Mark Start        Mark End      Relocate Start    Relocate End   
[2026-04-03T03:14:40.684+0600][14.670s][info][gc,alloc    ] GC(20) Y: Allocation Stalls:          1                1                1                1         
[2026-04-03T03:14:40.684+0600][14.670s][info][gc,load     ] GC(20) Y: Load: 5.16 (43%) / 5.77 (48%) / 5.85 (49%)
[2026-04-03T03:14:40.684+0600][14.670s][info][gc,mmu      ] GC(20) Y: MMU: 2ms/97.2%, 5ms/98.8%, 10ms/99.2%, 20ms/99.5%, 50ms/99.6%, 100ms/99.7%
[2026-04-03T03:14:40.684+0600][14.670s][info][gc,marking  ] GC(20) Y: Mark: 2 stripe(s), 1 proactive flush(es), 1 terminate flush(es), 0 completion(s), 0 continuation(s) 
[2026-04-03T03:14:40.684+0600][14.670s][info][gc,marking  ] GC(20) Y: Mark Stack Usage: 0M
[2026-04-03T03:14:40.684+0600][14.670s][info][gc,nmethod  ] GC(20) Y: NMethods: 3014 registered, 285 unregistered
[2026-04-03T03:14:40.684+0600][14.670s][info][gc,metaspace] GC(20) Y: Metaspace: 47M used, 48M committed, 1088M reserved
[2026-04-03T03:14:40.684+0600][14.670s][info][gc,heap     ] GC(20) Y: Min Capacity: 8M(1%)
[2026-04-03T03:14:40.684+0600][14.670s][info][gc,heap     ] GC(20) Y: Max Capacity: 750M(100%)
[2026-04-03T03:14:40.684+0600][14.670s][info][gc,heap     ] GC(20) Y: Soft Max Capacity: 750M(100%)
[2026-04-03T03:14:40.684+0600][14.670s][info][gc,heap     ] GC(20) Y: Heap Statistics:
[2026-04-03T03:14:40.684+0600][14.670s][info][gc,heap     ] GC(20) Y:                Mark Start          Mark End        Relocate Start      Relocate End           High               Low         
[2026-04-03T03:14:40.684+0600][14.670s][info][gc,heap     ] GC(20) Y:  Capacity:      750M (100%)        750M (100%)        750M (100%)        750M (100%)        750M (100%)        750M (100%)   
[2026-04-03T03:14:40.684+0600][14.670s][info][gc,heap     ] GC(20) Y:      Free:        0M (0%)            0M (0%)            0M (0%)            0M (0%)            0M (0%)            0M (0%)     
[2026-04-03T03:14:40.684+0600][14.670s][info][gc,heap     ] GC(20) Y:      Used:      750M (100%)        750M (100%)        750M (100%)        750M (100%)        750M (100%)        750M (100%)   
[2026-04-03T03:14:40.684+0600][14.670s][info][gc,heap     ] GC(20) Y: Young Generation Statistics:
[2026-04-03T03:14:40.684+0600][14.670s][info][gc,heap     ] GC(20) Y:                Mark Start          Mark End        Relocate Start      Relocate End    
[2026-04-03T03:14:40.684+0600][14.670s][info][gc,heap     ] GC(20) Y:      Used:        0M (0%)            0M (0%)            0M (0%)            0M (0%)     
[2026-04-03T03:14:40.684+0600][14.670s][info][gc,heap     ] GC(20) Y:      Live:         -                 0M (0%)            0M (0%)            0M (0%)     
[2026-04-03T03:14:40.684+0600][14.670s][info][gc,heap     ] GC(20) Y:   Garbage:         -                 0M (0%)            0M (0%)            0M (0%)     
[2026-04-03T03:14:40.684+0600][14.670s][info][gc,heap     ] GC(20) Y: Allocated:         -                 0M (0%)            0M (0%)            0M (0%)     
[2026-04-03T03:14:40.684+0600][14.670s][info][gc,heap     ] GC(20) Y: Reclaimed:         -                  -                 0M (0%)            0M (0%)     
[2026-04-03T03:14:40.684+0600][14.670s][info][gc,heap     ] GC(20) Y:  Promoted:         -                  -                 0M (0%)            0M (0%)     
[2026-04-03T03:14:40.684+0600][14.670s][info][gc,heap     ] GC(20) Y: Compacted:         -                  -                  -                 0M (0%)     
[2026-04-03T03:14:40.684+0600][14.670s][info][gc,phases   ] GC(20) Y: Young Generation (Collect Roots) 750M(100%)->750M(100%) 0.009s
[2026-04-03T03:14:40.684+0600][14.670s][info][gc,phases   ] GC(20) O: Old Generation
[2026-04-03T03:14:40.747+0600][14.733s][info][gc          ] GC(21) Minor Collection (Allocation Stall)
[2026-04-03T03:14:40.747+0600][14.733s][info][gc,task     ] GC(21) Using 3 Workers for Young Generation
[2026-04-03T03:14:40.747+0600][14.733s][info][gc,phases   ] GC(21) y: Young Generation
[2026-04-03T03:14:40.747+0600][14.733s][info][gc,phases   ] GC(21) y: Pause Mark Start 0.020ms
[2026-04-03T03:14:40.753+0600][14.739s][info][gc,phases   ] GC(21) y: Concurrent Mark 5.356ms
[2026-04-03T03:14:40.753+0600][14.739s][info][gc,phases   ] GC(21) y: Pause Mark End 0.021ms
[2026-04-03T03:14:40.753+0600][14.739s][info][gc,phases   ] GC(21) y: Concurrent Mark Free 0.001ms
[2026-04-03T03:14:40.753+0600][14.739s][info][gc,phases   ] GC(21) y: Concurrent Reset Relocation Set 0.001ms
[2026-04-03T03:14:40.757+0600][14.743s][info][gc,reloc    ] GC(21) y: Using tenuring threshold: 0 (Computed)
[2026-04-03T03:14:40.757+0600][14.743s][info][gc,phases   ] GC(21) y: Concurrent Select Relocation Set 4.196ms
[2026-04-03T03:14:40.757+0600][14.743s][info][gc,phases   ] GC(21) y: Pause Relocate Start 0.010ms
[2026-04-03T03:14:40.758+0600][14.744s][info][gc,phases   ] GC(21) y: Concurrent Relocate 0.079ms
[2026-04-03T03:14:40.758+0600][14.744s][info][gc,alloc    ] GC(21) y:                         Mark Start        Mark End      Relocate Start    Relocate End   
[2026-04-03T03:14:40.758+0600][14.744s][info][gc,alloc    ] GC(21) y: Allocation Stalls:          2                2                2                2         
[2026-04-03T03:14:40.758+0600][14.744s][info][gc,load     ] GC(21) y: Load: 5.16 (43%) / 5.77 (48%) / 5.85 (49%)
[2026-04-03T03:14:40.758+0600][14.744s][info][gc,mmu      ] GC(21) y: MMU: 2ms/97.2%, 5ms/98.8%, 10ms/99.2%, 20ms/99.5%, 50ms/99.6%, 100ms/99.7%
[2026-04-03T03:14:40.758+0600][14.744s][info][gc,marking  ] GC(21) y: Mark: 2 stripe(s), 1 proactive flush(es), 1 terminate flush(es), 0 completion(s), 0 continuation(s) 
[2026-04-03T03:14:40.758+0600][14.744s][info][gc,marking  ] GC(21) y: Mark Stack Usage: 0M
[2026-04-03T03:14:40.758+0600][14.744s][info][gc,nmethod  ] GC(21) y: NMethods: 3014 registered, 285 unregistered
[2026-04-03T03:14:40.758+0600][14.744s][info][gc,metaspace] GC(21) y: Metaspace: 47M used, 48M committed, 1088M reserved
[2026-04-03T03:14:40.758+0600][14.744s][info][gc,heap     ] GC(21) y: Min Capacity: 8M(1%)
[2026-04-03T03:14:40.758+0600][14.744s][info][gc,heap     ] GC(21) y: Max Capacity: 750M(100%)
[2026-04-03T03:14:40.758+0600][14.744s][info][gc,heap     ] GC(21) y: Soft Max Capacity: 750M(100%)
[2026-04-03T03:14:40.758+0600][14.744s][info][gc,heap     ] GC(21) y: Heap Statistics:
[2026-04-03T03:14:40.758+0600][14.744s][info][gc,heap     ] GC(21) y:                Mark Start          Mark End        Relocate Start      Relocate End           High               Low         
[2026-04-03T03:14:40.758+0600][14.744s][info][gc,heap     ] GC(21) y:  Capacity:      750M (100%)        750M (100%)        750M (100%)        750M (100%)        750M (100%)        750M (100%)   
[2026-04-03T03:14:40.758+0600][14.744s][info][gc,heap     ] GC(21) y:      Free:        0M (0%)            0M (0%)            0M (0%)            0M (0%)            0M (0%)            0M (0%)     
[2026-04-03T03:14:40.758+0600][14.744s][info][gc,heap     ] GC(21) y:      Used:      750M (100%)        750M (100%)        750M (100%)        750M (100%)        750M (100%)        750M (100%)   
[2026-04-03T03:14:40.758+0600][14.744s][info][gc,heap     ] GC(21) y: Young Generation Statistics:
[2026-04-03T03:14:40.758+0600][14.744s][info][gc,heap     ] GC(21) y:                Mark Start          Mark End        Relocate Start      Relocate End    
[2026-04-03T03:14:40.758+0600][14.744s][info][gc,heap     ] GC(21) y:      Used:        0M (0%)            0M (0%)            0M (0%)            0M (0%)     
[2026-04-03T03:14:40.758+0600][14.744s][info][gc,heap     ] GC(21) y:      Live:         -                 0M (0%)            0M (0%)            0M (0%)     
[2026-04-03T03:14:40.758+0600][14.744s][info][gc,heap     ] GC(21) y:   Garbage:         -                 0M (0%)            0M (0%)            0M (0%)     
[2026-04-03T03:14:40.758+0600][14.744s][info][gc,heap     ] GC(21) y: Allocated:         -                 0M (0%)            0M (0%)            0M (0%)     
[2026-04-03T03:14:40.758+0600][14.744s][info][gc,heap     ] GC(21) y: Reclaimed:         -                  -                 0M (0%)            0M (0%)     
[2026-04-03T03:14:40.758+0600][14.744s][info][gc,heap     ] GC(21) y:  Promoted:         -                  -                 0M (0%)            0M (0%)     
[2026-04-03T03:14:40.758+0600][14.744s][info][gc,heap     ] GC(21) y: Compacted:         -                  -                  -                 0M (0%)     
[2026-04-03T03:14:40.758+0600][14.744s][info][gc,phases   ] GC(21) y: Young Generation 750M(100%)->750M(100%) 0.010s
[2026-04-03T03:14:40.758+0600][14.744s][info][gc          ] GC(21) Minor Collection (Allocation Stall) 750M(100%)->750M(100%) 0.011s
[2026-04-03T03:14:41.665+0600][15.651s][info][gc          ] GC(22) Minor Collection (Allocation Stall)
[2026-04-03T03:14:41.665+0600][15.651s][info][gc,task     ] GC(22) Using 3 Workers for Young Generation
[2026-04-03T03:14:41.665+0600][15.651s][info][gc,phases   ] GC(22) y: Young Generation
[2026-04-03T03:14:41.665+0600][15.651s][info][gc,phases   ] GC(22) y: Pause Mark Start 0.020ms
[2026-04-03T03:14:41.696+0600][15.682s][info][gc,phases   ] GC(22) y: Concurrent Mark 7.980ms
[2026-04-03T03:14:41.696+0600][15.682s][info][gc,phases   ] GC(22) y: Pause Mark End 0.024ms
[2026-04-03T03:14:41.696+0600][15.682s][info][gc,phases   ] GC(22) y: Concurrent Mark Free 0.001ms
[2026-04-03T03:14:41.696+0600][15.682s][info][gc,phases   ] GC(22) y: Concurrent Reset Relocation Set 0.001ms
[2026-04-03T03:14:41.701+0600][15.687s][info][gc,reloc    ] GC(22) y: Using tenuring threshold: 0 (Computed)
[2026-04-03T03:14:41.701+0600][15.687s][info][gc,phases   ] GC(22) y: Concurrent Select Relocation Set 4.910ms
[2026-04-03T03:14:41.701+0600][15.687s][info][gc,phases   ] GC(22) y: Pause Relocate Start 0.011ms
[2026-04-03T03:14:41.702+0600][15.688s][info][gc,phases   ] GC(22) y: Concurrent Relocate 0.150ms
[2026-04-03T03:14:41.702+0600][15.688s][info][gc,alloc    ] GC(22) y:                         Mark Start        Mark End      Relocate Start    Relocate End   
[2026-04-03T03:14:41.702+0600][15.688s][info][gc,alloc    ] GC(22) y: Allocation Stalls:          3                3                3                3         
[2026-04-03T03:14:41.702+0600][15.688s][info][gc,load     ] GC(22) y: Load: 5.16 (43%) / 5.77 (48%) / 5.85 (49%)
[2026-04-03T03:14:41.702+0600][15.688s][info][gc,mmu      ] GC(22) y: MMU: 2ms/97.2%, 5ms/98.8%, 10ms/99.2%, 20ms/99.5%, 50ms/99.6%, 100ms/99.7%
[2026-04-03T03:14:41.702+0600][15.688s][info][gc,marking  ] GC(22) y: Mark: 2 stripe(s), 1 proactive flush(es), 1 terminate flush(es), 0 completion(s), 0 continuation(s) 
[2026-04-03T03:14:41.702+0600][15.688s][info][gc,marking  ] GC(22) y: Mark Stack Usage: 0M
[2026-04-03T03:14:41.702+0600][15.688s][info][gc,nmethod  ] GC(22) y: NMethods: 3014 registered, 285 unregistered
[2026-04-03T03:14:41.702+0600][15.688s][info][gc,metaspace] GC(22) y: Metaspace: 47M used, 48M committed, 1088M reserved
[2026-04-03T03:14:41.702+0600][15.688s][info][gc,heap     ] GC(22) y: Min Capacity: 8M(1%)
[2026-04-03T03:14:41.702+0600][15.688s][info][gc,heap     ] GC(22) y: Max Capacity: 750M(100%)
[2026-04-03T03:14:41.702+0600][15.688s][info][gc,heap     ] GC(22) y: Soft Max Capacity: 750M(100%)
[2026-04-03T03:14:41.702+0600][15.688s][info][gc,heap     ] GC(22) y: Heap Statistics:
[2026-04-03T03:14:41.702+0600][15.688s][info][gc,heap     ] GC(22) y:                Mark Start          Mark End        Relocate Start      Relocate End           High               Low         
[2026-04-03T03:14:41.702+0600][15.688s][info][gc,heap     ] GC(22) y:  Capacity:      750M (100%)        750M (100%)        750M (100%)        750M (100%)        750M (100%)        750M (100%)   
[2026-04-03T03:14:41.702+0600][15.688s][info][gc,heap     ] GC(22) y:      Free:        0M (0%)            0M (0%)            0M (0%)            0M (0%)            0M (0%)            0M (0%)     
[2026-04-03T03:14:41.702+0600][15.688s][info][gc,heap     ] GC(22) y:      Used:      750M (100%)        750M (100%)        750M (100%)        750M (100%)        750M (100%)        750M (100%)   
[2026-04-03T03:14:41.702+0600][15.688s][info][gc,heap     ] GC(22) y: Young Generation Statistics:
[2026-04-03T03:14:41.702+0600][15.688s][info][gc,heap     ] GC(22) y:                Mark Start          Mark End        Relocate Start      Relocate End    
[2026-04-03T03:14:41.702+0600][15.688s][info][gc,heap     ] GC(22) y:      Used:        0M (0%)            0M (0%)            0M (0%)            0M (0%)     
[2026-04-03T03:14:41.702+0600][15.688s][info][gc,heap     ] GC(22) y:      Live:         -                 0M (0%)            0M (0%)            0M (0%)     
[2026-04-03T03:14:41.702+0600][15.688s][info][gc,heap     ] GC(22) y:   Garbage:         -                 0M (0%)            0M (0%)            0M (0%)     
[2026-04-03T03:14:41.702+0600][15.688s][info][gc,heap     ] GC(22) y: Allocated:         -                 0M (0%)            0M (0%)            0M (0%)     
[2026-04-03T03:14:41.702+0600][15.688s][info][gc,heap     ] GC(22) y: Reclaimed:         -                  -                 0M (0%)            0M (0%)     
[2026-04-03T03:14:41.702+0600][15.688s][info][gc,heap     ] GC(22) y:  Promoted:         -                  -                 0M (0%)            0M (0%)     
[2026-04-03T03:14:41.702+0600][15.688s][info][gc,heap     ] GC(22) y: Compacted:         -                  -                  -                 0M (0%)     
[2026-04-03T03:14:41.702+0600][15.688s][info][gc,phases   ] GC(22) y: Young Generation 750M(100%)->750M(100%) 0.037s
[2026-04-03T03:14:41.702+0600][15.688s][info][gc          ] GC(22) Minor Collection (Allocation Stall) 750M(100%)->750M(100%) 0.037s
[2026-04-03T03:14:41.761+0600][15.747s][info][gc,phases   ] GC(20) O: Concurrent Mark 1077.208ms
[2026-04-03T03:14:41.761+0600][15.747s][info][gc,phases   ] GC(20) O: Pause Mark End 0.024ms
[2026-04-03T03:14:41.761+0600][15.747s][info][gc,phases   ] GC(20) O: Concurrent Mark Free 0.001ms
[2026-04-03T03:14:41.761+0600][15.747s][info][gc,ref      ] GC(20) O: Clearing All SoftReferences
[2026-04-03T03:14:41.765+0600][15.751s][info][gc,phases   ] GC(20) O: Concurrent Process Non-Strong 3.387ms
[2026-04-03T03:14:41.765+0600][15.751s][info][gc,phases   ] GC(20) O: Concurrent Reset Relocation Set 0.005ms
[2026-04-03T03:14:41.768+0600][15.754s][info][gc,phases   ] GC(20) O: Concurrent Select Relocation Set 2.805ms
[2026-04-03T03:14:41.768+0600][15.754s][info][gc,task     ] GC(20) O: Using 3 Workers for Old Generation
[2026-04-03T03:14:41.782+0600][15.768s][info][gc,task     ] GC(20) O: Using 3 Workers for Old Generation
[2026-04-03T03:14:41.783+0600][15.769s][info][gc,phases   ] GC(20) O: Concurrent Remap Roots 14.826ms
[2026-04-03T03:14:41.783+0600][15.769s][info][gc,phases   ] GC(20) O: Pause Relocate Start 0.022ms
[2026-04-03T03:14:41.784+0600][15.770s][info][gc          ] Relocation Stall (main) 0.455ms
[2026-04-03T03:14:41.784+0600][15.770s][info][gc          ] Allocation Stall (main) 1138.141ms
[2026-04-03T03:14:41.784+0600][15.770s][info][gc,phases   ] GC(20) O: Concurrent Relocate 1.002ms
[2026-04-03T03:14:41.784+0600][15.770s][info][gc,alloc    ] GC(20) O:                         Mark Start        Mark End      Relocate Start    Relocate End   
[2026-04-03T03:14:41.784+0600][15.770s][info][gc,alloc    ] GC(20) O: Allocation Stalls:          1                3                3                2         
[2026-04-03T03:14:41.784+0600][15.770s][info][gc,load     ] GC(20) O: Load: 5.16 (43%) / 5.77 (48%) / 5.85 (49%)
[2026-04-03T03:14:41.784+0600][15.770s][info][gc,mmu      ] GC(20) O: MMU: 2ms/97.2%, 5ms/98.8%, 10ms/99.2%, 20ms/99.5%, 50ms/99.6%, 100ms/99.7%
[2026-04-03T03:14:41.784+0600][15.770s][info][gc,marking  ] GC(20) O: Mark: 2 stripe(s), 10 proactive flush(es), 1 terminate flush(es), 0 completion(s), 0 continuation(s) 
[2026-04-03T03:14:41.784+0600][15.770s][info][gc,marking  ] GC(20) O: Mark Stack Usage: 32M
[2026-04-03T03:14:41.784+0600][15.770s][info][gc,nmethod  ] GC(20) O: NMethods: 3014 registered, 285 unregistered
[2026-04-03T03:14:41.784+0600][15.770s][info][gc,metaspace] GC(20) O: Metaspace: 47M used, 48M committed, 1088M reserved
[2026-04-03T03:14:41.784+0600][15.770s][info][gc,ref      ] GC(20) O:                       Encountered   Discovered     Enqueued 
[2026-04-03T03:14:41.784+0600][15.770s][info][gc,ref      ] GC(20) O: Soft References:             2423          176            0 
[2026-04-03T03:14:41.784+0600][15.770s][info][gc,ref      ] GC(20) O: Weak References:             2641         1389            0 
[2026-04-03T03:14:41.784+0600][15.770s][info][gc,ref      ] GC(20) O: Final References:              82            0            0 
[2026-04-03T03:14:41.784+0600][15.770s][info][gc,ref      ] GC(20) O: Phantom References:           585          413            0 
[2026-04-03T03:14:41.784+0600][15.770s][info][gc,reloc    ] GC(20) O:                        Candidates     Selected     In-Place         Size        Empty    Relocated 
[2026-04-03T03:14:41.784+0600][15.770s][info][gc,reloc    ] GC(20) O: Small Pages:                  365            3            3         730M           0M           0M 
[2026-04-03T03:14:41.784+0600][15.770s][info][gc,reloc    ] GC(20) O: Medium Pages:                   1            0            0          16M           0M           0M 
[2026-04-03T03:14:41.784+0600][15.770s][info][gc,reloc    ] GC(20) O: Large Pages:                    1            0            0           4M           0M           0M 
[2026-04-03T03:14:41.784+0600][15.770s][info][gc,reloc    ] GC(20) O: Forwarding Usage: 0M
[2026-04-03T03:14:41.784+0600][15.770s][info][gc,heap     ] GC(20) O: Min Capacity: 8M(1%)
[2026-04-03T03:14:41.784+0600][15.770s][info][gc,heap     ] GC(20) O: Max Capacity: 750M(100%)
[2026-04-03T03:14:41.784+0600][15.770s][info][gc,heap     ] GC(20) O: Soft Max Capacity: 750M(100%)
[2026-04-03T03:14:41.784+0600][15.770s][info][gc,heap     ] GC(20) O: Heap Statistics:
[2026-04-03T03:14:41.784+0600][15.770s][info][gc,heap     ] GC(20) O:                Mark Start          Mark End        Relocate Start      Relocate End           High               Low         
[2026-04-03T03:14:41.784+0600][15.770s][info][gc,heap     ] GC(20) O:  Capacity:      750M (100%)        750M (100%)        750M (100%)        750M (100%)        750M (100%)        750M (100%)   
[2026-04-03T03:14:41.784+0600][15.770s][info][gc,heap     ] GC(20) O:      Free:        0M (0%)            0M (0%)            0M (0%)            0M (0%)            2M (0%)            0M (0%)     
[2026-04-03T03:14:41.784+0600][15.770s][info][gc,heap     ] GC(20) O:      Used:      750M (100%)        750M (100%)        750M (100%)        750M (100%)        750M (100%)        748M (100%)   
[2026-04-03T03:14:41.784+0600][15.770s][info][gc,heap     ] GC(20) O: Old Generation Statistics:
[2026-04-03T03:14:41.784+0600][15.770s][info][gc,heap     ] GC(20) O:                Mark Start          Mark End        Relocate Start      Relocate End    
[2026-04-03T03:14:41.784+0600][15.770s][info][gc,heap     ] GC(20) O:      Used:      750M (100%)        750M (100%)        750M (100%)        748M (100%)   
[2026-04-03T03:14:41.784+0600][15.770s][info][gc,heap     ] GC(20) O:      Live:         -               717M (96%)         717M (96%)         717M (96%)    
[2026-04-03T03:14:41.784+0600][15.770s][info][gc,heap     ] GC(20) O:   Garbage:         -                32M (4%)           32M (4%)           25M (3%)     
[2026-04-03T03:14:41.784+0600][15.770s][info][gc,heap     ] GC(20) O: Allocated:         -                 0M (0%)            0M (0%)            5M (1%)     
[2026-04-03T03:14:41.784+0600][15.770s][info][gc,heap     ] GC(20) O: Reclaimed:         -                  -                 0M (0%)            7M (1%)     
[2026-04-03T03:14:41.784+0600][15.770s][info][gc,heap     ] GC(20) O: Compacted:         -                  -                  -                 0M (0%)     
[2026-04-03T03:14:41.784+0600][15.770s][info][gc,phases   ] GC(20) O: Old Generation 750M(100%)->750M(100%) 1.100s
[2026-04-03T03:14:41.784+0600][15.770s][info][gc          ] GC(20) Major Collection (Allocation Stall) 750M(100%)->750M(100%) 1.120s
[2026-04-03T03:14:41.784+0600][15.770s][info][gc          ] GC(23) Major Collection (Allocation Stall)
[2026-04-03T03:14:41.784+0600][15.770s][info][gc,task     ] GC(23) Using 3 Workers for Young Generation
[2026-04-03T03:14:41.784+0600][15.770s][info][gc,task     ] GC(23) Using 3 Workers for Old Generation
[2026-04-03T03:14:41.784+0600][15.770s][info][gc,phases   ] GC(23) Y: Young Generation (Promote All)
[2026-04-03T03:14:41.784+0600][15.770s][info][gc,phases   ] GC(23) Y: Pause Mark Start 0.018ms
[2026-04-03T03:14:41.791+0600][15.777s][info][gc,phases   ] GC(23) Y: Concurrent Mark 5.987ms
[2026-04-03T03:14:41.791+0600][15.777s][info][gc,phases   ] GC(23) Y: Pause Mark End 0.022ms
[2026-04-03T03:14:41.791+0600][15.777s][info][gc,phases   ] GC(23) Y: Concurrent Mark Free 0.002ms
[2026-04-03T03:14:41.791+0600][15.777s][info][gc,phases   ] GC(23) Y: Concurrent Reset Relocation Set 0.000ms
[2026-04-03T03:14:41.792+0600][15.778s][info][gc,reloc    ] GC(23) Y: Using tenuring threshold: 0 (Promote All)
[2026-04-03T03:14:41.793+0600][15.779s][info][gc,phases   ] GC(23) Y: Concurrent Select Relocation Set 2.177ms
[2026-04-03T03:14:41.793+0600][15.779s][info][gc,phases   ] GC(23) Y: Pause Relocate Start 0.012ms
[2026-04-03T03:14:41.794+0600][15.780s][info][gc,phases   ] GC(23) Y: Concurrent Relocate 0.635ms
[2026-04-03T03:14:41.794+0600][15.780s][info][gc,alloc    ] GC(23) Y:                         Mark Start        Mark End      Relocate Start    Relocate End   
[2026-04-03T03:14:41.794+0600][15.780s][info][gc,alloc    ] GC(23) Y: Allocation Stalls:          2                3                3                3         
[2026-04-03T03:14:41.794+0600][15.780s][info][gc,load     ] GC(23) Y: Load: 5.16 (43%) / 5.77 (48%) / 5.85 (49%)
[2026-04-03T03:14:41.794+0600][15.780s][info][gc,mmu      ] GC(23) Y: MMU: 2ms/97.2%, 5ms/98.8%, 10ms/99.2%, 20ms/99.5%, 50ms/99.6%, 100ms/99.7%
[2026-04-03T03:14:41.794+0600][15.780s][info][gc,marking  ] GC(23) Y: Mark: 2 stripe(s), 2 proactive flush(es), 1 terminate flush(es), 0 completion(s), 0 continuation(s) 
[2026-04-03T03:14:41.794+0600][15.780s][info][gc,marking  ] GC(23) Y: Mark Stack Usage: 32M
[2026-04-03T03:14:41.794+0600][15.780s][info][gc,nmethod  ] GC(23) Y: NMethods: 3014 registered, 285 unregistered
[2026-04-03T03:14:41.794+0600][15.780s][info][gc,metaspace] GC(23) Y: Metaspace: 47M used, 48M committed, 1088M reserved
[2026-04-03T03:14:41.794+0600][15.780s][info][gc,reloc    ] GC(23) Y:                        Candidates     Selected     In-Place         Size        Empty    Relocated 
[2026-04-03T03:14:41.794+0600][15.780s][info][gc,reloc    ] GC(23) Y: Small Pages:                    1            0            0           2M           0M           0M 
[2026-04-03T03:14:41.794+0600][15.780s][info][gc,reloc    ] GC(23) Y: Medium Pages:                   0            0            0           0M           0M           0M 
[2026-04-03T03:14:41.794+0600][15.780s][info][gc,reloc    ] GC(23) Y: Large Pages:                    0            0            0           0M           0M           0M 
[2026-04-03T03:14:41.794+0600][15.780s][info][gc,reloc    ] GC(23) Y: Forwarding Usage: 0M
[2026-04-03T03:14:41.794+0600][15.780s][info][gc,reloc    ] GC(23) Y: Age Table:
[2026-04-03T03:14:41.794+0600][15.780s][info][gc,reloc    ] GC(23) Y:                    Live             Garbage             Small              Medium             Large        
[2026-04-03T03:14:41.794+0600][15.780s][info][gc,reloc    ] GC(23) Y: Eden               0M (0%)            1M (0%)           1 / 0              0 / 0              0 / 0        
[2026-04-03T03:14:41.794+0600][15.780s][info][gc,heap     ] GC(23) Y: Min Capacity: 8M(1%)
[2026-04-03T03:14:41.794+0600][15.780s][info][gc,heap     ] GC(23) Y: Max Capacity: 750M(100%)
[2026-04-03T03:14:41.794+0600][15.780s][info][gc,heap     ] GC(23) Y: Soft Max Capacity: 750M(100%)
[2026-04-03T03:14:41.794+0600][15.780s][info][gc,heap     ] GC(23) Y: Heap Statistics:
[2026-04-03T03:14:41.794+0600][15.780s][info][gc,heap     ] GC(23) Y:                Mark Start          Mark End        Relocate Start      Relocate End           High               Low         
[2026-04-03T03:14:41.794+0600][15.780s][info][gc,heap     ] GC(23) Y:  Capacity:      750M (100%)        750M (100%)        750M (100%)        750M (100%)        750M (100%)        750M (100%)   
[2026-04-03T03:14:41.794+0600][15.780s][info][gc,heap     ] GC(23) Y:      Free:        0M (0%)            0M (0%)            0M (0%)            0M (0%)            0M (0%)            0M (0%)     
[2026-04-03T03:14:41.794+0600][15.780s][info][gc,heap     ] GC(23) Y:      Used:      750M (100%)        750M (100%)        750M (100%)        750M (100%)        750M (100%)        750M (100%)   
[2026-04-03T03:14:41.794+0600][15.780s][info][gc,heap     ] GC(23) Y: Young Generation Statistics:
[2026-04-03T03:14:41.794+0600][15.780s][info][gc,heap     ] GC(23) Y:                Mark Start          Mark End        Relocate Start      Relocate End    
[2026-04-03T03:14:41.794+0600][15.780s][info][gc,heap     ] GC(23) Y:      Used:        2M (0%)            2M (0%)            0M (0%)            0M (0%)     
[2026-04-03T03:14:41.794+0600][15.780s][info][gc,heap     ] GC(23) Y:      Live:         -                 0M (0%)            0M (0%)            0M (0%)     
[2026-04-03T03:14:41.794+0600][15.780s][info][gc,heap     ] GC(23) Y:   Garbage:         -                 1M (0%)            0M (0%)            0M (0%)     
[2026-04-03T03:14:41.794+0600][15.780s][info][gc,heap     ] GC(23) Y: Allocated:         -                 0M (0%)            0M (0%)            0M (0%)     
[2026-04-03T03:14:41.794+0600][15.780s][info][gc,heap     ] GC(23) Y: Reclaimed:         -                  -                 1M (0%)            1M (0%)     
[2026-04-03T03:14:41.794+0600][15.780s][info][gc,heap     ] GC(23) Y:  Promoted:         -                  -                 0M (0%)            0M (0%)     
[2026-04-03T03:14:41.794+0600][15.780s][info][gc,heap     ] GC(23) Y: Compacted:         -                  -                  -                 0M (0%)     
[2026-04-03T03:14:41.794+0600][15.780s][info][gc,phases   ] GC(23) Y: Young Generation (Promote All) 750M(100%)->750M(100%) 0.010s
[2026-04-03T03:14:41.794+0600][15.780s][info][gc,phases   ] GC(23) Y: Young Generation (Collect Roots)
[2026-04-03T03:14:41.794+0600][15.780s][info][gc,phases   ] GC(23) Y: Pause Mark Start (Major) 0.017ms
[2026-04-03T03:14:41.800+0600][15.786s][info][gc,phases   ] GC(23) Y: Concurrent Mark 5.236ms
[2026-04-03T03:14:41.800+0600][15.786s][info][gc,phases   ] GC(23) Y: Pause Mark End 0.016ms
[2026-04-03T03:14:41.800+0600][15.786s][info][gc,phases   ] GC(23) Y: Concurrent Mark Free 0.130ms
[2026-04-03T03:14:41.800+0600][15.786s][info][gc,phases   ] GC(23) Y: Concurrent Reset Relocation Set 0.004ms
[2026-04-03T03:14:41.802+0600][15.788s][info][gc,reloc    ] GC(23) Y: Using tenuring threshold: 0 (Computed)
[2026-04-03T03:14:41.802+0600][15.788s][info][gc,phases   ] GC(23) Y: Concurrent Select Relocation Set 1.827ms
[2026-04-03T03:14:41.802+0600][15.788s][info][gc,phases   ] GC(23) Y: Pause Relocate Start 0.011ms
[2026-04-03T03:14:41.802+0600][15.788s][info][gc,phases   ] GC(23) Y: Concurrent Relocate 0.136ms
[2026-04-03T03:14:41.803+0600][15.789s][info][gc,alloc    ] GC(23) Y:                         Mark Start        Mark End      Relocate Start    Relocate End   
[2026-04-03T03:14:41.803+0600][15.789s][info][gc,alloc    ] GC(23) Y: Allocation Stalls:          3                3                3                3         
[2026-04-03T03:14:41.803+0600][15.789s][info][gc,load     ] GC(23) Y: Load: 5.16 (43%) / 5.77 (48%) / 5.85 (49%)
[2026-04-03T03:14:41.803+0600][15.789s][info][gc,mmu      ] GC(23) Y: MMU: 2ms/97.2%, 5ms/98.8%, 10ms/99.2%, 20ms/99.4%, 50ms/99.6%, 100ms/99.7%
[2026-04-03T03:14:41.803+0600][15.789s][info][gc,marking  ] GC(23) Y: Mark: 2 stripe(s), 1 proactive flush(es), 1 terminate flush(es), 0 completion(s), 0 continuation(s) 
[2026-04-03T03:14:41.803+0600][15.789s][info][gc,marking  ] GC(23) Y: Mark Stack Usage: 0M
[2026-04-03T03:14:41.803+0600][15.789s][info][gc,nmethod  ] GC(23) Y: NMethods: 3014 registered, 285 unregistered
[2026-04-03T03:14:41.803+0600][15.789s][info][gc,metaspace] GC(23) Y: Metaspace: 47M used, 48M committed, 1088M reserved
[2026-04-03T03:14:41.803+0600][15.789s][info][gc,heap     ] GC(23) Y: Min Capacity: 8M(1%)
[2026-04-03T03:14:41.803+0600][15.789s][info][gc,heap     ] GC(23) Y: Max Capacity: 750M(100%)
[2026-04-03T03:14:41.803+0600][15.789s][info][gc,heap     ] GC(23) Y: Soft Max Capacity: 750M(100%)
[2026-04-03T03:14:41.803+0600][15.789s][info][gc,heap     ] GC(23) Y: Heap Statistics:
[2026-04-03T03:14:41.803+0600][15.789s][info][gc,heap     ] GC(23) Y:                Mark Start          Mark End        Relocate Start      Relocate End           High               Low         
[2026-04-03T03:14:41.803+0600][15.789s][info][gc,heap     ] GC(23) Y:  Capacity:      750M (100%)        750M (100%)        750M (100%)        750M (100%)        750M (100%)        750M (100%)   
[2026-04-03T03:14:41.803+0600][15.789s][info][gc,heap     ] GC(23) Y:      Free:        0M (0%)            0M (0%)            0M (0%)            0M (0%)            0M (0%)            0M (0%)     
[2026-04-03T03:14:41.803+0600][15.789s][info][gc,heap     ] GC(23) Y:      Used:      750M (100%)        750M (100%)        750M (100%)        750M (100%)        750M (100%)        750M (100%)   
[2026-04-03T03:14:41.803+0600][15.789s][info][gc,heap     ] GC(23) Y: Young Generation Statistics:
[2026-04-03T03:14:41.803+0600][15.789s][info][gc,heap     ] GC(23) Y:                Mark Start          Mark End        Relocate Start      Relocate End    
[2026-04-03T03:14:41.803+0600][15.789s][info][gc,heap     ] GC(23) Y:      Used:        0M (0%)            0M (0%)            0M (0%)            0M (0%)     
[2026-04-03T03:14:41.803+0600][15.789s][info][gc,heap     ] GC(23) Y:      Live:         -                 0M (0%)            0M (0%)            0M (0%)     
[2026-04-03T03:14:41.803+0600][15.789s][info][gc,heap     ] GC(23) Y:   Garbage:         -                 0M (0%)            0M (0%)            0M (0%)     
[2026-04-03T03:14:41.803+0600][15.789s][info][gc,heap     ] GC(23) Y: Allocated:         -                 0M (0%)            0M (0%)            0M (0%)     
[2026-04-03T03:14:41.803+0600][15.789s][info][gc,heap     ] GC(23) Y: Reclaimed:         -                  -                 0M (0%)            0M (0%)     
[2026-04-03T03:14:41.803+0600][15.789s][info][gc,heap     ] GC(23) Y:  Promoted:         -                  -                 0M (0%)            0M (0%)     
[2026-04-03T03:14:41.803+0600][15.789s][info][gc,heap     ] GC(23) Y: Compacted:         -                  -                  -                 0M (0%)     
[2026-04-03T03:14:41.803+0600][15.789s][info][gc,phases   ] GC(23) Y: Young Generation (Collect Roots) 750M(100%)->750M(100%) 0.008s
[2026-04-03T03:14:41.803+0600][15.789s][info][gc,phases   ] GC(23) O: Old Generation
[2026-04-03T03:14:41.803+0600][15.789s][info][gc          ] GC(24) Minor Collection (Allocation Stall)
[2026-04-03T03:14:41.803+0600][15.789s][info][gc,task     ] GC(24) Using 3 Workers for Young Generation
[2026-04-03T03:14:41.803+0600][15.789s][info][gc,phases   ] GC(24) y: Young Generation
[2026-04-03T03:14:41.803+0600][15.789s][info][gc,phases   ] GC(24) y: Pause Mark Start 0.014ms
[2026-04-03T03:14:41.807+0600][15.793s][info][gc,phases   ] GC(24) y: Concurrent Mark 3.892ms
[2026-04-03T03:14:41.808+0600][15.794s][info][gc,phases   ] GC(24) y: Pause Mark End 0.035ms
[2026-04-03T03:14:41.808+0600][15.794s][info][gc,phases   ] GC(24) y: Concurrent Mark Free 0.001ms
[2026-04-03T03:14:41.808+0600][15.794s][info][gc,phases   ] GC(24) y: Concurrent Reset Relocation Set 0.001ms
[2026-04-03T03:14:41.809+0600][15.795s][info][gc,reloc    ] GC(24) y: Using tenuring threshold: 0 (Computed)
[2026-04-03T03:14:41.810+0600][15.796s][info][gc,phases   ] GC(24) y: Concurrent Select Relocation Set 1.715ms
[2026-04-03T03:14:41.810+0600][15.796s][info][gc,phases   ] GC(24) y: Pause Relocate Start 0.016ms
[2026-04-03T03:14:41.810+0600][15.796s][info][gc,phases   ] GC(24) y: Concurrent Relocate 0.087ms
[2026-04-03T03:14:41.810+0600][15.796s][info][gc,alloc    ] GC(24) y:                         Mark Start        Mark End      Relocate Start    Relocate End   
[2026-04-03T03:14:41.810+0600][15.796s][info][gc,alloc    ] GC(24) y: Allocation Stalls:          3                3                3                3         
[2026-04-03T03:14:41.810+0600][15.796s][info][gc,load     ] GC(24) y: Load: 5.16 (43%) / 5.77 (48%) / 5.85 (49%)
[2026-04-03T03:14:41.810+0600][15.796s][info][gc,mmu      ] GC(24) y: MMU: 2ms/97.2%, 5ms/98.8%, 10ms/99.1%, 20ms/99.3%, 50ms/99.6%, 100ms/99.7%
[2026-04-03T03:14:41.810+0600][15.796s][info][gc,marking  ] GC(24) y: Mark: 2 stripe(s), 1 proactive flush(es), 1 terminate flush(es), 0 completion(s), 0 continuation(s) 
[2026-04-03T03:14:41.810+0600][15.796s][info][gc,marking  ] GC(24) y: Mark Stack Usage: 0M
[2026-04-03T03:14:41.810+0600][15.796s][info][gc,nmethod  ] GC(24) y: NMethods: 3014 registered, 285 unregistered
[2026-04-03T03:14:41.810+0600][15.796s][info][gc,metaspace] GC(24) y: Metaspace: 47M used, 48M committed, 1088M reserved
[2026-04-03T03:14:41.810+0600][15.796s][info][gc,heap     ] GC(24) y: Min Capacity: 8M(1%)
[2026-04-03T03:14:41.810+0600][15.796s][info][gc,heap     ] GC(24) y: Max Capacity: 750M(100%)
[2026-04-03T03:14:41.810+0600][15.796s][info][gc,heap     ] GC(24) y: Soft Max Capacity: 750M(100%)
[2026-04-03T03:14:41.810+0600][15.796s][info][gc,heap     ] GC(24) y: Heap Statistics:
[2026-04-03T03:14:41.810+0600][15.796s][info][gc,heap     ] GC(24) y:                Mark Start          Mark End        Relocate Start      Relocate End           High               Low         
[2026-04-03T03:14:41.810+0600][15.796s][info][gc,heap     ] GC(24) y:  Capacity:      750M (100%)        750M (100%)        750M (100%)        750M (100%)        750M (100%)        750M (100%)   
[2026-04-03T03:14:41.810+0600][15.796s][info][gc,heap     ] GC(24) y:      Free:        0M (0%)            0M (0%)            0M (0%)            0M (0%)            0M (0%)            0M (0%)     
[2026-04-03T03:14:41.810+0600][15.796s][info][gc,heap     ] GC(24) y:      Used:      750M (100%)        750M (100%)        750M (100%)        750M (100%)        750M (100%)        750M (100%)   
[2026-04-03T03:14:41.810+0600][15.796s][info][gc,heap     ] GC(24) y: Young Generation Statistics:
[2026-04-03T03:14:41.810+0600][15.796s][info][gc,heap     ] GC(24) y:                Mark Start          Mark End        Relocate Start      Relocate End    
[2026-04-03T03:14:41.810+0600][15.796s][info][gc,heap     ] GC(24) y:      Used:        0M (0%)            0M (0%)            0M (0%)            0M (0%)     
[2026-04-03T03:14:41.810+0600][15.796s][info][gc,heap     ] GC(24) y:      Live:         -                 0M (0%)            0M (0%)            0M (0%)     
[2026-04-03T03:14:41.810+0600][15.796s][info][gc,heap     ] GC(24) y:   Garbage:         -                 0M (0%)            0M (0%)            0M (0%)     
[2026-04-03T03:14:41.810+0600][15.796s][info][gc,heap     ] GC(24) y: Allocated:         -                 0M (0%)            0M (0%)            0M (0%)     
[2026-04-03T03:14:41.810+0600][15.796s][info][gc,heap     ] GC(24) y: Reclaimed:         -                  -                 0M (0%)            0M (0%)     
[2026-04-03T03:14:41.810+0600][15.796s][info][gc,heap     ] GC(24) y:  Promoted:         -                  -                 0M (0%)            0M (0%)     
[2026-04-03T03:14:41.810+0600][15.796s][info][gc,heap     ] GC(24) y: Compacted:         -                  -                  -                 0M (0%)     
[2026-04-03T03:14:41.810+0600][15.796s][info][gc,phases   ] GC(24) y: Young Generation 750M(100%)->750M(100%) 0.007s
[2026-04-03T03:14:41.810+0600][15.796s][info][gc          ] GC(24) Minor Collection (Allocation Stall) 750M(100%)->750M(100%) 0.007s
[2026-04-03T03:14:42.824+0600][16.810s][info][gc,phases   ] GC(23) O: Concurrent Mark 1021.435ms
[2026-04-03T03:14:42.825+0600][16.811s][info][gc,phases   ] GC(23) O: Pause Mark End 0.027ms
[2026-04-03T03:14:42.825+0600][16.811s][info][gc,phases   ] GC(23) O: Concurrent Mark Free 0.001ms
[2026-04-03T03:14:42.825+0600][16.811s][info][gc,ref      ] GC(23) O: Clearing All SoftReferences
[2026-04-03T03:14:42.828+0600][16.814s][info][gc,phases   ] GC(23) O: Concurrent Process Non-Strong 3.358ms
[2026-04-03T03:14:42.828+0600][16.814s][info][gc,phases   ] GC(23) O: Concurrent Reset Relocation Set 0.003ms
[2026-04-03T03:14:42.832+0600][16.818s][info][gc,phases   ] GC(23) O: Concurrent Select Relocation Set 4.157ms
[2026-04-03T03:14:42.832+0600][16.818s][info][gc,task     ] GC(23) O: Using 3 Workers for Old Generation
[2026-04-03T03:14:42.847+0600][16.833s][info][gc,task     ] GC(23) O: Using 3 Workers for Old Generation
[2026-04-03T03:14:42.847+0600][16.833s][info][gc,phases   ] GC(23) O: Concurrent Remap Roots 15.023ms
[2026-04-03T03:14:42.848+0600][16.834s][info][gc,phases   ] GC(23) O: Pause Relocate Start 0.022ms
[2026-04-03T03:14:42.849+0600][16.835s][info][gc,phases   ] GC(23) O: Concurrent Relocate 1.835ms
[2026-04-03T03:14:42.849+0600][16.835s][info][gc          ] Allocation Stall (Spark Context Cleaner) 2102.517ms
[2026-04-03T03:14:42.850+0600][16.836s][info][gc,alloc    ] GC(23) O:                         Mark Start        Mark End      Relocate Start    Relocate End   
[2026-04-03T03:14:42.850+0600][16.836s][info][gc,alloc    ] GC(23) O: Allocation Stalls:          3                3                3                2         
[2026-04-03T03:14:42.850+0600][16.836s][info][gc,load     ] GC(23) O: Load: 5.16 (43%) / 5.77 (48%) / 5.85 (49%)
[2026-04-03T03:14:42.850+0600][16.836s][info][gc,mmu      ] GC(23) O: MMU: 2ms/97.2%, 5ms/98.8%, 10ms/99.1%, 20ms/99.3%, 50ms/99.6%, 100ms/99.7%
[2026-04-03T03:14:42.850+0600][16.836s][info][gc,marking  ] GC(23) O: Mark: 2 stripe(s), 10 proactive flush(es), 1 terminate flush(es), 0 completion(s), 0 continuation(s) 
[2026-04-03T03:14:42.850+0600][16.836s][info][gc,marking  ] GC(23) O: Mark Stack Usage: 32M
[2026-04-03T03:14:42.850+0600][16.836s][info][gc,nmethod  ] GC(23) O: NMethods: 3014 registered, 285 unregistered
[2026-04-03T03:14:42.850+0600][16.836s][info][gc,metaspace] GC(23) O: Metaspace: 47M used, 48M committed, 1088M reserved
[2026-04-03T03:14:42.850+0600][16.836s][info][gc,ref      ] GC(23) O:                       Encountered   Discovered     Enqueued 
[2026-04-03T03:14:42.850+0600][16.836s][info][gc,ref      ] GC(23) O: Soft References:             2423          181            0 
[2026-04-03T03:14:42.850+0600][16.836s][info][gc,ref      ] GC(23) O: Weak References:             2641         1653            0 
[2026-04-03T03:14:42.850+0600][16.836s][info][gc,ref      ] GC(23) O: Final References:              82           48            0 
[2026-04-03T03:14:42.850+0600][16.836s][info][gc,ref      ] GC(23) O: Phantom References:           585          415            0 
[2026-04-03T03:14:42.850+0600][16.836s][info][gc,reloc    ] GC(23) O:                        Candidates     Selected     In-Place         Size        Empty    Relocated 
[2026-04-03T03:14:42.850+0600][16.836s][info][gc,reloc    ] GC(23) O: Small Pages:                  365            3            3         730M           0M           0M 
[2026-04-03T03:14:42.850+0600][16.836s][info][gc,reloc    ] GC(23) O: Medium Pages:                   1            0            0          16M           0M           0M 
[2026-04-03T03:14:42.850+0600][16.836s][info][gc,reloc    ] GC(23) O: Large Pages:                    1            0            0           4M           0M           0M 
[2026-04-03T03:14:42.850+0600][16.836s][info][gc,reloc    ] GC(23) O: Forwarding Usage: 0M
[2026-04-03T03:14:42.850+0600][16.836s][info][gc,heap     ] GC(23) O: Min Capacity: 8M(1%)
[2026-04-03T03:14:42.850+0600][16.836s][info][gc,heap     ] GC(23) O: Max Capacity: 750M(100%)
[2026-04-03T03:14:42.850+0600][16.836s][info][gc,heap     ] GC(23) O: Soft Max Capacity: 750M(100%)
[2026-04-03T03:14:42.850+0600][16.836s][info][gc,heap     ] GC(23) O: Heap Statistics:
[2026-04-03T03:14:42.850+0600][16.836s][info][gc,heap     ] GC(23) O:                Mark Start          Mark End        Relocate Start      Relocate End           High               Low         
[2026-04-03T03:14:42.850+0600][16.836s][info][gc,heap     ] GC(23) O:  Capacity:      750M (100%)        750M (100%)        750M (100%)        750M (100%)        750M (100%)        750M (100%)   
[2026-04-03T03:14:42.850+0600][16.836s][info][gc,heap     ] GC(23) O:      Free:        0M (0%)            0M (0%)            0M (0%)            0M (0%)            2M (0%)            0M (0%)     
[2026-04-03T03:14:42.850+0600][16.836s][info][gc,heap     ] GC(23) O:      Used:      750M (100%)        750M (100%)        750M (100%)        750M (100%)        750M (100%)        748M (100%)   
[2026-04-03T03:14:42.850+0600][16.836s][info][gc,heap     ] GC(23) O: Old Generation Statistics:
[2026-04-03T03:14:42.850+0600][16.836s][info][gc,heap     ] GC(23) O:                Mark Start          Mark End        Relocate Start      Relocate End    
[2026-04-03T03:14:42.850+0600][16.836s][info][gc,heap     ] GC(23) O:      Used:      750M (100%)        750M (100%)        750M (100%)        748M (100%)   
[2026-04-03T03:14:42.850+0600][16.836s][info][gc,heap     ] GC(23) O:      Live:         -               717M (96%)         717M (96%)         717M (96%)    
[2026-04-03T03:14:42.850+0600][16.836s][info][gc,heap     ] GC(23) O:   Garbage:         -                32M (4%)           32M (4%)           25M (3%)     
[2026-04-03T03:14:42.850+0600][16.836s][info][gc,heap     ] GC(23) O: Allocated:         -                 0M (0%)            0M (0%)            5M (1%)     
[2026-04-03T03:14:42.850+0600][16.836s][info][gc,heap     ] GC(23) O: Reclaimed:         -                  -                 0M (0%)            7M (1%)     
[2026-04-03T03:14:42.850+0600][16.836s][info][gc,heap     ] GC(23) O: Compacted:         -                  -                  -                 0M (0%)     
[2026-04-03T03:14:42.850+0600][16.836s][info][gc,phases   ] GC(23) O: Old Generation 750M(100%)->750M(100%) 1.047s
[2026-04-03T03:14:42.850+0600][16.836s][info][gc          ] GC(23) Major Collection (Allocation Stall) 750M(100%)->750M(100%) 1.066s
[2026-04-03T03:14:42.850+0600][16.836s][info][gc          ] Allocation Stall (RemoteBlock-temp-file-clean-thread) 1185.662ms
[2026-04-03T03:14:42.850+0600][16.836s][info][gc          ] Allocation Stall (main) 1065.370ms
[2026-04-03T03:14:42.850+0600][16.836s][info][gc          ] GC(25) Minor Collection (Allocation Stall)
[2026-04-03T03:14:42.850+0600][16.836s][info][gc,task     ] GC(25) Using 3 Workers for Young Generation
[2026-04-03T03:14:42.850+0600][16.836s][info][gc,phases   ] GC(25) y: Young Generation
[2026-04-03T03:14:42.850+0600][16.836s][info][gc,phases   ] GC(25) y: Pause Mark Start 0.018ms
[2026-04-03T03:14:42.856+0600][16.842s][info][gc,phases   ] GC(25) y: Concurrent Mark 5.701ms
[2026-04-03T03:14:42.857+0600][16.843s][info][gc,phases   ] GC(25) y: Pause Mark End 0.022ms
[2026-04-03T03:14:42.857+0600][16.843s][info][gc,phases   ] GC(25) y: Concurrent Mark Free 0.003ms
[2026-04-03T03:14:42.857+0600][16.843s][info][gc,phases   ] GC(25) y: Concurrent Reset Relocation Set 0.001ms
[2026-04-03T03:14:42.858+0600][16.844s][info][gc,reloc    ] GC(25) y: Using tenuring threshold: 1 (Computed)
[2026-04-03T03:14:42.858+0600][16.844s][info][gc,phases   ] GC(25) y: Concurrent Select Relocation Set 1.580ms
[2026-04-03T03:14:42.858+0600][16.844s][info][gc,phases   ] GC(25) y: Pause Relocate Start 0.017ms
[2026-04-03T03:14:42.859+0600][16.845s][info][gc,phases   ] GC(25) y: Concurrent Relocate 0.145ms
[2026-04-03T03:14:42.859+0600][16.845s][info][gc,alloc    ] GC(25) y:                         Mark Start        Mark End      Relocate Start    Relocate End   
[2026-04-03T03:14:42.859+0600][16.845s][info][gc,alloc    ] GC(25) y: Allocation Stalls:          2                2                2                2         
[2026-04-03T03:14:42.859+0600][16.845s][info][gc,load     ] GC(25) y: Load: 5.16 (43%) / 5.77 (48%) / 5.85 (49%)
[2026-04-03T03:14:42.859+0600][16.845s][info][gc,mmu      ] GC(25) y: MMU: 2ms/97.2%, 5ms/98.8%, 10ms/99.1%, 20ms/99.3%, 50ms/99.6%, 100ms/99.7%
[2026-04-03T03:14:42.859+0600][16.845s][info][gc,marking  ] GC(25) y: Mark: 2 stripe(s), 1 proactive flush(es), 1 terminate flush(es), 0 completion(s), 0 continuation(s) 
[2026-04-03T03:14:42.859+0600][16.845s][info][gc,marking  ] GC(25) y: Mark Stack Usage: 32M
[2026-04-03T03:14:42.859+0600][16.845s][info][gc,nmethod  ] GC(25) y: NMethods: 3014 registered, 285 unregistered
[2026-04-03T03:14:42.859+0600][16.845s][info][gc,metaspace] GC(25) y: Metaspace: 47M used, 48M committed, 1088M reserved
[2026-04-03T03:14:42.859+0600][16.845s][info][gc,reloc    ] GC(25) y:                        Candidates     Selected     In-Place         Size        Empty    Relocated 
[2026-04-03T03:14:42.859+0600][16.845s][info][gc,reloc    ] GC(25) y: Small Pages:                    1            0            0           2M           0M           0M 
[2026-04-03T03:14:42.859+0600][16.845s][info][gc,reloc    ] GC(25) y: Medium Pages:                   0            0            0           0M           0M           0M 
[2026-04-03T03:14:42.859+0600][16.845s][info][gc,reloc    ] GC(25) y: Large Pages:                    0            0            0           0M           0M           0M 
[2026-04-03T03:14:42.859+0600][16.845s][info][gc,reloc    ] GC(25) y: Forwarding Usage: 0M
[2026-04-03T03:14:42.859+0600][16.845s][info][gc,reloc    ] GC(25) y: Age Table:
[2026-04-03T03:14:42.859+0600][16.845s][info][gc,reloc    ] GC(25) y:                    Live             Garbage             Small              Medium             Large        
[2026-04-03T03:14:42.859+0600][16.845s][info][gc,reloc    ] GC(25) y: Eden               0M (0%)            1M (0%)           1 / 0              0 / 0              0 / 0        
[2026-04-03T03:14:42.859+0600][16.845s][info][gc,heap     ] GC(25) y: Min Capacity: 8M(1%)
[2026-04-03T03:14:42.859+0600][16.845s][info][gc,heap     ] GC(25) y: Max Capacity: 750M(100%)
[2026-04-03T03:14:42.859+0600][16.845s][info][gc,heap     ] GC(25) y: Soft Max Capacity: 750M(100%)
[2026-04-03T03:14:42.859+0600][16.845s][info][gc,heap     ] GC(25) y: Heap Statistics:
[2026-04-03T03:14:42.859+0600][16.845s][info][gc,heap     ] GC(25) y:                Mark Start          Mark End        Relocate Start      Relocate End           High               Low         
[2026-04-03T03:14:42.859+0600][16.845s][info][gc,heap     ] GC(25) y:  Capacity:      750M (100%)        750M (100%)        750M (100%)        750M (100%)        750M (100%)        750M (100%)   
[2026-04-03T03:14:42.859+0600][16.845s][info][gc,heap     ] GC(25) y:      Free:        0M (0%)            0M (0%)            0M (0%)            0M (0%)            0M (0%)            0M (0%)     
[2026-04-03T03:14:42.859+0600][16.845s][info][gc,heap     ] GC(25) y:      Used:      750M (100%)        750M (100%)        750M (100%)        750M (100%)        750M (100%)        750M (100%)   
[2026-04-03T03:14:42.859+0600][16.845s][info][gc,heap     ] GC(25) y: Young Generation Statistics:
[2026-04-03T03:14:42.859+0600][16.845s][info][gc,heap     ] GC(25) y:                Mark Start          Mark End        Relocate Start      Relocate End    
[2026-04-03T03:14:42.859+0600][16.845s][info][gc,heap     ] GC(25) y:      Used:        2M (0%)            2M (0%)            2M (0%)            2M (0%)     
[2026-04-03T03:14:42.859+0600][16.845s][info][gc,heap     ] GC(25) y:      Live:         -                 0M (0%)            0M (0%)            0M (0%)     
[2026-04-03T03:14:42.859+0600][16.845s][info][gc,heap     ] GC(25) y:   Garbage:         -                 1M (0%)            1M (0%)            1M (0%)     
[2026-04-03T03:14:42.859+0600][16.845s][info][gc,heap     ] GC(25) y: Allocated:         -                 0M (0%)            0M (0%)            0M (0%)     
[2026-04-03T03:14:42.859+0600][16.845s][info][gc,heap     ] GC(25) y: Reclaimed:         -                  -                 0M (0%)            0M (0%)     
[2026-04-03T03:14:42.859+0600][16.845s][info][gc,heap     ] GC(25) y:  Promoted:         -                  -                 0M (0%)            0M (0%)     
[2026-04-03T03:14:42.859+0600][16.845s][info][gc,heap     ] GC(25) y: Compacted:         -                  -                  -                 0M (0%)     
[2026-04-03T03:14:42.859+0600][16.845s][info][gc,phases   ] GC(25) y: Young Generation 750M(100%)->750M(100%) 0.008s
[2026-04-03T03:14:42.859+0600][16.845s][info][gc          ] GC(25) Minor Collection (Allocation Stall) 750M(100%)->750M(100%) 0.009s
[2026-04-03T03:14:42.859+0600][16.845s][info][gc          ] GC(26) Major Collection (Allocation Stall)
[2026-04-03T03:14:42.859+0600][16.845s][info][gc,task     ] GC(26) Using 3 Workers for Young Generation
[2026-04-03T03:14:42.859+0600][16.845s][info][gc,task     ] GC(26) Using 3 Workers for Old Generation
[2026-04-03T03:14:42.859+0600][16.845s][info][gc,phases   ] GC(26) Y: Young Generation (Promote All)
[2026-04-03T03:14:42.859+0600][16.845s][info][gc,phases   ] GC(26) Y: Pause Mark Start 0.014ms
[2026-04-03T03:14:42.865+0600][16.851s][info][gc,phases   ] GC(26) Y: Concurrent Mark 5.230ms
[2026-04-03T03:14:42.865+0600][16.851s][info][gc,phases   ] GC(26) Y: Pause Mark End 0.019ms
[2026-04-03T03:14:42.865+0600][16.851s][info][gc,phases   ] GC(26) Y: Concurrent Mark Free 0.001ms
[2026-04-03T03:14:42.865+0600][16.851s][info][gc,phases   ] GC(26) Y: Concurrent Reset Relocation Set 0.001ms
[2026-04-03T03:14:42.869+0600][16.855s][info][gc,reloc    ] GC(26) Y: Using tenuring threshold: 0 (Promote All)
[2026-04-03T03:14:42.869+0600][16.855s][info][gc,phases   ] GC(26) Y: Concurrent Select Relocation Set 4.445ms
[2026-04-03T03:14:42.869+0600][16.855s][info][gc,phases   ] GC(26) Y: Pause Relocate Start 0.010ms
[2026-04-03T03:14:42.870+0600][16.856s][info][gc,phases   ] GC(26) Y: Concurrent Relocate 0.070ms
[2026-04-03T03:14:42.870+0600][16.856s][info][gc,alloc    ] GC(26) Y:                         Mark Start        Mark End      Relocate Start    Relocate End   
[2026-04-03T03:14:42.870+0600][16.856s][info][gc,alloc    ] GC(26) Y: Allocation Stalls:          2                2                2                2         
[2026-04-03T03:14:42.870+0600][16.856s][info][gc,load     ] GC(26) Y: Load: 5.16 (43%) / 5.77 (48%) / 5.85 (49%)
[2026-04-03T03:14:42.870+0600][16.856s][info][gc,mmu      ] GC(26) Y: MMU: 2ms/97.2%, 5ms/98.8%, 10ms/99.1%, 20ms/99.3%, 50ms/99.6%, 100ms/99.7%
[2026-04-03T03:14:42.870+0600][16.856s][info][gc,marking  ] GC(26) Y: Mark: 2 stripe(s), 1 proactive flush(es), 1 terminate flush(es), 0 completion(s), 0 continuation(s) 
[2026-04-03T03:14:42.870+0600][16.856s][info][gc,marking  ] GC(26) Y: Mark Stack Usage: 32M
[2026-04-03T03:14:42.870+0600][16.856s][info][gc,nmethod  ] GC(26) Y: NMethods: 3014 registered, 285 unregistered
[2026-04-03T03:14:42.870+0600][16.856s][info][gc,metaspace] GC(26) Y: Metaspace: 47M used, 48M committed, 1088M reserved
[2026-04-03T03:14:42.870+0600][16.856s][info][gc,reloc    ] GC(26) Y:                        Candidates     Selected     In-Place         Size        Empty    Relocated 
[2026-04-03T03:14:42.870+0600][16.856s][info][gc,reloc    ] GC(26) Y: Small Pages:                    1            0            0           2M           0M           0M 
[2026-04-03T03:14:42.870+0600][16.856s][info][gc,reloc    ] GC(26) Y: Medium Pages:                   0            0            0           0M           0M           0M 
[2026-04-03T03:14:42.870+0600][16.856s][info][gc,reloc    ] GC(26) Y: Large Pages:                    0            0            0           0M           0M           0M 
[2026-04-03T03:14:42.870+0600][16.856s][info][gc,reloc    ] GC(26) Y: Forwarding Usage: 0M
[2026-04-03T03:14:42.870+0600][16.856s][info][gc,reloc    ] GC(26) Y: Age Table:
[2026-04-03T03:14:42.870+0600][16.856s][info][gc,reloc    ] GC(26) Y:                    Live             Garbage             Small              Medium             Large        
[2026-04-03T03:14:42.870+0600][16.856s][info][gc,reloc    ] GC(26) Y: Eden                -                 0M (0%)           0 / 0              0 / 0              0 / 0        
[2026-04-03T03:14:42.870+0600][16.856s][info][gc,reloc    ] GC(26) Y: Survivor 1         0M (0%)            1M (0%)           1 / 0              0 / 0              0 / 0        
[2026-04-03T03:14:42.870+0600][16.856s][info][gc,heap     ] GC(26) Y: Min Capacity: 8M(1%)
[2026-04-03T03:14:42.870+0600][16.856s][info][gc,heap     ] GC(26) Y: Max Capacity: 750M(100%)
[2026-04-03T03:14:42.870+0600][16.856s][info][gc,heap     ] GC(26) Y: Soft Max Capacity: 750M(100%)
[2026-04-03T03:14:42.870+0600][16.856s][info][gc,heap     ] GC(26) Y: Heap Statistics:
[2026-04-03T03:14:42.870+0600][16.856s][info][gc,heap     ] GC(26) Y:                Mark Start          Mark End        Relocate Start      Relocate End           High               Low         
[2026-04-03T03:14:42.870+0600][16.856s][info][gc,heap     ] GC(26) Y:  Capacity:      750M (100%)        750M (100%)        750M (100%)        750M (100%)        750M (100%)        750M (100%)   
[2026-04-03T03:14:42.870+0600][16.856s][info][gc,heap     ] GC(26) Y:      Free:        0M (0%)            0M (0%)            0M (0%)            0M (0%)            0M (0%)            0M (0%)     
[2026-04-03T03:14:42.870+0600][16.856s][info][gc,heap     ] GC(26) Y:      Used:      750M (100%)        750M (100%)        750M (100%)        750M (100%)        750M (100%)        750M (100%)   
[2026-04-03T03:14:42.870+0600][16.856s][info][gc,heap     ] GC(26) Y: Young Generation Statistics:
[2026-04-03T03:14:42.870+0600][16.856s][info][gc,heap     ] GC(26) Y:                Mark Start          Mark End        Relocate Start      Relocate End    
[2026-04-03T03:14:42.870+0600][16.856s][info][gc,heap     ] GC(26) Y:      Used:        2M (0%)            2M (0%)            0M (0%)            0M (0%)     
[2026-04-03T03:14:42.870+0600][16.856s][info][gc,heap     ] GC(26) Y:      Live:         -                 0M (0%)            0M (0%)            0M (0%)     
[2026-04-03T03:14:42.870+0600][16.856s][info][gc,heap     ] GC(26) Y:   Garbage:         -                 1M (0%)            0M (0%)            0M (0%)     
[2026-04-03T03:14:42.870+0600][16.856s][info][gc,heap     ] GC(26) Y: Allocated:         -                 0M (0%)            0M (0%)            0M (0%)     
[2026-04-03T03:14:42.870+0600][16.856s][info][gc,heap     ] GC(26) Y: Reclaimed:         -                  -                 1M (0%)            1M (0%)     
[2026-04-03T03:14:42.870+0600][16.856s][info][gc,heap     ] GC(26) Y:  Promoted:         -                  -                 0M (0%)            0M (0%)     
[2026-04-03T03:14:42.870+0600][16.856s][info][gc,heap     ] GC(26) Y: Compacted:         -                  -                  -                 0M (0%)     
[2026-04-03T03:14:42.870+0600][16.856s][info][gc,phases   ] GC(26) Y: Young Generation (Promote All) 750M(100%)->750M(100%) 0.010s
[2026-04-03T03:14:42.870+0600][16.856s][info][gc,phases   ] GC(26) Y: Young Generation (Collect Roots)
[2026-04-03T03:14:42.870+0600][16.856s][info][gc,phases   ] GC(26) Y: Pause Mark Start (Major) 0.012ms
[2026-04-03T03:14:42.876+0600][16.862s][info][gc,phases   ] GC(26) Y: Concurrent Mark 5.576ms
[2026-04-03T03:14:42.876+0600][16.862s][info][gc,phases   ] GC(26) Y: Pause Mark End 0.016ms
[2026-04-03T03:14:42.876+0600][16.862s][info][gc,phases   ] GC(26) Y: Concurrent Mark Free 0.204ms
[2026-04-03T03:14:42.876+0600][16.862s][info][gc,phases   ] GC(26) Y: Concurrent Reset Relocation Set 0.005ms
[2026-04-03T03:14:42.880+0600][16.866s][info][gc,reloc    ] GC(26) Y: Using tenuring threshold: 0 (Computed)
[2026-04-03T03:14:42.880+0600][16.866s][info][gc,phases   ] GC(26) Y: Concurrent Select Relocation Set 4.250ms
[2026-04-03T03:14:42.881+0600][16.867s][info][gc,phases   ] GC(26) Y: Pause Relocate Start 0.037ms
[2026-04-03T03:14:42.881+0600][16.867s][info][gc,phases   ] GC(26) Y: Concurrent Relocate 0.112ms
[2026-04-03T03:14:42.881+0600][16.867s][info][gc,alloc    ] GC(26) Y:                         Mark Start        Mark End      Relocate Start    Relocate End   
[2026-04-03T03:14:42.881+0600][16.867s][info][gc,alloc    ] GC(26) Y: Allocation Stalls:          2                2                2                2         
[2026-04-03T03:14:42.881+0600][16.867s][info][gc,load     ] GC(26) Y: Load: 5.16 (43%) / 5.77 (48%) / 5.85 (49%)
[2026-04-03T03:14:42.881+0600][16.867s][info][gc,mmu      ] GC(26) Y: MMU: 2ms/97.2%, 5ms/98.8%, 10ms/99.1%, 20ms/99.3%, 50ms/99.6%, 100ms/99.7%
[2026-04-03T03:14:42.881+0600][16.867s][info][gc,marking  ] GC(26) Y: Mark: 2 stripe(s), 1 proactive flush(es), 1 terminate flush(es), 0 completion(s), 0 continuation(s) 
[2026-04-03T03:14:42.881+0600][16.867s][info][gc,marking  ] GC(26) Y: Mark Stack Usage: 0M
[2026-04-03T03:14:42.881+0600][16.867s][info][gc,nmethod  ] GC(26) Y: NMethods: 3014 registered, 285 unregistered
[2026-04-03T03:14:42.881+0600][16.867s][info][gc,metaspace] GC(26) Y: Metaspace: 47M used, 48M committed, 1088M reserved
[2026-04-03T03:14:42.881+0600][16.867s][info][gc,heap     ] GC(26) Y: Min Capacity: 8M(1%)
[2026-04-03T03:14:42.881+0600][16.867s][info][gc,heap     ] GC(26) Y: Max Capacity: 750M(100%)
[2026-04-03T03:14:42.881+0600][16.867s][info][gc,heap     ] GC(26) Y: Soft Max Capacity: 750M(100%)
[2026-04-03T03:14:42.881+0600][16.867s][info][gc,heap     ] GC(26) Y: Heap Statistics:
[2026-04-03T03:14:42.881+0600][16.867s][info][gc,heap     ] GC(26) Y:                Mark Start          Mark End        Relocate Start      Relocate End           High               Low         
[2026-04-03T03:14:42.881+0600][16.867s][info][gc,heap     ] GC(26) Y:  Capacity:      750M (100%)        750M (100%)        750M (100%)        750M (100%)        750M (100%)        750M (100%)   
[2026-04-03T03:14:42.881+0600][16.867s][info][gc,heap     ] GC(26) Y:      Free:        0M (0%)            0M (0%)            0M (0%)            0M (0%)            0M (0%)            0M (0%)     
[2026-04-03T03:14:42.881+0600][16.867s][info][gc,heap     ] GC(26) Y:      Used:      750M (100%)        750M (100%)        750M (100%)        750M (100%)        750M (100%)        750M (100%)   
[2026-04-03T03:14:42.881+0600][16.867s][info][gc,heap     ] GC(26) Y: Young Generation Statistics:
[2026-04-03T03:14:42.881+0600][16.867s][info][gc,heap     ] GC(26) Y:                Mark Start          Mark End        Relocate Start      Relocate End    
[2026-04-03T03:14:42.881+0600][16.867s][info][gc,heap     ] GC(26) Y:      Used:        0M (0%)            0M (0%)            0M (0%)            0M (0%)     
[2026-04-03T03:14:42.881+0600][16.867s][info][gc,heap     ] GC(26) Y:      Live:         -                 0M (0%)            0M (0%)            0M (0%)     
[2026-04-03T03:14:42.881+0600][16.867s][info][gc,heap     ] GC(26) Y:   Garbage:         -                 0M (0%)            0M (0%)            0M (0%)     
[2026-04-03T03:14:42.881+0600][16.867s][info][gc,heap     ] GC(26) Y: Allocated:         -                 0M (0%)            0M (0%)            0M (0%)     
[2026-04-03T03:14:42.881+0600][16.867s][info][gc,heap     ] GC(26) Y: Reclaimed:         -                  -                 0M (0%)            0M (0%)     
[2026-04-03T03:14:42.881+0600][16.867s][info][gc,heap     ] GC(26) Y:  Promoted:         -                  -                 0M (0%)            0M (0%)     
[2026-04-03T03:14:42.881+0600][16.867s][info][gc,heap     ] GC(26) Y: Compacted:         -                  -                  -                 0M (0%)     
[2026-04-03T03:14:42.881+0600][16.867s][info][gc,phases   ] GC(26) Y: Young Generation (Collect Roots) 750M(100%)->750M(100%) 0.011s
[2026-04-03T03:14:42.881+0600][16.867s][info][gc,phases   ] GC(26) O: Old Generation
[2026-04-03T03:14:42.950+0600][16.936s][info][gc          ] GC(27) Minor Collection (Allocation Stall)
[2026-04-03T03:14:42.950+0600][16.936s][info][gc,task     ] GC(27) Using 3 Workers for Young Generation
[2026-04-03T03:14:42.950+0600][16.936s][info][gc,phases   ] GC(27) y: Young Generation
[2026-04-03T03:14:42.950+0600][16.936s][info][gc,phases   ] GC(27) y: Pause Mark Start 0.027ms
[2026-04-03T03:14:42.956+0600][16.942s][info][gc,phases   ] GC(27) y: Concurrent Mark 5.697ms
[2026-04-03T03:14:42.956+0600][16.942s][info][gc,phases   ] GC(27) y: Pause Mark End 0.021ms
[2026-04-03T03:14:42.956+0600][16.942s][info][gc,phases   ] GC(27) y: Concurrent Mark Free 0.002ms
[2026-04-03T03:14:42.956+0600][16.942s][info][gc,phases   ] GC(27) y: Concurrent Reset Relocation Set 0.001ms
[2026-04-03T03:14:42.960+0600][16.946s][info][gc,reloc    ] GC(27) y: Using tenuring threshold: 0 (Computed)
[2026-04-03T03:14:42.961+0600][16.947s][info][gc,phases   ] GC(27) y: Concurrent Select Relocation Set 4.140ms
[2026-04-03T03:14:42.961+0600][16.947s][info][gc,phases   ] GC(27) y: Pause Relocate Start 0.024ms
[2026-04-03T03:14:42.961+0600][16.947s][info][gc,phases   ] GC(27) y: Concurrent Relocate 0.181ms
[2026-04-03T03:14:42.961+0600][16.947s][info][gc,alloc    ] GC(27) y:                         Mark Start        Mark End      Relocate Start    Relocate End   
[2026-04-03T03:14:42.961+0600][16.947s][info][gc,alloc    ] GC(27) y: Allocation Stalls:          3                3                3                3         
[2026-04-03T03:14:42.961+0600][16.947s][info][gc,load     ] GC(27) y: Load: 5.16 (43%) / 5.77 (48%) / 5.85 (49%)
[2026-04-03T03:14:42.961+0600][16.947s][info][gc,mmu      ] GC(27) y: MMU: 2ms/97.2%, 5ms/98.8%, 10ms/99.1%, 20ms/99.3%, 50ms/99.6%, 100ms/99.7%
[2026-04-03T03:14:42.961+0600][16.947s][info][gc,marking  ] GC(27) y: Mark: 2 stripe(s), 1 proactive flush(es), 1 terminate flush(es), 0 completion(s), 0 continuation(s) 
[2026-04-03T03:14:42.961+0600][16.947s][info][gc,marking  ] GC(27) y: Mark Stack Usage: 0M
[2026-04-03T03:14:42.961+0600][16.947s][info][gc,nmethod  ] GC(27) y: NMethods: 3014 registered, 285 unregistered
[2026-04-03T03:14:42.961+0600][16.947s][info][gc,metaspace] GC(27) y: Metaspace: 47M used, 48M committed, 1088M reserved
[2026-04-03T03:14:42.961+0600][16.947s][info][gc,heap     ] GC(27) y: Min Capacity: 8M(1%)
[2026-04-03T03:14:42.961+0600][16.947s][info][gc,heap     ] GC(27) y: Max Capacity: 750M(100%)
[2026-04-03T03:14:42.961+0600][16.947s][info][gc,heap     ] GC(27) y: Soft Max Capacity: 750M(100%)
[2026-04-03T03:14:42.961+0600][16.947s][info][gc,heap     ] GC(27) y: Heap Statistics:
[2026-04-03T03:14:42.961+0600][16.947s][info][gc,heap     ] GC(27) y:                Mark Start          Mark End        Relocate Start      Relocate End           High               Low         
[2026-04-03T03:14:42.961+0600][16.947s][info][gc,heap     ] GC(27) y:  Capacity:      750M (100%)        750M (100%)        750M (100%)        750M (100%)        750M (100%)        750M (100%)   
[2026-04-03T03:14:42.961+0600][16.947s][info][gc,heap     ] GC(27) y:      Free:        0M (0%)            0M (0%)            0M (0%)            0M (0%)            0M (0%)            0M (0%)     
[2026-04-03T03:14:42.961+0600][16.947s][info][gc,heap     ] GC(27) y:      Used:      750M (100%)        750M (100%)        750M (100%)        750M (100%)        750M (100%)        750M (100%)   
[2026-04-03T03:14:42.961+0600][16.947s][info][gc,heap     ] GC(27) y: Young Generation Statistics:
[2026-04-03T03:14:42.961+0600][16.947s][info][gc,heap     ] GC(27) y:                Mark Start          Mark End        Relocate Start      Relocate End    
[2026-04-03T03:14:42.961+0600][16.947s][info][gc,heap     ] GC(27) y:      Used:        0M (0%)            0M (0%)            0M (0%)            0M (0%)     
[2026-04-03T03:14:42.961+0600][16.947s][info][gc,heap     ] GC(27) y:      Live:         -                 0M (0%)            0M (0%)            0M (0%)     
[2026-04-03T03:14:42.961+0600][16.947s][info][gc,heap     ] GC(27) y:   Garbage:         -                 0M (0%)            0M (0%)            0M (0%)     
[2026-04-03T03:14:42.961+0600][16.947s][info][gc,heap     ] GC(27) y: Allocated:         -                 0M (0%)            0M (0%)            0M (0%)     
[2026-04-03T03:14:42.961+0600][16.947s][info][gc,heap     ] GC(27) y: Reclaimed:         -                  -                 0M (0%)            0M (0%)     
[2026-04-03T03:14:42.961+0600][16.947s][info][gc,heap     ] GC(27) y:  Promoted:         -                  -                 0M (0%)            0M (0%)     
[2026-04-03T03:14:42.961+0600][16.947s][info][gc,heap     ] GC(27) y: Compacted:         -                  -                  -                 0M (0%)     
[2026-04-03T03:14:42.961+0600][16.947s][info][gc,phases   ] GC(27) y: Young Generation 750M(100%)->750M(100%) 0.011s
[2026-04-03T03:14:42.961+0600][16.947s][info][gc          ] GC(27) Minor Collection (Allocation Stall) 750M(100%)->750M(100%) 0.011s
[2026-04-03T03:14:43.914+0600][17.900s][info][gc,phases   ] GC(26) O: Concurrent Mark 1032.846ms
[2026-04-03T03:14:43.914+0600][17.900s][info][gc,phases   ] GC(26) O: Pause Mark End 0.023ms
[2026-04-03T03:14:43.914+0600][17.900s][info][gc,phases   ] GC(26) O: Concurrent Mark Free 0.001ms
[2026-04-03T03:14:43.914+0600][17.900s][info][gc,ref      ] GC(26) O: Clearing All SoftReferences
[2026-04-03T03:14:43.917+0600][17.903s][info][gc,phases   ] GC(26) O: Concurrent Process Non-Strong 2.955ms
[2026-04-03T03:14:43.917+0600][17.903s][info][gc,phases   ] GC(26) O: Concurrent Reset Relocation Set 0.001ms
[2026-04-03T03:14:43.919+0600][17.905s][info][gc,phases   ] GC(26) O: Concurrent Select Relocation Set 1.608ms
[2026-04-03T03:14:43.919+0600][17.905s][info][gc,task     ] GC(26) O: Using 3 Workers for Old Generation
[2026-04-03T03:14:43.933+0600][17.919s][info][gc,task     ] GC(26) O: Using 3 Workers for Old Generation
[2026-04-03T03:14:43.933+0600][17.919s][info][gc,phases   ] GC(26) O: Concurrent Remap Roots 14.564ms
[2026-04-03T03:14:43.934+0600][17.920s][info][gc,phases   ] GC(26) O: Pause Relocate Start 0.015ms
[2026-04-03T03:14:43.934+0600][17.920s][info][gc          ] Allocation Stall (RemoteBlock-temp-file-clean-thread) 1084.267ms
[2026-04-03T03:14:43.935+0600][17.921s][info][gc          ] GC(28) Minor Collection (Allocation Stall)
[2026-04-03T03:14:43.935+0600][17.921s][info][gc,task     ] GC(28) Using 3 Workers for Young Generation
[2026-04-03T03:14:43.935+0600][17.921s][info][gc,phases   ] GC(28) y: Young Generation
[2026-04-03T03:14:43.935+0600][17.921s][info][gc,phases   ] GC(28) y: Pause Mark Start 0.020ms
[2026-04-03T03:14:43.935+0600][17.921s][info][gc,phases   ] GC(26) O: Concurrent Relocate 1.699ms
[2026-04-03T03:14:43.941+0600][17.927s][info][gc,phases   ] GC(28) y: Concurrent Mark 5.547ms
[2026-04-03T03:14:43.941+0600][17.927s][info][gc,phases   ] GC(28) y: Pause Mark End 0.017ms
[2026-04-03T03:14:43.941+0600][17.927s][info][gc,phases   ] GC(28) y: Concurrent Mark Free 0.001ms
[2026-04-03T03:14:43.941+0600][17.927s][info][gc,phases   ] GC(28) y: Concurrent Reset Relocation Set 0.000ms
[2026-04-03T03:14:43.943+0600][17.929s][info][gc,reloc    ] GC(28) y: Using tenuring threshold: 0 (Computed)
[2026-04-03T03:14:43.943+0600][17.929s][info][gc          ] Allocation Stall (main) 1092.662ms
[2026-04-03T03:14:43.943+0600][17.929s][info][gc,phases   ] GC(28) y: Concurrent Select Relocation Set 2.041ms
[2026-04-03T03:14:43.943+0600][17.929s][info][gc,phases   ] GC(28) y: Pause Relocate Start 0.012ms
[2026-04-03T03:14:43.944+0600][17.930s][info][gc,phases   ] GC(28) y: Concurrent Relocate 0.160ms
[2026-04-03T03:14:43.944+0600][17.930s][info][gc,alloc    ] GC(28) y:                         Mark Start        Mark End      Relocate Start    Relocate End   
[2026-04-03T03:14:43.944+0600][17.930s][info][gc,alloc    ] GC(28) y: Allocation Stalls:          3                3                2                2         
[2026-04-03T03:14:43.944+0600][17.930s][info][gc,load     ] GC(28) y: Load: 5.16 (43%) / 5.77 (48%) / 5.85 (49%)
[2026-04-03T03:14:43.944+0600][17.930s][info][gc,mmu      ] GC(28) y: MMU: 2ms/97.2%, 5ms/98.8%, 10ms/99.1%, 20ms/99.3%, 50ms/99.6%, 100ms/99.7%
[2026-04-03T03:14:43.944+0600][17.930s][info][gc,marking  ] GC(28) y: Mark: 2 stripe(s), 1 proactive flush(es), 1 terminate flush(es), 0 completion(s), 0 continuation(s) 
[2026-04-03T03:14:43.944+0600][17.930s][info][gc,marking  ] GC(28) y: Mark Stack Usage: 0M
[2026-04-03T03:14:43.944+0600][17.930s][info][gc,nmethod  ] GC(28) y: NMethods: 3014 registered, 285 unregistered
[2026-04-03T03:14:43.944+0600][17.930s][info][gc,metaspace] GC(28) y: Metaspace: 47M used, 48M committed, 1088M reserved
[2026-04-03T03:14:43.944+0600][17.930s][info][gc,reloc    ] GC(28) y:                        Candidates     Selected     In-Place         Size        Empty    Relocated 
[2026-04-03T03:14:43.944+0600][17.930s][info][gc,reloc    ] GC(28) y: Small Pages:                    1            0            0           2M           2M           0M 
[2026-04-03T03:14:43.944+0600][17.930s][info][gc,reloc    ] GC(28) y: Medium Pages:                   0            0            0           0M           0M           0M 
[2026-04-03T03:14:43.944+0600][17.930s][info][gc,reloc    ] GC(28) y: Large Pages:                    0            0            0           0M           0M           0M 
[2026-04-03T03:14:43.944+0600][17.930s][info][gc,reloc    ] GC(28) y: Forwarding Usage: 0M
[2026-04-03T03:14:43.944+0600][17.930s][info][gc,reloc    ] GC(28) y: Age Table:
[2026-04-03T03:14:43.944+0600][17.930s][info][gc,reloc    ] GC(28) y:                    Live             Garbage             Small              Medium             Large        
[2026-04-03T03:14:43.944+0600][17.930s][info][gc,reloc    ] GC(28) y: Eden                -                 2M (0%)           1 / 0              0 / 0              0 / 0        
[2026-04-03T03:14:43.944+0600][17.930s][info][gc,heap     ] GC(28) y: Min Capacity: 8M(1%)
[2026-04-03T03:14:43.944+0600][17.930s][info][gc,heap     ] GC(28) y: Max Capacity: 750M(100%)
[2026-04-03T03:14:43.944+0600][17.930s][info][gc,heap     ] GC(28) y: Soft Max Capacity: 750M(100%)
[2026-04-03T03:14:43.944+0600][17.930s][info][gc,heap     ] GC(28) y: Heap Statistics:
[2026-04-03T03:14:43.944+0600][17.930s][info][gc,heap     ] GC(28) y:                Mark Start          Mark End        Relocate Start      Relocate End           High               Low         
[2026-04-03T03:14:43.944+0600][17.930s][info][gc,heap     ] GC(28) y:  Capacity:      750M (100%)        750M (100%)        750M (100%)        750M (100%)        750M (100%)        750M (100%)   
[2026-04-03T03:14:43.944+0600][17.930s][info][gc,heap     ] GC(28) y:      Free:        0M (0%)            0M (0%)            0M (0%)            0M (0%)            2M (0%)            0M (0%)     
[2026-04-03T03:14:43.944+0600][17.930s][info][gc,heap     ] GC(28) y:      Used:      750M (100%)        750M (100%)        750M (100%)        750M (100%)        750M (100%)        748M (100%)   
[2026-04-03T03:14:43.944+0600][17.930s][info][gc,heap     ] GC(28) y: Young Generation Statistics:
[2026-04-03T03:14:43.944+0600][17.930s][info][gc,heap     ] GC(28) y:                Mark Start          Mark End        Relocate Start      Relocate End    
[2026-04-03T03:14:43.944+0600][17.930s][info][gc,heap     ] GC(28) y:      Used:        2M (0%)            2M (0%)            2M (0%)            2M (0%)     
[2026-04-03T03:14:43.944+0600][17.930s][info][gc,heap     ] GC(28) y:      Live:         -                 0M (0%)            0M (0%)            0M (0%)     
[2026-04-03T03:14:43.944+0600][17.930s][info][gc,heap     ] GC(28) y:   Garbage:         -                 2M (0%)            0M (0%)            0M (0%)     
[2026-04-03T03:14:43.944+0600][17.930s][info][gc,heap     ] GC(28) y: Allocated:         -                 0M (0%)            2M (0%)            2M (0%)     
[2026-04-03T03:14:43.944+0600][17.930s][info][gc,heap     ] GC(28) y: Reclaimed:         -                  -                 2M (0%)            2M (0%)     
[2026-04-03T03:14:43.944+0600][17.930s][info][gc,heap     ] GC(28) y:  Promoted:         -                  -                 0M (0%)            0M (0%)     
[2026-04-03T03:14:43.944+0600][17.930s][info][gc,heap     ] GC(28) y: Compacted:         -                  -                  -                 0M (0%)     
[2026-04-03T03:14:43.944+0600][17.930s][info][gc,phases   ] GC(28) y: Young Generation 750M(100%)->750M(100%) 0.009s
[2026-04-03T03:14:43.944+0600][17.930s][info][gc          ] GC(28) Minor Collection (Allocation Stall) 750M(100%)->750M(100%) 0.009s
[2026-04-03T03:14:43.944+0600][17.930s][info][gc,alloc    ] GC(26) O:                         Mark Start        Mark End      Relocate Start    Relocate End   
[2026-04-03T03:14:43.944+0600][17.930s][info][gc,alloc    ] GC(26) O: Allocation Stalls:          2                3                3                3         
[2026-04-03T03:14:43.944+0600][17.930s][info][gc,load     ] GC(26) O: Load: 5.16 (43%) / 5.77 (48%) / 5.85 (49%)
[2026-04-03T03:14:43.944+0600][17.930s][info][gc,mmu      ] GC(26) O: MMU: 2ms/97.2%, 5ms/98.8%, 10ms/99.1%, 20ms/99.3%, 50ms/99.6%, 100ms/99.7%
[2026-04-03T03:14:43.944+0600][17.930s][info][gc,marking  ] GC(26) O: Mark: 2 stripe(s), 10 proactive flush(es), 1 terminate flush(es), 0 completion(s), 0 continuation(s) 
[2026-04-03T03:14:43.944+0600][17.930s][info][gc,marking  ] GC(26) O: Mark Stack Usage: 32M
[2026-04-03T03:14:43.944+0600][17.930s][info][gc,nmethod  ] GC(26) O: NMethods: 3014 registered, 285 unregistered
[2026-04-03T03:14:43.944+0600][17.930s][info][gc,metaspace] GC(26) O: Metaspace: 47M used, 48M committed, 1088M reserved
[2026-04-03T03:14:43.944+0600][17.930s][info][gc,ref      ] GC(26) O:                       Encountered   Discovered     Enqueued 
[2026-04-03T03:14:43.944+0600][17.930s][info][gc,ref      ] GC(26) O: Soft References:             2423          154            0 
[2026-04-03T03:14:43.944+0600][17.930s][info][gc,ref      ] GC(26) O: Weak References:             2641         1181            0 
[2026-04-03T03:14:43.944+0600][17.930s][info][gc,ref      ] GC(26) O: Final References:              82            0            0 
[2026-04-03T03:14:43.944+0600][17.930s][info][gc,ref      ] GC(26) O: Phantom References:           585          412            0 
[2026-04-03T03:14:43.944+0600][17.930s][info][gc,reloc    ] GC(26) O:                        Candidates     Selected     In-Place         Size        Empty    Relocated 
[2026-04-03T03:14:43.944+0600][17.930s][info][gc,reloc    ] GC(26) O: Small Pages:                  365            3            3         730M           0M           0M 
[2026-04-03T03:14:43.944+0600][17.930s][info][gc,reloc    ] GC(26) O: Medium Pages:                   1            0            0          16M           0M           0M 
[2026-04-03T03:14:43.944+0600][17.930s][info][gc,reloc    ] GC(26) O: Large Pages:                    1            0            0           4M           0M           0M 
[2026-04-03T03:14:43.944+0600][17.930s][info][gc,reloc    ] GC(26) O: Forwarding Usage: 0M
[2026-04-03T03:14:43.944+0600][17.930s][info][gc,heap     ] GC(26) O: Min Capacity: 8M(1%)
[2026-04-03T03:14:43.944+0600][17.930s][info][gc,heap     ] GC(26) O: Max Capacity: 750M(100%)
[2026-04-03T03:14:43.944+0600][17.930s][info][gc,heap     ] GC(26) O: Soft Max Capacity: 750M(100%)
[2026-04-03T03:14:43.944+0600][17.930s][info][gc,heap     ] GC(26) O: Heap Statistics:
[2026-04-03T03:14:43.944+0600][17.930s][info][gc,heap     ] GC(26) O:                Mark Start          Mark End        Relocate Start      Relocate End           High               Low         
[2026-04-03T03:14:43.944+0600][17.930s][info][gc,heap     ] GC(26) O:  Capacity:      750M (100%)        750M (100%)        750M (100%)        750M (100%)        750M (100%)        750M (100%)   
[2026-04-03T03:14:43.944+0600][17.930s][info][gc,heap     ] GC(26) O:      Free:        0M (0%)            0M (0%)            0M (0%)            0M (0%)            2M (0%)            0M (0%)     
[2026-04-03T03:14:43.944+0600][17.930s][info][gc,heap     ] GC(26) O:      Used:      750M (100%)        750M (100%)        750M (100%)        750M (100%)        750M (100%)        748M (100%)   
[2026-04-03T03:14:43.944+0600][17.930s][info][gc,heap     ] GC(26) O: Old Generation Statistics:
[2026-04-03T03:14:43.944+0600][17.930s][info][gc,heap     ] GC(26) O:                Mark Start          Mark End        Relocate Start      Relocate End    
[2026-04-03T03:14:43.944+0600][17.930s][info][gc,heap     ] GC(26) O:      Used:      750M (100%)        750M (100%)        750M (100%)        748M (100%)   
[2026-04-03T03:14:43.944+0600][17.930s][info][gc,heap     ] GC(26) O:      Live:         -               717M (96%)         717M (96%)         717M (96%)    
[2026-04-03T03:14:43.944+0600][17.930s][info][gc,heap     ] GC(26) O:   Garbage:         -                32M (4%)           32M (4%)           25M (3%)     
[2026-04-03T03:14:43.944+0600][17.930s][info][gc,heap     ] GC(26) O: Allocated:         -                 0M (0%)            0M (0%)            5M (1%)     
[2026-04-03T03:14:43.944+0600][17.930s][info][gc,heap     ] GC(26) O: Reclaimed:         -                  -                 0M (0%)            7M (1%)     
[2026-04-03T03:14:43.944+0600][17.930s][info][gc,heap     ] GC(26) O: Compacted:         -                  -                  -                 0M (0%)     
[2026-04-03T03:14:43.944+0600][17.930s][info][gc,phases   ] GC(26) O: Old Generation 750M(100%)->750M(100%) 1.063s
[2026-04-03T03:14:43.944+0600][17.930s][info][gc          ] GC(26) Major Collection (Allocation Stall) 750M(100%)->750M(100%) 1.085s
[2026-04-03T03:14:43.944+0600][17.930s][info][gc          ] GC(29) Major Collection (Allocation Stall)
[2026-04-03T03:14:43.944+0600][17.930s][info][gc,task     ] GC(29) Using 3 Workers for Young Generation
[2026-04-03T03:14:43.944+0600][17.930s][info][gc,task     ] GC(29) Using 3 Workers for Old Generation
[2026-04-03T03:14:43.944+0600][17.930s][info][gc,phases   ] GC(29) Y: Young Generation (Promote All)
[2026-04-03T03:14:43.945+0600][17.931s][info][gc,phases   ] GC(29) Y: Pause Mark Start 0.016ms
[2026-04-03T03:14:43.950+0600][17.936s][info][gc,phases   ] GC(29) Y: Concurrent Mark 5.431ms
[2026-04-03T03:14:43.950+0600][17.936s][info][gc,phases   ] GC(29) Y: Pause Mark End 0.029ms
[2026-04-03T03:14:43.950+0600][17.936s][info][gc,phases   ] GC(29) Y: Concurrent Mark Free 0.002ms
[2026-04-03T03:14:43.950+0600][17.936s][info][gc,phases   ] GC(29) Y: Concurrent Reset Relocation Set 0.000ms
[2026-04-03T03:14:43.952+0600][17.938s][info][gc,reloc    ] GC(29) Y: Using tenuring threshold: 0 (Promote All)
[2026-04-03T03:14:43.952+0600][17.938s][info][gc,phases   ] GC(29) Y: Concurrent Select Relocation Set 1.744ms
[2026-04-03T03:14:43.952+0600][17.938s][info][gc,phases   ] GC(29) Y: Pause Relocate Start 0.008ms
[2026-04-03T03:14:43.953+0600][17.939s][info][gc,phases   ] GC(29) Y: Concurrent Relocate 0.564ms
[2026-04-03T03:14:43.953+0600][17.939s][info][gc,alloc    ] GC(29) Y:                         Mark Start        Mark End      Relocate Start    Relocate End   
[2026-04-03T03:14:43.953+0600][17.939s][info][gc,alloc    ] GC(29) Y: Allocation Stalls:          2                3                3                3         
[2026-04-03T03:14:43.953+0600][17.939s][info][gc,load     ] GC(29) Y: Load: 5.16 (43%) / 5.77 (48%) / 5.85 (49%)
[2026-04-03T03:14:43.953+0600][17.939s][info][gc,mmu      ] GC(29) Y: MMU: 2ms/97.2%, 5ms/98.8%, 10ms/99.1%, 20ms/99.3%, 50ms/99.6%, 100ms/99.7%
[2026-04-03T03:14:43.953+0600][17.939s][info][gc,marking  ] GC(29) Y: Mark: 2 stripe(s), 3 proactive flush(es), 1 terminate flush(es), 0 completion(s), 0 continuation(s) 
[2026-04-03T03:14:43.953+0600][17.939s][info][gc,marking  ] GC(29) Y: Mark Stack Usage: 32M
[2026-04-03T03:14:43.953+0600][17.939s][info][gc,nmethod  ] GC(29) Y: NMethods: 3014 registered, 285 unregistered
[2026-04-03T03:14:43.953+0600][17.939s][info][gc,metaspace] GC(29) Y: Metaspace: 47M used, 48M committed, 1088M reserved
[2026-04-03T03:14:43.953+0600][17.939s][info][gc,reloc    ] GC(29) Y:                        Candidates     Selected     In-Place         Size        Empty    Relocated 
[2026-04-03T03:14:43.953+0600][17.939s][info][gc,reloc    ] GC(29) Y: Small Pages:                    1            0            0           2M           0M           0M 
[2026-04-03T03:14:43.953+0600][17.939s][info][gc,reloc    ] GC(29) Y: Medium Pages:                   0            0            0           0M           0M           0M 
[2026-04-03T03:14:43.953+0600][17.939s][info][gc,reloc    ] GC(29) Y: Large Pages:                    0            0            0           0M           0M           0M 
[2026-04-03T03:14:43.953+0600][17.939s][info][gc,reloc    ] GC(29) Y: Forwarding Usage: 0M
[2026-04-03T03:14:43.953+0600][17.939s][info][gc,reloc    ] GC(29) Y: Age Table:
[2026-04-03T03:14:43.953+0600][17.939s][info][gc,reloc    ] GC(29) Y:                    Live             Garbage             Small              Medium             Large        
[2026-04-03T03:14:43.953+0600][17.939s][info][gc,reloc    ] GC(29) Y: Eden               0M (0%)            1M (0%)           1 / 0              0 / 0              0 / 0        
[2026-04-03T03:14:43.953+0600][17.939s][info][gc,heap     ] GC(29) Y: Min Capacity: 8M(1%)
[2026-04-03T03:14:43.953+0600][17.939s][info][gc,heap     ] GC(29) Y: Max Capacity: 750M(100%)
[2026-04-03T03:14:43.953+0600][17.939s][info][gc,heap     ] GC(29) Y: Soft Max Capacity: 750M(100%)
[2026-04-03T03:14:43.953+0600][17.939s][info][gc,heap     ] GC(29) Y: Heap Statistics:
[2026-04-03T03:14:43.953+0600][17.939s][info][gc,heap     ] GC(29) Y:                Mark Start          Mark End        Relocate Start      Relocate End           High               Low         
[2026-04-03T03:14:43.953+0600][17.939s][info][gc,heap     ] GC(29) Y:  Capacity:      750M (100%)        750M (100%)        750M (100%)        750M (100%)        750M (100%)        750M (100%)   
[2026-04-03T03:14:43.953+0600][17.939s][info][gc,heap     ] GC(29) Y:      Free:        0M (0%)            0M (0%)            0M (0%)            0M (0%)            0M (0%)            0M (0%)     
[2026-04-03T03:14:43.953+0600][17.939s][info][gc,heap     ] GC(29) Y:      Used:      750M (100%)        750M (100%)        750M (100%)        750M (100%)        750M (100%)        750M (100%)   
[2026-04-03T03:14:43.953+0600][17.939s][info][gc,heap     ] GC(29) Y: Young Generation Statistics:
[2026-04-03T03:14:43.953+0600][17.939s][info][gc,heap     ] GC(29) Y:                Mark Start          Mark End        Relocate Start      Relocate End    
[2026-04-03T03:14:43.953+0600][17.939s][info][gc,heap     ] GC(29) Y:      Used:        2M (0%)            2M (0%)            0M (0%)            0M (0%)     
[2026-04-03T03:14:43.953+0600][17.939s][info][gc,heap     ] GC(29) Y:      Live:         -                 0M (0%)            0M (0%)            0M (0%)     
[2026-04-03T03:14:43.953+0600][17.939s][info][gc,heap     ] GC(29) Y:   Garbage:         -                 1M (0%)            0M (0%)            0M (0%)     
[2026-04-03T03:14:43.953+0600][17.939s][info][gc,heap     ] GC(29) Y: Allocated:         -                 0M (0%)            0M (0%)            0M (0%)     
[2026-04-03T03:14:43.953+0600][17.939s][info][gc,heap     ] GC(29) Y: Reclaimed:         -                  -                 1M (0%)            1M (0%)     
[2026-04-03T03:14:43.953+0600][17.939s][info][gc,heap     ] GC(29) Y:  Promoted:         -                  -                 0M (0%)            0M (0%)     
[2026-04-03T03:14:43.953+0600][17.939s][info][gc,heap     ] GC(29) Y: Compacted:         -                  -                  -                 0M (0%)     
[2026-04-03T03:14:43.953+0600][17.939s][info][gc,phases   ] GC(29) Y: Young Generation (Promote All) 750M(100%)->750M(100%) 0.008s
[2026-04-03T03:14:43.953+0600][17.939s][info][gc,phases   ] GC(29) Y: Young Generation (Collect Roots)
[2026-04-03T03:14:43.953+0600][17.939s][info][gc,phases   ] GC(29) Y: Pause Mark Start (Major) 0.009ms
[2026-04-03T03:14:43.958+0600][17.944s][info][gc,phases   ] GC(29) Y: Concurrent Mark 4.463ms
[2026-04-03T03:14:43.958+0600][17.944s][info][gc,phases   ] GC(29) Y: Pause Mark End 0.011ms
[2026-04-03T03:14:43.958+0600][17.944s][info][gc,phases   ] GC(29) Y: Concurrent Mark Free 0.165ms
[2026-04-03T03:14:43.958+0600][17.944s][info][gc,phases   ] GC(29) Y: Concurrent Reset Relocation Set 0.003ms
[2026-04-03T03:14:43.959+0600][17.945s][info][gc,reloc    ] GC(29) Y: Using tenuring threshold: 0 (Computed)
[2026-04-03T03:14:43.959+0600][17.945s][info][gc,phases   ] GC(29) Y: Concurrent Select Relocation Set 1.435ms
[2026-04-03T03:14:43.959+0600][17.946s][info][gc,phases   ] GC(29) Y: Pause Relocate Start 0.021ms
[2026-04-03T03:14:43.960+0600][17.946s][info][gc,phases   ] GC(29) Y: Concurrent Relocate 0.070ms
[2026-04-03T03:14:43.960+0600][17.946s][info][gc,alloc    ] GC(29) Y:                         Mark Start        Mark End      Relocate Start    Relocate End   
[2026-04-03T03:14:43.960+0600][17.946s][info][gc,alloc    ] GC(29) Y: Allocation Stalls:          3                3                3                3         
[2026-04-03T03:14:43.960+0600][17.946s][info][gc,load     ] GC(29) Y: Load: 5.16 (43%) / 5.77 (48%) / 5.85 (49%)
[2026-04-03T03:14:43.960+0600][17.946s][info][gc,mmu      ] GC(29) Y: MMU: 2ms/97.2%, 5ms/98.8%, 10ms/99.1%, 20ms/99.3%, 50ms/99.6%, 100ms/99.7%
[2026-04-03T03:14:43.960+0600][17.946s][info][gc,marking  ] GC(29) Y: Mark: 2 stripe(s), 1 proactive flush(es), 1 terminate flush(es), 0 completion(s), 0 continuation(s) 
[2026-04-03T03:14:43.960+0600][17.946s][info][gc,marking  ] GC(29) Y: Mark Stack Usage: 0M
[2026-04-03T03:14:43.960+0600][17.946s][info][gc,nmethod  ] GC(29) Y: NMethods: 3014 registered, 285 unregistered
[2026-04-03T03:14:43.960+0600][17.946s][info][gc,metaspace] GC(29) Y: Metaspace: 47M used, 48M committed, 1088M reserved
[2026-04-03T03:14:43.960+0600][17.946s][info][gc,heap     ] GC(29) Y: Min Capacity: 8M(1%)
[2026-04-03T03:14:43.960+0600][17.946s][info][gc,heap     ] GC(29) Y: Max Capacity: 750M(100%)
[2026-04-03T03:14:43.960+0600][17.946s][info][gc,heap     ] GC(29) Y: Soft Max Capacity: 750M(100%)
[2026-04-03T03:14:43.960+0600][17.946s][info][gc,heap     ] GC(29) Y: Heap Statistics:
[2026-04-03T03:14:43.960+0600][17.946s][info][gc,heap     ] GC(29) Y:                Mark Start          Mark End        Relocate Start      Relocate End           High               Low         
[2026-04-03T03:14:43.960+0600][17.946s][info][gc,heap     ] GC(29) Y:  Capacity:      750M (100%)        750M (100%)        750M (100%)        750M (100%)        750M (100%)        750M (100%)   
[2026-04-03T03:14:43.960+0600][17.946s][info][gc,heap     ] GC(29) Y:      Free:        0M (0%)            0M (0%)            0M (0%)            0M (0%)            0M (0%)            0M (0%)     
[2026-04-03T03:14:43.960+0600][17.946s][info][gc,heap     ] GC(29) Y:      Used:      750M (100%)        750M (100%)        750M (100%)        750M (100%)        750M (100%)        750M (100%)   
[2026-04-03T03:14:43.960+0600][17.946s][info][gc,heap     ] GC(29) Y: Young Generation Statistics:
[2026-04-03T03:14:43.960+0600][17.946s][info][gc,heap     ] GC(29) Y:                Mark Start          Mark End        Relocate Start      Relocate End    
[2026-04-03T03:14:43.960+0600][17.946s][info][gc,heap     ] GC(29) Y:      Used:        0M (0%)            0M (0%)            0M (0%)            0M (0%)     
[2026-04-03T03:14:43.960+0600][17.946s][info][gc,heap     ] GC(29) Y:      Live:         -                 0M (0%)            0M (0%)            0M (0%)     
[2026-04-03T03:14:43.960+0600][17.946s][info][gc,heap     ] GC(29) Y:   Garbage:         -                 0M (0%)            0M (0%)            0M (0%)     
[2026-04-03T03:14:43.960+0600][17.946s][info][gc,heap     ] GC(29) Y: Allocated:         -                 0M (0%)            0M (0%)            0M (0%)     
[2026-04-03T03:14:43.960+0600][17.946s][info][gc,heap     ] GC(29) Y: Reclaimed:         -                  -                 0M (0%)            0M (0%)     
[2026-04-03T03:14:43.960+0600][17.946s][info][gc,heap     ] GC(29) Y:  Promoted:         -                  -                 0M (0%)            0M (0%)     
[2026-04-03T03:14:43.960+0600][17.946s][info][gc,heap     ] GC(29) Y: Compacted:         -                  -                  -                 0M (0%)     
[2026-04-03T03:14:43.960+0600][17.946s][info][gc,phases   ] GC(29) Y: Young Generation (Collect Roots) 750M(100%)->750M(100%) 0.007s
[2026-04-03T03:14:43.960+0600][17.946s][info][gc,phases   ] GC(29) O: Old Generation
[2026-04-03T03:14:43.960+0600][17.946s][info][gc          ] GC(30) Minor Collection (Allocation Stall)
[2026-04-03T03:14:43.960+0600][17.946s][info][gc,task     ] GC(30) Using 3 Workers for Young Generation
[2026-04-03T03:14:43.960+0600][17.946s][info][gc,phases   ] GC(30) y: Young Generation
[2026-04-03T03:14:43.960+0600][17.946s][info][gc,phases   ] GC(30) y: Pause Mark Start 0.014ms
[2026-04-03T03:14:43.963+0600][17.950s][info][gc,phases   ] GC(30) y: Concurrent Mark 3.160ms
[2026-04-03T03:14:43.964+0600][17.950s][info][gc,phases   ] GC(30) y: Pause Mark End 0.026ms
[2026-04-03T03:14:43.964+0600][17.950s][info][gc,phases   ] GC(30) y: Concurrent Mark Free 0.003ms
[2026-04-03T03:14:43.964+0600][17.950s][info][gc,phases   ] GC(30) y: Concurrent Reset Relocation Set 0.000ms
[2026-04-03T03:14:43.966+0600][17.952s][info][gc,reloc    ] GC(30) y: Using tenuring threshold: 0 (Computed)
[2026-04-03T03:14:43.966+0600][17.953s][info][gc,phases   ] GC(30) y: Concurrent Select Relocation Set 2.641ms
[2026-04-03T03:14:43.967+0600][17.953s][info][gc,phases   ] GC(30) y: Pause Relocate Start 0.010ms
[2026-04-03T03:14:43.967+0600][17.953s][info][gc,phases   ] GC(30) y: Concurrent Relocate 0.078ms
[2026-04-03T03:14:43.967+0600][17.953s][info][gc,alloc    ] GC(30) y:                         Mark Start        Mark End      Relocate Start    Relocate End   
[2026-04-03T03:14:43.967+0600][17.953s][info][gc,alloc    ] GC(30) y: Allocation Stalls:          3                3                3                3         
[2026-04-03T03:14:43.967+0600][17.953s][info][gc,load     ] GC(30) y: Load: 5.16 (43%) / 5.77 (48%) / 5.85 (49%)
[2026-04-03T03:14:43.967+0600][17.953s][info][gc,mmu      ] GC(30) y: MMU: 2ms/97.2%, 5ms/98.8%, 10ms/99.1%, 20ms/99.3%, 50ms/99.6%, 100ms/99.7%
[2026-04-03T03:14:43.967+0600][17.953s][info][gc,marking  ] GC(30) y: Mark: 2 stripe(s), 1 proactive flush(es), 1 terminate flush(es), 0 completion(s), 0 continuation(s) 
[2026-04-03T03:14:43.967+0600][17.953s][info][gc,marking  ] GC(30) y: Mark Stack Usage: 0M
[2026-04-03T03:14:43.967+0600][17.953s][info][gc,nmethod  ] GC(30) y: NMethods: 3014 registered, 285 unregistered
[2026-04-03T03:14:43.967+0600][17.953s][info][gc,metaspace] GC(30) y: Metaspace: 47M used, 48M committed, 1088M reserved
[2026-04-03T03:14:43.967+0600][17.953s][info][gc,heap     ] GC(30) y: Min Capacity: 8M(1%)
[2026-04-03T03:14:43.967+0600][17.953s][info][gc,heap     ] GC(30) y: Max Capacity: 750M(100%)
[2026-04-03T03:14:43.967+0600][17.953s][info][gc,heap     ] GC(30) y: Soft Max Capacity: 750M(100%)
[2026-04-03T03:14:43.967+0600][17.953s][info][gc,heap     ] GC(30) y: Heap Statistics:
[2026-04-03T03:14:43.967+0600][17.953s][info][gc,heap     ] GC(30) y:                Mark Start          Mark End        Relocate Start      Relocate End           High               Low         
[2026-04-03T03:14:43.967+0600][17.953s][info][gc,heap     ] GC(30) y:  Capacity:      750M (100%)        750M (100%)        750M (100%)        750M (100%)        750M (100%)        750M (100%)   
[2026-04-03T03:14:43.967+0600][17.953s][info][gc,heap     ] GC(30) y:      Free:        0M (0%)            0M (0%)            0M (0%)            0M (0%)            0M (0%)            0M (0%)     
[2026-04-03T03:14:43.967+0600][17.953s][info][gc,heap     ] GC(30) y:      Used:      750M (100%)        750M (100%)        750M (100%)        750M (100%)        750M (100%)        750M (100%)   
[2026-04-03T03:14:43.967+0600][17.953s][info][gc,heap     ] GC(30) y: Young Generation Statistics:
[2026-04-03T03:14:43.967+0600][17.953s][info][gc,heap     ] GC(30) y:                Mark Start          Mark End        Relocate Start      Relocate End    
[2026-04-03T03:14:43.967+0600][17.953s][info][gc,heap     ] GC(30) y:      Used:        0M (0%)            0M (0%)            0M (0%)            0M (0%)     
[2026-04-03T03:14:43.967+0600][17.953s][info][gc,heap     ] GC(30) y:      Live:         -                 0M (0%)            0M (0%)            0M (0%)     
[2026-04-03T03:14:43.967+0600][17.953s][info][gc,heap     ] GC(30) y:   Garbage:         -                 0M (0%)            0M (0%)            0M (0%)     
[2026-04-03T03:14:43.967+0600][17.953s][info][gc,heap     ] GC(30) y: Allocated:         -                 0M (0%)            0M (0%)            0M (0%)     
[2026-04-03T03:14:43.967+0600][17.953s][info][gc,heap     ] GC(30) y: Reclaimed:         -                  -                 0M (0%)            0M (0%)     
[2026-04-03T03:14:43.967+0600][17.953s][info][gc,heap     ] GC(30) y:  Promoted:         -                  -                 0M (0%)            0M (0%)     
[2026-04-03T03:14:43.967+0600][17.953s][info][gc,heap     ] GC(30) y: Compacted:         -                  -                  -                 0M (0%)     
[2026-04-03T03:14:43.967+0600][17.953s][info][gc,phases   ] GC(30) y: Young Generation 750M(100%)->750M(100%) 0.007s
[2026-04-03T03:14:43.967+0600][17.953s][info][gc          ] GC(30) Minor Collection (Allocation Stall) 750M(100%)->750M(100%) 0.007s
[2026-04-03T03:14:44.382+0600][18.368s][info][gc          ] GC(31) Minor Collection (Allocation Stall)
[2026-04-03T03:14:44.382+0600][18.368s][info][gc,task     ] GC(31) Using 3 Workers for Young Generation
[2026-04-03T03:14:44.382+0600][18.368s][info][gc,phases   ] GC(31) y: Young Generation
[2026-04-03T03:14:44.382+0600][18.368s][info][gc,phases   ] GC(31) y: Pause Mark Start 0.021ms
[2026-04-03T03:14:44.388+0600][18.374s][info][gc,phases   ] GC(31) y: Concurrent Mark 5.370ms
[2026-04-03T03:14:44.388+0600][18.374s][info][gc,phases   ] GC(31) y: Pause Mark End 0.024ms
[2026-04-03T03:14:44.388+0600][18.374s][info][gc,phases   ] GC(31) y: Concurrent Mark Free 0.001ms
[2026-04-03T03:14:44.388+0600][18.374s][info][gc,phases   ] GC(31) y: Concurrent Reset Relocation Set 0.000ms
[2026-04-03T03:14:44.392+0600][18.378s][info][gc,reloc    ] GC(31) y: Using tenuring threshold: 0 (Computed)
[2026-04-03T03:14:44.392+0600][18.378s][info][gc,phases   ] GC(31) y: Concurrent Select Relocation Set 3.983ms
[2026-04-03T03:14:44.392+0600][18.378s][info][gc,phases   ] GC(31) y: Pause Relocate Start 0.013ms
[2026-04-03T03:14:44.392+0600][18.378s][info][gc,phases   ] GC(31) y: Concurrent Relocate 0.148ms
[2026-04-03T03:14:44.392+0600][18.378s][info][gc,alloc    ] GC(31) y:                         Mark Start        Mark End      Relocate Start    Relocate End   
[2026-04-03T03:14:44.392+0600][18.378s][info][gc,alloc    ] GC(31) y: Allocation Stalls:          4                4                4                4         
[2026-04-03T03:14:44.392+0600][18.378s][info][gc,load     ] GC(31) y: Load: 5.16 (43%) / 5.77 (48%) / 5.85 (49%)
[2026-04-03T03:14:44.392+0600][18.378s][info][gc,mmu      ] GC(31) y: MMU: 2ms/97.2%, 5ms/98.8%, 10ms/99.1%, 20ms/99.3%, 50ms/99.6%, 100ms/99.7%
[2026-04-03T03:14:44.392+0600][18.378s][info][gc,marking  ] GC(31) y: Mark: 2 stripe(s), 1 proactive flush(es), 1 terminate flush(es), 0 completion(s), 0 continuation(s) 
[2026-04-03T03:14:44.392+0600][18.378s][info][gc,marking  ] GC(31) y: Mark Stack Usage: 0M
[2026-04-03T03:14:44.392+0600][18.378s][info][gc,nmethod  ] GC(31) y: NMethods: 3014 registered, 285 unregistered
[2026-04-03T03:14:44.392+0600][18.378s][info][gc,metaspace] GC(31) y: Metaspace: 47M used, 48M committed, 1088M reserved
[2026-04-03T03:14:44.392+0600][18.378s][info][gc,heap     ] GC(31) y: Min Capacity: 8M(1%)
[2026-04-03T03:14:44.392+0600][18.379s][info][gc,heap     ] GC(31) y: Max Capacity: 750M(100%)
[2026-04-03T03:14:44.392+0600][18.379s][info][gc,heap     ] GC(31) y: Soft Max Capacity: 750M(100%)
[2026-04-03T03:14:44.393+0600][18.379s][info][gc,heap     ] GC(31) y: Heap Statistics:
[2026-04-03T03:14:44.393+0600][18.379s][info][gc,heap     ] GC(31) y:                Mark Start          Mark End        Relocate Start      Relocate End           High               Low         
[2026-04-03T03:14:44.393+0600][18.379s][info][gc,heap     ] GC(31) y:  Capacity:      750M (100%)        750M (100%)        750M (100%)        750M (100%)        750M (100%)        750M (100%)   
[2026-04-03T03:14:44.393+0600][18.379s][info][gc,heap     ] GC(31) y:      Free:        0M (0%)            0M (0%)            0M (0%)            0M (0%)            0M (0%)            0M (0%)     
[2026-04-03T03:14:44.393+0600][18.379s][info][gc,heap     ] GC(31) y:      Used:      750M (100%)        750M (100%)        750M (100%)        750M (100%)        750M (100%)        750M (100%)   
[2026-04-03T03:14:44.393+0600][18.379s][info][gc,heap     ] GC(31) y: Young Generation Statistics:
[2026-04-03T03:14:44.393+0600][18.379s][info][gc,heap     ] GC(31) y:                Mark Start          Mark End        Relocate Start      Relocate End    
[2026-04-03T03:14:44.393+0600][18.379s][info][gc,heap     ] GC(31) y:      Used:        0M (0%)            0M (0%)            0M (0%)            0M (0%)     
[2026-04-03T03:14:44.393+0600][18.379s][info][gc,heap     ] GC(31) y:      Live:         -                 0M (0%)            0M (0%)            0M (0%)     
[2026-04-03T03:14:44.393+0600][18.379s][info][gc,heap     ] GC(31) y:   Garbage:         -                 0M (0%)            0M (0%)            0M (0%)     
[2026-04-03T03:14:44.393+0600][18.379s][info][gc,heap     ] GC(31) y: Allocated:         -                 0M (0%)            0M (0%)            0M (0%)     
[2026-04-03T03:14:44.393+0600][18.379s][info][gc,heap     ] GC(31) y: Reclaimed:         -                  -                 0M (0%)            0M (0%)     
[2026-04-03T03:14:44.393+0600][18.379s][info][gc,heap     ] GC(31) y:  Promoted:         -                  -                 0M (0%)            0M (0%)     
[2026-04-03T03:14:44.393+0600][18.379s][info][gc,heap     ] GC(31) y: Compacted:         -                  -                  -                 0M (0%)     
[2026-04-03T03:14:44.393+0600][18.379s][info][gc,phases   ] GC(31) y: Young Generation 750M(100%)->750M(100%) 0.010s
[2026-04-03T03:14:44.393+0600][18.379s][info][gc          ] GC(31) Minor Collection (Allocation Stall) 750M(100%)->750M(100%) 0.011s
[2026-04-03T03:14:44.987+0600][18.973s][info][gc,phases   ] GC(29) O: Concurrent Mark 1027.412ms
[2026-04-03T03:14:44.987+0600][18.973s][info][gc,phases   ] GC(29) O: Pause Mark End 0.024ms
[2026-04-03T03:14:44.987+0600][18.974s][info][gc,phases   ] GC(29) O: Concurrent Mark Free 0.001ms
[2026-04-03T03:14:44.988+0600][18.974s][info][gc,ref      ] GC(29) O: Clearing All SoftReferences
[2026-04-03T03:14:44.991+0600][18.977s][info][gc,phases   ] GC(29) O: Concurrent Process Non-Strong 3.701ms
[2026-04-03T03:14:44.991+0600][18.977s][info][gc,phases   ] GC(29) O: Concurrent Reset Relocation Set 0.003ms
[2026-04-03T03:14:44.994+0600][18.980s][info][gc,phases   ] GC(29) O: Concurrent Select Relocation Set 3.134ms
[2026-04-03T03:14:44.995+0600][18.981s][info][gc,task     ] GC(29) O: Using 3 Workers for Old Generation
[2026-04-03T03:14:45.009+0600][18.995s][info][gc,task     ] GC(29) O: Using 3 Workers for Old Generation
[2026-04-03T03:14:45.009+0600][18.995s][info][gc,phases   ] GC(29) O: Concurrent Remap Roots 14.599ms
[2026-04-03T03:14:45.009+0600][18.995s][info][gc,phases   ] GC(29) O: Pause Relocate Start 0.018ms
[2026-04-03T03:14:45.012+0600][18.998s][info][gc,phases   ] GC(29) O: Concurrent Relocate 2.035ms
[2026-04-03T03:14:45.012+0600][18.998s][info][gc,alloc    ] GC(29) O:                         Mark Start        Mark End      Relocate Start    Relocate End   
[2026-04-03T03:14:45.012+0600][18.998s][info][gc,alloc    ] GC(29) O: Allocation Stalls:          3                4                4                3         
[2026-04-03T03:14:45.012+0600][18.998s][info][gc,load     ] GC(29) O: Load: 5.16 (43%) / 5.77 (48%) / 5.85 (49%)
[2026-04-03T03:14:45.012+0600][18.998s][info][gc,mmu      ] GC(29) O: MMU: 2ms/97.2%, 5ms/98.8%, 10ms/99.1%, 20ms/99.3%, 50ms/99.6%, 100ms/99.7%
[2026-04-03T03:14:45.012+0600][18.998s][info][gc,marking  ] GC(29) O: Mark: 2 stripe(s), 10 proactive flush(es), 1 terminate flush(es), 0 completion(s), 0 continuation(s) 
[2026-04-03T03:14:45.012+0600][18.998s][info][gc,marking  ] GC(29) O: Mark Stack Usage: 32M
[2026-04-03T03:14:45.012+0600][18.998s][info][gc,nmethod  ] GC(29) O: NMethods: 3014 registered, 285 unregistered
[2026-04-03T03:14:45.012+0600][18.998s][info][gc,metaspace] GC(29) O: Metaspace: 47M used, 48M committed, 1088M reserved
[2026-04-03T03:14:45.012+0600][18.998s][info][gc,ref      ] GC(29) O:                       Encountered   Discovered     Enqueued 
[2026-04-03T03:14:45.012+0600][18.998s][info][gc,ref      ] GC(29) O: Soft References:             2423          173            0 
[2026-04-03T03:14:45.012+0600][18.998s][info][gc,ref      ] GC(29) O: Weak References:             2641         1590            0 
[2026-04-03T03:14:45.012+0600][18.998s][info][gc,ref      ] GC(29) O: Final References:              82           48            0 
[2026-04-03T03:14:45.012+0600][18.998s][info][gc,ref      ] GC(29) O: Phantom References:           585          410            0 
[2026-04-03T03:14:45.012+0600][18.998s][info][gc          ] Allocation Stall (Spark Context Cleaner) 2061.780ms
[2026-04-03T03:14:45.012+0600][18.998s][info][gc,reloc    ] GC(29) O:                        Candidates     Selected     In-Place         Size        Empty    Relocated 
[2026-04-03T03:14:45.012+0600][18.998s][info][gc,reloc    ] GC(29) O: Small Pages:                  365            3            3         730M           0M           1M 
[2026-04-03T03:14:45.012+0600][18.998s][info][gc,reloc    ] GC(29) O: Medium Pages:                   1            0            0          16M           0M           0M 
[2026-04-03T03:14:45.012+0600][18.998s][info][gc,reloc    ] GC(29) O: Large Pages:                    1            0            0           4M           0M           0M 
[2026-04-03T03:14:45.012+0600][18.998s][info][gc,reloc    ] GC(29) O: Forwarding Usage: 1M
[2026-04-03T03:14:45.012+0600][18.998s][info][gc,heap     ] GC(29) O: Min Capacity: 8M(1%)
[2026-04-03T03:14:45.012+0600][18.998s][info][gc,heap     ] GC(29) O: Max Capacity: 750M(100%)
[2026-04-03T03:14:45.012+0600][18.998s][info][gc,heap     ] GC(29) O: Soft Max Capacity: 750M(100%)
[2026-04-03T03:14:45.012+0600][18.998s][info][gc,heap     ] GC(29) O: Heap Statistics:
[2026-04-03T03:14:45.012+0600][18.998s][info][gc,heap     ] GC(29) O:                Mark Start          Mark End        Relocate Start      Relocate End           High               Low         
[2026-04-03T03:14:45.012+0600][18.998s][info][gc,heap     ] GC(29) O:  Capacity:      750M (100%)        750M (100%)        750M (100%)        750M (100%)        750M (100%)        750M (100%)   
[2026-04-03T03:14:45.012+0600][18.998s][info][gc,heap     ] GC(29) O:      Free:        0M (0%)            0M (0%)            0M (0%)            0M (0%)            2M (0%)            0M (0%)     
[2026-04-03T03:14:45.012+0600][18.998s][info][gc,heap     ] GC(29) O:      Used:      750M (100%)        750M (100%)        750M (100%)        750M (100%)        750M (100%)        748M (100%)   
[2026-04-03T03:14:45.012+0600][18.998s][info][gc,heap     ] GC(29) O: Old Generation Statistics:
[2026-04-03T03:14:45.012+0600][18.998s][info][gc,heap     ] GC(29) O:                Mark Start          Mark End        Relocate Start      Relocate End    
[2026-04-03T03:14:45.012+0600][18.998s][info][gc,heap     ] GC(29) O:      Used:      750M (100%)        750M (100%)        750M (100%)        748M (100%)   
[2026-04-03T03:14:45.012+0600][18.998s][info][gc,heap     ] GC(29) O:      Live:         -               718M (96%)         718M (96%)         718M (96%)    
[2026-04-03T03:14:45.012+0600][18.998s][info][gc,heap     ] GC(29) O:   Garbage:         -                31M (4%)           31M (4%)           25M (3%)     
[2026-04-03T03:14:45.012+0600][18.998s][info][gc,heap     ] GC(29) O: Allocated:         -                 0M (0%)            0M (0%)            4M (1%)     
[2026-04-03T03:14:45.012+0600][18.998s][info][gc,heap     ] GC(29) O: Reclaimed:         -                  -                 0M (0%)            6M (1%)     
[2026-04-03T03:14:45.012+0600][18.998s][info][gc,heap     ] GC(29) O: Compacted:         -                  -                  -                 1M (0%)     
[2026-04-03T03:14:45.012+0600][18.998s][info][gc,phases   ] GC(29) O: Old Generation 750M(100%)->750M(100%) 1.052s
[2026-04-03T03:14:45.012+0600][18.998s][info][gc          ] GC(29) Major Collection (Allocation Stall) 750M(100%)->750M(100%) 1.068s
[2026-04-03T03:14:45.012+0600][18.998s][info][gc          ] GC(32) Major Collection (Allocation Stall)
[2026-04-03T03:14:45.012+0600][18.998s][info][gc,task     ] GC(32) Using 3 Workers for Young Generation
[2026-04-03T03:14:45.012+0600][18.998s][info][gc,task     ] GC(32) Using 3 Workers for Old Generation
[2026-04-03T03:14:45.012+0600][18.998s][info][gc,phases   ] GC(32) Y: Young Generation (Promote All)
[2026-04-03T03:14:45.012+0600][18.998s][info][gc          ] Allocation Stall (RemoteBlock-temp-file-clean-thread) 1077.558ms
[2026-04-03T03:14:45.012+0600][18.998s][info][gc          ] Allocation Stall (main) 1067.107ms
[2026-04-03T03:14:45.012+0600][18.998s][info][gc,phases   ] GC(32) Y: Pause Mark Start 0.018ms
[2026-04-03T03:14:45.018+0600][19.004s][info][gc,phases   ] GC(32) Y: Concurrent Mark 5.314ms
[2026-04-03T03:14:45.018+0600][19.004s][info][gc,phases   ] GC(32) Y: Pause Mark End 0.019ms
[2026-04-03T03:14:45.018+0600][19.004s][info][gc,phases   ] GC(32) Y: Concurrent Mark Free 0.002ms
[2026-04-03T03:14:45.018+0600][19.004s][info][gc,phases   ] GC(32) Y: Concurrent Reset Relocation Set 0.000ms
[2026-04-03T03:14:45.019+0600][19.005s][info][gc,reloc    ] GC(32) Y: Using tenuring threshold: 0 (Promote All)
[2026-04-03T03:14:45.020+0600][19.006s][info][gc,phases   ] GC(32) Y: Concurrent Select Relocation Set 1.586ms
[2026-04-03T03:14:45.020+0600][19.006s][info][gc,phases   ] GC(32) Y: Pause Relocate Start 0.017ms
[2026-04-03T03:14:45.020+0600][19.006s][info][gc,phases   ] GC(32) Y: Concurrent Relocate 0.197ms
[2026-04-03T03:14:45.020+0600][19.006s][info][gc,alloc    ] GC(32) Y:                         Mark Start        Mark End      Relocate Start    Relocate End   
[2026-04-03T03:14:45.020+0600][19.006s][info][gc,alloc    ] GC(32) Y: Allocation Stalls:          3                3                3                3         
[2026-04-03T03:14:45.020+0600][19.006s][info][gc,load     ] GC(32) Y: Load: 5.16 (43%) / 5.77 (48%) / 5.85 (49%)
[2026-04-03T03:14:45.020+0600][19.006s][info][gc,mmu      ] GC(32) Y: MMU: 2ms/97.2%, 5ms/98.8%, 10ms/99.1%, 20ms/99.3%, 50ms/99.6%, 100ms/99.7%
[2026-04-03T03:14:45.020+0600][19.006s][info][gc,marking  ] GC(32) Y: Mark: 2 stripe(s), 1 proactive flush(es), 1 terminate flush(es), 0 completion(s), 0 continuation(s) 
[2026-04-03T03:14:45.020+0600][19.006s][info][gc,marking  ] GC(32) Y: Mark Stack Usage: 32M
[2026-04-03T03:14:45.020+0600][19.006s][info][gc,nmethod  ] GC(32) Y: NMethods: 3014 registered, 285 unregistered
[2026-04-03T03:14:45.020+0600][19.006s][info][gc,metaspace] GC(32) Y: Metaspace: 47M used, 48M committed, 1088M reserved
[2026-04-03T03:14:45.020+0600][19.006s][info][gc,reloc    ] GC(32) Y:                        Candidates     Selected     In-Place         Size        Empty    Relocated 
[2026-04-03T03:14:45.020+0600][19.006s][info][gc,reloc    ] GC(32) Y: Small Pages:                    1            0            0           2M           0M           0M 
[2026-04-03T03:14:45.020+0600][19.006s][info][gc,reloc    ] GC(32) Y: Medium Pages:                   0            0            0           0M           0M           0M 
[2026-04-03T03:14:45.020+0600][19.006s][info][gc,reloc    ] GC(32) Y: Large Pages:                    0            0            0           0M           0M           0M 
[2026-04-03T03:14:45.020+0600][19.006s][info][gc,reloc    ] GC(32) Y: Forwarding Usage: 0M
[2026-04-03T03:14:45.020+0600][19.006s][info][gc,reloc    ] GC(32) Y: Age Table:
[2026-04-03T03:14:45.020+0600][19.006s][info][gc,reloc    ] GC(32) Y:                    Live             Garbage             Small              Medium             Large        
[2026-04-03T03:14:45.020+0600][19.006s][info][gc,reloc    ] GC(32) Y: Eden               0M (0%)            1M (0%)           1 / 0              0 / 0              0 / 0        
[2026-04-03T03:14:45.020+0600][19.006s][info][gc,heap     ] GC(32) Y: Min Capacity: 8M(1%)
[2026-04-03T03:14:45.020+0600][19.006s][info][gc,heap     ] GC(32) Y: Max Capacity: 750M(100%)
[2026-04-03T03:14:45.020+0600][19.006s][info][gc,heap     ] GC(32) Y: Soft Max Capacity: 750M(100%)
[2026-04-03T03:14:45.020+0600][19.006s][info][gc,heap     ] GC(32) Y: Heap Statistics:
[2026-04-03T03:14:45.020+0600][19.006s][info][gc,heap     ] GC(32) Y:                Mark Start          Mark End        Relocate Start      Relocate End           High               Low         
[2026-04-03T03:14:45.020+0600][19.006s][info][gc,heap     ] GC(32) Y:  Capacity:      750M (100%)        750M (100%)        750M (100%)        750M (100%)        750M (100%)        750M (100%)   
[2026-04-03T03:14:45.020+0600][19.006s][info][gc,heap     ] GC(32) Y:      Free:        0M (0%)            0M (0%)            0M (0%)            0M (0%)            0M (0%)            0M (0%)     
[2026-04-03T03:14:45.020+0600][19.006s][info][gc,heap     ] GC(32) Y:      Used:      750M (100%)        750M (100%)        750M (100%)        750M (100%)        750M (100%)        750M (100%)   
[2026-04-03T03:14:45.020+0600][19.006s][info][gc,heap     ] GC(32) Y: Young Generation Statistics:
[2026-04-03T03:14:45.020+0600][19.006s][info][gc,heap     ] GC(32) Y:                Mark Start          Mark End        Relocate Start      Relocate End    
[2026-04-03T03:14:45.020+0600][19.006s][info][gc,heap     ] GC(32) Y:      Used:        2M (0%)            2M (0%)            0M (0%)            0M (0%)     
[2026-04-03T03:14:45.020+0600][19.006s][info][gc,heap     ] GC(32) Y:      Live:         -                 0M (0%)            0M (0%)            0M (0%)     
[2026-04-03T03:14:45.020+0600][19.006s][info][gc,heap     ] GC(32) Y:   Garbage:         -                 1M (0%)            0M (0%)            0M (0%)     
[2026-04-03T03:14:45.020+0600][19.006s][info][gc,heap     ] GC(32) Y: Allocated:         -                 0M (0%)            0M (0%)            0M (0%)     
[2026-04-03T03:14:45.020+0600][19.006s][info][gc,heap     ] GC(32) Y: Reclaimed:         -                  -                 1M (0%)            1M (0%)     
[2026-04-03T03:14:45.020+0600][19.006s][info][gc,heap     ] GC(32) Y:  Promoted:         -                  -                 0M (0%)            0M (0%)     
[2026-04-03T03:14:45.020+0600][19.006s][info][gc,heap     ] GC(32) Y: Compacted:         -                  -                  -                 0M (0%)     
[2026-04-03T03:14:45.020+0600][19.006s][info][gc,phases   ] GC(32) Y: Young Generation (Promote All) 750M(100%)->750M(100%) 0.008s
[2026-04-03T03:14:45.020+0600][19.006s][info][gc,phases   ] GC(32) Y: Young Generation (Collect Roots)
[2026-04-03T03:14:45.020+0600][19.006s][info][gc,phases   ] GC(32) Y: Pause Mark Start (Major) 0.015ms
[2026-04-03T03:14:45.026+0600][19.012s][info][gc,phases   ] GC(32) Y: Concurrent Mark 5.254ms
[2026-04-03T03:14:45.026+0600][19.012s][info][gc,phases   ] GC(32) Y: Pause Mark End 0.019ms
[2026-04-03T03:14:45.026+0600][19.012s][info][gc,phases   ] GC(32) Y: Concurrent Mark Free 0.129ms
[2026-04-03T03:14:45.026+0600][19.012s][info][gc,phases   ] GC(32) Y: Concurrent Reset Relocation Set 0.005ms
[2026-04-03T03:14:45.028+0600][19.014s][info][gc,reloc    ] GC(32) Y: Using tenuring threshold: 0 (Computed)
[2026-04-03T03:14:45.028+0600][19.014s][info][gc,phases   ] GC(32) Y: Concurrent Select Relocation Set 1.499ms
[2026-04-03T03:14:45.028+0600][19.014s][info][gc,phases   ] GC(32) Y: Pause Relocate Start 0.010ms
[2026-04-03T03:14:45.028+0600][19.014s][info][gc,phases   ] GC(32) Y: Concurrent Relocate 0.354ms
[2026-04-03T03:14:45.028+0600][19.014s][info][gc,alloc    ] GC(32) Y:                         Mark Start        Mark End      Relocate Start    Relocate End   
[2026-04-03T03:14:45.028+0600][19.014s][info][gc,alloc    ] GC(32) Y: Allocation Stalls:          3                3                3                3         
[2026-04-03T03:14:45.028+0600][19.014s][info][gc,load     ] GC(32) Y: Load: 5.16 (43%) / 5.77 (48%) / 5.85 (49%)
[2026-04-03T03:14:45.028+0600][19.014s][info][gc,mmu      ] GC(32) Y: MMU: 2ms/97.2%, 5ms/98.8%, 10ms/99.1%, 20ms/99.3%, 50ms/99.6%, 100ms/99.7%
[2026-04-03T03:14:45.028+0600][19.014s][info][gc,marking  ] GC(32) Y: Mark: 2 stripe(s), 1 proactive flush(es), 1 terminate flush(es), 0 completion(s), 0 continuation(s) 
[2026-04-03T03:14:45.028+0600][19.014s][info][gc,marking  ] GC(32) Y: Mark Stack Usage: 0M
[2026-04-03T03:14:45.028+0600][19.014s][info][gc,nmethod  ] GC(32) Y: NMethods: 3014 registered, 285 unregistered
[2026-04-03T03:14:45.028+0600][19.014s][info][gc,metaspace] GC(32) Y: Metaspace: 47M used, 48M committed, 1088M reserved
[2026-04-03T03:14:45.028+0600][19.014s][info][gc,heap     ] GC(32) Y: Min Capacity: 8M(1%)
[2026-04-03T03:14:45.028+0600][19.014s][info][gc,heap     ] GC(32) Y: Max Capacity: 750M(100%)
[2026-04-03T03:14:45.028+0600][19.014s][info][gc,heap     ] GC(32) Y: Soft Max Capacity: 750M(100%)
[2026-04-03T03:14:45.028+0600][19.014s][info][gc,heap     ] GC(32) Y: Heap Statistics:
[2026-04-03T03:14:45.028+0600][19.014s][info][gc,heap     ] GC(32) Y:                Mark Start          Mark End        Relocate Start      Relocate End           High               Low         
[2026-04-03T03:14:45.028+0600][19.014s][info][gc,heap     ] GC(32) Y:  Capacity:      750M (100%)        750M (100%)        750M (100%)        750M (100%)        750M (100%)        750M (100%)   
[2026-04-03T03:14:45.028+0600][19.014s][info][gc,heap     ] GC(32) Y:      Free:        0M (0%)            0M (0%)            0M (0%)            0M (0%)            0M (0%)            0M (0%)     
[2026-04-03T03:14:45.028+0600][19.014s][info][gc,heap     ] GC(32) Y:      Used:      750M (100%)        750M (100%)        750M (100%)        750M (100%)        750M (100%)        750M (100%)   
[2026-04-03T03:14:45.028+0600][19.014s][info][gc,heap     ] GC(32) Y: Young Generation Statistics:
[2026-04-03T03:14:45.028+0600][19.014s][info][gc,heap     ] GC(32) Y:                Mark Start          Mark End        Relocate Start      Relocate End    
[2026-04-03T03:14:45.028+0600][19.014s][info][gc,heap     ] GC(32) Y:      Used:        0M (0%)            0M (0%)            0M (0%)            0M (0%)     
[2026-04-03T03:14:45.028+0600][19.014s][info][gc,heap     ] GC(32) Y:      Live:         -                 0M (0%)            0M (0%)            0M (0%)     
[2026-04-03T03:14:45.028+0600][19.014s][info][gc,heap     ] GC(32) Y:   Garbage:         -                 0M (0%)            0M (0%)            0M (0%)     
[2026-04-03T03:14:45.028+0600][19.014s][info][gc,heap     ] GC(32) Y: Allocated:         -                 0M (0%)            0M (0%)            0M (0%)     
[2026-04-03T03:14:45.028+0600][19.014s][info][gc,heap     ] GC(32) Y: Reclaimed:         -                  -                 0M (0%)            0M (0%)     
[2026-04-03T03:14:45.028+0600][19.014s][info][gc,heap     ] GC(32) Y:  Promoted:         -                  -                 0M (0%)            0M (0%)     
[2026-04-03T03:14:45.028+0600][19.014s][info][gc,heap     ] GC(32) Y: Compacted:         -                  -                  -                 0M (0%)     
[2026-04-03T03:14:45.028+0600][19.014s][info][gc,phases   ] GC(32) Y: Young Generation (Collect Roots) 750M(100%)->750M(100%) 0.008s
[2026-04-03T03:14:45.028+0600][19.014s][info][gc,phases   ] GC(32) O: Old Generation
[2026-04-03T03:14:45.028+0600][19.015s][info][gc          ] GC(33) Minor Collection (Allocation Stall)
[2026-04-03T03:14:45.029+0600][19.015s][info][gc,task     ] GC(33) Using 3 Workers for Young Generation
[2026-04-03T03:14:45.029+0600][19.015s][info][gc,phases   ] GC(33) y: Young Generation
[2026-04-03T03:14:45.029+0600][19.015s][info][gc,phases   ] GC(33) y: Pause Mark Start 0.017ms
[2026-04-03T03:14:45.033+0600][19.019s][info][gc,phases   ] GC(33) y: Concurrent Mark 3.704ms
[2026-04-03T03:14:45.033+0600][19.019s][info][gc,phases   ] GC(33) y: Pause Mark End 0.021ms
[2026-04-03T03:14:45.033+0600][19.019s][info][gc,phases   ] GC(33) y: Concurrent Mark Free 0.002ms
[2026-04-03T03:14:45.033+0600][19.019s][info][gc,phases   ] GC(33) y: Concurrent Reset Relocation Set 0.000ms
[2026-04-03T03:14:45.036+0600][19.022s][info][gc,reloc    ] GC(33) y: Using tenuring threshold: 0 (Computed)
[2026-04-03T03:14:45.036+0600][19.022s][info][gc,phases   ] GC(33) y: Concurrent Select Relocation Set 2.721ms
[2026-04-03T03:14:45.036+0600][19.022s][info][gc,phases   ] GC(33) y: Pause Relocate Start 0.022ms
[2026-04-03T03:14:45.036+0600][19.022s][info][gc,phases   ] GC(33) y: Concurrent Relocate 0.136ms
[2026-04-03T03:14:45.036+0600][19.022s][info][gc,alloc    ] GC(33) y:                         Mark Start        Mark End      Relocate Start    Relocate End   
[2026-04-03T03:14:45.036+0600][19.022s][info][gc,alloc    ] GC(33) y: Allocation Stalls:          3                3                3                3         
[2026-04-03T03:14:45.036+0600][19.022s][info][gc,load     ] GC(33) y: Load: 5.16 (43%) / 5.77 (48%) / 5.85 (49%)
[2026-04-03T03:14:45.036+0600][19.022s][info][gc,mmu      ] GC(33) y: MMU: 2ms/97.2%, 5ms/98.8%, 10ms/99.1%, 20ms/99.3%, 50ms/99.6%, 100ms/99.7%
[2026-04-03T03:14:45.036+0600][19.022s][info][gc,marking  ] GC(33) y: Mark: 2 stripe(s), 1 proactive flush(es), 1 terminate flush(es), 0 completion(s), 0 continuation(s) 
[2026-04-03T03:14:45.036+0600][19.022s][info][gc,marking  ] GC(33) y: Mark Stack Usage: 0M
[2026-04-03T03:14:45.036+0600][19.022s][info][gc,nmethod  ] GC(33) y: NMethods: 3014 registered, 285 unregistered
[2026-04-03T03:14:45.036+0600][19.022s][info][gc,metaspace] GC(33) y: Metaspace: 47M used, 48M committed, 1088M reserved
[2026-04-03T03:14:45.036+0600][19.022s][info][gc,heap     ] GC(33) y: Min Capacity: 8M(1%)
[2026-04-03T03:14:45.036+0600][19.022s][info][gc,heap     ] GC(33) y: Max Capacity: 750M(100%)
[2026-04-03T03:14:45.036+0600][19.023s][info][gc,heap     ] GC(33) y: Soft Max Capacity: 750M(100%)
[2026-04-03T03:14:45.036+0600][19.023s][info][gc,heap     ] GC(33) y: Heap Statistics:
[2026-04-03T03:14:45.037+0600][19.023s][info][gc,heap     ] GC(33) y:                Mark Start          Mark End        Relocate Start      Relocate End           High               Low         
[2026-04-03T03:14:45.037+0600][19.023s][info][gc,heap     ] GC(33) y:  Capacity:      750M (100%)        750M (100%)        750M (100%)        750M (100%)        750M (100%)        750M (100%)   
[2026-04-03T03:14:45.037+0600][19.023s][info][gc,heap     ] GC(33) y:      Free:        0M (0%)            0M (0%)            0M (0%)            0M (0%)            0M (0%)            0M (0%)     
[2026-04-03T03:14:45.037+0600][19.023s][info][gc,heap     ] GC(33) y:      Used:      750M (100%)        750M (100%)        750M (100%)        750M (100%)        750M (100%)        750M (100%)   
[2026-04-03T03:14:45.037+0600][19.023s][info][gc,heap     ] GC(33) y: Young Generation Statistics:
[2026-04-03T03:14:45.037+0600][19.023s][info][gc,heap     ] GC(33) y:                Mark Start          Mark End        Relocate Start      Relocate End    
[2026-04-03T03:14:45.037+0600][19.023s][info][gc,heap     ] GC(33) y:      Used:        0M (0%)            0M (0%)            0M (0%)            0M (0%)     
[2026-04-03T03:14:45.037+0600][19.023s][info][gc,heap     ] GC(33) y:      Live:         -                 0M (0%)            0M (0%)            0M (0%)     
[2026-04-03T03:14:45.037+0600][19.023s][info][gc,heap     ] GC(33) y:   Garbage:         -                 0M (0%)            0M (0%)            0M (0%)     
[2026-04-03T03:14:45.037+0600][19.023s][info][gc,heap     ] GC(33) y: Allocated:         -                 0M (0%)            0M (0%)            0M (0%)     
[2026-04-03T03:14:45.037+0600][19.023s][info][gc,heap     ] GC(33) y: Reclaimed:         -                  -                 0M (0%)            0M (0%)     
[2026-04-03T03:14:45.037+0600][19.023s][info][gc,heap     ] GC(33) y:  Promoted:         -                  -                 0M (0%)            0M (0%)     
[2026-04-03T03:14:45.037+0600][19.023s][info][gc,heap     ] GC(33) y: Compacted:         -                  -                  -                 0M (0%)     
[2026-04-03T03:14:45.037+0600][19.023s][info][gc,phases   ] GC(33) y: Young Generation 750M(100%)->750M(100%) 0.008s
[2026-04-03T03:14:45.037+0600][19.023s][info][gc          ] GC(33) Minor Collection (Allocation Stall) 750M(100%)->750M(100%) 0.008s
[2026-04-03T03:14:45.112+0600][19.098s][info][gc          ] GC(34) Minor Collection (Allocation Stall)
[2026-04-03T03:14:45.112+0600][19.098s][info][gc,task     ] GC(34) Using 3 Workers for Young Generation
[2026-04-03T03:14:45.112+0600][19.098s][info][gc,phases   ] GC(34) y: Young Generation
[2026-04-03T03:14:45.113+0600][19.099s][info][gc,phases   ] GC(34) y: Pause Mark Start 0.023ms
[2026-04-03T03:14:45.118+0600][19.104s][info][gc,phases   ] GC(34) y: Concurrent Mark 5.618ms
[2026-04-03T03:14:45.119+0600][19.105s][info][gc,phases   ] GC(34) y: Pause Mark End 0.024ms
[2026-04-03T03:14:45.119+0600][19.105s][info][gc,phases   ] GC(34) y: Concurrent Mark Free 0.003ms
[2026-04-03T03:14:45.119+0600][19.105s][info][gc,phases   ] GC(34) y: Concurrent Reset Relocation Set 0.000ms
[2026-04-03T03:14:45.120+0600][19.106s][info][gc,reloc    ] GC(34) y: Using tenuring threshold: 0 (Computed)
[2026-04-03T03:14:45.120+0600][19.106s][info][gc,phases   ] GC(34) y: Concurrent Select Relocation Set 1.583ms
[2026-04-03T03:14:45.121+0600][19.107s][info][gc,phases   ] GC(34) y: Pause Relocate Start 0.021ms
[2026-04-03T03:14:45.121+0600][19.107s][info][gc,phases   ] GC(34) y: Concurrent Relocate 0.097ms
[2026-04-03T03:14:45.121+0600][19.107s][info][gc,alloc    ] GC(34) y:                         Mark Start        Mark End      Relocate Start    Relocate End   
[2026-04-03T03:14:45.121+0600][19.107s][info][gc,alloc    ] GC(34) y: Allocation Stalls:          4                4                4                4         
[2026-04-03T03:14:45.121+0600][19.107s][info][gc,load     ] GC(34) y: Load: 5.16 (43%) / 5.77 (48%) / 5.85 (49%)
[2026-04-03T03:14:45.121+0600][19.107s][info][gc,mmu      ] GC(34) y: MMU: 2ms/97.2%, 5ms/98.8%, 10ms/99.1%, 20ms/99.3%, 50ms/99.6%, 100ms/99.7%
[2026-04-03T03:14:45.121+0600][19.107s][info][gc,marking  ] GC(34) y: Mark: 2 stripe(s), 1 proactive flush(es), 1 terminate flush(es), 0 completion(s), 0 continuation(s) 
[2026-04-03T03:14:45.121+0600][19.107s][info][gc,marking  ] GC(34) y: Mark Stack Usage: 0M
[2026-04-03T03:14:45.121+0600][19.107s][info][gc,nmethod  ] GC(34) y: NMethods: 3014 registered, 285 unregistered
[2026-04-03T03:14:45.121+0600][19.107s][info][gc,metaspace] GC(34) y: Metaspace: 47M used, 48M committed, 1088M reserved
[2026-04-03T03:14:45.121+0600][19.107s][info][gc,heap     ] GC(34) y: Min Capacity: 8M(1%)
[2026-04-03T03:14:45.121+0600][19.107s][info][gc,heap     ] GC(34) y: Max Capacity: 750M(100%)
[2026-04-03T03:14:45.121+0600][19.107s][info][gc,heap     ] GC(34) y: Soft Max Capacity: 750M(100%)
[2026-04-03T03:14:45.121+0600][19.107s][info][gc,heap     ] GC(34) y: Heap Statistics:
[2026-04-03T03:14:45.121+0600][19.107s][info][gc,heap     ] GC(34) y:                Mark Start          Mark End        Relocate Start      Relocate End           High               Low         
[2026-04-03T03:14:45.121+0600][19.107s][info][gc,heap     ] GC(34) y:  Capacity:      750M (100%)        750M (100%)        750M (100%)        750M (100%)        750M (100%)        750M (100%)   
[2026-04-03T03:14:45.121+0600][19.107s][info][gc,heap     ] GC(34) y:      Free:        0M (0%)            0M (0%)            0M (0%)            0M (0%)            0M (0%)            0M (0%)     
[2026-04-03T03:14:45.121+0600][19.107s][info][gc,heap     ] GC(34) y:      Used:      750M (100%)        750M (100%)        750M (100%)        750M (100%)        750M (100%)        750M (100%)   
[2026-04-03T03:14:45.121+0600][19.107s][info][gc,heap     ] GC(34) y: Young Generation Statistics:
[2026-04-03T03:14:45.121+0600][19.107s][info][gc,heap     ] GC(34) y:                Mark Start          Mark End        Relocate Start      Relocate End    
[2026-04-03T03:14:45.121+0600][19.107s][info][gc,heap     ] GC(34) y:      Used:        0M (0%)            0M (0%)            0M (0%)            0M (0%)     
[2026-04-03T03:14:45.121+0600][19.107s][info][gc,heap     ] GC(34) y:      Live:         -                 0M (0%)            0M (0%)            0M (0%)     
[2026-04-03T03:14:45.121+0600][19.107s][info][gc,heap     ] GC(34) y:   Garbage:         -                 0M (0%)            0M (0%)            0M (0%)     
[2026-04-03T03:14:45.121+0600][19.107s][info][gc,heap     ] GC(34) y: Allocated:         -                 0M (0%)            0M (0%)            0M (0%)     
[2026-04-03T03:14:45.121+0600][19.107s][info][gc,heap     ] GC(34) y: Reclaimed:         -                  -                 0M (0%)            0M (0%)     
[2026-04-03T03:14:45.121+0600][19.107s][info][gc,heap     ] GC(34) y:  Promoted:         -                  -                 0M (0%)            0M (0%)     
[2026-04-03T03:14:45.121+0600][19.107s][info][gc,heap     ] GC(34) y: Compacted:         -                  -                  -                 0M (0%)     
[2026-04-03T03:14:45.121+0600][19.107s][info][gc,phases   ] GC(34) y: Young Generation 750M(100%)->750M(100%) 0.008s
[2026-04-03T03:14:45.121+0600][19.107s][info][gc          ] GC(34) Minor Collection (Allocation Stall) 750M(100%)->750M(100%) 0.009s
[2026-04-03T03:14:46.049+0600][20.035s][info][gc,phases   ] GC(32) O: Concurrent Mark 1020.561ms
[2026-04-03T03:14:46.049+0600][20.035s][info][gc,phases   ] GC(32) O: Pause Mark End 0.021ms
[2026-04-03T03:14:46.049+0600][20.035s][info][gc,phases   ] GC(32) O: Concurrent Mark Free 0.002ms
[2026-04-03T03:14:46.049+0600][20.035s][info][gc,ref      ] GC(32) O: Clearing All SoftReferences
[2026-04-03T03:14:46.052+0600][20.038s][info][gc,phases   ] GC(32) O: Concurrent Process Non-Strong 2.844ms
[2026-04-03T03:14:46.052+0600][20.038s][info][gc,phases   ] GC(32) O: Concurrent Reset Relocation Set 0.001ms
[2026-04-03T03:14:46.054+0600][20.040s][info][gc,phases   ] GC(32) O: Concurrent Select Relocation Set 1.458ms
[2026-04-03T03:14:46.054+0600][20.040s][info][gc,task     ] GC(32) O: Using 3 Workers for Old Generation
[2026-04-03T03:14:46.068+0600][20.054s][info][gc,task     ] GC(32) O: Using 3 Workers for Old Generation
[2026-04-03T03:14:46.068+0600][20.054s][info][gc,phases   ] GC(32) O: Concurrent Remap Roots 14.588ms
[2026-04-03T03:14:46.068+0600][20.054s][info][gc,phases   ] GC(32) O: Pause Relocate Start 0.012ms
[2026-04-03T03:14:46.070+0600][20.056s][info][gc,phases   ] GC(32) O: Concurrent Relocate 1.971ms
[2026-04-03T03:14:46.070+0600][20.056s][info][gc,alloc    ] GC(32) O:                         Mark Start        Mark End      Relocate Start    Relocate End   
[2026-04-03T03:14:46.070+0600][20.056s][info][gc          ] Allocation Stall (executor-kill-mark-cleanup) 1688.604ms
[2026-04-03T03:14:46.070+0600][20.056s][info][gc,alloc    ] GC(32) O: Allocation Stalls:          3                4                4                3         
[2026-04-03T03:14:46.071+0600][20.057s][info][gc,load     ] GC(32) O: Load: 4.99 (42%) / 5.72 (48%) / 5.83 (49%)
[2026-04-03T03:14:46.071+0600][20.057s][info][gc,mmu      ] GC(32) O: MMU: 2ms/97.2%, 5ms/98.8%, 10ms/99.1%, 20ms/99.3%, 50ms/99.6%, 100ms/99.7%
[2026-04-03T03:14:46.071+0600][20.057s][info][gc,marking  ] GC(32) O: Mark: 2 stripe(s), 10 proactive flush(es), 1 terminate flush(es), 0 completion(s), 0 continuation(s) 
[2026-04-03T03:14:46.071+0600][20.057s][info][gc,marking  ] GC(32) O: Mark Stack Usage: 32M
[2026-04-03T03:14:46.071+0600][20.057s][info][gc,nmethod  ] GC(32) O: NMethods: 3014 registered, 285 unregistered
[2026-04-03T03:14:46.071+0600][20.057s][info][gc,metaspace] GC(32) O: Metaspace: 47M used, 48M committed, 1088M reserved
[2026-04-03T03:14:46.071+0600][20.057s][info][gc,ref      ] GC(32) O:                       Encountered   Discovered     Enqueued 
[2026-04-03T03:14:46.071+0600][20.057s][info][gc,ref      ] GC(32) O: Soft References:             2423          172            0 
[2026-04-03T03:14:46.071+0600][20.057s][info][gc,ref      ] GC(32) O: Weak References:             2641         1686            0 
[2026-04-03T03:14:46.071+0600][20.057s][info][gc,ref      ] GC(32) O: Final References:              82           48            0 
[2026-04-03T03:14:46.071+0600][20.057s][info][gc,ref      ] GC(32) O: Phantom References:           585          403            0 
[2026-04-03T03:14:46.071+0600][20.057s][info][gc,reloc    ] GC(32) O:                        Candidates     Selected     In-Place         Size        Empty    Relocated 
[2026-04-03T03:14:46.071+0600][20.057s][info][gc,reloc    ] GC(32) O: Small Pages:                  365            3            3         730M           0M           1M 
[2026-04-03T03:14:46.071+0600][20.057s][info][gc,reloc    ] GC(32) O: Medium Pages:                   1            0            0          16M           0M           0M 
[2026-04-03T03:14:46.071+0600][20.057s][info][gc,reloc    ] GC(32) O: Large Pages:                    1            0            0           4M           0M           0M 
[2026-04-03T03:14:46.071+0600][20.057s][info][gc,reloc    ] GC(32) O: Forwarding Usage: 0M
[2026-04-03T03:14:46.071+0600][20.057s][info][gc,heap     ] GC(32) O: Min Capacity: 8M(1%)
[2026-04-03T03:14:46.071+0600][20.057s][info][gc,heap     ] GC(32) O: Max Capacity: 750M(100%)
[2026-04-03T03:14:46.071+0600][20.057s][info][gc,heap     ] GC(32) O: Soft Max Capacity: 750M(100%)
[2026-04-03T03:14:46.071+0600][20.057s][info][gc,heap     ] GC(32) O: Heap Statistics:
[2026-04-03T03:14:46.071+0600][20.057s][info][gc,heap     ] GC(32) O:                Mark Start          Mark End        Relocate Start      Relocate End           High               Low         
[2026-04-03T03:14:46.071+0600][20.057s][info][gc,heap     ] GC(32) O:  Capacity:      750M (100%)        750M (100%)        750M (100%)        750M (100%)        750M (100%)        750M (100%)   
[2026-04-03T03:14:46.071+0600][20.057s][info][gc,heap     ] GC(32) O:      Free:        0M (0%)            0M (0%)            0M (0%)            0M (0%)            2M (0%)            0M (0%)     
[2026-04-03T03:14:46.071+0600][20.057s][info][gc,heap     ] GC(32) O:      Used:      750M (100%)        750M (100%)        750M (100%)        750M (100%)        750M (100%)        748M (100%)   
[2026-04-03T03:14:46.071+0600][20.057s][info][gc,heap     ] GC(32) O: Old Generation Statistics:
[2026-04-03T03:14:46.071+0600][20.057s][info][gc,heap     ] GC(32) O:                Mark Start          Mark End        Relocate Start      Relocate End    
[2026-04-03T03:14:46.071+0600][20.057s][info][gc,heap     ] GC(32) O:      Used:      750M (100%)        750M (100%)        750M (100%)        748M (100%)   
[2026-04-03T03:14:46.071+0600][20.057s][info][gc,heap     ] GC(32) O:      Live:         -               718M (96%)         718M (96%)         718M (96%)    
[2026-04-03T03:14:46.071+0600][20.057s][info][gc,heap     ] GC(32) O:   Garbage:         -                31M (4%)           31M (4%)           25M (3%)     
[2026-04-03T03:14:46.071+0600][20.057s][info][gc,heap     ] GC(32) O: Allocated:         -                 0M (0%)            0M (0%)            4M (1%)     
[2026-04-03T03:14:46.071+0600][20.057s][info][gc,heap     ] GC(32) O: Reclaimed:         -                  -                 0M (0%)            6M (1%)     
[2026-04-03T03:14:46.071+0600][20.057s][info][gc,heap     ] GC(32) O: Compacted:         -                  -                  -                 1M (0%)     
[2026-04-03T03:14:46.071+0600][20.057s][info][gc,phases   ] GC(32) O: Old Generation 750M(100%)->750M(100%) 1.042s
[2026-04-03T03:14:46.071+0600][20.057s][info][gc          ] GC(32) Major Collection (Allocation Stall) 750M(100%)->750M(100%) 1.059s
[2026-04-03T03:14:46.071+0600][20.057s][info][gc          ] GC(35) Major Collection (Allocation Stall)
[2026-04-03T03:14:46.071+0600][20.057s][info][gc,task     ] GC(35) Using 3 Workers for Young Generation
[2026-04-03T03:14:46.071+0600][20.057s][info][gc,task     ] GC(35) Using 3 Workers for Old Generation
[2026-04-03T03:14:46.071+0600][20.057s][info][gc,phases   ] GC(35) Y: Young Generation (Promote All)
[2026-04-03T03:14:46.071+0600][20.057s][info][gc          ] Allocation Stall (RemoteBlock-temp-file-clean-thread) 1058.808ms
[2026-04-03T03:14:46.071+0600][20.057s][info][gc          ] Out Of Memory (RemoteBlock-temp-file-clean-thread)
[2026-04-03T03:14:46.071+0600][20.057s][info][gc          ] Allocation Stall (main) 1058.784ms
[2026-04-03T03:14:46.071+0600][20.057s][info][gc          ] Out Of Memory (main)
[2026-04-03T03:14:46.071+0600][20.057s][info][gc,phases   ] GC(35) Y: Pause Mark Start 0.025ms
[2026-04-03T03:14:46.076+0600][20.062s][info][gc,phases   ] GC(35) Y: Concurrent Mark 5.082ms
[2026-04-03T03:14:46.077+0600][20.063s][info][gc,phases   ] GC(35) Y: Pause Mark End 0.017ms
[2026-04-03T03:14:46.077+0600][20.063s][info][gc,phases   ] GC(35) Y: Concurrent Mark Free 0.001ms
[2026-04-03T03:14:46.077+0600][20.063s][info][gc,phases   ] GC(35) Y: Concurrent Reset Relocation Set 0.001ms
[2026-04-03T03:14:46.078+0600][20.064s][info][gc,reloc    ] GC(35) Y: Using tenuring threshold: 0 (Promote All)
[2026-04-03T03:14:46.079+0600][20.065s][info][gc,phases   ] GC(35) Y: Concurrent Select Relocation Set 1.946ms
[2026-04-03T03:14:46.079+0600][20.065s][info][gc,phases   ] GC(35) Y: Pause Relocate Start 0.006ms
[2026-04-03T03:14:46.079+0600][20.065s][info][gc,phases   ] GC(35) Y: Concurrent Relocate 0.080ms
[2026-04-03T03:14:46.079+0600][20.065s][info][gc,alloc    ] GC(35) Y:                         Mark Start        Mark End      Relocate Start    Relocate End   
[2026-04-03T03:14:46.079+0600][20.065s][info][gc,alloc    ] GC(35) Y: Allocation Stalls:          1                2                2                2         
[2026-04-03T03:14:46.079+0600][20.065s][info][gc,load     ] GC(35) Y: Load: 4.99 (42%) / 5.72 (48%) / 5.83 (49%)
[2026-04-03T03:14:46.079+0600][20.065s][info][gc,mmu      ] GC(35) Y: MMU: 2ms/97.2%, 5ms/98.8%, 10ms/99.1%, 20ms/99.3%, 50ms/99.6%, 100ms/99.7%
[2026-04-03T03:14:46.079+0600][20.065s][info][gc,marking  ] GC(35) Y: Mark: 2 stripe(s), 1 proactive flush(es), 1 terminate flush(es), 0 completion(s), 0 continuation(s) 
[2026-04-03T03:14:46.079+0600][20.065s][info][gc,marking  ] GC(35) Y: Mark Stack Usage: 32M
[2026-04-03T03:14:46.079+0600][20.065s][info][gc,nmethod  ] GC(35) Y: NMethods: 3014 registered, 285 unregistered
[2026-04-03T03:14:46.079+0600][20.065s][info][gc,metaspace] GC(35) Y: Metaspace: 47M used, 48M committed, 1088M reserved
[2026-04-03T03:14:46.079+0600][20.065s][info][gc,reloc    ] GC(35) Y:                        Candidates     Selected     In-Place         Size        Empty    Relocated 
[2026-04-03T03:14:46.079+0600][20.065s][info][gc,reloc    ] GC(35) Y: Small Pages:                    1            0            0           2M           0M           0M 
[2026-04-03T03:14:46.079+0600][20.065s][info][gc,reloc    ] GC(35) Y: Medium Pages:                   0            0            0           0M           0M           0M 
[2026-04-03T03:14:46.079+0600][20.065s][info][gc,reloc    ] GC(35) Y: Large Pages:                    0            0            0           0M           0M           0M 
[2026-04-03T03:14:46.079+0600][20.065s][info][gc,reloc    ] GC(35) Y: Forwarding Usage: 0M
[2026-04-03T03:14:46.079+0600][20.065s][info][gc,reloc    ] GC(35) Y: Age Table:
[2026-04-03T03:14:46.079+0600][20.065s][info][gc,reloc    ] GC(35) Y:                    Live             Garbage             Small              Medium             Large        
[2026-04-03T03:14:46.079+0600][20.065s][info][gc,reloc    ] GC(35) Y: Eden               0M (0%)            1M (0%)           1 / 0              0 / 0              0 / 0        
[2026-04-03T03:14:46.079+0600][20.065s][info][gc,heap     ] GC(35) Y: Min Capacity: 8M(1%)
[2026-04-03T03:14:46.079+0600][20.065s][info][gc,heap     ] GC(35) Y: Max Capacity: 750M(100%)
[2026-04-03T03:14:46.079+0600][20.065s][info][gc,heap     ] GC(35) Y: Soft Max Capacity: 750M(100%)
[2026-04-03T03:14:46.079+0600][20.065s][info][gc,heap     ] GC(35) Y: Heap Statistics:
[2026-04-03T03:14:46.079+0600][20.065s][info][gc,heap     ] GC(35) Y:                Mark Start          Mark End        Relocate Start      Relocate End           High               Low         
[2026-04-03T03:14:46.079+0600][20.065s][info][gc,heap     ] GC(35) Y:  Capacity:      750M (100%)        750M (100%)        750M (100%)        750M (100%)        750M (100%)        750M (100%)   
[2026-04-03T03:14:46.079+0600][20.065s][info][gc,heap     ] GC(35) Y:      Free:        0M (0%)            0M (0%)            0M (0%)            0M (0%)            0M (0%)            0M (0%)     
[2026-04-03T03:14:46.079+0600][20.065s][info][gc,heap     ] GC(35) Y:      Used:      750M (100%)        750M (100%)        750M (100%)        750M (100%)        750M (100%)        750M (100%)   
[2026-04-03T03:14:46.079+0600][20.065s][info][gc,heap     ] GC(35) Y: Young Generation Statistics:
[2026-04-03T03:14:46.079+0600][20.065s][info][gc,heap     ] GC(35) Y:                Mark Start          Mark End        Relocate Start      Relocate End    
[2026-04-03T03:14:46.079+0600][20.065s][info][gc,heap     ] GC(35) Y:      Used:        2M (0%)            2M (0%)            0M (0%)            0M (0%)     
[2026-04-03T03:14:46.079+0600][20.065s][info][gc,heap     ] GC(35) Y:      Live:         -                 0M (0%)            0M (0%)            0M (0%)     
[2026-04-03T03:14:46.079+0600][20.065s][info][gc,heap     ] GC(35) Y:   Garbage:         -                 1M (0%)            0M (0%)            0M (0%)     
[2026-04-03T03:14:46.079+0600][20.065s][info][gc,heap     ] GC(35) Y: Allocated:         -                 0M (0%)            0M (0%)            0M (0%)     
[2026-04-03T03:14:46.079+0600][20.065s][info][gc,heap     ] GC(35) Y: Reclaimed:         -                  -                 1M (0%)            1M (0%)     
[2026-04-03T03:14:46.079+0600][20.065s][info][gc,heap     ] GC(35) Y:  Promoted:         -                  -                 0M (0%)            0M (0%)     
[2026-04-03T03:14:46.079+0600][20.065s][info][gc,heap     ] GC(35) Y: Compacted:         -                  -                  -                 0M (0%)     
[2026-04-03T03:14:46.079+0600][20.065s][info][gc,phases   ] GC(35) Y: Young Generation (Promote All) 750M(100%)->750M(100%) 0.008s
[2026-04-03T03:14:46.079+0600][20.065s][info][gc,phases   ] GC(35) Y: Young Generation (Collect Roots)
[2026-04-03T03:14:46.079+0600][20.065s][info][gc,phases   ] GC(35) Y: Pause Mark Start (Major) 0.016ms
[2026-04-03T03:14:46.085+0600][20.071s][info][gc,phases   ] GC(35) Y: Concurrent Mark 5.389ms
[2026-04-03T03:14:46.085+0600][20.071s][info][gc,phases   ] GC(35) Y: Pause Mark End 0.029ms
[2026-04-03T03:14:46.085+0600][20.071s][info][gc,phases   ] GC(35) Y: Concurrent Mark Free 0.110ms
[2026-04-03T03:14:46.085+0600][20.071s][info][gc,phases   ] GC(35) Y: Concurrent Reset Relocation Set 0.004ms
[2026-04-03T03:14:46.086+0600][20.072s][info][gc,reloc    ] GC(35) Y: Using tenuring threshold: 0 (Computed)
[2026-04-03T03:14:46.087+0600][20.073s][info][gc,phases   ] GC(35) Y: Concurrent Select Relocation Set 1.618ms
[2026-04-03T03:14:46.087+0600][20.073s][info][gc,phases   ] GC(35) Y: Pause Relocate Start 0.013ms
[2026-04-03T03:14:46.087+0600][20.073s][info][gc,phases   ] GC(35) Y: Concurrent Relocate 0.086ms
[2026-04-03T03:14:46.087+0600][20.073s][info][gc,alloc    ] GC(35) Y:                         Mark Start        Mark End      Relocate Start    Relocate End   
[2026-04-03T03:14:46.087+0600][20.073s][info][gc,alloc    ] GC(35) Y: Allocation Stalls:          2                3                3                3         
[2026-04-03T03:14:46.087+0600][20.073s][info][gc,load     ] GC(35) Y: Load: 4.99 (42%) / 5.72 (48%) / 5.83 (49%)
[2026-04-03T03:14:46.087+0600][20.073s][info][gc,mmu      ] GC(35) Y: MMU: 2ms/97.2%, 5ms/98.8%, 10ms/99.1%, 20ms/99.3%, 50ms/99.6%, 100ms/99.7%
[2026-04-03T03:14:46.087+0600][20.073s][info][gc,marking  ] GC(35) Y: Mark: 2 stripe(s), 1 proactive flush(es), 1 terminate flush(es), 0 completion(s), 0 continuation(s) 
[2026-04-03T03:14:46.087+0600][20.073s][info][gc,marking  ] GC(35) Y: Mark Stack Usage: 0M
[2026-04-03T03:14:46.087+0600][20.073s][info][gc,nmethod  ] GC(35) Y: NMethods: 3014 registered, 285 unregistered
[2026-04-03T03:14:46.087+0600][20.073s][info][gc,metaspace] GC(35) Y: Metaspace: 47M used, 48M committed, 1088M reserved
[2026-04-03T03:14:46.087+0600][20.073s][info][gc,heap     ] GC(35) Y: Min Capacity: 8M(1%)
[2026-04-03T03:14:46.087+0600][20.073s][info][gc,heap     ] GC(35) Y: Max Capacity: 750M(100%)
[2026-04-03T03:14:46.087+0600][20.073s][info][gc,heap     ] GC(35) Y: Soft Max Capacity: 750M(100%)
[2026-04-03T03:14:46.087+0600][20.073s][info][gc,heap     ] GC(35) Y: Heap Statistics:
[2026-04-03T03:14:46.087+0600][20.073s][info][gc,heap     ] GC(35) Y:                Mark Start          Mark End        Relocate Start      Relocate End           High               Low         
[2026-04-03T03:14:46.087+0600][20.073s][info][gc,heap     ] GC(35) Y:  Capacity:      750M (100%)        750M (100%)        750M (100%)        750M (100%)        750M (100%)        750M (100%)   
[2026-04-03T03:14:46.087+0600][20.073s][info][gc,heap     ] GC(35) Y:      Free:        0M (0%)            0M (0%)            0M (0%)            0M (0%)            0M (0%)            0M (0%)     
[2026-04-03T03:14:46.087+0600][20.073s][info][gc,heap     ] GC(35) Y:      Used:      750M (100%)        750M (100%)        750M (100%)        750M (100%)        750M (100%)        750M (100%)   
[2026-04-03T03:14:46.087+0600][20.073s][info][gc,heap     ] GC(35) Y: Young Generation Statistics:
[2026-04-03T03:14:46.087+0600][20.073s][info][gc,heap     ] GC(35) Y:                Mark Start          Mark End        Relocate Start      Relocate End    
[2026-04-03T03:14:46.087+0600][20.073s][info][gc,heap     ] GC(35) Y:      Used:        0M (0%)            0M (0%)            0M (0%)            0M (0%)     
[2026-04-03T03:14:46.087+0600][20.073s][info][gc,heap     ] GC(35) Y:      Live:         -                 0M (0%)            0M (0%)            0M (0%)     
[2026-04-03T03:14:46.087+0600][20.073s][info][gc,heap     ] GC(35) Y:   Garbage:         -                 0M (0%)            0M (0%)            0M (0%)     
[2026-04-03T03:14:46.087+0600][20.073s][info][gc,heap     ] GC(35) Y: Allocated:         -                 0M (0%)            0M (0%)            0M (0%)     
[2026-04-03T03:14:46.087+0600][20.073s][info][gc,heap     ] GC(35) Y: Reclaimed:         -                  -                 0M (0%)            0M (0%)     
[2026-04-03T03:14:46.087+0600][20.073s][info][gc,heap     ] GC(35) Y:  Promoted:         -                  -                 0M (0%)            0M (0%)     
[2026-04-03T03:14:46.087+0600][20.073s][info][gc,heap     ] GC(35) Y: Compacted:         -                  -                  -                 0M (0%)     
[2026-04-03T03:14:46.087+0600][20.073s][info][gc,phases   ] GC(35) Y: Young Generation (Collect Roots) 750M(100%)->750M(100%) 0.008s
[2026-04-03T03:14:46.087+0600][20.073s][info][gc,phases   ] GC(35) O: Old Generation
[2026-04-03T03:14:46.087+0600][20.073s][info][gc          ] GC(36) Minor Collection (Allocation Stall)
[2026-04-03T03:14:46.087+0600][20.073s][info][gc,task     ] GC(36) Using 3 Workers for Young Generation
[2026-04-03T03:14:46.087+0600][20.073s][info][gc,phases   ] GC(36) y: Young Generation
[2026-04-03T03:14:46.087+0600][20.073s][info][gc,phases   ] GC(36) y: Pause Mark Start 0.013ms
[2026-04-03T03:14:46.092+0600][20.078s][info][gc,phases   ] GC(36) y: Concurrent Mark 4.443ms
[2026-04-03T03:14:46.092+0600][20.078s][info][gc,phases   ] GC(36) y: Pause Mark End 0.025ms
[2026-04-03T03:14:46.092+0600][20.078s][info][gc,phases   ] GC(36) y: Concurrent Mark Free 0.001ms
[2026-04-03T03:14:46.092+0600][20.078s][info][gc,phases   ] GC(36) y: Concurrent Reset Relocation Set 0.001ms
[2026-04-03T03:14:46.096+0600][20.082s][info][gc,reloc    ] GC(36) y: Using tenuring threshold: 0 (Computed)
[2026-04-03T03:14:46.096+0600][20.082s][info][gc,phases   ] GC(36) y: Concurrent Select Relocation Set 4.071ms
[2026-04-03T03:14:46.096+0600][20.082s][info][gc,phases   ] GC(36) y: Pause Relocate Start 0.048ms
[2026-04-03T03:14:46.097+0600][20.083s][info][gc,phases   ] GC(36) y: Concurrent Relocate 0.076ms
[2026-04-03T03:14:46.097+0600][20.083s][info][gc,alloc    ] GC(36) y:                         Mark Start        Mark End      Relocate Start    Relocate End   
[2026-04-03T03:14:46.097+0600][20.083s][info][gc,alloc    ] GC(36) y: Allocation Stalls:          3                3                3                3         
[2026-04-03T03:14:46.097+0600][20.083s][info][gc,load     ] GC(36) y: Load: 4.99 (42%) / 5.72 (48%) / 5.83 (49%)
[2026-04-03T03:14:46.097+0600][20.083s][info][gc,mmu      ] GC(36) y: MMU: 2ms/97.2%, 5ms/98.5%, 10ms/99.0%, 20ms/99.2%, 50ms/99.6%, 100ms/99.7%
[2026-04-03T03:14:46.097+0600][20.083s][info][gc,marking  ] GC(36) y: Mark: 2 stripe(s), 1 proactive flush(es), 1 terminate flush(es), 0 completion(s), 0 continuation(s) 
[2026-04-03T03:14:46.097+0600][20.083s][info][gc,marking  ] GC(36) y: Mark Stack Usage: 0M
[2026-04-03T03:14:46.097+0600][20.083s][info][gc,nmethod  ] GC(36) y: NMethods: 3014 registered, 285 unregistered
[2026-04-03T03:14:46.097+0600][20.083s][info][gc,metaspace] GC(36) y: Metaspace: 47M used, 48M committed, 1088M reserved
[2026-04-03T03:14:46.097+0600][20.083s][info][gc,heap     ] GC(36) y: Min Capacity: 8M(1%)
[2026-04-03T03:14:46.097+0600][20.083s][info][gc,heap     ] GC(36) y: Max Capacity: 750M(100%)
[2026-04-03T03:14:46.097+0600][20.083s][info][gc,heap     ] GC(36) y: Soft Max Capacity: 750M(100%)
[2026-04-03T03:14:46.097+0600][20.083s][info][gc,heap     ] GC(36) y: Heap Statistics:
[2026-04-03T03:14:46.097+0600][20.083s][info][gc,heap     ] GC(36) y:                Mark Start          Mark End        Relocate Start      Relocate End           High               Low         
[2026-04-03T03:14:46.097+0600][20.083s][info][gc,heap     ] GC(36) y:  Capacity:      750M (100%)        750M (100%)        750M (100%)        750M (100%)        750M (100%)        750M (100%)   
[2026-04-03T03:14:46.097+0600][20.083s][info][gc,heap     ] GC(36) y:      Free:        0M (0%)            0M (0%)            0M (0%)            0M (0%)            0M (0%)            0M (0%)     
[2026-04-03T03:14:46.097+0600][20.083s][info][gc,heap     ] GC(36) y:      Used:      750M (100%)        750M (100%)        750M (100%)        750M (100%)        750M (100%)        750M (100%)   
[2026-04-03T03:14:46.097+0600][20.083s][info][gc,heap     ] GC(36) y: Young Generation Statistics:
[2026-04-03T03:14:46.097+0600][20.083s][info][gc,heap     ] GC(36) y:                Mark Start          Mark End        Relocate Start      Relocate End    
[2026-04-03T03:14:46.097+0600][20.083s][info][gc,heap     ] GC(36) y:      Used:        0M (0%)            0M (0%)            0M (0%)            0M (0%)     
[2026-04-03T03:14:46.097+0600][20.083s][info][gc,heap     ] GC(36) y:      Live:         -                 0M (0%)            0M (0%)            0M (0%)     
[2026-04-03T03:14:46.097+0600][20.083s][info][gc,heap     ] GC(36) y:   Garbage:         -                 0M (0%)            0M (0%)            0M (0%)     
[2026-04-03T03:14:46.097+0600][20.083s][info][gc,heap     ] GC(36) y: Allocated:         -                 0M (0%)            0M (0%)            0M (0%)     
[2026-04-03T03:14:46.097+0600][20.083s][info][gc,heap     ] GC(36) y: Reclaimed:         -                  -                 0M (0%)            0M (0%)     
[2026-04-03T03:14:46.097+0600][20.083s][info][gc,heap     ] GC(36) y:  Promoted:         -                  -                 0M (0%)            0M (0%)     
[2026-04-03T03:14:46.097+0600][20.083s][info][gc,heap     ] GC(36) y: Compacted:         -                  -                  -                 0M (0%)     
[2026-04-03T03:14:46.097+0600][20.083s][info][gc,phases   ] GC(36) y: Young Generation 750M(100%)->750M(100%) 0.010s
[2026-04-03T03:14:46.097+0600][20.083s][info][gc          ] GC(36) Minor Collection (Allocation Stall) 750M(100%)->750M(100%) 0.010s
[2026-04-03T03:14:46.107+0600][20.093s][info][gc,phases   ] GC(35) O: Concurrent Mark 19.568ms
[2026-04-03T03:14:46.107+0600][20.093s][info][gc,phases   ] GC(35) O: Pause Mark End 0.023ms
[2026-04-03T03:14:46.107+0600][20.093s][info][gc,phases   ] GC(35) O: Concurrent Mark Free 0.001ms
[2026-04-03T03:14:46.107+0600][20.093s][info][gc,ref      ] GC(35) O: Clearing All SoftReferences
[2026-04-03T03:14:46.110+0600][20.096s][info][gc,phases   ] GC(35) O: Concurrent Process Non-Strong 3.344ms
[2026-04-03T03:14:46.110+0600][20.096s][info][gc,phases   ] GC(35) O: Concurrent Reset Relocation Set 0.002ms
[2026-04-03T03:14:46.111+0600][20.097s][info][gc          ] Allocation Stall (RemoteBlock-temp-file-clean-thread) 29.082ms
[2026-04-03T03:14:46.111+0600][20.097s][info][gc          ] Allocation Stall (main) 39.108ms
[2026-04-03T03:14:46.111+0600][20.097s][info][gc          ] Allocation Stall (Spark Context Cleaner) 998.548ms
[2026-04-03T03:14:46.114+0600][20.100s][info][gc,phases   ] GC(35) O: Concurrent Select Relocation Set 4.129ms
[2026-04-03T03:14:46.114+0600][20.100s][info][gc,task     ] GC(35) O: Using 3 Workers for Old Generation
[2026-04-03T03:14:46.131+0600][20.117s][info][gc,task     ] GC(35) O: Using 3 Workers for Old Generation
[2026-04-03T03:14:46.131+0600][20.117s][info][gc,phases   ] GC(35) O: Concurrent Remap Roots 16.362ms
[2026-04-03T03:14:46.131+0600][20.117s][info][gc,phases   ] GC(35) O: Pause Relocate Start 0.024ms
[2026-04-03T03:14:46.136+0600][20.122s][info][gc,phases   ] GC(35) O: Concurrent Relocate 4.978ms
[2026-04-03T03:14:46.136+0600][20.122s][info][gc,alloc    ] GC(35) O:                         Mark Start        Mark End      Relocate Start    Relocate End   
[2026-04-03T03:14:46.136+0600][20.122s][info][gc,alloc    ] GC(35) O: Allocation Stalls:          2                3                0                0         
[2026-04-03T03:14:46.136+0600][20.122s][info][gc,load     ] GC(35) O: Load: 4.99 (42%) / 5.72 (48%) / 5.83 (49%)
[2026-04-03T03:14:46.136+0600][20.122s][info][gc,mmu      ] GC(35) O: MMU: 2ms/97.2%, 5ms/98.5%, 10ms/99.0%, 20ms/99.2%, 50ms/99.5%, 100ms/99.7%
[2026-04-03T03:14:46.136+0600][20.122s][info][gc,marking  ] GC(35) O: Mark: 2 stripe(s), 2 proactive flush(es), 1 terminate flush(es), 0 completion(s), 0 continuation(s) 
[2026-04-03T03:14:46.136+0600][20.122s][info][gc,marking  ] GC(35) O: Mark Stack Usage: 32M
[2026-04-03T03:14:46.136+0600][20.122s][info][gc,nmethod  ] GC(35) O: NMethods: 3027 registered, 285 unregistered
[2026-04-03T03:14:46.136+0600][20.122s][info][gc,metaspace] GC(35) O: Metaspace: 47M used, 48M committed, 1088M reserved
[2026-04-03T03:14:46.136+0600][20.122s][info][gc,ref      ] GC(35) O:                       Encountered   Discovered     Enqueued 
[2026-04-03T03:14:46.136+0600][20.122s][info][gc,ref      ] GC(35) O: Soft References:             2423          830            0 
[2026-04-03T03:14:46.136+0600][20.122s][info][gc,ref      ] GC(35) O: Weak References:             2640          501            0 
[2026-04-03T03:14:46.136+0600][20.122s][info][gc,ref      ] GC(35) O: Final References:              82            0            0 
[2026-04-03T03:14:46.136+0600][20.122s][info][gc,ref      ] GC(35) O: Phantom References:           583          400            0 
[2026-04-03T03:14:46.136+0600][20.122s][info][gc,reloc    ] GC(35) O:                        Candidates     Selected     In-Place         Size        Empty    Relocated 
[2026-04-03T03:14:46.136+0600][20.122s][info][gc,reloc    ] GC(35) O: Small Pages:                  365           11            0         730M         682M           2M 
[2026-04-03T03:14:46.136+0600][20.122s][info][gc,reloc    ] GC(35) O: Medium Pages:                   1            0            0          16M           0M           0M 
[2026-04-03T03:14:46.136+0600][20.122s][info][gc,reloc    ] GC(35) O: Large Pages:                    1            0            0           4M           0M           0M 
[2026-04-03T03:14:46.136+0600][20.122s][info][gc,reloc    ] GC(35) O: Forwarding Usage: 1M
[2026-04-03T03:14:46.136+0600][20.123s][info][gc,heap     ] GC(35) O: Min Capacity: 8M(1%)
[2026-04-03T03:14:46.136+0600][20.123s][info][gc,heap     ] GC(35) O: Max Capacity: 750M(100%)
[2026-04-03T03:14:46.136+0600][20.123s][info][gc,heap     ] GC(35) O: Soft Max Capacity: 750M(100%)
[2026-04-03T03:14:46.137+0600][20.123s][info][gc,heap     ] GC(35) O: Heap Statistics:
[2026-04-03T03:14:46.137+0600][20.123s][info][gc,heap     ] GC(35) O:                Mark Start          Mark End        Relocate Start      Relocate End           High               Low         
[2026-04-03T03:14:46.137+0600][20.123s][info][gc,heap     ] GC(35) O:  Capacity:      750M (100%)        750M (100%)        750M (100%)        750M (100%)        750M (100%)        750M (100%)   
[2026-04-03T03:14:46.137+0600][20.123s][info][gc,heap     ] GC(35) O:      Free:        0M (0%)            0M (0%)          668M (89%)         684M (91%)         684M (91%)           0M (0%)     
[2026-04-03T03:14:46.137+0600][20.123s][info][gc,heap     ] GC(35) O:      Used:      750M (100%)        750M (100%)         82M (11%)          66M (9%)          750M (100%)         66M (9%)     
[2026-04-03T03:14:46.137+0600][20.123s][info][gc,heap     ] GC(35) O: Old Generation Statistics:
[2026-04-03T03:14:46.137+0600][20.123s][info][gc,heap     ] GC(35) O:                Mark Start          Mark End        Relocate Start      Relocate End    
[2026-04-03T03:14:46.137+0600][20.123s][info][gc,heap     ] GC(35) O:      Used:      750M (100%)        750M (100%)         68M (9%)           50M (7%)     
[2026-04-03T03:14:46.137+0600][20.123s][info][gc,heap     ] GC(35) O:      Live:         -                30M (4%)           30M (4%)           30M (4%)     
[2026-04-03T03:14:46.137+0600][20.123s][info][gc,heap     ] GC(35) O:   Garbage:         -               719M (96%)          37M (5%)           14M (2%)     
[2026-04-03T03:14:46.137+0600][20.123s][info][gc,heap     ] GC(35) O: Allocated:         -                 0M (0%)            0M (0%)            4M (1%)     
[2026-04-03T03:14:46.137+0600][20.123s][info][gc,heap     ] GC(35) O: Reclaimed:         -                  -               682M (91%)         704M (94%)    
[2026-04-03T03:14:46.137+0600][20.123s][info][gc,heap     ] GC(35) O: Compacted:         -                  -                  -                 5M (1%)     
[2026-04-03T03:14:46.137+0600][20.123s][info][gc,phases   ] GC(35) O: Old Generation 750M(100%)->66M(9%) 0.049s
[2026-04-03T03:14:46.137+0600][20.123s][info][gc          ] GC(35) Major Collection (Allocation Stall) 750M(100%)->66M(9%) 0.066s
[2026-04-03T03:14:46.744+0600][20.730s][info][gc,exit     ] Stopping ZGC
[2026-04-03T03:14:46.745+0600][20.731s][info][gc,stats    ] === Garbage Collection Statistics =======================================================================================================================
[2026-04-03T03:14:46.745+0600][20.731s][info][gc,stats    ]                                                              Last 10s              Last 10m              Last 10h                Total
[2026-04-03T03:14:46.745+0600][20.731s][info][gc,stats    ]                                                              Avg / Max             Avg / Max             Avg / Max             Avg / Max
[2026-04-03T03:14:46.745+0600][20.731s][info][gc,stats    ]        Contention: Mark Segment Reset Contention                     0 / 2                21 / 374              21 / 374              21 / 374         ops/s
[2026-04-03T03:14:46.745+0600][20.731s][info][gc,stats    ]        Contention: Mark SeqNum Reset Contention                      0 / 0                 0 / 9                 0 / 9                 0 / 9           ops/s
[2026-04-03T03:14:46.745+0600][20.731s][info][gc,stats    ]          Critical: Allocation Stall                                  3 / 6                 1 / 6                 1 / 6                 1 / 6           ops/s
[2026-04-03T03:14:46.745+0600][20.731s][info][gc,stats    ]          Critical: Allocation Stall                            806.113 / 2102.517    806.113 / 2102.517    806.113 / 2102.517    806.113 / 2102.517    ms
[2026-04-03T03:14:46.745+0600][20.731s][info][gc,stats    ]          Critical: JNI Critical Stall                                0 / 2                 0 / 2                 0 / 2                 0 / 2           ops/s
[2026-04-03T03:14:46.745+0600][20.731s][info][gc,stats    ]          Critical: JNI Critical Stall                            0.338 / 0.442         0.329 / 0.446         0.329 / 0.446         0.329 / 0.446       ms
[2026-04-03T03:14:46.745+0600][20.731s][info][gc,stats    ]          Critical: Relocation Stall                                  0 / 6                 0 / 6                 0 / 6                 0 / 6           ops/s
[2026-04-03T03:14:46.745+0600][20.731s][info][gc,stats    ]          Critical: Relocation Stall                              2.008 / 3.588         2.008 / 3.588         2.008 / 3.588         2.008 / 3.588       ms
[2026-04-03T03:14:46.745+0600][20.731s][info][gc,stats    ]  Major Collection: Major Collection                           1050.124 / 1769.065    700.179 / 1769.065    700.179 / 1769.065    700.179 / 1769.065    ms
[2026-04-03T03:14:46.745+0600][20.731s][info][gc,stats    ]            Memory: Allocation Rate                                  22 / 158              82 / 410              82 / 410              82 / 410         MB/s
[2026-04-03T03:14:46.745+0600][20.731s][info][gc,stats    ]            Memory: Defragment                                        2 / 24                1 / 24                1 / 24                1 / 24          ops/s
[2026-04-03T03:14:46.745+0600][20.731s][info][gc,stats    ]            Memory: Out Of Memory                                     0 / 2                 0 / 2                 0 / 2                 0 / 2           ops/s
[2026-04-03T03:14:46.745+0600][20.731s][info][gc,stats    ]            Memory: Page Cache Flush                                  4 / 48                2 / 48                2 / 48                2 / 48          MB/s
[2026-04-03T03:14:46.745+0600][20.731s][info][gc,stats    ]            Memory: Page Cache Hit L1                                10 / 65               23 / 80               23 / 80               23 / 80          ops/s
[2026-04-03T03:14:46.745+0600][20.731s][info][gc,stats    ]            Memory: Page Cache Hit L2                                 0 / 0                 0 / 0                 0 / 0                 0 / 0           ops/s
[2026-04-03T03:14:46.745+0600][20.731s][info][gc,stats    ]            Memory: Page Cache Hit L3                                 2 / 21                6 / 82                6 / 82                6 / 82          ops/s
[2026-04-03T03:14:46.745+0600][20.731s][info][gc,stats    ]            Memory: Page Cache Miss                                   0 / 0                11 / 205              11 / 205              11 / 205         ops/s
[2026-04-03T03:14:46.745+0600][20.731s][info][gc,stats    ]            Memory: Uncommit                                          0 / 0                 0 / 0                 0 / 0                 0 / 0           MB/s
[2026-04-03T03:14:46.745+0600][20.731s][info][gc,stats    ]            Memory: Undo Object Allocation Failed                     0 / 0                 0 / 0                 0 / 0                 0 / 0           ops/s
[2026-04-03T03:14:46.745+0600][20.731s][info][gc,stats    ]            Memory: Undo Object Allocation Succeeded                  0 / 0                 0 / 1                 0 / 1                 0 / 1           ops/s
[2026-04-03T03:14:46.745+0600][20.731s][info][gc,stats    ]            Memory: Undo Page Allocation                              0 / 0                 0 / 0                 0 / 0                 0 / 0           ops/s
[2026-04-03T03:14:46.745+0600][20.731s][info][gc,stats    ]  Minor Collection: Minor Collection                             72.708 / 694.056      72.708 / 694.056      72.708 / 694.056      72.708 / 694.056     ms
[2026-04-03T03:14:46.745+0600][20.731s][info][gc,stats    ]    Old Generation: Old Generation                              914.821 / 1100.170    601.456 / 1100.170    601.456 / 1100.170    601.456 / 1100.170    ms
[2026-04-03T03:14:46.745+0600][20.731s][info][gc,stats    ]         Old Pause: Pause Mark End                                0.025 / 0.033         0.023 / 0.033         0.023 / 0.033         0.023 / 0.033       ms
[2026-04-03T03:14:46.745+0600][20.731s][info][gc,stats    ]         Old Pause: Pause Relocate Start                          0.020 / 0.024         0.020 / 0.024         0.020 / 0.024         0.020 / 0.024       ms
[2026-04-03T03:14:46.745+0600][20.731s][info][gc,stats    ]         Old Phase: Concurrent Mark                             810.331 / 1077.208    523.676 / 1077.208    523.676 / 1077.208    523.676 / 1077.208    ms
[2026-04-03T03:14:46.745+0600][20.731s][info][gc,stats    ]         Old Phase: Concurrent Mark Continue                      0.000 / 0.000         0.000 / 0.000         0.000 / 0.000         0.000 / 0.000       ms
[2026-04-03T03:14:46.745+0600][20.731s][info][gc,stats    ]         Old Phase: Concurrent Mark Free                          0.001 / 0.002         0.003 / 0.025         0.003 / 0.025         0.003 / 0.025       ms
[2026-04-03T03:14:46.745+0600][20.731s][info][gc,stats    ]         Old Phase: Concurrent Process Non-Strong                 4.094 / 8.860         4.644 / 10.237        4.644 / 10.237        4.644 / 10.237      ms
[2026-04-03T03:14:46.745+0600][20.731s][info][gc,stats    ]         Old Phase: Concurrent Relocate                           3.836 / 13.693        3.342 / 13.693        3.342 / 13.693        3.342 / 13.693      ms
[2026-04-03T03:14:46.745+0600][20.731s][info][gc,stats    ]         Old Phase: Concurrent Remap Roots                       15.056 / 16.362       15.741 / 25.868       15.741 / 25.868       15.741 / 25.868      ms
[2026-04-03T03:14:46.745+0600][20.731s][info][gc,stats    ]         Old Phase: Concurrent Reset Relocation Set               0.002 / 0.005         0.002 / 0.005         0.002 / 0.005         0.002 / 0.005       ms
[2026-04-03T03:14:46.745+0600][20.731s][info][gc,stats    ]         Old Phase: Concurrent Select Relocation Set              2.564 / 4.157         2.897 / 5.400         2.897 / 5.400         2.897 / 5.400       ms
[2026-04-03T03:14:46.745+0600][20.731s][info][gc,stats    ]      Old Subphase: Concurrent Classes Purge                      0.042 / 0.188         0.078 / 0.214         0.078 / 0.214         0.078 / 0.214       ms
[2026-04-03T03:14:46.745+0600][20.731s][info][gc,stats    ]      Old Subphase: Concurrent Classes Unlink                     2.827 / 7.025         3.123 / 7.025         3.123 / 7.025         3.123 / 7.025       ms
[2026-04-03T03:14:46.745+0600][20.731s][info][gc,stats    ]      Old Subphase: Concurrent Mark Follow                      809.890 / 1076.852    523.282 / 1076.852    523.282 / 1076.852    523.282 / 1076.852    ms
[2026-04-03T03:14:46.745+0600][20.731s][info][gc,stats    ]      Old Subphase: Concurrent Mark Root Colored                  0.099 / 0.299         0.087 / 0.299         0.087 / 0.299         0.087 / 0.299       ms
[2026-04-03T03:14:46.745+0600][20.731s][info][gc,stats    ]      Old Subphase: Concurrent Mark Root Uncolored                0.196 / 0.458         0.179 / 0.458         0.179 / 0.458         0.179 / 0.458       ms
[2026-04-03T03:14:46.745+0600][20.731s][info][gc,stats    ]      Old Subphase: Concurrent Mark Roots                         0.436 / 0.931         0.388 / 0.931         0.388 / 0.931         0.388 / 0.931       ms
[2026-04-03T03:14:46.745+0600][20.731s][info][gc,stats    ]      Old Subphase: Concurrent References Enqueue                 0.001 / 0.005         0.001 / 0.005         0.001 / 0.005         0.001 / 0.005       ms
[2026-04-03T03:14:46.745+0600][20.731s][info][gc,stats    ]      Old Subphase: Concurrent References Process                 0.376 / 0.950         0.292 / 0.950         0.292 / 0.950         0.292 / 0.950       ms
[2026-04-03T03:14:46.745+0600][20.731s][info][gc,stats    ]      Old Subphase: Concurrent Remap Remembered                  12.250 / 13.627       13.038 / 23.857       13.038 / 23.857       13.038 / 23.857      ms
[2026-04-03T03:14:46.745+0600][20.731s][info][gc,stats    ]      Old Subphase: Concurrent Remap Roots Colored                1.680 / 2.169         1.362 / 2.169         1.362 / 2.169         1.362 / 2.169       ms
[2026-04-03T03:14:46.745+0600][20.731s][info][gc,stats    ]      Old Subphase: Concurrent Remap Roots Uncolored              0.883 / 1.167         0.725 / 1.167         0.725 / 1.167         0.725 / 1.167       ms
[2026-04-03T03:14:46.745+0600][20.731s][info][gc,stats    ]      Old Subphase: Concurrent Roots ClassLoaderDataGraph         0.930 / 1.771         0.786 / 1.771         0.786 / 1.771         0.786 / 1.771       ms
[2026-04-03T03:14:46.745+0600][20.731s][info][gc,stats    ]      Old Subphase: Concurrent Roots CodeCache                    0.759 / 0.937         0.640 / 0.937         0.640 / 0.937         0.640 / 0.937       ms
[2026-04-03T03:14:46.745+0600][20.731s][info][gc,stats    ]      Old Subphase: Concurrent Roots JavaThreads                  0.110 / 0.457         0.091 / 0.457         0.091 / 0.457         0.091 / 0.457       ms
[2026-04-03T03:14:46.745+0600][20.731s][info][gc,stats    ]      Old Subphase: Concurrent Roots OopStorageSet                0.014 / 0.056         0.013 / 0.056         0.013 / 0.056         0.013 / 0.056       ms
[2026-04-03T03:14:46.745+0600][20.731s][info][gc,stats    ]      Old Subphase: Concurrent Weak Roots OopStorageSet           0.293 / 0.592         0.299 / 1.979         0.299 / 1.979         0.299 / 1.979       ms
[2026-04-03T03:14:46.745+0600][20.731s][info][gc,stats    ]            System: Java Threads                                     59 / 59               52 / 59               52 / 59               52 / 59          threads
[2026-04-03T03:14:46.745+0600][20.731s][info][gc,stats    ]  Young Generation: Young Generation                           1034.920 / 1034.920    199.267 / 1034.920    199.267 / 1034.920    199.267 / 1034.920    ms
[2026-04-03T03:14:46.745+0600][20.731s][info][gc,stats    ]  Young Generation: Young Generation                             72.337 / 693.439      72.337 / 693.439      72.337 / 693.439      72.337 / 693.439     ms
[2026-04-03T03:14:46.745+0600][20.731s][info][gc,stats    ]  Young Generation: Young Generation (Collect Roots)              8.775 / 11.893        8.775 / 11.893        8.775 / 11.893        8.775 / 11.893      ms
[2026-04-03T03:14:46.745+0600][20.731s][info][gc,stats    ]  Young Generation: Young Generation (Promote All)               13.101 / 30.404       13.101 / 30.404       13.101 / 30.404       13.101 / 30.404      ms
[2026-04-03T03:14:46.745+0600][20.731s][info][gc,stats    ]       Young Pause: Pause Mark End                                0.021 / 0.035         0.021 / 0.035         0.021 / 0.035         0.021 / 0.035       ms
[2026-04-03T03:14:46.745+0600][20.731s][info][gc,stats    ]       Young Pause: Pause Mark Start                              0.019 / 0.056         0.019 / 0.056         0.019 / 0.056         0.019 / 0.056       ms
[2026-04-03T03:14:46.745+0600][20.731s][info][gc,stats    ]       Young Pause: Pause Mark Start (Major)                      0.017 / 0.025         0.019 / 0.033         0.019 / 0.033         0.019 / 0.033       ms
[2026-04-03T03:14:46.745+0600][20.731s][info][gc,stats    ]       Young Pause: Pause Relocate Start                          0.016 / 0.048         0.016 / 0.048         0.016 / 0.048         0.016 / 0.048       ms
[2026-04-03T03:14:46.745+0600][20.731s][info][gc,stats    ]       Young Phase: Concurrent Mark                              57.704 / 783.223      53.247 / 783.223      53.247 / 783.223      53.247 / 783.223     ms
[2026-04-03T03:14:46.745+0600][20.731s][info][gc,stats    ]       Young Phase: Concurrent Mark Continue                      0.000 / 0.000         0.000 / 0.000         0.000 / 0.000         0.000 / 0.000       ms
[2026-04-03T03:14:46.745+0600][20.731s][info][gc,stats    ]       Young Phase: Concurrent Mark Free                          0.028 / 0.204         0.025 / 0.204         0.025 / 0.204         0.025 / 0.204       ms
[2026-04-03T03:14:46.745+0600][20.731s][info][gc,stats    ]       Young Phase: Concurrent Relocate                           6.713 / 160.015       6.905 / 160.015       6.905 / 160.015       6.905 / 160.015     ms
[2026-04-03T03:14:46.745+0600][20.731s][info][gc,stats    ]       Young Phase: Concurrent Reset Relocation Set               0.010 / 0.187         0.009 / 0.187         0.009 / 0.187         0.009 / 0.187       ms
[2026-04-03T03:14:46.745+0600][20.731s][info][gc,stats    ]       Young Phase: Concurrent Select Relocation Set              5.821 / 90.566        5.725 / 90.566        5.725 / 90.566        5.725 / 90.566      ms
[2026-04-03T03:14:46.745+0600][20.731s][info][gc,stats    ]    Young Subphase: Concurrent Mark Follow                       53.961 / 777.754      49.535 / 777.754      49.535 / 777.754      49.535 / 777.754     ms
[2026-04-03T03:14:46.745+0600][20.731s][info][gc,stats    ]    Young Subphase: Concurrent Mark Root Colored                  2.486 / 6.952         2.426 / 6.952         2.426 / 6.952         2.426 / 6.952       ms
[2026-04-03T03:14:46.745+0600][20.731s][info][gc,stats    ]    Young Subphase: Concurrent Mark Root Uncolored                1.045 / 1.542         1.041 / 3.914         1.041 / 3.914         1.041 / 3.914       ms
[2026-04-03T03:14:46.745+0600][20.731s][info][gc,stats    ]    Young Subphase: Concurrent Mark Roots                         3.696 / 8.242         3.707 / 8.242         3.707 / 8.242         3.707 / 8.242       ms
[2026-04-03T03:14:46.745+0600][20.731s][info][gc,stats    ]    Young Subphase: Concurrent Relocate Remset FP                 6.012 / 157.690       5.413 / 157.690       5.413 / 157.690       5.413 / 157.690     ms
[2026-04-03T03:14:46.745+0600][20.731s][info][gc,stats    ]    Young Subphase: Concurrent Roots ClassLoaderDataGraph         1.984 / 3.476         1.912 / 3.476         1.912 / 3.476         1.912 / 3.476       ms
[2026-04-03T03:14:46.745+0600][20.731s][info][gc,stats    ]    Young Subphase: Concurrent Roots CodeCache                    0.857 / 1.219         0.830 / 2.072         0.830 / 2.072         0.830 / 2.072       ms
[2026-04-03T03:14:46.745+0600][20.731s][info][gc,stats    ]    Young Subphase: Concurrent Roots JavaThreads                  0.098 / 0.329         0.110 / 1.839         0.110 / 1.839         0.110 / 1.839       ms
[2026-04-03T03:14:46.745+0600][20.731s][info][gc,stats    ]    Young Subphase: Concurrent Roots OopStorageSet                0.154 / 3.659         0.140 / 3.659         0.140 / 3.659         0.140 / 3.659       ms
[2026-04-03T03:14:46.745+0600][20.731s][info][gc,stats    ]    Young Subphase: Concurrent Weak Roots OopStorageSet           0.416 / 1.752         0.432 / 1.863         0.432 / 1.863         0.432 / 1.863       ms
[2026-04-03T03:14:46.745+0600][20.731s][info][gc,stats    ] =========================================================================================================================================================
[2026-04-03T03:14:46.746+0600][20.732s][info][gc,heap,exit] Heap
[2026-04-03T03:14:46.746+0600][20.732s][info][gc,heap,exit]  ZHeap           used 104M, capacity 750M, max capacity 750M
[2026-04-03T03:14:46.746+0600][20.732s][info][gc,heap,exit]  Metaspace       used 49687K, committed 50048K, reserved 1114112K
[2026-04-03T03:14:46.746+0600][20.732s][info][gc,heap,exit]   class space    used 6233K, committed 6400K, reserved 1048576K
