[2026-04-03T03:27:55.427+0600][0.005s][info][gc,init] Initializing The Z Garbage Collector
[2026-04-03T03:27:55.427+0600][0.005s][info][gc,init] Version: 21.0.10+7-Ubuntu-124.04 (release)
[2026-04-03T03:27:55.427+0600][0.005s][info][gc,init] NUMA Support: Disabled
[2026-04-03T03:27:55.427+0600][0.005s][info][gc,init] CPUs: 12 total, 12 available
[2026-04-03T03:27:55.427+0600][0.005s][info][gc,init] Memory: 15683M
[2026-04-03T03:27:55.427+0600][0.005s][info][gc,init] Large Page Support: Disabled
[2026-04-03T03:27:55.427+0600][0.005s][info][gc,init] Address Space Type: Contiguous/Unrestricted/Complete
[2026-04-03T03:27:55.427+0600][0.005s][info][gc,init] Address Space Size: 24000M
[2026-04-03T03:27:55.427+0600][0.005s][info][gc,init] Heap Backing File: /memfd:java_heap
[2026-04-03T03:27:55.427+0600][0.005s][info][gc,init] Heap Backing Filesystem: tmpfs (0x1021994)
[2026-04-03T03:27:55.427+0600][0.006s][info][gc,init] Min Capacity: 8M
[2026-04-03T03:27:55.427+0600][0.006s][info][gc,init] Initial Capacity: 246M
[2026-04-03T03:27:55.427+0600][0.006s][info][gc,init] Max Capacity: 1500M
[2026-04-03T03:27:55.428+0600][0.006s][info][gc,init] Soft Max Capacity: 1500M
[2026-04-03T03:27:55.428+0600][0.006s][info][gc,init] Medium Page Size: 32M
[2026-04-03T03:27:55.428+0600][0.006s][info][gc,init] Pre-touch: Disabled
[2026-04-03T03:27:55.428+0600][0.006s][info][gc,init] Available space on backing filesystem: N/A
[2026-04-03T03:27:55.428+0600][0.007s][info][gc,init] Uncommit: Enabled
[2026-04-03T03:27:55.428+0600][0.007s][info][gc,init] Uncommit Delay: 300s
[2026-04-03T03:27:55.428+0600][0.007s][info][gc,init] GC Workers for Old Generation: 3 (dynamic)
[2026-04-03T03:27:55.429+0600][0.008s][info][gc,init] GC Workers for Young Generation: 3 (dynamic)
[2026-04-03T03:27:55.504+0600][0.082s][info][gc,init] GC Workers Max: 3 (dynamic)
[2026-04-03T03:27:55.505+0600][0.083s][info][gc,init] Runtime Workers: 8
[2026-04-03T03:27:55.506+0600][0.084s][info][gc     ] Using The Z Garbage Collector
[2026-04-03T03:27:55.515+0600][0.093s][info][gc,metaspace] CDS archive(s) mapped at: [0x00007d12ff000000-0x00007d12ffc9c000-0x00007d12ffc9c000), size 13221888, SharedBaseAddress: 0x00007d12ff000000, ArchiveRelocationMode: 1.
[2026-04-03T03:27:55.515+0600][0.093s][info][gc,metaspace] Compressed class space mapped at: 0x00007d1300000000-0x00007d1340000000, reserved size: 1073741824
[2026-04-03T03:27:55.515+0600][0.093s][info][gc,metaspace] Narrow klass base: 0x00007d12ff000000, Narrow klass shift: 0, Narrow klass range: 0x100000000
[2026-04-03T03:27:56.145+0600][0.723s][info][gc          ] GC(0) Major Collection (Warmup)
[2026-04-03T03:27:56.145+0600][0.723s][info][gc,task     ] GC(0) Using 3 Workers for Young Generation
[2026-04-03T03:27:56.145+0600][0.723s][info][gc,task     ] GC(0) Using 2 Workers for Old Generation
[2026-04-03T03:27:56.145+0600][0.723s][info][gc,phases   ] GC(0) Y: Young Generation
[2026-04-03T03:27:56.145+0600][0.723s][info][gc,phases   ] GC(0) Y: Pause Mark Start (Major) 0.018ms
[2026-04-03T03:27:56.151+0600][0.729s][info][gc,phases   ] GC(0) Y: Concurrent Mark 5.397ms
[2026-04-03T03:27:56.151+0600][0.729s][info][gc,phases   ] GC(0) Y: Pause Mark End 0.017ms
[2026-04-03T03:27:56.151+0600][0.729s][info][gc,phases   ] GC(0) Y: Concurrent Mark Free 0.001ms
[2026-04-03T03:27:56.151+0600][0.729s][info][gc,phases   ] GC(0) Y: Concurrent Reset Relocation Set 0.000ms
[2026-04-03T03:27:56.157+0600][0.735s][info][gc,reloc    ] GC(0) Y: Using tenuring threshold: 1 (Computed)
[2026-04-03T03:27:56.158+0600][0.736s][info][gc,phases   ] GC(0) Y: Concurrent Select Relocation Set 6.842ms
[2026-04-03T03:27:56.158+0600][0.736s][info][gc,phases   ] GC(0) Y: Pause Relocate Start 0.015ms
[2026-04-03T03:27:56.161+0600][0.739s][info][gc,phases   ] GC(0) Y: Concurrent Relocate 2.697ms
[2026-04-03T03:27:56.161+0600][0.739s][info][gc,alloc    ] GC(0) Y:                         Mark Start        Mark End      Relocate Start    Relocate End   
[2026-04-03T03:27:56.161+0600][0.739s][info][gc,alloc    ] GC(0) Y: Allocation Stalls:          0                0                0                0         
[2026-04-03T03:27:56.161+0600][0.739s][info][gc,load     ] GC(0) Y: Load: 4.59 (38%) / 4.64 (39%) / 5.09 (42%)
[2026-04-03T03:27:56.161+0600][0.739s][info][gc,mmu      ] GC(0) Y: MMU: 2ms/99.1%, 5ms/99.6%, 10ms/99.6%, 20ms/99.7%, 50ms/99.9%, 100ms/99.9%
[2026-04-03T03:27:56.161+0600][0.739s][info][gc,marking  ] GC(0) Y: Mark: 2 stripe(s), 2 proactive flush(es), 1 terminate flush(es), 0 completion(s), 0 continuation(s) 
[2026-04-03T03:27:56.161+0600][0.739s][info][gc,marking  ] GC(0) Y: Mark Stack Usage: 32M
[2026-04-03T03:27:56.161+0600][0.739s][info][gc,nmethod  ] GC(0) Y: NMethods: 799 registered, 0 unregistered
[2026-04-03T03:27:56.161+0600][0.739s][info][gc,metaspace] GC(0) Y: Metaspace: 5M used, 5M committed, 1088M reserved
[2026-04-03T03:27:56.161+0600][0.739s][info][gc,reloc    ] GC(0) Y:                        Candidates     Selected     In-Place         Size        Empty    Relocated 
[2026-04-03T03:27:56.161+0600][0.739s][info][gc,reloc    ] GC(0) Y: Small Pages:                   76           73            0         152M           0M           1M 
[2026-04-03T03:27:56.161+0600][0.739s][info][gc,reloc    ] GC(0) Y: Medium Pages:                   0            0            0           0M           0M           0M 
[2026-04-03T03:27:56.161+0600][0.739s][info][gc,reloc    ] GC(0) Y: Large Pages:                    0            0            0           0M           0M           0M 
[2026-04-03T03:27:56.161+0600][0.739s][info][gc,reloc    ] GC(0) Y: Forwarding Usage: 0M
[2026-04-03T03:27:56.161+0600][0.739s][info][gc,reloc    ] GC(0) Y: Age Table:
[2026-04-03T03:27:56.161+0600][0.739s][info][gc,reloc    ] GC(0) Y:                    Live             Garbage             Small              Medium             Large        
[2026-04-03T03:27:56.161+0600][0.739s][info][gc,reloc    ] GC(0) Y: Eden               4M (0%)          147M (10%)         76 / 73             0 / 0              0 / 0        
[2026-04-03T03:27:56.161+0600][0.739s][info][gc,heap     ] GC(0) Y: Min Capacity: 8M(1%)
[2026-04-03T03:27:56.161+0600][0.739s][info][gc,heap     ] GC(0) Y: Max Capacity: 1500M(100%)
[2026-04-03T03:27:56.161+0600][0.739s][info][gc,heap     ] GC(0) Y: Soft Max Capacity: 1500M(100%)
[2026-04-03T03:27:56.161+0600][0.739s][info][gc,heap     ] GC(0) Y: Heap Statistics:
[2026-04-03T03:27:56.161+0600][0.739s][info][gc,heap     ] GC(0) Y:                Mark Start          Mark End        Relocate Start      Relocate End           High               Low         
[2026-04-03T03:27:56.161+0600][0.739s][info][gc,heap     ] GC(0) Y:  Capacity:      246M (16%)         246M (16%)         246M (16%)         246M (16%)         246M (16%)         246M (16%)    
[2026-04-03T03:27:56.161+0600][0.739s][info][gc,heap     ] GC(0) Y:      Free:     1348M (90%)        1346M (90%)        1342M (89%)        1478M (99%)        1478M (99%)        1332M (89%)    
[2026-04-03T03:27:56.161+0600][0.739s][info][gc,heap     ] GC(0) Y:      Used:      152M (10%)         154M (10%)         158M (11%)          22M (1%)          168M (11%)          22M (1%)     
[2026-04-03T03:27:56.161+0600][0.739s][info][gc,heap     ] GC(0) Y: Young Generation Statistics:
[2026-04-03T03:27:56.161+0600][0.739s][info][gc,heap     ] GC(0) Y:                Mark Start          Mark End        Relocate Start      Relocate End    
[2026-04-03T03:27:56.161+0600][0.739s][info][gc,heap     ] GC(0) Y:      Used:      152M (10%)         154M (10%)         158M (11%)          22M (1%)     
[2026-04-03T03:27:56.161+0600][0.739s][info][gc,heap     ] GC(0) Y:      Live:         -                 4M (0%)            4M (0%)            4M (0%)     
[2026-04-03T03:27:56.161+0600][0.739s][info][gc,heap     ] GC(0) Y:   Garbage:         -               147M (10%)         147M (10%)           1M (0%)     
[2026-04-03T03:27:56.161+0600][0.740s][info][gc,heap     ] GC(0) Y: Allocated:         -                 2M (0%)            6M (0%)           16M (1%)     
[2026-04-03T03:27:56.161+0600][0.740s][info][gc,heap     ] GC(0) Y: Reclaimed:         -                  -                 0M (0%)          146M (10%)    
[2026-04-03T03:27:56.161+0600][0.740s][info][gc,heap     ] GC(0) Y:  Promoted:         -                  -                 0M (0%)            0M (0%)     
[2026-04-03T03:27:56.161+0600][0.740s][info][gc,heap     ] GC(0) Y: Compacted:         -                  -                  -                 1M (0%)     
[2026-04-03T03:27:56.161+0600][0.740s][info][gc,phases   ] GC(0) Y: Young Generation 152M(10%)->22M(1%) 0.016s
[2026-04-03T03:27:56.161+0600][0.740s][info][gc,phases   ] GC(0) O: Old Generation
[2026-04-03T03:27:56.162+0600][0.740s][info][gc,phases   ] GC(0) O: Concurrent Mark 0.701ms
[2026-04-03T03:27:56.162+0600][0.740s][info][gc,phases   ] GC(0) O: Pause Mark End 0.016ms
[2026-04-03T03:27:56.162+0600][0.741s][info][gc,phases   ] GC(0) O: Concurrent Mark Free 0.018ms
[2026-04-03T03:27:56.164+0600][0.742s][info][gc,phases   ] GC(0) O: Concurrent Process Non-Strong 1.467ms
[2026-04-03T03:27:56.164+0600][0.742s][info][gc,phases   ] GC(0) O: Concurrent Reset Relocation Set 0.002ms
[2026-04-03T03:27:56.168+0600][0.746s][info][gc,phases   ] GC(0) O: Concurrent Select Relocation Set 4.166ms
[2026-04-03T03:27:56.168+0600][0.746s][info][gc,task     ] GC(0) O: Using 3 Workers for Old Generation
[2026-04-03T03:27:56.181+0600][0.759s][info][gc,task     ] GC(0) O: Using 2 Workers for Old Generation
[2026-04-03T03:27:56.181+0600][0.759s][info][gc,phases   ] GC(0) O: Concurrent Remap Roots 12.679ms
[2026-04-03T03:27:56.181+0600][0.759s][info][gc,phases   ] GC(0) O: Pause Relocate Start 0.020ms
[2026-04-03T03:27:56.181+0600][0.760s][info][gc,phases   ] GC(0) O: Concurrent Relocate 0.220ms
[2026-04-03T03:27:56.182+0600][0.760s][info][gc,alloc    ] GC(0) O:                         Mark Start        Mark End      Relocate Start    Relocate End   
[2026-04-03T03:27:56.182+0600][0.760s][info][gc,alloc    ] GC(0) O: Allocation Stalls:          0                0                0                0         
[2026-04-03T03:27:56.182+0600][0.760s][info][gc,load     ] GC(0) O: Load: 4.59 (38%) / 4.64 (39%) / 5.09 (42%)
[2026-04-03T03:27:56.182+0600][0.760s][info][gc,mmu      ] GC(0) O: MMU: 2ms/99.0%, 5ms/99.4%, 10ms/99.6%, 20ms/99.7%, 50ms/99.8%, 100ms/99.9%
[2026-04-03T03:27:56.182+0600][0.760s][info][gc,marking  ] GC(0) O: Mark: 2 stripe(s), 1 proactive flush(es), 1 terminate flush(es), 0 completion(s), 0 continuation(s) 
[2026-04-03T03:27:56.182+0600][0.760s][info][gc,marking  ] GC(0) O: Mark Stack Usage: 0M
[2026-04-03T03:27:56.182+0600][0.760s][info][gc,nmethod  ] GC(0) O: NMethods: 742 registered, 77 unregistered
[2026-04-03T03:27:56.182+0600][0.760s][info][gc,metaspace] GC(0) O: Metaspace: 5M used, 5M committed, 1088M reserved
[2026-04-03T03:27:56.182+0600][0.760s][info][gc,ref      ] GC(0) O:                       Encountered   Discovered     Enqueued 
[2026-04-03T03:27:56.182+0600][0.760s][info][gc,ref      ] GC(0) O: Soft References:              138            0            0 
[2026-04-03T03:27:56.182+0600][0.760s][info][gc,ref      ] GC(0) O: Weak References:              412            0            0 
[2026-04-03T03:27:56.182+0600][0.760s][info][gc,ref      ] GC(0) O: Final References:               0            0            0 
[2026-04-03T03:27:56.182+0600][0.760s][info][gc,ref      ] GC(0) O: Phantom References:            25            0            0 
[2026-04-03T03:27:56.182+0600][0.760s][info][gc,heap     ] GC(0) O: Min Capacity: 8M(1%)
[2026-04-03T03:27:56.182+0600][0.760s][info][gc,heap     ] GC(0) O: Max Capacity: 1500M(100%)
[2026-04-03T03:27:56.182+0600][0.760s][info][gc,heap     ] GC(0) O: Soft Max Capacity: 1500M(100%)
[2026-04-03T03:27:56.182+0600][0.760s][info][gc,heap     ] GC(0) O: Heap Statistics:
[2026-04-03T03:27:56.182+0600][0.760s][info][gc,heap     ] GC(0) O:                Mark Start          Mark End        Relocate Start      Relocate End           High               Low         
[2026-04-03T03:27:56.182+0600][0.760s][info][gc,heap     ] GC(0) O:  Capacity:      246M (16%)         246M (16%)         246M (16%)         246M (16%)         246M (16%)         246M (16%)    
[2026-04-03T03:27:56.182+0600][0.760s][info][gc,heap     ] GC(0) O:      Free:     1348M (90%)        1478M (99%)        1470M (98%)        1470M (98%)        1478M (99%)        1332M (89%)    
[2026-04-03T03:27:56.182+0600][0.760s][info][gc,heap     ] GC(0) O:      Used:      152M (10%)          22M (1%)           30M (2%)           30M (2%)          168M (11%)          22M (1%)     
[2026-04-03T03:27:56.182+0600][0.760s][info][gc,heap     ] GC(0) O: Old Generation Statistics:
[2026-04-03T03:27:56.182+0600][0.760s][info][gc,heap     ] GC(0) O:                Mark Start          Mark End        Relocate Start      Relocate End    
[2026-04-03T03:27:56.182+0600][0.760s][info][gc,heap     ] GC(0) O:      Used:        0M (0%)            0M (0%)            0M (0%)            0M (0%)     
[2026-04-03T03:27:56.182+0600][0.760s][info][gc,heap     ] GC(0) O:      Live:         -                 0M (0%)            0M (0%)            0M (0%)     
[2026-04-03T03:27:56.182+0600][0.760s][info][gc,heap     ] GC(0) O:   Garbage:         -                 0M (0%)            0M (0%)            0M (0%)     
[2026-04-03T03:27:56.182+0600][0.760s][info][gc,heap     ] GC(0) O: Allocated:         -                 0M (0%)            0M (0%)            0M (0%)     
[2026-04-03T03:27:56.182+0600][0.760s][info][gc,heap     ] GC(0) O: Reclaimed:         -                  -                 0M (0%)            0M (0%)     
[2026-04-03T03:27:56.182+0600][0.760s][info][gc,heap     ] GC(0) O: Compacted:         -                  -                  -                 0M (0%)     
[2026-04-03T03:27:56.182+0600][0.760s][info][gc,phases   ] GC(0) O: Old Generation 22M(1%)->30M(2%) 0.020s
[2026-04-03T03:27:56.182+0600][0.760s][info][gc          ] GC(0) Major Collection (Warmup) 152M(10%)->30M(2%) 0.037s
[2026-04-03T03:27:58.448+0600][3.026s][info][gc          ] GC(1) Major Collection (Warmup)
[2026-04-03T03:27:58.448+0600][3.026s][info][gc,task     ] GC(1) Using 3 Workers for Young Generation
[2026-04-03T03:27:58.448+0600][3.026s][info][gc,task     ] GC(1) Using 1 Workers for Old Generation
[2026-04-03T03:27:58.448+0600][3.026s][info][gc,phases   ] GC(1) Y: Young Generation
[2026-04-03T03:27:58.448+0600][3.027s][info][gc,phases   ] GC(1) Y: Pause Mark Start (Major) 0.020ms
[2026-04-03T03:27:58.458+0600][3.036s][info][gc,phases   ] GC(1) Y: Concurrent Mark 9.463ms
[2026-04-03T03:27:58.458+0600][3.036s][info][gc,phases   ] GC(1) Y: Pause Mark End 0.018ms
[2026-04-03T03:27:58.458+0600][3.037s][info][gc,phases   ] GC(1) Y: Concurrent Mark Free 0.001ms
[2026-04-03T03:27:58.458+0600][3.037s][info][gc,phases   ] GC(1) Y: Concurrent Reset Relocation Set 0.011ms
[2026-04-03T03:27:58.461+0600][3.039s][info][gc,reloc    ] GC(1) Y: Using tenuring threshold: 2 (Computed)
[2026-04-03T03:27:58.463+0600][3.041s][info][gc,phases   ] GC(1) Y: Concurrent Select Relocation Set 4.255ms
[2026-04-03T03:27:58.463+0600][3.041s][info][gc,phases   ] GC(1) Y: Pause Relocate Start 0.062ms
[2026-04-03T03:27:58.470+0600][3.048s][info][gc,phases   ] GC(1) Y: Concurrent Relocate 7.195ms
[2026-04-03T03:27:58.470+0600][3.048s][info][gc,alloc    ] GC(1) Y:                         Mark Start        Mark End      Relocate Start    Relocate End   
[2026-04-03T03:27:58.470+0600][3.048s][info][gc,alloc    ] GC(1) Y: Allocation Stalls:          0                0                0                0         
[2026-04-03T03:27:58.470+0600][3.048s][info][gc,load     ] GC(1) Y: Load: 4.59 (38%) / 4.64 (39%) / 5.09 (42%)
[2026-04-03T03:27:58.470+0600][3.048s][info][gc,mmu      ] GC(1) Y: MMU: 2ms/96.9%, 5ms/98.4%, 10ms/99.2%, 20ms/99.5%, 50ms/99.8%, 100ms/99.9%
[2026-04-03T03:27:58.470+0600][3.048s][info][gc,marking  ] GC(1) Y: Mark: 2 stripe(s), 2 proactive flush(es), 1 terminate flush(es), 0 completion(s), 0 continuation(s) 
[2026-04-03T03:27:58.470+0600][3.048s][info][gc,marking  ] GC(1) Y: Mark Stack Usage: 32M
[2026-04-03T03:27:58.470+0600][3.048s][info][gc,nmethod  ] GC(1) Y: NMethods: 1360 registered, 0 unregistered
[2026-04-03T03:27:58.470+0600][3.048s][info][gc,metaspace] GC(1) Y: Metaspace: 13M used, 13M committed, 1088M reserved
[2026-04-03T03:27:58.470+0600][3.049s][info][gc,reloc    ] GC(1) Y:                        Candidates     Selected     In-Place         Size        Empty    Relocated 
[2026-04-03T03:27:58.470+0600][3.049s][info][gc,reloc    ] GC(1) Y: Small Pages:                  134          128            0         268M           0M           4M 
[2026-04-03T03:27:58.470+0600][3.049s][info][gc,reloc    ] GC(1) Y: Medium Pages:                   1            0            0          32M           0M           0M 
[2026-04-03T03:27:58.470+0600][3.049s][info][gc,reloc    ] GC(1) Y: Large Pages:                    0            0            0           0M           0M           0M 
[2026-04-03T03:27:58.470+0600][3.049s][info][gc,reloc    ] GC(1) Y: Forwarding Usage: 1M
[2026-04-03T03:27:58.470+0600][3.049s][info][gc,reloc    ] GC(1) Y: Age Table:
[2026-04-03T03:27:58.470+0600][3.049s][info][gc,reloc    ] GC(1) Y:                    Live             Garbage             Small              Medium             Large        
[2026-04-03T03:27:58.470+0600][3.049s][info][gc,reloc    ] GC(1) Y: Eden              10M (1%)          275M (18%)        127 / 124            1 / 0              0 / 0        
[2026-04-03T03:27:58.470+0600][3.049s][info][gc,reloc    ] GC(1) Y: Survivor 1         3M (0%)           10M (1%)           7 / 4              0 / 0              0 / 0        
[2026-04-03T03:27:58.470+0600][3.049s][info][gc,heap     ] GC(1) Y: Min Capacity: 8M(1%)
[2026-04-03T03:27:58.470+0600][3.049s][info][gc,heap     ] GC(1) Y: Max Capacity: 1500M(100%)
[2026-04-03T03:27:58.470+0600][3.049s][info][gc,heap     ] GC(1) Y: Soft Max Capacity: 1500M(100%)
[2026-04-03T03:27:58.470+0600][3.049s][info][gc,heap     ] GC(1) Y: Heap Statistics:
[2026-04-03T03:27:58.470+0600][3.049s][info][gc,heap     ] GC(1) Y:                Mark Start          Mark End        Relocate Start      Relocate End           High               Low         
[2026-04-03T03:27:58.470+0600][3.049s][info][gc,heap     ] GC(1) Y:  Capacity:      300M (20%)         302M (20%)         302M (20%)         312M (21%)         312M (21%)         300M (20%)    
[2026-04-03T03:27:58.470+0600][3.049s][info][gc,heap     ] GC(1) Y:      Free:     1200M (80%)        1198M (80%)        1198M (80%)        1444M (96%)        1444M (96%)        1188M (79%)    
[2026-04-03T03:27:58.470+0600][3.049s][info][gc,heap     ] GC(1) Y:      Used:      300M (20%)         302M (20%)         302M (20%)          56M (4%)          312M (21%)          56M (4%)     
[2026-04-03T03:27:58.470+0600][3.049s][info][gc,heap     ] GC(1) Y: Young Generation Statistics:
[2026-04-03T03:27:58.470+0600][3.049s][info][gc,heap     ] GC(1) Y:                Mark Start          Mark End        Relocate Start      Relocate End    
[2026-04-03T03:27:58.470+0600][3.049s][info][gc,heap     ] GC(1) Y:      Used:      300M (20%)         302M (20%)         302M (20%)          56M (4%)     
[2026-04-03T03:27:58.470+0600][3.049s][info][gc,heap     ] GC(1) Y:      Live:         -                14M (1%)           14M (1%)           14M (1%)     
[2026-04-03T03:27:58.470+0600][3.049s][info][gc,heap     ] GC(1) Y:   Garbage:         -               285M (19%)         285M (19%)          28M (2%)     
[2026-04-03T03:27:58.470+0600][3.049s][info][gc,heap     ] GC(1) Y: Allocated:         -                 2M (0%)            2M (0%)           13M (1%)     
[2026-04-03T03:27:58.470+0600][3.049s][info][gc,heap     ] GC(1) Y: Reclaimed:         -                  -                 0M (0%)          257M (17%)    
[2026-04-03T03:27:58.470+0600][3.049s][info][gc,heap     ] GC(1) Y:  Promoted:         -                  -                 0M (0%)            0M (0%)     
[2026-04-03T03:27:58.470+0600][3.049s][info][gc,heap     ] GC(1) Y: Compacted:         -                  -                  -                 6M (0%)     
[2026-04-03T03:27:58.470+0600][3.049s][info][gc,phases   ] GC(1) Y: Young Generation 300M(20%)->56M(4%) 0.022s
[2026-04-03T03:27:58.470+0600][3.049s][info][gc,phases   ] GC(1) O: Old Generation
[2026-04-03T03:27:58.472+0600][3.050s][info][gc,phases   ] GC(1) O: Concurrent Mark 1.442ms
[2026-04-03T03:27:58.472+0600][3.050s][info][gc,phases   ] GC(1) O: Pause Mark End 0.024ms
[2026-04-03T03:27:58.472+0600][3.051s][info][gc,phases   ] GC(1) O: Concurrent Mark Free 0.002ms
[2026-04-03T03:27:58.478+0600][3.056s][info][gc,phases   ] GC(1) O: Concurrent Process Non-Strong 5.631ms
[2026-04-03T03:27:58.478+0600][3.056s][info][gc,phases   ] GC(1) O: Concurrent Reset Relocation Set 0.001ms
[2026-04-03T03:27:58.480+0600][3.058s][info][gc,phases   ] GC(1) O: Concurrent Select Relocation Set 1.573ms
[2026-04-03T03:27:58.480+0600][3.058s][info][gc,task     ] GC(1) O: Using 3 Workers for Old Generation
[2026-04-03T03:27:58.494+0600][3.072s][info][gc,task     ] GC(1) O: Using 1 Workers for Old Generation
[2026-04-03T03:27:58.494+0600][3.072s][info][gc,phases   ] GC(1) O: Concurrent Remap Roots 13.980ms
[2026-04-03T03:27:58.494+0600][3.072s][info][gc,phases   ] GC(1) O: Pause Relocate Start 0.021ms
[2026-04-03T03:27:58.495+0600][3.073s][info][gc,phases   ] GC(1) O: Concurrent Relocate 0.268ms
[2026-04-03T03:27:58.495+0600][3.073s][info][gc,alloc    ] GC(1) O:                         Mark Start        Mark End      Relocate Start    Relocate End   
[2026-04-03T03:27:58.495+0600][3.073s][info][gc,alloc    ] GC(1) O: Allocation Stalls:          0                0                0                0         
[2026-04-03T03:27:58.495+0600][3.073s][info][gc,load     ] GC(1) O: Load: 4.59 (38%) / 4.64 (39%) / 5.09 (42%)
[2026-04-03T03:27:58.495+0600][3.073s][info][gc,mmu      ] GC(1) O: MMU: 2ms/96.9%, 5ms/98.4%, 10ms/99.1%, 20ms/99.5%, 50ms/99.7%, 100ms/99.9%
[2026-04-03T03:27:58.495+0600][3.073s][info][gc,marking  ] GC(1) O: Mark: 1 stripe(s), 1 proactive flush(es), 1 terminate flush(es), 0 completion(s), 0 continuation(s) 
[2026-04-03T03:27:58.495+0600][3.073s][info][gc,marking  ] GC(1) O: Mark Stack Usage: 0M
[2026-04-03T03:27:58.495+0600][3.073s][info][gc,nmethod  ] GC(1) O: NMethods: 1260 registered, 104 unregistered
[2026-04-03T03:27:58.495+0600][3.073s][info][gc,metaspace] GC(1) O: Metaspace: 13M used, 13M committed, 1088M reserved
[2026-04-03T03:27:58.495+0600][3.073s][info][gc,ref      ] GC(1) O:                       Encountered   Discovered     Enqueued 
[2026-04-03T03:27:58.495+0600][3.073s][info][gc,ref      ] GC(1) O: Soft References:              266            0            0 
[2026-04-03T03:27:58.495+0600][3.073s][info][gc,ref      ] GC(1) O: Weak References:             1039            0            0 
[2026-04-03T03:27:58.495+0600][3.073s][info][gc,ref      ] GC(1) O: Final References:               0            0            0 
[2026-04-03T03:27:58.495+0600][3.073s][info][gc,ref      ] GC(1) O: Phantom References:           311            0            0 
[2026-04-03T03:27:58.495+0600][3.073s][info][gc,heap     ] GC(1) O: Min Capacity: 8M(1%)
[2026-04-03T03:27:58.495+0600][3.073s][info][gc,heap     ] GC(1) O: Max Capacity: 1500M(100%)
[2026-04-03T03:27:58.495+0600][3.073s][info][gc,heap     ] GC(1) O: Soft Max Capacity: 1500M(100%)
[2026-04-03T03:27:58.495+0600][3.073s][info][gc,heap     ] GC(1) O: Heap Statistics:
[2026-04-03T03:27:58.495+0600][3.073s][info][gc,heap     ] GC(1) O:                Mark Start          Mark End        Relocate Start      Relocate End           High               Low         
[2026-04-03T03:27:58.495+0600][3.073s][info][gc,heap     ] GC(1) O:  Capacity:      300M (20%)         312M (21%)         312M (21%)         312M (21%)         312M (21%)         300M (20%)    
[2026-04-03T03:27:58.495+0600][3.073s][info][gc,heap     ] GC(1) O:      Free:     1200M (80%)        1444M (96%)        1436M (96%)        1436M (96%)        1444M (96%)        1188M (79%)    
[2026-04-03T03:27:58.495+0600][3.073s][info][gc,heap     ] GC(1) O:      Used:      300M (20%)          56M (4%)           64M (4%)           64M (4%)          312M (21%)          56M (4%)     
[2026-04-03T03:27:58.495+0600][3.073s][info][gc,heap     ] GC(1) O: Old Generation Statistics:
[2026-04-03T03:27:58.495+0600][3.073s][info][gc,heap     ] GC(1) O:                Mark Start          Mark End        Relocate Start      Relocate End    
[2026-04-03T03:27:58.495+0600][3.073s][info][gc,heap     ] GC(1) O:      Used:        0M (0%)            0M (0%)            0M (0%)            0M (0%)     
[2026-04-03T03:27:58.495+0600][3.073s][info][gc,heap     ] GC(1) O:      Live:         -                 0M (0%)            0M (0%)            0M (0%)     
[2026-04-03T03:27:58.495+0600][3.073s][info][gc,heap     ] GC(1) O:   Garbage:         -                 0M (0%)            0M (0%)            0M (0%)     
[2026-04-03T03:27:58.495+0600][3.073s][info][gc,heap     ] GC(1) O: Allocated:         -                 0M (0%)            0M (0%)            0M (0%)     
[2026-04-03T03:27:58.495+0600][3.073s][info][gc,heap     ] GC(1) O: Reclaimed:         -                  -                 0M (0%)            0M (0%)     
[2026-04-03T03:27:58.495+0600][3.073s][info][gc,heap     ] GC(1) O: Compacted:         -                  -                  -                 0M (0%)     
[2026-04-03T03:27:58.495+0600][3.073s][info][gc,phases   ] GC(1) O: Old Generation 56M(4%)->64M(4%) 0.024s
[2026-04-03T03:27:58.495+0600][3.073s][info][gc          ] GC(1) Major Collection (Warmup) 300M(20%)->64M(4%) 0.047s
[2026-04-03T03:27:59.677+0600][4.255s][info][gc          ] GC(2) Major Collection (Metadata GC Threshold)
[2026-04-03T03:27:59.677+0600][4.255s][info][gc,task     ] GC(2) Using 1 Workers for Young Generation
[2026-04-03T03:27:59.677+0600][4.255s][info][gc,task     ] GC(2) Using 1 Workers for Old Generation
[2026-04-03T03:27:59.677+0600][4.255s][info][gc,phases   ] GC(2) Y: Young Generation
[2026-04-03T03:27:59.677+0600][4.255s][info][gc,phases   ] GC(2) Y: Pause Mark Start (Major) 0.022ms
[2026-04-03T03:27:59.721+0600][4.299s][info][gc,phases   ] GC(2) Y: Concurrent Mark 43.411ms
[2026-04-03T03:27:59.721+0600][4.299s][info][gc,phases   ] GC(2) Y: Pause Mark End 0.027ms
[2026-04-03T03:27:59.721+0600][4.299s][info][gc,phases   ] GC(2) Y: Concurrent Mark Free 0.002ms
[2026-04-03T03:27:59.721+0600][4.299s][info][gc,phases   ] GC(2) Y: Concurrent Reset Relocation Set 0.013ms
[2026-04-03T03:27:59.726+0600][4.305s][info][gc,reloc    ] GC(2) Y: Using tenuring threshold: 3 (Computed)
[2026-04-03T03:27:59.728+0600][4.307s][info][gc,phases   ] GC(2) Y: Concurrent Select Relocation Set 7.025ms
[2026-04-03T03:27:59.729+0600][4.307s][info][gc,phases   ] GC(2) Y: Pause Relocate Start 0.018ms
[2026-04-03T03:27:59.742+0600][4.320s][info][gc,phases   ] GC(2) Y: Concurrent Relocate 13.040ms
[2026-04-03T03:27:59.742+0600][4.320s][info][gc,alloc    ] GC(2) Y:                         Mark Start        Mark End      Relocate Start    Relocate End   
[2026-04-03T03:27:59.742+0600][4.320s][info][gc,alloc    ] GC(2) Y: Allocation Stalls:          0                0                0                0         
[2026-04-03T03:27:59.742+0600][4.320s][info][gc,load     ] GC(2) Y: Load: 4.59 (38%) / 4.64 (39%) / 5.09 (42%)
[2026-04-03T03:27:59.742+0600][4.320s][info][gc,mmu      ] GC(2) Y: MMU: 2ms/96.9%, 5ms/98.4%, 10ms/99.1%, 20ms/99.5%, 50ms/99.7%, 100ms/99.9%
[2026-04-03T03:27:59.742+0600][4.320s][info][gc,marking  ] GC(2) Y: Mark: 1 stripe(s), 2 proactive flush(es), 1 terminate flush(es), 0 completion(s), 0 continuation(s) 
[2026-04-03T03:27:59.742+0600][4.320s][info][gc,marking  ] GC(2) Y: Mark Stack Usage: 32M
[2026-04-03T03:27:59.742+0600][4.320s][info][gc,nmethod  ] GC(2) Y: NMethods: 2220 registered, 104 unregistered
[2026-04-03T03:27:59.742+0600][4.320s][info][gc,metaspace] GC(2) Y: Metaspace: 23M used, 23M committed, 1088M reserved
[2026-04-03T03:27:59.742+0600][4.320s][info][gc,reloc    ] GC(2) Y:                        Candidates     Selected     In-Place         Size        Empty    Relocated 
[2026-04-03T03:27:59.742+0600][4.320s][info][gc,reloc    ] GC(2) Y: Small Pages:                   61           52            0         122M           0M           7M 
[2026-04-03T03:27:59.742+0600][4.320s][info][gc,reloc    ] GC(2) Y: Medium Pages:                   1            0            0          32M           0M           0M 
[2026-04-03T03:27:59.742+0600][4.320s][info][gc,reloc    ] GC(2) Y: Large Pages:                    0            0            0           0M           0M           0M 
[2026-04-03T03:27:59.742+0600][4.320s][info][gc,reloc    ] GC(2) Y: Forwarding Usage: 2M
[2026-04-03T03:27:59.742+0600][4.320s][info][gc,reloc    ] GC(2) Y: Age Table:
[2026-04-03T03:27:59.742+0600][4.320s][info][gc,reloc    ] GC(2) Y:                    Live             Garbage             Small              Medium             Large        
[2026-04-03T03:27:59.742+0600][4.320s][info][gc,reloc    ] GC(2) Y: Eden               6M (0%)           93M (6%)          50 / 45             0 / 0              0 / 0        
[2026-04-03T03:27:59.742+0600][4.320s][info][gc,reloc    ] GC(2) Y: Survivor 1        10M (1%)           31M (2%)           5 / 3              1 / 0              0 / 0        
[2026-04-03T03:27:59.742+0600][4.320s][info][gc,reloc    ] GC(2) Y: Survivor 2         3M (0%)            8M (1%)           6 / 4              0 / 0              0 / 0        
[2026-04-03T03:27:59.742+0600][4.320s][info][gc,heap     ] GC(2) Y: Min Capacity: 8M(1%)
[2026-04-03T03:27:59.742+0600][4.320s][info][gc,heap     ] GC(2) Y: Max Capacity: 1500M(100%)
[2026-04-03T03:27:59.742+0600][4.320s][info][gc,heap     ] GC(2) Y: Soft Max Capacity: 1500M(100%)
[2026-04-03T03:27:59.742+0600][4.320s][info][gc,heap     ] GC(2) Y: Heap Statistics:
[2026-04-03T03:27:59.742+0600][4.320s][info][gc,heap     ] GC(2) Y:                Mark Start          Mark End        Relocate Start      Relocate End           High               Low         
[2026-04-03T03:27:59.742+0600][4.320s][info][gc,heap     ] GC(2) Y:  Capacity:      312M (21%)         312M (21%)         312M (21%)         312M (21%)         312M (21%)         312M (21%)    
[2026-04-03T03:27:59.742+0600][4.320s][info][gc,heap     ] GC(2) Y:      Free:     1346M (90%)        1340M (89%)        1340M (89%)        1430M (95%)        1430M (95%)        1334M (89%)    
[2026-04-03T03:27:59.742+0600][4.320s][info][gc,heap     ] GC(2) Y:      Used:      154M (10%)         160M (11%)         160M (11%)          70M (5%)          166M (11%)          70M (5%)     
[2026-04-03T03:27:59.742+0600][4.320s][info][gc,heap     ] GC(2) Y: Young Generation Statistics:
[2026-04-03T03:27:59.742+0600][4.320s][info][gc,heap     ] GC(2) Y:                Mark Start          Mark End        Relocate Start      Relocate End    
[2026-04-03T03:27:59.742+0600][4.320s][info][gc,heap     ] GC(2) Y:      Used:      154M (10%)         160M (11%)         160M (11%)          70M (5%)     
[2026-04-03T03:27:59.742+0600][4.320s][info][gc,heap     ] GC(2) Y:      Live:         -                20M (1%)           20M (1%)           20M (1%)     
[2026-04-03T03:27:59.742+0600][4.320s][info][gc,heap     ] GC(2) Y:   Garbage:         -               133M (9%)          133M (9%)           27M (2%)     
[2026-04-03T03:27:59.742+0600][4.320s][info][gc,heap     ] GC(2) Y: Allocated:         -                 6M (0%)            6M (0%)           21M (1%)     
[2026-04-03T03:27:59.742+0600][4.320s][info][gc,heap     ] GC(2) Y: Reclaimed:         -                  -                 0M (0%)          105M (7%)     
[2026-04-03T03:27:59.742+0600][4.320s][info][gc,heap     ] GC(2) Y:  Promoted:         -                  -                 0M (0%)            0M (0%)     
[2026-04-03T03:27:59.742+0600][4.320s][info][gc,heap     ] GC(2) Y: Compacted:         -                  -                  -                10M (1%)     
[2026-04-03T03:27:59.742+0600][4.320s][info][gc,phases   ] GC(2) Y: Young Generation 154M(10%)->70M(5%) 0.065s
[2026-04-03T03:27:59.742+0600][4.320s][info][gc,phases   ] GC(2) O: Old Generation
[2026-04-03T03:27:59.744+0600][4.322s][info][gc,phases   ] GC(2) O: Concurrent Mark 1.328ms
[2026-04-03T03:27:59.744+0600][4.322s][info][gc,phases   ] GC(2) O: Pause Mark End 0.031ms
[2026-04-03T03:27:59.744+0600][4.322s][info][gc,phases   ] GC(2) O: Concurrent Mark Free 0.002ms
[2026-04-03T03:27:59.751+0600][4.329s][info][gc,phases   ] GC(2) O: Concurrent Process Non-Strong 6.667ms
[2026-04-03T03:27:59.751+0600][4.329s][info][gc,phases   ] GC(2) O: Concurrent Reset Relocation Set 0.001ms
[2026-04-03T03:27:59.755+0600][4.333s][info][gc,phases   ] GC(2) O: Concurrent Select Relocation Set 4.478ms
[2026-04-03T03:27:59.755+0600][4.333s][info][gc,task     ] GC(2) O: Using 2 Workers for Old Generation
[2026-04-03T03:27:59.776+0600][4.355s][info][gc,task     ] GC(2) O: Using 1 Workers for Old Generation
[2026-04-03T03:27:59.776+0600][4.355s][info][gc,phases   ] GC(2) O: Concurrent Remap Roots 21.315ms
[2026-04-03T03:27:59.777+0600][4.355s][info][gc,phases   ] GC(2) O: Pause Relocate Start 0.017ms
[2026-04-03T03:27:59.777+0600][4.355s][info][gc,phases   ] GC(2) O: Concurrent Relocate 0.241ms
[2026-04-03T03:27:59.777+0600][4.355s][info][gc,alloc    ] GC(2) O:                         Mark Start        Mark End      Relocate Start    Relocate End   
[2026-04-03T03:27:59.777+0600][4.355s][info][gc,alloc    ] GC(2) O: Allocation Stalls:          0                0                0                0         
[2026-04-03T03:27:59.777+0600][4.355s][info][gc,load     ] GC(2) O: Load: 4.59 (38%) / 4.64 (39%) / 5.09 (42%)
[2026-04-03T03:27:59.777+0600][4.355s][info][gc,mmu      ] GC(2) O: MMU: 2ms/96.9%, 5ms/98.4%, 10ms/99.1%, 20ms/99.5%, 50ms/99.7%, 100ms/99.9%
[2026-04-03T03:27:59.777+0600][4.355s][info][gc,marking  ] GC(2) O: Mark: 1 stripe(s), 1 proactive flush(es), 1 terminate flush(es), 0 completion(s), 0 continuation(s) 
[2026-04-03T03:27:59.777+0600][4.355s][info][gc,marking  ] GC(2) O: Mark Stack Usage: 0M
[2026-04-03T03:27:59.777+0600][4.355s][info][gc,nmethod  ] GC(2) O: NMethods: 2133 registered, 213 unregistered
[2026-04-03T03:27:59.777+0600][4.355s][info][gc,metaspace] GC(2) O: Metaspace: 23M used, 23M committed, 1088M reserved
[2026-04-03T03:27:59.777+0600][4.355s][info][gc,ref      ] GC(2) O:                       Encountered   Discovered     Enqueued 
[2026-04-03T03:27:59.777+0600][4.355s][info][gc,ref      ] GC(2) O: Soft References:             3659            0            0 
[2026-04-03T03:27:59.777+0600][4.355s][info][gc,ref      ] GC(2) O: Weak References:             1931            0            0 
[2026-04-03T03:27:59.777+0600][4.355s][info][gc,ref      ] GC(2) O: Final References:               0            0            0 
[2026-04-03T03:27:59.777+0600][4.355s][info][gc,ref      ] GC(2) O: Phantom References:           563            0            0 
[2026-04-03T03:27:59.777+0600][4.355s][info][gc,heap     ] GC(2) O: Min Capacity: 8M(1%)
[2026-04-03T03:27:59.777+0600][4.355s][info][gc,heap     ] GC(2) O: Max Capacity: 1500M(100%)
[2026-04-03T03:27:59.777+0600][4.355s][info][gc,heap     ] GC(2) O: Soft Max Capacity: 1500M(100%)
[2026-04-03T03:27:59.777+0600][4.355s][info][gc,heap     ] GC(2) O: Heap Statistics:
[2026-04-03T03:27:59.777+0600][4.355s][info][gc,heap     ] GC(2) O:                Mark Start          Mark End        Relocate Start      Relocate End           High               Low         
[2026-04-03T03:27:59.777+0600][4.355s][info][gc,heap     ] GC(2) O:  Capacity:      312M (21%)         312M (21%)         312M (21%)         312M (21%)         312M (21%)         312M (21%)    
[2026-04-03T03:27:59.777+0600][4.355s][info][gc,heap     ] GC(2) O:      Free:     1346M (90%)        1430M (95%)        1422M (95%)        1422M (95%)        1430M (95%)        1334M (89%)    
[2026-04-03T03:27:59.777+0600][4.355s][info][gc,heap     ] GC(2) O:      Used:      154M (10%)          70M (5%)           78M (5%)           78M (5%)          166M (11%)          70M (5%)     
[2026-04-03T03:27:59.777+0600][4.355s][info][gc,heap     ] GC(2) O: Old Generation Statistics:
[2026-04-03T03:27:59.777+0600][4.355s][info][gc,heap     ] GC(2) O:                Mark Start          Mark End        Relocate Start      Relocate End    
[2026-04-03T03:27:59.777+0600][4.355s][info][gc,heap     ] GC(2) O:      Used:        0M (0%)            0M (0%)            0M (0%)            0M (0%)     
[2026-04-03T03:27:59.777+0600][4.355s][info][gc,heap     ] GC(2) O:      Live:         -                 0M (0%)            0M (0%)            0M (0%)     
[2026-04-03T03:27:59.777+0600][4.356s][info][gc,heap     ] GC(2) O:   Garbage:         -                 0M (0%)            0M (0%)            0M (0%)     
[2026-04-03T03:27:59.777+0600][4.356s][info][gc,heap     ] GC(2) O: Allocated:         -                 0M (0%)            0M (0%)            0M (0%)     
[2026-04-03T03:27:59.777+0600][4.356s][info][gc,heap     ] GC(2) O: Reclaimed:         -                  -                 0M (0%)            0M (0%)     
[2026-04-03T03:27:59.777+0600][4.356s][info][gc,heap     ] GC(2) O: Compacted:         -                  -                  -                 0M (0%)     
[2026-04-03T03:27:59.777+0600][4.356s][info][gc,phases   ] GC(2) O: Old Generation 70M(5%)->78M(5%) 0.035s
[2026-04-03T03:27:59.777+0600][4.356s][info][gc          ] GC(2) Major Collection (Metadata GC Threshold) 154M(10%)->78M(5%) 0.100s
[2026-04-03T03:28:03.159+0600][7.737s][info][gc          ] GC(3) Major Collection (Metadata GC Threshold)
[2026-04-03T03:28:03.159+0600][7.737s][info][gc,task     ] GC(3) Using 1 Workers for Young Generation
[2026-04-03T03:28:03.159+0600][7.737s][info][gc,task     ] GC(3) Using 1 Workers for Old Generation
[2026-04-03T03:28:03.159+0600][7.737s][info][gc,phases   ] GC(3) Y: Young Generation
[2026-04-03T03:28:03.159+0600][7.737s][info][gc,phases   ] GC(3) Y: Pause Mark Start (Major) 0.017ms
[2026-04-03T03:28:03.209+0600][7.787s][info][gc,phases   ] GC(3) Y: Concurrent Mark 49.993ms
[2026-04-03T03:28:03.209+0600][7.787s][info][gc,phases   ] GC(3) Y: Pause Mark End 0.018ms
[2026-04-03T03:28:03.209+0600][7.787s][info][gc,phases   ] GC(3) Y: Concurrent Mark Free 0.001ms
[2026-04-03T03:28:03.209+0600][7.788s][info][gc,phases   ] GC(3) Y: Concurrent Reset Relocation Set 0.007ms
[2026-04-03T03:28:03.211+0600][7.789s][info][gc,reloc    ] GC(3) Y: Using tenuring threshold: 4 (Computed)
[2026-04-03T03:28:03.212+0600][7.790s][info][gc,phases   ] GC(3) Y: Concurrent Select Relocation Set 2.637ms
[2026-04-03T03:28:03.212+0600][7.790s][info][gc,phases   ] GC(3) Y: Pause Relocate Start 0.017ms
[2026-04-03T03:28:03.244+0600][7.822s][info][gc,phases   ] GC(3) Y: Concurrent Relocate 31.420ms
[2026-04-03T03:28:03.244+0600][7.822s][info][gc,alloc    ] GC(3) Y:                         Mark Start        Mark End      Relocate Start    Relocate End   
[2026-04-03T03:28:03.244+0600][7.822s][info][gc,alloc    ] GC(3) Y: Allocation Stalls:          0                0                0                0         
[2026-04-03T03:28:03.244+0600][7.822s][info][gc,load     ] GC(3) Y: Load: 4.31 (36%) / 4.58 (38%) / 5.07 (42%)
[2026-04-03T03:28:03.244+0600][7.822s][info][gc,mmu      ] GC(3) Y: MMU: 2ms/96.9%, 5ms/98.4%, 10ms/99.1%, 20ms/99.5%, 50ms/99.7%, 100ms/99.9%
[2026-04-03T03:28:03.244+0600][7.822s][info][gc,marking  ] GC(3) Y: Mark: 1 stripe(s), 2 proactive flush(es), 1 terminate flush(es), 0 completion(s), 0 continuation(s) 
[2026-04-03T03:28:03.244+0600][7.822s][info][gc,marking  ] GC(3) Y: Mark Stack Usage: 32M
[2026-04-03T03:28:03.244+0600][7.822s][info][gc,nmethod  ] GC(3) Y: NMethods: 2839 registered, 0 unregistered
[2026-04-03T03:28:03.244+0600][7.822s][info][gc,metaspace] GC(3) Y: Metaspace: 39M used, 40M committed, 1088M reserved
[2026-04-03T03:28:03.244+0600][7.822s][info][gc,reloc    ] GC(3) Y:                        Candidates     Selected     In-Place         Size        Empty    Relocated 
[2026-04-03T03:28:03.244+0600][7.822s][info][gc,reloc    ] GC(3) Y: Small Pages:                  103           91            0         206M           0M           6M 
[2026-04-03T03:28:03.244+0600][7.822s][info][gc,reloc    ] GC(3) Y: Medium Pages:                   2            1            0          64M           0M           5M 
[2026-04-03T03:28:03.244+0600][7.822s][info][gc,reloc    ] GC(3) Y: Large Pages:                    0            0            0           0M           0M           0M 
[2026-04-03T03:28:03.244+0600][7.822s][info][gc,reloc    ] GC(3) Y: Forwarding Usage: 2M
[2026-04-03T03:28:03.244+0600][7.822s][info][gc,reloc    ] GC(3) Y: Age Table:
[2026-04-03T03:28:03.244+0600][7.822s][info][gc,reloc    ] GC(3) Y:                    Live             Garbage             Small              Medium             Large        
[2026-04-03T03:28:03.244+0600][7.822s][info][gc,reloc    ] GC(3) Y: Eden               6M (0%)          199M (13%)         87 / 84             1 / 0              0 / 0        
[2026-04-03T03:28:03.244+0600][7.822s][info][gc,reloc    ] GC(3) Y: Survivor 1         6M (0%)            5M (0%)           6 / 2              0 / 0              0 / 0        
[2026-04-03T03:28:03.244+0600][7.822s][info][gc,reloc    ] GC(3) Y: Survivor 2        10M (1%)           29M (2%)           4 / 1              1 / 1              0 / 0        
[2026-04-03T03:28:03.244+0600][7.822s][info][gc,reloc    ] GC(3) Y: Survivor 3         3M (0%)            8M (1%)           6 / 4              0 / 0              0 / 0        
[2026-04-03T03:28:03.244+0600][7.822s][info][gc,heap     ] GC(3) Y: Min Capacity: 8M(1%)
[2026-04-03T03:28:03.244+0600][7.822s][info][gc,heap     ] GC(3) Y: Max Capacity: 1500M(100%)
[2026-04-03T03:28:03.244+0600][7.822s][info][gc,heap     ] GC(3) Y: Soft Max Capacity: 1500M(100%)
[2026-04-03T03:28:03.244+0600][7.822s][info][gc,heap     ] GC(3) Y: Heap Statistics:
[2026-04-03T03:28:03.244+0600][7.822s][info][gc,heap     ] GC(3) Y:                Mark Start          Mark End        Relocate Start      Relocate End           High               Low         
[2026-04-03T03:28:03.244+0600][7.822s][info][gc,heap     ] GC(3) Y:  Capacity:      344M (23%)         344M (23%)         344M (23%)         408M (27%)         408M (27%)         344M (23%)    
[2026-04-03T03:28:03.244+0600][7.822s][info][gc,heap     ] GC(3) Y:      Free:     1230M (82%)        1220M (81%)        1220M (81%)        1358M (91%)        1358M (91%)        1148M (77%)    
[2026-04-03T03:28:03.244+0600][7.822s][info][gc,heap     ] GC(3) Y:      Used:      270M (18%)         280M (19%)         280M (19%)         142M (9%)          352M (23%)         142M (9%)     
[2026-04-03T03:28:03.244+0600][7.822s][info][gc,heap     ] GC(3) Y: Young Generation Statistics:
[2026-04-03T03:28:03.244+0600][7.822s][info][gc,heap     ] GC(3) Y:                Mark Start          Mark End        Relocate Start      Relocate End    
[2026-04-03T03:28:03.244+0600][7.822s][info][gc,heap     ] GC(3) Y:      Used:      270M (18%)         280M (19%)         280M (19%)         142M (9%)     
[2026-04-03T03:28:03.244+0600][7.822s][info][gc,heap     ] GC(3) Y:      Live:         -                26M (2%)           26M (2%)           26M (2%)     
[2026-04-03T03:28:03.244+0600][7.822s][info][gc,heap     ] GC(3) Y:   Garbage:         -               243M (16%)         243M (16%)           2M (0%)     
[2026-04-03T03:28:03.244+0600][7.822s][info][gc,heap     ] GC(3) Y: Allocated:         -                10M (1%)           10M (1%)          113M (8%)     
[2026-04-03T03:28:03.244+0600][7.822s][info][gc,heap     ] GC(3) Y: Reclaimed:         -                  -                 0M (0%)          241M (16%)    
[2026-04-03T03:28:03.244+0600][7.822s][info][gc,heap     ] GC(3) Y:  Promoted:         -                  -                 0M (0%)            0M (0%)     
[2026-04-03T03:28:03.244+0600][7.822s][info][gc,heap     ] GC(3) Y: Compacted:         -                  -                  -                12M (1%)     
[2026-04-03T03:28:03.244+0600][7.822s][info][gc,phases   ] GC(3) Y: Young Generation 270M(18%)->142M(9%) 0.085s
[2026-04-03T03:28:03.244+0600][7.822s][info][gc,phases   ] GC(3) O: Old Generation
[2026-04-03T03:28:03.245+0600][7.824s][info][gc,phases   ] GC(3) O: Concurrent Mark 1.333ms
[2026-04-03T03:28:03.246+0600][7.824s][info][gc,phases   ] GC(3) O: Pause Mark End 0.020ms
[2026-04-03T03:28:03.246+0600][7.824s][info][gc,phases   ] GC(3) O: Concurrent Mark Free 0.001ms
[2026-04-03T03:28:03.254+0600][7.832s][info][gc,phases   ] GC(3) O: Concurrent Process Non-Strong 7.933ms
[2026-04-03T03:28:03.254+0600][7.832s][info][gc,phases   ] GC(3) O: Concurrent Reset Relocation Set 0.001ms
[2026-04-03T03:28:03.258+0600][7.836s][info][gc,phases   ] GC(3) O: Concurrent Select Relocation Set 4.255ms
[2026-04-03T03:28:03.258+0600][7.836s][info][gc,task     ] GC(3) O: Using 2 Workers for Old Generation
[2026-04-03T03:28:03.280+0600][7.858s][info][gc,task     ] GC(3) O: Using 1 Workers for Old Generation
[2026-04-03T03:28:03.280+0600][7.858s][info][gc,phases   ] GC(3) O: Concurrent Remap Roots 22.010ms
[2026-04-03T03:28:03.280+0600][7.859s][info][gc,phases   ] GC(3) O: Pause Relocate Start 0.022ms
[2026-04-03T03:28:03.281+0600][7.859s][info][gc,phases   ] GC(3) O: Concurrent Relocate 0.345ms
[2026-04-03T03:28:03.281+0600][7.859s][info][gc,alloc    ] GC(3) O:                         Mark Start        Mark End      Relocate Start    Relocate End   
[2026-04-03T03:28:03.281+0600][7.859s][info][gc,alloc    ] GC(3) O: Allocation Stalls:          0                0                0                0         
[2026-04-03T03:28:03.281+0600][7.859s][info][gc,load     ] GC(3) O: Load: 4.31 (36%) / 4.58 (38%) / 5.07 (42%)
[2026-04-03T03:28:03.281+0600][7.859s][info][gc,mmu      ] GC(3) O: MMU: 2ms/96.9%, 5ms/98.4%, 10ms/99.1%, 20ms/99.5%, 50ms/99.7%, 100ms/99.9%
[2026-04-03T03:28:03.281+0600][7.859s][info][gc,marking  ] GC(3) O: Mark: 1 stripe(s), 1 proactive flush(es), 1 terminate flush(es), 0 completion(s), 0 continuation(s) 
[2026-04-03T03:28:03.281+0600][7.859s][info][gc,marking  ] GC(3) O: Mark Stack Usage: 0M
[2026-04-03T03:28:03.281+0600][7.859s][info][gc,nmethod  ] GC(3) O: NMethods: 2680 registered, 179 unregistered
[2026-04-03T03:28:03.281+0600][7.859s][info][gc,metaspace] GC(3) O: Metaspace: 39M used, 40M committed, 1088M reserved
[2026-04-03T03:28:03.281+0600][7.859s][info][gc,ref      ] GC(3) O:                       Encountered   Discovered     Enqueued 
[2026-04-03T03:28:03.281+0600][7.859s][info][gc,ref      ] GC(3) O: Soft References:             3893            0            0 
[2026-04-03T03:28:03.281+0600][7.859s][info][gc,ref      ] GC(3) O: Weak References:             3237            0            0 
[2026-04-03T03:28:03.281+0600][7.859s][info][gc,ref      ] GC(3) O: Final References:              80            0            0 
[2026-04-03T03:28:03.281+0600][7.859s][info][gc,ref      ] GC(3) O: Phantom References:           576            0            0 
[2026-04-03T03:28:03.281+0600][7.859s][info][gc,heap     ] GC(3) O: Min Capacity: 8M(1%)
[2026-04-03T03:28:03.281+0600][7.859s][info][gc,heap     ] GC(3) O: Max Capacity: 1500M(100%)
[2026-04-03T03:28:03.281+0600][7.859s][info][gc,heap     ] GC(3) O: Soft Max Capacity: 1500M(100%)
[2026-04-03T03:28:03.281+0600][7.859s][info][gc,heap     ] GC(3) O: Heap Statistics:
[2026-04-03T03:28:03.281+0600][7.859s][info][gc,heap     ] GC(3) O:                Mark Start          Mark End        Relocate Start      Relocate End           High               Low         
[2026-04-03T03:28:03.281+0600][7.859s][info][gc,heap     ] GC(3) O:  Capacity:      344M (23%)         408M (27%)         408M (27%)         408M (27%)         408M (27%)         344M (23%)    
[2026-04-03T03:28:03.281+0600][7.859s][info][gc,heap     ] GC(3) O:      Free:     1230M (82%)        1358M (91%)        1352M (90%)        1352M (90%)        1358M (91%)        1148M (77%)    
[2026-04-03T03:28:03.281+0600][7.859s][info][gc,heap     ] GC(3) O:      Used:      270M (18%)         142M (9%)          148M (10%)         148M (10%)         352M (23%)         142M (9%)     
[2026-04-03T03:28:03.281+0600][7.859s][info][gc,heap     ] GC(3) O: Old Generation Statistics:
[2026-04-03T03:28:03.281+0600][7.859s][info][gc,heap     ] GC(3) O:                Mark Start          Mark End        Relocate Start      Relocate End    
[2026-04-03T03:28:03.281+0600][7.859s][info][gc,heap     ] GC(3) O:      Used:        0M (0%)            0M (0%)            0M (0%)            0M (0%)     
[2026-04-03T03:28:03.281+0600][7.859s][info][gc,heap     ] GC(3) O:      Live:         -                 0M (0%)            0M (0%)            0M (0%)     
[2026-04-03T03:28:03.281+0600][7.859s][info][gc,heap     ] GC(3) O:   Garbage:         -                 0M (0%)            0M (0%)            0M (0%)     
[2026-04-03T03:28:03.281+0600][7.859s][info][gc,heap     ] GC(3) O: Allocated:         -                 0M (0%)            0M (0%)            0M (0%)     
[2026-04-03T03:28:03.281+0600][7.859s][info][gc,heap     ] GC(3) O: Reclaimed:         -                  -                 0M (0%)            0M (0%)     
[2026-04-03T03:28:03.281+0600][7.859s][info][gc,heap     ] GC(3) O: Compacted:         -                  -                  -                 0M (0%)     
[2026-04-03T03:28:03.281+0600][7.859s][info][gc,phases   ] GC(3) O: Old Generation 142M(9%)->148M(10%) 0.037s
[2026-04-03T03:28:03.281+0600][7.859s][info][gc          ] GC(3) Major Collection (Metadata GC Threshold) 270M(18%)->148M(10%) 0.123s
[2026-04-03T03:28:04.734+0600][9.312s][info][gc          ] GC(4) Major Collection (Warmup)
[2026-04-03T03:28:04.734+0600][9.312s][info][gc,task     ] GC(4) Using 3 Workers for Young Generation
[2026-04-03T03:28:04.734+0600][9.312s][info][gc,task     ] GC(4) Using 1 Workers for Old Generation
[2026-04-03T03:28:04.734+0600][9.312s][info][gc,phases   ] GC(4) Y: Young Generation
[2026-04-03T03:28:04.734+0600][9.313s][info][gc,phases   ] GC(4) Y: Pause Mark Start (Major) 0.015ms
[2026-04-03T03:28:05.030+0600][9.609s][info][gc,phases   ] GC(4) Y: Concurrent Mark 295.731ms
[2026-04-03T03:28:05.030+0600][9.609s][info][gc,phases   ] GC(4) Y: Pause Mark End 0.021ms
[2026-04-03T03:28:05.031+0600][9.609s][info][gc,phases   ] GC(4) Y: Concurrent Mark Free 0.001ms
[2026-04-03T03:28:05.031+0600][9.609s][info][gc,phases   ] GC(4) Y: Concurrent Reset Relocation Set 0.011ms
[2026-04-03T03:28:05.033+0600][9.611s][info][gc,reloc    ] GC(4) Y: Using tenuring threshold: 1 (Computed)
[2026-04-03T03:28:05.039+0600][9.618s][info][gc,phases   ] GC(4) Y: Concurrent Select Relocation Set 8.867ms
[2026-04-03T03:28:05.040+0600][9.618s][info][gc,phases   ] GC(4) Y: Pause Relocate Start 0.017ms
[2026-04-03T03:28:05.053+0600][9.632s][info][gc,phases   ] GC(4) Y: Concurrent Relocate 13.611ms
[2026-04-03T03:28:05.053+0600][9.632s][info][gc,alloc    ] GC(4) Y:                         Mark Start        Mark End      Relocate Start    Relocate End   
[2026-04-03T03:28:05.053+0600][9.632s][info][gc,alloc    ] GC(4) Y: Allocation Stalls:          0                0                0                0         
[2026-04-03T03:28:05.053+0600][9.632s][info][gc,load     ] GC(4) Y: Load: 4.31 (36%) / 4.58 (38%) / 5.07 (42%)
[2026-04-03T03:28:05.053+0600][9.632s][info][gc,mmu      ] GC(4) Y: MMU: 2ms/96.9%, 5ms/98.4%, 10ms/99.1%, 20ms/99.5%, 50ms/99.7%, 100ms/99.9%
[2026-04-03T03:28:05.053+0600][9.632s][info][gc,marking  ] GC(4) Y: Mark: 2 stripe(s), 10 proactive flush(es), 1 terminate flush(es), 0 completion(s), 0 continuation(s) 
[2026-04-03T03:28:05.053+0600][9.632s][info][gc,marking  ] GC(4) Y: Mark Stack Usage: 32M
[2026-04-03T03:28:05.053+0600][9.632s][info][gc,nmethod  ] GC(4) Y: NMethods: 3133 registered, 0 unregistered
[2026-04-03T03:28:05.053+0600][9.632s][info][gc,metaspace] GC(4) Y: Metaspace: 48M used, 48M committed, 1088M reserved
[2026-04-03T03:28:05.053+0600][9.632s][info][gc,reloc    ] GC(4) Y:                        Candidates     Selected     In-Place         Size        Empty    Relocated 
[2026-04-03T03:28:05.053+0600][9.632s][info][gc,reloc    ] GC(4) Y: Small Pages:                  162           55            0         324M           0M           5M 
[2026-04-03T03:28:05.053+0600][9.632s][info][gc,reloc    ] GC(4) Y: Medium Pages:                   4            1            0         128M          64M           5M 
[2026-04-03T03:28:05.054+0600][9.632s][info][gc,reloc    ] GC(4) Y: Large Pages:                    0            0            0           0M           0M           0M 
[2026-04-03T03:28:05.054+0600][9.632s][info][gc,reloc    ] GC(4) Y: Forwarding Usage: 1M
[2026-04-03T03:28:05.054+0600][9.632s][info][gc,reloc    ] GC(4) Y: Age Table:
[2026-04-03T03:28:05.054+0600][9.632s][info][gc,reloc    ] GC(4) Y:                    Live             Garbage             Small              Medium             Large        
[2026-04-03T03:28:05.054+0600][9.632s][info][gc,reloc    ] GC(4) Y: Eden             187M (12%)         132M (9%)         144 / 49             1 / 0              0 / 0        
[2026-04-03T03:28:05.054+0600][9.632s][info][gc,reloc    ] GC(4) Y: Survivor 1         6M (0%)           33M (2%)           4 / 1              1 / 0              0 / 0        
[2026-04-03T03:28:05.054+0600][9.632s][info][gc,reloc    ] GC(4) Y: Survivor 2         6M (0%)            3M (0%)           5 / 1              0 / 0              0 / 0        
[2026-04-03T03:28:05.054+0600][9.632s][info][gc,reloc    ] GC(4) Y: Survivor 3        10M (1%)           63M (4%)           5 / 2              2 / 1              0 / 0        
[2026-04-03T03:28:05.054+0600][9.632s][info][gc,reloc    ] GC(4) Y: Survivor 4         3M (0%)            4M (0%)           4 / 2              0 / 0              0 / 0        
[2026-04-03T03:28:05.054+0600][9.632s][info][gc,heap     ] GC(4) Y: Min Capacity: 8M(1%)
[2026-04-03T03:28:05.054+0600][9.632s][info][gc,heap     ] GC(4) Y: Max Capacity: 1500M(100%)
[2026-04-03T03:28:05.054+0600][9.632s][info][gc,heap     ] GC(4) Y: Soft Max Capacity: 1500M(100%)
[2026-04-03T03:28:05.054+0600][9.632s][info][gc,heap     ] GC(4) Y: Heap Statistics:
[2026-04-03T03:28:05.054+0600][9.632s][info][gc,heap     ] GC(4) Y:                Mark Start          Mark End        Relocate Start      Relocate End           High               Low         
[2026-04-03T03:28:05.054+0600][9.632s][info][gc,heap     ] GC(4) Y:  Capacity:      452M (30%)         570M (38%)         570M (38%)         570M (38%)         570M (38%)         452M (30%)    
[2026-04-03T03:28:05.054+0600][9.632s][info][gc,heap     ] GC(4) Y:      Free:     1048M (70%)         930M (62%)         990M (66%)        1120M (75%)        1124M (75%)         930M (62%)    
[2026-04-03T03:28:05.054+0600][9.632s][info][gc,heap     ] GC(4) Y:      Used:      452M (30%)         570M (38%)         510M (34%)         380M (25%)         570M (38%)         376M (25%)    
[2026-04-03T03:28:05.054+0600][9.632s][info][gc,heap     ] GC(4) Y: Young Generation Statistics:
[2026-04-03T03:28:05.054+0600][9.632s][info][gc,heap     ] GC(4) Y:                Mark Start          Mark End        Relocate Start      Relocate End    
[2026-04-03T03:28:05.054+0600][9.632s][info][gc,heap     ] GC(4) Y:      Used:      452M (30%)         570M (38%)         490M (33%)         322M (21%)    
[2026-04-03T03:28:05.054+0600][9.632s][info][gc,heap     ] GC(4) Y:      Live:         -               213M (14%)         195M (13%)         187M (12%)    
[2026-04-03T03:28:05.054+0600][9.632s][info][gc,heap     ] GC(4) Y:   Garbage:         -               238M (16%)         172M (12%)           3M (0%)     
[2026-04-03T03:28:05.054+0600][9.632s][info][gc,heap     ] GC(4) Y: Allocated:         -               118M (8%)          122M (8%)          131M (9%)     
[2026-04-03T03:28:05.054+0600][9.632s][info][gc,heap     ] GC(4) Y: Reclaimed:         -                  -                66M (4%)          235M (16%)    
[2026-04-03T03:28:05.054+0600][9.632s][info][gc,heap     ] GC(4) Y:  Promoted:         -                  -                17M (1%)           26M (2%)     
[2026-04-03T03:28:05.054+0600][9.632s][info][gc,heap     ] GC(4) Y: Compacted:         -                  -                  -                 4M (0%)     
[2026-04-03T03:28:05.054+0600][9.632s][info][gc,phases   ] GC(4) Y: Young Generation 452M(30%)->380M(25%) 0.319s
[2026-04-03T03:28:05.054+0600][9.632s][info][gc,phases   ] GC(4) O: Old Generation
[2026-04-03T03:28:05.055+0600][9.633s][info][gc,phases   ] GC(4) O: Concurrent Mark 1.397ms
[2026-04-03T03:28:05.055+0600][9.634s][info][gc,phases   ] GC(4) O: Pause Mark End 0.018ms
[2026-04-03T03:28:05.055+0600][9.634s][info][gc,phases   ] GC(4) O: Concurrent Mark Free 0.001ms
[2026-04-03T03:28:05.064+0600][9.642s][info][gc,phases   ] GC(4) O: Concurrent Process Non-Strong 8.808ms
[2026-04-03T03:28:05.064+0600][9.642s][info][gc,phases   ] GC(4) O: Concurrent Reset Relocation Set 0.001ms
[2026-04-03T03:28:05.066+0600][9.644s][info][gc,phases   ] GC(4) O: Concurrent Select Relocation Set 1.544ms
[2026-04-03T03:28:05.066+0600][9.644s][info][gc,task     ] GC(4) O: Using 3 Workers for Old Generation
[2026-04-03T03:28:05.081+0600][9.659s][info][gc,task     ] GC(4) O: Using 1 Workers for Old Generation
[2026-04-03T03:28:05.081+0600][9.659s][info][gc,phases   ] GC(4) O: Concurrent Remap Roots 14.981ms
[2026-04-03T03:28:05.081+0600][9.659s][info][gc,phases   ] GC(4) O: Pause Relocate Start 0.080ms
[2026-04-03T03:28:05.082+0600][9.660s][info][gc,phases   ] GC(4) O: Concurrent Relocate 0.449ms
[2026-04-03T03:28:05.082+0600][9.660s][info][gc,alloc    ] GC(4) O:                         Mark Start        Mark End      Relocate Start    Relocate End   
[2026-04-03T03:28:05.082+0600][9.660s][info][gc,alloc    ] GC(4) O: Allocation Stalls:          0                0                0                0         
[2026-04-03T03:28:05.082+0600][9.660s][info][gc,load     ] GC(4) O: Load: 4.31 (36%) / 4.58 (38%) / 5.07 (42%)
[2026-04-03T03:28:05.082+0600][9.660s][info][gc,mmu      ] GC(4) O: MMU: 2ms/96.0%, 5ms/98.4%, 10ms/99.1%, 20ms/99.5%, 50ms/99.7%, 100ms/99.9%
[2026-04-03T03:28:05.082+0600][9.660s][info][gc,marking  ] GC(4) O: Mark: 1 stripe(s), 1 proactive flush(es), 1 terminate flush(es), 0 completion(s), 0 continuation(s) 
[2026-04-03T03:28:05.082+0600][9.660s][info][gc,marking  ] GC(4) O: Mark Stack Usage: 0M
[2026-04-03T03:28:05.082+0600][9.660s][info][gc,nmethod  ] GC(4) O: NMethods: 3021 registered, 112 unregistered
[2026-04-03T03:28:05.082+0600][9.660s][info][gc,metaspace] GC(4) O: Metaspace: 48M used, 48M committed, 1088M reserved
[2026-04-03T03:28:05.082+0600][9.660s][info][gc,ref      ] GC(4) O:                       Encountered   Discovered     Enqueued 
[2026-04-03T03:28:05.082+0600][9.660s][info][gc,ref      ] GC(4) O: Soft References:             3983            0            0 
[2026-04-03T03:28:05.082+0600][9.660s][info][gc,ref      ] GC(4) O: Weak References:             4158            0            0 
[2026-04-03T03:28:05.082+0600][9.660s][info][gc,ref      ] GC(4) O: Final References:              82            0            0 
[2026-04-03T03:28:05.082+0600][9.660s][info][gc,ref      ] GC(4) O: Phantom References:           586            0            0 
[2026-04-03T03:28:05.082+0600][9.660s][info][gc,heap     ] GC(4) O: Min Capacity: 8M(1%)
[2026-04-03T03:28:05.082+0600][9.660s][info][gc,heap     ] GC(4) O: Max Capacity: 1500M(100%)
[2026-04-03T03:28:05.082+0600][9.660s][info][gc,heap     ] GC(4) O: Soft Max Capacity: 1500M(100%)
[2026-04-03T03:28:05.082+0600][9.660s][info][gc,heap     ] GC(4) O: Heap Statistics:
[2026-04-03T03:28:05.082+0600][9.660s][info][gc,heap     ] GC(4) O:                Mark Start          Mark End        Relocate Start      Relocate End           High               Low         
[2026-04-03T03:28:05.082+0600][9.660s][info][gc,heap     ] GC(4) O:  Capacity:      452M (30%)         570M (38%)         570M (38%)         570M (38%)         570M (38%)         452M (30%)    
[2026-04-03T03:28:05.082+0600][9.660s][info][gc,heap     ] GC(4) O:      Free:     1048M (70%)        1118M (75%)        1106M (74%)        1106M (74%)        1124M (75%)         930M (62%)    
[2026-04-03T03:28:05.082+0600][9.660s][info][gc,heap     ] GC(4) O:      Used:      452M (30%)         382M (25%)         394M (26%)         394M (26%)         570M (38%)         376M (25%)    
[2026-04-03T03:28:05.082+0600][9.660s][info][gc,heap     ] GC(4) O: Old Generation Statistics:
[2026-04-03T03:28:05.082+0600][9.660s][info][gc,heap     ] GC(4) O:                Mark Start          Mark End        Relocate Start      Relocate End    
[2026-04-03T03:28:05.082+0600][9.660s][info][gc,heap     ] GC(4) O:      Used:        0M (0%)           58M (4%)           58M (4%)           58M (4%)     
[2026-04-03T03:28:05.082+0600][9.660s][info][gc,heap     ] GC(4) O:      Live:         -                 0M (0%)            0M (0%)            0M (0%)     
[2026-04-03T03:28:05.082+0600][9.660s][info][gc,heap     ] GC(4) O:   Garbage:         -                 0M (0%)            0M (0%)            0M (0%)     
[2026-04-03T03:28:05.082+0600][9.660s][info][gc,heap     ] GC(4) O: Allocated:         -                58M (4%)           58M (4%)           58M (4%)     
[2026-04-03T03:28:05.082+0600][9.660s][info][gc,heap     ] GC(4) O: Reclaimed:         -                  -                 0M (0%)            0M (0%)     
[2026-04-03T03:28:05.082+0600][9.660s][info][gc,heap     ] GC(4) O: Compacted:         -                  -                  -                 0M (0%)     
[2026-04-03T03:28:05.082+0600][9.660s][info][gc,phases   ] GC(4) O: Old Generation 380M(25%)->394M(26%) 0.028s
[2026-04-03T03:28:05.082+0600][9.660s][info][gc          ] GC(4) Major Collection (Warmup) 452M(30%)->394M(26%) 0.348s
[2026-04-03T03:28:08.796+0600][13.374s][info][gc          ] GC(5) Major Collection (System.gc())
[2026-04-03T03:28:08.796+0600][13.374s][info][gc,task     ] GC(5) Using 3 Workers for Young Generation
[2026-04-03T03:28:08.796+0600][13.374s][info][gc,task     ] GC(5) Using 3 Workers for Old Generation
[2026-04-03T03:28:08.796+0600][13.374s][info][gc,phases   ] GC(5) Y: Young Generation (Promote All)
[2026-04-03T03:28:08.796+0600][13.375s][info][gc,phases   ] GC(5) Y: Pause Mark Start 0.018ms
[2026-04-03T03:28:08.812+0600][13.390s][info][gc,phases   ] GC(5) Y: Concurrent Mark 15.075ms
[2026-04-03T03:28:08.812+0600][13.390s][info][gc,phases   ] GC(5) Y: Pause Mark End 0.036ms
[2026-04-03T03:28:08.812+0600][13.390s][info][gc,phases   ] GC(5) Y: Concurrent Mark Free 0.002ms
[2026-04-03T03:28:08.812+0600][13.390s][info][gc,phases   ] GC(5) Y: Concurrent Reset Relocation Set 0.035ms
[2026-04-03T03:28:08.814+0600][13.392s][info][gc,reloc    ] GC(5) Y: Using tenuring threshold: 0 (Promote All)
[2026-04-03T03:28:08.819+0600][13.397s][info][gc,phases   ] GC(5) Y: Concurrent Select Relocation Set 6.873ms
[2026-04-03T03:28:08.819+0600][13.397s][info][gc,phases   ] GC(5) Y: Pause Relocate Start 0.014ms
[2026-04-03T03:28:08.827+0600][13.405s][info][gc,phases   ] GC(5) Y: Concurrent Relocate 7.602ms
[2026-04-03T03:28:08.827+0600][13.405s][info][gc,alloc    ] GC(5) Y:                         Mark Start        Mark End      Relocate Start    Relocate End   
[2026-04-03T03:28:08.827+0600][13.405s][info][gc,alloc    ] GC(5) Y: Allocation Stalls:          0                0                0                0         
[2026-04-03T03:28:08.827+0600][13.405s][info][gc,load     ] GC(5) Y: Load: 4.04 (34%) / 4.52 (38%) / 5.05 (42%)
[2026-04-03T03:28:08.827+0600][13.405s][info][gc,mmu      ] GC(5) Y: MMU: 2ms/96.0%, 5ms/98.4%, 10ms/99.1%, 20ms/99.5%, 50ms/99.7%, 100ms/99.9%
[2026-04-03T03:28:08.827+0600][13.405s][info][gc,marking  ] GC(5) Y: Mark: 2 stripe(s), 2 proactive flush(es), 1 terminate flush(es), 0 completion(s), 0 continuation(s) 
[2026-04-03T03:28:08.827+0600][13.405s][info][gc,marking  ] GC(5) Y: Mark Stack Usage: 32M
[2026-04-03T03:28:08.827+0600][13.405s][info][gc,nmethod  ] GC(5) Y: NMethods: 3609 registered, 112 unregistered
[2026-04-03T03:28:08.827+0600][13.405s][info][gc,metaspace] GC(5) Y: Metaspace: 55M used, 56M committed, 1088M reserved
[2026-04-03T03:28:08.827+0600][13.405s][info][gc,reloc    ] GC(5) Y:                        Candidates     Selected     In-Place         Size        Empty    Relocated 
[2026-04-03T03:28:08.827+0600][13.405s][info][gc,reloc    ] GC(5) Y: Small Pages:                  411           61            0         822M         692M           2M 
[2026-04-03T03:28:08.827+0600][13.405s][info][gc,reloc    ] GC(5) Y: Medium Pages:                   1            0            0          32M          32M           0M 
[2026-04-03T03:28:08.827+0600][13.405s][info][gc,reloc    ] GC(5) Y: Large Pages:                    1            0            0           6M           6M           0M 
[2026-04-03T03:28:08.827+0600][13.405s][info][gc,reloc    ] GC(5) Y: Forwarding Usage: 1M
[2026-04-03T03:28:08.827+0600][13.405s][info][gc,reloc    ] GC(5) Y: Age Table:
[2026-04-03T03:28:08.827+0600][13.405s][info][gc,reloc    ] GC(5) Y:                    Live             Garbage             Small              Medium             Large        
[2026-04-03T03:28:08.827+0600][13.405s][info][gc,reloc    ] GC(5) Y: Eden               2M (0%)          663M (44%)        314 / 53             1 / 0              1 / 0        
[2026-04-03T03:28:08.827+0600][13.405s][info][gc,reloc    ] GC(5) Y: Survivor 1         4M (0%)          189M (13%)         97 / 8              0 / 0              0 / 0        
[2026-04-03T03:28:08.827+0600][13.405s][info][gc,heap     ] GC(5) Y: Min Capacity: 8M(1%)
[2026-04-03T03:28:08.827+0600][13.405s][info][gc,heap     ] GC(5) Y: Max Capacity: 1500M(100%)
[2026-04-03T03:28:08.827+0600][13.405s][info][gc,heap     ] GC(5) Y: Soft Max Capacity: 1500M(100%)
[2026-04-03T03:28:08.827+0600][13.405s][info][gc,heap     ] GC(5) Y: Heap Statistics:
[2026-04-03T03:28:08.827+0600][13.405s][info][gc,heap     ] GC(5) Y:                Mark Start          Mark End        Relocate Start      Relocate End           High               Low         
[2026-04-03T03:28:08.827+0600][13.405s][info][gc,heap     ] GC(5) Y:  Capacity:      918M (61%)         920M (61%)         920M (61%)         920M (61%)         920M (61%)         918M (61%)    
[2026-04-03T03:28:08.827+0600][13.405s][info][gc,heap     ] GC(5) Y:      Free:      582M (39%)         580M (39%)        1310M (87%)        1430M (95%)        1430M (95%)         580M (39%)    
[2026-04-03T03:28:08.827+0600][13.405s][info][gc,heap     ] GC(5) Y:      Used:      918M (61%)         920M (61%)         190M (13%)          70M (5%)          920M (61%)          70M (5%)     
[2026-04-03T03:28:08.827+0600][13.405s][info][gc,heap     ] GC(5) Y: Young Generation Statistics:
[2026-04-03T03:28:08.827+0600][13.405s][info][gc,heap     ] GC(5) Y:                Mark Start          Mark End        Relocate Start      Relocate End    
[2026-04-03T03:28:08.827+0600][13.405s][info][gc,heap     ] GC(5) Y:      Used:      860M (57%)         862M (57%)         128M (9%)            2M (0%)     
[2026-04-03T03:28:08.827+0600][13.405s][info][gc,heap     ] GC(5) Y:      Live:         -                 6M (0%)            3M (0%)            0M (0%)     
[2026-04-03T03:28:08.827+0600][13.405s][info][gc,heap     ] GC(5) Y:   Garbage:         -               853M (57%)         122M (8%)            0M (0%)     
[2026-04-03T03:28:08.827+0600][13.405s][info][gc,heap     ] GC(5) Y: Allocated:         -                 2M (0%)            2M (0%)            2M (0%)     
[2026-04-03T03:28:08.827+0600][13.405s][info][gc,heap     ] GC(5) Y: Reclaimed:         -                  -               730M (49%)         853M (57%)    
[2026-04-03T03:28:08.827+0600][13.405s][info][gc,heap     ] GC(5) Y:  Promoted:         -                  -                 3M (0%)            6M (0%)     
[2026-04-03T03:28:08.827+0600][13.405s][info][gc,heap     ] GC(5) Y: Compacted:         -                  -                  -                 0M (0%)     
[2026-04-03T03:28:08.827+0600][13.405s][info][gc,phases   ] GC(5) Y: Young Generation (Promote All) 918M(61%)->70M(5%) 0.031s
[2026-04-03T03:28:08.827+0600][13.405s][info][gc,phases   ] GC(5) Y: Young Generation (Collect Roots)
[2026-04-03T03:28:08.827+0600][13.405s][info][gc,phases   ] GC(5) Y: Pause Mark Start (Major) 0.019ms
[2026-04-03T03:28:08.833+0600][13.412s][info][gc,phases   ] GC(5) Y: Concurrent Mark 6.102ms
[2026-04-03T03:28:08.833+0600][13.412s][info][gc,phases   ] GC(5) Y: Pause Mark End 0.012ms
[2026-04-03T03:28:08.834+0600][13.412s][info][gc,phases   ] GC(5) Y: Concurrent Mark Free 0.001ms
[2026-04-03T03:28:08.834+0600][13.412s][info][gc,phases   ] GC(5) Y: Concurrent Reset Relocation Set 0.013ms
[2026-04-03T03:28:08.835+0600][13.413s][info][gc,reloc    ] GC(5) Y: Using tenuring threshold: 1 (Computed)
[2026-04-03T03:28:08.835+0600][13.413s][info][gc,phases   ] GC(5) Y: Concurrent Select Relocation Set 1.458ms
[2026-04-03T03:28:08.835+0600][13.413s][info][gc,phases   ] GC(5) Y: Pause Relocate Start 0.011ms
[2026-04-03T03:28:08.835+0600][13.414s][info][gc,phases   ] GC(5) Y: Concurrent Relocate 0.077ms
[2026-04-03T03:28:08.835+0600][13.414s][info][gc,alloc    ] GC(5) Y:                         Mark Start        Mark End      Relocate Start    Relocate End   
[2026-04-03T03:28:08.835+0600][13.414s][info][gc,alloc    ] GC(5) Y: Allocation Stalls:          0                0                0                0         
[2026-04-03T03:28:08.835+0600][13.414s][info][gc,load     ] GC(5) Y: Load: 4.04 (34%) / 4.52 (38%) / 5.05 (42%)
[2026-04-03T03:28:08.835+0600][13.414s][info][gc,mmu      ] GC(5) Y: MMU: 2ms/96.0%, 5ms/98.4%, 10ms/99.1%, 20ms/99.5%, 50ms/99.7%, 100ms/99.9%
[2026-04-03T03:28:08.835+0600][13.414s][info][gc,marking  ] GC(5) Y: Mark: 2 stripe(s), 1 proactive flush(es), 1 terminate flush(es), 0 completion(s), 0 continuation(s) 
[2026-04-03T03:28:08.835+0600][13.414s][info][gc,marking  ] GC(5) Y: Mark Stack Usage: 32M
[2026-04-03T03:28:08.835+0600][13.414s][info][gc,nmethod  ] GC(5) Y: NMethods: 3609 registered, 112 unregistered
[2026-04-03T03:28:08.835+0600][13.414s][info][gc,metaspace] GC(5) Y: Metaspace: 55M used, 56M committed, 1088M reserved
[2026-04-03T03:28:08.835+0600][13.414s][info][gc,reloc    ] GC(5) Y:                        Candidates     Selected     In-Place         Size        Empty    Relocated 
[2026-04-03T03:28:08.835+0600][13.414s][info][gc,reloc    ] GC(5) Y: Small Pages:                    1            0            0           2M           0M           0M 
[2026-04-03T03:28:08.835+0600][13.414s][info][gc,reloc    ] GC(5) Y: Medium Pages:                   0            0            0           0M           0M           0M 
[2026-04-03T03:28:08.835+0600][13.414s][info][gc,reloc    ] GC(5) Y: Large Pages:                    0            0            0           0M           0M           0M 
[2026-04-03T03:28:08.835+0600][13.414s][info][gc,reloc    ] GC(5) Y: Forwarding Usage: 0M
[2026-04-03T03:28:08.835+0600][13.414s][info][gc,reloc    ] GC(5) Y: Age Table:
[2026-04-03T03:28:08.835+0600][13.414s][info][gc,reloc    ] GC(5) Y:                    Live             Garbage             Small              Medium             Large        
[2026-04-03T03:28:08.835+0600][13.414s][info][gc,reloc    ] GC(5) Y: Eden               0M (0%)            1M (0%)           1 / 0              0 / 0              0 / 0        
[2026-04-03T03:28:08.835+0600][13.414s][info][gc,heap     ] GC(5) Y: Min Capacity: 8M(1%)
[2026-04-03T03:28:08.835+0600][13.414s][info][gc,heap     ] GC(5) Y: Max Capacity: 1500M(100%)
[2026-04-03T03:28:08.835+0600][13.414s][info][gc,heap     ] GC(5) Y: Soft Max Capacity: 1500M(100%)
[2026-04-03T03:28:08.835+0600][13.414s][info][gc,heap     ] GC(5) Y: Heap Statistics:
[2026-04-03T03:28:08.835+0600][13.414s][info][gc,heap     ] GC(5) Y:                Mark Start          Mark End        Relocate Start      Relocate End           High               Low         
[2026-04-03T03:28:08.835+0600][13.414s][info][gc,heap     ] GC(5) Y:  Capacity:      920M (61%)         920M (61%)         920M (61%)         920M (61%)         920M (61%)         920M (61%)    
[2026-04-03T03:28:08.835+0600][13.414s][info][gc,heap     ] GC(5) Y:      Free:     1430M (95%)        1430M (95%)        1430M (95%)        1430M (95%)        1430M (95%)        1430M (95%)    
[2026-04-03T03:28:08.835+0600][13.414s][info][gc,heap     ] GC(5) Y:      Used:       70M (5%)           70M (5%)           70M (5%)           70M (5%)           70M (5%)           70M (5%)     
[2026-04-03T03:28:08.835+0600][13.414s][info][gc,heap     ] GC(5) Y: Young Generation Statistics:
[2026-04-03T03:28:08.835+0600][13.414s][info][gc,heap     ] GC(5) Y:                Mark Start          Mark End        Relocate Start      Relocate End    
[2026-04-03T03:28:08.835+0600][13.414s][info][gc,heap     ] GC(5) Y:      Used:        2M (0%)            2M (0%)            2M (0%)            2M (0%)     
[2026-04-03T03:28:08.835+0600][13.414s][info][gc,heap     ] GC(5) Y:      Live:         -                 0M (0%)            0M (0%)            0M (0%)     
[2026-04-03T03:28:08.835+0600][13.414s][info][gc,heap     ] GC(5) Y:   Garbage:         -                 1M (0%)            1M (0%)            1M (0%)     
[2026-04-03T03:28:08.835+0600][13.414s][info][gc,heap     ] GC(5) Y: Allocated:         -                 0M (0%)            0M (0%)            0M (0%)     
[2026-04-03T03:28:08.835+0600][13.414s][info][gc,heap     ] GC(5) Y: Reclaimed:         -                  -                 0M (0%)            0M (0%)     
[2026-04-03T03:28:08.835+0600][13.414s][info][gc,heap     ] GC(5) Y:  Promoted:         -                  -                 0M (0%)            0M (0%)     
[2026-04-03T03:28:08.835+0600][13.414s][info][gc,heap     ] GC(5) Y: Compacted:         -                  -                  -                 0M (0%)     
[2026-04-03T03:28:08.835+0600][13.414s][info][gc,phases   ] GC(5) Y: Young Generation (Collect Roots) 70M(5%)->70M(5%) 0.008s
[2026-04-03T03:28:08.835+0600][13.414s][info][gc,phases   ] GC(5) O: Old Generation
[2026-04-03T03:28:08.858+0600][13.436s][info][gc,phases   ] GC(5) O: Concurrent Mark 22.663ms
[2026-04-03T03:28:08.858+0600][13.437s][info][gc,phases   ] GC(5) O: Pause Mark End 0.020ms
[2026-04-03T03:28:08.858+0600][13.437s][info][gc,phases   ] GC(5) O: Concurrent Mark Free 0.001ms
[2026-04-03T03:28:08.863+0600][13.442s][info][gc,phases   ] GC(5) O: Concurrent Process Non-Strong 4.865ms
[2026-04-03T03:28:08.863+0600][13.442s][info][gc,phases   ] GC(5) O: Concurrent Reset Relocation Set 0.001ms
[2026-04-03T03:28:08.865+0600][13.444s][info][gc,phases   ] GC(5) O: Concurrent Select Relocation Set 1.993ms
[2026-04-03T03:28:08.865+0600][13.444s][info][gc,task     ] GC(5) O: Using 3 Workers for Old Generation
[2026-04-03T03:28:08.879+0600][13.457s][info][gc,task     ] GC(5) O: Using 3 Workers for Old Generation
[2026-04-03T03:28:08.879+0600][13.457s][info][gc,phases   ] GC(5) O: Concurrent Remap Roots 13.640ms
[2026-04-03T03:28:08.879+0600][13.458s][info][gc,phases   ] GC(5) O: Pause Relocate Start 0.019ms
[2026-04-03T03:28:08.883+0600][13.461s][info][gc,phases   ] GC(5) O: Concurrent Relocate 3.705ms
[2026-04-03T03:28:08.883+0600][13.461s][info][gc,alloc    ] GC(5) O:                         Mark Start        Mark End      Relocate Start    Relocate End   
[2026-04-03T03:28:08.883+0600][13.461s][info][gc,alloc    ] GC(5) O: Allocation Stalls:          0                0                0                0         
[2026-04-03T03:28:08.883+0600][13.461s][info][gc,load     ] GC(5) O: Load: 4.04 (34%) / 4.52 (38%) / 5.05 (42%)
[2026-04-03T03:28:08.883+0600][13.462s][info][gc,mmu      ] GC(5) O: MMU: 2ms/96.0%, 5ms/98.4%, 10ms/99.1%, 20ms/99.5%, 50ms/99.7%, 100ms/99.9%
[2026-04-03T03:28:08.883+0600][13.462s][info][gc,marking  ] GC(5) O: Mark: 2 stripe(s), 1 proactive flush(es), 1 terminate flush(es), 0 completion(s), 0 continuation(s) 
[2026-04-03T03:28:08.883+0600][13.462s][info][gc,marking  ] GC(5) O: Mark Stack Usage: 32M
[2026-04-03T03:28:08.883+0600][13.462s][info][gc,nmethod  ] GC(5) O: NMethods: 3441 registered, 285 unregistered
[2026-04-03T03:28:08.883+0600][13.462s][info][gc,metaspace] GC(5) O: Metaspace: 55M used, 56M committed, 1088M reserved
[2026-04-03T03:28:08.883+0600][13.462s][info][gc,ref      ] GC(5) O:                       Encountered   Discovered     Enqueued 
[2026-04-03T03:28:08.883+0600][13.462s][info][gc,ref      ] GC(5) O: Soft References:             4282            0            0 
[2026-04-03T03:28:08.883+0600][13.462s][info][gc,ref      ] GC(5) O: Weak References:             5400         4587         1776 
[2026-04-03T03:28:08.883+0600][13.462s][info][gc,ref      ] GC(5) O: Final References:              82           66            0 
[2026-04-03T03:28:08.883+0600][13.462s][info][gc,ref      ] GC(5) O: Phantom References:           588          429            2 
[2026-04-03T03:28:08.883+0600][13.462s][info][gc,reloc    ] GC(5) O:                        Candidates     Selected     In-Place         Size        Empty    Relocated 
[2026-04-03T03:28:08.883+0600][13.462s][info][gc,reloc    ] GC(5) O: Small Pages:                   18            3            0          36M           0M           2M 
[2026-04-03T03:28:08.883+0600][13.462s][info][gc,reloc    ] GC(5) O: Medium Pages:                   1            0            0          32M           0M           0M 
[2026-04-03T03:28:08.883+0600][13.462s][info][gc,reloc    ] GC(5) O: Large Pages:                    0            0            0           0M           0M           0M 
[2026-04-03T03:28:08.883+0600][13.462s][info][gc,reloc    ] GC(5) O: Forwarding Usage: 1M
[2026-04-03T03:28:08.883+0600][13.462s][info][gc,heap     ] GC(5) O: Min Capacity: 8M(1%)
[2026-04-03T03:28:08.883+0600][13.462s][info][gc,heap     ] GC(5) O: Max Capacity: 1500M(100%)
[2026-04-03T03:28:08.883+0600][13.462s][info][gc,heap     ] GC(5) O: Soft Max Capacity: 1500M(100%)
[2026-04-03T03:28:08.883+0600][13.462s][info][gc,heap     ] GC(5) O: Heap Statistics:
[2026-04-03T03:28:08.883+0600][13.462s][info][gc,heap     ] GC(5) O:                Mark Start          Mark End        Relocate Start      Relocate End           High               Low         
[2026-04-03T03:28:08.883+0600][13.462s][info][gc,heap     ] GC(5) O:  Capacity:      920M (61%)         920M (61%)         920M (61%)         920M (61%)         920M (61%)         920M (61%)    
[2026-04-03T03:28:08.883+0600][13.462s][info][gc,heap     ] GC(5) O:      Free:     1430M (95%)        1430M (95%)        1428M (95%)        1432M (95%)        1432M (95%)        1422M (95%)    
[2026-04-03T03:28:08.883+0600][13.462s][info][gc,heap     ] GC(5) O:      Used:       70M (5%)           70M (5%)           72M (5%)           68M (5%)           78M (5%)           68M (5%)     
[2026-04-03T03:28:08.883+0600][13.462s][info][gc,heap     ] GC(5) O: Old Generation Statistics:
[2026-04-03T03:28:08.883+0600][13.462s][info][gc,heap     ] GC(5) O:                Mark Start          Mark End        Relocate Start      Relocate End    
[2026-04-03T03:28:08.883+0600][13.462s][info][gc,heap     ] GC(5) O:      Used:       68M (5%)           68M (5%)           68M (5%)           64M (4%)     
[2026-04-03T03:28:08.883+0600][13.462s][info][gc,heap     ] GC(5) O:      Live:         -                32M (2%)           32M (2%)           32M (2%)     
[2026-04-03T03:28:08.883+0600][13.462s][info][gc,heap     ] GC(5) O:   Garbage:         -                35M (2%)           35M (2%)           28M (2%)     
[2026-04-03T03:28:08.883+0600][13.462s][info][gc,heap     ] GC(5) O: Allocated:         -                 0M (0%)            0M (0%)            2M (0%)     
[2026-04-03T03:28:08.883+0600][13.462s][info][gc,heap     ] GC(5) O: Reclaimed:         -                  -                 0M (0%)            6M (0%)     
[2026-04-03T03:28:08.883+0600][13.462s][info][gc,heap     ] GC(5) O: Compacted:         -                  -                  -                 5M (0%)     
[2026-04-03T03:28:08.883+0600][13.462s][info][gc,phases   ] GC(5) O: Old Generation 70M(5%)->68M(5%) 0.048s
[2026-04-03T03:28:08.883+0600][13.462s][info][gc          ] GC(5) Major Collection (System.gc()) 918M(61%)->68M(5%) 0.087s
[2026-04-03T03:28:11.329+0600][15.907s][info][gc          ] GC(6) Minor Collection (Allocation Rate)
[2026-04-03T03:28:11.329+0600][15.907s][info][gc,task     ] GC(6) Using 2 Workers for Young Generation
[2026-04-03T03:28:11.329+0600][15.907s][info][gc,phases   ] GC(6) y: Young Generation
[2026-04-03T03:28:11.329+0600][15.908s][info][gc,phases   ] GC(6) y: Pause Mark Start 0.020ms
[2026-04-03T03:28:11.349+0600][15.927s][info][gc,phases   ] GC(6) y: Concurrent Mark 19.698ms
[2026-04-03T03:28:11.349+0600][15.928s][info][gc,phases   ] GC(6) y: Pause Mark End 0.025ms
[2026-04-03T03:28:11.349+0600][15.928s][info][gc,phases   ] GC(6) y: Concurrent Mark Free 0.001ms
[2026-04-03T03:28:11.349+0600][15.928s][info][gc,phases   ] GC(6) y: Concurrent Reset Relocation Set 0.001ms
[2026-04-03T03:28:11.352+0600][15.931s][info][gc,reloc    ] GC(6) y: Using tenuring threshold: 1 (Computed)
[2026-04-03T03:28:11.354+0600][15.932s][info][gc,phases   ] GC(6) y: Concurrent Select Relocation Set 4.360ms
[2026-04-03T03:28:11.354+0600][15.932s][info][gc,phases   ] GC(6) y: Pause Relocate Start 0.019ms
[2026-04-03T03:28:11.361+0600][15.939s][info][gc,phases   ] GC(6) y: Concurrent Relocate 6.305ms
[2026-04-03T03:28:11.361+0600][15.939s][info][gc,alloc    ] GC(6) y:                         Mark Start        Mark End      Relocate Start    Relocate End   
[2026-04-03T03:28:11.361+0600][15.939s][info][gc,alloc    ] GC(6) y: Allocation Stalls:          0                0                0                0         
[2026-04-03T03:28:11.361+0600][15.939s][info][gc,load     ] GC(6) y: Load: 3.80 (32%) / 4.46 (37%) / 5.02 (42%)
[2026-04-03T03:28:11.361+0600][15.939s][info][gc,mmu      ] GC(6) y: MMU: 2ms/96.0%, 5ms/98.4%, 10ms/99.1%, 20ms/99.5%, 50ms/99.7%, 100ms/99.9%
[2026-04-03T03:28:11.361+0600][15.939s][info][gc,marking  ] GC(6) y: Mark: 2 stripe(s), 5 proactive flush(es), 1 terminate flush(es), 0 completion(s), 0 continuation(s) 
[2026-04-03T03:28:11.361+0600][15.939s][info][gc,marking  ] GC(6) y: Mark Stack Usage: 32M
[2026-04-03T03:28:11.361+0600][15.939s][info][gc,nmethod  ] GC(6) y: NMethods: 4473 registered, 285 unregistered
[2026-04-03T03:28:11.361+0600][15.939s][info][gc,metaspace] GC(6) y: Metaspace: 64M used, 65M committed, 1088M reserved
[2026-04-03T03:28:11.361+0600][15.939s][info][gc,reloc    ] GC(6) y:                        Candidates     Selected     In-Place         Size        Empty    Relocated 
[2026-04-03T03:28:11.361+0600][15.939s][info][gc,reloc    ] GC(6) y: Small Pages:                  381           81            0         762M         592M           5M 
[2026-04-03T03:28:11.361+0600][15.939s][info][gc,reloc    ] GC(6) y: Medium Pages:                   1            0            0          32M          32M           0M 
[2026-04-03T03:28:11.361+0600][15.939s][info][gc,reloc    ] GC(6) y: Large Pages:                    1            0            0           6M           6M           0M 
[2026-04-03T03:28:11.361+0600][15.939s][info][gc,reloc    ] GC(6) y: Forwarding Usage: 1M
[2026-04-03T03:28:11.361+0600][15.939s][info][gc,reloc    ] GC(6) y: Age Table:
[2026-04-03T03:28:11.361+0600][15.939s][info][gc,reloc    ] GC(6) y:                    Live             Garbage             Small              Medium             Large        
[2026-04-03T03:28:11.361+0600][15.939s][info][gc,reloc    ] GC(6) y: Eden               6M (0%)          791M (53%)        380 / 81             1 / 0              1 / 0        
[2026-04-03T03:28:11.361+0600][15.939s][info][gc,reloc    ] GC(6) y: Survivor 1          -                 2M (0%)           1 / 0              0 / 0              0 / 0        
[2026-04-03T03:28:11.361+0600][15.939s][info][gc,heap     ] GC(6) y: Min Capacity: 8M(1%)
[2026-04-03T03:28:11.361+0600][15.939s][info][gc,heap     ] GC(6) y: Max Capacity: 1500M(100%)
[2026-04-03T03:28:11.361+0600][15.939s][info][gc,heap     ] GC(6) y: Soft Max Capacity: 1500M(100%)
[2026-04-03T03:28:11.361+0600][15.939s][info][gc,heap     ] GC(6) y: Heap Statistics:
[2026-04-03T03:28:11.361+0600][15.939s][info][gc,heap     ] GC(6) y:                Mark Start          Mark End        Relocate Start      Relocate End           High               Low         
[2026-04-03T03:28:11.361+0600][15.939s][info][gc,heap     ] GC(6) y:  Capacity:      920M (61%)         920M (61%)         920M (61%)         920M (61%)         920M (61%)         920M (61%)    
[2026-04-03T03:28:11.361+0600][15.939s][info][gc,heap     ] GC(6) y:      Free:      636M (42%)         586M (39%)        1206M (80%)        1348M (90%)        1348M (90%)         586M (39%)    
[2026-04-03T03:28:11.361+0600][15.939s][info][gc,heap     ] GC(6) y:      Used:      864M (58%)         914M (61%)         294M (20%)         152M (10%)         914M (61%)         152M (10%)    
[2026-04-03T03:28:11.361+0600][15.939s][info][gc,heap     ] GC(6) y: Young Generation Statistics:
[2026-04-03T03:28:11.361+0600][15.939s][info][gc,heap     ] GC(6) y:                Mark Start          Mark End        Relocate Start      Relocate End    
[2026-04-03T03:28:11.361+0600][15.939s][info][gc,heap     ] GC(6) y:      Used:      800M (53%)         850M (57%)         230M (15%)          88M (6%)     
[2026-04-03T03:28:11.361+0600][15.939s][info][gc,heap     ] GC(6) y:      Live:         -                 6M (0%)            6M (0%)            6M (0%)     
[2026-04-03T03:28:11.361+0600][15.939s][info][gc,heap     ] GC(6) y:   Garbage:         -               793M (53%)         163M (11%)           0M (0%)     
[2026-04-03T03:28:11.361+0600][15.939s][info][gc,heap     ] GC(6) y: Allocated:         -                50M (3%)           60M (4%)           81M (5%)     
[2026-04-03T03:28:11.361+0600][15.939s][info][gc,heap     ] GC(6) y: Reclaimed:         -                  -               630M (42%)         793M (53%)    
[2026-04-03T03:28:11.361+0600][15.939s][info][gc,heap     ] GC(6) y:  Promoted:         -                  -                 0M (0%)            0M (0%)     
[2026-04-03T03:28:11.361+0600][15.939s][info][gc,heap     ] GC(6) y: Compacted:         -                  -                  -                 6M (0%)     
[2026-04-03T03:28:11.361+0600][15.939s][info][gc,phases   ] GC(6) y: Young Generation 864M(58%)->152M(10%) 0.032s
[2026-04-03T03:28:11.361+0600][15.939s][info][gc          ] GC(6) Minor Collection (Allocation Rate) 864M(58%)->154M(10%) 0.032s
[2026-04-03T03:28:11.506+0600][16.084s][info][gc          ] GC(7) Minor Collection (Allocation Rate)
[2026-04-03T03:28:11.506+0600][16.084s][info][gc,task     ] GC(7) Using 2 Workers for Young Generation
[2026-04-03T03:28:11.506+0600][16.084s][info][gc,phases   ] GC(7) y: Young Generation
[2026-04-03T03:28:11.506+0600][16.085s][info][gc,phases   ] GC(7) y: Pause Mark Start 0.021ms
[2026-04-03T03:28:11.527+0600][16.105s][info][gc,phases   ] GC(7) y: Concurrent Mark 20.624ms
[2026-04-03T03:28:11.527+0600][16.106s][info][gc,phases   ] GC(7) y: Pause Mark End 0.026ms
[2026-04-03T03:28:11.527+0600][16.106s][info][gc,phases   ] GC(7) y: Concurrent Mark Free 0.001ms
[2026-04-03T03:28:11.528+0600][16.106s][info][gc,phases   ] GC(7) y: Concurrent Reset Relocation Set 0.015ms
[2026-04-03T03:28:11.532+0600][16.111s][info][gc,reloc    ] GC(7) y: Using tenuring threshold: 1 (Computed)
[2026-04-03T03:28:11.537+0600][16.115s][info][gc,phases   ] GC(7) y: Concurrent Select Relocation Set 9.560ms
[2026-04-03T03:28:11.537+0600][16.116s][info][gc,phases   ] GC(7) y: Pause Relocate Start 0.019ms
[2026-04-03T03:28:11.545+0600][16.123s][info][gc,phases   ] GC(7) y: Concurrent Relocate 7.598ms
[2026-04-03T03:28:11.545+0600][16.123s][info][gc,alloc    ] GC(7) y:                         Mark Start        Mark End      Relocate Start    Relocate End   
[2026-04-03T03:28:11.545+0600][16.123s][info][gc,alloc    ] GC(7) y: Allocation Stalls:          0                0                0                0         
[2026-04-03T03:28:11.545+0600][16.123s][info][gc,load     ] GC(7) y: Load: 3.80 (32%) / 4.46 (37%) / 5.02 (42%)
[2026-04-03T03:28:11.545+0600][16.123s][info][gc,mmu      ] GC(7) y: MMU: 2ms/96.0%, 5ms/98.4%, 10ms/99.1%, 20ms/99.5%, 50ms/99.7%, 100ms/99.9%
[2026-04-03T03:28:11.545+0600][16.123s][info][gc,marking  ] GC(7) y: Mark: 2 stripe(s), 3 proactive flush(es), 1 terminate flush(es), 0 completion(s), 0 continuation(s) 
[2026-04-03T03:28:11.545+0600][16.123s][info][gc,marking  ] GC(7) y: Mark Stack Usage: 32M
[2026-04-03T03:28:11.545+0600][16.123s][info][gc,nmethod  ] GC(7) y: NMethods: 4492 registered, 285 unregistered
[2026-04-03T03:28:11.545+0600][16.123s][info][gc,metaspace] GC(7) y: Metaspace: 64M used, 65M committed, 1088M reserved
[2026-04-03T03:28:11.545+0600][16.123s][info][gc,reloc    ] GC(7) y:                        Candidates     Selected     In-Place         Size        Empty    Relocated 
[2026-04-03T03:28:11.545+0600][16.123s][info][gc,reloc    ] GC(7) y: Small Pages:                  245           10            0         490M         462M           1M 
[2026-04-03T03:28:11.545+0600][16.123s][info][gc,reloc    ] GC(7) y: Medium Pages:                   0            0            0           0M           0M           0M 
[2026-04-03T03:28:11.545+0600][16.123s][info][gc,reloc    ] GC(7) y: Large Pages:                    0            0            0           0M           0M           0M 
[2026-04-03T03:28:11.545+0600][16.123s][info][gc,reloc    ] GC(7) y: Forwarding Usage: 0M
[2026-04-03T03:28:11.545+0600][16.124s][info][gc,reloc    ] GC(7) y: Age Table:
[2026-04-03T03:28:11.545+0600][16.124s][info][gc,reloc    ] GC(7) y:                    Live             Garbage             Small              Medium             Large        
[2026-04-03T03:28:11.545+0600][16.124s][info][gc,reloc    ] GC(7) y: Eden               0M (0%)          475M (32%)        238 / 6              0 / 0              0 / 0        
[2026-04-03T03:28:11.545+0600][16.124s][info][gc,reloc    ] GC(7) y: Survivor 1         6M (0%)            7M (1%)           7 / 4              0 / 0              0 / 0        
[2026-04-03T03:28:11.545+0600][16.124s][info][gc,heap     ] GC(7) y: Min Capacity: 8M(1%)
[2026-04-03T03:28:11.545+0600][16.124s][info][gc,heap     ] GC(7) y: Max Capacity: 1500M(100%)
[2026-04-03T03:28:11.545+0600][16.124s][info][gc,heap     ] GC(7) y: Soft Max Capacity: 1500M(100%)
[2026-04-03T03:28:11.545+0600][16.124s][info][gc,heap     ] GC(7) y: Heap Statistics:
[2026-04-03T03:28:11.545+0600][16.124s][info][gc,heap     ] GC(7) y:                Mark Start          Mark End        Relocate Start      Relocate End           High               Low         
[2026-04-03T03:28:11.545+0600][16.124s][info][gc,heap     ] GC(7) y:  Capacity:      920M (61%)         920M (61%)         920M (61%)         920M (61%)         920M (61%)         920M (61%)    
[2026-04-03T03:28:11.545+0600][16.124s][info][gc,heap     ] GC(7) y:      Free:      946M (63%)         888M (59%)        1326M (88%)        1316M (88%)        1338M (89%)         888M (59%)    
[2026-04-03T03:28:11.545+0600][16.124s][info][gc,heap     ] GC(7) y:      Used:      554M (37%)         612M (41%)         174M (12%)         184M (12%)         612M (41%)         162M (11%)    
[2026-04-03T03:28:11.545+0600][16.124s][info][gc,heap     ] GC(7) y: Young Generation Statistics:
[2026-04-03T03:28:11.545+0600][16.124s][info][gc,heap     ] GC(7) y:                Mark Start          Mark End        Relocate Start      Relocate End    
[2026-04-03T03:28:11.545+0600][16.124s][info][gc,heap     ] GC(7) y:      Used:      490M (33%)         548M (37%)         104M (7%)          102M (7%)     
[2026-04-03T03:28:11.545+0600][16.124s][info][gc,heap     ] GC(7) y:      Live:         -                 6M (0%)            1M (0%)            0M (0%)     
[2026-04-03T03:28:11.545+0600][16.124s][info][gc,heap     ] GC(7) y:   Garbage:         -               483M (32%)          20M (1%)            0M (0%)     
[2026-04-03T03:28:11.545+0600][16.124s][info][gc,heap     ] GC(7) y: Allocated:         -                58M (4%)           82M (5%)          101M (7%)     
[2026-04-03T03:28:11.545+0600][16.124s][info][gc,heap     ] GC(7) y: Reclaimed:         -                  -               463M (31%)         483M (32%)    
[2026-04-03T03:28:11.545+0600][16.124s][info][gc,heap     ] GC(7) y:  Promoted:         -                  -                 4M (0%)            6M (0%)     
[2026-04-03T03:28:11.545+0600][16.124s][info][gc,heap     ] GC(7) y: Compacted:         -                  -                  -                 0M (0%)     
[2026-04-03T03:28:11.545+0600][16.124s][info][gc,phases   ] GC(7) y: Young Generation 554M(37%)->184M(12%) 0.039s
[2026-04-03T03:28:11.545+0600][16.124s][info][gc          ] GC(7) Minor Collection (Allocation Rate) 552M(37%)->184M(12%) 0.039s
[2026-04-03T03:28:11.545+0600][16.124s][info][gc          ] GC(8) Minor Collection (Allocation Rate)
[2026-04-03T03:28:11.545+0600][16.124s][info][gc,task     ] GC(8) Using 2 Workers for Young Generation
[2026-04-03T03:28:11.545+0600][16.124s][info][gc,phases   ] GC(8) y: Young Generation
[2026-04-03T03:28:11.546+0600][16.124s][info][gc,phases   ] GC(8) y: Pause Mark Start 0.024ms
[2026-04-03T03:28:11.554+0600][16.132s][info][gc,phases   ] GC(8) y: Concurrent Mark 7.569ms
[2026-04-03T03:28:11.554+0600][16.132s][info][gc,phases   ] GC(8) y: Pause Mark End 0.110ms
[2026-04-03T03:28:11.554+0600][16.132s][info][gc,phases   ] GC(8) y: Concurrent Mark Free 0.002ms
[2026-04-03T03:28:11.554+0600][16.132s][info][gc,phases   ] GC(8) y: Concurrent Reset Relocation Set 0.011ms
[2026-04-03T03:28:11.559+0600][16.137s][info][gc,reloc    ] GC(8) y: Using tenuring threshold: 2 (Computed)
[2026-04-03T03:28:11.559+0600][16.137s][info][gc,phases   ] GC(8) y: Concurrent Select Relocation Set 5.051ms
[2026-04-03T03:28:11.560+0600][16.138s][info][gc,phases   ] GC(8) y: Pause Relocate Start 0.015ms
[2026-04-03T03:28:11.560+0600][16.138s][info][gc,phases   ] GC(8) y: Concurrent Relocate 0.318ms
[2026-04-03T03:28:11.560+0600][16.138s][info][gc,alloc    ] GC(8) y:                         Mark Start        Mark End      Relocate Start    Relocate End   
[2026-04-03T03:28:11.560+0600][16.138s][info][gc,alloc    ] GC(8) y: Allocation Stalls:          0                0                0                0         
[2026-04-03T03:28:11.560+0600][16.138s][info][gc,load     ] GC(8) y: Load: 3.80 (32%) / 4.46 (37%) / 5.02 (42%)
[2026-04-03T03:28:11.560+0600][16.138s][info][gc,mmu      ] GC(8) y: MMU: 2ms/94.5%, 5ms/97.8%, 10ms/98.7%, 20ms/99.2%, 50ms/99.6%, 100ms/99.8%
[2026-04-03T03:28:11.560+0600][16.138s][info][gc,marking  ] GC(8) y: Mark: 2 stripe(s), 2 proactive flush(es), 1 terminate flush(es), 0 completion(s), 0 continuation(s) 
[2026-04-03T03:28:11.560+0600][16.138s][info][gc,marking  ] GC(8) y: Mark Stack Usage: 32M
[2026-04-03T03:28:11.560+0600][16.138s][info][gc,nmethod  ] GC(8) y: NMethods: 4492 registered, 285 unregistered
[2026-04-03T03:28:11.560+0600][16.138s][info][gc,metaspace] GC(8) y: Metaspace: 64M used, 65M committed, 1088M reserved
[2026-04-03T03:28:11.560+0600][16.138s][info][gc,reloc    ] GC(8) y:                        Candidates     Selected     In-Place         Size        Empty    Relocated 
[2026-04-03T03:28:11.560+0600][16.138s][info][gc,reloc    ] GC(8) y: Small Pages:                   51            5            0         102M          90M           0M 
[2026-04-03T03:28:11.560+0600][16.138s][info][gc,reloc    ] GC(8) y: Medium Pages:                   0            0            0           0M           0M           0M 
[2026-04-03T03:28:11.560+0600][16.138s][info][gc,reloc    ] GC(8) y: Large Pages:                    0            0            0           0M           0M           0M 
[2026-04-03T03:28:11.560+0600][16.138s][info][gc,reloc    ] GC(8) y: Forwarding Usage: 0M
[2026-04-03T03:28:11.560+0600][16.138s][info][gc,reloc    ] GC(8) y: Age Table:
[2026-04-03T03:28:11.560+0600][16.138s][info][gc,reloc    ] GC(8) y:                    Live             Garbage             Small              Medium             Large        
[2026-04-03T03:28:11.560+0600][16.138s][info][gc,reloc    ] GC(8) y: Eden               0M (0%)           99M (7%)          50 / 4              0 / 0              0 / 0        
[2026-04-03T03:28:11.560+0600][16.138s][info][gc,reloc    ] GC(8) y: Survivor 1         0M (0%)            1M (0%)           1 / 1              0 / 0              0 / 0        
[2026-04-03T03:28:11.560+0600][16.138s][info][gc,heap     ] GC(8) y: Min Capacity: 8M(1%)
[2026-04-03T03:28:11.560+0600][16.138s][info][gc,heap     ] GC(8) y: Max Capacity: 1500M(100%)
[2026-04-03T03:28:11.560+0600][16.138s][info][gc,heap     ] GC(8) y: Soft Max Capacity: 1500M(100%)
[2026-04-03T03:28:11.560+0600][16.138s][info][gc,heap     ] GC(8) y: Heap Statistics:
[2026-04-03T03:28:11.560+0600][16.138s][info][gc,heap     ] GC(8) y:                Mark Start          Mark End        Relocate Start      Relocate End           High               Low         
[2026-04-03T03:28:11.560+0600][16.138s][info][gc,heap     ] GC(8) y:  Capacity:      920M (61%)         920M (61%)         920M (61%)         920M (61%)         920M (61%)         920M (61%)    
[2026-04-03T03:28:11.560+0600][16.138s][info][gc,heap     ] GC(8) y:      Free:     1316M (88%)        1298M (87%)        1376M (92%)        1384M (92%)        1384M (92%)        1286M (86%)    
[2026-04-03T03:28:11.560+0600][16.139s][info][gc,heap     ] GC(8) y:      Used:      184M (12%)         202M (13%)         124M (8%)          116M (8%)          214M (14%)         116M (8%)     
[2026-04-03T03:28:11.560+0600][16.139s][info][gc,heap     ] GC(8) y: Young Generation Statistics:
[2026-04-03T03:28:11.560+0600][16.139s][info][gc,heap     ] GC(8) y:                Mark Start          Mark End        Relocate Start      Relocate End    
[2026-04-03T03:28:11.560+0600][16.139s][info][gc,heap     ] GC(8) y:      Used:      102M (7%)          120M (8%)           42M (3%)           34M (2%)     
[2026-04-03T03:28:11.560+0600][16.139s][info][gc,heap     ] GC(8) y:      Live:         -                 0M (0%)            0M (0%)            0M (0%)     
[2026-04-03T03:28:11.560+0600][16.139s][info][gc,heap     ] GC(8) y:   Garbage:         -               101M (7%)           11M (1%)            0M (0%)     
[2026-04-03T03:28:11.560+0600][16.139s][info][gc,heap     ] GC(8) y: Allocated:         -                18M (1%)           30M (2%)           33M (2%)     
[2026-04-03T03:28:11.560+0600][16.139s][info][gc,heap     ] GC(8) y: Reclaimed:         -                  -                90M (6%)          101M (7%)     
[2026-04-03T03:28:11.560+0600][16.139s][info][gc,heap     ] GC(8) y:  Promoted:         -                  -                 0M (0%)            0M (0%)     
[2026-04-03T03:28:11.560+0600][16.139s][info][gc,heap     ] GC(8) y: Compacted:         -                  -                  -                 0M (0%)     
[2026-04-03T03:28:11.560+0600][16.139s][info][gc,phases   ] GC(8) y: Young Generation 184M(12%)->116M(8%) 0.014s
[2026-04-03T03:28:11.560+0600][16.139s][info][gc          ] GC(8) Minor Collection (Allocation Rate) 184M(12%)->120M(8%) 0.015s
[2026-04-03T03:28:11.585+0600][16.163s][info][gc          ] GC(9) Major Collection (Allocation Rate)
[2026-04-03T03:28:11.585+0600][16.163s][info][gc,task     ] GC(9) Using 3 Workers for Young Generation
[2026-04-03T03:28:11.585+0600][16.163s][info][gc,task     ] GC(9) Using 1 Workers for Old Generation
[2026-04-03T03:28:11.585+0600][16.163s][info][gc,phases   ] GC(9) Y: Young Generation
[2026-04-03T03:28:11.585+0600][16.163s][info][gc,phases   ] GC(9) Y: Pause Mark Start (Major) 0.047ms
[2026-04-03T03:28:11.591+0600][16.170s][info][gc,phases   ] GC(9) Y: Concurrent Mark 6.159ms
[2026-04-03T03:28:11.592+0600][16.170s][info][gc,phases   ] GC(9) Y: Pause Mark End 0.020ms
[2026-04-03T03:28:11.592+0600][16.170s][info][gc,phases   ] GC(9) Y: Concurrent Mark Free 0.004ms
[2026-04-03T03:28:11.592+0600][16.170s][info][gc,phases   ] GC(9) Y: Concurrent Reset Relocation Set 0.002ms
[2026-04-03T03:28:11.593+0600][16.172s][info][gc,reloc    ] GC(9) Y: Using tenuring threshold: 3 (Computed)
[2026-04-03T03:28:11.593+0600][16.172s][info][gc,phases   ] GC(9) Y: Concurrent Select Relocation Set 1.615ms
[2026-04-03T03:28:11.594+0600][16.172s][info][gc,phases   ] GC(9) Y: Pause Relocate Start 0.019ms
[2026-04-03T03:28:11.594+0600][16.172s][info][gc,phases   ] GC(9) Y: Concurrent Relocate 0.132ms
[2026-04-03T03:28:11.594+0600][16.172s][info][gc,alloc    ] GC(9) Y:                         Mark Start        Mark End      Relocate Start    Relocate End   
[2026-04-03T03:28:11.594+0600][16.172s][info][gc,alloc    ] GC(9) Y: Allocation Stalls:          0                0                0                0         
[2026-04-03T03:28:11.594+0600][16.172s][info][gc,load     ] GC(9) Y: Load: 3.80 (32%) / 4.46 (37%) / 5.02 (42%)
[2026-04-03T03:28:11.594+0600][16.172s][info][gc,mmu      ] GC(9) Y: MMU: 2ms/94.5%, 5ms/97.8%, 10ms/98.7%, 20ms/99.2%, 50ms/99.5%, 100ms/99.7%
[2026-04-03T03:28:11.594+0600][16.172s][info][gc,marking  ] GC(9) Y: Mark: 2 stripe(s), 2 proactive flush(es), 1 terminate flush(es), 0 completion(s), 0 continuation(s) 
[2026-04-03T03:28:11.594+0600][16.172s][info][gc,marking  ] GC(9) Y: Mark Stack Usage: 32M
[2026-04-03T03:28:11.594+0600][16.172s][info][gc,nmethod  ] GC(9) Y: NMethods: 4492 registered, 285 unregistered
[2026-04-03T03:28:11.594+0600][16.172s][info][gc,metaspace] GC(9) Y: Metaspace: 64M used, 65M committed, 1088M reserved
[2026-04-03T03:28:11.594+0600][16.172s][info][gc,reloc    ] GC(9) Y:                        Candidates     Selected     In-Place         Size        Empty    Relocated 
[2026-04-03T03:28:11.594+0600][16.172s][info][gc,reloc    ] GC(9) Y: Small Pages:                   50            5            0         100M          88M           0M 
[2026-04-03T03:28:11.594+0600][16.172s][info][gc,reloc    ] GC(9) Y: Medium Pages:                   0            0            0           0M           0M           0M 
[2026-04-03T03:28:11.594+0600][16.172s][info][gc,reloc    ] GC(9) Y: Large Pages:                    0            0            0           0M           0M           0M 
[2026-04-03T03:28:11.594+0600][16.172s][info][gc,reloc    ] GC(9) Y: Forwarding Usage: 0M
[2026-04-03T03:28:11.594+0600][16.172s][info][gc,reloc    ] GC(9) Y: Age Table:
[2026-04-03T03:28:11.594+0600][16.172s][info][gc,reloc    ] GC(9) Y:                    Live             Garbage             Small              Medium             Large        
[2026-04-03T03:28:11.594+0600][16.172s][info][gc,reloc    ] GC(9) Y: Eden               0M (0%)           95M (6%)          48 / 3              0 / 0              0 / 0        
[2026-04-03T03:28:11.594+0600][16.172s][info][gc,reloc    ] GC(9) Y: Survivor 1         0M (0%)            1M (0%)           1 / 1              0 / 0              0 / 0        
[2026-04-03T03:28:11.594+0600][16.172s][info][gc,reloc    ] GC(9) Y: Survivor 2         0M (0%)            1M (0%)           1 / 1              0 / 0              0 / 0        
[2026-04-03T03:28:11.594+0600][16.172s][info][gc,heap     ] GC(9) Y: Min Capacity: 8M(1%)
[2026-04-03T03:28:11.594+0600][16.172s][info][gc,heap     ] GC(9) Y: Max Capacity: 1500M(100%)
[2026-04-03T03:28:11.594+0600][16.172s][info][gc,heap     ] GC(9) Y: Soft Max Capacity: 1500M(100%)
[2026-04-03T03:28:11.594+0600][16.172s][info][gc,heap     ] GC(9) Y: Heap Statistics:
[2026-04-03T03:28:11.594+0600][16.172s][info][gc,heap     ] GC(9) Y:                Mark Start          Mark End        Relocate Start      Relocate End           High               Low         
[2026-04-03T03:28:11.594+0600][16.172s][info][gc,heap     ] GC(9) Y:  Capacity:      920M (61%)         920M (61%)         920M (61%)         920M (61%)         920M (61%)         920M (61%)    
[2026-04-03T03:28:11.594+0600][16.172s][info][gc,heap     ] GC(9) Y:      Free:     1318M (88%)        1300M (87%)        1382M (92%)        1384M (92%)        1384M (92%)        1294M (86%)    
[2026-04-03T03:28:11.594+0600][16.172s][info][gc,heap     ] GC(9) Y:      Used:      182M (12%)         200M (13%)         118M (8%)          116M (8%)          206M (14%)         116M (8%)     
[2026-04-03T03:28:11.594+0600][16.172s][info][gc,heap     ] GC(9) Y: Young Generation Statistics:
[2026-04-03T03:28:11.594+0600][16.172s][info][gc,heap     ] GC(9) Y:                Mark Start          Mark End        Relocate Start      Relocate End    
[2026-04-03T03:28:11.594+0600][16.172s][info][gc,heap     ] GC(9) Y:      Used:      100M (7%)          118M (8%)           36M (2%)           34M (2%)     
[2026-04-03T03:28:11.594+0600][16.172s][info][gc,heap     ] GC(9) Y:      Live:         -                 0M (0%)            0M (0%)            0M (0%)     
[2026-04-03T03:28:11.594+0600][16.172s][info][gc,heap     ] GC(9) Y:   Garbage:         -                99M (7%)           11M (1%)            0M (0%)     
[2026-04-03T03:28:11.594+0600][16.172s][info][gc,heap     ] GC(9) Y: Allocated:         -                18M (1%)           24M (2%)           33M (2%)     
[2026-04-03T03:28:11.594+0600][16.172s][info][gc,heap     ] GC(9) Y: Reclaimed:         -                  -                88M (6%)           99M (7%)     
[2026-04-03T03:28:11.594+0600][16.172s][info][gc,heap     ] GC(9) Y:  Promoted:         -                  -                 0M (0%)            0M (0%)     
[2026-04-03T03:28:11.594+0600][16.172s][info][gc,heap     ] GC(9) Y: Compacted:         -                  -                  -                 0M (0%)     
[2026-04-03T03:28:11.594+0600][16.172s][info][gc,phases   ] GC(9) Y: Young Generation 182M(12%)->116M(8%) 0.009s
[2026-04-03T03:28:11.594+0600][16.172s][info][gc,phases   ] GC(9) O: Old Generation
[2026-04-03T03:28:11.623+0600][16.201s][info][gc          ] GC(10) Minor Collection (Allocation Rate)
[2026-04-03T03:28:11.623+0600][16.201s][info][gc,task     ] GC(10) Using 2 Workers for Young Generation
[2026-04-03T03:28:11.623+0600][16.201s][info][gc,phases   ] GC(10) y: Young Generation
[2026-04-03T03:28:11.623+0600][16.201s][info][gc,phases   ] GC(10) y: Pause Mark Start 0.030ms
[2026-04-03T03:28:11.630+0600][16.208s][info][gc,phases   ] GC(10) y: Concurrent Mark 6.526ms
[2026-04-03T03:28:11.630+0600][16.208s][info][gc,phases   ] GC(10) y: Pause Mark End 0.025ms
[2026-04-03T03:28:11.630+0600][16.208s][info][gc,phases   ] GC(10) y: Concurrent Mark Free 0.001ms
[2026-04-03T03:28:11.630+0600][16.208s][info][gc,phases   ] GC(10) y: Concurrent Reset Relocation Set 0.002ms
[2026-04-03T03:28:11.635+0600][16.213s][info][gc,reloc    ] GC(10) y: Using tenuring threshold: 4 (Computed)
[2026-04-03T03:28:11.635+0600][16.213s][info][gc,phases   ] GC(10) y: Concurrent Select Relocation Set 4.922ms
[2026-04-03T03:28:11.635+0600][16.214s][info][gc,phases   ] GC(10) y: Pause Relocate Start 0.012ms
[2026-04-03T03:28:11.636+0600][16.214s][info][gc,phases   ] GC(10) y: Concurrent Relocate 0.227ms
[2026-04-03T03:28:11.636+0600][16.214s][info][gc,alloc    ] GC(10) y:                         Mark Start        Mark End      Relocate Start    Relocate End   
[2026-04-03T03:28:11.636+0600][16.214s][info][gc,alloc    ] GC(10) y: Allocation Stalls:          0                0                0                0         
[2026-04-03T03:28:11.636+0600][16.214s][info][gc,load     ] GC(10) y: Load: 3.80 (32%) / 4.46 (37%) / 5.02 (42%)
[2026-04-03T03:28:11.636+0600][16.214s][info][gc,mmu      ] GC(10) y: MMU: 2ms/94.5%, 5ms/97.8%, 10ms/98.7%, 20ms/99.2%, 50ms/99.5%, 100ms/99.7%
[2026-04-03T03:28:11.636+0600][16.214s][info][gc,marking  ] GC(10) y: Mark: 2 stripe(s), 2 proactive flush(es), 1 terminate flush(es), 0 completion(s), 0 continuation(s) 
[2026-04-03T03:28:11.636+0600][16.214s][info][gc,marking  ] GC(10) y: Mark Stack Usage: 32M
[2026-04-03T03:28:11.636+0600][16.214s][info][gc,nmethod  ] GC(10) y: NMethods: 4494 registered, 285 unregistered
[2026-04-03T03:28:11.636+0600][16.214s][info][gc,metaspace] GC(10) y: Metaspace: 64M used, 65M committed, 1088M reserved
[2026-04-03T03:28:11.636+0600][16.214s][info][gc,reloc    ] GC(10) y:                        Candidates     Selected     In-Place         Size        Empty    Relocated 
[2026-04-03T03:28:11.636+0600][16.214s][info][gc,reloc    ] GC(10) y: Small Pages:                   52            9            0         104M          84M           0M 
[2026-04-03T03:28:11.636+0600][16.214s][info][gc,reloc    ] GC(10) y: Medium Pages:                   0            0            0           0M           0M           0M 
[2026-04-03T03:28:11.636+0600][16.214s][info][gc,reloc    ] GC(10) y: Large Pages:                    0            0            0           0M           0M           0M 
[2026-04-03T03:28:11.636+0600][16.214s][info][gc,reloc    ] GC(10) y: Forwarding Usage: 0M
[2026-04-03T03:28:11.636+0600][16.214s][info][gc,reloc    ] GC(10) y: Age Table:
[2026-04-03T03:28:11.636+0600][16.214s][info][gc,reloc    ] GC(10) y:                    Live             Garbage             Small              Medium             Large        
[2026-04-03T03:28:11.636+0600][16.214s][info][gc,reloc    ] GC(10) y: Eden               0M (0%)           93M (6%)          47 / 7              0 / 0              0 / 0        
[2026-04-03T03:28:11.636+0600][16.214s][info][gc,reloc    ] GC(10) y: Survivor 1          -                 6M (0%)           3 / 0              0 / 0              0 / 0        
[2026-04-03T03:28:11.636+0600][16.214s][info][gc,reloc    ] GC(10) y: Survivor 2         0M (0%)            1M (0%)           1 / 1              0 / 0              0 / 0        
[2026-04-03T03:28:11.636+0600][16.214s][info][gc,reloc    ] GC(10) y: Survivor 3         0M (0%)            1M (0%)           1 / 1              0 / 0              0 / 0        
[2026-04-03T03:28:11.636+0600][16.214s][info][gc,heap     ] GC(10) y: Min Capacity: 8M(1%)
[2026-04-03T03:28:11.636+0600][16.214s][info][gc,heap     ] GC(10) y: Max Capacity: 1500M(100%)
[2026-04-03T03:28:11.636+0600][16.214s][info][gc,heap     ] GC(10) y: Soft Max Capacity: 1500M(100%)
[2026-04-03T03:28:11.636+0600][16.214s][info][gc,heap     ] GC(10) y: Heap Statistics:
[2026-04-03T03:28:11.636+0600][16.214s][info][gc,heap     ] GC(10) y:                Mark Start          Mark End        Relocate Start      Relocate End           High               Low         
[2026-04-03T03:28:11.636+0600][16.214s][info][gc,heap     ] GC(10) y:  Capacity:      920M (61%)         920M (61%)         920M (61%)         920M (61%)         920M (61%)         920M (61%)    
[2026-04-03T03:28:11.636+0600][16.214s][info][gc,heap     ] GC(10) y:      Free:     1314M (88%)        1296M (86%)        1368M (91%)        1380M (92%)        1380M (92%)        1284M (86%)    
[2026-04-03T03:28:11.636+0600][16.214s][info][gc,heap     ] GC(10) y:      Used:      186M (12%)         204M (14%)         132M (9%)          120M (8%)          216M (14%)         120M (8%)     
[2026-04-03T03:28:11.636+0600][16.214s][info][gc,heap     ] GC(10) y: Young Generation Statistics:
[2026-04-03T03:28:11.636+0600][16.214s][info][gc,heap     ] GC(10) y:                Mark Start          Mark End        Relocate Start      Relocate End    
[2026-04-03T03:28:11.636+0600][16.214s][info][gc,heap     ] GC(10) y:      Used:      104M (7%)          122M (8%)           50M (3%)           38M (3%)     
[2026-04-03T03:28:11.636+0600][16.214s][info][gc,heap     ] GC(10) y:      Live:         -                 0M (0%)            0M (0%)            0M (0%)     
[2026-04-03T03:28:11.636+0600][16.214s][info][gc,heap     ] GC(10) y:   Garbage:         -               103M (7%)           19M (1%)            0M (0%)     
[2026-04-03T03:28:11.636+0600][16.214s][info][gc,heap     ] GC(10) y: Allocated:         -                18M (1%)           30M (2%)           37M (3%)     
[2026-04-03T03:28:11.636+0600][16.214s][info][gc,heap     ] GC(10) y: Reclaimed:         -                  -                84M (6%)          103M (7%)     
[2026-04-03T03:28:11.636+0600][16.214s][info][gc,heap     ] GC(10) y:  Promoted:         -                  -                 0M (0%)            0M (0%)     
[2026-04-03T03:28:11.636+0600][16.214s][info][gc,heap     ] GC(10) y: Compacted:         -                  -                  -                 0M (0%)     
[2026-04-03T03:28:11.636+0600][16.214s][info][gc,phases   ] GC(10) y: Young Generation 186M(12%)->120M(8%) 0.013s
[2026-04-03T03:28:11.636+0600][16.214s][info][gc          ] GC(10) Minor Collection (Allocation Rate) 186M(12%)->120M(8%) 0.013s
[2026-04-03T03:28:11.653+0600][16.232s][info][gc          ] GC(11) Minor Collection (Allocation Rate)
[2026-04-03T03:28:11.654+0600][16.232s][info][gc,task     ] GC(11) Using 2 Workers for Young Generation
[2026-04-03T03:28:11.654+0600][16.232s][info][gc,phases   ] GC(11) y: Young Generation
[2026-04-03T03:28:11.654+0600][16.232s][info][gc,phases   ] GC(11) y: Pause Mark Start 0.020ms
[2026-04-03T03:28:11.661+0600][16.239s][info][gc,phases   ] GC(11) y: Concurrent Mark 6.598ms
[2026-04-03T03:28:11.661+0600][16.239s][info][gc,phases   ] GC(11) y: Pause Mark End 0.051ms
[2026-04-03T03:28:11.661+0600][16.239s][info][gc,phases   ] GC(11) y: Concurrent Mark Free 0.001ms
[2026-04-03T03:28:11.661+0600][16.239s][info][gc,phases   ] GC(11) y: Concurrent Reset Relocation Set 0.002ms
[2026-04-03T03:28:11.666+0600][16.244s][info][gc,reloc    ] GC(11) y: Using tenuring threshold: 5 (Computed)
[2026-04-03T03:28:11.666+0600][16.244s][info][gc,phases   ] GC(11) y: Concurrent Select Relocation Set 4.986ms
[2026-04-03T03:28:11.666+0600][16.245s][info][gc,phases   ] GC(11) y: Pause Relocate Start 0.012ms
[2026-04-03T03:28:11.667+0600][16.245s][info][gc,phases   ] GC(11) y: Concurrent Relocate 0.271ms
[2026-04-03T03:28:11.667+0600][16.245s][info][gc,alloc    ] GC(11) y:                         Mark Start        Mark End      Relocate Start    Relocate End   
[2026-04-03T03:28:11.667+0600][16.245s][info][gc,alloc    ] GC(11) y: Allocation Stalls:          0                0                0                0         
[2026-04-03T03:28:11.667+0600][16.245s][info][gc,load     ] GC(11) y: Load: 3.80 (32%) / 4.46 (37%) / 5.02 (42%)
[2026-04-03T03:28:11.667+0600][16.245s][info][gc,mmu      ] GC(11) y: MMU: 2ms/94.5%, 5ms/97.8%, 10ms/98.7%, 20ms/99.2%, 50ms/99.5%, 100ms/99.7%
[2026-04-03T03:28:11.667+0600][16.245s][info][gc,marking  ] GC(11) y: Mark: 2 stripe(s), 2 proactive flush(es), 1 terminate flush(es), 0 completion(s), 0 continuation(s) 
[2026-04-03T03:28:11.667+0600][16.245s][info][gc,marking  ] GC(11) y: Mark Stack Usage: 32M
[2026-04-03T03:28:11.667+0600][16.245s][info][gc,nmethod  ] GC(11) y: NMethods: 4496 registered, 285 unregistered
[2026-04-03T03:28:11.667+0600][16.245s][info][gc,metaspace] GC(11) y: Metaspace: 64M used, 65M committed, 1088M reserved
[2026-04-03T03:28:11.667+0600][16.245s][info][gc,reloc    ] GC(11) y:                        Candidates     Selected     In-Place         Size        Empty    Relocated 
[2026-04-03T03:28:11.667+0600][16.245s][info][gc,reloc    ] GC(11) y: Small Pages:                   40            9            0          80M          60M           0M 
[2026-04-03T03:28:11.667+0600][16.245s][info][gc,reloc    ] GC(11) y: Medium Pages:                   0            0            0           0M           0M           0M 
[2026-04-03T03:28:11.667+0600][16.245s][info][gc,reloc    ] GC(11) y: Large Pages:                    0            0            0           0M           0M           0M 
[2026-04-03T03:28:11.667+0600][16.245s][info][gc,reloc    ] GC(11) y: Forwarding Usage: 0M
[2026-04-03T03:28:11.667+0600][16.245s][info][gc,reloc    ] GC(11) y: Age Table:
[2026-04-03T03:28:11.667+0600][16.245s][info][gc,reloc    ] GC(11) y:                    Live             Garbage             Small              Medium             Large        
[2026-04-03T03:28:11.667+0600][16.245s][info][gc,reloc    ] GC(11) y: Eden               0M (0%)           71M (5%)          36 / 6              0 / 0              0 / 0        
[2026-04-03T03:28:11.667+0600][16.245s][info][gc,reloc    ] GC(11) y: Survivor 1         0M (0%)            3M (0%)           2 / 1              0 / 0              0 / 0        
[2026-04-03T03:28:11.667+0600][16.245s][info][gc,reloc    ] GC(11) y: Survivor 2          -                 0M (0%)           0 / 0              0 / 0              0 / 0        
[2026-04-03T03:28:11.667+0600][16.245s][info][gc,reloc    ] GC(11) y: Survivor 3         0M (0%)            1M (0%)           1 / 1              0 / 0              0 / 0        
[2026-04-03T03:28:11.667+0600][16.245s][info][gc,reloc    ] GC(11) y: Survivor 4         0M (0%)            1M (0%)           1 / 1              0 / 0              0 / 0        
[2026-04-03T03:28:11.667+0600][16.245s][info][gc,heap     ] GC(11) y: Min Capacity: 8M(1%)
[2026-04-03T03:28:11.667+0600][16.245s][info][gc,heap     ] GC(11) y: Max Capacity: 1500M(100%)
[2026-04-03T03:28:11.667+0600][16.245s][info][gc,heap     ] GC(11) y: Soft Max Capacity: 1500M(100%)
[2026-04-03T03:28:11.667+0600][16.245s][info][gc,heap     ] GC(11) y: Heap Statistics:
[2026-04-03T03:28:11.667+0600][16.245s][info][gc,heap     ] GC(11) y:                Mark Start          Mark End        Relocate Start      Relocate End           High               Low         
[2026-04-03T03:28:11.667+0600][16.245s][info][gc,heap     ] GC(11) y:  Capacity:      920M (61%)         920M (61%)         920M (61%)         920M (61%)         920M (61%)         920M (61%)    
[2026-04-03T03:28:11.667+0600][16.245s][info][gc,heap     ] GC(11) y:      Free:     1338M (89%)        1320M (88%)        1368M (91%)        1378M (92%)        1378M (92%)        1308M (87%)    
[2026-04-03T03:28:11.667+0600][16.245s][info][gc,heap     ] GC(11) y:      Used:      162M (11%)         180M (12%)         132M (9%)          122M (8%)          192M (13%)         122M (8%)     
[2026-04-03T03:28:11.667+0600][16.245s][info][gc,heap     ] GC(11) y: Young Generation Statistics:
[2026-04-03T03:28:11.667+0600][16.245s][info][gc,heap     ] GC(11) y:                Mark Start          Mark End        Relocate Start      Relocate End    
[2026-04-03T03:28:11.667+0600][16.245s][info][gc,heap     ] GC(11) y:      Used:       80M (5%)           98M (7%)           50M (3%)           40M (3%)     
[2026-04-03T03:28:11.667+0600][16.245s][info][gc,heap     ] GC(11) y:      Live:         -                 0M (0%)            0M (0%)            0M (0%)     
[2026-04-03T03:28:11.667+0600][16.245s][info][gc,heap     ] GC(11) y:   Garbage:         -                79M (5%)           19M (1%)            0M (0%)     
[2026-04-03T03:28:11.667+0600][16.245s][info][gc,heap     ] GC(11) y: Allocated:         -                18M (1%)           30M (2%)           39M (3%)     
[2026-04-03T03:28:11.667+0600][16.245s][info][gc,heap     ] GC(11) y: Reclaimed:         -                  -                60M (4%)           79M (5%)     
[2026-04-03T03:28:11.667+0600][16.245s][info][gc,heap     ] GC(11) y:  Promoted:         -                  -                 0M (0%)            0M (0%)     
[2026-04-03T03:28:11.667+0600][16.245s][info][gc,heap     ] GC(11) y: Compacted:         -                  -                  -                 0M (0%)     
[2026-04-03T03:28:11.667+0600][16.245s][info][gc,phases   ] GC(11) y: Young Generation 162M(11%)->122M(8%) 0.013s
[2026-04-03T03:28:11.667+0600][16.245s][info][gc          ] GC(11) Minor Collection (Allocation Rate) 162M(11%)->122M(8%) 0.014s
[2026-04-03T03:28:11.680+0600][16.259s][info][gc,phases   ] GC(9) O: Concurrent Mark 86.291ms
[2026-04-03T03:28:11.681+0600][16.259s][info][gc,phases   ] GC(9) O: Pause Mark End 0.051ms
[2026-04-03T03:28:11.681+0600][16.259s][info][gc,phases   ] GC(9) O: Concurrent Mark Free 0.002ms
[2026-04-03T03:28:11.705+0600][16.284s][info][gc,phases   ] GC(9) O: Concurrent Process Non-Strong 24.191ms
[2026-04-03T03:28:11.705+0600][16.284s][info][gc,phases   ] GC(9) O: Concurrent Reset Relocation Set 0.003ms
[2026-04-03T03:28:11.707+0600][16.286s][info][gc,phases   ] GC(9) O: Concurrent Select Relocation Set 1.916ms
[2026-04-03T03:28:11.707+0600][16.286s][info][gc,task     ] GC(9) O: Using 3 Workers for Old Generation
[2026-04-03T03:28:11.727+0600][16.306s][info][gc,task     ] GC(9) O: Using 1 Workers for Old Generation
[2026-04-03T03:28:11.728+0600][16.306s][info][gc,phases   ] GC(9) O: Concurrent Remap Roots 20.079ms
[2026-04-03T03:28:11.728+0600][16.306s][info][gc,phases   ] GC(9) O: Pause Relocate Start 0.033ms
[2026-04-03T03:28:11.732+0600][16.311s][info][gc,phases   ] GC(9) O: Concurrent Relocate 4.396ms
[2026-04-03T03:28:11.732+0600][16.311s][info][gc,alloc    ] GC(9) O:                         Mark Start        Mark End      Relocate Start    Relocate End   
[2026-04-03T03:28:11.732+0600][16.311s][info][gc,alloc    ] GC(9) O: Allocation Stalls:          0                0                0                0         
[2026-04-03T03:28:11.733+0600][16.311s][info][gc,load     ] GC(9) O: Load: 3.80 (32%) / 4.46 (37%) / 5.02 (42%)
[2026-04-03T03:28:11.733+0600][16.311s][info][gc,mmu      ] GC(9) O: MMU: 2ms/94.5%, 5ms/97.8%, 10ms/98.7%, 20ms/99.2%, 50ms/99.5%, 100ms/99.7%
[2026-04-03T03:28:11.733+0600][16.311s][info][gc,marking  ] GC(9) O: Mark: 1 stripe(s), 2 proactive flush(es), 1 terminate flush(es), 0 completion(s), 0 continuation(s) 
[2026-04-03T03:28:11.733+0600][16.311s][info][gc,marking  ] GC(9) O: Mark Stack Usage: 32M
[2026-04-03T03:28:11.733+0600][16.311s][info][gc,nmethod  ] GC(9) O: NMethods: 4253 registered, 538 unregistered
[2026-04-03T03:28:11.733+0600][16.311s][info][gc,metaspace] GC(9) O: Metaspace: 64M used, 65M committed, 1088M reserved
[2026-04-03T03:28:11.733+0600][16.311s][info][gc,ref      ] GC(9) O:                       Encountered   Discovered     Enqueued 
[2026-04-03T03:28:11.733+0600][16.311s][info][gc,ref      ] GC(9) O: Soft References:             4766            0            0 
[2026-04-03T03:28:11.733+0600][16.311s][info][gc,ref      ] GC(9) O: Weak References:             5913         4807          781 
[2026-04-03T03:28:11.733+0600][16.311s][info][gc,ref      ] GC(9) O: Final References:              82            0            0 
[2026-04-03T03:28:11.733+0600][16.311s][info][gc,ref      ] GC(9) O: Phantom References:           605          544            1 
[2026-04-03T03:28:11.733+0600][16.311s][info][gc,reloc    ] GC(9) O:                        Candidates     Selected     In-Place         Size        Empty    Relocated 
[2026-04-03T03:28:11.733+0600][16.311s][info][gc,reloc    ] GC(9) O: Small Pages:                   25            7            0          50M           0M           2M 
[2026-04-03T03:28:11.733+0600][16.311s][info][gc,reloc    ] GC(9) O: Medium Pages:                   1            0            0          32M           0M           0M 
[2026-04-03T03:28:11.733+0600][16.311s][info][gc,reloc    ] GC(9) O: Large Pages:                    0            0            0           0M           0M           0M 
[2026-04-03T03:28:11.733+0600][16.311s][info][gc,reloc    ] GC(9) O: Forwarding Usage: 0M
[2026-04-03T03:28:11.733+0600][16.311s][info][gc,heap     ] GC(9) O: Min Capacity: 8M(1%)
[2026-04-03T03:28:11.733+0600][16.311s][info][gc,heap     ] GC(9) O: Max Capacity: 1500M(100%)
[2026-04-03T03:28:11.733+0600][16.311s][info][gc,heap     ] GC(9) O: Soft Max Capacity: 1500M(100%)
[2026-04-03T03:28:11.733+0600][16.311s][info][gc,heap     ] GC(9) O: Heap Statistics:
[2026-04-03T03:28:11.733+0600][16.311s][info][gc,heap     ] GC(9) O:                Mark Start          Mark End        Relocate Start      Relocate End           High               Low         
[2026-04-03T03:28:11.733+0600][16.311s][info][gc,heap     ] GC(9) O:  Capacity:      920M (61%)         920M (61%)         920M (61%)         920M (61%)         920M (61%)         920M (61%)    
[2026-04-03T03:28:11.733+0600][16.311s][info][gc,heap     ] GC(9) O:      Free:     1318M (88%)        1346M (90%)        1256M (84%)        1254M (84%)        1384M (92%)        1246M (83%)    
[2026-04-03T03:28:11.733+0600][16.311s][info][gc,heap     ] GC(9) O:      Used:      182M (12%)         154M (10%)         244M (16%)         246M (16%)         254M (17%)         116M (8%)     
[2026-04-03T03:28:11.733+0600][16.311s][info][gc,heap     ] GC(9) O: Old Generation Statistics:
[2026-04-03T03:28:11.733+0600][16.311s][info][gc,heap     ] GC(9) O:                Mark Start          Mark End        Relocate Start      Relocate End    
[2026-04-03T03:28:11.733+0600][16.311s][info][gc,heap     ] GC(9) O:      Used:       82M (5%)           82M (5%)           82M (5%)           74M (5%)     
[2026-04-03T03:28:11.733+0600][16.311s][info][gc,heap     ] GC(9) O:      Live:         -                38M (3%)           38M (3%)           38M (3%)     
[2026-04-03T03:28:11.733+0600][16.311s][info][gc,heap     ] GC(9) O:   Garbage:         -                43M (3%)           43M (3%)           28M (2%)     
[2026-04-03T03:28:11.733+0600][16.311s][info][gc,heap     ] GC(9) O: Allocated:         -                 0M (0%)            0M (0%)            6M (0%)     
[2026-04-03T03:28:11.733+0600][16.311s][info][gc,heap     ] GC(9) O: Reclaimed:         -                  -                 0M (0%)           14M (1%)     
[2026-04-03T03:28:11.733+0600][16.311s][info][gc,heap     ] GC(9) O: Compacted:         -                  -                  -                 3M (0%)     
[2026-04-03T03:28:11.733+0600][16.311s][info][gc,phases   ] GC(9) O: Old Generation 116M(8%)->246M(16%) 0.138s
[2026-04-03T03:28:11.733+0600][16.311s][info][gc          ] GC(9) Major Collection (Allocation Rate) 182M(12%)->248M(17%) 0.148s
[2026-04-03T03:28:12.153+0600][16.731s][info][gc          ] GC(12) Minor Collection (Allocation Rate)
[2026-04-03T03:28:12.153+0600][16.731s][info][gc,task     ] GC(12) Using 2 Workers for Young Generation
[2026-04-03T03:28:12.153+0600][16.731s][info][gc,phases   ] GC(12) y: Young Generation
[2026-04-03T03:28:12.154+0600][16.732s][info][gc,phases   ] GC(12) y: Pause Mark Start 0.025ms
[2026-04-03T03:28:12.161+0600][16.739s][info][gc,phases   ] GC(12) y: Concurrent Mark 7.249ms
[2026-04-03T03:28:12.161+0600][16.740s][info][gc,phases   ] GC(12) y: Pause Mark End 0.023ms
[2026-04-03T03:28:12.161+0600][16.740s][info][gc,phases   ] GC(12) y: Concurrent Mark Free 0.002ms
[2026-04-03T03:28:12.161+0600][16.740s][info][gc,phases   ] GC(12) y: Concurrent Reset Relocation Set 0.002ms
[2026-04-03T03:28:12.165+0600][16.743s][info][gc,reloc    ] GC(12) y: Using tenuring threshold: 6 (Computed)
[2026-04-03T03:28:12.165+0600][16.743s][info][gc,phases   ] GC(12) y: Concurrent Select Relocation Set 3.752ms
[2026-04-03T03:28:12.165+0600][16.744s][info][gc,phases   ] GC(12) y: Pause Relocate Start 0.021ms
[2026-04-03T03:28:12.166+0600][16.744s][info][gc,phases   ] GC(12) y: Concurrent Relocate 0.225ms
[2026-04-03T03:28:12.166+0600][16.744s][info][gc,alloc    ] GC(12) y:                         Mark Start        Mark End      Relocate Start    Relocate End   
[2026-04-03T03:28:12.166+0600][16.744s][info][gc,alloc    ] GC(12) y: Allocation Stalls:          0                0                0                0         
[2026-04-03T03:28:12.166+0600][16.744s][info][gc,load     ] GC(12) y: Load: 3.80 (32%) / 4.46 (37%) / 5.02 (42%)
[2026-04-03T03:28:12.166+0600][16.744s][info][gc,mmu      ] GC(12) y: MMU: 2ms/94.5%, 5ms/97.8%, 10ms/98.7%, 20ms/99.2%, 50ms/99.5%, 100ms/99.7%
[2026-04-03T03:28:12.166+0600][16.744s][info][gc,marking  ] GC(12) y: Mark: 2 stripe(s), 2 proactive flush(es), 1 terminate flush(es), 0 completion(s), 0 continuation(s) 
[2026-04-03T03:28:12.166+0600][16.744s][info][gc,marking  ] GC(12) y: Mark Stack Usage: 32M
[2026-04-03T03:28:12.166+0600][16.744s][info][gc,nmethod  ] GC(12) y: NMethods: 4275 registered, 538 unregistered
[2026-04-03T03:28:12.166+0600][16.744s][info][gc,metaspace] GC(12) y: Metaspace: 64M used, 65M committed, 1088M reserved
[2026-04-03T03:28:12.166+0600][16.744s][info][gc,reloc    ] GC(12) y:                        Candidates     Selected     In-Place         Size        Empty    Relocated 
[2026-04-03T03:28:12.166+0600][16.744s][info][gc,reloc    ] GC(12) y: Small Pages:                  543           10            0        1086M        1064M           0M 
[2026-04-03T03:28:12.166+0600][16.744s][info][gc,reloc    ] GC(12) y: Medium Pages:                   0            0            0           0M           0M           0M 
[2026-04-03T03:28:12.166+0600][16.744s][info][gc,reloc    ] GC(12) y: Large Pages:                    0            0            0           0M           0M           0M 
[2026-04-03T03:28:12.166+0600][16.744s][info][gc,reloc    ] GC(12) y: Forwarding Usage: 0M
[2026-04-03T03:28:12.166+0600][16.744s][info][gc,reloc    ] GC(12) y: Age Table:
[2026-04-03T03:28:12.166+0600][16.744s][info][gc,reloc    ] GC(12) y:                    Live             Garbage             Small              Medium             Large        
[2026-04-03T03:28:12.166+0600][16.744s][info][gc,reloc    ] GC(12) y: Eden               0M (0%)         1075M (72%)        538 / 7              0 / 0              0 / 0        
[2026-04-03T03:28:12.166+0600][16.744s][info][gc,reloc    ] GC(12) y: Survivor 1         0M (0%)            3M (0%)           2 / 1              0 / 0              0 / 0        
[2026-04-03T03:28:12.166+0600][16.744s][info][gc,reloc    ] GC(12) y: Survivor 2          -                 2M (0%)           1 / 0              0 / 0              0 / 0        
[2026-04-03T03:28:12.166+0600][16.744s][info][gc,reloc    ] GC(12) y: Survivor 3          -                 0M (0%)           0 / 0              0 / 0              0 / 0        
[2026-04-03T03:28:12.166+0600][16.744s][info][gc,reloc    ] GC(12) y: Survivor 4         0M (0%)            1M (0%)           1 / 1              0 / 0              0 / 0        
[2026-04-03T03:28:12.166+0600][16.744s][info][gc,reloc    ] GC(12) y: Survivor 5         0M (0%)            1M (0%)           1 / 1              0 / 0              0 / 0        
[2026-04-03T03:28:12.166+0600][16.744s][info][gc,heap     ] GC(12) y: Min Capacity: 8M(1%)
[2026-04-03T03:28:12.166+0600][16.744s][info][gc,heap     ] GC(12) y: Max Capacity: 1500M(100%)
[2026-04-03T03:28:12.166+0600][16.744s][info][gc,heap     ] GC(12) y: Soft Max Capacity: 1500M(100%)
[2026-04-03T03:28:12.166+0600][16.744s][info][gc,heap     ] GC(12) y: Heap Statistics:
[2026-04-03T03:28:12.166+0600][16.744s][info][gc,heap     ] GC(12) y:                Mark Start          Mark End        Relocate Start      Relocate End           High               Low         
[2026-04-03T03:28:12.166+0600][16.744s][info][gc,heap     ] GC(12) y:  Capacity:     1160M (77%)        1172M (78%)        1172M (78%)        1172M (78%)        1172M (78%)        1160M (77%)    
[2026-04-03T03:28:12.166+0600][16.744s][info][gc,heap     ] GC(12) y:      Free:      340M (23%)         328M (22%)        1386M (92%)        1396M (93%)        1396M (93%)         328M (22%)    
[2026-04-03T03:28:12.166+0600][16.744s][info][gc,heap     ] GC(12) y:      Used:     1160M (77%)        1172M (78%)         114M (8%)          104M (7%)         1172M (78%)         104M (7%)     
[2026-04-03T03:28:12.166+0600][16.744s][info][gc,heap     ] GC(12) y: Young Generation Statistics:
[2026-04-03T03:28:12.166+0600][16.744s][info][gc,heap     ] GC(12) y:                Mark Start          Mark End        Relocate Start      Relocate End    
[2026-04-03T03:28:12.166+0600][16.744s][info][gc,heap     ] GC(12) y:      Used:     1086M (72%)        1098M (73%)          40M (3%)           30M (2%)     
[2026-04-03T03:28:12.166+0600][16.744s][info][gc,heap     ] GC(12) y:      Live:         -                 0M (0%)            0M (0%)            0M (0%)     
[2026-04-03T03:28:12.166+0600][16.744s][info][gc,heap     ] GC(12) y:   Garbage:         -              1085M (72%)          21M (1%)            0M (0%)     
[2026-04-03T03:28:12.166+0600][16.744s][info][gc,heap     ] GC(12) y: Allocated:         -                12M (1%)           18M (1%)           29M (2%)     
[2026-04-03T03:28:12.166+0600][16.744s][info][gc,heap     ] GC(12) y: Reclaimed:         -                  -              1064M (71%)        1085M (72%)    
[2026-04-03T03:28:12.166+0600][16.744s][info][gc,heap     ] GC(12) y:  Promoted:         -                  -                 0M (0%)            0M (0%)     
[2026-04-03T03:28:12.166+0600][16.744s][info][gc,heap     ] GC(12) y: Compacted:         -                  -                  -                 0M (0%)     
[2026-04-03T03:28:12.166+0600][16.744s][info][gc,phases   ] GC(12) y: Young Generation 1160M(77%)->104M(7%) 0.013s
[2026-04-03T03:28:12.166+0600][16.744s][info][gc          ] GC(12) Minor Collection (Allocation Rate) 1160M(77%)->104M(7%) 0.013s
[2026-04-03T03:28:12.558+0600][17.136s][info][gc          ] GC(13) Minor Collection (Allocation Rate)
[2026-04-03T03:28:12.558+0600][17.136s][info][gc,task     ] GC(13) Using 1 Workers for Young Generation
[2026-04-03T03:28:12.558+0600][17.136s][info][gc,phases   ] GC(13) y: Young Generation
[2026-04-03T03:28:12.558+0600][17.136s][info][gc,phases   ] GC(13) y: Pause Mark Start 0.050ms
[2026-04-03T03:28:12.569+0600][17.147s][info][gc,phases   ] GC(13) y: Concurrent Mark 10.726ms
[2026-04-03T03:28:12.569+0600][17.147s][info][gc,phases   ] GC(13) y: Pause Mark End 0.020ms
[2026-04-03T03:28:12.569+0600][17.147s][info][gc,phases   ] GC(13) y: Concurrent Mark Free 0.002ms
[2026-04-03T03:28:12.569+0600][17.147s][info][gc,phases   ] GC(13) y: Concurrent Reset Relocation Set 0.002ms
[2026-04-03T03:28:12.571+0600][17.149s][info][gc,reloc    ] GC(13) y: Using tenuring threshold: 7 (Computed)
[2026-04-03T03:28:12.571+0600][17.149s][info][gc,phases   ] GC(13) y: Concurrent Select Relocation Set 1.981ms
[2026-04-03T03:28:12.571+0600][17.150s][info][gc,phases   ] GC(13) y: Pause Relocate Start 0.017ms
[2026-04-03T03:28:12.572+0600][17.150s][info][gc,phases   ] GC(13) y: Concurrent Relocate 0.202ms
[2026-04-03T03:28:12.572+0600][17.150s][info][gc,alloc    ] GC(13) y:                         Mark Start        Mark End      Relocate Start    Relocate End   
[2026-04-03T03:28:12.572+0600][17.150s][info][gc,alloc    ] GC(13) y: Allocation Stalls:          0                0                0                0         
[2026-04-03T03:28:12.572+0600][17.150s][info][gc,load     ] GC(13) y: Load: 3.80 (32%) / 4.46 (37%) / 5.02 (42%)
[2026-04-03T03:28:12.572+0600][17.150s][info][gc,mmu      ] GC(13) y: MMU: 2ms/94.5%, 5ms/97.8%, 10ms/98.7%, 20ms/99.2%, 50ms/99.5%, 100ms/99.7%
[2026-04-03T03:28:12.572+0600][17.150s][info][gc,marking  ] GC(13) y: Mark: 1 stripe(s), 2 proactive flush(es), 1 terminate flush(es), 0 completion(s), 0 continuation(s) 
[2026-04-03T03:28:12.572+0600][17.150s][info][gc,marking  ] GC(13) y: Mark Stack Usage: 32M
[2026-04-03T03:28:12.572+0600][17.150s][info][gc,nmethod  ] GC(13) y: NMethods: 4287 registered, 538 unregistered
[2026-04-03T03:28:12.572+0600][17.150s][info][gc,metaspace] GC(13) y: Metaspace: 64M used, 65M committed, 1088M reserved
[2026-04-03T03:28:12.572+0600][17.150s][info][gc,reloc    ] GC(13) y:                        Candidates     Selected     In-Place         Size        Empty    Relocated 
[2026-04-03T03:28:12.572+0600][17.150s][info][gc,reloc    ] GC(13) y: Small Pages:                  544           10            0        1088M        1066M           0M 
[2026-04-03T03:28:12.572+0600][17.150s][info][gc,reloc    ] GC(13) y: Medium Pages:                   0            0            0           0M           0M           0M 
[2026-04-03T03:28:12.572+0600][17.150s][info][gc,reloc    ] GC(13) y: Large Pages:                    0            0            0           0M           0M           0M 
[2026-04-03T03:28:12.572+0600][17.150s][info][gc,reloc    ] GC(13) y: Forwarding Usage: 0M
[2026-04-03T03:28:12.572+0600][17.150s][info][gc,reloc    ] GC(13) y: Age Table:
[2026-04-03T03:28:12.572+0600][17.150s][info][gc,reloc    ] GC(13) y:                    Live             Garbage             Small              Medium             Large        
[2026-04-03T03:28:12.572+0600][17.150s][info][gc,reloc    ] GC(13) y: Eden               0M (0%)         1075M (72%)        538 / 5              0 / 0              0 / 0        
[2026-04-03T03:28:12.572+0600][17.150s][info][gc,reloc    ] GC(13) y: Survivor 1         0M (0%)            5M (0%)           3 / 2              0 / 0              0 / 0        
[2026-04-03T03:28:12.572+0600][17.150s][info][gc,reloc    ] GC(13) y: Survivor 2         0M (0%)            1M (0%)           1 / 1              0 / 0              0 / 0        
[2026-04-03T03:28:12.572+0600][17.150s][info][gc,reloc    ] GC(13) y: Survivor 3          -                 0M (0%)           0 / 0              0 / 0              0 / 0        
[2026-04-03T03:28:12.572+0600][17.150s][info][gc,reloc    ] GC(13) y: Survivor 4          -                 0M (0%)           0 / 0              0 / 0              0 / 0        
[2026-04-03T03:28:12.572+0600][17.150s][info][gc,reloc    ] GC(13) y: Survivor 5         0M (0%)            1M (0%)           1 / 1              0 / 0              0 / 0        
[2026-04-03T03:28:12.572+0600][17.150s][info][gc,reloc    ] GC(13) y: Survivor 6         0M (0%)            1M (0%)           1 / 1              0 / 0              0 / 0        
[2026-04-03T03:28:12.572+0600][17.150s][info][gc,heap     ] GC(13) y: Min Capacity: 8M(1%)
[2026-04-03T03:28:12.572+0600][17.150s][info][gc,heap     ] GC(13) y: Max Capacity: 1500M(100%)
[2026-04-03T03:28:12.572+0600][17.150s][info][gc,heap     ] GC(13) y: Soft Max Capacity: 1500M(100%)
[2026-04-03T03:28:12.572+0600][17.150s][info][gc,heap     ] GC(13) y: Heap Statistics:
[2026-04-03T03:28:12.572+0600][17.150s][info][gc,heap     ] GC(13) y:                Mark Start          Mark End        Relocate Start      Relocate End           High               Low         
[2026-04-03T03:28:12.572+0600][17.150s][info][gc,heap     ] GC(13) y:  Capacity:     1172M (78%)        1184M (79%)        1184M (79%)        1184M (79%)        1184M (79%)        1172M (78%)    
[2026-04-03T03:28:12.572+0600][17.150s][info][gc,heap     ] GC(13) y:      Free:      338M (23%)         316M (21%)        1380M (92%)        1392M (93%)        1392M (93%)         316M (21%)    
[2026-04-03T03:28:12.572+0600][17.150s][info][gc,heap     ] GC(13) y:      Used:     1162M (77%)        1184M (79%)         120M (8%)          108M (7%)         1184M (79%)         108M (7%)     
[2026-04-03T03:28:12.572+0600][17.150s][info][gc,heap     ] GC(13) y: Young Generation Statistics:
[2026-04-03T03:28:12.572+0600][17.150s][info][gc,heap     ] GC(13) y:                Mark Start          Mark End        Relocate Start      Relocate End    
[2026-04-03T03:28:12.572+0600][17.150s][info][gc,heap     ] GC(13) y:      Used:     1088M (73%)        1110M (74%)          46M (3%)           34M (2%)     
[2026-04-03T03:28:12.572+0600][17.150s][info][gc,heap     ] GC(13) y:      Live:         -                 0M (0%)            0M (0%)            0M (0%)     
[2026-04-03T03:28:12.572+0600][17.150s][info][gc,heap     ] GC(13) y:   Garbage:         -              1087M (73%)          21M (1%)            0M (0%)     
[2026-04-03T03:28:12.572+0600][17.150s][info][gc,heap     ] GC(13) y: Allocated:         -                22M (1%)           24M (2%)           33M (2%)     
[2026-04-03T03:28:12.572+0600][17.150s][info][gc,heap     ] GC(13) y: Reclaimed:         -                  -              1066M (71%)        1087M (73%)    
[2026-04-03T03:28:12.572+0600][17.150s][info][gc,heap     ] GC(13) y:  Promoted:         -                  -                 0M (0%)            0M (0%)     
[2026-04-03T03:28:12.572+0600][17.150s][info][gc,heap     ] GC(13) y: Compacted:         -                  -                  -                 0M (0%)     
[2026-04-03T03:28:12.572+0600][17.150s][info][gc,phases   ] GC(13) y: Young Generation 1162M(77%)->108M(7%) 0.014s
[2026-04-03T03:28:12.572+0600][17.150s][info][gc          ] GC(13) Minor Collection (Allocation Rate) 1162M(77%)->110M(7%) 0.014s
[2026-04-03T03:28:12.975+0600][17.553s][info][gc          ] GC(14) Minor Collection (Allocation Rate)
[2026-04-03T03:28:12.975+0600][17.553s][info][gc,task     ] GC(14) Using 1 Workers for Young Generation
[2026-04-03T03:28:12.975+0600][17.553s][info][gc,phases   ] GC(14) y: Young Generation
[2026-04-03T03:28:12.976+0600][17.554s][info][gc,phases   ] GC(14) y: Pause Mark Start 0.023ms
[2026-04-03T03:28:12.984+0600][17.562s][info][gc,phases   ] GC(14) y: Concurrent Mark 8.237ms
[2026-04-03T03:28:12.984+0600][17.563s][info][gc,phases   ] GC(14) y: Pause Mark End 0.024ms
[2026-04-03T03:28:12.984+0600][17.563s][info][gc,phases   ] GC(14) y: Concurrent Mark Free 0.002ms
[2026-04-03T03:28:12.984+0600][17.563s][info][gc,phases   ] GC(14) y: Concurrent Reset Relocation Set 0.003ms
[2026-04-03T03:28:12.987+0600][17.566s][info][gc,reloc    ] GC(14) y: Using tenuring threshold: 8 (Computed)
[2026-04-03T03:28:12.988+0600][17.566s][info][gc,phases   ] GC(14) y: Concurrent Select Relocation Set 3.219ms
[2026-04-03T03:28:12.988+0600][17.566s][info][gc,phases   ] GC(14) y: Pause Relocate Start 0.020ms
[2026-04-03T03:28:12.988+0600][17.566s][info][gc,phases   ] GC(14) y: Concurrent Relocate 0.163ms
[2026-04-03T03:28:12.988+0600][17.566s][info][gc,alloc    ] GC(14) y:                         Mark Start        Mark End      Relocate Start    Relocate End   
[2026-04-03T03:28:12.988+0600][17.566s][info][gc,alloc    ] GC(14) y: Allocation Stalls:          0                0                0                0         
[2026-04-03T03:28:12.988+0600][17.566s][info][gc,load     ] GC(14) y: Load: 3.80 (32%) / 4.46 (37%) / 5.02 (42%)
[2026-04-03T03:28:12.988+0600][17.566s][info][gc,mmu      ] GC(14) y: MMU: 2ms/94.5%, 5ms/97.8%, 10ms/98.7%, 20ms/99.2%, 50ms/99.5%, 100ms/99.7%
[2026-04-03T03:28:12.988+0600][17.566s][info][gc,marking  ] GC(14) y: Mark: 1 stripe(s), 2 proactive flush(es), 1 terminate flush(es), 0 completion(s), 0 continuation(s) 
[2026-04-03T03:28:12.988+0600][17.566s][info][gc,marking  ] GC(14) y: Mark Stack Usage: 32M
[2026-04-03T03:28:12.988+0600][17.566s][info][gc,nmethod  ] GC(14) y: NMethods: 4294 registered, 538 unregistered
[2026-04-03T03:28:12.988+0600][17.566s][info][gc,metaspace] GC(14) y: Metaspace: 64M used, 65M committed, 1088M reserved
[2026-04-03T03:28:12.988+0600][17.566s][info][gc,reloc    ] GC(14) y:                        Candidates     Selected     In-Place         Size        Empty    Relocated 
[2026-04-03T03:28:12.988+0600][17.566s][info][gc,reloc    ] GC(14) y: Small Pages:                  564           14            0        1128M        1098M           0M 
[2026-04-03T03:28:12.988+0600][17.566s][info][gc,reloc    ] GC(14) y: Medium Pages:                   0            0            0           0M           0M           0M 
[2026-04-03T03:28:12.988+0600][17.566s][info][gc,reloc    ] GC(14) y: Large Pages:                    0            0            0           0M           0M           0M 
[2026-04-03T03:28:12.988+0600][17.566s][info][gc,reloc    ] GC(14) y: Forwarding Usage: 0M
[2026-04-03T03:28:12.988+0600][17.566s][info][gc,reloc    ] GC(14) y: Age Table:
[2026-04-03T03:28:12.988+0600][17.566s][info][gc,reloc    ] GC(14) y:                    Live             Garbage             Small              Medium             Large        
[2026-04-03T03:28:12.988+0600][17.566s][info][gc,reloc    ] GC(14) y: Eden               0M (0%)         1117M (75%)        559 / 10             0 / 0              0 / 0        
[2026-04-03T03:28:12.988+0600][17.567s][info][gc,reloc    ] GC(14) y: Survivor 1         0M (0%)            1M (0%)           1 / 1              0 / 0              0 / 0        
[2026-04-03T03:28:12.988+0600][17.567s][info][gc,reloc    ] GC(14) y: Survivor 2         0M (0%)            1M (0%)           1 / 1              0 / 0              0 / 0        
[2026-04-03T03:28:12.988+0600][17.567s][info][gc,reloc    ] GC(14) y: Survivor 3         0M (0%)            1M (0%)           1 / 1              0 / 0              0 / 0        
[2026-04-03T03:28:12.988+0600][17.567s][info][gc,reloc    ] GC(14) y: Survivor 4          -                 0M (0%)           0 / 0              0 / 0              0 / 0        
[2026-04-03T03:28:12.988+0600][17.567s][info][gc,reloc    ] GC(14) y: Survivor 5          -                 0M (0%)           0 / 0              0 / 0              0 / 0        
[2026-04-03T03:28:12.988+0600][17.567s][info][gc,reloc    ] GC(14) y: Survivor 6         0M (0%)            1M (0%)           1 / 0              0 / 0              0 / 0        
[2026-04-03T03:28:12.988+0600][17.567s][info][gc,reloc    ] GC(14) y: Survivor 7         0M (0%)            1M (0%)           1 / 1              0 / 0              0 / 0        
[2026-04-03T03:28:12.988+0600][17.567s][info][gc,heap     ] GC(14) y: Min Capacity: 8M(1%)
[2026-04-03T03:28:12.988+0600][17.567s][info][gc,heap     ] GC(14) y: Max Capacity: 1500M(100%)
[2026-04-03T03:28:12.988+0600][17.567s][info][gc,heap     ] GC(14) y: Soft Max Capacity: 1500M(100%)
[2026-04-03T03:28:12.988+0600][17.567s][info][gc,heap     ] GC(14) y: Heap Statistics:
[2026-04-03T03:28:12.988+0600][17.567s][info][gc,heap     ] GC(14) y:                Mark Start          Mark End        Relocate Start      Relocate End           High               Low         
[2026-04-03T03:28:12.988+0600][17.567s][info][gc,heap     ] GC(14) y:  Capacity:     1202M (80%)        1214M (81%)        1214M (81%)        1214M (81%)        1214M (81%)        1202M (80%)    
[2026-04-03T03:28:12.988+0600][17.567s][info][gc,heap     ] GC(14) y:      Free:      298M (20%)         286M (19%)        1374M (92%)        1392M (93%)        1392M (93%)         286M (19%)    
[2026-04-03T03:28:12.988+0600][17.567s][info][gc,heap     ] GC(14) y:      Used:     1202M (80%)        1214M (81%)         126M (8%)          108M (7%)         1214M (81%)         108M (7%)     
[2026-04-03T03:28:12.988+0600][17.567s][info][gc,heap     ] GC(14) y: Young Generation Statistics:
[2026-04-03T03:28:12.988+0600][17.567s][info][gc,heap     ] GC(14) y:                Mark Start          Mark End        Relocate Start      Relocate End    
[2026-04-03T03:28:12.988+0600][17.567s][info][gc,heap     ] GC(14) y:      Used:     1128M (75%)        1140M (76%)          52M (3%)           34M (2%)     
[2026-04-03T03:28:12.988+0600][17.567s][info][gc,heap     ] GC(14) y:      Live:         -                 0M (0%)            0M (0%)            0M (0%)     
[2026-04-03T03:28:12.988+0600][17.567s][info][gc,heap     ] GC(14) y:   Garbage:         -              1127M (75%)          29M (2%)            0M (0%)     
[2026-04-03T03:28:12.988+0600][17.567s][info][gc,heap     ] GC(14) y: Allocated:         -                12M (1%)           22M (1%)           33M (2%)     
[2026-04-03T03:28:12.988+0600][17.567s][info][gc,heap     ] GC(14) y: Reclaimed:         -                  -              1098M (73%)        1127M (75%)    
[2026-04-03T03:28:12.988+0600][17.567s][info][gc,heap     ] GC(14) y:  Promoted:         -                  -                 0M (0%)            0M (0%)     
[2026-04-03T03:28:12.988+0600][17.567s][info][gc,heap     ] GC(14) y: Compacted:         -                  -                  -                 0M (0%)     
[2026-04-03T03:28:12.988+0600][17.567s][info][gc,phases   ] GC(14) y: Young Generation 1202M(80%)->108M(7%) 0.013s
[2026-04-03T03:28:12.989+0600][17.567s][info][gc          ] GC(14) Minor Collection (Allocation Rate) 1202M(80%)->108M(7%) 0.013s
[2026-04-03T03:28:13.506+0600][18.085s][info][gc          ] GC(15) Minor Collection (Allocation Rate)
[2026-04-03T03:28:13.506+0600][18.085s][info][gc,task     ] GC(15) Using 1 Workers for Young Generation
[2026-04-03T03:28:13.506+0600][18.085s][info][gc,phases   ] GC(15) y: Young Generation
[2026-04-03T03:28:13.507+0600][18.085s][info][gc,phases   ] GC(15) y: Pause Mark Start 0.025ms
[2026-04-03T03:28:13.517+0600][18.096s][info][gc,phases   ] GC(15) y: Concurrent Mark 10.464ms
[2026-04-03T03:28:13.518+0600][18.096s][info][gc,phases   ] GC(15) y: Pause Mark End 0.019ms
[2026-04-03T03:28:13.518+0600][18.096s][info][gc,phases   ] GC(15) y: Concurrent Mark Free 0.001ms
[2026-04-03T03:28:13.518+0600][18.096s][info][gc,phases   ] GC(15) y: Concurrent Reset Relocation Set 0.002ms
[2026-04-03T03:28:13.520+0600][18.098s][info][gc,reloc    ] GC(15) y: Using tenuring threshold: 8 (Computed)
[2026-04-03T03:28:13.520+0600][18.099s][info][gc,phases   ] GC(15) y: Concurrent Select Relocation Set 2.659ms
[2026-04-03T03:28:13.521+0600][18.099s][info][gc,phases   ] GC(15) y: Pause Relocate Start 0.013ms
[2026-04-03T03:28:13.522+0600][18.100s][info][gc,phases   ] GC(15) y: Concurrent Relocate 1.146ms
[2026-04-03T03:28:13.522+0600][18.100s][info][gc,alloc    ] GC(15) y:                         Mark Start        Mark End      Relocate Start    Relocate End   
[2026-04-03T03:28:13.522+0600][18.100s][info][gc,alloc    ] GC(15) y: Allocation Stalls:          0                0                0                0         
[2026-04-03T03:28:13.522+0600][18.100s][info][gc,load     ] GC(15) y: Load: 3.80 (32%) / 4.46 (37%) / 5.02 (42%)
[2026-04-03T03:28:13.522+0600][18.100s][info][gc,mmu      ] GC(15) y: MMU: 2ms/94.5%, 5ms/97.8%, 10ms/98.7%, 20ms/99.2%, 50ms/99.5%, 100ms/99.7%
[2026-04-03T03:28:13.522+0600][18.100s][info][gc,marking  ] GC(15) y: Mark: 1 stripe(s), 2 proactive flush(es), 1 terminate flush(es), 0 completion(s), 0 continuation(s) 
[2026-04-03T03:28:13.522+0600][18.100s][info][gc,marking  ] GC(15) y: Mark Stack Usage: 32M
[2026-04-03T03:28:13.522+0600][18.100s][info][gc,nmethod  ] GC(15) y: NMethods: 4411 registered, 538 unregistered
[2026-04-03T03:28:13.522+0600][18.100s][info][gc,metaspace] GC(15) y: Metaspace: 65M used, 66M committed, 1088M reserved
[2026-04-03T03:28:13.522+0600][18.100s][info][gc,reloc    ] GC(15) y:                        Candidates     Selected     In-Place         Size        Empty    Relocated 
[2026-04-03T03:28:13.522+0600][18.100s][info][gc,reloc    ] GC(15) y: Small Pages:                  594           17            0        1188M        1152M           0M 
[2026-04-03T03:28:13.522+0600][18.100s][info][gc,reloc    ] GC(15) y: Medium Pages:                   1            0            0          32M          32M           0M 
[2026-04-03T03:28:13.522+0600][18.100s][info][gc,reloc    ] GC(15) y: Large Pages:                    0            0            0           0M           0M           0M 
[2026-04-03T03:28:13.522+0600][18.100s][info][gc,reloc    ] GC(15) y: Forwarding Usage: 0M
[2026-04-03T03:28:13.522+0600][18.100s][info][gc,reloc    ] GC(15) y: Age Table:
[2026-04-03T03:28:13.522+0600][18.100s][info][gc,reloc    ] GC(15) y:                    Live             Garbage             Small              Medium             Large        
[2026-04-03T03:28:13.522+0600][18.100s][info][gc,reloc    ] GC(15) y: Eden               0M (0%)         1207M (81%)        588 / 11             1 / 0              0 / 0        
[2026-04-03T03:28:13.522+0600][18.100s][info][gc,reloc    ] GC(15) y: Survivor 1         0M (0%)            1M (0%)           1 / 1              0 / 0              0 / 0        
[2026-04-03T03:28:13.522+0600][18.100s][info][gc,reloc    ] GC(15) y: Survivor 2         0M (0%)            1M (0%)           1 / 1              0 / 0              0 / 0        
[2026-04-03T03:28:13.522+0600][18.100s][info][gc,reloc    ] GC(15) y: Survivor 3         0M (0%)            1M (0%)           1 / 1              0 / 0              0 / 0        
[2026-04-03T03:28:13.522+0600][18.100s][info][gc,reloc    ] GC(15) y: Survivor 4         0M (0%)            1M (0%)           1 / 1              0 / 0              0 / 0        
[2026-04-03T03:28:13.522+0600][18.100s][info][gc,reloc    ] GC(15) y: Survivor 5          -                 0M (0%)           0 / 0              0 / 0              0 / 0        
[2026-04-03T03:28:13.522+0600][18.100s][info][gc,reloc    ] GC(15) y: Survivor 6          -                 0M (0%)           0 / 0              0 / 0              0 / 0        
[2026-04-03T03:28:13.522+0600][18.100s][info][gc,reloc    ] GC(15) y: Survivor 7         0M (0%)            1M (0%)           1 / 1              0 / 0              0 / 0        
[2026-04-03T03:28:13.522+0600][18.100s][info][gc,reloc    ] GC(15) y: Survivor 8         0M (0%)            1M (0%)           1 / 1              0 / 0              0 / 0        
[2026-04-03T03:28:13.522+0600][18.100s][info][gc,heap     ] GC(15) y: Min Capacity: 8M(1%)
[2026-04-03T03:28:13.522+0600][18.100s][info][gc,heap     ] GC(15) y: Max Capacity: 1500M(100%)
[2026-04-03T03:28:13.522+0600][18.100s][info][gc,heap     ] GC(15) y: Soft Max Capacity: 1500M(100%)
[2026-04-03T03:28:13.522+0600][18.100s][info][gc,heap     ] GC(15) y: Heap Statistics:
[2026-04-03T03:28:13.522+0600][18.100s][info][gc,heap     ] GC(15) y:                Mark Start          Mark End        Relocate Start      Relocate End           High               Low         
[2026-04-03T03:28:13.522+0600][18.100s][info][gc,heap     ] GC(15) y:  Capacity:     1294M (86%)        1302M (87%)        1302M (87%)        1302M (87%)        1302M (87%)        1294M (86%)    
[2026-04-03T03:28:13.522+0600][18.100s][info][gc,heap     ] GC(15) y:      Free:      206M (14%)         198M (13%)        1380M (92%)        1400M (93%)        1400M (93%)         198M (13%)    
[2026-04-03T03:28:13.522+0600][18.101s][info][gc,heap     ] GC(15) y:      Used:     1294M (86%)        1302M (87%)         120M (8%)          100M (7%)         1302M (87%)         100M (7%)     
[2026-04-03T03:28:13.522+0600][18.101s][info][gc,heap     ] GC(15) y: Young Generation Statistics:
[2026-04-03T03:28:13.522+0600][18.101s][info][gc,heap     ] GC(15) y:                Mark Start          Mark End        Relocate Start      Relocate End    
[2026-04-03T03:28:13.522+0600][18.101s][info][gc,heap     ] GC(15) y:      Used:     1220M (81%)        1228M (82%)          46M (3%)           24M (2%)     
[2026-04-03T03:28:13.522+0600][18.101s][info][gc,heap     ] GC(15) y:      Live:         -                 0M (0%)            0M (0%)            0M (0%)     
[2026-04-03T03:28:13.522+0600][18.101s][info][gc,heap     ] GC(15) y:   Garbage:         -              1219M (81%)          35M (2%)            0M (0%)     
[2026-04-03T03:28:13.522+0600][18.101s][info][gc,heap     ] GC(15) y: Allocated:         -                 8M (1%)           10M (1%)           23M (2%)     
[2026-04-03T03:28:13.522+0600][18.101s][info][gc,heap     ] GC(15) y: Reclaimed:         -                  -              1184M (79%)        1219M (81%)    
[2026-04-03T03:28:13.522+0600][18.101s][info][gc,heap     ] GC(15) y:  Promoted:         -                  -                 0M (0%)            0M (0%)     
[2026-04-03T03:28:13.522+0600][18.101s][info][gc,heap     ] GC(15) y: Compacted:         -                  -                  -                 0M (0%)     
[2026-04-03T03:28:13.522+0600][18.101s][info][gc,phases   ] GC(15) y: Young Generation 1294M(86%)->100M(7%) 0.016s
[2026-04-03T03:28:13.522+0600][18.101s][info][gc          ] GC(15) Minor Collection (Allocation Rate) 1294M(86%)->100M(7%) 0.016s
[2026-04-03T03:28:15.615+0600][20.193s][info][gc          ] GC(16) Minor Collection (Allocation Rate)
[2026-04-03T03:28:15.615+0600][20.193s][info][gc,task     ] GC(16) Using 1 Workers for Young Generation
[2026-04-03T03:28:15.615+0600][20.193s][info][gc,phases   ] GC(16) y: Young Generation
[2026-04-03T03:28:15.615+0600][20.193s][info][gc,phases   ] GC(16) y: Pause Mark Start 0.021ms
[2026-04-03T03:28:15.709+0600][20.288s][info][gc,task     ] Adjusting Workers for Young Generation: 1 -> 3
[2026-04-03T03:28:16.007+0600][20.585s][info][gc,phases   ] GC(16) y: Concurrent Mark 391.509ms
[2026-04-03T03:28:16.007+0600][20.585s][info][gc,phases   ] GC(16) y: Pause Mark End 0.020ms
[2026-04-03T03:28:16.007+0600][20.585s][info][gc,phases   ] GC(16) y: Concurrent Mark Free 0.001ms
[2026-04-03T03:28:16.007+0600][20.585s][info][gc,phases   ] GC(16) y: Concurrent Reset Relocation Set 0.003ms
[2026-04-03T03:28:16.011+0600][20.590s][info][gc          ] Allocation Stall (Executor task launch worker for task 1.0 in stage 1.0 (TID 4)) 190.968ms
[2026-04-03T03:28:16.011+0600][20.590s][info][gc          ] Allocation Stall (Executor task launch worker for task 2.0 in stage 1.0 (TID 5)) 196.432ms
[2026-04-03T03:28:16.011+0600][20.590s][info][gc          ] Allocation Stall (Executor task launch worker for task 0.0 in stage 1.0 (TID 3)) 188.520ms
[2026-04-03T03:28:16.011+0600][20.590s][info][gc,reloc    ] GC(16) y: Using tenuring threshold: 2 (Computed)
[2026-04-03T03:28:16.011+0600][20.590s][info][gc          ] Allocation Stall (RemoteBlock-temp-file-clean-thread) 92.008ms
[2026-04-03T03:28:16.052+0600][20.630s][info][gc,phases   ] GC(16) y: Concurrent Select Relocation Set 44.707ms
[2026-04-03T03:28:16.052+0600][20.630s][info][gc,phases   ] GC(16) y: Pause Relocate Start 0.058ms
[2026-04-03T03:28:16.056+0600][20.635s][info][gc          ] Relocation Stall (Executor task launch worker for task 2.0 in stage 1.0 (TID 5)) 3.810ms
[2026-04-03T03:28:16.245+0600][20.824s][info][gc,phases   ] GC(16) y: Concurrent Relocate 193.054ms
[2026-04-03T03:28:16.246+0600][20.824s][info][gc,alloc    ] GC(16) y:                         Mark Start        Mark End      Relocate Start    Relocate End   
[2026-04-03T03:28:16.246+0600][20.824s][info][gc,alloc    ] GC(16) y: Allocation Stalls:          0                4                0                0         
[2026-04-03T03:28:16.246+0600][20.824s][info][gc,load     ] GC(16) y: Load: 3.73 (31%) / 4.44 (37%) / 5.01 (42%)
[2026-04-03T03:28:16.246+0600][20.824s][info][gc,mmu      ] GC(16) y: MMU: 2ms/94.5%, 5ms/97.8%, 10ms/98.7%, 20ms/99.2%, 50ms/99.5%, 100ms/99.7%
[2026-04-03T03:28:16.246+0600][20.824s][info][gc,marking  ] GC(16) y: Mark: 1 stripe(s), 10 proactive flush(es), 1 terminate flush(es), 0 completion(s), 0 continuation(s) 
[2026-04-03T03:28:16.246+0600][20.824s][info][gc,marking  ] GC(16) y: Mark Stack Usage: 32M
[2026-04-03T03:28:16.246+0600][20.824s][info][gc,nmethod  ] GC(16) y: NMethods: 5317 registered, 0 unregistered
[2026-04-03T03:28:16.246+0600][20.824s][info][gc,metaspace] GC(16) y: Metaspace: 67M used, 68M committed, 1088M reserved
[2026-04-03T03:28:16.246+0600][20.824s][info][gc,reloc    ] GC(16) y:                        Candidates     Selected     In-Place         Size        Empty    Relocated 
[2026-04-03T03:28:16.246+0600][20.824s][info][gc,reloc    ] GC(16) y: Small Pages:                  574          451            0        1148M          66M         112M 
[2026-04-03T03:28:16.246+0600][20.824s][info][gc,reloc    ] GC(16) y: Medium Pages:                   2            1            1          64M           0M           6M 
[2026-04-03T03:28:16.246+0600][20.824s][info][gc,reloc    ] GC(16) y: Large Pages:                    8            0            0          60M          54M           0M 
[2026-04-03T03:28:16.246+0600][20.824s][info][gc,reloc    ] GC(16) y: Forwarding Usage: 97M
[2026-04-03T03:28:16.246+0600][20.824s][info][gc,reloc    ] GC(16) y: Age Table:
[2026-04-03T03:28:16.246+0600][20.824s][info][gc,reloc    ] GC(16) y:                    Live             Garbage             Small              Medium             Large        
[2026-04-03T03:28:16.246+0600][20.824s][info][gc,reloc    ] GC(16) y: Eden             172M (12%)        1087M (72%)        568 / 446            2 / 1              8 / 0        
[2026-04-03T03:28:16.246+0600][20.824s][info][gc,reloc    ] GC(16) y: Survivor 1         0M (0%)            1M (0%)           1 / 1              0 / 0              0 / 0        
[2026-04-03T03:28:16.246+0600][20.824s][info][gc,reloc    ] GC(16) y: Survivor 2         0M (0%)            1M (0%)           1 / 0              0 / 0              0 / 0        
[2026-04-03T03:28:16.246+0600][20.824s][info][gc,reloc    ] GC(16) y: Survivor 3         0M (0%)            1M (0%)           1 / 1              0 / 0              0 / 0        
[2026-04-03T03:28:16.246+0600][20.824s][info][gc,reloc    ] GC(16) y: Survivor 4         0M (0%)            1M (0%)           1 / 1              0 / 0              0 / 0        
[2026-04-03T03:28:16.246+0600][20.824s][info][gc,reloc    ] GC(16) y: Survivor 5         0M (0%)            1M (0%)           1 / 1              0 / 0              0 / 0        
[2026-04-03T03:28:16.246+0600][20.824s][info][gc,reloc    ] GC(16) y: Survivor 6          -                 0M (0%)           0 / 0              0 / 0              0 / 0        
[2026-04-03T03:28:16.246+0600][20.824s][info][gc,reloc    ] GC(16) y: Survivor 7          -                 0M (0%)           0 / 0              0 / 0              0 / 0        
[2026-04-03T03:28:16.246+0600][20.824s][info][gc,reloc    ] GC(16) y: Survivor 8         0M (0%)            1M (0%)           1 / 1              0 / 0              0 / 0        
[2026-04-03T03:28:16.246+0600][20.824s][info][gc,heap     ] GC(16) y: Min Capacity: 8M(1%)
[2026-04-03T03:28:16.246+0600][20.824s][info][gc,heap     ] GC(16) y: Max Capacity: 1500M(100%)
[2026-04-03T03:28:16.246+0600][20.824s][info][gc,heap     ] GC(16) y: Soft Max Capacity: 1500M(100%)
[2026-04-03T03:28:16.246+0600][20.824s][info][gc,heap     ] GC(16) y: Heap Statistics:
[2026-04-03T03:28:16.246+0600][20.824s][info][gc,heap     ] GC(16) y:                Mark Start          Mark End        Relocate Start      Relocate End           High               Low         
[2026-04-03T03:28:16.246+0600][20.824s][info][gc,heap     ] GC(16) y:  Capacity:     1452M (97%)        1500M (100%)       1500M (100%)       1500M (100%)       1500M (100%)       1452M (97%)    
[2026-04-03T03:28:16.246+0600][20.824s][info][gc,heap     ] GC(16) y:      Free:      152M (10%)           0M (0%)           82M (5%)          948M (63%)         948M (63%)           0M (0%)     
[2026-04-03T03:28:16.246+0600][20.824s][info][gc,heap     ] GC(16) y:      Used:     1348M (90%)        1500M (100%)       1418M (95%)         552M (37%)        1500M (100%)        552M (37%)    
[2026-04-03T03:28:16.246+0600][20.824s][info][gc,heap     ] GC(16) y: Young Generation Statistics:
[2026-04-03T03:28:16.246+0600][20.824s][info][gc,heap     ] GC(16) y:                Mark Start          Mark End        Relocate Start      Relocate End    
[2026-04-03T03:28:16.246+0600][20.824s][info][gc,heap     ] GC(16) y:      Used:     1272M (85%)        1424M (95%)        1342M (89%)         474M (32%)    
[2026-04-03T03:28:16.246+0600][20.824s][info][gc,heap     ] GC(16) y:      Live:         -               173M (12%)         173M (12%)         173M (12%)    
[2026-04-03T03:28:16.246+0600][20.824s][info][gc,heap     ] GC(16) y:   Garbage:         -              1098M (73%)         978M (65%)           1M (0%)     
[2026-04-03T03:28:16.246+0600][20.824s][info][gc,heap     ] GC(16) y: Allocated:         -               152M (10%)         190M (13%)         299M (20%)    
[2026-04-03T03:28:16.246+0600][20.824s][info][gc,heap     ] GC(16) y: Reclaimed:         -                  -               120M (8%)         1097M (73%)    
[2026-04-03T03:28:16.246+0600][20.824s][info][gc,heap     ] GC(16) y:  Promoted:         -                  -                 0M (0%)            0M (0%)     
[2026-04-03T03:28:16.246+0600][20.824s][info][gc,heap     ] GC(16) y: Compacted:         -                  -                  -               164M (11%)    
[2026-04-03T03:28:16.246+0600][20.824s][info][gc,phases   ] GC(16) y: Young Generation 1348M(90%)->552M(37%) 0.631s
[2026-04-03T03:28:16.246+0600][20.824s][info][gc          ] GC(16) Minor Collection (Allocation Rate) 1346M(90%)->552M(37%) 0.631s
[2026-04-03T03:28:16.246+0600][20.825s][info][gc          ] GC(17) Major Collection (Allocation Rate)
[2026-04-03T03:28:16.246+0600][20.825s][info][gc,task     ] GC(17) Using 3 Workers for Young Generation
[2026-04-03T03:28:16.246+0600][20.825s][info][gc,task     ] GC(17) Using 1 Workers for Old Generation
[2026-04-03T03:28:16.246+0600][20.825s][info][gc,phases   ] GC(17) Y: Young Generation
[2026-04-03T03:28:16.247+0600][20.825s][info][gc,phases   ] GC(17) Y: Pause Mark Start (Major) 0.038ms
[2026-04-03T03:28:17.114+0600][21.692s][info][gc,phases   ] GC(17) Y: Concurrent Mark 866.501ms
[2026-04-03T03:28:17.114+0600][21.692s][info][gc,phases   ] GC(17) Y: Pause Mark End 0.037ms
[2026-04-03T03:28:17.114+0600][21.693s][info][gc,phases   ] GC(17) Y: Concurrent Mark Free 0.005ms
[2026-04-03T03:28:17.114+0600][21.693s][info][gc,phases   ] GC(17) Y: Concurrent Reset Relocation Set 0.075ms
[2026-04-03T03:28:17.117+0600][21.695s][info][gc,reloc    ] GC(17) Y: Using tenuring threshold: 1 (Computed)
[2026-04-03T03:28:17.200+0600][21.778s][info][gc,phases   ] GC(17) Y: Concurrent Select Relocation Set 85.210ms
[2026-04-03T03:28:17.200+0600][21.778s][info][gc,phases   ] GC(17) Y: Pause Relocate Start 0.056ms
[2026-04-03T03:28:17.426+0600][22.004s][info][gc,phases   ] GC(17) Y: Concurrent Relocate 225.842ms
[2026-04-03T03:28:17.426+0600][22.004s][info][gc,alloc    ] GC(17) Y:                         Mark Start        Mark End      Relocate Start    Relocate End   
[2026-04-03T03:28:17.426+0600][22.004s][info][gc,alloc    ] GC(17) Y: Allocation Stalls:          0                0                0                0         
[2026-04-03T03:28:17.426+0600][22.005s][info][gc,load     ] GC(17) Y: Load: 3.73 (31%) / 4.44 (37%) / 5.01 (42%)
[2026-04-03T03:28:17.426+0600][22.005s][info][gc,mmu      ] GC(17) Y: MMU: 2ms/94.5%, 5ms/97.8%, 10ms/98.7%, 20ms/99.2%, 50ms/99.5%, 100ms/99.7%
[2026-04-03T03:28:17.426+0600][22.005s][info][gc,marking  ] GC(17) Y: Mark: 2 stripe(s), 2 proactive flush(es), 1 terminate flush(es), 0 completion(s), 0 continuation(s) 
[2026-04-03T03:28:17.426+0600][22.005s][info][gc,marking  ] GC(17) Y: Mark Stack Usage: 32M
[2026-04-03T03:28:17.426+0600][22.005s][info][gc,nmethod  ] GC(17) Y: NMethods: 5540 registered, 0 unregistered
[2026-04-03T03:28:17.426+0600][22.005s][info][gc,metaspace] GC(17) Y: Metaspace: 67M used, 68M committed, 1088M reserved
[2026-04-03T03:28:17.426+0600][22.005s][info][gc,reloc    ] GC(17) Y:                        Candidates     Selected     In-Place         Size        Empty    Relocated 
[2026-04-03T03:28:17.426+0600][22.005s][info][gc,reloc    ] GC(17) Y: Small Pages:                  181           58            0         362M           0M          30M 
[2026-04-03T03:28:17.426+0600][22.005s][info][gc,reloc    ] GC(17) Y: Medium Pages:                   2            1            0          64M           0M           3M 
[2026-04-03T03:28:17.426+0600][22.005s][info][gc,reloc    ] GC(17) Y: Large Pages:                    6            0            0          48M          18M           0M 
[2026-04-03T03:28:17.426+0600][22.005s][info][gc,reloc    ] GC(17) Y: Forwarding Usage: 41M
[2026-04-03T03:28:17.426+0600][22.005s][info][gc,reloc    ] GC(17) Y: Age Table:
[2026-04-03T03:28:17.426+0600][22.005s][info][gc,reloc    ] GC(17) Y:                    Live             Garbage             Small              Medium             Large        
[2026-04-03T03:28:17.426+0600][22.005s][info][gc,reloc    ] GC(17) Y: Eden             100M (7%)          135M (9%)          97 / 55             0 / 0              5 / 0        
[2026-04-03T03:28:17.426+0600][22.005s][info][gc,reloc    ] GC(17) Y: Survivor 1       160M (11%)          75M (5%)          83 / 3              2 / 1              1 / 0        
[2026-04-03T03:28:17.426+0600][22.005s][info][gc,reloc    ] GC(17) Y: Survivor 2         0M (0%)            1M (0%)           1 / 0              0 / 0              0 / 0        
[2026-04-03T03:28:17.427+0600][22.005s][info][gc,heap     ] GC(17) Y: Min Capacity: 8M(1%)
[2026-04-03T03:28:17.427+0600][22.005s][info][gc,heap     ] GC(17) Y: Max Capacity: 1500M(100%)
[2026-04-03T03:28:17.427+0600][22.005s][info][gc,heap     ] GC(17) Y: Soft Max Capacity: 1500M(100%)
[2026-04-03T03:28:17.427+0600][22.005s][info][gc,heap     ] GC(17) Y: Heap Statistics:
[2026-04-03T03:28:17.427+0600][22.005s][info][gc,heap     ] GC(17) Y:                Mark Start          Mark End        Relocate Start      Relocate End           High               Low         
[2026-04-03T03:28:17.427+0600][22.005s][info][gc,heap     ] GC(17) Y:  Capacity:     1500M (100%)       1500M (100%)       1500M (100%)       1500M (100%)       1500M (100%)       1500M (100%)   
[2026-04-03T03:28:17.427+0600][22.005s][info][gc,heap     ] GC(17) Y:      Free:      948M (63%)         412M (27%)         360M (24%)         352M (23%)         948M (63%)         318M (21%)    
[2026-04-03T03:28:17.427+0600][22.005s][info][gc,heap     ] GC(17) Y:      Used:      552M (37%)        1088M (73%)        1140M (76%)        1148M (77%)        1182M (79%)         552M (37%)    
[2026-04-03T03:28:17.427+0600][22.005s][info][gc,heap     ] GC(17) Y: Young Generation Statistics:
[2026-04-03T03:28:17.427+0600][22.005s][info][gc,heap     ] GC(17) Y:                Mark Start          Mark End        Relocate Start      Relocate End    
[2026-04-03T03:28:17.427+0600][22.005s][info][gc,heap     ] GC(17) Y:      Used:      474M (32%)        1010M (67%)         910M (61%)         876M (58%)    
[2026-04-03T03:28:17.427+0600][22.005s][info][gc,heap     ] GC(17) Y:      Live:         -               262M (17%)         111M (7%)          100M (7%)     
[2026-04-03T03:28:17.427+0600][22.005s][info][gc,heap     ] GC(17) Y:   Garbage:         -               211M (14%)         192M (13%)           4M (0%)     
[2026-04-03T03:28:17.427+0600][22.005s][info][gc,heap     ] GC(17) Y: Allocated:         -               536M (36%)         606M (40%)         770M (51%)    
[2026-04-03T03:28:17.427+0600][22.005s][info][gc,heap     ] GC(17) Y: Reclaimed:         -                  -                18M (1%)          207M (14%)    
[2026-04-03T03:28:17.427+0600][22.005s][info][gc,heap     ] GC(17) Y:  Promoted:         -                  -               151M (10%)         161M (11%)    
[2026-04-03T03:28:17.427+0600][22.005s][info][gc,heap     ] GC(17) Y: Compacted:         -                  -                  -                63M (4%)     
[2026-04-03T03:28:17.427+0600][22.005s][info][gc,phases   ] GC(17) Y: Young Generation 552M(37%)->1148M(77%) 1.180s
[2026-04-03T03:28:17.427+0600][22.005s][info][gc,phases   ] GC(17) O: Old Generation
[2026-04-03T03:28:17.429+0600][22.007s][info][gc,task     ] Adjusting Workers for Old Generation: 1 -> 2
[2026-04-03T03:28:17.429+0600][22.007s][info][gc          ] GC(18) Minor Collection (Allocation Rate)
[2026-04-03T03:28:17.429+0600][22.007s][info][gc,task     ] GC(18) Using 1 Workers for Young Generation
[2026-04-03T03:28:17.429+0600][22.007s][info][gc,phases   ] GC(18) y: Young Generation
[2026-04-03T03:28:17.429+0600][22.008s][info][gc,phases   ] GC(18) y: Pause Mark Start 0.030ms
[2026-04-03T03:28:17.514+0600][22.092s][info][gc,phases   ] GC(17) O: Concurrent Mark 87.171ms
[2026-04-03T03:28:17.514+0600][22.093s][info][gc,phases   ] GC(17) O: Pause Mark End 0.069ms
[2026-04-03T03:28:17.515+0600][22.093s][info][gc,phases   ] GC(17) O: Concurrent Mark Free 0.004ms
[2026-04-03T03:28:17.530+0600][22.108s][info][gc,phases   ] GC(17) O: Concurrent Process Non-Strong 15.394ms
[2026-04-03T03:28:17.530+0600][22.108s][info][gc,phases   ] GC(17) O: Concurrent Reset Relocation Set 0.003ms
[2026-04-03T03:28:17.534+0600][22.112s][info][gc,phases   ] GC(17) O: Concurrent Select Relocation Set 3.789ms
[2026-04-03T03:28:18.002+0600][22.580s][info][gc,task     ] Adjusting Workers for Old Generation: 2 -> 3
[2026-04-03T03:28:18.002+0600][22.580s][info][gc,task     ] Adjusting Workers for Young Generation: 1 -> 3
[2026-04-03T03:28:18.102+0600][22.680s][info][gc,phases   ] GC(18) y: Concurrent Mark 672.515ms
[2026-04-03T03:28:18.102+0600][22.680s][info][gc,phases   ] GC(18) y: Pause Mark End 0.019ms
[2026-04-03T03:28:18.102+0600][22.680s][info][gc,phases   ] GC(18) y: Concurrent Mark Free 0.001ms
[2026-04-03T03:28:18.102+0600][22.681s][info][gc,phases   ] GC(18) y: Concurrent Reset Relocation Set 0.119ms
[2026-04-03T03:28:18.105+0600][22.683s][info][gc          ] Allocation Stall (Executor task launch worker for task 1.0 in stage 1.0 (TID 4)) 100.654ms
[2026-04-03T03:28:18.105+0600][22.683s][info][gc          ] Allocation Stall (Executor task launch worker for task 2.0 in stage 1.0 (TID 5)) 104.432ms
[2026-04-03T03:28:18.105+0600][22.683s][info][gc          ] Allocation Stall (Executor task launch worker for task 0.0 in stage 1.0 (TID 3)) 99.378ms
[2026-04-03T03:28:18.105+0600][22.683s][info][gc,reloc    ] GC(18) y: Using tenuring threshold: 1 (Computed)
[2026-04-03T03:28:18.155+0600][22.733s][info][gc,phases   ] GC(18) y: Concurrent Select Relocation Set 52.557ms
[2026-04-03T03:28:18.155+0600][22.734s][info][gc,phases   ] GC(18) y: Pause Relocate Start 0.027ms
[2026-04-03T03:28:18.347+0600][22.925s][info][gc,phases   ] GC(18) y: Concurrent Relocate 191.710ms
[2026-04-03T03:28:18.347+0600][22.925s][info][gc,alloc    ] GC(18) y:                         Mark Start        Mark End      Relocate Start    Relocate End   
[2026-04-03T03:28:18.347+0600][22.925s][info][gc,alloc    ] GC(18) y: Allocation Stalls:          0                3                0                0         
[2026-04-03T03:28:18.347+0600][22.926s][info][gc,load     ] GC(18) y: Load: 3.73 (31%) / 4.44 (37%) / 5.01 (42%)
[2026-04-03T03:28:18.347+0600][22.926s][info][gc,mmu      ] GC(18) y: MMU: 2ms/94.5%, 5ms/97.8%, 10ms/98.7%, 20ms/99.2%, 50ms/99.5%, 100ms/99.7%
[2026-04-03T03:28:18.347+0600][22.926s][info][gc,marking  ] GC(18) y: Mark: 1 stripe(s), 2 proactive flush(es), 1 terminate flush(es), 0 completion(s), 0 continuation(s) 
[2026-04-03T03:28:18.347+0600][22.926s][info][gc,marking  ] GC(18) y: Mark Stack Usage: 32M
[2026-04-03T03:28:18.347+0600][22.926s][info][gc,nmethod  ] GC(18) y: NMethods: 5242 registered, 376 unregistered
[2026-04-03T03:28:18.347+0600][22.926s][info][gc,metaspace] GC(18) y: Metaspace: 68M used, 68M committed, 1088M reserved
[2026-04-03T03:28:18.347+0600][22.926s][info][gc,reloc    ] GC(18) y:                        Candidates     Selected     In-Place         Size        Empty    Relocated 
[2026-04-03T03:28:18.347+0600][22.926s][info][gc,reloc    ] GC(18) y: Small Pages:                  383          320            0         766M           0M          44M 
[2026-04-03T03:28:18.347+0600][22.926s][info][gc,reloc    ] GC(18) y: Medium Pages:                   1            0            0          32M          32M           0M 
[2026-04-03T03:28:18.347+0600][22.926s][info][gc,reloc    ] GC(18) y: Large Pages:                    9            0            0          78M          18M           0M 
[2026-04-03T03:28:18.347+0600][22.926s][info][gc,reloc    ] GC(18) y: Forwarding Usage: 43M
[2026-04-03T03:28:18.347+0600][22.926s][info][gc,reloc    ] GC(18) y: Age Table:
[2026-04-03T03:28:18.347+0600][22.926s][info][gc,reloc    ] GC(18) y:                    Live             Garbage             Small              Medium             Large        
[2026-04-03T03:28:18.347+0600][22.926s][info][gc,reloc    ] GC(18) y: Eden              75M (5%)          688M (46%)        342 / 315            1 / 0              6 / 0        
[2026-04-03T03:28:18.347+0600][22.926s][info][gc,reloc    ] GC(18) y: Survivor 1       100M (7%)           11M (1%)          41 / 5              0 / 0              3 / 0        
[2026-04-03T03:28:18.347+0600][22.926s][info][gc,heap     ] GC(18) y: Min Capacity: 8M(1%)
[2026-04-03T03:28:18.347+0600][22.926s][info][gc,heap     ] GC(18) y: Max Capacity: 1500M(100%)
[2026-04-03T03:28:18.347+0600][22.926s][info][gc,heap     ] GC(18) y: Soft Max Capacity: 1500M(100%)
[2026-04-03T03:28:18.347+0600][22.926s][info][gc,heap     ] GC(18) y: Heap Statistics:
[2026-04-03T03:28:18.347+0600][22.926s][info][gc,heap     ] GC(18) y:                Mark Start          Mark End        Relocate Start      Relocate End           High               Low         
[2026-04-03T03:28:18.347+0600][22.926s][info][gc,heap     ] GC(18) y:  Capacity:     1500M (100%)       1500M (100%)       1500M (100%)       1500M (100%)       1500M (100%)       1500M (100%)   
[2026-04-03T03:28:18.347+0600][22.926s][info][gc,heap     ] GC(18) y:      Free:      352M (23%)           0M (0%)           12M (1%)          542M (36%)         598M (40%)           0M (0%)     
[2026-04-03T03:28:18.347+0600][22.926s][info][gc,heap     ] GC(18) y:      Used:     1148M (77%)        1500M (100%)       1488M (99%)         958M (64%)        1500M (100%)        902M (60%)    
[2026-04-03T03:28:18.347+0600][22.926s][info][gc,heap     ] GC(18) y: Young Generation Statistics:
[2026-04-03T03:28:18.347+0600][22.926s][info][gc,heap     ] GC(18) y:                Mark Start          Mark End        Relocate Start      Relocate End    
[2026-04-03T03:28:18.347+0600][22.926s][info][gc,heap     ] GC(18) y:      Used:      876M (58%)        1228M (82%)        1120M (75%)         578M (39%)    
[2026-04-03T03:28:18.347+0600][22.926s][info][gc,heap     ] GC(18) y:      Live:         -               176M (12%)          82M (5%)           75M (5%)     
[2026-04-03T03:28:18.347+0600][22.926s][info][gc,heap     ] GC(18) y:   Garbage:         -               699M (47%)         647M (43%)           0M (0%)     
[2026-04-03T03:28:18.347+0600][22.926s][info][gc,heap     ] GC(18) y: Allocated:         -               352M (23%)         390M (26%)         502M (33%)    
[2026-04-03T03:28:18.347+0600][22.926s][info][gc,heap     ] GC(18) y: Reclaimed:         -                  -                51M (3%)          699M (47%)    
[2026-04-03T03:28:18.347+0600][22.926s][info][gc,heap     ] GC(18) y:  Promoted:         -                  -                94M (6%)          100M (7%)     
[2026-04-03T03:28:18.348+0600][22.926s][info][gc,heap     ] GC(18) y: Compacted:         -                  -                  -                45M (3%)     
[2026-04-03T03:28:18.348+0600][22.926s][info][gc,phases   ] GC(18) y: Young Generation 1148M(77%)->958M(64%) 0.918s
[2026-04-03T03:28:18.348+0600][22.926s][info][gc          ] GC(18) Minor Collection (Allocation Rate) 1148M(77%)->958M(64%) 0.919s
[2026-04-03T03:28:18.348+0600][22.926s][info][gc,task     ] Adjusting Workers for Old Generation: 2 -> 1
[2026-04-03T03:28:18.348+0600][22.926s][info][gc,task     ] GC(17) O: Using 3 Workers for Old Generation
[2026-04-03T03:28:18.379+0600][22.958s][info][gc,task     ] GC(17) O: Using 2 Workers for Old Generation
[2026-04-03T03:28:18.379+0600][22.958s][info][gc,phases   ] GC(17) O: Concurrent Remap Roots 31.829ms
[2026-04-03T03:28:18.380+0600][22.958s][info][gc,phases   ] GC(17) O: Pause Relocate Start 0.121ms
[2026-04-03T03:28:18.380+0600][22.959s][info][gc          ] GC(19) Minor Collection (Allocation Rate)
[2026-04-03T03:28:18.380+0600][22.959s][info][gc,task     ] GC(19) Using 2 Workers for Young Generation
[2026-04-03T03:28:18.380+0600][22.959s][info][gc,phases   ] GC(19) y: Young Generation
[2026-04-03T03:28:18.381+0600][22.959s][info][gc,phases   ] GC(19) y: Pause Mark Start 0.030ms
[2026-04-03T03:28:18.393+0600][22.971s][info][gc,phases   ] GC(17) O: Concurrent Relocate 12.734ms
[2026-04-03T03:28:18.397+0600][22.975s][info][gc,task     ] Adjusting Workers for Young Generation: 2 -> 3
[2026-04-03T03:28:19.106+0600][23.684s][info][gc,phases   ] GC(19) y: Concurrent Mark 725.242ms
[2026-04-03T03:28:19.107+0600][23.685s][info][gc,phases   ] GC(19) y: Pause Mark End 0.034ms
[2026-04-03T03:28:19.107+0600][23.685s][info][gc,phases   ] GC(19) y: Concurrent Mark Free 0.003ms
[2026-04-03T03:28:19.107+0600][23.685s][info][gc,phases   ] GC(19) y: Concurrent Reset Relocation Set 0.147ms
[2026-04-03T03:28:19.109+0600][23.687s][info][gc,reloc    ] GC(19) y: Using tenuring threshold: 1 (Computed)
[2026-04-03T03:28:19.156+0600][23.735s][info][gc,phases   ] GC(19) y: Concurrent Select Relocation Set 49.441ms
[2026-04-03T03:28:19.157+0600][23.735s][info][gc,phases   ] GC(19) y: Pause Relocate Start 0.032ms
[2026-04-03T03:28:19.360+0600][23.939s][info][gc,phases   ] GC(19) y: Concurrent Relocate 203.583ms
[2026-04-03T03:28:19.361+0600][23.939s][info][gc,alloc    ] GC(19) y:                         Mark Start        Mark End      Relocate Start    Relocate End   
[2026-04-03T03:28:19.361+0600][23.939s][info][gc,alloc    ] GC(19) y: Allocation Stalls:          0                0                0                0         
[2026-04-03T03:28:19.361+0600][23.939s][info][gc,load     ] GC(19) y: Load: 3.73 (31%) / 4.44 (37%) / 5.01 (42%)
[2026-04-03T03:28:19.361+0600][23.939s][info][gc,mmu      ] GC(19) y: MMU: 2ms/92.4%, 5ms/97.0%, 10ms/98.5%, 20ms/99.2%, 50ms/99.5%, 100ms/99.7%
[2026-04-03T03:28:19.361+0600][23.939s][info][gc,marking  ] GC(19) y: Mark: 2 stripe(s), 10 proactive flush(es), 1 terminate flush(es), 0 completion(s), 0 continuation(s) 
[2026-04-03T03:28:19.361+0600][23.939s][info][gc,marking  ] GC(19) y: Mark Stack Usage: 32M
[2026-04-03T03:28:19.361+0600][23.939s][info][gc,nmethod  ] GC(19) y: NMethods: 5438 registered, 0 unregistered
[2026-04-03T03:28:19.361+0600][23.939s][info][gc,metaspace] GC(19) y: Metaspace: 68M used, 69M committed, 1088M reserved
[2026-04-03T03:28:19.361+0600][23.939s][info][gc,reloc    ] GC(19) y:                        Candidates     Selected     In-Place         Size        Empty    Relocated 
[2026-04-03T03:28:19.361+0600][23.939s][info][gc,reloc    ] GC(19) y: Small Pages:                  285          244            0         570M          10M          23M 
[2026-04-03T03:28:19.361+0600][23.939s][info][gc,reloc    ] GC(19) y: Medium Pages:                   0            0            0           0M           0M           0M 
[2026-04-03T03:28:19.361+0600][23.939s][info][gc,reloc    ] GC(19) y: Large Pages:                    3            0            0          30M           0M           0M 
[2026-04-03T03:28:19.361+0600][23.939s][info][gc,reloc    ] GC(19) y: Forwarding Usage: 25M
[2026-04-03T03:28:19.361+0600][23.939s][info][gc,reloc    ] GC(19) y: Age Table:
[2026-04-03T03:28:19.361+0600][23.939s][info][gc,reloc    ] GC(19) y:                    Live             Garbage             Small              Medium             Large        
[2026-04-03T03:28:19.361+0600][23.939s][info][gc,reloc    ] GC(19) y: Eden              22M (2%)          491M (33%)        257 / 238            0 / 0              0 / 0        
[2026-04-03T03:28:19.361+0600][23.939s][info][gc,reloc    ] GC(19) y: Survivor 1        70M (5%)           15M (1%)          28 / 6              0 / 0              3 / 0        
[2026-04-03T03:28:19.361+0600][23.939s][info][gc,heap     ] GC(19) y: Min Capacity: 8M(1%)
[2026-04-03T03:28:19.361+0600][23.939s][info][gc,heap     ] GC(19) y: Max Capacity: 1500M(100%)
[2026-04-03T03:28:19.361+0600][23.939s][info][gc,heap     ] GC(19) y: Soft Max Capacity: 1500M(100%)
[2026-04-03T03:28:19.361+0600][23.939s][info][gc,heap     ] GC(19) y: Heap Statistics:
[2026-04-03T03:28:19.361+0600][23.939s][info][gc,heap     ] GC(19) y:                Mark Start          Mark End        Relocate Start      Relocate End           High               Low         
[2026-04-03T03:28:19.361+0600][23.939s][info][gc,heap     ] GC(19) y:  Capacity:     1500M (100%)       1500M (100%)       1500M (100%)       1500M (100%)       1500M (100%)       1500M (100%)   
[2026-04-03T03:28:19.361+0600][23.939s][info][gc,heap     ] GC(19) y:      Free:      514M (34%)          72M (5%)           58M (4%)          490M (33%)         520M (35%)          52M (3%)     
[2026-04-03T03:28:19.361+0600][23.939s][info][gc,heap     ] GC(19) y:      Used:      986M (66%)        1428M (95%)        1442M (96%)        1010M (67%)        1448M (97%)         980M (65%)    
[2026-04-03T03:28:19.361+0600][23.939s][info][gc,heap     ] GC(19) y: Young Generation Statistics:
[2026-04-03T03:28:19.361+0600][23.939s][info][gc,heap     ] GC(19) y:                Mark Start          Mark End        Relocate Start      Relocate End    
[2026-04-03T03:28:19.361+0600][23.939s][info][gc,heap     ] GC(19) y:      Used:      600M (40%)        1044M (70%)         986M (66%)         546M (36%)    
[2026-04-03T03:28:19.361+0600][23.939s][info][gc,heap     ] GC(19) y:      Live:         -                93M (6%)           26M (2%)           22M (2%)     
[2026-04-03T03:28:19.361+0600][23.939s][info][gc,heap     ] GC(19) y:   Garbage:         -               506M (34%)         491M (33%)           0M (0%)     
[2026-04-03T03:28:19.361+0600][23.939s][info][gc,heap     ] GC(19) y: Allocated:         -               444M (30%)         468M (31%)         523M (35%)    
[2026-04-03T03:28:19.361+0600][23.939s][info][gc,heap     ] GC(19) y: Reclaimed:         -                  -                14M (1%)          506M (34%)    
[2026-04-03T03:28:19.361+0600][23.939s][info][gc,heap     ] GC(19) y:  Promoted:         -                  -                67M (4%)           70M (5%)     
[2026-04-03T03:28:19.361+0600][23.939s][info][gc,heap     ] GC(19) y: Compacted:         -                  -                  -                22M (2%)     
[2026-04-03T03:28:19.361+0600][23.939s][info][gc,phases   ] GC(19) y: Young Generation 988M(66%)->1010M(67%) 0.980s
[2026-04-03T03:28:19.361+0600][23.939s][info][gc          ] GC(19) Minor Collection (Allocation Rate) 986M(66%)->1012M(67%) 0.981s
[2026-04-03T03:28:19.361+0600][23.939s][info][gc,alloc    ] GC(17) O:                         Mark Start        Mark End      Relocate Start    Relocate End   
[2026-04-03T03:28:19.361+0600][23.939s][info][gc,alloc    ] GC(17) O: Allocation Stalls:          0                0                0                0         
[2026-04-03T03:28:19.361+0600][23.940s][info][gc,load     ] GC(17) O: Load: 3.73 (31%) / 4.44 (37%) / 5.01 (42%)
[2026-04-03T03:28:19.361+0600][23.940s][info][gc,mmu      ] GC(17) O: MMU: 2ms/92.4%, 5ms/97.0%, 10ms/98.5%, 20ms/99.2%, 50ms/99.5%, 100ms/99.7%
[2026-04-03T03:28:19.361+0600][23.940s][info][gc,marking  ] GC(17) O: Mark: 1 stripe(s), 2 proactive flush(es), 1 terminate flush(es), 0 completion(s), 0 continuation(s) 
[2026-04-03T03:28:19.361+0600][23.940s][info][gc,marking  ] GC(17) O: Mark Stack Usage: 32M
[2026-04-03T03:28:19.361+0600][23.940s][info][gc,nmethod  ] GC(17) O: NMethods: 5438 registered, 0 unregistered
[2026-04-03T03:28:19.361+0600][23.940s][info][gc,metaspace] GC(17) O: Metaspace: 68M used, 69M committed, 1088M reserved
[2026-04-03T03:28:19.361+0600][23.940s][info][gc,ref      ] GC(17) O:                       Encountered   Discovered     Enqueued 
[2026-04-03T03:28:19.361+0600][23.940s][info][gc,ref      ] GC(17) O: Soft References:             4927            0            0 
[2026-04-03T03:28:19.361+0600][23.940s][info][gc,ref      ] GC(17) O: Weak References:             6554         3224            1 
[2026-04-03T03:28:19.361+0600][23.940s][info][gc,ref      ] GC(17) O: Final References:              82            0            0 
[2026-04-03T03:28:19.361+0600][23.940s][info][gc,ref      ] GC(17) O: Phantom References:           594          421            0 
[2026-04-03T03:28:19.361+0600][23.940s][info][gc,reloc    ] GC(17) O:                        Candidates     Selected     In-Place         Size        Empty    Relocated 
[2026-04-03T03:28:19.361+0600][23.940s][info][gc,reloc    ] GC(17) O: Small Pages:                   23            6            0          46M           0M           2M 
[2026-04-03T03:28:19.361+0600][23.940s][info][gc,reloc    ] GC(17) O: Medium Pages:                   1            0            0          32M           0M           0M 
[2026-04-03T03:28:19.361+0600][23.940s][info][gc,reloc    ] GC(17) O: Large Pages:                    0            0            0           0M           0M           0M 
[2026-04-03T03:28:19.361+0600][23.940s][info][gc,reloc    ] GC(17) O: Forwarding Usage: 1M
[2026-04-03T03:28:19.361+0600][23.940s][info][gc,heap     ] GC(17) O: Min Capacity: 8M(1%)
[2026-04-03T03:28:19.361+0600][23.940s][info][gc,heap     ] GC(17) O: Max Capacity: 1500M(100%)
[2026-04-03T03:28:19.361+0600][23.940s][info][gc,heap     ] GC(17) O: Soft Max Capacity: 1500M(100%)
[2026-04-03T03:28:19.361+0600][23.940s][info][gc,heap     ] GC(17) O: Heap Statistics:
[2026-04-03T03:28:19.361+0600][23.940s][info][gc,heap     ] GC(17) O:                Mark Start          Mark End        Relocate Start      Relocate End           High               Low         
[2026-04-03T03:28:19.361+0600][23.940s][info][gc,heap     ] GC(17) O:  Capacity:     1500M (100%)       1500M (100%)       1500M (100%)       1500M (100%)       1500M (100%)       1500M (100%)   
[2026-04-03T03:28:19.361+0600][23.940s][info][gc,heap     ] GC(17) O:      Free:      948M (63%)         304M (20%)         520M (35%)         504M (34%)         948M (63%)           0M (0%)     
[2026-04-03T03:28:19.362+0600][23.940s][info][gc,heap     ] GC(17) O:      Used:      552M (37%)        1196M (80%)         980M (65%)         996M (66%)        1500M (100%)        552M (37%)    
[2026-04-03T03:28:19.362+0600][23.940s][info][gc,heap     ] GC(17) O: Old Generation Statistics:
[2026-04-03T03:28:19.362+0600][23.940s][info][gc,heap     ] GC(17) O:                Mark Start          Mark End        Relocate Start      Relocate End    
[2026-04-03T03:28:19.362+0600][23.940s][info][gc,heap     ] GC(17) O:      Used:       78M (5%)          272M (18%)         380M (25%)         384M (26%)    
[2026-04-03T03:28:19.362+0600][23.940s][info][gc,heap     ] GC(17) O:      Live:         -                36M (2%)           36M (2%)           36M (2%)     
[2026-04-03T03:28:19.362+0600][23.940s][info][gc,heap     ] GC(17) O:   Garbage:         -                41M (3%)           41M (3%)           28M (2%)     
[2026-04-03T03:28:19.362+0600][23.940s][info][gc,heap     ] GC(17) O: Allocated:         -               194M (13%)         302M (20%)         318M (21%)    
[2026-04-03T03:28:19.362+0600][23.940s][info][gc,heap     ] GC(17) O: Reclaimed:         -                  -                 0M (0%)           12M (1%)     
[2026-04-03T03:28:19.362+0600][23.940s][info][gc,heap     ] GC(17) O: Compacted:         -                  -                  -                 3M (0%)     
[2026-04-03T03:28:19.362+0600][23.940s][info][gc,phases   ] GC(17) O: Old Generation 1148M(77%)->996M(66%) 1.934s
[2026-04-03T03:28:19.362+0600][23.940s][info][gc          ] GC(17) Major Collection (Allocation Rate) 552M(37%)->1012M(67%) 3.115s
[2026-04-03T03:28:19.371+0600][23.950s][info][gc          ] GC(20) Major Collection (Allocation Rate)
[2026-04-03T03:28:19.371+0600][23.950s][info][gc,task     ] GC(20) Using 3 Workers for Young Generation
[2026-04-03T03:28:19.371+0600][23.950s][info][gc,task     ] GC(20) Using 1 Workers for Old Generation
[2026-04-03T03:28:19.371+0600][23.950s][info][gc,phases   ] GC(20) Y: Young Generation
[2026-04-03T03:28:19.372+0600][23.950s][info][gc,phases   ] GC(20) Y: Pause Mark Start (Major) 0.054ms
[2026-04-03T03:28:19.749+0600][24.327s][info][gc,phases   ] GC(20) Y: Concurrent Mark 377.149ms
[2026-04-03T03:28:19.749+0600][24.328s][info][gc,phases   ] GC(20) Y: Pause Mark End 0.032ms
[2026-04-03T03:28:19.750+0600][24.328s][info][gc,phases   ] GC(20) Y: Concurrent Mark Free 0.002ms
[2026-04-03T03:28:19.750+0600][24.328s][info][gc,phases   ] GC(20) Y: Concurrent Reset Relocation Set 0.116ms
[2026-04-03T03:28:19.754+0600][24.332s][info][gc,reloc    ] GC(20) Y: Using tenuring threshold: 2 (Computed)
[2026-04-03T03:28:19.757+0600][24.335s][info][gc,phases   ] GC(20) Y: Concurrent Select Relocation Set 7.038ms
[2026-04-03T03:28:19.757+0600][24.336s][info][gc,phases   ] GC(20) Y: Pause Relocate Start 0.029ms
[2026-04-03T03:28:19.802+0600][24.381s][info][gc,phases   ] GC(20) Y: Concurrent Relocate 44.813ms
[2026-04-03T03:28:19.802+0600][24.381s][info][gc,alloc    ] GC(20) Y:                         Mark Start        Mark End      Relocate Start    Relocate End   
[2026-04-03T03:28:19.802+0600][24.381s][info][gc,alloc    ] GC(20) Y: Allocation Stalls:          0                0                0                0         
[2026-04-03T03:28:19.802+0600][24.381s][info][gc,load     ] GC(20) Y: Load: 3.73 (31%) / 4.44 (37%) / 5.01 (42%)
[2026-04-03T03:28:19.802+0600][24.381s][info][gc,mmu      ] GC(20) Y: MMU: 2ms/92.4%, 5ms/97.0%, 10ms/98.5%, 20ms/99.2%, 50ms/99.5%, 100ms/99.7%
[2026-04-03T03:28:19.802+0600][24.381s][info][gc,marking  ] GC(20) Y: Mark: 2 stripe(s), 3 proactive flush(es), 1 terminate flush(es), 0 completion(s), 0 continuation(s) 
[2026-04-03T03:28:19.802+0600][24.381s][info][gc,marking  ] GC(20) Y: Mark Stack Usage: 32M
[2026-04-03T03:28:19.802+0600][24.381s][info][gc,nmethod  ] GC(20) Y: NMethods: 5477 registered, 0 unregistered
[2026-04-03T03:28:19.803+0600][24.381s][info][gc,metaspace] GC(20) Y: Metaspace: 68M used, 69M committed, 1088M reserved
[2026-04-03T03:28:19.803+0600][24.381s][info][gc,reloc    ] GC(20) Y:                        Candidates     Selected     In-Place         Size        Empty    Relocated 
[2026-04-03T03:28:19.803+0600][24.381s][info][gc,reloc    ] GC(20) Y: Small Pages:                  257          231            0         514M           4M          21M 
[2026-04-03T03:28:19.803+0600][24.381s][info][gc,reloc    ] GC(20) Y: Medium Pages:                   0            0            0           0M           0M           0M 
[2026-04-03T03:28:19.803+0600][24.381s][info][gc,reloc    ] GC(20) Y: Large Pages:                    2            0            0          36M           0M           0M 
[2026-04-03T03:28:19.803+0600][24.381s][info][gc,reloc    ] GC(20) Y: Forwarding Usage: 22M
[2026-04-03T03:28:19.803+0600][24.381s][info][gc,reloc    ] GC(20) Y: Age Table:
[2026-04-03T03:28:19.803+0600][24.381s][info][gc,reloc    ] GC(20) Y:                    Live             Garbage             Small              Medium             Large        
[2026-04-03T03:28:19.803+0600][24.381s][info][gc,reloc    ] GC(20) Y: Eden              57M (4%)          462M (31%)        242 / 227            0 / 0              2 / 0        
[2026-04-03T03:28:19.803+0600][24.381s][info][gc,reloc    ] GC(20) Y: Survivor 1        20M (1%)            9M (1%)          15 / 4              0 / 0              0 / 0        
[2026-04-03T03:28:19.803+0600][24.381s][info][gc,heap     ] GC(20) Y: Min Capacity: 8M(1%)
[2026-04-03T03:28:19.803+0600][24.381s][info][gc,heap     ] GC(20) Y: Max Capacity: 1500M(100%)
[2026-04-03T03:28:19.803+0600][24.381s][info][gc,heap     ] GC(20) Y: Soft Max Capacity: 1500M(100%)
[2026-04-03T03:28:19.803+0600][24.381s][info][gc,heap     ] GC(20) Y: Heap Statistics:
[2026-04-03T03:28:19.803+0600][24.381s][info][gc,heap     ] GC(20) Y:                Mark Start          Mark End        Relocate Start      Relocate End           High               Low         
[2026-04-03T03:28:19.803+0600][24.381s][info][gc,heap     ] GC(20) Y:  Capacity:     1500M (100%)       1500M (100%)       1500M (100%)       1500M (100%)       1500M (100%)       1500M (100%)   
[2026-04-03T03:28:19.803+0600][24.381s][info][gc,heap     ] GC(20) Y:      Free:      486M (32%)         370M (25%)         372M (25%)         810M (54%)         810M (54%)         368M (25%)    
[2026-04-03T03:28:19.803+0600][24.381s][info][gc,heap     ] GC(20) Y:      Used:     1014M (68%)        1130M (75%)        1128M (75%)         690M (46%)        1132M (75%)         690M (46%)    
[2026-04-03T03:28:19.803+0600][24.381s][info][gc,heap     ] GC(20) Y: Young Generation Statistics:
[2026-04-03T03:28:19.803+0600][24.381s][info][gc,heap     ] GC(20) Y:                Mark Start          Mark End        Relocate Start      Relocate End    
[2026-04-03T03:28:19.803+0600][24.381s][info][gc,heap     ] GC(20) Y:      Used:      550M (37%)         666M (44%)         664M (44%)         226M (15%)    
[2026-04-03T03:28:19.803+0600][24.381s][info][gc,heap     ] GC(20) Y:      Live:         -                77M (5%)           77M (5%)           77M (5%)     
[2026-04-03T03:28:19.803+0600][24.381s][info][gc,heap     ] GC(20) Y:   Garbage:         -               472M (31%)         468M (31%)           1M (0%)     
[2026-04-03T03:28:19.803+0600][24.381s][info][gc,heap     ] GC(20) Y: Allocated:         -               116M (8%)          118M (8%)          146M (10%)    
[2026-04-03T03:28:19.803+0600][24.381s][info][gc,heap     ] GC(20) Y: Reclaimed:         -                  -                 4M (0%)          470M (31%)    
[2026-04-03T03:28:19.803+0600][24.381s][info][gc,heap     ] GC(20) Y:  Promoted:         -                  -                 0M (0%)            0M (0%)     
[2026-04-03T03:28:19.803+0600][24.381s][info][gc,heap     ] GC(20) Y: Compacted:         -                  -                  -                23M (2%)     
[2026-04-03T03:28:19.803+0600][24.381s][info][gc,phases   ] GC(20) Y: Young Generation 1014M(68%)->690M(46%) 0.431s
[2026-04-03T03:28:19.803+0600][24.381s][info][gc,phases   ] GC(20) O: Old Generation
[2026-04-03T03:28:19.807+0600][24.385s][info][gc          ] GC(21) Minor Collection (Allocation Rate)
[2026-04-03T03:28:19.807+0600][24.385s][info][gc,task     ] GC(21) Using 2 Workers for Young Generation
[2026-04-03T03:28:19.807+0600][24.385s][info][gc,phases   ] GC(21) y: Young Generation
[2026-04-03T03:28:19.807+0600][24.386s][info][gc,phases   ] GC(21) y: Pause Mark Start 0.033ms
[2026-04-03T03:28:20.370+0600][24.949s][info][gc,phases   ] GC(21) y: Concurrent Mark 562.842ms
[2026-04-03T03:28:20.371+0600][24.949s][info][gc,phases   ] GC(21) y: Pause Mark End 0.031ms
[2026-04-03T03:28:20.371+0600][24.949s][info][gc,phases   ] GC(21) y: Concurrent Mark Free 0.002ms
[2026-04-03T03:28:20.371+0600][24.949s][info][gc,phases   ] GC(21) y: Concurrent Reset Relocation Set 0.040ms
[2026-04-03T03:28:20.373+0600][24.952s][info][gc,reloc    ] GC(21) y: Using tenuring threshold: 1 (Computed)
[2026-04-03T03:28:20.446+0600][25.025s][info][gc,phases   ] GC(21) y: Concurrent Select Relocation Set 75.210ms
[2026-04-03T03:28:20.447+0600][25.025s][info][gc,phases   ] GC(21) y: Pause Relocate Start 0.031ms
[2026-04-03T03:28:20.560+0600][25.138s][info][gc,phases   ] GC(21) y: Concurrent Relocate 113.135ms
[2026-04-03T03:28:20.560+0600][25.138s][info][gc,alloc    ] GC(21) y:                         Mark Start        Mark End      Relocate Start    Relocate End   
[2026-04-03T03:28:20.560+0600][25.138s][info][gc,alloc    ] GC(21) y: Allocation Stalls:          0                0                0                0         
[2026-04-03T03:28:20.560+0600][25.138s][info][gc,load     ] GC(21) y: Load: 3.91 (33%) / 4.47 (37%) / 5.02 (42%)
[2026-04-03T03:28:20.560+0600][25.138s][info][gc,mmu      ] GC(21) y: MMU: 2ms/92.4%, 5ms/97.0%, 10ms/98.5%, 20ms/99.2%, 50ms/99.5%, 100ms/99.7%
[2026-04-03T03:28:20.560+0600][25.138s][info][gc,marking  ] GC(21) y: Mark: 2 stripe(s), 2 proactive flush(es), 1 terminate flush(es), 0 completion(s), 0 continuation(s) 
[2026-04-03T03:28:20.560+0600][25.138s][info][gc,marking  ] GC(21) y: Mark Stack Usage: 32M
[2026-04-03T03:28:20.560+0600][25.138s][info][gc,nmethod  ] GC(21) y: NMethods: 5481 registered, 0 unregistered
[2026-04-03T03:28:20.560+0600][25.138s][info][gc,metaspace] GC(21) y: Metaspace: 68M used, 69M committed, 1088M reserved
[2026-04-03T03:28:20.560+0600][25.138s][info][gc,reloc    ] GC(21) y:                        Candidates     Selected     In-Place         Size        Empty    Relocated 
[2026-04-03T03:28:20.560+0600][25.138s][info][gc,reloc    ] GC(21) y: Small Pages:                   79           52            0         158M           4M           5M 
[2026-04-03T03:28:20.560+0600][25.138s][info][gc,reloc    ] GC(21) y: Medium Pages:                   1            0            0          32M           0M           0M 
[2026-04-03T03:28:20.560+0600][25.138s][info][gc,reloc    ] GC(21) y: Large Pages:                    2            0            0          36M           0M           0M 
[2026-04-03T03:28:20.560+0600][25.139s][info][gc,reloc    ] GC(21) y: Forwarding Usage: 5M
[2026-04-03T03:28:20.560+0600][25.139s][info][gc,reloc    ] GC(21) y: Age Table:
[2026-04-03T03:28:20.560+0600][25.139s][info][gc,reloc    ] GC(21) y:                    Live             Garbage             Small              Medium             Large        
[2026-04-03T03:28:20.560+0600][25.139s][info][gc,reloc    ] GC(21) y: Eden               4M (0%)          123M (8%)          48 / 45             1 / 0              0 / 0        
[2026-04-03T03:28:20.560+0600][25.139s][info][gc,reloc    ] GC(21) y: Survivor 1        56M (4%)           11M (1%)          16 / 3              0 / 0              2 / 0        
[2026-04-03T03:28:20.560+0600][25.139s][info][gc,reloc    ] GC(21) y: Survivor 2        20M (1%)            9M (1%)          15 / 4              0 / 0              0 / 0        
[2026-04-03T03:28:20.560+0600][25.139s][info][gc,heap     ] GC(21) y: Min Capacity: 8M(1%)
[2026-04-03T03:28:20.560+0600][25.139s][info][gc,heap     ] GC(21) y: Max Capacity: 1500M(100%)
[2026-04-03T03:28:20.560+0600][25.139s][info][gc,heap     ] GC(21) y: Soft Max Capacity: 1500M(100%)
[2026-04-03T03:28:20.560+0600][25.139s][info][gc,heap     ] GC(21) y: Heap Statistics:
[2026-04-03T03:28:20.560+0600][25.139s][info][gc,heap     ] GC(21) y:                Mark Start          Mark End        Relocate Start      Relocate End           High               Low         
[2026-04-03T03:28:20.560+0600][25.139s][info][gc,heap     ] GC(21) y:  Capacity:     1500M (100%)       1500M (100%)       1500M (100%)       1500M (100%)       1500M (100%)       1500M (100%)   
[2026-04-03T03:28:20.560+0600][25.139s][info][gc,heap     ] GC(21) y:      Free:      810M (54%)         652M (43%)         640M (43%)         708M (47%)         810M (54%)         628M (42%)    
[2026-04-03T03:28:20.560+0600][25.139s][info][gc,heap     ] GC(21) y:      Used:      690M (46%)         848M (57%)         860M (57%)         792M (53%)         872M (58%)         690M (46%)    
[2026-04-03T03:28:20.560+0600][25.139s][info][gc,heap     ] GC(21) y: Young Generation Statistics:
[2026-04-03T03:28:20.560+0600][25.139s][info][gc,heap     ] GC(21) y:                Mark Start          Mark End        Relocate Start      Relocate End    
[2026-04-03T03:28:20.560+0600][25.139s][info][gc,heap     ] GC(21) y:      Used:      226M (15%)         384M (26%)         318M (21%)         240M (16%)    
[2026-04-03T03:28:20.560+0600][25.139s][info][gc,heap     ] GC(21) y:      Live:         -                81M (5%)            7M (1%)            4M (0%)     
[2026-04-03T03:28:20.560+0600][25.139s][info][gc,heap     ] GC(21) y:   Garbage:         -               144M (10%)         136M (9%)           30M (2%)     
[2026-04-03T03:28:20.561+0600][25.139s][info][gc,heap     ] GC(21) y: Allocated:         -               158M (11%)         174M (12%)         204M (14%)    
[2026-04-03T03:28:20.561+0600][25.139s][info][gc,heap     ] GC(21) y: Reclaimed:         -                  -                 8M (1%)          113M (8%)     
[2026-04-03T03:28:20.561+0600][25.139s][info][gc,heap     ] GC(21) y:  Promoted:         -                  -                73M (5%)           76M (5%)     
[2026-04-03T03:28:20.561+0600][25.139s][info][gc,heap     ] GC(21) y: Compacted:         -                  -                  -                 3M (0%)     
[2026-04-03T03:28:20.561+0600][25.139s][info][gc,phases   ] GC(21) y: Young Generation 690M(46%)->792M(53%) 0.753s
[2026-04-03T03:28:20.561+0600][25.139s][info][gc          ] GC(21) Minor Collection (Allocation Rate) 690M(46%)->792M(53%) 0.754s
[2026-04-03T03:28:20.561+0600][25.139s][info][gc          ] GC(22) Minor Collection (Allocation Rate)
[2026-04-03T03:28:20.561+0600][25.139s][info][gc,task     ] GC(22) Using 2 Workers for Young Generation
[2026-04-03T03:28:20.561+0600][25.139s][info][gc,phases   ] GC(22) y: Young Generation
[2026-04-03T03:28:20.561+0600][25.139s][info][gc,phases   ] GC(22) y: Pause Mark Start 0.031ms
[2026-04-03T03:28:20.729+0600][25.307s][info][gc,phases   ] GC(22) y: Concurrent Mark 167.051ms
[2026-04-03T03:28:20.729+0600][25.307s][info][gc,phases   ] GC(22) y: Pause Mark End 0.038ms
[2026-04-03T03:28:20.729+0600][25.307s][info][gc,phases   ] GC(22) y: Concurrent Mark Free 0.004ms
[2026-04-03T03:28:20.729+0600][25.308s][info][gc,phases   ] GC(22) y: Concurrent Reset Relocation Set 0.090ms
[2026-04-03T03:28:20.733+0600][25.311s][info][gc,reloc    ] GC(22) y: Using tenuring threshold: 2 (Computed)
[2026-04-03T03:28:20.734+0600][25.312s][info][gc,phases   ] GC(22) y: Concurrent Select Relocation Set 4.826ms
[2026-04-03T03:28:20.735+0600][25.313s][info][gc,phases   ] GC(22) y: Pause Relocate Start 0.027ms
[2026-04-03T03:28:20.754+0600][25.332s][info][gc,phases   ] GC(22) y: Concurrent Relocate 19.459ms
[2026-04-03T03:28:20.754+0600][25.333s][info][gc,alloc    ] GC(22) y:                         Mark Start        Mark End      Relocate Start    Relocate End   
[2026-04-03T03:28:20.754+0600][25.333s][info][gc,alloc    ] GC(22) y: Allocation Stalls:          0                0                0                0         
[2026-04-03T03:28:20.754+0600][25.333s][info][gc,load     ] GC(22) y: Load: 3.91 (33%) / 4.47 (37%) / 5.02 (42%)
[2026-04-03T03:28:20.754+0600][25.333s][info][gc,mmu      ] GC(22) y: MMU: 2ms/92.4%, 5ms/97.0%, 10ms/98.5%, 20ms/99.2%, 50ms/99.5%, 100ms/99.7%
[2026-04-03T03:28:20.754+0600][25.333s][info][gc,marking  ] GC(22) y: Mark: 2 stripe(s), 2 proactive flush(es), 1 terminate flush(es), 0 completion(s), 0 continuation(s) 
[2026-04-03T03:28:20.754+0600][25.333s][info][gc,marking  ] GC(22) y: Mark Stack Usage: 32M
[2026-04-03T03:28:20.754+0600][25.333s][info][gc,nmethod  ] GC(22) y: NMethods: 5541 registered, 0 unregistered
[2026-04-03T03:28:20.754+0600][25.333s][info][gc,metaspace] GC(22) y: Metaspace: 68M used, 69M committed, 1088M reserved
[2026-04-03T03:28:20.754+0600][25.333s][info][gc,reloc    ] GC(22) y:                        Candidates     Selected     In-Place         Size        Empty    Relocated 
[2026-04-03T03:28:20.754+0600][25.333s][info][gc,reloc    ] GC(22) y: Small Pages:                   88           81            0         176M           4M           5M 
[2026-04-03T03:28:20.754+0600][25.333s][info][gc,reloc    ] GC(22) y: Medium Pages:                   2            0            0          64M          32M           0M 
[2026-04-03T03:28:20.754+0600][25.333s][info][gc,reloc    ] GC(22) y: Large Pages:                    0            0            0           0M           0M           0M 
[2026-04-03T03:28:20.755+0600][25.333s][info][gc,reloc    ] GC(22) y: Forwarding Usage: 5M
[2026-04-03T03:28:20.755+0600][25.333s][info][gc,reloc    ] GC(22) y: Age Table:
[2026-04-03T03:28:20.755+0600][25.333s][info][gc,reloc    ] GC(22) y:                    Live             Garbage             Small              Medium             Large        
[2026-04-03T03:28:20.755+0600][25.333s][info][gc,reloc    ] GC(22) y: Eden               8M (1%)          191M (13%)         84 / 80             1 / 0              0 / 0        
[2026-04-03T03:28:20.755+0600][25.333s][info][gc,reloc    ] GC(22) y: Survivor 1         2M (0%)           37M (3%)           4 / 1              1 / 0              0 / 0        
[2026-04-03T03:28:20.755+0600][25.333s][info][gc,heap     ] GC(22) y: Min Capacity: 8M(1%)
[2026-04-03T03:28:20.755+0600][25.333s][info][gc,heap     ] GC(22) y: Max Capacity: 1500M(100%)
[2026-04-03T03:28:20.755+0600][25.333s][info][gc,heap     ] GC(22) y: Soft Max Capacity: 1500M(100%)
[2026-04-03T03:28:20.755+0600][25.333s][info][gc,heap     ] GC(22) y: Heap Statistics:
[2026-04-03T03:28:20.755+0600][25.333s][info][gc,heap     ] GC(22) y:                Mark Start          Mark End        Relocate Start      Relocate End           High               Low         
[2026-04-03T03:28:20.755+0600][25.333s][info][gc,heap     ] GC(22) y:  Capacity:     1500M (100%)       1500M (100%)       1500M (100%)       1500M (100%)       1500M (100%)       1500M (100%)   
[2026-04-03T03:28:20.755+0600][25.333s][info][gc,heap     ] GC(22) y:      Free:      708M (47%)         662M (44%)         696M (46%)         842M (56%)         842M (56%)         660M (44%)    
[2026-04-03T03:28:20.755+0600][25.333s][info][gc,heap     ] GC(22) y:      Used:      792M (53%)         838M (56%)         804M (54%)         658M (44%)         840M (56%)         658M (44%)    
[2026-04-03T03:28:20.755+0600][25.333s][info][gc,heap     ] GC(22) y: Young Generation Statistics:
[2026-04-03T03:28:20.755+0600][25.333s][info][gc,heap     ] GC(22) y:                Mark Start          Mark End        Relocate Start      Relocate End    
[2026-04-03T03:28:20.755+0600][25.333s][info][gc,heap     ] GC(22) y:      Used:      240M (16%)         286M (19%)         252M (17%)         106M (7%)     
[2026-04-03T03:28:20.755+0600][25.333s][info][gc,heap     ] GC(22) y:      Live:         -                10M (1%)           10M (1%)           10M (1%)     
[2026-04-03T03:28:20.755+0600][25.333s][info][gc,heap     ] GC(22) y:   Garbage:         -               229M (15%)         193M (13%)          30M (2%)     
[2026-04-03T03:28:20.755+0600][25.333s][info][gc,heap     ] GC(22) y: Allocated:         -                46M (3%)           48M (3%)           64M (4%)     
[2026-04-03T03:28:20.755+0600][25.333s][info][gc,heap     ] GC(22) y: Reclaimed:         -                  -                36M (2%)          198M (13%)    
[2026-04-03T03:28:20.755+0600][25.333s][info][gc,heap     ] GC(22) y:  Promoted:         -                  -                 0M (0%)            0M (0%)     
[2026-04-03T03:28:20.755+0600][25.333s][info][gc,heap     ] GC(22) y: Compacted:         -                  -                  -                 5M (0%)     
[2026-04-03T03:28:20.755+0600][25.333s][info][gc,phases   ] GC(22) y: Young Generation 792M(53%)->658M(44%) 0.193s
[2026-04-03T03:28:20.755+0600][25.333s][info][gc          ] GC(22) Minor Collection (Allocation Rate) 792M(53%)->658M(44%) 0.194s
[2026-04-03T03:28:20.755+0600][25.333s][info][gc          ] GC(23) Minor Collection (Allocation Rate)
[2026-04-03T03:28:20.755+0600][25.333s][info][gc,task     ] GC(23) Using 2 Workers for Young Generation
[2026-04-03T03:28:20.755+0600][25.333s][info][gc,phases   ] GC(23) y: Young Generation
[2026-04-03T03:28:20.755+0600][25.334s][info][gc,phases   ] GC(23) y: Pause Mark Start 0.058ms
[2026-04-03T03:28:20.860+0600][25.438s][info][gc,phases   ] GC(23) y: Concurrent Mark 104.589ms
[2026-04-03T03:28:20.860+0600][25.439s][info][gc,phases   ] GC(23) y: Pause Mark End 0.025ms
[2026-04-03T03:28:20.861+0600][25.439s][info][gc,phases   ] GC(23) y: Concurrent Mark Free 0.003ms
[2026-04-03T03:28:20.861+0600][25.439s][info][gc,phases   ] GC(23) y: Concurrent Reset Relocation Set 0.017ms
[2026-04-03T03:28:20.867+0600][25.445s][info][gc,reloc    ] GC(23) y: Using tenuring threshold: 2 (Computed)
[2026-04-03T03:28:20.870+0600][25.448s][info][gc,phases   ] GC(23) y: Concurrent Select Relocation Set 9.600ms
[2026-04-03T03:28:20.871+0600][25.449s][info][gc,phases   ] GC(23) y: Pause Relocate Start 0.024ms
[2026-04-03T03:28:20.888+0600][25.467s][info][gc,phases   ] GC(23) y: Concurrent Relocate 17.658ms
[2026-04-03T03:28:20.888+0600][25.467s][info][gc,alloc    ] GC(23) y:                         Mark Start        Mark End      Relocate Start    Relocate End   
[2026-04-03T03:28:20.888+0600][25.467s][info][gc,alloc    ] GC(23) y: Allocation Stalls:          0                0                0                0         
[2026-04-03T03:28:20.888+0600][25.467s][info][gc,load     ] GC(23) y: Load: 3.91 (33%) / 4.47 (37%) / 5.02 (42%)
[2026-04-03T03:28:20.888+0600][25.467s][info][gc,mmu      ] GC(23) y: MMU: 2ms/92.4%, 5ms/97.0%, 10ms/98.5%, 20ms/99.2%, 50ms/99.5%, 100ms/99.7%
[2026-04-03T03:28:20.888+0600][25.467s][info][gc,marking  ] GC(23) y: Mark: 2 stripe(s), 2 proactive flush(es), 1 terminate flush(es), 0 completion(s), 0 continuation(s) 
[2026-04-03T03:28:20.888+0600][25.467s][info][gc,marking  ] GC(23) y: Mark Stack Usage: 32M
[2026-04-03T03:28:20.888+0600][25.467s][info][gc,nmethod  ] GC(23) y: NMethods: 5546 registered, 0 unregistered
[2026-04-03T03:28:20.888+0600][25.467s][info][gc,metaspace] GC(23) y: Metaspace: 68M used, 69M committed, 1088M reserved
[2026-04-03T03:28:20.888+0600][25.467s][info][gc,reloc    ] GC(23) y:                        Candidates     Selected     In-Place         Size        Empty    Relocated 
[2026-04-03T03:28:20.888+0600][25.467s][info][gc,reloc    ] GC(23) y: Small Pages:                   37           32            0          74M           0M           3M 
[2026-04-03T03:28:20.888+0600][25.467s][info][gc,reloc    ] GC(23) y: Medium Pages:                   1            0            0          32M           0M           0M 
[2026-04-03T03:28:20.888+0600][25.467s][info][gc,reloc    ] GC(23) y: Large Pages:                    0            0            0           0M           0M           0M 
[2026-04-03T03:28:20.888+0600][25.467s][info][gc,reloc    ] GC(23) y: Forwarding Usage: 4M
[2026-04-03T03:28:20.888+0600][25.467s][info][gc,reloc    ] GC(23) y: Age Table:
[2026-04-03T03:28:20.888+0600][25.467s][info][gc,reloc    ] GC(23) y:                    Live             Garbage             Small              Medium             Large        
[2026-04-03T03:28:20.889+0600][25.467s][info][gc,reloc    ] GC(23) y: Eden               1M (0%)           52M (3%)          27 / 26             0 / 0              0 / 0        
[2026-04-03T03:28:20.889+0600][25.467s][info][gc,reloc    ] GC(23) y: Survivor 1         7M (1%)           38M (3%)           7 / 4              1 / 0              0 / 0        
[2026-04-03T03:28:20.889+0600][25.467s][info][gc,reloc    ] GC(23) y: Survivor 2         2M (0%)            3M (0%)           3 / 2              0 / 0              0 / 0        
[2026-04-03T03:28:20.889+0600][25.467s][info][gc,heap     ] GC(23) y: Min Capacity: 8M(1%)
[2026-04-03T03:28:20.889+0600][25.467s][info][gc,heap     ] GC(23) y: Max Capacity: 1500M(100%)
[2026-04-03T03:28:20.889+0600][25.467s][info][gc,heap     ] GC(23) y: Soft Max Capacity: 1500M(100%)
[2026-04-03T03:28:20.889+0600][25.467s][info][gc,heap     ] GC(23) y: Heap Statistics:
[2026-04-03T03:28:20.889+0600][25.467s][info][gc,heap     ] GC(23) y:                Mark Start          Mark End        Relocate Start      Relocate End           High               Low         
[2026-04-03T03:28:20.889+0600][25.467s][info][gc,heap     ] GC(23) y:  Capacity:     1500M (100%)       1500M (100%)       1500M (100%)       1500M (100%)       1500M (100%)       1500M (100%)   
[2026-04-03T03:28:20.889+0600][25.467s][info][gc,heap     ] GC(23) y:      Free:      842M (56%)         808M (54%)         806M (54%)         846M (56%)         846M (56%)         794M (53%)    
[2026-04-03T03:28:20.889+0600][25.467s][info][gc,heap     ] GC(23) y:      Used:      658M (44%)         692M (46%)         694M (46%)         654M (44%)         706M (47%)         654M (44%)    
[2026-04-03T03:28:20.889+0600][25.467s][info][gc,heap     ] GC(23) y: Young Generation Statistics:
[2026-04-03T03:28:20.889+0600][25.467s][info][gc,heap     ] GC(23) y:                Mark Start          Mark End        Relocate Start      Relocate End    
[2026-04-03T03:28:20.889+0600][25.467s][info][gc,heap     ] GC(23) y:      Used:      106M (7%)          140M (9%)          142M (9%)           98M (7%)     
[2026-04-03T03:28:20.889+0600][25.467s][info][gc,heap     ] GC(23) y:      Live:         -                11M (1%)           11M (1%)            9M (1%)     
[2026-04-03T03:28:20.889+0600][25.467s][info][gc,heap     ] GC(23) y:   Garbage:         -                94M (6%)           94M (6%)           29M (2%)     
[2026-04-03T03:28:20.889+0600][25.467s][info][gc,heap     ] GC(23) y: Allocated:         -                34M (2%)           36M (2%)           59M (4%)     
[2026-04-03T03:28:20.889+0600][25.467s][info][gc,heap     ] GC(23) y: Reclaimed:         -                  -                 0M (0%)           64M (4%)     
[2026-04-03T03:28:20.889+0600][25.467s][info][gc,heap     ] GC(23) y:  Promoted:         -                  -                 0M (0%)            2M (0%)     
[2026-04-03T03:28:20.889+0600][25.467s][info][gc,heap     ] GC(23) y: Compacted:         -                  -                  -                 2M (0%)     
[2026-04-03T03:28:20.889+0600][25.467s][info][gc,phases   ] GC(23) y: Young Generation 658M(44%)->654M(44%) 0.133s
[2026-04-03T03:28:20.889+0600][25.467s][info][gc          ] GC(23) Minor Collection (Allocation Rate) 658M(44%)->654M(44%) 0.134s
[2026-04-03T03:28:20.889+0600][25.467s][info][gc          ] GC(24) Minor Collection (Allocation Rate)
[2026-04-03T03:28:20.889+0600][25.467s][info][gc,task     ] GC(24) Using 2 Workers for Young Generation
[2026-04-03T03:28:20.889+0600][25.467s][info][gc,phases   ] GC(24) y: Young Generation
[2026-04-03T03:28:20.889+0600][25.467s][info][gc,phases   ] GC(24) y: Pause Mark Start 0.017ms
[2026-04-03T03:28:20.991+0600][25.569s][info][gc,phases   ] GC(24) y: Concurrent Mark 101.779ms
[2026-04-03T03:28:20.991+0600][25.570s][info][gc,phases   ] GC(24) y: Pause Mark End 0.030ms
[2026-04-03T03:28:20.991+0600][25.570s][info][gc,phases   ] GC(24) y: Concurrent Mark Free 0.004ms
[2026-04-03T03:28:20.992+0600][25.570s][info][gc,phases   ] GC(24) y: Concurrent Reset Relocation Set 0.011ms
[2026-04-03T03:28:20.998+0600][25.577s][info][gc,reloc    ] GC(24) y: Using tenuring threshold: 1 (Computed)
[2026-04-03T03:28:21.009+0600][25.588s][info][gc,phases   ] GC(24) y: Concurrent Select Relocation Set 17.841ms
[2026-04-03T03:28:21.010+0600][25.588s][info][gc,phases   ] GC(24) y: Pause Relocate Start 0.021ms
[2026-04-03T03:28:21.036+0600][25.614s][info][gc,phases   ] GC(24) y: Concurrent Relocate 25.741ms
[2026-04-03T03:28:21.036+0600][25.614s][info][gc,alloc    ] GC(24) y:                         Mark Start        Mark End      Relocate Start    Relocate End   
[2026-04-03T03:28:21.036+0600][25.614s][info][gc,alloc    ] GC(24) y: Allocation Stalls:          0                0                0                0         
[2026-04-03T03:28:21.036+0600][25.614s][info][gc,load     ] GC(24) y: Load: 3.91 (33%) / 4.47 (37%) / 5.02 (42%)
[2026-04-03T03:28:21.036+0600][25.614s][info][gc,mmu      ] GC(24) y: MMU: 2ms/92.4%, 5ms/97.0%, 10ms/98.5%, 20ms/99.2%, 50ms/99.5%, 100ms/99.7%
[2026-04-03T03:28:21.036+0600][25.614s][info][gc,marking  ] GC(24) y: Mark: 2 stripe(s), 11 proactive flush(es), 2 terminate flush(es), 0 completion(s), 0 continuation(s) 
[2026-04-03T03:28:21.036+0600][25.614s][info][gc,marking  ] GC(24) y: Mark Stack Usage: 32M
[2026-04-03T03:28:21.036+0600][25.614s][info][gc,nmethod  ] GC(24) y: NMethods: 5550 registered, 0 unregistered
[2026-04-03T03:28:21.036+0600][25.614s][info][gc,metaspace] GC(24) y: Metaspace: 68M used, 69M committed, 1088M reserved
[2026-04-03T03:28:21.036+0600][25.614s][info][gc,reloc    ] GC(24) y:                        Candidates     Selected     In-Place         Size        Empty    Relocated 
[2026-04-03T03:28:21.036+0600][25.614s][info][gc,reloc    ] GC(24) y: Small Pages:                   33           26            0          66M           4M           2M 
[2026-04-03T03:28:21.036+0600][25.614s][info][gc,reloc    ] GC(24) y: Medium Pages:                   1            0            0          32M           0M           0M 
[2026-04-03T03:28:21.036+0600][25.614s][info][gc,reloc    ] GC(24) y: Large Pages:                    0            0            0           0M           0M           0M 
[2026-04-03T03:28:21.036+0600][25.614s][info][gc,reloc    ] GC(24) y: Forwarding Usage: 2M
[2026-04-03T03:28:21.036+0600][25.614s][info][gc,reloc    ] GC(24) y: Age Table:
[2026-04-03T03:28:21.036+0600][25.614s][info][gc,reloc    ] GC(24) y:                    Live             Garbage             Small              Medium             Large        
[2026-04-03T03:28:21.036+0600][25.614s][info][gc,reloc    ] GC(24) y: Eden               1M (0%)           40M (3%)          21 / 19             0 / 0              0 / 0        
[2026-04-03T03:28:21.036+0600][25.614s][info][gc,reloc    ] GC(24) y: Survivor 1         1M (0%)           10M (1%)           6 / 3              0 / 0              0 / 0        
[2026-04-03T03:28:21.036+0600][25.614s][info][gc,reloc    ] GC(24) y: Survivor 2         7M (1%)           36M (2%)           6 / 4              1 / 0              0 / 0        
[2026-04-03T03:28:21.036+0600][25.614s][info][gc,heap     ] GC(24) y: Min Capacity: 8M(1%)
[2026-04-03T03:28:21.036+0600][25.614s][info][gc,heap     ] GC(24) y: Max Capacity: 1500M(100%)
[2026-04-03T03:28:21.036+0600][25.614s][info][gc,heap     ] GC(24) y: Soft Max Capacity: 1500M(100%)
[2026-04-03T03:28:21.036+0600][25.614s][info][gc,heap     ] GC(24) y: Heap Statistics:
[2026-04-03T03:28:21.036+0600][25.614s][info][gc,heap     ] GC(24) y:                Mark Start          Mark End        Relocate Start      Relocate End           High               Low         
[2026-04-03T03:28:21.036+0600][25.614s][info][gc,heap     ] GC(24) y:  Capacity:     1500M (100%)       1500M (100%)       1500M (100%)       1500M (100%)       1500M (100%)       1500M (100%)   
[2026-04-03T03:28:21.036+0600][25.614s][info][gc,heap     ] GC(24) y:      Free:      846M (56%)         808M (54%)         806M (54%)         842M (56%)         846M (56%)         800M (53%)    
[2026-04-03T03:28:21.036+0600][25.614s][info][gc,heap     ] GC(24) y:      Used:      654M (44%)         692M (46%)         694M (46%)         658M (44%)         700M (47%)         654M (44%)    
[2026-04-03T03:28:21.036+0600][25.614s][info][gc,heap     ] GC(24) y: Young Generation Statistics:
[2026-04-03T03:28:21.036+0600][25.614s][info][gc,heap     ] GC(24) y:                Mark Start          Mark End        Relocate Start      Relocate End    
[2026-04-03T03:28:21.036+0600][25.614s][info][gc,heap     ] GC(24) y:      Used:       98M (7%)          136M (9%)          100M (7%)           58M (4%)     
[2026-04-03T03:28:21.036+0600][25.615s][info][gc,heap     ] GC(24) y:      Live:         -                10M (1%)            2M (0%)            1M (0%)     
[2026-04-03T03:28:21.036+0600][25.615s][info][gc,heap     ] GC(24) y:   Garbage:         -                87M (6%)           53M (4%)            0M (0%)     
[2026-04-03T03:28:21.036+0600][25.615s][info][gc,heap     ] GC(24) y: Allocated:         -                38M (3%)           44M (3%)           56M (4%)     
[2026-04-03T03:28:21.036+0600][25.615s][info][gc,heap     ] GC(24) y: Reclaimed:         -                  -                34M (2%)           87M (6%)     
[2026-04-03T03:28:21.036+0600][25.615s][info][gc,heap     ] GC(24) y:  Promoted:         -                  -                 7M (0%)            8M (1%)     
[2026-04-03T03:28:21.036+0600][25.615s][info][gc,heap     ] GC(24) y: Compacted:         -                  -                  -                 1M (0%)     
[2026-04-03T03:28:21.036+0600][25.615s][info][gc,phases   ] GC(24) y: Young Generation 654M(44%)->658M(44%) 0.147s
[2026-04-03T03:28:21.036+0600][25.615s][info][gc          ] GC(24) Minor Collection (Allocation Rate) 654M(44%)->658M(44%) 0.147s
[2026-04-03T03:28:21.102+0600][25.680s][info][gc,phases   ] GC(20) O: Concurrent Mark 1299.144ms
[2026-04-03T03:28:21.102+0600][25.681s][info][gc,phases   ] GC(20) O: Pause Mark End 0.022ms
[2026-04-03T03:28:21.103+0600][25.681s][info][gc,phases   ] GC(20) O: Concurrent Mark Free 0.001ms
[2026-04-03T03:28:21.128+0600][25.706s][info][gc,phases   ] GC(20) O: Concurrent Process Non-Strong 25.328ms
[2026-04-03T03:28:21.128+0600][25.706s][info][gc,phases   ] GC(20) O: Concurrent Reset Relocation Set 0.003ms
[2026-04-03T03:28:21.136+0600][25.714s][info][gc          ] GC(25) Minor Collection (Allocation Rate)
[2026-04-03T03:28:21.136+0600][25.714s][info][gc,task     ] GC(25) Using 2 Workers for Young Generation
[2026-04-03T03:28:21.136+0600][25.714s][info][gc,phases   ] GC(25) y: Young Generation
[2026-04-03T03:28:21.137+0600][25.715s][info][gc,phases   ] GC(25) y: Pause Mark Start 0.052ms
[2026-04-03T03:28:21.161+0600][25.739s][info][gc,phases   ] GC(20) O: Concurrent Select Relocation Set 32.961ms
[2026-04-03T03:28:21.197+0600][25.775s][info][gc,phases   ] GC(25) y: Concurrent Mark 59.798ms
[2026-04-03T03:28:21.197+0600][25.775s][info][gc,phases   ] GC(25) y: Pause Mark End 0.023ms
[2026-04-03T03:28:21.197+0600][25.775s][info][gc,phases   ] GC(25) y: Concurrent Mark Free 0.001ms
[2026-04-03T03:28:21.197+0600][25.775s][info][gc,phases   ] GC(25) y: Concurrent Reset Relocation Set 0.014ms
[2026-04-03T03:28:21.199+0600][25.777s][info][gc,reloc    ] GC(25) y: Using tenuring threshold: 2 (Computed)
[2026-04-03T03:28:21.200+0600][25.778s][info][gc,phases   ] GC(25) y: Concurrent Select Relocation Set 2.606ms
[2026-04-03T03:28:21.200+0600][25.778s][info][gc,phases   ] GC(25) y: Pause Relocate Start 0.014ms
[2026-04-03T03:28:21.207+0600][25.786s][info][gc,phases   ] GC(25) y: Concurrent Relocate 7.331ms
[2026-04-03T03:28:21.207+0600][25.786s][info][gc,alloc    ] GC(25) y:                         Mark Start        Mark End      Relocate Start    Relocate End   
[2026-04-03T03:28:21.207+0600][25.786s][info][gc,alloc    ] GC(25) y: Allocation Stalls:          0                0                0                0         
[2026-04-03T03:28:21.207+0600][25.786s][info][gc,load     ] GC(25) y: Load: 3.91 (33%) / 4.47 (37%) / 5.02 (42%)
[2026-04-03T03:28:21.207+0600][25.786s][info][gc,mmu      ] GC(25) y: MMU: 2ms/92.4%, 5ms/97.0%, 10ms/98.5%, 20ms/99.2%, 50ms/99.5%, 100ms/99.7%
[2026-04-03T03:28:21.207+0600][25.786s][info][gc,marking  ] GC(25) y: Mark: 2 stripe(s), 11 proactive flush(es), 2 terminate flush(es), 0 completion(s), 0 continuation(s) 
[2026-04-03T03:28:21.207+0600][25.786s][info][gc,marking  ] GC(25) y: Mark Stack Usage: 32M
[2026-04-03T03:28:21.207+0600][25.786s][info][gc,nmethod  ] GC(25) y: NMethods: 5354 registered, 233 unregistered
[2026-04-03T03:28:21.207+0600][25.786s][info][gc,metaspace] GC(25) y: Metaspace: 68M used, 69M committed, 1088M reserved
[2026-04-03T03:28:21.207+0600][25.786s][info][gc,reloc    ] GC(25) y:                        Candidates     Selected     In-Place         Size        Empty    Relocated 
[2026-04-03T03:28:21.207+0600][25.786s][info][gc,reloc    ] GC(25) y: Small Pages:                   51           42            0         102M          14M           3M 
[2026-04-03T03:28:21.207+0600][25.786s][info][gc,reloc    ] GC(25) y: Medium Pages:                   1            0            0          32M          32M           0M 
[2026-04-03T03:28:21.207+0600][25.786s][info][gc,reloc    ] GC(25) y: Large Pages:                    0            0            0           0M           0M           0M 
[2026-04-03T03:28:21.207+0600][25.786s][info][gc,reloc    ] GC(25) y: Forwarding Usage: 2M
[2026-04-03T03:28:21.207+0600][25.786s][info][gc,reloc    ] GC(25) y: Age Table:
[2026-04-03T03:28:21.207+0600][25.786s][info][gc,reloc    ] GC(25) y:                    Live             Garbage             Small              Medium             Large        
[2026-04-03T03:28:21.207+0600][25.786s][info][gc,reloc    ] GC(25) y: Eden               2M (0%)          125M (8%)          48 / 39             1 / 0              0 / 0        
[2026-04-03T03:28:21.207+0600][25.786s][info][gc,reloc    ] GC(25) y: Survivor 1         0M (0%)            5M (0%)           3 / 3              0 / 0              0 / 0        
[2026-04-03T03:28:21.207+0600][25.786s][info][gc,heap     ] GC(25) y: Min Capacity: 8M(1%)
[2026-04-03T03:28:21.207+0600][25.786s][info][gc,heap     ] GC(25) y: Max Capacity: 1500M(100%)
[2026-04-03T03:28:21.207+0600][25.786s][info][gc,heap     ] GC(25) y: Soft Max Capacity: 1500M(100%)
[2026-04-03T03:28:21.207+0600][25.786s][info][gc,heap     ] GC(25) y: Heap Statistics:
[2026-04-03T03:28:21.207+0600][25.786s][info][gc,heap     ] GC(25) y:                Mark Start          Mark End        Relocate Start      Relocate End           High               Low         
[2026-04-03T03:28:21.207+0600][25.786s][info][gc,heap     ] GC(25) y:  Capacity:     1500M (100%)       1500M (100%)       1500M (100%)       1500M (100%)       1500M (100%)       1500M (100%)   
[2026-04-03T03:28:21.207+0600][25.786s][info][gc,heap     ] GC(25) y:      Free:      898M (60%)         864M (58%)         910M (61%)         986M (66%)         986M (66%)         864M (58%)    
[2026-04-03T03:28:21.208+0600][25.786s][info][gc,heap     ] GC(25) y:      Used:      602M (40%)         636M (42%)         590M (39%)         514M (34%)         636M (42%)         514M (34%)    
[2026-04-03T03:28:21.208+0600][25.786s][info][gc,heap     ] GC(25) y: Young Generation Statistics:
[2026-04-03T03:28:21.208+0600][25.786s][info][gc,heap     ] GC(25) y:                Mark Start          Mark End        Relocate Start      Relocate End    
[2026-04-03T03:28:21.208+0600][25.786s][info][gc,heap     ] GC(25) y:      Used:      134M (9%)          168M (11%)         122M (8%)           46M (3%)     
[2026-04-03T03:28:21.208+0600][25.786s][info][gc,heap     ] GC(25) y:      Live:         -                 3M (0%)            3M (0%)            3M (0%)     
[2026-04-03T03:28:21.208+0600][25.786s][info][gc,heap     ] GC(25) y:   Garbage:         -               130M (9%)           84M (6%)            0M (0%)     
[2026-04-03T03:28:21.208+0600][25.786s][info][gc,heap     ] GC(25) y: Allocated:         -                34M (2%)           34M (2%)           42M (3%)     
[2026-04-03T03:28:21.208+0600][25.786s][info][gc,heap     ] GC(25) y: Reclaimed:         -                  -                46M (3%)          130M (9%)     
[2026-04-03T03:28:21.208+0600][25.786s][info][gc,heap     ] GC(25) y:  Promoted:         -                  -                 0M (0%)            0M (0%)     
[2026-04-03T03:28:21.208+0600][25.786s][info][gc,heap     ] GC(25) y: Compacted:         -                  -                  -                 3M (0%)     
[2026-04-03T03:28:21.208+0600][25.786s][info][gc,phases   ] GC(25) y: Young Generation 602M(40%)->514M(34%) 0.071s
[2026-04-03T03:28:21.208+0600][25.786s][info][gc          ] GC(25) Minor Collection (Allocation Rate) 602M(40%)->514M(34%) 0.072s
[2026-04-03T03:28:21.208+0600][25.786s][info][gc,task     ] GC(20) O: Using 3 Workers for Old Generation
[2026-04-03T03:28:21.232+0600][25.811s][info][gc,task     ] GC(20) O: Using 1 Workers for Old Generation
[2026-04-03T03:28:21.233+0600][25.811s][info][gc,phases   ] GC(20) O: Concurrent Remap Roots 24.946ms
[2026-04-03T03:28:21.233+0600][25.811s][info][gc,phases   ] GC(20) O: Pause Relocate Start 0.022ms
[2026-04-03T03:28:21.397+0600][25.975s][info][gc,phases   ] GC(20) O: Concurrent Relocate 163.756ms
[2026-04-03T03:28:21.397+0600][25.975s][info][gc,alloc    ] GC(20) O:                         Mark Start        Mark End      Relocate Start    Relocate End   
[2026-04-03T03:28:21.397+0600][25.975s][info][gc,alloc    ] GC(20) O: Allocation Stalls:          0                0                0                0         
[2026-04-03T03:28:21.397+0600][25.975s][info][gc,load     ] GC(20) O: Load: 3.91 (33%) / 4.47 (37%) / 5.02 (42%)
[2026-04-03T03:28:21.397+0600][25.975s][info][gc,mmu      ] GC(20) O: MMU: 2ms/92.4%, 5ms/97.0%, 10ms/98.5%, 20ms/99.2%, 50ms/99.5%, 100ms/99.7%
[2026-04-03T03:28:21.397+0600][25.975s][info][gc,marking  ] GC(20) O: Mark: 1 stripe(s), 2 proactive flush(es), 1 terminate flush(es), 0 completion(s), 0 continuation(s) 
[2026-04-03T03:28:21.397+0600][25.975s][info][gc,marking  ] GC(20) O: Mark Stack Usage: 32M
[2026-04-03T03:28:21.397+0600][25.975s][info][gc,nmethod  ] GC(20) O: NMethods: 5356 registered, 233 unregistered
[2026-04-03T03:28:21.397+0600][25.975s][info][gc,metaspace] GC(20) O: Metaspace: 68M used, 69M committed, 1088M reserved
[2026-04-03T03:28:21.397+0600][25.975s][info][gc,ref      ] GC(20) O:                       Encountered   Discovered     Enqueued 
[2026-04-03T03:28:21.397+0600][25.975s][info][gc,ref      ] GC(20) O: Soft References:             4961            0            0 
[2026-04-03T03:28:21.397+0600][25.975s][info][gc,ref      ] GC(20) O: Weak References:             6925         5679          622 
[2026-04-03T03:28:21.397+0600][25.975s][info][gc,ref      ] GC(20) O: Final References:              82            0            0 
[2026-04-03T03:28:21.397+0600][25.975s][info][gc,ref      ] GC(20) O: Phantom References:           600          213            0 
[2026-04-03T03:28:21.397+0600][25.975s][info][gc,reloc    ] GC(20) O:                        Candidates     Selected     In-Place         Size        Empty    Relocated 
[2026-04-03T03:28:21.397+0600][25.975s][info][gc,reloc    ] GC(20) O: Small Pages:                  170           23            0         340M          82M          10M 
[2026-04-03T03:28:21.397+0600][25.975s][info][gc,reloc    ] GC(20) O: Medium Pages:                   2            1            0          64M           0M           5M 
[2026-04-03T03:28:21.397+0600][25.975s][info][gc,reloc    ] GC(20) O: Large Pages:                    6            0            0          60M          50M           0M 
[2026-04-03T03:28:21.397+0600][25.975s][info][gc,reloc    ] GC(20) O: Forwarding Usage: 35M
[2026-04-03T03:28:21.397+0600][25.975s][info][gc,heap     ] GC(20) O: Min Capacity: 8M(1%)
[2026-04-03T03:28:21.397+0600][25.975s][info][gc,heap     ] GC(20) O: Max Capacity: 1500M(100%)
[2026-04-03T03:28:21.397+0600][25.975s][info][gc,heap     ] GC(20) O: Soft Max Capacity: 1500M(100%)
[2026-04-03T03:28:21.397+0600][25.975s][info][gc,heap     ] GC(20) O: Heap Statistics:
[2026-04-03T03:28:21.397+0600][25.975s][info][gc,heap     ] GC(20) O:                Mark Start          Mark End        Relocate Start      Relocate End           High               Low         
[2026-04-03T03:28:21.397+0600][25.975s][info][gc,heap     ] GC(20) O:  Capacity:     1500M (100%)       1500M (100%)       1500M (100%)       1500M (100%)       1500M (100%)       1500M (100%)   
[2026-04-03T03:28:21.397+0600][25.975s][info][gc,heap     ] GC(20) O:      Free:      486M (32%)         780M (52%)         986M (66%)        1020M (68%)        1060M (71%)         368M (25%)    
[2026-04-03T03:28:21.397+0600][25.975s][info][gc,heap     ] GC(20) O:      Used:     1014M (68%)         720M (48%)         514M (34%)         480M (32%)        1132M (75%)         440M (29%)    
[2026-04-03T03:28:21.397+0600][25.975s][info][gc,heap     ] GC(20) O: Old Generation Statistics:
[2026-04-03T03:28:21.397+0600][25.975s][info][gc,heap     ] GC(20) O:                Mark Start          Mark End        Relocate Start      Relocate End    
[2026-04-03T03:28:21.397+0600][25.975s][info][gc,heap     ] GC(20) O:      Used:      464M (31%)         600M (40%)         468M (31%)         386M (26%)    
[2026-04-03T03:28:21.397+0600][25.975s][info][gc,heap     ] GC(20) O:      Live:         -               216M (14%)         216M (14%)         216M (14%)    
[2026-04-03T03:28:21.397+0600][25.975s][info][gc,heap     ] GC(20) O:   Garbage:         -               247M (16%)         115M (8%)            9M (1%)     
[2026-04-03T03:28:21.397+0600][25.975s][info][gc,heap     ] GC(20) O: Allocated:         -               136M (9%)          136M (9%)          159M (11%)    
[2026-04-03T03:28:21.397+0600][25.975s][info][gc,heap     ] GC(20) O: Reclaimed:         -                  -               132M (9%)          237M (16%)    
[2026-04-03T03:28:21.397+0600][25.975s][info][gc,heap     ] GC(20) O: Compacted:         -                  -                  -                58M (4%)     
[2026-04-03T03:28:21.397+0600][25.975s][info][gc,phases   ] GC(20) O: Old Generation 690M(46%)->480M(32%) 1.594s
[2026-04-03T03:28:21.397+0600][25.975s][info][gc          ] GC(20) Major Collection (Allocation Rate) 1014M(68%)->480M(32%) 2.026s
[2026-04-03T03:28:22.812+0600][27.390s][info][gc          ] GC(26) Major Collection (Allocation Rate)
[2026-04-03T03:28:22.812+0600][27.390s][info][gc,task     ] GC(26) Using 2 Workers for Young Generation
[2026-04-03T03:28:22.812+0600][27.390s][info][gc,task     ] GC(26) Using 1 Workers for Old Generation
[2026-04-03T03:28:22.812+0600][27.390s][info][gc,phases   ] GC(26) Y: Young Generation
[2026-04-03T03:28:22.812+0600][27.390s][info][gc,phases   ] GC(26) Y: Pause Mark Start (Major) 0.026ms
[2026-04-03T03:28:23.151+0600][27.729s][info][gc,phases   ] GC(26) Y: Concurrent Mark 338.247ms
[2026-04-03T03:28:23.151+0600][27.729s][info][gc,phases   ] GC(26) Y: Pause Mark End 0.067ms
[2026-04-03T03:28:23.151+0600][27.730s][info][gc,phases   ] GC(26) Y: Concurrent Mark Free 0.003ms
[2026-04-03T03:28:23.151+0600][27.730s][info][gc,phases   ] GC(26) Y: Concurrent Reset Relocation Set 0.011ms
[2026-04-03T03:28:23.158+0600][27.736s][info][gc,reloc    ] GC(26) Y: Using tenuring threshold: 3 (Computed)
[2026-04-03T03:28:23.183+0600][27.762s][info][gc,phases   ] GC(26) Y: Concurrent Select Relocation Set 32.020ms
[2026-04-03T03:28:23.184+0600][27.762s][info][gc,phases   ] GC(26) Y: Pause Relocate Start 0.059ms
[2026-04-03T03:28:23.297+0600][27.875s][info][gc,phases   ] GC(26) Y: Concurrent Relocate 112.701ms
[2026-04-03T03:28:23.297+0600][27.875s][info][gc,alloc    ] GC(26) Y:                         Mark Start        Mark End      Relocate Start    Relocate End   
[2026-04-03T03:28:23.297+0600][27.875s][info][gc,alloc    ] GC(26) Y: Allocation Stalls:          0                0                0                0         
[2026-04-03T03:28:23.297+0600][27.875s][info][gc,load     ] GC(26) Y: Load: 3.91 (33%) / 4.47 (37%) / 5.02 (42%)
[2026-04-03T03:28:23.297+0600][27.875s][info][gc,mmu      ] GC(26) Y: MMU: 2ms/92.4%, 5ms/97.0%, 10ms/98.5%, 20ms/99.2%, 50ms/99.5%, 100ms/99.7%
[2026-04-03T03:28:23.297+0600][27.875s][info][gc,marking  ] GC(26) Y: Mark: 2 stripe(s), 2 proactive flush(es), 1 terminate flush(es), 0 completion(s), 0 continuation(s) 
[2026-04-03T03:28:23.297+0600][27.875s][info][gc,marking  ] GC(26) Y: Mark Stack Usage: 32M
[2026-04-03T03:28:23.297+0600][27.875s][info][gc,nmethod  ] GC(26) Y: NMethods: 5532 registered, 233 unregistered
[2026-04-03T03:28:23.297+0600][27.875s][info][gc,metaspace] GC(26) Y: Metaspace: 68M used, 69M committed, 1088M reserved
[2026-04-03T03:28:23.297+0600][27.875s][info][gc,reloc    ] GC(26) Y:                        Candidates     Selected     In-Place         Size        Empty    Relocated 
[2026-04-03T03:28:23.297+0600][27.875s][info][gc,reloc    ] GC(26) Y: Small Pages:                  246          219            0         492M          12M          28M 
[2026-04-03T03:28:23.297+0600][27.875s][info][gc,reloc    ] GC(26) Y: Medium Pages:                   1            0            0          32M           0M           0M 
[2026-04-03T03:28:23.297+0600][27.875s][info][gc,reloc    ] GC(26) Y: Large Pages:                    8            0            0          72M          24M           0M 
[2026-04-03T03:28:23.297+0600][27.875s][info][gc,reloc    ] GC(26) Y: Forwarding Usage: 35M
[2026-04-03T03:28:23.297+0600][27.875s][info][gc,reloc    ] GC(26) Y: Age Table:
[2026-04-03T03:28:23.297+0600][27.875s][info][gc,reloc    ] GC(26) Y:                    Live             Garbage             Small              Medium             Large        
[2026-04-03T03:28:23.297+0600][27.876s][info][gc,reloc    ] GC(26) Y: Eden              81M (5%)          502M (33%)        240 / 215            1 / 0              8 / 0        
[2026-04-03T03:28:23.297+0600][27.876s][info][gc,reloc    ] GC(26) Y: Survivor 1         2M (0%)            3M (0%)           3 / 2              0 / 0              0 / 0        
[2026-04-03T03:28:23.297+0600][27.876s][info][gc,reloc    ] GC(26) Y: Survivor 2         0M (0%)            5M (0%)           3 / 2              0 / 0              0 / 0        
[2026-04-03T03:28:23.297+0600][27.876s][info][gc,heap     ] GC(26) Y: Min Capacity: 8M(1%)
[2026-04-03T03:28:23.297+0600][27.876s][info][gc,heap     ] GC(26) Y: Max Capacity: 1500M(100%)
[2026-04-03T03:28:23.297+0600][27.876s][info][gc,heap     ] GC(26) Y: Soft Max Capacity: 1500M(100%)
[2026-04-03T03:28:23.297+0600][27.876s][info][gc,heap     ] GC(26) Y: Heap Statistics:
[2026-04-03T03:28:23.297+0600][27.876s][info][gc,heap     ] GC(26) Y:                Mark Start          Mark End        Relocate Start      Relocate End           High               Low         
[2026-04-03T03:28:23.297+0600][27.876s][info][gc,heap     ] GC(26) Y:  Capacity:     1500M (100%)       1500M (100%)       1500M (100%)       1500M (100%)       1500M (100%)       1500M (100%)   
[2026-04-03T03:28:23.297+0600][27.876s][info][gc,heap     ] GC(26) Y:      Free:      518M (35%)         186M (12%)         200M (13%)         572M (38%)         578M (39%)         180M (12%)    
[2026-04-03T03:28:23.297+0600][27.876s][info][gc,heap     ] GC(26) Y:      Used:      982M (65%)        1314M (88%)        1300M (87%)         928M (62%)        1320M (88%)         922M (61%)    
[2026-04-03T03:28:23.297+0600][27.876s][info][gc,heap     ] GC(26) Y: Young Generation Statistics:
[2026-04-03T03:28:23.297+0600][27.876s][info][gc,heap     ] GC(26) Y:                Mark Start          Mark End        Relocate Start      Relocate End    
[2026-04-03T03:28:23.297+0600][27.876s][info][gc,heap     ] GC(26) Y:      Used:      596M (40%)         928M (62%)         914M (61%)         542M (36%)    
[2026-04-03T03:28:23.297+0600][27.876s][info][gc,heap     ] GC(26) Y:      Live:         -                84M (6%)           84M (6%)           84M (6%)     
[2026-04-03T03:28:23.297+0600][27.876s][info][gc,heap     ] GC(26) Y:   Garbage:         -               511M (34%)         475M (32%)          32M (2%)     
[2026-04-03T03:28:23.297+0600][27.876s][info][gc,heap     ] GC(26) Y: Allocated:         -               332M (22%)         354M (24%)         425M (28%)    
[2026-04-03T03:28:23.297+0600][27.876s][info][gc,heap     ] GC(26) Y: Reclaimed:         -                  -                36M (2%)          479M (32%)    
[2026-04-03T03:28:23.297+0600][27.876s][info][gc,heap     ] GC(26) Y:  Promoted:         -                  -                 0M (0%)            0M (0%)     
[2026-04-03T03:28:23.297+0600][27.876s][info][gc,heap     ] GC(26) Y: Compacted:         -                  -                  -                34M (2%)     
[2026-04-03T03:28:23.298+0600][27.876s][info][gc,phases   ] GC(26) Y: Young Generation 982M(65%)->928M(62%) 0.485s
[2026-04-03T03:28:23.298+0600][27.876s][info][gc,phases   ] GC(26) O: Old Generation
[2026-04-03T03:28:23.302+0600][27.880s][info][gc          ] GC(27) Minor Collection (Allocation Rate)
[2026-04-03T03:28:23.302+0600][27.880s][info][gc,task     ] GC(27) Using 2 Workers for Young Generation
[2026-04-03T03:28:23.302+0600][27.880s][info][gc,phases   ] GC(27) y: Young Generation
[2026-04-03T03:28:23.302+0600][27.880s][info][gc,phases   ] GC(27) y: Pause Mark Start 0.038ms
[2026-04-03T03:28:23.697+0600][28.275s][info][gc,phases   ] GC(27) y: Concurrent Mark 394.487ms
[2026-04-03T03:28:23.697+0600][28.275s][info][gc,phases   ] GC(27) y: Pause Mark End 0.048ms
[2026-04-03T03:28:23.697+0600][28.276s][info][gc,phases   ] GC(27) y: Concurrent Mark Free 0.003ms
[2026-04-03T03:28:23.697+0600][28.276s][info][gc,phases   ] GC(27) y: Concurrent Reset Relocation Set 0.058ms
[2026-04-03T03:28:23.704+0600][28.282s][info][gc,reloc    ] GC(27) y: Using tenuring threshold: 4 (Computed)
[2026-04-03T03:28:23.724+0600][28.303s][info][gc,phases   ] GC(27) y: Concurrent Select Relocation Set 26.963ms
[2026-04-03T03:28:23.725+0600][28.303s][info][gc,phases   ] GC(27) y: Pause Relocate Start 0.065ms
[2026-04-03T03:28:23.910+0600][28.488s][info][gc,phases   ] GC(27) y: Concurrent Relocate 185.070ms
[2026-04-03T03:28:23.910+0600][28.488s][info][gc,alloc    ] GC(27) y:                         Mark Start        Mark End      Relocate Start    Relocate End   
[2026-04-03T03:28:23.910+0600][28.489s][info][gc,alloc    ] GC(27) y: Allocation Stalls:          0                0                0                0         
[2026-04-03T03:28:23.910+0600][28.489s][info][gc,load     ] GC(27) y: Load: 3.91 (33%) / 4.47 (37%) / 5.02 (42%)
[2026-04-03T03:28:23.910+0600][28.489s][info][gc,mmu      ] GC(27) y: MMU: 2ms/92.4%, 5ms/97.0%, 10ms/98.5%, 20ms/99.2%, 50ms/99.5%, 100ms/99.7%
[2026-04-03T03:28:23.910+0600][28.489s][info][gc,marking  ] GC(27) y: Mark: 2 stripe(s), 2 proactive flush(es), 1 terminate flush(es), 0 completion(s), 0 continuation(s) 
[2026-04-03T03:28:23.910+0600][28.489s][info][gc,marking  ] GC(27) y: Mark Stack Usage: 32M
[2026-04-03T03:28:23.910+0600][28.489s][info][gc,nmethod  ] GC(27) y: NMethods: 5537 registered, 233 unregistered
[2026-04-03T03:28:23.910+0600][28.489s][info][gc,metaspace] GC(27) y: Metaspace: 68M used, 69M committed, 1088M reserved
[2026-04-03T03:28:23.910+0600][28.489s][info][gc,reloc    ] GC(27) y:                        Candidates     Selected     In-Place         Size        Empty    Relocated 
[2026-04-03T03:28:23.910+0600][28.489s][info][gc,reloc    ] GC(27) y: Small Pages:                  193          127            0         386M           0M          45M 
[2026-04-03T03:28:23.910+0600][28.489s][info][gc,reloc    ] GC(27) y: Medium Pages:                   2            0            0          64M          64M           0M 
[2026-04-03T03:28:23.910+0600][28.489s][info][gc,reloc    ] GC(27) y: Large Pages:                   10            0            0          96M          48M           0M 
[2026-04-03T03:28:23.910+0600][28.489s][info][gc,reloc    ] GC(27) y: Forwarding Usage: 52M
[2026-04-03T03:28:23.910+0600][28.489s][info][gc,reloc    ] GC(27) y: Age Table:
[2026-04-03T03:28:23.910+0600][28.489s][info][gc,reloc    ] GC(27) y:                    Live             Garbage             Small              Medium             Large        
[2026-04-03T03:28:23.910+0600][28.489s][info][gc,reloc    ] GC(27) y: Eden             126M (8%)          295M (20%)        171 / 115            1 / 0              6 / 0        
[2026-04-03T03:28:23.911+0600][28.489s][info][gc,reloc    ] GC(27) y: Survivor 1        27M (2%)           88M (6%)          18 / 11             1 / 0              4 / 0        
[2026-04-03T03:28:23.911+0600][28.489s][info][gc,reloc    ] GC(27) y: Survivor 2         2M (0%)            1M (0%)           2 / 0              0 / 0              0 / 0        
[2026-04-03T03:28:23.911+0600][28.489s][info][gc,reloc    ] GC(27) y: Survivor 3         0M (0%)            3M (0%)           2 / 1              0 / 0              0 / 0        
[2026-04-03T03:28:23.911+0600][28.489s][info][gc,heap     ] GC(27) y: Min Capacity: 8M(1%)
[2026-04-03T03:28:23.911+0600][28.489s][info][gc,heap     ] GC(27) y: Max Capacity: 1500M(100%)
[2026-04-03T03:28:23.911+0600][28.489s][info][gc,heap     ] GC(27) y: Soft Max Capacity: 1500M(100%)
[2026-04-03T03:28:23.911+0600][28.489s][info][gc,heap     ] GC(27) y: Heap Statistics:
[2026-04-03T03:28:23.911+0600][28.489s][info][gc,heap     ] GC(27) y:                Mark Start          Mark End        Relocate Start      Relocate End           High               Low         
[2026-04-03T03:28:23.911+0600][28.489s][info][gc,heap     ] GC(27) y:  Capacity:     1500M (100%)       1500M (100%)       1500M (100%)       1500M (100%)       1500M (100%)       1500M (100%)   
[2026-04-03T03:28:23.911+0600][28.489s][info][gc,heap     ] GC(27) y:      Free:      568M (38%)         198M (13%)         286M (19%)         394M (26%)         568M (38%)         192M (13%)    
[2026-04-03T03:28:23.911+0600][28.489s][info][gc,heap     ] GC(27) y:      Used:      932M (62%)        1302M (87%)        1214M (81%)        1106M (74%)        1308M (87%)         932M (62%)    
[2026-04-03T03:28:23.911+0600][28.489s][info][gc,heap     ] GC(27) y: Young Generation Statistics:
[2026-04-03T03:28:23.911+0600][28.489s][info][gc,heap     ] GC(27) y:                Mark Start          Mark End        Relocate Start      Relocate End    
[2026-04-03T03:28:23.911+0600][28.489s][info][gc,heap     ] GC(27) y:      Used:      546M (36%)         916M (61%)         828M (55%)         720M (48%)    
[2026-04-03T03:28:23.911+0600][28.489s][info][gc,heap     ] GC(27) y:      Live:         -               156M (10%)         156M (10%)         156M (10%)    
[2026-04-03T03:28:23.911+0600][28.489s][info][gc,heap     ] GC(27) y:   Garbage:         -               389M (26%)         277M (18%)           8M (1%)     
[2026-04-03T03:28:23.911+0600][28.489s][info][gc,heap     ] GC(27) y: Allocated:         -               370M (25%)         394M (26%)         554M (37%)    
[2026-04-03T03:28:23.911+0600][28.489s][info][gc,heap     ] GC(27) y: Reclaimed:         -                  -               112M (7%)          380M (25%)    
[2026-04-03T03:28:23.911+0600][28.489s][info][gc,heap     ] GC(27) y:  Promoted:         -                  -                 0M (0%)            0M (0%)     
[2026-04-03T03:28:23.911+0600][28.489s][info][gc,heap     ] GC(27) y: Compacted:         -                  -                  -                89M (6%)     
[2026-04-03T03:28:23.911+0600][28.489s][info][gc,phases   ] GC(27) y: Young Generation 932M(62%)->1106M(74%) 0.608s
[2026-04-03T03:28:23.911+0600][28.489s][info][gc          ] GC(27) Minor Collection (Allocation Rate) 932M(62%)->1106M(74%) 0.609s
[2026-04-03T03:28:23.911+0600][28.489s][info][gc          ] GC(28) Minor Collection (Allocation Rate)
[2026-04-03T03:28:23.911+0600][28.489s][info][gc,task     ] GC(28) Using 2 Workers for Young Generation
[2026-04-03T03:28:23.911+0600][28.489s][info][gc,phases   ] GC(28) y: Young Generation
[2026-04-03T03:28:23.911+0600][28.490s][info][gc,phases   ] GC(28) y: Pause Mark Start 0.050ms
[2026-04-03T03:28:24.423+0600][29.002s][info][gc,phases   ] GC(26) O: Concurrent Mark 1125.784ms
[2026-04-03T03:28:24.424+0600][29.002s][info][gc,phases   ] GC(26) O: Pause Mark End 0.057ms
[2026-04-03T03:28:24.424+0600][29.003s][info][gc,phases   ] GC(26) O: Concurrent Mark Free 0.003ms
[2026-04-03T03:28:24.458+0600][29.036s][info][gc,phases   ] GC(26) O: Concurrent Process Non-Strong 33.780ms
[2026-04-03T03:28:24.458+0600][29.037s][info][gc,phases   ] GC(26) O: Concurrent Reset Relocation Set 0.013ms
[2026-04-03T03:28:24.469+0600][29.047s][info][gc,phases   ] GC(26) O: Concurrent Select Relocation Set 10.535ms
[2026-04-03T03:28:24.621+0600][29.199s][info][gc,phases   ] GC(28) y: Concurrent Mark 709.285ms
[2026-04-03T03:28:24.621+0600][29.199s][info][gc,phases   ] GC(28) y: Pause Mark End 0.051ms
[2026-04-03T03:28:24.621+0600][29.200s][info][gc,phases   ] GC(28) y: Concurrent Mark Free 0.003ms
[2026-04-03T03:28:24.621+0600][29.200s][info][gc,phases   ] GC(28) y: Concurrent Reset Relocation Set 0.049ms
[2026-04-03T03:28:24.627+0600][29.206s][info][gc,reloc    ] GC(28) y: Using tenuring threshold: 1 (Computed)
[2026-04-03T03:28:24.724+0600][29.303s][info][gc,phases   ] GC(28) y: Concurrent Select Relocation Set 102.763ms
[2026-04-03T03:28:24.725+0600][29.303s][info][gc,phases   ] GC(28) y: Pause Relocate Start 0.036ms
[2026-04-03T03:28:25.001+0600][29.579s][info][gc,phases   ] GC(28) y: Concurrent Relocate 275.616ms
[2026-04-03T03:28:25.001+0600][29.579s][info][gc,alloc    ] GC(28) y:                         Mark Start        Mark End      Relocate Start    Relocate End   
[2026-04-03T03:28:25.001+0600][29.579s][info][gc,alloc    ] GC(28) y: Allocation Stalls:          0                0                0                0         
[2026-04-03T03:28:25.001+0600][29.579s][info][gc,load     ] GC(28) y: Load: 3.91 (33%) / 4.47 (37%) / 5.02 (42%)
[2026-04-03T03:28:25.001+0600][29.579s][info][gc,mmu      ] GC(28) y: MMU: 2ms/92.4%, 5ms/97.0%, 10ms/98.5%, 20ms/99.2%, 50ms/99.5%, 100ms/99.7%
[2026-04-03T03:28:25.001+0600][29.579s][info][gc,marking  ] GC(28) y: Mark: 2 stripe(s), 2 proactive flush(es), 1 terminate flush(es), 0 completion(s), 0 continuation(s) 
[2026-04-03T03:28:25.001+0600][29.579s][info][gc,marking  ] GC(28) y: Mark Stack Usage: 32M
[2026-04-03T03:28:25.001+0600][29.579s][info][gc,nmethod  ] GC(28) y: NMethods: 5427 registered, 366 unregistered
[2026-04-03T03:28:25.001+0600][29.579s][info][gc,metaspace] GC(28) y: Metaspace: 68M used, 69M committed, 1088M reserved
[2026-04-03T03:28:25.001+0600][29.579s][info][gc,reloc    ] GC(28) y:                        Candidates     Selected     In-Place         Size        Empty    Relocated 
[2026-04-03T03:28:25.001+0600][29.579s][info][gc,reloc    ] GC(28) y: Small Pages:                  296          221            0         592M           2M          38M 
[2026-04-03T03:28:25.001+0600][29.579s][info][gc,reloc    ] GC(28) y: Medium Pages:                   1            0            0          32M          32M           0M 
[2026-04-03T03:28:25.001+0600][29.579s][info][gc,reloc    ] GC(28) y: Large Pages:                   10            0            0          96M          18M           0M 
[2026-04-03T03:28:25.001+0600][29.579s][info][gc,reloc    ] GC(28) y: Forwarding Usage: 36M
[2026-04-03T03:28:25.001+0600][29.579s][info][gc,reloc    ] GC(28) y: Age Table:
[2026-04-03T03:28:25.001+0600][29.579s][info][gc,reloc    ] GC(28) y:                    Live             Garbage             Small              Medium             Large        
[2026-04-03T03:28:25.001+0600][29.579s][info][gc,reloc    ] GC(28) y: Eden              85M (6%)          452M (30%)        229 / 207            1 / 0              6 / 0        
[2026-04-03T03:28:25.001+0600][29.579s][info][gc,reloc    ] GC(28) y: Survivor 1       126M (8%)            9M (1%)          53 / 3              0 / 0              3 / 0        
[2026-04-03T03:28:25.001+0600][29.579s][info][gc,reloc    ] GC(28) y: Survivor 2         3M (0%)           34M (2%)          10 / 8              0 / 0              1 / 0        
[2026-04-03T03:28:25.001+0600][29.579s][info][gc,reloc    ] GC(28) y: Survivor 3         0M (0%)            3M (0%)           2 / 2              0 / 0              0 / 0        
[2026-04-03T03:28:25.001+0600][29.579s][info][gc,reloc    ] GC(28) y: Survivor 4         0M (0%)            3M (0%)           2 / 1              0 / 0              0 / 0        
[2026-04-03T03:28:25.001+0600][29.579s][info][gc,heap     ] GC(28) y: Min Capacity: 8M(1%)
[2026-04-03T03:28:25.001+0600][29.579s][info][gc,heap     ] GC(28) y: Max Capacity: 1500M(100%)
[2026-04-03T03:28:25.001+0600][29.579s][info][gc,heap     ] GC(28) y: Soft Max Capacity: 1500M(100%)
[2026-04-03T03:28:25.001+0600][29.579s][info][gc,heap     ] GC(28) y: Heap Statistics:
[2026-04-03T03:28:25.001+0600][29.579s][info][gc,heap     ] GC(28) y:                Mark Start          Mark End        Relocate Start      Relocate End           High               Low         
[2026-04-03T03:28:25.001+0600][29.579s][info][gc,heap     ] GC(28) y:  Capacity:     1500M (100%)       1500M (100%)       1500M (100%)       1500M (100%)       1500M (100%)       1500M (100%)   
[2026-04-03T03:28:25.001+0600][29.579s][info][gc,heap     ] GC(28) y:      Free:      394M (26%)          38M (3%)           26M (2%)          296M (20%)         408M (27%)          12M (1%)     
[2026-04-03T03:28:25.001+0600][29.579s][info][gc,heap     ] GC(28) y:      Used:     1106M (74%)        1462M (97%)        1474M (98%)        1204M (80%)        1488M (99%)        1092M (73%)    
[2026-04-03T03:28:25.001+0600][29.579s][info][gc,heap     ] GC(28) y: Young Generation Statistics:
[2026-04-03T03:28:25.001+0600][29.579s][info][gc,heap     ] GC(28) y:                Mark Start          Mark End        Relocate Start      Relocate End    
[2026-04-03T03:28:25.001+0600][29.579s][info][gc,heap     ] GC(28) y:      Used:      720M (48%)        1174M (78%)        1062M (71%)         774M (52%)    
[2026-04-03T03:28:25.001+0600][29.579s][info][gc,heap     ] GC(28) y:      Live:         -               214M (14%)          95M (6%)           85M (6%)     
[2026-04-03T03:28:25.001+0600][29.579s][info][gc,heap     ] GC(28) y:   Garbage:         -               505M (34%)         448M (30%)           0M (0%)     
[2026-04-03T03:28:25.001+0600][29.579s][info][gc,heap     ] GC(28) y: Allocated:         -               454M (30%)         518M (35%)         688M (46%)    
[2026-04-03T03:28:25.001+0600][29.579s][info][gc,heap     ] GC(28) y: Reclaimed:         -                  -                56M (4%)          505M (34%)    
[2026-04-03T03:28:25.001+0600][29.579s][info][gc,heap     ] GC(28) y:  Promoted:         -                  -               119M (8%)          129M (9%)     
[2026-04-03T03:28:25.001+0600][29.579s][info][gc,heap     ] GC(28) y: Compacted:         -                  -                  -                37M (2%)     
[2026-04-03T03:28:25.001+0600][29.580s][info][gc,phases   ] GC(28) y: Young Generation 1106M(74%)->1204M(80%) 1.090s
[2026-04-03T03:28:25.001+0600][29.580s][info][gc          ] GC(28) Minor Collection (Allocation Rate) 1106M(74%)->1204M(80%) 1.090s
[2026-04-03T03:28:25.001+0600][29.580s][info][gc,task     ] GC(26) O: Using 3 Workers for Old Generation
[2026-04-03T03:28:25.030+0600][29.609s][info][gc,task     ] GC(26) O: Using 1 Workers for Old Generation
[2026-04-03T03:28:25.031+0600][29.609s][info][gc,phases   ] GC(26) O: Concurrent Remap Roots 29.247ms
[2026-04-03T03:28:25.031+0600][29.609s][info][gc,phases   ] GC(26) O: Pause Relocate Start 0.041ms
[2026-04-03T03:28:25.031+0600][29.610s][info][gc          ] GC(29) Minor Collection (Allocation Rate)
[2026-04-03T03:28:25.031+0600][29.610s][info][gc,task     ] GC(29) Using 2 Workers for Young Generation
[2026-04-03T03:28:25.031+0600][29.610s][info][gc,phases   ] GC(29) y: Young Generation
[2026-04-03T03:28:25.032+0600][29.610s][info][gc,phases   ] GC(29) y: Pause Mark Start 0.069ms
[2026-04-03T03:28:25.289+0600][29.867s][info][gc,phases   ] GC(26) O: Concurrent Relocate 257.899ms
[2026-04-03T03:28:25.292+0600][29.870s][info][gc,task     ] Adjusting Workers for Young Generation: 2 -> 3
[2026-04-03T03:28:25.539+0600][30.117s][info][gc,phases   ] GC(29) y: Concurrent Mark 506.449ms
[2026-04-03T03:28:25.539+0600][30.117s][info][gc,phases   ] GC(29) y: Pause Mark End 0.024ms
[2026-04-03T03:28:25.539+0600][30.117s][info][gc,phases   ] GC(29) y: Concurrent Mark Free 0.001ms
[2026-04-03T03:28:25.539+0600][30.117s][info][gc,phases   ] GC(29) y: Concurrent Reset Relocation Set 0.117ms
[2026-04-03T03:28:25.544+0600][30.123s][info][gc,reloc    ] GC(29) y: Using tenuring threshold: 1 (Computed)
[2026-04-03T03:28:25.544+0600][30.123s][info][gc          ] Allocation Stall (Executor task launch worker for task 0.0 in stage 2.0 (TID 6)) 24.515ms
[2026-04-03T03:28:25.584+0600][30.162s][info][gc,phases   ] GC(29) y: Concurrent Select Relocation Set 44.989ms
[2026-04-03T03:28:25.585+0600][30.163s][info][gc,phases   ] GC(29) y: Pause Relocate Start 0.049ms
[2026-04-03T03:28:25.823+0600][30.401s][info][gc,phases   ] GC(29) y: Concurrent Relocate 238.053ms
[2026-04-03T03:28:25.823+0600][30.401s][info][gc,alloc    ] GC(29) y:                         Mark Start        Mark End      Relocate Start    Relocate End   
[2026-04-03T03:28:25.823+0600][30.401s][info][gc,alloc    ] GC(29) y: Allocation Stalls:          0                1                0                0         
[2026-04-03T03:28:25.823+0600][30.401s][info][gc,load     ] GC(29) y: Load: 4.16 (35%) / 4.51 (38%) / 5.03 (42%)
[2026-04-03T03:28:25.823+0600][30.401s][info][gc,mmu      ] GC(29) y: MMU: 2ms/92.4%, 5ms/97.0%, 10ms/98.5%, 20ms/99.2%, 50ms/99.5%, 100ms/99.7%
[2026-04-03T03:28:25.823+0600][30.401s][info][gc,marking  ] GC(29) y: Mark: 2 stripe(s), 10 proactive flush(es), 1 terminate flush(es), 0 completion(s), 0 continuation(s) 
[2026-04-03T03:28:25.823+0600][30.401s][info][gc,marking  ] GC(29) y: Mark Stack Usage: 32M
[2026-04-03T03:28:25.823+0600][30.401s][info][gc,nmethod  ] GC(29) y: NMethods: 5455 registered, 366 unregistered
[2026-04-03T03:28:25.823+0600][30.401s][info][gc,metaspace] GC(29) y: Metaspace: 68M used, 69M committed, 1088M reserved
[2026-04-03T03:28:25.823+0600][30.401s][info][gc,reloc    ] GC(29) y:                        Candidates     Selected     In-Place         Size        Empty    Relocated 
[2026-04-03T03:28:25.823+0600][30.401s][info][gc,reloc    ] GC(29) y: Small Pages:                  374          314            0         748M          42M          34M 
[2026-04-03T03:28:25.823+0600][30.401s][info][gc,reloc    ] GC(29) y: Medium Pages:                   0            0            0           0M           0M           0M 
[2026-04-03T03:28:25.823+0600][30.401s][info][gc,reloc    ] GC(29) y: Large Pages:                    7            0            0          66M          18M           0M 
[2026-04-03T03:28:25.823+0600][30.401s][info][gc,reloc    ] GC(29) y: Forwarding Usage: 38M
[2026-04-03T03:28:25.823+0600][30.401s][info][gc,reloc    ] GC(29) y: Age Table:
[2026-04-03T03:28:25.823+0600][30.401s][info][gc,reloc    ] GC(29) y:                    Live             Garbage             Small              Medium             Large        
[2026-04-03T03:28:25.823+0600][30.401s][info][gc,reloc    ] GC(29) y: Eden              52M (4%)          671M (45%)        353 / 312            0 / 0              1 / 0        
[2026-04-03T03:28:25.823+0600][30.401s][info][gc,reloc    ] GC(29) y: Survivor 1        60M (4%)           29M (2%)          21 / 2              0 / 0              6 / 0        
[2026-04-03T03:28:25.823+0600][30.401s][info][gc,heap     ] GC(29) y: Min Capacity: 8M(1%)
[2026-04-03T03:28:25.823+0600][30.401s][info][gc,heap     ] GC(29) y: Max Capacity: 1500M(100%)
[2026-04-03T03:28:25.823+0600][30.401s][info][gc,heap     ] GC(29) y: Soft Max Capacity: 1500M(100%)
[2026-04-03T03:28:25.823+0600][30.401s][info][gc,heap     ] GC(29) y: Heap Statistics:
[2026-04-03T03:28:25.823+0600][30.402s][info][gc,heap     ] GC(29) y:                Mark Start          Mark End        Relocate Start      Relocate End           High               Low         
[2026-04-03T03:28:25.823+0600][30.402s][info][gc,heap     ] GC(29) y:  Capacity:     1500M (100%)       1500M (100%)       1500M (100%)       1500M (100%)       1500M (100%)       1500M (100%)   
[2026-04-03T03:28:25.823+0600][30.402s][info][gc,heap     ] GC(29) y:      Free:      254M (17%)           0M (0%)           44M (3%)          604M (40%)         642M (43%)           0M (0%)     
[2026-04-03T03:28:25.823+0600][30.402s][info][gc,heap     ] GC(29) y:      Used:     1246M (83%)        1500M (100%)       1456M (97%)         896M (60%)        1500M (100%)        858M (57%)    
[2026-04-03T03:28:25.823+0600][30.402s][info][gc,heap     ] GC(29) y: Young Generation Statistics:
[2026-04-03T03:28:25.823+0600][30.402s][info][gc,heap     ] GC(29) y:                Mark Start          Mark End        Relocate Start      Relocate End    
[2026-04-03T03:28:25.823+0600][30.402s][info][gc,heap     ] GC(29) y:      Used:      814M (54%)        1134M (76%)        1024M (68%)         456M (30%)    
[2026-04-03T03:28:25.823+0600][30.402s][info][gc,heap     ] GC(29) y:      Live:         -               113M (8%)           54M (4%)           52M (4%)     
[2026-04-03T03:28:25.823+0600][30.402s][info][gc,heap     ] GC(29) y:   Garbage:         -               700M (47%)         633M (42%)           0M (0%)     
[2026-04-03T03:28:25.823+0600][30.402s][info][gc,heap     ] GC(29) y: Allocated:         -               320M (21%)         336M (22%)         403M (27%)    
[2026-04-03T03:28:25.823+0600][30.402s][info][gc,heap     ] GC(29) y: Reclaimed:         -                  -                67M (4%)          700M (47%)    
[2026-04-03T03:28:25.823+0600][30.402s][info][gc,heap     ] GC(29) y:  Promoted:         -                  -                58M (4%)           60M (4%)     
[2026-04-03T03:28:25.823+0600][30.402s][info][gc,heap     ] GC(29) y: Compacted:         -                  -                  -                34M (2%)     
[2026-04-03T03:28:25.823+0600][30.402s][info][gc,phases   ] GC(29) y: Young Generation 1246M(83%)->896M(60%) 0.791s
[2026-04-03T03:28:25.823+0600][30.402s][info][gc          ] GC(29) Minor Collection (Allocation Rate) 1246M(83%)->896M(60%) 0.792s
[2026-04-03T03:28:25.824+0600][30.402s][info][gc,alloc    ] GC(26) O:                         Mark Start        Mark End      Relocate Start    Relocate End   
[2026-04-03T03:28:25.824+0600][30.402s][info][gc,alloc    ] GC(26) O: Allocation Stalls:          0                0                0                0         
[2026-04-03T03:28:25.824+0600][30.402s][info][gc,load     ] GC(26) O: Load: 4.16 (35%) / 4.51 (38%) / 5.03 (42%)
[2026-04-03T03:28:25.824+0600][30.402s][info][gc,mmu      ] GC(26) O: MMU: 2ms/92.4%, 5ms/97.0%, 10ms/98.5%, 20ms/99.2%, 50ms/99.5%, 100ms/99.7%
[2026-04-03T03:28:25.824+0600][30.402s][info][gc,marking  ] GC(26) O: Mark: 1 stripe(s), 2 proactive flush(es), 1 terminate flush(es), 0 completion(s), 0 continuation(s) 
[2026-04-03T03:28:25.824+0600][30.402s][info][gc,marking  ] GC(26) O: Mark Stack Usage: 32M
[2026-04-03T03:28:25.824+0600][30.402s][info][gc,nmethod  ] GC(26) O: NMethods: 5455 registered, 366 unregistered
[2026-04-03T03:28:25.824+0600][30.402s][info][gc,metaspace] GC(26) O: Metaspace: 68M used, 69M committed, 1088M reserved
[2026-04-03T03:28:25.824+0600][30.402s][info][gc,ref      ] GC(26) O:                       Encountered   Discovered     Enqueued 
[2026-04-03T03:28:25.824+0600][30.402s][info][gc,ref      ] GC(26) O: Soft References:             4973            0            0 
[2026-04-03T03:28:25.824+0600][30.402s][info][gc,ref      ] GC(26) O: Weak References:             6768         4595           59 
[2026-04-03T03:28:25.824+0600][30.402s][info][gc,ref      ] GC(26) O: Final References:              82           48            0 
[2026-04-03T03:28:25.824+0600][30.402s][info][gc,ref      ] GC(26) O: Phantom References:           594          531            0 
[2026-04-03T03:28:25.824+0600][30.402s][info][gc,reloc    ] GC(26) O:                        Candidates     Selected     In-Place         Size        Empty    Relocated 
[2026-04-03T03:28:25.824+0600][30.402s][info][gc,reloc    ] GC(26) O: Small Pages:                  138           33            0         276M          20M          13M 
[2026-04-03T03:28:25.824+0600][30.402s][info][gc,reloc    ] GC(26) O: Medium Pages:                   2            0            0          64M          32M           0M 
[2026-04-03T03:28:25.824+0600][30.402s][info][gc,reloc    ] GC(26) O: Large Pages:                    3            0            0          46M          46M           0M 
[2026-04-03T03:28:25.824+0600][30.402s][info][gc,reloc    ] GC(26) O: Forwarding Usage: 25M
[2026-04-03T03:28:25.824+0600][30.402s][info][gc,heap     ] GC(26) O: Min Capacity: 8M(1%)
[2026-04-03T03:28:25.824+0600][30.402s][info][gc,heap     ] GC(26) O: Max Capacity: 1500M(100%)
[2026-04-03T03:28:25.824+0600][30.402s][info][gc,heap     ] GC(26) O: Soft Max Capacity: 1500M(100%)
[2026-04-03T03:28:25.824+0600][30.402s][info][gc,heap     ] GC(26) O: Heap Statistics:
[2026-04-03T03:28:25.824+0600][30.402s][info][gc,heap     ] GC(26) O:                Mark Start          Mark End        Relocate Start      Relocate End           High               Low         
[2026-04-03T03:28:25.824+0600][30.402s][info][gc,heap     ] GC(26) O:  Capacity:     1500M (100%)       1500M (100%)       1500M (100%)       1500M (100%)       1500M (100%)       1500M (100%)   
[2026-04-03T03:28:25.824+0600][30.402s][info][gc,heap     ] GC(26) O:      Free:      518M (35%)          52M (3%)          256M (17%)         204M (14%)         578M (39%)          12M (1%)     
[2026-04-03T03:28:25.824+0600][30.402s][info][gc,heap     ] GC(26) O:      Used:      982M (65%)        1448M (97%)        1244M (83%)        1296M (86%)        1488M (99%)         922M (61%)    
[2026-04-03T03:28:25.824+0600][30.402s][info][gc,heap     ] GC(26) O: Old Generation Statistics:
[2026-04-03T03:28:25.824+0600][30.402s][info][gc,heap     ] GC(26) O:                Mark Start          Mark End        Relocate Start      Relocate End    
[2026-04-03T03:28:25.824+0600][30.402s][info][gc,heap     ] GC(26) O:      Used:      386M (26%)         386M (26%)         430M (29%)         366M (24%)    
[2026-04-03T03:28:25.824+0600][30.402s][info][gc,heap     ] GC(26) O:      Live:         -               190M (13%)         190M (13%)         190M (13%)    
[2026-04-03T03:28:25.824+0600][30.402s][info][gc,heap     ] GC(26) O:   Garbage:         -               195M (13%)          97M (6%)           26M (2%)     
[2026-04-03T03:28:25.824+0600][30.402s][info][gc,heap     ] GC(26) O: Allocated:         -                 0M (0%)          142M (9%)          148M (10%)    
[2026-04-03T03:28:25.824+0600][30.402s][info][gc,heap     ] GC(26) O: Reclaimed:         -                  -                98M (7%)          168M (11%)    
[2026-04-03T03:28:25.824+0600][30.402s][info][gc,heap     ] GC(26) O: Compacted:         -                  -                  -                33M (2%)     
[2026-04-03T03:28:25.824+0600][30.402s][info][gc,phases   ] GC(26) O: Old Generation 928M(62%)->1296M(86%) 2.526s
[2026-04-03T03:28:25.824+0600][30.402s][info][gc          ] GC(26) Major Collection (Allocation Rate) 982M(65%)->896M(60%) 3.012s
[2026-04-03T03:28:25.834+0600][30.412s][info][gc          ] GC(30) Minor Collection (Allocation Rate)
[2026-04-03T03:28:25.834+0600][30.412s][info][gc,task     ] GC(30) Using 3 Workers for Young Generation
[2026-04-03T03:28:25.834+0600][30.412s][info][gc,phases   ] GC(30) y: Young Generation
[2026-04-03T03:28:25.834+0600][30.412s][info][gc,phases   ] GC(30) y: Pause Mark Start 0.025ms
[2026-04-03T03:28:26.266+0600][30.845s][info][gc,phases   ] GC(30) y: Concurrent Mark 431.908ms
[2026-04-03T03:28:26.267+0600][30.845s][info][gc,phases   ] GC(30) y: Pause Mark End 0.043ms
[2026-04-03T03:28:26.267+0600][30.845s][info][gc,phases   ] GC(30) y: Concurrent Mark Free 0.002ms
[2026-04-03T03:28:26.267+0600][30.845s][info][gc,phases   ] GC(30) y: Concurrent Reset Relocation Set 0.114ms
[2026-04-03T03:28:26.273+0600][30.851s][info][gc,reloc    ] GC(30) y: Using tenuring threshold: 2 (Computed)
[2026-04-03T03:28:26.278+0600][30.856s][info][gc,phases   ] GC(30) y: Concurrent Select Relocation Set 10.653ms
[2026-04-03T03:28:26.278+0600][30.856s][info][gc,phases   ] GC(30) y: Pause Relocate Start 0.051ms
[2026-04-03T03:28:26.313+0600][30.891s][info][gc,phases   ] GC(30) y: Concurrent Relocate 34.928ms
[2026-04-03T03:28:26.313+0600][30.891s][info][gc,alloc    ] GC(30) y:                         Mark Start        Mark End      Relocate Start    Relocate End   
[2026-04-03T03:28:26.313+0600][30.891s][info][gc,alloc    ] GC(30) y: Allocation Stalls:          0                0                0                0         
[2026-04-03T03:28:26.313+0600][30.891s][info][gc,load     ] GC(30) y: Load: 4.16 (35%) / 4.51 (38%) / 5.03 (42%)
[2026-04-03T03:28:26.313+0600][30.891s][info][gc,mmu      ] GC(30) y: MMU: 2ms/92.4%, 5ms/97.0%, 10ms/98.5%, 20ms/99.2%, 50ms/99.5%, 100ms/99.7%
[2026-04-03T03:28:26.313+0600][30.891s][info][gc,marking  ] GC(30) y: Mark: 2 stripe(s), 2 proactive flush(es), 1 terminate flush(es), 0 completion(s), 0 continuation(s) 
[2026-04-03T03:28:26.313+0600][30.891s][info][gc,marking  ] GC(30) y: Mark Stack Usage: 32M
[2026-04-03T03:28:26.313+0600][30.891s][info][gc,nmethod  ] GC(30) y: NMethods: 5460 registered, 366 unregistered
[2026-04-03T03:28:26.313+0600][30.891s][info][gc,metaspace] GC(30) y: Metaspace: 68M used, 69M committed, 1088M reserved
[2026-04-03T03:28:26.313+0600][30.891s][info][gc,reloc    ] GC(30) y:                        Candidates     Selected     In-Place         Size        Empty    Relocated 
[2026-04-03T03:28:26.313+0600][30.891s][info][gc,reloc    ] GC(30) y: Small Pages:                  196          169            0         392M           0M          15M 
[2026-04-03T03:28:26.313+0600][30.891s][info][gc,reloc    ] GC(30) y: Medium Pages:                   1            0            0          32M           0M           0M 
[2026-04-03T03:28:26.313+0600][30.891s][info][gc,reloc    ] GC(30) y: Large Pages:                    2            0            0          36M           0M           0M 
[2026-04-03T03:28:26.313+0600][30.891s][info][gc,reloc    ] GC(30) y: Forwarding Usage: 16M
[2026-04-03T03:28:26.313+0600][30.892s][info][gc,reloc    ] GC(30) y: Age Table:
[2026-04-03T03:28:26.313+0600][30.892s][info][gc,reloc    ] GC(30) y:                    Live             Garbage             Small              Medium             Large        
[2026-04-03T03:28:26.313+0600][30.892s][info][gc,reloc    ] GC(30) y: Eden              34M (2%)          367M (24%)        176 / 167            1 / 0              1 / 0        
[2026-04-03T03:28:26.313+0600][30.892s][info][gc,reloc    ] GC(30) y: Survivor 1        51M (3%)            6M (0%)          20 / 2              0 / 0              1 / 0        
[2026-04-03T03:28:26.313+0600][30.892s][info][gc,heap     ] GC(30) y: Min Capacity: 8M(1%)
[2026-04-03T03:28:26.313+0600][30.892s][info][gc,heap     ] GC(30) y: Max Capacity: 1500M(100%)
[2026-04-03T03:28:26.313+0600][30.892s][info][gc,heap     ] GC(30) y: Soft Max Capacity: 1500M(100%)
[2026-04-03T03:28:26.313+0600][30.892s][info][gc,heap     ] GC(30) y: Heap Statistics:
[2026-04-03T03:28:26.313+0600][30.892s][info][gc,heap     ] GC(30) y:                Mark Start          Mark End        Relocate Start      Relocate End           High               Low         
[2026-04-03T03:28:26.313+0600][30.892s][info][gc,heap     ] GC(30) y:  Capacity:     1500M (100%)       1500M (100%)       1500M (100%)       1500M (100%)       1500M (100%)       1500M (100%)   
[2026-04-03T03:28:26.313+0600][30.892s][info][gc,heap     ] GC(30) y:      Free:      600M (40%)         456M (30%)         454M (30%)         776M (52%)         776M (52%)         444M (30%)    
[2026-04-03T03:28:26.313+0600][30.892s][info][gc,heap     ] GC(30) y:      Used:      900M (60%)        1044M (70%)        1046M (70%)         724M (48%)        1056M (70%)         724M (48%)    
[2026-04-03T03:28:26.313+0600][30.892s][info][gc,heap     ] GC(30) y: Young Generation Statistics:
[2026-04-03T03:28:26.313+0600][30.892s][info][gc,heap     ] GC(30) y:                Mark Start          Mark End        Relocate Start      Relocate End    
[2026-04-03T03:28:26.313+0600][30.892s][info][gc,heap     ] GC(30) y:      Used:      460M (31%)         604M (40%)         606M (40%)         284M (19%)    
[2026-04-03T03:28:26.313+0600][30.892s][info][gc,heap     ] GC(30) y:      Live:         -                86M (6%)           86M (6%)           86M (6%)     
[2026-04-03T03:28:26.313+0600][30.892s][info][gc,heap     ] GC(30) y:   Garbage:         -               373M (25%)         373M (25%)          32M (2%)     
[2026-04-03T03:28:26.313+0600][30.892s][info][gc,heap     ] GC(30) y: Allocated:         -               144M (10%)         146M (10%)         165M (11%)    
[2026-04-03T03:28:26.313+0600][30.892s][info][gc,heap     ] GC(30) y: Reclaimed:         -                  -                 0M (0%)          341M (23%)    
[2026-04-03T03:28:26.313+0600][30.892s][info][gc,heap     ] GC(30) y:  Promoted:         -                  -                 0M (0%)            0M (0%)     
[2026-04-03T03:28:26.313+0600][30.892s][info][gc,heap     ] GC(30) y: Compacted:         -                  -                  -                16M (1%)     
[2026-04-03T03:28:26.313+0600][30.892s][info][gc,phases   ] GC(30) y: Young Generation 900M(60%)->724M(48%) 0.479s
[2026-04-03T03:28:26.313+0600][30.892s][info][gc          ] GC(30) Minor Collection (Allocation Rate) 900M(60%)->724M(48%) 0.480s
[2026-04-03T03:28:26.314+0600][30.892s][info][gc          ] GC(31) Major Collection (Allocation Rate)
[2026-04-03T03:28:26.314+0600][30.892s][info][gc,task     ] GC(31) Using 3 Workers for Young Generation
[2026-04-03T03:28:26.314+0600][30.892s][info][gc,task     ] GC(31) Using 1 Workers for Old Generation
[2026-04-03T03:28:26.314+0600][30.892s][info][gc,phases   ] GC(31) Y: Young Generation
[2026-04-03T03:28:26.314+0600][30.892s][info][gc,phases   ] GC(31) Y: Pause Mark Start (Major) 0.037ms
[2026-04-03T03:28:26.715+0600][31.293s][info][gc,phases   ] GC(31) Y: Concurrent Mark 400.178ms
[2026-04-03T03:28:26.715+0600][31.293s][info][gc,phases   ] GC(31) Y: Pause Mark End 0.027ms
[2026-04-03T03:28:26.715+0600][31.293s][info][gc,phases   ] GC(31) Y: Concurrent Mark Free 0.002ms
[2026-04-03T03:28:26.715+0600][31.293s][info][gc,phases   ] GC(31) Y: Concurrent Reset Relocation Set 0.019ms
[2026-04-03T03:28:26.717+0600][31.295s][info][gc,reloc    ] GC(31) Y: Using tenuring threshold: 1 (Computed)
[2026-04-03T03:28:26.765+0600][31.344s][info][gc,phases   ] GC(31) Y: Concurrent Select Relocation Set 50.534ms
[2026-04-03T03:28:26.766+0600][31.344s][info][gc,phases   ] GC(31) Y: Pause Relocate Start 0.024ms
[2026-04-03T03:28:26.891+0600][31.469s][info][gc,phases   ] GC(31) Y: Concurrent Relocate 124.692ms
[2026-04-03T03:28:26.891+0600][31.469s][info][gc,alloc    ] GC(31) Y:                         Mark Start        Mark End      Relocate Start    Relocate End   
[2026-04-03T03:28:26.891+0600][31.469s][info][gc,alloc    ] GC(31) Y: Allocation Stalls:          0                0                0                0         
[2026-04-03T03:28:26.891+0600][31.469s][info][gc,load     ] GC(31) Y: Load: 4.16 (35%) / 4.51 (38%) / 5.03 (42%)
[2026-04-03T03:28:26.891+0600][31.469s][info][gc,mmu      ] GC(31) Y: MMU: 2ms/92.4%, 5ms/97.0%, 10ms/98.5%, 20ms/99.2%, 50ms/99.5%, 100ms/99.7%
[2026-04-03T03:28:26.891+0600][31.469s][info][gc,marking  ] GC(31) Y: Mark: 2 stripe(s), 10 proactive flush(es), 1 terminate flush(es), 0 completion(s), 0 continuation(s) 
[2026-04-03T03:28:26.891+0600][31.469s][info][gc,marking  ] GC(31) Y: Mark Stack Usage: 32M
[2026-04-03T03:28:26.891+0600][31.469s][info][gc,nmethod  ] GC(31) Y: NMethods: 5516 registered, 366 unregistered
[2026-04-03T03:28:26.891+0600][31.469s][info][gc,metaspace] GC(31) Y: Metaspace: 68M used, 69M committed, 1088M reserved
[2026-04-03T03:28:26.891+0600][31.469s][info][gc,reloc    ] GC(31) Y:                        Candidates     Selected     In-Place         Size        Empty    Relocated 
[2026-04-03T03:28:26.891+0600][31.469s][info][gc,reloc    ] GC(31) Y: Small Pages:                   92           62            0         184M           4M           6M 
[2026-04-03T03:28:26.891+0600][31.469s][info][gc,reloc    ] GC(31) Y: Medium Pages:                   2            0            0          64M          32M           0M 
[2026-04-03T03:28:26.891+0600][31.469s][info][gc,reloc    ] GC(31) Y: Large Pages:                    2            0            0          36M           0M           0M 
[2026-04-03T03:28:26.891+0600][31.469s][info][gc,reloc    ] GC(31) Y: Forwarding Usage: 8M
[2026-04-03T03:28:26.891+0600][31.469s][info][gc,reloc    ] GC(31) Y: Age Table:
[2026-04-03T03:28:26.891+0600][31.469s][info][gc,reloc    ] GC(31) Y:                    Live             Garbage             Small              Medium             Large        
[2026-04-03T03:28:26.891+0600][31.469s][info][gc,reloc    ] GC(31) Y: Eden               8M (1%)          143M (10%)         60 / 55             1 / 0              0 / 0        
[2026-04-03T03:28:26.891+0600][31.469s][info][gc,reloc    ] GC(31) Y: Survivor 1        31M (2%)           40M (3%)          11 / 4              1 / 0              1 / 0        
[2026-04-03T03:28:26.891+0600][31.469s][info][gc,reloc    ] GC(31) Y: Survivor 2        51M (3%)            8M (1%)          21 / 3              0 / 0              1 / 0        
[2026-04-03T03:28:26.891+0600][31.469s][info][gc,heap     ] GC(31) Y: Min Capacity: 8M(1%)
[2026-04-03T03:28:26.891+0600][31.469s][info][gc,heap     ] GC(31) Y: Max Capacity: 1500M(100%)
[2026-04-03T03:28:26.891+0600][31.469s][info][gc,heap     ] GC(31) Y: Soft Max Capacity: 1500M(100%)
[2026-04-03T03:28:26.891+0600][31.469s][info][gc,heap     ] GC(31) Y: Heap Statistics:
[2026-04-03T03:28:26.891+0600][31.469s][info][gc,heap     ] GC(31) Y:                Mark Start          Mark End        Relocate Start      Relocate End           High               Low         
[2026-04-03T03:28:26.891+0600][31.470s][info][gc,heap     ] GC(31) Y:  Capacity:     1500M (100%)       1500M (100%)       1500M (100%)       1500M (100%)       1500M (100%)       1500M (100%)   
[2026-04-03T03:28:26.891+0600][31.470s][info][gc,heap     ] GC(31) Y:      Free:      776M (52%)         626M (42%)         638M (43%)         718M (48%)         776M (52%)         626M (42%)    
[2026-04-03T03:28:26.891+0600][31.470s][info][gc,heap     ] GC(31) Y:      Used:      724M (48%)         874M (58%)         862M (57%)         782M (52%)         874M (58%)         724M (48%)    
[2026-04-03T03:28:26.891+0600][31.470s][info][gc,heap     ] GC(31) Y: Young Generation Statistics:
[2026-04-03T03:28:26.891+0600][31.470s][info][gc,heap     ] GC(31) Y:                Mark Start          Mark End        Relocate Start      Relocate End    
[2026-04-03T03:28:26.891+0600][31.470s][info][gc,heap     ] GC(31) Y:      Used:      284M (19%)         434M (29%)         342M (23%)         250M (17%)    
[2026-04-03T03:28:26.891+0600][31.470s][info][gc,heap     ] GC(31) Y:      Live:         -                91M (6%)           15M (1%)            8M (1%)     
[2026-04-03T03:28:26.891+0600][31.470s][info][gc,heap     ] GC(31) Y:   Garbage:         -               192M (13%)         152M (10%)          26M (2%)     
[2026-04-03T03:28:26.891+0600][31.470s][info][gc,heap     ] GC(31) Y: Allocated:         -               150M (10%)         174M (12%)         214M (14%)    
[2026-04-03T03:28:26.891+0600][31.470s][info][gc,heap     ] GC(31) Y: Reclaimed:         -                  -                39M (3%)          165M (11%)    
[2026-04-03T03:28:26.891+0600][31.470s][info][gc,heap     ] GC(31) Y:  Promoted:         -                  -                76M (5%)           82M (6%)     
[2026-04-03T03:28:26.891+0600][31.470s][info][gc,heap     ] GC(31) Y: Compacted:         -                  -                  -                 3M (0%)     
[2026-04-03T03:28:26.891+0600][31.470s][info][gc,phases   ] GC(31) Y: Young Generation 724M(48%)->782M(52%) 0.577s
[2026-04-03T03:28:26.891+0600][31.470s][info][gc,phases   ] GC(31) O: Old Generation
[2026-04-03T03:28:26.901+0600][31.479s][info][gc          ] GC(32) Minor Collection (Allocation Rate)
[2026-04-03T03:28:26.901+0600][31.479s][info][gc,task     ] GC(32) Using 2 Workers for Young Generation
[2026-04-03T03:28:26.901+0600][31.479s][info][gc,phases   ] GC(32) y: Young Generation
[2026-04-03T03:28:26.901+0600][31.479s][info][gc,phases   ] GC(32) y: Pause Mark Start 0.028ms
[2026-04-03T03:28:27.020+0600][31.598s][info][gc,phases   ] GC(32) y: Concurrent Mark 118.567ms
[2026-04-03T03:28:27.020+0600][31.598s][info][gc,phases   ] GC(32) y: Pause Mark End 0.024ms
[2026-04-03T03:28:27.020+0600][31.598s][info][gc,phases   ] GC(32) y: Concurrent Mark Free 0.001ms
[2026-04-03T03:28:27.020+0600][31.599s][info][gc,phases   ] GC(32) y: Concurrent Reset Relocation Set 0.052ms
[2026-04-03T03:28:27.022+0600][31.601s][info][gc,reloc    ] GC(32) y: Using tenuring threshold: 2 (Computed)
[2026-04-03T03:28:27.023+0600][31.602s][info][gc,phases   ] GC(32) y: Concurrent Select Relocation Set 3.147ms
[2026-04-03T03:28:27.024+0600][31.602s][info][gc,phases   ] GC(32) y: Pause Relocate Start 0.020ms
[2026-04-03T03:28:27.047+0600][31.625s][info][gc,phases   ] GC(32) y: Concurrent Relocate 22.952ms
[2026-04-03T03:28:27.047+0600][31.625s][info][gc,alloc    ] GC(32) y:                         Mark Start        Mark End      Relocate Start    Relocate End   
[2026-04-03T03:28:27.047+0600][31.625s][info][gc,alloc    ] GC(32) y: Allocation Stalls:          0                0                0                0         
[2026-04-03T03:28:27.047+0600][31.625s][info][gc,load     ] GC(32) y: Load: 4.16 (35%) / 4.51 (38%) / 5.03 (42%)
[2026-04-03T03:28:27.047+0600][31.625s][info][gc,mmu      ] GC(32) y: MMU: 2ms/92.4%, 5ms/97.0%, 10ms/98.5%, 20ms/99.2%, 50ms/99.5%, 100ms/99.7%
[2026-04-03T03:28:27.047+0600][31.625s][info][gc,marking  ] GC(32) y: Mark: 2 stripe(s), 2 proactive flush(es), 1 terminate flush(es), 0 completion(s), 0 continuation(s) 
[2026-04-03T03:28:27.047+0600][31.625s][info][gc,marking  ] GC(32) y: Mark Stack Usage: 32M
[2026-04-03T03:28:27.047+0600][31.625s][info][gc,nmethod  ] GC(32) y: NMethods: 5525 registered, 366 unregistered
[2026-04-03T03:28:27.047+0600][31.625s][info][gc,metaspace] GC(32) y: Metaspace: 68M used, 69M committed, 1088M reserved
[2026-04-03T03:28:27.047+0600][31.625s][info][gc,reloc    ] GC(32) y:                        Candidates     Selected     In-Place         Size        Empty    Relocated 
[2026-04-03T03:28:27.047+0600][31.625s][info][gc,reloc    ] GC(32) y: Small Pages:                   84           70            0         168M          20M           5M 
[2026-04-03T03:28:27.047+0600][31.625s][info][gc,reloc    ] GC(32) y: Medium Pages:                   2            1            0          64M           0M           3M 
[2026-04-03T03:28:27.047+0600][31.625s][info][gc,reloc    ] GC(32) y: Large Pages:                    1            0            0          18M           0M           0M 
[2026-04-03T03:28:27.047+0600][31.625s][info][gc,reloc    ] GC(32) y: Forwarding Usage: 6M
[2026-04-03T03:28:27.047+0600][31.625s][info][gc,reloc    ] GC(32) y: Age Table:
[2026-04-03T03:28:27.047+0600][31.625s][info][gc,reloc    ] GC(32) y:                    Live             Garbage             Small              Medium             Large        
[2026-04-03T03:28:27.047+0600][31.625s][info][gc,reloc    ] GC(32) y: Eden              24M (2%)          185M (12%)         80 / 67             1 / 0              1 / 0        
[2026-04-03T03:28:27.047+0600][31.625s][info][gc,reloc    ] GC(32) y: Survivor 1         6M (0%)           33M (2%)           4 / 3              1 / 1              0 / 0        
[2026-04-03T03:28:27.047+0600][31.625s][info][gc,heap     ] GC(32) y: Min Capacity: 8M(1%)
[2026-04-03T03:28:27.047+0600][31.625s][info][gc,heap     ] GC(32) y: Max Capacity: 1500M(100%)
[2026-04-03T03:28:27.047+0600][31.625s][info][gc,heap     ] GC(32) y: Soft Max Capacity: 1500M(100%)
[2026-04-03T03:28:27.047+0600][31.625s][info][gc,heap     ] GC(32) y: Heap Statistics:
[2026-04-03T03:28:27.047+0600][31.625s][info][gc,heap     ] GC(32) y:                Mark Start          Mark End        Relocate Start      Relocate End           High               Low         
[2026-04-03T03:28:27.047+0600][31.625s][info][gc,heap     ] GC(32) y:  Capacity:     1500M (100%)       1500M (100%)       1500M (100%)       1500M (100%)       1500M (100%)       1500M (100%)   
[2026-04-03T03:28:27.047+0600][31.625s][info][gc,heap     ] GC(32) y:      Free:      718M (48%)         672M (45%)         692M (46%)         814M (54%)         814M (54%)         620M (41%)    
[2026-04-03T03:28:27.047+0600][31.625s][info][gc,heap     ] GC(32) y:      Used:      782M (52%)         828M (55%)         808M (54%)         686M (46%)         880M (59%)         686M (46%)    
[2026-04-03T03:28:27.047+0600][31.625s][info][gc,heap     ] GC(32) y: Young Generation Statistics:
[2026-04-03T03:28:27.047+0600][31.625s][info][gc,heap     ] GC(32) y:                Mark Start          Mark End        Relocate Start      Relocate End    
[2026-04-03T03:28:27.047+0600][31.625s][info][gc,heap     ] GC(32) y:      Used:      250M (17%)         296M (20%)         276M (18%)         154M (10%)    
[2026-04-03T03:28:27.047+0600][31.625s][info][gc,heap     ] GC(32) y:      Live:         -                30M (2%)           30M (2%)           30M (2%)     
[2026-04-03T03:28:27.047+0600][31.625s][info][gc,heap     ] GC(32) y:   Garbage:         -               219M (15%)         199M (13%)           0M (0%)     
[2026-04-03T03:28:27.047+0600][31.625s][info][gc,heap     ] GC(32) y: Allocated:         -                46M (3%)           46M (3%)          123M (8%)     
[2026-04-03T03:28:27.047+0600][31.626s][info][gc,heap     ] GC(32) y: Reclaimed:         -                  -                20M (1%)          219M (15%)    
[2026-04-03T03:28:27.047+0600][31.626s][info][gc,heap     ] GC(32) y:  Promoted:         -                  -                 0M (0%)            0M (0%)     
[2026-04-03T03:28:27.047+0600][31.626s][info][gc,heap     ] GC(32) y: Compacted:         -                  -                  -                12M (1%)     
[2026-04-03T03:28:27.047+0600][31.626s][info][gc,phases   ] GC(32) y: Young Generation 782M(52%)->686M(46%) 0.146s
[2026-04-03T03:28:27.047+0600][31.626s][info][gc          ] GC(32) Minor Collection (Allocation Rate) 782M(52%)->686M(46%) 0.146s
[2026-04-03T03:28:27.047+0600][31.626s][info][gc,task     ] Adjusting Workers for Old Generation: 1 -> 2
[2026-04-03T03:28:27.048+0600][31.626s][info][gc          ] GC(33) Minor Collection (Allocation Rate)
[2026-04-03T03:28:27.048+0600][31.626s][info][gc,task     ] GC(33) Using 1 Workers for Young Generation
[2026-04-03T03:28:27.048+0600][31.626s][info][gc,phases   ] GC(33) y: Young Generation
[2026-04-03T03:28:27.048+0600][31.626s][info][gc,phases   ] GC(33) y: Pause Mark Start 0.034ms
[2026-04-03T03:28:27.257+0600][31.835s][info][gc,phases   ] GC(33) y: Concurrent Mark 208.419ms
[2026-04-03T03:28:27.257+0600][31.835s][info][gc,phases   ] GC(33) y: Pause Mark End 0.027ms
[2026-04-03T03:28:27.257+0600][31.836s][info][gc,phases   ] GC(33) y: Concurrent Mark Free 0.003ms
[2026-04-03T03:28:27.257+0600][31.836s][info][gc,phases   ] GC(33) y: Concurrent Reset Relocation Set 0.013ms
[2026-04-03T03:28:27.259+0600][31.837s][info][gc,reloc    ] GC(33) y: Using tenuring threshold: 1 (Computed)
[2026-04-03T03:28:27.299+0600][31.878s][info][gc,phases   ] GC(33) y: Concurrent Select Relocation Set 42.095ms
[2026-04-03T03:28:27.300+0600][31.878s][info][gc,phases   ] GC(33) y: Pause Relocate Start 0.022ms
[2026-04-03T03:28:27.410+0600][31.988s][info][gc,phases   ] GC(33) y: Concurrent Relocate 109.958ms
[2026-04-03T03:28:27.410+0600][31.988s][info][gc,alloc    ] GC(33) y:                         Mark Start        Mark End      Relocate Start    Relocate End   
[2026-04-03T03:28:27.410+0600][31.988s][info][gc,alloc    ] GC(33) y: Allocation Stalls:          0                0                0                0         
[2026-04-03T03:28:27.410+0600][31.989s][info][gc,load     ] GC(33) y: Load: 4.16 (35%) / 4.51 (38%) / 5.03 (42%)
[2026-04-03T03:28:27.410+0600][31.989s][info][gc,mmu      ] GC(33) y: MMU: 2ms/92.4%, 5ms/97.0%, 10ms/98.5%, 20ms/99.2%, 50ms/99.5%, 100ms/99.7%
[2026-04-03T03:28:27.410+0600][31.989s][info][gc,marking  ] GC(33) y: Mark: 1 stripe(s), 2 proactive flush(es), 1 terminate flush(es), 0 completion(s), 0 continuation(s) 
[2026-04-03T03:28:27.410+0600][31.989s][info][gc,marking  ] GC(33) y: Mark Stack Usage: 32M
[2026-04-03T03:28:27.410+0600][31.989s][info][gc,nmethod  ] GC(33) y: NMethods: 5525 registered, 366 unregistered
[2026-04-03T03:28:27.410+0600][31.989s][info][gc,metaspace] GC(33) y: Metaspace: 68M used, 69M committed, 1088M reserved
[2026-04-03T03:28:27.410+0600][31.989s][info][gc,reloc    ] GC(33) y:                        Candidates     Selected     In-Place         Size        Empty    Relocated 
[2026-04-03T03:28:27.410+0600][31.989s][info][gc,reloc    ] GC(33) y: Small Pages:                   37           32            0          74M           0M           2M 
[2026-04-03T03:28:27.410+0600][31.989s][info][gc,reloc    ] GC(33) y: Medium Pages:                   2            1            0          64M           0M           3M 
[2026-04-03T03:28:27.410+0600][31.989s][info][gc,reloc    ] GC(33) y: Large Pages:                    1            0            0          18M           0M           0M 
[2026-04-03T03:28:27.410+0600][31.989s][info][gc,reloc    ] GC(33) y: Forwarding Usage: 2M
[2026-04-03T03:28:27.410+0600][31.989s][info][gc,reloc    ] GC(33) y: Age Table:
[2026-04-03T03:28:27.410+0600][31.989s][info][gc,reloc    ] GC(33) y:                    Live             Garbage             Small              Medium             Large        
[2026-04-03T03:28:27.410+0600][31.989s][info][gc,reloc    ] GC(33) y: Eden               1M (0%)           56M (4%)          29 / 27             0 / 0              0 / 0        
[2026-04-03T03:28:27.410+0600][31.989s][info][gc,reloc    ] GC(33) y: Survivor 1        24M (2%)           33M (2%)           4 / 2              1 / 1              1 / 0        
[2026-04-03T03:28:27.410+0600][31.989s][info][gc,reloc    ] GC(33) y: Survivor 2         6M (0%)           33M (2%)           4 / 3              1 / 0              0 / 0        
[2026-04-03T03:28:27.410+0600][31.989s][info][gc,heap     ] GC(33) y: Min Capacity: 8M(1%)
[2026-04-03T03:28:27.410+0600][31.989s][info][gc,heap     ] GC(33) y: Max Capacity: 1500M(100%)
[2026-04-03T03:28:27.410+0600][31.989s][info][gc,heap     ] GC(33) y: Soft Max Capacity: 1500M(100%)
[2026-04-03T03:28:27.410+0600][31.989s][info][gc,heap     ] GC(33) y: Heap Statistics:
[2026-04-03T03:28:27.410+0600][31.989s][info][gc,heap     ] GC(33) y:                Mark Start          Mark End        Relocate Start      Relocate End           High               Low         
[2026-04-03T03:28:27.410+0600][31.989s][info][gc,heap     ] GC(33) y:  Capacity:     1500M (100%)       1500M (100%)       1500M (100%)       1500M (100%)       1500M (100%)       1500M (100%)   
[2026-04-03T03:28:27.410+0600][31.989s][info][gc,heap     ] GC(33) y:      Free:      812M (54%)         736M (49%)         704M (47%)         798M (53%)         812M (54%)         670M (45%)    
[2026-04-03T03:28:27.410+0600][31.989s][info][gc,heap     ] GC(33) y:      Used:      688M (46%)         764M (51%)         796M (53%)         702M (47%)         830M (55%)         688M (46%)    
[2026-04-03T03:28:27.411+0600][31.989s][info][gc,heap     ] GC(33) y: Young Generation Statistics:
[2026-04-03T03:28:27.411+0600][31.989s][info][gc,heap     ] GC(33) y:                Mark Start          Mark End        Relocate Start      Relocate End    
[2026-04-03T03:28:27.411+0600][31.989s][info][gc,heap     ] GC(33) y:      Used:      156M (10%)         232M (15%)         240M (16%)         112M (7%)     
[2026-04-03T03:28:27.411+0600][31.989s][info][gc,heap     ] GC(33) y:      Live:         -                32M (2%)            9M (1%)            1M (0%)     
[2026-04-03T03:28:27.411+0600][31.989s][info][gc,heap     ] GC(33) y:   Garbage:         -               123M (8%)          122M (8%)            0M (0%)     
[2026-04-03T03:28:27.411+0600][31.989s][info][gc,heap     ] GC(33) y: Allocated:         -                76M (5%)          108M (7%)          110M (7%)     
[2026-04-03T03:28:27.411+0600][31.989s][info][gc,heap     ] GC(33) y: Reclaimed:         -                  -                 0M (0%)          123M (8%)     
[2026-04-03T03:28:27.411+0600][31.989s][info][gc,heap     ] GC(33) y:  Promoted:         -                  -                23M (2%)           30M (2%)     
[2026-04-03T03:28:27.411+0600][31.989s][info][gc,heap     ] GC(33) y: Compacted:         -                  -                  -                 1M (0%)     
[2026-04-03T03:28:27.411+0600][31.989s][info][gc,phases   ] GC(33) y: Young Generation 688M(46%)->702M(47%) 0.363s
[2026-04-03T03:28:27.411+0600][31.989s][info][gc          ] GC(33) Minor Collection (Allocation Rate) 688M(46%)->702M(47%) 0.363s
[2026-04-03T03:28:27.411+0600][31.989s][info][gc          ] GC(34) Minor Collection (Allocation Rate)
[2026-04-03T03:28:27.411+0600][31.989s][info][gc,task     ] GC(34) Using 1 Workers for Young Generation
[2026-04-03T03:28:27.411+0600][31.989s][info][gc,phases   ] GC(34) y: Young Generation
[2026-04-03T03:28:27.411+0600][31.989s][info][gc,phases   ] GC(34) y: Pause Mark Start 0.037ms
[2026-04-03T03:28:27.490+0600][32.069s][info][gc,phases   ] GC(34) y: Concurrent Mark 79.108ms
[2026-04-03T03:28:27.491+0600][32.069s][info][gc,phases   ] GC(34) y: Pause Mark End 0.042ms
[2026-04-03T03:28:27.491+0600][32.069s][info][gc,phases   ] GC(34) y: Concurrent Mark Free 0.003ms
[2026-04-03T03:28:27.491+0600][32.069s][info][gc,phases   ] GC(34) y: Concurrent Reset Relocation Set 0.022ms
[2026-04-03T03:28:27.494+0600][32.072s][info][gc,reloc    ] GC(34) y: Using tenuring threshold: 2 (Computed)
[2026-04-03T03:28:27.495+0600][32.073s][info][gc,phases   ] GC(34) y: Concurrent Select Relocation Set 4.106ms
[2026-04-03T03:28:27.495+0600][32.074s][info][gc,phases   ] GC(34) y: Pause Relocate Start 0.014ms
[2026-04-03T03:28:27.504+0600][32.082s][info][gc,phases   ] GC(31) O: Concurrent Mark 612.095ms
[2026-04-03T03:28:27.504+0600][32.082s][info][gc,phases   ] GC(31) O: Pause Mark End 0.033ms
[2026-04-03T03:28:27.504+0600][32.083s][info][gc,phases   ] GC(31) O: Concurrent Mark Free 0.002ms
[2026-04-03T03:28:27.507+0600][32.086s][info][gc,phases   ] GC(34) y: Concurrent Relocate 11.849ms
[2026-04-03T03:28:27.507+0600][32.086s][info][gc,alloc    ] GC(34) y:                         Mark Start        Mark End      Relocate Start    Relocate End   
[2026-04-03T03:28:27.507+0600][32.086s][info][gc,alloc    ] GC(34) y: Allocation Stalls:          0                0                0                0         
[2026-04-03T03:28:27.507+0600][32.086s][info][gc,load     ] GC(34) y: Load: 4.16 (35%) / 4.51 (38%) / 5.03 (42%)
[2026-04-03T03:28:27.507+0600][32.086s][info][gc,mmu      ] GC(34) y: MMU: 2ms/92.4%, 5ms/97.0%, 10ms/98.5%, 20ms/99.2%, 50ms/99.5%, 100ms/99.7%
[2026-04-03T03:28:27.507+0600][32.086s][info][gc,marking  ] GC(34) y: Mark: 1 stripe(s), 2 proactive flush(es), 1 terminate flush(es), 0 completion(s), 0 continuation(s) 
[2026-04-03T03:28:27.507+0600][32.086s][info][gc,marking  ] GC(34) y: Mark Stack Usage: 32M
[2026-04-03T03:28:27.507+0600][32.086s][info][gc,nmethod  ] GC(34) y: NMethods: 5525 registered, 366 unregistered
[2026-04-03T03:28:27.507+0600][32.086s][info][gc,metaspace] GC(34) y: Metaspace: 68M used, 69M committed, 1088M reserved
[2026-04-03T03:28:27.508+0600][32.086s][info][gc,reloc    ] GC(34) y:                        Candidates     Selected     In-Place         Size        Empty    Relocated 
[2026-04-03T03:28:27.508+0600][32.086s][info][gc,reloc    ] GC(34) y: Small Pages:                   40           37            0          80M           0M           2M 
[2026-04-03T03:28:27.508+0600][32.086s][info][gc,reloc    ] GC(34) y: Medium Pages:                   1            0            0          32M           0M           0M 
[2026-04-03T03:28:27.508+0600][32.086s][info][gc,reloc    ] GC(34) y: Large Pages:                    0            0            0           0M           0M           0M 
[2026-04-03T03:28:27.508+0600][32.086s][info][gc,reloc    ] GC(34) y: Forwarding Usage: 2M
[2026-04-03T03:28:27.508+0600][32.086s][info][gc,reloc    ] GC(34) y: Age Table:
[2026-04-03T03:28:27.508+0600][32.086s][info][gc,reloc    ] GC(34) y:                    Live             Garbage             Small              Medium             Large        
[2026-04-03T03:28:27.508+0600][32.086s][info][gc,reloc    ] GC(34) y: Eden               3M (0%)          104M (7%)          38 / 36             1 / 0              0 / 0        
[2026-04-03T03:28:27.508+0600][32.086s][info][gc,reloc    ] GC(34) y: Survivor 1         1M (0%)            2M (0%)           2 / 1              0 / 0              0 / 0        
[2026-04-03T03:28:27.508+0600][32.086s][info][gc,heap     ] GC(34) y: Min Capacity: 8M(1%)
[2026-04-03T03:28:27.508+0600][32.086s][info][gc,heap     ] GC(34) y: Max Capacity: 1500M(100%)
[2026-04-03T03:28:27.508+0600][32.086s][info][gc,heap     ] GC(34) y: Soft Max Capacity: 1500M(100%)
[2026-04-03T03:28:27.508+0600][32.086s][info][gc,heap     ] GC(34) y: Heap Statistics:
[2026-04-03T03:28:27.508+0600][32.086s][info][gc,heap     ] GC(34) y:                Mark Start          Mark End        Relocate Start      Relocate End           High               Low         
[2026-04-03T03:28:27.508+0600][32.086s][info][gc,heap     ] GC(34) y:  Capacity:     1500M (100%)       1500M (100%)       1500M (100%)       1500M (100%)       1500M (100%)       1500M (100%)   
[2026-04-03T03:28:27.508+0600][32.086s][info][gc,heap     ] GC(34) y:      Free:      798M (53%)         794M (53%)         794M (53%)         864M (58%)         864M (58%)         790M (53%)    
[2026-04-03T03:28:27.508+0600][32.086s][info][gc,heap     ] GC(34) y:      Used:      702M (47%)         706M (47%)         706M (47%)         636M (42%)         710M (47%)         636M (42%)    
[2026-04-03T03:28:27.508+0600][32.086s][info][gc,heap     ] GC(34) y: Young Generation Statistics:
[2026-04-03T03:28:27.508+0600][32.086s][info][gc,heap     ] GC(34) y:                Mark Start          Mark End        Relocate Start      Relocate End    
[2026-04-03T03:28:27.508+0600][32.086s][info][gc,heap     ] GC(34) y:      Used:      112M (7%)          116M (8%)          116M (8%)           46M (3%)     
[2026-04-03T03:28:27.508+0600][32.086s][info][gc,heap     ] GC(34) y:      Live:         -                 4M (0%)            4M (0%)            4M (0%)     
[2026-04-03T03:28:27.508+0600][32.086s][info][gc,heap     ] GC(34) y:   Garbage:         -               107M (7%)          107M (7%)           31M (2%)     
[2026-04-03T03:28:27.508+0600][32.086s][info][gc,heap     ] GC(34) y: Allocated:         -                 4M (0%)            4M (0%)            9M (1%)     
[2026-04-03T03:28:27.508+0600][32.086s][info][gc,heap     ] GC(34) y: Reclaimed:         -                  -                 0M (0%)           75M (5%)     
[2026-04-03T03:28:27.508+0600][32.086s][info][gc,heap     ] GC(34) y:  Promoted:         -                  -                 0M (0%)            0M (0%)     
[2026-04-03T03:28:27.508+0600][32.086s][info][gc,heap     ] GC(34) y: Compacted:         -                  -                  -                 2M (0%)     
[2026-04-03T03:28:27.508+0600][32.086s][info][gc,phases   ] GC(34) y: Young Generation 702M(47%)->636M(42%) 0.097s
[2026-04-03T03:28:27.508+0600][32.086s][info][gc          ] GC(34) Minor Collection (Allocation Rate) 702M(47%)->636M(42%) 0.097s
[2026-04-03T03:28:27.515+0600][32.093s][info][gc,phases   ] GC(31) O: Concurrent Process Non-Strong 10.429ms
[2026-04-03T03:28:27.515+0600][32.093s][info][gc,phases   ] GC(31) O: Concurrent Reset Relocation Set 0.013ms
[2026-04-03T03:28:27.522+0600][32.100s][info][gc,phases   ] GC(31) O: Concurrent Select Relocation Set 6.741ms
[2026-04-03T03:28:27.522+0600][32.100s][info][gc,task     ] GC(31) O: Using 3 Workers for Old Generation
[2026-04-03T03:28:27.550+0600][32.128s][info][gc,task     ] GC(31) O: Using 2 Workers for Old Generation
[2026-04-03T03:28:27.550+0600][32.128s][info][gc,phases   ] GC(31) O: Concurrent Remap Roots 28.347ms
[2026-04-03T03:28:27.550+0600][32.129s][info][gc,phases   ] GC(31) O: Pause Relocate Start 0.023ms
[2026-04-03T03:28:27.609+0600][32.187s][info][gc,phases   ] GC(31) O: Concurrent Relocate 58.290ms
[2026-04-03T03:28:27.609+0600][32.187s][info][gc,alloc    ] GC(31) O:                         Mark Start        Mark End      Relocate Start    Relocate End   
[2026-04-03T03:28:27.609+0600][32.187s][info][gc,alloc    ] GC(31) O: Allocation Stalls:          0                0                0                0         
[2026-04-03T03:28:27.609+0600][32.187s][info][gc,load     ] GC(31) O: Load: 4.16 (35%) / 4.51 (38%) / 5.03 (42%)
[2026-04-03T03:28:27.609+0600][32.187s][info][gc,mmu      ] GC(31) O: MMU: 2ms/92.4%, 5ms/97.0%, 10ms/98.5%, 20ms/99.2%, 50ms/99.5%, 100ms/99.7%
[2026-04-03T03:28:27.609+0600][32.187s][info][gc,marking  ] GC(31) O: Mark: 1 stripe(s), 2 proactive flush(es), 1 terminate flush(es), 0 completion(s), 0 continuation(s) 
[2026-04-03T03:28:27.609+0600][32.187s][info][gc,marking  ] GC(31) O: Mark Stack Usage: 32M
[2026-04-03T03:28:27.609+0600][32.187s][info][gc,nmethod  ] GC(31) O: NMethods: 5495 registered, 396 unregistered
[2026-04-03T03:28:27.609+0600][32.187s][info][gc,metaspace] GC(31) O: Metaspace: 68M used, 69M committed, 1088M reserved
[2026-04-03T03:28:27.609+0600][32.187s][info][gc,ref      ] GC(31) O:                       Encountered   Discovered     Enqueued 
[2026-04-03T03:28:27.609+0600][32.187s][info][gc,ref      ] GC(31) O: Soft References:             4958            0            0 
[2026-04-03T03:28:27.609+0600][32.187s][info][gc,ref      ] GC(31) O: Weak References:             6352         5301          160 
[2026-04-03T03:28:27.609+0600][32.187s][info][gc,ref      ] GC(31) O: Final References:              82            0            0 
[2026-04-03T03:28:27.609+0600][32.187s][info][gc,ref      ] GC(31) O: Phantom References:           596          213            0 
[2026-04-03T03:28:27.609+0600][32.187s][info][gc,reloc    ] GC(31) O:                        Candidates     Selected     In-Place         Size        Empty    Relocated 
[2026-04-03T03:28:27.609+0600][32.187s][info][gc,reloc    ] GC(31) O: Small Pages:                  174           28            0         348M          90M           8M 
[2026-04-03T03:28:27.609+0600][32.187s][info][gc,reloc    ] GC(31) O: Medium Pages:                   1            0            0          32M           0M           0M 
[2026-04-03T03:28:27.609+0600][32.187s][info][gc,reloc    ] GC(31) O: Large Pages:                    6            0            0          60M          50M           0M 
[2026-04-03T03:28:27.609+0600][32.187s][info][gc,reloc    ] GC(31) O: Forwarding Usage: 27M
[2026-04-03T03:28:27.609+0600][32.187s][info][gc,heap     ] GC(31) O: Min Capacity: 8M(1%)
[2026-04-03T03:28:27.609+0600][32.187s][info][gc,heap     ] GC(31) O: Max Capacity: 1500M(100%)
[2026-04-03T03:28:27.609+0600][32.187s][info][gc,heap     ] GC(31) O: Soft Max Capacity: 1500M(100%)
[2026-04-03T03:28:27.609+0600][32.187s][info][gc,heap     ] GC(31) O: Heap Statistics:
[2026-04-03T03:28:27.609+0600][32.187s][info][gc,heap     ] GC(31) O:                Mark Start          Mark End        Relocate Start      Relocate End           High               Low         
[2026-04-03T03:28:27.609+0600][32.187s][info][gc,heap     ] GC(31) O:  Capacity:     1500M (100%)       1500M (100%)       1500M (100%)       1500M (100%)       1500M (100%)       1500M (100%)   
[2026-04-03T03:28:27.609+0600][32.187s][info][gc,heap     ] GC(31) O:      Free:      776M (52%)         852M (57%)        1004M (67%)        1032M (69%)        1056M (70%)         620M (41%)    
[2026-04-03T03:28:27.609+0600][32.187s][info][gc,heap     ] GC(31) O:      Used:      724M (48%)         648M (43%)         496M (33%)         468M (31%)         880M (59%)         444M (30%)    
[2026-04-03T03:28:27.609+0600][32.187s][info][gc,heap     ] GC(31) O: Old Generation Statistics:
[2026-04-03T03:28:27.609+0600][32.187s][info][gc,heap     ] GC(31) O:                Mark Start          Mark End        Relocate Start      Relocate End    
[2026-04-03T03:28:27.609+0600][32.187s][info][gc,heap     ] GC(31) O:      Used:      440M (29%)         590M (39%)         450M (30%)         390M (26%)    
[2026-04-03T03:28:27.609+0600][32.187s][info][gc,heap     ] GC(31) O:      Live:         -               210M (14%)         210M (14%)         210M (14%)    
[2026-04-03T03:28:27.609+0600][32.187s][info][gc,heap     ] GC(31) O:   Garbage:         -               229M (15%)          89M (6%)           29M (2%)     
[2026-04-03T03:28:27.609+0600][32.187s][info][gc,heap     ] GC(31) O: Allocated:         -               150M (10%)         150M (10%)         149M (10%)    
[2026-04-03T03:28:27.609+0600][32.187s][info][gc,heap     ] GC(31) O: Reclaimed:         -                  -               140M (9%)          199M (13%)    
[2026-04-03T03:28:27.609+0600][32.187s][info][gc,heap     ] GC(31) O: Compacted:         -                  -                  -                26M (2%)     
[2026-04-03T03:28:27.609+0600][32.187s][info][gc,phases   ] GC(31) O: Old Generation 782M(52%)->468M(31%) 0.717s
[2026-04-03T03:28:27.609+0600][32.187s][info][gc          ] GC(31) Major Collection (Allocation Rate) 724M(48%)->468M(31%) 1.295s
[2026-04-03T03:28:28.227+0600][32.805s][info][gc          ] GC(35) Major Collection (Allocation Rate)
[2026-04-03T03:28:28.227+0600][32.805s][info][gc,task     ] GC(35) Using 3 Workers for Young Generation
[2026-04-03T03:28:28.227+0600][32.805s][info][gc,task     ] GC(35) Using 2 Workers for Old Generation
[2026-04-03T03:28:28.227+0600][32.806s][info][gc,phases   ] GC(35) Y: Young Generation
[2026-04-03T03:28:28.227+0600][32.806s][info][gc,phases   ] GC(35) Y: Pause Mark Start (Major) 0.040ms
[2026-04-03T03:28:28.386+0600][32.964s][info][gc,phases   ] GC(35) Y: Concurrent Mark 158.020ms
[2026-04-03T03:28:28.386+0600][32.964s][info][gc,phases   ] GC(35) Y: Pause Mark End 0.031ms
[2026-04-03T03:28:28.386+0600][32.964s][info][gc,phases   ] GC(35) Y: Concurrent Mark Free 0.001ms
[2026-04-03T03:28:28.386+0600][32.964s][info][gc,phases   ] GC(35) Y: Concurrent Reset Relocation Set 0.008ms
[2026-04-03T03:28:28.392+0600][32.970s][info][gc,reloc    ] GC(35) Y: Using tenuring threshold: 3 (Computed)
[2026-04-03T03:28:28.402+0600][32.980s][info][gc,phases   ] GC(35) Y: Concurrent Select Relocation Set 16.012ms
[2026-04-03T03:28:28.402+0600][32.981s][info][gc,phases   ] GC(35) Y: Pause Relocate Start 0.026ms
[2026-04-03T03:28:28.440+0600][33.018s][info][gc,phases   ] GC(35) Y: Concurrent Relocate 37.198ms
[2026-04-03T03:28:28.440+0600][33.018s][info][gc,alloc    ] GC(35) Y:                         Mark Start        Mark End      Relocate Start    Relocate End   
[2026-04-03T03:28:28.440+0600][33.018s][info][gc,alloc    ] GC(35) Y: Allocation Stalls:          0                0                0                0         
[2026-04-03T03:28:28.440+0600][33.018s][info][gc,load     ] GC(35) Y: Load: 4.16 (35%) / 4.51 (38%) / 5.03 (42%)
[2026-04-03T03:28:28.440+0600][33.018s][info][gc,mmu      ] GC(35) Y: MMU: 2ms/92.4%, 5ms/97.0%, 10ms/98.5%, 20ms/99.2%, 50ms/99.5%, 100ms/99.7%
[2026-04-03T03:28:28.440+0600][33.018s][info][gc,marking  ] GC(35) Y: Mark: 2 stripe(s), 10 proactive flush(es), 1 terminate flush(es), 0 completion(s), 0 continuation(s) 
[2026-04-03T03:28:28.440+0600][33.018s][info][gc,marking  ] GC(35) Y: Mark Stack Usage: 32M
[2026-04-03T03:28:28.440+0600][33.018s][info][gc,nmethod  ] GC(35) Y: NMethods: 5592 registered, 396 unregistered
[2026-04-03T03:28:28.440+0600][33.018s][info][gc,metaspace] GC(35) Y: Metaspace: 68M used, 69M committed, 1088M reserved
[2026-04-03T03:28:28.440+0600][33.018s][info][gc,reloc    ] GC(35) Y:                        Candidates     Selected     In-Place         Size        Empty    Relocated 
[2026-04-03T03:28:28.440+0600][33.018s][info][gc,reloc    ] GC(35) Y: Small Pages:                   79           59            0         158M          12M          13M 
[2026-04-03T03:28:28.440+0600][33.018s][info][gc,reloc    ] GC(35) Y: Medium Pages:                   2            0            0          64M          64M           0M 
[2026-04-03T03:28:28.440+0600][33.018s][info][gc,reloc    ] GC(35) Y: Large Pages:                    4            0            0          24M           6M           0M 
[2026-04-03T03:28:28.440+0600][33.018s][info][gc,reloc    ] GC(35) Y: Forwarding Usage: 21M
[2026-04-03T03:28:28.440+0600][33.018s][info][gc,reloc    ] GC(35) Y: Age Table:
[2026-04-03T03:28:28.440+0600][33.018s][info][gc,reloc    ] GC(35) Y:                    Live             Garbage             Small              Medium             Large        
[2026-04-03T03:28:28.440+0600][33.018s][info][gc,reloc    ] GC(35) Y: Eden              37M (2%)          166M (11%)         74 / 57             1 / 0              4 / 0        
[2026-04-03T03:28:28.440+0600][33.018s][info][gc,reloc    ] GC(35) Y: Survivor 1         2M (0%)           35M (2%)           3 / 2              1 / 0              0 / 0        
[2026-04-03T03:28:28.440+0600][33.018s][info][gc,reloc    ] GC(35) Y: Survivor 2         1M (0%)            2M (0%)           2 / 0              0 / 0              0 / 0        
[2026-04-03T03:28:28.440+0600][33.019s][info][gc,heap     ] GC(35) Y: Min Capacity: 8M(1%)
[2026-04-03T03:28:28.440+0600][33.019s][info][gc,heap     ] GC(35) Y: Max Capacity: 1500M(100%)
[2026-04-03T03:28:28.440+0600][33.019s][info][gc,heap     ] GC(35) Y: Soft Max Capacity: 1500M(100%)
[2026-04-03T03:28:28.440+0600][33.019s][info][gc,heap     ] GC(35) Y: Heap Statistics:
[2026-04-03T03:28:28.440+0600][33.019s][info][gc,heap     ] GC(35) Y:                Mark Start          Mark End        Relocate Start      Relocate End           High               Low         
[2026-04-03T03:28:28.440+0600][33.019s][info][gc,heap     ] GC(35) Y:  Capacity:     1500M (100%)       1500M (100%)       1500M (100%)       1500M (100%)       1500M (100%)       1500M (100%)   
[2026-04-03T03:28:28.440+0600][33.019s][info][gc,heap     ] GC(35) Y:      Free:      864M (58%)         788M (53%)         866M (58%)         960M (64%)         962M (64%)         786M (52%)    
[2026-04-03T03:28:28.440+0600][33.019s][info][gc,heap     ] GC(35) Y:      Used:      636M (42%)         712M (47%)         634M (42%)         540M (36%)         714M (48%)         538M (36%)    
[2026-04-03T03:28:28.440+0600][33.019s][info][gc,heap     ] GC(35) Y: Young Generation Statistics:
[2026-04-03T03:28:28.440+0600][33.019s][info][gc,heap     ] GC(35) Y:                Mark Start          Mark End        Relocate Start      Relocate End    
[2026-04-03T03:28:28.440+0600][33.019s][info][gc,heap     ] GC(35) Y:      Used:      246M (16%)         322M (21%)         244M (16%)         150M (10%)    
[2026-04-03T03:28:28.440+0600][33.019s][info][gc,heap     ] GC(35) Y:      Live:         -                41M (3%)           41M (3%)           41M (3%)     
[2026-04-03T03:28:28.440+0600][33.019s][info][gc,heap     ] GC(35) Y:   Garbage:         -               204M (14%)         122M (8%)            1M (0%)     
[2026-04-03T03:28:28.440+0600][33.019s][info][gc,heap     ] GC(35) Y: Allocated:         -                76M (5%)           80M (5%)          106M (7%)     
[2026-04-03T03:28:28.440+0600][33.019s][info][gc,heap     ] GC(35) Y: Reclaimed:         -                  -                82M (5%)          202M (14%)    
[2026-04-03T03:28:28.440+0600][33.019s][info][gc,heap     ] GC(35) Y:  Promoted:         -                  -                 0M (0%)            0M (0%)     
[2026-04-03T03:28:28.440+0600][33.019s][info][gc,heap     ] GC(35) Y: Compacted:         -                  -                  -                19M (1%)     
[2026-04-03T03:28:28.440+0600][33.019s][info][gc,phases   ] GC(35) Y: Young Generation 636M(42%)->540M(36%) 0.213s
[2026-04-03T03:28:28.440+0600][33.019s][info][gc,phases   ] GC(35) O: Old Generation
[2026-04-03T03:28:28.523+0600][33.102s][info][gc,task     ] Adjusting Workers for Old Generation: 2 -> 1
[2026-04-03T03:28:28.523+0600][33.102s][info][gc          ] GC(36) Minor Collection (Allocation Rate)
[2026-04-03T03:28:28.523+0600][33.102s][info][gc,task     ] GC(36) Using 2 Workers for Young Generation
[2026-04-03T03:28:28.524+0600][33.102s][info][gc,phases   ] GC(36) y: Young Generation
[2026-04-03T03:28:28.524+0600][33.102s][info][gc,phases   ] GC(36) y: Pause Mark Start 0.157ms
[2026-04-03T03:28:28.619+0600][33.197s][info][gc,phases   ] GC(36) y: Concurrent Mark 94.485ms
[2026-04-03T03:28:28.619+0600][33.197s][info][gc,phases   ] GC(36) y: Pause Mark End 0.025ms
[2026-04-03T03:28:28.619+0600][33.197s][info][gc,phases   ] GC(36) y: Concurrent Mark Free 0.001ms
[2026-04-03T03:28:28.619+0600][33.197s][info][gc,phases   ] GC(36) y: Concurrent Reset Relocation Set 0.018ms
[2026-04-03T03:28:28.624+0600][33.203s][info][gc,reloc    ] GC(36) y: Using tenuring threshold: 4 (Computed)
[2026-04-03T03:28:28.627+0600][33.205s][info][gc,phases   ] GC(36) y: Concurrent Select Relocation Set 7.691ms
[2026-04-03T03:28:28.627+0600][33.205s][info][gc,phases   ] GC(36) y: Pause Relocate Start 0.021ms
[2026-04-03T03:28:28.649+0600][33.228s][info][gc,phases   ] GC(36) y: Concurrent Relocate 22.168ms
[2026-04-03T03:28:28.650+0600][33.228s][info][gc,alloc    ] GC(36) y:                         Mark Start        Mark End      Relocate Start    Relocate End   
[2026-04-03T03:28:28.650+0600][33.228s][info][gc,alloc    ] GC(36) y: Allocation Stalls:          0                0                0                0         
[2026-04-03T03:28:28.650+0600][33.228s][info][gc,load     ] GC(36) y: Load: 4.16 (35%) / 4.51 (38%) / 5.03 (42%)
[2026-04-03T03:28:28.650+0600][33.228s][info][gc,mmu      ] GC(36) y: MMU: 2ms/92.1%, 5ms/96.9%, 10ms/98.4%, 20ms/99.2%, 50ms/99.5%, 100ms/99.7%
[2026-04-03T03:28:28.650+0600][33.228s][info][gc,marking  ] GC(36) y: Mark: 2 stripe(s), 3 proactive flush(es), 1 terminate flush(es), 0 completion(s), 0 continuation(s) 
[2026-04-03T03:28:28.650+0600][33.228s][info][gc,marking  ] GC(36) y: Mark Stack Usage: 32M
[2026-04-03T03:28:28.650+0600][33.228s][info][gc,nmethod  ] GC(36) y: NMethods: 5654 registered, 396 unregistered
[2026-04-03T03:28:28.650+0600][33.228s][info][gc,metaspace] GC(36) y: Metaspace: 68M used, 69M committed, 1088M reserved
[2026-04-03T03:28:28.650+0600][33.228s][info][gc,reloc    ] GC(36) y:                        Candidates     Selected     In-Place         Size        Empty    Relocated 
[2026-04-03T03:28:28.650+0600][33.228s][info][gc,reloc    ] GC(36) y: Small Pages:                   75           26            0         150M          84M           7M 
[2026-04-03T03:28:28.650+0600][33.228s][info][gc,reloc    ] GC(36) y: Medium Pages:                   1            0            0          32M           0M           0M 
[2026-04-03T03:28:28.650+0600][33.228s][info][gc,reloc    ] GC(36) y: Large Pages:                    6            0            0          48M          38M           0M 
[2026-04-03T03:28:28.650+0600][33.228s][info][gc,reloc    ] GC(36) y: Forwarding Usage: 10M
[2026-04-03T03:28:28.650+0600][33.228s][info][gc,reloc    ] GC(36) y: Age Table:
[2026-04-03T03:28:28.650+0600][33.228s][info][gc,reloc    ] GC(36) y:                    Live             Garbage             Small              Medium             Large        
[2026-04-03T03:28:28.650+0600][33.228s][info][gc,reloc    ] GC(36) y: Eden              15M (1%)          158M (11%)         56 / 13             1 / 0              3 / 0        
[2026-04-03T03:28:28.650+0600][33.228s][info][gc,reloc    ] GC(36) y: Survivor 1         3M (0%)           44M (3%)          15 / 10             0 / 0              3 / 0        
[2026-04-03T03:28:28.650+0600][33.228s][info][gc,reloc    ] GC(36) y: Survivor 2         2M (0%)            1M (0%)           2 / 1              0 / 0              0 / 0        
[2026-04-03T03:28:28.650+0600][33.228s][info][gc,reloc    ] GC(36) y: Survivor 3         1M (0%)            2M (0%)           2 / 2              0 / 0              0 / 0        
[2026-04-03T03:28:28.650+0600][33.228s][info][gc,heap     ] GC(36) y: Min Capacity: 8M(1%)
[2026-04-03T03:28:28.650+0600][33.228s][info][gc,heap     ] GC(36) y: Max Capacity: 1500M(100%)
[2026-04-03T03:28:28.650+0600][33.228s][info][gc,heap     ] GC(36) y: Soft Max Capacity: 1500M(100%)
[2026-04-03T03:28:28.650+0600][33.228s][info][gc,heap     ] GC(36) y: Heap Statistics:
[2026-04-03T03:28:28.650+0600][33.228s][info][gc,heap     ] GC(36) y:                Mark Start          Mark End        Relocate Start      Relocate End           High               Low         
[2026-04-03T03:28:28.650+0600][33.228s][info][gc,heap     ] GC(36) y:  Capacity:     1500M (100%)       1500M (100%)       1500M (100%)       1500M (100%)       1500M (100%)       1500M (100%)   
[2026-04-03T03:28:28.650+0600][33.228s][info][gc,heap     ] GC(36) y:      Free:      880M (59%)         812M (54%)         932M (62%)         976M (65%)         976M (65%)         810M (54%)    
[2026-04-03T03:28:28.650+0600][33.228s][info][gc,heap     ] GC(36) y:      Used:      620M (41%)         688M (46%)         568M (38%)         524M (35%)         690M (46%)         524M (35%)    
[2026-04-03T03:28:28.650+0600][33.228s][info][gc,heap     ] GC(36) y: Young Generation Statistics:
[2026-04-03T03:28:28.650+0600][33.228s][info][gc,heap     ] GC(36) y:                Mark Start          Mark End        Relocate Start      Relocate End    
[2026-04-03T03:28:28.650+0600][33.228s][info][gc,heap     ] GC(36) y:      Used:      230M (15%)         298M (20%)         178M (12%)         134M (9%)     
[2026-04-03T03:28:28.650+0600][33.228s][info][gc,heap     ] GC(36) y:      Live:         -                22M (2%)           22M (2%)           22M (2%)     
[2026-04-03T03:28:28.650+0600][33.228s][info][gc,heap     ] GC(36) y:   Garbage:         -               207M (14%)          85M (6%)           30M (2%)     
[2026-04-03T03:28:28.650+0600][33.228s][info][gc,heap     ] GC(36) y: Allocated:         -                68M (5%)           70M (5%)           80M (5%)     
[2026-04-03T03:28:28.650+0600][33.228s][info][gc,heap     ] GC(36) y: Reclaimed:         -                  -               122M (8%)          176M (12%)    
[2026-04-03T03:28:28.650+0600][33.228s][info][gc,heap     ] GC(36) y:  Promoted:         -                  -                 0M (0%)            0M (0%)     
[2026-04-03T03:28:28.650+0600][33.228s][info][gc,heap     ] GC(36) y: Compacted:         -                  -                  -                 9M (1%)     
[2026-04-03T03:28:28.650+0600][33.228s][info][gc,phases   ] GC(36) y: Young Generation 620M(41%)->524M(35%) 0.126s
[2026-04-03T03:28:28.650+0600][33.228s][info][gc          ] GC(36) Minor Collection (Allocation Rate) 620M(41%)->524M(35%) 0.127s
[2026-04-03T03:28:28.996+0600][33.574s][info][gc          ] GC(37) Minor Collection (Allocation Rate)
[2026-04-03T03:28:28.996+0600][33.574s][info][gc,task     ] GC(37) Using 2 Workers for Young Generation
[2026-04-03T03:28:28.996+0600][33.574s][info][gc,phases   ] GC(37) y: Young Generation
[2026-04-03T03:28:28.996+0600][33.574s][info][gc,phases   ] GC(37) y: Pause Mark Start 0.030ms
[2026-04-03T03:28:29.206+0600][33.784s][info][gc,phases   ] GC(35) O: Concurrent Mark 765.077ms
[2026-04-03T03:28:29.217+0600][33.795s][info][gc,phases   ] GC(35) O: Pause Mark End 0.050ms
[2026-04-03T03:28:29.217+0600][33.796s][info][gc,phases   ] GC(35) O: Concurrent Mark Free 0.003ms
[2026-04-03T03:28:29.221+0600][33.799s][info][gc,phases   ] GC(37) y: Concurrent Mark 224.438ms
[2026-04-03T03:28:29.221+0600][33.799s][info][gc,phases   ] GC(37) y: Pause Mark End 0.031ms
[2026-04-03T03:28:29.221+0600][33.799s][info][gc,phases   ] GC(37) y: Concurrent Mark Free 0.003ms
[2026-04-03T03:28:29.221+0600][33.800s][info][gc,phases   ] GC(37) y: Concurrent Reset Relocation Set 0.013ms
[2026-04-03T03:28:29.228+0600][33.807s][info][gc,reloc    ] GC(37) y: Using tenuring threshold: 1 (Computed)
[2026-04-03T03:28:29.244+0600][33.823s][info][gc,phases   ] GC(37) y: Concurrent Select Relocation Set 23.066ms
[2026-04-03T03:28:29.245+0600][33.823s][info][gc,phases   ] GC(37) y: Pause Relocate Start 0.028ms
[2026-04-03T03:28:29.246+0600][33.824s][info][gc,phases   ] GC(35) O: Concurrent Process Non-Strong 28.161ms
[2026-04-03T03:28:29.246+0600][33.824s][info][gc,phases   ] GC(35) O: Concurrent Reset Relocation Set 0.014ms
[2026-04-03T03:28:29.260+0600][33.838s][info][gc,phases   ] GC(35) O: Concurrent Select Relocation Set 13.897ms
[2026-04-03T03:28:29.322+0600][33.901s][info][gc,phases   ] GC(37) y: Concurrent Relocate 77.277ms
[2026-04-03T03:28:29.323+0600][33.901s][info][gc,alloc    ] GC(37) y:                         Mark Start        Mark End      Relocate Start    Relocate End   
[2026-04-03T03:28:29.323+0600][33.901s][info][gc,alloc    ] GC(37) y: Allocation Stalls:          0                0                0                0         
[2026-04-03T03:28:29.323+0600][33.901s][info][gc,load     ] GC(37) y: Load: 4.16 (35%) / 4.51 (38%) / 5.03 (42%)
[2026-04-03T03:28:29.323+0600][33.901s][info][gc,mmu      ] GC(37) y: MMU: 2ms/92.1%, 5ms/96.9%, 10ms/98.4%, 20ms/99.2%, 50ms/99.5%, 100ms/99.7%
[2026-04-03T03:28:29.323+0600][33.901s][info][gc,marking  ] GC(37) y: Mark: 2 stripe(s), 2 proactive flush(es), 1 terminate flush(es), 0 completion(s), 0 continuation(s) 
[2026-04-03T03:28:29.323+0600][33.901s][info][gc,marking  ] GC(37) y: Mark Stack Usage: 32M
[2026-04-03T03:28:29.323+0600][33.901s][info][gc,nmethod  ] GC(37) y: NMethods: 5765 registered, 431 unregistered
[2026-04-03T03:28:29.323+0600][33.901s][info][gc,metaspace] GC(37) y: Metaspace: 68M used, 69M committed, 1088M reserved
[2026-04-03T03:28:29.323+0600][33.901s][info][gc,reloc    ] GC(37) y:                        Candidates     Selected     In-Place         Size        Empty    Relocated 
[2026-04-03T03:28:29.323+0600][33.901s][info][gc,reloc    ] GC(37) y: Small Pages:                   96           70            0         192M          22M          15M 
[2026-04-03T03:28:29.323+0600][33.901s][info][gc,reloc    ] GC(37) y: Medium Pages:                   2            0            0          64M          64M           0M 
[2026-04-03T03:28:29.323+0600][33.901s][info][gc,reloc    ] GC(37) y: Large Pages:                    5            0            0          34M          16M           0M 
[2026-04-03T03:28:29.323+0600][33.901s][info][gc,reloc    ] GC(37) y: Forwarding Usage: 22M
[2026-04-03T03:28:29.323+0600][33.901s][info][gc,reloc    ] GC(37) y: Age Table:
[2026-04-03T03:28:29.323+0600][33.901s][info][gc,reloc    ] GC(37) y:                    Live             Garbage             Small              Medium             Large        
[2026-04-03T03:28:29.323+0600][33.901s][info][gc,reloc    ] GC(37) y: Eden              38M (3%)          187M (12%)         85 / 65             1 / 0              4 / 0        
[2026-04-03T03:28:29.323+0600][33.901s][info][gc,reloc    ] GC(37) y: Survivor 1         0M (0%)           47M (3%)           3 / 1              1 / 0              1 / 0        
[2026-04-03T03:28:29.323+0600][33.901s][info][gc,reloc    ] GC(37) y: Survivor 2         0M (0%)            9M (1%)           5 / 3              0 / 0              0 / 0        
[2026-04-03T03:28:29.323+0600][33.901s][info][gc,reloc    ] GC(37) y: Survivor 3         2M (0%)            1M (0%)           2 / 1              0 / 0              0 / 0        
[2026-04-03T03:28:29.323+0600][33.901s][info][gc,reloc    ] GC(37) y: Survivor 4         1M (0%)            0M (0%)           1 / 0              0 / 0              0 / 0        
[2026-04-03T03:28:29.323+0600][33.901s][info][gc,heap     ] GC(37) y: Min Capacity: 8M(1%)
[2026-04-03T03:28:29.323+0600][33.901s][info][gc,heap     ] GC(37) y: Max Capacity: 1500M(100%)
[2026-04-03T03:28:29.323+0600][33.901s][info][gc,heap     ] GC(37) y: Soft Max Capacity: 1500M(100%)
[2026-04-03T03:28:29.323+0600][33.901s][info][gc,heap     ] GC(37) y: Heap Statistics:
[2026-04-03T03:28:29.323+0600][33.901s][info][gc,heap     ] GC(37) y:                Mark Start          Mark End        Relocate Start      Relocate End           High               Low         
[2026-04-03T03:28:29.323+0600][33.901s][info][gc,heap     ] GC(37) y:  Capacity:     1500M (100%)       1500M (100%)       1500M (100%)       1500M (100%)       1500M (100%)       1500M (100%)   
[2026-04-03T03:28:29.323+0600][33.901s][info][gc,heap     ] GC(37) y:      Free:      820M (55%)         720M (48%)         810M (54%)        1058M (71%)        1062M (71%)         720M (48%)    
[2026-04-03T03:28:29.323+0600][33.901s][info][gc,heap     ] GC(37) y:      Used:      680M (45%)         780M (52%)         690M (46%)         442M (29%)         780M (52%)         438M (29%)    
[2026-04-03T03:28:29.323+0600][33.901s][info][gc,heap     ] GC(37) y: Young Generation Statistics:
[2026-04-03T03:28:29.323+0600][33.901s][info][gc,heap     ] GC(37) y:                Mark Start          Mark End        Relocate Start      Relocate End    
[2026-04-03T03:28:29.323+0600][33.901s][info][gc,heap     ] GC(37) y:      Used:      290M (19%)         390M (26%)         296M (20%)         212M (14%)    
[2026-04-03T03:28:29.323+0600][33.901s][info][gc,heap     ] GC(37) y:      Live:         -                42M (3%)           39M (3%)           38M (3%)     
[2026-04-03T03:28:29.323+0600][33.901s][info][gc,heap     ] GC(37) y:   Garbage:         -               247M (16%)         144M (10%)           1M (0%)     
[2026-04-03T03:28:29.323+0600][33.901s][info][gc,heap     ] GC(37) y: Allocated:         -               100M (7%)          112M (7%)          171M (11%)    
[2026-04-03T03:28:29.323+0600][33.901s][info][gc,heap     ] GC(37) y: Reclaimed:         -                  -               102M (7%)          245M (16%)    
[2026-04-03T03:28:29.323+0600][33.901s][info][gc,heap     ] GC(37) y:  Promoted:         -                  -                 3M (0%)            3M (0%)     
[2026-04-03T03:28:29.323+0600][33.901s][info][gc,heap     ] GC(37) y: Compacted:         -                  -                  -                20M (1%)     
[2026-04-03T03:28:29.323+0600][33.901s][info][gc,phases   ] GC(37) y: Young Generation 680M(45%)->442M(29%) 0.327s
[2026-04-03T03:28:29.323+0600][33.901s][info][gc          ] GC(37) Minor Collection (Allocation Rate) 680M(45%)->444M(30%) 0.328s
[2026-04-03T03:28:29.323+0600][33.902s][info][gc,task     ] GC(35) O: Using 3 Workers for Old Generation
[2026-04-03T03:28:29.352+0600][33.931s][info][gc,task     ] GC(35) O: Using 1 Workers for Old Generation
[2026-04-03T03:28:29.353+0600][33.931s][info][gc,phases   ] GC(35) O: Concurrent Remap Roots 29.117ms
[2026-04-03T03:28:29.353+0600][33.931s][info][gc,phases   ] GC(35) O: Pause Relocate Start 0.033ms
[2026-04-03T03:28:29.372+0600][33.951s][info][gc,phases   ] GC(35) O: Concurrent Relocate 19.477ms
[2026-04-03T03:28:29.373+0600][33.951s][info][gc,alloc    ] GC(35) O:                         Mark Start        Mark End      Relocate Start    Relocate End   
[2026-04-03T03:28:29.373+0600][33.951s][info][gc,alloc    ] GC(35) O: Allocation Stalls:          0                0                0                0         
[2026-04-03T03:28:29.373+0600][33.951s][info][gc,load     ] GC(35) O: Load: 4.16 (35%) / 4.51 (38%) / 5.03 (42%)
[2026-04-03T03:28:29.373+0600][33.951s][info][gc,mmu      ] GC(35) O: MMU: 2ms/92.1%, 5ms/96.9%, 10ms/98.4%, 20ms/99.2%, 50ms/99.5%, 100ms/99.7%
[2026-04-03T03:28:29.373+0600][33.951s][info][gc,marking  ] GC(35) O: Mark: 2 stripe(s), 2 proactive flush(es), 1 terminate flush(es), 0 completion(s), 0 continuation(s) 
[2026-04-03T03:28:29.373+0600][33.951s][info][gc,marking  ] GC(35) O: Mark Stack Usage: 32M
[2026-04-03T03:28:29.373+0600][33.951s][info][gc,nmethod  ] GC(35) O: NMethods: 5797 registered, 431 unregistered
[2026-04-03T03:28:29.373+0600][33.951s][info][gc,metaspace] GC(35) O: Metaspace: 68M used, 69M committed, 1088M reserved
[2026-04-03T03:28:29.373+0600][33.951s][info][gc,ref      ] GC(35) O:                       Encountered   Discovered     Enqueued 
[2026-04-03T03:28:29.373+0600][33.951s][info][gc,ref      ] GC(35) O: Soft References:             5043            0            0 
[2026-04-03T03:28:29.373+0600][33.951s][info][gc,ref      ] GC(35) O: Weak References:             7393         4622            6 
[2026-04-03T03:28:29.373+0600][33.951s][info][gc,ref      ] GC(35) O: Final References:              82            0            0 
[2026-04-03T03:28:29.373+0600][33.951s][info][gc,ref      ] GC(35) O: Phantom References:           598          211            0 
[2026-04-03T03:28:29.373+0600][33.951s][info][gc,reloc    ] GC(35) O:                        Candidates     Selected     In-Place         Size        Empty    Relocated 
[2026-04-03T03:28:29.373+0600][33.951s][info][gc,reloc    ] GC(35) O: Small Pages:                  131           10            0         262M          76M           3M 
[2026-04-03T03:28:29.373+0600][33.951s][info][gc,reloc    ] GC(35) O: Medium Pages:                   2            0            0          64M          32M           0M 
[2026-04-03T03:28:29.373+0600][33.951s][info][gc,reloc    ] GC(35) O: Large Pages:                    4            0            0          64M          64M           0M 
[2026-04-03T03:28:29.373+0600][33.951s][info][gc,reloc    ] GC(35) O: Forwarding Usage: 2M
[2026-04-03T03:28:29.373+0600][33.951s][info][gc,heap     ] GC(35) O: Min Capacity: 8M(1%)
[2026-04-03T03:28:29.373+0600][33.951s][info][gc,heap     ] GC(35) O: Max Capacity: 1500M(100%)
[2026-04-03T03:28:29.373+0600][33.951s][info][gc,heap     ] GC(35) O: Soft Max Capacity: 1500M(100%)
[2026-04-03T03:28:29.373+0600][33.951s][info][gc,heap     ] GC(35) O: Heap Statistics:
[2026-04-03T03:28:29.373+0600][33.951s][info][gc,heap     ] GC(35) O:                Mark Start          Mark End        Relocate Start      Relocate End           High               Low         
[2026-04-03T03:28:29.373+0600][33.951s][info][gc,heap     ] GC(35) O:  Capacity:     1500M (100%)       1500M (100%)       1500M (100%)       1500M (100%)       1500M (100%)       1500M (100%)   
[2026-04-03T03:28:29.373+0600][33.951s][info][gc,heap     ] GC(35) O:      Free:      864M (58%)         722M (48%)        1010M (67%)        1010M (67%)        1062M (71%)         720M (48%)    
[2026-04-03T03:28:29.373+0600][33.951s][info][gc,heap     ] GC(35) O:      Used:      636M (42%)         778M (52%)         490M (33%)         490M (33%)         780M (52%)         438M (29%)    
[2026-04-03T03:28:29.373+0600][33.951s][info][gc,heap     ] GC(35) O: Old Generation Statistics:
[2026-04-03T03:28:29.373+0600][33.951s][info][gc,heap     ] GC(35) O:                Mark Start          Mark End        Relocate Start      Relocate End    
[2026-04-03T03:28:29.373+0600][33.951s][info][gc,heap     ] GC(35) O:      Used:      390M (26%)         390M (26%)         230M (15%)         224M (15%)    
[2026-04-03T03:28:29.373+0600][33.951s][info][gc,heap     ] GC(35) O:      Live:         -               169M (11%)         169M (11%)         169M (11%)    
[2026-04-03T03:28:29.373+0600][33.951s][info][gc,heap     ] GC(35) O:   Garbage:         -               220M (15%)          48M (3%)           27M (2%)     
[2026-04-03T03:28:29.373+0600][33.951s][info][gc,heap     ] GC(35) O: Allocated:         -                 0M (0%)           12M (1%)           26M (2%)     
[2026-04-03T03:28:29.373+0600][33.951s][info][gc,heap     ] GC(35) O: Reclaimed:         -                  -               172M (11%)         192M (13%)    
[2026-04-03T03:28:29.373+0600][33.951s][info][gc,heap     ] GC(35) O: Compacted:         -                  -                  -                 5M (0%)     
[2026-04-03T03:28:29.373+0600][33.951s][info][gc,phases   ] GC(35) O: Old Generation 540M(36%)->490M(33%) 0.932s
[2026-04-03T03:28:29.373+0600][33.951s][info][gc          ] GC(35) Major Collection (Allocation Rate) 636M(42%)->490M(33%) 1.146s
[2026-04-03T03:28:30.221+0600][34.799s][info][gc          ] GC(38) Minor Collection (Allocation Rate)
[2026-04-03T03:28:30.221+0600][34.799s][info][gc,task     ] GC(38) Using 2 Workers for Young Generation
[2026-04-03T03:28:30.221+0600][34.799s][info][gc,phases   ] GC(38) y: Young Generation
[2026-04-03T03:28:30.221+0600][34.799s][info][gc,phases   ] GC(38) y: Pause Mark Start 0.023ms
[2026-04-03T03:28:30.356+0600][34.934s][info][gc,phases   ] GC(38) y: Concurrent Mark 134.364ms
[2026-04-03T03:28:30.356+0600][34.934s][info][gc,phases   ] GC(38) y: Pause Mark End 0.023ms
[2026-04-03T03:28:30.356+0600][34.934s][info][gc,phases   ] GC(38) y: Concurrent Mark Free 0.002ms
[2026-04-03T03:28:30.356+0600][34.934s][info][gc,phases   ] GC(38) y: Concurrent Reset Relocation Set 0.030ms
[2026-04-03T03:28:30.362+0600][34.940s][info][gc,reloc    ] GC(38) y: Using tenuring threshold: 2 (Computed)
[2026-04-03T03:28:30.366+0600][34.945s][info][gc,phases   ] GC(38) y: Concurrent Select Relocation Set 10.127ms
[2026-04-03T03:28:30.367+0600][34.945s][info][gc,phases   ] GC(38) y: Pause Relocate Start 0.025ms
[2026-04-03T03:28:30.417+0600][34.996s][info][gc,phases   ] GC(38) y: Concurrent Relocate 50.586ms
[2026-04-03T03:28:30.417+0600][34.996s][info][gc,alloc    ] GC(38) y:                         Mark Start        Mark End      Relocate Start    Relocate End   
[2026-04-03T03:28:30.417+0600][34.996s][info][gc,alloc    ] GC(38) y: Allocation Stalls:          0                0                0                0         
[2026-04-03T03:28:30.417+0600][34.996s][info][gc,load     ] GC(38) y: Load: 4.16 (35%) / 4.51 (38%) / 5.03 (42%)
[2026-04-03T03:28:30.417+0600][34.996s][info][gc,mmu      ] GC(38) y: MMU: 2ms/92.1%, 5ms/96.9%, 10ms/98.4%, 20ms/99.2%, 50ms/99.5%, 100ms/99.7%
[2026-04-03T03:28:30.417+0600][34.996s][info][gc,marking  ] GC(38) y: Mark: 2 stripe(s), 2 proactive flush(es), 1 terminate flush(es), 0 completion(s), 0 continuation(s) 
[2026-04-03T03:28:30.417+0600][34.996s][info][gc,marking  ] GC(38) y: Mark Stack Usage: 32M
[2026-04-03T03:28:30.418+0600][34.996s][info][gc,nmethod  ] GC(38) y: NMethods: 6035 registered, 431 unregistered
[2026-04-03T03:28:30.418+0600][34.996s][info][gc,metaspace] GC(38) y: Metaspace: 69M used, 70M committed, 1088M reserved
[2026-04-03T03:28:30.418+0600][34.996s][info][gc,reloc    ] GC(38) y:                        Candidates     Selected     In-Place         Size        Empty    Relocated 
[2026-04-03T03:28:30.418+0600][34.996s][info][gc,reloc    ] GC(38) y: Small Pages:                  265          105            0         530M         290M          19M 
[2026-04-03T03:28:30.418+0600][34.996s][info][gc,reloc    ] GC(38) y: Medium Pages:                   1            0            0          32M          32M           0M 
[2026-04-03T03:28:30.418+0600][34.996s][info][gc,reloc    ] GC(38) y: Large Pages:                   13            0            0         102M          72M           0M 
[2026-04-03T03:28:30.418+0600][34.996s][info][gc,reloc    ] GC(38) y: Forwarding Usage: 25M
[2026-04-03T03:28:30.418+0600][34.996s][info][gc,reloc    ] GC(38) y: Age Table:
[2026-04-03T03:28:30.418+0600][34.996s][info][gc,reloc    ] GC(38) y:                    Live             Garbage             Small              Medium             Large        
[2026-04-03T03:28:30.418+0600][34.996s][info][gc,reloc    ] GC(38) y: Eden              54M (4%)          555M (37%)        247 / 98             1 / 0             10 / 0        
[2026-04-03T03:28:30.418+0600][34.996s][info][gc,reloc    ] GC(38) y: Survivor 1         0M (0%)           53M (4%)          18 / 7              0 / 0              3 / 0        
[2026-04-03T03:28:30.418+0600][34.996s][info][gc,heap     ] GC(38) y: Min Capacity: 8M(1%)
[2026-04-03T03:28:30.418+0600][34.996s][info][gc,heap     ] GC(38) y: Max Capacity: 1500M(100%)
[2026-04-03T03:28:30.418+0600][34.996s][info][gc,heap     ] GC(38) y: Soft Max Capacity: 1500M(100%)
[2026-04-03T03:28:30.418+0600][34.996s][info][gc,heap     ] GC(38) y: Heap Statistics:
[2026-04-03T03:28:30.418+0600][34.996s][info][gc,heap     ] GC(38) y:                Mark Start          Mark End        Relocate Start      Relocate End           High               Low         
[2026-04-03T03:28:30.418+0600][34.996s][info][gc,heap     ] GC(38) y:  Capacity:     1500M (100%)       1500M (100%)       1500M (100%)       1500M (100%)       1500M (100%)       1500M (100%)   
[2026-04-03T03:28:30.418+0600][34.996s][info][gc,heap     ] GC(38) y:      Free:      612M (41%)         446M (30%)         822M (55%)         950M (63%)         956M (64%)         446M (30%)    
[2026-04-03T03:28:30.418+0600][34.996s][info][gc,heap     ] GC(38) y:      Used:      888M (59%)        1054M (70%)         678M (45%)         550M (37%)        1054M (70%)         544M (36%)    
[2026-04-03T03:28:30.418+0600][34.996s][info][gc,heap     ] GC(38) y: Young Generation Statistics:
[2026-04-03T03:28:30.418+0600][34.996s][info][gc,heap     ] GC(38) y:                Mark Start          Mark End        Relocate Start      Relocate End    
[2026-04-03T03:28:30.418+0600][34.996s][info][gc,heap     ] GC(38) y:      Used:      664M (44%)         830M (55%)         454M (30%)         326M (22%)    
[2026-04-03T03:28:30.418+0600][34.996s][info][gc,heap     ] GC(38) y:      Live:         -                54M (4%)           54M (4%)           54M (4%)     
[2026-04-03T03:28:30.418+0600][34.996s][info][gc,heap     ] GC(38) y:   Garbage:         -               609M (41%)         215M (14%)           1M (0%)     
[2026-04-03T03:28:30.418+0600][34.996s][info][gc,heap     ] GC(38) y: Allocated:         -               166M (11%)         184M (12%)         269M (18%)    
[2026-04-03T03:28:30.418+0600][34.996s][info][gc,heap     ] GC(38) y: Reclaimed:         -                  -               394M (26%)         607M (41%)    
[2026-04-03T03:28:30.418+0600][34.996s][info][gc,heap     ] GC(38) y:  Promoted:         -                  -                 0M (0%)            0M (0%)     
[2026-04-03T03:28:30.418+0600][34.996s][info][gc,heap     ] GC(38) y: Compacted:         -                  -                  -                24M (2%)     
[2026-04-03T03:28:30.418+0600][34.996s][info][gc,phases   ] GC(38) y: Young Generation 888M(59%)->550M(37%) 0.196s
[2026-04-03T03:28:30.418+0600][34.996s][info][gc          ] GC(38) Minor Collection (Allocation Rate) 888M(59%)->550M(37%) 0.197s
[2026-04-03T03:28:30.483+0600][35.062s][info][gc          ] GC(39) Minor Collection (Allocation Rate)
[2026-04-03T03:28:30.483+0600][35.062s][info][gc,task     ] GC(39) Using 2 Workers for Young Generation
[2026-04-03T03:28:30.483+0600][35.062s][info][gc,phases   ] GC(39) y: Young Generation
[2026-04-03T03:28:30.484+0600][35.062s][info][gc,phases   ] GC(39) y: Pause Mark Start 0.034ms
[2026-04-03T03:28:30.570+0600][35.148s][info][gc,phases   ] GC(39) y: Concurrent Mark 85.826ms
[2026-04-03T03:28:30.570+0600][35.148s][info][gc,phases   ] GC(39) y: Pause Mark End 0.044ms
[2026-04-03T03:28:30.593+0600][35.172s][info][gc,phases   ] GC(39) y: Concurrent Mark Free 0.003ms
[2026-04-03T03:28:30.594+0600][35.172s][info][gc,phases   ] GC(39) y: Concurrent Reset Relocation Set 0.041ms
[2026-04-03T03:28:30.596+0600][35.175s][info][gc,reloc    ] GC(39) y: Using tenuring threshold: 2 (Computed)
[2026-04-03T03:28:30.603+0600][35.181s][info][gc,phases   ] GC(39) y: Concurrent Select Relocation Set 9.265ms
[2026-04-03T03:28:30.603+0600][35.181s][info][gc,phases   ] GC(39) y: Pause Relocate Start 0.025ms
[2026-04-03T03:28:30.664+0600][35.242s][info][gc,phases   ] GC(39) y: Concurrent Relocate 60.477ms
[2026-04-03T03:28:30.664+0600][35.242s][info][gc,alloc    ] GC(39) y:                         Mark Start        Mark End      Relocate Start    Relocate End   
[2026-04-03T03:28:30.664+0600][35.242s][info][gc,alloc    ] GC(39) y: Allocation Stalls:          0                0                0                0         
[2026-04-03T03:28:30.664+0600][35.242s][info][gc,load     ] GC(39) y: Load: 4.23 (35%) / 4.52 (38%) / 5.03 (42%)
[2026-04-03T03:28:30.664+0600][35.242s][info][gc,mmu      ] GC(39) y: MMU: 2ms/92.1%, 5ms/96.9%, 10ms/98.4%, 20ms/99.2%, 50ms/99.5%, 100ms/99.7%
[2026-04-03T03:28:30.664+0600][35.242s][info][gc,marking  ] GC(39) y: Mark: 2 stripe(s), 2 proactive flush(es), 1 terminate flush(es), 0 completion(s), 0 continuation(s) 
[2026-04-03T03:28:30.664+0600][35.242s][info][gc,marking  ] GC(39) y: Mark Stack Usage: 32M
[2026-04-03T03:28:30.664+0600][35.242s][info][gc,nmethod  ] GC(39) y: NMethods: 6058 registered, 431 unregistered
[2026-04-03T03:28:30.664+0600][35.242s][info][gc,metaspace] GC(39) y: Metaspace: 69M used, 70M committed, 1088M reserved
[2026-04-03T03:28:30.664+0600][35.242s][info][gc,reloc    ] GC(39) y:                        Candidates     Selected     In-Place         Size        Empty    Relocated 
[2026-04-03T03:28:30.664+0600][35.242s][info][gc,reloc    ] GC(39) y: Small Pages:                  201          173            0         402M          18M          28M 
[2026-04-03T03:28:30.664+0600][35.242s][info][gc,reloc    ] GC(39) y: Medium Pages:                   1            0            0          32M           0M           0M 
[2026-04-03T03:28:30.664+0600][35.242s][info][gc,reloc    ] GC(39) y: Large Pages:                    4            0            0          36M          36M           0M 
[2026-04-03T03:28:30.664+0600][35.242s][info][gc,reloc    ] GC(39) y: Forwarding Usage: 31M
[2026-04-03T03:28:30.664+0600][35.242s][info][gc,reloc    ] GC(39) y: Age Table:
[2026-04-03T03:28:30.664+0600][35.242s][info][gc,reloc    ] GC(39) y:                    Live             Garbage             Small              Medium             Large        
[2026-04-03T03:28:30.664+0600][35.242s][info][gc,reloc    ] GC(39) y: Eden              38M (3%)          371M (25%)        186 / 168            1 / 0              1 / 0        
[2026-04-03T03:28:30.664+0600][35.242s][info][gc,reloc    ] GC(39) y: Survivor 1         0M (0%)           55M (4%)          13 / 4              0 / 0              3 / 0        
[2026-04-03T03:28:30.664+0600][35.242s][info][gc,reloc    ] GC(39) y: Survivor 2         0M (0%)            3M (0%)           2 / 1              0 / 0              0 / 0        
[2026-04-03T03:28:30.664+0600][35.242s][info][gc,heap     ] GC(39) y: Min Capacity: 8M(1%)
[2026-04-03T03:28:30.664+0600][35.242s][info][gc,heap     ] GC(39) y: Max Capacity: 1500M(100%)
[2026-04-03T03:28:30.664+0600][35.242s][info][gc,heap     ] GC(39) y: Soft Max Capacity: 1500M(100%)
[2026-04-03T03:28:30.664+0600][35.242s][info][gc,heap     ] GC(39) y: Heap Statistics:
[2026-04-03T03:28:30.664+0600][35.242s][info][gc,heap     ] GC(39) y:                Mark Start          Mark End        Relocate Start      Relocate End           High               Low         
[2026-04-03T03:28:30.664+0600][35.242s][info][gc,heap     ] GC(39) y:  Capacity:     1500M (100%)       1500M (100%)       1500M (100%)       1500M (100%)       1500M (100%)       1500M (100%)   
[2026-04-03T03:28:30.664+0600][35.242s][info][gc,heap     ] GC(39) y:      Free:      806M (54%)         644M (43%)         682M (45%)         954M (64%)         954M (64%)         640M (43%)    
[2026-04-03T03:28:30.664+0600][35.242s][info][gc,heap     ] GC(39) y:      Used:      694M (46%)         856M (57%)         818M (55%)         546M (36%)         860M (57%)         546M (36%)    
[2026-04-03T03:28:30.664+0600][35.243s][info][gc,heap     ] GC(39) y: Young Generation Statistics:
[2026-04-03T03:28:30.664+0600][35.243s][info][gc,heap     ] GC(39) y:                Mark Start          Mark End        Relocate Start      Relocate End    
[2026-04-03T03:28:30.664+0600][35.243s][info][gc,heap     ] GC(39) y:      Used:      470M (31%)         632M (42%)         594M (40%)         320M (21%)    
[2026-04-03T03:28:30.664+0600][35.243s][info][gc,heap     ] GC(39) y:      Live:         -                38M (3%)           38M (3%)           38M (3%)     
[2026-04-03T03:28:30.664+0600][35.243s][info][gc,heap     ] GC(39) y:   Garbage:         -               431M (29%)         377M (25%)          25M (2%)     
[2026-04-03T03:28:30.664+0600][35.243s][info][gc,heap     ] GC(39) y: Allocated:         -               162M (11%)         178M (12%)         255M (17%)    
[2026-04-03T03:28:30.664+0600][35.243s][info][gc,heap     ] GC(39) y: Reclaimed:         -                  -                54M (4%)          405M (27%)    
[2026-04-03T03:28:30.664+0600][35.243s][info][gc,heap     ] GC(39) y:  Promoted:         -                  -                 0M (0%)            0M (0%)     
[2026-04-03T03:28:30.664+0600][35.243s][info][gc,heap     ] GC(39) y: Compacted:         -                  -                  -                32M (2%)     
[2026-04-03T03:28:30.664+0600][35.243s][info][gc,phases   ] GC(39) y: Young Generation 694M(46%)->546M(36%) 0.180s
[2026-04-03T03:28:30.664+0600][35.243s][info][gc          ] GC(39) Minor Collection (Allocation Rate) 694M(46%)->546M(36%) 0.181s
[2026-04-03T03:28:30.665+0600][35.243s][info][gc          ] GC(40) Minor Collection (Allocation Rate)
[2026-04-03T03:28:30.665+0600][35.243s][info][gc,task     ] GC(40) Using 2 Workers for Young Generation
[2026-04-03T03:28:30.665+0600][35.243s][info][gc,phases   ] GC(40) y: Young Generation
[2026-04-03T03:28:30.665+0600][35.243s][info][gc,phases   ] GC(40) y: Pause Mark Start 0.036ms
[2026-04-03T03:28:30.873+0600][35.452s][info][gc,phases   ] GC(40) y: Concurrent Mark 208.265ms
[2026-04-03T03:28:30.874+0600][35.452s][info][gc,phases   ] GC(40) y: Pause Mark End 0.032ms
[2026-04-03T03:28:30.874+0600][35.452s][info][gc,phases   ] GC(40) y: Concurrent Mark Free 0.002ms
[2026-04-03T03:28:30.874+0600][35.452s][info][gc,phases   ] GC(40) y: Concurrent Reset Relocation Set 0.030ms
[2026-04-03T03:28:30.876+0600][35.454s][info][gc,reloc    ] GC(40) y: Using tenuring threshold: 3 (Computed)
[2026-04-03T03:28:30.879+0600][35.458s][info][gc,phases   ] GC(40) y: Concurrent Select Relocation Set 5.271ms
[2026-04-03T03:28:30.880+0600][35.458s][info][gc,phases   ] GC(40) y: Pause Relocate Start 0.025ms
[2026-04-03T03:28:30.953+0600][35.531s][info][gc,phases   ] GC(40) y: Concurrent Relocate 73.052ms
[2026-04-03T03:28:30.953+0600][35.531s][info][gc,alloc    ] GC(40) y:                         Mark Start        Mark End      Relocate Start    Relocate End   
[2026-04-03T03:28:30.953+0600][35.531s][info][gc,alloc    ] GC(40) y: Allocation Stalls:          0                0                0                0         
[2026-04-03T03:28:30.953+0600][35.531s][info][gc,load     ] GC(40) y: Load: 4.23 (35%) / 4.52 (38%) / 5.03 (42%)
[2026-04-03T03:28:30.953+0600][35.531s][info][gc,mmu      ] GC(40) y: MMU: 2ms/92.1%, 5ms/96.9%, 10ms/98.4%, 20ms/99.2%, 50ms/99.5%, 100ms/99.7%
[2026-04-03T03:28:30.953+0600][35.531s][info][gc,marking  ] GC(40) y: Mark: 2 stripe(s), 2 proactive flush(es), 1 terminate flush(es), 0 completion(s), 0 continuation(s) 
[2026-04-03T03:28:30.953+0600][35.531s][info][gc,marking  ] GC(40) y: Mark Stack Usage: 32M
[2026-04-03T03:28:30.953+0600][35.531s][info][gc,nmethod  ] GC(40) y: NMethods: 6070 registered, 431 unregistered
[2026-04-03T03:28:30.953+0600][35.531s][info][gc,metaspace] GC(40) y: Metaspace: 69M used, 70M committed, 1088M reserved
[2026-04-03T03:28:30.953+0600][35.531s][info][gc,reloc    ] GC(40) y:                        Candidates     Selected     In-Place         Size        Empty    Relocated 
[2026-04-03T03:28:30.953+0600][35.531s][info][gc,reloc    ] GC(40) y: Small Pages:                  135          102            0         270M           0M          25M 
[2026-04-03T03:28:30.953+0600][35.531s][info][gc,reloc    ] GC(40) y: Medium Pages:                   1            0            0          32M          32M           0M 
[2026-04-03T03:28:30.953+0600][35.531s][info][gc,reloc    ] GC(40) y: Large Pages:                    3            0            0          18M           0M           0M 
[2026-04-03T03:28:30.953+0600][35.531s][info][gc,reloc    ] GC(40) y: Forwarding Usage: 27M
[2026-04-03T03:28:30.953+0600][35.531s][info][gc,reloc    ] GC(40) y: Age Table:
[2026-04-03T03:28:30.953+0600][35.531s][info][gc,reloc    ] GC(40) y:                    Live             Garbage             Small              Medium             Large        
[2026-04-03T03:28:30.953+0600][35.531s][info][gc,reloc    ] GC(40) y: Eden              45M (3%)          202M (13%)        115 / 98             0 / 0              3 / 0        
[2026-04-03T03:28:30.953+0600][35.532s][info][gc,reloc    ] GC(40) y: Survivor 1        31M (2%)           38M (3%)          19 / 3              1 / 0              0 / 0        
[2026-04-03T03:28:30.953+0600][35.532s][info][gc,reloc    ] GC(40) y: Survivor 2         0M (0%)            1M (0%)           1 / 1              0 / 0              0 / 0        
[2026-04-03T03:28:30.953+0600][35.532s][info][gc,heap     ] GC(40) y: Min Capacity: 8M(1%)
[2026-04-03T03:28:30.953+0600][35.532s][info][gc,heap     ] GC(40) y: Max Capacity: 1500M(100%)
[2026-04-03T03:28:30.953+0600][35.532s][info][gc,heap     ] GC(40) y: Soft Max Capacity: 1500M(100%)
[2026-04-03T03:28:30.953+0600][35.532s][info][gc,heap     ] GC(40) y: Heap Statistics:
[2026-04-03T03:28:30.953+0600][35.532s][info][gc,heap     ] GC(40) y:                Mark Start          Mark End        Relocate Start      Relocate End           High               Low         
[2026-04-03T03:28:30.953+0600][35.532s][info][gc,heap     ] GC(40) y:  Capacity:     1500M (100%)       1500M (100%)       1500M (100%)       1500M (100%)       1500M (100%)       1500M (100%)   
[2026-04-03T03:28:30.953+0600][35.532s][info][gc,heap     ] GC(40) y:      Free:      954M (64%)         810M (54%)         842M (56%)        1038M (69%)        1038M (69%)         810M (54%)    
[2026-04-03T03:28:30.953+0600][35.532s][info][gc,heap     ] GC(40) y:      Used:      546M (36%)         690M (46%)         658M (44%)         462M (31%)         690M (46%)         462M (31%)    
[2026-04-03T03:28:30.953+0600][35.532s][info][gc,heap     ] GC(40) y: Young Generation Statistics:
[2026-04-03T03:28:30.953+0600][35.532s][info][gc,heap     ] GC(40) y:                Mark Start          Mark End        Relocate Start      Relocate End    
[2026-04-03T03:28:30.953+0600][35.532s][info][gc,heap     ] GC(40) y:      Used:      320M (21%)         464M (31%)         432M (29%)         236M (16%)    
[2026-04-03T03:28:30.953+0600][35.532s][info][gc,heap     ] GC(40) y:      Live:         -                77M (5%)           77M (5%)           77M (5%)     
[2026-04-03T03:28:30.953+0600][35.532s][info][gc,heap     ] GC(40) y:   Garbage:         -               242M (16%)         210M (14%)           1M (0%)     
[2026-04-03T03:28:30.953+0600][35.532s][info][gc,heap     ] GC(40) y: Allocated:         -               144M (10%)         144M (10%)         156M (10%)    
[2026-04-03T03:28:30.953+0600][35.532s][info][gc,heap     ] GC(40) y: Reclaimed:         -                  -                32M (2%)          240M (16%)    
[2026-04-03T03:28:30.953+0600][35.532s][info][gc,heap     ] GC(40) y:  Promoted:         -                  -                 0M (0%)            0M (0%)     
[2026-04-03T03:28:30.954+0600][35.532s][info][gc,heap     ] GC(40) y: Compacted:         -                  -                  -                29M (2%)     
[2026-04-03T03:28:30.954+0600][35.532s][info][gc,phases   ] GC(40) y: Young Generation 546M(36%)->462M(31%) 0.288s
[2026-04-03T03:28:30.954+0600][35.532s][info][gc          ] GC(40) Minor Collection (Allocation Rate) 546M(36%)->462M(31%) 0.289s
[2026-04-03T03:28:31.243+0600][35.821s][info][gc          ] GC(41) Minor Collection (Allocation Rate)
[2026-04-03T03:28:31.243+0600][35.821s][info][gc,task     ] GC(41) Using 3 Workers for Young Generation
[2026-04-03T03:28:31.243+0600][35.821s][info][gc,phases   ] GC(41) y: Young Generation
[2026-04-03T03:28:31.243+0600][35.821s][info][gc,phases   ] GC(41) y: Pause Mark Start 0.030ms
[2026-04-03T03:28:31.508+0600][36.086s][info][gc,phases   ] GC(41) y: Concurrent Mark 264.781ms
[2026-04-03T03:28:31.509+0600][36.087s][info][gc,phases   ] GC(41) y: Pause Mark End 0.038ms
[2026-04-03T03:28:31.509+0600][36.087s][info][gc,phases   ] GC(41) y: Concurrent Mark Free 0.003ms
[2026-04-03T03:28:31.509+0600][36.087s][info][gc,phases   ] GC(41) y: Concurrent Reset Relocation Set 0.039ms
[2026-04-03T03:28:31.517+0600][36.095s][info][gc,reloc    ] GC(41) y: Using tenuring threshold: 3 (Computed)
[2026-04-03T03:28:31.521+0600][36.100s][info][gc,phases   ] GC(41) y: Concurrent Select Relocation Set 12.344ms
[2026-04-03T03:28:31.522+0600][36.100s][info][gc,phases   ] GC(41) y: Pause Relocate Start 0.087ms
[2026-04-03T03:28:31.581+0600][36.160s][info][gc,phases   ] GC(41) y: Concurrent Relocate 59.333ms
[2026-04-03T03:28:31.582+0600][36.160s][info][gc,alloc    ] GC(41) y:                         Mark Start        Mark End      Relocate Start    Relocate End   
[2026-04-03T03:28:31.582+0600][36.160s][info][gc,alloc    ] GC(41) y: Allocation Stalls:          0                0                0                0         
[2026-04-03T03:28:31.582+0600][36.160s][info][gc,load     ] GC(41) y: Load: 4.23 (35%) / 4.52 (38%) / 5.03 (42%)
[2026-04-03T03:28:31.582+0600][36.160s][info][gc,mmu      ] GC(41) y: MMU: 2ms/92.1%, 5ms/96.9%, 10ms/98.4%, 20ms/99.2%, 50ms/99.5%, 100ms/99.7%
[2026-04-03T03:28:31.582+0600][36.160s][info][gc,marking  ] GC(41) y: Mark: 2 stripe(s), 2 proactive flush(es), 1 terminate flush(es), 0 completion(s), 0 continuation(s) 
[2026-04-03T03:28:31.582+0600][36.160s][info][gc,marking  ] GC(41) y: Mark Stack Usage: 32M
[2026-04-03T03:28:31.582+0600][36.160s][info][gc,nmethod  ] GC(41) y: NMethods: 6140 registered, 431 unregistered
[2026-04-03T03:28:31.582+0600][36.160s][info][gc,metaspace] GC(41) y: Metaspace: 69M used, 70M committed, 1088M reserved
[2026-04-03T03:28:31.582+0600][36.160s][info][gc,reloc    ] GC(41) y:                        Candidates     Selected     In-Place         Size        Empty    Relocated 
[2026-04-03T03:28:31.582+0600][36.160s][info][gc,reloc    ] GC(41) y: Small Pages:                  108           65            0         216M          18M          16M 
[2026-04-03T03:28:31.582+0600][36.160s][info][gc,reloc    ] GC(41) y: Medium Pages:                   2            1            0          64M           0M          12M 
[2026-04-03T03:28:31.582+0600][36.160s][info][gc,reloc    ] GC(41) y: Large Pages:                    3            0            0          18M          12M           0M 
[2026-04-03T03:28:31.582+0600][36.160s][info][gc,reloc    ] GC(41) y: Forwarding Usage: 21M
[2026-04-03T03:28:31.582+0600][36.160s][info][gc,reloc    ] GC(41) y: Age Table:
[2026-04-03T03:28:31.582+0600][36.160s][info][gc,reloc    ] GC(41) y:                    Live             Garbage             Small              Medium             Large        
[2026-04-03T03:28:31.582+0600][36.160s][info][gc,reloc    ] GC(41) y: Eden              25M (2%)          180M (12%)         71 / 54             2 / 1              0 / 0        
[2026-04-03T03:28:31.582+0600][36.160s][info][gc,reloc    ] GC(41) y: Survivor 1        24M (2%)           25M (2%)          16 / 5              0 / 0              3 / 0        
[2026-04-03T03:28:31.582+0600][36.160s][info][gc,reloc    ] GC(41) y: Survivor 2        22M (1%)           17M (1%)          20 / 5              0 / 0              0 / 0        
[2026-04-03T03:28:31.582+0600][36.160s][info][gc,reloc    ] GC(41) y: Survivor 3         0M (0%)            1M (0%)           1 / 1              0 / 0              0 / 0        
[2026-04-03T03:28:31.582+0600][36.160s][info][gc,heap     ] GC(41) y: Min Capacity: 8M(1%)
[2026-04-03T03:28:31.582+0600][36.160s][info][gc,heap     ] GC(41) y: Max Capacity: 1500M(100%)
[2026-04-03T03:28:31.582+0600][36.160s][info][gc,heap     ] GC(41) y: Soft Max Capacity: 1500M(100%)
[2026-04-03T03:28:31.582+0600][36.160s][info][gc,heap     ] GC(41) y: Heap Statistics:
[2026-04-03T03:28:31.582+0600][36.160s][info][gc,heap     ] GC(41) y:                Mark Start          Mark End        Relocate Start      Relocate End           High               Low         
[2026-04-03T03:28:31.582+0600][36.160s][info][gc,heap     ] GC(41) y:  Capacity:     1500M (100%)       1500M (100%)       1500M (100%)       1500M (100%)       1500M (100%)       1500M (100%)   
[2026-04-03T03:28:31.582+0600][36.160s][info][gc,heap     ] GC(41) y:      Free:      976M (65%)         908M (61%)         906M (60%)        1000M (67%)        1000M (67%)         818M (55%)    
[2026-04-03T03:28:31.582+0600][36.160s][info][gc,heap     ] GC(41) y:      Used:      524M (35%)         592M (39%)         594M (40%)         500M (33%)         682M (45%)         500M (33%)    
[2026-04-03T03:28:31.582+0600][36.160s][info][gc,heap     ] GC(41) y: Young Generation Statistics:
[2026-04-03T03:28:31.582+0600][36.160s][info][gc,heap     ] GC(41) y:                Mark Start          Mark End        Relocate Start      Relocate End    
[2026-04-03T03:28:31.582+0600][36.160s][info][gc,heap     ] GC(41) y:      Used:      298M (20%)         366M (24%)         368M (25%)         270M (18%)    
[2026-04-03T03:28:31.582+0600][36.160s][info][gc,heap     ] GC(41) y:      Live:         -                72M (5%)           72M (5%)           72M (5%)     
[2026-04-03T03:28:31.582+0600][36.160s][info][gc,heap     ] GC(41) y:   Garbage:         -               225M (15%)         195M (13%)          12M (1%)     
[2026-04-03T03:28:31.582+0600][36.160s][info][gc,heap     ] GC(41) y: Allocated:         -                68M (5%)          100M (7%)          185M (12%)    
[2026-04-03T03:28:31.582+0600][36.160s][info][gc,heap     ] GC(41) y: Reclaimed:         -                  -                30M (2%)          213M (14%)    
[2026-04-03T03:28:31.582+0600][36.160s][info][gc,heap     ] GC(41) y:  Promoted:         -                  -                 0M (0%)            0M (0%)     
[2026-04-03T03:28:31.582+0600][36.160s][info][gc,heap     ] GC(41) y: Compacted:         -                  -                  -                38M (3%)     
[2026-04-03T03:28:31.582+0600][36.160s][info][gc,phases   ] GC(41) y: Young Generation 524M(35%)->500M(33%) 0.339s
[2026-04-03T03:28:31.582+0600][36.160s][info][gc          ] GC(41) Minor Collection (Allocation Rate) 524M(35%)->500M(33%) 0.339s
[2026-04-03T03:28:31.582+0600][36.161s][info][gc          ] GC(42) Major Collection (Allocation Rate)
[2026-04-03T03:28:31.582+0600][36.161s][info][gc,task     ] GC(42) Using 3 Workers for Young Generation
[2026-04-03T03:28:31.582+0600][36.161s][info][gc,task     ] GC(42) Using 2 Workers for Old Generation
[2026-04-03T03:28:31.583+0600][36.161s][info][gc,phases   ] GC(42) Y: Young Generation
[2026-04-03T03:28:31.586+0600][36.164s][info][gc,phases   ] GC(42) Y: Pause Mark Start (Major) 0.035ms
[2026-04-03T03:28:31.814+0600][36.393s][info][gc,phases   ] GC(42) Y: Concurrent Mark 228.081ms
[2026-04-03T03:28:31.815+0600][36.393s][info][gc,phases   ] GC(42) Y: Pause Mark End 0.052ms
[2026-04-03T03:28:31.815+0600][36.393s][info][gc,phases   ] GC(42) Y: Concurrent Mark Free 0.002ms
[2026-04-03T03:28:31.815+0600][36.393s][info][gc,phases   ] GC(42) Y: Concurrent Reset Relocation Set 0.030ms
[2026-04-03T03:28:31.822+0600][36.401s][info][gc,reloc    ] GC(42) Y: Using tenuring threshold: 2 (Computed)
[2026-04-03T03:28:31.839+0600][36.418s][info][gc,phases   ] GC(42) Y: Concurrent Select Relocation Set 24.339ms
[2026-04-03T03:28:31.840+0600][36.418s][info][gc,phases   ] GC(42) Y: Pause Relocate Start 0.061ms
[2026-04-03T03:28:31.934+0600][36.512s][info][gc,phases   ] GC(42) Y: Concurrent Relocate 93.831ms
[2026-04-03T03:28:31.934+0600][36.512s][info][gc,alloc    ] GC(42) Y:                         Mark Start        Mark End      Relocate Start    Relocate End   
[2026-04-03T03:28:31.934+0600][36.512s][info][gc,alloc    ] GC(42) Y: Allocation Stalls:          0                0                0                0         
[2026-04-03T03:28:31.934+0600][36.512s][info][gc,load     ] GC(42) Y: Load: 4.23 (35%) / 4.52 (38%) / 5.03 (42%)
[2026-04-03T03:28:31.934+0600][36.512s][info][gc,mmu      ] GC(42) Y: MMU: 2ms/92.1%, 5ms/96.9%, 10ms/98.4%, 20ms/99.2%, 50ms/99.5%, 100ms/99.7%
[2026-04-03T03:28:31.934+0600][36.512s][info][gc,marking  ] GC(42) Y: Mark: 2 stripe(s), 10 proactive flush(es), 1 terminate flush(es), 0 completion(s), 0 continuation(s) 
[2026-04-03T03:28:31.934+0600][36.512s][info][gc,marking  ] GC(42) Y: Mark Stack Usage: 32M
[2026-04-03T03:28:31.934+0600][36.512s][info][gc,nmethod  ] GC(42) Y: NMethods: 6206 registered, 431 unregistered
[2026-04-03T03:28:31.934+0600][36.512s][info][gc,metaspace] GC(42) Y: Metaspace: 70M used, 71M committed, 1088M reserved
[2026-04-03T03:28:31.934+0600][36.513s][info][gc,reloc    ] GC(42) Y:                        Candidates     Selected     In-Place         Size        Empty    Relocated 
[2026-04-03T03:28:31.934+0600][36.513s][info][gc,reloc    ] GC(42) Y: Small Pages:                   65           40            0         130M          16M          15M 
[2026-04-03T03:28:31.934+0600][36.513s][info][gc,reloc    ] GC(42) Y: Medium Pages:                   4            3            0         128M           0M          22M 
[2026-04-03T03:28:31.934+0600][36.513s][info][gc,reloc    ] GC(42) Y: Large Pages:                    2            0            0          12M          12M           0M 
[2026-04-03T03:28:31.934+0600][36.513s][info][gc,reloc    ] GC(42) Y: Forwarding Usage: 27M
[2026-04-03T03:28:31.934+0600][36.513s][info][gc,reloc    ] GC(42) Y: Age Table:
[2026-04-03T03:28:31.934+0600][36.513s][info][gc,reloc    ] GC(42) Y:                    Live             Garbage             Small              Medium             Large        
[2026-04-03T03:28:31.934+0600][36.513s][info][gc,reloc    ] GC(42) Y: Eden              21M (1%)           86M (6%)          19 / 10             2 / 2              1 / 0        
[2026-04-03T03:28:31.934+0600][36.513s][info][gc,reloc    ] GC(42) Y: Survivor 1        10M (1%)           73M (5%)          10 / 7              2 / 1              0 / 0        
[2026-04-03T03:28:31.934+0600][36.513s][info][gc,reloc    ] GC(42) Y: Survivor 2        10M (1%)           29M (2%)          17 / 12             0 / 0              1 / 0        
[2026-04-03T03:28:31.934+0600][36.513s][info][gc,reloc    ] GC(42) Y: Survivor 3        11M (1%)           26M (2%)          19 / 11             0 / 0              0 / 0        
[2026-04-03T03:28:31.934+0600][36.513s][info][gc,heap     ] GC(42) Y: Min Capacity: 8M(1%)
[2026-04-03T03:28:31.934+0600][36.513s][info][gc,heap     ] GC(42) Y: Max Capacity: 1500M(100%)
[2026-04-03T03:28:31.934+0600][36.513s][info][gc,heap     ] GC(42) Y: Soft Max Capacity: 1500M(100%)
[2026-04-03T03:28:31.934+0600][36.513s][info][gc,heap     ] GC(42) Y: Heap Statistics:
[2026-04-03T03:28:31.934+0600][36.513s][info][gc,heap     ] GC(42) Y:                Mark Start          Mark End        Relocate Start      Relocate End           High               Low         
[2026-04-03T03:28:31.934+0600][36.513s][info][gc,heap     ] GC(42) Y:  Capacity:     1500M (100%)       1500M (100%)       1500M (100%)       1500M (100%)       1500M (100%)       1500M (100%)   
[2026-04-03T03:28:31.934+0600][36.513s][info][gc,heap     ] GC(42) Y:      Free:     1000M (67%)         926M (62%)         944M (63%)         982M (65%)        1000M (67%)         804M (54%)    
[2026-04-03T03:28:31.934+0600][36.513s][info][gc,heap     ] GC(42) Y:      Used:      500M (33%)         574M (38%)         556M (37%)         518M (35%)         696M (46%)         500M (33%)    
[2026-04-03T03:28:31.934+0600][36.513s][info][gc,heap     ] GC(42) Y: Young Generation Statistics:
[2026-04-03T03:28:31.935+0600][36.513s][info][gc,heap     ] GC(42) Y:                Mark Start          Mark End        Relocate Start      Relocate End    
[2026-04-03T03:28:31.935+0600][36.513s][info][gc,heap     ] GC(42) Y:      Used:      270M (18%)         344M (23%)         326M (22%)         262M (17%)    
[2026-04-03T03:28:31.935+0600][36.513s][info][gc,heap     ] GC(42) Y:      Live:         -                53M (4%)           53M (4%)           31M (2%)     
[2026-04-03T03:28:31.935+0600][36.513s][info][gc,heap     ] GC(42) Y:   Garbage:         -               216M (14%)         188M (13%)           0M (0%)     
[2026-04-03T03:28:31.935+0600][36.513s][info][gc,heap     ] GC(42) Y: Allocated:         -                74M (5%)           84M (6%)          230M (15%)    
[2026-04-03T03:28:31.935+0600][36.513s][info][gc,heap     ] GC(42) Y: Reclaimed:         -                  -                28M (2%)          216M (14%)    
[2026-04-03T03:28:31.935+0600][36.513s][info][gc,heap     ] GC(42) Y:  Promoted:         -                  -                 0M (0%)           21M (1%)     
[2026-04-03T03:28:31.935+0600][36.513s][info][gc,heap     ] GC(42) Y: Compacted:         -                  -                  -                29M (2%)     
[2026-04-03T03:28:31.935+0600][36.513s][info][gc,phases   ] GC(42) Y: Young Generation 500M(33%)->518M(35%) 0.352s
[2026-04-03T03:28:31.935+0600][36.513s][info][gc,phases   ] GC(42) O: Old Generation
[2026-04-03T03:28:31.942+0600][36.520s][info][gc          ] GC(43) Minor Collection (Allocation Rate)
[2026-04-03T03:28:31.942+0600][36.520s][info][gc,task     ] GC(43) Using 1 Workers for Young Generation
[2026-04-03T03:28:31.942+0600][36.520s][info][gc,phases   ] GC(43) y: Young Generation
[2026-04-03T03:28:31.942+0600][36.521s][info][gc,phases   ] GC(43) y: Pause Mark Start 0.063ms
[2026-04-03T03:28:32.268+0600][36.847s][info][gc,phases   ] GC(43) y: Concurrent Mark 325.683ms
[2026-04-03T03:28:32.269+0600][36.847s][info][gc,phases   ] GC(43) y: Pause Mark End 0.056ms
[2026-04-03T03:28:32.269+0600][36.847s][info][gc,phases   ] GC(43) y: Concurrent Mark Free 0.002ms
[2026-04-03T03:28:32.269+0600][36.847s][info][gc,phases   ] GC(43) y: Concurrent Reset Relocation Set 0.020ms
[2026-04-03T03:28:32.272+0600][36.850s][info][gc,reloc    ] GC(43) y: Using tenuring threshold: 2 (Computed)
[2026-04-03T03:28:32.289+0600][36.868s][info][gc,phases   ] GC(43) y: Concurrent Select Relocation Set 20.382ms
[2026-04-03T03:28:32.290+0600][36.868s][info][gc,phases   ] GC(43) y: Pause Relocate Start 0.041ms
[2026-04-03T03:28:32.384+0600][36.962s][info][gc,phases   ] GC(43) y: Concurrent Relocate 93.959ms
[2026-04-03T03:28:32.384+0600][36.962s][info][gc,alloc    ] GC(43) y:                         Mark Start        Mark End      Relocate Start    Relocate End   
[2026-04-03T03:28:32.384+0600][36.962s][info][gc,alloc    ] GC(43) y: Allocation Stalls:          0                0                0                0         
[2026-04-03T03:28:32.384+0600][36.963s][info][gc,load     ] GC(43) y: Load: 4.23 (35%) / 4.52 (38%) / 5.03 (42%)
[2026-04-03T03:28:32.384+0600][36.963s][info][gc,mmu      ] GC(43) y: MMU: 2ms/92.1%, 5ms/96.9%, 10ms/98.4%, 20ms/99.2%, 50ms/99.5%, 100ms/99.7%
[2026-04-03T03:28:32.384+0600][36.963s][info][gc,marking  ] GC(43) y: Mark: 1 stripe(s), 2 proactive flush(es), 1 terminate flush(es), 0 completion(s), 0 continuation(s) 
[2026-04-03T03:28:32.384+0600][36.963s][info][gc,marking  ] GC(43) y: Mark Stack Usage: 32M
[2026-04-03T03:28:32.384+0600][36.963s][info][gc,nmethod  ] GC(43) y: NMethods: 6328 registered, 431 unregistered
[2026-04-03T03:28:32.384+0600][36.963s][info][gc,metaspace] GC(43) y: Metaspace: 70M used, 71M committed, 1088M reserved
[2026-04-03T03:28:32.384+0600][36.963s][info][gc,reloc    ] GC(43) y:                        Candidates     Selected     In-Place         Size        Empty    Relocated 
[2026-04-03T03:28:32.384+0600][36.963s][info][gc,reloc    ] GC(43) y: Small Pages:                   41           33            0          82M           0M           8M 
[2026-04-03T03:28:32.384+0600][36.963s][info][gc,reloc    ] GC(43) y: Medium Pages:                   5            2            0         160M          32M          12M 
[2026-04-03T03:28:32.384+0600][36.963s][info][gc,reloc    ] GC(43) y: Large Pages:                    4            0            0          24M           6M           0M 
[2026-04-03T03:28:32.384+0600][36.963s][info][gc,reloc    ] GC(43) y: Forwarding Usage: 9M
[2026-04-03T03:28:32.384+0600][36.963s][info][gc,reloc    ] GC(43) y: Age Table:
[2026-04-03T03:28:32.384+0600][36.963s][info][gc,reloc    ] GC(43) y:                    Live             Garbage             Small              Medium             Large        
[2026-04-03T03:28:32.384+0600][36.963s][info][gc,reloc    ] GC(43) y: Eden              49M (3%)           70M (5%)          32 / 28             1 / 0              4 / 0        
[2026-04-03T03:28:32.384+0600][36.963s][info][gc,reloc    ] GC(43) y: Survivor 1        11M (1%)           56M (4%)           2 / 2              2 / 1              0 / 0        
[2026-04-03T03:28:32.384+0600][36.963s][info][gc,reloc    ] GC(43) y: Survivor 2        10M (1%)           67M (5%)           7 / 3              2 / 1              0 / 0        
[2026-04-03T03:28:32.385+0600][36.963s][info][gc,heap     ] GC(43) y: Min Capacity: 8M(1%)
[2026-04-03T03:28:32.385+0600][36.963s][info][gc,heap     ] GC(43) y: Max Capacity: 1500M(100%)
[2026-04-03T03:28:32.385+0600][36.963s][info][gc,heap     ] GC(43) y: Soft Max Capacity: 1500M(100%)
[2026-04-03T03:28:32.385+0600][36.963s][info][gc,heap     ] GC(43) y: Heap Statistics:
[2026-04-03T03:28:32.385+0600][36.963s][info][gc,heap     ] GC(43) y:                Mark Start          Mark End        Relocate Start      Relocate End           High               Low         
[2026-04-03T03:28:32.385+0600][36.963s][info][gc,heap     ] GC(43) y:  Capacity:     1500M (100%)       1500M (100%)       1500M (100%)       1500M (100%)       1500M (100%)       1500M (100%)   
[2026-04-03T03:28:32.385+0600][36.963s][info][gc,heap     ] GC(43) y:      Free:      978M (65%)         814M (54%)         840M (56%)         810M (54%)         978M (65%)         768M (51%)    
[2026-04-03T03:28:32.385+0600][36.963s][info][gc,heap     ] GC(43) y:      Used:      522M (35%)         686M (46%)         660M (44%)         690M (46%)         732M (49%)         522M (35%)    
[2026-04-03T03:28:32.385+0600][36.963s][info][gc,heap     ] GC(43) y: Young Generation Statistics:
[2026-04-03T03:28:32.385+0600][36.963s][info][gc,heap     ] GC(43) y:                Mark Start          Mark End        Relocate Start      Relocate End    
[2026-04-03T03:28:32.385+0600][36.963s][info][gc,heap     ] GC(43) y:      Used:      266M (18%)         430M (29%)         400M (27%)         392M (26%)    
[2026-04-03T03:28:32.385+0600][36.963s][info][gc,heap     ] GC(43) y:      Live:         -                71M (5%)           67M (4%)           60M (4%)     
[2026-04-03T03:28:32.385+0600][36.963s][info][gc,heap     ] GC(43) y:   Garbage:         -               194M (13%)         156M (10%)           9M (1%)     
[2026-04-03T03:28:32.385+0600][36.963s][info][gc,heap     ] GC(43) y: Allocated:         -               164M (11%)         176M (12%)         322M (21%)    
[2026-04-03T03:28:32.385+0600][36.963s][info][gc,heap     ] GC(43) y: Reclaimed:         -                  -                38M (3%)          185M (12%)    
[2026-04-03T03:28:32.385+0600][36.963s][info][gc,heap     ] GC(43) y:  Promoted:         -                  -                 3M (0%)           10M (1%)     
[2026-04-03T03:28:32.385+0600][36.963s][info][gc,heap     ] GC(43) y: Compacted:         -                  -                  -                19M (1%)     
[2026-04-03T03:28:32.385+0600][36.963s][info][gc,phases   ] GC(43) y: Young Generation 522M(35%)->690M(46%) 0.442s
[2026-04-03T03:28:32.385+0600][36.963s][info][gc          ] GC(43) Minor Collection (Allocation Rate) 522M(35%)->692M(46%) 0.443s
[2026-04-03T03:28:32.385+0600][36.963s][info][gc          ] GC(44) Minor Collection (Allocation Rate)
[2026-04-03T03:28:32.385+0600][36.963s][info][gc,task     ] GC(44) Using 1 Workers for Young Generation
[2026-04-03T03:28:32.385+0600][36.963s][info][gc,phases   ] GC(44) y: Young Generation
[2026-04-03T03:28:32.385+0600][36.964s][info][gc,phases   ] GC(44) y: Pause Mark Start 0.029ms
[2026-04-03T03:28:32.482+0600][37.060s][info][gc,phases   ] GC(42) O: Concurrent Mark 547.357ms
[2026-04-03T03:28:32.482+0600][37.060s][info][gc,phases   ] GC(42) O: Pause Mark End 0.025ms
[2026-04-03T03:28:32.482+0600][37.061s][info][gc,phases   ] GC(42) O: Concurrent Mark Free 0.002ms
[2026-04-03T03:28:32.508+0600][37.087s][info][gc,phases   ] GC(42) O: Concurrent Process Non-Strong 26.087ms
[2026-04-03T03:28:32.509+0600][37.087s][info][gc,phases   ] GC(42) O: Concurrent Reset Relocation Set 0.027ms
[2026-04-03T03:28:32.512+0600][37.090s][info][gc,phases   ] GC(42) O: Concurrent Select Relocation Set 3.219ms
[2026-04-03T03:28:32.560+0600][37.139s][info][gc,phases   ] GC(44) y: Concurrent Mark 174.747ms
[2026-04-03T03:28:32.560+0600][37.139s][info][gc,phases   ] GC(44) y: Pause Mark End 0.026ms
[2026-04-03T03:28:32.561+0600][37.139s][info][gc,phases   ] GC(44) y: Concurrent Mark Free 0.001ms
[2026-04-03T03:28:32.561+0600][37.139s][info][gc,phases   ] GC(44) y: Concurrent Reset Relocation Set 0.019ms
[2026-04-03T03:28:32.563+0600][37.141s][info][gc,reloc    ] GC(44) y: Using tenuring threshold: 3 (Computed)
[2026-04-03T03:28:32.573+0600][37.151s][info][gc,phases   ] GC(44) y: Concurrent Select Relocation Set 11.906ms
[2026-04-03T03:28:32.573+0600][37.151s][info][gc,phases   ] GC(44) y: Pause Relocate Start 0.048ms
[2026-04-03T03:28:32.630+0600][37.208s][info][gc,phases   ] GC(44) y: Concurrent Relocate 57.107ms
[2026-04-03T03:28:32.630+0600][37.209s][info][gc,alloc    ] GC(44) y:                         Mark Start        Mark End      Relocate Start    Relocate End   
[2026-04-03T03:28:32.630+0600][37.209s][info][gc,alloc    ] GC(44) y: Allocation Stalls:          0                0                0                0         
[2026-04-03T03:28:32.630+0600][37.209s][info][gc,load     ] GC(44) y: Load: 4.23 (35%) / 4.52 (38%) / 5.03 (42%)
[2026-04-03T03:28:32.630+0600][37.209s][info][gc,mmu      ] GC(44) y: MMU: 2ms/92.1%, 5ms/96.9%, 10ms/98.4%, 20ms/99.2%, 50ms/99.5%, 100ms/99.7%
[2026-04-03T03:28:32.630+0600][37.209s][info][gc,marking  ] GC(44) y: Mark: 1 stripe(s), 2 proactive flush(es), 1 terminate flush(es), 0 completion(s), 0 continuation(s) 
[2026-04-03T03:28:32.630+0600][37.209s][info][gc,marking  ] GC(44) y: Mark Stack Usage: 32M
[2026-04-03T03:28:32.630+0600][37.209s][info][gc,nmethod  ] GC(44) y: NMethods: 6254 registered, 573 unregistered
[2026-04-03T03:28:32.630+0600][37.209s][info][gc,metaspace] GC(44) y: Metaspace: 70M used, 71M committed, 1088M reserved
[2026-04-03T03:28:32.630+0600][37.209s][info][gc,reloc    ] GC(44) y:                        Candidates     Selected     In-Place         Size        Empty    Relocated 
[2026-04-03T03:28:32.630+0600][37.209s][info][gc,reloc    ] GC(44) y: Small Pages:                   86           71            0         172M           4M          14M 
[2026-04-03T03:28:32.630+0600][37.209s][info][gc,reloc    ] GC(44) y: Medium Pages:                   5            2            0         160M          32M          13M 
[2026-04-03T03:28:32.630+0600][37.209s][info][gc,reloc    ] GC(44) y: Large Pages:                   10            0            0          62M          30M           0M 
[2026-04-03T03:28:32.630+0600][37.209s][info][gc,reloc    ] GC(44) y: Forwarding Usage: 17M
[2026-04-03T03:28:32.630+0600][37.209s][info][gc,reloc    ] GC(44) y: Age Table:
[2026-04-03T03:28:32.630+0600][37.209s][info][gc,reloc    ] GC(44) y:                    Live             Garbage             Small              Medium             Large        
[2026-04-03T03:28:32.630+0600][37.209s][info][gc,reloc    ] GC(44) y: Eden              63M (4%)          204M (14%)         80 / 69             2 / 1              7 / 0        
[2026-04-03T03:28:32.630+0600][37.209s][info][gc,reloc    ] GC(44) y: Survivor 1        19M (1%)           38M (3%)           4 / 1              1 / 1              3 / 0        
[2026-04-03T03:28:32.630+0600][37.209s][info][gc,reloc    ] GC(44) y: Survivor 2         3M (0%)           64M (4%)           2 / 1              2 / 0              0 / 0        
[2026-04-03T03:28:32.630+0600][37.209s][info][gc,heap     ] GC(44) y: Min Capacity: 8M(1%)
[2026-04-03T03:28:32.630+0600][37.209s][info][gc,heap     ] GC(44) y: Max Capacity: 1500M(100%)
[2026-04-03T03:28:32.630+0600][37.209s][info][gc,heap     ] GC(44) y: Soft Max Capacity: 1500M(100%)
[2026-04-03T03:28:32.630+0600][37.209s][info][gc,heap     ] GC(44) y: Heap Statistics:
[2026-04-03T03:28:32.630+0600][37.209s][info][gc,heap     ] GC(44) y:                Mark Start          Mark End        Relocate Start      Relocate End           High               Low         
[2026-04-03T03:28:32.630+0600][37.209s][info][gc,heap     ] GC(44) y:  Capacity:     1500M (100%)       1500M (100%)       1500M (100%)       1500M (100%)       1500M (100%)       1500M (100%)   
[2026-04-03T03:28:32.631+0600][37.209s][info][gc,heap     ] GC(44) y:      Free:      808M (54%)         608M (41%)         666M (44%)         774M (52%)         808M (54%)         608M (41%)    
[2026-04-03T03:28:32.631+0600][37.209s][info][gc,heap     ] GC(44) y:      Used:      692M (46%)         892M (59%)         834M (56%)         726M (48%)         892M (59%)         692M (46%)    
[2026-04-03T03:28:32.631+0600][37.209s][info][gc,heap     ] GC(44) y: Young Generation Statistics:
[2026-04-03T03:28:32.631+0600][37.209s][info][gc,heap     ] GC(44) y:                Mark Start          Mark End        Relocate Start      Relocate End    
[2026-04-03T03:28:32.631+0600][37.209s][info][gc,heap     ] GC(44) y:      Used:      394M (26%)         596M (40%)         538M (36%)         430M (29%)    
[2026-04-03T03:28:32.631+0600][37.209s][info][gc,heap     ] GC(44) y:      Live:         -                86M (6%)           86M (6%)           86M (6%)     
[2026-04-03T03:28:32.631+0600][37.209s][info][gc,heap     ] GC(44) y:   Garbage:         -               307M (21%)         241M (16%)          17M (1%)     
[2026-04-03T03:28:32.631+0600][37.209s][info][gc,heap     ] GC(44) y: Allocated:         -               202M (13%)         210M (14%)         326M (22%)    
[2026-04-03T03:28:32.631+0600][37.209s][info][gc,heap     ] GC(44) y: Reclaimed:         -                  -                66M (4%)          290M (19%)    
[2026-04-03T03:28:32.631+0600][37.209s][info][gc,heap     ] GC(44) y:  Promoted:         -                  -                 0M (0%)            0M (0%)     
[2026-04-03T03:28:32.631+0600][37.209s][info][gc,heap     ] GC(44) y: Compacted:         -                  -                  -                33M (2%)     
[2026-04-03T03:28:32.631+0600][37.209s][info][gc,phases   ] GC(44) y: Young Generation 692M(46%)->726M(48%) 0.245s
[2026-04-03T03:28:32.631+0600][37.209s][info][gc          ] GC(44) Minor Collection (Allocation Rate) 692M(46%)->726M(48%) 0.246s
[2026-04-03T03:28:32.631+0600][37.209s][info][gc,task     ] GC(42) O: Using 3 Workers for Old Generation
[2026-04-03T03:28:32.650+0600][37.228s][info][gc,task     ] GC(42) O: Using 2 Workers for Old Generation
[2026-04-03T03:28:32.650+0600][37.228s][info][gc,phases   ] GC(42) O: Concurrent Remap Roots 19.105ms
[2026-04-03T03:28:32.650+0600][37.228s][info][gc,phases   ] GC(42) O: Pause Relocate Start 0.047ms
[2026-04-03T03:28:32.654+0600][37.232s][info][gc,phases   ] GC(42) O: Concurrent Relocate 3.899ms
[2026-04-03T03:28:32.654+0600][37.232s][info][gc,alloc    ] GC(42) O:                         Mark Start        Mark End      Relocate Start    Relocate End   
[2026-04-03T03:28:32.654+0600][37.232s][info][gc,alloc    ] GC(42) O: Allocation Stalls:          0                0                0                0         
[2026-04-03T03:28:32.654+0600][37.232s][info][gc,load     ] GC(42) O: Load: 4.23 (35%) / 4.52 (38%) / 5.03 (42%)
[2026-04-03T03:28:32.654+0600][37.232s][info][gc,mmu      ] GC(42) O: MMU: 2ms/92.1%, 5ms/96.9%, 10ms/98.4%, 20ms/99.2%, 50ms/99.5%, 100ms/99.7%
[2026-04-03T03:28:32.654+0600][37.232s][info][gc,marking  ] GC(42) O: Mark: 2 stripe(s), 2 proactive flush(es), 1 terminate flush(es), 0 completion(s), 0 continuation(s) 
[2026-04-03T03:28:32.654+0600][37.232s][info][gc,marking  ] GC(42) O: Mark Stack Usage: 32M
[2026-04-03T03:28:32.654+0600][37.232s][info][gc,nmethod  ] GC(42) O: NMethods: 6261 registered, 573 unregistered
[2026-04-03T03:28:32.654+0600][37.232s][info][gc,metaspace] GC(42) O: Metaspace: 70M used, 71M committed, 1088M reserved
[2026-04-03T03:28:32.654+0600][37.232s][info][gc,ref      ] GC(42) O:                       Encountered   Discovered     Enqueued 
[2026-04-03T03:28:32.654+0600][37.232s][info][gc,ref      ] GC(42) O: Soft References:             5142            0            0 
[2026-04-03T03:28:32.654+0600][37.232s][info][gc,ref      ] GC(42) O: Weak References:             7388         4503          527 
[2026-04-03T03:28:32.654+0600][37.232s][info][gc,ref      ] GC(42) O: Final References:              86            0            0 
[2026-04-03T03:28:32.654+0600][37.232s][info][gc,ref      ] GC(42) O: Phantom References:           603          373            0 
[2026-04-03T03:28:32.654+0600][37.232s][info][gc,reloc    ] GC(42) O:                        Candidates     Selected     In-Place         Size        Empty    Relocated 
[2026-04-03T03:28:32.654+0600][37.233s][info][gc,reloc    ] GC(42) O: Small Pages:                   99           15            0         198M           2M           1M 
[2026-04-03T03:28:32.654+0600][37.233s][info][gc,reloc    ] GC(42) O: Medium Pages:                   1            0            0          32M           0M           0M 
[2026-04-03T03:28:32.654+0600][37.233s][info][gc,reloc    ] GC(42) O: Large Pages:                    0            0            0           0M           0M           0M 
[2026-04-03T03:28:32.654+0600][37.233s][info][gc,reloc    ] GC(42) O: Forwarding Usage: 0M
[2026-04-03T03:28:32.654+0600][37.233s][info][gc,heap     ] GC(42) O: Min Capacity: 8M(1%)
[2026-04-03T03:28:32.654+0600][37.233s][info][gc,heap     ] GC(42) O: Max Capacity: 1500M(100%)
[2026-04-03T03:28:32.654+0600][37.233s][info][gc,heap     ] GC(42) O: Soft Max Capacity: 1500M(100%)
[2026-04-03T03:28:32.654+0600][37.233s][info][gc,heap     ] GC(42) O: Heap Statistics:
[2026-04-03T03:28:32.654+0600][37.233s][info][gc,heap     ] GC(42) O:                Mark Start          Mark End        Relocate Start      Relocate End           High               Low         
[2026-04-03T03:28:32.654+0600][37.233s][info][gc,heap     ] GC(42) O:  Capacity:     1500M (100%)       1500M (100%)       1500M (100%)       1500M (100%)       1500M (100%)       1500M (100%)   
[2026-04-03T03:28:32.654+0600][37.233s][info][gc,heap     ] GC(42) O:      Free:     1000M (67%)         674M (45%)         768M (51%)         792M (53%)        1000M (67%)         608M (41%)    
[2026-04-03T03:28:32.654+0600][37.233s][info][gc,heap     ] GC(42) O:      Used:      500M (33%)         826M (55%)         732M (49%)         708M (47%)         892M (59%)         500M (33%)    
[2026-04-03T03:28:32.654+0600][37.233s][info][gc,heap     ] GC(42) O: Old Generation Statistics:
[2026-04-03T03:28:32.654+0600][37.233s][info][gc,heap     ] GC(42) O:                Mark Start          Mark End        Relocate Start      Relocate End    
[2026-04-03T03:28:32.654+0600][37.233s][info][gc,heap     ] GC(42) O:      Used:      230M (15%)         298M (20%)         296M (20%)         272M (18%)    
[2026-04-03T03:28:32.654+0600][37.233s][info][gc,heap     ] GC(42) O:      Live:         -               170M (11%)         170M (11%)         170M (11%)    
[2026-04-03T03:28:32.654+0600][37.233s][info][gc,heap     ] GC(42) O:   Garbage:         -                59M (4%)           57M (4%)           27M (2%)     
[2026-04-03T03:28:32.654+0600][37.233s][info][gc,heap     ] GC(42) O: Allocated:         -                68M (5%)           68M (5%)           74M (5%)     
[2026-04-03T03:28:32.654+0600][37.233s][info][gc,heap     ] GC(42) O: Reclaimed:         -                  -                 2M (0%)           32M (2%)     
[2026-04-03T03:28:32.654+0600][37.233s][info][gc,heap     ] GC(42) O: Compacted:         -                  -                  -                 1M (0%)     
[2026-04-03T03:28:32.654+0600][37.233s][info][gc,phases   ] GC(42) O: Old Generation 518M(35%)->708M(47%) 0.719s
[2026-04-03T03:28:32.654+0600][37.233s][info][gc          ] GC(42) Major Collection (Allocation Rate) 500M(33%)->708M(47%) 1.072s
[2026-04-03T03:28:32.785+0600][37.364s][info][gc          ] GC(45) Minor Collection (Allocation Rate)
[2026-04-03T03:28:32.785+0600][37.364s][info][gc,task     ] GC(45) Using 3 Workers for Young Generation
[2026-04-03T03:28:32.785+0600][37.364s][info][gc,phases   ] GC(45) y: Young Generation
[2026-04-03T03:28:32.786+0600][37.364s][info][gc,phases   ] GC(45) y: Pause Mark Start 0.051ms
[2026-04-03T03:28:32.910+0600][37.489s][info][gc,phases   ] GC(45) y: Concurrent Mark 124.540ms
[2026-04-03T03:28:32.911+0600][37.489s][info][gc,phases   ] GC(45) y: Pause Mark End 0.037ms
[2026-04-03T03:28:32.911+0600][37.489s][info][gc,phases   ] GC(45) y: Concurrent Mark Free 0.001ms
[2026-04-03T03:28:32.911+0600][37.489s][info][gc,phases   ] GC(45) y: Concurrent Reset Relocation Set 0.018ms
[2026-04-03T03:28:32.915+0600][37.494s][info][gc,reloc    ] GC(45) y: Using tenuring threshold: 2 (Computed)
[2026-04-03T03:28:32.933+0600][37.511s][info][gc,phases   ] GC(45) y: Concurrent Select Relocation Set 21.683ms
[2026-04-03T03:28:32.933+0600][37.511s][info][gc,phases   ] GC(45) y: Pause Relocate Start 0.020ms
[2026-04-03T03:28:32.986+0600][37.564s][info][gc,phases   ] GC(45) y: Concurrent Relocate 52.721ms
[2026-04-03T03:28:32.986+0600][37.564s][info][gc,alloc    ] GC(45) y:                         Mark Start        Mark End      Relocate Start    Relocate End   
[2026-04-03T03:28:32.986+0600][37.564s][info][gc,alloc    ] GC(45) y: Allocation Stalls:          0                0                0                0         
[2026-04-03T03:28:32.986+0600][37.564s][info][gc,load     ] GC(45) y: Load: 4.23 (35%) / 4.52 (38%) / 5.03 (42%)
[2026-04-03T03:28:32.986+0600][37.564s][info][gc,mmu      ] GC(45) y: MMU: 2ms/92.1%, 5ms/96.9%, 10ms/98.4%, 20ms/99.2%, 50ms/99.5%, 100ms/99.7%
[2026-04-03T03:28:32.986+0600][37.564s][info][gc,marking  ] GC(45) y: Mark: 2 stripe(s), 10 proactive flush(es), 1 terminate flush(es), 0 completion(s), 0 continuation(s) 
[2026-04-03T03:28:32.986+0600][37.564s][info][gc,marking  ] GC(45) y: Mark Stack Usage: 32M
[2026-04-03T03:28:32.986+0600][37.564s][info][gc,nmethod  ] GC(45) y: NMethods: 6325 registered, 573 unregistered
[2026-04-03T03:28:32.986+0600][37.564s][info][gc,metaspace] GC(45) y: Metaspace: 70M used, 71M committed, 1088M reserved
[2026-04-03T03:28:32.986+0600][37.564s][info][gc,reloc    ] GC(45) y:                        Candidates     Selected     In-Place         Size        Empty    Relocated 
[2026-04-03T03:28:32.986+0600][37.564s][info][gc,reloc    ] GC(45) y: Small Pages:                  159           84            0         318M          80M          17M 
[2026-04-03T03:28:32.986+0600][37.564s][info][gc,reloc    ] GC(45) y: Medium Pages:                   5            3            0         160M          32M          12M 
[2026-04-03T03:28:32.986+0600][37.564s][info][gc,reloc    ] GC(45) y: Large Pages:                   11            0            0          70M          46M           0M 
[2026-04-03T03:28:32.986+0600][37.564s][info][gc,reloc    ] GC(45) y: Forwarding Usage: 20M
[2026-04-03T03:28:32.986+0600][37.564s][info][gc,reloc    ] GC(45) y: Age Table:
[2026-04-03T03:28:32.986+0600][37.564s][info][gc,reloc    ] GC(45) y:                    Live             Garbage             Small              Medium             Large        
[2026-04-03T03:28:32.986+0600][37.564s][info][gc,reloc    ] GC(45) y: Eden              61M (4%)          296M (20%)        144 / 81             1 / 1              6 / 0        
[2026-04-03T03:28:32.986+0600][37.564s][info][gc,reloc    ] GC(45) y: Survivor 1        18M (1%)           91M (6%)          10 / 2              2 / 0              4 / 0        
[2026-04-03T03:28:32.986+0600][37.564s][info][gc,reloc    ] GC(45) y: Survivor 2        19M (1%)           26M (2%)           4 / 0              1 / 1              1 / 0        
[2026-04-03T03:28:32.986+0600][37.564s][info][gc,reloc    ] GC(45) y: Survivor 3         3M (0%)           30M (2%)           1 / 1              1 / 1              0 / 0        
[2026-04-03T03:28:32.986+0600][37.564s][info][gc,heap     ] GC(45) y: Min Capacity: 8M(1%)
[2026-04-03T03:28:32.986+0600][37.564s][info][gc,heap     ] GC(45) y: Max Capacity: 1500M(100%)
[2026-04-03T03:28:32.986+0600][37.564s][info][gc,heap     ] GC(45) y: Soft Max Capacity: 1500M(100%)
[2026-04-03T03:28:32.986+0600][37.564s][info][gc,heap     ] GC(45) y: Heap Statistics:
[2026-04-03T03:28:32.986+0600][37.564s][info][gc,heap     ] GC(45) y:                Mark Start          Mark End        Relocate Start      Relocate End           High               Low         
[2026-04-03T03:28:32.986+0600][37.564s][info][gc,heap     ] GC(45) y:  Capacity:     1500M (100%)       1500M (100%)       1500M (100%)       1500M (100%)       1500M (100%)       1500M (100%)   
[2026-04-03T03:28:32.986+0600][37.564s][info][gc,heap     ] GC(45) y:      Free:      680M (45%)         508M (34%)         642M (43%)         766M (51%)         788M (53%)         504M (34%)    
[2026-04-03T03:28:32.986+0600][37.564s][info][gc,heap     ] GC(45) y:      Used:      820M (55%)         992M (66%)         858M (57%)         734M (49%)         996M (66%)         712M (47%)    
[2026-04-03T03:28:32.986+0600][37.564s][info][gc,heap     ] GC(45) y: Young Generation Statistics:
[2026-04-03T03:28:32.986+0600][37.564s][info][gc,heap     ] GC(45) y:                Mark Start          Mark End        Relocate Start      Relocate End    
[2026-04-03T03:28:32.986+0600][37.564s][info][gc,heap     ] GC(45) y:      Used:      548M (37%)         720M (48%)         574M (38%)         416M (28%)    
[2026-04-03T03:28:32.986+0600][37.564s][info][gc,heap     ] GC(45) y:      Live:         -               102M (7%)           90M (6%)           79M (5%)     
[2026-04-03T03:28:32.986+0600][37.564s][info][gc,heap     ] GC(45) y:   Garbage:         -               445M (30%)         287M (19%)           1M (0%)     
[2026-04-03T03:28:32.986+0600][37.564s][info][gc,heap     ] GC(45) y: Allocated:         -               172M (11%)         196M (13%)         335M (22%)    
[2026-04-03T03:28:32.986+0600][37.564s][info][gc,heap     ] GC(45) y: Reclaimed:         -                  -               158M (11%)         444M (30%)    
[2026-04-03T03:28:32.986+0600][37.564s][info][gc,heap     ] GC(45) y:  Promoted:         -                  -                11M (1%)           22M (2%)     
[2026-04-03T03:28:32.986+0600][37.564s][info][gc,heap     ] GC(45) y: Compacted:         -                  -                  -                22M (2%)     
[2026-04-03T03:28:32.986+0600][37.564s][info][gc,phases   ] GC(45) y: Young Generation 820M(55%)->734M(49%) 0.200s
[2026-04-03T03:28:32.986+0600][37.565s][info][gc          ] GC(45) Minor Collection (Allocation Rate) 820M(55%)->736M(49%) 0.201s
[2026-04-03T03:28:33.116+0600][37.694s][info][gc          ] GC(46) Minor Collection (Allocation Rate)
[2026-04-03T03:28:33.116+0600][37.694s][info][gc,task     ] GC(46) Using 3 Workers for Young Generation
[2026-04-03T03:28:33.116+0600][37.694s][info][gc,phases   ] GC(46) y: Young Generation
[2026-04-03T03:28:33.116+0600][37.694s][info][gc,phases   ] GC(46) y: Pause Mark Start 0.021ms
[2026-04-03T03:28:33.243+0600][37.821s][info][gc,phases   ] GC(46) y: Concurrent Mark 126.871ms
[2026-04-03T03:28:33.243+0600][37.822s][info][gc,phases   ] GC(46) y: Pause Mark End 0.020ms
[2026-04-03T03:28:33.243+0600][37.822s][info][gc,phases   ] GC(46) y: Concurrent Mark Free 0.002ms
[2026-04-03T03:28:33.243+0600][37.822s][info][gc,phases   ] GC(46) y: Concurrent Reset Relocation Set 0.021ms
[2026-04-03T03:28:33.245+0600][37.823s][info][gc,reloc    ] GC(46) y: Using tenuring threshold: 2 (Computed)
[2026-04-03T03:28:33.252+0600][37.830s][info][gc,phases   ] GC(46) y: Concurrent Select Relocation Set 8.709ms
[2026-04-03T03:28:33.252+0600][37.831s][info][gc,phases   ] GC(46) y: Pause Relocate Start 0.019ms
[2026-04-03T03:28:33.265+0600][37.843s][info][gc,phases   ] GC(46) y: Concurrent Relocate 12.523ms
[2026-04-03T03:28:33.265+0600][37.843s][info][gc,alloc    ] GC(46) y:                         Mark Start        Mark End      Relocate Start    Relocate End   
[2026-04-03T03:28:33.265+0600][37.843s][info][gc,alloc    ] GC(46) y: Allocation Stalls:          0                0                0                0         
[2026-04-03T03:28:33.265+0600][37.843s][info][gc,load     ] GC(46) y: Load: 4.23 (35%) / 4.52 (38%) / 5.03 (42%)
[2026-04-03T03:28:33.265+0600][37.843s][info][gc,mmu      ] GC(46) y: MMU: 2ms/92.1%, 5ms/96.9%, 10ms/98.4%, 20ms/99.2%, 50ms/99.5%, 100ms/99.7%
[2026-04-03T03:28:33.265+0600][37.843s][info][gc,marking  ] GC(46) y: Mark: 2 stripe(s), 4 proactive flush(es), 1 terminate flush(es), 0 completion(s), 0 continuation(s) 
[2026-04-03T03:28:33.265+0600][37.843s][info][gc,marking  ] GC(46) y: Mark Stack Usage: 32M
[2026-04-03T03:28:33.265+0600][37.843s][info][gc,nmethod  ] GC(46) y: NMethods: 6420 registered, 573 unregistered
[2026-04-03T03:28:33.265+0600][37.843s][info][gc,metaspace] GC(46) y: Metaspace: 70M used, 71M committed, 1088M reserved
[2026-04-03T03:28:33.265+0600][37.843s][info][gc,reloc    ] GC(46) y:                        Candidates     Selected     In-Place         Size        Empty    Relocated 
[2026-04-03T03:28:33.265+0600][37.843s][info][gc,reloc    ] GC(46) y: Small Pages:                  247            8            0         494M         366M           1M 
[2026-04-03T03:28:33.265+0600][37.843s][info][gc,reloc    ] GC(46) y: Medium Pages:                   2            1            0          64M           0M           1M 
[2026-04-03T03:28:33.265+0600][37.843s][info][gc,reloc    ] GC(46) y: Large Pages:                    4            0            0          24M          12M           0M 
[2026-04-03T03:28:33.265+0600][37.843s][info][gc,reloc    ] GC(46) y: Forwarding Usage: 2M
[2026-04-03T03:28:33.265+0600][37.843s][info][gc,reloc    ] GC(46) y: Age Table:
[2026-04-03T03:28:33.265+0600][37.843s][info][gc,reloc    ] GC(46) y:                    Live             Garbage             Small              Medium             Large        
[2026-04-03T03:28:33.265+0600][37.843s][info][gc,reloc    ] GC(46) y: Eden              50M (3%)          383M (26%)        214 / 5              0 / 0              1 / 0        
[2026-04-03T03:28:33.265+0600][37.843s][info][gc,reloc    ] GC(46) y: Survivor 1        55M (4%)           40M (3%)          23 / 1              1 / 1              3 / 0        
[2026-04-03T03:28:33.265+0600][37.843s][info][gc,reloc    ] GC(46) y: Survivor 2        18M (1%)           33M (2%)          10 / 2              1 / 0              0 / 0        
[2026-04-03T03:28:33.265+0600][37.843s][info][gc,heap     ] GC(46) y: Min Capacity: 8M(1%)
[2026-04-03T03:28:33.265+0600][37.843s][info][gc,heap     ] GC(46) y: Max Capacity: 1500M(100%)
[2026-04-03T03:28:33.265+0600][37.843s][info][gc,heap     ] GC(46) y: Soft Max Capacity: 1500M(100%)
[2026-04-03T03:28:33.265+0600][37.843s][info][gc,heap     ] GC(46) y: Heap Statistics:
[2026-04-03T03:28:33.265+0600][37.843s][info][gc,heap     ] GC(46) y:                Mark Start          Mark End        Relocate Start      Relocate End           High               Low         
[2026-04-03T03:28:33.265+0600][37.843s][info][gc,heap     ] GC(46) y:  Capacity:     1500M (100%)       1500M (100%)       1500M (100%)       1500M (100%)       1500M (100%)       1500M (100%)   
[2026-04-03T03:28:33.265+0600][37.843s][info][gc,heap     ] GC(46) y:      Free:      600M (40%)         456M (30%)         834M (56%)         844M (56%)         844M (56%)         456M (30%)    
[2026-04-03T03:28:33.265+0600][37.843s][info][gc,heap     ] GC(46) y:      Used:      900M (60%)        1044M (70%)         666M (44%)         656M (44%)        1044M (70%)         656M (44%)    
[2026-04-03T03:28:33.265+0600][37.843s][info][gc,heap     ] GC(46) y: Young Generation Statistics:
[2026-04-03T03:28:33.265+0600][37.843s][info][gc,heap     ] GC(46) y:                Mark Start          Mark End        Relocate Start      Relocate End    
[2026-04-03T03:28:33.265+0600][37.843s][info][gc,heap     ] GC(46) y:      Used:      582M (39%)         726M (48%)         332M (22%)         288M (19%)    
[2026-04-03T03:28:33.265+0600][37.843s][info][gc,heap     ] GC(46) y:      Live:         -               124M (8%)          108M (7%)          105M (7%)     
[2026-04-03T03:28:33.265+0600][37.843s][info][gc,heap     ] GC(46) y:   Garbage:         -               457M (31%)          79M (5%)            2M (0%)     
[2026-04-03T03:28:33.265+0600][37.843s][info][gc,heap     ] GC(46) y: Allocated:         -               144M (10%)         144M (10%)         179M (12%)    
[2026-04-03T03:28:33.265+0600][37.844s][info][gc,heap     ] GC(46) y: Reclaimed:         -                  -               378M (25%)         455M (30%)    
[2026-04-03T03:28:33.265+0600][37.844s][info][gc,heap     ] GC(46) y:  Promoted:         -                  -                15M (1%)           18M (1%)     
[2026-04-03T03:28:33.265+0600][37.844s][info][gc,heap     ] GC(46) y: Compacted:         -                  -                  -                 4M (0%)     
[2026-04-03T03:28:33.265+0600][37.844s][info][gc,phases   ] GC(46) y: Young Generation 900M(60%)->656M(44%) 0.149s
[2026-04-03T03:28:33.265+0600][37.844s][info][gc          ] GC(46) Minor Collection (Allocation Rate) 900M(60%)->656M(44%) 0.150s
[2026-04-03T03:28:33.265+0600][37.844s][info][gc          ] GC(47) Major Collection (System.gc())
[2026-04-03T03:28:33.265+0600][37.844s][info][gc,task     ] GC(47) Using 3 Workers for Young Generation
[2026-04-03T03:28:33.265+0600][37.844s][info][gc,task     ] GC(47) Using 3 Workers for Old Generation
[2026-04-03T03:28:33.265+0600][37.844s][info][gc,phases   ] GC(47) Y: Young Generation (Promote All)
[2026-04-03T03:28:33.266+0600][37.844s][info][gc,phases   ] GC(47) Y: Pause Mark Start 0.020ms
[2026-04-03T03:28:33.295+0600][37.873s][info][gc,phases   ] GC(47) Y: Concurrent Mark 29.341ms
[2026-04-03T03:28:33.295+0600][37.874s][info][gc,phases   ] GC(47) Y: Pause Mark End 0.024ms
[2026-04-03T03:28:33.295+0600][37.874s][info][gc,phases   ] GC(47) Y: Concurrent Mark Free 0.001ms
[2026-04-03T03:28:33.295+0600][37.874s][info][gc,phases   ] GC(47) Y: Concurrent Reset Relocation Set 0.018ms
[2026-04-03T03:28:33.297+0600][37.875s][info][gc,reloc    ] GC(47) Y: Using tenuring threshold: 0 (Promote All)
[2026-04-03T03:28:33.305+0600][37.883s][info][gc,phases   ] GC(47) Y: Concurrent Select Relocation Set 9.043ms
[2026-04-03T03:28:33.305+0600][37.883s][info][gc,phases   ] GC(47) Y: Pause Relocate Start 0.015ms
[2026-04-03T03:28:33.321+0600][37.899s][info][gc,phases   ] GC(47) Y: Concurrent Relocate 16.289ms
[2026-04-03T03:28:33.321+0600][37.900s][info][gc,alloc    ] GC(47) Y:                         Mark Start        Mark End      Relocate Start    Relocate End   
[2026-04-03T03:28:33.321+0600][37.900s][info][gc,alloc    ] GC(47) Y: Allocation Stalls:          0                0                0                0         
[2026-04-03T03:28:33.321+0600][37.900s][info][gc,load     ] GC(47) Y: Load: 4.23 (35%) / 4.52 (38%) / 5.03 (42%)
[2026-04-03T03:28:33.321+0600][37.900s][info][gc,mmu      ] GC(47) Y: MMU: 2ms/92.1%, 5ms/96.9%, 10ms/98.4%, 20ms/99.2%, 50ms/99.5%, 100ms/99.7%
[2026-04-03T03:28:33.321+0600][37.900s][info][gc,marking  ] GC(47) Y: Mark: 2 stripe(s), 1 proactive flush(es), 1 terminate flush(es), 0 completion(s), 0 continuation(s) 
[2026-04-03T03:28:33.321+0600][37.900s][info][gc,marking  ] GC(47) Y: Mark Stack Usage: 32M
[2026-04-03T03:28:33.321+0600][37.900s][info][gc,nmethod  ] GC(47) Y: NMethods: 6420 registered, 573 unregistered
[2026-04-03T03:28:33.321+0600][37.900s][info][gc,metaspace] GC(47) Y: Metaspace: 70M used, 71M committed, 1088M reserved
[2026-04-03T03:28:33.321+0600][37.900s][info][gc,reloc    ] GC(47) Y:                        Candidates     Selected     In-Place         Size        Empty    Relocated 
[2026-04-03T03:28:33.321+0600][37.900s][info][gc,reloc    ] GC(47) Y: Small Pages:                  122            7            0         244M         210M           1M 
[2026-04-03T03:28:33.321+0600][37.900s][info][gc,reloc    ] GC(47) Y: Medium Pages:                   1            0            0          32M           0M           0M 
[2026-04-03T03:28:33.321+0600][37.900s][info][gc,reloc    ] GC(47) Y: Large Pages:                    2            0            0          12M          12M           0M 
[2026-04-03T03:28:33.321+0600][37.900s][info][gc,reloc    ] GC(47) Y: Forwarding Usage: 1M
[2026-04-03T03:28:33.321+0600][37.900s][info][gc,reloc    ] GC(47) Y: Age Table:
[2026-04-03T03:28:33.321+0600][37.900s][info][gc,reloc    ] GC(47) Y:                    Live             Garbage             Small              Medium             Large        
[2026-04-03T03:28:33.321+0600][37.900s][info][gc,reloc    ] GC(47) Y: Eden               0M (0%)          143M (10%)         72 / 1              0 / 0              0 / 0        
[2026-04-03T03:28:33.321+0600][37.900s][info][gc,reloc    ] GC(47) Y: Survivor 1         0M (0%)           53M (4%)          27 / 2              0 / 0              0 / 0        
[2026-04-03T03:28:33.321+0600][37.900s][info][gc,reloc    ] GC(47) Y: Survivor 2        20M (1%)           69M (5%)          23 / 4              1 / 0              2 / 0        
[2026-04-03T03:28:33.321+0600][37.900s][info][gc,heap     ] GC(47) Y: Min Capacity: 8M(1%)
[2026-04-03T03:28:33.321+0600][37.900s][info][gc,heap     ] GC(47) Y: Max Capacity: 1500M(100%)
[2026-04-03T03:28:33.321+0600][37.900s][info][gc,heap     ] GC(47) Y: Soft Max Capacity: 1500M(100%)
[2026-04-03T03:28:33.321+0600][37.900s][info][gc,heap     ] GC(47) Y: Heap Statistics:
[2026-04-03T03:28:33.321+0600][37.900s][info][gc,heap     ] GC(47) Y:                Mark Start          Mark End        Relocate Start      Relocate End           High               Low         
[2026-04-03T03:28:33.321+0600][37.900s][info][gc,heap     ] GC(47) Y:  Capacity:     1500M (100%)       1500M (100%)       1500M (100%)       1500M (100%)       1500M (100%)       1500M (100%)   
[2026-04-03T03:28:33.321+0600][37.900s][info][gc,heap     ] GC(47) Y:      Free:      844M (56%)         844M (56%)        1066M (71%)        1076M (72%)        1076M (72%)         844M (56%)    
[2026-04-03T03:28:33.321+0600][37.900s][info][gc,heap     ] GC(47) Y:      Used:      656M (44%)         656M (44%)         434M (29%)         424M (28%)         656M (44%)         424M (28%)    
[2026-04-03T03:28:33.321+0600][37.900s][info][gc,heap     ] GC(47) Y: Young Generation Statistics:
[2026-04-03T03:28:33.321+0600][37.900s][info][gc,heap     ] GC(47) Y:                Mark Start          Mark End        Relocate Start      Relocate End    
[2026-04-03T03:28:33.321+0600][37.900s][info][gc,heap     ] GC(47) Y:      Used:      288M (19%)         288M (19%)          16M (1%)            0M (0%)     
[2026-04-03T03:28:33.321+0600][37.900s][info][gc,heap     ] GC(47) Y:      Live:         -                20M (1%)            1M (0%)            0M (0%)     
[2026-04-03T03:28:33.321+0600][37.900s][info][gc,heap     ] GC(47) Y:   Garbage:         -               267M (18%)          14M (1%)            0M (0%)     
[2026-04-03T03:28:33.321+0600][37.900s][info][gc,heap     ] GC(47) Y: Allocated:         -                 0M (0%)            0M (0%)            0M (0%)     
[2026-04-03T03:28:33.321+0600][37.900s][info][gc,heap     ] GC(47) Y: Reclaimed:         -                  -               252M (17%)         267M (18%)    
[2026-04-03T03:28:33.321+0600][37.900s][info][gc,heap     ] GC(47) Y:  Promoted:         -                  -                19M (1%)           20M (1%)     
[2026-04-03T03:28:33.321+0600][37.900s][info][gc,heap     ] GC(47) Y: Compacted:         -                  -                  -                 0M (0%)     
[2026-04-03T03:28:33.321+0600][37.900s][info][gc,phases   ] GC(47) Y: Young Generation (Promote All) 656M(44%)->424M(28%) 0.056s
[2026-04-03T03:28:33.321+0600][37.900s][info][gc,phases   ] GC(47) Y: Young Generation (Collect Roots)
[2026-04-03T03:28:33.322+0600][37.900s][info][gc,phases   ] GC(47) Y: Pause Mark Start (Major) 0.019ms
[2026-04-03T03:28:33.332+0600][37.910s][info][gc,phases   ] GC(47) Y: Concurrent Mark 9.950ms
[2026-04-03T03:28:33.332+0600][37.910s][info][gc,phases   ] GC(47) Y: Pause Mark End 0.017ms
[2026-04-03T03:28:33.333+0600][37.911s][info][gc,phases   ] GC(47) Y: Concurrent Mark Free 0.369ms
[2026-04-03T03:28:33.333+0600][37.911s][info][gc,phases   ] GC(47) Y: Concurrent Reset Relocation Set 0.018ms
[2026-04-03T03:28:33.334+0600][37.912s][info][gc,reloc    ] GC(47) Y: Using tenuring threshold: 0 (Computed)
[2026-04-03T03:28:33.334+0600][37.913s][info][gc,phases   ] GC(47) Y: Concurrent Select Relocation Set 1.809ms
[2026-04-03T03:28:33.335+0600][37.913s][info][gc,phases   ] GC(47) Y: Pause Relocate Start 0.012ms
[2026-04-03T03:28:33.335+0600][37.913s][info][gc,phases   ] GC(47) Y: Concurrent Relocate 0.216ms
[2026-04-03T03:28:33.335+0600][37.913s][info][gc,alloc    ] GC(47) Y:                         Mark Start        Mark End      Relocate Start    Relocate End   
[2026-04-03T03:28:33.335+0600][37.913s][info][gc,alloc    ] GC(47) Y: Allocation Stalls:          0                0                0                0         
[2026-04-03T03:28:33.335+0600][37.913s][info][gc,load     ] GC(47) Y: Load: 4.23 (35%) / 4.52 (38%) / 5.03 (42%)
[2026-04-03T03:28:33.335+0600][37.913s][info][gc,mmu      ] GC(47) Y: MMU: 2ms/92.1%, 5ms/96.9%, 10ms/98.4%, 20ms/99.2%, 50ms/99.5%, 100ms/99.7%
[2026-04-03T03:28:33.335+0600][37.913s][info][gc,marking  ] GC(47) Y: Mark: 2 stripe(s), 1 proactive flush(es), 1 terminate flush(es), 0 completion(s), 0 continuation(s) 
[2026-04-03T03:28:33.335+0600][37.913s][info][gc,marking  ] GC(47) Y: Mark Stack Usage: 0M
[2026-04-03T03:28:33.335+0600][37.913s][info][gc,nmethod  ] GC(47) Y: NMethods: 6420 registered, 573 unregistered
[2026-04-03T03:28:33.335+0600][37.913s][info][gc,metaspace] GC(47) Y: Metaspace: 70M used, 71M committed, 1088M reserved
[2026-04-03T03:28:33.335+0600][37.913s][info][gc,heap     ] GC(47) Y: Min Capacity: 8M(1%)
[2026-04-03T03:28:33.335+0600][37.913s][info][gc,heap     ] GC(47) Y: Max Capacity: 1500M(100%)
[2026-04-03T03:28:33.335+0600][37.913s][info][gc,heap     ] GC(47) Y: Soft Max Capacity: 1500M(100%)
[2026-04-03T03:28:33.335+0600][37.913s][info][gc,heap     ] GC(47) Y: Heap Statistics:
[2026-04-03T03:28:33.335+0600][37.913s][info][gc,heap     ] GC(47) Y:                Mark Start          Mark End        Relocate Start      Relocate End           High               Low         
[2026-04-03T03:28:33.335+0600][37.913s][info][gc,heap     ] GC(47) Y:  Capacity:     1500M (100%)       1500M (100%)       1500M (100%)       1500M (100%)       1500M (100%)       1500M (100%)   
[2026-04-03T03:28:33.335+0600][37.913s][info][gc,heap     ] GC(47) Y:      Free:     1076M (72%)        1074M (72%)        1074M (72%)        1074M (72%)        1076M (72%)        1074M (72%)    
[2026-04-03T03:28:33.335+0600][37.913s][info][gc,heap     ] GC(47) Y:      Used:      424M (28%)         426M (28%)         426M (28%)         426M (28%)         426M (28%)         424M (28%)    
[2026-04-03T03:28:33.335+0600][37.913s][info][gc,heap     ] GC(47) Y: Young Generation Statistics:
[2026-04-03T03:28:33.335+0600][37.913s][info][gc,heap     ] GC(47) Y:                Mark Start          Mark End        Relocate Start      Relocate End    
[2026-04-03T03:28:33.335+0600][37.913s][info][gc,heap     ] GC(47) Y:      Used:        0M (0%)            2M (0%)            2M (0%)            2M (0%)     
[2026-04-03T03:28:33.335+0600][37.913s][info][gc,heap     ] GC(47) Y:      Live:         -                 0M (0%)            0M (0%)            0M (0%)     
[2026-04-03T03:28:33.335+0600][37.913s][info][gc,heap     ] GC(47) Y:   Garbage:         -                 0M (0%)            0M (0%)            0M (0%)     
[2026-04-03T03:28:33.335+0600][37.913s][info][gc,heap     ] GC(47) Y: Allocated:         -                 2M (0%)            2M (0%)            2M (0%)     
[2026-04-03T03:28:33.335+0600][37.913s][info][gc,heap     ] GC(47) Y: Reclaimed:         -                  -                 0M (0%)            0M (0%)     
[2026-04-03T03:28:33.335+0600][37.913s][info][gc,heap     ] GC(47) Y:  Promoted:         -                  -                 0M (0%)            0M (0%)     
[2026-04-03T03:28:33.335+0600][37.913s][info][gc,heap     ] GC(47) Y: Compacted:         -                  -                  -                 0M (0%)     
[2026-04-03T03:28:33.335+0600][37.913s][info][gc,phases   ] GC(47) Y: Young Generation (Collect Roots) 424M(28%)->426M(28%) 0.013s
[2026-04-03T03:28:33.335+0600][37.913s][info][gc,phases   ] GC(47) O: Old Generation
[2026-04-03T03:28:33.540+0600][38.118s][info][gc,phases   ] GC(47) O: Concurrent Mark 204.913ms
[2026-04-03T03:28:33.540+0600][38.118s][info][gc,phases   ] GC(47) O: Pause Mark End 0.020ms
[2026-04-03T03:28:33.540+0600][38.119s][info][gc,phases   ] GC(47) O: Concurrent Mark Free 0.001ms
[2026-04-03T03:28:33.547+0600][38.125s][info][gc,phases   ] GC(47) O: Concurrent Process Non-Strong 6.315ms
[2026-04-03T03:28:33.547+0600][38.125s][info][gc,phases   ] GC(47) O: Concurrent Reset Relocation Set 0.004ms
[2026-04-03T03:28:33.549+0600][38.127s][info][gc,phases   ] GC(47) O: Concurrent Select Relocation Set 2.420ms
[2026-04-03T03:28:33.549+0600][38.127s][info][gc,task     ] GC(47) O: Using 3 Workers for Old Generation
[2026-04-03T03:28:33.566+0600][38.144s][info][gc,task     ] GC(47) O: Using 3 Workers for Old Generation
[2026-04-03T03:28:33.566+0600][38.145s][info][gc,phases   ] GC(47) O: Concurrent Remap Roots 17.071ms
[2026-04-03T03:28:33.567+0600][38.145s][info][gc,phases   ] GC(47) O: Pause Relocate Start 0.023ms
[2026-04-03T03:28:33.568+0600][38.146s][info][gc,phases   ] GC(47) O: Concurrent Relocate 1.090ms
[2026-04-03T03:28:33.568+0600][38.146s][info][gc,alloc    ] GC(47) O:                         Mark Start        Mark End      Relocate Start    Relocate End   
[2026-04-03T03:28:33.568+0600][38.146s][info][gc,alloc    ] GC(47) O: Allocation Stalls:          0                0                0                0         
[2026-04-03T03:28:33.568+0600][38.146s][info][gc,load     ] GC(47) O: Load: 4.23 (35%) / 4.52 (38%) / 5.03 (42%)
[2026-04-03T03:28:33.568+0600][38.146s][info][gc,mmu      ] GC(47) O: MMU: 2ms/92.1%, 5ms/96.9%, 10ms/98.4%, 20ms/99.2%, 50ms/99.5%, 100ms/99.7%
[2026-04-03T03:28:33.568+0600][38.146s][info][gc,marking  ] GC(47) O: Mark: 2 stripe(s), 2 proactive flush(es), 1 terminate flush(es), 0 completion(s), 0 continuation(s) 
[2026-04-03T03:28:33.568+0600][38.146s][info][gc,marking  ] GC(47) O: Mark Stack Usage: 32M
[2026-04-03T03:28:33.568+0600][38.146s][info][gc,nmethod  ] GC(47) O: NMethods: 6336 registered, 684 unregistered
[2026-04-03T03:28:33.568+0600][38.146s][info][gc,metaspace] GC(47) O: Metaspace: 70M used, 71M committed, 1088M reserved
[2026-04-03T03:28:33.568+0600][38.146s][info][gc,ref      ] GC(47) O:                       Encountered   Discovered     Enqueued 
[2026-04-03T03:28:33.568+0600][38.146s][info][gc,ref      ] GC(47) O: Soft References:             5091            0            0 
[2026-04-03T03:28:33.568+0600][38.146s][info][gc,ref      ] GC(47) O: Weak References:             6690         2284          319 
[2026-04-03T03:28:33.568+0600][38.146s][info][gc,ref      ] GC(47) O: Final References:              84            0            0 
[2026-04-03T03:28:33.568+0600][38.146s][info][gc,ref      ] GC(47) O: Phantom References:           598          569            0 
[2026-04-03T03:28:33.568+0600][38.146s][info][gc,reloc    ] GC(47) O:                        Candidates     Selected     In-Place         Size        Empty    Relocated 
[2026-04-03T03:28:33.568+0600][38.146s][info][gc,reloc    ] GC(47) O: Small Pages:                  129           15            0         258M          60M           1M 
[2026-04-03T03:28:33.568+0600][38.146s][info][gc,reloc    ] GC(47) O: Medium Pages:                   5            0            0         160M         128M           0M 
[2026-04-03T03:28:33.568+0600][38.146s][info][gc,reloc    ] GC(47) O: Large Pages:                    1            0            0           6M           6M           0M 
[2026-04-03T03:28:33.568+0600][38.146s][info][gc,reloc    ] GC(47) O: Forwarding Usage: 0M
[2026-04-03T03:28:33.568+0600][38.146s][info][gc,heap     ] GC(47) O: Min Capacity: 8M(1%)
[2026-04-03T03:28:33.568+0600][38.146s][info][gc,heap     ] GC(47) O: Max Capacity: 1500M(100%)
[2026-04-03T03:28:33.568+0600][38.146s][info][gc,heap     ] GC(47) O: Soft Max Capacity: 1500M(100%)
[2026-04-03T03:28:33.568+0600][38.146s][info][gc,heap     ] GC(47) O: Heap Statistics:
[2026-04-03T03:28:33.568+0600][38.146s][info][gc,heap     ] GC(47) O:                Mark Start          Mark End        Relocate Start      Relocate End           High               Low         
[2026-04-03T03:28:33.568+0600][38.146s][info][gc,heap     ] GC(47) O:  Capacity:     1500M (100%)       1500M (100%)       1500M (100%)       1500M (100%)       1500M (100%)       1500M (100%)   
[2026-04-03T03:28:33.568+0600][38.146s][info][gc,heap     ] GC(47) O:      Free:     1076M (72%)        1074M (72%)        1252M (83%)        1268M (85%)        1268M (85%)        1070M (71%)    
[2026-04-03T03:28:33.568+0600][38.146s][info][gc,heap     ] GC(47) O:      Used:      424M (28%)         426M (28%)         248M (17%)         232M (15%)         430M (29%)         232M (15%)    
[2026-04-03T03:28:33.568+0600][38.147s][info][gc,heap     ] GC(47) O: Old Generation Statistics:
[2026-04-03T03:28:33.568+0600][38.147s][info][gc,heap     ] GC(47) O:                Mark Start          Mark End        Relocate Start      Relocate End    
[2026-04-03T03:28:33.568+0600][38.147s][info][gc,heap     ] GC(47) O:      Used:      424M (28%)         424M (28%)         230M (15%)         214M (14%)    
[2026-04-03T03:28:33.568+0600][38.147s][info][gc,heap     ] GC(47) O:      Live:         -               170M (11%)         170M (11%)         170M (11%)    
[2026-04-03T03:28:33.568+0600][38.147s][info][gc,heap     ] GC(47) O:   Garbage:         -               253M (17%)          59M (4%)           28M (2%)     
[2026-04-03T03:28:33.568+0600][38.147s][info][gc,heap     ] GC(47) O: Allocated:         -                 0M (0%)            0M (0%)           14M (1%)     
[2026-04-03T03:28:33.568+0600][38.147s][info][gc,heap     ] GC(47) O: Reclaimed:         -                  -               194M (13%)         224M (15%)    
[2026-04-03T03:28:33.568+0600][38.147s][info][gc,heap     ] GC(47) O: Compacted:         -                  -                  -                 1M (0%)     
[2026-04-03T03:28:33.568+0600][38.147s][info][gc,phases   ] GC(47) O: Old Generation 426M(28%)->232M(15%) 0.233s
[2026-04-03T03:28:33.568+0600][38.147s][info][gc          ] GC(47) Major Collection (System.gc()) 656M(44%)->232M(15%) 0.303s
[2026-04-03T03:28:33.794+0600][38.373s][info][gc          ] GC(48) Minor Collection (Allocation Rate)
[2026-04-03T03:28:33.795+0600][38.373s][info][gc,task     ] GC(48) Using 2 Workers for Young Generation
[2026-04-03T03:28:33.795+0600][38.373s][info][gc,phases   ] GC(48) y: Young Generation
[2026-04-03T03:28:33.795+0600][38.373s][info][gc,phases   ] GC(48) y: Pause Mark Start 0.020ms
[2026-04-03T03:28:33.941+0600][38.520s][info][gc,phases   ] GC(48) y: Concurrent Mark 146.342ms
[2026-04-03T03:28:33.942+0600][38.520s][info][gc,phases   ] GC(48) y: Pause Mark End 0.035ms
[2026-04-03T03:28:33.942+0600][38.520s][info][gc,phases   ] GC(48) y: Concurrent Mark Free 0.002ms
[2026-04-03T03:28:33.942+0600][38.520s][info][gc,phases   ] GC(48) y: Concurrent Reset Relocation Set 0.001ms
[2026-04-03T03:28:33.948+0600][38.526s][info][gc,reloc    ] GC(48) y: Using tenuring threshold: 1 (Computed)
[2026-04-03T03:28:33.965+0600][38.544s][info][gc,phases   ] GC(48) y: Concurrent Select Relocation Set 23.631ms
[2026-04-03T03:28:33.966+0600][38.544s][info][gc,phases   ] GC(48) y: Pause Relocate Start 0.052ms
[2026-04-03T03:28:34.041+0600][38.619s][info][gc,phases   ] GC(48) y: Concurrent Relocate 74.974ms
[2026-04-03T03:28:34.041+0600][38.619s][info][gc,alloc    ] GC(48) y:                         Mark Start        Mark End      Relocate Start    Relocate End   
[2026-04-03T03:28:34.041+0600][38.619s][info][gc,alloc    ] GC(48) y: Allocation Stalls:          0                0                0                0         
[2026-04-03T03:28:34.041+0600][38.619s][info][gc,load     ] GC(48) y: Load: 4.23 (35%) / 4.52 (38%) / 5.03 (42%)
[2026-04-03T03:28:34.041+0600][38.619s][info][gc,mmu      ] GC(48) y: MMU: 2ms/92.1%, 5ms/96.9%, 10ms/98.4%, 20ms/99.2%, 50ms/99.5%, 100ms/99.7%
[2026-04-03T03:28:34.041+0600][38.620s][info][gc,marking  ] GC(48) y: Mark: 2 stripe(s), 2 proactive flush(es), 1 terminate flush(es), 0 completion(s), 0 continuation(s) 
[2026-04-03T03:28:34.041+0600][38.620s][info][gc,marking  ] GC(48) y: Mark Stack Usage: 32M
[2026-04-03T03:28:34.041+0600][38.620s][info][gc,nmethod  ] GC(48) y: NMethods: 6432 registered, 684 unregistered
[2026-04-03T03:28:34.041+0600][38.620s][info][gc,metaspace] GC(48) y: Metaspace: 70M used, 71M committed, 1088M reserved
[2026-04-03T03:28:34.041+0600][38.620s][info][gc,reloc    ] GC(48) y:                        Candidates     Selected     In-Place         Size        Empty    Relocated 
[2026-04-03T03:28:34.041+0600][38.620s][info][gc,reloc    ] GC(48) y: Small Pages:                  122           81            0         244M           0M          27M 
[2026-04-03T03:28:34.041+0600][38.620s][info][gc,reloc    ] GC(48) y: Medium Pages:                   1            0            0          32M          32M           0M 
[2026-04-03T03:28:34.041+0600][38.620s][info][gc,reloc    ] GC(48) y: Large Pages:                    7            0            0          54M          12M           0M 
[2026-04-03T03:28:34.041+0600][38.620s][info][gc,reloc    ] GC(48) y: Forwarding Usage: 30M
[2026-04-03T03:28:34.041+0600][38.620s][info][gc,reloc    ] GC(48) y: Age Table:
[2026-04-03T03:28:34.041+0600][38.620s][info][gc,reloc    ] GC(48) y:                    Live             Garbage             Small              Medium             Large        
[2026-04-03T03:28:34.041+0600][38.620s][info][gc,reloc    ] GC(48) y: Eden             109M (7%)          220M (15%)        122 / 81             1 / 0              7 / 0        
[2026-04-03T03:28:34.041+0600][38.620s][info][gc,heap     ] GC(48) y: Min Capacity: 8M(1%)
[2026-04-03T03:28:34.041+0600][38.620s][info][gc,heap     ] GC(48) y: Max Capacity: 1500M(100%)
[2026-04-03T03:28:34.041+0600][38.620s][info][gc,heap     ] GC(48) y: Soft Max Capacity: 1500M(100%)
[2026-04-03T03:28:34.041+0600][38.620s][info][gc,heap     ] GC(48) y: Heap Statistics:
[2026-04-03T03:28:34.041+0600][38.620s][info][gc,heap     ] GC(48) y:                Mark Start          Mark End        Relocate Start      Relocate End           High               Low         
[2026-04-03T03:28:34.041+0600][38.620s][info][gc,heap     ] GC(48) y:  Capacity:     1500M (100%)       1500M (100%)       1500M (100%)       1500M (100%)       1500M (100%)       1500M (100%)   
[2026-04-03T03:28:34.041+0600][38.620s][info][gc,heap     ] GC(48) y:      Free:      956M (64%)         766M (51%)         776M (52%)         872M (58%)         956M (64%)         756M (50%)    
[2026-04-03T03:28:34.042+0600][38.620s][info][gc,heap     ] GC(48) y:      Used:      544M (36%)         734M (49%)         724M (48%)         628M (42%)         744M (50%)         544M (36%)    
[2026-04-03T03:28:34.042+0600][38.620s][info][gc,heap     ] GC(48) y: Young Generation Statistics:
[2026-04-03T03:28:34.042+0600][38.620s][info][gc,heap     ] GC(48) y:                Mark Start          Mark End        Relocate Start      Relocate End    
[2026-04-03T03:28:34.042+0600][38.620s][info][gc,heap     ] GC(48) y:      Used:      330M (22%)         520M (35%)         510M (34%)         414M (28%)    
[2026-04-03T03:28:34.042+0600][38.620s][info][gc,heap     ] GC(48) y:      Live:         -               109M (7%)          109M (7%)          109M (7%)     
[2026-04-03T03:28:34.042+0600][38.620s][info][gc,heap     ] GC(48) y:   Garbage:         -               220M (15%)         176M (12%)           0M (0%)     
[2026-04-03T03:28:34.042+0600][38.620s][info][gc,heap     ] GC(48) y: Allocated:         -               190M (13%)         224M (15%)         303M (20%)    
[2026-04-03T03:28:34.042+0600][38.620s][info][gc,heap     ] GC(48) y: Reclaimed:         -                  -                44M (3%)          219M (15%)    
[2026-04-03T03:28:34.042+0600][38.620s][info][gc,heap     ] GC(48) y:  Promoted:         -                  -                 0M (0%)            0M (0%)     
[2026-04-03T03:28:34.042+0600][38.620s][info][gc,heap     ] GC(48) y: Compacted:         -                  -                  -                66M (4%)     
[2026-04-03T03:28:34.042+0600][38.620s][info][gc,phases   ] GC(48) y: Young Generation 544M(36%)->628M(42%) 0.247s
[2026-04-03T03:28:34.042+0600][38.620s][info][gc          ] GC(48) Minor Collection (Allocation Rate) 544M(36%)->628M(42%) 0.247s
[2026-04-03T03:28:34.209+0600][38.787s][info][gc          ] GC(49) Minor Collection (Allocation Rate)
[2026-04-03T03:28:34.209+0600][38.787s][info][gc,task     ] GC(49) Using 3 Workers for Young Generation
[2026-04-03T03:28:34.209+0600][38.787s][info][gc,phases   ] GC(49) y: Young Generation
[2026-04-03T03:28:34.209+0600][38.787s][info][gc,phases   ] GC(49) y: Pause Mark Start 0.029ms
[2026-04-03T03:28:34.557+0600][39.135s][info][gc,phases   ] GC(49) y: Concurrent Mark 347.379ms
[2026-04-03T03:28:34.557+0600][39.135s][info][gc,phases   ] GC(49) y: Pause Mark End 0.039ms
[2026-04-03T03:28:34.557+0600][39.136s][info][gc,phases   ] GC(49) y: Concurrent Mark Free 0.005ms
[2026-04-03T03:28:34.557+0600][39.136s][info][gc,phases   ] GC(49) y: Concurrent Reset Relocation Set 0.025ms
[2026-04-03T03:28:34.561+0600][39.140s][info][gc,reloc    ] GC(49) y: Using tenuring threshold: 1 (Computed)
[2026-04-03T03:28:34.633+0600][39.211s][info][gc,phases   ] GC(49) y: Concurrent Select Relocation Set 75.465ms
[2026-04-03T03:28:34.633+0600][39.211s][info][gc,phases   ] GC(49) y: Pause Relocate Start 0.036ms
[2026-04-03T03:28:34.870+0600][39.448s][info][gc,phases   ] GC(49) y: Concurrent Relocate 236.624ms
[2026-04-03T03:28:34.870+0600][39.448s][info][gc,alloc    ] GC(49) y:                         Mark Start        Mark End      Relocate Start    Relocate End   
[2026-04-03T03:28:34.870+0600][39.448s][info][gc,alloc    ] GC(49) y: Allocation Stalls:          0                0                0                0         
[2026-04-03T03:28:34.870+0600][39.448s][info][gc,load     ] GC(49) y: Load: 4.23 (35%) / 4.52 (38%) / 5.03 (42%)
[2026-04-03T03:28:34.870+0600][39.448s][info][gc,mmu      ] GC(49) y: MMU: 2ms/92.1%, 5ms/96.9%, 10ms/98.4%, 20ms/99.2%, 50ms/99.5%, 100ms/99.7%
[2026-04-03T03:28:34.870+0600][39.448s][info][gc,marking  ] GC(49) y: Mark: 2 stripe(s), 2 proactive flush(es), 1 terminate flush(es), 0 completion(s), 0 continuation(s) 
[2026-04-03T03:28:34.870+0600][39.448s][info][gc,marking  ] GC(49) y: Mark Stack Usage: 32M
[2026-04-03T03:28:34.870+0600][39.449s][info][gc,nmethod  ] GC(49) y: NMethods: 6439 registered, 684 unregistered
[2026-04-03T03:28:34.870+0600][39.449s][info][gc,metaspace] GC(49) y: Metaspace: 70M used, 71M committed, 1088M reserved
[2026-04-03T03:28:34.870+0600][39.449s][info][gc,reloc    ] GC(49) y:                        Candidates     Selected     In-Place         Size        Empty    Relocated 
[2026-04-03T03:28:34.870+0600][39.449s][info][gc,reloc    ] GC(49) y: Small Pages:                  254          186            0         508M           0M          40M 
[2026-04-03T03:28:34.870+0600][39.449s][info][gc,reloc    ] GC(49) y: Medium Pages:                   1            0            0          32M          32M           0M 
[2026-04-03T03:28:34.870+0600][39.449s][info][gc,reloc    ] GC(49) y: Large Pages:                    8            0            0          60M          12M           0M 
[2026-04-03T03:28:34.870+0600][39.449s][info][gc,reloc    ] GC(49) y: Forwarding Usage: 50M
[2026-04-03T03:28:34.870+0600][39.449s][info][gc,reloc    ] GC(49) y: Age Table:
[2026-04-03T03:28:34.870+0600][39.449s][info][gc,reloc    ] GC(49) y:                    Live             Garbage             Small              Medium             Large        
[2026-04-03T03:28:34.870+0600][39.449s][info][gc,reloc    ] GC(49) y: Eden              74M (5%)          407M (27%)        216 / 183            1 / 0              3 / 0        
[2026-04-03T03:28:34.870+0600][39.449s][info][gc,reloc    ] GC(49) y: Survivor 1        97M (7%)           20M (1%)          38 / 3              0 / 0              5 / 0        
[2026-04-03T03:28:34.870+0600][39.449s][info][gc,heap     ] GC(49) y: Min Capacity: 8M(1%)
[2026-04-03T03:28:34.870+0600][39.449s][info][gc,heap     ] GC(49) y: Max Capacity: 1500M(100%)
[2026-04-03T03:28:34.870+0600][39.449s][info][gc,heap     ] GC(49) y: Soft Max Capacity: 1500M(100%)
[2026-04-03T03:28:34.870+0600][39.449s][info][gc,heap     ] GC(49) y: Heap Statistics:
[2026-04-03T03:28:34.870+0600][39.449s][info][gc,heap     ] GC(49) y:                Mark Start          Mark End        Relocate Start      Relocate End           High               Low         
[2026-04-03T03:28:34.870+0600][39.449s][info][gc,heap     ] GC(49) y:  Capacity:     1500M (100%)       1500M (100%)       1500M (100%)       1500M (100%)       1500M (100%)       1500M (100%)   
[2026-04-03T03:28:34.871+0600][39.449s][info][gc,heap     ] GC(49) y:      Free:      686M (46%)         422M (28%)         406M (27%)         636M (42%)         716M (48%)         396M (26%)    
[2026-04-03T03:28:34.871+0600][39.449s][info][gc,heap     ] GC(49) y:      Used:      814M (54%)        1078M (72%)        1094M (73%)         864M (58%)        1104M (74%)         784M (52%)    
[2026-04-03T03:28:34.871+0600][39.449s][info][gc,heap     ] GC(49) y: Young Generation Statistics:
[2026-04-03T03:28:34.871+0600][39.449s][info][gc,heap     ] GC(49) y:                Mark Start          Mark End        Relocate Start      Relocate End    
[2026-04-03T03:28:34.871+0600][39.449s][info][gc,heap     ] GC(49) y:      Used:      600M (40%)         864M (58%)         782M (52%)         546M (36%)    
[2026-04-03T03:28:34.871+0600][39.449s][info][gc,heap     ] GC(49) y:      Live:         -               171M (11%)          75M (5%)           74M (5%)     
[2026-04-03T03:28:34.871+0600][39.449s][info][gc,heap     ] GC(49) y:   Garbage:         -               428M (29%)         382M (26%)           3M (0%)     
[2026-04-03T03:28:34.871+0600][39.449s][info][gc,heap     ] GC(49) y: Allocated:         -               264M (18%)         324M (22%)         468M (31%)    
[2026-04-03T03:28:34.871+0600][39.449s][info][gc,heap     ] GC(49) y: Reclaimed:         -                  -                45M (3%)          425M (28%)    
[2026-04-03T03:28:34.871+0600][39.449s][info][gc,heap     ] GC(49) y:  Promoted:         -                  -                96M (6%)           97M (7%)     
[2026-04-03T03:28:34.871+0600][39.449s][info][gc,heap     ] GC(49) y: Compacted:         -                  -                  -                51M (3%)     
[2026-04-03T03:28:34.871+0600][39.449s][info][gc,phases   ] GC(49) y: Young Generation 814M(54%)->864M(58%) 0.661s
[2026-04-03T03:28:34.871+0600][39.449s][info][gc          ] GC(49) Minor Collection (Allocation Rate) 814M(54%)->864M(58%) 0.662s
[2026-04-03T03:28:34.871+0600][39.449s][info][gc          ] GC(50) Major Collection (Allocation Rate)
[2026-04-03T03:28:34.871+0600][39.449s][info][gc,task     ] GC(50) Using 3 Workers for Young Generation
[2026-04-03T03:28:34.871+0600][39.449s][info][gc,task     ] GC(50) Using 2 Workers for Old Generation
[2026-04-03T03:28:34.871+0600][39.449s][info][gc,phases   ] GC(50) Y: Young Generation
[2026-04-03T03:28:34.871+0600][39.450s][info][gc,phases   ] GC(50) Y: Pause Mark Start (Major) 0.030ms
[2026-04-03T03:28:35.268+0600][39.846s][info][gc,phases   ] GC(50) Y: Concurrent Mark 396.368ms
[2026-04-03T03:28:35.268+0600][39.846s][info][gc,phases   ] GC(50) Y: Pause Mark End 0.048ms
[2026-04-03T03:28:35.268+0600][39.847s][info][gc,phases   ] GC(50) Y: Concurrent Mark Free 0.003ms
[2026-04-03T03:28:35.268+0600][39.847s][info][gc,phases   ] GC(50) Y: Concurrent Reset Relocation Set 0.096ms
[2026-04-03T03:28:35.271+0600][39.849s][info][gc,reloc    ] GC(50) Y: Using tenuring threshold: 1 (Computed)
[2026-04-03T03:28:35.299+0600][39.877s][info][gc,phases   ] GC(50) Y: Concurrent Select Relocation Set 30.379ms
[2026-04-03T03:28:35.299+0600][39.877s][info][gc,phases   ] GC(50) Y: Pause Relocate Start 0.030ms
[2026-04-03T03:28:35.391+0600][39.969s][info][gc,phases   ] GC(50) Y: Concurrent Relocate 91.082ms
[2026-04-03T03:28:35.391+0600][39.969s][info][gc,alloc    ] GC(50) Y:                         Mark Start        Mark End      Relocate Start    Relocate End   
[2026-04-03T03:28:35.391+0600][39.969s][info][gc,alloc    ] GC(50) Y: Allocation Stalls:          0                0                0                0         
[2026-04-03T03:28:35.391+0600][39.969s][info][gc,load     ] GC(50) Y: Load: 4.23 (35%) / 4.52 (38%) / 5.03 (42%)
[2026-04-03T03:28:35.391+0600][39.969s][info][gc,mmu      ] GC(50) Y: MMU: 2ms/92.1%, 5ms/96.9%, 10ms/98.4%, 20ms/99.2%, 50ms/99.5%, 100ms/99.7%
[2026-04-03T03:28:35.391+0600][39.969s][info][gc,marking  ] GC(50) Y: Mark: 2 stripe(s), 2 proactive flush(es), 1 terminate flush(es), 0 completion(s), 0 continuation(s) 
[2026-04-03T03:28:35.391+0600][39.969s][info][gc,marking  ] GC(50) Y: Mark Stack Usage: 32M
[2026-04-03T03:28:35.391+0600][39.969s][info][gc,nmethod  ] GC(50) Y: NMethods: 6445 registered, 684 unregistered
[2026-04-03T03:28:35.391+0600][39.969s][info][gc,metaspace] GC(50) Y: Metaspace: 71M used, 71M committed, 1088M reserved
[2026-04-03T03:28:35.391+0600][39.969s][info][gc,reloc    ] GC(50) Y:                        Candidates     Selected     In-Place         Size        Empty    Relocated 
[2026-04-03T03:28:35.391+0600][39.969s][info][gc,reloc    ] GC(50) Y: Small Pages:                  249          202            0         498M           2M          29M 
[2026-04-03T03:28:35.391+0600][39.969s][info][gc,reloc    ] GC(50) Y: Medium Pages:                   0            0            0           0M           0M           0M 
[2026-04-03T03:28:35.391+0600][39.969s][info][gc,reloc    ] GC(50) Y: Large Pages:                    6            0            0          48M          18M           0M 
[2026-04-03T03:28:35.391+0600][39.969s][info][gc,reloc    ] GC(50) Y: Forwarding Usage: 29M
[2026-04-03T03:28:35.391+0600][39.969s][info][gc,reloc    ] GC(50) Y: Age Table:
[2026-04-03T03:28:35.391+0600][39.969s][info][gc,reloc    ] GC(50) Y:                    Live             Garbage             Small              Medium             Large        
[2026-04-03T03:28:35.391+0600][39.969s][info][gc,reloc    ] GC(50) Y: Eden              59M (4%)          402M (27%)        216 / 198            0 / 0              3 / 0        
[2026-04-03T03:28:35.391+0600][39.969s][info][gc,reloc    ] GC(50) Y: Survivor 1        52M (3%)           31M (2%)          33 / 4              0 / 0              3 / 0        
[2026-04-03T03:28:35.391+0600][39.969s][info][gc,heap     ] GC(50) Y: Min Capacity: 8M(1%)
[2026-04-03T03:28:35.391+0600][39.969s][info][gc,heap     ] GC(50) Y: Max Capacity: 1500M(100%)
[2026-04-03T03:28:35.391+0600][39.969s][info][gc,heap     ] GC(50) Y: Soft Max Capacity: 1500M(100%)
[2026-04-03T03:28:35.391+0600][39.969s][info][gc,heap     ] GC(50) Y: Heap Statistics:
[2026-04-03T03:28:35.391+0600][39.969s][info][gc,heap     ] GC(50) Y:                Mark Start          Mark End        Relocate Start      Relocate End           High               Low         
[2026-04-03T03:28:35.391+0600][39.969s][info][gc,heap     ] GC(50) Y:  Capacity:     1500M (100%)       1500M (100%)       1500M (100%)       1500M (100%)       1500M (100%)       1500M (100%)   
[2026-04-03T03:28:35.391+0600][39.969s][info][gc,heap     ] GC(50) Y:      Free:      636M (42%)         388M (26%)         388M (26%)         734M (49%)         750M (50%)         368M (25%)    
[2026-04-03T03:28:35.391+0600][39.969s][info][gc,heap     ] GC(50) Y:      Used:      864M (58%)        1112M (74%)        1112M (74%)         766M (51%)        1132M (75%)         750M (50%)    
[2026-04-03T03:28:35.391+0600][39.969s][info][gc,heap     ] GC(50) Y: Young Generation Statistics:
[2026-04-03T03:28:35.391+0600][39.969s][info][gc,heap     ] GC(50) Y:                Mark Start          Mark End        Relocate Start      Relocate End    
[2026-04-03T03:28:35.391+0600][39.969s][info][gc,heap     ] GC(50) Y:      Used:      546M (36%)         794M (53%)         742M (49%)         382M (25%)    
[2026-04-03T03:28:35.391+0600][39.969s][info][gc,heap     ] GC(50) Y:      Live:         -               111M (7%)           64M (4%)           59M (4%)     
[2026-04-03T03:28:35.391+0600][39.969s][info][gc,heap     ] GC(50) Y:   Garbage:         -               434M (29%)         409M (27%)           0M (0%)     
[2026-04-03T03:28:35.391+0600][39.969s][info][gc,heap     ] GC(50) Y: Allocated:         -               248M (17%)         268M (18%)         322M (22%)    
[2026-04-03T03:28:35.391+0600][39.969s][info][gc,heap     ] GC(50) Y: Reclaimed:         -                  -                25M (2%)          434M (29%)    
[2026-04-03T03:28:35.391+0600][39.969s][info][gc,heap     ] GC(50) Y:  Promoted:         -                  -                46M (3%)           52M (3%)     
[2026-04-03T03:28:35.391+0600][39.969s][info][gc,heap     ] GC(50) Y: Compacted:         -                  -                  -                29M (2%)     
[2026-04-03T03:28:35.391+0600][39.969s][info][gc,phases   ] GC(50) Y: Young Generation 864M(58%)->766M(51%) 0.520s
[2026-04-03T03:28:35.391+0600][39.969s][info][gc,phases   ] GC(50) O: Old Generation
[2026-04-03T03:28:35.394+0600][39.972s][info][gc          ] GC(51) Minor Collection (Allocation Rate)
[2026-04-03T03:28:35.394+0600][39.972s][info][gc,task     ] GC(51) Using 1 Workers for Young Generation
[2026-04-03T03:28:35.394+0600][39.972s][info][gc,phases   ] GC(51) y: Young Generation
[2026-04-03T03:28:35.394+0600][39.972s][info][gc,phases   ] GC(51) y: Pause Mark Start 0.030ms
[2026-04-03T03:28:36.109+0600][40.687s][info][gc,phases   ] GC(51) y: Concurrent Mark 714.829ms
[2026-04-03T03:28:36.109+0600][40.688s][info][gc,phases   ] GC(51) y: Pause Mark End 0.039ms
[2026-04-03T03:28:36.110+0600][40.688s][info][gc,phases   ] GC(51) y: Concurrent Mark Free 0.003ms
[2026-04-03T03:28:36.110+0600][40.688s][info][gc,phases   ] GC(51) y: Concurrent Reset Relocation Set 0.137ms
[2026-04-03T03:28:36.114+0600][40.692s][info][gc,reloc    ] GC(51) y: Using tenuring threshold: 1 (Computed)
[2026-04-03T03:28:36.191+0600][40.769s][info][gc,phases   ] GC(50) O: Concurrent Mark 800.180ms
[2026-04-03T03:28:36.199+0600][40.777s][info][gc,phases   ] GC(50) O: Pause Mark End 0.063ms
[2026-04-03T03:28:36.199+0600][40.777s][info][gc,phases   ] GC(50) O: Concurrent Mark Free 0.004ms
[2026-04-03T03:28:36.199+0600][40.777s][info][gc,phases   ] GC(51) y: Concurrent Select Relocation Set 89.171ms
[2026-04-03T03:28:36.199+0600][40.778s][info][gc,phases   ] GC(51) y: Pause Relocate Start 0.021ms
[2026-04-03T03:28:36.237+0600][40.816s][info][gc,phases   ] GC(50) O: Concurrent Process Non-Strong 38.426ms
[2026-04-03T03:28:36.237+0600][40.816s][info][gc,phases   ] GC(50) O: Concurrent Reset Relocation Set 0.007ms
[2026-04-03T03:28:36.244+0600][40.823s][info][gc,phases   ] GC(50) O: Concurrent Select Relocation Set 6.937ms
[2026-04-03T03:28:36.486+0600][41.064s][info][gc,phases   ] GC(51) y: Concurrent Relocate 286.468ms
[2026-04-03T03:28:36.486+0600][41.064s][info][gc,alloc    ] GC(51) y:                         Mark Start        Mark End      Relocate Start    Relocate End   
[2026-04-03T03:28:36.486+0600][41.064s][info][gc,alloc    ] GC(51) y: Allocation Stalls:          0                0                0                0         
[2026-04-03T03:28:36.486+0600][41.064s][info][gc,load     ] GC(51) y: Load: 4.37 (36%) / 4.54 (38%) / 5.03 (42%)
[2026-04-03T03:28:36.486+0600][41.064s][info][gc,mmu      ] GC(51) y: MMU: 2ms/92.1%, 5ms/96.9%, 10ms/98.4%, 20ms/99.2%, 50ms/99.5%, 100ms/99.7%
[2026-04-03T03:28:36.486+0600][41.064s][info][gc,marking  ] GC(51) y: Mark: 1 stripe(s), 2 proactive flush(es), 1 terminate flush(es), 0 completion(s), 0 continuation(s) 
[2026-04-03T03:28:36.486+0600][41.064s][info][gc,marking  ] GC(51) y: Mark Stack Usage: 32M
[2026-04-03T03:28:36.486+0600][41.065s][info][gc,nmethod  ] GC(51) y: NMethods: 6460 registered, 695 unregistered
[2026-04-03T03:28:36.486+0600][41.065s][info][gc,metaspace] GC(51) y: Metaspace: 71M used, 71M committed, 1088M reserved
[2026-04-03T03:28:36.486+0600][41.065s][info][gc,reloc    ] GC(51) y:                        Candidates     Selected     In-Place         Size        Empty    Relocated 
[2026-04-03T03:28:36.486+0600][41.065s][info][gc,reloc    ] GC(51) y: Small Pages:                  178          150            0         356M           8M          15M 
[2026-04-03T03:28:36.486+0600][41.065s][info][gc,reloc    ] GC(51) y: Medium Pages:                   0            0            0           0M           0M           0M 
[2026-04-03T03:28:36.486+0600][41.065s][info][gc,reloc    ] GC(51) y: Large Pages:                    3            0            0          30M           0M           0M 
[2026-04-03T03:28:36.486+0600][41.065s][info][gc,reloc    ] GC(51) y: Forwarding Usage: 18M
[2026-04-03T03:28:36.486+0600][41.065s][info][gc,reloc    ] GC(51) y: Age Table:
[2026-04-03T03:28:36.486+0600][41.065s][info][gc,reloc    ] GC(51) y:                    Live             Garbage             Small              Medium             Large        
[2026-04-03T03:28:36.486+0600][41.065s][info][gc,reloc    ] GC(51) y: Eden              15M (1%)          302M (20%)        159 / 145            0 / 0              0 / 0        
[2026-04-03T03:28:36.486+0600][41.065s][info][gc,reloc    ] GC(51) y: Survivor 1        55M (4%)           12M (1%)          19 / 5              0 / 0              3 / 0        
[2026-04-03T03:28:36.486+0600][41.065s][info][gc,heap     ] GC(51) y: Min Capacity: 8M(1%)
[2026-04-03T03:28:36.486+0600][41.065s][info][gc,heap     ] GC(51) y: Max Capacity: 1500M(100%)
[2026-04-03T03:28:36.486+0600][41.065s][info][gc,heap     ] GC(51) y: Soft Max Capacity: 1500M(100%)
[2026-04-03T03:28:36.486+0600][41.065s][info][gc,heap     ] GC(51) y: Heap Statistics:
[2026-04-03T03:28:36.486+0600][41.065s][info][gc,heap     ] GC(51) y:                Mark Start          Mark End        Relocate Start      Relocate End           High               Low         
[2026-04-03T03:28:36.486+0600][41.065s][info][gc,heap     ] GC(51) y:  Capacity:     1500M (100%)       1500M (100%)       1500M (100%)       1500M (100%)       1500M (100%)       1500M (100%)   
[2026-04-03T03:28:36.486+0600][41.065s][info][gc,heap     ] GC(51) y:      Free:      730M (49%)         240M (16%)         176M (12%)         374M (25%)         730M (49%)         170M (11%)    
[2026-04-03T03:28:36.486+0600][41.065s][info][gc,heap     ] GC(51) y:      Used:      770M (51%)        1260M (84%)        1324M (88%)        1126M (75%)        1330M (89%)         770M (51%)    
[2026-04-03T03:28:36.486+0600][41.065s][info][gc,heap     ] GC(51) y: Young Generation Statistics:
[2026-04-03T03:28:36.487+0600][41.065s][info][gc,heap     ] GC(51) y:                Mark Start          Mark End        Relocate Start      Relocate End    
[2026-04-03T03:28:36.487+0600][41.065s][info][gc,heap     ] GC(51) y:      Used:      386M (26%)         876M (58%)         882M (59%)         680M (45%)    
[2026-04-03T03:28:36.487+0600][41.065s][info][gc,heap     ] GC(51) y:      Live:         -                70M (5%)           17M (1%)           15M (1%)     
[2026-04-03T03:28:36.487+0600][41.065s][info][gc,heap     ] GC(51) y:   Garbage:         -               315M (21%)         302M (20%)           0M (0%)     
[2026-04-03T03:28:36.487+0600][41.065s][info][gc,heap     ] GC(51) y: Allocated:         -               490M (33%)         562M (37%)         664M (44%)    
[2026-04-03T03:28:36.487+0600][41.065s][info][gc,heap     ] GC(51) y: Reclaimed:         -                  -                12M (1%)          315M (21%)    
[2026-04-03T03:28:36.487+0600][41.065s][info][gc,heap     ] GC(51) y:  Promoted:         -                  -                53M (4%)           55M (4%)     
[2026-04-03T03:28:36.487+0600][41.065s][info][gc,heap     ] GC(51) y: Compacted:         -                  -                  -                15M (1%)     
[2026-04-03T03:28:36.487+0600][41.065s][info][gc,phases   ] GC(51) y: Young Generation 770M(51%)->1126M(75%) 1.092s
[2026-04-03T03:28:36.487+0600][41.065s][info][gc          ] GC(51) Minor Collection (Allocation Rate) 770M(51%)->1126M(75%) 1.093s
[2026-04-03T03:28:36.487+0600][41.065s][info][gc,task     ] GC(50) O: Using 3 Workers for Old Generation
[2026-04-03T03:28:36.525+0600][41.103s][info][gc,task     ] GC(50) O: Using 2 Workers for Old Generation
[2026-04-03T03:28:36.525+0600][41.103s][info][gc,phases   ] GC(50) O: Concurrent Remap Roots 38.367ms
[2026-04-03T03:28:36.525+0600][41.104s][info][gc,phases   ] GC(50) O: Pause Relocate Start 0.061ms
[2026-04-03T03:28:36.526+0600][41.104s][info][gc          ] GC(52) Minor Collection (Allocation Rate)
[2026-04-03T03:28:36.526+0600][41.104s][info][gc,task     ] GC(52) Using 1 Workers for Young Generation
[2026-04-03T03:28:36.526+0600][41.104s][info][gc,phases   ] GC(52) y: Young Generation
[2026-04-03T03:28:36.526+0600][41.105s][info][gc,phases   ] GC(52) y: Pause Mark Start 0.046ms
[2026-04-03T03:28:36.537+0600][41.116s][info][gc,phases   ] GC(50) O: Concurrent Relocate 11.652ms
[2026-04-03T03:28:36.547+0600][41.125s][info][gc,task     ] Adjusting Workers for Young Generation: 1 -> 3
[2026-04-03T03:28:36.854+0600][41.432s][info][gc,phases   ] GC(52) y: Concurrent Mark 327.288ms
[2026-04-03T03:28:36.854+0600][41.433s][info][gc,phases   ] GC(52) y: Pause Mark End 0.035ms
[2026-04-03T03:28:36.854+0600][41.433s][info][gc,phases   ] GC(52) y: Concurrent Mark Free 0.003ms
[2026-04-03T03:28:36.855+0600][41.433s][info][gc,phases   ] GC(52) y: Concurrent Reset Relocation Set 0.084ms
[2026-04-03T03:28:36.859+0600][41.437s][info][gc,reloc    ] GC(52) y: Using tenuring threshold: 2 (Computed)
[2026-04-03T03:28:36.867+0600][41.445s][info][gc,phases   ] GC(52) y: Concurrent Select Relocation Set 11.890ms
[2026-04-03T03:28:36.867+0600][41.445s][info][gc,phases   ] GC(52) y: Pause Relocate Start 0.063ms
[2026-04-03T03:28:36.927+0600][41.505s][info][gc,phases   ] GC(52) y: Concurrent Relocate 59.821ms
[2026-04-03T03:28:36.927+0600][41.505s][info][gc,alloc    ] GC(52) y:                         Mark Start        Mark End      Relocate Start    Relocate End   
[2026-04-03T03:28:36.927+0600][41.505s][info][gc,alloc    ] GC(52) y: Allocation Stalls:          0                0                0                0         
[2026-04-03T03:28:36.927+0600][41.506s][info][gc,load     ] GC(52) y: Load: 4.37 (36%) / 4.54 (38%) / 5.03 (42%)
[2026-04-03T03:28:36.927+0600][41.506s][info][gc,mmu      ] GC(52) y: MMU: 2ms/92.1%, 5ms/96.9%, 10ms/98.4%, 20ms/99.2%, 50ms/99.5%, 100ms/99.7%
[2026-04-03T03:28:36.927+0600][41.506s][info][gc,marking  ] GC(52) y: Mark: 1 stripe(s), 2 proactive flush(es), 1 terminate flush(es), 0 completion(s), 0 continuation(s) 
[2026-04-03T03:28:36.927+0600][41.506s][info][gc,marking  ] GC(52) y: Mark Stack Usage: 32M
[2026-04-03T03:28:36.927+0600][41.506s][info][gc,nmethod  ] GC(52) y: NMethods: 6461 registered, 695 unregistered
[2026-04-03T03:28:36.927+0600][41.506s][info][gc,metaspace] GC(52) y: Metaspace: 71M used, 71M committed, 1088M reserved
[2026-04-03T03:28:36.927+0600][41.506s][info][gc,reloc    ] GC(52) y:                        Candidates     Selected     In-Place         Size        Empty    Relocated 
[2026-04-03T03:28:36.927+0600][41.506s][info][gc,reloc    ] GC(52) y: Small Pages:                  313          288            0         626M           4M          26M 
[2026-04-03T03:28:36.927+0600][41.506s][info][gc,reloc    ] GC(52) y: Medium Pages:                   1            0            0          32M           0M           0M 
[2026-04-03T03:28:36.927+0600][41.506s][info][gc,reloc    ] GC(52) y: Large Pages:                    2            0            0          36M           0M           0M 
[2026-04-03T03:28:36.927+0600][41.506s][info][gc,reloc    ] GC(52) y: Forwarding Usage: 27M
[2026-04-03T03:28:36.927+0600][41.506s][info][gc,reloc    ] GC(52) y: Age Table:
[2026-04-03T03:28:36.927+0600][41.506s][info][gc,reloc    ] GC(52) y:                    Live             Garbage             Small              Medium             Large        
[2026-04-03T03:28:36.927+0600][41.506s][info][gc,reloc    ] GC(52) y: Eden              65M (4%)          606M (40%)        302 / 284            1 / 0              2 / 0        
[2026-04-03T03:28:36.927+0600][41.506s][info][gc,reloc    ] GC(52) y: Survivor 1        13M (1%)            8M (1%)          11 / 4              0 / 0              0 / 0        
[2026-04-03T03:28:36.927+0600][41.506s][info][gc,heap     ] GC(52) y: Min Capacity: 8M(1%)
[2026-04-03T03:28:36.927+0600][41.506s][info][gc,heap     ] GC(52) y: Max Capacity: 1500M(100%)
[2026-04-03T03:28:36.927+0600][41.506s][info][gc,heap     ] GC(52) y: Soft Max Capacity: 1500M(100%)
[2026-04-03T03:28:36.927+0600][41.506s][info][gc,heap     ] GC(52) y: Heap Statistics:
[2026-04-03T03:28:36.927+0600][41.506s][info][gc,heap     ] GC(52) y:                Mark Start          Mark End        Relocate Start      Relocate End           High               Low         
[2026-04-03T03:28:36.927+0600][41.506s][info][gc,heap     ] GC(52) y:  Capacity:     1500M (100%)       1500M (100%)       1500M (100%)       1500M (100%)       1500M (100%)       1500M (100%)   
[2026-04-03T03:28:36.927+0600][41.506s][info][gc,heap     ] GC(52) y:      Free:      360M (24%)         264M (18%)         264M (18%)         810M (54%)         810M (54%)         254M (17%)    
[2026-04-03T03:28:36.927+0600][41.506s][info][gc,heap     ] GC(52) y:      Used:     1140M (76%)        1236M (82%)        1236M (82%)         690M (46%)        1246M (83%)         690M (46%)    
[2026-04-03T03:28:36.927+0600][41.506s][info][gc,heap     ] GC(52) y: Young Generation Statistics:
[2026-04-03T03:28:36.928+0600][41.506s][info][gc,heap     ] GC(52) y:                Mark Start          Mark End        Relocate Start      Relocate End    
[2026-04-03T03:28:36.928+0600][41.506s][info][gc,heap     ] GC(52) y:      Used:      694M (46%)         806M (54%)         806M (54%)         260M (17%)    
[2026-04-03T03:28:36.928+0600][41.506s][info][gc,heap     ] GC(52) y:      Live:         -                78M (5%)           78M (5%)           78M (5%)     
[2026-04-03T03:28:36.928+0600][41.506s][info][gc,heap     ] GC(52) y:   Garbage:         -               615M (41%)         611M (41%)          31M (2%)     
[2026-04-03T03:28:36.928+0600][41.506s][info][gc,heap     ] GC(52) y: Allocated:         -               112M (7%)          116M (8%)          150M (10%)    
[2026-04-03T03:28:36.928+0600][41.506s][info][gc,heap     ] GC(52) y: Reclaimed:         -                  -                 4M (0%)          584M (39%)    
[2026-04-03T03:28:36.928+0600][41.506s][info][gc,heap     ] GC(52) y:  Promoted:         -                  -                 0M (0%)            0M (0%)     
[2026-04-03T03:28:36.928+0600][41.506s][info][gc,heap     ] GC(52) y: Compacted:         -                  -                  -                27M (2%)     
[2026-04-03T03:28:36.928+0600][41.506s][info][gc,phases   ] GC(52) y: Young Generation 1140M(76%)->690M(46%) 0.401s
[2026-04-03T03:28:36.928+0600][41.506s][info][gc          ] GC(52) Minor Collection (Allocation Rate) 1140M(76%)->690M(46%) 0.402s
[2026-04-03T03:28:36.928+0600][41.506s][info][gc,alloc    ] GC(50) O:                         Mark Start        Mark End      Relocate Start    Relocate End   
[2026-04-03T03:28:36.928+0600][41.506s][info][gc,alloc    ] GC(50) O: Allocation Stalls:          0                0                0                0         
[2026-04-03T03:28:36.928+0600][41.506s][info][gc,load     ] GC(50) O: Load: 4.37 (36%) / 4.54 (38%) / 5.03 (42%)
[2026-04-03T03:28:36.928+0600][41.506s][info][gc,mmu      ] GC(50) O: MMU: 2ms/92.1%, 5ms/96.9%, 10ms/98.4%, 20ms/99.2%, 50ms/99.5%, 100ms/99.7%
[2026-04-03T03:28:36.928+0600][41.506s][info][gc,marking  ] GC(50) O: Mark: 2 stripe(s), 2 proactive flush(es), 1 terminate flush(es), 0 completion(s), 0 continuation(s) 
[2026-04-03T03:28:36.928+0600][41.506s][info][gc,marking  ] GC(50) O: Mark Stack Usage: 32M
[2026-04-03T03:28:36.928+0600][41.506s][info][gc,nmethod  ] GC(50) O: NMethods: 6461 registered, 695 unregistered
[2026-04-03T03:28:36.928+0600][41.506s][info][gc,metaspace] GC(50) O: Metaspace: 71M used, 71M committed, 1088M reserved
[2026-04-03T03:28:36.928+0600][41.506s][info][gc,ref      ] GC(50) O:                       Encountered   Discovered     Enqueued 
[2026-04-03T03:28:36.928+0600][41.506s][info][gc,ref      ] GC(50) O: Soft References:             5095            0            0 
[2026-04-03T03:28:36.928+0600][41.506s][info][gc,ref      ] GC(50) O: Weak References:             6539         4851           38 
[2026-04-03T03:28:36.928+0600][41.506s][info][gc,ref      ] GC(50) O: Final References:              84            0            0 
[2026-04-03T03:28:36.928+0600][41.506s][info][gc,ref      ] GC(50) O: Phantom References:           599          409            0 
[2026-04-03T03:28:36.928+0600][41.506s][info][gc,reloc    ] GC(50) O:                        Candidates     Selected     In-Place         Size        Empty    Relocated 
[2026-04-03T03:28:36.928+0600][41.506s][info][gc,reloc    ] GC(50) O: Small Pages:                  128           10            0         256M           0M           2M 
[2026-04-03T03:28:36.928+0600][41.506s][info][gc,reloc    ] GC(50) O: Medium Pages:                   1            0            0          32M           0M           0M 
[2026-04-03T03:28:36.928+0600][41.506s][info][gc,reloc    ] GC(50) O: Large Pages:                    3            0            0          30M           0M           0M 
[2026-04-03T03:28:36.928+0600][41.506s][info][gc,reloc    ] GC(50) O: Forwarding Usage: 1M
[2026-04-03T03:28:36.928+0600][41.506s][info][gc,heap     ] GC(50) O: Min Capacity: 8M(1%)
[2026-04-03T03:28:36.928+0600][41.506s][info][gc,heap     ] GC(50) O: Max Capacity: 1500M(100%)
[2026-04-03T03:28:36.928+0600][41.506s][info][gc,heap     ] GC(50) O: Soft Max Capacity: 1500M(100%)
[2026-04-03T03:28:36.928+0600][41.506s][info][gc,heap     ] GC(50) O: Heap Statistics:
[2026-04-03T03:28:36.928+0600][41.506s][info][gc,heap     ] GC(50) O:                Mark Start          Mark End        Relocate Start      Relocate End           High               Low         
[2026-04-03T03:28:36.928+0600][41.506s][info][gc,heap     ] GC(50) O:  Capacity:     1500M (100%)       1500M (100%)       1500M (100%)       1500M (100%)       1500M (100%)       1500M (100%)   
[2026-04-03T03:28:36.928+0600][41.506s][info][gc,heap     ] GC(50) O:      Free:      636M (42%)         176M (12%)         360M (24%)         372M (25%)         750M (50%)         170M (11%)    
[2026-04-03T03:28:36.928+0600][41.506s][info][gc,heap     ] GC(50) O:      Used:      864M (58%)        1324M (88%)        1140M (76%)        1128M (75%)        1330M (89%)         750M (50%)    
[2026-04-03T03:28:36.928+0600][41.506s][info][gc,heap     ] GC(50) O: Old Generation Statistics:
[2026-04-03T03:28:36.928+0600][41.506s][info][gc,heap     ] GC(50) O:                Mark Start          Mark End        Relocate Start      Relocate End    
[2026-04-03T03:28:36.928+0600][41.506s][info][gc,heap     ] GC(50) O:      Used:      318M (21%)         442M (29%)         446M (30%)         430M (29%)    
[2026-04-03T03:28:36.928+0600][41.506s][info][gc,heap     ] GC(50) O:      Live:         -               268M (18%)         268M (18%)         268M (18%)    
[2026-04-03T03:28:36.928+0600][41.506s][info][gc,heap     ] GC(50) O:   Garbage:         -                49M (3%)           49M (3%)           28M (2%)     
[2026-04-03T03:28:36.928+0600][41.506s][info][gc,heap     ] GC(50) O: Allocated:         -               124M (8%)          128M (9%)          133M (9%)     
[2026-04-03T03:28:36.928+0600][41.506s][info][gc,heap     ] GC(50) O: Reclaimed:         -                  -                 0M (0%)           21M (1%)     
[2026-04-03T03:28:36.928+0600][41.506s][info][gc,heap     ] GC(50) O: Compacted:         -                  -                  -                 4M (0%)     
[2026-04-03T03:28:36.928+0600][41.506s][info][gc,phases   ] GC(50) O: Old Generation 766M(51%)->1128M(75%) 1.537s
[2026-04-03T03:28:36.928+0600][41.506s][info][gc          ] GC(50) Major Collection (Allocation Rate) 864M(58%)->690M(46%) 2.057s
[2026-04-03T03:28:36.938+0600][41.516s][info][gc          ] GC(53) Minor Collection (Allocation Rate)
[2026-04-03T03:28:36.938+0600][41.516s][info][gc,task     ] GC(53) Using 3 Workers for Young Generation
[2026-04-03T03:28:36.938+0600][41.516s][info][gc,phases   ] GC(53) y: Young Generation
[2026-04-03T03:28:36.938+0600][41.517s][info][gc,phases   ] GC(53) y: Pause Mark Start 0.028ms
[2026-04-03T03:28:37.348+0600][41.926s][info][gc,phases   ] GC(53) y: Concurrent Mark 409.447ms
[2026-04-03T03:28:37.348+0600][41.927s][info][gc,phases   ] GC(53) y: Pause Mark End 0.042ms
[2026-04-03T03:28:37.348+0600][41.927s][info][gc,phases   ] GC(53) y: Concurrent Mark Free 0.004ms
[2026-04-03T03:28:37.349+0600][41.927s][info][gc,phases   ] GC(53) y: Concurrent Reset Relocation Set 0.052ms
[2026-04-03T03:28:37.351+0600][41.929s][info][gc,reloc    ] GC(53) y: Using tenuring threshold: 1 (Computed)
[2026-04-03T03:28:37.404+0600][41.982s][info][gc,phases   ] GC(53) y: Concurrent Select Relocation Set 55.153ms
[2026-04-03T03:28:37.404+0600][41.983s][info][gc,phases   ] GC(53) y: Pause Relocate Start 0.032ms
[2026-04-03T03:28:37.516+0600][42.095s][info][gc,phases   ] GC(53) y: Concurrent Relocate 111.962ms
[2026-04-03T03:28:37.517+0600][42.095s][info][gc,alloc    ] GC(53) y:                         Mark Start        Mark End      Relocate Start    Relocate End   
[2026-04-03T03:28:37.517+0600][42.095s][info][gc,alloc    ] GC(53) y: Allocation Stalls:          0                0                0                0         
[2026-04-03T03:28:37.517+0600][42.095s][info][gc,load     ] GC(53) y: Load: 4.37 (36%) / 4.54 (38%) / 5.03 (42%)
[2026-04-03T03:28:37.517+0600][42.095s][info][gc,mmu      ] GC(53) y: MMU: 2ms/92.1%, 5ms/96.9%, 10ms/98.4%, 20ms/99.2%, 50ms/99.5%, 100ms/99.7%
[2026-04-03T03:28:37.517+0600][42.095s][info][gc,marking  ] GC(53) y: Mark: 2 stripe(s), 11 proactive flush(es), 2 terminate flush(es), 0 completion(s), 0 continuation(s) 
[2026-04-03T03:28:37.517+0600][42.095s][info][gc,marking  ] GC(53) y: Mark Stack Usage: 32M
[2026-04-03T03:28:37.517+0600][42.095s][info][gc,nmethod  ] GC(53) y: NMethods: 6505 registered, 695 unregistered
[2026-04-03T03:28:37.517+0600][42.095s][info][gc,metaspace] GC(53) y: Metaspace: 71M used, 71M committed, 1088M reserved
[2026-04-03T03:28:37.517+0600][42.095s][info][gc,reloc    ] GC(53) y:                        Candidates     Selected     In-Place         Size        Empty    Relocated 
[2026-04-03T03:28:37.517+0600][42.095s][info][gc,reloc    ] GC(53) y: Small Pages:                   81           57            0         162M           0M           6M 
[2026-04-03T03:28:37.517+0600][42.095s][info][gc,reloc    ] GC(53) y: Medium Pages:                   2            1            0          64M           0M           2M 
[2026-04-03T03:28:37.517+0600][42.095s][info][gc,reloc    ] GC(53) y: Large Pages:                    2            0            0          36M           0M           0M 
[2026-04-03T03:28:37.517+0600][42.095s][info][gc,reloc    ] GC(53) y: Forwarding Usage: 7M
[2026-04-03T03:28:37.517+0600][42.095s][info][gc,reloc    ] GC(53) y: Age Table:
[2026-04-03T03:28:37.517+0600][42.095s][info][gc,reloc    ] GC(53) y:                    Live             Garbage             Small              Medium             Large        
[2026-04-03T03:28:37.517+0600][42.095s][info][gc,reloc    ] GC(53) y: Eden               5M (0%)          128M (9%)          51 / 49             1 / 1              0 / 0        
[2026-04-03T03:28:37.517+0600][42.095s][info][gc,reloc    ] GC(53) y: Survivor 1        63M (4%)           38M (3%)          17 / 3              1 / 0              2 / 0        
[2026-04-03T03:28:37.517+0600][42.095s][info][gc,reloc    ] GC(53) y: Survivor 2        13M (1%)           12M (1%)          13 / 5              0 / 0              0 / 0        
[2026-04-03T03:28:37.517+0600][42.095s][info][gc,heap     ] GC(53) y: Min Capacity: 8M(1%)
[2026-04-03T03:28:37.517+0600][42.095s][info][gc,heap     ] GC(53) y: Max Capacity: 1500M(100%)
[2026-04-03T03:28:37.517+0600][42.095s][info][gc,heap     ] GC(53) y: Soft Max Capacity: 1500M(100%)
[2026-04-03T03:28:37.517+0600][42.095s][info][gc,heap     ] GC(53) y: Heap Statistics:
[2026-04-03T03:28:37.517+0600][42.095s][info][gc,heap     ] GC(53) y:                Mark Start          Mark End        Relocate Start      Relocate End           High               Low         
[2026-04-03T03:28:37.517+0600][42.095s][info][gc,heap     ] GC(53) y:  Capacity:     1500M (100%)       1500M (100%)       1500M (100%)       1500M (100%)       1500M (100%)       1500M (100%)   
[2026-04-03T03:28:37.517+0600][42.095s][info][gc,heap     ] GC(53) y:      Free:      808M (54%)         654M (44%)         630M (42%)         696M (46%)         808M (54%)         572M (38%)    
[2026-04-03T03:28:37.517+0600][42.095s][info][gc,heap     ] GC(53) y:      Used:      692M (46%)         846M (56%)         870M (58%)         804M (54%)         928M (62%)         692M (46%)    
[2026-04-03T03:28:37.517+0600][42.095s][info][gc,heap     ] GC(53) y: Young Generation Statistics:
[2026-04-03T03:28:37.517+0600][42.095s][info][gc,heap     ] GC(53) y:                Mark Start          Mark End        Relocate Start      Relocate End    
[2026-04-03T03:28:37.517+0600][42.095s][info][gc,heap     ] GC(53) y:      Used:      262M (17%)         416M (28%)         366M (24%)         260M (17%)    
[2026-04-03T03:28:37.517+0600][42.095s][info][gc,heap     ] GC(53) y:      Live:         -                82M (5%)           11M (1%)            5M (0%)     
[2026-04-03T03:28:37.517+0600][42.095s][info][gc,heap     ] GC(53) y:   Garbage:         -               179M (12%)         176M (12%)           0M (0%)     
[2026-04-03T03:28:37.517+0600][42.095s][info][gc,heap     ] GC(53) y: Allocated:         -               154M (10%)         178M (12%)         254M (17%)    
[2026-04-03T03:28:37.517+0600][42.095s][info][gc,heap     ] GC(53) y: Reclaimed:         -                  -                 3M (0%)          179M (12%)    
[2026-04-03T03:28:37.517+0600][42.095s][info][gc,heap     ] GC(53) y:  Promoted:         -                  -                70M (5%)           76M (5%)     
[2026-04-03T03:28:37.517+0600][42.095s][info][gc,heap     ] GC(53) y: Compacted:         -                  -                  -                 5M (0%)     
[2026-04-03T03:28:37.517+0600][42.095s][info][gc,phases   ] GC(53) y: Young Generation 692M(46%)->804M(54%) 0.578s
[2026-04-03T03:28:37.517+0600][42.095s][info][gc          ] GC(53) Minor Collection (Allocation Rate) 692M(46%)->806M(54%) 0.579s
[2026-04-03T03:28:37.517+0600][42.096s][info][gc          ] GC(54) Major Collection (Allocation Rate)
[2026-04-03T03:28:37.517+0600][42.096s][info][gc,task     ] GC(54) Using 3 Workers for Young Generation
[2026-04-03T03:28:37.517+0600][42.096s][info][gc,task     ] GC(54) Using 1 Workers for Old Generation
[2026-04-03T03:28:37.517+0600][42.096s][info][gc,phases   ] GC(54) Y: Young Generation
[2026-04-03T03:28:37.518+0600][42.096s][info][gc,phases   ] GC(54) Y: Pause Mark Start (Major) 0.060ms
[2026-04-03T03:28:37.629+0600][42.207s][info][gc,phases   ] GC(54) Y: Concurrent Mark 111.238ms
[2026-04-03T03:28:37.630+0600][42.208s][info][gc,phases   ] GC(54) Y: Pause Mark End 0.035ms
[2026-04-03T03:28:37.630+0600][42.208s][info][gc,phases   ] GC(54) Y: Concurrent Mark Free 0.002ms
[2026-04-03T03:28:37.630+0600][42.208s][info][gc,phases   ] GC(54) Y: Concurrent Reset Relocation Set 0.084ms
[2026-04-03T03:28:37.633+0600][42.211s][info][gc,reloc    ] GC(54) Y: Using tenuring threshold: 2 (Computed)
[2026-04-03T03:28:37.634+0600][42.212s][info][gc,phases   ] GC(54) Y: Concurrent Select Relocation Set 3.911ms
[2026-04-03T03:28:37.634+0600][42.212s][info][gc,phases   ] GC(54) Y: Pause Relocate Start 0.027ms
[2026-04-03T03:28:37.650+0600][42.228s][info][gc,phases   ] GC(54) Y: Concurrent Relocate 15.812ms
[2026-04-03T03:28:37.650+0600][42.228s][info][gc,alloc    ] GC(54) Y:                         Mark Start        Mark End      Relocate Start    Relocate End   
[2026-04-03T03:28:37.650+0600][42.228s][info][gc,alloc    ] GC(54) Y: Allocation Stalls:          0                0                0                0         
[2026-04-03T03:28:37.650+0600][42.229s][info][gc,load     ] GC(54) Y: Load: 4.37 (36%) / 4.54 (38%) / 5.03 (42%)
[2026-04-03T03:28:37.650+0600][42.229s][info][gc,mmu      ] GC(54) Y: MMU: 2ms/92.1%, 5ms/96.9%, 10ms/98.4%, 20ms/99.2%, 50ms/99.5%, 100ms/99.7%
[2026-04-03T03:28:37.650+0600][42.229s][info][gc,marking  ] GC(54) Y: Mark: 2 stripe(s), 4 proactive flush(es), 1 terminate flush(es), 0 completion(s), 0 continuation(s) 
[2026-04-03T03:28:37.650+0600][42.229s][info][gc,marking  ] GC(54) Y: Mark Stack Usage: 32M
[2026-04-03T03:28:37.650+0600][42.229s][info][gc,nmethod  ] GC(54) Y: NMethods: 6505 registered, 695 unregistered
[2026-04-03T03:28:37.650+0600][42.229s][info][gc,metaspace] GC(54) Y: Metaspace: 71M used, 71M committed, 1088M reserved
[2026-04-03T03:28:37.650+0600][42.229s][info][gc,reloc    ] GC(54) Y:                        Candidates     Selected     In-Place         Size        Empty    Relocated 
[2026-04-03T03:28:37.650+0600][42.229s][info][gc,reloc    ] GC(54) Y: Small Pages:                   99           85            0         198M          18M           6M 
[2026-04-03T03:28:37.650+0600][42.229s][info][gc,reloc    ] GC(54) Y: Medium Pages:                   2            0            0          64M          32M           0M 
[2026-04-03T03:28:37.650+0600][42.229s][info][gc,reloc    ] GC(54) Y: Large Pages:                    1            0            0          18M           0M           0M 
[2026-04-03T03:28:37.650+0600][42.229s][info][gc,reloc    ] GC(54) Y: Forwarding Usage: 5M
[2026-04-03T03:28:37.650+0600][42.229s][info][gc,reloc    ] GC(54) Y: Age Table:
[2026-04-03T03:28:37.650+0600][42.229s][info][gc,reloc    ] GC(54) Y:                    Live             Garbage             Small              Medium             Large        
[2026-04-03T03:28:37.650+0600][42.229s][info][gc,reloc    ] GC(54) Y: Eden              29M (2%)          208M (14%)         94 / 81             1 / 0              1 / 0        
[2026-04-03T03:28:37.650+0600][42.229s][info][gc,reloc    ] GC(54) Y: Survivor 1         2M (0%)           39M (3%)           5 / 4              1 / 0              0 / 0        
[2026-04-03T03:28:37.650+0600][42.229s][info][gc,heap     ] GC(54) Y: Min Capacity: 8M(1%)
[2026-04-03T03:28:37.650+0600][42.229s][info][gc,heap     ] GC(54) Y: Max Capacity: 1500M(100%)
[2026-04-03T03:28:37.650+0600][42.229s][info][gc,heap     ] GC(54) Y: Soft Max Capacity: 1500M(100%)
[2026-04-03T03:28:37.650+0600][42.229s][info][gc,heap     ] GC(54) Y: Heap Statistics:
[2026-04-03T03:28:37.650+0600][42.229s][info][gc,heap     ] GC(54) Y:                Mark Start          Mark End        Relocate Start      Relocate End           High               Low         
[2026-04-03T03:28:37.650+0600][42.229s][info][gc,heap     ] GC(54) Y:  Capacity:     1500M (100%)       1500M (100%)       1500M (100%)       1500M (100%)       1500M (100%)       1500M (100%)   
[2026-04-03T03:28:37.650+0600][42.229s][info][gc,heap     ] GC(54) Y:      Free:      676M (45%)         668M (45%)         718M (48%)         876M (58%)         876M (58%)         668M (45%)    
[2026-04-03T03:28:37.650+0600][42.229s][info][gc,heap     ] GC(54) Y:      Used:      824M (55%)         832M (55%)         782M (52%)         624M (42%)         832M (55%)         624M (42%)    
[2026-04-03T03:28:37.650+0600][42.229s][info][gc,heap     ] GC(54) Y: Young Generation Statistics:
[2026-04-03T03:28:37.650+0600][42.229s][info][gc,heap     ] GC(54) Y:                Mark Start          Mark End        Relocate Start      Relocate End    
[2026-04-03T03:28:37.650+0600][42.229s][info][gc,heap     ] GC(54) Y:      Used:      280M (19%)         288M (19%)         238M (16%)          80M (5%)     
[2026-04-03T03:28:37.651+0600][42.229s][info][gc,heap     ] GC(54) Y:      Live:         -                32M (2%)           32M (2%)           32M (2%)     
[2026-04-03T03:28:37.651+0600][42.229s][info][gc,heap     ] GC(54) Y:   Garbage:         -               247M (17%)         197M (13%)          26M (2%)     
[2026-04-03T03:28:37.651+0600][42.229s][info][gc,heap     ] GC(54) Y: Allocated:         -                 8M (1%)            8M (1%)           21M (1%)     
[2026-04-03T03:28:37.651+0600][42.229s][info][gc,heap     ] GC(54) Y: Reclaimed:         -                  -                50M (3%)          221M (15%)    
[2026-04-03T03:28:37.651+0600][42.229s][info][gc,heap     ] GC(54) Y:  Promoted:         -                  -                 0M (0%)            0M (0%)     
[2026-04-03T03:28:37.651+0600][42.229s][info][gc,heap     ] GC(54) Y: Compacted:         -                  -                  -                 6M (0%)     
[2026-04-03T03:28:37.651+0600][42.229s][info][gc,phases   ] GC(54) Y: Young Generation 824M(55%)->624M(42%) 0.133s
[2026-04-03T03:28:37.651+0600][42.229s][info][gc,phases   ] GC(54) O: Old Generation
[2026-04-03T03:28:37.655+0600][42.233s][info][gc          ] GC(55) Minor Collection (Allocation Rate)
[2026-04-03T03:28:37.655+0600][42.233s][info][gc,task     ] GC(55) Using 2 Workers for Young Generation
[2026-04-03T03:28:37.655+0600][42.233s][info][gc,phases   ] GC(55) y: Young Generation
[2026-04-03T03:28:37.655+0600][42.233s][info][gc,phases   ] GC(55) y: Pause Mark Start 0.029ms
[2026-04-03T03:28:37.770+0600][42.348s][info][gc,phases   ] GC(55) y: Concurrent Mark 114.335ms
[2026-04-03T03:28:37.770+0600][42.348s][info][gc,phases   ] GC(55) y: Pause Mark End 0.025ms
[2026-04-03T03:28:37.770+0600][42.348s][info][gc,phases   ] GC(55) y: Concurrent Mark Free 0.001ms
[2026-04-03T03:28:37.770+0600][42.348s][info][gc,phases   ] GC(55) y: Concurrent Reset Relocation Set 0.016ms
[2026-04-03T03:28:37.772+0600][42.351s][info][gc,reloc    ] GC(55) y: Using tenuring threshold: 1 (Computed)
[2026-04-03T03:28:37.814+0600][42.392s][info][gc,phases   ] GC(55) y: Concurrent Select Relocation Set 43.811ms
[2026-04-03T03:28:37.814+0600][42.393s][info][gc,phases   ] GC(55) y: Pause Relocate Start 0.024ms
[2026-04-03T03:28:37.871+0600][42.449s][info][gc,phases   ] GC(55) y: Concurrent Relocate 56.512ms
[2026-04-03T03:28:37.871+0600][42.449s][info][gc,alloc    ] GC(55) y:                         Mark Start        Mark End      Relocate Start    Relocate End   
[2026-04-03T03:28:37.871+0600][42.449s][info][gc,alloc    ] GC(55) y: Allocation Stalls:          0                0                0                0         
[2026-04-03T03:28:37.871+0600][42.449s][info][gc,load     ] GC(55) y: Load: 4.37 (36%) / 4.54 (38%) / 5.03 (42%)
[2026-04-03T03:28:37.871+0600][42.449s][info][gc,mmu      ] GC(55) y: MMU: 2ms/92.1%, 5ms/96.9%, 10ms/98.4%, 20ms/99.2%, 50ms/99.5%, 100ms/99.7%
[2026-04-03T03:28:37.871+0600][42.449s][info][gc,marking  ] GC(55) y: Mark: 2 stripe(s), 2 proactive flush(es), 1 terminate flush(es), 0 completion(s), 0 continuation(s) 
[2026-04-03T03:28:37.871+0600][42.449s][info][gc,marking  ] GC(55) y: Mark Stack Usage: 32M
[2026-04-03T03:28:37.871+0600][42.449s][info][gc,nmethod  ] GC(55) y: NMethods: 6513 registered, 695 unregistered
[2026-04-03T03:28:37.871+0600][42.449s][info][gc,metaspace] GC(55) y: Metaspace: 71M used, 71M committed, 1088M reserved
[2026-04-03T03:28:37.871+0600][42.449s][info][gc,reloc    ] GC(55) y:                        Candidates     Selected     In-Place         Size        Empty    Relocated 
[2026-04-03T03:28:37.871+0600][42.449s][info][gc,reloc    ] GC(55) y: Small Pages:                   15            8            0          30M           4M           1M 
[2026-04-03T03:28:37.871+0600][42.450s][info][gc,reloc    ] GC(55) y: Medium Pages:                   1            0            0          32M           0M           0M 
[2026-04-03T03:28:37.871+0600][42.450s][info][gc,reloc    ] GC(55) y: Large Pages:                    1            0            0          18M           0M           0M 
[2026-04-03T03:28:37.871+0600][42.450s][info][gc,reloc    ] GC(55) y: Forwarding Usage: 1M
[2026-04-03T03:28:37.871+0600][42.450s][info][gc,reloc    ] GC(55) y: Age Table:
[2026-04-03T03:28:37.871+0600][42.450s][info][gc,reloc    ] GC(55) y:                    Live             Garbage             Small              Medium             Large        
[2026-04-03T03:28:37.871+0600][42.450s][info][gc,reloc    ] GC(55) y: Eden               0M (0%)            9M (1%)           5 / 2              0 / 0              0 / 0        
[2026-04-03T03:28:37.871+0600][42.450s][info][gc,reloc    ] GC(55) y: Survivor 1        29M (2%)           30M (2%)           5 / 2              1 / 0              1 / 0        
[2026-04-03T03:28:37.871+0600][42.450s][info][gc,reloc    ] GC(55) y: Survivor 2         2M (0%)            7M (0%)           5 / 4              0 / 0              0 / 0        
[2026-04-03T03:28:37.871+0600][42.450s][info][gc,heap     ] GC(55) y: Min Capacity: 8M(1%)
[2026-04-03T03:28:37.871+0600][42.450s][info][gc,heap     ] GC(55) y: Max Capacity: 1500M(100%)
[2026-04-03T03:28:37.871+0600][42.450s][info][gc,heap     ] GC(55) y: Soft Max Capacity: 1500M(100%)
[2026-04-03T03:28:37.871+0600][42.450s][info][gc,heap     ] GC(55) y: Heap Statistics:
[2026-04-03T03:28:37.871+0600][42.450s][info][gc,heap     ] GC(55) y:                Mark Start          Mark End        Relocate Start      Relocate End           High               Low         
[2026-04-03T03:28:37.871+0600][42.450s][info][gc,heap     ] GC(55) y:  Capacity:     1500M (100%)       1500M (100%)       1500M (100%)       1500M (100%)       1500M (100%)       1500M (100%)   
[2026-04-03T03:28:37.871+0600][42.450s][info][gc,heap     ] GC(55) y:      Free:      876M (58%)         792M (53%)         774M (52%)         760M (51%)         876M (58%)         760M (51%)    
[2026-04-03T03:28:37.871+0600][42.450s][info][gc,heap     ] GC(55) y:      Used:      624M (42%)         708M (47%)         726M (48%)         740M (49%)         740M (49%)         624M (42%)    
[2026-04-03T03:28:37.871+0600][42.450s][info][gc,heap     ] GC(55) y: Young Generation Statistics:
[2026-04-03T03:28:37.871+0600][42.450s][info][gc,heap     ] GC(55) y:                Mark Start          Mark End        Relocate Start      Relocate End    
[2026-04-03T03:28:37.871+0600][42.450s][info][gc,heap     ] GC(55) y:      Used:       80M (5%)          164M (11%)         124M (8%)          132M (9%)     
[2026-04-03T03:28:37.871+0600][42.450s][info][gc,heap     ] GC(55) y:      Live:         -                32M (2%)            1M (0%)            0M (0%)     
[2026-04-03T03:28:37.871+0600][42.450s][info][gc,heap     ] GC(55) y:   Garbage:         -                47M (3%)           16M (1%)            0M (0%)     
[2026-04-03T03:28:37.871+0600][42.450s][info][gc,heap     ] GC(55) y: Allocated:         -                84M (6%)          106M (7%)          131M (9%)     
[2026-04-03T03:28:37.871+0600][42.450s][info][gc,heap     ] GC(55) y: Reclaimed:         -                  -                31M (2%)           47M (3%)     
[2026-04-03T03:28:37.871+0600][42.450s][info][gc,heap     ] GC(55) y:  Promoted:         -                  -                30M (2%)           32M (2%)     
[2026-04-03T03:28:37.871+0600][42.450s][info][gc,heap     ] GC(55) y: Compacted:         -                  -                  -                 0M (0%)     
[2026-04-03T03:28:37.871+0600][42.450s][info][gc,phases   ] GC(55) y: Young Generation 624M(42%)->740M(49%) 0.216s
[2026-04-03T03:28:37.871+0600][42.450s][info][gc          ] GC(55) Minor Collection (Allocation Rate) 624M(42%)->740M(49%) 0.217s
[2026-04-03T03:28:37.872+0600][42.450s][info][gc          ] GC(56) Minor Collection (Allocation Rate)
[2026-04-03T03:28:37.872+0600][42.450s][info][gc,task     ] GC(56) Using 2 Workers for Young Generation
[2026-04-03T03:28:37.872+0600][42.450s][info][gc,phases   ] GC(56) y: Young Generation
[2026-04-03T03:28:37.872+0600][42.450s][info][gc,phases   ] GC(56) y: Pause Mark Start 0.024ms
[2026-04-03T03:28:37.906+0600][42.484s][info][gc,phases   ] GC(56) y: Concurrent Mark 33.517ms
[2026-04-03T03:28:37.906+0600][42.484s][info][gc,phases   ] GC(56) y: Pause Mark End 0.028ms
[2026-04-03T03:28:37.906+0600][42.484s][info][gc,phases   ] GC(56) y: Concurrent Mark Free 0.005ms
[2026-04-03T03:28:37.906+0600][42.484s][info][gc,phases   ] GC(56) y: Concurrent Reset Relocation Set 0.018ms
[2026-04-03T03:28:37.908+0600][42.486s][info][gc,reloc    ] GC(56) y: Using tenuring threshold: 2 (Computed)
[2026-04-03T03:28:37.909+0600][42.488s][info][gc,phases   ] GC(56) y: Concurrent Select Relocation Set 3.063ms
[2026-04-03T03:28:37.909+0600][42.488s][info][gc,phases   ] GC(56) y: Pause Relocate Start 0.015ms
[2026-04-03T03:28:37.917+0600][42.495s][info][gc,phases   ] GC(56) y: Concurrent Relocate 6.994ms
[2026-04-03T03:28:37.917+0600][42.495s][info][gc,alloc    ] GC(56) y:                         Mark Start        Mark End      Relocate Start    Relocate End   
[2026-04-03T03:28:37.917+0600][42.495s][info][gc,alloc    ] GC(56) y: Allocation Stalls:          0                0                0                0         
[2026-04-03T03:28:37.917+0600][42.495s][info][gc,load     ] GC(56) y: Load: 4.37 (36%) / 4.54 (38%) / 5.03 (42%)
[2026-04-03T03:28:37.917+0600][42.495s][info][gc,mmu      ] GC(56) y: MMU: 2ms/92.1%, 5ms/96.9%, 10ms/98.4%, 20ms/99.2%, 50ms/99.5%, 100ms/99.7%
[2026-04-03T03:28:37.917+0600][42.495s][info][gc,marking  ] GC(56) y: Mark: 2 stripe(s), 2 proactive flush(es), 1 terminate flush(es), 0 completion(s), 0 continuation(s) 
[2026-04-03T03:28:37.917+0600][42.495s][info][gc,marking  ] GC(56) y: Mark Stack Usage: 32M
[2026-04-03T03:28:37.917+0600][42.495s][info][gc,nmethod  ] GC(56) y: NMethods: 6513 registered, 695 unregistered
[2026-04-03T03:28:37.917+0600][42.495s][info][gc,metaspace] GC(56) y: Metaspace: 71M used, 71M committed, 1088M reserved
[2026-04-03T03:28:37.917+0600][42.495s][info][gc,reloc    ] GC(56) y:                        Candidates     Selected     In-Place         Size        Empty    Relocated 
[2026-04-03T03:28:37.917+0600][42.495s][info][gc,reloc    ] GC(56) y: Small Pages:                   50           48            0         100M           0M           2M 
[2026-04-03T03:28:37.917+0600][42.495s][info][gc,reloc    ] GC(56) y: Medium Pages:                   1            0            0          32M          32M           0M 
[2026-04-03T03:28:37.917+0600][42.495s][info][gc,reloc    ] GC(56) y: Large Pages:                    0            0            0           0M           0M           0M 
[2026-04-03T03:28:37.917+0600][42.495s][info][gc,reloc    ] GC(56) y: Forwarding Usage: 2M
[2026-04-03T03:28:37.917+0600][42.495s][info][gc,reloc    ] GC(56) y: Age Table:
[2026-04-03T03:28:37.917+0600][42.495s][info][gc,reloc    ] GC(56) y:                    Live             Garbage             Small              Medium             Large        
[2026-04-03T03:28:37.917+0600][42.495s][info][gc,reloc    ] GC(56) y: Eden               2M (0%)          127M (8%)          49 / 47             1 / 0              0 / 0        
[2026-04-03T03:28:37.917+0600][42.495s][info][gc,reloc    ] GC(56) y: Survivor 1         0M (0%)            1M (0%)           1 / 1              0 / 0              0 / 0        
[2026-04-03T03:28:37.917+0600][42.495s][info][gc,heap     ] GC(56) y: Min Capacity: 8M(1%)
[2026-04-03T03:28:37.917+0600][42.495s][info][gc,heap     ] GC(56) y: Max Capacity: 1500M(100%)
[2026-04-03T03:28:37.917+0600][42.495s][info][gc,heap     ] GC(56) y: Soft Max Capacity: 1500M(100%)
[2026-04-03T03:28:37.917+0600][42.495s][info][gc,heap     ] GC(56) y: Heap Statistics:
[2026-04-03T03:28:37.917+0600][42.495s][info][gc,heap     ] GC(56) y:                Mark Start          Mark End        Relocate Start      Relocate End           High               Low         
[2026-04-03T03:28:37.917+0600][42.495s][info][gc,heap     ] GC(56) y:  Capacity:     1500M (100%)       1500M (100%)       1500M (100%)       1500M (100%)       1500M (100%)       1500M (100%)   
[2026-04-03T03:28:37.917+0600][42.495s][info][gc,heap     ] GC(56) y:      Free:      760M (51%)         742M (49%)         774M (52%)         862M (57%)         862M (57%)         742M (49%)    
[2026-04-03T03:28:37.917+0600][42.495s][info][gc,heap     ] GC(56) y:      Used:      740M (49%)         758M (51%)         726M (48%)         638M (43%)         758M (51%)         638M (43%)    
[2026-04-03T03:28:37.917+0600][42.495s][info][gc,heap     ] GC(56) y: Young Generation Statistics:
[2026-04-03T03:28:37.917+0600][42.495s][info][gc,heap     ] GC(56) y:                Mark Start          Mark End        Relocate Start      Relocate End    
[2026-04-03T03:28:37.917+0600][42.495s][info][gc,heap     ] GC(56) y:      Used:      132M (9%)          150M (10%)         118M (8%)           30M (2%)     
[2026-04-03T03:28:37.917+0600][42.495s][info][gc,heap     ] GC(56) y:      Live:         -                 2M (0%)            2M (0%)            2M (0%)     
[2026-04-03T03:28:37.917+0600][42.495s][info][gc,heap     ] GC(56) y:   Garbage:         -               129M (9%)           97M (6%)            0M (0%)     
[2026-04-03T03:28:37.917+0600][42.495s][info][gc,heap     ] GC(56) y: Allocated:         -                18M (1%)           18M (1%)           27M (2%)     
[2026-04-03T03:28:37.917+0600][42.495s][info][gc,heap     ] GC(56) y: Reclaimed:         -                  -                32M (2%)          129M (9%)     
[2026-04-03T03:28:37.917+0600][42.495s][info][gc,heap     ] GC(56) y:  Promoted:         -                  -                 0M (0%)            0M (0%)     
[2026-04-03T03:28:37.917+0600][42.495s][info][gc,heap     ] GC(56) y: Compacted:         -                  -                  -                 2M (0%)     
[2026-04-03T03:28:37.917+0600][42.495s][info][gc,phases   ] GC(56) y: Young Generation 740M(49%)->638M(43%) 0.045s
[2026-04-03T03:28:37.917+0600][42.495s][info][gc          ] GC(56) Minor Collection (Allocation Rate) 740M(49%)->638M(43%) 0.045s
[2026-04-03T03:28:38.624+0600][43.203s][info][gc,phases   ] GC(54) O: Concurrent Mark 973.739ms
[2026-04-03T03:28:38.625+0600][43.203s][info][gc,phases   ] GC(54) O: Pause Mark End 0.021ms
[2026-04-03T03:28:38.625+0600][43.203s][info][gc,phases   ] GC(54) O: Concurrent Mark Free 0.001ms
[2026-04-03T03:28:38.641+0600][43.220s][info][gc,phases   ] GC(54) O: Concurrent Process Non-Strong 16.582ms
[2026-04-03T03:28:38.641+0600][43.220s][info][gc,phases   ] GC(54) O: Concurrent Reset Relocation Set 0.003ms
[2026-04-03T03:28:38.682+0600][43.260s][info][gc,phases   ] GC(54) O: Concurrent Select Relocation Set 40.496ms
[2026-04-03T03:28:38.682+0600][43.260s][info][gc,task     ] GC(54) O: Using 3 Workers for Old Generation
[2026-04-03T03:28:38.703+0600][43.281s][info][gc,task     ] GC(54) O: Using 1 Workers for Old Generation
[2026-04-03T03:28:38.703+0600][43.281s][info][gc,phases   ] GC(54) O: Concurrent Remap Roots 20.709ms
[2026-04-03T03:28:38.703+0600][43.281s][info][gc,phases   ] GC(54) O: Pause Relocate Start 0.022ms
[2026-04-03T03:28:38.969+0600][43.547s][info][gc,phases   ] GC(54) O: Concurrent Relocate 265.674ms
[2026-04-03T03:28:38.969+0600][43.547s][info][gc,alloc    ] GC(54) O:                         Mark Start        Mark End      Relocate Start    Relocate End   
[2026-04-03T03:28:38.969+0600][43.547s][info][gc,alloc    ] GC(54) O: Allocation Stalls:          0                0                0                0         
[2026-04-03T03:28:38.969+0600][43.547s][info][gc,load     ] GC(54) O: Load: 4.37 (36%) / 4.54 (38%) / 5.03 (42%)
[2026-04-03T03:28:38.969+0600][43.547s][info][gc,mmu      ] GC(54) O: MMU: 2ms/92.1%, 5ms/96.9%, 10ms/98.4%, 20ms/99.2%, 50ms/99.5%, 100ms/99.7%
[2026-04-03T03:28:38.969+0600][43.547s][info][gc,marking  ] GC(54) O: Mark: 1 stripe(s), 2 proactive flush(es), 1 terminate flush(es), 0 completion(s), 0 continuation(s) 
[2026-04-03T03:28:38.969+0600][43.547s][info][gc,marking  ] GC(54) O: Mark Stack Usage: 32M
[2026-04-03T03:28:38.969+0600][43.547s][info][gc,nmethod  ] GC(54) O: NMethods: 6566 registered, 718 unregistered
[2026-04-03T03:28:38.969+0600][43.547s][info][gc,metaspace] GC(54) O: Metaspace: 71M used, 72M committed, 1088M reserved
[2026-04-03T03:28:38.969+0600][43.547s][info][gc,ref      ] GC(54) O:                       Encountered   Discovered     Enqueued 
[2026-04-03T03:28:38.969+0600][43.547s][info][gc,ref      ] GC(54) O: Soft References:             5098            0            0 
[2026-04-03T03:28:38.969+0600][43.547s][info][gc,ref      ] GC(54) O: Weak References:             6871         5123            6 
[2026-04-03T03:28:38.969+0600][43.547s][info][gc,ref      ] GC(54) O: Final References:              84           48            0 
[2026-04-03T03:28:38.969+0600][43.547s][info][gc,ref      ] GC(54) O: Phantom References:           602          216            0 
[2026-04-03T03:28:38.969+0600][43.547s][info][gc,reloc    ] GC(54) O:                        Candidates     Selected     In-Place         Size        Empty    Relocated 
[2026-04-03T03:28:38.969+0600][43.547s][info][gc,reloc    ] GC(54) O: Small Pages:                  192           31            0         384M          86M          20M 
[2026-04-03T03:28:38.969+0600][43.547s][info][gc,reloc    ] GC(54) O: Medium Pages:                   2            0            0          64M          32M           0M 
[2026-04-03T03:28:38.969+0600][43.547s][info][gc,reloc    ] GC(54) O: Large Pages:                    8            0            0          96M          68M           0M 
[2026-04-03T03:28:38.969+0600][43.547s][info][gc,reloc    ] GC(54) O: Forwarding Usage: 50M
[2026-04-03T03:28:38.969+0600][43.547s][info][gc,heap     ] GC(54) O: Min Capacity: 8M(1%)
[2026-04-03T03:28:38.969+0600][43.547s][info][gc,heap     ] GC(54) O: Max Capacity: 1500M(100%)
[2026-04-03T03:28:38.969+0600][43.547s][info][gc,heap     ] GC(54) O: Soft Max Capacity: 1500M(100%)
[2026-04-03T03:28:38.969+0600][43.547s][info][gc,heap     ] GC(54) O: Heap Statistics:
[2026-04-03T03:28:38.969+0600][43.548s][info][gc,heap     ] GC(54) O:                Mark Start          Mark End        Relocate Start      Relocate End           High               Low         
[2026-04-03T03:28:38.969+0600][43.548s][info][gc,heap     ] GC(54) O:  Capacity:     1500M (100%)       1500M (100%)       1500M (100%)       1500M (100%)       1500M (100%)       1500M (100%)   
[2026-04-03T03:28:38.969+0600][43.548s][info][gc,heap     ] GC(54) O:      Free:      676M (45%)         738M (49%)         916M (61%)         846M (56%)         962M (64%)         668M (45%)    
[2026-04-03T03:28:38.969+0600][43.548s][info][gc,heap     ] GC(54) O:      Used:      824M (55%)         762M (51%)         584M (39%)         654M (44%)         832M (55%)         538M (36%)    
[2026-04-03T03:28:38.969+0600][43.548s][info][gc,heap     ] GC(54) O: Old Generation Statistics:
[2026-04-03T03:28:38.969+0600][43.548s][info][gc,heap     ] GC(54) O:                Mark Start          Mark End        Relocate Start      Relocate End    
[2026-04-03T03:28:38.969+0600][43.548s][info][gc,heap     ] GC(54) O:      Used:      544M (36%)         608M (41%)         422M (28%)         356M (24%)    
[2026-04-03T03:28:38.969+0600][43.548s][info][gc,heap     ] GC(54) O:      Live:         -               259M (17%)         259M (17%)         259M (17%)    
[2026-04-03T03:28:38.969+0600][43.548s][info][gc,heap     ] GC(54) O:   Garbage:         -               284M (19%)          98M (7%)           28M (2%)     
[2026-04-03T03:28:38.969+0600][43.548s][info][gc,heap     ] GC(54) O: Allocated:         -                64M (4%)           64M (4%)           68M (5%)     
[2026-04-03T03:28:38.969+0600][43.548s][info][gc,heap     ] GC(54) O: Reclaimed:         -                  -               186M (12%)         256M (17%)    
[2026-04-03T03:28:38.969+0600][43.548s][info][gc,heap     ] GC(54) O: Compacted:         -                  -                  -                59M (4%)     
[2026-04-03T03:28:38.969+0600][43.548s][info][gc,phases   ] GC(54) O: Old Generation 624M(42%)->654M(44%) 1.318s
[2026-04-03T03:28:38.969+0600][43.548s][info][gc          ] GC(54) Major Collection (Allocation Rate) 806M(54%)->658M(44%) 1.452s
[2026-04-03T03:28:39.213+0600][43.791s][info][gc          ] GC(57) Minor Collection (Allocation Rate)
[2026-04-03T03:28:39.213+0600][43.791s][info][gc,task     ] GC(57) Using 3 Workers for Young Generation
[2026-04-03T03:28:39.213+0600][43.791s][info][gc,phases   ] GC(57) y: Young Generation
[2026-04-03T03:28:39.213+0600][43.791s][info][gc,phases   ] GC(57) y: Pause Mark Start 0.017ms
[2026-04-03T03:28:39.489+0600][44.067s][info][gc,phases   ] GC(57) y: Concurrent Mark 275.847ms
[2026-04-03T03:28:39.489+0600][44.067s][info][gc,phases   ] GC(57) y: Pause Mark End 0.036ms
[2026-04-03T03:28:39.489+0600][44.068s][info][gc,phases   ] GC(57) y: Concurrent Mark Free 0.004ms
[2026-04-03T03:28:39.489+0600][44.068s][info][gc,phases   ] GC(57) y: Concurrent Reset Relocation Set 0.014ms
[2026-04-03T03:28:39.492+0600][44.070s][info][gc,reloc    ] GC(57) y: Using tenuring threshold: 3 (Computed)
[2026-04-03T03:28:39.510+0600][44.088s][info][gc,phases   ] GC(57) y: Concurrent Select Relocation Set 20.238ms
[2026-04-03T03:28:39.510+0600][44.088s][info][gc,phases   ] GC(57) y: Pause Relocate Start 0.023ms
[2026-04-03T03:28:39.587+0600][44.165s][info][gc,phases   ] GC(57) y: Concurrent Relocate 76.492ms
[2026-04-03T03:28:39.587+0600][44.165s][info][gc,alloc    ] GC(57) y:                         Mark Start        Mark End      Relocate Start    Relocate End   
[2026-04-03T03:28:39.587+0600][44.165s][info][gc,alloc    ] GC(57) y: Allocation Stalls:          0                0                0                0         
[2026-04-03T03:28:39.587+0600][44.165s][info][gc,load     ] GC(57) y: Load: 4.37 (36%) / 4.54 (38%) / 5.03 (42%)
[2026-04-03T03:28:39.587+0600][44.165s][info][gc,mmu      ] GC(57) y: MMU: 2ms/92.1%, 5ms/96.9%, 10ms/98.4%, 20ms/99.2%, 50ms/99.5%, 100ms/99.7%
[2026-04-03T03:28:39.587+0600][44.165s][info][gc,marking  ] GC(57) y: Mark: 2 stripe(s), 10 proactive flush(es), 1 terminate flush(es), 0 completion(s), 0 continuation(s) 
[2026-04-03T03:28:39.587+0600][44.165s][info][gc,marking  ] GC(57) y: Mark Stack Usage: 32M
[2026-04-03T03:28:39.587+0600][44.165s][info][gc,nmethod  ] GC(57) y: NMethods: 6569 registered, 718 unregistered
[2026-04-03T03:28:39.587+0600][44.165s][info][gc,metaspace] GC(57) y: Metaspace: 71M used, 72M committed, 1088M reserved
[2026-04-03T03:28:39.587+0600][44.165s][info][gc,reloc    ] GC(57) y:                        Candidates     Selected     In-Place         Size        Empty    Relocated 
[2026-04-03T03:28:39.587+0600][44.165s][info][gc,reloc    ] GC(57) y: Small Pages:                  192          166            0         384M          12M          27M 
[2026-04-03T03:28:39.587+0600][44.165s][info][gc,reloc    ] GC(57) y: Medium Pages:                   1            0            0          32M           0M           0M 
[2026-04-03T03:28:39.587+0600][44.165s][info][gc,reloc    ] GC(57) y: Large Pages:                    7            0            0          54M          24M           0M 
[2026-04-03T03:28:39.587+0600][44.165s][info][gc,reloc    ] GC(57) y: Forwarding Usage: 33M
[2026-04-03T03:28:39.587+0600][44.165s][info][gc,reloc    ] GC(57) y: Age Table:
[2026-04-03T03:28:39.587+0600][44.165s][info][gc,reloc    ] GC(57) y:                    Live             Garbage             Small              Medium             Large        
[2026-04-03T03:28:39.587+0600][44.165s][info][gc,reloc    ] GC(57) y: Eden              63M (4%)          398M (27%)        188 / 164            1 / 0              7 / 0        
[2026-04-03T03:28:39.587+0600][44.165s][info][gc,reloc    ] GC(57) y: Survivor 1         2M (0%)            3M (0%)           3 / 2              0 / 0              0 / 0        
[2026-04-03T03:28:39.587+0600][44.165s][info][gc,reloc    ] GC(57) y: Survivor 2         0M (0%)            1M (0%)           1 / 0              0 / 0              0 / 0        
[2026-04-03T03:28:39.587+0600][44.165s][info][gc,heap     ] GC(57) y: Min Capacity: 8M(1%)
[2026-04-03T03:28:39.587+0600][44.165s][info][gc,heap     ] GC(57) y: Max Capacity: 1500M(100%)
[2026-04-03T03:28:39.587+0600][44.165s][info][gc,heap     ] GC(57) y: Soft Max Capacity: 1500M(100%)
[2026-04-03T03:28:39.587+0600][44.165s][info][gc,heap     ] GC(57) y: Heap Statistics:
[2026-04-03T03:28:39.587+0600][44.165s][info][gc,heap     ] GC(57) y:                Mark Start          Mark End        Relocate Start      Relocate End           High               Low         
[2026-04-03T03:28:39.587+0600][44.165s][info][gc,heap     ] GC(57) y:  Capacity:     1500M (100%)       1500M (100%)       1500M (100%)       1500M (100%)       1500M (100%)       1500M (100%)   
[2026-04-03T03:28:39.587+0600][44.165s][info][gc,heap     ] GC(57) y:      Free:      674M (45%)         374M (25%)         396M (26%)         694M (46%)         694M (46%)         372M (25%)    
[2026-04-03T03:28:39.587+0600][44.165s][info][gc,heap     ] GC(57) y:      Used:      826M (55%)        1126M (75%)        1104M (74%)         806M (54%)        1128M (75%)         806M (54%)    
[2026-04-03T03:28:39.587+0600][44.165s][info][gc,heap     ] GC(57) y: Young Generation Statistics:
[2026-04-03T03:28:39.587+0600][44.165s][info][gc,heap     ] GC(57) y:                Mark Start          Mark End        Relocate Start      Relocate End    
[2026-04-03T03:28:39.587+0600][44.165s][info][gc,heap     ] GC(57) y:      Used:      470M (31%)         770M (51%)         748M (50%)         450M (30%)    
[2026-04-03T03:28:39.587+0600][44.165s][info][gc,heap     ] GC(57) y:      Live:         -                65M (4%)           65M (4%)           65M (4%)     
[2026-04-03T03:28:39.587+0600][44.165s][info][gc,heap     ] GC(57) y:   Garbage:         -               404M (27%)         368M (25%)          31M (2%)     
[2026-04-03T03:28:39.587+0600][44.165s][info][gc,heap     ] GC(57) y: Allocated:         -               300M (20%)         314M (21%)         352M (24%)    
[2026-04-03T03:28:39.587+0600][44.165s][info][gc,heap     ] GC(57) y: Reclaimed:         -                  -                36M (2%)          372M (25%)    
[2026-04-03T03:28:39.587+0600][44.165s][info][gc,heap     ] GC(57) y:  Promoted:         -                  -                 0M (0%)            0M (0%)     
[2026-04-03T03:28:39.587+0600][44.165s][info][gc,heap     ] GC(57) y: Compacted:         -                  -                  -                33M (2%)     
[2026-04-03T03:28:39.587+0600][44.165s][info][gc,phases   ] GC(57) y: Young Generation 826M(55%)->806M(54%) 0.374s
[2026-04-03T03:28:39.587+0600][44.166s][info][gc          ] GC(57) Minor Collection (Allocation Rate) 826M(55%)->808M(54%) 0.375s
[2026-04-03T03:28:39.587+0600][44.166s][info][gc          ] GC(58) Minor Collection (Allocation Rate)
[2026-04-03T03:28:39.587+0600][44.166s][info][gc,task     ] GC(58) Using 3 Workers for Young Generation
[2026-04-03T03:28:39.587+0600][44.166s][info][gc,phases   ] GC(58) y: Young Generation
[2026-04-03T03:28:39.588+0600][44.166s][info][gc,phases   ] GC(58) y: Pause Mark Start 0.122ms
[2026-04-03T03:28:39.950+0600][44.529s][info][gc,phases   ] GC(58) y: Concurrent Mark 362.280ms
[2026-04-03T03:28:39.951+0600][44.529s][info][gc,phases   ] GC(58) y: Pause Mark End 0.064ms
[2026-04-03T03:28:39.951+0600][44.529s][info][gc,phases   ] GC(58) y: Concurrent Mark Free 0.004ms
[2026-04-03T03:28:39.951+0600][44.529s][info][gc,phases   ] GC(58) y: Concurrent Reset Relocation Set 0.029ms
[2026-04-03T03:28:39.953+0600][44.531s][info][gc,reloc    ] GC(58) y: Using tenuring threshold: 4 (Computed)
[2026-04-03T03:28:39.968+0600][44.547s][info][gc,phases   ] GC(58) y: Concurrent Select Relocation Set 17.694ms
[2026-04-03T03:28:39.969+0600][44.547s][info][gc,phases   ] GC(58) y: Pause Relocate Start 0.061ms
[2026-04-03T03:28:40.078+0600][44.657s][info][gc,phases   ] GC(58) y: Concurrent Relocate 109.369ms
[2026-04-03T03:28:40.079+0600][44.657s][info][gc,alloc    ] GC(58) y:                         Mark Start        Mark End      Relocate Start    Relocate End   
[2026-04-03T03:28:40.079+0600][44.657s][info][gc,alloc    ] GC(58) y: Allocation Stalls:          0                0                0                0         
[2026-04-03T03:28:40.079+0600][44.657s][info][gc,load     ] GC(58) y: Load: 4.37 (36%) / 4.54 (38%) / 5.03 (42%)
[2026-04-03T03:28:40.079+0600][44.657s][info][gc,mmu      ] GC(58) y: MMU: 2ms/92.1%, 5ms/96.9%, 10ms/98.4%, 20ms/99.2%, 50ms/99.5%, 100ms/99.7%
[2026-04-03T03:28:40.079+0600][44.657s][info][gc,marking  ] GC(58) y: Mark: 2 stripe(s), 10 proactive flush(es), 1 terminate flush(es), 0 completion(s), 0 continuation(s) 
[2026-04-03T03:28:40.079+0600][44.657s][info][gc,marking  ] GC(58) y: Mark Stack Usage: 32M
[2026-04-03T03:28:40.079+0600][44.657s][info][gc,nmethod  ] GC(58) y: NMethods: 6572 registered, 718 unregistered
[2026-04-03T03:28:40.079+0600][44.657s][info][gc,metaspace] GC(58) y: Metaspace: 71M used, 72M committed, 1088M reserved
[2026-04-03T03:28:40.079+0600][44.657s][info][gc,reloc    ] GC(58) y:                        Candidates     Selected     In-Place         Size        Empty    Relocated 
[2026-04-03T03:28:40.079+0600][44.657s][info][gc,reloc    ] GC(58) y: Small Pages:                  155           83            0         310M           0M          40M 
[2026-04-03T03:28:40.079+0600][44.657s][info][gc,reloc    ] GC(58) y: Medium Pages:                   2            0            0          64M          64M           0M 
[2026-04-03T03:28:40.079+0600][44.657s][info][gc,reloc    ] GC(58) y: Large Pages:                    9            0            0          78M          18M           0M 
[2026-04-03T03:28:40.079+0600][44.657s][info][gc,reloc    ] GC(58) y: Forwarding Usage: 53M
[2026-04-03T03:28:40.079+0600][44.657s][info][gc,reloc    ] GC(58) y: Age Table:
[2026-04-03T03:28:40.079+0600][44.657s][info][gc,reloc    ] GC(58) y:                    Live             Garbage             Small              Medium             Large        
[2026-04-03T03:28:40.079+0600][44.657s][info][gc,reloc    ] GC(58) y: Eden             119M (8%)          224M (15%)        132 / 77             1 / 0              6 / 0        
[2026-04-03T03:28:40.079+0600][44.657s][info][gc,reloc    ] GC(58) y: Survivor 1        62M (4%)           39M (3%)          20 / 4              1 / 0              3 / 0        
[2026-04-03T03:28:40.079+0600][44.657s][info][gc,reloc    ] GC(58) y: Survivor 2         2M (0%)            1M (0%)           2 / 1              0 / 0              0 / 0        
[2026-04-03T03:28:40.079+0600][44.657s][info][gc,reloc    ] GC(58) y: Survivor 3         0M (0%)            1M (0%)           1 / 1              0 / 0              0 / 0        
[2026-04-03T03:28:40.079+0600][44.657s][info][gc,heap     ] GC(58) y: Min Capacity: 8M(1%)
[2026-04-03T03:28:40.079+0600][44.657s][info][gc,heap     ] GC(58) y: Max Capacity: 1500M(100%)
[2026-04-03T03:28:40.079+0600][44.657s][info][gc,heap     ] GC(58) y: Soft Max Capacity: 1500M(100%)
[2026-04-03T03:28:40.079+0600][44.657s][info][gc,heap     ] GC(58) y: Heap Statistics:
[2026-04-03T03:28:40.079+0600][44.657s][info][gc,heap     ] GC(58) y:                Mark Start          Mark End        Relocate Start      Relocate End           High               Low         
[2026-04-03T03:28:40.079+0600][44.657s][info][gc,heap     ] GC(58) y:  Capacity:     1500M (100%)       1500M (100%)       1500M (100%)       1500M (100%)       1500M (100%)       1500M (100%)   
[2026-04-03T03:28:40.079+0600][44.657s][info][gc,heap     ] GC(58) y:      Free:      692M (46%)         308M (21%)         376M (25%)         460M (31%)         692M (46%)         306M (20%)    
[2026-04-03T03:28:40.079+0600][44.657s][info][gc,heap     ] GC(58) y:      Used:      808M (54%)        1192M (79%)        1124M (75%)        1040M (69%)        1194M (80%)         808M (54%)    
[2026-04-03T03:28:40.079+0600][44.657s][info][gc,heap     ] GC(58) y: Young Generation Statistics:
[2026-04-03T03:28:40.079+0600][44.657s][info][gc,heap     ] GC(58) y:                Mark Start          Mark End        Relocate Start      Relocate End    
[2026-04-03T03:28:40.079+0600][44.657s][info][gc,heap     ] GC(58) y:      Used:      452M (30%)         836M (56%)         768M (51%)         684M (46%)    
[2026-04-03T03:28:40.079+0600][44.657s][info][gc,heap     ] GC(58) y:      Live:         -               183M (12%)         183M (12%)         183M (12%)    
[2026-04-03T03:28:40.079+0600][44.657s][info][gc,heap     ] GC(58) y:   Garbage:         -               268M (18%)         186M (12%)           0M (0%)     
[2026-04-03T03:28:40.079+0600][44.657s][info][gc,heap     ] GC(58) y: Allocated:         -               384M (26%)         398M (27%)         499M (33%)    
[2026-04-03T03:28:40.079+0600][44.657s][info][gc,heap     ] GC(58) y: Reclaimed:         -                  -                82M (5%)          267M (18%)    
[2026-04-03T03:28:40.079+0600][44.657s][info][gc,heap     ] GC(58) y:  Promoted:         -                  -                 0M (0%)            0M (0%)     
[2026-04-03T03:28:40.079+0600][44.657s][info][gc,heap     ] GC(58) y: Compacted:         -                  -                  -                94M (6%)     
[2026-04-03T03:28:40.079+0600][44.657s][info][gc,phases   ] GC(58) y: Young Generation 808M(54%)->1040M(69%) 0.491s
[2026-04-03T03:28:40.079+0600][44.657s][info][gc          ] GC(58) Minor Collection (Allocation Rate) 808M(54%)->1040M(69%) 0.492s
[2026-04-03T03:28:40.079+0600][44.658s][info][gc          ] GC(59) Major Collection (Allocation Rate)
[2026-04-03T03:28:40.079+0600][44.658s][info][gc,task     ] GC(59) Using 3 Workers for Young Generation
[2026-04-03T03:28:40.079+0600][44.658s][info][gc,task     ] GC(59) Using 2 Workers for Old Generation
[2026-04-03T03:28:40.079+0600][44.658s][info][gc,phases   ] GC(59) Y: Young Generation
[2026-04-03T03:28:40.080+0600][44.658s][info][gc,phases   ] GC(59) Y: Pause Mark Start (Major) 0.086ms
[2026-04-03T03:28:40.633+0600][45.212s][info][gc,phases   ] GC(59) Y: Concurrent Mark 553.616ms
[2026-04-03T03:28:40.634+0600][45.212s][info][gc,phases   ] GC(59) Y: Pause Mark End 0.028ms
[2026-04-03T03:28:40.634+0600][45.212s][info][gc,phases   ] GC(59) Y: Concurrent Mark Free 0.002ms
[2026-04-03T03:28:40.634+0600][45.212s][info][gc,phases   ] GC(59) Y: Concurrent Reset Relocation Set 0.022ms
[2026-04-03T03:28:40.636+0600][45.214s][info][gc,reloc    ] GC(59) Y: Using tenuring threshold: 1 (Computed)
[2026-04-03T03:28:40.703+0600][45.281s][info][gc,phases   ] GC(59) Y: Concurrent Select Relocation Set 68.979ms
[2026-04-03T03:28:40.703+0600][45.282s][info][gc,phases   ] GC(59) Y: Pause Relocate Start 0.065ms
[2026-04-03T03:28:40.914+0600][45.492s][info][gc,phases   ] GC(59) Y: Concurrent Relocate 210.208ms
[2026-04-03T03:28:40.914+0600][45.492s][info][gc,alloc    ] GC(59) Y:                         Mark Start        Mark End      Relocate Start    Relocate End   
[2026-04-03T03:28:40.914+0600][45.492s][info][gc,alloc    ] GC(59) Y: Allocation Stalls:          0                0                0                0         
[2026-04-03T03:28:40.914+0600][45.492s][info][gc,load     ] GC(59) Y: Load: 4.50 (38%) / 4.57 (38%) / 5.04 (42%)
[2026-04-03T03:28:40.914+0600][45.492s][info][gc,mmu      ] GC(59) Y: MMU: 2ms/92.1%, 5ms/96.9%, 10ms/98.4%, 20ms/99.2%, 50ms/99.5%, 100ms/99.7%
[2026-04-03T03:28:40.914+0600][45.492s][info][gc,marking  ] GC(59) Y: Mark: 2 stripe(s), 10 proactive flush(es), 1 terminate flush(es), 0 completion(s), 0 continuation(s) 
[2026-04-03T03:28:40.914+0600][45.492s][info][gc,marking  ] GC(59) Y: Mark Stack Usage: 32M
[2026-04-03T03:28:40.914+0600][45.492s][info][gc,nmethod  ] GC(59) Y: NMethods: 6577 registered, 718 unregistered
[2026-04-03T03:28:40.914+0600][45.492s][info][gc,metaspace] GC(59) Y: Metaspace: 71M used, 72M committed, 1088M reserved
[2026-04-03T03:28:40.914+0600][45.492s][info][gc,reloc    ] GC(59) Y:                        Candidates     Selected     In-Place         Size        Empty    Relocated 
[2026-04-03T03:28:40.914+0600][45.492s][info][gc,reloc    ] GC(59) Y: Small Pages:                  287          215            0         574M           0M          37M 
[2026-04-03T03:28:40.914+0600][45.492s][info][gc,reloc    ] GC(59) Y: Medium Pages:                   1            0            0          32M          32M           0M 
[2026-04-03T03:28:40.914+0600][45.492s][info][gc,reloc    ] GC(59) Y: Large Pages:                    9            0            0          78M          30M           0M 
[2026-04-03T03:28:40.914+0600][45.492s][info][gc,reloc    ] GC(59) Y: Forwarding Usage: 40M
[2026-04-03T03:28:40.914+0600][45.492s][info][gc,reloc    ] GC(59) Y: Age Table:
[2026-04-03T03:28:40.914+0600][45.492s][info][gc,reloc    ] GC(59) Y:                    Live             Garbage             Small              Medium             Large        
[2026-04-03T03:28:40.914+0600][45.492s][info][gc,reloc    ] GC(59) Y: Eden              53M (4%)          424M (28%)        214 / 193            1 / 0              3 / 0        
[2026-04-03T03:28:40.914+0600][45.492s][info][gc,reloc    ] GC(59) Y: Survivor 1       119M (8%)            8M (1%)          49 / 4              0 / 0              3 / 0        
[2026-04-03T03:28:40.914+0600][45.492s][info][gc,reloc    ] GC(59) Y: Survivor 2         8M (1%)           63M (4%)          21 / 16             0 / 0              3 / 0        
[2026-04-03T03:28:40.914+0600][45.492s][info][gc,reloc    ] GC(59) Y: Survivor 3         2M (0%)            1M (0%)           2 / 1              0 / 0              0 / 0        
[2026-04-03T03:28:40.914+0600][45.492s][info][gc,reloc    ] GC(59) Y: Survivor 4         0M (0%)            1M (0%)           1 / 1              0 / 0              0 / 0        
[2026-04-03T03:28:40.914+0600][45.492s][info][gc,heap     ] GC(59) Y: Min Capacity: 8M(1%)
[2026-04-03T03:28:40.914+0600][45.493s][info][gc,heap     ] GC(59) Y: Max Capacity: 1500M(100%)
[2026-04-03T03:28:40.914+0600][45.493s][info][gc,heap     ] GC(59) Y: Soft Max Capacity: 1500M(100%)
[2026-04-03T03:28:40.914+0600][45.493s][info][gc,heap     ] GC(59) Y: Heap Statistics:
[2026-04-03T03:28:40.914+0600][45.493s][info][gc,heap     ] GC(59) Y:                Mark Start          Mark End        Relocate Start      Relocate End           High               Low         
[2026-04-03T03:28:40.914+0600][45.493s][info][gc,heap     ] GC(59) Y:  Capacity:     1500M (100%)       1500M (100%)       1500M (100%)       1500M (100%)       1500M (100%)       1500M (100%)   
[2026-04-03T03:28:40.914+0600][45.493s][info][gc,heap     ] GC(59) Y:      Free:      460M (31%)          68M (5%)           92M (6%)          404M (27%)         476M (32%)          68M (5%)     
[2026-04-03T03:28:40.914+0600][45.493s][info][gc,heap     ] GC(59) Y:      Used:     1040M (69%)        1432M (95%)        1408M (94%)        1096M (73%)        1432M (95%)        1024M (68%)    
[2026-04-03T03:28:40.914+0600][45.493s][info][gc,heap     ] GC(59) Y: Young Generation Statistics:
[2026-04-03T03:28:40.914+0600][45.493s][info][gc,heap     ] GC(59) Y:                Mark Start          Mark End        Relocate Start      Relocate End    
[2026-04-03T03:28:40.914+0600][45.493s][info][gc,heap     ] GC(59) Y:      Used:      684M (46%)        1076M (72%)         930M (62%)         600M (40%)    
[2026-04-03T03:28:40.914+0600][45.493s][info][gc,heap     ] GC(59) Y:      Live:         -               183M (12%)          63M (4%)           53M (4%)     
[2026-04-03T03:28:40.914+0600][45.493s][info][gc,heap     ] GC(59) Y:   Garbage:         -               500M (33%)         436M (29%)           0M (0%)     
[2026-04-03T03:28:40.914+0600][45.493s][info][gc,heap     ] GC(59) Y: Allocated:         -               392M (26%)         430M (29%)         546M (36%)    
[2026-04-03T03:28:40.914+0600][45.493s][info][gc,heap     ] GC(59) Y: Reclaimed:         -                  -                63M (4%)          500M (33%)    
[2026-04-03T03:28:40.914+0600][45.493s][info][gc,heap     ] GC(59) Y:  Promoted:         -                  -               120M (8%)          130M (9%)     
[2026-04-03T03:28:40.914+0600][45.493s][info][gc,heap     ] GC(59) Y: Compacted:         -                  -                  -                35M (2%)     
[2026-04-03T03:28:40.914+0600][45.493s][info][gc,phases   ] GC(59) Y: Young Generation 1040M(69%)->1096M(73%) 0.835s
[2026-04-03T03:28:40.914+0600][45.493s][info][gc,phases   ] GC(59) O: Old Generation
[2026-04-03T03:28:40.922+0600][45.500s][info][gc          ] GC(60) Minor Collection (Allocation Rate)
[2026-04-03T03:28:40.922+0600][45.501s][info][gc,task     ] GC(60) Using 1 Workers for Young Generation
[2026-04-03T03:28:40.922+0600][45.501s][info][gc,phases   ] GC(60) y: Young Generation
[2026-04-03T03:28:40.923+0600][45.501s][info][gc,phases   ] GC(60) y: Pause Mark Start 0.027ms
[2026-04-03T03:28:41.402+0600][45.980s][info][gc,phases   ] GC(59) O: Concurrent Mark 487.442ms
[2026-04-03T03:28:41.402+0600][45.981s][info][gc,phases   ] GC(59) O: Pause Mark End 0.050ms
[2026-04-03T03:28:41.403+0600][45.981s][info][gc,phases   ] GC(59) O: Concurrent Mark Free 0.004ms
[2026-04-03T03:28:41.421+0600][45.999s][info][gc,phases   ] GC(59) O: Concurrent Process Non-Strong 18.411ms
[2026-04-03T03:28:41.421+0600][45.999s][info][gc,phases   ] GC(59) O: Concurrent Reset Relocation Set 0.024ms
[2026-04-03T03:28:41.431+0600][46.010s][info][gc,phases   ] GC(59) O: Concurrent Select Relocation Set 10.026ms
[2026-04-03T03:28:41.637+0600][46.215s][info][gc,task     ] Adjusting Workers for Old Generation: 2 -> 3
[2026-04-03T03:28:41.637+0600][46.215s][info][gc,task     ] Adjusting Workers for Young Generation: 1 -> 3
[2026-04-03T03:28:41.810+0600][46.388s][info][gc,phases   ] GC(60) y: Concurrent Mark 887.531ms
[2026-04-03T03:28:41.810+0600][46.389s][info][gc,phases   ] GC(60) y: Pause Mark End 0.020ms
[2026-04-03T03:28:41.810+0600][46.389s][info][gc,phases   ] GC(60) y: Concurrent Mark Free 0.002ms
[2026-04-03T03:28:41.811+0600][46.389s][info][gc,phases   ] GC(60) y: Concurrent Reset Relocation Set 0.080ms
[2026-04-03T03:28:41.812+0600][46.390s][info][gc,reloc    ] GC(60) y: Using tenuring threshold: 2 (Computed)
[2026-04-03T03:28:41.815+0600][46.393s][info][gc,phases   ] GC(60) y: Concurrent Select Relocation Set 4.248ms
[2026-04-03T03:28:41.815+0600][46.393s][info][gc,phases   ] GC(60) y: Pause Relocate Start 0.013ms
[2026-04-03T03:28:41.815+0600][46.393s][info][gc          ] Allocation Stall (Executor task launch worker for task 2.0 in stage 15.0 (TID 26)) 187.474ms
[2026-04-03T03:28:41.815+0600][46.393s][info][gc          ] Allocation Stall (Executor task launch worker for task 0.0 in stage 15.0 (TID 24)) 108.661ms
[2026-04-03T03:28:41.815+0600][46.394s][info][gc          ] Allocation Stall (Executor task launch worker for task 1.0 in stage 15.0 (TID 25)) 81.807ms
[2026-04-03T03:28:41.868+0600][46.446s][info][gc,phases   ] GC(60) y: Concurrent Relocate 53.153ms
[2026-04-03T03:28:41.868+0600][46.447s][info][gc,alloc    ] GC(60) y:                         Mark Start        Mark End      Relocate Start    Relocate End   
[2026-04-03T03:28:41.868+0600][46.447s][info][gc,alloc    ] GC(60) y: Allocation Stalls:          0                3                3                0         
[2026-04-03T03:28:41.868+0600][46.447s][info][gc,load     ] GC(60) y: Load: 4.50 (38%) / 4.57 (38%) / 5.04 (42%)
[2026-04-03T03:28:41.868+0600][46.447s][info][gc,mmu      ] GC(60) y: MMU: 2ms/92.1%, 5ms/96.9%, 10ms/98.4%, 20ms/99.2%, 50ms/99.5%, 100ms/99.7%
[2026-04-03T03:28:41.868+0600][46.447s][info][gc,marking  ] GC(60) y: Mark: 1 stripe(s), 10 proactive flush(es), 1 terminate flush(es), 0 completion(s), 0 continuation(s) 
[2026-04-03T03:28:41.868+0600][46.447s][info][gc,marking  ] GC(60) y: Mark Stack Usage: 32M
[2026-04-03T03:28:41.868+0600][46.447s][info][gc,nmethod  ] GC(60) y: NMethods: 6567 registered, 732 unregistered
[2026-04-03T03:28:41.868+0600][46.447s][info][gc,metaspace] GC(60) y: Metaspace: 71M used, 72M committed, 1088M reserved
[2026-04-03T03:28:41.868+0600][46.447s][info][gc,reloc    ] GC(60) y:                        Candidates     Selected     In-Place         Size        Empty    Relocated 
[2026-04-03T03:28:41.868+0600][46.447s][info][gc,reloc    ] GC(60) y: Small Pages:                  278          237            2         556M          10M          29M 
[2026-04-03T03:28:41.868+0600][46.447s][info][gc,reloc    ] GC(60) y: Medium Pages:                   0            0            0           0M           0M           0M 
[2026-04-03T03:28:41.868+0600][46.447s][info][gc,reloc    ] GC(60) y: Large Pages:                    6            0            0          48M          18M           0M 
[2026-04-03T03:28:41.869+0600][46.447s][info][gc,reloc    ] GC(60) y: Forwarding Usage: 30M
[2026-04-03T03:28:41.869+0600][46.447s][info][gc,reloc    ] GC(60) y: Age Table:
[2026-04-03T03:28:41.869+0600][46.447s][info][gc,reloc    ] GC(60) y:                    Live             Garbage             Small              Medium             Large        
[2026-04-03T03:28:41.869+0600][46.447s][info][gc,reloc    ] GC(60) y: Eden              60M (4%)          481M (32%)        256 / 233            0 / 0              3 / 0        
[2026-04-03T03:28:41.869+0600][46.447s][info][gc,reloc    ] GC(60) y: Survivor 1        30M (2%)           31M (2%)          22 / 4              0 / 0              3 / 0        
[2026-04-03T03:28:41.869+0600][46.447s][info][gc,heap     ] GC(60) y: Min Capacity: 8M(1%)
[2026-04-03T03:28:41.869+0600][46.447s][info][gc,heap     ] GC(60) y: Max Capacity: 1500M(100%)
[2026-04-03T03:28:41.869+0600][46.447s][info][gc,heap     ] GC(60) y: Soft Max Capacity: 1500M(100%)
[2026-04-03T03:28:41.869+0600][46.447s][info][gc,heap     ] GC(60) y: Heap Statistics:
[2026-04-03T03:28:41.869+0600][46.447s][info][gc,heap     ] GC(60) y:                Mark Start          Mark End        Relocate Start      Relocate End           High               Low         
[2026-04-03T03:28:41.869+0600][46.447s][info][gc,heap     ] GC(60) y:  Capacity:     1500M (100%)       1500M (100%)       1500M (100%)       1500M (100%)       1500M (100%)       1500M (100%)   
[2026-04-03T03:28:41.869+0600][46.447s][info][gc,heap     ] GC(60) y:      Free:      400M (27%)           0M (0%)           28M (2%)          428M (29%)         428M (29%)           0M (0%)     
[2026-04-03T03:28:41.869+0600][46.447s][info][gc,heap     ] GC(60) y:      Used:     1100M (73%)        1500M (100%)       1472M (98%)        1072M (71%)        1500M (100%)       1072M (71%)    
[2026-04-03T03:28:41.869+0600][46.447s][info][gc,heap     ] GC(60) y: Young Generation Statistics:
[2026-04-03T03:28:41.869+0600][46.447s][info][gc,heap     ] GC(60) y:                Mark Start          Mark End        Relocate Start      Relocate End    
[2026-04-03T03:28:41.869+0600][46.447s][info][gc,heap     ] GC(60) y:      Used:      604M (40%)        1126M (75%)        1098M (73%)         698M (47%)    
[2026-04-03T03:28:41.869+0600][46.447s][info][gc,heap     ] GC(60) y:      Live:         -                90M (6%)           90M (6%)           90M (6%)     
[2026-04-03T03:28:41.869+0600][46.447s][info][gc,heap     ] GC(60) y:   Garbage:         -               513M (34%)         485M (32%)           6M (0%)     
[2026-04-03T03:28:41.869+0600][46.447s][info][gc,heap     ] GC(60) y: Allocated:         -               522M (35%)         522M (35%)         600M (40%)    
[2026-04-03T03:28:41.869+0600][46.447s][info][gc,heap     ] GC(60) y: Reclaimed:         -                  -                28M (2%)          506M (34%)    
[2026-04-03T03:28:41.869+0600][46.447s][info][gc,heap     ] GC(60) y:  Promoted:         -                  -                 0M (0%)            0M (0%)     
[2026-04-03T03:28:41.869+0600][46.447s][info][gc,heap     ] GC(60) y: Compacted:         -                  -                  -                31M (2%)     
[2026-04-03T03:28:41.869+0600][46.447s][info][gc,phases   ] GC(60) y: Young Generation 1100M(73%)->1072M(71%) 0.946s
[2026-04-03T03:28:41.869+0600][46.447s][info][gc          ] GC(60) Minor Collection (Allocation Rate) 1100M(73%)->1072M(71%) 0.947s
[2026-04-03T03:28:41.869+0600][46.448s][info][gc,task     ] Adjusting Workers for Old Generation: 2 -> 1
[2026-04-03T03:28:41.869+0600][46.448s][info][gc,task     ] GC(59) O: Using 3 Workers for Old Generation
[2026-04-03T03:28:41.902+0600][46.480s][info][gc,task     ] GC(59) O: Using 2 Workers for Old Generation
[2026-04-03T03:28:41.902+0600][46.480s][info][gc,phases   ] GC(59) O: Concurrent Remap Roots 32.754ms
[2026-04-03T03:28:41.902+0600][46.481s][info][gc,phases   ] GC(59) O: Pause Relocate Start 0.100ms
[2026-04-03T03:28:41.903+0600][46.481s][info][gc          ] GC(61) Minor Collection (Allocation Rate)
[2026-04-03T03:28:41.903+0600][46.481s][info][gc,task     ] GC(61) Using 2 Workers for Young Generation
[2026-04-03T03:28:41.903+0600][46.481s][info][gc,phases   ] GC(61) y: Young Generation
[2026-04-03T03:28:41.903+0600][46.482s][info][gc,phases   ] GC(61) y: Pause Mark Start 0.089ms
[2026-04-03T03:28:41.912+0600][46.491s][info][gc,phases   ] GC(59) O: Concurrent Relocate 9.661ms
[2026-04-03T03:28:41.913+0600][46.491s][info][gc,task     ] Adjusting Workers for Young Generation: 2 -> 3
[2026-04-03T03:28:42.452+0600][47.030s][info][gc,phases   ] GC(61) y: Concurrent Mark 547.947ms
[2026-04-03T03:28:42.452+0600][47.030s][info][gc,phases   ] GC(61) y: Pause Mark End 0.043ms
[2026-04-03T03:28:42.452+0600][47.031s][info][gc,phases   ] GC(61) y: Concurrent Mark Free 0.002ms
[2026-04-03T03:28:42.452+0600][47.031s][info][gc,phases   ] GC(61) y: Concurrent Reset Relocation Set 0.035ms
[2026-04-03T03:28:42.455+0600][47.033s][info][gc,reloc    ] GC(61) y: Using tenuring threshold: 2 (Computed)
[2026-04-03T03:28:42.476+0600][47.054s][info][gc,phases   ] GC(61) y: Concurrent Select Relocation Set 23.219ms
[2026-04-03T03:28:42.476+0600][47.054s][info][gc,phases   ] GC(61) y: Pause Relocate Start 0.032ms
[2026-04-03T03:28:42.565+0600][47.143s][info][gc,phases   ] GC(61) y: Concurrent Relocate 88.993ms
[2026-04-03T03:28:42.565+0600][47.144s][info][gc,alloc    ] GC(61) y:                         Mark Start        Mark End      Relocate Start    Relocate End   
[2026-04-03T03:28:42.565+0600][47.144s][info][gc,alloc    ] GC(61) y: Allocation Stalls:          0                0                0                0         
[2026-04-03T03:28:42.565+0600][47.144s][info][gc,load     ] GC(61) y: Load: 4.50 (38%) / 4.57 (38%) / 5.04 (42%)
[2026-04-03T03:28:42.565+0600][47.144s][info][gc,mmu      ] GC(61) y: MMU: 2ms/90.6%, 5ms/96.2%, 10ms/98.1%, 20ms/99.1%, 50ms/99.5%, 100ms/99.7%
[2026-04-03T03:28:42.565+0600][47.144s][info][gc,marking  ] GC(61) y: Mark: 2 stripe(s), 2 proactive flush(es), 1 terminate flush(es), 0 completion(s), 0 continuation(s) 
[2026-04-03T03:28:42.565+0600][47.144s][info][gc,marking  ] GC(61) y: Mark Stack Usage: 32M
[2026-04-03T03:28:42.565+0600][47.144s][info][gc,nmethod  ] GC(61) y: NMethods: 6567 registered, 732 unregistered
[2026-04-03T03:28:42.565+0600][47.144s][info][gc,metaspace] GC(61) y: Metaspace: 71M used, 72M committed, 1088M reserved
[2026-04-03T03:28:42.565+0600][47.144s][info][gc,reloc    ] GC(61) y:                        Candidates     Selected     In-Place         Size        Empty    Relocated 
[2026-04-03T03:28:42.565+0600][47.144s][info][gc,reloc    ] GC(61) y: Small Pages:                  308          253            0         616M          18M          25M 
[2026-04-03T03:28:42.565+0600][47.144s][info][gc,reloc    ] GC(61) y: Medium Pages:                   1            0            0          32M           0M           0M 
[2026-04-03T03:28:42.565+0600][47.144s][info][gc,reloc    ] GC(61) y: Large Pages:                    5            0            0          66M          20M           0M 
[2026-04-03T03:28:42.565+0600][47.144s][info][gc,reloc    ] GC(61) y: Forwarding Usage: 27M
[2026-04-03T03:28:42.565+0600][47.144s][info][gc,reloc    ] GC(61) y: Age Table:
[2026-04-03T03:28:42.565+0600][47.144s][info][gc,reloc    ] GC(61) y:                    Live             Garbage             Small              Medium             Large        
[2026-04-03T03:28:42.565+0600][47.144s][info][gc,reloc    ] GC(61) y: Eden              59M (4%)          544M (36%)        268 / 245            1 / 0              2 / 0        
[2026-04-03T03:28:42.565+0600][47.144s][info][gc,reloc    ] GC(61) y: Survivor 1        34M (2%)           33M (2%)          19 / 4              0 / 0              3 / 0        
[2026-04-03T03:28:42.565+0600][47.144s][info][gc,reloc    ] GC(61) y: Survivor 2        29M (2%)           12M (1%)          21 / 4              0 / 0              0 / 0        
[2026-04-03T03:28:42.565+0600][47.144s][info][gc,heap     ] GC(61) y: Min Capacity: 8M(1%)
[2026-04-03T03:28:42.565+0600][47.144s][info][gc,heap     ] GC(61) y: Max Capacity: 1500M(100%)
[2026-04-03T03:28:42.565+0600][47.144s][info][gc,heap     ] GC(61) y: Soft Max Capacity: 1500M(100%)
[2026-04-03T03:28:42.565+0600][47.144s][info][gc,heap     ] GC(61) y: Heap Statistics:
[2026-04-03T03:28:42.565+0600][47.144s][info][gc,heap     ] GC(61) y:                Mark Start          Mark End        Relocate Start      Relocate End           High               Low         
[2026-04-03T03:28:42.566+0600][47.144s][info][gc,heap     ] GC(61) y:  Capacity:     1500M (100%)       1500M (100%)       1500M (100%)       1500M (100%)       1500M (100%)       1500M (100%)   
[2026-04-03T03:28:42.566+0600][47.144s][info][gc,heap     ] GC(61) y:      Free:      406M (27%)         216M (14%)         248M (17%)         712M (47%)         718M (48%)         216M (14%)    
[2026-04-03T03:28:42.566+0600][47.144s][info][gc,heap     ] GC(61) y:      Used:     1094M (73%)        1284M (86%)        1252M (83%)         788M (53%)        1284M (86%)         782M (52%)    
[2026-04-03T03:28:42.566+0600][47.144s][info][gc,heap     ] GC(61) y: Young Generation Statistics:
[2026-04-03T03:28:42.566+0600][47.144s][info][gc,heap     ] GC(61) y:                Mark Start          Mark End        Relocate Start      Relocate End    
[2026-04-03T03:28:42.566+0600][47.144s][info][gc,heap     ] GC(61) y:      Used:      714M (48%)         932M (62%)         866M (58%)         396M (26%)    
[2026-04-03T03:28:42.566+0600][47.144s][info][gc,heap     ] GC(61) y:      Live:         -               123M (8%)           95M (6%)           93M (6%)     
[2026-04-03T03:28:42.566+0600][47.144s][info][gc,heap     ] GC(61) y:   Garbage:         -               590M (39%)         546M (36%)          36M (2%)     
[2026-04-03T03:28:42.566+0600][47.144s][info][gc,heap     ] GC(61) y: Allocated:         -               218M (15%)         224M (15%)         265M (18%)    
[2026-04-03T03:28:42.566+0600][47.144s][info][gc,heap     ] GC(61) y: Reclaimed:         -                  -                44M (3%)          554M (37%)    
[2026-04-03T03:28:42.566+0600][47.144s][info][gc,heap     ] GC(61) y:  Promoted:         -                  -                27M (2%)           29M (2%)     
[2026-04-03T03:28:42.566+0600][47.144s][info][gc,heap     ] GC(61) y: Compacted:         -                  -                  -                26M (2%)     
[2026-04-03T03:28:42.566+0600][47.144s][info][gc,phases   ] GC(61) y: Young Generation 1094M(73%)->788M(53%) 0.662s
[2026-04-03T03:28:42.566+0600][47.144s][info][gc          ] GC(61) Minor Collection (Allocation Rate) 1092M(73%)->788M(53%) 0.663s
[2026-04-03T03:28:42.566+0600][47.144s][info][gc,alloc    ] GC(59) O:                         Mark Start        Mark End      Relocate Start    Relocate End   
[2026-04-03T03:28:42.566+0600][47.144s][info][gc,alloc    ] GC(59) O: Allocation Stalls:          0                0                0                0         
[2026-04-03T03:28:42.566+0600][47.144s][info][gc,load     ] GC(59) O: Load: 4.50 (38%) / 4.57 (38%) / 5.04 (42%)
[2026-04-03T03:28:42.566+0600][47.144s][info][gc,mmu      ] GC(59) O: MMU: 2ms/90.6%, 5ms/96.2%, 10ms/98.1%, 20ms/99.1%, 50ms/99.5%, 100ms/99.7%
[2026-04-03T03:28:42.566+0600][47.144s][info][gc,marking  ] GC(59) O: Mark: 2 stripe(s), 3 proactive flush(es), 1 terminate flush(es), 0 completion(s), 0 continuation(s) 
[2026-04-03T03:28:42.566+0600][47.144s][info][gc,marking  ] GC(59) O: Mark Stack Usage: 32M
[2026-04-03T03:28:42.566+0600][47.144s][info][gc,nmethod  ] GC(59) O: NMethods: 6567 registered, 732 unregistered
[2026-04-03T03:28:42.566+0600][47.144s][info][gc,metaspace] GC(59) O: Metaspace: 71M used, 72M committed, 1088M reserved
[2026-04-03T03:28:42.566+0600][47.144s][info][gc,ref      ] GC(59) O:                       Encountered   Discovered     Enqueued 
[2026-04-03T03:28:42.566+0600][47.144s][info][gc,ref      ] GC(59) O: Soft References:             5100            0            0 
[2026-04-03T03:28:42.566+0600][47.144s][info][gc,ref      ] GC(59) O: Weak References:             6744         4894           68 
[2026-04-03T03:28:42.566+0600][47.144s][info][gc,ref      ] GC(59) O: Final References:              84            0            0 
[2026-04-03T03:28:42.566+0600][47.144s][info][gc,ref      ] GC(59) O: Phantom References:           598          383            0 
[2026-04-03T03:28:42.566+0600][47.144s][info][gc,reloc    ] GC(59) O:                        Candidates     Selected     In-Place         Size        Empty    Relocated 
[2026-04-03T03:28:42.566+0600][47.144s][info][gc,reloc    ] GC(59) O: Small Pages:                  123           17            0         246M          44M           2M 
[2026-04-03T03:28:42.566+0600][47.144s][info][gc,reloc    ] GC(59) O: Medium Pages:                   2            0            0          64M          32M           0M 
[2026-04-03T03:28:42.566+0600][47.144s][info][gc,reloc    ] GC(59) O: Large Pages:                    3            0            0          46M          46M           0M 
[2026-04-03T03:28:42.566+0600][47.144s][info][gc,reloc    ] GC(59) O: Forwarding Usage: 1M
[2026-04-03T03:28:42.566+0600][47.144s][info][gc,heap     ] GC(59) O: Min Capacity: 8M(1%)
[2026-04-03T03:28:42.566+0600][47.144s][info][gc,heap     ] GC(59) O: Max Capacity: 1500M(100%)
[2026-04-03T03:28:42.566+0600][47.144s][info][gc,heap     ] GC(59) O: Soft Max Capacity: 1500M(100%)
[2026-04-03T03:28:42.566+0600][47.144s][info][gc,heap     ] GC(59) O: Heap Statistics:
[2026-04-03T03:28:42.566+0600][47.144s][info][gc,heap     ] GC(59) O:                Mark Start          Mark End        Relocate Start      Relocate End           High               Low         
[2026-04-03T03:28:42.566+0600][47.144s][info][gc,heap     ] GC(59) O:  Capacity:     1500M (100%)       1500M (100%)       1500M (100%)       1500M (100%)       1500M (100%)       1500M (100%)   
[2026-04-03T03:28:42.566+0600][47.144s][info][gc,heap     ] GC(59) O:      Free:      460M (31%)         116M (8%)          412M (27%)         430M (29%)         476M (32%)           0M (0%)     
[2026-04-03T03:28:42.566+0600][47.144s][info][gc,heap     ] GC(59) O:      Used:     1040M (69%)        1384M (92%)        1088M (73%)        1070M (71%)        1500M (100%)       1024M (68%)    
[2026-04-03T03:28:42.566+0600][47.144s][info][gc,heap     ] GC(59) O: Old Generation Statistics:
[2026-04-03T03:28:42.566+0600][47.144s][info][gc,heap     ] GC(59) O:                Mark Start          Mark End        Relocate Start      Relocate End    
[2026-04-03T03:28:42.566+0600][47.144s][info][gc,heap     ] GC(59) O:      Used:      356M (24%)         496M (33%)         374M (25%)         352M (23%)    
[2026-04-03T03:28:42.566+0600][47.144s][info][gc,heap     ] GC(59) O:      Live:         -               171M (11%)         171M (11%)         171M (11%)    
[2026-04-03T03:28:42.566+0600][47.145s][info][gc,heap     ] GC(59) O:   Garbage:         -               184M (12%)          62M (4%)           27M (2%)     
[2026-04-03T03:28:42.566+0600][47.145s][info][gc,heap     ] GC(59) O: Allocated:         -               140M (9%)          140M (9%)          153M (10%)    
[2026-04-03T03:28:42.566+0600][47.145s][info][gc,heap     ] GC(59) O: Reclaimed:         -                  -               122M (8%)          157M (10%)    
[2026-04-03T03:28:42.566+0600][47.145s][info][gc,heap     ] GC(59) O: Compacted:         -                  -                  -                 2M (0%)     
[2026-04-03T03:28:42.566+0600][47.145s][info][gc,phases   ] GC(59) O: Old Generation 1096M(73%)->1070M(71%) 1.651s
[2026-04-03T03:28:42.566+0600][47.145s][info][gc          ] GC(59) Major Collection (Allocation Rate) 1040M(69%)->788M(53%) 2.487s
[2026-04-03T03:28:42.576+0600][47.154s][info][gc          ] GC(62) Minor Collection (Allocation Rate)
[2026-04-03T03:28:42.576+0600][47.154s][info][gc,task     ] GC(62) Using 3 Workers for Young Generation
[2026-04-03T03:28:42.576+0600][47.154s][info][gc,phases   ] GC(62) y: Young Generation
[2026-04-03T03:28:42.576+0600][47.154s][info][gc,phases   ] GC(62) y: Pause Mark Start 0.085ms
[2026-04-03T03:28:43.161+0600][47.739s][info][gc,phases   ] GC(62) y: Concurrent Mark 584.553ms
[2026-04-03T03:28:43.161+0600][47.739s][info][gc,phases   ] GC(62) y: Pause Mark End 0.043ms
[2026-04-03T03:28:43.161+0600][47.740s][info][gc,phases   ] GC(62) y: Concurrent Mark Free 0.003ms
[2026-04-03T03:28:43.161+0600][47.740s][info][gc,phases   ] GC(62) y: Concurrent Reset Relocation Set 0.113ms
[2026-04-03T03:28:43.164+0600][47.743s][info][gc,reloc    ] GC(62) y: Using tenuring threshold: 1 (Computed)
[2026-04-03T03:28:43.225+0600][47.803s][info][gc,phases   ] GC(62) y: Concurrent Select Relocation Set 63.343ms
[2026-04-03T03:28:43.225+0600][47.804s][info][gc,phases   ] GC(62) y: Pause Relocate Start 0.033ms
[2026-04-03T03:28:43.384+0600][47.962s][info][gc,phases   ] GC(62) y: Concurrent Relocate 157.995ms
[2026-04-03T03:28:43.384+0600][47.962s][info][gc,alloc    ] GC(62) y:                         Mark Start        Mark End      Relocate Start    Relocate End   
[2026-04-03T03:28:43.384+0600][47.962s][info][gc,alloc    ] GC(62) y: Allocation Stalls:          0                0                0                0         
[2026-04-03T03:28:43.384+0600][47.962s][info][gc,load     ] GC(62) y: Load: 4.50 (38%) / 4.57 (38%) / 5.04 (42%)
[2026-04-03T03:28:43.384+0600][47.962s][info][gc,mmu      ] GC(62) y: MMU: 2ms/90.6%, 5ms/96.2%, 10ms/98.1%, 20ms/99.1%, 50ms/99.5%, 100ms/99.7%
[2026-04-03T03:28:43.384+0600][47.962s][info][gc,marking  ] GC(62) y: Mark: 2 stripe(s), 11 proactive flush(es), 2 terminate flush(es), 0 completion(s), 0 continuation(s) 
[2026-04-03T03:28:43.384+0600][47.962s][info][gc,marking  ] GC(62) y: Mark Stack Usage: 32M
[2026-04-03T03:28:43.384+0600][47.962s][info][gc,nmethod  ] GC(62) y: NMethods: 6577 registered, 732 unregistered
[2026-04-03T03:28:43.384+0600][47.962s][info][gc,metaspace] GC(62) y: Metaspace: 71M used, 72M committed, 1088M reserved
[2026-04-03T03:28:43.384+0600][47.962s][info][gc,reloc    ] GC(62) y:                        Candidates     Selected     In-Place         Size        Empty    Relocated 
[2026-04-03T03:28:43.384+0600][47.962s][info][gc,reloc    ] GC(62) y: Small Pages:                  145          114            0         290M           0M          10M 
[2026-04-03T03:28:43.384+0600][47.962s][info][gc,reloc    ] GC(62) y: Medium Pages:                   2            0            0          64M          32M           0M 
[2026-04-03T03:28:43.384+0600][47.962s][info][gc,reloc    ] GC(62) y: Large Pages:                    3            0            0          46M           0M           0M 
[2026-04-03T03:28:43.384+0600][47.962s][info][gc,reloc    ] GC(62) y: Forwarding Usage: 11M
[2026-04-03T03:28:43.384+0600][47.962s][info][gc,reloc    ] GC(62) y: Age Table:
[2026-04-03T03:28:43.384+0600][47.962s][info][gc,reloc    ] GC(62) y:                    Live             Garbage             Small              Medium             Large        
[2026-04-03T03:28:43.384+0600][47.962s][info][gc,reloc    ] GC(62) y: Eden              10M (1%)          239M (16%)        109 / 105            1 / 0              0 / 0        
[2026-04-03T03:28:43.384+0600][47.962s][info][gc,reloc    ] GC(62) y: Survivor 1        56M (4%)           45M (3%)          17 / 5              1 / 0              2 / 0        
[2026-04-03T03:28:43.384+0600][47.962s][info][gc,reloc    ] GC(62) y: Survivor 2        33M (2%)           14M (1%)          19 / 4              0 / 0              1 / 0        
[2026-04-03T03:28:43.384+0600][47.962s][info][gc,heap     ] GC(62) y: Min Capacity: 8M(1%)
[2026-04-03T03:28:43.384+0600][47.962s][info][gc,heap     ] GC(62) y: Max Capacity: 1500M(100%)
[2026-04-03T03:28:43.384+0600][47.962s][info][gc,heap     ] GC(62) y: Soft Max Capacity: 1500M(100%)
[2026-04-03T03:28:43.384+0600][47.962s][info][gc,heap     ] GC(62) y: Heap Statistics:
[2026-04-03T03:28:43.384+0600][47.962s][info][gc,heap     ] GC(62) y:                Mark Start          Mark End        Relocate Start      Relocate End           High               Low         
[2026-04-03T03:28:43.384+0600][47.962s][info][gc,heap     ] GC(62) y:  Capacity:     1500M (100%)       1500M (100%)       1500M (100%)       1500M (100%)       1500M (100%)       1500M (100%)   
[2026-04-03T03:28:43.384+0600][47.962s][info][gc,heap     ] GC(62) y:      Free:      708M (47%)         520M (35%)         530M (35%)         696M (46%)         738M (49%)         520M (35%)    
[2026-04-03T03:28:43.384+0600][47.962s][info][gc,heap     ] GC(62) y:      Used:      792M (53%)         980M (65%)         970M (65%)         804M (54%)         980M (65%)         762M (51%)    
[2026-04-03T03:28:43.384+0600][47.962s][info][gc,heap     ] GC(62) y: Young Generation Statistics:
[2026-04-03T03:28:43.384+0600][47.962s][info][gc,heap     ] GC(62) y:                Mark Start          Mark End        Relocate Start      Relocate End    
[2026-04-03T03:28:43.384+0600][47.962s][info][gc,heap     ] GC(62) y:      Used:      400M (27%)         588M (39%)         484M (32%)         310M (21%)    
[2026-04-03T03:28:43.384+0600][47.962s][info][gc,heap     ] GC(62) y:      Live:         -               101M (7%)           14M (1%)           10M (1%)     
[2026-04-03T03:28:43.384+0600][47.962s][info][gc,heap     ] GC(62) y:   Garbage:         -               298M (20%)         259M (17%)          29M (2%)     
[2026-04-03T03:28:43.384+0600][47.962s][info][gc,heap     ] GC(62) y: Allocated:         -               188M (13%)         210M (14%)         269M (18%)    
[2026-04-03T03:28:43.384+0600][47.962s][info][gc,heap     ] GC(62) y: Reclaimed:         -                  -                39M (3%)          269M (18%)    
[2026-04-03T03:28:43.384+0600][47.962s][info][gc,heap     ] GC(62) y:  Promoted:         -                  -                86M (6%)           90M (6%)     
[2026-04-03T03:28:43.384+0600][47.962s][info][gc,heap     ] GC(62) y: Compacted:         -                  -                  -                 8M (1%)     
[2026-04-03T03:28:43.384+0600][47.962s][info][gc,phases   ] GC(62) y: Young Generation 792M(53%)->804M(54%) 0.808s
[2026-04-03T03:28:43.384+0600][47.962s][info][gc          ] GC(62) Minor Collection (Allocation Rate) 792M(53%)->804M(54%) 0.808s
[2026-04-03T03:28:43.384+0600][47.963s][info][gc          ] GC(63) Major Collection (Allocation Rate)
[2026-04-03T03:28:43.384+0600][47.963s][info][gc,task     ] GC(63) Using 3 Workers for Young Generation
[2026-04-03T03:28:43.384+0600][47.963s][info][gc,task     ] GC(63) Using 2 Workers for Old Generation
[2026-04-03T03:28:43.384+0600][47.963s][info][gc,phases   ] GC(63) Y: Young Generation
[2026-04-03T03:28:43.385+0600][47.963s][info][gc,phases   ] GC(63) Y: Pause Mark Start (Major) 0.038ms
[2026-04-03T03:28:43.547+0600][48.126s][info][gc,phases   ] GC(63) Y: Concurrent Mark 162.143ms
[2026-04-03T03:28:43.548+0600][48.126s][info][gc,phases   ] GC(63) Y: Pause Mark End 0.038ms
[2026-04-03T03:28:43.548+0600][48.126s][info][gc,phases   ] GC(63) Y: Concurrent Mark Free 0.001ms
[2026-04-03T03:28:43.548+0600][48.126s][info][gc,phases   ] GC(63) Y: Concurrent Reset Relocation Set 0.137ms
[2026-04-03T03:28:43.554+0600][48.133s][info][gc,reloc    ] GC(63) Y: Using tenuring threshold: 2 (Computed)
[2026-04-03T03:28:43.556+0600][48.135s][info][gc,phases   ] GC(63) Y: Concurrent Select Relocation Set 8.349ms
[2026-04-03T03:28:43.557+0600][48.135s][info][gc,phases   ] GC(63) Y: Pause Relocate Start 0.097ms
[2026-04-03T03:28:43.579+0600][48.158s][info][gc,phases   ] GC(63) Y: Concurrent Relocate 22.308ms
[2026-04-03T03:28:43.579+0600][48.158s][info][gc,alloc    ] GC(63) Y:                         Mark Start        Mark End      Relocate Start    Relocate End   
[2026-04-03T03:28:43.579+0600][48.158s][info][gc,alloc    ] GC(63) Y: Allocation Stalls:          0                0                0                0         
[2026-04-03T03:28:43.579+0600][48.158s][info][gc,load     ] GC(63) Y: Load: 4.50 (38%) / 4.57 (38%) / 5.04 (42%)
[2026-04-03T03:28:43.579+0600][48.158s][info][gc,mmu      ] GC(63) Y: MMU: 2ms/90.6%, 5ms/96.2%, 10ms/98.1%, 20ms/99.1%, 50ms/99.5%, 100ms/99.7%
[2026-04-03T03:28:43.579+0600][48.158s][info][gc,marking  ] GC(63) Y: Mark: 2 stripe(s), 2 proactive flush(es), 1 terminate flush(es), 0 completion(s), 0 continuation(s) 
[2026-04-03T03:28:43.579+0600][48.158s][info][gc,marking  ] GC(63) Y: Mark Stack Usage: 32M
[2026-04-03T03:28:43.580+0600][48.158s][info][gc,nmethod  ] GC(63) Y: NMethods: 6585 registered, 732 unregistered
[2026-04-03T03:28:43.580+0600][48.158s][info][gc,metaspace] GC(63) Y: Metaspace: 71M used, 72M committed, 1088M reserved
[2026-04-03T03:28:43.580+0600][48.158s][info][gc,reloc    ] GC(63) Y:                        Candidates     Selected     In-Place         Size        Empty    Relocated 
[2026-04-03T03:28:43.580+0600][48.158s][info][gc,reloc    ] GC(63) Y: Small Pages:                  114          102            0         228M           8M           7M 
[2026-04-03T03:28:43.580+0600][48.158s][info][gc,reloc    ] GC(63) Y: Medium Pages:                   2            0            0          64M          32M           0M 
[2026-04-03T03:28:43.580+0600][48.158s][info][gc,reloc    ] GC(63) Y: Large Pages:                    1            0            0          18M           0M           0M 
[2026-04-03T03:28:43.580+0600][48.158s][info][gc,reloc    ] GC(63) Y: Forwarding Usage: 7M
[2026-04-03T03:28:43.580+0600][48.158s][info][gc,reloc    ] GC(63) Y: Age Table:
[2026-04-03T03:28:43.580+0600][48.158s][info][gc,reloc    ] GC(63) Y:                    Live             Garbage             Small              Medium             Large        
[2026-04-03T03:28:43.580+0600][48.158s][info][gc,reloc    ] GC(63) Y: Eden              30M (2%)          231M (15%)        106 / 98             1 / 0              1 / 0        
[2026-04-03T03:28:43.580+0600][48.158s][info][gc,reloc    ] GC(63) Y: Survivor 1         7M (0%)           40M (3%)           8 / 4              1 / 0              0 / 0        
[2026-04-03T03:28:43.580+0600][48.158s][info][gc,heap     ] GC(63) Y: Min Capacity: 8M(1%)
[2026-04-03T03:28:43.580+0600][48.158s][info][gc,heap     ] GC(63) Y: Max Capacity: 1500M(100%)
[2026-04-03T03:28:43.580+0600][48.158s][info][gc,heap     ] GC(63) Y: Soft Max Capacity: 1500M(100%)
[2026-04-03T03:28:43.580+0600][48.158s][info][gc,heap     ] GC(63) Y: Heap Statistics:
[2026-04-03T03:28:43.580+0600][48.158s][info][gc,heap     ] GC(63) Y:                Mark Start          Mark End        Relocate Start      Relocate End           High               Low         
[2026-04-03T03:28:43.580+0600][48.158s][info][gc,heap     ] GC(63) Y:  Capacity:     1500M (100%)       1500M (100%)       1500M (100%)       1500M (100%)       1500M (100%)       1500M (100%)   
[2026-04-03T03:28:43.580+0600][48.158s][info][gc,heap     ] GC(63) Y:      Free:      696M (46%)         598M (40%)         636M (42%)         820M (55%)         820M (55%)         596M (40%)    
[2026-04-03T03:28:43.580+0600][48.158s][info][gc,heap     ] GC(63) Y:      Used:      804M (54%)         902M (60%)         864M (58%)         680M (45%)         904M (60%)         680M (45%)    
[2026-04-03T03:28:43.580+0600][48.158s][info][gc,heap     ] GC(63) Y: Young Generation Statistics:
[2026-04-03T03:28:43.580+0600][48.158s][info][gc,heap     ] GC(63) Y:                Mark Start          Mark End        Relocate Start      Relocate End    
[2026-04-03T03:28:43.580+0600][48.158s][info][gc,heap     ] GC(63) Y:      Used:      310M (21%)         408M (27%)         370M (25%)         186M (12%)    
[2026-04-03T03:28:43.580+0600][48.158s][info][gc,heap     ] GC(63) Y:      Live:         -                37M (3%)           37M (3%)           37M (3%)     
[2026-04-03T03:28:43.580+0600][48.158s][info][gc,heap     ] GC(63) Y:   Garbage:         -               272M (18%)         232M (15%)          26M (2%)     
[2026-04-03T03:28:43.580+0600][48.158s][info][gc,heap     ] GC(63) Y: Allocated:         -                98M (7%)          100M (7%)          121M (8%)     
[2026-04-03T03:28:43.580+0600][48.158s][info][gc,heap     ] GC(63) Y: Reclaimed:         -                  -                40M (3%)          245M (16%)    
[2026-04-03T03:28:43.580+0600][48.158s][info][gc,heap     ] GC(63) Y:  Promoted:         -                  -                 0M (0%)            0M (0%)     
[2026-04-03T03:28:43.580+0600][48.158s][info][gc,heap     ] GC(63) Y: Compacted:         -                  -                  -                 8M (1%)     
[2026-04-03T03:28:43.580+0600][48.158s][info][gc,phases   ] GC(63) Y: Young Generation 804M(54%)->680M(45%) 0.195s
[2026-04-03T03:28:43.580+0600][48.158s][info][gc,phases   ] GC(63) O: Old Generation
[2026-04-03T03:28:43.588+0600][48.166s][info][gc          ] GC(64) Minor Collection (Allocation Rate)
[2026-04-03T03:28:43.588+0600][48.166s][info][gc,task     ] GC(64) Using 1 Workers for Young Generation
[2026-04-03T03:28:43.588+0600][48.166s][info][gc,phases   ] GC(64) y: Young Generation
[2026-04-03T03:28:43.589+0600][48.167s][info][gc,phases   ] GC(64) y: Pause Mark Start 0.037ms
[2026-04-03T03:28:43.909+0600][48.487s][info][gc,phases   ] GC(64) y: Concurrent Mark 320.053ms
[2026-04-03T03:28:43.910+0600][48.488s][info][gc,phases   ] GC(64) y: Pause Mark End 0.032ms
[2026-04-03T03:28:43.910+0600][48.488s][info][gc,phases   ] GC(64) y: Concurrent Mark Free 0.004ms
[2026-04-03T03:28:43.910+0600][48.488s][info][gc,phases   ] GC(64) y: Concurrent Reset Relocation Set 0.018ms
[2026-04-03T03:28:43.912+0600][48.490s][info][gc,reloc    ] GC(64) y: Using tenuring threshold: 1 (Computed)
[2026-04-03T03:28:43.961+0600][48.539s][info][gc,phases   ] GC(64) y: Concurrent Select Relocation Set 50.730ms
[2026-04-03T03:28:43.961+0600][48.539s][info][gc,phases   ] GC(64) y: Pause Relocate Start 0.087ms
[2026-04-03T03:28:44.088+0600][48.667s][info][gc,phases   ] GC(64) y: Concurrent Relocate 127.006ms
[2026-04-03T03:28:44.089+0600][48.667s][info][gc,alloc    ] GC(64) y:                         Mark Start        Mark End      Relocate Start    Relocate End   
[2026-04-03T03:28:44.089+0600][48.667s][info][gc,alloc    ] GC(64) y: Allocation Stalls:          0                0                0                0         
[2026-04-03T03:28:44.089+0600][48.667s][info][gc,load     ] GC(64) y: Load: 4.50 (38%) / 4.57 (38%) / 5.04 (42%)
[2026-04-03T03:28:44.089+0600][48.667s][info][gc,mmu      ] GC(64) y: MMU: 2ms/90.6%, 5ms/96.2%, 10ms/98.1%, 20ms/99.1%, 50ms/99.5%, 100ms/99.7%
[2026-04-03T03:28:44.089+0600][48.667s][info][gc,marking  ] GC(64) y: Mark: 1 stripe(s), 2 proactive flush(es), 1 terminate flush(es), 0 completion(s), 0 continuation(s) 
[2026-04-03T03:28:44.089+0600][48.667s][info][gc,marking  ] GC(64) y: Mark Stack Usage: 32M
[2026-04-03T03:28:44.089+0600][48.667s][info][gc,nmethod  ] GC(64) y: NMethods: 6594 registered, 732 unregistered
[2026-04-03T03:28:44.089+0600][48.667s][info][gc,metaspace] GC(64) y: Metaspace: 71M used, 72M committed, 1088M reserved
[2026-04-03T03:28:44.089+0600][48.667s][info][gc,reloc    ] GC(64) y:                        Candidates     Selected     In-Place         Size        Empty    Relocated 
[2026-04-03T03:28:44.089+0600][48.667s][info][gc,reloc    ] GC(64) y: Small Pages:                   52           41            0         104M           4M           4M 
[2026-04-03T03:28:44.089+0600][48.667s][info][gc,reloc    ] GC(64) y: Medium Pages:                   2            0            0          64M          32M           0M 
[2026-04-03T03:28:44.089+0600][48.667s][info][gc,reloc    ] GC(64) y: Large Pages:                    1            0            0          18M           0M           0M 
[2026-04-03T03:28:44.089+0600][48.667s][info][gc,reloc    ] GC(64) y: Forwarding Usage: 4M
[2026-04-03T03:28:44.089+0600][48.667s][info][gc,reloc    ] GC(64) y: Age Table:
[2026-04-03T03:28:44.089+0600][48.667s][info][gc,reloc    ] GC(64) y:                    Live             Garbage             Small              Medium             Large        
[2026-04-03T03:28:44.089+0600][48.667s][info][gc,reloc    ] GC(64) y: Eden               2M (0%)          105M (7%)          38 / 34             1 / 0              0 / 0        
[2026-04-03T03:28:44.089+0600][48.667s][info][gc,reloc    ] GC(64) y: Survivor 1        26M (2%)           33M (2%)           5 / 2              1 / 0              1 / 0        
[2026-04-03T03:28:44.089+0600][48.667s][info][gc,reloc    ] GC(64) y: Survivor 2         7M (0%)           10M (1%)           9 / 5              0 / 0              0 / 0        
[2026-04-03T03:28:44.089+0600][48.667s][info][gc,heap     ] GC(64) y: Min Capacity: 8M(1%)
[2026-04-03T03:28:44.089+0600][48.667s][info][gc,heap     ] GC(64) y: Max Capacity: 1500M(100%)
[2026-04-03T03:28:44.089+0600][48.667s][info][gc,heap     ] GC(64) y: Soft Max Capacity: 1500M(100%)
[2026-04-03T03:28:44.089+0600][48.667s][info][gc,heap     ] GC(64) y: Heap Statistics:
[2026-04-03T03:28:44.089+0600][48.667s][info][gc,heap     ] GC(64) y:                Mark Start          Mark End        Relocate Start      Relocate End           High               Low         
[2026-04-03T03:28:44.089+0600][48.667s][info][gc,heap     ] GC(64) y:  Capacity:     1500M (100%)       1500M (100%)       1500M (100%)       1500M (100%)       1500M (100%)       1500M (100%)   
[2026-04-03T03:28:44.089+0600][48.667s][info][gc,heap     ] GC(64) y:      Free:      820M (55%)         766M (51%)         802M (53%)         876M (58%)         878M (59%)         766M (51%)    
[2026-04-03T03:28:44.089+0600][48.667s][info][gc,heap     ] GC(64) y:      Used:      680M (45%)         734M (49%)         698M (47%)         624M (42%)         734M (49%)         622M (41%)    
[2026-04-03T03:28:44.089+0600][48.667s][info][gc,heap     ] GC(64) y: Young Generation Statistics:
[2026-04-03T03:28:44.089+0600][48.667s][info][gc,heap     ] GC(64) y:                Mark Start          Mark End        Relocate Start      Relocate End    
[2026-04-03T03:28:44.089+0600][48.667s][info][gc,heap     ] GC(64) y:      Used:      186M (12%)         240M (16%)         142M (9%)           62M (4%)     
[2026-04-03T03:28:44.089+0600][48.667s][info][gc,heap     ] GC(64) y:      Live:         -                36M (2%)            4M (0%)            2M (0%)     
[2026-04-03T03:28:44.089+0600][48.667s][info][gc,heap     ] GC(64) y:   Garbage:         -               149M (10%)          83M (6%)            0M (0%)     
[2026-04-03T03:28:44.089+0600][48.667s][info][gc,heap     ] GC(64) y: Allocated:         -                54M (4%)           54M (4%)           59M (4%)     
[2026-04-03T03:28:44.089+0600][48.667s][info][gc,heap     ] GC(64) y: Reclaimed:         -                  -                66M (4%)          149M (10%)    
[2026-04-03T03:28:44.089+0600][48.667s][info][gc,heap     ] GC(64) y:  Promoted:         -                  -                31M (2%)           33M (2%)     
[2026-04-03T03:28:44.089+0600][48.667s][info][gc,heap     ] GC(64) y: Compacted:         -                  -                  -                 2M (0%)     
[2026-04-03T03:28:44.089+0600][48.667s][info][gc,phases   ] GC(64) y: Young Generation 680M(45%)->624M(42%) 0.500s
[2026-04-03T03:28:44.089+0600][48.667s][info][gc          ] GC(64) Minor Collection (Allocation Rate) 680M(45%)->624M(42%) 0.501s
[2026-04-03T03:28:44.468+0600][49.047s][info][gc,phases   ] GC(63) O: Concurrent Mark 888.364ms
[2026-04-03T03:28:44.469+0600][49.047s][info][gc,phases   ] GC(63) O: Pause Mark End 0.034ms
[2026-04-03T03:28:44.469+0600][49.047s][info][gc,phases   ] GC(63) O: Concurrent Mark Free 0.001ms
[2026-04-03T03:28:44.484+0600][49.062s][info][gc,phases   ] GC(63) O: Concurrent Process Non-Strong 15.313ms
[2026-04-03T03:28:44.484+0600][49.062s][info][gc,phases   ] GC(63) O: Concurrent Reset Relocation Set 0.005ms
[2026-04-03T03:28:44.506+0600][49.084s][info][gc,phases   ] GC(63) O: Concurrent Select Relocation Set 21.580ms
[2026-04-03T03:28:44.506+0600][49.084s][info][gc,task     ] GC(63) O: Using 3 Workers for Old Generation
[2026-04-03T03:28:44.534+0600][49.112s][info][gc,task     ] GC(63) O: Using 2 Workers for Old Generation
[2026-04-03T03:28:44.534+0600][49.113s][info][gc,phases   ] GC(63) O: Concurrent Remap Roots 28.523ms
[2026-04-03T03:28:44.535+0600][49.113s][info][gc,phases   ] GC(63) O: Pause Relocate Start 0.028ms
[2026-04-03T03:28:44.637+0600][49.215s][info][gc,phases   ] GC(63) O: Concurrent Relocate 102.015ms
[2026-04-03T03:28:44.637+0600][49.215s][info][gc,alloc    ] GC(63) O:                         Mark Start        Mark End      Relocate Start    Relocate End   
[2026-04-03T03:28:44.637+0600][49.215s][info][gc,alloc    ] GC(63) O: Allocation Stalls:          0                0                0                0         
[2026-04-03T03:28:44.637+0600][49.215s][info][gc,load     ] GC(63) O: Load: 4.50 (38%) / 4.57 (38%) / 5.04 (42%)
[2026-04-03T03:28:44.637+0600][49.215s][info][gc,mmu      ] GC(63) O: MMU: 2ms/90.6%, 5ms/96.2%, 10ms/98.1%, 20ms/99.1%, 50ms/99.5%, 100ms/99.7%
[2026-04-03T03:28:44.637+0600][49.215s][info][gc,marking  ] GC(63) O: Mark: 2 stripe(s), 2 proactive flush(es), 1 terminate flush(es), 0 completion(s), 0 continuation(s) 
[2026-04-03T03:28:44.637+0600][49.215s][info][gc,marking  ] GC(63) O: Mark Stack Usage: 32M
[2026-04-03T03:28:44.637+0600][49.215s][info][gc,nmethod  ] GC(63) O: NMethods: 6592 registered, 734 unregistered
[2026-04-03T03:28:44.637+0600][49.215s][info][gc,metaspace] GC(63) O: Metaspace: 71M used, 72M committed, 1088M reserved
[2026-04-03T03:28:44.637+0600][49.215s][info][gc,ref      ] GC(63) O:                       Encountered   Discovered     Enqueued 
[2026-04-03T03:28:44.637+0600][49.215s][info][gc,ref      ] GC(63) O: Soft References:             5098            0            0 
[2026-04-03T03:28:44.637+0600][49.215s][info][gc,ref      ] GC(63) O: Weak References:             6687         4805            7 
[2026-04-03T03:28:44.637+0600][49.215s][info][gc,ref      ] GC(63) O: Final References:              84           14            0 
[2026-04-03T03:28:44.637+0600][49.215s][info][gc,ref      ] GC(63) O: Phantom References:           600          379            0 
[2026-04-03T03:28:44.637+0600][49.215s][info][gc,reloc    ] GC(63) O:                        Candidates     Selected     In-Place         Size        Empty    Relocated 
[2026-04-03T03:28:44.637+0600][49.215s][info][gc,reloc    ] GC(63) O: Small Pages:                  193           26            0         386M          88M           8M 
[2026-04-03T03:28:44.637+0600][49.215s][info][gc,reloc    ] GC(63) O: Medium Pages:                   1            0            0          32M           0M           0M 
[2026-04-03T03:28:44.637+0600][49.215s][info][gc,reloc    ] GC(63) O: Large Pages:                    6            0            0          76M          40M           0M 
[2026-04-03T03:28:44.637+0600][49.215s][info][gc,reloc    ] GC(63) O: Forwarding Usage: 35M
[2026-04-03T03:28:44.637+0600][49.215s][info][gc,heap     ] GC(63) O: Min Capacity: 8M(1%)
[2026-04-03T03:28:44.637+0600][49.215s][info][gc,heap     ] GC(63) O: Max Capacity: 1500M(100%)
[2026-04-03T03:28:44.637+0600][49.215s][info][gc,heap     ] GC(63) O: Soft Max Capacity: 1500M(100%)
[2026-04-03T03:28:44.637+0600][49.215s][info][gc,heap     ] GC(63) O: Heap Statistics:
[2026-04-03T03:28:44.637+0600][49.215s][info][gc,heap     ] GC(63) O:                Mark Start          Mark End        Relocate Start      Relocate End           High               Low         
[2026-04-03T03:28:44.637+0600][49.215s][info][gc,heap     ] GC(63) O:  Capacity:     1500M (100%)       1500M (100%)       1500M (100%)       1500M (100%)       1500M (100%)       1500M (100%)   
[2026-04-03T03:28:44.637+0600][49.215s][info][gc,heap     ] GC(63) O:      Free:      696M (46%)         876M (58%)        1000M (67%)        1050M (70%)        1050M (70%)         596M (40%)    
[2026-04-03T03:28:44.637+0600][49.215s][info][gc,heap     ] GC(63) O:      Used:      804M (54%)         624M (42%)         500M (33%)         450M (30%)         904M (60%)         450M (30%)    
[2026-04-03T03:28:44.637+0600][49.215s][info][gc,heap     ] GC(63) O: Old Generation Statistics:
[2026-04-03T03:28:44.637+0600][49.215s][info][gc,heap     ] GC(63) O:                Mark Start          Mark End        Relocate Start      Relocate End    
[2026-04-03T03:28:44.637+0600][49.215s][info][gc,heap     ] GC(63) O:      Used:      494M (33%)         562M (37%)         434M (29%)         380M (25%)    
[2026-04-03T03:28:44.637+0600][49.215s][info][gc,heap     ] GC(63) O:      Live:         -               275M (18%)         275M (18%)         275M (18%)    
[2026-04-03T03:28:44.637+0600][49.215s][info][gc,heap     ] GC(63) O:   Garbage:         -               218M (15%)          90M (6%)           32M (2%)     
[2026-04-03T03:28:44.637+0600][49.215s][info][gc,heap     ] GC(63) O: Allocated:         -                68M (5%)           68M (5%)           71M (5%)     
[2026-04-03T03:28:44.637+0600][49.215s][info][gc,heap     ] GC(63) O: Reclaimed:         -                  -               128M (9%)          185M (12%)    
[2026-04-03T03:28:44.637+0600][49.215s][info][gc,heap     ] GC(63) O: Compacted:         -                  -                  -                36M (2%)     
[2026-04-03T03:28:44.637+0600][49.215s][info][gc,phases   ] GC(63) O: Old Generation 680M(45%)->450M(30%) 1.057s
[2026-04-03T03:28:44.637+0600][49.215s][info][gc          ] GC(63) Major Collection (Allocation Rate) 804M(54%)->450M(30%) 1.253s
[2026-04-03T03:28:44.709+0600][49.288s][info][gc          ] GC(65) Minor Collection (Allocation Rate)
[2026-04-03T03:28:44.709+0600][49.288s][info][gc,task     ] GC(65) Using 3 Workers for Young Generation
[2026-04-03T03:28:44.709+0600][49.288s][info][gc,phases   ] GC(65) y: Young Generation
[2026-04-03T03:28:44.710+0600][49.288s][info][gc,phases   ] GC(65) y: Pause Mark Start 0.018ms
[2026-04-03T03:28:44.773+0600][49.351s][info][gc,phases   ] GC(65) y: Concurrent Mark 63.079ms
[2026-04-03T03:28:44.773+0600][49.351s][info][gc,phases   ] GC(65) y: Pause Mark End 0.043ms
[2026-04-03T03:28:44.773+0600][49.351s][info][gc,phases   ] GC(65) y: Concurrent Mark Free 0.004ms
[2026-04-03T03:28:44.773+0600][49.352s][info][gc,phases   ] GC(65) y: Concurrent Reset Relocation Set 0.026ms
[2026-04-03T03:28:44.775+0600][49.353s][info][gc,reloc    ] GC(65) y: Using tenuring threshold: 1 (Computed)
[2026-04-03T03:28:44.778+0600][49.356s][info][gc,phases   ] GC(65) y: Concurrent Select Relocation Set 4.654ms
[2026-04-03T03:28:44.778+0600][49.357s][info][gc,phases   ] GC(65) y: Pause Relocate Start 0.019ms
[2026-04-03T03:28:44.783+0600][49.361s][info][gc,phases   ] GC(65) y: Concurrent Relocate 4.511ms
[2026-04-03T03:28:44.783+0600][49.361s][info][gc,alloc    ] GC(65) y:                         Mark Start        Mark End      Relocate Start    Relocate End   
[2026-04-03T03:28:44.783+0600][49.361s][info][gc,alloc    ] GC(65) y: Allocation Stalls:          0                0                0                0         
[2026-04-03T03:28:44.783+0600][49.361s][info][gc,load     ] GC(65) y: Load: 4.50 (38%) / 4.57 (38%) / 5.04 (42%)
[2026-04-03T03:28:44.783+0600][49.361s][info][gc,mmu      ] GC(65) y: MMU: 2ms/90.6%, 5ms/96.2%, 10ms/98.1%, 20ms/99.1%, 50ms/99.5%, 100ms/99.7%
[2026-04-03T03:28:44.783+0600][49.361s][info][gc,marking  ] GC(65) y: Mark: 2 stripe(s), 10 proactive flush(es), 1 terminate flush(es), 0 completion(s), 0 continuation(s) 
[2026-04-03T03:28:44.783+0600][49.361s][info][gc,marking  ] GC(65) y: Mark Stack Usage: 32M
[2026-04-03T03:28:44.783+0600][49.361s][info][gc,nmethod  ] GC(65) y: NMethods: 6642 registered, 734 unregistered
[2026-04-03T03:28:44.783+0600][49.361s][info][gc,metaspace] GC(65) y: Metaspace: 71M used, 72M committed, 1088M reserved
[2026-04-03T03:28:44.783+0600][49.361s][info][gc,reloc    ] GC(65) y:                        Candidates     Selected     In-Place         Size        Empty    Relocated 
[2026-04-03T03:28:44.783+0600][49.361s][info][gc,reloc    ] GC(65) y: Small Pages:                   22           13            0          44M          14M           0M 
[2026-04-03T03:28:44.783+0600][49.361s][info][gc,reloc    ] GC(65) y: Medium Pages:                   1            0            0          32M          32M           0M 
[2026-04-03T03:28:44.783+0600][49.361s][info][gc,reloc    ] GC(65) y: Large Pages:                    0            0            0           0M           0M           0M 
[2026-04-03T03:28:44.783+0600][49.361s][info][gc,reloc    ] GC(65) y: Forwarding Usage: 0M
[2026-04-03T03:28:44.783+0600][49.361s][info][gc,reloc    ] GC(65) y: Age Table:
[2026-04-03T03:28:44.783+0600][49.361s][info][gc,reloc    ] GC(65) y:                    Live             Garbage             Small              Medium             Large        
[2026-04-03T03:28:44.783+0600][49.361s][info][gc,reloc    ] GC(65) y: Eden               0M (0%)           69M (5%)          19 / 11             1 / 0              0 / 0        
[2026-04-03T03:28:44.783+0600][49.361s][info][gc,reloc    ] GC(65) y: Survivor 1         2M (0%)            3M (0%)           3 / 2              0 / 0              0 / 0        
[2026-04-03T03:28:44.783+0600][49.361s][info][gc,heap     ] GC(65) y: Min Capacity: 8M(1%)
[2026-04-03T03:28:44.783+0600][49.361s][info][gc,heap     ] GC(65) y: Max Capacity: 1500M(100%)
[2026-04-03T03:28:44.783+0600][49.361s][info][gc,heap     ] GC(65) y: Soft Max Capacity: 1500M(100%)
[2026-04-03T03:28:44.783+0600][49.361s][info][gc,heap     ] GC(65) y: Heap Statistics:
[2026-04-03T03:28:44.783+0600][49.361s][info][gc,heap     ] GC(65) y:                Mark Start          Mark End        Relocate Start      Relocate End           High               Low         
[2026-04-03T03:28:44.783+0600][49.361s][info][gc,heap     ] GC(65) y:  Capacity:     1500M (100%)       1500M (100%)       1500M (100%)       1500M (100%)       1500M (100%)       1500M (100%)   
[2026-04-03T03:28:44.783+0600][49.361s][info][gc,heap     ] GC(65) y:      Free:     1044M (70%)         974M (65%)        1014M (68%)        1024M (68%)        1044M (70%)         970M (65%)    
[2026-04-03T03:28:44.783+0600][49.361s][info][gc,heap     ] GC(65) y:      Used:      456M (30%)         526M (35%)         486M (32%)         476M (32%)         530M (35%)         456M (30%)    
[2026-04-03T03:28:44.783+0600][49.361s][info][gc,heap     ] GC(65) y: Young Generation Statistics:
[2026-04-03T03:28:44.783+0600][49.362s][info][gc,heap     ] GC(65) y:                Mark Start          Mark End        Relocate Start      Relocate End    
[2026-04-03T03:28:44.783+0600][49.362s][info][gc,heap     ] GC(65) y:      Used:       76M (5%)          146M (10%)         104M (7%)           90M (6%)     
[2026-04-03T03:28:44.783+0600][49.362s][info][gc,heap     ] GC(65) y:      Live:         -                 2M (0%)            0M (0%)            0M (0%)     
[2026-04-03T03:28:44.783+0600][49.362s][info][gc,heap     ] GC(65) y:   Garbage:         -                73M (5%)           27M (2%)            0M (0%)     
[2026-04-03T03:28:44.783+0600][49.362s][info][gc,heap     ] GC(65) y: Allocated:         -                70M (5%)           76M (5%)           89M (6%)     
[2026-04-03T03:28:44.783+0600][49.362s][info][gc,heap     ] GC(65) y: Reclaimed:         -                  -                46M (3%)           73M (5%)     
[2026-04-03T03:28:44.783+0600][49.362s][info][gc,heap     ] GC(65) y:  Promoted:         -                  -                 1M (0%)            2M (0%)     
[2026-04-03T03:28:44.783+0600][49.362s][info][gc,heap     ] GC(65) y: Compacted:         -                  -                  -                 0M (0%)     
[2026-04-03T03:28:44.783+0600][49.362s][info][gc,phases   ] GC(65) y: Young Generation 456M(30%)->476M(32%) 0.074s
[2026-04-03T03:28:44.783+0600][49.362s][info][gc          ] GC(65) Minor Collection (Allocation Rate) 456M(30%)->476M(32%) 0.074s
[2026-04-03T03:28:44.783+0600][49.362s][info][gc          ] GC(66) Minor Collection (Allocation Rate)
[2026-04-03T03:28:44.783+0600][49.362s][info][gc,task     ] GC(66) Using 3 Workers for Young Generation
[2026-04-03T03:28:44.783+0600][49.362s][info][gc,phases   ] GC(66) y: Young Generation
[2026-04-03T03:28:44.784+0600][49.362s][info][gc,phases   ] GC(66) y: Pause Mark Start 0.049ms
[2026-04-03T03:28:44.805+0600][49.383s][info][gc,phases   ] GC(66) y: Concurrent Mark 20.840ms
[2026-04-03T03:28:44.805+0600][49.383s][info][gc,phases   ] GC(66) y: Pause Mark End 0.027ms
[2026-04-03T03:28:44.805+0600][49.383s][info][gc,phases   ] GC(66) y: Concurrent Mark Free 0.001ms
[2026-04-03T03:28:44.805+0600][49.383s][info][gc,phases   ] GC(66) y: Concurrent Reset Relocation Set 0.009ms
[2026-04-03T03:28:44.808+0600][49.386s][info][gc,reloc    ] GC(66) y: Using tenuring threshold: 2 (Computed)
[2026-04-03T03:28:44.809+0600][49.387s][info][gc,phases   ] GC(66) y: Concurrent Select Relocation Set 3.659ms
[2026-04-03T03:28:44.809+0600][49.387s][info][gc,phases   ] GC(66) y: Pause Relocate Start 0.022ms
[2026-04-03T03:28:44.811+0600][49.389s][info][gc,phases   ] GC(66) y: Concurrent Relocate 1.740ms
[2026-04-03T03:28:44.811+0600][49.389s][info][gc,alloc    ] GC(66) y:                         Mark Start        Mark End      Relocate Start    Relocate End   
[2026-04-03T03:28:44.811+0600][49.389s][info][gc,alloc    ] GC(66) y: Allocation Stalls:          0                0                0                0         
[2026-04-03T03:28:44.811+0600][49.389s][info][gc,load     ] GC(66) y: Load: 4.50 (38%) / 4.57 (38%) / 5.04 (42%)
[2026-04-03T03:28:44.811+0600][49.389s][info][gc,mmu      ] GC(66) y: MMU: 2ms/90.6%, 5ms/96.2%, 10ms/98.1%, 20ms/99.1%, 50ms/99.5%, 100ms/99.7%
[2026-04-03T03:28:44.811+0600][49.389s][info][gc,marking  ] GC(66) y: Mark: 2 stripe(s), 4 proactive flush(es), 1 terminate flush(es), 0 completion(s), 0 continuation(s) 
[2026-04-03T03:28:44.811+0600][49.389s][info][gc,marking  ] GC(66) y: Mark Stack Usage: 32M
[2026-04-03T03:28:44.811+0600][49.389s][info][gc,nmethod  ] GC(66) y: NMethods: 6646 registered, 734 unregistered
[2026-04-03T03:28:44.811+0600][49.389s][info][gc,metaspace] GC(66) y: Metaspace: 71M used, 72M committed, 1088M reserved
[2026-04-03T03:28:44.811+0600][49.389s][info][gc,reloc    ] GC(66) y:                        Candidates     Selected     In-Place         Size        Empty    Relocated 
[2026-04-03T03:28:44.811+0600][49.389s][info][gc,reloc    ] GC(66) y: Small Pages:                   27           25            0          54M           0M           1M 
[2026-04-03T03:28:44.811+0600][49.389s][info][gc,reloc    ] GC(66) y: Medium Pages:                   1            0            0          32M          32M           0M 
[2026-04-03T03:28:44.811+0600][49.389s][info][gc,reloc    ] GC(66) y: Large Pages:                    1            0            0           6M           6M           0M 
[2026-04-03T03:28:44.811+0600][49.389s][info][gc,reloc    ] GC(66) y: Forwarding Usage: 0M
[2026-04-03T03:28:44.811+0600][49.389s][info][gc,reloc    ] GC(66) y: Age Table:
[2026-04-03T03:28:44.811+0600][49.389s][info][gc,reloc    ] GC(66) y:                    Live             Garbage             Small              Medium             Large        
[2026-04-03T03:28:44.811+0600][49.389s][info][gc,reloc    ] GC(66) y: Eden               1M (0%)           84M (6%)          24 / 22             1 / 0              1 / 0        
[2026-04-03T03:28:44.811+0600][49.389s][info][gc,reloc    ] GC(66) y: Survivor 1         0M (0%)            5M (0%)           3 / 3              0 / 0              0 / 0        
[2026-04-03T03:28:44.811+0600][49.389s][info][gc,heap     ] GC(66) y: Min Capacity: 8M(1%)
[2026-04-03T03:28:44.811+0600][49.389s][info][gc,heap     ] GC(66) y: Max Capacity: 1500M(100%)
[2026-04-03T03:28:44.811+0600][49.389s][info][gc,heap     ] GC(66) y: Soft Max Capacity: 1500M(100%)
[2026-04-03T03:28:44.811+0600][49.389s][info][gc,heap     ] GC(66) y: Heap Statistics:
[2026-04-03T03:28:44.811+0600][49.389s][info][gc,heap     ] GC(66) y:                Mark Start          Mark End        Relocate Start      Relocate End           High               Low         
[2026-04-03T03:28:44.811+0600][49.389s][info][gc,heap     ] GC(66) y:  Capacity:     1500M (100%)       1500M (100%)       1500M (100%)       1500M (100%)       1500M (100%)       1500M (100%)   
[2026-04-03T03:28:44.811+0600][49.389s][info][gc,heap     ] GC(66) y:      Free:     1022M (68%)         968M (65%)        1002M (67%)        1034M (69%)        1034M (69%)         964M (64%)    
[2026-04-03T03:28:44.811+0600][49.389s][info][gc,heap     ] GC(66) y:      Used:      478M (32%)         532M (35%)         498M (33%)         466M (31%)         536M (36%)         466M (31%)    
[2026-04-03T03:28:44.811+0600][49.389s][info][gc,heap     ] GC(66) y: Young Generation Statistics:
[2026-04-03T03:28:44.811+0600][49.389s][info][gc,heap     ] GC(66) y:                Mark Start          Mark End        Relocate Start      Relocate End    
[2026-04-03T03:28:44.811+0600][49.389s][info][gc,heap     ] GC(66) y:      Used:       92M (6%)          146M (10%)         112M (7%)           80M (5%)     
[2026-04-03T03:28:44.811+0600][49.389s][info][gc,heap     ] GC(66) y:      Live:         -                 1M (0%)            1M (0%)            1M (0%)     
[2026-04-03T03:28:44.811+0600][49.389s][info][gc,heap     ] GC(66) y:   Garbage:         -                90M (6%)           52M (3%)            1M (0%)     
[2026-04-03T03:28:44.811+0600][49.389s][info][gc,heap     ] GC(66) y: Allocated:         -                54M (4%)           58M (4%)           76M (5%)     
[2026-04-03T03:28:44.811+0600][49.389s][info][gc,heap     ] GC(66) y: Reclaimed:         -                  -                38M (3%)           88M (6%)     
[2026-04-03T03:28:44.811+0600][49.389s][info][gc,heap     ] GC(66) y:  Promoted:         -                  -                 0M (0%)            0M (0%)     
[2026-04-03T03:28:44.811+0600][49.389s][info][gc,heap     ] GC(66) y: Compacted:         -                  -                  -                 1M (0%)     
[2026-04-03T03:28:44.811+0600][49.389s][info][gc,phases   ] GC(66) y: Young Generation 476M(32%)->466M(31%) 0.027s
[2026-04-03T03:28:44.811+0600][49.389s][info][gc          ] GC(66) Minor Collection (Allocation Rate) 476M(32%)->466M(31%) 0.028s
[2026-04-03T03:28:45.531+0600][50.110s][info][gc          ] GC(67) Minor Collection (Allocation Rate)
[2026-04-03T03:28:45.532+0600][50.110s][info][gc,task     ] GC(67) Using 3 Workers for Young Generation
[2026-04-03T03:28:45.532+0600][50.110s][info][gc,phases   ] GC(67) y: Young Generation
[2026-04-03T03:28:45.532+0600][50.110s][info][gc,phases   ] GC(67) y: Pause Mark Start 0.032ms
[2026-04-03T03:28:45.666+0600][50.245s][info][gc,phases   ] GC(67) y: Concurrent Mark 134.356ms
[2026-04-03T03:28:45.672+0600][50.250s][info][gc,phases   ] GC(67) y: Pause Mark End 0.025ms
[2026-04-03T03:28:45.672+0600][50.250s][info][gc,phases   ] GC(67) y: Concurrent Mark Free 0.001ms
[2026-04-03T03:28:45.672+0600][50.250s][info][gc,phases   ] GC(67) y: Concurrent Reset Relocation Set 0.006ms
[2026-04-03T03:28:45.677+0600][50.255s][info][gc,reloc    ] GC(67) y: Using tenuring threshold: 3 (Computed)
[2026-04-03T03:28:45.689+0600][50.267s][info][gc,phases   ] GC(67) y: Concurrent Select Relocation Set 16.831ms
[2026-04-03T03:28:45.689+0600][50.268s][info][gc,phases   ] GC(67) y: Pause Relocate Start 0.031ms
[2026-04-03T03:28:45.736+0600][50.314s][info][gc,phases   ] GC(67) y: Concurrent Relocate 46.463ms
[2026-04-03T03:28:45.736+0600][50.314s][info][gc,alloc    ] GC(67) y:                         Mark Start        Mark End      Relocate Start    Relocate End   
[2026-04-03T03:28:45.736+0600][50.314s][info][gc,alloc    ] GC(67) y: Allocation Stalls:          0                0                0                0         
[2026-04-03T03:28:45.736+0600][50.314s][info][gc,load     ] GC(67) y: Load: 4.46 (37%) / 4.56 (38%) / 5.03 (42%)
[2026-04-03T03:28:45.736+0600][50.314s][info][gc,mmu      ] GC(67) y: MMU: 2ms/90.6%, 5ms/96.2%, 10ms/98.1%, 20ms/99.1%, 50ms/99.5%, 100ms/99.7%
[2026-04-03T03:28:45.736+0600][50.314s][info][gc,marking  ] GC(67) y: Mark: 2 stripe(s), 2 proactive flush(es), 1 terminate flush(es), 0 completion(s), 0 continuation(s) 
[2026-04-03T03:28:45.736+0600][50.314s][info][gc,marking  ] GC(67) y: Mark Stack Usage: 32M
[2026-04-03T03:28:45.736+0600][50.314s][info][gc,nmethod  ] GC(67) y: NMethods: 6816 registered, 734 unregistered
[2026-04-03T03:28:45.736+0600][50.314s][info][gc,metaspace] GC(67) y: Metaspace: 71M used, 72M committed, 1088M reserved
[2026-04-03T03:28:45.736+0600][50.314s][info][gc,reloc    ] GC(67) y:                        Candidates     Selected     In-Place         Size        Empty    Relocated 
[2026-04-03T03:28:45.736+0600][50.314s][info][gc,reloc    ] GC(67) y: Small Pages:                  232           94            0         464M         248M          18M 
[2026-04-03T03:28:45.736+0600][50.314s][info][gc,reloc    ] GC(67) y: Medium Pages:                   1            0            0          32M          32M           0M 
[2026-04-03T03:28:45.736+0600][50.314s][info][gc,reloc    ] GC(67) y: Large Pages:                   13            0            0         102M          72M           0M 
[2026-04-03T03:28:45.736+0600][50.314s][info][gc,reloc    ] GC(67) y: Forwarding Usage: 26M
[2026-04-03T03:28:45.736+0600][50.314s][info][gc,reloc    ] GC(67) y: Age Table:
[2026-04-03T03:28:45.736+0600][50.314s][info][gc,reloc    ] GC(67) y:                    Live             Garbage             Small              Medium             Large        
[2026-04-03T03:28:45.736+0600][50.314s][info][gc,reloc    ] GC(67) y: Eden              53M (4%)          524M (35%)        222 / 87             1 / 0             13 / 0        
[2026-04-03T03:28:45.736+0600][50.315s][info][gc,reloc    ] GC(67) y: Survivor 1         0M (0%)           13M (1%)           7 / 4              0 / 0              0 / 0        
[2026-04-03T03:28:45.736+0600][50.315s][info][gc,reloc    ] GC(67) y: Survivor 2         0M (0%)            5M (0%)           3 / 3              0 / 0              0 / 0        
[2026-04-03T03:28:45.736+0600][50.315s][info][gc,heap     ] GC(67) y: Min Capacity: 8M(1%)
[2026-04-03T03:28:45.736+0600][50.315s][info][gc,heap     ] GC(67) y: Max Capacity: 1500M(100%)
[2026-04-03T03:28:45.736+0600][50.315s][info][gc,heap     ] GC(67) y: Soft Max Capacity: 1500M(100%)
[2026-04-03T03:28:45.736+0600][50.315s][info][gc,heap     ] GC(67) y: Heap Statistics:
[2026-04-03T03:28:45.736+0600][50.315s][info][gc,heap     ] GC(67) y:                Mark Start          Mark End        Relocate Start      Relocate End           High               Low         
[2026-04-03T03:28:45.736+0600][50.315s][info][gc,heap     ] GC(67) y:  Capacity:     1500M (100%)       1500M (100%)       1500M (100%)       1500M (100%)       1500M (100%)       1500M (100%)   
[2026-04-03T03:28:45.736+0600][50.315s][info][gc,heap     ] GC(67) y:      Free:      516M (34%)         398M (27%)         750M (50%)         886M (59%)         888M (59%)         388M (26%)    
[2026-04-03T03:28:45.736+0600][50.315s][info][gc,heap     ] GC(67) y:      Used:      984M (66%)        1102M (73%)         750M (50%)         614M (41%)        1112M (74%)         612M (41%)    
[2026-04-03T03:28:45.736+0600][50.315s][info][gc,heap     ] GC(67) y: Young Generation Statistics:
[2026-04-03T03:28:45.736+0600][50.315s][info][gc,heap     ] GC(67) y:                Mark Start          Mark End        Relocate Start      Relocate End    
[2026-04-03T03:28:45.736+0600][50.315s][info][gc,heap     ] GC(67) y:      Used:      598M (40%)         716M (48%)         364M (24%)         228M (15%)    
[2026-04-03T03:28:45.736+0600][50.315s][info][gc,heap     ] GC(67) y:      Live:         -                53M (4%)           53M (4%)           53M (4%)     
[2026-04-03T03:28:45.736+0600][50.315s][info][gc,heap     ] GC(67) y:   Garbage:         -               544M (36%)         192M (13%)           0M (0%)     
[2026-04-03T03:28:45.736+0600][50.315s][info][gc,heap     ] GC(67) y: Allocated:         -               118M (8%)          118M (8%)          174M (12%)    
[2026-04-03T03:28:45.736+0600][50.315s][info][gc,heap     ] GC(67) y: Reclaimed:         -                  -               352M (23%)         544M (36%)    
[2026-04-03T03:28:45.736+0600][50.315s][info][gc,heap     ] GC(67) y:  Promoted:         -                  -                 0M (0%)            0M (0%)     
[2026-04-03T03:28:45.736+0600][50.315s][info][gc,heap     ] GC(67) y: Compacted:         -                  -                  -                23M (2%)     
[2026-04-03T03:28:45.736+0600][50.315s][info][gc,phases   ] GC(67) y: Young Generation 984M(66%)->614M(41%) 0.204s
[2026-04-03T03:28:45.736+0600][50.315s][info][gc          ] GC(67) Minor Collection (Allocation Rate) 984M(66%)->614M(41%) 0.205s
[2026-04-03T03:28:46.408+0600][50.986s][info][gc          ] GC(68) Minor Collection (Allocation Rate)
[2026-04-03T03:28:46.408+0600][50.986s][info][gc,task     ] GC(68) Using 3 Workers for Young Generation
[2026-04-03T03:28:46.408+0600][50.986s][info][gc,phases   ] GC(68) y: Young Generation
[2026-04-03T03:28:46.408+0600][50.986s][info][gc,phases   ] GC(68) y: Pause Mark Start 0.053ms
[2026-04-03T03:28:46.419+0600][50.997s][info][gc,phases   ] GC(68) y: Concurrent Mark 10.477ms
[2026-04-03T03:28:46.419+0600][50.998s][info][gc,phases   ] GC(68) y: Pause Mark End 0.060ms
[2026-04-03T03:28:46.419+0600][50.998s][info][gc,phases   ] GC(68) y: Concurrent Mark Free 0.003ms
[2026-04-03T03:28:46.420+0600][50.998s][info][gc,phases   ] GC(68) y: Concurrent Reset Relocation Set 0.015ms
[2026-04-03T03:28:46.424+0600][51.002s][info][gc,reloc    ] GC(68) y: Using tenuring threshold: 4 (Computed)
[2026-04-03T03:28:46.427+0600][51.005s][info][gc,phases   ] GC(68) y: Concurrent Select Relocation Set 7.346ms
[2026-04-03T03:28:46.427+0600][51.005s][info][gc,phases   ] GC(68) y: Pause Relocate Start 0.023ms
[2026-04-03T03:28:46.429+0600][51.007s][info][gc,phases   ] GC(68) y: Concurrent Relocate 1.256ms
[2026-04-03T03:28:46.429+0600][51.007s][info][gc,alloc    ] GC(68) y:                         Mark Start        Mark End      Relocate Start    Relocate End   
[2026-04-03T03:28:46.429+0600][51.007s][info][gc,alloc    ] GC(68) y: Allocation Stalls:          0                0                0                0         
[2026-04-03T03:28:46.429+0600][51.007s][info][gc,load     ] GC(68) y: Load: 4.46 (37%) / 4.56 (38%) / 5.03 (42%)
[2026-04-03T03:28:46.429+0600][51.007s][info][gc,mmu      ] GC(68) y: MMU: 2ms/90.6%, 5ms/96.2%, 10ms/98.1%, 20ms/99.1%, 50ms/99.5%, 100ms/99.7%
[2026-04-03T03:28:46.429+0600][51.007s][info][gc,marking  ] GC(68) y: Mark: 2 stripe(s), 2 proactive flush(es), 1 terminate flush(es), 0 completion(s), 0 continuation(s) 
[2026-04-03T03:28:46.429+0600][51.007s][info][gc,marking  ] GC(68) y: Mark Stack Usage: 32M
[2026-04-03T03:28:46.429+0600][51.007s][info][gc,nmethod  ] GC(68) y: NMethods: 6859 registered, 734 unregistered
[2026-04-03T03:28:46.429+0600][51.007s][info][gc,metaspace] GC(68) y: Metaspace: 71M used, 72M committed, 1088M reserved
[2026-04-03T03:28:46.429+0600][51.007s][info][gc,reloc    ] GC(68) y:                        Candidates     Selected     In-Place         Size        Empty    Relocated 
[2026-04-03T03:28:46.429+0600][51.007s][info][gc,reloc    ] GC(68) y: Small Pages:                  241           46            0         482M         388M           1M 
[2026-04-03T03:28:46.429+0600][51.007s][info][gc,reloc    ] GC(68) y: Medium Pages:                   1            0            0          32M          32M           0M 
[2026-04-03T03:28:46.429+0600][51.007s][info][gc,reloc    ] GC(68) y: Large Pages:                   11            0            0          90M          90M           0M 
[2026-04-03T03:28:46.429+0600][51.007s][info][gc,reloc    ] GC(68) y: Forwarding Usage: 0M
[2026-04-03T03:28:46.429+0600][51.007s][info][gc,reloc    ] GC(68) y: Age Table:
[2026-04-03T03:28:46.429+0600][51.007s][info][gc,reloc    ] GC(68) y:                    Live             Garbage             Small              Medium             Large        
[2026-04-03T03:28:46.429+0600][51.007s][info][gc,reloc    ] GC(68) y: Eden               1M (0%)          534M (36%)        222 / 38             1 / 0              8 / 0        
[2026-04-03T03:28:46.429+0600][51.007s][info][gc,reloc    ] GC(68) y: Survivor 1         0M (0%)           57M (4%)          14 / 3              0 / 0              3 / 0        
[2026-04-03T03:28:46.429+0600][51.007s][info][gc,reloc    ] GC(68) y: Survivor 2         0M (0%)            3M (0%)           2 / 2              0 / 0              0 / 0        
[2026-04-03T03:28:46.429+0600][51.007s][info][gc,reloc    ] GC(68) y: Survivor 3         0M (0%)            5M (0%)           3 / 3              0 / 0              0 / 0        
[2026-04-03T03:28:46.429+0600][51.007s][info][gc,heap     ] GC(68) y: Min Capacity: 8M(1%)
[2026-04-03T03:28:46.429+0600][51.007s][info][gc,heap     ] GC(68) y: Max Capacity: 1500M(100%)
[2026-04-03T03:28:46.429+0600][51.007s][info][gc,heap     ] GC(68) y: Soft Max Capacity: 1500M(100%)
[2026-04-03T03:28:46.429+0600][51.007s][info][gc,heap     ] GC(68) y: Heap Statistics:
[2026-04-03T03:28:46.429+0600][51.007s][info][gc,heap     ] GC(68) y:                Mark Start          Mark End        Relocate Start      Relocate End           High               Low         
[2026-04-03T03:28:46.429+0600][51.007s][info][gc,heap     ] GC(68) y:  Capacity:     1500M (100%)       1500M (100%)       1500M (100%)       1500M (100%)       1500M (100%)       1500M (100%)   
[2026-04-03T03:28:46.429+0600][51.007s][info][gc,heap     ] GC(68) y:      Free:      510M (34%)         486M (32%)         984M (66%)        1056M (70%)        1056M (70%)         486M (32%)    
[2026-04-03T03:28:46.429+0600][51.007s][info][gc,heap     ] GC(68) y:      Used:      990M (66%)        1014M (68%)         516M (34%)         444M (30%)        1014M (68%)         444M (30%)    
[2026-04-03T03:28:46.429+0600][51.007s][info][gc,heap     ] GC(68) y: Young Generation Statistics:
[2026-04-03T03:28:46.429+0600][51.007s][info][gc,heap     ] GC(68) y:                Mark Start          Mark End        Relocate Start      Relocate End    
[2026-04-03T03:28:46.429+0600][51.007s][info][gc,heap     ] GC(68) y:      Used:      604M (40%)         628M (42%)         130M (9%)           58M (4%)     
[2026-04-03T03:28:46.429+0600][51.007s][info][gc,heap     ] GC(68) y:      Live:         -                 1M (0%)            1M (0%)            1M (0%)     
[2026-04-03T03:28:46.429+0600][51.007s][info][gc,heap     ] GC(68) y:   Garbage:         -               602M (40%)          92M (6%)            0M (0%)     
[2026-04-03T03:28:46.429+0600][51.007s][info][gc,heap     ] GC(68) y: Allocated:         -                24M (2%)           36M (2%)           56M (4%)     
[2026-04-03T03:28:46.429+0600][51.007s][info][gc,heap     ] GC(68) y: Reclaimed:         -                  -               510M (34%)         602M (40%)    
[2026-04-03T03:28:46.429+0600][51.007s][info][gc,heap     ] GC(68) y:  Promoted:         -                  -                 0M (0%)            0M (0%)     
[2026-04-03T03:28:46.429+0600][51.007s][info][gc,heap     ] GC(68) y: Compacted:         -                  -                  -                 1M (0%)     
[2026-04-03T03:28:46.429+0600][51.007s][info][gc,phases   ] GC(68) y: Young Generation 990M(66%)->444M(30%) 0.021s
[2026-04-03T03:28:46.429+0600][51.007s][info][gc          ] GC(68) Minor Collection (Allocation Rate) 990M(66%)->444M(30%) 0.021s
[2026-04-03T03:28:46.524+0600][51.102s][info][gc          ] GC(69) Minor Collection (Allocation Rate)
[2026-04-03T03:28:46.524+0600][51.102s][info][gc,task     ] GC(69) Using 3 Workers for Young Generation
[2026-04-03T03:28:46.524+0600][51.102s][info][gc,phases   ] GC(69) y: Young Generation
[2026-04-03T03:28:46.524+0600][51.102s][info][gc,phases   ] GC(69) y: Pause Mark Start 0.021ms
[2026-04-03T03:28:46.591+0600][51.170s][info][gc,phases   ] GC(69) y: Concurrent Mark 66.934ms
[2026-04-03T03:28:46.591+0600][51.170s][info][gc,phases   ] GC(69) y: Pause Mark End 0.033ms
[2026-04-03T03:28:46.592+0600][51.170s][info][gc,phases   ] GC(69) y: Concurrent Mark Free 0.003ms
[2026-04-03T03:28:46.592+0600][51.170s][info][gc,phases   ] GC(69) y: Concurrent Reset Relocation Set 0.009ms
[2026-04-03T03:28:46.594+0600][51.172s][info][gc,reloc    ] GC(69) y: Using tenuring threshold: 5 (Computed)
[2026-04-03T03:28:46.604+0600][51.182s][info][gc,phases   ] GC(69) y: Concurrent Select Relocation Set 12.037ms
[2026-04-03T03:28:46.604+0600][51.182s][info][gc,phases   ] GC(69) y: Pause Relocate Start 0.018ms
[2026-04-03T03:28:46.645+0600][51.224s][info][gc,phases   ] GC(69) y: Concurrent Relocate 41.229ms
[2026-04-03T03:28:46.645+0600][51.224s][info][gc,alloc    ] GC(69) y:                         Mark Start        Mark End      Relocate Start    Relocate End   
[2026-04-03T03:28:46.645+0600][51.224s][info][gc,alloc    ] GC(69) y: Allocation Stalls:          0                0                0                0         
[2026-04-03T03:28:46.645+0600][51.224s][info][gc,load     ] GC(69) y: Load: 4.46 (37%) / 4.56 (38%) / 5.03 (42%)
[2026-04-03T03:28:46.646+0600][51.224s][info][gc,mmu      ] GC(69) y: MMU: 2ms/90.6%, 5ms/96.2%, 10ms/98.1%, 20ms/99.1%, 50ms/99.5%, 100ms/99.7%
[2026-04-03T03:28:46.646+0600][51.224s][info][gc,marking  ] GC(69) y: Mark: 2 stripe(s), 10 proactive flush(es), 1 terminate flush(es), 0 completion(s), 0 continuation(s) 
[2026-04-03T03:28:46.646+0600][51.224s][info][gc,marking  ] GC(69) y: Mark Stack Usage: 32M
[2026-04-03T03:28:46.646+0600][51.224s][info][gc,nmethod  ] GC(69) y: NMethods: 6859 registered, 734 unregistered
[2026-04-03T03:28:46.646+0600][51.224s][info][gc,metaspace] GC(69) y: Metaspace: 71M used, 72M committed, 1088M reserved
[2026-04-03T03:28:46.646+0600][51.224s][info][gc,reloc    ] GC(69) y:                        Candidates     Selected     In-Place         Size        Empty    Relocated 
[2026-04-03T03:28:46.646+0600][51.224s][info][gc,reloc    ] GC(69) y: Small Pages:                  137          123            0         274M           0M          21M 
[2026-04-03T03:28:46.646+0600][51.224s][info][gc,reloc    ] GC(69) y: Medium Pages:                   1            0            0          32M           0M           0M 
[2026-04-03T03:28:46.646+0600][51.224s][info][gc,reloc    ] GC(69) y: Large Pages:                    0            0            0           0M           0M           0M 
[2026-04-03T03:28:46.646+0600][51.224s][info][gc,reloc    ] GC(69) y: Forwarding Usage: 23M
[2026-04-03T03:28:46.646+0600][51.224s][info][gc,reloc    ] GC(69) y: Age Table:
[2026-04-03T03:28:46.646+0600][51.224s][info][gc,reloc    ] GC(69) y:                    Live             Garbage             Small              Medium             Large        
[2026-04-03T03:28:46.646+0600][51.224s][info][gc,reloc    ] GC(69) y: Eden              27M (2%)          256M (17%)        126 / 112            1 / 0              0 / 0        
[2026-04-03T03:28:46.646+0600][51.224s][info][gc,reloc    ] GC(69) y: Survivor 1         0M (0%)           11M (1%)           6 / 6              0 / 0              0 / 0        
[2026-04-03T03:28:46.646+0600][51.224s][info][gc,reloc    ] GC(69) y: Survivor 2         0M (0%)            1M (0%)           1 / 1              0 / 0              0 / 0        
[2026-04-03T03:28:46.646+0600][51.224s][info][gc,reloc    ] GC(69) y: Survivor 3         0M (0%)            3M (0%)           2 / 2              0 / 0              0 / 0        
[2026-04-03T03:28:46.646+0600][51.224s][info][gc,reloc    ] GC(69) y: Survivor 4         0M (0%)            3M (0%)           2 / 2              0 / 0              0 / 0        
[2026-04-03T03:28:46.646+0600][51.224s][info][gc,heap     ] GC(69) y: Min Capacity: 8M(1%)
[2026-04-03T03:28:46.646+0600][51.224s][info][gc,heap     ] GC(69) y: Max Capacity: 1500M(100%)
[2026-04-03T03:28:46.646+0600][51.224s][info][gc,heap     ] GC(69) y: Soft Max Capacity: 1500M(100%)
[2026-04-03T03:28:46.646+0600][51.224s][info][gc,heap     ] GC(69) y: Heap Statistics:
[2026-04-03T03:28:46.646+0600][51.224s][info][gc,heap     ] GC(69) y:                Mark Start          Mark End        Relocate Start      Relocate End           High               Low         
[2026-04-03T03:28:46.646+0600][51.224s][info][gc,heap     ] GC(69) y:  Capacity:     1500M (100%)       1500M (100%)       1500M (100%)       1500M (100%)       1500M (100%)       1500M (100%)   
[2026-04-03T03:28:46.646+0600][51.224s][info][gc,heap     ] GC(69) y:      Free:      808M (54%)         660M (44%)         640M (43%)         798M (53%)         808M (54%)         624M (42%)    
[2026-04-03T03:28:46.646+0600][51.224s][info][gc,heap     ] GC(69) y:      Used:      692M (46%)         840M (56%)         860M (57%)         702M (47%)         876M (58%)         692M (46%)    
[2026-04-03T03:28:46.646+0600][51.224s][info][gc,heap     ] GC(69) y: Young Generation Statistics:
[2026-04-03T03:28:46.646+0600][51.224s][info][gc,heap     ] GC(69) y:                Mark Start          Mark End        Relocate Start      Relocate End    
[2026-04-03T03:28:46.646+0600][51.224s][info][gc,heap     ] GC(69) y:      Used:      306M (20%)         454M (30%)         474M (32%)         316M (21%)    
[2026-04-03T03:28:46.646+0600][51.224s][info][gc,heap     ] GC(69) y:      Live:         -                28M (2%)           28M (2%)           28M (2%)     
[2026-04-03T03:28:46.646+0600][51.224s][info][gc,heap     ] GC(69) y:   Garbage:         -               277M (19%)         277M (19%)          27M (2%)     
[2026-04-03T03:28:46.646+0600][51.224s][info][gc,heap     ] GC(69) y: Allocated:         -               148M (10%)         168M (11%)         259M (17%)    
[2026-04-03T03:28:46.646+0600][51.224s][info][gc,heap     ] GC(69) y: Reclaimed:         -                  -                 0M (0%)          249M (17%)    
[2026-04-03T03:28:46.646+0600][51.224s][info][gc,heap     ] GC(69) y:  Promoted:         -                  -                 0M (0%)            0M (0%)     
[2026-04-03T03:28:46.646+0600][51.224s][info][gc,heap     ] GC(69) y: Compacted:         -                  -                  -                24M (2%)     
[2026-04-03T03:28:46.646+0600][51.224s][info][gc,phases   ] GC(69) y: Young Generation 692M(46%)->702M(47%) 0.121s
[2026-04-03T03:28:46.646+0600][51.224s][info][gc          ] GC(69) Minor Collection (Allocation Rate) 692M(46%)->706M(47%) 0.122s
[2026-04-03T03:28:46.646+0600][51.224s][info][gc          ] GC(70) Minor Collection (Allocation Rate)
[2026-04-03T03:28:46.646+0600][51.224s][info][gc,task     ] GC(70) Using 3 Workers for Young Generation
[2026-04-03T03:28:46.646+0600][51.224s][info][gc,phases   ] GC(70) y: Young Generation
[2026-04-03T03:28:46.646+0600][51.225s][info][gc,phases   ] GC(70) y: Pause Mark Start 0.021ms
[2026-04-03T03:28:46.782+0600][51.360s][info][gc,phases   ] GC(70) y: Concurrent Mark 135.269ms
[2026-04-03T03:28:46.782+0600][51.360s][info][gc,phases   ] GC(70) y: Pause Mark End 0.033ms
[2026-04-03T03:28:46.782+0600][51.361s][info][gc,phases   ] GC(70) y: Concurrent Mark Free 0.004ms
[2026-04-03T03:28:46.782+0600][51.361s][info][gc,phases   ] GC(70) y: Concurrent Reset Relocation Set 0.021ms
[2026-04-03T03:28:46.784+0600][51.363s][info][gc,reloc    ] GC(70) y: Using tenuring threshold: 3 (Computed)
[2026-04-03T03:28:46.787+0600][51.366s][info][gc,phases   ] GC(70) y: Concurrent Select Relocation Set 4.945ms
[2026-04-03T03:28:46.788+0600][51.366s][info][gc,phases   ] GC(70) y: Pause Relocate Start 0.028ms
[2026-04-03T03:28:46.832+0600][51.410s][info][gc,phases   ] GC(70) y: Concurrent Relocate 43.715ms
[2026-04-03T03:28:46.832+0600][51.410s][info][gc,alloc    ] GC(70) y:                         Mark Start        Mark End      Relocate Start    Relocate End   
[2026-04-03T03:28:46.832+0600][51.410s][info][gc,alloc    ] GC(70) y: Allocation Stalls:          0                0                0                0         
[2026-04-03T03:28:46.832+0600][51.410s][info][gc,load     ] GC(70) y: Load: 4.46 (37%) / 4.56 (38%) / 5.03 (42%)
[2026-04-03T03:28:46.832+0600][51.410s][info][gc,mmu      ] GC(70) y: MMU: 2ms/90.6%, 5ms/96.2%, 10ms/98.1%, 20ms/99.1%, 50ms/99.5%, 100ms/99.7%
[2026-04-03T03:28:46.832+0600][51.410s][info][gc,marking  ] GC(70) y: Mark: 2 stripe(s), 2 proactive flush(es), 1 terminate flush(es), 0 completion(s), 0 continuation(s) 
[2026-04-03T03:28:46.832+0600][51.410s][info][gc,marking  ] GC(70) y: Mark Stack Usage: 32M
[2026-04-03T03:28:46.832+0600][51.410s][info][gc,nmethod  ] GC(70) y: NMethods: 6860 registered, 734 unregistered
[2026-04-03T03:28:46.832+0600][51.410s][info][gc,metaspace] GC(70) y: Metaspace: 71M used, 72M committed, 1088M reserved
[2026-04-03T03:28:46.832+0600][51.410s][info][gc,reloc    ] GC(70) y:                        Candidates     Selected     In-Place         Size        Empty    Relocated 
[2026-04-03T03:28:46.832+0600][51.410s][info][gc,reloc    ] GC(70) y: Small Pages:                  128          102            0         256M           0M          22M 
[2026-04-03T03:28:46.832+0600][51.410s][info][gc,reloc    ] GC(70) y: Medium Pages:                   2            1            0          64M           0M           4M 
[2026-04-03T03:28:46.832+0600][51.410s][info][gc,reloc    ] GC(70) y: Large Pages:                    1            0            0           6M           0M           0M 
[2026-04-03T03:28:46.832+0600][51.410s][info][gc,reloc    ] GC(70) y: Forwarding Usage: 24M
[2026-04-03T03:28:46.832+0600][51.410s][info][gc,reloc    ] GC(70) y: Age Table:
[2026-04-03T03:28:46.832+0600][51.410s][info][gc,reloc    ] GC(70) y:                    Live             Garbage             Small              Medium             Large        
[2026-04-03T03:28:46.832+0600][51.410s][info][gc,reloc    ] GC(70) y: Eden              33M (2%)          204M (14%)        100 / 86             1 / 1              1 / 0        
[2026-04-03T03:28:46.832+0600][51.410s][info][gc,reloc    ] GC(70) y: Survivor 1        25M (2%)           40M (3%)          17 / 5              1 / 0              0 / 0        
[2026-04-03T03:28:46.832+0600][51.410s][info][gc,reloc    ] GC(70) y: Survivor 2         0M (0%)           11M (1%)           6 / 6              0 / 0              0 / 0        
[2026-04-03T03:28:46.832+0600][51.410s][info][gc,reloc    ] GC(70) y: Survivor 3         0M (0%)            1M (0%)           1 / 1              0 / 0              0 / 0        
[2026-04-03T03:28:46.832+0600][51.410s][info][gc,reloc    ] GC(70) y: Survivor 4         0M (0%)            3M (0%)           2 / 2              0 / 0              0 / 0        
[2026-04-03T03:28:46.832+0600][51.410s][info][gc,reloc    ] GC(70) y: Survivor 5         0M (0%)            3M (0%)           2 / 2              0 / 0              0 / 0        
[2026-04-03T03:28:46.832+0600][51.410s][info][gc,heap     ] GC(70) y: Min Capacity: 8M(1%)
[2026-04-03T03:28:46.832+0600][51.410s][info][gc,heap     ] GC(70) y: Max Capacity: 1500M(100%)
[2026-04-03T03:28:46.832+0600][51.410s][info][gc,heap     ] GC(70) y: Soft Max Capacity: 1500M(100%)
[2026-04-03T03:28:46.832+0600][51.410s][info][gc,heap     ] GC(70) y: Heap Statistics:
[2026-04-03T03:28:46.832+0600][51.410s][info][gc,heap     ] GC(70) y:                Mark Start          Mark End        Relocate Start      Relocate End           High               Low         
[2026-04-03T03:28:46.832+0600][51.410s][info][gc,heap     ] GC(70) y:  Capacity:     1500M (100%)       1500M (100%)       1500M (100%)       1500M (100%)       1500M (100%)       1500M (100%)   
[2026-04-03T03:28:46.832+0600][51.410s][info][gc,heap     ] GC(70) y:      Free:      788M (53%)         586M (39%)         582M (39%)         712M (47%)         788M (53%)         528M (35%)    
[2026-04-03T03:28:46.832+0600][51.410s][info][gc,heap     ] GC(70) y:      Used:      712M (47%)         914M (61%)         918M (61%)         788M (53%)         972M (65%)         712M (47%)    
[2026-04-03T03:28:46.832+0600][51.410s][info][gc,heap     ] GC(70) y: Young Generation Statistics:
[2026-04-03T03:28:46.832+0600][51.410s][info][gc,heap     ] GC(70) y:                Mark Start          Mark End        Relocate Start      Relocate End    
[2026-04-03T03:28:46.832+0600][51.410s][info][gc,heap     ] GC(70) y:      Used:      326M (22%)         528M (35%)         532M (35%)         400M (27%)    
[2026-04-03T03:28:46.832+0600][51.410s][info][gc,heap     ] GC(70) y:      Live:         -                60M (4%)           60M (4%)           60M (4%)     
[2026-04-03T03:28:46.832+0600][51.410s][info][gc,heap     ] GC(70) y:   Garbage:         -               265M (18%)         265M (18%)           0M (0%)     
[2026-04-03T03:28:46.832+0600][51.410s][info][gc,heap     ] GC(70) y: Allocated:         -               202M (13%)         206M (14%)         339M (23%)    
[2026-04-03T03:28:46.832+0600][51.410s][info][gc,heap     ] GC(70) y: Reclaimed:         -                  -                 0M (0%)          265M (18%)    
[2026-04-03T03:28:46.832+0600][51.410s][info][gc,heap     ] GC(70) y:  Promoted:         -                  -                 0M (0%)            0M (0%)     
[2026-04-03T03:28:46.832+0600][51.410s][info][gc,heap     ] GC(70) y: Compacted:         -                  -                  -                32M (2%)     
[2026-04-03T03:28:46.832+0600][51.410s][info][gc,phases   ] GC(70) y: Young Generation 712M(47%)->788M(53%) 0.186s
[2026-04-03T03:28:46.832+0600][51.410s][info][gc          ] GC(70) Minor Collection (Allocation Rate) 712M(47%)->788M(53%) 0.186s
[2026-04-03T03:28:46.832+0600][51.411s][info][gc          ] GC(71) Minor Collection (Allocation Rate)
[2026-04-03T03:28:46.833+0600][51.411s][info][gc,task     ] GC(71) Using 3 Workers for Young Generation
[2026-04-03T03:28:46.833+0600][51.411s][info][gc,phases   ] GC(71) y: Young Generation
[2026-04-03T03:28:46.833+0600][51.411s][info][gc,phases   ] GC(71) y: Pause Mark Start 0.030ms
[2026-04-03T03:28:47.030+0600][51.609s][info][gc,phases   ] GC(71) y: Concurrent Mark 197.259ms
[2026-04-03T03:28:47.031+0600][51.609s][info][gc,phases   ] GC(71) y: Pause Mark End 0.038ms
[2026-04-03T03:28:47.031+0600][51.609s][info][gc,phases   ] GC(71) y: Concurrent Mark Free 0.002ms
[2026-04-03T03:28:47.031+0600][51.609s][info][gc,phases   ] GC(71) y: Concurrent Reset Relocation Set 0.037ms
[2026-04-03T03:28:47.034+0600][51.612s][info][gc,reloc    ] GC(71) y: Using tenuring threshold: 4 (Computed)
[2026-04-03T03:28:47.038+0600][51.617s][info][gc,phases   ] GC(71) y: Concurrent Select Relocation Set 7.434ms
[2026-04-03T03:28:47.039+0600][51.617s][info][gc,phases   ] GC(71) y: Pause Relocate Start 0.064ms
[2026-04-03T03:28:47.101+0600][51.679s][info][gc,phases   ] GC(71) y: Concurrent Relocate 61.359ms
[2026-04-03T03:28:47.101+0600][51.679s][info][gc,alloc    ] GC(71) y:                         Mark Start        Mark End      Relocate Start    Relocate End   
[2026-04-03T03:28:47.101+0600][51.679s][info][gc,alloc    ] GC(71) y: Allocation Stalls:          0                0                0                0         
[2026-04-03T03:28:47.101+0600][51.679s][info][gc,load     ] GC(71) y: Load: 4.46 (37%) / 4.56 (38%) / 5.03 (42%)
[2026-04-03T03:28:47.101+0600][51.679s][info][gc,mmu      ] GC(71) y: MMU: 2ms/90.6%, 5ms/96.2%, 10ms/98.1%, 20ms/99.1%, 50ms/99.5%, 100ms/99.7%
[2026-04-03T03:28:47.101+0600][51.679s][info][gc,marking  ] GC(71) y: Mark: 2 stripe(s), 2 proactive flush(es), 1 terminate flush(es), 0 completion(s), 0 continuation(s) 
[2026-04-03T03:28:47.101+0600][51.679s][info][gc,marking  ] GC(71) y: Mark Stack Usage: 32M
[2026-04-03T03:28:47.101+0600][51.679s][info][gc,nmethod  ] GC(71) y: NMethods: 6863 registered, 734 unregistered
[2026-04-03T03:28:47.101+0600][51.679s][info][gc,metaspace] GC(71) y: Metaspace: 71M used, 72M committed, 1088M reserved
[2026-04-03T03:28:47.101+0600][51.679s][info][gc,reloc    ] GC(71) y:                        Candidates     Selected     In-Place         Size        Empty    Relocated 
[2026-04-03T03:28:47.101+0600][51.679s][info][gc,reloc    ] GC(71) y: Small Pages:                  143          104            0         286M           0M          25M 
[2026-04-03T03:28:47.101+0600][51.679s][info][gc,reloc    ] GC(71) y: Medium Pages:                   3            0            0          96M          64M           0M 
[2026-04-03T03:28:47.101+0600][51.679s][info][gc,reloc    ] GC(71) y: Large Pages:                    3            0            0          18M           0M           0M 
[2026-04-03T03:28:47.101+0600][51.679s][info][gc,reloc    ] GC(71) y: Forwarding Usage: 27M
[2026-04-03T03:28:47.101+0600][51.679s][info][gc,reloc    ] GC(71) y: Age Table:
[2026-04-03T03:28:47.101+0600][51.679s][info][gc,reloc    ] GC(71) y:                    Live             Garbage             Small              Medium             Large        
[2026-04-03T03:28:47.101+0600][51.679s][info][gc,reloc    ] GC(71) y: Eden              38M (3%)          217M (14%)        106 / 91             1 / 0              2 / 0        
[2026-04-03T03:28:47.101+0600][51.679s][info][gc,reloc    ] GC(71) y: Survivor 1        29M (2%)           38M (3%)          15 / 3              1 / 0              1 / 0        
[2026-04-03T03:28:47.101+0600][51.679s][info][gc,reloc    ] GC(71) y: Survivor 2        23M (2%)           42M (3%)          17 / 6              1 / 0              0 / 0        
[2026-04-03T03:28:47.101+0600][51.679s][info][gc,reloc    ] GC(71) y: Survivor 3         0M (0%)            9M (1%)           5 / 4              0 / 0              0 / 0        
[2026-04-03T03:28:47.101+0600][51.679s][info][gc,heap     ] GC(71) y: Min Capacity: 8M(1%)
[2026-04-03T03:28:47.101+0600][51.679s][info][gc,heap     ] GC(71) y: Max Capacity: 1500M(100%)
[2026-04-03T03:28:47.101+0600][51.679s][info][gc,heap     ] GC(71) y: Soft Max Capacity: 1500M(100%)
[2026-04-03T03:28:47.101+0600][51.679s][info][gc,heap     ] GC(71) y: Heap Statistics:
[2026-04-03T03:28:47.101+0600][51.679s][info][gc,heap     ] GC(71) y:                Mark Start          Mark End        Relocate Start      Relocate End           High               Low         
[2026-04-03T03:28:47.101+0600][51.679s][info][gc,heap     ] GC(71) y:  Capacity:     1500M (100%)       1500M (100%)       1500M (100%)       1500M (100%)       1500M (100%)       1500M (100%)   
[2026-04-03T03:28:47.101+0600][51.679s][info][gc,heap     ] GC(71) y:      Free:      712M (47%)         674M (45%)         736M (49%)         914M (61%)         914M (61%)         674M (45%)    
[2026-04-03T03:28:47.101+0600][51.679s][info][gc,heap     ] GC(71) y:      Used:      788M (53%)         826M (55%)         764M (51%)         586M (39%)         826M (55%)         586M (39%)    
[2026-04-03T03:28:47.101+0600][51.679s][info][gc,heap     ] GC(71) y: Young Generation Statistics:
[2026-04-03T03:28:47.101+0600][51.679s][info][gc,heap     ] GC(71) y:                Mark Start          Mark End        Relocate Start      Relocate End    
[2026-04-03T03:28:47.101+0600][51.679s][info][gc,heap     ] GC(71) y:      Used:      400M (27%)         438M (29%)         376M (25%)         198M (13%)    
[2026-04-03T03:28:47.101+0600][51.679s][info][gc,heap     ] GC(71) y:      Live:         -                92M (6%)           92M (6%)           92M (6%)     
[2026-04-03T03:28:47.101+0600][51.679s][info][gc,heap     ] GC(71) y:   Garbage:         -               307M (21%)         243M (16%)          31M (2%)     
[2026-04-03T03:28:47.101+0600][51.679s][info][gc,heap     ] GC(71) y: Allocated:         -                38M (3%)           40M (3%)           74M (5%)     
[2026-04-03T03:28:47.101+0600][51.679s][info][gc,heap     ] GC(71) y: Reclaimed:         -                  -                64M (4%)          276M (18%)    
[2026-04-03T03:28:47.101+0600][51.679s][info][gc,heap     ] GC(71) y:  Promoted:         -                  -                 0M (0%)            0M (0%)     
[2026-04-03T03:28:47.101+0600][51.679s][info][gc,heap     ] GC(71) y: Compacted:         -                  -                  -                29M (2%)     
[2026-04-03T03:28:47.101+0600][51.679s][info][gc,phases   ] GC(71) y: Young Generation 788M(53%)->586M(39%) 0.268s
[2026-04-03T03:28:47.101+0600][51.679s][info][gc          ] GC(71) Minor Collection (Allocation Rate) 788M(53%)->586M(39%) 0.269s
[2026-04-03T03:28:47.101+0600][51.680s][info][gc          ] GC(72) Minor Collection (Allocation Rate)
[2026-04-03T03:28:47.101+0600][51.680s][info][gc,task     ] GC(72) Using 3 Workers for Young Generation
[2026-04-03T03:28:47.102+0600][51.680s][info][gc,phases   ] GC(72) y: Young Generation
[2026-04-03T03:28:47.102+0600][51.680s][info][gc,phases   ] GC(72) y: Pause Mark Start 0.039ms
[2026-04-03T03:28:47.381+0600][51.959s][info][gc,phases   ] GC(72) y: Concurrent Mark 278.976ms
[2026-04-03T03:28:47.381+0600][51.960s][info][gc,phases   ] GC(72) y: Pause Mark End 0.072ms
[2026-04-03T03:28:47.382+0600][51.960s][info][gc,phases   ] GC(72) y: Concurrent Mark Free 0.001ms
[2026-04-03T03:28:47.382+0600][51.960s][info][gc,phases   ] GC(72) y: Concurrent Reset Relocation Set 0.043ms
[2026-04-03T03:28:47.388+0600][51.966s][info][gc,reloc    ] GC(72) y: Using tenuring threshold: 1 (Computed)
[2026-04-03T03:28:47.423+0600][52.001s][info][gc,phases   ] GC(72) y: Concurrent Select Relocation Set 41.231ms
[2026-04-03T03:28:47.423+0600][52.002s][info][gc,phases   ] GC(72) y: Pause Relocate Start 0.093ms
[2026-04-03T03:28:47.504+0600][52.083s][info][gc,phases   ] GC(72) y: Concurrent Relocate 80.806ms
[2026-04-03T03:28:47.504+0600][52.083s][info][gc,alloc    ] GC(72) y:                         Mark Start        Mark End      Relocate Start    Relocate End   
[2026-04-03T03:28:47.504+0600][52.083s][info][gc,alloc    ] GC(72) y: Allocation Stalls:          0                0                0                0         
[2026-04-03T03:28:47.504+0600][52.083s][info][gc,load     ] GC(72) y: Load: 4.46 (37%) / 4.56 (38%) / 5.03 (42%)
[2026-04-03T03:28:47.504+0600][52.083s][info][gc,mmu      ] GC(72) y: MMU: 2ms/90.6%, 5ms/96.2%, 10ms/98.1%, 20ms/99.1%, 50ms/99.5%, 100ms/99.7%
[2026-04-03T03:28:47.504+0600][52.083s][info][gc,marking  ] GC(72) y: Mark: 2 stripe(s), 3 proactive flush(es), 1 terminate flush(es), 0 completion(s), 0 continuation(s) 
[2026-04-03T03:28:47.505+0600][52.083s][info][gc,marking  ] GC(72) y: Mark Stack Usage: 32M
[2026-04-03T03:28:47.505+0600][52.083s][info][gc,nmethod  ] GC(72) y: NMethods: 6864 registered, 734 unregistered
[2026-04-03T03:28:47.505+0600][52.083s][info][gc,metaspace] GC(72) y: Metaspace: 71M used, 72M committed, 1088M reserved
[2026-04-03T03:28:47.505+0600][52.083s][info][gc,reloc    ] GC(72) y:                        Candidates     Selected     In-Place         Size        Empty    Relocated 
[2026-04-03T03:28:47.505+0600][52.083s][info][gc,reloc    ] GC(72) y: Small Pages:                   58           18            0         116M           4M           4M 
[2026-04-03T03:28:47.505+0600][52.083s][info][gc,reloc    ] GC(72) y: Medium Pages:                   2            0            0          64M          32M           0M 
[2026-04-03T03:28:47.505+0600][52.083s][info][gc,reloc    ] GC(72) y: Large Pages:                    3            0            0          18M           0M           0M 
[2026-04-03T03:28:47.505+0600][52.083s][info][gc,reloc    ] GC(72) y: Forwarding Usage: 4M
[2026-04-03T03:28:47.505+0600][52.083s][info][gc,reloc    ] GC(72) y: Age Table:
[2026-04-03T03:28:47.505+0600][52.083s][info][gc,reloc    ] GC(72) y:                    Live             Garbage             Small              Medium             Large        
[2026-04-03T03:28:47.505+0600][52.083s][info][gc,reloc    ] GC(72) y: Eden               3M (0%)           40M (3%)           6 / 3              1 / 0              0 / 0        
[2026-04-03T03:28:47.505+0600][52.083s][info][gc,reloc    ] GC(72) y: Survivor 1        37M (3%)           38M (3%)          16 / 3              1 / 0              2 / 0        
[2026-04-03T03:28:47.505+0600][52.083s][info][gc,reloc    ] GC(72) y: Survivor 2        29M (2%)           10M (1%)          17 / 5              0 / 0              1 / 0        
[2026-04-03T03:28:47.505+0600][52.083s][info][gc,reloc    ] GC(72) y: Survivor 3        23M (2%)            6M (0%)          15 / 3              0 / 0              0 / 0        
[2026-04-03T03:28:47.505+0600][52.083s][info][gc,reloc    ] GC(72) y: Survivor 4         0M (0%)            7M (0%)           4 / 4              0 / 0              0 / 0        
[2026-04-03T03:28:47.505+0600][52.083s][info][gc,heap     ] GC(72) y: Min Capacity: 8M(1%)
[2026-04-03T03:28:47.505+0600][52.083s][info][gc,heap     ] GC(72) y: Max Capacity: 1500M(100%)
[2026-04-03T03:28:47.505+0600][52.083s][info][gc,heap     ] GC(72) y: Soft Max Capacity: 1500M(100%)
[2026-04-03T03:28:47.505+0600][52.083s][info][gc,heap     ] GC(72) y: Heap Statistics:
[2026-04-03T03:28:47.505+0600][52.083s][info][gc,heap     ] GC(72) y:                Mark Start          Mark End        Relocate Start      Relocate End           High               Low         
[2026-04-03T03:28:47.505+0600][52.083s][info][gc,heap     ] GC(72) y:  Capacity:     1500M (100%)       1500M (100%)       1500M (100%)       1500M (100%)       1500M (100%)       1500M (100%)   
[2026-04-03T03:28:47.505+0600][52.083s][info][gc,heap     ] GC(72) y:      Free:      914M (61%)         806M (54%)         840M (56%)         862M (57%)         914M (61%)         806M (54%)    
[2026-04-03T03:28:47.505+0600][52.083s][info][gc,heap     ] GC(72) y:      Used:      586M (39%)         694M (46%)         660M (44%)         638M (43%)         694M (46%)         586M (39%)    
[2026-04-03T03:28:47.505+0600][52.083s][info][gc,heap     ] GC(72) y: Young Generation Statistics:
[2026-04-03T03:28:47.505+0600][52.083s][info][gc,heap     ] GC(72) y:                Mark Start          Mark End        Relocate Start      Relocate End    
[2026-04-03T03:28:47.505+0600][52.083s][info][gc,heap     ] GC(72) y:      Used:      198M (13%)         306M (20%)         186M (12%)         152M (10%)    
[2026-04-03T03:28:47.505+0600][52.083s][info][gc,heap     ] GC(72) y:      Live:         -                94M (6%)            9M (1%)            3M (0%)     
[2026-04-03T03:28:47.505+0600][52.083s][info][gc,heap     ] GC(72) y:   Garbage:         -               103M (7%)           66M (4%)           28M (2%)     
[2026-04-03T03:28:47.505+0600][52.083s][info][gc,heap     ] GC(72) y: Allocated:         -               108M (7%)          110M (7%)          119M (8%)     
[2026-04-03T03:28:47.505+0600][52.083s][info][gc,heap     ] GC(72) y: Reclaimed:         -                  -                37M (2%)           74M (5%)     
[2026-04-03T03:28:47.505+0600][52.083s][info][gc,heap     ] GC(72) y:  Promoted:         -                  -                84M (6%)           91M (6%)     
[2026-04-03T03:28:47.505+0600][52.083s][info][gc,heap     ] GC(72) y: Compacted:         -                  -                  -                 0M (0%)     
[2026-04-03T03:28:47.505+0600][52.083s][info][gc,phases   ] GC(72) y: Young Generation 586M(39%)->638M(43%) 0.403s
[2026-04-03T03:28:47.505+0600][52.083s][info][gc          ] GC(72) Minor Collection (Allocation Rate) 586M(39%)->638M(43%) 0.404s
[2026-04-03T03:28:47.505+0600][52.083s][info][gc          ] GC(73) Major Collection (Allocation Rate)
[2026-04-03T03:28:47.505+0600][52.083s][info][gc,task     ] GC(73) Using 3 Workers for Young Generation
[2026-04-03T03:28:47.505+0600][52.084s][info][gc,task     ] GC(73) Using 2 Workers for Old Generation
[2026-04-03T03:28:47.505+0600][52.084s][info][gc,phases   ] GC(73) Y: Young Generation
[2026-04-03T03:28:47.506+0600][52.084s][info][gc,phases   ] GC(73) Y: Pause Mark Start (Major) 0.057ms
[2026-04-03T03:28:47.585+0600][52.163s][info][gc,phases   ] GC(73) Y: Concurrent Mark 78.600ms
[2026-04-03T03:28:47.585+0600][52.163s][info][gc,phases   ] GC(73) Y: Pause Mark End 0.040ms
[2026-04-03T03:28:47.585+0600][52.163s][info][gc,phases   ] GC(73) Y: Concurrent Mark Free 0.003ms
[2026-04-03T03:28:47.585+0600][52.163s][info][gc,phases   ] GC(73) Y: Concurrent Reset Relocation Set 0.096ms
[2026-04-03T03:28:47.591+0600][52.169s][info][gc,reloc    ] GC(73) Y: Using tenuring threshold: 2 (Computed)
[2026-04-03T03:28:47.592+0600][52.170s][info][gc,phases   ] GC(73) Y: Concurrent Select Relocation Set 6.446ms
[2026-04-03T03:28:47.592+0600][52.170s][info][gc,phases   ] GC(73) Y: Pause Relocate Start 0.023ms
[2026-04-03T03:28:47.593+0600][52.171s][info][gc,phases   ] GC(73) Y: Concurrent Relocate 0.410ms
[2026-04-03T03:28:47.593+0600][52.171s][info][gc,alloc    ] GC(73) Y:                         Mark Start        Mark End      Relocate Start    Relocate End   
[2026-04-03T03:28:47.593+0600][52.171s][info][gc,alloc    ] GC(73) Y: Allocation Stalls:          0                0                0                0         
[2026-04-03T03:28:47.593+0600][52.171s][info][gc,load     ] GC(73) Y: Load: 4.46 (37%) / 4.56 (38%) / 5.03 (42%)
[2026-04-03T03:28:47.593+0600][52.171s][info][gc,mmu      ] GC(73) Y: MMU: 2ms/90.6%, 5ms/96.2%, 10ms/98.1%, 20ms/99.1%, 50ms/99.5%, 100ms/99.7%
[2026-04-03T03:28:47.593+0600][52.171s][info][gc,marking  ] GC(73) Y: Mark: 2 stripe(s), 10 proactive flush(es), 1 terminate flush(es), 0 completion(s), 0 continuation(s) 
[2026-04-03T03:28:47.593+0600][52.171s][info][gc,marking  ] GC(73) Y: Mark Stack Usage: 32M
[2026-04-03T03:28:47.593+0600][52.171s][info][gc,nmethod  ] GC(73) Y: NMethods: 6864 registered, 734 unregistered
[2026-04-03T03:28:47.593+0600][52.171s][info][gc,metaspace] GC(73) Y: Metaspace: 71M used, 72M committed, 1088M reserved
[2026-04-03T03:28:47.593+0600][52.171s][info][gc,reloc    ] GC(73) Y:                        Candidates     Selected     In-Place         Size        Empty    Relocated 
[2026-04-03T03:28:47.593+0600][52.171s][info][gc,reloc    ] GC(73) Y: Small Pages:                   28           10            0          56M          34M           0M 
[2026-04-03T03:28:47.593+0600][52.171s][info][gc,reloc    ] GC(73) Y: Medium Pages:                   3            0            0          96M          32M           0M 
[2026-04-03T03:28:47.593+0600][52.171s][info][gc,reloc    ] GC(73) Y: Large Pages:                    0            0            0           0M           0M           0M 
[2026-04-03T03:28:47.593+0600][52.171s][info][gc,reloc    ] GC(73) Y: Forwarding Usage: 0M
[2026-04-03T03:28:47.593+0600][52.171s][info][gc,reloc    ] GC(73) Y: Age Table:
[2026-04-03T03:28:47.593+0600][52.171s][info][gc,reloc    ] GC(73) Y:                    Live             Garbage             Small              Medium             Large        
[2026-04-03T03:28:47.593+0600][52.171s][info][gc,reloc    ] GC(73) Y: Eden              31M (2%)           82M (5%)          25 / 10             2 / 0              0 / 0        
[2026-04-03T03:28:47.593+0600][52.171s][info][gc,reloc    ] GC(73) Y: Survivor 1         0M (0%)           37M (3%)           3 / 0              1 / 0              0 / 0        
[2026-04-03T03:28:47.593+0600][52.171s][info][gc,heap     ] GC(73) Y: Min Capacity: 8M(1%)
[2026-04-03T03:28:47.593+0600][52.171s][info][gc,heap     ] GC(73) Y: Max Capacity: 1500M(100%)
[2026-04-03T03:28:47.593+0600][52.171s][info][gc,heap     ] GC(73) Y: Soft Max Capacity: 1500M(100%)
[2026-04-03T03:28:47.593+0600][52.171s][info][gc,heap     ] GC(73) Y: Heap Statistics:
[2026-04-03T03:28:47.593+0600][52.171s][info][gc,heap     ] GC(73) Y:                Mark Start          Mark End        Relocate Start      Relocate End           High               Low         
[2026-04-03T03:28:47.593+0600][52.171s][info][gc,heap     ] GC(73) Y:  Capacity:     1500M (100%)       1500M (100%)       1500M (100%)       1500M (100%)       1500M (100%)       1500M (100%)   
[2026-04-03T03:28:47.593+0600][52.171s][info][gc,heap     ] GC(73) Y:      Free:      862M (57%)         816M (54%)         882M (59%)         890M (59%)         890M (59%)         816M (54%)    
[2026-04-03T03:28:47.593+0600][52.171s][info][gc,heap     ] GC(73) Y:      Used:      638M (43%)         684M (46%)         618M (41%)         610M (41%)         684M (46%)         610M (41%)    
[2026-04-03T03:28:47.593+0600][52.171s][info][gc,heap     ] GC(73) Y: Young Generation Statistics:
[2026-04-03T03:28:47.593+0600][52.171s][info][gc,heap     ] GC(73) Y:                Mark Start          Mark End        Relocate Start      Relocate End    
[2026-04-03T03:28:47.593+0600][52.171s][info][gc,heap     ] GC(73) Y:      Used:      152M (10%)         198M (13%)         132M (9%)          124M (8%)     
[2026-04-03T03:28:47.593+0600][52.171s][info][gc,heap     ] GC(73) Y:      Live:         -                31M (2%)           31M (2%)           31M (2%)     
[2026-04-03T03:28:47.593+0600][52.171s][info][gc,heap     ] GC(73) Y:   Garbage:         -               120M (8%)           54M (4%)           32M (2%)     
[2026-04-03T03:28:47.593+0600][52.171s][info][gc,heap     ] GC(73) Y: Allocated:         -                46M (3%)           46M (3%)           59M (4%)     
[2026-04-03T03:28:47.593+0600][52.171s][info][gc,heap     ] GC(73) Y: Reclaimed:         -                  -                66M (4%)           87M (6%)     
[2026-04-03T03:28:47.593+0600][52.171s][info][gc,heap     ] GC(73) Y:  Promoted:         -                  -                 0M (0%)            0M (0%)     
[2026-04-03T03:28:47.593+0600][52.171s][info][gc,heap     ] GC(73) Y: Compacted:         -                  -                  -                 0M (0%)     
[2026-04-03T03:28:47.593+0600][52.171s][info][gc,phases   ] GC(73) Y: Young Generation 638M(43%)->610M(41%) 0.087s
[2026-04-03T03:28:47.593+0600][52.172s][info][gc,phases   ] GC(73) O: Old Generation
[2026-04-03T03:28:47.602+0600][52.181s][info][gc          ] GC(74) Minor Collection (Allocation Rate)
[2026-04-03T03:28:47.603+0600][52.181s][info][gc,task     ] GC(74) Using 1 Workers for Young Generation
[2026-04-03T03:28:47.603+0600][52.181s][info][gc,phases   ] GC(74) y: Young Generation
[2026-04-03T03:28:47.614+0600][52.192s][info][gc,phases   ] GC(74) y: Pause Mark Start 0.026ms
[2026-04-03T03:28:47.699+0600][52.277s][info][gc,phases   ] GC(74) y: Concurrent Mark 84.575ms
[2026-04-03T03:28:47.699+0600][52.277s][info][gc,phases   ] GC(74) y: Pause Mark End 0.038ms
[2026-04-03T03:28:47.699+0600][52.278s][info][gc,phases   ] GC(74) y: Concurrent Mark Free 0.003ms
[2026-04-03T03:28:47.700+0600][52.278s][info][gc,phases   ] GC(74) y: Concurrent Reset Relocation Set 0.004ms
[2026-04-03T03:28:47.706+0600][52.285s][info][gc,reloc    ] GC(74) y: Using tenuring threshold: 3 (Computed)
[2026-04-03T03:28:47.707+0600][52.286s][info][gc,phases   ] GC(74) y: Concurrent Select Relocation Set 7.665ms
[2026-04-03T03:28:47.708+0600][52.286s][info][gc,phases   ] GC(74) y: Pause Relocate Start 0.041ms
[2026-04-03T03:28:47.726+0600][52.304s][info][gc,phases   ] GC(74) y: Concurrent Relocate 18.108ms
[2026-04-03T03:28:47.726+0600][52.304s][info][gc,alloc    ] GC(74) y:                         Mark Start        Mark End      Relocate Start    Relocate End   
[2026-04-03T03:28:47.726+0600][52.304s][info][gc,alloc    ] GC(74) y: Allocation Stalls:          0                0                0                0         
[2026-04-03T03:28:47.726+0600][52.305s][info][gc,load     ] GC(74) y: Load: 4.46 (37%) / 4.56 (38%) / 5.03 (42%)
[2026-04-03T03:28:47.726+0600][52.305s][info][gc,mmu      ] GC(74) y: MMU: 2ms/90.6%, 5ms/96.2%, 10ms/98.1%, 20ms/99.1%, 50ms/99.5%, 100ms/99.7%
[2026-04-03T03:28:47.726+0600][52.305s][info][gc,marking  ] GC(74) y: Mark: 1 stripe(s), 2 proactive flush(es), 1 terminate flush(es), 0 completion(s), 0 continuation(s) 
[2026-04-03T03:28:47.726+0600][52.305s][info][gc,marking  ] GC(74) y: Mark Stack Usage: 32M
[2026-04-03T03:28:47.726+0600][52.305s][info][gc,nmethod  ] GC(74) y: NMethods: 6864 registered, 734 unregistered
[2026-04-03T03:28:47.726+0600][52.305s][info][gc,metaspace] GC(74) y: Metaspace: 71M used, 72M committed, 1088M reserved
[2026-04-03T03:28:47.726+0600][52.305s][info][gc,reloc    ] GC(74) y:                        Candidates     Selected     In-Place         Size        Empty    Relocated 
[2026-04-03T03:28:47.726+0600][52.305s][info][gc,reloc    ] GC(74) y: Small Pages:                   11           10            0          22M           0M           0M 
[2026-04-03T03:28:47.726+0600][52.305s][info][gc,reloc    ] GC(74) y: Medium Pages:                   3            1            0          96M           0M          10M 
[2026-04-03T03:28:47.726+0600][52.305s][info][gc,reloc    ] GC(74) y: Large Pages:                    2            0            0          12M           0M           0M 
[2026-04-03T03:28:47.726+0600][52.305s][info][gc,reloc    ] GC(74) y: Forwarding Usage: 0M
[2026-04-03T03:28:47.726+0600][52.305s][info][gc,reloc    ] GC(74) y: Age Table:
[2026-04-03T03:28:47.726+0600][52.305s][info][gc,reloc    ] GC(74) y:                    Live             Garbage             Small              Medium             Large        
[2026-04-03T03:28:47.726+0600][52.305s][info][gc,reloc    ] GC(74) y: Eden              21M (1%)           30M (2%)           4 / 3              1 / 0              2 / 0        
[2026-04-03T03:28:47.726+0600][52.305s][info][gc,reloc    ] GC(74) y: Survivor 1        23M (2%)           52M (4%)           6 / 6              2 / 1              0 / 0        
[2026-04-03T03:28:47.726+0600][52.305s][info][gc,reloc    ] GC(74) y: Survivor 2         0M (0%)            1M (0%)           1 / 1              0 / 0              0 / 0        
[2026-04-03T03:28:47.726+0600][52.305s][info][gc,heap     ] GC(74) y: Min Capacity: 8M(1%)
[2026-04-03T03:28:47.726+0600][52.305s][info][gc,heap     ] GC(74) y: Max Capacity: 1500M(100%)
[2026-04-03T03:28:47.727+0600][52.305s][info][gc,heap     ] GC(74) y: Soft Max Capacity: 1500M(100%)
[2026-04-03T03:28:47.727+0600][52.305s][info][gc,heap     ] GC(74) y: Heap Statistics:
[2026-04-03T03:28:47.727+0600][52.305s][info][gc,heap     ] GC(74) y:                Mark Start          Mark End        Relocate Start      Relocate End           High               Low         
[2026-04-03T03:28:47.727+0600][52.305s][info][gc,heap     ] GC(74) y:  Capacity:     1500M (100%)       1500M (100%)       1500M (100%)       1500M (100%)       1500M (100%)       1500M (100%)   
[2026-04-03T03:28:47.727+0600][52.305s][info][gc,heap     ] GC(74) y:      Free:      884M (59%)         838M (56%)         838M (56%)         782M (52%)         884M (59%)         704M (47%)    
[2026-04-03T03:28:47.727+0600][52.305s][info][gc,heap     ] GC(74) y:      Used:      616M (41%)         662M (44%)         662M (44%)         718M (48%)         796M (53%)         616M (41%)    
[2026-04-03T03:28:47.727+0600][52.305s][info][gc,heap     ] GC(74) y: Young Generation Statistics:
[2026-04-03T03:28:47.727+0600][52.305s][info][gc,heap     ] GC(74) y:                Mark Start          Mark End        Relocate Start      Relocate End    
[2026-04-03T03:28:47.727+0600][52.305s][info][gc,heap     ] GC(74) y:      Used:      130M (9%)          176M (12%)         176M (12%)         232M (15%)    
[2026-04-03T03:28:47.727+0600][52.305s][info][gc,heap     ] GC(74) y:      Live:         -                44M (3%)           44M (3%)           44M (3%)     
[2026-04-03T03:28:47.727+0600][52.305s][info][gc,heap     ] GC(74) y:   Garbage:         -                85M (6%)           85M (6%)           22M (1%)     
[2026-04-03T03:28:47.727+0600][52.305s][info][gc,heap     ] GC(74) y: Allocated:         -                46M (3%)           46M (3%)          165M (11%)    
[2026-04-03T03:28:47.727+0600][52.305s][info][gc,heap     ] GC(74) y: Reclaimed:         -                  -                 0M (0%)           63M (4%)     
[2026-04-03T03:28:47.727+0600][52.305s][info][gc,heap     ] GC(74) y:  Promoted:         -                  -                 0M (0%)            0M (0%)     
[2026-04-03T03:28:47.727+0600][52.305s][info][gc,heap     ] GC(74) y: Compacted:         -                  -                  -                22M (2%)     
[2026-04-03T03:28:47.727+0600][52.305s][info][gc,phases   ] GC(74) y: Young Generation 616M(41%)->718M(48%) 0.124s
[2026-04-03T03:28:47.727+0600][52.305s][info][gc          ] GC(74) Minor Collection (Allocation Rate) 616M(41%)->718M(48%) 0.124s
[2026-04-03T03:28:47.727+0600][52.305s][info][gc          ] GC(75) Minor Collection (Allocation Rate)
[2026-04-03T03:28:47.727+0600][52.305s][info][gc,task     ] GC(75) Using 1 Workers for Young Generation
[2026-04-03T03:28:47.727+0600][52.305s][info][gc,phases   ] GC(75) y: Young Generation
[2026-04-03T03:28:47.727+0600][52.306s][info][gc,phases   ] GC(75) y: Pause Mark Start 0.037ms
[2026-04-03T03:28:47.832+0600][52.410s][info][gc,phases   ] GC(75) y: Concurrent Mark 103.943ms
[2026-04-03T03:28:47.832+0600][52.410s][info][gc,phases   ] GC(75) y: Pause Mark End 0.034ms
[2026-04-03T03:28:47.832+0600][52.411s][info][gc,phases   ] GC(75) y: Concurrent Mark Free 0.004ms
[2026-04-03T03:28:47.832+0600][52.411s][info][gc,phases   ] GC(75) y: Concurrent Reset Relocation Set 0.006ms
[2026-04-03T03:28:47.836+0600][52.414s][info][gc,reloc    ] GC(75) y: Using tenuring threshold: 2 (Computed)
[2026-04-03T03:28:47.848+0600][52.427s][info][gc,phases   ] GC(75) y: Concurrent Select Relocation Set 16.081ms
[2026-04-03T03:28:47.849+0600][52.427s][info][gc,phases   ] GC(75) y: Pause Relocate Start 0.050ms
[2026-04-03T03:28:47.910+0600][52.489s][info][gc,phases   ] GC(75) y: Concurrent Relocate 61.274ms
[2026-04-03T03:28:47.911+0600][52.489s][info][gc,alloc    ] GC(75) y:                         Mark Start        Mark End      Relocate Start    Relocate End   
[2026-04-03T03:28:47.911+0600][52.489s][info][gc,alloc    ] GC(75) y: Allocation Stalls:          0                0                0                0         
[2026-04-03T03:28:47.911+0600][52.489s][info][gc,load     ] GC(75) y: Load: 4.46 (37%) / 4.56 (38%) / 5.03 (42%)
[2026-04-03T03:28:47.911+0600][52.489s][info][gc,mmu      ] GC(75) y: MMU: 2ms/90.6%, 5ms/96.2%, 10ms/98.1%, 20ms/99.1%, 50ms/99.5%, 100ms/99.7%
[2026-04-03T03:28:47.911+0600][52.489s][info][gc,marking  ] GC(75) y: Mark: 1 stripe(s), 2 proactive flush(es), 1 terminate flush(es), 0 completion(s), 0 continuation(s) 
[2026-04-03T03:28:47.911+0600][52.489s][info][gc,marking  ] GC(75) y: Mark Stack Usage: 32M
[2026-04-03T03:28:47.911+0600][52.489s][info][gc,nmethod  ] GC(75) y: NMethods: 6908 registered, 734 unregistered
[2026-04-03T03:28:47.911+0600][52.489s][info][gc,metaspace] GC(75) y: Metaspace: 71M used, 72M committed, 1088M reserved
[2026-04-03T03:28:47.911+0600][52.489s][info][gc,reloc    ] GC(75) y:                        Candidates     Selected     In-Place         Size        Empty    Relocated 
[2026-04-03T03:28:47.911+0600][52.489s][info][gc,reloc    ] GC(75) y: Small Pages:                   11            9            0          22M           2M           0M 
[2026-04-03T03:28:47.911+0600][52.489s][info][gc,reloc    ] GC(75) y: Medium Pages:                   6            4            0         192M           0M          20M 
[2026-04-03T03:28:47.911+0600][52.489s][info][gc,reloc    ] GC(75) y: Large Pages:                    3            0            0          18M           0M           0M 
[2026-04-03T03:28:47.911+0600][52.489s][info][gc,reloc    ] GC(75) y: Forwarding Usage: 0M
[2026-04-03T03:28:47.911+0600][52.489s][info][gc,reloc    ] GC(75) y: Age Table:
[2026-04-03T03:28:47.911+0600][52.489s][info][gc,reloc    ] GC(75) y:                    Live             Garbage             Small              Medium             Large        
[2026-04-03T03:28:47.911+0600][52.489s][info][gc,reloc    ] GC(75) y: Eden              12M (1%)           33M (2%)           4 / 2              1 / 1              1 / 0        
[2026-04-03T03:28:47.911+0600][52.489s][info][gc,reloc    ] GC(75) y: Survivor 1        21M (1%)           58M (4%)           2 / 2              2 / 2              2 / 0        
[2026-04-03T03:28:47.911+0600][52.489s][info][gc,reloc    ] GC(75) y: Survivor 2        18M (1%)           85M (6%)           4 / 4              3 / 1              0 / 0        
[2026-04-03T03:28:47.911+0600][52.489s][info][gc,reloc    ] GC(75) y: Survivor 3         0M (0%)            1M (0%)           1 / 1              0 / 0              0 / 0        
[2026-04-03T03:28:47.911+0600][52.489s][info][gc,heap     ] GC(75) y: Min Capacity: 8M(1%)
[2026-04-03T03:28:47.911+0600][52.489s][info][gc,heap     ] GC(75) y: Max Capacity: 1500M(100%)
[2026-04-03T03:28:47.911+0600][52.489s][info][gc,heap     ] GC(75) y: Soft Max Capacity: 1500M(100%)
[2026-04-03T03:28:47.911+0600][52.489s][info][gc,heap     ] GC(75) y: Heap Statistics:
[2026-04-03T03:28:47.911+0600][52.489s][info][gc,heap     ] GC(75) y:                Mark Start          Mark End        Relocate Start      Relocate End           High               Low         
[2026-04-03T03:28:47.911+0600][52.489s][info][gc,heap     ] GC(75) y:  Capacity:     1500M (100%)       1500M (100%)       1500M (100%)       1500M (100%)       1500M (100%)       1500M (100%)   
[2026-04-03T03:28:47.911+0600][52.489s][info][gc,heap     ] GC(75) y:      Free:      782M (52%)         738M (49%)         736M (49%)         718M (48%)         782M (52%)         636M (42%)    
[2026-04-03T03:28:47.911+0600][52.489s][info][gc,heap     ] GC(75) y:      Used:      718M (48%)         762M (51%)         764M (51%)         782M (52%)         864M (58%)         718M (48%)    
[2026-04-03T03:28:47.911+0600][52.489s][info][gc,heap     ] GC(75) y: Young Generation Statistics:
[2026-04-03T03:28:47.911+0600][52.489s][info][gc,heap     ] GC(75) y:                Mark Start          Mark End        Relocate Start      Relocate End    
[2026-04-03T03:28:47.911+0600][52.489s][info][gc,heap     ] GC(75) y:      Used:      232M (15%)         276M (18%)         246M (16%)         226M (15%)    
[2026-04-03T03:28:47.911+0600][52.489s][info][gc,heap     ] GC(75) y:      Live:         -                51M (3%)           39M (3%)           33M (2%)     
[2026-04-03T03:28:47.911+0600][52.489s][info][gc,heap     ] GC(75) y:   Garbage:         -               180M (12%)         158M (11%)           0M (0%)     
[2026-04-03T03:28:47.911+0600][52.489s][info][gc,heap     ] GC(75) y: Allocated:         -                44M (3%)           48M (3%)          192M (13%)    
[2026-04-03T03:28:47.911+0600][52.489s][info][gc,heap     ] GC(75) y: Reclaimed:         -                  -                21M (1%)          180M (12%)    
[2026-04-03T03:28:47.911+0600][52.489s][info][gc,heap     ] GC(75) y:  Promoted:         -                  -                12M (1%)           18M (1%)     
[2026-04-03T03:28:47.911+0600][52.489s][info][gc,heap     ] GC(75) y: Compacted:         -                  -                  -                15M (1%)     
[2026-04-03T03:28:47.911+0600][52.489s][info][gc,phases   ] GC(75) y: Young Generation 718M(48%)->782M(52%) 0.184s
[2026-04-03T03:28:47.911+0600][52.490s][info][gc          ] GC(75) Minor Collection (Allocation Rate) 718M(48%)->782M(52%) 0.184s
[2026-04-03T03:28:47.911+0600][52.490s][info][gc,task     ] Adjusting Workers for Old Generation: 2 -> 1
[2026-04-03T03:28:47.912+0600][52.490s][info][gc          ] GC(76) Minor Collection (Allocation Rate)
[2026-04-03T03:28:47.912+0600][52.490s][info][gc,task     ] GC(76) Using 2 Workers for Young Generation
[2026-04-03T03:28:47.912+0600][52.490s][info][gc,phases   ] GC(76) y: Young Generation
[2026-04-03T03:28:47.912+0600][52.490s][info][gc,phases   ] GC(76) y: Pause Mark Start 0.101ms
[2026-04-03T03:28:47.950+0600][52.529s][info][gc,phases   ] GC(76) y: Concurrent Mark 38.122ms
[2026-04-03T03:28:47.952+0600][52.530s][info][gc,phases   ] GC(76) y: Pause Mark End 0.031ms
[2026-04-03T03:28:47.952+0600][52.530s][info][gc,phases   ] GC(76) y: Concurrent Mark Free 0.004ms
[2026-04-03T03:28:47.952+0600][52.530s][info][gc,phases   ] GC(76) y: Concurrent Reset Relocation Set 0.011ms
[2026-04-03T03:28:47.954+0600][52.532s][info][gc,reloc    ] GC(76) y: Using tenuring threshold: 2 (Computed)
[2026-04-03T03:28:47.973+0600][52.552s][info][gc,phases   ] GC(76) y: Concurrent Select Relocation Set 21.566ms
[2026-04-03T03:28:47.974+0600][52.552s][info][gc,phases   ] GC(76) y: Pause Relocate Start 0.027ms
[2026-04-03T03:28:48.005+0600][52.583s][info][gc,phases   ] GC(76) y: Concurrent Relocate 30.754ms
[2026-04-03T03:28:48.005+0600][52.583s][info][gc,alloc    ] GC(76) y:                         Mark Start        Mark End      Relocate Start    Relocate End   
[2026-04-03T03:28:48.005+0600][52.583s][info][gc,alloc    ] GC(76) y: Allocation Stalls:          0                0                0                0         
[2026-04-03T03:28:48.005+0600][52.583s][info][gc,load     ] GC(76) y: Load: 4.46 (37%) / 4.56 (38%) / 5.03 (42%)
[2026-04-03T03:28:48.005+0600][52.583s][info][gc,mmu      ] GC(76) y: MMU: 2ms/90.6%, 5ms/96.2%, 10ms/98.1%, 20ms/99.1%, 50ms/99.5%, 100ms/99.7%
[2026-04-03T03:28:48.005+0600][52.583s][info][gc,marking  ] GC(76) y: Mark: 2 stripe(s), 4 proactive flush(es), 1 terminate flush(es), 0 completion(s), 0 continuation(s) 
[2026-04-03T03:28:48.005+0600][52.583s][info][gc,marking  ] GC(76) y: Mark Stack Usage: 32M
[2026-04-03T03:28:48.005+0600][52.583s][info][gc,nmethod  ] GC(76) y: NMethods: 6937 registered, 734 unregistered
[2026-04-03T03:28:48.005+0600][52.583s][info][gc,metaspace] GC(76) y: Metaspace: 71M used, 72M committed, 1088M reserved
[2026-04-03T03:28:48.005+0600][52.583s][info][gc,reloc    ] GC(76) y:                        Candidates     Selected     In-Place         Size        Empty    Relocated 
[2026-04-03T03:28:48.005+0600][52.584s][info][gc,reloc    ] GC(76) y: Small Pages:                   18           16            0          36M           0M           1M 
[2026-04-03T03:28:48.005+0600][52.584s][info][gc,reloc    ] GC(76) y: Medium Pages:                   5            3            0         160M           0M          12M 
[2026-04-03T03:28:48.005+0600][52.584s][info][gc,reloc    ] GC(76) y: Large Pages:                    5            0            0          30M           6M           0M 
[2026-04-03T03:28:48.005+0600][52.584s][info][gc,reloc    ] GC(76) y: Forwarding Usage: 1M
[2026-04-03T03:28:48.005+0600][52.584s][info][gc,reloc    ] GC(76) y: Age Table:
[2026-04-03T03:28:48.005+0600][52.584s][info][gc,reloc    ] GC(76) y:                    Live             Garbage             Small              Medium             Large        
[2026-04-03T03:28:48.005+0600][52.584s][info][gc,reloc    ] GC(76) y: Eden              26M (2%)           49M (3%)          16 / 14             1 / 0              2 / 0        
[2026-04-03T03:28:48.005+0600][52.584s][info][gc,reloc    ] GC(76) y: Survivor 1        12M (1%)           59M (4%)           1 / 1              2 / 1              1 / 0        
[2026-04-03T03:28:48.005+0600][52.584s][info][gc,reloc    ] GC(76) y: Survivor 2        21M (1%)           56M (4%)           1 / 1              2 / 2              2 / 0        
[2026-04-03T03:28:48.005+0600][52.584s][info][gc,heap     ] GC(76) y: Min Capacity: 8M(1%)
[2026-04-03T03:28:48.005+0600][52.584s][info][gc,heap     ] GC(76) y: Max Capacity: 1500M(100%)
[2026-04-03T03:28:48.005+0600][52.584s][info][gc,heap     ] GC(76) y: Soft Max Capacity: 1500M(100%)
[2026-04-03T03:28:48.005+0600][52.584s][info][gc,heap     ] GC(76) y: Heap Statistics:
[2026-04-03T03:28:48.005+0600][52.584s][info][gc,heap     ] GC(76) y:                Mark Start          Mark End        Relocate Start      Relocate End           High               Low         
[2026-04-03T03:28:48.005+0600][52.584s][info][gc,heap     ] GC(76) y:  Capacity:     1500M (100%)       1500M (100%)       1500M (100%)       1500M (100%)       1500M (100%)       1500M (100%)   
[2026-04-03T03:28:48.005+0600][52.584s][info][gc,heap     ] GC(76) y:      Free:      718M (48%)         654M (44%)         632M (42%)         658M (44%)         718M (48%)         558M (37%)    
[2026-04-03T03:28:48.005+0600][52.584s][info][gc,heap     ] GC(76) y:      Used:      782M (52%)         846M (56%)         868M (58%)         842M (56%)         942M (63%)         782M (52%)    
[2026-04-03T03:28:48.005+0600][52.584s][info][gc,heap     ] GC(76) y: Young Generation Statistics:
[2026-04-03T03:28:48.005+0600][52.584s][info][gc,heap     ] GC(76) y:                Mark Start          Mark End        Relocate Start      Relocate End    
[2026-04-03T03:28:48.006+0600][52.584s][info][gc,heap     ] GC(76) y:      Used:      226M (15%)         290M (19%)         300M (20%)         240M (16%)    
[2026-04-03T03:28:48.006+0600][52.584s][info][gc,heap     ] GC(76) y:      Live:         -                59M (4%)           47M (3%)           38M (3%)     
[2026-04-03T03:28:48.006+0600][52.584s][info][gc,heap     ] GC(76) y:   Garbage:         -               166M (11%)         160M (11%)          15M (1%)     
[2026-04-03T03:28:48.006+0600][52.584s][info][gc,heap     ] GC(76) y: Allocated:         -                64M (4%)           92M (6%)          186M (12%)    
[2026-04-03T03:28:48.006+0600][52.584s][info][gc,heap     ] GC(76) y: Reclaimed:         -                  -                 6M (0%)          151M (10%)    
[2026-04-03T03:28:48.006+0600][52.584s][info][gc,heap     ] GC(76) y:  Promoted:         -                  -                12M (1%)           21M (1%)     
[2026-04-03T03:28:48.006+0600][52.584s][info][gc,heap     ] GC(76) y: Compacted:         -                  -                  -                 7M (1%)     
[2026-04-03T03:28:48.006+0600][52.584s][info][gc,phases   ] GC(76) y: Young Generation 782M(52%)->842M(56%) 0.094s
[2026-04-03T03:28:48.006+0600][52.584s][info][gc          ] GC(76) Minor Collection (Allocation Rate) 782M(52%)->842M(56%) 0.094s
[2026-04-03T03:28:48.118+0600][52.696s][info][gc          ] GC(77) Minor Collection (Allocation Rate)
[2026-04-03T03:28:48.118+0600][52.696s][info][gc,task     ] GC(77) Using 2 Workers for Young Generation
[2026-04-03T03:28:48.118+0600][52.696s][info][gc,phases   ] GC(77) y: Young Generation
[2026-04-03T03:28:48.118+0600][52.696s][info][gc,phases   ] GC(77) y: Pause Mark Start 0.035ms
[2026-04-03T03:28:48.194+0600][52.772s][info][gc,phases   ] GC(77) y: Concurrent Mark 75.895ms
[2026-04-03T03:28:48.194+0600][52.772s][info][gc,phases   ] GC(77) y: Pause Mark End 0.025ms
[2026-04-03T03:28:48.194+0600][52.773s][info][gc,phases   ] GC(77) y: Concurrent Mark Free 0.001ms
[2026-04-03T03:28:48.194+0600][52.773s][info][gc,phases   ] GC(77) y: Concurrent Reset Relocation Set 0.011ms
[2026-04-03T03:28:48.196+0600][52.775s][info][gc,reloc    ] GC(77) y: Using tenuring threshold: 2 (Computed)
[2026-04-03T03:28:48.219+0600][52.797s][info][gc,phases   ] GC(77) y: Concurrent Select Relocation Set 24.668ms
[2026-04-03T03:28:48.219+0600][52.798s][info][gc,phases   ] GC(77) y: Pause Relocate Start 0.021ms
[2026-04-03T03:28:48.289+0600][52.867s][info][gc,phases   ] GC(77) y: Concurrent Relocate 69.314ms
[2026-04-03T03:28:48.289+0600][52.867s][info][gc,alloc    ] GC(77) y:                         Mark Start        Mark End      Relocate Start    Relocate End   
[2026-04-03T03:28:48.289+0600][52.867s][info][gc,alloc    ] GC(77) y: Allocation Stalls:          0                0                0                0         
[2026-04-03T03:28:48.289+0600][52.867s][info][gc,load     ] GC(77) y: Load: 4.46 (37%) / 4.56 (38%) / 5.03 (42%)
[2026-04-03T03:28:48.289+0600][52.867s][info][gc,mmu      ] GC(77) y: MMU: 2ms/90.6%, 5ms/96.2%, 10ms/98.1%, 20ms/99.1%, 50ms/99.5%, 100ms/99.7%
[2026-04-03T03:28:48.289+0600][52.867s][info][gc,marking  ] GC(77) y: Mark: 2 stripe(s), 3 proactive flush(es), 1 terminate flush(es), 0 completion(s), 0 continuation(s) 
[2026-04-03T03:28:48.289+0600][52.867s][info][gc,marking  ] GC(77) y: Mark Stack Usage: 32M
[2026-04-03T03:28:48.289+0600][52.867s][info][gc,nmethod  ] GC(77) y: NMethods: 6982 registered, 734 unregistered
[2026-04-03T03:28:48.289+0600][52.867s][info][gc,metaspace] GC(77) y: Metaspace: 71M used, 72M committed, 1088M reserved
[2026-04-03T03:28:48.289+0600][52.867s][info][gc,reloc    ] GC(77) y:                        Candidates     Selected     In-Place         Size        Empty    Relocated 
[2026-04-03T03:28:48.289+0600][52.867s][info][gc,reloc    ] GC(77) y: Small Pages:                  107           92            0         214M           2M          19M 
[2026-04-03T03:28:48.289+0600][52.867s][info][gc,reloc    ] GC(77) y: Medium Pages:                   5            3            0         160M           0M          29M 
[2026-04-03T03:28:48.289+0600][52.867s][info][gc,reloc    ] GC(77) y: Large Pages:                   10            0            0          64M          32M           0M 
[2026-04-03T03:28:48.289+0600][52.867s][info][gc,reloc    ] GC(77) y: Forwarding Usage: 22M
[2026-04-03T03:28:48.289+0600][52.867s][info][gc,reloc    ] GC(77) y: Age Table:
[2026-04-03T03:28:48.289+0600][52.867s][info][gc,reloc    ] GC(77) y:                    Live             Garbage             Small              Medium             Large        
[2026-04-03T03:28:48.289+0600][52.867s][info][gc,reloc    ] GC(77) y: Eden              77M (5%)          238M (16%)        100 / 88             2 / 1              8 / 0        
[2026-04-03T03:28:48.289+0600][52.867s][info][gc,reloc    ] GC(77) y: Survivor 1        13M (1%)           36M (2%)           6 / 3              1 / 1              1 / 0        
[2026-04-03T03:28:48.289+0600][52.867s][info][gc,reloc    ] GC(77) y: Survivor 2        12M (1%)           59M (4%)           1 / 1              2 / 1              1 / 0        
[2026-04-03T03:28:48.289+0600][52.867s][info][gc,heap     ] GC(77) y: Min Capacity: 8M(1%)
[2026-04-03T03:28:48.289+0600][52.867s][info][gc,heap     ] GC(77) y: Max Capacity: 1500M(100%)
[2026-04-03T03:28:48.289+0600][52.867s][info][gc,heap     ] GC(77) y: Soft Max Capacity: 1500M(100%)
[2026-04-03T03:28:48.289+0600][52.867s][info][gc,heap     ] GC(77) y: Heap Statistics:
[2026-04-03T03:28:48.289+0600][52.867s][info][gc,heap     ] GC(77) y:                Mark Start          Mark End        Relocate Start      Relocate End           High               Low         
[2026-04-03T03:28:48.289+0600][52.867s][info][gc,heap     ] GC(77) y:  Capacity:     1500M (100%)       1500M (100%)       1500M (100%)       1500M (100%)       1500M (100%)       1500M (100%)   
[2026-04-03T03:28:48.289+0600][52.867s][info][gc,heap     ] GC(77) y:      Free:      460M (31%)         344M (23%)         358M (24%)         540M (36%)         552M (37%)         288M (19%)    
[2026-04-03T03:28:48.289+0600][52.867s][info][gc,heap     ] GC(77) y:      Used:     1040M (69%)        1156M (77%)        1142M (76%)         960M (64%)        1212M (81%)         948M (63%)    
[2026-04-03T03:28:48.289+0600][52.867s][info][gc,heap     ] GC(77) y: Young Generation Statistics:
[2026-04-03T03:28:48.289+0600][52.867s][info][gc,heap     ] GC(77) y:                Mark Start          Mark End        Relocate Start      Relocate End    
[2026-04-03T03:28:48.289+0600][52.867s][info][gc,heap     ] GC(77) y:      Used:      438M (29%)         554M (37%)         534M (36%)         318M (21%)    
[2026-04-03T03:28:48.289+0600][52.867s][info][gc,heap     ] GC(77) y:      Live:         -               102M (7%)           96M (6%)           90M (6%)     
[2026-04-03T03:28:48.289+0600][52.867s][info][gc,heap     ] GC(77) y:   Garbage:         -               335M (22%)         301M (20%)           0M (0%)     
[2026-04-03T03:28:48.289+0600][52.867s][info][gc,heap     ] GC(77) y: Allocated:         -               116M (8%)          136M (9%)          227M (15%)    
[2026-04-03T03:28:48.289+0600][52.867s][info][gc,heap     ] GC(77) y: Reclaimed:         -                  -                34M (2%)          335M (22%)    
[2026-04-03T03:28:48.289+0600][52.867s][info][gc,heap     ] GC(77) y:  Promoted:         -                  -                 6M (0%)           12M (1%)     
[2026-04-03T03:28:48.289+0600][52.867s][info][gc,heap     ] GC(77) y: Compacted:         -                  -                  -                62M (4%)     
[2026-04-03T03:28:48.289+0600][52.867s][info][gc,phases   ] GC(77) y: Young Generation 1040M(69%)->960M(64%) 0.171s
[2026-04-03T03:28:48.289+0600][52.868s][info][gc          ] GC(77) Minor Collection (Allocation Rate) 1040M(69%)->960M(64%) 0.172s
[2026-04-03T03:28:48.304+0600][52.882s][info][gc          ] GC(78) Minor Collection (Allocation Rate)
[2026-04-03T03:28:48.304+0600][52.882s][info][gc,task     ] GC(78) Using 2 Workers for Young Generation
[2026-04-03T03:28:48.304+0600][52.882s][info][gc,phases   ] GC(78) y: Young Generation
[2026-04-03T03:28:48.304+0600][52.882s][info][gc,phases   ] GC(78) y: Pause Mark Start 0.023ms
[2026-04-03T03:28:48.419+0600][52.997s][info][gc,phases   ] GC(78) y: Concurrent Mark 114.775ms
[2026-04-03T03:28:48.419+0600][52.997s][info][gc,phases   ] GC(78) y: Pause Mark End 0.027ms
[2026-04-03T03:28:48.419+0600][52.998s][info][gc,phases   ] GC(78) y: Concurrent Mark Free 0.003ms
[2026-04-03T03:28:48.419+0600][52.998s][info][gc,phases   ] GC(78) y: Concurrent Reset Relocation Set 0.022ms
[2026-04-03T03:28:48.423+0600][53.001s][info][gc,reloc    ] GC(78) y: Using tenuring threshold: 3 (Computed)
[2026-04-03T03:28:48.425+0600][53.004s][info][gc,phases   ] GC(78) y: Concurrent Select Relocation Set 6.013ms
[2026-04-03T03:28:48.426+0600][53.004s][info][gc,phases   ] GC(78) y: Pause Relocate Start 0.023ms
[2026-04-03T03:28:48.461+0600][53.040s][info][gc,phases   ] GC(78) y: Concurrent Relocate 35.429ms
[2026-04-03T03:28:48.461+0600][53.040s][info][gc,alloc    ] GC(78) y:                         Mark Start        Mark End      Relocate Start    Relocate End   
[2026-04-03T03:28:48.461+0600][53.040s][info][gc,alloc    ] GC(78) y: Allocation Stalls:          0                0                0                0         
[2026-04-03T03:28:48.461+0600][53.040s][info][gc,load     ] GC(78) y: Load: 4.46 (37%) / 4.56 (38%) / 5.03 (42%)
[2026-04-03T03:28:48.462+0600][53.040s][info][gc,mmu      ] GC(78) y: MMU: 2ms/90.6%, 5ms/96.2%, 10ms/98.1%, 20ms/99.1%, 50ms/99.5%, 100ms/99.7%
[2026-04-03T03:28:48.462+0600][53.040s][info][gc,marking  ] GC(78) y: Mark: 2 stripe(s), 4 proactive flush(es), 1 terminate flush(es), 0 completion(s), 0 continuation(s) 
[2026-04-03T03:28:48.462+0600][53.040s][info][gc,marking  ] GC(78) y: Mark Stack Usage: 32M
[2026-04-03T03:28:48.462+0600][53.040s][info][gc,nmethod  ] GC(78) y: NMethods: 6990 registered, 734 unregistered
[2026-04-03T03:28:48.462+0600][53.040s][info][gc,metaspace] GC(78) y: Metaspace: 71M used, 72M committed, 1088M reserved
[2026-04-03T03:28:48.462+0600][53.040s][info][gc,reloc    ] GC(78) y:                        Candidates     Selected     In-Place         Size        Empty    Relocated 
[2026-04-03T03:28:48.462+0600][53.040s][info][gc,reloc    ] GC(78) y: Small Pages:                   83           62            0         166M           0M          13M 
[2026-04-03T03:28:48.462+0600][53.040s][info][gc,reloc    ] GC(78) y: Medium Pages:                   4            3            0         128M           0M          23M 
[2026-04-03T03:28:48.462+0600][53.040s][info][gc,reloc    ] GC(78) y: Large Pages:                    6            0            0          38M          18M           0M 
[2026-04-03T03:28:48.462+0600][53.040s][info][gc,reloc    ] GC(78) y: Forwarding Usage: 15M
[2026-04-03T03:28:48.462+0600][53.040s][info][gc,reloc    ] GC(78) y: Age Table:
[2026-04-03T03:28:48.462+0600][53.040s][info][gc,reloc    ] GC(78) y:                    Live             Garbage             Small              Medium             Large        
[2026-04-03T03:28:48.462+0600][53.040s][info][gc,reloc    ] GC(78) y: Eden              27M (2%)          152M (10%)         68 / 59             1 / 0              2 / 0        
[2026-04-03T03:28:48.462+0600][53.040s][info][gc,reloc    ] GC(78) y: Survivor 1        47M (3%)           66M (4%)          12 / 1              2 / 2              4 / 0        
[2026-04-03T03:28:48.462+0600][53.040s][info][gc,reloc    ] GC(78) y: Survivor 2         7M (1%)           30M (2%)           3 / 2              1 / 1              0 / 0        
[2026-04-03T03:28:48.462+0600][53.040s][info][gc,heap     ] GC(78) y: Min Capacity: 8M(1%)
[2026-04-03T03:28:48.462+0600][53.040s][info][gc,heap     ] GC(78) y: Max Capacity: 1500M(100%)
[2026-04-03T03:28:48.462+0600][53.040s][info][gc,heap     ] GC(78) y: Soft Max Capacity: 1500M(100%)
[2026-04-03T03:28:48.462+0600][53.040s][info][gc,heap     ] GC(78) y: Heap Statistics:
[2026-04-03T03:28:48.462+0600][53.040s][info][gc,heap     ] GC(78) y:                Mark Start          Mark End        Relocate Start      Relocate End           High               Low         
[2026-04-03T03:28:48.462+0600][53.040s][info][gc,heap     ] GC(78) y:  Capacity:     1500M (100%)       1500M (100%)       1500M (100%)       1500M (100%)       1500M (100%)       1500M (100%)   
[2026-04-03T03:28:48.462+0600][53.040s][info][gc,heap     ] GC(78) y:      Free:      526M (35%)         460M (31%)         474M (32%)         622M (41%)         622M (41%)         408M (27%)    
[2026-04-03T03:28:48.462+0600][53.040s][info][gc,heap     ] GC(78) y:      Used:      974M (65%)        1040M (69%)        1026M (68%)         878M (59%)        1092M (73%)         878M (59%)    
[2026-04-03T03:28:48.462+0600][53.040s][info][gc,heap     ] GC(78) y: Young Generation Statistics:
[2026-04-03T03:28:48.462+0600][53.040s][info][gc,heap     ] GC(78) y:                Mark Start          Mark End        Relocate Start      Relocate End    
[2026-04-03T03:28:48.462+0600][53.040s][info][gc,heap     ] GC(78) y:      Used:      332M (22%)         398M (27%)         384M (26%)         236M (16%)    
[2026-04-03T03:28:48.462+0600][53.040s][info][gc,heap     ] GC(78) y:      Live:         -                82M (5%)           82M (5%)           82M (5%)     
[2026-04-03T03:28:48.462+0600][53.040s][info][gc,heap     ] GC(78) y:   Garbage:         -               249M (17%)         231M (15%)           1M (0%)     
[2026-04-03T03:28:48.462+0600][53.040s][info][gc,heap     ] GC(78) y: Allocated:         -                66M (4%)           70M (5%)          152M (10%)    
[2026-04-03T03:28:48.462+0600][53.040s][info][gc,heap     ] GC(78) y: Reclaimed:         -                  -                18M (1%)          248M (17%)    
[2026-04-03T03:28:48.462+0600][53.040s][info][gc,heap     ] GC(78) y:  Promoted:         -                  -                 0M (0%)            0M (0%)     
[2026-04-03T03:28:48.462+0600][53.040s][info][gc,heap     ] GC(78) y: Compacted:         -                  -                  -                39M (3%)     
[2026-04-03T03:28:48.462+0600][53.040s][info][gc,phases   ] GC(78) y: Young Generation 974M(65%)->878M(59%) 0.158s
[2026-04-03T03:28:48.462+0600][53.040s][info][gc          ] GC(78) Minor Collection (Allocation Rate) 972M(65%)->878M(59%) 0.158s
[2026-04-03T03:28:48.494+0600][53.072s][info][gc          ] GC(79) Minor Collection (Allocation Rate)
[2026-04-03T03:28:48.494+0600][53.073s][info][gc,task     ] GC(79) Using 2 Workers for Young Generation
[2026-04-03T03:28:48.494+0600][53.073s][info][gc,phases   ] GC(79) y: Young Generation
[2026-04-03T03:28:48.495+0600][53.073s][info][gc,phases   ] GC(79) y: Pause Mark Start 0.038ms
[2026-04-03T03:28:48.585+0600][53.163s][info][gc,phases   ] GC(73) O: Concurrent Mark 991.730ms
[2026-04-03T03:28:48.586+0600][53.164s][info][gc,phases   ] GC(73) O: Pause Mark End 0.030ms
[2026-04-03T03:28:48.586+0600][53.164s][info][gc,phases   ] GC(73) O: Concurrent Mark Free 0.001ms
[2026-04-03T03:28:48.607+0600][53.185s][info][gc,phases   ] GC(73) O: Concurrent Process Non-Strong 21.026ms
[2026-04-03T03:28:48.607+0600][53.185s][info][gc,phases   ] GC(73) O: Concurrent Reset Relocation Set 0.012ms
[2026-04-03T03:28:48.624+0600][53.202s][info][gc,phases   ] GC(73) O: Concurrent Select Relocation Set 17.071ms
[2026-04-03T03:28:48.652+0600][53.230s][info][gc,phases   ] GC(79) y: Concurrent Mark 157.417ms
[2026-04-03T03:28:48.652+0600][53.231s][info][gc,phases   ] GC(79) y: Pause Mark End 0.022ms
[2026-04-03T03:28:48.652+0600][53.231s][info][gc,phases   ] GC(79) y: Concurrent Mark Free 0.002ms
[2026-04-03T03:28:48.653+0600][53.231s][info][gc,phases   ] GC(79) y: Concurrent Reset Relocation Set 0.012ms
[2026-04-03T03:28:48.654+0600][53.232s][info][gc,reloc    ] GC(79) y: Using tenuring threshold: 1 (Computed)
[2026-04-03T03:28:48.672+0600][53.250s][info][gc,phases   ] GC(79) y: Concurrent Select Relocation Set 19.085ms
[2026-04-03T03:28:48.672+0600][53.250s][info][gc,phases   ] GC(79) y: Pause Relocate Start 0.012ms
[2026-04-03T03:28:48.711+0600][53.289s][info][gc,phases   ] GC(79) y: Concurrent Relocate 38.558ms
[2026-04-03T03:28:48.711+0600][53.289s][info][gc,alloc    ] GC(79) y:                         Mark Start        Mark End      Relocate Start    Relocate End   
[2026-04-03T03:28:48.711+0600][53.289s][info][gc,alloc    ] GC(79) y: Allocation Stalls:          0                0                0                0         
[2026-04-03T03:28:48.711+0600][53.289s][info][gc,load     ] GC(79) y: Load: 4.46 (37%) / 4.56 (38%) / 5.03 (42%)
[2026-04-03T03:28:48.711+0600][53.289s][info][gc,mmu      ] GC(79) y: MMU: 2ms/90.6%, 5ms/96.2%, 10ms/98.1%, 20ms/99.1%, 50ms/99.5%, 100ms/99.7%
[2026-04-03T03:28:48.711+0600][53.289s][info][gc,marking  ] GC(79) y: Mark: 2 stripe(s), 2 proactive flush(es), 1 terminate flush(es), 0 completion(s), 0 continuation(s) 
[2026-04-03T03:28:48.711+0600][53.289s][info][gc,marking  ] GC(79) y: Mark Stack Usage: 32M
[2026-04-03T03:28:48.711+0600][53.289s][info][gc,nmethod  ] GC(79) y: NMethods: 6986 registered, 773 unregistered
[2026-04-03T03:28:48.711+0600][53.289s][info][gc,metaspace] GC(79) y: Metaspace: 71M used, 72M committed, 1088M reserved
[2026-04-03T03:28:48.711+0600][53.289s][info][gc,reloc    ] GC(79) y:                        Candidates     Selected     In-Place         Size        Empty    Relocated 
[2026-04-03T03:28:48.711+0600][53.289s][info][gc,reloc    ] GC(79) y: Small Pages:                   62           23            0         124M          10M           4M 
[2026-04-03T03:28:48.711+0600][53.289s][info][gc,reloc    ] GC(79) y: Medium Pages:                   3            1            0          96M          32M           5M 
[2026-04-03T03:28:48.711+0600][53.289s][info][gc,reloc    ] GC(79) y: Large Pages:                    6            0            0          38M          20M           0M 
[2026-04-03T03:28:48.711+0600][53.289s][info][gc,reloc    ] GC(79) y: Forwarding Usage: 5M
[2026-04-03T03:28:48.711+0600][53.289s][info][gc,reloc    ] GC(79) y: Age Table:
[2026-04-03T03:28:48.711+0600][53.289s][info][gc,reloc    ] GC(79) y:                    Live             Garbage             Small              Medium             Large        
[2026-04-03T03:28:48.711+0600][53.289s][info][gc,reloc    ] GC(79) y: Eden              44M (3%)           51M (3%)          39 / 19             0 / 0              3 / 0        
[2026-04-03T03:28:48.711+0600][53.289s][info][gc,reloc    ] GC(79) y: Survivor 1        14M (1%)           47M (3%)           9 / 2              1 / 0              2 / 0        
[2026-04-03T03:28:48.711+0600][53.289s][info][gc,reloc    ] GC(79) y: Survivor 2        26M (2%)           37M (2%)          12 / 1              1 / 0              1 / 0        
[2026-04-03T03:28:48.711+0600][53.289s][info][gc,reloc    ] GC(79) y: Survivor 3         7M (1%)           28M (2%)           2 / 1              1 / 1              0 / 0        
[2026-04-03T03:28:48.711+0600][53.289s][info][gc,heap     ] GC(79) y: Min Capacity: 8M(1%)
[2026-04-03T03:28:48.711+0600][53.289s][info][gc,heap     ] GC(79) y: Max Capacity: 1500M(100%)
[2026-04-03T03:28:48.711+0600][53.289s][info][gc,heap     ] GC(79) y: Soft Max Capacity: 1500M(100%)
[2026-04-03T03:28:48.711+0600][53.289s][info][gc,heap     ] GC(79) y: Heap Statistics:
[2026-04-03T03:28:48.711+0600][53.289s][info][gc,heap     ] GC(79) y:                Mark Start          Mark End        Relocate Start      Relocate End           High               Low         
[2026-04-03T03:28:48.711+0600][53.289s][info][gc,heap     ] GC(79) y:  Capacity:     1500M (100%)       1500M (100%)       1500M (100%)       1500M (100%)       1500M (100%)       1500M (100%)   
[2026-04-03T03:28:48.711+0600][53.289s][info][gc,heap     ] GC(79) y:      Free:      600M (40%)         542M (36%)         576M (38%)         582M (39%)         624M (42%)         418M (28%)    
[2026-04-03T03:28:48.711+0600][53.289s][info][gc,heap     ] GC(79) y:      Used:      900M (60%)         958M (64%)         924M (62%)         918M (61%)        1082M (72%)         876M (58%)    
[2026-04-03T03:28:48.711+0600][53.289s][info][gc,heap     ] GC(79) y: Young Generation Statistics:
[2026-04-03T03:28:48.711+0600][53.289s][info][gc,heap     ] GC(79) y:                Mark Start          Mark End        Relocate Start      Relocate End    
[2026-04-03T03:28:48.711+0600][53.289s][info][gc,heap     ] GC(79) y:      Used:      258M (17%)         498M (33%)         426M (28%)         384M (26%)    
[2026-04-03T03:28:48.711+0600][53.289s][info][gc,heap     ] GC(79) y:      Live:         -                93M (6%)           57M (4%)           44M (3%)     
[2026-04-03T03:28:48.711+0600][53.289s][info][gc,heap     ] GC(79) y:   Garbage:         -               164M (11%)         100M (7%)            1M (0%)     
[2026-04-03T03:28:48.711+0600][53.289s][info][gc,heap     ] GC(79) y: Allocated:         -               240M (16%)         268M (18%)         338M (23%)    
[2026-04-03T03:28:48.711+0600][53.289s][info][gc,heap     ] GC(79) y: Reclaimed:         -                  -                63M (4%)          163M (11%)    
[2026-04-03T03:28:48.711+0600][53.289s][info][gc,heap     ] GC(79) y:  Promoted:         -                  -                36M (2%)           49M (3%)     
[2026-04-03T03:28:48.711+0600][53.289s][info][gc,heap     ] GC(79) y: Compacted:         -                  -                  -                 3M (0%)     
[2026-04-03T03:28:48.711+0600][53.289s][info][gc,phases   ] GC(79) y: Young Generation 900M(60%)->918M(61%) 0.216s
[2026-04-03T03:28:48.711+0600][53.289s][info][gc          ] GC(79) Minor Collection (Allocation Rate) 900M(60%)->918M(61%) 0.217s
[2026-04-03T03:28:48.711+0600][53.289s][info][gc,task     ] GC(73) O: Using 3 Workers for Old Generation
[2026-04-03T03:28:48.732+0600][53.311s][info][gc,task     ] GC(73) O: Using 1 Workers for Old Generation
[2026-04-03T03:28:48.733+0600][53.311s][info][gc,phases   ] GC(73) O: Concurrent Remap Roots 21.552ms
[2026-04-03T03:28:48.733+0600][53.311s][info][gc,phases   ] GC(73) O: Pause Relocate Start 0.021ms
[2026-04-03T03:28:48.765+0600][53.343s][info][gc          ] GC(80) Minor Collection (Allocation Rate)
[2026-04-03T03:28:48.765+0600][53.344s][info][gc,task     ] GC(80) Using 2 Workers for Young Generation
[2026-04-03T03:28:48.765+0600][53.344s][info][gc,phases   ] GC(80) y: Young Generation
[2026-04-03T03:28:48.766+0600][53.344s][info][gc,phases   ] GC(80) y: Pause Mark Start 0.024ms
[2026-04-03T03:28:48.853+0600][53.432s][info][gc,phases   ] GC(80) y: Concurrent Mark 87.235ms
[2026-04-03T03:28:48.854+0600][53.433s][info][gc,phases   ] GC(80) y: Pause Mark End 0.024ms
[2026-04-03T03:28:48.855+0600][53.433s][info][gc,phases   ] GC(80) y: Concurrent Mark Free 0.003ms
[2026-04-03T03:28:48.855+0600][53.433s][info][gc,phases   ] GC(80) y: Concurrent Reset Relocation Set 0.059ms
[2026-04-03T03:28:48.857+0600][53.435s][info][gc,reloc    ] GC(80) y: Using tenuring threshold: 1 (Computed)
[2026-04-03T03:28:48.875+0600][53.454s][info][gc,phases   ] GC(80) y: Concurrent Select Relocation Set 20.503ms
[2026-04-03T03:28:48.883+0600][53.461s][info][gc,phases   ] GC(80) y: Pause Relocate Start 0.043ms
[2026-04-03T03:28:48.903+0600][53.481s][info][gc,phases   ] GC(73) O: Concurrent Relocate 170.311ms
[2026-04-03T03:28:48.919+0600][53.497s][info][gc,phases   ] GC(80) y: Concurrent Relocate 35.475ms
[2026-04-03T03:28:48.919+0600][53.497s][info][gc,alloc    ] GC(80) y:                         Mark Start        Mark End      Relocate Start    Relocate End   
[2026-04-03T03:28:48.919+0600][53.497s][info][gc,alloc    ] GC(80) y: Allocation Stalls:          0                0                0                0         
[2026-04-03T03:28:48.919+0600][53.497s][info][gc,load     ] GC(80) y: Load: 4.46 (37%) / 4.56 (38%) / 5.03 (42%)
[2026-04-03T03:28:48.919+0600][53.497s][info][gc,mmu      ] GC(80) y: MMU: 2ms/90.6%, 5ms/96.2%, 10ms/98.1%, 20ms/99.1%, 50ms/99.5%, 100ms/99.7%
[2026-04-03T03:28:48.919+0600][53.497s][info][gc,marking  ] GC(80) y: Mark: 2 stripe(s), 2 proactive flush(es), 1 terminate flush(es), 0 completion(s), 0 continuation(s) 
[2026-04-03T03:28:48.919+0600][53.497s][info][gc,marking  ] GC(80) y: Mark Stack Usage: 32M
[2026-04-03T03:28:48.919+0600][53.497s][info][gc,nmethod  ] GC(80) y: NMethods: 6989 registered, 773 unregistered
[2026-04-03T03:28:48.919+0600][53.497s][info][gc,metaspace] GC(80) y: Metaspace: 71M used, 72M committed, 1088M reserved
[2026-04-03T03:28:48.919+0600][53.497s][info][gc,reloc    ] GC(80) y:                        Candidates     Selected     In-Place         Size        Empty    Relocated 
[2026-04-03T03:28:48.919+0600][53.497s][info][gc,reloc    ] GC(80) y: Small Pages:                  233           11            0         466M         398M           2M 
[2026-04-03T03:28:48.919+0600][53.497s][info][gc,reloc    ] GC(80) y: Medium Pages:                   0            0            0           0M           0M           0M 
[2026-04-03T03:28:48.919+0600][53.497s][info][gc,reloc    ] GC(80) y: Large Pages:                    4            0            0          24M           6M           0M 
[2026-04-03T03:28:48.919+0600][53.497s][info][gc,reloc    ] GC(80) y: Forwarding Usage: 3M
[2026-04-03T03:28:48.919+0600][53.497s][info][gc,reloc    ] GC(80) y: Age Table:
[2026-04-03T03:28:48.919+0600][53.497s][info][gc,reloc    ] GC(80) y:                    Live             Garbage             Small              Medium             Large        
[2026-04-03T03:28:48.919+0600][53.497s][info][gc,reloc    ] GC(80) y: Eden              24M (2%)          417M (28%)        218 / 8              0 / 0              1 / 0        
[2026-04-03T03:28:48.919+0600][53.497s][info][gc,reloc    ] GC(80) y: Survivor 1        38M (3%)            9M (1%)          15 / 3              0 / 0              3 / 0        
[2026-04-03T03:28:48.919+0600][53.497s][info][gc,heap     ] GC(80) y: Min Capacity: 8M(1%)
[2026-04-03T03:28:48.919+0600][53.497s][info][gc,heap     ] GC(80) y: Max Capacity: 1500M(100%)
[2026-04-03T03:28:48.919+0600][53.497s][info][gc,heap     ] GC(80) y: Soft Max Capacity: 1500M(100%)
[2026-04-03T03:28:48.919+0600][53.497s][info][gc,heap     ] GC(80) y: Heap Statistics:
[2026-04-03T03:28:48.919+0600][53.497s][info][gc,heap     ] GC(80) y:                Mark Start          Mark End        Relocate Start      Relocate End           High               Low         
[2026-04-03T03:28:48.919+0600][53.497s][info][gc,heap     ] GC(80) y:  Capacity:     1500M (100%)       1500M (100%)       1500M (100%)       1500M (100%)       1500M (100%)       1500M (100%)   
[2026-04-03T03:28:48.919+0600][53.497s][info][gc,heap     ] GC(80) y:      Free:      508M (34%)         306M (20%)         704M (47%)         726M (48%)         726M (48%)         304M (20%)    
[2026-04-03T03:28:48.919+0600][53.497s][info][gc,heap     ] GC(80) y:      Used:      992M (66%)        1194M (80%)         796M (53%)         774M (52%)        1196M (80%)         774M (52%)    
[2026-04-03T03:28:48.919+0600][53.497s][info][gc,heap     ] GC(80) y: Young Generation Statistics:
[2026-04-03T03:28:48.919+0600][53.497s][info][gc,heap     ] GC(80) y:                Mark Start          Mark End        Relocate Start      Relocate End    
[2026-04-03T03:28:48.919+0600][53.497s][info][gc,heap     ] GC(80) y:      Used:      490M (33%)         700M (47%)         268M (18%)         244M (16%)    
[2026-04-03T03:28:48.919+0600][53.497s][info][gc,heap     ] GC(80) y:      Live:         -                62M (4%)           27M (2%)           24M (2%)     
[2026-04-03T03:28:48.919+0600][53.497s][info][gc,heap     ] GC(80) y:   Garbage:         -               427M (28%)          22M (2%)            0M (0%)     
[2026-04-03T03:28:48.919+0600][53.497s][info][gc,heap     ] GC(80) y: Allocated:         -               210M (14%)         218M (15%)         219M (15%)    
[2026-04-03T03:28:48.919+0600][53.497s][info][gc,heap     ] GC(80) y: Reclaimed:         -                  -               404M (27%)         426M (28%)    
[2026-04-03T03:28:48.919+0600][53.497s][info][gc,heap     ] GC(80) y:  Promoted:         -                  -                35M (2%)           38M (3%)     
[2026-04-03T03:28:48.919+0600][53.497s][info][gc,heap     ] GC(80) y: Compacted:         -                  -                  -                 0M (0%)     
[2026-04-03T03:28:48.919+0600][53.497s][info][gc,phases   ] GC(80) y: Young Generation 994M(66%)->774M(52%) 0.153s
[2026-04-03T03:28:48.919+0600][53.497s][info][gc          ] GC(80) Minor Collection (Allocation Rate) 994M(66%)->774M(52%) 0.154s
[2026-04-03T03:28:48.919+0600][53.497s][info][gc,alloc    ] GC(73) O:                         Mark Start        Mark End      Relocate Start    Relocate End   
[2026-04-03T03:28:48.919+0600][53.497s][info][gc,alloc    ] GC(73) O: Allocation Stalls:          0                0                0                0         
[2026-04-03T03:28:48.919+0600][53.497s][info][gc,load     ] GC(73) O: Load: 4.46 (37%) / 4.56 (38%) / 5.03 (42%)
[2026-04-03T03:28:48.919+0600][53.497s][info][gc,mmu      ] GC(73) O: MMU: 2ms/90.6%, 5ms/96.2%, 10ms/98.1%, 20ms/99.1%, 50ms/99.5%, 100ms/99.7%
[2026-04-03T03:28:48.919+0600][53.497s][info][gc,marking  ] GC(73) O: Mark: 2 stripe(s), 2 proactive flush(es), 1 terminate flush(es), 0 completion(s), 0 continuation(s) 
[2026-04-03T03:28:48.919+0600][53.497s][info][gc,marking  ] GC(73) O: Mark Stack Usage: 32M
[2026-04-03T03:28:48.919+0600][53.497s][info][gc,nmethod  ] GC(73) O: NMethods: 6989 registered, 773 unregistered
[2026-04-03T03:28:48.919+0600][53.497s][info][gc,metaspace] GC(73) O: Metaspace: 71M used, 72M committed, 1088M reserved
[2026-04-03T03:28:48.919+0600][53.497s][info][gc,ref      ] GC(73) O:                       Encountered   Discovered     Enqueued 
[2026-04-03T03:28:48.919+0600][53.497s][info][gc,ref      ] GC(73) O: Soft References:             5095            0            0 
[2026-04-03T03:28:48.919+0600][53.497s][info][gc,ref      ] GC(73) O: Weak References:             7107         5352          364 
[2026-04-03T03:28:48.919+0600][53.497s][info][gc,ref      ] GC(73) O: Final References:              84           48            0 
[2026-04-03T03:28:48.919+0600][53.497s][info][gc,ref      ] GC(73) O: Phantom References:           598          389            0 
[2026-04-03T03:28:48.919+0600][53.497s][info][gc,reloc    ] GC(73) O:                        Candidates     Selected     In-Place         Size        Empty    Relocated 
[2026-04-03T03:28:48.919+0600][53.497s][info][gc,reloc    ] GC(73) O: Small Pages:                  175           23            0         350M          78M          12M 
[2026-04-03T03:28:48.919+0600][53.497s][info][gc,reloc    ] GC(73) O: Medium Pages:                   2            0            0          64M          32M           0M 
[2026-04-03T03:28:48.919+0600][53.497s][info][gc,reloc    ] GC(73) O: Large Pages:                    6            0            0          72M          72M           0M 
[2026-04-03T03:28:48.919+0600][53.497s][info][gc,reloc    ] GC(73) O: Forwarding Usage: 38M
[2026-04-03T03:28:48.919+0600][53.497s][info][gc,heap     ] GC(73) O: Min Capacity: 8M(1%)
[2026-04-03T03:28:48.919+0600][53.497s][info][gc,heap     ] GC(73) O: Max Capacity: 1500M(100%)
[2026-04-03T03:28:48.919+0600][53.497s][info][gc,heap     ] GC(73) O: Soft Max Capacity: 1500M(100%)
[2026-04-03T03:28:48.919+0600][53.498s][info][gc,heap     ] GC(73) O: Heap Statistics:
[2026-04-03T03:28:48.919+0600][53.498s][info][gc,heap     ] GC(73) O:                Mark Start          Mark End        Relocate Start      Relocate End           High               Low         
[2026-04-03T03:28:48.919+0600][53.498s][info][gc,heap     ] GC(73) O:  Capacity:     1500M (100%)       1500M (100%)       1500M (100%)       1500M (100%)       1500M (100%)       1500M (100%)   
[2026-04-03T03:28:48.919+0600][53.498s][info][gc,heap     ] GC(73) O:      Free:      862M (57%)         470M (31%)         534M (36%)         726M (48%)         890M (59%)         288M (19%)    
[2026-04-03T03:28:48.919+0600][53.498s][info][gc,heap     ] GC(73) O:      Used:      638M (43%)        1030M (69%)         966M (64%)         774M (52%)        1212M (81%)         610M (41%)    
[2026-04-03T03:28:48.919+0600][53.498s][info][gc,heap     ] GC(73) O: Old Generation Statistics:
[2026-04-03T03:28:48.919+0600][53.498s][info][gc,heap     ] GC(73) O:                Mark Start          Mark End        Relocate Start      Relocate End    
[2026-04-03T03:28:48.919+0600][53.498s][info][gc,heap     ] GC(73) O:      Used:      486M (32%)         642M (43%)         534M (36%)         530M (35%)    
[2026-04-03T03:28:48.919+0600][53.498s][info][gc,heap     ] GC(73) O:      Live:         -               223M (15%)         223M (15%)         223M (15%)    
[2026-04-03T03:28:48.919+0600][53.498s][info][gc,heap     ] GC(73) O:   Garbage:         -               262M (18%)          80M (5%)           28M (2%)     
[2026-04-03T03:28:48.919+0600][53.498s][info][gc,heap     ] GC(73) O: Allocated:         -               156M (10%)         230M (15%)         278M (19%)    
[2026-04-03T03:28:48.919+0600][53.498s][info][gc,heap     ] GC(73) O: Reclaimed:         -                  -               182M (12%)         234M (16%)    
[2026-04-03T03:28:48.919+0600][53.498s][info][gc,heap     ] GC(73) O: Compacted:         -                  -                  -                41M (3%)     
[2026-04-03T03:28:48.919+0600][53.498s][info][gc,phases   ] GC(73) O: Old Generation 610M(41%)->774M(52%) 1.326s
[2026-04-03T03:28:48.919+0600][53.498s][info][gc          ] GC(73) Major Collection (Allocation Rate) 638M(43%)->774M(52%) 1.414s
[2026-04-03T03:28:48.919+0600][53.498s][info][gc          ] GC(81) Major Collection (System.gc())
[2026-04-03T03:28:48.919+0600][53.498s][info][gc,task     ] GC(81) Using 3 Workers for Young Generation
[2026-04-03T03:28:48.919+0600][53.498s][info][gc,task     ] GC(81) Using 3 Workers for Old Generation
[2026-04-03T03:28:48.919+0600][53.498s][info][gc,phases   ] GC(81) Y: Young Generation (Promote All)
[2026-04-03T03:28:48.920+0600][53.498s][info][gc,phases   ] GC(81) Y: Pause Mark Start 0.018ms
[2026-04-03T03:28:48.931+0600][53.509s][info][gc,phases   ] GC(81) Y: Concurrent Mark 11.568ms
[2026-04-03T03:28:48.931+0600][53.510s][info][gc,phases   ] GC(81) Y: Pause Mark End 0.024ms
[2026-04-03T03:28:48.931+0600][53.510s][info][gc,phases   ] GC(81) Y: Concurrent Mark Free 0.001ms
[2026-04-03T03:28:48.932+0600][53.510s][info][gc,phases   ] GC(81) Y: Concurrent Reset Relocation Set 0.034ms
[2026-04-03T03:28:48.936+0600][53.514s][info][gc,reloc    ] GC(81) Y: Using tenuring threshold: 0 (Promote All)
[2026-04-03T03:28:48.937+0600][53.515s][info][gc,phases   ] GC(81) Y: Concurrent Select Relocation Set 5.200ms
[2026-04-03T03:28:48.937+0600][53.515s][info][gc,phases   ] GC(81) Y: Pause Relocate Start 0.011ms
[2026-04-03T03:28:48.937+0600][53.516s][info][gc,phases   ] GC(81) Y: Concurrent Relocate 0.401ms
[2026-04-03T03:28:48.937+0600][53.516s][info][gc,alloc    ] GC(81) Y:                         Mark Start        Mark End      Relocate Start    Relocate End   
[2026-04-03T03:28:48.937+0600][53.516s][info][gc,alloc    ] GC(81) Y: Allocation Stalls:          0                0                0                0         
[2026-04-03T03:28:48.937+0600][53.516s][info][gc,load     ] GC(81) Y: Load: 4.46 (37%) / 4.56 (38%) / 5.03 (42%)
[2026-04-03T03:28:48.937+0600][53.516s][info][gc,mmu      ] GC(81) Y: MMU: 2ms/90.6%, 5ms/96.2%, 10ms/98.1%, 20ms/99.1%, 50ms/99.5%, 100ms/99.7%
[2026-04-03T03:28:48.937+0600][53.516s][info][gc,marking  ] GC(81) Y: Mark: 2 stripe(s), 1 proactive flush(es), 1 terminate flush(es), 0 completion(s), 0 continuation(s) 
[2026-04-03T03:28:48.937+0600][53.516s][info][gc,marking  ] GC(81) Y: Mark Stack Usage: 32M
[2026-04-03T03:28:48.937+0600][53.516s][info][gc,nmethod  ] GC(81) Y: NMethods: 6989 registered, 773 unregistered
[2026-04-03T03:28:48.937+0600][53.516s][info][gc,metaspace] GC(81) Y: Metaspace: 71M used, 72M committed, 1088M reserved
[2026-04-03T03:28:48.937+0600][53.516s][info][gc,reloc    ] GC(81) Y:                        Candidates     Selected     In-Place         Size        Empty    Relocated 
[2026-04-03T03:28:48.937+0600][53.516s][info][gc,reloc    ] GC(81) Y: Small Pages:                  119            3            0         238M         230M           0M 
[2026-04-03T03:28:48.937+0600][53.516s][info][gc,reloc    ] GC(81) Y: Medium Pages:                   0            0            0           0M           0M           0M 
[2026-04-03T03:28:48.937+0600][53.516s][info][gc,reloc    ] GC(81) Y: Large Pages:                    1            0            0           6M           6M           0M 
[2026-04-03T03:28:48.937+0600][53.516s][info][gc,reloc    ] GC(81) Y: Forwarding Usage: 0M
[2026-04-03T03:28:48.938+0600][53.516s][info][gc,reloc    ] GC(81) Y: Age Table:
[2026-04-03T03:28:48.938+0600][53.516s][info][gc,reloc    ] GC(81) Y:                    Live             Garbage             Small              Medium             Large        
[2026-04-03T03:28:48.938+0600][53.516s][info][gc,reloc    ] GC(81) Y: Eden               0M (0%)          217M (15%)        109 / 2              0 / 0              0 / 0        
[2026-04-03T03:28:48.938+0600][53.516s][info][gc,reloc    ] GC(81) Y: Survivor 1         0M (0%)           25M (2%)          10 / 1              0 / 0              1 / 0        
[2026-04-03T03:28:48.938+0600][53.516s][info][gc,heap     ] GC(81) Y: Min Capacity: 8M(1%)
[2026-04-03T03:28:48.938+0600][53.516s][info][gc,heap     ] GC(81) Y: Max Capacity: 1500M(100%)
[2026-04-03T03:28:48.938+0600][53.516s][info][gc,heap     ] GC(81) Y: Soft Max Capacity: 1500M(100%)
[2026-04-03T03:28:48.938+0600][53.516s][info][gc,heap     ] GC(81) Y: Heap Statistics:
[2026-04-03T03:28:48.938+0600][53.516s][info][gc,heap     ] GC(81) Y:                Mark Start          Mark End        Relocate Start      Relocate End           High               Low         
[2026-04-03T03:28:48.938+0600][53.516s][info][gc,heap     ] GC(81) Y:  Capacity:     1500M (100%)       1500M (100%)       1500M (100%)       1500M (100%)       1500M (100%)       1500M (100%)   
[2026-04-03T03:28:48.938+0600][53.516s][info][gc,heap     ] GC(81) Y:      Free:      726M (48%)         724M (48%)         960M (64%)         962M (64%)         962M (64%)         724M (48%)    
[2026-04-03T03:28:48.938+0600][53.516s][info][gc,heap     ] GC(81) Y:      Used:      774M (52%)         776M (52%)         540M (36%)         538M (36%)         776M (52%)         538M (36%)    
[2026-04-03T03:28:48.938+0600][53.516s][info][gc,heap     ] GC(81) Y: Young Generation Statistics:
[2026-04-03T03:28:48.938+0600][53.516s][info][gc,heap     ] GC(81) Y:                Mark Start          Mark End        Relocate Start      Relocate End    
[2026-04-03T03:28:48.938+0600][53.516s][info][gc,heap     ] GC(81) Y:      Used:      244M (16%)         246M (16%)          10M (1%)            2M (0%)     
[2026-04-03T03:28:48.938+0600][53.516s][info][gc,heap     ] GC(81) Y:      Live:         -                 0M (0%)            0M (0%)            0M (0%)     
[2026-04-03T03:28:48.938+0600][53.516s][info][gc,heap     ] GC(81) Y:   Garbage:         -               243M (16%)           7M (1%)            0M (0%)     
[2026-04-03T03:28:48.938+0600][53.516s][info][gc,heap     ] GC(81) Y: Allocated:         -                 2M (0%)            2M (0%)            2M (0%)     
[2026-04-03T03:28:48.938+0600][53.516s][info][gc,heap     ] GC(81) Y: Reclaimed:         -                  -               236M (16%)         243M (16%)    
[2026-04-03T03:28:48.938+0600][53.516s][info][gc,heap     ] GC(81) Y:  Promoted:         -                  -                 0M (0%)            0M (0%)     
[2026-04-03T03:28:48.938+0600][53.516s][info][gc,heap     ] GC(81) Y: Compacted:         -                  -                  -                 0M (0%)     
[2026-04-03T03:28:48.938+0600][53.516s][info][gc,phases   ] GC(81) Y: Young Generation (Promote All) 774M(52%)->538M(36%) 0.018s
[2026-04-03T03:28:48.938+0600][53.516s][info][gc,phases   ] GC(81) Y: Young Generation (Collect Roots)
[2026-04-03T03:28:48.938+0600][53.516s][info][gc,phases   ] GC(81) Y: Pause Mark Start (Major) 0.015ms
[2026-04-03T03:28:48.946+0600][53.524s][info][gc,phases   ] GC(81) Y: Concurrent Mark 7.791ms
[2026-04-03T03:28:48.946+0600][53.524s][info][gc,phases   ] GC(81) Y: Pause Mark End 0.022ms
[2026-04-03T03:28:48.946+0600][53.524s][info][gc,phases   ] GC(81) Y: Concurrent Mark Free 0.001ms
[2026-04-03T03:28:48.946+0600][53.524s][info][gc,phases   ] GC(81) Y: Concurrent Reset Relocation Set 0.002ms
[2026-04-03T03:28:48.949+0600][53.527s][info][gc,reloc    ] GC(81) Y: Using tenuring threshold: 1 (Computed)
[2026-04-03T03:28:48.949+0600][53.527s][info][gc,phases   ] GC(81) Y: Concurrent Select Relocation Set 3.142ms
[2026-04-03T03:28:48.949+0600][53.528s][info][gc,phases   ] GC(81) Y: Pause Relocate Start 0.019ms
[2026-04-03T03:28:48.950+0600][53.528s][info][gc,phases   ] GC(81) Y: Concurrent Relocate 0.129ms
[2026-04-03T03:28:48.950+0600][53.528s][info][gc,alloc    ] GC(81) Y:                         Mark Start        Mark End      Relocate Start    Relocate End   
[2026-04-03T03:28:48.950+0600][53.528s][info][gc,alloc    ] GC(81) Y: Allocation Stalls:          0                0                0                0         
[2026-04-03T03:28:48.950+0600][53.528s][info][gc,load     ] GC(81) Y: Load: 4.46 (37%) / 4.56 (38%) / 5.03 (42%)
[2026-04-03T03:28:48.950+0600][53.528s][info][gc,mmu      ] GC(81) Y: MMU: 2ms/90.6%, 5ms/96.2%, 10ms/98.1%, 20ms/99.1%, 50ms/99.5%, 100ms/99.7%
[2026-04-03T03:28:48.950+0600][53.528s][info][gc,marking  ] GC(81) Y: Mark: 2 stripe(s), 1 proactive flush(es), 1 terminate flush(es), 0 completion(s), 0 continuation(s) 
[2026-04-03T03:28:48.950+0600][53.528s][info][gc,marking  ] GC(81) Y: Mark Stack Usage: 32M
[2026-04-03T03:28:48.950+0600][53.528s][info][gc,nmethod  ] GC(81) Y: NMethods: 6989 registered, 773 unregistered
[2026-04-03T03:28:48.950+0600][53.528s][info][gc,metaspace] GC(81) Y: Metaspace: 71M used, 72M committed, 1088M reserved
[2026-04-03T03:28:48.950+0600][53.528s][info][gc,reloc    ] GC(81) Y:                        Candidates     Selected     In-Place         Size        Empty    Relocated 
[2026-04-03T03:28:48.950+0600][53.528s][info][gc,reloc    ] GC(81) Y: Small Pages:                    1            0            0           2M           0M           0M 
[2026-04-03T03:28:48.950+0600][53.528s][info][gc,reloc    ] GC(81) Y: Medium Pages:                   0            0            0           0M           0M           0M 
[2026-04-03T03:28:48.950+0600][53.528s][info][gc,reloc    ] GC(81) Y: Large Pages:                    0            0            0           0M           0M           0M 
[2026-04-03T03:28:48.950+0600][53.528s][info][gc,reloc    ] GC(81) Y: Forwarding Usage: 0M
[2026-04-03T03:28:48.950+0600][53.528s][info][gc,reloc    ] GC(81) Y: Age Table:
[2026-04-03T03:28:48.950+0600][53.528s][info][gc,reloc    ] GC(81) Y:                    Live             Garbage             Small              Medium             Large        
[2026-04-03T03:28:48.950+0600][53.528s][info][gc,reloc    ] GC(81) Y: Eden               0M (0%)            1M (0%)           1 / 0              0 / 0              0 / 0        
[2026-04-03T03:28:48.950+0600][53.528s][info][gc,heap     ] GC(81) Y: Min Capacity: 8M(1%)
[2026-04-03T03:28:48.950+0600][53.528s][info][gc,heap     ] GC(81) Y: Max Capacity: 1500M(100%)
[2026-04-03T03:28:48.950+0600][53.528s][info][gc,heap     ] GC(81) Y: Soft Max Capacity: 1500M(100%)
[2026-04-03T03:28:48.950+0600][53.528s][info][gc,heap     ] GC(81) Y: Heap Statistics:
[2026-04-03T03:28:48.950+0600][53.528s][info][gc,heap     ] GC(81) Y:                Mark Start          Mark End        Relocate Start      Relocate End           High               Low         
[2026-04-03T03:28:48.950+0600][53.528s][info][gc,heap     ] GC(81) Y:  Capacity:     1500M (100%)       1500M (100%)       1500M (100%)       1500M (100%)       1500M (100%)       1500M (100%)   
[2026-04-03T03:28:48.950+0600][53.528s][info][gc,heap     ] GC(81) Y:      Free:      962M (64%)         962M (64%)         962M (64%)         962M (64%)         962M (64%)         962M (64%)    
[2026-04-03T03:28:48.950+0600][53.528s][info][gc,heap     ] GC(81) Y:      Used:      538M (36%)         538M (36%)         538M (36%)         538M (36%)         538M (36%)         538M (36%)    
[2026-04-03T03:28:48.950+0600][53.528s][info][gc,heap     ] GC(81) Y: Young Generation Statistics:
[2026-04-03T03:28:48.950+0600][53.528s][info][gc,heap     ] GC(81) Y:                Mark Start          Mark End        Relocate Start      Relocate End    
[2026-04-03T03:28:48.950+0600][53.528s][info][gc,heap     ] GC(81) Y:      Used:        2M (0%)            2M (0%)            2M (0%)            2M (0%)     
[2026-04-03T03:28:48.950+0600][53.528s][info][gc,heap     ] GC(81) Y:      Live:         -                 0M (0%)            0M (0%)            0M (0%)     
[2026-04-03T03:28:48.950+0600][53.528s][info][gc,heap     ] GC(81) Y:   Garbage:         -                 1M (0%)            1M (0%)            1M (0%)     
[2026-04-03T03:28:48.950+0600][53.528s][info][gc,heap     ] GC(81) Y: Allocated:         -                 0M (0%)            0M (0%)            0M (0%)     
[2026-04-03T03:28:48.950+0600][53.528s][info][gc,heap     ] GC(81) Y: Reclaimed:         -                  -                 0M (0%)            0M (0%)     
[2026-04-03T03:28:48.950+0600][53.528s][info][gc,heap     ] GC(81) Y:  Promoted:         -                  -                 0M (0%)            0M (0%)     
[2026-04-03T03:28:48.950+0600][53.528s][info][gc,heap     ] GC(81) Y: Compacted:         -                  -                  -                 0M (0%)     
[2026-04-03T03:28:48.950+0600][53.528s][info][gc,phases   ] GC(81) Y: Young Generation (Collect Roots) 538M(36%)->538M(36%) 0.012s
[2026-04-03T03:28:48.950+0600][53.528s][info][gc,phases   ] GC(81) O: Old Generation
[2026-04-03T03:28:49.162+0600][53.740s][info][gc,phases   ] GC(81) O: Concurrent Mark 211.800ms
[2026-04-03T03:28:49.162+0600][53.740s][info][gc,phases   ] GC(81) O: Pause Mark End 0.022ms
[2026-04-03T03:28:49.162+0600][53.740s][info][gc,phases   ] GC(81) O: Concurrent Mark Free 0.002ms
[2026-04-03T03:28:49.169+0600][53.748s][info][gc,phases   ] GC(81) O: Concurrent Process Non-Strong 7.313ms
[2026-04-03T03:28:49.169+0600][53.748s][info][gc,phases   ] GC(81) O: Concurrent Reset Relocation Set 0.007ms
[2026-04-03T03:28:49.176+0600][53.754s][info][gc,phases   ] GC(81) O: Concurrent Select Relocation Set 6.194ms
[2026-04-03T03:28:49.176+0600][53.754s][info][gc,task     ] GC(81) O: Using 3 Workers for Old Generation
[2026-04-03T03:28:49.193+0600][53.771s][info][gc,task     ] GC(81) O: Using 3 Workers for Old Generation
[2026-04-03T03:28:49.193+0600][53.771s][info][gc,phases   ] GC(81) O: Concurrent Remap Roots 17.336ms
[2026-04-03T03:28:49.193+0600][53.772s][info][gc,phases   ] GC(81) O: Pause Relocate Start 0.022ms
[2026-04-03T03:28:49.196+0600][53.775s][info][gc,phases   ] GC(81) O: Concurrent Relocate 2.898ms
[2026-04-03T03:28:49.196+0600][53.775s][info][gc,alloc    ] GC(81) O:                         Mark Start        Mark End      Relocate Start    Relocate End   
[2026-04-03T03:28:49.196+0600][53.775s][info][gc,alloc    ] GC(81) O: Allocation Stalls:          0                0                0                0         
[2026-04-03T03:28:49.196+0600][53.775s][info][gc,load     ] GC(81) O: Load: 4.46 (37%) / 4.56 (38%) / 5.03 (42%)
[2026-04-03T03:28:49.197+0600][53.775s][info][gc,mmu      ] GC(81) O: MMU: 2ms/90.6%, 5ms/96.2%, 10ms/98.1%, 20ms/99.1%, 50ms/99.5%, 100ms/99.7%
[2026-04-03T03:28:49.197+0600][53.775s][info][gc,marking  ] GC(81) O: Mark: 2 stripe(s), 1 proactive flush(es), 1 terminate flush(es), 0 completion(s), 0 continuation(s) 
[2026-04-03T03:28:49.197+0600][53.775s][info][gc,marking  ] GC(81) O: Mark Stack Usage: 32M
[2026-04-03T03:28:49.197+0600][53.775s][info][gc,nmethod  ] GC(81) O: NMethods: 6986 registered, 793 unregistered
[2026-04-03T03:28:49.197+0600][53.775s][info][gc,metaspace] GC(81) O: Metaspace: 71M used, 72M committed, 1088M reserved
[2026-04-03T03:28:49.197+0600][53.775s][info][gc,ref      ] GC(81) O:                       Encountered   Discovered     Enqueued 
[2026-04-03T03:28:49.197+0600][53.775s][info][gc,ref      ] GC(81) O: Soft References:             5092            0            0 
[2026-04-03T03:28:49.197+0600][53.775s][info][gc,ref      ] GC(81) O: Weak References:             6744         4952          237 
[2026-04-03T03:28:49.197+0600][53.775s][info][gc,ref      ] GC(81) O: Final References:              84            0            0 
[2026-04-03T03:28:49.197+0600][53.775s][info][gc,ref      ] GC(81) O: Phantom References:           598          421            0 
[2026-04-03T03:28:49.197+0600][53.775s][info][gc,reloc    ] GC(81) O:                        Candidates     Selected     In-Place         Size        Empty    Relocated 
[2026-04-03T03:28:49.197+0600][53.775s][info][gc,reloc    ] GC(81) O: Small Pages:                  157           15            0         314M         116M           1M 
[2026-04-03T03:28:49.197+0600][53.775s][info][gc,reloc    ] GC(81) O: Medium Pages:                   6            0            0         192M         160M           0M 
[2026-04-03T03:28:49.197+0600][53.775s][info][gc,reloc    ] GC(81) O: Large Pages:                    5            0            0          30M          30M           0M 
[2026-04-03T03:28:49.197+0600][53.775s][info][gc,reloc    ] GC(81) O: Forwarding Usage: 0M
[2026-04-03T03:28:49.197+0600][53.775s][info][gc,heap     ] GC(81) O: Min Capacity: 8M(1%)
[2026-04-03T03:28:49.197+0600][53.775s][info][gc,heap     ] GC(81) O: Max Capacity: 1500M(100%)
[2026-04-03T03:28:49.197+0600][53.775s][info][gc,heap     ] GC(81) O: Soft Max Capacity: 1500M(100%)
[2026-04-03T03:28:49.197+0600][53.775s][info][gc,heap     ] GC(81) O: Heap Statistics:
[2026-04-03T03:28:49.197+0600][53.775s][info][gc,heap     ] GC(81) O:                Mark Start          Mark End        Relocate Start      Relocate End           High               Low         
[2026-04-03T03:28:49.197+0600][53.775s][info][gc,heap     ] GC(81) O:  Capacity:     1500M (100%)       1500M (100%)       1500M (100%)       1500M (100%)       1500M (100%)       1500M (100%)   
[2026-04-03T03:28:49.197+0600][53.775s][info][gc,heap     ] GC(81) O:      Free:      962M (64%)         958M (64%)        1244M (83%)        1270M (85%)        1270M (85%)         954M (64%)    
[2026-04-03T03:28:49.197+0600][53.775s][info][gc,heap     ] GC(81) O:      Used:      538M (36%)         542M (36%)         256M (17%)         230M (15%)         546M (36%)         230M (15%)    
[2026-04-03T03:28:49.197+0600][53.775s][info][gc,heap     ] GC(81) O: Old Generation Statistics:
[2026-04-03T03:28:49.197+0600][53.775s][info][gc,heap     ] GC(81) O:                Mark Start          Mark End        Relocate Start      Relocate End    
[2026-04-03T03:28:49.197+0600][53.775s][info][gc,heap     ] GC(81) O:      Used:      536M (36%)         536M (36%)         230M (15%)         204M (14%)    
[2026-04-03T03:28:49.197+0600][53.775s][info][gc,heap     ] GC(81) O:      Live:         -               171M (11%)         171M (11%)         171M (11%)    
[2026-04-03T03:28:49.197+0600][53.775s][info][gc,heap     ] GC(81) O:   Garbage:         -               364M (24%)          58M (4%)           28M (2%)     
[2026-04-03T03:28:49.197+0600][53.775s][info][gc,heap     ] GC(81) O: Allocated:         -                 0M (0%)            0M (0%)            4M (0%)     
[2026-04-03T03:28:49.197+0600][53.775s][info][gc,heap     ] GC(81) O: Reclaimed:         -                  -               306M (20%)         336M (22%)    
[2026-04-03T03:28:49.197+0600][53.775s][info][gc,heap     ] GC(81) O: Compacted:         -                  -                  -                 1M (0%)     
[2026-04-03T03:28:49.197+0600][53.775s][info][gc,phases   ] GC(81) O: Old Generation 538M(36%)->230M(15%) 0.247s
[2026-04-03T03:28:49.197+0600][53.775s][info][gc          ] GC(81) Major Collection (System.gc()) 774M(52%)->230M(15%) 0.277s
[2026-04-03T03:28:49.398+0600][53.977s][info][gc          ] GC(82) Minor Collection (Allocation Rate)
[2026-04-03T03:28:49.398+0600][53.977s][info][gc,task     ] GC(82) Using 2 Workers for Young Generation
[2026-04-03T03:28:49.399+0600][53.977s][info][gc,phases   ] GC(82) y: Young Generation
[2026-04-03T03:28:49.399+0600][53.977s][info][gc,phases   ] GC(82) y: Pause Mark Start 0.027ms
[2026-04-03T03:28:49.537+0600][54.115s][info][gc,phases   ] GC(82) y: Concurrent Mark 137.836ms
[2026-04-03T03:28:49.537+0600][54.116s][info][gc,phases   ] GC(82) y: Pause Mark End 0.033ms
[2026-04-03T03:28:49.538+0600][54.116s][info][gc,phases   ] GC(82) y: Concurrent Mark Free 0.004ms
[2026-04-03T03:28:49.538+0600][54.116s][info][gc,phases   ] GC(82) y: Concurrent Reset Relocation Set 0.001ms
[2026-04-03T03:28:49.541+0600][54.119s][info][gc,reloc    ] GC(82) y: Using tenuring threshold: 1 (Computed)
[2026-04-03T03:28:49.558+0600][54.137s][info][gc,phases   ] GC(82) y: Concurrent Select Relocation Set 20.879ms
[2026-04-03T03:28:49.559+0600][54.137s][info][gc,phases   ] GC(82) y: Pause Relocate Start 0.047ms
[2026-04-03T03:28:49.637+0600][54.216s][info][gc,phases   ] GC(82) y: Concurrent Relocate 78.348ms
[2026-04-03T03:28:49.638+0600][54.216s][info][gc,alloc    ] GC(82) y:                         Mark Start        Mark End      Relocate Start    Relocate End   
[2026-04-03T03:28:49.638+0600][54.216s][info][gc,alloc    ] GC(82) y: Allocation Stalls:          0                0                0                0         
[2026-04-03T03:28:49.638+0600][54.216s][info][gc,load     ] GC(82) y: Load: 4.46 (37%) / 4.56 (38%) / 5.03 (42%)
[2026-04-03T03:28:49.638+0600][54.216s][info][gc,mmu      ] GC(82) y: MMU: 2ms/90.6%, 5ms/96.2%, 10ms/98.1%, 20ms/99.1%, 50ms/99.5%, 100ms/99.7%
[2026-04-03T03:28:49.638+0600][54.216s][info][gc,marking  ] GC(82) y: Mark: 2 stripe(s), 10 proactive flush(es), 1 terminate flush(es), 0 completion(s), 0 continuation(s) 
[2026-04-03T03:28:49.638+0600][54.216s][info][gc,marking  ] GC(82) y: Mark Stack Usage: 32M
[2026-04-03T03:28:49.638+0600][54.216s][info][gc,nmethod  ] GC(82) y: NMethods: 7053 registered, 793 unregistered
[2026-04-03T03:28:49.638+0600][54.216s][info][gc,metaspace] GC(82) y: Metaspace: 71M used, 72M committed, 1088M reserved
[2026-04-03T03:28:49.638+0600][54.216s][info][gc,reloc    ] GC(82) y:                        Candidates     Selected     In-Place         Size        Empty    Relocated 
[2026-04-03T03:28:49.638+0600][54.216s][info][gc,reloc    ] GC(82) y: Small Pages:                  124           82            0         248M           2M          26M 
[2026-04-03T03:28:49.638+0600][54.216s][info][gc,reloc    ] GC(82) y: Medium Pages:                   1            0            0          32M          32M           0M 
[2026-04-03T03:28:49.638+0600][54.216s][info][gc,reloc    ] GC(82) y: Large Pages:                    7            0            0          54M           6M           0M 
[2026-04-03T03:28:49.638+0600][54.216s][info][gc,reloc    ] GC(82) y: Forwarding Usage: 28M
[2026-04-03T03:28:49.638+0600][54.216s][info][gc,reloc    ] GC(82) y: Age Table:
[2026-04-03T03:28:49.638+0600][54.216s][info][gc,reloc    ] GC(82) y:                    Live             Garbage             Small              Medium             Large        
[2026-04-03T03:28:49.638+0600][54.216s][info][gc,reloc    ] GC(82) y: Eden             115M (8%)          216M (14%)        123 / 82             1 / 0              7 / 0        
[2026-04-03T03:28:49.638+0600][54.216s][info][gc,reloc    ] GC(82) y: Survivor 1          -                 2M (0%)           1 / 0              0 / 0              0 / 0        
[2026-04-03T03:28:49.638+0600][54.216s][info][gc,heap     ] GC(82) y: Min Capacity: 8M(1%)
[2026-04-03T03:28:49.638+0600][54.216s][info][gc,heap     ] GC(82) y: Max Capacity: 1500M(100%)
[2026-04-03T03:28:49.638+0600][54.216s][info][gc,heap     ] GC(82) y: Soft Max Capacity: 1500M(100%)
[2026-04-03T03:28:49.638+0600][54.216s][info][gc,heap     ] GC(82) y: Heap Statistics:
[2026-04-03T03:28:49.638+0600][54.216s][info][gc,heap     ] GC(82) y:                Mark Start          Mark End        Relocate Start      Relocate End           High               Low         
[2026-04-03T03:28:49.638+0600][54.216s][info][gc,heap     ] GC(82) y:  Capacity:     1500M (100%)       1500M (100%)       1500M (100%)       1500M (100%)       1500M (100%)       1500M (100%)   
[2026-04-03T03:28:49.638+0600][54.216s][info][gc,heap     ] GC(82) y:      Free:      962M (64%)         840M (56%)         818M (55%)         886M (59%)         962M (64%)         808M (54%)    
[2026-04-03T03:28:49.638+0600][54.216s][info][gc,heap     ] GC(82) y:      Used:      538M (36%)         660M (44%)         682M (45%)         614M (41%)         692M (46%)         538M (36%)    
[2026-04-03T03:28:49.638+0600][54.216s][info][gc,heap     ] GC(82) y: Young Generation Statistics:
[2026-04-03T03:28:49.638+0600][54.216s][info][gc,heap     ] GC(82) y:                Mark Start          Mark End        Relocate Start      Relocate End    
[2026-04-03T03:28:49.638+0600][54.216s][info][gc,heap     ] GC(82) y:      Used:      334M (22%)         456M (30%)         478M (32%)         410M (27%)    
[2026-04-03T03:28:49.638+0600][54.216s][info][gc,heap     ] GC(82) y:      Live:         -               115M (8%)          115M (8%)          115M (8%)     
[2026-04-03T03:28:49.638+0600][54.216s][info][gc,heap     ] GC(82) y:   Garbage:         -               218M (15%)         178M (12%)           3M (0%)     
[2026-04-03T03:28:49.638+0600][54.216s][info][gc,heap     ] GC(82) y: Allocated:         -               122M (8%)          184M (12%)         290M (19%)    
[2026-04-03T03:28:49.638+0600][54.216s][info][gc,heap     ] GC(82) y: Reclaimed:         -                  -                40M (3%)          214M (14%)    
[2026-04-03T03:28:49.638+0600][54.216s][info][gc,heap     ] GC(82) y:  Promoted:         -                  -                 0M (0%)            0M (0%)     
[2026-04-03T03:28:49.638+0600][54.216s][info][gc,heap     ] GC(82) y: Compacted:         -                  -                  -                61M (4%)     
[2026-04-03T03:28:49.638+0600][54.216s][info][gc,phases   ] GC(82) y: Young Generation 538M(36%)->614M(41%) 0.239s
[2026-04-03T03:28:49.638+0600][54.216s][info][gc          ] GC(82) Minor Collection (Allocation Rate) 538M(36%)->614M(41%) 0.240s
[2026-04-03T03:28:49.676+0600][54.255s][info][gc          ] GC(83) Minor Collection (Allocation Rate)
[2026-04-03T03:28:49.677+0600][54.255s][info][gc,task     ] GC(83) Using 3 Workers for Young Generation
[2026-04-03T03:28:49.677+0600][54.255s][info][gc,phases   ] GC(83) y: Young Generation
[2026-04-03T03:28:49.677+0600][54.255s][info][gc,phases   ] GC(83) y: Pause Mark Start 0.029ms
[2026-04-03T03:28:49.950+0600][54.528s][info][gc,phases   ] GC(83) y: Concurrent Mark 272.385ms
[2026-04-03T03:28:49.950+0600][54.528s][info][gc,phases   ] GC(83) y: Pause Mark End 0.042ms
[2026-04-03T03:28:49.950+0600][54.528s][info][gc,phases   ] GC(83) y: Concurrent Mark Free 0.002ms
[2026-04-03T03:28:49.950+0600][54.528s][info][gc,phases   ] GC(83) y: Concurrent Reset Relocation Set 0.040ms
[2026-04-03T03:28:49.957+0600][54.535s][info][gc,reloc    ] GC(83) y: Using tenuring threshold: 1 (Computed)
[2026-04-03T03:28:50.025+0600][54.604s][info][gc,phases   ] GC(83) y: Concurrent Select Relocation Set 75.099ms
[2026-04-03T03:28:50.026+0600][54.604s][info][gc,phases   ] GC(83) y: Pause Relocate Start 0.062ms
[2026-04-03T03:28:50.257+0600][54.836s][info][gc,phases   ] GC(83) y: Concurrent Relocate 231.347ms
[2026-04-03T03:28:50.257+0600][54.836s][info][gc,alloc    ] GC(83) y:                         Mark Start        Mark End      Relocate Start    Relocate End   
[2026-04-03T03:28:50.257+0600][54.836s][info][gc,alloc    ] GC(83) y: Allocation Stalls:          0                0                0                0         
[2026-04-03T03:28:50.257+0600][54.836s][info][gc,load     ] GC(83) y: Load: 4.46 (37%) / 4.56 (38%) / 5.03 (42%)
[2026-04-03T03:28:50.257+0600][54.836s][info][gc,mmu      ] GC(83) y: MMU: 2ms/90.6%, 5ms/96.2%, 10ms/98.1%, 20ms/99.1%, 50ms/99.5%, 100ms/99.7%
[2026-04-03T03:28:50.257+0600][54.836s][info][gc,marking  ] GC(83) y: Mark: 2 stripe(s), 2 proactive flush(es), 1 terminate flush(es), 0 completion(s), 0 continuation(s) 
[2026-04-03T03:28:50.258+0600][54.836s][info][gc,marking  ] GC(83) y: Mark Stack Usage: 32M
[2026-04-03T03:28:50.258+0600][54.836s][info][gc,nmethod  ] GC(83) y: NMethods: 7053 registered, 793 unregistered
[2026-04-03T03:28:50.258+0600][54.836s][info][gc,metaspace] GC(83) y: Metaspace: 71M used, 72M committed, 1088M reserved
[2026-04-03T03:28:50.258+0600][54.836s][info][gc,reloc    ] GC(83) y:                        Candidates     Selected     In-Place         Size        Empty    Relocated 
[2026-04-03T03:28:50.258+0600][54.836s][info][gc,reloc    ] GC(83) y: Small Pages:                  191          129            0         382M           0M          32M 
[2026-04-03T03:28:50.258+0600][54.836s][info][gc,reloc    ] GC(83) y: Medium Pages:                   1            0            0          32M           0M           0M 
[2026-04-03T03:28:50.258+0600][54.836s][info][gc,reloc    ] GC(83) y: Large Pages:                    6            0            0          48M          18M           0M 
[2026-04-03T03:28:50.258+0600][54.836s][info][gc,reloc    ] GC(83) y: Forwarding Usage: 43M
[2026-04-03T03:28:50.258+0600][54.836s][info][gc,reloc    ] GC(83) y: Age Table:
[2026-04-03T03:28:50.258+0600][54.836s][info][gc,reloc    ] GC(83) y:                    Live             Garbage             Small              Medium             Large        
[2026-04-03T03:28:50.258+0600][54.836s][info][gc,reloc    ] GC(83) y: Eden              52M (3%)          281M (19%)        151 / 124            1 / 0              0 / 0        
[2026-04-03T03:28:50.258+0600][54.836s][info][gc,reloc    ] GC(83) y: Survivor 1        97M (7%)           30M (2%)          40 / 5              0 / 0              6 / 0        
[2026-04-03T03:28:50.258+0600][54.836s][info][gc,heap     ] GC(83) y: Min Capacity: 8M(1%)
[2026-04-03T03:28:50.258+0600][54.836s][info][gc,heap     ] GC(83) y: Max Capacity: 1500M(100%)
[2026-04-03T03:28:50.258+0600][54.836s][info][gc,heap     ] GC(83) y: Soft Max Capacity: 1500M(100%)
[2026-04-03T03:28:50.258+0600][54.836s][info][gc,heap     ] GC(83) y: Heap Statistics:
[2026-04-03T03:28:50.258+0600][54.836s][info][gc,heap     ] GC(83) y:                Mark Start          Mark End        Relocate Start      Relocate End           High               Low         
[2026-04-03T03:28:50.258+0600][54.836s][info][gc,heap     ] GC(83) y:  Capacity:     1500M (100%)       1500M (100%)       1500M (100%)       1500M (100%)       1500M (100%)       1500M (100%)   
[2026-04-03T03:28:50.258+0600][54.836s][info][gc,heap     ] GC(83) y:      Free:      834M (56%)         554M (37%)         494M (33%)         598M (40%)         834M (56%)         480M (32%)    
[2026-04-03T03:28:50.258+0600][54.836s][info][gc,heap     ] GC(83) y:      Used:      666M (44%)         946M (63%)        1006M (67%)         902M (60%)        1020M (68%)         666M (44%)    
[2026-04-03T03:28:50.258+0600][54.836s][info][gc,heap     ] GC(83) y: Young Generation Statistics:
[2026-04-03T03:28:50.258+0600][54.836s][info][gc,heap     ] GC(83) y:                Mark Start          Mark End        Relocate Start      Relocate End    
[2026-04-03T03:28:50.258+0600][54.836s][info][gc,heap     ] GC(83) y:      Used:      462M (31%)         742M (49%)         710M (47%)         594M (40%)    
[2026-04-03T03:28:50.258+0600][54.836s][info][gc,heap     ] GC(83) y:      Live:         -               149M (10%)          58M (4%)           52M (3%)     
[2026-04-03T03:28:50.258+0600][54.836s][info][gc,heap     ] GC(83) y:   Garbage:         -               312M (21%)         293M (20%)          25M (2%)     
[2026-04-03T03:28:50.258+0600][54.836s][info][gc,heap     ] GC(83) y: Allocated:         -               280M (19%)         358M (24%)         515M (34%)    
[2026-04-03T03:28:50.258+0600][54.836s][info][gc,heap     ] GC(83) y: Reclaimed:         -                  -                18M (1%)          286M (19%)    
[2026-04-03T03:28:50.258+0600][54.836s][info][gc,heap     ] GC(83) y:  Promoted:         -                  -                91M (6%)           97M (7%)     
[2026-04-03T03:28:50.258+0600][54.836s][info][gc,heap     ] GC(83) y: Compacted:         -                  -                  -                46M (3%)     
[2026-04-03T03:28:50.258+0600][54.836s][info][gc,phases   ] GC(83) y: Young Generation 666M(44%)->902M(60%) 0.581s
[2026-04-03T03:28:50.258+0600][54.836s][info][gc          ] GC(83) Minor Collection (Allocation Rate) 666M(44%)->902M(60%) 0.582s
[2026-04-03T03:28:50.258+0600][54.836s][info][gc          ] GC(84) Major Collection (Allocation Rate)
[2026-04-03T03:28:50.258+0600][54.837s][info][gc,task     ] GC(84) Using 3 Workers for Young Generation
[2026-04-03T03:28:50.258+0600][54.837s][info][gc,task     ] GC(84) Using 2 Workers for Old Generation
[2026-04-03T03:28:50.258+0600][54.837s][info][gc,phases   ] GC(84) Y: Young Generation
[2026-04-03T03:28:50.259+0600][54.837s][info][gc,phases   ] GC(84) Y: Pause Mark Start (Major) 0.039ms
[2026-04-03T03:28:50.613+0600][55.191s][info][gc,phases   ] GC(84) Y: Concurrent Mark 354.407ms
[2026-04-03T03:28:50.614+0600][55.192s][info][gc,phases   ] GC(84) Y: Pause Mark End 0.039ms
[2026-04-03T03:28:50.614+0600][55.192s][info][gc,phases   ] GC(84) Y: Concurrent Mark Free 0.002ms
[2026-04-03T03:28:50.614+0600][55.192s][info][gc,phases   ] GC(84) Y: Concurrent Reset Relocation Set 0.150ms
[2026-04-03T03:28:50.620+0600][55.198s][info][gc,reloc    ] GC(84) Y: Using tenuring threshold: 2 (Computed)
[2026-04-03T03:28:50.625+0600][55.203s][info][gc,phases   ] GC(84) Y: Concurrent Select Relocation Set 11.217ms
[2026-04-03T03:28:50.626+0600][55.204s][info][gc,phases   ] GC(84) Y: Pause Relocate Start 0.057ms
[2026-04-03T03:28:50.691+0600][55.269s][info][gc,phases   ] GC(84) Y: Concurrent Relocate 64.733ms
[2026-04-03T03:28:50.691+0600][55.269s][info][gc,alloc    ] GC(84) Y:                         Mark Start        Mark End      Relocate Start    Relocate End   
[2026-04-03T03:28:50.691+0600][55.269s][info][gc,alloc    ] GC(84) Y: Allocation Stalls:          0                0                0                0         
[2026-04-03T03:28:50.691+0600][55.269s][info][gc,load     ] GC(84) Y: Load: 4.67 (39%) / 4.60 (38%) / 5.04 (42%)
[2026-04-03T03:28:50.691+0600][55.269s][info][gc,mmu      ] GC(84) Y: MMU: 2ms/90.6%, 5ms/96.2%, 10ms/98.1%, 20ms/99.1%, 50ms/99.5%, 100ms/99.7%
[2026-04-03T03:28:50.691+0600][55.269s][info][gc,marking  ] GC(84) Y: Mark: 2 stripe(s), 2 proactive flush(es), 1 terminate flush(es), 0 completion(s), 0 continuation(s) 
[2026-04-03T03:28:50.691+0600][55.269s][info][gc,marking  ] GC(84) Y: Mark Stack Usage: 32M
[2026-04-03T03:28:50.691+0600][55.269s][info][gc,nmethod  ] GC(84) Y: NMethods: 7056 registered, 793 unregistered
[2026-04-03T03:28:50.691+0600][55.269s][info][gc,metaspace] GC(84) Y: Metaspace: 71M used, 72M committed, 1088M reserved
[2026-04-03T03:28:50.691+0600][55.269s][info][gc,reloc    ] GC(84) Y:                        Candidates     Selected     In-Place         Size        Empty    Relocated 
[2026-04-03T03:28:50.691+0600][55.269s][info][gc,reloc    ] GC(84) Y: Small Pages:                  258          216            0         516M           0M          31M 
[2026-04-03T03:28:50.691+0600][55.269s][info][gc,reloc    ] GC(84) Y: Medium Pages:                   1            0            0          32M          32M           0M 
[2026-04-03T03:28:50.691+0600][55.269s][info][gc,reloc    ] GC(84) Y: Large Pages:                    6            0            0          48M          18M           0M 
[2026-04-03T03:28:50.691+0600][55.269s][info][gc,reloc    ] GC(84) Y: Forwarding Usage: 30M
[2026-04-03T03:28:50.691+0600][55.269s][info][gc,reloc    ] GC(84) Y: Age Table:
[2026-04-03T03:28:50.691+0600][55.269s][info][gc,reloc    ] GC(84) Y:                    Live             Garbage             Small              Medium             Large        
[2026-04-03T03:28:50.691+0600][55.269s][info][gc,reloc    ] GC(84) Y: Eden              62M (4%)          445M (30%)        230 / 211            0 / 0              6 / 0        
[2026-04-03T03:28:50.691+0600][55.269s][info][gc,reloc    ] GC(84) Y: Survivor 1        43M (3%)           44M (3%)          28 / 5              1 / 0              0 / 0        
[2026-04-03T03:28:50.691+0600][55.269s][info][gc,heap     ] GC(84) Y: Min Capacity: 8M(1%)
[2026-04-03T03:28:50.691+0600][55.269s][info][gc,heap     ] GC(84) Y: Max Capacity: 1500M(100%)
[2026-04-03T03:28:50.691+0600][55.269s][info][gc,heap     ] GC(84) Y: Soft Max Capacity: 1500M(100%)
[2026-04-03T03:28:50.691+0600][55.269s][info][gc,heap     ] GC(84) Y: Heap Statistics:
[2026-04-03T03:28:50.691+0600][55.269s][info][gc,heap     ] GC(84) Y:                Mark Start          Mark End        Relocate Start      Relocate End           High               Low         
[2026-04-03T03:28:50.691+0600][55.269s][info][gc,heap     ] GC(84) Y:  Capacity:     1500M (100%)       1500M (100%)       1500M (100%)       1500M (100%)       1500M (100%)       1500M (100%)   
[2026-04-03T03:28:50.691+0600][55.269s][info][gc,heap     ] GC(84) Y:      Free:      596M (40%)         354M (24%)         394M (26%)         784M (52%)         784M (52%)         348M (23%)    
[2026-04-03T03:28:50.691+0600][55.269s][info][gc,heap     ] GC(84) Y:      Used:      904M (60%)        1146M (76%)        1106M (74%)         716M (48%)        1152M (77%)         716M (48%)    
[2026-04-03T03:28:50.691+0600][55.269s][info][gc,heap     ] GC(84) Y: Young Generation Statistics:
[2026-04-03T03:28:50.691+0600][55.269s][info][gc,heap     ] GC(84) Y:                Mark Start          Mark End        Relocate Start      Relocate End    
[2026-04-03T03:28:50.691+0600][55.269s][info][gc,heap     ] GC(84) Y:      Used:      596M (40%)         838M (56%)         798M (53%)         408M (27%)    
[2026-04-03T03:28:50.691+0600][55.269s][info][gc,heap     ] GC(84) Y:      Live:         -               106M (7%)          106M (7%)          106M (7%)     
[2026-04-03T03:28:50.691+0600][55.269s][info][gc,heap     ] GC(84) Y:   Garbage:         -               489M (33%)         439M (29%)           2M (0%)     
[2026-04-03T03:28:50.691+0600][55.269s][info][gc,heap     ] GC(84) Y: Allocated:         -               242M (16%)         252M (17%)         299M (20%)    
[2026-04-03T03:28:50.691+0600][55.269s][info][gc,heap     ] GC(84) Y: Reclaimed:         -                  -                50M (3%)          487M (32%)    
[2026-04-03T03:28:50.691+0600][55.269s][info][gc,heap     ] GC(84) Y:  Promoted:         -                  -                 0M (0%)            0M (0%)     
[2026-04-03T03:28:50.691+0600][55.269s][info][gc,heap     ] GC(84) Y: Compacted:         -                  -                  -                34M (2%)     
[2026-04-03T03:28:50.691+0600][55.269s][info][gc,phases   ] GC(84) Y: Young Generation 904M(60%)->716M(48%) 0.432s
[2026-04-03T03:28:50.691+0600][55.269s][info][gc,phases   ] GC(84) O: Old Generation
[2026-04-03T03:28:50.695+0600][55.274s][info][gc          ] GC(85) Minor Collection (Allocation Rate)
[2026-04-03T03:28:50.695+0600][55.274s][info][gc,task     ] GC(85) Using 1 Workers for Young Generation
[2026-04-03T03:28:50.695+0600][55.274s][info][gc,phases   ] GC(85) y: Young Generation
[2026-04-03T03:28:50.696+0600][55.274s][info][gc,phases   ] GC(85) y: Pause Mark Start 0.036ms
[2026-04-03T03:28:51.480+0600][56.058s][info][gc,phases   ] GC(84) O: Concurrent Mark 788.351ms
[2026-04-03T03:28:51.480+0600][56.058s][info][gc,phases   ] GC(84) O: Pause Mark End 0.038ms
[2026-04-03T03:28:51.480+0600][56.059s][info][gc,phases   ] GC(84) O: Concurrent Mark Free 0.004ms
[2026-04-03T03:28:51.500+0600][56.079s][info][gc,phases   ] GC(84) O: Concurrent Process Non-Strong 20.103ms
[2026-04-03T03:28:51.501+0600][56.079s][info][gc,phases   ] GC(84) O: Concurrent Reset Relocation Set 0.005ms
[2026-04-03T03:28:51.505+0600][56.083s][info][gc,phases   ] GC(84) O: Concurrent Select Relocation Set 4.290ms
[2026-04-03T03:28:51.730+0600][56.308s][info][gc,phases   ] GC(85) y: Concurrent Mark 1034.116ms
[2026-04-03T03:28:51.730+0600][56.309s][info][gc,phases   ] GC(85) y: Pause Mark End 0.034ms
[2026-04-03T03:28:51.731+0600][56.309s][info][gc,phases   ] GC(85) y: Concurrent Mark Free 0.001ms
[2026-04-03T03:28:51.731+0600][56.309s][info][gc,phases   ] GC(85) y: Concurrent Reset Relocation Set 0.078ms
[2026-04-03T03:28:51.737+0600][56.315s][info][gc,reloc    ] GC(85) y: Using tenuring threshold: 1 (Computed)
[2026-04-03T03:28:51.871+0600][56.449s][info][gc,phases   ] GC(85) y: Concurrent Select Relocation Set 139.991ms
[2026-04-03T03:28:51.871+0600][56.449s][info][gc,phases   ] GC(85) y: Pause Relocate Start 0.027ms
[2026-04-03T03:28:52.248+0600][56.826s][info][gc,phases   ] GC(85) y: Concurrent Relocate 376.174ms
[2026-04-03T03:28:52.248+0600][56.826s][info][gc,alloc    ] GC(85) y:                         Mark Start        Mark End      Relocate Start    Relocate End   
[2026-04-03T03:28:52.248+0600][56.826s][info][gc,alloc    ] GC(85) y: Allocation Stalls:          0                0                0                0         
[2026-04-03T03:28:52.248+0600][56.826s][info][gc,load     ] GC(85) y: Load: 4.67 (39%) / 4.60 (38%) / 5.04 (42%)
[2026-04-03T03:28:52.248+0600][56.826s][info][gc,mmu      ] GC(85) y: MMU: 2ms/90.6%, 5ms/96.2%, 10ms/98.1%, 20ms/99.1%, 50ms/99.5%, 100ms/99.7%
[2026-04-03T03:28:52.248+0600][56.826s][info][gc,marking  ] GC(85) y: Mark: 1 stripe(s), 2 proactive flush(es), 1 terminate flush(es), 0 completion(s), 0 continuation(s) 
[2026-04-03T03:28:52.248+0600][56.826s][info][gc,marking  ] GC(85) y: Mark Stack Usage: 32M
[2026-04-03T03:28:52.248+0600][56.826s][info][gc,nmethod  ] GC(85) y: NMethods: 7048 registered, 806 unregistered
[2026-04-03T03:28:52.248+0600][56.826s][info][gc,metaspace] GC(85) y: Metaspace: 71M used, 72M committed, 1088M reserved
[2026-04-03T03:28:52.248+0600][56.826s][info][gc,reloc    ] GC(85) y:                        Candidates     Selected     In-Place         Size        Empty    Relocated 
[2026-04-03T03:28:52.248+0600][56.826s][info][gc,reloc    ] GC(85) y: Small Pages:                  190          138            0         380M           6M          17M 
[2026-04-03T03:28:52.248+0600][56.826s][info][gc,reloc    ] GC(85) y: Medium Pages:                   0            0            0           0M           0M           0M 
[2026-04-03T03:28:52.248+0600][56.826s][info][gc,reloc    ] GC(85) y: Large Pages:                    3            0            0          30M           0M           0M 
[2026-04-03T03:28:52.248+0600][56.826s][info][gc,reloc    ] GC(85) y: Forwarding Usage: 19M
[2026-04-03T03:28:52.248+0600][56.826s][info][gc,reloc    ] GC(85) y: Age Table:
[2026-04-03T03:28:52.248+0600][56.826s][info][gc,reloc    ] GC(85) y:                    Live             Garbage             Small              Medium             Large        
[2026-04-03T03:28:52.248+0600][56.826s][info][gc,reloc    ] GC(85) y: Eden              15M (1%)          268M (18%)        142 / 130            0 / 0              0 / 0        
[2026-04-03T03:28:52.248+0600][56.826s][info][gc,reloc    ] GC(85) y: Survivor 1        59M (4%)           10M (1%)          20 / 3              0 / 0              3 / 0        
[2026-04-03T03:28:52.248+0600][56.826s][info][gc,reloc    ] GC(85) y: Survivor 2        42M (3%)           13M (1%)          28 / 5              0 / 0              0 / 0        
[2026-04-03T03:28:52.248+0600][56.826s][info][gc,heap     ] GC(85) y: Min Capacity: 8M(1%)
[2026-04-03T03:28:52.248+0600][56.826s][info][gc,heap     ] GC(85) y: Max Capacity: 1500M(100%)
[2026-04-03T03:28:52.248+0600][56.826s][info][gc,heap     ] GC(85) y: Soft Max Capacity: 1500M(100%)
[2026-04-03T03:28:52.248+0600][56.826s][info][gc,heap     ] GC(85) y: Heap Statistics:
[2026-04-03T03:28:52.248+0600][56.826s][info][gc,heap     ] GC(85) y:                Mark Start          Mark End        Relocate Start      Relocate End           High               Low         
[2026-04-03T03:28:52.248+0600][56.826s][info][gc,heap     ] GC(85) y:  Capacity:     1500M (100%)       1500M (100%)       1500M (100%)       1500M (100%)       1500M (100%)       1500M (100%)   
[2026-04-03T03:28:52.248+0600][56.826s][info][gc,heap     ] GC(85) y:      Free:      782M (52%)          48M (3%)           10M (1%)          142M (9%)          782M (52%)           0M (0%)     
[2026-04-03T03:28:52.248+0600][56.826s][info][gc,heap     ] GC(85) y:      Used:      718M (48%)        1452M (97%)        1490M (99%)        1358M (91%)        1500M (100%)        718M (48%)    
[2026-04-03T03:28:52.248+0600][56.826s][info][gc,heap     ] GC(85) y: Young Generation Statistics:
[2026-04-03T03:28:52.248+0600][56.826s][info][gc,heap     ] GC(85) y:                Mark Start          Mark End        Relocate Start      Relocate End    
[2026-04-03T03:28:52.248+0600][56.826s][info][gc,heap     ] GC(85) y:      Used:      410M (27%)        1144M (76%)        1076M (72%)         934M (62%)    
[2026-04-03T03:28:52.248+0600][56.826s][info][gc,heap     ] GC(85) y:      Live:         -               117M (8%)           18M (1%)           15M (1%)     
[2026-04-03T03:28:52.248+0600][56.826s][info][gc,heap     ] GC(85) y:   Garbage:         -               292M (19%)         279M (19%)           0M (0%)     
[2026-04-03T03:28:52.248+0600][56.826s][info][gc,heap     ] GC(85) y: Allocated:         -               734M (49%)         778M (52%)         918M (61%)    
[2026-04-03T03:28:52.248+0600][56.826s][info][gc,heap     ] GC(85) y: Reclaimed:         -                  -                13M (1%)          292M (19%)    
[2026-04-03T03:28:52.248+0600][56.827s][info][gc,heap     ] GC(85) y:  Promoted:         -                  -                98M (7%)          102M (7%)     
[2026-04-03T03:28:52.248+0600][56.827s][info][gc,heap     ] GC(85) y: Compacted:         -                  -                  -                15M (1%)     
[2026-04-03T03:28:52.248+0600][56.827s][info][gc,phases   ] GC(85) y: Young Generation 718M(48%)->1358M(91%) 1.552s
[2026-04-03T03:28:52.248+0600][56.827s][info][gc          ] GC(85) Minor Collection (Allocation Rate) 718M(48%)->1358M(91%) 1.553s
[2026-04-03T03:28:52.248+0600][56.827s][info][gc,task     ] GC(84) O: Using 3 Workers for Old Generation
[2026-04-03T03:28:52.248+0600][56.827s][info][gc,task     ] Adjusting Workers for Old Generation: 3 -> 2
[2026-04-03T03:28:52.301+0600][56.879s][info][gc,task     ] GC(84) O: Using 2 Workers for Old Generation
[2026-04-03T03:28:52.301+0600][56.879s][info][gc,phases   ] GC(84) O: Concurrent Remap Roots 52.398ms
[2026-04-03T03:28:52.301+0600][56.879s][info][gc,phases   ] GC(84) O: Pause Relocate Start 0.037ms
[2026-04-03T03:28:52.302+0600][56.880s][info][gc          ] GC(86) Minor Collection (Allocation Rate)
[2026-04-03T03:28:52.302+0600][56.880s][info][gc,task     ] GC(86) Using 1 Workers for Young Generation
[2026-04-03T03:28:52.302+0600][56.880s][info][gc,phases   ] GC(86) y: Young Generation
[2026-04-03T03:28:52.302+0600][56.880s][info][gc,phases   ] GC(86) y: Pause Mark Start 0.042ms
[2026-04-03T03:28:52.314+0600][56.892s][info][gc,phases   ] GC(84) O: Concurrent Relocate 12.797ms
[2026-04-03T03:28:52.322+0600][56.900s][info][gc,task     ] Adjusting Workers for Young Generation: 1 -> 3
[2026-04-03T03:28:52.712+0600][57.290s][info][gc,phases   ] GC(86) y: Concurrent Mark 409.464ms
[2026-04-03T03:28:52.712+0600][57.290s][info][gc,phases   ] GC(86) y: Pause Mark End 0.024ms
[2026-04-03T03:28:52.712+0600][57.291s][info][gc,phases   ] GC(86) y: Concurrent Mark Free 0.002ms
[2026-04-03T03:28:52.712+0600][57.291s][info][gc,phases   ] GC(86) y: Concurrent Reset Relocation Set 0.081ms
[2026-04-03T03:28:52.714+0600][57.292s][info][gc,reloc    ] GC(86) y: Using tenuring threshold: 2 (Computed)
[2026-04-03T03:28:52.714+0600][57.292s][info][gc          ] Allocation Stall (Executor task launch worker for task 0.0 in stage 27.0 (TID 39)) 58.685ms
[2026-04-03T03:28:52.714+0600][57.292s][info][gc          ] Allocation Stall (Executor task launch worker for task 1.0 in stage 27.0 (TID 40)) 32.378ms
[2026-04-03T03:28:52.714+0600][57.292s][info][gc          ] Allocation Stall (Executor task launch worker for task 2.0 in stage 27.0 (TID 41)) 55.609ms
[2026-04-03T03:28:52.726+0600][57.304s][info][gc,phases   ] GC(86) y: Concurrent Select Relocation Set 13.219ms
[2026-04-03T03:28:52.726+0600][57.304s][info][gc,phases   ] GC(86) y: Pause Relocate Start 0.034ms
[2026-04-03T03:28:52.815+0600][57.393s][info][gc,phases   ] GC(86) y: Concurrent Relocate 88.856ms
[2026-04-03T03:28:52.815+0600][57.393s][info][gc,alloc    ] GC(86) y:                         Mark Start        Mark End      Relocate Start    Relocate End   
[2026-04-03T03:28:52.815+0600][57.393s][info][gc,alloc    ] GC(86) y: Allocation Stalls:          0                3                0                0         
[2026-04-03T03:28:52.815+0600][57.393s][info][gc,load     ] GC(86) y: Load: 4.67 (39%) / 4.60 (38%) / 5.04 (42%)
[2026-04-03T03:28:52.815+0600][57.393s][info][gc,mmu      ] GC(86) y: MMU: 2ms/90.6%, 5ms/96.2%, 10ms/98.1%, 20ms/99.1%, 50ms/99.5%, 100ms/99.7%
[2026-04-03T03:28:52.815+0600][57.393s][info][gc,marking  ] GC(86) y: Mark: 1 stripe(s), 2 proactive flush(es), 1 terminate flush(es), 0 completion(s), 0 continuation(s) 
[2026-04-03T03:28:52.815+0600][57.394s][info][gc,marking  ] GC(86) y: Mark Stack Usage: 32M
[2026-04-03T03:28:52.815+0600][57.394s][info][gc,nmethod  ] GC(86) y: NMethods: 7062 registered, 806 unregistered
[2026-04-03T03:28:52.815+0600][57.394s][info][gc,metaspace] GC(86) y: Metaspace: 71M used, 72M committed, 1088M reserved
[2026-04-03T03:28:52.815+0600][57.394s][info][gc,reloc    ] GC(86) y:                        Candidates     Selected     In-Place         Size        Empty    Relocated 
[2026-04-03T03:28:52.815+0600][57.394s][info][gc,reloc    ] GC(86) y: Small Pages:                  438          398            0         876M          24M          35M 
[2026-04-03T03:28:52.815+0600][57.394s][info][gc,reloc    ] GC(86) y: Medium Pages:                   1            0            0          32M           0M           0M 
[2026-04-03T03:28:52.815+0600][57.394s][info][gc,reloc    ] GC(86) y: Large Pages:                    2            0            0          36M           0M           0M 
[2026-04-03T03:28:52.815+0600][57.394s][info][gc,reloc    ] GC(86) y: Forwarding Usage: 38M
[2026-04-03T03:28:52.815+0600][57.394s][info][gc,reloc    ] GC(86) y: Age Table:
[2026-04-03T03:28:52.815+0600][57.394s][info][gc,reloc    ] GC(86) y:                    Live             Garbage             Small              Medium             Large        
[2026-04-03T03:28:52.815+0600][57.394s][info][gc,reloc    ] GC(86) y: Eden              75M (5%)          848M (57%)        428 / 395            1 / 0              2 / 0        
[2026-04-03T03:28:52.815+0600][57.394s][info][gc,reloc    ] GC(86) y: Survivor 1        12M (1%)            7M (1%)          10 / 3              0 / 0              0 / 0        
[2026-04-03T03:28:52.815+0600][57.394s][info][gc,heap     ] GC(86) y: Min Capacity: 8M(1%)
[2026-04-03T03:28:52.815+0600][57.394s][info][gc,heap     ] GC(86) y: Max Capacity: 1500M(100%)
[2026-04-03T03:28:52.815+0600][57.394s][info][gc,heap     ] GC(86) y: Soft Max Capacity: 1500M(100%)
[2026-04-03T03:28:52.815+0600][57.394s][info][gc,heap     ] GC(86) y: Heap Statistics:
[2026-04-03T03:28:52.815+0600][57.394s][info][gc,heap     ] GC(86) y:                Mark Start          Mark End        Relocate Start      Relocate End           High               Low         
[2026-04-03T03:28:52.815+0600][57.394s][info][gc,heap     ] GC(86) y:  Capacity:     1500M (100%)       1500M (100%)       1500M (100%)       1500M (100%)       1500M (100%)       1500M (100%)   
[2026-04-03T03:28:52.815+0600][57.394s][info][gc,heap     ] GC(86) y:      Free:      130M (9%)            0M (0%)           16M (1%)          770M (51%)         770M (51%)           0M (0%)     
[2026-04-03T03:28:52.815+0600][57.394s][info][gc,heap     ] GC(86) y:      Used:     1370M (91%)        1500M (100%)       1484M (99%)         730M (49%)        1500M (100%)        730M (49%)    
[2026-04-03T03:28:52.815+0600][57.394s][info][gc,heap     ] GC(86) y: Young Generation Statistics:
[2026-04-03T03:28:52.815+0600][57.394s][info][gc,heap     ] GC(86) y:                Mark Start          Mark End        Relocate Start      Relocate End    
[2026-04-03T03:28:52.816+0600][57.394s][info][gc,heap     ] GC(86) y:      Used:      944M (63%)        1078M (72%)        1062M (71%)         308M (21%)    
[2026-04-03T03:28:52.816+0600][57.394s][info][gc,heap     ] GC(86) y:      Live:         -                87M (6%)           87M (6%)           87M (6%)     
[2026-04-03T03:28:52.816+0600][57.394s][info][gc,heap     ] GC(86) y:   Garbage:         -               856M (57%)         832M (55%)          30M (2%)     
[2026-04-03T03:28:52.816+0600][57.394s][info][gc,heap     ] GC(86) y: Allocated:         -               134M (9%)          142M (9%)          189M (13%)    
[2026-04-03T03:28:52.816+0600][57.394s][info][gc,heap     ] GC(86) y: Reclaimed:         -                  -                24M (2%)          825M (55%)    
[2026-04-03T03:28:52.816+0600][57.394s][info][gc,heap     ] GC(86) y:  Promoted:         -                  -                 0M (0%)            0M (0%)     
[2026-04-03T03:28:52.816+0600][57.394s][info][gc,heap     ] GC(86) y: Compacted:         -                  -                  -                38M (3%)     
[2026-04-03T03:28:52.816+0600][57.394s][info][gc,phases   ] GC(86) y: Young Generation 1370M(91%)->730M(49%) 0.514s
[2026-04-03T03:28:52.816+0600][57.394s][info][gc          ] GC(86) Minor Collection (Allocation Rate) 1370M(91%)->730M(49%) 0.514s
[2026-04-03T03:28:52.816+0600][57.394s][info][gc,alloc    ] GC(84) O:                         Mark Start        Mark End      Relocate Start    Relocate End   
[2026-04-03T03:28:52.816+0600][57.394s][info][gc,alloc    ] GC(84) O: Allocation Stalls:          0                0                0                0         
[2026-04-03T03:28:52.816+0600][57.394s][info][gc,load     ] GC(84) O: Load: 4.67 (39%) / 4.60 (38%) / 5.04 (42%)
[2026-04-03T03:28:52.816+0600][57.394s][info][gc,mmu      ] GC(84) O: MMU: 2ms/90.6%, 5ms/96.2%, 10ms/98.1%, 20ms/99.1%, 50ms/99.5%, 100ms/99.7%
[2026-04-03T03:28:52.816+0600][57.394s][info][gc,marking  ] GC(84) O: Mark: 2 stripe(s), 6 proactive flush(es), 1 terminate flush(es), 0 completion(s), 0 continuation(s) 
[2026-04-03T03:28:52.816+0600][57.394s][info][gc,marking  ] GC(84) O: Mark Stack Usage: 32M
[2026-04-03T03:28:52.816+0600][57.394s][info][gc,nmethod  ] GC(84) O: NMethods: 7062 registered, 806 unregistered
[2026-04-03T03:28:52.816+0600][57.394s][info][gc,metaspace] GC(84) O: Metaspace: 71M used, 72M committed, 1088M reserved
[2026-04-03T03:28:52.816+0600][57.394s][info][gc,ref      ] GC(84) O:                       Encountered   Discovered     Enqueued 
[2026-04-03T03:28:52.816+0600][57.394s][info][gc,ref      ] GC(84) O: Soft References:             5095            0            0 
[2026-04-03T03:28:52.816+0600][57.394s][info][gc,ref      ] GC(84) O: Weak References:             6623         5277           22 
[2026-04-03T03:28:52.816+0600][57.394s][info][gc,ref      ] GC(84) O: Final References:              84            2            0 
[2026-04-03T03:28:52.816+0600][57.394s][info][gc,ref      ] GC(84) O: Phantom References:           598          382            0 
[2026-04-03T03:28:52.816+0600][57.394s][info][gc,reloc    ] GC(84) O:                        Candidates     Selected     In-Place         Size        Empty    Relocated 
[2026-04-03T03:28:52.816+0600][57.394s][info][gc,reloc    ] GC(84) O: Small Pages:                  123            5            0         246M           0M           3M 
[2026-04-03T03:28:52.816+0600][57.394s][info][gc,reloc    ] GC(84) O: Medium Pages:                   1            0            0          32M           0M           0M 
[2026-04-03T03:28:52.816+0600][57.394s][info][gc,reloc    ] GC(84) O: Large Pages:                    3            0            0          30M           0M           0M 
[2026-04-03T03:28:52.816+0600][57.394s][info][gc,reloc    ] GC(84) O: Forwarding Usage: 2M
[2026-04-03T03:28:52.816+0600][57.394s][info][gc,heap     ] GC(84) O: Min Capacity: 8M(1%)
[2026-04-03T03:28:52.816+0600][57.394s][info][gc,heap     ] GC(84) O: Max Capacity: 1500M(100%)
[2026-04-03T03:28:52.816+0600][57.394s][info][gc,heap     ] GC(84) O: Soft Max Capacity: 1500M(100%)
[2026-04-03T03:28:52.816+0600][57.394s][info][gc,heap     ] GC(84) O: Heap Statistics:
[2026-04-03T03:28:52.816+0600][57.394s][info][gc,heap     ] GC(84) O:                Mark Start          Mark End        Relocate Start      Relocate End           High               Low         
[2026-04-03T03:28:52.816+0600][57.394s][info][gc,heap     ] GC(84) O:  Capacity:     1500M (100%)       1500M (100%)       1500M (100%)       1500M (100%)       1500M (100%)       1500M (100%)   
[2026-04-03T03:28:52.816+0600][57.394s][info][gc,heap     ] GC(84) O:      Free:      596M (40%)         270M (18%)         132M (9%)          130M (9%)          784M (52%)           0M (0%)     
[2026-04-03T03:28:52.816+0600][57.394s][info][gc,heap     ] GC(84) O:      Used:      904M (60%)        1230M (82%)        1368M (91%)        1370M (91%)        1500M (100%)        716M (48%)    
[2026-04-03T03:28:52.816+0600][57.394s][info][gc,heap     ] GC(84) O: Old Generation Statistics:
[2026-04-03T03:28:52.816+0600][57.394s][info][gc,heap     ] GC(84) O:                Mark Start          Mark End        Relocate Start      Relocate End    
[2026-04-03T03:28:52.816+0600][57.395s][info][gc,heap     ] GC(84) O:      Used:      308M (21%)         308M (21%)         424M (28%)         422M (28%)    
[2026-04-03T03:28:52.816+0600][57.395s][info][gc,heap     ] GC(84) O:      Live:         -               268M (18%)         268M (18%)         268M (18%)    
[2026-04-03T03:28:52.816+0600][57.395s][info][gc,heap     ] GC(84) O:   Garbage:         -                39M (3%)           39M (3%)           28M (2%)     
[2026-04-03T03:28:52.816+0600][57.395s][info][gc,heap     ] GC(84) O: Allocated:         -                 0M (0%)          116M (8%)          125M (8%)     
[2026-04-03T03:28:52.816+0600][57.395s][info][gc,heap     ] GC(84) O: Reclaimed:         -                  -                 0M (0%)           11M (1%)     
[2026-04-03T03:28:52.816+0600][57.395s][info][gc,heap     ] GC(84) O: Compacted:         -                  -                  -                 4M (0%)     
[2026-04-03T03:28:52.816+0600][57.395s][info][gc,phases   ] GC(84) O: Old Generation 716M(48%)->1370M(91%) 2.125s
[2026-04-03T03:28:52.816+0600][57.395s][info][gc          ] GC(84) Major Collection (Allocation Rate) 904M(60%)->730M(49%) 2.558s
[2026-04-03T03:28:52.826+0600][57.404s][info][gc          ] GC(87) Minor Collection (Allocation Rate)
[2026-04-03T03:28:52.826+0600][57.404s][info][gc,task     ] GC(87) Using 3 Workers for Young Generation
[2026-04-03T03:28:52.826+0600][57.404s][info][gc,phases   ] GC(87) y: Young Generation
[2026-04-03T03:28:52.826+0600][57.404s][info][gc,phases   ] GC(87) y: Pause Mark Start 0.029ms
[2026-04-03T03:28:53.168+0600][57.746s][info][gc,phases   ] GC(87) y: Concurrent Mark 341.739ms
[2026-04-03T03:28:53.168+0600][57.747s][info][gc,phases   ] GC(87) y: Pause Mark End 0.024ms
[2026-04-03T03:28:53.169+0600][57.747s][info][gc,phases   ] GC(87) y: Concurrent Mark Free 0.003ms
[2026-04-03T03:28:53.169+0600][57.747s][info][gc,phases   ] GC(87) y: Concurrent Reset Relocation Set 0.038ms
[2026-04-03T03:28:53.171+0600][57.749s][info][gc,reloc    ] GC(87) y: Using tenuring threshold: 1 (Computed)
[2026-04-03T03:28:53.212+0600][57.791s][info][gc,phases   ] GC(87) y: Concurrent Select Relocation Set 43.746ms
[2026-04-03T03:28:53.213+0600][57.791s][info][gc,phases   ] GC(87) y: Pause Relocate Start 0.014ms
[2026-04-03T03:28:53.294+0600][57.872s][info][gc,phases   ] GC(87) y: Concurrent Relocate 81.078ms
[2026-04-03T03:28:53.294+0600][57.872s][info][gc,alloc    ] GC(87) y:                         Mark Start        Mark End      Relocate Start    Relocate End   
[2026-04-03T03:28:53.294+0600][57.872s][info][gc,alloc    ] GC(87) y: Allocation Stalls:          0                0                0                0         
[2026-04-03T03:28:53.294+0600][57.872s][info][gc,load     ] GC(87) y: Load: 4.67 (39%) / 4.60 (38%) / 5.04 (42%)
[2026-04-03T03:28:53.294+0600][57.872s][info][gc,mmu      ] GC(87) y: MMU: 2ms/90.6%, 5ms/96.2%, 10ms/98.1%, 20ms/99.1%, 50ms/99.5%, 100ms/99.7%
[2026-04-03T03:28:53.294+0600][57.872s][info][gc,marking  ] GC(87) y: Mark: 2 stripe(s), 3 proactive flush(es), 1 terminate flush(es), 0 completion(s), 0 continuation(s) 
[2026-04-03T03:28:53.294+0600][57.872s][info][gc,marking  ] GC(87) y: Mark Stack Usage: 32M
[2026-04-03T03:28:53.294+0600][57.872s][info][gc,nmethod  ] GC(87) y: NMethods: 7074 registered, 806 unregistered
[2026-04-03T03:28:53.294+0600][57.872s][info][gc,metaspace] GC(87) y: Metaspace: 71M used, 72M committed, 1088M reserved
[2026-04-03T03:28:53.294+0600][57.872s][info][gc,reloc    ] GC(87) y:                        Candidates     Selected     In-Place         Size        Empty    Relocated 
[2026-04-03T03:28:53.294+0600][57.872s][info][gc,reloc    ] GC(87) y: Small Pages:                  107           73            0         214M          10M           6M 
[2026-04-03T03:28:53.294+0600][57.872s][info][gc,reloc    ] GC(87) y: Medium Pages:                   2            0            0          64M          64M           0M 
[2026-04-03T03:28:53.294+0600][57.872s][info][gc,reloc    ] GC(87) y: Large Pages:                    2            0            0          36M           0M           0M 
[2026-04-03T03:28:53.294+0600][57.872s][info][gc,reloc    ] GC(87) y: Forwarding Usage: 7M
[2026-04-03T03:28:53.294+0600][57.872s][info][gc,reloc    ] GC(87) y: Age Table:
[2026-04-03T03:28:53.294+0600][57.872s][info][gc,reloc    ] GC(87) y:                    Live             Garbage             Small              Medium             Large        
[2026-04-03T03:28:53.294+0600][57.872s][info][gc,reloc    ] GC(87) y: Eden               4M (0%)          175M (12%)         74 / 66             1 / 0              0 / 0        
[2026-04-03T03:28:53.294+0600][57.872s][info][gc,reloc    ] GC(87) y: Survivor 1        70M (5%)           41M (3%)          22 / 4              1 / 0              2 / 0        
[2026-04-03T03:28:53.294+0600][57.872s][info][gc,reloc    ] GC(87) y: Survivor 2        12M (1%)            9M (1%)          11 / 3              0 / 0              0 / 0        
[2026-04-03T03:28:53.294+0600][57.872s][info][gc,heap     ] GC(87) y: Min Capacity: 8M(1%)
[2026-04-03T03:28:53.294+0600][57.872s][info][gc,heap     ] GC(87) y: Max Capacity: 1500M(100%)
[2026-04-03T03:28:53.294+0600][57.872s][info][gc,heap     ] GC(87) y: Soft Max Capacity: 1500M(100%)
[2026-04-03T03:28:53.294+0600][57.872s][info][gc,heap     ] GC(87) y: Heap Statistics:
[2026-04-03T03:28:53.294+0600][57.872s][info][gc,heap     ] GC(87) y:                Mark Start          Mark End        Relocate Start      Relocate End           High               Low         
[2026-04-03T03:28:53.294+0600][57.872s][info][gc,heap     ] GC(87) y:  Capacity:     1500M (100%)       1500M (100%)       1500M (100%)       1500M (100%)       1500M (100%)       1500M (100%)   
[2026-04-03T03:28:53.294+0600][57.872s][info][gc,heap     ] GC(87) y:      Free:      764M (51%)         638M (43%)         692M (46%)         794M (53%)         828M (55%)         638M (43%)    
[2026-04-03T03:28:53.294+0600][57.872s][info][gc,heap     ] GC(87) y:      Used:      736M (49%)         862M (57%)         808M (54%)         706M (47%)         862M (57%)         672M (45%)    
[2026-04-03T03:28:53.294+0600][57.872s][info][gc,heap     ] GC(87) y: Young Generation Statistics:
[2026-04-03T03:28:53.294+0600][57.872s][info][gc,heap     ] GC(87) y:                Mark Start          Mark End        Relocate Start      Relocate End    
[2026-04-03T03:28:53.294+0600][57.872s][info][gc,heap     ] GC(87) y:      Used:      314M (21%)         440M (29%)         302M (20%)         194M (13%)    
[2026-04-03T03:28:53.294+0600][57.872s][info][gc,heap     ] GC(87) y:      Live:         -                86M (6%)            8M (1%)            4M (0%)     
[2026-04-03T03:28:53.294+0600][57.872s][info][gc,heap     ] GC(87) y:   Garbage:         -               227M (15%)         147M (10%)           0M (0%)     
[2026-04-03T03:28:53.294+0600][57.872s][info][gc,heap     ] GC(87) y: Allocated:         -               126M (8%)          146M (10%)         189M (13%)    
[2026-04-03T03:28:53.294+0600][57.872s][info][gc,heap     ] GC(87) y: Reclaimed:         -                  -                79M (5%)          227M (15%)    
[2026-04-03T03:28:53.294+0600][57.872s][info][gc,heap     ] GC(87) y:  Promoted:         -                  -                78M (5%)           82M (5%)     
[2026-04-03T03:28:53.294+0600][57.872s][info][gc,heap     ] GC(87) y: Compacted:         -                  -                  -                 4M (0%)     
[2026-04-03T03:28:53.294+0600][57.872s][info][gc,phases   ] GC(87) y: Young Generation 736M(49%)->706M(47%) 0.468s
[2026-04-03T03:28:53.294+0600][57.872s][info][gc          ] GC(87) Minor Collection (Allocation Rate) 736M(49%)->706M(47%) 0.468s
[2026-04-03T03:28:53.294+0600][57.873s][info][gc          ] GC(88) Minor Collection (Allocation Rate)
[2026-04-03T03:28:53.294+0600][57.873s][info][gc,task     ] GC(88) Using 3 Workers for Young Generation
[2026-04-03T03:28:53.294+0600][57.873s][info][gc,phases   ] GC(88) y: Young Generation
[2026-04-03T03:28:53.295+0600][57.873s][info][gc,phases   ] GC(88) y: Pause Mark Start 0.015ms
[2026-04-03T03:28:53.382+0600][57.960s][info][gc,phases   ] GC(88) y: Concurrent Mark 86.929ms
[2026-04-03T03:28:53.382+0600][57.960s][info][gc,phases   ] GC(88) y: Pause Mark End 0.017ms
[2026-04-03T03:28:53.382+0600][57.960s][info][gc,phases   ] GC(88) y: Concurrent Mark Free 0.002ms
[2026-04-03T03:28:53.382+0600][57.960s][info][gc,phases   ] GC(88) y: Concurrent Reset Relocation Set 0.065ms
[2026-04-03T03:28:53.383+0600][57.962s][info][gc,reloc    ] GC(88) y: Using tenuring threshold: 2 (Computed)
[2026-04-03T03:28:53.384+0600][57.962s][info][gc,phases   ] GC(88) y: Concurrent Select Relocation Set 2.205ms
[2026-04-03T03:28:53.384+0600][57.962s][info][gc,phases   ] GC(88) y: Pause Relocate Start 0.009ms
[2026-04-03T03:28:53.392+0600][57.970s][info][gc,phases   ] GC(88) y: Concurrent Relocate 7.764ms
[2026-04-03T03:28:53.392+0600][57.970s][info][gc,alloc    ] GC(88) y:                         Mark Start        Mark End      Relocate Start    Relocate End   
[2026-04-03T03:28:53.392+0600][57.970s][info][gc,alloc    ] GC(88) y: Allocation Stalls:          0                0                0                0         
[2026-04-03T03:28:53.392+0600][57.970s][info][gc,load     ] GC(88) y: Load: 4.67 (39%) / 4.60 (38%) / 5.04 (42%)
[2026-04-03T03:28:53.392+0600][57.970s][info][gc,mmu      ] GC(88) y: MMU: 2ms/90.6%, 5ms/96.2%, 10ms/98.1%, 20ms/99.1%, 50ms/99.5%, 100ms/99.7%
[2026-04-03T03:28:53.392+0600][57.970s][info][gc,marking  ] GC(88) y: Mark: 2 stripe(s), 10 proactive flush(es), 1 terminate flush(es), 0 completion(s), 0 continuation(s) 
[2026-04-03T03:28:53.392+0600][57.970s][info][gc,marking  ] GC(88) y: Mark Stack Usage: 32M
[2026-04-03T03:28:53.392+0600][57.970s][info][gc,nmethod  ] GC(88) y: NMethods: 7074 registered, 806 unregistered
[2026-04-03T03:28:53.392+0600][57.970s][info][gc,metaspace] GC(88) y: Metaspace: 71M used, 72M committed, 1088M reserved
[2026-04-03T03:28:53.392+0600][57.970s][info][gc,reloc    ] GC(88) y:                        Candidates     Selected     In-Place         Size        Empty    Relocated 
[2026-04-03T03:28:53.392+0600][57.970s][info][gc,reloc    ] GC(88) y: Small Pages:                   72           63            0         144M           8M           4M 
[2026-04-03T03:28:53.392+0600][57.970s][info][gc,reloc    ] GC(88) y: Medium Pages:                   1            0            0          32M          32M           0M 
[2026-04-03T03:28:53.392+0600][57.970s][info][gc,reloc    ] GC(88) y: Large Pages:                    1            0            0          18M           0M           0M 
[2026-04-03T03:28:53.392+0600][57.970s][info][gc,reloc    ] GC(88) y: Forwarding Usage: 4M
[2026-04-03T03:28:53.392+0600][57.970s][info][gc,reloc    ] GC(88) y: Age Table:
[2026-04-03T03:28:53.392+0600][57.970s][info][gc,reloc    ] GC(88) y:                    Live             Garbage             Small              Medium             Large        
[2026-04-03T03:28:53.392+0600][57.970s][info][gc,reloc    ] GC(88) y: Eden              21M (1%)          164M (11%)         68 / 61             1 / 0              1 / 0        
[2026-04-03T03:28:53.392+0600][57.970s][info][gc,reloc    ] GC(88) y: Survivor 1         4M (0%)            3M (0%)           4 / 2              0 / 0              0 / 0        
[2026-04-03T03:28:53.392+0600][57.970s][info][gc,heap     ] GC(88) y: Min Capacity: 8M(1%)
[2026-04-03T03:28:53.392+0600][57.970s][info][gc,heap     ] GC(88) y: Max Capacity: 1500M(100%)
[2026-04-03T03:28:53.392+0600][57.970s][info][gc,heap     ] GC(88) y: Soft Max Capacity: 1500M(100%)
[2026-04-03T03:28:53.392+0600][57.970s][info][gc,heap     ] GC(88) y: Heap Statistics:
[2026-04-03T03:28:53.392+0600][57.970s][info][gc,heap     ] GC(88) y:                Mark Start          Mark End        Relocate Start      Relocate End           High               Low         
[2026-04-03T03:28:53.392+0600][57.970s][info][gc,heap     ] GC(88) y:  Capacity:     1500M (100%)       1500M (100%)       1500M (100%)       1500M (100%)       1500M (100%)       1500M (100%)   
[2026-04-03T03:28:53.392+0600][57.971s][info][gc,heap     ] GC(88) y:      Free:      794M (53%)         754M (50%)         792M (53%)         904M (60%)         904M (60%)         752M (50%)    
[2026-04-03T03:28:53.392+0600][57.971s][info][gc,heap     ] GC(88) y:      Used:      706M (47%)         746M (50%)         708M (47%)         596M (40%)         748M (50%)         596M (40%)    
[2026-04-03T03:28:53.392+0600][57.971s][info][gc,heap     ] GC(88) y: Young Generation Statistics:
[2026-04-03T03:28:53.392+0600][57.971s][info][gc,heap     ] GC(88) y:                Mark Start          Mark End        Relocate Start      Relocate End    
[2026-04-03T03:28:53.392+0600][57.971s][info][gc,heap     ] GC(88) y:      Used:      194M (13%)         234M (16%)         196M (13%)          84M (6%)     
[2026-04-03T03:28:53.392+0600][57.971s][info][gc,heap     ] GC(88) y:      Live:         -                25M (2%)           25M (2%)           25M (2%)     
[2026-04-03T03:28:53.392+0600][57.971s][info][gc,heap     ] GC(88) y:   Garbage:         -               168M (11%)         128M (9%)            0M (0%)     
[2026-04-03T03:28:53.392+0600][57.971s][info][gc,heap     ] GC(88) y: Allocated:         -                40M (3%)           42M (3%)           57M (4%)     
[2026-04-03T03:28:53.392+0600][57.971s][info][gc,heap     ] GC(88) y: Reclaimed:         -                  -                40M (3%)          167M (11%)    
[2026-04-03T03:28:53.392+0600][57.971s][info][gc,heap     ] GC(88) y:  Promoted:         -                  -                 0M (0%)            0M (0%)     
[2026-04-03T03:28:53.392+0600][57.971s][info][gc,heap     ] GC(88) y: Compacted:         -                  -                  -                 4M (0%)     
[2026-04-03T03:28:53.392+0600][57.971s][info][gc,phases   ] GC(88) y: Young Generation 706M(47%)->596M(40%) 0.098s
[2026-04-03T03:28:53.392+0600][57.971s][info][gc          ] GC(88) Minor Collection (Allocation Rate) 706M(47%)->596M(40%) 0.098s
[2026-04-03T03:28:53.393+0600][57.971s][info][gc          ] GC(89) Major Collection (Allocation Rate)
[2026-04-03T03:28:53.393+0600][57.971s][info][gc,task     ] GC(89) Using 3 Workers for Young Generation
[2026-04-03T03:28:53.393+0600][57.971s][info][gc,task     ] GC(89) Using 1 Workers for Old Generation
[2026-04-03T03:28:53.393+0600][57.971s][info][gc,phases   ] GC(89) Y: Young Generation
[2026-04-03T03:28:53.393+0600][57.971s][info][gc,phases   ] GC(89) Y: Pause Mark Start (Major) 0.015ms
[2026-04-03T03:28:53.462+0600][58.040s][info][gc,phases   ] GC(89) Y: Concurrent Mark 69.237ms
[2026-04-03T03:28:53.462+0600][58.041s][info][gc,phases   ] GC(89) Y: Pause Mark End 0.025ms
[2026-04-03T03:28:53.462+0600][58.041s][info][gc,phases   ] GC(89) Y: Concurrent Mark Free 0.002ms
[2026-04-03T03:28:53.463+0600][58.041s][info][gc,phases   ] GC(89) Y: Concurrent Reset Relocation Set 0.015ms
[2026-04-03T03:28:53.464+0600][58.043s][info][gc,reloc    ] GC(89) Y: Using tenuring threshold: 1 (Computed)
[2026-04-03T03:28:53.495+0600][58.073s][info][gc,phases   ] GC(89) Y: Concurrent Select Relocation Set 32.378ms
[2026-04-03T03:28:53.495+0600][58.073s][info][gc,phases   ] GC(89) Y: Pause Relocate Start 0.017ms
[2026-04-03T03:28:53.558+0600][58.136s][info][gc,phases   ] GC(89) Y: Concurrent Relocate 62.423ms
[2026-04-03T03:28:53.558+0600][58.136s][info][gc,alloc    ] GC(89) Y:                         Mark Start        Mark End      Relocate Start    Relocate End   
[2026-04-03T03:28:53.558+0600][58.136s][info][gc,alloc    ] GC(89) Y: Allocation Stalls:          0                0                0                0         
[2026-04-03T03:28:53.558+0600][58.136s][info][gc,load     ] GC(89) Y: Load: 4.67 (39%) / 4.60 (38%) / 5.04 (42%)
[2026-04-03T03:28:53.558+0600][58.136s][info][gc,mmu      ] GC(89) Y: MMU: 2ms/90.6%, 5ms/96.2%, 10ms/98.1%, 20ms/99.1%, 50ms/99.5%, 100ms/99.7%
[2026-04-03T03:28:53.558+0600][58.136s][info][gc,marking  ] GC(89) Y: Mark: 2 stripe(s), 2 proactive flush(es), 1 terminate flush(es), 0 completion(s), 0 continuation(s) 
[2026-04-03T03:28:53.558+0600][58.136s][info][gc,marking  ] GC(89) Y: Mark Stack Usage: 32M
[2026-04-03T03:28:53.558+0600][58.136s][info][gc,nmethod  ] GC(89) Y: NMethods: 7075 registered, 806 unregistered
[2026-04-03T03:28:53.558+0600][58.136s][info][gc,metaspace] GC(89) Y: Metaspace: 71M used, 72M committed, 1088M reserved
[2026-04-03T03:28:53.558+0600][58.136s][info][gc,reloc    ] GC(89) Y:                        Candidates     Selected     In-Place         Size        Empty    Relocated 
[2026-04-03T03:28:53.558+0600][58.136s][info][gc,reloc    ] GC(89) Y: Small Pages:                   33           27            0          66M           0M           3M 
[2026-04-03T03:28:53.558+0600][58.136s][info][gc,reloc    ] GC(89) Y: Medium Pages:                   0            0            0           0M           0M           0M 
[2026-04-03T03:28:53.558+0600][58.136s][info][gc,reloc    ] GC(89) Y: Large Pages:                    1            0            0          18M           0M           0M 
[2026-04-03T03:28:53.558+0600][58.136s][info][gc,reloc    ] GC(89) Y: Forwarding Usage: 3M
[2026-04-03T03:28:53.558+0600][58.136s][info][gc,reloc    ] GC(89) Y: Age Table:
[2026-04-03T03:28:53.558+0600][58.136s][info][gc,reloc    ] GC(89) Y:                    Live             Garbage             Small              Medium             Large        
[2026-04-03T03:28:53.558+0600][58.136s][info][gc,reloc    ] GC(89) Y: Eden               1M (0%)           46M (3%)          24 / 22             0 / 0              0 / 0        
[2026-04-03T03:28:53.558+0600][58.136s][info][gc,reloc    ] GC(89) Y: Survivor 1        20M (1%)            5M (0%)           4 / 2              0 / 0              1 / 0        
[2026-04-03T03:28:53.558+0600][58.136s][info][gc,reloc    ] GC(89) Y: Survivor 2         4M (0%)            5M (0%)           5 / 3              0 / 0              0 / 0        
[2026-04-03T03:28:53.558+0600][58.136s][info][gc,heap     ] GC(89) Y: Min Capacity: 8M(1%)
[2026-04-03T03:28:53.558+0600][58.136s][info][gc,heap     ] GC(89) Y: Max Capacity: 1500M(100%)
[2026-04-03T03:28:53.558+0600][58.136s][info][gc,heap     ] GC(89) Y: Soft Max Capacity: 1500M(100%)
[2026-04-03T03:28:53.558+0600][58.136s][info][gc,heap     ] GC(89) Y: Heap Statistics:
[2026-04-03T03:28:53.558+0600][58.136s][info][gc,heap     ] GC(89) Y:                Mark Start          Mark End        Relocate Start      Relocate End           High               Low         
[2026-04-03T03:28:53.558+0600][58.136s][info][gc,heap     ] GC(89) Y:  Capacity:     1500M (100%)       1500M (100%)       1500M (100%)       1500M (100%)       1500M (100%)       1500M (100%)   
[2026-04-03T03:28:53.558+0600][58.136s][info][gc,heap     ] GC(89) Y:      Free:      904M (60%)         874M (58%)         864M (58%)         874M (58%)         906M (60%)         856M (57%)    
[2026-04-03T03:28:53.558+0600][58.136s][info][gc,heap     ] GC(89) Y:      Used:      596M (40%)         626M (42%)         636M (42%)         626M (42%)         644M (43%)         594M (40%)    
[2026-04-03T03:28:53.558+0600][58.136s][info][gc,heap     ] GC(89) Y: Young Generation Statistics:
[2026-04-03T03:28:53.558+0600][58.136s][info][gc,heap     ] GC(89) Y:                Mark Start          Mark End        Relocate Start      Relocate End    
[2026-04-03T03:28:53.558+0600][58.136s][info][gc,heap     ] GC(89) Y:      Used:       84M (6%)          114M (8%)           98M (7%)           80M (5%)     
[2026-04-03T03:28:53.558+0600][58.136s][info][gc,heap     ] GC(89) Y:      Live:         -                26M (2%)            3M (0%)            1M (0%)     
[2026-04-03T03:28:53.558+0600][58.136s][info][gc,heap     ] GC(89) Y:   Garbage:         -                57M (4%)           54M (4%)            0M (0%)     
[2026-04-03T03:28:53.558+0600][58.136s][info][gc,heap     ] GC(89) Y: Allocated:         -                30M (2%)           40M (3%)           78M (5%)     
[2026-04-03T03:28:53.558+0600][58.136s][info][gc,heap     ] GC(89) Y: Reclaimed:         -                  -                 2M (0%)           57M (4%)     
[2026-04-03T03:28:53.558+0600][58.136s][info][gc,heap     ] GC(89) Y:  Promoted:         -                  -                23M (2%)           25M (2%)     
[2026-04-03T03:28:53.558+0600][58.136s][info][gc,heap     ] GC(89) Y: Compacted:         -                  -                  -                 1M (0%)     
[2026-04-03T03:28:53.558+0600][58.136s][info][gc,phases   ] GC(89) Y: Young Generation 596M(40%)->626M(42%) 0.165s
[2026-04-03T03:28:53.558+0600][58.136s][info][gc,phases   ] GC(89) O: Old Generation
[2026-04-03T03:28:53.567+0600][58.145s][info][gc          ] GC(90) Minor Collection (Allocation Rate)
[2026-04-03T03:28:53.567+0600][58.145s][info][gc,task     ] GC(90) Using 2 Workers for Young Generation
[2026-04-03T03:28:53.567+0600][58.145s][info][gc,phases   ] GC(90) y: Young Generation
[2026-04-03T03:28:53.567+0600][58.145s][info][gc,phases   ] GC(90) y: Pause Mark Start 0.014ms
[2026-04-03T03:28:53.600+0600][58.179s][info][gc,phases   ] GC(90) y: Concurrent Mark 33.367ms
[2026-04-03T03:28:53.601+0600][58.179s][info][gc,phases   ] GC(90) y: Pause Mark End 0.032ms
[2026-04-03T03:28:53.601+0600][58.179s][info][gc,phases   ] GC(90) y: Concurrent Mark Free 0.002ms
[2026-04-03T03:28:53.601+0600][58.179s][info][gc,phases   ] GC(90) y: Concurrent Reset Relocation Set 0.024ms
[2026-04-03T03:28:53.606+0600][58.184s][info][gc,reloc    ] GC(90) y: Using tenuring threshold: 2 (Computed)
[2026-04-03T03:28:53.607+0600][58.185s][info][gc,phases   ] GC(90) y: Concurrent Select Relocation Set 6.053ms
[2026-04-03T03:28:53.607+0600][58.186s][info][gc,phases   ] GC(90) y: Pause Relocate Start 0.014ms
[2026-04-03T03:28:53.614+0600][58.193s][info][gc,phases   ] GC(90) y: Concurrent Relocate 6.938ms
[2026-04-03T03:28:53.614+0600][58.193s][info][gc,alloc    ] GC(90) y:                         Mark Start        Mark End      Relocate Start    Relocate End   
[2026-04-03T03:28:53.614+0600][58.193s][info][gc,alloc    ] GC(90) y: Allocation Stalls:          0                0                0                0         
[2026-04-03T03:28:53.614+0600][58.193s][info][gc,load     ] GC(90) y: Load: 4.67 (39%) / 4.60 (38%) / 5.04 (42%)
[2026-04-03T03:28:53.614+0600][58.193s][info][gc,mmu      ] GC(90) y: MMU: 2ms/90.6%, 5ms/96.2%, 10ms/98.1%, 20ms/99.1%, 50ms/99.5%, 100ms/99.7%
[2026-04-03T03:28:53.614+0600][58.193s][info][gc,marking  ] GC(90) y: Mark: 2 stripe(s), 2 proactive flush(es), 1 terminate flush(es), 0 completion(s), 0 continuation(s) 
[2026-04-03T03:28:53.614+0600][58.193s][info][gc,marking  ] GC(90) y: Mark Stack Usage: 32M
[2026-04-03T03:28:53.614+0600][58.193s][info][gc,nmethod  ] GC(90) y: NMethods: 7075 registered, 806 unregistered
[2026-04-03T03:28:53.614+0600][58.193s][info][gc,metaspace] GC(90) y: Metaspace: 71M used, 72M committed, 1088M reserved
[2026-04-03T03:28:53.614+0600][58.193s][info][gc,reloc    ] GC(90) y:                        Candidates     Selected     In-Place         Size        Empty    Relocated 
[2026-04-03T03:28:53.614+0600][58.193s][info][gc,reloc    ] GC(90) y: Small Pages:                   24           22            0          48M           0M           2M 
[2026-04-03T03:28:53.614+0600][58.193s][info][gc,reloc    ] GC(90) y: Medium Pages:                   1            0            0          32M           0M           0M 
[2026-04-03T03:28:53.615+0600][58.193s][info][gc,reloc    ] GC(90) y: Large Pages:                    0            0            0           0M           0M           0M 
[2026-04-03T03:28:53.615+0600][58.193s][info][gc,reloc    ] GC(90) y: Forwarding Usage: 2M
[2026-04-03T03:28:53.615+0600][58.193s][info][gc,reloc    ] GC(90) y: Age Table:
[2026-04-03T03:28:53.615+0600][58.193s][info][gc,reloc    ] GC(90) y:                    Live             Garbage             Small              Medium             Large        
[2026-04-03T03:28:53.615+0600][58.193s][info][gc,reloc    ] GC(90) y: Eden               1M (0%)           70M (5%)          20 / 19             1 / 0              0 / 0        
[2026-04-03T03:28:53.615+0600][58.193s][info][gc,reloc    ] GC(90) y: Survivor 1         1M (0%)            6M (0%)           4 / 3              0 / 0              0 / 0        
[2026-04-03T03:28:53.615+0600][58.193s][info][gc,heap     ] GC(90) y: Min Capacity: 8M(1%)
[2026-04-03T03:28:53.615+0600][58.193s][info][gc,heap     ] GC(90) y: Max Capacity: 1500M(100%)
[2026-04-03T03:28:53.615+0600][58.193s][info][gc,heap     ] GC(90) y: Soft Max Capacity: 1500M(100%)
[2026-04-03T03:28:53.615+0600][58.193s][info][gc,heap     ] GC(90) y: Heap Statistics:
[2026-04-03T03:28:53.615+0600][58.193s][info][gc,heap     ] GC(90) y:                Mark Start          Mark End        Relocate Start      Relocate End           High               Low         
[2026-04-03T03:28:53.615+0600][58.193s][info][gc,heap     ] GC(90) y:  Capacity:     1500M (100%)       1500M (100%)       1500M (100%)       1500M (100%)       1500M (100%)       1500M (100%)   
[2026-04-03T03:28:53.615+0600][58.193s][info][gc,heap     ] GC(90) y:      Free:      874M (58%)         872M (58%)         840M (56%)         876M (58%)         876M (58%)         834M (56%)    
[2026-04-03T03:28:53.615+0600][58.193s][info][gc,heap     ] GC(90) y:      Used:      626M (42%)         628M (42%)         660M (44%)         624M (42%)         666M (44%)         624M (42%)    
[2026-04-03T03:28:53.615+0600][58.193s][info][gc,heap     ] GC(90) y: Young Generation Statistics:
[2026-04-03T03:28:53.615+0600][58.193s][info][gc,heap     ] GC(90) y:                Mark Start          Mark End        Relocate Start      Relocate End    
[2026-04-03T03:28:53.615+0600][58.193s][info][gc,heap     ] GC(90) y:      Used:       80M (5%)           82M (5%)          114M (8%)           78M (5%)     
[2026-04-03T03:28:53.615+0600][58.193s][info][gc,heap     ] GC(90) y:      Live:         -                 3M (0%)            3M (0%)            3M (0%)     
[2026-04-03T03:28:53.615+0600][58.193s][info][gc,heap     ] GC(90) y:   Garbage:         -                76M (5%)           76M (5%)           31M (2%)     
[2026-04-03T03:28:53.615+0600][58.193s][info][gc,heap     ] GC(90) y: Allocated:         -                 2M (0%)           34M (2%)           43M (3%)     
[2026-04-03T03:28:53.615+0600][58.193s][info][gc,heap     ] GC(90) y: Reclaimed:         -                  -                 0M (0%)           45M (3%)     
[2026-04-03T03:28:53.615+0600][58.193s][info][gc,heap     ] GC(90) y:  Promoted:         -                  -                 0M (0%)            0M (0%)     
[2026-04-03T03:28:53.615+0600][58.193s][info][gc,heap     ] GC(90) y: Compacted:         -                  -                  -                 2M (0%)     
[2026-04-03T03:28:53.615+0600][58.193s][info][gc,phases   ] GC(90) y: Young Generation 626M(42%)->624M(42%) 0.048s
[2026-04-03T03:28:53.615+0600][58.193s][info][gc          ] GC(90) Minor Collection (Allocation Rate) 626M(42%)->624M(42%) 0.048s
[2026-04-03T03:28:54.210+0600][58.788s][info][gc,phases   ] GC(89) O: Concurrent Mark 652.060ms
[2026-04-03T03:28:54.210+0600][58.789s][info][gc,phases   ] GC(89) O: Pause Mark End 0.021ms
[2026-04-03T03:28:54.210+0600][58.789s][info][gc,phases   ] GC(89) O: Concurrent Mark Free 0.001ms
[2026-04-03T03:28:54.229+0600][58.808s][info][gc,phases   ] GC(89) O: Concurrent Process Non-Strong 18.837ms
[2026-04-03T03:28:54.229+0600][58.808s][info][gc,phases   ] GC(89) O: Concurrent Reset Relocation Set 0.004ms
[2026-04-03T03:28:54.258+0600][58.836s][info][gc,phases   ] GC(89) O: Concurrent Select Relocation Set 28.131ms
[2026-04-03T03:28:54.258+0600][58.836s][info][gc,task     ] GC(89) O: Using 3 Workers for Old Generation
[2026-04-03T03:28:54.284+0600][58.862s][info][gc,task     ] GC(89) O: Using 1 Workers for Old Generation
[2026-04-03T03:28:54.284+0600][58.862s][info][gc,phases   ] GC(89) O: Concurrent Remap Roots 26.179ms
[2026-04-03T03:28:54.284+0600][58.862s][info][gc,phases   ] GC(89) O: Pause Relocate Start 0.055ms
[2026-04-03T03:28:54.409+0600][58.987s][info][gc,phases   ] GC(89) O: Concurrent Relocate 124.339ms
[2026-04-03T03:28:54.409+0600][58.987s][info][gc,alloc    ] GC(89) O:                         Mark Start        Mark End      Relocate Start    Relocate End   
[2026-04-03T03:28:54.409+0600][58.987s][info][gc,alloc    ] GC(89) O: Allocation Stalls:          0                0                0                0         
[2026-04-03T03:28:54.409+0600][58.987s][info][gc,load     ] GC(89) O: Load: 4.67 (39%) / 4.60 (38%) / 5.04 (42%)
[2026-04-03T03:28:54.409+0600][58.987s][info][gc,mmu      ] GC(89) O: MMU: 2ms/90.6%, 5ms/96.2%, 10ms/98.1%, 20ms/99.1%, 50ms/99.5%, 100ms/99.7%
[2026-04-03T03:28:54.409+0600][58.987s][info][gc,marking  ] GC(89) O: Mark: 1 stripe(s), 2 proactive flush(es), 1 terminate flush(es), 0 completion(s), 0 continuation(s) 
[2026-04-03T03:28:54.409+0600][58.987s][info][gc,marking  ] GC(89) O: Mark Stack Usage: 32M
[2026-04-03T03:28:54.409+0600][58.987s][info][gc,nmethod  ] GC(89) O: NMethods: 7126 registered, 812 unregistered
[2026-04-03T03:28:54.409+0600][58.987s][info][gc,metaspace] GC(89) O: Metaspace: 71M used, 72M committed, 1088M reserved
[2026-04-03T03:28:54.409+0600][58.987s][info][gc,ref      ] GC(89) O:                       Encountered   Discovered     Enqueued 
[2026-04-03T03:28:54.409+0600][58.987s][info][gc,ref      ] GC(89) O: Soft References:             5095            0            0 
[2026-04-03T03:28:54.409+0600][58.987s][info][gc,ref      ] GC(89) O: Weak References:             6753         5265            3 
[2026-04-03T03:28:54.409+0600][58.987s][info][gc,ref      ] GC(89) O: Final References:              84            0            0 
[2026-04-03T03:28:54.409+0600][58.987s][info][gc,ref      ] GC(89) O: Phantom References:           599          530            0 
[2026-04-03T03:28:54.409+0600][58.987s][info][gc,reloc    ] GC(89) O:                        Candidates     Selected     In-Place         Size        Empty    Relocated 
[2026-04-03T03:28:54.409+0600][58.987s][info][gc,reloc    ] GC(89) O: Small Pages:                  192           41            0         384M         112M          12M 
[2026-04-03T03:28:54.409+0600][58.987s][info][gc,reloc    ] GC(89) O: Medium Pages:                   1            0            0          32M           0M           0M 
[2026-04-03T03:28:54.409+0600][58.987s][info][gc,reloc    ] GC(89) O: Large Pages:                    8            0            0          96M          96M           0M 
[2026-04-03T03:28:54.409+0600][58.987s][info][gc,reloc    ] GC(89) O: Forwarding Usage: 27M
[2026-04-03T03:28:54.409+0600][58.987s][info][gc,heap     ] GC(89) O: Min Capacity: 8M(1%)
[2026-04-03T03:28:54.409+0600][58.987s][info][gc,heap     ] GC(89) O: Max Capacity: 1500M(100%)
[2026-04-03T03:28:54.409+0600][58.987s][info][gc,heap     ] GC(89) O: Soft Max Capacity: 1500M(100%)
[2026-04-03T03:28:54.409+0600][58.987s][info][gc,heap     ] GC(89) O: Heap Statistics:
[2026-04-03T03:28:54.409+0600][58.987s][info][gc,heap     ] GC(89) O:                Mark Start          Mark End        Relocate Start      Relocate End           High               Low         
[2026-04-03T03:28:54.409+0600][58.987s][info][gc,heap     ] GC(89) O:  Capacity:     1500M (100%)       1500M (100%)       1500M (100%)       1500M (100%)       1500M (100%)       1500M (100%)   
[2026-04-03T03:28:54.409+0600][58.987s][info][gc,heap     ] GC(89) O:      Free:      904M (60%)         854M (57%)         992M (66%)        1002M (67%)        1046M (70%)         834M (56%)    
[2026-04-03T03:28:54.409+0600][58.987s][info][gc,heap     ] GC(89) O:      Used:      596M (40%)         646M (43%)         508M (34%)         498M (33%)         666M (44%)         454M (30%)    
[2026-04-03T03:28:54.409+0600][58.987s][info][gc,heap     ] GC(89) O: Old Generation Statistics:
[2026-04-03T03:28:54.409+0600][58.987s][info][gc,heap     ] GC(89) O:                Mark Start          Mark End        Relocate Start      Relocate End    
[2026-04-03T03:28:54.409+0600][58.987s][info][gc,heap     ] GC(89) O:      Used:      512M (34%)         546M (36%)         338M (23%)         260M (17%)    
[2026-04-03T03:28:54.409+0600][58.988s][info][gc,heap     ] GC(89) O:      Live:         -               191M (13%)         191M (13%)         191M (13%)    
[2026-04-03T03:28:54.409+0600][58.988s][info][gc,heap     ] GC(89) O:   Garbage:         -               320M (21%)         112M (7%)           25M (2%)     
[2026-04-03T03:28:54.409+0600][58.988s][info][gc,heap     ] GC(89) O: Allocated:         -                34M (2%)           34M (2%)           42M (3%)     
[2026-04-03T03:28:54.409+0600][58.988s][info][gc,heap     ] GC(89) O: Reclaimed:         -                  -               208M (14%)         294M (20%)    
[2026-04-03T03:28:54.409+0600][58.988s][info][gc,heap     ] GC(89) O: Compacted:         -                  -                  -                31M (2%)     
[2026-04-03T03:28:54.409+0600][58.988s][info][gc,phases   ] GC(89) O: Old Generation 626M(42%)->498M(33%) 0.851s
[2026-04-03T03:28:54.409+0600][58.988s][info][gc          ] GC(89) Major Collection (Allocation Rate) 596M(40%)->500M(33%) 1.017s
[2026-04-03T03:28:54.756+0600][59.334s][info][gc          ] GC(91) Major Collection (Allocation Rate)
[2026-04-03T03:28:54.756+0600][59.334s][info][gc,task     ] GC(91) Using 3 Workers for Young Generation
[2026-04-03T03:28:54.756+0600][59.334s][info][gc,task     ] GC(91) Using 2 Workers for Old Generation
[2026-04-03T03:28:54.756+0600][59.334s][info][gc,phases   ] GC(91) Y: Young Generation
[2026-04-03T03:28:54.757+0600][59.335s][info][gc,phases   ] GC(91) Y: Pause Mark Start (Major) 0.038ms
[2026-04-03T03:28:55.202+0600][59.781s][info][gc,phases   ] GC(91) Y: Concurrent Mark 445.670ms
[2026-04-03T03:28:55.203+0600][59.781s][info][gc,phases   ] GC(91) Y: Pause Mark End 0.058ms
[2026-04-03T03:28:55.203+0600][59.781s][info][gc,phases   ] GC(91) Y: Concurrent Mark Free 0.003ms
[2026-04-03T03:28:55.203+0600][59.781s][info][gc,phases   ] GC(91) Y: Concurrent Reset Relocation Set 0.010ms
[2026-04-03T03:28:55.206+0600][59.784s][info][gc,reloc    ] GC(91) Y: Using tenuring threshold: 2 (Computed)
[2026-04-03T03:28:55.238+0600][59.816s][info][gc,phases   ] GC(91) Y: Concurrent Select Relocation Set 34.593ms
[2026-04-03T03:28:55.238+0600][59.816s][info][gc,phases   ] GC(91) Y: Pause Relocate Start 0.033ms
[2026-04-03T03:28:55.367+0600][59.945s][info][gc,phases   ] GC(91) Y: Concurrent Relocate 128.348ms
[2026-04-03T03:28:55.367+0600][59.945s][info][gc,alloc    ] GC(91) Y:                         Mark Start        Mark End      Relocate Start    Relocate End   
[2026-04-03T03:28:55.367+0600][59.945s][info][gc,alloc    ] GC(91) Y: Allocation Stalls:          0                0                0                0         
[2026-04-03T03:28:55.367+0600][59.945s][info][gc,load     ] GC(91) Y: Load: 4.67 (39%) / 4.60 (38%) / 5.04 (42%)
[2026-04-03T03:28:55.367+0600][59.945s][info][gc,mmu      ] GC(91) Y: MMU: 2ms/90.6%, 5ms/96.2%, 10ms/98.1%, 20ms/99.1%, 50ms/99.5%, 100ms/99.7%
[2026-04-03T03:28:55.367+0600][59.945s][info][gc,marking  ] GC(91) Y: Mark: 2 stripe(s), 10 proactive flush(es), 1 terminate flush(es), 0 completion(s), 0 continuation(s) 
[2026-04-03T03:28:55.367+0600][59.945s][info][gc,marking  ] GC(91) Y: Mark Stack Usage: 32M
[2026-04-03T03:28:55.367+0600][59.945s][info][gc,nmethod  ] GC(91) Y: NMethods: 7131 registered, 812 unregistered
[2026-04-03T03:28:55.367+0600][59.945s][info][gc,metaspace] GC(91) Y: Metaspace: 71M used, 72M committed, 1088M reserved
[2026-04-03T03:28:55.367+0600][59.945s][info][gc,reloc    ] GC(91) Y:                        Candidates     Selected     In-Place         Size        Empty    Relocated 
[2026-04-03T03:28:55.367+0600][59.945s][info][gc,reloc    ] GC(91) Y: Small Pages:                  218          153            0         436M          12M          46M 
[2026-04-03T03:28:55.367+0600][59.945s][info][gc,reloc    ] GC(91) Y: Medium Pages:                   2            0            0          64M          64M           0M 
[2026-04-03T03:28:55.367+0600][59.945s][info][gc,reloc    ] GC(91) Y: Large Pages:                   13            0            0         102M          36M           0M 
[2026-04-03T03:28:55.367+0600][59.945s][info][gc,reloc    ] GC(91) Y: Forwarding Usage: 59M
[2026-04-03T03:28:55.367+0600][59.945s][info][gc,reloc    ] GC(91) Y: Age Table:
[2026-04-03T03:28:55.367+0600][59.945s][info][gc,reloc    ] GC(91) Y:                    Live             Garbage             Small              Medium             Large        
[2026-04-03T03:28:55.367+0600][59.945s][info][gc,reloc    ] GC(91) Y: Eden             159M (11%)         398M (27%)        212 / 149            1 / 0             13 / 0        
[2026-04-03T03:28:55.367+0600][59.945s][info][gc,reloc    ] GC(91) Y: Survivor 1         1M (0%)           36M (2%)           3 / 2              1 / 0              0 / 0        
[2026-04-03T03:28:55.367+0600][59.945s][info][gc,reloc    ] GC(91) Y: Survivor 2         1M (0%)            4M (0%)           3 / 2              0 / 0              0 / 0        
[2026-04-03T03:28:55.367+0600][59.945s][info][gc,heap     ] GC(91) Y: Min Capacity: 8M(1%)
[2026-04-03T03:28:55.367+0600][59.945s][info][gc,heap     ] GC(91) Y: Max Capacity: 1500M(100%)
[2026-04-03T03:28:55.367+0600][59.945s][info][gc,heap     ] GC(91) Y: Soft Max Capacity: 1500M(100%)
[2026-04-03T03:28:55.367+0600][59.945s][info][gc,heap     ] GC(91) Y: Heap Statistics:
[2026-04-03T03:28:55.367+0600][59.945s][info][gc,heap     ] GC(91) Y:                Mark Start          Mark End        Relocate Start      Relocate End           High               Low         
[2026-04-03T03:28:55.367+0600][59.945s][info][gc,heap     ] GC(91) Y:  Capacity:     1500M (100%)       1500M (100%)       1500M (100%)       1500M (100%)       1500M (100%)       1500M (100%)   
[2026-04-03T03:28:55.367+0600][59.945s][info][gc,heap     ] GC(91) Y:      Free:      638M (43%)         178M (12%)         256M (17%)         472M (31%)         638M (43%)         174M (12%)    
[2026-04-03T03:28:55.367+0600][59.945s][info][gc,heap     ] GC(91) Y:      Used:      862M (57%)        1322M (88%)        1244M (83%)        1028M (69%)        1326M (88%)         862M (57%)    
[2026-04-03T03:28:55.367+0600][59.945s][info][gc,heap     ] GC(91) Y: Young Generation Statistics:
[2026-04-03T03:28:55.367+0600][59.945s][info][gc,heap     ] GC(91) Y:                Mark Start          Mark End        Relocate Start      Relocate End    
[2026-04-03T03:28:55.367+0600][59.945s][info][gc,heap     ] GC(91) Y:      Used:      602M (40%)        1062M (71%)         984M (66%)         764M (51%)    
[2026-04-03T03:28:55.367+0600][59.945s][info][gc,heap     ] GC(91) Y:      Live:         -               162M (11%)         162M (11%)         161M (11%)    
[2026-04-03T03:28:55.367+0600][59.945s][info][gc,heap     ] GC(91) Y:   Garbage:         -               439M (29%)         327M (22%)           4M (0%)     
[2026-04-03T03:28:55.367+0600][59.945s][info][gc,heap     ] GC(91) Y: Allocated:         -               460M (31%)         494M (33%)         598M (40%)    
[2026-04-03T03:28:55.367+0600][59.945s][info][gc,heap     ] GC(91) Y: Reclaimed:         -                  -               112M (7%)          435M (29%)    
[2026-04-03T03:28:55.367+0600][59.945s][info][gc,heap     ] GC(91) Y:  Promoted:         -                  -                 0M (0%)            1M (0%)     
[2026-04-03T03:28:55.367+0600][59.945s][info][gc,heap     ] GC(91) Y: Compacted:         -                  -                  -                87M (6%)     
[2026-04-03T03:28:55.367+0600][59.945s][info][gc,phases   ] GC(91) Y: Young Generation 862M(57%)->1028M(69%) 0.610s
[2026-04-03T03:28:55.367+0600][59.945s][info][gc,phases   ] GC(91) O: Old Generation
[2026-04-03T03:28:55.368+0600][59.946s][info][gc          ] GC(92) Minor Collection (Allocation Rate)
[2026-04-03T03:28:55.368+0600][59.946s][info][gc,task     ] GC(92) Using 1 Workers for Young Generation
[2026-04-03T03:28:55.368+0600][59.946s][info][gc,phases   ] GC(92) y: Young Generation
[2026-04-03T03:28:55.370+0600][59.948s][info][gc,phases   ] GC(92) y: Pause Mark Start 0.049ms
[2026-04-03T03:28:55.969+0600][60.548s][info][gc,phases   ] GC(91) O: Concurrent Mark 602.200ms
[2026-04-03T03:28:55.970+0600][60.548s][info][gc,phases   ] GC(91) O: Pause Mark End 0.040ms
[2026-04-03T03:28:55.970+0600][60.548s][info][gc,phases   ] GC(91) O: Concurrent Mark Free 0.002ms
[2026-04-03T03:28:55.987+0600][60.565s][info][gc,phases   ] GC(91) O: Concurrent Process Non-Strong 16.722ms
[2026-04-03T03:28:55.987+0600][60.565s][info][gc,phases   ] GC(91) O: Concurrent Reset Relocation Set 0.022ms
[2026-04-03T03:28:55.999+0600][60.577s][info][gc,phases   ] GC(91) O: Concurrent Select Relocation Set 11.833ms
[2026-04-03T03:28:56.054+0600][60.632s][info][gc,task     ] Adjusting Workers for Old Generation: 2 -> 3
[2026-04-03T03:28:56.054+0600][60.632s][info][gc,task     ] Adjusting Workers for Young Generation: 1 -> 3
[2026-04-03T03:28:56.110+0600][60.688s][info][gc,phases   ] GC(92) y: Concurrent Mark 739.827ms
[2026-04-03T03:28:56.110+0600][60.689s][info][gc,phases   ] GC(92) y: Pause Mark End 0.023ms
[2026-04-03T03:28:56.110+0600][60.689s][info][gc,phases   ] GC(92) y: Concurrent Mark Free 0.002ms
[2026-04-03T03:28:56.111+0600][60.689s][info][gc,phases   ] GC(92) y: Concurrent Reset Relocation Set 0.021ms
[2026-04-03T03:28:56.112+0600][60.691s][info][gc,reloc    ] GC(92) y: Using tenuring threshold: 1 (Computed)
[2026-04-03T03:28:56.112+0600][60.691s][info][gc          ] Allocation Stall (Executor task launch worker for task 2.0 in stage 28.0 (TID 44)) 61.708ms
[2026-04-03T03:28:56.112+0600][60.691s][info][gc          ] Allocation Stall (Executor task launch worker for task 0.0 in stage 28.0 (TID 42)) 60.964ms
[2026-04-03T03:28:56.112+0600][60.691s][info][gc          ] Allocation Stall (Executor task launch worker for task 1.0 in stage 28.0 (TID 43)) 56.267ms
[2026-04-03T03:28:56.176+0600][60.755s][info][gc,phases   ] GC(92) y: Concurrent Select Relocation Set 65.776ms
[2026-04-03T03:28:56.177+0600][60.755s][info][gc,phases   ] GC(92) y: Pause Relocate Start 0.056ms
[2026-04-03T03:28:56.405+0600][60.983s][info][gc,phases   ] GC(92) y: Concurrent Relocate 228.012ms
[2026-04-03T03:28:56.405+0600][60.983s][info][gc,alloc    ] GC(92) y:                         Mark Start        Mark End      Relocate Start    Relocate End   
[2026-04-03T03:28:56.405+0600][60.984s][info][gc,alloc    ] GC(92) y: Allocation Stalls:          0                3                0                0         
[2026-04-03T03:28:56.405+0600][60.984s][info][gc,load     ] GC(92) y: Load: 4.85 (40%) / 4.64 (39%) / 5.05 (42%)
[2026-04-03T03:28:56.405+0600][60.984s][info][gc,mmu      ] GC(92) y: MMU: 2ms/90.6%, 5ms/96.2%, 10ms/98.1%, 20ms/99.1%, 50ms/99.5%, 100ms/99.7%
[2026-04-03T03:28:56.405+0600][60.984s][info][gc,marking  ] GC(92) y: Mark: 1 stripe(s), 2 proactive flush(es), 1 terminate flush(es), 0 completion(s), 0 continuation(s) 
[2026-04-03T03:28:56.405+0600][60.984s][info][gc,marking  ] GC(92) y: Mark Stack Usage: 32M
[2026-04-03T03:28:56.405+0600][60.984s][info][gc,nmethod  ] GC(92) y: NMethods: 7145 registered, 821 unregistered
[2026-04-03T03:28:56.405+0600][60.984s][info][gc,metaspace] GC(92) y: Metaspace: 71M used, 72M committed, 1088M reserved
[2026-04-03T03:28:56.405+0600][60.984s][info][gc,reloc    ] GC(92) y:                        Candidates     Selected     In-Place         Size        Empty    Relocated 
[2026-04-03T03:28:56.405+0600][60.984s][info][gc,reloc    ] GC(92) y: Small Pages:                  327          252            0         654M           2M          53M 
[2026-04-03T03:28:56.405+0600][60.984s][info][gc,reloc    ] GC(92) y: Medium Pages:                   1            0            0          32M          32M           0M 
[2026-04-03T03:28:56.405+0600][60.984s][info][gc,reloc    ] GC(92) y: Large Pages:                   10            0            0          84M          36M           0M 
[2026-04-03T03:28:56.405+0600][60.984s][info][gc,reloc    ] GC(92) y: Forwarding Usage: 57M
[2026-04-03T03:28:56.405+0600][60.984s][info][gc,reloc    ] GC(92) y: Age Table:
[2026-04-03T03:28:56.405+0600][60.984s][info][gc,reloc    ] GC(92) y:                    Live             Garbage             Small              Medium             Large        
[2026-04-03T03:28:56.405+0600][60.984s][info][gc,reloc    ] GC(92) y: Eden              78M (5%)          517M (34%)        273 / 239            1 / 0              3 / 0        
[2026-04-03T03:28:56.405+0600][60.984s][info][gc,reloc    ] GC(92) y: Survivor 1       100M (7%)           69M (5%)          52 / 13             0 / 0              7 / 0        
[2026-04-03T03:28:56.405+0600][60.984s][info][gc,reloc    ] GC(92) y: Survivor 2         0M (0%)            3M (0%)           2 / 0              0 / 0              0 / 0        
[2026-04-03T03:28:56.405+0600][60.984s][info][gc,heap     ] GC(92) y: Min Capacity: 8M(1%)
[2026-04-03T03:28:56.405+0600][60.984s][info][gc,heap     ] GC(92) y: Max Capacity: 1500M(100%)
[2026-04-03T03:28:56.405+0600][60.984s][info][gc,heap     ] GC(92) y: Soft Max Capacity: 1500M(100%)
[2026-04-03T03:28:56.406+0600][60.984s][info][gc,heap     ] GC(92) y: Heap Statistics:
[2026-04-03T03:28:56.406+0600][60.984s][info][gc,heap     ] GC(92) y:                Mark Start          Mark End        Relocate Start      Relocate End           High               Low         
[2026-04-03T03:28:56.406+0600][60.984s][info][gc,heap     ] GC(92) y:  Capacity:     1500M (100%)       1500M (100%)       1500M (100%)       1500M (100%)       1500M (100%)       1500M (100%)   
[2026-04-03T03:28:56.406+0600][60.984s][info][gc,heap     ] GC(92) y:      Free:      466M (31%)           0M (0%)           30M (2%)          422M (28%)         476M (32%)           0M (0%)     
[2026-04-03T03:28:56.406+0600][60.984s][info][gc,heap     ] GC(92) y:      Used:     1034M (69%)        1500M (100%)       1470M (98%)        1078M (72%)        1500M (100%)       1024M (68%)    
[2026-04-03T03:28:56.406+0600][60.984s][info][gc,heap     ] GC(92) y: Young Generation Statistics:
[2026-04-03T03:28:56.406+0600][60.984s][info][gc,heap     ] GC(92) y:                Mark Start          Mark End        Relocate Start      Relocate End    
[2026-04-03T03:28:56.406+0600][60.984s][info][gc,heap     ] GC(92) y:      Used:      770M (51%)        1272M (85%)        1150M (77%)         738M (49%)    
[2026-04-03T03:28:56.406+0600][60.984s][info][gc,heap     ] GC(92) y:      Live:         -               178M (12%)          92M (6%)           78M (5%)     
[2026-04-03T03:28:56.406+0600][60.984s][info][gc,heap     ] GC(92) y:   Garbage:         -               591M (39%)         515M (34%)           0M (0%)     
[2026-04-03T03:28:56.406+0600][60.984s][info][gc,heap     ] GC(92) y: Allocated:         -               502M (33%)         542M (36%)         658M (44%)    
[2026-04-03T03:28:56.406+0600][60.984s][info][gc,heap     ] GC(92) y: Reclaimed:         -                  -                75M (5%)          590M (39%)    
[2026-04-03T03:28:56.406+0600][60.984s][info][gc,heap     ] GC(92) y:  Promoted:         -                  -                86M (6%)          100M (7%)     
[2026-04-03T03:28:56.406+0600][60.984s][info][gc,heap     ] GC(92) y: Compacted:         -                  -                  -                59M (4%)     
[2026-04-03T03:28:56.406+0600][60.984s][info][gc,phases   ] GC(92) y: Young Generation 1032M(69%)->1078M(72%) 1.037s
[2026-04-03T03:28:56.406+0600][60.984s][info][gc          ] GC(92) Minor Collection (Allocation Rate) 1032M(69%)->1078M(72%) 1.038s
[2026-04-03T03:28:56.406+0600][60.984s][info][gc,task     ] Adjusting Workers for Old Generation: 2 -> 1
[2026-04-03T03:28:56.406+0600][60.984s][info][gc,task     ] GC(91) O: Using 3 Workers for Old Generation
[2026-04-03T03:28:56.446+0600][61.024s][info][gc,task     ] GC(91) O: Using 2 Workers for Old Generation
[2026-04-03T03:28:56.446+0600][61.025s][info][gc,phases   ] GC(91) O: Concurrent Remap Roots 40.333ms
[2026-04-03T03:28:56.447+0600][61.025s][info][gc,phases   ] GC(91) O: Pause Relocate Start 0.027ms
[2026-04-03T03:28:56.447+0600][61.025s][info][gc          ] GC(93) Minor Collection (Allocation Rate)
[2026-04-03T03:28:56.447+0600][61.025s][info][gc,task     ] GC(93) Using 2 Workers for Young Generation
[2026-04-03T03:28:56.447+0600][61.025s][info][gc,phases   ] GC(93) y: Young Generation
[2026-04-03T03:28:56.447+0600][61.026s][info][gc,phases   ] GC(93) y: Pause Mark Start 0.035ms
[2026-04-03T03:28:56.459+0600][61.037s][info][gc,phases   ] GC(91) O: Concurrent Relocate 11.963ms
[2026-04-03T03:28:56.466+0600][61.045s][info][gc,task     ] Adjusting Workers for Young Generation: 2 -> 3
[2026-04-03T03:28:56.903+0600][61.481s][info][gc,phases   ] GC(93) y: Concurrent Mark 455.680ms
[2026-04-03T03:28:56.903+0600][61.482s][info][gc,phases   ] GC(93) y: Pause Mark End 0.036ms
[2026-04-03T03:28:56.903+0600][61.482s][info][gc,phases   ] GC(93) y: Concurrent Mark Free 0.001ms
[2026-04-03T03:28:56.904+0600][61.482s][info][gc,phases   ] GC(93) y: Concurrent Reset Relocation Set 0.190ms
[2026-04-03T03:28:56.910+0600][61.488s][info][gc,reloc    ] GC(93) y: Using tenuring threshold: 2 (Computed)
[2026-04-03T03:28:56.916+0600][61.494s][info][gc,phases   ] GC(93) y: Concurrent Select Relocation Set 11.894ms
[2026-04-03T03:28:56.916+0600][61.494s][info][gc,phases   ] GC(93) y: Pause Relocate Start 0.063ms
[2026-04-03T03:28:56.993+0600][61.571s][info][gc,phases   ] GC(93) y: Concurrent Relocate 76.611ms
[2026-04-03T03:28:56.993+0600][61.571s][info][gc,alloc    ] GC(93) y:                         Mark Start        Mark End      Relocate Start    Relocate End   
[2026-04-03T03:28:56.993+0600][61.571s][info][gc,alloc    ] GC(93) y: Allocation Stalls:          0                0                0                0         
[2026-04-03T03:28:56.993+0600][61.571s][info][gc,load     ] GC(93) y: Load: 4.85 (40%) / 4.64 (39%) / 5.05 (42%)
[2026-04-03T03:28:56.993+0600][61.571s][info][gc,mmu      ] GC(93) y: MMU: 2ms/90.6%, 5ms/96.2%, 10ms/98.1%, 20ms/99.1%, 50ms/99.5%, 100ms/99.7%
[2026-04-03T03:28:56.993+0600][61.571s][info][gc,marking  ] GC(93) y: Mark: 2 stripe(s), 2 proactive flush(es), 1 terminate flush(es), 0 completion(s), 0 continuation(s) 
[2026-04-03T03:28:56.993+0600][61.572s][info][gc,marking  ] GC(93) y: Mark Stack Usage: 32M
[2026-04-03T03:28:56.993+0600][61.572s][info][gc,nmethod  ] GC(93) y: NMethods: 7147 registered, 821 unregistered
[2026-04-03T03:28:56.993+0600][61.572s][info][gc,metaspace] GC(93) y: Metaspace: 71M used, 72M committed, 1088M reserved
[2026-04-03T03:28:56.993+0600][61.572s][info][gc,reloc    ] GC(93) y:                        Candidates     Selected     In-Place         Size        Empty    Relocated 
[2026-04-03T03:28:56.993+0600][61.572s][info][gc,reloc    ] GC(93) y: Small Pages:                  356          299            0         712M          12M          35M 
[2026-04-03T03:28:56.993+0600][61.572s][info][gc,reloc    ] GC(93) y: Medium Pages:                   0            0            0           0M           0M           0M 
[2026-04-03T03:28:56.993+0600][61.572s][info][gc,reloc    ] GC(93) y: Large Pages:                    6            0            0          48M          18M           0M 
[2026-04-03T03:28:56.993+0600][61.572s][info][gc,reloc    ] GC(93) y: Forwarding Usage: 39M
[2026-04-03T03:28:56.993+0600][61.572s][info][gc,reloc    ] GC(93) y: Age Table:
[2026-04-03T03:28:56.993+0600][61.572s][info][gc,reloc    ] GC(93) y:                    Live             Garbage             Small              Medium             Large        
[2026-04-03T03:28:56.993+0600][61.572s][info][gc,reloc    ] GC(93) y: Eden              65M (4%)          608M (41%)        322 / 295            0 / 0              3 / 0        
[2026-04-03T03:28:56.993+0600][61.572s][info][gc,reloc    ] GC(93) y: Survivor 1        55M (4%)           30M (2%)          34 / 4              0 / 0              3 / 0        
[2026-04-03T03:28:56.993+0600][61.572s][info][gc,heap     ] GC(93) y: Min Capacity: 8M(1%)
[2026-04-03T03:28:56.993+0600][61.572s][info][gc,heap     ] GC(93) y: Max Capacity: 1500M(100%)
[2026-04-03T03:28:56.993+0600][61.572s][info][gc,heap     ] GC(93) y: Soft Max Capacity: 1500M(100%)
[2026-04-03T03:28:56.993+0600][61.572s][info][gc,heap     ] GC(93) y: Heap Statistics:
[2026-04-03T03:28:56.993+0600][61.572s][info][gc,heap     ] GC(93) y:                Mark Start          Mark End        Relocate Start      Relocate End           High               Low         
[2026-04-03T03:28:56.993+0600][61.572s][info][gc,heap     ] GC(93) y:  Capacity:     1500M (100%)       1500M (100%)       1500M (100%)       1500M (100%)       1500M (100%)       1500M (100%)   
[2026-04-03T03:28:56.994+0600][61.572s][info][gc,heap     ] GC(93) y:      Free:      400M (27%)         162M (11%)         184M (12%)         734M (49%)         736M (49%)         158M (11%)    
[2026-04-03T03:28:56.994+0600][61.572s][info][gc,heap     ] GC(93) y:      Used:     1100M (73%)        1338M (89%)        1316M (88%)         766M (51%)        1342M (89%)         764M (51%)    
[2026-04-03T03:28:56.994+0600][61.572s][info][gc,heap     ] GC(93) y: Young Generation Statistics:
[2026-04-03T03:28:56.994+0600][61.572s][info][gc,heap     ] GC(93) y:                Mark Start          Mark End        Relocate Start      Relocate End    
[2026-04-03T03:28:56.994+0600][61.572s][info][gc,heap     ] GC(93) y:      Used:      760M (51%)        1012M (67%)         990M (66%)         440M (29%)    
[2026-04-03T03:28:56.994+0600][61.572s][info][gc,heap     ] GC(93) y:      Live:         -               120M (8%)          120M (8%)          120M (8%)     
[2026-04-03T03:28:56.994+0600][61.572s][info][gc,heap     ] GC(93) y:   Garbage:         -               639M (43%)         609M (41%)           5M (0%)     
[2026-04-03T03:28:56.994+0600][61.572s][info][gc,heap     ] GC(93) y: Allocated:         -               252M (17%)         260M (17%)         313M (21%)    
[2026-04-03T03:28:56.994+0600][61.572s][info][gc,heap     ] GC(93) y: Reclaimed:         -                  -                30M (2%)          633M (42%)    
[2026-04-03T03:28:56.994+0600][61.572s][info][gc,heap     ] GC(93) y:  Promoted:         -                  -                 0M (0%)            0M (0%)     
[2026-04-03T03:28:56.994+0600][61.572s][info][gc,heap     ] GC(93) y: Compacted:         -                  -                  -                40M (3%)     
[2026-04-03T03:28:56.994+0600][61.572s][info][gc,phases   ] GC(93) y: Young Generation 1100M(73%)->766M(51%) 0.546s
[2026-04-03T03:28:56.994+0600][61.572s][info][gc          ] GC(93) Minor Collection (Allocation Rate) 1100M(73%)->766M(51%) 0.547s
[2026-04-03T03:28:56.994+0600][61.572s][info][gc,alloc    ] GC(91) O:                         Mark Start        Mark End      Relocate Start    Relocate End   
[2026-04-03T03:28:56.994+0600][61.572s][info][gc,alloc    ] GC(91) O: Allocation Stalls:          0                0                0                0         
[2026-04-03T03:28:56.994+0600][61.572s][info][gc,load     ] GC(91) O: Load: 4.85 (40%) / 4.64 (39%) / 5.05 (42%)
[2026-04-03T03:28:56.994+0600][61.572s][info][gc,mmu      ] GC(91) O: MMU: 2ms/90.6%, 5ms/96.2%, 10ms/98.1%, 20ms/99.1%, 50ms/99.5%, 100ms/99.7%
[2026-04-03T03:28:56.994+0600][61.572s][info][gc,marking  ] GC(91) O: Mark: 2 stripe(s), 2 proactive flush(es), 1 terminate flush(es), 0 completion(s), 0 continuation(s) 
[2026-04-03T03:28:56.994+0600][61.572s][info][gc,marking  ] GC(91) O: Mark Stack Usage: 32M
[2026-04-03T03:28:56.994+0600][61.572s][info][gc,nmethod  ] GC(91) O: NMethods: 7147 registered, 821 unregistered
[2026-04-03T03:28:56.994+0600][61.572s][info][gc,metaspace] GC(91) O: Metaspace: 71M used, 72M committed, 1088M reserved
[2026-04-03T03:28:56.994+0600][61.572s][info][gc,ref      ] GC(91) O:                       Encountered   Discovered     Enqueued 
[2026-04-03T03:28:56.994+0600][61.572s][info][gc,ref      ] GC(91) O: Soft References:             5104            0            0 
[2026-04-03T03:28:56.994+0600][61.572s][info][gc,ref      ] GC(91) O: Weak References:             6847         4970           72 
[2026-04-03T03:28:56.994+0600][61.572s][info][gc,ref      ] GC(91) O: Final References:              84            0            0 
[2026-04-03T03:28:56.994+0600][61.572s][info][gc,ref      ] GC(91) O: Phantom References:           598          428            0 
[2026-04-03T03:28:56.994+0600][61.572s][info][gc,reloc    ] GC(91) O:                        Candidates     Selected     In-Place         Size        Empty    Relocated 
[2026-04-03T03:28:56.994+0600][61.572s][info][gc,reloc    ] GC(91) O: Small Pages:                  105           12            0         210M          18M           1M 
[2026-04-03T03:28:56.994+0600][61.572s][info][gc,reloc    ] GC(91) O: Medium Pages:                   1            0            0          32M           0M           0M 
[2026-04-03T03:28:56.994+0600][61.572s][info][gc,reloc    ] GC(91) O: Large Pages:                    1            0            0          18M          18M           0M 
[2026-04-03T03:28:56.994+0600][61.572s][info][gc,reloc    ] GC(91) O: Forwarding Usage: 1M
[2026-04-03T03:28:56.994+0600][61.572s][info][gc,heap     ] GC(91) O: Min Capacity: 8M(1%)
[2026-04-03T03:28:56.994+0600][61.572s][info][gc,heap     ] GC(91) O: Max Capacity: 1500M(100%)
[2026-04-03T03:28:56.994+0600][61.572s][info][gc,heap     ] GC(91) O: Soft Max Capacity: 1500M(100%)
[2026-04-03T03:28:56.994+0600][61.573s][info][gc,heap     ] GC(91) O: Heap Statistics:
[2026-04-03T03:28:56.994+0600][61.573s][info][gc,heap     ] GC(91) O:                Mark Start          Mark End        Relocate Start      Relocate End           High               Low         
[2026-04-03T03:28:56.994+0600][61.573s][info][gc,heap     ] GC(91) O:  Capacity:     1500M (100%)       1500M (100%)       1500M (100%)       1500M (100%)       1500M (100%)       1500M (100%)   
[2026-04-03T03:28:56.994+0600][61.573s][info][gc,heap     ] GC(91) O:      Free:      638M (43%)          22M (1%)          400M (27%)         404M (27%)         638M (43%)           0M (0%)     
[2026-04-03T03:28:56.994+0600][61.573s][info][gc,heap     ] GC(91) O:      Used:      862M (57%)        1478M (99%)        1100M (73%)        1096M (73%)        1500M (100%)        862M (57%)    
[2026-04-03T03:28:56.994+0600][61.573s][info][gc,heap     ] GC(91) O: Old Generation Statistics:
[2026-04-03T03:28:56.994+0600][61.573s][info][gc,heap     ] GC(91) O:                Mark Start          Mark End        Relocate Start      Relocate End    
[2026-04-03T03:28:56.994+0600][61.573s][info][gc,heap     ] GC(91) O:      Used:      260M (17%)         264M (18%)         340M (23%)         326M (22%)    
[2026-04-03T03:28:56.994+0600][61.573s][info][gc,heap     ] GC(91) O:      Live:         -               171M (11%)         171M (11%)         171M (11%)    
[2026-04-03T03:28:56.994+0600][61.573s][info][gc,heap     ] GC(91) O:   Garbage:         -                88M (6%)           52M (4%)           27M (2%)     
[2026-04-03T03:28:56.994+0600][61.573s][info][gc,heap     ] GC(91) O: Allocated:         -                 4M (0%)          116M (8%)          127M (8%)     
[2026-04-03T03:28:56.994+0600][61.573s][info][gc,heap     ] GC(91) O: Reclaimed:         -                  -                36M (2%)           61M (4%)     
[2026-04-03T03:28:56.994+0600][61.573s][info][gc,heap     ] GC(91) O: Compacted:         -                  -                  -                 2M (0%)     
[2026-04-03T03:28:56.994+0600][61.573s][info][gc,phases   ] GC(91) O: Old Generation 1028M(69%)->1096M(73%) 1.627s
[2026-04-03T03:28:56.994+0600][61.573s][info][gc          ] GC(91) Major Collection (Allocation Rate) 862M(57%)->766M(51%) 2.238s
[2026-04-03T03:28:56.999+0600][61.577s][info][gc          ] GC(94) Minor Collection (Allocation Rate)
[2026-04-03T03:28:56.999+0600][61.578s][info][gc,task     ] GC(94) Using 3 Workers for Young Generation
[2026-04-03T03:28:56.999+0600][61.578s][info][gc,phases   ] GC(94) y: Young Generation
[2026-04-03T03:28:57.000+0600][61.578s][info][gc,phases   ] GC(94) y: Pause Mark Start 0.030ms
[2026-04-03T03:28:57.452+0600][62.030s][info][gc,phases   ] GC(94) y: Concurrent Mark 451.960ms
[2026-04-03T03:28:57.452+0600][62.030s][info][gc,phases   ] GC(94) y: Pause Mark End 0.034ms
[2026-04-03T03:28:57.452+0600][62.031s][info][gc,phases   ] GC(94) y: Concurrent Mark Free 0.004ms
[2026-04-03T03:28:57.452+0600][62.031s][info][gc,phases   ] GC(94) y: Concurrent Reset Relocation Set 0.037ms
[2026-04-03T03:28:57.455+0600][62.033s][info][gc,reloc    ] GC(94) y: Using tenuring threshold: 1 (Computed)
[2026-04-03T03:28:57.515+0600][62.093s][info][gc,phases   ] GC(94) y: Concurrent Select Relocation Set 62.608ms
[2026-04-03T03:28:57.515+0600][62.094s][info][gc,phases   ] GC(94) y: Pause Relocate Start 0.024ms
[2026-04-03T03:28:57.655+0600][62.233s][info][gc,phases   ] GC(94) y: Concurrent Relocate 139.010ms
[2026-04-03T03:28:57.655+0600][62.233s][info][gc,alloc    ] GC(94) y:                         Mark Start        Mark End      Relocate Start    Relocate End   
[2026-04-03T03:28:57.655+0600][62.233s][info][gc,alloc    ] GC(94) y: Allocation Stalls:          0                0                0                0         
[2026-04-03T03:28:57.655+0600][62.233s][info][gc,load     ] GC(94) y: Load: 4.85 (40%) / 4.64 (39%) / 5.05 (42%)
[2026-04-03T03:28:57.655+0600][62.233s][info][gc,mmu      ] GC(94) y: MMU: 2ms/90.6%, 5ms/96.2%, 10ms/98.1%, 20ms/99.1%, 50ms/99.5%, 100ms/99.7%
[2026-04-03T03:28:57.655+0600][62.233s][info][gc,marking  ] GC(94) y: Mark: 2 stripe(s), 2 proactive flush(es), 1 terminate flush(es), 0 completion(s), 0 continuation(s) 
[2026-04-03T03:28:57.655+0600][62.233s][info][gc,marking  ] GC(94) y: Mark Stack Usage: 32M
[2026-04-03T03:28:57.655+0600][62.233s][info][gc,nmethod  ] GC(94) y: NMethods: 7148 registered, 821 unregistered
[2026-04-03T03:28:57.655+0600][62.233s][info][gc,metaspace] GC(94) y: Metaspace: 71M used, 72M committed, 1088M reserved
[2026-04-03T03:28:57.655+0600][62.233s][info][gc,reloc    ] GC(94) y:                        Candidates     Selected     In-Place         Size        Empty    Relocated 
[2026-04-03T03:28:57.655+0600][62.233s][info][gc,reloc    ] GC(94) y: Small Pages:                  190          128            0         380M          12M          14M 
[2026-04-03T03:28:57.655+0600][62.233s][info][gc,reloc    ] GC(94) y: Medium Pages:                   0            0            0           0M           0M           0M 
[2026-04-03T03:28:57.655+0600][62.233s][info][gc,reloc    ] GC(94) y: Large Pages:                    5            0            0          66M          20M           0M 
[2026-04-03T03:28:57.655+0600][62.233s][info][gc,reloc    ] GC(94) y: Forwarding Usage: 16M
[2026-04-03T03:28:57.655+0600][62.233s][info][gc,reloc    ] GC(94) y: Age Table:
[2026-04-03T03:28:57.655+0600][62.233s][info][gc,reloc    ] GC(94) y:                    Live             Garbage             Small              Medium             Large        
[2026-04-03T03:28:57.655+0600][62.233s][info][gc,reloc    ] GC(94) y: Eden              48M (3%)          255M (17%)        134 / 121            0 / 0              2 / 0        
[2026-04-03T03:28:57.655+0600][62.233s][info][gc,reloc    ] GC(94) y: Survivor 1        40M (3%)           33M (2%)          22 / 4              0 / 0              3 / 0        
[2026-04-03T03:28:57.655+0600][62.233s][info][gc,reloc    ] GC(94) y: Survivor 2        54M (4%)           13M (1%)          34 / 3              0 / 0              0 / 0        
[2026-04-03T03:28:57.655+0600][62.233s][info][gc,heap     ] GC(94) y: Min Capacity: 8M(1%)
[2026-04-03T03:28:57.655+0600][62.233s][info][gc,heap     ] GC(94) y: Max Capacity: 1500M(100%)
[2026-04-03T03:28:57.655+0600][62.233s][info][gc,heap     ] GC(94) y: Soft Max Capacity: 1500M(100%)
[2026-04-03T03:28:57.655+0600][62.233s][info][gc,heap     ] GC(94) y: Heap Statistics:
[2026-04-03T03:28:57.655+0600][62.233s][info][gc,heap     ] GC(94) y:                Mark Start          Mark End        Relocate Start      Relocate End           High               Low         
[2026-04-03T03:28:57.655+0600][62.233s][info][gc,heap     ] GC(94) y:  Capacity:     1500M (100%)       1500M (100%)       1500M (100%)       1500M (100%)       1500M (100%)       1500M (100%)   
[2026-04-03T03:28:57.655+0600][62.233s][info][gc,heap     ] GC(94) y:      Free:      728M (49%)         462M (31%)         472M (31%)         668M (45%)         728M (49%)         460M (31%)    
[2026-04-03T03:28:57.655+0600][62.233s][info][gc,heap     ] GC(94) y:      Used:      772M (51%)        1038M (69%)        1028M (69%)         832M (55%)        1040M (69%)         772M (51%)    
[2026-04-03T03:28:57.655+0600][62.233s][info][gc,heap     ] GC(94) y: Young Generation Statistics:
[2026-04-03T03:28:57.655+0600][62.233s][info][gc,heap     ] GC(94) y:                Mark Start          Mark End        Relocate Start      Relocate End    
[2026-04-03T03:28:57.655+0600][62.233s][info][gc,heap     ] GC(94) y:      Used:      446M (30%)         712M (47%)         600M (40%)         392M (26%)    
[2026-04-03T03:28:57.655+0600][62.233s][info][gc,heap     ] GC(94) y:      Live:         -               143M (10%)          53M (4%)           48M (3%)     
[2026-04-03T03:28:57.655+0600][62.233s][info][gc,heap     ] GC(94) y:   Garbage:         -               302M (20%)         258M (17%)           0M (0%)     
[2026-04-03T03:28:57.655+0600][62.233s][info][gc,heap     ] GC(94) y: Allocated:         -               266M (18%)         288M (19%)         343M (23%)    
[2026-04-03T03:28:57.655+0600][62.233s][info][gc,heap     ] GC(94) y: Reclaimed:         -                  -                43M (3%)          302M (20%)    
[2026-04-03T03:28:57.655+0600][62.233s][info][gc,heap     ] GC(94) y:  Promoted:         -                  -                90M (6%)           95M (6%)     
[2026-04-03T03:28:57.655+0600][62.233s][info][gc,heap     ] GC(94) y: Compacted:         -                  -                  -                12M (1%)     
[2026-04-03T03:28:57.655+0600][62.233s][info][gc,phases   ] GC(94) y: Young Generation 772M(51%)->832M(55%) 0.655s
[2026-04-03T03:28:57.655+0600][62.233s][info][gc          ] GC(94) Minor Collection (Allocation Rate) 770M(51%)->832M(55%) 0.656s
[2026-04-03T03:28:57.655+0600][62.234s][info][gc          ] GC(95) Major Collection (Allocation Rate)
[2026-04-03T03:28:57.655+0600][62.234s][info][gc,task     ] GC(95) Using 3 Workers for Young Generation
[2026-04-03T03:28:57.655+0600][62.234s][info][gc,task     ] GC(95) Using 1 Workers for Old Generation
[2026-04-03T03:28:57.655+0600][62.234s][info][gc,phases   ] GC(95) Y: Young Generation
[2026-04-03T03:28:57.656+0600][62.234s][info][gc,phases   ] GC(95) Y: Pause Mark Start (Major) 0.036ms
[2026-04-03T03:28:57.922+0600][62.500s][info][gc,phases   ] GC(95) Y: Concurrent Mark 265.943ms
[2026-04-03T03:28:57.922+0600][62.500s][info][gc,phases   ] GC(95) Y: Pause Mark End 0.033ms
[2026-04-03T03:28:57.922+0600][62.500s][info][gc,phases   ] GC(95) Y: Concurrent Mark Free 0.001ms
[2026-04-03T03:28:57.922+0600][62.501s][info][gc,phases   ] GC(95) Y: Concurrent Reset Relocation Set 0.149ms
[2026-04-03T03:28:57.928+0600][62.507s][info][gc,reloc    ] GC(95) Y: Using tenuring threshold: 1 (Computed)
[2026-04-03T03:28:57.964+0600][62.542s][info][gc,phases   ] GC(95) Y: Concurrent Select Relocation Set 41.503ms
[2026-04-03T03:28:57.964+0600][62.543s][info][gc,phases   ] GC(95) Y: Pause Relocate Start 0.029ms
[2026-04-03T03:28:58.084+0600][62.663s][info][gc,phases   ] GC(95) Y: Concurrent Relocate 120.065ms
[2026-04-03T03:28:58.085+0600][62.663s][info][gc,alloc    ] GC(95) Y:                         Mark Start        Mark End      Relocate Start    Relocate End   
[2026-04-03T03:28:58.085+0600][62.663s][info][gc,alloc    ] GC(95) Y: Allocation Stalls:          0                0                0                0         
[2026-04-03T03:28:58.085+0600][62.663s][info][gc,load     ] GC(95) Y: Load: 4.85 (40%) / 4.64 (39%) / 5.05 (42%)
[2026-04-03T03:28:58.085+0600][62.663s][info][gc,mmu      ] GC(95) Y: MMU: 2ms/90.6%, 5ms/96.2%, 10ms/98.1%, 20ms/99.1%, 50ms/99.5%, 100ms/99.7%
[2026-04-03T03:28:58.085+0600][62.663s][info][gc,marking  ] GC(95) Y: Mark: 2 stripe(s), 10 proactive flush(es), 1 terminate flush(es), 0 completion(s), 0 continuation(s) 
[2026-04-03T03:28:58.085+0600][62.663s][info][gc,marking  ] GC(95) Y: Mark Stack Usage: 32M
[2026-04-03T03:28:58.085+0600][62.663s][info][gc,nmethod  ] GC(95) Y: NMethods: 7149 registered, 821 unregistered
[2026-04-03T03:28:58.085+0600][62.663s][info][gc,metaspace] GC(95) Y: Metaspace: 71M used, 72M committed, 1088M reserved
[2026-04-03T03:28:58.085+0600][62.663s][info][gc,reloc    ] GC(95) Y:                        Candidates     Selected     In-Place         Size        Empty    Relocated 
[2026-04-03T03:28:58.085+0600][62.663s][info][gc,reloc    ] GC(95) Y: Small Pages:                  162          146            0         324M           4M          12M 
[2026-04-03T03:28:58.085+0600][62.663s][info][gc,reloc    ] GC(95) Y: Medium Pages:                   1            0            0          32M           0M           0M 
[2026-04-03T03:28:58.085+0600][62.663s][info][gc,reloc    ] GC(95) Y: Large Pages:                    2            0            0          36M           0M           0M 
[2026-04-03T03:28:58.085+0600][62.663s][info][gc,reloc    ] GC(95) Y: Forwarding Usage: 13M
[2026-04-03T03:28:58.085+0600][62.663s][info][gc,reloc    ] GC(95) Y: Age Table:
[2026-04-03T03:28:58.085+0600][62.663s][info][gc,reloc    ] GC(95) Y:                    Live             Garbage             Small              Medium             Large        
[2026-04-03T03:28:58.085+0600][62.663s][info][gc,reloc    ] GC(95) Y: Eden              15M (1%)          318M (21%)        151 / 142            1 / 0              0 / 0        
[2026-04-03T03:28:58.085+0600][62.663s][info][gc,reloc    ] GC(95) Y: Survivor 1        46M (3%)           11M (1%)          11 / 4              0 / 0              2 / 0        
[2026-04-03T03:28:58.085+0600][62.663s][info][gc,heap     ] GC(95) Y: Min Capacity: 8M(1%)
[2026-04-03T03:28:58.085+0600][62.663s][info][gc,heap     ] GC(95) Y: Max Capacity: 1500M(100%)
[2026-04-03T03:28:58.085+0600][62.663s][info][gc,heap     ] GC(95) Y: Soft Max Capacity: 1500M(100%)
[2026-04-03T03:28:58.085+0600][62.663s][info][gc,heap     ] GC(95) Y: Heap Statistics:
[2026-04-03T03:28:58.085+0600][62.663s][info][gc,heap     ] GC(95) Y:                Mark Start          Mark End        Relocate Start      Relocate End           High               Low         
[2026-04-03T03:28:58.085+0600][62.663s][info][gc,heap     ] GC(95) Y:  Capacity:     1500M (100%)       1500M (100%)       1500M (100%)       1500M (100%)       1500M (100%)       1500M (100%)   
[2026-04-03T03:28:58.085+0600][62.663s][info][gc,heap     ] GC(95) Y:      Free:      668M (45%)         552M (37%)         542M (36%)         778M (52%)         808M (54%)         528M (35%)    
[2026-04-03T03:28:58.085+0600][62.663s][info][gc,heap     ] GC(95) Y:      Used:      832M (55%)         948M (63%)         958M (64%)         722M (48%)         972M (65%)         692M (46%)    
[2026-04-03T03:28:58.085+0600][62.663s][info][gc,heap     ] GC(95) Y: Young Generation Statistics:
[2026-04-03T03:28:58.085+0600][62.663s][info][gc,heap     ] GC(95) Y:                Mark Start          Mark End        Relocate Start      Relocate End    
[2026-04-03T03:28:58.085+0600][62.663s][info][gc,heap     ] GC(95) Y:      Used:      392M (26%)         508M (34%)         470M (31%)         222M (15%)    
[2026-04-03T03:28:58.085+0600][62.663s][info][gc,heap     ] GC(95) Y:      Live:         -                61M (4%)           16M (1%)           15M (1%)     
[2026-04-03T03:28:58.085+0600][62.663s][info][gc,heap     ] GC(95) Y:   Garbage:         -               330M (22%)         323M (22%)          28M (2%)     
[2026-04-03T03:28:58.085+0600][62.663s][info][gc,heap     ] GC(95) Y: Allocated:         -               116M (8%)          130M (9%)          177M (12%)    
[2026-04-03T03:28:58.085+0600][62.663s][info][gc,heap     ] GC(95) Y: Reclaimed:         -                  -                 7M (0%)          301M (20%)    
[2026-04-03T03:28:58.085+0600][62.663s][info][gc,heap     ] GC(95) Y:  Promoted:         -                  -                44M (3%)           46M (3%)     
[2026-04-03T03:28:58.085+0600][62.663s][info][gc,heap     ] GC(95) Y: Compacted:         -                  -                  -                12M (1%)     
[2026-04-03T03:28:58.085+0600][62.663s][info][gc,phases   ] GC(95) Y: Young Generation 832M(55%)->722M(48%) 0.429s
[2026-04-03T03:28:58.085+0600][62.663s][info][gc,phases   ] GC(95) O: Old Generation
[2026-04-03T03:28:58.090+0600][62.668s][info][gc          ] GC(96) Minor Collection (Allocation Rate)
[2026-04-03T03:28:58.090+0600][62.669s][info][gc,task     ] GC(96) Using 2 Workers for Young Generation
[2026-04-03T03:28:58.090+0600][62.669s][info][gc,phases   ] GC(96) y: Young Generation
[2026-04-03T03:28:58.091+0600][62.669s][info][gc,phases   ] GC(96) y: Pause Mark Start 0.029ms
[2026-04-03T03:28:58.279+0600][62.857s][info][gc,phases   ] GC(96) y: Concurrent Mark 187.749ms
[2026-04-03T03:28:58.279+0600][62.857s][info][gc,phases   ] GC(96) y: Pause Mark End 0.038ms
[2026-04-03T03:28:58.279+0600][62.858s][info][gc,phases   ] GC(96) y: Concurrent Mark Free 0.004ms
[2026-04-03T03:28:58.279+0600][62.858s][info][gc,phases   ] GC(96) y: Concurrent Reset Relocation Set 0.054ms
[2026-04-03T03:28:58.282+0600][62.860s][info][gc,reloc    ] GC(96) y: Using tenuring threshold: 2 (Computed)
[2026-04-03T03:28:58.284+0600][62.863s][info][gc,phases   ] GC(96) y: Concurrent Select Relocation Set 4.897ms
[2026-04-03T03:28:58.285+0600][62.863s][info][gc,phases   ] GC(96) y: Pause Relocate Start 0.032ms
[2026-04-03T03:28:58.307+0600][62.886s][info][gc,phases   ] GC(96) y: Concurrent Relocate 22.430ms
[2026-04-03T03:28:58.308+0600][62.886s][info][gc,alloc    ] GC(96) y:                         Mark Start        Mark End      Relocate Start    Relocate End   
[2026-04-03T03:28:58.308+0600][62.886s][info][gc,alloc    ] GC(96) y: Allocation Stalls:          0                0                0                0         
[2026-04-03T03:28:58.308+0600][62.886s][info][gc,load     ] GC(96) y: Load: 4.85 (40%) / 4.64 (39%) / 5.05 (42%)
[2026-04-03T03:28:58.308+0600][62.886s][info][gc,mmu      ] GC(96) y: MMU: 2ms/90.6%, 5ms/96.2%, 10ms/98.1%, 20ms/99.1%, 50ms/99.5%, 100ms/99.7%
[2026-04-03T03:28:58.308+0600][62.886s][info][gc,marking  ] GC(96) y: Mark: 2 stripe(s), 3 proactive flush(es), 1 terminate flush(es), 0 completion(s), 0 continuation(s) 
[2026-04-03T03:28:58.308+0600][62.886s][info][gc,marking  ] GC(96) y: Mark Stack Usage: 32M
[2026-04-03T03:28:58.308+0600][62.886s][info][gc,nmethod  ] GC(96) y: NMethods: 7149 registered, 821 unregistered
[2026-04-03T03:28:58.308+0600][62.886s][info][gc,metaspace] GC(96) y: Metaspace: 71M used, 72M committed, 1088M reserved
[2026-04-03T03:28:58.308+0600][62.886s][info][gc,reloc    ] GC(96) y:                        Candidates     Selected     In-Place         Size        Empty    Relocated 
[2026-04-03T03:28:58.308+0600][62.886s][info][gc,reloc    ] GC(96) y: Small Pages:                   80           71            0         160M           0M           6M 
[2026-04-03T03:28:58.308+0600][62.886s][info][gc,reloc    ] GC(96) y: Medium Pages:                   2            0            0          64M          32M           0M 
[2026-04-03T03:28:58.308+0600][62.886s][info][gc,reloc    ] GC(96) y: Large Pages:                    0            0            0           0M           0M           0M 
[2026-04-03T03:28:58.308+0600][62.886s][info][gc,reloc    ] GC(96) y: Forwarding Usage: 6M
[2026-04-03T03:28:58.308+0600][62.886s][info][gc,reloc    ] GC(96) y: Age Table:
[2026-04-03T03:28:58.308+0600][62.886s][info][gc,reloc    ] GC(96) y:                    Live             Garbage             Small              Medium             Large        
[2026-04-03T03:28:58.308+0600][62.886s][info][gc,reloc    ] GC(96) y: Eden               9M (1%)          160M (11%)         69 / 66             1 / 0              0 / 0        
[2026-04-03T03:28:58.308+0600][62.886s][info][gc,reloc    ] GC(96) y: Survivor 1        10M (1%)           43M (3%)          11 / 5              1 / 0              0 / 0        
[2026-04-03T03:28:58.308+0600][62.886s][info][gc,heap     ] GC(96) y: Min Capacity: 8M(1%)
[2026-04-03T03:28:58.308+0600][62.886s][info][gc,heap     ] GC(96) y: Max Capacity: 1500M(100%)
[2026-04-03T03:28:58.308+0600][62.886s][info][gc,heap     ] GC(96) y: Soft Max Capacity: 1500M(100%)
[2026-04-03T03:28:58.308+0600][62.886s][info][gc,heap     ] GC(96) y: Heap Statistics:
[2026-04-03T03:28:58.308+0600][62.886s][info][gc,heap     ] GC(96) y:                Mark Start          Mark End        Relocate Start      Relocate End           High               Low         
[2026-04-03T03:28:58.308+0600][62.886s][info][gc,heap     ] GC(96) y:  Capacity:     1500M (100%)       1500M (100%)       1500M (100%)       1500M (100%)       1500M (100%)       1500M (100%)   
[2026-04-03T03:28:58.308+0600][62.886s][info][gc,heap     ] GC(96) y:      Free:      776M (52%)         714M (48%)         746M (50%)         878M (59%)         878M (59%)         714M (48%)    
[2026-04-03T03:28:58.308+0600][62.886s][info][gc,heap     ] GC(96) y:      Used:      724M (48%)         786M (52%)         754M (50%)         622M (41%)         786M (52%)         622M (41%)    
[2026-04-03T03:28:58.308+0600][62.886s][info][gc,heap     ] GC(96) y: Young Generation Statistics:
[2026-04-03T03:28:58.308+0600][62.886s][info][gc,heap     ] GC(96) y:                Mark Start          Mark End        Relocate Start      Relocate End    
[2026-04-03T03:28:58.308+0600][62.886s][info][gc,heap     ] GC(96) y:      Used:      224M (15%)         286M (19%)         254M (17%)         122M (8%)     
[2026-04-03T03:28:58.308+0600][62.886s][info][gc,heap     ] GC(96) y:      Live:         -                20M (1%)           20M (1%)           20M (1%)     
[2026-04-03T03:28:58.308+0600][62.886s][info][gc,heap     ] GC(96) y:   Garbage:         -               203M (14%)         171M (11%)          28M (2%)     
[2026-04-03T03:28:58.308+0600][62.886s][info][gc,heap     ] GC(96) y: Allocated:         -                62M (4%)           62M (4%)           73M (5%)     
[2026-04-03T03:28:58.308+0600][62.886s][info][gc,heap     ] GC(96) y: Reclaimed:         -                  -                32M (2%)          175M (12%)    
[2026-04-03T03:28:58.308+0600][62.886s][info][gc,heap     ] GC(96) y:  Promoted:         -                  -                 0M (0%)            0M (0%)     
[2026-04-03T03:28:58.308+0600][62.886s][info][gc,heap     ] GC(96) y: Compacted:         -                  -                  -                 6M (0%)     
[2026-04-03T03:28:58.308+0600][62.886s][info][gc,phases   ] GC(96) y: Young Generation 724M(48%)->622M(41%) 0.217s
[2026-04-03T03:28:58.308+0600][62.886s][info][gc          ] GC(96) Minor Collection (Allocation Rate) 724M(48%)->622M(41%) 0.218s
[2026-04-03T03:28:58.308+0600][62.887s][info][gc          ] GC(97) Minor Collection (Allocation Rate)
[2026-04-03T03:28:58.308+0600][62.887s][info][gc,task     ] GC(97) Using 2 Workers for Young Generation
[2026-04-03T03:28:58.308+0600][62.887s][info][gc,phases   ] GC(97) y: Young Generation
[2026-04-03T03:28:58.309+0600][62.887s][info][gc,phases   ] GC(97) y: Pause Mark Start 0.031ms
[2026-04-03T03:28:58.497+0600][63.076s][info][gc,phases   ] GC(97) y: Concurrent Mark 188.290ms
[2026-04-03T03:28:58.498+0600][63.076s][info][gc,phases   ] GC(97) y: Pause Mark End 0.030ms
[2026-04-03T03:28:58.498+0600][63.076s][info][gc,phases   ] GC(97) y: Concurrent Mark Free 0.001ms
[2026-04-03T03:28:58.498+0600][63.076s][info][gc,phases   ] GC(97) y: Concurrent Reset Relocation Set 0.013ms
[2026-04-03T03:28:58.504+0600][63.082s][info][gc,reloc    ] GC(97) y: Using tenuring threshold: 2 (Computed)
[2026-04-03T03:28:58.514+0600][63.093s][info][gc,phases   ] GC(97) y: Concurrent Select Relocation Set 16.308ms
[2026-04-03T03:28:58.515+0600][63.093s][info][gc,phases   ] GC(97) y: Pause Relocate Start 0.053ms
[2026-04-03T03:28:58.532+0600][63.111s][info][gc,phases   ] GC(97) y: Concurrent Relocate 17.588ms
[2026-04-03T03:28:58.533+0600][63.111s][info][gc,alloc    ] GC(97) y:                         Mark Start        Mark End      Relocate Start    Relocate End   
[2026-04-03T03:28:58.533+0600][63.111s][info][gc,alloc    ] GC(97) y: Allocation Stalls:          0                0                0                0         
[2026-04-03T03:28:58.533+0600][63.111s][info][gc,load     ] GC(97) y: Load: 4.85 (40%) / 4.64 (39%) / 5.05 (42%)
[2026-04-03T03:28:58.533+0600][63.111s][info][gc,mmu      ] GC(97) y: MMU: 2ms/90.6%, 5ms/96.2%, 10ms/98.1%, 20ms/99.1%, 50ms/99.5%, 100ms/99.7%
[2026-04-03T03:28:58.533+0600][63.111s][info][gc,marking  ] GC(97) y: Mark: 2 stripe(s), 2 proactive flush(es), 1 terminate flush(es), 0 completion(s), 0 continuation(s) 
[2026-04-03T03:28:58.533+0600][63.111s][info][gc,marking  ] GC(97) y: Mark Stack Usage: 32M
[2026-04-03T03:28:58.533+0600][63.111s][info][gc,nmethod  ] GC(97) y: NMethods: 7158 registered, 821 unregistered
[2026-04-03T03:28:58.533+0600][63.111s][info][gc,metaspace] GC(97) y: Metaspace: 71M used, 72M committed, 1088M reserved
[2026-04-03T03:28:58.533+0600][63.111s][info][gc,reloc    ] GC(97) y:                        Candidates     Selected     In-Place         Size        Empty    Relocated 
[2026-04-03T03:28:58.533+0600][63.111s][info][gc,reloc    ] GC(97) y: Small Pages:                   36           23            0          72M           6M           2M 
[2026-04-03T03:28:58.533+0600][63.111s][info][gc,reloc    ] GC(97) y: Medium Pages:                   1            0            0          32M           0M           0M 
[2026-04-03T03:28:58.533+0600][63.111s][info][gc,reloc    ] GC(97) y: Large Pages:                    1            0            0          18M           0M           0M 
[2026-04-03T03:28:58.533+0600][63.111s][info][gc,reloc    ] GC(97) y: Forwarding Usage: 2M
[2026-04-03T03:28:58.533+0600][63.111s][info][gc,reloc    ] GC(97) y: Age Table:
[2026-04-03T03:28:58.533+0600][63.111s][info][gc,reloc    ] GC(97) y:                    Live             Garbage             Small              Medium             Large        
[2026-04-03T03:28:58.533+0600][63.111s][info][gc,reloc    ] GC(97) y: Eden              19M (1%)           44M (3%)          23 / 19             0 / 0              1 / 0        
[2026-04-03T03:28:58.533+0600][63.111s][info][gc,reloc    ] GC(97) y: Survivor 1         5M (0%)           34M (2%)           4 / 1              1 / 0              0 / 0        
[2026-04-03T03:28:58.533+0600][63.111s][info][gc,reloc    ] GC(97) y: Survivor 2        10M (1%)            7M (0%)           9 / 3              0 / 0              0 / 0        
[2026-04-03T03:28:58.533+0600][63.111s][info][gc,heap     ] GC(97) y: Min Capacity: 8M(1%)
[2026-04-03T03:28:58.533+0600][63.111s][info][gc,heap     ] GC(97) y: Max Capacity: 1500M(100%)
[2026-04-03T03:28:58.533+0600][63.111s][info][gc,heap     ] GC(97) y: Soft Max Capacity: 1500M(100%)
[2026-04-03T03:28:58.533+0600][63.111s][info][gc,heap     ] GC(97) y: Heap Statistics:
[2026-04-03T03:28:58.533+0600][63.111s][info][gc,heap     ] GC(97) y:                Mark Start          Mark End        Relocate Start      Relocate End           High               Low         
[2026-04-03T03:28:58.533+0600][63.111s][info][gc,heap     ] GC(97) y:  Capacity:     1500M (100%)       1500M (100%)       1500M (100%)       1500M (100%)       1500M (100%)       1500M (100%)   
[2026-04-03T03:28:58.533+0600][63.111s][info][gc,heap     ] GC(97) y:      Free:      878M (59%)         784M (52%)         784M (52%)         814M (54%)         878M (59%)         782M (52%)    
[2026-04-03T03:28:58.533+0600][63.111s][info][gc,heap     ] GC(97) y:      Used:      622M (41%)         716M (48%)         716M (48%)         686M (46%)         718M (48%)         622M (41%)    
[2026-04-03T03:28:58.533+0600][63.111s][info][gc,heap     ] GC(97) y: Young Generation Statistics:
[2026-04-03T03:28:58.533+0600][63.111s][info][gc,heap     ] GC(97) y:                Mark Start          Mark End        Relocate Start      Relocate End    
[2026-04-03T03:28:58.533+0600][63.111s][info][gc,heap     ] GC(97) y:      Used:      122M (8%)          216M (14%)         204M (14%)         170M (11%)    
[2026-04-03T03:28:58.533+0600][63.111s][info][gc,heap     ] GC(97) y:      Live:         -                35M (2%)           25M (2%)           25M (2%)     
[2026-04-03T03:28:58.533+0600][63.111s][info][gc,heap     ] GC(97) y:   Garbage:         -                86M (6%)           78M (5%)           30M (2%)     
[2026-04-03T03:28:58.533+0600][63.111s][info][gc,heap     ] GC(97) y: Allocated:         -                94M (6%)          100M (7%)          114M (8%)     
[2026-04-03T03:28:58.533+0600][63.111s][info][gc,heap     ] GC(97) y: Reclaimed:         -                  -                 7M (1%)           55M (4%)     
[2026-04-03T03:28:58.533+0600][63.111s][info][gc,heap     ] GC(97) y:  Promoted:         -                  -                10M (1%)           10M (1%)     
[2026-04-03T03:28:58.533+0600][63.111s][info][gc,heap     ] GC(97) y: Compacted:         -                  -                  -                 1M (0%)     
[2026-04-03T03:28:58.533+0600][63.111s][info][gc,phases   ] GC(97) y: Young Generation 622M(41%)->686M(46%) 0.224s
[2026-04-03T03:28:58.533+0600][63.111s][info][gc          ] GC(97) Minor Collection (Allocation Rate) 622M(41%)->686M(46%) 0.225s
[2026-04-03T03:28:58.533+0600][63.111s][info][gc,task     ] Adjusting Workers for Old Generation: 1 -> 2
[2026-04-03T03:28:58.533+0600][63.112s][info][gc          ] GC(98) Minor Collection (Allocation Rate)
[2026-04-03T03:28:58.533+0600][63.112s][info][gc,task     ] GC(98) Using 1 Workers for Young Generation
[2026-04-03T03:28:58.533+0600][63.112s][info][gc,phases   ] GC(98) y: Young Generation
[2026-04-03T03:28:58.534+0600][63.112s][info][gc,phases   ] GC(98) y: Pause Mark Start 0.026ms
[2026-04-03T03:28:58.740+0600][63.318s][info][gc,phases   ] GC(98) y: Concurrent Mark 205.713ms
[2026-04-03T03:28:58.740+0600][63.318s][info][gc,phases   ] GC(98) y: Pause Mark End 0.033ms
[2026-04-03T03:28:58.740+0600][63.319s][info][gc,phases   ] GC(98) y: Concurrent Mark Free 0.004ms
[2026-04-03T03:28:58.740+0600][63.319s][info][gc,phases   ] GC(98) y: Concurrent Reset Relocation Set 0.030ms
[2026-04-03T03:28:58.742+0600][63.321s][info][gc,reloc    ] GC(98) y: Using tenuring threshold: 1 (Computed)
[2026-04-03T03:28:58.767+0600][63.345s][info][gc,phases   ] GC(98) y: Concurrent Select Relocation Set 26.202ms
[2026-04-03T03:28:58.767+0600][63.345s][info][gc,phases   ] GC(98) y: Pause Relocate Start 0.030ms
[2026-04-03T03:28:58.873+0600][63.451s][info][gc,phases   ] GC(98) y: Concurrent Relocate 105.530ms
[2026-04-03T03:28:58.873+0600][63.451s][info][gc,alloc    ] GC(98) y:                         Mark Start        Mark End      Relocate Start    Relocate End   
[2026-04-03T03:28:58.873+0600][63.451s][info][gc,alloc    ] GC(98) y: Allocation Stalls:          0                0                0                0         
[2026-04-03T03:28:58.873+0600][63.451s][info][gc,load     ] GC(98) y: Load: 4.85 (40%) / 4.64 (39%) / 5.05 (42%)
[2026-04-03T03:28:58.873+0600][63.451s][info][gc,mmu      ] GC(98) y: MMU: 2ms/90.6%, 5ms/96.2%, 10ms/98.1%, 20ms/99.1%, 50ms/99.5%, 100ms/99.7%
[2026-04-03T03:28:58.873+0600][63.451s][info][gc,marking  ] GC(98) y: Mark: 1 stripe(s), 2 proactive flush(es), 1 terminate flush(es), 0 completion(s), 0 continuation(s) 
[2026-04-03T03:28:58.873+0600][63.451s][info][gc,marking  ] GC(98) y: Mark Stack Usage: 32M
[2026-04-03T03:28:58.873+0600][63.451s][info][gc,nmethod  ] GC(98) y: NMethods: 7163 registered, 821 unregistered
[2026-04-03T03:28:58.873+0600][63.451s][info][gc,metaspace] GC(98) y: Metaspace: 71M used, 72M committed, 1088M reserved
[2026-04-03T03:28:58.873+0600][63.451s][info][gc,reloc    ] GC(98) y:                        Candidates     Selected     In-Place         Size        Empty    Relocated 
[2026-04-03T03:28:58.873+0600][63.451s][info][gc,reloc    ] GC(98) y: Small Pages:                   44           38            0          88M           2M           3M 
[2026-04-03T03:28:58.873+0600][63.451s][info][gc,reloc    ] GC(98) y: Medium Pages:                   2            0            0          64M          32M           0M 
[2026-04-03T03:28:58.873+0600][63.451s][info][gc,reloc    ] GC(98) y: Large Pages:                    1            0            0          18M           0M           0M 
[2026-04-03T03:28:58.873+0600][63.451s][info][gc,reloc    ] GC(98) y: Forwarding Usage: 2M
[2026-04-03T03:28:58.873+0600][63.451s][info][gc,reloc    ] GC(98) y: Age Table:
[2026-04-03T03:28:58.873+0600][63.451s][info][gc,reloc    ] GC(98) y:                    Live             Garbage             Small              Medium             Large        
[2026-04-03T03:28:58.873+0600][63.451s][info][gc,reloc    ] GC(98) y: Eden               5M (0%)           98M (7%)          36 / 34             1 / 0              0 / 0        
[2026-04-03T03:28:58.873+0600][63.451s][info][gc,reloc    ] GC(98) y: Survivor 1        19M (1%)            4M (0%)           3 / 1              0 / 0              1 / 0        
[2026-04-03T03:28:58.873+0600][63.451s][info][gc,reloc    ] GC(98) y: Survivor 2         3M (0%)           38M (3%)           5 / 3              1 / 0              0 / 0        
[2026-04-03T03:28:58.873+0600][63.451s][info][gc,heap     ] GC(98) y: Min Capacity: 8M(1%)
[2026-04-03T03:28:58.873+0600][63.451s][info][gc,heap     ] GC(98) y: Max Capacity: 1500M(100%)
[2026-04-03T03:28:58.873+0600][63.451s][info][gc,heap     ] GC(98) y: Soft Max Capacity: 1500M(100%)
[2026-04-03T03:28:58.873+0600][63.451s][info][gc,heap     ] GC(98) y: Heap Statistics:
[2026-04-03T03:28:58.873+0600][63.451s][info][gc,heap     ] GC(98) y:                Mark Start          Mark End        Relocate Start      Relocate End           High               Low         
[2026-04-03T03:28:58.873+0600][63.451s][info][gc,heap     ] GC(98) y:  Capacity:     1500M (100%)       1500M (100%)       1500M (100%)       1500M (100%)       1500M (100%)       1500M (100%)   
[2026-04-03T03:28:58.873+0600][63.451s][info][gc,heap     ] GC(98) y:      Free:      814M (54%)         738M (49%)         738M (49%)         794M (53%)         814M (54%)         732M (49%)    
[2026-04-03T03:28:58.873+0600][63.451s][info][gc,heap     ] GC(98) y:      Used:      686M (46%)         762M (51%)         762M (51%)         706M (47%)         768M (51%)         686M (46%)    
[2026-04-03T03:28:58.873+0600][63.451s][info][gc,heap     ] GC(98) y: Young Generation Statistics:
[2026-04-03T03:28:58.873+0600][63.452s][info][gc,heap     ] GC(98) y:                Mark Start          Mark End        Relocate Start      Relocate End    
[2026-04-03T03:28:58.873+0600][63.452s][info][gc,heap     ] GC(98) y:      Used:      170M (11%)         246M (16%)         222M (15%)         162M (11%)    
[2026-04-03T03:28:58.873+0600][63.452s][info][gc,heap     ] GC(98) y:      Live:         -                28M (2%)            6M (0%)            5M (0%)     
[2026-04-03T03:28:58.873+0600][63.452s][info][gc,heap     ] GC(98) y:   Garbage:         -               141M (9%)          105M (7%)           28M (2%)     
[2026-04-03T03:28:58.873+0600][63.452s][info][gc,heap     ] GC(98) y: Allocated:         -                76M (5%)          110M (7%)          127M (9%)     
[2026-04-03T03:28:58.873+0600][63.452s][info][gc,heap     ] GC(98) y: Reclaimed:         -                  -                35M (2%)          112M (8%)     
[2026-04-03T03:28:58.873+0600][63.452s][info][gc,heap     ] GC(98) y:  Promoted:         -                  -                22M (1%)           23M (2%)     
[2026-04-03T03:28:58.873+0600][63.452s][info][gc,heap     ] GC(98) y: Compacted:         -                  -                  -                 2M (0%)     
[2026-04-03T03:28:58.873+0600][63.452s][info][gc,phases   ] GC(98) y: Young Generation 686M(46%)->706M(47%) 0.339s
[2026-04-03T03:28:58.873+0600][63.452s][info][gc          ] GC(98) Minor Collection (Allocation Rate) 686M(46%)->706M(47%) 0.340s
[2026-04-03T03:28:59.063+0600][63.641s][info][gc,phases   ] GC(95) O: Concurrent Mark 977.516ms
[2026-04-03T03:28:59.063+0600][63.641s][info][gc,phases   ] GC(95) O: Pause Mark End 0.027ms
[2026-04-03T03:28:59.063+0600][63.641s][info][gc,phases   ] GC(95) O: Concurrent Mark Free 0.002ms
[2026-04-03T03:28:59.074+0600][63.653s][info][gc,phases   ] GC(95) O: Concurrent Process Non-Strong 11.274ms
[2026-04-03T03:28:59.075+0600][63.653s][info][gc,phases   ] GC(95) O: Concurrent Reset Relocation Set 0.004ms
[2026-04-03T03:28:59.090+0600][63.668s][info][gc,phases   ] GC(95) O: Concurrent Select Relocation Set 15.476ms
[2026-04-03T03:28:59.090+0600][63.668s][info][gc,task     ] GC(95) O: Using 3 Workers for Old Generation
[2026-04-03T03:28:59.117+0600][63.695s][info][gc,task     ] GC(95) O: Using 2 Workers for Old Generation
[2026-04-03T03:28:59.117+0600][63.695s][info][gc,phases   ] GC(95) O: Concurrent Remap Roots 26.777ms
[2026-04-03T03:28:59.117+0600][63.695s][info][gc,phases   ] GC(95) O: Pause Relocate Start 0.022ms
[2026-04-03T03:28:59.180+0600][63.759s][info][gc,phases   ] GC(95) O: Concurrent Relocate 63.042ms
[2026-04-03T03:28:59.180+0600][63.759s][info][gc,alloc    ] GC(95) O:                         Mark Start        Mark End      Relocate Start    Relocate End   
[2026-04-03T03:28:59.181+0600][63.759s][info][gc,alloc    ] GC(95) O: Allocation Stalls:          0                0                0                0         
[2026-04-03T03:28:59.181+0600][63.759s][info][gc,load     ] GC(95) O: Load: 4.85 (40%) / 4.64 (39%) / 5.05 (42%)
[2026-04-03T03:28:59.181+0600][63.759s][info][gc,mmu      ] GC(95) O: MMU: 2ms/90.6%, 5ms/96.2%, 10ms/98.1%, 20ms/99.1%, 50ms/99.5%, 100ms/99.7%
[2026-04-03T03:28:59.181+0600][63.759s][info][gc,marking  ] GC(95) O: Mark: 1 stripe(s), 2 proactive flush(es), 1 terminate flush(es), 0 completion(s), 0 continuation(s) 
[2026-04-03T03:28:59.181+0600][63.759s][info][gc,marking  ] GC(95) O: Mark Stack Usage: 32M
[2026-04-03T03:28:59.181+0600][63.759s][info][gc,nmethod  ] GC(95) O: NMethods: 7163 registered, 821 unregistered
[2026-04-03T03:28:59.181+0600][63.759s][info][gc,metaspace] GC(95) O: Metaspace: 71M used, 72M committed, 1088M reserved
[2026-04-03T03:28:59.181+0600][63.759s][info][gc,ref      ] GC(95) O:                       Encountered   Discovered     Enqueued 
[2026-04-03T03:28:59.181+0600][63.759s][info][gc,ref      ] GC(95) O: Soft References:             5099            0            0 
[2026-04-03T03:28:59.181+0600][63.759s][info][gc,ref      ] GC(95) O: Weak References:             6786         5739           10 
[2026-04-03T03:28:59.181+0600][63.759s][info][gc,ref      ] GC(95) O: Final References:              84           84            0 
[2026-04-03T03:28:59.181+0600][63.759s][info][gc,ref      ] GC(95) O: Phantom References:           602          472            0 
[2026-04-03T03:28:59.181+0600][63.759s][info][gc,reloc    ] GC(95) O:                        Candidates     Selected     In-Place         Size        Empty    Relocated 
[2026-04-03T03:28:59.181+0600][63.759s][info][gc,reloc    ] GC(95) O: Small Pages:                  184           25            0         368M          88M           8M 
[2026-04-03T03:28:59.181+0600][63.759s][info][gc,reloc    ] GC(95) O: Medium Pages:                   1            0            0          32M           0M           0M 
[2026-04-03T03:28:59.181+0600][63.759s][info][gc,reloc    ] GC(95) O: Large Pages:                    4            0            0          40M          30M           0M 
[2026-04-03T03:28:59.181+0600][63.759s][info][gc,reloc    ] GC(95) O: Forwarding Usage: 31M
[2026-04-03T03:28:59.181+0600][63.759s][info][gc,heap     ] GC(95) O: Min Capacity: 8M(1%)
[2026-04-03T03:28:59.181+0600][63.759s][info][gc,heap     ] GC(95) O: Max Capacity: 1500M(100%)
[2026-04-03T03:28:59.181+0600][63.759s][info][gc,heap     ] GC(95) O: Soft Max Capacity: 1500M(100%)
[2026-04-03T03:28:59.181+0600][63.759s][info][gc,heap     ] GC(95) O: Heap Statistics:
[2026-04-03T03:28:59.181+0600][63.759s][info][gc,heap     ] GC(95) O:                Mark Start          Mark End        Relocate Start      Relocate End           High               Low         
[2026-04-03T03:28:59.181+0600][63.759s][info][gc,heap     ] GC(95) O:  Capacity:     1500M (100%)       1500M (100%)       1500M (100%)       1500M (100%)       1500M (100%)       1500M (100%)   
[2026-04-03T03:28:59.181+0600][63.759s][info][gc,heap     ] GC(95) O:      Free:      668M (45%)         794M (53%)         912M (61%)         966M (64%)         966M (64%)         528M (35%)    
[2026-04-03T03:28:59.181+0600][63.759s][info][gc,heap     ] GC(95) O:      Used:      832M (55%)         706M (47%)         588M (39%)         534M (36%)         972M (65%)         534M (36%)    
[2026-04-03T03:28:59.181+0600][63.759s][info][gc,heap     ] GC(95) O: Old Generation Statistics:
[2026-04-03T03:28:59.181+0600][63.759s][info][gc,heap     ] GC(95) O:                Mark Start          Mark End        Relocate Start      Relocate End    
[2026-04-03T03:28:59.181+0600][63.759s][info][gc,heap     ] GC(95) O:      Used:      440M (29%)         544M (36%)         426M (28%)         372M (25%)    
[2026-04-03T03:28:59.181+0600][63.759s][info][gc,heap     ] GC(95) O:      Live:         -               236M (16%)         236M (16%)         236M (16%)    
[2026-04-03T03:28:59.181+0600][63.759s][info][gc,heap     ] GC(95) O:   Garbage:         -               203M (14%)          85M (6%)           31M (2%)     
[2026-04-03T03:28:59.181+0600][63.759s][info][gc,heap     ] GC(95) O: Allocated:         -               104M (7%)          104M (7%)          104M (7%)     
[2026-04-03T03:28:59.181+0600][63.759s][info][gc,heap     ] GC(95) O: Reclaimed:         -                  -               118M (8%)          172M (12%)    
[2026-04-03T03:28:59.181+0600][63.759s][info][gc,heap     ] GC(95) O: Compacted:         -                  -                  -                31M (2%)     
[2026-04-03T03:28:59.181+0600][63.759s][info][gc,phases   ] GC(95) O: Old Generation 722M(48%)->534M(36%) 1.095s
[2026-04-03T03:28:59.181+0600][63.759s][info][gc          ] GC(95) Major Collection (Allocation Rate) 832M(55%)->534M(36%) 1.525s
[2026-04-03T03:28:59.789+0600][64.367s][info][gc          ] GC(99) Major Collection (Allocation Rate)
[2026-04-03T03:28:59.789+0600][64.367s][info][gc,task     ] GC(99) Using 3 Workers for Young Generation
[2026-04-03T03:28:59.789+0600][64.367s][info][gc,task     ] GC(99) Using 1 Workers for Old Generation
[2026-04-03T03:28:59.789+0600][64.367s][info][gc,phases   ] GC(99) Y: Young Generation
[2026-04-03T03:28:59.790+0600][64.368s][info][gc,phases   ] GC(99) Y: Pause Mark Start (Major) 0.033ms
[2026-04-03T03:28:59.991+0600][64.569s][info][gc,phases   ] GC(99) Y: Concurrent Mark 201.072ms
[2026-04-03T03:28:59.991+0600][64.569s][info][gc,phases   ] GC(99) Y: Pause Mark End 0.037ms
[2026-04-03T03:28:59.991+0600][64.570s][info][gc,phases   ] GC(99) Y: Concurrent Mark Free 0.004ms
[2026-04-03T03:28:59.991+0600][64.570s][info][gc,phases   ] GC(99) Y: Concurrent Reset Relocation Set 0.031ms
[2026-04-03T03:28:59.995+0600][64.573s][info][gc,reloc    ] GC(99) Y: Using tenuring threshold: 2 (Computed)
[2026-04-03T03:29:00.009+0600][64.587s][info][gc,phases   ] GC(99) Y: Concurrent Select Relocation Set 17.494ms
[2026-04-03T03:29:00.009+0600][64.588s][info][gc,phases   ] GC(99) Y: Pause Relocate Start 0.031ms
[2026-04-03T03:29:00.054+0600][64.632s][info][gc,phases   ] GC(99) Y: Concurrent Relocate 43.982ms
[2026-04-03T03:29:00.054+0600][64.632s][info][gc,alloc    ] GC(99) Y:                         Mark Start        Mark End      Relocate Start    Relocate End   
[2026-04-03T03:29:00.054+0600][64.632s][info][gc,alloc    ] GC(99) Y: Allocation Stalls:          0                0                0                0         
[2026-04-03T03:29:00.054+0600][64.632s][info][gc,load     ] GC(99) Y: Load: 4.85 (40%) / 4.64 (39%) / 5.05 (42%)
[2026-04-03T03:29:00.054+0600][64.632s][info][gc,mmu      ] GC(99) Y: MMU: 2ms/90.6%, 5ms/96.2%, 10ms/98.1%, 20ms/99.1%, 50ms/99.5%, 100ms/99.7%
[2026-04-03T03:29:00.054+0600][64.632s][info][gc,marking  ] GC(99) Y: Mark: 2 stripe(s), 3 proactive flush(es), 1 terminate flush(es), 0 completion(s), 0 continuation(s) 
[2026-04-03T03:29:00.054+0600][64.632s][info][gc,marking  ] GC(99) Y: Mark Stack Usage: 32M
[2026-04-03T03:29:00.054+0600][64.632s][info][gc,nmethod  ] GC(99) Y: NMethods: 7228 registered, 821 unregistered
[2026-04-03T03:29:00.054+0600][64.632s][info][gc,metaspace] GC(99) Y: Metaspace: 71M used, 72M committed, 1088M reserved
[2026-04-03T03:29:00.054+0600][64.632s][info][gc,reloc    ] GC(99) Y:                        Candidates     Selected     In-Place         Size        Empty    Relocated 
[2026-04-03T03:29:00.054+0600][64.632s][info][gc,reloc    ] GC(99) Y: Small Pages:                  129          104            0         258M          20M          18M 
[2026-04-03T03:29:00.054+0600][64.632s][info][gc,reloc    ] GC(99) Y: Medium Pages:                   2            0            0          64M          32M           0M 
[2026-04-03T03:29:00.054+0600][64.632s][info][gc,reloc    ] GC(99) Y: Large Pages:                    7            0            0          54M           6M           0M 
[2026-04-03T03:29:00.054+0600][64.632s][info][gc,reloc    ] GC(99) Y: Forwarding Usage: 26M
[2026-04-03T03:29:00.054+0600][64.632s][info][gc,reloc    ] GC(99) Y: Age Table:
[2026-04-03T03:29:00.054+0600][64.632s][info][gc,reloc    ] GC(99) Y:                    Live             Garbage             Small              Medium             Large        
[2026-04-03T03:29:00.054+0600][64.632s][info][gc,reloc    ] GC(99) Y: Eden              72M (5%)          265M (18%)        126 / 102            1 / 0              7 / 0        
[2026-04-03T03:29:00.054+0600][64.632s][info][gc,reloc    ] GC(99) Y: Survivor 1         4M (0%)           33M (2%)           3 / 2              1 / 0              0 / 0        
[2026-04-03T03:29:00.054+0600][64.632s][info][gc,heap     ] GC(99) Y: Min Capacity: 8M(1%)
[2026-04-03T03:29:00.054+0600][64.632s][info][gc,heap     ] GC(99) Y: Max Capacity: 1500M(100%)
[2026-04-03T03:29:00.054+0600][64.632s][info][gc,heap     ] GC(99) Y: Soft Max Capacity: 1500M(100%)
[2026-04-03T03:29:00.054+0600][64.632s][info][gc,heap     ] GC(99) Y: Heap Statistics:
[2026-04-03T03:29:00.054+0600][64.632s][info][gc,heap     ] GC(99) Y:                Mark Start          Mark End        Relocate Start      Relocate End           High               Low         
[2026-04-03T03:29:00.054+0600][64.632s][info][gc,heap     ] GC(99) Y:  Capacity:     1500M (100%)       1500M (100%)       1500M (100%)       1500M (100%)       1500M (100%)       1500M (100%)   
[2026-04-03T03:29:00.054+0600][64.632s][info][gc,heap     ] GC(99) Y:      Free:      752M (50%)         660M (44%)         668M (45%)         866M (58%)         866M (58%)         658M (44%)    
[2026-04-03T03:29:00.054+0600][64.632s][info][gc,heap     ] GC(99) Y:      Used:      748M (50%)         840M (56%)         832M (55%)         634M (42%)         842M (56%)         634M (42%)    
[2026-04-03T03:29:00.054+0600][64.632s][info][gc,heap     ] GC(99) Y: Young Generation Statistics:
[2026-04-03T03:29:00.054+0600][64.632s][info][gc,heap     ] GC(99) Y:                Mark Start          Mark End        Relocate Start      Relocate End    
[2026-04-03T03:29:00.054+0600][64.632s][info][gc,heap     ] GC(99) Y:      Used:      376M (25%)         468M (31%)         460M (31%)         262M (17%)    
[2026-04-03T03:29:00.054+0600][64.632s][info][gc,heap     ] GC(99) Y:      Live:         -                76M (5%)           76M (5%)           76M (5%)     
[2026-04-03T03:29:00.054+0600][64.632s][info][gc,heap     ] GC(99) Y:   Garbage:         -               299M (20%)         241M (16%)          29M (2%)     
[2026-04-03T03:29:00.054+0600][64.632s][info][gc,heap     ] GC(99) Y: Allocated:         -                92M (6%)          142M (9%)          155M (10%)    
[2026-04-03T03:29:00.054+0600][64.632s][info][gc,heap     ] GC(99) Y: Reclaimed:         -                  -                58M (4%)          269M (18%)    
[2026-04-03T03:29:00.054+0600][64.632s][info][gc,heap     ] GC(99) Y:  Promoted:         -                  -                 0M (0%)            0M (0%)     
[2026-04-03T03:29:00.054+0600][64.632s][info][gc,heap     ] GC(99) Y: Compacted:         -                  -                  -                24M (2%)     
[2026-04-03T03:29:00.054+0600][64.632s][info][gc,phases   ] GC(99) Y: Young Generation 748M(50%)->634M(42%) 0.265s
[2026-04-03T03:29:00.054+0600][64.632s][info][gc,phases   ] GC(99) O: Old Generation
[2026-04-03T03:29:00.125+0600][64.703s][info][gc          ] GC(100) Minor Collection (Allocation Rate)
[2026-04-03T03:29:00.125+0600][64.703s][info][gc,task     ] GC(100) Using 2 Workers for Young Generation
[2026-04-03T03:29:00.125+0600][64.703s][info][gc,phases   ] GC(100) y: Young Generation
[2026-04-03T03:29:00.125+0600][64.704s][info][gc,phases   ] GC(100) y: Pause Mark Start 0.029ms
[2026-04-03T03:29:00.195+0600][64.773s][info][gc,phases   ] GC(100) y: Concurrent Mark 69.386ms
[2026-04-03T03:29:00.195+0600][64.773s][info][gc,phases   ] GC(100) y: Pause Mark End 0.041ms
[2026-04-03T03:29:00.195+0600][64.774s][info][gc,phases   ] GC(100) y: Concurrent Mark Free 0.005ms
[2026-04-03T03:29:00.196+0600][64.774s][info][gc,phases   ] GC(100) y: Concurrent Reset Relocation Set 0.036ms
[2026-04-03T03:29:00.202+0600][64.781s][info][gc,reloc    ] GC(100) y: Using tenuring threshold: 3 (Computed)
[2026-04-03T03:29:00.207+0600][64.785s][info][gc,phases   ] GC(100) y: Concurrent Select Relocation Set 11.128ms
[2026-04-03T03:29:00.207+0600][64.785s][info][gc,phases   ] GC(100) y: Pause Relocate Start 0.039ms
[2026-04-03T03:29:00.220+0600][64.798s][info][gc,phases   ] GC(100) y: Concurrent Relocate 12.277ms
[2026-04-03T03:29:00.220+0600][64.798s][info][gc,alloc    ] GC(100) y:                         Mark Start        Mark End      Relocate Start    Relocate End   
[2026-04-03T03:29:00.220+0600][64.798s][info][gc,alloc    ] GC(100) y: Allocation Stalls:          0                0                0                0         
[2026-04-03T03:29:00.220+0600][64.798s][info][gc,load     ] GC(100) y: Load: 4.85 (40%) / 4.64 (39%) / 5.05 (42%)
[2026-04-03T03:29:00.220+0600][64.798s][info][gc,mmu      ] GC(100) y: MMU: 2ms/90.6%, 5ms/96.2%, 10ms/98.1%, 20ms/99.1%, 50ms/99.5%, 100ms/99.7%
[2026-04-03T03:29:00.220+0600][64.798s][info][gc,marking  ] GC(100) y: Mark: 2 stripe(s), 2 proactive flush(es), 1 terminate flush(es), 0 completion(s), 0 continuation(s) 
[2026-04-03T03:29:00.220+0600][64.798s][info][gc,marking  ] GC(100) y: Mark Stack Usage: 32M
[2026-04-03T03:29:00.220+0600][64.798s][info][gc,nmethod  ] GC(100) y: NMethods: 7283 registered, 821 unregistered
[2026-04-03T03:29:00.220+0600][64.798s][info][gc,metaspace] GC(100) y: Metaspace: 71M used, 72M committed, 1088M reserved
[2026-04-03T03:29:00.220+0600][64.798s][info][gc,reloc    ] GC(100) y:                        Candidates     Selected     In-Place         Size        Empty    Relocated 
[2026-04-03T03:29:00.220+0600][64.798s][info][gc,reloc    ] GC(100) y: Small Pages:                   98           34            0         196M         120M           2M 
[2026-04-03T03:29:00.220+0600][64.798s][info][gc,reloc    ] GC(100) y: Medium Pages:                   2            1            0          64M           0M           3M 
[2026-04-03T03:29:00.220+0600][64.798s][info][gc,reloc    ] GC(100) y: Large Pages:                    7            0            0          54M          54M           0M 
[2026-04-03T03:29:00.220+0600][64.798s][info][gc,reloc    ] GC(100) y: Forwarding Usage: 2M
[2026-04-03T03:29:00.220+0600][64.798s][info][gc,reloc    ] GC(100) y: Age Table:
[2026-04-03T03:29:00.220+0600][64.798s][info][gc,reloc    ] GC(100) y:                    Live             Garbage             Small              Medium             Large        
[2026-04-03T03:29:00.220+0600][64.798s][info][gc,reloc    ] GC(100) y: Eden               2M (0%)          197M (13%)         81 / 31             1 / 0              1 / 0        
[2026-04-03T03:29:00.220+0600][64.798s][info][gc,reloc    ] GC(100) y: Survivor 1         2M (0%)           73M (5%)          14 / 1              0 / 0              6 / 0        
[2026-04-03T03:29:00.220+0600][64.798s][info][gc,reloc    ] GC(100) y: Survivor 2         4M (0%)           33M (2%)           3 / 2              1 / 1              0 / 0        
[2026-04-03T03:29:00.220+0600][64.798s][info][gc,heap     ] GC(100) y: Min Capacity: 8M(1%)
[2026-04-03T03:29:00.220+0600][64.798s][info][gc,heap     ] GC(100) y: Max Capacity: 1500M(100%)
[2026-04-03T03:29:00.220+0600][64.798s][info][gc,heap     ] GC(100) y: Soft Max Capacity: 1500M(100%)
[2026-04-03T03:29:00.220+0600][64.798s][info][gc,heap     ] GC(100) y: Heap Statistics:
[2026-04-03T03:29:00.220+0600][64.799s][info][gc,heap     ] GC(100) y:                Mark Start          Mark End        Relocate Start      Relocate End           High               Low         
[2026-04-03T03:29:00.220+0600][64.799s][info][gc,heap     ] GC(100) y:  Capacity:     1500M (100%)       1500M (100%)       1500M (100%)       1500M (100%)       1500M (100%)       1500M (100%)   
[2026-04-03T03:29:00.220+0600][64.799s][info][gc,heap     ] GC(100) y:      Free:      814M (54%)         746M (50%)         914M (61%)         964M (64%)         964M (64%)         712M (47%)    
[2026-04-03T03:29:00.220+0600][64.799s][info][gc,heap     ] GC(100) y:      Used:      686M (46%)         754M (50%)         586M (39%)         536M (36%)         788M (53%)         536M (36%)    
[2026-04-03T03:29:00.220+0600][64.799s][info][gc,heap     ] GC(100) y: Young Generation Statistics:
[2026-04-03T03:29:00.220+0600][64.799s][info][gc,heap     ] GC(100) y:                Mark Start          Mark End        Relocate Start      Relocate End    
[2026-04-03T03:29:00.220+0600][64.799s][info][gc,heap     ] GC(100) y:      Used:      314M (21%)         382M (25%)         214M (14%)         164M (11%)    
[2026-04-03T03:29:00.220+0600][64.799s][info][gc,heap     ] GC(100) y:      Live:         -                 9M (1%)            9M (1%)            9M (1%)     
[2026-04-03T03:29:00.220+0600][64.799s][info][gc,heap     ] GC(100) y:   Garbage:         -               304M (20%)         130M (9%)            1M (0%)     
[2026-04-03T03:29:00.220+0600][64.799s][info][gc,heap     ] GC(100) y: Allocated:         -                68M (5%)           74M (5%)          153M (10%)    
[2026-04-03T03:29:00.220+0600][64.799s][info][gc,heap     ] GC(100) y: Reclaimed:         -                  -               174M (12%)         303M (20%)    
[2026-04-03T03:29:00.220+0600][64.799s][info][gc,heap     ] GC(100) y:  Promoted:         -                  -                 0M (0%)            0M (0%)     
[2026-04-03T03:29:00.220+0600][64.799s][info][gc,heap     ] GC(100) y: Compacted:         -                  -                  -                 6M (0%)     
[2026-04-03T03:29:00.220+0600][64.799s][info][gc,phases   ] GC(100) y: Young Generation 684M(46%)->536M(36%) 0.095s
[2026-04-03T03:29:00.220+0600][64.799s][info][gc          ] GC(100) Minor Collection (Allocation Rate) 684M(46%)->536M(36%) 0.096s
[2026-04-03T03:29:00.962+0600][65.540s][info][gc          ] GC(101) Minor Collection (Allocation Rate)
[2026-04-03T03:29:00.962+0600][65.540s][info][gc,task     ] GC(101) Using 2 Workers for Young Generation
[2026-04-03T03:29:00.962+0600][65.540s][info][gc,phases   ] GC(101) y: Young Generation
[2026-04-03T03:29:00.962+0600][65.541s][info][gc,phases   ] GC(101) y: Pause Mark Start 0.034ms
[2026-04-03T03:29:01.054+0600][65.632s][info][gc,phases   ] GC(99) O: Concurrent Mark 999.901ms
[2026-04-03T03:29:01.054+0600][65.633s][info][gc,phases   ] GC(99) O: Pause Mark End 0.061ms
[2026-04-03T03:29:01.055+0600][65.633s][info][gc,phases   ] GC(99) O: Concurrent Mark Free 0.025ms
[2026-04-03T03:29:01.086+0600][65.664s][info][gc,phases   ] GC(99) O: Concurrent Process Non-Strong 30.858ms
[2026-04-03T03:29:01.086+0600][65.664s][info][gc,phases   ] GC(99) O: Concurrent Reset Relocation Set 0.019ms
[2026-04-03T03:29:01.095+0600][65.674s][info][gc,phases   ] GC(99) O: Concurrent Select Relocation Set 9.420ms
[2026-04-03T03:29:01.155+0600][65.733s][info][gc,phases   ] GC(101) y: Concurrent Mark 169.603ms
[2026-04-03T03:29:01.155+0600][65.734s][info][gc,phases   ] GC(101) y: Pause Mark End 0.036ms
[2026-04-03T03:29:01.156+0600][65.734s][info][gc,phases   ] GC(101) y: Concurrent Mark Free 0.004ms
[2026-04-03T03:29:01.156+0600][65.734s][info][gc,phases   ] GC(101) y: Concurrent Reset Relocation Set 0.013ms
[2026-04-03T03:29:01.159+0600][65.738s][info][gc,reloc    ] GC(101) y: Using tenuring threshold: 4 (Computed)
[2026-04-03T03:29:01.174+0600][65.752s][info][gc,phases   ] GC(101) y: Concurrent Select Relocation Set 18.361ms
[2026-04-03T03:29:01.175+0600][65.753s][info][gc,phases   ] GC(101) y: Pause Relocate Start 0.063ms
[2026-04-03T03:29:01.227+0600][65.805s][info][gc,phases   ] GC(101) y: Concurrent Relocate 51.958ms
[2026-04-03T03:29:01.227+0600][65.805s][info][gc,alloc    ] GC(101) y:                         Mark Start        Mark End      Relocate Start    Relocate End   
[2026-04-03T03:29:01.227+0600][65.805s][info][gc,alloc    ] GC(101) y: Allocation Stalls:          0                0                0                0         
[2026-04-03T03:29:01.227+0600][65.805s][info][gc,load     ] GC(101) y: Load: 4.94 (41%) / 4.66 (39%) / 5.06 (42%)
[2026-04-03T03:29:01.227+0600][65.805s][info][gc,mmu      ] GC(101) y: MMU: 2ms/90.6%, 5ms/96.2%, 10ms/98.1%, 20ms/99.1%, 50ms/99.5%, 100ms/99.7%
[2026-04-03T03:29:01.227+0600][65.805s][info][gc,marking  ] GC(101) y: Mark: 2 stripe(s), 2 proactive flush(es), 1 terminate flush(es), 0 completion(s), 0 continuation(s) 
[2026-04-03T03:29:01.227+0600][65.805s][info][gc,marking  ] GC(101) y: Mark Stack Usage: 32M
[2026-04-03T03:29:01.227+0600][65.805s][info][gc,nmethod  ] GC(101) y: NMethods: 7384 registered, 829 unregistered
[2026-04-03T03:29:01.227+0600][65.805s][info][gc,metaspace] GC(101) y: Metaspace: 71M used, 72M committed, 1088M reserved
[2026-04-03T03:29:01.227+0600][65.805s][info][gc,reloc    ] GC(101) y:                        Candidates     Selected     In-Place         Size        Empty    Relocated 
[2026-04-03T03:29:01.227+0600][65.805s][info][gc,reloc    ] GC(101) y: Small Pages:                  207           72            0         414M         244M          15M 
[2026-04-03T03:29:01.227+0600][65.805s][info][gc,reloc    ] GC(101) y: Medium Pages:                   3            0            0          96M          96M           0M 
[2026-04-03T03:29:01.227+0600][65.805s][info][gc,reloc    ] GC(101) y: Large Pages:                   11            0            0          82M          54M           0M 
[2026-04-03T03:29:01.227+0600][65.805s][info][gc,reloc    ] GC(101) y: Forwarding Usage: 22M
[2026-04-03T03:29:01.227+0600][65.805s][info][gc,reloc    ] GC(101) y: Age Table:
[2026-04-03T03:29:01.227+0600][65.805s][info][gc,reloc    ] GC(101) y:                    Live             Garbage             Small              Medium             Large        
[2026-04-03T03:29:01.227+0600][65.805s][info][gc,reloc    ] GC(101) y: Eden              49M (3%)          456M (30%)        196 / 66             1 / 0             11 / 0        
[2026-04-03T03:29:01.227+0600][65.805s][info][gc,reloc    ] GC(101) y: Survivor 1         0M (0%)           43M (3%)           6 / 2              1 / 0              0 / 0        
[2026-04-03T03:29:01.227+0600][65.805s][info][gc,reloc    ] GC(101) y: Survivor 2         0M (0%)            5M (0%)           3 / 3              0 / 0              0 / 0        
[2026-04-03T03:29:01.227+0600][65.805s][info][gc,reloc    ] GC(101) y: Survivor 3         0M (0%)           35M (2%)           2 / 1              1 / 0              0 / 0        
[2026-04-03T03:29:01.227+0600][65.805s][info][gc,heap     ] GC(101) y: Min Capacity: 8M(1%)
[2026-04-03T03:29:01.227+0600][65.805s][info][gc,heap     ] GC(101) y: Max Capacity: 1500M(100%)
[2026-04-03T03:29:01.227+0600][65.805s][info][gc,heap     ] GC(101) y: Soft Max Capacity: 1500M(100%)
[2026-04-03T03:29:01.227+0600][65.805s][info][gc,heap     ] GC(101) y: Heap Statistics:
[2026-04-03T03:29:01.227+0600][65.805s][info][gc,heap     ] GC(101) y:                Mark Start          Mark End        Relocate Start      Relocate End           High               Low         
[2026-04-03T03:29:01.227+0600][65.805s][info][gc,heap     ] GC(101) y:  Capacity:     1500M (100%)       1500M (100%)       1500M (100%)       1500M (100%)       1500M (100%)       1500M (100%)   
[2026-04-03T03:29:01.227+0600][65.805s][info][gc,heap     ] GC(101) y:      Free:      536M (36%)         540M (36%)         926M (62%)        1040M (69%)        1040M (69%)         478M (32%)    
[2026-04-03T03:29:01.227+0600][65.805s][info][gc,heap     ] GC(101) y:      Used:      964M (64%)         960M (64%)         574M (38%)         460M (31%)        1022M (68%)         460M (31%)    
[2026-04-03T03:29:01.227+0600][65.805s][info][gc,heap     ] GC(101) y: Young Generation Statistics:
[2026-04-03T03:29:01.227+0600][65.805s][info][gc,heap     ] GC(101) y:                Mark Start          Mark End        Relocate Start      Relocate End    
[2026-04-03T03:29:01.227+0600][65.805s][info][gc,heap     ] GC(101) y:      Used:      592M (39%)         670M (45%)         284M (19%)         170M (11%)    
[2026-04-03T03:29:01.227+0600][65.805s][info][gc,heap     ] GC(101) y:      Live:         -                49M (3%)           49M (3%)           49M (3%)     
[2026-04-03T03:29:01.227+0600][65.805s][info][gc,heap     ] GC(101) y:   Garbage:         -               542M (36%)         148M (10%)           0M (0%)     
[2026-04-03T03:29:01.227+0600][65.805s][info][gc,heap     ] GC(101) y: Allocated:         -                78M (5%)           86M (6%)          120M (8%)     
[2026-04-03T03:29:01.227+0600][65.805s][info][gc,heap     ] GC(101) y: Reclaimed:         -                  -               394M (26%)         542M (36%)    
[2026-04-03T03:29:01.227+0600][65.805s][info][gc,heap     ] GC(101) y:  Promoted:         -                  -                 0M (0%)            0M (0%)     
[2026-04-03T03:29:01.227+0600][65.805s][info][gc,heap     ] GC(101) y: Compacted:         -                  -                  -                21M (1%)     
[2026-04-03T03:29:01.227+0600][65.805s][info][gc,phases   ] GC(101) y: Young Generation 964M(64%)->460M(31%) 0.265s
[2026-04-03T03:29:01.227+0600][65.806s][info][gc          ] GC(101) Minor Collection (Allocation Rate) 964M(64%)->460M(31%) 0.265s
[2026-04-03T03:29:01.227+0600][65.806s][info][gc,task     ] GC(99) O: Using 3 Workers for Old Generation
[2026-04-03T03:29:01.253+0600][65.831s][info][gc,task     ] GC(99) O: Using 1 Workers for Old Generation
[2026-04-03T03:29:01.253+0600][65.831s][info][gc,phases   ] GC(99) O: Concurrent Remap Roots 25.335ms
[2026-04-03T03:29:01.253+0600][65.831s][info][gc,phases   ] GC(99) O: Pause Relocate Start 0.049ms
[2026-04-03T03:29:01.316+0600][65.894s][info][gc,phases   ] GC(99) O: Concurrent Relocate 62.741ms
[2026-04-03T03:29:01.316+0600][65.894s][info][gc,alloc    ] GC(99) O:                         Mark Start        Mark End      Relocate Start    Relocate End   
[2026-04-03T03:29:01.316+0600][65.894s][info][gc,alloc    ] GC(99) O: Allocation Stalls:          0                0                0                0         
[2026-04-03T03:29:01.316+0600][65.894s][info][gc,load     ] GC(99) O: Load: 4.94 (41%) / 4.66 (39%) / 5.06 (42%)
[2026-04-03T03:29:01.316+0600][65.894s][info][gc,mmu      ] GC(99) O: MMU: 2ms/90.6%, 5ms/96.2%, 10ms/98.1%, 20ms/99.1%, 50ms/99.5%, 100ms/99.7%
[2026-04-03T03:29:01.316+0600][65.894s][info][gc,marking  ] GC(99) O: Mark: 1 stripe(s), 2 proactive flush(es), 1 terminate flush(es), 0 completion(s), 0 continuation(s) 
[2026-04-03T03:29:01.316+0600][65.894s][info][gc,marking  ] GC(99) O: Mark Stack Usage: 32M
[2026-04-03T03:29:01.316+0600][65.894s][info][gc,nmethod  ] GC(99) O: NMethods: 7384 registered, 829 unregistered
[2026-04-03T03:29:01.316+0600][65.894s][info][gc,metaspace] GC(99) O: Metaspace: 71M used, 72M committed, 1088M reserved
[2026-04-03T03:29:01.316+0600][65.894s][info][gc,ref      ] GC(99) O:                       Encountered   Discovered     Enqueued 
[2026-04-03T03:29:01.316+0600][65.894s][info][gc,ref      ] GC(99) O: Soft References:             5107            0            0 
[2026-04-03T03:29:01.316+0600][65.894s][info][gc,ref      ] GC(99) O: Weak References:             7316         5442            6 
[2026-04-03T03:29:01.316+0600][65.894s][info][gc,ref      ] GC(99) O: Final References:              84            0            0 
[2026-04-03T03:29:01.316+0600][65.894s][info][gc,ref      ] GC(99) O: Phantom References:           607          217            0 
[2026-04-03T03:29:01.316+0600][65.894s][info][gc,reloc    ] GC(99) O:                        Candidates     Selected     In-Place         Size        Empty    Relocated 
[2026-04-03T03:29:01.316+0600][65.894s][info][gc,reloc    ] GC(99) O: Small Pages:                  138           38            0         276M          18M          11M 
[2026-04-03T03:29:01.316+0600][65.894s][info][gc,reloc    ] GC(99) O: Medium Pages:                   1            0            0          32M           0M           0M 
[2026-04-03T03:29:01.316+0600][65.894s][info][gc,reloc    ] GC(99) O: Large Pages:                    4            0            0          64M          64M           0M 
[2026-04-03T03:29:01.316+0600][65.894s][info][gc,reloc    ] GC(99) O: Forwarding Usage: 14M
[2026-04-03T03:29:01.316+0600][65.894s][info][gc,heap     ] GC(99) O: Min Capacity: 8M(1%)
[2026-04-03T03:29:01.316+0600][65.894s][info][gc,heap     ] GC(99) O: Max Capacity: 1500M(100%)
[2026-04-03T03:29:01.316+0600][65.894s][info][gc,heap     ] GC(99) O: Soft Max Capacity: 1500M(100%)
[2026-04-03T03:29:01.316+0600][65.894s][info][gc,heap     ] GC(99) O: Heap Statistics:
[2026-04-03T03:29:01.316+0600][65.894s][info][gc,heap     ] GC(99) O:                Mark Start          Mark End        Relocate Start      Relocate End           High               Low         
[2026-04-03T03:29:01.316+0600][65.894s][info][gc,heap     ] GC(99) O:  Capacity:     1500M (100%)       1500M (100%)       1500M (100%)       1500M (100%)       1500M (100%)       1500M (100%)   
[2026-04-03T03:29:01.316+0600][65.894s][info][gc,heap     ] GC(99) O:      Free:      752M (50%)         494M (33%)        1032M (69%)        1080M (72%)        1082M (72%)         478M (32%)    
[2026-04-03T03:29:01.316+0600][65.894s][info][gc,heap     ] GC(99) O:      Used:      748M (50%)        1006M (67%)         468M (31%)         420M (28%)        1022M (68%)         418M (28%)    
[2026-04-03T03:29:01.316+0600][65.894s][info][gc,heap     ] GC(99) O: Old Generation Statistics:
[2026-04-03T03:29:01.316+0600][65.894s][info][gc,heap     ] GC(99) O:                Mark Start          Mark End        Relocate Start      Relocate End    
[2026-04-03T03:29:01.316+0600][65.894s][info][gc,heap     ] GC(99) O:      Used:      372M (25%)         372M (25%)         290M (19%)         220M (15%)    
[2026-04-03T03:29:01.316+0600][65.894s][info][gc,heap     ] GC(99) O:      Live:         -               184M (12%)         184M (12%)         184M (12%)    
[2026-04-03T03:29:01.316+0600][65.894s][info][gc,heap     ] GC(99) O:   Garbage:         -               187M (12%)         105M (7%)           26M (2%)     
[2026-04-03T03:29:01.316+0600][65.894s][info][gc,heap     ] GC(99) O: Allocated:         -                 0M (0%)            0M (0%)            8M (1%)     
[2026-04-03T03:29:01.316+0600][65.894s][info][gc,heap     ] GC(99) O: Reclaimed:         -                  -                82M (5%)          160M (11%)    
[2026-04-03T03:29:01.316+0600][65.895s][info][gc,heap     ] GC(99) O: Compacted:         -                  -                  -                15M (1%)     
[2026-04-03T03:29:01.316+0600][65.895s][info][gc,phases   ] GC(99) O: Old Generation 634M(42%)->420M(28%) 1.262s
[2026-04-03T03:29:01.316+0600][65.895s][info][gc          ] GC(99) Major Collection (Allocation Rate) 748M(50%)->420M(28%) 1.527s
[2026-04-03T03:29:01.647+0600][66.225s][info][gc          ] GC(102) Minor Collection (Allocation Rate)
[2026-04-03T03:29:01.647+0600][66.225s][info][gc,task     ] GC(102) Using 2 Workers for Young Generation
[2026-04-03T03:29:01.647+0600][66.225s][info][gc,phases   ] GC(102) y: Young Generation
[2026-04-03T03:29:01.647+0600][66.226s][info][gc,phases   ] GC(102) y: Pause Mark Start 0.018ms
[2026-04-03T03:29:01.686+0600][66.264s][info][gc,phases   ] GC(102) y: Concurrent Mark 38.270ms
[2026-04-03T03:29:01.686+0600][66.264s][info][gc,phases   ] GC(102) y: Pause Mark End 0.074ms
[2026-04-03T03:29:01.686+0600][66.265s][info][gc,phases   ] GC(102) y: Concurrent Mark Free 0.002ms
[2026-04-03T03:29:01.686+0600][66.265s][info][gc,phases   ] GC(102) y: Concurrent Reset Relocation Set 0.020ms
[2026-04-03T03:29:01.692+0600][66.270s][info][gc,reloc    ] GC(102) y: Using tenuring threshold: 5 (Computed)
[2026-04-03T03:29:01.695+0600][66.273s][info][gc,phases   ] GC(102) y: Concurrent Select Relocation Set 8.181ms
[2026-04-03T03:29:01.695+0600][66.273s][info][gc,phases   ] GC(102) y: Pause Relocate Start 0.025ms
[2026-04-03T03:29:01.716+0600][66.294s][info][gc,phases   ] GC(102) y: Concurrent Relocate 20.920ms
[2026-04-03T03:29:01.716+0600][66.294s][info][gc,alloc    ] GC(102) y:                         Mark Start        Mark End      Relocate Start    Relocate End   
[2026-04-03T03:29:01.716+0600][66.294s][info][gc,alloc    ] GC(102) y: Allocation Stalls:          0                0                0                0         
[2026-04-03T03:29:01.716+0600][66.294s][info][gc,load     ] GC(102) y: Load: 4.94 (41%) / 4.66 (39%) / 5.06 (42%)
[2026-04-03T03:29:01.716+0600][66.294s][info][gc,mmu      ] GC(102) y: MMU: 2ms/90.6%, 5ms/96.2%, 10ms/98.1%, 20ms/99.1%, 50ms/99.5%, 100ms/99.7%
[2026-04-03T03:29:01.716+0600][66.294s][info][gc,marking  ] GC(102) y: Mark: 2 stripe(s), 3 proactive flush(es), 1 terminate flush(es), 0 completion(s), 0 continuation(s) 
[2026-04-03T03:29:01.716+0600][66.294s][info][gc,marking  ] GC(102) y: Mark Stack Usage: 32M
[2026-04-03T03:29:01.716+0600][66.294s][info][gc,nmethod  ] GC(102) y: NMethods: 7439 registered, 829 unregistered
[2026-04-03T03:29:01.716+0600][66.294s][info][gc,metaspace] GC(102) y: Metaspace: 71M used, 72M committed, 1088M reserved
[2026-04-03T03:29:01.716+0600][66.294s][info][gc,reloc    ] GC(102) y:                        Candidates     Selected     In-Place         Size        Empty    Relocated 
[2026-04-03T03:29:01.716+0600][66.294s][info][gc,reloc    ] GC(102) y: Small Pages:                  202           95            0         404M         202M           9M 
[2026-04-03T03:29:01.716+0600][66.294s][info][gc,reloc    ] GC(102) y: Medium Pages:                   1            0            0          32M           0M           0M 
[2026-04-03T03:29:01.716+0600][66.294s][info][gc,reloc    ] GC(102) y: Large Pages:                    7            0            0          54M          54M           0M 
[2026-04-03T03:29:01.716+0600][66.294s][info][gc,reloc    ] GC(102) y: Forwarding Usage: 8M
[2026-04-03T03:29:01.716+0600][66.294s][info][gc,reloc    ] GC(102) y: Age Table:
[2026-04-03T03:29:01.716+0600][66.294s][info][gc,reloc    ] GC(102) y:                    Live             Garbage             Small              Medium             Large        
[2026-04-03T03:29:01.716+0600][66.294s][info][gc,reloc    ] GC(102) y: Eden              11M (1%)          410M (27%)        182 / 88             1 / 0              3 / 0        
[2026-04-03T03:29:01.716+0600][66.294s][info][gc,reloc    ] GC(102) y: Survivor 1         0M (0%)           57M (4%)          15 / 2              0 / 0              4 / 0        
[2026-04-03T03:29:01.716+0600][66.294s][info][gc,reloc    ] GC(102) y: Survivor 2         0M (0%)            3M (0%)           2 / 2              0 / 0              0 / 0        
[2026-04-03T03:29:01.716+0600][66.294s][info][gc,reloc    ] GC(102) y: Survivor 3         0M (0%)            3M (0%)           2 / 2              0 / 0              0 / 0        
[2026-04-03T03:29:01.716+0600][66.294s][info][gc,reloc    ] GC(102) y: Survivor 4         0M (0%)            1M (0%)           1 / 1              0 / 0              0 / 0        
[2026-04-03T03:29:01.716+0600][66.294s][info][gc,heap     ] GC(102) y: Min Capacity: 8M(1%)
[2026-04-03T03:29:01.716+0600][66.294s][info][gc,heap     ] GC(102) y: Max Capacity: 1500M(100%)
[2026-04-03T03:29:01.716+0600][66.294s][info][gc,heap     ] GC(102) y: Soft Max Capacity: 1500M(100%)
[2026-04-03T03:29:01.716+0600][66.295s][info][gc,heap     ] GC(102) y: Heap Statistics:
[2026-04-03T03:29:01.716+0600][66.295s][info][gc,heap     ] GC(102) y:                Mark Start          Mark End        Relocate Start      Relocate End           High               Low         
[2026-04-03T03:29:01.716+0600][66.295s][info][gc,heap     ] GC(102) y:  Capacity:     1500M (100%)       1500M (100%)       1500M (100%)       1500M (100%)       1500M (100%)       1500M (100%)   
[2026-04-03T03:29:01.716+0600][66.295s][info][gc,heap     ] GC(102) y:      Free:      790M (53%)         680M (45%)         924M (62%)        1058M (71%)        1058M (71%)         680M (45%)    
[2026-04-03T03:29:01.716+0600][66.295s][info][gc,heap     ] GC(102) y:      Used:      710M (47%)         820M (55%)         576M (38%)         442M (29%)         820M (55%)         442M (29%)    
[2026-04-03T03:29:01.716+0600][66.295s][info][gc,heap     ] GC(102) y: Young Generation Statistics:
[2026-04-03T03:29:01.716+0600][66.295s][info][gc,heap     ] GC(102) y:                Mark Start          Mark End        Relocate Start      Relocate End    
[2026-04-03T03:29:01.716+0600][66.295s][info][gc,heap     ] GC(102) y:      Used:      490M (33%)         600M (40%)         356M (24%)         222M (15%)    
[2026-04-03T03:29:01.716+0600][66.295s][info][gc,heap     ] GC(102) y:      Live:         -                11M (1%)           11M (1%)           11M (1%)     
[2026-04-03T03:29:01.716+0600][66.295s][info][gc,heap     ] GC(102) y:   Garbage:         -               478M (32%)         222M (15%)          30M (2%)     
[2026-04-03T03:29:01.716+0600][66.295s][info][gc,heap     ] GC(102) y: Allocated:         -               110M (7%)          122M (8%)          179M (12%)    
[2026-04-03T03:29:01.716+0600][66.295s][info][gc,heap     ] GC(102) y: Reclaimed:         -                  -               256M (17%)         447M (30%)    
[2026-04-03T03:29:01.716+0600][66.295s][info][gc,heap     ] GC(102) y:  Promoted:         -                  -                 0M (0%)            0M (0%)     
[2026-04-03T03:29:01.716+0600][66.295s][info][gc,heap     ] GC(102) y: Compacted:         -                  -                  -                10M (1%)     
[2026-04-03T03:29:01.716+0600][66.295s][info][gc,phases   ] GC(102) y: Young Generation 710M(47%)->442M(29%) 0.069s
[2026-04-03T03:29:01.716+0600][66.295s][info][gc          ] GC(102) Minor Collection (Allocation Rate) 710M(47%)->442M(29%) 0.069s
[2026-04-03T03:29:01.760+0600][66.339s][info][gc          ] GC(103) Minor Collection (Allocation Rate)
[2026-04-03T03:29:01.760+0600][66.339s][info][gc,task     ] GC(103) Using 2 Workers for Young Generation
[2026-04-03T03:29:01.760+0600][66.339s][info][gc,phases   ] GC(103) y: Young Generation
[2026-04-03T03:29:01.761+0600][66.339s][info][gc,phases   ] GC(103) y: Pause Mark Start 0.015ms
[2026-04-03T03:29:01.872+0600][66.450s][info][gc,phases   ] GC(103) y: Concurrent Mark 111.291ms
[2026-04-03T03:29:01.872+0600][66.450s][info][gc,phases   ] GC(103) y: Pause Mark End 0.053ms
[2026-04-03T03:29:01.872+0600][66.450s][info][gc,phases   ] GC(103) y: Concurrent Mark Free 0.001ms
[2026-04-03T03:29:01.872+0600][66.451s][info][gc,phases   ] GC(103) y: Concurrent Reset Relocation Set 0.011ms
[2026-04-03T03:29:01.874+0600][66.452s][info][gc,reloc    ] GC(103) y: Using tenuring threshold: 5 (Computed)
[2026-04-03T03:29:01.884+0600][66.462s][info][gc,phases   ] GC(103) y: Concurrent Select Relocation Set 11.477ms
[2026-04-03T03:29:01.884+0600][66.462s][info][gc,phases   ] GC(103) y: Pause Relocate Start 0.019ms
[2026-04-03T03:29:01.936+0600][66.514s][info][gc,phases   ] GC(103) y: Concurrent Relocate 52.147ms
[2026-04-03T03:29:01.936+0600][66.514s][info][gc,alloc    ] GC(103) y:                         Mark Start        Mark End      Relocate Start    Relocate End   
[2026-04-03T03:29:01.936+0600][66.514s][info][gc,alloc    ] GC(103) y: Allocation Stalls:          0                0                0                0         
[2026-04-03T03:29:01.936+0600][66.515s][info][gc,load     ] GC(103) y: Load: 4.94 (41%) / 4.66 (39%) / 5.06 (42%)
[2026-04-03T03:29:01.936+0600][66.515s][info][gc,mmu      ] GC(103) y: MMU: 2ms/90.6%, 5ms/96.2%, 10ms/98.1%, 20ms/99.1%, 50ms/99.5%, 100ms/99.7%
[2026-04-03T03:29:01.936+0600][66.515s][info][gc,marking  ] GC(103) y: Mark: 2 stripe(s), 2 proactive flush(es), 1 terminate flush(es), 0 completion(s), 0 continuation(s) 
[2026-04-03T03:29:01.936+0600][66.515s][info][gc,marking  ] GC(103) y: Mark Stack Usage: 32M
[2026-04-03T03:29:01.936+0600][66.515s][info][gc,nmethod  ] GC(103) y: NMethods: 7439 registered, 829 unregistered
[2026-04-03T03:29:01.936+0600][66.515s][info][gc,metaspace] GC(103) y: Metaspace: 71M used, 72M committed, 1088M reserved
[2026-04-03T03:29:01.936+0600][66.515s][info][gc,reloc    ] GC(103) y:                        Candidates     Selected     In-Place         Size        Empty    Relocated 
[2026-04-03T03:29:01.936+0600][66.515s][info][gc,reloc    ] GC(103) y: Small Pages:                  124          104            0         248M           0M          21M 
[2026-04-03T03:29:01.936+0600][66.515s][info][gc,reloc    ] GC(103) y: Medium Pages:                   2            0            0          64M          32M           0M 
[2026-04-03T03:29:01.936+0600][66.515s][info][gc,reloc    ] GC(103) y: Large Pages:                    0            0            0           0M           0M           0M 
[2026-04-03T03:29:01.936+0600][66.515s][info][gc,reloc    ] GC(103) y: Forwarding Usage: 23M
[2026-04-03T03:29:01.936+0600][66.515s][info][gc,reloc    ] GC(103) y: Age Table:
[2026-04-03T03:29:01.936+0600][66.515s][info][gc,reloc    ] GC(103) y:                    Live             Garbage             Small              Medium             Large        
[2026-04-03T03:29:01.936+0600][66.515s][info][gc,reloc    ] GC(103) y: Eden              30M (2%)          219M (15%)        109 / 94             1 / 0              0 / 0        
[2026-04-03T03:29:01.936+0600][66.515s][info][gc,reloc    ] GC(103) y: Survivor 1         9M (1%)           40M (3%)           9 / 4              1 / 0              0 / 0        
[2026-04-03T03:29:01.936+0600][66.515s][info][gc,reloc    ] GC(103) y: Survivor 2         0M (0%)            3M (0%)           2 / 2              0 / 0              0 / 0        
[2026-04-03T03:29:01.936+0600][66.515s][info][gc,reloc    ] GC(103) y: Survivor 3         0M (0%)            3M (0%)           2 / 2              0 / 0              0 / 0        
[2026-04-03T03:29:01.936+0600][66.515s][info][gc,reloc    ] GC(103) y: Survivor 4         0M (0%)            1M (0%)           1 / 1              0 / 0              0 / 0        
[2026-04-03T03:29:01.936+0600][66.515s][info][gc,reloc    ] GC(103) y: Survivor 5         0M (0%)            1M (0%)           1 / 1              0 / 0              0 / 0        
[2026-04-03T03:29:01.936+0600][66.515s][info][gc,heap     ] GC(103) y: Min Capacity: 8M(1%)
[2026-04-03T03:29:01.936+0600][66.515s][info][gc,heap     ] GC(103) y: Max Capacity: 1500M(100%)
[2026-04-03T03:29:01.936+0600][66.515s][info][gc,heap     ] GC(103) y: Soft Max Capacity: 1500M(100%)
[2026-04-03T03:29:01.936+0600][66.515s][info][gc,heap     ] GC(103) y: Heap Statistics:
[2026-04-03T03:29:01.936+0600][66.515s][info][gc,heap     ] GC(103) y:                Mark Start          Mark End        Relocate Start      Relocate End           High               Low         
[2026-04-03T03:29:01.936+0600][66.515s][info][gc,heap     ] GC(103) y:  Capacity:     1500M (100%)       1500M (100%)       1500M (100%)       1500M (100%)       1500M (100%)       1500M (100%)   
[2026-04-03T03:29:01.936+0600][66.515s][info][gc,heap     ] GC(103) y:      Free:      968M (65%)         750M (50%)         758M (51%)         854M (57%)         968M (65%)         744M (50%)    
[2026-04-03T03:29:01.936+0600][66.515s][info][gc,heap     ] GC(103) y:      Used:      532M (35%)         750M (50%)         742M (49%)         646M (43%)         756M (50%)         532M (35%)    
[2026-04-03T03:29:01.936+0600][66.515s][info][gc,heap     ] GC(103) y: Young Generation Statistics:
[2026-04-03T03:29:01.936+0600][66.515s][info][gc,heap     ] GC(103) y:                Mark Start          Mark End        Relocate Start      Relocate End    
[2026-04-03T03:29:01.936+0600][66.515s][info][gc,heap     ] GC(103) y:      Used:      312M (21%)         530M (35%)         522M (35%)         424M (28%)    
[2026-04-03T03:29:01.937+0600][66.515s][info][gc,heap     ] GC(103) y:      Live:         -                40M (3%)           40M (3%)           40M (3%)     
[2026-04-03T03:29:01.937+0600][66.515s][info][gc,heap     ] GC(103) y:   Garbage:         -               271M (18%)         239M (16%)          28M (2%)     
[2026-04-03T03:29:01.937+0600][66.515s][info][gc,heap     ] GC(103) y: Allocated:         -               218M (15%)         242M (16%)         355M (24%)    
[2026-04-03T03:29:01.937+0600][66.515s][info][gc,heap     ] GC(103) y: Reclaimed:         -                  -                32M (2%)          243M (16%)    
[2026-04-03T03:29:01.937+0600][66.515s][info][gc,heap     ] GC(103) y:  Promoted:         -                  -                 0M (0%)            0M (0%)     
[2026-04-03T03:29:01.937+0600][66.515s][info][gc,heap     ] GC(103) y: Compacted:         -                  -                  -                24M (2%)     
[2026-04-03T03:29:01.937+0600][66.515s][info][gc,phases   ] GC(103) y: Young Generation 532M(35%)->646M(43%) 0.176s
[2026-04-03T03:29:01.937+0600][66.515s][info][gc          ] GC(103) Minor Collection (Allocation Rate) 532M(35%)->646M(43%) 0.176s
[2026-04-03T03:29:01.965+0600][66.543s][info][gc          ] GC(104) Minor Collection (Allocation Rate)
[2026-04-03T03:29:01.965+0600][66.543s][info][gc,task     ] GC(104) Using 3 Workers for Young Generation
[2026-04-03T03:29:01.965+0600][66.543s][info][gc,phases   ] GC(104) y: Young Generation
[2026-04-03T03:29:01.965+0600][66.543s][info][gc,phases   ] GC(104) y: Pause Mark Start 0.022ms
[2026-04-03T03:29:02.165+0600][66.743s][info][gc,phases   ] GC(104) y: Concurrent Mark 199.777ms
[2026-04-03T03:29:02.165+0600][66.743s][info][gc,phases   ] GC(104) y: Pause Mark End 0.037ms
[2026-04-03T03:29:02.165+0600][66.743s][info][gc,phases   ] GC(104) y: Concurrent Mark Free 0.001ms
[2026-04-03T03:29:02.165+0600][66.743s][info][gc,phases   ] GC(104) y: Concurrent Reset Relocation Set 0.019ms
[2026-04-03T03:29:02.167+0600][66.746s][info][gc,reloc    ] GC(104) y: Using tenuring threshold: 4 (Computed)
[2026-04-03T03:29:02.178+0600][66.757s][info][gc,phases   ] GC(104) y: Concurrent Select Relocation Set 13.166ms
[2026-04-03T03:29:02.179+0600][66.757s][info][gc,phases   ] GC(104) y: Pause Relocate Start 0.047ms
[2026-04-03T03:29:02.263+0600][66.841s][info][gc,phases   ] GC(104) y: Concurrent Relocate 84.318ms
[2026-04-03T03:29:02.263+0600][66.842s][info][gc,alloc    ] GC(104) y:                         Mark Start        Mark End      Relocate Start    Relocate End   
[2026-04-03T03:29:02.263+0600][66.842s][info][gc,alloc    ] GC(104) y: Allocation Stalls:          0                0                0                0         
[2026-04-03T03:29:02.263+0600][66.842s][info][gc,load     ] GC(104) y: Load: 4.94 (41%) / 4.66 (39%) / 5.06 (42%)
[2026-04-03T03:29:02.263+0600][66.842s][info][gc,mmu      ] GC(104) y: MMU: 2ms/90.6%, 5ms/96.2%, 10ms/98.1%, 20ms/99.1%, 50ms/99.5%, 100ms/99.7%
[2026-04-03T03:29:02.263+0600][66.842s][info][gc,marking  ] GC(104) y: Mark: 2 stripe(s), 2 proactive flush(es), 1 terminate flush(es), 0 completion(s), 0 continuation(s) 
[2026-04-03T03:29:02.263+0600][66.842s][info][gc,marking  ] GC(104) y: Mark Stack Usage: 32M
[2026-04-03T03:29:02.263+0600][66.842s][info][gc,nmethod  ] GC(104) y: NMethods: 7439 registered, 829 unregistered
[2026-04-03T03:29:02.263+0600][66.842s][info][gc,metaspace] GC(104) y: Metaspace: 71M used, 72M committed, 1088M reserved
[2026-04-03T03:29:02.263+0600][66.842s][info][gc,reloc    ] GC(104) y:                        Candidates     Selected     In-Place         Size        Empty    Relocated 
[2026-04-03T03:29:02.263+0600][66.842s][info][gc,reloc    ] GC(104) y: Small Pages:                  181          142            0         362M           0M          32M 
[2026-04-03T03:29:02.263+0600][66.842s][info][gc,reloc    ] GC(104) y: Medium Pages:                   2            0            0          64M          32M           0M 
[2026-04-03T03:29:02.263+0600][66.842s][info][gc,reloc    ] GC(104) y: Large Pages:                    3            0            0          18M           0M           0M 
[2026-04-03T03:29:02.263+0600][66.842s][info][gc,reloc    ] GC(104) y: Forwarding Usage: 36M
[2026-04-03T03:29:02.263+0600][66.842s][info][gc,reloc    ] GC(104) y: Age Table:
[2026-04-03T03:29:02.263+0600][66.842s][info][gc,reloc    ] GC(104) y:                    Live             Garbage             Small              Medium             Large        
[2026-04-03T03:29:02.263+0600][66.842s][info][gc,reloc    ] GC(104) y: Eden              55M (4%)          294M (20%)        150 / 130            1 / 0              3 / 0        
[2026-04-03T03:29:02.263+0600][66.842s][info][gc,reloc    ] GC(104) y: Survivor 1        24M (2%)           41M (3%)          17 / 4              1 / 0              0 / 0        
[2026-04-03T03:29:02.263+0600][66.842s][info][gc,reloc    ] GC(104) y: Survivor 2         9M (1%)           10M (1%)          10 / 4              0 / 0              0 / 0        
[2026-04-03T03:29:02.263+0600][66.842s][info][gc,reloc    ] GC(104) y: Survivor 3         0M (0%)            1M (0%)           1 / 1              0 / 0              0 / 0        
[2026-04-03T03:29:02.263+0600][66.842s][info][gc,reloc    ] GC(104) y: Survivor 4         0M (0%)            3M (0%)           2 / 2              0 / 0              0 / 0        
[2026-04-03T03:29:02.263+0600][66.842s][info][gc,reloc    ] GC(104) y: Survivor 5         0M (0%)            1M (0%)           1 / 1              0 / 0              0 / 0        
[2026-04-03T03:29:02.263+0600][66.842s][info][gc,heap     ] GC(104) y: Min Capacity: 8M(1%)
[2026-04-03T03:29:02.263+0600][66.842s][info][gc,heap     ] GC(104) y: Max Capacity: 1500M(100%)
[2026-04-03T03:29:02.263+0600][66.842s][info][gc,heap     ] GC(104) y: Soft Max Capacity: 1500M(100%)
[2026-04-03T03:29:02.264+0600][66.842s][info][gc,heap     ] GC(104) y: Heap Statistics:
[2026-04-03T03:29:02.264+0600][66.842s][info][gc,heap     ] GC(104) y:                Mark Start          Mark End        Relocate Start      Relocate End           High               Low         
[2026-04-03T03:29:02.264+0600][66.842s][info][gc,heap     ] GC(104) y:  Capacity:     1500M (100%)       1500M (100%)       1500M (100%)       1500M (100%)       1500M (100%)       1500M (100%)   
[2026-04-03T03:29:02.264+0600][66.842s][info][gc,heap     ] GC(104) y:      Free:      834M (56%)         768M (51%)         800M (53%)        1056M (70%)        1056M (70%)         768M (51%)    
[2026-04-03T03:29:02.264+0600][66.842s][info][gc,heap     ] GC(104) y:      Used:      666M (44%)         732M (49%)         700M (47%)         444M (30%)         732M (49%)         444M (30%)    
[2026-04-03T03:29:02.264+0600][66.842s][info][gc,heap     ] GC(104) y: Young Generation Statistics:
[2026-04-03T03:29:02.264+0600][66.842s][info][gc,heap     ] GC(104) y:                Mark Start          Mark End        Relocate Start      Relocate End    
[2026-04-03T03:29:02.264+0600][66.842s][info][gc,heap     ] GC(104) y:      Used:      444M (30%)         510M (34%)         478M (32%)         218M (15%)    
[2026-04-03T03:29:02.264+0600][66.842s][info][gc,heap     ] GC(104) y:      Live:         -                89M (6%)           89M (6%)           89M (6%)     
[2026-04-03T03:29:02.264+0600][66.842s][info][gc,heap     ] GC(104) y:   Garbage:         -               354M (24%)         322M (21%)          32M (2%)     
[2026-04-03T03:29:02.264+0600][66.842s][info][gc,heap     ] GC(104) y: Allocated:         -                66M (4%)           66M (4%)           96M (6%)     
[2026-04-03T03:29:02.264+0600][66.842s][info][gc,heap     ] GC(104) y: Reclaimed:         -                  -                32M (2%)          322M (21%)    
[2026-04-03T03:29:02.264+0600][66.842s][info][gc,heap     ] GC(104) y:  Promoted:         -                  -                 0M (0%)            0M (0%)     
[2026-04-03T03:29:02.264+0600][66.842s][info][gc,heap     ] GC(104) y: Compacted:         -                  -                  -                37M (3%)     
[2026-04-03T03:29:02.264+0600][66.842s][info][gc,phases   ] GC(104) y: Young Generation 666M(44%)->444M(30%) 0.298s
[2026-04-03T03:29:02.264+0600][66.842s][info][gc          ] GC(104) Minor Collection (Allocation Rate) 666M(44%)->444M(30%) 0.299s
[2026-04-03T03:29:02.264+0600][66.842s][info][gc          ] GC(105) Minor Collection (Allocation Rate)
[2026-04-03T03:29:02.264+0600][66.842s][info][gc,task     ] GC(105) Using 3 Workers for Young Generation
[2026-04-03T03:29:02.264+0600][66.842s][info][gc,phases   ] GC(105) y: Young Generation
[2026-04-03T03:29:02.264+0600][66.842s][info][gc,phases   ] GC(105) y: Pause Mark Start 0.024ms
[2026-04-03T03:29:02.545+0600][67.123s][info][gc,phases   ] GC(105) y: Concurrent Mark 280.928ms
[2026-04-03T03:29:02.545+0600][67.124s][info][gc,phases   ] GC(105) y: Pause Mark End 0.028ms
[2026-04-03T03:29:02.545+0600][67.124s][info][gc,phases   ] GC(105) y: Concurrent Mark Free 0.001ms
[2026-04-03T03:29:02.545+0600][67.124s][info][gc,phases   ] GC(105) y: Concurrent Reset Relocation Set 0.027ms
[2026-04-03T03:29:02.548+0600][67.126s][info][gc,reloc    ] GC(105) y: Using tenuring threshold: 1 (Computed)
[2026-04-03T03:29:02.584+0600][67.162s][info][gc,phases   ] GC(105) y: Concurrent Select Relocation Set 38.269ms
[2026-04-03T03:29:02.584+0600][67.162s][info][gc,phases   ] GC(105) y: Pause Relocate Start 0.056ms
[2026-04-03T03:29:02.659+0600][67.237s][info][gc,phases   ] GC(105) y: Concurrent Relocate 74.943ms
[2026-04-03T03:29:02.659+0600][67.237s][info][gc,alloc    ] GC(105) y:                         Mark Start        Mark End      Relocate Start    Relocate End   
[2026-04-03T03:29:02.659+0600][67.237s][info][gc,alloc    ] GC(105) y: Allocation Stalls:          0                0                0                0         
[2026-04-03T03:29:02.659+0600][67.237s][info][gc,load     ] GC(105) y: Load: 4.94 (41%) / 4.66 (39%) / 5.06 (42%)
[2026-04-03T03:29:02.659+0600][67.237s][info][gc,mmu      ] GC(105) y: MMU: 2ms/90.6%, 5ms/96.2%, 10ms/98.1%, 20ms/99.1%, 50ms/99.5%, 100ms/99.7%
[2026-04-03T03:29:02.659+0600][67.237s][info][gc,marking  ] GC(105) y: Mark: 2 stripe(s), 3 proactive flush(es), 1 terminate flush(es), 0 completion(s), 0 continuation(s) 
[2026-04-03T03:29:02.659+0600][67.238s][info][gc,marking  ] GC(105) y: Mark Stack Usage: 32M
[2026-04-03T03:29:02.659+0600][67.238s][info][gc,nmethod  ] GC(105) y: NMethods: 7439 registered, 829 unregistered
[2026-04-03T03:29:02.659+0600][67.238s][info][gc,metaspace] GC(105) y: Metaspace: 71M used, 72M committed, 1088M reserved
[2026-04-03T03:29:02.659+0600][67.238s][info][gc,reloc    ] GC(105) y:                        Candidates     Selected     In-Place         Size        Empty    Relocated 
[2026-04-03T03:29:02.659+0600][67.238s][info][gc,reloc    ] GC(105) y: Small Pages:                   68           24            0         136M          12M           5M 
[2026-04-03T03:29:02.659+0600][67.238s][info][gc,reloc    ] GC(105) y: Medium Pages:                   2            0            0          64M          32M           0M 
[2026-04-03T03:29:02.659+0600][67.238s][info][gc,reloc    ] GC(105) y: Large Pages:                    3            0            0          18M           6M           0M 
[2026-04-03T03:29:02.659+0600][67.238s][info][gc,reloc    ] GC(105) y: Forwarding Usage: 5M
[2026-04-03T03:29:02.659+0600][67.238s][info][gc,reloc    ] GC(105) y: Age Table:
[2026-04-03T03:29:02.659+0600][67.238s][info][gc,reloc    ] GC(105) y:                    Live             Garbage             Small              Medium             Large        
[2026-04-03T03:29:02.659+0600][67.238s][info][gc,reloc    ] GC(105) y: Eden               7M (1%)           68M (5%)          22 / 14             1 / 0              0 / 0        
[2026-04-03T03:29:02.659+0600][67.238s][info][gc,reloc    ] GC(105) y: Survivor 1        44M (3%)           45M (3%)          20 / 1              1 / 0              3 / 0        
[2026-04-03T03:29:02.659+0600][67.238s][info][gc,reloc    ] GC(105) y: Survivor 2        20M (1%)           11M (1%)          16 / 5              0 / 0              0 / 0        
[2026-04-03T03:29:02.659+0600][67.238s][info][gc,reloc    ] GC(105) y: Survivor 3         8M (1%)            9M (1%)           9 / 3              0 / 0              0 / 0        
[2026-04-03T03:29:02.659+0600][67.238s][info][gc,reloc    ] GC(105) y: Survivor 4         0M (0%)            1M (0%)           1 / 1              0 / 0              0 / 0        
[2026-04-03T03:29:02.659+0600][67.238s][info][gc,heap     ] GC(105) y: Min Capacity: 8M(1%)
[2026-04-03T03:29:02.659+0600][67.238s][info][gc,heap     ] GC(105) y: Max Capacity: 1500M(100%)
[2026-04-03T03:29:02.659+0600][67.238s][info][gc,heap     ] GC(105) y: Soft Max Capacity: 1500M(100%)
[2026-04-03T03:29:02.659+0600][67.238s][info][gc,heap     ] GC(105) y: Heap Statistics:
[2026-04-03T03:29:02.659+0600][67.238s][info][gc,heap     ] GC(105) y:                Mark Start          Mark End        Relocate Start      Relocate End           High               Low         
[2026-04-03T03:29:02.659+0600][67.238s][info][gc,heap     ] GC(105) y:  Capacity:     1500M (100%)       1500M (100%)       1500M (100%)       1500M (100%)       1500M (100%)       1500M (100%)   
[2026-04-03T03:29:02.659+0600][67.238s][info][gc,heap     ] GC(105) y:      Free:     1056M (70%)         954M (64%)         998M (67%)        1026M (68%)        1056M (70%)         954M (64%)    
[2026-04-03T03:29:02.659+0600][67.238s][info][gc,heap     ] GC(105) y:      Used:      444M (30%)         546M (36%)         502M (33%)         474M (32%)         546M (36%)         444M (30%)    
[2026-04-03T03:29:02.659+0600][67.238s][info][gc,heap     ] GC(105) y: Young Generation Statistics:
[2026-04-03T03:29:02.659+0600][67.238s][info][gc,heap     ] GC(105) y:                Mark Start          Mark End        Relocate Start      Relocate End    
[2026-04-03T03:29:02.659+0600][67.238s][info][gc,heap     ] GC(105) y:      Used:      218M (15%)         320M (21%)         196M (13%)         158M (11%)    
[2026-04-03T03:29:02.659+0600][67.238s][info][gc,heap     ] GC(105) y:      Live:         -                80M (5%)           10M (1%)            7M (1%)     
[2026-04-03T03:29:02.659+0600][67.238s][info][gc,heap     ] GC(105) y:   Garbage:         -               137M (9%)           77M (5%)           27M (2%)     
[2026-04-03T03:29:02.659+0600][67.238s][info][gc,heap     ] GC(105) y: Allocated:         -               102M (7%)          108M (7%)          122M (8%)     
[2026-04-03T03:29:02.659+0600][67.238s][info][gc,heap     ] GC(105) y: Reclaimed:         -                  -                59M (4%)          109M (7%)     
[2026-04-03T03:29:02.659+0600][67.238s][info][gc,heap     ] GC(105) y:  Promoted:         -                  -                70M (5%)           73M (5%)     
[2026-04-03T03:29:02.659+0600][67.238s][info][gc,heap     ] GC(105) y: Compacted:         -                  -                  -                 3M (0%)     
[2026-04-03T03:29:02.660+0600][67.238s][info][gc,phases   ] GC(105) y: Young Generation 444M(30%)->474M(32%) 0.395s
[2026-04-03T03:29:02.660+0600][67.238s][info][gc          ] GC(105) Minor Collection (Allocation Rate) 444M(30%)->474M(32%) 0.396s
[2026-04-03T03:29:02.660+0600][67.238s][info][gc          ] GC(106) Major Collection (Allocation Rate)
[2026-04-03T03:29:02.660+0600][67.238s][info][gc,task     ] GC(106) Using 3 Workers for Young Generation
[2026-04-03T03:29:02.660+0600][67.238s][info][gc,task     ] GC(106) Using 2 Workers for Old Generation
[2026-04-03T03:29:02.660+0600][67.238s][info][gc,phases   ] GC(106) Y: Young Generation
[2026-04-03T03:29:02.660+0600][67.238s][info][gc,phases   ] GC(106) Y: Pause Mark Start (Major) 0.032ms
[2026-04-03T03:29:02.746+0600][67.324s][info][gc,phases   ] GC(106) Y: Concurrent Mark 85.288ms
[2026-04-03T03:29:02.746+0600][67.324s][info][gc,phases   ] GC(106) Y: Pause Mark End 0.033ms
[2026-04-03T03:29:02.746+0600][67.324s][info][gc,phases   ] GC(106) Y: Concurrent Mark Free 0.003ms
[2026-04-03T03:29:02.746+0600][67.325s][info][gc,phases   ] GC(106) Y: Concurrent Reset Relocation Set 0.140ms
[2026-04-03T03:29:02.753+0600][67.331s][info][gc,reloc    ] GC(106) Y: Using tenuring threshold: 2 (Computed)
[2026-04-03T03:29:02.755+0600][67.333s][info][gc,phases   ] GC(106) Y: Concurrent Select Relocation Set 8.285ms
[2026-04-03T03:29:02.755+0600][67.333s][info][gc,phases   ] GC(106) Y: Pause Relocate Start 0.029ms
[2026-04-03T03:29:02.781+0600][67.359s][info][gc,phases   ] GC(106) Y: Concurrent Relocate 25.812ms
[2026-04-03T03:29:02.781+0600][67.360s][info][gc,alloc    ] GC(106) Y:                         Mark Start        Mark End      Relocate Start    Relocate End   
[2026-04-03T03:29:02.781+0600][67.360s][info][gc,alloc    ] GC(106) Y: Allocation Stalls:          0                0                0                0         
[2026-04-03T03:29:02.781+0600][67.360s][info][gc,load     ] GC(106) Y: Load: 4.94 (41%) / 4.66 (39%) / 5.06 (42%)
[2026-04-03T03:29:02.781+0600][67.360s][info][gc,mmu      ] GC(106) Y: MMU: 2ms/90.6%, 5ms/96.2%, 10ms/98.1%, 20ms/99.1%, 50ms/99.5%, 100ms/99.7%
[2026-04-03T03:29:02.781+0600][67.360s][info][gc,marking  ] GC(106) Y: Mark: 2 stripe(s), 10 proactive flush(es), 1 terminate flush(es), 0 completion(s), 0 continuation(s) 
[2026-04-03T03:29:02.781+0600][67.360s][info][gc,marking  ] GC(106) Y: Mark Stack Usage: 32M
[2026-04-03T03:29:02.781+0600][67.360s][info][gc,nmethod  ] GC(106) Y: NMethods: 7467 registered, 829 unregistered
[2026-04-03T03:29:02.781+0600][67.360s][info][gc,metaspace] GC(106) Y: Metaspace: 71M used, 72M committed, 1088M reserved
[2026-04-03T03:29:02.781+0600][67.360s][info][gc,reloc    ] GC(106) Y:                        Candidates     Selected     In-Place         Size        Empty    Relocated 
[2026-04-03T03:29:02.782+0600][67.360s][info][gc,reloc    ] GC(106) Y: Small Pages:                   25           13            0          50M          20M           1M 
[2026-04-03T03:29:02.782+0600][67.360s][info][gc,reloc    ] GC(106) Y: Medium Pages:                   3            2            0          96M           0M          23M 
[2026-04-03T03:29:02.782+0600][67.360s][info][gc,reloc    ] GC(106) Y: Large Pages:                    2            0            0          12M           0M           0M 
[2026-04-03T03:29:02.782+0600][67.360s][info][gc,reloc    ] GC(106) Y: Forwarding Usage: 1M
[2026-04-03T03:29:02.782+0600][67.360s][info][gc,reloc    ] GC(106) Y: Age Table:
[2026-04-03T03:29:02.782+0600][67.360s][info][gc,reloc    ] GC(106) Y:                    Live             Garbage             Small              Medium             Large        
[2026-04-03T03:29:02.782+0600][67.360s][info][gc,reloc    ] GC(106) Y: Eden              36M (2%)           79M (5%)          20 / 9              2 / 2              2 / 0        
[2026-04-03T03:29:02.782+0600][67.360s][info][gc,reloc    ] GC(106) Y: Survivor 1         5M (0%)           36M (2%)           5 / 4              1 / 0              0 / 0        
[2026-04-03T03:29:02.782+0600][67.360s][info][gc,heap     ] GC(106) Y: Min Capacity: 8M(1%)
[2026-04-03T03:29:02.782+0600][67.360s][info][gc,heap     ] GC(106) Y: Max Capacity: 1500M(100%)
[2026-04-03T03:29:02.782+0600][67.360s][info][gc,heap     ] GC(106) Y: Soft Max Capacity: 1500M(100%)
[2026-04-03T03:29:02.782+0600][67.360s][info][gc,heap     ] GC(106) Y: Heap Statistics:
[2026-04-03T03:29:02.782+0600][67.360s][info][gc,heap     ] GC(106) Y:                Mark Start          Mark End        Relocate Start      Relocate End           High               Low         
[2026-04-03T03:29:02.782+0600][67.360s][info][gc,heap     ] GC(106) Y:  Capacity:     1500M (100%)       1500M (100%)       1500M (100%)       1500M (100%)       1500M (100%)       1500M (100%)   
[2026-04-03T03:29:02.782+0600][67.360s][info][gc,heap     ] GC(106) Y:      Free:     1026M (68%)         978M (65%)         992M (66%)        1000M (67%)        1026M (68%)         886M (59%)    
[2026-04-03T03:29:02.782+0600][67.360s][info][gc,heap     ] GC(106) Y:      Used:      474M (32%)         522M (35%)         508M (34%)         500M (33%)         614M (41%)         474M (32%)    
[2026-04-03T03:29:02.782+0600][67.360s][info][gc,heap     ] GC(106) Y: Young Generation Statistics:
[2026-04-03T03:29:02.782+0600][67.360s][info][gc,heap     ] GC(106) Y:                Mark Start          Mark End        Relocate Start      Relocate End    
[2026-04-03T03:29:02.782+0600][67.360s][info][gc,heap     ] GC(106) Y:      Used:      158M (11%)         206M (14%)         192M (13%)         184M (12%)    
[2026-04-03T03:29:02.782+0600][67.360s][info][gc,heap     ] GC(106) Y:      Live:         -                41M (3%)           41M (3%)           41M (3%)     
[2026-04-03T03:29:02.782+0600][67.360s][info][gc,heap     ] GC(106) Y:   Garbage:         -               116M (8%)           96M (6%)            2M (0%)     
[2026-04-03T03:29:02.782+0600][67.360s][info][gc,heap     ] GC(106) Y: Allocated:         -                48M (3%)           54M (4%)          140M (9%)     
[2026-04-03T03:29:02.782+0600][67.360s][info][gc,heap     ] GC(106) Y: Reclaimed:         -                  -                20M (1%)          114M (8%)     
[2026-04-03T03:29:02.782+0600][67.360s][info][gc,heap     ] GC(106) Y:  Promoted:         -                  -                 0M (0%)            0M (0%)     
[2026-04-03T03:29:02.782+0600][67.360s][info][gc,heap     ] GC(106) Y: Compacted:         -                  -                  -                29M (2%)     
[2026-04-03T03:29:02.782+0600][67.360s][info][gc,phases   ] GC(106) Y: Young Generation 474M(32%)->500M(33%) 0.121s
[2026-04-03T03:29:02.782+0600][67.360s][info][gc,phases   ] GC(106) O: Old Generation
[2026-04-03T03:29:02.787+0600][67.365s][info][gc          ] GC(107) Minor Collection (Allocation Rate)
[2026-04-03T03:29:02.787+0600][67.366s][info][gc,task     ] GC(107) Using 1 Workers for Young Generation
[2026-04-03T03:29:02.787+0600][67.366s][info][gc,phases   ] GC(107) y: Young Generation
[2026-04-03T03:29:02.788+0600][67.366s][info][gc,phases   ] GC(107) y: Pause Mark Start 0.032ms
[2026-04-03T03:29:02.915+0600][67.493s][info][gc,phases   ] GC(107) y: Concurrent Mark 127.374ms
[2026-04-03T03:29:02.916+0600][67.494s][info][gc,phases   ] GC(107) y: Pause Mark End 0.062ms
[2026-04-03T03:29:02.916+0600][67.494s][info][gc,phases   ] GC(107) y: Concurrent Mark Free 0.005ms
[2026-04-03T03:29:02.916+0600][67.494s][info][gc,phases   ] GC(107) y: Concurrent Reset Relocation Set 0.008ms
[2026-04-03T03:29:02.919+0600][67.497s][info][gc,reloc    ] GC(107) y: Using tenuring threshold: 3 (Computed)
[2026-04-03T03:29:02.920+0600][67.498s][info][gc,phases   ] GC(107) y: Concurrent Select Relocation Set 3.792ms
[2026-04-03T03:29:02.920+0600][67.498s][info][gc,phases   ] GC(107) y: Pause Relocate Start 0.030ms
[2026-04-03T03:29:02.931+0600][67.509s][info][gc,phases   ] GC(107) y: Concurrent Relocate 10.894ms
[2026-04-03T03:29:02.931+0600][67.510s][info][gc,alloc    ] GC(107) y:                         Mark Start        Mark End      Relocate Start    Relocate End   
[2026-04-03T03:29:02.931+0600][67.510s][info][gc,alloc    ] GC(107) y: Allocation Stalls:          0                0                0                0         
[2026-04-03T03:29:02.931+0600][67.510s][info][gc,load     ] GC(107) y: Load: 4.94 (41%) / 4.66 (39%) / 5.06 (42%)
[2026-04-03T03:29:02.931+0600][67.510s][info][gc,mmu      ] GC(107) y: MMU: 2ms/90.6%, 5ms/96.2%, 10ms/98.1%, 20ms/99.1%, 50ms/99.5%, 100ms/99.7%
[2026-04-03T03:29:02.931+0600][67.510s][info][gc,marking  ] GC(107) y: Mark: 1 stripe(s), 2 proactive flush(es), 1 terminate flush(es), 0 completion(s), 0 continuation(s) 
[2026-04-03T03:29:02.931+0600][67.510s][info][gc,marking  ] GC(107) y: Mark Stack Usage: 32M
[2026-04-03T03:29:02.931+0600][67.510s][info][gc,nmethod  ] GC(107) y: NMethods: 7473 registered, 829 unregistered
[2026-04-03T03:29:02.931+0600][67.510s][info][gc,metaspace] GC(107) y: Metaspace: 71M used, 72M committed, 1088M reserved
[2026-04-03T03:29:02.931+0600][67.510s][info][gc,reloc    ] GC(107) y:                        Candidates     Selected     In-Place         Size        Empty    Relocated 
[2026-04-03T03:29:02.931+0600][67.510s][info][gc,reloc    ] GC(107) y: Small Pages:                   18           15            0          36M           0M           0M 
[2026-04-03T03:29:02.931+0600][67.510s][info][gc,reloc    ] GC(107) y: Medium Pages:                   4            1            0         128M          32M           7M 
[2026-04-03T03:29:02.931+0600][67.510s][info][gc,reloc    ] GC(107) y: Large Pages:                    4            0            0          24M          12M           0M 
[2026-04-03T03:29:02.931+0600][67.510s][info][gc,reloc    ] GC(107) y: Forwarding Usage: 0M
[2026-04-03T03:29:02.931+0600][67.510s][info][gc,reloc    ] GC(107) y: Age Table:
[2026-04-03T03:29:02.931+0600][67.510s][info][gc,reloc    ] GC(107) y:                    Live             Garbage             Small              Medium             Large        
[2026-04-03T03:29:02.931+0600][67.510s][info][gc,reloc    ] GC(107) y: Eden              24M (2%)           43M (3%)          12 / 11             1 / 0              2 / 0        
[2026-04-03T03:29:02.931+0600][67.510s][info][gc,reloc    ] GC(107) y: Survivor 1        20M (1%)           61M (4%)           3 / 3              2 / 1              2 / 0        
[2026-04-03T03:29:02.932+0600][67.510s][info][gc,reloc    ] GC(107) y: Survivor 2         2M (0%)           35M (2%)           3 / 1              1 / 0              0 / 0        
[2026-04-03T03:29:02.932+0600][67.510s][info][gc,heap     ] GC(107) y: Min Capacity: 8M(1%)
[2026-04-03T03:29:02.932+0600][67.510s][info][gc,heap     ] GC(107) y: Max Capacity: 1500M(100%)
[2026-04-03T03:29:02.932+0600][67.510s][info][gc,heap     ] GC(107) y: Soft Max Capacity: 1500M(100%)
[2026-04-03T03:29:02.932+0600][67.510s][info][gc,heap     ] GC(107) y: Heap Statistics:
[2026-04-03T03:29:02.932+0600][67.510s][info][gc,heap     ] GC(107) y:                Mark Start          Mark End        Relocate Start      Relocate End           High               Low         
[2026-04-03T03:29:02.932+0600][67.510s][info][gc,heap     ] GC(107) y:  Capacity:     1500M (100%)       1500M (100%)       1500M (100%)       1500M (100%)       1500M (100%)       1500M (100%)   
[2026-04-03T03:29:02.932+0600][67.510s][info][gc,heap     ] GC(107) y:      Free:      996M (66%)         898M (60%)         940M (63%)         946M (63%)         996M (66%)         866M (58%)    
[2026-04-03T03:29:02.932+0600][67.510s][info][gc,heap     ] GC(107) y:      Used:      504M (34%)         602M (40%)         560M (37%)         554M (37%)         634M (42%)         504M (34%)    
[2026-04-03T03:29:02.932+0600][67.510s][info][gc,heap     ] GC(107) y: Young Generation Statistics:
[2026-04-03T03:29:02.932+0600][67.510s][info][gc,heap     ] GC(107) y:                Mark Start          Mark End        Relocate Start      Relocate End    
[2026-04-03T03:29:02.932+0600][67.510s][info][gc,heap     ] GC(107) y:      Used:      188M (13%)         286M (19%)         244M (16%)         238M (16%)    
[2026-04-03T03:29:02.932+0600][67.510s][info][gc,heap     ] GC(107) y:      Live:         -                47M (3%)           47M (3%)           47M (3%)     
[2026-04-03T03:29:02.932+0600][67.510s][info][gc,heap     ] GC(107) y:   Garbage:         -               140M (9%)           96M (6%)           15M (1%)     
[2026-04-03T03:29:02.932+0600][67.510s][info][gc,heap     ] GC(107) y: Allocated:         -                98M (7%)          100M (7%)          175M (12%)    
[2026-04-03T03:29:02.932+0600][67.510s][info][gc,heap     ] GC(107) y: Reclaimed:         -                  -                44M (3%)          125M (8%)     
[2026-04-03T03:29:02.932+0600][67.510s][info][gc,heap     ] GC(107) y:  Promoted:         -                  -                 0M (0%)            0M (0%)     
[2026-04-03T03:29:02.932+0600][67.510s][info][gc,heap     ] GC(107) y: Compacted:         -                  -                  -                14M (1%)     
[2026-04-03T03:29:02.932+0600][67.510s][info][gc,phases   ] GC(107) y: Young Generation 504M(34%)->554M(37%) 0.144s
[2026-04-03T03:29:02.932+0600][67.510s][info][gc          ] GC(107) Minor Collection (Allocation Rate) 504M(34%)->556M(37%) 0.145s
[2026-04-03T03:29:02.932+0600][67.510s][info][gc          ] GC(108) Minor Collection (Allocation Rate)
[2026-04-03T03:29:02.932+0600][67.510s][info][gc,task     ] GC(108) Using 1 Workers for Young Generation
[2026-04-03T03:29:02.932+0600][67.510s][info][gc,phases   ] GC(108) y: Young Generation
[2026-04-03T03:29:02.932+0600][67.511s][info][gc,phases   ] GC(108) y: Pause Mark Start 0.040ms
[2026-04-03T03:29:03.075+0600][67.653s][info][gc,phases   ] GC(108) y: Concurrent Mark 142.227ms
[2026-04-03T03:29:03.075+0600][67.653s][info][gc,phases   ] GC(108) y: Pause Mark End 0.072ms
[2026-04-03T03:29:03.075+0600][67.654s][info][gc,phases   ] GC(108) y: Concurrent Mark Free 0.003ms
[2026-04-03T03:29:03.075+0600][67.654s][info][gc,phases   ] GC(108) y: Concurrent Reset Relocation Set 0.005ms
[2026-04-03T03:29:03.082+0600][67.660s][info][gc,reloc    ] GC(108) y: Using tenuring threshold: 2 (Computed)
[2026-04-03T03:29:03.097+0600][67.676s][info][gc,phases   ] GC(108) y: Concurrent Select Relocation Set 21.828ms
[2026-04-03T03:29:03.098+0600][67.676s][info][gc,phases   ] GC(108) y: Pause Relocate Start 0.033ms
[2026-04-03T03:29:03.164+0600][67.742s][info][gc,phases   ] GC(108) y: Concurrent Relocate 65.699ms
[2026-04-03T03:29:03.164+0600][67.742s][info][gc,alloc    ] GC(108) y:                         Mark Start        Mark End      Relocate Start    Relocate End   
[2026-04-03T03:29:03.164+0600][67.742s][info][gc,alloc    ] GC(108) y: Allocation Stalls:          0                0                0                0         
[2026-04-03T03:29:03.164+0600][67.742s][info][gc,load     ] GC(108) y: Load: 4.94 (41%) / 4.66 (39%) / 5.06 (42%)
[2026-04-03T03:29:03.164+0600][67.742s][info][gc,mmu      ] GC(108) y: MMU: 2ms/90.6%, 5ms/96.2%, 10ms/98.1%, 20ms/99.1%, 50ms/99.5%, 100ms/99.7%
[2026-04-03T03:29:03.164+0600][67.742s][info][gc,marking  ] GC(108) y: Mark: 1 stripe(s), 2 proactive flush(es), 1 terminate flush(es), 0 completion(s), 0 continuation(s) 
[2026-04-03T03:29:03.164+0600][67.742s][info][gc,marking  ] GC(108) y: Mark Stack Usage: 32M
[2026-04-03T03:29:03.164+0600][67.742s][info][gc,nmethod  ] GC(108) y: NMethods: 7495 registered, 829 unregistered
[2026-04-03T03:29:03.164+0600][67.742s][info][gc,metaspace] GC(108) y: Metaspace: 71M used, 72M committed, 1088M reserved
[2026-04-03T03:29:03.164+0600][67.742s][info][gc,reloc    ] GC(108) y:                        Candidates     Selected     In-Place         Size        Empty    Relocated 
[2026-04-03T03:29:03.164+0600][67.742s][info][gc,reloc    ] GC(108) y: Small Pages:                   47           40            0          94M           0M           7M 
[2026-04-03T03:29:03.164+0600][67.742s][info][gc,reloc    ] GC(108) y: Medium Pages:                   4            2            0         128M           0M          14M 
[2026-04-03T03:29:03.164+0600][67.742s][info][gc,reloc    ] GC(108) y: Large Pages:                    3            0            0          18M           6M           0M 
[2026-04-03T03:29:03.164+0600][67.742s][info][gc,reloc    ] GC(108) y: Forwarding Usage: 8M
[2026-04-03T03:29:03.164+0600][67.742s][info][gc,reloc    ] GC(108) y: Age Table:
[2026-04-03T03:29:03.164+0600][67.742s][info][gc,reloc    ] GC(108) y:                    Live             Garbage             Small              Medium             Large        
[2026-04-03T03:29:03.164+0600][67.742s][info][gc,reloc    ] GC(108) y: Eden              29M (2%)           82M (6%)          37 / 32             1 / 0              1 / 0        
[2026-04-03T03:29:03.164+0600][67.742s][info][gc,reloc    ] GC(108) y: Survivor 1        19M (1%)           26M (2%)           4 / 4              1 / 1              1 / 0        
[2026-04-03T03:29:03.164+0600][67.742s][info][gc,reloc    ] GC(108) y: Survivor 2         3M (0%)           70M (5%)           2 / 2              2 / 1              1 / 0        
[2026-04-03T03:29:03.164+0600][67.742s][info][gc,reloc    ] GC(108) y: Survivor 3         2M (0%)            5M (0%)           4 / 2              0 / 0              0 / 0        
[2026-04-03T03:29:03.164+0600][67.742s][info][gc,heap     ] GC(108) y: Min Capacity: 8M(1%)
[2026-04-03T03:29:03.164+0600][67.742s][info][gc,heap     ] GC(108) y: Max Capacity: 1500M(100%)
[2026-04-03T03:29:03.164+0600][67.742s][info][gc,heap     ] GC(108) y: Soft Max Capacity: 1500M(100%)
[2026-04-03T03:29:03.164+0600][67.742s][info][gc,heap     ] GC(108) y: Heap Statistics:
[2026-04-03T03:29:03.164+0600][67.742s][info][gc,heap     ] GC(108) y:                Mark Start          Mark End        Relocate Start      Relocate End           High               Low         
[2026-04-03T03:29:03.164+0600][67.742s][info][gc,heap     ] GC(108) y:  Capacity:     1500M (100%)       1500M (100%)       1500M (100%)       1500M (100%)       1500M (100%)       1500M (100%)   
[2026-04-03T03:29:03.164+0600][67.742s][info][gc,heap     ] GC(108) y:      Free:      944M (63%)         796M (53%)         790M (53%)         832M (55%)         944M (63%)         718M (48%)    
[2026-04-03T03:29:03.164+0600][67.742s][info][gc,heap     ] GC(108) y:      Used:      556M (37%)         704M (47%)         710M (47%)         668M (45%)         782M (52%)         556M (37%)    
[2026-04-03T03:29:03.164+0600][67.742s][info][gc,heap     ] GC(108) y: Young Generation Statistics:
[2026-04-03T03:29:03.164+0600][67.742s][info][gc,heap     ] GC(108) y:                Mark Start          Mark End        Relocate Start      Relocate End    
[2026-04-03T03:29:03.164+0600][67.742s][info][gc,heap     ] GC(108) y:      Used:      240M (16%)         388M (26%)         390M (26%)         280M (19%)    
[2026-04-03T03:29:03.164+0600][67.742s][info][gc,heap     ] GC(108) y:      Live:         -                55M (4%)           52M (4%)           48M (3%)     
[2026-04-03T03:29:03.164+0600][67.742s][info][gc,heap     ] GC(108) y:   Garbage:         -               184M (12%)         177M (12%)          15M (1%)     
[2026-04-03T03:29:03.164+0600][67.742s][info][gc,heap     ] GC(108) y: Allocated:         -               148M (10%)         160M (11%)         215M (14%)    
[2026-04-03T03:29:03.164+0600][67.742s][info][gc,heap     ] GC(108) y: Reclaimed:         -                  -                 7M (0%)          168M (11%)    
[2026-04-03T03:29:03.164+0600][67.742s][info][gc,heap     ] GC(108) y:  Promoted:         -                  -                 2M (0%)            6M (0%)     
[2026-04-03T03:29:03.164+0600][67.743s][info][gc,heap     ] GC(108) y: Compacted:         -                  -                  -                20M (1%)     
[2026-04-03T03:29:03.164+0600][67.743s][info][gc,phases   ] GC(108) y: Young Generation 556M(37%)->668M(45%) 0.232s
[2026-04-03T03:29:03.164+0600][67.743s][info][gc          ] GC(108) Minor Collection (Allocation Rate) 556M(37%)->668M(45%) 0.232s
[2026-04-03T03:29:03.294+0600][67.872s][info][gc,task     ] Adjusting Workers for Old Generation: 2 -> 1
[2026-04-03T03:29:03.294+0600][67.872s][info][gc          ] GC(109) Minor Collection (Allocation Rate)
[2026-04-03T03:29:03.294+0600][67.872s][info][gc,task     ] GC(109) Using 2 Workers for Young Generation
[2026-04-03T03:29:03.294+0600][67.872s][info][gc,phases   ] GC(109) y: Young Generation
[2026-04-03T03:29:03.294+0600][67.873s][info][gc,phases   ] GC(109) y: Pause Mark Start 0.022ms
[2026-04-03T03:29:03.373+0600][67.951s][info][gc,phases   ] GC(109) y: Concurrent Mark 78.783ms
[2026-04-03T03:29:03.374+0600][67.952s][info][gc,phases   ] GC(109) y: Pause Mark End 0.056ms
[2026-04-03T03:29:03.374+0600][67.952s][info][gc,phases   ] GC(109) y: Concurrent Mark Free 0.001ms
[2026-04-03T03:29:03.374+0600][67.952s][info][gc,phases   ] GC(109) y: Concurrent Reset Relocation Set 0.017ms
[2026-04-03T03:29:03.378+0600][67.957s][info][gc,reloc    ] GC(109) y: Using tenuring threshold: 3 (Computed)
[2026-04-03T03:29:03.386+0600][67.964s][info][gc,phases   ] GC(109) y: Concurrent Select Relocation Set 11.818ms
[2026-04-03T03:29:03.386+0600][67.964s][info][gc,phases   ] GC(109) y: Pause Relocate Start 0.048ms
[2026-04-03T03:29:03.434+0600][68.012s][info][gc,phases   ] GC(109) y: Concurrent Relocate 47.988ms
[2026-04-03T03:29:03.434+0600][68.012s][info][gc,alloc    ] GC(109) y:                         Mark Start        Mark End      Relocate Start    Relocate End   
[2026-04-03T03:29:03.434+0600][68.012s][info][gc,alloc    ] GC(109) y: Allocation Stalls:          0                0                0                0         
[2026-04-03T03:29:03.434+0600][68.013s][info][gc,load     ] GC(109) y: Load: 4.94 (41%) / 4.66 (39%) / 5.06 (42%)
[2026-04-03T03:29:03.434+0600][68.013s][info][gc,mmu      ] GC(109) y: MMU: 2ms/90.6%, 5ms/96.2%, 10ms/98.1%, 20ms/99.1%, 50ms/99.5%, 100ms/99.7%
[2026-04-03T03:29:03.434+0600][68.013s][info][gc,marking  ] GC(109) y: Mark: 2 stripe(s), 2 proactive flush(es), 1 terminate flush(es), 0 completion(s), 0 continuation(s) 
[2026-04-03T03:29:03.434+0600][68.013s][info][gc,marking  ] GC(109) y: Mark Stack Usage: 32M
[2026-04-03T03:29:03.434+0600][68.013s][info][gc,nmethod  ] GC(109) y: NMethods: 7521 registered, 829 unregistered
[2026-04-03T03:29:03.434+0600][68.013s][info][gc,metaspace] GC(109) y: Metaspace: 71M used, 72M committed, 1088M reserved
[2026-04-03T03:29:03.434+0600][68.013s][info][gc,reloc    ] GC(109) y:                        Candidates     Selected     In-Place         Size        Empty    Relocated 
[2026-04-03T03:29:03.434+0600][68.013s][info][gc,reloc    ] GC(109) y: Small Pages:                   96           80            0         192M           0M          17M 
[2026-04-03T03:29:03.434+0600][68.013s][info][gc,reloc    ] GC(109) y: Medium Pages:                   4            2            0         128M           0M          21M 
[2026-04-03T03:29:03.434+0600][68.013s][info][gc,reloc    ] GC(109) y: Large Pages:                   10            0            0          64M          50M           0M 
[2026-04-03T03:29:03.434+0600][68.013s][info][gc,reloc    ] GC(109) y: Forwarding Usage: 20M
[2026-04-03T03:29:03.434+0600][68.013s][info][gc,reloc    ] GC(109) y: Age Table:
[2026-04-03T03:29:03.434+0600][68.013s][info][gc,reloc    ] GC(109) y:                    Live             Garbage             Small              Medium             Large        
[2026-04-03T03:29:03.434+0600][68.013s][info][gc,reloc    ] GC(109) y: Eden              50M (3%)          243M (16%)         89 / 77             2 / 1              8 / 0        
[2026-04-03T03:29:03.434+0600][68.013s][info][gc,reloc    ] GC(109) y: Survivor 1        23M (2%)           22M (2%)           4 / 0              1 / 1              1 / 0        
[2026-04-03T03:29:03.434+0600][68.013s][info][gc,reloc    ] GC(109) y: Survivor 2         3M (0%)           40M (3%)           3 / 3              1 / 0              1 / 0        
[2026-04-03T03:29:03.434+0600][68.013s][info][gc,heap     ] GC(109) y: Min Capacity: 8M(1%)
[2026-04-03T03:29:03.434+0600][68.013s][info][gc,heap     ] GC(109) y: Max Capacity: 1500M(100%)
[2026-04-03T03:29:03.434+0600][68.013s][info][gc,heap     ] GC(109) y: Soft Max Capacity: 1500M(100%)
[2026-04-03T03:29:03.434+0600][68.013s][info][gc,heap     ] GC(109) y: Heap Statistics:
[2026-04-03T03:29:03.434+0600][68.013s][info][gc,heap     ] GC(109) y:                Mark Start          Mark End        Relocate Start      Relocate End           High               Low         
[2026-04-03T03:29:03.434+0600][68.013s][info][gc,heap     ] GC(109) y:  Capacity:     1500M (100%)       1500M (100%)       1500M (100%)       1500M (100%)       1500M (100%)       1500M (100%)   
[2026-04-03T03:29:03.434+0600][68.013s][info][gc,heap     ] GC(109) y:      Free:      728M (49%)         624M (42%)         662M (44%)         758M (51%)         758M (51%)         562M (37%)    
[2026-04-03T03:29:03.435+0600][68.013s][info][gc,heap     ] GC(109) y:      Used:      772M (51%)         876M (58%)         838M (56%)         742M (49%)         938M (63%)         742M (49%)    
[2026-04-03T03:29:03.435+0600][68.013s][info][gc,heap     ] GC(109) y: Young Generation Statistics:
[2026-04-03T03:29:03.435+0600][68.013s][info][gc,heap     ] GC(109) y:                Mark Start          Mark End        Relocate Start      Relocate End    
[2026-04-03T03:29:03.435+0600][68.013s][info][gc,heap     ] GC(109) y:      Used:      384M (26%)         488M (33%)         450M (30%)         354M (24%)    
[2026-04-03T03:29:03.435+0600][68.013s][info][gc,heap     ] GC(109) y:      Live:         -                77M (5%)           77M (5%)           77M (5%)     
[2026-04-03T03:29:03.435+0600][68.013s][info][gc,heap     ] GC(109) y:   Garbage:         -               306M (20%)         256M (17%)          21M (1%)     
[2026-04-03T03:29:03.435+0600][68.013s][info][gc,heap     ] GC(109) y: Allocated:         -               104M (7%)          116M (8%)          255M (17%)    
[2026-04-03T03:29:03.435+0600][68.013s][info][gc,heap     ] GC(109) y: Reclaimed:         -                  -                50M (3%)          285M (19%)    
[2026-04-03T03:29:03.435+0600][68.013s][info][gc,heap     ] GC(109) y:  Promoted:         -                  -                 0M (0%)            0M (0%)     
[2026-04-03T03:29:03.435+0600][68.013s][info][gc,heap     ] GC(109) y: Compacted:         -                  -                  -                44M (3%)     
[2026-04-03T03:29:03.435+0600][68.013s][info][gc,phases   ] GC(109) y: Young Generation 772M(51%)->742M(49%) 0.140s
[2026-04-03T03:29:03.435+0600][68.013s][info][gc          ] GC(109) Minor Collection (Allocation Rate) 772M(51%)->744M(50%) 0.141s
[2026-04-03T03:29:03.451+0600][68.030s][info][gc,phases   ] GC(106) O: Concurrent Mark 669.429ms
[2026-04-03T03:29:03.452+0600][68.030s][info][gc,phases   ] GC(106) O: Pause Mark End 0.024ms
[2026-04-03T03:29:03.452+0600][68.030s][info][gc,phases   ] GC(106) O: Concurrent Mark Free 0.001ms
[2026-04-03T03:29:03.471+0600][68.049s][info][gc,phases   ] GC(106) O: Concurrent Process Non-Strong 18.859ms
[2026-04-03T03:29:03.471+0600][68.049s][info][gc,phases   ] GC(106) O: Concurrent Reset Relocation Set 0.011ms
[2026-04-03T03:29:03.494+0600][68.072s][info][gc,phases   ] GC(106) O: Concurrent Select Relocation Set 23.236ms
[2026-04-03T03:29:03.494+0600][68.072s][info][gc,task     ] GC(106) O: Using 3 Workers for Old Generation
[2026-04-03T03:29:03.513+0600][68.091s][info][gc,task     ] GC(106) O: Using 1 Workers for Old Generation
[2026-04-03T03:29:03.513+0600][68.091s][info][gc,phases   ] GC(106) O: Concurrent Remap Roots 18.619ms
[2026-04-03T03:29:03.513+0600][68.091s][info][gc,phases   ] GC(106) O: Pause Relocate Start 0.017ms
[2026-04-03T03:29:03.615+0600][68.193s][info][gc          ] GC(110) Minor Collection (Allocation Rate)
[2026-04-03T03:29:03.615+0600][68.193s][info][gc,task     ] GC(110) Using 2 Workers for Young Generation
[2026-04-03T03:29:03.615+0600][68.193s][info][gc,phases   ] GC(110) y: Young Generation
[2026-04-03T03:29:03.618+0600][68.197s][info][gc,phases   ] GC(110) y: Pause Mark Start 0.025ms
[2026-04-03T03:29:03.664+0600][68.242s][info][gc,phases   ] GC(106) O: Concurrent Relocate 150.523ms
[2026-04-03T03:29:03.738+0600][68.317s][info][gc,phases   ] GC(110) y: Concurrent Mark 119.770ms
[2026-04-03T03:29:03.739+0600][68.317s][info][gc,phases   ] GC(110) y: Pause Mark End 0.019ms
[2026-04-03T03:29:03.739+0600][68.317s][info][gc,phases   ] GC(110) y: Concurrent Mark Free 0.001ms
[2026-04-03T03:29:03.739+0600][68.317s][info][gc,phases   ] GC(110) y: Concurrent Reset Relocation Set 0.027ms
[2026-04-03T03:29:03.743+0600][68.321s][info][gc,reloc    ] GC(110) y: Using tenuring threshold: 2 (Computed)
[2026-04-03T03:29:03.760+0600][68.338s][info][gc,phases   ] GC(110) y: Concurrent Select Relocation Set 20.978ms
[2026-04-03T03:29:03.760+0600][68.338s][info][gc,phases   ] GC(110) y: Pause Relocate Start 0.015ms
[2026-04-03T03:29:03.803+0600][68.381s][info][gc,phases   ] GC(110) y: Concurrent Relocate 42.492ms
[2026-04-03T03:29:03.803+0600][68.381s][info][gc,alloc    ] GC(110) y:                         Mark Start        Mark End      Relocate Start    Relocate End   
[2026-04-03T03:29:03.803+0600][68.381s][info][gc,alloc    ] GC(110) y: Allocation Stalls:          0                0                0                0         
[2026-04-03T03:29:03.803+0600][68.381s][info][gc,load     ] GC(110) y: Load: 4.94 (41%) / 4.66 (39%) / 5.06 (42%)
[2026-04-03T03:29:03.803+0600][68.381s][info][gc,mmu      ] GC(110) y: MMU: 2ms/90.6%, 5ms/96.2%, 10ms/98.1%, 20ms/99.1%, 50ms/99.5%, 100ms/99.7%
[2026-04-03T03:29:03.803+0600][68.381s][info][gc,marking  ] GC(110) y: Mark: 2 stripe(s), 4 proactive flush(es), 1 terminate flush(es), 0 completion(s), 0 continuation(s) 
[2026-04-03T03:29:03.803+0600][68.381s][info][gc,marking  ] GC(110) y: Mark Stack Usage: 32M
[2026-04-03T03:29:03.803+0600][68.381s][info][gc,nmethod  ] GC(110) y: NMethods: 7516 registered, 854 unregistered
[2026-04-03T03:29:03.803+0600][68.381s][info][gc,metaspace] GC(110) y: Metaspace: 71M used, 72M committed, 1088M reserved
[2026-04-03T03:29:03.803+0600][68.381s][info][gc,reloc    ] GC(110) y:                        Candidates     Selected     In-Place         Size        Empty    Relocated 
[2026-04-03T03:29:03.803+0600][68.381s][info][gc,reloc    ] GC(110) y: Small Pages:                  143           60            0         286M          98M          14M 
[2026-04-03T03:29:03.803+0600][68.381s][info][gc,reloc    ] GC(110) y: Medium Pages:                   6            3            0         192M          64M          11M 
[2026-04-03T03:29:03.803+0600][68.381s][info][gc,reloc    ] GC(110) y: Large Pages:                    7            0            0          44M          20M           0M 
[2026-04-03T03:29:03.803+0600][68.381s][info][gc,reloc    ] GC(110) y: Forwarding Usage: 16M
[2026-04-03T03:29:03.803+0600][68.381s][info][gc,reloc    ] GC(110) y: Age Table:
[2026-04-03T03:29:03.803+0600][68.381s][info][gc,reloc    ] GC(110) y:                    Live             Garbage             Small              Medium             Large        
[2026-04-03T03:29:03.803+0600][68.381s][info][gc,reloc    ] GC(110) y: Eden              54M (4%)          259M (17%)        126 / 58             1 / 0              5 / 0        
[2026-04-03T03:29:03.803+0600][68.381s][info][gc,reloc    ] GC(110) y: Survivor 1        25M (2%)          102M (7%)          12 / 2              3 / 1              1 / 0        
[2026-04-03T03:29:03.803+0600][68.381s][info][gc,reloc    ] GC(110) y: Survivor 2        17M (1%)           28M (2%)           4 / 0              1 / 1              1 / 0        
[2026-04-03T03:29:03.803+0600][68.381s][info][gc,reloc    ] GC(110) y: Survivor 3         3M (0%)           30M (2%)           1 / 0              1 / 1              0 / 0        
[2026-04-03T03:29:03.803+0600][68.381s][info][gc,heap     ] GC(110) y: Min Capacity: 8M(1%)
[2026-04-03T03:29:03.803+0600][68.381s][info][gc,heap     ] GC(110) y: Max Capacity: 1500M(100%)
[2026-04-03T03:29:03.803+0600][68.381s][info][gc,heap     ] GC(110) y: Soft Max Capacity: 1500M(100%)
[2026-04-03T03:29:03.803+0600][68.381s][info][gc,heap     ] GC(110) y: Heap Statistics:
[2026-04-03T03:29:03.803+0600][68.381s][info][gc,heap     ] GC(110) y:                Mark Start          Mark End        Relocate Start      Relocate End           High               Low         
[2026-04-03T03:29:03.803+0600][68.381s][info][gc,heap     ] GC(110) y:  Capacity:     1500M (100%)       1500M (100%)       1500M (100%)       1500M (100%)       1500M (100%)       1500M (100%)   
[2026-04-03T03:29:03.803+0600][68.381s][info][gc,heap     ] GC(110) y:      Free:      658M (44%)         418M (28%)         550M (37%)         664M (44%)         688M (46%)         408M (27%)    
[2026-04-03T03:29:03.803+0600][68.381s][info][gc,heap     ] GC(110) y:      Used:      842M (56%)        1082M (72%)         950M (63%)         836M (56%)        1092M (73%)         812M (54%)    
[2026-04-03T03:29:03.803+0600][68.381s][info][gc,heap     ] GC(110) y: Young Generation Statistics:
[2026-04-03T03:29:03.803+0600][68.381s][info][gc,heap     ] GC(110) y:                Mark Start          Mark End        Relocate Start      Relocate End    
[2026-04-03T03:29:03.803+0600][68.381s][info][gc,heap     ] GC(110) y:      Used:      522M (35%)         766M (51%)         620M (41%)         472M (31%)    
[2026-04-03T03:29:03.803+0600][68.381s][info][gc,heap     ] GC(110) y:      Live:         -               101M (7%)           88M (6%)           80M (5%)     
[2026-04-03T03:29:03.803+0600][68.381s][info][gc,heap     ] GC(110) y:   Garbage:         -               420M (28%)         237M (16%)           0M (0%)     
[2026-04-03T03:29:03.803+0600][68.381s][info][gc,heap     ] GC(110) y: Allocated:         -               244M (16%)         294M (20%)         391M (26%)    
[2026-04-03T03:29:03.803+0600][68.381s][info][gc,heap     ] GC(110) y: Reclaimed:         -                  -               182M (12%)         420M (28%)    
[2026-04-03T03:29:03.803+0600][68.381s][info][gc,heap     ] GC(110) y:  Promoted:         -                  -                13M (1%)           21M (1%)     
[2026-04-03T03:29:03.803+0600][68.381s][info][gc,heap     ] GC(110) y: Compacted:         -                  -                  -                22M (2%)     
[2026-04-03T03:29:03.803+0600][68.381s][info][gc,phases   ] GC(110) y: Young Generation 836M(56%)->836M(56%) 0.188s
[2026-04-03T03:29:03.803+0600][68.381s][info][gc          ] GC(110) Minor Collection (Allocation Rate) 836M(56%)->836M(56%) 0.188s
[2026-04-03T03:29:03.803+0600][68.381s][info][gc,alloc    ] GC(106) O:                         Mark Start        Mark End      Relocate Start    Relocate End   
[2026-04-03T03:29:03.803+0600][68.381s][info][gc,alloc    ] GC(106) O: Allocation Stalls:          0                0                0                0         
[2026-04-03T03:29:03.803+0600][68.381s][info][gc,load     ] GC(106) O: Load: 4.94 (41%) / 4.66 (39%) / 5.06 (42%)
[2026-04-03T03:29:03.803+0600][68.381s][info][gc,mmu      ] GC(106) O: MMU: 2ms/90.6%, 5ms/96.2%, 10ms/98.1%, 20ms/99.1%, 50ms/99.5%, 100ms/99.7%
[2026-04-03T03:29:03.803+0600][68.381s][info][gc,marking  ] GC(106) O: Mark: 2 stripe(s), 2 proactive flush(es), 1 terminate flush(es), 0 completion(s), 0 continuation(s) 
[2026-04-03T03:29:03.803+0600][68.381s][info][gc,marking  ] GC(106) O: Mark Stack Usage: 32M
[2026-04-03T03:29:03.803+0600][68.381s][info][gc,nmethod  ] GC(106) O: NMethods: 7516 registered, 854 unregistered
[2026-04-03T03:29:03.803+0600][68.381s][info][gc,metaspace] GC(106) O: Metaspace: 71M used, 72M committed, 1088M reserved
[2026-04-03T03:29:03.803+0600][68.381s][info][gc,ref      ] GC(106) O:                       Encountered   Discovered     Enqueued 
[2026-04-03T03:29:03.803+0600][68.381s][info][gc,ref      ] GC(106) O: Soft References:             5095            0            0 
[2026-04-03T03:29:03.803+0600][68.381s][info][gc,ref      ] GC(106) O: Weak References:             7193         5583          359 
[2026-04-03T03:29:03.803+0600][68.381s][info][gc,ref      ] GC(106) O: Final References:              84           15            0 
[2026-04-03T03:29:03.803+0600][68.381s][info][gc,ref      ] GC(106) O: Phantom References:           598          405            0 
[2026-04-03T03:29:03.803+0600][68.381s][info][gc,reloc    ] GC(106) O:                        Candidates     Selected     In-Place         Size        Empty    Relocated 
[2026-04-03T03:29:03.803+0600][68.381s][info][gc,reloc    ] GC(106) O: Small Pages:                  136           26            0         272M           8M          16M 
[2026-04-03T03:29:03.803+0600][68.382s][info][gc,reloc    ] GC(106) O: Medium Pages:                   1            0            0          32M           0M           0M 
[2026-04-03T03:29:03.803+0600][68.382s][info][gc,reloc    ] GC(106) O: Large Pages:                    2            0            0          12M          12M           0M 
[2026-04-03T03:29:03.803+0600][68.382s][info][gc,reloc    ] GC(106) O: Forwarding Usage: 37M
[2026-04-03T03:29:03.803+0600][68.382s][info][gc,heap     ] GC(106) O: Min Capacity: 8M(1%)
[2026-04-03T03:29:03.803+0600][68.382s][info][gc,heap     ] GC(106) O: Max Capacity: 1500M(100%)
[2026-04-03T03:29:03.803+0600][68.382s][info][gc,heap     ] GC(106) O: Soft Max Capacity: 1500M(100%)
[2026-04-03T03:29:03.803+0600][68.382s][info][gc,heap     ] GC(106) O: Heap Statistics:
[2026-04-03T03:29:03.803+0600][68.382s][info][gc,heap     ] GC(106) O:                Mark Start          Mark End        Relocate Start      Relocate End           High               Low         
[2026-04-03T03:29:03.803+0600][68.382s][info][gc,heap     ] GC(106) O:  Capacity:     1500M (100%)       1500M (100%)       1500M (100%)       1500M (100%)       1500M (100%)       1500M (100%)   
[2026-04-03T03:29:03.803+0600][68.382s][info][gc,heap     ] GC(106) O:      Free:     1026M (68%)         742M (49%)         734M (49%)         582M (39%)        1026M (68%)         562M (37%)    
[2026-04-03T03:29:03.803+0600][68.382s][info][gc,heap     ] GC(106) O:      Used:      474M (32%)         758M (51%)         766M (51%)         918M (61%)         938M (63%)         474M (32%)    
[2026-04-03T03:29:03.803+0600][68.382s][info][gc,heap     ] GC(106) O: Old Generation Statistics:
[2026-04-03T03:29:03.803+0600][68.382s][info][gc,heap     ] GC(106) O:                Mark Start          Mark End        Relocate Start      Relocate End    
[2026-04-03T03:29:03.803+0600][68.382s][info][gc,heap     ] GC(106) O:      Used:      316M (21%)         388M (26%)         368M (25%)         316M (21%)    
[2026-04-03T03:29:03.803+0600][68.382s][info][gc,heap     ] GC(106) O:      Live:         -               211M (14%)         211M (14%)         211M (14%)    
[2026-04-03T03:29:03.803+0600][68.382s][info][gc,heap     ] GC(106) O:   Garbage:         -               104M (7%)           84M (6%)           26M (2%)     
[2026-04-03T03:29:03.803+0600][68.382s][info][gc,heap     ] GC(106) O: Allocated:         -                72M (5%)           72M (5%)           78M (5%)     
[2026-04-03T03:29:03.803+0600][68.382s][info][gc,heap     ] GC(106) O: Reclaimed:         -                  -                20M (1%)           78M (5%)     
[2026-04-03T03:29:03.803+0600][68.382s][info][gc,heap     ] GC(106) O: Compacted:         -                  -                  -                43M (3%)     
[2026-04-03T03:29:03.803+0600][68.382s][info][gc,phases   ] GC(106) O: Old Generation 500M(33%)->918M(61%) 1.021s
[2026-04-03T03:29:03.803+0600][68.382s][info][gc          ] GC(106) Major Collection (Allocation Rate) 474M(32%)->838M(56%) 1.144s
[2026-04-03T03:29:03.816+0600][68.394s][info][gc          ] GC(111) Minor Collection (Allocation Rate)
[2026-04-03T03:29:03.816+0600][68.394s][info][gc,task     ] GC(111) Using 2 Workers for Young Generation
[2026-04-03T03:29:03.816+0600][68.394s][info][gc,phases   ] GC(111) y: Young Generation
[2026-04-03T03:29:03.816+0600][68.394s][info][gc,phases   ] GC(111) y: Pause Mark Start 0.018ms
[2026-04-03T03:29:04.013+0600][68.592s][info][gc,phases   ] GC(111) y: Concurrent Mark 197.236ms
[2026-04-03T03:29:04.014+0600][68.592s][info][gc,phases   ] GC(111) y: Pause Mark End 0.019ms
[2026-04-03T03:29:04.014+0600][68.592s][info][gc,phases   ] GC(111) y: Concurrent Mark Free 0.001ms
[2026-04-03T03:29:04.014+0600][68.592s][info][gc,phases   ] GC(111) y: Concurrent Reset Relocation Set 0.037ms
[2026-04-03T03:29:04.018+0600][68.596s][info][gc,reloc    ] GC(111) y: Using tenuring threshold: 1 (Computed)
[2026-04-03T03:29:04.051+0600][68.629s][info][gc,phases   ] GC(111) y: Concurrent Select Relocation Set 37.362ms
[2026-04-03T03:29:04.051+0600][68.630s][info][gc,phases   ] GC(111) y: Pause Relocate Start 0.016ms
[2026-04-03T03:29:04.110+0600][68.688s][info][gc,phases   ] GC(111) y: Concurrent Relocate 58.534ms
[2026-04-03T03:29:04.110+0600][68.688s][info][gc,alloc    ] GC(111) y:                         Mark Start        Mark End      Relocate Start    Relocate End   
[2026-04-03T03:29:04.110+0600][68.688s][info][gc,alloc    ] GC(111) y: Allocation Stalls:          0                0                0                0         
[2026-04-03T03:29:04.110+0600][68.688s][info][gc,load     ] GC(111) y: Load: 4.94 (41%) / 4.66 (39%) / 5.06 (42%)
[2026-04-03T03:29:04.110+0600][68.688s][info][gc,mmu      ] GC(111) y: MMU: 2ms/90.6%, 5ms/96.2%, 10ms/98.1%, 20ms/99.1%, 50ms/99.5%, 100ms/99.7%
[2026-04-03T03:29:04.110+0600][68.688s][info][gc,marking  ] GC(111) y: Mark: 2 stripe(s), 4 proactive flush(es), 1 terminate flush(es), 0 completion(s), 0 continuation(s) 
[2026-04-03T03:29:04.110+0600][68.688s][info][gc,marking  ] GC(111) y: Mark Stack Usage: 32M
[2026-04-03T03:29:04.110+0600][68.688s][info][gc,nmethod  ] GC(111) y: NMethods: 7585 registered, 854 unregistered
[2026-04-03T03:29:04.110+0600][68.688s][info][gc,metaspace] GC(111) y: Metaspace: 72M used, 73M committed, 1088M reserved
[2026-04-03T03:29:04.110+0600][68.688s][info][gc,reloc    ] GC(111) y:                        Candidates     Selected     In-Place         Size        Empty    Relocated 
[2026-04-03T03:29:04.110+0600][68.688s][info][gc,reloc    ] GC(111) y: Small Pages:                  225            7            0         450M         328M           2M 
[2026-04-03T03:29:04.110+0600][68.688s][info][gc,reloc    ] GC(111) y: Medium Pages:                   1            0            0          32M           0M           0M 
[2026-04-03T03:29:04.110+0600][68.688s][info][gc,reloc    ] GC(111) y: Large Pages:                    4            0            0          24M          12M           0M 
[2026-04-03T03:29:04.110+0600][68.688s][info][gc,reloc    ] GC(111) y: Forwarding Usage: 2M
[2026-04-03T03:29:04.110+0600][68.688s][info][gc,reloc    ] GC(111) y: Age Table:
[2026-04-03T03:29:04.110+0600][68.688s][info][gc,reloc    ] GC(111) y:                    Live             Garbage             Small              Medium             Large        
[2026-04-03T03:29:04.110+0600][68.688s][info][gc,reloc    ] GC(111) y: Eden              50M (3%)          343M (23%)        194 / 4              0 / 0              1 / 0        
[2026-04-03T03:29:04.110+0600][68.688s][info][gc,reloc    ] GC(111) y: Survivor 1        48M (3%)            9M (1%)          20 / 2              0 / 0              3 / 0        
[2026-04-03T03:29:04.110+0600][68.688s][info][gc,reloc    ] GC(111) y: Survivor 2        25M (2%)           28M (2%)          11 / 1              1 / 0              0 / 0        
[2026-04-03T03:29:04.110+0600][68.688s][info][gc,heap     ] GC(111) y: Min Capacity: 8M(1%)
[2026-04-03T03:29:04.110+0600][68.689s][info][gc,heap     ] GC(111) y: Max Capacity: 1500M(100%)
[2026-04-03T03:29:04.110+0600][68.689s][info][gc,heap     ] GC(111) y: Soft Max Capacity: 1500M(100%)
[2026-04-03T03:29:04.110+0600][68.689s][info][gc,heap     ] GC(111) y: Heap Statistics:
[2026-04-03T03:29:04.110+0600][68.689s][info][gc,heap     ] GC(111) y:                Mark Start          Mark End        Relocate Start      Relocate End           High               Low         
[2026-04-03T03:29:04.110+0600][68.689s][info][gc,heap     ] GC(111) y:  Capacity:     1500M (100%)       1500M (100%)       1500M (100%)       1500M (100%)       1500M (100%)       1500M (100%)   
[2026-04-03T03:29:04.110+0600][68.689s][info][gc,heap     ] GC(111) y:      Free:      630M (42%)         390M (26%)         730M (49%)         740M (49%)         740M (49%)         390M (26%)    
[2026-04-03T03:29:04.110+0600][68.689s][info][gc,heap     ] GC(111) y:      Used:      870M (58%)        1110M (74%)         770M (51%)         760M (51%)        1110M (74%)         760M (51%)    
[2026-04-03T03:29:04.110+0600][68.689s][info][gc,heap     ] GC(111) y: Young Generation Statistics:
[2026-04-03T03:29:04.110+0600][68.689s][info][gc,heap     ] GC(111) y:                Mark Start          Mark End        Relocate Start      Relocate End    
[2026-04-03T03:29:04.110+0600][68.689s][info][gc,heap     ] GC(111) y:      Used:      506M (34%)         746M (50%)         308M (21%)         294M (20%)    
[2026-04-03T03:29:04.110+0600][68.689s][info][gc,heap     ] GC(111) y:      Live:         -               124M (8%)           52M (4%)           50M (3%)     
[2026-04-03T03:29:04.110+0600][68.689s][info][gc,heap     ] GC(111) y:   Garbage:         -               381M (25%)          15M (1%)            0M (0%)     
[2026-04-03T03:29:04.110+0600][68.689s][info][gc,heap     ] GC(111) y: Allocated:         -               240M (16%)         240M (16%)         243M (16%)    
[2026-04-03T03:29:04.110+0600][68.689s][info][gc,heap     ] GC(111) y: Reclaimed:         -                  -               365M (24%)         380M (25%)    
[2026-04-03T03:29:04.110+0600][68.689s][info][gc,heap     ] GC(111) y:  Promoted:         -                  -                72M (5%)           74M (5%)     
[2026-04-03T03:29:04.110+0600][68.689s][info][gc,heap     ] GC(111) y: Compacted:         -                  -                  -                 0M (0%)     
[2026-04-03T03:29:04.110+0600][68.689s][info][gc,phases   ] GC(111) y: Young Generation 870M(58%)->760M(51%) 0.294s
[2026-04-03T03:29:04.110+0600][68.689s][info][gc          ] GC(111) Minor Collection (Allocation Rate) 870M(58%)->760M(51%) 0.295s
[2026-04-03T03:29:04.111+0600][68.689s][info][gc          ] GC(112) Major Collection (Allocation Rate)
[2026-04-03T03:29:04.111+0600][68.689s][info][gc,task     ] GC(112) Using 3 Workers for Young Generation
[2026-04-03T03:29:04.111+0600][68.689s][info][gc,task     ] GC(112) Using 1 Workers for Old Generation
[2026-04-03T03:29:04.111+0600][68.689s][info][gc,phases   ] GC(112) Y: Young Generation
[2026-04-03T03:29:04.111+0600][68.689s][info][gc,phases   ] GC(112) Y: Pause Mark Start (Major) 0.016ms
[2026-04-03T03:29:04.122+0600][68.700s][info][gc,phases   ] GC(112) Y: Concurrent Mark 11.131ms
[2026-04-03T03:29:04.122+0600][68.700s][info][gc,phases   ] GC(112) Y: Pause Mark End 0.021ms
[2026-04-03T03:29:04.122+0600][68.701s][info][gc,phases   ] GC(112) Y: Concurrent Mark Free 0.002ms
[2026-04-03T03:29:04.122+0600][68.701s][info][gc,phases   ] GC(112) Y: Concurrent Reset Relocation Set 0.062ms
[2026-04-03T03:29:04.127+0600][68.705s][info][gc,reloc    ] GC(112) Y: Using tenuring threshold: 2 (Computed)
[2026-04-03T03:29:04.127+0600][68.706s][info][gc,phases   ] GC(112) Y: Concurrent Select Relocation Set 4.997ms
[2026-04-03T03:29:04.127+0600][68.706s][info][gc,phases   ] GC(112) Y: Pause Relocate Start 0.010ms
[2026-04-03T03:29:04.128+0600][68.706s][info][gc,phases   ] GC(112) Y: Concurrent Relocate 0.381ms
[2026-04-03T03:29:04.128+0600][68.706s][info][gc,alloc    ] GC(112) Y:                         Mark Start        Mark End      Relocate Start    Relocate End   
[2026-04-03T03:29:04.128+0600][68.706s][info][gc,alloc    ] GC(112) Y: Allocation Stalls:          0                0                0                0         
[2026-04-03T03:29:04.128+0600][68.706s][info][gc,load     ] GC(112) Y: Load: 4.94 (41%) / 4.66 (39%) / 5.06 (42%)
[2026-04-03T03:29:04.128+0600][68.706s][info][gc,mmu      ] GC(112) Y: MMU: 2ms/90.6%, 5ms/96.2%, 10ms/98.1%, 20ms/99.1%, 50ms/99.5%, 100ms/99.7%
[2026-04-03T03:29:04.128+0600][68.706s][info][gc,marking  ] GC(112) Y: Mark: 2 stripe(s), 2 proactive flush(es), 1 terminate flush(es), 0 completion(s), 0 continuation(s) 
[2026-04-03T03:29:04.128+0600][68.706s][info][gc,marking  ] GC(112) Y: Mark Stack Usage: 32M
[2026-04-03T03:29:04.128+0600][68.706s][info][gc,nmethod  ] GC(112) Y: NMethods: 7585 registered, 854 unregistered
[2026-04-03T03:29:04.128+0600][68.706s][info][gc,metaspace] GC(112) Y: Metaspace: 72M used, 73M committed, 1088M reserved
[2026-04-03T03:29:04.128+0600][68.706s][info][gc,reloc    ] GC(112) Y:                        Candidates     Selected     In-Place         Size        Empty    Relocated 
[2026-04-03T03:29:04.128+0600][68.706s][info][gc,reloc    ] GC(112) Y: Small Pages:                  147           26            0         294M         240M           0M 
[2026-04-03T03:29:04.128+0600][68.706s][info][gc,reloc    ] GC(112) Y: Medium Pages:                   0            0            0           0M           0M           0M 
[2026-04-03T03:29:04.128+0600][68.706s][info][gc,reloc    ] GC(112) Y: Large Pages:                    0            0            0           0M           0M           0M 
[2026-04-03T03:29:04.128+0600][68.706s][info][gc,reloc    ] GC(112) Y: Forwarding Usage: 0M
[2026-04-03T03:29:04.128+0600][68.706s][info][gc,reloc    ] GC(112) Y: Age Table:
[2026-04-03T03:29:04.128+0600][68.706s][info][gc,reloc    ] GC(112) Y:                    Live             Garbage             Small              Medium             Large        
[2026-04-03T03:29:04.128+0600][68.706s][info][gc,reloc    ] GC(112) Y: Eden               0M (0%)          239M (16%)        120 / 24             0 / 0              0 / 0        
[2026-04-03T03:29:04.128+0600][68.706s][info][gc,reloc    ] GC(112) Y: Survivor 1         0M (0%)           53M (4%)          27 / 2              0 / 0              0 / 0        
[2026-04-03T03:29:04.128+0600][68.706s][info][gc,heap     ] GC(112) Y: Min Capacity: 8M(1%)
[2026-04-03T03:29:04.128+0600][68.706s][info][gc,heap     ] GC(112) Y: Max Capacity: 1500M(100%)
[2026-04-03T03:29:04.128+0600][68.706s][info][gc,heap     ] GC(112) Y: Soft Max Capacity: 1500M(100%)
[2026-04-03T03:29:04.128+0600][68.706s][info][gc,heap     ] GC(112) Y: Heap Statistics:
[2026-04-03T03:29:04.128+0600][68.706s][info][gc,heap     ] GC(112) Y:                Mark Start          Mark End        Relocate Start      Relocate End           High               Low         
[2026-04-03T03:29:04.128+0600][68.706s][info][gc,heap     ] GC(112) Y:  Capacity:     1500M (100%)       1500M (100%)       1500M (100%)       1500M (100%)       1500M (100%)       1500M (100%)   
[2026-04-03T03:29:04.128+0600][68.706s][info][gc,heap     ] GC(112) Y:      Free:      740M (49%)         740M (49%)         980M (65%)        1024M (68%)        1024M (68%)         740M (49%)    
[2026-04-03T03:29:04.128+0600][68.706s][info][gc,heap     ] GC(112) Y:      Used:      760M (51%)         760M (51%)         520M (35%)         476M (32%)         760M (51%)         476M (32%)    
[2026-04-03T03:29:04.128+0600][68.706s][info][gc,heap     ] GC(112) Y: Young Generation Statistics:
[2026-04-03T03:29:04.128+0600][68.706s][info][gc,heap     ] GC(112) Y:                Mark Start          Mark End        Relocate Start      Relocate End    
[2026-04-03T03:29:04.128+0600][68.706s][info][gc,heap     ] GC(112) Y:      Used:      294M (20%)         294M (20%)          54M (4%)           10M (1%)     
[2026-04-03T03:29:04.128+0600][68.706s][info][gc,heap     ] GC(112) Y:      Live:         -                 0M (0%)            0M (0%)            0M (0%)     
[2026-04-03T03:29:04.128+0600][68.707s][info][gc,heap     ] GC(112) Y:   Garbage:         -               293M (20%)          53M (4%)            0M (0%)     
[2026-04-03T03:29:04.128+0600][68.707s][info][gc,heap     ] GC(112) Y: Allocated:         -                 0M (0%)            0M (0%)            9M (1%)     
[2026-04-03T03:29:04.128+0600][68.707s][info][gc,heap     ] GC(112) Y: Reclaimed:         -                  -               240M (16%)         293M (20%)    
[2026-04-03T03:29:04.128+0600][68.707s][info][gc,heap     ] GC(112) Y:  Promoted:         -                  -                 0M (0%)            0M (0%)     
[2026-04-03T03:29:04.128+0600][68.707s][info][gc,heap     ] GC(112) Y: Compacted:         -                  -                  -                 0M (0%)     
[2026-04-03T03:29:04.128+0600][68.707s][info][gc,phases   ] GC(112) Y: Young Generation 760M(51%)->476M(32%) 0.017s
[2026-04-03T03:29:04.128+0600][68.707s][info][gc,phases   ] GC(112) O: Old Generation
[2026-04-03T03:29:04.195+0600][68.773s][info][gc,phases   ] GC(112) O: Concurrent Mark 66.563ms
[2026-04-03T03:29:04.195+0600][68.773s][info][gc,phases   ] GC(112) O: Pause Mark End 0.021ms
[2026-04-03T03:29:04.195+0600][68.773s][info][gc,phases   ] GC(112) O: Concurrent Mark Free 0.002ms
[2026-04-03T03:29:04.214+0600][68.792s][info][gc,phases   ] GC(112) O: Concurrent Process Non-Strong 18.687ms
[2026-04-03T03:29:04.214+0600][68.792s][info][gc,phases   ] GC(112) O: Concurrent Reset Relocation Set 0.011ms
[2026-04-03T03:29:04.220+0600][68.798s][info][gc,phases   ] GC(112) O: Concurrent Select Relocation Set 5.698ms
[2026-04-03T03:29:04.220+0600][68.798s][info][gc,task     ] GC(112) O: Using 3 Workers for Old Generation
[2026-04-03T03:29:04.240+0600][68.818s][info][gc,task     ] GC(112) O: Using 1 Workers for Old Generation
[2026-04-03T03:29:04.240+0600][68.818s][info][gc,phases   ] GC(112) O: Concurrent Remap Roots 19.870ms
[2026-04-03T03:29:04.240+0600][68.818s][info][gc,phases   ] GC(112) O: Pause Relocate Start 0.024ms
[2026-04-03T03:29:04.258+0600][68.836s][info][gc,phases   ] GC(112) O: Concurrent Relocate 17.697ms
[2026-04-03T03:29:04.258+0600][68.836s][info][gc,alloc    ] GC(112) O:                         Mark Start        Mark End      Relocate Start    Relocate End   
[2026-04-03T03:29:04.258+0600][68.836s][info][gc,alloc    ] GC(112) O: Allocation Stalls:          0                0                0                0         
[2026-04-03T03:29:04.258+0600][68.836s][info][gc,load     ] GC(112) O: Load: 4.94 (41%) / 4.66 (39%) / 5.06 (42%)
[2026-04-03T03:29:04.258+0600][68.836s][info][gc,mmu      ] GC(112) O: MMU: 2ms/90.6%, 5ms/96.2%, 10ms/98.1%, 20ms/99.1%, 50ms/99.5%, 100ms/99.7%
[2026-04-03T03:29:04.258+0600][68.836s][info][gc,marking  ] GC(112) O: Mark: 1 stripe(s), 2 proactive flush(es), 1 terminate flush(es), 0 completion(s), 0 continuation(s) 
[2026-04-03T03:29:04.258+0600][68.836s][info][gc,marking  ] GC(112) O: Mark Stack Usage: 32M
[2026-04-03T03:29:04.258+0600][68.836s][info][gc,nmethod  ] GC(112) O: NMethods: 7563 registered, 882 unregistered
[2026-04-03T03:29:04.258+0600][68.836s][info][gc,metaspace] GC(112) O: Metaspace: 72M used, 73M committed, 1088M reserved
[2026-04-03T03:29:04.258+0600][68.836s][info][gc,ref      ] GC(112) O:                       Encountered   Discovered     Enqueued 
[2026-04-03T03:29:04.258+0600][68.836s][info][gc,ref      ] GC(112) O: Soft References:             5087            0            0 
[2026-04-03T03:29:04.258+0600][68.836s][info][gc,ref      ] GC(112) O: Weak References:             6671         5303          258 
[2026-04-03T03:29:04.258+0600][68.836s][info][gc,ref      ] GC(112) O: Final References:              84            0            0 
[2026-04-03T03:29:04.258+0600][68.836s][info][gc,ref      ] GC(112) O: Phantom References:           589          554            0 
[2026-04-03T03:29:04.258+0600][68.836s][info][gc,reloc    ] GC(112) O:                        Candidates     Selected     In-Place         Size        Empty    Relocated 
[2026-04-03T03:29:04.258+0600][68.836s][info][gc,reloc    ] GC(112) O: Small Pages:                  144           36            0         288M         180M           5M 
[2026-04-03T03:29:04.258+0600][68.836s][info][gc,reloc    ] GC(112) O: Medium Pages:                   5            0            0         160M         128M           0M 
[2026-04-03T03:29:04.258+0600][68.836s][info][gc,reloc    ] GC(112) O: Large Pages:                    3            0            0          18M          18M           0M 
[2026-04-03T03:29:04.258+0600][68.836s][info][gc,reloc    ] GC(112) O: Forwarding Usage: 3M
[2026-04-03T03:29:04.258+0600][68.836s][info][gc,heap     ] GC(112) O: Min Capacity: 8M(1%)
[2026-04-03T03:29:04.258+0600][68.836s][info][gc,heap     ] GC(112) O: Max Capacity: 1500M(100%)
[2026-04-03T03:29:04.258+0600][68.836s][info][gc,heap     ] GC(112) O: Soft Max Capacity: 1500M(100%)
[2026-04-03T03:29:04.258+0600][68.836s][info][gc,heap     ] GC(112) O: Heap Statistics:
[2026-04-03T03:29:04.258+0600][68.836s][info][gc,heap     ] GC(112) O:                Mark Start          Mark End        Relocate Start      Relocate End           High               Low         
[2026-04-03T03:29:04.258+0600][68.836s][info][gc,heap     ] GC(112) O:  Capacity:     1500M (100%)       1500M (100%)       1500M (100%)       1500M (100%)       1500M (100%)       1500M (100%)   
[2026-04-03T03:29:04.258+0600][68.836s][info][gc,heap     ] GC(112) O:      Free:      740M (49%)         980M (65%)        1294M (86%)        1364M (91%)        1364M (91%)         740M (49%)    
[2026-04-03T03:29:04.258+0600][68.836s][info][gc,heap     ] GC(112) O:      Used:      760M (51%)         520M (35%)         206M (14%)         136M (9%)          760M (51%)         136M (9%)     
[2026-04-03T03:29:04.258+0600][68.836s][info][gc,heap     ] GC(112) O: Old Generation Statistics:
[2026-04-03T03:29:04.258+0600][68.836s][info][gc,heap     ] GC(112) O:                Mark Start          Mark End        Relocate Start      Relocate End    
[2026-04-03T03:29:04.258+0600][68.836s][info][gc,heap     ] GC(112) O:      Used:      466M (31%)         466M (31%)         140M (9%)           70M (5%)     
[2026-04-03T03:29:04.258+0600][68.836s][info][gc,heap     ] GC(112) O:      Live:         -                37M (2%)           37M (2%)           37M (2%)     
[2026-04-03T03:29:04.258+0600][68.836s][info][gc,heap     ] GC(112) O:   Garbage:         -               428M (29%)         102M (7%)           29M (2%)     
[2026-04-03T03:29:04.258+0600][68.836s][info][gc,heap     ] GC(112) O: Allocated:         -                 0M (0%)            0M (0%)            3M (0%)     
[2026-04-03T03:29:04.258+0600][68.836s][info][gc,heap     ] GC(112) O: Reclaimed:         -                  -               326M (22%)         399M (27%)    
[2026-04-03T03:29:04.258+0600][68.836s][info][gc,heap     ] GC(112) O: Compacted:         -                  -                  -                 8M (1%)     
[2026-04-03T03:29:04.258+0600][68.836s][info][gc,phases   ] GC(112) O: Old Generation 476M(32%)->136M(9%) 0.129s
[2026-04-03T03:29:04.258+0600][68.836s][info][gc          ] GC(112) Major Collection (Allocation Rate) 760M(51%)->136M(9%) 0.148s
[2026-04-03T03:29:04.569+0600][69.147s][info][gc,exit     ] Stopping ZGC
[2026-04-03T03:29:04.570+0600][69.148s][info][gc,stats    ] === Garbage Collection Statistics =======================================================================================================================
[2026-04-03T03:29:04.570+0600][69.148s][info][gc,stats    ]                                                              Last 10s              Last 10m              Last 10h                Total
[2026-04-03T03:29:04.570+0600][69.148s][info][gc,stats    ]                                                              Avg / Max             Avg / Max             Avg / Max             Avg / Max
[2026-04-03T03:29:04.570+0600][69.148s][info][gc,stats    ]        Contention: Mark Segment Reset Contention                     2 / 8                 8 / 398               8 / 398               8 / 398         ops/s
[2026-04-03T03:29:04.570+0600][69.148s][info][gc,stats    ]        Contention: Mark SeqNum Reset Contention                      0 / 1                 0 / 13                0 / 13                0 / 13          ops/s
[2026-04-03T03:29:04.570+0600][69.148s][info][gc,stats    ]          Critical: Allocation Stall                                  0 / 3                 0 / 4                 0 / 4                 0 / 4           ops/s
[2026-04-03T03:29:04.570+0600][69.148s][info][gc,stats    ]          Critical: Allocation Stall                             59.647 / 61.708      100.027 / 196.432     100.027 / 196.432     100.027 / 196.432     ms
[2026-04-03T03:29:04.570+0600][69.148s][info][gc,stats    ]          Critical: JNI Critical Stall                                0 / 4                 0 / 4                 0 / 4                 0 / 4           ops/s
[2026-04-03T03:29:04.570+0600][69.148s][info][gc,stats    ]          Critical: JNI Critical Stall                            0.291 / 0.374         0.956 / 4.767         0.956 / 4.767         0.956 / 4.767       ms
[2026-04-03T03:29:04.570+0600][69.148s][info][gc,stats    ]          Critical: Relocation Stall                                  0 / 0                 0 / 1                 0 / 1                 0 / 1           ops/s
[2026-04-03T03:29:04.570+0600][69.148s][info][gc,stats    ]          Critical: Relocation Stall                              0.000 / 0.000         3.810 / 3.810         3.810 / 3.810         3.810 / 3.810       ms
[2026-04-03T03:29:04.570+0600][69.148s][info][gc,stats    ]  Major Collection: Major Collection                           1316.454 / 2238.346   1183.659 / 3115.339   1183.659 / 3115.339   1183.659 / 3115.339    ms
[2026-04-03T03:29:04.570+0600][69.148s][info][gc,stats    ]            Memory: Allocation Rate                                 666 / 1016            564 / 2428            564 / 2428            564 / 2428        MB/s
[2026-04-03T03:29:04.570+0600][69.148s][info][gc,stats    ]            Memory: Defragment                                        7 / 71                8 / 100               8 / 100               8 / 100         ops/s
[2026-04-03T03:29:04.570+0600][69.148s][info][gc,stats    ]            Memory: Out Of Memory                                     0 / 0                 0 / 0                 0 / 0                 0 / 0           ops/s
[2026-04-03T03:29:04.570+0600][69.148s][info][gc,stats    ]            Memory: Page Cache Flush                                 75 / 274              48 / 322              48 / 322              48 / 322         MB/s
[2026-04-03T03:29:04.570+0600][69.148s][info][gc,stats    ]            Memory: Page Cache Hit L1                               301 / 492             251 / 1167            251 / 1167            251 / 1167        ops/s
[2026-04-03T03:29:04.570+0600][69.148s][info][gc,stats    ]            Memory: Page Cache Hit L2                                 0 / 0                 0 / 0                 0 / 0                 0 / 0           ops/s
[2026-04-03T03:29:04.570+0600][69.148s][info][gc,stats    ]            Memory: Page Cache Hit L3                                 8 / 59               10 / 93               10 / 93               10 / 93          ops/s
[2026-04-03T03:29:04.570+0600][69.148s][info][gc,stats    ]            Memory: Page Cache Miss                                   2 / 10                7 / 126               7 / 126               7 / 126         ops/s
[2026-04-03T03:29:04.570+0600][69.148s][info][gc,stats    ]            Memory: Uncommit                                          0 / 0                 0 / 0                 0 / 0                 0 / 0           MB/s
[2026-04-03T03:29:04.570+0600][69.148s][info][gc,stats    ]            Memory: Undo Object Allocation Failed                     0 / 0                 0 / 0                 0 / 0                 0 / 0           ops/s
[2026-04-03T03:29:04.570+0600][69.148s][info][gc,stats    ]            Memory: Undo Object Allocation Succeeded                 29 / 291              43 / 1112             43 / 1112             43 / 1112        ops/s
[2026-04-03T03:29:04.570+0600][69.148s][info][gc,stats    ]            Memory: Undo Page Allocation                              0 / 2                 0 / 4                 0 / 4                 0 / 4           ops/s
[2026-04-03T03:29:04.570+0600][69.148s][info][gc,stats    ]  Minor Collection: Minor Collection                            313.253 / 1037.766    329.650 / 1552.920    329.650 / 1552.920    329.650 / 1552.920    ms
[2026-04-03T03:29:04.570+0600][69.148s][info][gc,stats    ]    Old Generation: Old Generation                             1026.861 / 1626.709    897.488 / 2526.076    897.488 / 2526.076    897.488 / 2526.076    ms
[2026-04-03T03:29:04.570+0600][69.148s][info][gc,stats    ]         Old Pause: Pause Mark End                                0.034 / 0.061         0.034 / 0.069         0.034 / 0.069         0.034 / 0.069       ms
[2026-04-03T03:29:04.570+0600][69.148s][info][gc,stats    ]         Old Pause: Pause Relocate Start                          0.028 / 0.049         0.037 / 0.121         0.037 / 0.121         0.037 / 0.121       ms
[2026-04-03T03:29:04.570+0600][69.148s][info][gc,stats    ]         Old Phase: Concurrent Mark                             663.122 / 999.901     513.555 / 1299.144    513.555 / 1299.144    513.555 / 1299.144    ms
[2026-04-03T03:29:04.570+0600][69.148s][info][gc,stats    ]         Old Phase: Concurrent Mark Continue                      0.000 / 0.000         0.000 / 0.000         0.000 / 0.000         0.000 / 0.000       ms
[2026-04-03T03:29:04.570+0600][69.148s][info][gc,stats    ]         Old Phase: Concurrent Mark Free                          0.006 / 0.025         0.003 / 0.025         0.003 / 0.025         0.003 / 0.025       ms
[2026-04-03T03:29:04.570+0600][69.148s][info][gc,stats    ]         Old Phase: Concurrent Process Non-Strong                19.280 / 30.858       16.943 / 38.426       16.943 / 38.426       16.943 / 38.426      ms
[2026-04-03T03:29:04.570+0600][69.148s][info][gc,stats    ]         Old Phase: Concurrent Relocate                          61.193 / 150.523      56.744 / 265.674      56.744 / 265.674      56.744 / 265.674     ms
[2026-04-03T03:29:04.570+0600][69.148s][info][gc,stats    ]         Old Phase: Concurrent Remap Roots                       26.187 / 40.333       24.707 / 52.398       24.707 / 52.398       24.707 / 52.398      ms
[2026-04-03T03:29:04.570+0600][69.148s][info][gc,stats    ]         Old Phase: Concurrent Reset Relocation Set               0.013 / 0.022         0.008 / 0.027         0.008 / 0.027         0.008 / 0.027       ms
[2026-04-03T03:29:04.570+0600][69.148s][info][gc,stats    ]         Old Phase: Concurrent Select Relocation Set             13.133 / 23.236       10.884 / 40.496       10.884 / 40.496       10.884 / 40.496      ms
[2026-04-03T03:29:04.570+0600][69.148s][info][gc,stats    ]      Old Subphase: Concurrent Classes Purge                      0.048 / 0.066         0.192 / 0.702         0.192 / 0.702         0.192 / 0.702       ms
[2026-04-03T03:29:04.570+0600][69.148s][info][gc,stats    ]      Old Subphase: Concurrent Classes Unlink                    14.929 / 24.001       13.155 / 32.449       13.155 / 32.449       13.155 / 32.449      ms
[2026-04-03T03:29:04.570+0600][69.148s][info][gc,stats    ]      Old Subphase: Concurrent Mark Follow                      661.270 / 997.996     512.251 / 1296.891    512.251 / 1296.891    512.251 / 1296.891    ms
[2026-04-03T03:29:04.570+0600][69.148s][info][gc,stats    ]      Old Subphase: Concurrent Mark Root Colored                  0.293 / 0.365         0.211 / 0.399         0.211 / 0.399         0.211 / 0.399       ms
[2026-04-03T03:29:04.570+0600][69.148s][info][gc,stats    ]      Old Subphase: Concurrent Mark Root Uncolored                1.373 / 2.073         0.828 / 2.073         0.828 / 2.073         0.828 / 2.073       ms
[2026-04-03T03:29:04.570+0600][69.148s][info][gc,stats    ]      Old Subphase: Concurrent Mark Roots                         1.842 / 2.640         1.295 / 2.640         1.295 / 2.640         1.295 / 2.640       ms
[2026-04-03T03:29:04.570+0600][69.148s][info][gc,stats    ]      Old Subphase: Concurrent References Enqueue                 0.010 / 0.018         0.007 / 0.018         0.007 / 0.018         0.007 / 0.018       ms
[2026-04-03T03:29:04.570+0600][69.148s][info][gc,stats    ]      Old Subphase: Concurrent References Process                 1.435 / 2.728         1.074 / 2.932         1.074 / 2.932         1.074 / 2.932       ms
[2026-04-03T03:29:04.570+0600][69.148s][info][gc,stats    ]      Old Subphase: Concurrent Remap Remembered                  18.946 / 32.592       18.783 / 42.323       18.783 / 42.323       18.783 / 42.323      ms
[2026-04-03T03:29:04.570+0600][69.148s][info][gc,stats    ]      Old Subphase: Concurrent Remap Roots Colored                3.069 / 4.356         2.774 / 5.269         2.774 / 5.269         2.774 / 5.269       ms
[2026-04-03T03:29:04.570+0600][69.148s][info][gc,stats    ]      Old Subphase: Concurrent Remap Roots Uncolored              3.186 / 4.544         2.484 / 5.016         2.484 / 5.016         2.484 / 5.016       ms
[2026-04-03T03:29:04.570+0600][69.148s][info][gc,stats    ]      Old Subphase: Concurrent Roots ClassLoaderDataGraph         1.880 / 3.603         1.621 / 4.403         1.621 / 4.403         1.621 / 4.403       ms
[2026-04-03T03:29:04.570+0600][69.148s][info][gc,stats    ]      Old Subphase: Concurrent Roots CodeCache                    2.800 / 3.822         2.198 / 4.261         2.198 / 4.261         2.198 / 4.261       ms
[2026-04-03T03:29:04.570+0600][69.148s][info][gc,stats    ]      Old Subphase: Concurrent Roots JavaThreads                  0.551 / 2.071         0.370 / 2.071         0.370 / 2.071         0.370 / 2.071       ms
[2026-04-03T03:29:04.570+0600][69.148s][info][gc,stats    ]      Old Subphase: Concurrent Roots OopStorageSet                0.040 / 0.100         0.033 / 0.143         0.033 / 0.143         0.033 / 0.143       ms
[2026-04-03T03:29:04.570+0600][69.148s][info][gc,stats    ]      Old Subphase: Concurrent Weak Roots OopStorageSet           0.850 / 2.889         0.732 / 3.838         0.732 / 3.838         0.732 / 3.838       ms
[2026-04-03T03:29:04.570+0600][69.148s][info][gc,stats    ]            System: Java Threads                                    186 / 228             123 / 228             123 / 228             123 / 228         threads
[2026-04-03T03:29:04.570+0600][69.148s][info][gc,stats    ]  Young Generation: Young Generation                            288.593 / 610.452     315.154 / 1179.761    315.154 / 1179.761    315.154 / 1179.761    ms
[2026-04-03T03:29:04.570+0600][69.148s][info][gc,stats    ]  Young Generation: Young Generation                            312.686 / 1037.095    329.097 / 1552.270    329.097 / 1552.270    329.097 / 1552.270    ms
[2026-04-03T03:29:04.570+0600][69.148s][info][gc,stats    ]  Young Generation: Young Generation (Collect Roots)              0.000 / 0.000        11.162 / 13.411       11.162 / 13.411       11.162 / 13.411      ms
[2026-04-03T03:29:04.570+0600][69.148s][info][gc,stats    ]  Young Generation: Young Generation (Promote All)                0.000 / 0.000        34.759 / 55.751       34.759 / 55.751       34.759 / 55.751      ms
[2026-04-03T03:29:04.570+0600][69.148s][info][gc,stats    ]       Young Pause: Pause Mark End                                0.040 / 0.074         0.034 / 0.110         0.034 / 0.110         0.034 / 0.110       ms
[2026-04-03T03:29:04.570+0600][69.148s][info][gc,stats    ]       Young Pause: Pause Mark Start                              0.028 / 0.049         0.035 / 0.157         0.035 / 0.157         0.035 / 0.157       ms
[2026-04-03T03:29:04.570+0600][69.148s][info][gc,stats    ]       Young Pause: Pause Mark Start (Major)                      0.031 / 0.038         0.033 / 0.086         0.033 / 0.086         0.033 / 0.086       ms
[2026-04-03T03:29:04.570+0600][69.148s][info][gc,stats    ]       Young Pause: Pause Relocate Start                          0.036 / 0.063         0.033 / 0.097         0.033 / 0.097         0.033 / 0.097       ms
[2026-04-03T03:29:04.570+0600][69.148s][info][gc,stats    ]       Young Phase: Concurrent Mark                             216.953 / 739.827     219.037 / 1034.116    219.037 / 1034.116    219.037 / 1034.116    ms
[2026-04-03T03:29:04.570+0600][69.148s][info][gc,stats    ]       Young Phase: Concurrent Mark Continue                      0.000 / 0.000         0.000 / 0.000         0.000 / 0.000         0.000 / 0.000       ms
[2026-04-03T03:29:04.570+0600][69.148s][info][gc,stats    ]       Young Phase: Concurrent Mark Free                          0.003 / 0.005         0.005 / 0.369         0.005 / 0.369         0.005 / 0.369       ms
[2026-04-03T03:29:04.570+0600][69.148s][info][gc,stats    ]       Young Phase: Concurrent Relocate                          64.997 / 228.012      66.736 / 376.174      66.736 / 376.174      66.736 / 376.174     ms
[2026-04-03T03:29:04.570+0600][69.149s][info][gc,stats    ]       Young Phase: Concurrent Reset Relocation Set               0.044 / 0.190         0.038 / 0.190         0.038 / 0.190         0.038 / 0.190       ms
[2026-04-03T03:29:04.570+0600][69.149s][info][gc,stats    ]       Young Phase: Concurrent Select Relocation Set             22.315 / 65.776       22.289 / 139.991      22.289 / 139.991      22.289 / 139.991     ms
[2026-04-03T03:29:04.570+0600][69.149s][info][gc,stats    ]    Young Subphase: Concurrent Mark Follow                      206.093 / 723.008     209.964 / 1021.865    209.964 / 1021.865    209.964 / 1021.865    ms
[2026-04-03T03:29:04.570+0600][69.149s][info][gc,stats    ]    Young Subphase: Concurrent Mark Root Colored                  4.352 / 5.738         4.084 / 6.883         4.084 / 6.883         4.084 / 6.883       ms
[2026-04-03T03:29:04.570+0600][69.149s][info][gc,stats    ]    Young Subphase: Concurrent Mark Root Uncolored                5.430 / 15.219        4.237 / 15.219        4.237 / 15.219        4.237 / 15.219      ms
[2026-04-03T03:29:04.570+0600][69.149s][info][gc,stats    ]    Young Subphase: Concurrent Mark Roots                        10.846 / 19.894        9.063 / 19.894        9.063 / 19.894        9.063 / 19.894      ms
[2026-04-03T03:29:04.570+0600][69.149s][info][gc,stats    ]    Young Subphase: Concurrent Relocate Remset FP                23.903 / 103.065      26.642 / 286.762      26.642 / 286.762      26.642 / 286.762     ms
[2026-04-03T03:29:04.570+0600][69.149s][info][gc,stats    ]    Young Subphase: Concurrent Roots ClassLoaderDataGraph         3.192 / 4.350         3.030 / 4.777         3.030 / 4.777         3.030 / 4.777       ms
[2026-04-03T03:29:04.570+0600][69.149s][info][gc,stats    ]    Young Subphase: Concurrent Roots CodeCache                    4.466 / 12.802        3.546 / 12.802        3.546 / 12.802        3.546 / 12.802      ms
[2026-04-03T03:29:04.570+0600][69.149s][info][gc,stats    ]    Young Subphase: Concurrent Roots JavaThreads                  0.504 / 2.456         0.356 / 2.495         0.356 / 2.495         0.356 / 2.495       ms
[2026-04-03T03:29:04.570+0600][69.149s][info][gc,stats    ]    Young Subphase: Concurrent Roots OopStorageSet                0.043 / 0.134         0.039 / 0.391         0.039 / 0.391         0.039 / 0.391       ms
[2026-04-03T03:29:04.570+0600][69.149s][info][gc,stats    ]    Young Subphase: Concurrent Weak Roots OopStorageSet           1.119 / 3.416         1.017 / 3.416         1.017 / 3.416         1.017 / 3.416       ms
[2026-04-03T03:29:04.570+0600][69.149s][info][gc,stats    ] =========================================================================================================================================================
[2026-04-03T03:29:04.571+0600][69.149s][info][gc,heap,exit] Heap
[2026-04-03T03:29:04.571+0600][69.149s][info][gc,heap,exit]  ZHeap           used 136M, capacity 1500M, max capacity 1500M
[2026-04-03T03:29:04.571+0600][69.149s][info][gc,heap,exit]  Metaspace       used 73836K, committed 74752K, reserved 1114112K
[2026-04-03T03:29:04.571+0600][69.149s][info][gc,heap,exit]   class space    used 9421K, committed 9856K, reserved 1048576K
