[2026-04-03T03:33:18.438+0600][0.005s][info][gc,init] Initializing The Z Garbage Collector
[2026-04-03T03:33:18.438+0600][0.005s][info][gc,init] Version: 21.0.10+7-Ubuntu-124.04 (release)
[2026-04-03T03:33:18.438+0600][0.005s][info][gc,init] Using legacy single-generation mode
[2026-04-03T03:33:18.438+0600][0.005s][info][gc,init] NUMA Support: Disabled
[2026-04-03T03:33:18.438+0600][0.005s][info][gc,init] CPUs: 12 total, 12 available
[2026-04-03T03:33:18.438+0600][0.005s][info][gc,init] Memory: 15683M
[2026-04-03T03:33:18.438+0600][0.005s][info][gc,init] Large Page Support: Disabled
[2026-04-03T03:33:18.438+0600][0.005s][info][gc,init] GC Workers: 3 (dynamic)
[2026-04-03T03:33:18.439+0600][0.005s][info][gc,init] Address Space Type: Contiguous/Unrestricted/Complete
[2026-04-03T03:33:18.439+0600][0.005s][info][gc,init] Address Space Size: 28000M x 3 = 84000M
[2026-04-03T03:33:18.439+0600][0.005s][info][gc,init] Heap Backing File: /memfd:java_heap
[2026-04-03T03:33:18.439+0600][0.005s][info][gc,init] Heap Backing Filesystem: tmpfs (0x1021994)
[2026-04-03T03:33:18.439+0600][0.006s][info][gc,init] Min Capacity: 8M
[2026-04-03T03:33:18.439+0600][0.006s][info][gc,init] Initial Capacity: 246M
[2026-04-03T03:33:18.439+0600][0.006s][info][gc,init] Max Capacity: 1750M
[2026-04-03T03:33:18.439+0600][0.006s][info][gc,init] Medium Page Size: 32M
[2026-04-03T03:33:18.439+0600][0.006s][info][gc,init] Pre-touch: Disabled
[2026-04-03T03:33:18.439+0600][0.006s][info][gc,init] Available space on backing filesystem: N/A
[2026-04-03T03:33:18.440+0600][0.007s][info][gc,init] Uncommit: Enabled
[2026-04-03T03:33:18.440+0600][0.007s][info][gc,init] Uncommit Delay: 300s
[2026-04-03T03:33:18.524+0600][0.090s][info][gc,init] Runtime Workers: 8
[2026-04-03T03:33:18.525+0600][0.091s][info][gc     ] Using The Z Garbage Collector
[2026-04-03T03:33:18.536+0600][0.103s][info][gc,metaspace] CDS archive(s) mapped at: [0x00007cb4f7000000-0x00007cb4f7c9c000-0x00007cb4f7c9c000), size 13221888, SharedBaseAddress: 0x00007cb4f7000000, ArchiveRelocationMode: 1.
[2026-04-03T03:33:18.536+0600][0.103s][info][gc,metaspace] Compressed class space mapped at: 0x00007cb4f8000000-0x00007cb538000000, reserved size: 1073741824
[2026-04-03T03:33:18.536+0600][0.103s][info][gc,metaspace] Narrow klass base: 0x00007cb4f7000000, Narrow klass shift: 0, Narrow klass range: 0x100000000
[2026-04-03T03:33:19.350+0600][0.917s][info][gc,start    ] GC(0) Garbage Collection (Warmup)
[2026-04-03T03:33:19.350+0600][0.917s][info][gc,task     ] GC(0) Using 3 workers
[2026-04-03T03:33:19.351+0600][0.917s][info][gc,phases   ] GC(0) Pause Mark Start 0.010ms
[2026-04-03T03:33:19.357+0600][0.923s][info][gc,phases   ] GC(0) Concurrent Mark 6.030ms
[2026-04-03T03:33:19.357+0600][0.924s][info][gc,phases   ] GC(0) Pause Mark End 0.015ms
[2026-04-03T03:33:19.357+0600][0.924s][info][gc,phases   ] GC(0) Concurrent Mark Free 0.002ms
[2026-04-03T03:33:19.359+0600][0.925s][info][gc,phases   ] GC(0) Concurrent Process Non-Strong References 1.250ms
[2026-04-03T03:33:19.359+0600][0.925s][info][gc,phases   ] GC(0) Concurrent Reset Relocation Set 0.001ms
[2026-04-03T03:33:19.366+0600][0.932s][info][gc,phases   ] GC(0) Concurrent Select Relocation Set 7.197ms
[2026-04-03T03:33:19.366+0600][0.932s][info][gc,phases   ] GC(0) Pause Relocate Start 0.008ms
[2026-04-03T03:33:19.368+0600][0.935s][info][gc,phases   ] GC(0) Concurrent Relocate 2.007ms
[2026-04-03T03:33:19.368+0600][0.935s][info][gc,load     ] GC(0) Load: 4.45/4.28/4.78
[2026-04-03T03:33:19.368+0600][0.935s][info][gc,mmu      ] GC(0) MMU: 2ms/99.2%, 5ms/99.7%, 10ms/99.8%, 20ms/99.8%, 50ms/99.9%, 100ms/100.0%
[2026-04-03T03:33:19.368+0600][0.935s][info][gc,marking  ] GC(0) Mark: 2 stripe(s), 2 proactive flush(es), 1 terminate flush(es), 0 completion(s), 0 continuation(s) 
[2026-04-03T03:33:19.368+0600][0.935s][info][gc,marking  ] GC(0) Mark Stack Usage: 32M
[2026-04-03T03:33:19.368+0600][0.935s][info][gc,nmethod  ] GC(0) NMethods: 949 registered, 90 unregistered
[2026-04-03T03:33:19.368+0600][0.935s][info][gc,metaspace] GC(0) Metaspace: 7M used, 7M committed, 1088M reserved
[2026-04-03T03:33:19.368+0600][0.935s][info][gc,ref      ] GC(0) Soft: 188 encountered, 0 discovered, 0 enqueued
[2026-04-03T03:33:19.368+0600][0.935s][info][gc,ref      ] GC(0) Weak: 664 encountered, 375 discovered, 180 enqueued
[2026-04-03T03:33:19.368+0600][0.935s][info][gc,ref      ] GC(0) Final: 0 encountered, 0 discovered, 0 enqueued
[2026-04-03T03:33:19.368+0600][0.935s][info][gc,ref      ] GC(0) Phantom: 25 encountered, 17 discovered, 0 enqueued
[2026-04-03T03:33:19.368+0600][0.935s][info][gc,reloc    ] GC(0) Small Pages: 98 / 196M, Empty: 0M, Relocated: 1M, In-Place: 0
[2026-04-03T03:33:19.368+0600][0.935s][info][gc,reloc    ] GC(0) Medium Pages: 0 / 0M, Empty: 0M, Relocated: 0M, In-Place: 0
[2026-04-03T03:33:19.368+0600][0.935s][info][gc,reloc    ] GC(0) Large Pages: 0 / 0M, Empty: 0M, Relocated: 0M, In-Place: 0
[2026-04-03T03:33:19.368+0600][0.935s][info][gc,reloc    ] GC(0) Forwarding Usage: 0M
[2026-04-03T03:33:19.368+0600][0.935s][info][gc,heap     ] GC(0) Min Capacity: 8M(0%)
[2026-04-03T03:33:19.368+0600][0.935s][info][gc,heap     ] GC(0) Max Capacity: 1750M(100%)
[2026-04-03T03:33:19.368+0600][0.935s][info][gc,heap     ] GC(0) Soft Max Capacity: 1750M(100%)
[2026-04-03T03:33:19.368+0600][0.935s][info][gc,heap     ] GC(0)                Mark Start          Mark End        Relocate Start      Relocate End           High               Low         
[2026-04-03T03:33:19.368+0600][0.935s][info][gc,heap     ] GC(0)  Capacity:      246M (14%)         246M (14%)         246M (14%)         246M (14%)         246M (14%)         246M (14%)    
[2026-04-03T03:33:19.368+0600][0.935s][info][gc,heap     ] GC(0)      Free:     1554M (89%)        1550M (89%)        1546M (88%)        1730M (99%)        1730M (99%)        1542M (88%)    
[2026-04-03T03:33:19.368+0600][0.935s][info][gc,heap     ] GC(0)      Used:      196M (11%)         200M (11%)         204M (12%)          20M (1%)          208M (12%)          20M (1%)     
[2026-04-03T03:33:19.368+0600][0.935s][info][gc,heap     ] GC(0)      Live:         -                 4M (0%)            4M (0%)            4M (0%)             -                  -          
[2026-04-03T03:33:19.368+0600][0.935s][info][gc,heap     ] GC(0) Allocated:         -                 4M (0%)            8M (0%)            9M (1%)             -                  -          
[2026-04-03T03:33:19.368+0600][0.935s][info][gc,heap     ] GC(0)   Garbage:         -               191M (11%)         191M (11%)           5M (0%)             -                  -          
[2026-04-03T03:33:19.368+0600][0.935s][info][gc,heap     ] GC(0) Reclaimed:         -                  -                 0M (0%)          185M (11%)            -                  -          
[2026-04-03T03:33:19.368+0600][0.935s][info][gc          ] GC(0) Garbage Collection (Warmup) 196M(11%)->20M(1%)
[2026-04-03T03:33:22.556+0600][4.122s][info][gc,start    ] GC(1) Garbage Collection (Metadata GC Threshold)
[2026-04-03T03:33:22.556+0600][4.122s][info][gc,task     ] GC(1) Using 3 workers
[2026-04-03T03:33:22.556+0600][4.123s][info][gc,phases   ] GC(1) Pause Mark Start 0.011ms
[2026-04-03T03:33:22.571+0600][4.137s][info][gc,phases   ] GC(1) Concurrent Mark 14.656ms
[2026-04-03T03:33:22.571+0600][4.138s][info][gc,phases   ] GC(1) Pause Mark End 0.037ms
[2026-04-03T03:33:22.571+0600][4.138s][info][gc,phases   ] GC(1) Concurrent Mark Free 0.002ms
[2026-04-03T03:33:22.574+0600][4.141s][info][gc,phases   ] GC(1) Concurrent Process Non-Strong References 2.835ms
[2026-04-03T03:33:22.574+0600][4.141s][info][gc,phases   ] GC(1) Concurrent Reset Relocation Set 0.009ms
[2026-04-03T03:33:22.579+0600][4.145s][info][gc,phases   ] GC(1) Concurrent Select Relocation Set 4.554ms
[2026-04-03T03:33:22.579+0600][4.145s][info][gc,phases   ] GC(1) Pause Relocate Start 0.013ms
[2026-04-03T03:33:22.588+0600][4.154s][info][gc,phases   ] GC(1) Concurrent Relocate 8.722ms
[2026-04-03T03:33:22.588+0600][4.154s][info][gc,load     ] GC(1) Load: 4.25/4.24/4.77
[2026-04-03T03:33:22.588+0600][4.154s][info][gc,mmu      ] GC(1) MMU: 2ms/98.2%, 5ms/99.3%, 10ms/99.5%, 20ms/99.8%, 50ms/99.9%, 100ms/99.9%
[2026-04-03T03:33:22.588+0600][4.154s][info][gc,marking  ] GC(1) Mark: 2 stripe(s), 2 proactive flush(es), 1 terminate flush(es), 0 completion(s), 0 continuation(s) 
[2026-04-03T03:33:22.588+0600][4.154s][info][gc,marking  ] GC(1) Mark Stack Usage: 32M
[2026-04-03T03:33:22.588+0600][4.154s][info][gc,nmethod  ] GC(1) NMethods: 1744 registered, 173 unregistered
[2026-04-03T03:33:22.588+0600][4.155s][info][gc,metaspace] GC(1) Metaspace: 20M used, 21M committed, 1088M reserved
[2026-04-03T03:33:22.588+0600][4.155s][info][gc,ref      ] GC(1) Soft: 3507 encountered, 0 discovered, 0 enqueued
[2026-04-03T03:33:22.588+0600][4.155s][info][gc,ref      ] GC(1) Weak: 1310 encountered, 765 discovered, 298 enqueued
[2026-04-03T03:33:22.588+0600][4.155s][info][gc,ref      ] GC(1) Final: 0 encountered, 0 discovered, 0 enqueued
[2026-04-03T03:33:22.588+0600][4.155s][info][gc,ref      ] GC(1) Phantom: 563 encountered, 381 discovered, 0 enqueued
[2026-04-03T03:33:22.588+0600][4.155s][info][gc,reloc    ] GC(1) Small Pages: 156 / 312M, Empty: 0M, Relocated: 11M, In-Place: 0
[2026-04-03T03:33:22.588+0600][4.155s][info][gc,reloc    ] GC(1) Medium Pages: 1 / 32M, Empty: 0M, Relocated: 0M, In-Place: 0
[2026-04-03T03:33:22.588+0600][4.155s][info][gc,reloc    ] GC(1) Large Pages: 0 / 0M, Empty: 0M, Relocated: 0M, In-Place: 0
[2026-04-03T03:33:22.588+0600][4.155s][info][gc,reloc    ] GC(1) Forwarding Usage: 2M
[2026-04-03T03:33:22.588+0600][4.155s][info][gc,heap     ] GC(1) Min Capacity: 8M(0%)
[2026-04-03T03:33:22.588+0600][4.155s][info][gc,heap     ] GC(1) Max Capacity: 1750M(100%)
[2026-04-03T03:33:22.588+0600][4.155s][info][gc,heap     ] GC(1) Soft Max Capacity: 1750M(100%)
[2026-04-03T03:33:22.588+0600][4.155s][info][gc,heap     ] GC(1)                Mark Start          Mark End        Relocate Start      Relocate End           High               Low         
[2026-04-03T03:33:22.588+0600][4.155s][info][gc,heap     ] GC(1)  Capacity:      344M (20%)         346M (20%)         346M (20%)         354M (20%)         354M (20%)         344M (20%)    
[2026-04-03T03:33:22.588+0600][4.155s][info][gc,heap     ] GC(1)      Free:     1406M (80%)        1404M (80%)        1404M (80%)        1694M (97%)        1694M (97%)        1396M (80%)    
[2026-04-03T03:33:22.588+0600][4.155s][info][gc,heap     ] GC(1)      Used:      344M (20%)         346M (20%)         346M (20%)          56M (3%)          354M (20%)          56M (3%)     
[2026-04-03T03:33:22.588+0600][4.155s][info][gc,heap     ] GC(1)      Live:         -                19M (1%)           19M (1%)           19M (1%)             -                  -          
[2026-04-03T03:33:22.588+0600][4.155s][info][gc,heap     ] GC(1) Allocated:         -                 2M (0%)            2M (0%)            4M (0%)             -                  -          
[2026-04-03T03:33:22.588+0600][4.155s][info][gc,heap     ] GC(1)   Garbage:         -               324M (19%)         324M (19%)          31M (2%)             -                  -          
[2026-04-03T03:33:22.588+0600][4.155s][info][gc,heap     ] GC(1) Reclaimed:         -                  -                 0M (0%)          292M (17%)            -                  -          
[2026-04-03T03:33:22.588+0600][4.155s][info][gc          ] GC(1) Garbage Collection (Metadata GC Threshold) 344M(20%)->56M(3%)
[2026-04-03T03:33:25.314+0600][6.880s][info][gc,start    ] GC(2) Garbage Collection (Metadata GC Threshold)
[2026-04-03T03:33:25.314+0600][6.880s][info][gc,task     ] GC(2) Using 3 workers
[2026-04-03T03:33:25.314+0600][6.880s][info][gc,phases   ] GC(2) Pause Mark Start 0.010ms
[2026-04-03T03:33:25.337+0600][6.904s][info][gc,phases   ] GC(2) Concurrent Mark 23.140ms
[2026-04-03T03:33:25.337+0600][6.904s][info][gc,phases   ] GC(2) Pause Mark End 0.020ms
[2026-04-03T03:33:25.338+0600][6.904s][info][gc,phases   ] GC(2) Concurrent Mark Free 0.003ms
[2026-04-03T03:33:25.342+0600][6.909s][info][gc,phases   ] GC(2) Concurrent Process Non-Strong References 4.462ms
[2026-04-03T03:33:25.342+0600][6.909s][info][gc,phases   ] GC(2) Concurrent Reset Relocation Set 0.011ms
[2026-04-03T03:33:25.345+0600][6.911s][info][gc,phases   ] GC(2) Concurrent Select Relocation Set 2.679ms
[2026-04-03T03:33:25.345+0600][6.912s][info][gc,phases   ] GC(2) Pause Relocate Start 0.013ms
[2026-04-03T03:33:25.350+0600][6.916s][info][gc,phases   ] GC(2) Concurrent Relocate 4.429ms
[2026-04-03T03:33:25.350+0600][6.916s][info][gc,load     ] GC(2) Load: 4.25/4.24/4.77
[2026-04-03T03:33:25.350+0600][6.916s][info][gc,mmu      ] GC(2) MMU: 2ms/98.2%, 5ms/99.3%, 10ms/99.5%, 20ms/99.8%, 50ms/99.9%, 100ms/99.9%
[2026-04-03T03:33:25.350+0600][6.916s][info][gc,marking  ] GC(2) Mark: 2 stripe(s), 3 proactive flush(es), 2 terminate flush(es), 0 completion(s), 0 continuation(s) 
[2026-04-03T03:33:25.350+0600][6.916s][info][gc,marking  ] GC(2) Mark Stack Usage: 32M
[2026-04-03T03:33:25.350+0600][6.916s][info][gc,nmethod  ] GC(2) NMethods: 2488 registered, 362 unregistered
[2026-04-03T03:33:25.350+0600][6.916s][info][gc,metaspace] GC(2) Metaspace: 35M used, 35M committed, 1088M reserved
[2026-04-03T03:33:25.350+0600][6.916s][info][gc,ref      ] GC(2) Soft: 3855 encountered, 0 discovered, 0 enqueued
[2026-04-03T03:33:25.350+0600][6.916s][info][gc,ref      ] GC(2) Weak: 2535 encountered, 1169 discovered, 473 enqueued
[2026-04-03T03:33:25.350+0600][6.916s][info][gc,ref      ] GC(2) Final: 80 encountered, 16 discovered, 0 enqueued
[2026-04-03T03:33:25.350+0600][6.916s][info][gc,ref      ] GC(2) Phantom: 569 encountered, 385 discovered, 1 enqueued
[2026-04-03T03:33:25.350+0600][6.916s][info][gc,reloc    ] GC(2) Small Pages: 82 / 164M, Empty: 0M, Relocated: 8M, In-Place: 0
[2026-04-03T03:33:25.350+0600][6.916s][info][gc,reloc    ] GC(2) Medium Pages: 2 / 64M, Empty: 32M, Relocated: 0M, In-Place: 0
[2026-04-03T03:33:25.350+0600][6.916s][info][gc,reloc    ] GC(2) Large Pages: 0 / 0M, Empty: 0M, Relocated: 0M, In-Place: 0
[2026-04-03T03:33:25.350+0600][6.916s][info][gc,reloc    ] GC(2) Forwarding Usage: 2M
[2026-04-03T03:33:25.350+0600][6.916s][info][gc,heap     ] GC(2) Min Capacity: 8M(0%)
[2026-04-03T03:33:25.350+0600][6.916s][info][gc,heap     ] GC(2) Max Capacity: 1750M(100%)
[2026-04-03T03:33:25.350+0600][6.916s][info][gc,heap     ] GC(2) Soft Max Capacity: 1750M(100%)
[2026-04-03T03:33:25.350+0600][6.916s][info][gc,heap     ] GC(2)                Mark Start          Mark End        Relocate Start      Relocate End           High               Low         
[2026-04-03T03:33:25.350+0600][6.916s][info][gc,heap     ] GC(2)  Capacity:      386M (22%)         386M (22%)         386M (22%)         386M (22%)         386M (22%)         386M (22%)    
[2026-04-03T03:33:25.350+0600][6.916s][info][gc,heap     ] GC(2)      Free:     1522M (87%)        1518M (87%)        1548M (88%)        1688M (96%)        1688M (96%)        1518M (87%)    
[2026-04-03T03:33:25.350+0600][6.916s][info][gc,heap     ] GC(2)      Used:      228M (13%)         232M (13%)         202M (12%)          62M (4%)          232M (13%)          62M (4%)     
[2026-04-03T03:33:25.350+0600][6.916s][info][gc,heap     ] GC(2)      Live:         -                24M (1%)           24M (1%)           24M (1%)             -                  -          
[2026-04-03T03:33:25.350+0600][6.916s][info][gc,heap     ] GC(2) Allocated:         -                 4M (0%)            6M (0%)            5M (0%)             -                  -          
[2026-04-03T03:33:25.350+0600][6.916s][info][gc,heap     ] GC(2)   Garbage:         -               203M (12%)         171M (10%)          32M (2%)             -                  -          
[2026-04-03T03:33:25.350+0600][6.916s][info][gc,heap     ] GC(2) Reclaimed:         -                  -                32M (2%)          171M (10%)            -                  -          
[2026-04-03T03:33:25.350+0600][6.916s][info][gc          ] GC(2) Garbage Collection (Metadata GC Threshold) 228M(13%)->62M(4%)
[2026-04-03T03:33:27.650+0600][9.216s][info][gc,start    ] GC(3) Garbage Collection (Warmup)
[2026-04-03T03:33:27.650+0600][9.217s][info][gc,task     ] GC(3) Using 3 workers
[2026-04-03T03:33:27.650+0600][9.217s][info][gc,phases   ] GC(3) Pause Mark Start 0.017ms
[2026-04-03T03:33:27.919+0600][9.486s][info][gc,phases   ] GC(3) Concurrent Mark 268.582ms
[2026-04-03T03:33:27.919+0600][9.486s][info][gc,phases   ] GC(3) Pause Mark End 0.020ms
[2026-04-03T03:33:27.920+0600][9.486s][info][gc,phases   ] GC(3) Concurrent Mark Free 0.002ms
[2026-04-03T03:33:27.924+0600][9.491s][info][gc,phases   ] GC(3) Concurrent Process Non-Strong References 4.476ms
[2026-04-03T03:33:27.924+0600][9.491s][info][gc,phases   ] GC(3) Concurrent Reset Relocation Set 0.005ms
[2026-04-03T03:33:27.927+0600][9.494s][info][gc,phases   ] GC(3) Concurrent Select Relocation Set 2.836ms
[2026-04-03T03:33:27.927+0600][9.494s][info][gc,phases   ] GC(3) Pause Relocate Start 0.012ms
[2026-04-03T03:33:27.947+0600][9.513s][info][gc,phases   ] GC(3) Concurrent Relocate 19.104ms
[2026-04-03T03:33:27.947+0600][9.513s][info][gc,load     ] GC(3) Load: 3.99/4.19/4.75
[2026-04-03T03:33:27.947+0600][9.513s][info][gc,mmu      ] GC(3) MMU: 2ms/98.2%, 5ms/99.3%, 10ms/99.5%, 20ms/99.8%, 50ms/99.9%, 100ms/99.9%
[2026-04-03T03:33:27.947+0600][9.513s][info][gc,marking  ] GC(3) Mark: 2 stripe(s), 10 proactive flush(es), 1 terminate flush(es), 0 completion(s), 0 continuation(s) 
[2026-04-03T03:33:27.947+0600][9.513s][info][gc,marking  ] GC(3) Mark Stack Usage: 32M
[2026-04-03T03:33:27.947+0600][9.513s][info][gc,nmethod  ] GC(3) NMethods: 2986 registered, 131 unregistered
[2026-04-03T03:33:27.947+0600][9.513s][info][gc,metaspace] GC(3) Metaspace: 48M used, 48M committed, 1088M reserved
[2026-04-03T03:33:27.947+0600][9.513s][info][gc,ref      ] GC(3) Soft: 3981 encountered, 0 discovered, 0 enqueued
[2026-04-03T03:33:27.947+0600][9.513s][info][gc,ref      ] GC(3) Weak: 3290 encountered, 1477 discovered, 533 enqueued
[2026-04-03T03:33:27.947+0600][9.513s][info][gc,ref      ] GC(3) Final: 82 encountered, 48 discovered, 0 enqueued
[2026-04-03T03:33:27.947+0600][9.513s][info][gc,ref      ] GC(3) Phantom: 585 encountered, 480 discovered, 0 enqueued
[2026-04-03T03:33:27.947+0600][9.513s][info][gc,reloc    ] GC(3) Small Pages: 162 / 324M, Empty: 0M, Relocated: 10M, In-Place: 0
[2026-04-03T03:33:27.947+0600][9.513s][info][gc,reloc    ] GC(3) Medium Pages: 2 / 64M, Empty: 0M, Relocated: 5M, In-Place: 0
[2026-04-03T03:33:27.947+0600][9.513s][info][gc,reloc    ] GC(3) Large Pages: 0 / 0M, Empty: 0M, Relocated: 0M, In-Place: 0
[2026-04-03T03:33:27.947+0600][9.513s][info][gc,reloc    ] GC(3) Forwarding Usage: 3M
[2026-04-03T03:33:27.947+0600][9.513s][info][gc,heap     ] GC(3) Min Capacity: 8M(0%)
[2026-04-03T03:33:27.947+0600][9.513s][info][gc,heap     ] GC(3) Max Capacity: 1750M(100%)
[2026-04-03T03:33:27.947+0600][9.513s][info][gc,heap     ] GC(3) Soft Max Capacity: 1750M(100%)
[2026-04-03T03:33:27.947+0600][9.513s][info][gc,heap     ] GC(3)                Mark Start          Mark End        Relocate Start      Relocate End           High               Low         
[2026-04-03T03:33:27.947+0600][9.513s][info][gc,heap     ] GC(3)  Capacity:      388M (22%)         496M (28%)         498M (28%)         536M (31%)         536M (31%)         388M (22%)    
[2026-04-03T03:33:27.947+0600][9.513s][info][gc,heap     ] GC(3)      Free:     1362M (78%)        1254M (72%)        1252M (72%)        1408M (80%)        1408M (80%)        1214M (69%)    
[2026-04-03T03:33:27.947+0600][9.513s][info][gc,heap     ] GC(3)      Used:      388M (22%)         496M (28%)         498M (28%)         342M (20%)         536M (31%)         342M (20%)    
[2026-04-03T03:33:27.947+0600][9.513s][info][gc,heap     ] GC(3)      Live:         -               187M (11%)         187M (11%)         187M (11%)            -                  -          
[2026-04-03T03:33:27.947+0600][9.513s][info][gc,heap     ] GC(3) Allocated:         -               108M (6%)          110M (6%)          123M (7%)             -                  -          
[2026-04-03T03:33:27.947+0600][9.513s][info][gc,heap     ] GC(3)   Garbage:         -               200M (11%)         200M (11%)          30M (2%)             -                  -          
[2026-04-03T03:33:27.947+0600][9.513s][info][gc,heap     ] GC(3) Reclaimed:         -                  -                 0M (0%)          169M (10%)            -                  -          
[2026-04-03T03:33:27.947+0600][9.513s][info][gc          ] GC(3) Garbage Collection (Warmup) 388M(22%)->342M(20%)
[2026-04-03T03:33:28.251+0600][9.817s][info][gc,start    ] GC(4) Garbage Collection (Warmup)
[2026-04-03T03:33:28.251+0600][9.817s][info][gc,task     ] GC(4) Using 3 workers
[2026-04-03T03:33:28.251+0600][9.817s][info][gc,phases   ] GC(4) Pause Mark Start 0.010ms
[2026-04-03T03:33:28.550+0600][10.116s][info][gc,stats    ] === Garbage Collection Statistics =======================================================================================================================
[2026-04-03T03:33:28.550+0600][10.116s][info][gc,stats    ]                                                              Last 10s              Last 10m              Last 10h                Total
[2026-04-03T03:33:28.550+0600][10.116s][info][gc,stats    ]                                                              Avg / Max             Avg / Max             Avg / Max             Avg / Max
[2026-04-03T03:33:28.550+0600][10.116s][info][gc,stats    ]   Collector: Garbage Collection Cycle                     95.804 / 296.783      95.804 / 296.783      95.804 / 296.783      95.804 / 296.783     ms
[2026-04-03T03:33:28.550+0600][10.116s][info][gc,stats    ]  Contention: Mark Segment Reset Contention                     0 / 2                 0 / 2                 0 / 2                 0 / 2           ops/s
[2026-04-03T03:33:28.550+0600][10.116s][info][gc,stats    ]  Contention: Mark SeqNum Reset Contention                      0 / 0                 0 / 0                 0 / 0                 0 / 0           ops/s
[2026-04-03T03:33:28.550+0600][10.116s][info][gc,stats    ]    Critical: Allocation Stall                                  0 / 0                 0 / 0                 0 / 0                 0 / 0           ops/s
[2026-04-03T03:33:28.550+0600][10.116s][info][gc,stats    ]    Critical: Allocation Stall                              0.000 / 0.000         0.000 / 0.000         0.000 / 0.000         0.000 / 0.000       ms
[2026-04-03T03:33:28.550+0600][10.116s][info][gc,stats    ]    Critical: GC Locker Stall                                   0 / 1                 0 / 1                 0 / 1                 0 / 1           ops/s
[2026-04-03T03:33:28.550+0600][10.116s][info][gc,stats    ]    Critical: GC Locker Stall                               0.001 / 0.001         0.001 / 0.001         0.001 / 0.001         0.001 / 0.001       ms
[2026-04-03T03:33:28.550+0600][10.116s][info][gc,stats    ]    Critical: Relocation Stall                                  0 / 0                 0 / 0                 0 / 0                 0 / 0           ops/s
[2026-04-03T03:33:28.550+0600][10.116s][info][gc,stats    ]    Critical: Relocation Stall                              0.000 / 0.000         0.000 / 0.000         0.000 / 0.000         0.000 / 0.000       ms
[2026-04-03T03:33:28.550+0600][10.116s][info][gc,stats    ]      Memory: Allocation Rate                                 147 / 496             147 / 496             147 / 496             147 / 496         MB/s
[2026-04-03T03:33:28.550+0600][10.116s][info][gc,stats    ]      Memory: Defragment                                        1 / 16                1 / 16                1 / 16                1 / 16          ops/s
[2026-04-03T03:33:28.550+0600][10.116s][info][gc,stats    ]      Memory: Out Of Memory                                     0 / 0                 0 / 0                 0 / 0                 0 / 0           ops/s
[2026-04-03T03:33:28.550+0600][10.116s][info][gc,stats    ]      Memory: Page Cache Flush                                  3 / 32                3 / 32                3 / 32                3 / 32          MB/s
[2026-04-03T03:33:28.550+0600][10.116s][info][gc,stats    ]      Memory: Page Cache Hit L1                                40 / 105              40 / 105              40 / 105              40 / 105         ops/s
[2026-04-03T03:33:28.550+0600][10.117s][info][gc,stats    ]      Memory: Page Cache Hit L2                                 0 / 0                 0 / 0                 0 / 0                 0 / 0           ops/s
[2026-04-03T03:33:28.550+0600][10.117s][info][gc,stats    ]      Memory: Page Cache Hit L3                                13 / 104              13 / 104              13 / 104              13 / 104         ops/s
[2026-04-03T03:33:28.550+0600][10.117s][info][gc,stats    ]      Memory: Page Cache Miss                                  17 / 120              17 / 120              17 / 120              17 / 120         ops/s
[2026-04-03T03:33:28.550+0600][10.117s][info][gc,stats    ]      Memory: Uncommit                                          0 / 0                 0 / 0                 0 / 0                 0 / 0           MB/s
[2026-04-03T03:33:28.550+0600][10.117s][info][gc,stats    ]      Memory: Undo Object Allocation Failed                     0 / 0                 0 / 0                 0 / 0                 0 / 0           ops/s
[2026-04-03T03:33:28.550+0600][10.117s][info][gc,stats    ]      Memory: Undo Object Allocation Succeeded                  0 / 1                 0 / 1                 0 / 1                 0 / 1           ops/s
[2026-04-03T03:33:28.550+0600][10.117s][info][gc,stats    ]      Memory: Undo Page Allocation                              0 / 0                 0 / 0                 0 / 0                 0 / 0           ops/s
[2026-04-03T03:33:28.550+0600][10.117s][info][gc,stats    ]       Phase: Concurrent Mark                              78.102 / 268.582      78.102 / 268.582      78.102 / 268.582      78.102 / 268.582     ms
[2026-04-03T03:33:28.550+0600][10.117s][info][gc,stats    ]       Phase: Concurrent Mark Continue                      0.000 / 0.000         0.000 / 0.000         0.000 / 0.000         0.000 / 0.000       ms
[2026-04-03T03:33:28.550+0600][10.117s][info][gc,stats    ]       Phase: Concurrent Mark Free                          0.002 / 0.003         0.002 / 0.003         0.002 / 0.003         0.002 / 0.003       ms
[2026-04-03T03:33:28.550+0600][10.117s][info][gc,stats    ]       Phase: Concurrent Process Non-Strong References      3.256 / 4.476         3.256 / 4.476         3.256 / 4.476         3.256 / 4.476       ms
[2026-04-03T03:33:28.550+0600][10.117s][info][gc,stats    ]       Phase: Concurrent Relocate                           8.565 / 19.104        8.565 / 19.104        8.565 / 19.104        8.565 / 19.104      ms
[2026-04-03T03:33:28.550+0600][10.117s][info][gc,stats    ]       Phase: Concurrent Reset Relocation Set               0.006 / 0.011         0.006 / 0.011         0.006 / 0.011         0.006 / 0.011       ms
[2026-04-03T03:33:28.550+0600][10.117s][info][gc,stats    ]       Phase: Concurrent Select Relocation Set              4.317 / 7.197         4.317 / 7.197         4.317 / 7.197         4.317 / 7.197       ms
[2026-04-03T03:33:28.550+0600][10.117s][info][gc,stats    ]       Phase: Pause Mark End                                0.023 / 0.037         0.023 / 0.037         0.023 / 0.037         0.023 / 0.037       ms
[2026-04-03T03:33:28.550+0600][10.117s][info][gc,stats    ]       Phase: Pause Mark Start                              0.011 / 0.017         0.011 / 0.017         0.011 / 0.017         0.011 / 0.017       ms
[2026-04-03T03:33:28.550+0600][10.117s][info][gc,stats    ]       Phase: Pause Relocate Start                          0.011 / 0.013         0.011 / 0.013         0.011 / 0.013         0.011 / 0.013       ms
[2026-04-03T03:33:28.550+0600][10.117s][info][gc,stats    ]    Subphase: Concurrent Classes Purge                      0.226 / 0.383         0.226 / 0.383         0.226 / 0.383         0.226 / 0.383       ms
[2026-04-03T03:33:28.550+0600][10.117s][info][gc,stats    ]    Subphase: Concurrent Classes Unlink                     1.753 / 2.369         1.753 / 2.369         1.753 / 2.369         1.753 / 2.369       ms
[2026-04-03T03:33:28.550+0600][10.117s][info][gc,stats    ]    Subphase: Concurrent Mark                              76.284 / 267.347      76.284 / 267.347      76.284 / 267.347      76.284 / 267.347     ms
[2026-04-03T03:33:28.550+0600][10.117s][info][gc,stats    ]    Subphase: Concurrent Mark Try Flush                     0.214 / 0.734         0.214 / 0.734         0.214 / 0.734         0.214 / 0.734       ms
[2026-04-03T03:33:28.550+0600][10.117s][info][gc,stats    ]    Subphase: Concurrent Mark Try Terminate                 1.101 / 1.295         1.101 / 1.295         1.101 / 1.295         1.101 / 1.295       ms
[2026-04-03T03:33:28.550+0600][10.117s][info][gc,stats    ]    Subphase: Concurrent References Enqueue                 0.004 / 0.004         0.004 / 0.004         0.004 / 0.004         0.004 / 0.004       ms
[2026-04-03T03:33:28.550+0600][10.117s][info][gc,stats    ]    Subphase: Concurrent References Process                 0.279 / 0.425         0.279 / 0.425         0.279 / 0.425         0.279 / 0.425       ms
[2026-04-03T03:33:28.550+0600][10.117s][info][gc,stats    ]    Subphase: Concurrent Roots ClassLoaderDataGraph         0.154 / 0.428         0.154 / 0.428         0.154 / 0.428         0.154 / 0.428       ms
[2026-04-03T03:33:28.550+0600][10.117s][info][gc,stats    ]    Subphase: Concurrent Roots CodeCache                    0.000 / 0.000         0.000 / 0.000         0.000 / 0.000         0.000 / 0.000       ms
[2026-04-03T03:33:28.550+0600][10.117s][info][gc,stats    ]    Subphase: Concurrent Roots JavaThreads                  0.618 / 2.093         0.618 / 2.093         0.618 / 2.093         0.618 / 2.093       ms
[2026-04-03T03:33:28.550+0600][10.117s][info][gc,stats    ]    Subphase: Concurrent Roots OopStorageSet                0.055 / 0.128         0.055 / 0.128         0.055 / 0.128         0.055 / 0.128       ms
[2026-04-03T03:33:28.550+0600][10.117s][info][gc,stats    ]    Subphase: Concurrent Weak Roots OopStorageSet           0.431 / 0.668         0.431 / 0.668         0.431 / 0.668         0.431 / 0.668       ms
[2026-04-03T03:33:28.550+0600][10.117s][info][gc,stats    ]    Subphase: Pause Mark Try Complete                       0.000 / 0.000         0.000 / 0.000         0.000 / 0.000         0.000 / 0.000       ms
[2026-04-03T03:33:28.550+0600][10.117s][info][gc,stats    ]      System: Java Threads                                     31 / 61               31 / 61               31 / 61               31 / 61          threads
[2026-04-03T03:33:28.550+0600][10.117s][info][gc,stats    ] =========================================================================================================================================================
[2026-04-03T03:33:29.000+0600][10.567s][info][gc,phases   ] GC(4) Concurrent Mark 748.948ms
[2026-04-03T03:33:29.000+0600][10.567s][info][gc,phases   ] GC(4) Pause Mark End 0.041ms
[2026-04-03T03:33:29.001+0600][10.567s][info][gc,phases   ] GC(4) Concurrent Mark Free 0.003ms
[2026-04-03T03:33:29.004+0600][10.571s][info][gc,phases   ] GC(4) Concurrent Process Non-Strong References 3.782ms
[2026-04-03T03:33:29.004+0600][10.571s][info][gc,phases   ] GC(4) Concurrent Reset Relocation Set 0.010ms
[2026-04-03T03:33:29.007+0600][10.573s][info][gc,phases   ] GC(4) Concurrent Select Relocation Set 2.335ms
[2026-04-03T03:33:29.007+0600][10.573s][info][gc,phases   ] GC(4) Pause Relocate Start 0.009ms
[2026-04-03T03:33:29.012+0600][10.579s][info][gc,phases   ] GC(4) Concurrent Relocate 5.039ms
[2026-04-03T03:33:29.012+0600][10.579s][info][gc,load     ] GC(4) Load: 3.99/4.19/4.75
[2026-04-03T03:33:29.012+0600][10.579s][info][gc,mmu      ] GC(4) MMU: 2ms/97.9%, 5ms/99.2%, 10ms/99.5%, 20ms/99.7%, 50ms/99.9%, 100ms/99.9%
[2026-04-03T03:33:29.012+0600][10.579s][info][gc,marking  ] GC(4) Mark: 2 stripe(s), 10 proactive flush(es), 1 terminate flush(es), 0 completion(s), 0 continuation(s) 
[2026-04-03T03:33:29.012+0600][10.579s][info][gc,marking  ] GC(4) Mark Stack Usage: 32M
[2026-04-03T03:33:29.012+0600][10.579s][info][gc,nmethod  ] GC(4) NMethods: 3045 registered, 133 unregistered
[2026-04-03T03:33:29.012+0600][10.579s][info][gc,metaspace] GC(4) Metaspace: 48M used, 48M committed, 1088M reserved
[2026-04-03T03:33:29.012+0600][10.579s][info][gc,ref      ] GC(4) Soft: 3981 encountered, 0 discovered, 0 enqueued
[2026-04-03T03:33:29.012+0600][10.579s][info][gc,ref      ] GC(4) Weak: 2757 encountered, 1249 discovered, 0 enqueued
[2026-04-03T03:33:29.012+0600][10.579s][info][gc,ref      ] GC(4) Final: 82 encountered, 50 discovered, 0 enqueued
[2026-04-03T03:33:29.012+0600][10.579s][info][gc,ref      ] GC(4) Phantom: 585 encountered, 424 discovered, 0 enqueued
[2026-04-03T03:33:29.012+0600][10.579s][info][gc,reloc    ] GC(4) Small Pages: 250 / 500M, Empty: 0M, Relocated: 3M, In-Place: 0
[2026-04-03T03:33:29.012+0600][10.579s][info][gc,reloc    ] GC(4) Medium Pages: 1 / 32M, Empty: 0M, Relocated: 0M, In-Place: 0
[2026-04-03T03:33:29.012+0600][10.579s][info][gc,reloc    ] GC(4) Large Pages: 0 / 0M, Empty: 0M, Relocated: 0M, In-Place: 0
[2026-04-03T03:33:29.012+0600][10.579s][info][gc,reloc    ] GC(4) Forwarding Usage: 2M
[2026-04-03T03:33:29.012+0600][10.579s][info][gc,heap     ] GC(4) Min Capacity: 8M(0%)
[2026-04-03T03:33:29.012+0600][10.579s][info][gc,heap     ] GC(4) Max Capacity: 1750M(100%)
[2026-04-03T03:33:29.012+0600][10.579s][info][gc,heap     ] GC(4) Soft Max Capacity: 1750M(100%)
[2026-04-03T03:33:29.012+0600][10.579s][info][gc,heap     ] GC(4)                Mark Start          Mark End        Relocate Start      Relocate End           High               Low         
[2026-04-03T03:33:29.012+0600][10.579s][info][gc,heap     ] GC(4)  Capacity:      536M (31%)         780M (45%)         780M (45%)         786M (45%)         786M (45%)         536M (31%)    
[2026-04-03T03:33:29.012+0600][10.579s][info][gc,heap     ] GC(4)      Free:     1218M (70%)         970M (55%)         970M (55%)         976M (56%)        1218M (70%)         964M (55%)    
[2026-04-03T03:33:29.012+0600][10.579s][info][gc,heap     ] GC(4)      Used:      532M (30%)         780M (45%)         780M (45%)         774M (44%)         786M (45%)         532M (30%)    
[2026-04-03T03:33:29.012+0600][10.579s][info][gc,heap     ] GC(4)      Live:         -               489M (28%)         489M (28%)         489M (28%)            -                  -          
[2026-04-03T03:33:29.012+0600][10.579s][info][gc,heap     ] GC(4) Allocated:         -               248M (14%)         248M (14%)         247M (14%)            -                  -          
[2026-04-03T03:33:29.012+0600][10.579s][info][gc,heap     ] GC(4)   Garbage:         -                42M (2%)           42M (2%)           36M (2%)             -                  -          
[2026-04-03T03:33:29.012+0600][10.579s][info][gc,heap     ] GC(4) Reclaimed:         -                  -                 0M (0%)            5M (0%)             -                  -          
[2026-04-03T03:33:29.012+0600][10.579s][info][gc          ] GC(4) Garbage Collection (Warmup) 532M(30%)->774M(44%)
[2026-04-03T03:33:29.051+0600][10.617s][info][gc,start    ] GC(5) Garbage Collection (Allocation Rate)
[2026-04-03T03:33:29.051+0600][10.617s][info][gc,task     ] GC(5) Using 3 workers
[2026-04-03T03:33:29.051+0600][10.617s][info][gc,phases   ] GC(5) Pause Mark Start 0.008ms
[2026-04-03T03:33:29.836+0600][11.402s][info][gc,phases   ] GC(5) Concurrent Mark 784.741ms
[2026-04-03T03:33:29.836+0600][11.403s][info][gc,phases   ] GC(5) Pause Mark End 0.018ms
[2026-04-03T03:33:29.836+0600][11.403s][info][gc,phases   ] GC(5) Concurrent Mark Free 0.002ms
[2026-04-03T03:33:29.840+0600][11.407s][info][gc,phases   ] GC(5) Concurrent Process Non-Strong References 3.640ms
[2026-04-03T03:33:29.840+0600][11.407s][info][gc,phases   ] GC(5) Concurrent Reset Relocation Set 0.001ms
[2026-04-03T03:33:29.843+0600][11.409s][info][gc,phases   ] GC(5) Concurrent Select Relocation Set 2.449ms
[2026-04-03T03:33:29.843+0600][11.410s][info][gc,phases   ] GC(5) Pause Relocate Start 0.011ms
[2026-04-03T03:33:29.846+0600][11.413s][info][gc,phases   ] GC(5) Concurrent Relocate 3.332ms
[2026-04-03T03:33:29.847+0600][11.413s][info][gc,load     ] GC(5) Load: 3.99/4.19/4.75
[2026-04-03T03:33:29.847+0600][11.413s][info][gc,mmu      ] GC(5) MMU: 2ms/97.9%, 5ms/99.2%, 10ms/99.5%, 20ms/99.7%, 50ms/99.9%, 100ms/99.9%
[2026-04-03T03:33:29.847+0600][11.413s][info][gc,marking  ] GC(5) Mark: 2 stripe(s), 10 proactive flush(es), 2 terminate flush(es), 0 completion(s), 0 continuation(s) 
[2026-04-03T03:33:29.847+0600][11.413s][info][gc,marking  ] GC(5) Mark Stack Usage: 32M
[2026-04-03T03:33:29.847+0600][11.413s][info][gc,nmethod  ] GC(5) NMethods: 3021 registered, 161 unregistered
[2026-04-03T03:33:29.847+0600][11.413s][info][gc,metaspace] GC(5) Metaspace: 48M used, 48M committed, 1088M reserved
[2026-04-03T03:33:29.847+0600][11.413s][info][gc,ref      ] GC(5) Soft: 3981 encountered, 0 discovered, 0 enqueued
[2026-04-03T03:33:29.847+0600][11.413s][info][gc,ref      ] GC(5) Weak: 2757 encountered, 1226 discovered, 0 enqueued
[2026-04-03T03:33:29.847+0600][11.413s][info][gc,ref      ] GC(5) Final: 82 encountered, 50 discovered, 0 enqueued
[2026-04-03T03:33:29.847+0600][11.413s][info][gc,ref      ] GC(5) Phantom: 586 encountered, 379 discovered, 0 enqueued
[2026-04-03T03:33:29.847+0600][11.413s][info][gc,reloc    ] GC(5) Small Pages: 371 / 742M, Empty: 0M, Relocated: 3M, In-Place: 0
[2026-04-03T03:33:29.847+0600][11.413s][info][gc,reloc    ] GC(5) Medium Pages: 1 / 32M, Empty: 0M, Relocated: 0M, In-Place: 0
[2026-04-03T03:33:29.847+0600][11.413s][info][gc,reloc    ] GC(5) Large Pages: 0 / 0M, Empty: 0M, Relocated: 0M, In-Place: 0
[2026-04-03T03:33:29.847+0600][11.413s][info][gc,reloc    ] GC(5) Forwarding Usage: 2M
[2026-04-03T03:33:29.847+0600][11.413s][info][gc,heap     ] GC(5) Min Capacity: 8M(0%)
[2026-04-03T03:33:29.847+0600][11.413s][info][gc,heap     ] GC(5) Max Capacity: 1750M(100%)
[2026-04-03T03:33:29.847+0600][11.413s][info][gc,heap     ] GC(5) Soft Max Capacity: 1750M(100%)
[2026-04-03T03:33:29.847+0600][11.413s][info][gc,heap     ] GC(5)                Mark Start          Mark End        Relocate Start      Relocate End           High               Low         
[2026-04-03T03:33:29.847+0600][11.413s][info][gc,heap     ] GC(5)  Capacity:      786M (45%)         786M (45%)         786M (45%)         786M (45%)         786M (45%)         786M (45%)    
[2026-04-03T03:33:29.847+0600][11.413s][info][gc,heap     ] GC(5)      Free:      976M (56%)         972M (56%)         972M (56%)         978M (56%)         978M (56%)         968M (55%)    
[2026-04-03T03:33:29.847+0600][11.413s][info][gc,heap     ] GC(5)      Used:      774M (44%)         778M (44%)         778M (44%)         772M (44%)         782M (45%)         772M (44%)    
[2026-04-03T03:33:29.847+0600][11.413s][info][gc,heap     ] GC(5)      Live:         -               725M (41%)         725M (41%)         725M (41%)            -                  -          
[2026-04-03T03:33:29.847+0600][11.413s][info][gc,heap     ] GC(5) Allocated:         -                 4M (0%)            4M (0%)            5M (0%)             -                  -          
[2026-04-03T03:33:29.847+0600][11.413s][info][gc,heap     ] GC(5)   Garbage:         -                48M (3%)           48M (3%)           40M (2%)             -                  -          
[2026-04-03T03:33:29.847+0600][11.413s][info][gc,heap     ] GC(5) Reclaimed:         -                  -                 0M (0%)            7M (0%)             -                  -          
[2026-04-03T03:33:29.847+0600][11.413s][info][gc          ] GC(5) Garbage Collection (Allocation Rate) 774M(44%)->772M(44%)
[2026-04-03T03:33:29.851+0600][11.417s][info][gc,start    ] GC(6) Garbage Collection (Allocation Rate)
[2026-04-03T03:33:29.851+0600][11.417s][info][gc,task     ] GC(6) Using 3 workers
[2026-04-03T03:33:29.851+0600][11.418s][info][gc,phases   ] GC(6) Pause Mark Start 0.010ms
[2026-04-03T03:33:29.870+0600][11.436s][info][gc,phases   ] GC(6) Concurrent Mark 18.491ms
[2026-04-03T03:33:29.870+0600][11.436s][info][gc,phases   ] GC(6) Pause Mark End 0.080ms
[2026-04-03T03:33:29.870+0600][11.437s][info][gc,phases   ] GC(6) Concurrent Mark Free 0.003ms
[2026-04-03T03:33:29.874+0600][11.440s][info][gc,phases   ] GC(6) Concurrent Process Non-Strong References 3.780ms
[2026-04-03T03:33:29.874+0600][11.440s][info][gc,phases   ] GC(6) Concurrent Reset Relocation Set 0.002ms
[2026-04-03T03:33:29.876+0600][11.443s][info][gc,phases   ] GC(6) Concurrent Select Relocation Set 2.499ms
[2026-04-03T03:33:29.877+0600][11.443s][info][gc,phases   ] GC(6) Pause Relocate Start 0.012ms
[2026-04-03T03:33:29.879+0600][11.445s][info][gc,phases   ] GC(6) Concurrent Relocate 2.036ms
[2026-04-03T03:33:29.879+0600][11.445s][info][gc,load     ] GC(6) Load: 3.99/4.19/4.75
[2026-04-03T03:33:29.879+0600][11.445s][info][gc,mmu      ] GC(6) MMU: 2ms/96.0%, 5ms/98.4%, 10ms/99.1%, 20ms/99.5%, 50ms/99.7%, 100ms/99.9%
[2026-04-03T03:33:29.879+0600][11.445s][info][gc,marking  ] GC(6) Mark: 2 stripe(s), 2 proactive flush(es), 1 terminate flush(es), 0 completion(s), 0 continuation(s) 
[2026-04-03T03:33:29.879+0600][11.445s][info][gc,marking  ] GC(6) Mark Stack Usage: 32M
[2026-04-03T03:33:29.879+0600][11.445s][info][gc,nmethod  ] GC(6) NMethods: 3016 registered, 167 unregistered
[2026-04-03T03:33:29.879+0600][11.445s][info][gc,metaspace] GC(6) Metaspace: 48M used, 48M committed, 1088M reserved
[2026-04-03T03:33:29.879+0600][11.445s][info][gc,ref      ] GC(6) Soft: 3982 encountered, 0 discovered, 0 enqueued
[2026-04-03T03:33:29.879+0600][11.445s][info][gc,ref      ] GC(6) Weak: 2770 encountered, 1746 discovered, 3 enqueued
[2026-04-03T03:33:29.879+0600][11.445s][info][gc,ref      ] GC(6) Final: 82 encountered, 0 discovered, 0 enqueued
[2026-04-03T03:33:29.879+0600][11.445s][info][gc,ref      ] GC(6) Phantom: 583 encountered, 494 discovered, 0 enqueued
[2026-04-03T03:33:29.879+0600][11.446s][info][gc,reloc    ] GC(6) Small Pages: 370 / 740M, Empty: 690M, Relocated: 1M, In-Place: 0
[2026-04-03T03:33:29.879+0600][11.446s][info][gc,reloc    ] GC(6) Medium Pages: 1 / 32M, Empty: 0M, Relocated: 0M, In-Place: 0
[2026-04-03T03:33:29.879+0600][11.446s][info][gc,reloc    ] GC(6) Large Pages: 0 / 0M, Empty: 0M, Relocated: 0M, In-Place: 0
[2026-04-03T03:33:29.879+0600][11.446s][info][gc,reloc    ] GC(6) Forwarding Usage: 0M
[2026-04-03T03:33:29.879+0600][11.446s][info][gc,heap     ] GC(6) Min Capacity: 8M(0%)
[2026-04-03T03:33:29.879+0600][11.446s][info][gc,heap     ] GC(6) Max Capacity: 1750M(100%)
[2026-04-03T03:33:29.879+0600][11.446s][info][gc,heap     ] GC(6) Soft Max Capacity: 1750M(100%)
[2026-04-03T03:33:29.879+0600][11.446s][info][gc,heap     ] GC(6)                Mark Start          Mark End        Relocate Start      Relocate End           High               Low         
[2026-04-03T03:33:29.879+0600][11.446s][info][gc,heap     ] GC(6)  Capacity:      786M (45%)         786M (45%)         786M (45%)         786M (45%)         786M (45%)         786M (45%)    
[2026-04-03T03:33:29.879+0600][11.446s][info][gc,heap     ] GC(6)      Free:      978M (56%)         976M (56%)        1666M (95%)        1684M (96%)        1684M (96%)         976M (56%)    
[2026-04-03T03:33:29.879+0600][11.446s][info][gc,heap     ] GC(6)      Used:      772M (44%)         774M (44%)          84M (5%)           66M (4%)          774M (44%)          66M (4%)     
[2026-04-03T03:33:29.879+0600][11.446s][info][gc,heap     ] GC(6)      Live:         -                30M (2%)           30M (2%)           30M (2%)             -                  -          
[2026-04-03T03:33:29.879+0600][11.446s][info][gc,heap     ] GC(6) Allocated:         -                 2M (0%)            2M (0%)            3M (0%)             -                  -          
[2026-04-03T03:33:29.879+0600][11.446s][info][gc,heap     ] GC(6)   Garbage:         -               741M (42%)          51M (3%)           31M (2%)             -                  -          
[2026-04-03T03:33:29.879+0600][11.446s][info][gc,heap     ] GC(6) Reclaimed:         -                  -               690M (39%)         709M (41%)            -                  -          
[2026-04-03T03:33:29.879+0600][11.446s][info][gc          ] GC(6) Garbage Collection (Allocation Rate) 772M(44%)->66M(4%)
[2026-04-03T03:33:31.935+0600][13.502s][info][gc,start    ] GC(7) Garbage Collection (System.gc())
[2026-04-03T03:33:31.935+0600][13.502s][info][gc,task     ] GC(7) Using 3 workers
[2026-04-03T03:33:31.935+0600][13.502s][info][gc,phases   ] GC(7) Pause Mark Start 0.010ms
[2026-04-03T03:33:31.958+0600][13.524s][info][gc,phases   ] GC(7) Concurrent Mark 22.076ms
[2026-04-03T03:33:31.958+0600][13.524s][info][gc,phases   ] GC(7) Pause Mark End 0.020ms
[2026-04-03T03:33:31.958+0600][13.524s][info][gc,phases   ] GC(7) Concurrent Mark Free 0.001ms
[2026-04-03T03:33:31.962+0600][13.529s][info][gc,phases   ] GC(7) Concurrent Process Non-Strong References 4.330ms
[2026-04-03T03:33:31.962+0600][13.529s][info][gc,phases   ] GC(7) Concurrent Reset Relocation Set 0.003ms
[2026-04-03T03:33:31.965+0600][13.532s][info][gc,phases   ] GC(7) Concurrent Select Relocation Set 3.160ms
[2026-04-03T03:33:31.966+0600][13.532s][info][gc,phases   ] GC(7) Pause Relocate Start 0.012ms
[2026-04-03T03:33:31.967+0600][13.534s][info][gc,phases   ] GC(7) Concurrent Relocate 1.681ms
[2026-04-03T03:33:31.967+0600][13.534s][info][gc,load     ] GC(7) Load: 3.83/4.15/4.73
[2026-04-03T03:33:31.967+0600][13.534s][info][gc,mmu      ] GC(7) MMU: 2ms/96.0%, 5ms/98.4%, 10ms/99.1%, 20ms/99.5%, 50ms/99.7%, 100ms/99.9%
[2026-04-03T03:33:31.967+0600][13.534s][info][gc,marking  ] GC(7) Mark: 2 stripe(s), 2 proactive flush(es), 1 terminate flush(es), 0 completion(s), 0 continuation(s) 
[2026-04-03T03:33:31.967+0600][13.534s][info][gc,marking  ] GC(7) Mark Stack Usage: 32M
[2026-04-03T03:33:31.967+0600][13.534s][info][gc,nmethod  ] GC(7) NMethods: 3402 registered, 301 unregistered
[2026-04-03T03:33:31.967+0600][13.534s][info][gc,metaspace] GC(7) Metaspace: 55M used, 56M committed, 1088M reserved
[2026-04-03T03:33:31.967+0600][13.534s][info][gc,ref      ] GC(7) Soft: 4280 encountered, 0 discovered, 0 enqueued
[2026-04-03T03:33:31.967+0600][13.534s][info][gc,ref      ] GC(7) Weak: 4018 encountered, 1036 discovered, 415 enqueued
[2026-04-03T03:33:31.968+0600][13.534s][info][gc,ref      ] GC(7) Final: 82 encountered, 2 discovered, 0 enqueued
[2026-04-03T03:33:31.968+0600][13.534s][info][gc,ref      ] GC(7) Phantom: 587 encountered, 332 discovered, 1 enqueued
[2026-04-03T03:33:31.968+0600][13.534s][info][gc,reloc    ] GC(7) Small Pages: 68 / 136M, Empty: 0M, Relocated: 2M, In-Place: 0
[2026-04-03T03:33:31.968+0600][13.534s][info][gc,reloc    ] GC(7) Medium Pages: 2 / 64M, Empty: 32M, Relocated: 0M, In-Place: 0
[2026-04-03T03:33:31.968+0600][13.534s][info][gc,reloc    ] GC(7) Large Pages: 1 / 6M, Empty: 6M, Relocated: 0M, In-Place: 0
[2026-04-03T03:33:31.968+0600][13.534s][info][gc,reloc    ] GC(7) Forwarding Usage: 0M
[2026-04-03T03:33:31.968+0600][13.534s][info][gc,heap     ] GC(7) Min Capacity: 8M(0%)
[2026-04-03T03:33:31.968+0600][13.534s][info][gc,heap     ] GC(7) Max Capacity: 1750M(100%)
[2026-04-03T03:33:31.968+0600][13.534s][info][gc,heap     ] GC(7) Soft Max Capacity: 1750M(100%)
[2026-04-03T03:33:31.968+0600][13.534s][info][gc,heap     ] GC(7)                Mark Start          Mark End        Relocate Start      Relocate End           High               Low         
[2026-04-03T03:33:31.968+0600][13.534s][info][gc,heap     ] GC(7)  Capacity:      824M (47%)         824M (47%)         824M (47%)         824M (47%)         824M (47%)         824M (47%)    
[2026-04-03T03:33:31.968+0600][13.534s][info][gc,heap     ] GC(7)      Free:     1544M (88%)        1542M (88%)        1578M (90%)        1680M (96%)        1680M (96%)        1540M (88%)    
[2026-04-03T03:33:31.968+0600][13.534s][info][gc,heap     ] GC(7)      Used:      206M (12%)         208M (12%)         172M (10%)          70M (4%)          210M (12%)          70M (4%)     
[2026-04-03T03:33:31.968+0600][13.534s][info][gc,heap     ] GC(7)      Live:         -                32M (2%)           32M (2%)           32M (2%)             -                  -          
[2026-04-03T03:33:31.968+0600][13.534s][info][gc,heap     ] GC(7) Allocated:         -                 2M (0%)            4M (0%)            5M (0%)             -                  -          
[2026-04-03T03:33:31.968+0600][13.534s][info][gc,heap     ] GC(7)   Garbage:         -               173M (10%)         135M (8%)           31M (2%)             -                  -          
[2026-04-03T03:33:31.968+0600][13.534s][info][gc,heap     ] GC(7) Reclaimed:         -                  -                38M (2%)          141M (8%)             -                  -          
[2026-04-03T03:33:31.968+0600][13.534s][info][gc          ] GC(7) Garbage Collection (System.gc()) 206M(12%)->70M(4%)
[2026-04-03T03:33:34.350+0600][15.917s][info][gc,start    ] GC(8) Garbage Collection (Allocation Rate)
[2026-04-03T03:33:34.350+0600][15.917s][info][gc,task     ] GC(8) Using 3 workers
[2026-04-03T03:33:34.350+0600][15.917s][info][gc,phases   ] GC(8) Pause Mark Start 0.009ms
[2026-04-03T03:33:34.382+0600][15.949s][info][gc,phases   ] GC(8) Concurrent Mark 31.544ms
[2026-04-03T03:33:34.382+0600][15.949s][info][gc,phases   ] GC(8) Pause Mark End 0.028ms
[2026-04-03T03:33:34.382+0600][15.949s][info][gc,phases   ] GC(8) Concurrent Mark Free 0.001ms
[2026-04-03T03:33:34.402+0600][15.968s][info][gc,phases   ] GC(8) Concurrent Process Non-Strong References 19.484ms
[2026-04-03T03:33:34.402+0600][15.969s][info][gc,phases   ] GC(8) Concurrent Reset Relocation Set 0.009ms
[2026-04-03T03:33:34.407+0600][15.973s][info][gc,phases   ] GC(8) Concurrent Select Relocation Set 4.702ms
[2026-04-03T03:33:34.408+0600][15.974s][info][gc,phases   ] GC(8) Pause Relocate Start 0.017ms
[2026-04-03T03:33:34.413+0600][15.980s][info][gc,phases   ] GC(8) Concurrent Relocate 5.442ms
[2026-04-03T03:33:34.413+0600][15.980s][info][gc,load     ] GC(8) Load: 3.83/4.15/4.73
[2026-04-03T03:33:34.413+0600][15.980s][info][gc,mmu      ] GC(8) MMU: 2ms/96.0%, 5ms/98.4%, 10ms/99.1%, 20ms/99.5%, 50ms/99.7%, 100ms/99.9%
[2026-04-03T03:33:34.413+0600][15.980s][info][gc,marking  ] GC(8) Mark: 2 stripe(s), 2 proactive flush(es), 1 terminate flush(es), 0 completion(s), 0 continuation(s) 
[2026-04-03T03:33:34.413+0600][15.980s][info][gc,marking  ] GC(8) Mark Stack Usage: 32M
[2026-04-03T03:33:34.413+0600][15.980s][info][gc,nmethod  ] GC(8) NMethods: 4195 registered, 548 unregistered
[2026-04-03T03:33:34.413+0600][15.980s][info][gc,metaspace] GC(8) Metaspace: 64M used, 65M committed, 1088M reserved
[2026-04-03T03:33:34.413+0600][15.980s][info][gc,ref      ] GC(8) Soft: 4763 encountered, 0 discovered, 0 enqueued
[2026-04-03T03:33:34.413+0600][15.980s][info][gc,ref      ] GC(8) Weak: 5887 encountered, 1669 discovered, 760 enqueued
[2026-04-03T03:33:34.413+0600][15.980s][info][gc,ref      ] GC(8) Final: 82 encountered, 0 discovered, 0 enqueued
[2026-04-03T03:33:34.413+0600][15.980s][info][gc,ref      ] GC(8) Phantom: 604 encountered, 590 discovered, 1 enqueued
[2026-04-03T03:33:34.413+0600][15.980s][info][gc,reloc    ] GC(8) Small Pages: 336 / 672M, Empty: 470M, Relocated: 8M, In-Place: 0
[2026-04-03T03:33:34.414+0600][15.980s][info][gc,reloc    ] GC(8) Medium Pages: 2 / 64M, Empty: 32M, Relocated: 0M, In-Place: 0
[2026-04-03T03:33:34.414+0600][15.980s][info][gc,reloc    ] GC(8) Large Pages: 1 / 6M, Empty: 6M, Relocated: 0M, In-Place: 0
[2026-04-03T03:33:34.414+0600][15.980s][info][gc,reloc    ] GC(8) Forwarding Usage: 2M
[2026-04-03T03:33:34.414+0600][15.980s][info][gc,heap     ] GC(8) Min Capacity: 8M(0%)
[2026-04-03T03:33:34.414+0600][15.980s][info][gc,heap     ] GC(8) Max Capacity: 1750M(100%)
[2026-04-03T03:33:34.414+0600][15.980s][info][gc,heap     ] GC(8) Soft Max Capacity: 1750M(100%)
[2026-04-03T03:33:34.414+0600][15.980s][info][gc,heap     ] GC(8)                Mark Start          Mark End        Relocate Start      Relocate End           High               Low         
[2026-04-03T03:33:34.414+0600][15.980s][info][gc,heap     ] GC(8)  Capacity:      824M (47%)         824M (47%)         840M (48%)         840M (48%)         840M (48%)         824M (47%)    
[2026-04-03T03:33:34.414+0600][15.980s][info][gc,heap     ] GC(8)      Free:     1008M (58%)         932M (53%)        1412M (81%)        1562M (89%)        1564M (89%)         910M (52%)    
[2026-04-03T03:33:34.414+0600][15.980s][info][gc,heap     ] GC(8)      Used:      742M (42%)         818M (47%)         338M (19%)         188M (11%)         840M (48%)         186M (11%)    
[2026-04-03T03:33:34.414+0600][15.980s][info][gc,heap     ] GC(8)      Live:         -                38M (2%)           38M (2%)           38M (2%)             -                  -          
[2026-04-03T03:33:34.414+0600][15.980s][info][gc,heap     ] GC(8) Allocated:         -                76M (4%)          104M (6%)          117M (7%)             -                  -          
[2026-04-03T03:33:34.414+0600][15.980s][info][gc,heap     ] GC(8)   Garbage:         -               703M (40%)         195M (11%)          32M (2%)             -                  -          
[2026-04-03T03:33:34.414+0600][15.980s][info][gc,heap     ] GC(8) Reclaimed:         -                  -               508M (29%)         671M (38%)            -                  -          
[2026-04-03T03:33:34.414+0600][15.980s][info][gc          ] GC(8) Garbage Collection (Allocation Rate) 742M(42%)->188M(11%)
[2026-04-03T03:33:34.450+0600][16.017s][info][gc,start    ] GC(9) Garbage Collection (Allocation Rate)
[2026-04-03T03:33:34.450+0600][16.017s][info][gc,task     ] GC(9) Using 3 workers
[2026-04-03T03:33:34.451+0600][16.017s][info][gc,phases   ] GC(9) Pause Mark Start 0.012ms
[2026-04-03T03:33:34.483+0600][16.050s][info][gc,phases   ] GC(9) Concurrent Mark 32.337ms
[2026-04-03T03:33:34.483+0600][16.050s][info][gc,phases   ] GC(9) Pause Mark End 0.065ms
[2026-04-03T03:33:34.484+0600][16.050s][info][gc,phases   ] GC(9) Concurrent Mark Free 0.001ms
[2026-04-03T03:33:34.490+0600][16.056s][info][gc,phases   ] GC(9) Concurrent Process Non-Strong References 5.923ms
[2026-04-03T03:33:34.490+0600][16.056s][info][gc,phases   ] GC(9) Concurrent Reset Relocation Set 0.014ms
[2026-04-03T03:33:34.493+0600][16.060s][info][gc,phases   ] GC(9) Concurrent Select Relocation Set 3.530ms
[2026-04-03T03:33:34.493+0600][16.060s][info][gc,phases   ] GC(9) Pause Relocate Start 0.033ms
[2026-04-03T03:33:34.496+0600][16.062s][info][gc,phases   ] GC(9) Concurrent Relocate 2.002ms
[2026-04-03T03:33:34.496+0600][16.062s][info][gc,load     ] GC(9) Load: 3.83/4.15/4.73
[2026-04-03T03:33:34.496+0600][16.062s][info][gc,mmu      ] GC(9) MMU: 2ms/96.0%, 5ms/98.4%, 10ms/99.1%, 20ms/99.5%, 50ms/99.7%, 100ms/99.9%
[2026-04-03T03:33:34.496+0600][16.062s][info][gc,marking  ] GC(9) Mark: 2 stripe(s), 2 proactive flush(es), 1 terminate flush(es), 0 completion(s), 0 continuation(s) 
[2026-04-03T03:33:34.496+0600][16.062s][info][gc,marking  ] GC(9) Mark Stack Usage: 32M
[2026-04-03T03:33:34.496+0600][16.062s][info][gc,nmethod  ] GC(9) NMethods: 4207 registered, 552 unregistered
[2026-04-03T03:33:34.496+0600][16.062s][info][gc,metaspace] GC(9) Metaspace: 64M used, 65M committed, 1088M reserved
[2026-04-03T03:33:34.496+0600][16.062s][info][gc,ref      ] GC(9) Soft: 4763 encountered, 0 discovered, 0 enqueued
[2026-04-03T03:33:34.496+0600][16.062s][info][gc,ref      ] GC(9) Weak: 5127 encountered, 325 discovered, 0 enqueued
[2026-04-03T03:33:34.496+0600][16.062s][info][gc,ref      ] GC(9) Final: 82 encountered, 0 discovered, 0 enqueued
[2026-04-03T03:33:34.496+0600][16.062s][info][gc,ref      ] GC(9) Phantom: 603 encountered, 575 discovered, 0 enqueued
[2026-04-03T03:33:34.496+0600][16.062s][info][gc,reloc    ] GC(9) Small Pages: 124 / 248M, Empty: 190M, Relocated: 2M, In-Place: 0
[2026-04-03T03:33:34.496+0600][16.062s][info][gc,reloc    ] GC(9) Medium Pages: 1 / 32M, Empty: 0M, Relocated: 0M, In-Place: 0
[2026-04-03T03:33:34.496+0600][16.062s][info][gc,reloc    ] GC(9) Large Pages: 0 / 0M, Empty: 0M, Relocated: 0M, In-Place: 0
[2026-04-03T03:33:34.496+0600][16.062s][info][gc,reloc    ] GC(9) Forwarding Usage: 0M
[2026-04-03T03:33:34.496+0600][16.062s][info][gc,heap     ] GC(9) Min Capacity: 8M(0%)
[2026-04-03T03:33:34.496+0600][16.062s][info][gc,heap     ] GC(9) Max Capacity: 1750M(100%)
[2026-04-03T03:33:34.496+0600][16.062s][info][gc,heap     ] GC(9) Soft Max Capacity: 1750M(100%)
[2026-04-03T03:33:34.496+0600][16.062s][info][gc,heap     ] GC(9)                Mark Start          Mark End        Relocate Start      Relocate End           High               Low         
[2026-04-03T03:33:34.496+0600][16.062s][info][gc,heap     ] GC(9)  Capacity:      840M (48%)         840M (48%)         840M (48%)         840M (48%)         840M (48%)         840M (48%)    
[2026-04-03T03:33:34.496+0600][16.062s][info][gc,heap     ] GC(9)      Free:     1470M (84%)        1398M (80%)        1564M (89%)        1580M (90%)        1580M (90%)        1382M (79%)    
[2026-04-03T03:33:34.496+0600][16.062s][info][gc,heap     ] GC(9)      Used:      280M (16%)         352M (20%)         186M (11%)         170M (10%)         368M (21%)         170M (10%)    
[2026-04-03T03:33:34.496+0600][16.062s][info][gc,heap     ] GC(9)      Live:         -                38M (2%)           38M (2%)           38M (2%)             -                  -          
[2026-04-03T03:33:34.496+0600][16.062s][info][gc,heap     ] GC(9) Allocated:         -                72M (4%)           96M (5%)           99M (6%)             -                  -          
[2026-04-03T03:33:34.496+0600][16.062s][info][gc,heap     ] GC(9)   Garbage:         -               241M (14%)          51M (3%)           31M (2%)             -                  -          
[2026-04-03T03:33:34.496+0600][16.062s][info][gc,heap     ] GC(9) Reclaimed:         -                  -               190M (11%)         209M (12%)            -                  -          
[2026-04-03T03:33:34.496+0600][16.062s][info][gc          ] GC(9) Garbage Collection (Allocation Rate) 280M(16%)->170M(10%)
[2026-04-03T03:33:34.550+0600][16.117s][info][gc,start    ] GC(10) Garbage Collection (Allocation Rate)
[2026-04-03T03:33:34.550+0600][16.117s][info][gc,task     ] GC(10) Using 3 workers
[2026-04-03T03:33:34.551+0600][16.117s][info][gc,phases   ] GC(10) Pause Mark Start 0.042ms
[2026-04-03T03:33:34.581+0600][16.147s][info][gc,phases   ] GC(10) Concurrent Mark 30.139ms
[2026-04-03T03:33:34.581+0600][16.148s][info][gc,phases   ] GC(10) Pause Mark End 0.054ms
[2026-04-03T03:33:34.581+0600][16.148s][info][gc,phases   ] GC(10) Concurrent Mark Free 0.001ms
[2026-04-03T03:33:34.587+0600][16.153s][info][gc,phases   ] GC(10) Concurrent Process Non-Strong References 5.284ms
[2026-04-03T03:33:34.587+0600][16.153s][info][gc,phases   ] GC(10) Concurrent Reset Relocation Set 0.005ms
[2026-04-03T03:33:34.590+0600][16.157s][info][gc,phases   ] GC(10) Concurrent Select Relocation Set 3.506ms
[2026-04-03T03:33:34.591+0600][16.157s][info][gc,phases   ] GC(10) Pause Relocate Start 0.015ms
[2026-04-03T03:33:34.592+0600][16.158s][info][gc,phases   ] GC(10) Concurrent Relocate 1.041ms
[2026-04-03T03:33:34.592+0600][16.158s][info][gc,load     ] GC(10) Load: 3.83/4.15/4.73
[2026-04-03T03:33:34.592+0600][16.158s][info][gc,mmu      ] GC(10) MMU: 2ms/96.0%, 5ms/98.4%, 10ms/99.1%, 20ms/99.5%, 50ms/99.7%, 100ms/99.8%
[2026-04-03T03:33:34.592+0600][16.158s][info][gc,marking  ] GC(10) Mark: 2 stripe(s), 2 proactive flush(es), 1 terminate flush(es), 0 completion(s), 0 continuation(s) 
[2026-04-03T03:33:34.592+0600][16.158s][info][gc,marking  ] GC(10) Mark Stack Usage: 32M
[2026-04-03T03:33:34.592+0600][16.158s][info][gc,nmethod  ] GC(10) NMethods: 4216 registered, 554 unregistered
[2026-04-03T03:33:34.592+0600][16.158s][info][gc,metaspace] GC(10) Metaspace: 64M used, 65M committed, 1088M reserved
[2026-04-03T03:33:34.592+0600][16.158s][info][gc,ref      ] GC(10) Soft: 4763 encountered, 0 discovered, 0 enqueued
[2026-04-03T03:33:34.592+0600][16.158s][info][gc,ref      ] GC(10) Weak: 5127 encountered, 1759 discovered, 0 enqueued
[2026-04-03T03:33:34.592+0600][16.158s][info][gc,ref      ] GC(10) Final: 82 encountered, 0 discovered, 0 enqueued
[2026-04-03T03:33:34.592+0600][16.158s][info][gc,ref      ] GC(10) Phantom: 603 encountered, 517 discovered, 0 enqueued
[2026-04-03T03:33:34.592+0600][16.158s][info][gc,reloc    ] GC(10) Small Pages: 145 / 290M, Empty: 238M, Relocated: 1M, In-Place: 0
[2026-04-03T03:33:34.592+0600][16.158s][info][gc,reloc    ] GC(10) Medium Pages: 1 / 32M, Empty: 0M, Relocated: 0M, In-Place: 0
[2026-04-03T03:33:34.592+0600][16.158s][info][gc,reloc    ] GC(10) Large Pages: 0 / 0M, Empty: 0M, Relocated: 0M, In-Place: 0
[2026-04-03T03:33:34.592+0600][16.158s][info][gc,reloc    ] GC(10) Forwarding Usage: 0M
[2026-04-03T03:33:34.592+0600][16.158s][info][gc,heap     ] GC(10) Min Capacity: 8M(0%)
[2026-04-03T03:33:34.592+0600][16.158s][info][gc,heap     ] GC(10) Max Capacity: 1750M(100%)
[2026-04-03T03:33:34.592+0600][16.158s][info][gc,heap     ] GC(10) Soft Max Capacity: 1750M(100%)
[2026-04-03T03:33:34.592+0600][16.159s][info][gc,heap     ] GC(10)                Mark Start          Mark End        Relocate Start      Relocate End           High               Low         
[2026-04-03T03:33:34.592+0600][16.159s][info][gc,heap     ] GC(10)  Capacity:      840M (48%)         840M (48%)         840M (48%)         840M (48%)         840M (48%)         840M (48%)    
[2026-04-03T03:33:34.592+0600][16.159s][info][gc,heap     ] GC(10)      Free:     1428M (82%)        1354M (77%)        1572M (90%)        1584M (91%)        1584M (91%)        1340M (77%)    
[2026-04-03T03:33:34.592+0600][16.159s][info][gc,heap     ] GC(10)      Used:      322M (18%)         396M (23%)         178M (10%)         166M (9%)          410M (23%)         166M (9%)     
[2026-04-03T03:33:34.592+0600][16.159s][info][gc,heap     ] GC(10)      Live:         -                38M (2%)           38M (2%)           38M (2%)             -                  -          
[2026-04-03T03:33:34.592+0600][16.159s][info][gc,heap     ] GC(10) Allocated:         -                74M (4%)           94M (5%)           95M (5%)             -                  -          
[2026-04-03T03:33:34.592+0600][16.159s][info][gc,heap     ] GC(10)   Garbage:         -               283M (16%)          45M (3%)           31M (2%)             -                  -          
[2026-04-03T03:33:34.592+0600][16.159s][info][gc,heap     ] GC(10) Reclaimed:         -                  -               238M (14%)         251M (14%)            -                  -          
[2026-04-03T03:33:34.592+0600][16.159s][info][gc          ] GC(10) Garbage Collection (Allocation Rate) 322M(18%)->166M(9%)
[2026-04-03T03:33:34.650+0600][16.217s][info][gc,start    ] GC(11) Garbage Collection (Allocation Rate)
[2026-04-03T03:33:34.650+0600][16.217s][info][gc,task     ] GC(11) Using 3 workers
[2026-04-03T03:33:34.651+0600][16.217s][info][gc,phases   ] GC(11) Pause Mark Start 0.069ms
[2026-04-03T03:33:34.679+0600][16.245s][info][gc,phases   ] GC(11) Concurrent Mark 27.984ms
[2026-04-03T03:33:34.679+0600][16.246s][info][gc,phases   ] GC(11) Pause Mark End 0.029ms
[2026-04-03T03:33:34.679+0600][16.246s][info][gc,phases   ] GC(11) Concurrent Mark Free 0.001ms
[2026-04-03T03:33:34.685+0600][16.251s][info][gc,phases   ] GC(11) Concurrent Process Non-Strong References 5.527ms
[2026-04-03T03:33:34.685+0600][16.251s][info][gc,phases   ] GC(11) Concurrent Reset Relocation Set 0.003ms
[2026-04-03T03:33:34.688+0600][16.255s][info][gc,phases   ] GC(11) Concurrent Select Relocation Set 3.508ms
[2026-04-03T03:33:34.689+0600][16.255s][info][gc,phases   ] GC(11) Pause Relocate Start 0.028ms
[2026-04-03T03:33:34.690+0600][16.256s][info][gc,phases   ] GC(11) Concurrent Relocate 1.074ms
[2026-04-03T03:33:34.690+0600][16.256s][info][gc,load     ] GC(11) Load: 3.83/4.15/4.73
[2026-04-03T03:33:34.690+0600][16.256s][info][gc,mmu      ] GC(11) MMU: 2ms/96.0%, 5ms/98.4%, 10ms/99.1%, 20ms/99.5%, 50ms/99.7%, 100ms/99.8%
[2026-04-03T03:33:34.690+0600][16.256s][info][gc,marking  ] GC(11) Mark: 2 stripe(s), 2 proactive flush(es), 1 terminate flush(es), 0 completion(s), 0 continuation(s) 
[2026-04-03T03:33:34.690+0600][16.256s][info][gc,marking  ] GC(11) Mark Stack Usage: 32M
[2026-04-03T03:33:34.690+0600][16.256s][info][gc,nmethod  ] GC(11) NMethods: 4216 registered, 555 unregistered
[2026-04-03T03:33:34.690+0600][16.256s][info][gc,metaspace] GC(11) Metaspace: 64M used, 65M committed, 1088M reserved
[2026-04-03T03:33:34.690+0600][16.256s][info][gc,ref      ] GC(11) Soft: 4763 encountered, 0 discovered, 0 enqueued
[2026-04-03T03:33:34.690+0600][16.256s][info][gc,ref      ] GC(11) Weak: 5127 encountered, 672 discovered, 0 enqueued
[2026-04-03T03:33:34.690+0600][16.257s][info][gc,ref      ] GC(11) Final: 82 encountered, 0 discovered, 0 enqueued
[2026-04-03T03:33:34.690+0600][16.257s][info][gc,ref      ] GC(11) Phantom: 603 encountered, 344 discovered, 0 enqueued
[2026-04-03T03:33:34.690+0600][16.257s][info][gc,reloc    ] GC(11) Small Pages: 151 / 302M, Empty: 246M, Relocated: 1M, In-Place: 0
[2026-04-03T03:33:34.690+0600][16.257s][info][gc,reloc    ] GC(11) Medium Pages: 1 / 32M, Empty: 0M, Relocated: 0M, In-Place: 0
[2026-04-03T03:33:34.690+0600][16.257s][info][gc,reloc    ] GC(11) Large Pages: 0 / 0M, Empty: 0M, Relocated: 0M, In-Place: 0
[2026-04-03T03:33:34.690+0600][16.257s][info][gc,reloc    ] GC(11) Forwarding Usage: 0M
[2026-04-03T03:33:34.690+0600][16.257s][info][gc,heap     ] GC(11) Min Capacity: 8M(0%)
[2026-04-03T03:33:34.690+0600][16.257s][info][gc,heap     ] GC(11) Max Capacity: 1750M(100%)
[2026-04-03T03:33:34.690+0600][16.257s][info][gc,heap     ] GC(11) Soft Max Capacity: 1750M(100%)
[2026-04-03T03:33:34.690+0600][16.257s][info][gc,heap     ] GC(11)                Mark Start          Mark End        Relocate Start      Relocate End           High               Low         
[2026-04-03T03:33:34.690+0600][16.257s][info][gc,heap     ] GC(11)  Capacity:      840M (48%)         840M (48%)         840M (48%)         840M (48%)         840M (48%)         840M (48%)    
[2026-04-03T03:33:34.690+0600][16.257s][info][gc,heap     ] GC(11)      Free:     1416M (81%)        1348M (77%)        1572M (90%)        1586M (91%)        1586M (91%)        1332M (76%)    
[2026-04-03T03:33:34.690+0600][16.257s][info][gc,heap     ] GC(11)      Used:      334M (19%)         402M (23%)         178M (10%)         164M (9%)          418M (24%)         164M (9%)     
[2026-04-03T03:33:34.690+0600][16.257s][info][gc,heap     ] GC(11)      Live:         -                38M (2%)           38M (2%)           38M (2%)             -                  -          
[2026-04-03T03:33:34.690+0600][16.257s][info][gc,heap     ] GC(11) Allocated:         -                68M (4%)           90M (5%)           93M (5%)             -                  -          
[2026-04-03T03:33:34.690+0600][16.257s][info][gc,heap     ] GC(11)   Garbage:         -               295M (17%)          49M (3%)           31M (2%)             -                  -          
[2026-04-03T03:33:34.690+0600][16.257s][info][gc,heap     ] GC(11) Reclaimed:         -                  -               246M (14%)         263M (15%)            -                  -          
[2026-04-03T03:33:34.690+0600][16.257s][info][gc          ] GC(11) Garbage Collection (Allocation Rate) 334M(19%)->164M(9%)
[2026-04-03T03:33:34.851+0600][16.417s][info][gc,start    ] GC(12) Garbage Collection (Allocation Rate)
[2026-04-03T03:33:34.851+0600][16.417s][info][gc,task     ] GC(12) Using 3 workers
[2026-04-03T03:33:34.851+0600][16.418s][info][gc,phases   ] GC(12) Pause Mark Start 0.031ms
[2026-04-03T03:33:34.879+0600][16.446s][info][gc,phases   ] GC(12) Concurrent Mark 28.214ms
[2026-04-03T03:33:34.880+0600][16.446s][info][gc,phases   ] GC(12) Pause Mark End 0.025ms
[2026-04-03T03:33:34.880+0600][16.447s][info][gc,phases   ] GC(12) Concurrent Mark Free 0.003ms
[2026-04-03T03:33:34.886+0600][16.452s][info][gc,phases   ] GC(12) Concurrent Process Non-Strong References 5.579ms
[2026-04-03T03:33:34.886+0600][16.452s][info][gc,phases   ] GC(12) Concurrent Reset Relocation Set 0.002ms
[2026-04-03T03:33:34.889+0600][16.455s][info][gc,phases   ] GC(12) Concurrent Select Relocation Set 2.881ms
[2026-04-03T03:33:34.889+0600][16.455s][info][gc,phases   ] GC(12) Pause Relocate Start 0.013ms
[2026-04-03T03:33:34.890+0600][16.457s][info][gc,phases   ] GC(12) Concurrent Relocate 1.138ms
[2026-04-03T03:33:34.890+0600][16.457s][info][gc,load     ] GC(12) Load: 3.83/4.15/4.73
[2026-04-03T03:33:34.890+0600][16.457s][info][gc,mmu      ] GC(12) MMU: 2ms/96.0%, 5ms/98.4%, 10ms/99.1%, 20ms/99.5%, 50ms/99.7%, 100ms/99.8%
[2026-04-03T03:33:34.890+0600][16.457s][info][gc,marking  ] GC(12) Mark: 2 stripe(s), 2 proactive flush(es), 1 terminate flush(es), 0 completion(s), 0 continuation(s) 
[2026-04-03T03:33:34.890+0600][16.457s][info][gc,marking  ] GC(12) Mark Stack Usage: 32M
[2026-04-03T03:33:34.890+0600][16.457s][info][gc,nmethod  ] GC(12) NMethods: 4231 registered, 565 unregistered
[2026-04-03T03:33:34.890+0600][16.457s][info][gc,metaspace] GC(12) Metaspace: 64M used, 65M committed, 1088M reserved
[2026-04-03T03:33:34.890+0600][16.457s][info][gc,ref      ] GC(12) Soft: 4763 encountered, 0 discovered, 0 enqueued
[2026-04-03T03:33:34.890+0600][16.457s][info][gc,ref      ] GC(12) Weak: 5127 encountered, 326 discovered, 0 enqueued
[2026-04-03T03:33:34.890+0600][16.457s][info][gc,ref      ] GC(12) Final: 82 encountered, 0 discovered, 0 enqueued
[2026-04-03T03:33:34.890+0600][16.457s][info][gc,ref      ] GC(12) Phantom: 603 encountered, 378 discovered, 0 enqueued
[2026-04-03T03:33:34.890+0600][16.457s][info][gc,reloc    ] GC(12) Small Pages: 301 / 602M, Empty: 546M, Relocated: 1M, In-Place: 0
[2026-04-03T03:33:34.890+0600][16.457s][info][gc,reloc    ] GC(12) Medium Pages: 1 / 32M, Empty: 0M, Relocated: 0M, In-Place: 0
[2026-04-03T03:33:34.890+0600][16.457s][info][gc,reloc    ] GC(12) Large Pages: 0 / 0M, Empty: 0M, Relocated: 0M, In-Place: 0
[2026-04-03T03:33:34.890+0600][16.457s][info][gc,reloc    ] GC(12) Forwarding Usage: 0M
[2026-04-03T03:33:34.890+0600][16.457s][info][gc,heap     ] GC(12) Min Capacity: 8M(0%)
[2026-04-03T03:33:34.890+0600][16.457s][info][gc,heap     ] GC(12) Max Capacity: 1750M(100%)
[2026-04-03T03:33:34.890+0600][16.457s][info][gc,heap     ] GC(12) Soft Max Capacity: 1750M(100%)
[2026-04-03T03:33:34.890+0600][16.457s][info][gc,heap     ] GC(12)                Mark Start          Mark End        Relocate Start      Relocate End           High               Low         
[2026-04-03T03:33:34.890+0600][16.457s][info][gc,heap     ] GC(12)  Capacity:      840M (48%)         840M (48%)         840M (48%)         840M (48%)         840M (48%)         840M (48%)    
[2026-04-03T03:33:34.890+0600][16.457s][info][gc,heap     ] GC(12)      Free:     1116M (64%)        1046M (60%)        1574M (90%)        1586M (91%)        1588M (91%)        1034M (59%)    
[2026-04-03T03:33:34.890+0600][16.457s][info][gc,heap     ] GC(12)      Used:      634M (36%)         704M (40%)         176M (10%)         164M (9%)          716M (41%)         162M (9%)     
[2026-04-03T03:33:34.890+0600][16.457s][info][gc,heap     ] GC(12)      Live:         -                38M (2%)           38M (2%)           38M (2%)             -                  -          
[2026-04-03T03:33:34.890+0600][16.457s][info][gc,heap     ] GC(12) Allocated:         -                70M (4%)           88M (5%)           91M (5%)             -                  -          
[2026-04-03T03:33:34.890+0600][16.457s][info][gc,heap     ] GC(12)   Garbage:         -               595M (34%)          49M (3%)           33M (2%)             -                  -          
[2026-04-03T03:33:34.890+0600][16.457s][info][gc,heap     ] GC(12) Reclaimed:         -                  -               546M (31%)         561M (32%)            -                  -          
[2026-04-03T03:33:34.891+0600][16.457s][info][gc          ] GC(12) Garbage Collection (Allocation Rate) 634M(36%)->164M(9%)
[2026-04-03T03:33:35.050+0600][16.617s][info][gc,start    ] GC(13) Garbage Collection (Allocation Rate)
[2026-04-03T03:33:35.050+0600][16.617s][info][gc,task     ] GC(13) Using 3 workers
[2026-04-03T03:33:35.050+0600][16.617s][info][gc,phases   ] GC(13) Pause Mark Start 0.011ms
[2026-04-03T03:33:35.079+0600][16.645s][info][gc,phases   ] GC(13) Concurrent Mark 28.378ms
[2026-04-03T03:33:35.079+0600][16.646s][info][gc,phases   ] GC(13) Pause Mark End 0.029ms
[2026-04-03T03:33:35.079+0600][16.646s][info][gc,phases   ] GC(13) Concurrent Mark Free 0.001ms
[2026-04-03T03:33:35.085+0600][16.651s][info][gc,phases   ] GC(13) Concurrent Process Non-Strong References 5.486ms
[2026-04-03T03:33:35.085+0600][16.651s][info][gc,phases   ] GC(13) Concurrent Reset Relocation Set 0.003ms
[2026-04-03T03:33:35.088+0600][16.655s][info][gc,phases   ] GC(13) Concurrent Select Relocation Set 3.362ms
[2026-04-03T03:33:35.089+0600][16.655s][info][gc,phases   ] GC(13) Pause Relocate Start 0.121ms
[2026-04-03T03:33:35.090+0600][16.657s][info][gc,phases   ] GC(13) Concurrent Relocate 1.201ms
[2026-04-03T03:33:35.090+0600][16.657s][info][gc,load     ] GC(13) Load: 3.83/4.15/4.73
[2026-04-03T03:33:35.090+0600][16.657s][info][gc,mmu      ] GC(13) MMU: 2ms/93.9%, 5ms/97.6%, 10ms/98.5%, 20ms/99.2%, 50ms/99.7%, 100ms/99.8%
[2026-04-03T03:33:35.090+0600][16.657s][info][gc,marking  ] GC(13) Mark: 2 stripe(s), 3 proactive flush(es), 1 terminate flush(es), 0 completion(s), 0 continuation(s) 
[2026-04-03T03:33:35.090+0600][16.657s][info][gc,marking  ] GC(13) Mark Stack Usage: 32M
[2026-04-03T03:33:35.090+0600][16.657s][info][gc,nmethod  ] GC(13) NMethods: 4236 registered, 570 unregistered
[2026-04-03T03:33:35.090+0600][16.657s][info][gc,metaspace] GC(13) Metaspace: 64M used, 65M committed, 1088M reserved
[2026-04-03T03:33:35.090+0600][16.657s][info][gc,ref      ] GC(13) Soft: 4763 encountered, 0 discovered, 0 enqueued
[2026-04-03T03:33:35.090+0600][16.657s][info][gc,ref      ] GC(13) Weak: 5127 encountered, 754 discovered, 0 enqueued
[2026-04-03T03:33:35.090+0600][16.657s][info][gc,ref      ] GC(13) Final: 82 encountered, 0 discovered, 0 enqueued
[2026-04-03T03:33:35.090+0600][16.657s][info][gc,ref      ] GC(13) Phantom: 603 encountered, 450 discovered, 0 enqueued
[2026-04-03T03:33:35.090+0600][16.657s][info][gc,reloc    ] GC(13) Small Pages: 304 / 608M, Empty: 544M, Relocated: 1M, In-Place: 0
[2026-04-03T03:33:35.090+0600][16.657s][info][gc,reloc    ] GC(13) Medium Pages: 1 / 32M, Empty: 0M, Relocated: 0M, In-Place: 0
[2026-04-03T03:33:35.090+0600][16.657s][info][gc,reloc    ] GC(13) Large Pages: 0 / 0M, Empty: 0M, Relocated: 0M, In-Place: 0
[2026-04-03T03:33:35.090+0600][16.657s][info][gc,reloc    ] GC(13) Forwarding Usage: 0M
[2026-04-03T03:33:35.090+0600][16.657s][info][gc,heap     ] GC(13) Min Capacity: 8M(0%)
[2026-04-03T03:33:35.090+0600][16.657s][info][gc,heap     ] GC(13) Max Capacity: 1750M(100%)
[2026-04-03T03:33:35.090+0600][16.657s][info][gc,heap     ] GC(13) Soft Max Capacity: 1750M(100%)
[2026-04-03T03:33:35.090+0600][16.657s][info][gc,heap     ] GC(13)                Mark Start          Mark End        Relocate Start      Relocate End           High               Low         
[2026-04-03T03:33:35.090+0600][16.657s][info][gc,heap     ] GC(13)  Capacity:      840M (48%)         840M (48%)         840M (48%)         840M (48%)         840M (48%)         840M (48%)    
[2026-04-03T03:33:35.090+0600][16.657s][info][gc,heap     ] GC(13)      Free:     1110M (63%)        1032M (59%)        1556M (89%)        1578M (90%)        1580M (90%)        1022M (58%)    
[2026-04-03T03:33:35.090+0600][16.657s][info][gc,heap     ] GC(13)      Used:      640M (37%)         718M (41%)         194M (11%)         172M (10%)         728M (42%)         170M (10%)    
[2026-04-03T03:33:35.090+0600][16.657s][info][gc,heap     ] GC(13)      Live:         -                38M (2%)           38M (2%)           38M (2%)             -                  -          
[2026-04-03T03:33:35.090+0600][16.657s][info][gc,heap     ] GC(13) Allocated:         -                78M (4%)           98M (6%)           99M (6%)             -                  -          
[2026-04-03T03:33:35.090+0600][16.657s][info][gc,heap     ] GC(13)   Garbage:         -               601M (34%)          57M (3%)           33M (2%)             -                  -          
[2026-04-03T03:33:35.090+0600][16.657s][info][gc,heap     ] GC(13) Reclaimed:         -                  -               544M (31%)         567M (32%)            -                  -          
[2026-04-03T03:33:35.090+0600][16.657s][info][gc          ] GC(13) Garbage Collection (Allocation Rate) 640M(37%)->172M(10%)
[2026-04-03T03:33:35.250+0600][16.817s][info][gc,start    ] GC(14) Garbage Collection (Allocation Rate)
[2026-04-03T03:33:35.250+0600][16.817s][info][gc,task     ] GC(14) Using 3 workers
[2026-04-03T03:33:35.251+0600][16.817s][info][gc,phases   ] GC(14) Pause Mark Start 0.009ms
[2026-04-03T03:33:35.277+0600][16.843s][info][gc,phases   ] GC(14) Concurrent Mark 25.783ms
[2026-04-03T03:33:35.277+0600][16.843s][info][gc,phases   ] GC(14) Pause Mark End 0.026ms
[2026-04-03T03:33:35.277+0600][16.843s][info][gc,phases   ] GC(14) Concurrent Mark Free 0.001ms
[2026-04-03T03:33:35.283+0600][16.849s][info][gc,phases   ] GC(14) Concurrent Process Non-Strong References 5.981ms
[2026-04-03T03:33:35.283+0600][16.849s][info][gc,phases   ] GC(14) Concurrent Reset Relocation Set 0.005ms
[2026-04-03T03:33:35.286+0600][16.852s][info][gc,phases   ] GC(14) Concurrent Select Relocation Set 2.847ms
[2026-04-03T03:33:35.286+0600][16.853s][info][gc,phases   ] GC(14) Pause Relocate Start 0.032ms
[2026-04-03T03:33:35.287+0600][16.854s][info][gc,phases   ] GC(14) Concurrent Relocate 1.308ms
[2026-04-03T03:33:35.288+0600][16.854s][info][gc,load     ] GC(14) Load: 3.83/4.15/4.73
[2026-04-03T03:33:35.288+0600][16.854s][info][gc,mmu      ] GC(14) MMU: 2ms/93.9%, 5ms/97.6%, 10ms/98.5%, 20ms/99.2%, 50ms/99.7%, 100ms/99.8%
[2026-04-03T03:33:35.288+0600][16.854s][info][gc,marking  ] GC(14) Mark: 2 stripe(s), 2 proactive flush(es), 1 terminate flush(es), 0 completion(s), 0 continuation(s) 
[2026-04-03T03:33:35.288+0600][16.854s][info][gc,marking  ] GC(14) Mark Stack Usage: 32M
[2026-04-03T03:33:35.288+0600][16.854s][info][gc,nmethod  ] GC(14) NMethods: 4235 registered, 572 unregistered
[2026-04-03T03:33:35.288+0600][16.854s][info][gc,metaspace] GC(14) Metaspace: 64M used, 65M committed, 1088M reserved
[2026-04-03T03:33:35.288+0600][16.854s][info][gc,ref      ] GC(14) Soft: 4763 encountered, 0 discovered, 0 enqueued
[2026-04-03T03:33:35.288+0600][16.854s][info][gc,ref      ] GC(14) Weak: 5127 encountered, 706 discovered, 0 enqueued
[2026-04-03T03:33:35.288+0600][16.854s][info][gc,ref      ] GC(14) Final: 82 encountered, 0 discovered, 0 enqueued
[2026-04-03T03:33:35.288+0600][16.854s][info][gc,ref      ] GC(14) Phantom: 603 encountered, 377 discovered, 0 enqueued
[2026-04-03T03:33:35.288+0600][16.854s][info][gc,reloc    ] GC(14) Small Pages: 294 / 588M, Empty: 534M, Relocated: 1M, In-Place: 0
[2026-04-03T03:33:35.288+0600][16.854s][info][gc,reloc    ] GC(14) Medium Pages: 1 / 32M, Empty: 0M, Relocated: 0M, In-Place: 0
[2026-04-03T03:33:35.288+0600][16.854s][info][gc,reloc    ] GC(14) Large Pages: 0 / 0M, Empty: 0M, Relocated: 0M, In-Place: 0
[2026-04-03T03:33:35.288+0600][16.854s][info][gc,reloc    ] GC(14) Forwarding Usage: 0M
[2026-04-03T03:33:35.288+0600][16.854s][info][gc,heap     ] GC(14) Min Capacity: 8M(0%)
[2026-04-03T03:33:35.288+0600][16.854s][info][gc,heap     ] GC(14) Max Capacity: 1750M(100%)
[2026-04-03T03:33:35.288+0600][16.854s][info][gc,heap     ] GC(14) Soft Max Capacity: 1750M(100%)
[2026-04-03T03:33:35.288+0600][16.854s][info][gc,heap     ] GC(14)                Mark Start          Mark End        Relocate Start      Relocate End           High               Low         
[2026-04-03T03:33:35.288+0600][16.854s][info][gc,heap     ] GC(14)  Capacity:      840M (48%)         840M (48%)         840M (48%)         840M (48%)         840M (48%)         840M (48%)    
[2026-04-03T03:33:35.288+0600][16.854s][info][gc,heap     ] GC(14)      Free:     1130M (65%)        1076M (61%)        1592M (91%)        1600M (91%)        1604M (92%)        1064M (61%)    
[2026-04-03T03:33:35.288+0600][16.854s][info][gc,heap     ] GC(14)      Used:      620M (35%)         674M (39%)         158M (9%)          150M (9%)          686M (39%)         146M (8%)     
[2026-04-03T03:33:35.288+0600][16.854s][info][gc,heap     ] GC(14)      Live:         -                38M (2%)           38M (2%)           38M (2%)             -                  -          
[2026-04-03T03:33:35.288+0600][16.854s][info][gc,heap     ] GC(14) Allocated:         -                54M (3%)           72M (4%)           77M (4%)             -                  -          
[2026-04-03T03:33:35.288+0600][16.854s][info][gc,heap     ] GC(14)   Garbage:         -               581M (33%)          47M (3%)           33M (2%)             -                  -          
[2026-04-03T03:33:35.288+0600][16.854s][info][gc,heap     ] GC(14) Reclaimed:         -                  -               534M (31%)         547M (31%)            -                  -          
[2026-04-03T03:33:35.288+0600][16.854s][info][gc          ] GC(14) Garbage Collection (Allocation Rate) 620M(35%)->150M(9%)
[2026-04-03T03:33:35.550+0600][17.116s][info][gc,start    ] GC(15) Garbage Collection (Allocation Rate)
[2026-04-03T03:33:35.550+0600][17.116s][info][gc,task     ] GC(15) Using 3 workers
[2026-04-03T03:33:35.550+0600][17.117s][info][gc,phases   ] GC(15) Pause Mark Start 0.011ms
[2026-04-03T03:33:35.580+0600][17.147s][info][gc,phases   ] GC(15) Concurrent Mark 30.205ms
[2026-04-03T03:33:35.581+0600][17.147s][info][gc,phases   ] GC(15) Pause Mark End 0.026ms
[2026-04-03T03:33:35.581+0600][17.147s][info][gc,phases   ] GC(15) Concurrent Mark Free 0.003ms
[2026-04-03T03:33:35.587+0600][17.154s][info][gc,phases   ] GC(15) Concurrent Process Non-Strong References 6.363ms
[2026-04-03T03:33:35.587+0600][17.154s][info][gc,phases   ] GC(15) Concurrent Reset Relocation Set 0.002ms
[2026-04-03T03:33:35.591+0600][17.158s][info][gc,phases   ] GC(15) Concurrent Select Relocation Set 3.989ms
[2026-04-03T03:33:35.591+0600][17.158s][info][gc,phases   ] GC(15) Pause Relocate Start 0.015ms
[2026-04-03T03:33:35.593+0600][17.159s][info][gc,phases   ] GC(15) Concurrent Relocate 1.139ms
[2026-04-03T03:33:35.593+0600][17.159s][info][gc,load     ] GC(15) Load: 3.92/4.17/4.73
[2026-04-03T03:33:35.593+0600][17.159s][info][gc,mmu      ] GC(15) MMU: 2ms/93.9%, 5ms/97.6%, 10ms/98.5%, 20ms/99.2%, 50ms/99.7%, 100ms/99.8%
[2026-04-03T03:33:35.593+0600][17.159s][info][gc,marking  ] GC(15) Mark: 2 stripe(s), 2 proactive flush(es), 1 terminate flush(es), 0 completion(s), 0 continuation(s) 
[2026-04-03T03:33:35.593+0600][17.159s][info][gc,marking  ] GC(15) Mark Stack Usage: 32M
[2026-04-03T03:33:35.593+0600][17.159s][info][gc,nmethod  ] GC(15) NMethods: 4242 registered, 575 unregistered
[2026-04-03T03:33:35.593+0600][17.159s][info][gc,metaspace] GC(15) Metaspace: 64M used, 65M committed, 1088M reserved
[2026-04-03T03:33:35.593+0600][17.159s][info][gc,ref      ] GC(15) Soft: 4763 encountered, 0 discovered, 0 enqueued
[2026-04-03T03:33:35.593+0600][17.159s][info][gc,ref      ] GC(15) Weak: 5127 encountered, 2045 discovered, 0 enqueued
[2026-04-03T03:33:35.593+0600][17.159s][info][gc,ref      ] GC(15) Final: 82 encountered, 0 discovered, 0 enqueued
[2026-04-03T03:33:35.593+0600][17.159s][info][gc,ref      ] GC(15) Phantom: 603 encountered, 526 discovered, 0 enqueued
[2026-04-03T03:33:35.593+0600][17.159s][info][gc,reloc    ] GC(15) Small Pages: 406 / 812M, Empty: 760M, Relocated: 1M, In-Place: 0
[2026-04-03T03:33:35.593+0600][17.159s][info][gc,reloc    ] GC(15) Medium Pages: 1 / 32M, Empty: 0M, Relocated: 0M, In-Place: 0
[2026-04-03T03:33:35.593+0600][17.159s][info][gc,reloc    ] GC(15) Large Pages: 0 / 0M, Empty: 0M, Relocated: 0M, In-Place: 0
[2026-04-03T03:33:35.593+0600][17.159s][info][gc,reloc    ] GC(15) Forwarding Usage: 0M
[2026-04-03T03:33:35.593+0600][17.159s][info][gc,heap     ] GC(15) Min Capacity: 8M(0%)
[2026-04-03T03:33:35.593+0600][17.159s][info][gc,heap     ] GC(15) Max Capacity: 1750M(100%)
[2026-04-03T03:33:35.593+0600][17.159s][info][gc,heap     ] GC(15) Soft Max Capacity: 1750M(100%)
[2026-04-03T03:33:35.593+0600][17.159s][info][gc,heap     ] GC(15)                Mark Start          Mark End        Relocate Start      Relocate End           High               Low         
[2026-04-03T03:33:35.593+0600][17.159s][info][gc,heap     ] GC(15)  Capacity:      844M (48%)         880M (50%)         886M (51%)         886M (51%)         886M (51%)         844M (48%)    
[2026-04-03T03:33:35.593+0600][17.159s][info][gc,heap     ] GC(15)      Free:      906M (52%)         870M (50%)        1620M (93%)        1630M (93%)        1630M (93%)         864M (49%)    
[2026-04-03T03:33:35.593+0600][17.159s][info][gc,heap     ] GC(15)      Used:      844M (48%)         880M (50%)         130M (7%)          120M (7%)          886M (51%)         120M (7%)     
[2026-04-03T03:33:35.593+0600][17.159s][info][gc,heap     ] GC(15)      Live:         -                38M (2%)           38M (2%)           38M (2%)             -                  -          
[2026-04-03T03:33:35.593+0600][17.159s][info][gc,heap     ] GC(15) Allocated:         -                36M (2%)           46M (3%)           47M (3%)             -                  -          
[2026-04-03T03:33:35.593+0600][17.160s][info][gc,heap     ] GC(15)   Garbage:         -               805M (46%)          45M (3%)           33M (2%)             -                  -          
[2026-04-03T03:33:35.593+0600][17.160s][info][gc,heap     ] GC(15) Reclaimed:         -                  -               760M (43%)         771M (44%)            -                  -          
[2026-04-03T03:33:35.593+0600][17.160s][info][gc          ] GC(15) Garbage Collection (Allocation Rate) 844M(48%)->120M(7%)
[2026-04-03T03:33:35.950+0600][17.517s][info][gc,start    ] GC(16) Garbage Collection (Allocation Rate)
[2026-04-03T03:33:35.950+0600][17.517s][info][gc,task     ] GC(16) Using 1 workers
[2026-04-03T03:33:35.951+0600][17.517s][info][gc,phases   ] GC(16) Pause Mark Start 0.013ms
[2026-04-03T03:33:36.010+0600][17.576s][info][gc,phases   ] GC(16) Concurrent Mark 58.935ms
[2026-04-03T03:33:36.010+0600][17.577s][info][gc,phases   ] GC(16) Pause Mark End 0.023ms
[2026-04-03T03:33:36.010+0600][17.577s][info][gc,phases   ] GC(16) Concurrent Mark Free 0.001ms
[2026-04-03T03:33:36.024+0600][17.591s][info][gc,phases   ] GC(16) Concurrent Process Non-Strong References 13.547ms
[2026-04-03T03:33:36.024+0600][17.591s][info][gc,phases   ] GC(16) Concurrent Reset Relocation Set 0.002ms
[2026-04-03T03:33:36.026+0600][17.593s][info][gc,phases   ] GC(16) Concurrent Select Relocation Set 2.437ms
[2026-04-03T03:33:36.027+0600][17.593s][info][gc,phases   ] GC(16) Pause Relocate Start 0.011ms
[2026-04-03T03:33:36.029+0600][17.595s][info][gc,phases   ] GC(16) Concurrent Relocate 1.861ms
[2026-04-03T03:33:36.029+0600][17.595s][info][gc,load     ] GC(16) Load: 3.92/4.17/4.73
[2026-04-03T03:33:36.029+0600][17.595s][info][gc,mmu      ] GC(16) MMU: 2ms/93.9%, 5ms/97.6%, 10ms/98.5%, 20ms/99.2%, 50ms/99.7%, 100ms/99.8%
[2026-04-03T03:33:36.029+0600][17.595s][info][gc,marking  ] GC(16) Mark: 1 stripe(s), 2 proactive flush(es), 1 terminate flush(es), 0 completion(s), 0 continuation(s) 
[2026-04-03T03:33:36.029+0600][17.595s][info][gc,marking  ] GC(16) Mark Stack Usage: 32M
[2026-04-03T03:33:36.029+0600][17.595s][info][gc,nmethod  ] GC(16) NMethods: 4244 registered, 579 unregistered
[2026-04-03T03:33:36.029+0600][17.595s][info][gc,metaspace] GC(16) Metaspace: 64M used, 65M committed, 1088M reserved
[2026-04-03T03:33:36.029+0600][17.595s][info][gc,ref      ] GC(16) Soft: 4763 encountered, 0 discovered, 0 enqueued
[2026-04-03T03:33:36.029+0600][17.595s][info][gc,ref      ] GC(16) Weak: 5127 encountered, 875 discovered, 0 enqueued
[2026-04-03T03:33:36.029+0600][17.595s][info][gc,ref      ] GC(16) Final: 82 encountered, 0 discovered, 0 enqueued
[2026-04-03T03:33:36.029+0600][17.595s][info][gc,ref      ] GC(16) Phantom: 603 encountered, 281 discovered, 0 enqueued
[2026-04-03T03:33:36.029+0600][17.595s][info][gc,reloc    ] GC(16) Small Pages: 464 / 928M, Empty: 870M, Relocated: 1M, In-Place: 0
[2026-04-03T03:33:36.029+0600][17.595s][info][gc,reloc    ] GC(16) Medium Pages: 1 / 32M, Empty: 0M, Relocated: 0M, In-Place: 0
[2026-04-03T03:33:36.029+0600][17.595s][info][gc,reloc    ] GC(16) Large Pages: 0 / 0M, Empty: 0M, Relocated: 0M, In-Place: 0
[2026-04-03T03:33:36.029+0600][17.595s][info][gc,reloc    ] GC(16) Forwarding Usage: 0M
[2026-04-03T03:33:36.029+0600][17.595s][info][gc,heap     ] GC(16) Min Capacity: 8M(0%)
[2026-04-03T03:33:36.029+0600][17.595s][info][gc,heap     ] GC(16) Max Capacity: 1750M(100%)
[2026-04-03T03:33:36.029+0600][17.595s][info][gc,heap     ] GC(16) Soft Max Capacity: 1750M(100%)
[2026-04-03T03:33:36.029+0600][17.595s][info][gc,heap     ] GC(16)                Mark Start          Mark End        Relocate Start      Relocate End           High               Low         
[2026-04-03T03:33:36.029+0600][17.595s][info][gc,heap     ] GC(16)  Capacity:      960M (55%)        1038M (59%)        1054M (60%)        1054M (60%)        1054M (60%)         960M (55%)    
[2026-04-03T03:33:36.029+0600][17.595s][info][gc,heap     ] GC(16)      Free:      790M (45%)         712M (41%)        1562M (89%)        1578M (90%)        1580M (90%)         696M (40%)    
[2026-04-03T03:33:36.029+0600][17.595s][info][gc,heap     ] GC(16)      Used:      960M (55%)        1038M (59%)         188M (11%)         172M (10%)        1054M (60%)         170M (10%)    
[2026-04-03T03:33:36.029+0600][17.595s][info][gc,heap     ] GC(16)      Live:         -                38M (2%)           38M (2%)           38M (2%)             -                  -          
[2026-04-03T03:33:36.029+0600][17.595s][info][gc,heap     ] GC(16) Allocated:         -                78M (4%)           98M (6%)          103M (6%)             -                  -          
[2026-04-03T03:33:36.029+0600][17.595s][info][gc,heap     ] GC(16)   Garbage:         -               921M (53%)          51M (3%)           29M (2%)             -                  -          
[2026-04-03T03:33:36.029+0600][17.595s][info][gc,heap     ] GC(16) Reclaimed:         -                  -               870M (50%)         891M (51%)            -                  -          
[2026-04-03T03:33:36.029+0600][17.595s][info][gc          ] GC(16) Garbage Collection (Allocation Rate) 960M(55%)->172M(10%)
[2026-04-03T03:33:36.350+0600][17.917s][info][gc,start    ] GC(17) Garbage Collection (Allocation Rate)
[2026-04-03T03:33:36.350+0600][17.917s][info][gc,task     ] GC(17) Using 1 workers
[2026-04-03T03:33:36.350+0600][17.917s][info][gc,phases   ] GC(17) Pause Mark Start 0.038ms
[2026-04-03T03:33:36.413+0600][17.980s][info][gc,phases   ] GC(17) Concurrent Mark 62.669ms
[2026-04-03T03:33:36.414+0600][17.980s][info][gc,phases   ] GC(17) Pause Mark End 0.020ms
[2026-04-03T03:33:36.414+0600][17.980s][info][gc,phases   ] GC(17) Concurrent Mark Free 0.001ms
[2026-04-03T03:33:36.426+0600][17.993s][info][gc,phases   ] GC(17) Concurrent Process Non-Strong References 12.496ms
[2026-04-03T03:33:36.426+0600][17.993s][info][gc,phases   ] GC(17) Concurrent Reset Relocation Set 0.002ms
[2026-04-03T03:33:36.429+0600][17.995s][info][gc,phases   ] GC(17) Concurrent Select Relocation Set 2.426ms
[2026-04-03T03:33:36.429+0600][17.995s][info][gc,phases   ] GC(17) Pause Relocate Start 0.012ms
[2026-04-03T03:33:36.431+0600][17.998s][info][gc,phases   ] GC(17) Concurrent Relocate 2.126ms
[2026-04-03T03:33:36.431+0600][17.998s][info][gc,load     ] GC(17) Load: 3.92/4.17/4.73
[2026-04-03T03:33:36.431+0600][17.998s][info][gc,mmu      ] GC(17) MMU: 2ms/93.9%, 5ms/97.6%, 10ms/98.5%, 20ms/99.2%, 50ms/99.7%, 100ms/99.8%
[2026-04-03T03:33:36.431+0600][17.998s][info][gc,marking  ] GC(17) Mark: 1 stripe(s), 2 proactive flush(es), 1 terminate flush(es), 0 completion(s), 0 continuation(s) 
[2026-04-03T03:33:36.431+0600][17.998s][info][gc,marking  ] GC(17) Mark Stack Usage: 32M
[2026-04-03T03:33:36.431+0600][17.998s][info][gc,nmethod  ] GC(17) NMethods: 4244 registered, 582 unregistered
[2026-04-03T03:33:36.431+0600][17.998s][info][gc,metaspace] GC(17) Metaspace: 64M used, 65M committed, 1088M reserved
[2026-04-03T03:33:36.431+0600][17.998s][info][gc,ref      ] GC(17) Soft: 4763 encountered, 0 discovered, 0 enqueued
[2026-04-03T03:33:36.431+0600][17.998s][info][gc,ref      ] GC(17) Weak: 5127 encountered, 877 discovered, 0 enqueued
[2026-04-03T03:33:36.431+0600][17.998s][info][gc,ref      ] GC(17) Final: 82 encountered, 0 discovered, 0 enqueued
[2026-04-03T03:33:36.431+0600][17.998s][info][gc,ref      ] GC(17) Phantom: 603 encountered, 281 discovered, 0 enqueued
[2026-04-03T03:33:36.431+0600][17.998s][info][gc,reloc    ] GC(17) Small Pages: 505 / 1010M, Empty: 952M, Relocated: 1M, In-Place: 0
[2026-04-03T03:33:36.431+0600][17.998s][info][gc,reloc    ] GC(17) Medium Pages: 1 / 32M, Empty: 0M, Relocated: 0M, In-Place: 0
[2026-04-03T03:33:36.431+0600][17.998s][info][gc,reloc    ] GC(17) Large Pages: 0 / 0M, Empty: 0M, Relocated: 0M, In-Place: 0
[2026-04-03T03:33:36.431+0600][17.998s][info][gc,reloc    ] GC(17) Forwarding Usage: 0M
[2026-04-03T03:33:36.431+0600][17.998s][info][gc,heap     ] GC(17) Min Capacity: 8M(0%)
[2026-04-03T03:33:36.431+0600][17.998s][info][gc,heap     ] GC(17) Max Capacity: 1750M(100%)
[2026-04-03T03:33:36.431+0600][17.998s][info][gc,heap     ] GC(17) Soft Max Capacity: 1750M(100%)
[2026-04-03T03:33:36.431+0600][17.998s][info][gc,heap     ] GC(17)                Mark Start          Mark End        Relocate Start      Relocate End           High               Low         
[2026-04-03T03:33:36.431+0600][17.998s][info][gc,heap     ] GC(17)  Capacity:     1054M (60%)        1132M (65%)        1150M (66%)        1150M (66%)        1150M (66%)        1054M (60%)    
[2026-04-03T03:33:36.431+0600][17.998s][info][gc,heap     ] GC(17)      Free:      708M (40%)         618M (35%)        1550M (89%)        1566M (89%)        1570M (90%)         600M (34%)    
[2026-04-03T03:33:36.431+0600][17.998s][info][gc,heap     ] GC(17)      Used:     1042M (60%)        1132M (65%)         200M (11%)         184M (11%)        1150M (66%)         180M (10%)    
[2026-04-03T03:33:36.431+0600][17.998s][info][gc,heap     ] GC(17)      Live:         -                38M (2%)           38M (2%)           38M (2%)             -                  -          
[2026-04-03T03:33:36.431+0600][17.998s][info][gc,heap     ] GC(17) Allocated:         -                90M (5%)          110M (6%)          115M (7%)             -                  -          
[2026-04-03T03:33:36.431+0600][17.998s][info][gc,heap     ] GC(17)   Garbage:         -              1003M (57%)          51M (3%)           29M (2%)             -                  -          
[2026-04-03T03:33:36.431+0600][17.998s][info][gc,heap     ] GC(17) Reclaimed:         -                  -               952M (54%)         973M (56%)            -                  -          
[2026-04-03T03:33:36.431+0600][17.998s][info][gc          ] GC(17) Garbage Collection (Allocation Rate) 1042M(60%)->184M(11%)
[2026-04-03T03:33:37.050+0600][18.616s][info][gc,start    ] GC(18) Garbage Collection (Allocation Rate)
[2026-04-03T03:33:37.050+0600][18.617s][info][gc,task     ] GC(18) Using 2 workers
[2026-04-03T03:33:37.050+0600][18.617s][info][gc,phases   ] GC(18) Pause Mark Start 0.015ms
[2026-04-03T03:33:37.102+0600][18.668s][info][gc,phases   ] GC(18) Concurrent Mark 51.120ms
[2026-04-03T03:33:37.102+0600][18.668s][info][gc,phases   ] GC(18) Pause Mark End 0.025ms
[2026-04-03T03:33:37.102+0600][18.668s][info][gc,phases   ] GC(18) Concurrent Mark Free 0.002ms
[2026-04-03T03:33:37.127+0600][18.694s][info][gc,phases   ] GC(18) Concurrent Process Non-Strong References 25.244ms
[2026-04-03T03:33:37.127+0600][18.694s][info][gc,phases   ] GC(18) Concurrent Reset Relocation Set 0.003ms
[2026-04-03T03:33:37.132+0600][18.698s][info][gc,phases   ] GC(18) Concurrent Select Relocation Set 4.249ms
[2026-04-03T03:33:37.132+0600][18.698s][info][gc,phases   ] GC(18) Pause Relocate Start 0.015ms
[2026-04-03T03:33:37.139+0600][18.706s][info][gc,phases   ] GC(18) Concurrent Relocate 7.259ms
[2026-04-03T03:33:37.139+0600][18.706s][info][gc,load     ] GC(18) Load: 3.92/4.17/4.73
[2026-04-03T03:33:37.139+0600][18.706s][info][gc,mmu      ] GC(18) MMU: 2ms/93.9%, 5ms/97.6%, 10ms/98.5%, 20ms/99.2%, 50ms/99.7%, 100ms/99.8%
[2026-04-03T03:33:37.139+0600][18.706s][info][gc,marking  ] GC(18) Mark: 2 stripe(s), 2 proactive flush(es), 1 terminate flush(es), 0 completion(s), 0 continuation(s) 
[2026-04-03T03:33:37.139+0600][18.706s][info][gc,marking  ] GC(18) Mark Stack Usage: 32M
[2026-04-03T03:33:37.139+0600][18.706s][info][gc,nmethod  ] GC(18) NMethods: 4779 registered, 739 unregistered
[2026-04-03T03:33:37.139+0600][18.706s][info][gc,metaspace] GC(18) Metaspace: 66M used, 67M committed, 1088M reserved
[2026-04-03T03:33:37.139+0600][18.706s][info][gc,ref      ] GC(18) Soft: 4881 encountered, 0 discovered, 0 enqueued
[2026-04-03T03:33:37.140+0600][18.706s][info][gc,ref      ] GC(18) Weak: 6197 encountered, 1249 discovered, 463 enqueued
[2026-04-03T03:33:37.140+0600][18.706s][info][gc,ref      ] GC(18) Final: 82 encountered, 0 discovered, 0 enqueued
[2026-04-03T03:33:37.140+0600][18.706s][info][gc,ref      ] GC(18) Phantom: 596 encountered, 500 discovered, 0 enqueued
[2026-04-03T03:33:37.140+0600][18.706s][info][gc,reloc    ] GC(18) Small Pages: 266 / 532M, Empty: 418M, Relocated: 5M, In-Place: 0
[2026-04-03T03:33:37.140+0600][18.706s][info][gc,reloc    ] GC(18) Medium Pages: 2 / 64M, Empty: 32M, Relocated: 0M, In-Place: 0
[2026-04-03T03:33:37.140+0600][18.706s][info][gc,reloc    ] GC(18) Large Pages: 1 / 6M, Empty: 6M, Relocated: 0M, In-Place: 0
[2026-04-03T03:33:37.140+0600][18.706s][info][gc,reloc    ] GC(18) Forwarding Usage: 1M
[2026-04-03T03:33:37.140+0600][18.706s][info][gc,heap     ] GC(18) Min Capacity: 8M(0%)
[2026-04-03T03:33:37.140+0600][18.706s][info][gc,heap     ] GC(18) Max Capacity: 1750M(100%)
[2026-04-03T03:33:37.140+0600][18.706s][info][gc,heap     ] GC(18) Soft Max Capacity: 1750M(100%)
[2026-04-03T03:33:37.140+0600][18.706s][info][gc,heap     ] GC(18)                Mark Start          Mark End        Relocate Start      Relocate End           High               Low         
[2026-04-03T03:33:37.140+0600][18.706s][info][gc,heap     ] GC(18)  Capacity:     1188M (68%)        1188M (68%)        1188M (68%)        1188M (68%)        1188M (68%)        1188M (68%)    
[2026-04-03T03:33:37.140+0600][18.706s][info][gc,heap     ] GC(18)      Free:     1148M (66%)        1138M (65%)        1588M (91%)        1664M (95%)        1664M (95%)        1132M (65%)    
[2026-04-03T03:33:37.140+0600][18.706s][info][gc,heap     ] GC(18)      Used:      602M (34%)         612M (35%)         162M (9%)           86M (5%)          618M (35%)          86M (5%)     
[2026-04-03T03:33:37.140+0600][18.706s][info][gc,heap     ] GC(18)      Live:         -                37M (2%)           37M (2%)           37M (2%)             -                  -          
[2026-04-03T03:33:37.140+0600][18.706s][info][gc,heap     ] GC(18) Allocated:         -                10M (1%)           16M (1%)           17M (1%)             -                  -          
[2026-04-03T03:33:37.140+0600][18.706s][info][gc,heap     ] GC(18)   Garbage:         -               564M (32%)         108M (6%)           30M (2%)             -                  -          
[2026-04-03T03:33:37.140+0600][18.706s][info][gc,heap     ] GC(18) Reclaimed:         -                  -               456M (26%)         533M (31%)            -                  -          
[2026-04-03T03:33:37.140+0600][18.706s][info][gc          ] GC(18) Garbage Collection (Allocation Rate) 602M(34%)->86M(5%)
[2026-04-03T03:33:38.550+0600][20.116s][info][gc,stats    ] === Garbage Collection Statistics =======================================================================================================================
[2026-04-03T03:33:38.550+0600][20.116s][info][gc,stats    ]                                                              Last 10s              Last 10m              Last 10h                Total
[2026-04-03T03:33:38.550+0600][20.116s][info][gc,stats    ]                                                              Avg / Max             Avg / Max             Avg / Max             Avg / Max
[2026-04-03T03:33:38.550+0600][20.116s][info][gc,stats    ]   Collector: Garbage Collection Cycle                    147.744 / 795.950     136.809 / 795.950     136.809 / 795.950     136.809 / 795.950     ms
[2026-04-03T03:33:38.550+0600][20.116s][info][gc,stats    ]  Contention: Mark Segment Reset Contention                     4 / 17                2 / 17                2 / 17                2 / 17          ops/s
[2026-04-03T03:33:38.550+0600][20.116s][info][gc,stats    ]  Contention: Mark SeqNum Reset Contention                      0 / 0                 0 / 0                 0 / 0                 0 / 0           ops/s
[2026-04-03T03:33:38.550+0600][20.116s][info][gc,stats    ]    Critical: Allocation Stall                                  0 / 0                 0 / 0                 0 / 0                 0 / 0           ops/s
[2026-04-03T03:33:38.550+0600][20.116s][info][gc,stats    ]    Critical: Allocation Stall                              0.000 / 0.000         0.000 / 0.000         0.000 / 0.000         0.000 / 0.000       ms
[2026-04-03T03:33:38.550+0600][20.116s][info][gc,stats    ]    Critical: GC Locker Stall                                   0 / 1                 0 / 1                 0 / 1                 0 / 1           ops/s
[2026-04-03T03:33:38.550+0600][20.116s][info][gc,stats    ]    Critical: GC Locker Stall                               0.003 / 0.003         0.002 / 0.003         0.002 / 0.003         0.002 / 0.003       ms
[2026-04-03T03:33:38.550+0600][20.116s][info][gc,stats    ]    Critical: Relocation Stall                                  0 / 0                 0 / 0                 0 / 0                 0 / 0           ops/s
[2026-04-03T03:33:38.550+0600][20.116s][info][gc,stats    ]    Critical: Relocation Stall                              0.000 / 0.000         0.000 / 0.000         0.000 / 0.000         0.000 / 0.000       ms
[2026-04-03T03:33:38.550+0600][20.116s][info][gc,stats    ]      Memory: Allocation Rate                                 757 / 2718            452 / 2718            452 / 2718            452 / 2718        MB/s
[2026-04-03T03:33:38.550+0600][20.116s][info][gc,stats    ]      Memory: Defragment                                        1 / 19                1 / 19                1 / 19                1 / 19          ops/s
[2026-04-03T03:33:38.550+0600][20.117s][info][gc,stats    ]      Memory: Out Of Memory                                     0 / 0                 0 / 0                 0 / 0                 0 / 0           ops/s
[2026-04-03T03:33:38.550+0600][20.117s][info][gc,stats    ]      Memory: Page Cache Flush                                  3 / 38                3 / 38                3 / 38                3 / 38          MB/s
[2026-04-03T03:33:38.550+0600][20.117s][info][gc,stats    ]      Memory: Page Cache Hit L1                               349 / 1353            194 / 1353            194 / 1353            194 / 1353        ops/s
[2026-04-03T03:33:38.550+0600][20.117s][info][gc,stats    ]      Memory: Page Cache Hit L2                                 0 / 0                 0 / 0                 0 / 0                 0 / 0           ops/s
[2026-04-03T03:33:38.550+0600][20.117s][info][gc,stats    ]      Memory: Page Cache Hit L3                                 1 / 17                7 / 104               7 / 104               7 / 104         ops/s
[2026-04-03T03:33:38.550+0600][20.117s][info][gc,stats    ]      Memory: Page Cache Miss                                  23 / 151              20 / 151              20 / 151              20 / 151         ops/s
[2026-04-03T03:33:38.550+0600][20.117s][info][gc,stats    ]      Memory: Uncommit                                          0 / 0                 0 / 0                 0 / 0                 0 / 0           MB/s
[2026-04-03T03:33:38.550+0600][20.117s][info][gc,stats    ]      Memory: Undo Object Allocation Failed                     0 / 0                 0 / 0                 0 / 0                 0 / 0           ops/s
[2026-04-03T03:33:38.550+0600][20.117s][info][gc,stats    ]      Memory: Undo Object Allocation Succeeded                  0 / 5                 0 / 5                 0 / 5                 0 / 5           ops/s
[2026-04-03T03:33:38.550+0600][20.117s][info][gc,stats    ]      Memory: Undo Page Allocation                              0 / 0                 0 / 0                 0 / 0                 0 / 0           ops/s
[2026-04-03T03:33:38.550+0600][20.117s][info][gc,stats    ]       Phase: Concurrent Mark                             132.104 / 784.741     120.735 / 784.741     120.735 / 784.741     120.735 / 784.741     ms
[2026-04-03T03:33:38.550+0600][20.117s][info][gc,stats    ]       Phase: Concurrent Mark Continue                      0.000 / 0.000         0.000 / 0.000         0.000 / 0.000         0.000 / 0.000       ms
[2026-04-03T03:33:38.550+0600][20.117s][info][gc,stats    ]       Phase: Concurrent Mark Free                          0.002 / 0.003         0.002 / 0.003         0.002 / 0.003         0.002 / 0.003       ms
[2026-04-03T03:33:38.550+0600][20.117s][info][gc,stats    ]       Phase: Concurrent Process Non-Strong References      8.430 / 25.244        7.341 / 25.244        7.341 / 25.244        7.341 / 25.244      ms
[2026-04-03T03:33:38.550+0600][20.117s][info][gc,stats    ]       Phase: Concurrent Relocate                           2.512 / 7.259         3.786 / 19.104        3.786 / 19.104        3.786 / 19.104      ms
[2026-04-03T03:33:38.550+0600][20.117s][info][gc,stats    ]       Phase: Concurrent Reset Relocation Set               0.004 / 0.014         0.005 / 0.014         0.005 / 0.014         0.005 / 0.014       ms
[2026-04-03T03:33:38.550+0600][20.117s][info][gc,stats    ]       Phase: Concurrent Select Relocation Set              3.192 / 4.702         3.429 / 7.197         3.429 / 7.197         3.429 / 7.197       ms
[2026-04-03T03:33:38.550+0600][20.117s][info][gc,stats    ]       Phase: Pause Mark End                                0.034 / 0.080         0.032 / 0.080         0.032 / 0.080         0.032 / 0.080       ms
[2026-04-03T03:33:38.550+0600][20.117s][info][gc,stats    ]       Phase: Pause Mark Start                              0.021 / 0.069         0.018 / 0.069         0.018 / 0.069         0.018 / 0.069       ms
[2026-04-03T03:33:38.550+0600][20.117s][info][gc,stats    ]       Phase: Pause Relocate Start                          0.024 / 0.121         0.021 / 0.121         0.021 / 0.121         0.021 / 0.121       ms
[2026-04-03T03:33:38.550+0600][20.117s][info][gc,stats    ]    Subphase: Concurrent Classes Purge                      0.148 / 0.955         0.164 / 0.955         0.164 / 0.955         0.164 / 0.955       ms
[2026-04-03T03:33:38.550+0600][20.117s][info][gc,stats    ]    Subphase: Concurrent Classes Unlink                     6.500 / 22.352        5.501 / 22.352        5.501 / 22.352        5.501 / 22.352      ms
[2026-04-03T03:33:38.550+0600][20.117s][info][gc,stats    ]    Subphase: Concurrent Mark                             140.015 / 783.906     125.308 / 783.906     125.308 / 783.906     125.308 / 783.906     ms
[2026-04-03T03:33:38.550+0600][20.117s][info][gc,stats    ]    Subphase: Concurrent Mark Try Flush                     0.302 / 1.239         0.269 / 1.239         0.269 / 1.239         0.269 / 1.239       ms
[2026-04-03T03:33:38.550+0600][20.117s][info][gc,stats    ]    Subphase: Concurrent Mark Try Terminate                 1.091 / 1.291         1.095 / 1.295         1.095 / 1.295         1.095 / 1.295       ms
[2026-04-03T03:33:38.550+0600][20.117s][info][gc,stats    ]    Subphase: Concurrent References Enqueue                 0.002 / 0.010         0.002 / 0.010         0.002 / 0.010         0.002 / 0.010       ms
[2026-04-03T03:33:38.550+0600][20.117s][info][gc,stats    ]    Subphase: Concurrent References Process                 0.347 / 0.471         0.333 / 0.471         0.333 / 0.471         0.333 / 0.471       ms
[2026-04-03T03:33:38.550+0600][20.117s][info][gc,stats    ]    Subphase: Concurrent Roots ClassLoaderDataGraph         0.220 / 0.511         0.202 / 0.511         0.202 / 0.511         0.202 / 0.511       ms
[2026-04-03T03:33:38.550+0600][20.117s][info][gc,stats    ]    Subphase: Concurrent Roots CodeCache                    0.000 / 0.000         0.000 / 0.000         0.000 / 0.000         0.000 / 0.000       ms
[2026-04-03T03:33:38.550+0600][20.117s][info][gc,stats    ]    Subphase: Concurrent Roots JavaThreads                  0.416 / 1.338         0.475 / 2.093         0.475 / 2.093         0.475 / 2.093       ms
[2026-04-03T03:33:38.550+0600][20.117s][info][gc,stats    ]    Subphase: Concurrent Roots OopStorageSet                0.042 / 0.092         0.046 / 0.128         0.046 / 0.128         0.046 / 0.128       ms
[2026-04-03T03:33:38.550+0600][20.117s][info][gc,stats    ]    Subphase: Concurrent Weak Roots OopStorageSet           0.779 / 1.782         0.699 / 1.782         0.699 / 1.782         0.699 / 1.782       ms
[2026-04-03T03:33:38.550+0600][20.117s][info][gc,stats    ]    Subphase: Pause Mark Try Complete                       0.000 / 0.000         0.000 / 0.000         0.000 / 0.000         0.000 / 0.000       ms
[2026-04-03T03:33:38.550+0600][20.117s][info][gc,stats    ]      System: Java Threads                                     62 / 71               55 / 71               55 / 71               55 / 71          threads
[2026-04-03T03:33:38.550+0600][20.117s][info][gc,stats    ] =========================================================================================================================================================
[2026-04-03T03:33:38.750+0600][20.317s][info][gc,start    ] GC(19) Garbage Collection (Allocation Rate)
[2026-04-03T03:33:38.750+0600][20.317s][info][gc,task     ] GC(19) Using 1 workers
[2026-04-03T03:33:38.751+0600][20.317s][info][gc,phases   ] GC(19) Pause Mark Start 0.012ms
[2026-04-03T03:33:39.863+0600][21.430s][info][gc,phases   ] GC(19) Concurrent Mark 1112.176ms
[2026-04-03T03:33:39.863+0600][21.430s][info][gc,phases   ] GC(19) Pause Mark End 0.021ms
[2026-04-03T03:33:39.863+0600][21.430s][info][gc,phases   ] GC(19) Concurrent Mark Free 0.001ms
[2026-04-03T03:33:39.876+0600][21.443s][info][gc,phases   ] GC(19) Concurrent Process Non-Strong References 12.927ms
[2026-04-03T03:33:39.876+0600][21.443s][info][gc,phases   ] GC(19) Concurrent Reset Relocation Set 0.004ms
[2026-04-03T03:33:39.879+0600][21.445s][info][gc          ] Allocation Stall (Executor task launch worker for task 1.0 in stage 1.0 (TID 4)) 262.778ms
[2026-04-03T03:33:39.879+0600][21.445s][info][gc          ] Allocation Stall (Executor task launch worker for task 0.0 in stage 1.0 (TID 3)) 270.456ms
[2026-04-03T03:33:39.879+0600][21.445s][info][gc          ] Allocation Stall (Executor task launch worker for task 2.0 in stage 1.0 (TID 5)) 274.971ms
[2026-04-03T03:33:39.975+0600][21.541s][info][gc,phases   ] GC(19) Concurrent Select Relocation Set 98.465ms
[2026-04-03T03:33:39.975+0600][21.542s][info][gc,phases   ] GC(19) Pause Relocate Start 0.012ms
[2026-04-03T03:33:39.978+0600][21.544s][info][gc          ] Allocation Stall (Executor task launch worker for task 0.0 in stage 1.0 (TID 3)) 17.210ms
[2026-04-03T03:33:39.978+0600][21.544s][info][gc          ] Allocation Stall (Executor task launch worker for task 1.0 in stage 1.0 (TID 4)) 12.427ms
[2026-04-03T03:33:39.978+0600][21.544s][info][gc          ] Allocation Stall (Executor task launch worker for task 2.0 in stage 1.0 (TID 5)) 17.509ms
[2026-04-03T03:33:40.444+0600][22.011s][info][gc,phases   ] GC(19) Concurrent Relocate 468.741ms
[2026-04-03T03:33:40.444+0600][22.011s][info][gc,load     ] GC(19) Load: 3.92/4.17/4.73
[2026-04-03T03:33:40.444+0600][22.011s][info][gc,mmu      ] GC(19) MMU: 2ms/93.9%, 5ms/97.6%, 10ms/98.5%, 20ms/99.2%, 50ms/99.7%, 100ms/99.8%
[2026-04-03T03:33:40.444+0600][22.011s][info][gc,marking  ] GC(19) Mark: 1 stripe(s), 2 proactive flush(es), 1 terminate flush(es), 0 completion(s), 0 continuation(s) 
[2026-04-03T03:33:40.444+0600][22.011s][info][gc,marking  ] GC(19) Mark Stack Usage: 32M
[2026-04-03T03:33:40.444+0600][22.011s][info][gc,nmethod  ] GC(19) NMethods: 5133 registered, 180 unregistered
[2026-04-03T03:33:40.444+0600][22.011s][info][gc,metaspace] GC(19) Metaspace: 67M used, 68M committed, 1088M reserved
[2026-04-03T03:33:40.444+0600][22.011s][info][gc,ref      ] GC(19) Soft: 4920 encountered, 0 discovered, 0 enqueued
[2026-04-03T03:33:40.444+0600][22.011s][info][gc,ref      ] GC(19) Weak: 6160 encountered, 1150 discovered, 186 enqueued
[2026-04-03T03:33:40.444+0600][22.011s][info][gc,ref      ] GC(19) Final: 82 encountered, 0 discovered, 0 enqueued
[2026-04-03T03:33:40.445+0600][22.011s][info][gc,ref      ] GC(19) Phantom: 594 encountered, 591 discovered, 0 enqueued
[2026-04-03T03:33:40.445+0600][22.011s][info][gc,reloc    ] GC(19) Small Pages: 565 / 1130M, Empty: 0M, Relocated: 178M, In-Place: 0
[2026-04-03T03:33:40.445+0600][22.011s][info][gc,reloc    ] GC(19) Medium Pages: 3 / 96M, Empty: 32M, Relocated: 11M, In-Place: 1
[2026-04-03T03:33:40.445+0600][22.011s][info][gc,reloc    ] GC(19) Large Pages: 9 / 66M, Empty: 48M, Relocated: 0M, In-Place: 0
[2026-04-03T03:33:40.445+0600][22.011s][info][gc,reloc    ] GC(19) Forwarding Usage: 109M
[2026-04-03T03:33:40.445+0600][22.011s][info][gc,heap     ] GC(19) Min Capacity: 8M(0%)
[2026-04-03T03:33:40.445+0600][22.011s][info][gc,heap     ] GC(19) Max Capacity: 1750M(100%)
[2026-04-03T03:33:40.445+0600][22.011s][info][gc,heap     ] GC(19) Soft Max Capacity: 1750M(100%)
[2026-04-03T03:33:40.445+0600][22.011s][info][gc,heap     ] GC(19)                Mark Start          Mark End        Relocate Start      Relocate End           High               Low         
[2026-04-03T03:33:40.445+0600][22.011s][info][gc,heap     ] GC(19)  Capacity:     1326M (76%)        1750M (100%)       1750M (100%)       1750M (100%)       1750M (100%)       1326M (76%)    
[2026-04-03T03:33:40.445+0600][22.011s][info][gc,heap     ] GC(19)      Free:      458M (26%)           0M (0%)            0M (0%)          574M (33%)         614M (35%)           0M (0%)     
[2026-04-03T03:33:40.445+0600][22.011s][info][gc,heap     ] GC(19)      Used:     1292M (74%)        1750M (100%)       1750M (100%)       1176M (67%)        1750M (100%)       1136M (65%)    
[2026-04-03T03:33:40.445+0600][22.011s][info][gc,heap     ] GC(19)      Live:         -               245M (14%)         245M (14%)         245M (14%)            -                  -          
[2026-04-03T03:33:40.445+0600][22.011s][info][gc,heap     ] GC(19) Allocated:         -               458M (26%)         538M (31%)         899M (51%)            -                  -          
[2026-04-03T03:33:40.445+0600][22.011s][info][gc,heap     ] GC(19)   Garbage:         -              1046M (60%)         966M (55%)          30M (2%)             -                  -          
[2026-04-03T03:33:40.445+0600][22.011s][info][gc,heap     ] GC(19) Reclaimed:         -                  -                80M (5%)         1015M (58%)            -                  -          
[2026-04-03T03:33:40.445+0600][22.011s][info][gc          ] GC(19) Garbage Collection (Allocation Rate) 1292M(74%)->1176M(67%)
[2026-04-03T03:33:40.450+0600][22.017s][info][gc,start    ] GC(20) Garbage Collection (Allocation Stall)
[2026-04-03T03:33:40.450+0600][22.017s][info][gc,ref      ] GC(20) Clearing All SoftReferences
[2026-04-03T03:33:40.450+0600][22.017s][info][gc,task     ] GC(20) Using 3 workers
[2026-04-03T03:33:40.450+0600][22.017s][info][gc,ref      ] GC(20) Clearing All SoftReferences
[2026-04-03T03:33:40.451+0600][22.017s][info][gc,phases   ] GC(20) Pause Mark Start 0.054ms
[2026-04-03T03:33:41.502+0600][23.068s][info][gc,phases   ] GC(20) Concurrent Mark 1051.133ms
[2026-04-03T03:33:41.502+0600][23.069s][info][gc,phases   ] GC(20) Pause Mark End 0.026ms
[2026-04-03T03:33:41.502+0600][23.069s][info][gc,phases   ] GC(20) Concurrent Mark Free 0.002ms
[2026-04-03T03:33:41.543+0600][23.110s][info][gc,phases   ] GC(20) Concurrent Process Non-Strong References 18.057ms
[2026-04-03T03:33:41.543+0600][23.110s][info][gc,phases   ] GC(20) Concurrent Reset Relocation Set 0.072ms
[2026-04-03T03:33:41.546+0600][23.112s][info][gc          ] Allocation Stall (Executor task launch worker for task 1.0 in stage 1.0 (TID 4)) 213.303ms
[2026-04-03T03:33:41.546+0600][23.112s][info][gc          ] Allocation Stall (Executor task launch worker for task 2.0 in stage 1.0 (TID 5)) 213.809ms
[2026-04-03T03:33:41.546+0600][23.112s][info][gc          ] Allocation Stall (Executor task launch worker for task 0.0 in stage 1.0 (TID 3)) 212.317ms
[2026-04-03T03:33:41.554+0600][23.120s][info][gc,phases   ] GC(20) Concurrent Select Relocation Set 10.374ms
[2026-04-03T03:33:41.554+0600][23.121s][info][gc,phases   ] GC(20) Pause Relocate Start 0.042ms
[2026-04-03T03:33:41.731+0600][23.298s][info][gc,phases   ] GC(20) Concurrent Relocate 176.907ms
[2026-04-03T03:33:41.731+0600][23.298s][info][gc,load     ] GC(20) Load: 4.33/4.25/4.76
[2026-04-03T03:33:41.731+0600][23.298s][info][gc,mmu      ] GC(20) MMU: 2ms/93.9%, 5ms/97.6%, 10ms/98.5%, 20ms/99.2%, 50ms/99.7%, 100ms/99.8%
[2026-04-03T03:33:41.731+0600][23.298s][info][gc,marking  ] GC(20) Mark: 2 stripe(s), 2 proactive flush(es), 1 terminate flush(es), 0 completion(s), 0 continuation(s) 
[2026-04-03T03:33:41.731+0600][23.298s][info][gc,marking  ] GC(20) Mark Stack Usage: 32M
[2026-04-03T03:33:41.732+0600][23.298s][info][gc,nmethod  ] GC(20) NMethods: 5032 registered, 285 unregistered
[2026-04-03T03:33:41.732+0600][23.298s][info][gc,metaspace] GC(20) Metaspace: 67M used, 68M committed, 1088M reserved
[2026-04-03T03:33:41.732+0600][23.298s][info][gc,ref      ] GC(20) Soft: 4737 encountered, 2337 discovered, 2027 enqueued
[2026-04-03T03:33:41.732+0600][23.298s][info][gc,ref      ] GC(20) Weak: 5915 encountered, 2316 discovered, 214 enqueued
[2026-04-03T03:33:41.732+0600][23.298s][info][gc,ref      ] GC(20) Final: 82 encountered, 0 discovered, 0 enqueued
[2026-04-03T03:33:41.732+0600][23.298s][info][gc,ref      ] GC(20) Phantom: 594 encountered, 564 discovered, 0 enqueued
[2026-04-03T03:33:41.732+0600][23.298s][info][gc,reloc    ] GC(20) Small Pages: 510 / 1020M, Empty: 0M, Relocated: 118M, In-Place: 0
[2026-04-03T03:33:41.732+0600][23.298s][info][gc,reloc    ] GC(20) Medium Pages: 2 / 64M, Empty: 32M, Relocated: 0M, In-Place: 0
[2026-04-03T03:33:41.732+0600][23.298s][info][gc,reloc    ] GC(20) Large Pages: 12 / 96M, Empty: 36M, Relocated: 0M, In-Place: 0
[2026-04-03T03:33:41.732+0600][23.298s][info][gc,reloc    ] GC(20) Forwarding Usage: 93M
[2026-04-03T03:33:41.732+0600][23.298s][info][gc,heap     ] GC(20) Min Capacity: 8M(0%)
[2026-04-03T03:33:41.732+0600][23.298s][info][gc,heap     ] GC(20) Max Capacity: 1750M(100%)
[2026-04-03T03:33:41.732+0600][23.298s][info][gc,heap     ] GC(20) Soft Max Capacity: 1750M(100%)
[2026-04-03T03:33:41.732+0600][23.298s][info][gc,heap     ] GC(20)                Mark Start          Mark End        Relocate Start      Relocate End           High               Low         
[2026-04-03T03:33:41.732+0600][23.298s][info][gc,heap     ] GC(20)  Capacity:     1750M (100%)       1750M (100%)       1750M (100%)       1750M (100%)       1750M (100%)       1750M (100%)   
[2026-04-03T03:33:41.732+0600][23.298s][info][gc,heap     ] GC(20)      Free:      570M (33%)           0M (0%)           62M (4%)          692M (40%)         692M (40%)           0M (0%)     
[2026-04-03T03:33:41.732+0600][23.298s][info][gc,heap     ] GC(20)      Used:     1180M (67%)        1750M (100%)       1688M (96%)        1058M (60%)        1750M (100%)       1058M (60%)    
[2026-04-03T03:33:41.732+0600][23.298s][info][gc,heap     ] GC(20)      Live:         -               371M (21%)         371M (21%)         371M (21%)            -                  -          
[2026-04-03T03:33:41.732+0600][23.298s][info][gc,heap     ] GC(20) Allocated:         -               570M (33%)         576M (33%)         659M (38%)            -                  -          
[2026-04-03T03:33:41.732+0600][23.298s][info][gc,heap     ] GC(20)   Garbage:         -               808M (46%)         740M (42%)          27M (2%)             -                  -          
[2026-04-03T03:33:41.732+0600][23.298s][info][gc,heap     ] GC(20) Reclaimed:         -                  -                68M (4%)          781M (45%)            -                  -          
[2026-04-03T03:33:41.732+0600][23.298s][info][gc          ] GC(20) Garbage Collection (Allocation Stall) 1180M(67%)->1058M(60%)
[2026-04-03T03:33:41.750+0600][23.317s][info][gc,start    ] GC(21) Garbage Collection (Allocation Stall)
[2026-04-03T03:33:41.750+0600][23.317s][info][gc,ref      ] GC(21) Clearing All SoftReferences
[2026-04-03T03:33:41.751+0600][23.317s][info][gc,task     ] GC(21) Using 3 workers
[2026-04-03T03:33:41.751+0600][23.317s][info][gc,ref      ] GC(21) Clearing All SoftReferences
[2026-04-03T03:33:41.751+0600][23.317s][info][gc,phases   ] GC(21) Pause Mark Start 0.123ms
[2026-04-03T03:33:42.741+0600][24.308s][info][gc,phases   ] GC(21) Concurrent Mark 989.969ms
[2026-04-03T03:33:42.741+0600][24.308s][info][gc,phases   ] GC(21) Pause Mark End 0.042ms
[2026-04-03T03:33:42.742+0600][24.308s][info][gc,phases   ] GC(21) Concurrent Mark Free 0.003ms
[2026-04-03T03:33:42.751+0600][24.317s][info][gc,phases   ] GC(21) Concurrent Process Non-Strong References 9.092ms
[2026-04-03T03:33:42.751+0600][24.318s][info][gc,phases   ] GC(21) Concurrent Reset Relocation Set 0.114ms
[2026-04-03T03:33:42.764+0600][24.331s][info][gc,phases   ] GC(21) Concurrent Select Relocation Set 13.233ms
[2026-04-03T03:33:42.765+0600][24.331s][info][gc,phases   ] GC(21) Pause Relocate Start 0.023ms
[2026-04-03T03:33:42.844+0600][24.411s][info][gc,phases   ] GC(21) Concurrent Relocate 79.487ms
[2026-04-03T03:33:42.844+0600][24.411s][info][gc,load     ] GC(21) Load: 4.33/4.25/4.76
[2026-04-03T03:33:42.844+0600][24.411s][info][gc,mmu      ] GC(21) MMU: 2ms/93.8%, 5ms/97.5%, 10ms/98.5%, 20ms/99.2%, 50ms/99.7%, 100ms/99.8%
[2026-04-03T03:33:42.844+0600][24.411s][info][gc,marking  ] GC(21) Mark: 2 stripe(s), 2 proactive flush(es), 1 terminate flush(es), 0 completion(s), 0 continuation(s) 
[2026-04-03T03:33:42.844+0600][24.411s][info][gc,marking  ] GC(21) Mark Stack Usage: 32M
[2026-04-03T03:33:42.844+0600][24.411s][info][gc,nmethod  ] GC(21) NMethods: 5086 registered, 286 unregistered
[2026-04-03T03:33:42.844+0600][24.411s][info][gc,metaspace] GC(21) Metaspace: 67M used, 68M committed, 1088M reserved
[2026-04-03T03:33:42.845+0600][24.411s][info][gc,ref      ] GC(21) Soft: 2710 encountered, 255 discovered, 0 enqueued
[2026-04-03T03:33:42.845+0600][24.411s][info][gc,ref      ] GC(21) Weak: 5701 encountered, 581 discovered, 0 enqueued
[2026-04-03T03:33:42.845+0600][24.411s][info][gc,ref      ] GC(21) Final: 82 encountered, 0 discovered, 0 enqueued
[2026-04-03T03:33:42.845+0600][24.411s][info][gc,ref      ] GC(21) Phantom: 594 encountered, 361 discovered, 0 enqueued
[2026-04-03T03:33:42.845+0600][24.411s][info][gc,reloc    ] GC(21) Small Pages: 491 / 982M, Empty: 0M, Relocated: 45M, In-Place: 0
[2026-04-03T03:33:42.845+0600][24.411s][info][gc,reloc    ] GC(21) Medium Pages: 1 / 32M, Empty: 0M, Relocated: 0M, In-Place: 0
[2026-04-03T03:33:42.845+0600][24.411s][info][gc,reloc    ] GC(21) Large Pages: 6 / 60M, Empty: 0M, Relocated: 0M, In-Place: 0
[2026-04-03T03:33:42.845+0600][24.411s][info][gc,reloc    ] GC(21) Forwarding Usage: 43M
[2026-04-03T03:33:42.845+0600][24.411s][info][gc,heap     ] GC(21) Min Capacity: 8M(0%)
[2026-04-03T03:33:42.845+0600][24.411s][info][gc,heap     ] GC(21) Max Capacity: 1750M(100%)
[2026-04-03T03:33:42.845+0600][24.411s][info][gc,heap     ] GC(21) Soft Max Capacity: 1750M(100%)
[2026-04-03T03:33:42.845+0600][24.411s][info][gc,heap     ] GC(21)                Mark Start          Mark End        Relocate Start      Relocate End           High               Low         
[2026-04-03T03:33:42.845+0600][24.411s][info][gc,heap     ] GC(21)  Capacity:     1750M (100%)       1750M (100%)       1750M (100%)       1750M (100%)       1750M (100%)       1750M (100%)   
[2026-04-03T03:33:42.845+0600][24.411s][info][gc,heap     ] GC(21)      Free:      676M (39%)         172M (10%)         172M (10%)         808M (46%)         808M (46%)         170M (10%)    
[2026-04-03T03:33:42.845+0600][24.411s][info][gc,heap     ] GC(21)      Used:     1074M (61%)        1578M (90%)        1578M (90%)         942M (54%)        1580M (90%)         942M (54%)    
[2026-04-03T03:33:42.845+0600][24.411s][info][gc,heap     ] GC(21)      Live:         -               398M (23%)         398M (23%)         398M (23%)            -                  -          
[2026-04-03T03:33:42.845+0600][24.411s][info][gc,heap     ] GC(21) Allocated:         -               504M (29%)         504M (29%)         506M (29%)            -                  -          
[2026-04-03T03:33:42.845+0600][24.411s][info][gc,heap     ] GC(21)   Garbage:         -               675M (39%)         675M (39%)          36M (2%)             -                  -          
[2026-04-03T03:33:42.845+0600][24.411s][info][gc,heap     ] GC(21) Reclaimed:         -                  -                 0M (0%)          638M (36%)            -                  -          
[2026-04-03T03:33:42.845+0600][24.411s][info][gc          ] GC(21) Garbage Collection (Allocation Stall) 1074M(61%)->942M(54%)
[2026-04-03T03:33:42.850+0600][24.416s][info][gc,start    ] GC(22) Garbage Collection (Allocation Rate)
[2026-04-03T03:33:42.850+0600][24.417s][info][gc,task     ] GC(22) Using 3 workers
[2026-04-03T03:33:42.850+0600][24.417s][info][gc,phases   ] GC(22) Pause Mark Start 0.016ms
[2026-04-03T03:33:43.757+0600][25.323s][info][gc,phases   ] GC(22) Concurrent Mark 906.166ms
[2026-04-03T03:33:43.757+0600][25.324s][info][gc,phases   ] GC(22) Pause Mark End 0.034ms
[2026-04-03T03:33:43.757+0600][25.324s][info][gc,phases   ] GC(22) Concurrent Mark Free 0.005ms
[2026-04-03T03:33:43.766+0600][25.332s][info][gc,phases   ] GC(22) Concurrent Process Non-Strong References 8.047ms
[2026-04-03T03:33:43.766+0600][25.332s][info][gc,phases   ] GC(22) Concurrent Reset Relocation Set 0.056ms
[2026-04-03T03:33:43.777+0600][25.344s][info][gc,phases   ] GC(22) Concurrent Select Relocation Set 11.353ms
[2026-04-03T03:33:43.777+0600][25.344s][info][gc,phases   ] GC(22) Pause Relocate Start 0.019ms
[2026-04-03T03:33:43.888+0600][25.454s][info][gc,phases   ] GC(22) Concurrent Relocate 110.168ms
[2026-04-03T03:33:43.888+0600][25.454s][info][gc,load     ] GC(22) Load: 4.33/4.25/4.76
[2026-04-03T03:33:43.888+0600][25.454s][info][gc,mmu      ] GC(22) MMU: 2ms/93.8%, 5ms/97.5%, 10ms/98.5%, 20ms/99.2%, 50ms/99.7%, 100ms/99.8%
[2026-04-03T03:33:43.888+0600][25.454s][info][gc,marking  ] GC(22) Mark: 2 stripe(s), 10 proactive flush(es), 2 terminate flush(es), 0 completion(s), 0 continuation(s) 
[2026-04-03T03:33:43.888+0600][25.455s][info][gc,marking  ] GC(22) Mark Stack Usage: 32M
[2026-04-03T03:33:43.888+0600][25.455s][info][gc,nmethod  ] GC(22) NMethods: 5171 registered, 306 unregistered
[2026-04-03T03:33:43.888+0600][25.455s][info][gc,metaspace] GC(22) Metaspace: 67M used, 68M committed, 1088M reserved
[2026-04-03T03:33:43.888+0600][25.455s][info][gc,ref      ] GC(22) Soft: 2712 encountered, 0 discovered, 0 enqueued
[2026-04-03T03:33:43.888+0600][25.455s][info][gc,ref      ] GC(22) Weak: 5709 encountered, 577 discovered, 4 enqueued
[2026-04-03T03:33:43.888+0600][25.455s][info][gc,ref      ] GC(22) Final: 82 encountered, 0 discovered, 0 enqueued
[2026-04-03T03:33:43.888+0600][25.455s][info][gc,ref      ] GC(22) Phantom: 594 encountered, 521 discovered, 0 enqueued
[2026-04-03T03:33:43.888+0600][25.455s][info][gc,reloc    ] GC(22) Small Pages: 382 / 764M, Empty: 48M, Relocated: 59M, In-Place: 0
[2026-04-03T03:33:43.888+0600][25.455s][info][gc,reloc    ] GC(22) Medium Pages: 2 / 64M, Empty: 0M, Relocated: 12M, In-Place: 0
[2026-04-03T03:33:43.888+0600][25.455s][info][gc,reloc    ] GC(22) Large Pages: 9 / 114M, Empty: 60M, Relocated: 0M, In-Place: 0
[2026-04-03T03:33:43.888+0600][25.455s][info][gc,reloc    ] GC(22) Forwarding Usage: 52M
[2026-04-03T03:33:43.888+0600][25.455s][info][gc,heap     ] GC(22) Min Capacity: 8M(0%)
[2026-04-03T03:33:43.888+0600][25.455s][info][gc,heap     ] GC(22) Max Capacity: 1750M(100%)
[2026-04-03T03:33:43.888+0600][25.455s][info][gc,heap     ] GC(22) Soft Max Capacity: 1750M(100%)
[2026-04-03T03:33:43.888+0600][25.455s][info][gc,heap     ] GC(22)                Mark Start          Mark End        Relocate Start      Relocate End           High               Low         
[2026-04-03T03:33:43.888+0600][25.455s][info][gc,heap     ] GC(22)  Capacity:     1750M (100%)       1750M (100%)       1750M (100%)       1750M (100%)       1750M (100%)       1750M (100%)   
[2026-04-03T03:33:43.888+0600][25.455s][info][gc,heap     ] GC(22)      Free:      808M (46%)         762M (44%)         868M (50%)        1342M (77%)        1342M (77%)         762M (44%)    
[2026-04-03T03:33:43.888+0600][25.455s][info][gc,heap     ] GC(22)      Used:      942M (54%)         988M (56%)         882M (50%)         408M (23%)         988M (56%)         408M (23%)    
[2026-04-03T03:33:43.888+0600][25.455s][info][gc,heap     ] GC(22)      Live:         -               307M (18%)         307M (18%)         307M (18%)            -                  -          
[2026-04-03T03:33:43.888+0600][25.455s][info][gc,heap     ] GC(22) Allocated:         -                46M (3%)           48M (3%)           54M (3%)             -                  -          
[2026-04-03T03:33:43.888+0600][25.455s][info][gc,heap     ] GC(22)   Garbage:         -               634M (36%)         526M (30%)          46M (3%)             -                  -          
[2026-04-03T03:33:43.888+0600][25.455s][info][gc,heap     ] GC(22) Reclaimed:         -                  -               108M (6%)          588M (34%)            -                  -          
[2026-04-03T03:33:43.888+0600][25.455s][info][gc          ] GC(22) Garbage Collection (Allocation Rate) 942M(54%)->408M(23%)
[2026-04-03T03:33:43.950+0600][25.516s][info][gc,start    ] GC(23) Garbage Collection (Allocation Rate)
[2026-04-03T03:33:43.950+0600][25.516s][info][gc,task     ] GC(23) Using 3 workers
[2026-04-03T03:33:43.950+0600][25.517s][info][gc,phases   ] GC(23) Pause Mark Start 0.017ms
[2026-04-03T03:33:44.624+0600][26.191s][info][gc,phases   ] GC(23) Concurrent Mark 674.083ms
[2026-04-03T03:33:44.625+0600][26.191s][info][gc,phases   ] GC(23) Pause Mark End 0.021ms
[2026-04-03T03:33:44.625+0600][26.192s][info][gc,phases   ] GC(23) Concurrent Mark Free 0.002ms
[2026-04-03T03:33:44.641+0600][26.208s][info][gc,phases   ] GC(23) Concurrent Process Non-Strong References 16.040ms
[2026-04-03T03:33:44.641+0600][26.208s][info][gc,phases   ] GC(23) Concurrent Reset Relocation Set 0.024ms
[2026-04-03T03:33:44.649+0600][26.216s][info][gc,phases   ] GC(23) Concurrent Select Relocation Set 7.962ms
[2026-04-03T03:33:44.649+0600][26.216s][info][gc,phases   ] GC(23) Pause Relocate Start 0.016ms
[2026-04-03T03:33:44.668+0600][26.235s][info][gc,phases   ] GC(23) Concurrent Relocate 18.410ms
[2026-04-03T03:33:44.668+0600][26.235s][info][gc,load     ] GC(23) Load: 4.33/4.25/4.76
[2026-04-03T03:33:44.668+0600][26.235s][info][gc,mmu      ] GC(23) MMU: 2ms/93.8%, 5ms/97.5%, 10ms/98.5%, 20ms/99.2%, 50ms/99.7%, 100ms/99.8%
[2026-04-03T03:33:44.668+0600][26.235s][info][gc,marking  ] GC(23) Mark: 2 stripe(s), 10 proactive flush(es), 1 terminate flush(es), 0 completion(s), 0 continuation(s) 
[2026-04-03T03:33:44.668+0600][26.235s][info][gc,marking  ] GC(23) Mark Stack Usage: 32M
[2026-04-03T03:33:44.668+0600][26.235s][info][gc,nmethod  ] GC(23) NMethods: 5251 registered, 364 unregistered
[2026-04-03T03:33:44.668+0600][26.235s][info][gc,metaspace] GC(23) Metaspace: 67M used, 68M committed, 1088M reserved
[2026-04-03T03:33:44.668+0600][26.235s][info][gc,ref      ] GC(23) Soft: 2850 encountered, 0 discovered, 0 enqueued
[2026-04-03T03:33:44.668+0600][26.235s][info][gc,ref      ] GC(23) Weak: 5750 encountered, 786 discovered, 38 enqueued
[2026-04-03T03:33:44.668+0600][26.235s][info][gc,ref      ] GC(23) Final: 82 encountered, 0 discovered, 0 enqueued
[2026-04-03T03:33:44.668+0600][26.235s][info][gc,ref      ] GC(23) Phantom: 596 encountered, 574 discovered, 0 enqueued
[2026-04-03T03:33:44.668+0600][26.235s][info][gc,reloc    ] GC(23) Small Pages: 147 / 294M, Empty: 4M, Relocated: 8M, In-Place: 0
[2026-04-03T03:33:44.668+0600][26.235s][info][gc,reloc    ] GC(23) Medium Pages: 2 / 64M, Empty: 0M, Relocated: 13M, In-Place: 0
[2026-04-03T03:33:44.668+0600][26.235s][info][gc,reloc    ] GC(23) Large Pages: 3 / 54M, Empty: 0M, Relocated: 0M, In-Place: 0
[2026-04-03T03:33:44.668+0600][26.235s][info][gc,reloc    ] GC(23) Forwarding Usage: 7M
[2026-04-03T03:33:44.668+0600][26.235s][info][gc,heap     ] GC(23) Min Capacity: 8M(0%)
[2026-04-03T03:33:44.668+0600][26.235s][info][gc,heap     ] GC(23) Max Capacity: 1750M(100%)
[2026-04-03T03:33:44.668+0600][26.235s][info][gc,heap     ] GC(23) Soft Max Capacity: 1750M(100%)
[2026-04-03T03:33:44.668+0600][26.235s][info][gc,heap     ] GC(23)                Mark Start          Mark End        Relocate Start      Relocate End           High               Low         
[2026-04-03T03:33:44.668+0600][26.235s][info][gc,heap     ] GC(23)  Capacity:     1750M (100%)       1750M (100%)       1750M (100%)       1750M (100%)       1750M (100%)       1750M (100%)   
[2026-04-03T03:33:44.668+0600][26.235s][info][gc,heap     ] GC(23)      Free:     1338M (76%)        1256M (72%)        1256M (72%)        1310M (75%)        1338M (76%)        1222M (70%)    
[2026-04-03T03:33:44.668+0600][26.235s][info][gc,heap     ] GC(23)      Used:      412M (24%)         494M (28%)         494M (28%)         440M (25%)         528M (30%)         412M (24%)    
[2026-04-03T03:33:44.668+0600][26.235s][info][gc,heap     ] GC(23)      Live:         -               308M (18%)         308M (18%)         308M (18%)            -                  -          
[2026-04-03T03:33:44.668+0600][26.235s][info][gc,heap     ] GC(23) Allocated:         -                82M (5%)           86M (5%)           85M (5%)             -                  -          
[2026-04-03T03:33:44.668+0600][26.235s][info][gc,heap     ] GC(23)   Garbage:         -               103M (6%)           99M (6%)           45M (3%)             -                  -          
[2026-04-03T03:33:44.668+0600][26.235s][info][gc,heap     ] GC(23) Reclaimed:         -                  -                 4M (0%)           57M (3%)             -                  -          
[2026-04-03T03:33:44.668+0600][26.235s][info][gc          ] GC(23) Garbage Collection (Allocation Rate) 412M(24%)->440M(25%)
[2026-04-03T03:33:45.150+0600][26.717s][info][gc,start    ] GC(24) Garbage Collection (Allocation Rate)
[2026-04-03T03:33:45.150+0600][26.717s][info][gc,task     ] GC(24) Using 3 workers
[2026-04-03T03:33:45.151+0600][26.717s][info][gc,phases   ] GC(24) Pause Mark Start 0.013ms
[2026-04-03T03:33:45.606+0600][27.172s][info][gc,phases   ] GC(24) Concurrent Mark 455.012ms
[2026-04-03T03:33:45.606+0600][27.173s][info][gc,phases   ] GC(24) Pause Mark End 0.043ms
[2026-04-03T03:33:45.606+0600][27.173s][info][gc,phases   ] GC(24) Concurrent Mark Free 0.002ms
[2026-04-03T03:33:45.630+0600][27.196s][info][gc,phases   ] GC(24) Concurrent Process Non-Strong References 23.200ms
[2026-04-03T03:33:45.630+0600][27.196s][info][gc,phases   ] GC(24) Concurrent Reset Relocation Set 0.007ms
[2026-04-03T03:33:45.651+0600][27.217s][info][gc,phases   ] GC(24) Concurrent Select Relocation Set 21.080ms
[2026-04-03T03:33:45.651+0600][27.218s][info][gc,phases   ] GC(24) Pause Relocate Start 0.021ms
[2026-04-03T03:33:45.713+0600][27.280s][info][gc,phases   ] GC(24) Concurrent Relocate 61.917ms
[2026-04-03T03:33:45.713+0600][27.280s][info][gc,load     ] GC(24) Load: 4.46/4.28/4.76
[2026-04-03T03:33:45.713+0600][27.280s][info][gc,mmu      ] GC(24) MMU: 2ms/93.8%, 5ms/97.5%, 10ms/98.5%, 20ms/99.2%, 50ms/99.7%, 100ms/99.8%
[2026-04-03T03:33:45.713+0600][27.280s][info][gc,marking  ] GC(24) Mark: 2 stripe(s), 2 proactive flush(es), 1 terminate flush(es), 0 completion(s), 0 continuation(s) 
[2026-04-03T03:33:45.713+0600][27.280s][info][gc,marking  ] GC(24) Mark Stack Usage: 32M
[2026-04-03T03:33:45.713+0600][27.280s][info][gc,nmethod  ] GC(24) NMethods: 5326 registered, 86 unregistered
[2026-04-03T03:33:45.713+0600][27.280s][info][gc,metaspace] GC(24) Metaspace: 67M used, 68M committed, 1088M reserved
[2026-04-03T03:33:45.714+0600][27.280s][info][gc,ref      ] GC(24) Soft: 3218 encountered, 0 discovered, 0 enqueued
[2026-04-03T03:33:45.714+0600][27.280s][info][gc,ref      ] GC(24) Weak: 6209 encountered, 805 discovered, 201 enqueued
[2026-04-03T03:33:45.714+0600][27.280s][info][gc,ref      ] GC(24) Final: 82 encountered, 0 discovered, 0 enqueued
[2026-04-03T03:33:45.714+0600][27.280s][info][gc,ref      ] GC(24) Phantom: 595 encountered, 484 discovered, 0 enqueued
[2026-04-03T03:33:45.714+0600][27.280s][info][gc,reloc    ] GC(24) Small Pages: 249 / 498M, Empty: 78M, Relocated: 40M, In-Place: 0
[2026-04-03T03:33:45.714+0600][27.280s][info][gc,reloc    ] GC(24) Medium Pages: 2 / 64M, Empty: 32M, Relocated: 0M, In-Place: 0
[2026-04-03T03:33:45.714+0600][27.280s][info][gc,reloc    ] GC(24) Large Pages: 10 / 108M, Empty: 78M, Relocated: 0M, In-Place: 0
[2026-04-03T03:33:45.714+0600][27.280s][info][gc,reloc    ] GC(24) Forwarding Usage: 35M
[2026-04-03T03:33:45.714+0600][27.280s][info][gc,heap     ] GC(24) Min Capacity: 8M(0%)
[2026-04-03T03:33:45.714+0600][27.280s][info][gc,heap     ] GC(24) Max Capacity: 1750M(100%)
[2026-04-03T03:33:45.714+0600][27.280s][info][gc,heap     ] GC(24) Soft Max Capacity: 1750M(100%)
[2026-04-03T03:33:45.714+0600][27.280s][info][gc,heap     ] GC(24)                Mark Start          Mark End        Relocate Start      Relocate End           High               Low         
[2026-04-03T03:33:45.714+0600][27.280s][info][gc,heap     ] GC(24)  Capacity:     1750M (100%)       1750M (100%)       1750M (100%)       1750M (100%)       1750M (100%)       1750M (100%)   
[2026-04-03T03:33:45.714+0600][27.280s][info][gc,heap     ] GC(24)      Free:     1080M (62%)         650M (37%)         796M (45%)         976M (56%)        1080M (62%)         626M (36%)    
[2026-04-03T03:33:45.714+0600][27.280s][info][gc,heap     ] GC(24)      Used:      670M (38%)        1100M (63%)         954M (55%)         774M (44%)        1124M (64%)         670M (38%)    
[2026-04-03T03:33:45.714+0600][27.280s][info][gc,heap     ] GC(24)      Live:         -               222M (13%)         222M (13%)         222M (13%)            -                  -          
[2026-04-03T03:33:45.714+0600][27.280s][info][gc,heap     ] GC(24) Allocated:         -               430M (25%)         472M (27%)         509M (29%)            -                  -          
[2026-04-03T03:33:45.714+0600][27.280s][info][gc,heap     ] GC(24)   Garbage:         -               447M (26%)         259M (15%)          41M (2%)             -                  -          
[2026-04-03T03:33:45.714+0600][27.280s][info][gc,heap     ] GC(24) Reclaimed:         -                  -               188M (11%)         405M (23%)            -                  -          
[2026-04-03T03:33:45.714+0600][27.280s][info][gc          ] GC(24) Garbage Collection (Allocation Rate) 670M(38%)->774M(44%)
[2026-04-03T03:33:45.750+0600][27.316s][info][gc,start    ] GC(25) Garbage Collection (Allocation Rate)
[2026-04-03T03:33:45.750+0600][27.316s][info][gc,task     ] GC(25) Using 3 workers
[2026-04-03T03:33:45.750+0600][27.317s][info][gc,phases   ] GC(25) Pause Mark Start 0.012ms
[2026-04-03T03:33:46.328+0600][27.895s][info][gc,phases   ] GC(25) Concurrent Mark 577.844ms
[2026-04-03T03:33:46.328+0600][27.895s][info][gc,phases   ] GC(25) Pause Mark End 0.041ms
[2026-04-03T03:33:46.329+0600][27.895s][info][gc,phases   ] GC(25) Concurrent Mark Free 0.005ms
[2026-04-03T03:33:46.339+0600][27.906s][info][gc,phases   ] GC(25) Concurrent Process Non-Strong References 10.475ms
[2026-04-03T03:33:46.339+0600][27.906s][info][gc,phases   ] GC(25) Concurrent Reset Relocation Set 0.026ms
[2026-04-03T03:33:46.359+0600][27.926s][info][gc,phases   ] GC(25) Concurrent Select Relocation Set 19.762ms
[2026-04-03T03:33:46.360+0600][27.926s][info][gc,phases   ] GC(25) Pause Relocate Start 0.022ms
[2026-04-03T03:33:46.492+0600][28.058s][info][gc,phases   ] GC(25) Concurrent Relocate 132.011ms
[2026-04-03T03:33:46.492+0600][28.059s][info][gc,load     ] GC(25) Load: 4.46/4.28/4.76
[2026-04-03T03:33:46.492+0600][28.059s][info][gc,mmu      ] GC(25) MMU: 2ms/93.8%, 5ms/97.5%, 10ms/98.5%, 20ms/99.2%, 50ms/99.7%, 100ms/99.8%
[2026-04-03T03:33:46.492+0600][28.059s][info][gc,marking  ] GC(25) Mark: 2 stripe(s), 2 proactive flush(es), 1 terminate flush(es), 0 completion(s), 0 continuation(s) 
[2026-04-03T03:33:46.492+0600][28.059s][info][gc,marking  ] GC(25) Mark Stack Usage: 32M
[2026-04-03T03:33:46.492+0600][28.059s][info][gc,nmethod  ] GC(25) NMethods: 5327 registered, 99 unregistered
[2026-04-03T03:33:46.492+0600][28.059s][info][gc,metaspace] GC(25) Metaspace: 67M used, 68M committed, 1088M reserved
[2026-04-03T03:33:46.492+0600][28.059s][info][gc,ref      ] GC(25) Soft: 3221 encountered, 0 discovered, 0 enqueued
[2026-04-03T03:33:46.492+0600][28.059s][info][gc,ref      ] GC(25) Weak: 6017 encountered, 4484 discovered, 78 enqueued
[2026-04-03T03:33:46.492+0600][28.059s][info][gc,ref      ] GC(25) Final: 82 encountered, 50 discovered, 0 enqueued
[2026-04-03T03:33:46.492+0600][28.059s][info][gc,ref      ] GC(25) Phantom: 594 encountered, 518 discovered, 0 enqueued
[2026-04-03T03:33:46.492+0600][28.059s][info][gc,reloc    ] GC(25) Small Pages: 323 / 646M, Empty: 0M, Relocated: 101M, In-Place: 0
[2026-04-03T03:33:46.492+0600][28.059s][info][gc,reloc    ] GC(25) Medium Pages: 2 / 64M, Empty: 0M, Relocated: 12M, In-Place: 0
[2026-04-03T03:33:46.492+0600][28.059s][info][gc,reloc    ] GC(25) Large Pages: 9 / 78M, Empty: 48M, Relocated: 0M, In-Place: 0
[2026-04-03T03:33:46.492+0600][28.059s][info][gc,reloc    ] GC(25) Forwarding Usage: 57M
[2026-04-03T03:33:46.492+0600][28.059s][info][gc,heap     ] GC(25) Min Capacity: 8M(0%)
[2026-04-03T03:33:46.492+0600][28.059s][info][gc,heap     ] GC(25) Max Capacity: 1750M(100%)
[2026-04-03T03:33:46.492+0600][28.059s][info][gc,heap     ] GC(25) Soft Max Capacity: 1750M(100%)
[2026-04-03T03:33:46.492+0600][28.059s][info][gc,heap     ] GC(25)                Mark Start          Mark End        Relocate Start      Relocate End           High               Low         
[2026-04-03T03:33:46.492+0600][28.059s][info][gc,heap     ] GC(25)  Capacity:     1750M (100%)       1750M (100%)       1750M (100%)       1750M (100%)       1750M (100%)       1750M (100%)   
[2026-04-03T03:33:46.492+0600][28.059s][info][gc,heap     ] GC(25)      Free:      962M (55%)         348M (20%)         366M (21%)         662M (38%)         962M (55%)         332M (19%)    
[2026-04-03T03:33:46.492+0600][28.059s][info][gc,heap     ] GC(25)      Used:      788M (45%)        1402M (80%)        1384M (79%)        1088M (62%)        1418M (81%)         788M (45%)    
[2026-04-03T03:33:46.492+0600][28.059s][info][gc,heap     ] GC(25)      Live:         -               302M (17%)         302M (17%)         302M (17%)            -                  -          
[2026-04-03T03:33:46.492+0600][28.059s][info][gc,heap     ] GC(25) Allocated:         -               614M (35%)         644M (37%)         740M (42%)            -                  -          
[2026-04-03T03:33:46.492+0600][28.059s][info][gc,heap     ] GC(25)   Garbage:         -               485M (28%)         437M (25%)          44M (3%)             -                  -          
[2026-04-03T03:33:46.492+0600][28.059s][info][gc,heap     ] GC(25) Reclaimed:         -                  -                48M (3%)          440M (25%)            -                  -          
[2026-04-03T03:33:46.492+0600][28.059s][info][gc          ] GC(25) Garbage Collection (Allocation Rate) 788M(45%)->1088M(62%)
[2026-04-03T03:33:46.551+0600][28.117s][info][gc,start    ] GC(26) Garbage Collection (Allocation Rate)
[2026-04-03T03:33:46.551+0600][28.117s][info][gc,task     ] GC(26) Using 3 workers
[2026-04-03T03:33:46.551+0600][28.118s][info][gc,phases   ] GC(26) Pause Mark Start 0.016ms
[2026-04-03T03:33:47.418+0600][28.985s][info][gc,phases   ] GC(26) Concurrent Mark 866.838ms
[2026-04-03T03:33:47.418+0600][28.985s][info][gc,phases   ] GC(26) Pause Mark End 0.030ms
[2026-04-03T03:33:47.419+0600][28.985s][info][gc,phases   ] GC(26) Concurrent Mark Free 0.004ms
[2026-04-03T03:33:47.425+0600][28.992s][info][gc,phases   ] GC(26) Concurrent Process Non-Strong References 6.369ms
[2026-04-03T03:33:47.425+0600][28.992s][info][gc,phases   ] GC(26) Concurrent Reset Relocation Set 0.020ms
[2026-04-03T03:33:47.428+0600][28.994s][info][gc          ] Allocation Stall (Executor task launch worker for task 1.0 in stage 2.0 (TID 7)) 69.391ms
[2026-04-03T03:33:47.428+0600][28.994s][info][gc          ] Allocation Stall (Executor task launch worker for task 2.0 in stage 2.0 (TID 8)) 58.556ms
[2026-04-03T03:33:47.428+0600][28.994s][info][gc          ] Allocation Stall (Executor task launch worker for task 0.0 in stage 2.0 (TID 6)) 52.605ms
[2026-04-03T03:33:47.431+0600][28.997s][info][gc,phases   ] GC(26) Concurrent Select Relocation Set 5.709ms
[2026-04-03T03:33:47.431+0600][28.998s][info][gc,phases   ] GC(26) Pause Relocate Start 0.014ms
[2026-04-03T03:33:47.528+0600][29.095s][info][gc,phases   ] GC(26) Concurrent Relocate 96.749ms
[2026-04-03T03:33:47.528+0600][29.095s][info][gc,load     ] GC(26) Load: 4.46/4.28/4.76
[2026-04-03T03:33:47.528+0600][29.095s][info][gc,mmu      ] GC(26) MMU: 2ms/93.8%, 5ms/97.5%, 10ms/98.5%, 20ms/99.2%, 50ms/99.7%, 100ms/99.8%
[2026-04-03T03:33:47.528+0600][29.095s][info][gc,marking  ] GC(26) Mark: 2 stripe(s), 2 proactive flush(es), 1 terminate flush(es), 0 completion(s), 0 continuation(s) 
[2026-04-03T03:33:47.528+0600][29.095s][info][gc,marking  ] GC(26) Mark Stack Usage: 32M
[2026-04-03T03:33:47.528+0600][29.095s][info][gc,nmethod  ] GC(26) NMethods: 5326 registered, 101 unregistered
[2026-04-03T03:33:47.528+0600][29.095s][info][gc,metaspace] GC(26) Metaspace: 67M used, 68M committed, 1088M reserved
[2026-04-03T03:33:47.528+0600][29.095s][info][gc,ref      ] GC(26) Soft: 3223 encountered, 0 discovered, 0 enqueued
[2026-04-03T03:33:47.528+0600][29.095s][info][gc,ref      ] GC(26) Weak: 5942 encountered, 2112 discovered, 2 enqueued
[2026-04-03T03:33:47.528+0600][29.095s][info][gc,ref      ] GC(26) Final: 82 encountered, 82 discovered, 0 enqueued
[2026-04-03T03:33:47.528+0600][29.095s][info][gc,ref      ] GC(26) Phantom: 594 encountered, 427 discovered, 0 enqueued
[2026-04-03T03:33:47.528+0600][29.095s][info][gc,reloc    ] GC(26) Small Pages: 505 / 1010M, Empty: 0M, Relocated: 59M, In-Place: 0
[2026-04-03T03:33:47.528+0600][29.095s][info][gc,reloc    ] GC(26) Medium Pages: 2 / 64M, Empty: 32M, Relocated: 0M, In-Place: 0
[2026-04-03T03:33:47.528+0600][29.095s][info][gc,reloc    ] GC(26) Large Pages: 9 / 78M, Empty: 18M, Relocated: 0M, In-Place: 0
[2026-04-03T03:33:47.528+0600][29.095s][info][gc,reloc    ] GC(26) Forwarding Usage: 51M
[2026-04-03T03:33:47.528+0600][29.095s][info][gc,heap     ] GC(26) Min Capacity: 8M(0%)
[2026-04-03T03:33:47.528+0600][29.095s][info][gc,heap     ] GC(26) Max Capacity: 1750M(100%)
[2026-04-03T03:33:47.528+0600][29.095s][info][gc,heap     ] GC(26) Soft Max Capacity: 1750M(100%)
[2026-04-03T03:33:47.528+0600][29.095s][info][gc,heap     ] GC(26)                Mark Start          Mark End        Relocate Start      Relocate End           High               Low         
[2026-04-03T03:33:47.528+0600][29.095s][info][gc,heap     ] GC(26)  Capacity:     1750M (100%)       1750M (100%)       1750M (100%)       1750M (100%)       1750M (100%)       1750M (100%)   
[2026-04-03T03:33:47.528+0600][29.095s][info][gc,heap     ] GC(26)      Free:      598M (34%)           0M (0%)           44M (3%)          674M (39%)         674M (39%)           0M (0%)     
[2026-04-03T03:33:47.529+0600][29.095s][info][gc,heap     ] GC(26)      Used:     1152M (66%)        1750M (100%)       1706M (97%)        1076M (61%)        1750M (100%)       1076M (61%)    
[2026-04-03T03:33:47.529+0600][29.095s][info][gc,heap     ] GC(26)      Live:         -               380M (22%)         380M (22%)         380M (22%)            -                  -          
[2026-04-03T03:33:47.529+0600][29.095s][info][gc,heap     ] GC(26) Allocated:         -               598M (34%)         604M (35%)         651M (37%)            -                  -          
[2026-04-03T03:33:47.529+0600][29.095s][info][gc,heap     ] GC(26)   Garbage:         -               771M (44%)         721M (41%)          43M (3%)             -                  -          
[2026-04-03T03:33:47.529+0600][29.095s][info][gc,heap     ] GC(26) Reclaimed:         -                  -                50M (3%)          727M (42%)            -                  -          
[2026-04-03T03:33:47.529+0600][29.095s][info][gc          ] GC(26) Garbage Collection (Allocation Rate) 1152M(66%)->1076M(61%)
[2026-04-03T03:33:47.551+0600][29.117s][info][gc,start    ] GC(27) Garbage Collection (Allocation Stall)
[2026-04-03T03:33:47.551+0600][29.117s][info][gc,ref      ] GC(27) Clearing All SoftReferences
[2026-04-03T03:33:47.551+0600][29.117s][info][gc,task     ] GC(27) Using 3 workers
[2026-04-03T03:33:47.551+0600][29.118s][info][gc,ref      ] GC(27) Clearing All SoftReferences
[2026-04-03T03:33:47.551+0600][29.118s][info][gc,phases   ] GC(27) Pause Mark Start 0.095ms
[2026-04-03T03:33:48.487+0600][30.054s][info][gc,phases   ] GC(27) Concurrent Mark 936.052ms
[2026-04-03T03:33:48.488+0600][30.054s][info][gc,phases   ] GC(27) Pause Mark End 0.036ms
[2026-04-03T03:33:48.488+0600][30.055s][info][gc,phases   ] GC(27) Concurrent Mark Free 0.003ms
[2026-04-03T03:33:48.511+0600][30.078s][info][gc,phases   ] GC(27) Concurrent Process Non-Strong References 23.231ms
[2026-04-03T03:33:48.512+0600][30.078s][info][gc,phases   ] GC(27) Concurrent Reset Relocation Set 0.070ms
[2026-04-03T03:33:48.522+0600][30.088s][info][gc,phases   ] GC(27) Concurrent Select Relocation Set 10.249ms
[2026-04-03T03:33:48.522+0600][30.089s][info][gc,phases   ] GC(27) Pause Relocate Start 0.018ms
[2026-04-03T03:33:48.550+0600][30.116s][info][gc,stats    ] === Garbage Collection Statistics =======================================================================================================================
[2026-04-03T03:33:48.550+0600][30.116s][info][gc,stats    ]                                                              Last 10s              Last 10m              Last 10h                Total
[2026-04-03T03:33:48.550+0600][30.116s][info][gc,stats    ]                                                              Avg / Max             Avg / Max             Avg / Max             Avg / Max
[2026-04-03T03:33:48.550+0600][30.116s][info][gc,stats    ]   Collector: Garbage Collection Cycle                   1013.602 / 1693.967    396.600 / 1693.967    396.600 / 1693.967    396.600 / 1693.967    ms
[2026-04-03T03:33:48.550+0600][30.117s][info][gc,stats    ]  Contention: Mark Segment Reset Contention                     4 / 16                3 / 17                3 / 17                3 / 17          ops/s
[2026-04-03T03:33:48.550+0600][30.117s][info][gc,stats    ]  Contention: Mark SeqNum Reset Contention                      0 / 0                 0 / 0                 0 / 0                 0 / 0           ops/s
[2026-04-03T03:33:48.550+0600][30.117s][info][gc,stats    ]    Critical: Allocation Stall                                  1 / 6                 0 / 6                 0 / 6                 0 / 6           ops/s
[2026-04-03T03:33:48.550+0600][30.117s][info][gc,stats    ]    Critical: Allocation Stall                            139.611 / 274.971     139.611 / 274.971     139.611 / 274.971     139.611 / 274.971     ms
[2026-04-03T03:33:48.550+0600][30.117s][info][gc,stats    ]    Critical: GC Locker Stall                                   0 / 0                 0 / 1                 0 / 1                 0 / 1           ops/s
[2026-04-03T03:33:48.550+0600][30.117s][info][gc,stats    ]    Critical: GC Locker Stall                               0.000 / 0.000         0.002 / 0.003         0.002 / 0.003         0.002 / 0.003       ms
[2026-04-03T03:33:48.550+0600][30.117s][info][gc,stats    ]    Critical: Relocation Stall                                  0 / 0                 0 / 0                 0 / 0                 0 / 0           ops/s
[2026-04-03T03:33:48.550+0600][30.117s][info][gc,stats    ]    Critical: Relocation Stall                              0.000 / 0.000         0.000 / 0.000         0.000 / 0.000         0.000 / 0.000       ms
[2026-04-03T03:33:48.550+0600][30.117s][info][gc,stats    ]      Memory: Allocation Rate                                 499 / 942             468 / 2718            468 / 2718            468 / 2718        MB/s
[2026-04-03T03:33:48.550+0600][30.117s][info][gc,stats    ]      Memory: Defragment                                       12 / 44                5 / 44                5 / 44                5 / 44          ops/s
[2026-04-03T03:33:48.550+0600][30.117s][info][gc,stats    ]      Memory: Out Of Memory                                     0 / 0                 0 / 0                 0 / 0                 0 / 0           ops/s
[2026-04-03T03:33:48.550+0600][30.117s][info][gc,stats    ]      Memory: Page Cache Flush                                 54 / 98               20 / 98               20 / 98               20 / 98          MB/s
[2026-04-03T03:33:48.550+0600][30.117s][info][gc,stats    ]      Memory: Page Cache Hit L1                               218 / 508             202 / 1353            202 / 1353            202 / 1353        ops/s
[2026-04-03T03:33:48.550+0600][30.117s][info][gc,stats    ]      Memory: Page Cache Hit L2                                 0 / 0                 0 / 0                 0 / 0                 0 / 0           ops/s
[2026-04-03T03:33:48.550+0600][30.117s][info][gc,stats    ]      Memory: Page Cache Hit L3                                12 / 39                9 / 104               9 / 104               9 / 104         ops/s
[2026-04-03T03:33:48.550+0600][30.117s][info][gc,stats    ]      Memory: Page Cache Miss                                  18 / 155              19 / 155              19 / 155              19 / 155         ops/s
[2026-04-03T03:33:48.550+0600][30.117s][info][gc,stats    ]      Memory: Uncommit                                          0 / 0                 0 / 0                 0 / 0                 0 / 0           MB/s
[2026-04-03T03:33:48.550+0600][30.117s][info][gc,stats    ]      Memory: Undo Object Allocation Failed                     0 / 0                 0 / 0                 0 / 0                 0 / 0           ops/s
[2026-04-03T03:33:48.550+0600][30.117s][info][gc,stats    ]      Memory: Undo Object Allocation Succeeded                  0 / 1                 0 / 5                 0 / 5                 0 / 5           ops/s
[2026-04-03T03:33:48.550+0600][30.117s][info][gc,stats    ]      Memory: Undo Page Allocation                              0 / 3                 0 / 3                 0 / 3                 0 / 3           ops/s
[2026-04-03T03:33:48.550+0600][30.117s][info][gc,stats    ]       Phase: Concurrent Mark                             841.030 / 1112.176    352.259 / 1112.176    352.259 / 1112.176    352.259 / 1112.176    ms
[2026-04-03T03:33:48.550+0600][30.117s][info][gc,stats    ]       Phase: Concurrent Mark Continue                      0.000 / 0.000         0.000 / 0.000         0.000 / 0.000         0.000 / 0.000       ms
[2026-04-03T03:33:48.550+0600][30.117s][info][gc,stats    ]       Phase: Concurrent Mark Free                          0.003 / 0.005         0.002 / 0.005         0.002 / 0.005         0.002 / 0.005       ms
[2026-04-03T03:33:48.550+0600][30.117s][info][gc,stats    ]       Phase: Concurrent Process Non-Strong References     14.160 / 23.231        9.532 / 25.244        9.532 / 25.244        9.532 / 25.244      ms
[2026-04-03T03:33:48.550+0600][30.117s][info][gc,stats    ]       Phase: Concurrent Relocate                         143.049 / 468.741      45.049 / 468.741      45.049 / 468.741      45.049 / 468.741     ms
[2026-04-03T03:33:48.550+0600][30.117s][info][gc,stats    ]       Phase: Concurrent Reset Relocation Set               0.044 / 0.114         0.017 / 0.114         0.017 / 0.114         0.017 / 0.114       ms
[2026-04-03T03:33:48.550+0600][30.117s][info][gc,stats    ]       Phase: Concurrent Select Relocation Set             22.021 / 98.465        9.405 / 98.465        9.405 / 98.465        9.405 / 98.465      ms
[2026-04-03T03:33:48.550+0600][30.117s][info][gc,stats    ]       Phase: Pause Mark End                                0.033 / 0.043         0.032 / 0.080         0.032 / 0.080         0.032 / 0.080       ms
[2026-04-03T03:33:48.550+0600][30.117s][info][gc,stats    ]       Phase: Pause Mark Start                              0.040 / 0.123         0.025 / 0.123         0.025 / 0.123         0.025 / 0.123       ms
[2026-04-03T03:33:48.550+0600][30.117s][info][gc,stats    ]       Phase: Pause Relocate Start                          0.021 / 0.042         0.021 / 0.121         0.021 / 0.121         0.021 / 0.121       ms
[2026-04-03T03:33:48.550+0600][30.117s][info][gc,stats    ]    Subphase: Concurrent Classes Purge                      0.249 / 0.661         0.191 / 0.955         0.191 / 0.955         0.191 / 0.955       ms
[2026-04-03T03:33:48.550+0600][30.117s][info][gc,stats    ]    Subphase: Concurrent Classes Unlink                    11.552 / 20.862        7.446 / 22.352        7.446 / 22.352        7.446 / 22.352      ms
[2026-04-03T03:33:48.551+0600][30.117s][info][gc,stats    ]    Subphase: Concurrent Mark                             817.816 / 1109.761    350.148 / 1109.761    350.148 / 1109.761    350.148 / 1109.761    ms
[2026-04-03T03:33:48.551+0600][30.117s][info][gc,stats    ]    Subphase: Concurrent Mark Try Flush                     0.284 / 2.378         0.275 / 2.378         0.275 / 2.378         0.275 / 2.378       ms
[2026-04-03T03:33:48.551+0600][30.117s][info][gc,stats    ]    Subphase: Concurrent Mark Try Terminate                 1.004 / 1.237         1.087 / 1.295         1.087 / 1.295         1.087 / 1.295       ms
[2026-04-03T03:33:48.551+0600][30.117s][info][gc,stats    ]    Subphase: Concurrent References Enqueue                 0.007 / 0.012         0.004 / 0.012         0.004 / 0.012         0.004 / 0.012       ms
[2026-04-03T03:33:48.551+0600][30.117s][info][gc,stats    ]    Subphase: Concurrent References Process                 0.562 / 1.201         0.407 / 1.201         0.407 / 1.201         0.407 / 1.201       ms
[2026-04-03T03:33:48.551+0600][30.117s][info][gc,stats    ]    Subphase: Concurrent Roots ClassLoaderDataGraph         0.334 / 0.982         0.246 / 0.982         0.246 / 0.982         0.246 / 0.982       ms
[2026-04-03T03:33:48.551+0600][30.117s][info][gc,stats    ]    Subphase: Concurrent Roots CodeCache                    0.000 / 0.000         0.000 / 0.000         0.000 / 0.000         0.000 / 0.000       ms
[2026-04-03T03:33:48.551+0600][30.117s][info][gc,stats    ]    Subphase: Concurrent Roots JavaThreads                  0.527 / 1.286         0.492 / 2.093         0.492 / 2.093         0.492 / 2.093       ms
[2026-04-03T03:33:48.551+0600][30.117s][info][gc,stats    ]    Subphase: Concurrent Roots OopStorageSet                0.065 / 0.126         0.052 / 0.128         0.052 / 0.128         0.052 / 0.128       ms
[2026-04-03T03:33:48.551+0600][30.117s][info][gc,stats    ]    Subphase: Concurrent Weak Roots OopStorageSet           1.127 / 2.268         0.838 / 2.268         0.838 / 2.268         0.838 / 2.268       ms
[2026-04-03T03:33:48.551+0600][30.117s][info][gc,stats    ]    Subphase: Pause Mark Try Complete                       0.000 / 0.000         0.000 / 0.000         0.000 / 0.000         0.000 / 0.000       ms
[2026-04-03T03:33:48.551+0600][30.117s][info][gc,stats    ]      System: Java Threads                                     76 / 80               62 / 80               62 / 80               62 / 80          threads
[2026-04-03T03:33:48.551+0600][30.117s][info][gc,stats    ] =========================================================================================================================================================
[2026-04-03T03:33:48.605+0600][30.171s][info][gc,phases   ] GC(27) Concurrent Relocate 82.453ms
[2026-04-03T03:33:48.605+0600][30.171s][info][gc,load     ] GC(27) Load: 4.46/4.28/4.76
[2026-04-03T03:33:48.605+0600][30.172s][info][gc,mmu      ] GC(27) MMU: 2ms/93.8%, 5ms/97.5%, 10ms/98.5%, 20ms/99.2%, 50ms/99.7%, 100ms/99.8%
[2026-04-03T03:33:48.605+0600][30.172s][info][gc,marking  ] GC(27) Mark: 2 stripe(s), 9 proactive flush(es), 1 terminate flush(es), 0 completion(s), 0 continuation(s) 
[2026-04-03T03:33:48.605+0600][30.172s][info][gc,marking  ] GC(27) Mark Stack Usage: 32M
[2026-04-03T03:33:48.605+0600][30.172s][info][gc,nmethod  ] GC(27) NMethods: 5351 registered, 101 unregistered
[2026-04-03T03:33:48.605+0600][30.172s][info][gc,metaspace] GC(27) Metaspace: 67M used, 68M committed, 1088M reserved
[2026-04-03T03:33:48.605+0600][30.172s][info][gc,ref      ] GC(27) Soft: 3120 encountered, 691 discovered, 403 enqueued
[2026-04-03T03:33:48.605+0600][30.172s][info][gc,ref      ] GC(27) Weak: 5847 encountered, 1083 discovered, 44 enqueued
[2026-04-03T03:33:48.605+0600][30.172s][info][gc,ref      ] GC(27) Final: 82 encountered, 0 discovered, 0 enqueued
[2026-04-03T03:33:48.605+0600][30.172s][info][gc,ref      ] GC(27) Phantom: 594 encountered, 494 discovered, 0 enqueued
[2026-04-03T03:33:48.605+0600][30.172s][info][gc,reloc    ] GC(27) Small Pages: 483 / 966M, Empty: 0M, Relocated: 36M, In-Place: 0
[2026-04-03T03:33:48.605+0600][30.172s][info][gc,reloc    ] GC(27) Medium Pages: 1 / 32M, Empty: 0M, Relocated: 0M, In-Place: 0
[2026-04-03T03:33:48.605+0600][30.172s][info][gc,reloc    ] GC(27) Large Pages: 8 / 96M, Empty: 20M, Relocated: 0M, In-Place: 0
[2026-04-03T03:33:48.605+0600][30.172s][info][gc,reloc    ] GC(27) Forwarding Usage: 37M
[2026-04-03T03:33:48.605+0600][30.172s][info][gc,heap     ] GC(27) Min Capacity: 8M(0%)
[2026-04-03T03:33:48.605+0600][30.172s][info][gc,heap     ] GC(27) Max Capacity: 1750M(100%)
[2026-04-03T03:33:48.605+0600][30.172s][info][gc,heap     ] GC(27) Soft Max Capacity: 1750M(100%)
[2026-04-03T03:33:48.605+0600][30.172s][info][gc,heap     ] GC(27)                Mark Start          Mark End        Relocate Start      Relocate End           High               Low         
[2026-04-03T03:33:48.605+0600][30.172s][info][gc,heap     ] GC(27)  Capacity:     1750M (100%)       1750M (100%)       1750M (100%)       1750M (100%)       1750M (100%)       1750M (100%)   
[2026-04-03T03:33:48.605+0600][30.172s][info][gc,heap     ] GC(27)      Free:      656M (37%)         444M (25%)         462M (26%)        1056M (60%)        1056M (60%)         442M (25%)    
[2026-04-03T03:33:48.605+0600][30.172s][info][gc,heap     ] GC(27)      Used:     1094M (63%)        1306M (75%)        1288M (74%)         694M (40%)        1308M (75%)         694M (40%)    
[2026-04-03T03:33:48.605+0600][30.172s][info][gc,heap     ] GC(27)      Live:         -               418M (24%)         418M (24%)         418M (24%)            -                  -          
[2026-04-03T03:33:48.605+0600][30.172s][info][gc,heap     ] GC(27) Allocated:         -               212M (12%)         214M (12%)         221M (13%)            -                  -          
[2026-04-03T03:33:48.605+0600][30.172s][info][gc,heap     ] GC(27)   Garbage:         -               675M (39%)         655M (37%)          54M (3%)             -                  -          
[2026-04-03T03:33:48.605+0600][30.172s][info][gc,heap     ] GC(27) Reclaimed:         -                  -                20M (1%)          621M (35%)            -                  -          
[2026-04-03T03:33:48.605+0600][30.172s][info][gc          ] GC(27) Garbage Collection (Allocation Stall) 1094M(63%)->694M(40%)
[2026-04-03T03:33:48.651+0600][30.217s][info][gc,start    ] GC(28) Garbage Collection (Allocation Rate)
[2026-04-03T03:33:48.651+0600][30.217s][info][gc,task     ] GC(28) Using 3 workers
[2026-04-03T03:33:48.651+0600][30.218s][info][gc,phases   ] GC(28) Pause Mark Start 0.014ms
[2026-04-03T03:33:49.322+0600][30.889s][info][gc,phases   ] GC(28) Concurrent Mark 670.901ms
[2026-04-03T03:33:49.323+0600][30.889s][info][gc,phases   ] GC(28) Pause Mark End 0.030ms
[2026-04-03T03:33:49.323+0600][30.889s][info][gc,phases   ] GC(28) Concurrent Mark Free 0.003ms
[2026-04-03T03:33:49.332+0600][30.898s][info][gc,phases   ] GC(28) Concurrent Process Non-Strong References 8.886ms
[2026-04-03T03:33:49.332+0600][30.898s][info][gc,phases   ] GC(28) Concurrent Reset Relocation Set 0.062ms
[2026-04-03T03:33:49.341+0600][30.908s][info][gc,phases   ] GC(28) Concurrent Select Relocation Set 9.391ms
[2026-04-03T03:33:49.342+0600][30.908s][info][gc,phases   ] GC(28) Pause Relocate Start 0.062ms
[2026-04-03T03:33:49.391+0600][30.957s][info][gc,phases   ] GC(28) Concurrent Relocate 48.543ms
[2026-04-03T03:33:49.391+0600][30.957s][info][gc,load     ] GC(28) Load: 4.46/4.28/4.76
[2026-04-03T03:33:49.391+0600][30.957s][info][gc,mmu      ] GC(28) MMU: 2ms/93.8%, 5ms/97.5%, 10ms/98.5%, 20ms/99.2%, 50ms/99.7%, 100ms/99.8%
[2026-04-03T03:33:49.391+0600][30.957s][info][gc,marking  ] GC(28) Mark: 2 stripe(s), 10 proactive flush(es), 1 terminate flush(es), 0 completion(s), 0 continuation(s) 
[2026-04-03T03:33:49.391+0600][30.957s][info][gc,marking  ] GC(28) Mark Stack Usage: 32M
[2026-04-03T03:33:49.391+0600][30.957s][info][gc,nmethod  ] GC(28) NMethods: 5573 registered, 103 unregistered
[2026-04-03T03:33:49.391+0600][30.957s][info][gc,metaspace] GC(28) Metaspace: 68M used, 68M committed, 1088M reserved
[2026-04-03T03:33:49.391+0600][30.957s][info][gc,ref      ] GC(28) Soft: 2716 encountered, 0 discovered, 0 enqueued
[2026-04-03T03:33:49.391+0600][30.957s][info][gc,ref      ] GC(28) Weak: 5659 encountered, 1795 discovered, 2 enqueued
[2026-04-03T03:33:49.391+0600][30.957s][info][gc,ref      ] GC(28) Final: 82 encountered, 50 discovered, 0 enqueued
[2026-04-03T03:33:49.391+0600][30.957s][info][gc,ref      ] GC(28) Phantom: 594 encountered, 375 discovered, 0 enqueued
[2026-04-03T03:33:49.391+0600][30.957s][info][gc,reloc    ] GC(28) Small Pages: 269 / 538M, Empty: 76M, Relocated: 24M, In-Place: 0
[2026-04-03T03:33:49.391+0600][30.957s][info][gc,reloc    ] GC(28) Medium Pages: 2 / 64M, Empty: 0M, Relocated: 15M, In-Place: 0
[2026-04-03T03:33:49.391+0600][30.957s][info][gc,reloc    ] GC(28) Large Pages: 7 / 94M, Empty: 40M, Relocated: 0M, In-Place: 0
[2026-04-03T03:33:49.391+0600][30.957s][info][gc,reloc    ] GC(28) Forwarding Usage: 19M
[2026-04-03T03:33:49.391+0600][30.958s][info][gc,heap     ] GC(28) Min Capacity: 8M(0%)
[2026-04-03T03:33:49.391+0600][30.958s][info][gc,heap     ] GC(28) Max Capacity: 1750M(100%)
[2026-04-03T03:33:49.391+0600][30.958s][info][gc,heap     ] GC(28) Soft Max Capacity: 1750M(100%)
[2026-04-03T03:33:49.391+0600][30.958s][info][gc,heap     ] GC(28)                Mark Start          Mark End        Relocate Start      Relocate End           High               Low         
[2026-04-03T03:33:49.391+0600][30.958s][info][gc,heap     ] GC(28)  Capacity:     1750M (100%)       1750M (100%)       1750M (100%)       1750M (100%)       1750M (100%)       1750M (100%)   
[2026-04-03T03:33:49.391+0600][30.958s][info][gc,heap     ] GC(28)      Free:     1054M (60%)         900M (51%)        1012M (58%)        1210M (69%)        1214M (69%)         896M (51%)    
[2026-04-03T03:33:49.391+0600][30.958s][info][gc,heap     ] GC(28)      Used:      696M (40%)         850M (49%)         738M (42%)         540M (31%)         854M (49%)         536M (31%)    
[2026-04-03T03:33:49.391+0600][30.958s][info][gc,heap     ] GC(28)      Live:         -               307M (18%)         307M (18%)         307M (18%)            -                  -          
[2026-04-03T03:33:49.391+0600][30.958s][info][gc,heap     ] GC(28) Allocated:         -               154M (9%)          158M (9%)          183M (11%)            -                  -          
[2026-04-03T03:33:49.391+0600][30.958s][info][gc,heap     ] GC(28)   Garbage:         -               388M (22%)         272M (16%)          48M (3%)             -                  -          
[2026-04-03T03:33:49.391+0600][30.958s][info][gc,heap     ] GC(28) Reclaimed:         -                  -               116M (7%)          339M (19%)            -                  -          
[2026-04-03T03:33:49.391+0600][30.958s][info][gc          ] GC(28) Garbage Collection (Allocation Rate) 696M(40%)->540M(31%)
[2026-04-03T03:33:49.750+0600][31.316s][info][gc,start    ] GC(29) Garbage Collection (Allocation Rate)
[2026-04-03T03:33:49.750+0600][31.316s][info][gc,task     ] GC(29) Using 3 workers
[2026-04-03T03:33:49.750+0600][31.317s][info][gc,phases   ] GC(29) Pause Mark Start 0.015ms
[2026-04-03T03:33:50.218+0600][31.784s][info][gc,phases   ] GC(29) Concurrent Mark 467.648ms
[2026-04-03T03:33:50.218+0600][31.785s][info][gc,phases   ] GC(29) Pause Mark End 0.034ms
[2026-04-03T03:33:50.219+0600][31.785s][info][gc,phases   ] GC(29) Concurrent Mark Free 0.005ms
[2026-04-03T03:33:50.247+0600][31.814s][info][gc,phases   ] GC(29) Concurrent Process Non-Strong References 28.386ms
[2026-04-03T03:33:50.247+0600][31.814s][info][gc,phases   ] GC(29) Concurrent Reset Relocation Set 0.035ms
[2026-04-03T03:33:50.262+0600][31.828s][info][gc,phases   ] GC(29) Concurrent Select Relocation Set 14.712ms
[2026-04-03T03:33:50.262+0600][31.829s][info][gc,phases   ] GC(29) Pause Relocate Start 0.025ms
[2026-04-03T03:33:50.331+0600][31.897s][info][gc,phases   ] GC(29) Concurrent Relocate 68.433ms
[2026-04-03T03:33:50.331+0600][31.898s][info][gc,load     ] GC(29) Load: 4.46/4.28/4.76
[2026-04-03T03:33:50.331+0600][31.898s][info][gc,mmu      ] GC(29) MMU: 2ms/93.8%, 5ms/97.5%, 10ms/98.5%, 20ms/99.2%, 50ms/99.7%, 100ms/99.8%
[2026-04-03T03:33:50.331+0600][31.898s][info][gc,marking  ] GC(29) Mark: 2 stripe(s), 2 proactive flush(es), 1 terminate flush(es), 0 completion(s), 0 continuation(s) 
[2026-04-03T03:33:50.331+0600][31.898s][info][gc,marking  ] GC(29) Mark Stack Usage: 32M
[2026-04-03T03:33:50.331+0600][31.898s][info][gc,nmethod  ] GC(29) NMethods: 5729 registered, 131 unregistered
[2026-04-03T03:33:50.331+0600][31.898s][info][gc,metaspace] GC(29) Metaspace: 68M used, 69M committed, 1088M reserved
[2026-04-03T03:33:50.331+0600][31.898s][info][gc,ref      ] GC(29) Soft: 3145 encountered, 0 discovered, 0 enqueued
[2026-04-03T03:33:50.331+0600][31.898s][info][gc,ref      ] GC(29) Weak: 6160 encountered, 1343 discovered, 109 enqueued
[2026-04-03T03:33:50.331+0600][31.898s][info][gc,ref      ] GC(29) Final: 82 encountered, 50 discovered, 0 enqueued
[2026-04-03T03:33:50.331+0600][31.898s][info][gc,ref      ] GC(29) Phantom: 594 encountered, 433 discovered, 0 enqueued
[2026-04-03T03:33:50.331+0600][31.898s][info][gc,reloc    ] GC(29) Small Pages: 274 / 548M, Empty: 108M, Relocated: 31M, In-Place: 0
[2026-04-03T03:33:50.331+0600][31.898s][info][gc,reloc    ] GC(29) Medium Pages: 2 / 64M, Empty: 32M, Relocated: 0M, In-Place: 0
[2026-04-03T03:33:50.331+0600][31.898s][info][gc,reloc    ] GC(29) Large Pages: 10 / 108M, Empty: 78M, Relocated: 0M, In-Place: 0
[2026-04-03T03:33:50.331+0600][31.898s][info][gc,reloc    ] GC(29) Forwarding Usage: 29M
[2026-04-03T03:33:50.331+0600][31.898s][info][gc,heap     ] GC(29) Min Capacity: 8M(0%)
[2026-04-03T03:33:50.331+0600][31.898s][info][gc,heap     ] GC(29) Max Capacity: 1750M(100%)
[2026-04-03T03:33:50.331+0600][31.898s][info][gc,heap     ] GC(29) Soft Max Capacity: 1750M(100%)
[2026-04-03T03:33:50.331+0600][31.898s][info][gc,heap     ] GC(29)                Mark Start          Mark End        Relocate Start      Relocate End           High               Low         
[2026-04-03T03:33:50.331+0600][31.898s][info][gc,heap     ] GC(29)  Capacity:     1750M (100%)       1750M (100%)       1750M (100%)       1750M (100%)       1750M (100%)       1750M (100%)   
[2026-04-03T03:33:50.331+0600][31.898s][info][gc,heap     ] GC(29)      Free:     1030M (59%)         832M (48%)        1036M (59%)        1260M (72%)        1260M (72%)         822M (47%)    
[2026-04-03T03:33:50.331+0600][31.898s][info][gc,heap     ] GC(29)      Used:      720M (41%)         918M (52%)         714M (41%)         490M (28%)         928M (53%)         490M (28%)    
[2026-04-03T03:33:50.331+0600][31.898s][info][gc,heap     ] GC(29)      Live:         -               221M (13%)         221M (13%)         221M (13%)            -                  -          
[2026-04-03T03:33:50.331+0600][31.898s][info][gc,heap     ] GC(29) Allocated:         -               198M (11%)         212M (12%)         227M (13%)            -                  -          
[2026-04-03T03:33:50.332+0600][31.898s][info][gc,heap     ] GC(29)   Garbage:         -               498M (28%)         280M (16%)          40M (2%)             -                  -          
[2026-04-03T03:33:50.332+0600][31.898s][info][gc,heap     ] GC(29) Reclaimed:         -                  -               218M (12%)         457M (26%)            -                  -          
[2026-04-03T03:33:50.332+0600][31.898s][info][gc          ] GC(29) Garbage Collection (Allocation Rate) 720M(41%)->490M(28%)
[2026-04-03T03:33:51.451+0600][33.017s][info][gc,start    ] GC(30) Garbage Collection (Allocation Rate)
[2026-04-03T03:33:51.451+0600][33.017s][info][gc,task     ] GC(30) Using 3 workers
[2026-04-03T03:33:51.451+0600][33.017s][info][gc,phases   ] GC(30) Pause Mark Start 0.020ms
[2026-04-03T03:33:51.902+0600][33.469s][info][gc,phases   ] GC(30) Concurrent Mark 451.288ms
[2026-04-03T03:33:51.903+0600][33.469s][info][gc,phases   ] GC(30) Pause Mark End 0.029ms
[2026-04-03T03:33:51.903+0600][33.469s][info][gc,phases   ] GC(30) Concurrent Mark Free 0.004ms
[2026-04-03T03:33:51.928+0600][33.495s][info][gc,phases   ] GC(30) Concurrent Process Non-Strong References 25.325ms
[2026-04-03T03:33:51.928+0600][33.495s][info][gc,phases   ] GC(30) Concurrent Reset Relocation Set 0.022ms
[2026-04-03T03:33:51.936+0600][33.503s][info][gc,phases   ] GC(30) Concurrent Select Relocation Set 7.619ms
[2026-04-03T03:33:51.936+0600][33.503s][info][gc,phases   ] GC(30) Pause Relocate Start 0.029ms
[2026-04-03T03:33:52.004+0600][33.570s][info][gc,phases   ] GC(30) Concurrent Relocate 67.008ms
[2026-04-03T03:33:52.004+0600][33.570s][info][gc,load     ] GC(30) Load: 4.59/4.31/4.77
[2026-04-03T03:33:52.004+0600][33.570s][info][gc,mmu      ] GC(30) MMU: 2ms/93.8%, 5ms/97.5%, 10ms/98.5%, 20ms/99.2%, 50ms/99.7%, 100ms/99.8%
[2026-04-03T03:33:52.004+0600][33.570s][info][gc,marking  ] GC(30) Mark: 2 stripe(s), 2 proactive flush(es), 1 terminate flush(es), 0 completion(s), 0 continuation(s) 
[2026-04-03T03:33:52.004+0600][33.570s][info][gc,marking  ] GC(30) Mark Stack Usage: 32M
[2026-04-03T03:33:52.004+0600][33.570s][info][gc,nmethod  ] GC(30) NMethods: 6025 registered, 223 unregistered
[2026-04-03T03:33:52.004+0600][33.570s][info][gc,metaspace] GC(30) Metaspace: 68M used, 69M committed, 1088M reserved
[2026-04-03T03:33:52.004+0600][33.570s][info][gc,ref      ] GC(30) Soft: 3278 encountered, 0 discovered, 0 enqueued
[2026-04-03T03:33:52.004+0600][33.571s][info][gc,ref      ] GC(30) Weak: 6568 encountered, 2643 discovered, 523 enqueued
[2026-04-03T03:33:52.004+0600][33.571s][info][gc,ref      ] GC(30) Final: 82 encountered, 2 discovered, 0 enqueued
[2026-04-03T03:33:52.004+0600][33.571s][info][gc,ref      ] GC(30) Phantom: 601 encountered, 505 discovered, 0 enqueued
[2026-04-03T03:33:52.004+0600][33.571s][info][gc,reloc    ] GC(30) Small Pages: 367 / 734M, Empty: 288M, Relocated: 32M, In-Place: 0
[2026-04-03T03:33:52.004+0600][33.571s][info][gc,reloc    ] GC(30) Medium Pages: 2 / 64M, Empty: 32M, Relocated: 0M, In-Place: 0
[2026-04-03T03:33:52.004+0600][33.571s][info][gc,reloc    ] GC(30) Large Pages: 17 / 138M, Empty: 108M, Relocated: 0M, In-Place: 0
[2026-04-03T03:33:52.004+0600][33.571s][info][gc,reloc    ] GC(30) Forwarding Usage: 30M
[2026-04-03T03:33:52.004+0600][33.571s][info][gc,heap     ] GC(30) Min Capacity: 8M(0%)
[2026-04-03T03:33:52.004+0600][33.571s][info][gc,heap     ] GC(30) Max Capacity: 1750M(100%)
[2026-04-03T03:33:52.004+0600][33.571s][info][gc,heap     ] GC(30) Soft Max Capacity: 1750M(100%)
[2026-04-03T03:33:52.004+0600][33.571s][info][gc,heap     ] GC(30)                Mark Start          Mark End        Relocate Start      Relocate End           High               Low         
[2026-04-03T03:33:52.004+0600][33.571s][info][gc,heap     ] GC(30)  Capacity:     1750M (100%)       1750M (100%)       1750M (100%)       1750M (100%)       1750M (100%)       1750M (100%)   
[2026-04-03T03:33:52.004+0600][33.571s][info][gc,heap     ] GC(30)      Free:      814M (47%)         636M (36%)        1046M (60%)        1268M (72%)        1268M (72%)         624M (36%)    
[2026-04-03T03:33:52.004+0600][33.571s][info][gc,heap     ] GC(30)      Used:      936M (53%)        1114M (64%)         704M (40%)         482M (28%)        1126M (64%)         482M (28%)    
[2026-04-03T03:33:52.004+0600][33.571s][info][gc,heap     ] GC(30)      Live:         -               223M (13%)         223M (13%)         223M (13%)            -                  -          
[2026-04-03T03:33:52.004+0600][33.571s][info][gc,heap     ] GC(30) Allocated:         -               178M (10%)         196M (11%)         217M (12%)            -                  -          
[2026-04-03T03:33:52.004+0600][33.571s][info][gc,heap     ] GC(30)   Garbage:         -               712M (41%)         284M (16%)          40M (2%)             -                  -          
[2026-04-03T03:33:52.004+0600][33.571s][info][gc,heap     ] GC(30) Reclaimed:         -                  -               428M (24%)         671M (38%)            -                  -          
[2026-04-03T03:33:52.004+0600][33.571s][info][gc          ] GC(30) Garbage Collection (Allocation Rate) 936M(53%)->482M(28%)
[2026-04-03T03:33:52.351+0600][33.917s][info][gc,start    ] GC(31) Garbage Collection (Allocation Rate)
[2026-04-03T03:33:52.351+0600][33.917s][info][gc,task     ] GC(31) Using 3 workers
[2026-04-03T03:33:52.351+0600][33.918s][info][gc,phases   ] GC(31) Pause Mark Start 0.025ms
[2026-04-03T03:33:52.818+0600][34.384s][info][gc,phases   ] GC(31) Concurrent Mark 466.323ms
[2026-04-03T03:33:52.818+0600][34.385s][info][gc,phases   ] GC(31) Pause Mark End 0.033ms
[2026-04-03T03:33:52.818+0600][34.385s][info][gc,phases   ] GC(31) Concurrent Mark Free 0.004ms
[2026-04-03T03:33:52.832+0600][34.399s][info][gc,phases   ] GC(31) Concurrent Process Non-Strong References 13.758ms
[2026-04-03T03:33:52.832+0600][34.399s][info][gc,phases   ] GC(31) Concurrent Reset Relocation Set 0.054ms
[2026-04-03T03:33:52.857+0600][34.423s][info][gc,phases   ] GC(31) Concurrent Select Relocation Set 24.188ms
[2026-04-03T03:33:52.857+0600][34.424s][info][gc,phases   ] GC(31) Pause Relocate Start 0.025ms
[2026-04-03T03:33:52.963+0600][34.530s][info][gc,phases   ] GC(31) Concurrent Relocate 106.227ms
[2026-04-03T03:33:52.964+0600][34.530s][info][gc,load     ] GC(31) Load: 4.59/4.31/4.77
[2026-04-03T03:33:52.964+0600][34.530s][info][gc,mmu      ] GC(31) MMU: 2ms/93.8%, 5ms/97.5%, 10ms/98.5%, 20ms/99.2%, 50ms/99.7%, 100ms/99.8%
[2026-04-03T03:33:52.964+0600][34.530s][info][gc,marking  ] GC(31) Mark: 2 stripe(s), 2 proactive flush(es), 1 terminate flush(es), 0 completion(s), 0 continuation(s) 
[2026-04-03T03:33:52.964+0600][34.530s][info][gc,marking  ] GC(31) Mark Stack Usage: 32M
[2026-04-03T03:33:52.964+0600][34.530s][info][gc,nmethod  ] GC(31) NMethods: 6084 registered, 316 unregistered
[2026-04-03T03:33:52.964+0600][34.530s][info][gc,metaspace] GC(31) Metaspace: 68M used, 69M committed, 1088M reserved
[2026-04-03T03:33:52.964+0600][34.530s][info][gc,ref      ] GC(31) Soft: 3276 encountered, 0 discovered, 0 enqueued
[2026-04-03T03:33:52.964+0600][34.530s][info][gc,ref      ] GC(31) Weak: 6153 encountered, 2293 discovered, 114 enqueued
[2026-04-03T03:33:52.964+0600][34.530s][info][gc,ref      ] GC(31) Final: 82 encountered, 66 discovered, 0 enqueued
[2026-04-03T03:33:52.964+0600][34.530s][info][gc,ref      ] GC(31) Phantom: 596 encountered, 431 discovered, 0 enqueued
[2026-04-03T03:33:52.964+0600][34.530s][info][gc,reloc    ] GC(31) Small Pages: 402 / 804M, Empty: 120M, Relocated: 53M, In-Place: 0
[2026-04-03T03:33:52.964+0600][34.530s][info][gc,reloc    ] GC(31) Medium Pages: 2 / 64M, Empty: 0M, Relocated: 15M, In-Place: 0
[2026-04-03T03:33:52.964+0600][34.530s][info][gc,reloc    ] GC(31) Large Pages: 6 / 48M, Empty: 36M, Relocated: 0M, In-Place: 0
[2026-04-03T03:33:52.964+0600][34.530s][info][gc,reloc    ] GC(31) Forwarding Usage: 49M
[2026-04-03T03:33:52.964+0600][34.530s][info][gc,heap     ] GC(31) Min Capacity: 8M(0%)
[2026-04-03T03:33:52.964+0600][34.530s][info][gc,heap     ] GC(31) Max Capacity: 1750M(100%)
[2026-04-03T03:33:52.964+0600][34.530s][info][gc,heap     ] GC(31) Soft Max Capacity: 1750M(100%)
[2026-04-03T03:33:52.964+0600][34.530s][info][gc,heap     ] GC(31)                Mark Start          Mark End        Relocate Start      Relocate End           High               Low         
[2026-04-03T03:33:52.964+0600][34.530s][info][gc,heap     ] GC(31)  Capacity:     1750M (100%)       1750M (100%)       1750M (100%)       1750M (100%)       1750M (100%)       1750M (100%)   
[2026-04-03T03:33:52.964+0600][34.530s][info][gc,heap     ] GC(31)      Free:      834M (48%)         566M (32%)         710M (41%)        1200M (69%)        1200M (69%)         566M (32%)    
[2026-04-03T03:33:52.964+0600][34.530s][info][gc,heap     ] GC(31)      Used:      916M (52%)        1184M (68%)        1040M (59%)         550M (31%)        1184M (68%)         550M (31%)    
[2026-04-03T03:33:52.964+0600][34.530s][info][gc,heap     ] GC(31)      Live:         -               230M (13%)         230M (13%)         230M (13%)            -                  -          
[2026-04-03T03:33:52.964+0600][34.530s][info][gc,heap     ] GC(31) Allocated:         -               268M (15%)         280M (16%)         283M (16%)            -                  -          
[2026-04-03T03:33:52.964+0600][34.530s][info][gc,heap     ] GC(31)   Garbage:         -               685M (39%)         529M (30%)          35M (2%)             -                  -          
[2026-04-03T03:33:52.964+0600][34.531s][info][gc,heap     ] GC(31) Reclaimed:         -                  -               156M (9%)          649M (37%)            -                  -          
[2026-04-03T03:33:52.964+0600][34.531s][info][gc          ] GC(31) Garbage Collection (Allocation Rate) 916M(52%)->550M(31%)
[2026-04-03T03:33:53.051+0600][34.617s][info][gc,start    ] GC(32) Garbage Collection (Allocation Rate)
[2026-04-03T03:33:53.051+0600][34.617s][info][gc,task     ] GC(32) Using 3 workers
[2026-04-03T03:33:53.051+0600][34.617s][info][gc,phases   ] GC(32) Pause Mark Start 0.019ms
[2026-04-03T03:33:53.723+0600][35.289s][info][gc,phases   ] GC(32) Concurrent Mark 671.804ms
[2026-04-03T03:33:53.725+0600][35.292s][info][gc,phases   ] GC(32) Pause Mark End 0.043ms
[2026-04-03T03:33:53.726+0600][35.292s][info][gc,phases   ] GC(32) Concurrent Mark Free 0.002ms
[2026-04-03T03:33:53.739+0600][35.305s][info][gc,phases   ] GC(32) Concurrent Process Non-Strong References 12.669ms
[2026-04-03T03:33:53.739+0600][35.305s][info][gc,phases   ] GC(32) Concurrent Reset Relocation Set 0.038ms
[2026-04-03T03:33:53.748+0600][35.315s][info][gc,phases   ] GC(32) Concurrent Select Relocation Set 9.409ms
[2026-04-03T03:33:53.749+0600][35.315s][info][gc,phases   ] GC(32) Pause Relocate Start 0.027ms
[2026-04-03T03:33:53.828+0600][35.395s][info][gc,phases   ] GC(32) Concurrent Relocate 79.143ms
[2026-04-03T03:33:53.828+0600][35.395s][info][gc,load     ] GC(32) Load: 4.59/4.31/4.77
[2026-04-03T03:33:53.828+0600][35.395s][info][gc,mmu      ] GC(32) MMU: 2ms/93.8%, 5ms/97.5%, 10ms/98.5%, 20ms/99.2%, 50ms/99.7%, 100ms/99.8%
[2026-04-03T03:33:53.828+0600][35.395s][info][gc,marking  ] GC(32) Mark: 2 stripe(s), 5 proactive flush(es), 1 terminate flush(es), 0 completion(s), 0 continuation(s) 
[2026-04-03T03:33:53.828+0600][35.395s][info][gc,marking  ] GC(32) Mark Stack Usage: 32M
[2026-04-03T03:33:53.828+0600][35.395s][info][gc,nmethod  ] GC(32) NMethods: 6163 registered, 371 unregistered
[2026-04-03T03:33:53.828+0600][35.395s][info][gc,metaspace] GC(32) Metaspace: 70M used, 71M committed, 1088M reserved
[2026-04-03T03:33:53.828+0600][35.395s][info][gc,ref      ] GC(32) Soft: 3278 encountered, 0 discovered, 0 enqueued
[2026-04-03T03:33:53.828+0600][35.395s][info][gc,ref      ] GC(32) Weak: 6057 encountered, 2136 discovered, 7 enqueued
[2026-04-03T03:33:53.828+0600][35.395s][info][gc,ref      ] GC(32) Final: 82 encountered, 50 discovered, 0 enqueued
[2026-04-03T03:33:53.828+0600][35.395s][info][gc,ref      ] GC(32) Phantom: 594 encountered, 507 discovered, 0 enqueued
[2026-04-03T03:33:53.828+0600][35.395s][info][gc,reloc    ] GC(32) Small Pages: 237 / 474M, Empty: 6M, Relocated: 29M, In-Place: 0
[2026-04-03T03:33:53.828+0600][35.395s][info][gc,reloc    ] GC(32) Medium Pages: 2 / 64M, Empty: 0M, Relocated: 18M, In-Place: 0
[2026-04-03T03:33:53.828+0600][35.395s][info][gc,reloc    ] GC(32) Large Pages: 3 / 18M, Empty: 6M, Relocated: 0M, In-Place: 0
[2026-04-03T03:33:53.828+0600][35.395s][info][gc,reloc    ] GC(32) Forwarding Usage: 27M
[2026-04-03T03:33:53.828+0600][35.395s][info][gc,heap     ] GC(32) Min Capacity: 8M(0%)
[2026-04-03T03:33:53.828+0600][35.395s][info][gc,heap     ] GC(32) Max Capacity: 1750M(100%)
[2026-04-03T03:33:53.828+0600][35.395s][info][gc,heap     ] GC(32) Soft Max Capacity: 1750M(100%)
[2026-04-03T03:33:53.828+0600][35.395s][info][gc,heap     ] GC(32)                Mark Start          Mark End        Relocate Start      Relocate End           High               Low         
[2026-04-03T03:33:53.828+0600][35.395s][info][gc,heap     ] GC(32)  Capacity:     1750M (100%)       1750M (100%)       1750M (100%)       1750M (100%)       1750M (100%)       1750M (100%)   
[2026-04-03T03:33:53.828+0600][35.395s][info][gc,heap     ] GC(32)      Free:     1194M (68%)        1020M (58%)        1026M (59%)        1250M (71%)        1250M (71%)         988M (56%)    
[2026-04-03T03:33:53.829+0600][35.395s][info][gc,heap     ] GC(32)      Used:      556M (32%)         730M (42%)         724M (41%)         500M (29%)         762M (44%)         500M (29%)    
[2026-04-03T03:33:53.829+0600][35.395s][info][gc,heap     ] GC(32)      Live:         -               252M (14%)         252M (14%)         252M (14%)            -                  -          
[2026-04-03T03:33:53.829+0600][35.395s][info][gc,heap     ] GC(32) Allocated:         -               174M (10%)         180M (10%)         204M (12%)            -                  -          
[2026-04-03T03:33:53.829+0600][35.395s][info][gc,heap     ] GC(32)   Garbage:         -               303M (17%)         291M (17%)          42M (2%)             -                  -          
[2026-04-03T03:33:53.829+0600][35.395s][info][gc,heap     ] GC(32) Reclaimed:         -                  -                12M (1%)          260M (15%)            -                  -          
[2026-04-03T03:33:53.829+0600][35.395s][info][gc          ] GC(32) Garbage Collection (Allocation Rate) 556M(32%)->500M(29%)
[2026-04-03T03:33:53.850+0600][35.416s][info][gc,start    ] GC(33) Garbage Collection (Allocation Rate)
[2026-04-03T03:33:53.850+0600][35.416s][info][gc,task     ] GC(33) Using 3 workers
[2026-04-03T03:33:53.850+0600][35.417s][info][gc,phases   ] GC(33) Pause Mark Start 0.018ms
[2026-04-03T03:33:54.266+0600][35.833s][info][gc,phases   ] GC(33) Concurrent Mark 415.840ms
[2026-04-03T03:33:54.266+0600][35.833s][info][gc,phases   ] GC(33) Pause Mark End 0.029ms
[2026-04-03T03:33:54.267+0600][35.833s][info][gc,phases   ] GC(33) Concurrent Mark Free 0.003ms
[2026-04-03T03:33:54.275+0600][35.842s][info][gc,phases   ] GC(33) Concurrent Process Non-Strong References 8.342ms
[2026-04-03T03:33:54.275+0600][35.842s][info][gc,phases   ] GC(33) Concurrent Reset Relocation Set 0.020ms
[2026-04-03T03:33:54.282+0600][35.848s][info][gc,phases   ] GC(33) Concurrent Select Relocation Set 6.427ms
[2026-04-03T03:33:54.282+0600][35.849s][info][gc,phases   ] GC(33) Pause Relocate Start 0.015ms
[2026-04-03T03:33:54.324+0600][35.891s][info][gc,phases   ] GC(33) Concurrent Relocate 42.066ms
[2026-04-03T03:33:54.324+0600][35.891s][info][gc,load     ] GC(33) Load: 4.59/4.31/4.77
[2026-04-03T03:33:54.324+0600][35.891s][info][gc,mmu      ] GC(33) MMU: 2ms/93.8%, 5ms/97.5%, 10ms/98.5%, 20ms/99.2%, 50ms/99.7%, 100ms/99.8%
[2026-04-03T03:33:54.324+0600][35.891s][info][gc,marking  ] GC(33) Mark: 2 stripe(s), 10 proactive flush(es), 1 terminate flush(es), 0 completion(s), 0 continuation(s) 
[2026-04-03T03:33:54.324+0600][35.891s][info][gc,marking  ] GC(33) Mark Stack Usage: 32M
[2026-04-03T03:33:54.324+0600][35.891s][info][gc,nmethod  ] GC(33) NMethods: 6237 registered, 404 unregistered
[2026-04-03T03:33:54.324+0600][35.891s][info][gc,metaspace] GC(33) Metaspace: 70M used, 71M committed, 1088M reserved
[2026-04-03T03:33:54.324+0600][35.891s][info][gc,ref      ] GC(33) Soft: 3325 encountered, 0 discovered, 0 enqueued
[2026-04-03T03:33:54.325+0600][35.891s][info][gc,ref      ] GC(33) Weak: 6232 encountered, 2484 discovered, 44 enqueued
[2026-04-03T03:33:54.325+0600][35.891s][info][gc,ref      ] GC(33) Final: 84 encountered, 84 discovered, 0 enqueued
[2026-04-03T03:33:54.325+0600][35.891s][info][gc,ref      ] GC(33) Phantom: 599 encountered, 465 discovered, 0 enqueued
[2026-04-03T03:33:54.325+0600][35.891s][info][gc,reloc    ] GC(33) Small Pages: 168 / 336M, Empty: 36M, Relocated: 22M, In-Place: 0
[2026-04-03T03:33:54.325+0600][35.891s][info][gc,reloc    ] GC(33) Medium Pages: 4 / 128M, Empty: 0M, Relocated: 25M, In-Place: 0
[2026-04-03T03:33:54.325+0600][35.891s][info][gc,reloc    ] GC(33) Large Pages: 9 / 54M, Empty: 36M, Relocated: 0M, In-Place: 0
[2026-04-03T03:33:54.325+0600][35.891s][info][gc,reloc    ] GC(33) Forwarding Usage: 18M
[2026-04-03T03:33:54.325+0600][35.891s][info][gc,heap     ] GC(33) Min Capacity: 8M(0%)
[2026-04-03T03:33:54.325+0600][35.891s][info][gc,heap     ] GC(33) Max Capacity: 1750M(100%)
[2026-04-03T03:33:54.325+0600][35.891s][info][gc,heap     ] GC(33) Soft Max Capacity: 1750M(100%)
[2026-04-03T03:33:54.325+0600][35.891s][info][gc,heap     ] GC(33)                Mark Start          Mark End        Relocate Start      Relocate End           High               Low         
[2026-04-03T03:33:54.325+0600][35.891s][info][gc,heap     ] GC(33)  Capacity:     1750M (100%)       1750M (100%)       1750M (100%)       1750M (100%)       1750M (100%)       1750M (100%)   
[2026-04-03T03:33:54.325+0600][35.891s][info][gc,heap     ] GC(33)      Free:     1232M (70%)         924M (53%)         996M (57%)        1146M (65%)        1232M (70%)         924M (53%)    
[2026-04-03T03:33:54.325+0600][35.891s][info][gc,heap     ] GC(33)      Used:      518M (30%)         826M (47%)         754M (43%)         604M (35%)         826M (47%)         518M (30%)    
[2026-04-03T03:33:54.325+0600][35.891s][info][gc,heap     ] GC(33)      Live:         -               238M (14%)         238M (14%)         238M (14%)            -                  -          
[2026-04-03T03:33:54.325+0600][35.891s][info][gc,heap     ] GC(33) Allocated:         -               308M (18%)         308M (18%)         323M (19%)            -                  -          
[2026-04-03T03:33:54.325+0600][35.891s][info][gc,heap     ] GC(33)   Garbage:         -               279M (16%)         207M (12%)          41M (2%)             -                  -          
[2026-04-03T03:33:54.325+0600][35.891s][info][gc,heap     ] GC(33) Reclaimed:         -                  -                72M (4%)          237M (14%)            -                  -          
[2026-04-03T03:33:54.325+0600][35.891s][info][gc          ] GC(33) Garbage Collection (Allocation Rate) 518M(30%)->604M(35%)
[2026-04-03T03:33:54.350+0600][35.917s][info][gc,start    ] GC(34) Garbage Collection (Allocation Rate)
[2026-04-03T03:33:54.350+0600][35.917s][info][gc,task     ] GC(34) Using 3 workers
[2026-04-03T03:33:54.351+0600][35.917s][info][gc,phases   ] GC(34) Pause Mark Start 0.010ms
[2026-04-03T03:33:54.651+0600][36.217s][info][gc,phases   ] GC(34) Concurrent Mark 300.104ms
[2026-04-03T03:33:54.651+0600][36.218s][info][gc,phases   ] GC(34) Pause Mark End 0.027ms
[2026-04-03T03:33:54.651+0600][36.218s][info][gc,phases   ] GC(34) Concurrent Mark Free 0.002ms
[2026-04-03T03:33:54.660+0600][36.227s][info][gc,phases   ] GC(34) Concurrent Process Non-Strong References 9.058ms
[2026-04-03T03:33:54.660+0600][36.227s][info][gc,phases   ] GC(34) Concurrent Reset Relocation Set 0.020ms
[2026-04-03T03:33:54.671+0600][36.238s][info][gc,phases   ] GC(34) Concurrent Select Relocation Set 10.865ms
[2026-04-03T03:33:54.672+0600][36.238s][info][gc,phases   ] GC(34) Pause Relocate Start 0.017ms
[2026-04-03T03:33:54.730+0600][36.296s][info][gc,phases   ] GC(34) Concurrent Relocate 58.223ms
[2026-04-03T03:33:54.730+0600][36.297s][info][gc,load     ] GC(34) Load: 4.59/4.31/4.77
[2026-04-03T03:33:54.730+0600][36.297s][info][gc,mmu      ] GC(34) MMU: 2ms/93.8%, 5ms/97.5%, 10ms/98.5%, 20ms/99.2%, 50ms/99.7%, 100ms/99.8%
[2026-04-03T03:33:54.730+0600][36.297s][info][gc,marking  ] GC(34) Mark: 2 stripe(s), 3 proactive flush(es), 1 terminate flush(es), 0 completion(s), 0 continuation(s) 
[2026-04-03T03:33:54.730+0600][36.297s][info][gc,marking  ] GC(34) Mark Stack Usage: 32M
[2026-04-03T03:33:54.730+0600][36.297s][info][gc,nmethod  ] GC(34) NMethods: 6289 registered, 415 unregistered
[2026-04-03T03:33:54.730+0600][36.297s][info][gc,metaspace] GC(34) Metaspace: 70M used, 71M committed, 1088M reserved
[2026-04-03T03:33:54.730+0600][36.297s][info][gc,ref      ] GC(34) Soft: 3324 encountered, 0 discovered, 0 enqueued
[2026-04-03T03:33:54.730+0600][36.297s][info][gc,ref      ] GC(34) Weak: 6212 encountered, 4171 discovered, 10 enqueued
[2026-04-03T03:33:54.730+0600][36.297s][info][gc,ref      ] GC(34) Final: 84 encountered, 50 discovered, 0 enqueued
[2026-04-03T03:33:54.730+0600][36.297s][info][gc,ref      ] GC(34) Phantom: 599 encountered, 532 discovered, 0 enqueued
[2026-04-03T03:33:54.730+0600][36.297s][info][gc,reloc    ] GC(34) Small Pages: 219 / 438M, Empty: 4M, Relocated: 32M, In-Place: 0
[2026-04-03T03:33:54.730+0600][36.297s][info][gc,reloc    ] GC(34) Medium Pages: 4 / 128M, Empty: 0M, Relocated: 18M, In-Place: 0
[2026-04-03T03:33:54.730+0600][36.297s][info][gc,reloc    ] GC(34) Large Pages: 9 / 58M, Empty: 50M, Relocated: 0M, In-Place: 0
[2026-04-03T03:33:54.730+0600][36.297s][info][gc,reloc    ] GC(34) Forwarding Usage: 32M
[2026-04-03T03:33:54.730+0600][36.297s][info][gc,heap     ] GC(34) Min Capacity: 8M(0%)
[2026-04-03T03:33:54.730+0600][36.297s][info][gc,heap     ] GC(34) Max Capacity: 1750M(100%)
[2026-04-03T03:33:54.730+0600][36.297s][info][gc,heap     ] GC(34) Soft Max Capacity: 1750M(100%)
[2026-04-03T03:33:54.730+0600][36.297s][info][gc,heap     ] GC(34)                Mark Start          Mark End        Relocate Start      Relocate End           High               Low         
[2026-04-03T03:33:54.730+0600][36.297s][info][gc,heap     ] GC(34)  Capacity:     1750M (100%)       1750M (100%)       1750M (100%)       1750M (100%)       1750M (100%)       1750M (100%)   
[2026-04-03T03:33:54.730+0600][36.297s][info][gc,heap     ] GC(34)      Free:     1126M (64%)         840M (48%)         872M (50%)        1086M (62%)        1126M (64%)         824M (47%)    
[2026-04-03T03:33:54.730+0600][36.297s][info][gc,heap     ] GC(34)      Used:      624M (36%)         910M (52%)         878M (50%)         664M (38%)         926M (53%)         624M (36%)    
[2026-04-03T03:33:54.730+0600][36.297s][info][gc,heap     ] GC(34)      Live:         -               230M (13%)         230M (13%)         230M (13%)            -                  -          
[2026-04-03T03:33:54.730+0600][36.297s][info][gc,heap     ] GC(34) Allocated:         -               286M (16%)         308M (18%)         379M (22%)            -                  -          
[2026-04-03T03:33:54.730+0600][36.297s][info][gc,heap     ] GC(34)   Garbage:         -               393M (22%)         339M (19%)          53M (3%)             -                  -          
[2026-04-03T03:33:54.730+0600][36.297s][info][gc,heap     ] GC(34) Reclaimed:         -                  -                54M (3%)          339M (19%)            -                  -          
[2026-04-03T03:33:54.730+0600][36.297s][info][gc          ] GC(34) Garbage Collection (Allocation Rate) 624M(36%)->664M(38%)
[2026-04-03T03:33:54.751+0600][36.317s][info][gc,start    ] GC(35) Garbage Collection (Allocation Rate)
[2026-04-03T03:33:54.751+0600][36.317s][info][gc,task     ] GC(35) Using 3 workers
[2026-04-03T03:33:54.751+0600][36.317s][info][gc,phases   ] GC(35) Pause Mark Start 0.009ms
[2026-04-03T03:33:55.108+0600][36.674s][info][gc,phases   ] GC(35) Concurrent Mark 356.788ms
[2026-04-03T03:33:55.108+0600][36.675s][info][gc,phases   ] GC(35) Pause Mark End 0.020ms
[2026-04-03T03:33:55.108+0600][36.675s][info][gc,phases   ] GC(35) Concurrent Mark Free 0.002ms
[2026-04-03T03:33:55.114+0600][36.681s][info][gc,phases   ] GC(35) Concurrent Process Non-Strong References 6.242ms
[2026-04-03T03:33:55.115+0600][36.681s][info][gc,phases   ] GC(35) Concurrent Reset Relocation Set 0.016ms
[2026-04-03T03:33:55.119+0600][36.686s][info][gc,phases   ] GC(35) Concurrent Select Relocation Set 4.737ms
[2026-04-03T03:33:55.120+0600][36.686s][info][gc,phases   ] GC(35) Pause Relocate Start 0.011ms
[2026-04-03T03:33:55.137+0600][36.704s][info][gc,phases   ] GC(35) Concurrent Relocate 17.315ms
[2026-04-03T03:33:55.137+0600][36.704s][info][gc,load     ] GC(35) Load: 4.59/4.31/4.77
[2026-04-03T03:33:55.137+0600][36.704s][info][gc,mmu      ] GC(35) MMU: 2ms/93.8%, 5ms/97.5%, 10ms/98.5%, 20ms/99.2%, 50ms/99.7%, 100ms/99.8%
[2026-04-03T03:33:55.137+0600][36.704s][info][gc,marking  ] GC(35) Mark: 2 stripe(s), 2 proactive flush(es), 1 terminate flush(es), 0 completion(s), 0 continuation(s) 
[2026-04-03T03:33:55.137+0600][36.704s][info][gc,marking  ] GC(35) Mark Stack Usage: 32M
[2026-04-03T03:33:55.137+0600][36.704s][info][gc,nmethod  ] GC(35) NMethods: 6374 registered, 448 unregistered
[2026-04-03T03:33:55.137+0600][36.704s][info][gc,metaspace] GC(35) Metaspace: 70M used, 71M committed, 1088M reserved
[2026-04-03T03:33:55.137+0600][36.704s][info][gc,ref      ] GC(35) Soft: 3328 encountered, 0 discovered, 0 enqueued
[2026-04-03T03:33:55.137+0600][36.704s][info][gc,ref      ] GC(35) Weak: 6220 encountered, 988 discovered, 147 enqueued
[2026-04-03T03:33:55.137+0600][36.704s][info][gc,ref      ] GC(35) Final: 84 encountered, 1 discovered, 0 enqueued
[2026-04-03T03:33:55.137+0600][36.704s][info][gc,ref      ] GC(35) Phantom: 599 encountered, 432 discovered, 0 enqueued
[2026-04-03T03:33:55.137+0600][36.704s][info][gc,reloc    ] GC(35) Small Pages: 280 / 560M, Empty: 208M, Relocated: 15M, In-Place: 0
[2026-04-03T03:33:55.137+0600][36.704s][info][gc,reloc    ] GC(35) Medium Pages: 3 / 96M, Empty: 64M, Relocated: 0M, In-Place: 0
[2026-04-03T03:33:55.137+0600][36.704s][info][gc,reloc    ] GC(35) Large Pages: 6 / 38M, Empty: 20M, Relocated: 0M, In-Place: 0
[2026-04-03T03:33:55.137+0600][36.704s][info][gc,reloc    ] GC(35) Forwarding Usage: 13M
[2026-04-03T03:33:55.137+0600][36.704s][info][gc,heap     ] GC(35) Min Capacity: 8M(0%)
[2026-04-03T03:33:55.137+0600][36.704s][info][gc,heap     ] GC(35) Max Capacity: 1750M(100%)
[2026-04-03T03:33:55.137+0600][36.704s][info][gc,heap     ] GC(35) Soft Max Capacity: 1750M(100%)
[2026-04-03T03:33:55.137+0600][36.704s][info][gc,heap     ] GC(35)                Mark Start          Mark End        Relocate Start      Relocate End           High               Low         
[2026-04-03T03:33:55.137+0600][36.704s][info][gc,heap     ] GC(35)  Capacity:     1750M (100%)       1750M (100%)       1750M (100%)       1750M (100%)       1750M (100%)       1750M (100%)   
[2026-04-03T03:33:55.137+0600][36.704s][info][gc,heap     ] GC(35)      Free:     1056M (60%)         610M (35%)         894M (51%)        1000M (57%)        1056M (60%)         610M (35%)    
[2026-04-03T03:33:55.137+0600][36.704s][info][gc,heap     ] GC(35)      Used:      694M (40%)        1140M (65%)         856M (49%)         750M (43%)        1140M (65%)         694M (40%)    
[2026-04-03T03:33:55.137+0600][36.704s][info][gc,heap     ] GC(35)      Live:         -               251M (14%)         251M (14%)         251M (14%)            -                  -          
[2026-04-03T03:33:55.137+0600][36.704s][info][gc,heap     ] GC(35) Allocated:         -               446M (25%)         454M (26%)         455M (26%)            -                  -          
[2026-04-03T03:33:55.137+0600][36.704s][info][gc,heap     ] GC(35)   Garbage:         -               442M (25%)         150M (9%)           42M (2%)             -                  -          
[2026-04-03T03:33:55.137+0600][36.704s][info][gc,heap     ] GC(35) Reclaimed:         -                  -               292M (17%)         399M (23%)            -                  -          
[2026-04-03T03:33:55.137+0600][36.704s][info][gc          ] GC(35) Garbage Collection (Allocation Rate) 694M(40%)->750M(43%)
[2026-04-03T03:33:55.138+0600][36.704s][info][gc,start    ] GC(36) Garbage Collection (System.gc())
[2026-04-03T03:33:55.138+0600][36.704s][info][gc,task     ] GC(36) Using 3 workers
[2026-04-03T03:33:55.138+0600][36.704s][info][gc,phases   ] GC(36) Pause Mark Start 0.011ms
[2026-04-03T03:33:55.323+0600][36.890s][info][gc,phases   ] GC(36) Concurrent Mark 185.284ms
[2026-04-03T03:33:55.323+0600][36.890s][info][gc,phases   ] GC(36) Pause Mark End 0.029ms
[2026-04-03T03:33:55.323+0600][36.890s][info][gc,phases   ] GC(36) Concurrent Mark Free 0.001ms
[2026-04-03T03:33:55.330+0600][36.897s][info][gc,phases   ] GC(36) Concurrent Process Non-Strong References 6.699ms
[2026-04-03T03:33:55.330+0600][36.897s][info][gc,phases   ] GC(36) Concurrent Reset Relocation Set 0.013ms
[2026-04-03T03:33:55.335+0600][36.901s][info][gc,phases   ] GC(36) Concurrent Select Relocation Set 4.343ms
[2026-04-03T03:33:55.335+0600][36.901s][info][gc,phases   ] GC(36) Pause Relocate Start 0.012ms
[2026-04-03T03:33:55.340+0600][36.907s][info][gc,phases   ] GC(36) Concurrent Relocate 4.981ms
[2026-04-03T03:33:55.340+0600][36.907s][info][gc,load     ] GC(36) Load: 4.59/4.31/4.77
[2026-04-03T03:33:55.340+0600][36.907s][info][gc,mmu      ] GC(36) MMU: 2ms/93.8%, 5ms/97.5%, 10ms/98.5%, 20ms/99.2%, 50ms/99.7%, 100ms/99.8%
[2026-04-03T03:33:55.340+0600][36.907s][info][gc,marking  ] GC(36) Mark: 2 stripe(s), 2 proactive flush(es), 1 terminate flush(es), 0 completion(s), 0 continuation(s) 
[2026-04-03T03:33:55.340+0600][36.907s][info][gc,marking  ] GC(36) Mark Stack Usage: 32M
[2026-04-03T03:33:55.340+0600][36.907s][info][gc,nmethod  ] GC(36) NMethods: 6341 registered, 500 unregistered
[2026-04-03T03:33:55.340+0600][36.907s][info][gc,metaspace] GC(36) Metaspace: 70M used, 71M committed, 1088M reserved
[2026-04-03T03:33:55.340+0600][36.907s][info][gc,ref      ] GC(36) Soft: 3332 encountered, 0 discovered, 0 enqueued
[2026-04-03T03:33:55.340+0600][36.907s][info][gc,ref      ] GC(36) Weak: 6167 encountered, 2588 discovered, 35 enqueued
[2026-04-03T03:33:55.340+0600][36.907s][info][gc,ref      ] GC(36) Final: 84 encountered, 64 discovered, 0 enqueued
[2026-04-03T03:33:55.340+0600][36.907s][info][gc,ref      ] GC(36) Phantom: 599 encountered, 432 discovered, 0 enqueued
[2026-04-03T03:33:55.340+0600][36.907s][info][gc,reloc    ] GC(36) Small Pages: 347 / 694M, Empty: 464M, Relocated: 6M, In-Place: 0
[2026-04-03T03:33:55.340+0600][36.907s][info][gc,reloc    ] GC(36) Medium Pages: 1 / 32M, Empty: 0M, Relocated: 0M, In-Place: 0
[2026-04-03T03:33:55.340+0600][36.907s][info][gc,reloc    ] GC(36) Large Pages: 4 / 24M, Empty: 24M, Relocated: 0M, In-Place: 0
[2026-04-03T03:33:55.340+0600][36.907s][info][gc,reloc    ] GC(36) Forwarding Usage: 3M
[2026-04-03T03:33:55.340+0600][36.907s][info][gc,heap     ] GC(36) Min Capacity: 8M(0%)
[2026-04-03T03:33:55.340+0600][36.907s][info][gc,heap     ] GC(36) Max Capacity: 1750M(100%)
[2026-04-03T03:33:55.340+0600][36.907s][info][gc,heap     ] GC(36) Soft Max Capacity: 1750M(100%)
[2026-04-03T03:33:55.340+0600][36.907s][info][gc,heap     ] GC(36)                Mark Start          Mark End        Relocate Start      Relocate End           High               Low         
[2026-04-03T03:33:55.340+0600][36.907s][info][gc,heap     ] GC(36)  Capacity:     1750M (100%)       1750M (100%)       1750M (100%)       1750M (100%)       1750M (100%)       1750M (100%)   
[2026-04-03T03:33:55.340+0600][36.907s][info][gc,heap     ] GC(36)      Free:     1000M (57%)         992M (57%)        1474M (84%)        1518M (87%)        1522M (87%)         992M (57%)    
[2026-04-03T03:33:55.340+0600][36.907s][info][gc,heap     ] GC(36)      Used:      750M (43%)         758M (43%)         276M (16%)         232M (13%)         758M (43%)         228M (13%)    
[2026-04-03T03:33:55.340+0600][36.907s][info][gc,heap     ] GC(36)      Live:         -               169M (10%)         169M (10%)         169M (10%)            -                  -          
[2026-04-03T03:33:55.340+0600][36.907s][info][gc,heap     ] GC(36) Allocated:         -                 8M (0%)           14M (1%)           19M (1%)             -                  -          
[2026-04-03T03:33:55.340+0600][36.907s][info][gc,heap     ] GC(36)   Garbage:         -               580M (33%)          92M (5%)           42M (2%)             -                  -          
[2026-04-03T03:33:55.340+0600][36.907s][info][gc,heap     ] GC(36) Reclaimed:         -                  -               488M (28%)         537M (31%)            -                  -          
[2026-04-03T03:33:55.340+0600][36.907s][info][gc          ] GC(36) Garbage Collection (System.gc()) 750M(43%)->232M(13%)
[2026-04-03T03:33:55.750+0600][37.316s][info][gc,start    ] GC(37) Garbage Collection (Allocation Rate)
[2026-04-03T03:33:55.750+0600][37.316s][info][gc,task     ] GC(37) Using 3 workers
[2026-04-03T03:33:55.750+0600][37.317s][info][gc,phases   ] GC(37) Pause Mark Start 0.013ms
[2026-04-03T03:33:56.313+0600][37.880s][info][gc,phases   ] GC(37) Concurrent Mark 562.732ms
[2026-04-03T03:33:56.313+0600][37.880s][info][gc,phases   ] GC(37) Pause Mark End 0.072ms
[2026-04-03T03:33:56.314+0600][37.880s][info][gc,phases   ] GC(37) Concurrent Mark Free 0.002ms
[2026-04-03T03:33:56.326+0600][37.893s][info][gc,phases   ] GC(37) Concurrent Process Non-Strong References 12.183ms
[2026-04-03T03:33:56.326+0600][37.893s][info][gc,phases   ] GC(37) Concurrent Reset Relocation Set 0.011ms
[2026-04-03T03:33:56.367+0600][37.933s][info][gc,phases   ] GC(37) Concurrent Select Relocation Set 40.619ms
[2026-04-03T03:33:56.367+0600][37.934s][info][gc,phases   ] GC(37) Pause Relocate Start 0.022ms
[2026-04-03T03:33:56.509+0600][38.075s][info][gc,phases   ] GC(37) Concurrent Relocate 141.139ms
[2026-04-03T03:33:56.509+0600][38.075s][info][gc,load     ] GC(37) Load: 4.46/4.28/4.76
[2026-04-03T03:33:56.509+0600][38.075s][info][gc,mmu      ] GC(37) MMU: 2ms/93.8%, 5ms/97.5%, 10ms/98.5%, 20ms/99.2%, 50ms/99.7%, 100ms/99.8%
[2026-04-03T03:33:56.509+0600][38.075s][info][gc,marking  ] GC(37) Mark: 2 stripe(s), 5 proactive flush(es), 1 terminate flush(es), 0 completion(s), 0 continuation(s) 
[2026-04-03T03:33:56.509+0600][38.075s][info][gc,marking  ] GC(37) Mark Stack Usage: 32M
[2026-04-03T03:33:56.509+0600][38.075s][info][gc,nmethod  ] GC(37) NMethods: 6442 registered, 511 unregistered
[2026-04-03T03:33:56.509+0600][38.075s][info][gc,metaspace] GC(37) Metaspace: 70M used, 71M committed, 1088M reserved
[2026-04-03T03:33:56.509+0600][38.075s][info][gc,ref      ] GC(37) Soft: 3411 encountered, 0 discovered, 0 enqueued
[2026-04-03T03:33:56.509+0600][38.075s][info][gc,ref      ] GC(37) Weak: 6361 encountered, 4132 discovered, 42 enqueued
[2026-04-03T03:33:56.509+0600][38.075s][info][gc,ref      ] GC(37) Final: 84 encountered, 52 discovered, 0 enqueued
[2026-04-03T03:33:56.509+0600][38.075s][info][gc,ref      ] GC(37) Phantom: 599 encountered, 427 discovered, 0 enqueued
[2026-04-03T03:33:56.509+0600][38.075s][info][gc,reloc    ] GC(37) Small Pages: 360 / 720M, Empty: 0M, Relocated: 103M, In-Place: 0
[2026-04-03T03:33:56.509+0600][38.075s][info][gc,reloc    ] GC(37) Medium Pages: 2 / 64M, Empty: 0M, Relocated: 17M, In-Place: 0
[2026-04-03T03:33:56.509+0600][38.075s][info][gc,reloc    ] GC(37) Large Pages: 7 / 54M, Empty: 24M, Relocated: 0M, In-Place: 0
[2026-04-03T03:33:56.509+0600][38.075s][info][gc,reloc    ] GC(37) Forwarding Usage: 68M
[2026-04-03T03:33:56.509+0600][38.075s][info][gc,heap     ] GC(37) Min Capacity: 8M(0%)
[2026-04-03T03:33:56.509+0600][38.075s][info][gc,heap     ] GC(37) Max Capacity: 1750M(100%)
[2026-04-03T03:33:56.509+0600][38.075s][info][gc,heap     ] GC(37) Soft Max Capacity: 1750M(100%)
[2026-04-03T03:33:56.509+0600][38.075s][info][gc,heap     ] GC(37)                Mark Start          Mark End        Relocate Start      Relocate End           High               Low         
[2026-04-03T03:33:56.509+0600][38.076s][info][gc,heap     ] GC(37)  Capacity:     1750M (100%)       1750M (100%)       1750M (100%)       1750M (100%)       1750M (100%)       1750M (100%)   
[2026-04-03T03:33:56.509+0600][38.076s][info][gc,heap     ] GC(37)      Free:      912M (52%)         368M (21%)         332M (19%)         696M (40%)         912M (52%)         296M (17%)    
[2026-04-03T03:33:56.509+0600][38.076s][info][gc,heap     ] GC(37)      Used:      838M (48%)        1382M (79%)        1418M (81%)        1054M (60%)        1454M (83%)         838M (48%)    
[2026-04-03T03:33:56.509+0600][38.076s][info][gc,heap     ] GC(37)      Live:         -               319M (18%)         319M (18%)         319M (18%)            -                  -          
[2026-04-03T03:33:56.509+0600][38.076s][info][gc,heap     ] GC(37) Allocated:         -               544M (31%)         604M (35%)         694M (40%)            -                  -          
[2026-04-03T03:33:56.509+0600][38.076s][info][gc,heap     ] GC(37)   Garbage:         -               518M (30%)         494M (28%)          39M (2%)             -                  -          
[2026-04-03T03:33:56.509+0600][38.076s][info][gc,heap     ] GC(37) Reclaimed:         -                  -                24M (1%)          478M (27%)            -                  -          
[2026-04-03T03:33:56.509+0600][38.076s][info][gc          ] GC(37) Garbage Collection (Allocation Rate) 838M(48%)->1054M(60%)
[2026-04-03T03:33:56.551+0600][38.117s][info][gc,start    ] GC(38) Garbage Collection (Allocation Rate)
[2026-04-03T03:33:56.551+0600][38.117s][info][gc,task     ] GC(38) Using 3 workers
[2026-04-03T03:33:56.551+0600][38.118s][info][gc,phases   ] GC(38) Pause Mark Start 0.012ms
[2026-04-03T03:33:57.480+0600][39.047s][info][gc,phases   ] GC(38) Concurrent Mark 928.797ms
[2026-04-03T03:33:57.480+0600][39.047s][info][gc,phases   ] GC(38) Pause Mark End 0.024ms
[2026-04-03T03:33:57.480+0600][39.047s][info][gc,phases   ] GC(38) Concurrent Mark Free 0.006ms
[2026-04-03T03:33:57.487+0600][39.054s][info][gc,phases   ] GC(38) Concurrent Process Non-Strong References 6.830ms
[2026-04-03T03:33:57.487+0600][39.054s][info][gc,phases   ] GC(38) Concurrent Reset Relocation Set 0.049ms
[2026-04-03T03:33:57.491+0600][39.057s][info][gc          ] Allocation Stall (Executor task launch worker for task 0.0 in stage 14.0 (TID 21)) 70.226ms
[2026-04-03T03:33:57.491+0600][39.057s][info][gc          ] Allocation Stall (Executor task launch worker for task 2.0 in stage 14.0 (TID 23)) 54.993ms
[2026-04-03T03:33:57.491+0600][39.057s][info][gc          ] Allocation Stall (Executor task launch worker for task 1.0 in stage 14.0 (TID 22)) 66.098ms
[2026-04-03T03:33:57.495+0600][39.062s][info][gc,phases   ] GC(38) Concurrent Select Relocation Set 7.569ms
[2026-04-03T03:33:57.495+0600][39.062s][info][gc,phases   ] GC(38) Pause Relocate Start 0.012ms
[2026-04-03T03:33:57.587+0600][39.154s][info][gc,phases   ] GC(38) Concurrent Relocate 91.616ms
[2026-04-03T03:33:57.587+0600][39.154s][info][gc,load     ] GC(38) Load: 4.46/4.28/4.76
[2026-04-03T03:33:57.587+0600][39.154s][info][gc,mmu      ] GC(38) MMU: 2ms/93.8%, 5ms/97.5%, 10ms/98.5%, 20ms/99.2%, 50ms/99.7%, 100ms/99.8%
[2026-04-03T03:33:57.587+0600][39.154s][info][gc,marking  ] GC(38) Mark: 2 stripe(s), 2 proactive flush(es), 1 terminate flush(es), 0 completion(s), 0 continuation(s) 
[2026-04-03T03:33:57.587+0600][39.154s][info][gc,marking  ] GC(38) Mark Stack Usage: 32M
[2026-04-03T03:33:57.587+0600][39.154s][info][gc,nmethod  ] GC(38) NMethods: 6442 registered, 511 unregistered
[2026-04-03T03:33:57.587+0600][39.154s][info][gc,metaspace] GC(38) Metaspace: 70M used, 71M committed, 1088M reserved
[2026-04-03T03:33:57.587+0600][39.154s][info][gc,ref      ] GC(38) Soft: 3411 encountered, 0 discovered, 0 enqueued
[2026-04-03T03:33:57.587+0600][39.154s][info][gc,ref      ] GC(38) Weak: 6320 encountered, 786 discovered, 1 enqueued
[2026-04-03T03:33:57.587+0600][39.154s][info][gc,ref      ] GC(38) Final: 84 encountered, 4 discovered, 0 enqueued
[2026-04-03T03:33:57.587+0600][39.154s][info][gc,ref      ] GC(38) Phantom: 599 encountered, 524 discovered, 0 enqueued
[2026-04-03T03:33:57.587+0600][39.154s][info][gc,reloc    ] GC(38) Small Pages: 492 / 984M, Empty: 0M, Relocated: 57M, In-Place: 0
[2026-04-03T03:33:57.587+0600][39.154s][info][gc,reloc    ] GC(38) Medium Pages: 1 / 32M, Empty: 0M, Relocated: 0M, In-Place: 0
[2026-04-03T03:33:57.587+0600][39.154s][info][gc,reloc    ] GC(38) Large Pages: 9 / 78M, Empty: 18M, Relocated: 0M, In-Place: 0
[2026-04-03T03:33:57.587+0600][39.154s][info][gc,reloc    ] GC(38) Forwarding Usage: 48M
[2026-04-03T03:33:57.587+0600][39.154s][info][gc,heap     ] GC(38) Min Capacity: 8M(0%)
[2026-04-03T03:33:57.587+0600][39.154s][info][gc,heap     ] GC(38) Max Capacity: 1750M(100%)
[2026-04-03T03:33:57.587+0600][39.154s][info][gc,heap     ] GC(38) Soft Max Capacity: 1750M(100%)
[2026-04-03T03:33:57.587+0600][39.154s][info][gc,heap     ] GC(38)                Mark Start          Mark End        Relocate Start      Relocate End           High               Low         
[2026-04-03T03:33:57.587+0600][39.154s][info][gc,heap     ] GC(38)  Capacity:     1750M (100%)       1750M (100%)       1750M (100%)       1750M (100%)       1750M (100%)       1750M (100%)   
[2026-04-03T03:33:57.587+0600][39.154s][info][gc,heap     ] GC(38)      Free:      656M (37%)           0M (0%)           12M (1%)          602M (34%)         656M (37%)           0M (0%)     
[2026-04-03T03:33:57.588+0600][39.154s][info][gc,heap     ] GC(38)      Used:     1094M (63%)        1750M (100%)       1738M (99%)        1148M (66%)        1750M (100%)       1094M (63%)    
[2026-04-03T03:33:57.588+0600][39.154s][info][gc,heap     ] GC(38)      Live:         -               383M (22%)         383M (22%)         383M (22%)            -                  -          
[2026-04-03T03:33:57.588+0600][39.154s][info][gc,heap     ] GC(38) Allocated:         -               656M (37%)         662M (38%)         718M (41%)            -                  -          
[2026-04-03T03:33:57.588+0600][39.154s][info][gc,heap     ] GC(38)   Garbage:         -               710M (41%)         692M (40%)          45M (3%)             -                  -          
[2026-04-03T03:33:57.588+0600][39.154s][info][gc,heap     ] GC(38) Reclaimed:         -                  -                18M (1%)          664M (38%)            -                  -          
[2026-04-03T03:33:57.588+0600][39.154s][info][gc          ] GC(38) Garbage Collection (Allocation Rate) 1094M(63%)->1148M(66%)
[2026-04-03T03:33:57.650+0600][39.217s][info][gc,start    ] GC(39) Garbage Collection (Allocation Stall)
[2026-04-03T03:33:57.651+0600][39.217s][info][gc,ref      ] GC(39) Clearing All SoftReferences
[2026-04-03T03:33:57.651+0600][39.217s][info][gc,task     ] GC(39) Using 3 workers
[2026-04-03T03:33:57.651+0600][39.217s][info][gc,ref      ] GC(39) Clearing All SoftReferences
[2026-04-03T03:33:57.651+0600][39.217s][info][gc,phases   ] GC(39) Pause Mark Start 0.048ms
[2026-04-03T03:33:58.551+0600][40.117s][info][gc,stats    ] === Garbage Collection Statistics =======================================================================================================================
[2026-04-03T03:33:58.551+0600][40.117s][info][gc,stats    ]                                                              Last 10s              Last 10m              Last 10h                Total
[2026-04-03T03:33:58.551+0600][40.117s][info][gc,stats    ]                                                              Avg / Max             Avg / Max             Avg / Max             Avg / Max
[2026-04-03T03:33:58.551+0600][40.117s][info][gc,stats    ]   Collector: Garbage Collection Cycle                    629.851 / 1054.320    468.369 / 1693.967    468.369 / 1693.967    468.369 / 1693.967    ms
[2026-04-03T03:33:58.551+0600][40.117s][info][gc,stats    ]  Contention: Mark Segment Reset Contention                     7 / 26                4 / 26                4 / 26                4 / 26          ops/s
[2026-04-03T03:33:58.551+0600][40.117s][info][gc,stats    ]  Contention: Mark SeqNum Reset Contention                      0 / 1                 0 / 1                 0 / 1                 0 / 1           ops/s
[2026-04-03T03:33:58.551+0600][40.117s][info][gc,stats    ]    Critical: Allocation Stall                                  0 / 3                 0 / 6                 0 / 6                 0 / 6           ops/s
[2026-04-03T03:33:58.551+0600][40.117s][info][gc,stats    ]    Critical: Allocation Stall                             63.773 / 70.226      124.443 / 274.971     124.443 / 274.971     124.443 / 274.971     ms
[2026-04-03T03:33:58.551+0600][40.117s][info][gc,stats    ]    Critical: GC Locker Stall                                   0 / 0                 0 / 1                 0 / 1                 0 / 1           ops/s
[2026-04-03T03:33:58.551+0600][40.117s][info][gc,stats    ]    Critical: GC Locker Stall                               0.000 / 0.000         0.002 / 0.003         0.002 / 0.003         0.002 / 0.003       ms
[2026-04-03T03:33:58.551+0600][40.117s][info][gc,stats    ]    Critical: Relocation Stall                                  0 / 0                 0 / 0                 0 / 0                 0 / 0           ops/s
[2026-04-03T03:33:58.551+0600][40.117s][info][gc,stats    ]    Critical: Relocation Stall                              0.000 / 0.000         0.000 / 0.000         0.000 / 0.000         0.000 / 0.000       ms
[2026-04-03T03:33:58.551+0600][40.117s][info][gc,stats    ]      Memory: Allocation Rate                                 577 / 1100            495 / 2718            495 / 2718            495 / 2718        MB/s
[2026-04-03T03:33:58.551+0600][40.117s][info][gc,stats    ]      Memory: Defragment                                        7 / 64                5 / 64                5 / 64                5 / 64          ops/s
[2026-04-03T03:33:58.551+0600][40.117s][info][gc,stats    ]      Memory: Out Of Memory                                     0 / 0                 0 / 0                 0 / 0                 0 / 0           ops/s
[2026-04-03T03:33:58.551+0600][40.117s][info][gc,stats    ]      Memory: Page Cache Flush                                 51 / 146              28 / 146              28 / 146              28 / 146         MB/s
[2026-04-03T03:33:58.551+0600][40.117s][info][gc,stats    ]      Memory: Page Cache Hit L1                               267 / 566             219 / 1353            219 / 1353            219 / 1353        ops/s
[2026-04-03T03:33:58.551+0600][40.117s][info][gc,stats    ]      Memory: Page Cache Hit L2                                 0 / 0                 0 / 0                 0 / 0                 0 / 0           ops/s
[2026-04-03T03:33:58.551+0600][40.117s][info][gc,stats    ]      Memory: Page Cache Hit L3                                 7 / 50                8 / 104               8 / 104               8 / 104         ops/s
[2026-04-03T03:33:58.551+0600][40.117s][info][gc,stats    ]      Memory: Page Cache Miss                                   1 / 6                15 / 155              15 / 155              15 / 155         ops/s
[2026-04-03T03:33:58.551+0600][40.117s][info][gc,stats    ]      Memory: Uncommit                                          0 / 0                 0 / 0                 0 / 0                 0 / 0           MB/s
[2026-04-03T03:33:58.551+0600][40.118s][info][gc,stats    ]      Memory: Undo Object Allocation Failed                     0 / 0                 0 / 0                 0 / 0                 0 / 0           ops/s
[2026-04-03T03:33:58.551+0600][40.118s][info][gc,stats    ]      Memory: Undo Object Allocation Succeeded                  1 / 12                0 / 12                0 / 12                0 / 12          ops/s
[2026-04-03T03:33:58.551+0600][40.118s][info][gc,stats    ]      Memory: Undo Page Allocation                              0 / 0                 0 / 3                 0 / 3                 0 / 3           ops/s
[2026-04-03T03:33:58.551+0600][40.118s][info][gc,stats    ]       Phase: Concurrent Mark                             497.955 / 928.797     393.353 / 1112.176    393.353 / 1112.176    393.353 / 1112.176    ms
[2026-04-03T03:33:58.551+0600][40.118s][info][gc,stats    ]       Phase: Concurrent Mark Continue                      0.000 / 0.000         0.000 / 0.000         0.000 / 0.000         0.000 / 0.000       ms
[2026-04-03T03:33:58.551+0600][40.118s][info][gc,stats    ]       Phase: Concurrent Mark Free                          0.003 / 0.006         0.002 / 0.006         0.002 / 0.006         0.002 / 0.006       ms
[2026-04-03T03:33:58.551+0600][40.118s][info][gc,stats    ]       Phase: Concurrent Process Non-Strong References     12.580 / 28.386       10.392 / 28.386       10.392 / 28.386       10.392 / 28.386      ms
[2026-04-03T03:33:58.551+0600][40.118s][info][gc,stats    ]       Phase: Concurrent Relocate                          67.262 / 141.139      51.884 / 468.741      51.884 / 468.741      51.884 / 468.741     ms
[2026-04-03T03:33:58.551+0600][40.118s][info][gc,stats    ]       Phase: Concurrent Reset Relocation Set               0.031 / 0.062         0.021 / 0.114         0.021 / 0.114         0.021 / 0.114       ms
[2026-04-03T03:33:58.551+0600][40.118s][info][gc,stats    ]       Phase: Concurrent Select Relocation Set             12.716 / 40.619       10.339 / 98.465       10.339 / 98.465       10.339 / 98.465      ms
[2026-04-03T03:33:58.551+0600][40.118s][info][gc,stats    ]       Phase: Pause Mark End                                0.034 / 0.072         0.032 / 0.080         0.032 / 0.080         0.032 / 0.080       ms
[2026-04-03T03:33:58.551+0600][40.118s][info][gc,stats    ]       Phase: Pause Mark Start                              0.018 / 0.048         0.023 / 0.123         0.023 / 0.123         0.023 / 0.123       ms
[2026-04-03T03:33:58.551+0600][40.118s][info][gc,stats    ]       Phase: Pause Relocate Start                          0.023 / 0.062         0.022 / 0.121         0.022 / 0.121         0.022 / 0.121       ms
[2026-04-03T03:33:58.551+0600][40.118s][info][gc,stats    ]    Subphase: Concurrent Classes Purge                      0.172 / 0.512         0.186 / 0.955         0.186 / 0.955         0.186 / 0.955       ms
[2026-04-03T03:33:58.551+0600][40.118s][info][gc,stats    ]    Subphase: Concurrent Classes Unlink                    10.092 / 25.602        8.192 / 25.602        8.192 / 25.602        8.192 / 25.602      ms
[2026-04-03T03:33:58.551+0600][40.118s][info][gc,stats    ]    Subphase: Concurrent Mark                             496.424 / 927.405     394.031 / 1109.761    394.031 / 1109.761    394.031 / 1109.761    ms
[2026-04-03T03:33:58.551+0600][40.118s][info][gc,stats    ]    Subphase: Concurrent Mark Try Flush                     0.280 / 1.964         0.276 / 2.378         0.276 / 2.378         0.276 / 2.378       ms
[2026-04-03T03:33:58.551+0600][40.118s][info][gc,stats    ]    Subphase: Concurrent Mark Try Terminate                 0.924 / 1.223         1.079 / 1.295         1.079 / 1.295         1.079 / 1.295       ms
[2026-04-03T03:33:58.551+0600][40.118s][info][gc,stats    ]    Subphase: Concurrent References Enqueue                 0.009 / 0.016         0.005 / 0.016         0.005 / 0.016         0.005 / 0.016       ms
[2026-04-03T03:33:58.551+0600][40.118s][info][gc,stats    ]    Subphase: Concurrent References Process                 0.591 / 1.222         0.459 / 1.222         0.459 / 1.222         0.459 / 1.222       ms
[2026-04-03T03:33:58.551+0600][40.118s][info][gc,stats    ]    Subphase: Concurrent Roots ClassLoaderDataGraph         0.297 / 0.739         0.262 / 0.982         0.262 / 0.982         0.262 / 0.982       ms
[2026-04-03T03:33:58.551+0600][40.118s][info][gc,stats    ]    Subphase: Concurrent Roots CodeCache                    0.000 / 0.000         0.000 / 0.000         0.000 / 0.000         0.000 / 0.000       ms
[2026-04-03T03:33:58.551+0600][40.118s][info][gc,stats    ]    Subphase: Concurrent Roots JavaThreads                  0.525 / 1.657         0.503 / 2.093         0.503 / 2.093         0.503 / 2.093       ms
[2026-04-03T03:33:58.551+0600][40.118s][info][gc,stats    ]    Subphase: Concurrent Roots OopStorageSet                0.055 / 0.105         0.053 / 0.128         0.053 / 0.128         0.053 / 0.128       ms
[2026-04-03T03:33:58.551+0600][40.118s][info][gc,stats    ]    Subphase: Concurrent Weak Roots OopStorageSet           1.091 / 1.712         0.914 / 2.268         0.914 / 2.268         0.914 / 2.268       ms
[2026-04-03T03:33:58.551+0600][40.118s][info][gc,stats    ]    Subphase: Pause Mark Try Complete                       0.000 / 0.000         0.000 / 0.000         0.000 / 0.000         0.000 / 0.000       ms
[2026-04-03T03:33:58.551+0600][40.118s][info][gc,stats    ]      System: Java Threads                                    108 / 134              75 / 134              75 / 134              75 / 134         threads
[2026-04-03T03:33:58.551+0600][40.118s][info][gc,stats    ] =========================================================================================================================================================
[2026-04-03T03:33:58.647+0600][40.213s][info][gc,phases   ] GC(39) Concurrent Mark 996.049ms
[2026-04-03T03:33:58.647+0600][40.214s][info][gc,phases   ] GC(39) Pause Mark End 0.033ms
[2026-04-03T03:33:58.647+0600][40.214s][info][gc,phases   ] GC(39) Concurrent Mark Free 0.002ms
[2026-04-03T03:33:58.671+0600][40.238s][info][gc,phases   ] GC(39) Concurrent Process Non-Strong References 23.869ms
[2026-04-03T03:33:58.672+0600][40.238s][info][gc,phases   ] GC(39) Concurrent Reset Relocation Set 0.079ms
[2026-04-03T03:33:58.680+0600][40.247s][info][gc,phases   ] GC(39) Concurrent Select Relocation Set 8.622ms
[2026-04-03T03:33:58.680+0600][40.247s][info][gc,phases   ] GC(39) Pause Relocate Start 0.019ms
[2026-04-03T03:33:58.774+0600][40.341s][info][gc,phases   ] GC(39) Concurrent Relocate 93.610ms
[2026-04-03T03:33:58.774+0600][40.341s][info][gc,load     ] GC(39) Load: 4.46/4.28/4.76
[2026-04-03T03:33:58.774+0600][40.341s][info][gc,mmu      ] GC(39) MMU: 2ms/93.8%, 5ms/97.5%, 10ms/98.5%, 20ms/99.2%, 50ms/99.7%, 100ms/99.8%
[2026-04-03T03:33:58.774+0600][40.341s][info][gc,marking  ] GC(39) Mark: 2 stripe(s), 2 proactive flush(es), 1 terminate flush(es), 0 completion(s), 0 continuation(s) 
[2026-04-03T03:33:58.774+0600][40.341s][info][gc,marking  ] GC(39) Mark Stack Usage: 32M
[2026-04-03T03:33:58.774+0600][40.341s][info][gc,nmethod  ] GC(39) NMethods: 6454 registered, 520 unregistered
[2026-04-03T03:33:58.774+0600][40.341s][info][gc,metaspace] GC(39) Metaspace: 70M used, 71M committed, 1088M reserved
[2026-04-03T03:33:58.774+0600][40.341s][info][gc,ref      ] GC(39) Soft: 3276 encountered, 2409 discovered, 516 enqueued
[2026-04-03T03:33:58.774+0600][40.341s][info][gc,ref      ] GC(39) Weak: 6207 encountered, 932 discovered, 55 enqueued
[2026-04-03T03:33:58.774+0600][40.341s][info][gc,ref      ] GC(39) Final: 84 encountered, 84 discovered, 0 enqueued
[2026-04-03T03:33:58.774+0600][40.341s][info][gc,ref      ] GC(39) Phantom: 599 encountered, 442 discovered, 0 enqueued
[2026-04-03T03:33:58.775+0600][40.341s][info][gc,reloc    ] GC(39) Small Pages: 534 / 1068M, Empty: 0M, Relocated: 38M, In-Place: 0
[2026-04-03T03:33:58.775+0600][40.341s][info][gc,reloc    ] GC(39) Medium Pages: 1 / 32M, Empty: 0M, Relocated: 0M, In-Place: 0
[2026-04-03T03:33:58.775+0600][40.341s][info][gc,reloc    ] GC(39) Large Pages: 9 / 114M, Empty: 30M, Relocated: 0M, In-Place: 0
[2026-04-03T03:33:58.775+0600][40.341s][info][gc,reloc    ] GC(39) Forwarding Usage: 34M
[2026-04-03T03:33:58.775+0600][40.341s][info][gc,heap     ] GC(39) Min Capacity: 8M(0%)
[2026-04-03T03:33:58.775+0600][40.341s][info][gc,heap     ] GC(39) Max Capacity: 1750M(100%)
[2026-04-03T03:33:58.775+0600][40.341s][info][gc,heap     ] GC(39) Soft Max Capacity: 1750M(100%)
[2026-04-03T03:33:58.775+0600][40.341s][info][gc,heap     ] GC(39)                Mark Start          Mark End        Relocate Start      Relocate End           High               Low         
[2026-04-03T03:33:58.775+0600][40.341s][info][gc,heap     ] GC(39)  Capacity:     1750M (100%)       1750M (100%)       1750M (100%)       1750M (100%)       1750M (100%)       1750M (100%)   
[2026-04-03T03:33:58.775+0600][40.341s][info][gc,heap     ] GC(39)      Free:      536M (31%)         342M (20%)         372M (21%)        1068M (61%)        1068M (61%)         342M (20%)    
[2026-04-03T03:33:58.775+0600][40.341s][info][gc,heap     ] GC(39)      Used:     1214M (69%)        1408M (80%)        1378M (79%)         682M (39%)        1408M (80%)         682M (39%)    
[2026-04-03T03:33:58.775+0600][40.341s][info][gc,heap     ] GC(39)      Live:         -               431M (25%)         431M (25%)         431M (25%)            -                  -          
[2026-04-03T03:33:58.775+0600][40.341s][info][gc,heap     ] GC(39) Allocated:         -               194M (11%)         194M (11%)         194M (11%)            -                  -          
[2026-04-03T03:33:58.775+0600][40.341s][info][gc,heap     ] GC(39)   Garbage:         -               782M (45%)         752M (43%)          56M (3%)             -                  -          
[2026-04-03T03:33:58.775+0600][40.341s][info][gc,heap     ] GC(39) Reclaimed:         -                  -                30M (2%)          726M (42%)            -                  -          
[2026-04-03T03:33:58.775+0600][40.341s][info][gc          ] GC(39) Garbage Collection (Allocation Stall) 1214M(69%)->682M(39%)
[2026-04-03T03:33:58.850+0600][40.417s][info][gc,start    ] GC(40) Garbage Collection (Allocation Rate)
[2026-04-03T03:33:58.850+0600][40.417s][info][gc,task     ] GC(40) Using 3 workers
[2026-04-03T03:33:58.851+0600][40.417s][info][gc,phases   ] GC(40) Pause Mark Start 0.014ms
[2026-04-03T03:33:59.660+0600][41.227s][info][gc,phases   ] GC(40) Concurrent Mark 809.311ms
[2026-04-03T03:33:59.661+0600][41.227s][info][gc,phases   ] GC(40) Pause Mark End 0.065ms
[2026-04-03T03:33:59.661+0600][41.227s][info][gc,phases   ] GC(40) Concurrent Mark Free 0.002ms
[2026-04-03T03:33:59.671+0600][41.238s][info][gc,phases   ] GC(40) Concurrent Process Non-Strong References 10.187ms
[2026-04-03T03:33:59.671+0600][41.238s][info][gc,phases   ] GC(40) Concurrent Reset Relocation Set 0.083ms
[2026-04-03T03:33:59.681+0600][41.247s][info][gc,phases   ] GC(40) Concurrent Select Relocation Set 9.469ms
[2026-04-03T03:33:59.681+0600][41.248s][info][gc,phases   ] GC(40) Pause Relocate Start 0.021ms
[2026-04-03T03:33:59.746+0600][41.312s][info][gc,phases   ] GC(40) Concurrent Relocate 64.455ms
[2026-04-03T03:33:59.746+0600][41.312s][info][gc,load     ] GC(40) Load: 4.46/4.28/4.76
[2026-04-03T03:33:59.746+0600][41.312s][info][gc,mmu      ] GC(40) MMU: 2ms/93.8%, 5ms/97.5%, 10ms/98.5%, 20ms/99.2%, 50ms/99.7%, 100ms/99.8%
[2026-04-03T03:33:59.746+0600][41.313s][info][gc,marking  ] GC(40) Mark: 2 stripe(s), 10 proactive flush(es), 1 terminate flush(es), 0 completion(s), 0 continuation(s) 
[2026-04-03T03:33:59.746+0600][41.313s][info][gc,marking  ] GC(40) Mark Stack Usage: 32M
[2026-04-03T03:33:59.746+0600][41.313s][info][gc,nmethod  ] GC(40) NMethods: 6588 registered, 525 unregistered
[2026-04-03T03:33:59.746+0600][41.313s][info][gc,metaspace] GC(40) Metaspace: 70M used, 71M committed, 1088M reserved
[2026-04-03T03:33:59.746+0600][41.313s][info][gc,ref      ] GC(40) Soft: 2760 encountered, 0 discovered, 0 enqueued
[2026-04-03T03:33:59.746+0600][41.313s][info][gc,ref      ] GC(40) Weak: 6006 encountered, 630 discovered, 2 enqueued
[2026-04-03T03:33:59.746+0600][41.313s][info][gc,ref      ] GC(40) Final: 84 encountered, 52 discovered, 0 enqueued
[2026-04-03T03:33:59.746+0600][41.313s][info][gc,ref      ] GC(40) Phantom: 599 encountered, 545 discovered, 0 enqueued
[2026-04-03T03:33:59.746+0600][41.313s][info][gc,reloc    ] GC(40) Small Pages: 267 / 534M, Empty: 80M, Relocated: 24M, In-Place: 0
[2026-04-03T03:33:59.746+0600][41.313s][info][gc,reloc    ] GC(40) Medium Pages: 2 / 64M, Empty: 0M, Relocated: 20M, In-Place: 0
[2026-04-03T03:33:59.746+0600][41.313s][info][gc,reloc    ] GC(40) Large Pages: 6 / 84M, Empty: 30M, Relocated: 0M, In-Place: 0
[2026-04-03T03:33:59.746+0600][41.313s][info][gc,reloc    ] GC(40) Forwarding Usage: 22M
[2026-04-03T03:33:59.746+0600][41.313s][info][gc,heap     ] GC(40) Min Capacity: 8M(0%)
[2026-04-03T03:33:59.746+0600][41.313s][info][gc,heap     ] GC(40) Max Capacity: 1750M(100%)
[2026-04-03T03:33:59.746+0600][41.313s][info][gc,heap     ] GC(40) Soft Max Capacity: 1750M(100%)
[2026-04-03T03:33:59.746+0600][41.313s][info][gc,heap     ] GC(40)                Mark Start          Mark End        Relocate Start      Relocate End           High               Low         
[2026-04-03T03:33:59.746+0600][41.313s][info][gc,heap     ] GC(40)  Capacity:     1750M (100%)       1750M (100%)       1750M (100%)       1750M (100%)       1750M (100%)       1750M (100%)   
[2026-04-03T03:33:59.746+0600][41.313s][info][gc,heap     ] GC(40)      Free:     1068M (61%)         838M (48%)         940M (54%)        1140M (65%)        1140M (65%)         836M (48%)    
[2026-04-03T03:33:59.746+0600][41.313s][info][gc,heap     ] GC(40)      Used:      682M (39%)         912M (52%)         810M (46%)         610M (35%)         914M (52%)         610M (35%)    
[2026-04-03T03:33:59.746+0600][41.313s][info][gc,heap     ] GC(40)      Live:         -               316M (18%)         316M (18%)         316M (18%)            -                  -          
[2026-04-03T03:33:59.746+0600][41.313s][info][gc,heap     ] GC(40) Allocated:         -               230M (13%)         238M (14%)         249M (14%)            -                  -          
[2026-04-03T03:33:59.746+0600][41.313s][info][gc,heap     ] GC(40)   Garbage:         -               365M (21%)         255M (15%)          43M (2%)             -                  -          
[2026-04-03T03:33:59.746+0600][41.313s][info][gc,heap     ] GC(40) Reclaimed:         -                  -               110M (6%)          321M (18%)            -                  -          
[2026-04-03T03:33:59.746+0600][41.313s][info][gc          ] GC(40) Garbage Collection (Allocation Rate) 682M(39%)->610M(35%)
[2026-04-03T03:33:59.750+0600][41.317s][info][gc,start    ] GC(41) Garbage Collection (Allocation Rate)
[2026-04-03T03:33:59.750+0600][41.317s][info][gc,task     ] GC(41) Using 3 workers
[2026-04-03T03:33:59.751+0600][41.317s][info][gc,phases   ] GC(41) Pause Mark Start 0.017ms
[2026-04-03T03:34:00.225+0600][41.791s][info][gc,phases   ] GC(41) Concurrent Mark 473.864ms
[2026-04-03T03:34:00.225+0600][41.791s][info][gc,phases   ] GC(41) Pause Mark End 0.050ms
[2026-04-03T03:34:00.225+0600][41.792s][info][gc,phases   ] GC(41) Concurrent Mark Free 0.002ms
[2026-04-03T03:34:00.252+0600][41.819s][info][gc,phases   ] GC(41) Concurrent Process Non-Strong References 27.075ms
[2026-04-03T03:34:00.252+0600][41.819s][info][gc,phases   ] GC(41) Concurrent Reset Relocation Set 0.017ms
[2026-04-03T03:34:00.261+0600][41.827s][info][gc,phases   ] GC(41) Concurrent Select Relocation Set 8.253ms
[2026-04-03T03:34:00.261+0600][41.828s][info][gc,phases   ] GC(41) Pause Relocate Start 0.021ms
[2026-04-03T03:34:00.312+0600][41.878s][info][gc,phases   ] GC(41) Concurrent Relocate 49.864ms
[2026-04-03T03:34:00.312+0600][41.878s][info][gc,load     ] GC(41) Load: 4.46/4.28/4.76
[2026-04-03T03:34:00.312+0600][41.878s][info][gc,mmu      ] GC(41) MMU: 2ms/93.8%, 5ms/97.5%, 10ms/98.5%, 20ms/99.2%, 50ms/99.7%, 100ms/99.8%
[2026-04-03T03:34:00.312+0600][41.878s][info][gc,marking  ] GC(41) Mark: 2 stripe(s), 2 proactive flush(es), 1 terminate flush(es), 0 completion(s), 0 continuation(s) 
[2026-04-03T03:34:00.312+0600][41.878s][info][gc,marking  ] GC(41) Mark Stack Usage: 32M
[2026-04-03T03:34:00.312+0600][41.878s][info][gc,nmethod  ] GC(41) NMethods: 6565 registered, 557 unregistered
[2026-04-03T03:34:00.312+0600][41.878s][info][gc,metaspace] GC(41) Metaspace: 70M used, 71M committed, 1088M reserved
[2026-04-03T03:34:00.312+0600][41.878s][info][gc,ref      ] GC(41) Soft: 3260 encountered, 0 discovered, 0 enqueued
[2026-04-03T03:34:00.312+0600][41.878s][info][gc,ref      ] GC(41) Weak: 6587 encountered, 2153 discovered, 213 enqueued
[2026-04-03T03:34:00.312+0600][41.878s][info][gc,ref      ] GC(41) Final: 84 encountered, 52 discovered, 0 enqueued
[2026-04-03T03:34:00.312+0600][41.878s][info][gc,ref      ] GC(41) Phantom: 602 encountered, 433 discovered, 0 enqueued
[2026-04-03T03:34:00.312+0600][41.878s][info][gc,reloc    ] GC(41) Small Pages: 237 / 474M, Empty: 120M, Relocated: 24M, In-Place: 0
[2026-04-03T03:34:00.312+0600][41.878s][info][gc,reloc    ] GC(41) Medium Pages: 2 / 64M, Empty: 32M, Relocated: 0M, In-Place: 0
[2026-04-03T03:34:00.312+0600][41.878s][info][gc,reloc    ] GC(41) Large Pages: 7 / 78M, Empty: 60M, Relocated: 0M, In-Place: 0
[2026-04-03T03:34:00.312+0600][41.878s][info][gc,reloc    ] GC(41) Forwarding Usage: 24M
[2026-04-03T03:34:00.312+0600][41.878s][info][gc,heap     ] GC(41) Min Capacity: 8M(0%)
[2026-04-03T03:34:00.312+0600][41.878s][info][gc,heap     ] GC(41) Max Capacity: 1750M(100%)
[2026-04-03T03:34:00.312+0600][41.878s][info][gc,heap     ] GC(41) Soft Max Capacity: 1750M(100%)
[2026-04-03T03:34:00.312+0600][41.878s][info][gc,heap     ] GC(41)                Mark Start          Mark End        Relocate Start      Relocate End           High               Low         
[2026-04-03T03:34:00.312+0600][41.878s][info][gc,heap     ] GC(41)  Capacity:     1750M (100%)       1750M (100%)       1750M (100%)       1750M (100%)       1750M (100%)       1750M (100%)   
[2026-04-03T03:34:00.312+0600][41.878s][info][gc,heap     ] GC(41)      Free:     1134M (65%)         704M (40%)         888M (51%)        1022M (58%)        1134M (65%)         684M (39%)    
[2026-04-03T03:34:00.312+0600][41.878s][info][gc,heap     ] GC(41)      Used:      616M (35%)        1046M (60%)         862M (49%)         728M (42%)        1066M (61%)         616M (35%)    
[2026-04-03T03:34:00.312+0600][41.878s][info][gc,heap     ] GC(41)      Live:         -               208M (12%)         208M (12%)         208M (12%)            -                  -          
[2026-04-03T03:34:00.312+0600][41.878s][info][gc,heap     ] GC(41) Allocated:         -               430M (25%)         458M (26%)         479M (27%)            -                  -          
[2026-04-03T03:34:00.312+0600][41.878s][info][gc,heap     ] GC(41)   Garbage:         -               407M (23%)         195M (11%)          40M (2%)             -                  -          
[2026-04-03T03:34:00.312+0600][41.878s][info][gc,heap     ] GC(41) Reclaimed:         -                  -               212M (12%)         367M (21%)            -                  -          
[2026-04-03T03:34:00.312+0600][41.878s][info][gc          ] GC(41) Garbage Collection (Allocation Rate) 616M(35%)->728M(42%)
[2026-04-03T03:34:00.350+0600][41.917s][info][gc,start    ] GC(42) Garbage Collection (Allocation Rate)
[2026-04-03T03:34:00.350+0600][41.917s][info][gc,task     ] GC(42) Using 3 workers
[2026-04-03T03:34:00.350+0600][41.917s][info][gc,phases   ] GC(42) Pause Mark Start 0.017ms
[2026-04-03T03:34:01.050+0600][42.616s][info][gc,phases   ] GC(42) Concurrent Mark 699.011ms
[2026-04-03T03:34:01.050+0600][42.617s][info][gc,phases   ] GC(42) Pause Mark End 0.051ms
[2026-04-03T03:34:01.050+0600][42.617s][info][gc,phases   ] GC(42) Concurrent Mark Free 0.005ms
[2026-04-03T03:34:01.062+0600][42.628s][info][gc,phases   ] GC(42) Concurrent Process Non-Strong References 11.062ms
[2026-04-03T03:34:01.062+0600][42.628s][info][gc,phases   ] GC(42) Concurrent Reset Relocation Set 0.017ms
[2026-04-03T03:34:01.091+0600][42.658s][info][gc,phases   ] GC(42) Concurrent Select Relocation Set 29.778ms
[2026-04-03T03:34:01.092+0600][42.658s][info][gc,phases   ] GC(42) Pause Relocate Start 0.021ms
[2026-04-03T03:34:01.235+0600][42.801s][info][gc,phases   ] GC(42) Concurrent Relocate 142.536ms
[2026-04-03T03:34:01.235+0600][42.801s][info][gc,load     ] GC(42) Load: 4.58/4.31/4.77
[2026-04-03T03:34:01.235+0600][42.801s][info][gc,mmu      ] GC(42) MMU: 2ms/93.8%, 5ms/97.5%, 10ms/98.5%, 20ms/99.2%, 50ms/99.7%, 100ms/99.8%
[2026-04-03T03:34:01.235+0600][42.801s][info][gc,marking  ] GC(42) Mark: 2 stripe(s), 2 proactive flush(es), 1 terminate flush(es), 0 completion(s), 0 continuation(s) 
[2026-04-03T03:34:01.235+0600][42.801s][info][gc,marking  ] GC(42) Mark Stack Usage: 32M
[2026-04-03T03:34:01.235+0600][42.801s][info][gc,nmethod  ] GC(42) NMethods: 6566 registered, 558 unregistered
[2026-04-03T03:34:01.235+0600][42.801s][info][gc,metaspace] GC(42) Metaspace: 70M used, 71M committed, 1088M reserved
[2026-04-03T03:34:01.235+0600][42.801s][info][gc,ref      ] GC(42) Soft: 3263 encountered, 0 discovered, 0 enqueued
[2026-04-03T03:34:01.235+0600][42.801s][info][gc,ref      ] GC(42) Weak: 6383 encountered, 859 discovered, 78 enqueued
[2026-04-03T03:34:01.235+0600][42.801s][info][gc,ref      ] GC(42) Final: 84 encountered, 4 discovered, 0 enqueued
[2026-04-03T03:34:01.235+0600][42.801s][info][gc,ref      ] GC(42) Phantom: 599 encountered, 502 discovered, 0 enqueued
[2026-04-03T03:34:01.235+0600][42.801s][info][gc,reloc    ] GC(42) Small Pages: 295 / 590M, Empty: 2M, Relocated: 111M, In-Place: 0
[2026-04-03T03:34:01.235+0600][42.801s][info][gc,reloc    ] GC(42) Medium Pages: 2 / 64M, Empty: 32M, Relocated: 0M, In-Place: 0
[2026-04-03T03:34:01.235+0600][42.801s][info][gc,reloc    ] GC(42) Large Pages: 12 / 96M, Empty: 36M, Relocated: 0M, In-Place: 0
[2026-04-03T03:34:01.235+0600][42.801s][info][gc,reloc    ] GC(42) Forwarding Usage: 68M
[2026-04-03T03:34:01.235+0600][42.801s][info][gc,heap     ] GC(42) Min Capacity: 8M(0%)
[2026-04-03T03:34:01.235+0600][42.801s][info][gc,heap     ] GC(42) Max Capacity: 1750M(100%)
[2026-04-03T03:34:01.235+0600][42.802s][info][gc,heap     ] GC(42) Soft Max Capacity: 1750M(100%)
[2026-04-03T03:34:01.235+0600][42.802s][info][gc,heap     ] GC(42)                Mark Start          Mark End        Relocate Start      Relocate End           High               Low         
[2026-04-03T03:34:01.235+0600][42.802s][info][gc,heap     ] GC(42)  Capacity:     1750M (100%)       1750M (100%)       1750M (100%)       1750M (100%)       1750M (100%)       1750M (100%)   
[2026-04-03T03:34:01.235+0600][42.802s][info][gc,heap     ] GC(42)      Free:     1000M (57%)         304M (17%)         334M (19%)         514M (29%)        1000M (57%)         290M (17%)    
[2026-04-03T03:34:01.235+0600][42.802s][info][gc,heap     ] GC(42)      Used:      750M (43%)        1446M (83%)        1416M (81%)        1236M (71%)        1460M (83%)         750M (43%)    
[2026-04-03T03:34:01.235+0600][42.802s][info][gc,heap     ] GC(42)      Live:         -               347M (20%)         347M (20%)         347M (20%)            -                  -          
[2026-04-03T03:34:01.235+0600][42.802s][info][gc,heap     ] GC(42) Allocated:         -               696M (40%)         736M (42%)         845M (48%)            -                  -          
[2026-04-03T03:34:01.235+0600][42.802s][info][gc,heap     ] GC(42)   Garbage:         -               402M (23%)         332M (19%)          43M (2%)             -                  -          
[2026-04-03T03:34:01.235+0600][42.802s][info][gc,heap     ] GC(42) Reclaimed:         -                  -                70M (4%)          359M (21%)            -                  -          
[2026-04-03T03:34:01.235+0600][42.802s][info][gc          ] GC(42) Garbage Collection (Allocation Rate) 750M(43%)->1236M(71%)
[2026-04-03T03:34:01.250+0600][42.816s][info][gc,start    ] GC(43) Garbage Collection (Allocation Rate)
[2026-04-03T03:34:01.250+0600][42.816s][info][gc,task     ] GC(43) Using 3 workers
[2026-04-03T03:34:01.250+0600][42.817s][info][gc,phases   ] GC(43) Pause Mark Start 0.018ms
[2026-04-03T03:34:02.057+0600][43.624s][info][gc,phases   ] GC(43) Concurrent Mark 806.605ms
[2026-04-03T03:34:02.057+0600][43.624s][info][gc,phases   ] GC(43) Pause Mark End 0.027ms
[2026-04-03T03:34:02.058+0600][43.624s][info][gc,phases   ] GC(43) Concurrent Mark Free 0.002ms
[2026-04-03T03:34:02.065+0600][43.632s][info][gc,phases   ] GC(43) Concurrent Process Non-Strong References 7.311ms
[2026-04-03T03:34:02.065+0600][43.632s][info][gc,phases   ] GC(43) Concurrent Reset Relocation Set 0.021ms
[2026-04-03T03:34:02.068+0600][43.634s][info][gc          ] Allocation Stall (Executor task launch worker for task 1.0 in stage 15.0 (TID 25)) 132.628ms
[2026-04-03T03:34:02.068+0600][43.634s][info][gc          ] Allocation Stall (Executor task launch worker for task 0.0 in stage 15.0 (TID 24)) 123.692ms
[2026-04-03T03:34:02.068+0600][43.634s][info][gc          ] Allocation Stall (RemoteBlock-temp-file-clean-thread) 116.482ms
[2026-04-03T03:34:02.068+0600][43.634s][info][gc          ] Allocation Stall (Executor task launch worker for task 2.0 in stage 15.0 (TID 26)) 129.401ms
[2026-04-03T03:34:02.072+0600][43.639s][info][gc,phases   ] GC(43) Concurrent Select Relocation Set 7.332ms
[2026-04-03T03:34:02.073+0600][43.639s][info][gc,phases   ] GC(43) Pause Relocate Start 0.017ms
[2026-04-03T03:34:02.209+0600][43.776s][info][gc,phases   ] GC(43) Concurrent Relocate 136.127ms
[2026-04-03T03:34:02.209+0600][43.776s][info][gc,load     ] GC(43) Load: 4.58/4.31/4.77
[2026-04-03T03:34:02.209+0600][43.776s][info][gc,mmu      ] GC(43) MMU: 2ms/93.8%, 5ms/97.5%, 10ms/98.5%, 20ms/99.2%, 50ms/99.7%, 100ms/99.8%
[2026-04-03T03:34:02.209+0600][43.776s][info][gc,marking  ] GC(43) Mark: 2 stripe(s), 2 proactive flush(es), 1 terminate flush(es), 0 completion(s), 0 continuation(s) 
[2026-04-03T03:34:02.209+0600][43.776s][info][gc,marking  ] GC(43) Mark Stack Usage: 32M
[2026-04-03T03:34:02.209+0600][43.776s][info][gc,nmethod  ] GC(43) NMethods: 6568 registered, 558 unregistered
[2026-04-03T03:34:02.209+0600][43.776s][info][gc,metaspace] GC(43) Metaspace: 70M used, 71M committed, 1088M reserved
[2026-04-03T03:34:02.209+0600][43.776s][info][gc,ref      ] GC(43) Soft: 3263 encountered, 0 discovered, 0 enqueued
[2026-04-03T03:34:02.209+0600][43.776s][info][gc,ref      ] GC(43) Weak: 6305 encountered, 2914 discovered, 0 enqueued
[2026-04-03T03:34:02.209+0600][43.776s][info][gc,ref      ] GC(43) Final: 84 encountered, 52 discovered, 0 enqueued
[2026-04-03T03:34:02.209+0600][43.776s][info][gc,ref      ] GC(43) Phantom: 599 encountered, 419 discovered, 0 enqueued
[2026-04-03T03:34:02.209+0600][43.776s][info][gc,reloc    ] GC(43) Small Pages: 538 / 1076M, Empty: 0M, Relocated: 73M, In-Place: 0
[2026-04-03T03:34:02.209+0600][43.776s][info][gc,reloc    ] GC(43) Medium Pages: 2 / 64M, Empty: 32M, Relocated: 0M, In-Place: 0
[2026-04-03T03:34:02.210+0600][43.776s][info][gc,reloc    ] GC(43) Large Pages: 12 / 108M, Empty: 48M, Relocated: 0M, In-Place: 0
[2026-04-03T03:34:02.210+0600][43.776s][info][gc,reloc    ] GC(43) Forwarding Usage: 61M
[2026-04-03T03:34:02.210+0600][43.776s][info][gc,heap     ] GC(43) Min Capacity: 8M(0%)
[2026-04-03T03:34:02.210+0600][43.776s][info][gc,heap     ] GC(43) Max Capacity: 1750M(100%)
[2026-04-03T03:34:02.210+0600][43.776s][info][gc,heap     ] GC(43) Soft Max Capacity: 1750M(100%)
[2026-04-03T03:34:02.210+0600][43.776s][info][gc,heap     ] GC(43)                Mark Start          Mark End        Relocate Start      Relocate End           High               Low         
[2026-04-03T03:34:02.210+0600][43.776s][info][gc,heap     ] GC(43)  Capacity:     1750M (100%)       1750M (100%)       1750M (100%)       1750M (100%)       1750M (100%)       1750M (100%)   
[2026-04-03T03:34:02.210+0600][43.776s][info][gc,heap     ] GC(43)      Free:      502M (29%)           0M (0%)           72M (4%)          748M (43%)         752M (43%)           0M (0%)     
[2026-04-03T03:34:02.210+0600][43.776s][info][gc,heap     ] GC(43)      Used:     1248M (71%)        1750M (100%)       1678M (96%)        1002M (57%)        1750M (100%)        998M (57%)    
[2026-04-03T03:34:02.210+0600][43.776s][info][gc,heap     ] GC(43)      Live:         -               379M (22%)         379M (22%)         379M (22%)            -                  -          
[2026-04-03T03:34:02.210+0600][43.776s][info][gc,heap     ] GC(43) Allocated:         -               502M (29%)         510M (29%)         577M (33%)            -                  -          
[2026-04-03T03:34:02.210+0600][43.776s][info][gc,heap     ] GC(43)   Garbage:         -               868M (50%)         788M (45%)          45M (3%)             -                  -          
[2026-04-03T03:34:02.210+0600][43.776s][info][gc,heap     ] GC(43) Reclaimed:         -                  -                80M (5%)          823M (47%)            -                  -          
[2026-04-03T03:34:02.210+0600][43.776s][info][gc          ] GC(43) Garbage Collection (Allocation Rate) 1248M(71%)->1002M(57%)
[2026-04-03T03:34:02.250+0600][43.816s][info][gc,start    ] GC(44) Garbage Collection (Allocation Stall)
[2026-04-03T03:34:02.250+0600][43.816s][info][gc,ref      ] GC(44) Clearing All SoftReferences
[2026-04-03T03:34:02.250+0600][43.816s][info][gc,task     ] GC(44) Using 3 workers
[2026-04-03T03:34:02.250+0600][43.817s][info][gc,ref      ] GC(44) Clearing All SoftReferences
[2026-04-03T03:34:02.250+0600][43.817s][info][gc,phases   ] GC(44) Pause Mark Start 0.064ms
[2026-04-03T03:34:03.209+0600][44.776s][info][gc,phases   ] GC(44) Concurrent Mark 958.720ms
[2026-04-03T03:34:03.209+0600][44.776s][info][gc,phases   ] GC(44) Pause Mark End 0.028ms
[2026-04-03T03:34:03.209+0600][44.776s][info][gc,phases   ] GC(44) Concurrent Mark Free 0.003ms
[2026-04-03T03:34:03.235+0600][44.802s][info][gc,phases   ] GC(44) Concurrent Process Non-Strong References 25.454ms
[2026-04-03T03:34:03.235+0600][44.802s][info][gc,phases   ] GC(44) Concurrent Reset Relocation Set 0.111ms
[2026-04-03T03:34:03.247+0600][44.813s][info][gc,phases   ] GC(44) Concurrent Select Relocation Set 11.321ms
[2026-04-03T03:34:03.247+0600][44.813s][info][gc,phases   ] GC(44) Pause Relocate Start 0.015ms
[2026-04-03T03:34:03.336+0600][44.903s][info][gc,phases   ] GC(44) Concurrent Relocate 89.020ms
[2026-04-03T03:34:03.337+0600][44.903s][info][gc,load     ] GC(44) Load: 4.58/4.31/4.77
[2026-04-03T03:34:03.337+0600][44.903s][info][gc,mmu      ] GC(44) MMU: 2ms/93.8%, 5ms/97.5%, 10ms/98.5%, 20ms/99.2%, 50ms/99.7%, 100ms/99.8%
[2026-04-03T03:34:03.337+0600][44.903s][info][gc,marking  ] GC(44) Mark: 2 stripe(s), 8 proactive flush(es), 1 terminate flush(es), 0 completion(s), 0 continuation(s) 
[2026-04-03T03:34:03.337+0600][44.903s][info][gc,marking  ] GC(44) Mark Stack Usage: 32M
[2026-04-03T03:34:03.337+0600][44.903s][info][gc,nmethod  ] GC(44) NMethods: 6568 registered, 560 unregistered
[2026-04-03T03:34:03.337+0600][44.903s][info][gc,metaspace] GC(44) Metaspace: 70M used, 71M committed, 1088M reserved
[2026-04-03T03:34:03.337+0600][44.903s][info][gc,ref      ] GC(44) Soft: 3160 encountered, 2279 discovered, 401 enqueued
[2026-04-03T03:34:03.337+0600][44.903s][info][gc,ref      ] GC(44) Weak: 6212 encountered, 864 discovered, 44 enqueued
[2026-04-03T03:34:03.337+0600][44.903s][info][gc,ref      ] GC(44) Final: 84 encountered, 2 discovered, 0 enqueued
[2026-04-03T03:34:03.337+0600][44.903s][info][gc,ref      ] GC(44) Phantom: 599 encountered, 424 discovered, 0 enqueued
[2026-04-03T03:34:03.337+0600][44.903s][info][gc,reloc    ] GC(44) Small Pages: 466 / 932M, Empty: 0M, Relocated: 41M, In-Place: 0
[2026-04-03T03:34:03.337+0600][44.903s][info][gc,reloc    ] GC(44) Medium Pages: 1 / 32M, Empty: 0M, Relocated: 0M, In-Place: 0
[2026-04-03T03:34:03.337+0600][44.903s][info][gc,reloc    ] GC(44) Large Pages: 7 / 78M, Empty: 0M, Relocated: 0M, In-Place: 0
[2026-04-03T03:34:03.337+0600][44.903s][info][gc,reloc    ] GC(44) Forwarding Usage: 40M
[2026-04-03T03:34:03.337+0600][44.903s][info][gc,heap     ] GC(44) Min Capacity: 8M(0%)
[2026-04-03T03:34:03.337+0600][44.903s][info][gc,heap     ] GC(44) Max Capacity: 1750M(100%)
[2026-04-03T03:34:03.337+0600][44.903s][info][gc,heap     ] GC(44) Soft Max Capacity: 1750M(100%)
[2026-04-03T03:34:03.337+0600][44.903s][info][gc,heap     ] GC(44)                Mark Start          Mark End        Relocate Start      Relocate End           High               Low         
[2026-04-03T03:34:03.337+0600][44.903s][info][gc,heap     ] GC(44)  Capacity:     1750M (100%)       1750M (100%)       1750M (100%)       1750M (100%)       1750M (100%)       1750M (100%)   
[2026-04-03T03:34:03.337+0600][44.903s][info][gc,heap     ] GC(44)      Free:      708M (40%)         420M (24%)         420M (24%)         990M (57%)         990M (57%)         414M (24%)    
[2026-04-03T03:34:03.337+0600][44.903s][info][gc,heap     ] GC(44)      Used:     1042M (60%)        1330M (76%)        1330M (76%)         760M (43%)        1336M (76%)         760M (43%)    
[2026-04-03T03:34:03.337+0600][44.903s][info][gc,heap     ] GC(44)      Live:         -               419M (24%)         419M (24%)         419M (24%)            -                  -          
[2026-04-03T03:34:03.337+0600][44.903s][info][gc,heap     ] GC(44) Allocated:         -               288M (16%)         288M (16%)         288M (16%)            -                  -          
[2026-04-03T03:34:03.337+0600][44.903s][info][gc,heap     ] GC(44)   Garbage:         -               622M (36%)         622M (36%)          52M (3%)             -                  -          
[2026-04-03T03:34:03.337+0600][44.903s][info][gc,heap     ] GC(44) Reclaimed:         -                  -                 0M (0%)          570M (33%)            -                  -          
[2026-04-03T03:34:03.337+0600][44.903s][info][gc          ] GC(44) Garbage Collection (Allocation Stall) 1042M(60%)->760M(43%)
[2026-04-03T03:34:03.350+0600][44.917s][info][gc,start    ] GC(45) Garbage Collection (Allocation Rate)
[2026-04-03T03:34:03.350+0600][44.917s][info][gc,task     ] GC(45) Using 3 workers
[2026-04-03T03:34:03.350+0600][44.917s][info][gc,phases   ] GC(45) Pause Mark Start 0.010ms
[2026-04-03T03:34:04.123+0600][45.689s][info][gc,phases   ] GC(45) Concurrent Mark 772.106ms
[2026-04-03T03:34:04.123+0600][45.690s][info][gc,phases   ] GC(45) Pause Mark End 0.041ms
[2026-04-03T03:34:04.123+0600][45.690s][info][gc,phases   ] GC(45) Concurrent Mark Free 0.003ms
[2026-04-03T03:34:04.133+0600][45.700s][info][gc,phases   ] GC(45) Concurrent Process Non-Strong References 10.104ms
[2026-04-03T03:34:04.134+0600][45.700s][info][gc,phases   ] GC(45) Concurrent Reset Relocation Set 0.082ms
[2026-04-03T03:34:04.143+0600][45.710s][info][gc,phases   ] GC(45) Concurrent Select Relocation Set 9.560ms
[2026-04-03T03:34:04.144+0600][45.710s][info][gc,phases   ] GC(45) Pause Relocate Start 0.014ms
[2026-04-03T03:34:04.199+0600][45.766s][info][gc,phases   ] GC(45) Concurrent Relocate 55.697ms
[2026-04-03T03:34:04.199+0600][45.766s][info][gc,load     ] GC(45) Load: 4.58/4.31/4.77
[2026-04-03T03:34:04.200+0600][45.766s][info][gc,mmu      ] GC(45) MMU: 2ms/93.8%, 5ms/97.5%, 10ms/98.5%, 20ms/99.2%, 50ms/99.7%, 100ms/99.8%
[2026-04-03T03:34:04.200+0600][45.766s][info][gc,marking  ] GC(45) Mark: 2 stripe(s), 10 proactive flush(es), 1 terminate flush(es), 0 completion(s), 0 continuation(s) 
[2026-04-03T03:34:04.200+0600][45.766s][info][gc,marking  ] GC(45) Mark Stack Usage: 32M
[2026-04-03T03:34:04.200+0600][45.766s][info][gc,nmethod  ] GC(45) NMethods: 6697 registered, 560 unregistered
[2026-04-03T03:34:04.200+0600][45.766s][info][gc,metaspace] GC(45) Metaspace: 70M used, 71M committed, 1088M reserved
[2026-04-03T03:34:04.200+0600][45.766s][info][gc,ref      ] GC(45) Soft: 2759 encountered, 0 discovered, 0 enqueued
[2026-04-03T03:34:04.200+0600][45.766s][info][gc,ref      ] GC(45) Weak: 6049 encountered, 3967 discovered, 0 enqueued
[2026-04-03T03:34:04.200+0600][45.766s][info][gc,ref      ] GC(45) Final: 84 encountered, 81 discovered, 0 enqueued
[2026-04-03T03:34:04.200+0600][45.766s][info][gc,ref      ] GC(45) Phantom: 599 encountered, 459 discovered, 0 enqueued
[2026-04-03T03:34:04.200+0600][45.766s][info][gc,reloc    ] GC(45) Small Pages: 291 / 582M, Empty: 66M, Relocated: 20M, In-Place: 0
[2026-04-03T03:34:04.200+0600][45.766s][info][gc,reloc    ] GC(45) Medium Pages: 2 / 64M, Empty: 0M, Relocated: 18M, In-Place: 0
[2026-04-03T03:34:04.200+0600][45.766s][info][gc,reloc    ] GC(45) Large Pages: 9 / 114M, Empty: 60M, Relocated: 0M, In-Place: 0
[2026-04-03T03:34:04.200+0600][45.766s][info][gc,reloc    ] GC(45) Forwarding Usage: 19M
[2026-04-03T03:34:04.200+0600][45.766s][info][gc,heap     ] GC(45) Min Capacity: 8M(0%)
[2026-04-03T03:34:04.200+0600][45.766s][info][gc,heap     ] GC(45) Max Capacity: 1750M(100%)
[2026-04-03T03:34:04.200+0600][45.766s][info][gc,heap     ] GC(45) Soft Max Capacity: 1750M(100%)
[2026-04-03T03:34:04.200+0600][45.766s][info][gc,heap     ] GC(45)                Mark Start          Mark End        Relocate Start      Relocate End           High               Low         
[2026-04-03T03:34:04.200+0600][45.766s][info][gc,heap     ] GC(45)  Capacity:     1750M (100%)       1750M (100%)       1750M (100%)       1750M (100%)       1750M (100%)       1750M (100%)   
[2026-04-03T03:34:04.200+0600][45.766s][info][gc,heap     ] GC(45)      Free:      990M (57%)         774M (44%)         892M (51%)        1150M (66%)        1150M (66%)         768M (44%)    
[2026-04-03T03:34:04.200+0600][45.766s][info][gc,heap     ] GC(45)      Used:      760M (43%)         976M (56%)         858M (49%)         600M (34%)         982M (56%)         600M (34%)    
[2026-04-03T03:34:04.200+0600][45.766s][info][gc,heap     ] GC(45)      Live:         -               310M (18%)         310M (18%)         310M (18%)            -                  -          
[2026-04-03T03:34:04.200+0600][45.766s][info][gc,heap     ] GC(45) Allocated:         -               216M (12%)         224M (13%)         239M (14%)            -                  -          
[2026-04-03T03:34:04.200+0600][45.766s][info][gc,heap     ] GC(45)   Garbage:         -               449M (26%)         323M (18%)          49M (3%)             -                  -          
[2026-04-03T03:34:04.200+0600][45.766s][info][gc,heap     ] GC(45) Reclaimed:         -                  -               126M (7%)          399M (23%)            -                  -          
[2026-04-03T03:34:04.200+0600][45.766s][info][gc          ] GC(45) Garbage Collection (Allocation Rate) 760M(43%)->600M(34%)
[2026-04-03T03:34:04.450+0600][46.017s][info][gc,start    ] GC(46) Garbage Collection (Allocation Rate)
[2026-04-03T03:34:04.450+0600][46.017s][info][gc,task     ] GC(46) Using 3 workers
[2026-04-03T03:34:04.450+0600][46.017s][info][gc,phases   ] GC(46) Pause Mark Start 0.016ms
[2026-04-03T03:34:04.770+0600][46.337s][info][gc,phases   ] GC(46) Concurrent Mark 319.551ms
[2026-04-03T03:34:04.770+0600][46.337s][info][gc,phases   ] GC(46) Pause Mark End 0.033ms
[2026-04-03T03:34:04.771+0600][46.337s][info][gc,phases   ] GC(46) Concurrent Mark Free 0.003ms
[2026-04-03T03:34:04.799+0600][46.365s][info][gc,phases   ] GC(46) Concurrent Process Non-Strong References 28.177ms
[2026-04-03T03:34:04.799+0600][46.365s][info][gc,phases   ] GC(46) Concurrent Reset Relocation Set 0.023ms
[2026-04-03T03:34:04.807+0600][46.373s][info][gc,phases   ] GC(46) Concurrent Select Relocation Set 7.652ms
[2026-04-03T03:34:04.807+0600][46.373s][info][gc,phases   ] GC(46) Pause Relocate Start 0.014ms
[2026-04-03T03:34:04.817+0600][46.384s][info][gc,phases   ] GC(46) Concurrent Relocate 10.082ms
[2026-04-03T03:34:04.817+0600][46.384s][info][gc,load     ] GC(46) Load: 4.58/4.31/4.77
[2026-04-03T03:34:04.817+0600][46.384s][info][gc,mmu      ] GC(46) MMU: 2ms/93.8%, 5ms/97.5%, 10ms/98.5%, 20ms/99.2%, 50ms/99.7%, 100ms/99.8%
[2026-04-03T03:34:04.817+0600][46.384s][info][gc,marking  ] GC(46) Mark: 2 stripe(s), 2 proactive flush(es), 1 terminate flush(es), 0 completion(s), 0 continuation(s) 
[2026-04-03T03:34:04.817+0600][46.384s][info][gc,marking  ] GC(46) Mark Stack Usage: 32M
[2026-04-03T03:34:04.818+0600][46.384s][info][gc,nmethod  ] GC(46) NMethods: 6767 registered, 589 unregistered
[2026-04-03T03:34:04.818+0600][46.384s][info][gc,metaspace] GC(46) Metaspace: 70M used, 71M committed, 1088M reserved
[2026-04-03T03:34:04.818+0600][46.384s][info][gc,ref      ] GC(46) Soft: 3235 encountered, 0 discovered, 0 enqueued
[2026-04-03T03:34:04.818+0600][46.384s][info][gc,ref      ] GC(46) Weak: 6674 encountered, 1049 discovered, 401 enqueued
[2026-04-03T03:34:04.818+0600][46.384s][info][gc,ref      ] GC(46) Final: 84 encountered, 1 discovered, 0 enqueued
[2026-04-03T03:34:04.818+0600][46.384s][info][gc,ref      ] GC(46) Phantom: 602 encountered, 438 discovered, 0 enqueued
[2026-04-03T03:34:04.818+0600][46.384s][info][gc,reloc    ] GC(46) Small Pages: 297 / 594M, Empty: 334M, Relocated: 8M, In-Place: 0
[2026-04-03T03:34:04.818+0600][46.384s][info][gc,reloc    ] GC(46) Medium Pages: 2 / 64M, Empty: 32M, Relocated: 0M, In-Place: 0
[2026-04-03T03:34:04.818+0600][46.384s][info][gc,reloc    ] GC(46) Large Pages: 11 / 114M, Empty: 114M, Relocated: 0M, In-Place: 0
[2026-04-03T03:34:04.818+0600][46.384s][info][gc,reloc    ] GC(46) Forwarding Usage: 3M
[2026-04-03T03:34:04.818+0600][46.384s][info][gc,heap     ] GC(46) Min Capacity: 8M(0%)
[2026-04-03T03:34:04.818+0600][46.384s][info][gc,heap     ] GC(46) Max Capacity: 1750M(100%)
[2026-04-03T03:34:04.818+0600][46.384s][info][gc,heap     ] GC(46) Soft Max Capacity: 1750M(100%)
[2026-04-03T03:34:04.818+0600][46.384s][info][gc,heap     ] GC(46)                Mark Start          Mark End        Relocate Start      Relocate End           High               Low         
[2026-04-03T03:34:04.818+0600][46.384s][info][gc,heap     ] GC(46)  Capacity:     1750M (100%)       1750M (100%)       1750M (100%)       1750M (100%)       1750M (100%)       1750M (100%)   
[2026-04-03T03:34:04.818+0600][46.384s][info][gc,heap     ] GC(46)      Free:      978M (56%)         764M (44%)        1222M (70%)        1296M (74%)        1298M (74%)         748M (43%)    
[2026-04-03T03:34:04.818+0600][46.384s][info][gc,heap     ] GC(46)      Used:      772M (44%)         986M (56%)         528M (30%)         454M (26%)        1002M (57%)         452M (26%)    
[2026-04-03T03:34:04.818+0600][46.384s][info][gc,heap     ] GC(46)      Live:         -               170M (10%)         170M (10%)         170M (10%)            -                  -          
[2026-04-03T03:34:04.818+0600][46.384s][info][gc,heap     ] GC(46) Allocated:         -               214M (12%)         236M (13%)         243M (14%)            -                  -          
[2026-04-03T03:34:04.818+0600][46.384s][info][gc,heap     ] GC(46)   Garbage:         -               601M (34%)         121M (7%)           39M (2%)             -                  -          
[2026-04-03T03:34:04.818+0600][46.384s][info][gc,heap     ] GC(46) Reclaimed:         -                  -               480M (27%)         561M (32%)            -                  -          
[2026-04-03T03:34:04.818+0600][46.384s][info][gc          ] GC(46) Garbage Collection (Allocation Rate) 772M(44%)->454M(26%)
[2026-04-03T03:34:04.851+0600][46.417s][info][gc,start    ] GC(47) Garbage Collection (Allocation Rate)
[2026-04-03T03:34:04.851+0600][46.417s][info][gc,task     ] GC(47) Using 3 workers
[2026-04-03T03:34:04.851+0600][46.417s][info][gc,phases   ] GC(47) Pause Mark Start 0.014ms
[2026-04-03T03:34:05.264+0600][46.831s][info][gc,phases   ] GC(47) Concurrent Mark 413.307ms
[2026-04-03T03:34:05.265+0600][46.831s][info][gc,phases   ] GC(47) Pause Mark End 0.029ms
[2026-04-03T03:34:05.265+0600][46.831s][info][gc,phases   ] GC(47) Concurrent Mark Free 0.002ms
[2026-04-03T03:34:05.274+0600][46.840s][info][gc,phases   ] GC(47) Concurrent Process Non-Strong References 9.177ms
[2026-04-03T03:34:05.274+0600][46.841s][info][gc,phases   ] GC(47) Concurrent Reset Relocation Set 0.012ms
[2026-04-03T03:34:05.289+0600][46.856s][info][gc,phases   ] GC(47) Concurrent Select Relocation Set 14.983ms
[2026-04-03T03:34:05.289+0600][46.856s][info][gc,phases   ] GC(47) Pause Relocate Start 0.033ms
[2026-04-03T03:34:05.334+0600][46.901s][info][gc,phases   ] GC(47) Concurrent Relocate 44.809ms
[2026-04-03T03:34:05.335+0600][46.901s][info][gc,load     ] GC(47) Load: 4.58/4.31/4.77
[2026-04-03T03:34:05.335+0600][46.901s][info][gc,mmu      ] GC(47) MMU: 2ms/93.8%, 5ms/97.5%, 10ms/98.5%, 20ms/99.2%, 50ms/99.7%, 100ms/99.8%
[2026-04-03T03:34:05.335+0600][46.901s][info][gc,marking  ] GC(47) Mark: 2 stripe(s), 10 proactive flush(es), 1 terminate flush(es), 0 completion(s), 0 continuation(s) 
[2026-04-03T03:34:05.335+0600][46.901s][info][gc,marking  ] GC(47) Mark Stack Usage: 32M
[2026-04-03T03:34:05.335+0600][46.901s][info][gc,nmethod  ] GC(47) NMethods: 6893 registered, 591 unregistered
[2026-04-03T03:34:05.335+0600][46.901s][info][gc,metaspace] GC(47) Metaspace: 70M used, 71M committed, 1088M reserved
[2026-04-03T03:34:05.335+0600][46.901s][info][gc,ref      ] GC(47) Soft: 3237 encountered, 0 discovered, 0 enqueued
[2026-04-03T03:34:05.335+0600][46.901s][info][gc,ref      ] GC(47) Weak: 6214 encountered, 960 discovered, 3 enqueued
[2026-04-03T03:34:05.335+0600][46.901s][info][gc,ref      ] GC(47) Final: 84 encountered, 84 discovered, 0 enqueued
[2026-04-03T03:34:05.335+0600][46.901s][info][gc,ref      ] GC(47) Phantom: 599 encountered, 376 discovered, 0 enqueued
[2026-04-03T03:34:05.335+0600][46.901s][info][gc,reloc    ] GC(47) Small Pages: 179 / 358M, Empty: 2M, Relocated: 22M, In-Place: 0
[2026-04-03T03:34:05.335+0600][46.901s][info][gc,reloc    ] GC(47) Medium Pages: 2 / 64M, Empty: 32M, Relocated: 0M, In-Place: 0
[2026-04-03T03:34:05.335+0600][46.901s][info][gc,reloc    ] GC(47) Large Pages: 6 / 48M, Empty: 18M, Relocated: 0M, In-Place: 0
[2026-04-03T03:34:05.335+0600][46.901s][info][gc,reloc    ] GC(47) Forwarding Usage: 25M
[2026-04-03T03:34:05.335+0600][46.901s][info][gc,heap     ] GC(47) Min Capacity: 8M(0%)
[2026-04-03T03:34:05.335+0600][46.901s][info][gc,heap     ] GC(47) Max Capacity: 1750M(100%)
[2026-04-03T03:34:05.335+0600][46.901s][info][gc,heap     ] GC(47) Soft Max Capacity: 1750M(100%)
[2026-04-03T03:34:05.335+0600][46.901s][info][gc,heap     ] GC(47)                Mark Start          Mark End        Relocate Start      Relocate End           High               Low         
[2026-04-03T03:34:05.335+0600][46.901s][info][gc,heap     ] GC(47)  Capacity:     1750M (100%)       1750M (100%)       1750M (100%)       1750M (100%)       1750M (100%)       1750M (100%)   
[2026-04-03T03:34:05.335+0600][46.901s][info][gc,heap     ] GC(47)      Free:     1280M (73%)        1018M (58%)        1056M (60%)        1196M (68%)        1280M (73%)        1010M (58%)    
[2026-04-03T03:34:05.335+0600][46.902s][info][gc,heap     ] GC(47)      Used:      470M (27%)         732M (42%)         694M (40%)         554M (32%)         740M (42%)         470M (27%)    
[2026-04-03T03:34:05.335+0600][46.902s][info][gc,heap     ] GC(47)      Live:         -               222M (13%)         222M (13%)         222M (13%)            -                  -          
[2026-04-03T03:34:05.335+0600][46.902s][info][gc,heap     ] GC(47) Allocated:         -               262M (15%)         276M (16%)         287M (16%)            -                  -          
[2026-04-03T03:34:05.335+0600][46.902s][info][gc,heap     ] GC(47)   Garbage:         -               247M (14%)         195M (11%)          43M (2%)             -                  -          
[2026-04-03T03:34:05.335+0600][46.902s][info][gc,heap     ] GC(47) Reclaimed:         -                  -                52M (3%)          203M (12%)            -                  -          
[2026-04-03T03:34:05.335+0600][46.902s][info][gc          ] GC(47) Garbage Collection (Allocation Rate) 470M(27%)->554M(32%)
[2026-04-03T03:34:05.350+0600][46.917s][info][gc,start    ] GC(48) Garbage Collection (Allocation Rate)
[2026-04-03T03:34:05.350+0600][46.917s][info][gc,task     ] GC(48) Using 3 workers
[2026-04-03T03:34:05.350+0600][46.917s][info][gc,phases   ] GC(48) Pause Mark Start 0.028ms
[2026-04-03T03:34:05.736+0600][47.303s][info][gc,phases   ] GC(48) Concurrent Mark 385.837ms
[2026-04-03T03:34:05.737+0600][47.303s][info][gc,phases   ] GC(48) Pause Mark End 0.045ms
[2026-04-03T03:34:05.737+0600][47.303s][info][gc,phases   ] GC(48) Concurrent Mark Free 0.001ms
[2026-04-03T03:34:05.746+0600][47.313s][info][gc,phases   ] GC(48) Concurrent Process Non-Strong References 9.355ms
[2026-04-03T03:34:05.746+0600][47.313s][info][gc,phases   ] GC(48) Concurrent Reset Relocation Set 0.028ms
[2026-04-03T03:34:05.753+0600][47.320s][info][gc,phases   ] GC(48) Concurrent Select Relocation Set 6.687ms
[2026-04-03T03:34:05.753+0600][47.320s][info][gc,phases   ] GC(48) Pause Relocate Start 0.016ms
[2026-04-03T03:34:05.790+0600][47.357s][info][gc,phases   ] GC(48) Concurrent Relocate 36.877ms
[2026-04-03T03:34:05.791+0600][47.357s][info][gc,load     ] GC(48) Load: 4.78/4.36/4.78
[2026-04-03T03:34:05.791+0600][47.357s][info][gc,mmu      ] GC(48) MMU: 2ms/93.8%, 5ms/97.5%, 10ms/98.5%, 20ms/99.2%, 50ms/99.7%, 100ms/99.8%
[2026-04-03T03:34:05.791+0600][47.357s][info][gc,marking  ] GC(48) Mark: 2 stripe(s), 10 proactive flush(es), 1 terminate flush(es), 0 completion(s), 0 continuation(s) 
[2026-04-03T03:34:05.791+0600][47.357s][info][gc,marking  ] GC(48) Mark Stack Usage: 32M
[2026-04-03T03:34:05.791+0600][47.357s][info][gc,nmethod  ] GC(48) NMethods: 6885 registered, 607 unregistered
[2026-04-03T03:34:05.791+0600][47.357s][info][gc,metaspace] GC(48) Metaspace: 70M used, 71M committed, 1088M reserved
[2026-04-03T03:34:05.791+0600][47.357s][info][gc,ref      ] GC(48) Soft: 3258 encountered, 0 discovered, 0 enqueued
[2026-04-03T03:34:05.791+0600][47.357s][info][gc,ref      ] GC(48) Weak: 6470 encountered, 4532 discovered, 194 enqueued
[2026-04-03T03:34:05.791+0600][47.357s][info][gc,ref      ] GC(48) Final: 84 encountered, 52 discovered, 0 enqueued
[2026-04-03T03:34:05.791+0600][47.357s][info][gc,ref      ] GC(48) Phantom: 601 encountered, 536 discovered, 0 enqueued
[2026-04-03T03:34:05.791+0600][47.357s][info][gc,reloc    ] GC(48) Small Pages: 221 / 442M, Empty: 120M, Relocated: 22M, In-Place: 0
[2026-04-03T03:34:05.791+0600][47.357s][info][gc,reloc    ] GC(48) Medium Pages: 2 / 64M, Empty: 32M, Relocated: 0M, In-Place: 0
[2026-04-03T03:34:05.791+0600][47.357s][info][gc,reloc    ] GC(48) Large Pages: 7 / 54M, Empty: 36M, Relocated: 0M, In-Place: 0
[2026-04-03T03:34:05.791+0600][47.357s][info][gc,reloc    ] GC(48) Forwarding Usage: 23M
[2026-04-03T03:34:05.791+0600][47.357s][info][gc,heap     ] GC(48) Min Capacity: 8M(0%)
[2026-04-03T03:34:05.791+0600][47.357s][info][gc,heap     ] GC(48) Max Capacity: 1750M(100%)
[2026-04-03T03:34:05.791+0600][47.357s][info][gc,heap     ] GC(48) Soft Max Capacity: 1750M(100%)
[2026-04-03T03:34:05.791+0600][47.357s][info][gc,heap     ] GC(48)                Mark Start          Mark End        Relocate Start      Relocate End           High               Low         
[2026-04-03T03:34:05.791+0600][47.357s][info][gc,heap     ] GC(48)  Capacity:     1750M (100%)       1750M (100%)       1750M (100%)       1750M (100%)       1750M (100%)       1750M (100%)   
[2026-04-03T03:34:05.791+0600][47.357s][info][gc,heap     ] GC(48)      Free:     1190M (68%)        1048M (60%)        1220M (70%)        1336M (76%)        1336M (76%)        1046M (60%)    
[2026-04-03T03:34:05.791+0600][47.357s][info][gc,heap     ] GC(48)      Used:      560M (32%)         702M (40%)         530M (30%)         414M (24%)         704M (40%)         414M (24%)    
[2026-04-03T03:34:05.791+0600][47.357s][info][gc,heap     ] GC(48)      Live:         -               205M (12%)         205M (12%)         205M (12%)            -                  -          
[2026-04-03T03:34:05.791+0600][47.357s][info][gc,heap     ] GC(48) Allocated:         -               142M (8%)          158M (9%)          167M (10%)            -                  -          
[2026-04-03T03:34:05.791+0600][47.357s][info][gc,heap     ] GC(48)   Garbage:         -               354M (20%)         166M (9%)           40M (2%)             -                  -          
[2026-04-03T03:34:05.791+0600][47.357s][info][gc,heap     ] GC(48) Reclaimed:         -                  -               188M (11%)         313M (18%)            -                  -          
[2026-04-03T03:34:05.791+0600][47.357s][info][gc          ] GC(48) Garbage Collection (Allocation Rate) 560M(32%)->414M(24%)
[2026-04-03T03:34:06.250+0600][47.817s][info][gc,start    ] GC(49) Garbage Collection (Allocation Rate)
[2026-04-03T03:34:06.250+0600][47.817s][info][gc,task     ] GC(49) Using 3 workers
[2026-04-03T03:34:06.251+0600][47.817s][info][gc,phases   ] GC(49) Pause Mark Start 0.017ms
[2026-04-03T03:34:06.583+0600][48.149s][info][gc,phases   ] GC(49) Concurrent Mark 331.924ms
[2026-04-03T03:34:06.583+0600][48.149s][info][gc,phases   ] GC(49) Pause Mark End 0.039ms
[2026-04-03T03:34:06.583+0600][48.150s][info][gc,phases   ] GC(49) Concurrent Mark Free 0.004ms
[2026-04-03T03:34:06.607+0600][48.174s][info][gc,phases   ] GC(49) Concurrent Process Non-Strong References 24.242ms
[2026-04-03T03:34:06.608+0600][48.174s][info][gc,phases   ] GC(49) Concurrent Reset Relocation Set 0.010ms
[2026-04-03T03:34:06.624+0600][48.191s][info][gc,phases   ] GC(49) Concurrent Select Relocation Set 16.745ms
[2026-04-03T03:34:06.625+0600][48.191s][info][gc,phases   ] GC(49) Pause Relocate Start 0.023ms
[2026-04-03T03:34:06.706+0600][48.273s][info][gc,phases   ] GC(49) Concurrent Relocate 81.069ms
[2026-04-03T03:34:06.706+0600][48.273s][info][gc,load     ] GC(49) Load: 4.78/4.36/4.78
[2026-04-03T03:34:06.706+0600][48.273s][info][gc,mmu      ] GC(49) MMU: 2ms/93.8%, 5ms/97.5%, 10ms/98.5%, 20ms/99.2%, 50ms/99.7%, 100ms/99.8%
[2026-04-03T03:34:06.706+0600][48.273s][info][gc,marking  ] GC(49) Mark: 2 stripe(s), 2 proactive flush(es), 1 terminate flush(es), 0 completion(s), 0 continuation(s) 
[2026-04-03T03:34:06.706+0600][48.273s][info][gc,marking  ] GC(49) Mark Stack Usage: 32M
[2026-04-03T03:34:06.706+0600][48.273s][info][gc,nmethod  ] GC(49) NMethods: 6935 registered, 617 unregistered
[2026-04-03T03:34:06.706+0600][48.273s][info][gc,metaspace] GC(49) Metaspace: 70M used, 71M committed, 1088M reserved
[2026-04-03T03:34:06.706+0600][48.273s][info][gc,ref      ] GC(49) Soft: 3262 encountered, 0 discovered, 0 enqueued
[2026-04-03T03:34:06.706+0600][48.273s][info][gc,ref      ] GC(49) Weak: 6386 encountered, 882 discovered, 70 enqueued
[2026-04-03T03:34:06.706+0600][48.273s][info][gc,ref      ] GC(49) Final: 84 encountered, 52 discovered, 0 enqueued
[2026-04-03T03:34:06.706+0600][48.273s][info][gc,ref      ] GC(49) Phantom: 602 encountered, 466 discovered, 0 enqueued
[2026-04-03T03:34:06.707+0600][48.273s][info][gc,reloc    ] GC(49) Small Pages: 427 / 854M, Empty: 214M, Relocated: 45M, In-Place: 0
[2026-04-03T03:34:06.707+0600][48.273s][info][gc,reloc    ] GC(49) Medium Pages: 2 / 64M, Empty: 0M, Relocated: 17M, In-Place: 0
[2026-04-03T03:34:06.707+0600][48.273s][info][gc,reloc    ] GC(49) Large Pages: 7 / 54M, Empty: 54M, Relocated: 0M, In-Place: 0
[2026-04-03T03:34:06.707+0600][48.273s][info][gc,reloc    ] GC(49) Forwarding Usage: 42M
[2026-04-03T03:34:06.707+0600][48.273s][info][gc,heap     ] GC(49) Min Capacity: 8M(0%)
[2026-04-03T03:34:06.707+0600][48.273s][info][gc,heap     ] GC(49) Max Capacity: 1750M(100%)
[2026-04-03T03:34:06.707+0600][48.273s][info][gc,heap     ] GC(49) Soft Max Capacity: 1750M(100%)
[2026-04-03T03:34:06.707+0600][48.273s][info][gc,heap     ] GC(49)                Mark Start          Mark End        Relocate Start      Relocate End           High               Low         
[2026-04-03T03:34:06.707+0600][48.273s][info][gc,heap     ] GC(49)  Capacity:     1750M (100%)       1750M (100%)       1750M (100%)       1750M (100%)       1750M (100%)       1750M (100%)   
[2026-04-03T03:34:06.707+0600][48.273s][info][gc,heap     ] GC(49)      Free:      778M (44%)         458M (26%)         716M (41%)        1164M (67%)        1164M (67%)         456M (26%)    
[2026-04-03T03:34:06.707+0600][48.273s][info][gc,heap     ] GC(49)      Used:      972M (56%)        1292M (74%)        1034M (59%)         586M (33%)        1294M (74%)         586M (33%)    
[2026-04-03T03:34:06.707+0600][48.273s][info][gc,heap     ] GC(49)      Live:         -               217M (12%)         217M (12%)         217M (12%)            -                  -          
[2026-04-03T03:34:06.707+0600][48.273s][info][gc,heap     ] GC(49) Allocated:         -               320M (18%)         330M (19%)         334M (19%)            -                  -          
[2026-04-03T03:34:06.707+0600][48.273s][info][gc,heap     ] GC(49)   Garbage:         -               754M (43%)         486M (28%)          34M (2%)             -                  -          
[2026-04-03T03:34:06.707+0600][48.273s][info][gc,heap     ] GC(49) Reclaimed:         -                  -               268M (15%)         720M (41%)            -                  -          
[2026-04-03T03:34:06.707+0600][48.273s][info][gc          ] GC(49) Garbage Collection (Allocation Rate) 972M(56%)->586M(33%)
[2026-04-03T03:34:06.750+0600][48.316s][info][gc,start    ] GC(50) Garbage Collection (Allocation Rate)
[2026-04-03T03:34:06.750+0600][48.317s][info][gc,task     ] GC(50) Using 3 workers
[2026-04-03T03:34:06.750+0600][48.317s][info][gc,phases   ] GC(50) Pause Mark Start 0.013ms
[2026-04-03T03:34:07.310+0600][48.877s][info][gc,phases   ] GC(50) Concurrent Mark 559.783ms
[2026-04-03T03:34:07.311+0600][48.877s][info][gc,phases   ] GC(50) Pause Mark End 0.045ms
[2026-04-03T03:34:07.311+0600][48.877s][info][gc,phases   ] GC(50) Concurrent Mark Free 0.002ms
[2026-04-03T03:34:07.322+0600][48.888s][info][gc,phases   ] GC(50) Concurrent Process Non-Strong References 10.714ms
[2026-04-03T03:34:07.322+0600][48.888s][info][gc,phases   ] GC(50) Concurrent Reset Relocation Set 0.093ms
[2026-04-03T03:34:07.332+0600][48.899s][info][gc,phases   ] GC(50) Concurrent Select Relocation Set 10.237ms
[2026-04-03T03:34:07.333+0600][48.899s][info][gc,phases   ] GC(50) Pause Relocate Start 0.023ms
[2026-04-03T03:34:07.398+0600][48.965s][info][gc,phases   ] GC(50) Concurrent Relocate 65.074ms
[2026-04-03T03:34:07.398+0600][48.965s][info][gc,load     ] GC(50) Load: 4.78/4.36/4.78
[2026-04-03T03:34:07.398+0600][48.965s][info][gc,mmu      ] GC(50) MMU: 2ms/93.8%, 5ms/97.5%, 10ms/98.5%, 20ms/99.2%, 50ms/99.7%, 100ms/99.8%
[2026-04-03T03:34:07.398+0600][48.965s][info][gc,marking  ] GC(50) Mark: 2 stripe(s), 10 proactive flush(es), 1 terminate flush(es), 0 completion(s), 0 continuation(s) 
[2026-04-03T03:34:07.398+0600][48.965s][info][gc,marking  ] GC(50) Mark Stack Usage: 32M
[2026-04-03T03:34:07.398+0600][48.965s][info][gc,nmethod  ] GC(50) NMethods: 6969 registered, 621 unregistered
[2026-04-03T03:34:07.398+0600][48.965s][info][gc,metaspace] GC(50) Metaspace: 70M used, 71M committed, 1088M reserved
[2026-04-03T03:34:07.398+0600][48.965s][info][gc,ref      ] GC(50) Soft: 3264 encountered, 0 discovered, 0 enqueued
[2026-04-03T03:34:07.398+0600][48.965s][info][gc,ref      ] GC(50) Weak: 6323 encountered, 3085 discovered, 3 enqueued
[2026-04-03T03:34:07.398+0600][48.965s][info][gc,ref      ] GC(50) Final: 84 encountered, 52 discovered, 0 enqueued
[2026-04-03T03:34:07.398+0600][48.965s][info][gc,ref      ] GC(50) Phantom: 599 encountered, 426 discovered, 0 enqueued
[2026-04-03T03:34:07.398+0600][48.965s][info][gc,reloc    ] GC(50) Small Pages: 253 / 506M, Empty: 6M, Relocated: 30M, In-Place: 0
[2026-04-03T03:34:07.398+0600][48.965s][info][gc,reloc    ] GC(50) Medium Pages: 2 / 64M, Empty: 0M, Relocated: 15M, In-Place: 0
[2026-04-03T03:34:07.398+0600][48.965s][info][gc,reloc    ] GC(50) Large Pages: 3 / 18M, Empty: 6M, Relocated: 0M, In-Place: 0
[2026-04-03T03:34:07.398+0600][48.965s][info][gc,reloc    ] GC(50) Forwarding Usage: 29M
[2026-04-03T03:34:07.398+0600][48.965s][info][gc,heap     ] GC(50) Min Capacity: 8M(0%)
[2026-04-03T03:34:07.398+0600][48.965s][info][gc,heap     ] GC(50) Max Capacity: 1750M(100%)
[2026-04-03T03:34:07.398+0600][48.965s][info][gc,heap     ] GC(50) Soft Max Capacity: 1750M(100%)
[2026-04-03T03:34:07.398+0600][48.965s][info][gc,heap     ] GC(50)                Mark Start          Mark End        Relocate Start      Relocate End           High               Low         
[2026-04-03T03:34:07.398+0600][48.965s][info][gc,heap     ] GC(50)  Capacity:     1750M (100%)       1750M (100%)       1750M (100%)       1750M (100%)       1750M (100%)       1750M (100%)   
[2026-04-03T03:34:07.398+0600][48.965s][info][gc,heap     ] GC(50)      Free:     1162M (66%)        1048M (60%)        1060M (61%)        1326M (76%)        1326M (76%)        1026M (59%)    
[2026-04-03T03:34:07.398+0600][48.965s][info][gc,heap     ] GC(50)      Used:      588M (34%)         702M (40%)         690M (39%)         424M (24%)         724M (41%)         424M (24%)    
[2026-04-03T03:34:07.399+0600][48.965s][info][gc,heap     ] GC(50)      Live:         -               249M (14%)         249M (14%)         249M (14%)            -                  -          
[2026-04-03T03:34:07.399+0600][48.965s][info][gc,heap     ] GC(50) Allocated:         -               114M (7%)          114M (7%)          130M (7%)             -                  -          
[2026-04-03T03:34:07.399+0600][48.965s][info][gc,heap     ] GC(50)   Garbage:         -               338M (19%)         326M (19%)          44M (3%)             -                  -          
[2026-04-03T03:34:07.399+0600][48.965s][info][gc,heap     ] GC(50) Reclaimed:         -                  -                12M (1%)          294M (17%)            -                  -          
[2026-04-03T03:34:07.399+0600][48.965s][info][gc          ] GC(50) Garbage Collection (Allocation Rate) 588M(34%)->424M(24%)
[2026-04-03T03:34:07.450+0600][49.016s][info][gc,start    ] GC(51) Garbage Collection (Allocation Rate)
[2026-04-03T03:34:07.450+0600][49.016s][info][gc,task     ] GC(51) Using 3 workers
[2026-04-03T03:34:07.451+0600][49.017s][info][gc,phases   ] GC(51) Pause Mark Start 0.020ms
[2026-04-03T03:34:07.858+0600][49.425s][info][gc,phases   ] GC(51) Concurrent Mark 407.340ms
[2026-04-03T03:34:07.859+0600][49.425s][info][gc,phases   ] GC(51) Pause Mark End 0.031ms
[2026-04-03T03:34:07.859+0600][49.425s][info][gc,phases   ] GC(51) Concurrent Mark Free 0.002ms
[2026-04-03T03:34:07.869+0600][49.435s][info][gc,phases   ] GC(51) Concurrent Process Non-Strong References 9.910ms
[2026-04-03T03:34:07.869+0600][49.436s][info][gc,phases   ] GC(51) Concurrent Reset Relocation Set 0.029ms
[2026-04-03T03:34:07.878+0600][49.444s][info][gc,phases   ] GC(51) Concurrent Select Relocation Set 8.522ms
[2026-04-03T03:34:07.878+0600][49.445s][info][gc,phases   ] GC(51) Pause Relocate Start 0.013ms
[2026-04-03T03:34:07.946+0600][49.513s][info][gc,phases   ] GC(51) Concurrent Relocate 67.816ms
[2026-04-03T03:34:07.946+0600][49.513s][info][gc,load     ] GC(51) Load: 4.78/4.36/4.78
[2026-04-03T03:34:07.946+0600][49.513s][info][gc,mmu      ] GC(51) MMU: 2ms/93.8%, 5ms/97.5%, 10ms/98.5%, 20ms/99.2%, 50ms/99.7%, 100ms/99.8%
[2026-04-03T03:34:07.946+0600][49.513s][info][gc,marking  ] GC(51) Mark: 2 stripe(s), 2 proactive flush(es), 1 terminate flush(es), 0 completion(s), 0 continuation(s) 
[2026-04-03T03:34:07.946+0600][49.513s][info][gc,marking  ] GC(51) Mark Stack Usage: 32M
[2026-04-03T03:34:07.946+0600][49.513s][info][gc,nmethod  ] GC(51) NMethods: 7001 registered, 623 unregistered
[2026-04-03T03:34:07.946+0600][49.513s][info][gc,metaspace] GC(51) Metaspace: 70M used, 71M committed, 1088M reserved
[2026-04-03T03:34:07.946+0600][49.513s][info][gc,ref      ] GC(51) Soft: 3273 encountered, 0 discovered, 0 enqueued
[2026-04-03T03:34:07.946+0600][49.513s][info][gc,ref      ] GC(51) Weak: 6334 encountered, 2427 discovered, 4 enqueued
[2026-04-03T03:34:07.946+0600][49.513s][info][gc,ref      ] GC(51) Final: 84 encountered, 84 discovered, 0 enqueued
[2026-04-03T03:34:07.946+0600][49.513s][info][gc,ref      ] GC(51) Phantom: 599 encountered, 432 discovered, 0 enqueued
[2026-04-03T03:34:07.946+0600][49.513s][info][gc,reloc    ] GC(51) Small Pages: 167 / 334M, Empty: 30M, Relocated: 34M, In-Place: 0
[2026-04-03T03:34:07.946+0600][49.513s][info][gc,reloc    ] GC(51) Medium Pages: 4 / 128M, Empty: 0M, Relocated: 47M, In-Place: 0
[2026-04-03T03:34:07.946+0600][49.513s][info][gc,reloc    ] GC(51) Large Pages: 5 / 30M, Empty: 24M, Relocated: 0M, In-Place: 0
[2026-04-03T03:34:07.946+0600][49.513s][info][gc,reloc    ] GC(51) Forwarding Usage: 33M
[2026-04-03T03:34:07.946+0600][49.513s][info][gc,heap     ] GC(51) Min Capacity: 8M(0%)
[2026-04-03T03:34:07.946+0600][49.513s][info][gc,heap     ] GC(51) Max Capacity: 1750M(100%)
[2026-04-03T03:34:07.946+0600][49.513s][info][gc,heap     ] GC(51) Soft Max Capacity: 1750M(100%)
[2026-04-03T03:34:07.946+0600][49.513s][info][gc,heap     ] GC(51)                Mark Start          Mark End        Relocate Start      Relocate End           High               Low         
[2026-04-03T03:34:07.946+0600][49.513s][info][gc,heap     ] GC(51)  Capacity:     1750M (100%)       1750M (100%)       1750M (100%)       1750M (100%)       1750M (100%)       1750M (100%)   
[2026-04-03T03:34:07.946+0600][49.513s][info][gc,heap     ] GC(51)      Free:     1258M (72%)        1106M (63%)        1158M (66%)        1250M (71%)        1258M (72%)        1104M (63%)    
[2026-04-03T03:34:07.946+0600][49.513s][info][gc,heap     ] GC(51)      Used:      492M (28%)         644M (37%)         592M (34%)         500M (29%)         646M (37%)         492M (28%)    
[2026-04-03T03:34:07.946+0600][49.513s][info][gc,heap     ] GC(51)      Live:         -               244M (14%)         244M (14%)         244M (14%)            -                  -          
[2026-04-03T03:34:07.946+0600][49.513s][info][gc,heap     ] GC(51) Allocated:         -               152M (9%)          154M (9%)          218M (13%)            -                  -          
[2026-04-03T03:34:07.946+0600][49.513s][info][gc,heap     ] GC(51)   Garbage:         -               247M (14%)         193M (11%)          36M (2%)             -                  -          
[2026-04-03T03:34:07.946+0600][49.513s][info][gc,heap     ] GC(51) Reclaimed:         -                  -                54M (3%)          210M (12%)            -                  -          
[2026-04-03T03:34:07.946+0600][49.513s][info][gc          ] GC(51) Garbage Collection (Allocation Rate) 492M(28%)->500M(29%)
[2026-04-03T03:34:08.150+0600][49.716s][info][gc,start    ] GC(52) Garbage Collection (Allocation Rate)
[2026-04-03T03:34:08.150+0600][49.716s][info][gc,task     ] GC(52) Using 3 workers
[2026-04-03T03:34:08.150+0600][49.717s][info][gc,phases   ] GC(52) Pause Mark Start 0.009ms
[2026-04-03T03:34:08.466+0600][50.033s][info][gc,phases   ] GC(52) Concurrent Mark 315.846ms
[2026-04-03T03:34:08.467+0600][50.033s][info][gc,phases   ] GC(52) Pause Mark End 0.054ms
[2026-04-03T03:34:08.467+0600][50.033s][info][gc,phases   ] GC(52) Concurrent Mark Free 0.002ms
[2026-04-03T03:34:08.474+0600][50.041s][info][gc,phases   ] GC(52) Concurrent Process Non-Strong References 7.444ms
[2026-04-03T03:34:08.474+0600][50.041s][info][gc,phases   ] GC(52) Concurrent Reset Relocation Set 0.016ms
[2026-04-03T03:34:08.483+0600][50.049s][info][gc,phases   ] GC(52) Concurrent Select Relocation Set 8.546ms
[2026-04-03T03:34:08.483+0600][50.050s][info][gc,phases   ] GC(52) Pause Relocate Start 0.015ms
[2026-04-03T03:34:08.534+0600][50.100s][info][gc,phases   ] GC(52) Concurrent Relocate 50.384ms
[2026-04-03T03:34:08.534+0600][50.100s][info][gc,load     ] GC(52) Load: 4.78/4.36/4.78
[2026-04-03T03:34:08.534+0600][50.100s][info][gc,mmu      ] GC(52) MMU: 2ms/93.8%, 5ms/97.5%, 10ms/98.5%, 20ms/99.2%, 50ms/99.7%, 100ms/99.8%
[2026-04-03T03:34:08.534+0600][50.100s][info][gc,marking  ] GC(52) Mark: 2 stripe(s), 2 proactive flush(es), 1 terminate flush(es), 0 completion(s), 0 continuation(s) 
[2026-04-03T03:34:08.534+0600][50.100s][info][gc,marking  ] GC(52) Mark Stack Usage: 32M
[2026-04-03T03:34:08.534+0600][50.100s][info][gc,nmethod  ] GC(52) NMethods: 7084 registered, 628 unregistered
[2026-04-03T03:34:08.534+0600][50.100s][info][gc,metaspace] GC(52) Metaspace: 71M used, 71M committed, 1088M reserved
[2026-04-03T03:34:08.534+0600][50.100s][info][gc,ref      ] GC(52) Soft: 3271 encountered, 0 discovered, 0 enqueued
[2026-04-03T03:34:08.534+0600][50.100s][info][gc,ref      ] GC(52) Weak: 6370 encountered, 3186 discovered, 149 enqueued
[2026-04-03T03:34:08.534+0600][50.100s][info][gc,ref      ] GC(52) Final: 84 encountered, 4 discovered, 0 enqueued
[2026-04-03T03:34:08.534+0600][50.100s][info][gc,ref      ] GC(52) Phantom: 599 encountered, 426 discovered, 0 enqueued
[2026-04-03T03:34:08.534+0600][50.100s][info][gc,reloc    ] GC(52) Small Pages: 286 / 572M, Empty: 22M, Relocated: 41M, In-Place: 0
[2026-04-03T03:34:08.534+0600][50.100s][info][gc,reloc    ] GC(52) Medium Pages: 5 / 160M, Empty: 128M, Relocated: 0M, In-Place: 0
[2026-04-03T03:34:08.534+0600][50.100s][info][gc,reloc    ] GC(52) Large Pages: 16 / 100M, Empty: 82M, Relocated: 0M, In-Place: 0
[2026-04-03T03:34:08.534+0600][50.100s][info][gc,reloc    ] GC(52) Forwarding Usage: 41M
[2026-04-03T03:34:08.534+0600][50.101s][info][gc,heap     ] GC(52) Min Capacity: 8M(0%)
[2026-04-03T03:34:08.534+0600][50.101s][info][gc,heap     ] GC(52) Max Capacity: 1750M(100%)
[2026-04-03T03:34:08.534+0600][50.101s][info][gc,heap     ] GC(52) Soft Max Capacity: 1750M(100%)
[2026-04-03T03:34:08.534+0600][50.101s][info][gc,heap     ] GC(52)                Mark Start          Mark End        Relocate Start      Relocate End           High               Low         
[2026-04-03T03:34:08.534+0600][50.101s][info][gc,heap     ] GC(52)  Capacity:     1750M (100%)       1750M (100%)       1750M (100%)       1750M (100%)       1750M (100%)       1750M (100%)   
[2026-04-03T03:34:08.534+0600][50.101s][info][gc,heap     ] GC(52)      Free:      918M (52%)         424M (24%)         602M (34%)         798M (46%)         918M (52%)         388M (22%)    
[2026-04-03T03:34:08.534+0600][50.101s][info][gc,heap     ] GC(52)      Used:      832M (48%)        1326M (76%)        1148M (66%)         952M (54%)        1362M (78%)         832M (48%)    
[2026-04-03T03:34:08.534+0600][50.101s][info][gc,heap     ] GC(52)      Live:         -               251M (14%)         251M (14%)         251M (14%)            -                  -          
[2026-04-03T03:34:08.534+0600][50.101s][info][gc,heap     ] GC(52) Allocated:         -               494M (28%)         548M (31%)         657M (38%)            -                  -          
[2026-04-03T03:34:08.534+0600][50.101s][info][gc,heap     ] GC(52)   Garbage:         -               580M (33%)         348M (20%)          42M (2%)             -                  -          
[2026-04-03T03:34:08.534+0600][50.101s][info][gc,heap     ] GC(52) Reclaimed:         -                  -               232M (13%)         537M (31%)            -                  -          
[2026-04-03T03:34:08.534+0600][50.101s][info][gc          ] GC(52) Garbage Collection (Allocation Rate) 832M(48%)->952M(54%)
[2026-04-03T03:34:08.537+0600][50.103s][info][gc,start    ] GC(53) Garbage Collection (System.gc())
[2026-04-03T03:34:08.537+0600][50.103s][info][gc,task     ] GC(53) Using 3 workers
[2026-04-03T03:34:08.537+0600][50.103s][info][gc,phases   ] GC(53) Pause Mark Start 0.013ms
[2026-04-03T03:34:08.551+0600][50.117s][info][gc,stats    ] === Garbage Collection Statistics =======================================================================================================================
[2026-04-03T03:34:08.551+0600][50.117s][info][gc,stats    ]                                                              Last 10s              Last 10m              Last 10h                Total
[2026-04-03T03:34:08.551+0600][50.117s][info][gc,stats    ]                                                              Avg / Max             Avg / Max             Avg / Max             Avg / Max
[2026-04-03T03:34:08.551+0600][50.117s][info][gc,stats    ]   Collector: Garbage Collection Cycle                    688.420 / 1123.942    526.496 / 1693.967    526.496 / 1693.967    526.496 / 1693.967    ms
[2026-04-03T03:34:08.551+0600][50.117s][info][gc,stats    ]  Contention: Mark Segment Reset Contention                     9 / 16                5 / 26                5 / 26                5 / 26          ops/s
[2026-04-03T03:34:08.551+0600][50.117s][info][gc,stats    ]  Contention: Mark SeqNum Reset Contention                      0 / 1                 0 / 1                 0 / 1                 0 / 1           ops/s
[2026-04-03T03:34:08.551+0600][50.117s][info][gc,stats    ]    Critical: Allocation Stall                                  0 / 4                 0 / 6                 0 / 6                 0 / 6           ops/s
[2026-04-03T03:34:08.551+0600][50.117s][info][gc,stats    ]    Critical: Allocation Stall                            125.551 / 132.628     124.676 / 274.971     124.676 / 274.971     124.676 / 274.971     ms
[2026-04-03T03:34:08.551+0600][50.117s][info][gc,stats    ]    Critical: GC Locker Stall                                   0 / 0                 0 / 1                 0 / 1                 0 / 1           ops/s
[2026-04-03T03:34:08.551+0600][50.117s][info][gc,stats    ]    Critical: GC Locker Stall                               0.000 / 0.000         0.002 / 0.003         0.002 / 0.003         0.002 / 0.003       ms
[2026-04-03T03:34:08.551+0600][50.117s][info][gc,stats    ]    Critical: Relocation Stall                                  0 / 0                 0 / 0                 0 / 0                 0 / 0           ops/s
[2026-04-03T03:34:08.551+0600][50.117s][info][gc,stats    ]    Critical: Relocation Stall                              0.000 / 0.000         0.000 / 0.000         0.000 / 0.000         0.000 / 0.000       ms
[2026-04-03T03:34:08.551+0600][50.117s][info][gc,stats    ]      Memory: Allocation Rate                                 598 / 1096            515 / 2718            515 / 2718            515 / 2718        MB/s
[2026-04-03T03:34:08.551+0600][50.117s][info][gc,stats    ]      Memory: Defragment                                        4 / 47                5 / 64                5 / 64                5 / 64          ops/s
[2026-04-03T03:34:08.551+0600][50.117s][info][gc,stats    ]      Memory: Out Of Memory                                     0 / 0                 0 / 0                 0 / 0                 0 / 0           ops/s
[2026-04-03T03:34:08.551+0600][50.117s][info][gc,stats    ]      Memory: Page Cache Flush                                 53 / 130              33 / 146              33 / 146              33 / 146         MB/s
[2026-04-03T03:34:08.551+0600][50.117s][info][gc,stats    ]      Memory: Page Cache Hit L1                               278 / 523             230 / 1353            230 / 1353            230 / 1353        ops/s
[2026-04-03T03:34:08.551+0600][50.117s][info][gc,stats    ]      Memory: Page Cache Hit L2                                 0 / 0                 0 / 0                 0 / 0                 0 / 0           ops/s
[2026-04-03T03:34:08.551+0600][50.117s][info][gc,stats    ]      Memory: Page Cache Hit L3                                 5 / 38                8 / 104               8 / 104               8 / 104         ops/s
[2026-04-03T03:34:08.551+0600][50.117s][info][gc,stats    ]      Memory: Page Cache Miss                                   3 / 10               12 / 155              12 / 155              12 / 155         ops/s
[2026-04-03T03:34:08.551+0600][50.117s][info][gc,stats    ]      Memory: Uncommit                                          0 / 0                 0 / 0                 0 / 0                 0 / 0           MB/s
[2026-04-03T03:34:08.551+0600][50.117s][info][gc,stats    ]      Memory: Undo Object Allocation Failed                     0 / 0                 0 / 0                 0 / 0                 0 / 0           ops/s
[2026-04-03T03:34:08.551+0600][50.117s][info][gc,stats    ]      Memory: Undo Object Allocation Succeeded                  1 / 3                 0 / 12                0 / 12                0 / 12          ops/s
[2026-04-03T03:34:08.551+0600][50.117s][info][gc,stats    ]      Memory: Undo Page Allocation                              0 / 0                 0 / 3                 0 / 3                 0 / 3           ops/s
[2026-04-03T03:34:08.551+0600][50.117s][info][gc,stats    ]       Phase: Concurrent Mark                             589.233 / 996.049     445.095 / 1112.176    445.095 / 1112.176    445.095 / 1112.176    ms
[2026-04-03T03:34:08.551+0600][50.117s][info][gc,stats    ]       Phase: Concurrent Mark Continue                      0.000 / 0.000         0.000 / 0.000         0.000 / 0.000         0.000 / 0.000       ms
[2026-04-03T03:34:08.551+0600][50.117s][info][gc,stats    ]       Phase: Concurrent Mark Free                          0.003 / 0.005         0.003 / 0.006         0.003 / 0.006         0.003 / 0.006       ms
[2026-04-03T03:34:08.551+0600][50.117s][info][gc,stats    ]       Phase: Concurrent Process Non-Strong References     15.292 / 28.177       11.686 / 28.386       11.686 / 28.386       11.686 / 28.386      ms
[2026-04-03T03:34:08.551+0600][50.117s][info][gc,stats    ]       Phase: Concurrent Relocate                          70.530 / 142.536      56.809 / 468.741      56.809 / 468.741      56.809 / 468.741     ms
[2026-04-03T03:34:08.551+0600][50.117s][info][gc,stats    ]       Phase: Concurrent Reset Relocation Set               0.044 / 0.111         0.027 / 0.114         0.027 / 0.114         0.027 / 0.114       ms
[2026-04-03T03:34:08.551+0600][50.117s][info][gc,stats    ]       Phase: Concurrent Select Relocation Set             11.265 / 29.778       10.583 / 98.465       10.583 / 98.465       10.583 / 98.465      ms
[2026-04-03T03:34:08.551+0600][50.117s][info][gc,stats    ]       Phase: Pause Mark End                                0.041 / 0.065         0.035 / 0.080         0.035 / 0.080         0.035 / 0.080       ms
[2026-04-03T03:34:08.551+0600][50.117s][info][gc,stats    ]       Phase: Pause Mark Start                              0.019 / 0.064         0.022 / 0.123         0.022 / 0.123         0.022 / 0.123       ms
[2026-04-03T03:34:08.551+0600][50.117s][info][gc,stats    ]       Phase: Pause Relocate Start                          0.019 / 0.033         0.021 / 0.121         0.021 / 0.121         0.021 / 0.121       ms
[2026-04-03T03:34:08.551+0600][50.118s][info][gc,stats    ]    Subphase: Concurrent Classes Purge                      0.205 / 1.103         0.191 / 1.103         0.191 / 1.103         0.191 / 1.103       ms
[2026-04-03T03:34:08.551+0600][50.118s][info][gc,stats    ]    Subphase: Concurrent Classes Unlink                    12.657 / 24.447        9.372 / 25.602        9.372 / 25.602        9.372 / 25.602      ms
[2026-04-03T03:34:08.551+0600][50.118s][info][gc,stats    ]    Subphase: Concurrent Mark                             587.601 / 994.764     447.517 / 1109.761    447.517 / 1109.761    447.517 / 1109.761    ms
[2026-04-03T03:34:08.551+0600][50.118s][info][gc,stats    ]    Subphase: Concurrent Mark Try Flush                     0.284 / 0.541         0.279 / 2.378         0.279 / 2.378         0.279 / 2.378       ms
[2026-04-03T03:34:08.551+0600][50.118s][info][gc,stats    ]    Subphase: Concurrent Mark Try Terminate                 1.024 / 1.233         1.073 / 1.295         1.073 / 1.295         1.073 / 1.295       ms
[2026-04-03T03:34:08.551+0600][50.118s][info][gc,stats    ]    Subphase: Concurrent References Enqueue                 0.008 / 0.029         0.006 / 0.029         0.006 / 0.029         0.006 / 0.029       ms
[2026-04-03T03:34:08.551+0600][50.118s][info][gc,stats    ]    Subphase: Concurrent References Process                 0.576 / 1.043         0.490 / 1.222         0.490 / 1.222         0.490 / 1.222       ms
[2026-04-03T03:34:08.551+0600][50.118s][info][gc,stats    ]    Subphase: Concurrent Roots ClassLoaderDataGraph         0.296 / 0.900         0.271 / 0.982         0.271 / 0.982         0.271 / 0.982       ms
[2026-04-03T03:34:08.551+0600][50.118s][info][gc,stats    ]    Subphase: Concurrent Roots CodeCache                    0.000 / 0.000         0.000 / 0.000         0.000 / 0.000         0.000 / 0.000       ms
[2026-04-03T03:34:08.551+0600][50.118s][info][gc,stats    ]    Subphase: Concurrent Roots JavaThreads                  0.623 / 1.014         0.537 / 2.093         0.537 / 2.093         0.537 / 2.093       ms
[2026-04-03T03:34:08.551+0600][50.118s][info][gc,stats    ]    Subphase: Concurrent Roots OopStorageSet                0.058 / 0.133         0.055 / 0.133         0.055 / 0.133         0.055 / 0.133       ms
[2026-04-03T03:34:08.551+0600][50.118s][info][gc,stats    ]    Subphase: Concurrent Weak Roots OopStorageSet           0.908 / 1.195         0.912 / 2.268         0.912 / 2.268         0.912 / 2.268       ms
[2026-04-03T03:34:08.551+0600][50.118s][info][gc,stats    ]    Subphase: Pause Mark Try Complete                       0.000 / 0.000         0.000 / 0.000         0.000 / 0.000         0.000 / 0.000       ms
[2026-04-03T03:34:08.551+0600][50.118s][info][gc,stats    ]      System: Java Threads                                    147 / 181              94 / 181              94 / 181              94 / 181         threads
[2026-04-03T03:34:08.551+0600][50.118s][info][gc,stats    ] =========================================================================================================================================================
[2026-04-03T03:34:08.715+0600][50.281s][info][gc,phases   ] GC(53) Concurrent Mark 177.635ms
[2026-04-03T03:34:08.715+0600][50.281s][info][gc,phases   ] GC(53) Pause Mark End 0.021ms
[2026-04-03T03:34:08.715+0600][50.282s][info][gc,phases   ] GC(53) Concurrent Mark Free 0.002ms
[2026-04-03T03:34:08.721+0600][50.287s][info][gc,phases   ] GC(53) Concurrent Process Non-Strong References 5.855ms
[2026-04-03T03:34:08.721+0600][50.287s][info][gc,phases   ] GC(53) Concurrent Reset Relocation Set 0.016ms
[2026-04-03T03:34:08.727+0600][50.293s][info][gc,phases   ] GC(53) Concurrent Select Relocation Set 5.591ms
[2026-04-03T03:34:08.727+0600][50.293s][info][gc,phases   ] GC(53) Pause Relocate Start 0.010ms
[2026-04-03T03:34:08.732+0600][50.298s][info][gc,phases   ] GC(53) Concurrent Relocate 4.783ms
[2026-04-03T03:34:08.732+0600][50.298s][info][gc,load     ] GC(53) Load: 4.78/4.36/4.78
[2026-04-03T03:34:08.732+0600][50.298s][info][gc,mmu      ] GC(53) MMU: 2ms/93.8%, 5ms/97.5%, 10ms/98.5%, 20ms/99.2%, 50ms/99.7%, 100ms/99.8%
[2026-04-03T03:34:08.732+0600][50.298s][info][gc,marking  ] GC(53) Mark: 2 stripe(s), 2 proactive flush(es), 1 terminate flush(es), 0 completion(s), 0 continuation(s) 
[2026-04-03T03:34:08.732+0600][50.298s][info][gc,marking  ] GC(53) Mark Stack Usage: 32M
[2026-04-03T03:34:08.732+0600][50.298s][info][gc,nmethod  ] GC(53) NMethods: 7083 registered, 637 unregistered
[2026-04-03T03:34:08.732+0600][50.298s][info][gc,metaspace] GC(53) Metaspace: 71M used, 71M committed, 1088M reserved
[2026-04-03T03:34:08.732+0600][50.298s][info][gc,ref      ] GC(53) Soft: 3271 encountered, 0 discovered, 0 enqueued
[2026-04-03T03:34:08.732+0600][50.299s][info][gc,ref      ] GC(53) Weak: 6244 encountered, 1275 discovered, 16 enqueued
[2026-04-03T03:34:08.732+0600][50.299s][info][gc,ref      ] GC(53) Final: 84 encountered, 4 discovered, 0 enqueued
[2026-04-03T03:34:08.732+0600][50.299s][info][gc,ref      ] GC(53) Phantom: 599 encountered, 452 discovered, 0 enqueued
[2026-04-03T03:34:08.732+0600][50.299s][info][gc,reloc    ] GC(53) Small Pages: 449 / 898M, Empty: 688M, Relocated: 5M, In-Place: 0
[2026-04-03T03:34:08.732+0600][50.299s][info][gc,reloc    ] GC(53) Medium Pages: 1 / 32M, Empty: 0M, Relocated: 0M, In-Place: 0
[2026-04-03T03:34:08.732+0600][50.299s][info][gc,reloc    ] GC(53) Large Pages: 4 / 24M, Empty: 24M, Relocated: 0M, In-Place: 0
[2026-04-03T03:34:08.732+0600][50.299s][info][gc,reloc    ] GC(53) Forwarding Usage: 2M
[2026-04-03T03:34:08.732+0600][50.299s][info][gc,heap     ] GC(53) Min Capacity: 8M(0%)
[2026-04-03T03:34:08.732+0600][50.299s][info][gc,heap     ] GC(53) Max Capacity: 1750M(100%)
[2026-04-03T03:34:08.732+0600][50.299s][info][gc,heap     ] GC(53) Soft Max Capacity: 1750M(100%)
[2026-04-03T03:34:08.732+0600][50.299s][info][gc,heap     ] GC(53)                Mark Start          Mark End        Relocate Start      Relocate End           High               Low         
[2026-04-03T03:34:08.732+0600][50.299s][info][gc,heap     ] GC(53)  Capacity:     1750M (100%)       1750M (100%)       1750M (100%)       1750M (100%)       1750M (100%)       1750M (100%)   
[2026-04-03T03:34:08.732+0600][50.299s][info][gc,heap     ] GC(53)      Free:      796M (45%)         794M (45%)        1498M (86%)        1528M (87%)        1528M (87%)         794M (45%)    
[2026-04-03T03:34:08.732+0600][50.299s][info][gc,heap     ] GC(53)      Used:      954M (55%)         956M (55%)         252M (14%)         222M (13%)         956M (55%)         222M (13%)    
[2026-04-03T03:34:08.732+0600][50.299s][info][gc,heap     ] GC(53)      Live:         -               169M (10%)         169M (10%)         169M (10%)            -                  -          
[2026-04-03T03:34:08.732+0600][50.299s][info][gc,heap     ] GC(53) Allocated:         -                 2M (0%)           10M (1%)           13M (1%)             -                  -          
[2026-04-03T03:34:08.732+0600][50.299s][info][gc,heap     ] GC(53)   Garbage:         -               784M (45%)          72M (4%)           38M (2%)             -                  -          
[2026-04-03T03:34:08.732+0600][50.299s][info][gc,heap     ] GC(53) Reclaimed:         -                  -               712M (41%)         745M (43%)            -                  -          
[2026-04-03T03:34:08.732+0600][50.299s][info][gc          ] GC(53) Garbage Collection (System.gc()) 954M(55%)->222M(13%)
[2026-04-03T03:34:08.751+0600][50.317s][info][gc,start    ] GC(54) Garbage Collection (Allocation Rate)
[2026-04-03T03:34:08.751+0600][50.317s][info][gc,task     ] GC(54) Using 3 workers
[2026-04-03T03:34:08.751+0600][50.317s][info][gc,phases   ] GC(54) Pause Mark Start 0.010ms
[2026-04-03T03:34:09.020+0600][50.586s][info][gc,phases   ] GC(54) Concurrent Mark 268.459ms
[2026-04-03T03:34:09.020+0600][50.586s][info][gc,phases   ] GC(54) Pause Mark End 0.072ms
[2026-04-03T03:34:09.020+0600][50.587s][info][gc,phases   ] GC(54) Concurrent Mark Free 0.003ms
[2026-04-03T03:34:09.031+0600][50.597s][info][gc,phases   ] GC(54) Concurrent Process Non-Strong References 10.623ms
[2026-04-03T03:34:09.031+0600][50.597s][info][gc,phases   ] GC(54) Concurrent Reset Relocation Set 0.008ms
[2026-04-03T03:34:09.035+0600][50.601s][info][gc,phases   ] GC(54) Concurrent Select Relocation Set 4.039ms
[2026-04-03T03:34:09.035+0600][50.602s][info][gc,phases   ] GC(54) Pause Relocate Start 0.020ms
[2026-04-03T03:34:09.039+0600][50.605s][info][gc,phases   ] GC(54) Concurrent Relocate 3.126ms
[2026-04-03T03:34:09.039+0600][50.605s][info][gc,load     ] GC(54) Load: 4.78/4.36/4.78
[2026-04-03T03:34:09.039+0600][50.605s][info][gc,mmu      ] GC(54) MMU: 2ms/93.8%, 5ms/97.5%, 10ms/98.5%, 20ms/99.2%, 50ms/99.7%, 100ms/99.8%
[2026-04-03T03:34:09.039+0600][50.605s][info][gc,marking  ] GC(54) Mark: 2 stripe(s), 2 proactive flush(es), 1 terminate flush(es), 0 completion(s), 0 continuation(s) 
[2026-04-03T03:34:09.039+0600][50.605s][info][gc,marking  ] GC(54) Mark Stack Usage: 32M
[2026-04-03T03:34:09.039+0600][50.605s][info][gc,nmethod  ] GC(54) NMethods: 7148 registered, 639 unregistered
[2026-04-03T03:34:09.039+0600][50.605s][info][gc,metaspace] GC(54) Metaspace: 71M used, 71M committed, 1088M reserved
[2026-04-03T03:34:09.039+0600][50.605s][info][gc,ref      ] GC(54) Soft: 3284 encountered, 0 discovered, 0 enqueued
[2026-04-03T03:34:09.039+0600][50.605s][info][gc,ref      ] GC(54) Weak: 6269 encountered, 2502 discovered, 6 enqueued
[2026-04-03T03:34:09.039+0600][50.605s][info][gc,ref      ] GC(54) Final: 84 encountered, 60 discovered, 0 enqueued
[2026-04-03T03:34:09.039+0600][50.605s][info][gc,ref      ] GC(54) Phantom: 599 encountered, 380 discovered, 0 enqueued
[2026-04-03T03:34:09.039+0600][50.605s][info][gc,reloc    ] GC(54) Small Pages: 98 / 196M, Empty: 0M, Relocated: 1M, In-Place: 0
[2026-04-03T03:34:09.039+0600][50.605s][info][gc,reloc    ] GC(54) Medium Pages: 1 / 32M, Empty: 0M, Relocated: 0M, In-Place: 0
[2026-04-03T03:34:09.039+0600][50.605s][info][gc,reloc    ] GC(54) Large Pages: 0 / 0M, Empty: 0M, Relocated: 0M, In-Place: 0
[2026-04-03T03:34:09.039+0600][50.605s][info][gc,reloc    ] GC(54) Forwarding Usage: 1M
[2026-04-03T03:34:09.039+0600][50.605s][info][gc,heap     ] GC(54) Min Capacity: 8M(0%)
[2026-04-03T03:34:09.039+0600][50.605s][info][gc,heap     ] GC(54) Max Capacity: 1750M(100%)
[2026-04-03T03:34:09.039+0600][50.605s][info][gc,heap     ] GC(54) Soft Max Capacity: 1750M(100%)
[2026-04-03T03:34:09.039+0600][50.605s][info][gc,heap     ] GC(54)                Mark Start          Mark End        Relocate Start      Relocate End           High               Low         
[2026-04-03T03:34:09.039+0600][50.605s][info][gc,heap     ] GC(54)  Capacity:     1750M (100%)       1750M (100%)       1750M (100%)       1750M (100%)       1750M (100%)       1750M (100%)   
[2026-04-03T03:34:09.039+0600][50.605s][info][gc,heap     ] GC(54)      Free:     1522M (87%)        1260M (72%)        1242M (71%)        1256M (72%)        1522M (87%)        1238M (71%)    
[2026-04-03T03:34:09.039+0600][50.605s][info][gc,heap     ] GC(54)      Used:      228M (13%)         490M (28%)         508M (29%)         494M (28%)         512M (29%)         228M (13%)    
[2026-04-03T03:34:09.039+0600][50.605s][info][gc,heap     ] GC(54)      Live:         -               169M (10%)         169M (10%)         169M (10%)            -                  -          
[2026-04-03T03:34:09.039+0600][50.605s][info][gc,heap     ] GC(54) Allocated:         -               262M (15%)         280M (16%)         283M (16%)            -                  -          
[2026-04-03T03:34:09.039+0600][50.605s][info][gc,heap     ] GC(54)   Garbage:         -                58M (3%)           58M (3%)           40M (2%)             -                  -          
[2026-04-03T03:34:09.039+0600][50.605s][info][gc,heap     ] GC(54) Reclaimed:         -                  -                 0M (0%)           17M (1%)             -                  -          
[2026-04-03T03:34:09.039+0600][50.605s][info][gc          ] GC(54) Garbage Collection (Allocation Rate) 228M(13%)->494M(28%)
[2026-04-03T03:34:09.350+0600][50.917s][info][gc,start    ] GC(55) Garbage Collection (Allocation Rate)
[2026-04-03T03:34:09.350+0600][50.917s][info][gc,task     ] GC(55) Using 3 workers
[2026-04-03T03:34:09.351+0600][50.917s][info][gc,phases   ] GC(55) Pause Mark Start 0.012ms
[2026-04-03T03:34:10.011+0600][51.578s][info][gc,phases   ] GC(55) Concurrent Mark 660.304ms
[2026-04-03T03:34:10.011+0600][51.578s][info][gc,phases   ] GC(55) Pause Mark End 0.062ms
[2026-04-03T03:34:10.012+0600][51.578s][info][gc,phases   ] GC(55) Concurrent Mark Free 0.002ms
[2026-04-03T03:34:10.024+0600][51.590s][info][gc,phases   ] GC(55) Concurrent Process Non-Strong References 11.961ms
[2026-04-03T03:34:10.024+0600][51.590s][info][gc,phases   ] GC(55) Concurrent Reset Relocation Set 0.005ms
[2026-04-03T03:34:10.074+0600][51.640s][info][gc,phases   ] GC(55) Concurrent Select Relocation Set 50.176ms
[2026-04-03T03:34:10.074+0600][51.641s][info][gc,phases   ] GC(55) Pause Relocate Start 0.020ms
[2026-04-03T03:34:10.245+0600][51.812s][info][gc,phases   ] GC(55) Concurrent Relocate 170.742ms
[2026-04-03T03:34:10.245+0600][51.812s][info][gc,load     ] GC(55) Load: 4.78/4.36/4.78
[2026-04-03T03:34:10.245+0600][51.812s][info][gc,mmu      ] GC(55) MMU: 2ms/93.8%, 5ms/97.5%, 10ms/98.5%, 20ms/99.2%, 50ms/99.7%, 100ms/99.8%
[2026-04-03T03:34:10.245+0600][51.812s][info][gc,marking  ] GC(55) Mark: 2 stripe(s), 10 proactive flush(es), 1 terminate flush(es), 0 completion(s), 0 continuation(s) 
[2026-04-03T03:34:10.245+0600][51.812s][info][gc,marking  ] GC(55) Mark Stack Usage: 32M
[2026-04-03T03:34:10.245+0600][51.812s][info][gc,nmethod  ] GC(55) NMethods: 7144 registered, 646 unregistered
[2026-04-03T03:34:10.245+0600][51.812s][info][gc,metaspace] GC(55) Metaspace: 71M used, 71M committed, 1088M reserved
[2026-04-03T03:34:10.245+0600][51.812s][info][gc,ref      ] GC(55) Soft: 3350 encountered, 0 discovered, 0 enqueued
[2026-04-03T03:34:10.245+0600][51.812s][info][gc,ref      ] GC(55) Weak: 6460 encountered, 1450 discovered, 36 enqueued
[2026-04-03T03:34:10.246+0600][51.812s][info][gc,ref      ] GC(55) Final: 84 encountered, 52 discovered, 0 enqueued
[2026-04-03T03:34:10.246+0600][51.812s][info][gc,ref      ] GC(55) Phantom: 599 encountered, 427 discovered, 0 enqueued
[2026-04-03T03:34:10.246+0600][51.812s][info][gc,reloc    ] GC(55) Small Pages: 423 / 846M, Empty: 0M, Relocated: 122M, In-Place: 0
[2026-04-03T03:34:10.246+0600][51.812s][info][gc,reloc    ] GC(55) Medium Pages: 2 / 64M, Empty: 32M, Relocated: 0M, In-Place: 0
[2026-04-03T03:34:10.246+0600][51.812s][info][gc,reloc    ] GC(55) Large Pages: 10 / 72M, Empty: 24M, Relocated: 0M, In-Place: 0
[2026-04-03T03:34:10.246+0600][51.812s][info][gc,reloc    ] GC(55) Forwarding Usage: 82M
[2026-04-03T03:34:10.246+0600][51.812s][info][gc,heap     ] GC(55) Min Capacity: 8M(0%)
[2026-04-03T03:34:10.246+0600][51.812s][info][gc,heap     ] GC(55) Max Capacity: 1750M(100%)
[2026-04-03T03:34:10.246+0600][51.812s][info][gc,heap     ] GC(55) Soft Max Capacity: 1750M(100%)
[2026-04-03T03:34:10.246+0600][51.812s][info][gc,heap     ] GC(55)                Mark Start          Mark End        Relocate Start      Relocate End           High               Low         
[2026-04-03T03:34:10.246+0600][51.812s][info][gc,heap     ] GC(55)  Capacity:     1750M (100%)       1750M (100%)       1750M (100%)       1750M (100%)       1750M (100%)       1750M (100%)   
[2026-04-03T03:34:10.246+0600][51.812s][info][gc,heap     ] GC(55)      Free:      768M (44%)         162M (9%)          156M (9%)          598M (34%)         768M (44%)         144M (8%)     
[2026-04-03T03:34:10.246+0600][51.812s][info][gc,heap     ] GC(55)      Used:      982M (56%)        1588M (91%)        1594M (91%)        1152M (66%)        1606M (92%)         982M (56%)    
[2026-04-03T03:34:10.246+0600][51.812s][info][gc,heap     ] GC(55)      Live:         -               342M (20%)         342M (20%)         342M (20%)            -                  -          
[2026-04-03T03:34:10.246+0600][51.812s][info][gc,heap     ] GC(55) Allocated:         -               606M (35%)         668M (38%)         769M (44%)            -                  -          
[2026-04-03T03:34:10.246+0600][51.812s][info][gc,heap     ] GC(55)   Garbage:         -               639M (37%)         583M (33%)          39M (2%)             -                  -          
[2026-04-03T03:34:10.246+0600][51.812s][info][gc,heap     ] GC(55) Reclaimed:         -                  -                56M (3%)          599M (34%)            -                  -          
[2026-04-03T03:34:10.246+0600][51.812s][info][gc          ] GC(55) Garbage Collection (Allocation Rate) 982M(56%)->1152M(66%)
[2026-04-03T03:34:10.250+0600][51.817s][info][gc,start    ] GC(56) Garbage Collection (Allocation Rate)
[2026-04-03T03:34:10.251+0600][51.817s][info][gc,task     ] GC(56) Using 3 workers
[2026-04-03T03:34:10.251+0600][51.817s][info][gc,phases   ] GC(56) Pause Mark Start 0.017ms
[2026-04-03T03:34:11.196+0600][52.763s][info][gc,phases   ] GC(56) Concurrent Mark 945.507ms
[2026-04-03T03:34:11.197+0600][52.763s][info][gc,phases   ] GC(56) Pause Mark End 0.036ms
[2026-04-03T03:34:11.197+0600][52.764s][info][gc,phases   ] GC(56) Concurrent Mark Free 0.001ms
[2026-04-03T03:34:11.204+0600][52.771s][info][gc,phases   ] GC(56) Concurrent Process Non-Strong References 7.123ms
[2026-04-03T03:34:11.204+0600][52.771s][info][gc,phases   ] GC(56) Concurrent Reset Relocation Set 0.059ms
[2026-04-03T03:34:11.208+0600][52.774s][info][gc          ] Allocation Stall (Executor task launch worker for task 1.0 in stage 27.0 (TID 40)) 109.035ms
[2026-04-03T03:34:11.208+0600][52.774s][info][gc          ] Allocation Stall (Executor task launch worker for task 2.0 in stage 27.0 (TID 41)) 108.014ms
[2026-04-03T03:34:11.208+0600][52.774s][info][gc          ] Allocation Stall (Executor task launch worker for task 0.0 in stage 27.0 (TID 39)) 107.518ms
[2026-04-03T03:34:11.213+0600][52.780s][info][gc,phases   ] GC(56) Concurrent Select Relocation Set 8.812ms
[2026-04-03T03:34:11.213+0600][52.780s][info][gc,phases   ] GC(56) Pause Relocate Start 0.014ms
[2026-04-03T03:34:11.318+0600][52.884s][info][gc,phases   ] GC(56) Concurrent Relocate 104.252ms
[2026-04-03T03:34:11.318+0600][52.885s][info][gc,load     ] GC(56) Load: 4.96/4.40/4.79
[2026-04-03T03:34:11.318+0600][52.885s][info][gc,mmu      ] GC(56) MMU: 2ms/93.8%, 5ms/97.5%, 10ms/98.5%, 20ms/99.2%, 50ms/99.7%, 100ms/99.8%
[2026-04-03T03:34:11.318+0600][52.885s][info][gc,marking  ] GC(56) Mark: 2 stripe(s), 2 proactive flush(es), 1 terminate flush(es), 0 completion(s), 0 continuation(s) 
[2026-04-03T03:34:11.318+0600][52.885s][info][gc,marking  ] GC(56) Mark Stack Usage: 32M
[2026-04-03T03:34:11.318+0600][52.885s][info][gc,nmethod  ] GC(56) NMethods: 7144 registered, 646 unregistered
[2026-04-03T03:34:11.318+0600][52.885s][info][gc,metaspace] GC(56) Metaspace: 71M used, 71M committed, 1088M reserved
[2026-04-03T03:34:11.318+0600][52.885s][info][gc,ref      ] GC(56) Soft: 3350 encountered, 0 discovered, 0 enqueued
[2026-04-03T03:34:11.318+0600][52.885s][info][gc,ref      ] GC(56) Weak: 6424 encountered, 1424 discovered, 0 enqueued
[2026-04-03T03:34:11.318+0600][52.885s][info][gc,ref      ] GC(56) Final: 84 encountered, 52 discovered, 0 enqueued
[2026-04-03T03:34:11.318+0600][52.885s][info][gc,ref      ] GC(56) Phantom: 599 encountered, 473 discovered, 0 enqueued
[2026-04-03T03:34:11.318+0600][52.885s][info][gc,reloc    ] GC(56) Small Pages: 524 / 1048M, Empty: 0M, Relocated: 52M, In-Place: 0
[2026-04-03T03:34:11.318+0600][52.885s][info][gc,reloc    ] GC(56) Medium Pages: 1 / 32M, Empty: 0M, Relocated: 0M, In-Place: 0
[2026-04-03T03:34:11.318+0600][52.885s][info][gc,reloc    ] GC(56) Large Pages: 9 / 78M, Empty: 18M, Relocated: 0M, In-Place: 0
[2026-04-03T03:34:11.318+0600][52.885s][info][gc,reloc    ] GC(56) Forwarding Usage: 51M
[2026-04-03T03:34:11.318+0600][52.885s][info][gc,heap     ] GC(56) Min Capacity: 8M(0%)
[2026-04-03T03:34:11.318+0600][52.885s][info][gc,heap     ] GC(56) Max Capacity: 1750M(100%)
[2026-04-03T03:34:11.318+0600][52.885s][info][gc,heap     ] GC(56) Soft Max Capacity: 1750M(100%)
[2026-04-03T03:34:11.318+0600][52.885s][info][gc,heap     ] GC(56)                Mark Start          Mark End        Relocate Start      Relocate End           High               Low         
[2026-04-03T03:34:11.318+0600][52.885s][info][gc,heap     ] GC(56)  Capacity:     1750M (100%)       1750M (100%)       1750M (100%)       1750M (100%)       1750M (100%)       1750M (100%)   
[2026-04-03T03:34:11.318+0600][52.885s][info][gc,heap     ] GC(56)      Free:      592M (34%)           0M (0%)           12M (1%)          646M (37%)         646M (37%)           0M (0%)     
[2026-04-03T03:34:11.318+0600][52.885s][info][gc,heap     ] GC(56)      Used:     1158M (66%)        1750M (100%)       1738M (99%)        1104M (63%)        1750M (100%)       1104M (63%)    
[2026-04-03T03:34:11.318+0600][52.885s][info][gc,heap     ] GC(56)      Live:         -               392M (22%)         392M (22%)         392M (22%)            -                  -          
[2026-04-03T03:34:11.318+0600][52.885s][info][gc,heap     ] GC(56) Allocated:         -               592M (34%)         598M (34%)         668M (38%)            -                  -          
[2026-04-03T03:34:11.318+0600][52.885s][info][gc,heap     ] GC(56)   Garbage:         -               765M (44%)         747M (43%)          43M (2%)             -                  -          
[2026-04-03T03:34:11.318+0600][52.885s][info][gc,heap     ] GC(56) Reclaimed:         -                  -                18M (1%)          722M (41%)            -                  -          
[2026-04-03T03:34:11.318+0600][52.885s][info][gc          ] GC(56) Garbage Collection (Allocation Rate) 1158M(66%)->1104M(63%)
[2026-04-03T03:34:11.350+0600][52.917s][info][gc,start    ] GC(57) Garbage Collection (Allocation Stall)
[2026-04-03T03:34:11.350+0600][52.917s][info][gc,ref      ] GC(57) Clearing All SoftReferences
[2026-04-03T03:34:11.350+0600][52.917s][info][gc,task     ] GC(57) Using 3 workers
[2026-04-03T03:34:11.351+0600][52.917s][info][gc,ref      ] GC(57) Clearing All SoftReferences
[2026-04-03T03:34:11.351+0600][52.917s][info][gc,phases   ] GC(57) Pause Mark Start 0.100ms
[2026-04-03T03:34:12.354+0600][53.921s][info][gc,phases   ] GC(57) Concurrent Mark 1003.304ms
[2026-04-03T03:34:12.354+0600][53.921s][info][gc,phases   ] GC(57) Pause Mark End 0.042ms
[2026-04-03T03:34:12.355+0600][53.921s][info][gc,phases   ] GC(57) Concurrent Mark Free 0.005ms
[2026-04-03T03:34:12.387+0600][53.954s][info][gc,phases   ] GC(57) Concurrent Process Non-Strong References 32.363ms
[2026-04-03T03:34:12.387+0600][53.954s][info][gc,phases   ] GC(57) Concurrent Reset Relocation Set 0.069ms
[2026-04-03T03:34:12.399+0600][53.965s][info][gc,phases   ] GC(57) Concurrent Select Relocation Set 11.262ms
[2026-04-03T03:34:12.399+0600][53.965s][info][gc,phases   ] GC(57) Pause Relocate Start 0.022ms
[2026-04-03T03:34:12.487+0600][54.054s][info][gc,phases   ] GC(57) Concurrent Relocate 88.181ms
[2026-04-03T03:34:12.487+0600][54.054s][info][gc,load     ] GC(57) Load: 4.96/4.40/4.79
[2026-04-03T03:34:12.487+0600][54.054s][info][gc,mmu      ] GC(57) MMU: 2ms/93.8%, 5ms/97.5%, 10ms/98.5%, 20ms/99.2%, 50ms/99.7%, 100ms/99.8%
[2026-04-03T03:34:12.487+0600][54.054s][info][gc,marking  ] GC(57) Mark: 2 stripe(s), 9 proactive flush(es), 1 terminate flush(es), 0 completion(s), 0 continuation(s) 
[2026-04-03T03:34:12.488+0600][54.054s][info][gc,marking  ] GC(57) Mark Stack Usage: 32M
[2026-04-03T03:34:12.488+0600][54.054s][info][gc,nmethod  ] GC(57) NMethods: 7173 registered, 654 unregistered
[2026-04-03T03:34:12.488+0600][54.054s][info][gc,metaspace] GC(57) Metaspace: 70M used, 72M committed, 1088M reserved
[2026-04-03T03:34:12.488+0600][54.054s][info][gc,ref      ] GC(57) Soft: 3228 encountered, 1206 discovered, 338 enqueued
[2026-04-03T03:34:12.488+0600][54.054s][info][gc,ref      ] GC(57) Weak: 6312 encountered, 2254 discovered, 49 enqueued
[2026-04-03T03:34:12.488+0600][54.054s][info][gc,ref      ] GC(57) Final: 84 encountered, 2 discovered, 0 enqueued
[2026-04-03T03:34:12.488+0600][54.054s][info][gc,ref      ] GC(57) Phantom: 599 encountered, 476 discovered, 0 enqueued
[2026-04-03T03:34:12.488+0600][54.054s][info][gc,reloc    ] GC(57) Small Pages: 490 / 980M, Empty: 4M, Relocated: 54M, In-Place: 0
[2026-04-03T03:34:12.488+0600][54.054s][info][gc,reloc    ] GC(57) Medium Pages: 1 / 32M, Empty: 0M, Relocated: 0M, In-Place: 0
[2026-04-03T03:34:12.488+0600][54.054s][info][gc,reloc    ] GC(57) Large Pages: 9 / 114M, Empty: 40M, Relocated: 0M, In-Place: 0
[2026-04-03T03:34:12.488+0600][54.054s][info][gc,reloc    ] GC(57) Forwarding Usage: 43M
[2026-04-03T03:34:12.488+0600][54.054s][info][gc,heap     ] GC(57) Min Capacity: 8M(0%)
[2026-04-03T03:34:12.488+0600][54.054s][info][gc,heap     ] GC(57) Max Capacity: 1750M(100%)
[2026-04-03T03:34:12.488+0600][54.054s][info][gc,heap     ] GC(57) Soft Max Capacity: 1750M(100%)
[2026-04-03T03:34:12.488+0600][54.054s][info][gc,heap     ] GC(57)                Mark Start          Mark End        Relocate Start      Relocate End           High               Low         
[2026-04-03T03:34:12.488+0600][54.054s][info][gc,heap     ] GC(57)  Capacity:     1750M (100%)       1750M (100%)       1750M (100%)       1750M (100%)       1750M (100%)       1750M (100%)   
[2026-04-03T03:34:12.488+0600][54.054s][info][gc,heap     ] GC(57)      Free:      624M (36%)         510M (29%)         536M (31%)        1156M (66%)        1156M (66%)         492M (28%)    
[2026-04-03T03:34:12.488+0600][54.054s][info][gc,heap     ] GC(57)      Used:     1126M (64%)        1240M (71%)        1214M (69%)         594M (34%)        1258M (72%)         594M (34%)    
[2026-04-03T03:34:12.488+0600][54.054s][info][gc,heap     ] GC(57)      Live:         -               392M (22%)         392M (22%)         392M (22%)            -                  -          
[2026-04-03T03:34:12.488+0600][54.054s][info][gc,heap     ] GC(57) Allocated:         -               114M (7%)          132M (8%)          140M (8%)             -                  -          
[2026-04-03T03:34:12.488+0600][54.054s][info][gc,heap     ] GC(57)   Garbage:         -               733M (42%)         689M (39%)          60M (3%)             -                  -          
[2026-04-03T03:34:12.488+0600][54.054s][info][gc,heap     ] GC(57) Reclaimed:         -                  -                44M (3%)          672M (38%)            -                  -          
[2026-04-03T03:34:12.488+0600][54.054s][info][gc          ] GC(57) Garbage Collection (Allocation Stall) 1126M(64%)->594M(34%)
[2026-04-03T03:34:12.551+0600][54.117s][info][gc,start    ] GC(58) Garbage Collection (Allocation Rate)
[2026-04-03T03:34:12.551+0600][54.117s][info][gc,task     ] GC(58) Using 3 workers
[2026-04-03T03:34:12.552+0600][54.118s][info][gc,phases   ] GC(58) Pause Mark Start 0.008ms
[2026-04-03T03:34:12.868+0600][54.435s][info][gc,phases   ] GC(58) Concurrent Mark 316.716ms
[2026-04-03T03:34:12.869+0600][54.435s][info][gc,phases   ] GC(58) Pause Mark End 0.054ms
[2026-04-03T03:34:12.869+0600][54.436s][info][gc,phases   ] GC(58) Concurrent Mark Free 0.004ms
[2026-04-03T03:34:12.895+0600][54.462s][info][gc,phases   ] GC(58) Concurrent Process Non-Strong References 26.005ms
[2026-04-03T03:34:12.895+0600][54.462s][info][gc,phases   ] GC(58) Concurrent Reset Relocation Set 0.054ms
[2026-04-03T03:34:12.905+0600][54.471s][info][gc,phases   ] GC(58) Concurrent Select Relocation Set 9.132ms
[2026-04-03T03:34:12.905+0600][54.472s][info][gc,phases   ] GC(58) Pause Relocate Start 0.041ms
[2026-04-03T03:34:12.909+0600][54.476s][info][gc,phases   ] GC(58) Concurrent Relocate 4.180ms
[2026-04-03T03:34:12.910+0600][54.476s][info][gc,load     ] GC(58) Load: 4.96/4.40/4.79
[2026-04-03T03:34:12.910+0600][54.476s][info][gc,mmu      ] GC(58) MMU: 2ms/93.8%, 5ms/97.5%, 10ms/98.5%, 20ms/99.2%, 50ms/99.7%, 100ms/99.8%
[2026-04-03T03:34:12.910+0600][54.476s][info][gc,marking  ] GC(58) Mark: 2 stripe(s), 2 proactive flush(es), 1 terminate flush(es), 0 completion(s), 0 continuation(s) 
[2026-04-03T03:34:12.910+0600][54.476s][info][gc,marking  ] GC(58) Mark Stack Usage: 32M
[2026-04-03T03:34:12.910+0600][54.476s][info][gc,nmethod  ] GC(58) NMethods: 7231 registered, 661 unregistered
[2026-04-03T03:34:12.910+0600][54.476s][info][gc,metaspace] GC(58) Metaspace: 71M used, 72M committed, 1088M reserved
[2026-04-03T03:34:12.910+0600][54.476s][info][gc,ref      ] GC(58) Soft: 3005 encountered, 0 discovered, 0 enqueued
[2026-04-03T03:34:12.910+0600][54.476s][info][gc,ref      ] GC(58) Weak: 6221 encountered, 2401 discovered, 42 enqueued
[2026-04-03T03:34:12.910+0600][54.476s][info][gc,ref      ] GC(58) Final: 84 encountered, 78 discovered, 0 enqueued
[2026-04-03T03:34:12.910+0600][54.476s][info][gc,ref      ] GC(58) Phantom: 599 encountered, 433 discovered, 0 enqueued
[2026-04-03T03:34:12.910+0600][54.476s][info][gc,reloc    ] GC(58) Small Pages: 231 / 462M, Empty: 200M, Relocated: 3M, In-Place: 0
[2026-04-03T03:34:12.910+0600][54.476s][info][gc,reloc    ] GC(58) Medium Pages: 2 / 64M, Empty: 32M, Relocated: 0M, In-Place: 0
[2026-04-03T03:34:12.910+0600][54.476s][info][gc,reloc    ] GC(58) Large Pages: 5 / 74M, Empty: 74M, Relocated: 0M, In-Place: 0
[2026-04-03T03:34:12.910+0600][54.476s][info][gc,reloc    ] GC(58) Forwarding Usage: 1M
[2026-04-03T03:34:12.910+0600][54.476s][info][gc,heap     ] GC(58) Min Capacity: 8M(0%)
[2026-04-03T03:34:12.910+0600][54.476s][info][gc,heap     ] GC(58) Max Capacity: 1750M(100%)
[2026-04-03T03:34:12.910+0600][54.476s][info][gc,heap     ] GC(58) Soft Max Capacity: 1750M(100%)
[2026-04-03T03:34:12.910+0600][54.476s][info][gc,heap     ] GC(58)                Mark Start          Mark End        Relocate Start      Relocate End           High               Low         
[2026-04-03T03:34:12.910+0600][54.476s][info][gc,heap     ] GC(58)  Capacity:     1750M (100%)       1750M (100%)       1750M (100%)       1750M (100%)       1750M (100%)       1750M (100%)   
[2026-04-03T03:34:12.910+0600][54.476s][info][gc,heap     ] GC(58)      Free:     1150M (66%)         978M (56%)        1274M (73%)        1360M (78%)        1360M (78%)         972M (56%)    
[2026-04-03T03:34:12.910+0600][54.477s][info][gc,heap     ] GC(58)      Used:      600M (34%)         772M (44%)         476M (27%)         390M (22%)         778M (44%)         390M (22%)    
[2026-04-03T03:34:12.910+0600][54.477s][info][gc,heap     ] GC(58)      Live:         -               169M (10%)         169M (10%)         169M (10%)            -                  -          
[2026-04-03T03:34:12.910+0600][54.477s][info][gc,heap     ] GC(58) Allocated:         -               172M (10%)         182M (10%)         181M (10%)            -                  -          
[2026-04-03T03:34:12.910+0600][54.477s][info][gc,heap     ] GC(58)   Garbage:         -               430M (25%)         124M (7%)           38M (2%)             -                  -          
[2026-04-03T03:34:12.910+0600][54.477s][info][gc,heap     ] GC(58) Reclaimed:         -                  -               306M (17%)         391M (22%)            -                  -          
[2026-04-03T03:34:12.910+0600][54.477s][info][gc          ] GC(58) Garbage Collection (Allocation Rate) 600M(34%)->390M(22%)
[2026-04-03T03:34:13.050+0600][54.617s][info][gc,start    ] GC(59) Garbage Collection (Allocation Rate)
[2026-04-03T03:34:13.050+0600][54.617s][info][gc,task     ] GC(59) Using 3 workers
[2026-04-03T03:34:13.050+0600][54.617s][info][gc,phases   ] GC(59) Pause Mark Start 0.012ms
[2026-04-03T03:34:13.480+0600][55.047s][info][gc,phases   ] GC(59) Concurrent Mark 429.637ms
[2026-04-03T03:34:13.481+0600][55.047s][info][gc,phases   ] GC(59) Pause Mark End 0.046ms
[2026-04-03T03:34:13.482+0600][55.049s][info][gc,phases   ] GC(59) Concurrent Mark Free 0.004ms
[2026-04-03T03:34:13.512+0600][55.078s][info][gc,phases   ] GC(59) Concurrent Process Non-Strong References 29.359ms
[2026-04-03T03:34:13.512+0600][55.078s][info][gc,phases   ] GC(59) Concurrent Reset Relocation Set 0.008ms
[2026-04-03T03:34:13.530+0600][55.097s][info][gc,phases   ] GC(59) Concurrent Select Relocation Set 18.145ms
[2026-04-03T03:34:13.530+0600][55.097s][info][gc,phases   ] GC(59) Pause Relocate Start 0.021ms
[2026-04-03T03:34:13.585+0600][55.152s][info][gc,phases   ] GC(59) Concurrent Relocate 54.626ms
[2026-04-03T03:34:13.585+0600][55.152s][info][gc,load     ] GC(59) Load: 4.96/4.40/4.79
[2026-04-03T03:34:13.585+0600][55.152s][info][gc,mmu      ] GC(59) MMU: 2ms/93.8%, 5ms/97.5%, 10ms/98.5%, 20ms/99.2%, 50ms/99.7%, 100ms/99.8%
[2026-04-03T03:34:13.585+0600][55.152s][info][gc,marking  ] GC(59) Mark: 2 stripe(s), 2 proactive flush(es), 1 terminate flush(es), 0 completion(s), 0 continuation(s) 
[2026-04-03T03:34:13.585+0600][55.152s][info][gc,marking  ] GC(59) Mark Stack Usage: 32M
[2026-04-03T03:34:13.586+0600][55.152s][info][gc,nmethod  ] GC(59) NMethods: 7231 registered, 671 unregistered
[2026-04-03T03:34:13.586+0600][55.152s][info][gc,metaspace] GC(59) Metaspace: 71M used, 72M committed, 1088M reserved
[2026-04-03T03:34:13.586+0600][55.152s][info][gc,ref      ] GC(59) Soft: 3258 encountered, 0 discovered, 0 enqueued
[2026-04-03T03:34:13.586+0600][55.152s][info][gc,ref      ] GC(59) Weak: 6625 encountered, 2445 discovered, 150 enqueued
[2026-04-03T03:34:13.586+0600][55.152s][info][gc,ref      ] GC(59) Final: 84 encountered, 52 discovered, 0 enqueued
[2026-04-03T03:34:13.586+0600][55.152s][info][gc,ref      ] GC(59) Phantom: 600 encountered, 362 discovered, 0 enqueued
[2026-04-03T03:34:13.586+0600][55.152s][info][gc,reloc    ] GC(59) Small Pages: 177 / 354M, Empty: 0M, Relocated: 25M, In-Place: 0
[2026-04-03T03:34:13.586+0600][55.152s][info][gc,reloc    ] GC(59) Medium Pages: 2 / 64M, Empty: 32M, Relocated: 0M, In-Place: 0
[2026-04-03T03:34:13.586+0600][55.152s][info][gc,reloc    ] GC(59) Large Pages: 7 / 54M, Empty: 24M, Relocated: 0M, In-Place: 0
[2026-04-03T03:34:13.586+0600][55.152s][info][gc,reloc    ] GC(59) Forwarding Usage: 26M
[2026-04-03T03:34:13.586+0600][55.152s][info][gc,heap     ] GC(59) Min Capacity: 8M(0%)
[2026-04-03T03:34:13.586+0600][55.152s][info][gc,heap     ] GC(59) Max Capacity: 1750M(100%)
[2026-04-03T03:34:13.586+0600][55.152s][info][gc,heap     ] GC(59) Soft Max Capacity: 1750M(100%)
[2026-04-03T03:34:13.586+0600][55.152s][info][gc,heap     ] GC(59)                Mark Start          Mark End        Relocate Start      Relocate End           High               Low         
[2026-04-03T03:34:13.586+0600][55.152s][info][gc,heap     ] GC(59)  Capacity:     1750M (100%)       1750M (100%)       1750M (100%)       1750M (100%)       1750M (100%)       1750M (100%)   
[2026-04-03T03:34:13.586+0600][55.152s][info][gc,heap     ] GC(59)      Free:     1278M (73%)         844M (48%)         854M (49%)         956M (55%)        1278M (73%)         810M (46%)    
[2026-04-03T03:34:13.586+0600][55.152s][info][gc,heap     ] GC(59)      Used:      472M (27%)         906M (52%)         896M (51%)         794M (45%)         940M (54%)         472M (27%)    
[2026-04-03T03:34:13.586+0600][55.152s][info][gc,heap     ] GC(59)      Live:         -               223M (13%)         223M (13%)         223M (13%)            -                  -          
[2026-04-03T03:34:13.586+0600][55.152s][info][gc,heap     ] GC(59) Allocated:         -               434M (25%)         480M (27%)         531M (30%)            -                  -          
[2026-04-03T03:34:13.586+0600][55.152s][info][gc,heap     ] GC(59)   Garbage:         -               248M (14%)         192M (11%)          39M (2%)             -                  -          
[2026-04-03T03:34:13.586+0600][55.152s][info][gc,heap     ] GC(59) Reclaimed:         -                  -                56M (3%)          209M (12%)            -                  -          
[2026-04-03T03:34:13.586+0600][55.152s][info][gc          ] GC(59) Garbage Collection (Allocation Rate) 472M(27%)->794M(45%)
[2026-04-03T03:34:13.650+0600][55.217s][info][gc,start    ] GC(60) Garbage Collection (Allocation Rate)
[2026-04-03T03:34:13.650+0600][55.217s][info][gc,task     ] GC(60) Using 3 workers
[2026-04-03T03:34:13.650+0600][55.217s][info][gc,phases   ] GC(60) Pause Mark Start 0.015ms
[2026-04-03T03:34:14.297+0600][55.863s][info][gc,phases   ] GC(60) Concurrent Mark 646.117ms
[2026-04-03T03:34:14.297+0600][55.864s][info][gc,phases   ] GC(60) Pause Mark End 0.060ms
[2026-04-03T03:34:14.297+0600][55.864s][info][gc,phases   ] GC(60) Concurrent Mark Free 0.002ms
[2026-04-03T03:34:14.310+0600][55.877s][info][gc,phases   ] GC(60) Concurrent Process Non-Strong References 12.608ms
[2026-04-03T03:34:14.310+0600][55.877s][info][gc,phases   ] GC(60) Concurrent Reset Relocation Set 0.032ms
[2026-04-03T03:34:14.341+0600][55.908s][info][gc,phases   ] GC(60) Concurrent Select Relocation Set 30.858ms
[2026-04-03T03:34:14.341+0600][55.908s][info][gc,phases   ] GC(60) Pause Relocate Start 0.021ms
[2026-04-03T03:34:14.492+0600][56.058s][info][gc,phases   ] GC(60) Concurrent Relocate 150.130ms
[2026-04-03T03:34:14.492+0600][56.058s][info][gc,load     ] GC(60) Load: 4.96/4.40/4.79
[2026-04-03T03:34:14.492+0600][56.059s][info][gc,mmu      ] GC(60) MMU: 2ms/93.8%, 5ms/97.5%, 10ms/98.5%, 20ms/99.2%, 50ms/99.7%, 100ms/99.8%
[2026-04-03T03:34:14.492+0600][56.059s][info][gc,marking  ] GC(60) Mark: 2 stripe(s), 2 proactive flush(es), 1 terminate flush(es), 0 completion(s), 0 continuation(s) 
[2026-04-03T03:34:14.492+0600][56.059s][info][gc,marking  ] GC(60) Mark Stack Usage: 32M
[2026-04-03T03:34:14.492+0600][56.059s][info][gc,nmethod  ] GC(60) NMethods: 7231 registered, 672 unregistered
[2026-04-03T03:34:14.492+0600][56.059s][info][gc,metaspace] GC(60) Metaspace: 71M used, 72M committed, 1088M reserved
[2026-04-03T03:34:14.492+0600][56.059s][info][gc,ref      ] GC(60) Soft: 3260 encountered, 0 discovered, 0 enqueued
[2026-04-03T03:34:14.492+0600][56.059s][info][gc,ref      ] GC(60) Weak: 6483 encountered, 2874 discovered, 78 enqueued
[2026-04-03T03:34:14.492+0600][56.059s][info][gc,ref      ] GC(60) Final: 84 encountered, 52 discovered, 0 enqueued
[2026-04-03T03:34:14.492+0600][56.059s][info][gc,ref      ] GC(60) Phantom: 599 encountered, 401 discovered, 0 enqueued
[2026-04-03T03:34:14.492+0600][56.059s][info][gc,reloc    ] GC(60) Small Pages: 360 / 720M, Empty: 0M, Relocated: 108M, In-Place: 0
[2026-04-03T03:34:14.492+0600][56.059s][info][gc,reloc    ] GC(60) Medium Pages: 2 / 64M, Empty: 0M, Relocated: 13M, In-Place: 0
[2026-04-03T03:34:14.492+0600][56.059s][info][gc,reloc    ] GC(60) Large Pages: 10 / 84M, Empty: 38M, Relocated: 0M, In-Place: 0
[2026-04-03T03:34:14.492+0600][56.059s][info][gc,reloc    ] GC(60) Forwarding Usage: 69M
[2026-04-03T03:34:14.492+0600][56.059s][info][gc,heap     ] GC(60) Min Capacity: 8M(0%)
[2026-04-03T03:34:14.492+0600][56.059s][info][gc,heap     ] GC(60) Max Capacity: 1750M(100%)
[2026-04-03T03:34:14.492+0600][56.059s][info][gc,heap     ] GC(60) Soft Max Capacity: 1750M(100%)
[2026-04-03T03:34:14.492+0600][56.059s][info][gc,heap     ] GC(60)                Mark Start          Mark End        Relocate Start      Relocate End           High               Low         
[2026-04-03T03:34:14.492+0600][56.059s][info][gc,heap     ] GC(60)  Capacity:     1750M (100%)       1750M (100%)       1750M (100%)       1750M (100%)       1750M (100%)       1750M (100%)   
[2026-04-03T03:34:14.492+0600][56.059s][info][gc,heap     ] GC(60)      Free:      882M (50%)         218M (12%)         216M (12%)         566M (32%)         882M (50%)         182M (10%)    
[2026-04-03T03:34:14.492+0600][56.059s][info][gc,heap     ] GC(60)      Used:      868M (50%)        1532M (88%)        1534M (88%)        1184M (68%)        1568M (90%)         868M (50%)    
[2026-04-03T03:34:14.492+0600][56.059s][info][gc,heap     ] GC(60)      Live:         -               335M (19%)         335M (19%)         335M (19%)            -                  -          
[2026-04-03T03:34:14.492+0600][56.059s][info][gc,heap     ] GC(60) Allocated:         -               664M (38%)         704M (40%)         803M (46%)            -                  -          
[2026-04-03T03:34:14.492+0600][56.059s][info][gc,heap     ] GC(60)   Garbage:         -               532M (30%)         494M (28%)          44M (3%)             -                  -          
[2026-04-03T03:34:14.492+0600][56.059s][info][gc,heap     ] GC(60) Reclaimed:         -                  -                38M (2%)          487M (28%)            -                  -          
[2026-04-03T03:34:14.492+0600][56.059s][info][gc          ] GC(60) Garbage Collection (Allocation Rate) 868M(50%)->1184M(68%)
[2026-04-03T03:34:14.550+0600][56.117s][info][gc,start    ] GC(61) Garbage Collection (Allocation Rate)
[2026-04-03T03:34:14.550+0600][56.117s][info][gc,task     ] GC(61) Using 3 workers
[2026-04-03T03:34:14.550+0600][56.117s][info][gc,phases   ] GC(61) Pause Mark Start 0.013ms
[2026-04-03T03:34:15.424+0600][56.990s][info][gc,phases   ] GC(61) Concurrent Mark 873.002ms
[2026-04-03T03:34:15.424+0600][56.990s][info][gc,phases   ] GC(61) Pause Mark End 0.028ms
[2026-04-03T03:34:15.424+0600][56.990s][info][gc,phases   ] GC(61) Concurrent Mark Free 0.005ms
[2026-04-03T03:34:15.432+0600][56.999s][info][gc,phases   ] GC(61) Concurrent Process Non-Strong References 8.305ms
[2026-04-03T03:34:15.432+0600][56.999s][info][gc,phases   ] GC(61) Concurrent Reset Relocation Set 0.053ms
[2026-04-03T03:34:15.435+0600][57.002s][info][gc          ] Allocation Stall (Executor task launch worker for task 1.0 in stage 28.0 (TID 43)) 157.536ms
[2026-04-03T03:34:15.435+0600][57.002s][info][gc          ] Allocation Stall (Executor task launch worker for task 2.0 in stage 28.0 (TID 44)) 98.671ms
[2026-04-03T03:34:15.435+0600][57.002s][info][gc          ] Allocation Stall (Executor task launch worker for task 0.0 in stage 28.0 (TID 42)) 114.360ms
[2026-04-03T03:34:15.440+0600][57.006s][info][gc,phases   ] GC(61) Concurrent Select Relocation Set 7.340ms
[2026-04-03T03:34:15.440+0600][57.007s][info][gc,phases   ] GC(61) Pause Relocate Start 0.018ms
[2026-04-03T03:34:15.547+0600][57.113s][info][gc,phases   ] GC(61) Concurrent Relocate 106.366ms
[2026-04-03T03:34:15.547+0600][57.113s][info][gc,load     ] GC(61) Load: 4.96/4.40/4.79
[2026-04-03T03:34:15.547+0600][57.113s][info][gc,mmu      ] GC(61) MMU: 2ms/93.8%, 5ms/97.5%, 10ms/98.5%, 20ms/99.2%, 50ms/99.7%, 100ms/99.8%
[2026-04-03T03:34:15.547+0600][57.113s][info][gc,marking  ] GC(61) Mark: 2 stripe(s), 3 proactive flush(es), 1 terminate flush(es), 0 completion(s), 0 continuation(s) 
[2026-04-03T03:34:15.547+0600][57.113s][info][gc,marking  ] GC(61) Mark Stack Usage: 32M
[2026-04-03T03:34:15.547+0600][57.113s][info][gc,nmethod  ] GC(61) NMethods: 7231 registered, 672 unregistered
[2026-04-03T03:34:15.547+0600][57.113s][info][gc,metaspace] GC(61) Metaspace: 71M used, 72M committed, 1088M reserved
[2026-04-03T03:34:15.547+0600][57.113s][info][gc,ref      ] GC(61) Soft: 3260 encountered, 0 discovered, 0 enqueued
[2026-04-03T03:34:15.547+0600][57.113s][info][gc,ref      ] GC(61) Weak: 6405 encountered, 1572 discovered, 0 enqueued
[2026-04-03T03:34:15.547+0600][57.113s][info][gc,ref      ] GC(61) Final: 84 encountered, 52 discovered, 0 enqueued
[2026-04-03T03:34:15.547+0600][57.113s][info][gc,ref      ] GC(61) Phantom: 599 encountered, 352 discovered, 0 enqueued
[2026-04-03T03:34:15.547+0600][57.113s][info][gc,reloc    ] GC(61) Small Pages: 545 / 1090M, Empty: 0M, Relocated: 61M, In-Place: 0
[2026-04-03T03:34:15.547+0600][57.113s][info][gc,reloc    ] GC(61) Medium Pages: 2 / 64M, Empty: 32M, Relocated: 0M, In-Place: 0
[2026-04-03T03:34:15.547+0600][57.113s][info][gc,reloc    ] GC(61) Large Pages: 10 / 88M, Empty: 28M, Relocated: 0M, In-Place: 0
[2026-04-03T03:34:15.547+0600][57.113s][info][gc,reloc    ] GC(61) Forwarding Usage: 54M
[2026-04-03T03:34:15.547+0600][57.113s][info][gc,heap     ] GC(61) Min Capacity: 8M(0%)
[2026-04-03T03:34:15.547+0600][57.113s][info][gc,heap     ] GC(61) Max Capacity: 1750M(100%)
[2026-04-03T03:34:15.547+0600][57.113s][info][gc,heap     ] GC(61) Soft Max Capacity: 1750M(100%)
[2026-04-03T03:34:15.547+0600][57.113s][info][gc,heap     ] GC(61)                Mark Start          Mark End        Relocate Start      Relocate End           High               Low         
[2026-04-03T03:34:15.547+0600][57.114s][info][gc,heap     ] GC(61)  Capacity:     1750M (100%)       1750M (100%)       1750M (100%)       1750M (100%)       1750M (100%)       1750M (100%)   
[2026-04-03T03:34:15.547+0600][57.114s][info][gc,heap     ] GC(61)      Free:      508M (29%)           0M (0%)           54M (3%)          734M (42%)         734M (42%)           0M (0%)     
[2026-04-03T03:34:15.547+0600][57.114s][info][gc,heap     ] GC(61)      Used:     1242M (71%)        1750M (100%)       1696M (97%)        1016M (58%)        1750M (100%)       1016M (58%)    
[2026-04-03T03:34:15.547+0600][57.114s][info][gc,heap     ] GC(61)      Live:         -               387M (22%)         387M (22%)         387M (22%)            -                  -          
[2026-04-03T03:34:15.547+0600][57.114s][info][gc,heap     ] GC(61) Allocated:         -               508M (29%)         514M (29%)         578M (33%)            -                  -          
[2026-04-03T03:34:15.547+0600][57.114s][info][gc,heap     ] GC(61)   Garbage:         -               854M (49%)         794M (45%)          49M (3%)             -                  -          
[2026-04-03T03:34:15.547+0600][57.114s][info][gc,heap     ] GC(61) Reclaimed:         -                  -                60M (3%)          804M (46%)            -                  -          
[2026-04-03T03:34:15.547+0600][57.114s][info][gc          ] GC(61) Garbage Collection (Allocation Rate) 1242M(71%)->1016M(58%)
[2026-04-03T03:34:15.550+0600][57.117s][info][gc,start    ] GC(62) Garbage Collection (Allocation Stall)
[2026-04-03T03:34:15.550+0600][57.117s][info][gc,ref      ] GC(62) Clearing All SoftReferences
[2026-04-03T03:34:15.550+0600][57.117s][info][gc,task     ] GC(62) Using 3 workers
[2026-04-03T03:34:15.551+0600][57.117s][info][gc,ref      ] GC(62) Clearing All SoftReferences
[2026-04-03T03:34:15.551+0600][57.117s][info][gc,phases   ] GC(62) Pause Mark Start 0.145ms
[2026-04-03T03:34:16.590+0600][58.157s][info][gc,phases   ] GC(62) Concurrent Mark 1039.481ms
[2026-04-03T03:34:16.591+0600][58.157s][info][gc,phases   ] GC(62) Pause Mark End 0.042ms
[2026-04-03T03:34:16.591+0600][58.158s][info][gc,phases   ] GC(62) Concurrent Mark Free 0.003ms
[2026-04-03T03:34:16.616+0600][58.182s][info][gc,phases   ] GC(62) Concurrent Process Non-Strong References 24.446ms
[2026-04-03T03:34:16.616+0600][58.182s][info][gc,phases   ] GC(62) Concurrent Reset Relocation Set 0.067ms
[2026-04-03T03:34:16.624+0600][58.191s][info][gc,phases   ] GC(62) Concurrent Select Relocation Set 8.356ms
[2026-04-03T03:34:16.625+0600][58.191s][info][gc,phases   ] GC(62) Pause Relocate Start 0.032ms
[2026-04-03T03:34:16.688+0600][58.255s][info][gc,phases   ] GC(62) Concurrent Relocate 63.530ms
[2026-04-03T03:34:16.688+0600][58.255s][info][gc,load     ] GC(62) Load: 5.04/4.43/4.80
[2026-04-03T03:34:16.688+0600][58.255s][info][gc,mmu      ] GC(62) MMU: 2ms/92.7%, 5ms/97.1%, 10ms/98.5%, 20ms/99.2%, 50ms/99.7%, 100ms/99.8%
[2026-04-03T03:34:16.688+0600][58.255s][info][gc,marking  ] GC(62) Mark: 2 stripe(s), 2 proactive flush(es), 1 terminate flush(es), 0 completion(s), 0 continuation(s) 
[2026-04-03T03:34:16.688+0600][58.255s][info][gc,marking  ] GC(62) Mark Stack Usage: 32M
[2026-04-03T03:34:16.688+0600][58.255s][info][gc,nmethod  ] GC(62) NMethods: 7243 registered, 674 unregistered
[2026-04-03T03:34:16.688+0600][58.255s][info][gc,metaspace] GC(62) Metaspace: 70M used, 72M committed, 1088M reserved
[2026-04-03T03:34:16.688+0600][58.255s][info][gc,ref      ] GC(62) Soft: 3164 encountered, 698 discovered, 388 enqueued
[2026-04-03T03:34:16.688+0600][58.255s][info][gc,ref      ] GC(62) Weak: 6316 encountered, 1946 discovered, 41 enqueued
[2026-04-03T03:34:16.688+0600][58.255s][info][gc,ref      ] GC(62) Final: 84 encountered, 52 discovered, 0 enqueued
[2026-04-03T03:34:16.688+0600][58.255s][info][gc,ref      ] GC(62) Phantom: 599 encountered, 437 discovered, 0 enqueued
[2026-04-03T03:34:16.688+0600][58.255s][info][gc,reloc    ] GC(62) Small Pages: 437 / 874M, Empty: 0M, Relocated: 33M, In-Place: 0
[2026-04-03T03:34:16.689+0600][58.255s][info][gc,reloc    ] GC(62) Medium Pages: 1 / 32M, Empty: 0M, Relocated: 0M, In-Place: 0
[2026-04-03T03:34:16.689+0600][58.255s][info][gc,reloc    ] GC(62) Large Pages: 9 / 114M, Empty: 30M, Relocated: 0M, In-Place: 0
[2026-04-03T03:34:16.689+0600][58.255s][info][gc,reloc    ] GC(62) Forwarding Usage: 33M
[2026-04-03T03:34:16.689+0600][58.255s][info][gc,heap     ] GC(62) Min Capacity: 8M(0%)
[2026-04-03T03:34:16.689+0600][58.255s][info][gc,heap     ] GC(62) Max Capacity: 1750M(100%)
[2026-04-03T03:34:16.689+0600][58.255s][info][gc,heap     ] GC(62) Soft Max Capacity: 1750M(100%)
[2026-04-03T03:34:16.689+0600][58.255s][info][gc,heap     ] GC(62)                Mark Start          Mark End        Relocate Start      Relocate End           High               Low         
[2026-04-03T03:34:16.689+0600][58.255s][info][gc,heap     ] GC(62)  Capacity:     1750M (100%)       1750M (100%)       1750M (100%)       1750M (100%)       1750M (100%)       1750M (100%)   
[2026-04-03T03:34:16.689+0600][58.255s][info][gc,heap     ] GC(62)      Free:      730M (42%)         554M (32%)         578M (33%)        1076M (61%)        1076M (61%)         548M (31%)    
[2026-04-03T03:34:16.689+0600][58.255s][info][gc,heap     ] GC(62)      Used:     1020M (58%)        1196M (68%)        1172M (67%)         674M (39%)        1202M (69%)         674M (39%)    
[2026-04-03T03:34:16.689+0600][58.255s][info][gc,heap     ] GC(62)      Live:         -               429M (25%)         429M (25%)         429M (25%)            -                  -          
[2026-04-03T03:34:16.689+0600][58.255s][info][gc,heap     ] GC(62) Allocated:         -               176M (10%)         182M (10%)         186M (11%)            -                  -          
[2026-04-03T03:34:16.689+0600][58.255s][info][gc,heap     ] GC(62)   Garbage:         -               590M (34%)         560M (32%)          58M (3%)             -                  -          
[2026-04-03T03:34:16.689+0600][58.255s][info][gc,heap     ] GC(62) Reclaimed:         -                  -                30M (2%)          532M (30%)            -                  -          
[2026-04-03T03:34:16.689+0600][58.255s][info][gc          ] GC(62) Garbage Collection (Allocation Stall) 1020M(58%)->674M(39%)
[2026-04-03T03:34:16.750+0600][58.316s][info][gc,start    ] GC(63) Garbage Collection (Allocation Rate)
[2026-04-03T03:34:16.750+0600][58.317s][info][gc,task     ] GC(63) Using 3 workers
[2026-04-03T03:34:16.750+0600][58.317s][info][gc,phases   ] GC(63) Pause Mark Start 0.021ms
[2026-04-03T03:34:17.203+0600][58.769s][info][gc,phases   ] GC(63) Concurrent Mark 452.286ms
[2026-04-03T03:34:17.203+0600][58.770s][info][gc,phases   ] GC(63) Pause Mark End 0.042ms
[2026-04-03T03:34:17.203+0600][58.770s][info][gc,phases   ] GC(63) Concurrent Mark Free 0.005ms
[2026-04-03T03:34:17.214+0600][58.781s][info][gc,phases   ] GC(63) Concurrent Process Non-Strong References 10.949ms
[2026-04-03T03:34:17.215+0600][58.781s][info][gc,phases   ] GC(63) Concurrent Reset Relocation Set 0.038ms
[2026-04-03T03:34:17.222+0600][58.788s][info][gc,phases   ] GC(63) Concurrent Select Relocation Set 7.055ms
[2026-04-03T03:34:17.222+0600][58.789s][info][gc,phases   ] GC(63) Pause Relocate Start 0.022ms
[2026-04-03T03:34:17.271+0600][58.838s][info][gc,phases   ] GC(63) Concurrent Relocate 48.783ms
[2026-04-03T03:34:17.271+0600][58.838s][info][gc,load     ] GC(63) Load: 5.04/4.43/4.80
[2026-04-03T03:34:17.271+0600][58.838s][info][gc,mmu      ] GC(63) MMU: 2ms/92.7%, 5ms/97.1%, 10ms/98.5%, 20ms/99.2%, 50ms/99.7%, 100ms/99.8%
[2026-04-03T03:34:17.271+0600][58.838s][info][gc,marking  ] GC(63) Mark: 2 stripe(s), 2 proactive flush(es), 1 terminate flush(es), 0 completion(s), 0 continuation(s) 
[2026-04-03T03:34:17.271+0600][58.838s][info][gc,marking  ] GC(63) Mark Stack Usage: 32M
[2026-04-03T03:34:17.271+0600][58.838s][info][gc,nmethod  ] GC(63) NMethods: 7311 registered, 676 unregistered
[2026-04-03T03:34:17.271+0600][58.838s][info][gc,metaspace] GC(63) Metaspace: 71M used, 72M committed, 1088M reserved
[2026-04-03T03:34:17.271+0600][58.838s][info][gc,ref      ] GC(63) Soft: 2773 encountered, 0 discovered, 0 enqueued
[2026-04-03T03:34:17.271+0600][58.838s][info][gc,ref      ] GC(63) Weak: 5978 encountered, 2784 discovered, 1 enqueued
[2026-04-03T03:34:17.271+0600][58.838s][info][gc,ref      ] GC(63) Final: 84 encountered, 4 discovered, 0 enqueued
[2026-04-03T03:34:17.271+0600][58.838s][info][gc,ref      ] GC(63) Phantom: 600 encountered, 428 discovered, 0 enqueued
[2026-04-03T03:34:17.271+0600][58.838s][info][gc,reloc    ] GC(63) Small Pages: 268 / 536M, Empty: 164M, Relocated: 31M, In-Place: 0
[2026-04-03T03:34:17.271+0600][58.838s][info][gc,reloc    ] GC(63) Medium Pages: 2 / 64M, Empty: 32M, Relocated: 0M, In-Place: 0
[2026-04-03T03:34:17.271+0600][58.838s][info][gc,reloc    ] GC(63) Large Pages: 6 / 84M, Empty: 66M, Relocated: 0M, In-Place: 0
[2026-04-03T03:34:17.272+0600][58.838s][info][gc,reloc    ] GC(63) Forwarding Usage: 27M
[2026-04-03T03:34:17.272+0600][58.838s][info][gc,heap     ] GC(63) Min Capacity: 8M(0%)
[2026-04-03T03:34:17.272+0600][58.838s][info][gc,heap     ] GC(63) Max Capacity: 1750M(100%)
[2026-04-03T03:34:17.272+0600][58.838s][info][gc,heap     ] GC(63) Soft Max Capacity: 1750M(100%)
[2026-04-03T03:34:17.272+0600][58.838s][info][gc,heap     ] GC(63)                Mark Start          Mark End        Relocate Start      Relocate End           High               Low         
[2026-04-03T03:34:17.272+0600][58.838s][info][gc,heap     ] GC(63)  Capacity:     1750M (100%)       1750M (100%)       1750M (100%)       1750M (100%)       1750M (100%)       1750M (100%)   
[2026-04-03T03:34:17.272+0600][58.838s][info][gc,heap     ] GC(63)      Free:     1066M (61%)         828M (47%)        1086M (62%)        1232M (70%)        1232M (70%)         824M (47%)    
[2026-04-03T03:34:17.272+0600][58.838s][info][gc,heap     ] GC(63)      Used:      684M (39%)         922M (53%)         664M (38%)         518M (30%)         926M (53%)         518M (30%)    
[2026-04-03T03:34:17.272+0600][58.838s][info][gc,heap     ] GC(63)      Live:         -               213M (12%)         213M (12%)         213M (12%)            -                  -          
[2026-04-03T03:34:17.272+0600][58.838s][info][gc,heap     ] GC(63) Allocated:         -               238M (14%)         242M (14%)         265M (15%)            -                  -          
[2026-04-03T03:34:17.272+0600][58.838s][info][gc,heap     ] GC(63)   Garbage:         -               470M (27%)         208M (12%)          38M (2%)             -                  -          
[2026-04-03T03:34:17.272+0600][58.838s][info][gc,heap     ] GC(63) Reclaimed:         -                  -               262M (15%)         431M (25%)            -                  -          
[2026-04-03T03:34:17.272+0600][58.838s][info][gc          ] GC(63) Garbage Collection (Allocation Rate) 684M(39%)->518M(30%)
[2026-04-03T03:34:17.350+0600][58.916s][info][gc,start    ] GC(64) Garbage Collection (Allocation Rate)
[2026-04-03T03:34:17.350+0600][58.917s][info][gc,task     ] GC(64) Using 3 workers
[2026-04-03T03:34:17.350+0600][58.917s][info][gc,phases   ] GC(64) Pause Mark Start 0.015ms
[2026-04-03T03:34:17.646+0600][59.213s][info][gc,phases   ] GC(64) Concurrent Mark 295.834ms
[2026-04-03T03:34:17.647+0600][59.213s][info][gc,phases   ] GC(64) Pause Mark End 0.111ms
[2026-04-03T03:34:17.647+0600][59.214s][info][gc,phases   ] GC(64) Concurrent Mark Free 0.006ms
[2026-04-03T03:34:17.675+0600][59.241s][info][gc,phases   ] GC(64) Concurrent Process Non-Strong References 27.442ms
[2026-04-03T03:34:17.675+0600][59.241s][info][gc,phases   ] GC(64) Concurrent Reset Relocation Set 0.024ms
[2026-04-03T03:34:17.684+0600][59.251s][info][gc,phases   ] GC(64) Concurrent Select Relocation Set 9.429ms
[2026-04-03T03:34:17.685+0600][59.251s][info][gc,phases   ] GC(64) Pause Relocate Start 0.018ms
[2026-04-03T03:34:17.705+0600][59.271s][info][gc,phases   ] GC(64) Concurrent Relocate 19.751ms
[2026-04-03T03:34:17.705+0600][59.271s][info][gc,load     ] GC(64) Load: 5.04/4.43/4.80
[2026-04-03T03:34:17.705+0600][59.271s][info][gc,mmu      ] GC(64) MMU: 2ms/92.7%, 5ms/97.1%, 10ms/98.5%, 20ms/99.2%, 50ms/99.7%, 100ms/99.8%
[2026-04-03T03:34:17.705+0600][59.271s][info][gc,marking  ] GC(64) Mark: 2 stripe(s), 2 proactive flush(es), 1 terminate flush(es), 0 completion(s), 0 continuation(s) 
[2026-04-03T03:34:17.705+0600][59.271s][info][gc,marking  ] GC(64) Mark Stack Usage: 32M
[2026-04-03T03:34:17.705+0600][59.271s][info][gc,nmethod  ] GC(64) NMethods: 7386 registered, 681 unregistered
[2026-04-03T03:34:17.705+0600][59.271s][info][gc,metaspace] GC(64) Metaspace: 71M used, 72M committed, 1088M reserved
[2026-04-03T03:34:17.705+0600][59.272s][info][gc,ref      ] GC(64) Soft: 3178 encountered, 0 discovered, 0 enqueued
[2026-04-03T03:34:17.705+0600][59.272s][info][gc,ref      ] GC(64) Weak: 6591 encountered, 2226 discovered, 95 enqueued
[2026-04-03T03:34:17.705+0600][59.272s][info][gc,ref      ] GC(64) Final: 84 encountered, 82 discovered, 0 enqueued
[2026-04-03T03:34:17.705+0600][59.272s][info][gc,ref      ] GC(64) Phantom: 599 encountered, 499 discovered, 0 enqueued
[2026-04-03T03:34:17.705+0600][59.272s][info][gc,reloc    ] GC(64) Small Pages: 225 / 450M, Empty: 162M, Relocated: 11M, In-Place: 0
[2026-04-03T03:34:17.705+0600][59.272s][info][gc,reloc    ] GC(64) Medium Pages: 2 / 64M, Empty: 32M, Relocated: 0M, In-Place: 0
[2026-04-03T03:34:17.705+0600][59.272s][info][gc,reloc    ] GC(64) Large Pages: 8 / 72M, Empty: 62M, Relocated: 0M, In-Place: 0
[2026-04-03T03:34:17.705+0600][59.272s][info][gc,reloc    ] GC(64) Forwarding Usage: 10M
[2026-04-03T03:34:17.705+0600][59.272s][info][gc,heap     ] GC(64) Min Capacity: 8M(0%)
[2026-04-03T03:34:17.705+0600][59.272s][info][gc,heap     ] GC(64) Max Capacity: 1750M(100%)
[2026-04-03T03:34:17.705+0600][59.272s][info][gc,heap     ] GC(64) Soft Max Capacity: 1750M(100%)
[2026-04-03T03:34:17.705+0600][59.272s][info][gc,heap     ] GC(64)                Mark Start          Mark End        Relocate Start      Relocate End           High               Low         
[2026-04-03T03:34:17.705+0600][59.272s][info][gc,heap     ] GC(64)  Capacity:     1750M (100%)       1750M (100%)       1750M (100%)       1750M (100%)       1750M (100%)       1750M (100%)   
[2026-04-03T03:34:17.705+0600][59.272s][info][gc,heap     ] GC(64)      Free:     1164M (67%)         972M (56%)        1214M (69%)        1310M (75%)        1310M (75%)         964M (55%)    
[2026-04-03T03:34:17.705+0600][59.272s][info][gc,heap     ] GC(64)      Used:      586M (33%)         778M (44%)         536M (31%)         440M (25%)         786M (45%)         440M (25%)    
[2026-04-03T03:34:17.705+0600][59.272s][info][gc,heap     ] GC(64)      Live:         -               187M (11%)         187M (11%)         187M (11%)            -                  -          
[2026-04-03T03:34:17.705+0600][59.272s][info][gc,heap     ] GC(64) Allocated:         -               192M (11%)         206M (12%)         211M (12%)            -                  -          
[2026-04-03T03:34:17.705+0600][59.272s][info][gc,heap     ] GC(64)   Garbage:         -               398M (23%)         142M (8%)           40M (2%)             -                  -          
[2026-04-03T03:34:17.705+0600][59.272s][info][gc,heap     ] GC(64) Reclaimed:         -                  -               256M (15%)         357M (20%)            -                  -          
[2026-04-03T03:34:17.705+0600][59.272s][info][gc          ] GC(64) Garbage Collection (Allocation Rate) 586M(33%)->440M(25%)
[2026-04-03T03:34:17.750+0600][59.317s][info][gc,start    ] GC(65) Garbage Collection (Allocation Rate)
[2026-04-03T03:34:17.750+0600][59.317s][info][gc,task     ] GC(65) Using 3 workers
[2026-04-03T03:34:17.751+0600][59.317s][info][gc,phases   ] GC(65) Pause Mark Start 0.015ms
[2026-04-03T03:34:18.143+0600][59.710s][info][gc,phases   ] GC(65) Concurrent Mark 392.526ms
[2026-04-03T03:34:18.144+0600][59.710s][info][gc,phases   ] GC(65) Pause Mark End 0.028ms
[2026-04-03T03:34:18.144+0600][59.710s][info][gc,phases   ] GC(65) Concurrent Mark Free 0.001ms
[2026-04-03T03:34:18.167+0600][59.734s][info][gc,phases   ] GC(65) Concurrent Process Non-Strong References 23.302ms
[2026-04-03T03:34:18.167+0600][59.734s][info][gc,phases   ] GC(65) Concurrent Reset Relocation Set 0.010ms
[2026-04-03T03:34:18.180+0600][59.747s][info][gc,phases   ] GC(65) Concurrent Select Relocation Set 12.753ms
[2026-04-03T03:34:18.181+0600][59.747s][info][gc,phases   ] GC(65) Pause Relocate Start 0.076ms
[2026-04-03T03:34:18.233+0600][59.800s][info][gc,phases   ] GC(65) Concurrent Relocate 52.281ms
[2026-04-03T03:34:18.233+0600][59.800s][info][gc,load     ] GC(65) Load: 5.04/4.43/4.80
[2026-04-03T03:34:18.233+0600][59.800s][info][gc,mmu      ] GC(65) MMU: 2ms/92.7%, 5ms/97.1%, 10ms/98.5%, 20ms/99.2%, 50ms/99.7%, 100ms/99.8%
[2026-04-03T03:34:18.233+0600][59.800s][info][gc,marking  ] GC(65) Mark: 2 stripe(s), 2 proactive flush(es), 1 terminate flush(es), 0 completion(s), 0 continuation(s) 
[2026-04-03T03:34:18.234+0600][59.800s][info][gc,marking  ] GC(65) Mark Stack Usage: 32M
[2026-04-03T03:34:18.234+0600][59.800s][info][gc,nmethod  ] GC(65) NMethods: 7467 registered, 688 unregistered
[2026-04-03T03:34:18.234+0600][59.800s][info][gc,metaspace] GC(65) Metaspace: 71M used, 72M committed, 1088M reserved
[2026-04-03T03:34:18.234+0600][59.800s][info][gc,ref      ] GC(65) Soft: 3227 encountered, 0 discovered, 0 enqueued
[2026-04-03T03:34:18.234+0600][59.800s][info][gc,ref      ] GC(65) Weak: 6676 encountered, 2639 discovered, 224 enqueued
[2026-04-03T03:34:18.234+0600][59.800s][info][gc,ref      ] GC(65) Final: 84 encountered, 4 discovered, 0 enqueued
[2026-04-03T03:34:18.234+0600][59.800s][info][gc,ref      ] GC(65) Phantom: 601 encountered, 389 discovered, 0 enqueued
[2026-04-03T03:34:18.234+0600][59.800s][info][gc,reloc    ] GC(65) Small Pages: 179 / 358M, Empty: 18M, Relocated: 24M, In-Place: 0
[2026-04-03T03:34:18.234+0600][59.800s][info][gc,reloc    ] GC(65) Medium Pages: 2 / 64M, Empty: 32M, Relocated: 0M, In-Place: 0
[2026-04-03T03:34:18.234+0600][59.800s][info][gc,reloc    ] GC(65) Large Pages: 6 / 44M, Empty: 16M, Relocated: 0M, In-Place: 0
[2026-04-03T03:34:18.234+0600][59.800s][info][gc,reloc    ] GC(65) Forwarding Usage: 24M
[2026-04-03T03:34:18.234+0600][59.800s][info][gc,heap     ] GC(65) Min Capacity: 8M(0%)
[2026-04-03T03:34:18.234+0600][59.800s][info][gc,heap     ] GC(65) Max Capacity: 1750M(100%)
[2026-04-03T03:34:18.234+0600][59.800s][info][gc,heap     ] GC(65) Soft Max Capacity: 1750M(100%)
[2026-04-03T03:34:18.234+0600][59.800s][info][gc,heap     ] GC(65)                Mark Start          Mark End        Relocate Start      Relocate End           High               Low         
[2026-04-03T03:34:18.234+0600][59.800s][info][gc,heap     ] GC(65)  Capacity:     1750M (100%)       1750M (100%)       1750M (100%)       1750M (100%)       1750M (100%)       1750M (100%)   
[2026-04-03T03:34:18.234+0600][59.800s][info][gc,heap     ] GC(65)      Free:     1284M (73%)        1030M (59%)        1070M (61%)        1174M (67%)        1284M (73%)        1008M (58%)    
[2026-04-03T03:34:18.234+0600][59.800s][info][gc,heap     ] GC(65)      Used:      466M (27%)         720M (41%)         680M (39%)         576M (33%)         742M (42%)         466M (27%)    
[2026-04-03T03:34:18.234+0600][59.800s][info][gc,heap     ] GC(65)      Live:         -               218M (13%)         218M (13%)         218M (13%)            -                  -          
[2026-04-03T03:34:18.234+0600][59.800s][info][gc,heap     ] GC(65) Allocated:         -               254M (15%)         280M (16%)         315M (18%)            -                  -          
[2026-04-03T03:34:18.234+0600][59.800s][info][gc,heap     ] GC(65)   Garbage:         -               247M (14%)         181M (10%)          41M (2%)             -                  -          
[2026-04-03T03:34:18.234+0600][59.800s][info][gc,heap     ] GC(65) Reclaimed:         -                  -                66M (4%)          205M (12%)            -                  -          
[2026-04-03T03:34:18.234+0600][59.800s][info][gc          ] GC(65) Garbage Collection (Allocation Rate) 466M(27%)->576M(33%)
[2026-04-03T03:34:18.551+0600][60.117s][info][gc,stats    ] === Garbage Collection Statistics =======================================================================================================================
[2026-04-03T03:34:18.551+0600][60.117s][info][gc,stats    ]                                                              Last 10s              Last 10m              Last 10h                Total
[2026-04-03T03:34:18.551+0600][60.117s][info][gc,stats    ]                                                              Avg / Max             Avg / Max             Avg / Max             Avg / Max
[2026-04-03T03:34:18.551+0600][60.117s][info][gc,stats    ]   Collector: Garbage Collection Cycle                    677.950 / 1138.097    556.328 / 1693.967    556.328 / 1693.967    556.328 / 1693.967    ms
[2026-04-03T03:34:18.551+0600][60.117s][info][gc,stats    ]  Contention: Mark Segment Reset Contention                     6 / 14                5 / 26                5 / 26                5 / 26          ops/s
[2026-04-03T03:34:18.551+0600][60.117s][info][gc,stats    ]  Contention: Mark SeqNum Reset Contention                      0 / 1                 0 / 1                 0 / 1                 0 / 1           ops/s
[2026-04-03T03:34:18.551+0600][60.117s][info][gc,stats    ]    Critical: Allocation Stall                                  0 / 3                 0 / 6                 0 / 6                 0 / 6           ops/s
[2026-04-03T03:34:18.551+0600][60.117s][info][gc,stats    ]    Critical: Allocation Stall                            115.856 / 157.536     122.559 / 274.971     122.559 / 274.971     122.559 / 274.971     ms
[2026-04-03T03:34:18.551+0600][60.117s][info][gc,stats    ]    Critical: GC Locker Stall                                   0 / 0                 0 / 1                 0 / 1                 0 / 1           ops/s
[2026-04-03T03:34:18.551+0600][60.117s][info][gc,stats    ]    Critical: GC Locker Stall                               0.000 / 0.000         0.002 / 0.003         0.002 / 0.003         0.002 / 0.003       ms
[2026-04-03T03:34:18.551+0600][60.117s][info][gc,stats    ]    Critical: Relocation Stall                                  0 / 0                 0 / 0                 0 / 0                 0 / 0           ops/s
[2026-04-03T03:34:18.551+0600][60.117s][info][gc,stats    ]    Critical: Relocation Stall                              0.000 / 0.000         0.000 / 0.000         0.000 / 0.000         0.000 / 0.000       ms
[2026-04-03T03:34:18.551+0600][60.117s][info][gc,stats    ]      Memory: Allocation Rate                                 595 / 976             529 / 2718            529 / 2718            529 / 2718        MB/s
[2026-04-03T03:34:18.551+0600][60.117s][info][gc,stats    ]      Memory: Defragment                                        7 / 54                5 / 64                5 / 64                5 / 64          ops/s
[2026-04-03T03:34:18.551+0600][60.117s][info][gc,stats    ]      Memory: Out Of Memory                                     0 / 0                 0 / 0                 0 / 0                 0 / 0           ops/s
[2026-04-03T03:34:18.551+0600][60.117s][info][gc,stats    ]      Memory: Page Cache Flush                                 41 / 158              34 / 158              34 / 158              34 / 158         MB/s
[2026-04-03T03:34:18.551+0600][60.117s][info][gc,stats    ]      Memory: Page Cache Hit L1                               282 / 514             239 / 1353            239 / 1353            239 / 1353        ops/s
[2026-04-03T03:34:18.551+0600][60.117s][info][gc,stats    ]      Memory: Page Cache Hit L2                                 0 / 0                 0 / 0                 0 / 0                 0 / 0           ops/s
[2026-04-03T03:34:18.551+0600][60.117s][info][gc,stats    ]      Memory: Page Cache Hit L3                                 7 / 40                8 / 104               8 / 104               8 / 104         ops/s
[2026-04-03T03:34:18.551+0600][60.117s][info][gc,stats    ]      Memory: Page Cache Miss                                   1 / 6                11 / 155              11 / 155              11 / 155         ops/s
[2026-04-03T03:34:18.551+0600][60.117s][info][gc,stats    ]      Memory: Uncommit                                          0 / 0                 0 / 0                 0 / 0                 0 / 0           MB/s
[2026-04-03T03:34:18.551+0600][60.117s][info][gc,stats    ]      Memory: Undo Object Allocation Failed                     0 / 0                 0 / 0                 0 / 0                 0 / 0           ops/s
[2026-04-03T03:34:18.551+0600][60.117s][info][gc,stats    ]      Memory: Undo Object Allocation Succeeded                  0 / 3                 0 / 12                0 / 12                0 / 12          ops/s
[2026-04-03T03:34:18.551+0600][60.117s][info][gc,stats    ]      Memory: Undo Page Allocation                              0 / 0                 0 / 3                 0 / 3                 0 / 3           ops/s
[2026-04-03T03:34:18.551+0600][60.117s][info][gc,stats    ]       Phase: Concurrent Mark                             576.985 / 1039.481    471.073 / 1112.176    471.073 / 1112.176    471.073 / 1112.176    ms
[2026-04-03T03:34:18.551+0600][60.117s][info][gc,stats    ]       Phase: Concurrent Mark Continue                      0.000 / 0.000         0.000 / 0.000         0.000 / 0.000         0.000 / 0.000       ms
[2026-04-03T03:34:18.551+0600][60.117s][info][gc,stats    ]       Phase: Concurrent Mark Free                          0.003 / 0.006         0.003 / 0.006         0.003 / 0.006         0.003 / 0.006       ms
[2026-04-03T03:34:18.551+0600][60.117s][info][gc,stats    ]       Phase: Concurrent Process Non-Strong References     17.718 / 32.363       12.874 / 32.363       12.874 / 32.363       12.874 / 32.363      ms
[2026-04-03T03:34:18.551+0600][60.117s][info][gc,stats    ]       Phase: Concurrent Relocate                          66.979 / 170.742      58.813 / 468.741      58.813 / 468.741      58.813 / 468.741     ms
[2026-04-03T03:34:18.551+0600][60.117s][info][gc,stats    ]       Phase: Concurrent Reset Relocation Set               0.034 / 0.069         0.029 / 0.114         0.029 / 0.114         0.029 / 0.114       ms
[2026-04-03T03:34:18.551+0600][60.117s][info][gc,stats    ]       Phase: Concurrent Select Relocation Set             14.073 / 50.176       11.271 / 98.465       11.271 / 98.465       11.271 / 98.465      ms
[2026-04-03T03:34:18.551+0600][60.118s][info][gc,stats    ]       Phase: Pause Mark End                                0.049 / 0.111         0.038 / 0.111         0.038 / 0.111         0.038 / 0.111       ms
[2026-04-03T03:34:18.551+0600][60.118s][info][gc,stats    ]       Phase: Pause Mark Start                              0.032 / 0.145         0.024 / 0.145         0.024 / 0.145         0.024 / 0.145       ms
[2026-04-03T03:34:18.551+0600][60.118s][info][gc,stats    ]       Phase: Pause Relocate Start                          0.026 / 0.076         0.022 / 0.121         0.022 / 0.121         0.022 / 0.121       ms
[2026-04-03T03:34:18.551+0600][60.118s][info][gc,stats    ]    Subphase: Concurrent Classes Purge                      0.168 / 0.847         0.187 / 1.103         0.187 / 1.103         0.187 / 1.103       ms
[2026-04-03T03:34:18.551+0600][60.118s][info][gc,stats    ]    Subphase: Concurrent Classes Unlink                    15.208 / 28.673       10.521 / 28.673       10.521 / 28.673       10.521 / 28.673      ms
[2026-04-03T03:34:18.551+0600][60.118s][info][gc,stats    ]    Subphase: Concurrent Mark                             575.213 / 1037.432    473.591 / 1109.761    473.591 / 1109.761    473.591 / 1109.761    ms
[2026-04-03T03:34:18.551+0600][60.118s][info][gc,stats    ]    Subphase: Concurrent Mark Try Flush                     0.351 / 0.651         0.291 / 2.378         0.291 / 2.378         0.291 / 2.378       ms
[2026-04-03T03:34:18.551+0600][60.118s][info][gc,stats    ]    Subphase: Concurrent Mark Try Terminate                 0.894 / 1.299         1.066 / 1.299         1.066 / 1.299         1.066 / 1.299       ms
[2026-04-03T03:34:18.551+0600][60.118s][info][gc,stats    ]    Subphase: Concurrent References Enqueue                 0.010 / 0.023         0.007 / 0.029         0.007 / 0.029         0.007 / 0.029       ms
[2026-04-03T03:34:18.551+0600][60.118s][info][gc,stats    ]    Subphase: Concurrent References Process                 0.609 / 0.925         0.513 / 1.222         0.513 / 1.222         0.513 / 1.222       ms
[2026-04-03T03:34:18.551+0600][60.118s][info][gc,stats    ]    Subphase: Concurrent Roots ClassLoaderDataGraph         0.275 / 0.779         0.272 / 0.982         0.272 / 0.982         0.272 / 0.982       ms
[2026-04-03T03:34:18.551+0600][60.118s][info][gc,stats    ]    Subphase: Concurrent Roots CodeCache                    0.000 / 0.000         0.000 / 0.000         0.000 / 0.000         0.000 / 0.000       ms
[2026-04-03T03:34:18.551+0600][60.118s][info][gc,stats    ]    Subphase: Concurrent Roots JavaThreads                  0.800 / 1.396         0.588 / 2.093         0.588 / 2.093         0.588 / 2.093       ms
[2026-04-03T03:34:18.551+0600][60.118s][info][gc,stats    ]    Subphase: Concurrent Roots OopStorageSet                0.065 / 0.147         0.056 / 0.147         0.056 / 0.147         0.056 / 0.147       ms
[2026-04-03T03:34:18.551+0600][60.118s][info][gc,stats    ]    Subphase: Concurrent Weak Roots OopStorageSet           0.949 / 1.211         0.920 / 2.268         0.920 / 2.268         0.920 / 2.268       ms
[2026-04-03T03:34:18.551+0600][60.118s][info][gc,stats    ]    Subphase: Pause Mark Try Complete                       0.000 / 0.000         0.000 / 0.000         0.000 / 0.000         0.000 / 0.000       ms
[2026-04-03T03:34:18.551+0600][60.118s][info][gc,stats    ]      System: Java Threads                                    193 / 206             113 / 206             113 / 206             113 / 206         threads
[2026-04-03T03:34:18.551+0600][60.118s][info][gc,stats    ] =========================================================================================================================================================
[2026-04-03T03:34:19.050+0600][60.617s][info][gc,start    ] GC(66) Garbage Collection (Allocation Rate)
[2026-04-03T03:34:19.050+0600][60.617s][info][gc,task     ] GC(66) Using 3 workers
[2026-04-03T03:34:19.051+0600][60.617s][info][gc,phases   ] GC(66) Pause Mark Start 0.010ms
[2026-04-03T03:34:19.346+0600][60.913s][info][gc,phases   ] GC(66) Concurrent Mark 295.267ms
[2026-04-03T03:34:19.346+0600][60.913s][info][gc,phases   ] GC(66) Pause Mark End 0.124ms
[2026-04-03T03:34:19.347+0600][60.913s][info][gc,phases   ] GC(66) Concurrent Mark Free 0.001ms
[2026-04-03T03:34:19.374+0600][60.941s][info][gc,phases   ] GC(66) Concurrent Process Non-Strong References 27.559ms
[2026-04-03T03:34:19.374+0600][60.941s][info][gc,phases   ] GC(66) Concurrent Reset Relocation Set 0.016ms
[2026-04-03T03:34:19.381+0600][60.947s][info][gc,phases   ] GC(66) Concurrent Select Relocation Set 6.437ms
[2026-04-03T03:34:19.382+0600][60.948s][info][gc,phases   ] GC(66) Pause Relocate Start 0.019ms
[2026-04-03T03:34:19.411+0600][60.978s][info][gc,phases   ] GC(66) Concurrent Relocate 29.261ms
[2026-04-03T03:34:19.411+0600][60.978s][info][gc,load     ] GC(66) Load: 5.04/4.43/4.80
[2026-04-03T03:34:19.411+0600][60.978s][info][gc,mmu      ] GC(66) MMU: 2ms/92.7%, 5ms/97.1%, 10ms/98.5%, 20ms/99.2%, 50ms/99.7%, 100ms/99.8%
[2026-04-03T03:34:19.411+0600][60.978s][info][gc,marking  ] GC(66) Mark: 2 stripe(s), 2 proactive flush(es), 1 terminate flush(es), 0 completion(s), 0 continuation(s) 
[2026-04-03T03:34:19.411+0600][60.978s][info][gc,marking  ] GC(66) Mark Stack Usage: 32M
[2026-04-03T03:34:19.411+0600][60.978s][info][gc,nmethod  ] GC(66) NMethods: 7511 registered, 713 unregistered
[2026-04-03T03:34:19.411+0600][60.978s][info][gc,metaspace] GC(66) Metaspace: 71M used, 72M committed, 1088M reserved
[2026-04-03T03:34:19.411+0600][60.978s][info][gc,ref      ] GC(66) Soft: 3254 encountered, 0 discovered, 0 enqueued
[2026-04-03T03:34:19.411+0600][60.978s][info][gc,ref      ] GC(66) Weak: 6659 encountered, 2495 discovered, 236 enqueued
[2026-04-03T03:34:19.411+0600][60.978s][info][gc,ref      ] GC(66) Final: 84 encountered, 52 discovered, 0 enqueued
[2026-04-03T03:34:19.411+0600][60.978s][info][gc,ref      ] GC(66) Phantom: 602 encountered, 374 discovered, 0 enqueued
[2026-04-03T03:34:19.411+0600][60.978s][info][gc,reloc    ] GC(66) Small Pages: 407 / 814M, Empty: 458M, Relocated: 12M, In-Place: 0
[2026-04-03T03:34:19.411+0600][60.978s][info][gc,reloc    ] GC(66) Medium Pages: 2 / 64M, Empty: 0M, Relocated: 12M, In-Place: 0
[2026-04-03T03:34:19.411+0600][60.978s][info][gc,reloc    ] GC(66) Large Pages: 14 / 108M, Empty: 108M, Relocated: 0M, In-Place: 0
[2026-04-03T03:34:19.411+0600][60.978s][info][gc,reloc    ] GC(66) Forwarding Usage: 8M
[2026-04-03T03:34:19.411+0600][60.978s][info][gc,heap     ] GC(66) Min Capacity: 8M(0%)
[2026-04-03T03:34:19.411+0600][60.978s][info][gc,heap     ] GC(66) Max Capacity: 1750M(100%)
[2026-04-03T03:34:19.411+0600][60.978s][info][gc,heap     ] GC(66) Soft Max Capacity: 1750M(100%)
[2026-04-03T03:34:19.412+0600][60.978s][info][gc,heap     ] GC(66)                Mark Start          Mark End        Relocate Start      Relocate End           High               Low         
[2026-04-03T03:34:19.412+0600][60.978s][info][gc,heap     ] GC(66)  Capacity:     1750M (100%)       1750M (100%)       1750M (100%)       1750M (100%)       1750M (100%)       1750M (100%)   
[2026-04-03T03:34:19.412+0600][60.978s][info][gc,heap     ] GC(66)      Free:      764M (44%)         218M (12%)         750M (43%)         944M (54%)         944M (54%)         196M (11%)    
[2026-04-03T03:34:19.412+0600][60.978s][info][gc,heap     ] GC(66)      Used:      986M (56%)        1532M (88%)        1000M (57%)         806M (46%)        1554M (89%)         806M (46%)    
[2026-04-03T03:34:19.412+0600][60.978s][info][gc,heap     ] GC(66)      Live:         -               177M (10%)         177M (10%)         177M (10%)            -                  -          
[2026-04-03T03:34:19.412+0600][60.978s][info][gc,heap     ] GC(66) Allocated:         -               546M (31%)         580M (33%)         591M (34%)            -                  -          
[2026-04-03T03:34:19.412+0600][60.978s][info][gc,heap     ] GC(66)   Garbage:         -               808M (46%)         242M (14%)          36M (2%)             -                  -          
[2026-04-03T03:34:19.412+0600][60.978s][info][gc,heap     ] GC(66) Reclaimed:         -                  -               566M (32%)         771M (44%)            -                  -          
[2026-04-03T03:34:19.412+0600][60.978s][info][gc          ] GC(66) Garbage Collection (Allocation Rate) 986M(56%)->806M(46%)
[2026-04-03T03:34:19.450+0600][61.016s][info][gc,start    ] GC(67) Garbage Collection (Allocation Rate)
[2026-04-03T03:34:19.450+0600][61.016s][info][gc,task     ] GC(67) Using 3 workers
[2026-04-03T03:34:19.450+0600][61.017s][info][gc,phases   ] GC(67) Pause Mark Start 0.010ms
[2026-04-03T03:34:20.077+0600][61.644s][info][gc,phases   ] GC(67) Concurrent Mark 626.925ms
[2026-04-03T03:34:20.078+0600][61.644s][info][gc,phases   ] GC(67) Pause Mark End 0.121ms
[2026-04-03T03:34:20.078+0600][61.644s][info][gc,phases   ] GC(67) Concurrent Mark Free 0.006ms
[2026-04-03T03:34:20.091+0600][61.657s][info][gc,phases   ] GC(67) Concurrent Process Non-Strong References 12.735ms
[2026-04-03T03:34:20.091+0600][61.657s][info][gc,phases   ] GC(67) Concurrent Reset Relocation Set 0.033ms
[2026-04-03T03:34:20.128+0600][61.694s][info][gc,phases   ] GC(67) Concurrent Select Relocation Set 36.876ms
[2026-04-03T03:34:20.128+0600][61.695s][info][gc,phases   ] GC(67) Pause Relocate Start 0.023ms
[2026-04-03T03:34:20.248+0600][61.815s][info][gc,phases   ] GC(67) Concurrent Relocate 119.653ms
[2026-04-03T03:34:20.248+0600][61.815s][info][gc,load     ] GC(67) Load: 5.04/4.43/4.80
[2026-04-03T03:34:20.248+0600][61.815s][info][gc,mmu      ] GC(67) MMU: 2ms/92.7%, 5ms/97.1%, 10ms/98.5%, 20ms/99.2%, 50ms/99.7%, 100ms/99.8%
[2026-04-03T03:34:20.248+0600][61.815s][info][gc,marking  ] GC(67) Mark: 2 stripe(s), 2 proactive flush(es), 1 terminate flush(es), 0 completion(s), 0 continuation(s) 
[2026-04-03T03:34:20.248+0600][61.815s][info][gc,marking  ] GC(67) Mark Stack Usage: 32M
[2026-04-03T03:34:20.248+0600][61.815s][info][gc,nmethod  ] GC(67) NMethods: 7543 registered, 713 unregistered
[2026-04-03T03:34:20.248+0600][61.815s][info][gc,metaspace] GC(67) Metaspace: 71M used, 72M committed, 1088M reserved
[2026-04-03T03:34:20.248+0600][61.815s][info][gc,ref      ] GC(67) Soft: 3254 encountered, 0 discovered, 0 enqueued
[2026-04-03T03:34:20.248+0600][61.815s][info][gc,ref      ] GC(67) Weak: 6438 encountered, 1916 discovered, 3 enqueued
[2026-04-03T03:34:20.248+0600][61.815s][info][gc,ref      ] GC(67) Final: 84 encountered, 52 discovered, 0 enqueued
[2026-04-03T03:34:20.249+0600][61.815s][info][gc,ref      ] GC(67) Phantom: 600 encountered, 477 discovered, 0 enqueued
[2026-04-03T03:34:20.249+0600][61.815s][info][gc,reloc    ] GC(67) Small Pages: 375 / 750M, Empty: 0M, Relocated: 66M, In-Place: 0
[2026-04-03T03:34:20.249+0600][61.815s][info][gc,reloc    ] GC(67) Medium Pages: 2 / 64M, Empty: 0M, Relocated: 12M, In-Place: 0
[2026-04-03T03:34:20.249+0600][61.815s][info][gc,reloc    ] GC(67) Large Pages: 3 / 18M, Empty: 0M, Relocated: 0M, In-Place: 0
[2026-04-03T03:34:20.249+0600][61.815s][info][gc,reloc    ] GC(67) Forwarding Usage: 64M
[2026-04-03T03:34:20.249+0600][61.815s][info][gc,heap     ] GC(67) Min Capacity: 8M(0%)
[2026-04-03T03:34:20.249+0600][61.815s][info][gc,heap     ] GC(67) Max Capacity: 1750M(100%)
[2026-04-03T03:34:20.249+0600][61.815s][info][gc,heap     ] GC(67) Soft Max Capacity: 1750M(100%)
[2026-04-03T03:34:20.249+0600][61.815s][info][gc,heap     ] GC(67)                Mark Start          Mark End        Relocate Start      Relocate End           High               Low         
[2026-04-03T03:34:20.249+0600][61.815s][info][gc,heap     ] GC(67)  Capacity:     1750M (100%)       1750M (100%)       1750M (100%)       1750M (100%)       1750M (100%)       1750M (100%)   
[2026-04-03T03:34:20.249+0600][61.815s][info][gc,heap     ] GC(67)      Free:      918M (52%)         744M (43%)         722M (41%)        1198M (68%)        1198M (68%)         688M (39%)    
[2026-04-03T03:34:20.249+0600][61.815s][info][gc,heap     ] GC(67)      Used:      832M (48%)        1006M (57%)        1028M (59%)         552M (32%)        1062M (61%)         552M (32%)    
[2026-04-03T03:34:20.249+0600][61.815s][info][gc,heap     ] GC(67)      Live:         -               261M (15%)         261M (15%)         261M (15%)            -                  -          
[2026-04-03T03:34:20.249+0600][61.816s][info][gc,heap     ] GC(67) Allocated:         -               174M (10%)         196M (11%)         251M (14%)            -                  -          
[2026-04-03T03:34:20.249+0600][61.816s][info][gc,heap     ] GC(67)   Garbage:         -               570M (33%)         570M (33%)          38M (2%)             -                  -          
[2026-04-03T03:34:20.249+0600][61.816s][info][gc,heap     ] GC(67) Reclaimed:         -                  -                 0M (0%)          531M (30%)            -                  -          
[2026-04-03T03:34:20.249+0600][61.816s][info][gc          ] GC(67) Garbage Collection (Allocation Rate) 832M(48%)->552M(32%)
[2026-04-03T03:34:20.250+0600][61.817s][info][gc,start    ] GC(68) Garbage Collection (Allocation Rate)
[2026-04-03T03:34:20.250+0600][61.817s][info][gc,task     ] GC(68) Using 3 workers
[2026-04-03T03:34:20.251+0600][61.817s][info][gc,phases   ] GC(68) Pause Mark Start 0.015ms
[2026-04-03T03:34:20.741+0600][62.307s][info][gc,phases   ] GC(68) Concurrent Mark 489.678ms
[2026-04-03T03:34:20.741+0600][62.308s][info][gc,phases   ] GC(68) Pause Mark End 0.041ms
[2026-04-03T03:34:20.741+0600][62.308s][info][gc,phases   ] GC(68) Concurrent Mark Free 0.002ms
[2026-04-03T03:34:20.751+0600][62.317s][info][gc,phases   ] GC(68) Concurrent Process Non-Strong References 9.084ms
[2026-04-03T03:34:20.751+0600][62.317s][info][gc,phases   ] GC(68) Concurrent Reset Relocation Set 0.060ms
[2026-04-03T03:34:20.759+0600][62.326s][info][gc,phases   ] GC(68) Concurrent Select Relocation Set 8.548ms
[2026-04-03T03:34:20.760+0600][62.326s][info][gc,phases   ] GC(68) Pause Relocate Start 0.015ms
[2026-04-03T03:34:20.824+0600][62.390s][info][gc,phases   ] GC(68) Concurrent Relocate 63.906ms
[2026-04-03T03:34:20.824+0600][62.390s][info][gc,load     ] GC(68) Load: 5.12/4.45/4.81
[2026-04-03T03:34:20.824+0600][62.390s][info][gc,mmu      ] GC(68) MMU: 2ms/92.7%, 5ms/97.1%, 10ms/98.5%, 20ms/99.2%, 50ms/99.7%, 100ms/99.8%
[2026-04-03T03:34:20.824+0600][62.390s][info][gc,marking  ] GC(68) Mark: 2 stripe(s), 10 proactive flush(es), 1 terminate flush(es), 0 completion(s), 0 continuation(s) 
[2026-04-03T03:34:20.824+0600][62.390s][info][gc,marking  ] GC(68) Mark Stack Usage: 32M
[2026-04-03T03:34:20.824+0600][62.390s][info][gc,nmethod  ] GC(68) NMethods: 7597 registered, 717 unregistered
[2026-04-03T03:34:20.824+0600][62.391s][info][gc,metaspace] GC(68) Metaspace: 71M used, 72M committed, 1088M reserved
[2026-04-03T03:34:20.824+0600][62.391s][info][gc,ref      ] GC(68) Soft: 3264 encountered, 0 discovered, 0 enqueued
[2026-04-03T03:34:20.824+0600][62.391s][info][gc,ref      ] GC(68) Weak: 6446 encountered, 2554 discovered, 13 enqueued
[2026-04-03T03:34:20.824+0600][62.391s][info][gc,ref      ] GC(68) Final: 84 encountered, 52 discovered, 0 enqueued
[2026-04-03T03:34:20.824+0600][62.391s][info][gc,ref      ] GC(68) Phantom: 599 encountered, 385 discovered, 0 enqueued
[2026-04-03T03:34:20.824+0600][62.391s][info][gc,reloc    ] GC(68) Small Pages: 192 / 384M, Empty: 38M, Relocated: 36M, In-Place: 0
[2026-04-03T03:34:20.824+0600][62.391s][info][gc,reloc    ] GC(68) Medium Pages: 4 / 128M, Empty: 0M, Relocated: 25M, In-Place: 0
[2026-04-03T03:34:20.824+0600][62.391s][info][gc,reloc    ] GC(68) Large Pages: 7 / 42M, Empty: 30M, Relocated: 0M, In-Place: 0
[2026-04-03T03:34:20.824+0600][62.391s][info][gc,reloc    ] GC(68) Forwarding Usage: 37M
[2026-04-03T03:34:20.824+0600][62.391s][info][gc,heap     ] GC(68) Min Capacity: 8M(0%)
[2026-04-03T03:34:20.824+0600][62.391s][info][gc,heap     ] GC(68) Max Capacity: 1750M(100%)
[2026-04-03T03:34:20.824+0600][62.391s][info][gc,heap     ] GC(68) Soft Max Capacity: 1750M(100%)
[2026-04-03T03:34:20.824+0600][62.391s][info][gc,heap     ] GC(68)                Mark Start          Mark End        Relocate Start      Relocate End           High               Low         
[2026-04-03T03:34:20.824+0600][62.391s][info][gc,heap     ] GC(68)  Capacity:     1750M (100%)       1750M (100%)       1750M (100%)       1750M (100%)       1750M (100%)       1750M (100%)   
[2026-04-03T03:34:20.824+0600][62.391s][info][gc,heap     ] GC(68)      Free:     1196M (68%)         920M (53%)         988M (56%)        1154M (66%)        1196M (68%)         920M (53%)    
[2026-04-03T03:34:20.824+0600][62.391s][info][gc,heap     ] GC(68)      Used:      554M (32%)         830M (47%)         762M (44%)         596M (34%)         830M (47%)         554M (32%)    
[2026-04-03T03:34:20.824+0600][62.391s][info][gc,heap     ] GC(68)      Live:         -               256M (15%)         256M (15%)         256M (15%)            -                  -          
[2026-04-03T03:34:20.824+0600][62.391s][info][gc,heap     ] GC(68) Allocated:         -               276M (16%)         276M (16%)         302M (17%)            -                  -          
[2026-04-03T03:34:20.824+0600][62.391s][info][gc,heap     ] GC(68)   Garbage:         -               297M (17%)         229M (13%)          37M (2%)             -                  -          
[2026-04-03T03:34:20.824+0600][62.391s][info][gc,heap     ] GC(68) Reclaimed:         -                  -                68M (4%)          260M (15%)            -                  -          
[2026-04-03T03:34:20.824+0600][62.391s][info][gc          ] GC(68) Garbage Collection (Allocation Rate) 554M(32%)->596M(34%)
[2026-04-03T03:34:20.850+0600][62.416s][info][gc,start    ] GC(69) Garbage Collection (Allocation Rate)
[2026-04-03T03:34:20.850+0600][62.417s][info][gc,task     ] GC(69) Using 3 workers
[2026-04-03T03:34:20.850+0600][62.417s][info][gc,phases   ] GC(69) Pause Mark Start 0.011ms
[2026-04-03T03:34:21.088+0600][62.655s][info][gc,phases   ] GC(69) Concurrent Mark 238.021ms
[2026-04-03T03:34:21.089+0600][62.655s][info][gc,phases   ] GC(69) Pause Mark End 0.049ms
[2026-04-03T03:34:21.089+0600][62.655s][info][gc,phases   ] GC(69) Concurrent Mark Free 0.001ms
[2026-04-03T03:34:21.097+0600][62.663s][info][gc,phases   ] GC(69) Concurrent Process Non-Strong References 8.040ms
[2026-04-03T03:34:21.097+0600][62.663s][info][gc,phases   ] GC(69) Concurrent Reset Relocation Set 0.022ms
[2026-04-03T03:34:21.103+0600][62.670s][info][gc,phases   ] GC(69) Concurrent Select Relocation Set 6.077ms
[2026-04-03T03:34:21.103+0600][62.670s][info][gc,phases   ] GC(69) Pause Relocate Start 0.024ms
[2026-04-03T03:34:21.148+0600][62.714s][info][gc,phases   ] GC(69) Concurrent Relocate 44.237ms
[2026-04-03T03:34:21.148+0600][62.714s][info][gc,load     ] GC(69) Load: 5.12/4.45/4.81
[2026-04-03T03:34:21.148+0600][62.714s][info][gc,mmu      ] GC(69) MMU: 2ms/92.7%, 5ms/97.1%, 10ms/98.5%, 20ms/99.2%, 50ms/99.7%, 100ms/99.8%
[2026-04-03T03:34:21.148+0600][62.714s][info][gc,marking  ] GC(69) Mark: 2 stripe(s), 4 proactive flush(es), 1 terminate flush(es), 0 completion(s), 0 continuation(s) 
[2026-04-03T03:34:21.148+0600][62.714s][info][gc,marking  ] GC(69) Mark Stack Usage: 32M
[2026-04-03T03:34:21.148+0600][62.714s][info][gc,nmethod  ] GC(69) NMethods: 7601 registered, 724 unregistered
[2026-04-03T03:34:21.148+0600][62.714s][info][gc,metaspace] GC(69) Metaspace: 71M used, 72M committed, 1088M reserved
[2026-04-03T03:34:21.148+0600][62.714s][info][gc,ref      ] GC(69) Soft: 3262 encountered, 0 discovered, 0 enqueued
[2026-04-03T03:34:21.148+0600][62.714s][info][gc,ref      ] GC(69) Weak: 6465 encountered, 2116 discovered, 7 enqueued
[2026-04-03T03:34:21.148+0600][62.714s][info][gc,ref      ] GC(69) Final: 84 encountered, 52 discovered, 0 enqueued
[2026-04-03T03:34:21.148+0600][62.714s][info][gc,ref      ] GC(69) Phantom: 599 encountered, 482 discovered, 0 enqueued
[2026-04-03T03:34:21.148+0600][62.714s][info][gc,reloc    ] GC(69) Small Pages: 211 / 422M, Empty: 20M, Relocated: 27M, In-Place: 0
[2026-04-03T03:34:21.148+0600][62.714s][info][gc,reloc    ] GC(69) Medium Pages: 5 / 160M, Empty: 0M, Relocated: 16M, In-Place: 0
[2026-04-03T03:34:21.148+0600][62.714s][info][gc,reloc    ] GC(69) Large Pages: 11 / 70M, Empty: 62M, Relocated: 0M, In-Place: 0
[2026-04-03T03:34:21.148+0600][62.714s][info][gc,reloc    ] GC(69) Forwarding Usage: 25M
[2026-04-03T03:34:21.148+0600][62.714s][info][gc,heap     ] GC(69) Min Capacity: 8M(0%)
[2026-04-03T03:34:21.148+0600][62.714s][info][gc,heap     ] GC(69) Max Capacity: 1750M(100%)
[2026-04-03T03:34:21.148+0600][62.714s][info][gc,heap     ] GC(69) Soft Max Capacity: 1750M(100%)
[2026-04-03T03:34:21.148+0600][62.715s][info][gc,heap     ] GC(69)                Mark Start          Mark End        Relocate Start      Relocate End           High               Low         
[2026-04-03T03:34:21.148+0600][62.715s][info][gc,heap     ] GC(69)  Capacity:     1750M (100%)       1750M (100%)       1750M (100%)       1750M (100%)       1750M (100%)       1750M (100%)   
[2026-04-03T03:34:21.148+0600][62.715s][info][gc,heap     ] GC(69)      Free:     1098M (63%)         844M (48%)         900M (51%)        1116M (64%)        1120M (64%)         824M (47%)    
[2026-04-03T03:34:21.148+0600][62.715s][info][gc,heap     ] GC(69)      Used:      652M (37%)         906M (52%)         850M (49%)         634M (36%)         926M (53%)         630M (36%)    
[2026-04-03T03:34:21.148+0600][62.715s][info][gc,heap     ] GC(69)      Live:         -               233M (13%)         233M (13%)         233M (13%)            -                  -          
[2026-04-03T03:34:21.148+0600][62.715s][info][gc,heap     ] GC(69) Allocated:         -               254M (15%)         280M (16%)         353M (20%)            -                  -          
[2026-04-03T03:34:21.148+0600][62.715s][info][gc,heap     ] GC(69)   Garbage:         -               418M (24%)         336M (19%)          46M (3%)             -                  -          
[2026-04-03T03:34:21.148+0600][62.715s][info][gc,heap     ] GC(69) Reclaimed:         -                  -                82M (5%)          371M (21%)            -                  -          
[2026-04-03T03:34:21.148+0600][62.715s][info][gc          ] GC(69) Garbage Collection (Allocation Rate) 652M(37%)->634M(36%)
[2026-04-03T03:34:21.150+0600][62.717s][info][gc,start    ] GC(70) Garbage Collection (Allocation Rate)
[2026-04-03T03:34:21.150+0600][62.717s][info][gc,task     ] GC(70) Using 3 workers
[2026-04-03T03:34:21.151+0600][62.717s][info][gc,phases   ] GC(70) Pause Mark Start 0.021ms
[2026-04-03T03:34:21.448+0600][63.014s][info][gc,phases   ] GC(70) Concurrent Mark 297.076ms
[2026-04-03T03:34:21.448+0600][63.015s][info][gc,phases   ] GC(70) Pause Mark End 0.029ms
[2026-04-03T03:34:21.448+0600][63.015s][info][gc,phases   ] GC(70) Concurrent Mark Free 0.003ms
[2026-04-03T03:34:21.456+0600][63.023s][info][gc,phases   ] GC(70) Concurrent Process Non-Strong References 7.930ms
[2026-04-03T03:34:21.456+0600][63.023s][info][gc,phases   ] GC(70) Concurrent Reset Relocation Set 0.030ms
[2026-04-03T03:34:21.461+0600][63.027s][info][gc,phases   ] GC(70) Concurrent Select Relocation Set 4.282ms
[2026-04-03T03:34:21.461+0600][63.027s][info][gc,phases   ] GC(70) Pause Relocate Start 0.014ms
[2026-04-03T03:34:21.485+0600][63.052s][info][gc,phases   ] GC(70) Concurrent Relocate 24.352ms
[2026-04-03T03:34:21.486+0600][63.052s][info][gc,load     ] GC(70) Load: 5.12/4.45/4.81
[2026-04-03T03:34:21.486+0600][63.052s][info][gc,mmu      ] GC(70) MMU: 2ms/92.7%, 5ms/97.1%, 10ms/98.5%, 20ms/99.2%, 50ms/99.7%, 100ms/99.8%
[2026-04-03T03:34:21.486+0600][63.052s][info][gc,marking  ] GC(70) Mark: 2 stripe(s), 2 proactive flush(es), 1 terminate flush(es), 0 completion(s), 0 continuation(s) 
[2026-04-03T03:34:21.486+0600][63.052s][info][gc,marking  ] GC(70) Mark Stack Usage: 32M
[2026-04-03T03:34:21.486+0600][63.052s][info][gc,nmethod  ] GC(70) NMethods: 7629 registered, 727 unregistered
[2026-04-03T03:34:21.486+0600][63.052s][info][gc,metaspace] GC(70) Metaspace: 71M used, 72M committed, 1088M reserved
[2026-04-03T03:34:21.486+0600][63.052s][info][gc,ref      ] GC(70) Soft: 3262 encountered, 0 discovered, 0 enqueued
[2026-04-03T03:34:21.486+0600][63.052s][info][gc,ref      ] GC(70) Weak: 6466 encountered, 2649 discovered, 143 enqueued
[2026-04-03T03:34:21.486+0600][63.052s][info][gc,ref      ] GC(70) Final: 84 encountered, 84 discovered, 0 enqueued
[2026-04-03T03:34:21.486+0600][63.052s][info][gc,ref      ] GC(70) Phantom: 599 encountered, 578 discovered, 0 enqueued
[2026-04-03T03:34:21.486+0600][63.052s][info][gc,reloc    ] GC(70) Small Pages: 252 / 504M, Empty: 156M, Relocated: 19M, In-Place: 0
[2026-04-03T03:34:21.486+0600][63.052s][info][gc,reloc    ] GC(70) Medium Pages: 3 / 96M, Empty: 64M, Relocated: 0M, In-Place: 0
[2026-04-03T03:34:21.486+0600][63.052s][info][gc,reloc    ] GC(70) Large Pages: 6 / 38M, Empty: 20M, Relocated: 0M, In-Place: 0
[2026-04-03T03:34:21.486+0600][63.052s][info][gc,reloc    ] GC(70) Forwarding Usage: 17M
[2026-04-03T03:34:21.486+0600][63.052s][info][gc,heap     ] GC(70) Min Capacity: 8M(0%)
[2026-04-03T03:34:21.486+0600][63.052s][info][gc,heap     ] GC(70) Max Capacity: 1750M(100%)
[2026-04-03T03:34:21.486+0600][63.052s][info][gc,heap     ] GC(70) Soft Max Capacity: 1750M(100%)
[2026-04-03T03:34:21.486+0600][63.052s][info][gc,heap     ] GC(70)                Mark Start          Mark End        Relocate Start      Relocate End           High               Low         
[2026-04-03T03:34:21.486+0600][63.052s][info][gc,heap     ] GC(70)  Capacity:     1750M (100%)       1750M (100%)       1750M (100%)       1750M (100%)       1750M (100%)       1750M (100%)   
[2026-04-03T03:34:21.486+0600][63.052s][info][gc,heap     ] GC(70)      Free:     1112M (64%)         596M (34%)         828M (47%)         918M (52%)        1112M (64%)         596M (34%)    
[2026-04-03T03:34:21.486+0600][63.052s][info][gc,heap     ] GC(70)      Used:      638M (36%)        1154M (66%)         922M (53%)         832M (48%)        1154M (66%)         638M (36%)    
[2026-04-03T03:34:21.486+0600][63.052s][info][gc,heap     ] GC(70)      Live:         -               251M (14%)         251M (14%)         251M (14%)            -                  -          
[2026-04-03T03:34:21.486+0600][63.052s][info][gc,heap     ] GC(70) Allocated:         -               516M (29%)         524M (30%)         541M (31%)            -                  -          
[2026-04-03T03:34:21.486+0600][63.052s][info][gc,heap     ] GC(70)   Garbage:         -               386M (22%)         146M (8%)           38M (2%)             -                  -          
[2026-04-03T03:34:21.486+0600][63.052s][info][gc,heap     ] GC(70) Reclaimed:         -                  -               240M (14%)         347M (20%)            -                  -          
[2026-04-03T03:34:21.486+0600][63.052s][info][gc          ] GC(70) Garbage Collection (Allocation Rate) 638M(36%)->832M(48%)
[2026-04-03T03:34:21.550+0600][63.116s][info][gc,start    ] GC(71) Garbage Collection (Allocation Rate)
[2026-04-03T03:34:21.550+0600][63.116s][info][gc,task     ] GC(71) Using 3 workers
[2026-04-03T03:34:21.550+0600][63.117s][info][gc,phases   ] GC(71) Pause Mark Start 0.014ms
[2026-04-03T03:34:21.572+0600][63.138s][info][gc,phases   ] GC(71) Concurrent Mark 21.347ms
[2026-04-03T03:34:21.572+0600][63.138s][info][gc,phases   ] GC(71) Pause Mark End 0.020ms
[2026-04-03T03:34:21.572+0600][63.139s][info][gc,phases   ] GC(71) Concurrent Mark Free 0.003ms
[2026-04-03T03:34:21.588+0600][63.154s][info][gc,phases   ] GC(71) Concurrent Process Non-Strong References 15.804ms
[2026-04-03T03:34:21.588+0600][63.154s][info][gc,phases   ] GC(71) Concurrent Reset Relocation Set 0.013ms
[2026-04-03T03:34:21.592+0600][63.158s][info][gc,phases   ] GC(71) Concurrent Select Relocation Set 3.870ms
[2026-04-03T03:34:21.592+0600][63.159s][info][gc,phases   ] GC(71) Pause Relocate Start 0.012ms
[2026-04-03T03:34:21.595+0600][63.162s][info][gc,phases   ] GC(71) Concurrent Relocate 2.908ms
[2026-04-03T03:34:21.595+0600][63.162s][info][gc,load     ] GC(71) Load: 5.12/4.45/4.81
[2026-04-03T03:34:21.595+0600][63.162s][info][gc,mmu      ] GC(71) MMU: 2ms/92.7%, 5ms/97.1%, 10ms/98.5%, 20ms/99.2%, 50ms/99.7%, 100ms/99.8%
[2026-04-03T03:34:21.595+0600][63.162s][info][gc,marking  ] GC(71) Mark: 2 stripe(s), 3 proactive flush(es), 1 terminate flush(es), 0 completion(s), 0 continuation(s) 
[2026-04-03T03:34:21.595+0600][63.162s][info][gc,marking  ] GC(71) Mark Stack Usage: 32M
[2026-04-03T03:34:21.595+0600][63.162s][info][gc,nmethod  ] GC(71) NMethods: 7639 registered, 741 unregistered
[2026-04-03T03:34:21.595+0600][63.162s][info][gc,metaspace] GC(71) Metaspace: 71M used, 72M committed, 1088M reserved
[2026-04-03T03:34:21.595+0600][63.162s][info][gc,ref      ] GC(71) Soft: 3272 encountered, 0 discovered, 0 enqueued
[2026-04-03T03:34:21.595+0600][63.162s][info][gc,ref      ] GC(71) Weak: 6155 encountered, 863 discovered, 123 enqueued
[2026-04-03T03:34:21.595+0600][63.162s][info][gc,ref      ] GC(71) Final: 84 encountered, 52 discovered, 0 enqueued
[2026-04-03T03:34:21.595+0600][63.162s][info][gc,ref      ] GC(71) Phantom: 590 encountered, 389 discovered, 0 enqueued
[2026-04-03T03:34:21.595+0600][63.162s][info][gc,reloc    ] GC(71) Small Pages: 399 / 798M, Empty: 660M, Relocated: 6M, In-Place: 0
[2026-04-03T03:34:21.595+0600][63.162s][info][gc,reloc    ] GC(71) Medium Pages: 1 / 32M, Empty: 0M, Relocated: 0M, In-Place: 0
[2026-04-03T03:34:21.595+0600][63.162s][info][gc,reloc    ] GC(71) Large Pages: 4 / 24M, Empty: 24M, Relocated: 0M, In-Place: 0
[2026-04-03T03:34:21.595+0600][63.162s][info][gc,reloc    ] GC(71) Forwarding Usage: 2M
[2026-04-03T03:34:21.595+0600][63.162s][info][gc,heap     ] GC(71) Min Capacity: 8M(0%)
[2026-04-03T03:34:21.595+0600][63.162s][info][gc,heap     ] GC(71) Max Capacity: 1750M(100%)
[2026-04-03T03:34:21.595+0600][63.162s][info][gc,heap     ] GC(71) Soft Max Capacity: 1750M(100%)
[2026-04-03T03:34:21.595+0600][63.162s][info][gc,heap     ] GC(71)                Mark Start          Mark End        Relocate Start      Relocate End           High               Low         
[2026-04-03T03:34:21.595+0600][63.162s][info][gc,heap     ] GC(71)  Capacity:     1750M (100%)       1750M (100%)       1750M (100%)       1750M (100%)       1750M (100%)       1750M (100%)   
[2026-04-03T03:34:21.595+0600][63.162s][info][gc,heap     ] GC(71)      Free:      896M (51%)         896M (51%)        1576M (90%)        1674M (96%)        1674M (96%)         896M (51%)    
[2026-04-03T03:34:21.595+0600][63.162s][info][gc,heap     ] GC(71)      Used:      854M (49%)         854M (49%)         174M (10%)          76M (4%)          854M (49%)          76M (4%)     
[2026-04-03T03:34:21.595+0600][63.162s][info][gc,heap     ] GC(71)      Live:         -                35M (2%)           35M (2%)           35M (2%)             -                  -          
[2026-04-03T03:34:21.595+0600][63.162s][info][gc,heap     ] GC(71) Allocated:         -                 0M (0%)            4M (0%)            5M (0%)             -                  -          
[2026-04-03T03:34:21.595+0600][63.162s][info][gc,heap     ] GC(71)   Garbage:         -               818M (47%)         134M (8%)           34M (2%)             -                  -          
[2026-04-03T03:34:21.595+0600][63.162s][info][gc,heap     ] GC(71) Reclaimed:         -                  -               684M (39%)         783M (45%)            -                  -          
[2026-04-03T03:34:21.595+0600][63.162s][info][gc          ] GC(71) Garbage Collection (Allocation Rate) 854M(49%)->76M(4%)
[2026-04-03T03:34:21.650+0600][63.216s][info][gc,start    ] GC(72) Garbage Collection (Allocation Rate)
[2026-04-03T03:34:21.650+0600][63.216s][info][gc,task     ] GC(72) Using 3 workers
[2026-04-03T03:34:21.650+0600][63.217s][info][gc,phases   ] GC(72) Pause Mark Start 0.009ms
[2026-04-03T03:34:21.673+0600][63.239s][info][gc,phases   ] GC(72) Concurrent Mark 22.744ms
[2026-04-03T03:34:21.673+0600][63.240s][info][gc,phases   ] GC(72) Pause Mark End 0.020ms
[2026-04-03T03:34:21.673+0600][63.240s][info][gc,phases   ] GC(72) Concurrent Mark Free 0.002ms
[2026-04-03T03:34:21.680+0600][63.246s][info][gc,phases   ] GC(72) Concurrent Process Non-Strong References 6.445ms
[2026-04-03T03:34:21.680+0600][63.246s][info][gc,phases   ] GC(72) Concurrent Reset Relocation Set 0.008ms
[2026-04-03T03:34:21.682+0600][63.249s][info][gc,phases   ] GC(72) Concurrent Select Relocation Set 2.639ms
[2026-04-03T03:34:21.683+0600][63.249s][info][gc,phases   ] GC(72) Pause Relocate Start 0.011ms
[2026-04-03T03:34:21.684+0600][63.250s][info][gc,phases   ] GC(72) Concurrent Relocate 1.354ms
[2026-04-03T03:34:21.684+0600][63.251s][info][gc,load     ] GC(72) Load: 5.12/4.45/4.81
[2026-04-03T03:34:21.684+0600][63.251s][info][gc,mmu      ] GC(72) MMU: 2ms/92.7%, 5ms/97.1%, 10ms/98.5%, 20ms/99.2%, 50ms/99.7%, 100ms/99.8%
[2026-04-03T03:34:21.684+0600][63.251s][info][gc,marking  ] GC(72) Mark: 2 stripe(s), 2 proactive flush(es), 1 terminate flush(es), 0 completion(s), 0 continuation(s) 
[2026-04-03T03:34:21.684+0600][63.251s][info][gc,marking  ] GC(72) Mark Stack Usage: 32M
[2026-04-03T03:34:21.684+0600][63.251s][info][gc,nmethod  ] GC(72) NMethods: 7645 registered, 745 unregistered
[2026-04-03T03:34:21.684+0600][63.251s][info][gc,metaspace] GC(72) Metaspace: 71M used, 72M committed, 1088M reserved
[2026-04-03T03:34:21.684+0600][63.251s][info][gc,ref      ] GC(72) Soft: 3272 encountered, 0 discovered, 0 enqueued
[2026-04-03T03:34:21.684+0600][63.251s][info][gc,ref      ] GC(72) Weak: 6032 encountered, 322 discovered, 0 enqueued
[2026-04-03T03:34:21.684+0600][63.251s][info][gc,ref      ] GC(72) Final: 84 encountered, 2 discovered, 0 enqueued
[2026-04-03T03:34:21.684+0600][63.251s][info][gc,ref      ] GC(72) Phantom: 590 encountered, 443 discovered, 0 enqueued
[2026-04-03T03:34:21.684+0600][63.251s][info][gc,reloc    ] GC(72) Small Pages: 30 / 60M, Empty: 16M, Relocated: 1M, In-Place: 0
[2026-04-03T03:34:21.684+0600][63.251s][info][gc,reloc    ] GC(72) Medium Pages: 1 / 32M, Empty: 0M, Relocated: 0M, In-Place: 0
[2026-04-03T03:34:21.684+0600][63.251s][info][gc,reloc    ] GC(72) Large Pages: 0 / 0M, Empty: 0M, Relocated: 0M, In-Place: 0
[2026-04-03T03:34:21.684+0600][63.251s][info][gc,reloc    ] GC(72) Forwarding Usage: 0M
[2026-04-03T03:34:21.684+0600][63.251s][info][gc,heap     ] GC(72) Min Capacity: 8M(0%)
[2026-04-03T03:34:21.684+0600][63.251s][info][gc,heap     ] GC(72) Max Capacity: 1750M(100%)
[2026-04-03T03:34:21.684+0600][63.251s][info][gc,heap     ] GC(72) Soft Max Capacity: 1750M(100%)
[2026-04-03T03:34:21.684+0600][63.251s][info][gc,heap     ] GC(72)                Mark Start          Mark End        Relocate Start      Relocate End           High               Low         
[2026-04-03T03:34:21.684+0600][63.251s][info][gc,heap     ] GC(72)  Capacity:     1750M (100%)       1750M (100%)       1750M (100%)       1750M (100%)       1750M (100%)       1750M (100%)   
[2026-04-03T03:34:21.684+0600][63.251s][info][gc,heap     ] GC(72)      Free:     1658M (95%)        1658M (95%)        1672M (96%)        1678M (96%)        1678M (96%)        1656M (95%)    
[2026-04-03T03:34:21.684+0600][63.251s][info][gc,heap     ] GC(72)      Used:       92M (5%)           92M (5%)           78M (4%)           72M (4%)           94M (5%)           72M (4%)     
[2026-04-03T03:34:21.684+0600][63.251s][info][gc,heap     ] GC(72)      Live:         -                35M (2%)           35M (2%)           35M (2%)             -                  -          
[2026-04-03T03:34:21.684+0600][63.251s][info][gc,heap     ] GC(72) Allocated:         -                 0M (0%)            2M (0%)            1M (0%)             -                  -          
[2026-04-03T03:34:21.684+0600][63.251s][info][gc,heap     ] GC(72)   Garbage:         -                56M (3%)           40M (2%)           34M (2%)             -                  -          
[2026-04-03T03:34:21.684+0600][63.251s][info][gc,heap     ] GC(72) Reclaimed:         -                  -                16M (1%)           21M (1%)             -                  -          
[2026-04-03T03:34:21.684+0600][63.251s][info][gc          ] GC(72) Garbage Collection (Allocation Rate) 92M(5%)->72M(4%)
[2026-04-03T03:34:22.093+0600][63.660s][info][gc,heap,exit] Heap
[2026-04-03T03:34:22.093+0600][63.660s][info][gc,heap,exit]  ZHeap           used 124M, capacity 1750M, max capacity 1750M
[2026-04-03T03:34:22.093+0600][63.660s][info][gc,heap,exit]  Metaspace       used 73537K, committed 74368K, reserved 1114112K
[2026-04-03T03:34:22.093+0600][63.660s][info][gc,heap,exit]   class space    used 9351K, committed 9728K, reserved 1048576K
