[2026-04-03T03:36:22.592+0600][0.006s][info][gc,init] Initializing The Z Garbage Collector
[2026-04-03T03:36:22.592+0600][0.006s][info][gc,init] Version: 21.0.10+7-Ubuntu-124.04 (release)
[2026-04-03T03:36:22.592+0600][0.006s][info][gc,init] NUMA Support: Disabled
[2026-04-03T03:36:22.592+0600][0.006s][info][gc,init] CPUs: 12 total, 12 available
[2026-04-03T03:36:22.592+0600][0.006s][info][gc,init] Memory: 15683M
[2026-04-03T03:36:22.592+0600][0.006s][info][gc,init] Large Page Support: Disabled
[2026-04-03T03:36:22.592+0600][0.006s][info][gc,init] Address Space Type: Contiguous/Unrestricted/Complete
[2026-04-03T03:36:22.592+0600][0.006s][info][gc,init] Address Space Size: 32000M
[2026-04-03T03:36:22.592+0600][0.006s][info][gc,init] Heap Backing File: /memfd:java_heap
[2026-04-03T03:36:22.592+0600][0.006s][info][gc,init] Heap Backing Filesystem: tmpfs (0x1021994)
[2026-04-03T03:36:22.593+0600][0.006s][info][gc,init] Min Capacity: 8M
[2026-04-03T03:36:22.593+0600][0.007s][info][gc,init] Initial Capacity: 246M
[2026-04-03T03:36:22.593+0600][0.007s][info][gc,init] Max Capacity: 2000M
[2026-04-03T03:36:22.593+0600][0.007s][info][gc,init] Soft Max Capacity: 2000M
[2026-04-03T03:36:22.593+0600][0.007s][info][gc,init] Medium Page Size: 32M
[2026-04-03T03:36:22.593+0600][0.007s][info][gc,init] Pre-touch: Disabled
[2026-04-03T03:36:22.593+0600][0.007s][info][gc,init] Available space on backing filesystem: N/A
[2026-04-03T03:36:22.594+0600][0.007s][info][gc,init] Uncommit: Enabled
[2026-04-03T03:36:22.594+0600][0.007s][info][gc,init] Uncommit Delay: 300s
[2026-04-03T03:36:22.594+0600][0.007s][info][gc,init] GC Workers for Old Generation: 3 (dynamic)
[2026-04-03T03:36:22.595+0600][0.008s][info][gc,init] GC Workers for Young Generation: 3 (dynamic)
[2026-04-03T03:36:22.674+0600][0.087s][info][gc,init] GC Workers Max: 3 (dynamic)
[2026-04-03T03:36:22.674+0600][0.088s][info][gc,init] Runtime Workers: 8
[2026-04-03T03:36:22.675+0600][0.089s][info][gc     ] Using The Z Garbage Collector
[2026-04-03T03:36:22.685+0600][0.098s][info][gc,metaspace] CDS archive(s) mapped at: [0x00007138fb000000-0x00007138fbc9c000-0x00007138fbc9c000), size 13221888, SharedBaseAddress: 0x00007138fb000000, ArchiveRelocationMode: 1.
[2026-04-03T03:36:22.685+0600][0.098s][info][gc,metaspace] Compressed class space mapped at: 0x00007138fc000000-0x000071393c000000, reserved size: 1073741824
[2026-04-03T03:36:22.685+0600][0.098s][info][gc,metaspace] Narrow klass base: 0x00007138fb000000, Narrow klass shift: 0, Narrow klass range: 0x100000000
[2026-04-03T03:36:23.491+0600][0.904s][info][gc          ] GC(0) Major Collection (Warmup)
[2026-04-03T03:36:23.491+0600][0.904s][info][gc,task     ] GC(0) Using 3 Workers for Young Generation
[2026-04-03T03:36:23.491+0600][0.904s][info][gc,task     ] GC(0) Using 2 Workers for Old Generation
[2026-04-03T03:36:23.491+0600][0.904s][info][gc,phases   ] GC(0) Y: Young Generation
[2026-04-03T03:36:23.491+0600][0.905s][info][gc,phases   ] GC(0) Y: Pause Mark Start (Major) 0.022ms
[2026-04-03T03:36:23.499+0600][0.912s][info][gc,phases   ] GC(0) Y: Concurrent Mark 7.011ms
[2026-04-03T03:36:23.499+0600][0.912s][info][gc,phases   ] GC(0) Y: Pause Mark End 0.017ms
[2026-04-03T03:36:23.499+0600][0.912s][info][gc,phases   ] GC(0) Y: Concurrent Mark Free 0.001ms
[2026-04-03T03:36:23.499+0600][0.912s][info][gc,phases   ] GC(0) Y: Concurrent Reset Relocation Set 0.001ms
[2026-04-03T03:36:23.508+0600][0.921s][info][gc,reloc    ] GC(0) Y: Using tenuring threshold: 1 (Computed)
[2026-04-03T03:36:23.509+0600][0.922s][info][gc,phases   ] GC(0) Y: Concurrent Select Relocation Set 10.046ms
[2026-04-03T03:36:23.509+0600][0.922s][info][gc,phases   ] GC(0) Y: Pause Relocate Start 0.014ms
[2026-04-03T03:36:23.512+0600][0.925s][info][gc,phases   ] GC(0) Y: Concurrent Relocate 2.723ms
[2026-04-03T03:36:23.512+0600][0.925s][info][gc,alloc    ] GC(0) Y:                         Mark Start        Mark End      Relocate Start    Relocate End   
[2026-04-03T03:36:23.512+0600][0.925s][info][gc,alloc    ] GC(0) Y: Allocation Stalls:          0                0                0                0         
[2026-04-03T03:36:23.512+0600][0.925s][info][gc,load     ] GC(0) Y: Load: 4.55 (38%) / 4.39 (37%) / 4.74 (39%)
[2026-04-03T03:36:23.512+0600][0.925s][info][gc,mmu      ] GC(0) Y: MMU: 2ms/98.9%, 5ms/99.6%, 10ms/99.6%, 20ms/99.7%, 50ms/99.9%, 100ms/99.9%
[2026-04-03T03:36:23.512+0600][0.925s][info][gc,marking  ] GC(0) Y: Mark: 2 stripe(s), 2 proactive flush(es), 1 terminate flush(es), 0 completion(s), 0 continuation(s) 
[2026-04-03T03:36:23.512+0600][0.925s][info][gc,marking  ] GC(0) Y: Mark Stack Usage: 32M
[2026-04-03T03:36:23.512+0600][0.925s][info][gc,nmethod  ] GC(0) Y: NMethods: 1060 registered, 0 unregistered
[2026-04-03T03:36:23.512+0600][0.926s][info][gc,metaspace] GC(0) Y: Metaspace: 7M used, 7M committed, 1088M reserved
[2026-04-03T03:36:23.512+0600][0.926s][info][gc,reloc    ] GC(0) Y:                        Candidates     Selected     In-Place         Size        Empty    Relocated 
[2026-04-03T03:36:23.512+0600][0.926s][info][gc,reloc    ] GC(0) Y: Small Pages:                  100           97            0         200M           0M           1M 
[2026-04-03T03:36:23.512+0600][0.926s][info][gc,reloc    ] GC(0) Y: Medium Pages:                   0            0            0           0M           0M           0M 
[2026-04-03T03:36:23.512+0600][0.926s][info][gc,reloc    ] GC(0) Y: Large Pages:                    0            0            0           0M           0M           0M 
[2026-04-03T03:36:23.512+0600][0.926s][info][gc,reloc    ] GC(0) Y: Forwarding Usage: 0M
[2026-04-03T03:36:23.512+0600][0.926s][info][gc,reloc    ] GC(0) Y: Age Table:
[2026-04-03T03:36:23.512+0600][0.926s][info][gc,reloc    ] GC(0) Y:                    Live             Garbage             Small              Medium             Large        
[2026-04-03T03:36:23.512+0600][0.926s][info][gc,reloc    ] GC(0) Y: Eden               4M (0%)          195M (10%)        100 / 97             0 / 0              0 / 0        
[2026-04-03T03:36:23.512+0600][0.926s][info][gc,heap     ] GC(0) Y: Min Capacity: 8M(0%)
[2026-04-03T03:36:23.512+0600][0.926s][info][gc,heap     ] GC(0) Y: Max Capacity: 2000M(100%)
[2026-04-03T03:36:23.512+0600][0.926s][info][gc,heap     ] GC(0) Y: Soft Max Capacity: 2000M(100%)
[2026-04-03T03:36:23.512+0600][0.926s][info][gc,heap     ] GC(0) Y: Heap Statistics:
[2026-04-03T03:36:23.512+0600][0.926s][info][gc,heap     ] GC(0) Y:                Mark Start          Mark End        Relocate Start      Relocate End           High               Low         
[2026-04-03T03:36:23.512+0600][0.926s][info][gc,heap     ] GC(0) Y:  Capacity:      246M (12%)         246M (12%)         246M (12%)         246M (12%)         246M (12%)         246M (12%)    
[2026-04-03T03:36:23.512+0600][0.926s][info][gc,heap     ] GC(0) Y:      Free:     1800M (90%)        1796M (90%)        1792M (90%)        1980M (99%)        1980M (99%)        1784M (89%)    
[2026-04-03T03:36:23.512+0600][0.926s][info][gc,heap     ] GC(0) Y:      Used:      200M (10%)         204M (10%)         208M (10%)          20M (1%)          216M (11%)          20M (1%)     
[2026-04-03T03:36:23.512+0600][0.926s][info][gc,heap     ] GC(0) Y: Young Generation Statistics:
[2026-04-03T03:36:23.512+0600][0.926s][info][gc,heap     ] GC(0) Y:                Mark Start          Mark End        Relocate Start      Relocate End    
[2026-04-03T03:36:23.512+0600][0.926s][info][gc,heap     ] GC(0) Y:      Used:      200M (10%)         204M (10%)         208M (10%)          20M (1%)     
[2026-04-03T03:36:23.512+0600][0.926s][info][gc,heap     ] GC(0) Y:      Live:         -                 4M (0%)            4M (0%)            4M (0%)     
[2026-04-03T03:36:23.512+0600][0.926s][info][gc,heap     ] GC(0) Y:   Garbage:         -               195M (10%)         195M (10%)           1M (0%)     
[2026-04-03T03:36:23.512+0600][0.926s][info][gc,heap     ] GC(0) Y: Allocated:         -                 4M (0%)            8M (0%)           14M (1%)     
[2026-04-03T03:36:23.512+0600][0.926s][info][gc,heap     ] GC(0) Y: Reclaimed:         -                  -                 0M (0%)          194M (10%)    
[2026-04-03T03:36:23.512+0600][0.926s][info][gc,heap     ] GC(0) Y:  Promoted:         -                  -                 0M (0%)            0M (0%)     
[2026-04-03T03:36:23.512+0600][0.926s][info][gc,heap     ] GC(0) Y: Compacted:         -                  -                  -                 1M (0%)     
[2026-04-03T03:36:23.512+0600][0.926s][info][gc,phases   ] GC(0) Y: Young Generation 200M(10%)->20M(1%) 0.021s
[2026-04-03T03:36:23.512+0600][0.926s][info][gc,phases   ] GC(0) O: Old Generation
[2026-04-03T03:36:23.513+0600][0.927s][info][gc,phases   ] GC(0) O: Concurrent Mark 1.011ms
[2026-04-03T03:36:23.514+0600][0.927s][info][gc,phases   ] GC(0) O: Pause Mark End 0.016ms
[2026-04-03T03:36:23.514+0600][0.927s][info][gc,phases   ] GC(0) O: Concurrent Mark Free 0.023ms
[2026-04-03T03:36:23.516+0600][0.929s][info][gc,phases   ] GC(0) O: Concurrent Process Non-Strong 1.953ms
[2026-04-03T03:36:23.516+0600][0.929s][info][gc,phases   ] GC(0) O: Concurrent Reset Relocation Set 0.001ms
[2026-04-03T03:36:23.520+0600][0.933s][info][gc,phases   ] GC(0) O: Concurrent Select Relocation Set 4.376ms
[2026-04-03T03:36:23.520+0600][0.933s][info][gc,task     ] GC(0) O: Using 3 Workers for Old Generation
[2026-04-03T03:36:23.533+0600][0.946s][info][gc,task     ] GC(0) O: Using 2 Workers for Old Generation
[2026-04-03T03:36:23.533+0600][0.946s][info][gc,phases   ] GC(0) O: Concurrent Remap Roots 12.992ms
[2026-04-03T03:36:23.533+0600][0.947s][info][gc,phases   ] GC(0) O: Pause Relocate Start 0.017ms
[2026-04-03T03:36:23.534+0600][0.947s][info][gc,phases   ] GC(0) O: Concurrent Relocate 0.297ms
[2026-04-03T03:36:23.534+0600][0.947s][info][gc,alloc    ] GC(0) O:                         Mark Start        Mark End      Relocate Start    Relocate End   
[2026-04-03T03:36:23.534+0600][0.947s][info][gc,alloc    ] GC(0) O: Allocation Stalls:          0                0                0                0         
[2026-04-03T03:36:23.534+0600][0.947s][info][gc,load     ] GC(0) O: Load: 4.55 (38%) / 4.39 (37%) / 4.74 (39%)
[2026-04-03T03:36:23.534+0600][0.947s][info][gc,mmu      ] GC(0) O: MMU: 2ms/98.9%, 5ms/99.4%, 10ms/99.6%, 20ms/99.7%, 50ms/99.8%, 100ms/99.9%
[2026-04-03T03:36:23.534+0600][0.947s][info][gc,marking  ] GC(0) O: Mark: 2 stripe(s), 1 proactive flush(es), 1 terminate flush(es), 0 completion(s), 0 continuation(s) 
[2026-04-03T03:36:23.534+0600][0.947s][info][gc,marking  ] GC(0) O: Mark Stack Usage: 0M
[2026-04-03T03:36:23.534+0600][0.947s][info][gc,nmethod  ] GC(0) O: NMethods: 991 registered, 88 unregistered
[2026-04-03T03:36:23.534+0600][0.947s][info][gc,metaspace] GC(0) O: Metaspace: 7M used, 7M committed, 1088M reserved
[2026-04-03T03:36:23.534+0600][0.947s][info][gc,ref      ] GC(0) O:                       Encountered   Discovered     Enqueued 
[2026-04-03T03:36:23.534+0600][0.947s][info][gc,ref      ] GC(0) O: Soft References:              188            0            0 
[2026-04-03T03:36:23.534+0600][0.947s][info][gc,ref      ] GC(0) O: Weak References:              664            0            0 
[2026-04-03T03:36:23.534+0600][0.947s][info][gc,ref      ] GC(0) O: Final References:               0            0            0 
[2026-04-03T03:36:23.534+0600][0.947s][info][gc,ref      ] GC(0) O: Phantom References:            25            0            0 
[2026-04-03T03:36:23.534+0600][0.947s][info][gc,heap     ] GC(0) O: Min Capacity: 8M(0%)
[2026-04-03T03:36:23.534+0600][0.947s][info][gc,heap     ] GC(0) O: Max Capacity: 2000M(100%)
[2026-04-03T03:36:23.534+0600][0.947s][info][gc,heap     ] GC(0) O: Soft Max Capacity: 2000M(100%)
[2026-04-03T03:36:23.534+0600][0.947s][info][gc,heap     ] GC(0) O: Heap Statistics:
[2026-04-03T03:36:23.534+0600][0.947s][info][gc,heap     ] GC(0) O:                Mark Start          Mark End        Relocate Start      Relocate End           High               Low         
[2026-04-03T03:36:23.534+0600][0.947s][info][gc,heap     ] GC(0) O:  Capacity:      246M (12%)         246M (12%)         246M (12%)         246M (12%)         246M (12%)         246M (12%)    
[2026-04-03T03:36:23.534+0600][0.947s][info][gc,heap     ] GC(0) O:      Free:     1800M (90%)        1980M (99%)        1978M (99%)        1978M (99%)        1980M (99%)        1784M (89%)    
[2026-04-03T03:36:23.534+0600][0.947s][info][gc,heap     ] GC(0) O:      Used:      200M (10%)          20M (1%)           22M (1%)           22M (1%)          216M (11%)          20M (1%)     
[2026-04-03T03:36:23.534+0600][0.947s][info][gc,heap     ] GC(0) O: Old Generation Statistics:
[2026-04-03T03:36:23.534+0600][0.947s][info][gc,heap     ] GC(0) O:                Mark Start          Mark End        Relocate Start      Relocate End    
[2026-04-03T03:36:23.534+0600][0.947s][info][gc,heap     ] GC(0) O:      Used:        0M (0%)            0M (0%)            0M (0%)            0M (0%)     
[2026-04-03T03:36:23.534+0600][0.947s][info][gc,heap     ] GC(0) O:      Live:         -                 0M (0%)            0M (0%)            0M (0%)     
[2026-04-03T03:36:23.534+0600][0.948s][info][gc,heap     ] GC(0) O:   Garbage:         -                 0M (0%)            0M (0%)            0M (0%)     
[2026-04-03T03:36:23.534+0600][0.948s][info][gc,heap     ] GC(0) O: Allocated:         -                 0M (0%)            0M (0%)            0M (0%)     
[2026-04-03T03:36:23.534+0600][0.948s][info][gc,heap     ] GC(0) O: Reclaimed:         -                  -                 0M (0%)            0M (0%)     
[2026-04-03T03:36:23.534+0600][0.948s][info][gc,heap     ] GC(0) O: Compacted:         -                  -                  -                 0M (0%)     
[2026-04-03T03:36:23.534+0600][0.948s][info][gc,phases   ] GC(0) O: Old Generation 20M(1%)->22M(1%) 0.022s
[2026-04-03T03:36:23.534+0600][0.948s][info][gc          ] GC(0) Major Collection (Warmup) 200M(10%)->24M(1%) 0.043s
[2026-04-03T03:36:26.739+0600][4.152s][info][gc          ] GC(1) Major Collection (Metadata GC Threshold)
[2026-04-03T03:36:26.739+0600][4.152s][info][gc,task     ] GC(1) Using 1 Workers for Young Generation
[2026-04-03T03:36:26.739+0600][4.152s][info][gc,task     ] GC(1) Using 1 Workers for Old Generation
[2026-04-03T03:36:26.739+0600][4.152s][info][gc,phases   ] GC(1) Y: Young Generation
[2026-04-03T03:36:26.739+0600][4.153s][info][gc,phases   ] GC(1) Y: Pause Mark Start (Major) 0.017ms
[2026-04-03T03:36:26.769+0600][4.182s][info][gc,phases   ] GC(1) Y: Concurrent Mark 29.080ms
[2026-04-03T03:36:26.769+0600][4.182s][info][gc,phases   ] GC(1) Y: Pause Mark End 0.021ms
[2026-04-03T03:36:26.769+0600][4.182s][info][gc,phases   ] GC(1) Y: Concurrent Mark Free 0.002ms
[2026-04-03T03:36:26.769+0600][4.182s][info][gc,phases   ] GC(1) Y: Concurrent Reset Relocation Set 0.010ms
[2026-04-03T03:36:26.770+0600][4.184s][info][gc,reloc    ] GC(1) Y: Using tenuring threshold: 2 (Computed)
[2026-04-03T03:36:26.773+0600][4.186s][info][gc,phases   ] GC(1) Y: Concurrent Select Relocation Set 4.056ms
[2026-04-03T03:36:26.773+0600][4.187s][info][gc,phases   ] GC(1) Y: Pause Relocate Start 0.016ms
[2026-04-03T03:36:26.790+0600][4.204s][info][gc,phases   ] GC(1) Y: Concurrent Relocate 16.996ms
[2026-04-03T03:36:26.790+0600][4.204s][info][gc,alloc    ] GC(1) Y:                         Mark Start        Mark End      Relocate Start    Relocate End   
[2026-04-03T03:36:26.790+0600][4.204s][info][gc,alloc    ] GC(1) Y: Allocation Stalls:          0                0                0                0         
[2026-04-03T03:36:26.790+0600][4.204s][info][gc,load     ] GC(1) Y: Load: 4.27 (36%) / 4.33 (36%) / 4.72 (39%)
[2026-04-03T03:36:26.790+0600][4.204s][info][gc,mmu      ] GC(1) Y: MMU: 2ms/98.9%, 5ms/99.3%, 10ms/99.6%, 20ms/99.7%, 50ms/99.8%, 100ms/99.9%
[2026-04-03T03:36:26.791+0600][4.204s][info][gc,marking  ] GC(1) Y: Mark: 1 stripe(s), 2 proactive flush(es), 1 terminate flush(es), 0 completion(s), 0 continuation(s) 
[2026-04-03T03:36:26.791+0600][4.204s][info][gc,marking  ] GC(1) Y: Mark Stack Usage: 32M
[2026-04-03T03:36:26.791+0600][4.204s][info][gc,nmethod  ] GC(1) Y: NMethods: 1941 registered, 0 unregistered
[2026-04-03T03:36:26.791+0600][4.204s][info][gc,metaspace] GC(1) Y: Metaspace: 21M used, 21M committed, 1088M reserved
[2026-04-03T03:36:26.791+0600][4.204s][info][gc,reloc    ] GC(1) Y:                        Candidates     Selected     In-Place         Size        Empty    Relocated 
[2026-04-03T03:36:26.791+0600][4.204s][info][gc,reloc    ] GC(1) Y: Small Pages:                  153          144            0         306M           0M           8M 
[2026-04-03T03:36:26.791+0600][4.204s][info][gc,reloc    ] GC(1) Y: Medium Pages:                   1            0            0          32M           0M           0M 
[2026-04-03T03:36:26.791+0600][4.204s][info][gc,reloc    ] GC(1) Y: Large Pages:                    0            0            0           0M           0M           0M 
[2026-04-03T03:36:26.791+0600][4.204s][info][gc,reloc    ] GC(1) Y: Forwarding Usage: 2M
[2026-04-03T03:36:26.791+0600][4.204s][info][gc,reloc    ] GC(1) Y: Age Table:
[2026-04-03T03:36:26.791+0600][4.204s][info][gc,reloc    ] GC(1) Y:                    Live             Garbage             Small              Medium             Large        
[2026-04-03T03:36:26.791+0600][4.204s][info][gc,reloc    ] GC(1) Y: Eden              15M (1%)          310M (16%)        147 / 140            1 / 0              0 / 0        
[2026-04-03T03:36:26.791+0600][4.204s][info][gc,reloc    ] GC(1) Y: Survivor 1         3M (0%)            8M (0%)           6 / 4              0 / 0              0 / 0        
[2026-04-03T03:36:26.791+0600][4.204s][info][gc,heap     ] GC(1) Y: Min Capacity: 8M(0%)
[2026-04-03T03:36:26.791+0600][4.204s][info][gc,heap     ] GC(1) Y: Max Capacity: 2000M(100%)
[2026-04-03T03:36:26.791+0600][4.204s][info][gc,heap     ] GC(1) Y: Soft Max Capacity: 2000M(100%)
[2026-04-03T03:36:26.791+0600][4.204s][info][gc,heap     ] GC(1) Y: Heap Statistics:
[2026-04-03T03:36:26.791+0600][4.204s][info][gc,heap     ] GC(1) Y:                Mark Start          Mark End        Relocate Start      Relocate End           High               Low         
[2026-04-03T03:36:26.791+0600][4.204s][info][gc,heap     ] GC(1) Y:  Capacity:      338M (17%)         342M (17%)         342M (17%)         352M (18%)         352M (18%)         338M (17%)    
[2026-04-03T03:36:26.791+0600][4.204s][info][gc,heap     ] GC(1) Y:      Free:     1662M (83%)        1658M (83%)        1658M (83%)        1936M (97%)        1936M (97%)        1648M (82%)    
[2026-04-03T03:36:26.791+0600][4.204s][info][gc,heap     ] GC(1) Y:      Used:      338M (17%)         342M (17%)         342M (17%)          64M (3%)          352M (18%)          64M (3%)     
[2026-04-03T03:36:26.791+0600][4.204s][info][gc,heap     ] GC(1) Y: Young Generation Statistics:
[2026-04-03T03:36:26.791+0600][4.204s][info][gc,heap     ] GC(1) Y:                Mark Start          Mark End        Relocate Start      Relocate End    
[2026-04-03T03:36:26.791+0600][4.204s][info][gc,heap     ] GC(1) Y:      Used:      338M (17%)         342M (17%)         342M (17%)          64M (3%)     
[2026-04-03T03:36:26.791+0600][4.204s][info][gc,heap     ] GC(1) Y:      Live:         -                19M (1%)           19M (1%)           19M (1%)     
[2026-04-03T03:36:26.791+0600][4.204s][info][gc,heap     ] GC(1) Y:   Garbage:         -               318M (16%)         318M (16%)          28M (1%)     
[2026-04-03T03:36:26.791+0600][4.204s][info][gc,heap     ] GC(1) Y: Allocated:         -                 4M (0%)            4M (0%)           16M (1%)     
[2026-04-03T03:36:26.791+0600][4.204s][info][gc,heap     ] GC(1) Y: Reclaimed:         -                  -                 0M (0%)          290M (15%)    
[2026-04-03T03:36:26.791+0600][4.204s][info][gc,heap     ] GC(1) Y:  Promoted:         -                  -                 0M (0%)            0M (0%)     
[2026-04-03T03:36:26.791+0600][4.204s][info][gc,heap     ] GC(1) Y: Compacted:         -                  -                  -                11M (1%)     
[2026-04-03T03:36:26.791+0600][4.204s][info][gc,phases   ] GC(1) Y: Young Generation 338M(17%)->64M(3%) 0.051s
[2026-04-03T03:36:26.791+0600][4.204s][info][gc,phases   ] GC(1) O: Old Generation
[2026-04-03T03:36:26.792+0600][4.205s][info][gc,phases   ] GC(1) O: Concurrent Mark 0.834ms
[2026-04-03T03:36:26.792+0600][4.205s][info][gc,phases   ] GC(1) O: Pause Mark End 0.021ms
[2026-04-03T03:36:26.792+0600][4.205s][info][gc,phases   ] GC(1) O: Concurrent Mark Free 0.002ms
[2026-04-03T03:36:26.799+0600][4.212s][info][gc,phases   ] GC(1) O: Concurrent Process Non-Strong 6.743ms
[2026-04-03T03:36:26.799+0600][4.212s][info][gc,phases   ] GC(1) O: Concurrent Reset Relocation Set 0.001ms
[2026-04-03T03:36:26.803+0600][4.217s][info][gc,phases   ] GC(1) O: Concurrent Select Relocation Set 4.453ms
[2026-04-03T03:36:26.803+0600][4.217s][info][gc,task     ] GC(1) O: Using 2 Workers for Old Generation
[2026-04-03T03:36:26.825+0600][4.238s][info][gc,task     ] GC(1) O: Using 1 Workers for Old Generation
[2026-04-03T03:36:26.825+0600][4.238s][info][gc,phases   ] GC(1) O: Concurrent Remap Roots 21.233ms
[2026-04-03T03:36:26.825+0600][4.238s][info][gc,phases   ] GC(1) O: Pause Relocate Start 0.024ms
[2026-04-03T03:36:26.826+0600][4.239s][info][gc,phases   ] GC(1) O: Concurrent Relocate 0.400ms
[2026-04-03T03:36:26.826+0600][4.239s][info][gc,alloc    ] GC(1) O:                         Mark Start        Mark End      Relocate Start    Relocate End   
[2026-04-03T03:36:26.826+0600][4.239s][info][gc,alloc    ] GC(1) O: Allocation Stalls:          0                0                0                0         
[2026-04-03T03:36:26.826+0600][4.239s][info][gc,load     ] GC(1) O: Load: 4.27 (36%) / 4.33 (36%) / 4.72 (39%)
[2026-04-03T03:36:26.826+0600][4.239s][info][gc,mmu      ] GC(1) O: MMU: 2ms/98.8%, 5ms/99.3%, 10ms/99.6%, 20ms/99.7%, 50ms/99.8%, 100ms/99.9%
[2026-04-03T03:36:26.826+0600][4.239s][info][gc,marking  ] GC(1) O: Mark: 1 stripe(s), 1 proactive flush(es), 1 terminate flush(es), 0 completion(s), 0 continuation(s) 
[2026-04-03T03:36:26.826+0600][4.239s][info][gc,marking  ] GC(1) O: Mark Stack Usage: 0M
[2026-04-03T03:36:26.826+0600][4.239s][info][gc,nmethod  ] GC(1) O: NMethods: 1834 registered, 166 unregistered
[2026-04-03T03:36:26.826+0600][4.239s][info][gc,metaspace] GC(1) O: Metaspace: 21M used, 21M committed, 1088M reserved
[2026-04-03T03:36:26.826+0600][4.239s][info][gc,ref      ] GC(1) O:                       Encountered   Discovered     Enqueued 
[2026-04-03T03:36:26.826+0600][4.239s][info][gc,ref      ] GC(1) O: Soft References:             3498            0            0 
[2026-04-03T03:36:26.826+0600][4.239s][info][gc,ref      ] GC(1) O: Weak References:             1464            0            0 
[2026-04-03T03:36:26.826+0600][4.239s][info][gc,ref      ] GC(1) O: Final References:               0            0            0 
[2026-04-03T03:36:26.826+0600][4.239s][info][gc,ref      ] GC(1) O: Phantom References:           563            0            0 
[2026-04-03T03:36:26.826+0600][4.239s][info][gc,heap     ] GC(1) O: Min Capacity: 8M(0%)
[2026-04-03T03:36:26.826+0600][4.239s][info][gc,heap     ] GC(1) O: Max Capacity: 2000M(100%)
[2026-04-03T03:36:26.826+0600][4.239s][info][gc,heap     ] GC(1) O: Soft Max Capacity: 2000M(100%)
[2026-04-03T03:36:26.826+0600][4.239s][info][gc,heap     ] GC(1) O: Heap Statistics:
[2026-04-03T03:36:26.826+0600][4.239s][info][gc,heap     ] GC(1) O:                Mark Start          Mark End        Relocate Start      Relocate End           High               Low         
[2026-04-03T03:36:26.826+0600][4.239s][info][gc,heap     ] GC(1) O:  Capacity:      338M (17%)         352M (18%)         352M (18%)         352M (18%)         352M (18%)         338M (17%)    
[2026-04-03T03:36:26.826+0600][4.239s][info][gc,heap     ] GC(1) O:      Free:     1662M (83%)        1936M (97%)        1934M (97%)        1934M (97%)        1936M (97%)        1648M (82%)    
[2026-04-03T03:36:26.826+0600][4.239s][info][gc,heap     ] GC(1) O:      Used:      338M (17%)          64M (3%)           66M (3%)           66M (3%)          352M (18%)          64M (3%)     
[2026-04-03T03:36:26.826+0600][4.239s][info][gc,heap     ] GC(1) O: Old Generation Statistics:
[2026-04-03T03:36:26.826+0600][4.239s][info][gc,heap     ] GC(1) O:                Mark Start          Mark End        Relocate Start      Relocate End    
[2026-04-03T03:36:26.826+0600][4.239s][info][gc,heap     ] GC(1) O:      Used:        0M (0%)            0M (0%)            0M (0%)            0M (0%)     
[2026-04-03T03:36:26.826+0600][4.239s][info][gc,heap     ] GC(1) O:      Live:         -                 0M (0%)            0M (0%)            0M (0%)     
[2026-04-03T03:36:26.826+0600][4.239s][info][gc,heap     ] GC(1) O:   Garbage:         -                 0M (0%)            0M (0%)            0M (0%)     
[2026-04-03T03:36:26.826+0600][4.239s][info][gc,heap     ] GC(1) O: Allocated:         -                 0M (0%)            0M (0%)            0M (0%)     
[2026-04-03T03:36:26.826+0600][4.239s][info][gc,heap     ] GC(1) O: Reclaimed:         -                  -                 0M (0%)            0M (0%)     
[2026-04-03T03:36:26.826+0600][4.239s][info][gc,heap     ] GC(1) O: Compacted:         -                  -                  -                 0M (0%)     
[2026-04-03T03:36:26.826+0600][4.239s][info][gc,phases   ] GC(1) O: Old Generation 64M(3%)->66M(3%) 0.035s
[2026-04-03T03:36:26.826+0600][4.239s][info][gc          ] GC(1) Major Collection (Metadata GC Threshold) 338M(17%)->66M(3%) 0.087s
[2026-04-03T03:36:29.575+0600][6.989s][info][gc          ] GC(2) Major Collection (Metadata GC Threshold)
[2026-04-03T03:36:29.575+0600][6.989s][info][gc,task     ] GC(2) Using 1 Workers for Young Generation
[2026-04-03T03:36:29.575+0600][6.989s][info][gc,task     ] GC(2) Using 1 Workers for Old Generation
[2026-04-03T03:36:29.575+0600][6.989s][info][gc,phases   ] GC(2) Y: Young Generation
[2026-04-03T03:36:29.576+0600][6.989s][info][gc,phases   ] GC(2) Y: Pause Mark Start (Major) 0.028ms
[2026-04-03T03:36:29.623+0600][7.036s][info][gc,phases   ] GC(2) Y: Concurrent Mark 47.368ms
[2026-04-03T03:36:29.623+0600][7.037s][info][gc,phases   ] GC(2) Y: Pause Mark End 0.018ms
[2026-04-03T03:36:29.623+0600][7.037s][info][gc,phases   ] GC(2) Y: Concurrent Mark Free 0.002ms
[2026-04-03T03:36:29.623+0600][7.037s][info][gc,phases   ] GC(2) Y: Concurrent Reset Relocation Set 0.013ms
[2026-04-03T03:36:29.625+0600][7.038s][info][gc,reloc    ] GC(2) Y: Using tenuring threshold: 3 (Computed)
[2026-04-03T03:36:29.626+0600][7.040s][info][gc,phases   ] GC(2) Y: Concurrent Select Relocation Set 2.738ms
[2026-04-03T03:36:29.626+0600][7.040s][info][gc,phases   ] GC(2) Y: Pause Relocate Start 0.015ms
[2026-04-03T03:36:29.640+0600][7.053s][info][gc,phases   ] GC(2) Y: Concurrent Relocate 12.957ms
[2026-04-03T03:36:29.640+0600][7.053s][info][gc,alloc    ] GC(2) Y:                         Mark Start        Mark End      Relocate Start    Relocate End   
[2026-04-03T03:36:29.640+0600][7.053s][info][gc,alloc    ] GC(2) Y: Allocation Stalls:          0                0                0                0         
[2026-04-03T03:36:29.640+0600][7.053s][info][gc,load     ] GC(2) Y: Load: 4.27 (36%) / 4.33 (36%) / 4.72 (39%)
[2026-04-03T03:36:29.640+0600][7.053s][info][gc,mmu      ] GC(2) Y: MMU: 2ms/98.6%, 5ms/99.3%, 10ms/99.6%, 20ms/99.7%, 50ms/99.8%, 100ms/99.9%
[2026-04-03T03:36:29.640+0600][7.053s][info][gc,marking  ] GC(2) Y: Mark: 1 stripe(s), 2 proactive flush(es), 1 terminate flush(es), 0 completion(s), 0 continuation(s) 
[2026-04-03T03:36:29.640+0600][7.053s][info][gc,marking  ] GC(2) Y: Mark Stack Usage: 32M
[2026-04-03T03:36:29.640+0600][7.053s][info][gc,nmethod  ] GC(2) Y: NMethods: 2749 registered, 0 unregistered
[2026-04-03T03:36:29.640+0600][7.053s][info][gc,metaspace] GC(2) Y: Metaspace: 36M used, 36M committed, 1088M reserved
[2026-04-03T03:36:29.640+0600][7.053s][info][gc,reloc    ] GC(2) Y:                        Candidates     Selected     In-Place         Size        Empty    Relocated 
[2026-04-03T03:36:29.640+0600][7.053s][info][gc,reloc    ] GC(2) Y: Small Pages:                   89           78            0         178M           0M           6M 
[2026-04-03T03:36:29.640+0600][7.053s][info][gc,reloc    ] GC(2) Y: Medium Pages:                   2            0            0          64M          32M           0M 
[2026-04-03T03:36:29.640+0600][7.053s][info][gc,reloc    ] GC(2) Y: Large Pages:                    0            0            0           0M           0M           0M 
[2026-04-03T03:36:29.640+0600][7.053s][info][gc,reloc    ] GC(2) Y: Forwarding Usage: 2M
[2026-04-03T03:36:29.640+0600][7.053s][info][gc,reloc    ] GC(2) Y: Age Table:
[2026-04-03T03:36:29.640+0600][7.053s][info][gc,reloc    ] GC(2) Y:                    Live             Garbage             Small              Medium             Large        
[2026-04-03T03:36:29.640+0600][7.053s][info][gc,reloc    ] GC(2) Y: Eden               5M (0%)          178M (9%)          76 / 72             1 / 0              0 / 0        
[2026-04-03T03:36:29.640+0600][7.053s][info][gc,reloc    ] GC(2) Y: Survivor 1        15M (1%)           30M (2%)           7 / 2              1 / 0              0 / 0        
[2026-04-03T03:36:29.640+0600][7.053s][info][gc,reloc    ] GC(2) Y: Survivor 2         3M (0%)            8M (0%)           6 / 4              0 / 0              0 / 0        
[2026-04-03T03:36:29.640+0600][7.053s][info][gc,heap     ] GC(2) Y: Min Capacity: 8M(0%)
[2026-04-03T03:36:29.640+0600][7.053s][info][gc,heap     ] GC(2) Y: Max Capacity: 2000M(100%)
[2026-04-03T03:36:29.640+0600][7.053s][info][gc,heap     ] GC(2) Y: Soft Max Capacity: 2000M(100%)
[2026-04-03T03:36:29.640+0600][7.053s][info][gc,heap     ] GC(2) Y: Heap Statistics:
[2026-04-03T03:36:29.640+0600][7.053s][info][gc,heap     ] GC(2) Y:                Mark Start          Mark End        Relocate Start      Relocate End           High               Low         
[2026-04-03T03:36:29.640+0600][7.053s][info][gc,heap     ] GC(2) Y:  Capacity:      384M (19%)         384M (19%)         384M (19%)         384M (19%)         384M (19%)         384M (19%)    
[2026-04-03T03:36:29.640+0600][7.053s][info][gc,heap     ] GC(2) Y:      Free:     1758M (88%)        1748M (87%)        1780M (89%)        1930M (96%)        1930M (96%)        1748M (87%)    
[2026-04-03T03:36:29.640+0600][7.053s][info][gc,heap     ] GC(2) Y:      Used:      242M (12%)         252M (13%)         220M (11%)          70M (4%)          252M (13%)          70M (4%)     
[2026-04-03T03:36:29.640+0600][7.053s][info][gc,heap     ] GC(2) Y: Young Generation Statistics:
[2026-04-03T03:36:29.640+0600][7.053s][info][gc,heap     ] GC(2) Y:                Mark Start          Mark End        Relocate Start      Relocate End    
[2026-04-03T03:36:29.640+0600][7.053s][info][gc,heap     ] GC(2) Y:      Used:      242M (12%)         252M (13%)         220M (11%)          70M (4%)     
[2026-04-03T03:36:29.640+0600][7.053s][info][gc,heap     ] GC(2) Y:      Live:         -                24M (1%)           24M (1%)           24M (1%)     
[2026-04-03T03:36:29.640+0600][7.053s][info][gc,heap     ] GC(2) Y:   Garbage:         -               217M (11%)         185M (9%)           27M (1%)     
[2026-04-03T03:36:29.640+0600][7.053s][info][gc,heap     ] GC(2) Y: Allocated:         -                10M (0%)           10M (0%)           17M (1%)     
[2026-04-03T03:36:29.640+0600][7.053s][info][gc,heap     ] GC(2) Y: Reclaimed:         -                  -                32M (2%)          189M (9%)     
[2026-04-03T03:36:29.640+0600][7.053s][info][gc,heap     ] GC(2) Y:  Promoted:         -                  -                 0M (0%)            0M (0%)     
[2026-04-03T03:36:29.640+0600][7.053s][info][gc,heap     ] GC(2) Y: Compacted:         -                  -                  -                10M (1%)     
[2026-04-03T03:36:29.640+0600][7.053s][info][gc,phases   ] GC(2) Y: Young Generation 242M(12%)->70M(4%) 0.064s
[2026-04-03T03:36:29.640+0600][7.053s][info][gc,phases   ] GC(2) O: Old Generation
[2026-04-03T03:36:29.641+0600][7.055s][info][gc,phases   ] GC(2) O: Concurrent Mark 1.341ms
[2026-04-03T03:36:29.641+0600][7.055s][info][gc,phases   ] GC(2) O: Pause Mark End 0.021ms
[2026-04-03T03:36:29.641+0600][7.055s][info][gc,phases   ] GC(2) O: Concurrent Mark Free 0.002ms
[2026-04-03T03:36:29.649+0600][7.063s][info][gc,phases   ] GC(2) O: Concurrent Process Non-Strong 7.806ms
[2026-04-03T03:36:29.649+0600][7.063s][info][gc,phases   ] GC(2) O: Concurrent Reset Relocation Set 0.001ms
[2026-04-03T03:36:29.651+0600][7.064s][info][gc,phases   ] GC(2) O: Concurrent Select Relocation Set 1.499ms
[2026-04-03T03:36:29.651+0600][7.064s][info][gc,task     ] GC(2) O: Using 2 Workers for Old Generation
[2026-04-03T03:36:29.672+0600][7.085s][info][gc,task     ] GC(2) O: Using 1 Workers for Old Generation
[2026-04-03T03:36:29.672+0600][7.085s][info][gc,phases   ] GC(2) O: Concurrent Remap Roots 20.857ms
[2026-04-03T03:36:29.672+0600][7.086s][info][gc,phases   ] GC(2) O: Pause Relocate Start 0.024ms
[2026-04-03T03:36:29.673+0600][7.086s][info][gc,phases   ] GC(2) O: Concurrent Relocate 0.239ms
[2026-04-03T03:36:29.673+0600][7.086s][info][gc,alloc    ] GC(2) O:                         Mark Start        Mark End      Relocate Start    Relocate End   
[2026-04-03T03:36:29.673+0600][7.086s][info][gc,alloc    ] GC(2) O: Allocation Stalls:          0                0                0                0         
[2026-04-03T03:36:29.673+0600][7.086s][info][gc,load     ] GC(2) O: Load: 4.27 (36%) / 4.33 (36%) / 4.72 (39%)
[2026-04-03T03:36:29.673+0600][7.086s][info][gc,mmu      ] GC(2) O: MMU: 2ms/98.6%, 5ms/99.3%, 10ms/99.6%, 20ms/99.7%, 50ms/99.8%, 100ms/99.9%
[2026-04-03T03:36:29.673+0600][7.086s][info][gc,marking  ] GC(2) O: Mark: 1 stripe(s), 1 proactive flush(es), 1 terminate flush(es), 0 completion(s), 0 continuation(s) 
[2026-04-03T03:36:29.673+0600][7.086s][info][gc,marking  ] GC(2) O: Mark Stack Usage: 0M
[2026-04-03T03:36:29.673+0600][7.086s][info][gc,nmethod  ] GC(2) O: NMethods: 2555 registered, 194 unregistered
[2026-04-03T03:36:29.673+0600][7.086s][info][gc,metaspace] GC(2) O: Metaspace: 36M used, 36M committed, 1088M reserved
[2026-04-03T03:36:29.673+0600][7.086s][info][gc,ref      ] GC(2) O:                       Encountered   Discovered     Enqueued 
[2026-04-03T03:36:29.673+0600][7.086s][info][gc,ref      ] GC(2) O: Soft References:             3873            0            0 
[2026-04-03T03:36:29.673+0600][7.086s][info][gc,ref      ] GC(2) O: Weak References:             3008            0            0 
[2026-04-03T03:36:29.673+0600][7.086s][info][gc,ref      ] GC(2) O: Final References:              80            0            0 
[2026-04-03T03:36:29.673+0600][7.086s][info][gc,ref      ] GC(2) O: Phantom References:           569            0            0 
[2026-04-03T03:36:29.673+0600][7.086s][info][gc,heap     ] GC(2) O: Min Capacity: 8M(0%)
[2026-04-03T03:36:29.673+0600][7.086s][info][gc,heap     ] GC(2) O: Max Capacity: 2000M(100%)
[2026-04-03T03:36:29.673+0600][7.086s][info][gc,heap     ] GC(2) O: Soft Max Capacity: 2000M(100%)
[2026-04-03T03:36:29.673+0600][7.086s][info][gc,heap     ] GC(2) O: Heap Statistics:
[2026-04-03T03:36:29.673+0600][7.086s][info][gc,heap     ] GC(2) O:                Mark Start          Mark End        Relocate Start      Relocate End           High               Low         
[2026-04-03T03:36:29.673+0600][7.086s][info][gc,heap     ] GC(2) O:  Capacity:      384M (19%)         384M (19%)         384M (19%)         384M (19%)         384M (19%)         384M (19%)    
[2026-04-03T03:36:29.673+0600][7.086s][info][gc,heap     ] GC(2) O:      Free:     1758M (88%)        1930M (96%)        1930M (96%)        1930M (96%)        1930M (96%)        1748M (87%)    
[2026-04-03T03:36:29.673+0600][7.086s][info][gc,heap     ] GC(2) O:      Used:      242M (12%)          70M (4%)           70M (4%)           70M (4%)          252M (13%)          70M (4%)     
[2026-04-03T03:36:29.673+0600][7.086s][info][gc,heap     ] GC(2) O: Old Generation Statistics:
[2026-04-03T03:36:29.673+0600][7.086s][info][gc,heap     ] GC(2) O:                Mark Start          Mark End        Relocate Start      Relocate End    
[2026-04-03T03:36:29.673+0600][7.086s][info][gc,heap     ] GC(2) O:      Used:        0M (0%)            0M (0%)            0M (0%)            0M (0%)     
[2026-04-03T03:36:29.673+0600][7.086s][info][gc,heap     ] GC(2) O:      Live:         -                 0M (0%)            0M (0%)            0M (0%)     
[2026-04-03T03:36:29.673+0600][7.086s][info][gc,heap     ] GC(2) O:   Garbage:         -                 0M (0%)            0M (0%)            0M (0%)     
[2026-04-03T03:36:29.673+0600][7.086s][info][gc,heap     ] GC(2) O: Allocated:         -                 0M (0%)            0M (0%)            0M (0%)     
[2026-04-03T03:36:29.673+0600][7.086s][info][gc,heap     ] GC(2) O: Reclaimed:         -                  -                 0M (0%)            0M (0%)     
[2026-04-03T03:36:29.673+0600][7.086s][info][gc,heap     ] GC(2) O: Compacted:         -                  -                  -                 0M (0%)     
[2026-04-03T03:36:29.673+0600][7.086s][info][gc,phases   ] GC(2) O: Old Generation 70M(4%)->70M(4%) 0.033s
[2026-04-03T03:36:29.673+0600][7.086s][info][gc          ] GC(2) Major Collection (Metadata GC Threshold) 242M(12%)->70M(4%) 0.098s
[2026-04-03T03:36:31.947+0600][9.360s][info][gc          ] GC(3) Major Collection (Warmup)
[2026-04-03T03:36:31.947+0600][9.360s][info][gc,task     ] GC(3) Using 3 Workers for Young Generation
[2026-04-03T03:36:31.947+0600][9.360s][info][gc,task     ] GC(3) Using 1 Workers for Old Generation
[2026-04-03T03:36:31.947+0600][9.360s][info][gc,phases   ] GC(3) Y: Young Generation
[2026-04-03T03:36:31.948+0600][9.361s][info][gc,phases   ] GC(3) Y: Pause Mark Start (Major) 0.015ms
[2026-04-03T03:36:32.256+0600][9.669s][info][gc,phases   ] GC(3) Y: Concurrent Mark 308.052ms
[2026-04-03T03:36:32.256+0600][9.669s][info][gc,phases   ] GC(3) Y: Pause Mark End 0.030ms
[2026-04-03T03:36:32.256+0600][9.669s][info][gc,phases   ] GC(3) Y: Concurrent Mark Free 0.002ms
[2026-04-03T03:36:32.256+0600][9.669s][info][gc,phases   ] GC(3) Y: Concurrent Reset Relocation Set 0.008ms
[2026-04-03T03:36:32.257+0600][9.671s][info][gc,reloc    ] GC(3) Y: Using tenuring threshold: 1 (Computed)
[2026-04-03T03:36:32.266+0600][9.679s][info][gc,phases   ] GC(3) Y: Concurrent Select Relocation Set 9.530ms
[2026-04-03T03:36:32.266+0600][9.679s][info][gc,phases   ] GC(3) Y: Pause Relocate Start 0.017ms
[2026-04-03T03:36:32.303+0600][9.716s][info][gc,phases   ] GC(3) Y: Concurrent Relocate 36.996ms
[2026-04-03T03:36:32.303+0600][9.716s][info][gc,alloc    ] GC(3) Y:                         Mark Start        Mark End      Relocate Start    Relocate End   
[2026-04-03T03:36:32.303+0600][9.716s][info][gc,alloc    ] GC(3) Y: Allocation Stalls:          0                0                0                0         
[2026-04-03T03:36:32.303+0600][9.716s][info][gc,load     ] GC(3) Y: Load: 4.17 (35%) / 4.31 (36%) / 4.71 (39%)
[2026-04-03T03:36:32.303+0600][9.716s][info][gc,mmu      ] GC(3) Y: MMU: 2ms/98.5%, 5ms/99.3%, 10ms/99.5%, 20ms/99.7%, 50ms/99.8%, 100ms/99.9%
[2026-04-03T03:36:32.303+0600][9.716s][info][gc,marking  ] GC(3) Y: Mark: 2 stripe(s), 10 proactive flush(es), 1 terminate flush(es), 0 completion(s), 0 continuation(s) 
[2026-04-03T03:36:32.303+0600][9.716s][info][gc,marking  ] GC(3) Y: Mark Stack Usage: 32M
[2026-04-03T03:36:32.303+0600][9.716s][info][gc,nmethod  ] GC(3) Y: NMethods: 3150 registered, 194 unregistered
[2026-04-03T03:36:32.303+0600][9.716s][info][gc,metaspace] GC(3) Y: Metaspace: 48M used, 48M committed, 1088M reserved
[2026-04-03T03:36:32.303+0600][9.716s][info][gc,reloc    ] GC(3) Y:                        Candidates     Selected     In-Place         Size        Empty    Relocated 
[2026-04-03T03:36:32.303+0600][9.716s][info][gc,reloc    ] GC(3) Y: Small Pages:                  170           64            0         340M           0M           7M 
[2026-04-03T03:36:32.303+0600][9.716s][info][gc,reloc    ] GC(3) Y: Medium Pages:                   2            1            0          64M           0M           5M 
[2026-04-03T03:36:32.303+0600][9.716s][info][gc,reloc    ] GC(3) Y: Large Pages:                    0            0            0           0M           0M           0M 
[2026-04-03T03:36:32.303+0600][9.716s][info][gc,reloc    ] GC(3) Y: Forwarding Usage: 3M
[2026-04-03T03:36:32.303+0600][9.716s][info][gc,reloc    ] GC(3) Y: Age Table:
[2026-04-03T03:36:32.303+0600][9.716s][info][gc,reloc    ] GC(3) Y:                    Live             Garbage             Small              Medium             Large        
[2026-04-03T03:36:32.303+0600][9.716s][info][gc,reloc    ] GC(3) Y: Eden             188M (9%)          155M (8%)         156 / 59             1 / 0              0 / 0        
[2026-04-03T03:36:32.303+0600][9.716s][info][gc,reloc    ] GC(3) Y: Survivor 1         5M (0%)            2M (0%)           4 / 1              0 / 0              0 / 0        
[2026-04-03T03:36:32.303+0600][9.716s][info][gc,reloc    ] GC(3) Y: Survivor 2        15M (1%)           28M (1%)           6 / 1              1 / 1              0 / 0        
[2026-04-03T03:36:32.303+0600][9.716s][info][gc,reloc    ] GC(3) Y: Survivor 3         3M (0%)            4M (0%)           4 / 3              0 / 0              0 / 0        
[2026-04-03T03:36:32.303+0600][9.716s][info][gc,heap     ] GC(3) Y: Min Capacity: 8M(0%)
[2026-04-03T03:36:32.303+0600][9.717s][info][gc,heap     ] GC(3) Y: Max Capacity: 2000M(100%)
[2026-04-03T03:36:32.303+0600][9.717s][info][gc,heap     ] GC(3) Y: Soft Max Capacity: 2000M(100%)
[2026-04-03T03:36:32.303+0600][9.717s][info][gc,heap     ] GC(3) Y: Heap Statistics:
[2026-04-03T03:36:32.303+0600][9.717s][info][gc,heap     ] GC(3) Y:                Mark Start          Mark End        Relocate Start      Relocate End           High               Low         
[2026-04-03T03:36:32.303+0600][9.717s][info][gc,heap     ] GC(3) Y:  Capacity:      404M (20%)         522M (26%)         526M (26%)         596M (30%)         596M (30%)         404M (20%)    
[2026-04-03T03:36:32.303+0600][9.717s][info][gc,heap     ] GC(3) Y:      Free:     1596M (80%)        1478M (74%)        1474M (74%)        1586M (79%)        1596M (80%)        1404M (70%)    
[2026-04-03T03:36:32.303+0600][9.717s][info][gc,heap     ] GC(3) Y:      Used:      404M (20%)         522M (26%)         526M (26%)         414M (21%)         596M (30%)         404M (20%)    
[2026-04-03T03:36:32.303+0600][9.717s][info][gc,heap     ] GC(3) Y: Young Generation Statistics:
[2026-04-03T03:36:32.303+0600][9.717s][info][gc,heap     ] GC(3) Y:                Mark Start          Mark End        Relocate Start      Relocate End    
[2026-04-03T03:36:32.303+0600][9.717s][info][gc,heap     ] GC(3) Y:      Used:      404M (20%)         522M (26%)         510M (26%)         360M (18%)    
[2026-04-03T03:36:32.303+0600][9.717s][info][gc,heap     ] GC(3) Y:      Live:         -               213M (11%)         197M (10%)         188M (9%)     
[2026-04-03T03:36:32.303+0600][9.717s][info][gc,heap     ] GC(3) Y:   Garbage:         -               190M (10%)         190M (10%)           2M (0%)     
[2026-04-03T03:36:32.303+0600][9.717s][info][gc,heap     ] GC(3) Y: Allocated:         -               118M (6%)          122M (6%)          168M (8%)     
[2026-04-03T03:36:32.303+0600][9.717s][info][gc,heap     ] GC(3) Y: Reclaimed:         -                  -                 0M (0%)          188M (9%)     
[2026-04-03T03:36:32.303+0600][9.717s][info][gc,heap     ] GC(3) Y:  Promoted:         -                  -                15M (1%)           24M (1%)     
[2026-04-03T03:36:32.303+0600][9.717s][info][gc,heap     ] GC(3) Y: Compacted:         -                  -                  -                 7M (0%)     
[2026-04-03T03:36:32.303+0600][9.717s][info][gc,phases   ] GC(3) Y: Young Generation 404M(20%)->414M(21%) 0.356s
[2026-04-03T03:36:32.303+0600][9.717s][info][gc,phases   ] GC(3) O: Old Generation
[2026-04-03T03:36:32.305+0600][9.718s][info][gc,phases   ] GC(3) O: Concurrent Mark 1.842ms
[2026-04-03T03:36:32.305+0600][9.719s][info][gc,phases   ] GC(3) O: Pause Mark End 0.019ms
[2026-04-03T03:36:32.305+0600][9.719s][info][gc,phases   ] GC(3) O: Concurrent Mark Free 0.001ms
[2026-04-03T03:36:32.315+0600][9.729s][info][gc,phases   ] GC(3) O: Concurrent Process Non-Strong 10.046ms
[2026-04-03T03:36:32.315+0600][9.729s][info][gc,phases   ] GC(3) O: Concurrent Reset Relocation Set 0.001ms
[2026-04-03T03:36:32.317+0600][9.730s][info][gc,phases   ] GC(3) O: Concurrent Select Relocation Set 1.419ms
[2026-04-03T03:36:32.317+0600][9.730s][info][gc,task     ] GC(3) O: Using 3 Workers for Old Generation
[2026-04-03T03:36:32.333+0600][9.747s][info][gc,task     ] GC(3) O: Using 1 Workers for Old Generation
[2026-04-03T03:36:32.333+0600][9.747s][info][gc,phases   ] GC(3) O: Concurrent Remap Roots 16.383ms
[2026-04-03T03:36:32.334+0600][9.747s][info][gc,phases   ] GC(3) O: Pause Relocate Start 0.018ms
[2026-04-03T03:36:32.334+0600][9.747s][info][gc,phases   ] GC(3) O: Concurrent Relocate 0.361ms
[2026-04-03T03:36:32.334+0600][9.747s][info][gc,alloc    ] GC(3) O:                         Mark Start        Mark End      Relocate Start    Relocate End   
[2026-04-03T03:36:32.334+0600][9.747s][info][gc,alloc    ] GC(3) O: Allocation Stalls:          0                0                0                0         
[2026-04-03T03:36:32.334+0600][9.747s][info][gc,load     ] GC(3) O: Load: 4.17 (35%) / 4.31 (36%) / 4.71 (39%)
[2026-04-03T03:36:32.334+0600][9.748s][info][gc,mmu      ] GC(3) O: MMU: 2ms/98.5%, 5ms/99.3%, 10ms/99.5%, 20ms/99.7%, 50ms/99.8%, 100ms/99.9%
[2026-04-03T03:36:32.334+0600][9.748s][info][gc,marking  ] GC(3) O: Mark: 1 stripe(s), 1 proactive flush(es), 1 terminate flush(es), 0 completion(s), 0 continuation(s) 
[2026-04-03T03:36:32.334+0600][9.748s][info][gc,marking  ] GC(3) O: Mark Stack Usage: 0M
[2026-04-03T03:36:32.334+0600][9.748s][info][gc,nmethod  ] GC(3) O: NMethods: 3028 registered, 316 unregistered
[2026-04-03T03:36:32.334+0600][9.748s][info][gc,metaspace] GC(3) O: Metaspace: 48M used, 48M committed, 1088M reserved
[2026-04-03T03:36:32.334+0600][9.748s][info][gc,ref      ] GC(3) O:                       Encountered   Discovered     Enqueued 
[2026-04-03T03:36:32.334+0600][9.748s][info][gc,ref      ] GC(3) O: Soft References:             3983            0            0 
[2026-04-03T03:36:32.334+0600][9.748s][info][gc,ref      ] GC(3) O: Weak References:             4158            0            0 
[2026-04-03T03:36:32.334+0600][9.748s][info][gc,ref      ] GC(3) O: Final References:              82            0            0 
[2026-04-03T03:36:32.334+0600][9.748s][info][gc,ref      ] GC(3) O: Phantom References:           586            0            0 
[2026-04-03T03:36:32.334+0600][9.748s][info][gc,heap     ] GC(3) O: Min Capacity: 8M(0%)
[2026-04-03T03:36:32.334+0600][9.748s][info][gc,heap     ] GC(3) O: Max Capacity: 2000M(100%)
[2026-04-03T03:36:32.334+0600][9.748s][info][gc,heap     ] GC(3) O: Soft Max Capacity: 2000M(100%)
[2026-04-03T03:36:32.334+0600][9.748s][info][gc,heap     ] GC(3) O: Heap Statistics:
[2026-04-03T03:36:32.334+0600][9.748s][info][gc,heap     ] GC(3) O:                Mark Start          Mark End        Relocate Start      Relocate End           High               Low         
[2026-04-03T03:36:32.334+0600][9.748s][info][gc,heap     ] GC(3) O:  Capacity:      404M (20%)         596M (30%)         596M (30%)         596M (30%)         596M (30%)         404M (20%)    
[2026-04-03T03:36:32.334+0600][9.748s][info][gc,heap     ] GC(3) O:      Free:     1596M (80%)        1586M (79%)        1572M (79%)        1572M (79%)        1596M (80%)        1404M (70%)    
[2026-04-03T03:36:32.334+0600][9.748s][info][gc,heap     ] GC(3) O:      Used:      404M (20%)         414M (21%)         428M (21%)         428M (21%)         596M (30%)         404M (20%)    
[2026-04-03T03:36:32.334+0600][9.748s][info][gc,heap     ] GC(3) O: Old Generation Statistics:
[2026-04-03T03:36:32.334+0600][9.748s][info][gc,heap     ] GC(3) O:                Mark Start          Mark End        Relocate Start      Relocate End    
[2026-04-03T03:36:32.334+0600][9.748s][info][gc,heap     ] GC(3) O:      Used:        0M (0%)           54M (3%)           54M (3%)           54M (3%)     
[2026-04-03T03:36:32.334+0600][9.748s][info][gc,heap     ] GC(3) O:      Live:         -                 0M (0%)            0M (0%)            0M (0%)     
[2026-04-03T03:36:32.334+0600][9.748s][info][gc,heap     ] GC(3) O:   Garbage:         -                 0M (0%)            0M (0%)            0M (0%)     
[2026-04-03T03:36:32.334+0600][9.748s][info][gc,heap     ] GC(3) O: Allocated:         -                54M (3%)           54M (3%)           54M (3%)     
[2026-04-03T03:36:32.334+0600][9.748s][info][gc,heap     ] GC(3) O: Reclaimed:         -                  -                 0M (0%)            0M (0%)     
[2026-04-03T03:36:32.334+0600][9.748s][info][gc,heap     ] GC(3) O: Compacted:         -                  -                  -                 0M (0%)     
[2026-04-03T03:36:32.334+0600][9.748s][info][gc,phases   ] GC(3) O: Old Generation 414M(21%)->428M(21%) 0.031s
[2026-04-03T03:36:32.334+0600][9.748s][info][gc          ] GC(3) Major Collection (Warmup) 402M(20%)->428M(21%) 0.388s
[2026-04-03T03:36:32.635+0600][10.049s][info][gc          ] GC(4) Major Collection (Warmup)
[2026-04-03T03:36:32.635+0600][10.049s][info][gc,task     ] GC(4) Using 3 Workers for Young Generation
[2026-04-03T03:36:32.635+0600][10.049s][info][gc,task     ] GC(4) Using 1 Workers for Old Generation
[2026-04-03T03:36:32.635+0600][10.049s][info][gc,phases   ] GC(4) Y: Young Generation
[2026-04-03T03:36:32.636+0600][10.049s][info][gc,phases   ] GC(4) Y: Pause Mark Start (Major) 0.016ms
[2026-04-03T03:36:33.387+0600][10.801s][info][gc,phases   ] GC(4) Y: Concurrent Mark 751.530ms
[2026-04-03T03:36:33.387+0600][10.801s][info][gc,phases   ] GC(4) Y: Pause Mark End 0.023ms
[2026-04-03T03:36:33.388+0600][10.801s][info][gc,phases   ] GC(4) Y: Concurrent Mark Free 0.001ms
[2026-04-03T03:36:33.388+0600][10.801s][info][gc,phases   ] GC(4) Y: Concurrent Reset Relocation Set 0.025ms
[2026-04-03T03:36:33.389+0600][10.802s][info][gc,reloc    ] GC(4) Y: Using tenuring threshold: 1 (Computed)
[2026-04-03T03:36:33.430+0600][10.844s][info][gc,phases   ] GC(4) Y: Concurrent Select Relocation Set 42.513ms
[2026-04-03T03:36:33.431+0600][10.844s][info][gc,phases   ] GC(4) Y: Pause Relocate Start 0.027ms
[2026-04-03T03:36:33.501+0600][10.915s][info][gc,phases   ] GC(4) Y: Concurrent Relocate 70.723ms
[2026-04-03T03:36:33.501+0600][10.915s][info][gc,alloc    ] GC(4) Y:                         Mark Start        Mark End      Relocate Start    Relocate End   
[2026-04-03T03:36:33.502+0600][10.915s][info][gc,alloc    ] GC(4) Y: Allocation Stalls:          0                0                0                0         
[2026-04-03T03:36:33.502+0600][10.915s][info][gc,load     ] GC(4) Y: Load: 4.17 (35%) / 4.31 (36%) / 4.71 (39%)
[2026-04-03T03:36:33.502+0600][10.915s][info][gc,mmu      ] GC(4) Y: MMU: 2ms/98.5%, 5ms/99.3%, 10ms/99.5%, 20ms/99.7%, 50ms/99.8%, 100ms/99.9%
[2026-04-03T03:36:33.502+0600][10.915s][info][gc,marking  ] GC(4) Y: Mark: 2 stripe(s), 10 proactive flush(es), 1 terminate flush(es), 0 completion(s), 0 continuation(s) 
[2026-04-03T03:36:33.502+0600][10.915s][info][gc,marking  ] GC(4) Y: Mark Stack Usage: 32M
[2026-04-03T03:36:33.502+0600][10.915s][info][gc,nmethod  ] GC(4) Y: NMethods: 3086 registered, 316 unregistered
[2026-04-03T03:36:33.502+0600][10.915s][info][gc,metaspace] GC(4) Y: Metaspace: 48M used, 48M committed, 1088M reserved
[2026-04-03T03:36:33.502+0600][10.915s][info][gc,reloc    ] GC(4) Y:                        Candidates     Selected     In-Place         Size        Empty    Relocated 
[2026-04-03T03:36:33.502+0600][10.915s][info][gc,reloc    ] GC(4) Y: Small Pages:                  258            3            0         516M           0M           1M 
[2026-04-03T03:36:33.502+0600][10.915s][info][gc,reloc    ] GC(4) Y: Medium Pages:                   1            0            0          32M           0M           0M 
[2026-04-03T03:36:33.502+0600][10.915s][info][gc,reloc    ] GC(4) Y: Large Pages:                    0            0            0           0M           0M           0M 
[2026-04-03T03:36:33.502+0600][10.915s][info][gc,reloc    ] GC(4) Y: Forwarding Usage: 0M
[2026-04-03T03:36:33.502+0600][10.915s][info][gc,reloc    ] GC(4) Y: Age Table:
[2026-04-03T03:36:33.502+0600][10.915s][info][gc,reloc    ] GC(4) Y:                    Live             Garbage             Small              Medium             Large        
[2026-04-03T03:36:33.502+0600][10.915s][info][gc,reloc    ] GC(4) Y: Eden             312M (16%)           9M (0%)         161 / 1              0 / 0              0 / 0        
[2026-04-03T03:36:33.502+0600][10.915s][info][gc,reloc    ] GC(4) Y: Survivor 1       188M (9%)           37M (2%)          97 / 2              1 / 0              0 / 0        
[2026-04-03T03:36:33.502+0600][10.915s][info][gc,heap     ] GC(4) Y: Min Capacity: 8M(0%)
[2026-04-03T03:36:33.502+0600][10.915s][info][gc,heap     ] GC(4) Y: Max Capacity: 2000M(100%)
[2026-04-03T03:36:33.502+0600][10.915s][info][gc,heap     ] GC(4) Y: Soft Max Capacity: 2000M(100%)
[2026-04-03T03:36:33.502+0600][10.915s][info][gc,heap     ] GC(4) Y: Heap Statistics:
[2026-04-03T03:36:33.502+0600][10.915s][info][gc,heap     ] GC(4) Y:                Mark Start          Mark End        Relocate Start      Relocate End           High               Low         
[2026-04-03T03:36:33.502+0600][10.915s][info][gc,heap     ] GC(4) Y:  Capacity:      602M (30%)         816M (41%)         816M (41%)         822M (41%)         822M (41%)         602M (30%)    
[2026-04-03T03:36:33.502+0600][10.915s][info][gc,heap     ] GC(4) Y:      Free:     1398M (70%)        1184M (59%)        1184M (59%)        1186M (59%)        1398M (70%)        1178M (59%)    
[2026-04-03T03:36:33.502+0600][10.915s][info][gc,heap     ] GC(4) Y:      Used:      602M (30%)         816M (41%)         816M (41%)         814M (41%)         822M (41%)         602M (30%)    
[2026-04-03T03:36:33.502+0600][10.915s][info][gc,heap     ] GC(4) Y: Young Generation Statistics:
[2026-04-03T03:36:33.502+0600][10.915s][info][gc,heap     ] GC(4) Y:                Mark Start          Mark End        Relocate Start      Relocate End    
[2026-04-03T03:36:33.502+0600][10.915s][info][gc,heap     ] GC(4) Y:      Used:      548M (27%)         762M (38%)         540M (27%)         536M (27%)    
[2026-04-03T03:36:33.502+0600][10.915s][info][gc,heap     ] GC(4) Y:      Live:         -               500M (25%)         313M (16%)         312M (16%)    
[2026-04-03T03:36:33.502+0600][10.915s][info][gc,heap     ] GC(4) Y:   Garbage:         -                47M (2%)           12M (1%)            5M (0%)     
[2026-04-03T03:36:33.502+0600][10.915s][info][gc,heap     ] GC(4) Y: Allocated:         -               214M (11%)         214M (11%)         217M (11%)    
[2026-04-03T03:36:33.502+0600][10.915s][info][gc,heap     ] GC(4) Y: Reclaimed:         -                  -                34M (2%)           41M (2%)     
[2026-04-03T03:36:33.502+0600][10.915s][info][gc,heap     ] GC(4) Y:  Promoted:         -                  -               187M (9%)          188M (9%)     
[2026-04-03T03:36:33.502+0600][10.915s][info][gc,heap     ] GC(4) Y: Compacted:         -                  -                  -                 0M (0%)     
[2026-04-03T03:36:33.502+0600][10.915s][info][gc,phases   ] GC(4) Y: Young Generation 602M(30%)->814M(41%) 0.866s
[2026-04-03T03:36:33.502+0600][10.915s][info][gc,phases   ] GC(4) O: Old Generation
[2026-04-03T03:36:33.510+0600][10.924s][info][gc          ] GC(5) Minor Collection (Allocation Rate)
[2026-04-03T03:36:33.511+0600][10.924s][info][gc,task     ] GC(5) Using 3 Workers for Young Generation
[2026-04-03T03:36:33.511+0600][10.924s][info][gc,phases   ] GC(5) y: Young Generation
[2026-04-03T03:36:33.511+0600][10.924s][info][gc,phases   ] GC(5) y: Pause Mark Start 0.026ms
[2026-04-03T03:36:33.549+0600][10.962s][info][gc,phases   ] GC(4) O: Concurrent Mark 46.527ms
[2026-04-03T03:36:33.549+0600][10.963s][info][gc,phases   ] GC(4) O: Pause Mark End 0.033ms
[2026-04-03T03:36:33.549+0600][10.963s][info][gc,phases   ] GC(4) O: Concurrent Mark Free 0.003ms
[2026-04-03T03:36:33.562+0600][10.976s][info][gc,phases   ] GC(4) O: Concurrent Process Non-Strong 13.005ms
[2026-04-03T03:36:33.563+0600][10.976s][info][gc,phases   ] GC(4) O: Concurrent Reset Relocation Set 0.002ms
[2026-04-03T03:36:33.569+0600][10.982s][info][gc,phases   ] GC(4) O: Concurrent Select Relocation Set 5.948ms
[2026-04-03T03:36:34.419+0600][11.832s][info][gc,phases   ] GC(5) y: Concurrent Mark 907.693ms
[2026-04-03T03:36:34.419+0600][11.832s][info][gc,phases   ] GC(5) y: Pause Mark End 0.029ms
[2026-04-03T03:36:34.419+0600][11.833s][info][gc,phases   ] GC(5) y: Concurrent Mark Free 0.001ms
[2026-04-03T03:36:34.419+0600][11.833s][info][gc,phases   ] GC(5) y: Concurrent Reset Relocation Set 0.172ms
[2026-04-03T03:36:34.421+0600][11.835s][info][gc,reloc    ] GC(5) y: Using tenuring threshold: 1 (Computed)
[2026-04-03T03:36:34.482+0600][11.895s][info][gc,phases   ] GC(5) y: Concurrent Select Relocation Set 62.098ms
[2026-04-03T03:36:34.482+0600][11.896s][info][gc,phases   ] GC(5) y: Pause Relocate Start 0.024ms
[2026-04-03T03:36:34.602+0600][12.016s][info][gc,phases   ] GC(5) y: Concurrent Relocate 119.751ms
[2026-04-03T03:36:34.602+0600][12.016s][info][gc,alloc    ] GC(5) y:                         Mark Start        Mark End      Relocate Start    Relocate End   
[2026-04-03T03:36:34.602+0600][12.016s][info][gc,alloc    ] GC(5) y: Allocation Stalls:          0                0                0                0         
[2026-04-03T03:36:34.602+0600][12.016s][info][gc,load     ] GC(5) y: Load: 4.17 (35%) / 4.31 (36%) / 4.71 (39%)
[2026-04-03T03:36:34.602+0600][12.016s][info][gc,mmu      ] GC(5) y: MMU: 2ms/98.3%, 5ms/99.3%, 10ms/99.5%, 20ms/99.7%, 50ms/99.8%, 100ms/99.9%
[2026-04-03T03:36:34.602+0600][12.016s][info][gc,marking  ] GC(5) y: Mark: 2 stripe(s), 10 proactive flush(es), 1 terminate flush(es), 0 completion(s), 0 continuation(s) 
[2026-04-03T03:36:34.603+0600][12.016s][info][gc,marking  ] GC(5) y: Mark Stack Usage: 32M
[2026-04-03T03:36:34.603+0600][12.016s][info][gc,nmethod  ] GC(5) y: NMethods: 3136 registered, 318 unregistered
[2026-04-03T03:36:34.603+0600][12.016s][info][gc,metaspace] GC(5) y: Metaspace: 49M used, 49M committed, 1088M reserved
[2026-04-03T03:36:34.603+0600][12.016s][info][gc,reloc    ] GC(5) y:                        Candidates     Selected     In-Place         Size        Empty    Relocated 
[2026-04-03T03:36:34.603+0600][12.016s][info][gc,reloc    ] GC(5) y: Small Pages:                  268            5            0         536M           4M           1M 
[2026-04-03T03:36:34.603+0600][12.016s][info][gc,reloc    ] GC(5) y: Medium Pages:                   0            0            0           0M           0M           0M 
[2026-04-03T03:36:34.603+0600][12.016s][info][gc,reloc    ] GC(5) y: Large Pages:                    0            0            0           0M           0M           0M 
[2026-04-03T03:36:34.603+0600][12.016s][info][gc,reloc    ] GC(5) y: Forwarding Usage: 1M
[2026-04-03T03:36:34.603+0600][12.016s][info][gc,reloc    ] GC(5) y: Age Table:
[2026-04-03T03:36:34.603+0600][12.016s][info][gc,reloc    ] GC(5) y:                    Live             Garbage             Small              Medium             Large        
[2026-04-03T03:36:34.603+0600][12.016s][info][gc,reloc    ] GC(5) y: Eden             200M (10%)          13M (1%)         107 / 4              0 / 0              0 / 0        
[2026-04-03T03:36:34.603+0600][12.016s][info][gc,reloc    ] GC(5) y: Survivor 1       312M (16%)           9M (0%)         161 / 1              0 / 0              0 / 0        
[2026-04-03T03:36:34.603+0600][12.016s][info][gc,heap     ] GC(5) y: Min Capacity: 8M(0%)
[2026-04-03T03:36:34.603+0600][12.016s][info][gc,heap     ] GC(5) y: Max Capacity: 2000M(100%)
[2026-04-03T03:36:34.603+0600][12.016s][info][gc,heap     ] GC(5) y: Soft Max Capacity: 2000M(100%)
[2026-04-03T03:36:34.603+0600][12.016s][info][gc,heap     ] GC(5) y: Heap Statistics:
[2026-04-03T03:36:34.603+0600][12.016s][info][gc,heap     ] GC(5) y:                Mark Start          Mark End        Relocate Start      Relocate End           High               Low         
[2026-04-03T03:36:34.603+0600][12.016s][info][gc,heap     ] GC(5) y:  Capacity:      822M (41%)         822M (41%)         822M (41%)         850M (42%)         850M (42%)         822M (41%)    
[2026-04-03T03:36:34.603+0600][12.016s][info][gc,heap     ] GC(5) y:      Free:     1186M (59%)        1182M (59%)        1178M (59%)        1150M (57%)        1186M (59%)        1150M (57%)    
[2026-04-03T03:36:34.603+0600][12.016s][info][gc,heap     ] GC(5) y:      Used:      814M (41%)         818M (41%)         822M (41%)         850M (42%)         850M (42%)         814M (41%)    
[2026-04-03T03:36:34.603+0600][12.016s][info][gc,heap     ] GC(5) y: Young Generation Statistics:
[2026-04-03T03:36:34.603+0600][12.016s][info][gc,heap     ] GC(5) y:                Mark Start          Mark End        Relocate Start      Relocate End    
[2026-04-03T03:36:34.603+0600][12.016s][info][gc,heap     ] GC(5) y:      Used:      536M (27%)         540M (27%)         228M (11%)         254M (13%)    
[2026-04-03T03:36:34.603+0600][12.016s][info][gc,heap     ] GC(5) y:      Live:         -               512M (26%)         201M (10%)         200M (10%)    
[2026-04-03T03:36:34.603+0600][12.016s][info][gc,heap     ] GC(5) y:   Garbage:         -                23M (1%)           14M (1%)            3M (0%)     
[2026-04-03T03:36:34.603+0600][12.016s][info][gc,heap     ] GC(5) y: Allocated:         -                 4M (0%)           12M (1%)           49M (2%)     
[2026-04-03T03:36:34.603+0600][12.016s][info][gc,heap     ] GC(5) y: Reclaimed:         -                  -                 9M (0%)           19M (1%)     
[2026-04-03T03:36:34.603+0600][12.016s][info][gc,heap     ] GC(5) y:  Promoted:         -                  -               310M (16%)         312M (16%)    
[2026-04-03T03:36:34.603+0600][12.016s][info][gc,heap     ] GC(5) y: Compacted:         -                  -                  -                 0M (0%)     
[2026-04-03T03:36:34.603+0600][12.016s][info][gc,phases   ] GC(5) y: Young Generation 814M(41%)->850M(42%) 1.092s
[2026-04-03T03:36:34.603+0600][12.016s][info][gc          ] GC(5) Minor Collection (Allocation Rate) 814M(41%)->850M(42%) 1.092s
[2026-04-03T03:36:34.603+0600][12.016s][info][gc,task     ] GC(4) O: Using 3 Workers for Old Generation
[2026-04-03T03:36:34.603+0600][12.016s][info][gc,task     ] Adjusting Workers for Old Generation: 3 -> 1
[2026-04-03T03:36:34.620+0600][12.034s][info][gc,task     ] GC(4) O: Using 1 Workers for Old Generation
[2026-04-03T03:36:34.621+0600][12.034s][info][gc,phases   ] GC(4) O: Concurrent Remap Roots 17.760ms
[2026-04-03T03:36:34.621+0600][12.034s][info][gc,phases   ] GC(4) O: Pause Relocate Start 0.031ms
[2026-04-03T03:36:34.621+0600][12.034s][info][gc          ] GC(6) Minor Collection (Allocation Rate)
[2026-04-03T03:36:34.621+0600][12.034s][info][gc,task     ] GC(6) Using 3 Workers for Young Generation
[2026-04-03T03:36:34.621+0600][12.034s][info][gc,phases   ] GC(6) y: Young Generation
[2026-04-03T03:36:34.624+0600][12.037s][info][gc,phases   ] GC(6) y: Pause Mark Start 0.028ms
[2026-04-03T03:36:34.629+0600][12.042s][info][gc,phases   ] GC(4) O: Concurrent Relocate 7.759ms
[2026-04-03T03:36:34.964+0600][12.377s][info][gc,phases   ] GC(6) y: Concurrent Mark 340.082ms
[2026-04-03T03:36:34.964+0600][12.378s][info][gc,phases   ] GC(6) y: Pause Mark End 0.029ms
[2026-04-03T03:36:34.964+0600][12.378s][info][gc,phases   ] GC(6) y: Concurrent Mark Free 0.002ms
[2026-04-03T03:36:34.964+0600][12.378s][info][gc,phases   ] GC(6) y: Concurrent Reset Relocation Set 0.151ms
[2026-04-03T03:36:34.966+0600][12.379s][info][gc,reloc    ] GC(6) y: Using tenuring threshold: 1 (Computed)
[2026-04-03T03:36:35.008+0600][12.422s][info][gc,phases   ] GC(6) y: Concurrent Select Relocation Set 43.831ms
[2026-04-03T03:36:35.009+0600][12.422s][info][gc,phases   ] GC(6) y: Pause Relocate Start 0.047ms
[2026-04-03T03:36:35.091+0600][12.504s][info][gc,phases   ] GC(6) y: Concurrent Relocate 82.075ms
[2026-04-03T03:36:35.091+0600][12.504s][info][gc,alloc    ] GC(6) y:                         Mark Start        Mark End      Relocate Start    Relocate End   
[2026-04-03T03:36:35.091+0600][12.504s][info][gc,alloc    ] GC(6) y: Allocation Stalls:          0                0                0                0         
[2026-04-03T03:36:35.091+0600][12.504s][info][gc,load     ] GC(6) y: Load: 4.17 (35%) / 4.31 (36%) / 4.71 (39%)
[2026-04-03T03:36:35.091+0600][12.504s][info][gc,mmu      ] GC(6) y: MMU: 2ms/97.7%, 5ms/98.8%, 10ms/99.4%, 20ms/99.7%, 50ms/99.8%, 100ms/99.9%
[2026-04-03T03:36:35.091+0600][12.504s][info][gc,marking  ] GC(6) y: Mark: 2 stripe(s), 10 proactive flush(es), 1 terminate flush(es), 0 completion(s), 0 continuation(s) 
[2026-04-03T03:36:35.091+0600][12.504s][info][gc,marking  ] GC(6) y: Mark Stack Usage: 32M
[2026-04-03T03:36:35.091+0600][12.504s][info][gc,nmethod  ] GC(6) y: NMethods: 3225 registered, 318 unregistered
[2026-04-03T03:36:35.091+0600][12.504s][info][gc,metaspace] GC(6) y: Metaspace: 51M used, 51M committed, 1088M reserved
[2026-04-03T03:36:35.091+0600][12.504s][info][gc,reloc    ] GC(6) y:                        Candidates     Selected     In-Place         Size        Empty    Relocated 
[2026-04-03T03:36:35.091+0600][12.504s][info][gc,reloc    ] GC(6) y: Small Pages:                  127           23            0         254M           2M           0M 
[2026-04-03T03:36:35.091+0600][12.504s][info][gc,reloc    ] GC(6) y: Medium Pages:                   0            0            0           0M           0M           0M 
[2026-04-03T03:36:35.091+0600][12.504s][info][gc,reloc    ] GC(6) y: Large Pages:                    0            0            0           0M           0M           0M 
[2026-04-03T03:36:35.091+0600][12.504s][info][gc,reloc    ] GC(6) y: Forwarding Usage: 0M
[2026-04-03T03:36:35.091+0600][12.504s][info][gc,reloc    ] GC(6) y: Age Table:
[2026-04-03T03:36:35.091+0600][12.504s][info][gc,reloc    ] GC(6) y:                    Live             Garbage             Small              Medium             Large        
[2026-04-03T03:36:35.091+0600][12.504s][info][gc,reloc    ] GC(6) y: Eden               0M (0%)           43M (2%)          22 / 21             0 / 0              0 / 0        
[2026-04-03T03:36:35.091+0600][12.504s][info][gc,reloc    ] GC(6) y: Survivor 1       200M (10%)           9M (0%)         105 / 2              0 / 0              0 / 0        
[2026-04-03T03:36:35.091+0600][12.505s][info][gc,heap     ] GC(6) y: Min Capacity: 8M(0%)
[2026-04-03T03:36:35.091+0600][12.505s][info][gc,heap     ] GC(6) y: Max Capacity: 2000M(100%)
[2026-04-03T03:36:35.091+0600][12.505s][info][gc,heap     ] GC(6) y: Soft Max Capacity: 2000M(100%)
[2026-04-03T03:36:35.091+0600][12.505s][info][gc,heap     ] GC(6) y: Heap Statistics:
[2026-04-03T03:36:35.091+0600][12.505s][info][gc,heap     ] GC(6) y:                Mark Start          Mark End        Relocate Start      Relocate End           High               Low         
[2026-04-03T03:36:35.091+0600][12.505s][info][gc,heap     ] GC(6) y:  Capacity:      854M (43%)         876M (44%)         876M (44%)         912M (46%)         912M (46%)         854M (43%)    
[2026-04-03T03:36:35.091+0600][12.505s][info][gc,heap     ] GC(6) y:      Free:     1148M (57%)        1124M (56%)        1126M (56%)        1134M (57%)        1166M (58%)        1120M (56%)    
[2026-04-03T03:36:35.091+0600][12.505s][info][gc,heap     ] GC(6) y:      Used:      852M (43%)         876M (44%)         874M (44%)         866M (43%)         880M (44%)         834M (42%)    
[2026-04-03T03:36:35.091+0600][12.505s][info][gc,heap     ] GC(6) y: Young Generation Statistics:
[2026-04-03T03:36:35.091+0600][12.505s][info][gc,heap     ] GC(6) y:                Mark Start          Mark End        Relocate Start      Relocate End    
[2026-04-03T03:36:35.091+0600][12.505s][info][gc,heap     ] GC(6) y:      Used:      254M (13%)         272M (14%)          66M (3%)           56M (3%)     
[2026-04-03T03:36:35.091+0600][12.505s][info][gc,heap     ] GC(6) y:      Live:         -               200M (10%)           0M (0%)            0M (0%)     
[2026-04-03T03:36:35.091+0600][12.505s][info][gc,heap     ] GC(6) y:   Garbage:         -                53M (3%)           47M (2%)            0M (0%)     
[2026-04-03T03:36:35.091+0600][12.505s][info][gc,heap     ] GC(6) y: Allocated:         -                18M (1%)           18M (1%)           55M (3%)     
[2026-04-03T03:36:35.091+0600][12.505s][info][gc,heap     ] GC(6) y: Reclaimed:         -                  -                 5M (0%)           53M (3%)     
[2026-04-03T03:36:35.091+0600][12.505s][info][gc,heap     ] GC(6) y:  Promoted:         -                  -               200M (10%)         200M (10%)    
[2026-04-03T03:36:35.091+0600][12.505s][info][gc,heap     ] GC(6) y: Compacted:         -                  -                  -                 0M (0%)     
[2026-04-03T03:36:35.091+0600][12.505s][info][gc,phases   ] GC(6) y: Young Generation 852M(43%)->866M(43%) 0.470s
[2026-04-03T03:36:35.091+0600][12.505s][info][gc          ] GC(6) Minor Collection (Allocation Rate) 852M(43%)->866M(43%) 0.470s
[2026-04-03T03:36:35.091+0600][12.505s][info][gc,alloc    ] GC(4) O:                         Mark Start        Mark End      Relocate Start    Relocate End   
[2026-04-03T03:36:35.091+0600][12.505s][info][gc,alloc    ] GC(4) O: Allocation Stalls:          0                0                0                0         
[2026-04-03T03:36:35.091+0600][12.505s][info][gc,load     ] GC(4) O: Load: 4.17 (35%) / 4.31 (36%) / 4.71 (39%)
[2026-04-03T03:36:35.091+0600][12.505s][info][gc,mmu      ] GC(4) O: MMU: 2ms/97.7%, 5ms/98.8%, 10ms/99.4%, 20ms/99.7%, 50ms/99.8%, 100ms/99.9%
[2026-04-03T03:36:35.091+0600][12.505s][info][gc,marking  ] GC(4) O: Mark: 1 stripe(s), 2 proactive flush(es), 1 terminate flush(es), 0 completion(s), 0 continuation(s) 
[2026-04-03T03:36:35.092+0600][12.505s][info][gc,marking  ] GC(4) O: Mark Stack Usage: 32M
[2026-04-03T03:36:35.092+0600][12.505s][info][gc,nmethod  ] GC(4) O: NMethods: 3225 registered, 318 unregistered
[2026-04-03T03:36:35.092+0600][12.505s][info][gc,metaspace] GC(4) O: Metaspace: 51M used, 51M committed, 1088M reserved
[2026-04-03T03:36:35.092+0600][12.505s][info][gc,ref      ] GC(4) O:                       Encountered   Discovered     Enqueued 
[2026-04-03T03:36:35.092+0600][12.505s][info][gc,ref      ] GC(4) O: Soft References:             3983            0            0 
[2026-04-03T03:36:35.092+0600][12.505s][info][gc,ref      ] GC(4) O: Weak References:             4158         2255          910 
[2026-04-03T03:36:35.092+0600][12.505s][info][gc,ref      ] GC(4) O: Final References:              82           32            0 
[2026-04-03T03:36:35.092+0600][12.505s][info][gc,ref      ] GC(4) O: Phantom References:           587          193            1 
[2026-04-03T03:36:35.092+0600][12.505s][info][gc,reloc    ] GC(4) O:                        Candidates     Selected     In-Place         Size        Empty    Relocated 
[2026-04-03T03:36:35.092+0600][12.505s][info][gc,reloc    ] GC(4) O: Small Pages:                   11            1            0          22M           0M           1M 
[2026-04-03T03:36:35.092+0600][12.505s][info][gc,reloc    ] GC(4) O: Medium Pages:                   1            0            0          32M           0M           0M 
[2026-04-03T03:36:35.092+0600][12.505s][info][gc,reloc    ] GC(4) O: Large Pages:                    0            0            0           0M           0M           0M 
[2026-04-03T03:36:35.092+0600][12.505s][info][gc,reloc    ] GC(4) O: Forwarding Usage: 0M
[2026-04-03T03:36:35.092+0600][12.505s][info][gc,heap     ] GC(4) O: Min Capacity: 8M(0%)
[2026-04-03T03:36:35.092+0600][12.505s][info][gc,heap     ] GC(4) O: Max Capacity: 2000M(100%)
[2026-04-03T03:36:35.092+0600][12.505s][info][gc,heap     ] GC(4) O: Soft Max Capacity: 2000M(100%)
[2026-04-03T03:36:35.092+0600][12.505s][info][gc,heap     ] GC(4) O: Heap Statistics:
[2026-04-03T03:36:35.092+0600][12.505s][info][gc,heap     ] GC(4) O:                Mark Start          Mark End        Relocate Start      Relocate End           High               Low         
[2026-04-03T03:36:35.092+0600][12.505s][info][gc,heap     ] GC(4) O:  Capacity:      602M (30%)         822M (41%)         850M (42%)         862M (43%)         862M (43%)         602M (30%)    
[2026-04-03T03:36:35.092+0600][12.505s][info][gc,heap     ] GC(4) O:      Free:     1398M (70%)        1182M (59%)        1150M (57%)        1140M (57%)        1398M (70%)        1138M (57%)    
[2026-04-03T03:36:35.092+0600][12.505s][info][gc,heap     ] GC(4) O:      Used:      602M (30%)         818M (41%)         850M (42%)         860M (43%)         862M (43%)         602M (30%)    
[2026-04-03T03:36:35.092+0600][12.505s][info][gc,heap     ] GC(4) O: Old Generation Statistics:
[2026-04-03T03:36:35.092+0600][12.505s][info][gc,heap     ] GC(4) O:                Mark Start          Mark End        Relocate Start      Relocate End    
[2026-04-03T03:36:35.092+0600][12.505s][info][gc,heap     ] GC(4) O:      Used:       54M (3%)          278M (14%)         596M (30%)         604M (30%)    
[2026-04-03T03:36:35.092+0600][12.505s][info][gc,heap     ] GC(4) O:      Live:         -                24M (1%)           24M (1%)           24M (1%)     
[2026-04-03T03:36:35.092+0600][12.505s][info][gc,heap     ] GC(4) O:   Garbage:         -                29M (1%)           29M (1%)           27M (1%)     
[2026-04-03T03:36:35.092+0600][12.505s][info][gc,heap     ] GC(4) O: Allocated:         -               224M (11%)         542M (27%)         552M (28%)    
[2026-04-03T03:36:35.092+0600][12.505s][info][gc,heap     ] GC(4) O: Reclaimed:         -                  -                 0M (0%)            2M (0%)     
[2026-04-03T03:36:35.092+0600][12.505s][info][gc,heap     ] GC(4) O: Compacted:         -                  -                  -                 1M (0%)     
[2026-04-03T03:36:35.092+0600][12.505s][info][gc,phases   ] GC(4) O: Old Generation 814M(41%)->860M(43%) 1.589s
[2026-04-03T03:36:35.092+0600][12.505s][info][gc          ] GC(4) Major Collection (Warmup) 602M(30%)->866M(43%) 2.457s
[2026-04-03T03:36:36.814+0600][14.227s][info][gc          ] GC(7) Major Collection (System.gc())
[2026-04-03T03:36:36.814+0600][14.227s][info][gc,task     ] GC(7) Using 3 Workers for Young Generation
[2026-04-03T03:36:36.814+0600][14.227s][info][gc,task     ] GC(7) Using 3 Workers for Old Generation
[2026-04-03T03:36:36.814+0600][14.227s][info][gc,phases   ] GC(7) Y: Young Generation (Promote All)
[2026-04-03T03:36:36.814+0600][14.227s][info][gc,phases   ] GC(7) Y: Pause Mark Start 0.026ms
[2026-04-03T03:36:36.828+0600][14.241s][info][gc,phases   ] GC(7) Y: Concurrent Mark 13.380ms
[2026-04-03T03:36:36.828+0600][14.241s][info][gc,phases   ] GC(7) Y: Pause Mark End 0.030ms
[2026-04-03T03:36:36.828+0600][14.241s][info][gc,phases   ] GC(7) Y: Concurrent Mark Free 0.001ms
[2026-04-03T03:36:36.828+0600][14.241s][info][gc,phases   ] GC(7) Y: Concurrent Reset Relocation Set 0.157ms
[2026-04-03T03:36:36.832+0600][14.246s][info][gc,reloc    ] GC(7) Y: Using tenuring threshold: 0 (Promote All)
[2026-04-03T03:36:36.835+0600][14.249s][info][gc,phases   ] GC(7) Y: Concurrent Select Relocation Set 7.054ms
[2026-04-03T03:36:36.835+0600][14.249s][info][gc,phases   ] GC(7) Y: Pause Relocate Start 0.024ms
[2026-04-03T03:36:36.841+0600][14.254s][info][gc,phases   ] GC(7) Y: Concurrent Relocate 5.493ms
[2026-04-03T03:36:36.841+0600][14.255s][info][gc,alloc    ] GC(7) Y:                         Mark Start        Mark End      Relocate Start    Relocate End   
[2026-04-03T03:36:36.841+0600][14.255s][info][gc,alloc    ] GC(7) Y: Allocation Stalls:          0                0                0                0         
[2026-04-03T03:36:36.841+0600][14.255s][info][gc,load     ] GC(7) Y: Load: 3.91 (33%) / 4.26 (35%) / 4.69 (39%)
[2026-04-03T03:36:36.841+0600][14.255s][info][gc,mmu      ] GC(7) Y: MMU: 2ms/97.7%, 5ms/98.8%, 10ms/99.4%, 20ms/99.7%, 50ms/99.8%, 100ms/99.9%
[2026-04-03T03:36:36.841+0600][14.255s][info][gc,marking  ] GC(7) Y: Mark: 2 stripe(s), 1 proactive flush(es), 1 terminate flush(es), 0 completion(s), 0 continuation(s) 
[2026-04-03T03:36:36.841+0600][14.255s][info][gc,marking  ] GC(7) Y: Mark Stack Usage: 32M
[2026-04-03T03:36:36.841+0600][14.255s][info][gc,nmethod  ] GC(7) Y: NMethods: 3629 registered, 318 unregistered
[2026-04-03T03:36:36.841+0600][14.255s][info][gc,metaspace] GC(7) Y: Metaspace: 55M used, 56M committed, 1088M reserved
[2026-04-03T03:36:36.841+0600][14.255s][info][gc,reloc    ] GC(7) Y:                        Candidates     Selected     In-Place         Size        Empty    Relocated 
[2026-04-03T03:36:36.841+0600][14.255s][info][gc,reloc    ] GC(7) Y: Small Pages:                   36           33            0          72M           2M           2M 
[2026-04-03T03:36:36.841+0600][14.255s][info][gc,reloc    ] GC(7) Y: Medium Pages:                   1            0            0          32M          32M           0M 
[2026-04-03T03:36:36.841+0600][14.255s][info][gc,reloc    ] GC(7) Y: Large Pages:                    1            0            0           6M           6M           0M 
[2026-04-03T03:36:36.841+0600][14.255s][info][gc,reloc    ] GC(7) Y: Forwarding Usage: 0M
[2026-04-03T03:36:36.841+0600][14.255s][info][gc,reloc    ] GC(7) Y: Age Table:
[2026-04-03T03:36:36.841+0600][14.255s][info][gc,reloc    ] GC(7) Y:                    Live             Garbage             Small              Medium             Large        
[2026-04-03T03:36:36.841+0600][14.255s][info][gc,reloc    ] GC(7) Y: Eden               2M (0%)          101M (5%)          33 / 31             1 / 0              1 / 0        
[2026-04-03T03:36:36.841+0600][14.255s][info][gc,reloc    ] GC(7) Y: Survivor 1         0M (0%)            5M (0%)           3 / 2              0 / 0              0 / 0        
[2026-04-03T03:36:36.841+0600][14.255s][info][gc,heap     ] GC(7) Y: Min Capacity: 8M(0%)
[2026-04-03T03:36:36.841+0600][14.255s][info][gc,heap     ] GC(7) Y: Max Capacity: 2000M(100%)
[2026-04-03T03:36:36.841+0600][14.255s][info][gc,heap     ] GC(7) Y: Soft Max Capacity: 2000M(100%)
[2026-04-03T03:36:36.841+0600][14.255s][info][gc,heap     ] GC(7) Y: Heap Statistics:
[2026-04-03T03:36:36.841+0600][14.255s][info][gc,heap     ] GC(7) Y:                Mark Start          Mark End        Relocate Start      Relocate End           High               Low         
[2026-04-03T03:36:36.841+0600][14.255s][info][gc,heap     ] GC(7) Y:  Capacity:      920M (46%)         920M (46%)         920M (46%)         920M (46%)         920M (46%)         920M (46%)    
[2026-04-03T03:36:36.841+0600][14.255s][info][gc,heap     ] GC(7) Y:      Free:     1080M (54%)        1080M (54%)        1120M (56%)        1184M (59%)        1184M (59%)        1080M (54%)    
[2026-04-03T03:36:36.841+0600][14.255s][info][gc,heap     ] GC(7) Y:      Used:      920M (46%)         920M (46%)         880M (44%)         816M (41%)         920M (46%)         816M (41%)    
[2026-04-03T03:36:36.841+0600][14.255s][info][gc,heap     ] GC(7) Y: Young Generation Statistics:
[2026-04-03T03:36:36.841+0600][14.255s][info][gc,heap     ] GC(7) Y:                Mark Start          Mark End        Relocate Start      Relocate End    
[2026-04-03T03:36:36.841+0600][14.255s][info][gc,heap     ] GC(7) Y:      Used:      110M (6%)          110M (6%)           70M (4%)            0M (0%)     
[2026-04-03T03:36:36.841+0600][14.255s][info][gc,heap     ] GC(7) Y:      Live:         -                 2M (0%)            2M (0%)            0M (0%)     
[2026-04-03T03:36:36.841+0600][14.255s][info][gc,heap     ] GC(7) Y:   Garbage:         -               107M (5%)           67M (3%)            0M (0%)     
[2026-04-03T03:36:36.841+0600][14.255s][info][gc,heap     ] GC(7) Y: Allocated:         -                 0M (0%)            0M (0%)            0M (0%)     
[2026-04-03T03:36:36.841+0600][14.255s][info][gc,heap     ] GC(7) Y: Reclaimed:         -                  -                40M (2%)          107M (5%)     
[2026-04-03T03:36:36.841+0600][14.255s][info][gc,heap     ] GC(7) Y:  Promoted:         -                  -                 0M (0%)            2M (0%)     
[2026-04-03T03:36:36.841+0600][14.255s][info][gc,heap     ] GC(7) Y: Compacted:         -                  -                  -                 0M (0%)     
[2026-04-03T03:36:36.841+0600][14.255s][info][gc,phases   ] GC(7) Y: Young Generation (Promote All) 920M(46%)->816M(41%) 0.027s
[2026-04-03T03:36:36.841+0600][14.255s][info][gc,phases   ] GC(7) Y: Young Generation (Collect Roots)
[2026-04-03T03:36:36.842+0600][14.255s][info][gc,phases   ] GC(7) Y: Pause Mark Start (Major) 0.033ms
[2026-04-03T03:36:36.850+0600][14.264s][info][gc,phases   ] GC(7) Y: Concurrent Mark 8.544ms
[2026-04-03T03:36:36.851+0600][14.264s][info][gc,phases   ] GC(7) Y: Pause Mark End 0.031ms
[2026-04-03T03:36:36.851+0600][14.264s][info][gc,phases   ] GC(7) Y: Concurrent Mark Free 0.267ms
[2026-04-03T03:36:36.851+0600][14.264s][info][gc,phases   ] GC(7) Y: Concurrent Reset Relocation Set 0.010ms
[2026-04-03T03:36:36.855+0600][14.269s][info][gc,reloc    ] GC(7) Y: Using tenuring threshold: 0 (Computed)
[2026-04-03T03:36:36.856+0600][14.269s][info][gc,phases   ] GC(7) Y: Concurrent Select Relocation Set 4.567ms
[2026-04-03T03:36:36.856+0600][14.269s][info][gc,phases   ] GC(7) Y: Pause Relocate Start 0.012ms
[2026-04-03T03:36:36.856+0600][14.269s][info][gc,phases   ] GC(7) Y: Concurrent Relocate 0.105ms
[2026-04-03T03:36:36.856+0600][14.269s][info][gc,alloc    ] GC(7) Y:                         Mark Start        Mark End      Relocate Start    Relocate End   
[2026-04-03T03:36:36.856+0600][14.269s][info][gc,alloc    ] GC(7) Y: Allocation Stalls:          0                0                0                0         
[2026-04-03T03:36:36.856+0600][14.269s][info][gc,load     ] GC(7) Y: Load: 3.91 (33%) / 4.26 (35%) / 4.69 (39%)
[2026-04-03T03:36:36.856+0600][14.269s][info][gc,mmu      ] GC(7) Y: MMU: 2ms/97.7%, 5ms/98.8%, 10ms/99.4%, 20ms/99.6%, 50ms/99.7%, 100ms/99.8%
[2026-04-03T03:36:36.856+0600][14.269s][info][gc,marking  ] GC(7) Y: Mark: 2 stripe(s), 1 proactive flush(es), 1 terminate flush(es), 0 completion(s), 0 continuation(s) 
[2026-04-03T03:36:36.856+0600][14.270s][info][gc,marking  ] GC(7) Y: Mark Stack Usage: 0M
[2026-04-03T03:36:36.856+0600][14.270s][info][gc,nmethod  ] GC(7) Y: NMethods: 3629 registered, 318 unregistered
[2026-04-03T03:36:36.856+0600][14.270s][info][gc,metaspace] GC(7) Y: Metaspace: 55M used, 56M committed, 1088M reserved
[2026-04-03T03:36:36.856+0600][14.270s][info][gc,heap     ] GC(7) Y: Min Capacity: 8M(0%)
[2026-04-03T03:36:36.856+0600][14.270s][info][gc,heap     ] GC(7) Y: Max Capacity: 2000M(100%)
[2026-04-03T03:36:36.856+0600][14.270s][info][gc,heap     ] GC(7) Y: Soft Max Capacity: 2000M(100%)
[2026-04-03T03:36:36.856+0600][14.270s][info][gc,heap     ] GC(7) Y: Heap Statistics:
[2026-04-03T03:36:36.856+0600][14.270s][info][gc,heap     ] GC(7) Y:                Mark Start          Mark End        Relocate Start      Relocate End           High               Low         
[2026-04-03T03:36:36.856+0600][14.270s][info][gc,heap     ] GC(7) Y:  Capacity:      920M (46%)         920M (46%)         920M (46%)         920M (46%)         920M (46%)         920M (46%)    
[2026-04-03T03:36:36.856+0600][14.270s][info][gc,heap     ] GC(7) Y:      Free:     1184M (59%)        1182M (59%)        1182M (59%)        1182M (59%)        1184M (59%)        1182M (59%)    
[2026-04-03T03:36:36.856+0600][14.270s][info][gc,heap     ] GC(7) Y:      Used:      816M (41%)         818M (41%)         818M (41%)         818M (41%)         818M (41%)         816M (41%)    
[2026-04-03T03:36:36.856+0600][14.270s][info][gc,heap     ] GC(7) Y: Young Generation Statistics:
[2026-04-03T03:36:36.856+0600][14.270s][info][gc,heap     ] GC(7) Y:                Mark Start          Mark End        Relocate Start      Relocate End    
[2026-04-03T03:36:36.856+0600][14.270s][info][gc,heap     ] GC(7) Y:      Used:        0M (0%)            2M (0%)            2M (0%)            2M (0%)     
[2026-04-03T03:36:36.856+0600][14.270s][info][gc,heap     ] GC(7) Y:      Live:         -                 0M (0%)            0M (0%)            0M (0%)     
[2026-04-03T03:36:36.856+0600][14.270s][info][gc,heap     ] GC(7) Y:   Garbage:         -                 0M (0%)            0M (0%)            0M (0%)     
[2026-04-03T03:36:36.856+0600][14.270s][info][gc,heap     ] GC(7) Y: Allocated:         -                 2M (0%)            2M (0%)            2M (0%)     
[2026-04-03T03:36:36.856+0600][14.270s][info][gc,heap     ] GC(7) Y: Reclaimed:         -                  -                 0M (0%)            0M (0%)     
[2026-04-03T03:36:36.856+0600][14.270s][info][gc,heap     ] GC(7) Y:  Promoted:         -                  -                 0M (0%)            0M (0%)     
[2026-04-03T03:36:36.856+0600][14.270s][info][gc,heap     ] GC(7) Y: Compacted:         -                  -                  -                 0M (0%)     
[2026-04-03T03:36:36.856+0600][14.270s][info][gc,phases   ] GC(7) Y: Young Generation (Collect Roots) 816M(41%)->818M(41%) 0.014s
[2026-04-03T03:36:36.856+0600][14.270s][info][gc,phases   ] GC(7) O: Old Generation
[2026-04-03T03:36:36.884+0600][14.297s][info][gc,phases   ] GC(7) O: Concurrent Mark 27.759ms
[2026-04-03T03:36:36.884+0600][14.298s][info][gc,phases   ] GC(7) O: Pause Mark End 0.030ms
[2026-04-03T03:36:36.884+0600][14.298s][info][gc,phases   ] GC(7) O: Concurrent Mark Free 0.001ms
[2026-04-03T03:36:36.891+0600][14.304s][info][gc,phases   ] GC(7) O: Concurrent Process Non-Strong 6.547ms
[2026-04-03T03:36:36.891+0600][14.304s][info][gc,phases   ] GC(7) O: Concurrent Reset Relocation Set 0.002ms
[2026-04-03T03:36:36.898+0600][14.312s][info][gc,phases   ] GC(7) O: Concurrent Select Relocation Set 7.003ms
[2026-04-03T03:36:36.898+0600][14.312s][info][gc,task     ] GC(7) O: Using 3 Workers for Old Generation
[2026-04-03T03:36:36.914+0600][14.327s][info][gc,task     ] GC(7) O: Using 3 Workers for Old Generation
[2026-04-03T03:36:36.914+0600][14.327s][info][gc,phases   ] GC(7) O: Concurrent Remap Roots 15.874ms
[2026-04-03T03:36:36.914+0600][14.328s][info][gc,phases   ] GC(7) O: Pause Relocate Start 0.024ms
[2026-04-03T03:36:36.922+0600][14.335s][info][gc,phases   ] GC(7) O: Concurrent Relocate 7.092ms
[2026-04-03T03:36:36.922+0600][14.335s][info][gc,alloc    ] GC(7) O:                         Mark Start        Mark End      Relocate Start    Relocate End   
[2026-04-03T03:36:36.922+0600][14.335s][info][gc,alloc    ] GC(7) O: Allocation Stalls:          0                0                0                0         
[2026-04-03T03:36:36.922+0600][14.335s][info][gc,load     ] GC(7) O: Load: 3.91 (33%) / 4.26 (35%) / 4.69 (39%)
[2026-04-03T03:36:36.922+0600][14.335s][info][gc,mmu      ] GC(7) O: MMU: 2ms/97.7%, 5ms/98.8%, 10ms/99.4%, 20ms/99.6%, 50ms/99.7%, 100ms/99.8%
[2026-04-03T03:36:36.922+0600][14.335s][info][gc,marking  ] GC(7) O: Mark: 2 stripe(s), 2 proactive flush(es), 1 terminate flush(es), 0 completion(s), 0 continuation(s) 
[2026-04-03T03:36:36.922+0600][14.335s][info][gc,marking  ] GC(7) O: Mark Stack Usage: 32M
[2026-04-03T03:36:36.922+0600][14.335s][info][gc,nmethod  ] GC(7) O: NMethods: 3455 registered, 492 unregistered
[2026-04-03T03:36:36.922+0600][14.335s][info][gc,metaspace] GC(7) O: Metaspace: 55M used, 56M committed, 1088M reserved
[2026-04-03T03:36:36.922+0600][14.335s][info][gc,ref      ] GC(7) O:                       Encountered   Discovered     Enqueued 
[2026-04-03T03:36:36.922+0600][14.335s][info][gc,ref      ] GC(7) O: Soft References:             4282            0            0 
[2026-04-03T03:36:36.922+0600][14.335s][info][gc,ref      ] GC(7) O: Weak References:             4510         3587          904 
[2026-04-03T03:36:36.922+0600][14.335s][info][gc,ref      ] GC(7) O: Final References:              82           48            0 
[2026-04-03T03:36:36.922+0600][14.335s][info][gc,ref      ] GC(7) O: Phantom References:           587          428            1 
[2026-04-03T03:36:36.922+0600][14.335s][info][gc,reloc    ] GC(7) O:                        Candidates     Selected     In-Place         Size        Empty    Relocated 
[2026-04-03T03:36:36.922+0600][14.335s][info][gc,reloc    ] GC(7) O: Small Pages:                  376           13            0         752M         696M           2M 
[2026-04-03T03:36:36.922+0600][14.335s][info][gc,reloc    ] GC(7) O: Medium Pages:                   2            1            0          64M           0M           5M 
[2026-04-03T03:36:36.922+0600][14.335s][info][gc,reloc    ] GC(7) O: Large Pages:                    0            0            0           0M           0M           0M 
[2026-04-03T03:36:36.922+0600][14.335s][info][gc,reloc    ] GC(7) O: Forwarding Usage: 1M
[2026-04-03T03:36:36.922+0600][14.335s][info][gc,heap     ] GC(7) O: Min Capacity: 8M(0%)
[2026-04-03T03:36:36.922+0600][14.335s][info][gc,heap     ] GC(7) O: Max Capacity: 2000M(100%)
[2026-04-03T03:36:36.922+0600][14.335s][info][gc,heap     ] GC(7) O: Soft Max Capacity: 2000M(100%)
[2026-04-03T03:36:36.922+0600][14.335s][info][gc,heap     ] GC(7) O: Heap Statistics:
[2026-04-03T03:36:36.922+0600][14.335s][info][gc,heap     ] GC(7) O:                Mark Start          Mark End        Relocate Start      Relocate End           High               Low         
[2026-04-03T03:36:36.922+0600][14.335s][info][gc,heap     ] GC(7) O:  Capacity:      920M (46%)         920M (46%)         920M (46%)         920M (46%)         920M (46%)         920M (46%)    
[2026-04-03T03:36:36.922+0600][14.335s][info][gc,heap     ] GC(7) O:      Free:     1184M (59%)        1182M (59%)        1876M (94%)        1932M (97%)        1932M (97%)        1182M (59%)    
[2026-04-03T03:36:36.922+0600][14.335s][info][gc,heap     ] GC(7) O:      Used:      816M (41%)         818M (41%)         124M (6%)           68M (3%)          818M (41%)          68M (3%)     
[2026-04-03T03:36:36.922+0600][14.335s][info][gc,heap     ] GC(7) O: Old Generation Statistics:
[2026-04-03T03:36:36.922+0600][14.335s][info][gc,heap     ] GC(7) O:                Mark Start          Mark End        Relocate Start      Relocate End    
[2026-04-03T03:36:36.922+0600][14.335s][info][gc,heap     ] GC(7) O:      Used:      816M (41%)         816M (41%)         120M (6%)           64M (3%)     
[2026-04-03T03:36:36.922+0600][14.335s][info][gc,heap     ] GC(7) O:      Live:         -                32M (2%)           32M (2%)           32M (2%)     
[2026-04-03T03:36:36.922+0600][14.335s][info][gc,heap     ] GC(7) O:   Garbage:         -               783M (39%)          87M (4%)            2M (0%)     
[2026-04-03T03:36:36.922+0600][14.335s][info][gc,heap     ] GC(7) O: Allocated:         -                 0M (0%)            0M (0%)           29M (1%)     
[2026-04-03T03:36:36.922+0600][14.335s][info][gc,heap     ] GC(7) O: Reclaimed:         -                  -               696M (35%)         781M (39%)    
[2026-04-03T03:36:36.922+0600][14.335s][info][gc,heap     ] GC(7) O: Compacted:         -                  -                  -                 8M (0%)     
[2026-04-03T03:36:36.922+0600][14.335s][info][gc,phases   ] GC(7) O: Old Generation 818M(41%)->68M(3%) 0.065s
[2026-04-03T03:36:36.922+0600][14.335s][info][gc          ] GC(7) Major Collection (System.gc()) 920M(46%)->68M(3%) 0.108s
[2026-04-03T03:36:39.455+0600][16.869s][info][gc          ] GC(8) Major Collection (Allocation Rate)
[2026-04-03T03:36:39.455+0600][16.869s][info][gc,task     ] GC(8) Using 2 Workers for Young Generation
[2026-04-03T03:36:39.455+0600][16.869s][info][gc,task     ] GC(8) Using 2 Workers for Old Generation
[2026-04-03T03:36:39.455+0600][16.869s][info][gc,phases   ] GC(8) Y: Young Generation
[2026-04-03T03:36:39.456+0600][16.869s][info][gc,phases   ] GC(8) Y: Pause Mark Start (Major) 0.031ms
[2026-04-03T03:36:39.475+0600][16.888s][info][gc,phases   ] GC(8) Y: Concurrent Mark 19.148ms
[2026-04-03T03:36:39.475+0600][16.889s][info][gc,phases   ] GC(8) Y: Pause Mark End 0.022ms
[2026-04-03T03:36:39.475+0600][16.889s][info][gc,phases   ] GC(8) Y: Concurrent Mark Free 0.001ms
[2026-04-03T03:36:39.475+0600][16.889s][info][gc,phases   ] GC(8) Y: Concurrent Reset Relocation Set 0.000ms
[2026-04-03T03:36:39.480+0600][16.893s][info][gc,reloc    ] GC(8) Y: Using tenuring threshold: 1 (Computed)
[2026-04-03T03:36:39.481+0600][16.895s][info][gc,phases   ] GC(8) Y: Concurrent Select Relocation Set 5.829ms
[2026-04-03T03:36:39.481+0600][16.895s][info][gc,phases   ] GC(8) Y: Pause Relocate Start 0.028ms
[2026-04-03T03:36:39.487+0600][16.900s][info][gc,phases   ] GC(8) Y: Concurrent Relocate 5.392ms
[2026-04-03T03:36:39.487+0600][16.900s][info][gc,alloc    ] GC(8) Y:                         Mark Start        Mark End      Relocate Start    Relocate End   
[2026-04-03T03:36:39.487+0600][16.900s][info][gc,alloc    ] GC(8) Y: Allocation Stalls:          0                0                0                0         
[2026-04-03T03:36:39.487+0600][16.901s][info][gc,load     ] GC(8) Y: Load: 3.91 (33%) / 4.26 (35%) / 4.69 (39%)
[2026-04-03T03:36:39.487+0600][16.901s][info][gc,mmu      ] GC(8) Y: MMU: 2ms/97.7%, 5ms/98.8%, 10ms/99.4%, 20ms/99.6%, 50ms/99.7%, 100ms/99.8%
[2026-04-03T03:36:39.487+0600][16.901s][info][gc,marking  ] GC(8) Y: Mark: 2 stripe(s), 7 proactive flush(es), 1 terminate flush(es), 0 completion(s), 0 continuation(s) 
[2026-04-03T03:36:39.487+0600][16.901s][info][gc,marking  ] GC(8) Y: Mark Stack Usage: 32M
[2026-04-03T03:36:39.487+0600][16.901s][info][gc,nmethod  ] GC(8) Y: NMethods: 4503 registered, 492 unregistered
[2026-04-03T03:36:39.487+0600][16.901s][info][gc,metaspace] GC(8) Y: Metaspace: 64M used, 65M committed, 1088M reserved
[2026-04-03T03:36:39.487+0600][16.901s][info][gc,reloc    ] GC(8) Y:                        Candidates     Selected     In-Place         Size        Empty    Relocated 
[2026-04-03T03:36:39.487+0600][16.901s][info][gc,reloc    ] GC(8) Y: Small Pages:                  375           82            0         750M         578M           5M 
[2026-04-03T03:36:39.487+0600][16.901s][info][gc,reloc    ] GC(8) Y: Medium Pages:                   1            0            0          32M          32M           0M 
[2026-04-03T03:36:39.487+0600][16.901s][info][gc,reloc    ] GC(8) Y: Large Pages:                    1            0            0           6M           6M           0M 
[2026-04-03T03:36:39.487+0600][16.901s][info][gc,reloc    ] GC(8) Y: Forwarding Usage: 1M
[2026-04-03T03:36:39.487+0600][16.901s][info][gc,reloc    ] GC(8) Y: Age Table:
[2026-04-03T03:36:39.487+0600][16.901s][info][gc,reloc    ] GC(8) Y:                    Live             Garbage             Small              Medium             Large        
[2026-04-03T03:36:39.487+0600][16.901s][info][gc,reloc    ] GC(8) Y: Eden               6M (0%)          781M (39%)        375 / 82             1 / 0              1 / 0        
[2026-04-03T03:36:39.487+0600][16.901s][info][gc,heap     ] GC(8) Y: Min Capacity: 8M(0%)
[2026-04-03T03:36:39.487+0600][16.901s][info][gc,heap     ] GC(8) Y: Max Capacity: 2000M(100%)
[2026-04-03T03:36:39.487+0600][16.901s][info][gc,heap     ] GC(8) Y: Soft Max Capacity: 2000M(100%)
[2026-04-03T03:36:39.487+0600][16.901s][info][gc,heap     ] GC(8) Y: Heap Statistics:
[2026-04-03T03:36:39.487+0600][16.901s][info][gc,heap     ] GC(8) Y:                Mark Start          Mark End        Relocate Start      Relocate End           High               Low         
[2026-04-03T03:36:39.487+0600][16.901s][info][gc,heap     ] GC(8) Y:  Capacity:      920M (46%)         920M (46%)         920M (46%)         920M (46%)         920M (46%)         920M (46%)    
[2026-04-03T03:36:39.487+0600][16.901s][info][gc,heap     ] GC(8) Y:      Free:     1148M (57%)        1104M (55%)        1708M (85%)        1854M (93%)        1854M (93%)        1102M (55%)    
[2026-04-03T03:36:39.487+0600][16.901s][info][gc,heap     ] GC(8) Y:      Used:      852M (43%)         896M (45%)         292M (15%)         146M (7%)          898M (45%)         146M (7%)     
[2026-04-03T03:36:39.487+0600][16.901s][info][gc,heap     ] GC(8) Y: Young Generation Statistics:
[2026-04-03T03:36:39.487+0600][16.901s][info][gc,heap     ] GC(8) Y:                Mark Start          Mark End        Relocate Start      Relocate End    
[2026-04-03T03:36:39.487+0600][16.901s][info][gc,heap     ] GC(8) Y:      Used:      788M (39%)         832M (42%)         228M (11%)          82M (4%)     
[2026-04-03T03:36:39.487+0600][16.901s][info][gc,heap     ] GC(8) Y:      Live:         -                 6M (0%)            6M (0%)            6M (0%)     
[2026-04-03T03:36:39.487+0600][16.901s][info][gc,heap     ] GC(8) Y:   Garbage:         -               781M (39%)         165M (8%)            0M (0%)     
[2026-04-03T03:36:39.487+0600][16.901s][info][gc,heap     ] GC(8) Y: Allocated:         -                44M (2%)           56M (3%)           75M (4%)     
[2026-04-03T03:36:39.487+0600][16.901s][info][gc,heap     ] GC(8) Y: Reclaimed:         -                  -               616M (31%)         781M (39%)    
[2026-04-03T03:36:39.487+0600][16.901s][info][gc,heap     ] GC(8) Y:  Promoted:         -                  -                 0M (0%)            0M (0%)     
[2026-04-03T03:36:39.487+0600][16.901s][info][gc,heap     ] GC(8) Y: Compacted:         -                  -                  -                 6M (0%)     
[2026-04-03T03:36:39.487+0600][16.901s][info][gc,phases   ] GC(8) Y: Young Generation 852M(43%)->146M(7%) 0.032s
[2026-04-03T03:36:39.487+0600][16.901s][info][gc,phases   ] GC(8) O: Old Generation
[2026-04-03T03:36:39.530+0600][16.944s][info][gc,phases   ] GC(8) O: Concurrent Mark 42.733ms
[2026-04-03T03:36:39.530+0600][16.944s][info][gc,phases   ] GC(8) O: Pause Mark End 0.027ms
[2026-04-03T03:36:39.530+0600][16.944s][info][gc,phases   ] GC(8) O: Concurrent Mark Free 0.001ms
[2026-04-03T03:36:39.540+0600][16.954s][info][gc,phases   ] GC(8) O: Concurrent Process Non-Strong 9.937ms
[2026-04-03T03:36:39.541+0600][16.954s][info][gc,phases   ] GC(8) O: Concurrent Reset Relocation Set 0.005ms
[2026-04-03T03:36:39.546+0600][16.959s][info][gc,phases   ] GC(8) O: Concurrent Select Relocation Set 5.288ms
[2026-04-03T03:36:39.546+0600][16.959s][info][gc,task     ] GC(8) O: Using 3 Workers for Old Generation
[2026-04-03T03:36:39.564+0600][16.978s][info][gc,task     ] GC(8) O: Using 2 Workers for Old Generation
[2026-04-03T03:36:39.564+0600][16.978s][info][gc,phases   ] GC(8) O: Concurrent Remap Roots 18.548ms
[2026-04-03T03:36:39.565+0600][16.978s][info][gc,phases   ] GC(8) O: Pause Relocate Start 0.023ms
[2026-04-03T03:36:39.568+0600][16.981s][info][gc,phases   ] GC(8) O: Concurrent Relocate 3.000ms
[2026-04-03T03:36:39.568+0600][16.981s][info][gc,alloc    ] GC(8) O:                         Mark Start        Mark End      Relocate Start    Relocate End   
[2026-04-03T03:36:39.568+0600][16.981s][info][gc,alloc    ] GC(8) O: Allocation Stalls:          0                0                0                0         
[2026-04-03T03:36:39.568+0600][16.981s][info][gc,load     ] GC(8) O: Load: 3.91 (33%) / 4.26 (35%) / 4.69 (39%)
[2026-04-03T03:36:39.568+0600][16.981s][info][gc,mmu      ] GC(8) O: MMU: 2ms/97.7%, 5ms/98.8%, 10ms/99.4%, 20ms/99.6%, 50ms/99.7%, 100ms/99.8%
[2026-04-03T03:36:39.568+0600][16.981s][info][gc,marking  ] GC(8) O: Mark: 2 stripe(s), 2 proactive flush(es), 1 terminate flush(es), 0 completion(s), 0 continuation(s) 
[2026-04-03T03:36:39.568+0600][16.981s][info][gc,marking  ] GC(8) O: Mark Stack Usage: 32M
[2026-04-03T03:36:39.568+0600][16.981s][info][gc,nmethod  ] GC(8) O: NMethods: 4268 registered, 741 unregistered
[2026-04-03T03:36:39.568+0600][16.981s][info][gc,metaspace] GC(8) O: Metaspace: 64M used, 65M committed, 1088M reserved
[2026-04-03T03:36:39.568+0600][16.981s][info][gc,ref      ] GC(8) O:                       Encountered   Discovered     Enqueued 
[2026-04-03T03:36:39.568+0600][16.981s][info][gc,ref      ] GC(8) O: Soft References:             4765            0            0 
[2026-04-03T03:36:39.568+0600][16.981s][info][gc,ref      ] GC(8) O: Weak References:             5901         2275            0 
[2026-04-03T03:36:39.568+0600][16.981s][info][gc,ref      ] GC(8) O: Final References:              82           58            0 
[2026-04-03T03:36:39.568+0600][16.981s][info][gc,ref      ] GC(8) O: Phantom References:           604          374            0 
[2026-04-03T03:36:39.568+0600][16.981s][info][gc,reloc    ] GC(8) O:                        Candidates     Selected     In-Place         Size        Empty    Relocated 
[2026-04-03T03:36:39.568+0600][16.981s][info][gc,reloc    ] GC(8) O: Small Pages:                   16            1            0          32M           0M           0M 
[2026-04-03T03:36:39.568+0600][16.981s][info][gc,reloc    ] GC(8) O: Medium Pages:                   1            0            0          32M           0M           0M 
[2026-04-03T03:36:39.568+0600][16.981s][info][gc,reloc    ] GC(8) O: Large Pages:                    0            0            0           0M           0M           0M 
[2026-04-03T03:36:39.568+0600][16.981s][info][gc,reloc    ] GC(8) O: Forwarding Usage: 0M
[2026-04-03T03:36:39.568+0600][16.981s][info][gc,heap     ] GC(8) O: Min Capacity: 8M(0%)
[2026-04-03T03:36:39.568+0600][16.982s][info][gc,heap     ] GC(8) O: Max Capacity: 2000M(100%)
[2026-04-03T03:36:39.568+0600][16.982s][info][gc,heap     ] GC(8) O: Soft Max Capacity: 2000M(100%)
[2026-04-03T03:36:39.568+0600][16.982s][info][gc,heap     ] GC(8) O: Heap Statistics:
[2026-04-03T03:36:39.568+0600][16.982s][info][gc,heap     ] GC(8) O:                Mark Start          Mark End        Relocate Start      Relocate End           High               Low         
[2026-04-03T03:36:39.568+0600][16.982s][info][gc,heap     ] GC(8) O:  Capacity:      920M (46%)         920M (46%)         920M (46%)         920M (46%)         920M (46%)         920M (46%)    
[2026-04-03T03:36:39.568+0600][16.982s][info][gc,heap     ] GC(8) O:      Free:     1148M (57%)        1760M (88%)        1686M (84%)        1678M (84%)        1854M (93%)        1102M (55%)    
[2026-04-03T03:36:39.568+0600][16.982s][info][gc,heap     ] GC(8) O:      Used:      852M (43%)         240M (12%)         314M (16%)         322M (16%)         898M (45%)         146M (7%)     
[2026-04-03T03:36:39.568+0600][16.982s][info][gc,heap     ] GC(8) O: Old Generation Statistics:
[2026-04-03T03:36:39.568+0600][16.982s][info][gc,heap     ] GC(8) O:                Mark Start          Mark End        Relocate Start      Relocate End    
[2026-04-03T03:36:39.568+0600][16.982s][info][gc,heap     ] GC(8) O:      Used:       64M (3%)           64M (3%)           64M (3%)           68M (3%)     
[2026-04-03T03:36:39.568+0600][16.982s][info][gc,heap     ] GC(8) O:      Live:         -                32M (2%)           32M (2%)           32M (2%)     
[2026-04-03T03:36:39.568+0600][16.982s][info][gc,heap     ] GC(8) O:   Garbage:         -                31M (2%)           31M (2%)           29M (1%)     
[2026-04-03T03:36:39.568+0600][16.982s][info][gc,heap     ] GC(8) O: Allocated:         -                 0M (0%)            0M (0%)            6M (0%)     
[2026-04-03T03:36:39.568+0600][16.982s][info][gc,heap     ] GC(8) O: Reclaimed:         -                  -                 0M (0%)            2M (0%)     
[2026-04-03T03:36:39.568+0600][16.982s][info][gc,heap     ] GC(8) O: Compacted:         -                  -                  -                 1M (0%)     
[2026-04-03T03:36:39.568+0600][16.982s][info][gc,phases   ] GC(8) O: Old Generation 146M(7%)->322M(16%) 0.080s
[2026-04-03T03:36:39.568+0600][16.982s][info][gc          ] GC(8) Major Collection (Allocation Rate) 852M(43%)->324M(16%) 0.113s
[2026-04-03T03:36:39.646+0600][17.060s][info][gc          ] GC(9) Minor Collection (Allocation Rate)
[2026-04-03T03:36:39.646+0600][17.060s][info][gc,task     ] GC(9) Using 2 Workers for Young Generation
[2026-04-03T03:36:39.646+0600][17.060s][info][gc,phases   ] GC(9) y: Young Generation
[2026-04-03T03:36:39.647+0600][17.060s][info][gc,phases   ] GC(9) y: Pause Mark Start 0.047ms
[2026-04-03T03:36:39.668+0600][17.081s][info][gc,phases   ] GC(9) y: Concurrent Mark 20.693ms
[2026-04-03T03:36:39.668+0600][17.081s][info][gc,phases   ] GC(9) y: Pause Mark End 0.025ms
[2026-04-03T03:36:39.668+0600][17.081s][info][gc,phases   ] GC(9) y: Concurrent Mark Free 0.003ms
[2026-04-03T03:36:39.668+0600][17.081s][info][gc,phases   ] GC(9) y: Concurrent Reset Relocation Set 0.012ms
[2026-04-03T03:36:39.671+0600][17.085s][info][gc,reloc    ] GC(9) y: Using tenuring threshold: 1 (Computed)
[2026-04-03T03:36:39.676+0600][17.089s][info][gc,phases   ] GC(9) y: Concurrent Select Relocation Set 8.041ms
[2026-04-03T03:36:39.676+0600][17.090s][info][gc,phases   ] GC(9) y: Pause Relocate Start 0.052ms
[2026-04-03T03:36:39.682+0600][17.096s][info][gc,phases   ] GC(9) y: Concurrent Relocate 5.875ms
[2026-04-03T03:36:39.683+0600][17.096s][info][gc,alloc    ] GC(9) y:                         Mark Start        Mark End      Relocate Start    Relocate End   
[2026-04-03T03:36:39.683+0600][17.096s][info][gc,alloc    ] GC(9) y: Allocation Stalls:          0                0                0                0         
[2026-04-03T03:36:39.683+0600][17.096s][info][gc,load     ] GC(9) y: Load: 3.91 (33%) / 4.26 (35%) / 4.69 (39%)
[2026-04-03T03:36:39.683+0600][17.096s][info][gc,mmu      ] GC(9) y: MMU: 2ms/97.4%, 5ms/98.8%, 10ms/99.2%, 20ms/99.6%, 50ms/99.7%, 100ms/99.8%
[2026-04-03T03:36:39.683+0600][17.096s][info][gc,marking  ] GC(9) y: Mark: 2 stripe(s), 2 proactive flush(es), 1 terminate flush(es), 0 completion(s), 0 continuation(s) 
[2026-04-03T03:36:39.683+0600][17.096s][info][gc,marking  ] GC(9) y: Mark Stack Usage: 32M
[2026-04-03T03:36:39.683+0600][17.096s][info][gc,nmethod  ] GC(9) y: NMethods: 4279 registered, 741 unregistered
[2026-04-03T03:36:39.683+0600][17.096s][info][gc,metaspace] GC(9) y: Metaspace: 64M used, 65M committed, 1088M reserved
[2026-04-03T03:36:39.683+0600][17.096s][info][gc,reloc    ] GC(9) y:                        Candidates     Selected     In-Place         Size        Empty    Relocated 
[2026-04-03T03:36:39.683+0600][17.096s][info][gc,reloc    ] GC(9) y: Small Pages:                  233            8            0         466M         442M           0M 
[2026-04-03T03:36:39.683+0600][17.096s][info][gc,reloc    ] GC(9) y: Medium Pages:                   0            0            0           0M           0M           0M 
[2026-04-03T03:36:39.683+0600][17.096s][info][gc,reloc    ] GC(9) y: Large Pages:                    0            0            0           0M           0M           0M 
[2026-04-03T03:36:39.683+0600][17.096s][info][gc,reloc    ] GC(9) y: Forwarding Usage: 0M
[2026-04-03T03:36:39.683+0600][17.096s][info][gc,reloc    ] GC(9) y: Age Table:
[2026-04-03T03:36:39.683+0600][17.096s][info][gc,reloc    ] GC(9) y:                    Live             Garbage             Small              Medium             Large        
[2026-04-03T03:36:39.683+0600][17.096s][info][gc,reloc    ] GC(9) y: Eden               0M (0%)          451M (23%)        226 / 4              0 / 0              0 / 0        
[2026-04-03T03:36:39.683+0600][17.096s][info][gc,reloc    ] GC(9) y: Survivor 1         6M (0%)            7M (0%)           7 / 4              0 / 0              0 / 0        
[2026-04-03T03:36:39.683+0600][17.096s][info][gc,heap     ] GC(9) y: Min Capacity: 8M(0%)
[2026-04-03T03:36:39.683+0600][17.096s][info][gc,heap     ] GC(9) y: Max Capacity: 2000M(100%)
[2026-04-03T03:36:39.683+0600][17.096s][info][gc,heap     ] GC(9) y: Soft Max Capacity: 2000M(100%)
[2026-04-03T03:36:39.683+0600][17.096s][info][gc,heap     ] GC(9) y: Heap Statistics:
[2026-04-03T03:36:39.683+0600][17.096s][info][gc,heap     ] GC(9) y:                Mark Start          Mark End        Relocate Start      Relocate End           High               Low         
[2026-04-03T03:36:39.683+0600][17.096s][info][gc,heap     ] GC(9) y:  Capacity:      920M (46%)         920M (46%)         920M (46%)         920M (46%)         920M (46%)         920M (46%)    
[2026-04-03T03:36:39.683+0600][17.096s][info][gc,heap     ] GC(9) y:      Free:     1466M (73%)        1408M (70%)        1834M (92%)        1828M (91%)        1846M (92%)        1408M (70%)    
[2026-04-03T03:36:39.683+0600][17.096s][info][gc,heap     ] GC(9) y:      Used:      534M (27%)         592M (30%)         166M (8%)          172M (9%)          592M (30%)         154M (8%)     
[2026-04-03T03:36:39.683+0600][17.096s][info][gc,heap     ] GC(9) y: Young Generation Statistics:
[2026-04-03T03:36:39.683+0600][17.096s][info][gc,heap     ] GC(9) y:                Mark Start          Mark End        Relocate Start      Relocate End    
[2026-04-03T03:36:39.683+0600][17.096s][info][gc,heap     ] GC(9) y:      Used:      466M (23%)         524M (26%)          92M (5%)           92M (5%)     
[2026-04-03T03:36:39.683+0600][17.096s][info][gc,heap     ] GC(9) y:      Live:         -                 6M (0%)            0M (0%)            0M (0%)     
[2026-04-03T03:36:39.683+0600][17.096s][info][gc,heap     ] GC(9) y:   Garbage:         -               459M (23%)          17M (1%)            0M (0%)     
[2026-04-03T03:36:39.683+0600][17.096s][info][gc,heap     ] GC(9) y: Allocated:         -                58M (3%)           74M (4%)           91M (5%)     
[2026-04-03T03:36:39.683+0600][17.096s][info][gc,heap     ] GC(9) y: Reclaimed:         -                  -               442M (22%)         459M (23%)    
[2026-04-03T03:36:39.683+0600][17.096s][info][gc,heap     ] GC(9) y:  Promoted:         -                  -                 5M (0%)            6M (0%)     
[2026-04-03T03:36:39.683+0600][17.096s][info][gc,heap     ] GC(9) y: Compacted:         -                  -                  -                 0M (0%)     
[2026-04-03T03:36:39.683+0600][17.096s][info][gc,phases   ] GC(9) y: Young Generation 534M(27%)->172M(9%) 0.036s
[2026-04-03T03:36:39.683+0600][17.096s][info][gc          ] GC(9) Minor Collection (Allocation Rate) 534M(27%)->174M(9%) 0.037s
[2026-04-03T03:36:39.836+0600][17.249s][info][gc          ] GC(10) Minor Collection (Allocation Rate)
[2026-04-03T03:36:39.853+0600][17.266s][info][gc,task     ] GC(10) Using 3 Workers for Young Generation
[2026-04-03T03:36:39.853+0600][17.266s][info][gc,phases   ] GC(10) y: Young Generation
[2026-04-03T03:36:39.853+0600][17.266s][info][gc,phases   ] GC(10) y: Pause Mark Start 0.052ms
[2026-04-03T03:36:39.859+0600][17.273s][info][gc,phases   ] GC(10) y: Concurrent Mark 6.306ms
[2026-04-03T03:36:39.860+0600][17.273s][info][gc,phases   ] GC(10) y: Pause Mark End 0.038ms
[2026-04-03T03:36:39.860+0600][17.273s][info][gc,phases   ] GC(10) y: Concurrent Mark Free 0.002ms
[2026-04-03T03:36:39.860+0600][17.273s][info][gc,phases   ] GC(10) y: Concurrent Reset Relocation Set 0.012ms
[2026-04-03T03:36:39.863+0600][17.277s][info][gc,reloc    ] GC(10) y: Using tenuring threshold: 1 (Computed)
[2026-04-03T03:36:39.864+0600][17.277s][info][gc,phases   ] GC(10) y: Concurrent Select Relocation Set 3.489ms
[2026-04-03T03:36:39.864+0600][17.277s][info][gc,phases   ] GC(10) y: Pause Relocate Start 0.050ms
[2026-04-03T03:36:39.864+0600][17.277s][info][gc,phases   ] GC(10) y: Concurrent Relocate 0.177ms
[2026-04-03T03:36:39.864+0600][17.278s][info][gc,alloc    ] GC(10) y:                         Mark Start        Mark End      Relocate Start    Relocate End   
[2026-04-03T03:36:39.864+0600][17.278s][info][gc,alloc    ] GC(10) y: Allocation Stalls:          0                0                0                0         
[2026-04-03T03:36:39.864+0600][17.278s][info][gc,load     ] GC(10) y: Load: 3.91 (33%) / 4.26 (35%) / 4.69 (39%)
[2026-04-03T03:36:39.864+0600][17.278s][info][gc,mmu      ] GC(10) y: MMU: 2ms/97.4%, 5ms/98.2%, 10ms/99.1%, 20ms/99.3%, 50ms/99.7%, 100ms/99.8%
[2026-04-03T03:36:39.864+0600][17.278s][info][gc,marking  ] GC(10) y: Mark: 2 stripe(s), 2 proactive flush(es), 1 terminate flush(es), 0 completion(s), 0 continuation(s) 
[2026-04-03T03:36:39.864+0600][17.278s][info][gc,marking  ] GC(10) y: Mark Stack Usage: 32M
[2026-04-03T03:36:39.864+0600][17.278s][info][gc,nmethod  ] GC(10) y: NMethods: 4296 registered, 741 unregistered
[2026-04-03T03:36:39.864+0600][17.278s][info][gc,metaspace] GC(10) y: Metaspace: 64M used, 65M committed, 1088M reserved
[2026-04-03T03:36:39.864+0600][17.278s][info][gc,reloc    ] GC(10) y:                        Candidates     Selected     In-Place         Size        Empty    Relocated 
[2026-04-03T03:36:39.864+0600][17.278s][info][gc,reloc    ] GC(10) y: Small Pages:                  260            6            0         520M         506M           0M 
[2026-04-03T03:36:39.864+0600][17.278s][info][gc,reloc    ] GC(10) y: Medium Pages:                   0            0            0           0M           0M           0M 
[2026-04-03T03:36:39.864+0600][17.278s][info][gc,reloc    ] GC(10) y: Large Pages:                    0            0            0           0M           0M           0M 
[2026-04-03T03:36:39.864+0600][17.278s][info][gc,reloc    ] GC(10) y: Forwarding Usage: 0M
[2026-04-03T03:36:39.864+0600][17.278s][info][gc,reloc    ] GC(10) y: Age Table:
[2026-04-03T03:36:39.864+0600][17.278s][info][gc,reloc    ] GC(10) y:                    Live             Garbage             Small              Medium             Large        
[2026-04-03T03:36:39.864+0600][17.278s][info][gc,reloc    ] GC(10) y: Eden               0M (0%)          517M (26%)        259 / 6              0 / 0              0 / 0        
[2026-04-03T03:36:39.864+0600][17.278s][info][gc,reloc    ] GC(10) y: Survivor 1          -                 2M (0%)           1 / 0              0 / 0              0 / 0        
[2026-04-03T03:36:39.864+0600][17.278s][info][gc,heap     ] GC(10) y: Min Capacity: 8M(0%)
[2026-04-03T03:36:39.864+0600][17.278s][info][gc,heap     ] GC(10) y: Max Capacity: 2000M(100%)
[2026-04-03T03:36:39.864+0600][17.278s][info][gc,heap     ] GC(10) y: Soft Max Capacity: 2000M(100%)
[2026-04-03T03:36:39.864+0600][17.278s][info][gc,heap     ] GC(10) y: Heap Statistics:
[2026-04-03T03:36:39.864+0600][17.278s][info][gc,heap     ] GC(10) y:                Mark Start          Mark End        Relocate Start      Relocate End           High               Low         
[2026-04-03T03:36:39.864+0600][17.278s][info][gc,heap     ] GC(10) y:  Capacity:      920M (46%)         920M (46%)         920M (46%)         920M (46%)         920M (46%)         920M (46%)    
[2026-04-03T03:36:39.864+0600][17.278s][info][gc,heap     ] GC(10) y:      Free:     1400M (70%)        1380M (69%)        1880M (94%)        1890M (94%)        1890M (94%)        1380M (69%)    
[2026-04-03T03:36:39.864+0600][17.278s][info][gc,heap     ] GC(10) y:      Used:      600M (30%)         620M (31%)         120M (6%)          110M (6%)          620M (31%)         110M (6%)     
[2026-04-03T03:36:39.864+0600][17.278s][info][gc,heap     ] GC(10) y: Young Generation Statistics:
[2026-04-03T03:36:39.864+0600][17.278s][info][gc,heap     ] GC(10) y:                Mark Start          Mark End        Relocate Start      Relocate End    
[2026-04-03T03:36:39.864+0600][17.278s][info][gc,heap     ] GC(10) y:      Used:      520M (26%)         540M (27%)          40M (2%)           30M (2%)     
[2026-04-03T03:36:39.864+0600][17.278s][info][gc,heap     ] GC(10) y:      Live:         -                 0M (0%)            0M (0%)            0M (0%)     
[2026-04-03T03:36:39.864+0600][17.278s][info][gc,heap     ] GC(10) y:   Garbage:         -               519M (26%)          13M (1%)            0M (0%)     
[2026-04-03T03:36:39.865+0600][17.278s][info][gc,heap     ] GC(10) y: Allocated:         -                20M (1%)           26M (1%)           29M (1%)     
[2026-04-03T03:36:39.865+0600][17.278s][info][gc,heap     ] GC(10) y: Reclaimed:         -                  -               506M (25%)         519M (26%)    
[2026-04-03T03:36:39.865+0600][17.278s][info][gc,heap     ] GC(10) y:  Promoted:         -                  -                 0M (0%)            0M (0%)     
[2026-04-03T03:36:39.865+0600][17.278s][info][gc,heap     ] GC(10) y: Compacted:         -                  -                  -                 0M (0%)     
[2026-04-03T03:36:39.865+0600][17.278s][info][gc,phases   ] GC(10) y: Young Generation 600M(30%)->110M(6%) 0.012s
[2026-04-03T03:36:39.865+0600][17.278s][info][gc          ] GC(10) Minor Collection (Allocation Rate) 560M(28%)->112M(6%) 0.028s
[2026-04-03T03:36:39.895+0600][17.308s][info][gc          ] GC(11) Minor Collection (Allocation Rate)
[2026-04-03T03:36:39.895+0600][17.308s][info][gc,task     ] GC(11) Using 3 Workers for Young Generation
[2026-04-03T03:36:39.895+0600][17.308s][info][gc,phases   ] GC(11) y: Young Generation
[2026-04-03T03:36:39.895+0600][17.308s][info][gc,phases   ] GC(11) y: Pause Mark Start 0.023ms
[2026-04-03T03:36:39.901+0600][17.314s][info][gc,phases   ] GC(11) y: Concurrent Mark 5.826ms
[2026-04-03T03:36:39.901+0600][17.314s][info][gc,phases   ] GC(11) y: Pause Mark End 0.021ms
[2026-04-03T03:36:39.901+0600][17.315s][info][gc,phases   ] GC(11) y: Concurrent Mark Free 0.001ms
[2026-04-03T03:36:39.901+0600][17.315s][info][gc,phases   ] GC(11) y: Concurrent Reset Relocation Set 0.002ms
[2026-04-03T03:36:39.906+0600][17.319s][info][gc,reloc    ] GC(11) y: Using tenuring threshold: 2 (Computed)
[2026-04-03T03:36:39.906+0600][17.320s][info][gc,phases   ] GC(11) y: Concurrent Select Relocation Set 4.996ms
[2026-04-03T03:36:39.906+0600][17.320s][info][gc,phases   ] GC(11) y: Pause Relocate Start 0.031ms
[2026-04-03T03:36:39.907+0600][17.320s][info][gc,phases   ] GC(11) y: Concurrent Relocate 0.229ms
[2026-04-03T03:36:39.907+0600][17.320s][info][gc,alloc    ] GC(11) y:                         Mark Start        Mark End      Relocate Start    Relocate End   
[2026-04-03T03:36:39.907+0600][17.320s][info][gc,alloc    ] GC(11) y: Allocation Stalls:          0                0                0                0         
[2026-04-03T03:36:39.907+0600][17.320s][info][gc,load     ] GC(11) y: Load: 3.91 (33%) / 4.26 (35%) / 4.69 (39%)
[2026-04-03T03:36:39.907+0600][17.320s][info][gc,mmu      ] GC(11) y: MMU: 2ms/97.4%, 5ms/98.2%, 10ms/99.1%, 20ms/99.3%, 50ms/99.6%, 100ms/99.8%
[2026-04-03T03:36:39.907+0600][17.320s][info][gc,marking  ] GC(11) y: Mark: 2 stripe(s), 2 proactive flush(es), 1 terminate flush(es), 0 completion(s), 0 continuation(s) 
[2026-04-03T03:36:39.907+0600][17.320s][info][gc,marking  ] GC(11) y: Mark Stack Usage: 32M
[2026-04-03T03:36:39.907+0600][17.320s][info][gc,nmethod  ] GC(11) y: NMethods: 4306 registered, 741 unregistered
[2026-04-03T03:36:39.907+0600][17.320s][info][gc,metaspace] GC(11) y: Metaspace: 64M used, 65M committed, 1088M reserved
[2026-04-03T03:36:39.907+0600][17.320s][info][gc,reloc    ] GC(11) y:                        Candidates     Selected     In-Place         Size        Empty    Relocated 
[2026-04-03T03:36:39.907+0600][17.320s][info][gc,reloc    ] GC(11) y: Small Pages:                   54            5            0         108M          96M           0M 
[2026-04-03T03:36:39.907+0600][17.320s][info][gc,reloc    ] GC(11) y: Medium Pages:                   0            0            0           0M           0M           0M 
[2026-04-03T03:36:39.907+0600][17.320s][info][gc,reloc    ] GC(11) y: Large Pages:                    0            0            0           0M           0M           0M 
[2026-04-03T03:36:39.907+0600][17.320s][info][gc,reloc    ] GC(11) y: Forwarding Usage: 0M
[2026-04-03T03:36:39.907+0600][17.320s][info][gc,reloc    ] GC(11) y: Age Table:
[2026-04-03T03:36:39.907+0600][17.320s][info][gc,reloc    ] GC(11) y:                    Live             Garbage             Small              Medium             Large        
[2026-04-03T03:36:39.907+0600][17.320s][info][gc,reloc    ] GC(11) y: Eden               0M (0%)          103M (5%)          52 / 4              0 / 0              0 / 0        
[2026-04-03T03:36:39.907+0600][17.320s][info][gc,reloc    ] GC(11) y: Survivor 1         0M (0%)            3M (0%)           2 / 1              0 / 0              0 / 0        
[2026-04-03T03:36:39.907+0600][17.320s][info][gc,heap     ] GC(11) y: Min Capacity: 8M(0%)
[2026-04-03T03:36:39.907+0600][17.320s][info][gc,heap     ] GC(11) y: Max Capacity: 2000M(100%)
[2026-04-03T03:36:39.907+0600][17.320s][info][gc,heap     ] GC(11) y: Soft Max Capacity: 2000M(100%)
[2026-04-03T03:36:39.907+0600][17.320s][info][gc,heap     ] GC(11) y: Heap Statistics:
[2026-04-03T03:36:39.907+0600][17.320s][info][gc,heap     ] GC(11) y:                Mark Start          Mark End        Relocate Start      Relocate End           High               Low         
[2026-04-03T03:36:39.907+0600][17.320s][info][gc,heap     ] GC(11) y:  Capacity:      920M (46%)         920M (46%)         920M (46%)         920M (46%)         920M (46%)         920M (46%)    
[2026-04-03T03:36:39.907+0600][17.320s][info][gc,heap     ] GC(11) y:      Free:     1812M (91%)        1794M (90%)        1878M (94%)        1882M (94%)        1882M (94%)        1784M (89%)    
[2026-04-03T03:36:39.907+0600][17.320s][info][gc,heap     ] GC(11) y:      Used:      188M (9%)          206M (10%)         122M (6%)          118M (6%)          216M (11%)         118M (6%)     
[2026-04-03T03:36:39.907+0600][17.320s][info][gc,heap     ] GC(11) y: Young Generation Statistics:
[2026-04-03T03:36:39.907+0600][17.321s][info][gc,heap     ] GC(11) y:                Mark Start          Mark End        Relocate Start      Relocate End    
[2026-04-03T03:36:39.907+0600][17.321s][info][gc,heap     ] GC(11) y:      Used:      108M (5%)          126M (6%)           42M (2%)           38M (2%)     
[2026-04-03T03:36:39.907+0600][17.321s][info][gc,heap     ] GC(11) y:      Live:         -                 0M (0%)            0M (0%)            0M (0%)     
[2026-04-03T03:36:39.907+0600][17.321s][info][gc,heap     ] GC(11) y:   Garbage:         -               107M (5%)           11M (1%)            0M (0%)     
[2026-04-03T03:36:39.907+0600][17.321s][info][gc,heap     ] GC(11) y: Allocated:         -                18M (1%)           30M (2%)           37M (2%)     
[2026-04-03T03:36:39.907+0600][17.321s][info][gc,heap     ] GC(11) y: Reclaimed:         -                  -                96M (5%)          107M (5%)     
[2026-04-03T03:36:39.907+0600][17.321s][info][gc,heap     ] GC(11) y:  Promoted:         -                  -                 0M (0%)            0M (0%)     
[2026-04-03T03:36:39.907+0600][17.321s][info][gc,heap     ] GC(11) y: Compacted:         -                  -                  -                 0M (0%)     
[2026-04-03T03:36:39.907+0600][17.321s][info][gc,phases   ] GC(11) y: Young Generation 188M(9%)->118M(6%) 0.012s
[2026-04-03T03:36:39.907+0600][17.321s][info][gc          ] GC(11) Minor Collection (Allocation Rate) 188M(9%)->118M(6%) 0.013s
[2026-04-03T03:36:39.934+0600][17.347s][info][gc          ] GC(12) Minor Collection (Allocation Rate)
[2026-04-03T03:36:39.934+0600][17.347s][info][gc,task     ] GC(12) Using 3 Workers for Young Generation
[2026-04-03T03:36:39.934+0600][17.347s][info][gc,phases   ] GC(12) y: Young Generation
[2026-04-03T03:36:39.934+0600][17.347s][info][gc,phases   ] GC(12) y: Pause Mark Start 0.054ms
[2026-04-03T03:36:39.940+0600][17.353s][info][gc,phases   ] GC(12) y: Concurrent Mark 5.866ms
[2026-04-03T03:36:39.940+0600][17.354s][info][gc,phases   ] GC(12) y: Pause Mark End 0.049ms
[2026-04-03T03:36:39.940+0600][17.354s][info][gc,phases   ] GC(12) y: Concurrent Mark Free 0.001ms
[2026-04-03T03:36:39.940+0600][17.354s][info][gc,phases   ] GC(12) y: Concurrent Reset Relocation Set 0.002ms
[2026-04-03T03:36:39.942+0600][17.356s][info][gc,reloc    ] GC(12) y: Using tenuring threshold: 1 (Computed)
[2026-04-03T03:36:39.943+0600][17.356s][info][gc,phases   ] GC(12) y: Concurrent Select Relocation Set 2.095ms
[2026-04-03T03:36:39.943+0600][17.356s][info][gc,phases   ] GC(12) y: Pause Relocate Start 0.022ms
[2026-04-03T03:36:39.943+0600][17.357s][info][gc,phases   ] GC(12) y: Concurrent Relocate 0.246ms
[2026-04-03T03:36:39.943+0600][17.357s][info][gc,alloc    ] GC(12) y:                         Mark Start        Mark End      Relocate Start    Relocate End   
[2026-04-03T03:36:39.943+0600][17.357s][info][gc,alloc    ] GC(12) y: Allocation Stalls:          0                0                0                0         
[2026-04-03T03:36:39.943+0600][17.357s][info][gc,load     ] GC(12) y: Load: 3.91 (33%) / 4.26 (35%) / 4.69 (39%)
[2026-04-03T03:36:39.943+0600][17.357s][info][gc,mmu      ] GC(12) y: MMU: 2ms/97.3%, 5ms/98.2%, 10ms/98.7%, 20ms/99.3%, 50ms/99.6%, 100ms/99.7%
[2026-04-03T03:36:39.943+0600][17.357s][info][gc,marking  ] GC(12) y: Mark: 2 stripe(s), 2 proactive flush(es), 1 terminate flush(es), 0 completion(s), 0 continuation(s) 
[2026-04-03T03:36:39.943+0600][17.357s][info][gc,marking  ] GC(12) y: Mark Stack Usage: 32M
[2026-04-03T03:36:39.943+0600][17.357s][info][gc,nmethod  ] GC(12) y: NMethods: 4306 registered, 741 unregistered
[2026-04-03T03:36:39.943+0600][17.357s][info][gc,metaspace] GC(12) y: Metaspace: 64M used, 65M committed, 1088M reserved
[2026-04-03T03:36:39.943+0600][17.357s][info][gc,reloc    ] GC(12) y:                        Candidates     Selected     In-Place         Size        Empty    Relocated 
[2026-04-03T03:36:39.943+0600][17.357s][info][gc,reloc    ] GC(12) y: Small Pages:                   53            6            0         106M          92M           0M 
[2026-04-03T03:36:39.943+0600][17.357s][info][gc,reloc    ] GC(12) y: Medium Pages:                   0            0            0           0M           0M           0M 
[2026-04-03T03:36:39.943+0600][17.357s][info][gc,reloc    ] GC(12) y: Large Pages:                    0            0            0           0M           0M           0M 
[2026-04-03T03:36:39.943+0600][17.357s][info][gc,reloc    ] GC(12) y: Forwarding Usage: 0M
[2026-04-03T03:36:39.943+0600][17.357s][info][gc,reloc    ] GC(12) y: Age Table:
[2026-04-03T03:36:39.943+0600][17.357s][info][gc,reloc    ] GC(12) y:                    Live             Garbage             Small              Medium             Large        
[2026-04-03T03:36:39.943+0600][17.357s][info][gc,reloc    ] GC(12) y: Eden               0M (0%)           97M (5%)          49 / 4              0 / 0              0 / 0        
[2026-04-03T03:36:39.943+0600][17.357s][info][gc,reloc    ] GC(12) y: Survivor 1         0M (0%)            5M (0%)           3 / 1              0 / 0              0 / 0        
[2026-04-03T03:36:39.943+0600][17.357s][info][gc,reloc    ] GC(12) y: Survivor 2         0M (0%)            1M (0%)           1 / 1              0 / 0              0 / 0        
[2026-04-03T03:36:39.943+0600][17.357s][info][gc,heap     ] GC(12) y: Min Capacity: 8M(0%)
[2026-04-03T03:36:39.943+0600][17.357s][info][gc,heap     ] GC(12) y: Max Capacity: 2000M(100%)
[2026-04-03T03:36:39.943+0600][17.357s][info][gc,heap     ] GC(12) y: Soft Max Capacity: 2000M(100%)
[2026-04-03T03:36:39.943+0600][17.357s][info][gc,heap     ] GC(12) y: Heap Statistics:
[2026-04-03T03:36:39.943+0600][17.357s][info][gc,heap     ] GC(12) y:                Mark Start          Mark End        Relocate Start      Relocate End           High               Low         
[2026-04-03T03:36:39.943+0600][17.357s][info][gc,heap     ] GC(12) y:  Capacity:      920M (46%)         920M (46%)         920M (46%)         920M (46%)         920M (46%)         920M (46%)    
[2026-04-03T03:36:39.943+0600][17.357s][info][gc,heap     ] GC(12) y:      Free:     1814M (91%)        1796M (90%)        1882M (94%)        1888M (94%)        1888M (94%)        1790M (90%)    
[2026-04-03T03:36:39.943+0600][17.357s][info][gc,heap     ] GC(12) y:      Used:      186M (9%)          204M (10%)         118M (6%)          112M (6%)          210M (10%)         112M (6%)     
[2026-04-03T03:36:39.943+0600][17.357s][info][gc,heap     ] GC(12) y: Young Generation Statistics:
[2026-04-03T03:36:39.943+0600][17.357s][info][gc,heap     ] GC(12) y:                Mark Start          Mark End        Relocate Start      Relocate End    
[2026-04-03T03:36:39.943+0600][17.357s][info][gc,heap     ] GC(12) y:      Used:      106M (5%)          124M (6%)           38M (2%)           28M (1%)     
[2026-04-03T03:36:39.943+0600][17.357s][info][gc,heap     ] GC(12) y:      Live:         -                 0M (0%)            0M (0%)            0M (0%)     
[2026-04-03T03:36:39.943+0600][17.357s][info][gc,heap     ] GC(12) y:   Garbage:         -               105M (5%)           13M (1%)            0M (0%)     
[2026-04-03T03:36:39.943+0600][17.357s][info][gc,heap     ] GC(12) y: Allocated:         -                18M (1%)           24M (1%)           27M (1%)     
[2026-04-03T03:36:39.943+0600][17.357s][info][gc,heap     ] GC(12) y: Reclaimed:         -                  -                92M (5%)          105M (5%)     
[2026-04-03T03:36:39.943+0600][17.357s][info][gc,heap     ] GC(12) y:  Promoted:         -                  -                 0M (0%)            0M (0%)     
[2026-04-03T03:36:39.943+0600][17.357s][info][gc,heap     ] GC(12) y: Compacted:         -                  -                  -                 0M (0%)     
[2026-04-03T03:36:39.943+0600][17.357s][info][gc,phases   ] GC(12) y: Young Generation 186M(9%)->112M(6%) 0.009s
[2026-04-03T03:36:39.943+0600][17.357s][info][gc          ] GC(12) Minor Collection (Allocation Rate) 184M(9%)->112M(6%) 0.010s
[2026-04-03T03:36:39.985+0600][17.399s][info][gc          ] GC(13) Minor Collection (Allocation Rate)
[2026-04-03T03:36:39.985+0600][17.399s][info][gc,task     ] GC(13) Using 3 Workers for Young Generation
[2026-04-03T03:36:39.985+0600][17.399s][info][gc,phases   ] GC(13) y: Young Generation
[2026-04-03T03:36:39.986+0600][17.399s][info][gc,phases   ] GC(13) y: Pause Mark Start 0.051ms
[2026-04-03T03:36:39.993+0600][17.406s][info][gc,phases   ] GC(13) y: Concurrent Mark 6.841ms
[2026-04-03T03:36:39.993+0600][17.406s][info][gc,phases   ] GC(13) y: Pause Mark End 0.021ms
[2026-04-03T03:36:39.993+0600][17.406s][info][gc,phases   ] GC(13) y: Concurrent Mark Free 0.002ms
[2026-04-03T03:36:39.993+0600][17.406s][info][gc,phases   ] GC(13) y: Concurrent Reset Relocation Set 0.003ms
[2026-04-03T03:36:39.996+0600][17.409s][info][gc,reloc    ] GC(13) y: Using tenuring threshold: 1 (Computed)
[2026-04-03T03:36:39.996+0600][17.409s][info][gc,phases   ] GC(13) y: Concurrent Select Relocation Set 2.863ms
[2026-04-03T03:36:39.996+0600][17.409s][info][gc,phases   ] GC(13) y: Pause Relocate Start 0.022ms
[2026-04-03T03:36:39.996+0600][17.410s][info][gc,phases   ] GC(13) y: Concurrent Relocate 0.168ms
[2026-04-03T03:36:39.996+0600][17.410s][info][gc,alloc    ] GC(13) y:                         Mark Start        Mark End      Relocate Start    Relocate End   
[2026-04-03T03:36:39.996+0600][17.410s][info][gc,alloc    ] GC(13) y: Allocation Stalls:          0                0                0                0         
[2026-04-03T03:36:39.996+0600][17.410s][info][gc,load     ] GC(13) y: Load: 3.91 (33%) / 4.26 (35%) / 4.69 (39%)
[2026-04-03T03:36:39.996+0600][17.410s][info][gc,mmu      ] GC(13) y: MMU: 2ms/97.3%, 5ms/98.2%, 10ms/98.7%, 20ms/99.3%, 50ms/99.6%, 100ms/99.7%
[2026-04-03T03:36:39.996+0600][17.410s][info][gc,marking  ] GC(13) y: Mark: 2 stripe(s), 2 proactive flush(es), 1 terminate flush(es), 0 completion(s), 0 continuation(s) 
[2026-04-03T03:36:39.996+0600][17.410s][info][gc,marking  ] GC(13) y: Mark Stack Usage: 32M
[2026-04-03T03:36:39.996+0600][17.410s][info][gc,nmethod  ] GC(13) y: NMethods: 4307 registered, 741 unregistered
[2026-04-03T03:36:39.996+0600][17.410s][info][gc,metaspace] GC(13) y: Metaspace: 64M used, 65M committed, 1088M reserved
[2026-04-03T03:36:39.996+0600][17.410s][info][gc,reloc    ] GC(13) y:                        Candidates     Selected     In-Place         Size        Empty    Relocated 
[2026-04-03T03:36:39.996+0600][17.410s][info][gc,reloc    ] GC(13) y: Small Pages:                   65            4            0         130M         120M           0M 
[2026-04-03T03:36:39.996+0600][17.410s][info][gc,reloc    ] GC(13) y: Medium Pages:                   0            0            0           0M           0M           0M 
[2026-04-03T03:36:39.996+0600][17.410s][info][gc,reloc    ] GC(13) y: Large Pages:                    0            0            0           0M           0M           0M 
[2026-04-03T03:36:39.996+0600][17.410s][info][gc,reloc    ] GC(13) y: Forwarding Usage: 0M
[2026-04-03T03:36:39.996+0600][17.410s][info][gc,reloc    ] GC(13) y: Age Table:
[2026-04-03T03:36:39.996+0600][17.410s][info][gc,reloc    ] GC(13) y:                    Live             Garbage             Small              Medium             Large        
[2026-04-03T03:36:39.996+0600][17.410s][info][gc,reloc    ] GC(13) y: Eden               0M (0%)          125M (6%)          63 / 4              0 / 0              0 / 0        
[2026-04-03T03:36:39.996+0600][17.410s][info][gc,reloc    ] GC(13) y: Survivor 1          -                 4M (0%)           2 / 0              0 / 0              0 / 0        
[2026-04-03T03:36:39.996+0600][17.410s][info][gc,heap     ] GC(13) y: Min Capacity: 8M(0%)
[2026-04-03T03:36:39.996+0600][17.410s][info][gc,heap     ] GC(13) y: Max Capacity: 2000M(100%)
[2026-04-03T03:36:39.996+0600][17.410s][info][gc,heap     ] GC(13) y: Soft Max Capacity: 2000M(100%)
[2026-04-03T03:36:39.996+0600][17.410s][info][gc,heap     ] GC(13) y: Heap Statistics:
[2026-04-03T03:36:39.996+0600][17.410s][info][gc,heap     ] GC(13) y:                Mark Start          Mark End        Relocate Start      Relocate End           High               Low         
[2026-04-03T03:36:39.996+0600][17.410s][info][gc,heap     ] GC(13) y:  Capacity:      920M (46%)         920M (46%)         920M (46%)         920M (46%)         920M (46%)         920M (46%)    
[2026-04-03T03:36:39.996+0600][17.410s][info][gc,heap     ] GC(13) y:      Free:     1786M (89%)        1770M (88%)        1882M (94%)        1888M (94%)        1888M (94%)        1762M (88%)    
[2026-04-03T03:36:39.996+0600][17.410s][info][gc,heap     ] GC(13) y:      Used:      214M (11%)         230M (12%)         118M (6%)          112M (6%)          238M (12%)         112M (6%)     
[2026-04-03T03:36:39.996+0600][17.410s][info][gc,heap     ] GC(13) y: Young Generation Statistics:
[2026-04-03T03:36:39.996+0600][17.410s][info][gc,heap     ] GC(13) y:                Mark Start          Mark End        Relocate Start      Relocate End    
[2026-04-03T03:36:39.996+0600][17.410s][info][gc,heap     ] GC(13) y:      Used:      130M (6%)          146M (7%)           34M (2%)           28M (1%)     
[2026-04-03T03:36:39.996+0600][17.410s][info][gc,heap     ] GC(13) y:      Live:         -                 0M (0%)            0M (0%)            0M (0%)     
[2026-04-03T03:36:39.997+0600][17.410s][info][gc,heap     ] GC(13) y:   Garbage:         -               129M (6%)            9M (0%)            0M (0%)     
[2026-04-03T03:36:39.997+0600][17.410s][info][gc,heap     ] GC(13) y: Allocated:         -                16M (1%)           24M (1%)           27M (1%)     
[2026-04-03T03:36:39.997+0600][17.410s][info][gc,heap     ] GC(13) y: Reclaimed:         -                  -               120M (6%)          129M (6%)     
[2026-04-03T03:36:39.997+0600][17.410s][info][gc,heap     ] GC(13) y:  Promoted:         -                  -                 0M (0%)            0M (0%)     
[2026-04-03T03:36:39.997+0600][17.410s][info][gc,heap     ] GC(13) y: Compacted:         -                  -                  -                 0M (0%)     
[2026-04-03T03:36:39.997+0600][17.410s][info][gc,phases   ] GC(13) y: Young Generation 214M(11%)->112M(6%) 0.011s
[2026-04-03T03:36:39.997+0600][17.410s][info][gc          ] GC(13) Minor Collection (Allocation Rate) 214M(11%)->112M(6%) 0.011s
[2026-04-03T03:36:40.282+0600][17.696s][info][gc          ] GC(14) Minor Collection (Allocation Rate)
[2026-04-03T03:36:40.282+0600][17.696s][info][gc,task     ] GC(14) Using 3 Workers for Young Generation
[2026-04-03T03:36:40.282+0600][17.696s][info][gc,phases   ] GC(14) y: Young Generation
[2026-04-03T03:36:40.283+0600][17.696s][info][gc,phases   ] GC(14) y: Pause Mark Start 0.023ms
[2026-04-03T03:36:40.289+0600][17.703s][info][gc,phases   ] GC(14) y: Concurrent Mark 6.604ms
[2026-04-03T03:36:40.290+0600][17.703s][info][gc,phases   ] GC(14) y: Pause Mark End 0.020ms
[2026-04-03T03:36:40.290+0600][17.703s][info][gc,phases   ] GC(14) y: Concurrent Mark Free 0.002ms
[2026-04-03T03:36:40.290+0600][17.703s][info][gc,phases   ] GC(14) y: Concurrent Reset Relocation Set 0.002ms
[2026-04-03T03:36:40.293+0600][17.706s][info][gc,reloc    ] GC(14) y: Using tenuring threshold: 1 (Computed)
[2026-04-03T03:36:40.293+0600][17.706s][info][gc,phases   ] GC(14) y: Concurrent Select Relocation Set 2.983ms
[2026-04-03T03:36:40.293+0600][17.706s][info][gc,phases   ] GC(14) y: Pause Relocate Start 0.019ms
[2026-04-03T03:36:40.294+0600][17.707s][info][gc,phases   ] GC(14) y: Concurrent Relocate 0.320ms
[2026-04-03T03:36:40.294+0600][17.707s][info][gc,alloc    ] GC(14) y:                         Mark Start        Mark End      Relocate Start    Relocate End   
[2026-04-03T03:36:40.294+0600][17.707s][info][gc,alloc    ] GC(14) y: Allocation Stalls:          0                0                0                0         
[2026-04-03T03:36:40.294+0600][17.707s][info][gc,load     ] GC(14) y: Load: 3.91 (33%) / 4.26 (35%) / 4.69 (39%)
[2026-04-03T03:36:40.294+0600][17.707s][info][gc,mmu      ] GC(14) y: MMU: 2ms/97.3%, 5ms/98.2%, 10ms/98.7%, 20ms/99.3%, 50ms/99.6%, 100ms/99.7%
[2026-04-03T03:36:40.294+0600][17.707s][info][gc,marking  ] GC(14) y: Mark: 2 stripe(s), 2 proactive flush(es), 1 terminate flush(es), 0 completion(s), 0 continuation(s) 
[2026-04-03T03:36:40.294+0600][17.707s][info][gc,marking  ] GC(14) y: Mark Stack Usage: 32M
[2026-04-03T03:36:40.294+0600][17.707s][info][gc,nmethod  ] GC(14) y: NMethods: 4315 registered, 741 unregistered
[2026-04-03T03:36:40.294+0600][17.707s][info][gc,metaspace] GC(14) y: Metaspace: 64M used, 65M committed, 1088M reserved
[2026-04-03T03:36:40.294+0600][17.707s][info][gc,reloc    ] GC(14) y:                        Candidates     Selected     In-Place         Size        Empty    Relocated 
[2026-04-03T03:36:40.294+0600][17.707s][info][gc,reloc    ] GC(14) y: Small Pages:                  370            5            0         740M         728M           0M 
[2026-04-03T03:36:40.294+0600][17.707s][info][gc,reloc    ] GC(14) y: Medium Pages:                   0            0            0           0M           0M           0M 
[2026-04-03T03:36:40.294+0600][17.707s][info][gc,reloc    ] GC(14) y: Large Pages:                    0            0            0           0M           0M           0M 
[2026-04-03T03:36:40.294+0600][17.707s][info][gc,reloc    ] GC(14) y: Forwarding Usage: 0M
[2026-04-03T03:36:40.294+0600][17.707s][info][gc,reloc    ] GC(14) y: Age Table:
[2026-04-03T03:36:40.294+0600][17.707s][info][gc,reloc    ] GC(14) y:                    Live             Garbage             Small              Medium             Large        
[2026-04-03T03:36:40.294+0600][17.707s][info][gc,reloc    ] GC(14) y: Eden               0M (0%)          735M (37%)        368 / 5              0 / 0              0 / 0        
[2026-04-03T03:36:40.294+0600][17.707s][info][gc,reloc    ] GC(14) y: Survivor 1          -                 4M (0%)           2 / 0              0 / 0              0 / 0        
[2026-04-03T03:36:40.294+0600][17.707s][info][gc,heap     ] GC(14) y: Min Capacity: 8M(0%)
[2026-04-03T03:36:40.294+0600][17.707s][info][gc,heap     ] GC(14) y: Max Capacity: 2000M(100%)
[2026-04-03T03:36:40.294+0600][17.707s][info][gc,heap     ] GC(14) y: Soft Max Capacity: 2000M(100%)
[2026-04-03T03:36:40.294+0600][17.707s][info][gc,heap     ] GC(14) y: Heap Statistics:
[2026-04-03T03:36:40.294+0600][17.707s][info][gc,heap     ] GC(14) y:                Mark Start          Mark End        Relocate Start      Relocate End           High               Low         
[2026-04-03T03:36:40.294+0600][17.707s][info][gc,heap     ] GC(14) y:  Capacity:      920M (46%)         920M (46%)         920M (46%)         920M (46%)         920M (46%)         920M (46%)    
[2026-04-03T03:36:40.294+0600][17.707s][info][gc,heap     ] GC(14) y:      Free:     1176M (59%)        1160M (58%)        1880M (94%)        1890M (94%)        1890M (94%)        1160M (58%)    
[2026-04-03T03:36:40.294+0600][17.707s][info][gc,heap     ] GC(14) y:      Used:      824M (41%)         840M (42%)         120M (6%)          110M (6%)          840M (42%)         110M (6%)     
[2026-04-03T03:36:40.294+0600][17.707s][info][gc,heap     ] GC(14) y: Young Generation Statistics:
[2026-04-03T03:36:40.294+0600][17.707s][info][gc,heap     ] GC(14) y:                Mark Start          Mark End        Relocate Start      Relocate End    
[2026-04-03T03:36:40.294+0600][17.707s][info][gc,heap     ] GC(14) y:      Used:      740M (37%)         756M (38%)          36M (2%)           26M (1%)     
[2026-04-03T03:36:40.294+0600][17.707s][info][gc,heap     ] GC(14) y:      Live:         -                 0M (0%)            0M (0%)            0M (0%)     
[2026-04-03T03:36:40.294+0600][17.707s][info][gc,heap     ] GC(14) y:   Garbage:         -               739M (37%)          11M (1%)            0M (0%)     
[2026-04-03T03:36:40.294+0600][17.707s][info][gc,heap     ] GC(14) y: Allocated:         -                16M (1%)           24M (1%)           25M (1%)     
[2026-04-03T03:36:40.294+0600][17.707s][info][gc,heap     ] GC(14) y: Reclaimed:         -                  -               728M (36%)         739M (37%)    
[2026-04-03T03:36:40.294+0600][17.707s][info][gc,heap     ] GC(14) y:  Promoted:         -                  -                 0M (0%)            0M (0%)     
[2026-04-03T03:36:40.294+0600][17.707s][info][gc,heap     ] GC(14) y: Compacted:         -                  -                  -                 0M (0%)     
[2026-04-03T03:36:40.294+0600][17.707s][info][gc,phases   ] GC(14) y: Young Generation 824M(41%)->110M(6%) 0.011s
[2026-04-03T03:36:40.294+0600][17.707s][info][gc          ] GC(14) Minor Collection (Allocation Rate) 824M(41%)->112M(6%) 0.012s
[2026-04-03T03:36:40.880+0600][18.294s][info][gc          ] GC(15) Minor Collection (Allocation Rate)
[2026-04-03T03:36:40.880+0600][18.294s][info][gc,task     ] GC(15) Using 1 Workers for Young Generation
[2026-04-03T03:36:40.880+0600][18.294s][info][gc,phases   ] GC(15) y: Young Generation
[2026-04-03T03:36:40.881+0600][18.294s][info][gc,phases   ] GC(15) y: Pause Mark Start 0.029ms
[2026-04-03T03:36:40.889+0600][18.303s][info][gc,phases   ] GC(15) y: Concurrent Mark 8.600ms
[2026-04-03T03:36:40.890+0600][18.303s][info][gc,phases   ] GC(15) y: Pause Mark End 0.024ms
[2026-04-03T03:36:40.890+0600][18.303s][info][gc,phases   ] GC(15) y: Concurrent Mark Free 0.002ms
[2026-04-03T03:36:40.890+0600][18.303s][info][gc,phases   ] GC(15) y: Concurrent Reset Relocation Set 0.002ms
[2026-04-03T03:36:40.892+0600][18.306s][info][gc,reloc    ] GC(15) y: Using tenuring threshold: 2 (Computed)
[2026-04-03T03:36:40.893+0600][18.306s][info][gc,phases   ] GC(15) y: Concurrent Select Relocation Set 3.123ms
[2026-04-03T03:36:40.893+0600][18.306s][info][gc,phases   ] GC(15) y: Pause Relocate Start 0.013ms
[2026-04-03T03:36:40.893+0600][18.307s][info][gc,phases   ] GC(15) y: Concurrent Relocate 0.307ms
[2026-04-03T03:36:40.893+0600][18.307s][info][gc,alloc    ] GC(15) y:                         Mark Start        Mark End      Relocate Start    Relocate End   
[2026-04-03T03:36:40.893+0600][18.307s][info][gc,alloc    ] GC(15) y: Allocation Stalls:          0                0                0                0         
[2026-04-03T03:36:40.893+0600][18.307s][info][gc,load     ] GC(15) y: Load: 4.00 (33%) / 4.27 (36%) / 4.69 (39%)
[2026-04-03T03:36:40.893+0600][18.307s][info][gc,mmu      ] GC(15) y: MMU: 2ms/97.3%, 5ms/98.2%, 10ms/98.7%, 20ms/99.3%, 50ms/99.6%, 100ms/99.7%
[2026-04-03T03:36:40.893+0600][18.307s][info][gc,marking  ] GC(15) y: Mark: 1 stripe(s), 2 proactive flush(es), 1 terminate flush(es), 0 completion(s), 0 continuation(s) 
[2026-04-03T03:36:40.893+0600][18.307s][info][gc,marking  ] GC(15) y: Mark Stack Usage: 32M
[2026-04-03T03:36:40.893+0600][18.307s][info][gc,nmethod  ] GC(15) y: NMethods: 4332 registered, 741 unregistered
[2026-04-03T03:36:40.893+0600][18.307s][info][gc,metaspace] GC(15) y: Metaspace: 64M used, 65M committed, 1088M reserved
[2026-04-03T03:36:40.893+0600][18.307s][info][gc,reloc    ] GC(15) y:                        Candidates     Selected     In-Place         Size        Empty    Relocated 
[2026-04-03T03:36:40.893+0600][18.307s][info][gc,reloc    ] GC(15) y: Small Pages:                  585            7            0        1170M        1154M           0M 
[2026-04-03T03:36:40.893+0600][18.307s][info][gc,reloc    ] GC(15) y: Medium Pages:                   0            0            0           0M           0M           0M 
[2026-04-03T03:36:40.893+0600][18.307s][info][gc,reloc    ] GC(15) y: Large Pages:                    0            0            0           0M           0M           0M 
[2026-04-03T03:36:40.893+0600][18.307s][info][gc,reloc    ] GC(15) y: Forwarding Usage: 0M
[2026-04-03T03:36:40.893+0600][18.307s][info][gc,reloc    ] GC(15) y: Age Table:
[2026-04-03T03:36:40.893+0600][18.307s][info][gc,reloc    ] GC(15) y:                    Live             Garbage             Small              Medium             Large        
[2026-04-03T03:36:40.893+0600][18.307s][info][gc,reloc    ] GC(15) y: Eden               0M (0%)         1167M (58%)        584 / 6              0 / 0              0 / 0        
[2026-04-03T03:36:40.893+0600][18.307s][info][gc,reloc    ] GC(15) y: Survivor 1         0M (0%)            1M (0%)           1 / 1              0 / 0              0 / 0        
[2026-04-03T03:36:40.894+0600][18.307s][info][gc,heap     ] GC(15) y: Min Capacity: 8M(0%)
[2026-04-03T03:36:40.894+0600][18.307s][info][gc,heap     ] GC(15) y: Max Capacity: 2000M(100%)
[2026-04-03T03:36:40.894+0600][18.307s][info][gc,heap     ] GC(15) y: Soft Max Capacity: 2000M(100%)
[2026-04-03T03:36:40.894+0600][18.307s][info][gc,heap     ] GC(15) y: Heap Statistics:
[2026-04-03T03:36:40.894+0600][18.307s][info][gc,heap     ] GC(15) y:                Mark Start          Mark End        Relocate Start      Relocate End           High               Low         
[2026-04-03T03:36:40.894+0600][18.307s][info][gc,heap     ] GC(15) y:  Capacity:     1254M (63%)        1266M (63%)        1266M (63%)        1266M (63%)        1266M (63%)        1254M (63%)    
[2026-04-03T03:36:40.894+0600][18.307s][info][gc,heap     ] GC(15) y:      Free:      746M (37%)         734M (37%)        1882M (94%)        1894M (95%)        1894M (95%)         734M (37%)    
[2026-04-03T03:36:40.894+0600][18.307s][info][gc,heap     ] GC(15) y:      Used:     1254M (63%)        1266M (63%)         118M (6%)          106M (5%)         1266M (63%)         106M (5%)     
[2026-04-03T03:36:40.894+0600][18.307s][info][gc,heap     ] GC(15) y: Young Generation Statistics:
[2026-04-03T03:36:40.894+0600][18.307s][info][gc,heap     ] GC(15) y:                Mark Start          Mark End        Relocate Start      Relocate End    
[2026-04-03T03:36:40.894+0600][18.307s][info][gc,heap     ] GC(15) y:      Used:     1170M (58%)        1182M (59%)          34M (2%)           22M (1%)     
[2026-04-03T03:36:40.894+0600][18.307s][info][gc,heap     ] GC(15) y:      Live:         -                 0M (0%)            0M (0%)            0M (0%)     
[2026-04-03T03:36:40.894+0600][18.307s][info][gc,heap     ] GC(15) y:   Garbage:         -              1169M (58%)          15M (1%)            0M (0%)     
[2026-04-03T03:36:40.894+0600][18.307s][info][gc,heap     ] GC(15) y: Allocated:         -                12M (1%)           18M (1%)           21M (1%)     
[2026-04-03T03:36:40.894+0600][18.307s][info][gc,heap     ] GC(15) y: Reclaimed:         -                  -              1154M (58%)        1169M (58%)    
[2026-04-03T03:36:40.894+0600][18.307s][info][gc,heap     ] GC(15) y:  Promoted:         -                  -                 0M (0%)            0M (0%)     
[2026-04-03T03:36:40.894+0600][18.307s][info][gc,heap     ] GC(15) y: Compacted:         -                  -                  -                 0M (0%)     
[2026-04-03T03:36:40.894+0600][18.307s][info][gc,phases   ] GC(15) y: Young Generation 1254M(63%)->106M(5%) 0.013s
[2026-04-03T03:36:40.894+0600][18.307s][info][gc          ] GC(15) Minor Collection (Allocation Rate) 1254M(63%)->106M(5%) 0.013s
[2026-04-03T03:36:41.633+0600][19.046s][info][gc          ] GC(16) Minor Collection (Allocation Rate)
[2026-04-03T03:36:41.633+0600][19.046s][info][gc,task     ] GC(16) Using 1 Workers for Young Generation
[2026-04-03T03:36:41.633+0600][19.046s][info][gc,phases   ] GC(16) y: Young Generation
[2026-04-03T03:36:41.633+0600][19.047s][info][gc,phases   ] GC(16) y: Pause Mark Start 0.025ms
[2026-04-03T03:36:41.641+0600][19.055s][info][gc,phases   ] GC(16) y: Concurrent Mark 7.744ms
[2026-04-03T03:36:41.641+0600][19.055s][info][gc,phases   ] GC(16) y: Pause Mark End 0.025ms
[2026-04-03T03:36:41.642+0600][19.055s][info][gc,phases   ] GC(16) y: Concurrent Mark Free 0.001ms
[2026-04-03T03:36:41.642+0600][19.055s][info][gc,phases   ] GC(16) y: Concurrent Reset Relocation Set 0.003ms
[2026-04-03T03:36:41.644+0600][19.058s][info][gc,reloc    ] GC(16) y: Using tenuring threshold: 3 (Computed)
[2026-04-03T03:36:41.645+0600][19.058s][info][gc,phases   ] GC(16) y: Concurrent Select Relocation Set 3.251ms
[2026-04-03T03:36:41.645+0600][19.058s][info][gc,phases   ] GC(16) y: Pause Relocate Start 0.019ms
[2026-04-03T03:36:41.645+0600][19.059s][info][gc,phases   ] GC(16) y: Concurrent Relocate 0.324ms
[2026-04-03T03:36:41.645+0600][19.059s][info][gc,alloc    ] GC(16) y:                         Mark Start        Mark End      Relocate Start    Relocate End   
[2026-04-03T03:36:41.646+0600][19.059s][info][gc,alloc    ] GC(16) y: Allocation Stalls:          0                0                0                0         
[2026-04-03T03:36:41.646+0600][19.059s][info][gc,load     ] GC(16) y: Load: 4.00 (33%) / 4.27 (36%) / 4.69 (39%)
[2026-04-03T03:36:41.646+0600][19.059s][info][gc,mmu      ] GC(16) y: MMU: 2ms/97.3%, 5ms/98.2%, 10ms/98.7%, 20ms/99.3%, 50ms/99.6%, 100ms/99.7%
[2026-04-03T03:36:41.646+0600][19.059s][info][gc,marking  ] GC(16) y: Mark: 1 stripe(s), 2 proactive flush(es), 1 terminate flush(es), 0 completion(s), 0 continuation(s) 
[2026-04-03T03:36:41.646+0600][19.059s][info][gc,marking  ] GC(16) y: Mark Stack Usage: 32M
[2026-04-03T03:36:41.646+0600][19.059s][info][gc,nmethod  ] GC(16) y: NMethods: 4337 registered, 741 unregistered
[2026-04-03T03:36:41.646+0600][19.059s][info][gc,metaspace] GC(16) y: Metaspace: 64M used, 65M committed, 1088M reserved
[2026-04-03T03:36:41.646+0600][19.059s][info][gc,reloc    ] GC(16) y:                        Candidates     Selected     In-Place         Size        Empty    Relocated 
[2026-04-03T03:36:41.646+0600][19.059s][info][gc,reloc    ] GC(16) y: Small Pages:                  779            9            0        1558M        1538M           0M 
[2026-04-03T03:36:41.646+0600][19.059s][info][gc,reloc    ] GC(16) y: Medium Pages:                   0            0            0           0M           0M           0M 
[2026-04-03T03:36:41.646+0600][19.059s][info][gc,reloc    ] GC(16) y: Large Pages:                    0            0            0           0M           0M           0M 
[2026-04-03T03:36:41.646+0600][19.059s][info][gc,reloc    ] GC(16) y: Forwarding Usage: 0M
[2026-04-03T03:36:41.646+0600][19.059s][info][gc,reloc    ] GC(16) y: Age Table:
[2026-04-03T03:36:41.646+0600][19.059s][info][gc,reloc    ] GC(16) y:                    Live             Garbage             Small              Medium             Large        
[2026-04-03T03:36:41.646+0600][19.059s][info][gc,reloc    ] GC(16) y: Eden               0M (0%)         1553M (78%)        777 / 7              0 / 0              0 / 0        
[2026-04-03T03:36:41.646+0600][19.059s][info][gc,reloc    ] GC(16) y: Survivor 1         0M (0%)            1M (0%)           1 / 1              0 / 0              0 / 0        
[2026-04-03T03:36:41.646+0600][19.059s][info][gc,reloc    ] GC(16) y: Survivor 2         0M (0%)            1M (0%)           1 / 1              0 / 0              0 / 0        
[2026-04-03T03:36:41.646+0600][19.059s][info][gc,heap     ] GC(16) y: Min Capacity: 8M(0%)
[2026-04-03T03:36:41.646+0600][19.059s][info][gc,heap     ] GC(16) y: Max Capacity: 2000M(100%)
[2026-04-03T03:36:41.646+0600][19.059s][info][gc,heap     ] GC(16) y: Soft Max Capacity: 2000M(100%)
[2026-04-03T03:36:41.646+0600][19.059s][info][gc,heap     ] GC(16) y: Heap Statistics:
[2026-04-03T03:36:41.646+0600][19.059s][info][gc,heap     ] GC(16) y:                Mark Start          Mark End        Relocate Start      Relocate End           High               Low         
[2026-04-03T03:36:41.646+0600][19.059s][info][gc,heap     ] GC(16) y:  Capacity:     1642M (82%)        1654M (83%)        1654M (83%)        1654M (83%)        1654M (83%)        1642M (82%)    
[2026-04-03T03:36:41.646+0600][19.059s][info][gc,heap     ] GC(16) y:      Free:      358M (18%)         346M (17%)        1878M (94%)        1892M (95%)        1892M (95%)         346M (17%)    
[2026-04-03T03:36:41.646+0600][19.059s][info][gc,heap     ] GC(16) y:      Used:     1642M (82%)        1654M (83%)         122M (6%)          108M (5%)         1654M (83%)         108M (5%)     
[2026-04-03T03:36:41.646+0600][19.059s][info][gc,heap     ] GC(16) y: Young Generation Statistics:
[2026-04-03T03:36:41.646+0600][19.059s][info][gc,heap     ] GC(16) y:                Mark Start          Mark End        Relocate Start      Relocate End    
[2026-04-03T03:36:41.646+0600][19.059s][info][gc,heap     ] GC(16) y:      Used:     1558M (78%)        1570M (78%)          38M (2%)           24M (1%)     
[2026-04-03T03:36:41.646+0600][19.059s][info][gc,heap     ] GC(16) y:      Live:         -                 0M (0%)            0M (0%)            0M (0%)     
[2026-04-03T03:36:41.646+0600][19.059s][info][gc,heap     ] GC(16) y:   Garbage:         -              1557M (78%)          19M (1%)            0M (0%)     
[2026-04-03T03:36:41.646+0600][19.059s][info][gc,heap     ] GC(16) y: Allocated:         -                12M (1%)           18M (1%)           23M (1%)     
[2026-04-03T03:36:41.646+0600][19.059s][info][gc,heap     ] GC(16) y: Reclaimed:         -                  -              1538M (77%)        1557M (78%)    
[2026-04-03T03:36:41.646+0600][19.059s][info][gc,heap     ] GC(16) y:  Promoted:         -                  -                 0M (0%)            0M (0%)     
[2026-04-03T03:36:41.646+0600][19.059s][info][gc,heap     ] GC(16) y: Compacted:         -                  -                  -                 0M (0%)     
[2026-04-03T03:36:41.646+0600][19.059s][info][gc,phases   ] GC(16) y: Young Generation 1642M(82%)->108M(5%) 0.013s
[2026-04-03T03:36:41.646+0600][19.059s][info][gc          ] GC(16) Minor Collection (Allocation Rate) 1642M(82%)->108M(5%) 0.013s
[2026-04-03T03:36:43.663+0600][21.076s][info][gc          ] GC(17) Minor Collection (Allocation Rate)
[2026-04-03T03:36:43.663+0600][21.076s][info][gc,task     ] GC(17) Using 1 Workers for Young Generation
[2026-04-03T03:36:43.663+0600][21.076s][info][gc,phases   ] GC(17) y: Young Generation
[2026-04-03T03:36:43.663+0600][21.077s][info][gc,phases   ] GC(17) y: Pause Mark Start 0.019ms
[2026-04-03T03:36:44.124+0600][21.538s][info][gc,task     ] Adjusting Workers for Young Generation: 1 -> 3
[2026-04-03T03:36:44.399+0600][21.813s][info][gc,phases   ] GC(17) y: Concurrent Mark 736.049ms
[2026-04-03T03:36:44.400+0600][21.813s][info][gc,phases   ] GC(17) y: Pause Mark End 0.056ms
[2026-04-03T03:36:44.400+0600][21.813s][info][gc,phases   ] GC(17) y: Concurrent Mark Free 0.001ms
[2026-04-03T03:36:44.400+0600][21.813s][info][gc,phases   ] GC(17) y: Concurrent Reset Relocation Set 0.002ms
[2026-04-03T03:36:44.400+0600][21.813s][info][gc          ] Allocation Stall (Executor task launch worker for task 1.0 in stage 1.0 (TID 4)) 132.839ms
[2026-04-03T03:36:44.400+0600][21.813s][info][gc          ] Allocation Stall (Executor task launch worker for task 2.0 in stage 1.0 (TID 5)) 143.558ms
[2026-04-03T03:36:44.400+0600][21.813s][info][gc          ] Allocation Stall (Executor task launch worker for task 0.0 in stage 1.0 (TID 3)) 119.264ms
[2026-04-03T03:36:44.403+0600][21.816s][info][gc,reloc    ] GC(17) y: Using tenuring threshold: 3 (Computed)
[2026-04-03T03:36:44.433+0600][21.846s][info][gc,phases   ] GC(17) y: Concurrent Select Relocation Set 33.257ms
[2026-04-03T03:36:44.433+0600][21.847s][info][gc,phases   ] GC(17) y: Pause Relocate Start 0.025ms
[2026-04-03T03:36:44.590+0600][22.004s][info][gc,phases   ] GC(17) y: Concurrent Relocate 156.521ms
[2026-04-03T03:36:44.590+0600][22.004s][info][gc,alloc    ] GC(17) y:                         Mark Start        Mark End      Relocate Start    Relocate End   
[2026-04-03T03:36:44.590+0600][22.004s][info][gc,alloc    ] GC(17) y: Allocation Stalls:          0                3                0                0         
[2026-04-03T03:36:44.590+0600][22.004s][info][gc,load     ] GC(17) y: Load: 4.00 (33%) / 4.27 (36%) / 4.69 (39%)
[2026-04-03T03:36:44.590+0600][22.004s][info][gc,mmu      ] GC(17) y: MMU: 2ms/97.2%, 5ms/98.2%, 10ms/98.7%, 20ms/99.3%, 50ms/99.6%, 100ms/99.7%
[2026-04-03T03:36:44.590+0600][22.004s][info][gc,marking  ] GC(17) y: Mark: 1 stripe(s), 10 proactive flush(es), 1 terminate flush(es), 0 completion(s), 0 continuation(s) 
[2026-04-03T03:36:44.590+0600][22.004s][info][gc,marking  ] GC(17) y: Mark Stack Usage: 32M
[2026-04-03T03:36:44.590+0600][22.004s][info][gc,nmethod  ] GC(17) y: NMethods: 5391 registered, 0 unregistered
[2026-04-03T03:36:44.590+0600][22.004s][info][gc,metaspace] GC(17) y: Metaspace: 67M used, 68M committed, 1088M reserved
[2026-04-03T03:36:44.591+0600][22.004s][info][gc,reloc    ] GC(17) y:                        Candidates     Selected     In-Place         Size        Empty    Relocated 
[2026-04-03T03:36:44.591+0600][22.004s][info][gc,reloc    ] GC(17) y: Small Pages:                  738          380            0        1476M         584M          89M 
[2026-04-03T03:36:44.591+0600][22.004s][info][gc,reloc    ] GC(17) y: Medium Pages:                   1            0            0          32M           0M           0M 
[2026-04-03T03:36:44.591+0600][22.004s][info][gc,reloc    ] GC(17) y: Large Pages:                    7            0            0          54M          24M           0M 
[2026-04-03T03:36:44.591+0600][22.004s][info][gc,reloc    ] GC(17) y: Forwarding Usage: 74M
[2026-04-03T03:36:44.591+0600][22.004s][info][gc,reloc    ] GC(17) y: Age Table:
[2026-04-03T03:36:44.591+0600][22.004s][info][gc,reloc    ] GC(17) y:                    Live             Garbage             Small              Medium             Large        
[2026-04-03T03:36:44.591+0600][22.004s][info][gc,reloc    ] GC(17) y: Eden             146M (7%)         1409M (70%)        735 / 378            1 / 0              7 / 0        
[2026-04-03T03:36:44.591+0600][22.004s][info][gc,reloc    ] GC(17) y: Survivor 1         0M (0%)            1M (0%)           1 / 1              0 / 0              0 / 0        
[2026-04-03T03:36:44.591+0600][22.004s][info][gc,reloc    ] GC(17) y: Survivor 2         0M (0%)            1M (0%)           1 / 1              0 / 0              0 / 0        
[2026-04-03T03:36:44.591+0600][22.004s][info][gc,reloc    ] GC(17) y: Survivor 3         0M (0%)            1M (0%)           1 / 0              0 / 0              0 / 0        
[2026-04-03T03:36:44.591+0600][22.004s][info][gc,heap     ] GC(17) y: Min Capacity: 8M(0%)
[2026-04-03T03:36:44.591+0600][22.004s][info][gc,heap     ] GC(17) y: Max Capacity: 2000M(100%)
[2026-04-03T03:36:44.591+0600][22.004s][info][gc,heap     ] GC(17) y: Soft Max Capacity: 2000M(100%)
[2026-04-03T03:36:44.591+0600][22.004s][info][gc,heap     ] GC(17) y: Heap Statistics:
[2026-04-03T03:36:44.591+0600][22.004s][info][gc,heap     ] GC(17) y:                Mark Start          Mark End        Relocate Start      Relocate End           High               Low         
[2026-04-03T03:36:44.591+0600][22.004s][info][gc,heap     ] GC(17) y:  Capacity:     1740M (87%)        2000M (100%)       2000M (100%)       2000M (100%)       2000M (100%)       1740M (87%)    
[2026-04-03T03:36:44.591+0600][22.004s][info][gc,heap     ] GC(17) y:      Free:      354M (18%)           0M (0%)          570M (28%)        1294M (65%)        1294M (65%)           0M (0%)     
[2026-04-03T03:36:44.591+0600][22.004s][info][gc,heap     ] GC(17) y:      Used:     1646M (82%)        2000M (100%)       1430M (72%)         706M (35%)        2000M (100%)        706M (35%)    
[2026-04-03T03:36:44.591+0600][22.004s][info][gc,heap     ] GC(17) y: Young Generation Statistics:
[2026-04-03T03:36:44.591+0600][22.004s][info][gc,heap     ] GC(17) y:                Mark Start          Mark End        Relocate Start      Relocate End    
[2026-04-03T03:36:44.591+0600][22.004s][info][gc,heap     ] GC(17) y:      Used:     1562M (78%)        1916M (96%)        1346M (67%)         620M (31%)    
[2026-04-03T03:36:44.591+0600][22.004s][info][gc,heap     ] GC(17) y:      Live:         -               146M (7%)          146M (7%)          146M (7%)     
[2026-04-03T03:36:44.591+0600][22.004s][info][gc,heap     ] GC(17) y:   Garbage:         -              1415M (71%)         807M (40%)          31M (2%)     
[2026-04-03T03:36:44.591+0600][22.004s][info][gc,heap     ] GC(17) y: Allocated:         -               354M (18%)         392M (20%)         442M (22%)    
[2026-04-03T03:36:44.591+0600][22.004s][info][gc,heap     ] GC(17) y: Reclaimed:         -                  -               608M (30%)        1384M (69%)    
[2026-04-03T03:36:44.591+0600][22.004s][info][gc,heap     ] GC(17) y:  Promoted:         -                  -                 0M (0%)            0M (0%)     
[2026-04-03T03:36:44.591+0600][22.004s][info][gc,heap     ] GC(17) y: Compacted:         -                  -                  -               113M (6%)     
[2026-04-03T03:36:44.591+0600][22.004s][info][gc,phases   ] GC(17) y: Young Generation 1646M(82%)->706M(35%) 0.927s
[2026-04-03T03:36:44.591+0600][22.004s][info][gc          ] GC(17) Minor Collection (Allocation Rate) 1646M(82%)->706M(35%) 0.928s
[2026-04-03T03:36:44.591+0600][22.004s][info][gc          ] GC(18) Major Collection (Allocation Rate)
[2026-04-03T03:36:44.591+0600][22.005s][info][gc,task     ] GC(18) Using 3 Workers for Young Generation
[2026-04-03T03:36:44.591+0600][22.005s][info][gc,task     ] GC(18) Using 1 Workers for Old Generation
[2026-04-03T03:36:44.591+0600][22.005s][info][gc,phases   ] GC(18) Y: Young Generation
[2026-04-03T03:36:44.592+0600][22.005s][info][gc,phases   ] GC(18) Y: Pause Mark Start (Major) 0.096ms
[2026-04-03T03:36:45.426+0600][22.840s][info][gc,phases   ] GC(18) Y: Concurrent Mark 834.461ms
[2026-04-03T03:36:45.427+0600][22.840s][info][gc,phases   ] GC(18) Y: Pause Mark End 0.073ms
[2026-04-03T03:36:45.427+0600][22.841s][info][gc,phases   ] GC(18) Y: Concurrent Mark Free 0.003ms
[2026-04-03T03:36:45.427+0600][22.841s][info][gc,phases   ] GC(18) Y: Concurrent Reset Relocation Set 0.065ms
[2026-04-03T03:36:45.430+0600][22.843s][info][gc,reloc    ] GC(18) Y: Using tenuring threshold: 2 (Computed)
[2026-04-03T03:36:45.439+0600][22.853s][info][gc,phases   ] GC(18) Y: Concurrent Select Relocation Set 11.726ms
[2026-04-03T03:36:45.440+0600][22.853s][info][gc,phases   ] GC(18) Y: Pause Relocate Start 0.031ms
[2026-04-03T03:36:45.571+0600][22.985s][info][gc,phases   ] GC(18) Y: Concurrent Relocate 131.309ms
[2026-04-03T03:36:45.571+0600][22.985s][info][gc,alloc    ] GC(18) Y:                         Mark Start        Mark End      Relocate Start    Relocate End   
[2026-04-03T03:36:45.571+0600][22.985s][info][gc,alloc    ] GC(18) Y: Allocation Stalls:          0                0                0                0         
[2026-04-03T03:36:45.572+0600][22.985s][info][gc,load     ] GC(18) Y: Load: 4.00 (33%) / 4.27 (36%) / 4.69 (39%)
[2026-04-03T03:36:45.572+0600][22.985s][info][gc,mmu      ] GC(18) Y: MMU: 2ms/95.2%, 5ms/98.1%, 10ms/98.7%, 20ms/99.3%, 50ms/99.6%, 100ms/99.7%
[2026-04-03T03:36:45.572+0600][22.985s][info][gc,marking  ] GC(18) Y: Mark: 2 stripe(s), 2 proactive flush(es), 1 terminate flush(es), 0 completion(s), 0 continuation(s) 
[2026-04-03T03:36:45.572+0600][22.985s][info][gc,marking  ] GC(18) Y: Mark Stack Usage: 32M
[2026-04-03T03:36:45.572+0600][22.985s][info][gc,nmethod  ] GC(18) Y: NMethods: 5593 registered, 0 unregistered
[2026-04-03T03:36:45.572+0600][22.985s][info][gc,metaspace] GC(18) Y: Metaspace: 67M used, 68M committed, 1088M reserved
[2026-04-03T03:36:45.572+0600][22.985s][info][gc,reloc    ] GC(18) Y:                        Candidates     Selected     In-Place         Size        Empty    Relocated 
[2026-04-03T03:36:45.572+0600][22.985s][info][gc,reloc    ] GC(18) Y: Small Pages:                  239          119            0         478M           0M          46M 
[2026-04-03T03:36:45.572+0600][22.985s][info][gc,reloc    ] GC(18) Y: Medium Pages:                   2            0            0          64M          32M           0M 
[2026-04-03T03:36:45.572+0600][22.985s][info][gc,reloc    ] GC(18) Y: Large Pages:                    9            0            0          78M          48M           0M 
[2026-04-03T03:36:45.572+0600][22.985s][info][gc,reloc    ] GC(18) Y: Forwarding Usage: 56M
[2026-04-03T03:36:45.572+0600][22.985s][info][gc,reloc    ] GC(18) Y: Age Table:
[2026-04-03T03:36:45.572+0600][22.985s][info][gc,reloc    ] GC(18) Y:                    Live             Garbage             Small              Medium             Large        
[2026-04-03T03:36:45.572+0600][22.985s][info][gc,reloc    ] GC(18) Y: Eden             138M (7%)          289M (14%)        174 / 112            1 / 0              6 / 0        
[2026-04-03T03:36:45.572+0600][22.985s][info][gc,reloc    ] GC(18) Y: Survivor 1       114M (6%)           73M (4%)          63 / 5              1 / 0              3 / 0        
[2026-04-03T03:36:45.572+0600][22.985s][info][gc,reloc    ] GC(18) Y: Survivor 2         0M (0%)            1M (0%)           1 / 1              0 / 0              0 / 0        
[2026-04-03T03:36:45.572+0600][22.985s][info][gc,reloc    ] GC(18) Y: Survivor 3         0M (0%)            1M (0%)           1 / 1              0 / 0              0 / 0        
[2026-04-03T03:36:45.572+0600][22.985s][info][gc,heap     ] GC(18) Y: Min Capacity: 8M(0%)
[2026-04-03T03:36:45.572+0600][22.985s][info][gc,heap     ] GC(18) Y: Max Capacity: 2000M(100%)
[2026-04-03T03:36:45.572+0600][22.985s][info][gc,heap     ] GC(18) Y: Soft Max Capacity: 2000M(100%)
[2026-04-03T03:36:45.572+0600][22.985s][info][gc,heap     ] GC(18) Y: Heap Statistics:
[2026-04-03T03:36:45.572+0600][22.985s][info][gc,heap     ] GC(18) Y:                Mark Start          Mark End        Relocate Start      Relocate End           High               Low         
[2026-04-03T03:36:45.572+0600][22.985s][info][gc,heap     ] GC(18) Y:  Capacity:     2000M (100%)       2000M (100%)       2000M (100%)       2000M (100%)       2000M (100%)       2000M (100%)   
[2026-04-03T03:36:45.572+0600][22.985s][info][gc,heap     ] GC(18) Y:      Free:     1294M (65%)         968M (48%)        1042M (52%)        1194M (60%)        1294M (65%)         968M (48%)    
[2026-04-03T03:36:45.572+0600][22.985s][info][gc,heap     ] GC(18) Y:      Used:      706M (35%)        1032M (52%)         958M (48%)         806M (40%)        1032M (52%)         706M (35%)    
[2026-04-03T03:36:45.572+0600][22.985s][info][gc,heap     ] GC(18) Y: Young Generation Statistics:
[2026-04-03T03:36:45.572+0600][22.985s][info][gc,heap     ] GC(18) Y:                Mark Start          Mark End        Relocate Start      Relocate End    
[2026-04-03T03:36:45.572+0600][22.985s][info][gc,heap     ] GC(18) Y:      Used:      620M (31%)         946M (47%)         872M (44%)         716M (36%)    
[2026-04-03T03:36:45.572+0600][22.985s][info][gc,heap     ] GC(18) Y:      Live:         -               252M (13%)         252M (13%)         252M (13%)    
[2026-04-03T03:36:45.572+0600][22.985s][info][gc,heap     ] GC(18) Y:   Garbage:         -               367M (18%)         287M (14%)          28M (1%)     
[2026-04-03T03:36:45.572+0600][22.985s][info][gc,heap     ] GC(18) Y: Allocated:         -               326M (16%)         332M (17%)         435M (22%)    
[2026-04-03T03:36:45.572+0600][22.985s][info][gc,heap     ] GC(18) Y: Reclaimed:         -                  -                80M (4%)          339M (17%)    
[2026-04-03T03:36:45.572+0600][22.985s][info][gc,heap     ] GC(18) Y:  Promoted:         -                  -                 0M (0%)            0M (0%)     
[2026-04-03T03:36:45.572+0600][22.985s][info][gc,heap     ] GC(18) Y: Compacted:         -                  -                  -               104M (5%)     
[2026-04-03T03:36:45.572+0600][22.985s][info][gc,phases   ] GC(18) Y: Young Generation 706M(35%)->806M(40%) 0.980s
[2026-04-03T03:36:45.572+0600][22.985s][info][gc,phases   ] GC(18) O: Old Generation
[2026-04-03T03:36:45.573+0600][22.986s][info][gc,task     ] Adjusting Workers for Old Generation: 1 -> 2
[2026-04-03T03:36:45.573+0600][22.986s][info][gc          ] GC(19) Minor Collection (Allocation Rate)
[2026-04-03T03:36:45.573+0600][22.986s][info][gc,task     ] GC(19) Using 1 Workers for Young Generation
[2026-04-03T03:36:45.573+0600][22.986s][info][gc,phases   ] GC(19) y: Young Generation
[2026-04-03T03:36:45.575+0600][22.988s][info][gc,phases   ] GC(19) y: Pause Mark Start 0.032ms
[2026-04-03T03:36:45.644+0600][23.057s][info][gc,phases   ] GC(18) O: Concurrent Mark 71.634ms
[2026-04-03T03:36:45.644+0600][23.057s][info][gc,phases   ] GC(18) O: Pause Mark End 0.045ms
[2026-04-03T03:36:45.644+0600][23.058s][info][gc,phases   ] GC(18) O: Concurrent Mark Free 0.001ms
[2026-04-03T03:36:45.679+0600][23.093s][info][gc,phases   ] GC(18) O: Concurrent Process Non-Strong 35.162ms
[2026-04-03T03:36:45.680+0600][23.093s][info][gc,phases   ] GC(18) O: Concurrent Reset Relocation Set 0.004ms
[2026-04-03T03:36:45.686+0600][23.099s][info][gc,phases   ] GC(18) O: Concurrent Select Relocation Set 5.753ms
[2026-04-03T03:36:46.881+0600][24.295s][info][gc,task     ] Adjusting Workers for Old Generation: 2 -> 3
[2026-04-03T03:36:46.881+0600][24.295s][info][gc,task     ] Adjusting Workers for Young Generation: 1 -> 3
[2026-04-03T03:36:47.078+0600][24.491s][info][gc,phases   ] GC(19) y: Concurrent Mark 1502.860ms
[2026-04-03T03:36:47.078+0600][24.491s][info][gc,phases   ] GC(19) y: Pause Mark End 0.023ms
[2026-04-03T03:36:47.078+0600][24.491s][info][gc,phases   ] GC(19) y: Concurrent Mark Free 0.001ms
[2026-04-03T03:36:47.078+0600][24.491s][info][gc,phases   ] GC(19) y: Concurrent Reset Relocation Set 0.017ms
[2026-04-03T03:36:47.079+0600][24.493s][info][gc,reloc    ] GC(19) y: Using tenuring threshold: 1 (Computed)
[2026-04-03T03:36:47.079+0600][24.493s][info][gc          ] Allocation Stall (Executor task launch worker for task 1.0 in stage 1.0 (TID 4)) 207.423ms
[2026-04-03T03:36:47.079+0600][24.493s][info][gc          ] Allocation Stall (Executor task launch worker for task 0.0 in stage 1.0 (TID 3)) 206.622ms
[2026-04-03T03:36:47.079+0600][24.493s][info][gc          ] Allocation Stall (Executor task launch worker for task 2.0 in stage 1.0 (TID 5)) 200.678ms
[2026-04-03T03:36:47.169+0600][24.582s][info][gc,phases   ] GC(19) y: Concurrent Select Relocation Set 91.119ms
[2026-04-03T03:36:47.169+0600][24.583s][info][gc,phases   ] GC(19) y: Pause Relocate Start 0.021ms
[2026-04-03T03:36:47.170+0600][24.584s][info][gc          ] Relocation Stall (Executor task launch worker for task 0.0 in stage 1.0 (TID 3)) 0.513ms
[2026-04-03T03:36:47.171+0600][24.584s][info][gc          ] Allocation Stall (Executor task launch worker for task 0.0 in stage 1.0 (TID 3)) 67.098ms
[2026-04-03T03:36:47.171+0600][24.584s][info][gc          ] Relocation Stall (Executor task launch worker for task 1.0 in stage 1.0 (TID 4)) 1.621ms
[2026-04-03T03:36:47.171+0600][24.584s][info][gc          ] Relocation Stall (Executor task launch worker for task 2.0 in stage 1.0 (TID 5)) 1.214ms
[2026-04-03T03:36:47.171+0600][24.585s][info][gc          ] Allocation Stall (Executor task launch worker for task 2.0 in stage 1.0 (TID 5)) 71.989ms
[2026-04-03T03:36:47.469+0600][24.883s][info][gc,phases   ] GC(19) y: Concurrent Relocate 299.832ms
[2026-04-03T03:36:47.470+0600][24.883s][info][gc,alloc    ] GC(19) y:                         Mark Start        Mark End      Relocate Start    Relocate End   
[2026-04-03T03:36:47.470+0600][24.883s][info][gc,alloc    ] GC(19) y: Allocation Stalls:          0                3                2                0         
[2026-04-03T03:36:47.470+0600][24.883s][info][gc,load     ] GC(19) y: Load: 4.16 (35%) / 4.30 (36%) / 4.70 (39%)
[2026-04-03T03:36:47.470+0600][24.883s][info][gc,mmu      ] GC(19) y: MMU: 2ms/95.2%, 5ms/98.1%, 10ms/98.7%, 20ms/99.3%, 50ms/99.6%, 100ms/99.7%
[2026-04-03T03:36:47.470+0600][24.883s][info][gc,marking  ] GC(19) y: Mark: 1 stripe(s), 10 proactive flush(es), 1 terminate flush(es), 0 completion(s), 0 continuation(s) 
[2026-04-03T03:36:47.470+0600][24.883s][info][gc,marking  ] GC(19) y: Mark Stack Usage: 32M
[2026-04-03T03:36:47.470+0600][24.883s][info][gc,nmethod  ] GC(19) y: NMethods: 5184 registered, 434 unregistered
[2026-04-03T03:36:47.470+0600][24.883s][info][gc,metaspace] GC(19) y: Metaspace: 67M used, 68M committed, 1088M reserved
[2026-04-03T03:36:47.470+0600][24.883s][info][gc,reloc    ] GC(19) y:                        Candidates     Selected     In-Place         Size        Empty    Relocated 
[2026-04-03T03:36:47.470+0600][24.883s][info][gc,reloc    ] GC(19) y: Small Pages:                  305          175            4         610M           0M          32M 
[2026-04-03T03:36:47.470+0600][24.883s][info][gc,reloc    ] GC(19) y: Medium Pages:                   2            0            0          64M          32M           0M 
[2026-04-03T03:36:47.470+0600][24.883s][info][gc,reloc    ] GC(19) y: Large Pages:                    6            0            0          48M           0M           0M 
[2026-04-03T03:36:47.470+0600][24.883s][info][gc,reloc    ] GC(19) y: Forwarding Usage: 36M
[2026-04-03T03:36:47.470+0600][24.883s][info][gc,reloc    ] GC(19) y: Age Table:
[2026-04-03T03:36:47.470+0600][24.883s][info][gc,reloc    ] GC(19) y:                    Live             Garbage             Small              Medium             Large        
[2026-04-03T03:36:47.470+0600][24.883s][info][gc,reloc    ] GC(19) y: Eden              52M (3%)          373M (19%)        188 / 167            1 / 0              3 / 0        
[2026-04-03T03:36:47.470+0600][24.883s][info][gc,reloc    ] GC(19) y: Survivor 1       138M (7%)           35M (2%)          56 / 5              1 / 0              3 / 0        
[2026-04-03T03:36:47.470+0600][24.883s][info][gc,reloc    ] GC(19) y: Survivor 2       114M (6%)            7M (0%)          61 / 3              0 / 0              0 / 0        
[2026-04-03T03:36:47.470+0600][24.883s][info][gc,heap     ] GC(19) y: Min Capacity: 8M(0%)
[2026-04-03T03:36:47.470+0600][24.883s][info][gc,heap     ] GC(19) y: Max Capacity: 2000M(100%)
[2026-04-03T03:36:47.470+0600][24.883s][info][gc,heap     ] GC(19) y: Soft Max Capacity: 2000M(100%)
[2026-04-03T03:36:47.470+0600][24.883s][info][gc,heap     ] GC(19) y: Heap Statistics:
[2026-04-03T03:36:47.470+0600][24.883s][info][gc,heap     ] GC(19) y:                Mark Start          Mark End        Relocate Start      Relocate End           High               Low         
[2026-04-03T03:36:47.470+0600][24.883s][info][gc,heap     ] GC(19) y:  Capacity:     2000M (100%)       2000M (100%)       2000M (100%)       2000M (100%)       2000M (100%)       2000M (100%)   
[2026-04-03T03:36:47.470+0600][24.883s][info][gc,heap     ] GC(19) y:      Free:     1188M (59%)           0M (0%)            0M (0%)          180M (9%)         1188M (59%)           0M (0%)     
[2026-04-03T03:36:47.470+0600][24.883s][info][gc,heap     ] GC(19) y:      Used:      812M (41%)        2000M (100%)       2000M (100%)       1820M (91%)        2000M (100%)        812M (41%)    
[2026-04-03T03:36:47.470+0600][24.883s][info][gc,heap     ] GC(19) y: Young Generation Statistics:
[2026-04-03T03:36:47.470+0600][24.883s][info][gc,heap     ] GC(19) y:                Mark Start          Mark End        Relocate Start      Relocate End    
[2026-04-03T03:36:47.470+0600][24.883s][info][gc,heap     ] GC(19) y:      Used:      722M (36%)        1912M (96%)        1636M (82%)        1444M (72%)    
[2026-04-03T03:36:47.470+0600][24.883s][info][gc,heap     ] GC(19) y:      Live:         -               304M (15%)          58M (3%)           52M (3%)     
[2026-04-03T03:36:47.470+0600][24.883s][info][gc,heap     ] GC(19) y:   Garbage:         -               417M (21%)         355M (18%)           0M (0%)     
[2026-04-03T03:36:47.470+0600][24.883s][info][gc,heap     ] GC(19) y: Allocated:         -              1190M (60%)        1222M (61%)        1391M (70%)    
[2026-04-03T03:36:47.470+0600][24.883s][info][gc,heap     ] GC(19) y: Reclaimed:         -                  -                61M (3%)          417M (21%)    
[2026-04-03T03:36:47.470+0600][24.883s][info][gc,heap     ] GC(19) y:  Promoted:         -                  -               246M (12%)         252M (13%)    
[2026-04-03T03:36:47.470+0600][24.883s][info][gc,heap     ] GC(19) y: Compacted:         -                  -                  -                34M (2%)     
[2026-04-03T03:36:47.470+0600][24.883s][info][gc,phases   ] GC(19) y: Young Generation 810M(40%)->1820M(91%) 1.896s
[2026-04-03T03:36:47.470+0600][24.884s][info][gc          ] GC(19) Minor Collection (Allocation Rate) 810M(40%)->1820M(91%) 1.897s
[2026-04-03T03:36:47.470+0600][24.884s][info][gc,task     ] GC(18) O: Using 3 Workers for Old Generation
[2026-04-03T03:36:47.511+0600][24.924s][info][gc,task     ] GC(18) O: Using 2 Workers for Old Generation
[2026-04-03T03:36:47.511+0600][24.925s][info][gc,phases   ] GC(18) O: Concurrent Remap Roots 40.992ms
[2026-04-03T03:36:47.512+0600][24.925s][info][gc,phases   ] GC(18) O: Pause Relocate Start 0.039ms
[2026-04-03T03:36:47.512+0600][24.925s][info][gc          ] GC(20) Minor Collection (Allocation Rate)
[2026-04-03T03:36:47.512+0600][24.925s][info][gc,task     ] GC(20) Using 1 Workers for Young Generation
[2026-04-03T03:36:47.512+0600][24.926s][info][gc,phases   ] GC(20) y: Young Generation
[2026-04-03T03:36:47.512+0600][24.926s][info][gc,phases   ] GC(20) y: Pause Mark Start 0.019ms
[2026-04-03T03:36:47.521+0600][24.935s][info][gc,phases   ] GC(18) O: Concurrent Relocate 9.306ms
[2026-04-03T03:36:47.523+0600][24.936s][info][gc,task     ] Adjusting Workers for Young Generation: 1 -> 3
[2026-04-03T03:36:48.068+0600][25.482s][info][gc,phases   ] GC(20) y: Concurrent Mark 555.756ms
[2026-04-03T03:36:48.069+0600][25.482s][info][gc,phases   ] GC(20) y: Pause Mark End 0.035ms
[2026-04-03T03:36:48.069+0600][25.482s][info][gc,phases   ] GC(20) y: Concurrent Mark Free 0.002ms
[2026-04-03T03:36:48.069+0600][25.482s][info][gc,phases   ] GC(20) y: Concurrent Reset Relocation Set 0.233ms
[2026-04-03T03:36:48.071+0600][25.484s][info][gc,reloc    ] GC(20) y: Using tenuring threshold: 2 (Computed)
[2026-04-03T03:36:48.082+0600][25.495s][info][gc,phases   ] GC(20) y: Concurrent Select Relocation Set 12.422ms
[2026-04-03T03:36:48.082+0600][25.495s][info][gc,phases   ] GC(20) y: Pause Relocate Start 0.022ms
[2026-04-03T03:36:48.082+0600][25.496s][info][gc          ] Allocation Stall (Executor task launch worker for task 2.0 in stage 1.0 (TID 5)) 148.231ms
[2026-04-03T03:36:48.082+0600][25.496s][info][gc          ] Allocation Stall (Executor task launch worker for task 0.0 in stage 1.0 (TID 3)) 149.660ms
[2026-04-03T03:36:48.082+0600][25.496s][info][gc          ] Allocation Stall (Executor task launch worker for task 1.0 in stage 1.0 (TID 4)) 206.640ms
[2026-04-03T03:36:48.207+0600][25.621s][info][gc,phases   ] GC(20) y: Concurrent Relocate 125.273ms
[2026-04-03T03:36:48.207+0600][25.621s][info][gc,alloc    ] GC(20) y:                         Mark Start        Mark End      Relocate Start    Relocate End   
[2026-04-03T03:36:48.207+0600][25.621s][info][gc,alloc    ] GC(20) y: Allocation Stalls:          0                3                3                0         
[2026-04-03T03:36:48.207+0600][25.621s][info][gc,load     ] GC(20) y: Load: 4.16 (35%) / 4.30 (36%) / 4.70 (39%)
[2026-04-03T03:36:48.207+0600][25.621s][info][gc,mmu      ] GC(20) y: MMU: 2ms/95.2%, 5ms/98.1%, 10ms/98.7%, 20ms/99.3%, 50ms/99.6%, 100ms/99.7%
[2026-04-03T03:36:48.207+0600][25.621s][info][gc,marking  ] GC(20) y: Mark: 1 stripe(s), 3 proactive flush(es), 1 terminate flush(es), 0 completion(s), 0 continuation(s) 
[2026-04-03T03:36:48.207+0600][25.621s][info][gc,marking  ] GC(20) y: Mark Stack Usage: 32M
[2026-04-03T03:36:48.208+0600][25.621s][info][gc,nmethod  ] GC(20) y: NMethods: 5229 registered, 434 unregistered
[2026-04-03T03:36:48.208+0600][25.621s][info][gc,metaspace] GC(20) y: Metaspace: 68M used, 68M committed, 1088M reserved
[2026-04-03T03:36:48.208+0600][25.621s][info][gc,reloc    ] GC(20) y:                        Candidates     Selected     In-Place         Size        Empty    Relocated 
[2026-04-03T03:36:48.208+0600][25.621s][info][gc,reloc    ] GC(20) y: Small Pages:                  676          624            0        1352M           0M          58M 
[2026-04-03T03:36:48.208+0600][25.621s][info][gc,reloc    ] GC(20) y: Medium Pages:                   0            0            0           0M           0M           0M 
[2026-04-03T03:36:48.208+0600][25.621s][info][gc,reloc    ] GC(20) y: Large Pages:                    9            0            0         102M          28M           0M 
[2026-04-03T03:36:48.208+0600][25.621s][info][gc,reloc    ] GC(20) y: Forwarding Usage: 58M
[2026-04-03T03:36:48.208+0600][25.621s][info][gc,reloc    ] GC(20) y: Age Table:
[2026-04-03T03:36:48.208+0600][25.621s][info][gc,reloc    ] GC(20) y:                    Live             Garbage             Small              Medium             Large        
[2026-04-03T03:36:48.208+0600][25.621s][info][gc,reloc    ] GC(20) y: Eden             133M (7%)         1260M (63%)        655 / 620            0 / 0              6 / 0        
[2026-04-03T03:36:48.208+0600][25.621s][info][gc,reloc    ] GC(20) y: Survivor 1        28M (1%)           31M (2%)          21 / 4              0 / 0              3 / 0        
[2026-04-03T03:36:48.208+0600][25.621s][info][gc,heap     ] GC(20) y: Min Capacity: 8M(0%)
[2026-04-03T03:36:48.208+0600][25.621s][info][gc,heap     ] GC(20) y: Max Capacity: 2000M(100%)
[2026-04-03T03:36:48.208+0600][25.621s][info][gc,heap     ] GC(20) y: Soft Max Capacity: 2000M(100%)
[2026-04-03T03:36:48.208+0600][25.621s][info][gc,heap     ] GC(20) y: Heap Statistics:
[2026-04-03T03:36:48.208+0600][25.621s][info][gc,heap     ] GC(20) y:                Mark Start          Mark End        Relocate Start      Relocate End           High               Low         
[2026-04-03T03:36:48.208+0600][25.621s][info][gc,heap     ] GC(20) y:  Capacity:     2000M (100%)       2000M (100%)       2000M (100%)       2000M (100%)       2000M (100%)       2000M (100%)   
[2026-04-03T03:36:48.208+0600][25.621s][info][gc,heap     ] GC(20) y:      Free:      168M (8%)            0M (0%)           28M (1%)         1196M (60%)        1196M (60%)           0M (0%)     
[2026-04-03T03:36:48.208+0600][25.621s][info][gc,heap     ] GC(20) y:      Used:     1832M (92%)        2000M (100%)       1972M (99%)         804M (40%)        2000M (100%)        804M (40%)    
[2026-04-03T03:36:48.208+0600][25.621s][info][gc,heap     ] GC(20) y: Young Generation Statistics:
[2026-04-03T03:36:48.208+0600][25.621s][info][gc,heap     ] GC(20) y:                Mark Start          Mark End        Relocate Start      Relocate End    
[2026-04-03T03:36:48.208+0600][25.621s][info][gc,heap     ] GC(20) y:      Used:     1454M (73%)        1632M (82%)        1604M (80%)         436M (22%)    
[2026-04-03T03:36:48.208+0600][25.621s][info][gc,heap     ] GC(20) y:      Live:         -               162M (8%)          162M (8%)          162M (8%)     
[2026-04-03T03:36:48.208+0600][25.621s][info][gc,heap     ] GC(20) y:   Garbage:         -              1291M (65%)        1263M (63%)           5M (0%)     
[2026-04-03T03:36:48.208+0600][25.621s][info][gc,heap     ] GC(20) y: Allocated:         -               178M (9%)          178M (9%)          267M (13%)    
[2026-04-03T03:36:48.208+0600][25.621s][info][gc,heap     ] GC(20) y: Reclaimed:         -                  -                28M (1%)         1285M (64%)    
[2026-04-03T03:36:48.208+0600][25.621s][info][gc,heap     ] GC(20) y:  Promoted:         -                  -                 0M (0%)            0M (0%)     
[2026-04-03T03:36:48.208+0600][25.621s][info][gc,heap     ] GC(20) y: Compacted:         -                  -                  -                62M (3%)     
[2026-04-03T03:36:48.208+0600][25.621s][info][gc,phases   ] GC(20) y: Young Generation 1832M(92%)->804M(40%) 0.695s
[2026-04-03T03:36:48.208+0600][25.621s][info][gc          ] GC(20) Minor Collection (Allocation Rate) 1832M(92%)->804M(40%) 0.696s
[2026-04-03T03:36:48.208+0600][25.622s][info][gc,alloc    ] GC(18) O:                         Mark Start        Mark End      Relocate Start    Relocate End   
[2026-04-03T03:36:48.208+0600][25.622s][info][gc,alloc    ] GC(18) O: Allocation Stalls:          0                0                0                0         
[2026-04-03T03:36:48.208+0600][25.622s][info][gc,load     ] GC(18) O: Load: 4.16 (35%) / 4.30 (36%) / 4.70 (39%)
[2026-04-03T03:36:48.208+0600][25.622s][info][gc,mmu      ] GC(18) O: MMU: 2ms/95.2%, 5ms/98.1%, 10ms/98.7%, 20ms/99.3%, 50ms/99.6%, 100ms/99.7%
[2026-04-03T03:36:48.208+0600][25.622s][info][gc,marking  ] GC(18) O: Mark: 1 stripe(s), 2 proactive flush(es), 1 terminate flush(es), 0 completion(s), 0 continuation(s) 
[2026-04-03T03:36:48.208+0600][25.622s][info][gc,marking  ] GC(18) O: Mark Stack Usage: 32M
[2026-04-03T03:36:48.208+0600][25.622s][info][gc,nmethod  ] GC(18) O: NMethods: 5229 registered, 434 unregistered
[2026-04-03T03:36:48.208+0600][25.622s][info][gc,metaspace] GC(18) O: Metaspace: 68M used, 68M committed, 1088M reserved
[2026-04-03T03:36:48.208+0600][25.622s][info][gc,ref      ] GC(18) O:                       Encountered   Discovered     Enqueued 
[2026-04-03T03:36:48.208+0600][25.622s][info][gc,ref      ] GC(18) O: Soft References:             4927            0            0 
[2026-04-03T03:36:48.208+0600][25.622s][info][gc,ref      ] GC(18) O: Weak References:             7231         3703          754 
[2026-04-03T03:36:48.208+0600][25.622s][info][gc,ref      ] GC(18) O: Final References:              82            0            0 
[2026-04-03T03:36:48.208+0600][25.622s][info][gc,ref      ] GC(18) O: Phantom References:           595          561            1 
[2026-04-03T03:36:48.209+0600][25.622s][info][gc,reloc    ] GC(18) O:                        Candidates     Selected     In-Place         Size        Empty    Relocated 
[2026-04-03T03:36:48.209+0600][25.622s][info][gc,reloc    ] GC(18) O: Small Pages:                   27            9            0          54M           2M           3M 
[2026-04-03T03:36:48.209+0600][25.622s][info][gc,reloc    ] GC(18) O: Medium Pages:                   1            0            0          32M           0M           0M 
[2026-04-03T03:36:48.209+0600][25.622s][info][gc,reloc    ] GC(18) O: Large Pages:                    0            0            0           0M           0M           0M 
[2026-04-03T03:36:48.209+0600][25.622s][info][gc,reloc    ] GC(18) O: Forwarding Usage: 1M
[2026-04-03T03:36:48.209+0600][25.622s][info][gc,heap     ] GC(18) O: Min Capacity: 8M(0%)
[2026-04-03T03:36:48.209+0600][25.622s][info][gc,heap     ] GC(18) O: Max Capacity: 2000M(100%)
[2026-04-03T03:36:48.209+0600][25.622s][info][gc,heap     ] GC(18) O: Soft Max Capacity: 2000M(100%)
[2026-04-03T03:36:48.209+0600][25.622s][info][gc,heap     ] GC(18) O: Heap Statistics:
[2026-04-03T03:36:48.209+0600][25.622s][info][gc,heap     ] GC(18) O:                Mark Start          Mark End        Relocate Start      Relocate End           High               Low         
[2026-04-03T03:36:48.209+0600][25.622s][info][gc,heap     ] GC(18) O:  Capacity:     2000M (100%)       2000M (100%)       2000M (100%)       2000M (100%)       2000M (100%)       2000M (100%)   
[2026-04-03T03:36:48.209+0600][25.622s][info][gc,heap     ] GC(18) O:      Free:     1294M (65%)        1134M (57%)         170M (8%)          176M (9%)         1294M (65%)           0M (0%)     
[2026-04-03T03:36:48.209+0600][25.622s][info][gc,heap     ] GC(18) O:      Used:      706M (35%)         866M (43%)        1830M (92%)        1824M (91%)        2000M (100%)        706M (35%)    
[2026-04-03T03:36:48.209+0600][25.622s][info][gc,heap     ] GC(18) O: Old Generation Statistics:
[2026-04-03T03:36:48.209+0600][25.622s][info][gc,heap     ] GC(18) O:                Mark Start          Mark End        Relocate Start      Relocate End    
[2026-04-03T03:36:48.209+0600][25.622s][info][gc,heap     ] GC(18) O:      Used:       86M (4%)           90M (4%)          376M (19%)         368M (18%)    
[2026-04-03T03:36:48.209+0600][25.622s][info][gc,heap     ] GC(18) O:      Live:         -                36M (2%)           36M (2%)           36M (2%)     
[2026-04-03T03:36:48.209+0600][25.622s][info][gc,heap     ] GC(18) O:   Garbage:         -                49M (2%)           47M (2%)           28M (1%)     
[2026-04-03T03:36:48.209+0600][25.622s][info][gc,heap     ] GC(18) O: Allocated:         -                 4M (0%)          292M (15%)         302M (15%)    
[2026-04-03T03:36:48.209+0600][25.622s][info][gc,heap     ] GC(18) O: Reclaimed:         -                  -                 2M (0%)           20M (1%)     
[2026-04-03T03:36:48.209+0600][25.622s][info][gc,heap     ] GC(18) O: Compacted:         -                  -                  -                 5M (0%)     
[2026-04-03T03:36:48.209+0600][25.622s][info][gc,phases   ] GC(18) O: Old Generation 808M(40%)->1824M(91%) 2.636s
[2026-04-03T03:36:48.209+0600][25.622s][info][gc          ] GC(18) Major Collection (Allocation Rate) 706M(35%)->804M(40%) 3.618s
[2026-04-03T03:36:48.218+0600][25.632s][info][gc          ] GC(21) Minor Collection (Allocation Rate)
[2026-04-03T03:36:48.218+0600][25.632s][info][gc,task     ] GC(21) Using 3 Workers for Young Generation
[2026-04-03T03:36:48.218+0600][25.632s][info][gc,phases   ] GC(21) y: Young Generation
[2026-04-03T03:36:48.219+0600][25.632s][info][gc,phases   ] GC(21) y: Pause Mark Start 0.033ms
[2026-04-03T03:36:48.880+0600][26.294s][info][gc,phases   ] GC(21) y: Concurrent Mark 661.543ms
[2026-04-03T03:36:48.881+0600][26.294s][info][gc,phases   ] GC(21) y: Pause Mark End 0.042ms
[2026-04-03T03:36:48.881+0600][26.295s][info][gc,phases   ] GC(21) y: Concurrent Mark Free 0.004ms
[2026-04-03T03:36:48.882+0600][26.295s][info][gc,phases   ] GC(21) y: Concurrent Reset Relocation Set 0.137ms
[2026-04-03T03:36:48.884+0600][26.297s][info][gc,reloc    ] GC(21) y: Using tenuring threshold: 1 (Computed)
[2026-04-03T03:36:48.966+0600][26.380s][info][gc,phases   ] GC(21) y: Concurrent Select Relocation Set 84.890ms
[2026-04-03T03:36:48.967+0600][26.380s][info][gc,phases   ] GC(21) y: Pause Relocate Start 0.030ms
[2026-04-03T03:36:49.207+0600][26.621s][info][gc,phases   ] GC(21) y: Concurrent Relocate 240.200ms
[2026-04-03T03:36:49.208+0600][26.621s][info][gc,alloc    ] GC(21) y:                         Mark Start        Mark End      Relocate Start    Relocate End   
[2026-04-03T03:36:49.208+0600][26.621s][info][gc,alloc    ] GC(21) y: Allocation Stalls:          0                0                0                0         
[2026-04-03T03:36:49.208+0600][26.621s][info][gc,load     ] GC(21) y: Load: 4.16 (35%) / 4.30 (36%) / 4.70 (39%)
[2026-04-03T03:36:49.208+0600][26.621s][info][gc,mmu      ] GC(21) y: MMU: 2ms/95.2%, 5ms/98.1%, 10ms/98.7%, 20ms/99.3%, 50ms/99.6%, 100ms/99.7%
[2026-04-03T03:36:49.208+0600][26.621s][info][gc,marking  ] GC(21) y: Mark: 2 stripe(s), 2 proactive flush(es), 1 terminate flush(es), 0 completion(s), 0 continuation(s) 
[2026-04-03T03:36:49.208+0600][26.621s][info][gc,marking  ] GC(21) y: Mark Stack Usage: 32M
[2026-04-03T03:36:49.208+0600][26.621s][info][gc,nmethod  ] GC(21) y: NMethods: 5276 registered, 434 unregistered
[2026-04-03T03:36:49.208+0600][26.621s][info][gc,metaspace] GC(21) y: Metaspace: 68M used, 69M committed, 1088M reserved
[2026-04-03T03:36:49.208+0600][26.621s][info][gc,reloc    ] GC(21) y:                        Candidates     Selected     In-Place         Size        Empty    Relocated 
[2026-04-03T03:36:49.208+0600][26.621s][info][gc,reloc    ] GC(21) y: Small Pages:                  167          113            0         334M           0M          13M 
[2026-04-03T03:36:49.208+0600][26.621s][info][gc,reloc    ] GC(21) y: Medium Pages:                   1            0            0          32M           0M           0M 
[2026-04-03T03:36:49.208+0600][26.621s][info][gc,reloc    ] GC(21) y: Large Pages:                    5            0            0          74M          20M           0M 
[2026-04-03T03:36:49.208+0600][26.621s][info][gc,reloc    ] GC(21) y: Forwarding Usage: 16M
[2026-04-03T03:36:49.208+0600][26.621s][info][gc,reloc    ] GC(21) y: Age Table:
[2026-04-03T03:36:49.208+0600][26.621s][info][gc,reloc    ] GC(21) y:                    Live             Garbage             Small              Medium             Large        
[2026-04-03T03:36:49.208+0600][26.621s][info][gc,reloc    ] GC(21) y: Eden              11M (1%)          246M (12%)        113 / 106            1 / 0              0 / 0        
[2026-04-03T03:36:49.208+0600][26.621s][info][gc,reloc    ] GC(21) y: Survivor 1       108M (5%)           31M (2%)          33 / 3              0 / 0              5 / 0        
[2026-04-03T03:36:49.208+0600][26.621s][info][gc,reloc    ] GC(21) y: Survivor 2        28M (1%)           13M (1%)          21 / 4              0 / 0              0 / 0        
[2026-04-03T03:36:49.208+0600][26.621s][info][gc,heap     ] GC(21) y: Min Capacity: 8M(0%)
[2026-04-03T03:36:49.208+0600][26.621s][info][gc,heap     ] GC(21) y: Max Capacity: 2000M(100%)
[2026-04-03T03:36:49.208+0600][26.621s][info][gc,heap     ] GC(21) y: Soft Max Capacity: 2000M(100%)
[2026-04-03T03:36:49.208+0600][26.621s][info][gc,heap     ] GC(21) y: Heap Statistics:
[2026-04-03T03:36:49.208+0600][26.621s][info][gc,heap     ] GC(21) y:                Mark Start          Mark End        Relocate Start      Relocate End           High               Low         
[2026-04-03T03:36:49.208+0600][26.621s][info][gc,heap     ] GC(21) y:  Capacity:     2000M (100%)       2000M (100%)       2000M (100%)       2000M (100%)       2000M (100%)       2000M (100%)   
[2026-04-03T03:36:49.208+0600][26.621s][info][gc,heap     ] GC(21) y:      Free:     1192M (60%)        1096M (55%)        1116M (56%)        1328M (66%)        1332M (67%)        1096M (55%)    
[2026-04-03T03:36:49.208+0600][26.621s][info][gc,heap     ] GC(21) y:      Used:      808M (40%)         904M (45%)         884M (44%)         672M (34%)         904M (45%)         668M (33%)    
[2026-04-03T03:36:49.208+0600][26.621s][info][gc,heap     ] GC(21) y: Young Generation Statistics:
[2026-04-03T03:36:49.208+0600][26.621s][info][gc,heap     ] GC(21) y:                Mark Start          Mark End        Relocate Start      Relocate End    
[2026-04-03T03:36:49.208+0600][26.621s][info][gc,heap     ] GC(21) y:      Used:      440M (22%)         536M (27%)         374M (19%)         150M (8%)     
[2026-04-03T03:36:49.208+0600][26.621s][info][gc,heap     ] GC(21) y:      Live:         -               149M (7%)           17M (1%)           11M (1%)     
[2026-04-03T03:36:49.208+0600][26.621s][info][gc,heap     ] GC(21) y:   Garbage:         -               290M (15%)         260M (13%)          31M (2%)     
[2026-04-03T03:36:49.208+0600][26.621s][info][gc,heap     ] GC(21) y: Allocated:         -                96M (5%)           96M (5%)          107M (5%)     
[2026-04-03T03:36:49.208+0600][26.621s][info][gc,heap     ] GC(21) y: Reclaimed:         -                  -                30M (2%)          259M (13%)    
[2026-04-03T03:36:49.208+0600][26.622s][info][gc,heap     ] GC(21) y:  Promoted:         -                  -               131M (7%)          137M (7%)     
[2026-04-03T03:36:49.208+0600][26.622s][info][gc,heap     ] GC(21) y: Compacted:         -                  -                  -                10M (1%)     
[2026-04-03T03:36:49.208+0600][26.622s][info][gc,phases   ] GC(21) y: Young Generation 808M(40%)->672M(34%) 0.989s
[2026-04-03T03:36:49.208+0600][26.622s][info][gc          ] GC(21) Minor Collection (Allocation Rate) 808M(40%)->672M(34%) 0.990s
[2026-04-03T03:36:49.208+0600][26.622s][info][gc          ] GC(22) Major Collection (Allocation Rate)
[2026-04-03T03:36:49.208+0600][26.622s][info][gc,task     ] GC(22) Using 3 Workers for Young Generation
[2026-04-03T03:36:49.208+0600][26.622s][info][gc,task     ] GC(22) Using 1 Workers for Old Generation
[2026-04-03T03:36:49.208+0600][26.622s][info][gc,phases   ] GC(22) Y: Young Generation
[2026-04-03T03:36:49.209+0600][26.622s][info][gc,phases   ] GC(22) Y: Pause Mark Start (Major) 0.089ms
[2026-04-03T03:36:49.365+0600][26.778s][info][gc,phases   ] GC(22) Y: Concurrent Mark 155.562ms
[2026-04-03T03:36:49.365+0600][26.778s][info][gc,phases   ] GC(22) Y: Pause Mark End 0.034ms
[2026-04-03T03:36:49.365+0600][26.779s][info][gc,phases   ] GC(22) Y: Concurrent Mark Free 0.005ms
[2026-04-03T03:36:49.365+0600][26.779s][info][gc,phases   ] GC(22) Y: Concurrent Reset Relocation Set 0.127ms
[2026-04-03T03:36:49.370+0600][26.784s][info][gc,reloc    ] GC(22) Y: Using tenuring threshold: 2 (Computed)
[2026-04-03T03:36:49.373+0600][26.787s][info][gc,phases   ] GC(22) Y: Concurrent Select Relocation Set 7.690ms
[2026-04-03T03:36:49.374+0600][26.787s][info][gc,phases   ] GC(22) Y: Pause Relocate Start 0.030ms
[2026-04-03T03:36:49.386+0600][26.799s][info][gc,phases   ] GC(22) Y: Concurrent Relocate 12.320ms
[2026-04-03T03:36:49.386+0600][26.799s][info][gc,alloc    ] GC(22) Y:                         Mark Start        Mark End      Relocate Start    Relocate End   
[2026-04-03T03:36:49.386+0600][26.799s][info][gc,alloc    ] GC(22) Y: Allocation Stalls:          0                0                0                0         
[2026-04-03T03:36:49.386+0600][26.799s][info][gc,load     ] GC(22) Y: Load: 4.16 (35%) / 4.30 (36%) / 4.70 (39%)
[2026-04-03T03:36:49.386+0600][26.800s][info][gc,mmu      ] GC(22) Y: MMU: 2ms/95.2%, 5ms/98.1%, 10ms/98.7%, 20ms/99.3%, 50ms/99.6%, 100ms/99.7%
[2026-04-03T03:36:49.386+0600][26.800s][info][gc,marking  ] GC(22) Y: Mark: 2 stripe(s), 2 proactive flush(es), 1 terminate flush(es), 0 completion(s), 0 continuation(s) 
[2026-04-03T03:36:49.386+0600][26.800s][info][gc,marking  ] GC(22) Y: Mark Stack Usage: 32M
[2026-04-03T03:36:49.386+0600][26.800s][info][gc,nmethod  ] GC(22) Y: NMethods: 5304 registered, 0 unregistered
[2026-04-03T03:36:49.386+0600][26.800s][info][gc,metaspace] GC(22) Y: Metaspace: 68M used, 69M committed, 1088M reserved
[2026-04-03T03:36:49.386+0600][26.800s][info][gc,reloc    ] GC(22) Y:                        Candidates     Selected     In-Place         Size        Empty    Relocated 
[2026-04-03T03:36:49.386+0600][26.800s][info][gc,reloc    ] GC(22) Y: Small Pages:                   43           35            0          86M           0M           4M 
[2026-04-03T03:36:49.386+0600][26.800s][info][gc,reloc    ] GC(22) Y: Medium Pages:                   2            0            0          64M          32M           0M 
[2026-04-03T03:36:49.386+0600][26.800s][info][gc,reloc    ] GC(22) Y: Large Pages:                    0            0            0           0M           0M           0M 
[2026-04-03T03:36:49.386+0600][26.800s][info][gc,reloc    ] GC(22) Y: Forwarding Usage: 4M
[2026-04-03T03:36:49.386+0600][26.800s][info][gc,reloc    ] GC(22) Y: Age Table:
[2026-04-03T03:36:49.386+0600][26.800s][info][gc,reloc    ] GC(22) Y:                    Live             Garbage             Small              Medium             Large        
[2026-04-03T03:36:49.386+0600][26.800s][info][gc,reloc    ] GC(22) Y: Eden               7M (0%)           92M (5%)          34 / 31             1 / 0              0 / 0        
[2026-04-03T03:36:49.386+0600][26.800s][info][gc,reloc    ] GC(22) Y: Survivor 1         9M (0%)           40M (2%)           9 / 4              1 / 0              0 / 0        
[2026-04-03T03:36:49.386+0600][26.800s][info][gc,heap     ] GC(22) Y: Min Capacity: 8M(0%)
[2026-04-03T03:36:49.386+0600][26.800s][info][gc,heap     ] GC(22) Y: Max Capacity: 2000M(100%)
[2026-04-03T03:36:49.386+0600][26.800s][info][gc,heap     ] GC(22) Y: Soft Max Capacity: 2000M(100%)
[2026-04-03T03:36:49.386+0600][26.800s][info][gc,heap     ] GC(22) Y: Heap Statistics:
[2026-04-03T03:36:49.386+0600][26.800s][info][gc,heap     ] GC(22) Y:                Mark Start          Mark End        Relocate Start      Relocate End           High               Low         
[2026-04-03T03:36:49.386+0600][26.800s][info][gc,heap     ] GC(22) Y:  Capacity:     2000M (100%)       2000M (100%)       2000M (100%)       2000M (100%)       2000M (100%)       2000M (100%)   
[2026-04-03T03:36:49.386+0600][26.800s][info][gc,heap     ] GC(22) Y:      Free:     1328M (66%)        1320M (66%)        1350M (68%)        1404M (70%)        1404M (70%)        1318M (66%)    
[2026-04-03T03:36:49.386+0600][26.800s][info][gc,heap     ] GC(22) Y:      Used:      672M (34%)         680M (34%)         650M (32%)         596M (30%)         682M (34%)         596M (30%)    
[2026-04-03T03:36:49.386+0600][26.800s][info][gc,heap     ] GC(22) Y: Young Generation Statistics:
[2026-04-03T03:36:49.386+0600][26.800s][info][gc,heap     ] GC(22) Y:                Mark Start          Mark End        Relocate Start      Relocate End    
[2026-04-03T03:36:49.386+0600][26.800s][info][gc,heap     ] GC(22) Y:      Used:      150M (8%)          158M (8%)          128M (6%)           74M (4%)     
[2026-04-03T03:36:49.386+0600][26.800s][info][gc,heap     ] GC(22) Y:      Live:         -                17M (1%)           17M (1%)           17M (1%)     
[2026-04-03T03:36:49.386+0600][26.800s][info][gc,heap     ] GC(22) Y:   Garbage:         -               132M (7%)          100M (5%)           29M (1%)     
[2026-04-03T03:36:49.386+0600][26.800s][info][gc,heap     ] GC(22) Y: Allocated:         -                 8M (0%)           10M (0%)           27M (1%)     
[2026-04-03T03:36:49.386+0600][26.800s][info][gc,heap     ] GC(22) Y: Reclaimed:         -                  -                32M (2%)          103M (5%)     
[2026-04-03T03:36:49.387+0600][26.800s][info][gc,heap     ] GC(22) Y:  Promoted:         -                  -                 0M (0%)            0M (0%)     
[2026-04-03T03:36:49.387+0600][26.800s][info][gc,heap     ] GC(22) Y: Compacted:         -                  -                  -                 4M (0%)     
[2026-04-03T03:36:49.387+0600][26.800s][info][gc,phases   ] GC(22) Y: Young Generation 672M(34%)->596M(30%) 0.178s
[2026-04-03T03:36:49.387+0600][26.800s][info][gc,phases   ] GC(22) O: Old Generation
[2026-04-03T03:36:49.526+0600][26.939s][info][gc          ] GC(23) Minor Collection (Allocation Rate)
[2026-04-03T03:36:49.526+0600][26.939s][info][gc,task     ] GC(23) Using 2 Workers for Young Generation
[2026-04-03T03:36:49.526+0600][26.939s][info][gc,phases   ] GC(23) y: Young Generation
[2026-04-03T03:36:49.526+0600][26.940s][info][gc,phases   ] GC(23) y: Pause Mark Start 0.036ms
[2026-04-03T03:36:49.664+0600][27.077s][info][gc,phases   ] GC(23) y: Concurrent Mark 137.555ms
[2026-04-03T03:36:49.664+0600][27.078s][info][gc,phases   ] GC(23) y: Pause Mark End 0.035ms
[2026-04-03T03:36:49.665+0600][27.078s][info][gc,phases   ] GC(23) y: Concurrent Mark Free 0.001ms
[2026-04-03T03:36:49.665+0600][27.078s][info][gc,phases   ] GC(23) y: Concurrent Reset Relocation Set 0.012ms
[2026-04-03T03:36:49.668+0600][27.081s][info][gc,reloc    ] GC(23) y: Using tenuring threshold: 2 (Computed)
[2026-04-03T03:36:49.677+0600][27.090s][info][gc,phases   ] GC(23) y: Concurrent Select Relocation Set 12.406ms
[2026-04-03T03:36:49.678+0600][27.091s][info][gc,phases   ] GC(23) y: Pause Relocate Start 0.031ms
[2026-04-03T03:36:49.710+0600][27.123s][info][gc,phases   ] GC(23) y: Concurrent Relocate 31.749ms
[2026-04-03T03:36:49.710+0600][27.123s][info][gc,alloc    ] GC(23) y:                         Mark Start        Mark End      Relocate Start    Relocate End   
[2026-04-03T03:36:49.710+0600][27.123s][info][gc,alloc    ] GC(23) y: Allocation Stalls:          0                0                0                0         
[2026-04-03T03:36:49.710+0600][27.123s][info][gc,load     ] GC(23) y: Load: 4.16 (35%) / 4.30 (36%) / 4.70 (39%)
[2026-04-03T03:36:49.710+0600][27.123s][info][gc,mmu      ] GC(23) y: MMU: 2ms/95.2%, 5ms/98.1%, 10ms/98.7%, 20ms/99.3%, 50ms/99.6%, 100ms/99.7%
[2026-04-03T03:36:49.710+0600][27.123s][info][gc,marking  ] GC(23) y: Mark: 2 stripe(s), 2 proactive flush(es), 1 terminate flush(es), 0 completion(s), 0 continuation(s) 
[2026-04-03T03:36:49.710+0600][27.123s][info][gc,marking  ] GC(23) y: Mark Stack Usage: 32M
[2026-04-03T03:36:49.710+0600][27.123s][info][gc,nmethod  ] GC(23) y: NMethods: 5329 registered, 0 unregistered
[2026-04-03T03:36:49.710+0600][27.123s][info][gc,metaspace] GC(23) y: Metaspace: 68M used, 69M committed, 1088M reserved
[2026-04-03T03:36:49.710+0600][27.123s][info][gc,reloc    ] GC(23) y:                        Candidates     Selected     In-Place         Size        Empty    Relocated 
[2026-04-03T03:36:49.710+0600][27.123s][info][gc,reloc    ] GC(23) y: Small Pages:                   25           12            0          50M          10M           2M 
[2026-04-03T03:36:49.710+0600][27.123s][info][gc,reloc    ] GC(23) y: Medium Pages:                   2            1            0          64M           0M           4M 
[2026-04-03T03:36:49.710+0600][27.123s][info][gc,reloc    ] GC(23) y: Large Pages:                    0            0            0           0M           0M           0M 
[2026-04-03T03:36:49.710+0600][27.123s][info][gc,reloc    ] GC(23) y: Forwarding Usage: 3M
[2026-04-03T03:36:49.710+0600][27.123s][info][gc,reloc    ] GC(23) y: Age Table:
[2026-04-03T03:36:49.710+0600][27.123s][info][gc,reloc    ] GC(23) y:                    Live             Garbage             Small              Medium             Large        
[2026-04-03T03:36:49.710+0600][27.123s][info][gc,reloc    ] GC(23) y: Eden               1M (0%)           48M (2%)           9 / 3              1 / 0              0 / 0        
[2026-04-03T03:36:49.710+0600][27.123s][info][gc,reloc    ] GC(23) y: Survivor 1         7M (0%)           36M (2%)           6 / 4              1 / 1              0 / 0        
[2026-04-03T03:36:49.710+0600][27.123s][info][gc,reloc    ] GC(23) y: Survivor 2         9M (0%)           10M (1%)          10 / 5              0 / 0              0 / 0        
[2026-04-03T03:36:49.710+0600][27.123s][info][gc,heap     ] GC(23) y: Min Capacity: 8M(0%)
[2026-04-03T03:36:49.710+0600][27.123s][info][gc,heap     ] GC(23) y: Max Capacity: 2000M(100%)
[2026-04-03T03:36:49.710+0600][27.123s][info][gc,heap     ] GC(23) y: Soft Max Capacity: 2000M(100%)
[2026-04-03T03:36:49.710+0600][27.123s][info][gc,heap     ] GC(23) y: Heap Statistics:
[2026-04-03T03:36:49.710+0600][27.123s][info][gc,heap     ] GC(23) y:                Mark Start          Mark End        Relocate Start      Relocate End           High               Low         
[2026-04-03T03:36:49.710+0600][27.123s][info][gc,heap     ] GC(23) y:  Capacity:     2000M (100%)       2000M (100%)       2000M (100%)       2000M (100%)       2000M (100%)       2000M (100%)   
[2026-04-03T03:36:49.710+0600][27.123s][info][gc,heap     ] GC(23) y:      Free:     1364M (68%)        1350M (68%)        1360M (68%)        1370M (68%)        1370M (68%)        1230M (62%)    
[2026-04-03T03:36:49.710+0600][27.123s][info][gc,heap     ] GC(23) y:      Used:      636M (32%)         650M (32%)         640M (32%)         630M (32%)         770M (38%)         630M (32%)    
[2026-04-03T03:36:49.710+0600][27.123s][info][gc,heap     ] GC(23) y: Young Generation Statistics:
[2026-04-03T03:36:49.710+0600][27.123s][info][gc,heap     ] GC(23) y:                Mark Start          Mark End        Relocate Start      Relocate End    
[2026-04-03T03:36:49.710+0600][27.123s][info][gc,heap     ] GC(23) y:      Used:      114M (6%)          128M (6%)          108M (5%)           90M (4%)     
[2026-04-03T03:36:49.710+0600][27.123s][info][gc,heap     ] GC(23) y:      Live:         -                18M (1%)            9M (0%)            8M (0%)     
[2026-04-03T03:36:49.710+0600][27.123s][info][gc,heap     ] GC(23) y:   Garbage:         -                95M (5%)           84M (4%)            0M (0%)     
[2026-04-03T03:36:49.710+0600][27.123s][info][gc,heap     ] GC(23) y: Allocated:         -                14M (1%)           14M (1%)           80M (4%)     
[2026-04-03T03:36:49.710+0600][27.123s][info][gc,heap     ] GC(23) y: Reclaimed:         -                  -                11M (1%)           94M (5%)     
[2026-04-03T03:36:49.710+0600][27.123s][info][gc,heap     ] GC(23) y:  Promoted:         -                  -                 8M (0%)            9M (0%)     
[2026-04-03T03:36:49.710+0600][27.123s][info][gc,heap     ] GC(23) y: Compacted:         -                  -                  -                 7M (0%)     
[2026-04-03T03:36:49.710+0600][27.123s][info][gc,phases   ] GC(23) y: Young Generation 636M(32%)->630M(32%) 0.184s
[2026-04-03T03:36:49.710+0600][27.123s][info][gc          ] GC(23) Minor Collection (Allocation Rate) 636M(32%)->630M(32%) 0.184s
[2026-04-03T03:36:49.719+0600][27.132s][info][gc          ] GC(24) Minor Collection (Allocation Rate)
[2026-04-03T03:36:49.719+0600][27.132s][info][gc,task     ] GC(24) Using 2 Workers for Young Generation
[2026-04-03T03:36:49.719+0600][27.132s][info][gc,phases   ] GC(24) y: Young Generation
[2026-04-03T03:36:49.719+0600][27.133s][info][gc,phases   ] GC(24) y: Pause Mark Start 0.030ms
[2026-04-03T03:36:49.796+0600][27.209s][info][gc,phases   ] GC(24) y: Concurrent Mark 76.156ms
[2026-04-03T03:36:49.796+0600][27.209s][info][gc,phases   ] GC(24) y: Pause Mark End 0.029ms
[2026-04-03T03:36:49.796+0600][27.210s][info][gc,phases   ] GC(24) y: Concurrent Mark Free 0.001ms
[2026-04-03T03:36:49.796+0600][27.210s][info][gc,phases   ] GC(24) y: Concurrent Reset Relocation Set 0.024ms
[2026-04-03T03:36:49.802+0600][27.215s][info][gc,reloc    ] GC(24) y: Using tenuring threshold: 1 (Computed)
[2026-04-03T03:36:49.809+0600][27.223s][info][gc,phases   ] GC(24) y: Concurrent Select Relocation Set 12.957ms
[2026-04-03T03:36:49.810+0600][27.223s][info][gc,phases   ] GC(24) y: Pause Relocate Start 0.025ms
[2026-04-03T03:36:49.837+0600][27.250s][info][gc,phases   ] GC(24) y: Concurrent Relocate 27.086ms
[2026-04-03T03:36:49.837+0600][27.251s][info][gc,alloc    ] GC(24) y:                         Mark Start        Mark End      Relocate Start    Relocate End   
[2026-04-03T03:36:49.837+0600][27.251s][info][gc,alloc    ] GC(24) y: Allocation Stalls:          0                0                0                0         
[2026-04-03T03:36:49.837+0600][27.251s][info][gc,load     ] GC(24) y: Load: 4.16 (35%) / 4.30 (36%) / 4.70 (39%)
[2026-04-03T03:36:49.837+0600][27.251s][info][gc,mmu      ] GC(24) y: MMU: 2ms/95.2%, 5ms/98.1%, 10ms/98.7%, 20ms/99.3%, 50ms/99.6%, 100ms/99.7%
[2026-04-03T03:36:49.837+0600][27.251s][info][gc,marking  ] GC(24) y: Mark: 2 stripe(s), 10 proactive flush(es), 1 terminate flush(es), 0 completion(s), 0 continuation(s) 
[2026-04-03T03:36:49.837+0600][27.251s][info][gc,marking  ] GC(24) y: Mark Stack Usage: 32M
[2026-04-03T03:36:49.837+0600][27.251s][info][gc,nmethod  ] GC(24) y: NMethods: 5329 registered, 0 unregistered
[2026-04-03T03:36:49.837+0600][27.251s][info][gc,metaspace] GC(24) y: Metaspace: 68M used, 69M committed, 1088M reserved
[2026-04-03T03:36:49.837+0600][27.251s][info][gc,reloc    ] GC(24) y:                        Candidates     Selected     In-Place         Size        Empty    Relocated 
[2026-04-03T03:36:49.837+0600][27.251s][info][gc,reloc    ] GC(24) y: Small Pages:                   13           11            0          26M           0M           2M 
[2026-04-03T03:36:49.837+0600][27.251s][info][gc,reloc    ] GC(24) y: Medium Pages:                   3            1            0          96M          32M           4M 
[2026-04-03T03:36:49.837+0600][27.251s][info][gc,reloc    ] GC(24) y: Large Pages:                    0            0            0           0M           0M           0M 
[2026-04-03T03:36:49.837+0600][27.251s][info][gc,reloc    ] GC(24) y: Forwarding Usage: 3M
[2026-04-03T03:36:49.837+0600][27.251s][info][gc,reloc    ] GC(24) y: Age Table:
[2026-04-03T03:36:49.837+0600][27.251s][info][gc,reloc    ] GC(24) y:                    Live             Garbage             Small              Medium             Large        
[2026-04-03T03:36:49.837+0600][27.251s][info][gc,reloc    ] GC(24) y: Eden               3M (0%)           42M (2%)           7 / 6              1 / 0              0 / 0        
[2026-04-03T03:36:49.837+0600][27.251s][info][gc,reloc    ] GC(24) y: Survivor 1         0M (0%)           33M (2%)           1 / 1              1 / 0              0 / 0        
[2026-04-03T03:36:49.837+0600][27.251s][info][gc,reloc    ] GC(24) y: Survivor 2         7M (0%)           34M (2%)           5 / 4              1 / 1              0 / 0        
[2026-04-03T03:36:49.837+0600][27.251s][info][gc,heap     ] GC(24) y: Min Capacity: 8M(0%)
[2026-04-03T03:36:49.837+0600][27.251s][info][gc,heap     ] GC(24) y: Max Capacity: 2000M(100%)
[2026-04-03T03:36:49.837+0600][27.251s][info][gc,heap     ] GC(24) y: Soft Max Capacity: 2000M(100%)
[2026-04-03T03:36:49.837+0600][27.251s][info][gc,heap     ] GC(24) y: Heap Statistics:
[2026-04-03T03:36:49.837+0600][27.251s][info][gc,heap     ] GC(24) y:                Mark Start          Mark End        Relocate Start      Relocate End           High               Low         
[2026-04-03T03:36:49.837+0600][27.251s][info][gc,heap     ] GC(24) y:  Capacity:     2000M (100%)       2000M (100%)       2000M (100%)       2000M (100%)       2000M (100%)       2000M (100%)   
[2026-04-03T03:36:49.837+0600][27.251s][info][gc,heap     ] GC(24) y:      Free:     1338M (67%)        1304M (65%)        1336M (67%)        1320M (66%)        1338M (67%)        1236M (62%)    
[2026-04-03T03:36:49.837+0600][27.251s][info][gc,heap     ] GC(24) y:      Used:      662M (33%)         696M (35%)         664M (33%)         680M (34%)         764M (38%)         662M (33%)    
[2026-04-03T03:36:49.837+0600][27.251s][info][gc,heap     ] GC(24) y: Young Generation Statistics:
[2026-04-03T03:36:49.837+0600][27.251s][info][gc,heap     ] GC(24) y:                Mark Start          Mark End        Relocate Start      Relocate End    
[2026-04-03T03:36:49.838+0600][27.251s][info][gc,heap     ] GC(24) y:      Used:      122M (6%)          156M (8%)          124M (6%)          100M (5%)     
[2026-04-03T03:36:49.838+0600][27.251s][info][gc,heap     ] GC(24) y:      Live:         -                10M (1%)           10M (1%)            3M (0%)     
[2026-04-03T03:36:49.838+0600][27.251s][info][gc,heap     ] GC(24) y:   Garbage:         -               111M (6%)           79M (4%)            3M (0%)     
[2026-04-03T03:36:49.838+0600][27.251s][info][gc,heap     ] GC(24) y: Allocated:         -                34M (2%)           34M (2%)           93M (5%)     
[2026-04-03T03:36:49.838+0600][27.251s][info][gc,heap     ] GC(24) y: Reclaimed:         -                  -                32M (2%)          108M (5%)     
[2026-04-03T03:36:49.838+0600][27.251s][info][gc,heap     ] GC(24) y:  Promoted:         -                  -                 0M (0%)            7M (0%)     
[2026-04-03T03:36:49.838+0600][27.251s][info][gc,heap     ] GC(24) y: Compacted:         -                  -                  -                 6M (0%)     
[2026-04-03T03:36:49.838+0600][27.251s][info][gc,phases   ] GC(24) y: Young Generation 662M(33%)->680M(34%) 0.118s
[2026-04-03T03:36:49.838+0600][27.251s][info][gc          ] GC(24) Minor Collection (Allocation Rate) 662M(33%)->680M(34%) 0.119s
[2026-04-03T03:36:50.752+0600][28.165s][info][gc          ] GC(25) Minor Collection (Allocation Rate)
[2026-04-03T03:36:50.752+0600][28.165s][info][gc,task     ] GC(25) Using 2 Workers for Young Generation
[2026-04-03T03:36:50.752+0600][28.165s][info][gc,phases   ] GC(25) y: Young Generation
[2026-04-03T03:36:50.752+0600][28.166s][info][gc,phases   ] GC(25) y: Pause Mark Start 0.025ms
[2026-04-03T03:36:50.961+0600][28.374s][info][gc,phases   ] GC(22) O: Concurrent Mark 1574.461ms
[2026-04-03T03:36:50.962+0600][28.375s][info][gc,phases   ] GC(22) O: Pause Mark End 0.045ms
[2026-04-03T03:36:50.962+0600][28.375s][info][gc,phases   ] GC(22) O: Concurrent Mark Free 0.001ms
[2026-04-03T03:36:50.997+0600][28.410s][info][gc,phases   ] GC(25) y: Concurrent Mark 244.483ms
[2026-04-03T03:36:51.003+0600][28.416s][info][gc,phases   ] GC(25) y: Pause Mark End 0.046ms
[2026-04-03T03:36:51.003+0600][28.417s][info][gc,phases   ] GC(25) y: Concurrent Mark Free 0.005ms
[2026-04-03T03:36:51.003+0600][28.417s][info][gc,phases   ] GC(25) y: Concurrent Reset Relocation Set 0.008ms
[2026-04-03T03:36:51.004+0600][28.418s][info][gc,phases   ] GC(22) O: Concurrent Process Non-Strong 42.526ms
[2026-04-03T03:36:51.004+0600][28.418s][info][gc,phases   ] GC(22) O: Concurrent Reset Relocation Set 0.004ms
[2026-04-03T03:36:51.007+0600][28.421s][info][gc,reloc    ] GC(25) y: Using tenuring threshold: 2 (Computed)
[2026-04-03T03:36:51.020+0600][28.433s][info][gc,phases   ] GC(25) y: Concurrent Select Relocation Set 16.200ms
[2026-04-03T03:36:51.021+0600][28.434s][info][gc,phases   ] GC(25) y: Pause Relocate Start 0.029ms
[2026-04-03T03:36:51.041+0600][28.455s][info][gc,phases   ] GC(22) O: Concurrent Select Relocation Set 37.104ms
[2026-04-03T03:36:51.083+0600][28.497s][info][gc,phases   ] GC(25) y: Concurrent Relocate 62.499ms
[2026-04-03T03:36:51.083+0600][28.497s][info][gc,alloc    ] GC(25) y:                         Mark Start        Mark End      Relocate Start    Relocate End   
[2026-04-03T03:36:51.083+0600][28.497s][info][gc,alloc    ] GC(25) y: Allocation Stalls:          0                0                0                0         
[2026-04-03T03:36:51.083+0600][28.497s][info][gc,load     ] GC(25) y: Load: 4.23 (35%) / 4.31 (36%) / 4.70 (39%)
[2026-04-03T03:36:51.083+0600][28.497s][info][gc,mmu      ] GC(25) y: MMU: 2ms/95.2%, 5ms/98.1%, 10ms/98.7%, 20ms/99.3%, 50ms/99.6%, 100ms/99.7%
[2026-04-03T03:36:51.083+0600][28.497s][info][gc,marking  ] GC(25) y: Mark: 2 stripe(s), 10 proactive flush(es), 1 terminate flush(es), 0 completion(s), 0 continuation(s) 
[2026-04-03T03:36:51.083+0600][28.497s][info][gc,marking  ] GC(25) y: Mark Stack Usage: 32M
[2026-04-03T03:36:51.083+0600][28.497s][info][gc,nmethod  ] GC(25) y: NMethods: 5375 registered, 140 unregistered
[2026-04-03T03:36:51.083+0600][28.497s][info][gc,metaspace] GC(25) y: Metaspace: 68M used, 69M committed, 1088M reserved
[2026-04-03T03:36:51.083+0600][28.497s][info][gc,reloc    ] GC(25) y:                        Candidates     Selected     In-Place         Size        Empty    Relocated 
[2026-04-03T03:36:51.083+0600][28.497s][info][gc,reloc    ] GC(25) y: Small Pages:                   95           72            0         190M          20M          15M 
[2026-04-03T03:36:51.083+0600][28.497s][info][gc,reloc    ] GC(25) y: Medium Pages:                   3            1            0          96M          32M           3M 
[2026-04-03T03:36:51.083+0600][28.497s][info][gc,reloc    ] GC(25) y: Large Pages:                    5            0            0          34M           6M           0M 
[2026-04-03T03:36:51.084+0600][28.497s][info][gc,reloc    ] GC(25) y: Forwarding Usage: 23M
[2026-04-03T03:36:51.084+0600][28.497s][info][gc,reloc    ] GC(25) y: Age Table:
[2026-04-03T03:36:51.084+0600][28.497s][info][gc,reloc    ] GC(25) y:                    Live             Garbage             Small              Medium             Large        
[2026-04-03T03:36:51.084+0600][28.497s][info][gc,reloc    ] GC(25) y: Eden              52M (3%)          201M (10%)         94 / 71             1 / 1              5 / 0        
[2026-04-03T03:36:51.084+0600][28.497s][info][gc,reloc    ] GC(25) y: Survivor 1         3M (0%)           62M (3%)           1 / 1              2 / 0              0 / 0        
[2026-04-03T03:36:51.084+0600][28.497s][info][gc,heap     ] GC(25) y: Min Capacity: 8M(0%)
[2026-04-03T03:36:51.084+0600][28.497s][info][gc,heap     ] GC(25) y: Max Capacity: 2000M(100%)
[2026-04-03T03:36:51.084+0600][28.497s][info][gc,heap     ] GC(25) y: Soft Max Capacity: 2000M(100%)
[2026-04-03T03:36:51.084+0600][28.497s][info][gc,heap     ] GC(25) y: Heap Statistics:
[2026-04-03T03:36:51.084+0600][28.497s][info][gc,heap     ] GC(25) y:                Mark Start          Mark End        Relocate Start      Relocate End           High               Low         
[2026-04-03T03:36:51.084+0600][28.497s][info][gc,heap     ] GC(25) y:  Capacity:     2000M (100%)       2000M (100%)       2000M (100%)       2000M (100%)       2000M (100%)       2000M (100%)   
[2026-04-03T03:36:51.084+0600][28.497s][info][gc,heap     ] GC(25) y:      Free:     1100M (55%)         906M (45%)        1030M (52%)        1108M (55%)        1114M (56%)         902M (45%)    
[2026-04-03T03:36:51.084+0600][28.497s][info][gc,heap     ] GC(25) y:      Used:      900M (45%)        1094M (55%)         970M (48%)         892M (45%)        1098M (55%)         886M (44%)    
[2026-04-03T03:36:51.084+0600][28.497s][info][gc,heap     ] GC(25) y: Young Generation Statistics:
[2026-04-03T03:36:51.084+0600][28.497s][info][gc,heap     ] GC(25) y:                Mark Start          Mark End        Relocate Start      Relocate End    
[2026-04-03T03:36:51.084+0600][28.497s][info][gc,heap     ] GC(25) y:      Used:      320M (16%)         514M (26%)         478M (24%)         400M (20%)    
[2026-04-03T03:36:51.084+0600][28.497s][info][gc,heap     ] GC(25) y:      Live:         -                56M (3%)           56M (3%)           56M (3%)     
[2026-04-03T03:36:51.084+0600][28.497s][info][gc,heap     ] GC(25) y:   Garbage:         -               263M (13%)         205M (10%)           0M (0%)     
[2026-04-03T03:36:51.084+0600][28.497s][info][gc,heap     ] GC(25) y: Allocated:         -               194M (10%)         216M (11%)         343M (17%)    
[2026-04-03T03:36:51.084+0600][28.497s][info][gc,heap     ] GC(25) y: Reclaimed:         -                  -                58M (3%)          263M (13%)    
[2026-04-03T03:36:51.084+0600][28.497s][info][gc,heap     ] GC(25) y:  Promoted:         -                  -                 0M (0%)            0M (0%)     
[2026-04-03T03:36:51.084+0600][28.497s][info][gc,heap     ] GC(25) y: Compacted:         -                  -                  -                28M (1%)     
[2026-04-03T03:36:51.084+0600][28.497s][info][gc,phases   ] GC(25) y: Young Generation 900M(45%)->892M(45%) 0.331s
[2026-04-03T03:36:51.084+0600][28.497s][info][gc          ] GC(25) Minor Collection (Allocation Rate) 900M(45%)->894M(45%) 0.332s
[2026-04-03T03:36:51.084+0600][28.497s][info][gc,task     ] GC(22) O: Using 3 Workers for Old Generation
[2026-04-03T03:36:51.111+0600][28.524s][info][gc,task     ] GC(22) O: Using 1 Workers for Old Generation
[2026-04-03T03:36:51.111+0600][28.525s][info][gc,phases   ] GC(22) O: Concurrent Remap Roots 27.325ms
[2026-04-03T03:36:51.112+0600][28.525s][info][gc,phases   ] GC(22) O: Pause Relocate Start 0.033ms
[2026-04-03T03:36:51.113+0600][28.527s][info][gc          ] GC(26) Minor Collection (Allocation Rate)
[2026-04-03T03:36:51.113+0600][28.527s][info][gc,task     ] GC(26) Using 2 Workers for Young Generation
[2026-04-03T03:36:51.113+0600][28.527s][info][gc,phases   ] GC(26) y: Young Generation
[2026-04-03T03:36:51.122+0600][28.535s][info][gc,phases   ] GC(26) y: Pause Mark Start 0.036ms
[2026-04-03T03:36:51.406+0600][28.819s][info][gc,phases   ] GC(22) O: Concurrent Relocate 294.204ms
[2026-04-03T03:36:51.536+0600][28.950s][info][gc,phases   ] GC(26) y: Concurrent Mark 414.212ms
[2026-04-03T03:36:51.537+0600][28.950s][info][gc,phases   ] GC(26) y: Pause Mark End 0.054ms
[2026-04-03T03:36:51.537+0600][28.950s][info][gc,phases   ] GC(26) y: Concurrent Mark Free 0.002ms
[2026-04-03T03:36:51.537+0600][28.950s][info][gc,phases   ] GC(26) y: Concurrent Reset Relocation Set 0.015ms
[2026-04-03T03:36:51.539+0600][28.952s][info][gc,reloc    ] GC(26) y: Using tenuring threshold: 3 (Computed)
[2026-04-03T03:36:51.556+0600][28.970s][info][gc,phases   ] GC(26) y: Concurrent Select Relocation Set 19.443ms
[2026-04-03T03:36:51.557+0600][28.970s][info][gc,phases   ] GC(26) y: Pause Relocate Start 0.022ms
[2026-04-03T03:36:51.668+0600][29.081s][info][gc,phases   ] GC(26) y: Concurrent Relocate 110.666ms
[2026-04-03T03:36:51.668+0600][29.081s][info][gc,alloc    ] GC(26) y:                         Mark Start        Mark End      Relocate Start    Relocate End   
[2026-04-03T03:36:51.668+0600][29.081s][info][gc,alloc    ] GC(26) y: Allocation Stalls:          0                0                0                0         
[2026-04-03T03:36:51.668+0600][29.081s][info][gc,load     ] GC(26) y: Load: 4.23 (35%) / 4.31 (36%) / 4.70 (39%)
[2026-04-03T03:36:51.668+0600][29.081s][info][gc,mmu      ] GC(26) y: MMU: 2ms/95.2%, 5ms/98.1%, 10ms/98.7%, 20ms/99.3%, 50ms/99.6%, 100ms/99.7%
[2026-04-03T03:36:51.668+0600][29.081s][info][gc,marking  ] GC(26) y: Mark: 2 stripe(s), 2 proactive flush(es), 1 terminate flush(es), 0 completion(s), 0 continuation(s) 
[2026-04-03T03:36:51.668+0600][29.081s][info][gc,marking  ] GC(26) y: Mark Stack Usage: 32M
[2026-04-03T03:36:51.668+0600][29.081s][info][gc,nmethod  ] GC(26) y: NMethods: 5396 registered, 140 unregistered
[2026-04-03T03:36:51.668+0600][29.081s][info][gc,metaspace] GC(26) y: Metaspace: 68M used, 69M committed, 1088M reserved
[2026-04-03T03:36:51.668+0600][29.081s][info][gc,reloc    ] GC(26) y:                        Candidates     Selected     In-Place         Size        Empty    Relocated 
[2026-04-03T03:36:51.668+0600][29.081s][info][gc,reloc    ] GC(26) y: Small Pages:                  135           88            0         270M           0M          35M 
[2026-04-03T03:36:51.668+0600][29.081s][info][gc,reloc    ] GC(26) y: Medium Pages:                   3            1            0          96M          32M           3M 
[2026-04-03T03:36:51.668+0600][29.081s][info][gc,reloc    ] GC(26) y: Large Pages:                   10            0            0          76M          18M           0M 
[2026-04-03T03:36:51.668+0600][29.081s][info][gc,reloc    ] GC(26) y: Forwarding Usage: 44M
[2026-04-03T03:36:51.668+0600][29.081s][info][gc,reloc    ] GC(26) y: Age Table:
[2026-04-03T03:36:51.668+0600][29.081s][info][gc,reloc    ] GC(26) y:                    Live             Garbage             Small              Medium             Large        
[2026-04-03T03:36:51.668+0600][29.081s][info][gc,reloc    ] GC(26) y: Eden             114M (6%)          205M (10%)        120 / 81             1 / 0              6 / 0        
[2026-04-03T03:36:51.668+0600][29.081s][info][gc,reloc    ] GC(26) y: Survivor 1        27M (1%)           60M (3%)          14 / 6              1 / 0              4 / 0        
[2026-04-03T03:36:51.668+0600][29.081s][info][gc,reloc    ] GC(26) y: Survivor 2         3M (0%)           30M (2%)           1 / 1              1 / 1              0 / 0        
[2026-04-03T03:36:51.668+0600][29.081s][info][gc,heap     ] GC(26) y: Min Capacity: 8M(0%)
[2026-04-03T03:36:51.668+0600][29.081s][info][gc,heap     ] GC(26) y: Max Capacity: 2000M(100%)
[2026-04-03T03:36:51.668+0600][29.081s][info][gc,heap     ] GC(26) y: Soft Max Capacity: 2000M(100%)
[2026-04-03T03:36:51.668+0600][29.081s][info][gc,heap     ] GC(26) y: Heap Statistics:
[2026-04-03T03:36:51.668+0600][29.081s][info][gc,heap     ] GC(26) y:                Mark Start          Mark End        Relocate Start      Relocate End           High               Low         
[2026-04-03T03:36:51.668+0600][29.081s][info][gc,heap     ] GC(26) y:  Capacity:     2000M (100%)       2000M (100%)       2000M (100%)       2000M (100%)       2000M (100%)       2000M (100%)   
[2026-04-03T03:36:51.668+0600][29.081s][info][gc,heap     ] GC(26) y:      Free:     1030M (52%)         828M (41%)         856M (43%)         934M (47%)        1084M (54%)         780M (39%)    
[2026-04-03T03:36:51.668+0600][29.081s][info][gc,heap     ] GC(26) y:      Used:      970M (48%)        1172M (59%)        1144M (57%)        1066M (53%)        1220M (61%)         916M (46%)    
[2026-04-03T03:36:51.668+0600][29.081s][info][gc,heap     ] GC(26) y: Young Generation Statistics:
[2026-04-03T03:36:51.668+0600][29.081s][info][gc,heap     ] GC(26) y:                Mark Start          Mark End        Relocate Start      Relocate End    
[2026-04-03T03:36:51.668+0600][29.081s][info][gc,heap     ] GC(26) y:      Used:      442M (22%)         750M (38%)         722M (36%)         644M (32%)    
[2026-04-03T03:36:51.668+0600][29.081s][info][gc,heap     ] GC(26) y:      Live:         -               144M (7%)          144M (7%)          144M (7%)     
[2026-04-03T03:36:51.668+0600][29.081s][info][gc,heap     ] GC(26) y:   Garbage:         -               297M (15%)         247M (12%)           1M (0%)     
[2026-04-03T03:36:51.668+0600][29.081s][info][gc,heap     ] GC(26) y: Allocated:         -               308M (15%)         330M (16%)         498M (25%)    
[2026-04-03T03:36:51.668+0600][29.081s][info][gc,heap     ] GC(26) y: Reclaimed:         -                  -                50M (2%)          296M (15%)    
[2026-04-03T03:36:51.668+0600][29.081s][info][gc,heap     ] GC(26) y:  Promoted:         -                  -                 0M (0%)            0M (0%)     
[2026-04-03T03:36:51.668+0600][29.081s][info][gc,heap     ] GC(26) y: Compacted:         -                  -                  -                79M (4%)     
[2026-04-03T03:36:51.668+0600][29.081s][info][gc,phases   ] GC(26) y: Young Generation 1052M(53%)->1066M(53%) 0.554s
[2026-04-03T03:36:51.668+0600][29.081s][info][gc          ] GC(26) Minor Collection (Allocation Rate) 1050M(52%)->1072M(54%) 0.555s
[2026-04-03T03:36:51.668+0600][29.082s][info][gc,alloc    ] GC(22) O:                         Mark Start        Mark End      Relocate Start    Relocate End   
[2026-04-03T03:36:51.668+0600][29.082s][info][gc,alloc    ] GC(22) O: Allocation Stalls:          0                0                0                0         
[2026-04-03T03:36:51.668+0600][29.082s][info][gc,load     ] GC(22) O: Load: 4.23 (35%) / 4.31 (36%) / 4.70 (39%)
[2026-04-03T03:36:51.668+0600][29.082s][info][gc,mmu      ] GC(22) O: MMU: 2ms/95.2%, 5ms/98.1%, 10ms/98.7%, 20ms/99.3%, 50ms/99.6%, 100ms/99.7%
[2026-04-03T03:36:51.668+0600][29.082s][info][gc,marking  ] GC(22) O: Mark: 1 stripe(s), 2 proactive flush(es), 1 terminate flush(es), 0 completion(s), 0 continuation(s) 
[2026-04-03T03:36:51.668+0600][29.082s][info][gc,marking  ] GC(22) O: Mark Stack Usage: 32M
[2026-04-03T03:36:51.668+0600][29.082s][info][gc,nmethod  ] GC(22) O: NMethods: 5396 registered, 140 unregistered
[2026-04-03T03:36:51.668+0600][29.082s][info][gc,metaspace] GC(22) O: Metaspace: 68M used, 69M committed, 1088M reserved
[2026-04-03T03:36:51.668+0600][29.082s][info][gc,ref      ] GC(22) O:                       Encountered   Discovered     Enqueued 
[2026-04-03T03:36:51.668+0600][29.082s][info][gc,ref      ] GC(22) O: Soft References:             4952            0            0 
[2026-04-03T03:36:51.668+0600][29.082s][info][gc,ref      ] GC(22) O: Weak References:             7069         5438          526 
[2026-04-03T03:36:51.668+0600][29.082s][info][gc,ref      ] GC(22) O: Final References:              82            0            0 
[2026-04-03T03:36:51.668+0600][29.082s][info][gc,ref      ] GC(22) O: Phantom References:           597          567            0 
[2026-04-03T03:36:51.668+0600][29.082s][info][gc,reloc    ] GC(22) O:                        Candidates     Selected     In-Place         Size        Empty    Relocated 
[2026-04-03T03:36:51.668+0600][29.082s][info][gc,reloc    ] GC(22) O: Small Pages:                  187           35            0         374M          58M          15M 
[2026-04-03T03:36:51.668+0600][29.082s][info][gc,reloc    ] GC(22) O: Medium Pages:                   2            1            0          64M           0M           5M 
[2026-04-03T03:36:51.669+0600][29.082s][info][gc,reloc    ] GC(22) O: Large Pages:                    6            0            0          84M          30M           0M 
[2026-04-03T03:36:51.669+0600][29.082s][info][gc,reloc    ] GC(22) O: Forwarding Usage: 25M
[2026-04-03T03:36:51.669+0600][29.082s][info][gc,heap     ] GC(22) O: Min Capacity: 8M(0%)
[2026-04-03T03:36:51.669+0600][29.082s][info][gc,heap     ] GC(22) O: Max Capacity: 2000M(100%)
[2026-04-03T03:36:51.669+0600][29.082s][info][gc,heap     ] GC(22) O: Soft Max Capacity: 2000M(100%)
[2026-04-03T03:36:51.669+0600][29.082s][info][gc,heap     ] GC(22) O: Heap Statistics:
[2026-04-03T03:36:51.669+0600][29.082s][info][gc,heap     ] GC(22) O:                Mark Start          Mark End        Relocate Start      Relocate End           High               Low         
[2026-04-03T03:36:51.669+0600][29.082s][info][gc,heap     ] GC(22) O:  Capacity:     2000M (100%)       2000M (100%)       2000M (100%)       2000M (100%)       2000M (100%)       2000M (100%)   
[2026-04-03T03:36:51.669+0600][29.082s][info][gc,heap     ] GC(22) O:      Free:     1328M (66%)         946M (47%)        1082M (54%)         950M (48%)        1404M (70%)         902M (45%)    
[2026-04-03T03:36:51.669+0600][29.082s][info][gc,heap     ] GC(22) O:      Used:      672M (34%)        1054M (53%)         918M (46%)        1050M (52%)        1098M (55%)         596M (30%)    
[2026-04-03T03:36:51.669+0600][29.082s][info][gc,heap     ] GC(22) O: Old Generation Statistics:
[2026-04-03T03:36:51.669+0600][29.082s][info][gc,heap     ] GC(22) O:                Mark Start          Mark End        Relocate Start      Relocate End    
[2026-04-03T03:36:51.669+0600][29.082s][info][gc,heap     ] GC(22) O:      Used:      522M (26%)         580M (29%)         492M (25%)         422M (21%)    
[2026-04-03T03:36:51.669+0600][29.082s][info][gc,heap     ] GC(22) O:      Live:         -               296M (15%)         296M (15%)         296M (15%)    
[2026-04-03T03:36:51.669+0600][29.082s][info][gc,heap     ] GC(22) O:   Garbage:         -               225M (11%)         137M (7%)            9M (0%)     
[2026-04-03T03:36:51.669+0600][29.082s][info][gc,heap     ] GC(22) O: Allocated:         -                58M (3%)           58M (3%)          116M (6%)     
[2026-04-03T03:36:51.669+0600][29.082s][info][gc,heap     ] GC(22) O: Reclaimed:         -                  -                88M (4%)          216M (11%)    
[2026-04-03T03:36:51.669+0600][29.082s][info][gc,heap     ] GC(22) O: Compacted:         -                  -                  -                49M (2%)     
[2026-04-03T03:36:51.669+0600][29.082s][info][gc,phases   ] GC(22) O: Old Generation 596M(30%)->1050M(52%) 2.282s
[2026-04-03T03:36:51.669+0600][29.082s][info][gc          ] GC(22) Major Collection (Allocation Rate) 672M(34%)->1072M(54%) 2.460s
[2026-04-03T03:36:51.678+0600][29.092s][info][gc          ] GC(27) Minor Collection (Allocation Rate)
[2026-04-03T03:36:51.678+0600][29.092s][info][gc,task     ] GC(27) Using 3 Workers for Young Generation
[2026-04-03T03:36:51.679+0600][29.092s][info][gc,phases   ] GC(27) y: Young Generation
[2026-04-03T03:36:51.679+0600][29.092s][info][gc,phases   ] GC(27) y: Pause Mark Start 0.027ms
[2026-04-03T03:36:51.969+0600][29.382s][info][gc,phases   ] GC(27) y: Concurrent Mark 290.071ms
[2026-04-03T03:36:51.969+0600][29.383s][info][gc,phases   ] GC(27) y: Pause Mark End 0.040ms
[2026-04-03T03:36:51.970+0600][29.383s][info][gc,phases   ] GC(27) y: Concurrent Mark Free 0.001ms
[2026-04-03T03:36:51.970+0600][29.383s][info][gc,phases   ] GC(27) y: Concurrent Reset Relocation Set 0.043ms
[2026-04-03T03:36:51.976+0600][29.389s][info][gc,reloc    ] GC(27) y: Using tenuring threshold: 2 (Computed)
[2026-04-03T03:36:51.985+0600][29.398s][info][gc,phases   ] GC(27) y: Concurrent Select Relocation Set 14.966ms
[2026-04-03T03:36:51.985+0600][29.398s][info][gc,phases   ] GC(27) y: Pause Relocate Start 0.033ms
[2026-04-03T03:36:52.083+0600][29.496s][info][gc,phases   ] GC(27) y: Concurrent Relocate 97.504ms
[2026-04-03T03:36:52.083+0600][29.496s][info][gc,alloc    ] GC(27) y:                         Mark Start        Mark End      Relocate Start    Relocate End   
[2026-04-03T03:36:52.083+0600][29.496s][info][gc,alloc    ] GC(27) y: Allocation Stalls:          0                0                0                0         
[2026-04-03T03:36:52.083+0600][29.496s][info][gc,load     ] GC(27) y: Load: 4.23 (35%) / 4.31 (36%) / 4.70 (39%)
[2026-04-03T03:36:52.083+0600][29.496s][info][gc,mmu      ] GC(27) y: MMU: 2ms/95.2%, 5ms/98.1%, 10ms/98.7%, 20ms/99.3%, 50ms/99.6%, 100ms/99.7%
[2026-04-03T03:36:52.083+0600][29.496s][info][gc,marking  ] GC(27) y: Mark: 2 stripe(s), 4 proactive flush(es), 1 terminate flush(es), 0 completion(s), 0 continuation(s) 
[2026-04-03T03:36:52.083+0600][29.496s][info][gc,marking  ] GC(27) y: Mark Stack Usage: 32M
[2026-04-03T03:36:52.083+0600][29.496s][info][gc,nmethod  ] GC(27) y: NMethods: 5397 registered, 140 unregistered
[2026-04-03T03:36:52.083+0600][29.496s][info][gc,metaspace] GC(27) y: Metaspace: 68M used, 69M committed, 1088M reserved
[2026-04-03T03:36:52.083+0600][29.496s][info][gc,reloc    ] GC(27) y:                        Candidates     Selected     In-Place         Size        Empty    Relocated 
[2026-04-03T03:36:52.083+0600][29.496s][info][gc,reloc    ] GC(27) y: Small Pages:                  237          172            0         474M           0M          40M 
[2026-04-03T03:36:52.083+0600][29.496s][info][gc,reloc    ] GC(27) y: Medium Pages:                   3            2            0          96M           0M           9M 
[2026-04-03T03:36:52.083+0600][29.496s][info][gc,reloc    ] GC(27) y: Large Pages:                   11            0            0          90M          48M           0M 
[2026-04-03T03:36:52.083+0600][29.496s][info][gc,reloc    ] GC(27) y: Forwarding Usage: 45M
[2026-04-03T03:36:52.083+0600][29.496s][info][gc,reloc    ] GC(27) y: Age Table:
[2026-04-03T03:36:52.083+0600][29.496s][info][gc,reloc    ] GC(27) y:                    Live             Garbage             Small              Medium             Large        
[2026-04-03T03:36:52.083+0600][29.496s][info][gc,reloc    ] GC(27) y: Eden              97M (5%)          342M (17%)        188 / 154            1 / 1              4 / 0        
[2026-04-03T03:36:52.083+0600][29.496s][info][gc,reloc    ] GC(27) y: Survivor 1        65M (3%)           56M (3%)          37 / 8              0 / 0              6 / 0        
[2026-04-03T03:36:52.083+0600][29.497s][info][gc,reloc    ] GC(27) y: Survivor 2         4M (0%)           59M (3%)          11 / 9              1 / 0              1 / 0        
[2026-04-03T03:36:52.083+0600][29.497s][info][gc,reloc    ] GC(27) y: Survivor 3         3M (0%)           30M (2%)           1 / 1              1 / 1              0 / 0        
[2026-04-03T03:36:52.083+0600][29.497s][info][gc,heap     ] GC(27) y: Min Capacity: 8M(0%)
[2026-04-03T03:36:52.083+0600][29.497s][info][gc,heap     ] GC(27) y: Max Capacity: 2000M(100%)
[2026-04-03T03:36:52.083+0600][29.497s][info][gc,heap     ] GC(27) y: Soft Max Capacity: 2000M(100%)
[2026-04-03T03:36:52.083+0600][29.497s][info][gc,heap     ] GC(27) y: Heap Statistics:
[2026-04-03T03:36:52.083+0600][29.497s][info][gc,heap     ] GC(27) y:                Mark Start          Mark End        Relocate Start      Relocate End           High               Low         
[2026-04-03T03:36:52.083+0600][29.497s][info][gc,heap     ] GC(27) y:  Capacity:     2000M (100%)       2000M (100%)       2000M (100%)       2000M (100%)       2000M (100%)       2000M (100%)   
[2026-04-03T03:36:52.083+0600][29.497s][info][gc,heap     ] GC(27) y:      Free:      918M (46%)         662M (33%)         702M (35%)        1038M (52%)        1038M (52%)         614M (31%)    
[2026-04-03T03:36:52.083+0600][29.497s][info][gc,heap     ] GC(27) y:      Used:     1082M (54%)        1338M (67%)        1298M (65%)         962M (48%)        1386M (69%)         962M (48%)    
[2026-04-03T03:36:52.083+0600][29.497s][info][gc,heap     ] GC(27) y: Young Generation Statistics:
[2026-04-03T03:36:52.083+0600][29.497s][info][gc,heap     ] GC(27) y:                Mark Start          Mark End        Relocate Start      Relocate End    
[2026-04-03T03:36:52.083+0600][29.497s][info][gc,heap     ] GC(27) y:      Used:      660M (33%)         916M (46%)         876M (44%)         504M (25%)    
[2026-04-03T03:36:52.083+0600][29.497s][info][gc,heap     ] GC(27) y:      Live:         -               170M (9%)          170M (9%)          163M (8%)     
[2026-04-03T03:36:52.083+0600][29.497s][info][gc,heap     ] GC(27) y:   Garbage:         -               489M (24%)         441M (22%)           5M (0%)     
[2026-04-03T03:36:52.083+0600][29.497s][info][gc,heap     ] GC(27) y: Allocated:         -               256M (13%)         264M (13%)         335M (17%)    
[2026-04-03T03:36:52.083+0600][29.497s][info][gc,heap     ] GC(27) y: Reclaimed:         -                  -                48M (2%)          484M (24%)    
[2026-04-03T03:36:52.083+0600][29.497s][info][gc,heap     ] GC(27) y:  Promoted:         -                  -                 0M (0%)            7M (0%)     
[2026-04-03T03:36:52.083+0600][29.497s][info][gc,heap     ] GC(27) y: Compacted:         -                  -                  -                64M (3%)     
[2026-04-03T03:36:52.083+0600][29.497s][info][gc,phases   ] GC(27) y: Young Generation 1082M(54%)->962M(48%) 0.404s
[2026-04-03T03:36:52.083+0600][29.497s][info][gc          ] GC(27) Minor Collection (Allocation Rate) 1082M(54%)->962M(48%) 0.405s
[2026-04-03T03:36:52.306+0600][29.720s][info][gc          ] GC(28) Minor Collection (Allocation Rate)
[2026-04-03T03:36:52.306+0600][29.720s][info][gc,task     ] GC(28) Using 3 Workers for Young Generation
[2026-04-03T03:36:52.306+0600][29.720s][info][gc,phases   ] GC(28) y: Young Generation
[2026-04-03T03:36:52.307+0600][29.720s][info][gc,phases   ] GC(28) y: Pause Mark Start 0.026ms
[2026-04-03T03:36:52.736+0600][30.149s][info][gc,phases   ] GC(28) y: Concurrent Mark 428.928ms
[2026-04-03T03:36:52.736+0600][30.149s][info][gc,phases   ] GC(28) y: Pause Mark End 0.037ms
[2026-04-03T03:36:52.736+0600][30.150s][info][gc,phases   ] GC(28) y: Concurrent Mark Free 0.002ms
[2026-04-03T03:36:52.736+0600][30.150s][info][gc,phases   ] GC(28) y: Concurrent Reset Relocation Set 0.061ms
[2026-04-03T03:36:52.743+0600][30.156s][info][gc,reloc    ] GC(28) y: Using tenuring threshold: 1 (Computed)
[2026-04-03T03:36:52.823+0600][30.237s][info][gc,phases   ] GC(28) y: Concurrent Select Relocation Set 87.012ms
[2026-04-03T03:36:52.824+0600][30.237s][info][gc,phases   ] GC(28) y: Pause Relocate Start 0.027ms
[2026-04-03T03:36:53.024+0600][30.438s][info][gc,phases   ] GC(28) y: Concurrent Relocate 200.309ms
[2026-04-03T03:36:53.024+0600][30.438s][info][gc,alloc    ] GC(28) y:                         Mark Start        Mark End      Relocate Start    Relocate End   
[2026-04-03T03:36:53.024+0600][30.438s][info][gc,alloc    ] GC(28) y: Allocation Stalls:          0                0                0                0         
[2026-04-03T03:36:53.024+0600][30.438s][info][gc,load     ] GC(28) y: Load: 4.23 (35%) / 4.31 (36%) / 4.70 (39%)
[2026-04-03T03:36:53.024+0600][30.438s][info][gc,mmu      ] GC(28) y: MMU: 2ms/95.2%, 5ms/98.1%, 10ms/98.7%, 20ms/99.3%, 50ms/99.6%, 100ms/99.7%
[2026-04-03T03:36:53.024+0600][30.438s][info][gc,marking  ] GC(28) y: Mark: 2 stripe(s), 2 proactive flush(es), 1 terminate flush(es), 0 completion(s), 0 continuation(s) 
[2026-04-03T03:36:53.024+0600][30.438s][info][gc,marking  ] GC(28) y: Mark Stack Usage: 32M
[2026-04-03T03:36:53.024+0600][30.438s][info][gc,nmethod  ] GC(28) y: NMethods: 5416 registered, 140 unregistered
[2026-04-03T03:36:53.024+0600][30.438s][info][gc,metaspace] GC(28) y: Metaspace: 68M used, 69M committed, 1088M reserved
[2026-04-03T03:36:53.024+0600][30.438s][info][gc,reloc    ] GC(28) y:                        Candidates     Selected     In-Place         Size        Empty    Relocated 
[2026-04-03T03:36:53.024+0600][30.438s][info][gc,reloc    ] GC(28) y: Small Pages:                  321          241            0         642M           0M          35M 
[2026-04-03T03:36:53.024+0600][30.438s][info][gc,reloc    ] GC(28) y: Medium Pages:                   1            0            0          32M          32M           0M 
[2026-04-03T03:36:53.024+0600][30.438s][info][gc,reloc    ] GC(28) y: Large Pages:                    9            0            0          78M          18M           0M 
[2026-04-03T03:36:53.025+0600][30.438s][info][gc,reloc    ] GC(28) y: Forwarding Usage: 34M
[2026-04-03T03:36:53.025+0600][30.438s][info][gc,reloc    ] GC(28) y: Age Table:
[2026-04-03T03:36:53.025+0600][30.438s][info][gc,reloc    ] GC(28) y:                    Live             Garbage             Small              Medium             Large        
[2026-04-03T03:36:53.025+0600][30.438s][info][gc,reloc    ] GC(28) y: Eden              65M (3%)          482M (24%)        256 / 236            0 / 0              4 / 0        
[2026-04-03T03:36:53.025+0600][30.438s][info][gc,reloc    ] GC(28) y: Survivor 1        75M (4%)           56M (3%)          34 / 4              1 / 0              4 / 0        
[2026-04-03T03:36:53.025+0600][30.438s][info][gc,reloc    ] GC(28) y: Survivor 2        65M (3%)            6M (0%)          31 / 1              0 / 0              1 / 0        
[2026-04-03T03:36:53.025+0600][30.438s][info][gc,heap     ] GC(28) y: Min Capacity: 8M(0%)
[2026-04-03T03:36:53.025+0600][30.438s][info][gc,heap     ] GC(28) y: Max Capacity: 2000M(100%)
[2026-04-03T03:36:53.025+0600][30.438s][info][gc,heap     ] GC(28) y: Soft Max Capacity: 2000M(100%)
[2026-04-03T03:36:53.025+0600][30.438s][info][gc,heap     ] GC(28) y: Heap Statistics:
[2026-04-03T03:36:53.025+0600][30.438s][info][gc,heap     ] GC(28) y:                Mark Start          Mark End        Relocate Start      Relocate End           High               Low         
[2026-04-03T03:36:53.025+0600][30.438s][info][gc,heap     ] GC(28) y:  Capacity:     2000M (100%)       2000M (100%)       2000M (100%)       2000M (100%)       2000M (100%)       2000M (100%)   
[2026-04-03T03:36:53.025+0600][30.438s][info][gc,heap     ] GC(28) y:      Free:      790M (40%)         428M (21%)         402M (20%)         738M (37%)         836M (42%)         390M (20%)    
[2026-04-03T03:36:53.025+0600][30.438s][info][gc,heap     ] GC(28) y:      Used:     1210M (60%)        1572M (79%)        1598M (80%)        1262M (63%)        1610M (80%)        1164M (58%)    
[2026-04-03T03:36:53.025+0600][30.438s][info][gc,heap     ] GC(28) y: Young Generation Statistics:
[2026-04-03T03:36:53.025+0600][30.438s][info][gc,heap     ] GC(28) y:                Mark Start          Mark End        Relocate Start      Relocate End    
[2026-04-03T03:36:53.025+0600][30.438s][info][gc,heap     ] GC(28) y:      Used:      752M (38%)        1114M (56%)         998M (50%)         650M (32%)    
[2026-04-03T03:36:53.025+0600][30.438s][info][gc,heap     ] GC(28) y:      Live:         -               206M (10%)          71M (4%)           65M (3%)     
[2026-04-03T03:36:53.025+0600][30.438s][info][gc,heap     ] GC(28) y:   Garbage:         -               545M (27%)         488M (24%)           0M (0%)     
[2026-04-03T03:36:53.025+0600][30.438s][info][gc,heap     ] GC(28) y: Allocated:         -               362M (18%)         438M (22%)         584M (29%)    
[2026-04-03T03:36:53.025+0600][30.438s][info][gc,heap     ] GC(28) y: Reclaimed:         -                  -                56M (3%)          545M (27%)    
[2026-04-03T03:36:53.025+0600][30.438s][info][gc,heap     ] GC(28) y:  Promoted:         -                  -               135M (7%)          141M (7%)     
[2026-04-03T03:36:53.025+0600][30.438s][info][gc,heap     ] GC(28) y: Compacted:         -                  -                  -                35M (2%)     
[2026-04-03T03:36:53.025+0600][30.438s][info][gc,phases   ] GC(28) y: Young Generation 1210M(60%)->1262M(63%) 0.718s
[2026-04-03T03:36:53.025+0600][30.438s][info][gc          ] GC(28) Minor Collection (Allocation Rate) 1210M(60%)->1264M(63%) 0.719s
[2026-04-03T03:36:53.025+0600][30.438s][info][gc          ] GC(29) Major Collection (Allocation Rate)
[2026-04-03T03:36:53.025+0600][30.439s][info][gc,task     ] GC(29) Using 3 Workers for Young Generation
[2026-04-03T03:36:53.025+0600][30.439s][info][gc,task     ] GC(29) Using 1 Workers for Old Generation
[2026-04-03T03:36:53.025+0600][30.439s][info][gc,phases   ] GC(29) Y: Young Generation
[2026-04-03T03:36:53.025+0600][30.439s][info][gc,phases   ] GC(29) Y: Pause Mark Start (Major) 0.036ms
[2026-04-03T03:36:53.430+0600][30.843s][info][gc,phases   ] GC(29) Y: Concurrent Mark 404.521ms
[2026-04-03T03:36:53.430+0600][30.844s][info][gc,phases   ] GC(29) Y: Pause Mark End 0.039ms
[2026-04-03T03:36:53.431+0600][30.844s][info][gc,phases   ] GC(29) Y: Concurrent Mark Free 0.002ms
[2026-04-03T03:36:53.431+0600][30.844s][info][gc,phases   ] GC(29) Y: Concurrent Reset Relocation Set 0.225ms
[2026-04-03T03:36:53.438+0600][30.852s][info][gc,reloc    ] GC(29) Y: Using tenuring threshold: 1 (Computed)
[2026-04-03T03:36:53.476+0600][30.889s][info][gc,phases   ] GC(29) Y: Concurrent Select Relocation Set 45.010ms
[2026-04-03T03:36:53.476+0600][30.890s][info][gc,phases   ] GC(29) Y: Pause Relocate Start 0.029ms
[2026-04-03T03:36:53.665+0600][31.078s][info][gc,phases   ] GC(29) Y: Concurrent Relocate 188.122ms
[2026-04-03T03:36:53.665+0600][31.078s][info][gc,alloc    ] GC(29) Y:                         Mark Start        Mark End      Relocate Start    Relocate End   
[2026-04-03T03:36:53.665+0600][31.078s][info][gc,alloc    ] GC(29) Y: Allocation Stalls:          0                0                0                0         
[2026-04-03T03:36:53.665+0600][31.078s][info][gc,load     ] GC(29) Y: Load: 4.23 (35%) / 4.31 (36%) / 4.70 (39%)
[2026-04-03T03:36:53.665+0600][31.078s][info][gc,mmu      ] GC(29) Y: MMU: 2ms/95.2%, 5ms/98.1%, 10ms/98.7%, 20ms/99.3%, 50ms/99.6%, 100ms/99.7%
[2026-04-03T03:36:53.665+0600][31.078s][info][gc,marking  ] GC(29) Y: Mark: 2 stripe(s), 2 proactive flush(es), 1 terminate flush(es), 0 completion(s), 0 continuation(s) 
[2026-04-03T03:36:53.665+0600][31.078s][info][gc,marking  ] GC(29) Y: Mark Stack Usage: 32M
[2026-04-03T03:36:53.665+0600][31.078s][info][gc,nmethod  ] GC(29) Y: NMethods: 5421 registered, 140 unregistered
[2026-04-03T03:36:53.665+0600][31.078s][info][gc,metaspace] GC(29) Y: Metaspace: 68M used, 69M committed, 1088M reserved
[2026-04-03T03:36:53.665+0600][31.078s][info][gc,reloc    ] GC(29) Y:                        Candidates     Selected     In-Place         Size        Empty    Relocated 
[2026-04-03T03:36:53.665+0600][31.078s][info][gc,reloc    ] GC(29) Y: Small Pages:                  302          267            0         604M           0M          30M 
[2026-04-03T03:36:53.665+0600][31.078s][info][gc,reloc    ] GC(29) Y: Medium Pages:                   0            0            0           0M           0M           0M 
[2026-04-03T03:36:53.665+0600][31.078s][info][gc,reloc    ] GC(29) Y: Large Pages:                    4            0            0          48M           0M           0M 
[2026-04-03T03:36:53.665+0600][31.078s][info][gc,reloc    ] GC(29) Y: Forwarding Usage: 34M
[2026-04-03T03:36:53.665+0600][31.079s][info][gc,reloc    ] GC(29) Y: Age Table:
[2026-04-03T03:36:53.665+0600][31.079s][info][gc,reloc    ] GC(29) Y:                    Live             Garbage             Small              Medium             Large        
[2026-04-03T03:36:53.665+0600][31.079s][info][gc,reloc    ] GC(29) Y: Eden              48M (2%)          529M (26%)        280 / 262            0 / 0              1 / 0        
[2026-04-03T03:36:53.665+0600][31.079s][info][gc,reloc    ] GC(29) Y: Survivor 1        58M (3%)           15M (1%)          22 / 5              0 / 0              3 / 0        
[2026-04-03T03:36:53.665+0600][31.079s][info][gc,heap     ] GC(29) Y: Min Capacity: 8M(0%)
[2026-04-03T03:36:53.665+0600][31.079s][info][gc,heap     ] GC(29) Y: Max Capacity: 2000M(100%)
[2026-04-03T03:36:53.665+0600][31.079s][info][gc,heap     ] GC(29) Y: Soft Max Capacity: 2000M(100%)
[2026-04-03T03:36:53.665+0600][31.079s][info][gc,heap     ] GC(29) Y: Heap Statistics:
[2026-04-03T03:36:53.665+0600][31.079s][info][gc,heap     ] GC(29) Y:                Mark Start          Mark End        Relocate Start      Relocate End           High               Low         
[2026-04-03T03:36:53.665+0600][31.079s][info][gc,heap     ] GC(29) Y:  Capacity:     2000M (100%)       2000M (100%)       2000M (100%)       2000M (100%)       2000M (100%)       2000M (100%)   
[2026-04-03T03:36:53.665+0600][31.079s][info][gc,heap     ] GC(29) Y:      Free:      736M (37%)         504M (25%)         452M (23%)         952M (48%)         952M (48%)         436M (22%)    
[2026-04-03T03:36:53.665+0600][31.079s][info][gc,heap     ] GC(29) Y:      Used:     1264M (63%)        1496M (75%)        1548M (77%)        1048M (52%)        1564M (78%)        1048M (52%)    
[2026-04-03T03:36:53.665+0600][31.079s][info][gc,heap     ] GC(29) Y: Young Generation Statistics:
[2026-04-03T03:36:53.665+0600][31.079s][info][gc,heap     ] GC(29) Y:                Mark Start          Mark End        Relocate Start      Relocate End    
[2026-04-03T03:36:53.665+0600][31.079s][info][gc,heap     ] GC(29) Y:      Used:      652M (33%)         884M (44%)         874M (44%)         362M (18%)    
[2026-04-03T03:36:53.665+0600][31.079s][info][gc,heap     ] GC(29) Y:      Live:         -               107M (5%)           51M (3%)           48M (2%)     
[2026-04-03T03:36:53.665+0600][31.079s][info][gc,heap     ] GC(29) Y:   Garbage:         -               544M (27%)         538M (27%)           0M (0%)     
[2026-04-03T03:36:53.665+0600][31.079s][info][gc,heap     ] GC(29) Y: Allocated:         -               232M (12%)         284M (14%)         313M (16%)    
[2026-04-03T03:36:53.665+0600][31.079s][info][gc,heap     ] GC(29) Y: Reclaimed:         -                  -                 6M (0%)          544M (27%)    
[2026-04-03T03:36:53.665+0600][31.079s][info][gc,heap     ] GC(29) Y:  Promoted:         -                  -                55M (3%)           58M (3%)     
[2026-04-03T03:36:53.665+0600][31.079s][info][gc,heap     ] GC(29) Y: Compacted:         -                  -                  -                30M (2%)     
[2026-04-03T03:36:53.665+0600][31.079s][info][gc,phases   ] GC(29) Y: Young Generation 1264M(63%)->1048M(52%) 0.640s
[2026-04-03T03:36:53.665+0600][31.079s][info][gc,phases   ] GC(29) O: Old Generation
[2026-04-03T03:36:53.675+0600][31.089s][info][gc          ] GC(30) Minor Collection (Allocation Rate)
[2026-04-03T03:36:53.675+0600][31.089s][info][gc,task     ] GC(30) Using 2 Workers for Young Generation
[2026-04-03T03:36:53.675+0600][31.089s][info][gc,phases   ] GC(30) y: Young Generation
[2026-04-03T03:36:53.676+0600][31.089s][info][gc,phases   ] GC(30) y: Pause Mark Start 0.033ms
[2026-04-03T03:36:54.209+0600][31.622s][info][gc,phases   ] GC(30) y: Concurrent Mark 532.887ms
[2026-04-03T03:36:54.209+0600][31.623s][info][gc,phases   ] GC(30) y: Pause Mark End 0.045ms
[2026-04-03T03:36:54.210+0600][31.623s][info][gc,phases   ] GC(30) y: Concurrent Mark Free 0.002ms
[2026-04-03T03:36:54.210+0600][31.623s][info][gc,phases   ] GC(30) y: Concurrent Reset Relocation Set 0.151ms
[2026-04-03T03:36:54.216+0600][31.630s][info][gc,reloc    ] GC(30) y: Using tenuring threshold: 2 (Computed)
[2026-04-03T03:36:54.222+0600][31.635s][info][gc,phases   ] GC(30) y: Concurrent Select Relocation Set 12.051ms
[2026-04-03T03:36:54.222+0600][31.636s][info][gc,phases   ] GC(30) y: Pause Relocate Start 0.033ms
[2026-04-03T03:36:54.272+0600][31.685s][info][gc,phases   ] GC(30) y: Concurrent Relocate 49.364ms
[2026-04-03T03:36:54.272+0600][31.685s][info][gc,alloc    ] GC(30) y:                         Mark Start        Mark End      Relocate Start    Relocate End   
[2026-04-03T03:36:54.272+0600][31.685s][info][gc,alloc    ] GC(30) y: Allocation Stalls:          0                0                0                0         
[2026-04-03T03:36:54.272+0600][31.685s][info][gc,load     ] GC(30) y: Load: 4.23 (35%) / 4.31 (36%) / 4.70 (39%)
[2026-04-03T03:36:54.272+0600][31.685s][info][gc,mmu      ] GC(30) y: MMU: 2ms/95.2%, 5ms/98.1%, 10ms/98.7%, 20ms/99.3%, 50ms/99.6%, 100ms/99.7%
[2026-04-03T03:36:54.272+0600][31.685s][info][gc,marking  ] GC(30) y: Mark: 2 stripe(s), 2 proactive flush(es), 1 terminate flush(es), 0 completion(s), 0 continuation(s) 
[2026-04-03T03:36:54.272+0600][31.685s][info][gc,marking  ] GC(30) y: Mark Stack Usage: 32M
[2026-04-03T03:36:54.272+0600][31.685s][info][gc,nmethod  ] GC(30) y: NMethods: 5426 registered, 140 unregistered
[2026-04-03T03:36:54.272+0600][31.685s][info][gc,metaspace] GC(30) y: Metaspace: 68M used, 69M committed, 1088M reserved
[2026-04-03T03:36:54.272+0600][31.685s][info][gc,reloc    ] GC(30) y:                        Candidates     Selected     In-Place         Size        Empty    Relocated 
[2026-04-03T03:36:54.272+0600][31.685s][info][gc,reloc    ] GC(30) y: Small Pages:                  138          114            0         276M           0M          13M 
[2026-04-03T03:36:54.272+0600][31.685s][info][gc,reloc    ] GC(30) y: Medium Pages:                   1            0            0          32M           0M           0M 
[2026-04-03T03:36:54.272+0600][31.686s][info][gc,reloc    ] GC(30) y: Large Pages:                    3            0            0          54M           0M           0M 
[2026-04-03T03:36:54.272+0600][31.686s][info][gc,reloc    ] GC(30) y: Forwarding Usage: 15M
[2026-04-03T03:36:54.272+0600][31.686s][info][gc,reloc    ] GC(30) y: Age Table:
[2026-04-03T03:36:54.272+0600][31.686s][info][gc,reloc    ] GC(30) y:                    Live             Garbage             Small              Medium             Large        
[2026-04-03T03:36:54.272+0600][31.686s][info][gc,reloc    ] GC(30) y: Eden              50M (3%)          255M (13%)        119 / 111            1 / 0              2 / 0        
[2026-04-03T03:36:54.272+0600][31.686s][info][gc,reloc    ] GC(30) y: Survivor 1        47M (2%)            8M (0%)          19 / 3              0 / 0              1 / 0        
[2026-04-03T03:36:54.272+0600][31.686s][info][gc,heap     ] GC(30) y: Min Capacity: 8M(0%)
[2026-04-03T03:36:54.272+0600][31.686s][info][gc,heap     ] GC(30) y: Max Capacity: 2000M(100%)
[2026-04-03T03:36:54.272+0600][31.686s][info][gc,heap     ] GC(30) y: Soft Max Capacity: 2000M(100%)
[2026-04-03T03:36:54.272+0600][31.686s][info][gc,heap     ] GC(30) y: Heap Statistics:
[2026-04-03T03:36:54.272+0600][31.686s][info][gc,heap     ] GC(30) y:                Mark Start          Mark End        Relocate Start      Relocate End           High               Low         
[2026-04-03T03:36:54.272+0600][31.686s][info][gc,heap     ] GC(30) y:  Capacity:     2000M (100%)       2000M (100%)       2000M (100%)       2000M (100%)       2000M (100%)       2000M (100%)   
[2026-04-03T03:36:54.272+0600][31.686s][info][gc,heap     ] GC(30) y:      Free:      952M (48%)         850M (42%)         850M (42%)        1066M (53%)        1066M (53%)         836M (42%)    
[2026-04-03T03:36:54.272+0600][31.686s][info][gc,heap     ] GC(30) y:      Used:     1048M (52%)        1150M (57%)        1150M (57%)         934M (47%)        1164M (58%)         934M (47%)    
[2026-04-03T03:36:54.272+0600][31.686s][info][gc,heap     ] GC(30) y: Young Generation Statistics:
[2026-04-03T03:36:54.272+0600][31.686s][info][gc,heap     ] GC(30) y:                Mark Start          Mark End        Relocate Start      Relocate End    
[2026-04-03T03:36:54.272+0600][31.686s][info][gc,heap     ] GC(30) y:      Used:      362M (18%)         464M (23%)         464M (23%)         248M (12%)    
[2026-04-03T03:36:54.272+0600][31.686s][info][gc,heap     ] GC(30) y:      Live:         -                97M (5%)           97M (5%)           97M (5%)     
[2026-04-03T03:36:54.272+0600][31.686s][info][gc,heap     ] GC(30) y:   Garbage:         -               264M (13%)         264M (13%)          32M (2%)     
[2026-04-03T03:36:54.272+0600][31.686s][info][gc,heap     ] GC(30) y: Allocated:         -               102M (5%)          102M (5%)          117M (6%)     
[2026-04-03T03:36:54.272+0600][31.686s][info][gc,heap     ] GC(30) y: Reclaimed:         -                  -                 0M (0%)          231M (12%)    
[2026-04-03T03:36:54.272+0600][31.686s][info][gc,heap     ] GC(30) y:  Promoted:         -                  -                 0M (0%)            0M (0%)     
[2026-04-03T03:36:54.272+0600][31.686s][info][gc,heap     ] GC(30) y: Compacted:         -                  -                  -                14M (1%)     
[2026-04-03T03:36:54.273+0600][31.686s][info][gc,phases   ] GC(30) y: Young Generation 1048M(52%)->934M(47%) 0.596s
[2026-04-03T03:36:54.273+0600][31.686s][info][gc          ] GC(30) Minor Collection (Allocation Rate) 1048M(52%)->934M(47%) 0.597s
[2026-04-03T03:36:54.273+0600][31.686s][info][gc          ] GC(31) Minor Collection (Allocation Rate)
[2026-04-03T03:36:54.273+0600][31.686s][info][gc,task     ] GC(31) Using 2 Workers for Young Generation
[2026-04-03T03:36:54.273+0600][31.686s][info][gc,phases   ] GC(31) y: Young Generation
[2026-04-03T03:36:54.281+0600][31.694s][info][gc,phases   ] GC(31) y: Pause Mark Start 0.044ms
[2026-04-03T03:36:54.796+0600][32.209s][info][gc,phases   ] GC(31) y: Concurrent Mark 514.833ms
[2026-04-03T03:36:54.796+0600][32.210s][info][gc,phases   ] GC(31) y: Pause Mark End 0.024ms
[2026-04-03T03:36:54.797+0600][32.210s][info][gc,phases   ] GC(31) y: Concurrent Mark Free 0.001ms
[2026-04-03T03:36:54.797+0600][32.210s][info][gc,phases   ] GC(31) y: Concurrent Reset Relocation Set 0.023ms
[2026-04-03T03:36:54.799+0600][32.213s][info][gc,reloc    ] GC(31) y: Using tenuring threshold: 1 (Computed)
[2026-04-03T03:36:54.867+0600][32.280s][info][gc,phases   ] GC(31) y: Concurrent Select Relocation Set 70.258ms
[2026-04-03T03:36:54.867+0600][32.281s][info][gc,phases   ] GC(31) y: Pause Relocate Start 0.024ms
[2026-04-03T03:36:55.027+0600][32.440s][info][gc,phases   ] GC(31) y: Concurrent Relocate 159.440ms
[2026-04-03T03:36:55.027+0600][32.440s][info][gc,alloc    ] GC(31) y:                         Mark Start        Mark End      Relocate Start    Relocate End   
[2026-04-03T03:36:55.027+0600][32.440s][info][gc,alloc    ] GC(31) y: Allocation Stalls:          0                0                0                0         
[2026-04-03T03:36:55.027+0600][32.440s][info][gc,load     ] GC(31) y: Load: 4.23 (35%) / 4.31 (36%) / 4.70 (39%)
[2026-04-03T03:36:55.027+0600][32.440s][info][gc,mmu      ] GC(31) y: MMU: 2ms/95.2%, 5ms/98.1%, 10ms/98.7%, 20ms/99.3%, 50ms/99.6%, 100ms/99.7%
[2026-04-03T03:36:55.027+0600][32.440s][info][gc,marking  ] GC(31) y: Mark: 2 stripe(s), 10 proactive flush(es), 1 terminate flush(es), 0 completion(s), 0 continuation(s) 
[2026-04-03T03:36:55.027+0600][32.440s][info][gc,marking  ] GC(31) y: Mark Stack Usage: 32M
[2026-04-03T03:36:55.027+0600][32.440s][info][gc,nmethod  ] GC(31) y: NMethods: 5457 registered, 140 unregistered
[2026-04-03T03:36:55.027+0600][32.440s][info][gc,metaspace] GC(31) y: Metaspace: 68M used, 69M committed, 1088M reserved
[2026-04-03T03:36:55.027+0600][32.440s][info][gc,reloc    ] GC(31) y:                        Candidates     Selected     In-Place         Size        Empty    Relocated 
[2026-04-03T03:36:55.027+0600][32.440s][info][gc,reloc    ] GC(31) y: Small Pages:                   65           40            0         130M           0M           6M 
[2026-04-03T03:36:55.027+0600][32.440s][info][gc,reloc    ] GC(31) y: Medium Pages:                   2            0            0          64M          32M           0M 
[2026-04-03T03:36:55.027+0600][32.440s][info][gc,reloc    ] GC(31) y: Large Pages:                    3            0            0          54M           0M           0M 
[2026-04-03T03:36:55.027+0600][32.440s][info][gc,reloc    ] GC(31) y: Forwarding Usage: 8M
[2026-04-03T03:36:55.027+0600][32.440s][info][gc,reloc    ] GC(31) y: Age Table:
[2026-04-03T03:36:55.027+0600][32.441s][info][gc,reloc    ] GC(31) y:                    Live             Garbage             Small              Medium             Large        
[2026-04-03T03:36:55.027+0600][32.441s][info][gc,reloc    ] GC(31) y: Eden               8M (0%)           93M (5%)          35 / 32             1 / 0              0 / 0        
[2026-04-03T03:36:55.027+0600][32.441s][info][gc,reloc    ] GC(31) y: Survivor 1        49M (2%)           38M (2%)          10 / 4              1 / 0              2 / 0        
[2026-04-03T03:36:55.027+0600][32.441s][info][gc,reloc    ] GC(31) y: Survivor 2        47M (2%)           10M (1%)          20 / 4              0 / 0              1 / 0        
[2026-04-03T03:36:55.027+0600][32.441s][info][gc,heap     ] GC(31) y: Min Capacity: 8M(0%)
[2026-04-03T03:36:55.027+0600][32.441s][info][gc,heap     ] GC(31) y: Max Capacity: 2000M(100%)
[2026-04-03T03:36:55.027+0600][32.441s][info][gc,heap     ] GC(31) y: Soft Max Capacity: 2000M(100%)
[2026-04-03T03:36:55.027+0600][32.441s][info][gc,heap     ] GC(31) y: Heap Statistics:
[2026-04-03T03:36:55.027+0600][32.441s][info][gc,heap     ] GC(31) y:                Mark Start          Mark End        Relocate Start      Relocate End           High               Low         
[2026-04-03T03:36:55.027+0600][32.441s][info][gc,heap     ] GC(31) y:  Capacity:     2000M (100%)       2000M (100%)       2000M (100%)       2000M (100%)       2000M (100%)       2000M (100%)   
[2026-04-03T03:36:55.027+0600][32.441s][info][gc,heap     ] GC(31) y:      Free:     1066M (53%)         988M (49%)        1018M (51%)        1082M (54%)        1092M (55%)         988M (49%)    
[2026-04-03T03:36:55.027+0600][32.441s][info][gc,heap     ] GC(31) y:      Used:      934M (47%)        1012M (51%)         982M (49%)         918M (46%)        1012M (51%)         908M (45%)    
[2026-04-03T03:36:55.027+0600][32.441s][info][gc,heap     ] GC(31) y: Young Generation Statistics:
[2026-04-03T03:36:55.027+0600][32.441s][info][gc,heap     ] GC(31) y:                Mark Start          Mark End        Relocate Start      Relocate End    
[2026-04-03T03:36:55.027+0600][32.441s][info][gc,heap     ] GC(31) y:      Used:      248M (12%)         326M (16%)         202M (10%)         130M (6%)     
[2026-04-03T03:36:55.027+0600][32.441s][info][gc,heap     ] GC(31) y:      Live:         -               105M (5%)           13M (1%)            8M (0%)     
[2026-04-03T03:36:55.027+0600][32.441s][info][gc,heap     ] GC(31) y:   Garbage:         -               142M (7%)          108M (5%)           26M (1%)     
[2026-04-03T03:36:55.027+0600][32.441s][info][gc,heap     ] GC(31) y: Allocated:         -                78M (4%)           80M (4%)           94M (5%)     
[2026-04-03T03:36:55.027+0600][32.441s][info][gc,heap     ] GC(31) y: Reclaimed:         -                  -                34M (2%)          115M (6%)     
[2026-04-03T03:36:55.027+0600][32.441s][info][gc,heap     ] GC(31) y:  Promoted:         -                  -                91M (5%)           96M (5%)     
[2026-04-03T03:36:55.027+0600][32.441s][info][gc,heap     ] GC(31) y: Compacted:         -                  -                  -                 3M (0%)     
[2026-04-03T03:36:55.027+0600][32.441s][info][gc,phases   ] GC(31) y: Young Generation 934M(47%)->918M(46%) 0.754s
[2026-04-03T03:36:55.027+0600][32.441s][info][gc          ] GC(31) Minor Collection (Allocation Rate) 934M(47%)->918M(46%) 0.755s
[2026-04-03T03:36:55.027+0600][32.441s][info][gc          ] GC(32) Minor Collection (Allocation Rate)
[2026-04-03T03:36:55.028+0600][32.441s][info][gc,task     ] GC(32) Using 2 Workers for Young Generation
[2026-04-03T03:36:55.028+0600][32.441s][info][gc,phases   ] GC(32) y: Young Generation
[2026-04-03T03:36:55.028+0600][32.441s][info][gc,phases   ] GC(32) y: Pause Mark Start 0.024ms
[2026-04-03T03:36:55.100+0600][32.514s][info][gc,phases   ] GC(32) y: Concurrent Mark 72.270ms
[2026-04-03T03:36:55.100+0600][32.514s][info][gc,phases   ] GC(32) y: Pause Mark End 0.022ms
[2026-04-03T03:36:55.101+0600][32.514s][info][gc,phases   ] GC(32) y: Concurrent Mark Free 0.001ms
[2026-04-03T03:36:55.101+0600][32.514s][info][gc,phases   ] GC(32) y: Concurrent Reset Relocation Set 0.067ms
[2026-04-03T03:36:55.103+0600][32.516s][info][gc,reloc    ] GC(32) y: Using tenuring threshold: 2 (Computed)
[2026-04-03T03:36:55.104+0600][32.517s][info][gc,phases   ] GC(32) y: Concurrent Select Relocation Set 3.179ms
[2026-04-03T03:36:55.104+0600][32.518s][info][gc,phases   ] GC(32) y: Pause Relocate Start 0.016ms
[2026-04-03T03:36:55.105+0600][32.518s][info][gc,phases   ] GC(32) y: Concurrent Relocate 0.600ms
[2026-04-03T03:36:55.105+0600][32.518s][info][gc,alloc    ] GC(32) y:                         Mark Start        Mark End      Relocate Start    Relocate End   
[2026-04-03T03:36:55.105+0600][32.518s][info][gc,alloc    ] GC(32) y: Allocation Stalls:          0                0                0                0         
[2026-04-03T03:36:55.105+0600][32.518s][info][gc,load     ] GC(32) y: Load: 4.23 (35%) / 4.31 (36%) / 4.70 (39%)
[2026-04-03T03:36:55.105+0600][32.518s][info][gc,mmu      ] GC(32) y: MMU: 2ms/95.2%, 5ms/98.1%, 10ms/98.7%, 20ms/99.3%, 50ms/99.6%, 100ms/99.7%
[2026-04-03T03:36:55.105+0600][32.518s][info][gc,marking  ] GC(32) y: Mark: 2 stripe(s), 2 proactive flush(es), 1 terminate flush(es), 0 completion(s), 0 continuation(s) 
[2026-04-03T03:36:55.105+0600][32.519s][info][gc,marking  ] GC(32) y: Mark Stack Usage: 32M
[2026-04-03T03:36:55.105+0600][32.519s][info][gc,nmethod  ] GC(32) y: NMethods: 5522 registered, 140 unregistered
[2026-04-03T03:36:55.105+0600][32.519s][info][gc,metaspace] GC(32) y: Metaspace: 68M used, 69M committed, 1088M reserved
[2026-04-03T03:36:55.105+0600][32.519s][info][gc,reloc    ] GC(32) y:                        Candidates     Selected     In-Place         Size        Empty    Relocated 
[2026-04-03T03:36:55.105+0600][32.519s][info][gc,reloc    ] GC(32) y: Small Pages:                   33           18            0          66M          24M           0M 
[2026-04-03T03:36:55.105+0600][32.519s][info][gc,reloc    ] GC(32) y: Medium Pages:                   2            0            0          64M          32M           0M 
[2026-04-03T03:36:55.105+0600][32.519s][info][gc,reloc    ] GC(32) y: Large Pages:                    0            0            0           0M           0M           0M 
[2026-04-03T03:36:55.105+0600][32.519s][info][gc,reloc    ] GC(32) y: Forwarding Usage: 0M
[2026-04-03T03:36:55.105+0600][32.519s][info][gc,reloc    ] GC(32) y: Age Table:
[2026-04-03T03:36:55.105+0600][32.519s][info][gc,reloc    ] GC(32) y:                    Live             Garbage             Small              Medium             Large        
[2026-04-03T03:36:55.105+0600][32.519s][info][gc,reloc    ] GC(32) y: Eden               6M (0%)           83M (4%)          29 / 16             1 / 0              0 / 0        
[2026-04-03T03:36:55.105+0600][32.519s][info][gc,reloc    ] GC(32) y: Survivor 1         3M (0%)           36M (2%)           4 / 2              1 / 0              0 / 0        
[2026-04-03T03:36:55.105+0600][32.519s][info][gc,heap     ] GC(32) y: Min Capacity: 8M(0%)
[2026-04-03T03:36:55.105+0600][32.519s][info][gc,heap     ] GC(32) y: Max Capacity: 2000M(100%)
[2026-04-03T03:36:55.105+0600][32.519s][info][gc,heap     ] GC(32) y: Soft Max Capacity: 2000M(100%)
[2026-04-03T03:36:55.105+0600][32.519s][info][gc,heap     ] GC(32) y: Heap Statistics:
[2026-04-03T03:36:55.105+0600][32.519s][info][gc,heap     ] GC(32) y:                Mark Start          Mark End        Relocate Start      Relocate End           High               Low         
[2026-04-03T03:36:55.105+0600][32.519s][info][gc,heap     ] GC(32) y:  Capacity:     2000M (100%)       2000M (100%)       2000M (100%)       2000M (100%)       2000M (100%)       2000M (100%)   
[2026-04-03T03:36:55.105+0600][32.519s][info][gc,heap     ] GC(32) y:      Free:     1082M (54%)        1026M (51%)        1080M (54%)        1108M (55%)        1108M (55%)        1024M (51%)    
[2026-04-03T03:36:55.105+0600][32.519s][info][gc,heap     ] GC(32) y:      Used:      918M (46%)         974M (49%)         920M (46%)         892M (45%)         976M (49%)         892M (45%)    
[2026-04-03T03:36:55.105+0600][32.519s][info][gc,heap     ] GC(32) y: Young Generation Statistics:
[2026-04-03T03:36:55.105+0600][32.519s][info][gc,heap     ] GC(32) y:                Mark Start          Mark End        Relocate Start      Relocate End    
[2026-04-03T03:36:55.105+0600][32.519s][info][gc,heap     ] GC(32) y:      Used:      130M (6%)          186M (9%)          132M (7%)          104M (5%)     
[2026-04-03T03:36:55.105+0600][32.519s][info][gc,heap     ] GC(32) y:      Live:         -                 9M (0%)            9M (0%)            9M (0%)     
[2026-04-03T03:36:55.105+0600][32.519s][info][gc,heap     ] GC(32) y:   Garbage:         -               120M (6%)           64M (3%)           26M (1%)     
[2026-04-03T03:36:55.105+0600][32.519s][info][gc,heap     ] GC(32) y: Allocated:         -                56M (3%)           58M (3%)           67M (3%)     
[2026-04-03T03:36:55.105+0600][32.519s][info][gc,heap     ] GC(32) y: Reclaimed:         -                  -                56M (3%)           93M (5%)     
[2026-04-03T03:36:55.105+0600][32.519s][info][gc,heap     ] GC(32) y:  Promoted:         -                  -                 0M (0%)            0M (0%)     
[2026-04-03T03:36:55.105+0600][32.519s][info][gc,heap     ] GC(32) y: Compacted:         -                  -                  -                 0M (0%)     
[2026-04-03T03:36:55.105+0600][32.519s][info][gc,phases   ] GC(32) y: Young Generation 918M(46%)->892M(45%) 0.078s
[2026-04-03T03:36:55.105+0600][32.519s][info][gc          ] GC(32) Minor Collection (Allocation Rate) 918M(46%)->892M(45%) 0.078s
[2026-04-03T03:36:55.105+0600][32.519s][info][gc,task     ] Adjusting Workers for Old Generation: 1 -> 2
[2026-04-03T03:36:55.106+0600][32.519s][info][gc          ] GC(33) Minor Collection (Allocation Rate)
[2026-04-03T03:36:55.106+0600][32.519s][info][gc,task     ] GC(33) Using 1 Workers for Young Generation
[2026-04-03T03:36:55.106+0600][32.519s][info][gc,phases   ] GC(33) y: Young Generation
[2026-04-03T03:36:55.106+0600][32.519s][info][gc,phases   ] GC(33) y: Pause Mark Start 0.027ms
[2026-04-03T03:36:55.176+0600][32.589s][info][gc,phases   ] GC(33) y: Concurrent Mark 69.932ms
[2026-04-03T03:36:55.176+0600][32.590s][info][gc,phases   ] GC(33) y: Pause Mark End 0.031ms
[2026-04-03T03:36:55.176+0600][32.590s][info][gc,phases   ] GC(33) y: Concurrent Mark Free 0.002ms
[2026-04-03T03:36:55.176+0600][32.590s][info][gc,phases   ] GC(33) y: Concurrent Reset Relocation Set 0.006ms
[2026-04-03T03:36:55.180+0600][32.594s][info][gc,reloc    ] GC(33) y: Using tenuring threshold: 1 (Computed)
[2026-04-03T03:36:55.190+0600][32.603s][info][gc,phases   ] GC(33) y: Concurrent Select Relocation Set 13.380ms
[2026-04-03T03:36:55.190+0600][32.604s][info][gc,phases   ] GC(33) y: Pause Relocate Start 0.032ms
[2026-04-03T03:36:55.220+0600][32.633s][info][gc,phases   ] GC(33) y: Concurrent Relocate 29.138ms
[2026-04-03T03:36:55.220+0600][32.633s][info][gc,alloc    ] GC(33) y:                         Mark Start        Mark End      Relocate Start    Relocate End   
[2026-04-03T03:36:55.220+0600][32.633s][info][gc,alloc    ] GC(33) y: Allocation Stalls:          0                0                0                0         
[2026-04-03T03:36:55.220+0600][32.633s][info][gc,load     ] GC(33) y: Load: 4.23 (35%) / 4.31 (36%) / 4.70 (39%)
[2026-04-03T03:36:55.220+0600][32.633s][info][gc,mmu      ] GC(33) y: MMU: 2ms/95.2%, 5ms/98.1%, 10ms/98.7%, 20ms/99.3%, 50ms/99.6%, 100ms/99.7%
[2026-04-03T03:36:55.220+0600][32.633s][info][gc,marking  ] GC(33) y: Mark: 1 stripe(s), 2 proactive flush(es), 1 terminate flush(es), 0 completion(s), 0 continuation(s) 
[2026-04-03T03:36:55.220+0600][32.633s][info][gc,marking  ] GC(33) y: Mark Stack Usage: 32M
[2026-04-03T03:36:55.220+0600][32.633s][info][gc,nmethod  ] GC(33) y: NMethods: 5568 registered, 140 unregistered
[2026-04-03T03:36:55.220+0600][32.633s][info][gc,metaspace] GC(33) y: Metaspace: 68M used, 69M committed, 1088M reserved
[2026-04-03T03:36:55.220+0600][32.633s][info][gc,reloc    ] GC(33) y:                        Candidates     Selected     In-Place         Size        Empty    Relocated 
[2026-04-03T03:36:55.220+0600][32.633s][info][gc,reloc    ] GC(33) y: Small Pages:                   17           12            0          34M           4M           0M 
[2026-04-03T03:36:55.220+0600][32.633s][info][gc,reloc    ] GC(33) y: Medium Pages:                   2            0            0          64M          32M           0M 
[2026-04-03T03:36:55.220+0600][32.633s][info][gc,reloc    ] GC(33) y: Large Pages:                    1            0            0           6M           6M           0M 
[2026-04-03T03:36:55.220+0600][32.633s][info][gc,reloc    ] GC(33) y: Forwarding Usage: 0M
[2026-04-03T03:36:55.220+0600][32.633s][info][gc,reloc    ] GC(33) y: Age Table:
[2026-04-03T03:36:55.220+0600][32.633s][info][gc,reloc    ] GC(33) y:                    Live             Garbage             Small              Medium             Large        
[2026-04-03T03:36:55.220+0600][32.633s][info][gc,reloc    ] GC(33) y: Eden               0M (0%)           57M (3%)          10 / 8              1 / 0              1 / 0        
[2026-04-03T03:36:55.220+0600][32.633s][info][gc,reloc    ] GC(33) y: Survivor 1         6M (0%)           31M (2%)           3 / 2              1 / 0              0 / 0        
[2026-04-03T03:36:55.220+0600][32.633s][info][gc,reloc    ] GC(33) y: Survivor 2         3M (0%)            4M (0%)           4 / 2              0 / 0              0 / 0        
[2026-04-03T03:36:55.220+0600][32.633s][info][gc,heap     ] GC(33) y: Min Capacity: 8M(0%)
[2026-04-03T03:36:55.220+0600][32.633s][info][gc,heap     ] GC(33) y: Max Capacity: 2000M(100%)
[2026-04-03T03:36:55.220+0600][32.633s][info][gc,heap     ] GC(33) y: Soft Max Capacity: 2000M(100%)
[2026-04-03T03:36:55.220+0600][32.633s][info][gc,heap     ] GC(33) y: Heap Statistics:
[2026-04-03T03:36:55.220+0600][32.633s][info][gc,heap     ] GC(33) y:                Mark Start          Mark End        Relocate Start      Relocate End           High               Low         
[2026-04-03T03:36:55.220+0600][32.634s][info][gc,heap     ] GC(33) y:  Capacity:     2000M (100%)       2000M (100%)       2000M (100%)       2000M (100%)       2000M (100%)       2000M (100%)   
[2026-04-03T03:36:55.220+0600][32.634s][info][gc,heap     ] GC(33) y:      Free:     1108M (55%)        1016M (51%)        1052M (53%)        1062M (53%)        1108M (55%)        1016M (51%)    
[2026-04-03T03:36:55.220+0600][32.634s][info][gc,heap     ] GC(33) y:      Used:      892M (45%)         984M (49%)         948M (47%)         938M (47%)         984M (49%)         892M (45%)    
[2026-04-03T03:36:55.220+0600][32.634s][info][gc,heap     ] GC(33) y: Young Generation Statistics:
[2026-04-03T03:36:55.220+0600][32.634s][info][gc,heap     ] GC(33) y:                Mark Start          Mark End        Relocate Start      Relocate End    
[2026-04-03T03:36:55.220+0600][32.634s][info][gc,heap     ] GC(33) y:      Used:      104M (5%)          196M (10%)         124M (6%)          112M (6%)     
[2026-04-03T03:36:55.220+0600][32.634s][info][gc,heap     ] GC(33) y:      Live:         -                 9M (0%)            0M (0%)            0M (0%)     
[2026-04-03T03:36:55.220+0600][32.634s][info][gc,heap     ] GC(33) y:   Garbage:         -                94M (5%)           25M (1%)            0M (0%)     
[2026-04-03T03:36:55.220+0600][32.634s][info][gc,heap     ] GC(33) y: Allocated:         -                92M (5%)           98M (5%)          111M (6%)     
[2026-04-03T03:36:55.220+0600][32.634s][info][gc,heap     ] GC(33) y: Reclaimed:         -                  -                68M (3%)           94M (5%)     
[2026-04-03T03:36:55.220+0600][32.634s][info][gc,heap     ] GC(33) y:  Promoted:         -                  -                 9M (0%)            9M (0%)     
[2026-04-03T03:36:55.220+0600][32.634s][info][gc,heap     ] GC(33) y: Compacted:         -                  -                  -                 0M (0%)     
[2026-04-03T03:36:55.220+0600][32.634s][info][gc,phases   ] GC(33) y: Young Generation 892M(45%)->938M(47%) 0.114s
[2026-04-03T03:36:55.220+0600][32.634s][info][gc          ] GC(33) Minor Collection (Allocation Rate) 892M(45%)->938M(47%) 0.115s
[2026-04-03T03:36:55.220+0600][32.634s][info][gc,task     ] Adjusting Workers for Old Generation: 2 -> 1
[2026-04-03T03:36:55.221+0600][32.634s][info][gc          ] GC(34) Minor Collection (Allocation Rate)
[2026-04-03T03:36:55.221+0600][32.634s][info][gc,task     ] GC(34) Using 2 Workers for Young Generation
[2026-04-03T03:36:55.221+0600][32.634s][info][gc,phases   ] GC(34) y: Young Generation
[2026-04-03T03:36:55.221+0600][32.634s][info][gc,phases   ] GC(34) y: Pause Mark Start 0.027ms
[2026-04-03T03:36:55.276+0600][32.689s][info][gc,phases   ] GC(34) y: Concurrent Mark 54.795ms
[2026-04-03T03:36:55.276+0600][32.690s][info][gc,phases   ] GC(34) y: Pause Mark End 0.046ms
[2026-04-03T03:36:55.277+0600][32.690s][info][gc,phases   ] GC(34) y: Concurrent Mark Free 0.003ms
[2026-04-03T03:36:55.277+0600][32.690s][info][gc,phases   ] GC(34) y: Concurrent Reset Relocation Set 0.015ms
[2026-04-03T03:36:55.279+0600][32.692s][info][gc,reloc    ] GC(34) y: Using tenuring threshold: 2 (Computed)
[2026-04-03T03:36:55.283+0600][32.696s][info][gc,phases   ] GC(29) O: Concurrent Mark 1617.240ms
[2026-04-03T03:36:55.284+0600][32.697s][info][gc,phases   ] GC(29) O: Pause Mark End 0.063ms
[2026-04-03T03:36:55.284+0600][32.698s][info][gc,phases   ] GC(29) O: Concurrent Mark Free 0.005ms
[2026-04-03T03:36:55.284+0600][32.698s][info][gc,phases   ] GC(34) y: Concurrent Select Relocation Set 7.751ms
[2026-04-03T03:36:55.285+0600][32.698s][info][gc,phases   ] GC(34) y: Pause Relocate Start 0.037ms
[2026-04-03T03:36:55.304+0600][32.718s][info][gc,phases   ] GC(34) y: Concurrent Relocate 19.557ms
[2026-04-03T03:36:55.305+0600][32.718s][info][gc,alloc    ] GC(34) y:                         Mark Start        Mark End      Relocate Start    Relocate End   
[2026-04-03T03:36:55.305+0600][32.718s][info][gc,alloc    ] GC(34) y: Allocation Stalls:          0                0                0                0         
[2026-04-03T03:36:55.305+0600][32.718s][info][gc,load     ] GC(34) y: Load: 4.23 (35%) / 4.31 (36%) / 4.70 (39%)
[2026-04-03T03:36:55.305+0600][32.718s][info][gc,mmu      ] GC(34) y: MMU: 2ms/95.0%, 5ms/98.0%, 10ms/98.5%, 20ms/99.3%, 50ms/99.6%, 100ms/99.7%
[2026-04-03T03:36:55.305+0600][32.718s][info][gc,marking  ] GC(34) y: Mark: 2 stripe(s), 2 proactive flush(es), 1 terminate flush(es), 0 completion(s), 0 continuation(s) 
[2026-04-03T03:36:55.305+0600][32.718s][info][gc,marking  ] GC(34) y: Mark Stack Usage: 32M
[2026-04-03T03:36:55.305+0600][32.718s][info][gc,nmethod  ] GC(34) y: NMethods: 5472 registered, 239 unregistered
[2026-04-03T03:36:55.305+0600][32.718s][info][gc,metaspace] GC(34) y: Metaspace: 68M used, 69M committed, 1088M reserved
[2026-04-03T03:36:55.305+0600][32.718s][info][gc,reloc    ] GC(34) y:                        Candidates     Selected     In-Place         Size        Empty    Relocated 
[2026-04-03T03:36:55.305+0600][32.718s][info][gc,reloc    ] GC(34) y: Small Pages:                   40           35            0          80M           0M           5M 
[2026-04-03T03:36:55.305+0600][32.718s][info][gc,reloc    ] GC(34) y: Medium Pages:                   1            0            0          32M           0M           0M 
[2026-04-03T03:36:55.305+0600][32.718s][info][gc,reloc    ] GC(34) y: Large Pages:                    0            0            0           0M           0M           0M 
[2026-04-03T03:36:55.305+0600][32.718s][info][gc,reloc    ] GC(34) y: Forwarding Usage: 7M
[2026-04-03T03:36:55.305+0600][32.718s][info][gc,reloc    ] GC(34) y: Age Table:
[2026-04-03T03:36:55.305+0600][32.718s][info][gc,reloc    ] GC(34) y:                    Live             Garbage             Small              Medium             Large        
[2026-04-03T03:36:55.305+0600][32.718s][info][gc,reloc    ] GC(34) y: Eden              13M (1%)           96M (5%)          39 / 34             1 / 0              0 / 0        
[2026-04-03T03:36:55.305+0600][32.718s][info][gc,reloc    ] GC(34) y: Survivor 1         0M (0%)            1M (0%)           1 / 1              0 / 0              0 / 0        
[2026-04-03T03:36:55.305+0600][32.718s][info][gc,heap     ] GC(34) y: Min Capacity: 8M(0%)
[2026-04-03T03:36:55.305+0600][32.718s][info][gc,heap     ] GC(34) y: Max Capacity: 2000M(100%)
[2026-04-03T03:36:55.305+0600][32.718s][info][gc,heap     ] GC(34) y: Soft Max Capacity: 2000M(100%)
[2026-04-03T03:36:55.305+0600][32.718s][info][gc,heap     ] GC(34) y: Heap Statistics:
[2026-04-03T03:36:55.305+0600][32.718s][info][gc,heap     ] GC(34) y:                Mark Start          Mark End        Relocate Start      Relocate End           High               Low         
[2026-04-03T03:36:55.305+0600][32.718s][info][gc,heap     ] GC(34) y:  Capacity:     2000M (100%)       2000M (100%)       2000M (100%)       2000M (100%)       2000M (100%)       2000M (100%)   
[2026-04-03T03:36:55.305+0600][32.718s][info][gc,heap     ] GC(34) y:      Free:     1062M (53%)        1022M (51%)        1020M (51%)        1072M (54%)        1072M (54%)        1012M (51%)    
[2026-04-03T03:36:55.305+0600][32.718s][info][gc,heap     ] GC(34) y:      Used:      938M (47%)         978M (49%)         980M (49%)         928M (46%)         988M (49%)         928M (46%)    
[2026-04-03T03:36:55.305+0600][32.718s][info][gc,heap     ] GC(34) y: Young Generation Statistics:
[2026-04-03T03:36:55.305+0600][32.718s][info][gc,heap     ] GC(34) y:                Mark Start          Mark End        Relocate Start      Relocate End    
[2026-04-03T03:36:55.305+0600][32.718s][info][gc,heap     ] GC(34) y:      Used:      112M (6%)          152M (8%)          154M (8%)          102M (5%)     
[2026-04-03T03:36:55.305+0600][32.718s][info][gc,heap     ] GC(34) y:      Live:         -                13M (1%)           13M (1%)           13M (1%)     
[2026-04-03T03:36:55.305+0600][32.718s][info][gc,heap     ] GC(34) y:   Garbage:         -                98M (5%)           98M (5%)           27M (1%)     
[2026-04-03T03:36:55.305+0600][32.718s][info][gc,heap     ] GC(34) y: Allocated:         -                40M (2%)           42M (2%)           61M (3%)     
[2026-04-03T03:36:55.305+0600][32.718s][info][gc,heap     ] GC(34) y: Reclaimed:         -                  -                 0M (0%)           71M (4%)     
[2026-04-03T03:36:55.305+0600][32.718s][info][gc,heap     ] GC(34) y:  Promoted:         -                  -                 0M (0%)            0M (0%)     
[2026-04-03T03:36:55.305+0600][32.718s][info][gc,heap     ] GC(34) y: Compacted:         -                  -                  -                 6M (0%)     
[2026-04-03T03:36:55.305+0600][32.718s][info][gc,phases   ] GC(34) y: Young Generation 938M(47%)->928M(46%) 0.084s
[2026-04-03T03:36:55.305+0600][32.718s][info][gc          ] GC(34) Minor Collection (Allocation Rate) 938M(47%)->928M(46%) 0.085s
[2026-04-03T03:36:55.307+0600][32.721s][info][gc,phases   ] GC(29) O: Concurrent Process Non-Strong 22.934ms
[2026-04-03T03:36:55.307+0600][32.721s][info][gc,phases   ] GC(29) O: Concurrent Reset Relocation Set 0.018ms
[2026-04-03T03:36:55.315+0600][32.728s][info][gc,phases   ] GC(29) O: Concurrent Select Relocation Set 7.297ms
[2026-04-03T03:36:55.315+0600][32.728s][info][gc,task     ] GC(29) O: Using 3 Workers for Old Generation
[2026-04-03T03:36:55.315+0600][32.729s][info][gc,task     ] Adjusting Workers for Old Generation: 3 -> 1
[2026-04-03T03:36:55.339+0600][32.752s][info][gc,task     ] GC(29) O: Using 1 Workers for Old Generation
[2026-04-03T03:36:55.339+0600][32.752s][info][gc,phases   ] GC(29) O: Concurrent Remap Roots 24.172ms
[2026-04-03T03:36:55.339+0600][32.753s][info][gc,phases   ] GC(29) O: Pause Relocate Start 0.043ms
[2026-04-03T03:36:55.340+0600][32.753s][info][gc          ] GC(35) Minor Collection (Allocation Rate)
[2026-04-03T03:36:55.340+0600][32.753s][info][gc,task     ] GC(35) Using 2 Workers for Young Generation
[2026-04-03T03:36:55.340+0600][32.753s][info][gc,phases   ] GC(35) y: Young Generation
[2026-04-03T03:36:55.342+0600][32.755s][info][gc,phases   ] GC(35) y: Pause Mark Start 0.162ms
[2026-04-03T03:36:55.469+0600][32.883s][info][gc,phases   ] GC(29) O: Concurrent Relocate 129.563ms
[2026-04-03T03:36:55.471+0600][32.884s][info][gc,phases   ] GC(35) y: Concurrent Mark 128.549ms
[2026-04-03T03:36:55.471+0600][32.884s][info][gc,phases   ] GC(35) y: Pause Mark End 0.032ms
[2026-04-03T03:36:55.471+0600][32.885s][info][gc,phases   ] GC(35) y: Concurrent Mark Free 0.003ms
[2026-04-03T03:36:55.471+0600][32.885s][info][gc,phases   ] GC(35) y: Concurrent Reset Relocation Set 0.014ms
[2026-04-03T03:36:55.474+0600][32.887s][info][gc,reloc    ] GC(35) y: Using tenuring threshold: 3 (Computed)
[2026-04-03T03:36:55.480+0600][32.894s][info][gc,phases   ] GC(35) y: Concurrent Select Relocation Set 9.004ms
[2026-04-03T03:36:55.481+0600][32.894s][info][gc,phases   ] GC(35) y: Pause Relocate Start 0.056ms
[2026-04-03T03:36:55.526+0600][32.940s][info][gc,phases   ] GC(35) y: Concurrent Relocate 45.269ms
[2026-04-03T03:36:55.526+0600][32.940s][info][gc,alloc    ] GC(35) y:                         Mark Start        Mark End      Relocate Start    Relocate End   
[2026-04-03T03:36:55.526+0600][32.940s][info][gc,alloc    ] GC(35) y: Allocation Stalls:          0                0                0                0         
[2026-04-03T03:36:55.526+0600][32.940s][info][gc,load     ] GC(35) y: Load: 4.23 (35%) / 4.31 (36%) / 4.70 (39%)
[2026-04-03T03:36:55.526+0600][32.940s][info][gc,mmu      ] GC(35) y: MMU: 2ms/91.9%, 5ms/95.9%, 10ms/97.9%, 20ms/99.0%, 50ms/99.6%, 100ms/99.6%
[2026-04-03T03:36:55.526+0600][32.940s][info][gc,marking  ] GC(35) y: Mark: 2 stripe(s), 11 proactive flush(es), 2 terminate flush(es), 0 completion(s), 0 continuation(s) 
[2026-04-03T03:36:55.526+0600][32.940s][info][gc,marking  ] GC(35) y: Mark Stack Usage: 32M
[2026-04-03T03:36:55.526+0600][32.940s][info][gc,nmethod  ] GC(35) y: NMethods: 5466 registered, 250 unregistered
[2026-04-03T03:36:55.526+0600][32.940s][info][gc,metaspace] GC(35) y: Metaspace: 68M used, 69M committed, 1088M reserved
[2026-04-03T03:36:55.526+0600][32.940s][info][gc,reloc    ] GC(35) y:                        Candidates     Selected     In-Place         Size        Empty    Relocated 
[2026-04-03T03:36:55.526+0600][32.940s][info][gc,reloc    ] GC(35) y: Small Pages:                   33           23            0          66M           0M           8M 
[2026-04-03T03:36:55.526+0600][32.940s][info][gc,reloc    ] GC(35) y: Medium Pages:                   1            0            0          32M          32M           0M 
[2026-04-03T03:36:55.526+0600][32.940s][info][gc,reloc    ] GC(35) y: Large Pages:                    3            0            0          18M           0M           0M 
[2026-04-03T03:36:55.526+0600][32.940s][info][gc,reloc    ] GC(35) y: Forwarding Usage: 14M
[2026-04-03T03:36:55.526+0600][32.940s][info][gc,reloc    ] GC(35) y: Age Table:
[2026-04-03T03:36:55.526+0600][32.940s][info][gc,reloc    ] GC(35) y:                    Live             Garbage             Small              Medium             Large        
[2026-04-03T03:36:55.526+0600][32.940s][info][gc,reloc    ] GC(35) y: Eden              28M (1%)           33M (2%)          22 / 16             0 / 0              3 / 0        
[2026-04-03T03:36:55.526+0600][32.940s][info][gc,reloc    ] GC(35) y: Survivor 1         6M (0%)           43M (2%)           9 / 5              1 / 0              0 / 0        
[2026-04-03T03:36:55.526+0600][32.940s][info][gc,reloc    ] GC(35) y: Survivor 2         0M (0%)            3M (0%)           2 / 2              0 / 0              0 / 0        
[2026-04-03T03:36:55.526+0600][32.940s][info][gc,heap     ] GC(35) y: Min Capacity: 8M(0%)
[2026-04-03T03:36:55.527+0600][32.940s][info][gc,heap     ] GC(35) y: Max Capacity: 2000M(100%)
[2026-04-03T03:36:55.527+0600][32.940s][info][gc,heap     ] GC(35) y: Soft Max Capacity: 2000M(100%)
[2026-04-03T03:36:55.527+0600][32.940s][info][gc,heap     ] GC(35) y: Heap Statistics:
[2026-04-03T03:36:55.527+0600][32.940s][info][gc,heap     ] GC(35) y:                Mark Start          Mark End        Relocate Start      Relocate End           High               Low         
[2026-04-03T03:36:55.527+0600][32.940s][info][gc,heap     ] GC(35) y:  Capacity:     2000M (100%)       2000M (100%)       2000M (100%)       2000M (100%)       2000M (100%)       2000M (100%)   
[2026-04-03T03:36:55.527+0600][32.940s][info][gc,heap     ] GC(35) y:      Free:     1234M (62%)        1258M (63%)        1290M (64%)        1312M (66%)        1312M (66%)        1222M (61%)    
[2026-04-03T03:36:55.527+0600][32.940s][info][gc,heap     ] GC(35) y:      Used:      766M (38%)         742M (37%)         710M (36%)         688M (34%)         778M (39%)         688M (34%)    
[2026-04-03T03:36:55.527+0600][32.940s][info][gc,heap     ] GC(35) y: Young Generation Statistics:
[2026-04-03T03:36:55.527+0600][32.940s][info][gc,heap     ] GC(35) y:                Mark Start          Mark End        Relocate Start      Relocate End    
[2026-04-03T03:36:55.527+0600][32.940s][info][gc,heap     ] GC(35) y:      Used:      116M (6%)          178M (9%)          146M (7%)          124M (6%)     
[2026-04-03T03:36:55.527+0600][32.940s][info][gc,heap     ] GC(35) y:      Live:         -                34M (2%)           34M (2%)           34M (2%)     
[2026-04-03T03:36:55.527+0600][32.940s][info][gc,heap     ] GC(35) y:   Garbage:         -                81M (4%)           49M (2%)            0M (0%)     
[2026-04-03T03:36:55.527+0600][32.940s][info][gc,heap     ] GC(35) y: Allocated:         -                62M (3%)           62M (3%)           88M (4%)     
[2026-04-03T03:36:55.527+0600][32.940s][info][gc,heap     ] GC(35) y: Reclaimed:         -                  -                32M (2%)           80M (4%)     
[2026-04-03T03:36:55.527+0600][32.940s][info][gc,heap     ] GC(35) y:  Promoted:         -                  -                 0M (0%)            0M (0%)     
[2026-04-03T03:36:55.527+0600][32.940s][info][gc,heap     ] GC(35) y: Compacted:         -                  -                  -                13M (1%)     
[2026-04-03T03:36:55.527+0600][32.940s][info][gc,phases   ] GC(35) y: Young Generation 766M(38%)->688M(34%) 0.186s
[2026-04-03T03:36:55.527+0600][32.940s][info][gc          ] GC(35) Minor Collection (Allocation Rate) 766M(38%)->688M(34%) 0.187s
[2026-04-03T03:36:55.527+0600][32.940s][info][gc,alloc    ] GC(29) O:                         Mark Start        Mark End      Relocate Start    Relocate End   
[2026-04-03T03:36:55.527+0600][32.940s][info][gc,alloc    ] GC(29) O: Allocation Stalls:          0                0                0                0         
[2026-04-03T03:36:55.527+0600][32.940s][info][gc,load     ] GC(29) O: Load: 4.23 (35%) / 4.31 (36%) / 4.70 (39%)
[2026-04-03T03:36:55.527+0600][32.940s][info][gc,mmu      ] GC(29) O: MMU: 2ms/91.9%, 5ms/95.9%, 10ms/97.9%, 20ms/99.0%, 50ms/99.6%, 100ms/99.6%
[2026-04-03T03:36:55.527+0600][32.940s][info][gc,marking  ] GC(29) O: Mark: 1 stripe(s), 3 proactive flush(es), 1 terminate flush(es), 0 completion(s), 0 continuation(s) 
[2026-04-03T03:36:55.527+0600][32.940s][info][gc,marking  ] GC(29) O: Mark Stack Usage: 32M
[2026-04-03T03:36:55.527+0600][32.940s][info][gc,nmethod  ] GC(29) O: NMethods: 5466 registered, 250 unregistered
[2026-04-03T03:36:55.527+0600][32.940s][info][gc,metaspace] GC(29) O: Metaspace: 68M used, 69M committed, 1088M reserved
[2026-04-03T03:36:55.527+0600][32.940s][info][gc,ref      ] GC(29) O:                       Encountered   Discovered     Enqueued 
[2026-04-03T03:36:55.527+0600][32.940s][info][gc,ref      ] GC(29) O: Soft References:             4953            0            0 
[2026-04-03T03:36:55.527+0600][32.940s][info][gc,ref      ] GC(29) O: Weak References:             6619         4899           31 
[2026-04-03T03:36:55.527+0600][32.940s][info][gc,ref      ] GC(29) O: Final References:              82           48            0 
[2026-04-03T03:36:55.527+0600][32.940s][info][gc,ref      ] GC(29) O: Phantom References:           598          213            0 
[2026-04-03T03:36:55.527+0600][32.940s][info][gc,reloc    ] GC(29) O:                        Candidates     Selected     In-Place         Size        Empty    Relocated 
[2026-04-03T03:36:55.527+0600][32.940s][info][gc,reloc    ] GC(29) O: Small Pages:                  200           27            0         400M          64M           8M 
[2026-04-03T03:36:55.527+0600][32.940s][info][gc,reloc    ] GC(29) O: Medium Pages:                   4            1            0         128M          64M           7M 
[2026-04-03T03:36:55.527+0600][32.940s][info][gc,reloc    ] GC(29) O: Large Pages:                    6            0            0          84M          54M           0M 
[2026-04-03T03:36:55.527+0600][32.940s][info][gc,reloc    ] GC(29) O: Forwarding Usage: 17M
[2026-04-03T03:36:55.527+0600][32.940s][info][gc,heap     ] GC(29) O: Min Capacity: 8M(0%)
[2026-04-03T03:36:55.527+0600][32.940s][info][gc,heap     ] GC(29) O: Max Capacity: 2000M(100%)
[2026-04-03T03:36:55.527+0600][32.940s][info][gc,heap     ] GC(29) O: Soft Max Capacity: 2000M(100%)
[2026-04-03T03:36:55.527+0600][32.940s][info][gc,heap     ] GC(29) O: Heap Statistics:
[2026-04-03T03:36:55.527+0600][32.940s][info][gc,heap     ] GC(29) O:                Mark Start          Mark End        Relocate Start      Relocate End           High               Low         
[2026-04-03T03:36:55.527+0600][32.940s][info][gc,heap     ] GC(29) O:  Capacity:     2000M (100%)       2000M (100%)       2000M (100%)       2000M (100%)       2000M (100%)       2000M (100%)   
[2026-04-03T03:36:55.527+0600][32.941s][info][gc,heap     ] GC(29) O:      Free:      736M (37%)        1020M (51%)        1240M (62%)        1258M (63%)        1300M (65%)         436M (22%)    
[2026-04-03T03:36:55.527+0600][32.941s][info][gc,heap     ] GC(29) O:      Used:     1264M (63%)         980M (49%)         760M (38%)         742M (37%)        1564M (78%)         700M (35%)    
[2026-04-03T03:36:55.527+0600][32.941s][info][gc,heap     ] GC(29) O: Old Generation Statistics:
[2026-04-03T03:36:55.527+0600][32.941s][info][gc,heap     ] GC(29) O:                Mark Start          Mark End        Relocate Start      Relocate End    
[2026-04-03T03:36:55.527+0600][32.941s][info][gc,heap     ] GC(29) O:      Used:      612M (31%)         826M (41%)         644M (32%)         564M (28%)    
[2026-04-03T03:36:55.527+0600][32.941s][info][gc,heap     ] GC(29) O:      Live:         -               311M (16%)         311M (16%)         311M (16%)    
[2026-04-03T03:36:55.527+0600][32.941s][info][gc,heap     ] GC(29) O:   Garbage:         -               300M (15%)         118M (6%)            7M (0%)     
[2026-04-03T03:36:55.527+0600][32.941s][info][gc,heap     ] GC(29) O: Allocated:         -               214M (11%)         214M (11%)         245M (12%)    
[2026-04-03T03:36:55.527+0600][32.941s][info][gc,heap     ] GC(29) O: Reclaimed:         -                  -               182M (9%)          293M (15%)    
[2026-04-03T03:36:55.527+0600][32.941s][info][gc,heap     ] GC(29) O: Compacted:         -                  -                  -                38M (2%)     
[2026-04-03T03:36:55.527+0600][32.941s][info][gc,phases   ] GC(29) O: Old Generation 1048M(52%)->742M(37%) 1.861s
[2026-04-03T03:36:55.527+0600][32.941s][info][gc          ] GC(29) Major Collection (Allocation Rate) 1264M(63%)->688M(34%) 2.502s
[2026-04-03T03:36:55.945+0600][33.358s][info][gc          ] GC(36) Major Collection (Allocation Rate)
[2026-04-03T03:36:55.945+0600][33.358s][info][gc,task     ] GC(36) Using 2 Workers for Young Generation
[2026-04-03T03:36:55.945+0600][33.358s][info][gc,task     ] GC(36) Using 1 Workers for Old Generation
[2026-04-03T03:36:55.945+0600][33.358s][info][gc,phases   ] GC(36) Y: Young Generation
[2026-04-03T03:36:55.946+0600][33.359s][info][gc,phases   ] GC(36) Y: Pause Mark Start (Major) 0.033ms
[2026-04-03T03:36:56.039+0600][33.452s][info][gc,phases   ] GC(36) Y: Concurrent Mark 93.298ms
[2026-04-03T03:36:56.039+0600][33.453s][info][gc,phases   ] GC(36) Y: Pause Mark End 0.036ms
[2026-04-03T03:36:56.040+0600][33.453s][info][gc,phases   ] GC(36) Y: Concurrent Mark Free 0.004ms
[2026-04-03T03:36:56.040+0600][33.453s][info][gc,phases   ] GC(36) Y: Concurrent Reset Relocation Set 0.015ms
[2026-04-03T03:36:56.043+0600][33.457s][info][gc,reloc    ] GC(36) Y: Using tenuring threshold: 1 (Computed)
[2026-04-03T03:36:56.046+0600][33.460s][info][gc,phases   ] GC(36) Y: Concurrent Select Relocation Set 6.345ms
[2026-04-03T03:36:56.047+0600][33.460s][info][gc,phases   ] GC(36) Y: Pause Relocate Start 0.038ms
[2026-04-03T03:36:56.092+0600][33.505s][info][gc,phases   ] GC(36) Y: Concurrent Relocate 45.216ms
[2026-04-03T03:36:56.092+0600][33.505s][info][gc,alloc    ] GC(36) Y:                         Mark Start        Mark End      Relocate Start    Relocate End   
[2026-04-03T03:36:56.092+0600][33.505s][info][gc,alloc    ] GC(36) Y: Allocation Stalls:          0                0                0                0         
[2026-04-03T03:36:56.092+0600][33.505s][info][gc,load     ] GC(36) Y: Load: 4.13 (34%) / 4.29 (36%) / 4.69 (39%)
[2026-04-03T03:36:56.092+0600][33.505s][info][gc,mmu      ] GC(36) Y: MMU: 2ms/91.9%, 5ms/95.9%, 10ms/97.9%, 20ms/99.0%, 50ms/99.6%, 100ms/99.6%
[2026-04-03T03:36:56.092+0600][33.505s][info][gc,marking  ] GC(36) Y: Mark: 2 stripe(s), 2 proactive flush(es), 1 terminate flush(es), 0 completion(s), 0 continuation(s) 
[2026-04-03T03:36:56.092+0600][33.505s][info][gc,marking  ] GC(36) Y: Mark Stack Usage: 32M
[2026-04-03T03:36:56.092+0600][33.505s][info][gc,nmethod  ] GC(36) Y: NMethods: 5657 registered, 0 unregistered
[2026-04-03T03:36:56.092+0600][33.505s][info][gc,metaspace] GC(36) Y: Metaspace: 68M used, 69M committed, 1088M reserved
[2026-04-03T03:36:56.092+0600][33.505s][info][gc,reloc    ] GC(36) Y:                        Candidates     Selected     In-Place         Size        Empty    Relocated 
[2026-04-03T03:36:56.092+0600][33.506s][info][gc,reloc    ] GC(36) Y: Small Pages:                  145           58            0         290M         158M          10M 
[2026-04-03T03:36:56.092+0600][33.506s][info][gc,reloc    ] GC(36) Y: Medium Pages:                   1            0            0          32M          32M           0M 
[2026-04-03T03:36:56.092+0600][33.506s][info][gc,reloc    ] GC(36) Y: Large Pages:                   10            0            0          72M          54M           0M 
[2026-04-03T03:36:56.092+0600][33.506s][info][gc,reloc    ] GC(36) Y: Forwarding Usage: 13M
[2026-04-03T03:36:56.092+0600][33.506s][info][gc,reloc    ] GC(36) Y: Age Table:
[2026-04-03T03:36:56.092+0600][33.506s][info][gc,reloc    ] GC(36) Y:                    Live             Garbage             Small              Medium             Large        
[2026-04-03T03:36:56.092+0600][33.506s][info][gc,reloc    ] GC(36) Y: Eden              31M (2%)          310M (16%)        128 / 52             1 / 0              7 / 0        
[2026-04-03T03:36:56.092+0600][33.506s][info][gc,reloc    ] GC(36) Y: Survivor 1         0M (0%)           35M (2%)           9 / 2              0 / 0              3 / 0        
[2026-04-03T03:36:56.092+0600][33.506s][info][gc,reloc    ] GC(36) Y: Survivor 2         0M (0%)           13M (1%)           7 / 3              0 / 0              0 / 0        
[2026-04-03T03:36:56.092+0600][33.506s][info][gc,reloc    ] GC(36) Y: Survivor 3         0M (0%)            1M (0%)           1 / 1              0 / 0              0 / 0        
[2026-04-03T03:36:56.092+0600][33.506s][info][gc,heap     ] GC(36) Y: Min Capacity: 8M(0%)
[2026-04-03T03:36:56.092+0600][33.506s][info][gc,heap     ] GC(36) Y: Max Capacity: 2000M(100%)
[2026-04-03T03:36:56.092+0600][33.506s][info][gc,heap     ] GC(36) Y: Soft Max Capacity: 2000M(100%)
[2026-04-03T03:36:56.092+0600][33.506s][info][gc,heap     ] GC(36) Y: Heap Statistics:
[2026-04-03T03:36:56.092+0600][33.506s][info][gc,heap     ] GC(36) Y:                Mark Start          Mark End        Relocate Start      Relocate End           High               Low         
[2026-04-03T03:36:56.092+0600][33.506s][info][gc,heap     ] GC(36) Y:  Capacity:     2000M (100%)       2000M (100%)       2000M (100%)       2000M (100%)       2000M (100%)       2000M (100%)   
[2026-04-03T03:36:56.092+0600][33.506s][info][gc,heap     ] GC(36) Y:      Free:     1042M (52%)        1010M (50%)        1252M (63%)        1352M (68%)        1352M (68%)        1010M (50%)    
[2026-04-03T03:36:56.092+0600][33.506s][info][gc,heap     ] GC(36) Y:      Used:      958M (48%)         990M (50%)         748M (37%)         648M (32%)         990M (50%)         648M (32%)    
[2026-04-03T03:36:56.092+0600][33.506s][info][gc,heap     ] GC(36) Y: Young Generation Statistics:
[2026-04-03T03:36:56.092+0600][33.506s][info][gc,heap     ] GC(36) Y:                Mark Start          Mark End        Relocate Start      Relocate End    
[2026-04-03T03:36:56.092+0600][33.506s][info][gc,heap     ] GC(36) Y:      Used:      394M (20%)         426M (21%)         184M (9%)           80M (4%)     
[2026-04-03T03:36:56.092+0600][33.506s][info][gc,heap     ] GC(36) Y:      Live:         -                31M (2%)           31M (2%)           31M (2%)     
[2026-04-03T03:36:56.093+0600][33.506s][info][gc,heap     ] GC(36) Y:   Garbage:         -               362M (18%)         118M (6%)            0M (0%)     
[2026-04-03T03:36:56.093+0600][33.506s][info][gc,heap     ] GC(36) Y: Allocated:         -                32M (2%)           34M (2%)           48M (2%)     
[2026-04-03T03:36:56.093+0600][33.506s][info][gc,heap     ] GC(36) Y: Reclaimed:         -                  -               244M (12%)         362M (18%)    
[2026-04-03T03:36:56.093+0600][33.506s][info][gc,heap     ] GC(36) Y:  Promoted:         -                  -                 0M (0%)            0M (0%)     
[2026-04-03T03:36:56.093+0600][33.506s][info][gc,heap     ] GC(36) Y: Compacted:         -                  -                  -                13M (1%)     
[2026-04-03T03:36:56.093+0600][33.506s][info][gc,phases   ] GC(36) Y: Young Generation 958M(48%)->648M(32%) 0.147s
[2026-04-03T03:36:56.093+0600][33.506s][info][gc,phases   ] GC(36) O: Old Generation
[2026-04-03T03:36:56.923+0600][34.337s][info][gc,phases   ] GC(36) O: Concurrent Mark 830.794ms
[2026-04-03T03:36:56.924+0600][34.337s][info][gc,phases   ] GC(36) O: Pause Mark End 0.028ms
[2026-04-03T03:36:56.924+0600][34.337s][info][gc,phases   ] GC(36) O: Concurrent Mark Free 0.003ms
[2026-04-03T03:36:56.945+0600][34.358s][info][gc,phases   ] GC(36) O: Concurrent Process Non-Strong 20.481ms
[2026-04-03T03:36:56.945+0600][34.358s][info][gc,phases   ] GC(36) O: Concurrent Reset Relocation Set 0.035ms
[2026-04-03T03:36:56.952+0600][34.366s][info][gc,phases   ] GC(36) O: Concurrent Select Relocation Set 7.514ms
[2026-04-03T03:36:56.952+0600][34.366s][info][gc,task     ] GC(36) O: Using 3 Workers for Old Generation
[2026-04-03T03:36:56.973+0600][34.387s][info][gc,task     ] GC(36) O: Using 1 Workers for Old Generation
[2026-04-03T03:36:56.974+0600][34.387s][info][gc,phases   ] GC(36) O: Concurrent Remap Roots 21.265ms
[2026-04-03T03:36:56.974+0600][34.387s][info][gc,phases   ] GC(36) O: Pause Relocate Start 0.061ms
[2026-04-03T03:36:56.991+0600][34.405s][info][gc,phases   ] GC(36) O: Concurrent Relocate 17.313ms
[2026-04-03T03:36:56.992+0600][34.405s][info][gc,alloc    ] GC(36) O:                         Mark Start        Mark End      Relocate Start    Relocate End   
[2026-04-03T03:36:56.992+0600][34.405s][info][gc,alloc    ] GC(36) O: Allocation Stalls:          0                0                0                0         
[2026-04-03T03:36:56.992+0600][34.405s][info][gc,load     ] GC(36) O: Load: 4.13 (34%) / 4.29 (36%) / 4.69 (39%)
[2026-04-03T03:36:56.992+0600][34.405s][info][gc,mmu      ] GC(36) O: MMU: 2ms/91.9%, 5ms/95.9%, 10ms/97.9%, 20ms/99.0%, 50ms/99.6%, 100ms/99.6%
[2026-04-03T03:36:56.992+0600][34.405s][info][gc,marking  ] GC(36) O: Mark: 1 stripe(s), 2 proactive flush(es), 1 terminate flush(es), 0 completion(s), 0 continuation(s) 
[2026-04-03T03:36:56.992+0600][34.405s][info][gc,marking  ] GC(36) O: Mark Stack Usage: 32M
[2026-04-03T03:36:56.992+0600][34.405s][info][gc,nmethod  ] GC(36) O: NMethods: 5834 registered, 64 unregistered
[2026-04-03T03:36:56.992+0600][34.405s][info][gc,metaspace] GC(36) O: Metaspace: 68M used, 69M committed, 1088M reserved
[2026-04-03T03:36:56.992+0600][34.405s][info][gc,ref      ] GC(36) O:                       Encountered   Discovered     Enqueued 
[2026-04-03T03:36:56.992+0600][34.405s][info][gc,ref      ] GC(36) O: Soft References:             5007            0            0 
[2026-04-03T03:36:56.992+0600][34.405s][info][gc,ref      ] GC(36) O: Weak References:             6669         4372          216 
[2026-04-03T03:36:56.992+0600][34.405s][info][gc,ref      ] GC(36) O: Final References:              82            0            0 
[2026-04-03T03:36:56.992+0600][34.405s][info][gc,ref      ] GC(36) O: Phantom References:           597          212            0 
[2026-04-03T03:36:56.992+0600][34.405s][info][gc,reloc    ] GC(36) O:                        Candidates     Selected     In-Place         Size        Empty    Relocated 
[2026-04-03T03:36:56.992+0600][34.405s][info][gc,reloc    ] GC(36) O: Small Pages:                  193           19            0         386M         182M           4M 
[2026-04-03T03:36:56.992+0600][34.405s][info][gc,reloc    ] GC(36) O: Medium Pages:                   2            0            0          64M          32M           0M 
[2026-04-03T03:36:56.992+0600][34.405s][info][gc,reloc    ] GC(36) O: Large Pages:                    9            0            0         114M         114M           0M 
[2026-04-03T03:36:56.992+0600][34.405s][info][gc,reloc    ] GC(36) O: Forwarding Usage: 3M
[2026-04-03T03:36:56.992+0600][34.405s][info][gc,heap     ] GC(36) O: Min Capacity: 8M(0%)
[2026-04-03T03:36:56.992+0600][34.405s][info][gc,heap     ] GC(36) O: Max Capacity: 2000M(100%)
[2026-04-03T03:36:56.992+0600][34.405s][info][gc,heap     ] GC(36) O: Soft Max Capacity: 2000M(100%)
[2026-04-03T03:36:56.992+0600][34.405s][info][gc,heap     ] GC(36) O: Heap Statistics:
[2026-04-03T03:36:56.992+0600][34.405s][info][gc,heap     ] GC(36) O:                Mark Start          Mark End        Relocate Start      Relocate End           High               Low         
[2026-04-03T03:36:56.992+0600][34.405s][info][gc,heap     ] GC(36) O:  Capacity:     2000M (100%)       2000M (100%)       2000M (100%)       2000M (100%)       2000M (100%)       2000M (100%)   
[2026-04-03T03:36:56.992+0600][34.405s][info][gc,heap     ] GC(36) O:      Free:     1042M (52%)         898M (45%)        1222M (61%)        1254M (63%)        1352M (68%)         896M (45%)    
[2026-04-03T03:36:56.992+0600][34.405s][info][gc,heap     ] GC(36) O:      Used:      958M (48%)        1102M (55%)         778M (39%)         746M (37%)        1104M (55%)         648M (32%)    
[2026-04-03T03:36:56.992+0600][34.405s][info][gc,heap     ] GC(36) O: Old Generation Statistics:
[2026-04-03T03:36:56.992+0600][34.405s][info][gc,heap     ] GC(36) O:                Mark Start          Mark End        Relocate Start      Relocate End    
[2026-04-03T03:36:56.992+0600][34.405s][info][gc,heap     ] GC(36) O:      Used:      564M (28%)         568M (28%)         240M (12%)         208M (10%)    
[2026-04-03T03:36:56.992+0600][34.405s][info][gc,heap     ] GC(36) O:      Live:         -               169M (8%)          169M (8%)          169M (8%)     
[2026-04-03T03:36:56.992+0600][34.405s][info][gc,heap     ] GC(36) O:   Garbage:         -               394M (20%)          66M (3%)           27M (1%)     
[2026-04-03T03:36:56.992+0600][34.405s][info][gc,heap     ] GC(36) O: Allocated:         -                 4M (0%)            4M (0%)           11M (1%)     
[2026-04-03T03:36:56.992+0600][34.405s][info][gc,heap     ] GC(36) O: Reclaimed:         -                  -               328M (16%)         367M (18%)    
[2026-04-03T03:36:56.992+0600][34.405s][info][gc,heap     ] GC(36) O: Compacted:         -                  -                  -                 6M (0%)     
[2026-04-03T03:36:56.992+0600][34.405s][info][gc,phases   ] GC(36) O: Old Generation 648M(32%)->746M(37%) 0.899s
[2026-04-03T03:36:56.992+0600][34.405s][info][gc          ] GC(36) Major Collection (Allocation Rate) 958M(48%)->746M(37%) 1.047s
[2026-04-03T03:36:57.765+0600][35.179s][info][gc          ] GC(37) Minor Collection (Allocation Rate)
[2026-04-03T03:36:57.765+0600][35.179s][info][gc,task     ] GC(37) Using 1 Workers for Young Generation
[2026-04-03T03:36:57.765+0600][35.179s][info][gc,phases   ] GC(37) y: Young Generation
[2026-04-03T03:36:57.766+0600][35.179s][info][gc,phases   ] GC(37) y: Pause Mark Start 0.059ms
[2026-04-03T03:36:57.933+0600][35.347s][info][gc,phases   ] GC(37) y: Concurrent Mark 167.532ms
[2026-04-03T03:36:57.934+0600][35.347s][info][gc,phases   ] GC(37) y: Pause Mark End 0.042ms
[2026-04-03T03:36:57.934+0600][35.347s][info][gc,phases   ] GC(37) y: Concurrent Mark Free 0.003ms
[2026-04-03T03:36:57.934+0600][35.347s][info][gc,phases   ] GC(37) y: Concurrent Reset Relocation Set 0.016ms
[2026-04-03T03:36:57.940+0600][35.353s][info][gc,reloc    ] GC(37) y: Using tenuring threshold: 2 (Computed)
[2026-04-03T03:36:57.949+0600][35.362s][info][gc,phases   ] GC(37) y: Concurrent Select Relocation Set 14.722ms
[2026-04-03T03:36:57.949+0600][35.362s][info][gc,phases   ] GC(37) y: Pause Relocate Start 0.025ms
[2026-04-03T03:36:58.010+0600][35.423s][info][gc,phases   ] GC(37) y: Concurrent Relocate 60.587ms
[2026-04-03T03:36:58.010+0600][35.423s][info][gc,alloc    ] GC(37) y:                         Mark Start        Mark End      Relocate Start    Relocate End   
[2026-04-03T03:36:58.010+0600][35.423s][info][gc,alloc    ] GC(37) y: Allocation Stalls:          0                0                0                0         
[2026-04-03T03:36:58.010+0600][35.423s][info][gc,load     ] GC(37) y: Load: 4.13 (34%) / 4.29 (36%) / 4.69 (39%)
[2026-04-03T03:36:58.010+0600][35.423s][info][gc,mmu      ] GC(37) y: MMU: 2ms/91.9%, 5ms/95.9%, 10ms/97.9%, 20ms/99.0%, 50ms/99.6%, 100ms/99.6%
[2026-04-03T03:36:58.010+0600][35.423s][info][gc,marking  ] GC(37) y: Mark: 1 stripe(s), 2 proactive flush(es), 1 terminate flush(es), 0 completion(s), 0 continuation(s) 
[2026-04-03T03:36:58.010+0600][35.423s][info][gc,marking  ] GC(37) y: Mark Stack Usage: 32M
[2026-04-03T03:36:58.010+0600][35.423s][info][gc,nmethod  ] GC(37) y: NMethods: 6040 registered, 64 unregistered
[2026-04-03T03:36:58.010+0600][35.423s][info][gc,metaspace] GC(37) y: Metaspace: 68M used, 69M committed, 1088M reserved
[2026-04-03T03:36:58.010+0600][35.423s][info][gc,reloc    ] GC(37) y:                        Candidates     Selected     In-Place         Size        Empty    Relocated 
[2026-04-03T03:36:58.010+0600][35.423s][info][gc,reloc    ] GC(37) y: Small Pages:                  403          144            0         806M         494M          18M 
[2026-04-03T03:36:58.010+0600][35.423s][info][gc,reloc    ] GC(37) y: Medium Pages:                   1            0            0          32M           0M           0M 
[2026-04-03T03:36:58.010+0600][35.423s][info][gc,reloc    ] GC(37) y: Large Pages:                   14            0            0         108M         108M           0M 
[2026-04-03T03:36:58.010+0600][35.423s][info][gc,reloc    ] GC(37) y: Forwarding Usage: 19M
[2026-04-03T03:36:58.010+0600][35.423s][info][gc,reloc    ] GC(37) y: Age Table:
[2026-04-03T03:36:58.010+0600][35.423s][info][gc,reloc    ] GC(37) y:                    Live             Garbage             Small              Medium             Large        
[2026-04-03T03:36:58.010+0600][35.423s][info][gc,reloc    ] GC(37) y: Eden              23M (1%)          884M (44%)        393 / 142            1 / 0             11 / 0        
[2026-04-03T03:36:58.010+0600][35.423s][info][gc,reloc    ] GC(37) y: Survivor 1         0M (0%)           37M (2%)          10 / 2              0 / 0              3 / 0        
[2026-04-03T03:36:58.010+0600][35.423s][info][gc,heap     ] GC(37) y: Min Capacity: 8M(0%)
[2026-04-03T03:36:58.010+0600][35.423s][info][gc,heap     ] GC(37) y: Max Capacity: 2000M(100%)
[2026-04-03T03:36:58.010+0600][35.423s][info][gc,heap     ] GC(37) y: Soft Max Capacity: 2000M(100%)
[2026-04-03T03:36:58.010+0600][35.423s][info][gc,heap     ] GC(37) y: Heap Statistics:
[2026-04-03T03:36:58.010+0600][35.423s][info][gc,heap     ] GC(37) y:                Mark Start          Mark End        Relocate Start      Relocate End           High               Low         
[2026-04-03T03:36:58.010+0600][35.423s][info][gc,heap     ] GC(37) y:  Capacity:     2000M (100%)       2000M (100%)       2000M (100%)       2000M (100%)       2000M (100%)       2000M (100%)   
[2026-04-03T03:36:58.010+0600][35.424s][info][gc,heap     ] GC(37) y:      Free:      846M (42%)         620M (31%)        1200M (60%)        1386M (69%)        1388M (69%)         620M (31%)    
[2026-04-03T03:36:58.010+0600][35.424s][info][gc,heap     ] GC(37) y:      Used:     1154M (58%)        1380M (69%)         800M (40%)         614M (31%)        1380M (69%)         612M (31%)    
[2026-04-03T03:36:58.010+0600][35.424s][info][gc,heap     ] GC(37) y: Young Generation Statistics:
[2026-04-03T03:36:58.010+0600][35.424s][info][gc,heap     ] GC(37) y:                Mark Start          Mark End        Relocate Start      Relocate End    
[2026-04-03T03:36:58.010+0600][35.424s][info][gc,heap     ] GC(37) y:      Used:      946M (47%)        1172M (59%)         592M (30%)         406M (20%)    
[2026-04-03T03:36:58.010+0600][35.424s][info][gc,heap     ] GC(37) y:      Live:         -                23M (1%)           23M (1%)           23M (1%)     
[2026-04-03T03:36:58.010+0600][35.424s][info][gc,heap     ] GC(37) y:   Garbage:         -               922M (46%)         320M (16%)          28M (1%)     
[2026-04-03T03:36:58.010+0600][35.424s][info][gc,heap     ] GC(37) y: Allocated:         -               226M (11%)         248M (12%)         353M (18%)    
[2026-04-03T03:36:58.010+0600][35.424s][info][gc,heap     ] GC(37) y: Reclaimed:         -                  -               602M (30%)         893M (45%)    
[2026-04-03T03:36:58.010+0600][35.424s][info][gc,heap     ] GC(37) y:  Promoted:         -                  -                 0M (0%)            0M (0%)     
[2026-04-03T03:36:58.010+0600][35.424s][info][gc,heap     ] GC(37) y: Compacted:         -                  -                  -                20M (1%)     
[2026-04-03T03:36:58.010+0600][35.424s][info][gc,phases   ] GC(37) y: Young Generation 1154M(58%)->614M(31%) 0.245s
[2026-04-03T03:36:58.010+0600][35.424s][info][gc          ] GC(37) Minor Collection (Allocation Rate) 1154M(58%)->616M(31%) 0.245s
[2026-04-03T03:36:59.252+0600][36.665s][info][gc          ] GC(38) Minor Collection (Allocation Rate)
[2026-04-03T03:36:59.252+0600][36.665s][info][gc,task     ] GC(38) Using 1 Workers for Young Generation
[2026-04-03T03:36:59.252+0600][36.665s][info][gc,phases   ] GC(38) y: Young Generation
[2026-04-03T03:36:59.252+0600][36.665s][info][gc,phases   ] GC(38) y: Pause Mark Start 0.028ms
[2026-04-03T03:36:59.381+0600][36.795s][info][gc,phases   ] GC(38) y: Concurrent Mark 129.016ms
[2026-04-03T03:36:59.381+0600][36.795s][info][gc,phases   ] GC(38) y: Pause Mark End 0.021ms
[2026-04-03T03:36:59.382+0600][36.795s][info][gc,phases   ] GC(38) y: Concurrent Mark Free 0.003ms
[2026-04-03T03:36:59.382+0600][36.795s][info][gc,phases   ] GC(38) y: Concurrent Reset Relocation Set 0.014ms
[2026-04-03T03:36:59.383+0600][36.797s][info][gc,reloc    ] GC(38) y: Using tenuring threshold: 3 (Computed)
[2026-04-03T03:36:59.387+0600][36.800s][info][gc,phases   ] GC(38) y: Concurrent Select Relocation Set 5.255ms
[2026-04-03T03:36:59.387+0600][36.800s][info][gc,phases   ] GC(38) y: Pause Relocate Start 0.019ms
[2026-04-03T03:36:59.449+0600][36.862s][info][gc,phases   ] GC(38) y: Concurrent Relocate 61.859ms
[2026-04-03T03:36:59.449+0600][36.863s][info][gc,alloc    ] GC(38) y:                         Mark Start        Mark End      Relocate Start    Relocate End   
[2026-04-03T03:36:59.449+0600][36.863s][info][gc,alloc    ] GC(38) y: Allocation Stalls:          0                0                0                0         
[2026-04-03T03:36:59.449+0600][36.863s][info][gc,load     ] GC(38) y: Load: 4.13 (34%) / 4.29 (36%) / 4.69 (39%)
[2026-04-03T03:36:59.449+0600][36.863s][info][gc,mmu      ] GC(38) y: MMU: 2ms/91.9%, 5ms/95.9%, 10ms/97.9%, 20ms/99.0%, 50ms/99.6%, 100ms/99.6%
[2026-04-03T03:36:59.449+0600][36.863s][info][gc,marking  ] GC(38) y: Mark: 1 stripe(s), 2 proactive flush(es), 1 terminate flush(es), 0 completion(s), 0 continuation(s) 
[2026-04-03T03:36:59.449+0600][36.863s][info][gc,marking  ] GC(38) y: Mark Stack Usage: 32M
[2026-04-03T03:36:59.449+0600][36.863s][info][gc,nmethod  ] GC(38) y: NMethods: 6374 registered, 64 unregistered
[2026-04-03T03:36:59.449+0600][36.863s][info][gc,metaspace] GC(38) y: Metaspace: 70M used, 71M committed, 1088M reserved
[2026-04-03T03:36:59.449+0600][36.863s][info][gc,reloc    ] GC(38) y:                        Candidates     Selected     In-Place         Size        Empty    Relocated 
[2026-04-03T03:36:59.449+0600][36.863s][info][gc,reloc    ] GC(38) y: Small Pages:                  357           93            0         714M         502M          18M 
[2026-04-03T03:36:59.449+0600][36.863s][info][gc,reloc    ] GC(38) y: Medium Pages:                   7            1            0         224M         128M          12M 
[2026-04-03T03:36:59.449+0600][36.863s][info][gc,reloc    ] GC(38) y: Large Pages:                   14            0            0          88M          74M           0M 
[2026-04-03T03:36:59.449+0600][36.863s][info][gc,reloc    ] GC(38) y: Forwarding Usage: 20M
[2026-04-03T03:36:59.449+0600][36.863s][info][gc,reloc    ] GC(38) y: Age Table:
[2026-04-03T03:36:59.449+0600][36.863s][info][gc,reloc    ] GC(38) y:                    Live             Garbage             Small              Medium             Large        
[2026-04-03T03:36:59.449+0600][36.863s][info][gc,reloc    ] GC(38) y: Eden              73M (4%)          892M (45%)        343 / 90             6 / 1             14 / 0        
[2026-04-03T03:36:59.449+0600][36.863s][info][gc,reloc    ] GC(38) y: Survivor 1         0M (0%)           57M (3%)          13 / 3              1 / 0              0 / 0        
[2026-04-03T03:36:59.449+0600][36.863s][info][gc,reloc    ] GC(38) y: Survivor 2         0M (0%)            1M (0%)           1 / 0              0 / 0              0 / 0        
[2026-04-03T03:36:59.449+0600][36.863s][info][gc,heap     ] GC(38) y: Min Capacity: 8M(0%)
[2026-04-03T03:36:59.449+0600][36.863s][info][gc,heap     ] GC(38) y: Max Capacity: 2000M(100%)
[2026-04-03T03:36:59.449+0600][36.863s][info][gc,heap     ] GC(38) y: Soft Max Capacity: 2000M(100%)
[2026-04-03T03:36:59.449+0600][36.863s][info][gc,heap     ] GC(38) y: Heap Statistics:
[2026-04-03T03:36:59.449+0600][36.863s][info][gc,heap     ] GC(38) y:                Mark Start          Mark End        Relocate Start      Relocate End           High               Low         
[2026-04-03T03:36:59.449+0600][36.863s][info][gc,heap     ] GC(38) y:  Capacity:     2000M (100%)       2000M (100%)       2000M (100%)       2000M (100%)       2000M (100%)       2000M (100%)   
[2026-04-03T03:36:59.449+0600][36.863s][info][gc,heap     ] GC(38) y:      Free:      766M (38%)         536M (27%)        1234M (62%)        1406M (70%)        1406M (70%)         536M (27%)    
[2026-04-03T03:36:59.449+0600][36.863s][info][gc,heap     ] GC(38) y:      Used:     1234M (62%)        1464M (73%)         766M (38%)         594M (30%)        1464M (73%)         594M (30%)    
[2026-04-03T03:36:59.449+0600][36.863s][info][gc,heap     ] GC(38) y: Young Generation Statistics:
[2026-04-03T03:36:59.449+0600][36.863s][info][gc,heap     ] GC(38) y:                Mark Start          Mark End        Relocate Start      Relocate End    
[2026-04-03T03:36:59.449+0600][36.863s][info][gc,heap     ] GC(38) y:      Used:     1026M (51%)        1256M (63%)         558M (28%)         386M (19%)    
[2026-04-03T03:36:59.449+0600][36.863s][info][gc,heap     ] GC(38) y:      Live:         -                73M (4%)           73M (4%)           73M (4%)     
[2026-04-03T03:36:59.449+0600][36.863s][info][gc,heap     ] GC(38) y:   Garbage:         -               952M (48%)         248M (12%)           7M (0%)     
[2026-04-03T03:36:59.449+0600][36.863s][info][gc,heap     ] GC(38) y: Allocated:         -               230M (12%)         236M (12%)         304M (15%)    
[2026-04-03T03:36:59.449+0600][36.863s][info][gc,heap     ] GC(38) y: Reclaimed:         -                  -               704M (35%)         944M (47%)    
[2026-04-03T03:36:59.449+0600][36.863s][info][gc,heap     ] GC(38) y:  Promoted:         -                  -                 0M (0%)            0M (0%)     
[2026-04-03T03:36:59.449+0600][36.863s][info][gc,heap     ] GC(38) y: Compacted:         -                  -                  -                35M (2%)     
[2026-04-03T03:36:59.450+0600][36.863s][info][gc,phases   ] GC(38) y: Young Generation 1234M(62%)->594M(30%) 0.197s
[2026-04-03T03:36:59.450+0600][36.863s][info][gc          ] GC(38) Minor Collection (Allocation Rate) 1234M(62%)->594M(30%) 0.198s
[2026-04-03T03:36:59.856+0600][37.269s][info][gc          ] GC(39) Minor Collection (Allocation Rate)
[2026-04-03T03:36:59.856+0600][37.269s][info][gc,task     ] GC(39) Using 1 Workers for Young Generation
[2026-04-03T03:36:59.856+0600][37.269s][info][gc,phases   ] GC(39) y: Young Generation
[2026-04-03T03:36:59.856+0600][37.269s][info][gc,phases   ] GC(39) y: Pause Mark Start 0.019ms
[2026-04-03T03:37:00.117+0600][37.530s][info][gc,phases   ] GC(39) y: Concurrent Mark 260.933ms
[2026-04-03T03:37:00.117+0600][37.531s][info][gc,phases   ] GC(39) y: Pause Mark End 0.017ms
[2026-04-03T03:37:00.117+0600][37.531s][info][gc,phases   ] GC(39) y: Concurrent Mark Free 0.001ms
[2026-04-03T03:37:00.117+0600][37.531s][info][gc,phases   ] GC(39) y: Concurrent Reset Relocation Set 0.014ms
[2026-04-03T03:37:00.119+0600][37.532s][info][gc,reloc    ] GC(39) y: Using tenuring threshold: 4 (Computed)
[2026-04-03T03:37:00.123+0600][37.536s][info][gc,phases   ] GC(39) y: Concurrent Select Relocation Set 5.482ms
[2026-04-03T03:37:00.123+0600][37.536s][info][gc,phases   ] GC(39) y: Pause Relocate Start 0.016ms
[2026-04-03T03:37:00.169+0600][37.583s][info][gc,phases   ] GC(39) y: Concurrent Relocate 46.310ms
[2026-04-03T03:37:00.169+0600][37.583s][info][gc,alloc    ] GC(39) y:                         Mark Start        Mark End      Relocate Start    Relocate End   
[2026-04-03T03:37:00.169+0600][37.583s][info][gc,alloc    ] GC(39) y: Allocation Stalls:          0                0                0                0         
[2026-04-03T03:37:00.169+0600][37.583s][info][gc,load     ] GC(39) y: Load: 4.13 (34%) / 4.29 (36%) / 4.69 (39%)
[2026-04-03T03:37:00.169+0600][37.583s][info][gc,mmu      ] GC(39) y: MMU: 2ms/91.9%, 5ms/95.9%, 10ms/97.9%, 20ms/99.0%, 50ms/99.6%, 100ms/99.6%
[2026-04-03T03:37:00.169+0600][37.583s][info][gc,marking  ] GC(39) y: Mark: 1 stripe(s), 2 proactive flush(es), 1 terminate flush(es), 0 completion(s), 0 continuation(s) 
[2026-04-03T03:37:00.169+0600][37.583s][info][gc,marking  ] GC(39) y: Mark Stack Usage: 32M
[2026-04-03T03:37:00.169+0600][37.583s][info][gc,nmethod  ] GC(39) y: NMethods: 6535 registered, 64 unregistered
[2026-04-03T03:37:00.169+0600][37.583s][info][gc,metaspace] GC(39) y: Metaspace: 70M used, 71M committed, 1088M reserved
[2026-04-03T03:37:00.169+0600][37.583s][info][gc,reloc    ] GC(39) y:                        Candidates     Selected     In-Place         Size        Empty    Relocated 
[2026-04-03T03:37:00.169+0600][37.583s][info][gc,reloc    ] GC(39) y: Small Pages:                  369          101            0         738M         414M          19M 
[2026-04-03T03:37:00.169+0600][37.583s][info][gc,reloc    ] GC(39) y: Medium Pages:                   3            0            0          96M          96M           0M 
[2026-04-03T03:37:00.169+0600][37.583s][info][gc,reloc    ] GC(39) y: Large Pages:                   10            0            0          62M          50M           0M 
[2026-04-03T03:37:00.169+0600][37.583s][info][gc,reloc    ] GC(39) y: Forwarding Usage: 22M
[2026-04-03T03:37:00.169+0600][37.583s][info][gc,reloc    ] GC(39) y: Age Table:
[2026-04-03T03:37:00.169+0600][37.583s][info][gc,reloc    ] GC(39) y:                    Live             Garbage             Small              Medium             Large        
[2026-04-03T03:37:00.170+0600][37.583s][info][gc,reloc    ] GC(39) y: Eden             106M (5%)          657M (33%)        342 / 86             1 / 0              8 / 0        
[2026-04-03T03:37:00.170+0600][37.583s][info][gc,reloc    ] GC(39) y: Survivor 1        20M (1%)           83M (4%)          13 / 1              2 / 0              2 / 0        
[2026-04-03T03:37:00.170+0600][37.583s][info][gc,reloc    ] GC(39) y: Survivor 2         0M (0%)           15M (1%)           8 / 8              0 / 0              0 / 0        
[2026-04-03T03:37:00.170+0600][37.583s][info][gc,reloc    ] GC(39) y: Survivor 3         0M (0%)           11M (1%)           6 / 6              0 / 0              0 / 0        
[2026-04-03T03:37:00.170+0600][37.583s][info][gc,heap     ] GC(39) y: Min Capacity: 8M(0%)
[2026-04-03T03:37:00.170+0600][37.583s][info][gc,heap     ] GC(39) y: Max Capacity: 2000M(100%)
[2026-04-03T03:37:00.170+0600][37.583s][info][gc,heap     ] GC(39) y: Soft Max Capacity: 2000M(100%)
[2026-04-03T03:37:00.170+0600][37.583s][info][gc,heap     ] GC(39) y: Heap Statistics:
[2026-04-03T03:37:00.170+0600][37.583s][info][gc,heap     ] GC(39) y:                Mark Start          Mark End        Relocate Start      Relocate End           High               Low         
[2026-04-03T03:37:00.170+0600][37.583s][info][gc,heap     ] GC(39) y:  Capacity:     2000M (100%)       2000M (100%)       2000M (100%)       2000M (100%)       2000M (100%)       2000M (100%)   
[2026-04-03T03:37:00.170+0600][37.583s][info][gc,heap     ] GC(39) y:      Free:      896M (45%)         718M (36%)        1278M (64%)        1476M (74%)        1476M (74%)         718M (36%)    
[2026-04-03T03:37:00.170+0600][37.583s][info][gc,heap     ] GC(39) y:      Used:     1104M (55%)        1282M (64%)         722M (36%)         524M (26%)        1282M (64%)         524M (26%)    
[2026-04-03T03:37:00.170+0600][37.583s][info][gc,heap     ] GC(39) y: Young Generation Statistics:
[2026-04-03T03:37:00.170+0600][37.583s][info][gc,heap     ] GC(39) y:                Mark Start          Mark End        Relocate Start      Relocate End    
[2026-04-03T03:37:00.170+0600][37.583s][info][gc,heap     ] GC(39) y:      Used:      896M (45%)        1074M (54%)         514M (26%)         316M (16%)    
[2026-04-03T03:37:00.170+0600][37.583s][info][gc,heap     ] GC(39) y:      Live:         -               127M (6%)          127M (6%)          127M (6%)     
[2026-04-03T03:37:00.170+0600][37.583s][info][gc,heap     ] GC(39) y:   Garbage:         -               768M (38%)         208M (10%)           2M (0%)     
[2026-04-03T03:37:00.170+0600][37.583s][info][gc,heap     ] GC(39) y: Allocated:         -               178M (9%)          178M (9%)          185M (9%)     
[2026-04-03T03:37:00.170+0600][37.583s][info][gc,heap     ] GC(39) y: Reclaimed:         -                  -               560M (28%)         765M (38%)    
[2026-04-03T03:37:00.170+0600][37.583s][info][gc,heap     ] GC(39) y:  Promoted:         -                  -                 0M (0%)            0M (0%)     
[2026-04-03T03:37:00.170+0600][37.583s][info][gc,heap     ] GC(39) y: Compacted:         -                  -                  -                22M (1%)     
[2026-04-03T03:37:00.170+0600][37.583s][info][gc,phases   ] GC(39) y: Young Generation 1104M(55%)->524M(26%) 0.314s
[2026-04-03T03:37:00.170+0600][37.583s][info][gc          ] GC(39) Minor Collection (Allocation Rate) 1104M(55%)->524M(26%) 0.314s
[2026-04-03T03:37:00.170+0600][37.583s][info][gc          ] GC(40) Major Collection (System.gc())
[2026-04-03T03:37:00.170+0600][37.583s][info][gc,task     ] GC(40) Using 3 Workers for Young Generation
[2026-04-03T03:37:00.170+0600][37.583s][info][gc,task     ] GC(40) Using 3 Workers for Old Generation
[2026-04-03T03:37:00.170+0600][37.583s][info][gc,phases   ] GC(40) Y: Young Generation (Promote All)
[2026-04-03T03:37:00.170+0600][37.583s][info][gc,phases   ] GC(40) Y: Pause Mark Start 0.018ms
[2026-04-03T03:37:00.179+0600][37.593s][info][gc,phases   ] GC(40) Y: Concurrent Mark 9.249ms
[2026-04-03T03:37:00.179+0600][37.593s][info][gc,phases   ] GC(40) Y: Pause Mark End 0.021ms
[2026-04-03T03:37:00.180+0600][37.593s][info][gc,phases   ] GC(40) Y: Concurrent Mark Free 0.001ms
[2026-04-03T03:37:00.180+0600][37.593s][info][gc,phases   ] GC(40) Y: Concurrent Reset Relocation Set 0.009ms
[2026-04-03T03:37:00.181+0600][37.595s][info][gc,reloc    ] GC(40) Y: Using tenuring threshold: 0 (Promote All)
[2026-04-03T03:37:00.184+0600][37.598s][info][gc,phases   ] GC(40) Y: Concurrent Select Relocation Set 4.815ms
[2026-04-03T03:37:00.185+0600][37.598s][info][gc,phases   ] GC(40) Y: Pause Relocate Start 0.017ms
[2026-04-03T03:37:00.187+0600][37.601s][info][gc,phases   ] GC(40) Y: Concurrent Relocate 2.842ms
[2026-04-03T03:37:00.188+0600][37.601s][info][gc,alloc    ] GC(40) Y:                         Mark Start        Mark End      Relocate Start    Relocate End   
[2026-04-03T03:37:00.188+0600][37.601s][info][gc,alloc    ] GC(40) Y: Allocation Stalls:          0                0                0                0         
[2026-04-03T03:37:00.188+0600][37.601s][info][gc,load     ] GC(40) Y: Load: 4.13 (34%) / 4.29 (36%) / 4.69 (39%)
[2026-04-03T03:37:00.188+0600][37.601s][info][gc,mmu      ] GC(40) Y: MMU: 2ms/91.9%, 5ms/95.9%, 10ms/97.9%, 20ms/99.0%, 50ms/99.6%, 100ms/99.6%
[2026-04-03T03:37:00.188+0600][37.601s][info][gc,marking  ] GC(40) Y: Mark: 2 stripe(s), 1 proactive flush(es), 1 terminate flush(es), 0 completion(s), 0 continuation(s) 
[2026-04-03T03:37:00.188+0600][37.601s][info][gc,marking  ] GC(40) Y: Mark Stack Usage: 32M
[2026-04-03T03:37:00.188+0600][37.601s][info][gc,nmethod  ] GC(40) Y: NMethods: 6535 registered, 64 unregistered
[2026-04-03T03:37:00.188+0600][37.601s][info][gc,metaspace] GC(40) Y: Metaspace: 70M used, 71M committed, 1088M reserved
[2026-04-03T03:37:00.188+0600][37.601s][info][gc,reloc    ] GC(40) Y:                        Candidates     Selected     In-Place         Size        Empty    Relocated 
[2026-04-03T03:37:00.188+0600][37.601s][info][gc,reloc    ] GC(40) Y: Small Pages:                  152           14            0         304M         274M           1M 
[2026-04-03T03:37:00.188+0600][37.601s][info][gc,reloc    ] GC(40) Y: Medium Pages:                   0            0            0           0M           0M           0M 
[2026-04-03T03:37:00.188+0600][37.601s][info][gc,reloc    ] GC(40) Y: Large Pages:                    2            0            0          12M          12M           0M 
[2026-04-03T03:37:00.188+0600][37.601s][info][gc,reloc    ] GC(40) Y: Forwarding Usage: 0M
[2026-04-03T03:37:00.188+0600][37.601s][info][gc,reloc    ] GC(40) Y: Age Table:
[2026-04-03T03:37:00.188+0600][37.601s][info][gc,reloc    ] GC(40) Y:                    Live             Garbage             Small              Medium             Large        
[2026-04-03T03:37:00.188+0600][37.601s][info][gc,reloc    ] GC(40) Y: Eden               0M (0%)          177M (9%)          89 / 1              0 / 0              0 / 0        
[2026-04-03T03:37:00.188+0600][37.601s][info][gc,reloc    ] GC(40) Y: Survivor 1         0M (0%)          107M (5%)          48 / 6              0 / 0              2 / 0        
[2026-04-03T03:37:00.188+0600][37.601s][info][gc,reloc    ] GC(40) Y: Survivor 2         0M (0%)           23M (1%)          12 / 4              0 / 0              0 / 0        
[2026-04-03T03:37:00.188+0600][37.601s][info][gc,reloc    ] GC(40) Y: Survivor 3         0M (0%)            3M (0%)           2 / 2              0 / 0              0 / 0        
[2026-04-03T03:37:00.188+0600][37.601s][info][gc,reloc    ] GC(40) Y: Survivor 4         0M (0%)            1M (0%)           1 / 1              0 / 0              0 / 0        
[2026-04-03T03:37:00.188+0600][37.601s][info][gc,heap     ] GC(40) Y: Min Capacity: 8M(0%)
[2026-04-03T03:37:00.188+0600][37.601s][info][gc,heap     ] GC(40) Y: Max Capacity: 2000M(100%)
[2026-04-03T03:37:00.188+0600][37.601s][info][gc,heap     ] GC(40) Y: Soft Max Capacity: 2000M(100%)
[2026-04-03T03:37:00.188+0600][37.601s][info][gc,heap     ] GC(40) Y: Heap Statistics:
[2026-04-03T03:37:00.188+0600][37.601s][info][gc,heap     ] GC(40) Y:                Mark Start          Mark End        Relocate Start      Relocate End           High               Low         
[2026-04-03T03:37:00.188+0600][37.601s][info][gc,heap     ] GC(40) Y:  Capacity:     2000M (100%)       2000M (100%)       2000M (100%)       2000M (100%)       2000M (100%)       2000M (100%)   
[2026-04-03T03:37:00.188+0600][37.601s][info][gc,heap     ] GC(40) Y:      Free:     1476M (74%)        1476M (74%)        1762M (88%)        1786M (89%)        1786M (89%)        1476M (74%)    
[2026-04-03T03:37:00.188+0600][37.601s][info][gc,heap     ] GC(40) Y:      Used:      524M (26%)         524M (26%)         238M (12%)         214M (11%)         524M (26%)         214M (11%)    
[2026-04-03T03:37:00.188+0600][37.601s][info][gc,heap     ] GC(40) Y: Young Generation Statistics:
[2026-04-03T03:37:00.188+0600][37.601s][info][gc,heap     ] GC(40) Y:                Mark Start          Mark End        Relocate Start      Relocate End    
[2026-04-03T03:37:00.188+0600][37.601s][info][gc,heap     ] GC(40) Y:      Used:      316M (16%)         316M (16%)          30M (2%)            0M (0%)     
[2026-04-03T03:37:00.188+0600][37.601s][info][gc,heap     ] GC(40) Y:      Live:         -                 1M (0%)            1M (0%)            0M (0%)     
[2026-04-03T03:37:00.188+0600][37.601s][info][gc,heap     ] GC(40) Y:   Garbage:         -               314M (16%)          28M (1%)            0M (0%)     
[2026-04-03T03:37:00.188+0600][37.601s][info][gc,heap     ] GC(40) Y: Allocated:         -                 0M (0%)            0M (0%)            0M (0%)     
[2026-04-03T03:37:00.188+0600][37.601s][info][gc,heap     ] GC(40) Y: Reclaimed:         -                  -               286M (14%)         314M (16%)    
[2026-04-03T03:37:00.188+0600][37.601s][info][gc,heap     ] GC(40) Y:  Promoted:         -                  -                 0M (0%)            1M (0%)     
[2026-04-03T03:37:00.188+0600][37.601s][info][gc,heap     ] GC(40) Y: Compacted:         -                  -                  -                 0M (0%)     
[2026-04-03T03:37:00.188+0600][37.601s][info][gc,phases   ] GC(40) Y: Young Generation (Promote All) 524M(26%)->214M(11%) 0.018s
[2026-04-03T03:37:00.188+0600][37.601s][info][gc,phases   ] GC(40) Y: Young Generation (Collect Roots)
[2026-04-03T03:37:00.188+0600][37.601s][info][gc,phases   ] GC(40) Y: Pause Mark Start (Major) 0.024ms
[2026-04-03T03:37:00.196+0600][37.609s][info][gc,phases   ] GC(40) Y: Concurrent Mark 8.043ms
[2026-04-03T03:37:00.196+0600][37.610s][info][gc,phases   ] GC(40) Y: Pause Mark End 0.030ms
[2026-04-03T03:37:00.197+0600][37.610s][info][gc,phases   ] GC(40) Y: Concurrent Mark Free 0.490ms
[2026-04-03T03:37:00.197+0600][37.610s][info][gc,phases   ] GC(40) Y: Concurrent Reset Relocation Set 0.004ms
[2026-04-03T03:37:00.198+0600][37.612s][info][gc,reloc    ] GC(40) Y: Using tenuring threshold: 0 (Computed)
[2026-04-03T03:37:00.199+0600][37.612s][info][gc,phases   ] GC(40) Y: Concurrent Select Relocation Set 1.734ms
[2026-04-03T03:37:00.199+0600][37.612s][info][gc,phases   ] GC(40) Y: Pause Relocate Start 0.024ms
[2026-04-03T03:37:00.199+0600][37.612s][info][gc,phases   ] GC(40) Y: Concurrent Relocate 0.147ms
[2026-04-03T03:37:00.199+0600][37.612s][info][gc,alloc    ] GC(40) Y:                         Mark Start        Mark End      Relocate Start    Relocate End   
[2026-04-03T03:37:00.199+0600][37.612s][info][gc,alloc    ] GC(40) Y: Allocation Stalls:          0                0                0                0         
[2026-04-03T03:37:00.199+0600][37.612s][info][gc,load     ] GC(40) Y: Load: 4.13 (34%) / 4.29 (36%) / 4.69 (39%)
[2026-04-03T03:37:00.199+0600][37.612s][info][gc,mmu      ] GC(40) Y: MMU: 2ms/91.9%, 5ms/95.9%, 10ms/97.9%, 20ms/99.0%, 50ms/99.6%, 100ms/99.6%
[2026-04-03T03:37:00.199+0600][37.612s][info][gc,marking  ] GC(40) Y: Mark: 2 stripe(s), 1 proactive flush(es), 1 terminate flush(es), 0 completion(s), 0 continuation(s) 
[2026-04-03T03:37:00.199+0600][37.612s][info][gc,marking  ] GC(40) Y: Mark Stack Usage: 0M
[2026-04-03T03:37:00.199+0600][37.612s][info][gc,nmethod  ] GC(40) Y: NMethods: 6535 registered, 64 unregistered
[2026-04-03T03:37:00.199+0600][37.612s][info][gc,metaspace] GC(40) Y: Metaspace: 70M used, 71M committed, 1088M reserved
[2026-04-03T03:37:00.199+0600][37.612s][info][gc,heap     ] GC(40) Y: Min Capacity: 8M(0%)
[2026-04-03T03:37:00.199+0600][37.612s][info][gc,heap     ] GC(40) Y: Max Capacity: 2000M(100%)
[2026-04-03T03:37:00.199+0600][37.612s][info][gc,heap     ] GC(40) Y: Soft Max Capacity: 2000M(100%)
[2026-04-03T03:37:00.199+0600][37.612s][info][gc,heap     ] GC(40) Y: Heap Statistics:
[2026-04-03T03:37:00.199+0600][37.612s][info][gc,heap     ] GC(40) Y:                Mark Start          Mark End        Relocate Start      Relocate End           High               Low         
[2026-04-03T03:37:00.199+0600][37.612s][info][gc,heap     ] GC(40) Y:  Capacity:     2000M (100%)       2000M (100%)       2000M (100%)       2000M (100%)       2000M (100%)       2000M (100%)   
[2026-04-03T03:37:00.199+0600][37.612s][info][gc,heap     ] GC(40) Y:      Free:     1786M (89%)        1786M (89%)        1786M (89%)        1786M (89%)        1786M (89%)        1786M (89%)    
[2026-04-03T03:37:00.199+0600][37.612s][info][gc,heap     ] GC(40) Y:      Used:      214M (11%)         214M (11%)         214M (11%)         214M (11%)         214M (11%)         214M (11%)    
[2026-04-03T03:37:00.199+0600][37.612s][info][gc,heap     ] GC(40) Y: Young Generation Statistics:
[2026-04-03T03:37:00.199+0600][37.612s][info][gc,heap     ] GC(40) Y:                Mark Start          Mark End        Relocate Start      Relocate End    
[2026-04-03T03:37:00.199+0600][37.613s][info][gc,heap     ] GC(40) Y:      Used:        0M (0%)            0M (0%)            0M (0%)            0M (0%)     
[2026-04-03T03:37:00.199+0600][37.613s][info][gc,heap     ] GC(40) Y:      Live:         -                 0M (0%)            0M (0%)            0M (0%)     
[2026-04-03T03:37:00.199+0600][37.613s][info][gc,heap     ] GC(40) Y:   Garbage:         -                 0M (0%)            0M (0%)            0M (0%)     
[2026-04-03T03:37:00.199+0600][37.613s][info][gc,heap     ] GC(40) Y: Allocated:         -                 0M (0%)            0M (0%)            0M (0%)     
[2026-04-03T03:37:00.199+0600][37.613s][info][gc,heap     ] GC(40) Y: Reclaimed:         -                  -                 0M (0%)            0M (0%)     
[2026-04-03T03:37:00.199+0600][37.613s][info][gc,heap     ] GC(40) Y:  Promoted:         -                  -                 0M (0%)            0M (0%)     
[2026-04-03T03:37:00.199+0600][37.613s][info][gc,heap     ] GC(40) Y: Compacted:         -                  -                  -                 0M (0%)     
[2026-04-03T03:37:00.199+0600][37.613s][info][gc,phases   ] GC(40) Y: Young Generation (Collect Roots) 214M(11%)->214M(11%) 0.011s
[2026-04-03T03:37:00.199+0600][37.613s][info][gc,phases   ] GC(40) O: Old Generation
[2026-04-03T03:37:00.415+0600][37.829s][info][gc,phases   ] GC(40) O: Concurrent Mark 216.145ms
[2026-04-03T03:37:00.415+0600][37.829s][info][gc,phases   ] GC(40) O: Pause Mark End 0.019ms
[2026-04-03T03:37:00.416+0600][37.829s][info][gc,phases   ] GC(40) O: Concurrent Mark Free 0.001ms
[2026-04-03T03:37:00.430+0600][37.844s][info][gc,phases   ] GC(40) O: Concurrent Process Non-Strong 14.689ms
[2026-04-03T03:37:00.430+0600][37.844s][info][gc,phases   ] GC(40) O: Concurrent Reset Relocation Set 0.006ms
[2026-04-03T03:37:00.432+0600][37.846s][info][gc,phases   ] GC(40) O: Concurrent Select Relocation Set 1.915ms
[2026-04-03T03:37:00.432+0600][37.846s][info][gc,task     ] GC(40) O: Using 3 Workers for Old Generation
[2026-04-03T03:37:00.450+0600][37.863s][info][gc,task     ] GC(40) O: Using 3 Workers for Old Generation
[2026-04-03T03:37:00.450+0600][37.863s][info][gc,phases   ] GC(40) O: Concurrent Remap Roots 17.682ms
[2026-04-03T03:37:00.450+0600][37.864s][info][gc,phases   ] GC(40) O: Pause Relocate Start 0.021ms
[2026-04-03T03:37:00.457+0600][37.871s][info][gc,phases   ] GC(40) O: Concurrent Relocate 6.915ms
[2026-04-03T03:37:00.457+0600][37.871s][info][gc,alloc    ] GC(40) O:                         Mark Start        Mark End      Relocate Start    Relocate End   
[2026-04-03T03:37:00.457+0600][37.871s][info][gc,alloc    ] GC(40) O: Allocation Stalls:          0                0                0                0         
[2026-04-03T03:37:00.458+0600][37.871s][info][gc,load     ] GC(40) O: Load: 4.13 (34%) / 4.29 (36%) / 4.69 (39%)
[2026-04-03T03:37:00.458+0600][37.871s][info][gc,mmu      ] GC(40) O: MMU: 2ms/91.9%, 5ms/95.9%, 10ms/97.9%, 20ms/99.0%, 50ms/99.6%, 100ms/99.6%
[2026-04-03T03:37:00.458+0600][37.871s][info][gc,marking  ] GC(40) O: Mark: 2 stripe(s), 10 proactive flush(es), 1 terminate flush(es), 0 completion(s), 0 continuation(s) 
[2026-04-03T03:37:00.458+0600][37.871s][info][gc,marking  ] GC(40) O: Mark Stack Usage: 32M
[2026-04-03T03:37:00.458+0600][37.871s][info][gc,nmethod  ] GC(40) O: NMethods: 6232 registered, 394 unregistered
[2026-04-03T03:37:00.458+0600][37.871s][info][gc,metaspace] GC(40) O: Metaspace: 70M used, 71M committed, 1088M reserved
[2026-04-03T03:37:00.458+0600][37.871s][info][gc,ref      ] GC(40) O:                       Encountered   Discovered     Enqueued 
[2026-04-03T03:37:00.458+0600][37.871s][info][gc,ref      ] GC(40) O: Soft References:             5076            0            0 
[2026-04-03T03:37:00.458+0600][37.871s][info][gc,ref      ] GC(40) O: Weak References:             6957         4761          632 
[2026-04-03T03:37:00.458+0600][37.871s][info][gc,ref      ] GC(40) O: Final References:              84            0            0 
[2026-04-03T03:37:00.458+0600][37.871s][info][gc,ref      ] GC(40) O: Phantom References:           598          387            0 
[2026-04-03T03:37:00.458+0600][37.871s][info][gc,reloc    ] GC(40) O:                        Candidates     Selected     In-Place         Size        Empty    Relocated 
[2026-04-03T03:37:00.458+0600][37.871s][info][gc,reloc    ] GC(40) O: Small Pages:                   91            8            0         182M           0M           2M 
[2026-04-03T03:37:00.458+0600][37.871s][info][gc,reloc    ] GC(40) O: Medium Pages:                   1            0            0          32M           0M           0M 
[2026-04-03T03:37:00.458+0600][37.871s][info][gc,reloc    ] GC(40) O: Large Pages:                    0            0            0           0M           0M           0M 
[2026-04-03T03:37:00.458+0600][37.871s][info][gc,reloc    ] GC(40) O: Forwarding Usage: 2M
[2026-04-03T03:37:00.458+0600][37.871s][info][gc,heap     ] GC(40) O: Min Capacity: 8M(0%)
[2026-04-03T03:37:00.458+0600][37.871s][info][gc,heap     ] GC(40) O: Max Capacity: 2000M(100%)
[2026-04-03T03:37:00.458+0600][37.871s][info][gc,heap     ] GC(40) O: Soft Max Capacity: 2000M(100%)
[2026-04-03T03:37:00.458+0600][37.871s][info][gc,heap     ] GC(40) O: Heap Statistics:
[2026-04-03T03:37:00.458+0600][37.871s][info][gc,heap     ] GC(40) O:                Mark Start          Mark End        Relocate Start      Relocate End           High               Low         
[2026-04-03T03:37:00.458+0600][37.871s][info][gc,heap     ] GC(40) O:  Capacity:     2000M (100%)       2000M (100%)       2000M (100%)       2000M (100%)       2000M (100%)       2000M (100%)   
[2026-04-03T03:37:00.458+0600][37.871s][info][gc,heap     ] GC(40) O:      Free:     1786M (89%)        1782M (89%)        1770M (88%)        1778M (89%)        1786M (89%)        1760M (88%)    
[2026-04-03T03:37:00.458+0600][37.871s][info][gc,heap     ] GC(40) O:      Used:      214M (11%)         218M (11%)         230M (12%)         222M (11%)         240M (12%)         214M (11%)    
[2026-04-03T03:37:00.458+0600][37.871s][info][gc,heap     ] GC(40) O: Old Generation Statistics:
[2026-04-03T03:37:00.458+0600][37.871s][info][gc,heap     ] GC(40) O:                Mark Start          Mark End        Relocate Start      Relocate End    
[2026-04-03T03:37:00.458+0600][37.871s][info][gc,heap     ] GC(40) O:      Used:      214M (11%)         214M (11%)         214M (11%)         204M (10%)    
[2026-04-03T03:37:00.458+0600][37.871s][info][gc,heap     ] GC(40) O:      Live:         -               170M (9%)          170M (9%)          170M (9%)     
[2026-04-03T03:37:00.458+0600][37.871s][info][gc,heap     ] GC(40) O:   Garbage:         -                43M (2%)           43M (2%)           26M (1%)     
[2026-04-03T03:37:00.458+0600][37.871s][info][gc,heap     ] GC(40) O: Allocated:         -                 0M (0%)            0M (0%)            6M (0%)     
[2026-04-03T03:37:00.458+0600][37.871s][info][gc,heap     ] GC(40) O: Reclaimed:         -                  -                 0M (0%)           16M (1%)     
[2026-04-03T03:37:00.458+0600][37.871s][info][gc,heap     ] GC(40) O: Compacted:         -                  -                  -                 5M (0%)     
[2026-04-03T03:37:00.458+0600][37.871s][info][gc,phases   ] GC(40) O: Old Generation 214M(11%)->222M(11%) 0.258s
[2026-04-03T03:37:00.458+0600][37.871s][info][gc          ] GC(40) Major Collection (System.gc()) 524M(26%)->222M(11%) 0.288s
[2026-04-03T03:37:01.304+0600][38.717s][info][gc          ] GC(41) Minor Collection (Allocation Rate)
[2026-04-03T03:37:01.304+0600][38.717s][info][gc,task     ] GC(41) Using 2 Workers for Young Generation
[2026-04-03T03:37:01.304+0600][38.717s][info][gc,phases   ] GC(41) y: Young Generation
[2026-04-03T03:37:01.304+0600][38.717s][info][gc,phases   ] GC(41) y: Pause Mark Start 0.039ms
[2026-04-03T03:37:01.818+0600][39.231s][info][gc,phases   ] GC(41) y: Concurrent Mark 513.506ms
[2026-04-03T03:37:01.818+0600][39.231s][info][gc,phases   ] GC(41) y: Pause Mark End 0.034ms
[2026-04-03T03:37:01.818+0600][39.232s][info][gc,phases   ] GC(41) y: Concurrent Mark Free 0.004ms
[2026-04-03T03:37:01.818+0600][39.232s][info][gc,phases   ] GC(41) y: Concurrent Reset Relocation Set 0.001ms
[2026-04-03T03:37:01.821+0600][39.234s][info][gc,reloc    ] GC(41) y: Using tenuring threshold: 1 (Computed)
[2026-04-03T03:37:01.880+0600][39.293s][info][gc,phases   ] GC(41) y: Concurrent Select Relocation Set 61.272ms
[2026-04-03T03:37:01.880+0600][39.293s][info][gc,phases   ] GC(41) y: Pause Relocate Start 0.053ms
[2026-04-03T03:37:02.124+0600][39.537s][info][gc,phases   ] GC(41) y: Concurrent Relocate 243.573ms
[2026-04-03T03:37:02.124+0600][39.537s][info][gc,alloc    ] GC(41) y:                         Mark Start        Mark End      Relocate Start    Relocate End   
[2026-04-03T03:37:02.124+0600][39.537s][info][gc,alloc    ] GC(41) y: Allocation Stalls:          0                0                0                0         
[2026-04-03T03:37:02.124+0600][39.537s][info][gc,load     ] GC(41) y: Load: 4.20 (35%) / 4.30 (36%) / 4.69 (39%)
[2026-04-03T03:37:02.124+0600][39.537s][info][gc,mmu      ] GC(41) y: MMU: 2ms/91.9%, 5ms/95.9%, 10ms/97.9%, 20ms/99.0%, 50ms/99.6%, 100ms/99.6%
[2026-04-03T03:37:02.124+0600][39.537s][info][gc,marking  ] GC(41) y: Mark: 2 stripe(s), 2 proactive flush(es), 1 terminate flush(es), 0 completion(s), 0 continuation(s) 
[2026-04-03T03:37:02.124+0600][39.537s][info][gc,marking  ] GC(41) y: Mark Stack Usage: 32M
[2026-04-03T03:37:02.124+0600][39.537s][info][gc,nmethod  ] GC(41) y: NMethods: 6339 registered, 394 unregistered
[2026-04-03T03:37:02.124+0600][39.537s][info][gc,metaspace] GC(41) y: Metaspace: 70M used, 71M committed, 1088M reserved
[2026-04-03T03:37:02.124+0600][39.537s][info][gc,reloc    ] GC(41) y:                        Candidates     Selected     In-Place         Size        Empty    Relocated 
[2026-04-03T03:37:02.124+0600][39.537s][info][gc,reloc    ] GC(41) y: Small Pages:                  497          412            0         994M           0M          85M 
[2026-04-03T03:37:02.124+0600][39.537s][info][gc,reloc    ] GC(41) y: Medium Pages:                   1            0            0          32M          32M           0M 
[2026-04-03T03:37:02.124+0600][39.537s][info][gc,reloc    ] GC(41) y: Large Pages:                   13            0            0         102M          42M           0M 
[2026-04-03T03:37:02.124+0600][39.537s][info][gc,reloc    ] GC(41) y: Forwarding Usage: 94M
[2026-04-03T03:37:02.124+0600][39.538s][info][gc,reloc    ] GC(41) y: Age Table:
[2026-04-03T03:37:02.124+0600][39.538s][info][gc,reloc    ] GC(41) y:                    Live             Garbage             Small              Medium             Large        
[2026-04-03T03:37:02.124+0600][39.538s][info][gc,reloc    ] GC(41) y: Eden             203M (10%)         924M (46%)        497 / 412            1 / 0             13 / 0        
[2026-04-03T03:37:02.124+0600][39.538s][info][gc,heap     ] GC(41) y: Min Capacity: 8M(0%)
[2026-04-03T03:37:02.124+0600][39.538s][info][gc,heap     ] GC(41) y: Max Capacity: 2000M(100%)
[2026-04-03T03:37:02.124+0600][39.538s][info][gc,heap     ] GC(41) y: Soft Max Capacity: 2000M(100%)
[2026-04-03T03:37:02.124+0600][39.538s][info][gc,heap     ] GC(41) y: Heap Statistics:
[2026-04-03T03:37:02.124+0600][39.538s][info][gc,heap     ] GC(41) y:                Mark Start          Mark End        Relocate Start      Relocate End           High               Low         
[2026-04-03T03:37:02.124+0600][39.538s][info][gc,heap     ] GC(41) y:  Capacity:     2000M (100%)       2000M (100%)       2000M (100%)       2000M (100%)       2000M (100%)       2000M (100%)   
[2026-04-03T03:37:02.124+0600][39.538s][info][gc,heap     ] GC(41) y:      Free:      668M (33%)         202M (10%)         234M (12%)         938M (47%)         942M (47%)         200M (10%)    
[2026-04-03T03:37:02.124+0600][39.538s][info][gc,heap     ] GC(41) y:      Used:     1332M (67%)        1798M (90%)        1766M (88%)        1062M (53%)        1800M (90%)        1058M (53%)    
[2026-04-03T03:37:02.124+0600][39.538s][info][gc,heap     ] GC(41) y: Young Generation Statistics:
[2026-04-03T03:37:02.124+0600][39.538s][info][gc,heap     ] GC(41) y:                Mark Start          Mark End        Relocate Start      Relocate End    
[2026-04-03T03:37:02.124+0600][39.538s][info][gc,heap     ] GC(41) y:      Used:     1128M (56%)        1594M (80%)        1562M (78%)         858M (43%)    
[2026-04-03T03:37:02.124+0600][39.538s][info][gc,heap     ] GC(41) y:      Live:         -               203M (10%)         203M (10%)         203M (10%)    
[2026-04-03T03:37:02.124+0600][39.538s][info][gc,heap     ] GC(41) y:   Garbage:         -               924M (46%)         850M (43%)           2M (0%)     
[2026-04-03T03:37:02.124+0600][39.538s][info][gc,heap     ] GC(41) y: Allocated:         -               466M (23%)         508M (25%)         652M (33%)    
[2026-04-03T03:37:02.124+0600][39.538s][info][gc,heap     ] GC(41) y: Reclaimed:         -                  -                74M (4%)          922M (46%)    
[2026-04-03T03:37:02.124+0600][39.538s][info][gc,heap     ] GC(41) y:  Promoted:         -                  -                 0M (0%)            0M (0%)     
[2026-04-03T03:37:02.124+0600][39.538s][info][gc,heap     ] GC(41) y: Compacted:         -                  -                  -               139M (7%)     
[2026-04-03T03:37:02.124+0600][39.538s][info][gc,phases   ] GC(41) y: Young Generation 1332M(67%)->1062M(53%) 0.820s
[2026-04-03T03:37:02.124+0600][39.538s][info][gc          ] GC(41) Minor Collection (Allocation Rate) 1332M(67%)->1062M(53%) 0.821s
[2026-04-03T03:37:02.125+0600][39.538s][info][gc          ] GC(42) Minor Collection (Allocation Rate)
[2026-04-03T03:37:02.125+0600][39.538s][info][gc,task     ] GC(42) Using 3 Workers for Young Generation
[2026-04-03T03:37:02.125+0600][39.538s][info][gc,phases   ] GC(42) y: Young Generation
[2026-04-03T03:37:02.125+0600][39.538s][info][gc,phases   ] GC(42) y: Pause Mark Start 0.031ms
[2026-04-03T03:37:02.779+0600][40.192s][info][gc,phases   ] GC(42) y: Concurrent Mark 653.934ms
[2026-04-03T03:37:02.779+0600][40.193s][info][gc,phases   ] GC(42) y: Pause Mark End 0.038ms
[2026-04-03T03:37:02.780+0600][40.193s][info][gc,phases   ] GC(42) y: Concurrent Mark Free 0.002ms
[2026-04-03T03:37:02.780+0600][40.193s][info][gc,phases   ] GC(42) y: Concurrent Reset Relocation Set 0.157ms
[2026-04-03T03:37:02.786+0600][40.200s][info][gc,reloc    ] GC(42) y: Using tenuring threshold: 1 (Computed)
[2026-04-03T03:37:02.893+0600][40.307s][info][gc,phases   ] GC(42) y: Concurrent Select Relocation Set 113.382ms
[2026-04-03T03:37:02.894+0600][40.307s][info][gc,phases   ] GC(42) y: Pause Relocate Start 0.052ms
[2026-04-03T03:37:03.241+0600][40.654s][info][gc,phases   ] GC(42) y: Concurrent Relocate 347.073ms
[2026-04-03T03:37:03.241+0600][40.654s][info][gc,alloc    ] GC(42) y:                         Mark Start        Mark End      Relocate Start    Relocate End   
[2026-04-03T03:37:03.241+0600][40.654s][info][gc,alloc    ] GC(42) y: Allocation Stalls:          0                0                0                0         
[2026-04-03T03:37:03.241+0600][40.654s][info][gc,load     ] GC(42) y: Load: 4.20 (35%) / 4.30 (36%) / 4.69 (39%)
[2026-04-03T03:37:03.241+0600][40.654s][info][gc,mmu      ] GC(42) y: MMU: 2ms/91.9%, 5ms/95.9%, 10ms/97.9%, 20ms/99.0%, 50ms/99.6%, 100ms/99.6%
[2026-04-03T03:37:03.241+0600][40.654s][info][gc,marking  ] GC(42) y: Mark: 2 stripe(s), 2 proactive flush(es), 1 terminate flush(es), 0 completion(s), 0 continuation(s) 
[2026-04-03T03:37:03.241+0600][40.654s][info][gc,marking  ] GC(42) y: Mark Stack Usage: 32M
[2026-04-03T03:37:03.241+0600][40.654s][info][gc,nmethod  ] GC(42) y: NMethods: 6351 registered, 394 unregistered
[2026-04-03T03:37:03.241+0600][40.654s][info][gc,metaspace] GC(42) y: Metaspace: 70M used, 71M committed, 1088M reserved
[2026-04-03T03:37:03.241+0600][40.654s][info][gc,reloc    ] GC(42) y:                        Candidates     Selected     In-Place         Size        Empty    Relocated 
[2026-04-03T03:37:03.241+0600][40.654s][info][gc,reloc    ] GC(42) y: Small Pages:                  399          307            0         798M           0M          34M 
[2026-04-03T03:37:03.241+0600][40.654s][info][gc,reloc    ] GC(42) y: Medium Pages:                   0            0            0           0M           0M           0M 
[2026-04-03T03:37:03.241+0600][40.655s][info][gc,reloc    ] GC(42) y: Large Pages:                    6            0            0          60M           0M           0M 
[2026-04-03T03:37:03.241+0600][40.655s][info][gc,reloc    ] GC(42) y: Forwarding Usage: 38M
[2026-04-03T03:37:03.241+0600][40.655s][info][gc,reloc    ] GC(42) y: Age Table:
[2026-04-03T03:37:03.241+0600][40.655s][info][gc,reloc    ] GC(42) y:                    Live             Garbage             Small              Medium             Large        
[2026-04-03T03:37:03.241+0600][40.655s][info][gc,reloc    ] GC(42) y: Eden              34M (2%)          609M (30%)        322 / 302            0 / 0              0 / 0        
[2026-04-03T03:37:03.241+0600][40.655s][info][gc,reloc    ] GC(42) y: Survivor 1       196M (10%)          17M (1%)          77 / 5              0 / 0              6 / 0        
[2026-04-03T03:37:03.241+0600][40.655s][info][gc,heap     ] GC(42) y: Min Capacity: 8M(0%)
[2026-04-03T03:37:03.241+0600][40.655s][info][gc,heap     ] GC(42) y: Max Capacity: 2000M(100%)
[2026-04-03T03:37:03.241+0600][40.655s][info][gc,heap     ] GC(42) y: Soft Max Capacity: 2000M(100%)
[2026-04-03T03:37:03.241+0600][40.655s][info][gc,heap     ] GC(42) y: Heap Statistics:
[2026-04-03T03:37:03.241+0600][40.655s][info][gc,heap     ] GC(42) y:                Mark Start          Mark End        Relocate Start      Relocate End           High               Low         
[2026-04-03T03:37:03.241+0600][40.655s][info][gc,heap     ] GC(42) y:  Capacity:     2000M (100%)       2000M (100%)       2000M (100%)       2000M (100%)       2000M (100%)       2000M (100%)   
[2026-04-03T03:37:03.241+0600][40.655s][info][gc,heap     ] GC(42) y:      Free:      938M (47%)         534M (27%)         432M (22%)         988M (49%)        1020M (51%)         418M (21%)    
[2026-04-03T03:37:03.241+0600][40.655s][info][gc,heap     ] GC(42) y:      Used:     1062M (53%)        1466M (73%)        1568M (78%)        1012M (51%)        1582M (79%)         980M (49%)    
[2026-04-03T03:37:03.241+0600][40.655s][info][gc,heap     ] GC(42) y: Young Generation Statistics:
[2026-04-03T03:37:03.241+0600][40.655s][info][gc,heap     ] GC(42) y:                Mark Start          Mark End        Relocate Start      Relocate End    
[2026-04-03T03:37:03.241+0600][40.655s][info][gc,heap     ] GC(42) y:      Used:      858M (43%)        1262M (63%)        1166M (58%)         600M (30%)    
[2026-04-03T03:37:03.241+0600][40.655s][info][gc,heap     ] GC(42) y:      Live:         -               230M (12%)          39M (2%)           34M (2%)     
[2026-04-03T03:37:03.241+0600][40.655s][info][gc,heap     ] GC(42) y:   Garbage:         -               627M (31%)         620M (31%)           0M (0%)     
[2026-04-03T03:37:03.241+0600][40.655s][info][gc,heap     ] GC(42) y: Allocated:         -               404M (20%)         506M (25%)         565M (28%)    
[2026-04-03T03:37:03.241+0600][40.655s][info][gc,heap     ] GC(42) y: Reclaimed:         -                  -                 7M (0%)          627M (31%)    
[2026-04-03T03:37:03.241+0600][40.655s][info][gc,heap     ] GC(42) y:  Promoted:         -                  -               190M (10%)         196M (10%)    
[2026-04-03T03:37:03.241+0600][40.655s][info][gc,heap     ] GC(42) y: Compacted:         -                  -                  -                34M (2%)     
[2026-04-03T03:37:03.241+0600][40.655s][info][gc,phases   ] GC(42) y: Young Generation 1062M(53%)->1012M(51%) 1.116s
[2026-04-03T03:37:03.241+0600][40.655s][info][gc          ] GC(42) Minor Collection (Allocation Rate) 1062M(53%)->1012M(51%) 1.117s
[2026-04-03T03:37:03.242+0600][40.655s][info][gc          ] GC(43) Major Collection (Allocation Rate)
[2026-04-03T03:37:03.242+0600][40.655s][info][gc,task     ] GC(43) Using 3 Workers for Young Generation
[2026-04-03T03:37:03.242+0600][40.655s][info][gc,task     ] GC(43) Using 1 Workers for Old Generation
[2026-04-03T03:37:03.242+0600][40.655s][info][gc,phases   ] GC(43) Y: Young Generation
[2026-04-03T03:37:03.242+0600][40.656s][info][gc,phases   ] GC(43) Y: Pause Mark Start (Major) 0.047ms
[2026-04-03T03:37:03.701+0600][41.114s][info][gc,phases   ] GC(43) Y: Concurrent Mark 458.204ms
[2026-04-03T03:37:03.701+0600][41.115s][info][gc,phases   ] GC(43) Y: Pause Mark End 0.031ms
[2026-04-03T03:37:03.701+0600][41.115s][info][gc,phases   ] GC(43) Y: Concurrent Mark Free 0.001ms
[2026-04-03T03:37:03.702+0600][41.115s][info][gc,phases   ] GC(43) Y: Concurrent Reset Relocation Set 0.229ms
[2026-04-03T03:37:03.707+0600][41.121s][info][gc,reloc    ] GC(43) Y: Using tenuring threshold: 2 (Computed)
[2026-04-03T03:37:03.711+0600][41.124s][info][gc,phases   ] GC(43) Y: Concurrent Select Relocation Set 9.245ms
[2026-04-03T03:37:03.711+0600][41.125s][info][gc,phases   ] GC(43) Y: Pause Relocate Start 0.023ms
[2026-04-03T03:37:03.764+0600][41.178s][info][gc,phases   ] GC(43) Y: Concurrent Relocate 52.925ms
[2026-04-03T03:37:03.764+0600][41.178s][info][gc,alloc    ] GC(43) Y:                         Mark Start        Mark End      Relocate Start    Relocate End   
[2026-04-03T03:37:03.764+0600][41.178s][info][gc,alloc    ] GC(43) Y: Allocation Stalls:          0                0                0                0         
[2026-04-03T03:37:03.764+0600][41.178s][info][gc,load     ] GC(43) Y: Load: 4.20 (35%) / 4.30 (36%) / 4.69 (39%)
[2026-04-03T03:37:03.764+0600][41.178s][info][gc,mmu      ] GC(43) Y: MMU: 2ms/91.9%, 5ms/95.9%, 10ms/97.9%, 20ms/99.0%, 50ms/99.6%, 100ms/99.6%
[2026-04-03T03:37:03.764+0600][41.178s][info][gc,marking  ] GC(43) Y: Mark: 2 stripe(s), 10 proactive flush(es), 1 terminate flush(es), 0 completion(s), 0 continuation(s) 
[2026-04-03T03:37:03.764+0600][41.178s][info][gc,marking  ] GC(43) Y: Mark Stack Usage: 32M
[2026-04-03T03:37:03.764+0600][41.178s][info][gc,nmethod  ] GC(43) Y: NMethods: 6354 registered, 394 unregistered
[2026-04-03T03:37:03.764+0600][41.178s][info][gc,metaspace] GC(43) Y: Metaspace: 70M used, 71M committed, 1088M reserved
[2026-04-03T03:37:03.765+0600][41.178s][info][gc,reloc    ] GC(43) Y:                        Candidates     Selected     In-Place         Size        Empty    Relocated 
[2026-04-03T03:37:03.765+0600][41.178s][info][gc,reloc    ] GC(43) Y: Small Pages:                  257          223            0         514M           4M          24M 
[2026-04-03T03:37:03.765+0600][41.178s][info][gc,reloc    ] GC(43) Y: Medium Pages:                   1            0            0          32M           0M           0M 
[2026-04-03T03:37:03.765+0600][41.178s][info][gc,reloc    ] GC(43) Y: Large Pages:                    3            0            0          54M           0M           0M 
[2026-04-03T03:37:03.765+0600][41.178s][info][gc,reloc    ] GC(43) Y: Forwarding Usage: 27M
[2026-04-03T03:37:03.765+0600][41.178s][info][gc,reloc    ] GC(43) Y: Age Table:
[2026-04-03T03:37:03.765+0600][41.178s][info][gc,reloc    ] GC(43) Y:                    Live             Garbage             Small              Medium             Large        
[2026-04-03T03:37:03.765+0600][41.178s][info][gc,reloc    ] GC(43) Y: Eden              82M (4%)          477M (24%)        237 / 220            1 / 0              3 / 0        
[2026-04-03T03:37:03.765+0600][41.178s][info][gc,reloc    ] GC(43) Y: Survivor 1        30M (2%)            9M (0%)          20 / 3              0 / 0              0 / 0        
[2026-04-03T03:37:03.765+0600][41.178s][info][gc,heap     ] GC(43) Y: Min Capacity: 8M(0%)
[2026-04-03T03:37:03.765+0600][41.178s][info][gc,heap     ] GC(43) Y: Max Capacity: 2000M(100%)
[2026-04-03T03:37:03.765+0600][41.178s][info][gc,heap     ] GC(43) Y: Soft Max Capacity: 2000M(100%)
[2026-04-03T03:37:03.765+0600][41.178s][info][gc,heap     ] GC(43) Y: Heap Statistics:
[2026-04-03T03:37:03.765+0600][41.178s][info][gc,heap     ] GC(43) Y:                Mark Start          Mark End        Relocate Start      Relocate End           High               Low         
[2026-04-03T03:37:03.765+0600][41.178s][info][gc,heap     ] GC(43) Y:  Capacity:     2000M (100%)       2000M (100%)       2000M (100%)       2000M (100%)       2000M (100%)       2000M (100%)   
[2026-04-03T03:37:03.765+0600][41.178s][info][gc,heap     ] GC(43) Y:      Free:      988M (49%)         954M (48%)         958M (48%)        1390M (70%)        1390M (70%)         946M (47%)    
[2026-04-03T03:37:03.765+0600][41.178s][info][gc,heap     ] GC(43) Y:      Used:     1012M (51%)        1046M (52%)        1042M (52%)         610M (30%)        1054M (53%)         610M (30%)    
[2026-04-03T03:37:03.765+0600][41.178s][info][gc,heap     ] GC(43) Y: Young Generation Statistics:
[2026-04-03T03:37:03.765+0600][41.178s][info][gc,heap     ] GC(43) Y:                Mark Start          Mark End        Relocate Start      Relocate End    
[2026-04-03T03:37:03.765+0600][41.178s][info][gc,heap     ] GC(43) Y:      Used:      600M (30%)         634M (32%)         630M (32%)         198M (10%)    
[2026-04-03T03:37:03.765+0600][41.178s][info][gc,heap     ] GC(43) Y:      Live:         -               113M (6%)          113M (6%)          113M (6%)     
[2026-04-03T03:37:03.765+0600][41.178s][info][gc,heap     ] GC(43) Y:   Garbage:         -               486M (24%)         482M (24%)          31M (2%)     
[2026-04-03T03:37:03.765+0600][41.178s][info][gc,heap     ] GC(43) Y: Allocated:         -                34M (2%)           34M (2%)           52M (3%)     
[2026-04-03T03:37:03.765+0600][41.178s][info][gc,heap     ] GC(43) Y: Reclaimed:         -                  -                 4M (0%)          454M (23%)    
[2026-04-03T03:37:03.765+0600][41.178s][info][gc,heap     ] GC(43) Y:  Promoted:         -                  -                 0M (0%)            0M (0%)     
[2026-04-03T03:37:03.765+0600][41.178s][info][gc,heap     ] GC(43) Y: Compacted:         -                  -                  -                27M (1%)     
[2026-04-03T03:37:03.765+0600][41.178s][info][gc,phases   ] GC(43) Y: Young Generation 1012M(51%)->610M(30%) 0.522s
[2026-04-03T03:37:03.765+0600][41.178s][info][gc,phases   ] GC(43) O: Old Generation
[2026-04-03T03:37:03.773+0600][41.187s][info][gc          ] GC(44) Minor Collection (Allocation Rate)
[2026-04-03T03:37:03.774+0600][41.187s][info][gc,task     ] GC(44) Using 2 Workers for Young Generation
[2026-04-03T03:37:03.774+0600][41.187s][info][gc,phases   ] GC(44) y: Young Generation
[2026-04-03T03:37:03.778+0600][41.191s][info][gc,phases   ] GC(44) y: Pause Mark Start 0.042ms
[2026-04-03T03:37:04.447+0600][41.860s][info][gc,phases   ] GC(44) y: Concurrent Mark 668.509ms
[2026-04-03T03:37:04.447+0600][41.861s][info][gc,phases   ] GC(44) y: Pause Mark End 0.025ms
[2026-04-03T03:37:04.447+0600][41.861s][info][gc,phases   ] GC(44) y: Concurrent Mark Free 0.003ms
[2026-04-03T03:37:04.448+0600][41.861s][info][gc,phases   ] GC(44) y: Concurrent Reset Relocation Set 0.024ms
[2026-04-03T03:37:04.450+0600][41.863s][info][gc,reloc    ] GC(44) y: Using tenuring threshold: 1 (Computed)
[2026-04-03T03:37:04.534+0600][41.947s][info][gc,phases   ] GC(44) y: Concurrent Select Relocation Set 86.154ms
[2026-04-03T03:37:04.534+0600][41.947s][info][gc,phases   ] GC(44) y: Pause Relocate Start 0.021ms
[2026-04-03T03:37:04.732+0600][42.145s][info][gc,phases   ] GC(44) y: Concurrent Relocate 197.546ms
[2026-04-03T03:37:04.732+0600][42.145s][info][gc,alloc    ] GC(44) y:                         Mark Start        Mark End      Relocate Start    Relocate End   
[2026-04-03T03:37:04.732+0600][42.145s][info][gc,alloc    ] GC(44) y: Allocation Stalls:          0                0                0                0         
[2026-04-03T03:37:04.732+0600][42.145s][info][gc,load     ] GC(44) y: Load: 4.20 (35%) / 4.30 (36%) / 4.69 (39%)
[2026-04-03T03:37:04.732+0600][42.145s][info][gc,mmu      ] GC(44) y: MMU: 2ms/91.9%, 5ms/95.9%, 10ms/97.9%, 20ms/99.0%, 50ms/99.6%, 100ms/99.6%
[2026-04-03T03:37:04.732+0600][42.145s][info][gc,marking  ] GC(44) y: Mark: 2 stripe(s), 10 proactive flush(es), 1 terminate flush(es), 0 completion(s), 0 continuation(s) 
[2026-04-03T03:37:04.732+0600][42.145s][info][gc,marking  ] GC(44) y: Mark Stack Usage: 32M
[2026-04-03T03:37:04.732+0600][42.145s][info][gc,nmethod  ] GC(44) y: NMethods: 6477 registered, 394 unregistered
[2026-04-03T03:37:04.732+0600][42.145s][info][gc,metaspace] GC(44) y: Metaspace: 70M used, 71M committed, 1088M reserved
[2026-04-03T03:37:04.732+0600][42.145s][info][gc,reloc    ] GC(44) y:                        Candidates     Selected     In-Place         Size        Empty    Relocated 
[2026-04-03T03:37:04.732+0600][42.145s][info][gc,reloc    ] GC(44) y: Small Pages:                   40           10            0          80M           0M           4M 
[2026-04-03T03:37:04.732+0600][42.145s][info][gc,reloc    ] GC(44) y: Medium Pages:                   2            1            0          64M           0M           3M 
[2026-04-03T03:37:04.732+0600][42.145s][info][gc,reloc    ] GC(44) y: Large Pages:                    3            0            0          54M           0M           0M 
[2026-04-03T03:37:04.732+0600][42.146s][info][gc,reloc    ] GC(44) y: Forwarding Usage: 4M
[2026-04-03T03:37:04.732+0600][42.146s][info][gc,reloc    ] GC(44) y: Age Table:
[2026-04-03T03:37:04.732+0600][42.146s][info][gc,reloc    ] GC(44) y:                    Live             Garbage             Small              Medium             Large        
[2026-04-03T03:37:04.732+0600][42.146s][info][gc,reloc    ] GC(44) y: Eden               3M (0%)           30M (2%)           1 / 0              1 / 1              0 / 0        
[2026-04-03T03:37:04.732+0600][42.146s][info][gc,reloc    ] GC(44) y: Survivor 1        81M (4%)           38M (2%)          17 / 5              1 / 0              3 / 0        
[2026-04-03T03:37:04.732+0600][42.146s][info][gc,reloc    ] GC(44) y: Survivor 2        30M (2%)           13M (1%)          22 / 5              0 / 0              0 / 0        
[2026-04-03T03:37:04.732+0600][42.146s][info][gc,heap     ] GC(44) y: Min Capacity: 8M(0%)
[2026-04-03T03:37:04.732+0600][42.146s][info][gc,heap     ] GC(44) y: Max Capacity: 2000M(100%)
[2026-04-03T03:37:04.732+0600][42.146s][info][gc,heap     ] GC(44) y: Soft Max Capacity: 2000M(100%)
[2026-04-03T03:37:04.732+0600][42.146s][info][gc,heap     ] GC(44) y: Heap Statistics:
[2026-04-03T03:37:04.732+0600][42.146s][info][gc,heap     ] GC(44) y:                Mark Start          Mark End        Relocate Start      Relocate End           High               Low         
[2026-04-03T03:37:04.732+0600][42.146s][info][gc,heap     ] GC(44) y:  Capacity:     2000M (100%)       2000M (100%)       2000M (100%)       2000M (100%)       2000M (100%)       2000M (100%)   
[2026-04-03T03:37:04.732+0600][42.146s][info][gc,heap     ] GC(44) y:      Free:     1390M (70%)        1306M (65%)        1298M (65%)        1224M (61%)        1390M (70%)        1224M (61%)    
[2026-04-03T03:37:04.732+0600][42.146s][info][gc,heap     ] GC(44) y:      Used:      610M (30%)         694M (35%)         702M (35%)         776M (39%)         776M (39%)         610M (30%)    
[2026-04-03T03:37:04.732+0600][42.146s][info][gc,heap     ] GC(44) y: Young Generation Statistics:
[2026-04-03T03:37:04.732+0600][42.146s][info][gc,heap     ] GC(44) y:                Mark Start          Mark End        Relocate Start      Relocate End    
[2026-04-03T03:37:04.732+0600][42.146s][info][gc,heap     ] GC(44) y:      Used:      198M (10%)         282M (14%)         182M (9%)          216M (11%)    
[2026-04-03T03:37:04.732+0600][42.146s][info][gc,heap     ] GC(44) y:      Live:         -               114M (6%)           10M (1%)            3M (0%)     
[2026-04-03T03:37:04.732+0600][42.146s][info][gc,heap     ] GC(44) y:   Garbage:         -                83M (4%)           79M (4%)            0M (0%)     
[2026-04-03T03:37:04.732+0600][42.146s][info][gc,heap     ] GC(44) y: Allocated:         -                84M (4%)           92M (5%)          212M (11%)    
[2026-04-03T03:37:04.732+0600][42.146s][info][gc,heap     ] GC(44) y: Reclaimed:         -                  -                 3M (0%)           83M (4%)     
[2026-04-03T03:37:04.732+0600][42.146s][info][gc,heap     ] GC(44) y:  Promoted:         -                  -               104M (5%)          111M (6%)     
[2026-04-03T03:37:04.732+0600][42.146s][info][gc,heap     ] GC(44) y: Compacted:         -                  -                  -                 3M (0%)     
[2026-04-03T03:37:04.732+0600][42.146s][info][gc,phases   ] GC(44) y: Young Generation 610M(30%)->776M(39%) 0.958s
[2026-04-03T03:37:04.732+0600][42.146s][info][gc          ] GC(44) Minor Collection (Allocation Rate) 610M(30%)->776M(39%) 0.959s
[2026-04-03T03:37:04.733+0600][42.146s][info][gc,task     ] Adjusting Workers for Old Generation: 1 -> 2
[2026-04-03T03:37:04.733+0600][42.146s][info][gc          ] GC(45) Minor Collection (Allocation Rate)
[2026-04-03T03:37:04.733+0600][42.146s][info][gc,task     ] GC(45) Using 1 Workers for Young Generation
[2026-04-03T03:37:04.733+0600][42.146s][info][gc,phases   ] GC(45) y: Young Generation
[2026-04-03T03:37:04.733+0600][42.147s][info][gc,phases   ] GC(45) y: Pause Mark Start 0.029ms
[2026-04-03T03:37:04.950+0600][42.363s][info][gc,phases   ] GC(43) O: Concurrent Mark 1184.967ms
[2026-04-03T03:37:04.963+0600][42.377s][info][gc,phases   ] GC(43) O: Pause Mark End 0.051ms
[2026-04-03T03:37:04.963+0600][42.377s][info][gc,phases   ] GC(43) O: Concurrent Mark Free 0.002ms
[2026-04-03T03:37:04.979+0600][42.392s][info][gc,phases   ] GC(43) O: Concurrent Process Non-Strong 15.218ms
[2026-04-03T03:37:04.979+0600][42.392s][info][gc,phases   ] GC(43) O: Concurrent Reset Relocation Set 0.006ms
[2026-04-03T03:37:05.016+0600][42.430s][info][gc,phases   ] GC(43) O: Concurrent Select Relocation Set 37.345ms
[2026-04-03T03:37:05.027+0600][42.440s][info][gc,phases   ] GC(45) y: Concurrent Mark 293.598ms
[2026-04-03T03:37:05.027+0600][42.441s][info][gc,phases   ] GC(45) y: Pause Mark End 0.050ms
[2026-04-03T03:37:05.028+0600][42.441s][info][gc,phases   ] GC(45) y: Concurrent Mark Free 0.003ms
[2026-04-03T03:37:05.028+0600][42.441s][info][gc,phases   ] GC(45) y: Concurrent Reset Relocation Set 0.063ms
[2026-04-03T03:37:05.031+0600][42.445s][info][gc,reloc    ] GC(45) y: Using tenuring threshold: 1 (Computed)
[2026-04-03T03:37:05.041+0600][42.454s][info][gc,phases   ] GC(45) y: Concurrent Select Relocation Set 13.094ms
[2026-04-03T03:37:05.041+0600][42.454s][info][gc,phases   ] GC(45) y: Pause Relocate Start 0.031ms
[2026-04-03T03:37:05.084+0600][42.497s][info][gc,phases   ] GC(45) y: Concurrent Relocate 42.785ms
[2026-04-03T03:37:05.084+0600][42.497s][info][gc,alloc    ] GC(45) y:                         Mark Start        Mark End      Relocate Start    Relocate End   
[2026-04-03T03:37:05.084+0600][42.498s][info][gc,alloc    ] GC(45) y: Allocation Stalls:          0                0                0                0         
[2026-04-03T03:37:05.084+0600][42.498s][info][gc,load     ] GC(45) y: Load: 4.20 (35%) / 4.30 (36%) / 4.69 (39%)
[2026-04-03T03:37:05.084+0600][42.498s][info][gc,mmu      ] GC(45) y: MMU: 2ms/91.9%, 5ms/95.9%, 10ms/97.9%, 20ms/99.0%, 50ms/99.6%, 100ms/99.6%
[2026-04-03T03:37:05.084+0600][42.498s][info][gc,marking  ] GC(45) y: Mark: 1 stripe(s), 2 proactive flush(es), 1 terminate flush(es), 0 completion(s), 0 continuation(s) 
[2026-04-03T03:37:05.084+0600][42.498s][info][gc,marking  ] GC(45) y: Mark Stack Usage: 32M
[2026-04-03T03:37:05.084+0600][42.498s][info][gc,nmethod  ] GC(45) y: NMethods: 6465 registered, 407 unregistered
[2026-04-03T03:37:05.084+0600][42.498s][info][gc,metaspace] GC(45) y: Metaspace: 70M used, 71M committed, 1088M reserved
[2026-04-03T03:37:05.084+0600][42.498s][info][gc,reloc    ] GC(45) y:                        Candidates     Selected     In-Place         Size        Empty    Relocated 
[2026-04-03T03:37:05.084+0600][42.498s][info][gc,reloc    ] GC(45) y: Small Pages:                   73           48            0         146M          38M           7M 
[2026-04-03T03:37:05.084+0600][42.498s][info][gc,reloc    ] GC(45) y: Medium Pages:                   2            0            0          64M          32M           0M 
[2026-04-03T03:37:05.084+0600][42.498s][info][gc,reloc    ] GC(45) y: Large Pages:                    1            0            0           6M           6M           0M 
[2026-04-03T03:37:05.084+0600][42.498s][info][gc,reloc    ] GC(45) y: Forwarding Usage: 11M
[2026-04-03T03:37:05.084+0600][42.498s][info][gc,reloc    ] GC(45) y: Age Table:
[2026-04-03T03:37:05.084+0600][42.498s][info][gc,reloc    ] GC(45) y:                    Live             Garbage             Small              Medium             Large        
[2026-04-03T03:37:05.084+0600][42.498s][info][gc,reloc    ] GC(45) y: Eden              25M (1%)          156M (8%)          72 / 48             1 / 0              1 / 0        
[2026-04-03T03:37:05.084+0600][42.498s][info][gc,reloc    ] GC(45) y: Survivor 1          -                34M (2%)           1 / 0              1 / 0              0 / 0        
[2026-04-03T03:37:05.084+0600][42.498s][info][gc,heap     ] GC(45) y: Min Capacity: 8M(0%)
[2026-04-03T03:37:05.084+0600][42.498s][info][gc,heap     ] GC(45) y: Max Capacity: 2000M(100%)
[2026-04-03T03:37:05.084+0600][42.498s][info][gc,heap     ] GC(45) y: Soft Max Capacity: 2000M(100%)
[2026-04-03T03:37:05.084+0600][42.498s][info][gc,heap     ] GC(45) y: Heap Statistics:
[2026-04-03T03:37:05.084+0600][42.498s][info][gc,heap     ] GC(45) y:                Mark Start          Mark End        Relocate Start      Relocate End           High               Low         
[2026-04-03T03:37:05.084+0600][42.498s][info][gc,heap     ] GC(45) y:  Capacity:     2000M (100%)       2000M (100%)       2000M (100%)       2000M (100%)       2000M (100%)       2000M (100%)   
[2026-04-03T03:37:05.084+0600][42.498s][info][gc,heap     ] GC(45) y:      Free:     1224M (61%)        1220M (61%)        1292M (65%)        1346M (67%)        1362M (68%)        1094M (55%)    
[2026-04-03T03:37:05.084+0600][42.498s][info][gc,heap     ] GC(45) y:      Used:      776M (39%)         780M (39%)         708M (35%)         654M (33%)         906M (45%)         638M (32%)    
[2026-04-03T03:37:05.084+0600][42.498s][info][gc,heap     ] GC(45) y: Young Generation Statistics:
[2026-04-03T03:37:05.084+0600][42.498s][info][gc,heap     ] GC(45) y:                Mark Start          Mark End        Relocate Start      Relocate End    
[2026-04-03T03:37:05.084+0600][42.498s][info][gc,heap     ] GC(45) y:      Used:      216M (11%)         360M (18%)         288M (14%)         234M (12%)    
[2026-04-03T03:37:05.084+0600][42.498s][info][gc,heap     ] GC(45) y:      Live:         -                25M (1%)           25M (1%)           25M (1%)     
[2026-04-03T03:37:05.084+0600][42.498s][info][gc,heap     ] GC(45) y:   Garbage:         -               190M (10%)         114M (6%)           16M (1%)     
[2026-04-03T03:37:05.085+0600][42.498s][info][gc,heap     ] GC(45) y: Allocated:         -               144M (7%)          148M (7%)          191M (10%)    
[2026-04-03T03:37:05.085+0600][42.498s][info][gc,heap     ] GC(45) y: Reclaimed:         -                  -                76M (4%)          173M (9%)     
[2026-04-03T03:37:05.085+0600][42.498s][info][gc,heap     ] GC(45) y:  Promoted:         -                  -                 0M (0%)            0M (0%)     
[2026-04-03T03:37:05.085+0600][42.498s][info][gc,heap     ] GC(45) y: Compacted:         -                  -                  -                10M (1%)     
[2026-04-03T03:37:05.085+0600][42.498s][info][gc,phases   ] GC(45) y: Young Generation 776M(39%)->654M(33%) 0.351s
[2026-04-03T03:37:05.085+0600][42.498s][info][gc          ] GC(45) Minor Collection (Allocation Rate) 776M(39%)->654M(33%) 0.352s
[2026-04-03T03:37:05.085+0600][42.498s][info][gc,task     ] GC(43) O: Using 3 Workers for Old Generation
[2026-04-03T03:37:05.107+0600][42.520s][info][gc,task     ] GC(43) O: Using 2 Workers for Old Generation
[2026-04-03T03:37:05.107+0600][42.520s][info][gc,phases   ] GC(43) O: Concurrent Remap Roots 22.259ms
[2026-04-03T03:37:05.107+0600][42.521s][info][gc,phases   ] GC(43) O: Pause Relocate Start 0.025ms
[2026-04-03T03:37:05.107+0600][42.521s][info][gc          ] GC(46) Minor Collection (Allocation Rate)
[2026-04-03T03:37:05.107+0600][42.521s][info][gc,task     ] GC(46) Using 1 Workers for Young Generation
[2026-04-03T03:37:05.107+0600][42.521s][info][gc,phases   ] GC(46) y: Young Generation
[2026-04-03T03:37:05.108+0600][42.521s][info][gc,phases   ] GC(46) y: Pause Mark Start 0.020ms
[2026-04-03T03:37:05.291+0600][42.705s][info][gc,phases   ] GC(43) O: Concurrent Relocate 183.953ms
[2026-04-03T03:37:05.297+0600][42.710s][info][gc,task     ] Adjusting Workers for Young Generation: 1 -> 3
[2026-04-03T03:37:05.466+0600][42.880s][info][gc,phases   ] GC(46) y: Concurrent Mark 358.463ms
[2026-04-03T03:37:05.467+0600][42.880s][info][gc,phases   ] GC(46) y: Pause Mark End 0.113ms
[2026-04-03T03:37:05.467+0600][42.881s][info][gc,phases   ] GC(46) y: Concurrent Mark Free 0.003ms
[2026-04-03T03:37:05.467+0600][42.881s][info][gc,phases   ] GC(46) y: Concurrent Reset Relocation Set 0.016ms
[2026-04-03T03:37:05.474+0600][42.887s][info][gc,reloc    ] GC(46) y: Using tenuring threshold: 2 (Computed)
[2026-04-03T03:37:05.484+0600][42.897s][info][gc,phases   ] GC(46) y: Concurrent Select Relocation Set 16.376ms
[2026-04-03T03:37:05.484+0600][42.898s][info][gc,phases   ] GC(46) y: Pause Relocate Start 0.059ms
[2026-04-03T03:37:05.553+0600][42.967s][info][gc,phases   ] GC(46) y: Concurrent Relocate 68.889ms
[2026-04-03T03:37:05.553+0600][42.967s][info][gc,alloc    ] GC(46) y:                         Mark Start        Mark End      Relocate Start    Relocate End   
[2026-04-03T03:37:05.553+0600][42.967s][info][gc,alloc    ] GC(46) y: Allocation Stalls:          0                0                0                0         
[2026-04-03T03:37:05.554+0600][42.967s][info][gc,load     ] GC(46) y: Load: 4.20 (35%) / 4.30 (36%) / 4.69 (39%)
[2026-04-03T03:37:05.554+0600][42.967s][info][gc,mmu      ] GC(46) y: MMU: 2ms/91.9%, 5ms/95.9%, 10ms/97.9%, 20ms/99.0%, 50ms/99.6%, 100ms/99.6%
[2026-04-03T03:37:05.554+0600][42.967s][info][gc,marking  ] GC(46) y: Mark: 1 stripe(s), 6 proactive flush(es), 1 terminate flush(es), 0 completion(s), 0 continuation(s) 
[2026-04-03T03:37:05.554+0600][42.967s][info][gc,marking  ] GC(46) y: Mark Stack Usage: 32M
[2026-04-03T03:37:05.554+0600][42.967s][info][gc,nmethod  ] GC(46) y: NMethods: 6467 registered, 407 unregistered
[2026-04-03T03:37:05.554+0600][42.967s][info][gc,metaspace] GC(46) y: Metaspace: 70M used, 71M committed, 1088M reserved
[2026-04-03T03:37:05.554+0600][42.967s][info][gc,reloc    ] GC(46) y:                        Candidates     Selected     In-Place         Size        Empty    Relocated 
[2026-04-03T03:37:05.554+0600][42.967s][info][gc,reloc    ] GC(46) y: Small Pages:                   93           76            0         186M           0M          19M 
[2026-04-03T03:37:05.554+0600][42.967s][info][gc,reloc    ] GC(46) y: Medium Pages:                   2            1            0          64M           0M           9M 
[2026-04-03T03:37:05.554+0600][42.967s][info][gc,reloc    ] GC(46) y: Large Pages:                    6            0            0          48M          18M           0M 
[2026-04-03T03:37:05.554+0600][42.967s][info][gc,reloc    ] GC(46) y: Forwarding Usage: 25M
[2026-04-03T03:37:05.554+0600][42.967s][info][gc,reloc    ] GC(46) y: Age Table:
[2026-04-03T03:37:05.554+0600][42.967s][info][gc,reloc    ] GC(46) y:                    Live             Garbage             Small              Medium             Large        
[2026-04-03T03:37:05.554+0600][42.967s][info][gc,reloc    ] GC(46) y: Eden              54M (3%)          195M (10%)         85 / 71             1 / 0              6 / 0        
[2026-04-03T03:37:05.554+0600][42.967s][info][gc,reloc    ] GC(46) y: Survivor 1        14M (1%)           33M (2%)           8 / 5              1 / 1              0 / 0        
[2026-04-03T03:37:05.554+0600][42.967s][info][gc,heap     ] GC(46) y: Min Capacity: 8M(0%)
[2026-04-03T03:37:05.554+0600][42.967s][info][gc,heap     ] GC(46) y: Max Capacity: 2000M(100%)
[2026-04-03T03:37:05.554+0600][42.967s][info][gc,heap     ] GC(46) y: Soft Max Capacity: 2000M(100%)
[2026-04-03T03:37:05.554+0600][42.967s][info][gc,heap     ] GC(46) y: Heap Statistics:
[2026-04-03T03:37:05.554+0600][42.967s][info][gc,heap     ] GC(46) y:                Mark Start          Mark End        Relocate Start      Relocate End           High               Low         
[2026-04-03T03:37:05.554+0600][42.967s][info][gc,heap     ] GC(46) y:  Capacity:     2000M (100%)       2000M (100%)       2000M (100%)       2000M (100%)       2000M (100%)       2000M (100%)   
[2026-04-03T03:37:05.554+0600][42.967s][info][gc,heap     ] GC(46) y:      Free:     1278M (64%)         962M (48%)         970M (48%)        1052M (53%)        1288M (64%)         924M (46%)    
[2026-04-03T03:37:05.554+0600][42.967s][info][gc,heap     ] GC(46) y:      Used:      722M (36%)        1038M (52%)        1030M (52%)         948M (47%)        1076M (54%)         712M (36%)    
[2026-04-03T03:37:05.554+0600][42.967s][info][gc,heap     ] GC(46) y: Young Generation Statistics:
[2026-04-03T03:37:05.554+0600][42.967s][info][gc,heap     ] GC(46) y:                Mark Start          Mark End        Relocate Start      Relocate End    
[2026-04-03T03:37:05.554+0600][42.967s][info][gc,heap     ] GC(46) y:      Used:      298M (15%)         650M (32%)         642M (32%)         560M (28%)    
[2026-04-03T03:37:05.554+0600][42.967s][info][gc,heap     ] GC(46) y:      Live:         -                69M (3%)           69M (3%)           69M (3%)     
[2026-04-03T03:37:05.554+0600][42.967s][info][gc,heap     ] GC(46) y:   Garbage:         -               228M (11%)         210M (11%)           1M (0%)     
[2026-04-03T03:37:05.554+0600][42.967s][info][gc,heap     ] GC(46) y: Allocated:         -               352M (18%)         362M (18%)         489M (24%)    
[2026-04-03T03:37:05.554+0600][42.967s][info][gc,heap     ] GC(46) y: Reclaimed:         -                  -                18M (1%)          227M (11%)    
[2026-04-03T03:37:05.554+0600][42.967s][info][gc,heap     ] GC(46) y:  Promoted:         -                  -                 0M (0%)            0M (0%)     
[2026-04-03T03:37:05.554+0600][42.967s][info][gc,heap     ] GC(46) y: Compacted:         -                  -                  -                36M (2%)     
[2026-04-03T03:37:05.554+0600][42.967s][info][gc,phases   ] GC(46) y: Young Generation 720M(36%)->948M(47%) 0.446s
[2026-04-03T03:37:05.554+0600][42.967s][info][gc          ] GC(46) Minor Collection (Allocation Rate) 720M(36%)->948M(47%) 0.447s
[2026-04-03T03:37:05.554+0600][42.968s][info][gc,alloc    ] GC(43) O:                         Mark Start        Mark End      Relocate Start    Relocate End   
[2026-04-03T03:37:05.554+0600][42.968s][info][gc,alloc    ] GC(43) O: Allocation Stalls:          0                0                0                0         
[2026-04-03T03:37:05.554+0600][42.968s][info][gc,load     ] GC(43) O: Load: 4.20 (35%) / 4.30 (36%) / 4.69 (39%)
[2026-04-03T03:37:05.554+0600][42.968s][info][gc,mmu      ] GC(43) O: MMU: 2ms/91.9%, 5ms/95.9%, 10ms/97.9%, 20ms/99.0%, 50ms/99.6%, 100ms/99.6%
[2026-04-03T03:37:05.554+0600][42.968s][info][gc,marking  ] GC(43) O: Mark: 1 stripe(s), 2 proactive flush(es), 1 terminate flush(es), 0 completion(s), 0 continuation(s) 
[2026-04-03T03:37:05.554+0600][42.968s][info][gc,marking  ] GC(43) O: Mark Stack Usage: 32M
[2026-04-03T03:37:05.554+0600][42.968s][info][gc,nmethod  ] GC(43) O: NMethods: 6467 registered, 407 unregistered
[2026-04-03T03:37:05.554+0600][42.968s][info][gc,metaspace] GC(43) O: Metaspace: 70M used, 71M committed, 1088M reserved
[2026-04-03T03:37:05.554+0600][42.968s][info][gc,ref      ] GC(43) O:                       Encountered   Discovered     Enqueued 
[2026-04-03T03:37:05.554+0600][42.968s][info][gc,ref      ] GC(43) O: Soft References:             5086            0            0 
[2026-04-03T03:37:05.554+0600][42.968s][info][gc,ref      ] GC(43) O: Weak References:             6815         5168           34 
[2026-04-03T03:37:05.554+0600][42.968s][info][gc,ref      ] GC(43) O: Final References:              84           48            0 
[2026-04-03T03:37:05.554+0600][42.968s][info][gc,ref      ] GC(43) O: Phantom References:           600          564            0 
[2026-04-03T03:37:05.554+0600][42.968s][info][gc,reloc    ] GC(43) O:                        Candidates     Selected     In-Place         Size        Empty    Relocated 
[2026-04-03T03:37:05.554+0600][42.968s][info][gc,reloc    ] GC(43) O: Small Pages:                  160           17            0         320M          80M           9M 
[2026-04-03T03:37:05.554+0600][42.968s][info][gc,reloc    ] GC(43) O: Medium Pages:                   1            0            0          32M           0M           0M 
[2026-04-03T03:37:05.554+0600][42.968s][info][gc,reloc    ] GC(43) O: Large Pages:                    6            0            0          60M          60M           0M 
[2026-04-03T03:37:05.554+0600][42.968s][info][gc,reloc    ] GC(43) O: Forwarding Usage: 38M
[2026-04-03T03:37:05.554+0600][42.968s][info][gc,heap     ] GC(43) O: Min Capacity: 8M(0%)
[2026-04-03T03:37:05.554+0600][42.968s][info][gc,heap     ] GC(43) O: Max Capacity: 2000M(100%)
[2026-04-03T03:37:05.554+0600][42.968s][info][gc,heap     ] GC(43) O: Soft Max Capacity: 2000M(100%)
[2026-04-03T03:37:05.554+0600][42.968s][info][gc,heap     ] GC(43) O: Heap Statistics:
[2026-04-03T03:37:05.554+0600][42.968s][info][gc,heap     ] GC(43) O:                Mark Start          Mark End        Relocate Start      Relocate End           High               Low         
[2026-04-03T03:37:05.554+0600][42.968s][info][gc,heap     ] GC(43) O:  Capacity:     2000M (100%)       2000M (100%)       2000M (100%)       2000M (100%)       2000M (100%)       2000M (100%)   
[2026-04-03T03:37:05.554+0600][42.968s][info][gc,heap     ] GC(43) O:      Free:      988M (49%)        1104M (55%)        1282M (64%)        1086M (54%)        1390M (70%)         946M (47%)    
[2026-04-03T03:37:05.555+0600][42.968s][info][gc,heap     ] GC(43) O:      Used:     1012M (51%)         896M (45%)         718M (36%)         914M (46%)        1054M (53%)         610M (30%)    
[2026-04-03T03:37:05.555+0600][42.968s][info][gc,heap     ] GC(43) O: Old Generation Statistics:
[2026-04-03T03:37:05.555+0600][42.968s][info][gc,heap     ] GC(43) O:                Mark Start          Mark End        Relocate Start      Relocate End    
[2026-04-03T03:37:05.555+0600][42.968s][info][gc,heap     ] GC(43) O:      Used:      412M (21%)         560M (28%)         420M (21%)         388M (19%)    
[2026-04-03T03:37:05.555+0600][42.968s][info][gc,heap     ] GC(43) O:      Live:         -               206M (10%)         206M (10%)         206M (10%)    
[2026-04-03T03:37:05.555+0600][42.968s][info][gc,heap     ] GC(43) O:   Garbage:         -               205M (10%)          65M (3%)           25M (1%)     
[2026-04-03T03:37:05.555+0600][42.968s][info][gc,heap     ] GC(43) O: Allocated:         -               148M (7%)          148M (7%)          156M (8%)     
[2026-04-03T03:37:05.555+0600][42.968s][info][gc,heap     ] GC(43) O: Reclaimed:         -                  -               140M (7%)          180M (9%)     
[2026-04-03T03:37:05.555+0600][42.968s][info][gc,heap     ] GC(43) O: Compacted:         -                  -                  -                41M (2%)     
[2026-04-03T03:37:05.555+0600][42.968s][info][gc,phases   ] GC(43) O: Old Generation 610M(30%)->914M(46%) 1.789s
[2026-04-03T03:37:05.555+0600][42.968s][info][gc          ] GC(43) Major Collection (Allocation Rate) 1012M(51%)->950M(48%) 2.313s
[2026-04-03T03:37:05.556+0600][42.969s][info][gc          ] GC(47) Major Collection (Allocation Rate)
[2026-04-03T03:37:05.556+0600][42.969s][info][gc,task     ] GC(47) Using 3 Workers for Young Generation
[2026-04-03T03:37:05.556+0600][42.969s][info][gc,task     ] GC(47) Using 1 Workers for Old Generation
[2026-04-03T03:37:05.556+0600][42.969s][info][gc,phases   ] GC(47) Y: Young Generation
[2026-04-03T03:37:05.556+0600][42.970s][info][gc,phases   ] GC(47) Y: Pause Mark Start (Major) 0.106ms
[2026-04-03T03:37:05.848+0600][43.261s][info][gc,phases   ] GC(47) Y: Concurrent Mark 291.557ms
[2026-04-03T03:37:05.848+0600][43.262s][info][gc,phases   ] GC(47) Y: Pause Mark End 0.087ms
[2026-04-03T03:37:05.849+0600][43.262s][info][gc,phases   ] GC(47) Y: Concurrent Mark Free 0.002ms
[2026-04-03T03:37:05.849+0600][43.262s][info][gc,phases   ] GC(47) Y: Concurrent Reset Relocation Set 0.024ms
[2026-04-03T03:37:05.854+0600][43.268s][info][gc,reloc    ] GC(47) Y: Using tenuring threshold: 1 (Computed)
[2026-04-03T03:37:05.880+0600][43.293s][info][gc,phases   ] GC(47) Y: Concurrent Select Relocation Set 30.830ms
[2026-04-03T03:37:05.880+0600][43.293s][info][gc,phases   ] GC(47) Y: Pause Relocate Start 0.076ms
[2026-04-03T03:37:06.022+0600][43.435s][info][gc,phases   ] GC(47) Y: Concurrent Relocate 141.568ms
[2026-04-03T03:37:06.022+0600][43.435s][info][gc,alloc    ] GC(47) Y:                         Mark Start        Mark End      Relocate Start    Relocate End   
[2026-04-03T03:37:06.022+0600][43.435s][info][gc,alloc    ] GC(47) Y: Allocation Stalls:          0                0                0                0         
[2026-04-03T03:37:06.022+0600][43.435s][info][gc,load     ] GC(47) Y: Load: 4.34 (36%) / 4.33 (36%) / 4.70 (39%)
[2026-04-03T03:37:06.022+0600][43.435s][info][gc,mmu      ] GC(47) Y: MMU: 2ms/91.9%, 5ms/95.9%, 10ms/97.9%, 20ms/99.0%, 50ms/99.6%, 100ms/99.6%
[2026-04-03T03:37:06.022+0600][43.435s][info][gc,marking  ] GC(47) Y: Mark: 2 stripe(s), 10 proactive flush(es), 1 terminate flush(es), 0 completion(s), 0 continuation(s) 
[2026-04-03T03:37:06.022+0600][43.435s][info][gc,marking  ] GC(47) Y: Mark Stack Usage: 32M
[2026-04-03T03:37:06.022+0600][43.435s][info][gc,nmethod  ] GC(47) Y: NMethods: 6470 registered, 407 unregistered
[2026-04-03T03:37:06.022+0600][43.435s][info][gc,metaspace] GC(47) Y: Metaspace: 70M used, 71M committed, 1088M reserved
[2026-04-03T03:37:06.022+0600][43.435s][info][gc,reloc    ] GC(47) Y:                        Candidates     Selected     In-Place         Size        Empty    Relocated 
[2026-04-03T03:37:06.022+0600][43.435s][info][gc,reloc    ] GC(47) Y: Small Pages:                  195          134            0         390M           0M          45M 
[2026-04-03T03:37:06.022+0600][43.435s][info][gc,reloc    ] GC(47) Y: Medium Pages:                   3            1            0          96M          32M           9M 
[2026-04-03T03:37:06.022+0600][43.435s][info][gc,reloc    ] GC(47) Y: Large Pages:                    9            0            0          78M          48M           0M 
[2026-04-03T03:37:06.022+0600][43.435s][info][gc,reloc    ] GC(47) Y: Forwarding Usage: 51M
[2026-04-03T03:37:06.022+0600][43.435s][info][gc,reloc    ] GC(47) Y: Age Table:
[2026-04-03T03:37:06.022+0600][43.435s][info][gc,reloc    ] GC(47) Y:                    Live             Garbage             Small              Medium             Large        
[2026-04-03T03:37:06.022+0600][43.436s][info][gc,reloc    ] GC(47) Y: Eden             126M (6%)          297M (15%)        172 / 113            1 / 0              6 / 0        
[2026-04-03T03:37:06.022+0600][43.436s][info][gc,reloc    ] GC(47) Y: Survivor 1         3M (0%)           88M (4%)          15 / 13             1 / 0              3 / 0        
[2026-04-03T03:37:06.022+0600][43.436s][info][gc,reloc    ] GC(47) Y: Survivor 2        10M (1%)           37M (2%)           8 / 8              1 / 1              0 / 0        
[2026-04-03T03:37:06.022+0600][43.436s][info][gc,heap     ] GC(47) Y: Min Capacity: 8M(0%)
[2026-04-03T03:37:06.022+0600][43.436s][info][gc,heap     ] GC(47) Y: Max Capacity: 2000M(100%)
[2026-04-03T03:37:06.022+0600][43.436s][info][gc,heap     ] GC(47) Y: Soft Max Capacity: 2000M(100%)
[2026-04-03T03:37:06.022+0600][43.436s][info][gc,heap     ] GC(47) Y: Heap Statistics:
[2026-04-03T03:37:06.022+0600][43.436s][info][gc,heap     ] GC(47) Y:                Mark Start          Mark End        Relocate Start      Relocate End           High               Low         
[2026-04-03T03:37:06.022+0600][43.436s][info][gc,heap     ] GC(47) Y:  Capacity:     2000M (100%)       2000M (100%)       2000M (100%)       2000M (100%)       2000M (100%)       2000M (100%)   
[2026-04-03T03:37:06.022+0600][43.436s][info][gc,heap     ] GC(47) Y:      Free:     1048M (52%)         670M (34%)         716M (36%)         888M (44%)        1048M (52%)         638M (32%)    
[2026-04-03T03:37:06.022+0600][43.436s][info][gc,heap     ] GC(47) Y:      Used:      952M (48%)        1330M (66%)        1284M (64%)        1112M (56%)        1362M (68%)         952M (48%)    
[2026-04-03T03:37:06.022+0600][43.436s][info][gc,heap     ] GC(47) Y: Young Generation Statistics:
[2026-04-03T03:37:06.022+0600][43.436s][info][gc,heap     ] GC(47) Y:                Mark Start          Mark End        Relocate Start      Relocate End    
[2026-04-03T03:37:06.022+0600][43.436s][info][gc,heap     ] GC(47) Y:      Used:      564M (28%)         942M (47%)         894M (45%)         678M (34%)    
[2026-04-03T03:37:06.022+0600][43.436s][info][gc,heap     ] GC(47) Y:      Live:         -               141M (7%)          139M (7%)          126M (6%)     
[2026-04-03T03:37:06.022+0600][43.436s][info][gc,heap     ] GC(47) Y:   Garbage:         -               422M (21%)         342M (17%)           2M (0%)     
[2026-04-03T03:37:06.022+0600][43.436s][info][gc,heap     ] GC(47) Y: Allocated:         -               378M (19%)         412M (21%)         548M (27%)    
[2026-04-03T03:37:06.022+0600][43.436s][info][gc,heap     ] GC(47) Y: Reclaimed:         -                  -                80M (4%)          419M (21%)    
[2026-04-03T03:37:06.022+0600][43.436s][info][gc,heap     ] GC(47) Y:  Promoted:         -                  -                 1M (0%)           14M (1%)     
[2026-04-03T03:37:06.022+0600][43.436s][info][gc,heap     ] GC(47) Y: Compacted:         -                  -                  -                91M (5%)     
[2026-04-03T03:37:06.022+0600][43.436s][info][gc,phases   ] GC(47) Y: Young Generation 952M(48%)->1112M(56%) 0.466s
[2026-04-03T03:37:06.022+0600][43.436s][info][gc,phases   ] GC(47) O: Old Generation
[2026-04-03T03:37:06.025+0600][43.438s][info][gc          ] GC(48) Minor Collection (Allocation Rate)
[2026-04-03T03:37:06.025+0600][43.438s][info][gc,task     ] GC(48) Using 2 Workers for Young Generation
[2026-04-03T03:37:06.025+0600][43.438s][info][gc,phases   ] GC(48) y: Young Generation
[2026-04-03T03:37:06.025+0600][43.439s][info][gc,phases   ] GC(48) y: Pause Mark Start 0.039ms
[2026-04-03T03:37:06.619+0600][44.033s][info][gc,phases   ] GC(48) y: Concurrent Mark 593.799ms
[2026-04-03T03:37:06.620+0600][44.033s][info][gc,phases   ] GC(48) y: Pause Mark End 0.048ms
[2026-04-03T03:37:06.620+0600][44.033s][info][gc,phases   ] GC(48) y: Concurrent Mark Free 0.004ms
[2026-04-03T03:37:06.620+0600][44.034s][info][gc,phases   ] GC(48) y: Concurrent Reset Relocation Set 0.037ms
[2026-04-03T03:37:06.622+0600][44.036s][info][gc,reloc    ] GC(48) y: Using tenuring threshold: 1 (Computed)
[2026-04-03T03:37:06.732+0600][44.146s][info][gc,phases   ] GC(48) y: Concurrent Select Relocation Set 112.141ms
[2026-04-03T03:37:06.733+0600][44.146s][info][gc,phases   ] GC(48) y: Pause Relocate Start 0.034ms
[2026-04-03T03:37:07.017+0600][44.431s][info][gc,phases   ] GC(48) y: Concurrent Relocate 284.305ms
[2026-04-03T03:37:07.018+0600][44.431s][info][gc,alloc    ] GC(48) y:                         Mark Start        Mark End      Relocate Start    Relocate End   
[2026-04-03T03:37:07.018+0600][44.431s][info][gc,alloc    ] GC(48) y: Allocation Stalls:          0                0                0                0         
[2026-04-03T03:37:07.018+0600][44.431s][info][gc,load     ] GC(48) y: Load: 4.34 (36%) / 4.33 (36%) / 4.70 (39%)
[2026-04-03T03:37:07.018+0600][44.431s][info][gc,mmu      ] GC(48) y: MMU: 2ms/91.9%, 5ms/95.9%, 10ms/97.9%, 20ms/99.0%, 50ms/99.6%, 100ms/99.6%
[2026-04-03T03:37:07.018+0600][44.431s][info][gc,marking  ] GC(48) y: Mark: 2 stripe(s), 2 proactive flush(es), 1 terminate flush(es), 0 completion(s), 0 continuation(s) 
[2026-04-03T03:37:07.018+0600][44.431s][info][gc,marking  ] GC(48) y: Mark Stack Usage: 32M
[2026-04-03T03:37:07.018+0600][44.431s][info][gc,nmethod  ] GC(48) y: NMethods: 6472 registered, 407 unregistered
[2026-04-03T03:37:07.018+0600][44.431s][info][gc,metaspace] GC(48) y: Metaspace: 70M used, 71M committed, 1088M reserved
[2026-04-03T03:37:07.018+0600][44.431s][info][gc,reloc    ] GC(48) y:                        Candidates     Selected     In-Place         Size        Empty    Relocated 
[2026-04-03T03:37:07.018+0600][44.431s][info][gc,reloc    ] GC(48) y: Small Pages:                  273          202            0         546M           0M          34M 
[2026-04-03T03:37:07.018+0600][44.431s][info][gc,reloc    ] GC(48) y: Medium Pages:                   2            0            0          64M          64M           0M 
[2026-04-03T03:37:07.018+0600][44.431s][info][gc,reloc    ] GC(48) y: Large Pages:                    9            0            0          78M           0M           0M 
[2026-04-03T03:37:07.018+0600][44.431s][info][gc,reloc    ] GC(48) y: Forwarding Usage: 33M
[2026-04-03T03:37:07.018+0600][44.431s][info][gc,reloc    ] GC(48) y: Age Table:
[2026-04-03T03:37:07.018+0600][44.431s][info][gc,reloc    ] GC(48) y:                    Live             Garbage             Small              Medium             Large        
[2026-04-03T03:37:07.018+0600][44.431s][info][gc,reloc    ] GC(48) y: Eden              84M (4%)          435M (22%)        220 / 200            1 / 0              6 / 0        
[2026-04-03T03:37:07.018+0600][44.431s][info][gc,reloc    ] GC(48) y: Survivor 1       125M (6%)           42M (2%)          53 / 2              1 / 0              3 / 0        
[2026-04-03T03:37:07.018+0600][44.431s][info][gc,heap     ] GC(48) y: Min Capacity: 8M(0%)
[2026-04-03T03:37:07.018+0600][44.431s][info][gc,heap     ] GC(48) y: Max Capacity: 2000M(100%)
[2026-04-03T03:37:07.018+0600][44.431s][info][gc,heap     ] GC(48) y: Soft Max Capacity: 2000M(100%)
[2026-04-03T03:37:07.018+0600][44.431s][info][gc,heap     ] GC(48) y: Heap Statistics:
[2026-04-03T03:37:07.018+0600][44.431s][info][gc,heap     ] GC(48) y:                Mark Start          Mark End        Relocate Start      Relocate End           High               Low         
[2026-04-03T03:37:07.018+0600][44.431s][info][gc,heap     ] GC(48) y:  Capacity:     2000M (100%)       2000M (100%)       2000M (100%)       2000M (100%)       2000M (100%)       2000M (100%)   
[2026-04-03T03:37:07.018+0600][44.431s][info][gc,heap     ] GC(48) y:      Free:      878M (44%)         450M (22%)         420M (21%)         642M (32%)         878M (44%)         408M (20%)    
[2026-04-03T03:37:07.018+0600][44.431s][info][gc,heap     ] GC(48) y:      Used:     1122M (56%)        1550M (78%)        1580M (79%)        1358M (68%)        1592M (80%)        1122M (56%)    
[2026-04-03T03:37:07.018+0600][44.431s][info][gc,heap     ] GC(48) y: Young Generation Statistics:
[2026-04-03T03:37:07.018+0600][44.431s][info][gc,heap     ] GC(48) y:                Mark Start          Mark End        Relocate Start      Relocate End    
[2026-04-03T03:37:07.018+0600][44.431s][info][gc,heap     ] GC(48) y:      Used:      688M (34%)        1116M (56%)        1020M (51%)         792M (40%)    
[2026-04-03T03:37:07.018+0600][44.431s][info][gc,heap     ] GC(48) y:      Live:         -               209M (10%)          88M (4%)           84M (4%)     
[2026-04-03T03:37:07.018+0600][44.431s][info][gc,heap     ] GC(48) y:   Garbage:         -               478M (24%)         409M (20%)           0M (0%)     
[2026-04-03T03:37:07.018+0600][44.431s][info][gc,heap     ] GC(48) y: Allocated:         -               428M (21%)         522M (26%)         707M (35%)    
[2026-04-03T03:37:07.018+0600][44.431s][info][gc,heap     ] GC(48) y: Reclaimed:         -                  -                68M (3%)          478M (24%)    
[2026-04-03T03:37:07.018+0600][44.431s][info][gc,heap     ] GC(48) y:  Promoted:         -                  -               121M (6%)          125M (6%)     
[2026-04-03T03:37:07.018+0600][44.431s][info][gc,heap     ] GC(48) y: Compacted:         -                  -                  -                36M (2%)     
[2026-04-03T03:37:07.018+0600][44.431s][info][gc,phases   ] GC(48) y: Young Generation 1122M(56%)->1358M(68%) 0.993s
[2026-04-03T03:37:07.018+0600][44.431s][info][gc          ] GC(48) Minor Collection (Allocation Rate) 1122M(56%)->1360M(68%) 0.993s
[2026-04-03T03:37:07.018+0600][44.432s][info][gc          ] GC(49) Minor Collection (Allocation Rate)
[2026-04-03T03:37:07.018+0600][44.432s][info][gc,task     ] GC(49) Using 2 Workers for Young Generation
[2026-04-03T03:37:07.018+0600][44.432s][info][gc,phases   ] GC(49) y: Young Generation
[2026-04-03T03:37:07.019+0600][44.432s][info][gc,phases   ] GC(49) y: Pause Mark Start 0.039ms
[2026-04-03T03:37:07.710+0600][45.123s][info][gc,phases   ] GC(49) y: Concurrent Mark 691.210ms
[2026-04-03T03:37:07.710+0600][45.124s][info][gc,phases   ] GC(49) y: Pause Mark End 0.037ms
[2026-04-03T03:37:07.710+0600][45.124s][info][gc,phases   ] GC(49) y: Concurrent Mark Free 0.004ms
[2026-04-03T03:37:07.711+0600][45.124s][info][gc,phases   ] GC(49) y: Concurrent Reset Relocation Set 0.127ms
[2026-04-03T03:37:07.711+0600][45.124s][info][gc,phases   ] GC(47) O: Concurrent Mark 1688.166ms
[2026-04-03T03:37:07.711+0600][45.124s][info][gc,phases   ] GC(47) O: Pause Mark End 0.019ms
[2026-04-03T03:37:07.711+0600][45.125s][info][gc,phases   ] GC(47) O: Concurrent Mark Free 0.004ms
[2026-04-03T03:37:07.713+0600][45.126s][info][gc,reloc    ] GC(49) y: Using tenuring threshold: 1 (Computed)
[2026-04-03T03:37:07.744+0600][45.157s][info][gc,phases   ] GC(47) O: Concurrent Process Non-Strong 32.694ms
[2026-04-03T03:37:07.744+0600][45.157s][info][gc,phases   ] GC(47) O: Concurrent Reset Relocation Set 0.009ms
[2026-04-03T03:37:07.772+0600][45.185s][info][gc,phases   ] GC(47) O: Concurrent Select Relocation Set 27.641ms
[2026-04-03T03:37:07.778+0600][45.191s][info][gc,phases   ] GC(49) y: Concurrent Select Relocation Set 67.138ms
[2026-04-03T03:37:07.778+0600][45.192s][info][gc,phases   ] GC(49) y: Pause Relocate Start 0.040ms
[2026-04-03T03:37:08.096+0600][45.510s][info][gc,phases   ] GC(49) y: Concurrent Relocate 317.756ms
[2026-04-03T03:37:08.096+0600][45.510s][info][gc,alloc    ] GC(49) y:                         Mark Start        Mark End      Relocate Start    Relocate End   
[2026-04-03T03:37:08.096+0600][45.510s][info][gc,alloc    ] GC(49) y: Allocation Stalls:          0                0                0                0         
[2026-04-03T03:37:08.096+0600][45.510s][info][gc,load     ] GC(49) y: Load: 4.34 (36%) / 4.33 (36%) / 4.70 (39%)
[2026-04-03T03:37:08.096+0600][45.510s][info][gc,mmu      ] GC(49) y: MMU: 2ms/91.9%, 5ms/95.9%, 10ms/97.9%, 20ms/99.0%, 50ms/99.6%, 100ms/99.6%
[2026-04-03T03:37:08.096+0600][45.510s][info][gc,marking  ] GC(49) y: Mark: 2 stripe(s), 10 proactive flush(es), 1 terminate flush(es), 0 completion(s), 0 continuation(s) 
[2026-04-03T03:37:08.096+0600][45.510s][info][gc,marking  ] GC(49) y: Mark Stack Usage: 32M
[2026-04-03T03:37:08.097+0600][45.510s][info][gc,nmethod  ] GC(49) y: NMethods: 6451 registered, 432 unregistered
[2026-04-03T03:37:08.097+0600][45.510s][info][gc,metaspace] GC(49) y: Metaspace: 70M used, 71M committed, 1088M reserved
[2026-04-03T03:37:08.097+0600][45.510s][info][gc,reloc    ] GC(49) y:                        Candidates     Selected     In-Place         Size        Empty    Relocated 
[2026-04-03T03:37:08.097+0600][45.510s][info][gc,reloc    ] GC(49) y: Small Pages:                  373          332            0         746M           0M          38M 
[2026-04-03T03:37:08.097+0600][45.510s][info][gc,reloc    ] GC(49) y: Medium Pages:                   0            0            0           0M           0M           0M 
[2026-04-03T03:37:08.097+0600][45.510s][info][gc,reloc    ] GC(49) y: Large Pages:                    6            0            0          48M          18M           0M 
[2026-04-03T03:37:08.097+0600][45.510s][info][gc,reloc    ] GC(49) y: Forwarding Usage: 43M
[2026-04-03T03:37:08.097+0600][45.510s][info][gc,reloc    ] GC(49) y: Age Table:
[2026-04-03T03:37:08.097+0600][45.510s][info][gc,reloc    ] GC(49) y:                    Live             Garbage             Small              Medium             Large        
[2026-04-03T03:37:08.097+0600][45.510s][info][gc,reloc    ] GC(49) y: Eden              38M (2%)          665M (33%)        352 / 329            0 / 0              0 / 0        
[2026-04-03T03:37:08.097+0600][45.510s][info][gc,reloc    ] GC(49) y: Survivor 1        59M (3%)           30M (2%)          21 / 3              0 / 0              6 / 0        
[2026-04-03T03:37:08.097+0600][45.510s][info][gc,heap     ] GC(49) y: Min Capacity: 8M(0%)
[2026-04-03T03:37:08.097+0600][45.510s][info][gc,heap     ] GC(49) y: Max Capacity: 2000M(100%)
[2026-04-03T03:37:08.097+0600][45.510s][info][gc,heap     ] GC(49) y: Soft Max Capacity: 2000M(100%)
[2026-04-03T03:37:08.097+0600][45.510s][info][gc,heap     ] GC(49) y: Heap Statistics:
[2026-04-03T03:37:08.097+0600][45.510s][info][gc,heap     ] GC(49) y:                Mark Start          Mark End        Relocate Start      Relocate End           High               Low         
[2026-04-03T03:37:08.097+0600][45.510s][info][gc,heap     ] GC(49) y:  Capacity:     2000M (100%)       2000M (100%)       2000M (100%)       2000M (100%)       2000M (100%)       2000M (100%)   
[2026-04-03T03:37:08.097+0600][45.510s][info][gc,heap     ] GC(49) y:      Free:      640M (32%)         230M (12%)         310M (16%)         936M (47%)         948M (47%)         228M (11%)    
[2026-04-03T03:37:08.097+0600][45.510s][info][gc,heap     ] GC(49) y:      Used:     1360M (68%)        1770M (88%)        1690M (84%)        1064M (53%)        1772M (89%)        1052M (53%)    
[2026-04-03T03:37:08.097+0600][45.510s][info][gc,heap     ] GC(49) y: Young Generation Statistics:
[2026-04-03T03:37:08.097+0600][45.510s][info][gc,heap     ] GC(49) y:                Mark Start          Mark End        Relocate Start      Relocate End    
[2026-04-03T03:37:08.097+0600][45.510s][info][gc,heap     ] GC(49) y:      Used:      794M (40%)        1204M (60%)        1148M (57%)         516M (26%)    
[2026-04-03T03:37:08.097+0600][45.510s][info][gc,heap     ] GC(49) y:      Live:         -                98M (5%)           41M (2%)           38M (2%)     
[2026-04-03T03:37:08.097+0600][45.510s][info][gc,heap     ] GC(49) y:   Garbage:         -               695M (35%)         670M (34%)           0M (0%)     
[2026-04-03T03:37:08.097+0600][45.510s][info][gc,heap     ] GC(49) y: Allocated:         -               410M (20%)         436M (22%)         477M (24%)    
[2026-04-03T03:37:08.097+0600][45.510s][info][gc,heap     ] GC(49) y: Reclaimed:         -                  -                25M (1%)          695M (35%)    
[2026-04-03T03:37:08.097+0600][45.510s][info][gc,heap     ] GC(49) y:  Promoted:         -                  -                56M (3%)           59M (3%)     
[2026-04-03T03:37:08.097+0600][45.510s][info][gc,heap     ] GC(49) y: Compacted:         -                  -                  -                38M (2%)     
[2026-04-03T03:37:08.097+0600][45.510s][info][gc,phases   ] GC(49) y: Young Generation 1360M(68%)->1064M(53%) 1.078s
[2026-04-03T03:37:08.097+0600][45.510s][info][gc          ] GC(49) Minor Collection (Allocation Rate) 1360M(68%)->1064M(53%) 1.079s
[2026-04-03T03:37:08.097+0600][45.511s][info][gc,task     ] GC(47) O: Using 3 Workers for Old Generation
[2026-04-03T03:37:08.144+0600][45.557s][info][gc,task     ] GC(47) O: Using 1 Workers for Old Generation
[2026-04-03T03:37:08.144+0600][45.558s][info][gc,phases   ] GC(47) O: Concurrent Remap Roots 47.104ms
[2026-04-03T03:37:08.145+0600][45.558s][info][gc,phases   ] GC(47) O: Pause Relocate Start 0.095ms
[2026-04-03T03:37:08.145+0600][45.558s][info][gc          ] GC(50) Minor Collection (Allocation Rate)
[2026-04-03T03:37:08.145+0600][45.558s][info][gc,task     ] GC(50) Using 2 Workers for Young Generation
[2026-04-03T03:37:08.145+0600][45.559s][info][gc,phases   ] GC(50) y: Young Generation
[2026-04-03T03:37:08.146+0600][45.559s][info][gc,phases   ] GC(50) y: Pause Mark Start 0.054ms
[2026-04-03T03:37:08.554+0600][45.967s][info][gc,phases   ] GC(47) O: Concurrent Relocate 408.756ms
[2026-04-03T03:37:08.787+0600][46.200s][info][gc,task     ] Adjusting Workers for Young Generation: 2 -> 3
[2026-04-03T03:37:08.804+0600][46.217s][info][gc,phases   ] GC(50) y: Concurrent Mark 658.380ms
[2026-04-03T03:37:08.805+0600][46.218s][info][gc,phases   ] GC(50) y: Pause Mark End 0.061ms
[2026-04-03T03:37:08.805+0600][46.218s][info][gc,phases   ] GC(50) y: Concurrent Mark Free 0.004ms
[2026-04-03T03:37:08.805+0600][46.218s][info][gc,phases   ] GC(50) y: Concurrent Reset Relocation Set 0.112ms
[2026-04-03T03:37:08.809+0600][46.222s][info][gc,reloc    ] GC(50) y: Using tenuring threshold: 2 (Computed)
[2026-04-03T03:37:08.814+0600][46.227s][info][gc,phases   ] GC(50) y: Concurrent Select Relocation Set 8.640ms
[2026-04-03T03:37:08.814+0600][46.227s][info][gc,phases   ] GC(50) y: Pause Relocate Start 0.040ms
[2026-04-03T03:37:08.861+0600][46.275s][info][gc,phases   ] GC(50) y: Concurrent Relocate 47.236ms
[2026-04-03T03:37:08.862+0600][46.275s][info][gc,alloc    ] GC(50) y:                         Mark Start        Mark End      Relocate Start    Relocate End   
[2026-04-03T03:37:08.862+0600][46.275s][info][gc,alloc    ] GC(50) y: Allocation Stalls:          0                0                0                0         
[2026-04-03T03:37:08.862+0600][46.275s][info][gc,load     ] GC(50) y: Load: 4.34 (36%) / 4.33 (36%) / 4.70 (39%)
[2026-04-03T03:37:08.862+0600][46.275s][info][gc,mmu      ] GC(50) y: MMU: 2ms/91.9%, 5ms/95.9%, 10ms/97.9%, 20ms/99.0%, 50ms/99.6%, 100ms/99.6%
[2026-04-03T03:37:08.862+0600][46.275s][info][gc,marking  ] GC(50) y: Mark: 2 stripe(s), 2 proactive flush(es), 1 terminate flush(es), 0 completion(s), 0 continuation(s) 
[2026-04-03T03:37:08.862+0600][46.275s][info][gc,marking  ] GC(50) y: Mark Stack Usage: 32M
[2026-04-03T03:37:08.862+0600][46.275s][info][gc,nmethod  ] GC(50) y: NMethods: 6459 registered, 432 unregistered
[2026-04-03T03:37:08.862+0600][46.275s][info][gc,metaspace] GC(50) y: Metaspace: 70M used, 71M committed, 1088M reserved
[2026-04-03T03:37:08.862+0600][46.275s][info][gc,reloc    ] GC(50) y:                        Candidates     Selected     In-Place         Size        Empty    Relocated 
[2026-04-03T03:37:08.862+0600][46.275s][info][gc,reloc    ] GC(50) y: Small Pages:                  215          182            0         430M           2M          22M 
[2026-04-03T03:37:08.862+0600][46.275s][info][gc,reloc    ] GC(50) y: Medium Pages:                   1            0            0          32M           0M           0M 
[2026-04-03T03:37:08.862+0600][46.275s][info][gc,reloc    ] GC(50) y: Large Pages:                    3            0            0          54M           0M           0M 
[2026-04-03T03:37:08.862+0600][46.275s][info][gc,reloc    ] GC(50) y: Forwarding Usage: 25M
[2026-04-03T03:37:08.862+0600][46.275s][info][gc,reloc    ] GC(50) y: Age Table:
[2026-04-03T03:37:08.862+0600][46.275s][info][gc,reloc    ] GC(50) y:                    Live             Garbage             Small              Medium             Large        
[2026-04-03T03:37:08.862+0600][46.275s][info][gc,reloc    ] GC(50) y: Eden              80M (4%)          391M (20%)        193 / 179            1 / 0              3 / 0        
[2026-04-03T03:37:08.862+0600][46.275s][info][gc,reloc    ] GC(50) y: Survivor 1        34M (2%)            9M (0%)          22 / 3              0 / 0              0 / 0        
[2026-04-03T03:37:08.862+0600][46.275s][info][gc,heap     ] GC(50) y: Min Capacity: 8M(0%)
[2026-04-03T03:37:08.862+0600][46.275s][info][gc,heap     ] GC(50) y: Max Capacity: 2000M(100%)
[2026-04-03T03:37:08.862+0600][46.275s][info][gc,heap     ] GC(50) y: Soft Max Capacity: 2000M(100%)
[2026-04-03T03:37:08.862+0600][46.275s][info][gc,heap     ] GC(50) y: Heap Statistics:
[2026-04-03T03:37:08.862+0600][46.275s][info][gc,heap     ] GC(50) y:                Mark Start          Mark End        Relocate Start      Relocate End           High               Low         
[2026-04-03T03:37:08.862+0600][46.275s][info][gc,heap     ] GC(50) y:  Capacity:     2000M (100%)       2000M (100%)       2000M (100%)       2000M (100%)       2000M (100%)       2000M (100%)   
[2026-04-03T03:37:08.862+0600][46.275s][info][gc,heap     ] GC(50) y:      Free:      934M (47%)         918M (46%)         918M (46%)        1274M (64%)        1274M (64%)         906M (45%)    
[2026-04-03T03:37:08.862+0600][46.275s][info][gc,heap     ] GC(50) y:      Used:     1066M (53%)        1082M (54%)        1082M (54%)         726M (36%)        1094M (55%)         726M (36%)    
[2026-04-03T03:37:08.862+0600][46.275s][info][gc,heap     ] GC(50) y: Young Generation Statistics:
[2026-04-03T03:37:08.862+0600][46.275s][info][gc,heap     ] GC(50) y:                Mark Start          Mark End        Relocate Start      Relocate End    
[2026-04-03T03:37:08.862+0600][46.275s][info][gc,heap     ] GC(50) y:      Used:      516M (26%)         586M (29%)         586M (29%)         230M (12%)    
[2026-04-03T03:37:08.862+0600][46.275s][info][gc,heap     ] GC(50) y:      Live:         -               115M (6%)          115M (6%)          115M (6%)     
[2026-04-03T03:37:08.862+0600][46.276s][info][gc,heap     ] GC(50) y:   Garbage:         -               400M (20%)         398M (20%)          30M (2%)     
[2026-04-03T03:37:08.862+0600][46.276s][info][gc,heap     ] GC(50) y: Allocated:         -                70M (4%)           72M (4%)           83M (4%)     
[2026-04-03T03:37:08.862+0600][46.276s][info][gc,heap     ] GC(50) y: Reclaimed:         -                  -                 2M (0%)          369M (18%)    
[2026-04-03T03:37:08.862+0600][46.276s][info][gc,heap     ] GC(50) y:  Promoted:         -                  -                 0M (0%)            0M (0%)     
[2026-04-03T03:37:08.862+0600][46.276s][info][gc,heap     ] GC(50) y: Compacted:         -                  -                  -                26M (1%)     
[2026-04-03T03:37:08.862+0600][46.276s][info][gc,phases   ] GC(50) y: Young Generation 1066M(53%)->726M(36%) 0.716s
[2026-04-03T03:37:08.862+0600][46.276s][info][gc          ] GC(50) Minor Collection (Allocation Rate) 1064M(53%)->726M(36%) 0.717s
[2026-04-03T03:37:08.862+0600][46.276s][info][gc,alloc    ] GC(47) O:                         Mark Start        Mark End      Relocate Start    Relocate End   
[2026-04-03T03:37:08.862+0600][46.276s][info][gc,alloc    ] GC(47) O: Allocation Stalls:          0                0                0                0         
[2026-04-03T03:37:08.862+0600][46.276s][info][gc,load     ] GC(47) O: Load: 4.34 (36%) / 4.33 (36%) / 4.70 (39%)
[2026-04-03T03:37:08.862+0600][46.276s][info][gc,mmu      ] GC(47) O: MMU: 2ms/91.9%, 5ms/95.9%, 10ms/97.9%, 20ms/99.0%, 50ms/99.6%, 100ms/99.6%
[2026-04-03T03:37:08.862+0600][46.276s][info][gc,marking  ] GC(47) O: Mark: 1 stripe(s), 2 proactive flush(es), 1 terminate flush(es), 0 completion(s), 0 continuation(s) 
[2026-04-03T03:37:08.862+0600][46.276s][info][gc,marking  ] GC(47) O: Mark Stack Usage: 32M
[2026-04-03T03:37:08.863+0600][46.276s][info][gc,nmethod  ] GC(47) O: NMethods: 6459 registered, 432 unregistered
[2026-04-03T03:37:08.863+0600][46.276s][info][gc,metaspace] GC(47) O: Metaspace: 70M used, 71M committed, 1088M reserved
[2026-04-03T03:37:08.863+0600][46.276s][info][gc,ref      ] GC(47) O:                       Encountered   Discovered     Enqueued 
[2026-04-03T03:37:08.863+0600][46.276s][info][gc,ref      ] GC(47) O: Soft References:             5086            0            0 
[2026-04-03T03:37:08.863+0600][46.276s][info][gc,ref      ] GC(47) O: Weak References:             6729         5325            9 
[2026-04-03T03:37:08.863+0600][46.276s][info][gc,ref      ] GC(47) O: Final References:              84            0            0 
[2026-04-03T03:37:08.863+0600][46.276s][info][gc,ref      ] GC(47) O: Phantom References:           598          535            0 
[2026-04-03T03:37:08.863+0600][46.276s][info][gc,reloc    ] GC(47) O:                        Candidates     Selected     In-Place         Size        Empty    Relocated 
[2026-04-03T03:37:08.863+0600][46.276s][info][gc,reloc    ] GC(47) O: Small Pages:                  135           28            0         270M           2M          22M 
[2026-04-03T03:37:08.863+0600][46.276s][info][gc,reloc    ] GC(47) O: Medium Pages:                   2            0            0          64M          32M           0M 
[2026-04-03T03:37:08.863+0600][46.276s][info][gc,reloc    ] GC(47) O: Large Pages:                    3            0            0          54M          54M           0M 
[2026-04-03T03:37:08.863+0600][46.276s][info][gc,reloc    ] GC(47) O: Forwarding Usage: 46M
[2026-04-03T03:37:08.863+0600][46.276s][info][gc,heap     ] GC(47) O: Min Capacity: 8M(0%)
[2026-04-03T03:37:08.863+0600][46.276s][info][gc,heap     ] GC(47) O: Max Capacity: 2000M(100%)
[2026-04-03T03:37:08.863+0600][46.276s][info][gc,heap     ] GC(47) O: Soft Max Capacity: 2000M(100%)
[2026-04-03T03:37:08.863+0600][46.276s][info][gc,heap     ] GC(47) O: Heap Statistics:
[2026-04-03T03:37:08.863+0600][46.276s][info][gc,heap     ] GC(47) O:                Mark Start          Mark End        Relocate Start      Relocate End           High               Low         
[2026-04-03T03:37:08.863+0600][46.276s][info][gc,heap     ] GC(47) O:  Capacity:     2000M (100%)       2000M (100%)       2000M (100%)       2000M (100%)       2000M (100%)       2000M (100%)   
[2026-04-03T03:37:08.863+0600][46.276s][info][gc,heap     ] GC(47) O:      Free:     1048M (52%)         230M (12%)         936M (47%)         948M (47%)        1048M (52%)         228M (11%)    
[2026-04-03T03:37:08.863+0600][46.276s][info][gc,heap     ] GC(47) O:      Used:      952M (48%)        1770M (88%)        1064M (53%)        1052M (53%)        1772M (89%)         952M (48%)    
[2026-04-03T03:37:08.863+0600][46.276s][info][gc,heap     ] GC(47) O: Old Generation Statistics:
[2026-04-03T03:37:08.863+0600][46.276s][info][gc,heap     ] GC(47) O:                Mark Start          Mark End        Relocate Start      Relocate End    
[2026-04-03T03:37:08.863+0600][46.276s][info][gc,heap     ] GC(47) O:      Used:      388M (19%)         566M (28%)         548M (27%)         496M (25%)    
[2026-04-03T03:37:08.863+0600][46.276s][info][gc,heap     ] GC(47) O:      Live:         -               211M (11%)         211M (11%)         211M (11%)    
[2026-04-03T03:37:08.863+0600][46.276s][info][gc,heap     ] GC(47) O:   Garbage:         -               176M (9%)           88M (4%)           25M (1%)     
[2026-04-03T03:37:08.863+0600][46.276s][info][gc,heap     ] GC(47) O: Allocated:         -               178M (9%)          248M (12%)         258M (13%)    
[2026-04-03T03:37:08.863+0600][46.276s][info][gc,heap     ] GC(47) O: Reclaimed:         -                  -                88M (4%)          150M (8%)     
[2026-04-03T03:37:08.863+0600][46.276s][info][gc,heap     ] GC(47) O: Compacted:         -                  -                  -                45M (2%)     
[2026-04-03T03:37:08.863+0600][46.276s][info][gc,phases   ] GC(47) O: Old Generation 1112M(56%)->1052M(53%) 2.840s
[2026-04-03T03:37:08.863+0600][46.276s][info][gc          ] GC(47) Major Collection (Allocation Rate) 952M(48%)->726M(36%) 3.307s
[2026-04-03T03:37:08.873+0600][46.286s][info][gc          ] GC(51) Major Collection (Allocation Rate)
[2026-04-03T03:37:08.873+0600][46.286s][info][gc,task     ] GC(51) Using 3 Workers for Young Generation
[2026-04-03T03:37:08.873+0600][46.286s][info][gc,task     ] GC(51) Using 1 Workers for Old Generation
[2026-04-03T03:37:08.873+0600][46.286s][info][gc,phases   ] GC(51) Y: Young Generation
[2026-04-03T03:37:08.873+0600][46.286s][info][gc,phases   ] GC(51) Y: Pause Mark Start (Major) 0.037ms
[2026-04-03T03:37:09.314+0600][46.727s][info][gc,phases   ] GC(51) Y: Concurrent Mark 440.655ms
[2026-04-03T03:37:09.314+0600][46.728s][info][gc,phases   ] GC(51) Y: Pause Mark End 0.036ms
[2026-04-03T03:37:09.314+0600][46.728s][info][gc,phases   ] GC(51) Y: Concurrent Mark Free 0.004ms
[2026-04-03T03:37:09.315+0600][46.728s][info][gc,phases   ] GC(51) Y: Concurrent Reset Relocation Set 0.055ms
[2026-04-03T03:37:09.322+0600][46.735s][info][gc,reloc    ] GC(51) Y: Using tenuring threshold: 1 (Computed)
[2026-04-03T03:37:09.387+0600][46.801s][info][gc,phases   ] GC(51) Y: Concurrent Select Relocation Set 72.807ms
[2026-04-03T03:37:09.388+0600][46.801s][info][gc,phases   ] GC(51) Y: Pause Relocate Start 0.092ms
[2026-04-03T03:37:09.517+0600][46.930s][info][gc,phases   ] GC(51) Y: Concurrent Relocate 128.533ms
[2026-04-03T03:37:09.517+0600][46.930s][info][gc,alloc    ] GC(51) Y:                         Mark Start        Mark End      Relocate Start    Relocate End   
[2026-04-03T03:37:09.517+0600][46.930s][info][gc,alloc    ] GC(51) Y: Allocation Stalls:          0                0                0                0         
[2026-04-03T03:37:09.517+0600][46.930s][info][gc,load     ] GC(51) Y: Load: 4.34 (36%) / 4.33 (36%) / 4.70 (39%)
[2026-04-03T03:37:09.517+0600][46.930s][info][gc,mmu      ] GC(51) Y: MMU: 2ms/91.9%, 5ms/95.9%, 10ms/97.9%, 20ms/99.0%, 50ms/99.6%, 100ms/99.6%
[2026-04-03T03:37:09.517+0600][46.930s][info][gc,marking  ] GC(51) Y: Mark: 2 stripe(s), 6 proactive flush(es), 1 terminate flush(es), 0 completion(s), 0 continuation(s) 
[2026-04-03T03:37:09.517+0600][46.930s][info][gc,marking  ] GC(51) Y: Mark Stack Usage: 32M
[2026-04-03T03:37:09.517+0600][46.930s][info][gc,nmethod  ] GC(51) Y: NMethods: 6535 registered, 432 unregistered
[2026-04-03T03:37:09.517+0600][46.930s][info][gc,metaspace] GC(51) Y: Metaspace: 70M used, 71M committed, 1088M reserved
[2026-04-03T03:37:09.517+0600][46.930s][info][gc,reloc    ] GC(51) Y:                        Candidates     Selected     In-Place         Size        Empty    Relocated 
[2026-04-03T03:37:09.517+0600][46.930s][info][gc,reloc    ] GC(51) Y: Small Pages:                   56           16            0         112M          18M           2M 
[2026-04-03T03:37:09.517+0600][46.930s][info][gc,reloc    ] GC(51) Y: Medium Pages:                   2            0            0          64M          32M           0M 
[2026-04-03T03:37:09.517+0600][46.930s][info][gc,reloc    ] GC(51) Y: Large Pages:                    3            0            0          54M           0M           0M 
[2026-04-03T03:37:09.517+0600][46.930s][info][gc,reloc    ] GC(51) Y: Forwarding Usage: 4M
[2026-04-03T03:37:09.517+0600][46.930s][info][gc,reloc    ] GC(51) Y: Age Table:
[2026-04-03T03:37:09.517+0600][46.930s][info][gc,reloc    ] GC(51) Y:                    Live             Garbage             Small              Medium             Large        
[2026-04-03T03:37:09.517+0600][46.930s][info][gc,reloc    ] GC(51) Y: Eden               3M (0%)           70M (4%)          21 / 11             1 / 0              0 / 0        
[2026-04-03T03:37:09.517+0600][46.930s][info][gc,reloc    ] GC(51) Y: Survivor 1        76M (4%)           35M (2%)          13 / 3              1 / 0              3 / 0        
[2026-04-03T03:37:09.517+0600][46.930s][info][gc,reloc    ] GC(51) Y: Survivor 2        34M (2%)            9M (0%)          22 / 2              0 / 0              0 / 0        
[2026-04-03T03:37:09.517+0600][46.930s][info][gc,heap     ] GC(51) Y: Min Capacity: 8M(0%)
[2026-04-03T03:37:09.517+0600][46.930s][info][gc,heap     ] GC(51) Y: Max Capacity: 2000M(100%)
[2026-04-03T03:37:09.517+0600][46.930s][info][gc,heap     ] GC(51) Y: Soft Max Capacity: 2000M(100%)
[2026-04-03T03:37:09.517+0600][46.930s][info][gc,heap     ] GC(51) Y: Heap Statistics:
[2026-04-03T03:37:09.517+0600][46.930s][info][gc,heap     ] GC(51) Y:                Mark Start          Mark End        Relocate Start      Relocate End           High               Low         
[2026-04-03T03:37:09.517+0600][46.930s][info][gc,heap     ] GC(51) Y:  Capacity:     2000M (100%)       2000M (100%)       2000M (100%)       2000M (100%)       2000M (100%)       2000M (100%)   
[2026-04-03T03:37:09.517+0600][46.930s][info][gc,heap     ] GC(51) Y:      Free:     1274M (64%)        1144M (57%)        1148M (57%)        1130M (56%)        1274M (64%)        1130M (56%)    
[2026-04-03T03:37:09.517+0600][46.930s][info][gc,heap     ] GC(51) Y:      Used:      726M (36%)         856M (43%)         852M (43%)         870M (44%)         870M (44%)         726M (36%)    
[2026-04-03T03:37:09.517+0600][46.930s][info][gc,heap     ] GC(51) Y: Young Generation Statistics:
[2026-04-03T03:37:09.517+0600][46.930s][info][gc,heap     ] GC(51) Y:                Mark Start          Mark End        Relocate Start      Relocate End    
[2026-04-03T03:37:09.517+0600][46.930s][info][gc,heap     ] GC(51) Y:      Used:      230M (12%)         360M (18%)         246M (12%)         256M (13%)    
[2026-04-03T03:37:09.517+0600][46.930s][info][gc,heap     ] GC(51) Y:      Live:         -               113M (6%)            8M (0%)            3M (0%)     
[2026-04-03T03:37:09.517+0600][46.930s][info][gc,heap     ] GC(51) Y:   Garbage:         -               116M (6%)           61M (3%)           28M (1%)     
[2026-04-03T03:37:09.517+0600][46.930s][info][gc,heap     ] GC(51) Y: Allocated:         -               130M (6%)          176M (9%)          223M (11%)    
[2026-04-03T03:37:09.517+0600][46.930s][info][gc,heap     ] GC(51) Y: Reclaimed:         -                  -                54M (3%)           87M (4%)     
[2026-04-03T03:37:09.517+0600][46.930s][info][gc,heap     ] GC(51) Y:  Promoted:         -                  -               105M (5%)          110M (6%)     
[2026-04-03T03:37:09.517+0600][46.930s][info][gc,heap     ] GC(51) Y: Compacted:         -                  -                  -                 0M (0%)     
[2026-04-03T03:37:09.517+0600][46.930s][info][gc,phases   ] GC(51) Y: Young Generation 726M(36%)->870M(44%) 0.644s
[2026-04-03T03:37:09.517+0600][46.930s][info][gc,phases   ] GC(51) O: Old Generation
[2026-04-03T03:37:09.518+0600][46.931s][info][gc          ] GC(52) Minor Collection (Allocation Rate)
[2026-04-03T03:37:09.518+0600][46.932s][info][gc,task     ] GC(52) Using 2 Workers for Young Generation
[2026-04-03T03:37:09.518+0600][46.932s][info][gc,phases   ] GC(52) y: Young Generation
[2026-04-03T03:37:09.520+0600][46.933s][info][gc,phases   ] GC(52) y: Pause Mark Start 0.039ms
[2026-04-03T03:37:09.757+0600][47.171s][info][gc,phases   ] GC(52) y: Concurrent Mark 237.455ms
[2026-04-03T03:37:09.758+0600][47.171s][info][gc,phases   ] GC(52) y: Pause Mark End 0.037ms
[2026-04-03T03:37:09.758+0600][47.171s][info][gc,phases   ] GC(52) y: Concurrent Mark Free 0.002ms
[2026-04-03T03:37:09.758+0600][47.171s][info][gc,phases   ] GC(52) y: Concurrent Reset Relocation Set 0.112ms
[2026-04-03T03:37:09.763+0600][47.177s][info][gc,reloc    ] GC(52) y: Using tenuring threshold: 2 (Computed)
[2026-04-03T03:37:09.777+0600][47.191s][info][gc,phases   ] GC(52) y: Concurrent Select Relocation Set 19.329ms
[2026-04-03T03:37:09.778+0600][47.191s][info][gc,phases   ] GC(52) y: Pause Relocate Start 0.043ms
[2026-04-03T03:37:09.831+0600][47.244s][info][gc,phases   ] GC(52) y: Concurrent Relocate 52.320ms
[2026-04-03T03:37:09.831+0600][47.244s][info][gc,alloc    ] GC(52) y:                         Mark Start        Mark End      Relocate Start    Relocate End   
[2026-04-03T03:37:09.831+0600][47.244s][info][gc,alloc    ] GC(52) y: Allocation Stalls:          0                0                0                0         
[2026-04-03T03:37:09.831+0600][47.244s][info][gc,load     ] GC(52) y: Load: 4.34 (36%) / 4.33 (36%) / 4.70 (39%)
[2026-04-03T03:37:09.831+0600][47.244s][info][gc,mmu      ] GC(52) y: MMU: 2ms/91.9%, 5ms/95.9%, 10ms/97.9%, 20ms/99.0%, 50ms/99.6%, 100ms/99.6%
[2026-04-03T03:37:09.831+0600][47.244s][info][gc,marking  ] GC(52) y: Mark: 2 stripe(s), 3 proactive flush(es), 1 terminate flush(es), 0 completion(s), 0 continuation(s) 
[2026-04-03T03:37:09.831+0600][47.244s][info][gc,marking  ] GC(52) y: Mark Stack Usage: 32M
[2026-04-03T03:37:09.831+0600][47.244s][info][gc,nmethod  ] GC(52) y: NMethods: 6560 registered, 432 unregistered
[2026-04-03T03:37:09.831+0600][47.244s][info][gc,metaspace] GC(52) y: Metaspace: 70M used, 71M committed, 1088M reserved
[2026-04-03T03:37:09.831+0600][47.244s][info][gc,reloc    ] GC(52) y:                        Candidates     Selected     In-Place         Size        Empty    Relocated 
[2026-04-03T03:37:09.831+0600][47.244s][info][gc,reloc    ] GC(52) y: Small Pages:                   85           67            0         170M          10M          14M 
[2026-04-03T03:37:09.831+0600][47.244s][info][gc,reloc    ] GC(52) y: Medium Pages:                   2            0            0          64M          32M           0M 
[2026-04-03T03:37:09.831+0600][47.244s][info][gc,reloc    ] GC(52) y: Large Pages:                    4            0            0          24M           6M           0M 
[2026-04-03T03:37:09.831+0600][47.244s][info][gc,reloc    ] GC(52) y: Forwarding Usage: 23M
[2026-04-03T03:37:09.831+0600][47.244s][info][gc,reloc    ] GC(52) y: Age Table:
[2026-04-03T03:37:09.831+0600][47.244s][info][gc,reloc    ] GC(52) y:                    Live             Garbage             Small              Medium             Large        
[2026-04-03T03:37:09.831+0600][47.244s][info][gc,reloc    ] GC(52) y: Eden              39M (2%)          180M (9%)          82 / 64             1 / 0              4 / 0        
[2026-04-03T03:37:09.831+0600][47.244s][info][gc,reloc    ] GC(52) y: Survivor 1         3M (0%)           34M (2%)           3 / 3              1 / 0              0 / 0        
[2026-04-03T03:37:09.831+0600][47.244s][info][gc,heap     ] GC(52) y: Min Capacity: 8M(0%)
[2026-04-03T03:37:09.831+0600][47.244s][info][gc,heap     ] GC(52) y: Max Capacity: 2000M(100%)
[2026-04-03T03:37:09.831+0600][47.244s][info][gc,heap     ] GC(52) y: Soft Max Capacity: 2000M(100%)
[2026-04-03T03:37:09.831+0600][47.244s][info][gc,heap     ] GC(52) y: Heap Statistics:
[2026-04-03T03:37:09.831+0600][47.244s][info][gc,heap     ] GC(52) y:                Mark Start          Mark End        Relocate Start      Relocate End           High               Low         
[2026-04-03T03:37:09.831+0600][47.244s][info][gc,heap     ] GC(52) y:  Capacity:     2000M (100%)       2000M (100%)       2000M (100%)       2000M (100%)       2000M (100%)       2000M (100%)   
[2026-04-03T03:37:09.831+0600][47.244s][info][gc,heap     ] GC(52) y:      Free:     1128M (56%)         950M (48%)         994M (50%)        1116M (56%)        1128M (56%)         950M (48%)    
[2026-04-03T03:37:09.831+0600][47.244s][info][gc,heap     ] GC(52) y:      Used:      872M (44%)        1050M (52%)        1006M (50%)         884M (44%)        1050M (52%)         872M (44%)    
[2026-04-03T03:37:09.831+0600][47.244s][info][gc,heap     ] GC(52) y: Young Generation Statistics:
[2026-04-03T03:37:09.831+0600][47.244s][info][gc,heap     ] GC(52) y:                Mark Start          Mark End        Relocate Start      Relocate End    
[2026-04-03T03:37:09.831+0600][47.244s][info][gc,heap     ] GC(52) y:      Used:      258M (13%)         436M (22%)         392M (20%)         270M (14%)    
[2026-04-03T03:37:09.831+0600][47.244s][info][gc,heap     ] GC(52) y:      Live:         -                42M (2%)           42M (2%)           42M (2%)     
[2026-04-03T03:37:09.831+0600][47.244s][info][gc,heap     ] GC(52) y:   Garbage:         -               215M (11%)         167M (8%)           30M (2%)     
[2026-04-03T03:37:09.831+0600][47.244s][info][gc,heap     ] GC(52) y: Allocated:         -               178M (9%)          182M (9%)          197M (10%)    
[2026-04-03T03:37:09.831+0600][47.244s][info][gc,heap     ] GC(52) y: Reclaimed:         -                  -                48M (2%)          185M (9%)     
[2026-04-03T03:37:09.831+0600][47.244s][info][gc,heap     ] GC(52) y:  Promoted:         -                  -                 0M (0%)            0M (0%)     
[2026-04-03T03:37:09.831+0600][47.244s][info][gc,heap     ] GC(52) y: Compacted:         -                  -                  -                20M (1%)     
[2026-04-03T03:37:09.831+0600][47.244s][info][gc,phases   ] GC(52) y: Young Generation 872M(44%)->884M(44%) 0.313s
[2026-04-03T03:37:09.831+0600][47.244s][info][gc          ] GC(52) Minor Collection (Allocation Rate) 872M(44%)->884M(44%) 0.313s
[2026-04-03T03:37:09.831+0600][47.245s][info][gc,task     ] Adjusting Workers for Old Generation: 1 -> 2
[2026-04-03T03:37:09.831+0600][47.245s][info][gc          ] GC(53) Minor Collection (Allocation Rate)
[2026-04-03T03:37:09.831+0600][47.245s][info][gc,task     ] GC(53) Using 1 Workers for Young Generation
[2026-04-03T03:37:09.831+0600][47.245s][info][gc,phases   ] GC(53) y: Young Generation
[2026-04-03T03:37:09.832+0600][47.245s][info][gc,phases   ] GC(53) y: Pause Mark Start 0.040ms
[2026-04-03T03:37:09.861+0600][47.274s][info][gc,phases   ] GC(53) y: Concurrent Mark 28.715ms
[2026-04-03T03:37:09.861+0600][47.274s][info][gc,phases   ] GC(53) y: Pause Mark End 0.031ms
[2026-04-03T03:37:09.861+0600][47.274s][info][gc,phases   ] GC(53) y: Concurrent Mark Free 0.003ms
[2026-04-03T03:37:09.861+0600][47.275s][info][gc,phases   ] GC(53) y: Concurrent Reset Relocation Set 0.023ms
[2026-04-03T03:37:09.863+0600][47.277s][info][gc,reloc    ] GC(53) y: Using tenuring threshold: 1 (Computed)
[2026-04-03T03:37:09.870+0600][47.283s][info][gc,phases   ] GC(53) y: Concurrent Select Relocation Set 8.299ms
[2026-04-03T03:37:09.870+0600][47.283s][info][gc,phases   ] GC(53) y: Pause Relocate Start 0.028ms
[2026-04-03T03:37:09.885+0600][47.299s][info][gc,phases   ] GC(53) y: Concurrent Relocate 15.232ms
[2026-04-03T03:37:09.886+0600][47.299s][info][gc,alloc    ] GC(53) y:                         Mark Start        Mark End      Relocate Start    Relocate End   
[2026-04-03T03:37:09.886+0600][47.299s][info][gc,alloc    ] GC(53) y: Allocation Stalls:          0                0                0                0         
[2026-04-03T03:37:09.886+0600][47.299s][info][gc,load     ] GC(53) y: Load: 4.34 (36%) / 4.33 (36%) / 4.70 (39%)
[2026-04-03T03:37:09.886+0600][47.299s][info][gc,mmu      ] GC(53) y: MMU: 2ms/91.9%, 5ms/95.9%, 10ms/97.9%, 20ms/99.0%, 50ms/99.6%, 100ms/99.6%
[2026-04-03T03:37:09.886+0600][47.299s][info][gc,marking  ] GC(53) y: Mark: 1 stripe(s), 2 proactive flush(es), 1 terminate flush(es), 0 completion(s), 0 continuation(s) 
[2026-04-03T03:37:09.886+0600][47.299s][info][gc,marking  ] GC(53) y: Mark Stack Usage: 32M
[2026-04-03T03:37:09.886+0600][47.299s][info][gc,nmethod  ] GC(53) y: NMethods: 6599 registered, 432 unregistered
[2026-04-03T03:37:09.886+0600][47.299s][info][gc,metaspace] GC(53) y: Metaspace: 70M used, 71M committed, 1088M reserved
[2026-04-03T03:37:09.886+0600][47.299s][info][gc,reloc    ] GC(53) y:                        Candidates     Selected     In-Place         Size        Empty    Relocated 
[2026-04-03T03:37:09.886+0600][47.299s][info][gc,reloc    ] GC(53) y: Small Pages:                   79           15            0         158M         126M           0M 
[2026-04-03T03:37:09.886+0600][47.299s][info][gc,reloc    ] GC(53) y: Medium Pages:                   2            0            0          64M          32M           0M 
[2026-04-03T03:37:09.886+0600][47.299s][info][gc,reloc    ] GC(53) y: Large Pages:                    6            0            0          48M          48M           0M 
[2026-04-03T03:37:09.886+0600][47.299s][info][gc,reloc    ] GC(53) y: Forwarding Usage: 0M
[2026-04-03T03:37:09.886+0600][47.299s][info][gc,reloc    ] GC(53) y: Age Table:
[2026-04-03T03:37:09.886+0600][47.299s][info][gc,reloc    ] GC(53) y:                    Live             Garbage             Small              Medium             Large        
[2026-04-03T03:37:09.886+0600][47.299s][info][gc,reloc    ] GC(53) y: Eden               0M (0%)          189M (9%)          64 / 11             1 / 0              3 / 0        
[2026-04-03T03:37:09.886+0600][47.299s][info][gc,reloc    ] GC(53) y: Survivor 1         0M (0%)           43M (2%)          13 / 2              0 / 0              3 / 0        
[2026-04-03T03:37:09.886+0600][47.299s][info][gc,reloc    ] GC(53) y: Survivor 2         3M (0%)           32M (2%)           2 / 2              1 / 0              0 / 0        
[2026-04-03T03:37:09.886+0600][47.299s][info][gc,heap     ] GC(53) y: Min Capacity: 8M(0%)
[2026-04-03T03:37:09.886+0600][47.299s][info][gc,heap     ] GC(53) y: Max Capacity: 2000M(100%)
[2026-04-03T03:37:09.886+0600][47.299s][info][gc,heap     ] GC(53) y: Soft Max Capacity: 2000M(100%)
[2026-04-03T03:37:09.886+0600][47.299s][info][gc,heap     ] GC(53) y: Heap Statistics:
[2026-04-03T03:37:09.886+0600][47.299s][info][gc,heap     ] GC(53) y:                Mark Start          Mark End        Relocate Start      Relocate End           High               Low         
[2026-04-03T03:37:09.886+0600][47.299s][info][gc,heap     ] GC(53) y:  Capacity:     2000M (100%)       2000M (100%)       2000M (100%)       2000M (100%)       2000M (100%)       2000M (100%)   
[2026-04-03T03:37:09.886+0600][47.299s][info][gc,heap     ] GC(53) y:      Free:     1116M (56%)        1060M (53%)        1264M (63%)        1280M (64%)        1280M (64%)        1060M (53%)    
[2026-04-03T03:37:09.886+0600][47.299s][info][gc,heap     ] GC(53) y:      Used:      884M (44%)         940M (47%)         736M (37%)         720M (36%)         940M (47%)         720M (36%)    
[2026-04-03T03:37:09.886+0600][47.299s][info][gc,heap     ] GC(53) y: Young Generation Statistics:
[2026-04-03T03:37:09.886+0600][47.299s][info][gc,heap     ] GC(53) y:                Mark Start          Mark End        Relocate Start      Relocate End    
[2026-04-03T03:37:09.886+0600][47.299s][info][gc,heap     ] GC(53) y:      Used:      270M (14%)         326M (16%)          90M (4%)           66M (3%)     
[2026-04-03T03:37:09.886+0600][47.299s][info][gc,heap     ] GC(53) y:      Live:         -                 3M (0%)            0M (0%)            0M (0%)     
[2026-04-03T03:37:09.886+0600][47.299s][info][gc,heap     ] GC(53) y:   Garbage:         -               266M (13%)          31M (2%)            0M (0%)     
[2026-04-03T03:37:09.886+0600][47.299s][info][gc,heap     ] GC(53) y: Allocated:         -                56M (3%)           58M (3%)           65M (3%)     
[2026-04-03T03:37:09.886+0600][47.299s][info][gc,heap     ] GC(53) y: Reclaimed:         -                  -               234M (12%)         266M (13%)    
[2026-04-03T03:37:09.886+0600][47.299s][info][gc,heap     ] GC(53) y:  Promoted:         -                  -                 3M (0%)            3M (0%)     
[2026-04-03T03:37:09.886+0600][47.299s][info][gc,heap     ] GC(53) y: Compacted:         -                  -                  -                 0M (0%)     
[2026-04-03T03:37:09.886+0600][47.299s][info][gc,phases   ] GC(53) y: Young Generation 884M(44%)->720M(36%) 0.054s
[2026-04-03T03:37:09.886+0600][47.299s][info][gc          ] GC(53) Minor Collection (Allocation Rate) 884M(44%)->720M(36%) 0.055s
[2026-04-03T03:37:09.928+0600][47.341s][info][gc,task     ] Adjusting Workers for Old Generation: 2 -> 1
[2026-04-03T03:37:09.928+0600][47.341s][info][gc          ] GC(54) Minor Collection (Allocation Rate)
[2026-04-03T03:37:09.928+0600][47.341s][info][gc,task     ] GC(54) Using 2 Workers for Young Generation
[2026-04-03T03:37:09.928+0600][47.341s][info][gc,phases   ] GC(54) y: Young Generation
[2026-04-03T03:37:09.928+0600][47.342s][info][gc,phases   ] GC(54) y: Pause Mark Start 0.039ms
[2026-04-03T03:37:09.958+0600][47.372s][info][gc,phases   ] GC(54) y: Concurrent Mark 29.705ms
[2026-04-03T03:37:09.958+0600][47.372s][info][gc,phases   ] GC(54) y: Pause Mark End 0.033ms
[2026-04-03T03:37:09.959+0600][47.372s][info][gc,phases   ] GC(54) y: Concurrent Mark Free 0.002ms
[2026-04-03T03:37:09.959+0600][47.372s][info][gc,phases   ] GC(54) y: Concurrent Reset Relocation Set 0.009ms
[2026-04-03T03:37:09.962+0600][47.376s][info][gc,reloc    ] GC(54) y: Using tenuring threshold: 2 (Computed)
[2026-04-03T03:37:09.965+0600][47.378s][info][gc,phases   ] GC(54) y: Concurrent Select Relocation Set 6.126ms
[2026-04-03T03:37:09.965+0600][47.378s][info][gc,phases   ] GC(54) y: Pause Relocate Start 0.029ms
[2026-04-03T03:37:09.975+0600][47.388s][info][gc,phases   ] GC(54) y: Concurrent Relocate 9.595ms
[2026-04-03T03:37:09.975+0600][47.388s][info][gc,alloc    ] GC(54) y:                         Mark Start        Mark End      Relocate Start    Relocate End   
[2026-04-03T03:37:09.975+0600][47.388s][info][gc,alloc    ] GC(54) y: Allocation Stalls:          0                0                0                0         
[2026-04-03T03:37:09.975+0600][47.388s][info][gc,load     ] GC(54) y: Load: 4.34 (36%) / 4.33 (36%) / 4.70 (39%)
[2026-04-03T03:37:09.975+0600][47.388s][info][gc,mmu      ] GC(54) y: MMU: 2ms/91.9%, 5ms/95.9%, 10ms/97.9%, 20ms/99.0%, 50ms/99.6%, 100ms/99.6%
[2026-04-03T03:37:09.975+0600][47.388s][info][gc,marking  ] GC(54) y: Mark: 2 stripe(s), 2 proactive flush(es), 1 terminate flush(es), 0 completion(s), 0 continuation(s) 
[2026-04-03T03:37:09.975+0600][47.388s][info][gc,marking  ] GC(54) y: Mark Stack Usage: 32M
[2026-04-03T03:37:09.975+0600][47.388s][info][gc,nmethod  ] GC(54) y: NMethods: 6615 registered, 432 unregistered
[2026-04-03T03:37:09.975+0600][47.388s][info][gc,metaspace] GC(54) y: Metaspace: 70M used, 71M committed, 1088M reserved
[2026-04-03T03:37:09.975+0600][47.388s][info][gc,reloc    ] GC(54) y:                        Candidates     Selected     In-Place         Size        Empty    Relocated 
[2026-04-03T03:37:09.975+0600][47.388s][info][gc,reloc    ] GC(54) y: Small Pages:                   36           31            0          72M           6M           2M 
[2026-04-03T03:37:09.975+0600][47.388s][info][gc,reloc    ] GC(54) y: Medium Pages:                   1            0            0          32M           0M           0M 
[2026-04-03T03:37:09.975+0600][47.388s][info][gc,reloc    ] GC(54) y: Large Pages:                    1            0            0           6M           6M           0M 
[2026-04-03T03:37:09.975+0600][47.388s][info][gc,reloc    ] GC(54) y: Forwarding Usage: 2M
[2026-04-03T03:37:09.975+0600][47.388s][info][gc,reloc    ] GC(54) y: Age Table:
[2026-04-03T03:37:09.975+0600][47.388s][info][gc,reloc    ] GC(54) y:                    Live             Garbage             Small              Medium             Large        
[2026-04-03T03:37:09.975+0600][47.389s][info][gc,reloc    ] GC(54) y: Eden               6M (0%)           95M (5%)          32 / 30             1 / 0              1 / 0        
[2026-04-03T03:37:09.975+0600][47.389s][info][gc,reloc    ] GC(54) y: Survivor 1         0M (0%)            7M (0%)           4 / 1              0 / 0              0 / 0        
[2026-04-03T03:37:09.975+0600][47.389s][info][gc,heap     ] GC(54) y: Min Capacity: 8M(0%)
[2026-04-03T03:37:09.975+0600][47.389s][info][gc,heap     ] GC(54) y: Max Capacity: 2000M(100%)
[2026-04-03T03:37:09.975+0600][47.389s][info][gc,heap     ] GC(54) y: Soft Max Capacity: 2000M(100%)
[2026-04-03T03:37:09.975+0600][47.389s][info][gc,heap     ] GC(54) y: Heap Statistics:
[2026-04-03T03:37:09.975+0600][47.389s][info][gc,heap     ] GC(54) y:                Mark Start          Mark End        Relocate Start      Relocate End           High               Low         
[2026-04-03T03:37:09.975+0600][47.389s][info][gc,heap     ] GC(54) y:  Capacity:     2000M (100%)       2000M (100%)       2000M (100%)       2000M (100%)       2000M (100%)       2000M (100%)   
[2026-04-03T03:37:09.975+0600][47.389s][info][gc,heap     ] GC(54) y:      Free:     1236M (62%)        1184M (59%)        1192M (60%)        1244M (62%)        1244M (62%)        1180M (59%)    
[2026-04-03T03:37:09.975+0600][47.389s][info][gc,heap     ] GC(54) y:      Used:      764M (38%)         816M (41%)         808M (40%)         756M (38%)         820M (41%)         756M (38%)    
[2026-04-03T03:37:09.975+0600][47.389s][info][gc,heap     ] GC(54) y: Young Generation Statistics:
[2026-04-03T03:37:09.975+0600][47.389s][info][gc,heap     ] GC(54) y:                Mark Start          Mark End        Relocate Start      Relocate End    
[2026-04-03T03:37:09.975+0600][47.389s][info][gc,heap     ] GC(54) y:      Used:      110M (6%)          162M (8%)          154M (8%)          102M (5%)     
[2026-04-03T03:37:09.975+0600][47.389s][info][gc,heap     ] GC(54) y:      Live:         -                 6M (0%)            6M (0%)            6M (0%)     
[2026-04-03T03:37:09.975+0600][47.389s][info][gc,heap     ] GC(54) y:   Garbage:         -               103M (5%)           91M (5%)           28M (1%)     
[2026-04-03T03:37:09.975+0600][47.389s][info][gc,heap     ] GC(54) y: Allocated:         -                52M (3%)           56M (3%)           66M (3%)     
[2026-04-03T03:37:09.975+0600][47.389s][info][gc,heap     ] GC(54) y: Reclaimed:         -                  -                12M (1%)           74M (4%)     
[2026-04-03T03:37:09.975+0600][47.389s][info][gc,heap     ] GC(54) y:  Promoted:         -                  -                 0M (0%)            0M (0%)     
[2026-04-03T03:37:09.975+0600][47.389s][info][gc,heap     ] GC(54) y: Compacted:         -                  -                  -                 3M (0%)     
[2026-04-03T03:37:09.975+0600][47.389s][info][gc,phases   ] GC(54) y: Young Generation 764M(38%)->756M(38%) 0.047s
[2026-04-03T03:37:09.975+0600][47.389s][info][gc          ] GC(54) Minor Collection (Allocation Rate) 764M(38%)->756M(38%) 0.048s
[2026-04-03T03:37:10.307+0600][47.720s][info][gc          ] GC(55) Minor Collection (Allocation Rate)
[2026-04-03T03:37:10.307+0600][47.720s][info][gc,task     ] GC(55) Using 2 Workers for Young Generation
[2026-04-03T03:37:10.307+0600][47.720s][info][gc,phases   ] GC(55) y: Young Generation
[2026-04-03T03:37:10.307+0600][47.720s][info][gc,phases   ] GC(55) y: Pause Mark Start 0.059ms
[2026-04-03T03:37:10.524+0600][47.938s][info][gc,phases   ] GC(55) y: Concurrent Mark 217.124ms
[2026-04-03T03:37:10.525+0600][47.938s][info][gc,phases   ] GC(55) y: Pause Mark End 0.033ms
[2026-04-03T03:37:10.525+0600][47.938s][info][gc,phases   ] GC(55) y: Concurrent Mark Free 0.002ms
[2026-04-03T03:37:10.525+0600][47.938s][info][gc,phases   ] GC(55) y: Concurrent Reset Relocation Set 0.007ms
[2026-04-03T03:37:10.532+0600][47.945s][info][gc,reloc    ] GC(55) y: Using tenuring threshold: 3 (Computed)
[2026-04-03T03:37:10.550+0600][47.964s][info][gc,phases   ] GC(55) y: Concurrent Select Relocation Set 25.401ms
[2026-04-03T03:37:10.551+0600][47.964s][info][gc,phases   ] GC(55) y: Pause Relocate Start 0.033ms
[2026-04-03T03:37:10.631+0600][48.045s][info][gc,phases   ] GC(55) y: Concurrent Relocate 80.270ms
[2026-04-03T03:37:10.631+0600][48.045s][info][gc,alloc    ] GC(55) y:                         Mark Start        Mark End      Relocate Start    Relocate End   
[2026-04-03T03:37:10.632+0600][48.045s][info][gc,alloc    ] GC(55) y: Allocation Stalls:          0                0                0                0         
[2026-04-03T03:37:10.632+0600][48.045s][info][gc,load     ] GC(55) y: Load: 4.34 (36%) / 4.33 (36%) / 4.70 (39%)
[2026-04-03T03:37:10.632+0600][48.045s][info][gc,mmu      ] GC(55) y: MMU: 2ms/91.9%, 5ms/95.9%, 10ms/97.9%, 20ms/99.0%, 50ms/99.6%, 100ms/99.6%
[2026-04-03T03:37:10.632+0600][48.045s][info][gc,marking  ] GC(55) y: Mark: 2 stripe(s), 2 proactive flush(es), 1 terminate flush(es), 0 completion(s), 0 continuation(s) 
[2026-04-03T03:37:10.632+0600][48.045s][info][gc,marking  ] GC(55) y: Mark Stack Usage: 32M
[2026-04-03T03:37:10.632+0600][48.045s][info][gc,nmethod  ] GC(55) y: NMethods: 6721 registered, 432 unregistered
[2026-04-03T03:37:10.632+0600][48.045s][info][gc,metaspace] GC(55) y: Metaspace: 71M used, 71M committed, 1088M reserved
[2026-04-03T03:37:10.632+0600][48.045s][info][gc,reloc    ] GC(55) y:                        Candidates     Selected     In-Place         Size        Empty    Relocated 
[2026-04-03T03:37:10.632+0600][48.045s][info][gc,reloc    ] GC(55) y: Small Pages:                   79           61            0         158M           8M          17M 
[2026-04-03T03:37:10.632+0600][48.045s][info][gc,reloc    ] GC(55) y: Medium Pages:                   2            0            0          64M          64M           0M 
[2026-04-03T03:37:10.632+0600][48.045s][info][gc,reloc    ] GC(55) y: Large Pages:                    6            0            0          48M          18M           0M 
[2026-04-03T03:37:10.632+0600][48.045s][info][gc,reloc    ] GC(55) y: Forwarding Usage: 25M
[2026-04-03T03:37:10.632+0600][48.045s][info][gc,reloc    ] GC(55) y: Age Table:
[2026-04-03T03:37:10.632+0600][48.045s][info][gc,reloc    ] GC(55) y:                    Live             Garbage             Small              Medium             Large        
[2026-04-03T03:37:10.632+0600][48.045s][info][gc,reloc    ] GC(55) y: Eden              51M (3%)          174M (9%)          73 / 56             1 / 0              6 / 0        
[2026-04-03T03:37:10.632+0600][48.045s][info][gc,reloc    ] GC(55) y: Survivor 1         1M (0%)           40M (2%)           5 / 4              1 / 0              0 / 0        
[2026-04-03T03:37:10.632+0600][48.045s][info][gc,reloc    ] GC(55) y: Survivor 2         0M (0%)            1M (0%)           1 / 1              0 / 0              0 / 0        
[2026-04-03T03:37:10.632+0600][48.045s][info][gc,heap     ] GC(55) y: Min Capacity: 8M(0%)
[2026-04-03T03:37:10.632+0600][48.045s][info][gc,heap     ] GC(55) y: Max Capacity: 2000M(100%)
[2026-04-03T03:37:10.632+0600][48.045s][info][gc,heap     ] GC(55) y: Soft Max Capacity: 2000M(100%)
[2026-04-03T03:37:10.632+0600][48.045s][info][gc,heap     ] GC(55) y: Heap Statistics:
[2026-04-03T03:37:10.632+0600][48.045s][info][gc,heap     ] GC(55) y:                Mark Start          Mark End        Relocate Start      Relocate End           High               Low         
[2026-04-03T03:37:10.632+0600][48.045s][info][gc,heap     ] GC(55) y:  Capacity:     2000M (100%)       2000M (100%)       2000M (100%)       2000M (100%)       2000M (100%)       2000M (100%)   
[2026-04-03T03:37:10.632+0600][48.045s][info][gc,heap     ] GC(55) y:      Free:     1076M (54%)         928M (46%)        1006M (50%)        1064M (53%)        1076M (54%)         926M (46%)    
[2026-04-03T03:37:10.632+0600][48.045s][info][gc,heap     ] GC(55) y:      Used:      924M (46%)        1072M (54%)         994M (50%)         936M (47%)        1074M (54%)         924M (46%)    
[2026-04-03T03:37:10.632+0600][48.045s][info][gc,heap     ] GC(55) y: Young Generation Statistics:
[2026-04-03T03:37:10.632+0600][48.045s][info][gc,heap     ] GC(55) y:                Mark Start          Mark End        Relocate Start      Relocate End    
[2026-04-03T03:37:10.632+0600][48.045s][info][gc,heap     ] GC(55) y:      Used:      270M (14%)         418M (21%)         340M (17%)         282M (14%)    
[2026-04-03T03:37:10.632+0600][48.045s][info][gc,heap     ] GC(55) y:      Live:         -                53M (3%)           53M (3%)           53M (3%)     
[2026-04-03T03:37:10.632+0600][48.045s][info][gc,heap     ] GC(55) y:   Garbage:         -               216M (11%)         126M (6%)            0M (0%)     
[2026-04-03T03:37:10.632+0600][48.045s][info][gc,heap     ] GC(55) y: Allocated:         -               148M (7%)          160M (8%)          227M (11%)    
[2026-04-03T03:37:10.632+0600][48.045s][info][gc,heap     ] GC(55) y: Reclaimed:         -                  -                90M (4%)          215M (11%)    
[2026-04-03T03:37:10.632+0600][48.045s][info][gc,heap     ] GC(55) y:  Promoted:         -                  -                 0M (0%)            0M (0%)     
[2026-04-03T03:37:10.632+0600][48.045s][info][gc,heap     ] GC(55) y: Compacted:         -                  -                  -                22M (1%)     
[2026-04-03T03:37:10.632+0600][48.045s][info][gc,phases   ] GC(55) y: Young Generation 924M(46%)->936M(47%) 0.325s
[2026-04-03T03:37:10.632+0600][48.045s][info][gc          ] GC(55) Minor Collection (Allocation Rate) 924M(46%)->936M(47%) 0.325s
[2026-04-03T03:37:10.632+0600][48.046s][info][gc          ] GC(56) Minor Collection (Allocation Rate)
[2026-04-03T03:37:10.632+0600][48.046s][info][gc,task     ] GC(56) Using 2 Workers for Young Generation
[2026-04-03T03:37:10.632+0600][48.046s][info][gc,phases   ] GC(56) y: Young Generation
[2026-04-03T03:37:10.633+0600][48.046s][info][gc,phases   ] GC(56) y: Pause Mark Start 0.047ms
[2026-04-03T03:37:10.696+0600][48.109s][info][gc,phases   ] GC(56) y: Concurrent Mark 62.397ms
[2026-04-03T03:37:10.696+0600][48.109s][info][gc,phases   ] GC(56) y: Pause Mark End 0.040ms
[2026-04-03T03:37:10.696+0600][48.110s][info][gc,phases   ] GC(56) y: Concurrent Mark Free 0.004ms
[2026-04-03T03:37:10.696+0600][48.110s][info][gc,phases   ] GC(56) y: Concurrent Reset Relocation Set 0.023ms
[2026-04-03T03:37:10.699+0600][48.113s][info][gc,reloc    ] GC(56) y: Using tenuring threshold: 1 (Computed)
[2026-04-03T03:37:10.703+0600][48.116s][info][gc,phases   ] GC(56) y: Concurrent Select Relocation Set 6.713ms
[2026-04-03T03:37:10.703+0600][48.117s][info][gc,phases   ] GC(56) y: Pause Relocate Start 0.037ms
[2026-04-03T03:37:10.708+0600][48.122s][info][gc,phases   ] GC(51) O: Concurrent Mark 1191.411ms
[2026-04-03T03:37:10.709+0600][48.123s][info][gc,phases   ] GC(51) O: Pause Mark End 0.042ms
[2026-04-03T03:37:10.709+0600][48.123s][info][gc,phases   ] GC(51) O: Concurrent Mark Free 0.001ms
[2026-04-03T03:37:10.731+0600][48.144s][info][gc,phases   ] GC(56) y: Concurrent Relocate 27.236ms
[2026-04-03T03:37:10.731+0600][48.144s][info][gc,alloc    ] GC(56) y:                         Mark Start        Mark End      Relocate Start    Relocate End   
[2026-04-03T03:37:10.731+0600][48.144s][info][gc,alloc    ] GC(56) y: Allocation Stalls:          0                0                0                0         
[2026-04-03T03:37:10.731+0600][48.144s][info][gc,load     ] GC(56) y: Load: 4.64 (39%) / 4.39 (37%) / 4.72 (39%)
[2026-04-03T03:37:10.731+0600][48.144s][info][gc,mmu      ] GC(56) y: MMU: 2ms/91.9%, 5ms/95.9%, 10ms/97.9%, 20ms/99.0%, 50ms/99.6%, 100ms/99.6%
[2026-04-03T03:37:10.731+0600][48.144s][info][gc,marking  ] GC(56) y: Mark: 2 stripe(s), 2 proactive flush(es), 1 terminate flush(es), 0 completion(s), 0 continuation(s) 
[2026-04-03T03:37:10.731+0600][48.144s][info][gc,marking  ] GC(56) y: Mark Stack Usage: 32M
[2026-04-03T03:37:10.731+0600][48.144s][info][gc,nmethod  ] GC(56) y: NMethods: 6720 registered, 433 unregistered
[2026-04-03T03:37:10.731+0600][48.144s][info][gc,metaspace] GC(56) y: Metaspace: 71M used, 71M committed, 1088M reserved
[2026-04-03T03:37:10.731+0600][48.144s][info][gc,reloc    ] GC(56) y:                        Candidates     Selected     In-Place         Size        Empty    Relocated 
[2026-04-03T03:37:10.731+0600][48.145s][info][gc,reloc    ] GC(56) y: Small Pages:                  107           47            0         214M         110M           6M 
[2026-04-03T03:37:10.731+0600][48.145s][info][gc,reloc    ] GC(56) y: Medium Pages:                   1            0            0          32M           0M           0M 
[2026-04-03T03:37:10.731+0600][48.145s][info][gc,reloc    ] GC(56) y: Large Pages:                    4            0            0          36M          36M           0M 
[2026-04-03T03:37:10.731+0600][48.145s][info][gc,reloc    ] GC(56) y: Forwarding Usage: 8M
[2026-04-03T03:37:10.731+0600][48.145s][info][gc,reloc    ] GC(56) y: Age Table:
[2026-04-03T03:37:10.731+0600][48.145s][info][gc,reloc    ] GC(56) y:                    Live             Garbage             Small              Medium             Large        
[2026-04-03T03:37:10.731+0600][48.145s][info][gc,reloc    ] GC(56) y: Eden              15M (1%)          200M (10%)         89 / 43             1 / 0              1 / 0        
[2026-04-03T03:37:10.731+0600][48.145s][info][gc,reloc    ] GC(56) y: Survivor 1         0M (0%)           53M (3%)          12 / 1              0 / 0              3 / 0        
[2026-04-03T03:37:10.731+0600][48.145s][info][gc,reloc    ] GC(56) y: Survivor 2         0M (0%)            9M (0%)           5 / 2              0 / 0              0 / 0        
[2026-04-03T03:37:10.731+0600][48.145s][info][gc,reloc    ] GC(56) y: Survivor 3         0M (0%)            1M (0%)           1 / 1              0 / 0              0 / 0        
[2026-04-03T03:37:10.731+0600][48.145s][info][gc,heap     ] GC(56) y: Min Capacity: 8M(0%)
[2026-04-03T03:37:10.731+0600][48.145s][info][gc,heap     ] GC(56) y: Max Capacity: 2000M(100%)
[2026-04-03T03:37:10.731+0600][48.145s][info][gc,heap     ] GC(56) y: Soft Max Capacity: 2000M(100%)
[2026-04-03T03:37:10.731+0600][48.145s][info][gc,heap     ] GC(56) y: Heap Statistics:
[2026-04-03T03:37:10.731+0600][48.145s][info][gc,heap     ] GC(56) y:                Mark Start          Mark End        Relocate Start      Relocate End           High               Low         
[2026-04-03T03:37:10.731+0600][48.145s][info][gc,heap     ] GC(56) y:  Capacity:     2000M (100%)       2000M (100%)       2000M (100%)       2000M (100%)       2000M (100%)       2000M (100%)   
[2026-04-03T03:37:10.731+0600][48.145s][info][gc,heap     ] GC(56) y:      Free:     1064M (53%)        1026M (51%)        1166M (58%)        1244M (62%)        1244M (62%)        1020M (51%)    
[2026-04-03T03:37:10.731+0600][48.145s][info][gc,heap     ] GC(56) y:      Used:      936M (47%)         974M (49%)         834M (42%)         756M (38%)         980M (49%)         756M (38%)    
[2026-04-03T03:37:10.731+0600][48.145s][info][gc,heap     ] GC(56) y: Young Generation Statistics:
[2026-04-03T03:37:10.731+0600][48.145s][info][gc,heap     ] GC(56) y:                Mark Start          Mark End        Relocate Start      Relocate End    
[2026-04-03T03:37:10.731+0600][48.145s][info][gc,heap     ] GC(56) y:      Used:      282M (14%)         320M (16%)         180M (9%)           96M (5%)     
[2026-04-03T03:37:10.731+0600][48.145s][info][gc,heap     ] GC(56) y:      Live:         -                15M (1%)           15M (1%)           15M (1%)     
[2026-04-03T03:37:10.731+0600][48.145s][info][gc,heap     ] GC(56) y:   Garbage:         -               266M (13%)         120M (6%)           24M (1%)     
[2026-04-03T03:37:10.731+0600][48.145s][info][gc,heap     ] GC(56) y: Allocated:         -                38M (2%)           44M (2%)           55M (3%)     
[2026-04-03T03:37:10.732+0600][48.145s][info][gc,heap     ] GC(56) y: Reclaimed:         -                  -               146M (7%)          241M (12%)    
[2026-04-03T03:37:10.732+0600][48.145s][info][gc,heap     ] GC(56) y:  Promoted:         -                  -                 0M (0%)            0M (0%)     
[2026-04-03T03:37:10.732+0600][48.145s][info][gc,heap     ] GC(56) y: Compacted:         -                  -                  -                 8M (0%)     
[2026-04-03T03:37:10.732+0600][48.145s][info][gc,phases   ] GC(56) y: Young Generation 936M(47%)->756M(38%) 0.099s
[2026-04-03T03:37:10.732+0600][48.145s][info][gc          ] GC(56) Minor Collection (Allocation Rate) 936M(47%)->756M(38%) 0.099s
[2026-04-03T03:37:10.742+0600][48.155s][info][gc,phases   ] GC(51) O: Concurrent Process Non-Strong 32.187ms
[2026-04-03T03:37:10.742+0600][48.155s][info][gc,phases   ] GC(51) O: Concurrent Reset Relocation Set 0.021ms
[2026-04-03T03:37:10.758+0600][48.171s][info][gc,phases   ] GC(51) O: Concurrent Select Relocation Set 16.335ms
[2026-04-03T03:37:10.758+0600][48.172s][info][gc,task     ] GC(51) O: Using 3 Workers for Old Generation
[2026-04-03T03:37:10.786+0600][48.200s][info][gc,task     ] GC(51) O: Using 1 Workers for Old Generation
[2026-04-03T03:37:10.787+0600][48.200s][info][gc,phases   ] GC(51) O: Concurrent Remap Roots 28.302ms
[2026-04-03T03:37:10.787+0600][48.200s][info][gc,phases   ] GC(51) O: Pause Relocate Start 0.055ms
[2026-04-03T03:37:10.965+0600][48.378s][info][gc,phases   ] GC(51) O: Concurrent Relocate 177.686ms
[2026-04-03T03:37:10.965+0600][48.378s][info][gc,alloc    ] GC(51) O:                         Mark Start        Mark End      Relocate Start    Relocate End   
[2026-04-03T03:37:10.965+0600][48.378s][info][gc,alloc    ] GC(51) O: Allocation Stalls:          0                0                0                0         
[2026-04-03T03:37:10.965+0600][48.378s][info][gc,load     ] GC(51) O: Load: 4.64 (39%) / 4.39 (37%) / 4.72 (39%)
[2026-04-03T03:37:10.965+0600][48.378s][info][gc,mmu      ] GC(51) O: MMU: 2ms/91.9%, 5ms/95.9%, 10ms/97.9%, 20ms/99.0%, 50ms/99.6%, 100ms/99.6%
[2026-04-03T03:37:10.965+0600][48.378s][info][gc,marking  ] GC(51) O: Mark: 1 stripe(s), 2 proactive flush(es), 1 terminate flush(es), 0 completion(s), 0 continuation(s) 
[2026-04-03T03:37:10.965+0600][48.378s][info][gc,marking  ] GC(51) O: Mark Stack Usage: 32M
[2026-04-03T03:37:10.965+0600][48.378s][info][gc,nmethod  ] GC(51) O: NMethods: 6721 registered, 433 unregistered
[2026-04-03T03:37:10.965+0600][48.378s][info][gc,metaspace] GC(51) O: Metaspace: 71M used, 71M committed, 1088M reserved
[2026-04-03T03:37:10.965+0600][48.378s][info][gc,ref      ] GC(51) O:                       Encountered   Discovered     Enqueued 
[2026-04-03T03:37:10.965+0600][48.378s][info][gc,ref      ] GC(51) O: Soft References:             5102            0            0 
[2026-04-03T03:37:10.965+0600][48.378s][info][gc,ref      ] GC(51) O: Weak References:             7543         4863            2 
[2026-04-03T03:37:10.965+0600][48.378s][info][gc,ref      ] GC(51) O: Final References:              84           50            0 
[2026-04-03T03:37:10.965+0600][48.378s][info][gc,ref      ] GC(51) O: Phantom References:           607          392            0 
[2026-04-03T03:37:10.965+0600][48.378s][info][gc,reloc    ] GC(51) O:                        Candidates     Selected     In-Place         Size        Empty    Relocated 
[2026-04-03T03:37:10.965+0600][48.378s][info][gc,reloc    ] GC(51) O: Small Pages:                  186           31            0         372M         110M          10M 
[2026-04-03T03:37:10.965+0600][48.378s][info][gc,reloc    ] GC(51) O: Medium Pages:                   2            0            0          64M          32M           0M 
[2026-04-03T03:37:10.965+0600][48.379s][info][gc,reloc    ] GC(51) O: Large Pages:                    6            0            0          60M          60M           0M 
[2026-04-03T03:37:10.965+0600][48.379s][info][gc,reloc    ] GC(51) O: Forwarding Usage: 32M
[2026-04-03T03:37:10.965+0600][48.379s][info][gc,heap     ] GC(51) O: Min Capacity: 8M(0%)
[2026-04-03T03:37:10.965+0600][48.379s][info][gc,heap     ] GC(51) O: Max Capacity: 2000M(100%)
[2026-04-03T03:37:10.965+0600][48.379s][info][gc,heap     ] GC(51) O: Soft Max Capacity: 2000M(100%)
[2026-04-03T03:37:10.965+0600][48.379s][info][gc,heap     ] GC(51) O: Heap Statistics:
[2026-04-03T03:37:10.965+0600][48.379s][info][gc,heap     ] GC(51) O:                Mark Start          Mark End        Relocate Start      Relocate End           High               Low         
[2026-04-03T03:37:10.965+0600][48.379s][info][gc,heap     ] GC(51) O:  Capacity:     2000M (100%)       2000M (100%)       2000M (100%)       2000M (100%)       2000M (100%)       2000M (100%)   
[2026-04-03T03:37:10.965+0600][48.379s][info][gc,heap     ] GC(51) O:      Free:     1274M (64%)        1220M (61%)        1430M (72%)        1404M (70%)        1476M (74%)         926M (46%)    
[2026-04-03T03:37:10.965+0600][48.379s][info][gc,heap     ] GC(51) O:      Used:      726M (36%)         780M (39%)         570M (28%)         596M (30%)        1074M (54%)         524M (26%)    
[2026-04-03T03:37:10.965+0600][48.379s][info][gc,heap     ] GC(51) O: Old Generation Statistics:
[2026-04-03T03:37:10.965+0600][48.379s][info][gc,heap     ] GC(51) O:                Mark Start          Mark End        Relocate Start      Relocate End    
[2026-04-03T03:37:10.965+0600][48.379s][info][gc,heap     ] GC(51) O:      Used:      496M (25%)         660M (33%)         458M (23%)         394M (20%)    
[2026-04-03T03:37:10.965+0600][48.379s][info][gc,heap     ] GC(51) O:      Live:         -               201M (10%)         201M (10%)         201M (10%)    
[2026-04-03T03:37:10.965+0600][48.379s][info][gc,heap     ] GC(51) O:   Garbage:         -               294M (15%)          92M (5%)           25M (1%)     
[2026-04-03T03:37:10.965+0600][48.379s][info][gc,heap     ] GC(51) O: Allocated:         -               164M (8%)          164M (8%)          167M (8%)     
[2026-04-03T03:37:10.965+0600][48.379s][info][gc,heap     ] GC(51) O: Reclaimed:         -                  -               202M (10%)         269M (13%)    
[2026-04-03T03:37:10.965+0600][48.379s][info][gc,heap     ] GC(51) O: Compacted:         -                  -                  -                34M (2%)     
[2026-04-03T03:37:10.965+0600][48.379s][info][gc,phases   ] GC(51) O: Old Generation 870M(44%)->596M(30%) 1.448s
[2026-04-03T03:37:10.965+0600][48.379s][info][gc          ] GC(51) Major Collection (Allocation Rate) 726M(36%)->596M(30%) 2.093s
[2026-04-03T03:37:11.577+0600][48.990s][info][gc          ] GC(57) Major Collection (Allocation Rate)
[2026-04-03T03:37:11.577+0600][48.990s][info][gc,task     ] GC(57) Using 2 Workers for Young Generation
[2026-04-03T03:37:11.577+0600][48.990s][info][gc,task     ] GC(57) Using 1 Workers for Old Generation
[2026-04-03T03:37:11.577+0600][48.990s][info][gc,phases   ] GC(57) Y: Young Generation
[2026-04-03T03:37:11.577+0600][48.991s][info][gc,phases   ] GC(57) Y: Pause Mark Start (Major) 0.022ms
[2026-04-03T03:37:11.738+0600][49.151s][info][gc,phases   ] GC(57) Y: Concurrent Mark 160.113ms
[2026-04-03T03:37:11.738+0600][49.151s][info][gc,phases   ] GC(57) Y: Pause Mark End 0.085ms
[2026-04-03T03:37:11.741+0600][49.154s][info][gc,phases   ] GC(57) Y: Concurrent Mark Free 0.004ms
[2026-04-03T03:37:11.741+0600][49.154s][info][gc,phases   ] GC(57) Y: Concurrent Reset Relocation Set 0.015ms
[2026-04-03T03:37:11.747+0600][49.160s][info][gc,reloc    ] GC(57) Y: Using tenuring threshold: 2 (Computed)
[2026-04-03T03:37:11.772+0600][49.185s][info][gc,phases   ] GC(57) Y: Concurrent Select Relocation Set 31.064ms
[2026-04-03T03:37:11.772+0600][49.186s][info][gc,phases   ] GC(57) Y: Pause Relocate Start 0.033ms
[2026-04-03T03:37:11.912+0600][49.326s][info][gc,phases   ] GC(57) Y: Concurrent Relocate 139.615ms
[2026-04-03T03:37:11.912+0600][49.326s][info][gc,alloc    ] GC(57) Y:                         Mark Start        Mark End      Relocate Start    Relocate End   
[2026-04-03T03:37:11.912+0600][49.326s][info][gc,alloc    ] GC(57) Y: Allocation Stalls:          0                0                0                0         
[2026-04-03T03:37:11.912+0600][49.326s][info][gc,load     ] GC(57) Y: Load: 4.64 (39%) / 4.39 (37%) / 4.72 (39%)
[2026-04-03T03:37:11.912+0600][49.326s][info][gc,mmu      ] GC(57) Y: MMU: 2ms/91.9%, 5ms/95.9%, 10ms/97.9%, 20ms/99.0%, 50ms/99.6%, 100ms/99.6%
[2026-04-03T03:37:11.912+0600][49.326s][info][gc,marking  ] GC(57) Y: Mark: 2 stripe(s), 3 proactive flush(es), 1 terminate flush(es), 0 completion(s), 0 continuation(s) 
[2026-04-03T03:37:11.912+0600][49.326s][info][gc,marking  ] GC(57) Y: Mark Stack Usage: 32M
[2026-04-03T03:37:11.912+0600][49.326s][info][gc,nmethod  ] GC(57) Y: NMethods: 6774 registered, 433 unregistered
[2026-04-03T03:37:11.912+0600][49.326s][info][gc,metaspace] GC(57) Y: Metaspace: 71M used, 72M committed, 1088M reserved
[2026-04-03T03:37:11.912+0600][49.326s][info][gc,reloc    ] GC(57) Y:                        Candidates     Selected     In-Place         Size        Empty    Relocated 
[2026-04-03T03:37:11.912+0600][49.326s][info][gc,reloc    ] GC(57) Y: Small Pages:                  384          226            0         768M         260M          41M 
[2026-04-03T03:37:11.912+0600][49.326s][info][gc,reloc    ] GC(57) Y: Medium Pages:                   2            0            0          64M          32M           0M 
[2026-04-03T03:37:11.912+0600][49.326s][info][gc,reloc    ] GC(57) Y: Large Pages:                    8            0            0          60M          54M           0M 
[2026-04-03T03:37:11.912+0600][49.326s][info][gc,reloc    ] GC(57) Y: Forwarding Usage: 46M
[2026-04-03T03:37:11.912+0600][49.326s][info][gc,reloc    ] GC(57) Y: Age Table:
[2026-04-03T03:37:11.912+0600][49.326s][info][gc,reloc    ] GC(57) Y:                    Live             Garbage             Small              Medium             Large        
[2026-04-03T03:37:11.912+0600][49.326s][info][gc,reloc    ] GC(57) Y: Eden              59M (3%)          784M (39%)        376 / 224            1 / 0              8 / 0        
[2026-04-03T03:37:11.913+0600][49.326s][info][gc,reloc    ] GC(57) Y: Survivor 1         0M (0%)           47M (2%)           8 / 2              1 / 0              0 / 0        
[2026-04-03T03:37:11.913+0600][49.326s][info][gc,heap     ] GC(57) Y: Min Capacity: 8M(0%)
[2026-04-03T03:37:11.913+0600][49.326s][info][gc,heap     ] GC(57) Y: Max Capacity: 2000M(100%)
[2026-04-03T03:37:11.913+0600][49.326s][info][gc,heap     ] GC(57) Y: Soft Max Capacity: 2000M(100%)
[2026-04-03T03:37:11.913+0600][49.326s][info][gc,heap     ] GC(57) Y: Heap Statistics:
[2026-04-03T03:37:11.913+0600][49.326s][info][gc,heap     ] GC(57) Y:                Mark Start          Mark End        Relocate Start      Relocate End           High               Low         
[2026-04-03T03:37:11.913+0600][49.326s][info][gc,heap     ] GC(57) Y:  Capacity:     2000M (100%)       2000M (100%)       2000M (100%)       2000M (100%)       2000M (100%)       2000M (100%)   
[2026-04-03T03:37:11.913+0600][49.326s][info][gc,heap     ] GC(57) Y:      Free:      714M (36%)         454M (23%)         800M (40%)        1252M (63%)        1252M (63%)         454M (23%)    
[2026-04-03T03:37:11.913+0600][49.326s][info][gc,heap     ] GC(57) Y:      Used:     1286M (64%)        1546M (77%)        1200M (60%)         748M (37%)        1546M (77%)         748M (37%)    
[2026-04-03T03:37:11.913+0600][49.326s][info][gc,heap     ] GC(57) Y: Young Generation Statistics:
[2026-04-03T03:37:11.913+0600][49.326s][info][gc,heap     ] GC(57) Y:                Mark Start          Mark End        Relocate Start      Relocate End    
[2026-04-03T03:37:11.913+0600][49.326s][info][gc,heap     ] GC(57) Y:      Used:      892M (45%)        1152M (58%)         806M (40%)         354M (18%)    
[2026-04-03T03:37:11.913+0600][49.326s][info][gc,heap     ] GC(57) Y:      Live:         -                59M (3%)           59M (3%)           59M (3%)     
[2026-04-03T03:37:11.913+0600][49.326s][info][gc,heap     ] GC(57) Y:   Garbage:         -               832M (42%)         486M (24%)          25M (1%)     
[2026-04-03T03:37:11.913+0600][49.326s][info][gc,heap     ] GC(57) Y: Allocated:         -               260M (13%)         260M (13%)         268M (13%)    
[2026-04-03T03:37:11.913+0600][49.326s][info][gc,heap     ] GC(57) Y: Reclaimed:         -                  -               346M (17%)         806M (40%)    
[2026-04-03T03:37:11.913+0600][49.326s][info][gc,heap     ] GC(57) Y:  Promoted:         -                  -                 0M (0%)            0M (0%)     
[2026-04-03T03:37:11.913+0600][49.326s][info][gc,heap     ] GC(57) Y: Compacted:         -                  -                  -                47M (2%)     
[2026-04-03T03:37:11.913+0600][49.326s][info][gc,phases   ] GC(57) Y: Young Generation 1286M(64%)->748M(37%) 0.335s
[2026-04-03T03:37:11.913+0600][49.326s][info][gc,phases   ] GC(57) O: Old Generation
[2026-04-03T03:37:12.461+0600][49.874s][info][gc          ] GC(58) Minor Collection (Allocation Rate)
[2026-04-03T03:37:12.461+0600][49.874s][info][gc,task     ] GC(58) Using 2 Workers for Young Generation
[2026-04-03T03:37:12.461+0600][49.874s][info][gc,phases   ] GC(58) y: Young Generation
[2026-04-03T03:37:12.461+0600][49.875s][info][gc,phases   ] GC(58) y: Pause Mark Start 0.048ms
[2026-04-03T03:37:12.844+0600][50.258s][info][gc,phases   ] GC(57) O: Concurrent Mark 931.616ms
[2026-04-03T03:37:12.845+0600][50.259s][info][gc,phases   ] GC(57) O: Pause Mark End 0.042ms
[2026-04-03T03:37:12.845+0600][50.259s][info][gc,phases   ] GC(57) O: Concurrent Mark Free 0.004ms
[2026-04-03T03:37:12.859+0600][50.273s][info][gc,phases   ] GC(58) y: Concurrent Mark 397.697ms
[2026-04-03T03:37:12.878+0600][50.291s][info][gc,phases   ] GC(58) y: Pause Mark End 0.027ms
[2026-04-03T03:37:12.878+0600][50.292s][info][gc,phases   ] GC(58) y: Concurrent Mark Free 0.003ms
[2026-04-03T03:37:12.878+0600][50.292s][info][gc,phases   ] GC(58) y: Concurrent Reset Relocation Set 0.032ms
[2026-04-03T03:37:12.879+0600][50.292s][info][gc,phases   ] GC(57) O: Concurrent Process Non-Strong 33.298ms
[2026-04-03T03:37:12.879+0600][50.292s][info][gc,phases   ] GC(57) O: Concurrent Reset Relocation Set 0.012ms
[2026-04-03T03:37:12.880+0600][50.294s][info][gc,reloc    ] GC(58) y: Using tenuring threshold: 3 (Computed)
[2026-04-03T03:37:12.886+0600][50.300s][info][gc,phases   ] GC(58) y: Concurrent Select Relocation Set 8.067ms
[2026-04-03T03:37:12.888+0600][50.302s][info][gc,phases   ] GC(58) y: Pause Relocate Start 0.025ms
[2026-04-03T03:37:12.890+0600][50.303s][info][gc,phases   ] GC(57) O: Concurrent Select Relocation Set 11.353ms
[2026-04-03T03:37:12.981+0600][50.394s][info][gc,phases   ] GC(58) y: Concurrent Relocate 92.192ms
[2026-04-03T03:37:12.981+0600][50.394s][info][gc,alloc    ] GC(58) y:                         Mark Start        Mark End      Relocate Start    Relocate End   
[2026-04-03T03:37:12.981+0600][50.394s][info][gc,alloc    ] GC(58) y: Allocation Stalls:          0                0                0                0         
[2026-04-03T03:37:12.981+0600][50.394s][info][gc,load     ] GC(58) y: Load: 4.64 (39%) / 4.39 (37%) / 4.72 (39%)
[2026-04-03T03:37:12.981+0600][50.394s][info][gc,mmu      ] GC(58) y: MMU: 2ms/91.9%, 5ms/95.9%, 10ms/97.9%, 20ms/99.0%, 50ms/99.6%, 100ms/99.6%
[2026-04-03T03:37:12.981+0600][50.394s][info][gc,marking  ] GC(58) y: Mark: 2 stripe(s), 10 proactive flush(es), 1 terminate flush(es), 0 completion(s), 0 continuation(s) 
[2026-04-03T03:37:12.981+0600][50.394s][info][gc,marking  ] GC(58) y: Mark Stack Usage: 32M
[2026-04-03T03:37:12.981+0600][50.394s][info][gc,nmethod  ] GC(58) y: NMethods: 6878 registered, 475 unregistered
[2026-04-03T03:37:12.981+0600][50.394s][info][gc,metaspace] GC(58) y: Metaspace: 71M used, 72M committed, 1088M reserved
[2026-04-03T03:37:12.981+0600][50.394s][info][gc,reloc    ] GC(58) y:                        Candidates     Selected     In-Place         Size        Empty    Relocated 
[2026-04-03T03:37:12.981+0600][50.394s][info][gc,reloc    ] GC(58) y: Small Pages:                  166          122            0         332M          36M          20M 
[2026-04-03T03:37:12.981+0600][50.394s][info][gc,reloc    ] GC(58) y: Medium Pages:                   4            1            0         128M          32M          11M 
[2026-04-03T03:37:12.981+0600][50.394s][info][gc,reloc    ] GC(58) y: Large Pages:                    6            0            0          36M          18M           0M 
[2026-04-03T03:37:12.981+0600][50.394s][info][gc,reloc    ] GC(58) y: Forwarding Usage: 26M
[2026-04-03T03:37:12.981+0600][50.394s][info][gc,reloc    ] GC(58) y: Age Table:
[2026-04-03T03:37:12.981+0600][50.394s][info][gc,reloc    ] GC(58) y:                    Live             Garbage             Small              Medium             Large        
[2026-04-03T03:37:12.981+0600][50.394s][info][gc,reloc    ] GC(58) y: Eden              63M (3%)          338M (17%)        138 / 111            3 / 1              5 / 0        
[2026-04-03T03:37:12.981+0600][50.394s][info][gc,reloc    ] GC(58) y: Survivor 1        26M (1%)           63M (3%)          26 / 9              1 / 0              1 / 0        
[2026-04-03T03:37:12.981+0600][50.394s][info][gc,reloc    ] GC(58) y: Survivor 2         0M (0%)            3M (0%)           2 / 2              0 / 0              0 / 0        
[2026-04-03T03:37:12.981+0600][50.394s][info][gc,heap     ] GC(58) y: Min Capacity: 8M(0%)
[2026-04-03T03:37:12.981+0600][50.394s][info][gc,heap     ] GC(58) y: Max Capacity: 2000M(100%)
[2026-04-03T03:37:12.981+0600][50.394s][info][gc,heap     ] GC(58) y: Soft Max Capacity: 2000M(100%)
[2026-04-03T03:37:12.981+0600][50.394s][info][gc,heap     ] GC(58) y: Heap Statistics:
[2026-04-03T03:37:12.981+0600][50.394s][info][gc,heap     ] GC(58) y:                Mark Start          Mark End        Relocate Start      Relocate End           High               Low         
[2026-04-03T03:37:12.981+0600][50.394s][info][gc,heap     ] GC(58) y:  Capacity:     2000M (100%)       2000M (100%)       2000M (100%)       2000M (100%)       2000M (100%)       2000M (100%)   
[2026-04-03T03:37:12.981+0600][50.395s][info][gc,heap     ] GC(58) y:      Free:     1110M (56%)         884M (44%)        1124M (56%)        1266M (63%)        1312M (66%)         882M (44%)    
[2026-04-03T03:37:12.981+0600][50.395s][info][gc,heap     ] GC(58) y:      Used:      890M (44%)        1116M (56%)         876M (44%)         734M (37%)        1118M (56%)         688M (34%)    
[2026-04-03T03:37:12.981+0600][50.395s][info][gc,heap     ] GC(58) y: Young Generation Statistics:
[2026-04-03T03:37:12.981+0600][50.395s][info][gc,heap     ] GC(58) y:                Mark Start          Mark End        Relocate Start      Relocate End    
[2026-04-03T03:37:12.981+0600][50.395s][info][gc,heap     ] GC(58) y:      Used:      496M (25%)         722M (36%)         652M (33%)         510M (26%)    
[2026-04-03T03:37:12.981+0600][50.395s][info][gc,heap     ] GC(58) y:      Live:         -                90M (5%)           90M (5%)           90M (5%)     
[2026-04-03T03:37:12.981+0600][50.395s][info][gc,heap     ] GC(58) y:   Garbage:         -               405M (20%)         319M (16%)          21M (1%)     
[2026-04-03T03:37:12.981+0600][50.395s][info][gc,heap     ] GC(58) y: Allocated:         -               226M (11%)         242M (12%)         397M (20%)    
[2026-04-03T03:37:12.981+0600][50.395s][info][gc,heap     ] GC(58) y: Reclaimed:         -                  -                86M (4%)          383M (19%)    
[2026-04-03T03:37:12.981+0600][50.395s][info][gc,heap     ] GC(58) y:  Promoted:         -                  -                 0M (0%)            0M (0%)     
[2026-04-03T03:37:12.981+0600][50.395s][info][gc,heap     ] GC(58) y: Compacted:         -                  -                  -                50M (3%)     
[2026-04-03T03:37:12.981+0600][50.395s][info][gc,phases   ] GC(58) y: Young Generation 890M(44%)->734M(37%) 0.520s
[2026-04-03T03:37:12.981+0600][50.395s][info][gc          ] GC(58) Minor Collection (Allocation Rate) 890M(44%)->734M(37%) 0.520s
[2026-04-03T03:37:12.981+0600][50.395s][info][gc,task     ] GC(57) O: Using 3 Workers for Old Generation
[2026-04-03T03:37:12.981+0600][50.395s][info][gc,task     ] Adjusting Workers for Old Generation: 3 -> 1
[2026-04-03T03:37:13.006+0600][50.419s][info][gc,task     ] GC(57) O: Using 1 Workers for Old Generation
[2026-04-03T03:37:13.006+0600][50.420s][info][gc,phases   ] GC(57) O: Concurrent Remap Roots 24.826ms
[2026-04-03T03:37:13.006+0600][50.420s][info][gc,phases   ] GC(57) O: Pause Relocate Start 0.025ms
[2026-04-03T03:37:13.007+0600][50.420s][info][gc          ] GC(59) Minor Collection (Allocation Rate)
[2026-04-03T03:37:13.007+0600][50.420s][info][gc,task     ] GC(59) Using 2 Workers for Young Generation
[2026-04-03T03:37:13.007+0600][50.420s][info][gc,phases   ] GC(59) y: Young Generation
[2026-04-03T03:37:13.007+0600][50.420s][info][gc,phases   ] GC(59) y: Pause Mark Start 0.014ms
[2026-04-03T03:37:13.033+0600][50.446s][info][gc,phases   ] GC(57) O: Concurrent Relocate 26.164ms
[2026-04-03T03:37:13.113+0600][50.526s][info][gc,phases   ] GC(59) y: Concurrent Mark 105.597ms
[2026-04-03T03:37:13.113+0600][50.526s][info][gc,phases   ] GC(59) y: Pause Mark End 0.025ms
[2026-04-03T03:37:13.113+0600][50.527s][info][gc,phases   ] GC(59) y: Concurrent Mark Free 0.002ms
[2026-04-03T03:37:13.113+0600][50.527s][info][gc,phases   ] GC(59) y: Concurrent Reset Relocation Set 0.021ms
[2026-04-03T03:37:13.117+0600][50.530s][info][gc,reloc    ] GC(59) y: Using tenuring threshold: 1 (Computed)
[2026-04-03T03:37:13.120+0600][50.533s][info][gc,phases   ] GC(59) y: Concurrent Select Relocation Set 6.833ms
[2026-04-03T03:37:13.120+0600][50.534s][info][gc,phases   ] GC(59) y: Pause Relocate Start 0.024ms
[2026-04-03T03:37:13.196+0600][50.610s][info][gc,phases   ] GC(59) y: Concurrent Relocate 76.000ms
[2026-04-03T03:37:13.197+0600][50.610s][info][gc,alloc    ] GC(59) y:                         Mark Start        Mark End      Relocate Start    Relocate End   
[2026-04-03T03:37:13.197+0600][50.610s][info][gc,alloc    ] GC(59) y: Allocation Stalls:          0                0                0                0         
[2026-04-03T03:37:13.197+0600][50.610s][info][gc,load     ] GC(59) y: Load: 4.64 (39%) / 4.39 (37%) / 4.72 (39%)
[2026-04-03T03:37:13.197+0600][50.610s][info][gc,mmu      ] GC(59) y: MMU: 2ms/91.9%, 5ms/95.9%, 10ms/97.9%, 20ms/99.0%, 50ms/99.6%, 100ms/99.6%
[2026-04-03T03:37:13.197+0600][50.610s][info][gc,marking  ] GC(59) y: Mark: 2 stripe(s), 2 proactive flush(es), 1 terminate flush(es), 0 completion(s), 0 continuation(s) 
[2026-04-03T03:37:13.197+0600][50.610s][info][gc,marking  ] GC(59) y: Mark Stack Usage: 32M
[2026-04-03T03:37:13.197+0600][50.610s][info][gc,nmethod  ] GC(59) y: NMethods: 6897 registered, 475 unregistered
[2026-04-03T03:37:13.197+0600][50.610s][info][gc,metaspace] GC(59) y: Metaspace: 71M used, 72M committed, 1088M reserved
[2026-04-03T03:37:13.197+0600][50.610s][info][gc,reloc    ] GC(59) y:                        Candidates     Selected     In-Place         Size        Empty    Relocated 
[2026-04-03T03:37:13.197+0600][50.610s][info][gc,reloc    ] GC(59) y: Small Pages:                  160          121            0         320M          44M          24M 
[2026-04-03T03:37:13.197+0600][50.610s][info][gc,reloc    ] GC(59) y: Medium Pages:                   5            1            0         160M          64M          18M 
[2026-04-03T03:37:13.197+0600][50.610s][info][gc,reloc    ] GC(59) y: Large Pages:                   13            0            0          82M          38M           0M 
[2026-04-03T03:37:13.197+0600][50.610s][info][gc,reloc    ] GC(59) y: Forwarding Usage: 29M
[2026-04-03T03:37:13.197+0600][50.610s][info][gc,reloc    ] GC(59) y: Age Table:
[2026-04-03T03:37:13.197+0600][50.610s][info][gc,reloc    ] GC(59) y:                    Live             Garbage             Small              Medium             Large        
[2026-04-03T03:37:13.197+0600][50.610s][info][gc,reloc    ] GC(59) y: Eden             124M (6%)          295M (15%)        130 / 112            3 / 1             10 / 0        
[2026-04-03T03:37:13.197+0600][50.610s][info][gc,reloc    ] GC(59) y: Survivor 1         0M (0%)           97M (5%)           8 / 1              2 / 0              3 / 0        
[2026-04-03T03:37:13.197+0600][50.610s][info][gc,reloc    ] GC(59) y: Survivor 2         0M (0%)           39M (2%)          20 / 6              0 / 0              0 / 0        
[2026-04-03T03:37:13.197+0600][50.610s][info][gc,reloc    ] GC(59) y: Survivor 3         0M (0%)            3M (0%)           2 / 2              0 / 0              0 / 0        
[2026-04-03T03:37:13.197+0600][50.610s][info][gc,heap     ] GC(59) y: Min Capacity: 8M(0%)
[2026-04-03T03:37:13.197+0600][50.610s][info][gc,heap     ] GC(59) y: Max Capacity: 2000M(100%)
[2026-04-03T03:37:13.197+0600][50.610s][info][gc,heap     ] GC(59) y: Soft Max Capacity: 2000M(100%)
[2026-04-03T03:37:13.197+0600][50.610s][info][gc,heap     ] GC(59) y: Heap Statistics:
[2026-04-03T03:37:13.197+0600][50.610s][info][gc,heap     ] GC(59) y:                Mark Start          Mark End        Relocate Start      Relocate End           High               Low         
[2026-04-03T03:37:13.197+0600][50.610s][info][gc,heap     ] GC(59) y:  Capacity:     2000M (100%)       2000M (100%)       2000M (100%)       2000M (100%)       2000M (100%)       2000M (100%)   
[2026-04-03T03:37:13.197+0600][50.610s][info][gc,heap     ] GC(59) y:      Free:     1212M (61%)        1088M (54%)        1222M (61%)        1438M (72%)        1438M (72%)        1082M (54%)    
[2026-04-03T03:37:13.197+0600][50.610s][info][gc,heap     ] GC(59) y:      Used:      788M (39%)         912M (46%)         778M (39%)         562M (28%)         918M (46%)         562M (28%)    
[2026-04-03T03:37:13.197+0600][50.610s][info][gc,heap     ] GC(59) y: Young Generation Statistics:
[2026-04-03T03:37:13.197+0600][50.610s][info][gc,heap     ] GC(59) y:                Mark Start          Mark End        Relocate Start      Relocate End    
[2026-04-03T03:37:13.197+0600][50.610s][info][gc,heap     ] GC(59) y:      Used:      562M (28%)         704M (35%)         570M (28%)         352M (18%)    
[2026-04-03T03:37:13.197+0600][50.610s][info][gc,heap     ] GC(59) y:      Live:         -               124M (6%)          124M (6%)          124M (6%)     
[2026-04-03T03:37:13.197+0600][50.610s][info][gc,heap     ] GC(59) y:   Garbage:         -               437M (22%)         291M (15%)           0M (0%)     
[2026-04-03T03:37:13.197+0600][50.610s][info][gc,heap     ] GC(59) y: Allocated:         -               142M (7%)          154M (8%)          227M (11%)    
[2026-04-03T03:37:13.197+0600][50.610s][info][gc,heap     ] GC(59) y: Reclaimed:         -                  -               146M (7%)          437M (22%)    
[2026-04-03T03:37:13.197+0600][50.610s][info][gc,heap     ] GC(59) y:  Promoted:         -                  -                 0M (0%)            0M (0%)     
[2026-04-03T03:37:13.197+0600][50.610s][info][gc,heap     ] GC(59) y: Compacted:         -                  -                  -                80M (4%)     
[2026-04-03T03:37:13.197+0600][50.610s][info][gc,phases   ] GC(59) y: Young Generation 788M(39%)->562M(28%) 0.190s
[2026-04-03T03:37:13.197+0600][50.611s][info][gc          ] GC(59) Minor Collection (Allocation Rate) 788M(39%)->562M(28%) 0.190s
[2026-04-03T03:37:13.197+0600][50.611s][info][gc,alloc    ] GC(57) O:                         Mark Start        Mark End      Relocate Start    Relocate End   
[2026-04-03T03:37:13.197+0600][50.611s][info][gc,alloc    ] GC(57) O: Allocation Stalls:          0                0                0                0         
[2026-04-03T03:37:13.197+0600][50.611s][info][gc,load     ] GC(57) O: Load: 4.64 (39%) / 4.39 (37%) / 4.72 (39%)
[2026-04-03T03:37:13.198+0600][50.611s][info][gc,mmu      ] GC(57) O: MMU: 2ms/91.9%, 5ms/95.9%, 10ms/97.9%, 20ms/99.0%, 50ms/99.6%, 100ms/99.6%
[2026-04-03T03:37:13.198+0600][50.611s][info][gc,marking  ] GC(57) O: Mark: 1 stripe(s), 2 proactive flush(es), 1 terminate flush(es), 0 completion(s), 0 continuation(s) 
[2026-04-03T03:37:13.198+0600][50.611s][info][gc,marking  ] GC(57) O: Mark Stack Usage: 32M
[2026-04-03T03:37:13.198+0600][50.611s][info][gc,nmethod  ] GC(57) O: NMethods: 6897 registered, 475 unregistered
[2026-04-03T03:37:13.198+0600][50.611s][info][gc,metaspace] GC(57) O: Metaspace: 71M used, 72M committed, 1088M reserved
[2026-04-03T03:37:13.198+0600][50.611s][info][gc,ref      ] GC(57) O:                       Encountered   Discovered     Enqueued 
[2026-04-03T03:37:13.198+0600][50.611s][info][gc,ref      ] GC(57) O: Soft References:             5083            0            0 
[2026-04-03T03:37:13.198+0600][50.611s][info][gc,ref      ] GC(57) O: Weak References:             7253         5724          360 
[2026-04-03T03:37:13.198+0600][50.611s][info][gc,ref      ] GC(57) O: Final References:              84            0            0 
[2026-04-03T03:37:13.198+0600][50.611s][info][gc,ref      ] GC(57) O: Phantom References:           600          572            0 
[2026-04-03T03:37:13.198+0600][50.611s][info][gc,reloc    ] GC(57) O:                        Candidates     Selected     In-Place         Size        Empty    Relocated 
[2026-04-03T03:37:13.198+0600][50.611s][info][gc,reloc    ] GC(57) O: Small Pages:                  138           13            0         276M          84M           3M 
[2026-04-03T03:37:13.198+0600][50.611s][info][gc,reloc    ] GC(57) O: Medium Pages:                   2            0            0          64M          32M           0M 
[2026-04-03T03:37:13.198+0600][50.611s][info][gc,reloc    ] GC(57) O: Large Pages:                    3            0            0          54M          54M           0M 
[2026-04-03T03:37:13.198+0600][50.611s][info][gc,reloc    ] GC(57) O: Forwarding Usage: 3M
[2026-04-03T03:37:13.198+0600][50.611s][info][gc,heap     ] GC(57) O: Min Capacity: 8M(0%)
[2026-04-03T03:37:13.198+0600][50.611s][info][gc,heap     ] GC(57) O: Max Capacity: 2000M(100%)
[2026-04-03T03:37:13.198+0600][50.611s][info][gc,heap     ] GC(57) O: Soft Max Capacity: 2000M(100%)
[2026-04-03T03:37:13.198+0600][50.611s][info][gc,heap     ] GC(57) O: Heap Statistics:
[2026-04-03T03:37:13.198+0600][50.611s][info][gc,heap     ] GC(57) O:                Mark Start          Mark End        Relocate Start      Relocate End           High               Low         
[2026-04-03T03:37:13.198+0600][50.611s][info][gc,heap     ] GC(57) O:  Capacity:     2000M (100%)       2000M (100%)       2000M (100%)       2000M (100%)       2000M (100%)       2000M (100%)   
[2026-04-03T03:37:13.198+0600][50.611s][info][gc,heap     ] GC(57) O:      Free:      714M (36%)         950M (48%)        1214M (61%)        1172M (59%)        1312M (66%)         454M (23%)    
[2026-04-03T03:37:13.198+0600][50.611s][info][gc,heap     ] GC(57) O:      Used:     1286M (64%)        1050M (52%)         786M (39%)         828M (41%)        1546M (77%)         688M (34%)    
[2026-04-03T03:37:13.198+0600][50.611s][info][gc,heap     ] GC(57) O: Old Generation Statistics:
[2026-04-03T03:37:13.198+0600][50.611s][info][gc,heap     ] GC(57) O:                Mark Start          Mark End        Relocate Start      Relocate End    
[2026-04-03T03:37:13.198+0600][50.611s][info][gc,heap     ] GC(57) O:      Used:      394M (20%)         394M (20%)         224M (11%)         208M (10%)    
[2026-04-03T03:37:13.198+0600][50.611s][info][gc,heap     ] GC(57) O:      Live:         -               171M (9%)          171M (9%)          171M (9%)     
[2026-04-03T03:37:13.198+0600][50.611s][info][gc,heap     ] GC(57) O:   Garbage:         -               222M (11%)          52M (3%)           26M (1%)     
[2026-04-03T03:37:13.198+0600][50.611s][info][gc,heap     ] GC(57) O: Allocated:         -                 0M (0%)            0M (0%)           10M (1%)     
[2026-04-03T03:37:13.198+0600][50.611s][info][gc,heap     ] GC(57) O: Reclaimed:         -                  -               170M (8%)          196M (10%)    
[2026-04-03T03:37:13.198+0600][50.611s][info][gc,heap     ] GC(57) O: Compacted:         -                  -                  -                 5M (0%)     
[2026-04-03T03:37:13.198+0600][50.611s][info][gc,phases   ] GC(57) O: Old Generation 748M(37%)->828M(41%) 1.285s
[2026-04-03T03:37:13.198+0600][50.611s][info][gc          ] GC(57) Major Collection (Allocation Rate) 1286M(64%)->562M(28%) 1.621s
[2026-04-03T03:37:13.337+0600][50.751s][info][gc          ] GC(60) Minor Collection (Allocation Rate)
[2026-04-03T03:37:13.338+0600][50.751s][info][gc,task     ] GC(60) Using 3 Workers for Young Generation
[2026-04-03T03:37:13.338+0600][50.751s][info][gc,phases   ] GC(60) y: Young Generation
[2026-04-03T03:37:13.338+0600][50.751s][info][gc,phases   ] GC(60) y: Pause Mark Start 0.027ms
[2026-04-03T03:37:13.433+0600][50.846s][info][gc,phases   ] GC(60) y: Concurrent Mark 95.240ms
[2026-04-03T03:37:13.433+0600][50.847s][info][gc,phases   ] GC(60) y: Pause Mark End 0.022ms
[2026-04-03T03:37:13.433+0600][50.847s][info][gc,phases   ] GC(60) y: Concurrent Mark Free 0.001ms
[2026-04-03T03:37:13.434+0600][50.847s][info][gc,phases   ] GC(60) y: Concurrent Reset Relocation Set 0.026ms
[2026-04-03T03:37:13.438+0600][50.851s][info][gc,reloc    ] GC(60) y: Using tenuring threshold: 2 (Computed)
[2026-04-03T03:37:13.440+0600][50.853s][info][gc,phases   ] GC(60) y: Concurrent Select Relocation Set 6.546ms
[2026-04-03T03:37:13.440+0600][50.854s][info][gc,phases   ] GC(60) y: Pause Relocate Start 0.018ms
[2026-04-03T03:37:13.461+0600][50.874s][info][gc,phases   ] GC(60) y: Concurrent Relocate 20.454ms
[2026-04-03T03:37:13.461+0600][50.874s][info][gc,alloc    ] GC(60) y:                         Mark Start        Mark End      Relocate Start    Relocate End   
[2026-04-03T03:37:13.461+0600][50.874s][info][gc,alloc    ] GC(60) y: Allocation Stalls:          0                0                0                0         
[2026-04-03T03:37:13.461+0600][50.874s][info][gc,load     ] GC(60) y: Load: 4.64 (39%) / 4.39 (37%) / 4.72 (39%)
[2026-04-03T03:37:13.461+0600][50.874s][info][gc,mmu      ] GC(60) y: MMU: 2ms/91.9%, 5ms/95.9%, 10ms/97.9%, 20ms/99.0%, 50ms/99.6%, 100ms/99.6%
[2026-04-03T03:37:13.461+0600][50.874s][info][gc,marking  ] GC(60) y: Mark: 2 stripe(s), 10 proactive flush(es), 1 terminate flush(es), 0 completion(s), 0 continuation(s) 
[2026-04-03T03:37:13.461+0600][50.874s][info][gc,marking  ] GC(60) y: Mark Stack Usage: 32M
[2026-04-03T03:37:13.461+0600][50.874s][info][gc,nmethod  ] GC(60) y: NMethods: 6902 registered, 475 unregistered
[2026-04-03T03:37:13.461+0600][50.874s][info][gc,metaspace] GC(60) y: Metaspace: 71M used, 72M committed, 1088M reserved
[2026-04-03T03:37:13.461+0600][50.874s][info][gc,reloc    ] GC(60) y:                        Candidates     Selected     In-Place         Size        Empty    Relocated 
[2026-04-03T03:37:13.461+0600][50.874s][info][gc,reloc    ] GC(60) y: Small Pages:                  120           59            0         240M          54M          13M 
[2026-04-03T03:37:13.461+0600][50.874s][info][gc,reloc    ] GC(60) y: Medium Pages:                   4            1            0         128M          64M           3M 
[2026-04-03T03:37:13.461+0600][50.874s][info][gc,reloc    ] GC(60) y: Large Pages:                   12            0            0          74M          56M           0M 
[2026-04-03T03:37:13.461+0600][50.874s][info][gc,reloc    ] GC(60) y: Forwarding Usage: 15M
[2026-04-03T03:37:13.461+0600][50.874s][info][gc,reloc    ] GC(60) y: Age Table:
[2026-04-03T03:37:13.461+0600][50.874s][info][gc,reloc    ] GC(60) y:                    Live             Garbage             Small              Medium             Large        
[2026-04-03T03:37:13.461+0600][50.874s][info][gc,reloc    ] GC(60) y: Eden              53M (3%)          214M (11%)        103 / 57             1 / 0              5 / 0        
[2026-04-03T03:37:13.461+0600][50.874s][info][gc,reloc    ] GC(60) y: Survivor 1        32M (2%)          141M (7%)          17 / 2              3 / 1              7 / 0        
[2026-04-03T03:37:13.461+0600][50.874s][info][gc,heap     ] GC(60) y: Min Capacity: 8M(0%)
[2026-04-03T03:37:13.461+0600][50.874s][info][gc,heap     ] GC(60) y: Max Capacity: 2000M(100%)
[2026-04-03T03:37:13.461+0600][50.874s][info][gc,heap     ] GC(60) y: Soft Max Capacity: 2000M(100%)
[2026-04-03T03:37:13.461+0600][50.875s][info][gc,heap     ] GC(60) y: Heap Statistics:
[2026-04-03T03:37:13.461+0600][50.875s][info][gc,heap     ] GC(60) y:                Mark Start          Mark End        Relocate Start      Relocate End           High               Low         
[2026-04-03T03:37:13.461+0600][50.875s][info][gc,heap     ] GC(60) y:  Capacity:     2000M (100%)       2000M (100%)       2000M (100%)       2000M (100%)       2000M (100%)       2000M (100%)   
[2026-04-03T03:37:13.461+0600][50.875s][info][gc,heap     ] GC(60) y:      Free:     1348M (67%)        1212M (61%)        1376M (69%)        1494M (75%)        1494M (75%)        1206M (60%)    
[2026-04-03T03:37:13.461+0600][50.875s][info][gc,heap     ] GC(60) y:      Used:      652M (33%)         788M (39%)         624M (31%)         506M (25%)         794M (40%)         506M (25%)    
[2026-04-03T03:37:13.461+0600][50.875s][info][gc,heap     ] GC(60) y: Young Generation Statistics:
[2026-04-03T03:37:13.461+0600][50.875s][info][gc,heap     ] GC(60) y:                Mark Start          Mark End        Relocate Start      Relocate End    
[2026-04-03T03:37:13.461+0600][50.875s][info][gc,heap     ] GC(60) y:      Used:      442M (22%)         578M (29%)         414M (21%)         296M (15%)    
[2026-04-03T03:37:13.461+0600][50.875s][info][gc,heap     ] GC(60) y:      Live:         -                86M (4%)           86M (4%)           86M (4%)     
[2026-04-03T03:37:13.461+0600][50.875s][info][gc,heap     ] GC(60) y:   Garbage:         -               355M (18%)         181M (9%)            1M (0%)     
[2026-04-03T03:37:13.461+0600][50.875s][info][gc,heap     ] GC(60) y: Allocated:         -               136M (7%)          146M (7%)          207M (10%)    
[2026-04-03T03:37:13.461+0600][50.875s][info][gc,heap     ] GC(60) y: Reclaimed:         -                  -               174M (9%)          353M (18%)    
[2026-04-03T03:37:13.461+0600][50.875s][info][gc,heap     ] GC(60) y:  Promoted:         -                  -                 0M (0%)            0M (0%)     
[2026-04-03T03:37:13.461+0600][50.875s][info][gc,heap     ] GC(60) y: Compacted:         -                  -                  -                20M (1%)     
[2026-04-03T03:37:13.461+0600][50.875s][info][gc,phases   ] GC(60) y: Young Generation 652M(33%)->506M(25%) 0.123s
[2026-04-03T03:37:13.461+0600][50.875s][info][gc          ] GC(60) Minor Collection (Allocation Rate) 652M(33%)->506M(25%) 0.124s
[2026-04-03T03:37:13.640+0600][51.053s][info][gc          ] GC(61) Major Collection (System.gc())
[2026-04-03T03:37:13.640+0600][51.053s][info][gc,task     ] GC(61) Using 3 Workers for Young Generation
[2026-04-03T03:37:13.640+0600][51.053s][info][gc,task     ] GC(61) Using 3 Workers for Old Generation
[2026-04-03T03:37:13.640+0600][51.053s][info][gc,phases   ] GC(61) Y: Young Generation (Promote All)
[2026-04-03T03:37:13.640+0600][51.053s][info][gc,phases   ] GC(61) Y: Pause Mark Start 0.031ms
[2026-04-03T03:37:13.700+0600][51.113s][info][gc,phases   ] GC(61) Y: Concurrent Mark 59.433ms
[2026-04-03T03:37:13.700+0600][51.113s][info][gc,phases   ] GC(61) Y: Pause Mark End 0.018ms
[2026-04-03T03:37:13.700+0600][51.113s][info][gc,phases   ] GC(61) Y: Concurrent Mark Free 0.001ms
[2026-04-03T03:37:13.700+0600][51.113s][info][gc,phases   ] GC(61) Y: Concurrent Reset Relocation Set 0.011ms
[2026-04-03T03:37:13.701+0600][51.115s][info][gc,reloc    ] GC(61) Y: Using tenuring threshold: 0 (Promote All)
[2026-04-03T03:37:13.716+0600][51.129s][info][gc,phases   ] GC(61) Y: Concurrent Select Relocation Set 15.782ms
[2026-04-03T03:37:13.716+0600][51.129s][info][gc,phases   ] GC(61) Y: Pause Relocate Start 0.018ms
[2026-04-03T03:37:13.745+0600][51.158s][info][gc,phases   ] GC(61) Y: Concurrent Relocate 28.778ms
[2026-04-03T03:37:13.745+0600][51.158s][info][gc,alloc    ] GC(61) Y:                         Mark Start        Mark End      Relocate Start    Relocate End   
[2026-04-03T03:37:13.745+0600][51.158s][info][gc,alloc    ] GC(61) Y: Allocation Stalls:          0                0                0                0         
[2026-04-03T03:37:13.745+0600][51.158s][info][gc,load     ] GC(61) Y: Load: 4.64 (39%) / 4.39 (37%) / 4.72 (39%)
[2026-04-03T03:37:13.745+0600][51.158s][info][gc,mmu      ] GC(61) Y: MMU: 2ms/91.9%, 5ms/95.9%, 10ms/97.9%, 20ms/99.0%, 50ms/99.6%, 100ms/99.6%
[2026-04-03T03:37:13.745+0600][51.158s][info][gc,marking  ] GC(61) Y: Mark: 2 stripe(s), 1 proactive flush(es), 1 terminate flush(es), 0 completion(s), 0 continuation(s) 
[2026-04-03T03:37:13.745+0600][51.158s][info][gc,marking  ] GC(61) Y: Mark Stack Usage: 32M
[2026-04-03T03:37:13.745+0600][51.158s][info][gc,nmethod  ] GC(61) Y: NMethods: 6910 registered, 475 unregistered
[2026-04-03T03:37:13.745+0600][51.158s][info][gc,metaspace] GC(61) Y: Metaspace: 71M used, 72M committed, 1088M reserved
[2026-04-03T03:37:13.745+0600][51.158s][info][gc,reloc    ] GC(61) Y:                        Candidates     Selected     In-Place         Size        Empty    Relocated 
[2026-04-03T03:37:13.745+0600][51.158s][info][gc,reloc    ] GC(61) Y: Small Pages:                  331            6            0         662M         606M           1M 
[2026-04-03T03:37:13.745+0600][51.158s][info][gc,reloc    ] GC(61) Y: Medium Pages:                   1            0            0          32M           0M           0M 
[2026-04-03T03:37:13.745+0600][51.158s][info][gc,reloc    ] GC(61) Y: Large Pages:                    4            0            0          24M          24M           0M 
[2026-04-03T03:37:13.745+0600][51.158s][info][gc,reloc    ] GC(61) Y: Forwarding Usage: 1M
[2026-04-03T03:37:13.745+0600][51.158s][info][gc,reloc    ] GC(61) Y: Age Table:
[2026-04-03T03:37:13.745+0600][51.158s][info][gc,reloc    ] GC(61) Y:                    Live             Garbage             Small              Medium             Large        
[2026-04-03T03:37:13.745+0600][51.158s][info][gc,reloc    ] GC(61) Y: Eden               0M (0%)          595M (30%)        295 / 2              0 / 0              1 / 0        
[2026-04-03T03:37:13.745+0600][51.158s][info][gc,reloc    ] GC(61) Y: Survivor 1        13M (1%)           44M (2%)          20 / 2              0 / 0              3 / 0        
[2026-04-03T03:37:13.745+0600][51.158s][info][gc,reloc    ] GC(61) Y: Survivor 2        32M (2%)           31M (2%)          16 / 2              1 / 0              0 / 0        
[2026-04-03T03:37:13.745+0600][51.158s][info][gc,heap     ] GC(61) Y: Min Capacity: 8M(0%)
[2026-04-03T03:37:13.745+0600][51.158s][info][gc,heap     ] GC(61) Y: Max Capacity: 2000M(100%)
[2026-04-03T03:37:13.745+0600][51.158s][info][gc,heap     ] GC(61) Y: Soft Max Capacity: 2000M(100%)
[2026-04-03T03:37:13.745+0600][51.158s][info][gc,heap     ] GC(61) Y: Heap Statistics:
[2026-04-03T03:37:13.745+0600][51.158s][info][gc,heap     ] GC(61) Y:                Mark Start          Mark End        Relocate Start      Relocate End           High               Low         
[2026-04-03T03:37:13.745+0600][51.158s][info][gc,heap     ] GC(61) Y:  Capacity:     2000M (100%)       2000M (100%)       2000M (100%)       2000M (100%)       2000M (100%)       2000M (100%)   
[2026-04-03T03:37:13.745+0600][51.158s][info][gc,heap     ] GC(61) Y:      Free:     1072M (54%)        1072M (54%)        1700M (85%)        1708M (85%)        1708M (85%)        1072M (54%)    
[2026-04-03T03:37:13.745+0600][51.158s][info][gc,heap     ] GC(61) Y:      Used:      928M (46%)         928M (46%)         300M (15%)         292M (15%)         928M (46%)         292M (15%)    
[2026-04-03T03:37:13.745+0600][51.158s][info][gc,heap     ] GC(61) Y: Young Generation Statistics:
[2026-04-03T03:37:13.745+0600][51.158s][info][gc,heap     ] GC(61) Y:                Mark Start          Mark End        Relocate Start      Relocate End    
[2026-04-03T03:37:13.745+0600][51.158s][info][gc,heap     ] GC(61) Y:      Used:      718M (36%)         718M (36%)          16M (1%)            2M (0%)     
[2026-04-03T03:37:13.745+0600][51.158s][info][gc,heap     ] GC(61) Y:      Live:         -                45M (2%)            1M (0%)            0M (0%)     
[2026-04-03T03:37:13.745+0600][51.158s][info][gc,heap     ] GC(61) Y:   Garbage:         -               672M (34%)          12M (1%)            0M (0%)     
[2026-04-03T03:37:13.745+0600][51.158s][info][gc,heap     ] GC(61) Y: Allocated:         -                 0M (0%)            2M (0%)            2M (0%)     
[2026-04-03T03:37:13.745+0600][51.158s][info][gc,heap     ] GC(61) Y: Reclaimed:         -                  -               659M (33%)         672M (34%)    
[2026-04-03T03:37:13.745+0600][51.158s][info][gc,heap     ] GC(61) Y:  Promoted:         -                  -                44M (2%)           45M (2%)     
[2026-04-03T03:37:13.745+0600][51.158s][info][gc,heap     ] GC(61) Y: Compacted:         -                  -                  -                 0M (0%)     
[2026-04-03T03:37:13.745+0600][51.158s][info][gc,phases   ] GC(61) Y: Young Generation (Promote All) 928M(46%)->292M(15%) 0.105s
[2026-04-03T03:37:13.745+0600][51.158s][info][gc,phases   ] GC(61) Y: Young Generation (Collect Roots)
[2026-04-03T03:37:13.745+0600][51.158s][info][gc,phases   ] GC(61) Y: Pause Mark Start (Major) 0.022ms
[2026-04-03T03:37:13.753+0600][51.166s][info][gc,phases   ] GC(61) Y: Concurrent Mark 7.548ms
[2026-04-03T03:37:13.753+0600][51.166s][info][gc,phases   ] GC(61) Y: Pause Mark End 0.018ms
[2026-04-03T03:37:13.753+0600][51.166s][info][gc,phases   ] GC(61) Y: Concurrent Mark Free 0.001ms
[2026-04-03T03:37:13.753+0600][51.166s][info][gc,phases   ] GC(61) Y: Concurrent Reset Relocation Set 0.038ms
[2026-04-03T03:37:13.754+0600][51.168s][info][gc,reloc    ] GC(61) Y: Using tenuring threshold: 1 (Computed)
[2026-04-03T03:37:13.755+0600][51.168s][info][gc,phases   ] GC(61) Y: Concurrent Select Relocation Set 1.762ms
[2026-04-03T03:37:13.755+0600][51.168s][info][gc,phases   ] GC(61) Y: Pause Relocate Start 0.012ms
[2026-04-03T03:37:13.755+0600][51.168s][info][gc,phases   ] GC(61) Y: Concurrent Relocate 0.088ms
[2026-04-03T03:37:13.755+0600][51.168s][info][gc,alloc    ] GC(61) Y:                         Mark Start        Mark End      Relocate Start    Relocate End   
[2026-04-03T03:37:13.755+0600][51.168s][info][gc,alloc    ] GC(61) Y: Allocation Stalls:          0                0                0                0         
[2026-04-03T03:37:13.755+0600][51.169s][info][gc,load     ] GC(61) Y: Load: 4.64 (39%) / 4.39 (37%) / 4.72 (39%)
[2026-04-03T03:37:13.755+0600][51.169s][info][gc,mmu      ] GC(61) Y: MMU: 2ms/91.9%, 5ms/95.9%, 10ms/97.9%, 20ms/99.0%, 50ms/99.6%, 100ms/99.6%
[2026-04-03T03:37:13.755+0600][51.169s][info][gc,marking  ] GC(61) Y: Mark: 2 stripe(s), 1 proactive flush(es), 1 terminate flush(es), 0 completion(s), 0 continuation(s) 
[2026-04-03T03:37:13.755+0600][51.169s][info][gc,marking  ] GC(61) Y: Mark Stack Usage: 32M
[2026-04-03T03:37:13.755+0600][51.169s][info][gc,nmethod  ] GC(61) Y: NMethods: 6910 registered, 475 unregistered
[2026-04-03T03:37:13.755+0600][51.169s][info][gc,metaspace] GC(61) Y: Metaspace: 71M used, 72M committed, 1088M reserved
[2026-04-03T03:37:13.755+0600][51.169s][info][gc,reloc    ] GC(61) Y:                        Candidates     Selected     In-Place         Size        Empty    Relocated 
[2026-04-03T03:37:13.755+0600][51.169s][info][gc,reloc    ] GC(61) Y: Small Pages:                    1            0            0           2M           0M           0M 
[2026-04-03T03:37:13.755+0600][51.169s][info][gc,reloc    ] GC(61) Y: Medium Pages:                   0            0            0           0M           0M           0M 
[2026-04-03T03:37:13.755+0600][51.169s][info][gc,reloc    ] GC(61) Y: Large Pages:                    0            0            0           0M           0M           0M 
[2026-04-03T03:37:13.755+0600][51.169s][info][gc,reloc    ] GC(61) Y: Forwarding Usage: 0M
[2026-04-03T03:37:13.755+0600][51.169s][info][gc,reloc    ] GC(61) Y: Age Table:
[2026-04-03T03:37:13.755+0600][51.169s][info][gc,reloc    ] GC(61) Y:                    Live             Garbage             Small              Medium             Large        
[2026-04-03T03:37:13.755+0600][51.169s][info][gc,reloc    ] GC(61) Y: Eden               0M (0%)            1M (0%)           1 / 0              0 / 0              0 / 0        
[2026-04-03T03:37:13.755+0600][51.169s][info][gc,heap     ] GC(61) Y: Min Capacity: 8M(0%)
[2026-04-03T03:37:13.755+0600][51.169s][info][gc,heap     ] GC(61) Y: Max Capacity: 2000M(100%)
[2026-04-03T03:37:13.755+0600][51.169s][info][gc,heap     ] GC(61) Y: Soft Max Capacity: 2000M(100%)
[2026-04-03T03:37:13.755+0600][51.169s][info][gc,heap     ] GC(61) Y: Heap Statistics:
[2026-04-03T03:37:13.755+0600][51.169s][info][gc,heap     ] GC(61) Y:                Mark Start          Mark End        Relocate Start      Relocate End           High               Low         
[2026-04-03T03:37:13.755+0600][51.169s][info][gc,heap     ] GC(61) Y:  Capacity:     2000M (100%)       2000M (100%)       2000M (100%)       2000M (100%)       2000M (100%)       2000M (100%)   
[2026-04-03T03:37:13.755+0600][51.169s][info][gc,heap     ] GC(61) Y:      Free:     1708M (85%)        1708M (85%)        1708M (85%)        1708M (85%)        1708M (85%)        1708M (85%)    
[2026-04-03T03:37:13.755+0600][51.169s][info][gc,heap     ] GC(61) Y:      Used:      292M (15%)         292M (15%)         292M (15%)         292M (15%)         292M (15%)         292M (15%)    
[2026-04-03T03:37:13.755+0600][51.169s][info][gc,heap     ] GC(61) Y: Young Generation Statistics:
[2026-04-03T03:37:13.755+0600][51.169s][info][gc,heap     ] GC(61) Y:                Mark Start          Mark End        Relocate Start      Relocate End    
[2026-04-03T03:37:13.755+0600][51.169s][info][gc,heap     ] GC(61) Y:      Used:        2M (0%)            2M (0%)            2M (0%)            2M (0%)     
[2026-04-03T03:37:13.755+0600][51.169s][info][gc,heap     ] GC(61) Y:      Live:         -                 0M (0%)            0M (0%)            0M (0%)     
[2026-04-03T03:37:13.755+0600][51.169s][info][gc,heap     ] GC(61) Y:   Garbage:         -                 1M (0%)            1M (0%)            1M (0%)     
[2026-04-03T03:37:13.755+0600][51.169s][info][gc,heap     ] GC(61) Y: Allocated:         -                 0M (0%)            0M (0%)            0M (0%)     
[2026-04-03T03:37:13.755+0600][51.169s][info][gc,heap     ] GC(61) Y: Reclaimed:         -                  -                 0M (0%)            0M (0%)     
[2026-04-03T03:37:13.755+0600][51.169s][info][gc,heap     ] GC(61) Y:  Promoted:         -                  -                 0M (0%)            0M (0%)     
[2026-04-03T03:37:13.755+0600][51.169s][info][gc,heap     ] GC(61) Y: Compacted:         -                  -                  -                 0M (0%)     
[2026-04-03T03:37:13.755+0600][51.169s][info][gc,phases   ] GC(61) Y: Young Generation (Collect Roots) 292M(15%)->292M(15%) 0.010s
[2026-04-03T03:37:13.755+0600][51.169s][info][gc,phases   ] GC(61) O: Old Generation
[2026-04-03T03:37:13.963+0600][51.376s][info][gc,phases   ] GC(61) O: Concurrent Mark 207.349ms
[2026-04-03T03:37:13.963+0600][51.376s][info][gc,phases   ] GC(61) O: Pause Mark End 0.023ms
[2026-04-03T03:37:13.963+0600][51.376s][info][gc,phases   ] GC(61) O: Concurrent Mark Free 0.001ms
[2026-04-03T03:37:13.970+0600][51.383s][info][gc,phases   ] GC(61) O: Concurrent Process Non-Strong 6.532ms
[2026-04-03T03:37:13.970+0600][51.383s][info][gc,phases   ] GC(61) O: Concurrent Reset Relocation Set 0.005ms
[2026-04-03T03:37:13.972+0600][51.385s][info][gc,phases   ] GC(61) O: Concurrent Select Relocation Set 2.311ms
[2026-04-03T03:37:13.972+0600][51.385s][info][gc,task     ] GC(61) O: Using 3 Workers for Old Generation
[2026-04-03T03:37:13.990+0600][51.403s][info][gc,task     ] GC(61) O: Using 3 Workers for Old Generation
[2026-04-03T03:37:13.990+0600][51.403s][info][gc,phases   ] GC(61) O: Concurrent Remap Roots 17.891ms
[2026-04-03T03:37:13.990+0600][51.404s][info][gc,phases   ] GC(61) O: Pause Relocate Start 0.022ms
[2026-04-03T03:37:13.993+0600][51.406s][info][gc,phases   ] GC(61) O: Concurrent Relocate 2.642ms
[2026-04-03T03:37:13.993+0600][51.406s][info][gc,alloc    ] GC(61) O:                         Mark Start        Mark End      Relocate Start    Relocate End   
[2026-04-03T03:37:13.993+0600][51.407s][info][gc,alloc    ] GC(61) O: Allocation Stalls:          0                0                0                0         
[2026-04-03T03:37:13.993+0600][51.407s][info][gc,load     ] GC(61) O: Load: 4.64 (39%) / 4.39 (37%) / 4.72 (39%)
[2026-04-03T03:37:13.993+0600][51.407s][info][gc,mmu      ] GC(61) O: MMU: 2ms/91.9%, 5ms/95.9%, 10ms/97.9%, 20ms/99.0%, 50ms/99.6%, 100ms/99.6%
[2026-04-03T03:37:13.993+0600][51.407s][info][gc,marking  ] GC(61) O: Mark: 2 stripe(s), 2 proactive flush(es), 1 terminate flush(es), 0 completion(s), 0 continuation(s) 
[2026-04-03T03:37:13.993+0600][51.407s][info][gc,marking  ] GC(61) O: Mark Stack Usage: 32M
[2026-04-03T03:37:13.993+0600][51.407s][info][gc,nmethod  ] GC(61) O: NMethods: 6908 registered, 496 unregistered
[2026-04-03T03:37:13.993+0600][51.407s][info][gc,metaspace] GC(61) O: Metaspace: 71M used, 72M committed, 1088M reserved
[2026-04-03T03:37:13.993+0600][51.407s][info][gc,ref      ] GC(61) O:                       Encountered   Discovered     Enqueued 
[2026-04-03T03:37:13.993+0600][51.407s][info][gc,ref      ] GC(61) O: Soft References:             5077            0            0 
[2026-04-03T03:37:13.993+0600][51.407s][info][gc,ref      ] GC(61) O: Weak References:             6715         2813          240 
[2026-04-03T03:37:13.993+0600][51.407s][info][gc,ref      ] GC(61) O: Final References:              84            0            0 
[2026-04-03T03:37:13.993+0600][51.407s][info][gc,ref      ] GC(61) O: Phantom References:           598          479            0 
[2026-04-03T03:37:13.993+0600][51.407s][info][gc,reloc    ] GC(61) O:                        Candidates     Selected     In-Place         Size        Empty    Relocated 
[2026-04-03T03:37:13.993+0600][51.407s][info][gc,reloc    ] GC(61) O: Small Pages:                  113           12            0         226M          36M           1M 
[2026-04-03T03:37:13.993+0600][51.407s][info][gc,reloc    ] GC(61) O: Medium Pages:                   2            0            0          64M          32M           0M 
[2026-04-03T03:37:13.993+0600][51.407s][info][gc,reloc    ] GC(61) O: Large Pages:                    0            0            0           0M           0M           0M 
[2026-04-03T03:37:13.993+0600][51.407s][info][gc,reloc    ] GC(61) O: Forwarding Usage: 0M
[2026-04-03T03:37:13.993+0600][51.407s][info][gc,heap     ] GC(61) O: Min Capacity: 8M(0%)
[2026-04-03T03:37:13.993+0600][51.407s][info][gc,heap     ] GC(61) O: Max Capacity: 2000M(100%)
[2026-04-03T03:37:13.993+0600][51.407s][info][gc,heap     ] GC(61) O: Soft Max Capacity: 2000M(100%)
[2026-04-03T03:37:13.993+0600][51.407s][info][gc,heap     ] GC(61) O: Heap Statistics:
[2026-04-03T03:37:13.993+0600][51.407s][info][gc,heap     ] GC(61) O:                Mark Start          Mark End        Relocate Start      Relocate End           High               Low         
[2026-04-03T03:37:13.993+0600][51.407s][info][gc,heap     ] GC(61) O:  Capacity:     2000M (100%)       2000M (100%)       2000M (100%)       2000M (100%)       2000M (100%)       2000M (100%)   
[2026-04-03T03:37:13.993+0600][51.407s][info][gc,heap     ] GC(61) O:      Free:     1708M (85%)        1706M (85%)        1756M (88%)        1776M (89%)        1776M (89%)        1700M (85%)    
[2026-04-03T03:37:13.993+0600][51.407s][info][gc,heap     ] GC(61) O:      Used:      292M (15%)         294M (15%)         244M (12%)         224M (11%)         300M (15%)         224M (11%)    
[2026-04-03T03:37:13.993+0600][51.407s][info][gc,heap     ] GC(61) O: Old Generation Statistics:
[2026-04-03T03:37:13.993+0600][51.407s][info][gc,heap     ] GC(61) O:                Mark Start          Mark End        Relocate Start      Relocate End    
[2026-04-03T03:37:13.993+0600][51.407s][info][gc,heap     ] GC(61) O:      Used:      290M (14%)         290M (14%)         222M (11%)         202M (10%)    
[2026-04-03T03:37:13.993+0600][51.407s][info][gc,heap     ] GC(61) O:      Live:         -               171M (9%)          171M (9%)          171M (9%)     
[2026-04-03T03:37:13.993+0600][51.407s][info][gc,heap     ] GC(61) O:   Garbage:         -               118M (6%)           50M (3%)           26M (1%)     
[2026-04-03T03:37:13.993+0600][51.407s][info][gc,heap     ] GC(61) O: Allocated:         -                 0M (0%)            0M (0%)            4M (0%)     
[2026-04-03T03:37:13.993+0600][51.407s][info][gc,heap     ] GC(61) O: Reclaimed:         -                  -                68M (3%)           92M (5%)     
[2026-04-03T03:37:13.993+0600][51.407s][info][gc,heap     ] GC(61) O: Compacted:         -                  -                  -                 1M (0%)     
[2026-04-03T03:37:13.993+0600][51.407s][info][gc,phases   ] GC(61) O: Old Generation 292M(15%)->224M(11%) 0.238s
[2026-04-03T03:37:13.993+0600][51.407s][info][gc          ] GC(61) Major Collection (System.gc()) 928M(46%)->224M(11%) 0.354s
[2026-04-03T03:37:14.374+0600][51.787s][info][gc          ] GC(62) Minor Collection (Allocation Rate)
[2026-04-03T03:37:14.374+0600][51.787s][info][gc,task     ] GC(62) Using 2 Workers for Young Generation
[2026-04-03T03:37:14.374+0600][51.787s][info][gc,phases   ] GC(62) y: Young Generation
[2026-04-03T03:37:14.374+0600][51.788s][info][gc,phases   ] GC(62) y: Pause Mark Start 0.026ms
[2026-04-03T03:37:14.591+0600][52.004s][info][gc,phases   ] GC(62) y: Concurrent Mark 216.454ms
[2026-04-03T03:37:14.591+0600][52.005s][info][gc,phases   ] GC(62) y: Pause Mark End 0.047ms
[2026-04-03T03:37:14.592+0600][52.005s][info][gc,phases   ] GC(62) y: Concurrent Mark Free 0.002ms
[2026-04-03T03:37:14.592+0600][52.005s][info][gc,phases   ] GC(62) y: Concurrent Reset Relocation Set 0.001ms
[2026-04-03T03:37:14.598+0600][52.011s][info][gc,reloc    ] GC(62) y: Using tenuring threshold: 1 (Computed)
[2026-04-03T03:37:14.636+0600][52.049s][info][gc,phases   ] GC(62) y: Concurrent Select Relocation Set 43.926ms
[2026-04-03T03:37:14.636+0600][52.049s][info][gc,phases   ] GC(62) y: Pause Relocate Start 0.121ms
[2026-04-03T03:37:14.789+0600][52.202s][info][gc,phases   ] GC(62) y: Concurrent Relocate 152.773ms
[2026-04-03T03:37:14.789+0600][52.203s][info][gc,alloc    ] GC(62) y:                         Mark Start        Mark End      Relocate Start    Relocate End   
[2026-04-03T03:37:14.789+0600][52.203s][info][gc,alloc    ] GC(62) y: Allocation Stalls:          0                0                0                0         
[2026-04-03T03:37:14.789+0600][52.203s][info][gc,load     ] GC(62) y: Load: 4.64 (39%) / 4.39 (37%) / 4.72 (39%)
[2026-04-03T03:37:14.789+0600][52.203s][info][gc,mmu      ] GC(62) y: MMU: 2ms/91.9%, 5ms/95.9%, 10ms/97.9%, 20ms/99.0%, 50ms/99.6%, 100ms/99.6%
[2026-04-03T03:37:14.789+0600][52.203s][info][gc,marking  ] GC(62) y: Mark: 2 stripe(s), 2 proactive flush(es), 1 terminate flush(es), 0 completion(s), 0 continuation(s) 
[2026-04-03T03:37:14.789+0600][52.203s][info][gc,marking  ] GC(62) y: Mark Stack Usage: 32M
[2026-04-03T03:37:14.789+0600][52.203s][info][gc,nmethod  ] GC(62) y: NMethods: 6968 registered, 496 unregistered
[2026-04-03T03:37:14.789+0600][52.203s][info][gc,metaspace] GC(62) y: Metaspace: 71M used, 72M committed, 1088M reserved
[2026-04-03T03:37:14.789+0600][52.203s][info][gc,reloc    ] GC(62) y:                        Candidates     Selected     In-Place         Size        Empty    Relocated 
[2026-04-03T03:37:14.789+0600][52.203s][info][gc,reloc    ] GC(62) y: Small Pages:                  215          152            0         430M           2M          47M 
[2026-04-03T03:37:14.789+0600][52.203s][info][gc,reloc    ] GC(62) y: Medium Pages:                   1            0            0          32M           0M           0M 
[2026-04-03T03:37:14.789+0600][52.203s][info][gc,reloc    ] GC(62) y: Large Pages:                    7            0            0          54M          24M           0M 
[2026-04-03T03:37:14.789+0600][52.203s][info][gc,reloc    ] GC(62) y: Forwarding Usage: 58M
[2026-04-03T03:37:14.789+0600][52.203s][info][gc,reloc    ] GC(62) y: Age Table:
[2026-04-03T03:37:14.789+0600][52.203s][info][gc,reloc    ] GC(62) y:                    Live             Garbage             Small              Medium             Large        
[2026-04-03T03:37:14.789+0600][52.203s][info][gc,reloc    ] GC(62) y: Eden             133M (7%)          380M (19%)        214 / 152            1 / 0              7 / 0        
[2026-04-03T03:37:14.789+0600][52.203s][info][gc,reloc    ] GC(62) y: Survivor 1          -                 2M (0%)           1 / 0              0 / 0              0 / 0        
[2026-04-03T03:37:14.789+0600][52.203s][info][gc,heap     ] GC(62) y: Min Capacity: 8M(0%)
[2026-04-03T03:37:14.789+0600][52.203s][info][gc,heap     ] GC(62) y: Max Capacity: 2000M(100%)
[2026-04-03T03:37:14.789+0600][52.203s][info][gc,heap     ] GC(62) y: Soft Max Capacity: 2000M(100%)
[2026-04-03T03:37:14.789+0600][52.203s][info][gc,heap     ] GC(62) y: Heap Statistics:
[2026-04-03T03:37:14.789+0600][52.203s][info][gc,heap     ] GC(62) y:                Mark Start          Mark End        Relocate Start      Relocate End           High               Low         
[2026-04-03T03:37:14.789+0600][52.203s][info][gc,heap     ] GC(62) y:  Capacity:     2000M (100%)       2000M (100%)       2000M (100%)       2000M (100%)       2000M (100%)       2000M (100%)   
[2026-04-03T03:37:14.790+0600][52.203s][info][gc,heap     ] GC(62) y:      Free:     1282M (64%)         988M (49%)         962M (48%)        1168M (58%)        1282M (64%)         952M (48%)    
[2026-04-03T03:37:14.790+0600][52.203s][info][gc,heap     ] GC(62) y:      Used:      718M (36%)        1012M (51%)        1038M (52%)         832M (42%)        1048M (52%)         718M (36%)    
[2026-04-03T03:37:14.790+0600][52.203s][info][gc,heap     ] GC(62) y: Young Generation Statistics:
[2026-04-03T03:37:14.790+0600][52.203s][info][gc,heap     ] GC(62) y:                Mark Start          Mark End        Relocate Start      Relocate End    
[2026-04-03T03:37:14.790+0600][52.203s][info][gc,heap     ] GC(62) y:      Used:      516M (26%)         810M (40%)         836M (42%)         630M (32%)    
[2026-04-03T03:37:14.790+0600][52.203s][info][gc,heap     ] GC(62) y:      Live:         -               133M (7%)          133M (7%)          133M (7%)     
[2026-04-03T03:37:14.790+0600][52.203s][info][gc,heap     ] GC(62) y:   Garbage:         -               382M (19%)         356M (18%)          34M (2%)     
[2026-04-03T03:37:14.790+0600][52.203s][info][gc,heap     ] GC(62) y: Allocated:         -               294M (15%)         346M (17%)         461M (23%)    
[2026-04-03T03:37:14.790+0600][52.203s][info][gc,heap     ] GC(62) y: Reclaimed:         -                  -                26M (1%)          347M (17%)    
[2026-04-03T03:37:14.790+0600][52.203s][info][gc,heap     ] GC(62) y:  Promoted:         -                  -                 0M (0%)            0M (0%)     
[2026-04-03T03:37:14.790+0600][52.203s][info][gc,heap     ] GC(62) y: Compacted:         -                  -                  -                96M (5%)     
[2026-04-03T03:37:14.790+0600][52.203s][info][gc,phases   ] GC(62) y: Young Generation 718M(36%)->832M(42%) 0.415s
[2026-04-03T03:37:14.790+0600][52.203s][info][gc          ] GC(62) Minor Collection (Allocation Rate) 718M(36%)->832M(42%) 0.416s
[2026-04-03T03:37:14.790+0600][52.203s][info][gc          ] GC(63) Minor Collection (Allocation Rate)
[2026-04-03T03:37:14.790+0600][52.203s][info][gc,task     ] GC(63) Using 3 Workers for Young Generation
[2026-04-03T03:37:14.790+0600][52.203s][info][gc,phases   ] GC(63) y: Young Generation
[2026-04-03T03:37:14.790+0600][52.204s][info][gc,phases   ] GC(63) y: Pause Mark Start 0.084ms
[2026-04-03T03:37:15.256+0600][52.670s][info][gc,phases   ] GC(63) y: Concurrent Mark 465.608ms
[2026-04-03T03:37:15.257+0600][52.670s][info][gc,phases   ] GC(63) y: Pause Mark End 0.032ms
[2026-04-03T03:37:15.257+0600][52.670s][info][gc,phases   ] GC(63) y: Concurrent Mark Free 0.002ms
[2026-04-03T03:37:15.257+0600][52.670s][info][gc,phases   ] GC(63) y: Concurrent Reset Relocation Set 0.057ms
[2026-04-03T03:37:15.263+0600][52.676s][info][gc,reloc    ] GC(63) y: Using tenuring threshold: 1 (Computed)
[2026-04-03T03:37:15.335+0600][52.749s][info][gc,phases   ] GC(63) y: Concurrent Select Relocation Set 78.424ms
[2026-04-03T03:37:15.336+0600][52.749s][info][gc,phases   ] GC(63) y: Pause Relocate Start 0.028ms
[2026-04-03T03:37:15.521+0600][52.934s][info][gc,phases   ] GC(63) y: Concurrent Relocate 185.014ms
[2026-04-03T03:37:15.521+0600][52.934s][info][gc,alloc    ] GC(63) y:                         Mark Start        Mark End      Relocate Start    Relocate End   
[2026-04-03T03:37:15.521+0600][52.934s][info][gc,alloc    ] GC(63) y: Allocation Stalls:          0                0                0                0         
[2026-04-03T03:37:15.521+0600][52.934s][info][gc,load     ] GC(63) y: Load: 4.64 (39%) / 4.39 (37%) / 4.72 (39%)
[2026-04-03T03:37:15.521+0600][52.934s][info][gc,mmu      ] GC(63) y: MMU: 2ms/91.9%, 5ms/95.9%, 10ms/97.9%, 20ms/99.0%, 50ms/99.6%, 100ms/99.6%
[2026-04-03T03:37:15.521+0600][52.934s][info][gc,marking  ] GC(63) y: Mark: 2 stripe(s), 10 proactive flush(es), 1 terminate flush(es), 0 completion(s), 0 continuation(s) 
[2026-04-03T03:37:15.521+0600][52.934s][info][gc,marking  ] GC(63) y: Mark Stack Usage: 32M
[2026-04-03T03:37:15.521+0600][52.934s][info][gc,nmethod  ] GC(63) y: NMethods: 6968 registered, 496 unregistered
[2026-04-03T03:37:15.521+0600][52.934s][info][gc,metaspace] GC(63) y: Metaspace: 71M used, 72M committed, 1088M reserved
[2026-04-03T03:37:15.521+0600][52.934s][info][gc,reloc    ] GC(63) y:                        Candidates     Selected     In-Place         Size        Empty    Relocated 
[2026-04-03T03:37:15.521+0600][52.934s][info][gc,reloc    ] GC(63) y: Small Pages:                  259          187            0         518M           0M          32M 
[2026-04-03T03:37:15.521+0600][52.934s][info][gc,reloc    ] GC(63) y: Medium Pages:                   2            0            0          64M          64M           0M 
[2026-04-03T03:37:15.521+0600][52.934s][info][gc,reloc    ] GC(63) y: Large Pages:                    6            0            0          48M           0M           0M 
[2026-04-03T03:37:15.521+0600][52.934s][info][gc,reloc    ] GC(63) y: Forwarding Usage: 31M
[2026-04-03T03:37:15.521+0600][52.934s][info][gc,reloc    ] GC(63) y: Age Table:
[2026-04-03T03:37:15.521+0600][52.934s][info][gc,reloc    ] GC(63) y:                    Live             Garbage             Small              Medium             Large        
[2026-04-03T03:37:15.521+0600][52.934s][info][gc,reloc    ] GC(63) y: Eden              51M (3%)          406M (20%)        204 / 185            1 / 0              3 / 0        
[2026-04-03T03:37:15.521+0600][52.934s][info][gc,reloc    ] GC(63) y: Survivor 1       131M (7%)           40M (2%)          55 / 2              1 / 0              3 / 0        
[2026-04-03T03:37:15.521+0600][52.934s][info][gc,heap     ] GC(63) y: Min Capacity: 8M(0%)
[2026-04-03T03:37:15.521+0600][52.934s][info][gc,heap     ] GC(63) y: Max Capacity: 2000M(100%)
[2026-04-03T03:37:15.521+0600][52.934s][info][gc,heap     ] GC(63) y: Soft Max Capacity: 2000M(100%)
[2026-04-03T03:37:15.521+0600][52.934s][info][gc,heap     ] GC(63) y: Heap Statistics:
[2026-04-03T03:37:15.521+0600][52.934s][info][gc,heap     ] GC(63) y:                Mark Start          Mark End        Relocate Start      Relocate End           High               Low         
[2026-04-03T03:37:15.521+0600][52.935s][info][gc,heap     ] GC(63) y:  Capacity:     2000M (100%)       2000M (100%)       2000M (100%)       2000M (100%)       2000M (100%)       2000M (100%)   
[2026-04-03T03:37:15.521+0600][52.935s][info][gc,heap     ] GC(63) y:      Free:     1168M (58%)         766M (38%)         754M (38%)         988M (49%)        1168M (58%)         732M (37%)    
[2026-04-03T03:37:15.521+0600][52.935s][info][gc,heap     ] GC(63) y:      Used:      832M (42%)        1234M (62%)        1246M (62%)        1012M (51%)        1268M (63%)         832M (42%)    
[2026-04-03T03:37:15.521+0600][52.935s][info][gc,heap     ] GC(63) y: Young Generation Statistics:
[2026-04-03T03:37:15.521+0600][52.935s][info][gc,heap     ] GC(63) y:                Mark Start          Mark End        Relocate Start      Relocate End    
[2026-04-03T03:37:15.521+0600][52.935s][info][gc,heap     ] GC(63) y:      Used:      630M (32%)        1032M (52%)         914M (46%)         664M (33%)    
[2026-04-03T03:37:15.521+0600][52.935s][info][gc,heap     ] GC(63) y:      Live:         -               182M (9%)           56M (3%)           51M (3%)     
[2026-04-03T03:37:15.521+0600][52.935s][info][gc,heap     ] GC(63) y:   Garbage:         -               447M (22%)         379M (19%)           0M (0%)     
[2026-04-03T03:37:15.521+0600][52.935s][info][gc,heap     ] GC(63) y: Allocated:         -               402M (20%)         478M (24%)         612M (31%)    
[2026-04-03T03:37:15.521+0600][52.935s][info][gc,heap     ] GC(63) y: Reclaimed:         -                  -                67M (3%)          447M (22%)    
[2026-04-03T03:37:15.521+0600][52.935s][info][gc,heap     ] GC(63) y:  Promoted:         -                  -               126M (6%)          131M (7%)     
[2026-04-03T03:37:15.521+0600][52.935s][info][gc,heap     ] GC(63) y: Compacted:         -                  -                  -                33M (2%)     
[2026-04-03T03:37:15.521+0600][52.935s][info][gc,phases   ] GC(63) y: Young Generation 832M(42%)->1012M(51%) 0.731s
[2026-04-03T03:37:15.521+0600][52.935s][info][gc          ] GC(63) Minor Collection (Allocation Rate) 832M(42%)->1012M(51%) 0.731s
[2026-04-03T03:37:15.522+0600][52.935s][info][gc          ] GC(64) Major Collection (Allocation Rate)
[2026-04-03T03:37:15.522+0600][52.935s][info][gc,task     ] GC(64) Using 3 Workers for Young Generation
[2026-04-03T03:37:15.522+0600][52.935s][info][gc,task     ] GC(64) Using 2 Workers for Old Generation
[2026-04-03T03:37:15.522+0600][52.935s][info][gc,phases   ] GC(64) Y: Young Generation
[2026-04-03T03:37:15.522+0600][52.935s][info][gc,phases   ] GC(64) Y: Pause Mark Start (Major) 0.032ms
[2026-04-03T03:37:16.210+0600][53.623s][info][gc,phases   ] GC(64) Y: Concurrent Mark 687.834ms
[2026-04-03T03:37:16.210+0600][53.624s][info][gc,phases   ] GC(64) Y: Pause Mark End 0.039ms
[2026-04-03T03:37:16.210+0600][53.624s][info][gc,phases   ] GC(64) Y: Concurrent Mark Free 0.001ms
[2026-04-03T03:37:16.211+0600][53.624s][info][gc,phases   ] GC(64) Y: Concurrent Reset Relocation Set 0.215ms
[2026-04-03T03:37:16.217+0600][53.631s][info][gc,reloc    ] GC(64) Y: Using tenuring threshold: 2 (Computed)
[2026-04-03T03:37:16.225+0600][53.638s][info][gc,phases   ] GC(64) Y: Concurrent Select Relocation Set 14.024ms
[2026-04-03T03:37:16.225+0600][53.639s][info][gc,phases   ] GC(64) Y: Pause Relocate Start 0.039ms
[2026-04-03T03:37:16.314+0600][53.727s][info][gc,phases   ] GC(64) Y: Concurrent Relocate 88.226ms
[2026-04-03T03:37:16.314+0600][53.727s][info][gc,alloc    ] GC(64) Y:                         Mark Start        Mark End      Relocate Start    Relocate End   
[2026-04-03T03:37:16.314+0600][53.727s][info][gc,alloc    ] GC(64) Y: Allocation Stalls:          0                0                0                0         
[2026-04-03T03:37:16.314+0600][53.727s][info][gc,load     ] GC(64) Y: Load: 4.83 (40%) / 4.43 (37%) / 4.73 (39%)
[2026-04-03T03:37:16.314+0600][53.727s][info][gc,mmu      ] GC(64) Y: MMU: 2ms/91.9%, 5ms/95.9%, 10ms/97.9%, 20ms/99.0%, 50ms/99.6%, 100ms/99.6%
[2026-04-03T03:37:16.314+0600][53.727s][info][gc,marking  ] GC(64) Y: Mark: 2 stripe(s), 11 proactive flush(es), 2 terminate flush(es), 0 completion(s), 0 continuation(s) 
[2026-04-03T03:37:16.314+0600][53.727s][info][gc,marking  ] GC(64) Y: Mark Stack Usage: 32M
[2026-04-03T03:37:16.314+0600][53.727s][info][gc,nmethod  ] GC(64) Y: NMethods: 6970 registered, 496 unregistered
[2026-04-03T03:37:16.314+0600][53.727s][info][gc,metaspace] GC(64) Y: Metaspace: 71M used, 72M committed, 1088M reserved
[2026-04-03T03:37:16.314+0600][53.727s][info][gc,reloc    ] GC(64) Y:                        Candidates     Selected     In-Place         Size        Empty    Relocated 
[2026-04-03T03:37:16.314+0600][53.727s][info][gc,reloc    ] GC(64) Y: Small Pages:                  308          272            0         616M           0M          31M 
[2026-04-03T03:37:16.314+0600][53.727s][info][gc,reloc    ] GC(64) Y: Medium Pages:                   0            0            0           0M           0M           0M 
[2026-04-03T03:37:16.314+0600][53.727s][info][gc,reloc    ] GC(64) Y: Large Pages:                    6            0            0          48M          18M           0M 
[2026-04-03T03:37:16.314+0600][53.727s][info][gc,reloc    ] GC(64) Y: Forwarding Usage: 36M
[2026-04-03T03:37:16.314+0600][53.728s][info][gc,reloc    ] GC(64) Y: Age Table:
[2026-04-03T03:37:16.314+0600][53.728s][info][gc,reloc    ] GC(64) Y:                    Live             Garbage             Small              Medium             Large        
[2026-04-03T03:37:16.314+0600][53.728s][info][gc,reloc    ] GC(64) Y: Eden              62M (3%)          541M (27%)        287 / 268            0 / 0              3 / 0        
[2026-04-03T03:37:16.314+0600][53.728s][info][gc,reloc    ] GC(64) Y: Survivor 1        27M (1%)           32M (2%)          21 / 4              0 / 0              3 / 0        
[2026-04-03T03:37:16.314+0600][53.728s][info][gc,heap     ] GC(64) Y: Min Capacity: 8M(0%)
[2026-04-03T03:37:16.314+0600][53.728s][info][gc,heap     ] GC(64) Y: Max Capacity: 2000M(100%)
[2026-04-03T03:37:16.314+0600][53.728s][info][gc,heap     ] GC(64) Y: Soft Max Capacity: 2000M(100%)
[2026-04-03T03:37:16.314+0600][53.728s][info][gc,heap     ] GC(64) Y: Heap Statistics:
[2026-04-03T03:37:16.314+0600][53.728s][info][gc,heap     ] GC(64) Y:                Mark Start          Mark End        Relocate Start      Relocate End           High               Low         
[2026-04-03T03:37:16.314+0600][53.728s][info][gc,heap     ] GC(64) Y:  Capacity:     2000M (100%)       2000M (100%)       2000M (100%)       2000M (100%)       2000M (100%)       2000M (100%)   
[2026-04-03T03:37:16.314+0600][53.728s][info][gc,heap     ] GC(64) Y:      Free:      988M (49%)         452M (23%)         442M (22%)         938M (47%)         988M (49%)         428M (21%)    
[2026-04-03T03:37:16.314+0600][53.728s][info][gc,heap     ] GC(64) Y:      Used:     1012M (51%)        1548M (77%)        1558M (78%)        1062M (53%)        1572M (79%)        1012M (51%)    
[2026-04-03T03:37:16.314+0600][53.728s][info][gc,heap     ] GC(64) Y: Young Generation Statistics:
[2026-04-03T03:37:16.314+0600][53.728s][info][gc,heap     ] GC(64) Y:                Mark Start          Mark End        Relocate Start      Relocate End    
[2026-04-03T03:37:16.314+0600][53.728s][info][gc,heap     ] GC(64) Y:      Used:      664M (33%)        1200M (60%)        1210M (60%)         714M (36%)    
[2026-04-03T03:37:16.314+0600][53.728s][info][gc,heap     ] GC(64) Y:      Live:         -                90M (5%)           90M (5%)           90M (5%)     
[2026-04-03T03:37:16.314+0600][53.728s][info][gc,heap     ] GC(64) Y:   Garbage:         -               573M (29%)         555M (28%)           6M (0%)     
[2026-04-03T03:37:16.314+0600][53.728s][info][gc,heap     ] GC(64) Y: Allocated:         -               536M (27%)         564M (28%)         617M (31%)    
[2026-04-03T03:37:16.314+0600][53.728s][info][gc,heap     ] GC(64) Y: Reclaimed:         -                  -                18M (1%)          567M (28%)    
[2026-04-03T03:37:16.314+0600][53.728s][info][gc,heap     ] GC(64) Y:  Promoted:         -                  -                 0M (0%)            0M (0%)     
[2026-04-03T03:37:16.314+0600][53.728s][info][gc,heap     ] GC(64) Y: Compacted:         -                  -                  -                34M (2%)     
[2026-04-03T03:37:16.314+0600][53.728s][info][gc,phases   ] GC(64) Y: Young Generation 1012M(51%)->1062M(53%) 0.792s
[2026-04-03T03:37:16.314+0600][53.728s][info][gc,phases   ] GC(64) O: Old Generation
[2026-04-03T03:37:16.324+0600][53.737s][info][gc,task     ] Adjusting Workers for Old Generation: 2 -> 1
[2026-04-03T03:37:16.324+0600][53.737s][info][gc          ] GC(65) Minor Collection (Allocation Rate)
[2026-04-03T03:37:16.324+0600][53.737s][info][gc,task     ] GC(65) Using 2 Workers for Young Generation
[2026-04-03T03:37:16.324+0600][53.738s][info][gc,phases   ] GC(65) y: Young Generation
[2026-04-03T03:37:16.325+0600][53.738s][info][gc,phases   ] GC(65) y: Pause Mark Start 0.097ms
[2026-04-03T03:37:17.098+0600][54.512s][info][gc,phases   ] GC(65) y: Concurrent Mark 773.474ms
[2026-04-03T03:37:17.099+0600][54.512s][info][gc,phases   ] GC(65) y: Pause Mark End 0.064ms
[2026-04-03T03:37:17.099+0600][54.512s][info][gc,phases   ] GC(65) y: Concurrent Mark Free 0.002ms
[2026-04-03T03:37:17.099+0600][54.513s][info][gc,phases   ] GC(65) y: Concurrent Reset Relocation Set 0.081ms
[2026-04-03T03:37:17.107+0600][54.520s][info][gc,reloc    ] GC(65) y: Using tenuring threshold: 3 (Computed)
[2026-04-03T03:37:17.113+0600][54.527s][info][gc,phases   ] GC(65) y: Concurrent Select Relocation Set 14.226ms
[2026-04-03T03:37:17.114+0600][54.527s][info][gc,phases   ] GC(65) y: Pause Relocate Start 0.039ms
[2026-04-03T03:37:17.235+0600][54.648s][info][gc,phases   ] GC(65) y: Concurrent Relocate 120.957ms
[2026-04-03T03:37:17.235+0600][54.649s][info][gc,alloc    ] GC(65) y:                         Mark Start        Mark End      Relocate Start    Relocate End   
[2026-04-03T03:37:17.235+0600][54.649s][info][gc,alloc    ] GC(65) y: Allocation Stalls:          0                0                0                0         
[2026-04-03T03:37:17.235+0600][54.649s][info][gc,load     ] GC(65) y: Load: 4.83 (40%) / 4.43 (37%) / 4.73 (39%)
[2026-04-03T03:37:17.235+0600][54.649s][info][gc,mmu      ] GC(65) y: MMU: 2ms/91.9%, 5ms/95.9%, 10ms/97.9%, 20ms/99.0%, 50ms/99.6%, 100ms/99.6%
[2026-04-03T03:37:17.235+0600][54.649s][info][gc,marking  ] GC(65) y: Mark: 2 stripe(s), 2 proactive flush(es), 1 terminate flush(es), 0 completion(s), 0 continuation(s) 
[2026-04-03T03:37:17.235+0600][54.649s][info][gc,marking  ] GC(65) y: Mark Stack Usage: 32M
[2026-04-03T03:37:17.235+0600][54.649s][info][gc,nmethod  ] GC(65) y: NMethods: 6972 registered, 496 unregistered
[2026-04-03T03:37:17.235+0600][54.649s][info][gc,metaspace] GC(65) y: Metaspace: 71M used, 72M committed, 1088M reserved
[2026-04-03T03:37:17.235+0600][54.649s][info][gc,reloc    ] GC(65) y:                        Candidates     Selected     In-Place         Size        Empty    Relocated 
[2026-04-03T03:37:17.235+0600][54.649s][info][gc,reloc    ] GC(65) y: Small Pages:                  317          269            0         634M           0M          28M 
[2026-04-03T03:37:17.235+0600][54.649s][info][gc,reloc    ] GC(65) y: Medium Pages:                   0            0            0           0M           0M           0M 
[2026-04-03T03:37:17.235+0600][54.649s][info][gc,reloc    ] GC(65) y: Large Pages:                    6            0            0          84M          20M           0M 
[2026-04-03T03:37:17.235+0600][54.649s][info][gc,reloc    ] GC(65) y: Forwarding Usage: 30M
[2026-04-03T03:37:17.235+0600][54.649s][info][gc,reloc    ] GC(65) y: Age Table:
[2026-04-03T03:37:17.235+0600][54.649s][info][gc,reloc    ] GC(65) y:                    Live             Garbage             Small              Medium             Large        
[2026-04-03T03:37:17.236+0600][54.649s][info][gc,reloc    ] GC(65) y: Eden              80M (4%)          523M (26%)        275 / 260            0 / 0              3 / 0        
[2026-04-03T03:37:17.236+0600][54.649s][info][gc,reloc    ] GC(65) y: Survivor 1        35M (2%)           34M (2%)          20 / 4              0 / 0              3 / 0        
[2026-04-03T03:37:17.236+0600][54.649s][info][gc,reloc    ] GC(65) y: Survivor 2        25M (1%)           18M (1%)          22 / 5              0 / 0              0 / 0        
[2026-04-03T03:37:17.236+0600][54.649s][info][gc,heap     ] GC(65) y: Min Capacity: 8M(0%)
[2026-04-03T03:37:17.236+0600][54.649s][info][gc,heap     ] GC(65) y: Max Capacity: 2000M(100%)
[2026-04-03T03:37:17.236+0600][54.649s][info][gc,heap     ] GC(65) y: Soft Max Capacity: 2000M(100%)
[2026-04-03T03:37:17.236+0600][54.649s][info][gc,heap     ] GC(65) y: Heap Statistics:
[2026-04-03T03:37:17.236+0600][54.649s][info][gc,heap     ] GC(65) y:                Mark Start          Mark End        Relocate Start      Relocate End           High               Low         
[2026-04-03T03:37:17.236+0600][54.649s][info][gc,heap     ] GC(65) y:  Capacity:     2000M (100%)       2000M (100%)       2000M (100%)       2000M (100%)       2000M (100%)       2000M (100%)   
[2026-04-03T03:37:17.236+0600][54.649s][info][gc,heap     ] GC(65) y:      Free:      934M (47%)         742M (37%)         762M (38%)        1284M (64%)        1284M (64%)         742M (37%)    
[2026-04-03T03:37:17.236+0600][54.649s][info][gc,heap     ] GC(65) y:      Used:     1066M (53%)        1258M (63%)        1238M (62%)         716M (36%)        1258M (63%)         716M (36%)    
[2026-04-03T03:37:17.236+0600][54.649s][info][gc,heap     ] GC(65) y: Young Generation Statistics:
[2026-04-03T03:37:17.236+0600][54.649s][info][gc,heap     ] GC(65) y:                Mark Start          Mark End        Relocate Start      Relocate End    
[2026-04-03T03:37:17.236+0600][54.649s][info][gc,heap     ] GC(65) y:      Used:      718M (36%)         910M (46%)         890M (44%)         368M (18%)    
[2026-04-03T03:37:17.236+0600][54.649s][info][gc,heap     ] GC(65) y:      Live:         -               142M (7%)          142M (7%)          142M (7%)     
[2026-04-03T03:37:17.236+0600][54.649s][info][gc,heap     ] GC(65) y:   Garbage:         -               575M (29%)         555M (28%)          13M (1%)     
[2026-04-03T03:37:17.236+0600][54.649s][info][gc,heap     ] GC(65) y: Allocated:         -               192M (10%)         192M (10%)         212M (11%)    
[2026-04-03T03:37:17.236+0600][54.649s][info][gc,heap     ] GC(65) y: Reclaimed:         -                  -                20M (1%)          562M (28%)    
[2026-04-03T03:37:17.236+0600][54.649s][info][gc,heap     ] GC(65) y:  Promoted:         -                  -                 0M (0%)            0M (0%)     
[2026-04-03T03:37:17.236+0600][54.649s][info][gc,heap     ] GC(65) y: Compacted:         -                  -                  -                31M (2%)     
[2026-04-03T03:37:17.236+0600][54.649s][info][gc,phases   ] GC(65) y: Young Generation 1066M(53%)->716M(36%) 0.911s
[2026-04-03T03:37:17.236+0600][54.649s][info][gc          ] GC(65) Minor Collection (Allocation Rate) 1066M(53%)->716M(36%) 0.912s
[2026-04-03T03:37:17.236+0600][54.649s][info][gc          ] GC(66) Minor Collection (Allocation Rate)
[2026-04-03T03:37:17.236+0600][54.650s][info][gc,task     ] GC(66) Using 2 Workers for Young Generation
[2026-04-03T03:37:17.236+0600][54.650s][info][gc,phases   ] GC(66) y: Young Generation
[2026-04-03T03:37:17.237+0600][54.650s][info][gc,phases   ] GC(66) y: Pause Mark Start 0.080ms
[2026-04-03T03:37:18.033+0600][55.446s][info][gc,phases   ] GC(66) y: Concurrent Mark 795.868ms
[2026-04-03T03:37:18.033+0600][55.446s][info][gc,phases   ] GC(66) y: Pause Mark End 0.042ms
[2026-04-03T03:37:18.033+0600][55.447s][info][gc,phases   ] GC(66) y: Concurrent Mark Free 0.004ms
[2026-04-03T03:37:18.033+0600][55.447s][info][gc,phases   ] GC(66) y: Concurrent Reset Relocation Set 0.051ms
[2026-04-03T03:37:18.036+0600][55.449s][info][gc,reloc    ] GC(66) y: Using tenuring threshold: 2 (Computed)
[2026-04-03T03:37:18.090+0600][55.503s][info][gc,phases   ] GC(66) y: Concurrent Select Relocation Set 56.202ms
[2026-04-03T03:37:18.090+0600][55.504s][info][gc,phases   ] GC(66) y: Pause Relocate Start 0.039ms
[2026-04-03T03:37:18.206+0600][55.619s][info][gc,phases   ] GC(66) y: Concurrent Relocate 115.252ms
[2026-04-03T03:37:18.206+0600][55.619s][info][gc,alloc    ] GC(66) y:                         Mark Start        Mark End      Relocate Start    Relocate End   
[2026-04-03T03:37:18.206+0600][55.619s][info][gc,alloc    ] GC(66) y: Allocation Stalls:          0                0                0                0         
[2026-04-03T03:37:18.206+0600][55.619s][info][gc,load     ] GC(66) y: Load: 4.83 (40%) / 4.43 (37%) / 4.73 (39%)
[2026-04-03T03:37:18.206+0600][55.619s][info][gc,mmu      ] GC(66) y: MMU: 2ms/91.9%, 5ms/95.9%, 10ms/97.9%, 20ms/99.0%, 50ms/99.6%, 100ms/99.6%
[2026-04-03T03:37:18.206+0600][55.619s][info][gc,marking  ] GC(66) y: Mark: 2 stripe(s), 3 proactive flush(es), 1 terminate flush(es), 0 completion(s), 0 continuation(s) 
[2026-04-03T03:37:18.206+0600][55.619s][info][gc,marking  ] GC(66) y: Mark Stack Usage: 32M
[2026-04-03T03:37:18.206+0600][55.619s][info][gc,nmethod  ] GC(66) y: NMethods: 6998 registered, 496 unregistered
[2026-04-03T03:37:18.206+0600][55.619s][info][gc,metaspace] GC(66) y: Metaspace: 71M used, 72M committed, 1088M reserved
[2026-04-03T03:37:18.206+0600][55.619s][info][gc,reloc    ] GC(66) y:                        Candidates     Selected     In-Place         Size        Empty    Relocated 
[2026-04-03T03:37:18.206+0600][55.619s][info][gc,reloc    ] GC(66) y: Small Pages:                  136           85            0         272M           0M          12M 
[2026-04-03T03:37:18.206+0600][55.619s][info][gc,reloc    ] GC(66) y: Medium Pages:                   1            0            0          32M           0M           0M 
[2026-04-03T03:37:18.206+0600][55.619s][info][gc,reloc    ] GC(66) y: Large Pages:                    4            0            0          64M          10M           0M 
[2026-04-03T03:37:18.206+0600][55.619s][info][gc,reloc    ] GC(66) y: Forwarding Usage: 16M
[2026-04-03T03:37:18.206+0600][55.619s][info][gc,reloc    ] GC(66) y: Age Table:
[2026-04-03T03:37:18.206+0600][55.619s][info][gc,reloc    ] GC(66) y:                    Live             Garbage             Small              Medium             Large        
[2026-04-03T03:37:18.206+0600][55.619s][info][gc,reloc    ] GC(66) y: Eden              13M (1%)          178M (9%)          80 / 74             1 / 0              0 / 0        
[2026-04-03T03:37:18.206+0600][55.619s][info][gc,reloc    ] GC(66) y: Survivor 1        77M (4%)            8M (0%)          16 / 4              0 / 0              3 / 0        
[2026-04-03T03:37:18.206+0600][55.619s][info][gc,reloc    ] GC(66) y: Survivor 2        24M (1%)           25M (1%)          20 / 3              0 / 0              1 / 0        
[2026-04-03T03:37:18.206+0600][55.619s][info][gc,reloc    ] GC(66) y: Survivor 3        25M (1%)           14M (1%)          20 / 4              0 / 0              0 / 0        
[2026-04-03T03:37:18.206+0600][55.619s][info][gc,heap     ] GC(66) y: Min Capacity: 8M(0%)
[2026-04-03T03:37:18.206+0600][55.619s][info][gc,heap     ] GC(66) y: Max Capacity: 2000M(100%)
[2026-04-03T03:37:18.206+0600][55.619s][info][gc,heap     ] GC(66) y: Soft Max Capacity: 2000M(100%)
[2026-04-03T03:37:18.206+0600][55.619s][info][gc,heap     ] GC(66) y: Heap Statistics:
[2026-04-03T03:37:18.206+0600][55.619s][info][gc,heap     ] GC(66) y:                Mark Start          Mark End        Relocate Start      Relocate End           High               Low         
[2026-04-03T03:37:18.206+0600][55.619s][info][gc,heap     ] GC(66) y:  Capacity:     2000M (100%)       2000M (100%)       2000M (100%)       2000M (100%)       2000M (100%)       2000M (100%)   
[2026-04-03T03:37:18.206+0600][55.619s][info][gc,heap     ] GC(66) y:      Free:     1284M (64%)        1220M (61%)        1216M (61%)        1360M (68%)        1368M (68%)        1200M (60%)    
[2026-04-03T03:37:18.206+0600][55.619s][info][gc,heap     ] GC(66) y:      Used:      716M (36%)         780M (39%)         784M (39%)         640M (32%)         800M (40%)         632M (32%)    
[2026-04-03T03:37:18.206+0600][55.619s][info][gc,heap     ] GC(66) y: Young Generation Statistics:
[2026-04-03T03:37:18.206+0600][55.619s][info][gc,heap     ] GC(66) y:                Mark Start          Mark End        Relocate Start      Relocate End    
[2026-04-03T03:37:18.206+0600][55.619s][info][gc,heap     ] GC(66) y:      Used:      368M (18%)         432M (22%)         378M (19%)         222M (11%)    
[2026-04-03T03:37:18.206+0600][55.619s][info][gc,heap     ] GC(66) y:      Live:         -               141M (7%)           96M (5%)           91M (5%)     
[2026-04-03T03:37:18.206+0600][55.619s][info][gc,heap     ] GC(66) y:   Garbage:         -               226M (11%)         203M (10%)          30M (2%)     
[2026-04-03T03:37:18.206+0600][55.619s][info][gc,heap     ] GC(66) y: Allocated:         -                64M (3%)           78M (4%)          100M (5%)     
[2026-04-03T03:37:18.206+0600][55.619s][info][gc,heap     ] GC(66) y: Reclaimed:         -                  -                23M (1%)          196M (10%)    
[2026-04-03T03:37:18.206+0600][55.619s][info][gc,heap     ] GC(66) y:  Promoted:         -                  -                44M (2%)           50M (3%)     
[2026-04-03T03:37:18.206+0600][55.619s][info][gc,heap     ] GC(66) y: Compacted:         -                  -                  -                11M (1%)     
[2026-04-03T03:37:18.206+0600][55.619s][info][gc,phases   ] GC(66) y: Young Generation 716M(36%)->640M(32%) 0.970s
[2026-04-03T03:37:18.206+0600][55.620s][info][gc          ] GC(66) Minor Collection (Allocation Rate) 716M(36%)->640M(32%) 0.970s
[2026-04-03T03:37:18.206+0600][55.620s][info][gc          ] GC(67) Minor Collection (Allocation Rate)
[2026-04-03T03:37:18.206+0600][55.620s][info][gc,task     ] GC(67) Using 2 Workers for Young Generation
[2026-04-03T03:37:18.206+0600][55.620s][info][gc,phases   ] GC(67) y: Young Generation
[2026-04-03T03:37:18.207+0600][55.620s][info][gc,phases   ] GC(67) y: Pause Mark Start 0.029ms
[2026-04-03T03:37:18.290+0600][55.704s][info][gc,phases   ] GC(64) O: Concurrent Mark 1975.613ms
[2026-04-03T03:37:18.290+0600][55.704s][info][gc,phases   ] GC(64) O: Pause Mark End 0.038ms
[2026-04-03T03:37:18.291+0600][55.704s][info][gc,phases   ] GC(64) O: Concurrent Mark Free 0.001ms
[2026-04-03T03:37:18.312+0600][55.726s][info][gc,phases   ] GC(64) O: Concurrent Process Non-Strong 21.676ms
[2026-04-03T03:37:18.312+0600][55.726s][info][gc,phases   ] GC(64) O: Concurrent Reset Relocation Set 0.003ms
[2026-04-03T03:37:18.322+0600][55.735s][info][gc,phases   ] GC(64) O: Concurrent Select Relocation Set 9.332ms
[2026-04-03T03:37:18.489+0600][55.902s][info][gc,phases   ] GC(67) y: Concurrent Mark 281.663ms
[2026-04-03T03:37:18.489+0600][55.902s][info][gc,phases   ] GC(67) y: Pause Mark End 0.035ms
[2026-04-03T03:37:18.489+0600][55.903s][info][gc,phases   ] GC(67) y: Concurrent Mark Free 0.005ms
[2026-04-03T03:37:18.490+0600][55.903s][info][gc,phases   ] GC(67) y: Concurrent Reset Relocation Set 0.107ms
[2026-04-03T03:37:18.496+0600][55.909s][info][gc,reloc    ] GC(67) y: Using tenuring threshold: 1 (Computed)
[2026-04-03T03:37:18.588+0600][56.001s][info][gc,phases   ] GC(67) y: Concurrent Select Relocation Set 97.931ms
[2026-04-03T03:37:18.588+0600][56.001s][info][gc,phases   ] GC(67) y: Pause Relocate Start 0.039ms
[2026-04-03T03:37:18.766+0600][56.179s][info][gc,phases   ] GC(67) y: Concurrent Relocate 177.490ms
[2026-04-03T03:37:18.766+0600][56.179s][info][gc,alloc    ] GC(67) y:                         Mark Start        Mark End      Relocate Start    Relocate End   
[2026-04-03T03:37:18.766+0600][56.179s][info][gc,alloc    ] GC(67) y: Allocation Stalls:          0                0                0                0         
[2026-04-03T03:37:18.766+0600][56.179s][info][gc,load     ] GC(67) y: Load: 4.83 (40%) / 4.43 (37%) / 4.73 (39%)
[2026-04-03T03:37:18.766+0600][56.179s][info][gc,mmu      ] GC(67) y: MMU: 2ms/91.9%, 5ms/95.9%, 10ms/97.9%, 20ms/99.0%, 50ms/99.6%, 100ms/99.6%
[2026-04-03T03:37:18.766+0600][56.179s][info][gc,marking  ] GC(67) y: Mark: 2 stripe(s), 10 proactive flush(es), 1 terminate flush(es), 0 completion(s), 0 continuation(s) 
[2026-04-03T03:37:18.766+0600][56.179s][info][gc,marking  ] GC(67) y: Mark Stack Usage: 32M
[2026-04-03T03:37:18.766+0600][56.179s][info][gc,nmethod  ] GC(67) y: NMethods: 7045 registered, 503 unregistered
[2026-04-03T03:37:18.766+0600][56.179s][info][gc,metaspace] GC(67) y: Metaspace: 71M used, 72M committed, 1088M reserved
[2026-04-03T03:37:18.766+0600][56.179s][info][gc,reloc    ] GC(67) y:                        Candidates     Selected     In-Place         Size        Empty    Relocated 
[2026-04-03T03:37:18.766+0600][56.179s][info][gc,reloc    ] GC(67) y: Small Pages:                   52           20            0         104M          28M           2M 
[2026-04-03T03:37:18.766+0600][56.179s][info][gc,reloc    ] GC(67) y: Medium Pages:                   2            0            0          64M          64M           0M 
[2026-04-03T03:37:18.766+0600][56.179s][info][gc,reloc    ] GC(67) y: Large Pages:                    3            0            0          54M           0M           0M 
[2026-04-03T03:37:18.766+0600][56.179s][info][gc,reloc    ] GC(67) y: Forwarding Usage: 2M
[2026-04-03T03:37:18.766+0600][56.179s][info][gc,reloc    ] GC(67) y: Age Table:
[2026-04-03T03:37:18.766+0600][56.179s][info][gc,reloc    ] GC(67) y:                    Live             Garbage             Small              Medium             Large        
[2026-04-03T03:37:18.766+0600][56.179s][info][gc,reloc    ] GC(67) y: Eden               0M (0%)           89M (4%)          29 / 14             1 / 0              0 / 0        
[2026-04-03T03:37:18.766+0600][56.179s][info][gc,reloc    ] GC(67) y: Survivor 1         8M (0%)           37M (2%)           7 / 3              1 / 0              0 / 0        
[2026-04-03T03:37:18.766+0600][56.179s][info][gc,reloc    ] GC(67) y: Survivor 2        77M (4%)            8M (0%)          16 / 3              0 / 0              3 / 0        
[2026-04-03T03:37:18.766+0600][56.180s][info][gc,heap     ] GC(67) y: Min Capacity: 8M(0%)
[2026-04-03T03:37:18.766+0600][56.180s][info][gc,heap     ] GC(67) y: Max Capacity: 2000M(100%)
[2026-04-03T03:37:18.766+0600][56.180s][info][gc,heap     ] GC(67) y: Soft Max Capacity: 2000M(100%)
[2026-04-03T03:37:18.766+0600][56.180s][info][gc,heap     ] GC(67) y: Heap Statistics:
[2026-04-03T03:37:18.766+0600][56.180s][info][gc,heap     ] GC(67) y:                Mark Start          Mark End        Relocate Start      Relocate End           High               Low         
[2026-04-03T03:37:18.766+0600][56.180s][info][gc,heap     ] GC(67) y:  Capacity:     2000M (100%)       2000M (100%)       2000M (100%)       2000M (100%)       2000M (100%)       2000M (100%)   
[2026-04-03T03:37:18.766+0600][56.180s][info][gc,heap     ] GC(67) y:      Free:     1360M (68%)        1224M (61%)        1264M (63%)        1218M (61%)        1360M (68%)        1204M (60%)    
[2026-04-03T03:37:18.766+0600][56.180s][info][gc,heap     ] GC(67) y:      Used:      640M (32%)         776M (39%)         736M (37%)         782M (39%)         796M (40%)         640M (32%)    
[2026-04-03T03:37:18.766+0600][56.180s][info][gc,heap     ] GC(67) y: Young Generation Statistics:
[2026-04-03T03:37:18.766+0600][56.180s][info][gc,heap     ] GC(67) y:                Mark Start          Mark End        Relocate Start      Relocate End    
[2026-04-03T03:37:18.766+0600][56.180s][info][gc,heap     ] GC(67) y:      Used:      222M (11%)         358M (18%)         232M (12%)         274M (14%)    
[2026-04-03T03:37:18.766+0600][56.180s][info][gc,heap     ] GC(67) y:      Live:         -                86M (4%)            3M (0%)            0M (0%)     
[2026-04-03T03:37:18.766+0600][56.180s][info][gc,heap     ] GC(67) y:   Garbage:         -               135M (7%)           40M (2%)            0M (0%)     
[2026-04-03T03:37:18.766+0600][56.180s][info][gc,heap     ] GC(67) y: Allocated:         -               136M (7%)          188M (9%)          273M (14%)    
[2026-04-03T03:37:18.766+0600][56.180s][info][gc,heap     ] GC(67) y: Reclaimed:         -                  -                94M (5%)          135M (7%)     
[2026-04-03T03:37:18.766+0600][56.180s][info][gc,heap     ] GC(67) y:  Promoted:         -                  -                83M (4%)           86M (4%)     
[2026-04-03T03:37:18.766+0600][56.180s][info][gc,heap     ] GC(67) y: Compacted:         -                  -                  -                 0M (0%)     
[2026-04-03T03:37:18.766+0600][56.180s][info][gc,phases   ] GC(67) y: Young Generation 640M(32%)->782M(39%) 0.559s
[2026-04-03T03:37:18.766+0600][56.180s][info][gc          ] GC(67) Minor Collection (Allocation Rate) 640M(32%)->782M(39%) 0.560s
[2026-04-03T03:37:18.766+0600][56.180s][info][gc,task     ] GC(64) O: Using 3 Workers for Old Generation
[2026-04-03T03:37:18.767+0600][56.180s][info][gc,task     ] Adjusting Workers for Old Generation: 1 -> 2
[2026-04-03T03:37:18.795+0600][56.209s][info][gc,task     ] GC(64) O: Using 1 Workers for Old Generation
[2026-04-03T03:37:18.795+0600][56.209s][info][gc,phases   ] GC(64) O: Concurrent Remap Roots 28.816ms
[2026-04-03T03:37:18.796+0600][56.209s][info][gc,phases   ] GC(64) O: Pause Relocate Start 0.038ms
[2026-04-03T03:37:18.796+0600][56.209s][info][gc          ] GC(68) Minor Collection (Allocation Rate)
[2026-04-03T03:37:18.796+0600][56.209s][info][gc,task     ] GC(68) Using 1 Workers for Young Generation
[2026-04-03T03:37:18.796+0600][56.209s][info][gc,phases   ] GC(68) y: Young Generation
[2026-04-03T03:37:18.796+0600][56.210s][info][gc,phases   ] GC(68) y: Pause Mark Start 0.056ms
[2026-04-03T03:37:18.834+0600][56.248s][info][gc,phases   ] GC(64) O: Concurrent Relocate 38.328ms
[2026-04-03T03:37:19.012+0600][56.426s][info][gc,task     ] Adjusting Workers for Young Generation: 1 -> 3
[2026-04-03T03:37:19.078+0600][56.492s][info][gc,phases   ] GC(68) y: Concurrent Mark 281.771ms
[2026-04-03T03:37:19.079+0600][56.492s][info][gc,phases   ] GC(68) y: Pause Mark End 0.032ms
[2026-04-03T03:37:19.079+0600][56.492s][info][gc,phases   ] GC(68) y: Concurrent Mark Free 0.003ms
[2026-04-03T03:37:19.079+0600][56.492s][info][gc,phases   ] GC(68) y: Concurrent Reset Relocation Set 0.071ms
[2026-04-03T03:37:19.084+0600][56.497s][info][gc,reloc    ] GC(68) y: Using tenuring threshold: 2 (Computed)
[2026-04-03T03:37:19.098+0600][56.511s][info][gc,phases   ] GC(68) y: Concurrent Select Relocation Set 18.551ms
[2026-04-03T03:37:19.098+0600][56.511s][info][gc,phases   ] GC(68) y: Pause Relocate Start 0.036ms
[2026-04-03T03:37:19.164+0600][56.577s][info][gc,phases   ] GC(68) y: Concurrent Relocate 65.374ms
[2026-04-03T03:37:19.164+0600][56.577s][info][gc,alloc    ] GC(68) y:                         Mark Start        Mark End      Relocate Start    Relocate End   
[2026-04-03T03:37:19.164+0600][56.577s][info][gc,alloc    ] GC(68) y: Allocation Stalls:          0                0                0                0         
[2026-04-03T03:37:19.164+0600][56.577s][info][gc,load     ] GC(68) y: Load: 4.83 (40%) / 4.43 (37%) / 4.73 (39%)
[2026-04-03T03:37:19.164+0600][56.577s][info][gc,mmu      ] GC(68) y: MMU: 2ms/91.9%, 5ms/95.9%, 10ms/97.9%, 20ms/99.0%, 50ms/99.6%, 100ms/99.6%
[2026-04-03T03:37:19.164+0600][56.577s][info][gc,marking  ] GC(68) y: Mark: 1 stripe(s), 10 proactive flush(es), 1 terminate flush(es), 0 completion(s), 0 continuation(s) 
[2026-04-03T03:37:19.164+0600][56.577s][info][gc,marking  ] GC(68) y: Mark Stack Usage: 32M
[2026-04-03T03:37:19.164+0600][56.577s][info][gc,nmethod  ] GC(68) y: NMethods: 7050 registered, 503 unregistered
[2026-04-03T03:37:19.164+0600][56.577s][info][gc,metaspace] GC(68) y: Metaspace: 71M used, 72M committed, 1088M reserved
[2026-04-03T03:37:19.164+0600][56.577s][info][gc,reloc    ] GC(68) y:                        Candidates     Selected     In-Place         Size        Empty    Relocated 
[2026-04-03T03:37:19.164+0600][56.577s][info][gc,reloc    ] GC(68) y: Small Pages:                   99           83            0         198M           4M          19M 
[2026-04-03T03:37:19.164+0600][56.577s][info][gc,reloc    ] GC(68) y: Medium Pages:                   1            0            0          32M          32M           0M 
[2026-04-03T03:37:19.164+0600][56.577s][info][gc,reloc    ] GC(68) y: Large Pages:                    7            0            0          54M          24M           0M 
[2026-04-03T03:37:19.164+0600][56.578s][info][gc,reloc    ] GC(68) y: Forwarding Usage: 25M
[2026-04-03T03:37:19.164+0600][56.578s][info][gc,reloc    ] GC(68) y: Age Table:
[2026-04-03T03:37:19.164+0600][56.578s][info][gc,reloc    ] GC(68) y:                    Live             Garbage             Small              Medium             Large        
[2026-04-03T03:37:19.164+0600][56.578s][info][gc,reloc    ] GC(68) y: Eden              54M (3%)          225M (11%)         97 / 82             1 / 0              7 / 0        
[2026-04-03T03:37:19.164+0600][56.578s][info][gc,reloc    ] GC(68) y: Survivor 1         0M (0%)            3M (0%)           2 / 1              0 / 0              0 / 0        
[2026-04-03T03:37:19.164+0600][56.578s][info][gc,heap     ] GC(68) y: Min Capacity: 8M(0%)
[2026-04-03T03:37:19.164+0600][56.578s][info][gc,heap     ] GC(68) y: Max Capacity: 2000M(100%)
[2026-04-03T03:37:19.164+0600][56.578s][info][gc,heap     ] GC(68) y: Soft Max Capacity: 2000M(100%)
[2026-04-03T03:37:19.164+0600][56.578s][info][gc,heap     ] GC(68) y: Heap Statistics:
[2026-04-03T03:37:19.164+0600][56.578s][info][gc,heap     ] GC(68) y:                Mark Start          Mark End        Relocate Start      Relocate End           High               Low         
[2026-04-03T03:37:19.164+0600][56.578s][info][gc,heap     ] GC(68) y:  Capacity:     2000M (100%)       2000M (100%)       2000M (100%)       2000M (100%)       2000M (100%)       2000M (100%)   
[2026-04-03T03:37:19.164+0600][56.578s][info][gc,heap     ] GC(68) y:      Free:     1208M (60%)         882M (44%)         930M (46%)        1070M (54%)        1214M (61%)         880M (44%)    
[2026-04-03T03:37:19.164+0600][56.578s][info][gc,heap     ] GC(68) y:      Used:      792M (40%)        1118M (56%)        1070M (54%)         930M (46%)        1120M (56%)         786M (39%)    
[2026-04-03T03:37:19.164+0600][56.578s][info][gc,heap     ] GC(68) y: Young Generation Statistics:
[2026-04-03T03:37:19.164+0600][56.578s][info][gc,heap     ] GC(68) y:                Mark Start          Mark End        Relocate Start      Relocate End    
[2026-04-03T03:37:19.164+0600][56.578s][info][gc,heap     ] GC(68) y:      Used:      284M (14%)         622M (31%)         574M (29%)         434M (22%)    
[2026-04-03T03:37:19.164+0600][56.578s][info][gc,heap     ] GC(68) y:      Live:         -                54M (3%)           54M (3%)           54M (3%)     
[2026-04-03T03:37:19.164+0600][56.578s][info][gc,heap     ] GC(68) y:   Garbage:         -               229M (11%)         169M (8%)            0M (0%)     
[2026-04-03T03:37:19.164+0600][56.578s][info][gc,heap     ] GC(68) y: Allocated:         -               338M (17%)         350M (18%)         379M (19%)    
[2026-04-03T03:37:19.164+0600][56.578s][info][gc,heap     ] GC(68) y: Reclaimed:         -                  -                60M (3%)          229M (11%)    
[2026-04-03T03:37:19.164+0600][56.578s][info][gc,heap     ] GC(68) y:  Promoted:         -                  -                 0M (0%)            0M (0%)     
[2026-04-03T03:37:19.164+0600][56.578s][info][gc,heap     ] GC(68) y: Compacted:         -                  -                  -                24M (1%)     
[2026-04-03T03:37:19.164+0600][56.578s][info][gc,phases   ] GC(68) y: Young Generation 792M(40%)->930M(46%) 0.368s
[2026-04-03T03:37:19.164+0600][56.578s][info][gc          ] GC(68) Minor Collection (Allocation Rate) 792M(40%)->930M(46%) 0.368s
[2026-04-03T03:37:19.164+0600][56.578s][info][gc,alloc    ] GC(64) O:                         Mark Start        Mark End      Relocate Start    Relocate End   
[2026-04-03T03:37:19.165+0600][56.578s][info][gc,alloc    ] GC(64) O: Allocation Stalls:          0                0                0                0         
[2026-04-03T03:37:19.165+0600][56.578s][info][gc,load     ] GC(64) O: Load: 4.83 (40%) / 4.43 (37%) / 4.73 (39%)
[2026-04-03T03:37:19.165+0600][56.578s][info][gc,mmu      ] GC(64) O: MMU: 2ms/91.9%, 5ms/95.9%, 10ms/97.9%, 20ms/99.0%, 50ms/99.6%, 100ms/99.6%
[2026-04-03T03:37:19.165+0600][56.578s][info][gc,marking  ] GC(64) O: Mark: 2 stripe(s), 3 proactive flush(es), 1 terminate flush(es), 0 completion(s), 0 continuation(s) 
[2026-04-03T03:37:19.165+0600][56.578s][info][gc,marking  ] GC(64) O: Mark Stack Usage: 32M
[2026-04-03T03:37:19.165+0600][56.578s][info][gc,nmethod  ] GC(64) O: NMethods: 7050 registered, 503 unregistered
[2026-04-03T03:37:19.165+0600][56.578s][info][gc,metaspace] GC(64) O: Metaspace: 71M used, 72M committed, 1088M reserved
[2026-04-03T03:37:19.165+0600][56.578s][info][gc,ref      ] GC(64) O:                       Encountered   Discovered     Enqueued 
[2026-04-03T03:37:19.165+0600][56.578s][info][gc,ref      ] GC(64) O: Soft References:             5080            0            0 
[2026-04-03T03:37:19.165+0600][56.578s][info][gc,ref      ] GC(64) O: Weak References:             6667         4683           17 
[2026-04-03T03:37:19.165+0600][56.578s][info][gc,ref      ] GC(64) O: Final References:              84            0            0 
[2026-04-03T03:37:19.165+0600][56.578s][info][gc,ref      ] GC(64) O: Phantom References:           599          568            0 
[2026-04-03T03:37:19.165+0600][56.578s][info][gc,reloc    ] GC(64) O:                        Candidates     Selected     In-Place         Size        Empty    Relocated 
[2026-04-03T03:37:19.165+0600][56.578s][info][gc,reloc    ] GC(64) O: Small Pages:                  143            9            0         286M           0M           4M 
[2026-04-03T03:37:19.165+0600][56.578s][info][gc,reloc    ] GC(64) O: Medium Pages:                   1            0            0          32M           0M           0M 
[2026-04-03T03:37:19.165+0600][56.578s][info][gc,reloc    ] GC(64) O: Large Pages:                    3            0            0          30M           0M           0M 
[2026-04-03T03:37:19.165+0600][56.578s][info][gc,reloc    ] GC(64) O: Forwarding Usage: 7M
[2026-04-03T03:37:19.165+0600][56.578s][info][gc,heap     ] GC(64) O: Min Capacity: 8M(0%)
[2026-04-03T03:37:19.165+0600][56.578s][info][gc,heap     ] GC(64) O: Max Capacity: 2000M(100%)
[2026-04-03T03:37:19.165+0600][56.578s][info][gc,heap     ] GC(64) O: Soft Max Capacity: 2000M(100%)
[2026-04-03T03:37:19.165+0600][56.578s][info][gc,heap     ] GC(64) O: Heap Statistics:
[2026-04-03T03:37:19.165+0600][56.578s][info][gc,heap     ] GC(64) O:                Mark Start          Mark End        Relocate Start      Relocate End           High               Low         
[2026-04-03T03:37:19.165+0600][56.578s][info][gc,heap     ] GC(64) O:  Capacity:     2000M (100%)       2000M (100%)       2000M (100%)       2000M (100%)       2000M (100%)       2000M (100%)   
[2026-04-03T03:37:19.165+0600][56.578s][info][gc,heap     ] GC(64) O:      Free:      988M (49%)        1354M (68%)        1208M (60%)        1194M (60%)        1368M (68%)         428M (21%)    
[2026-04-03T03:37:19.165+0600][56.578s][info][gc,heap     ] GC(64) O:      Used:     1012M (51%)         646M (32%)         792M (40%)         806M (40%)        1572M (79%)         632M (32%)    
[2026-04-03T03:37:19.165+0600][56.578s][info][gc,heap     ] GC(64) O: Old Generation Statistics:
[2026-04-03T03:37:19.165+0600][56.578s][info][gc,heap     ] GC(64) O:                Mark Start          Mark End        Relocate Start      Relocate End    
[2026-04-03T03:37:19.165+0600][56.578s][info][gc,heap     ] GC(64) O:      Used:      348M (17%)         418M (21%)         508M (25%)         496M (25%)    
[2026-04-03T03:37:19.165+0600][56.578s][info][gc,heap     ] GC(64) O:      Live:         -               302M (15%)         302M (15%)         302M (15%)    
[2026-04-03T03:37:19.165+0600][56.578s][info][gc,heap     ] GC(64) O:   Garbage:         -                45M (2%)           45M (2%)           25M (1%)     
[2026-04-03T03:37:19.165+0600][56.578s][info][gc,heap     ] GC(64) O: Allocated:         -                70M (4%)          160M (8%)          168M (8%)     
[2026-04-03T03:37:19.165+0600][56.578s][info][gc,heap     ] GC(64) O: Reclaimed:         -                  -                 0M (0%)           20M (1%)     
[2026-04-03T03:37:19.165+0600][56.578s][info][gc,heap     ] GC(64) O: Compacted:         -                  -                  -                15M (1%)     
[2026-04-03T03:37:19.165+0600][56.579s][info][gc,phases   ] GC(64) O: Old Generation 1062M(53%)->806M(40%) 2.850s
[2026-04-03T03:37:19.165+0600][56.579s][info][gc          ] GC(64) Major Collection (Allocation Rate) 1012M(51%)->930M(46%) 3.644s
[2026-04-03T03:37:19.175+0600][56.588s][info][gc          ] GC(69) Major Collection (Allocation Rate)
[2026-04-03T03:37:19.175+0600][56.588s][info][gc,task     ] GC(69) Using 3 Workers for Young Generation
[2026-04-03T03:37:19.175+0600][56.588s][info][gc,task     ] GC(69) Using 1 Workers for Old Generation
[2026-04-03T03:37:19.175+0600][56.588s][info][gc,phases   ] GC(69) Y: Young Generation
[2026-04-03T03:37:19.175+0600][56.589s][info][gc,phases   ] GC(69) Y: Pause Mark Start (Major) 0.039ms
[2026-04-03T03:37:19.683+0600][57.096s][info][gc,phases   ] GC(69) Y: Concurrent Mark 507.748ms
[2026-04-03T03:37:19.683+0600][57.097s][info][gc,phases   ] GC(69) Y: Pause Mark End 0.033ms
[2026-04-03T03:37:19.684+0600][57.097s][info][gc,phases   ] GC(69) Y: Concurrent Mark Free 0.003ms
[2026-04-03T03:37:19.684+0600][57.097s][info][gc,phases   ] GC(69) Y: Concurrent Reset Relocation Set 0.028ms
[2026-04-03T03:37:19.686+0600][57.099s][info][gc,reloc    ] GC(69) Y: Using tenuring threshold: 3 (Computed)
[2026-04-03T03:37:19.700+0600][57.113s][info][gc,phases   ] GC(69) Y: Concurrent Select Relocation Set 16.323ms
[2026-04-03T03:37:19.700+0600][57.114s][info][gc,phases   ] GC(69) Y: Pause Relocate Start 0.039ms
[2026-04-03T03:37:19.794+0600][57.207s][info][gc,phases   ] GC(69) Y: Concurrent Relocate 93.585ms
[2026-04-03T03:37:19.794+0600][57.208s][info][gc,alloc    ] GC(69) Y:                         Mark Start        Mark End      Relocate Start    Relocate End   
[2026-04-03T03:37:19.794+0600][57.208s][info][gc,alloc    ] GC(69) Y: Allocation Stalls:          0                0                0                0         
[2026-04-03T03:37:19.794+0600][57.208s][info][gc,load     ] GC(69) Y: Load: 4.83 (40%) / 4.43 (37%) / 4.73 (39%)
[2026-04-03T03:37:19.794+0600][57.208s][info][gc,mmu      ] GC(69) Y: MMU: 2ms/91.9%, 5ms/95.9%, 10ms/97.9%, 20ms/99.0%, 50ms/99.6%, 100ms/99.6%
[2026-04-03T03:37:19.794+0600][57.208s][info][gc,marking  ] GC(69) Y: Mark: 2 stripe(s), 10 proactive flush(es), 1 terminate flush(es), 0 completion(s), 0 continuation(s) 
[2026-04-03T03:37:19.794+0600][57.208s][info][gc,marking  ] GC(69) Y: Mark Stack Usage: 32M
[2026-04-03T03:37:19.794+0600][57.208s][info][gc,nmethod  ] GC(69) Y: NMethods: 7052 registered, 503 unregistered
[2026-04-03T03:37:19.794+0600][57.208s][info][gc,metaspace] GC(69) Y: Metaspace: 71M used, 72M committed, 1088M reserved
[2026-04-03T03:37:19.794+0600][57.208s][info][gc,reloc    ] GC(69) Y:                        Candidates     Selected     In-Place         Size        Empty    Relocated 
[2026-04-03T03:37:19.794+0600][57.208s][info][gc,reloc    ] GC(69) Y: Small Pages:                  163           96            0         326M           0M          40M 
[2026-04-03T03:37:19.794+0600][57.208s][info][gc,reloc    ] GC(69) Y: Medium Pages:                   1            0            0          32M          32M           0M 
[2026-04-03T03:37:19.794+0600][57.208s][info][gc,reloc    ] GC(69) Y: Large Pages:                    9            0            0          78M          18M           0M 
[2026-04-03T03:37:19.794+0600][57.208s][info][gc,reloc    ] GC(69) Y: Forwarding Usage: 47M
[2026-04-03T03:37:19.794+0600][57.208s][info][gc,reloc    ] GC(69) Y: Age Table:
[2026-04-03T03:37:19.794+0600][57.208s][info][gc,reloc    ] GC(69) Y:                    Live             Garbage             Small              Medium             Large        
[2026-04-03T03:37:19.794+0600][57.208s][info][gc,reloc    ] GC(69) Y: Eden             119M (6%)          254M (13%)        147 / 93             1 / 0              6 / 0        
[2026-04-03T03:37:19.794+0600][57.208s][info][gc,reloc    ] GC(69) Y: Survivor 1        52M (3%)            7M (0%)          15 / 2              0 / 0              3 / 0        
[2026-04-03T03:37:19.794+0600][57.208s][info][gc,reloc    ] GC(69) Y: Survivor 2         0M (0%)            1M (0%)           1 / 1              0 / 0              0 / 0        
[2026-04-03T03:37:19.794+0600][57.208s][info][gc,heap     ] GC(69) Y: Min Capacity: 8M(0%)
[2026-04-03T03:37:19.794+0600][57.208s][info][gc,heap     ] GC(69) Y: Max Capacity: 2000M(100%)
[2026-04-03T03:37:19.794+0600][57.208s][info][gc,heap     ] GC(69) Y: Soft Max Capacity: 2000M(100%)
[2026-04-03T03:37:19.794+0600][57.208s][info][gc,heap     ] GC(69) Y: Heap Statistics:
[2026-04-03T03:37:19.794+0600][57.208s][info][gc,heap     ] GC(69) Y:                Mark Start          Mark End        Relocate Start      Relocate End           High               Low         
[2026-04-03T03:37:19.794+0600][57.208s][info][gc,heap     ] GC(69) Y:  Capacity:     2000M (100%)       2000M (100%)       2000M (100%)       2000M (100%)       2000M (100%)       2000M (100%)   
[2026-04-03T03:37:19.795+0600][57.208s][info][gc,heap     ] GC(69) Y:      Free:     1068M (53%)         606M (30%)         642M (32%)         770M (38%)        1068M (53%)         604M (30%)    
[2026-04-03T03:37:19.795+0600][57.208s][info][gc,heap     ] GC(69) Y:      Used:      932M (47%)        1394M (70%)        1358M (68%)        1230M (62%)        1396M (70%)         932M (47%)    
[2026-04-03T03:37:19.795+0600][57.208s][info][gc,heap     ] GC(69) Y: Young Generation Statistics:
[2026-04-03T03:37:19.795+0600][57.208s][info][gc,heap     ] GC(69) Y:                Mark Start          Mark End        Relocate Start      Relocate End    
[2026-04-03T03:37:19.795+0600][57.208s][info][gc,heap     ] GC(69) Y:      Used:      436M (22%)         898M (45%)         862M (43%)         734M (37%)    
[2026-04-03T03:37:19.795+0600][57.208s][info][gc,heap     ] GC(69) Y:      Live:         -               173M (9%)          173M (9%)          173M (9%)     
[2026-04-03T03:37:19.795+0600][57.208s][info][gc,heap     ] GC(69) Y:   Garbage:         -               262M (13%)         212M (11%)           3M (0%)     
[2026-04-03T03:37:19.795+0600][57.208s][info][gc,heap     ] GC(69) Y: Allocated:         -               462M (23%)         476M (24%)         556M (28%)    
[2026-04-03T03:37:19.795+0600][57.208s][info][gc,heap     ] GC(69) Y: Reclaimed:         -                  -                50M (2%)          258M (13%)    
[2026-04-03T03:37:19.795+0600][57.208s][info][gc,heap     ] GC(69) Y:  Promoted:         -                  -                 0M (0%)            0M (0%)     
[2026-04-03T03:37:19.795+0600][57.208s][info][gc,heap     ] GC(69) Y: Compacted:         -                  -                  -                89M (4%)     
[2026-04-03T03:37:19.795+0600][57.208s][info][gc,phases   ] GC(69) Y: Young Generation 932M(47%)->1230M(62%) 0.619s
[2026-04-03T03:37:19.795+0600][57.208s][info][gc,phases   ] GC(69) O: Old Generation
[2026-04-03T03:37:19.804+0600][57.217s][info][gc          ] GC(70) Minor Collection (Allocation Rate)
[2026-04-03T03:37:19.804+0600][57.217s][info][gc,task     ] GC(70) Using 2 Workers for Young Generation
[2026-04-03T03:37:19.804+0600][57.217s][info][gc,phases   ] GC(70) y: Young Generation
[2026-04-03T03:37:19.804+0600][57.217s][info][gc,phases   ] GC(70) y: Pause Mark Start 0.101ms
[2026-04-03T03:37:20.429+0600][57.842s][info][gc,phases   ] GC(70) y: Concurrent Mark 624.427ms
[2026-04-03T03:37:20.429+0600][57.843s][info][gc,phases   ] GC(70) y: Pause Mark End 0.042ms
[2026-04-03T03:37:20.429+0600][57.843s][info][gc,phases   ] GC(70) y: Concurrent Mark Free 0.005ms
[2026-04-03T03:37:20.430+0600][57.843s][info][gc,phases   ] GC(70) y: Concurrent Reset Relocation Set 0.041ms
[2026-04-03T03:37:20.432+0600][57.846s][info][gc,reloc    ] GC(70) y: Using tenuring threshold: 1 (Computed)
[2026-04-03T03:37:20.543+0600][57.956s][info][gc,phases   ] GC(70) y: Concurrent Select Relocation Set 113.481ms
[2026-04-03T03:37:20.544+0600][57.957s][info][gc,phases   ] GC(70) y: Pause Relocate Start 0.034ms
[2026-04-03T03:37:20.800+0600][58.214s][info][gc,phases   ] GC(69) O: Concurrent Mark 1005.616ms
[2026-04-03T03:37:20.809+0600][58.222s][info][gc,phases   ] GC(69) O: Pause Mark End 0.043ms
[2026-04-03T03:37:20.809+0600][58.222s][info][gc,phases   ] GC(69) O: Concurrent Mark Free 0.003ms
[2026-04-03T03:37:20.853+0600][58.267s][info][gc,phases   ] GC(69) O: Concurrent Process Non-Strong 44.561ms
[2026-04-03T03:37:20.854+0600][58.267s][info][gc,phases   ] GC(69) O: Concurrent Reset Relocation Set 0.007ms
[2026-04-03T03:37:20.864+0600][58.278s][info][gc,phases   ] GC(69) O: Concurrent Select Relocation Set 10.638ms
[2026-04-03T03:37:20.881+0600][58.294s][info][gc,phases   ] GC(70) y: Concurrent Relocate 337.188ms
[2026-04-03T03:37:20.881+0600][58.294s][info][gc,alloc    ] GC(70) y:                         Mark Start        Mark End      Relocate Start    Relocate End   
[2026-04-03T03:37:20.881+0600][58.294s][info][gc,alloc    ] GC(70) y: Allocation Stalls:          0                0                0                0         
[2026-04-03T03:37:20.881+0600][58.294s][info][gc,load     ] GC(70) y: Load: 4.92 (41%) / 4.46 (37%) / 4.73 (39%)
[2026-04-03T03:37:20.881+0600][58.294s][info][gc,mmu      ] GC(70) y: MMU: 2ms/91.9%, 5ms/95.9%, 10ms/97.9%, 20ms/99.0%, 50ms/99.6%, 100ms/99.6%
[2026-04-03T03:37:20.881+0600][58.295s][info][gc,marking  ] GC(70) y: Mark: 2 stripe(s), 2 proactive flush(es), 1 terminate flush(es), 0 completion(s), 0 continuation(s) 
[2026-04-03T03:37:20.881+0600][58.295s][info][gc,marking  ] GC(70) y: Mark Stack Usage: 32M
[2026-04-03T03:37:20.881+0600][58.295s][info][gc,nmethod  ] GC(70) y: NMethods: 7042 registered, 515 unregistered
[2026-04-03T03:37:20.881+0600][58.295s][info][gc,metaspace] GC(70) y: Metaspace: 71M used, 72M committed, 1088M reserved
[2026-04-03T03:37:20.881+0600][58.295s][info][gc,reloc    ] GC(70) y:                        Candidates     Selected     In-Place         Size        Empty    Relocated 
[2026-04-03T03:37:20.881+0600][58.295s][info][gc,reloc    ] GC(70) y: Small Pages:                  315          243            0         630M           0M          41M 
[2026-04-03T03:37:20.881+0600][58.295s][info][gc,reloc    ] GC(70) y: Medium Pages:                   1            0            0          32M          32M           0M 
[2026-04-03T03:37:20.881+0600][58.295s][info][gc,reloc    ] GC(70) y: Large Pages:                    9            0            0          78M          30M           0M 
[2026-04-03T03:37:20.881+0600][58.295s][info][gc,reloc    ] GC(70) y: Forwarding Usage: 42M
[2026-04-03T03:37:20.881+0600][58.295s][info][gc,reloc    ] GC(70) y: Age Table:
[2026-04-03T03:37:20.881+0600][58.295s][info][gc,reloc    ] GC(70) y:                    Live             Garbage             Small              Medium             Large        
[2026-04-03T03:37:20.881+0600][58.295s][info][gc,reloc    ] GC(70) y: Eden              60M (3%)          483M (24%)        247 / 223            1 / 0              3 / 0        
[2026-04-03T03:37:20.881+0600][58.295s][info][gc,reloc    ] GC(70) y: Survivor 1       118M (6%)           11M (1%)          50 / 4              0 / 0              3 / 0        
[2026-04-03T03:37:20.881+0600][58.295s][info][gc,reloc    ] GC(70) y: Survivor 2         0M (0%)           63M (3%)          17 / 15             0 / 0              3 / 0        
[2026-04-03T03:37:20.881+0600][58.295s][info][gc,reloc    ] GC(70) y: Survivor 3         0M (0%)            1M (0%)           1 / 1              0 / 0              0 / 0        
[2026-04-03T03:37:20.881+0600][58.295s][info][gc,heap     ] GC(70) y: Min Capacity: 8M(0%)
[2026-04-03T03:37:20.881+0600][58.295s][info][gc,heap     ] GC(70) y: Max Capacity: 2000M(100%)
[2026-04-03T03:37:20.881+0600][58.295s][info][gc,heap     ] GC(70) y: Soft Max Capacity: 2000M(100%)
[2026-04-03T03:37:20.881+0600][58.295s][info][gc,heap     ] GC(70) y: Heap Statistics:
[2026-04-03T03:37:20.881+0600][58.295s][info][gc,heap     ] GC(70) y:                Mark Start          Mark End        Relocate Start      Relocate End           High               Low         
[2026-04-03T03:37:20.881+0600][58.295s][info][gc,heap     ] GC(70) y:  Capacity:     2000M (100%)       2000M (100%)       2000M (100%)       2000M (100%)       2000M (100%)       2000M (100%)   
[2026-04-03T03:37:20.881+0600][58.295s][info][gc,heap     ] GC(70) y:      Free:      764M (38%)         296M (15%)         272M (14%)         788M (39%)         804M (40%)         252M (13%)    
[2026-04-03T03:37:20.881+0600][58.295s][info][gc,heap     ] GC(70) y:      Used:     1236M (62%)        1704M (85%)        1728M (86%)        1212M (61%)        1748M (87%)        1196M (60%)    
[2026-04-03T03:37:20.881+0600][58.295s][info][gc,heap     ] GC(70) y: Young Generation Statistics:
[2026-04-03T03:37:20.881+0600][58.295s][info][gc,heap     ] GC(70) y:                Mark Start          Mark End        Relocate Start      Relocate End    
[2026-04-03T03:37:20.881+0600][58.295s][info][gc,heap     ] GC(70) y:      Used:      740M (37%)        1208M (60%)        1112M (56%)         848M (42%)    
[2026-04-03T03:37:20.881+0600][58.295s][info][gc,heap     ] GC(70) y:      Live:         -               180M (9%)           65M (3%)           60M (3%)     
[2026-04-03T03:37:20.882+0600][58.295s][info][gc,heap     ] GC(70) y:   Garbage:         -               559M (28%)         492M (25%)           0M (0%)     
[2026-04-03T03:37:20.882+0600][58.295s][info][gc,heap     ] GC(70) y: Allocated:         -               468M (23%)         554M (28%)         787M (39%)    
[2026-04-03T03:37:20.882+0600][58.295s][info][gc,heap     ] GC(70) y: Reclaimed:         -                  -                66M (3%)          559M (28%)    
[2026-04-03T03:37:20.882+0600][58.295s][info][gc,heap     ] GC(70) y:  Promoted:         -                  -               115M (6%)          119M (6%)     
[2026-04-03T03:37:20.882+0600][58.295s][info][gc,heap     ] GC(70) y: Compacted:         -                  -                  -                42M (2%)     
[2026-04-03T03:37:20.882+0600][58.295s][info][gc,phases   ] GC(70) y: Young Generation 1236M(62%)->1212M(61%) 1.077s
[2026-04-03T03:37:20.882+0600][58.295s][info][gc          ] GC(70) Minor Collection (Allocation Rate) 1234M(62%)->1212M(61%) 1.078s
[2026-04-03T03:37:20.882+0600][58.295s][info][gc,task     ] GC(69) O: Using 3 Workers for Old Generation
[2026-04-03T03:37:20.914+0600][58.327s][info][gc,task     ] GC(69) O: Using 1 Workers for Old Generation
[2026-04-03T03:37:20.914+0600][58.327s][info][gc,phases   ] GC(69) O: Concurrent Remap Roots 32.236ms
[2026-04-03T03:37:20.914+0600][58.328s][info][gc,phases   ] GC(69) O: Pause Relocate Start 0.032ms
[2026-04-03T03:37:20.915+0600][58.328s][info][gc          ] GC(71) Minor Collection (Allocation Rate)
[2026-04-03T03:37:20.915+0600][58.328s][info][gc,task     ] GC(71) Using 2 Workers for Young Generation
[2026-04-03T03:37:20.915+0600][58.328s][info][gc,phases   ] GC(71) y: Young Generation
[2026-04-03T03:37:20.915+0600][58.328s][info][gc,phases   ] GC(71) y: Pause Mark Start 0.024ms
[2026-04-03T03:37:20.931+0600][58.344s][info][gc,phases   ] GC(69) O: Concurrent Relocate 16.466ms
[2026-04-03T03:37:20.936+0600][58.349s][info][gc,task     ] Adjusting Workers for Young Generation: 2 -> 3
[2026-04-03T03:37:21.362+0600][58.775s][info][gc,phases   ] GC(71) y: Concurrent Mark 446.827ms
[2026-04-03T03:37:21.362+0600][58.776s][info][gc,phases   ] GC(71) y: Pause Mark End 0.056ms
[2026-04-03T03:37:21.363+0600][58.776s][info][gc,phases   ] GC(71) y: Concurrent Mark Free 0.003ms
[2026-04-03T03:37:21.363+0600][58.776s][info][gc,phases   ] GC(71) y: Concurrent Reset Relocation Set 0.220ms
[2026-04-03T03:37:21.370+0600][58.783s][info][gc,reloc    ] GC(71) y: Using tenuring threshold: 2 (Computed)
[2026-04-03T03:37:21.381+0600][58.795s][info][gc,phases   ] GC(71) y: Concurrent Select Relocation Set 18.378ms
[2026-04-03T03:37:21.382+0600][58.795s][info][gc,phases   ] GC(71) y: Pause Relocate Start 0.036ms
[2026-04-03T03:37:21.498+0600][58.911s][info][gc,phases   ] GC(71) y: Concurrent Relocate 115.270ms
[2026-04-03T03:37:21.498+0600][58.911s][info][gc,alloc    ] GC(71) y:                         Mark Start        Mark End      Relocate Start    Relocate End   
[2026-04-03T03:37:21.498+0600][58.911s][info][gc,alloc    ] GC(71) y: Allocation Stalls:          0                0                0                0         
[2026-04-03T03:37:21.498+0600][58.911s][info][gc,load     ] GC(71) y: Load: 4.92 (41%) / 4.46 (37%) / 4.73 (39%)
[2026-04-03T03:37:21.498+0600][58.911s][info][gc,mmu      ] GC(71) y: MMU: 2ms/91.9%, 5ms/95.9%, 10ms/97.9%, 20ms/99.0%, 50ms/99.6%, 100ms/99.6%
[2026-04-03T03:37:21.498+0600][58.911s][info][gc,marking  ] GC(71) y: Mark: 2 stripe(s), 2 proactive flush(es), 1 terminate flush(es), 0 completion(s), 0 continuation(s) 
[2026-04-03T03:37:21.498+0600][58.911s][info][gc,marking  ] GC(71) y: Mark Stack Usage: 32M
[2026-04-03T03:37:21.498+0600][58.911s][info][gc,nmethod  ] GC(71) y: NMethods: 7042 registered, 515 unregistered
[2026-04-03T03:37:21.498+0600][58.911s][info][gc,metaspace] GC(71) y: Metaspace: 71M used, 72M committed, 1088M reserved
[2026-04-03T03:37:21.498+0600][58.911s][info][gc,reloc    ] GC(71) y:                        Candidates     Selected     In-Place         Size        Empty    Relocated 
[2026-04-03T03:37:21.498+0600][58.911s][info][gc,reloc    ] GC(71) y: Small Pages:                  413          367            0         826M           0M          42M 
[2026-04-03T03:37:21.498+0600][58.911s][info][gc,reloc    ] GC(71) y: Medium Pages:                   0            0            0           0M           0M           0M 
[2026-04-03T03:37:21.498+0600][58.911s][info][gc,reloc    ] GC(71) y: Large Pages:                    6            0            0          48M          18M           0M 
[2026-04-03T03:37:21.498+0600][58.911s][info][gc,reloc    ] GC(71) y: Forwarding Usage: 51M
[2026-04-03T03:37:21.498+0600][58.911s][info][gc,reloc    ] GC(71) y: Age Table:
[2026-04-03T03:37:21.498+0600][58.911s][info][gc,reloc    ] GC(71) y:                    Live             Garbage             Small              Medium             Large        
[2026-04-03T03:37:21.498+0600][58.911s][info][gc,reloc    ] GC(71) y: Eden              72M (4%)          731M (37%)        387 / 362            0 / 0              3 / 0        
[2026-04-03T03:37:21.498+0600][58.911s][info][gc,reloc    ] GC(71) y: Survivor 1        36M (2%)           33M (2%)          26 / 5              0 / 0              3 / 0        
[2026-04-03T03:37:21.498+0600][58.911s][info][gc,heap     ] GC(71) y: Min Capacity: 8M(0%)
[2026-04-03T03:37:21.498+0600][58.911s][info][gc,heap     ] GC(71) y: Max Capacity: 2000M(100%)
[2026-04-03T03:37:21.498+0600][58.911s][info][gc,heap     ] GC(71) y: Soft Max Capacity: 2000M(100%)
[2026-04-03T03:37:21.498+0600][58.911s][info][gc,heap     ] GC(71) y: Heap Statistics:
[2026-04-03T03:37:21.498+0600][58.911s][info][gc,heap     ] GC(71) y:                Mark Start          Mark End        Relocate Start      Relocate End           High               Low         
[2026-04-03T03:37:21.498+0600][58.911s][info][gc,heap     ] GC(71) y:  Capacity:     2000M (100%)       2000M (100%)       2000M (100%)       2000M (100%)       2000M (100%)       2000M (100%)   
[2026-04-03T03:37:21.498+0600][58.911s][info][gc,heap     ] GC(71) y:      Free:      758M (38%)         512M (26%)         500M (25%)        1204M (60%)        1204M (60%)         488M (24%)    
[2026-04-03T03:37:21.498+0600][58.911s][info][gc,heap     ] GC(71) y:      Used:     1242M (62%)        1488M (74%)        1500M (75%)         796M (40%)        1512M (76%)         796M (40%)    
[2026-04-03T03:37:21.498+0600][58.911s][info][gc,heap     ] GC(71) y: Young Generation Statistics:
[2026-04-03T03:37:21.498+0600][58.912s][info][gc,heap     ] GC(71) y:                Mark Start          Mark End        Relocate Start      Relocate End    
[2026-04-03T03:37:21.498+0600][58.912s][info][gc,heap     ] GC(71) y:      Used:      874M (44%)        1150M (57%)        1162M (58%)         458M (23%)    
[2026-04-03T03:37:21.498+0600][58.912s][info][gc,heap     ] GC(71) y:      Live:         -               108M (5%)          108M (5%)          108M (5%)     
[2026-04-03T03:37:21.498+0600][58.912s][info][gc,heap     ] GC(71) y:   Garbage:         -               765M (38%)         747M (37%)           5M (0%)     
[2026-04-03T03:37:21.498+0600][58.912s][info][gc,heap     ] GC(71) y: Allocated:         -               276M (14%)         306M (15%)         343M (17%)    
[2026-04-03T03:37:21.498+0600][58.912s][info][gc,heap     ] GC(71) y: Reclaimed:         -                  -                18M (1%)          759M (38%)    
[2026-04-03T03:37:21.498+0600][58.912s][info][gc,heap     ] GC(71) y:  Promoted:         -                  -                 0M (0%)            0M (0%)     
[2026-04-03T03:37:21.498+0600][58.912s][info][gc,heap     ] GC(71) y: Compacted:         -                  -                  -                48M (2%)     
[2026-04-03T03:37:21.498+0600][58.912s][info][gc,phases   ] GC(71) y: Young Generation 1240M(62%)->796M(40%) 0.583s
[2026-04-03T03:37:21.498+0600][58.912s][info][gc          ] GC(71) Minor Collection (Allocation Rate) 1240M(62%)->796M(40%) 0.584s
[2026-04-03T03:37:21.498+0600][58.912s][info][gc,alloc    ] GC(69) O:                         Mark Start        Mark End      Relocate Start    Relocate End   
[2026-04-03T03:37:21.498+0600][58.912s][info][gc,alloc    ] GC(69) O: Allocation Stalls:          0                0                0                0         
[2026-04-03T03:37:21.498+0600][58.912s][info][gc,load     ] GC(69) O: Load: 4.92 (41%) / 4.46 (37%) / 4.73 (39%)
[2026-04-03T03:37:21.498+0600][58.912s][info][gc,mmu      ] GC(69) O: MMU: 2ms/91.9%, 5ms/95.9%, 10ms/97.9%, 20ms/99.0%, 50ms/99.6%, 100ms/99.6%
[2026-04-03T03:37:21.498+0600][58.912s][info][gc,marking  ] GC(69) O: Mark: 1 stripe(s), 2 proactive flush(es), 1 terminate flush(es), 0 completion(s), 0 continuation(s) 
[2026-04-03T03:37:21.498+0600][58.912s][info][gc,marking  ] GC(69) O: Mark Stack Usage: 32M
[2026-04-03T03:37:21.499+0600][58.912s][info][gc,nmethod  ] GC(69) O: NMethods: 7042 registered, 515 unregistered
[2026-04-03T03:37:21.499+0600][58.912s][info][gc,metaspace] GC(69) O: Metaspace: 71M used, 72M committed, 1088M reserved
[2026-04-03T03:37:21.499+0600][58.912s][info][gc,ref      ] GC(69) O:                       Encountered   Discovered     Enqueued 
[2026-04-03T03:37:21.499+0600][58.912s][info][gc,ref      ] GC(69) O: Soft References:             5095            0            0 
[2026-04-03T03:37:21.499+0600][58.912s][info][gc,ref      ] GC(69) O: Weak References:             7148         5377            3 
[2026-04-03T03:37:21.499+0600][58.912s][info][gc,ref      ] GC(69) O: Final References:              84            1            0 
[2026-04-03T03:37:21.499+0600][58.912s][info][gc,ref      ] GC(69) O: Phantom References:           598          535            0 
[2026-04-03T03:37:21.499+0600][58.912s][info][gc,reloc    ] GC(69) O:                        Candidates     Selected     In-Place         Size        Empty    Relocated 
[2026-04-03T03:37:21.499+0600][58.912s][info][gc,reloc    ] GC(69) O: Small Pages:                  190           16            0         380M         184M           2M 
[2026-04-03T03:37:21.499+0600][58.912s][info][gc,reloc    ] GC(69) O: Medium Pages:                   1            0            0          32M           0M           0M 
[2026-04-03T03:37:21.499+0600][58.912s][info][gc,reloc    ] GC(69) O: Large Pages:                    6            0            0          84M          84M           0M 
[2026-04-03T03:37:21.499+0600][58.912s][info][gc,reloc    ] GC(69) O: Forwarding Usage: 1M
[2026-04-03T03:37:21.499+0600][58.912s][info][gc,heap     ] GC(69) O: Min Capacity: 8M(0%)
[2026-04-03T03:37:21.499+0600][58.912s][info][gc,heap     ] GC(69) O: Max Capacity: 2000M(100%)
[2026-04-03T03:37:21.499+0600][58.912s][info][gc,heap     ] GC(69) O: Soft Max Capacity: 2000M(100%)
[2026-04-03T03:37:21.499+0600][58.912s][info][gc,heap     ] GC(69) O: Heap Statistics:
[2026-04-03T03:37:21.499+0600][58.912s][info][gc,heap     ] GC(69) O:                Mark Start          Mark End        Relocate Start      Relocate End           High               Low         
[2026-04-03T03:37:21.499+0600][58.912s][info][gc,heap     ] GC(69) O:  Capacity:     2000M (100%)       2000M (100%)       2000M (100%)       2000M (100%)       2000M (100%)       2000M (100%)   
[2026-04-03T03:37:21.499+0600][58.912s][info][gc,heap     ] GC(69) O:      Free:     1068M (53%)         580M (29%)         764M (38%)         776M (39%)        1068M (53%)         252M (13%)    
[2026-04-03T03:37:21.499+0600][58.912s][info][gc,heap     ] GC(69) O:      Used:      932M (47%)        1420M (71%)        1236M (62%)        1224M (61%)        1748M (87%)         932M (47%)    
[2026-04-03T03:37:21.499+0600][58.912s][info][gc,heap     ] GC(69) O: Old Generation Statistics:
[2026-04-03T03:37:21.499+0600][58.912s][info][gc,heap     ] GC(69) O:                Mark Start          Mark End        Relocate Start      Relocate End    
[2026-04-03T03:37:21.499+0600][58.912s][info][gc,heap     ] GC(69) O:      Used:      496M (25%)         632M (32%)         364M (18%)         338M (17%)    
[2026-04-03T03:37:21.499+0600][58.912s][info][gc,heap     ] GC(69) O:      Live:         -               171M (9%)          171M (9%)          171M (9%)     
[2026-04-03T03:37:21.499+0600][58.912s][info][gc,heap     ] GC(69) O:   Garbage:         -               324M (16%)          56M (3%)           24M (1%)     
[2026-04-03T03:37:21.499+0600][58.912s][info][gc,heap     ] GC(69) O: Allocated:         -               136M (7%)          136M (7%)          142M (7%)     
[2026-04-03T03:37:21.499+0600][58.912s][info][gc,heap     ] GC(69) O: Reclaimed:         -                  -               268M (13%)         300M (15%)    
[2026-04-03T03:37:21.499+0600][58.912s][info][gc,heap     ] GC(69) O: Compacted:         -                  -                  -                 3M (0%)     
[2026-04-03T03:37:21.499+0600][58.912s][info][gc,phases   ] GC(69) O: Old Generation 1230M(62%)->1224M(61%) 1.704s
[2026-04-03T03:37:21.499+0600][58.912s][info][gc          ] GC(69) Major Collection (Allocation Rate) 932M(47%)->796M(40%) 2.324s
[2026-04-03T03:37:21.509+0600][58.922s][info][gc          ] GC(72) Minor Collection (Allocation Rate)
[2026-04-03T03:37:21.509+0600][58.922s][info][gc,task     ] GC(72) Using 3 Workers for Young Generation
[2026-04-03T03:37:21.509+0600][58.922s][info][gc,phases   ] GC(72) y: Young Generation
[2026-04-03T03:37:21.509+0600][58.923s][info][gc,phases   ] GC(72) y: Pause Mark Start 0.029ms
[2026-04-03T03:37:21.997+0600][59.410s][info][gc,phases   ] GC(72) y: Concurrent Mark 487.529ms
[2026-04-03T03:37:21.997+0600][59.411s][info][gc,phases   ] GC(72) y: Pause Mark End 0.060ms
[2026-04-03T03:37:21.997+0600][59.411s][info][gc,phases   ] GC(72) y: Concurrent Mark Free 0.003ms
[2026-04-03T03:37:21.998+0600][59.411s][info][gc,phases   ] GC(72) y: Concurrent Reset Relocation Set 0.083ms
[2026-04-03T03:37:22.001+0600][59.414s][info][gc,reloc    ] GC(72) y: Using tenuring threshold: 3 (Computed)
[2026-04-03T03:37:22.007+0600][59.420s][info][gc,phases   ] GC(72) y: Concurrent Select Relocation Set 9.030ms
[2026-04-03T03:37:22.007+0600][59.420s][info][gc,phases   ] GC(72) y: Pause Relocate Start 0.036ms
[2026-04-03T03:37:22.050+0600][59.464s][info][gc,phases   ] GC(72) y: Concurrent Relocate 42.985ms
[2026-04-03T03:37:22.050+0600][59.464s][info][gc,alloc    ] GC(72) y:                         Mark Start        Mark End      Relocate Start    Relocate End   
[2026-04-03T03:37:22.050+0600][59.464s][info][gc,alloc    ] GC(72) y: Allocation Stalls:          0                0                0                0         
[2026-04-03T03:37:22.050+0600][59.464s][info][gc,load     ] GC(72) y: Load: 4.92 (41%) / 4.46 (37%) / 4.73 (39%)
[2026-04-03T03:37:22.050+0600][59.464s][info][gc,mmu      ] GC(72) y: MMU: 2ms/91.9%, 5ms/95.9%, 10ms/97.9%, 20ms/99.0%, 50ms/99.6%, 100ms/99.6%
[2026-04-03T03:37:22.050+0600][59.464s][info][gc,marking  ] GC(72) y: Mark: 2 stripe(s), 10 proactive flush(es), 1 terminate flush(es), 0 completion(s), 0 continuation(s) 
[2026-04-03T03:37:22.050+0600][59.464s][info][gc,marking  ] GC(72) y: Mark Stack Usage: 32M
[2026-04-03T03:37:22.050+0600][59.464s][info][gc,nmethod  ] GC(72) y: NMethods: 7042 registered, 515 unregistered
[2026-04-03T03:37:22.050+0600][59.464s][info][gc,metaspace] GC(72) y: Metaspace: 71M used, 72M committed, 1088M reserved
[2026-04-03T03:37:22.051+0600][59.464s][info][gc,reloc    ] GC(72) y:                        Candidates     Selected     In-Place         Size        Empty    Relocated 
[2026-04-03T03:37:22.051+0600][59.464s][info][gc,reloc    ] GC(72) y: Small Pages:                  188          136            0         376M           0M          17M 
[2026-04-03T03:37:22.051+0600][59.464s][info][gc,reloc    ] GC(72) y: Medium Pages:                   0            0            0           0M           0M           0M 
[2026-04-03T03:37:22.051+0600][59.464s][info][gc,reloc    ] GC(72) y: Large Pages:                    6            0            0          84M          20M           0M 
[2026-04-03T03:37:22.051+0600][59.464s][info][gc,reloc    ] GC(72) y: Forwarding Usage: 21M
[2026-04-03T03:37:22.051+0600][59.464s][info][gc,reloc    ] GC(72) y: Age Table:
[2026-04-03T03:37:22.051+0600][59.464s][info][gc,reloc    ] GC(72) y:                    Live             Garbage             Small              Medium             Large        
[2026-04-03T03:37:22.051+0600][59.464s][info][gc,reloc    ] GC(72) y: Eden              69M (3%)          264M (13%)        140 / 130            0 / 0              3 / 0        
[2026-04-03T03:37:22.051+0600][59.464s][info][gc,reloc    ] GC(72) y: Survivor 1        46M (2%)           31M (2%)          24 / 3              0 / 0              3 / 0        
[2026-04-03T03:37:22.051+0600][59.464s][info][gc,reloc    ] GC(72) y: Survivor 2        35M (2%)           12M (1%)          24 / 3              0 / 0              0 / 0        
[2026-04-03T03:37:22.051+0600][59.464s][info][gc,heap     ] GC(72) y: Min Capacity: 8M(0%)
[2026-04-03T03:37:22.051+0600][59.464s][info][gc,heap     ] GC(72) y: Max Capacity: 2000M(100%)
[2026-04-03T03:37:22.051+0600][59.464s][info][gc,heap     ] GC(72) y: Soft Max Capacity: 2000M(100%)
[2026-04-03T03:37:22.051+0600][59.464s][info][gc,heap     ] GC(72) y: Heap Statistics:
[2026-04-03T03:37:22.051+0600][59.464s][info][gc,heap     ] GC(72) y:                Mark Start          Mark End        Relocate Start      Relocate End           High               Low         
[2026-04-03T03:37:22.051+0600][59.464s][info][gc,heap     ] GC(72) y:  Capacity:     2000M (100%)       2000M (100%)       2000M (100%)       2000M (100%)       2000M (100%)       2000M (100%)   
[2026-04-03T03:37:22.051+0600][59.464s][info][gc,heap     ] GC(72) y:      Free:     1202M (60%)        1070M (54%)        1090M (55%)        1340M (67%)        1340M (67%)        1068M (53%)    
[2026-04-03T03:37:22.051+0600][59.464s][info][gc,heap     ] GC(72) y:      Used:      798M (40%)         930M (46%)         910M (46%)         660M (33%)         932M (47%)         660M (33%)    
[2026-04-03T03:37:22.051+0600][59.464s][info][gc,heap     ] GC(72) y: Young Generation Statistics:
[2026-04-03T03:37:22.051+0600][59.464s][info][gc,heap     ] GC(72) y:                Mark Start          Mark End        Relocate Start      Relocate End    
[2026-04-03T03:37:22.051+0600][59.464s][info][gc,heap     ] GC(72) y:      Used:      460M (23%)         592M (30%)         572M (29%)         322M (16%)    
[2026-04-03T03:37:22.051+0600][59.464s][info][gc,heap     ] GC(72) y:      Live:         -               152M (8%)          152M (8%)          152M (8%)     
[2026-04-03T03:37:22.051+0600][59.464s][info][gc,heap     ] GC(72) y:   Garbage:         -               307M (15%)         287M (14%)          12M (1%)     
[2026-04-03T03:37:22.051+0600][59.464s][info][gc,heap     ] GC(72) y: Allocated:         -               132M (7%)          132M (7%)          157M (8%)     
[2026-04-03T03:37:22.051+0600][59.464s][info][gc,heap     ] GC(72) y: Reclaimed:         -                  -                20M (1%)          295M (15%)    
[2026-04-03T03:37:22.051+0600][59.464s][info][gc,heap     ] GC(72) y:  Promoted:         -                  -                 0M (0%)            0M (0%)     
[2026-04-03T03:37:22.051+0600][59.464s][info][gc,heap     ] GC(72) y: Compacted:         -                  -                  -                20M (1%)     
[2026-04-03T03:37:22.051+0600][59.464s][info][gc,phases   ] GC(72) y: Young Generation 798M(40%)->660M(33%) 0.542s
[2026-04-03T03:37:22.051+0600][59.464s][info][gc          ] GC(72) Minor Collection (Allocation Rate) 798M(40%)->660M(33%) 0.542s
[2026-04-03T03:37:22.051+0600][59.464s][info][gc          ] GC(73) Minor Collection (Allocation Rate)
[2026-04-03T03:37:22.051+0600][59.464s][info][gc,task     ] GC(73) Using 3 Workers for Young Generation
[2026-04-03T03:37:22.051+0600][59.464s][info][gc,phases   ] GC(73) y: Young Generation
[2026-04-03T03:37:22.051+0600][59.465s][info][gc,phases   ] GC(73) y: Pause Mark Start 0.056ms
[2026-04-03T03:37:22.601+0600][60.014s][info][gc,phases   ] GC(73) y: Concurrent Mark 549.329ms
[2026-04-03T03:37:22.602+0600][60.016s][info][gc,phases   ] GC(73) y: Pause Mark End 0.066ms
[2026-04-03T03:37:22.603+0600][60.016s][info][gc,phases   ] GC(73) y: Concurrent Mark Free 0.003ms
[2026-04-03T03:37:22.603+0600][60.016s][info][gc,phases   ] GC(73) y: Concurrent Reset Relocation Set 0.029ms
[2026-04-03T03:37:22.607+0600][60.020s][info][gc,reloc    ] GC(73) y: Using tenuring threshold: 1 (Computed)
[2026-04-03T03:37:22.671+0600][60.084s][info][gc,phases   ] GC(73) y: Concurrent Select Relocation Set 68.339ms
[2026-04-03T03:37:22.671+0600][60.085s][info][gc,phases   ] GC(73) y: Pause Relocate Start 0.032ms
[2026-04-03T03:37:22.852+0600][60.265s][info][gc,phases   ] GC(73) y: Concurrent Relocate 180.264ms
[2026-04-03T03:37:22.852+0600][60.265s][info][gc,alloc    ] GC(73) y:                         Mark Start        Mark End      Relocate Start    Relocate End   
[2026-04-03T03:37:22.852+0600][60.265s][info][gc,alloc    ] GC(73) y: Allocation Stalls:          0                0                0                0         
[2026-04-03T03:37:22.852+0600][60.265s][info][gc,load     ] GC(73) y: Load: 4.92 (41%) / 4.46 (37%) / 4.73 (39%)
[2026-04-03T03:37:22.852+0600][60.265s][info][gc,mmu      ] GC(73) y: MMU: 2ms/91.9%, 5ms/95.9%, 10ms/97.9%, 20ms/99.0%, 50ms/99.6%, 100ms/99.6%
[2026-04-03T03:37:22.852+0600][60.265s][info][gc,marking  ] GC(73) y: Mark: 2 stripe(s), 4 proactive flush(es), 1 terminate flush(es), 0 completion(s), 0 continuation(s) 
[2026-04-03T03:37:22.852+0600][60.265s][info][gc,marking  ] GC(73) y: Mark Stack Usage: 32M
[2026-04-03T03:37:22.852+0600][60.265s][info][gc,nmethod  ] GC(73) y: NMethods: 7065 registered, 515 unregistered
[2026-04-03T03:37:22.852+0600][60.265s][info][gc,metaspace] GC(73) y: Metaspace: 71M used, 72M committed, 1088M reserved
[2026-04-03T03:37:22.852+0600][60.265s][info][gc,reloc    ] GC(73) y:                        Candidates     Selected     In-Place         Size        Empty    Relocated 
[2026-04-03T03:37:22.852+0600][60.265s][info][gc,reloc    ] GC(73) y: Small Pages:                  113           59            0         226M           0M           9M 
[2026-04-03T03:37:22.852+0600][60.265s][info][gc,reloc    ] GC(73) y: Medium Pages:                   1            0            0          32M           0M           0M 
[2026-04-03T03:37:22.852+0600][60.265s][info][gc,reloc    ] GC(73) y: Large Pages:                    4            0            0          64M          10M           0M 
[2026-04-03T03:37:22.852+0600][60.265s][info][gc,reloc    ] GC(73) y: Forwarding Usage: 11M
[2026-04-03T03:37:22.852+0600][60.265s][info][gc,reloc    ] GC(73) y: Age Table:
[2026-04-03T03:37:22.852+0600][60.265s][info][gc,reloc    ] GC(73) y:                    Live             Garbage             Small              Medium             Large        
[2026-04-03T03:37:22.852+0600][60.265s][info][gc,reloc    ] GC(73) y: Eden               9M (0%)          122M (6%)          50 / 46             1 / 0              0 / 0        
[2026-04-03T03:37:22.852+0600][60.265s][info][gc,reloc    ] GC(73) y: Survivor 1        67M (3%)           10M (1%)          12 / 5              0 / 0              3 / 0        
[2026-04-03T03:37:22.852+0600][60.265s][info][gc,reloc    ] GC(73) y: Survivor 2        36M (2%)           23M (1%)          25 / 4              0 / 0              1 / 0        
[2026-04-03T03:37:22.852+0600][60.265s][info][gc,reloc    ] GC(73) y: Survivor 3        35M (2%)           16M (1%)          26 / 4              0 / 0              0 / 0        
[2026-04-03T03:37:22.852+0600][60.265s][info][gc,heap     ] GC(73) y: Min Capacity: 8M(0%)
[2026-04-03T03:37:22.852+0600][60.266s][info][gc,heap     ] GC(73) y: Max Capacity: 2000M(100%)
[2026-04-03T03:37:22.852+0600][60.266s][info][gc,heap     ] GC(73) y: Soft Max Capacity: 2000M(100%)
[2026-04-03T03:37:22.852+0600][60.266s][info][gc,heap     ] GC(73) y: Heap Statistics:
[2026-04-03T03:37:22.852+0600][60.266s][info][gc,heap     ] GC(73) y:                Mark Start          Mark End        Relocate Start      Relocate End           High               Low         
[2026-04-03T03:37:22.852+0600][60.266s][info][gc,heap     ] GC(73) y:  Capacity:     2000M (100%)       2000M (100%)       2000M (100%)       2000M (100%)       2000M (100%)       2000M (100%)   
[2026-04-03T03:37:22.852+0600][60.266s][info][gc,heap     ] GC(73) y:      Free:     1340M (67%)        1290M (64%)        1294M (65%)        1382M (69%)        1398M (70%)        1284M (64%)    
[2026-04-03T03:37:22.852+0600][60.266s][info][gc,heap     ] GC(73) y:      Used:      660M (33%)         710M (36%)         706M (35%)         618M (31%)         716M (36%)         602M (30%)    
[2026-04-03T03:37:22.852+0600][60.266s][info][gc,heap     ] GC(73) y: Young Generation Statistics:
[2026-04-03T03:37:22.852+0600][60.266s][info][gc,heap     ] GC(73) y:                Mark Start          Mark End        Relocate Start      Relocate End    
[2026-04-03T03:37:22.852+0600][60.266s][info][gc,heap     ] GC(73) y:      Used:      322M (16%)         372M (19%)         220M (11%)         120M (6%)     
[2026-04-03T03:37:22.852+0600][60.266s][info][gc,heap     ] GC(73) y:      Live:         -               148M (7%)           15M (1%)            9M (0%)     
[2026-04-03T03:37:22.852+0600][60.266s][info][gc,heap     ] GC(73) y:   Garbage:         -               173M (9%)          148M (7%)           28M (1%)     
[2026-04-03T03:37:22.852+0600][60.266s][info][gc,heap     ] GC(73) y: Allocated:         -                50M (2%)           56M (3%)           82M (4%)     
[2026-04-03T03:37:22.852+0600][60.266s][info][gc,heap     ] GC(73) y: Reclaimed:         -                  -                25M (1%)          145M (7%)     
[2026-04-03T03:37:22.852+0600][60.266s][info][gc,heap     ] GC(73) y:  Promoted:         -                  -               132M (7%)          139M (7%)     
[2026-04-03T03:37:22.852+0600][60.266s][info][gc,heap     ] GC(73) y: Compacted:         -                  -                  -                 5M (0%)     
[2026-04-03T03:37:22.852+0600][60.266s][info][gc,phases   ] GC(73) y: Young Generation 660M(33%)->618M(31%) 0.801s
[2026-04-03T03:37:22.852+0600][60.266s][info][gc          ] GC(73) Minor Collection (Allocation Rate) 660M(33%)->618M(31%) 0.801s
[2026-04-03T03:37:22.853+0600][60.266s][info][gc          ] GC(74) Major Collection (Allocation Rate)
[2026-04-03T03:37:22.853+0600][60.266s][info][gc,task     ] GC(74) Using 3 Workers for Young Generation
[2026-04-03T03:37:22.853+0600][60.266s][info][gc,task     ] GC(74) Using 2 Workers for Old Generation
[2026-04-03T03:37:22.853+0600][60.266s][info][gc,phases   ] GC(74) Y: Young Generation
[2026-04-03T03:37:22.853+0600][60.266s][info][gc,phases   ] GC(74) Y: Pause Mark Start (Major) 0.025ms
[2026-04-03T03:37:22.908+0600][60.321s][info][gc,phases   ] GC(74) Y: Concurrent Mark 54.772ms
[2026-04-03T03:37:22.908+0600][60.322s][info][gc,phases   ] GC(74) Y: Pause Mark End 0.026ms
[2026-04-03T03:37:22.908+0600][60.322s][info][gc,phases   ] GC(74) Y: Concurrent Mark Free 0.001ms
[2026-04-03T03:37:22.908+0600][60.322s][info][gc,phases   ] GC(74) Y: Concurrent Reset Relocation Set 0.134ms
[2026-04-03T03:37:22.912+0600][60.326s][info][gc,reloc    ] GC(74) Y: Using tenuring threshold: 1 (Computed)
[2026-04-03T03:37:22.918+0600][60.331s][info][gc,phases   ] GC(74) Y: Concurrent Select Relocation Set 9.076ms
[2026-04-03T03:37:22.918+0600][60.331s][info][gc,phases   ] GC(74) Y: Pause Relocate Start 0.022ms
[2026-04-03T03:37:22.923+0600][60.336s][info][gc,phases   ] GC(74) Y: Concurrent Relocate 4.617ms
[2026-04-03T03:37:22.923+0600][60.336s][info][gc,alloc    ] GC(74) Y:                         Mark Start        Mark End      Relocate Start    Relocate End   
[2026-04-03T03:37:22.923+0600][60.336s][info][gc,alloc    ] GC(74) Y: Allocation Stalls:          0                0                0                0         
[2026-04-03T03:37:22.923+0600][60.336s][info][gc,load     ] GC(74) Y: Load: 4.92 (41%) / 4.46 (37%) / 4.73 (39%)
[2026-04-03T03:37:22.923+0600][60.336s][info][gc,mmu      ] GC(74) Y: MMU: 2ms/91.9%, 5ms/95.9%, 10ms/97.9%, 20ms/99.0%, 50ms/99.6%, 100ms/99.6%
[2026-04-03T03:37:22.923+0600][60.336s][info][gc,marking  ] GC(74) Y: Mark: 2 stripe(s), 2 proactive flush(es), 1 terminate flush(es), 0 completion(s), 0 continuation(s) 
[2026-04-03T03:37:22.923+0600][60.336s][info][gc,marking  ] GC(74) Y: Mark Stack Usage: 32M
[2026-04-03T03:37:22.923+0600][60.336s][info][gc,nmethod  ] GC(74) Y: NMethods: 7066 registered, 515 unregistered
[2026-04-03T03:37:22.923+0600][60.336s][info][gc,metaspace] GC(74) Y: Metaspace: 71M used, 72M committed, 1088M reserved
[2026-04-03T03:37:22.923+0600][60.336s][info][gc,reloc    ] GC(74) Y:                        Candidates     Selected     In-Place         Size        Empty    Relocated 
[2026-04-03T03:37:22.923+0600][60.336s][info][gc,reloc    ] GC(74) Y: Small Pages:                   28           17            0          56M          14M           0M 
[2026-04-03T03:37:22.923+0600][60.336s][info][gc,reloc    ] GC(74) Y: Medium Pages:                   2            0            0          64M          64M           0M 
[2026-04-03T03:37:22.923+0600][60.336s][info][gc,reloc    ] GC(74) Y: Large Pages:                    0            0            0           0M           0M           0M 
[2026-04-03T03:37:22.923+0600][60.336s][info][gc,reloc    ] GC(74) Y: Forwarding Usage: 0M
[2026-04-03T03:37:22.923+0600][60.336s][info][gc,reloc    ] GC(74) Y: Age Table:
[2026-04-03T03:37:22.923+0600][60.336s][info][gc,reloc    ] GC(74) Y:                    Live             Garbage             Small              Medium             Large        
[2026-04-03T03:37:22.923+0600][60.336s][info][gc,reloc    ] GC(74) Y: Eden               0M (0%)           75M (4%)          22 / 14             1 / 0              0 / 0        
[2026-04-03T03:37:22.923+0600][60.336s][info][gc,reloc    ] GC(74) Y: Survivor 1         5M (0%)           38M (2%)           6 / 3              1 / 0              0 / 0        
[2026-04-03T03:37:22.923+0600][60.336s][info][gc,heap     ] GC(74) Y: Min Capacity: 8M(0%)
[2026-04-03T03:37:22.923+0600][60.336s][info][gc,heap     ] GC(74) Y: Max Capacity: 2000M(100%)
[2026-04-03T03:37:22.923+0600][60.336s][info][gc,heap     ] GC(74) Y: Soft Max Capacity: 2000M(100%)
[2026-04-03T03:37:22.923+0600][60.336s][info][gc,heap     ] GC(74) Y: Heap Statistics:
[2026-04-03T03:37:22.923+0600][60.336s][info][gc,heap     ] GC(74) Y:                Mark Start          Mark End        Relocate Start      Relocate End           High               Low         
[2026-04-03T03:37:22.923+0600][60.336s][info][gc,heap     ] GC(74) Y:  Capacity:     2000M (100%)       2000M (100%)       2000M (100%)       2000M (100%)       2000M (100%)       2000M (100%)   
[2026-04-03T03:37:22.923+0600][60.336s][info][gc,heap     ] GC(74) Y:      Free:     1382M (69%)        1372M (69%)        1446M (72%)        1464M (73%)        1464M (73%)        1370M (68%)    
[2026-04-03T03:37:22.923+0600][60.336s][info][gc,heap     ] GC(74) Y:      Used:      618M (31%)         628M (31%)         554M (28%)         536M (27%)         630M (32%)         536M (27%)    
[2026-04-03T03:37:22.923+0600][60.336s][info][gc,heap     ] GC(74) Y: Young Generation Statistics:
[2026-04-03T03:37:22.923+0600][60.336s][info][gc,heap     ] GC(74) Y:                Mark Start          Mark End        Relocate Start      Relocate End    
[2026-04-03T03:37:22.923+0600][60.336s][info][gc,heap     ] GC(74) Y:      Used:      120M (6%)          130M (6%)           50M (2%)           24M (1%)     
[2026-04-03T03:37:22.923+0600][60.336s][info][gc,heap     ] GC(74) Y:      Live:         -                 5M (0%)            0M (0%)            0M (0%)     
[2026-04-03T03:37:22.923+0600][60.336s][info][gc,heap     ] GC(74) Y:   Garbage:         -               114M (6%)           35M (2%)            0M (0%)     
[2026-04-03T03:37:22.923+0600][60.336s][info][gc,heap     ] GC(74) Y: Allocated:         -                10M (0%)           14M (1%)           23M (1%)     
[2026-04-03T03:37:22.923+0600][60.336s][info][gc,heap     ] GC(74) Y: Reclaimed:         -                  -                78M (4%)          114M (6%)     
[2026-04-03T03:37:22.923+0600][60.336s][info][gc,heap     ] GC(74) Y:  Promoted:         -                  -                 5M (0%)            5M (0%)     
[2026-04-03T03:37:22.923+0600][60.336s][info][gc,heap     ] GC(74) Y: Compacted:         -                  -                  -                 0M (0%)     
[2026-04-03T03:37:22.923+0600][60.336s][info][gc,phases   ] GC(74) Y: Young Generation 618M(31%)->536M(27%) 0.070s
[2026-04-03T03:37:22.923+0600][60.336s][info][gc,phases   ] GC(74) O: Old Generation
[2026-04-03T03:37:23.071+0600][60.484s][info][gc          ] GC(75) Minor Collection (Allocation Rate)
[2026-04-03T03:37:23.071+0600][60.484s][info][gc,task     ] GC(75) Using 1 Workers for Young Generation
[2026-04-03T03:37:23.071+0600][60.484s][info][gc,phases   ] GC(75) y: Young Generation
[2026-04-03T03:37:23.071+0600][60.485s][info][gc,phases   ] GC(75) y: Pause Mark Start 0.035ms
[2026-04-03T03:37:23.120+0600][60.533s][info][gc,phases   ] GC(75) y: Concurrent Mark 48.337ms
[2026-04-03T03:37:23.120+0600][60.533s][info][gc,phases   ] GC(75) y: Pause Mark End 0.034ms
[2026-04-03T03:37:23.120+0600][60.534s][info][gc,phases   ] GC(75) y: Concurrent Mark Free 0.002ms
[2026-04-03T03:37:23.120+0600][60.534s][info][gc,phases   ] GC(75) y: Concurrent Reset Relocation Set 0.017ms
[2026-04-03T03:37:23.127+0600][60.540s][info][gc,reloc    ] GC(75) y: Using tenuring threshold: 2 (Computed)
[2026-04-03T03:37:23.128+0600][60.541s][info][gc,phases   ] GC(75) y: Concurrent Select Relocation Set 7.264ms
[2026-04-03T03:37:23.128+0600][60.541s][info][gc,phases   ] GC(75) y: Pause Relocate Start 0.032ms
[2026-04-03T03:37:23.133+0600][60.546s][info][gc,phases   ] GC(75) y: Concurrent Relocate 4.811ms
[2026-04-03T03:37:23.133+0600][60.546s][info][gc,alloc    ] GC(75) y:                         Mark Start        Mark End      Relocate Start    Relocate End   
[2026-04-03T03:37:23.133+0600][60.546s][info][gc,alloc    ] GC(75) y: Allocation Stalls:          0                0                0                0         
[2026-04-03T03:37:23.133+0600][60.546s][info][gc,load     ] GC(75) y: Load: 4.92 (41%) / 4.46 (37%) / 4.73 (39%)
[2026-04-03T03:37:23.133+0600][60.546s][info][gc,mmu      ] GC(75) y: MMU: 2ms/91.9%, 5ms/95.9%, 10ms/97.9%, 20ms/99.0%, 50ms/99.6%, 100ms/99.6%
[2026-04-03T03:37:23.133+0600][60.546s][info][gc,marking  ] GC(75) y: Mark: 1 stripe(s), 2 proactive flush(es), 1 terminate flush(es), 0 completion(s), 0 continuation(s) 
[2026-04-03T03:37:23.133+0600][60.546s][info][gc,marking  ] GC(75) y: Mark Stack Usage: 32M
[2026-04-03T03:37:23.133+0600][60.546s][info][gc,nmethod  ] GC(75) y: NMethods: 7110 registered, 515 unregistered
[2026-04-03T03:37:23.133+0600][60.546s][info][gc,metaspace] GC(75) y: Metaspace: 71M used, 72M committed, 1088M reserved
[2026-04-03T03:37:23.133+0600][60.546s][info][gc,reloc    ] GC(75) y:                        Candidates     Selected     In-Place         Size        Empty    Relocated 
[2026-04-03T03:37:23.133+0600][60.547s][info][gc,reloc    ] GC(75) y: Small Pages:                   34           25            0          68M          16M           1M 
[2026-04-03T03:37:23.133+0600][60.547s][info][gc,reloc    ] GC(75) y: Medium Pages:                   1            0            0          32M          32M           0M 
[2026-04-03T03:37:23.133+0600][60.547s][info][gc,reloc    ] GC(75) y: Large Pages:                    1            0            0           6M           6M           0M 
[2026-04-03T03:37:23.133+0600][60.547s][info][gc,reloc    ] GC(75) y: Forwarding Usage: 0M
[2026-04-03T03:37:23.133+0600][60.547s][info][gc,reloc    ] GC(75) y: Age Table:
[2026-04-03T03:37:23.133+0600][60.547s][info][gc,reloc    ] GC(75) y:                    Live             Garbage             Small              Medium             Large        
[2026-04-03T03:37:23.133+0600][60.547s][info][gc,reloc    ] GC(75) y: Eden               1M (0%)           94M (5%)          29 / 21             1 / 0              1 / 0        
[2026-04-03T03:37:23.133+0600][60.547s][info][gc,reloc    ] GC(75) y: Survivor 1         0M (0%)            9M (0%)           5 / 4              0 / 0              0 / 0        
[2026-04-03T03:37:23.133+0600][60.547s][info][gc,heap     ] GC(75) y: Min Capacity: 8M(0%)
[2026-04-03T03:37:23.133+0600][60.547s][info][gc,heap     ] GC(75) y: Max Capacity: 2000M(100%)
[2026-04-03T03:37:23.133+0600][60.547s][info][gc,heap     ] GC(75) y: Soft Max Capacity: 2000M(100%)
[2026-04-03T03:37:23.133+0600][60.547s][info][gc,heap     ] GC(75) y: Heap Statistics:
[2026-04-03T03:37:23.133+0600][60.547s][info][gc,heap     ] GC(75) y:                Mark Start          Mark End        Relocate Start      Relocate End           High               Low         
[2026-04-03T03:37:23.133+0600][60.547s][info][gc,heap     ] GC(75) y:  Capacity:     2000M (100%)       2000M (100%)       2000M (100%)       2000M (100%)       2000M (100%)       2000M (100%)   
[2026-04-03T03:37:23.133+0600][60.547s][info][gc,heap     ] GC(75) y:      Free:     1382M (69%)        1312M (66%)        1360M (68%)        1400M (70%)        1400M (70%)        1306M (65%)    
[2026-04-03T03:37:23.133+0600][60.547s][info][gc,heap     ] GC(75) y:      Used:      618M (31%)         688M (34%)         640M (32%)         600M (30%)         694M (35%)         600M (30%)    
[2026-04-03T03:37:23.133+0600][60.547s][info][gc,heap     ] GC(75) y: Young Generation Statistics:
[2026-04-03T03:37:23.133+0600][60.547s][info][gc,heap     ] GC(75) y:                Mark Start          Mark End        Relocate Start      Relocate End    
[2026-04-03T03:37:23.133+0600][60.547s][info][gc,heap     ] GC(75) y:      Used:      106M (5%)          176M (9%)          128M (6%)           88M (4%)     
[2026-04-03T03:37:23.133+0600][60.547s][info][gc,heap     ] GC(75) y:      Live:         -                 1M (0%)            1M (0%)            1M (0%)     
[2026-04-03T03:37:23.133+0600][60.547s][info][gc,heap     ] GC(75) y:   Garbage:         -               104M (5%)           50M (3%)            0M (0%)     
[2026-04-03T03:37:23.133+0600][60.547s][info][gc,heap     ] GC(75) y: Allocated:         -                70M (4%)           76M (4%)           86M (4%)     
[2026-04-03T03:37:23.133+0600][60.547s][info][gc,heap     ] GC(75) y: Reclaimed:         -                  -                54M (3%)          104M (5%)     
[2026-04-03T03:37:23.133+0600][60.547s][info][gc,heap     ] GC(75) y:  Promoted:         -                  -                 0M (0%)            0M (0%)     
[2026-04-03T03:37:23.133+0600][60.547s][info][gc,heap     ] GC(75) y: Compacted:         -                  -                  -                 1M (0%)     
[2026-04-03T03:37:23.133+0600][60.547s][info][gc,phases   ] GC(75) y: Young Generation 618M(31%)->600M(30%) 0.062s
[2026-04-03T03:37:23.133+0600][60.547s][info][gc          ] GC(75) Minor Collection (Allocation Rate) 618M(31%)->600M(30%) 0.063s
[2026-04-03T03:37:23.158+0600][60.572s][info][gc          ] GC(76) Minor Collection (Allocation Rate)
[2026-04-03T03:37:23.158+0600][60.572s][info][gc,task     ] GC(76) Using 1 Workers for Young Generation
[2026-04-03T03:37:23.158+0600][60.572s][info][gc,phases   ] GC(76) y: Young Generation
[2026-04-03T03:37:23.159+0600][60.572s][info][gc,phases   ] GC(76) y: Pause Mark Start 0.062ms
[2026-04-03T03:37:23.335+0600][60.748s][info][gc,phases   ] GC(76) y: Concurrent Mark 176.203ms
[2026-04-03T03:37:23.335+0600][60.749s][info][gc,phases   ] GC(76) y: Pause Mark End 0.041ms
[2026-04-03T03:37:23.336+0600][60.749s][info][gc,phases   ] GC(76) y: Concurrent Mark Free 0.004ms
[2026-04-03T03:37:23.336+0600][60.749s][info][gc,phases   ] GC(76) y: Concurrent Reset Relocation Set 0.011ms
[2026-04-03T03:37:23.340+0600][60.753s][info][gc,reloc    ] GC(76) y: Using tenuring threshold: 3 (Computed)
[2026-04-03T03:37:23.355+0600][60.768s][info][gc,phases   ] GC(76) y: Concurrent Select Relocation Set 19.129ms
[2026-04-03T03:37:23.355+0600][60.769s][info][gc,phases   ] GC(76) y: Pause Relocate Start 0.043ms
[2026-04-03T03:37:23.432+0600][60.845s][info][gc,phases   ] GC(76) y: Concurrent Relocate 75.850ms
[2026-04-03T03:37:23.432+0600][60.845s][info][gc,alloc    ] GC(76) y:                         Mark Start        Mark End      Relocate Start    Relocate End   
[2026-04-03T03:37:23.432+0600][60.845s][info][gc,alloc    ] GC(76) y: Allocation Stalls:          0                0                0                0         
[2026-04-03T03:37:23.432+0600][60.845s][info][gc,load     ] GC(76) y: Load: 4.92 (41%) / 4.46 (37%) / 4.73 (39%)
[2026-04-03T03:37:23.432+0600][60.845s][info][gc,mmu      ] GC(76) y: MMU: 2ms/91.9%, 5ms/95.9%, 10ms/97.9%, 20ms/99.0%, 50ms/99.6%, 100ms/99.6%
[2026-04-03T03:37:23.432+0600][60.845s][info][gc,marking  ] GC(76) y: Mark: 1 stripe(s), 2 proactive flush(es), 1 terminate flush(es), 0 completion(s), 0 continuation(s) 
[2026-04-03T03:37:23.432+0600][60.845s][info][gc,marking  ] GC(76) y: Mark Stack Usage: 32M
[2026-04-03T03:37:23.432+0600][60.845s][info][gc,nmethod  ] GC(76) y: NMethods: 7112 registered, 515 unregistered
[2026-04-03T03:37:23.432+0600][60.845s][info][gc,metaspace] GC(76) y: Metaspace: 71M used, 72M committed, 1088M reserved
[2026-04-03T03:37:23.432+0600][60.845s][info][gc,reloc    ] GC(76) y:                        Candidates     Selected     In-Place         Size        Empty    Relocated 
[2026-04-03T03:37:23.432+0600][60.845s][info][gc,reloc    ] GC(76) y: Small Pages:                   32           26            0          64M           0M           7M 
[2026-04-03T03:37:23.432+0600][60.845s][info][gc,reloc    ] GC(76) y: Medium Pages:                   1            0            0          32M           0M           0M 
[2026-04-03T03:37:23.432+0600][60.845s][info][gc,reloc    ] GC(76) y: Large Pages:                    1            0            0           6M           0M           0M 
[2026-04-03T03:37:23.432+0600][60.845s][info][gc,reloc    ] GC(76) y: Forwarding Usage: 11M
[2026-04-03T03:37:23.432+0600][60.845s][info][gc,reloc    ] GC(76) y: Age Table:
[2026-04-03T03:37:23.432+0600][60.845s][info][gc,reloc    ] GC(76) y:                    Live             Garbage             Small              Medium             Large        
[2026-04-03T03:37:23.432+0600][60.845s][info][gc,reloc    ] GC(76) y: Eden              21M (1%)           70M (4%)          27 / 22             1 / 0              1 / 0        
[2026-04-03T03:37:23.432+0600][60.845s][info][gc,reloc    ] GC(76) y: Survivor 1         1M (0%)            6M (0%)           4 / 3              0 / 0              0 / 0        
[2026-04-03T03:37:23.432+0600][60.845s][info][gc,reloc    ] GC(76) y: Survivor 2         0M (0%)            1M (0%)           1 / 1              0 / 0              0 / 0        
[2026-04-03T03:37:23.432+0600][60.845s][info][gc,heap     ] GC(76) y: Min Capacity: 8M(0%)
[2026-04-03T03:37:23.432+0600][60.845s][info][gc,heap     ] GC(76) y: Max Capacity: 2000M(100%)
[2026-04-03T03:37:23.432+0600][60.845s][info][gc,heap     ] GC(76) y: Soft Max Capacity: 2000M(100%)
[2026-04-03T03:37:23.432+0600][60.845s][info][gc,heap     ] GC(76) y: Heap Statistics:
[2026-04-03T03:37:23.432+0600][60.845s][info][gc,heap     ] GC(76) y:                Mark Start          Mark End        Relocate Start      Relocate End           High               Low         
[2026-04-03T03:37:23.432+0600][60.845s][info][gc,heap     ] GC(76) y:  Capacity:     2000M (100%)       2000M (100%)       2000M (100%)       2000M (100%)       2000M (100%)       2000M (100%)   
[2026-04-03T03:37:23.432+0600][60.845s][info][gc,heap     ] GC(76) y:      Free:     1386M (69%)        1316M (66%)        1292M (65%)        1314M (66%)        1386M (69%)        1278M (64%)    
[2026-04-03T03:37:23.432+0600][60.845s][info][gc,heap     ] GC(76) y:      Used:      614M (31%)         684M (34%)         708M (35%)         686M (34%)         722M (36%)         614M (31%)    
[2026-04-03T03:37:23.432+0600][60.845s][info][gc,heap     ] GC(76) y: Young Generation Statistics:
[2026-04-03T03:37:23.432+0600][60.846s][info][gc,heap     ] GC(76) y:                Mark Start          Mark End        Relocate Start      Relocate End    
[2026-04-03T03:37:23.432+0600][60.846s][info][gc,heap     ] GC(76) y:      Used:      102M (5%)          172M (9%)          196M (10%)         174M (9%)     
[2026-04-03T03:37:23.432+0600][60.846s][info][gc,heap     ] GC(76) y:      Live:         -                22M (1%)           22M (1%)           22M (1%)     
[2026-04-03T03:37:23.432+0600][60.846s][info][gc,heap     ] GC(76) y:   Garbage:         -                79M (4%)           79M (4%)           25M (1%)     
[2026-04-03T03:37:23.432+0600][60.846s][info][gc,heap     ] GC(76) y: Allocated:         -                70M (4%)           94M (5%)          125M (6%)     
[2026-04-03T03:37:23.432+0600][60.846s][info][gc,heap     ] GC(76) y: Reclaimed:         -                  -                 0M (0%)           53M (3%)     
[2026-04-03T03:37:23.432+0600][60.846s][info][gc,heap     ] GC(76) y:  Promoted:         -                  -                 0M (0%)            0M (0%)     
[2026-04-03T03:37:23.432+0600][60.846s][info][gc,heap     ] GC(76) y: Compacted:         -                  -                  -                10M (1%)     
[2026-04-03T03:37:23.432+0600][60.846s][info][gc,phases   ] GC(76) y: Young Generation 614M(31%)->686M(34%) 0.273s
[2026-04-03T03:37:23.432+0600][60.846s][info][gc          ] GC(76) Minor Collection (Allocation Rate) 614M(31%)->686M(34%) 0.274s
[2026-04-03T03:37:23.626+0600][61.040s][info][gc          ] GC(77) Minor Collection (Allocation Rate)
[2026-04-03T03:37:23.626+0600][61.040s][info][gc,task     ] GC(77) Using 1 Workers for Young Generation
[2026-04-03T03:37:23.626+0600][61.040s][info][gc,phases   ] GC(77) y: Young Generation
[2026-04-03T03:37:23.627+0600][61.040s][info][gc,phases   ] GC(77) y: Pause Mark Start 0.043ms
[2026-04-03T03:37:23.632+0600][61.045s][info][gc,task     ] Adjusting Workers for Old Generation: 2 -> 1
[2026-04-03T03:37:23.697+0600][61.110s][info][gc,phases   ] GC(74) O: Concurrent Mark 774.078ms
[2026-04-03T03:37:23.697+0600][61.111s][info][gc,phases   ] GC(74) O: Pause Mark End 0.036ms
[2026-04-03T03:37:23.698+0600][61.111s][info][gc,phases   ] GC(74) O: Concurrent Mark Free 0.004ms
[2026-04-03T03:37:23.729+0600][61.142s][info][gc,phases   ] GC(74) O: Concurrent Process Non-Strong 31.253ms
[2026-04-03T03:37:23.729+0600][61.142s][info][gc,phases   ] GC(74) O: Concurrent Reset Relocation Set 0.004ms
[2026-04-03T03:37:23.756+0600][61.169s][info][gc,phases   ] GC(77) y: Concurrent Mark 129.248ms
[2026-04-03T03:37:23.756+0600][61.170s][info][gc,phases   ] GC(77) y: Pause Mark End 0.034ms
[2026-04-03T03:37:23.757+0600][61.170s][info][gc,phases   ] GC(77) y: Concurrent Mark Free 0.001ms
[2026-04-03T03:37:23.757+0600][61.170s][info][gc,phases   ] GC(77) y: Concurrent Reset Relocation Set 0.012ms
[2026-04-03T03:37:23.763+0600][61.176s][info][gc,reloc    ] GC(77) y: Using tenuring threshold: 4 (Computed)
[2026-04-03T03:37:23.766+0600][61.180s][info][gc,phases   ] GC(77) y: Concurrent Select Relocation Set 9.756ms
[2026-04-03T03:37:23.768+0600][61.181s][info][gc,phases   ] GC(77) y: Pause Relocate Start 0.032ms
[2026-04-03T03:37:23.791+0600][61.204s][info][gc,phases   ] GC(74) O: Concurrent Select Relocation Set 61.760ms
[2026-04-03T03:37:23.818+0600][61.232s][info][gc,phases   ] GC(77) y: Concurrent Relocate 50.209ms
[2026-04-03T03:37:23.818+0600][61.232s][info][gc,alloc    ] GC(77) y:                         Mark Start        Mark End      Relocate Start    Relocate End   
[2026-04-03T03:37:23.818+0600][61.232s][info][gc,alloc    ] GC(77) y: Allocation Stalls:          0                0                0                0         
[2026-04-03T03:37:23.819+0600][61.232s][info][gc,load     ] GC(77) y: Load: 4.92 (41%) / 4.46 (37%) / 4.73 (39%)
[2026-04-03T03:37:23.819+0600][61.232s][info][gc,mmu      ] GC(77) y: MMU: 2ms/91.9%, 5ms/95.9%, 10ms/97.9%, 20ms/99.0%, 50ms/99.6%, 100ms/99.6%
[2026-04-03T03:37:23.819+0600][61.232s][info][gc,marking  ] GC(77) y: Mark: 1 stripe(s), 2 proactive flush(es), 1 terminate flush(es), 0 completion(s), 0 continuation(s) 
[2026-04-03T03:37:23.819+0600][61.232s][info][gc,marking  ] GC(77) y: Mark Stack Usage: 32M
[2026-04-03T03:37:23.819+0600][61.232s][info][gc,nmethod  ] GC(77) y: NMethods: 7177 registered, 515 unregistered
[2026-04-03T03:37:23.819+0600][61.232s][info][gc,metaspace] GC(77) y: Metaspace: 71M used, 72M committed, 1088M reserved
[2026-04-03T03:37:23.819+0600][61.232s][info][gc,reloc    ] GC(77) y:                        Candidates     Selected     In-Place         Size        Empty    Relocated 
[2026-04-03T03:37:23.819+0600][61.232s][info][gc,reloc    ] GC(77) y: Small Pages:                  102           30            0         204M         134M           6M 
[2026-04-03T03:37:23.819+0600][61.232s][info][gc,reloc    ] GC(77) y: Medium Pages:                   2            0            0          64M          64M           0M 
[2026-04-03T03:37:23.819+0600][61.232s][info][gc,reloc    ] GC(77) y: Large Pages:                    6            0            0          48M          38M           0M 
[2026-04-03T03:37:23.819+0600][61.232s][info][gc,reloc    ] GC(77) y: Forwarding Usage: 8M
[2026-04-03T03:37:23.819+0600][61.232s][info][gc,reloc    ] GC(77) y: Age Table:
[2026-04-03T03:37:23.819+0600][61.232s][info][gc,reloc    ] GC(77) y:                    Live             Garbage             Small              Medium             Large        
[2026-04-03T03:37:23.819+0600][61.232s][info][gc,reloc    ] GC(77) y: Eden              16M (1%)          233M (12%)         88 / 20             1 / 0              5 / 0        
[2026-04-03T03:37:23.819+0600][61.232s][info][gc,reloc    ] GC(77) y: Survivor 1         1M (0%)           50M (3%)           7 / 5              1 / 0              1 / 0        
[2026-04-03T03:37:23.819+0600][61.232s][info][gc,reloc    ] GC(77) y: Survivor 2         0M (0%)           11M (1%)           6 / 4              0 / 0              0 / 0        
[2026-04-03T03:37:23.819+0600][61.232s][info][gc,reloc    ] GC(77) y: Survivor 3         0M (0%)            1M (0%)           1 / 1              0 / 0              0 / 0        
[2026-04-03T03:37:23.819+0600][61.232s][info][gc,heap     ] GC(77) y: Min Capacity: 8M(0%)
[2026-04-03T03:37:23.819+0600][61.232s][info][gc,heap     ] GC(77) y: Max Capacity: 2000M(100%)
[2026-04-03T03:37:23.819+0600][61.232s][info][gc,heap     ] GC(77) y: Soft Max Capacity: 2000M(100%)
[2026-04-03T03:37:23.819+0600][61.232s][info][gc,heap     ] GC(77) y: Heap Statistics:
[2026-04-03T03:37:23.819+0600][61.232s][info][gc,heap     ] GC(77) y:                Mark Start          Mark End        Relocate Start      Relocate End           High               Low         
[2026-04-03T03:37:23.819+0600][61.232s][info][gc,heap     ] GC(77) y:  Capacity:     2000M (100%)       2000M (100%)       2000M (100%)       2000M (100%)       2000M (100%)       2000M (100%)   
[2026-04-03T03:37:23.819+0600][61.232s][info][gc,heap     ] GC(77) y:      Free:     1172M (59%)        1188M (59%)        1418M (71%)        1438M (72%)        1450M (72%)        1056M (53%)    
[2026-04-03T03:37:23.819+0600][61.232s][info][gc,heap     ] GC(77) y:      Used:      828M (41%)         812M (41%)         582M (29%)         562M (28%)         944M (47%)         550M (28%)    
[2026-04-03T03:37:23.819+0600][61.232s][info][gc,heap     ] GC(77) y: Young Generation Statistics:
[2026-04-03T03:37:23.819+0600][61.232s][info][gc,heap     ] GC(77) y:                Mark Start          Mark End        Relocate Start      Relocate End    
[2026-04-03T03:37:23.819+0600][61.232s][info][gc,heap     ] GC(77) y:      Used:      316M (16%)         442M (22%)         212M (11%)         192M (10%)    
[2026-04-03T03:37:23.819+0600][61.232s][info][gc,heap     ] GC(77) y:      Live:         -                18M (1%)           18M (1%)           18M (1%)     
[2026-04-03T03:37:23.819+0600][61.232s][info][gc,heap     ] GC(77) y:   Garbage:         -               297M (15%)          61M (3%)            0M (0%)     
[2026-04-03T03:37:23.819+0600][61.232s][info][gc,heap     ] GC(77) y: Allocated:         -               126M (6%)          132M (7%)          173M (9%)     
[2026-04-03T03:37:23.819+0600][61.232s][info][gc,heap     ] GC(77) y: Reclaimed:         -                  -               236M (12%)         297M (15%)    
[2026-04-03T03:37:23.819+0600][61.232s][info][gc,heap     ] GC(77) y:  Promoted:         -                  -                 0M (0%)            0M (0%)     
[2026-04-03T03:37:23.819+0600][61.232s][info][gc,heap     ] GC(77) y: Compacted:         -                  -                  -                 8M (0%)     
[2026-04-03T03:37:23.819+0600][61.232s][info][gc,phases   ] GC(77) y: Young Generation 828M(41%)->562M(28%) 0.192s
[2026-04-03T03:37:23.819+0600][61.232s][info][gc          ] GC(77) Minor Collection (Allocation Rate) 828M(41%)->562M(28%) 0.193s
[2026-04-03T03:37:23.819+0600][61.233s][info][gc,task     ] GC(74) O: Using 2 Workers for Old Generation
[2026-04-03T03:37:23.857+0600][61.271s][info][gc,task     ] GC(74) O: Using 1 Workers for Old Generation
[2026-04-03T03:37:23.857+0600][61.271s][info][gc,phases   ] GC(74) O: Concurrent Remap Roots 38.323ms
[2026-04-03T03:37:23.858+0600][61.271s][info][gc,phases   ] GC(74) O: Pause Relocate Start 0.055ms
[2026-04-03T03:37:24.124+0600][61.538s][info][gc,phases   ] GC(74) O: Concurrent Relocate 266.493ms
[2026-04-03T03:37:24.125+0600][61.538s][info][gc,alloc    ] GC(74) O:                         Mark Start        Mark End      Relocate Start    Relocate End   
[2026-04-03T03:37:24.125+0600][61.538s][info][gc,alloc    ] GC(74) O: Allocation Stalls:          0                0                0                0         
[2026-04-03T03:37:24.125+0600][61.538s][info][gc,load     ] GC(74) O: Load: 4.92 (41%) / 4.46 (37%) / 4.73 (39%)
[2026-04-03T03:37:24.125+0600][61.538s][info][gc,mmu      ] GC(74) O: MMU: 2ms/91.9%, 5ms/95.9%, 10ms/97.9%, 20ms/99.0%, 50ms/99.6%, 100ms/99.6%
[2026-04-03T03:37:24.125+0600][61.538s][info][gc,marking  ] GC(74) O: Mark: 2 stripe(s), 2 proactive flush(es), 1 terminate flush(es), 0 completion(s), 0 continuation(s) 
[2026-04-03T03:37:24.125+0600][61.538s][info][gc,marking  ] GC(74) O: Mark Stack Usage: 32M
[2026-04-03T03:37:24.125+0600][61.538s][info][gc,nmethod  ] GC(74) O: NMethods: 7180 registered, 515 unregistered
[2026-04-03T03:37:24.125+0600][61.538s][info][gc,metaspace] GC(74) O: Metaspace: 71M used, 72M committed, 1088M reserved
[2026-04-03T03:37:24.125+0600][61.538s][info][gc,ref      ] GC(74) O:                       Encountered   Discovered     Enqueued 
[2026-04-03T03:37:24.125+0600][61.538s][info][gc,ref      ] GC(74) O: Soft References:             5097            0            0 
[2026-04-03T03:37:24.125+0600][61.538s][info][gc,ref      ] GC(74) O: Weak References:             7343         4245            4 
[2026-04-03T03:37:24.125+0600][61.538s][info][gc,ref      ] GC(74) O: Final References:              84            0            0 
[2026-04-03T03:37:24.125+0600][61.538s][info][gc,ref      ] GC(74) O: Phantom References:           606          376            0 
[2026-04-03T03:37:24.125+0600][61.538s][info][gc,reloc    ] GC(74) O:                        Candidates     Selected     In-Place         Size        Empty    Relocated 
[2026-04-03T03:37:24.125+0600][61.538s][info][gc,reloc    ] GC(74) O: Small Pages:                  191           34            0         382M          94M          19M 
[2026-04-03T03:37:24.125+0600][61.538s][info][gc,reloc    ] GC(74) O: Medium Pages:                   1            0            0          32M           0M           0M 
[2026-04-03T03:37:24.125+0600][61.538s][info][gc,reloc    ] GC(74) O: Large Pages:                    6            0            0          84M          48M           0M 
[2026-04-03T03:37:24.125+0600][61.538s][info][gc,reloc    ] GC(74) O: Forwarding Usage: 46M
[2026-04-03T03:37:24.125+0600][61.538s][info][gc,heap     ] GC(74) O: Min Capacity: 8M(0%)
[2026-04-03T03:37:24.125+0600][61.538s][info][gc,heap     ] GC(74) O: Max Capacity: 2000M(100%)
[2026-04-03T03:37:24.125+0600][61.538s][info][gc,heap     ] GC(74) O: Soft Max Capacity: 2000M(100%)
[2026-04-03T03:37:24.125+0600][61.538s][info][gc,heap     ] GC(74) O: Heap Statistics:
[2026-04-03T03:37:24.125+0600][61.538s][info][gc,heap     ] GC(74) O:                Mark Start          Mark End        Relocate Start      Relocate End           High               Low         
[2026-04-03T03:37:24.125+0600][61.538s][info][gc,heap     ] GC(74) O:  Capacity:     2000M (100%)       2000M (100%)       2000M (100%)       2000M (100%)       2000M (100%)       2000M (100%)   
[2026-04-03T03:37:24.125+0600][61.538s][info][gc,heap     ] GC(74) O:      Free:     1382M (69%)        1094M (55%)        1424M (71%)        1332M (67%)        1464M (73%)        1056M (53%)    
[2026-04-03T03:37:24.125+0600][61.538s][info][gc,heap     ] GC(74) O:      Used:      618M (31%)         906M (45%)         576M (29%)         668M (33%)         944M (47%)         536M (27%)    
[2026-04-03T03:37:24.125+0600][61.538s][info][gc,heap     ] GC(74) O: Old Generation Statistics:
[2026-04-03T03:37:24.125+0600][61.538s][info][gc,heap     ] GC(74) O:                Mark Start          Mark End        Relocate Start      Relocate End    
[2026-04-03T03:37:24.125+0600][61.538s][info][gc,heap     ] GC(74) O:      Used:      498M (25%)         512M (26%)         370M (18%)         300M (15%)    
[2026-04-03T03:37:24.125+0600][61.538s][info][gc,heap     ] GC(74) O:      Live:         -               256M (13%)         256M (13%)         256M (13%)    
[2026-04-03T03:37:24.125+0600][61.538s][info][gc,heap     ] GC(74) O:   Garbage:         -               241M (12%)          99M (5%)           24M (1%)     
[2026-04-03T03:37:24.125+0600][61.538s][info][gc,heap     ] GC(74) O: Allocated:         -                14M (1%)           14M (1%)           19M (1%)     
[2026-04-03T03:37:24.125+0600][61.538s][info][gc,heap     ] GC(74) O: Reclaimed:         -                  -               142M (7%)          217M (11%)    
[2026-04-03T03:37:24.125+0600][61.538s][info][gc,heap     ] GC(74) O: Compacted:         -                  -                  -                48M (2%)     
[2026-04-03T03:37:24.125+0600][61.538s][info][gc,phases   ] GC(74) O: Old Generation 536M(27%)->668M(33%) 1.202s
[2026-04-03T03:37:24.125+0600][61.538s][info][gc          ] GC(74) Major Collection (Allocation Rate) 618M(31%)->668M(33%) 1.273s
[2026-04-03T03:37:24.918+0600][62.331s][info][gc          ] GC(78) Minor Collection (Allocation Rate)
[2026-04-03T03:37:24.918+0600][62.331s][info][gc,task     ] GC(78) Using 2 Workers for Young Generation
[2026-04-03T03:37:24.918+0600][62.331s][info][gc,phases   ] GC(78) y: Young Generation
[2026-04-03T03:37:24.918+0600][62.332s][info][gc,phases   ] GC(78) y: Pause Mark Start 0.073ms
[2026-04-03T03:37:24.948+0600][62.361s][info][gc,phases   ] GC(78) y: Concurrent Mark 29.695ms
[2026-04-03T03:37:24.948+0600][62.362s][info][gc,phases   ] GC(78) y: Pause Mark End 0.057ms
[2026-04-03T03:37:24.949+0600][62.362s][info][gc,phases   ] GC(78) y: Concurrent Mark Free 0.001ms
[2026-04-03T03:37:24.949+0600][62.362s][info][gc,phases   ] GC(78) y: Concurrent Reset Relocation Set 0.010ms
[2026-04-03T03:37:24.954+0600][62.367s][info][gc,reloc    ] GC(78) y: Using tenuring threshold: 4 (Computed)
[2026-04-03T03:37:24.955+0600][62.369s][info][gc,phases   ] GC(78) y: Concurrent Select Relocation Set 6.609ms
[2026-04-03T03:37:24.956+0600][62.369s][info][gc,phases   ] GC(78) y: Pause Relocate Start 0.054ms
[2026-04-03T03:37:24.974+0600][62.388s][info][gc,phases   ] GC(78) y: Concurrent Relocate 18.532ms
[2026-04-03T03:37:24.974+0600][62.388s][info][gc,alloc    ] GC(78) y:                         Mark Start        Mark End      Relocate Start    Relocate End   
[2026-04-03T03:37:24.974+0600][62.388s][info][gc,alloc    ] GC(78) y: Allocation Stalls:          0                0                0                0         
[2026-04-03T03:37:24.975+0600][62.388s][info][gc,load     ] GC(78) y: Load: 4.92 (41%) / 4.46 (37%) / 4.73 (39%)
[2026-04-03T03:37:24.975+0600][62.388s][info][gc,mmu      ] GC(78) y: MMU: 2ms/91.9%, 5ms/95.9%, 10ms/97.9%, 20ms/99.0%, 50ms/99.6%, 100ms/99.6%
[2026-04-03T03:37:24.975+0600][62.388s][info][gc,marking  ] GC(78) y: Mark: 2 stripe(s), 2 proactive flush(es), 1 terminate flush(es), 0 completion(s), 0 continuation(s) 
[2026-04-03T03:37:24.975+0600][62.388s][info][gc,marking  ] GC(78) y: Mark Stack Usage: 32M
[2026-04-03T03:37:24.975+0600][62.388s][info][gc,nmethod  ] GC(78) y: NMethods: 7335 registered, 515 unregistered
[2026-04-03T03:37:24.975+0600][62.388s][info][gc,metaspace] GC(78) y: Metaspace: 71M used, 72M committed, 1088M reserved
[2026-04-03T03:37:24.975+0600][62.388s][info][gc,reloc    ] GC(78) y:                        Candidates     Selected     In-Place         Size        Empty    Relocated 
[2026-04-03T03:37:24.975+0600][62.388s][info][gc,reloc    ] GC(78) y: Small Pages:                  380           82            0         760M         588M           6M 
[2026-04-03T03:37:24.975+0600][62.388s][info][gc,reloc    ] GC(78) y: Medium Pages:                   2            1            0          64M           0M           0M 
[2026-04-03T03:37:24.975+0600][62.388s][info][gc,reloc    ] GC(78) y: Large Pages:                   16            0            0         124M         124M           0M 
[2026-04-03T03:37:24.975+0600][62.388s][info][gc,reloc    ] GC(78) y: Forwarding Usage: 5M
[2026-04-03T03:37:24.975+0600][62.388s][info][gc,reloc    ] GC(78) y: Age Table:
[2026-04-03T03:37:24.975+0600][62.388s][info][gc,reloc    ] GC(78) y:                    Live             Garbage             Small              Medium             Large        
[2026-04-03T03:37:24.975+0600][62.388s][info][gc,reloc    ] GC(78) y: Eden               7M (0%)          914M (46%)        372 / 78             2 / 1             15 / 0        
[2026-04-03T03:37:24.975+0600][62.388s][info][gc,reloc    ] GC(78) y: Survivor 1         0M (0%)           17M (1%)           4 / 1              0 / 0              1 / 0        
[2026-04-03T03:37:24.975+0600][62.388s][info][gc,reloc    ] GC(78) y: Survivor 2          -                 2M (0%)           1 / 0              0 / 0              0 / 0        
[2026-04-03T03:37:24.975+0600][62.388s][info][gc,reloc    ] GC(78) y: Survivor 3         0M (0%)            3M (0%)           2 / 2              0 / 0              0 / 0        
[2026-04-03T03:37:24.975+0600][62.388s][info][gc,reloc    ] GC(78) y: Survivor 4         0M (0%)            1M (0%)           1 / 1              0 / 0              0 / 0        
[2026-04-03T03:37:24.975+0600][62.388s][info][gc,heap     ] GC(78) y: Min Capacity: 8M(0%)
[2026-04-03T03:37:24.975+0600][62.388s][info][gc,heap     ] GC(78) y: Max Capacity: 2000M(100%)
[2026-04-03T03:37:24.975+0600][62.388s][info][gc,heap     ] GC(78) y: Soft Max Capacity: 2000M(100%)
[2026-04-03T03:37:24.975+0600][62.388s][info][gc,heap     ] GC(78) y: Heap Statistics:
[2026-04-03T03:37:24.975+0600][62.388s][info][gc,heap     ] GC(78) y:                Mark Start          Mark End        Relocate Start      Relocate End           High               Low         
[2026-04-03T03:37:24.975+0600][62.388s][info][gc,heap     ] GC(78) y:  Capacity:     2000M (100%)       2000M (100%)       2000M (100%)       2000M (100%)       2000M (100%)       2000M (100%)   
[2026-04-03T03:37:24.975+0600][62.388s][info][gc,heap     ] GC(78) y:      Free:      752M (38%)         660M (33%)        1360M (68%)        1480M (74%)        1480M (74%)         660M (33%)    
[2026-04-03T03:37:24.975+0600][62.388s][info][gc,heap     ] GC(78) y:      Used:     1248M (62%)        1340M (67%)         640M (32%)         520M (26%)        1340M (67%)         520M (26%)    
[2026-04-03T03:37:24.975+0600][62.388s][info][gc,heap     ] GC(78) y: Young Generation Statistics:
[2026-04-03T03:37:24.975+0600][62.388s][info][gc,heap     ] GC(78) y:                Mark Start          Mark End        Relocate Start      Relocate End    
[2026-04-03T03:37:24.975+0600][62.388s][info][gc,heap     ] GC(78) y:      Used:      948M (47%)        1040M (52%)         340M (17%)         218M (11%)    
[2026-04-03T03:37:24.975+0600][62.388s][info][gc,heap     ] GC(78) y:      Live:         -                 7M (0%)            7M (0%)            7M (0%)     
[2026-04-03T03:37:24.975+0600][62.388s][info][gc,heap     ] GC(78) y:   Garbage:         -               940M (47%)         228M (11%)           0M (0%)     
[2026-04-03T03:37:24.975+0600][62.388s][info][gc,heap     ] GC(78) y: Allocated:         -                92M (5%)          104M (5%)          209M (10%)    
[2026-04-03T03:37:24.975+0600][62.389s][info][gc,heap     ] GC(78) y: Reclaimed:         -                  -               712M (36%)         939M (47%)    
[2026-04-03T03:37:24.975+0600][62.389s][info][gc,heap     ] GC(78) y:  Promoted:         -                  -                 0M (0%)            0M (0%)     
[2026-04-03T03:37:24.975+0600][62.389s][info][gc,heap     ] GC(78) y: Compacted:         -                  -                  -                 8M (0%)     
[2026-04-03T03:37:24.975+0600][62.389s][info][gc,phases   ] GC(78) y: Young Generation 1248M(62%)->520M(26%) 0.056s
[2026-04-03T03:37:24.975+0600][62.389s][info][gc          ] GC(78) Minor Collection (Allocation Rate) 1248M(62%)->522M(26%) 0.057s
[2026-04-03T03:37:25.776+0600][63.190s][info][gc          ] GC(79) Minor Collection (Allocation Rate)
[2026-04-03T03:37:25.777+0600][63.190s][info][gc,task     ] GC(79) Using 2 Workers for Young Generation
[2026-04-03T03:37:25.777+0600][63.190s][info][gc,phases   ] GC(79) y: Young Generation
[2026-04-03T03:37:25.777+0600][63.190s][info][gc,phases   ] GC(79) y: Pause Mark Start 0.184ms
[2026-04-03T03:37:26.014+0600][63.428s][info][gc,phases   ] GC(79) y: Concurrent Mark 237.051ms
[2026-04-03T03:37:26.015+0600][63.428s][info][gc,phases   ] GC(79) y: Pause Mark End 0.035ms
[2026-04-03T03:37:26.015+0600][63.428s][info][gc,phases   ] GC(79) y: Concurrent Mark Free 0.003ms
[2026-04-03T03:37:26.015+0600][63.428s][info][gc,phases   ] GC(79) y: Concurrent Reset Relocation Set 0.015ms
[2026-04-03T03:37:26.019+0600][63.432s][info][gc,reloc    ] GC(79) y: Using tenuring threshold: 5 (Computed)
[2026-04-03T03:37:26.032+0600][63.445s][info][gc,phases   ] GC(79) y: Concurrent Select Relocation Set 16.564ms
[2026-04-03T03:37:26.032+0600][63.445s][info][gc,phases   ] GC(79) y: Pause Relocate Start 0.027ms
[2026-04-03T03:37:26.097+0600][63.510s][info][gc,phases   ] GC(79) y: Concurrent Relocate 64.940ms
[2026-04-03T03:37:26.097+0600][63.510s][info][gc,alloc    ] GC(79) y:                         Mark Start        Mark End      Relocate Start    Relocate End   
[2026-04-03T03:37:26.097+0600][63.510s][info][gc,alloc    ] GC(79) y: Allocation Stalls:          0                0                0                0         
[2026-04-03T03:37:26.097+0600][63.511s][info][gc,load     ] GC(79) y: Load: 4.77 (40%) / 4.44 (37%) / 4.73 (39%)
[2026-04-03T03:37:26.097+0600][63.511s][info][gc,mmu      ] GC(79) y: MMU: 2ms/90.8%, 5ms/95.9%, 10ms/97.9%, 20ms/99.0%, 50ms/99.6%, 100ms/99.6%
[2026-04-03T03:37:26.097+0600][63.511s][info][gc,marking  ] GC(79) y: Mark: 2 stripe(s), 2 proactive flush(es), 1 terminate flush(es), 0 completion(s), 0 continuation(s) 
[2026-04-03T03:37:26.097+0600][63.511s][info][gc,marking  ] GC(79) y: Mark Stack Usage: 32M
[2026-04-03T03:37:26.097+0600][63.511s][info][gc,nmethod  ] GC(79) y: NMethods: 7391 registered, 515 unregistered
[2026-04-03T03:37:26.097+0600][63.511s][info][gc,metaspace] GC(79) y: Metaspace: 71M used, 72M committed, 1088M reserved
[2026-04-03T03:37:26.097+0600][63.511s][info][gc,reloc    ] GC(79) y:                        Candidates     Selected     In-Place         Size        Empty    Relocated 
[2026-04-03T03:37:26.097+0600][63.511s][info][gc,reloc    ] GC(79) y: Small Pages:                  329          210            0         658M         202M          27M 
[2026-04-03T03:37:26.097+0600][63.511s][info][gc,reloc    ] GC(79) y: Medium Pages:                   6            1            0         192M          96M           6M 
[2026-04-03T03:37:26.097+0600][63.511s][info][gc,reloc    ] GC(79) y: Large Pages:                    7            0            0          42M          30M           0M 
[2026-04-03T03:37:26.097+0600][63.511s][info][gc,reloc    ] GC(79) y: Forwarding Usage: 25M
[2026-04-03T03:37:26.097+0600][63.511s][info][gc,reloc    ] GC(79) y: Age Table:
[2026-04-03T03:37:26.097+0600][63.511s][info][gc,reloc    ] GC(79) y:                    Live             Garbage             Small              Medium             Large        
[2026-04-03T03:37:26.097+0600][63.511s][info][gc,reloc    ] GC(79) y: Eden              72M (4%)          735M (37%)        319 / 204            4 / 1              7 / 0        
[2026-04-03T03:37:26.097+0600][63.511s][info][gc,reloc    ] GC(79) y: Survivor 1         2M (0%)           75M (4%)           7 / 4              2 / 0              0 / 0        
[2026-04-03T03:37:26.097+0600][63.511s][info][gc,reloc    ] GC(79) y: Survivor 2         0M (0%)            1M (0%)           1 / 1              0 / 0              0 / 0        
[2026-04-03T03:37:26.097+0600][63.511s][info][gc,reloc    ] GC(79) y: Survivor 3          -                 0M (0%)           0 / 0              0 / 0              0 / 0        
[2026-04-03T03:37:26.097+0600][63.511s][info][gc,reloc    ] GC(79) y: Survivor 4         0M (0%)            3M (0%)           2 / 1              0 / 0              0 / 0        
[2026-04-03T03:37:26.097+0600][63.511s][info][gc,heap     ] GC(79) y: Min Capacity: 8M(0%)
[2026-04-03T03:37:26.097+0600][63.511s][info][gc,heap     ] GC(79) y: Max Capacity: 2000M(100%)
[2026-04-03T03:37:26.097+0600][63.511s][info][gc,heap     ] GC(79) y: Soft Max Capacity: 2000M(100%)
[2026-04-03T03:37:26.097+0600][63.511s][info][gc,heap     ] GC(79) y: Heap Statistics:
[2026-04-03T03:37:26.097+0600][63.511s][info][gc,heap     ] GC(79) y:                Mark Start          Mark End        Relocate Start      Relocate End           High               Low         
[2026-04-03T03:37:26.097+0600][63.511s][info][gc,heap     ] GC(79) y:  Capacity:     2000M (100%)       2000M (100%)       2000M (100%)       2000M (100%)       2000M (100%)       2000M (100%)   
[2026-04-03T03:37:26.097+0600][63.511s][info][gc,heap     ] GC(79) y:      Free:      806M (40%)         576M (29%)         894M (45%)        1306M (65%)        1306M (65%)         576M (29%)    
[2026-04-03T03:37:26.097+0600][63.511s][info][gc,heap     ] GC(79) y:      Used:     1194M (60%)        1424M (71%)        1106M (55%)         694M (35%)        1424M (71%)         694M (35%)    
[2026-04-03T03:37:26.097+0600][63.511s][info][gc,heap     ] GC(79) y: Young Generation Statistics:
[2026-04-03T03:37:26.097+0600][63.511s][info][gc,heap     ] GC(79) y:                Mark Start          Mark End        Relocate Start      Relocate End    
[2026-04-03T03:37:26.097+0600][63.511s][info][gc,heap     ] GC(79) y:      Used:      892M (45%)        1122M (56%)         804M (40%)         392M (20%)    
[2026-04-03T03:37:26.098+0600][63.511s][info][gc,heap     ] GC(79) y:      Live:         -                74M (4%)           74M (4%)           74M (4%)     
[2026-04-03T03:37:26.098+0600][63.511s][info][gc,heap     ] GC(79) y:   Garbage:         -               817M (41%)         489M (24%)           8M (0%)     
[2026-04-03T03:37:26.098+0600][63.511s][info][gc,heap     ] GC(79) y: Allocated:         -               230M (12%)         240M (12%)         309M (15%)    
[2026-04-03T03:37:26.098+0600][63.511s][info][gc,heap     ] GC(79) y: Reclaimed:         -                  -               328M (16%)         809M (40%)    
[2026-04-03T03:37:26.098+0600][63.511s][info][gc,heap     ] GC(79) y:  Promoted:         -                  -                 0M (0%)            0M (0%)     
[2026-04-03T03:37:26.098+0600][63.511s][info][gc,heap     ] GC(79) y: Compacted:         -                  -                  -                36M (2%)     
[2026-04-03T03:37:26.098+0600][63.511s][info][gc,phases   ] GC(79) y: Young Generation 1194M(60%)->694M(35%) 0.321s
[2026-04-03T03:37:26.098+0600][63.511s][info][gc          ] GC(79) Minor Collection (Allocation Rate) 1194M(60%)->696M(35%) 0.321s
[2026-04-03T03:37:26.098+0600][63.511s][info][gc          ] GC(80) Minor Collection (Allocation Rate)
[2026-04-03T03:37:26.098+0600][63.511s][info][gc,task     ] GC(80) Using 3 Workers for Young Generation
[2026-04-03T03:37:26.098+0600][63.511s][info][gc,phases   ] GC(80) y: Young Generation
[2026-04-03T03:37:26.098+0600][63.512s][info][gc,phases   ] GC(80) y: Pause Mark Start 0.061ms
[2026-04-03T03:37:26.292+0600][63.706s][info][gc,phases   ] GC(80) y: Concurrent Mark 193.761ms
[2026-04-03T03:37:26.293+0600][63.706s][info][gc,phases   ] GC(80) y: Pause Mark End 0.024ms
[2026-04-03T03:37:26.293+0600][63.706s][info][gc,phases   ] GC(80) y: Concurrent Mark Free 0.002ms
[2026-04-03T03:37:26.293+0600][63.706s][info][gc,phases   ] GC(80) y: Concurrent Reset Relocation Set 0.038ms
[2026-04-03T03:37:26.298+0600][63.711s][info][gc,reloc    ] GC(80) y: Using tenuring threshold: 6 (Computed)
[2026-04-03T03:37:26.302+0600][63.715s][info][gc,phases   ] GC(80) y: Concurrent Select Relocation Set 8.541ms
[2026-04-03T03:37:26.302+0600][63.715s][info][gc,phases   ] GC(80) y: Pause Relocate Start 0.022ms
[2026-04-03T03:37:26.347+0600][63.761s][info][gc,phases   ] GC(80) y: Concurrent Relocate 45.278ms
[2026-04-03T03:37:26.347+0600][63.761s][info][gc,alloc    ] GC(80) y:                         Mark Start        Mark End      Relocate Start    Relocate End   
[2026-04-03T03:37:26.347+0600][63.761s][info][gc,alloc    ] GC(80) y: Allocation Stalls:          0                0                0                0         
[2026-04-03T03:37:26.347+0600][63.761s][info][gc,load     ] GC(80) y: Load: 4.77 (40%) / 4.44 (37%) / 4.73 (39%)
[2026-04-03T03:37:26.347+0600][63.761s][info][gc,mmu      ] GC(80) y: MMU: 2ms/90.8%, 5ms/95.9%, 10ms/97.9%, 20ms/99.0%, 50ms/99.6%, 100ms/99.6%
[2026-04-03T03:37:26.347+0600][63.761s][info][gc,marking  ] GC(80) y: Mark: 2 stripe(s), 3 proactive flush(es), 1 terminate flush(es), 0 completion(s), 0 continuation(s) 
[2026-04-03T03:37:26.347+0600][63.761s][info][gc,marking  ] GC(80) y: Mark Stack Usage: 32M
[2026-04-03T03:37:26.347+0600][63.761s][info][gc,nmethod  ] GC(80) y: NMethods: 7398 registered, 515 unregistered
[2026-04-03T03:37:26.347+0600][63.761s][info][gc,metaspace] GC(80) y: Metaspace: 71M used, 72M committed, 1088M reserved
[2026-04-03T03:37:26.347+0600][63.761s][info][gc,reloc    ] GC(80) y:                        Candidates     Selected     In-Place         Size        Empty    Relocated 
[2026-04-03T03:37:26.347+0600][63.761s][info][gc,reloc    ] GC(80) y: Small Pages:                  112           89            0         224M           2M          22M 
[2026-04-03T03:37:26.347+0600][63.761s][info][gc,reloc    ] GC(80) y: Medium Pages:                   4            1            0         128M          32M           6M 
[2026-04-03T03:37:26.347+0600][63.761s][info][gc,reloc    ] GC(80) y: Large Pages:                    7            0            0          42M          30M           0M 
[2026-04-03T03:37:26.347+0600][63.761s][info][gc,reloc    ] GC(80) y: Forwarding Usage: 29M
[2026-04-03T03:37:26.347+0600][63.761s][info][gc,reloc    ] GC(80) y: Age Table:
[2026-04-03T03:37:26.347+0600][63.761s][info][gc,reloc    ] GC(80) y:                    Live             Garbage             Small              Medium             Large        
[2026-04-03T03:37:26.347+0600][63.761s][info][gc,reloc    ] GC(80) y: Eden              55M (3%)          218M (11%)         90 / 78             2 / 1              5 / 0        
[2026-04-03T03:37:26.348+0600][63.761s][info][gc,reloc    ] GC(80) y: Survivor 1        22M (1%)           85M (4%)          16 / 6              2 / 0              2 / 0        
[2026-04-03T03:37:26.348+0600][63.761s][info][gc,reloc    ] GC(80) y: Survivor 2         1M (0%)            6M (0%)           4 / 3              0 / 0              0 / 0        
[2026-04-03T03:37:26.348+0600][63.761s][info][gc,reloc    ] GC(80) y: Survivor 3         0M (0%)            1M (0%)           1 / 1              0 / 0              0 / 0        
[2026-04-03T03:37:26.348+0600][63.761s][info][gc,reloc    ] GC(80) y: Survivor 4          -                 0M (0%)           0 / 0              0 / 0              0 / 0        
[2026-04-03T03:37:26.348+0600][63.761s][info][gc,reloc    ] GC(80) y: Survivor 5         0M (0%)            1M (0%)           1 / 1              0 / 0              0 / 0        
[2026-04-03T03:37:26.348+0600][63.761s][info][gc,heap     ] GC(80) y: Min Capacity: 8M(0%)
[2026-04-03T03:37:26.348+0600][63.761s][info][gc,heap     ] GC(80) y: Max Capacity: 2000M(100%)
[2026-04-03T03:37:26.348+0600][63.761s][info][gc,heap     ] GC(80) y: Soft Max Capacity: 2000M(100%)
[2026-04-03T03:37:26.348+0600][63.761s][info][gc,heap     ] GC(80) y: Heap Statistics:
[2026-04-03T03:37:26.348+0600][63.761s][info][gc,heap     ] GC(80) y:                Mark Start          Mark End        Relocate Start      Relocate End           High               Low         
[2026-04-03T03:37:26.348+0600][63.761s][info][gc,heap     ] GC(80) y:  Capacity:     2000M (100%)       2000M (100%)       2000M (100%)       2000M (100%)       2000M (100%)       2000M (100%)   
[2026-04-03T03:37:26.348+0600][63.761s][info][gc,heap     ] GC(80) y:      Free:     1304M (65%)        1204M (60%)        1268M (63%)        1372M (69%)        1372M (69%)        1152M (58%)    
[2026-04-03T03:37:26.348+0600][63.761s][info][gc,heap     ] GC(80) y:      Used:      696M (35%)         796M (40%)         732M (37%)         628M (31%)         848M (42%)         628M (31%)    
[2026-04-03T03:37:26.348+0600][63.761s][info][gc,heap     ] GC(80) y: Young Generation Statistics:
[2026-04-03T03:37:26.348+0600][63.761s][info][gc,heap     ] GC(80) y:                Mark Start          Mark End        Relocate Start      Relocate End    
[2026-04-03T03:37:26.348+0600][63.761s][info][gc,heap     ] GC(80) y:      Used:      394M (20%)         494M (25%)         430M (22%)         326M (16%)    
[2026-04-03T03:37:26.348+0600][63.761s][info][gc,heap     ] GC(80) y:      Live:         -                79M (4%)           79M (4%)           79M (4%)     
[2026-04-03T03:37:26.348+0600][63.761s][info][gc,heap     ] GC(80) y:   Garbage:         -               314M (16%)         250M (13%)          19M (1%)     
[2026-04-03T03:37:26.348+0600][63.761s][info][gc,heap     ] GC(80) y: Allocated:         -               100M (5%)          100M (5%)          227M (11%)    
[2026-04-03T03:37:26.348+0600][63.761s][info][gc,heap     ] GC(80) y: Reclaimed:         -                  -                64M (3%)          295M (15%)    
[2026-04-03T03:37:26.348+0600][63.761s][info][gc,heap     ] GC(80) y:  Promoted:         -                  -                 0M (0%)            0M (0%)     
[2026-04-03T03:37:26.348+0600][63.761s][info][gc,heap     ] GC(80) y: Compacted:         -                  -                  -                44M (2%)     
[2026-04-03T03:37:26.348+0600][63.761s][info][gc,phases   ] GC(80) y: Young Generation 696M(35%)->628M(31%) 0.249s
[2026-04-03T03:37:26.348+0600][63.761s][info][gc          ] GC(80) Minor Collection (Allocation Rate) 696M(35%)->628M(31%) 0.250s
[2026-04-03T03:37:26.348+0600][63.761s][info][gc          ] GC(81) Minor Collection (Allocation Rate)
[2026-04-03T03:37:26.348+0600][63.761s][info][gc,task     ] GC(81) Using 3 Workers for Young Generation
[2026-04-03T03:37:26.348+0600][63.761s][info][gc,phases   ] GC(81) y: Young Generation
[2026-04-03T03:37:26.348+0600][63.762s][info][gc,phases   ] GC(81) y: Pause Mark Start 0.046ms
[2026-04-03T03:37:26.497+0600][63.911s][info][gc,phases   ] GC(81) y: Concurrent Mark 148.694ms
[2026-04-03T03:37:26.498+0600][63.911s][info][gc,phases   ] GC(81) y: Pause Mark End 0.060ms
[2026-04-03T03:37:26.498+0600][63.911s][info][gc,phases   ] GC(81) y: Concurrent Mark Free 0.002ms
[2026-04-03T03:37:26.498+0600][63.911s][info][gc,phases   ] GC(81) y: Concurrent Reset Relocation Set 0.024ms
[2026-04-03T03:37:26.500+0600][63.914s][info][gc,reloc    ] GC(81) y: Using tenuring threshold: 2 (Computed)
[2026-04-03T03:37:26.510+0600][63.923s][info][gc,phases   ] GC(81) y: Concurrent Select Relocation Set 11.983ms
[2026-04-03T03:37:26.510+0600][63.924s][info][gc,phases   ] GC(81) y: Pause Relocate Start 0.020ms
[2026-04-03T03:37:26.548+0600][63.961s][info][gc,phases   ] GC(81) y: Concurrent Relocate 37.691ms
[2026-04-03T03:37:26.548+0600][63.962s][info][gc,alloc    ] GC(81) y:                         Mark Start        Mark End      Relocate Start    Relocate End   
[2026-04-03T03:37:26.548+0600][63.962s][info][gc,alloc    ] GC(81) y: Allocation Stalls:          0                0                0                0         
[2026-04-03T03:37:26.548+0600][63.962s][info][gc,load     ] GC(81) y: Load: 4.77 (40%) / 4.44 (37%) / 4.73 (39%)
[2026-04-03T03:37:26.548+0600][63.962s][info][gc,mmu      ] GC(81) y: MMU: 2ms/90.8%, 5ms/95.9%, 10ms/97.9%, 20ms/99.0%, 50ms/99.6%, 100ms/99.6%
[2026-04-03T03:37:26.548+0600][63.962s][info][gc,marking  ] GC(81) y: Mark: 2 stripe(s), 2 proactive flush(es), 1 terminate flush(es), 0 completion(s), 0 continuation(s) 
[2026-04-03T03:37:26.548+0600][63.962s][info][gc,marking  ] GC(81) y: Mark Stack Usage: 32M
[2026-04-03T03:37:26.548+0600][63.962s][info][gc,nmethod  ] GC(81) y: NMethods: 7418 registered, 515 unregistered
[2026-04-03T03:37:26.548+0600][63.962s][info][gc,metaspace] GC(81) y: Metaspace: 71M used, 72M committed, 1088M reserved
[2026-04-03T03:37:26.548+0600][63.962s][info][gc,reloc    ] GC(81) y:                        Candidates     Selected     In-Place         Size        Empty    Relocated 
[2026-04-03T03:37:26.548+0600][63.962s][info][gc,reloc    ] GC(81) y: Small Pages:                   55           32            0         110M           0M           8M 
[2026-04-03T03:37:26.548+0600][63.962s][info][gc,reloc    ] GC(81) y: Medium Pages:                   6            4            0         192M          32M          14M 
[2026-04-03T03:37:26.548+0600][63.962s][info][gc,reloc    ] GC(81) y: Large Pages:                    4            0            0          24M          18M           0M 
[2026-04-03T03:37:26.548+0600][63.962s][info][gc,reloc    ] GC(81) y: Forwarding Usage: 10M
[2026-04-03T03:37:26.548+0600][63.962s][info][gc,reloc    ] GC(81) y: Age Table:
[2026-04-03T03:37:26.548+0600][63.962s][info][gc,reloc    ] GC(81) y:                    Live             Garbage             Small              Medium             Large        
[2026-04-03T03:37:26.548+0600][63.962s][info][gc,reloc    ] GC(81) y: Eden               7M (0%)           92M (5%)          28 / 25             1 / 1              2 / 0        
[2026-04-03T03:37:26.548+0600][63.962s][info][gc,reloc    ] GC(81) y: Survivor 1        32M (2%)           97M (5%)          11 / 0              3 / 1              2 / 0        
[2026-04-03T03:37:26.548+0600][63.962s][info][gc,reloc    ] GC(81) y: Survivor 2        22M (1%)           63M (3%)          11 / 3              2 / 2              0 / 0        
[2026-04-03T03:37:26.548+0600][63.962s][info][gc,reloc    ] GC(81) y: Survivor 3         1M (0%)            4M (0%)           3 / 2              0 / 0              0 / 0        
[2026-04-03T03:37:26.548+0600][63.962s][info][gc,reloc    ] GC(81) y: Survivor 4         0M (0%)            1M (0%)           1 / 1              0 / 0              0 / 0        
[2026-04-03T03:37:26.548+0600][63.962s][info][gc,reloc    ] GC(81) y: Survivor 5          -                 0M (0%)           0 / 0              0 / 0              0 / 0        
[2026-04-03T03:37:26.548+0600][63.962s][info][gc,reloc    ] GC(81) y: Survivor 6         0M (0%)            1M (0%)           1 / 1              0 / 0              0 / 0        
[2026-04-03T03:37:26.548+0600][63.962s][info][gc,heap     ] GC(81) y: Min Capacity: 8M(0%)
[2026-04-03T03:37:26.548+0600][63.962s][info][gc,heap     ] GC(81) y: Max Capacity: 2000M(100%)
[2026-04-03T03:37:26.548+0600][63.962s][info][gc,heap     ] GC(81) y: Soft Max Capacity: 2000M(100%)
[2026-04-03T03:37:26.548+0600][63.962s][info][gc,heap     ] GC(81) y: Heap Statistics:
[2026-04-03T03:37:26.548+0600][63.962s][info][gc,heap     ] GC(81) y:                Mark Start          Mark End        Relocate Start      Relocate End           High               Low         
[2026-04-03T03:37:26.548+0600][63.962s][info][gc,heap     ] GC(81) y:  Capacity:     2000M (100%)       2000M (100%)       2000M (100%)       2000M (100%)       2000M (100%)       2000M (100%)   
[2026-04-03T03:37:26.548+0600][63.962s][info][gc,heap     ] GC(81) y:      Free:     1372M (69%)        1302M (65%)        1342M (67%)        1444M (72%)        1452M (73%)        1276M (64%)    
[2026-04-03T03:37:26.548+0600][63.962s][info][gc,heap     ] GC(81) y:      Used:      628M (31%)         698M (35%)         658M (33%)         556M (28%)         724M (36%)         548M (27%)    
[2026-04-03T03:37:26.548+0600][63.962s][info][gc,heap     ] GC(81) y: Young Generation Statistics:
[2026-04-03T03:37:26.548+0600][63.962s][info][gc,heap     ] GC(81) y:                Mark Start          Mark End        Relocate Start      Relocate End    
[2026-04-03T03:37:26.548+0600][63.962s][info][gc,heap     ] GC(81) y:      Used:      326M (16%)         396M (20%)         342M (17%)         200M (10%)    
[2026-04-03T03:37:26.548+0600][63.962s][info][gc,heap     ] GC(81) y:      Live:         -                63M (3%)           51M (3%)           39M (2%)     
[2026-04-03T03:37:26.549+0600][63.962s][info][gc,heap     ] GC(81) y:   Garbage:         -               262M (13%)         210M (11%)           0M (0%)     
[2026-04-03T03:37:26.549+0600][63.962s][info][gc,heap     ] GC(81) y: Allocated:         -                70M (4%)           80M (4%)          159M (8%)     
[2026-04-03T03:37:26.549+0600][63.962s][info][gc,heap     ] GC(81) y: Reclaimed:         -                  -                51M (3%)          262M (13%)    
[2026-04-03T03:37:26.549+0600][63.962s][info][gc,heap     ] GC(81) y:  Promoted:         -                  -                12M (1%)           23M (1%)     
[2026-04-03T03:37:26.549+0600][63.962s][info][gc,heap     ] GC(81) y: Compacted:         -                  -                  -                16M (1%)     
[2026-04-03T03:37:26.549+0600][63.962s][info][gc,phases   ] GC(81) y: Young Generation 628M(31%)->556M(28%) 0.200s
[2026-04-03T03:37:26.549+0600][63.962s][info][gc          ] GC(81) Minor Collection (Allocation Rate) 628M(31%)->556M(28%) 0.201s
[2026-04-03T03:37:26.780+0600][64.193s][info][gc          ] GC(82) Minor Collection (Allocation Rate)
[2026-04-03T03:37:26.780+0600][64.193s][info][gc,task     ] GC(82) Using 3 Workers for Young Generation
[2026-04-03T03:37:26.780+0600][64.193s][info][gc,phases   ] GC(82) y: Young Generation
[2026-04-03T03:37:26.780+0600][64.194s][info][gc,phases   ] GC(82) y: Pause Mark Start 0.017ms
[2026-04-03T03:37:26.872+0600][64.286s][info][gc,phases   ] GC(82) y: Concurrent Mark 91.889ms
[2026-04-03T03:37:26.873+0600][64.286s][info][gc,phases   ] GC(82) y: Pause Mark End 0.021ms
[2026-04-03T03:37:26.873+0600][64.286s][info][gc,phases   ] GC(82) y: Concurrent Mark Free 0.001ms
[2026-04-03T03:37:26.873+0600][64.286s][info][gc,phases   ] GC(82) y: Concurrent Reset Relocation Set 0.029ms
[2026-04-03T03:37:26.874+0600][64.288s][info][gc,reloc    ] GC(82) y: Using tenuring threshold: 1 (Computed)
[2026-04-03T03:37:26.897+0600][64.310s][info][gc,phases   ] GC(82) y: Concurrent Select Relocation Set 23.852ms
[2026-04-03T03:37:26.897+0600][64.310s][info][gc,phases   ] GC(82) y: Pause Relocate Start 0.017ms
[2026-04-03T03:37:26.945+0600][64.358s][info][gc,phases   ] GC(82) y: Concurrent Relocate 47.511ms
[2026-04-03T03:37:26.945+0600][64.358s][info][gc,alloc    ] GC(82) y:                         Mark Start        Mark End      Relocate Start    Relocate End   
[2026-04-03T03:37:26.945+0600][64.358s][info][gc,alloc    ] GC(82) y: Allocation Stalls:          0                0                0                0         
[2026-04-03T03:37:26.945+0600][64.358s][info][gc,load     ] GC(82) y: Load: 4.77 (40%) / 4.44 (37%) / 4.73 (39%)
[2026-04-03T03:37:26.945+0600][64.358s][info][gc,mmu      ] GC(82) y: MMU: 2ms/90.8%, 5ms/95.9%, 10ms/97.9%, 20ms/99.0%, 50ms/99.6%, 100ms/99.6%
[2026-04-03T03:37:26.945+0600][64.358s][info][gc,marking  ] GC(82) y: Mark: 2 stripe(s), 2 proactive flush(es), 1 terminate flush(es), 0 completion(s), 0 continuation(s) 
[2026-04-03T03:37:26.945+0600][64.358s][info][gc,marking  ] GC(82) y: Mark Stack Usage: 32M
[2026-04-03T03:37:26.945+0600][64.358s][info][gc,nmethod  ] GC(82) y: NMethods: 7427 registered, 515 unregistered
[2026-04-03T03:37:26.945+0600][64.358s][info][gc,metaspace] GC(82) y: Metaspace: 71M used, 72M committed, 1088M reserved
[2026-04-03T03:37:26.945+0600][64.358s][info][gc,reloc    ] GC(82) y:                        Candidates     Selected     In-Place         Size        Empty    Relocated 
[2026-04-03T03:37:26.945+0600][64.358s][info][gc,reloc    ] GC(82) y: Small Pages:                  230           70            0         460M         252M          15M 
[2026-04-03T03:37:26.945+0600][64.358s][info][gc,reloc    ] GC(82) y: Medium Pages:                   3            2            0          96M           0M           9M 
[2026-04-03T03:37:26.945+0600][64.358s][info][gc,reloc    ] GC(82) y: Large Pages:                    8            0            0          52M          28M           0M 
[2026-04-03T03:37:26.945+0600][64.358s][info][gc,reloc    ] GC(82) y: Forwarding Usage: 18M
[2026-04-03T03:37:26.945+0600][64.358s][info][gc,reloc    ] GC(82) y: Age Table:
[2026-04-03T03:37:26.945+0600][64.358s][info][gc,reloc    ] GC(82) y:                    Live             Garbage             Small              Medium             Large        
[2026-04-03T03:37:26.945+0600][64.358s][info][gc,reloc    ] GC(82) y: Eden              59M (3%)          450M (23%)        216 / 69             1 / 0              7 / 0        
[2026-04-03T03:37:26.945+0600][64.358s][info][gc,reloc    ] GC(82) y: Survivor 1         7M (0%)           32M (2%)           4 / 1              1 / 1              0 / 0        
[2026-04-03T03:37:26.945+0600][64.358s][info][gc,reloc    ] GC(82) y: Survivor 2        32M (2%)           25M (1%)          10 / 0              1 / 1              1 / 0        
[2026-04-03T03:37:26.945+0600][64.358s][info][gc,heap     ] GC(82) y: Min Capacity: 8M(0%)
[2026-04-03T03:37:26.945+0600][64.358s][info][gc,heap     ] GC(82) y: Max Capacity: 2000M(100%)
[2026-04-03T03:37:26.945+0600][64.358s][info][gc,heap     ] GC(82) y: Soft Max Capacity: 2000M(100%)
[2026-04-03T03:37:26.945+0600][64.358s][info][gc,heap     ] GC(82) y: Heap Statistics:
[2026-04-03T03:37:26.945+0600][64.358s][info][gc,heap     ] GC(82) y:                Mark Start          Mark End        Relocate Start      Relocate End           High               Low         
[2026-04-03T03:37:26.945+0600][64.358s][info][gc,heap     ] GC(82) y:  Capacity:     2000M (100%)       2000M (100%)       2000M (100%)       2000M (100%)       2000M (100%)       2000M (100%)   
[2026-04-03T03:37:26.945+0600][64.358s][info][gc,heap     ] GC(82) y:      Free:     1036M (52%)         854M (43%)        1078M (54%)        1148M (57%)        1194M (60%)         854M (43%)    
[2026-04-03T03:37:26.945+0600][64.358s][info][gc,heap     ] GC(82) y:      Used:      964M (48%)        1146M (57%)         922M (46%)         852M (43%)        1146M (57%)         806M (40%)    
[2026-04-03T03:37:26.945+0600][64.358s][info][gc,heap     ] GC(82) y: Young Generation Statistics:
[2026-04-03T03:37:26.945+0600][64.358s][info][gc,heap     ] GC(82) y:                Mark Start          Mark End        Relocate Start      Relocate End    
[2026-04-03T03:37:26.945+0600][64.358s][info][gc,heap     ] GC(82) y:      Used:      608M (30%)         790M (40%)         536M (27%)         430M (22%)    
[2026-04-03T03:37:26.945+0600][64.358s][info][gc,heap     ] GC(82) y:      Live:         -                98M (5%)           69M (3%)           59M (3%)     
[2026-04-03T03:37:26.945+0600][64.358s][info][gc,heap     ] GC(82) y:   Garbage:         -               509M (25%)         228M (11%)           0M (0%)     
[2026-04-03T03:37:26.945+0600][64.358s][info][gc,heap     ] GC(82) y: Allocated:         -               182M (9%)          238M (12%)         370M (19%)    
[2026-04-03T03:37:26.945+0600][64.358s][info][gc,heap     ] GC(82) y: Reclaimed:         -                  -               281M (14%)         509M (25%)    
[2026-04-03T03:37:26.945+0600][64.358s][info][gc,heap     ] GC(82) y:  Promoted:         -                  -                28M (1%)           39M (2%)     
[2026-04-03T03:37:26.945+0600][64.358s][info][gc,heap     ] GC(82) y: Compacted:         -                  -                  -                19M (1%)     
[2026-04-03T03:37:26.945+0600][64.358s][info][gc,phases   ] GC(82) y: Young Generation 964M(48%)->852M(43%) 0.165s
[2026-04-03T03:37:26.945+0600][64.358s][info][gc          ] GC(82) Minor Collection (Allocation Rate) 964M(48%)->854M(43%) 0.165s
[2026-04-03T03:37:27.631+0600][65.044s][info][gc,exit     ] Stopping ZGC
[2026-04-03T03:37:27.631+0600][65.045s][info][gc,stats    ] === Garbage Collection Statistics =======================================================================================================================
[2026-04-03T03:37:27.631+0600][65.045s][info][gc,stats    ]                                                              Last 10s              Last 10m              Last 10h                Total
[2026-04-03T03:37:27.631+0600][65.045s][info][gc,stats    ]                                                              Avg / Max             Avg / Max             Avg / Max             Avg / Max
[2026-04-03T03:37:27.631+0600][65.045s][info][gc,stats    ]        Contention: Mark Segment Reset Contention                     1 / 4                 2 / 29                2 / 29                2 / 29          ops/s
[2026-04-03T03:37:27.631+0600][65.045s][info][gc,stats    ]        Contention: Mark SeqNum Reset Contention                      0 / 0                 0 / 1                 0 / 1                 0 / 1           ops/s
[2026-04-03T03:37:27.631+0600][65.045s][info][gc,stats    ]          Critical: Allocation Stall                                  0 / 0                 0 / 5                 0 / 5                 0 / 5           ops/s
[2026-04-03T03:37:27.631+0600][65.045s][info][gc,stats    ]          Critical: Allocation Stall                              0.000 / 0.000       150.364 / 207.423     150.364 / 207.423     150.364 / 207.423     ms
[2026-04-03T03:37:27.631+0600][65.045s][info][gc,stats    ]          Critical: JNI Critical Stall                                0 / 0                 0 / 3                 0 / 3                 0 / 3           ops/s
[2026-04-03T03:37:27.631+0600][65.045s][info][gc,stats    ]          Critical: JNI Critical Stall                            0.000 / 0.000         1.993 / 12.994        1.993 / 12.994        1.993 / 12.994      ms
[2026-04-03T03:37:27.631+0600][65.045s][info][gc,stats    ]          Critical: Relocation Stall                                  0 / 0                 0 / 3                 0 / 3                 0 / 3           ops/s
[2026-04-03T03:37:27.631+0600][65.045s][info][gc,stats    ]          Critical: Relocation Stall                              0.000 / 0.000         1.116 / 1.621         1.116 / 1.621         1.116 / 1.621       ms
[2026-04-03T03:37:27.631+0600][65.045s][info][gc,stats    ]  Major Collection: Major Collection                           2413.453 / 3643.624   1506.843 / 3643.624   1506.843 / 3643.624   1506.843 / 3643.624    ms
[2026-04-03T03:37:27.631+0600][65.045s][info][gc,stats    ]            Memory: Allocation Rate                                 576 / 1012            545 / 2380            545 / 2380            545 / 2380        MB/s
[2026-04-03T03:37:27.631+0600][65.045s][info][gc,stats    ]            Memory: Defragment                                        0 / 1                 3 / 53                3 / 53                3 / 53          ops/s
[2026-04-03T03:37:27.631+0600][65.045s][info][gc,stats    ]            Memory: Out Of Memory                                     0 / 0                 0 / 0                 0 / 0                 0 / 0           ops/s
[2026-04-03T03:37:27.631+0600][65.045s][info][gc,stats    ]            Memory: Page Cache Flush                                 22 / 130              25 / 164              25 / 164              25 / 164         MB/s
[2026-04-03T03:37:27.631+0600][65.045s][info][gc,stats    ]            Memory: Page Cache Hit L1                               263 / 430             244 / 1135            244 / 1135            244 / 1135        ops/s
[2026-04-03T03:37:27.631+0600][65.045s][info][gc,stats    ]            Memory: Page Cache Hit L2                                 0 / 0                 0 / 0                 0 / 0                 0 / 0           ops/s
[2026-04-03T03:37:27.631+0600][65.045s][info][gc,stats    ]            Memory: Page Cache Hit L3                                 0 / 3                 5 / 108               5 / 108               5 / 108         ops/s
[2026-04-03T03:37:27.631+0600][65.045s][info][gc,stats    ]            Memory: Page Cache Miss                                   0 / 4                11 / 325              11 / 325              11 / 325         ops/s
[2026-04-03T03:37:27.631+0600][65.045s][info][gc,stats    ]            Memory: Uncommit                                          0 / 0                 0 / 0                 0 / 0                 0 / 0           MB/s
[2026-04-03T03:37:27.631+0600][65.045s][info][gc,stats    ]            Memory: Undo Object Allocation Failed                     0 / 0                 0 / 0                 0 / 0                 0 / 0           ops/s
[2026-04-03T03:37:27.631+0600][65.045s][info][gc,stats    ]            Memory: Undo Object Allocation Succeeded                  9 / 92               84 / 2116             84 / 2116             84 / 2116        ops/s
[2026-04-03T03:37:27.632+0600][65.045s][info][gc,stats    ]            Memory: Undo Page Allocation                              0 / 0                 0 / 2                 0 / 2                 0 / 2           ops/s
[2026-04-03T03:37:27.632+0600][65.045s][info][gc,stats    ]  Minor Collection: Minor Collection                            478.317 / 1078.082    444.819 / 1897.221    444.819 / 1897.221    444.819 / 1897.221    ms
[2026-04-03T03:37:27.632+0600][65.045s][info][gc,stats    ]    Old Generation: Old Generation                             1918.435 / 2849.972   1157.300 / 2849.972   1157.300 / 2849.972   1157.300 / 2849.972    ms
[2026-04-03T03:37:27.632+0600][65.045s][info][gc,stats    ]         Old Pause: Pause Mark End                                0.039 / 0.043         0.033 / 0.063         0.033 / 0.063         0.033 / 0.063       ms
[2026-04-03T03:37:27.632+0600][65.045s][info][gc,stats    ]         Old Pause: Pause Relocate Start                          0.042 / 0.055         0.035 / 0.095         0.035 / 0.095         0.035 / 0.095       ms
[2026-04-03T03:37:27.632+0600][65.045s][info][gc,stats    ]         Old Phase: Concurrent Mark                            1251.769 / 1975.613    669.557 / 1975.613    669.557 / 1975.613    669.557 / 1975.613    ms
[2026-04-03T03:37:27.632+0600][65.045s][info][gc,stats    ]         Old Phase: Concurrent Mark Continue                      0.000 / 0.000         0.000 / 0.000         0.000 / 0.000         0.000 / 0.000       ms
[2026-04-03T03:37:27.632+0600][65.045s][info][gc,stats    ]         Old Phase: Concurrent Mark Free                          0.002 / 0.004         0.003 / 0.023         0.003 / 0.023         0.003 / 0.023       ms
[2026-04-03T03:37:27.632+0600][65.045s][info][gc,stats    ]         Old Phase: Concurrent Process Non-Strong                32.497 / 44.561       20.462 / 44.561       20.462 / 44.561       20.462 / 44.561      ms
[2026-04-03T03:37:27.632+0600][65.045s][info][gc,stats    ]         Old Phase: Concurrent Relocate                         107.096 / 266.493      79.847 / 408.756      79.847 / 408.756      79.847 / 408.756     ms
[2026-04-03T03:37:27.632+0600][65.045s][info][gc,stats    ]         Old Phase: Concurrent Remap Roots                       33.125 / 38.323       24.742 / 47.104       24.742 / 47.104       24.742 / 47.104      ms
[2026-04-03T03:37:27.632+0600][65.045s][info][gc,stats    ]         Old Phase: Concurrent Reset Relocation Set               0.005 / 0.007         0.007 / 0.035         0.007 / 0.035         0.007 / 0.035       ms
[2026-04-03T03:37:27.632+0600][65.045s][info][gc,stats    ]         Old Phase: Concurrent Select Relocation Set             27.243 / 61.760       13.314 / 61.760       13.314 / 61.760       13.314 / 61.760      ms
[2026-04-03T03:37:27.632+0600][65.045s][info][gc,stats    ]      Old Subphase: Concurrent Classes Purge                      0.048 / 0.083         0.277 / 1.635         0.277 / 1.635         0.277 / 1.635       ms
[2026-04-03T03:37:27.632+0600][65.045s][info][gc,stats    ]      Old Subphase: Concurrent Classes Unlink                    21.237 / 24.011       15.114 / 36.066       15.114 / 36.066       15.114 / 36.066      ms
[2026-04-03T03:37:27.632+0600][65.045s][info][gc,stats    ]      Old Subphase: Concurrent Mark Follow                     1249.282 / 1973.534    668.044 / 1973.534    668.044 / 1973.534    668.044 / 1973.534    ms
[2026-04-03T03:37:27.632+0600][65.045s][info][gc,stats    ]      Old Subphase: Concurrent Mark Root Colored                  0.340 / 0.620         0.225 / 0.620         0.225 / 0.620         0.225 / 0.620       ms
[2026-04-03T03:37:27.632+0600][65.045s][info][gc,stats    ]      Old Subphase: Concurrent Mark Root Uncolored                1.722 / 3.006         0.895 / 3.006         0.895 / 3.006         0.895 / 3.006       ms
[2026-04-03T03:37:27.632+0600][65.045s][info][gc,stats    ]      Old Subphase: Concurrent Mark Roots                         2.681 / 3.914         1.504 / 3.914         1.504 / 3.914         1.504 / 3.914       ms
[2026-04-03T03:37:27.632+0600][65.045s][info][gc,stats    ]      Old Subphase: Concurrent References Enqueue                 0.014 / 0.018         0.010 / 0.021         0.010 / 0.021         0.010 / 0.021       ms
[2026-04-03T03:37:27.632+0600][65.045s][info][gc,stats    ]      Old Subphase: Concurrent References Process                 2.296 / 3.385         1.312 / 3.385         1.312 / 3.385         1.312 / 3.385       ms
[2026-04-03T03:37:27.632+0600][65.045s][info][gc,stats    ]      Old Subphase: Concurrent Remap Remembered                  22.678 / 26.523       18.675 / 38.769       18.675 / 38.769       18.675 / 38.769      ms
[2026-04-03T03:37:27.632+0600][65.045s][info][gc,stats    ]      Old Subphase: Concurrent Remap Roots Colored                4.244 / 4.772         2.488 / 4.772         2.488 / 4.772         2.488 / 4.772       ms
[2026-04-03T03:37:27.632+0600][65.045s][info][gc,stats    ]      Old Subphase: Concurrent Remap Roots Uncolored              5.041 / 6.768         2.672 / 6.768         2.672 / 6.768         2.672 / 6.768       ms
[2026-04-03T03:37:27.632+0600][65.045s][info][gc,stats    ]      Old Subphase: Concurrent Roots ClassLoaderDataGraph         2.636 / 4.389         1.427 / 4.389         1.427 / 4.389         1.427 / 4.389       ms
[2026-04-03T03:37:27.632+0600][65.045s][info][gc,stats    ]      Old Subphase: Concurrent Roots CodeCache                    4.260 / 5.591         2.386 / 5.591         2.386 / 5.591         2.386 / 5.591       ms
[2026-04-03T03:37:27.632+0600][65.045s][info][gc,stats    ]      Old Subphase: Concurrent Roots JavaThreads                  0.847 / 3.004         0.382 / 3.004         0.382 / 3.004         0.382 / 3.004       ms
[2026-04-03T03:37:27.632+0600][65.045s][info][gc,stats    ]      Old Subphase: Concurrent Roots OopStorageSet                0.050 / 0.178         0.035 / 0.178         0.035 / 0.178         0.035 / 0.178       ms
[2026-04-03T03:37:27.632+0600][65.045s][info][gc,stats    ]      Old Subphase: Concurrent Weak Roots OopStorageSet           1.216 / 3.027         0.802 / 3.412         0.802 / 3.412         0.802 / 3.412       ms
[2026-04-03T03:37:27.632+0600][65.045s][info][gc,stats    ]            System: Java Threads                                    194 / 203             114 / 203             114 / 203             114 / 203         threads
[2026-04-03T03:37:27.632+0600][65.045s][info][gc,stats    ]  Young Generation: Young Generation                            344.626 / 619.303     399.054 / 980.163     399.054 / 980.163     399.054 / 980.163     ms
[2026-04-03T03:37:27.632+0600][65.045s][info][gc,stats    ]  Young Generation: Young Generation                            477.679 / 1077.358    443.949 / 1896.486    443.949 / 1896.486    443.949 / 1896.486    ms
[2026-04-03T03:37:27.632+0600][65.045s][info][gc,stats    ]  Young Generation: Young Generation (Collect Roots)              0.000 / 0.000        11.941 / 14.468       11.941 / 14.468       11.941 / 14.468      ms
[2026-04-03T03:37:27.632+0600][65.045s][info][gc,stats    ]  Young Generation: Young Generation (Promote All)                0.000 / 0.000        49.998 / 104.961      49.998 / 104.961      49.998 / 104.961     ms
[2026-04-03T03:37:27.632+0600][65.045s][info][gc,stats    ]       Young Pause: Pause Mark End                                0.044 / 0.066         0.037 / 0.113         0.037 / 0.113         0.037 / 0.113       ms
[2026-04-03T03:37:27.632+0600][65.045s][info][gc,stats    ]       Young Pause: Pause Mark Start                              0.063 / 0.184         0.044 / 0.184         0.044 / 0.184         0.044 / 0.184       ms
[2026-04-03T03:37:27.632+0600][65.045s][info][gc,stats    ]       Young Pause: Pause Mark Start (Major)                      0.032 / 0.039         0.039 / 0.106         0.039 / 0.106         0.039 / 0.106       ms
[2026-04-03T03:37:27.632+0600][65.045s][info][gc,stats    ]       Young Pause: Pause Relocate Start                          0.034 / 0.054         0.032 / 0.121         0.032 / 0.121         0.032 / 0.121       ms
[2026-04-03T03:37:27.632+0600][65.045s][info][gc,stats    ]       Young Phase: Concurrent Mark                             339.200 / 795.868     295.800 / 1502.860    295.800 / 1502.860    295.800 / 1502.860    ms
[2026-04-03T03:37:27.632+0600][65.045s][info][gc,stats    ]       Young Phase: Concurrent Mark Continue                      0.000 / 0.000         0.000 / 0.000         0.000 / 0.000         0.000 / 0.000       ms
[2026-04-03T03:37:27.632+0600][65.045s][info][gc,stats    ]       Young Phase: Concurrent Mark Free                          0.003 / 0.005         0.011 / 0.490         0.011 / 0.490         0.011 / 0.490       ms
[2026-04-03T03:37:27.632+0600][65.045s][info][gc,stats    ]       Young Phase: Concurrent Relocate                          91.194 / 337.188      81.822 / 347.073      81.822 / 347.073      81.822 / 347.073     ms
[2026-04-03T03:37:27.632+0600][65.045s][info][gc,stats    ]       Young Phase: Concurrent Reset Relocation Set               0.057 / 0.220         0.051 / 0.233         0.051 / 0.233         0.051 / 0.233       ms
[2026-04-03T03:37:27.632+0600][65.045s][info][gc,stats    ]       Young Phase: Concurrent Select Relocation Set             29.493 / 113.481      25.776 / 113.481      25.776 / 113.481      25.776 / 113.481     ms
[2026-04-03T03:37:27.632+0600][65.045s][info][gc,stats    ]    Young Subphase: Concurrent Mark Follow                      327.420 / 783.363     286.374 / 1486.348    286.374 / 1486.348    286.374 / 1486.348    ms
[2026-04-03T03:37:27.632+0600][65.045s][info][gc,stats    ]    Young Subphase: Concurrent Mark Root Colored                  4.639 / 5.744         4.292 / 9.008         4.292 / 9.008         4.292 / 9.008       ms
[2026-04-03T03:37:27.632+0600][65.045s][info][gc,stats    ]    Young Subphase: Concurrent Mark Root Uncolored                6.054 / 16.359        4.293 / 16.359        4.293 / 16.359        4.293 / 16.359      ms
[2026-04-03T03:37:27.632+0600][65.045s][info][gc,stats    ]    Young Subphase: Concurrent Mark Roots                        11.692 / 21.589        9.417 / 21.589        9.417 / 21.589        9.417 / 21.589      ms
[2026-04-03T03:37:27.632+0600][65.045s][info][gc,stats    ]    Young Subphase: Concurrent Relocate Remset FP                33.064 / 202.076      32.478 / 259.232      32.478 / 259.232      32.478 / 259.232     ms
[2026-04-03T03:37:27.632+0600][65.045s][info][gc,stats    ]    Young Subphase: Concurrent Roots ClassLoaderDataGraph         3.463 / 4.897         3.164 / 6.123         3.164 / 6.123         3.164 / 6.123       ms
[2026-04-03T03:37:27.632+0600][65.045s][info][gc,stats    ]    Young Subphase: Concurrent Roots CodeCache                    4.987 / 13.904        3.602 / 13.904        3.602 / 13.904        3.602 / 13.904      ms
[2026-04-03T03:37:27.632+0600][65.045s][info][gc,stats    ]    Young Subphase: Concurrent Roots JavaThreads                  0.539 / 2.448         0.367 / 2.448         0.367 / 2.448         0.367 / 2.448       ms
[2026-04-03T03:37:27.632+0600][65.045s][info][gc,stats    ]    Young Subphase: Concurrent Roots OopStorageSet                0.045 / 0.200         0.047 / 1.234         0.047 / 1.234         0.047 / 1.234       ms
[2026-04-03T03:37:27.632+0600][65.045s][info][gc,stats    ]    Young Subphase: Concurrent Weak Roots OopStorageSet           1.130 / 2.911         1.099 / 4.591         1.099 / 4.591         1.099 / 4.591       ms
[2026-04-03T03:37:27.632+0600][65.045s][info][gc,stats    ] =========================================================================================================================================================
[2026-04-03T03:37:27.632+0600][65.046s][info][gc,heap,exit] Heap
[2026-04-03T03:37:27.632+0600][65.046s][info][gc,heap,exit]  ZHeap           used 1010M, capacity 2000M, max capacity 2000M
[2026-04-03T03:37:27.632+0600][65.046s][info][gc,heap,exit]  Metaspace       used 73647K, committed 74560K, reserved 1114112K
[2026-04-03T03:37:27.632+0600][65.046s][info][gc,heap,exit]   class space    used 9412K, committed 9792K, reserved 1048576K
