[2026-04-03T03:37:28.024+0600][0.005s][info][gc,init] Initializing The Z Garbage Collector
[2026-04-03T03:37:28.024+0600][0.005s][info][gc,init] Version: 21.0.10+7-Ubuntu-124.04 (release)
[2026-04-03T03:37:28.024+0600][0.005s][info][gc,init] Using legacy single-generation mode
[2026-04-03T03:37:28.024+0600][0.005s][info][gc,init] NUMA Support: Disabled
[2026-04-03T03:37:28.024+0600][0.005s][info][gc,init] CPUs: 12 total, 12 available
[2026-04-03T03:37:28.024+0600][0.005s][info][gc,init] Memory: 15683M
[2026-04-03T03:37:28.024+0600][0.005s][info][gc,init] Large Page Support: Disabled
[2026-04-03T03:37:28.025+0600][0.005s][info][gc,init] GC Workers: 3 (dynamic)
[2026-04-03T03:37:28.025+0600][0.006s][info][gc,init] Address Space Type: Contiguous/Unrestricted/Complete
[2026-04-03T03:37:28.025+0600][0.006s][info][gc,init] Address Space Size: 32000M x 3 = 96000M
[2026-04-03T03:37:28.025+0600][0.006s][info][gc,init] Heap Backing File: /memfd:java_heap
[2026-04-03T03:37:28.025+0600][0.006s][info][gc,init] Heap Backing Filesystem: tmpfs (0x1021994)
[2026-04-03T03:37:28.026+0600][0.006s][info][gc,init] Min Capacity: 8M
[2026-04-03T03:37:28.026+0600][0.006s][info][gc,init] Initial Capacity: 246M
[2026-04-03T03:37:28.026+0600][0.006s][info][gc,init] Max Capacity: 2000M
[2026-04-03T03:37:28.026+0600][0.006s][info][gc,init] Medium Page Size: 32M
[2026-04-03T03:37:28.026+0600][0.006s][info][gc,init] Pre-touch: Disabled
[2026-04-03T03:37:28.026+0600][0.006s][info][gc,init] Available space on backing filesystem: N/A
[2026-04-03T03:37:28.027+0600][0.007s][info][gc,init] Uncommit: Enabled
[2026-04-03T03:37:28.027+0600][0.007s][info][gc,init] Uncommit Delay: 300s
[2026-04-03T03:37:28.106+0600][0.086s][info][gc,init] Runtime Workers: 8
[2026-04-03T03:37:28.107+0600][0.088s][info][gc     ] Using The Z Garbage Collector
[2026-04-03T03:37:28.117+0600][0.097s][info][gc,metaspace] CDS archive(s) mapped at: [0x00007934d7000000-0x00007934d7c9c000-0x00007934d7c9c000), size 13221888, SharedBaseAddress: 0x00007934d7000000, ArchiveRelocationMode: 1.
[2026-04-03T03:37:28.117+0600][0.097s][info][gc,metaspace] Compressed class space mapped at: 0x00007934d8000000-0x0000793518000000, reserved size: 1073741824
[2026-04-03T03:37:28.117+0600][0.097s][info][gc,metaspace] Narrow klass base: 0x00007934d7000000, Narrow klass shift: 0, Narrow klass range: 0x100000000
[2026-04-03T03:37:28.927+0600][0.907s][info][gc,start    ] GC(0) Garbage Collection (Warmup)
[2026-04-03T03:37:28.927+0600][0.907s][info][gc,task     ] GC(0) Using 3 workers
[2026-04-03T03:37:28.927+0600][0.908s][info][gc,phases   ] GC(0) Pause Mark Start 0.008ms
[2026-04-03T03:37:28.933+0600][0.914s][info][gc,phases   ] GC(0) Concurrent Mark 5.870ms
[2026-04-03T03:37:28.933+0600][0.914s][info][gc,phases   ] GC(0) Pause Mark End 0.015ms
[2026-04-03T03:37:28.933+0600][0.914s][info][gc,phases   ] GC(0) Concurrent Mark Free 0.002ms
[2026-04-03T03:37:28.935+0600][0.915s][info][gc,phases   ] GC(0) Concurrent Process Non-Strong References 1.395ms
[2026-04-03T03:37:28.935+0600][0.915s][info][gc,phases   ] GC(0) Concurrent Reset Relocation Set 0.001ms
[2026-04-03T03:37:28.943+0600][0.923s][info][gc,phases   ] GC(0) Concurrent Select Relocation Set 8.065ms
[2026-04-03T03:37:28.943+0600][0.924s][info][gc,phases   ] GC(0) Pause Relocate Start 0.010ms
[2026-04-03T03:37:28.945+0600][0.926s][info][gc,phases   ] GC(0) Concurrent Relocate 1.937ms
[2026-04-03T03:37:28.945+0600][0.926s][info][gc,load     ] GC(0) Load: 4.77/4.44/4.73
[2026-04-03T03:37:28.945+0600][0.926s][info][gc,mmu      ] GC(0) MMU: 2ms/99.3%, 5ms/99.7%, 10ms/99.8%, 20ms/99.8%, 50ms/99.9%, 100ms/100.0%
[2026-04-03T03:37:28.945+0600][0.926s][info][gc,marking  ] GC(0) Mark: 2 stripe(s), 2 proactive flush(es), 1 terminate flush(es), 0 completion(s), 0 continuation(s) 
[2026-04-03T03:37:28.945+0600][0.926s][info][gc,marking  ] GC(0) Mark Stack Usage: 32M
[2026-04-03T03:37:28.945+0600][0.926s][info][gc,nmethod  ] GC(0) NMethods: 989 registered, 98 unregistered
[2026-04-03T03:37:28.945+0600][0.926s][info][gc,metaspace] GC(0) Metaspace: 7M used, 7M committed, 1088M reserved
[2026-04-03T03:37:28.945+0600][0.926s][info][gc,ref      ] GC(0) Soft: 196 encountered, 0 discovered, 0 enqueued
[2026-04-03T03:37:28.945+0600][0.926s][info][gc,ref      ] GC(0) Weak: 728 encountered, 498 discovered, 204 enqueued
[2026-04-03T03:37:28.945+0600][0.926s][info][gc,ref      ] GC(0) Final: 0 encountered, 0 discovered, 0 enqueued
[2026-04-03T03:37:28.945+0600][0.926s][info][gc,ref      ] GC(0) Phantom: 25 encountered, 11 discovered, 0 enqueued
[2026-04-03T03:37:28.945+0600][0.926s][info][gc,reloc    ] GC(0) Small Pages: 102 / 204M, Empty: 0M, Relocated: 1M, In-Place: 0
[2026-04-03T03:37:28.945+0600][0.926s][info][gc,reloc    ] GC(0) Medium Pages: 0 / 0M, Empty: 0M, Relocated: 0M, In-Place: 0
[2026-04-03T03:37:28.945+0600][0.926s][info][gc,reloc    ] GC(0) Large Pages: 0 / 0M, Empty: 0M, Relocated: 0M, In-Place: 0
[2026-04-03T03:37:28.945+0600][0.926s][info][gc,reloc    ] GC(0) Forwarding Usage: 0M
[2026-04-03T03:37:28.945+0600][0.926s][info][gc,heap     ] GC(0) Min Capacity: 8M(0%)
[2026-04-03T03:37:28.945+0600][0.926s][info][gc,heap     ] GC(0) Max Capacity: 2000M(100%)
[2026-04-03T03:37:28.945+0600][0.926s][info][gc,heap     ] GC(0) Soft Max Capacity: 2000M(100%)
[2026-04-03T03:37:28.945+0600][0.926s][info][gc,heap     ] GC(0)                Mark Start          Mark End        Relocate Start      Relocate End           High               Low         
[2026-04-03T03:37:28.945+0600][0.926s][info][gc,heap     ] GC(0)  Capacity:      246M (12%)         246M (12%)         246M (12%)         246M (12%)         246M (12%)         246M (12%)    
[2026-04-03T03:37:28.945+0600][0.926s][info][gc,heap     ] GC(0)      Free:     1796M (90%)        1794M (90%)        1792M (90%)        1986M (99%)        1986M (99%)        1790M (90%)    
[2026-04-03T03:37:28.945+0600][0.926s][info][gc,heap     ] GC(0)      Used:      204M (10%)         206M (10%)         208M (10%)          14M (1%)          210M (10%)          14M (1%)     
[2026-04-03T03:37:28.945+0600][0.926s][info][gc,heap     ] GC(0)      Live:         -                 4M (0%)            4M (0%)            4M (0%)             -                  -          
[2026-04-03T03:37:28.945+0600][0.926s][info][gc,heap     ] GC(0) Allocated:         -                 2M (0%)            4M (0%)            3M (0%)             -                  -          
[2026-04-03T03:37:28.945+0600][0.926s][info][gc,heap     ] GC(0)   Garbage:         -               199M (10%)         199M (10%)           5M (0%)             -                  -          
[2026-04-03T03:37:28.945+0600][0.926s][info][gc,heap     ] GC(0) Reclaimed:         -                  -                 0M (0%)          193M (10%)            -                  -          
[2026-04-03T03:37:28.945+0600][0.926s][info][gc          ] GC(0) Garbage Collection (Warmup) 204M(10%)->14M(1%)
[2026-04-03T03:37:32.052+0600][4.032s][info][gc,start    ] GC(1) Garbage Collection (Metadata GC Threshold)
[2026-04-03T03:37:32.052+0600][4.032s][info][gc,task     ] GC(1) Using 3 workers
[2026-04-03T03:37:32.052+0600][4.033s][info][gc,phases   ] GC(1) Pause Mark Start 0.010ms
[2026-04-03T03:37:32.065+0600][4.046s][info][gc,phases   ] GC(1) Concurrent Mark 13.234ms
[2026-04-03T03:37:32.065+0600][4.046s][info][gc,phases   ] GC(1) Pause Mark End 0.019ms
[2026-04-03T03:37:32.066+0600][4.046s][info][gc,phases   ] GC(1) Concurrent Mark Free 0.001ms
[2026-04-03T03:37:32.068+0600][4.049s][info][gc,phases   ] GC(1) Concurrent Process Non-Strong References 2.755ms
[2026-04-03T03:37:32.068+0600][4.049s][info][gc,phases   ] GC(1) Concurrent Reset Relocation Set 0.016ms
[2026-04-03T03:37:32.073+0600][4.054s][info][gc,phases   ] GC(1) Concurrent Select Relocation Set 4.501ms
[2026-04-03T03:37:32.073+0600][4.054s][info][gc,phases   ] GC(1) Pause Relocate Start 0.013ms
[2026-04-03T03:37:32.082+0600][4.063s][info][gc,phases   ] GC(1) Concurrent Relocate 9.088ms
[2026-04-03T03:37:32.083+0600][4.063s][info][gc,load     ] GC(1) Load: 4.54/4.39/4.71
[2026-04-03T03:37:32.083+0600][4.063s][info][gc,mmu      ] GC(1) MMU: 2ms/99.0%, 5ms/99.6%, 10ms/99.7%, 20ms/99.8%, 50ms/99.9%, 100ms/100.0%
[2026-04-03T03:37:32.083+0600][4.063s][info][gc,marking  ] GC(1) Mark: 2 stripe(s), 2 proactive flush(es), 1 terminate flush(es), 0 completion(s), 0 continuation(s) 
[2026-04-03T03:37:32.083+0600][4.063s][info][gc,marking  ] GC(1) Mark Stack Usage: 32M
[2026-04-03T03:37:32.083+0600][4.063s][info][gc,nmethod  ] GC(1) NMethods: 1743 registered, 161 unregistered
[2026-04-03T03:37:32.083+0600][4.063s][info][gc,metaspace] GC(1) Metaspace: 20M used, 21M committed, 1088M reserved
[2026-04-03T03:37:32.083+0600][4.063s][info][gc,ref      ] GC(1) Soft: 3498 encountered, 0 discovered, 0 enqueued
[2026-04-03T03:37:32.083+0600][4.063s][info][gc,ref      ] GC(1) Weak: 1278 encountered, 886 discovered, 272 enqueued
[2026-04-03T03:37:32.083+0600][4.063s][info][gc,ref      ] GC(1) Final: 0 encountered, 0 discovered, 0 enqueued
[2026-04-03T03:37:32.083+0600][4.063s][info][gc,ref      ] GC(1) Phantom: 563 encountered, 367 discovered, 0 enqueued
[2026-04-03T03:37:32.083+0600][4.063s][info][gc,reloc    ] GC(1) Small Pages: 150 / 300M, Empty: 0M, Relocated: 11M, In-Place: 0
[2026-04-03T03:37:32.083+0600][4.063s][info][gc,reloc    ] GC(1) Medium Pages: 1 / 32M, Empty: 0M, Relocated: 0M, In-Place: 0
[2026-04-03T03:37:32.083+0600][4.063s][info][gc,reloc    ] GC(1) Large Pages: 0 / 0M, Empty: 0M, Relocated: 0M, In-Place: 0
[2026-04-03T03:37:32.083+0600][4.063s][info][gc,reloc    ] GC(1) Forwarding Usage: 2M
[2026-04-03T03:37:32.083+0600][4.063s][info][gc,heap     ] GC(1) Min Capacity: 8M(0%)
[2026-04-03T03:37:32.083+0600][4.063s][info][gc,heap     ] GC(1) Max Capacity: 2000M(100%)
[2026-04-03T03:37:32.083+0600][4.063s][info][gc,heap     ] GC(1) Soft Max Capacity: 2000M(100%)
[2026-04-03T03:37:32.083+0600][4.063s][info][gc,heap     ] GC(1)                Mark Start          Mark End        Relocate Start      Relocate End           High               Low         
[2026-04-03T03:37:32.083+0600][4.063s][info][gc,heap     ] GC(1)  Capacity:      332M (17%)         336M (17%)         336M (17%)         344M (17%)         344M (17%)         332M (17%)    
[2026-04-03T03:37:32.083+0600][4.063s][info][gc,heap     ] GC(1)      Free:     1668M (83%)        1664M (83%)        1664M (83%)        1944M (97%)        1944M (97%)        1656M (83%)    
[2026-04-03T03:37:32.083+0600][4.063s][info][gc,heap     ] GC(1)      Used:      332M (17%)         336M (17%)         336M (17%)          56M (3%)          344M (17%)          56M (3%)     
[2026-04-03T03:37:32.083+0600][4.063s][info][gc,heap     ] GC(1)      Live:         -                19M (1%)           19M (1%)           19M (1%)             -                  -          
[2026-04-03T03:37:32.083+0600][4.063s][info][gc,heap     ] GC(1) Allocated:         -                 4M (0%)            4M (0%)            4M (0%)             -                  -          
[2026-04-03T03:37:32.083+0600][4.063s][info][gc,heap     ] GC(1)   Garbage:         -               312M (16%)         312M (16%)          31M (2%)             -                  -          
[2026-04-03T03:37:32.083+0600][4.063s][info][gc,heap     ] GC(1) Reclaimed:         -                  -                 0M (0%)          280M (14%)            -                  -          
[2026-04-03T03:37:32.083+0600][4.063s][info][gc          ] GC(1) Garbage Collection (Metadata GC Threshold) 332M(17%)->56M(3%)
[2026-04-03T03:37:34.802+0600][6.783s][info][gc,start    ] GC(2) Garbage Collection (Metadata GC Threshold)
[2026-04-03T03:37:34.802+0600][6.783s][info][gc,task     ] GC(2) Using 3 workers
[2026-04-03T03:37:34.802+0600][6.783s][info][gc,phases   ] GC(2) Pause Mark Start 0.013ms
[2026-04-03T03:37:34.828+0600][6.808s][info][gc,phases   ] GC(2) Concurrent Mark 25.339ms
[2026-04-03T03:37:34.828+0600][6.809s][info][gc,phases   ] GC(2) Pause Mark End 0.024ms
[2026-04-03T03:37:34.828+0600][6.809s][info][gc,phases   ] GC(2) Concurrent Mark Free 0.001ms
[2026-04-03T03:37:34.833+0600][6.814s][info][gc,phases   ] GC(2) Concurrent Process Non-Strong References 4.768ms
[2026-04-03T03:37:34.833+0600][6.814s][info][gc,phases   ] GC(2) Concurrent Reset Relocation Set 0.018ms
[2026-04-03T03:37:34.837+0600][6.817s][info][gc,phases   ] GC(2) Concurrent Select Relocation Set 3.666ms
[2026-04-03T03:37:34.837+0600][6.818s][info][gc,phases   ] GC(2) Pause Relocate Start 0.016ms
[2026-04-03T03:37:34.844+0600][6.825s][info][gc,phases   ] GC(2) Concurrent Relocate 6.853ms
[2026-04-03T03:37:34.844+0600][6.825s][info][gc,load     ] GC(2) Load: 4.54/4.39/4.71
[2026-04-03T03:37:34.844+0600][6.825s][info][gc,mmu      ] GC(2) MMU: 2ms/98.8%, 5ms/99.5%, 10ms/99.6%, 20ms/99.8%, 50ms/99.9%, 100ms/99.9%
[2026-04-03T03:37:34.844+0600][6.825s][info][gc,marking  ] GC(2) Mark: 2 stripe(s), 3 proactive flush(es), 1 terminate flush(es), 0 completion(s), 0 continuation(s) 
[2026-04-03T03:37:34.844+0600][6.825s][info][gc,marking  ] GC(2) Mark Stack Usage: 32M
[2026-04-03T03:37:34.844+0600][6.825s][info][gc,nmethod  ] GC(2) NMethods: 2515 registered, 336 unregistered
[2026-04-03T03:37:34.844+0600][6.825s][info][gc,metaspace] GC(2) Metaspace: 35M used, 35M committed, 1088M reserved
[2026-04-03T03:37:34.844+0600][6.825s][info][gc,ref      ] GC(2) Soft: 3853 encountered, 0 discovered, 0 enqueued
[2026-04-03T03:37:34.844+0600][6.825s][info][gc,ref      ] GC(2) Weak: 2512 encountered, 861 discovered, 470 enqueued
[2026-04-03T03:37:34.844+0600][6.825s][info][gc,ref      ] GC(2) Final: 80 encountered, 32 discovered, 0 enqueued
[2026-04-03T03:37:34.844+0600][6.825s][info][gc,ref      ] GC(2) Phantom: 568 encountered, 476 discovered, 1 enqueued
[2026-04-03T03:37:34.844+0600][6.825s][info][gc,reloc    ] GC(2) Small Pages: 80 / 160M, Empty: 0M, Relocated: 10M, In-Place: 0
[2026-04-03T03:37:34.844+0600][6.825s][info][gc,reloc    ] GC(2) Medium Pages: 2 / 64M, Empty: 32M, Relocated: 0M, In-Place: 0
[2026-04-03T03:37:34.844+0600][6.825s][info][gc,reloc    ] GC(2) Large Pages: 0 / 0M, Empty: 0M, Relocated: 0M, In-Place: 0
[2026-04-03T03:37:34.844+0600][6.825s][info][gc,reloc    ] GC(2) Forwarding Usage: 2M
[2026-04-03T03:37:34.844+0600][6.825s][info][gc,heap     ] GC(2) Min Capacity: 8M(0%)
[2026-04-03T03:37:34.844+0600][6.825s][info][gc,heap     ] GC(2) Max Capacity: 2000M(100%)
[2026-04-03T03:37:34.844+0600][6.825s][info][gc,heap     ] GC(2) Soft Max Capacity: 2000M(100%)
[2026-04-03T03:37:34.845+0600][6.825s][info][gc,heap     ] GC(2)                Mark Start          Mark End        Relocate Start      Relocate End           High               Low         
[2026-04-03T03:37:34.845+0600][6.825s][info][gc,heap     ] GC(2)  Capacity:      376M (19%)         376M (19%)         376M (19%)         376M (19%)         376M (19%)         376M (19%)    
[2026-04-03T03:37:34.845+0600][6.825s][info][gc,heap     ] GC(2)      Free:     1776M (89%)        1768M (88%)        1800M (90%)        1936M (97%)        1936M (97%)        1768M (88%)    
[2026-04-03T03:37:34.845+0600][6.825s][info][gc,heap     ] GC(2)      Used:      224M (11%)         232M (12%)         200M (10%)          64M (3%)          232M (12%)          64M (3%)     
[2026-04-03T03:37:34.845+0600][6.825s][info][gc,heap     ] GC(2)      Live:         -                24M (1%)           24M (1%)           24M (1%)             -                  -          
[2026-04-03T03:37:34.845+0600][6.825s][info][gc,heap     ] GC(2) Allocated:         -                 8M (0%)            8M (0%)            9M (0%)             -                  -          
[2026-04-03T03:37:34.845+0600][6.825s][info][gc,heap     ] GC(2)   Garbage:         -               199M (10%)         167M (8%)           30M (2%)             -                  -          
[2026-04-03T03:37:34.845+0600][6.825s][info][gc,heap     ] GC(2) Reclaimed:         -                  -                32M (2%)          169M (8%)             -                  -          
[2026-04-03T03:37:34.845+0600][6.825s][info][gc          ] GC(2) Garbage Collection (Metadata GC Threshold) 224M(11%)->64M(3%)
[2026-04-03T03:37:37.226+0600][9.207s][info][gc,start    ] GC(3) Garbage Collection (Warmup)
[2026-04-03T03:37:37.226+0600][9.207s][info][gc,task     ] GC(3) Using 3 workers
[2026-04-03T03:37:37.227+0600][9.207s][info][gc,phases   ] GC(3) Pause Mark Start 0.013ms
[2026-04-03T03:37:37.560+0600][9.541s][info][gc,phases   ] GC(3) Concurrent Mark 333.532ms
[2026-04-03T03:37:37.561+0600][9.541s][info][gc,phases   ] GC(3) Pause Mark End 0.023ms
[2026-04-03T03:37:37.561+0600][9.542s][info][gc,phases   ] GC(3) Concurrent Mark Free 0.001ms
[2026-04-03T03:37:37.565+0600][9.546s][info][gc,phases   ] GC(3) Concurrent Process Non-Strong References 4.189ms
[2026-04-03T03:37:37.565+0600][9.546s][info][gc,phases   ] GC(3) Concurrent Reset Relocation Set 0.011ms
[2026-04-03T03:37:37.568+0600][9.549s][info][gc,phases   ] GC(3) Concurrent Select Relocation Set 2.888ms
[2026-04-03T03:37:37.569+0600][9.549s][info][gc,phases   ] GC(3) Pause Relocate Start 0.012ms
[2026-04-03T03:37:37.588+0600][9.569s][info][gc,phases   ] GC(3) Concurrent Relocate 19.661ms
[2026-04-03T03:37:37.588+0600][9.569s][info][gc,load     ] GC(3) Load: 4.42/4.37/4.70
[2026-04-03T03:37:37.588+0600][9.569s][info][gc,mmu      ] GC(3) MMU: 2ms/98.8%, 5ms/99.5%, 10ms/99.6%, 20ms/99.8%, 50ms/99.9%, 100ms/99.9%
[2026-04-03T03:37:37.588+0600][9.569s][info][gc,marking  ] GC(3) Mark: 2 stripe(s), 10 proactive flush(es), 1 terminate flush(es), 0 completion(s), 0 continuation(s) 
[2026-04-03T03:37:37.588+0600][9.569s][info][gc,marking  ] GC(3) Mark Stack Usage: 32M
[2026-04-03T03:37:37.588+0600][9.569s][info][gc,nmethod  ] GC(3) NMethods: 3016 registered, 132 unregistered
[2026-04-03T03:37:37.588+0600][9.569s][info][gc,metaspace] GC(3) Metaspace: 48M used, 48M committed, 1088M reserved
[2026-04-03T03:37:37.588+0600][9.569s][info][gc,ref      ] GC(3) Soft: 3981 encountered, 0 discovered, 0 enqueued
[2026-04-03T03:37:37.588+0600][9.569s][info][gc,ref      ] GC(3) Weak: 3289 encountered, 1393 discovered, 538 enqueued
[2026-04-03T03:37:37.588+0600][9.569s][info][gc,ref      ] GC(3) Final: 82 encountered, 48 discovered, 0 enqueued
[2026-04-03T03:37:37.588+0600][9.569s][info][gc,ref      ] GC(3) Phantom: 585 encountered, 410 discovered, 0 enqueued
[2026-04-03T03:37:37.588+0600][9.569s][info][gc,reloc    ] GC(3) Small Pages: 181 / 362M, Empty: 0M, Relocated: 6M, In-Place: 0
[2026-04-03T03:37:37.588+0600][9.569s][info][gc,reloc    ] GC(3) Medium Pages: 2 / 64M, Empty: 0M, Relocated: 5M, In-Place: 0
[2026-04-03T03:37:37.588+0600][9.569s][info][gc,reloc    ] GC(3) Large Pages: 0 / 0M, Empty: 0M, Relocated: 0M, In-Place: 0
[2026-04-03T03:37:37.588+0600][9.569s][info][gc,reloc    ] GC(3) Forwarding Usage: 1M
[2026-04-03T03:37:37.588+0600][9.569s][info][gc,heap     ] GC(3) Min Capacity: 8M(0%)
[2026-04-03T03:37:37.588+0600][9.569s][info][gc,heap     ] GC(3) Max Capacity: 2000M(100%)
[2026-04-03T03:37:37.588+0600][9.569s][info][gc,heap     ] GC(3) Soft Max Capacity: 2000M(100%)
[2026-04-03T03:37:37.588+0600][9.569s][info][gc,heap     ] GC(3)                Mark Start          Mark End        Relocate Start      Relocate End           High               Low         
[2026-04-03T03:37:37.588+0600][9.569s][info][gc,heap     ] GC(3)  Capacity:      426M (21%)         562M (28%)         564M (28%)         600M (30%)         600M (30%)         426M (21%)    
[2026-04-03T03:37:37.588+0600][9.569s][info][gc,heap     ] GC(3)      Free:     1574M (79%)        1438M (72%)        1436M (72%)        1600M (80%)        1600M (80%)        1400M (70%)    
[2026-04-03T03:37:37.588+0600][9.569s][info][gc,heap     ] GC(3)      Used:      426M (21%)         562M (28%)         564M (28%)         400M (20%)         600M (30%)         400M (20%)    
[2026-04-03T03:37:37.589+0600][9.569s][info][gc,heap     ] GC(3)      Live:         -               223M (11%)         223M (11%)         223M (11%)            -                  -          
[2026-04-03T03:37:37.589+0600][9.569s][info][gc,heap     ] GC(3) Allocated:         -               136M (7%)          138M (7%)          139M (7%)             -                  -          
[2026-04-03T03:37:37.589+0600][9.569s][info][gc,heap     ] GC(3)   Garbage:         -               202M (10%)         202M (10%)          36M (2%)             -                  -          
[2026-04-03T03:37:37.589+0600][9.569s][info][gc,heap     ] GC(3) Reclaimed:         -                  -                 0M (0%)          165M (8%)             -                  -          
[2026-04-03T03:37:37.589+0600][9.569s][info][gc          ] GC(3) Garbage Collection (Warmup) 426M(21%)->400M(20%)
[2026-04-03T03:37:37.926+0600][9.907s][info][gc,start    ] GC(4) Garbage Collection (Warmup)
[2026-04-03T03:37:37.926+0600][9.907s][info][gc,task     ] GC(4) Using 3 workers
[2026-04-03T03:37:37.926+0600][9.907s][info][gc,phases   ] GC(4) Pause Mark Start 0.011ms
[2026-04-03T03:37:38.127+0600][10.107s][info][gc,stats    ] === Garbage Collection Statistics =======================================================================================================================
[2026-04-03T03:37:38.127+0600][10.107s][info][gc,stats    ]                                                              Last 10s              Last 10m              Last 10h                Total
[2026-04-03T03:37:38.127+0600][10.107s][info][gc,stats    ]                                                              Avg / Max             Avg / Max             Avg / Max             Avg / Max
[2026-04-03T03:37:38.127+0600][10.107s][info][gc,stats    ]   Collector: Garbage Collection Cycle                    113.506 / 362.157     113.506 / 362.157     113.506 / 362.157     113.506 / 362.157     ms
[2026-04-03T03:37:38.127+0600][10.107s][info][gc,stats    ]  Contention: Mark Segment Reset Contention                     0 / 1                 0 / 1                 0 / 1                 0 / 1           ops/s
[2026-04-03T03:37:38.127+0600][10.108s][info][gc,stats    ]  Contention: Mark SeqNum Reset Contention                      0 / 0                 0 / 0                 0 / 0                 0 / 0           ops/s
[2026-04-03T03:37:38.127+0600][10.108s][info][gc,stats    ]    Critical: Allocation Stall                                  0 / 0                 0 / 0                 0 / 0                 0 / 0           ops/s
[2026-04-03T03:37:38.127+0600][10.108s][info][gc,stats    ]    Critical: Allocation Stall                              0.000 / 0.000         0.000 / 0.000         0.000 / 0.000         0.000 / 0.000       ms
[2026-04-03T03:37:38.127+0600][10.108s][info][gc,stats    ]    Critical: GC Locker Stall                                   0 / 2                 0 / 2                 0 / 2                 0 / 2           ops/s
[2026-04-03T03:37:38.127+0600][10.108s][info][gc,stats    ]    Critical: GC Locker Stall                               0.001 / 0.001         0.001 / 0.001         0.001 / 0.001         0.001 / 0.001       ms
[2026-04-03T03:37:38.127+0600][10.108s][info][gc,stats    ]    Critical: Relocation Stall                                  0 / 0                 0 / 0                 0 / 0                 0 / 0           ops/s
[2026-04-03T03:37:38.127+0600][10.108s][info][gc,stats    ]    Critical: Relocation Stall                              0.000 / 0.000         0.000 / 0.000         0.000 / 0.000         0.000 / 0.000       ms
[2026-04-03T03:37:38.127+0600][10.108s][info][gc,stats    ]      Memory: Allocation Rate                                 149 / 474             149 / 474             149 / 474             149 / 474         MB/s
[2026-04-03T03:37:38.127+0600][10.108s][info][gc,stats    ]      Memory: Defragment                                        1 / 16                1 / 16                1 / 16                1 / 16          ops/s
[2026-04-03T03:37:38.127+0600][10.108s][info][gc,stats    ]      Memory: Out Of Memory                                     0 / 0                 0 / 0                 0 / 0                 0 / 0           ops/s
[2026-04-03T03:37:38.127+0600][10.108s][info][gc,stats    ]      Memory: Page Cache Flush                                  3 / 32                3 / 32                3 / 32                3 / 32          MB/s
[2026-04-03T03:37:38.127+0600][10.108s][info][gc,stats    ]      Memory: Page Cache Hit L1                                40 / 117              40 / 117              40 / 117              40 / 117         ops/s
[2026-04-03T03:37:38.127+0600][10.108s][info][gc,stats    ]      Memory: Page Cache Hit L2                                 0 / 0                 0 / 0                 0 / 0                 0 / 0           ops/s
[2026-04-03T03:37:38.127+0600][10.108s][info][gc,stats    ]      Memory: Page Cache Hit L3                                13 / 105              13 / 105              13 / 105              13 / 105         ops/s
[2026-04-03T03:37:38.127+0600][10.108s][info][gc,stats    ]      Memory: Page Cache Miss                                  19 / 139              19 / 139              19 / 139              19 / 139         ops/s
[2026-04-03T03:37:38.127+0600][10.108s][info][gc,stats    ]      Memory: Uncommit                                          0 / 0                 0 / 0                 0 / 0                 0 / 0           MB/s
[2026-04-03T03:37:38.127+0600][10.108s][info][gc,stats    ]      Memory: Undo Object Allocation Failed                     0 / 0                 0 / 0                 0 / 0                 0 / 0           ops/s
[2026-04-03T03:37:38.127+0600][10.108s][info][gc,stats    ]      Memory: Undo Object Allocation Succeeded                  0 / 1                 0 / 1                 0 / 1                 0 / 1           ops/s
[2026-04-03T03:37:38.127+0600][10.108s][info][gc,stats    ]      Memory: Undo Page Allocation                              0 / 0                 0 / 0                 0 / 0                 0 / 0           ops/s
[2026-04-03T03:37:38.127+0600][10.108s][info][gc,stats    ]       Phase: Concurrent Mark                              94.494 / 333.532      94.494 / 333.532      94.494 / 333.532      94.494 / 333.532     ms
[2026-04-03T03:37:38.127+0600][10.108s][info][gc,stats    ]       Phase: Concurrent Mark Continue                      0.000 / 0.000         0.000 / 0.000         0.000 / 0.000         0.000 / 0.000       ms
[2026-04-03T03:37:38.127+0600][10.108s][info][gc,stats    ]       Phase: Concurrent Mark Free                          0.001 / 0.002         0.001 / 0.002         0.001 / 0.002         0.001 / 0.002       ms
[2026-04-03T03:37:38.127+0600][10.108s][info][gc,stats    ]       Phase: Concurrent Process Non-Strong References      3.277 / 4.768         3.277 / 4.768         3.277 / 4.768         3.277 / 4.768       ms
[2026-04-03T03:37:38.127+0600][10.108s][info][gc,stats    ]       Phase: Concurrent Relocate                           9.385 / 19.661        9.385 / 19.661        9.385 / 19.661        9.385 / 19.661      ms
[2026-04-03T03:37:38.127+0600][10.108s][info][gc,stats    ]       Phase: Concurrent Reset Relocation Set               0.011 / 0.018         0.011 / 0.018         0.011 / 0.018         0.011 / 0.018       ms
[2026-04-03T03:37:38.127+0600][10.108s][info][gc,stats    ]       Phase: Concurrent Select Relocation Set              4.780 / 8.065         4.780 / 8.065         4.780 / 8.065         4.780 / 8.065       ms
[2026-04-03T03:37:38.127+0600][10.108s][info][gc,stats    ]       Phase: Pause Mark End                                0.020 / 0.024         0.020 / 0.024         0.020 / 0.024         0.020 / 0.024       ms
[2026-04-03T03:37:38.127+0600][10.108s][info][gc,stats    ]       Phase: Pause Mark Start                              0.011 / 0.013         0.011 / 0.013         0.011 / 0.013         0.011 / 0.013       ms
[2026-04-03T03:37:38.127+0600][10.108s][info][gc,stats    ]       Phase: Pause Relocate Start                          0.013 / 0.016         0.013 / 0.016         0.013 / 0.016         0.013 / 0.016       ms
[2026-04-03T03:37:38.127+0600][10.108s][info][gc,stats    ]    Subphase: Concurrent Classes Purge                      0.283 / 0.426         0.283 / 0.426         0.283 / 0.426         0.283 / 0.426       ms
[2026-04-03T03:37:38.127+0600][10.108s][info][gc,stats    ]    Subphase: Concurrent Classes Unlink                     1.906 / 2.909         1.906 / 2.909         1.906 / 2.909         1.906 / 2.909       ms
[2026-04-03T03:37:38.127+0600][10.108s][info][gc,stats    ]    Subphase: Concurrent Mark                              92.784 / 332.154      92.784 / 332.154      92.784 / 332.154      92.784 / 332.154     ms
[2026-04-03T03:37:38.127+0600][10.108s][info][gc,stats    ]    Subphase: Concurrent Mark Try Flush                     0.251 / 0.909         0.251 / 0.909         0.251 / 0.909         0.251 / 0.909       ms
[2026-04-03T03:37:38.127+0600][10.108s][info][gc,stats    ]    Subphase: Concurrent Mark Try Terminate                 1.101 / 1.230         1.101 / 1.230         1.101 / 1.230         1.101 / 1.230       ms
[2026-04-03T03:37:38.127+0600][10.108s][info][gc,stats    ]    Subphase: Concurrent References Enqueue                 0.005 / 0.006         0.005 / 0.006         0.005 / 0.006         0.005 / 0.006       ms
[2026-04-03T03:37:38.127+0600][10.108s][info][gc,stats    ]    Subphase: Concurrent References Process                 0.320 / 0.416         0.320 / 0.416         0.320 / 0.416         0.320 / 0.416       ms
[2026-04-03T03:37:38.127+0600][10.108s][info][gc,stats    ]    Subphase: Concurrent Roots ClassLoaderDataGraph         0.157 / 0.425         0.157 / 0.425         0.157 / 0.425         0.157 / 0.425       ms
[2026-04-03T03:37:38.127+0600][10.108s][info][gc,stats    ]    Subphase: Concurrent Roots CodeCache                    0.000 / 0.000         0.000 / 0.000         0.000 / 0.000         0.000 / 0.000       ms
[2026-04-03T03:37:38.127+0600][10.108s][info][gc,stats    ]    Subphase: Concurrent Roots JavaThreads                  0.571 / 1.963         0.571 / 1.963         0.571 / 1.963         0.571 / 1.963       ms
[2026-04-03T03:37:38.127+0600][10.108s][info][gc,stats    ]    Subphase: Concurrent Roots OopStorageSet                0.055 / 0.112         0.055 / 0.112         0.055 / 0.112         0.055 / 0.112       ms
[2026-04-03T03:37:38.127+0600][10.108s][info][gc,stats    ]    Subphase: Concurrent Weak Roots OopStorageSet           0.462 / 0.784         0.462 / 0.784         0.462 / 0.784         0.462 / 0.784       ms
[2026-04-03T03:37:38.127+0600][10.108s][info][gc,stats    ]    Subphase: Pause Mark Try Complete                       0.000 / 0.000         0.000 / 0.000         0.000 / 0.000         0.000 / 0.000       ms
[2026-04-03T03:37:38.127+0600][10.108s][info][gc,stats    ]      System: Java Threads                                     30 / 61               30 / 61               30 / 61               30 / 61          threads
[2026-04-03T03:37:38.127+0600][10.108s][info][gc,stats    ] =========================================================================================================================================================
[2026-04-03T03:37:38.779+0600][10.760s][info][gc,phases   ] GC(4) Concurrent Mark 852.492ms
[2026-04-03T03:37:38.779+0600][10.760s][info][gc,phases   ] GC(4) Pause Mark End 0.022ms
[2026-04-03T03:37:38.779+0600][10.760s][info][gc,phases   ] GC(4) Concurrent Mark Free 0.001ms
[2026-04-03T03:37:38.783+0600][10.764s][info][gc,phases   ] GC(4) Concurrent Process Non-Strong References 3.532ms
[2026-04-03T03:37:38.783+0600][10.764s][info][gc,phases   ] GC(4) Concurrent Reset Relocation Set 0.018ms
[2026-04-03T03:37:38.786+0600][10.767s][info][gc,phases   ] GC(4) Concurrent Select Relocation Set 3.068ms
[2026-04-03T03:37:38.786+0600][10.767s][info][gc,phases   ] GC(4) Pause Relocate Start 0.009ms
[2026-04-03T03:37:38.789+0600][10.770s][info][gc,phases   ] GC(4) Concurrent Relocate 2.888ms
[2026-04-03T03:37:38.789+0600][10.770s][info][gc,load     ] GC(4) Load: 4.42/4.37/4.70
[2026-04-03T03:37:38.789+0600][10.770s][info][gc,mmu      ] GC(4) MMU: 2ms/98.8%, 5ms/99.5%, 10ms/99.6%, 20ms/99.8%, 50ms/99.9%, 100ms/99.9%
[2026-04-03T03:37:38.789+0600][10.770s][info][gc,marking  ] GC(4) Mark: 2 stripe(s), 10 proactive flush(es), 1 terminate flush(es), 0 completion(s), 0 continuation(s) 
[2026-04-03T03:37:38.789+0600][10.770s][info][gc,marking  ] GC(4) Mark Stack Usage: 32M
[2026-04-03T03:37:38.789+0600][10.770s][info][gc,nmethod  ] GC(4) NMethods: 3076 registered, 134 unregistered
[2026-04-03T03:37:38.789+0600][10.770s][info][gc,metaspace] GC(4) Metaspace: 48M used, 48M committed, 1088M reserved
[2026-04-03T03:37:38.789+0600][10.770s][info][gc,ref      ] GC(4) Soft: 3981 encountered, 0 discovered, 0 enqueued
[2026-04-03T03:37:38.789+0600][10.770s][info][gc,ref      ] GC(4) Weak: 2751 encountered, 392 discovered, 0 enqueued
[2026-04-03T03:37:38.789+0600][10.770s][info][gc,ref      ] GC(4) Final: 82 encountered, 82 discovered, 0 enqueued
[2026-04-03T03:37:38.789+0600][10.770s][info][gc,ref      ] GC(4) Phantom: 585 encountered, 404 discovered, 0 enqueued
[2026-04-03T03:37:38.789+0600][10.770s][info][gc,reloc    ] GC(4) Small Pages: 289 / 578M, Empty: 0M, Relocated: 1M, In-Place: 0
[2026-04-03T03:37:38.789+0600][10.770s][info][gc,reloc    ] GC(4) Medium Pages: 1 / 32M, Empty: 0M, Relocated: 0M, In-Place: 0
[2026-04-03T03:37:38.789+0600][10.770s][info][gc,reloc    ] GC(4) Large Pages: 0 / 0M, Empty: 0M, Relocated: 0M, In-Place: 0
[2026-04-03T03:37:38.789+0600][10.770s][info][gc,reloc    ] GC(4) Forwarding Usage: 0M
[2026-04-03T03:37:38.789+0600][10.770s][info][gc,heap     ] GC(4) Min Capacity: 8M(0%)
[2026-04-03T03:37:38.789+0600][10.770s][info][gc,heap     ] GC(4) Max Capacity: 2000M(100%)
[2026-04-03T03:37:38.789+0600][10.770s][info][gc,heap     ] GC(4) Soft Max Capacity: 2000M(100%)
[2026-04-03T03:37:38.790+0600][10.770s][info][gc,heap     ] GC(4)                Mark Start          Mark End        Relocate Start      Relocate End           High               Low         
[2026-04-03T03:37:38.790+0600][10.770s][info][gc,heap     ] GC(4)  Capacity:      610M (30%)         784M (39%)         784M (39%)         790M (40%)         790M (40%)         610M (30%)    
[2026-04-03T03:37:38.790+0600][10.770s][info][gc,heap     ] GC(4)      Free:     1390M (70%)        1216M (61%)        1216M (61%)        1222M (61%)        1390M (70%)        1210M (60%)    
[2026-04-03T03:37:38.790+0600][10.770s][info][gc,heap     ] GC(4)      Used:      610M (30%)         784M (39%)         784M (39%)         778M (39%)         790M (40%)         610M (30%)    
[2026-04-03T03:37:38.790+0600][10.770s][info][gc,heap     ] GC(4)      Live:         -               562M (28%)         562M (28%)         562M (28%)            -                  -          
[2026-04-03T03:37:38.790+0600][10.770s][info][gc,heap     ] GC(4) Allocated:         -               174M (9%)          174M (9%)          173M (9%)             -                  -          
[2026-04-03T03:37:38.790+0600][10.770s][info][gc,heap     ] GC(4)   Garbage:         -                47M (2%)           47M (2%)           41M (2%)             -                  -          
[2026-04-03T03:37:38.790+0600][10.770s][info][gc,heap     ] GC(4) Reclaimed:         -                  -                 0M (0%)            5M (0%)             -                  -          
[2026-04-03T03:37:38.790+0600][10.770s][info][gc          ] GC(4) Garbage Collection (Warmup) 610M(30%)->778M(39%)
[2026-04-03T03:37:38.826+0600][10.806s][info][gc,start    ] GC(5) Garbage Collection (Allocation Rate)
[2026-04-03T03:37:38.826+0600][10.806s][info][gc,task     ] GC(5) Using 3 workers
[2026-04-03T03:37:38.826+0600][10.807s][info][gc,phases   ] GC(5) Pause Mark Start 0.008ms
[2026-04-03T03:37:39.664+0600][11.645s][info][gc,phases   ] GC(5) Concurrent Mark 838.153ms
[2026-04-03T03:37:39.664+0600][11.645s][info][gc,phases   ] GC(5) Pause Mark End 0.020ms
[2026-04-03T03:37:39.664+0600][11.645s][info][gc,phases   ] GC(5) Concurrent Mark Free 0.001ms
[2026-04-03T03:37:39.668+0600][11.648s][info][gc,phases   ] GC(5) Concurrent Process Non-Strong References 3.257ms
[2026-04-03T03:37:39.668+0600][11.648s][info][gc,phases   ] GC(5) Concurrent Reset Relocation Set 0.001ms
[2026-04-03T03:37:39.671+0600][11.651s][info][gc,phases   ] GC(5) Concurrent Select Relocation Set 2.876ms
[2026-04-03T03:37:39.671+0600][11.652s][info][gc,phases   ] GC(5) Pause Relocate Start 0.010ms
[2026-04-03T03:37:39.674+0600][11.655s][info][gc,phases   ] GC(5) Concurrent Relocate 3.038ms
[2026-04-03T03:37:39.674+0600][11.655s][info][gc,load     ] GC(5) Load: 4.42/4.37/4.70
[2026-04-03T03:37:39.674+0600][11.655s][info][gc,mmu      ] GC(5) MMU: 2ms/98.8%, 5ms/99.5%, 10ms/99.6%, 20ms/99.8%, 50ms/99.9%, 100ms/99.9%
[2026-04-03T03:37:39.674+0600][11.655s][info][gc,marking  ] GC(5) Mark: 2 stripe(s), 5 proactive flush(es), 1 terminate flush(es), 0 completion(s), 0 continuation(s) 
[2026-04-03T03:37:39.674+0600][11.655s][info][gc,marking  ] GC(5) Mark Stack Usage: 32M
[2026-04-03T03:37:39.674+0600][11.655s][info][gc,nmethod  ] GC(5) NMethods: 3168 registered, 174 unregistered
[2026-04-03T03:37:39.674+0600][11.655s][info][gc,metaspace] GC(5) Metaspace: 51M used, 51M committed, 1088M reserved
[2026-04-03T03:37:39.674+0600][11.655s][info][gc,ref      ] GC(5) Soft: 3981 encountered, 0 discovered, 0 enqueued
[2026-04-03T03:37:39.674+0600][11.655s][info][gc,ref      ] GC(5) Weak: 2751 encountered, 503 discovered, 0 enqueued
[2026-04-03T03:37:39.674+0600][11.655s][info][gc,ref      ] GC(5) Final: 82 encountered, 1 discovered, 0 enqueued
[2026-04-03T03:37:39.674+0600][11.655s][info][gc,ref      ] GC(5) Phantom: 586 encountered, 454 discovered, 0 enqueued
[2026-04-03T03:37:39.674+0600][11.655s][info][gc,reloc    ] GC(5) Small Pages: 373 / 746M, Empty: 0M, Relocated: 1M, In-Place: 0
[2026-04-03T03:37:39.674+0600][11.655s][info][gc,reloc    ] GC(5) Medium Pages: 1 / 32M, Empty: 0M, Relocated: 0M, In-Place: 0
[2026-04-03T03:37:39.674+0600][11.655s][info][gc,reloc    ] GC(5) Large Pages: 0 / 0M, Empty: 0M, Relocated: 0M, In-Place: 0
[2026-04-03T03:37:39.674+0600][11.655s][info][gc,reloc    ] GC(5) Forwarding Usage: 0M
[2026-04-03T03:37:39.674+0600][11.655s][info][gc,heap     ] GC(5) Min Capacity: 8M(0%)
[2026-04-03T03:37:39.674+0600][11.655s][info][gc,heap     ] GC(5) Max Capacity: 2000M(100%)
[2026-04-03T03:37:39.674+0600][11.655s][info][gc,heap     ] GC(5) Soft Max Capacity: 2000M(100%)
[2026-04-03T03:37:39.674+0600][11.655s][info][gc,heap     ] GC(5)                Mark Start          Mark End        Relocate Start      Relocate End           High               Low         
[2026-04-03T03:37:39.674+0600][11.655s][info][gc,heap     ] GC(5)  Capacity:      790M (40%)         840M (42%)         840M (42%)         846M (42%)         846M (42%)         790M (40%)    
[2026-04-03T03:37:39.674+0600][11.655s][info][gc,heap     ] GC(5)      Free:     1222M (61%)        1160M (58%)        1160M (58%)        1168M (58%)        1222M (61%)        1154M (58%)    
[2026-04-03T03:37:39.674+0600][11.655s][info][gc,heap     ] GC(5)      Used:      778M (39%)         840M (42%)         840M (42%)         832M (42%)         846M (42%)         778M (39%)    
[2026-04-03T03:37:39.674+0600][11.655s][info][gc,heap     ] GC(5)      Live:         -               725M (36%)         725M (36%)         725M (36%)            -                  -          
[2026-04-03T03:37:39.674+0600][11.655s][info][gc,heap     ] GC(5) Allocated:         -                62M (3%)           62M (3%)           61M (3%)             -                  -          
[2026-04-03T03:37:39.674+0600][11.655s][info][gc,heap     ] GC(5)   Garbage:         -                52M (3%)           52M (3%)           44M (2%)             -                  -          
[2026-04-03T03:37:39.674+0600][11.655s][info][gc,heap     ] GC(5) Reclaimed:         -                  -                 0M (0%)            7M (0%)             -                  -          
[2026-04-03T03:37:39.674+0600][11.655s][info][gc          ] GC(5) Garbage Collection (Allocation Rate) 778M(39%)->832M(42%)
[2026-04-03T03:37:41.385+0600][13.366s][info][gc,start    ] GC(6) Garbage Collection (System.gc())
[2026-04-03T03:37:41.385+0600][13.366s][info][gc,task     ] GC(6) Using 3 workers
[2026-04-03T03:37:41.385+0600][13.366s][info][gc,phases   ] GC(6) Pause Mark Start 0.009ms
[2026-04-03T03:37:41.407+0600][13.388s][info][gc,phases   ] GC(6) Concurrent Mark 22.187ms
[2026-04-03T03:37:41.407+0600][13.388s][info][gc,phases   ] GC(6) Pause Mark End 0.018ms
[2026-04-03T03:37:41.408+0600][13.388s][info][gc,phases   ] GC(6) Concurrent Mark Free 0.001ms
[2026-04-03T03:37:41.412+0600][13.392s][info][gc,phases   ] GC(6) Concurrent Process Non-Strong References 4.119ms
[2026-04-03T03:37:41.412+0600][13.392s][info][gc,phases   ] GC(6) Concurrent Reset Relocation Set 0.002ms
[2026-04-03T03:37:41.415+0600][13.396s][info][gc,phases   ] GC(6) Concurrent Select Relocation Set 3.188ms
[2026-04-03T03:37:41.415+0600][13.396s][info][gc,phases   ] GC(6) Pause Relocate Start 0.011ms
[2026-04-03T03:37:41.418+0600][13.399s][info][gc,phases   ] GC(6) Concurrent Relocate 2.683ms
[2026-04-03T03:37:41.418+0600][13.399s][info][gc,load     ] GC(6) Load: 4.15/4.31/4.68
[2026-04-03T03:37:41.418+0600][13.399s][info][gc,mmu      ] GC(6) MMU: 2ms/98.8%, 5ms/99.5%, 10ms/99.6%, 20ms/99.8%, 50ms/99.9%, 100ms/99.9%
[2026-04-03T03:37:41.418+0600][13.399s][info][gc,marking  ] GC(6) Mark: 2 stripe(s), 3 proactive flush(es), 1 terminate flush(es), 0 completion(s), 0 continuation(s) 
[2026-04-03T03:37:41.418+0600][13.399s][info][gc,marking  ] GC(6) Mark Stack Usage: 32M
[2026-04-03T03:37:41.418+0600][13.399s][info][gc,nmethod  ] GC(6) NMethods: 3439 registered, 309 unregistered
[2026-04-03T03:37:41.418+0600][13.399s][info][gc,metaspace] GC(6) Metaspace: 55M used, 56M committed, 1088M reserved
[2026-04-03T03:37:41.418+0600][13.399s][info][gc,ref      ] GC(6) Soft: 4280 encountered, 0 discovered, 0 enqueued
[2026-04-03T03:37:41.418+0600][13.399s][info][gc,ref      ] GC(6) Weak: 4021 encountered, 797 discovered, 418 enqueued
[2026-04-03T03:37:41.418+0600][13.399s][info][gc,ref      ] GC(6) Final: 82 encountered, 1 discovered, 0 enqueued
[2026-04-03T03:37:41.418+0600][13.399s][info][gc,ref      ] GC(6) Phantom: 587 encountered, 508 discovered, 1 enqueued
[2026-04-03T03:37:41.418+0600][13.399s][info][gc,reloc    ] GC(6) Small Pages: 422 / 844M, Empty: 690M, Relocated: 3M, In-Place: 0
[2026-04-03T03:37:41.418+0600][13.399s][info][gc,reloc    ] GC(6) Medium Pages: 2 / 64M, Empty: 32M, Relocated: 0M, In-Place: 0
[2026-04-03T03:37:41.418+0600][13.399s][info][gc,reloc    ] GC(6) Large Pages: 1 / 6M, Empty: 6M, Relocated: 0M, In-Place: 0
[2026-04-03T03:37:41.418+0600][13.399s][info][gc,reloc    ] GC(6) Forwarding Usage: 1M
[2026-04-03T03:37:41.418+0600][13.399s][info][gc,heap     ] GC(6) Min Capacity: 8M(0%)
[2026-04-03T03:37:41.418+0600][13.399s][info][gc,heap     ] GC(6) Max Capacity: 2000M(100%)
[2026-04-03T03:37:41.418+0600][13.399s][info][gc,heap     ] GC(6) Soft Max Capacity: 2000M(100%)
[2026-04-03T03:37:41.418+0600][13.399s][info][gc,heap     ] GC(6)                Mark Start          Mark End        Relocate Start      Relocate End           High               Low         
[2026-04-03T03:37:41.418+0600][13.399s][info][gc,heap     ] GC(6)  Capacity:      914M (46%)         916M (46%)         916M (46%)         916M (46%)         916M (46%)         914M (46%)    
[2026-04-03T03:37:41.418+0600][13.399s][info][gc,heap     ] GC(6)      Free:     1086M (54%)        1084M (54%)        1810M (90%)        1932M (97%)        1932M (97%)        1084M (54%)    
[2026-04-03T03:37:41.418+0600][13.399s][info][gc,heap     ] GC(6)      Used:      914M (46%)         916M (46%)         190M (10%)          68M (3%)          916M (46%)          68M (3%)     
[2026-04-03T03:37:41.418+0600][13.399s][info][gc,heap     ] GC(6)      Live:         -                32M (2%)           32M (2%)           32M (2%)             -                  -          
[2026-04-03T03:37:41.418+0600][13.399s][info][gc,heap     ] GC(6) Allocated:         -                 2M (0%)            4M (0%)            4M (0%)             -                  -          
[2026-04-03T03:37:41.418+0600][13.399s][info][gc,heap     ] GC(6)   Garbage:         -               881M (44%)         153M (8%)           31M (2%)             -                  -          
[2026-04-03T03:37:41.418+0600][13.399s][info][gc,heap     ] GC(6) Reclaimed:         -                  -               728M (36%)         850M (42%)            -                  -          
[2026-04-03T03:37:41.418+0600][13.399s][info][gc          ] GC(6) Garbage Collection (System.gc()) 914M(46%)->68M(3%)
[2026-04-03T03:37:43.826+0600][15.807s][info][gc,start    ] GC(7) Garbage Collection (Allocation Rate)
[2026-04-03T03:37:43.826+0600][15.807s][info][gc,task     ] GC(7) Using 3 workers
[2026-04-03T03:37:43.826+0600][15.807s][info][gc,phases   ] GC(7) Pause Mark Start 0.009ms
[2026-04-03T03:37:43.855+0600][15.836s][info][gc,phases   ] GC(7) Concurrent Mark 28.431ms
[2026-04-03T03:37:43.855+0600][15.836s][info][gc,phases   ] GC(7) Pause Mark End 0.025ms
[2026-04-03T03:37:43.855+0600][15.836s][info][gc,phases   ] GC(7) Concurrent Mark Free 0.003ms
[2026-04-03T03:37:43.871+0600][15.851s][info][gc,phases   ] GC(7) Concurrent Process Non-Strong References 15.254ms
[2026-04-03T03:37:43.871+0600][15.852s][info][gc,phases   ] GC(7) Concurrent Reset Relocation Set 0.007ms
[2026-04-03T03:37:43.874+0600][15.855s][info][gc,phases   ] GC(7) Concurrent Select Relocation Set 3.300ms
[2026-04-03T03:37:43.874+0600][15.855s][info][gc,phases   ] GC(7) Pause Relocate Start 0.019ms
[2026-04-03T03:37:43.881+0600][15.862s][info][gc,phases   ] GC(7) Concurrent Relocate 6.782ms
[2026-04-03T03:37:43.881+0600][15.862s][info][gc,load     ] GC(7) Load: 4.15/4.31/4.68
[2026-04-03T03:37:43.881+0600][15.862s][info][gc,mmu      ] GC(7) MMU: 2ms/98.8%, 5ms/99.5%, 10ms/99.6%, 20ms/99.8%, 50ms/99.9%, 100ms/99.9%
[2026-04-03T03:37:43.881+0600][15.862s][info][gc,marking  ] GC(7) Mark: 2 stripe(s), 2 proactive flush(es), 1 terminate flush(es), 0 completion(s), 0 continuation(s) 
[2026-04-03T03:37:43.881+0600][15.862s][info][gc,marking  ] GC(7) Mark Stack Usage: 32M
[2026-04-03T03:37:43.881+0600][15.862s][info][gc,nmethod  ] GC(7) NMethods: 4227 registered, 546 unregistered
[2026-04-03T03:37:43.881+0600][15.862s][info][gc,metaspace] GC(7) Metaspace: 64M used, 65M committed, 1088M reserved
[2026-04-03T03:37:43.881+0600][15.862s][info][gc,ref      ] GC(7) Soft: 4763 encountered, 0 discovered, 0 enqueued
[2026-04-03T03:37:43.881+0600][15.862s][info][gc,ref      ] GC(7) Weak: 5886 encountered, 2100 discovered, 759 enqueued
[2026-04-03T03:37:43.881+0600][15.862s][info][gc,ref      ] GC(7) Final: 82 encountered, 0 discovered, 0 enqueued
[2026-04-03T03:37:43.881+0600][15.862s][info][gc,ref      ] GC(7) Phantom: 604 encountered, 463 discovered, 1 enqueued
[2026-04-03T03:37:43.881+0600][15.862s][info][gc,reloc    ] GC(7) Small Pages: 236 / 472M, Empty: 266M, Relocated: 10M, In-Place: 0
[2026-04-03T03:37:43.881+0600][15.862s][info][gc,reloc    ] GC(7) Medium Pages: 2 / 64M, Empty: 32M, Relocated: 0M, In-Place: 0
[2026-04-03T03:37:43.881+0600][15.862s][info][gc,reloc    ] GC(7) Large Pages: 1 / 6M, Empty: 6M, Relocated: 0M, In-Place: 0
[2026-04-03T03:37:43.881+0600][15.862s][info][gc,reloc    ] GC(7) Forwarding Usage: 3M
[2026-04-03T03:37:43.881+0600][15.862s][info][gc,heap     ] GC(7) Min Capacity: 8M(0%)
[2026-04-03T03:37:43.882+0600][15.862s][info][gc,heap     ] GC(7) Max Capacity: 2000M(100%)
[2026-04-03T03:37:43.882+0600][15.862s][info][gc,heap     ] GC(7) Soft Max Capacity: 2000M(100%)
[2026-04-03T03:37:43.882+0600][15.862s][info][gc,heap     ] GC(7)                Mark Start          Mark End        Relocate Start      Relocate End           High               Low         
[2026-04-03T03:37:43.882+0600][15.862s][info][gc,heap     ] GC(7)  Capacity:      916M (46%)         916M (46%)         916M (46%)         916M (46%)         916M (46%)         916M (46%)    
[2026-04-03T03:37:43.882+0600][15.862s][info][gc,heap     ] GC(7)      Free:     1458M (73%)        1388M (69%)        1652M (83%)        1804M (90%)        1808M (90%)        1354M (68%)    
[2026-04-03T03:37:43.882+0600][15.862s][info][gc,heap     ] GC(7)      Used:      542M (27%)         612M (31%)         348M (17%)         196M (10%)         646M (32%)         192M (10%)    
[2026-04-03T03:37:43.882+0600][15.862s][info][gc,heap     ] GC(7)      Live:         -                38M (2%)           38M (2%)           38M (2%)             -                  -          
[2026-04-03T03:37:43.882+0600][15.862s][info][gc,heap     ] GC(7) Allocated:         -                70M (4%)          110M (6%)          125M (6%)             -                  -          
[2026-04-03T03:37:43.882+0600][15.862s][info][gc,heap     ] GC(7)   Garbage:         -               503M (25%)         199M (10%)          32M (2%)             -                  -          
[2026-04-03T03:37:43.882+0600][15.862s][info][gc,heap     ] GC(7) Reclaimed:         -                  -               304M (15%)         471M (24%)            -                  -          
[2026-04-03T03:37:43.882+0600][15.862s][info][gc          ] GC(7) Garbage Collection (Allocation Rate) 542M(27%)->196M(10%)
[2026-04-03T03:37:43.926+0600][15.907s][info][gc,start    ] GC(8) Garbage Collection (Allocation Rate)
[2026-04-03T03:37:43.926+0600][15.907s][info][gc,task     ] GC(8) Using 3 workers
[2026-04-03T03:37:43.927+0600][15.907s][info][gc,phases   ] GC(8) Pause Mark Start 0.010ms
[2026-04-03T03:37:43.973+0600][15.954s][info][gc,phases   ] GC(8) Concurrent Mark 46.681ms
[2026-04-03T03:37:43.974+0600][15.954s][info][gc,phases   ] GC(8) Pause Mark End 0.024ms
[2026-04-03T03:37:43.974+0600][15.954s][info][gc,phases   ] GC(8) Concurrent Mark Free 0.001ms
[2026-04-03T03:37:43.980+0600][15.960s][info][gc,phases   ] GC(8) Concurrent Process Non-Strong References 5.888ms
[2026-04-03T03:37:43.980+0600][15.960s][info][gc,phases   ] GC(8) Concurrent Reset Relocation Set 0.017ms
[2026-04-03T03:37:43.983+0600][15.964s][info][gc,phases   ] GC(8) Concurrent Select Relocation Set 3.454ms
[2026-04-03T03:37:43.983+0600][15.964s][info][gc,phases   ] GC(8) Pause Relocate Start 0.014ms
[2026-04-03T03:37:43.984+0600][15.965s][info][gc,phases   ] GC(8) Concurrent Relocate 0.889ms
[2026-04-03T03:37:43.985+0600][15.965s][info][gc,load     ] GC(8) Load: 4.15/4.31/4.68
[2026-04-03T03:37:43.985+0600][15.965s][info][gc,mmu      ] GC(8) MMU: 2ms/98.8%, 5ms/99.5%, 10ms/99.6%, 20ms/99.8%, 50ms/99.9%, 100ms/99.9%
[2026-04-03T03:37:43.985+0600][15.965s][info][gc,marking  ] GC(8) Mark: 2 stripe(s), 2 proactive flush(es), 1 terminate flush(es), 0 completion(s), 0 continuation(s) 
[2026-04-03T03:37:43.985+0600][15.965s][info][gc,marking  ] GC(8) Mark Stack Usage: 32M
[2026-04-03T03:37:43.985+0600][15.965s][info][gc,nmethod  ] GC(8) NMethods: 4241 registered, 547 unregistered
[2026-04-03T03:37:43.985+0600][15.965s][info][gc,metaspace] GC(8) Metaspace: 64M used, 65M committed, 1088M reserved
[2026-04-03T03:37:43.985+0600][15.965s][info][gc,ref      ] GC(8) Soft: 4763 encountered, 0 discovered, 0 enqueued
[2026-04-03T03:37:43.985+0600][15.965s][info][gc,ref      ] GC(8) Weak: 5127 encountered, 546 discovered, 0 enqueued
[2026-04-03T03:37:43.985+0600][15.965s][info][gc,ref      ] GC(8) Final: 82 encountered, 1 discovered, 0 enqueued
[2026-04-03T03:37:43.985+0600][15.965s][info][gc,ref      ] GC(8) Phantom: 603 encountered, 449 discovered, 0 enqueued
[2026-04-03T03:37:43.985+0600][15.965s][info][gc,reloc    ] GC(8) Small Pages: 141 / 282M, Empty: 220M, Relocated: 1M, In-Place: 0
[2026-04-03T03:37:43.985+0600][15.965s][info][gc,reloc    ] GC(8) Medium Pages: 1 / 32M, Empty: 0M, Relocated: 0M, In-Place: 0
[2026-04-03T03:37:43.985+0600][15.965s][info][gc,reloc    ] GC(8) Large Pages: 0 / 0M, Empty: 0M, Relocated: 0M, In-Place: 0
[2026-04-03T03:37:43.985+0600][15.965s][info][gc,reloc    ] GC(8) Forwarding Usage: 0M
[2026-04-03T03:37:43.985+0600][15.965s][info][gc,heap     ] GC(8) Min Capacity: 8M(0%)
[2026-04-03T03:37:43.985+0600][15.965s][info][gc,heap     ] GC(8) Max Capacity: 2000M(100%)
[2026-04-03T03:37:43.985+0600][15.965s][info][gc,heap     ] GC(8) Soft Max Capacity: 2000M(100%)
[2026-04-03T03:37:43.985+0600][15.965s][info][gc,heap     ] GC(8)                Mark Start          Mark End        Relocate Start      Relocate End           High               Low         
[2026-04-03T03:37:43.985+0600][15.965s][info][gc,heap     ] GC(8)  Capacity:      916M (46%)         916M (46%)         916M (46%)         916M (46%)         916M (46%)         916M (46%)    
[2026-04-03T03:37:43.985+0600][15.965s][info][gc,heap     ] GC(8)      Free:     1686M (84%)        1574M (79%)        1774M (89%)        1794M (90%)        1794M (90%)        1562M (78%)    
[2026-04-03T03:37:43.985+0600][15.965s][info][gc,heap     ] GC(8)      Used:      314M (16%)         426M (21%)         226M (11%)         206M (10%)         438M (22%)         206M (10%)    
[2026-04-03T03:37:43.985+0600][15.966s][info][gc,heap     ] GC(8)      Live:         -                38M (2%)           38M (2%)           38M (2%)             -                  -          
[2026-04-03T03:37:43.985+0600][15.966s][info][gc,heap     ] GC(8) Allocated:         -               112M (6%)          132M (7%)          133M (7%)             -                  -          
[2026-04-03T03:37:43.985+0600][15.966s][info][gc,heap     ] GC(8)   Garbage:         -               275M (14%)          55M (3%)           33M (2%)             -                  -          
[2026-04-03T03:37:43.985+0600][15.966s][info][gc,heap     ] GC(8) Reclaimed:         -                  -               220M (11%)         241M (12%)            -                  -          
[2026-04-03T03:37:43.985+0600][15.966s][info][gc          ] GC(8) Garbage Collection (Allocation Rate) 314M(16%)->206M(10%)
[2026-04-03T03:37:44.026+0600][16.007s][info][gc,start    ] GC(9) Garbage Collection (Allocation Rate)
[2026-04-03T03:37:44.026+0600][16.007s][info][gc,task     ] GC(9) Using 3 workers
[2026-04-03T03:37:44.027+0600][16.007s][info][gc,phases   ] GC(9) Pause Mark Start 0.038ms
[2026-04-03T03:37:44.054+0600][16.034s][info][gc,phases   ] GC(9) Concurrent Mark 26.883ms
[2026-04-03T03:37:44.054+0600][16.035s][info][gc,phases   ] GC(9) Pause Mark End 0.024ms
[2026-04-03T03:37:44.054+0600][16.035s][info][gc,phases   ] GC(9) Concurrent Mark Free 0.001ms
[2026-04-03T03:37:44.060+0600][16.041s][info][gc,phases   ] GC(9) Concurrent Process Non-Strong References 6.130ms
[2026-04-03T03:37:44.060+0600][16.041s][info][gc,phases   ] GC(9) Concurrent Reset Relocation Set 0.004ms
[2026-04-03T03:37:44.063+0600][16.044s][info][gc,phases   ] GC(9) Concurrent Select Relocation Set 2.588ms
[2026-04-03T03:37:44.063+0600][16.044s][info][gc,phases   ] GC(9) Pause Relocate Start 0.024ms
[2026-04-03T03:37:44.064+0600][16.045s][info][gc,phases   ] GC(9) Concurrent Relocate 0.988ms
[2026-04-03T03:37:44.064+0600][16.045s][info][gc,load     ] GC(9) Load: 4.15/4.31/4.68
[2026-04-03T03:37:44.064+0600][16.045s][info][gc,mmu      ] GC(9) MMU: 2ms/98.1%, 5ms/99.2%, 10ms/99.5%, 20ms/99.8%, 50ms/99.8%, 100ms/99.9%
[2026-04-03T03:37:44.064+0600][16.045s][info][gc,marking  ] GC(9) Mark: 2 stripe(s), 2 proactive flush(es), 1 terminate flush(es), 0 completion(s), 0 continuation(s) 
[2026-04-03T03:37:44.064+0600][16.045s][info][gc,marking  ] GC(9) Mark Stack Usage: 32M
[2026-04-03T03:37:44.064+0600][16.045s][info][gc,nmethod  ] GC(9) NMethods: 4250 registered, 550 unregistered
[2026-04-03T03:37:44.064+0600][16.045s][info][gc,metaspace] GC(9) Metaspace: 64M used, 65M committed, 1088M reserved
[2026-04-03T03:37:44.064+0600][16.045s][info][gc,ref      ] GC(9) Soft: 4763 encountered, 0 discovered, 0 enqueued
[2026-04-03T03:37:44.064+0600][16.045s][info][gc,ref      ] GC(9) Weak: 5127 encountered, 380 discovered, 0 enqueued
[2026-04-03T03:37:44.064+0600][16.045s][info][gc,ref      ] GC(9) Final: 82 encountered, 0 discovered, 0 enqueued
[2026-04-03T03:37:44.064+0600][16.045s][info][gc,ref      ] GC(9) Phantom: 603 encountered, 516 discovered, 0 enqueued
[2026-04-03T03:37:44.064+0600][16.045s][info][gc,reloc    ] GC(9) Small Pages: 147 / 294M, Empty: 238M, Relocated: 1M, In-Place: 0
[2026-04-03T03:37:44.064+0600][16.045s][info][gc,reloc    ] GC(9) Medium Pages: 1 / 32M, Empty: 0M, Relocated: 0M, In-Place: 0
[2026-04-03T03:37:44.064+0600][16.045s][info][gc,reloc    ] GC(9) Large Pages: 0 / 0M, Empty: 0M, Relocated: 0M, In-Place: 0
[2026-04-03T03:37:44.064+0600][16.045s][info][gc,reloc    ] GC(9) Forwarding Usage: 0M
[2026-04-03T03:37:44.064+0600][16.045s][info][gc,heap     ] GC(9) Min Capacity: 8M(0%)
[2026-04-03T03:37:44.064+0600][16.045s][info][gc,heap     ] GC(9) Max Capacity: 2000M(100%)
[2026-04-03T03:37:44.064+0600][16.045s][info][gc,heap     ] GC(9) Soft Max Capacity: 2000M(100%)
[2026-04-03T03:37:44.064+0600][16.045s][info][gc,heap     ] GC(9)                Mark Start          Mark End        Relocate Start      Relocate End           High               Low         
[2026-04-03T03:37:44.064+0600][16.045s][info][gc,heap     ] GC(9)  Capacity:      916M (46%)         916M (46%)         916M (46%)         916M (46%)         916M (46%)         916M (46%)    
[2026-04-03T03:37:44.065+0600][16.045s][info][gc,heap     ] GC(9)      Free:     1674M (84%)        1600M (80%)        1816M (91%)        1830M (92%)        1830M (92%)        1586M (79%)    
[2026-04-03T03:37:44.065+0600][16.045s][info][gc,heap     ] GC(9)      Used:      326M (16%)         400M (20%)         184M (9%)          170M (8%)          414M (21%)         170M (8%)     
[2026-04-03T03:37:44.065+0600][16.045s][info][gc,heap     ] GC(9)      Live:         -                38M (2%)           38M (2%)           38M (2%)             -                  -          
[2026-04-03T03:37:44.065+0600][16.045s][info][gc,heap     ] GC(9) Allocated:         -                74M (4%)           96M (5%)           97M (5%)             -                  -          
[2026-04-03T03:37:44.065+0600][16.045s][info][gc,heap     ] GC(9)   Garbage:         -               287M (14%)          49M (2%)           33M (2%)             -                  -          
[2026-04-03T03:37:44.065+0600][16.045s][info][gc,heap     ] GC(9) Reclaimed:         -                  -               238M (12%)         253M (13%)            -                  -          
[2026-04-03T03:37:44.065+0600][16.045s][info][gc          ] GC(9) Garbage Collection (Allocation Rate) 326M(16%)->170M(8%)
[2026-04-03T03:37:44.126+0600][16.107s][info][gc,start    ] GC(10) Garbage Collection (Allocation Rate)
[2026-04-03T03:37:44.127+0600][16.107s][info][gc,task     ] GC(10) Using 3 workers
[2026-04-03T03:37:44.127+0600][16.107s][info][gc,phases   ] GC(10) Pause Mark Start 0.009ms
[2026-04-03T03:37:44.161+0600][16.141s][info][gc,phases   ] GC(10) Concurrent Mark 33.949ms
[2026-04-03T03:37:44.161+0600][16.142s][info][gc,phases   ] GC(10) Pause Mark End 0.057ms
[2026-04-03T03:37:44.161+0600][16.142s][info][gc,phases   ] GC(10) Concurrent Mark Free 0.001ms
[2026-04-03T03:37:44.167+0600][16.148s][info][gc,phases   ] GC(10) Concurrent Process Non-Strong References 5.591ms
[2026-04-03T03:37:44.167+0600][16.148s][info][gc,phases   ] GC(10) Concurrent Reset Relocation Set 0.003ms
[2026-04-03T03:37:44.171+0600][16.151s][info][gc,phases   ] GC(10) Concurrent Select Relocation Set 3.489ms
[2026-04-03T03:37:44.171+0600][16.151s][info][gc,phases   ] GC(10) Pause Relocate Start 0.044ms
[2026-04-03T03:37:44.172+0600][16.152s][info][gc,phases   ] GC(10) Concurrent Relocate 0.893ms
[2026-04-03T03:37:44.172+0600][16.153s][info][gc,load     ] GC(10) Load: 4.15/4.31/4.68
[2026-04-03T03:37:44.172+0600][16.153s][info][gc,mmu      ] GC(10) MMU: 2ms/97.2%, 5ms/98.9%, 10ms/99.0%, 20ms/99.5%, 50ms/99.8%, 100ms/99.9%
[2026-04-03T03:37:44.172+0600][16.153s][info][gc,marking  ] GC(10) Mark: 2 stripe(s), 2 proactive flush(es), 1 terminate flush(es), 0 completion(s), 0 continuation(s) 
[2026-04-03T03:37:44.172+0600][16.153s][info][gc,marking  ] GC(10) Mark Stack Usage: 32M
[2026-04-03T03:37:44.172+0600][16.153s][info][gc,nmethod  ] GC(10) NMethods: 4260 registered, 552 unregistered
[2026-04-03T03:37:44.172+0600][16.153s][info][gc,metaspace] GC(10) Metaspace: 64M used, 65M committed, 1088M reserved
[2026-04-03T03:37:44.172+0600][16.153s][info][gc,ref      ] GC(10) Soft: 4763 encountered, 0 discovered, 0 enqueued
[2026-04-03T03:37:44.172+0600][16.153s][info][gc,ref      ] GC(10) Weak: 5127 encountered, 882 discovered, 0 enqueued
[2026-04-03T03:37:44.172+0600][16.153s][info][gc,ref      ] GC(10) Final: 82 encountered, 1 discovered, 0 enqueued
[2026-04-03T03:37:44.172+0600][16.153s][info][gc,ref      ] GC(10) Phantom: 603 encountered, 463 discovered, 0 enqueued
[2026-04-03T03:37:44.172+0600][16.153s][info][gc,reloc    ] GC(10) Small Pages: 140 / 280M, Empty: 218M, Relocated: 1M, In-Place: 0
[2026-04-03T03:37:44.172+0600][16.153s][info][gc,reloc    ] GC(10) Medium Pages: 1 / 32M, Empty: 0M, Relocated: 0M, In-Place: 0
[2026-04-03T03:37:44.172+0600][16.153s][info][gc,reloc    ] GC(10) Large Pages: 0 / 0M, Empty: 0M, Relocated: 0M, In-Place: 0
[2026-04-03T03:37:44.172+0600][16.153s][info][gc,reloc    ] GC(10) Forwarding Usage: 0M
[2026-04-03T03:37:44.172+0600][16.153s][info][gc,heap     ] GC(10) Min Capacity: 8M(0%)
[2026-04-03T03:37:44.172+0600][16.153s][info][gc,heap     ] GC(10) Max Capacity: 2000M(100%)
[2026-04-03T03:37:44.172+0600][16.153s][info][gc,heap     ] GC(10) Soft Max Capacity: 2000M(100%)
[2026-04-03T03:37:44.172+0600][16.153s][info][gc,heap     ] GC(10)                Mark Start          Mark End        Relocate Start      Relocate End           High               Low         
[2026-04-03T03:37:44.172+0600][16.153s][info][gc,heap     ] GC(10)  Capacity:      916M (46%)         916M (46%)         916M (46%)         916M (46%)         916M (46%)         916M (46%)    
[2026-04-03T03:37:44.172+0600][16.153s][info][gc,heap     ] GC(10)      Free:     1688M (84%)        1634M (82%)        1828M (91%)        1850M (92%)        1850M (92%)        1620M (81%)    
[2026-04-03T03:37:44.172+0600][16.153s][info][gc,heap     ] GC(10)      Used:      312M (16%)         366M (18%)         172M (9%)          150M (8%)          380M (19%)         150M (8%)     
[2026-04-03T03:37:44.172+0600][16.153s][info][gc,heap     ] GC(10)      Live:         -                38M (2%)           38M (2%)           38M (2%)             -                  -          
[2026-04-03T03:37:44.172+0600][16.153s][info][gc,heap     ] GC(10) Allocated:         -                54M (3%)           78M (4%)           77M (4%)             -                  -          
[2026-04-03T03:37:44.172+0600][16.153s][info][gc,heap     ] GC(10)   Garbage:         -               273M (14%)          55M (3%)           33M (2%)             -                  -          
[2026-04-03T03:37:44.172+0600][16.153s][info][gc,heap     ] GC(10) Reclaimed:         -                  -               218M (11%)         239M (12%)            -                  -          
[2026-04-03T03:37:44.172+0600][16.153s][info][gc          ] GC(10) Garbage Collection (Allocation Rate) 312M(16%)->150M(8%)
[2026-04-03T03:37:44.326+0600][16.307s][info][gc,start    ] GC(11) Garbage Collection (Allocation Rate)
[2026-04-03T03:37:44.326+0600][16.307s][info][gc,task     ] GC(11) Using 3 workers
[2026-04-03T03:37:44.326+0600][16.307s][info][gc,phases   ] GC(11) Pause Mark Start 0.010ms
[2026-04-03T03:37:44.355+0600][16.336s][info][gc,phases   ] GC(11) Concurrent Mark 28.629ms
[2026-04-03T03:37:44.355+0600][16.336s][info][gc,phases   ] GC(11) Pause Mark End 0.042ms
[2026-04-03T03:37:44.355+0600][16.336s][info][gc,phases   ] GC(11) Concurrent Mark Free 0.001ms
[2026-04-03T03:37:44.362+0600][16.342s][info][gc,phases   ] GC(11) Concurrent Process Non-Strong References 6.408ms
[2026-04-03T03:37:44.362+0600][16.343s][info][gc,phases   ] GC(11) Concurrent Reset Relocation Set 0.004ms
[2026-04-03T03:37:44.365+0600][16.346s][info][gc,phases   ] GC(11) Concurrent Select Relocation Set 3.315ms
[2026-04-03T03:37:44.365+0600][16.346s][info][gc,phases   ] GC(11) Pause Relocate Start 0.013ms
[2026-04-03T03:37:44.366+0600][16.347s][info][gc,phases   ] GC(11) Concurrent Relocate 0.909ms
[2026-04-03T03:37:44.367+0600][16.347s][info][gc,load     ] GC(11) Load: 4.15/4.31/4.68
[2026-04-03T03:37:44.367+0600][16.347s][info][gc,mmu      ] GC(11) MMU: 2ms/97.2%, 5ms/98.9%, 10ms/99.0%, 20ms/99.5%, 50ms/99.8%, 100ms/99.9%
[2026-04-03T03:37:44.367+0600][16.347s][info][gc,marking  ] GC(11) Mark: 2 stripe(s), 2 proactive flush(es), 1 terminate flush(es), 0 completion(s), 0 continuation(s) 
[2026-04-03T03:37:44.367+0600][16.347s][info][gc,marking  ] GC(11) Mark Stack Usage: 32M
[2026-04-03T03:37:44.367+0600][16.347s][info][gc,nmethod  ] GC(11) NMethods: 4271 registered, 558 unregistered
[2026-04-03T03:37:44.367+0600][16.347s][info][gc,metaspace] GC(11) Metaspace: 64M used, 65M committed, 1088M reserved
[2026-04-03T03:37:44.367+0600][16.347s][info][gc,ref      ] GC(11) Soft: 4763 encountered, 0 discovered, 0 enqueued
[2026-04-03T03:37:44.367+0600][16.347s][info][gc,ref      ] GC(11) Weak: 5127 encountered, 3478 discovered, 0 enqueued
[2026-04-03T03:37:44.367+0600][16.347s][info][gc,ref      ] GC(11) Final: 82 encountered, 82 discovered, 0 enqueued
[2026-04-03T03:37:44.367+0600][16.347s][info][gc,ref      ] GC(11) Phantom: 603 encountered, 430 discovered, 0 enqueued
[2026-04-03T03:37:44.367+0600][16.347s][info][gc,reloc    ] GC(11) Small Pages: 285 / 570M, Empty: 510M, Relocated: 1M, In-Place: 0
[2026-04-03T03:37:44.367+0600][16.347s][info][gc,reloc    ] GC(11) Medium Pages: 1 / 32M, Empty: 0M, Relocated: 0M, In-Place: 0
[2026-04-03T03:37:44.367+0600][16.347s][info][gc,reloc    ] GC(11) Large Pages: 0 / 0M, Empty: 0M, Relocated: 0M, In-Place: 0
[2026-04-03T03:37:44.367+0600][16.347s][info][gc,reloc    ] GC(11) Forwarding Usage: 0M
[2026-04-03T03:37:44.367+0600][16.347s][info][gc,heap     ] GC(11) Min Capacity: 8M(0%)
[2026-04-03T03:37:44.367+0600][16.347s][info][gc,heap     ] GC(11) Max Capacity: 2000M(100%)
[2026-04-03T03:37:44.367+0600][16.347s][info][gc,heap     ] GC(11) Soft Max Capacity: 2000M(100%)
[2026-04-03T03:37:44.367+0600][16.347s][info][gc,heap     ] GC(11)                Mark Start          Mark End        Relocate Start      Relocate End           High               Low         
[2026-04-03T03:37:44.367+0600][16.347s][info][gc,heap     ] GC(11)  Capacity:      916M (46%)         916M (46%)         916M (46%)         916M (46%)         916M (46%)         916M (46%)    
[2026-04-03T03:37:44.367+0600][16.347s][info][gc,heap     ] GC(11)      Free:     1398M (70%)        1322M (66%)        1808M (90%)        1828M (91%)        1828M (91%)        1306M (65%)    
[2026-04-03T03:37:44.367+0600][16.347s][info][gc,heap     ] GC(11)      Used:      602M (30%)         678M (34%)         192M (10%)         172M (9%)          694M (35%)         172M (9%)     
[2026-04-03T03:37:44.367+0600][16.347s][info][gc,heap     ] GC(11)      Live:         -                38M (2%)           38M (2%)           38M (2%)             -                  -          
[2026-04-03T03:37:44.367+0600][16.347s][info][gc,heap     ] GC(11) Allocated:         -                76M (4%)          100M (5%)           99M (5%)             -                  -          
[2026-04-03T03:37:44.367+0600][16.347s][info][gc,heap     ] GC(11)   Garbage:         -               563M (28%)          53M (3%)           33M (2%)             -                  -          
[2026-04-03T03:37:44.367+0600][16.347s][info][gc,heap     ] GC(11) Reclaimed:         -                  -               510M (26%)         529M (26%)            -                  -          
[2026-04-03T03:37:44.367+0600][16.347s][info][gc          ] GC(11) Garbage Collection (Allocation Rate) 602M(30%)->172M(9%)
[2026-04-03T03:37:44.526+0600][16.507s][info][gc,start    ] GC(12) Garbage Collection (Allocation Rate)
[2026-04-03T03:37:44.526+0600][16.507s][info][gc,task     ] GC(12) Using 3 workers
[2026-04-03T03:37:44.526+0600][16.507s][info][gc,phases   ] GC(12) Pause Mark Start 0.009ms
[2026-04-03T03:37:44.557+0600][16.537s][info][gc,phases   ] GC(12) Concurrent Mark 30.030ms
[2026-04-03T03:37:44.557+0600][16.537s][info][gc,phases   ] GC(12) Pause Mark End 0.023ms
[2026-04-03T03:37:44.557+0600][16.538s][info][gc,phases   ] GC(12) Concurrent Mark Free 0.001ms
[2026-04-03T03:37:44.563+0600][16.544s][info][gc,phases   ] GC(12) Concurrent Process Non-Strong References 6.124ms
[2026-04-03T03:37:44.563+0600][16.544s][info][gc,phases   ] GC(12) Concurrent Reset Relocation Set 0.004ms
[2026-04-03T03:37:44.567+0600][16.547s][info][gc,phases   ] GC(12) Concurrent Select Relocation Set 3.476ms
[2026-04-03T03:37:44.567+0600][16.548s][info][gc,phases   ] GC(12) Pause Relocate Start 0.014ms
[2026-04-03T03:37:44.568+0600][16.549s][info][gc,phases   ] GC(12) Concurrent Relocate 0.923ms
[2026-04-03T03:37:44.568+0600][16.549s][info][gc,load     ] GC(12) Load: 4.15/4.31/4.68
[2026-04-03T03:37:44.568+0600][16.549s][info][gc,mmu      ] GC(12) MMU: 2ms/97.2%, 5ms/98.9%, 10ms/99.0%, 20ms/99.5%, 50ms/99.8%, 100ms/99.9%
[2026-04-03T03:37:44.568+0600][16.549s][info][gc,marking  ] GC(12) Mark: 2 stripe(s), 2 proactive flush(es), 1 terminate flush(es), 0 completion(s), 0 continuation(s) 
[2026-04-03T03:37:44.568+0600][16.549s][info][gc,marking  ] GC(12) Mark Stack Usage: 32M
[2026-04-03T03:37:44.568+0600][16.549s][info][gc,nmethod  ] GC(12) NMethods: 4278 registered, 563 unregistered
[2026-04-03T03:37:44.568+0600][16.549s][info][gc,metaspace] GC(12) Metaspace: 64M used, 65M committed, 1088M reserved
[2026-04-03T03:37:44.568+0600][16.549s][info][gc,ref      ] GC(12) Soft: 4763 encountered, 0 discovered, 0 enqueued
[2026-04-03T03:37:44.568+0600][16.549s][info][gc,ref      ] GC(12) Weak: 5127 encountered, 974 discovered, 0 enqueued
[2026-04-03T03:37:44.568+0600][16.549s][info][gc,ref      ] GC(12) Final: 82 encountered, 0 discovered, 0 enqueued
[2026-04-03T03:37:44.568+0600][16.549s][info][gc,ref      ] GC(12) Phantom: 603 encountered, 460 discovered, 0 enqueued
[2026-04-03T03:37:44.568+0600][16.549s][info][gc,reloc    ] GC(12) Small Pages: 284 / 568M, Empty: 508M, Relocated: 1M, In-Place: 0
[2026-04-03T03:37:44.568+0600][16.549s][info][gc,reloc    ] GC(12) Medium Pages: 1 / 32M, Empty: 0M, Relocated: 0M, In-Place: 0
[2026-04-03T03:37:44.568+0600][16.549s][info][gc,reloc    ] GC(12) Large Pages: 0 / 0M, Empty: 0M, Relocated: 0M, In-Place: 0
[2026-04-03T03:37:44.568+0600][16.549s][info][gc,reloc    ] GC(12) Forwarding Usage: 0M
[2026-04-03T03:37:44.568+0600][16.549s][info][gc,heap     ] GC(12) Min Capacity: 8M(0%)
[2026-04-03T03:37:44.568+0600][16.549s][info][gc,heap     ] GC(12) Max Capacity: 2000M(100%)
[2026-04-03T03:37:44.568+0600][16.549s][info][gc,heap     ] GC(12) Soft Max Capacity: 2000M(100%)
[2026-04-03T03:37:44.568+0600][16.549s][info][gc,heap     ] GC(12)                Mark Start          Mark End        Relocate Start      Relocate End           High               Low         
[2026-04-03T03:37:44.568+0600][16.549s][info][gc,heap     ] GC(12)  Capacity:      916M (46%)         916M (46%)         916M (46%)         916M (46%)         916M (46%)         916M (46%)    
[2026-04-03T03:37:44.568+0600][16.549s][info][gc,heap     ] GC(12)      Free:     1400M (70%)        1330M (66%)        1820M (91%)        1836M (92%)        1836M (92%)        1318M (66%)    
[2026-04-03T03:37:44.568+0600][16.549s][info][gc,heap     ] GC(12)      Used:      600M (30%)         670M (34%)         180M (9%)          164M (8%)          682M (34%)         164M (8%)     
[2026-04-03T03:37:44.568+0600][16.549s][info][gc,heap     ] GC(12)      Live:         -                38M (2%)           38M (2%)           38M (2%)             -                  -          
[2026-04-03T03:37:44.568+0600][16.549s][info][gc,heap     ] GC(12) Allocated:         -                70M (4%)           88M (4%)           91M (5%)             -                  -          
[2026-04-03T03:37:44.568+0600][16.549s][info][gc,heap     ] GC(12)   Garbage:         -               561M (28%)          53M (3%)           33M (2%)             -                  -          
[2026-04-03T03:37:44.568+0600][16.549s][info][gc,heap     ] GC(12) Reclaimed:         -                  -               508M (25%)         527M (26%)            -                  -          
[2026-04-03T03:37:44.568+0600][16.549s][info][gc          ] GC(12) Garbage Collection (Allocation Rate) 600M(30%)->164M(8%)
[2026-04-03T03:37:44.727+0600][16.707s][info][gc,start    ] GC(13) Garbage Collection (Allocation Rate)
[2026-04-03T03:37:44.727+0600][16.707s][info][gc,task     ] GC(13) Using 3 workers
[2026-04-03T03:37:44.727+0600][16.708s][info][gc,phases   ] GC(13) Pause Mark Start 0.032ms
[2026-04-03T03:37:44.757+0600][16.737s][info][gc,phases   ] GC(13) Concurrent Mark 29.672ms
[2026-04-03T03:37:44.757+0600][16.738s][info][gc,phases   ] GC(13) Pause Mark End 0.026ms
[2026-04-03T03:37:44.757+0600][16.738s][info][gc,phases   ] GC(13) Concurrent Mark Free 0.001ms
[2026-04-03T03:37:44.763+0600][16.743s][info][gc,phases   ] GC(13) Concurrent Process Non-Strong References 5.621ms
[2026-04-03T03:37:44.763+0600][16.744s][info][gc,phases   ] GC(13) Concurrent Reset Relocation Set 0.003ms
[2026-04-03T03:37:44.766+0600][16.746s][info][gc,phases   ] GC(13) Concurrent Select Relocation Set 2.794ms
[2026-04-03T03:37:44.766+0600][16.747s][info][gc,phases   ] GC(13) Pause Relocate Start 0.014ms
[2026-04-03T03:37:44.767+0600][16.748s][info][gc,phases   ] GC(13) Concurrent Relocate 0.915ms
[2026-04-03T03:37:44.767+0600][16.748s][info][gc,load     ] GC(13) Load: 4.15/4.31/4.68
[2026-04-03T03:37:44.767+0600][16.748s][info][gc,mmu      ] GC(13) MMU: 2ms/97.2%, 5ms/98.9%, 10ms/99.0%, 20ms/99.5%, 50ms/99.8%, 100ms/99.9%
[2026-04-03T03:37:44.767+0600][16.748s][info][gc,marking  ] GC(13) Mark: 2 stripe(s), 2 proactive flush(es), 1 terminate flush(es), 0 completion(s), 0 continuation(s) 
[2026-04-03T03:37:44.767+0600][16.748s][info][gc,marking  ] GC(13) Mark Stack Usage: 32M
[2026-04-03T03:37:44.767+0600][16.748s][info][gc,nmethod  ] GC(13) NMethods: 4276 registered, 569 unregistered
[2026-04-03T03:37:44.767+0600][16.748s][info][gc,metaspace] GC(13) Metaspace: 64M used, 65M committed, 1088M reserved
[2026-04-03T03:37:44.767+0600][16.748s][info][gc,ref      ] GC(13) Soft: 4763 encountered, 0 discovered, 0 enqueued
[2026-04-03T03:37:44.767+0600][16.748s][info][gc,ref      ] GC(13) Weak: 5127 encountered, 1004 discovered, 0 enqueued
[2026-04-03T03:37:44.767+0600][16.748s][info][gc,ref      ] GC(13) Final: 82 encountered, 1 discovered, 0 enqueued
[2026-04-03T03:37:44.767+0600][16.748s][info][gc,ref      ] GC(13) Phantom: 603 encountered, 421 discovered, 0 enqueued
[2026-04-03T03:37:44.767+0600][16.748s][info][gc,reloc    ] GC(13) Small Pages: 296 / 592M, Empty: 526M, Relocated: 1M, In-Place: 0
[2026-04-03T03:37:44.767+0600][16.748s][info][gc,reloc    ] GC(13) Medium Pages: 1 / 32M, Empty: 0M, Relocated: 0M, In-Place: 0
[2026-04-03T03:37:44.767+0600][16.748s][info][gc,reloc    ] GC(13) Large Pages: 0 / 0M, Empty: 0M, Relocated: 0M, In-Place: 0
[2026-04-03T03:37:44.767+0600][16.748s][info][gc,reloc    ] GC(13) Forwarding Usage: 0M
[2026-04-03T03:37:44.767+0600][16.748s][info][gc,heap     ] GC(13) Min Capacity: 8M(0%)
[2026-04-03T03:37:44.767+0600][16.748s][info][gc,heap     ] GC(13) Max Capacity: 2000M(100%)
[2026-04-03T03:37:44.767+0600][16.748s][info][gc,heap     ] GC(13) Soft Max Capacity: 2000M(100%)
[2026-04-03T03:37:44.767+0600][16.748s][info][gc,heap     ] GC(13)                Mark Start          Mark End        Relocate Start      Relocate End           High               Low         
[2026-04-03T03:37:44.767+0600][16.748s][info][gc,heap     ] GC(13)  Capacity:      916M (46%)         916M (46%)         916M (46%)         916M (46%)         916M (46%)         916M (46%)    
[2026-04-03T03:37:44.767+0600][16.748s][info][gc,heap     ] GC(13)      Free:     1376M (69%)        1304M (65%)        1808M (90%)        1832M (92%)        1832M (92%)        1288M (64%)    
[2026-04-03T03:37:44.767+0600][16.748s][info][gc,heap     ] GC(13)      Used:      624M (31%)         696M (35%)         192M (10%)         168M (8%)          712M (36%)         168M (8%)     
[2026-04-03T03:37:44.767+0600][16.748s][info][gc,heap     ] GC(13)      Live:         -                38M (2%)           38M (2%)           38M (2%)             -                  -          
[2026-04-03T03:37:44.767+0600][16.748s][info][gc,heap     ] GC(13) Allocated:         -                72M (4%)           94M (5%)           95M (5%)             -                  -          
[2026-04-03T03:37:44.767+0600][16.748s][info][gc,heap     ] GC(13)   Garbage:         -               585M (29%)          59M (3%)           33M (2%)             -                  -          
[2026-04-03T03:37:44.767+0600][16.748s][info][gc,heap     ] GC(13) Reclaimed:         -                  -               526M (26%)         551M (28%)            -                  -          
[2026-04-03T03:37:44.767+0600][16.748s][info][gc          ] GC(13) Garbage Collection (Allocation Rate) 624M(31%)->168M(8%)
[2026-04-03T03:37:45.326+0600][17.307s][info][gc,start    ] GC(14) Garbage Collection (Allocation Rate)
[2026-04-03T03:37:45.326+0600][17.307s][info][gc,task     ] GC(14) Using 2 workers
[2026-04-03T03:37:45.327+0600][17.308s][info][gc,phases   ] GC(14) Pause Mark Start 0.011ms
[2026-04-03T03:37:45.371+0600][17.352s][info][gc,phases   ] GC(14) Concurrent Mark 44.391ms
[2026-04-03T03:37:45.372+0600][17.353s][info][gc,phases   ] GC(14) Pause Mark End 0.021ms
[2026-04-03T03:37:45.372+0600][17.353s][info][gc,phases   ] GC(14) Concurrent Mark Free 0.001ms
[2026-04-03T03:37:45.379+0600][17.360s][info][gc,phases   ] GC(14) Concurrent Process Non-Strong References 7.098ms
[2026-04-03T03:37:45.379+0600][17.360s][info][gc,phases   ] GC(14) Concurrent Reset Relocation Set 0.003ms
[2026-04-03T03:37:45.382+0600][17.363s][info][gc,phases   ] GC(14) Concurrent Select Relocation Set 2.888ms
[2026-04-03T03:37:45.383+0600][17.363s][info][gc,phases   ] GC(14) Pause Relocate Start 0.012ms
[2026-04-03T03:37:45.384+0600][17.364s][info][gc,phases   ] GC(14) Concurrent Relocate 0.975ms
[2026-04-03T03:37:45.384+0600][17.364s][info][gc,load     ] GC(14) Load: 4.15/4.31/4.68
[2026-04-03T03:37:45.384+0600][17.364s][info][gc,mmu      ] GC(14) MMU: 2ms/97.2%, 5ms/98.9%, 10ms/99.0%, 20ms/99.5%, 50ms/99.8%, 100ms/99.9%
[2026-04-03T03:37:45.384+0600][17.364s][info][gc,marking  ] GC(14) Mark: 2 stripe(s), 2 proactive flush(es), 1 terminate flush(es), 0 completion(s), 0 continuation(s) 
[2026-04-03T03:37:45.384+0600][17.364s][info][gc,marking  ] GC(14) Mark Stack Usage: 32M
[2026-04-03T03:37:45.384+0600][17.364s][info][gc,nmethod  ] GC(14) NMethods: 4284 registered, 574 unregistered
[2026-04-03T03:37:45.384+0600][17.364s][info][gc,metaspace] GC(14) Metaspace: 64M used, 65M committed, 1088M reserved
[2026-04-03T03:37:45.384+0600][17.364s][info][gc,ref      ] GC(14) Soft: 4763 encountered, 0 discovered, 0 enqueued
[2026-04-03T03:37:45.384+0600][17.364s][info][gc,ref      ] GC(14) Weak: 5127 encountered, 427 discovered, 0 enqueued
[2026-04-03T03:37:45.384+0600][17.364s][info][gc,ref      ] GC(14) Final: 82 encountered, 1 discovered, 0 enqueued
[2026-04-03T03:37:45.384+0600][17.364s][info][gc,ref      ] GC(14) Phantom: 603 encountered, 503 discovered, 0 enqueued
[2026-04-03T03:37:45.384+0600][17.364s][info][gc,reloc    ] GC(14) Small Pages: 627 / 1254M, Empty: 1194M, Relocated: 1M, In-Place: 0
[2026-04-03T03:37:45.384+0600][17.364s][info][gc,reloc    ] GC(14) Medium Pages: 1 / 32M, Empty: 0M, Relocated: 0M, In-Place: 0
[2026-04-03T03:37:45.384+0600][17.364s][info][gc,reloc    ] GC(14) Large Pages: 0 / 0M, Empty: 0M, Relocated: 0M, In-Place: 0
[2026-04-03T03:37:45.384+0600][17.365s][info][gc,reloc    ] GC(14) Forwarding Usage: 0M
[2026-04-03T03:37:45.384+0600][17.365s][info][gc,heap     ] GC(14) Min Capacity: 8M(0%)
[2026-04-03T03:37:45.384+0600][17.365s][info][gc,heap     ] GC(14) Max Capacity: 2000M(100%)
[2026-04-03T03:37:45.384+0600][17.365s][info][gc,heap     ] GC(14) Soft Max Capacity: 2000M(100%)
[2026-04-03T03:37:45.384+0600][17.365s][info][gc,heap     ] GC(14)                Mark Start          Mark End        Relocate Start      Relocate End           High               Low         
[2026-04-03T03:37:45.384+0600][17.365s][info][gc,heap     ] GC(14)  Capacity:     1286M (64%)        1344M (67%)        1350M (68%)        1350M (68%)        1350M (68%)        1286M (64%)    
[2026-04-03T03:37:45.384+0600][17.365s][info][gc,heap     ] GC(14)      Free:      714M (36%)         656M (33%)        1838M (92%)        1856M (93%)        1858M (93%)         650M (32%)    
[2026-04-03T03:37:45.384+0600][17.365s][info][gc,heap     ] GC(14)      Used:     1286M (64%)        1344M (67%)         162M (8%)          144M (7%)         1350M (68%)         142M (7%)     
[2026-04-03T03:37:45.384+0600][17.365s][info][gc,heap     ] GC(14)      Live:         -                38M (2%)           38M (2%)           38M (2%)             -                  -          
[2026-04-03T03:37:45.384+0600][17.365s][info][gc,heap     ] GC(14) Allocated:         -                58M (3%)           70M (4%)           73M (4%)             -                  -          
[2026-04-03T03:37:45.384+0600][17.365s][info][gc,heap     ] GC(14)   Garbage:         -              1247M (62%)          53M (3%)           31M (2%)             -                  -          
[2026-04-03T03:37:45.384+0600][17.365s][info][gc,heap     ] GC(14) Reclaimed:         -                  -              1194M (60%)        1215M (61%)            -                  -          
[2026-04-03T03:37:45.384+0600][17.365s][info][gc          ] GC(14) Garbage Collection (Allocation Rate) 1286M(64%)->144M(7%)
[2026-04-03T03:37:45.826+0600][17.806s][info][gc,start    ] GC(15) Garbage Collection (Allocation Rate)
[2026-04-03T03:37:45.826+0600][17.806s][info][gc,task     ] GC(15) Using 1 workers
[2026-04-03T03:37:45.826+0600][17.807s][info][gc,phases   ] GC(15) Pause Mark Start 0.010ms
[2026-04-03T03:37:45.883+0600][17.864s][info][gc,phases   ] GC(15) Concurrent Mark 57.328ms
[2026-04-03T03:37:45.884+0600][17.865s][info][gc,phases   ] GC(15) Pause Mark End 0.025ms
[2026-04-03T03:37:45.884+0600][17.865s][info][gc,phases   ] GC(15) Concurrent Mark Free 0.001ms
[2026-04-03T03:37:45.897+0600][17.877s][info][gc,phases   ] GC(15) Concurrent Process Non-Strong References 12.403ms
[2026-04-03T03:37:45.897+0600][17.878s][info][gc,phases   ] GC(15) Concurrent Reset Relocation Set 0.002ms
[2026-04-03T03:37:45.900+0600][17.881s][info][gc,phases   ] GC(15) Concurrent Select Relocation Set 3.121ms
[2026-04-03T03:37:45.900+0600][17.881s][info][gc,phases   ] GC(15) Pause Relocate Start 0.014ms
[2026-04-03T03:37:45.901+0600][17.882s][info][gc,phases   ] GC(15) Concurrent Relocate 1.198ms
[2026-04-03T03:37:45.902+0600][17.882s][info][gc,load     ] GC(15) Load: 4.05/4.29/4.67
[2026-04-03T03:37:45.902+0600][17.882s][info][gc,mmu      ] GC(15) MMU: 2ms/97.2%, 5ms/98.9%, 10ms/99.0%, 20ms/99.5%, 50ms/99.8%, 100ms/99.9%
[2026-04-03T03:37:45.902+0600][17.882s][info][gc,marking  ] GC(15) Mark: 1 stripe(s), 2 proactive flush(es), 1 terminate flush(es), 0 completion(s), 0 continuation(s) 
[2026-04-03T03:37:45.902+0600][17.882s][info][gc,marking  ] GC(15) Mark Stack Usage: 32M
[2026-04-03T03:37:45.902+0600][17.882s][info][gc,nmethod  ] GC(15) NMethods: 4285 registered, 579 unregistered
[2026-04-03T03:37:45.902+0600][17.882s][info][gc,metaspace] GC(15) Metaspace: 64M used, 65M committed, 1088M reserved
[2026-04-03T03:37:45.902+0600][17.882s][info][gc,ref      ] GC(15) Soft: 4763 encountered, 0 discovered, 0 enqueued
[2026-04-03T03:37:45.902+0600][17.882s][info][gc,ref      ] GC(15) Weak: 5127 encountered, 877 discovered, 0 enqueued
[2026-04-03T03:37:45.902+0600][17.882s][info][gc,ref      ] GC(15) Final: 82 encountered, 0 discovered, 0 enqueued
[2026-04-03T03:37:45.902+0600][17.882s][info][gc,ref      ] GC(15) Phantom: 603 encountered, 281 discovered, 0 enqueued
[2026-04-03T03:37:45.902+0600][17.882s][info][gc,reloc    ] GC(15) Small Pages: 690 / 1380M, Empty: 1322M, Relocated: 1M, In-Place: 0
[2026-04-03T03:37:45.902+0600][17.882s][info][gc,reloc    ] GC(15) Medium Pages: 1 / 32M, Empty: 0M, Relocated: 0M, In-Place: 0
[2026-04-03T03:37:45.902+0600][17.882s][info][gc,reloc    ] GC(15) Large Pages: 0 / 0M, Empty: 0M, Relocated: 0M, In-Place: 0
[2026-04-03T03:37:45.902+0600][17.882s][info][gc,reloc    ] GC(15) Forwarding Usage: 0M
[2026-04-03T03:37:45.902+0600][17.882s][info][gc,heap     ] GC(15) Min Capacity: 8M(0%)
[2026-04-03T03:37:45.902+0600][17.882s][info][gc,heap     ] GC(15) Max Capacity: 2000M(100%)
[2026-04-03T03:37:45.902+0600][17.882s][info][gc,heap     ] GC(15) Soft Max Capacity: 2000M(100%)
[2026-04-03T03:37:45.902+0600][17.882s][info][gc,heap     ] GC(15)                Mark Start          Mark End        Relocate Start      Relocate End           High               Low         
[2026-04-03T03:37:45.902+0600][17.882s][info][gc,heap     ] GC(15)  Capacity:     1412M (71%)        1494M (75%)        1510M (76%)        1510M (76%)        1510M (76%)        1412M (71%)    
[2026-04-03T03:37:45.902+0600][17.882s][info][gc,heap     ] GC(15)      Free:      588M (29%)         506M (25%)        1804M (90%)        1824M (91%)        1824M (91%)         490M (24%)    
[2026-04-03T03:37:45.902+0600][17.882s][info][gc,heap     ] GC(15)      Used:     1412M (71%)        1494M (75%)         196M (10%)         176M (9%)         1510M (76%)         176M (9%)     
[2026-04-03T03:37:45.902+0600][17.883s][info][gc,heap     ] GC(15)      Live:         -                38M (2%)           38M (2%)           38M (2%)             -                  -          
[2026-04-03T03:37:45.902+0600][17.883s][info][gc,heap     ] GC(15) Allocated:         -                82M (4%)          106M (5%)          107M (5%)             -                  -          
[2026-04-03T03:37:45.902+0600][17.883s][info][gc,heap     ] GC(15)   Garbage:         -              1373M (69%)          51M (3%)           29M (1%)             -                  -          
[2026-04-03T03:37:45.902+0600][17.883s][info][gc,heap     ] GC(15) Reclaimed:         -                  -              1322M (66%)        1343M (67%)            -                  -          
[2026-04-03T03:37:45.902+0600][17.883s][info][gc          ] GC(15) Garbage Collection (Allocation Rate) 1412M(71%)->176M(9%)
[2026-04-03T03:37:46.726+0600][18.706s][info][gc,start    ] GC(16) Garbage Collection (Allocation Rate)
[2026-04-03T03:37:46.726+0600][18.707s][info][gc,task     ] GC(16) Using 2 workers
[2026-04-03T03:37:46.726+0600][18.707s][info][gc,phases   ] GC(16) Pause Mark Start 0.013ms
[2026-04-03T03:37:46.783+0600][18.764s][info][gc,phases   ] GC(16) Concurrent Mark 56.900ms
[2026-04-03T03:37:46.783+0600][18.764s][info][gc,phases   ] GC(16) Pause Mark End 0.048ms
[2026-04-03T03:37:46.784+0600][18.764s][info][gc,phases   ] GC(16) Concurrent Mark Free 0.003ms
[2026-04-03T03:37:46.807+0600][18.788s][info][gc,phases   ] GC(16) Concurrent Process Non-Strong References 23.452ms
[2026-04-03T03:37:46.807+0600][18.788s][info][gc,phases   ] GC(16) Concurrent Reset Relocation Set 0.004ms
[2026-04-03T03:37:46.812+0600][18.793s][info][gc,phases   ] GC(16) Concurrent Select Relocation Set 4.662ms
[2026-04-03T03:37:46.812+0600][18.793s][info][gc,phases   ] GC(16) Pause Relocate Start 0.015ms
[2026-04-03T03:37:46.822+0600][18.803s][info][gc,phases   ] GC(16) Concurrent Relocate 9.947ms
[2026-04-03T03:37:46.822+0600][18.803s][info][gc,load     ] GC(16) Load: 4.05/4.29/4.67
[2026-04-03T03:37:46.822+0600][18.803s][info][gc,mmu      ] GC(16) MMU: 2ms/97.2%, 5ms/98.9%, 10ms/99.0%, 20ms/99.5%, 50ms/99.8%, 100ms/99.9%
[2026-04-03T03:37:46.822+0600][18.803s][info][gc,marking  ] GC(16) Mark: 2 stripe(s), 2 proactive flush(es), 1 terminate flush(es), 0 completion(s), 0 continuation(s) 
[2026-04-03T03:37:46.822+0600][18.803s][info][gc,marking  ] GC(16) Mark Stack Usage: 32M
[2026-04-03T03:37:46.822+0600][18.803s][info][gc,nmethod  ] GC(16) NMethods: 4848 registered, 751 unregistered
[2026-04-03T03:37:46.822+0600][18.803s][info][gc,metaspace] GC(16) Metaspace: 66M used, 67M committed, 1088M reserved
[2026-04-03T03:37:46.822+0600][18.803s][info][gc,ref      ] GC(16) Soft: 4881 encountered, 0 discovered, 0 enqueued
[2026-04-03T03:37:46.822+0600][18.803s][info][gc,ref      ] GC(16) Weak: 6205 encountered, 1120 discovered, 517 enqueued
[2026-04-03T03:37:46.822+0600][18.803s][info][gc,ref      ] GC(16) Final: 82 encountered, 0 discovered, 0 enqueued
[2026-04-03T03:37:46.822+0600][18.803s][info][gc,ref      ] GC(16) Phantom: 596 encountered, 491 discovered, 0 enqueued
[2026-04-03T03:37:46.822+0600][18.803s][info][gc,reloc    ] GC(16) Small Pages: 444 / 888M, Empty: 752M, Relocated: 6M, In-Place: 0
[2026-04-03T03:37:46.822+0600][18.803s][info][gc,reloc    ] GC(16) Medium Pages: 2 / 64M, Empty: 32M, Relocated: 0M, In-Place: 0
[2026-04-03T03:37:46.822+0600][18.803s][info][gc,reloc    ] GC(16) Large Pages: 1 / 6M, Empty: 6M, Relocated: 0M, In-Place: 0
[2026-04-03T03:37:46.822+0600][18.803s][info][gc,reloc    ] GC(16) Forwarding Usage: 2M
[2026-04-03T03:37:46.822+0600][18.803s][info][gc,heap     ] GC(16) Min Capacity: 8M(0%)
[2026-04-03T03:37:46.822+0600][18.803s][info][gc,heap     ] GC(16) Max Capacity: 2000M(100%)
[2026-04-03T03:37:46.822+0600][18.803s][info][gc,heap     ] GC(16) Soft Max Capacity: 2000M(100%)
[2026-04-03T03:37:46.822+0600][18.803s][info][gc,heap     ] GC(16)                Mark Start          Mark End        Relocate Start      Relocate End           High               Low         
[2026-04-03T03:37:46.823+0600][18.803s][info][gc,heap     ] GC(16)  Capacity:     1548M (77%)        1548M (77%)        1548M (77%)        1548M (77%)        1548M (77%)        1548M (77%)    
[2026-04-03T03:37:46.823+0600][18.803s][info][gc,heap     ] GC(16)      Free:     1042M (52%)        1026M (51%)        1812M (91%)        1908M (95%)        1908M (95%)        1024M (51%)    
[2026-04-03T03:37:46.823+0600][18.803s][info][gc,heap     ] GC(16)      Used:      958M (48%)         974M (49%)         188M (9%)           92M (5%)          976M (49%)          92M (5%)     
[2026-04-03T03:37:46.823+0600][18.803s][info][gc,heap     ] GC(16)      Live:         -                38M (2%)           38M (2%)           38M (2%)             -                  -          
[2026-04-03T03:37:46.823+0600][18.803s][info][gc,heap     ] GC(16) Allocated:         -                16M (1%)           20M (1%)           23M (1%)             -                  -          
[2026-04-03T03:37:46.823+0600][18.803s][info][gc,heap     ] GC(16)   Garbage:         -               919M (46%)         129M (6%)           29M (1%)             -                  -          
[2026-04-03T03:37:46.823+0600][18.803s][info][gc,heap     ] GC(16) Reclaimed:         -                  -               790M (40%)         889M (44%)            -                  -          
[2026-04-03T03:37:46.823+0600][18.803s][info][gc          ] GC(16) Garbage Collection (Allocation Rate) 958M(48%)->92M(5%)
[2026-04-03T03:37:48.127+0600][20.108s][info][gc,stats    ] === Garbage Collection Statistics =======================================================================================================================
[2026-04-03T03:37:48.127+0600][20.108s][info][gc,stats    ]                                                              Last 10s              Last 10m              Last 10h                Total
[2026-04-03T03:37:48.127+0600][20.108s][info][gc,stats    ]                                                              Avg / Max             Avg / Max             Avg / Max             Avg / Max
[2026-04-03T03:37:48.127+0600][20.108s][info][gc,stats    ]   Collector: Garbage Collection Cycle                    176.547 / 863.015     161.714 / 863.015     161.714 / 863.015     161.714 / 863.015     ms
[2026-04-03T03:37:48.127+0600][20.108s][info][gc,stats    ]  Contention: Mark Segment Reset Contention                     3 / 16                2 / 16                2 / 16                2 / 16          ops/s
[2026-04-03T03:37:48.127+0600][20.108s][info][gc,stats    ]  Contention: Mark SeqNum Reset Contention                      0 / 0                 0 / 0                 0 / 0                 0 / 0           ops/s
[2026-04-03T03:37:48.127+0600][20.108s][info][gc,stats    ]    Critical: Allocation Stall                                  0 / 0                 0 / 0                 0 / 0                 0 / 0           ops/s
[2026-04-03T03:37:48.127+0600][20.108s][info][gc,stats    ]    Critical: Allocation Stall                              0.000 / 0.000         0.000 / 0.000         0.000 / 0.000         0.000 / 0.000       ms
[2026-04-03T03:37:48.127+0600][20.108s][info][gc,stats    ]    Critical: GC Locker Stall                                   0 / 1                 0 / 2                 0 / 2                 0 / 2           ops/s
[2026-04-03T03:37:48.127+0600][20.108s][info][gc,stats    ]    Critical: GC Locker Stall                               0.001 / 0.001         0.001 / 0.001         0.001 / 0.001         0.001 / 0.001       ms
[2026-04-03T03:37:48.127+0600][20.108s][info][gc,stats    ]    Critical: Relocation Stall                                  0 / 0                 0 / 0                 0 / 0                 0 / 0           ops/s
[2026-04-03T03:37:48.127+0600][20.108s][info][gc,stats    ]    Critical: Relocation Stall                              0.000 / 0.000         0.000 / 0.000         0.000 / 0.000         0.000 / 0.000       ms
[2026-04-03T03:37:48.127+0600][20.108s][info][gc,stats    ]      Memory: Allocation Rate                                 776 / 2552            463 / 2552            463 / 2552            463 / 2552        MB/s
[2026-04-03T03:37:48.127+0600][20.108s][info][gc,stats    ]      Memory: Defragment                                        1 / 19                1 / 19                1 / 19                1 / 19          ops/s
[2026-04-03T03:37:48.127+0600][20.108s][info][gc,stats    ]      Memory: Out Of Memory                                     0 / 0                 0 / 0                 0 / 0                 0 / 0           ops/s
[2026-04-03T03:37:48.127+0600][20.108s][info][gc,stats    ]      Memory: Page Cache Flush                                  3 / 38                3 / 38                3 / 38                3 / 38          MB/s
[2026-04-03T03:37:48.127+0600][20.108s][info][gc,stats    ]      Memory: Page Cache Hit L1                               337 / 1222            188 / 1222            188 / 1222            188 / 1222        ops/s
[2026-04-03T03:37:48.127+0600][20.108s][info][gc,stats    ]      Memory: Page Cache Hit L2                                 0 / 0                 0 / 0                 0 / 0                 0 / 0           ops/s
[2026-04-03T03:37:48.127+0600][20.108s][info][gc,stats    ]      Memory: Page Cache Hit L3                                 2 / 17                7 / 105               7 / 105               7 / 105         ops/s
[2026-04-03T03:37:48.127+0600][20.108s][info][gc,stats    ]      Memory: Page Cache Miss                                  40 / 247              29 / 247              29 / 247              29 / 247         ops/s
[2026-04-03T03:37:48.127+0600][20.108s][info][gc,stats    ]      Memory: Uncommit                                          0 / 0                 0 / 0                 0 / 0                 0 / 0           MB/s
[2026-04-03T03:37:48.127+0600][20.108s][info][gc,stats    ]      Memory: Undo Object Allocation Failed                     0 / 0                 0 / 0                 0 / 0                 0 / 0           ops/s
[2026-04-03T03:37:48.127+0600][20.108s][info][gc,stats    ]      Memory: Undo Object Allocation Succeeded                  0 / 3                 0 / 3                 0 / 3                 0 / 3           ops/s
[2026-04-03T03:37:48.127+0600][20.108s][info][gc,stats    ]      Memory: Undo Page Allocation                              0 / 1                 0 / 1                 0 / 1                 0 / 1           ops/s
[2026-04-03T03:37:48.127+0600][20.108s][info][gc,stats    ]       Phase: Concurrent Mark                             161.210 / 852.492     145.512 / 852.492     145.512 / 852.492     145.512 / 852.492     ms
[2026-04-03T03:37:48.127+0600][20.108s][info][gc,stats    ]       Phase: Concurrent Mark Continue                      0.000 / 0.000         0.000 / 0.000         0.000 / 0.000         0.000 / 0.000       ms
[2026-04-03T03:37:48.127+0600][20.108s][info][gc,stats    ]       Phase: Concurrent Mark Free                          0.001 / 0.003         0.001 / 0.003         0.001 / 0.003         0.001 / 0.003       ms
[2026-04-03T03:37:48.127+0600][20.108s][info][gc,stats    ]       Phase: Concurrent Process Non-Strong References      8.067 / 23.452        6.940 / 23.452        6.940 / 23.452        6.940 / 23.452      ms
[2026-04-03T03:37:48.127+0600][20.108s][info][gc,stats    ]       Phase: Concurrent Relocate                           2.541 / 9.947         4.151 / 19.661        4.151 / 19.661        4.151 / 19.661      ms
[2026-04-03T03:37:48.127+0600][20.108s][info][gc,stats    ]       Phase: Concurrent Reset Relocation Set               0.006 / 0.018         0.007 / 0.018         0.007 / 0.018         0.007 / 0.018       ms
[2026-04-03T03:37:48.127+0600][20.108s][info][gc,stats    ]       Phase: Concurrent Select Relocation Set              3.248 / 4.662         3.608 / 8.065         3.608 / 8.065         3.608 / 8.065       ms
[2026-04-03T03:37:48.127+0600][20.108s][info][gc,stats    ]       Phase: Pause Mark End                                0.029 / 0.057         0.027 / 0.057         0.027 / 0.057         0.027 / 0.057       ms
[2026-04-03T03:37:48.127+0600][20.108s][info][gc,stats    ]       Phase: Pause Mark Start                              0.014 / 0.038         0.013 / 0.038         0.013 / 0.038         0.013 / 0.038       ms
[2026-04-03T03:37:48.127+0600][20.108s][info][gc,stats    ]       Phase: Pause Relocate Start                          0.016 / 0.044         0.016 / 0.044         0.016 / 0.044         0.016 / 0.044       ms
[2026-04-03T03:37:48.127+0600][20.108s][info][gc,stats    ]    Subphase: Concurrent Classes Purge                      0.143 / 0.582         0.176 / 0.582         0.176 / 0.582         0.176 / 0.582       ms
[2026-04-03T03:37:48.127+0600][20.108s][info][gc,stats    ]    Subphase: Concurrent Classes Unlink                     6.294 / 20.703        5.262 / 20.703        5.262 / 20.703        5.262 / 20.703      ms
[2026-04-03T03:37:48.127+0600][20.108s][info][gc,stats    ]    Subphase: Concurrent Mark                             172.155 / 851.871     151.890 / 851.871     151.890 / 851.871     151.890 / 851.871     ms
[2026-04-03T03:37:48.127+0600][20.108s][info][gc,stats    ]    Subphase: Concurrent Mark Try Flush                     0.225 / 1.251         0.236 / 1.251         0.236 / 1.251         0.236 / 1.251       ms
[2026-04-03T03:37:48.127+0600][20.108s][info][gc,stats    ]    Subphase: Concurrent Mark Try Terminate                 1.100 / 1.243         1.100 / 1.243         1.100 / 1.243         1.100 / 1.243       ms
[2026-04-03T03:37:48.127+0600][20.108s][info][gc,stats    ]    Subphase: Concurrent References Enqueue                 0.002 / 0.010         0.003 / 0.010         0.003 / 0.010         0.003 / 0.010       ms
[2026-04-03T03:37:48.127+0600][20.108s][info][gc,stats    ]    Subphase: Concurrent References Process                 0.331 / 0.762         0.328 / 0.762         0.328 / 0.762         0.328 / 0.762       ms
[2026-04-03T03:37:48.127+0600][20.108s][info][gc,stats    ]    Subphase: Concurrent Roots ClassLoaderDataGraph         0.241 / 0.670         0.217 / 0.670         0.217 / 0.670         0.217 / 0.670       ms
[2026-04-03T03:37:48.128+0600][20.108s][info][gc,stats    ]    Subphase: Concurrent Roots CodeCache                    0.000 / 0.000         0.000 / 0.000         0.000 / 0.000         0.000 / 0.000       ms
[2026-04-03T03:37:48.128+0600][20.108s][info][gc,stats    ]    Subphase: Concurrent Roots JavaThreads                  0.498 / 1.651         0.522 / 1.963         0.522 / 1.963         0.522 / 1.963       ms
[2026-04-03T03:37:48.128+0600][20.108s][info][gc,stats    ]    Subphase: Concurrent Roots OopStorageSet                0.042 / 0.089         0.046 / 0.112         0.046 / 0.112         0.046 / 0.112       ms
[2026-04-03T03:37:48.128+0600][20.108s][info][gc,stats    ]    Subphase: Concurrent Weak Roots OopStorageSet           0.789 / 1.532         0.705 / 1.532         0.705 / 1.532         0.705 / 1.532       ms
[2026-04-03T03:37:48.128+0600][20.108s][info][gc,stats    ]    Subphase: Pause Mark Try Complete                       0.000 / 0.000         0.000 / 0.000         0.000 / 0.000         0.000 / 0.000       ms
[2026-04-03T03:37:48.128+0600][20.108s][info][gc,stats    ]      System: Java Threads                                     63 / 71               54 / 71               54 / 71               54 / 71          threads
[2026-04-03T03:37:48.128+0600][20.108s][info][gc,stats    ] =========================================================================================================================================================
[2026-04-03T03:37:48.426+0600][20.407s][info][gc,start    ] GC(17) Garbage Collection (Allocation Rate)
[2026-04-03T03:37:48.426+0600][20.407s][info][gc,task     ] GC(17) Using 1 workers
[2026-04-03T03:37:48.427+0600][20.407s][info][gc,phases   ] GC(17) Pause Mark Start 0.014ms
[2026-04-03T03:37:49.412+0600][21.393s][info][gc,phases   ] GC(17) Concurrent Mark 985.413ms
[2026-04-03T03:37:49.412+0600][21.393s][info][gc,phases   ] GC(17) Pause Mark End 0.014ms
[2026-04-03T03:37:49.413+0600][21.393s][info][gc,phases   ] GC(17) Concurrent Mark Free 0.002ms
[2026-04-03T03:37:49.424+0600][21.405s][info][gc,phases   ] GC(17) Concurrent Process Non-Strong References 11.834ms
[2026-04-03T03:37:49.424+0600][21.405s][info][gc,phases   ] GC(17) Concurrent Reset Relocation Set 0.003ms
[2026-04-03T03:37:49.427+0600][21.407s][info][gc          ] Allocation Stall (Executor task launch worker for task 1.0 in stage 1.0 (TID 4)) 376.543ms
[2026-04-03T03:37:49.427+0600][21.407s][info][gc          ] Allocation Stall (Executor task launch worker for task 2.0 in stage 1.0 (TID 5)) 369.526ms
[2026-04-03T03:37:49.427+0600][21.407s][info][gc          ] Allocation Stall (Executor task launch worker for task 0.0 in stage 1.0 (TID 3)) 372.955ms
[2026-04-03T03:37:49.534+0600][21.515s][info][gc,phases   ] GC(17) Concurrent Select Relocation Set 109.519ms
[2026-04-03T03:37:49.534+0600][21.515s][info][gc,phases   ] GC(17) Pause Relocate Start 0.010ms
[2026-04-03T03:37:49.536+0600][21.516s][info][gc          ] Allocation Stall (Executor task launch worker for task 1.0 in stage 1.0 (TID 4)) 42.939ms
[2026-04-03T03:37:49.536+0600][21.516s][info][gc          ] Allocation Stall (Executor task launch worker for task 2.0 in stage 1.0 (TID 5)) 46.737ms
[2026-04-03T03:37:49.536+0600][21.516s][info][gc          ] Allocation Stall (Executor task launch worker for task 0.0 in stage 1.0 (TID 3)) 43.333ms
[2026-04-03T03:37:50.131+0600][22.111s][info][gc,phases   ] GC(17) Concurrent Relocate 596.279ms
[2026-04-03T03:37:50.131+0600][22.111s][info][gc,load     ] GC(17) Load: 4.05/4.29/4.67
[2026-04-03T03:37:50.131+0600][22.112s][info][gc,mmu      ] GC(17) MMU: 2ms/97.2%, 5ms/98.9%, 10ms/99.0%, 20ms/99.5%, 50ms/99.8%, 100ms/99.9%
[2026-04-03T03:37:50.131+0600][22.112s][info][gc,marking  ] GC(17) Mark: 1 stripe(s), 2 proactive flush(es), 1 terminate flush(es), 0 completion(s), 0 continuation(s) 
[2026-04-03T03:37:50.131+0600][22.112s][info][gc,marking  ] GC(17) Mark Stack Usage: 32M
[2026-04-03T03:37:50.131+0600][22.112s][info][gc,nmethod  ] GC(17) NMethods: 5091 registered, 211 unregistered
[2026-04-03T03:37:50.131+0600][22.112s][info][gc,metaspace] GC(17) Metaspace: 67M used, 68M committed, 1088M reserved
[2026-04-03T03:37:50.131+0600][22.112s][info][gc,ref      ] GC(17) Soft: 4916 encountered, 0 discovered, 0 enqueued
[2026-04-03T03:37:50.131+0600][22.112s][info][gc,ref      ] GC(17) Weak: 6006 encountered, 1085 discovered, 116 enqueued
[2026-04-03T03:37:50.131+0600][22.112s][info][gc,ref      ] GC(17) Final: 82 encountered, 0 discovered, 0 enqueued
[2026-04-03T03:37:50.131+0600][22.112s][info][gc,ref      ] GC(17) Phantom: 593 encountered, 590 discovered, 0 enqueued
[2026-04-03T03:37:50.131+0600][22.112s][info][gc,reloc    ] GC(17) Small Pages: 645 / 1290M, Empty: 0M, Relocated: 223M, In-Place: 0
[2026-04-03T03:37:50.131+0600][22.112s][info][gc,reloc    ] GC(17) Medium Pages: 3 / 96M, Empty: 0M, Relocated: 11M, In-Place: 1
[2026-04-03T03:37:50.131+0600][22.112s][info][gc,reloc    ] GC(17) Large Pages: 12 / 96M, Empty: 66M, Relocated: 0M, In-Place: 0
[2026-04-03T03:37:50.131+0600][22.112s][info][gc,reloc    ] GC(17) Forwarding Usage: 139M
[2026-04-03T03:37:50.131+0600][22.112s][info][gc,heap     ] GC(17) Min Capacity: 8M(0%)
[2026-04-03T03:37:50.131+0600][22.112s][info][gc,heap     ] GC(17) Max Capacity: 2000M(100%)
[2026-04-03T03:37:50.131+0600][22.112s][info][gc,heap     ] GC(17) Soft Max Capacity: 2000M(100%)
[2026-04-03T03:37:50.131+0600][22.112s][info][gc,heap     ] GC(17)                Mark Start          Mark End        Relocate Start      Relocate End           High               Low         
[2026-04-03T03:37:50.131+0600][22.112s][info][gc,heap     ] GC(17)  Capacity:     1674M (84%)        2000M (100%)       2000M (100%)       2000M (100%)       2000M (100%)       1674M (84%)    
[2026-04-03T03:37:50.131+0600][22.112s][info][gc,heap     ] GC(17)      Free:      518M (26%)           0M (0%)            0M (0%)          592M (30%)         664M (33%)           0M (0%)     
[2026-04-03T03:37:50.131+0600][22.112s][info][gc,heap     ] GC(17)      Used:     1482M (74%)        2000M (100%)       2000M (100%)       1408M (70%)        2000M (100%)       1336M (67%)    
[2026-04-03T03:37:50.131+0600][22.112s][info][gc,heap     ] GC(17)      Live:         -               301M (15%)         301M (15%)         301M (15%)            -                  -          
[2026-04-03T03:37:50.131+0600][22.112s][info][gc,heap     ] GC(17) Allocated:         -               518M (26%)         584M (29%)        1078M (54%)            -                  -          
[2026-04-03T03:37:50.131+0600][22.112s][info][gc,heap     ] GC(17)   Garbage:         -              1180M (59%)        1114M (56%)          28M (1%)             -                  -          
[2026-04-03T03:37:50.131+0600][22.112s][info][gc,heap     ] GC(17) Reclaimed:         -                  -                66M (3%)         1152M (58%)            -                  -          
[2026-04-03T03:37:50.131+0600][22.112s][info][gc          ] GC(17) Garbage Collection (Allocation Rate) 1482M(74%)->1408M(70%)
[2026-04-03T03:37:50.226+0600][22.207s][info][gc,start    ] GC(18) Garbage Collection (Allocation Stall)
[2026-04-03T03:37:50.226+0600][22.207s][info][gc,ref      ] GC(18) Clearing All SoftReferences
[2026-04-03T03:37:50.226+0600][22.207s][info][gc,task     ] GC(18) Using 3 workers
[2026-04-03T03:37:50.227+0600][22.207s][info][gc,ref      ] GC(18) Clearing All SoftReferences
[2026-04-03T03:37:50.227+0600][22.207s][info][gc,phases   ] GC(18) Pause Mark Start 0.140ms
[2026-04-03T03:37:51.346+0600][23.327s][info][gc,phases   ] GC(18) Concurrent Mark 1119.559ms
[2026-04-03T03:37:51.347+0600][23.327s][info][gc,phases   ] GC(18) Pause Mark End 0.017ms
[2026-04-03T03:37:51.347+0600][23.327s][info][gc,phases   ] GC(18) Concurrent Mark Free 0.001ms
[2026-04-03T03:37:51.359+0600][23.340s][info][gc,phases   ] GC(18) Concurrent Process Non-Strong References 12.309ms
[2026-04-03T03:37:51.359+0600][23.340s][info][gc,phases   ] GC(18) Concurrent Reset Relocation Set 0.066ms
[2026-04-03T03:37:51.362+0600][23.342s][info][gc          ] Allocation Stall (Executor task launch worker for task 0.0 in stage 1.0 (TID 3)) 206.142ms
[2026-04-03T03:37:51.362+0600][23.342s][info][gc          ] Allocation Stall (Executor task launch worker for task 1.0 in stage 1.0 (TID 4)) 202.979ms
[2026-04-03T03:37:51.362+0600][23.342s][info][gc          ] Allocation Stall (Executor task launch worker for task 2.0 in stage 1.0 (TID 5)) 159.876ms
[2026-04-03T03:37:51.371+0600][23.352s][info][gc,phases   ] GC(18) Concurrent Select Relocation Set 12.232ms
[2026-04-03T03:37:51.372+0600][23.352s][info][gc,phases   ] GC(18) Pause Relocate Start 0.027ms
[2026-04-03T03:37:51.540+0600][23.521s][info][gc,phases   ] GC(18) Concurrent Relocate 167.956ms
[2026-04-03T03:37:51.540+0600][23.521s][info][gc,load     ] GC(18) Load: 4.21/4.32/4.68
[2026-04-03T03:37:51.540+0600][23.521s][info][gc,mmu      ] GC(18) MMU: 2ms/93.0%, 5ms/97.2%, 10ms/98.6%, 20ms/99.3%, 50ms/99.7%, 100ms/99.9%
[2026-04-03T03:37:51.540+0600][23.521s][info][gc,marking  ] GC(18) Mark: 2 stripe(s), 2 proactive flush(es), 1 terminate flush(es), 0 completion(s), 0 continuation(s) 
[2026-04-03T03:37:51.540+0600][23.521s][info][gc,marking  ] GC(18) Mark Stack Usage: 32M
[2026-04-03T03:37:51.540+0600][23.521s][info][gc,nmethod  ] GC(18) NMethods: 5074 registered, 250 unregistered
[2026-04-03T03:37:51.540+0600][23.521s][info][gc,metaspace] GC(18) Metaspace: 67M used, 68M committed, 1088M reserved
[2026-04-03T03:37:51.540+0600][23.521s][info][gc,ref      ] GC(18) Soft: 4729 encountered, 4384 discovered, 2022 enqueued
[2026-04-03T03:37:51.540+0600][23.521s][info][gc,ref      ] GC(18) Weak: 5793 encountered, 1510 discovered, 193 enqueued
[2026-04-03T03:37:51.540+0600][23.521s][info][gc,ref      ] GC(18) Final: 82 encountered, 0 discovered, 0 enqueued
[2026-04-03T03:37:51.540+0600][23.521s][info][gc,ref      ] GC(18) Phantom: 593 encountered, 434 discovered, 0 enqueued
[2026-04-03T03:37:51.540+0600][23.521s][info][gc,reloc    ] GC(18) Small Pages: 678 / 1356M, Empty: 0M, Relocated: 94M, In-Place: 0
[2026-04-03T03:37:51.540+0600][23.521s][info][gc,reloc    ] GC(18) Medium Pages: 2 / 64M, Empty: 32M, Relocated: 0M, In-Place: 0
[2026-04-03T03:37:51.540+0600][23.521s][info][gc,reloc    ] GC(18) Large Pages: 9 / 78M, Empty: 18M, Relocated: 0M, In-Place: 0
[2026-04-03T03:37:51.540+0600][23.521s][info][gc,reloc    ] GC(18) Forwarding Usage: 81M
[2026-04-03T03:37:51.540+0600][23.521s][info][gc,heap     ] GC(18) Min Capacity: 8M(0%)
[2026-04-03T03:37:51.540+0600][23.521s][info][gc,heap     ] GC(18) Max Capacity: 2000M(100%)
[2026-04-03T03:37:51.540+0600][23.521s][info][gc,heap     ] GC(18) Soft Max Capacity: 2000M(100%)
[2026-04-03T03:37:51.540+0600][23.521s][info][gc,heap     ] GC(18)                Mark Start          Mark End        Relocate Start      Relocate End           High               Low         
[2026-04-03T03:37:51.540+0600][23.521s][info][gc,heap     ] GC(18)  Capacity:     2000M (100%)       2000M (100%)       2000M (100%)       2000M (100%)       2000M (100%)       2000M (100%)   
[2026-04-03T03:37:51.540+0600][23.521s][info][gc,heap     ] GC(18)      Free:      502M (25%)           0M (0%)           42M (2%)          954M (48%)         954M (48%)           0M (0%)     
[2026-04-03T03:37:51.540+0600][23.521s][info][gc,heap     ] GC(18)      Used:     1498M (75%)        2000M (100%)       1958M (98%)        1046M (52%)        2000M (100%)       1046M (52%)    
[2026-04-03T03:37:51.540+0600][23.521s][info][gc,heap     ] GC(18)      Live:         -               388M (19%)         388M (19%)         388M (19%)            -                  -          
[2026-04-03T03:37:51.540+0600][23.521s][info][gc,heap     ] GC(18) Allocated:         -               502M (25%)         510M (26%)         626M (31%)            -                  -          
[2026-04-03T03:37:51.540+0600][23.521s][info][gc,heap     ] GC(18)   Garbage:         -              1109M (55%)        1059M (53%)          30M (2%)             -                  -          
[2026-04-03T03:37:51.540+0600][23.521s][info][gc,heap     ] GC(18) Reclaimed:         -                  -                50M (2%)         1078M (54%)            -                  -          
[2026-04-03T03:37:51.540+0600][23.521s][info][gc          ] GC(18) Garbage Collection (Allocation Stall) 1498M(75%)->1046M(52%)
[2026-04-03T03:37:51.626+0600][23.607s][info][gc,start    ] GC(19) Garbage Collection (Allocation Stall)
[2026-04-03T03:37:51.627+0600][23.607s][info][gc,ref      ] GC(19) Clearing All SoftReferences
[2026-04-03T03:37:51.627+0600][23.607s][info][gc,task     ] GC(19) Using 3 workers
[2026-04-03T03:37:51.627+0600][23.608s][info][gc,ref      ] GC(19) Clearing All SoftReferences
[2026-04-03T03:37:51.627+0600][23.608s][info][gc,phases   ] GC(19) Pause Mark Start 0.082ms
[2026-04-03T03:37:52.734+0600][24.715s][info][gc,phases   ] GC(19) Concurrent Mark 1107.210ms
[2026-04-03T03:37:52.735+0600][24.716s][info][gc,phases   ] GC(19) Pause Mark End 0.045ms
[2026-04-03T03:37:52.735+0600][24.716s][info][gc,phases   ] GC(19) Concurrent Mark Free 0.002ms
[2026-04-03T03:37:52.757+0600][24.738s][info][gc,phases   ] GC(19) Concurrent Process Non-Strong References 21.727ms
[2026-04-03T03:37:52.757+0600][24.738s][info][gc,phases   ] GC(19) Concurrent Reset Relocation Set 0.134ms
[2026-04-03T03:37:52.769+0600][24.750s][info][gc,phases   ] GC(19) Concurrent Select Relocation Set 11.858ms
[2026-04-03T03:37:52.769+0600][24.750s][info][gc,phases   ] GC(19) Pause Relocate Start 0.047ms
[2026-04-03T03:37:52.848+0600][24.829s][info][gc,phases   ] GC(19) Concurrent Relocate 78.809ms
[2026-04-03T03:37:52.849+0600][24.829s][info][gc,load     ] GC(19) Load: 4.21/4.32/4.68
[2026-04-03T03:37:52.849+0600][24.829s][info][gc,mmu      ] GC(19) MMU: 2ms/93.0%, 5ms/97.2%, 10ms/98.6%, 20ms/99.3%, 50ms/99.7%, 100ms/99.9%
[2026-04-03T03:37:52.849+0600][24.829s][info][gc,marking  ] GC(19) Mark: 2 stripe(s), 2 proactive flush(es), 1 terminate flush(es), 0 completion(s), 0 continuation(s) 
[2026-04-03T03:37:52.849+0600][24.829s][info][gc,marking  ] GC(19) Mark Stack Usage: 32M
[2026-04-03T03:37:52.849+0600][24.829s][info][gc,nmethod  ] GC(19) NMethods: 5127 registered, 255 unregistered
[2026-04-03T03:37:52.849+0600][24.829s][info][gc,metaspace] GC(19) Metaspace: 67M used, 68M committed, 1088M reserved
[2026-04-03T03:37:52.849+0600][24.829s][info][gc,ref      ] GC(19) Soft: 2710 encountered, 285 discovered, 3 enqueued
[2026-04-03T03:37:52.849+0600][24.829s][info][gc,ref      ] GC(19) Weak: 5665 encountered, 843 discovered, 20 enqueued
[2026-04-03T03:37:52.849+0600][24.829s][info][gc,ref      ] GC(19) Final: 82 encountered, 0 discovered, 0 enqueued
[2026-04-03T03:37:52.849+0600][24.829s][info][gc,ref      ] GC(19) Phantom: 594 encountered, 505 discovered, 0 enqueued
[2026-04-03T03:37:52.849+0600][24.829s][info][gc,reloc    ] GC(19) Small Pages: 495 / 990M, Empty: 0M, Relocated: 38M, In-Place: 0
[2026-04-03T03:37:52.849+0600][24.829s][info][gc,reloc    ] GC(19) Medium Pages: 1 / 32M, Empty: 0M, Relocated: 0M, In-Place: 0
[2026-04-03T03:37:52.849+0600][24.829s][info][gc,reloc    ] GC(19) Large Pages: 9 / 114M, Empty: 30M, Relocated: 0M, In-Place: 0
[2026-04-03T03:37:52.849+0600][24.829s][info][gc,reloc    ] GC(19) Forwarding Usage: 32M
[2026-04-03T03:37:52.849+0600][24.829s][info][gc,heap     ] GC(19) Min Capacity: 8M(0%)
[2026-04-03T03:37:52.849+0600][24.829s][info][gc,heap     ] GC(19) Max Capacity: 2000M(100%)
[2026-04-03T03:37:52.849+0600][24.830s][info][gc,heap     ] GC(19) Soft Max Capacity: 2000M(100%)
[2026-04-03T03:37:52.849+0600][24.830s][info][gc,heap     ] GC(19)                Mark Start          Mark End        Relocate Start      Relocate End           High               Low         
[2026-04-03T03:37:52.849+0600][24.830s][info][gc,heap     ] GC(19)  Capacity:     2000M (100%)       2000M (100%)       2000M (100%)       2000M (100%)       2000M (100%)       2000M (100%)   
[2026-04-03T03:37:52.849+0600][24.830s][info][gc,heap     ] GC(19)      Free:      864M (43%)         724M (36%)         754M (38%)        1392M (70%)        1392M (70%)         724M (36%)    
[2026-04-03T03:37:52.849+0600][24.830s][info][gc,heap     ] GC(19)      Used:     1136M (57%)        1276M (64%)        1246M (62%)         608M (30%)        1276M (64%)         608M (30%)    
[2026-04-03T03:37:52.849+0600][24.830s][info][gc,heap     ] GC(19)      Live:         -               432M (22%)         432M (22%)         432M (22%)            -                  -          
[2026-04-03T03:37:52.849+0600][24.830s][info][gc,heap     ] GC(19) Allocated:         -               140M (7%)          140M (7%)          139M (7%)             -                  -          
[2026-04-03T03:37:52.849+0600][24.830s][info][gc,heap     ] GC(19)   Garbage:         -               703M (35%)         673M (34%)          36M (2%)             -                  -          
[2026-04-03T03:37:52.849+0600][24.830s][info][gc,heap     ] GC(19) Reclaimed:         -                  -                30M (2%)          667M (33%)            -                  -          
[2026-04-03T03:37:52.849+0600][24.830s][info][gc          ] GC(19) Garbage Collection (Allocation Stall) 1136M(57%)->608M(30%)
[2026-04-03T03:37:52.926+0600][24.907s][info][gc,start    ] GC(20) Garbage Collection (Allocation Rate)
[2026-04-03T03:37:52.927+0600][24.907s][info][gc,task     ] GC(20) Using 3 workers
[2026-04-03T03:37:52.927+0600][24.908s][info][gc,phases   ] GC(20) Pause Mark Start 0.021ms
[2026-04-03T03:37:53.759+0600][25.739s][info][gc,phases   ] GC(20) Concurrent Mark 831.690ms
[2026-04-03T03:37:53.759+0600][25.740s][info][gc,phases   ] GC(20) Pause Mark End 0.048ms
[2026-04-03T03:37:53.759+0600][25.740s][info][gc,phases   ] GC(20) Concurrent Mark Free 0.002ms
[2026-04-03T03:37:53.767+0600][25.747s][info][gc,phases   ] GC(20) Concurrent Process Non-Strong References 7.467ms
[2026-04-03T03:37:53.767+0600][25.748s][info][gc,phases   ] GC(20) Concurrent Reset Relocation Set 0.043ms
[2026-04-03T03:37:53.778+0600][25.759s][info][gc,phases   ] GC(20) Concurrent Select Relocation Set 11.130ms
[2026-04-03T03:37:53.778+0600][25.759s][info][gc,phases   ] GC(20) Pause Relocate Start 0.013ms
[2026-04-03T03:37:53.856+0600][25.836s][info][gc,phases   ] GC(20) Concurrent Relocate 77.260ms
[2026-04-03T03:37:53.856+0600][25.837s][info][gc,load     ] GC(20) Load: 4.21/4.32/4.68
[2026-04-03T03:37:53.856+0600][25.837s][info][gc,mmu      ] GC(20) MMU: 2ms/93.0%, 5ms/97.2%, 10ms/98.6%, 20ms/99.3%, 50ms/99.7%, 100ms/99.9%
[2026-04-03T03:37:53.856+0600][25.837s][info][gc,marking  ] GC(20) Mark: 2 stripe(s), 2 proactive flush(es), 1 terminate flush(es), 0 completion(s), 0 continuation(s) 
[2026-04-03T03:37:53.856+0600][25.837s][info][gc,marking  ] GC(20) Mark Stack Usage: 32M
[2026-04-03T03:37:53.856+0600][25.837s][info][gc,nmethod  ] GC(20) NMethods: 5422 registered, 278 unregistered
[2026-04-03T03:37:53.856+0600][25.837s][info][gc,metaspace] GC(20) Metaspace: 67M used, 68M committed, 1088M reserved
[2026-04-03T03:37:53.856+0600][25.837s][info][gc,ref      ] GC(20) Soft: 2707 encountered, 0 discovered, 0 enqueued
[2026-04-03T03:37:53.856+0600][25.837s][info][gc,ref      ] GC(20) Weak: 5625 encountered, 1088 discovered, 3 enqueued
[2026-04-03T03:37:53.856+0600][25.837s][info][gc,ref      ] GC(20) Final: 82 encountered, 1 discovered, 0 enqueued
[2026-04-03T03:37:53.856+0600][25.837s][info][gc,ref      ] GC(20) Phantom: 594 encountered, 508 discovered, 0 enqueued
[2026-04-03T03:37:53.856+0600][25.837s][info][gc,reloc    ] GC(20) Small Pages: 230 / 460M, Empty: 42M, Relocated: 48M, In-Place: 0
[2026-04-03T03:37:53.856+0600][25.837s][info][gc,reloc    ] GC(20) Medium Pages: 2 / 64M, Empty: 0M, Relocated: 20M, In-Place: 0
[2026-04-03T03:37:53.856+0600][25.837s][info][gc,reloc    ] GC(20) Large Pages: 6 / 84M, Empty: 30M, Relocated: 0M, In-Place: 0
[2026-04-03T03:37:53.856+0600][25.837s][info][gc,reloc    ] GC(20) Forwarding Usage: 43M
[2026-04-03T03:37:53.856+0600][25.837s][info][gc,heap     ] GC(20) Min Capacity: 8M(0%)
[2026-04-03T03:37:53.856+0600][25.837s][info][gc,heap     ] GC(20) Max Capacity: 2000M(100%)
[2026-04-03T03:37:53.856+0600][25.837s][info][gc,heap     ] GC(20) Soft Max Capacity: 2000M(100%)
[2026-04-03T03:37:53.856+0600][25.837s][info][gc,heap     ] GC(20)                Mark Start          Mark End        Relocate Start      Relocate End           High               Low         
[2026-04-03T03:37:53.856+0600][25.837s][info][gc,heap     ] GC(20)  Capacity:     2000M (100%)       2000M (100%)       2000M (100%)       2000M (100%)       2000M (100%)       2000M (100%)   
[2026-04-03T03:37:53.856+0600][25.837s][info][gc,heap     ] GC(20)      Free:     1392M (70%)        1256M (63%)        1322M (66%)        1488M (74%)        1488M (74%)        1252M (63%)    
[2026-04-03T03:37:53.856+0600][25.837s][info][gc,heap     ] GC(20)      Used:      608M (30%)         744M (37%)         678M (34%)         512M (26%)         748M (37%)         512M (26%)    
[2026-04-03T03:37:53.856+0600][25.837s][info][gc,heap     ] GC(20)      Live:         -               315M (16%)         315M (16%)         315M (16%)            -                  -          
[2026-04-03T03:37:53.856+0600][25.837s][info][gc,heap     ] GC(20) Allocated:         -               136M (7%)          142M (7%)          153M (8%)             -                  -          
[2026-04-03T03:37:53.856+0600][25.837s][info][gc,heap     ] GC(20)   Garbage:         -               292M (15%)         220M (11%)          42M (2%)             -                  -          
[2026-04-03T03:37:53.856+0600][25.837s][info][gc,heap     ] GC(20) Reclaimed:         -                  -                72M (4%)          249M (12%)            -                  -          
[2026-04-03T03:37:53.856+0600][25.837s][info][gc          ] GC(20) Garbage Collection (Allocation Rate) 608M(30%)->512M(26%)
[2026-04-03T03:37:54.126+0600][26.107s][info][gc,start    ] GC(21) Garbage Collection (Allocation Rate)
[2026-04-03T03:37:54.126+0600][26.107s][info][gc,task     ] GC(21) Using 3 workers
[2026-04-03T03:37:54.126+0600][26.107s][info][gc,phases   ] GC(21) Pause Mark Start 0.018ms
[2026-04-03T03:37:54.567+0600][26.548s][info][gc,phases   ] GC(21) Concurrent Mark 440.675ms
[2026-04-03T03:37:54.567+0600][26.548s][info][gc,phases   ] GC(21) Pause Mark End 0.034ms
[2026-04-03T03:37:54.568+0600][26.548s][info][gc,phases   ] GC(21) Concurrent Mark Free 0.005ms
[2026-04-03T03:37:54.596+0600][26.577s][info][gc,phases   ] GC(21) Concurrent Process Non-Strong References 28.254ms
[2026-04-03T03:37:54.596+0600][26.577s][info][gc,phases   ] GC(21) Concurrent Reset Relocation Set 0.035ms
[2026-04-03T03:37:54.606+0600][26.586s][info][gc,phases   ] GC(21) Concurrent Select Relocation Set 9.376ms
[2026-04-03T03:37:54.606+0600][26.587s][info][gc,phases   ] GC(21) Pause Relocate Start 0.019ms
[2026-04-03T03:37:54.684+0600][26.665s][info][gc,phases   ] GC(21) Concurrent Relocate 77.958ms
[2026-04-03T03:37:54.684+0600][26.665s][info][gc,load     ] GC(21) Load: 4.21/4.32/4.68
[2026-04-03T03:37:54.684+0600][26.665s][info][gc,mmu      ] GC(21) MMU: 2ms/93.0%, 5ms/97.2%, 10ms/98.6%, 20ms/99.3%, 50ms/99.7%, 100ms/99.9%
[2026-04-03T03:37:54.684+0600][26.665s][info][gc,marking  ] GC(21) Mark: 2 stripe(s), 2 proactive flush(es), 1 terminate flush(es), 0 completion(s), 0 continuation(s) 
[2026-04-03T03:37:54.684+0600][26.665s][info][gc,marking  ] GC(21) Mark Stack Usage: 32M
[2026-04-03T03:37:54.684+0600][26.665s][info][gc,nmethod  ] GC(21) NMethods: 5344 registered, 136 unregistered
[2026-04-03T03:37:54.684+0600][26.665s][info][gc,metaspace] GC(21) Metaspace: 67M used, 68M committed, 1088M reserved
[2026-04-03T03:37:54.684+0600][26.665s][info][gc,ref      ] GC(21) Soft: 3213 encountered, 0 discovered, 0 enqueued
[2026-04-03T03:37:54.684+0600][26.665s][info][gc,ref      ] GC(21) Weak: 6193 encountered, 2275 discovered, 244 enqueued
[2026-04-03T03:37:54.684+0600][26.665s][info][gc,ref      ] GC(21) Final: 82 encountered, 0 discovered, 0 enqueued
[2026-04-03T03:37:54.684+0600][26.665s][info][gc,ref      ] GC(21) Phantom: 597 encountered, 343 discovered, 0 enqueued
[2026-04-03T03:37:54.684+0600][26.665s][info][gc,reloc    ] GC(21) Small Pages: 250 / 500M, Empty: 72M, Relocated: 46M, In-Place: 0
[2026-04-03T03:37:54.684+0600][26.665s][info][gc,reloc    ] GC(21) Medium Pages: 2 / 64M, Empty: 32M, Relocated: 0M, In-Place: 0
[2026-04-03T03:37:54.685+0600][26.665s][info][gc,reloc    ] GC(21) Large Pages: 10 / 108M, Empty: 78M, Relocated: 0M, In-Place: 0
[2026-04-03T03:37:54.685+0600][26.665s][info][gc,reloc    ] GC(21) Forwarding Usage: 39M
[2026-04-03T03:37:54.685+0600][26.665s][info][gc,heap     ] GC(21) Min Capacity: 8M(0%)
[2026-04-03T03:37:54.685+0600][26.665s][info][gc,heap     ] GC(21) Max Capacity: 2000M(100%)
[2026-04-03T03:37:54.685+0600][26.665s][info][gc,heap     ] GC(21) Soft Max Capacity: 2000M(100%)
[2026-04-03T03:37:54.685+0600][26.665s][info][gc,heap     ] GC(21)                Mark Start          Mark End        Relocate Start      Relocate End           High               Low         
[2026-04-03T03:37:54.685+0600][26.665s][info][gc,heap     ] GC(21)  Capacity:     2000M (100%)       2000M (100%)       2000M (100%)       2000M (100%)       2000M (100%)       2000M (100%)   
[2026-04-03T03:37:54.685+0600][26.665s][info][gc,heap     ] GC(21)      Free:     1328M (66%)         936M (47%)        1092M (55%)        1286M (64%)        1328M (66%)         914M (46%)    
[2026-04-03T03:37:54.685+0600][26.665s][info][gc,heap     ] GC(21)      Used:      672M (34%)        1064M (53%)         908M (45%)         714M (36%)        1086M (54%)         672M (34%)    
[2026-04-03T03:37:54.685+0600][26.665s][info][gc,heap     ] GC(21)      Live:         -               221M (11%)         221M (11%)         221M (11%)            -                  -          
[2026-04-03T03:37:54.685+0600][26.665s][info][gc,heap     ] GC(21) Allocated:         -               392M (20%)         418M (21%)         452M (23%)            -                  -          
[2026-04-03T03:37:54.685+0600][26.665s][info][gc,heap     ] GC(21)   Garbage:         -               450M (23%)         268M (13%)          40M (2%)             -                  -          
[2026-04-03T03:37:54.685+0600][26.665s][info][gc,heap     ] GC(21) Reclaimed:         -                  -               182M (9%)          410M (21%)            -                  -          
[2026-04-03T03:37:54.685+0600][26.665s][info][gc          ] GC(21) Garbage Collection (Allocation Rate) 672M(34%)->714M(36%)
[2026-04-03T03:37:54.726+0600][26.707s][info][gc,start    ] GC(22) Garbage Collection (Allocation Rate)
[2026-04-03T03:37:54.726+0600][26.707s][info][gc,task     ] GC(22) Using 3 workers
[2026-04-03T03:37:54.727+0600][26.707s][info][gc,phases   ] GC(22) Pause Mark Start 0.013ms
[2026-04-03T03:37:55.380+0600][27.361s][info][gc,phases   ] GC(22) Concurrent Mark 653.269ms
[2026-04-03T03:37:55.380+0600][27.361s][info][gc,phases   ] GC(22) Pause Mark End 0.032ms
[2026-04-03T03:37:55.381+0600][27.361s][info][gc,phases   ] GC(22) Concurrent Mark Free 0.004ms
[2026-04-03T03:37:55.391+0600][27.372s][info][gc,phases   ] GC(22) Concurrent Process Non-Strong References 10.835ms
[2026-04-03T03:37:55.392+0600][27.372s][info][gc,phases   ] GC(22) Concurrent Reset Relocation Set 0.027ms
[2026-04-03T03:37:55.414+0600][27.394s][info][gc,phases   ] GC(22) Concurrent Select Relocation Set 22.145ms
[2026-04-03T03:37:55.414+0600][27.395s][info][gc,phases   ] GC(22) Pause Relocate Start 0.018ms
[2026-04-03T03:37:55.559+0600][27.540s][info][gc,phases   ] GC(22) Concurrent Relocate 144.656ms
[2026-04-03T03:37:55.559+0600][27.540s][info][gc,load     ] GC(22) Load: 4.21/4.32/4.68
[2026-04-03T03:37:55.559+0600][27.540s][info][gc,mmu      ] GC(22) MMU: 2ms/93.0%, 5ms/97.2%, 10ms/98.6%, 20ms/99.3%, 50ms/99.7%, 100ms/99.9%
[2026-04-03T03:37:55.559+0600][27.540s][info][gc,marking  ] GC(22) Mark: 2 stripe(s), 2 proactive flush(es), 1 terminate flush(es), 0 completion(s), 0 continuation(s) 
[2026-04-03T03:37:55.559+0600][27.540s][info][gc,marking  ] GC(22) Mark Stack Usage: 32M
[2026-04-03T03:37:55.559+0600][27.540s][info][gc,nmethod  ] GC(22) NMethods: 5354 registered, 149 unregistered
[2026-04-03T03:37:55.559+0600][27.540s][info][gc,metaspace] GC(22) Metaspace: 68M used, 68M committed, 1088M reserved
[2026-04-03T03:37:55.559+0600][27.540s][info][gc,ref      ] GC(22) Soft: 3224 encountered, 0 discovered, 0 enqueued
[2026-04-03T03:37:55.559+0600][27.540s][info][gc,ref      ] GC(22) Weak: 6052 encountered, 1577 discovered, 112 enqueued
[2026-04-03T03:37:55.559+0600][27.540s][info][gc,ref      ] GC(22) Final: 82 encountered, 0 discovered, 0 enqueued
[2026-04-03T03:37:55.559+0600][27.540s][info][gc,ref      ] GC(22) Phantom: 594 encountered, 410 discovered, 0 enqueued
[2026-04-03T03:37:55.559+0600][27.540s][info][gc,reloc    ] GC(22) Small Pages: 303 / 606M, Empty: 0M, Relocated: 110M, In-Place: 0
[2026-04-03T03:37:55.559+0600][27.540s][info][gc,reloc    ] GC(22) Medium Pages: 2 / 64M, Empty: 0M, Relocated: 11M, In-Place: 0
[2026-04-03T03:37:55.559+0600][27.540s][info][gc,reloc    ] GC(22) Large Pages: 9 / 78M, Empty: 28M, Relocated: 0M, In-Place: 0
[2026-04-03T03:37:55.559+0600][27.540s][info][gc,reloc    ] GC(22) Forwarding Usage: 63M
[2026-04-03T03:37:55.559+0600][27.540s][info][gc,heap     ] GC(22) Min Capacity: 8M(0%)
[2026-04-03T03:37:55.559+0600][27.540s][info][gc,heap     ] GC(22) Max Capacity: 2000M(100%)
[2026-04-03T03:37:55.559+0600][27.540s][info][gc,heap     ] GC(22) Soft Max Capacity: 2000M(100%)
[2026-04-03T03:37:55.559+0600][27.540s][info][gc,heap     ] GC(22)                Mark Start          Mark End        Relocate Start      Relocate End           High               Low         
[2026-04-03T03:37:55.559+0600][27.540s][info][gc,heap     ] GC(22)  Capacity:     2000M (100%)       2000M (100%)       2000M (100%)       2000M (100%)       2000M (100%)       2000M (100%)   
[2026-04-03T03:37:55.559+0600][27.540s][info][gc,heap     ] GC(22)      Free:     1252M (63%)         628M (31%)         622M (31%)         842M (42%)        1252M (63%)         588M (29%)    
[2026-04-03T03:37:55.559+0600][27.540s][info][gc,heap     ] GC(22)      Used:      748M (37%)        1372M (69%)        1378M (69%)        1158M (58%)        1412M (71%)         748M (37%)    
[2026-04-03T03:37:55.559+0600][27.540s][info][gc,heap     ] GC(22)      Live:         -               332M (17%)         332M (17%)         332M (17%)            -                  -          
[2026-04-03T03:37:55.559+0600][27.540s][info][gc,heap     ] GC(22) Allocated:         -               624M (31%)         658M (33%)         781M (39%)            -                  -          
[2026-04-03T03:37:55.559+0600][27.540s][info][gc,heap     ] GC(22)   Garbage:         -               415M (21%)         387M (19%)          44M (2%)             -                  -          
[2026-04-03T03:37:55.560+0600][27.540s][info][gc,heap     ] GC(22) Reclaimed:         -                  -                28M (1%)          371M (19%)            -                  -          
[2026-04-03T03:37:55.560+0600][27.540s][info][gc          ] GC(22) Garbage Collection (Allocation Rate) 748M(37%)->1158M(58%)
[2026-04-03T03:37:55.626+0600][27.607s][info][gc,start    ] GC(23) Garbage Collection (Allocation Rate)
[2026-04-03T03:37:55.626+0600][27.607s][info][gc,task     ] GC(23) Using 3 workers
[2026-04-03T03:37:55.627+0600][27.607s][info][gc,phases   ] GC(23) Pause Mark Start 0.024ms
[2026-04-03T03:37:56.541+0600][28.522s][info][gc,phases   ] GC(23) Concurrent Mark 914.374ms
[2026-04-03T03:37:56.541+0600][28.522s][info][gc,phases   ] GC(23) Pause Mark End 0.025ms
[2026-04-03T03:37:56.542+0600][28.522s][info][gc,phases   ] GC(23) Concurrent Mark Free 0.002ms
[2026-04-03T03:37:56.549+0600][28.530s][info][gc,phases   ] GC(23) Concurrent Process Non-Strong References 7.273ms
[2026-04-03T03:37:56.549+0600][28.530s][info][gc,phases   ] GC(23) Concurrent Reset Relocation Set 0.048ms
[2026-04-03T03:37:56.552+0600][28.533s][info][gc          ] Allocation Stall (Executor task launch worker for task 2.0 in stage 2.0 (TID 8)) 28.189ms
[2026-04-03T03:37:56.552+0600][28.533s][info][gc          ] Allocation Stall (Executor task launch worker for task 0.0 in stage 2.0 (TID 6)) 26.135ms
[2026-04-03T03:37:56.552+0600][28.533s][info][gc          ] Allocation Stall (Executor task launch worker for task 1.0 in stage 2.0 (TID 7)) 24.347ms
[2026-04-03T03:37:56.557+0600][28.538s][info][gc,phases   ] GC(23) Concurrent Select Relocation Set 8.007ms
[2026-04-03T03:37:56.557+0600][28.538s][info][gc,phases   ] GC(23) Pause Relocate Start 0.020ms
[2026-04-03T03:37:56.671+0600][28.652s][info][gc,phases   ] GC(23) Concurrent Relocate 113.556ms
[2026-04-03T03:37:56.671+0600][28.652s][info][gc,load     ] GC(23) Load: 4.35/4.35/4.69
[2026-04-03T03:37:56.671+0600][28.652s][info][gc,mmu      ] GC(23) MMU: 2ms/93.0%, 5ms/97.2%, 10ms/98.6%, 20ms/99.3%, 50ms/99.7%, 100ms/99.9%
[2026-04-03T03:37:56.671+0600][28.652s][info][gc,marking  ] GC(23) Mark: 2 stripe(s), 2 proactive flush(es), 1 terminate flush(es), 0 completion(s), 0 continuation(s) 
[2026-04-03T03:37:56.671+0600][28.652s][info][gc,marking  ] GC(23) Mark Stack Usage: 32M
[2026-04-03T03:37:56.671+0600][28.652s][info][gc,nmethod  ] GC(23) NMethods: 5353 registered, 151 unregistered
[2026-04-03T03:37:56.671+0600][28.652s][info][gc,metaspace] GC(23) Metaspace: 68M used, 68M committed, 1088M reserved
[2026-04-03T03:37:56.671+0600][28.652s][info][gc,ref      ] GC(23) Soft: 3224 encountered, 0 discovered, 0 enqueued
[2026-04-03T03:37:56.671+0600][28.652s][info][gc,ref      ] GC(23) Weak: 5940 encountered, 421 discovered, 0 enqueued
[2026-04-03T03:37:56.671+0600][28.652s][info][gc,ref      ] GC(23) Final: 82 encountered, 0 discovered, 0 enqueued
[2026-04-03T03:37:56.671+0600][28.652s][info][gc,ref      ] GC(23) Phantom: 594 encountered, 414 discovered, 0 enqueued
[2026-04-03T03:37:56.671+0600][28.652s][info][gc,reloc    ] GC(23) Small Pages: 532 / 1064M, Empty: 0M, Relocated: 68M, In-Place: 0
[2026-04-03T03:37:56.671+0600][28.652s][info][gc,reloc    ] GC(23) Medium Pages: 2 / 64M, Empty: 32M, Relocated: 0M, In-Place: 0
[2026-04-03T03:37:56.671+0600][28.652s][info][gc,reloc    ] GC(23) Large Pages: 11 / 98M, Empty: 38M, Relocated: 0M, In-Place: 0
[2026-04-03T03:37:56.671+0600][28.652s][info][gc,reloc    ] GC(23) Forwarding Usage: 57M
[2026-04-03T03:37:56.671+0600][28.652s][info][gc,heap     ] GC(23) Min Capacity: 8M(0%)
[2026-04-03T03:37:56.671+0600][28.652s][info][gc,heap     ] GC(23) Max Capacity: 2000M(100%)
[2026-04-03T03:37:56.671+0600][28.652s][info][gc,heap     ] GC(23) Soft Max Capacity: 2000M(100%)
[2026-04-03T03:37:56.671+0600][28.652s][info][gc,heap     ] GC(23)                Mark Start          Mark End        Relocate Start      Relocate End           High               Low         
[2026-04-03T03:37:56.671+0600][28.652s][info][gc,heap     ] GC(23)  Capacity:     2000M (100%)       2000M (100%)       2000M (100%)       2000M (100%)       2000M (100%)       2000M (100%)   
[2026-04-03T03:37:56.671+0600][28.652s][info][gc,heap     ] GC(23)      Free:      774M (39%)           0M (0%)           64M (3%)          750M (38%)         774M (39%)           0M (0%)     
[2026-04-03T03:37:56.671+0600][28.652s][info][gc,heap     ] GC(23)      Used:     1226M (61%)        2000M (100%)       1936M (97%)        1250M (62%)        2000M (100%)       1226M (61%)    
[2026-04-03T03:37:56.671+0600][28.652s][info][gc,heap     ] GC(23)      Live:         -               376M (19%)         376M (19%)         376M (19%)            -                  -          
[2026-04-03T03:37:56.671+0600][28.652s][info][gc,heap     ] GC(23) Allocated:         -               774M (39%)         780M (39%)         828M (41%)            -                  -          
[2026-04-03T03:37:56.671+0600][28.652s][info][gc,heap     ] GC(23)   Garbage:         -               849M (42%)         779M (39%)          44M (2%)             -                  -          
[2026-04-03T03:37:56.671+0600][28.652s][info][gc,heap     ] GC(23) Reclaimed:         -                  -                70M (4%)          804M (40%)            -                  -          
[2026-04-03T03:37:56.672+0600][28.652s][info][gc          ] GC(23) Garbage Collection (Allocation Rate) 1226M(61%)->1250M(62%)
[2026-04-03T03:37:56.726+0600][28.707s][info][gc,start    ] GC(24) Garbage Collection (Allocation Stall)
[2026-04-03T03:37:56.726+0600][28.707s][info][gc,ref      ] GC(24) Clearing All SoftReferences
[2026-04-03T03:37:56.726+0600][28.707s][info][gc,task     ] GC(24) Using 3 workers
[2026-04-03T03:37:56.727+0600][28.707s][info][gc,ref      ] GC(24) Clearing All SoftReferences
[2026-04-03T03:37:56.727+0600][28.707s][info][gc,phases   ] GC(24) Pause Mark Start 0.063ms
[2026-04-03T03:37:57.657+0600][29.638s][info][gc,phases   ] GC(24) Concurrent Mark 930.579ms
[2026-04-03T03:37:57.658+0600][29.638s][info][gc,phases   ] GC(24) Pause Mark End 0.030ms
[2026-04-03T03:37:57.658+0600][29.639s][info][gc,phases   ] GC(24) Concurrent Mark Free 0.004ms
[2026-04-03T03:37:57.682+0600][29.663s][info][gc,phases   ] GC(24) Concurrent Process Non-Strong References 24.125ms
[2026-04-03T03:37:57.682+0600][29.663s][info][gc,phases   ] GC(24) Concurrent Reset Relocation Set 0.065ms
[2026-04-03T03:37:57.695+0600][29.675s][info][gc,phases   ] GC(24) Concurrent Select Relocation Set 12.263ms
[2026-04-03T03:37:57.695+0600][29.676s][info][gc,phases   ] GC(24) Pause Relocate Start 0.042ms
[2026-04-03T03:37:57.816+0600][29.797s][info][gc,phases   ] GC(24) Concurrent Relocate 121.119ms
[2026-04-03T03:37:57.816+0600][29.797s][info][gc,load     ] GC(24) Load: 4.35/4.35/4.69
[2026-04-03T03:37:57.816+0600][29.797s][info][gc,mmu      ] GC(24) MMU: 2ms/93.0%, 5ms/97.2%, 10ms/98.6%, 20ms/99.3%, 50ms/99.7%, 100ms/99.9%
[2026-04-03T03:37:57.817+0600][29.797s][info][gc,marking  ] GC(24) Mark: 2 stripe(s), 2 proactive flush(es), 1 terminate flush(es), 0 completion(s), 0 continuation(s) 
[2026-04-03T03:37:57.817+0600][29.797s][info][gc,marking  ] GC(24) Mark Stack Usage: 32M
[2026-04-03T03:37:57.817+0600][29.797s][info][gc,nmethod  ] GC(24) NMethods: 5389 registered, 152 unregistered
[2026-04-03T03:37:57.817+0600][29.797s][info][gc,metaspace] GC(24) Metaspace: 67M used, 68M committed, 1088M reserved
[2026-04-03T03:37:57.817+0600][29.797s][info][gc,ref      ] GC(24) Soft: 3121 encountered, 2765 discovered, 404 enqueued
[2026-04-03T03:37:57.817+0600][29.797s][info][gc,ref      ] GC(24) Weak: 5847 encountered, 575 discovered, 44 enqueued
[2026-04-03T03:37:57.817+0600][29.797s][info][gc,ref      ] GC(24) Final: 82 encountered, 0 discovered, 0 enqueued
[2026-04-03T03:37:57.817+0600][29.797s][info][gc,ref      ] GC(24) Phantom: 594 encountered, 358 discovered, 0 enqueued
[2026-04-03T03:37:57.817+0600][29.797s][info][gc,reloc    ] GC(24) Small Pages: 576 / 1152M, Empty: 4M, Relocated: 66M, In-Place: 0
[2026-04-03T03:37:57.817+0600][29.797s][info][gc,reloc    ] GC(24) Medium Pages: 2 / 64M, Empty: 0M, Relocated: 11M, In-Place: 0
[2026-04-03T03:37:57.817+0600][29.797s][info][gc,reloc    ] GC(24) Large Pages: 8 / 96M, Empty: 30M, Relocated: 0M, In-Place: 0
[2026-04-03T03:37:57.817+0600][29.797s][info][gc,reloc    ] GC(24) Forwarding Usage: 53M
[2026-04-03T03:37:57.817+0600][29.797s][info][gc,heap     ] GC(24) Min Capacity: 8M(0%)
[2026-04-03T03:37:57.817+0600][29.797s][info][gc,heap     ] GC(24) Max Capacity: 2000M(100%)
[2026-04-03T03:37:57.817+0600][29.797s][info][gc,heap     ] GC(24) Soft Max Capacity: 2000M(100%)
[2026-04-03T03:37:57.817+0600][29.797s][info][gc,heap     ] GC(24)                Mark Start          Mark End        Relocate Start      Relocate End           High               Low         
[2026-04-03T03:37:57.817+0600][29.797s][info][gc,heap     ] GC(24)  Capacity:     2000M (100%)       2000M (100%)       2000M (100%)       2000M (100%)       2000M (100%)       2000M (100%)   
[2026-04-03T03:37:57.817+0600][29.797s][info][gc,heap     ] GC(24)      Free:      688M (34%)         524M (26%)         554M (28%)        1382M (69%)        1382M (69%)         520M (26%)    
[2026-04-03T03:37:57.817+0600][29.797s][info][gc,heap     ] GC(24)      Used:     1312M (66%)        1476M (74%)        1446M (72%)         618M (31%)        1480M (74%)         618M (31%)    
[2026-04-03T03:37:57.817+0600][29.797s][info][gc,heap     ] GC(24)      Live:         -               378M (19%)         378M (19%)         378M (19%)            -                  -          
[2026-04-03T03:37:57.817+0600][29.797s][info][gc,heap     ] GC(24) Allocated:         -               164M (8%)          168M (8%)          184M (9%)             -                  -          
[2026-04-03T03:37:57.817+0600][29.797s][info][gc,heap     ] GC(24)   Garbage:         -               933M (47%)         899M (45%)          54M (3%)             -                  -          
[2026-04-03T03:37:57.817+0600][29.797s][info][gc,heap     ] GC(24) Reclaimed:         -                  -                34M (2%)          878M (44%)            -                  -          
[2026-04-03T03:37:57.817+0600][29.797s][info][gc          ] GC(24) Garbage Collection (Allocation Stall) 1312M(66%)->618M(31%)
[2026-04-03T03:37:57.826+0600][29.807s][info][gc,start    ] GC(25) Garbage Collection (Allocation Rate)
[2026-04-03T03:37:57.827+0600][29.807s][info][gc,task     ] GC(25) Using 3 workers
[2026-04-03T03:37:57.827+0600][29.807s][info][gc,phases   ] GC(25) Pause Mark Start 0.014ms
[2026-04-03T03:37:58.127+0600][30.108s][info][gc,stats    ] === Garbage Collection Statistics =======================================================================================================================
[2026-04-03T03:37:58.127+0600][30.108s][info][gc,stats    ]                                                              Last 10s              Last 10m              Last 10h                Total
[2026-04-03T03:37:58.127+0600][30.108s][info][gc,stats    ]                                                              Avg / Max             Avg / Max             Avg / Max             Avg / Max
[2026-04-03T03:37:58.127+0600][30.108s][info][gc,stats    ]   Collector: Garbage Collection Cycle                   1087.039 / 1704.462    457.818 / 1704.462    457.818 / 1704.462    457.818 / 1704.462    ms
[2026-04-03T03:37:58.127+0600][30.108s][info][gc,stats    ]  Contention: Mark Segment Reset Contention                     4 / 8                 2 / 16                2 / 16                2 / 16          ops/s
[2026-04-03T03:37:58.127+0600][30.108s][info][gc,stats    ]  Contention: Mark SeqNum Reset Contention                      0 / 0                 0 / 0                 0 / 0                 0 / 0           ops/s
[2026-04-03T03:37:58.127+0600][30.108s][info][gc,stats    ]    Critical: Allocation Stall                                  1 / 6                 0 / 6                 0 / 6                 0 / 6           ops/s
[2026-04-03T03:37:58.127+0600][30.108s][info][gc,stats    ]    Critical: Allocation Stall                            158.308 / 376.543     158.308 / 376.543     158.308 / 376.543     158.308 / 376.543     ms
[2026-04-03T03:37:58.127+0600][30.108s][info][gc,stats    ]    Critical: GC Locker Stall                                   0 / 0                 0 / 2                 0 / 2                 0 / 2           ops/s
[2026-04-03T03:37:58.127+0600][30.108s][info][gc,stats    ]    Critical: GC Locker Stall                               0.000 / 0.000         0.001 / 0.001         0.001 / 0.001         0.001 / 0.001       ms
[2026-04-03T03:37:58.127+0600][30.108s][info][gc,stats    ]    Critical: Relocation Stall                                  0 / 0                 0 / 0                 0 / 0                 0 / 0           ops/s
[2026-04-03T03:37:58.127+0600][30.108s][info][gc,stats    ]    Critical: Relocation Stall                              0.000 / 0.000         0.000 / 0.000         0.000 / 0.000         0.000 / 0.000       ms
[2026-04-03T03:37:58.127+0600][30.108s][info][gc,stats    ]      Memory: Allocation Rate                                 511 / 888             479 / 2552            479 / 2552            479 / 2552        MB/s
[2026-04-03T03:37:58.127+0600][30.108s][info][gc,stats    ]      Memory: Defragment                                        9 / 33                4 / 33                4 / 33                4 / 33          ops/s
[2026-04-03T03:37:58.127+0600][30.108s][info][gc,stats    ]      Memory: Out Of Memory                                     0 / 0                 0 / 0                 0 / 0                 0 / 0           ops/s
[2026-04-03T03:37:58.127+0600][30.108s][info][gc,stats    ]      Memory: Page Cache Flush                                 47 / 116              18 / 116              18 / 116              18 / 116         MB/s
[2026-04-03T03:37:58.127+0600][30.108s][info][gc,stats    ]      Memory: Page Cache Hit L1                               239 / 483             205 / 1222            205 / 1222            205 / 1222        ops/s
[2026-04-03T03:37:58.127+0600][30.108s][info][gc,stats    ]      Memory: Page Cache Hit L2                                 0 / 0                 0 / 0                 0 / 0                 0 / 0           ops/s
[2026-04-03T03:37:58.127+0600][30.108s][info][gc,stats    ]      Memory: Page Cache Hit L3                                 8 / 28                8 / 105               8 / 105               8 / 105         ops/s
[2026-04-03T03:37:58.127+0600][30.108s][info][gc,stats    ]      Memory: Page Cache Miss                                  13 / 120              24 / 247              24 / 247              24 / 247         ops/s
[2026-04-03T03:37:58.127+0600][30.108s][info][gc,stats    ]      Memory: Uncommit                                          0 / 0                 0 / 0                 0 / 0                 0 / 0           MB/s
[2026-04-03T03:37:58.127+0600][30.108s][info][gc,stats    ]      Memory: Undo Object Allocation Failed                     0 / 0                 0 / 0                 0 / 0                 0 / 0           ops/s
[2026-04-03T03:37:58.127+0600][30.108s][info][gc,stats    ]      Memory: Undo Object Allocation Succeeded                  0 / 2                 0 / 3                 0 / 3                 0 / 3           ops/s
[2026-04-03T03:37:58.127+0600][30.108s][info][gc,stats    ]      Memory: Undo Page Allocation                              0 / 3                 0 / 3                 0 / 3                 0 / 3           ops/s
[2026-04-03T03:37:58.127+0600][30.108s][info][gc,stats    ]       Phase: Concurrent Mark                             872.846 / 1119.559    378.259 / 1119.559    378.259 / 1119.559    378.259 / 1119.559    ms
[2026-04-03T03:37:58.127+0600][30.108s][info][gc,stats    ]       Phase: Concurrent Mark Continue                      0.000 / 0.000         0.000 / 0.000         0.000 / 0.000         0.000 / 0.000       ms
[2026-04-03T03:37:58.127+0600][30.108s][info][gc,stats    ]       Phase: Concurrent Mark Free                          0.003 / 0.005         0.002 / 0.005         0.002 / 0.005         0.002 / 0.005       ms
[2026-04-03T03:37:58.127+0600][30.108s][info][gc,stats    ]       Phase: Concurrent Process Non-Strong References     15.478 / 28.254        9.672 / 28.254        9.672 / 28.254        9.672 / 28.254      ms
[2026-04-03T03:37:58.128+0600][30.108s][info][gc,stats    ]       Phase: Concurrent Relocate                         172.199 / 596.279      57.926 / 596.279      57.926 / 596.279      57.926 / 596.279     ms
[2026-04-03T03:37:58.128+0600][30.108s][info][gc,stats    ]       Phase: Concurrent Reset Relocation Set               0.053 / 0.134         0.022 / 0.134         0.022 / 0.134         0.022 / 0.134       ms
[2026-04-03T03:37:58.128+0600][30.108s][info][gc,stats    ]       Phase: Concurrent Select Relocation Set             24.566 / 109.519      10.315 / 109.519      10.315 / 109.519      10.315 / 109.519     ms
[2026-04-03T03:37:58.128+0600][30.108s][info][gc,stats    ]       Phase: Pause Mark End                                0.031 / 0.048         0.028 / 0.057         0.028 / 0.057         0.028 / 0.057       ms
[2026-04-03T03:37:58.128+0600][30.108s][info][gc,stats    ]       Phase: Pause Mark Start                              0.043 / 0.140         0.024 / 0.140         0.024 / 0.140         0.024 / 0.140       ms
[2026-04-03T03:37:58.128+0600][30.108s][info][gc,stats    ]       Phase: Pause Relocate Start                          0.024 / 0.047         0.018 / 0.047         0.018 / 0.047         0.018 / 0.047       ms
[2026-04-03T03:37:58.128+0600][30.108s][info][gc,stats    ]    Subphase: Concurrent Classes Purge                      0.271 / 0.637         0.206 / 0.637         0.206 / 0.637         0.206 / 0.637       ms
[2026-04-03T03:37:58.128+0600][30.108s][info][gc,stats    ]    Subphase: Concurrent Classes Unlink                    12.952 / 25.187        7.723 / 25.187        7.723 / 25.187        7.723 / 25.187      ms
[2026-04-03T03:37:58.128+0600][30.108s][info][gc,stats    ]    Subphase: Concurrent Mark                             861.144 / 1118.381    378.029 / 1118.381    378.029 / 1118.381    378.029 / 1118.381    ms
[2026-04-03T03:37:58.128+0600][30.108s][info][gc,stats    ]    Subphase: Concurrent Mark Try Flush                     0.205 / 0.375         0.228 / 1.251         0.228 / 1.251         0.228 / 1.251       ms
[2026-04-03T03:37:58.128+0600][30.108s][info][gc,stats    ]    Subphase: Concurrent Mark Try Terminate                 0.925 / 1.204         1.094 / 1.243         1.094 / 1.243         1.094 / 1.243       ms
[2026-04-03T03:37:58.128+0600][30.108s][info][gc,stats    ]    Subphase: Concurrent References Enqueue                 0.006 / 0.016         0.004 / 0.016         0.004 / 0.016         0.004 / 0.016       ms
[2026-04-03T03:37:58.128+0600][30.108s][info][gc,stats    ]    Subphase: Concurrent References Process                 0.453 / 0.678         0.368 / 0.762         0.368 / 0.762         0.368 / 0.762       ms
[2026-04-03T03:37:58.128+0600][30.108s][info][gc,stats    ]    Subphase: Concurrent Roots ClassLoaderDataGraph         0.293 / 0.740         0.244 / 0.740         0.244 / 0.740         0.244 / 0.740       ms
[2026-04-03T03:37:58.128+0600][30.108s][info][gc,stats    ]    Subphase: Concurrent Roots CodeCache                    0.000 / 0.000         0.000 / 0.000         0.000 / 0.000         0.000 / 0.000       ms
[2026-04-03T03:37:58.128+0600][30.108s][info][gc,stats    ]    Subphase: Concurrent Roots JavaThreads                  0.483 / 0.922         0.508 / 1.963         0.508 / 1.963         0.508 / 1.963       ms
[2026-04-03T03:37:58.128+0600][30.108s][info][gc,stats    ]    Subphase: Concurrent Roots OopStorageSet                0.058 / 0.147         0.050 / 0.147         0.050 / 0.147         0.050 / 0.147       ms
[2026-04-03T03:37:58.128+0600][30.108s][info][gc,stats    ]    Subphase: Concurrent Weak Roots OopStorageSet           1.165 / 1.884         0.852 / 1.884         0.852 / 1.884         0.852 / 1.884       ms
[2026-04-03T03:37:58.128+0600][30.108s][info][gc,stats    ]    Subphase: Pause Mark Try Complete                       0.000 / 0.000         0.000 / 0.000         0.000 / 0.000         0.000 / 0.000       ms
[2026-04-03T03:37:58.128+0600][30.108s][info][gc,stats    ]      System: Java Threads                                     77 / 80               62 / 80               62 / 80               62 / 80          threads
[2026-04-03T03:37:58.128+0600][30.108s][info][gc,stats    ] =========================================================================================================================================================
[2026-04-03T03:37:58.312+0600][30.293s][info][gc,phases   ] GC(25) Concurrent Mark 484.986ms
[2026-04-03T03:37:58.312+0600][30.293s][info][gc,phases   ] GC(25) Pause Mark End 0.022ms
[2026-04-03T03:37:58.312+0600][30.293s][info][gc,phases   ] GC(25) Concurrent Mark Free 0.003ms
[2026-04-03T03:37:58.318+0600][30.298s][info][gc,phases   ] GC(25) Concurrent Process Non-Strong References 5.387ms
[2026-04-03T03:37:58.318+0600][30.299s][info][gc,phases   ] GC(25) Concurrent Reset Relocation Set 0.041ms
[2026-04-03T03:37:58.324+0600][30.305s][info][gc,phases   ] GC(25) Concurrent Select Relocation Set 6.043ms
[2026-04-03T03:37:58.324+0600][30.305s][info][gc,phases   ] GC(25) Pause Relocate Start 0.009ms
[2026-04-03T03:37:58.372+0600][30.353s][info][gc,phases   ] GC(25) Concurrent Relocate 47.731ms
[2026-04-03T03:37:58.372+0600][30.353s][info][gc,load     ] GC(25) Load: 4.35/4.35/4.69
[2026-04-03T03:37:58.372+0600][30.353s][info][gc,mmu      ] GC(25) MMU: 2ms/93.0%, 5ms/97.2%, 10ms/98.6%, 20ms/99.3%, 50ms/99.7%, 100ms/99.9%
[2026-04-03T03:37:58.372+0600][30.353s][info][gc,marking  ] GC(25) Mark: 2 stripe(s), 4 proactive flush(es), 1 terminate flush(es), 0 completion(s), 0 continuation(s) 
[2026-04-03T03:37:58.372+0600][30.353s][info][gc,marking  ] GC(25) Mark Stack Usage: 32M
[2026-04-03T03:37:58.372+0600][30.353s][info][gc,nmethod  ] GC(25) NMethods: 5414 registered, 161 unregistered
[2026-04-03T03:37:58.372+0600][30.353s][info][gc,metaspace] GC(25) Metaspace: 67M used, 68M committed, 1088M reserved
[2026-04-03T03:37:58.372+0600][30.353s][info][gc,ref      ] GC(25) Soft: 2749 encountered, 0 discovered, 0 enqueued
[2026-04-03T03:37:58.372+0600][30.353s][info][gc,ref      ] GC(25) Weak: 5514 encountered, 1041 discovered, 9 enqueued
[2026-04-03T03:37:58.372+0600][30.353s][info][gc,ref      ] GC(25) Final: 82 encountered, 0 discovered, 0 enqueued
[2026-04-03T03:37:58.372+0600][30.353s][info][gc,ref      ] GC(25) Phantom: 595 encountered, 361 discovered, 0 enqueued
[2026-04-03T03:37:58.372+0600][30.353s][info][gc,reloc    ] GC(25) Small Pages: 235 / 470M, Empty: 50M, Relocated: 40M, In-Place: 0
[2026-04-03T03:37:58.372+0600][30.353s][info][gc,reloc    ] GC(25) Medium Pages: 2 / 64M, Empty: 0M, Relocated: 12M, In-Place: 0
[2026-04-03T03:37:58.372+0600][30.353s][info][gc,reloc    ] GC(25) Large Pages: 6 / 84M, Empty: 48M, Relocated: 0M, In-Place: 0
[2026-04-03T03:37:58.372+0600][30.353s][info][gc,reloc    ] GC(25) Forwarding Usage: 37M
[2026-04-03T03:37:58.372+0600][30.353s][info][gc,heap     ] GC(25) Min Capacity: 8M(0%)
[2026-04-03T03:37:58.372+0600][30.353s][info][gc,heap     ] GC(25) Max Capacity: 2000M(100%)
[2026-04-03T03:37:58.372+0600][30.353s][info][gc,heap     ] GC(25) Soft Max Capacity: 2000M(100%)
[2026-04-03T03:37:58.372+0600][30.353s][info][gc,heap     ] GC(25)                Mark Start          Mark End        Relocate Start      Relocate End           High               Low         
[2026-04-03T03:37:58.372+0600][30.353s][info][gc,heap     ] GC(25)  Capacity:     2000M (100%)       2000M (100%)       2000M (100%)       2000M (100%)       2000M (100%)       2000M (100%)   
[2026-04-03T03:37:58.372+0600][30.353s][info][gc,heap     ] GC(25)      Free:     1382M (69%)        1320M (66%)        1416M (71%)        1626M (81%)        1626M (81%)        1320M (66%)    
[2026-04-03T03:37:58.372+0600][30.353s][info][gc,heap     ] GC(25)      Used:      618M (31%)         680M (34%)         584M (29%)         374M (19%)         680M (34%)         374M (19%)    
[2026-04-03T03:37:58.372+0600][30.353s][info][gc,heap     ] GC(25)      Live:         -               258M (13%)         258M (13%)         258M (13%)            -                  -          
[2026-04-03T03:37:58.372+0600][30.353s][info][gc,heap     ] GC(25) Allocated:         -                62M (3%)           64M (3%)           65M (3%)             -                  -          
[2026-04-03T03:37:58.372+0600][30.353s][info][gc,heap     ] GC(25)   Garbage:         -               359M (18%)         261M (13%)          50M (3%)             -                  -          
[2026-04-03T03:37:58.372+0600][30.353s][info][gc,heap     ] GC(25) Reclaimed:         -                  -                98M (5%)          309M (15%)            -                  -          
[2026-04-03T03:37:58.372+0600][30.353s][info][gc          ] GC(25) Garbage Collection (Allocation Rate) 618M(31%)->374M(19%)
[2026-04-03T03:37:59.026+0600][31.007s][info][gc,start    ] GC(26) Garbage Collection (Allocation Rate)
[2026-04-03T03:37:59.026+0600][31.007s][info][gc,task     ] GC(26) Using 3 workers
[2026-04-03T03:37:59.027+0600][31.007s][info][gc,phases   ] GC(26) Pause Mark Start 0.009ms
[2026-04-03T03:37:59.353+0600][31.334s][info][gc,phases   ] GC(26) Concurrent Mark 326.700ms
[2026-04-03T03:37:59.354+0600][31.335s][info][gc,phases   ] GC(26) Pause Mark End 0.052ms
[2026-04-03T03:37:59.354+0600][31.335s][info][gc,phases   ] GC(26) Concurrent Mark Free 0.003ms
[2026-04-03T03:37:59.379+0600][31.359s][info][gc,phases   ] GC(26) Concurrent Process Non-Strong References 24.300ms
[2026-04-03T03:37:59.379+0600][31.359s][info][gc,phases   ] GC(26) Concurrent Reset Relocation Set 0.033ms
[2026-04-03T03:37:59.387+0600][31.368s][info][gc,phases   ] GC(26) Concurrent Select Relocation Set 8.085ms
[2026-04-03T03:37:59.387+0600][31.368s][info][gc,phases   ] GC(26) Pause Relocate Start 0.022ms
[2026-04-03T03:37:59.399+0600][31.380s][info][gc,phases   ] GC(26) Concurrent Relocate 11.806ms
[2026-04-03T03:37:59.399+0600][31.380s][info][gc,load     ] GC(26) Load: 4.35/4.35/4.69
[2026-04-03T03:37:59.399+0600][31.380s][info][gc,mmu      ] GC(26) MMU: 2ms/93.0%, 5ms/97.2%, 10ms/98.6%, 20ms/99.3%, 50ms/99.7%, 100ms/99.9%
[2026-04-03T03:37:59.399+0600][31.380s][info][gc,marking  ] GC(26) Mark: 2 stripe(s), 2 proactive flush(es), 1 terminate flush(es), 0 completion(s), 0 continuation(s) 
[2026-04-03T03:37:59.399+0600][31.380s][info][gc,marking  ] GC(26) Mark Stack Usage: 32M
[2026-04-03T03:37:59.399+0600][31.380s][info][gc,nmethod  ] GC(26) NMethods: 5708 registered, 212 unregistered
[2026-04-03T03:37:59.399+0600][31.380s][info][gc,metaspace] GC(26) Metaspace: 68M used, 69M committed, 1088M reserved
[2026-04-03T03:37:59.399+0600][31.380s][info][gc,ref      ] GC(26) Soft: 3198 encountered, 0 discovered, 0 enqueued
[2026-04-03T03:37:59.399+0600][31.380s][info][gc,ref      ] GC(26) Weak: 6332 encountered, 1735 discovered, 435 enqueued
[2026-04-03T03:37:59.399+0600][31.380s][info][gc,ref      ] GC(26) Final: 82 encountered, 16 discovered, 0 enqueued
[2026-04-03T03:37:59.399+0600][31.380s][info][gc,ref      ] GC(26) Phantom: 594 encountered, 441 discovered, 0 enqueued
[2026-04-03T03:37:59.399+0600][31.380s][info][gc,reloc    ] GC(26) Small Pages: 266 / 532M, Empty: 278M, Relocated: 8M, In-Place: 0
[2026-04-03T03:37:59.399+0600][31.380s][info][gc,reloc    ] GC(26) Medium Pages: 2 / 64M, Empty: 32M, Relocated: 0M, In-Place: 0
[2026-04-03T03:37:59.399+0600][31.380s][info][gc,reloc    ] GC(26) Large Pages: 9 / 90M, Empty: 90M, Relocated: 0M, In-Place: 0
[2026-04-03T03:37:59.399+0600][31.380s][info][gc,reloc    ] GC(26) Forwarding Usage: 5M
[2026-04-03T03:37:59.399+0600][31.380s][info][gc,heap     ] GC(26) Min Capacity: 8M(0%)
[2026-04-03T03:37:59.399+0600][31.380s][info][gc,heap     ] GC(26) Max Capacity: 2000M(100%)
[2026-04-03T03:37:59.400+0600][31.380s][info][gc,heap     ] GC(26) Soft Max Capacity: 2000M(100%)
[2026-04-03T03:37:59.400+0600][31.380s][info][gc,heap     ] GC(26)                Mark Start          Mark End        Relocate Start      Relocate End           High               Low         
[2026-04-03T03:37:59.400+0600][31.380s][info][gc,heap     ] GC(26)  Capacity:     2000M (100%)       2000M (100%)       2000M (100%)       2000M (100%)       2000M (100%)       2000M (100%)   
[2026-04-03T03:37:59.400+0600][31.380s][info][gc,heap     ] GC(26)      Free:     1314M (66%)        1116M (56%)        1486M (74%)        1564M (78%)        1564M (78%)        1100M (55%)    
[2026-04-03T03:37:59.400+0600][31.380s][info][gc,heap     ] GC(26)      Used:      686M (34%)         884M (44%)         514M (26%)         436M (22%)         900M (45%)         436M (22%)    
[2026-04-03T03:37:59.400+0600][31.380s][info][gc,heap     ] GC(26)      Live:         -               168M (8%)          168M (8%)          168M (8%)             -                  -          
[2026-04-03T03:37:59.400+0600][31.380s][info][gc,heap     ] GC(26) Allocated:         -               198M (10%)         228M (11%)         227M (11%)            -                  -          
[2026-04-03T03:37:59.400+0600][31.380s][info][gc,heap     ] GC(26)   Garbage:         -               517M (26%)         117M (6%)           39M (2%)             -                  -          
[2026-04-03T03:37:59.400+0600][31.380s][info][gc,heap     ] GC(26) Reclaimed:         -                  -               400M (20%)         477M (24%)            -                  -          
[2026-04-03T03:37:59.400+0600][31.380s][info][gc          ] GC(26) Garbage Collection (Allocation Rate) 686M(34%)->436M(22%)
[2026-04-03T03:37:59.426+0600][31.406s][info][gc,start    ] GC(27) Garbage Collection (Allocation Rate)
[2026-04-03T03:37:59.426+0600][31.406s][info][gc,task     ] GC(27) Using 3 workers
[2026-04-03T03:37:59.426+0600][31.407s][info][gc,phases   ] GC(27) Pause Mark Start 0.012ms
[2026-04-03T03:37:59.870+0600][31.851s][info][gc,phases   ] GC(27) Concurrent Mark 443.928ms
[2026-04-03T03:37:59.870+0600][31.851s][info][gc,phases   ] GC(27) Pause Mark End 0.026ms
[2026-04-03T03:37:59.871+0600][31.851s][info][gc,phases   ] GC(27) Concurrent Mark Free 0.003ms
[2026-04-03T03:37:59.891+0600][31.872s][info][gc,phases   ] GC(27) Concurrent Process Non-Strong References 20.421ms
[2026-04-03T03:37:59.891+0600][31.872s][info][gc,phases   ] GC(27) Concurrent Reset Relocation Set 0.008ms
[2026-04-03T03:37:59.906+0600][31.887s][info][gc,phases   ] GC(27) Concurrent Select Relocation Set 14.793ms
[2026-04-03T03:37:59.906+0600][31.887s][info][gc,phases   ] GC(27) Pause Relocate Start 0.057ms
[2026-04-03T03:37:59.954+0600][31.935s][info][gc,phases   ] GC(27) Concurrent Relocate 47.175ms
[2026-04-03T03:37:59.954+0600][31.935s][info][gc,load     ] GC(27) Load: 4.35/4.35/4.69
[2026-04-03T03:37:59.954+0600][31.935s][info][gc,mmu      ] GC(27) MMU: 2ms/93.0%, 5ms/97.2%, 10ms/98.6%, 20ms/99.3%, 50ms/99.7%, 100ms/99.9%
[2026-04-03T03:37:59.954+0600][31.935s][info][gc,marking  ] GC(27) Mark: 2 stripe(s), 8 proactive flush(es), 1 terminate flush(es), 0 completion(s), 0 continuation(s) 
[2026-04-03T03:37:59.954+0600][31.935s][info][gc,marking  ] GC(27) Mark Stack Usage: 32M
[2026-04-03T03:37:59.954+0600][31.935s][info][gc,nmethod  ] GC(27) NMethods: 5860 registered, 233 unregistered
[2026-04-03T03:37:59.954+0600][31.935s][info][gc,metaspace] GC(27) Metaspace: 68M used, 69M committed, 1088M reserved
[2026-04-03T03:37:59.954+0600][31.935s][info][gc,ref      ] GC(27) Soft: 3234 encountered, 0 discovered, 0 enqueued
[2026-04-03T03:37:59.954+0600][31.935s][info][gc,ref      ] GC(27) Weak: 6049 encountered, 1555 discovered, 27 enqueued
[2026-04-03T03:37:59.954+0600][31.935s][info][gc,ref      ] GC(27) Final: 82 encountered, 0 discovered, 0 enqueued
[2026-04-03T03:37:59.954+0600][31.935s][info][gc,ref      ] GC(27) Phantom: 597 encountered, 422 discovered, 0 enqueued
[2026-04-03T03:37:59.954+0600][31.935s][info][gc,reloc    ] GC(27) Small Pages: 168 / 336M, Empty: 0M, Relocated: 22M, In-Place: 0
[2026-04-03T03:37:59.954+0600][31.935s][info][gc,reloc    ] GC(27) Medium Pages: 2 / 64M, Empty: 32M, Relocated: 0M, In-Place: 0
[2026-04-03T03:37:59.954+0600][31.935s][info][gc,reloc    ] GC(27) Large Pages: 6 / 44M, Empty: 18M, Relocated: 0M, In-Place: 0
[2026-04-03T03:37:59.954+0600][31.935s][info][gc,reloc    ] GC(27) Forwarding Usage: 24M
[2026-04-03T03:37:59.954+0600][31.935s][info][gc,heap     ] GC(27) Min Capacity: 8M(0%)
[2026-04-03T03:37:59.954+0600][31.935s][info][gc,heap     ] GC(27) Max Capacity: 2000M(100%)
[2026-04-03T03:37:59.954+0600][31.935s][info][gc,heap     ] GC(27) Soft Max Capacity: 2000M(100%)
[2026-04-03T03:37:59.954+0600][31.935s][info][gc,heap     ] GC(27)                Mark Start          Mark End        Relocate Start      Relocate End           High               Low         
[2026-04-03T03:37:59.954+0600][31.935s][info][gc,heap     ] GC(27)  Capacity:     2000M (100%)       2000M (100%)       2000M (100%)       2000M (100%)       2000M (100%)       2000M (100%)   
[2026-04-03T03:37:59.954+0600][31.935s][info][gc,heap     ] GC(27)      Free:     1556M (78%)        1286M (64%)        1312M (66%)        1428M (71%)        1556M (78%)        1278M (64%)    
[2026-04-03T03:37:59.954+0600][31.935s][info][gc,heap     ] GC(27)      Used:      444M (22%)         714M (36%)         688M (34%)         572M (29%)         722M (36%)         444M (22%)    
[2026-04-03T03:37:59.954+0600][31.935s][info][gc,heap     ] GC(27)      Live:         -               216M (11%)         216M (11%)         216M (11%)            -                  -          
[2026-04-03T03:37:59.954+0600][31.935s][info][gc,heap     ] GC(27) Allocated:         -               270M (14%)         294M (15%)         313M (16%)            -                  -          
[2026-04-03T03:37:59.954+0600][31.935s][info][gc,heap     ] GC(27)   Garbage:         -               227M (11%)         177M (9%)           41M (2%)             -                  -          
[2026-04-03T03:37:59.954+0600][31.935s][info][gc,heap     ] GC(27) Reclaimed:         -                  -                50M (2%)          185M (9%)             -                  -          
[2026-04-03T03:37:59.954+0600][31.935s][info][gc          ] GC(27) Garbage Collection (Allocation Rate) 444M(22%)->572M(29%)
[2026-04-03T03:38:01.227+0600][33.207s][info][gc,start    ] GC(28) Garbage Collection (Allocation Rate)
[2026-04-03T03:38:01.227+0600][33.207s][info][gc,task     ] GC(28) Using 3 workers
[2026-04-03T03:38:01.227+0600][33.207s][info][gc,phases   ] GC(28) Pause Mark Start 0.010ms
[2026-04-03T03:38:01.686+0600][33.667s][info][gc,phases   ] GC(28) Concurrent Mark 459.242ms
[2026-04-03T03:38:01.686+0600][33.667s][info][gc,phases   ] GC(28) Pause Mark End 0.033ms
[2026-04-03T03:38:01.687+0600][33.667s][info][gc,phases   ] GC(28) Concurrent Mark Free 0.003ms
[2026-04-03T03:38:01.716+0600][33.697s][info][gc,phases   ] GC(28) Concurrent Process Non-Strong References 29.628ms
[2026-04-03T03:38:01.716+0600][33.697s][info][gc,phases   ] GC(28) Concurrent Reset Relocation Set 0.023ms
[2026-04-03T03:38:01.747+0600][33.728s][info][gc,phases   ] GC(28) Concurrent Select Relocation Set 30.839ms
[2026-04-03T03:38:01.748+0600][33.728s][info][gc,phases   ] GC(28) Pause Relocate Start 0.019ms
[2026-04-03T03:38:01.862+0600][33.842s][info][gc,phases   ] GC(28) Concurrent Relocate 113.791ms
[2026-04-03T03:38:01.862+0600][33.843s][info][gc,load     ] GC(28) Load: 4.25/4.33/4.68
[2026-04-03T03:38:01.862+0600][33.843s][info][gc,mmu      ] GC(28) MMU: 2ms/93.0%, 5ms/97.2%, 10ms/98.6%, 20ms/99.3%, 50ms/99.7%, 100ms/99.9%
[2026-04-03T03:38:01.862+0600][33.843s][info][gc,marking  ] GC(28) Mark: 2 stripe(s), 2 proactive flush(es), 1 terminate flush(es), 0 completion(s), 0 continuation(s) 
[2026-04-03T03:38:01.862+0600][33.843s][info][gc,marking  ] GC(28) Mark Stack Usage: 32M
[2026-04-03T03:38:01.862+0600][33.843s][info][gc,nmethod  ] GC(28) NMethods: 5984 registered, 391 unregistered
[2026-04-03T03:38:01.862+0600][33.843s][info][gc,metaspace] GC(28) Metaspace: 68M used, 69M committed, 1088M reserved
[2026-04-03T03:38:01.862+0600][33.843s][info][gc,ref      ] GC(28) Soft: 3277 encountered, 0 discovered, 0 enqueued
[2026-04-03T03:38:01.862+0600][33.843s][info][gc,ref      ] GC(28) Weak: 6307 encountered, 1629 discovered, 265 enqueued
[2026-04-03T03:38:01.862+0600][33.843s][info][gc,ref      ] GC(28) Final: 82 encountered, 0 discovered, 0 enqueued
[2026-04-03T03:38:01.862+0600][33.843s][info][gc,ref      ] GC(28) Phantom: 597 encountered, 455 discovered, 0 enqueued
[2026-04-03T03:38:01.862+0600][33.843s][info][gc,reloc    ] GC(28) Small Pages: 618 / 1236M, Empty: 448M, Relocated: 57M, In-Place: 0
[2026-04-03T03:38:01.862+0600][33.843s][info][gc,reloc    ] GC(28) Medium Pages: 2 / 64M, Empty: 32M, Relocated: 0M, In-Place: 0
[2026-04-03T03:38:01.862+0600][33.843s][info][gc,reloc    ] GC(28) Large Pages: 15 / 114M, Empty: 96M, Relocated: 0M, In-Place: 0
[2026-04-03T03:38:01.862+0600][33.843s][info][gc,reloc    ] GC(28) Forwarding Usage: 55M
[2026-04-03T03:38:01.862+0600][33.843s][info][gc,heap     ] GC(28) Min Capacity: 8M(0%)
[2026-04-03T03:38:01.862+0600][33.843s][info][gc,heap     ] GC(28) Max Capacity: 2000M(100%)
[2026-04-03T03:38:01.862+0600][33.843s][info][gc,heap     ] GC(28) Soft Max Capacity: 2000M(100%)
[2026-04-03T03:38:01.862+0600][33.843s][info][gc,heap     ] GC(28)                Mark Start          Mark End        Relocate Start      Relocate End           High               Low         
[2026-04-03T03:38:01.862+0600][33.843s][info][gc,heap     ] GC(28)  Capacity:     2000M (100%)       2000M (100%)       2000M (100%)       2000M (100%)       2000M (100%)       2000M (100%)   
[2026-04-03T03:38:01.862+0600][33.843s][info][gc,heap     ] GC(28)      Free:      586M (29%)         416M (21%)         984M (49%)        1534M (77%)        1534M (77%)         416M (21%)    
[2026-04-03T03:38:01.862+0600][33.843s][info][gc,heap     ] GC(28)      Used:     1414M (71%)        1584M (79%)        1016M (51%)         466M (23%)        1584M (79%)         466M (23%)    
[2026-04-03T03:38:01.862+0600][33.843s][info][gc,heap     ] GC(28)      Live:         -               242M (12%)         242M (12%)         242M (12%)            -                  -          
[2026-04-03T03:38:01.862+0600][33.843s][info][gc,heap     ] GC(28) Allocated:         -               170M (8%)          178M (9%)          179M (9%)             -                  -          
[2026-04-03T03:38:01.862+0600][33.843s][info][gc,heap     ] GC(28)   Garbage:         -              1171M (59%)         595M (30%)          43M (2%)             -                  -          
[2026-04-03T03:38:01.862+0600][33.843s][info][gc,heap     ] GC(28) Reclaimed:         -                  -               576M (29%)        1127M (56%)            -                  -          
[2026-04-03T03:38:01.862+0600][33.843s][info][gc          ] GC(28) Garbage Collection (Allocation Rate) 1414M(71%)->466M(23%)
[2026-04-03T03:38:01.926+0600][33.907s][info][gc,start    ] GC(29) Garbage Collection (Allocation Rate)
[2026-04-03T03:38:01.926+0600][33.907s][info][gc,task     ] GC(29) Using 3 workers
[2026-04-03T03:38:01.927+0600][33.907s][info][gc,phases   ] GC(29) Pause Mark Start 0.012ms
[2026-04-03T03:38:02.596+0600][34.577s][info][gc,phases   ] GC(29) Concurrent Mark 669.182ms
[2026-04-03T03:38:02.596+0600][34.577s][info][gc,phases   ] GC(29) Pause Mark End 0.030ms
[2026-04-03T03:38:02.596+0600][34.577s][info][gc,phases   ] GC(29) Concurrent Mark Free 0.002ms
[2026-04-03T03:38:02.608+0600][34.589s][info][gc,phases   ] GC(29) Concurrent Process Non-Strong References 11.468ms
[2026-04-03T03:38:02.608+0600][34.589s][info][gc,phases   ] GC(29) Concurrent Reset Relocation Set 0.095ms
[2026-04-03T03:38:02.622+0600][34.603s][info][gc,phases   ] GC(29) Concurrent Select Relocation Set 13.953ms
[2026-04-03T03:38:02.623+0600][34.603s][info][gc,phases   ] GC(29) Pause Relocate Start 0.023ms
[2026-04-03T03:38:02.667+0600][34.648s][info][gc,phases   ] GC(29) Concurrent Relocate 44.480ms
[2026-04-03T03:38:02.668+0600][34.648s][info][gc,load     ] GC(29) Load: 4.25/4.33/4.68
[2026-04-03T03:38:02.668+0600][34.648s][info][gc,mmu      ] GC(29) MMU: 2ms/93.0%, 5ms/97.2%, 10ms/98.6%, 20ms/99.3%, 50ms/99.7%, 100ms/99.9%
[2026-04-03T03:38:02.668+0600][34.649s][info][gc,marking  ] GC(29) Mark: 2 stripe(s), 2 proactive flush(es), 1 terminate flush(es), 0 completion(s), 0 continuation(s) 
[2026-04-03T03:38:02.668+0600][34.649s][info][gc,marking  ] GC(29) Mark Stack Usage: 32M
[2026-04-03T03:38:02.668+0600][34.649s][info][gc,nmethod  ] GC(29) NMethods: 6034 registered, 411 unregistered
[2026-04-03T03:38:02.668+0600][34.649s][info][gc,metaspace] GC(29) Metaspace: 69M used, 70M committed, 1088M reserved
[2026-04-03T03:38:02.668+0600][34.649s][info][gc,ref      ] GC(29) Soft: 3277 encountered, 0 discovered, 0 enqueued
[2026-04-03T03:38:02.668+0600][34.649s][info][gc,ref      ] GC(29) Weak: 6070 encountered, 3140 discovered, 9 enqueued
[2026-04-03T03:38:02.668+0600][34.649s][info][gc,ref      ] GC(29) Final: 82 encountered, 0 discovered, 0 enqueued
[2026-04-03T03:38:02.668+0600][34.649s][info][gc,ref      ] GC(29) Phantom: 594 encountered, 419 discovered, 0 enqueued
[2026-04-03T03:38:02.668+0600][34.649s][info][gc,reloc    ] GC(29) Small Pages: 193 / 386M, Empty: 0M, Relocated: 19M, In-Place: 0
[2026-04-03T03:38:02.668+0600][34.649s][info][gc,reloc    ] GC(29) Medium Pages: 2 / 64M, Empty: 0M, Relocated: 14M, In-Place: 0
[2026-04-03T03:38:02.668+0600][34.649s][info][gc,reloc    ] GC(29) Large Pages: 3 / 18M, Empty: 0M, Relocated: 0M, In-Place: 0
[2026-04-03T03:38:02.668+0600][34.649s][info][gc,reloc    ] GC(29) Forwarding Usage: 18M
[2026-04-03T03:38:02.668+0600][34.649s][info][gc,heap     ] GC(29) Min Capacity: 8M(0%)
[2026-04-03T03:38:02.668+0600][34.649s][info][gc,heap     ] GC(29) Max Capacity: 2000M(100%)
[2026-04-03T03:38:02.668+0600][34.649s][info][gc,heap     ] GC(29) Soft Max Capacity: 2000M(100%)
[2026-04-03T03:38:02.668+0600][34.649s][info][gc,heap     ] GC(29)                Mark Start          Mark End        Relocate Start      Relocate End           High               Low         
[2026-04-03T03:38:02.668+0600][34.649s][info][gc,heap     ] GC(29)  Capacity:     2000M (100%)       2000M (100%)       2000M (100%)       2000M (100%)       2000M (100%)       2000M (100%)   
[2026-04-03T03:38:02.668+0600][34.649s][info][gc,heap     ] GC(29)      Free:     1532M (77%)        1356M (68%)        1348M (67%)        1510M (76%)        1532M (77%)        1314M (66%)    
[2026-04-03T03:38:02.668+0600][34.649s][info][gc,heap     ] GC(29)      Used:      468M (23%)         644M (32%)         652M (33%)         490M (24%)         686M (34%)         468M (23%)    
[2026-04-03T03:38:02.668+0600][34.649s][info][gc,heap     ] GC(29)      Live:         -               263M (13%)         263M (13%)         263M (13%)            -                  -          
[2026-04-03T03:38:02.668+0600][34.649s][info][gc,heap     ] GC(29) Allocated:         -               176M (9%)          184M (9%)          184M (9%)             -                  -          
[2026-04-03T03:38:02.668+0600][34.649s][info][gc,heap     ] GC(29)   Garbage:         -               204M (10%)         204M (10%)          41M (2%)             -                  -          
[2026-04-03T03:38:02.668+0600][34.649s][info][gc,heap     ] GC(29) Reclaimed:         -                  -                 0M (0%)          162M (8%)             -                  -          
[2026-04-03T03:38:02.668+0600][34.649s][info][gc          ] GC(29) Garbage Collection (Allocation Rate) 468M(23%)->490M(24%)
[2026-04-03T03:38:02.725+0600][34.706s][info][gc,start    ] GC(30) Garbage Collection (Allocation Rate)
[2026-04-03T03:38:02.726+0600][34.706s][info][gc,task     ] GC(30) Using 3 workers
[2026-04-03T03:38:02.726+0600][34.707s][info][gc,phases   ] GC(30) Pause Mark Start 0.014ms
[2026-04-03T03:38:03.206+0600][35.187s][info][gc,phases   ] GC(30) Concurrent Mark 480.360ms
[2026-04-03T03:38:03.207+0600][35.187s][info][gc,phases   ] GC(30) Pause Mark End 0.025ms
[2026-04-03T03:38:03.207+0600][35.188s][info][gc,phases   ] GC(30) Concurrent Mark Free 0.003ms
[2026-04-03T03:38:03.214+0600][35.195s][info][gc,phases   ] GC(30) Concurrent Process Non-Strong References 7.250ms
[2026-04-03T03:38:03.214+0600][35.195s][info][gc,phases   ] GC(30) Concurrent Reset Relocation Set 0.007ms
[2026-04-03T03:38:03.221+0600][35.202s][info][gc,phases   ] GC(30) Concurrent Select Relocation Set 7.191ms
[2026-04-03T03:38:03.222+0600][35.202s][info][gc,phases   ] GC(30) Pause Relocate Start 0.012ms
[2026-04-03T03:38:03.271+0600][35.251s][info][gc,phases   ] GC(30) Concurrent Relocate 48.857ms
[2026-04-03T03:38:03.271+0600][35.251s][info][gc,load     ] GC(30) Load: 4.25/4.33/4.68
[2026-04-03T03:38:03.271+0600][35.251s][info][gc,mmu      ] GC(30) MMU: 2ms/93.0%, 5ms/97.2%, 10ms/98.6%, 20ms/99.3%, 50ms/99.7%, 100ms/99.9%
[2026-04-03T03:38:03.271+0600][35.251s][info][gc,marking  ] GC(30) Mark: 2 stripe(s), 2 proactive flush(es), 1 terminate flush(es), 0 completion(s), 0 continuation(s) 
[2026-04-03T03:38:03.271+0600][35.251s][info][gc,marking  ] GC(30) Mark Stack Usage: 32M
[2026-04-03T03:38:03.271+0600][35.251s][info][gc,nmethod  ] GC(30) NMethods: 6234 registered, 453 unregistered
[2026-04-03T03:38:03.271+0600][35.251s][info][gc,metaspace] GC(30) Metaspace: 70M used, 71M committed, 1088M reserved
[2026-04-03T03:38:03.271+0600][35.251s][info][gc,ref      ] GC(30) Soft: 3317 encountered, 0 discovered, 0 enqueued
[2026-04-03T03:38:03.271+0600][35.251s][info][gc,ref      ] GC(30) Weak: 6172 encountered, 1664 discovered, 41 enqueued
[2026-04-03T03:38:03.271+0600][35.251s][info][gc,ref      ] GC(30) Final: 82 encountered, 3 discovered, 0 enqueued
[2026-04-03T03:38:03.271+0600][35.251s][info][gc,ref      ] GC(30) Phantom: 594 encountered, 436 discovered, 0 enqueued
[2026-04-03T03:38:03.271+0600][35.251s][info][gc,reloc    ] GC(30) Small Pages: 165 / 330M, Empty: 40M, Relocated: 31M, In-Place: 0
[2026-04-03T03:38:03.271+0600][35.251s][info][gc,reloc    ] GC(30) Medium Pages: 4 / 128M, Empty: 0M, Relocated: 26M, In-Place: 0
[2026-04-03T03:38:03.271+0600][35.252s][info][gc,reloc    ] GC(30) Large Pages: 6 / 36M, Empty: 24M, Relocated: 0M, In-Place: 0
[2026-04-03T03:38:03.271+0600][35.252s][info][gc,reloc    ] GC(30) Forwarding Usage: 29M
[2026-04-03T03:38:03.271+0600][35.252s][info][gc,heap     ] GC(30) Min Capacity: 8M(0%)
[2026-04-03T03:38:03.271+0600][35.252s][info][gc,heap     ] GC(30) Max Capacity: 2000M(100%)
[2026-04-03T03:38:03.271+0600][35.252s][info][gc,heap     ] GC(30) Soft Max Capacity: 2000M(100%)
[2026-04-03T03:38:03.271+0600][35.252s][info][gc,heap     ] GC(30)                Mark Start          Mark End        Relocate Start      Relocate End           High               Low         
[2026-04-03T03:38:03.271+0600][35.252s][info][gc,heap     ] GC(30)  Capacity:     2000M (100%)       2000M (100%)       2000M (100%)       2000M (100%)       2000M (100%)       2000M (100%)   
[2026-04-03T03:38:03.271+0600][35.252s][info][gc,heap     ] GC(30)      Free:     1506M (75%)        1010M (50%)        1064M (53%)        1172M (59%)        1506M (75%)        1004M (50%)    
[2026-04-03T03:38:03.271+0600][35.252s][info][gc,heap     ] GC(30)      Used:      494M (25%)         990M (50%)         936M (47%)         828M (41%)         996M (50%)         494M (25%)    
[2026-04-03T03:38:03.271+0600][35.252s][info][gc,heap     ] GC(30)      Live:         -               238M (12%)         238M (12%)         238M (12%)            -                  -          
[2026-04-03T03:38:03.271+0600][35.252s][info][gc,heap     ] GC(30) Allocated:         -               496M (25%)         506M (25%)         543M (27%)            -                  -          
[2026-04-03T03:38:03.294+0600][35.275s][info][gc,heap     ] GC(30)   Garbage:         -               255M (13%)         191M (10%)          45M (2%)             -                  -          
[2026-04-03T03:38:03.294+0600][35.275s][info][gc,heap     ] GC(30) Reclaimed:         -                  -                64M (3%)          209M (10%)            -                  -          
[2026-04-03T03:38:03.294+0600][35.275s][info][gc          ] GC(30) Garbage Collection (Allocation Rate) 494M(25%)->828M(41%)
[2026-04-03T03:38:03.326+0600][35.307s][info][gc,start    ] GC(31) Garbage Collection (Allocation Rate)
[2026-04-03T03:38:03.327+0600][35.307s][info][gc,task     ] GC(31) Using 3 workers
[2026-04-03T03:38:03.327+0600][35.307s][info][gc,phases   ] GC(31) Pause Mark Start 0.036ms
[2026-04-03T03:38:03.673+0600][35.653s][info][gc,phases   ] GC(31) Concurrent Mark 345.789ms
[2026-04-03T03:38:03.673+0600][35.654s][info][gc,phases   ] GC(31) Pause Mark End 0.050ms
[2026-04-03T03:38:03.673+0600][35.654s][info][gc,phases   ] GC(31) Concurrent Mark Free 0.003ms
[2026-04-03T03:38:03.681+0600][35.661s][info][gc,phases   ] GC(31) Concurrent Process Non-Strong References 7.307ms
[2026-04-03T03:38:03.681+0600][35.661s][info][gc,phases   ] GC(31) Concurrent Reset Relocation Set 0.008ms
[2026-04-03T03:38:03.695+0600][35.676s][info][gc,phases   ] GC(31) Concurrent Select Relocation Set 14.556ms
[2026-04-03T03:38:03.695+0600][35.676s][info][gc,phases   ] GC(31) Pause Relocate Start 0.020ms
[2026-04-03T03:38:03.775+0600][35.755s][info][gc,phases   ] GC(31) Concurrent Relocate 79.031ms
[2026-04-03T03:38:03.775+0600][35.756s][info][gc,load     ] GC(31) Load: 4.25/4.33/4.68
[2026-04-03T03:38:03.775+0600][35.756s][info][gc,mmu      ] GC(31) MMU: 2ms/93.0%, 5ms/97.2%, 10ms/98.6%, 20ms/99.3%, 50ms/99.7%, 100ms/99.9%
[2026-04-03T03:38:03.775+0600][35.756s][info][gc,marking  ] GC(31) Mark: 2 stripe(s), 4 proactive flush(es), 1 terminate flush(es), 0 completion(s), 0 continuation(s) 
[2026-04-03T03:38:03.775+0600][35.756s][info][gc,marking  ] GC(31) Mark Stack Usage: 32M
[2026-04-03T03:38:03.775+0600][35.756s][info][gc,nmethod  ] GC(31) NMethods: 6292 registered, 489 unregistered
[2026-04-03T03:38:03.775+0600][35.756s][info][gc,metaspace] GC(31) Metaspace: 70M used, 71M committed, 1088M reserved
[2026-04-03T03:38:03.775+0600][35.756s][info][gc,ref      ] GC(31) Soft: 3330 encountered, 0 discovered, 0 enqueued
[2026-04-03T03:38:03.775+0600][35.756s][info][gc,ref      ] GC(31) Weak: 6243 encountered, 2040 discovered, 170 enqueued
[2026-04-03T03:38:03.775+0600][35.756s][info][gc,ref      ] GC(31) Final: 84 encountered, 2 discovered, 0 enqueued
[2026-04-03T03:38:03.775+0600][35.756s][info][gc,ref      ] GC(31) Phantom: 598 encountered, 544 discovered, 0 enqueued
[2026-04-03T03:38:03.775+0600][35.756s][info][gc,reloc    ] GC(31) Small Pages: 295 / 590M, Empty: 20M, Relocated: 45M, In-Place: 0
[2026-04-03T03:38:03.775+0600][35.756s][info][gc,reloc    ] GC(31) Medium Pages: 5 / 160M, Empty: 96M, Relocated: 11M, In-Place: 0
[2026-04-03T03:38:03.775+0600][35.756s][info][gc,reloc    ] GC(31) Large Pages: 16 / 100M, Empty: 88M, Relocated: 0M, In-Place: 0
[2026-04-03T03:38:03.775+0600][35.756s][info][gc,reloc    ] GC(31) Forwarding Usage: 44M
[2026-04-03T03:38:03.775+0600][35.756s][info][gc,heap     ] GC(31) Min Capacity: 8M(0%)
[2026-04-03T03:38:03.775+0600][35.756s][info][gc,heap     ] GC(31) Max Capacity: 2000M(100%)
[2026-04-03T03:38:03.775+0600][35.756s][info][gc,heap     ] GC(31) Soft Max Capacity: 2000M(100%)
[2026-04-03T03:38:03.775+0600][35.756s][info][gc,heap     ] GC(31)                Mark Start          Mark End        Relocate Start      Relocate End           High               Low         
[2026-04-03T03:38:03.775+0600][35.756s][info][gc,heap     ] GC(31)  Capacity:     2000M (100%)       2000M (100%)       2000M (100%)       2000M (100%)       2000M (100%)       2000M (100%)   
[2026-04-03T03:38:03.775+0600][35.756s][info][gc,heap     ] GC(31)      Free:     1150M (57%)         770M (38%)         930M (46%)        1230M (62%)        1230M (62%)         752M (38%)    
[2026-04-03T03:38:03.775+0600][35.756s][info][gc,heap     ] GC(31)      Used:      850M (42%)        1230M (62%)        1070M (54%)         770M (38%)        1248M (62%)         770M (38%)    
[2026-04-03T03:38:03.775+0600][35.756s][info][gc,heap     ] GC(31)      Live:         -               238M (12%)         238M (12%)         238M (12%)            -                  -          
[2026-04-03T03:38:03.775+0600][35.756s][info][gc,heap     ] GC(31) Allocated:         -               380M (19%)         424M (21%)         489M (24%)            -                  -          
[2026-04-03T03:38:03.775+0600][35.756s][info][gc,heap     ] GC(31)   Garbage:         -               611M (31%)         407M (20%)          41M (2%)             -                  -          
[2026-04-03T03:38:03.775+0600][35.756s][info][gc,heap     ] GC(31) Reclaimed:         -                  -               204M (10%)         569M (28%)            -                  -          
[2026-04-03T03:38:03.775+0600][35.756s][info][gc          ] GC(31) Garbage Collection (Allocation Rate) 850M(42%)->770M(38%)
[2026-04-03T03:38:03.826+0600][35.807s][info][gc,start    ] GC(32) Garbage Collection (Allocation Rate)
[2026-04-03T03:38:03.826+0600][35.807s][info][gc,task     ] GC(32) Using 3 workers
[2026-04-03T03:38:03.826+0600][35.807s][info][gc,phases   ] GC(32) Pause Mark Start 0.012ms
[2026-04-03T03:38:04.134+0600][36.115s][info][gc,phases   ] GC(32) Concurrent Mark 307.772ms
[2026-04-03T03:38:04.135+0600][36.115s][info][gc,phases   ] GC(32) Pause Mark End 0.024ms
[2026-04-03T03:38:04.135+0600][36.115s][info][gc,phases   ] GC(32) Concurrent Mark Free 0.003ms
[2026-04-03T03:38:04.141+0600][36.121s][info][gc,phases   ] GC(32) Concurrent Process Non-Strong References 6.028ms
[2026-04-03T03:38:04.141+0600][36.121s][info][gc,phases   ] GC(32) Concurrent Reset Relocation Set 0.012ms
[2026-04-03T03:38:04.146+0600][36.127s][info][gc,phases   ] GC(32) Concurrent Select Relocation Set 5.530ms
[2026-04-03T03:38:04.147+0600][36.127s][info][gc,phases   ] GC(32) Pause Relocate Start 0.011ms
[2026-04-03T03:38:04.150+0600][36.130s][info][gc,phases   ] GC(32) Concurrent Relocate 2.898ms
[2026-04-03T03:38:04.150+0600][36.130s][info][gc,load     ] GC(32) Load: 4.25/4.33/4.68
[2026-04-03T03:38:04.150+0600][36.130s][info][gc,mmu      ] GC(32) MMU: 2ms/93.0%, 5ms/97.2%, 10ms/98.6%, 20ms/99.3%, 50ms/99.7%, 100ms/99.9%
[2026-04-03T03:38:04.150+0600][36.130s][info][gc,marking  ] GC(32) Mark: 2 stripe(s), 2 proactive flush(es), 1 terminate flush(es), 0 completion(s), 0 continuation(s) 
[2026-04-03T03:38:04.150+0600][36.130s][info][gc,marking  ] GC(32) Mark Stack Usage: 32M
[2026-04-03T03:38:04.150+0600][36.130s][info][gc,nmethod  ] GC(32) NMethods: 6310 registered, 554 unregistered
[2026-04-03T03:38:04.150+0600][36.130s][info][gc,metaspace] GC(32) Metaspace: 70M used, 71M committed, 1088M reserved
[2026-04-03T03:38:04.150+0600][36.130s][info][gc,ref      ] GC(32) Soft: 3333 encountered, 0 discovered, 0 enqueued
[2026-04-03T03:38:04.150+0600][36.130s][info][gc,ref      ] GC(32) Weak: 6163 encountered, 1238 discovered, 39 enqueued
[2026-04-03T03:38:04.150+0600][36.130s][info][gc,ref      ] GC(32) Final: 84 encountered, 2 discovered, 0 enqueued
[2026-04-03T03:38:04.150+0600][36.130s][info][gc,ref      ] GC(32) Phantom: 598 encountered, 509 discovered, 0 enqueued
[2026-04-03T03:38:04.150+0600][36.130s][info][gc,reloc    ] GC(32) Small Pages: 375 / 750M, Empty: 428M, Relocated: 3M, In-Place: 0
[2026-04-03T03:38:04.150+0600][36.130s][info][gc,reloc    ] GC(32) Medium Pages: 1 / 32M, Empty: 0M, Relocated: 0M, In-Place: 0
[2026-04-03T03:38:04.150+0600][36.130s][info][gc,reloc    ] GC(32) Large Pages: 4 / 24M, Empty: 12M, Relocated: 0M, In-Place: 0
[2026-04-03T03:38:04.150+0600][36.130s][info][gc,reloc    ] GC(32) Forwarding Usage: 2M
[2026-04-03T03:38:04.150+0600][36.130s][info][gc,heap     ] GC(32) Min Capacity: 8M(0%)
[2026-04-03T03:38:04.150+0600][36.130s][info][gc,heap     ] GC(32) Max Capacity: 2000M(100%)
[2026-04-03T03:38:04.150+0600][36.130s][info][gc,heap     ] GC(32) Soft Max Capacity: 2000M(100%)
[2026-04-03T03:38:04.150+0600][36.130s][info][gc,heap     ] GC(32)                Mark Start          Mark End        Relocate Start      Relocate End           High               Low         
[2026-04-03T03:38:04.150+0600][36.130s][info][gc,heap     ] GC(32)  Capacity:     2000M (100%)       2000M (100%)       2000M (100%)       2000M (100%)       2000M (100%)       2000M (100%)   
[2026-04-03T03:38:04.150+0600][36.130s][info][gc,heap     ] GC(32)      Free:     1194M (60%)        1034M (52%)        1474M (74%)        1502M (75%)        1502M (75%)        1034M (52%)    
[2026-04-03T03:38:04.150+0600][36.130s][info][gc,heap     ] GC(32)      Used:      806M (40%)         966M (48%)         526M (26%)         498M (25%)         966M (48%)         498M (25%)    
[2026-04-03T03:38:04.150+0600][36.130s][info][gc,heap     ] GC(32)      Live:         -               295M (15%)         295M (15%)         295M (15%)            -                  -          
[2026-04-03T03:38:04.150+0600][36.130s][info][gc,heap     ] GC(32) Allocated:         -               160M (8%)          160M (8%)          160M (8%)             -                  -          
[2026-04-03T03:38:04.150+0600][36.130s][info][gc,heap     ] GC(32)   Garbage:         -               510M (26%)          70M (4%)           42M (2%)             -                  -          
[2026-04-03T03:38:04.150+0600][36.130s][info][gc,heap     ] GC(32) Reclaimed:         -                  -               440M (22%)         468M (23%)            -                  -          
[2026-04-03T03:38:04.150+0600][36.130s][info][gc          ] GC(32) Garbage Collection (Allocation Rate) 806M(40%)->498M(25%)
[2026-04-03T03:38:04.150+0600][36.130s][info][gc,start    ] GC(33) Garbage Collection (System.gc())
[2026-04-03T03:38:04.150+0600][36.130s][info][gc,task     ] GC(33) Using 3 workers
[2026-04-03T03:38:04.150+0600][36.131s][info][gc,phases   ] GC(33) Pause Mark Start 0.009ms
[2026-04-03T03:38:04.321+0600][36.302s][info][gc,phases   ] GC(33) Concurrent Mark 171.246ms
[2026-04-03T03:38:04.322+0600][36.302s][info][gc,phases   ] GC(33) Pause Mark End 0.041ms
[2026-04-03T03:38:04.322+0600][36.303s][info][gc,phases   ] GC(33) Concurrent Mark Free 0.002ms
[2026-04-03T03:38:04.328+0600][36.309s][info][gc,phases   ] GC(33) Concurrent Process Non-Strong References 5.905ms
[2026-04-03T03:38:04.328+0600][36.309s][info][gc,phases   ] GC(33) Concurrent Reset Relocation Set 0.003ms
[2026-04-03T03:38:04.331+0600][36.312s][info][gc,phases   ] GC(33) Concurrent Select Relocation Set 3.130ms
[2026-04-03T03:38:04.331+0600][36.312s][info][gc,phases   ] GC(33) Pause Relocate Start 0.013ms
[2026-04-03T03:38:04.335+0600][36.316s][info][gc,phases   ] GC(33) Concurrent Relocate 3.583ms
[2026-04-03T03:38:04.335+0600][36.316s][info][gc,load     ] GC(33) Load: 4.25/4.33/4.68
[2026-04-03T03:38:04.335+0600][36.316s][info][gc,mmu      ] GC(33) MMU: 2ms/93.0%, 5ms/97.2%, 10ms/98.6%, 20ms/99.3%, 50ms/99.7%, 100ms/99.9%
[2026-04-03T03:38:04.335+0600][36.316s][info][gc,marking  ] GC(33) Mark: 2 stripe(s), 3 proactive flush(es), 1 terminate flush(es), 0 completion(s), 0 continuation(s) 
[2026-04-03T03:38:04.335+0600][36.316s][info][gc,marking  ] GC(33) Mark Stack Usage: 32M
[2026-04-03T03:38:04.335+0600][36.316s][info][gc,nmethod  ] GC(33) NMethods: 6308 registered, 566 unregistered
[2026-04-03T03:38:04.335+0600][36.316s][info][gc,metaspace] GC(33) Metaspace: 70M used, 71M committed, 1088M reserved
[2026-04-03T03:38:04.335+0600][36.316s][info][gc,ref      ] GC(33) Soft: 3334 encountered, 0 discovered, 0 enqueued
[2026-04-03T03:38:04.335+0600][36.316s][info][gc,ref      ] GC(33) Weak: 6131 encountered, 1715 discovered, 4 enqueued
[2026-04-03T03:38:04.335+0600][36.316s][info][gc,ref      ] GC(33) Final: 84 encountered, 20 discovered, 0 enqueued
[2026-04-03T03:38:04.335+0600][36.316s][info][gc,ref      ] GC(33) Phantom: 598 encountered, 510 discovered, 0 enqueued
[2026-04-03T03:38:04.335+0600][36.316s][info][gc,reloc    ] GC(33) Small Pages: 227 / 454M, Empty: 258M, Relocated: 4M, In-Place: 0
[2026-04-03T03:38:04.335+0600][36.316s][info][gc,reloc    ] GC(33) Medium Pages: 1 / 32M, Empty: 0M, Relocated: 0M, In-Place: 0
[2026-04-03T03:38:04.335+0600][36.316s][info][gc,reloc    ] GC(33) Large Pages: 2 / 12M, Empty: 12M, Relocated: 0M, In-Place: 0
[2026-04-03T03:38:04.335+0600][36.316s][info][gc,reloc    ] GC(33) Forwarding Usage: 3M
[2026-04-03T03:38:04.335+0600][36.316s][info][gc,heap     ] GC(33) Min Capacity: 8M(0%)
[2026-04-03T03:38:04.335+0600][36.316s][info][gc,heap     ] GC(33) Max Capacity: 2000M(100%)
[2026-04-03T03:38:04.335+0600][36.316s][info][gc,heap     ] GC(33) Soft Max Capacity: 2000M(100%)
[2026-04-03T03:38:04.335+0600][36.316s][info][gc,heap     ] GC(33)                Mark Start          Mark End        Relocate Start      Relocate End           High               Low         
[2026-04-03T03:38:04.335+0600][36.316s][info][gc,heap     ] GC(33)  Capacity:     2000M (100%)       2000M (100%)       2000M (100%)       2000M (100%)       2000M (100%)       2000M (100%)   
[2026-04-03T03:38:04.335+0600][36.316s][info][gc,heap     ] GC(33)      Free:     1502M (75%)        1500M (75%)        1762M (88%)        1778M (89%)        1778M (89%)        1500M (75%)    
[2026-04-03T03:38:04.335+0600][36.316s][info][gc,heap     ] GC(33)      Used:      498M (25%)         500M (25%)         238M (12%)         222M (11%)         500M (25%)         222M (11%)    
[2026-04-03T03:38:04.335+0600][36.316s][info][gc,heap     ] GC(33)      Live:         -               169M (8%)          169M (8%)          169M (8%)             -                  -          
[2026-04-03T03:38:04.335+0600][36.316s][info][gc,heap     ] GC(33) Allocated:         -                 2M (0%)           10M (0%)           11M (1%)             -                  -          
[2026-04-03T03:38:04.335+0600][36.316s][info][gc,heap     ] GC(33)   Garbage:         -               328M (16%)          58M (3%)           40M (2%)             -                  -          
[2026-04-03T03:38:04.335+0600][36.316s][info][gc,heap     ] GC(33) Reclaimed:         -                  -               270M (14%)         287M (14%)            -                  -          
[2026-04-03T03:38:04.335+0600][36.316s][info][gc          ] GC(33) Garbage Collection (System.gc()) 498M(25%)->222M(11%)
[2026-04-03T03:38:05.126+0600][37.107s][info][gc,start    ] GC(34) Garbage Collection (Allocation Rate)
[2026-04-03T03:38:05.126+0600][37.107s][info][gc,task     ] GC(34) Using 3 workers
[2026-04-03T03:38:05.127+0600][37.108s][info][gc,phases   ] GC(34) Pause Mark Start 0.020ms
[2026-04-03T03:38:05.826+0600][37.806s][info][gc,phases   ] GC(34) Concurrent Mark 698.503ms
[2026-04-03T03:38:05.826+0600][37.807s][info][gc,phases   ] GC(34) Pause Mark End 0.039ms
[2026-04-03T03:38:05.826+0600][37.807s][info][gc,phases   ] GC(34) Concurrent Mark Free 0.002ms
[2026-04-03T03:38:05.837+0600][37.817s][info][gc,phases   ] GC(34) Concurrent Process Non-Strong References 10.439ms
[2026-04-03T03:38:05.837+0600][37.817s][info][gc,phases   ] GC(34) Concurrent Reset Relocation Set 0.008ms
[2026-04-03T03:38:05.887+0600][37.868s][info][gc,phases   ] GC(34) Concurrent Select Relocation Set 50.663ms
[2026-04-03T03:38:05.888+0600][37.869s][info][gc,phases   ] GC(34) Pause Relocate Start 0.023ms
[2026-04-03T03:38:06.060+0600][38.041s][info][gc,phases   ] GC(34) Concurrent Relocate 171.779ms
[2026-04-03T03:38:06.060+0600][38.041s][info][gc,load     ] GC(34) Load: 4.39/4.36/4.68
[2026-04-03T03:38:06.060+0600][38.041s][info][gc,mmu      ] GC(34) MMU: 2ms/93.0%, 5ms/97.2%, 10ms/98.6%, 20ms/99.3%, 50ms/99.7%, 100ms/99.9%
[2026-04-03T03:38:06.060+0600][38.041s][info][gc,marking  ] GC(34) Mark: 2 stripe(s), 10 proactive flush(es), 1 terminate flush(es), 0 completion(s), 0 continuation(s) 
[2026-04-03T03:38:06.060+0600][38.041s][info][gc,marking  ] GC(34) Mark Stack Usage: 32M
[2026-04-03T03:38:06.060+0600][38.041s][info][gc,nmethod  ] GC(34) NMethods: 6414 registered, 573 unregistered
[2026-04-03T03:38:06.060+0600][38.041s][info][gc,metaspace] GC(34) Metaspace: 70M used, 71M committed, 1088M reserved
[2026-04-03T03:38:06.060+0600][38.041s][info][gc,ref      ] GC(34) Soft: 3413 encountered, 0 discovered, 0 enqueued
[2026-04-03T03:38:06.060+0600][38.041s][info][gc,ref      ] GC(34) Weak: 6361 encountered, 1458 discovered, 44 enqueued
[2026-04-03T03:38:06.060+0600][38.041s][info][gc,ref      ] GC(34) Final: 84 encountered, 84 discovered, 0 enqueued
[2026-04-03T03:38:06.060+0600][38.041s][info][gc,ref      ] GC(34) Phantom: 598 encountered, 433 discovered, 0 enqueued
[2026-04-03T03:38:06.060+0600][38.041s][info][gc,reloc    ] GC(34) Small Pages: 539 / 1078M, Empty: 0M, Relocated: 139M, In-Place: 0
[2026-04-03T03:38:06.060+0600][38.041s][info][gc,reloc    ] GC(34) Medium Pages: 2 / 64M, Empty: 32M, Relocated: 0M, In-Place: 0
[2026-04-03T03:38:06.060+0600][38.041s][info][gc,reloc    ] GC(34) Large Pages: 12 / 92M, Empty: 30M, Relocated: 0M, In-Place: 0
[2026-04-03T03:38:06.060+0600][38.041s][info][gc,reloc    ] GC(34) Forwarding Usage: 91M
[2026-04-03T03:38:06.061+0600][38.041s][info][gc,heap     ] GC(34) Min Capacity: 8M(0%)
[2026-04-03T03:38:06.061+0600][38.041s][info][gc,heap     ] GC(34) Max Capacity: 2000M(100%)
[2026-04-03T03:38:06.061+0600][38.041s][info][gc,heap     ] GC(34) Soft Max Capacity: 2000M(100%)
[2026-04-03T03:38:06.061+0600][38.041s][info][gc,heap     ] GC(34)                Mark Start          Mark End        Relocate Start      Relocate End           High               Low         
[2026-04-03T03:38:06.061+0600][38.041s][info][gc,heap     ] GC(34)  Capacity:     2000M (100%)       2000M (100%)       2000M (100%)       2000M (100%)       2000M (100%)       2000M (100%)   
[2026-04-03T03:38:06.061+0600][38.041s][info][gc,heap     ] GC(34)      Free:      766M (38%)         156M (8%)          176M (9%)          858M (43%)         860M (43%)         144M (7%)     
[2026-04-03T03:38:06.061+0600][38.041s][info][gc,heap     ] GC(34)      Used:     1234M (62%)        1844M (92%)        1824M (91%)        1142M (57%)        1856M (93%)        1140M (57%)    
[2026-04-03T03:38:06.061+0600][38.041s][info][gc,heap     ] GC(34)      Live:         -               368M (18%)         368M (18%)         368M (18%)            -                  -          
[2026-04-03T03:38:06.061+0600][38.041s][info][gc,heap     ] GC(34) Allocated:         -               610M (30%)         652M (33%)         732M (37%)            -                  -          
[2026-04-03T03:38:06.061+0600][38.041s][info][gc,heap     ] GC(34)   Garbage:         -               865M (43%)         803M (40%)          40M (2%)             -                  -          
[2026-04-03T03:38:06.061+0600][38.041s][info][gc,heap     ] GC(34) Reclaimed:         -                  -                62M (3%)          824M (41%)            -                  -          
[2026-04-03T03:38:06.061+0600][38.041s][info][gc          ] GC(34) Garbage Collection (Allocation Rate) 1234M(62%)->1142M(57%)
[2026-04-03T03:38:06.126+0600][38.107s][info][gc,start    ] GC(35) Garbage Collection (Allocation Rate)
[2026-04-03T03:38:06.126+0600][38.107s][info][gc,task     ] GC(35) Using 3 workers
[2026-04-03T03:38:06.126+0600][38.107s][info][gc,phases   ] GC(35) Pause Mark Start 0.013ms
[2026-04-03T03:38:07.182+0600][39.163s][info][gc,phases   ] GC(35) Concurrent Mark 1055.880ms
[2026-04-03T03:38:07.183+0600][39.163s][info][gc,phases   ] GC(35) Pause Mark End 0.050ms
[2026-04-03T03:38:07.183+0600][39.163s][info][gc,phases   ] GC(35) Concurrent Mark Free 0.002ms
[2026-04-03T03:38:07.194+0600][39.174s][info][gc,phases   ] GC(35) Concurrent Process Non-Strong References 10.783ms
[2026-04-03T03:38:07.194+0600][39.174s][info][gc,phases   ] GC(35) Concurrent Reset Relocation Set 0.145ms
[2026-04-03T03:38:07.208+0600][39.189s][info][gc,phases   ] GC(35) Concurrent Select Relocation Set 14.437ms
[2026-04-03T03:38:07.209+0600][39.189s][info][gc,phases   ] GC(35) Pause Relocate Start 0.023ms
[2026-04-03T03:38:07.309+0600][39.290s][info][gc,phases   ] GC(35) Concurrent Relocate 100.193ms
[2026-04-03T03:38:07.309+0600][39.290s][info][gc,load     ] GC(35) Load: 4.39/4.36/4.68
[2026-04-03T03:38:07.309+0600][39.290s][info][gc,mmu      ] GC(35) MMU: 2ms/93.0%, 5ms/97.2%, 10ms/98.6%, 20ms/99.3%, 50ms/99.7%, 100ms/99.9%
[2026-04-03T03:38:07.309+0600][39.290s][info][gc,marking  ] GC(35) Mark: 2 stripe(s), 4 proactive flush(es), 1 terminate flush(es), 0 completion(s), 0 continuation(s) 
[2026-04-03T03:38:07.309+0600][39.290s][info][gc,marking  ] GC(35) Mark Stack Usage: 32M
[2026-04-03T03:38:07.309+0600][39.290s][info][gc,nmethod  ] GC(35) NMethods: 6418 registered, 573 unregistered
[2026-04-03T03:38:07.309+0600][39.290s][info][gc,metaspace] GC(35) Metaspace: 70M used, 71M committed, 1088M reserved
[2026-04-03T03:38:07.309+0600][39.290s][info][gc,ref      ] GC(35) Soft: 3413 encountered, 0 discovered, 0 enqueued
[2026-04-03T03:38:07.309+0600][39.290s][info][gc,ref      ] GC(35) Weak: 6317 encountered, 1831 discovered, 0 enqueued
[2026-04-03T03:38:07.309+0600][39.290s][info][gc,ref      ] GC(35) Final: 84 encountered, 66 discovered, 0 enqueued
[2026-04-03T03:38:07.309+0600][39.290s][info][gc,ref      ] GC(35) Phantom: 598 encountered, 422 discovered, 0 enqueued
[2026-04-03T03:38:07.309+0600][39.290s][info][gc,reloc    ] GC(35) Small Pages: 547 / 1094M, Empty: 0M, Relocated: 48M, In-Place: 0
[2026-04-03T03:38:07.309+0600][39.290s][info][gc,reloc    ] GC(35) Medium Pages: 1 / 32M, Empty: 0M, Relocated: 0M, In-Place: 0
[2026-04-03T03:38:07.309+0600][39.290s][info][gc,reloc    ] GC(35) Large Pages: 8 / 72M, Empty: 12M, Relocated: 0M, In-Place: 0
[2026-04-03T03:38:07.309+0600][39.290s][info][gc,reloc    ] GC(35) Forwarding Usage: 44M
[2026-04-03T03:38:07.309+0600][39.290s][info][gc,heap     ] GC(35) Min Capacity: 8M(0%)
[2026-04-03T03:38:07.309+0600][39.290s][info][gc,heap     ] GC(35) Max Capacity: 2000M(100%)
[2026-04-03T03:38:07.309+0600][39.290s][info][gc,heap     ] GC(35) Soft Max Capacity: 2000M(100%)
[2026-04-03T03:38:07.309+0600][39.290s][info][gc,heap     ] GC(35)                Mark Start          Mark End        Relocate Start      Relocate End           High               Low         
[2026-04-03T03:38:07.309+0600][39.290s][info][gc,heap     ] GC(35)  Capacity:     2000M (100%)       2000M (100%)       2000M (100%)       2000M (100%)       2000M (100%)       2000M (100%)   
[2026-04-03T03:38:07.309+0600][39.290s][info][gc,heap     ] GC(35)      Free:      802M (40%)         142M (7%)          154M (8%)          898M (45%)         898M (45%)         142M (7%)     
[2026-04-03T03:38:07.309+0600][39.290s][info][gc,heap     ] GC(35)      Used:     1198M (60%)        1858M (93%)        1846M (92%)        1102M (55%)        1858M (93%)        1102M (55%)    
[2026-04-03T03:38:07.309+0600][39.290s][info][gc,heap     ] GC(35)      Live:         -               397M (20%)         397M (20%)         397M (20%)            -                  -          
[2026-04-03T03:38:07.309+0600][39.290s][info][gc,heap     ] GC(35) Allocated:         -               660M (33%)         660M (33%)         658M (33%)            -                  -          
[2026-04-03T03:38:07.309+0600][39.290s][info][gc,heap     ] GC(35)   Garbage:         -               800M (40%)         788M (39%)          45M (2%)             -                  -          
[2026-04-03T03:38:07.309+0600][39.290s][info][gc,heap     ] GC(35) Reclaimed:         -                  -                12M (1%)          754M (38%)            -                  -          
[2026-04-03T03:38:07.309+0600][39.290s][info][gc          ] GC(35) Garbage Collection (Allocation Rate) 1198M(60%)->1102M(55%)
[2026-04-03T03:38:07.326+0600][39.307s][info][gc,start    ] GC(36) Garbage Collection (Allocation Rate)
[2026-04-03T03:38:07.326+0600][39.307s][info][gc,task     ] GC(36) Using 3 workers
[2026-04-03T03:38:07.326+0600][39.307s][info][gc,phases   ] GC(36) Pause Mark Start 0.031ms
[2026-04-03T03:38:08.127+0600][40.108s][info][gc,stats    ] === Garbage Collection Statistics =======================================================================================================================
[2026-04-03T03:38:08.127+0600][40.108s][info][gc,stats    ]                                                              Last 10s              Last 10m              Last 10h                Total
[2026-04-03T03:38:08.127+0600][40.108s][info][gc,stats    ]                                                              Avg / Max             Avg / Max             Avg / Max             Avg / Max
[2026-04-03T03:38:08.127+0600][40.108s][info][gc,stats    ]   Collector: Garbage Collection Cycle                    585.750 / 1183.178    496.908 / 1704.462    496.908 / 1704.462    496.908 / 1704.462    ms
[2026-04-03T03:38:08.127+0600][40.108s][info][gc,stats    ]  Contention: Mark Segment Reset Contention                     8 / 52                4 / 52                4 / 52                4 / 52          ops/s
[2026-04-03T03:38:08.127+0600][40.108s][info][gc,stats    ]  Contention: Mark SeqNum Reset Contention                      0 / 1                 0 / 1                 0 / 1                 0 / 1           ops/s
[2026-04-03T03:38:08.127+0600][40.108s][info][gc,stats    ]    Critical: Allocation Stall                                  0 / 0                 0 / 6                 0 / 6                 0 / 6           ops/s
[2026-04-03T03:38:08.127+0600][40.108s][info][gc,stats    ]    Critical: Allocation Stall                              0.000 / 0.000       158.308 / 376.543     158.308 / 376.543     158.308 / 376.543     ms
[2026-04-03T03:38:08.127+0600][40.108s][info][gc,stats    ]    Critical: GC Locker Stall                                   0 / 0                 0 / 2                 0 / 2                 0 / 2           ops/s
[2026-04-03T03:38:08.127+0600][40.108s][info][gc,stats    ]    Critical: GC Locker Stall                               0.000 / 0.000         0.001 / 0.001         0.001 / 0.001         0.001 / 0.001       ms
[2026-04-03T03:38:08.127+0600][40.108s][info][gc,stats    ]    Critical: Relocation Stall                                  0 / 0                 0 / 0                 0 / 0                 0 / 0           ops/s
[2026-04-03T03:38:08.127+0600][40.108s][info][gc,stats    ]    Critical: Relocation Stall                              0.000 / 0.000         0.000 / 0.000         0.000 / 0.000         0.000 / 0.000       ms
[2026-04-03T03:38:08.127+0600][40.108s][info][gc,stats    ]      Memory: Allocation Rate                                 595 / 1024            508 / 2552            508 / 2552            508 / 2552        MB/s
[2026-04-03T03:38:08.127+0600][40.108s][info][gc,stats    ]      Memory: Defragment                                        3 / 34                4 / 34                4 / 34                4 / 34          ops/s
[2026-04-03T03:38:08.127+0600][40.108s][info][gc,stats    ]      Memory: Out Of Memory                                     0 / 0                 0 / 0                 0 / 0                 0 / 0           ops/s
[2026-04-03T03:38:08.127+0600][40.108s][info][gc,stats    ]      Memory: Page Cache Flush                                 37 / 198              22 / 198              22 / 198              22 / 198         MB/s
[2026-04-03T03:38:08.127+0600][40.108s][info][gc,stats    ]      Memory: Page Cache Hit L1                               276 / 472             223 / 1222            223 / 1222            223 / 1222        ops/s
[2026-04-03T03:38:08.127+0600][40.108s][info][gc,stats    ]      Memory: Page Cache Hit L2                                 0 / 0                 0 / 0                 0 / 0                 0 / 0           ops/s
[2026-04-03T03:38:08.127+0600][40.108s][info][gc,stats    ]      Memory: Page Cache Hit L3                                 5 / 25                7 / 105               7 / 105               7 / 105         ops/s
[2026-04-03T03:38:08.127+0600][40.108s][info][gc,stats    ]      Memory: Page Cache Miss                                   1 / 11               18 / 247              18 / 247              18 / 247         ops/s
[2026-04-03T03:38:08.127+0600][40.108s][info][gc,stats    ]      Memory: Uncommit                                          0 / 0                 0 / 0                 0 / 0                 0 / 0           MB/s
[2026-04-03T03:38:08.128+0600][40.108s][info][gc,stats    ]      Memory: Undo Object Allocation Failed                     0 / 0                 0 / 0                 0 / 0                 0 / 0           ops/s
[2026-04-03T03:38:08.128+0600][40.108s][info][gc,stats    ]      Memory: Undo Object Allocation Succeeded                  0 / 4                 0 / 4                 0 / 4                 0 / 4           ops/s
[2026-04-03T03:38:08.128+0600][40.108s][info][gc,stats    ]      Memory: Undo Page Allocation                              0 / 1                 0 / 3                 0 / 3                 0 / 3           ops/s
[2026-04-03T03:38:08.128+0600][40.108s][info][gc,stats    ]       Phase: Concurrent Mark                             494.871 / 1055.880    413.890 / 1119.559    413.890 / 1119.559    413.890 / 1119.559    ms
[2026-04-03T03:38:08.128+0600][40.108s][info][gc,stats    ]       Phase: Concurrent Mark Continue                      0.000 / 0.000         0.000 / 0.000         0.000 / 0.000         0.000 / 0.000       ms
[2026-04-03T03:38:08.128+0600][40.108s][info][gc,stats    ]       Phase: Concurrent Mark Free                          0.003 / 0.003         0.002 / 0.005         0.002 / 0.005         0.002 / 0.005       ms
[2026-04-03T03:38:08.128+0600][40.108s][info][gc,stats    ]       Phase: Concurrent Process Non-Strong References     12.629 / 29.628       10.576 / 29.628       10.576 / 29.628       10.576 / 29.628      ms
[2026-04-03T03:38:08.128+0600][40.108s][info][gc,stats    ]       Phase: Concurrent Relocate                          61.029 / 171.779      58.875 / 596.279      58.875 / 596.279      58.875 / 596.279     ms
[2026-04-03T03:38:08.128+0600][40.108s][info][gc,stats    ]       Phase: Concurrent Reset Relocation Set               0.035 / 0.145         0.026 / 0.145         0.026 / 0.145         0.026 / 0.145       ms
[2026-04-03T03:38:08.128+0600][40.108s][info][gc,stats    ]       Phase: Concurrent Select Relocation Set             15.384 / 50.663       11.864 / 109.519      11.864 / 109.519      11.864 / 109.519     ms
[2026-04-03T03:38:08.128+0600][40.108s][info][gc,stats    ]       Phase: Pause Mark End                                0.036 / 0.052         0.030 / 0.057         0.030 / 0.057         0.030 / 0.057       ms
[2026-04-03T03:38:08.128+0600][40.108s][info][gc,stats    ]       Phase: Pause Mark Start                              0.016 / 0.036         0.021 / 0.140         0.021 / 0.140         0.021 / 0.140       ms
[2026-04-03T03:38:08.128+0600][40.108s][info][gc,stats    ]       Phase: Pause Relocate Start                          0.021 / 0.057         0.019 / 0.057         0.019 / 0.057         0.019 / 0.057       ms
[2026-04-03T03:38:08.128+0600][40.108s][info][gc,stats    ]    Subphase: Concurrent Classes Purge                      0.137 / 0.424         0.185 / 0.637         0.185 / 0.637         0.185 / 0.637       ms
[2026-04-03T03:38:08.128+0600][40.108s][info][gc,stats    ]    Subphase: Concurrent Classes Unlink                    10.513 / 27.059        8.575 / 27.059        8.575 / 27.059        8.575 / 27.059      ms
[2026-04-03T03:38:08.128+0600][40.108s][info][gc,stats    ]    Subphase: Concurrent Mark                             493.347 / 1054.598    415.338 / 1118.381    415.338 / 1118.381    415.338 / 1118.381    ms
[2026-04-03T03:38:08.128+0600][40.108s][info][gc,stats    ]    Subphase: Concurrent Mark Try Flush                     0.250 / 0.520         0.236 / 1.251         0.236 / 1.251         0.236 / 1.251       ms
[2026-04-03T03:38:08.128+0600][40.108s][info][gc,stats    ]    Subphase: Concurrent Mark Try Terminate                 0.969 / 1.232         1.087 / 1.243         1.087 / 1.243         1.087 / 1.243       ms
[2026-04-03T03:38:08.128+0600][40.108s][info][gc,stats    ]    Subphase: Concurrent References Enqueue                 0.006 / 0.013         0.005 / 0.016         0.005 / 0.016         0.005 / 0.016       ms
[2026-04-03T03:38:08.128+0600][40.108s][info][gc,stats    ]    Subphase: Concurrent References Process                 0.430 / 0.629         0.387 / 0.762         0.387 / 0.762         0.387 / 0.762       ms
[2026-04-03T03:38:08.128+0600][40.108s][info][gc,stats    ]    Subphase: Concurrent Roots ClassLoaderDataGraph         0.267 / 0.648         0.251 / 0.740         0.251 / 0.740         0.251 / 0.740       ms
[2026-04-03T03:38:08.128+0600][40.108s][info][gc,stats    ]    Subphase: Concurrent Roots CodeCache                    0.000 / 0.000         0.000 / 0.000         0.000 / 0.000         0.000 / 0.000       ms
[2026-04-03T03:38:08.128+0600][40.109s][info][gc,stats    ]    Subphase: Concurrent Roots JavaThreads                  0.509 / 1.491         0.508 / 1.963         0.508 / 1.963         0.508 / 1.963       ms
[2026-04-03T03:38:08.128+0600][40.109s][info][gc,stats    ]    Subphase: Concurrent Roots OopStorageSet                0.048 / 0.094         0.050 / 0.147         0.050 / 0.147         0.050 / 0.147       ms
[2026-04-03T03:38:08.128+0600][40.109s][info][gc,stats    ]    Subphase: Concurrent Weak Roots OopStorageSet           0.853 / 1.165         0.852 / 1.884         0.852 / 1.884         0.852 / 1.884       ms
[2026-04-03T03:38:08.128+0600][40.109s][info][gc,stats    ]    Subphase: Pause Mark Try Complete                       0.000 / 0.000         0.000 / 0.000         0.000 / 0.000         0.000 / 0.000       ms
[2026-04-03T03:38:08.128+0600][40.109s][info][gc,stats    ]      System: Java Threads                                    110 / 134              76 / 134              76 / 134              76 / 134         threads
[2026-04-03T03:38:08.128+0600][40.109s][info][gc,stats    ] =========================================================================================================================================================
[2026-04-03T03:38:08.188+0600][40.169s][info][gc,phases   ] GC(36) Concurrent Mark 861.982ms
[2026-04-03T03:38:08.189+0600][40.169s][info][gc,phases   ] GC(36) Pause Mark End 0.026ms
[2026-04-03T03:38:08.189+0600][40.170s][info][gc,phases   ] GC(36) Concurrent Mark Free 0.004ms
[2026-04-03T03:38:08.197+0600][40.178s][info][gc,phases   ] GC(36) Concurrent Process Non-Strong References 8.463ms
[2026-04-03T03:38:08.198+0600][40.178s][info][gc,phases   ] GC(36) Concurrent Reset Relocation Set 0.047ms
[2026-04-03T03:38:08.206+0600][40.187s][info][gc,phases   ] GC(36) Concurrent Select Relocation Set 8.459ms
[2026-04-03T03:38:08.207+0600][40.187s][info][gc,phases   ] GC(36) Pause Relocate Start 0.019ms
[2026-04-03T03:38:08.285+0600][40.265s][info][gc,phases   ] GC(36) Concurrent Relocate 77.880ms
[2026-04-03T03:38:08.285+0600][40.265s][info][gc,load     ] GC(36) Load: 4.39/4.36/4.68
[2026-04-03T03:38:08.285+0600][40.265s][info][gc,mmu      ] GC(36) MMU: 2ms/93.0%, 5ms/97.2%, 10ms/98.6%, 20ms/99.3%, 50ms/99.7%, 100ms/99.9%
[2026-04-03T03:38:08.285+0600][40.266s][info][gc,marking  ] GC(36) Mark: 2 stripe(s), 3 proactive flush(es), 1 terminate flush(es), 0 completion(s), 0 continuation(s) 
[2026-04-03T03:38:08.285+0600][40.266s][info][gc,marking  ] GC(36) Mark Stack Usage: 32M
[2026-04-03T03:38:08.285+0600][40.266s][info][gc,nmethod  ] GC(36) NMethods: 6531 registered, 575 unregistered
[2026-04-03T03:38:08.285+0600][40.266s][info][gc,metaspace] GC(36) Metaspace: 70M used, 71M committed, 1088M reserved
[2026-04-03T03:38:08.285+0600][40.266s][info][gc,ref      ] GC(36) Soft: 3413 encountered, 0 discovered, 0 enqueued
[2026-04-03T03:38:08.285+0600][40.266s][info][gc,ref      ] GC(36) Weak: 6313 encountered, 1468 discovered, 0 enqueued
[2026-04-03T03:38:08.285+0600][40.266s][info][gc,ref      ] GC(36) Final: 84 encountered, 2 discovered, 0 enqueued
[2026-04-03T03:38:08.285+0600][40.266s][info][gc,ref      ] GC(36) Phantom: 598 encountered, 507 discovered, 0 enqueued
[2026-04-03T03:38:08.285+0600][40.266s][info][gc,reloc    ] GC(36) Small Pages: 462 / 924M, Empty: 80M, Relocated: 40M, In-Place: 0
[2026-04-03T03:38:08.285+0600][40.266s][info][gc,reloc    ] GC(36) Medium Pages: 2 / 64M, Empty: 0M, Relocated: 15M, In-Place: 0
[2026-04-03T03:38:08.285+0600][40.266s][info][gc,reloc    ] GC(36) Large Pages: 9 / 114M, Empty: 60M, Relocated: 0M, In-Place: 0
[2026-04-03T03:38:08.285+0600][40.266s][info][gc,reloc    ] GC(36) Forwarding Usage: 35M
[2026-04-03T03:38:08.285+0600][40.266s][info][gc,heap     ] GC(36) Min Capacity: 8M(0%)
[2026-04-03T03:38:08.285+0600][40.266s][info][gc,heap     ] GC(36) Max Capacity: 2000M(100%)
[2026-04-03T03:38:08.285+0600][40.266s][info][gc,heap     ] GC(36) Soft Max Capacity: 2000M(100%)
[2026-04-03T03:38:08.285+0600][40.266s][info][gc,heap     ] GC(36)                Mark Start          Mark End        Relocate Start      Relocate End           High               Low         
[2026-04-03T03:38:08.285+0600][40.266s][info][gc,heap     ] GC(36)  Capacity:     2000M (100%)       2000M (100%)       2000M (100%)       2000M (100%)       2000M (100%)       2000M (100%)   
[2026-04-03T03:38:08.285+0600][40.266s][info][gc,heap     ] GC(36)      Free:      898M (45%)         794M (40%)         930M (46%)        1470M (74%)        1470M (74%)         792M (40%)    
[2026-04-03T03:38:08.285+0600][40.266s][info][gc,heap     ] GC(36)      Used:     1102M (55%)        1206M (60%)        1070M (54%)         530M (26%)        1208M (60%)         530M (26%)    
[2026-04-03T03:38:08.285+0600][40.266s][info][gc,heap     ] GC(36)      Live:         -               312M (16%)         312M (16%)         312M (16%)            -                  -          
[2026-04-03T03:38:08.285+0600][40.266s][info][gc,heap     ] GC(36) Allocated:         -               104M (5%)          108M (5%)          167M (8%)             -                  -          
[2026-04-03T03:38:08.285+0600][40.266s][info][gc,heap     ] GC(36)   Garbage:         -               789M (39%)         649M (32%)          49M (2%)             -                  -          
[2026-04-03T03:38:08.285+0600][40.266s][info][gc,heap     ] GC(36) Reclaimed:         -                  -               140M (7%)          739M (37%)            -                  -          
[2026-04-03T03:38:08.285+0600][40.266s][info][gc          ] GC(36) Garbage Collection (Allocation Rate) 1102M(55%)->530M(26%)
[2026-04-03T03:38:08.327+0600][40.307s][info][gc,start    ] GC(37) Garbage Collection (Allocation Rate)
[2026-04-03T03:38:08.327+0600][40.307s][info][gc,task     ] GC(37) Using 3 workers
[2026-04-03T03:38:08.327+0600][40.308s][info][gc,phases   ] GC(37) Pause Mark Start 0.022ms
[2026-04-03T03:38:08.705+0600][40.686s][info][gc,phases   ] GC(37) Concurrent Mark 378.135ms
[2026-04-03T03:38:08.706+0600][40.686s][info][gc,phases   ] GC(37) Pause Mark End 0.036ms
[2026-04-03T03:38:08.706+0600][40.686s][info][gc,phases   ] GC(37) Concurrent Mark Free 0.002ms
[2026-04-03T03:38:08.715+0600][40.695s][info][gc,phases   ] GC(37) Concurrent Process Non-Strong References 8.845ms
[2026-04-03T03:38:08.715+0600][40.696s][info][gc,phases   ] GC(37) Concurrent Reset Relocation Set 0.072ms
[2026-04-03T03:38:08.723+0600][40.704s][info][gc,phases   ] GC(37) Concurrent Select Relocation Set 8.251ms
[2026-04-03T03:38:08.724+0600][40.704s][info][gc,phases   ] GC(37) Pause Relocate Start 0.019ms
[2026-04-03T03:38:08.750+0600][40.731s][info][gc,phases   ] GC(37) Concurrent Relocate 26.410ms
[2026-04-03T03:38:08.751+0600][40.731s][info][gc,load     ] GC(37) Load: 4.39/4.36/4.68
[2026-04-03T03:38:08.751+0600][40.731s][info][gc,mmu      ] GC(37) MMU: 2ms/93.0%, 5ms/97.2%, 10ms/98.6%, 20ms/99.3%, 50ms/99.7%, 100ms/99.9%
[2026-04-03T03:38:08.751+0600][40.731s][info][gc,marking  ] GC(37) Mark: 2 stripe(s), 10 proactive flush(es), 1 terminate flush(es), 0 completion(s), 0 continuation(s) 
[2026-04-03T03:38:08.751+0600][40.731s][info][gc,marking  ] GC(37) Mark Stack Usage: 32M
[2026-04-03T03:38:08.751+0600][40.731s][info][gc,nmethod  ] GC(37) NMethods: 6509 registered, 602 unregistered
[2026-04-03T03:38:08.751+0600][40.731s][info][gc,metaspace] GC(37) Metaspace: 70M used, 71M committed, 1088M reserved
[2026-04-03T03:38:08.751+0600][40.731s][info][gc,ref      ] GC(37) Soft: 3413 encountered, 0 discovered, 0 enqueued
[2026-04-03T03:38:08.751+0600][40.731s][info][gc,ref      ] GC(37) Weak: 6566 encountered, 1918 discovered, 91 enqueued
[2026-04-03T03:38:08.751+0600][40.731s][info][gc,ref      ] GC(37) Final: 84 encountered, 2 discovered, 0 enqueued
[2026-04-03T03:38:08.751+0600][40.731s][info][gc,ref      ] GC(37) Phantom: 601 encountered, 408 discovered, 0 enqueued
[2026-04-03T03:38:08.751+0600][40.731s][info][gc,reloc    ] GC(37) Small Pages: 212 / 424M, Empty: 114M, Relocated: 15M, In-Place: 0
[2026-04-03T03:38:08.751+0600][40.731s][info][gc,reloc    ] GC(37) Medium Pages: 2 / 64M, Empty: 0M, Relocated: 15M, In-Place: 0
[2026-04-03T03:38:08.751+0600][40.731s][info][gc,reloc    ] GC(37) Large Pages: 7 / 78M, Empty: 60M, Relocated: 0M, In-Place: 0
[2026-04-03T03:38:08.751+0600][40.732s][info][gc,reloc    ] GC(37) Forwarding Usage: 15M
[2026-04-03T03:38:08.751+0600][40.732s][info][gc,heap     ] GC(37) Min Capacity: 8M(0%)
[2026-04-03T03:38:08.751+0600][40.732s][info][gc,heap     ] GC(37) Max Capacity: 2000M(100%)
[2026-04-03T03:38:08.751+0600][40.732s][info][gc,heap     ] GC(37) Soft Max Capacity: 2000M(100%)
[2026-04-03T03:38:08.751+0600][40.732s][info][gc,heap     ] GC(37)                Mark Start          Mark End        Relocate Start      Relocate End           High               Low         
[2026-04-03T03:38:08.751+0600][40.732s][info][gc,heap     ] GC(37)  Capacity:     2000M (100%)       2000M (100%)       2000M (100%)       2000M (100%)       2000M (100%)       2000M (100%)   
[2026-04-03T03:38:08.751+0600][40.732s][info][gc,heap     ] GC(37)      Free:     1434M (72%)        1214M (61%)        1362M (68%)        1494M (75%)        1494M (75%)        1192M (60%)    
[2026-04-03T03:38:08.751+0600][40.732s][info][gc,heap     ] GC(37)      Used:      566M (28%)         786M (39%)         638M (32%)         506M (25%)         808M (40%)         506M (25%)    
[2026-04-03T03:38:08.751+0600][40.732s][info][gc,heap     ] GC(37)      Live:         -               204M (10%)         204M (10%)         204M (10%)            -                  -          
[2026-04-03T03:38:08.751+0600][40.732s][info][gc,heap     ] GC(37) Allocated:         -               220M (11%)         246M (12%)         266M (13%)            -                  -          
[2026-04-03T03:38:08.751+0600][40.732s][info][gc,heap     ] GC(37)   Garbage:         -               361M (18%)         187M (9%)           35M (2%)             -                  -          
[2026-04-03T03:38:08.751+0600][40.732s][info][gc,heap     ] GC(37) Reclaimed:         -                  -               174M (9%)          326M (16%)            -                  -          
[2026-04-03T03:38:08.751+0600][40.732s][info][gc          ] GC(37) Garbage Collection (Allocation Rate) 566M(28%)->506M(25%)
[2026-04-03T03:38:08.826+0600][40.807s][info][gc,start    ] GC(38) Garbage Collection (Allocation Rate)
[2026-04-03T03:38:08.827+0600][40.807s][info][gc,task     ] GC(38) Using 3 workers
[2026-04-03T03:38:08.827+0600][40.807s][info][gc,phases   ] GC(38) Pause Mark Start 0.017ms
[2026-04-03T03:38:09.383+0600][41.364s][info][gc,phases   ] GC(38) Concurrent Mark 556.451ms
[2026-04-03T03:38:09.384+0600][41.364s][info][gc,phases   ] GC(38) Pause Mark End 0.038ms
[2026-04-03T03:38:09.384+0600][41.364s][info][gc,phases   ] GC(38) Concurrent Mark Free 0.002ms
[2026-04-03T03:38:09.393+0600][41.374s][info][gc,phases   ] GC(38) Concurrent Process Non-Strong References 9.622ms
[2026-04-03T03:38:09.394+0600][41.374s][info][gc,phases   ] GC(38) Concurrent Reset Relocation Set 0.022ms
[2026-04-03T03:38:09.414+0600][41.395s][info][gc,phases   ] GC(38) Concurrent Select Relocation Set 20.245ms
[2026-04-03T03:38:09.414+0600][41.395s][info][gc,phases   ] GC(38) Pause Relocate Start 0.018ms
[2026-04-03T03:38:09.505+0600][41.486s][info][gc,phases   ] GC(38) Concurrent Relocate 90.606ms
[2026-04-03T03:38:09.505+0600][41.486s][info][gc,load     ] GC(38) Load: 4.39/4.36/4.68
[2026-04-03T03:38:09.505+0600][41.486s][info][gc,mmu      ] GC(38) MMU: 2ms/93.0%, 5ms/97.2%, 10ms/98.6%, 20ms/99.3%, 50ms/99.7%, 100ms/99.9%
[2026-04-03T03:38:09.505+0600][41.486s][info][gc,marking  ] GC(38) Mark: 2 stripe(s), 4 proactive flush(es), 1 terminate flush(es), 0 completion(s), 0 continuation(s) 
[2026-04-03T03:38:09.505+0600][41.486s][info][gc,marking  ] GC(38) Mark Stack Usage: 32M
[2026-04-03T03:38:09.505+0600][41.486s][info][gc,nmethod  ] GC(38) NMethods: 6514 registered, 602 unregistered
[2026-04-03T03:38:09.505+0600][41.486s][info][gc,metaspace] GC(38) Metaspace: 70M used, 71M committed, 1088M reserved
[2026-04-03T03:38:09.505+0600][41.486s][info][gc,ref      ] GC(38) Soft: 3416 encountered, 0 discovered, 0 enqueued
[2026-04-03T03:38:09.505+0600][41.486s][info][gc,ref      ] GC(38) Weak: 6484 encountered, 1838 discovered, 78 enqueued
[2026-04-03T03:38:09.505+0600][41.486s][info][gc,ref      ] GC(38) Final: 84 encountered, 66 discovered, 0 enqueued
[2026-04-03T03:38:09.505+0600][41.486s][info][gc,ref      ] GC(38) Phantom: 598 encountered, 420 discovered, 0 enqueued
[2026-04-03T03:38:09.505+0600][41.486s][info][gc,reloc    ] GC(38) Small Pages: 241 / 482M, Empty: 0M, Relocated: 66M, In-Place: 0
[2026-04-03T03:38:09.505+0600][41.486s][info][gc,reloc    ] GC(38) Medium Pages: 2 / 64M, Empty: 0M, Relocated: 13M, In-Place: 0
[2026-04-03T03:38:09.505+0600][41.486s][info][gc,reloc    ] GC(38) Large Pages: 9 / 70M, Empty: 24M, Relocated: 0M, In-Place: 0
[2026-04-03T03:38:09.505+0600][41.486s][info][gc,reloc    ] GC(38) Forwarding Usage: 46M
[2026-04-03T03:38:09.505+0600][41.486s][info][gc,heap     ] GC(38) Min Capacity: 8M(0%)
[2026-04-03T03:38:09.505+0600][41.486s][info][gc,heap     ] GC(38) Max Capacity: 2000M(100%)
[2026-04-03T03:38:09.505+0600][41.486s][info][gc,heap     ] GC(38) Soft Max Capacity: 2000M(100%)
[2026-04-03T03:38:09.505+0600][41.486s][info][gc,heap     ] GC(38)                Mark Start          Mark End        Relocate Start      Relocate End           High               Low         
[2026-04-03T03:38:09.505+0600][41.486s][info][gc,heap     ] GC(38)  Capacity:     2000M (100%)       2000M (100%)       2000M (100%)       2000M (100%)       2000M (100%)       2000M (100%)   
[2026-04-03T03:38:09.505+0600][41.486s][info][gc,heap     ] GC(38)      Free:     1384M (69%)         888M (44%)         874M (44%)        1062M (53%)        1384M (69%)         836M (42%)    
[2026-04-03T03:38:09.505+0600][41.486s][info][gc,heap     ] GC(38)      Used:      616M (31%)        1112M (56%)        1126M (56%)         938M (47%)        1164M (58%)         616M (31%)    
[2026-04-03T03:38:09.505+0600][41.486s][info][gc,heap     ] GC(38)      Live:         -               291M (15%)         291M (15%)         291M (15%)            -                  -          
[2026-04-03T03:38:09.505+0600][41.486s][info][gc,heap     ] GC(38) Allocated:         -               496M (25%)         534M (27%)         604M (30%)            -                  -          
[2026-04-03T03:38:09.505+0600][41.486s][info][gc,heap     ] GC(38)   Garbage:         -               324M (16%)         300M (15%)          41M (2%)             -                  -          
[2026-04-03T03:38:09.505+0600][41.486s][info][gc,heap     ] GC(38) Reclaimed:         -                  -                24M (1%)          282M (14%)            -                  -          
[2026-04-03T03:38:09.505+0600][41.486s][info][gc          ] GC(38) Garbage Collection (Allocation Rate) 616M(31%)->938M(47%)
[2026-04-03T03:38:09.526+0600][41.507s][info][gc,start    ] GC(39) Garbage Collection (Allocation Rate)
[2026-04-03T03:38:09.527+0600][41.507s][info][gc,task     ] GC(39) Using 3 workers
[2026-04-03T03:38:09.527+0600][41.508s][info][gc,phases   ] GC(39) Pause Mark Start 0.013ms
[2026-04-03T03:38:10.191+0600][42.172s][info][gc,phases   ] GC(39) Concurrent Mark 663.817ms
[2026-04-03T03:38:10.191+0600][42.172s][info][gc,phases   ] GC(39) Pause Mark End 0.038ms
[2026-04-03T03:38:10.191+0600][42.172s][info][gc,phases   ] GC(39) Concurrent Mark Free 0.005ms
[2026-04-03T03:38:10.202+0600][42.183s][info][gc,phases   ] GC(39) Concurrent Process Non-Strong References 10.605ms
[2026-04-03T03:38:10.202+0600][42.183s][info][gc,phases   ] GC(39) Concurrent Reset Relocation Set 0.041ms
[2026-04-03T03:38:10.220+0600][42.201s][info][gc,phases   ] GC(39) Concurrent Select Relocation Set 17.810ms
[2026-04-03T03:38:10.220+0600][42.201s][info][gc,phases   ] GC(39) Pause Relocate Start 0.021ms
[2026-04-03T03:38:10.342+0600][42.323s][info][gc,phases   ] GC(39) Concurrent Relocate 121.503ms
[2026-04-03T03:38:10.342+0600][42.323s][info][gc,load     ] GC(39) Load: 4.39/4.36/4.68
[2026-04-03T03:38:10.342+0600][42.323s][info][gc,mmu      ] GC(39) MMU: 2ms/93.0%, 5ms/97.2%, 10ms/98.6%, 20ms/99.3%, 50ms/99.7%, 100ms/99.9%
[2026-04-03T03:38:10.342+0600][42.323s][info][gc,marking  ] GC(39) Mark: 2 stripe(s), 4 proactive flush(es), 1 terminate flush(es), 0 completion(s), 0 continuation(s) 
[2026-04-03T03:38:10.343+0600][42.323s][info][gc,marking  ] GC(39) Mark Stack Usage: 32M
[2026-04-03T03:38:10.343+0600][42.323s][info][gc,nmethod  ] GC(39) NMethods: 6513 registered, 603 unregistered
[2026-04-03T03:38:10.343+0600][42.323s][info][gc,metaspace] GC(39) Metaspace: 70M used, 71M committed, 1088M reserved
[2026-04-03T03:38:10.343+0600][42.323s][info][gc,ref      ] GC(39) Soft: 3416 encountered, 0 discovered, 0 enqueued
[2026-04-03T03:38:10.343+0600][42.323s][info][gc,ref      ] GC(39) Weak: 6406 encountered, 1253 discovered, 0 enqueued
[2026-04-03T03:38:10.343+0600][42.323s][info][gc,ref      ] GC(39) Final: 84 encountered, 2 discovered, 0 enqueued
[2026-04-03T03:38:10.343+0600][42.323s][info][gc,ref      ] GC(39) Phantom: 598 encountered, 373 discovered, 0 enqueued
[2026-04-03T03:38:10.343+0600][42.323s][info][gc,reloc    ] GC(39) Small Pages: 406 / 812M, Empty: 0M, Relocated: 94M, In-Place: 0
[2026-04-03T03:38:10.343+0600][42.323s][info][gc,reloc    ] GC(39) Medium Pages: 2 / 64M, Empty: 0M, Relocated: 13M, In-Place: 0
[2026-04-03T03:38:10.343+0600][42.323s][info][gc,reloc    ] GC(39) Large Pages: 11 / 90M, Empty: 42M, Relocated: 0M, In-Place: 0
[2026-04-03T03:38:10.343+0600][42.323s][info][gc,reloc    ] GC(39) Forwarding Usage: 63M
[2026-04-03T03:38:10.343+0600][42.323s][info][gc,heap     ] GC(39) Min Capacity: 8M(0%)
[2026-04-03T03:38:10.343+0600][42.323s][info][gc,heap     ] GC(39) Max Capacity: 2000M(100%)
[2026-04-03T03:38:10.343+0600][42.323s][info][gc,heap     ] GC(39) Soft Max Capacity: 2000M(100%)
[2026-04-03T03:38:10.343+0600][42.323s][info][gc,heap     ] GC(39)                Mark Start          Mark End        Relocate Start      Relocate End           High               Low         
[2026-04-03T03:38:10.343+0600][42.323s][info][gc,heap     ] GC(39)  Capacity:     2000M (100%)       2000M (100%)       2000M (100%)       2000M (100%)       2000M (100%)       2000M (100%)   
[2026-04-03T03:38:10.343+0600][42.324s][info][gc,heap     ] GC(39)      Free:     1034M (52%)         492M (25%)         508M (25%)         978M (49%)        1034M (52%)         474M (24%)    
[2026-04-03T03:38:10.343+0600][42.324s][info][gc,heap     ] GC(39)      Used:      966M (48%)        1508M (75%)        1492M (75%)        1022M (51%)        1526M (76%)         966M (48%)    
[2026-04-03T03:38:10.343+0600][42.324s][info][gc,heap     ] GC(39)      Live:         -               347M (17%)         347M (17%)         347M (17%)            -                  -          
[2026-04-03T03:38:10.343+0600][42.324s][info][gc,heap     ] GC(39) Allocated:         -               542M (27%)         568M (28%)         631M (32%)            -                  -          
[2026-04-03T03:38:10.343+0600][42.324s][info][gc,heap     ] GC(39)   Garbage:         -               618M (31%)         576M (29%)          42M (2%)             -                  -          
[2026-04-03T03:38:10.343+0600][42.324s][info][gc,heap     ] GC(39) Reclaimed:         -                  -                42M (2%)          575M (29%)            -                  -          
[2026-04-03T03:38:10.343+0600][42.324s][info][gc          ] GC(39) Garbage Collection (Allocation Rate) 966M(48%)->1022M(51%)
[2026-04-03T03:38:10.426+0600][42.407s][info][gc,start    ] GC(40) Garbage Collection (Allocation Rate)
[2026-04-03T03:38:10.426+0600][42.407s][info][gc,task     ] GC(40) Using 3 workers
[2026-04-03T03:38:10.426+0600][42.407s][info][gc,phases   ] GC(40) Pause Mark Start 0.012ms
[2026-04-03T03:38:11.411+0600][43.392s][info][gc,phases   ] GC(40) Concurrent Mark 984.550ms
[2026-04-03T03:38:11.411+0600][43.392s][info][gc,phases   ] GC(40) Pause Mark End 0.032ms
[2026-04-03T03:38:11.411+0600][43.392s][info][gc,phases   ] GC(40) Concurrent Mark Free 0.002ms
[2026-04-03T03:38:11.421+0600][43.402s][info][gc,phases   ] GC(40) Concurrent Process Non-Strong References 9.973ms
[2026-04-03T03:38:11.422+0600][43.402s][info][gc,phases   ] GC(40) Concurrent Reset Relocation Set 0.115ms
[2026-04-03T03:38:11.434+0600][43.414s][info][gc,phases   ] GC(40) Concurrent Select Relocation Set 11.837ms
[2026-04-03T03:38:11.434+0600][43.415s][info][gc,phases   ] GC(40) Pause Relocate Start 0.021ms
[2026-04-03T03:38:11.530+0600][43.511s][info][gc,phases   ] GC(40) Concurrent Relocate 96.204ms
[2026-04-03T03:38:11.531+0600][43.511s][info][gc,load     ] GC(40) Load: 4.52/4.38/4.69
[2026-04-03T03:38:11.531+0600][43.511s][info][gc,mmu      ] GC(40) MMU: 2ms/93.0%, 5ms/97.2%, 10ms/98.6%, 20ms/99.3%, 50ms/99.7%, 100ms/99.9%
[2026-04-03T03:38:11.531+0600][43.511s][info][gc,marking  ] GC(40) Mark: 2 stripe(s), 2 proactive flush(es), 1 terminate flush(es), 0 completion(s), 0 continuation(s) 
[2026-04-03T03:38:11.531+0600][43.511s][info][gc,marking  ] GC(40) Mark Stack Usage: 32M
[2026-04-03T03:38:11.531+0600][43.511s][info][gc,nmethod  ] GC(40) NMethods: 6521 registered, 603 unregistered
[2026-04-03T03:38:11.531+0600][43.511s][info][gc,metaspace] GC(40) Metaspace: 70M used, 71M committed, 1088M reserved
[2026-04-03T03:38:11.531+0600][43.511s][info][gc,ref      ] GC(40) Soft: 3416 encountered, 0 discovered, 0 enqueued
[2026-04-03T03:38:11.531+0600][43.511s][info][gc,ref      ] GC(40) Weak: 6406 encountered, 1680 discovered, 0 enqueued
[2026-04-03T03:38:11.531+0600][43.511s][info][gc,ref      ] GC(40) Final: 84 encountered, 18 discovered, 0 enqueued
[2026-04-03T03:38:11.531+0600][43.511s][info][gc,ref      ] GC(40) Phantom: 598 encountered, 426 discovered, 0 enqueued
[2026-04-03T03:38:11.531+0600][43.511s][info][gc,reloc    ] GC(40) Small Pages: 492 / 984M, Empty: 0M, Relocated: 46M, In-Place: 0
[2026-04-03T03:38:11.531+0600][43.511s][info][gc,reloc    ] GC(40) Medium Pages: 1 / 32M, Empty: 0M, Relocated: 0M, In-Place: 0
[2026-04-03T03:38:11.531+0600][43.511s][info][gc,reloc    ] GC(40) Large Pages: 9 / 78M, Empty: 18M, Relocated: 0M, In-Place: 0
[2026-04-03T03:38:11.531+0600][43.511s][info][gc,reloc    ] GC(40) Forwarding Usage: 43M
[2026-04-03T03:38:11.531+0600][43.511s][info][gc,heap     ] GC(40) Min Capacity: 8M(0%)
[2026-04-03T03:38:11.531+0600][43.511s][info][gc,heap     ] GC(40) Max Capacity: 2000M(100%)
[2026-04-03T03:38:11.531+0600][43.512s][info][gc,heap     ] GC(40) Soft Max Capacity: 2000M(100%)
[2026-04-03T03:38:11.531+0600][43.512s][info][gc,heap     ] GC(40)                Mark Start          Mark End        Relocate Start      Relocate End           High               Low         
[2026-04-03T03:38:11.531+0600][43.512s][info][gc,heap     ] GC(40)  Capacity:     2000M (100%)       2000M (100%)       2000M (100%)       2000M (100%)       2000M (100%)       2000M (100%)   
[2026-04-03T03:38:11.531+0600][43.512s][info][gc,heap     ] GC(40)      Free:      906M (45%)         216M (11%)         226M (11%)         838M (42%)         906M (45%)         212M (11%)    
[2026-04-03T03:38:11.531+0600][43.512s][info][gc,heap     ] GC(40)      Used:     1094M (55%)        1784M (89%)        1774M (89%)        1162M (58%)        1788M (89%)        1094M (55%)    
[2026-04-03T03:38:11.531+0600][43.512s][info][gc,heap     ] GC(40)      Live:         -               389M (19%)         389M (19%)         389M (19%)            -                  -          
[2026-04-03T03:38:11.531+0600][43.512s][info][gc,heap     ] GC(40) Allocated:         -               690M (34%)         698M (35%)         721M (36%)            -                  -          
[2026-04-03T03:38:11.531+0600][43.512s][info][gc,heap     ] GC(40)   Garbage:         -               704M (35%)         686M (34%)          51M (3%)             -                  -          
[2026-04-03T03:38:11.531+0600][43.512s][info][gc,heap     ] GC(40) Reclaimed:         -                  -                18M (1%)          653M (33%)            -                  -          
[2026-04-03T03:38:11.531+0600][43.512s][info][gc          ] GC(40) Garbage Collection (Allocation Rate) 1094M(55%)->1162M(58%)
[2026-04-03T03:38:11.626+0600][43.606s][info][gc,start    ] GC(41) Garbage Collection (Allocation Rate)
[2026-04-03T03:38:11.626+0600][43.607s][info][gc,task     ] GC(41) Using 3 workers
[2026-04-03T03:38:11.626+0600][43.607s][info][gc,phases   ] GC(41) Pause Mark Start 0.033ms
[2026-04-03T03:38:12.413+0600][44.394s][info][gc,phases   ] GC(41) Concurrent Mark 786.582ms
[2026-04-03T03:38:12.413+0600][44.394s][info][gc,phases   ] GC(41) Pause Mark End 0.051ms
[2026-04-03T03:38:12.413+0600][44.394s][info][gc,phases   ] GC(41) Concurrent Mark Free 0.001ms
[2026-04-03T03:38:12.421+0600][44.402s][info][gc,phases   ] GC(41) Concurrent Process Non-Strong References 7.662ms
[2026-04-03T03:38:12.421+0600][44.402s][info][gc,phases   ] GC(41) Concurrent Reset Relocation Set 0.068ms
[2026-04-03T03:38:12.429+0600][44.409s][info][gc,phases   ] GC(41) Concurrent Select Relocation Set 7.374ms
[2026-04-03T03:38:12.429+0600][44.409s][info][gc,phases   ] GC(41) Pause Relocate Start 0.015ms
[2026-04-03T03:38:12.499+0600][44.480s][info][gc,phases   ] GC(41) Concurrent Relocate 70.420ms
[2026-04-03T03:38:12.500+0600][44.480s][info][gc,load     ] GC(41) Load: 4.52/4.38/4.69
[2026-04-03T03:38:12.500+0600][44.480s][info][gc,mmu      ] GC(41) MMU: 2ms/93.0%, 5ms/97.2%, 10ms/98.6%, 20ms/99.3%, 50ms/99.7%, 100ms/99.9%
[2026-04-03T03:38:12.500+0600][44.480s][info][gc,marking  ] GC(41) Mark: 2 stripe(s), 10 proactive flush(es), 1 terminate flush(es), 0 completion(s), 0 continuation(s) 
[2026-04-03T03:38:12.500+0600][44.480s][info][gc,marking  ] GC(41) Mark Stack Usage: 32M
[2026-04-03T03:38:12.500+0600][44.480s][info][gc,nmethod  ] GC(41) NMethods: 6550 registered, 604 unregistered
[2026-04-03T03:38:12.500+0600][44.480s][info][gc,metaspace] GC(41) Metaspace: 70M used, 71M committed, 1088M reserved
[2026-04-03T03:38:12.500+0600][44.480s][info][gc,ref      ] GC(41) Soft: 3416 encountered, 0 discovered, 0 enqueued
[2026-04-03T03:38:12.500+0600][44.480s][info][gc,ref      ] GC(41) Weak: 6403 encountered, 1178 discovered, 1 enqueued
[2026-04-03T03:38:12.500+0600][44.480s][info][gc,ref      ] GC(41) Final: 84 encountered, 2 discovered, 0 enqueued
[2026-04-03T03:38:12.500+0600][44.480s][info][gc,ref      ] GC(41) Phantom: 598 encountered, 518 discovered, 0 enqueued
[2026-04-03T03:38:12.500+0600][44.480s][info][gc,reloc    ] GC(41) Small Pages: 492 / 984M, Empty: 62M, Relocated: 40M, In-Place: 0
[2026-04-03T03:38:12.500+0600][44.480s][info][gc,reloc    ] GC(41) Medium Pages: 2 / 64M, Empty: 0M, Relocated: 15M, In-Place: 0
[2026-04-03T03:38:12.500+0600][44.480s][info][gc,reloc    ] GC(41) Large Pages: 9 / 114M, Empty: 60M, Relocated: 0M, In-Place: 0
[2026-04-03T03:38:12.500+0600][44.480s][info][gc,reloc    ] GC(41) Forwarding Usage: 34M
[2026-04-03T03:38:12.500+0600][44.480s][info][gc,heap     ] GC(41) Min Capacity: 8M(0%)
[2026-04-03T03:38:12.500+0600][44.480s][info][gc,heap     ] GC(41) Max Capacity: 2000M(100%)
[2026-04-03T03:38:12.500+0600][44.480s][info][gc,heap     ] GC(41) Soft Max Capacity: 2000M(100%)
[2026-04-03T03:38:12.500+0600][44.480s][info][gc,heap     ] GC(41)                Mark Start          Mark End        Relocate Start      Relocate End           High               Low         
[2026-04-03T03:38:12.500+0600][44.480s][info][gc,heap     ] GC(41)  Capacity:     2000M (100%)       2000M (100%)       2000M (100%)       2000M (100%)       2000M (100%)       2000M (100%)   
[2026-04-03T03:38:12.500+0600][44.480s][info][gc,heap     ] GC(41)      Free:      838M (42%)         752M (38%)         872M (44%)        1548M (77%)        1548M (77%)         752M (38%)    
[2026-04-03T03:38:12.500+0600][44.481s][info][gc,heap     ] GC(41)      Used:     1162M (58%)        1248M (62%)        1128M (56%)         452M (23%)        1248M (62%)         452M (23%)    
[2026-04-03T03:38:12.500+0600][44.481s][info][gc,heap     ] GC(41)      Live:         -               310M (16%)         310M (16%)         310M (16%)            -                  -          
[2026-04-03T03:38:12.500+0600][44.481s][info][gc,heap     ] GC(41) Allocated:         -                86M (4%)           88M (4%)           90M (5%)             -                  -          
[2026-04-03T03:38:12.500+0600][44.481s][info][gc,heap     ] GC(41)   Garbage:         -               851M (43%)         729M (36%)          50M (3%)             -                  -          
[2026-04-03T03:38:12.500+0600][44.481s][info][gc,heap     ] GC(41) Reclaimed:         -                  -               122M (6%)          800M (40%)            -                  -          
[2026-04-03T03:38:12.500+0600][44.481s][info][gc          ] GC(41) Garbage Collection (Allocation Rate) 1162M(58%)->452M(23%)
[2026-04-03T03:38:12.526+0600][44.507s][info][gc,start    ] GC(42) Garbage Collection (Allocation Rate)
[2026-04-03T03:38:12.526+0600][44.507s][info][gc,task     ] GC(42) Using 3 workers
[2026-04-03T03:38:12.527+0600][44.507s][info][gc,phases   ] GC(42) Pause Mark Start 0.010ms
[2026-04-03T03:38:13.008+0600][44.989s][info][gc,phases   ] GC(42) Concurrent Mark 481.375ms
[2026-04-03T03:38:13.008+0600][44.989s][info][gc,phases   ] GC(42) Pause Mark End 0.033ms
[2026-04-03T03:38:13.009+0600][44.989s][info][gc,phases   ] GC(42) Concurrent Mark Free 0.003ms
[2026-04-03T03:38:13.019+0600][45.000s][info][gc,phases   ] GC(42) Concurrent Process Non-Strong References 10.495ms
[2026-04-03T03:38:13.019+0600][45.000s][info][gc,phases   ] GC(42) Concurrent Reset Relocation Set 0.061ms
[2026-04-03T03:38:13.026+0600][45.007s][info][gc,phases   ] GC(42) Concurrent Select Relocation Set 6.526ms
[2026-04-03T03:38:13.026+0600][45.007s][info][gc,phases   ] GC(42) Pause Relocate Start 0.013ms
[2026-04-03T03:38:13.068+0600][45.049s][info][gc,phases   ] GC(42) Concurrent Relocate 41.894ms
[2026-04-03T03:38:13.068+0600][45.049s][info][gc,load     ] GC(42) Load: 4.52/4.38/4.69
[2026-04-03T03:38:13.068+0600][45.049s][info][gc,mmu      ] GC(42) MMU: 2ms/93.0%, 5ms/97.2%, 10ms/98.6%, 20ms/99.3%, 50ms/99.7%, 100ms/99.9%
[2026-04-03T03:38:13.068+0600][45.049s][info][gc,marking  ] GC(42) Mark: 2 stripe(s), 6 proactive flush(es), 1 terminate flush(es), 0 completion(s), 0 continuation(s) 
[2026-04-03T03:38:13.068+0600][45.049s][info][gc,marking  ] GC(42) Mark Stack Usage: 32M
[2026-04-03T03:38:13.068+0600][45.049s][info][gc,nmethod  ] GC(42) NMethods: 6616 registered, 606 unregistered
[2026-04-03T03:38:13.068+0600][45.049s][info][gc,metaspace] GC(42) Metaspace: 70M used, 71M committed, 1088M reserved
[2026-04-03T03:38:13.068+0600][45.049s][info][gc,ref      ] GC(42) Soft: 3411 encountered, 0 discovered, 0 enqueued
[2026-04-03T03:38:13.068+0600][45.049s][info][gc,ref      ] GC(42) Weak: 6408 encountered, 1634 discovered, 1 enqueued
[2026-04-03T03:38:13.068+0600][45.049s][info][gc,ref      ] GC(42) Final: 84 encountered, 2 discovered, 0 enqueued
[2026-04-03T03:38:13.068+0600][45.049s][info][gc,ref      ] GC(42) Phantom: 598 encountered, 485 discovered, 0 enqueued
[2026-04-03T03:38:13.068+0600][45.049s][info][gc,reloc    ] GC(42) Small Pages: 167 / 334M, Empty: 46M, Relocated: 27M, In-Place: 0
[2026-04-03T03:38:13.068+0600][45.049s][info][gc,reloc    ] GC(42) Medium Pages: 2 / 64M, Empty: 32M, Relocated: 0M, In-Place: 0
[2026-04-03T03:38:13.068+0600][45.049s][info][gc,reloc    ] GC(42) Large Pages: 3 / 54M, Empty: 36M, Relocated: 0M, In-Place: 0
[2026-04-03T03:38:13.068+0600][45.049s][info][gc,reloc    ] GC(42) Forwarding Usage: 24M
[2026-04-03T03:38:13.068+0600][45.049s][info][gc,heap     ] GC(42) Min Capacity: 8M(0%)
[2026-04-03T03:38:13.068+0600][45.049s][info][gc,heap     ] GC(42) Max Capacity: 2000M(100%)
[2026-04-03T03:38:13.068+0600][45.049s][info][gc,heap     ] GC(42) Soft Max Capacity: 2000M(100%)
[2026-04-03T03:38:13.068+0600][45.049s][info][gc,heap     ] GC(42)                Mark Start          Mark End        Relocate Start      Relocate End           High               Low         
[2026-04-03T03:38:13.068+0600][45.049s][info][gc,heap     ] GC(42)  Capacity:     2000M (100%)       2000M (100%)       2000M (100%)       2000M (100%)       2000M (100%)       2000M (100%)   
[2026-04-03T03:38:13.068+0600][45.049s][info][gc,heap     ] GC(42)      Free:     1548M (77%)        1282M (64%)        1386M (69%)        1442M (72%)        1548M (77%)        1276M (64%)    
[2026-04-03T03:38:13.069+0600][45.049s][info][gc,heap     ] GC(42)      Used:      452M (23%)         718M (36%)         614M (31%)         558M (28%)         724M (36%)         452M (23%)    
[2026-04-03T03:38:13.069+0600][45.049s][info][gc,heap     ] GC(42)      Live:         -               215M (11%)         215M (11%)         215M (11%)            -                  -          
[2026-04-03T03:38:13.069+0600][45.049s][info][gc,heap     ] GC(42) Allocated:         -               266M (13%)         276M (14%)         301M (15%)            -                  -          
[2026-04-03T03:38:13.069+0600][45.049s][info][gc,heap     ] GC(42)   Garbage:         -               236M (12%)         122M (6%)           40M (2%)             -                  -          
[2026-04-03T03:38:13.069+0600][45.049s][info][gc,heap     ] GC(42) Reclaimed:         -                  -               114M (6%)          195M (10%)            -                  -          
[2026-04-03T03:38:13.069+0600][45.049s][info][gc          ] GC(42) Garbage Collection (Allocation Rate) 452M(23%)->558M(28%)
[2026-04-03T03:38:13.226+0600][45.207s][info][gc,start    ] GC(43) Garbage Collection (Allocation Rate)
[2026-04-03T03:38:13.227+0600][45.207s][info][gc,task     ] GC(43) Using 3 workers
[2026-04-03T03:38:13.227+0600][45.207s][info][gc,phases   ] GC(43) Pause Mark Start 0.012ms
[2026-04-03T03:38:13.548+0600][45.529s][info][gc,phases   ] GC(43) Concurrent Mark 321.528ms
[2026-04-03T03:38:13.549+0600][45.530s][info][gc,phases   ] GC(43) Pause Mark End 0.042ms
[2026-04-03T03:38:13.572+0600][45.553s][info][gc,phases   ] GC(43) Concurrent Mark Free 0.005ms
[2026-04-03T03:38:13.582+0600][45.563s][info][gc,phases   ] GC(43) Concurrent Process Non-Strong References 9.863ms
[2026-04-03T03:38:13.582+0600][45.563s][info][gc,phases   ] GC(43) Concurrent Reset Relocation Set 0.008ms
[2026-04-03T03:38:13.589+0600][45.569s][info][gc,phases   ] GC(43) Concurrent Select Relocation Set 6.102ms
[2026-04-03T03:38:13.589+0600][45.570s][info][gc,phases   ] GC(43) Pause Relocate Start 0.018ms
[2026-04-03T03:38:13.608+0600][45.589s][info][gc,phases   ] GC(43) Concurrent Relocate 18.212ms
[2026-04-03T03:38:13.608+0600][45.589s][info][gc,load     ] GC(43) Load: 4.52/4.38/4.69
[2026-04-03T03:38:13.608+0600][45.589s][info][gc,mmu      ] GC(43) MMU: 2ms/93.0%, 5ms/97.2%, 10ms/98.6%, 20ms/99.3%, 50ms/99.7%, 100ms/99.9%
[2026-04-03T03:38:13.608+0600][45.589s][info][gc,marking  ] GC(43) Mark: 2 stripe(s), 2 proactive flush(es), 1 terminate flush(es), 0 completion(s), 0 continuation(s) 
[2026-04-03T03:38:13.608+0600][45.589s][info][gc,marking  ] GC(43) Mark Stack Usage: 32M
[2026-04-03T03:38:13.608+0600][45.589s][info][gc,nmethod  ] GC(43) NMethods: 6692 registered, 630 unregistered
[2026-04-03T03:38:13.608+0600][45.589s][info][gc,metaspace] GC(43) Metaspace: 70M used, 71M committed, 1088M reserved
[2026-04-03T03:38:13.608+0600][45.589s][info][gc,ref      ] GC(43) Soft: 3413 encountered, 0 discovered, 0 enqueued
[2026-04-03T03:38:13.608+0600][45.589s][info][gc,ref      ] GC(43) Weak: 6712 encountered, 3275 discovered, 290 enqueued
[2026-04-03T03:38:13.608+0600][45.589s][info][gc,ref      ] GC(43) Final: 84 encountered, 84 discovered, 0 enqueued
[2026-04-03T03:38:13.608+0600][45.589s][info][gc,ref      ] GC(43) Phantom: 601 encountered, 443 discovered, 0 enqueued
[2026-04-03T03:38:13.608+0600][45.589s][info][gc,reloc    ] GC(43) Small Pages: 265 / 530M, Empty: 238M, Relocated: 8M, In-Place: 0
[2026-04-03T03:38:13.608+0600][45.589s][info][gc,reloc    ] GC(43) Medium Pages: 2 / 64M, Empty: 0M, Relocated: 14M, In-Place: 0
[2026-04-03T03:38:13.608+0600][45.589s][info][gc,reloc    ] GC(43) Large Pages: 9 / 78M, Empty: 78M, Relocated: 0M, In-Place: 0
[2026-04-03T03:38:13.608+0600][45.589s][info][gc,reloc    ] GC(43) Forwarding Usage: 6M
[2026-04-03T03:38:13.608+0600][45.589s][info][gc,heap     ] GC(43) Min Capacity: 8M(0%)
[2026-04-03T03:38:13.608+0600][45.589s][info][gc,heap     ] GC(43) Max Capacity: 2000M(100%)
[2026-04-03T03:38:13.608+0600][45.589s][info][gc,heap     ] GC(43) Soft Max Capacity: 2000M(100%)
[2026-04-03T03:38:13.608+0600][45.589s][info][gc,heap     ] GC(43)                Mark Start          Mark End        Relocate Start      Relocate End           High               Low         
[2026-04-03T03:38:13.608+0600][45.589s][info][gc,heap     ] GC(43)  Capacity:     2000M (100%)       2000M (100%)       2000M (100%)       2000M (100%)       2000M (100%)       2000M (100%)   
[2026-04-03T03:38:13.608+0600][45.589s][info][gc,heap     ] GC(43)      Free:     1328M (66%)        1150M (57%)        1450M (72%)        1578M (79%)        1578M (79%)        1146M (57%)    
[2026-04-03T03:38:13.608+0600][45.589s][info][gc,heap     ] GC(43)      Used:      672M (34%)         850M (42%)         550M (28%)         422M (21%)         854M (43%)         422M (21%)    
[2026-04-03T03:38:13.608+0600][45.589s][info][gc,heap     ] GC(43)      Live:         -               178M (9%)          178M (9%)          178M (9%)             -                  -          
[2026-04-03T03:38:13.608+0600][45.589s][info][gc,heap     ] GC(43) Allocated:         -               178M (9%)          194M (10%)         207M (10%)            -                  -          
[2026-04-03T03:38:13.608+0600][45.589s][info][gc,heap     ] GC(43)   Garbage:         -               493M (25%)         177M (9%)           36M (2%)             -                  -          
[2026-04-03T03:38:13.608+0600][45.589s][info][gc,heap     ] GC(43) Reclaimed:         -                  -               316M (16%)         457M (23%)            -                  -          
[2026-04-03T03:38:13.608+0600][45.589s][info][gc          ] GC(43) Garbage Collection (Allocation Rate) 672M(34%)->422M(21%)
[2026-04-03T03:38:13.626+0600][45.607s][info][gc,start    ] GC(44) Garbage Collection (Allocation Rate)
[2026-04-03T03:38:13.626+0600][45.607s][info][gc,task     ] GC(44) Using 3 workers
[2026-04-03T03:38:13.626+0600][45.607s][info][gc,phases   ] GC(44) Pause Mark Start 0.016ms
[2026-04-03T03:38:14.010+0600][45.991s][info][gc,phases   ] GC(44) Concurrent Mark 383.874ms
[2026-04-03T03:38:14.011+0600][45.991s][info][gc,phases   ] GC(44) Pause Mark End 0.033ms
[2026-04-03T03:38:14.011+0600][45.992s][info][gc,phases   ] GC(44) Concurrent Mark Free 0.002ms
[2026-04-03T03:38:14.020+0600][46.001s][info][gc,phases   ] GC(44) Concurrent Process Non-Strong References 9.386ms
[2026-04-03T03:38:14.020+0600][46.001s][info][gc,phases   ] GC(44) Concurrent Reset Relocation Set 0.014ms
[2026-04-03T03:38:14.033+0600][46.014s][info][gc,phases   ] GC(44) Concurrent Select Relocation Set 12.518ms
[2026-04-03T03:38:14.033+0600][46.014s][info][gc,phases   ] GC(44) Pause Relocate Start 0.015ms
[2026-04-03T03:38:14.076+0600][46.057s][info][gc,phases   ] GC(44) Concurrent Relocate 42.303ms
[2026-04-03T03:38:14.076+0600][46.057s][info][gc,load     ] GC(44) Load: 4.52/4.38/4.69
[2026-04-03T03:38:14.076+0600][46.057s][info][gc,mmu      ] GC(44) MMU: 2ms/93.0%, 5ms/97.2%, 10ms/98.6%, 20ms/99.3%, 50ms/99.7%, 100ms/99.9%
[2026-04-03T03:38:14.076+0600][46.057s][info][gc,marking  ] GC(44) Mark: 2 stripe(s), 2 proactive flush(es), 1 terminate flush(es), 0 completion(s), 0 continuation(s) 
[2026-04-03T03:38:14.076+0600][46.057s][info][gc,marking  ] GC(44) Mark Stack Usage: 32M
[2026-04-03T03:38:14.076+0600][46.057s][info][gc,nmethod  ] GC(44) NMethods: 6812 registered, 631 unregistered
[2026-04-03T03:38:14.076+0600][46.057s][info][gc,metaspace] GC(44) Metaspace: 70M used, 71M committed, 1088M reserved
[2026-04-03T03:38:14.076+0600][46.057s][info][gc,ref      ] GC(44) Soft: 3414 encountered, 0 discovered, 0 enqueued
[2026-04-03T03:38:14.076+0600][46.057s][info][gc,ref      ] GC(44) Weak: 6403 encountered, 1897 discovered, 3 enqueued
[2026-04-03T03:38:14.076+0600][46.057s][info][gc,ref      ] GC(44) Final: 84 encountered, 2 discovered, 0 enqueued
[2026-04-03T03:38:14.076+0600][46.057s][info][gc,ref      ] GC(44) Phantom: 600 encountered, 444 discovered, 0 enqueued
[2026-04-03T03:38:14.076+0600][46.057s][info][gc,reloc    ] GC(44) Small Pages: 161 / 322M, Empty: 10M, Relocated: 22M, In-Place: 0
[2026-04-03T03:38:14.076+0600][46.057s][info][gc,reloc    ] GC(44) Medium Pages: 2 / 64M, Empty: 32M, Relocated: 0M, In-Place: 0
[2026-04-03T03:38:14.076+0600][46.057s][info][gc,reloc    ] GC(44) Large Pages: 6 / 48M, Empty: 18M, Relocated: 0M, In-Place: 0
[2026-04-03T03:38:14.076+0600][46.057s][info][gc,reloc    ] GC(44) Forwarding Usage: 24M
[2026-04-03T03:38:14.076+0600][46.057s][info][gc,heap     ] GC(44) Min Capacity: 8M(0%)
[2026-04-03T03:38:14.076+0600][46.057s][info][gc,heap     ] GC(44) Max Capacity: 2000M(100%)
[2026-04-03T03:38:14.076+0600][46.057s][info][gc,heap     ] GC(44) Soft Max Capacity: 2000M(100%)
[2026-04-03T03:38:14.076+0600][46.057s][info][gc,heap     ] GC(44)                Mark Start          Mark End        Relocate Start      Relocate End           High               Low         
[2026-04-03T03:38:14.076+0600][46.057s][info][gc,heap     ] GC(44)  Capacity:     2000M (100%)       2000M (100%)       2000M (100%)       2000M (100%)       2000M (100%)       2000M (100%)   
[2026-04-03T03:38:14.076+0600][46.057s][info][gc,heap     ] GC(44)      Free:     1566M (78%)        1346M (67%)        1386M (69%)        1478M (74%)        1566M (78%)        1334M (67%)    
[2026-04-03T03:38:14.076+0600][46.057s][info][gc,heap     ] GC(44)      Used:      434M (22%)         654M (33%)         614M (31%)         522M (26%)         666M (33%)         434M (22%)    
[2026-04-03T03:38:14.076+0600][46.057s][info][gc,heap     ] GC(44)      Live:         -               222M (11%)         222M (11%)         222M (11%)            -                  -          
[2026-04-03T03:38:14.076+0600][46.057s][info][gc,heap     ] GC(44) Allocated:         -               220M (11%)         240M (12%)         259M (13%)            -                  -          
[2026-04-03T03:38:14.076+0600][46.057s][info][gc,heap     ] GC(44)   Garbage:         -               211M (11%)         151M (8%)           39M (2%)             -                  -          
[2026-04-03T03:38:14.076+0600][46.057s][info][gc,heap     ] GC(44) Reclaimed:         -                  -                60M (3%)          171M (9%)             -                  -          
[2026-04-03T03:38:14.076+0600][46.057s][info][gc          ] GC(44) Garbage Collection (Allocation Rate) 434M(22%)->522M(26%)
[2026-04-03T03:38:14.826+0600][46.807s][info][gc,start    ] GC(45) Garbage Collection (Allocation Rate)
[2026-04-03T03:38:14.826+0600][46.807s][info][gc,task     ] GC(45) Using 3 workers
[2026-04-03T03:38:14.826+0600][46.807s][info][gc,phases   ] GC(45) Pause Mark Start 0.017ms
[2026-04-03T03:38:15.292+0600][47.273s][info][gc,phases   ] GC(45) Concurrent Mark 465.622ms
[2026-04-03T03:38:15.293+0600][47.273s][info][gc,phases   ] GC(45) Pause Mark End 0.078ms
[2026-04-03T03:38:15.293+0600][47.274s][info][gc,phases   ] GC(45) Concurrent Mark Free 0.004ms
[2026-04-03T03:38:15.304+0600][47.285s][info][gc,phases   ] GC(45) Concurrent Process Non-Strong References 11.061ms
[2026-04-03T03:38:15.304+0600][47.285s][info][gc,phases   ] GC(45) Concurrent Reset Relocation Set 0.012ms
[2026-04-03T03:38:15.328+0600][47.308s][info][gc,phases   ] GC(45) Concurrent Select Relocation Set 23.527ms
[2026-04-03T03:38:15.328+0600][47.309s][info][gc,phases   ] GC(45) Pause Relocate Start 0.033ms
[2026-04-03T03:38:15.451+0600][47.431s][info][gc,phases   ] GC(45) Concurrent Relocate 122.312ms
[2026-04-03T03:38:15.451+0600][47.432s][info][gc,load     ] GC(45) Load: 4.52/4.38/4.69
[2026-04-03T03:38:15.451+0600][47.432s][info][gc,mmu      ] GC(45) MMU: 2ms/93.0%, 5ms/97.2%, 10ms/98.6%, 20ms/99.3%, 50ms/99.7%, 100ms/99.9%
[2026-04-03T03:38:15.451+0600][47.432s][info][gc,marking  ] GC(45) Mark: 2 stripe(s), 10 proactive flush(es), 1 terminate flush(es), 0 completion(s), 0 continuation(s) 
[2026-04-03T03:38:15.451+0600][47.432s][info][gc,marking  ] GC(45) Mark Stack Usage: 32M
[2026-04-03T03:38:15.451+0600][47.432s][info][gc,nmethod  ] GC(45) NMethods: 6878 registered, 651 unregistered
[2026-04-03T03:38:15.451+0600][47.432s][info][gc,metaspace] GC(45) Metaspace: 71M used, 71M committed, 1088M reserved
[2026-04-03T03:38:15.451+0600][47.432s][info][gc,ref      ] GC(45) Soft: 3413 encountered, 0 discovered, 0 enqueued
[2026-04-03T03:38:15.451+0600][47.432s][info][gc,ref      ] GC(45) Weak: 6664 encountered, 4393 discovered, 241 enqueued
[2026-04-03T03:38:15.451+0600][47.432s][info][gc,ref      ] GC(45) Final: 84 encountered, 2 discovered, 0 enqueued
[2026-04-03T03:38:15.451+0600][47.432s][info][gc,ref      ] GC(45) Phantom: 600 encountered, 370 discovered, 0 enqueued
[2026-04-03T03:38:15.451+0600][47.432s][info][gc,reloc    ] GC(45) Small Pages: 587 / 1174M, Empty: 416M, Relocated: 55M, In-Place: 0
[2026-04-03T03:38:15.451+0600][47.432s][info][gc,reloc    ] GC(45) Medium Pages: 2 / 64M, Empty: 32M, Relocated: 0M, In-Place: 0
[2026-04-03T03:38:15.451+0600][47.432s][info][gc,reloc    ] GC(45) Large Pages: 14 / 108M, Empty: 90M, Relocated: 0M, In-Place: 0
[2026-04-03T03:38:15.451+0600][47.432s][info][gc,reloc    ] GC(45) Forwarding Usage: 53M
[2026-04-03T03:38:15.451+0600][47.432s][info][gc,heap     ] GC(45) Min Capacity: 8M(0%)
[2026-04-03T03:38:15.451+0600][47.432s][info][gc,heap     ] GC(45) Max Capacity: 2000M(100%)
[2026-04-03T03:38:15.451+0600][47.432s][info][gc,heap     ] GC(45) Soft Max Capacity: 2000M(100%)
[2026-04-03T03:38:15.451+0600][47.432s][info][gc,heap     ] GC(45)                Mark Start          Mark End        Relocate Start      Relocate End           High               Low         
[2026-04-03T03:38:15.451+0600][47.432s][info][gc,heap     ] GC(45)  Capacity:     2000M (100%)       2000M (100%)       2000M (100%)       2000M (100%)       2000M (100%)       2000M (100%)   
[2026-04-03T03:38:15.451+0600][47.432s][info][gc,heap     ] GC(45)      Free:      654M (33%)         398M (20%)         918M (46%)        1438M (72%)        1438M (72%)         394M (20%)    
[2026-04-03T03:38:15.451+0600][47.432s][info][gc,heap     ] GC(45)      Used:     1346M (67%)        1602M (80%)        1082M (54%)         562M (28%)        1606M (80%)         562M (28%)    
[2026-04-03T03:38:15.451+0600][47.432s][info][gc,heap     ] GC(45)      Live:         -               241M (12%)         241M (12%)         241M (12%)            -                  -          
[2026-04-03T03:38:15.451+0600][47.432s][info][gc,heap     ] GC(45) Allocated:         -               256M (13%)         274M (14%)         278M (14%)            -                  -          
[2026-04-03T03:38:15.451+0600][47.432s][info][gc,heap     ] GC(45)   Garbage:         -              1104M (55%)         566M (28%)          41M (2%)             -                  -          
[2026-04-03T03:38:15.451+0600][47.432s][info][gc,heap     ] GC(45) Reclaimed:         -                  -               538M (27%)        1062M (53%)            -                  -          
[2026-04-03T03:38:15.451+0600][47.432s][info][gc          ] GC(45) Garbage Collection (Allocation Rate) 1346M(67%)->562M(28%)
[2026-04-03T03:38:15.526+0600][47.507s][info][gc,start    ] GC(46) Garbage Collection (Allocation Rate)
[2026-04-03T03:38:15.526+0600][47.507s][info][gc,task     ] GC(46) Using 3 workers
[2026-04-03T03:38:15.527+0600][47.507s][info][gc,phases   ] GC(46) Pause Mark Start 0.017ms
[2026-04-03T03:38:16.091+0600][48.072s][info][gc,phases   ] GC(46) Concurrent Mark 564.501ms
[2026-04-03T03:38:16.092+0600][48.072s][info][gc,phases   ] GC(46) Pause Mark End 0.033ms
[2026-04-03T03:38:16.092+0600][48.073s][info][gc,phases   ] GC(46) Concurrent Mark Free 0.003ms
[2026-04-03T03:38:16.100+0600][48.081s][info][gc,phases   ] GC(46) Concurrent Process Non-Strong References 8.070ms
[2026-04-03T03:38:16.100+0600][48.081s][info][gc,phases   ] GC(46) Concurrent Reset Relocation Set 0.066ms
[2026-04-03T03:38:16.107+0600][48.088s][info][gc,phases   ] GC(46) Concurrent Select Relocation Set 7.061ms
[2026-04-03T03:38:16.108+0600][48.088s][info][gc,phases   ] GC(46) Pause Relocate Start 0.016ms
[2026-04-03T03:38:16.169+0600][48.150s][info][gc,phases   ] GC(46) Concurrent Relocate 61.236ms
[2026-04-03T03:38:16.169+0600][48.150s][info][gc,load     ] GC(46) Load: 4.63/4.41/4.70
[2026-04-03T03:38:16.169+0600][48.150s][info][gc,mmu      ] GC(46) MMU: 2ms/93.0%, 5ms/97.2%, 10ms/98.6%, 20ms/99.3%, 50ms/99.7%, 100ms/99.9%
[2026-04-03T03:38:16.169+0600][48.150s][info][gc,marking  ] GC(46) Mark: 2 stripe(s), 6 proactive flush(es), 1 terminate flush(es), 0 completion(s), 0 continuation(s) 
[2026-04-03T03:38:16.169+0600][48.150s][info][gc,marking  ] GC(46) Mark Stack Usage: 32M
[2026-04-03T03:38:16.169+0600][48.150s][info][gc,nmethod  ] GC(46) NMethods: 7000 registered, 655 unregistered
[2026-04-03T03:38:16.169+0600][48.150s][info][gc,metaspace] GC(46) Metaspace: 71M used, 71M committed, 1088M reserved
[2026-04-03T03:38:16.169+0600][48.150s][info][gc,ref      ] GC(46) Soft: 3413 encountered, 0 discovered, 0 enqueued
[2026-04-03T03:38:16.169+0600][48.150s][info][gc,ref      ] GC(46) Weak: 6439 encountered, 849 discovered, 3 enqueued
[2026-04-03T03:38:16.169+0600][48.150s][info][gc,ref      ] GC(46) Final: 84 encountered, 2 discovered, 0 enqueued
[2026-04-03T03:38:16.169+0600][48.150s][info][gc,ref      ] GC(46) Phantom: 598 encountered, 479 discovered, 0 enqueued
[2026-04-03T03:38:16.169+0600][48.150s][info][gc,reloc    ] GC(46) Small Pages: 224 / 448M, Empty: 34M, Relocated: 38M, In-Place: 0
[2026-04-03T03:38:16.169+0600][48.150s][info][gc,reloc    ] GC(46) Medium Pages: 4 / 128M, Empty: 0M, Relocated: 17M, In-Place: 0
[2026-04-03T03:38:16.169+0600][48.150s][info][gc,reloc    ] GC(46) Large Pages: 4 / 24M, Empty: 18M, Relocated: 0M, In-Place: 0
[2026-04-03T03:38:16.169+0600][48.150s][info][gc,reloc    ] GC(46) Forwarding Usage: 34M
[2026-04-03T03:38:16.169+0600][48.150s][info][gc,heap     ] GC(46) Min Capacity: 8M(0%)
[2026-04-03T03:38:16.169+0600][48.150s][info][gc,heap     ] GC(46) Max Capacity: 2000M(100%)
[2026-04-03T03:38:16.169+0600][48.150s][info][gc,heap     ] GC(46) Soft Max Capacity: 2000M(100%)
[2026-04-03T03:38:16.169+0600][48.150s][info][gc,heap     ] GC(46)                Mark Start          Mark End        Relocate Start      Relocate End           High               Low         
[2026-04-03T03:38:16.169+0600][48.150s][info][gc,heap     ] GC(46)  Capacity:     2000M (100%)       2000M (100%)       2000M (100%)       2000M (100%)       2000M (100%)       2000M (100%)   
[2026-04-03T03:38:16.169+0600][48.150s][info][gc,heap     ] GC(46)      Free:     1400M (70%)        1090M (55%)        1116M (56%)        1256M (63%)        1400M (70%)        1068M (53%)    
[2026-04-03T03:38:16.169+0600][48.150s][info][gc,heap     ] GC(46)      Used:      600M (30%)         910M (46%)         884M (44%)         744M (37%)         932M (47%)         600M (30%)    
[2026-04-03T03:38:16.169+0600][48.150s][info][gc,heap     ] GC(46)      Live:         -               244M (12%)         244M (12%)         244M (12%)            -                  -          
[2026-04-03T03:38:16.169+0600][48.150s][info][gc,heap     ] GC(46) Allocated:         -               310M (16%)         336M (17%)         453M (23%)            -                  -          
[2026-04-03T03:38:16.169+0600][48.150s][info][gc,heap     ] GC(46)   Garbage:         -               355M (18%)         303M (15%)          45M (2%)             -                  -          
[2026-04-03T03:38:16.169+0600][48.150s][info][gc,heap     ] GC(46) Reclaimed:         -                  -                52M (3%)          309M (15%)            -                  -          
[2026-04-03T03:38:16.169+0600][48.150s][info][gc          ] GC(46) Garbage Collection (Allocation Rate) 600M(30%)->744M(37%)
[2026-04-03T03:38:16.226+0600][48.207s][info][gc,start    ] GC(47) Garbage Collection (Allocation Rate)
[2026-04-03T03:38:16.226+0600][48.207s][info][gc,task     ] GC(47) Using 3 workers
[2026-04-03T03:38:16.226+0600][48.207s][info][gc,phases   ] GC(47) Pause Mark Start 0.011ms
[2026-04-03T03:38:16.493+0600][48.474s][info][gc,phases   ] GC(47) Concurrent Mark 266.500ms
[2026-04-03T03:38:16.493+0600][48.474s][info][gc,phases   ] GC(47) Pause Mark End 0.054ms
[2026-04-03T03:38:16.493+0600][48.474s][info][gc,phases   ] GC(47) Concurrent Mark Free 0.003ms
[2026-04-03T03:38:16.501+0600][48.482s][info][gc,phases   ] GC(47) Concurrent Process Non-Strong References 7.652ms
[2026-04-03T03:38:16.501+0600][48.482s][info][gc,phases   ] GC(47) Concurrent Reset Relocation Set 0.012ms
[2026-04-03T03:38:16.510+0600][48.491s][info][gc,phases   ] GC(47) Concurrent Select Relocation Set 8.863ms
[2026-04-03T03:38:16.510+0600][48.491s][info][gc,phases   ] GC(47) Pause Relocate Start 0.014ms
[2026-04-03T03:38:16.568+0600][48.549s][info][gc,phases   ] GC(47) Concurrent Relocate 57.300ms
[2026-04-03T03:38:16.568+0600][48.549s][info][gc,load     ] GC(47) Load: 4.63/4.41/4.70
[2026-04-03T03:38:16.568+0600][48.549s][info][gc,mmu      ] GC(47) MMU: 2ms/93.0%, 5ms/97.2%, 10ms/98.6%, 20ms/99.3%, 50ms/99.7%, 100ms/99.9%
[2026-04-03T03:38:16.568+0600][48.549s][info][gc,marking  ] GC(47) Mark: 2 stripe(s), 2 proactive flush(es), 1 terminate flush(es), 0 completion(s), 0 continuation(s) 
[2026-04-03T03:38:16.568+0600][48.549s][info][gc,marking  ] GC(47) Mark Stack Usage: 32M
[2026-04-03T03:38:16.568+0600][48.549s][info][gc,nmethod  ] GC(47) NMethods: 7013 registered, 662 unregistered
[2026-04-03T03:38:16.568+0600][48.549s][info][gc,metaspace] GC(47) Metaspace: 71M used, 71M committed, 1088M reserved
[2026-04-03T03:38:16.568+0600][48.549s][info][gc,ref      ] GC(47) Soft: 3410 encountered, 0 discovered, 0 enqueued
[2026-04-03T03:38:16.568+0600][48.549s][info][gc,ref      ] GC(47) Weak: 6468 encountered, 4110 discovered, 8 enqueued
[2026-04-03T03:38:16.568+0600][48.549s][info][gc,ref      ] GC(47) Final: 84 encountered, 2 discovered, 0 enqueued
[2026-04-03T03:38:16.568+0600][48.549s][info][gc,ref      ] GC(47) Phantom: 598 encountered, 312 discovered, 0 enqueued
[2026-04-03T03:38:16.568+0600][48.549s][info][gc,reloc    ] GC(47) Small Pages: 289 / 578M, Empty: 34M, Relocated: 45M, In-Place: 0
[2026-04-03T03:38:16.568+0600][48.549s][info][gc,reloc    ] GC(47) Medium Pages: 6 / 192M, Empty: 32M, Relocated: 27M, In-Place: 0
[2026-04-03T03:38:16.568+0600][48.549s][info][gc,reloc    ] GC(47) Large Pages: 15 / 94M, Empty: 76M, Relocated: 0M, In-Place: 0
[2026-04-03T03:38:16.568+0600][48.549s][info][gc,reloc    ] GC(47) Forwarding Usage: 44M
[2026-04-03T03:38:16.568+0600][48.549s][info][gc,heap     ] GC(47) Min Capacity: 8M(0%)
[2026-04-03T03:38:16.568+0600][48.549s][info][gc,heap     ] GC(47) Max Capacity: 2000M(100%)
[2026-04-03T03:38:16.568+0600][48.549s][info][gc,heap     ] GC(47) Soft Max Capacity: 2000M(100%)
[2026-04-03T03:38:16.568+0600][48.549s][info][gc,heap     ] GC(47)                Mark Start          Mark End        Relocate Start      Relocate End           High               Low         
[2026-04-03T03:38:16.568+0600][48.549s][info][gc,heap     ] GC(47)  Capacity:     2000M (100%)       2000M (100%)       2000M (100%)       2000M (100%)       2000M (100%)       2000M (100%)   
[2026-04-03T03:38:16.568+0600][48.549s][info][gc,heap     ] GC(47)      Free:     1136M (57%)         864M (43%)         984M (49%)        1374M (69%)        1376M (69%)         850M (42%)    
[2026-04-03T03:38:16.568+0600][48.549s][info][gc,heap     ] GC(47)      Used:      864M (43%)        1136M (57%)        1016M (51%)         626M (31%)        1150M (57%)         624M (31%)    
[2026-04-03T03:38:16.568+0600][48.549s][info][gc,heap     ] GC(47)      Live:         -               244M (12%)         244M (12%)         244M (12%)            -                  -          
[2026-04-03T03:38:16.568+0600][48.549s][info][gc,heap     ] GC(47) Allocated:         -               272M (14%)         294M (15%)         361M (18%)            -                  -          
[2026-04-03T03:38:16.568+0600][48.549s][info][gc,heap     ] GC(47)   Garbage:         -               619M (31%)         477M (24%)          19M (1%)             -                  -          
[2026-04-03T03:38:16.568+0600][48.549s][info][gc,heap     ] GC(47) Reclaimed:         -                  -               142M (7%)          599M (30%)            -                  -          
[2026-04-03T03:38:16.568+0600][48.549s][info][gc          ] GC(47) Garbage Collection (Allocation Rate) 864M(43%)->626M(31%)
[2026-04-03T03:38:16.626+0600][48.607s][info][gc,start    ] GC(48) Garbage Collection (Allocation Rate)
[2026-04-03T03:38:16.626+0600][48.607s][info][gc,task     ] GC(48) Using 3 workers
[2026-04-03T03:38:16.626+0600][48.607s][info][gc,phases   ] GC(48) Pause Mark Start 0.010ms
[2026-04-03T03:38:16.912+0600][48.893s][info][gc,phases   ] GC(48) Concurrent Mark 285.684ms
[2026-04-03T03:38:16.912+0600][48.893s][info][gc,phases   ] GC(48) Pause Mark End 0.034ms
[2026-04-03T03:38:16.913+0600][48.893s][info][gc,phases   ] GC(48) Concurrent Mark Free 0.003ms
[2026-04-03T03:38:16.919+0600][48.900s][info][gc,phases   ] GC(48) Concurrent Process Non-Strong References 6.536ms
[2026-04-03T03:38:16.919+0600][48.900s][info][gc,phases   ] GC(48) Concurrent Reset Relocation Set 0.020ms
[2026-04-03T03:38:16.925+0600][48.906s][info][gc,phases   ] GC(48) Concurrent Select Relocation Set 5.711ms
[2026-04-03T03:38:16.925+0600][48.906s][info][gc,phases   ] GC(48) Pause Relocate Start 0.011ms
[2026-04-03T03:38:16.927+0600][48.908s][info][gc,phases   ] GC(48) Concurrent Relocate 1.468ms
[2026-04-03T03:38:16.927+0600][48.908s][info][gc,load     ] GC(48) Load: 4.63/4.41/4.70
[2026-04-03T03:38:16.927+0600][48.908s][info][gc,mmu      ] GC(48) MMU: 2ms/93.0%, 5ms/97.2%, 10ms/98.6%, 20ms/99.3%, 50ms/99.7%, 100ms/99.9%
[2026-04-03T03:38:16.927+0600][48.908s][info][gc,marking  ] GC(48) Mark: 2 stripe(s), 2 proactive flush(es), 1 terminate flush(es), 0 completion(s), 0 continuation(s) 
[2026-04-03T03:38:16.927+0600][48.908s][info][gc,marking  ] GC(48) Mark Stack Usage: 32M
[2026-04-03T03:38:16.927+0600][48.908s][info][gc,nmethod  ] GC(48) NMethods: 7012 registered, 675 unregistered
[2026-04-03T03:38:16.927+0600][48.908s][info][gc,metaspace] GC(48) Metaspace: 71M used, 71M committed, 1088M reserved
[2026-04-03T03:38:16.927+0600][48.908s][info][gc,ref      ] GC(48) Soft: 3410 encountered, 0 discovered, 0 enqueued
[2026-04-03T03:38:16.927+0600][48.908s][info][gc,ref      ] GC(48) Weak: 6468 encountered, 1643 discovered, 142 enqueued
[2026-04-03T03:38:16.927+0600][48.908s][info][gc,ref      ] GC(48) Final: 84 encountered, 2 discovered, 0 enqueued
[2026-04-03T03:38:16.927+0600][48.908s][info][gc,ref      ] GC(48) Phantom: 598 encountered, 510 discovered, 0 enqueued
[2026-04-03T03:38:16.927+0600][48.908s][info][gc,reloc    ] GC(48) Small Pages: 323 / 646M, Empty: 380M, Relocated: 1M, In-Place: 0
[2026-04-03T03:38:16.927+0600][48.908s][info][gc,reloc    ] GC(48) Medium Pages: 1 / 32M, Empty: 0M, Relocated: 0M, In-Place: 0
[2026-04-03T03:38:16.927+0600][48.908s][info][gc,reloc    ] GC(48) Large Pages: 6 / 36M, Empty: 18M, Relocated: 0M, In-Place: 0
[2026-04-03T03:38:16.927+0600][48.908s][info][gc,reloc    ] GC(48) Forwarding Usage: 1M
[2026-04-03T03:38:16.927+0600][48.908s][info][gc,heap     ] GC(48) Min Capacity: 8M(0%)
[2026-04-03T03:38:16.927+0600][48.908s][info][gc,heap     ] GC(48) Max Capacity: 2000M(100%)
[2026-04-03T03:38:16.927+0600][48.908s][info][gc,heap     ] GC(48) Soft Max Capacity: 2000M(100%)
[2026-04-03T03:38:16.927+0600][48.908s][info][gc,heap     ] GC(48)                Mark Start          Mark End        Relocate Start      Relocate End           High               Low         
[2026-04-03T03:38:16.927+0600][48.908s][info][gc,heap     ] GC(48)  Capacity:     2000M (100%)       2000M (100%)       2000M (100%)       2000M (100%)       2000M (100%)       2000M (100%)   
[2026-04-03T03:38:16.927+0600][48.908s][info][gc,heap     ] GC(48)      Free:     1286M (64%)        1016M (51%)        1406M (70%)        1426M (71%)        1426M (71%)        1016M (51%)    
[2026-04-03T03:38:16.927+0600][48.908s][info][gc,heap     ] GC(48)      Used:      714M (36%)         984M (49%)         594M (30%)         574M (29%)         984M (49%)         574M (29%)    
[2026-04-03T03:38:16.927+0600][48.908s][info][gc,heap     ] GC(48)      Live:         -               251M (13%)         251M (13%)         251M (13%)            -                  -          
[2026-04-03T03:38:16.927+0600][48.908s][info][gc,heap     ] GC(48) Allocated:         -               270M (14%)         278M (14%)         280M (14%)            -                  -          
[2026-04-03T03:38:16.927+0600][48.908s][info][gc,heap     ] GC(48)   Garbage:         -               462M (23%)          64M (3%)           42M (2%)             -                  -          
[2026-04-03T03:38:16.927+0600][48.908s][info][gc,heap     ] GC(48) Reclaimed:         -                  -               398M (20%)         420M (21%)            -                  -          
[2026-04-03T03:38:16.927+0600][48.908s][info][gc          ] GC(48) Garbage Collection (Allocation Rate) 714M(36%)->574M(29%)
[2026-04-03T03:38:16.927+0600][48.908s][info][gc,start    ] GC(49) Garbage Collection (System.gc())
[2026-04-03T03:38:16.927+0600][48.908s][info][gc,task     ] GC(49) Using 3 workers
[2026-04-03T03:38:16.927+0600][48.908s][info][gc,phases   ] GC(49) Pause Mark Start 0.010ms
[2026-04-03T03:38:17.103+0600][49.084s][info][gc,phases   ] GC(49) Concurrent Mark 175.486ms
[2026-04-03T03:38:17.103+0600][49.084s][info][gc,phases   ] GC(49) Pause Mark End 0.031ms
[2026-04-03T03:38:17.103+0600][49.084s][info][gc,phases   ] GC(49) Concurrent Mark Free 0.003ms
[2026-04-03T03:38:17.110+0600][49.090s][info][gc,phases   ] GC(49) Concurrent Process Non-Strong References 6.253ms
[2026-04-03T03:38:17.110+0600][49.090s][info][gc,phases   ] GC(49) Concurrent Reset Relocation Set 0.012ms
[2026-04-03T03:38:17.113+0600][49.094s][info][gc,phases   ] GC(49) Concurrent Select Relocation Set 3.056ms
[2026-04-03T03:38:17.113+0600][49.094s][info][gc,phases   ] GC(49) Pause Relocate Start 0.011ms
[2026-04-03T03:38:17.117+0600][49.097s][info][gc,phases   ] GC(49) Concurrent Relocate 3.611ms
[2026-04-03T03:38:17.117+0600][49.097s][info][gc,load     ] GC(49) Load: 4.63/4.41/4.70
[2026-04-03T03:38:17.117+0600][49.098s][info][gc,mmu      ] GC(49) MMU: 2ms/93.0%, 5ms/97.2%, 10ms/98.6%, 20ms/99.3%, 50ms/99.7%, 100ms/99.9%
[2026-04-03T03:38:17.117+0600][49.098s][info][gc,marking  ] GC(49) Mark: 2 stripe(s), 2 proactive flush(es), 1 terminate flush(es), 0 completion(s), 0 continuation(s) 
[2026-04-03T03:38:17.117+0600][49.098s][info][gc,marking  ] GC(49) Mark Stack Usage: 32M
[2026-04-03T03:38:17.117+0600][49.098s][info][gc,nmethod  ] GC(49) NMethods: 7020 registered, 676 unregistered
[2026-04-03T03:38:17.117+0600][49.098s][info][gc,metaspace] GC(49) Metaspace: 71M used, 71M committed, 1088M reserved
[2026-04-03T03:38:17.117+0600][49.098s][info][gc,ref      ] GC(49) Soft: 3410 encountered, 0 discovered, 0 enqueued
[2026-04-03T03:38:17.117+0600][49.098s][info][gc,ref      ] GC(49) Weak: 6335 encountered, 1390 discovered, 12 enqueued
[2026-04-03T03:38:17.117+0600][49.098s][info][gc,ref      ] GC(49) Final: 84 encountered, 2 discovered, 0 enqueued
[2026-04-03T03:38:17.117+0600][49.098s][info][gc,ref      ] GC(49) Phantom: 598 encountered, 420 discovered, 0 enqueued
[2026-04-03T03:38:17.117+0600][49.098s][info][gc,reloc    ] GC(49) Small Pages: 260 / 520M, Empty: 312M, Relocated: 3M, In-Place: 0
[2026-04-03T03:38:17.117+0600][49.098s][info][gc,reloc    ] GC(49) Medium Pages: 1 / 32M, Empty: 0M, Relocated: 0M, In-Place: 0
[2026-04-03T03:38:17.117+0600][49.098s][info][gc,reloc    ] GC(49) Large Pages: 4 / 24M, Empty: 24M, Relocated: 0M, In-Place: 0
[2026-04-03T03:38:17.117+0600][49.098s][info][gc,reloc    ] GC(49) Forwarding Usage: 2M
[2026-04-03T03:38:17.117+0600][49.098s][info][gc,heap     ] GC(49) Min Capacity: 8M(0%)
[2026-04-03T03:38:17.117+0600][49.098s][info][gc,heap     ] GC(49) Max Capacity: 2000M(100%)
[2026-04-03T03:38:17.117+0600][49.098s][info][gc,heap     ] GC(49) Soft Max Capacity: 2000M(100%)
[2026-04-03T03:38:17.117+0600][49.098s][info][gc,heap     ] GC(49)                Mark Start          Mark End        Relocate Start      Relocate End           High               Low         
[2026-04-03T03:38:17.117+0600][49.098s][info][gc,heap     ] GC(49)  Capacity:     2000M (100%)       2000M (100%)       2000M (100%)       2000M (100%)       2000M (100%)       2000M (100%)   
[2026-04-03T03:38:17.117+0600][49.098s][info][gc,heap     ] GC(49)      Free:     1424M (71%)        1414M (71%)        1748M (87%)        1778M (89%)        1778M (89%)        1414M (71%)    
[2026-04-03T03:38:17.117+0600][49.098s][info][gc,heap     ] GC(49)      Used:      576M (29%)         586M (29%)         252M (13%)         222M (11%)         586M (29%)         222M (11%)    
[2026-04-03T03:38:17.117+0600][49.098s][info][gc,heap     ] GC(49)      Live:         -               169M (8%)          169M (8%)          169M (8%)             -                  -          
[2026-04-03T03:38:17.117+0600][49.098s][info][gc,heap     ] GC(49) Allocated:         -                10M (0%)           12M (1%)           13M (1%)             -                  -          
[2026-04-03T03:38:17.117+0600][49.098s][info][gc,heap     ] GC(49)   Garbage:         -               406M (20%)          70M (4%)           38M (2%)             -                  -          
[2026-04-03T03:38:17.117+0600][49.098s][info][gc,heap     ] GC(49) Reclaimed:         -                  -               336M (17%)         367M (18%)            -                  -          
[2026-04-03T03:38:17.117+0600][49.098s][info][gc          ] GC(49) Garbage Collection (System.gc()) 576M(29%)->222M(11%)
[2026-04-03T03:38:17.627+0600][49.607s][info][gc,start    ] GC(50) Garbage Collection (Allocation Rate)
[2026-04-03T03:38:17.627+0600][49.607s][info][gc,task     ] GC(50) Using 3 workers
[2026-04-03T03:38:17.627+0600][49.608s][info][gc,phases   ] GC(50) Pause Mark Start 0.015ms
[2026-04-03T03:38:18.126+0600][50.107s][info][gc,stats    ] === Garbage Collection Statistics =======================================================================================================================
[2026-04-03T03:38:18.127+0600][50.107s][info][gc,stats    ]                                                              Last 10s              Last 10m              Last 10h                Total
[2026-04-03T03:38:18.127+0600][50.107s][info][gc,stats    ]                                                              Avg / Max             Avg / Max             Avg / Max             Avg / Max
[2026-04-03T03:38:18.127+0600][50.107s][info][gc,stats    ]   Collector: Garbage Collection Cycle                    594.958 / 1104.615    524.362 / 1704.462    524.362 / 1704.462    524.362 / 1704.462    ms
[2026-04-03T03:38:18.127+0600][50.107s][info][gc,stats    ]  Contention: Mark Segment Reset Contention                     9 / 25                5 / 52                5 / 52                5 / 52          ops/s
[2026-04-03T03:38:18.127+0600][50.107s][info][gc,stats    ]  Contention: Mark SeqNum Reset Contention                      0 / 2                 0 / 2                 0 / 2                 0 / 2           ops/s
[2026-04-03T03:38:18.127+0600][50.107s][info][gc,stats    ]    Critical: Allocation Stall                                  0 / 0                 0 / 6                 0 / 6                 0 / 6           ops/s
[2026-04-03T03:38:18.127+0600][50.107s][info][gc,stats    ]    Critical: Allocation Stall                              0.000 / 0.000       158.308 / 376.543     158.308 / 376.543     158.308 / 376.543     ms
[2026-04-03T03:38:18.127+0600][50.107s][info][gc,stats    ]    Critical: GC Locker Stall                                   0 / 0                 0 / 2                 0 / 2                 0 / 2           ops/s
[2026-04-03T03:38:18.127+0600][50.107s][info][gc,stats    ]    Critical: GC Locker Stall                               0.000 / 0.000         0.001 / 0.001         0.001 / 0.001         0.001 / 0.001       ms
[2026-04-03T03:38:18.127+0600][50.107s][info][gc,stats    ]    Critical: Relocation Stall                                  0 / 0                 0 / 0                 0 / 0                 0 / 0           ops/s
[2026-04-03T03:38:18.127+0600][50.107s][info][gc,stats    ]    Critical: Relocation Stall                              0.000 / 0.000         0.000 / 0.000         0.000 / 0.000         0.000 / 0.000       ms
[2026-04-03T03:38:18.127+0600][50.108s][info][gc,stats    ]      Memory: Allocation Rate                                 732 / 1280            553 / 2552            553 / 2552            553 / 2552        MB/s
[2026-04-03T03:38:18.127+0600][50.108s][info][gc,stats    ]      Memory: Defragment                                        0 / 2                 3 / 34                3 / 34                3 / 34          ops/s
[2026-04-03T03:38:18.127+0600][50.108s][info][gc,stats    ]      Memory: Out Of Memory                                     0 / 0                 0 / 0                 0 / 0                 0 / 0           ops/s
[2026-04-03T03:38:18.127+0600][50.108s][info][gc,stats    ]      Memory: Page Cache Flush                                 33 / 172              25 / 198              25 / 198              25 / 198         MB/s
[2026-04-03T03:38:18.127+0600][50.108s][info][gc,stats    ]      Memory: Page Cache Hit L1                               342 / 582             247 / 1222            247 / 1222            247 / 1222        ops/s
[2026-04-03T03:38:18.127+0600][50.108s][info][gc,stats    ]      Memory: Page Cache Hit L2                                 0 / 0                 0 / 0                 0 / 0                 0 / 0           ops/s
[2026-04-03T03:38:18.127+0600][50.108s][info][gc,stats    ]      Memory: Page Cache Hit L3                                 3 / 7                 6 / 105               6 / 105               6 / 105         ops/s
[2026-04-03T03:38:18.127+0600][50.108s][info][gc,stats    ]      Memory: Page Cache Miss                                   1 / 7                15 / 247              15 / 247              15 / 247         ops/s
[2026-04-03T03:38:18.127+0600][50.108s][info][gc,stats    ]      Memory: Uncommit                                          0 / 0                 0 / 0                 0 / 0                 0 / 0           MB/s
[2026-04-03T03:38:18.127+0600][50.108s][info][gc,stats    ]      Memory: Undo Object Allocation Failed                     0 / 0                 0 / 0                 0 / 0                 0 / 0           ops/s
[2026-04-03T03:38:18.127+0600][50.108s][info][gc,stats    ]      Memory: Undo Object Allocation Succeeded                  0 / 2                 0 / 4                 0 / 4                 0 / 4           ops/s
[2026-04-03T03:38:18.127+0600][50.108s][info][gc,stats    ]      Memory: Undo Page Allocation                              0 / 1                 0 / 3                 0 / 3                 0 / 3           ops/s
[2026-04-03T03:38:18.127+0600][50.108s][info][gc,stats    ]       Phase: Concurrent Mark                             512.578 / 984.550     441.523 / 1119.559    441.523 / 1119.559    441.523 / 1119.559    ms
[2026-04-03T03:38:18.127+0600][50.108s][info][gc,stats    ]       Phase: Concurrent Mark Continue                      0.000 / 0.000         0.000 / 0.000         0.000 / 0.000         0.000 / 0.000       ms
[2026-04-03T03:38:18.127+0600][50.108s][info][gc,stats    ]       Phase: Concurrent Mark Free                          0.003 / 0.005         0.002 / 0.005         0.002 / 0.005         0.002 / 0.005       ms
[2026-04-03T03:38:18.127+0600][50.108s][info][gc,stats    ]       Phase: Concurrent Process Non-Strong References      8.892 / 11.061       10.104 / 29.628       10.104 / 29.628       10.104 / 29.628      ms
[2026-04-03T03:38:18.127+0600][50.108s][info][gc,stats    ]       Phase: Concurrent Relocate                          59.383 / 122.312      59.017 / 596.279      59.017 / 596.279      59.017 / 596.279     ms
[2026-04-03T03:38:18.127+0600][50.108s][info][gc,stats    ]       Phase: Concurrent Reset Relocation Set               0.041 / 0.115         0.030 / 0.145         0.030 / 0.145         0.030 / 0.145       ms
[2026-04-03T03:38:18.127+0600][50.108s][info][gc,stats    ]       Phase: Concurrent Select Relocation Set             10.524 / 23.527       11.489 / 109.519      11.489 / 109.519      11.489 / 109.519     ms
[2026-04-03T03:38:18.127+0600][50.108s][info][gc,stats    ]       Phase: Pause Mark End                                0.040 / 0.078         0.033 / 0.078         0.033 / 0.078         0.033 / 0.078       ms
[2026-04-03T03:38:18.127+0600][50.108s][info][gc,stats    ]       Phase: Pause Mark Start                              0.015 / 0.033         0.020 / 0.140         0.020 / 0.140         0.020 / 0.140       ms
[2026-04-03T03:38:18.127+0600][50.108s][info][gc,stats    ]       Phase: Pause Relocate Start                          0.018 / 0.033         0.019 / 0.057         0.019 / 0.057         0.019 / 0.057       ms
[2026-04-03T03:38:18.127+0600][50.108s][info][gc,stats    ]    Subphase: Concurrent Classes Purge                      0.056 / 0.132         0.149 / 0.637         0.149 / 0.637         0.149 / 0.637       ms
[2026-04-03T03:38:18.127+0600][50.108s][info][gc,stats    ]    Subphase: Concurrent Classes Unlink                     6.786 / 8.543         8.074 / 27.059        8.074 / 27.059        8.074 / 27.059      ms
[2026-04-03T03:38:18.127+0600][50.108s][info][gc,stats    ]    Subphase: Concurrent Mark                             511.112 / 983.327     443.272 / 1118.381    443.272 / 1118.381    443.272 / 1118.381    ms
[2026-04-03T03:38:18.127+0600][50.108s][info][gc,stats    ]    Subphase: Concurrent Mark Try Flush                     0.319 / 0.575         0.265 / 1.251         0.265 / 1.251         0.265 / 1.251       ms
[2026-04-03T03:38:18.127+0600][50.108s][info][gc,stats    ]    Subphase: Concurrent Mark Try Terminate                 1.022 / 1.251         1.080 / 1.251         1.080 / 1.251         1.080 / 1.251       ms
[2026-04-03T03:38:18.127+0600][50.108s][info][gc,stats    ]    Subphase: Concurrent References Enqueue                 0.007 / 0.015         0.005 / 0.016         0.005 / 0.016         0.005 / 0.016       ms
[2026-04-03T03:38:18.127+0600][50.108s][info][gc,stats    ]    Subphase: Concurrent References Process                 0.468 / 0.721         0.410 / 0.762         0.410 / 0.762         0.410 / 0.762       ms
[2026-04-03T03:38:18.127+0600][50.108s][info][gc,stats    ]    Subphase: Concurrent Roots ClassLoaderDataGraph         0.267 / 0.678         0.256 / 0.740         0.256 / 0.740         0.256 / 0.740       ms
[2026-04-03T03:38:18.127+0600][50.108s][info][gc,stats    ]    Subphase: Concurrent Roots CodeCache                    0.000 / 0.000         0.000 / 0.000         0.000 / 0.000         0.000 / 0.000       ms
[2026-04-03T03:38:18.127+0600][50.108s][info][gc,stats    ]    Subphase: Concurrent Roots JavaThreads                  0.584 / 0.976         0.530 / 1.963         0.530 / 1.963         0.530 / 1.963       ms
[2026-04-03T03:38:18.127+0600][50.108s][info][gc,stats    ]    Subphase: Concurrent Roots OopStorageSet                0.055 / 0.113         0.051 / 0.147         0.051 / 0.147         0.051 / 0.147       ms
[2026-04-03T03:38:18.127+0600][50.108s][info][gc,stats    ]    Subphase: Concurrent Weak Roots OopStorageSet           0.861 / 1.160         0.855 / 1.884         0.855 / 1.884         0.855 / 1.884       ms
[2026-04-03T03:38:18.127+0600][50.108s][info][gc,stats    ]    Subphase: Pause Mark Try Complete                       0.000 / 0.000         0.000 / 0.000         0.000 / 0.000         0.000 / 0.000       ms
[2026-04-03T03:38:18.127+0600][50.108s][info][gc,stats    ]      System: Java Threads                                    150 / 191              97 / 191              97 / 191              97 / 191         threads
[2026-04-03T03:38:18.127+0600][50.108s][info][gc,stats    ] =========================================================================================================================================================
[2026-04-03T03:38:18.269+0600][50.250s][info][gc,phases   ] GC(50) Concurrent Mark 641.863ms
[2026-04-03T03:38:18.270+0600][50.250s][info][gc,phases   ] GC(50) Pause Mark End 0.070ms
[2026-04-03T03:38:18.270+0600][50.251s][info][gc,phases   ] GC(50) Concurrent Mark Free 0.006ms
[2026-04-03T03:38:18.282+0600][50.263s][info][gc,phases   ] GC(50) Concurrent Process Non-Strong References 12.080ms
[2026-04-03T03:38:18.282+0600][50.263s][info][gc,phases   ] GC(50) Concurrent Reset Relocation Set 0.005ms
[2026-04-03T03:38:18.330+0600][50.311s][info][gc,phases   ] GC(50) Concurrent Select Relocation Set 47.999ms
[2026-04-03T03:38:18.331+0600][50.311s][info][gc,phases   ] GC(50) Pause Relocate Start 0.021ms
[2026-04-03T03:38:18.502+0600][50.483s][info][gc,phases   ] GC(50) Concurrent Relocate 171.224ms
[2026-04-03T03:38:18.502+0600][50.483s][info][gc,load     ] GC(50) Load: 4.63/4.41/4.70
[2026-04-03T03:38:18.502+0600][50.483s][info][gc,mmu      ] GC(50) MMU: 2ms/93.0%, 5ms/97.2%, 10ms/98.6%, 20ms/99.3%, 50ms/99.7%, 100ms/99.9%
[2026-04-03T03:38:18.502+0600][50.483s][info][gc,marking  ] GC(50) Mark: 2 stripe(s), 10 proactive flush(es), 1 terminate flush(es), 0 completion(s), 0 continuation(s) 
[2026-04-03T03:38:18.502+0600][50.483s][info][gc,marking  ] GC(50) Mark Stack Usage: 32M
[2026-04-03T03:38:18.502+0600][50.483s][info][gc,nmethod  ] GC(50) NMethods: 7080 registered, 686 unregistered
[2026-04-03T03:38:18.502+0600][50.483s][info][gc,metaspace] GC(50) Metaspace: 71M used, 72M committed, 1088M reserved
[2026-04-03T03:38:18.502+0600][50.483s][info][gc,ref      ] GC(50) Soft: 3413 encountered, 0 discovered, 0 enqueued
[2026-04-03T03:38:18.502+0600][50.483s][info][gc,ref      ] GC(50) Weak: 6437 encountered, 2349 discovered, 17 enqueued
[2026-04-03T03:38:18.502+0600][50.483s][info][gc,ref      ] GC(50) Final: 84 encountered, 66 discovered, 0 enqueued
[2026-04-03T03:38:18.502+0600][50.483s][info][gc,ref      ] GC(50) Phantom: 598 encountered, 411 discovered, 0 enqueued
[2026-04-03T03:38:18.502+0600][50.483s][info][gc,reloc    ] GC(50) Small Pages: 467 / 934M, Empty: 0M, Relocated: 124M, In-Place: 0
[2026-04-03T03:38:18.502+0600][50.483s][info][gc,reloc    ] GC(50) Medium Pages: 2 / 64M, Empty: 32M, Relocated: 0M, In-Place: 0
[2026-04-03T03:38:18.502+0600][50.483s][info][gc,reloc    ] GC(50) Large Pages: 10 / 72M, Empty: 24M, Relocated: 0M, In-Place: 0
[2026-04-03T03:38:18.502+0600][50.483s][info][gc,reloc    ] GC(50) Forwarding Usage: 81M
[2026-04-03T03:38:18.502+0600][50.483s][info][gc,heap     ] GC(50) Min Capacity: 8M(0%)
[2026-04-03T03:38:18.502+0600][50.483s][info][gc,heap     ] GC(50) Max Capacity: 2000M(100%)
[2026-04-03T03:38:18.502+0600][50.483s][info][gc,heap     ] GC(50) Soft Max Capacity: 2000M(100%)
[2026-04-03T03:38:18.502+0600][50.483s][info][gc,heap     ] GC(50)                Mark Start          Mark End        Relocate Start      Relocate End           High               Low         
[2026-04-03T03:38:18.502+0600][50.483s][info][gc,heap     ] GC(50)  Capacity:     2000M (100%)       2000M (100%)       2000M (100%)       2000M (100%)       2000M (100%)       2000M (100%)   
[2026-04-03T03:38:18.502+0600][50.483s][info][gc,heap     ] GC(50)      Free:      930M (46%)         362M (18%)         356M (18%)         888M (44%)         930M (46%)         344M (17%)    
[2026-04-03T03:38:18.503+0600][50.483s][info][gc,heap     ] GC(50)      Used:     1070M (54%)        1638M (82%)        1644M (82%)        1112M (56%)        1656M (83%)        1070M (54%)    
[2026-04-03T03:38:18.503+0600][50.483s][info][gc,heap     ] GC(50)      Live:         -               346M (17%)         346M (17%)         346M (17%)            -                  -          
[2026-04-03T03:38:18.503+0600][50.483s][info][gc,heap     ] GC(50) Allocated:         -               568M (28%)         630M (32%)         722M (36%)            -                  -          
[2026-04-03T03:38:18.503+0600][50.483s][info][gc,heap     ] GC(50)   Garbage:         -               723M (36%)         667M (33%)          42M (2%)             -                  -          
[2026-04-03T03:38:18.503+0600][50.483s][info][gc,heap     ] GC(50) Reclaimed:         -                  -                56M (3%)          680M (34%)            -                  -          
[2026-04-03T03:38:18.503+0600][50.483s][info][gc          ] GC(50) Garbage Collection (Allocation Rate) 1070M(54%)->1112M(56%)
[2026-04-03T03:38:18.526+0600][50.507s][info][gc,start    ] GC(51) Garbage Collection (Allocation Rate)
[2026-04-03T03:38:18.526+0600][50.507s][info][gc,task     ] GC(51) Using 3 workers
[2026-04-03T03:38:18.526+0600][50.507s][info][gc,phases   ] GC(51) Pause Mark Start 0.018ms
[2026-04-03T03:38:19.513+0600][51.494s][info][gc,phases   ] GC(51) Concurrent Mark 986.108ms
[2026-04-03T03:38:19.513+0600][51.494s][info][gc,phases   ] GC(51) Pause Mark End 0.117ms
[2026-04-03T03:38:19.514+0600][51.494s][info][gc,phases   ] GC(51) Concurrent Mark Free 0.005ms
[2026-04-03T03:38:19.525+0600][51.506s][info][gc,phases   ] GC(51) Concurrent Process Non-Strong References 11.727ms
[2026-04-03T03:38:19.526+0600][51.506s][info][gc,phases   ] GC(51) Concurrent Reset Relocation Set 0.069ms
[2026-04-03T03:38:19.539+0600][51.520s][info][gc,phases   ] GC(51) Concurrent Select Relocation Set 13.230ms
[2026-04-03T03:38:19.539+0600][51.520s][info][gc,phases   ] GC(51) Pause Relocate Start 0.019ms
[2026-04-03T03:38:19.637+0600][51.617s][info][gc,phases   ] GC(51) Concurrent Relocate 97.370ms
[2026-04-03T03:38:19.637+0600][51.618s][info][gc,load     ] GC(51) Load: 4.63/4.41/4.70
[2026-04-03T03:38:19.637+0600][51.618s][info][gc,mmu      ] GC(51) MMU: 2ms/93.0%, 5ms/97.2%, 10ms/98.6%, 20ms/99.3%, 50ms/99.7%, 100ms/99.9%
[2026-04-03T03:38:19.637+0600][51.618s][info][gc,marking  ] GC(51) Mark: 2 stripe(s), 2 proactive flush(es), 1 terminate flush(es), 0 completion(s), 0 continuation(s) 
[2026-04-03T03:38:19.637+0600][51.618s][info][gc,marking  ] GC(51) Mark Stack Usage: 32M
[2026-04-03T03:38:19.637+0600][51.618s][info][gc,nmethod  ] GC(51) NMethods: 7080 registered, 686 unregistered
[2026-04-03T03:38:19.637+0600][51.618s][info][gc,metaspace] GC(51) Metaspace: 71M used, 72M committed, 1088M reserved
[2026-04-03T03:38:19.637+0600][51.618s][info][gc,ref      ] GC(51) Soft: 3413 encountered, 0 discovered, 0 enqueued
[2026-04-03T03:38:19.637+0600][51.618s][info][gc,ref      ] GC(51) Weak: 6420 encountered, 1605 discovered, 0 enqueued
[2026-04-03T03:38:19.637+0600][51.618s][info][gc,ref      ] GC(51) Final: 84 encountered, 2 discovered, 0 enqueued
[2026-04-03T03:38:19.637+0600][51.618s][info][gc,ref      ] GC(51) Phantom: 598 encountered, 424 discovered, 0 enqueued
[2026-04-03T03:38:19.637+0600][51.618s][info][gc,reloc    ] GC(51) Small Pages: 512 / 1024M, Empty: 0M, Relocated: 48M, In-Place: 0
[2026-04-03T03:38:19.637+0600][51.618s][info][gc,reloc    ] GC(51) Medium Pages: 1 / 32M, Empty: 0M, Relocated: 0M, In-Place: 0
[2026-04-03T03:38:19.637+0600][51.618s][info][gc,reloc    ] GC(51) Large Pages: 9 / 78M, Empty: 18M, Relocated: 0M, In-Place: 0
[2026-04-03T03:38:19.637+0600][51.618s][info][gc,reloc    ] GC(51) Forwarding Usage: 46M
[2026-04-03T03:38:19.637+0600][51.618s][info][gc,heap     ] GC(51) Min Capacity: 8M(0%)
[2026-04-03T03:38:19.637+0600][51.618s][info][gc,heap     ] GC(51) Max Capacity: 2000M(100%)
[2026-04-03T03:38:19.637+0600][51.618s][info][gc,heap     ] GC(51) Soft Max Capacity: 2000M(100%)
[2026-04-03T03:38:19.637+0600][51.618s][info][gc,heap     ] GC(51)                Mark Start          Mark End        Relocate Start      Relocate End           High               Low         
[2026-04-03T03:38:19.637+0600][51.618s][info][gc,heap     ] GC(51)  Capacity:     2000M (100%)       2000M (100%)       2000M (100%)       2000M (100%)       2000M (100%)       2000M (100%)   
[2026-04-03T03:38:19.637+0600][51.618s][info][gc,heap     ] GC(51)      Free:      866M (43%)         128M (6%)          134M (7%)          766M (38%)         866M (43%)         120M (6%)     
[2026-04-03T03:38:19.637+0600][51.618s][info][gc,heap     ] GC(51)      Used:     1134M (57%)        1872M (94%)        1866M (93%)        1234M (62%)        1880M (94%)        1134M (57%)    
[2026-04-03T03:38:19.637+0600][51.618s][info][gc,heap     ] GC(51)      Live:         -               391M (20%)         391M (20%)         391M (20%)            -                  -          
[2026-04-03T03:38:19.637+0600][51.618s][info][gc,heap     ] GC(51) Allocated:         -               738M (37%)         750M (38%)         795M (40%)            -                  -          
[2026-04-03T03:38:19.637+0600][51.618s][info][gc,heap     ] GC(51)   Garbage:         -               742M (37%)         724M (36%)          47M (2%)             -                  -          
[2026-04-03T03:38:19.637+0600][51.618s][info][gc,heap     ] GC(51) Reclaimed:         -                  -                18M (1%)          695M (35%)            -                  -          
[2026-04-03T03:38:19.637+0600][51.618s][info][gc          ] GC(51) Garbage Collection (Allocation Rate) 1134M(57%)->1234M(62%)
[2026-04-03T03:38:19.726+0600][51.707s][info][gc,start    ] GC(52) Garbage Collection (Allocation Rate)
[2026-04-03T03:38:19.726+0600][51.707s][info][gc,task     ] GC(52) Using 3 workers
[2026-04-03T03:38:19.727+0600][51.707s][info][gc,phases   ] GC(52) Pause Mark Start 0.013ms
[2026-04-03T03:38:20.624+0600][52.605s][info][gc,phases   ] GC(52) Concurrent Mark 897.492ms
[2026-04-03T03:38:20.625+0600][52.605s][info][gc,phases   ] GC(52) Pause Mark End 0.027ms
[2026-04-03T03:38:20.625+0600][52.605s][info][gc,phases   ] GC(52) Concurrent Mark Free 0.001ms
[2026-04-03T03:38:20.633+0600][52.613s][info][gc,phases   ] GC(52) Concurrent Process Non-Strong References 7.979ms
[2026-04-03T03:38:20.633+0600][52.614s][info][gc,phases   ] GC(52) Concurrent Reset Relocation Set 0.065ms
[2026-04-03T03:38:20.641+0600][52.621s][info][gc,phases   ] GC(52) Concurrent Select Relocation Set 7.724ms
[2026-04-03T03:38:20.641+0600][52.622s][info][gc,phases   ] GC(52) Pause Relocate Start 0.015ms
[2026-04-03T03:38:20.730+0600][52.710s][info][gc,phases   ] GC(52) Concurrent Relocate 88.435ms
[2026-04-03T03:38:20.730+0600][52.710s][info][gc,load     ] GC(52) Load: 4.58/4.40/4.70
[2026-04-03T03:38:20.730+0600][52.710s][info][gc,mmu      ] GC(52) MMU: 2ms/93.0%, 5ms/97.2%, 10ms/98.6%, 20ms/99.3%, 50ms/99.7%, 100ms/99.9%
[2026-04-03T03:38:20.730+0600][52.710s][info][gc,marking  ] GC(52) Mark: 2 stripe(s), 2 proactive flush(es), 1 terminate flush(es), 0 completion(s), 0 continuation(s) 
[2026-04-03T03:38:20.730+0600][52.710s][info][gc,marking  ] GC(52) Mark Stack Usage: 32M
[2026-04-03T03:38:20.730+0600][52.710s][info][gc,nmethod  ] GC(52) NMethods: 7109 registered, 686 unregistered
[2026-04-03T03:38:20.730+0600][52.710s][info][gc,metaspace] GC(52) Metaspace: 71M used, 72M committed, 1088M reserved
[2026-04-03T03:38:20.730+0600][52.710s][info][gc,ref      ] GC(52) Soft: 3413 encountered, 0 discovered, 0 enqueued
[2026-04-03T03:38:20.730+0600][52.710s][info][gc,ref      ] GC(52) Weak: 6418 encountered, 1550 discovered, 0 enqueued
[2026-04-03T03:38:20.730+0600][52.710s][info][gc,ref      ] GC(52) Final: 84 encountered, 2 discovered, 0 enqueued
[2026-04-03T03:38:20.730+0600][52.710s][info][gc,ref      ] GC(52) Phantom: 598 encountered, 437 discovered, 0 enqueued
[2026-04-03T03:38:20.730+0600][52.710s][info][gc,reloc    ] GC(52) Small Pages: 555 / 1110M, Empty: 22M, Relocated: 62M, In-Place: 0
[2026-04-03T03:38:20.730+0600][52.710s][info][gc,reloc    ] GC(52) Medium Pages: 2 / 64M, Empty: 0M, Relocated: 13M, In-Place: 0
[2026-04-03T03:38:20.730+0600][52.710s][info][gc,reloc    ] GC(52) Large Pages: 9 / 114M, Empty: 50M, Relocated: 0M, In-Place: 0
[2026-04-03T03:38:20.730+0600][52.710s][info][gc,reloc    ] GC(52) Forwarding Usage: 50M
[2026-04-03T03:38:20.730+0600][52.710s][info][gc,heap     ] GC(52) Min Capacity: 8M(0%)
[2026-04-03T03:38:20.730+0600][52.710s][info][gc,heap     ] GC(52) Max Capacity: 2000M(100%)
[2026-04-03T03:38:20.730+0600][52.711s][info][gc,heap     ] GC(52) Soft Max Capacity: 2000M(100%)
[2026-04-03T03:38:20.730+0600][52.711s][info][gc,heap     ] GC(52)                Mark Start          Mark End        Relocate Start      Relocate End           High               Low         
[2026-04-03T03:38:20.730+0600][52.711s][info][gc,heap     ] GC(52)  Capacity:     2000M (100%)       2000M (100%)       2000M (100%)       2000M (100%)       2000M (100%)       2000M (100%)   
[2026-04-03T03:38:20.730+0600][52.711s][info][gc,heap     ] GC(52)      Free:      712M (36%)         612M (31%)         682M (34%)        1484M (74%)        1484M (74%)         610M (30%)    
[2026-04-03T03:38:20.730+0600][52.711s][info][gc,heap     ] GC(52)      Used:     1288M (64%)        1388M (69%)        1318M (66%)         516M (26%)        1390M (70%)         516M (26%)    
[2026-04-03T03:38:20.730+0600][52.711s][info][gc,heap     ] GC(52)      Live:         -               353M (18%)         353M (18%)         353M (18%)            -                  -          
[2026-04-03T03:38:20.730+0600][52.711s][info][gc,heap     ] GC(52) Allocated:         -               100M (5%)          102M (5%)          108M (5%)             -                  -          
[2026-04-03T03:38:20.730+0600][52.711s][info][gc,heap     ] GC(52)   Garbage:         -               934M (47%)         862M (43%)          53M (3%)             -                  -          
[2026-04-03T03:38:20.730+0600][52.711s][info][gc,heap     ] GC(52) Reclaimed:         -                  -                72M (4%)          880M (44%)            -                  -          
[2026-04-03T03:38:20.730+0600][52.711s][info][gc          ] GC(52) Garbage Collection (Allocation Rate) 1288M(64%)->516M(26%)
[2026-04-03T03:38:20.826+0600][52.807s][info][gc,start    ] GC(53) Garbage Collection (Allocation Rate)
[2026-04-03T03:38:20.826+0600][52.807s][info][gc,task     ] GC(53) Using 3 workers
[2026-04-03T03:38:20.826+0600][52.807s][info][gc,phases   ] GC(53) Pause Mark Start 0.011ms
[2026-04-03T03:38:21.192+0600][53.173s][info][gc,phases   ] GC(53) Concurrent Mark 365.707ms
[2026-04-03T03:38:21.193+0600][53.173s][info][gc,phases   ] GC(53) Pause Mark End 0.046ms
[2026-04-03T03:38:21.193+0600][53.174s][info][gc,phases   ] GC(53) Concurrent Mark Free 0.002ms
[2026-04-03T03:38:21.203+0600][53.184s][info][gc,phases   ] GC(53) Concurrent Process Non-Strong References 10.060ms
[2026-04-03T03:38:21.203+0600][53.184s][info][gc,phases   ] GC(53) Concurrent Reset Relocation Set 0.085ms
[2026-04-03T03:38:21.215+0600][53.196s][info][gc,phases   ] GC(53) Concurrent Select Relocation Set 11.789ms
[2026-04-03T03:38:21.215+0600][53.196s][info][gc,phases   ] GC(53) Pause Relocate Start 0.017ms
[2026-04-03T03:38:21.242+0600][53.223s][info][gc,phases   ] GC(53) Concurrent Relocate 26.443ms
[2026-04-03T03:38:21.242+0600][53.223s][info][gc,load     ] GC(53) Load: 4.58/4.40/4.70
[2026-04-03T03:38:21.242+0600][53.223s][info][gc,mmu      ] GC(53) MMU: 2ms/93.0%, 5ms/97.2%, 10ms/98.6%, 20ms/99.3%, 50ms/99.7%, 100ms/99.9%
[2026-04-03T03:38:21.242+0600][53.223s][info][gc,marking  ] GC(53) Mark: 2 stripe(s), 2 proactive flush(es), 1 terminate flush(es), 0 completion(s), 0 continuation(s) 
[2026-04-03T03:38:21.242+0600][53.223s][info][gc,marking  ] GC(53) Mark Stack Usage: 32M
[2026-04-03T03:38:21.242+0600][53.223s][info][gc,nmethod  ] GC(53) NMethods: 7162 registered, 697 unregistered
[2026-04-03T03:38:21.242+0600][53.223s][info][gc,metaspace] GC(53) Metaspace: 71M used, 72M committed, 1088M reserved
[2026-04-03T03:38:21.242+0600][53.223s][info][gc,ref      ] GC(53) Soft: 3413 encountered, 0 discovered, 0 enqueued
[2026-04-03T03:38:21.242+0600][53.223s][info][gc,ref      ] GC(53) Weak: 6665 encountered, 2159 discovered, 89 enqueued
[2026-04-03T03:38:21.242+0600][53.223s][info][gc,ref      ] GC(53) Final: 84 encountered, 18 discovered, 0 enqueued
[2026-04-03T03:38:21.242+0600][53.223s][info][gc,ref      ] GC(53) Phantom: 600 encountered, 430 discovered, 0 enqueued
[2026-04-03T03:38:21.242+0600][53.223s][info][gc,reloc    ] GC(53) Small Pages: 231 / 462M, Empty: 166M, Relocated: 11M, In-Place: 0
[2026-04-03T03:38:21.242+0600][53.223s][info][gc,reloc    ] GC(53) Medium Pages: 2 / 64M, Empty: 0M, Relocated: 17M, In-Place: 0
[2026-04-03T03:38:21.242+0600][53.223s][info][gc,reloc    ] GC(53) Large Pages: 7 / 82M, Empty: 70M, Relocated: 0M, In-Place: 0
[2026-04-03T03:38:21.242+0600][53.223s][info][gc,reloc    ] GC(53) Forwarding Usage: 13M
[2026-04-03T03:38:21.242+0600][53.223s][info][gc,heap     ] GC(53) Min Capacity: 8M(0%)
[2026-04-03T03:38:21.242+0600][53.223s][info][gc,heap     ] GC(53) Max Capacity: 2000M(100%)
[2026-04-03T03:38:21.242+0600][53.223s][info][gc,heap     ] GC(53) Soft Max Capacity: 2000M(100%)
[2026-04-03T03:38:21.242+0600][53.223s][info][gc,heap     ] GC(53)                Mark Start          Mark End        Relocate Start      Relocate End           High               Low         
[2026-04-03T03:38:21.242+0600][53.223s][info][gc,heap     ] GC(53)  Capacity:     2000M (100%)       2000M (100%)       2000M (100%)       2000M (100%)       2000M (100%)       2000M (100%)   
[2026-04-03T03:38:21.242+0600][53.223s][info][gc,heap     ] GC(53)      Free:     1392M (70%)        1158M (58%)        1366M (68%)        1474M (74%)        1488M (74%)        1146M (57%)    
[2026-04-03T03:38:21.242+0600][53.223s][info][gc,heap     ] GC(53)      Used:      608M (30%)         842M (42%)         634M (32%)         526M (26%)         854M (43%)         512M (26%)    
[2026-04-03T03:38:21.242+0600][53.223s][info][gc,heap     ] GC(53)      Live:         -               199M (10%)         199M (10%)         199M (10%)            -                  -          
[2026-04-03T03:38:21.242+0600][53.223s][info][gc,heap     ] GC(53) Allocated:         -               234M (12%)         262M (13%)         290M (15%)            -                  -          
[2026-04-03T03:38:21.242+0600][53.223s][info][gc,heap     ] GC(53)   Garbage:         -               408M (20%)         172M (9%)           36M (2%)             -                  -          
[2026-04-03T03:38:21.242+0600][53.223s][info][gc,heap     ] GC(53) Reclaimed:         -                  -               236M (12%)         372M (19%)            -                  -          
[2026-04-03T03:38:21.242+0600][53.223s][info][gc          ] GC(53) Garbage Collection (Allocation Rate) 608M(30%)->526M(26%)
[2026-04-03T03:38:21.326+0600][53.306s][info][gc,start    ] GC(54) Garbage Collection (Allocation Rate)
[2026-04-03T03:38:21.326+0600][53.306s][info][gc,task     ] GC(54) Using 3 workers
[2026-04-03T03:38:21.326+0600][53.307s][info][gc,phases   ] GC(54) Pause Mark Start 0.012ms
[2026-04-03T03:38:21.923+0600][53.903s][info][gc,phases   ] GC(54) Concurrent Mark 596.594ms
[2026-04-03T03:38:21.923+0600][53.904s][info][gc,phases   ] GC(54) Pause Mark End 0.059ms
[2026-04-03T03:38:21.923+0600][53.904s][info][gc,phases   ] GC(54) Concurrent Mark Free 0.002ms
[2026-04-03T03:38:21.934+0600][53.915s][info][gc,phases   ] GC(54) Concurrent Process Non-Strong References 10.971ms
[2026-04-03T03:38:21.934+0600][53.915s][info][gc,phases   ] GC(54) Concurrent Reset Relocation Set 0.017ms
[2026-04-03T03:38:21.960+0600][53.941s][info][gc,phases   ] GC(54) Concurrent Select Relocation Set 25.577ms
[2026-04-03T03:38:21.960+0600][53.941s][info][gc,phases   ] GC(54) Pause Relocate Start 0.021ms
[2026-04-03T03:38:22.075+0600][54.056s][info][gc,phases   ] GC(54) Concurrent Relocate 114.516ms
[2026-04-03T03:38:22.075+0600][54.056s][info][gc,load     ] GC(54) Load: 4.58/4.40/4.70
[2026-04-03T03:38:22.075+0600][54.056s][info][gc,mmu      ] GC(54) MMU: 2ms/93.0%, 5ms/97.2%, 10ms/98.6%, 20ms/99.3%, 50ms/99.7%, 100ms/99.9%
[2026-04-03T03:38:22.075+0600][54.056s][info][gc,marking  ] GC(54) Mark: 2 stripe(s), 10 proactive flush(es), 1 terminate flush(es), 0 completion(s), 0 continuation(s) 
[2026-04-03T03:38:22.075+0600][54.056s][info][gc,marking  ] GC(54) Mark Stack Usage: 32M
[2026-04-03T03:38:22.075+0600][54.056s][info][gc,nmethod  ] GC(54) NMethods: 7167 registered, 697 unregistered
[2026-04-03T03:38:22.075+0600][54.056s][info][gc,metaspace] GC(54) Metaspace: 71M used, 72M committed, 1088M reserved
[2026-04-03T03:38:22.075+0600][54.056s][info][gc,ref      ] GC(54) Soft: 3416 encountered, 0 discovered, 0 enqueued
[2026-04-03T03:38:22.075+0600][54.056s][info][gc,ref      ] GC(54) Weak: 6583 encountered, 502 discovered, 78 enqueued
[2026-04-03T03:38:22.075+0600][54.056s][info][gc,ref      ] GC(54) Final: 84 encountered, 2 discovered, 0 enqueued
[2026-04-03T03:38:22.075+0600][54.056s][info][gc,ref      ] GC(54) Phantom: 598 encountered, 352 discovered, 0 enqueued
[2026-04-03T03:38:22.075+0600][54.056s][info][gc,reloc    ] GC(54) Small Pages: 252 / 504M, Empty: 0M, Relocated: 78M, In-Place: 0
[2026-04-03T03:38:22.075+0600][54.056s][info][gc,reloc    ] GC(54) Medium Pages: 2 / 64M, Empty: 0M, Relocated: 11M, In-Place: 0
[2026-04-03T03:38:22.075+0600][54.056s][info][gc,reloc    ] GC(54) Large Pages: 11 / 86M, Empty: 30M, Relocated: 0M, In-Place: 0
[2026-04-03T03:38:22.075+0600][54.056s][info][gc,reloc    ] GC(54) Forwarding Usage: 51M
[2026-04-03T03:38:22.075+0600][54.056s][info][gc,heap     ] GC(54) Min Capacity: 8M(0%)
[2026-04-03T03:38:22.075+0600][54.056s][info][gc,heap     ] GC(54) Max Capacity: 2000M(100%)
[2026-04-03T03:38:22.075+0600][54.056s][info][gc,heap     ] GC(54) Soft Max Capacity: 2000M(100%)
[2026-04-03T03:38:22.075+0600][54.056s][info][gc,heap     ] GC(54)                Mark Start          Mark End        Relocate Start      Relocate End           High               Low         
[2026-04-03T03:38:22.076+0600][54.056s][info][gc,heap     ] GC(54)  Capacity:     2000M (100%)       2000M (100%)       2000M (100%)       2000M (100%)       2000M (100%)       2000M (100%)   
[2026-04-03T03:38:22.076+0600][54.056s][info][gc,heap     ] GC(54)      Free:     1346M (67%)         870M (44%)         856M (43%)        1032M (52%)        1346M (67%)         822M (41%)    
[2026-04-03T03:38:22.076+0600][54.056s][info][gc,heap     ] GC(54)      Used:      654M (33%)        1130M (56%)        1144M (57%)         968M (48%)        1178M (59%)         654M (33%)    
[2026-04-03T03:38:22.076+0600][54.056s][info][gc,heap     ] GC(54)      Live:         -               311M (16%)         311M (16%)         311M (16%)            -                  -          
[2026-04-03T03:38:22.076+0600][54.056s][info][gc,heap     ] GC(54) Allocated:         -               476M (24%)         520M (26%)         613M (31%)            -                  -          
[2026-04-03T03:38:22.076+0600][54.056s][info][gc,heap     ] GC(54)   Garbage:         -               342M (17%)         312M (16%)          42M (2%)             -                  -          
[2026-04-03T03:38:22.076+0600][54.056s][info][gc,heap     ] GC(54) Reclaimed:         -                  -                30M (2%)          299M (15%)            -                  -          
[2026-04-03T03:38:22.076+0600][54.056s][info][gc          ] GC(54) Garbage Collection (Allocation Rate) 654M(33%)->968M(48%)
[2026-04-03T03:38:22.126+0600][54.107s][info][gc,start    ] GC(55) Garbage Collection (Allocation Rate)
[2026-04-03T03:38:22.126+0600][54.107s][info][gc,task     ] GC(55) Using 3 workers
[2026-04-03T03:38:22.126+0600][54.107s][info][gc,phases   ] GC(55) Pause Mark Start 0.012ms
[2026-04-03T03:38:22.880+0600][54.861s][info][gc,phases   ] GC(55) Concurrent Mark 753.495ms
[2026-04-03T03:38:22.880+0600][54.861s][info][gc,phases   ] GC(55) Pause Mark End 0.062ms
[2026-04-03T03:38:22.881+0600][54.861s][info][gc,phases   ] GC(55) Concurrent Mark Free 0.002ms
[2026-04-03T03:38:22.893+0600][54.874s][info][gc,phases   ] GC(55) Concurrent Process Non-Strong References 12.637ms
[2026-04-03T03:38:22.893+0600][54.874s][info][gc,phases   ] GC(55) Concurrent Reset Relocation Set 0.055ms
[2026-04-03T03:38:22.911+0600][54.891s][info][gc,phases   ] GC(55) Concurrent Select Relocation Set 17.066ms
[2026-04-03T03:38:22.911+0600][54.892s][info][gc,phases   ] GC(55) Pause Relocate Start 0.050ms
[2026-04-03T03:38:23.028+0600][55.009s][info][gc,phases   ] GC(55) Concurrent Relocate 116.351ms
[2026-04-03T03:38:23.028+0600][55.009s][info][gc,load     ] GC(55) Load: 4.58/4.40/4.70
[2026-04-03T03:38:23.028+0600][55.009s][info][gc,mmu      ] GC(55) MMU: 2ms/93.0%, 5ms/97.2%, 10ms/98.6%, 20ms/99.3%, 50ms/99.7%, 100ms/99.9%
[2026-04-03T03:38:23.028+0600][55.009s][info][gc,marking  ] GC(55) Mark: 2 stripe(s), 2 proactive flush(es), 1 terminate flush(es), 0 completion(s), 0 continuation(s) 
[2026-04-03T03:38:23.028+0600][55.009s][info][gc,marking  ] GC(55) Mark Stack Usage: 32M
[2026-04-03T03:38:23.028+0600][55.009s][info][gc,nmethod  ] GC(55) NMethods: 7166 registered, 698 unregistered
[2026-04-03T03:38:23.028+0600][55.009s][info][gc,metaspace] GC(55) Metaspace: 71M used, 72M committed, 1088M reserved
[2026-04-03T03:38:23.028+0600][55.009s][info][gc,ref      ] GC(55) Soft: 3416 encountered, 0 discovered, 0 enqueued
[2026-04-03T03:38:23.028+0600][55.009s][info][gc,ref      ] GC(55) Weak: 6505 encountered, 2079 discovered, 0 enqueued
[2026-04-03T03:38:23.028+0600][55.009s][info][gc,ref      ] GC(55) Final: 84 encountered, 2 discovered, 0 enqueued
[2026-04-03T03:38:23.028+0600][55.009s][info][gc,ref      ] GC(55) Phantom: 598 encountered, 428 discovered, 0 enqueued
[2026-04-03T03:38:23.028+0600][55.009s][info][gc,reloc    ] GC(55) Small Pages: 435 / 870M, Empty: 0M, Relocated: 92M, In-Place: 0
[2026-04-03T03:38:23.028+0600][55.009s][info][gc,reloc    ] GC(55) Medium Pages: 2 / 64M, Empty: 32M, Relocated: 0M, In-Place: 0
[2026-04-03T03:38:23.028+0600][55.009s][info][gc,reloc    ] GC(55) Large Pages: 11 / 94M, Empty: 36M, Relocated: 0M, In-Place: 0
[2026-04-03T03:38:23.028+0600][55.009s][info][gc,reloc    ] GC(55) Forwarding Usage: 64M
[2026-04-03T03:38:23.028+0600][55.009s][info][gc,heap     ] GC(55) Min Capacity: 8M(0%)
[2026-04-03T03:38:23.028+0600][55.009s][info][gc,heap     ] GC(55) Max Capacity: 2000M(100%)
[2026-04-03T03:38:23.028+0600][55.009s][info][gc,heap     ] GC(55) Soft Max Capacity: 2000M(100%)
[2026-04-03T03:38:23.028+0600][55.009s][info][gc,heap     ] GC(55)                Mark Start          Mark End        Relocate Start      Relocate End           High               Low         
[2026-04-03T03:38:23.028+0600][55.009s][info][gc,heap     ] GC(55)  Capacity:     2000M (100%)       2000M (100%)       2000M (100%)       2000M (100%)       2000M (100%)       2000M (100%)   
[2026-04-03T03:38:23.028+0600][55.009s][info][gc,heap     ] GC(55)      Free:      972M (49%)         382M (19%)         424M (21%)         926M (46%)         972M (49%)         368M (18%)    
[2026-04-03T03:38:23.028+0600][55.009s][info][gc,heap     ] GC(55)      Used:     1028M (51%)        1618M (81%)        1576M (79%)        1074M (54%)        1632M (82%)        1028M (51%)    
[2026-04-03T03:38:23.028+0600][55.009s][info][gc,heap     ] GC(55)      Live:         -               360M (18%)         360M (18%)         360M (18%)            -                  -          
[2026-04-03T03:38:23.028+0600][55.009s][info][gc,heap     ] GC(55) Allocated:         -               590M (30%)         616M (31%)         670M (34%)            -                  -          
[2026-04-03T03:38:23.028+0600][55.009s][info][gc,heap     ] GC(55)   Garbage:         -               667M (33%)         599M (30%)          43M (2%)             -                  -          
[2026-04-03T03:38:23.028+0600][55.009s][info][gc,heap     ] GC(55) Reclaimed:         -                  -                68M (3%)          624M (31%)            -                  -          
[2026-04-03T03:38:23.028+0600][55.009s][info][gc          ] GC(55) Garbage Collection (Allocation Rate) 1028M(51%)->1074M(54%)
[2026-04-03T03:38:23.126+0600][55.107s][info][gc,start    ] GC(56) Garbage Collection (Allocation Rate)
[2026-04-03T03:38:23.126+0600][55.107s][info][gc,task     ] GC(56) Using 3 workers
[2026-04-03T03:38:23.126+0600][55.107s][info][gc,phases   ] GC(56) Pause Mark Start 0.012ms
[2026-04-03T03:38:24.080+0600][56.061s][info][gc,phases   ] GC(56) Concurrent Mark 953.875ms
[2026-04-03T03:38:24.080+0600][56.061s][info][gc,phases   ] GC(56) Pause Mark End 0.033ms
[2026-04-03T03:38:24.081+0600][56.061s][info][gc,phases   ] GC(56) Concurrent Mark Free 0.002ms
[2026-04-03T03:38:24.091+0600][56.072s][info][gc,phases   ] GC(56) Concurrent Process Non-Strong References 10.230ms
[2026-04-03T03:38:24.091+0600][56.072s][info][gc,phases   ] GC(56) Concurrent Reset Relocation Set 0.096ms
[2026-04-03T03:38:24.102+0600][56.083s][info][gc,phases   ] GC(56) Concurrent Select Relocation Set 10.888ms
[2026-04-03T03:38:24.102+0600][56.083s][info][gc,phases   ] GC(56) Pause Relocate Start 0.019ms
[2026-04-03T03:38:24.201+0600][56.182s][info][gc,phases   ] GC(56) Concurrent Relocate 98.793ms
[2026-04-03T03:38:24.201+0600][56.182s][info][gc,load     ] GC(56) Load: 4.58/4.40/4.70
[2026-04-03T03:38:24.201+0600][56.182s][info][gc,mmu      ] GC(56) MMU: 2ms/93.0%, 5ms/97.2%, 10ms/98.6%, 20ms/99.3%, 50ms/99.7%, 100ms/99.9%
[2026-04-03T03:38:24.202+0600][56.182s][info][gc,marking  ] GC(56) Mark: 2 stripe(s), 10 proactive flush(es), 1 terminate flush(es), 0 completion(s), 0 continuation(s) 
[2026-04-03T03:38:24.202+0600][56.182s][info][gc,marking  ] GC(56) Mark Stack Usage: 32M
[2026-04-03T03:38:24.202+0600][56.182s][info][gc,nmethod  ] GC(56) NMethods: 7166 registered, 698 unregistered
[2026-04-03T03:38:24.202+0600][56.182s][info][gc,metaspace] GC(56) Metaspace: 71M used, 72M committed, 1088M reserved
[2026-04-03T03:38:24.202+0600][56.182s][info][gc,ref      ] GC(56) Soft: 3416 encountered, 0 discovered, 0 enqueued
[2026-04-03T03:38:24.202+0600][56.182s][info][gc,ref      ] GC(56) Weak: 6505 encountered, 1895 discovered, 0 enqueued
[2026-04-03T03:38:24.202+0600][56.182s][info][gc,ref      ] GC(56) Final: 84 encountered, 23 discovered, 0 enqueued
[2026-04-03T03:38:24.202+0600][56.182s][info][gc,ref      ] GC(56) Phantom: 598 encountered, 510 discovered, 0 enqueued
[2026-04-03T03:38:24.202+0600][56.182s][info][gc,reloc    ] GC(56) Small Pages: 525 / 1050M, Empty: 0M, Relocated: 46M, In-Place: 0
[2026-04-03T03:38:24.202+0600][56.182s][info][gc,reloc    ] GC(56) Medium Pages: 1 / 32M, Empty: 0M, Relocated: 0M, In-Place: 0
[2026-04-03T03:38:24.202+0600][56.182s][info][gc,reloc    ] GC(56) Large Pages: 9 / 78M, Empty: 18M, Relocated: 0M, In-Place: 0
[2026-04-03T03:38:24.202+0600][56.182s][info][gc,reloc    ] GC(56) Forwarding Usage: 44M
[2026-04-03T03:38:24.202+0600][56.182s][info][gc,heap     ] GC(56) Min Capacity: 8M(0%)
[2026-04-03T03:38:24.202+0600][56.182s][info][gc,heap     ] GC(56) Max Capacity: 2000M(100%)
[2026-04-03T03:38:24.202+0600][56.182s][info][gc,heap     ] GC(56) Soft Max Capacity: 2000M(100%)
[2026-04-03T03:38:24.202+0600][56.182s][info][gc,heap     ] GC(56)                Mark Start          Mark End        Relocate Start      Relocate End           High               Low         
[2026-04-03T03:38:24.202+0600][56.182s][info][gc,heap     ] GC(56)  Capacity:     2000M (100%)       2000M (100%)       2000M (100%)       2000M (100%)       2000M (100%)       2000M (100%)   
[2026-04-03T03:38:24.202+0600][56.182s][info][gc,heap     ] GC(56)      Free:      840M (42%)         308M (15%)         316M (16%)         992M (50%)         992M (50%)         302M (15%)    
[2026-04-03T03:38:24.202+0600][56.182s][info][gc,heap     ] GC(56)      Used:     1160M (58%)        1692M (85%)        1684M (84%)        1008M (50%)        1698M (85%)        1008M (50%)    
[2026-04-03T03:38:24.202+0600][56.182s][info][gc,heap     ] GC(56)      Live:         -               394M (20%)         394M (20%)         394M (20%)            -                  -          
[2026-04-03T03:38:24.202+0600][56.182s][info][gc,heap     ] GC(56) Allocated:         -               532M (27%)         542M (27%)         564M (28%)            -                  -          
[2026-04-03T03:38:24.202+0600][56.183s][info][gc,heap     ] GC(56)   Garbage:         -               765M (38%)         747M (37%)          48M (2%)             -                  -          
[2026-04-03T03:38:24.202+0600][56.183s][info][gc,heap     ] GC(56) Reclaimed:         -                  -                18M (1%)          716M (36%)            -                  -          
[2026-04-03T03:38:24.202+0600][56.183s][info][gc          ] GC(56) Garbage Collection (Allocation Rate) 1160M(58%)->1008M(50%)
[2026-04-03T03:38:24.227+0600][56.207s][info][gc,start    ] GC(57) Garbage Collection (Allocation Rate)
[2026-04-03T03:38:24.227+0600][56.207s][info][gc,task     ] GC(57) Using 3 workers
[2026-04-03T03:38:24.227+0600][56.208s][info][gc,phases   ] GC(57) Pause Mark Start 0.012ms
[2026-04-03T03:38:25.060+0600][57.041s][info][gc,phases   ] GC(57) Concurrent Mark 832.719ms
[2026-04-03T03:38:25.060+0600][57.041s][info][gc,phases   ] GC(57) Pause Mark End 0.051ms
[2026-04-03T03:38:25.060+0600][57.041s][info][gc,phases   ] GC(57) Concurrent Mark Free 0.001ms
[2026-04-03T03:38:25.068+0600][57.048s][info][gc,phases   ] GC(57) Concurrent Process Non-Strong References 7.519ms
[2026-04-03T03:38:25.068+0600][57.049s][info][gc,phases   ] GC(57) Concurrent Reset Relocation Set 0.065ms
[2026-04-03T03:38:25.075+0600][57.055s][info][gc,phases   ] GC(57) Concurrent Select Relocation Set 6.728ms
[2026-04-03T03:38:25.075+0600][57.056s][info][gc,phases   ] GC(57) Pause Relocate Start 0.016ms
[2026-04-03T03:38:25.146+0600][57.127s][info][gc,phases   ] GC(57) Concurrent Relocate 71.153ms
[2026-04-03T03:38:25.146+0600][57.127s][info][gc,load     ] GC(57) Load: 4.58/4.40/4.70
[2026-04-03T03:38:25.146+0600][57.127s][info][gc,mmu      ] GC(57) MMU: 2ms/93.0%, 5ms/97.2%, 10ms/98.6%, 20ms/99.3%, 50ms/99.7%, 100ms/99.9%
[2026-04-03T03:38:25.146+0600][57.127s][info][gc,marking  ] GC(57) Mark: 2 stripe(s), 2 proactive flush(es), 1 terminate flush(es), 0 completion(s), 0 continuation(s) 
[2026-04-03T03:38:25.146+0600][57.127s][info][gc,marking  ] GC(57) Mark Stack Usage: 32M
[2026-04-03T03:38:25.146+0600][57.127s][info][gc,nmethod  ] GC(57) NMethods: 7191 registered, 698 unregistered
[2026-04-03T03:38:25.146+0600][57.127s][info][gc,metaspace] GC(57) Metaspace: 71M used, 72M committed, 1088M reserved
[2026-04-03T03:38:25.146+0600][57.127s][info][gc,ref      ] GC(57) Soft: 3416 encountered, 0 discovered, 0 enqueued
[2026-04-03T03:38:25.146+0600][57.127s][info][gc,ref      ] GC(57) Weak: 6503 encountered, 1756 discovered, 0 enqueued
[2026-04-03T03:38:25.146+0600][57.127s][info][gc,ref      ] GC(57) Final: 84 encountered, 2 discovered, 0 enqueued
[2026-04-03T03:38:25.146+0600][57.127s][info][gc,ref      ] GC(57) Phantom: 598 encountered, 437 discovered, 0 enqueued
[2026-04-03T03:38:25.146+0600][57.127s][info][gc,reloc    ] GC(57) Small Pages: 419 / 838M, Empty: 18M, Relocated: 47M, In-Place: 0
[2026-04-03T03:38:25.146+0600][57.127s][info][gc,reloc    ] GC(57) Medium Pages: 2 / 64M, Empty: 0M, Relocated: 14M, In-Place: 0
[2026-04-03T03:38:25.146+0600][57.127s][info][gc,reloc    ] GC(57) Large Pages: 9 / 114M, Empty: 50M, Relocated: 0M, In-Place: 0
[2026-04-03T03:38:25.146+0600][57.127s][info][gc,reloc    ] GC(57) Forwarding Usage: 36M
[2026-04-03T03:38:25.146+0600][57.127s][info][gc,heap     ] GC(57) Min Capacity: 8M(0%)
[2026-04-03T03:38:25.147+0600][57.127s][info][gc,heap     ] GC(57) Max Capacity: 2000M(100%)
[2026-04-03T03:38:25.147+0600][57.127s][info][gc,heap     ] GC(57) Soft Max Capacity: 2000M(100%)
[2026-04-03T03:38:25.147+0600][57.127s][info][gc,heap     ] GC(57)                Mark Start          Mark End        Relocate Start      Relocate End           High               Low         
[2026-04-03T03:38:25.147+0600][57.127s][info][gc,heap     ] GC(57)  Capacity:     2000M (100%)       2000M (100%)       2000M (100%)       2000M (100%)       2000M (100%)       2000M (100%)   
[2026-04-03T03:38:25.147+0600][57.127s][info][gc,heap     ] GC(57)      Free:      984M (49%)         888M (44%)         954M (48%)        1496M (75%)        1496M (75%)         886M (44%)    
[2026-04-03T03:38:25.147+0600][57.127s][info][gc,heap     ] GC(57)      Used:     1016M (51%)        1112M (56%)        1046M (52%)         504M (25%)        1114M (56%)         504M (25%)    
[2026-04-03T03:38:25.147+0600][57.127s][info][gc,heap     ] GC(57)      Live:         -               351M (18%)         351M (18%)         351M (18%)            -                  -          
[2026-04-03T03:38:25.147+0600][57.127s][info][gc,heap     ] GC(57) Allocated:         -                96M (5%)           98M (5%)          100M (5%)             -                  -          
[2026-04-03T03:38:25.147+0600][57.127s][info][gc,heap     ] GC(57)   Garbage:         -               664M (33%)         596M (30%)          51M (3%)             -                  -          
[2026-04-03T03:38:25.147+0600][57.127s][info][gc,heap     ] GC(57) Reclaimed:         -                  -                68M (3%)          612M (31%)            -                  -          
[2026-04-03T03:38:25.147+0600][57.127s][info][gc          ] GC(57) Garbage Collection (Allocation Rate) 1016M(51%)->504M(25%)
[2026-04-03T03:38:25.627+0600][57.607s][info][gc,start    ] GC(58) Garbage Collection (Allocation Rate)
[2026-04-03T03:38:25.627+0600][57.607s][info][gc,task     ] GC(58) Using 3 workers
[2026-04-03T03:38:25.627+0600][57.608s][info][gc,phases   ] GC(58) Pause Mark Start 0.010ms
[2026-04-03T03:38:25.990+0600][57.971s][info][gc,phases   ] GC(58) Concurrent Mark 363.409ms
[2026-04-03T03:38:25.991+0600][57.972s][info][gc,phases   ] GC(58) Pause Mark End 0.049ms
[2026-04-03T03:38:25.991+0600][57.972s][info][gc,phases   ] GC(58) Concurrent Mark Free 0.007ms
[2026-04-03T03:38:26.003+0600][57.984s][info][gc,phases   ] GC(58) Concurrent Process Non-Strong References 11.888ms
[2026-04-03T03:38:26.003+0600][57.984s][info][gc,phases   ] GC(58) Concurrent Reset Relocation Set 0.067ms
[2026-04-03T03:38:26.013+0600][57.994s][info][gc,phases   ] GC(58) Concurrent Select Relocation Set 9.796ms
[2026-04-03T03:38:26.014+0600][57.994s][info][gc,phases   ] GC(58) Pause Relocate Start 0.020ms
[2026-04-03T03:38:26.045+0600][58.025s][info][gc,phases   ] GC(58) Concurrent Relocate 30.736ms
[2026-04-03T03:38:26.045+0600][58.026s][info][gc,load     ] GC(58) Load: 4.70/4.43/4.70
[2026-04-03T03:38:26.045+0600][58.026s][info][gc,mmu      ] GC(58) MMU: 2ms/93.0%, 5ms/97.2%, 10ms/98.6%, 20ms/99.3%, 50ms/99.7%, 100ms/99.9%
[2026-04-03T03:38:26.045+0600][58.026s][info][gc,marking  ] GC(58) Mark: 2 stripe(s), 2 proactive flush(es), 1 terminate flush(es), 0 completion(s), 0 continuation(s) 
[2026-04-03T03:38:26.045+0600][58.026s][info][gc,marking  ] GC(58) Mark Stack Usage: 32M
[2026-04-03T03:38:26.045+0600][58.026s][info][gc,nmethod  ] GC(58) NMethods: 7315 registered, 712 unregistered
[2026-04-03T03:38:26.045+0600][58.026s][info][gc,metaspace] GC(58) Metaspace: 71M used, 72M committed, 1088M reserved
[2026-04-03T03:38:26.045+0600][58.026s][info][gc,ref      ] GC(58) Soft: 3413 encountered, 0 discovered, 0 enqueued
[2026-04-03T03:38:26.045+0600][58.026s][info][gc,ref      ] GC(58) Weak: 6820 encountered, 1654 discovered, 296 enqueued
[2026-04-03T03:38:26.045+0600][58.026s][info][gc,ref      ] GC(58) Final: 84 encountered, 2 discovered, 0 enqueued
[2026-04-03T03:38:26.045+0600][58.026s][info][gc,ref      ] GC(58) Phantom: 601 encountered, 412 discovered, 0 enqueued
[2026-04-03T03:38:26.045+0600][58.026s][info][gc,reloc    ] GC(58) Small Pages: 348 / 696M, Empty: 378M, Relocated: 8M, In-Place: 0
[2026-04-03T03:38:26.045+0600][58.026s][info][gc,reloc    ] GC(58) Medium Pages: 3 / 96M, Empty: 32M, Relocated: 17M, In-Place: 0
[2026-04-03T03:38:26.045+0600][58.026s][info][gc,reloc    ] GC(58) Large Pages: 12 / 124M, Empty: 124M, Relocated: 0M, In-Place: 0
[2026-04-03T03:38:26.045+0600][58.026s][info][gc,reloc    ] GC(58) Forwarding Usage: 8M
[2026-04-03T03:38:26.045+0600][58.026s][info][gc,heap     ] GC(58) Min Capacity: 8M(0%)
[2026-04-03T03:38:26.045+0600][58.026s][info][gc,heap     ] GC(58) Max Capacity: 2000M(100%)
[2026-04-03T03:38:26.045+0600][58.026s][info][gc,heap     ] GC(58) Soft Max Capacity: 2000M(100%)
[2026-04-03T03:38:26.045+0600][58.026s][info][gc,heap     ] GC(58)                Mark Start          Mark End        Relocate Start      Relocate End           High               Low         
[2026-04-03T03:38:26.045+0600][58.026s][info][gc,heap     ] GC(58)  Capacity:     2000M (100%)       2000M (100%)       2000M (100%)       2000M (100%)       2000M (100%)       2000M (100%)   
[2026-04-03T03:38:26.045+0600][58.026s][info][gc,heap     ] GC(58)      Free:     1084M (54%)         858M (43%)        1328M (66%)        1476M (74%)        1476M (74%)         844M (42%)    
[2026-04-03T03:38:26.045+0600][58.026s][info][gc,heap     ] GC(58)      Used:      916M (46%)        1142M (57%)         672M (34%)         524M (26%)        1156M (58%)         524M (26%)    
[2026-04-03T03:38:26.045+0600][58.026s][info][gc,heap     ] GC(58)      Live:         -               183M (9%)          183M (9%)          183M (9%)             -                  -          
[2026-04-03T03:38:26.045+0600][58.026s][info][gc,heap     ] GC(58) Allocated:         -               226M (11%)         290M (14%)         305M (15%)            -                  -          
[2026-04-03T03:38:26.045+0600][58.026s][info][gc,heap     ] GC(58)   Garbage:         -               732M (37%)         198M (10%)          34M (2%)             -                  -          
[2026-04-03T03:38:26.045+0600][58.026s][info][gc,heap     ] GC(58) Reclaimed:         -                  -               534M (27%)         697M (35%)            -                  -          
[2026-04-03T03:38:26.045+0600][58.026s][info][gc          ] GC(58) Garbage Collection (Allocation Rate) 916M(46%)->524M(26%)
[2026-04-03T03:38:26.126+0600][58.107s][info][gc,start    ] GC(59) Garbage Collection (Allocation Rate)
[2026-04-03T03:38:26.126+0600][58.107s][info][gc,task     ] GC(59) Using 3 workers
[2026-04-03T03:38:26.127+0600][58.107s][info][gc,phases   ] GC(59) Pause Mark Start 0.015ms
[2026-04-03T03:38:26.485+0600][58.466s][info][gc,phases   ] GC(59) Concurrent Mark 358.678ms
[2026-04-03T03:38:26.486+0600][58.466s][info][gc,phases   ] GC(59) Pause Mark End 0.045ms
[2026-04-03T03:38:26.486+0600][58.467s][info][gc,phases   ] GC(59) Concurrent Mark Free 0.002ms
[2026-04-03T03:38:26.496+0600][58.477s][info][gc,phases   ] GC(59) Concurrent Process Non-Strong References 10.433ms
[2026-04-03T03:38:26.497+0600][58.477s][info][gc,phases   ] GC(59) Concurrent Reset Relocation Set 0.017ms
[2026-04-03T03:38:26.502+0600][58.483s][info][gc,phases   ] GC(59) Concurrent Select Relocation Set 5.840ms
[2026-04-03T03:38:26.503+0600][58.483s][info][gc,phases   ] GC(59) Pause Relocate Start 0.041ms
[2026-04-03T03:38:26.523+0600][58.504s][info][gc,phases   ] GC(59) Concurrent Relocate 20.018ms
[2026-04-03T03:38:26.523+0600][58.504s][info][gc,load     ] GC(59) Load: 4.70/4.43/4.70
[2026-04-03T03:38:26.523+0600][58.504s][info][gc,mmu      ] GC(59) MMU: 2ms/93.0%, 5ms/97.2%, 10ms/98.6%, 20ms/99.3%, 50ms/99.7%, 100ms/99.9%
[2026-04-03T03:38:26.523+0600][58.504s][info][gc,marking  ] GC(59) Mark: 2 stripe(s), 3 proactive flush(es), 1 terminate flush(es), 0 completion(s), 0 continuation(s) 
[2026-04-03T03:38:26.523+0600][58.504s][info][gc,marking  ] GC(59) Mark Stack Usage: 32M
[2026-04-03T03:38:26.523+0600][58.504s][info][gc,nmethod  ] GC(59) NMethods: 7366 registered, 719 unregistered
[2026-04-03T03:38:26.523+0600][58.504s][info][gc,metaspace] GC(59) Metaspace: 71M used, 72M committed, 1088M reserved
[2026-04-03T03:38:26.523+0600][58.504s][info][gc,ref      ] GC(59) Soft: 3413 encountered, 0 discovered, 0 enqueued
[2026-04-03T03:38:26.523+0600][58.504s][info][gc,ref      ] GC(59) Weak: 6687 encountered, 2095 discovered, 230 enqueued
[2026-04-03T03:38:26.523+0600][58.504s][info][gc,ref      ] GC(59) Final: 84 encountered, 2 discovered, 0 enqueued
[2026-04-03T03:38:26.523+0600][58.504s][info][gc,ref      ] GC(59) Phantom: 599 encountered, 418 discovered, 0 enqueued
[2026-04-03T03:38:26.523+0600][58.504s][info][gc,reloc    ] GC(59) Small Pages: 243 / 486M, Empty: 204M, Relocated: 8M, In-Place: 0
[2026-04-03T03:38:26.523+0600][58.504s][info][gc,reloc    ] GC(59) Medium Pages: 2 / 64M, Empty: 0M, Relocated: 17M, In-Place: 0
[2026-04-03T03:38:26.523+0600][58.504s][info][gc,reloc    ] GC(59) Large Pages: 7 / 54M, Empty: 54M, Relocated: 0M, In-Place: 0
[2026-04-03T03:38:26.523+0600][58.504s][info][gc,reloc    ] GC(59) Forwarding Usage: 9M
[2026-04-03T03:38:26.523+0600][58.504s][info][gc,heap     ] GC(59) Min Capacity: 8M(0%)
[2026-04-03T03:38:26.523+0600][58.504s][info][gc,heap     ] GC(59) Max Capacity: 2000M(100%)
[2026-04-03T03:38:26.523+0600][58.504s][info][gc,heap     ] GC(59) Soft Max Capacity: 2000M(100%)
[2026-04-03T03:38:26.523+0600][58.504s][info][gc,heap     ] GC(59)                Mark Start          Mark End        Relocate Start      Relocate End           High               Low         
[2026-04-03T03:38:26.523+0600][58.504s][info][gc,heap     ] GC(59)  Capacity:     2000M (100%)       2000M (100%)       2000M (100%)       2000M (100%)       2000M (100%)       2000M (100%)   
[2026-04-03T03:38:26.523+0600][58.504s][info][gc,heap     ] GC(59)      Free:     1396M (70%)        1220M (61%)        1460M (73%)        1580M (79%)        1580M (79%)        1214M (61%)    
[2026-04-03T03:38:26.523+0600][58.504s][info][gc,heap     ] GC(59)      Used:      604M (30%)         780M (39%)         540M (27%)         420M (21%)         786M (39%)         420M (21%)    
[2026-04-03T03:38:26.523+0600][58.504s][info][gc,heap     ] GC(59)      Live:         -               184M (9%)          184M (9%)          184M (9%)             -                  -          
[2026-04-03T03:38:26.523+0600][58.504s][info][gc,heap     ] GC(59) Allocated:         -               176M (9%)          194M (10%)         199M (10%)            -                  -          
[2026-04-03T03:38:26.523+0600][58.504s][info][gc,heap     ] GC(59)   Garbage:         -               419M (21%)         161M (8%)           35M (2%)             -                  -          
[2026-04-03T03:38:26.523+0600][58.504s][info][gc,heap     ] GC(59) Reclaimed:         -                  -               258M (13%)         383M (19%)            -                  -          
[2026-04-03T03:38:26.523+0600][58.504s][info][gc          ] GC(59) Garbage Collection (Allocation Rate) 604M(30%)->420M(21%)
[2026-04-03T03:38:26.526+0600][58.507s][info][gc,start    ] GC(60) Garbage Collection (Allocation Rate)
[2026-04-03T03:38:26.526+0600][58.507s][info][gc,task     ] GC(60) Using 3 workers
[2026-04-03T03:38:26.526+0600][58.507s][info][gc,phases   ] GC(60) Pause Mark Start 0.040ms
[2026-04-03T03:38:26.956+0600][58.937s][info][gc,phases   ] GC(60) Concurrent Mark 429.549ms
[2026-04-03T03:38:26.956+0600][58.937s][info][gc,phases   ] GC(60) Pause Mark End 0.029ms
[2026-04-03T03:38:26.957+0600][58.937s][info][gc,phases   ] GC(60) Concurrent Mark Free 0.003ms
[2026-04-03T03:38:26.966+0600][58.947s][info][gc,phases   ] GC(60) Concurrent Process Non-Strong References 9.702ms
[2026-04-03T03:38:26.966+0600][58.947s][info][gc,phases   ] GC(60) Concurrent Reset Relocation Set 0.015ms
[2026-04-03T03:38:26.978+0600][58.959s][info][gc,phases   ] GC(60) Concurrent Select Relocation Set 11.421ms
[2026-04-03T03:38:26.978+0600][58.959s][info][gc,phases   ] GC(60) Pause Relocate Start 0.018ms
[2026-04-03T03:38:27.019+0600][58.999s][info][gc,phases   ] GC(60) Concurrent Relocate 40.116ms
[2026-04-03T03:38:27.019+0600][58.999s][info][gc,load     ] GC(60) Load: 4.70/4.43/4.70
[2026-04-03T03:38:27.019+0600][58.999s][info][gc,mmu      ] GC(60) MMU: 2ms/93.0%, 5ms/97.2%, 10ms/98.6%, 20ms/99.3%, 50ms/99.7%, 100ms/99.9%
[2026-04-03T03:38:27.019+0600][58.999s][info][gc,marking  ] GC(60) Mark: 2 stripe(s), 2 proactive flush(es), 1 terminate flush(es), 0 completion(s), 0 continuation(s) 
[2026-04-03T03:38:27.019+0600][58.999s][info][gc,marking  ] GC(60) Mark Stack Usage: 32M
[2026-04-03T03:38:27.019+0600][58.999s][info][gc,nmethod  ] GC(60) NMethods: 7423 registered, 719 unregistered
[2026-04-03T03:38:27.019+0600][58.999s][info][gc,metaspace] GC(60) Metaspace: 71M used, 72M committed, 1088M reserved
[2026-04-03T03:38:27.019+0600][58.999s][info][gc,ref      ] GC(60) Soft: 3416 encountered, 0 discovered, 0 enqueued
[2026-04-03T03:38:27.019+0600][59.000s][info][gc,ref      ] GC(60) Weak: 6459 encountered, 1662 discovered, 4 enqueued
[2026-04-03T03:38:27.019+0600][59.000s][info][gc,ref      ] GC(60) Final: 84 encountered, 2 discovered, 0 enqueued
[2026-04-03T03:38:27.019+0600][59.000s][info][gc,ref      ] GC(60) Phantom: 607 encountered, 419 discovered, 0 enqueued
[2026-04-03T03:38:27.019+0600][59.000s][info][gc,reloc    ] GC(60) Small Pages: 171 / 342M, Empty: 20M, Relocated: 22M, In-Place: 0
[2026-04-03T03:38:27.019+0600][59.000s][info][gc,reloc    ] GC(60) Medium Pages: 1 / 32M, Empty: 0M, Relocated: 0M, In-Place: 0
[2026-04-03T03:38:27.019+0600][59.000s][info][gc,reloc    ] GC(60) Large Pages: 6 / 48M, Empty: 18M, Relocated: 0M, In-Place: 0
[2026-04-03T03:38:27.019+0600][59.000s][info][gc,reloc    ] GC(60) Forwarding Usage: 22M
[2026-04-03T03:38:27.019+0600][59.000s][info][gc,heap     ] GC(60) Min Capacity: 8M(0%)
[2026-04-03T03:38:27.019+0600][59.000s][info][gc,heap     ] GC(60) Max Capacity: 2000M(100%)
[2026-04-03T03:38:27.019+0600][59.000s][info][gc,heap     ] GC(60) Soft Max Capacity: 2000M(100%)
[2026-04-03T03:38:27.019+0600][59.000s][info][gc,heap     ] GC(60)                Mark Start          Mark End        Relocate Start      Relocate End           High               Low         
[2026-04-03T03:38:27.019+0600][59.000s][info][gc,heap     ] GC(60)  Capacity:     2000M (100%)       2000M (100%)       2000M (100%)       2000M (100%)       2000M (100%)       2000M (100%)   
[2026-04-03T03:38:27.019+0600][59.000s][info][gc,heap     ] GC(60)      Free:     1578M (79%)        1402M (70%)        1428M (71%)        1492M (75%)        1578M (79%)        1400M (70%)    
[2026-04-03T03:38:27.019+0600][59.000s][info][gc,heap     ] GC(60)      Used:      422M (21%)         598M (30%)         572M (29%)         508M (25%)         600M (30%)         422M (21%)    
[2026-04-03T03:38:27.019+0600][59.000s][info][gc,heap     ] GC(60)      Live:         -               224M (11%)         224M (11%)         224M (11%)            -                  -          
[2026-04-03T03:38:27.019+0600][59.000s][info][gc,heap     ] GC(60) Allocated:         -               176M (9%)          188M (9%)          241M (12%)            -                  -          
[2026-04-03T03:38:27.019+0600][59.000s][info][gc,heap     ] GC(60)   Garbage:         -               197M (10%)         159M (8%)           41M (2%)             -                  -          
[2026-04-03T03:38:27.019+0600][59.000s][info][gc,heap     ] GC(60) Reclaimed:         -                  -                38M (2%)          155M (8%)             -                  -          
[2026-04-03T03:38:27.019+0600][59.000s][info][gc          ] GC(60) Garbage Collection (Allocation Rate) 422M(21%)->508M(25%)
[2026-04-03T03:38:27.226+0600][59.207s][info][gc,start    ] GC(61) Garbage Collection (Allocation Rate)
[2026-04-03T03:38:27.226+0600][59.207s][info][gc,task     ] GC(61) Using 3 workers
[2026-04-03T03:38:27.227+0600][59.207s][info][gc,phases   ] GC(61) Pause Mark Start 0.013ms
[2026-04-03T03:38:27.724+0600][59.705s][info][gc,phases   ] GC(61) Concurrent Mark 497.453ms
[2026-04-03T03:38:27.725+0600][59.705s][info][gc,phases   ] GC(61) Pause Mark End 0.036ms
[2026-04-03T03:38:27.725+0600][59.706s][info][gc,phases   ] GC(61) Concurrent Mark Free 0.003ms
[2026-04-03T03:38:27.737+0600][59.718s][info][gc,phases   ] GC(61) Concurrent Process Non-Strong References 12.094ms
[2026-04-03T03:38:27.737+0600][59.718s][info][gc,phases   ] GC(61) Concurrent Reset Relocation Set 0.025ms
[2026-04-03T03:38:27.765+0600][59.746s][info][gc,phases   ] GC(61) Concurrent Select Relocation Set 28.186ms
[2026-04-03T03:38:27.766+0600][59.747s][info][gc,phases   ] GC(61) Pause Relocate Start 0.022ms
[2026-04-03T03:38:27.905+0600][59.886s][info][gc,phases   ] GC(61) Concurrent Relocate 138.934ms
[2026-04-03T03:38:27.905+0600][59.886s][info][gc,load     ] GC(61) Load: 4.70/4.43/4.70
[2026-04-03T03:38:27.905+0600][59.886s][info][gc,mmu      ] GC(61) MMU: 2ms/93.0%, 5ms/97.2%, 10ms/98.6%, 20ms/99.3%, 50ms/99.7%, 100ms/99.9%
[2026-04-03T03:38:27.905+0600][59.886s][info][gc,marking  ] GC(61) Mark: 2 stripe(s), 4 proactive flush(es), 1 terminate flush(es), 0 completion(s), 0 continuation(s) 
[2026-04-03T03:38:27.905+0600][59.886s][info][gc,marking  ] GC(61) Mark Stack Usage: 32M
[2026-04-03T03:38:27.905+0600][59.886s][info][gc,nmethod  ] GC(61) NMethods: 7417 registered, 731 unregistered
[2026-04-03T03:38:27.905+0600][59.886s][info][gc,metaspace] GC(61) Metaspace: 71M used, 72M committed, 1088M reserved
[2026-04-03T03:38:27.905+0600][59.886s][info][gc,ref      ] GC(61) Soft: 3413 encountered, 0 discovered, 0 enqueued
[2026-04-03T03:38:27.905+0600][59.886s][info][gc,ref      ] GC(61) Weak: 6551 encountered, 1456 discovered, 23 enqueued
[2026-04-03T03:38:27.905+0600][59.886s][info][gc,ref      ] GC(61) Final: 84 encountered, 2 discovered, 0 enqueued
[2026-04-03T03:38:27.905+0600][59.886s][info][gc,ref      ] GC(61) Phantom: 600 encountered, 507 discovered, 0 enqueued
[2026-04-03T03:38:27.905+0600][59.886s][info][gc,reloc    ] GC(61) Small Pages: 466 / 932M, Empty: 134M, Relocated: 62M, In-Place: 0
[2026-04-03T03:38:27.905+0600][59.886s][info][gc,reloc    ] GC(61) Medium Pages: 2 / 64M, Empty: 32M, Relocated: 0M, In-Place: 0
[2026-04-03T03:38:27.905+0600][59.886s][info][gc,reloc    ] GC(61) Large Pages: 7 / 54M, Empty: 36M, Relocated: 0M, In-Place: 0
[2026-04-03T03:38:27.905+0600][59.886s][info][gc,reloc    ] GC(61) Forwarding Usage: 59M
[2026-04-03T03:38:27.905+0600][59.886s][info][gc,heap     ] GC(61) Min Capacity: 8M(0%)
[2026-04-03T03:38:27.905+0600][59.886s][info][gc,heap     ] GC(61) Max Capacity: 2000M(100%)
[2026-04-03T03:38:27.905+0600][59.886s][info][gc,heap     ] GC(61) Soft Max Capacity: 2000M(100%)
[2026-04-03T03:38:27.905+0600][59.886s][info][gc,heap     ] GC(61)                Mark Start          Mark End        Relocate Start      Relocate End           High               Low         
[2026-04-03T03:38:27.905+0600][59.886s][info][gc,heap     ] GC(61)  Capacity:     2000M (100%)       2000M (100%)       2000M (100%)       2000M (100%)       2000M (100%)       2000M (100%)   
[2026-04-03T03:38:27.905+0600][59.886s][info][gc,heap     ] GC(61)      Free:      950M (48%)         740M (37%)         924M (46%)        1446M (72%)        1446M (72%)         740M (37%)    
[2026-04-03T03:38:27.905+0600][59.886s][info][gc,heap     ] GC(61)      Used:     1050M (52%)        1260M (63%)        1076M (54%)         554M (28%)        1260M (63%)         554M (28%)    
[2026-04-03T03:38:27.905+0600][59.886s][info][gc,heap     ] GC(61)      Live:         -               249M (12%)         249M (12%)         249M (12%)            -                  -          
[2026-04-03T03:38:27.905+0600][59.886s][info][gc,heap     ] GC(61) Allocated:         -               210M (10%)         228M (11%)         265M (13%)            -                  -          
[2026-04-03T03:38:27.905+0600][59.886s][info][gc,heap     ] GC(61)   Garbage:         -               800M (40%)         598M (30%)          39M (2%)             -                  -          
[2026-04-03T03:38:27.905+0600][59.886s][info][gc,heap     ] GC(61) Reclaimed:         -                  -               202M (10%)         761M (38%)            -                  -          
[2026-04-03T03:38:27.905+0600][59.886s][info][gc          ] GC(61) Garbage Collection (Allocation Rate) 1050M(52%)->554M(28%)
[2026-04-03T03:38:27.926+0600][59.906s][info][gc,start    ] GC(62) Garbage Collection (Allocation Rate)
[2026-04-03T03:38:27.926+0600][59.907s][info][gc,task     ] GC(62) Using 3 workers
[2026-04-03T03:38:27.926+0600][59.907s][info][gc,phases   ] GC(62) Pause Mark Start 0.013ms
[2026-04-03T03:38:28.127+0600][60.108s][info][gc,stats    ] === Garbage Collection Statistics =======================================================================================================================
[2026-04-03T03:38:28.127+0600][60.108s][info][gc,stats    ]                                                              Last 10s              Last 10m              Last 10h                Total
[2026-04-03T03:38:28.127+0600][60.108s][info][gc,stats    ]                                                              Avg / Max             Avg / Max             Avg / Max             Avg / Max
[2026-04-03T03:38:28.127+0600][60.108s][info][gc,stats    ]   Collector: Garbage Collection Cycle                    753.275 / 1110.768    568.668 / 1704.462    568.668 / 1704.462    568.668 / 1704.462    ms
[2026-04-03T03:38:28.127+0600][60.108s][info][gc,stats    ]  Contention: Mark Segment Reset Contention                    10 / 31                6 / 52                6 / 52                6 / 52          ops/s
[2026-04-03T03:38:28.127+0600][60.108s][info][gc,stats    ]  Contention: Mark SeqNum Reset Contention                      0 / 1                 0 / 2                 0 / 2                 0 / 2           ops/s
[2026-04-03T03:38:28.127+0600][60.108s][info][gc,stats    ]    Critical: Allocation Stall                                  0 / 0                 0 / 6                 0 / 6                 0 / 6           ops/s
[2026-04-03T03:38:28.127+0600][60.108s][info][gc,stats    ]    Critical: Allocation Stall                              0.000 / 0.000       158.308 / 376.543     158.308 / 376.543     158.308 / 376.543     ms
[2026-04-03T03:38:28.127+0600][60.108s][info][gc,stats    ]    Critical: GC Locker Stall                                   0 / 0                 0 / 2                 0 / 2                 0 / 2           ops/s
[2026-04-03T03:38:28.127+0600][60.108s][info][gc,stats    ]    Critical: GC Locker Stall                               0.000 / 0.000         0.001 / 0.001         0.001 / 0.001         0.001 / 0.001       ms
[2026-04-03T03:38:28.127+0600][60.108s][info][gc,stats    ]    Critical: Relocation Stall                                  0 / 0                 0 / 0                 0 / 0                 0 / 0           ops/s
[2026-04-03T03:38:28.127+0600][60.108s][info][gc,stats    ]    Critical: Relocation Stall                              0.000 / 0.000         0.000 / 0.000         0.000 / 0.000         0.000 / 0.000       ms
[2026-04-03T03:38:28.127+0600][60.108s][info][gc,stats    ]      Memory: Allocation Rate                                 604 / 962             561 / 2552            561 / 2552            561 / 2552        MB/s
[2026-04-03T03:38:28.127+0600][60.108s][info][gc,stats    ]      Memory: Defragment                                        1 / 10                3 / 34                3 / 34                3 / 34          ops/s
[2026-04-03T03:38:28.127+0600][60.108s][info][gc,stats    ]      Memory: Out Of Memory                                     0 / 0                 0 / 0                 0 / 0                 0 / 0           ops/s
[2026-04-03T03:38:28.127+0600][60.108s][info][gc,stats    ]      Memory: Page Cache Flush                                 23 / 68               24 / 198              24 / 198              24 / 198         MB/s
[2026-04-03T03:38:28.127+0600][60.108s][info][gc,stats    ]      Memory: Page Cache Hit L1                               293 / 469             254 / 1222            254 / 1222            254 / 1222        ops/s
[2026-04-03T03:38:28.127+0600][60.108s][info][gc,stats    ]      Memory: Page Cache Hit L2                                 0 / 0                 0 / 0                 0 / 0                 0 / 0           ops/s
[2026-04-03T03:38:28.127+0600][60.108s][info][gc,stats    ]      Memory: Page Cache Hit L3                                 2 / 9                 5 / 105               5 / 105               5 / 105         ops/s
[2026-04-03T03:38:28.127+0600][60.108s][info][gc,stats    ]      Memory: Page Cache Miss                                   0 / 2                12 / 247              12 / 247              12 / 247         ops/s
[2026-04-03T03:38:28.127+0600][60.108s][info][gc,stats    ]      Memory: Uncommit                                          0 / 0                 0 / 0                 0 / 0                 0 / 0           MB/s
[2026-04-03T03:38:28.127+0600][60.108s][info][gc,stats    ]      Memory: Undo Object Allocation Failed                     0 / 0                 0 / 0                 0 / 0                 0 / 0           ops/s
[2026-04-03T03:38:28.127+0600][60.108s][info][gc,stats    ]      Memory: Undo Object Allocation Succeeded                  1 / 3                 0 / 4                 0 / 4                 0 / 4           ops/s
[2026-04-03T03:38:28.127+0600][60.108s][info][gc,stats    ]      Memory: Undo Page Allocation                              0 / 0                 0 / 3                 0 / 3                 0 / 3           ops/s
[2026-04-03T03:38:28.127+0600][60.108s][info][gc,stats    ]       Phase: Concurrent Mark                             639.745 / 986.108     479.888 / 1119.559    479.888 / 1119.559    479.888 / 1119.559    ms
[2026-04-03T03:38:28.127+0600][60.108s][info][gc,stats    ]       Phase: Concurrent Mark Continue                      0.000 / 0.000         0.000 / 0.000         0.000 / 0.000         0.000 / 0.000       ms
[2026-04-03T03:38:28.127+0600][60.108s][info][gc,stats    ]       Phase: Concurrent Mark Free                          0.003 / 0.007         0.002 / 0.007         0.002 / 0.007         0.002 / 0.007       ms
[2026-04-03T03:38:28.127+0600][60.108s][info][gc,stats    ]       Phase: Concurrent Process Non-Strong References     10.610 / 12.637       10.202 / 29.628       10.202 / 29.628       10.202 / 29.628      ms
[2026-04-03T03:38:28.127+0600][60.108s][info][gc,stats    ]       Phase: Concurrent Relocate                          84.507 / 171.224      63.950 / 596.279      63.950 / 596.279      63.950 / 596.279     ms
[2026-04-03T03:38:28.128+0600][60.108s][info][gc,stats    ]       Phase: Concurrent Reset Relocation Set               0.048 / 0.096         0.033 / 0.145         0.033 / 0.145         0.033 / 0.145       ms
[2026-04-03T03:38:28.128+0600][60.108s][info][gc,stats    ]       Phase: Concurrent Select Relocation Set             16.354 / 47.999       12.430 / 109.519      12.430 / 109.519      12.430 / 109.519     ms
[2026-04-03T03:38:28.128+0600][60.108s][info][gc,stats    ]       Phase: Pause Mark End                                0.052 / 0.117         0.037 / 0.117         0.037 / 0.117         0.037 / 0.117       ms
[2026-04-03T03:38:28.128+0600][60.108s][info][gc,stats    ]       Phase: Pause Mark Start                              0.015 / 0.040         0.019 / 0.140         0.019 / 0.140         0.019 / 0.140       ms
[2026-04-03T03:38:28.128+0600][60.108s][info][gc,stats    ]       Phase: Pause Relocate Start                          0.023 / 0.050         0.020 / 0.057         0.020 / 0.057         0.020 / 0.057       ms
[2026-04-03T03:38:28.128+0600][60.108s][info][gc,stats    ]    Subphase: Concurrent Classes Purge                      0.039 / 0.080         0.128 / 0.637         0.128 / 0.637         0.128 / 0.637       ms
[2026-04-03T03:38:28.128+0600][60.108s][info][gc,stats    ]    Subphase: Concurrent Classes Unlink                     8.437 / 9.998         8.145 / 27.059        8.145 / 27.059        8.145 / 27.059      ms
[2026-04-03T03:38:28.128+0600][60.108s][info][gc,stats    ]    Subphase: Concurrent Mark                             638.010 / 984.605     482.219 / 1118.381    482.219 / 1118.381    482.219 / 1118.381    ms
[2026-04-03T03:38:28.128+0600][60.108s][info][gc,stats    ]    Subphase: Concurrent Mark Try Flush                     0.372 / 0.591         0.288 / 1.251         0.288 / 1.251         0.288 / 1.251       ms
[2026-04-03T03:38:28.128+0600][60.108s][info][gc,stats    ]    Subphase: Concurrent Mark Try Terminate                 1.010 / 1.252         1.076 / 1.252         1.076 / 1.252         1.076 / 1.252       ms
[2026-04-03T03:38:28.128+0600][60.108s][info][gc,stats    ]    Subphase: Concurrent References Enqueue                 0.006 / 0.015         0.005 / 0.016         0.005 / 0.016         0.005 / 0.016       ms
[2026-04-03T03:38:28.128+0600][60.108s][info][gc,stats    ]    Subphase: Concurrent References Process                 0.475 / 0.636         0.422 / 0.762         0.422 / 0.762         0.422 / 0.762       ms
[2026-04-03T03:38:28.128+0600][60.108s][info][gc,stats    ]    Subphase: Concurrent Roots ClassLoaderDataGraph         0.280 / 0.679         0.261 / 0.740         0.261 / 0.740         0.261 / 0.740       ms
[2026-04-03T03:38:28.128+0600][60.108s][info][gc,stats    ]    Subphase: Concurrent Roots CodeCache                    0.000 / 0.000         0.000 / 0.000         0.000 / 0.000         0.000 / 0.000       ms
[2026-04-03T03:38:28.128+0600][60.108s][info][gc,stats    ]    Subphase: Concurrent Roots JavaThreads                  0.773 / 1.291         0.579 / 1.963         0.579 / 1.963         0.579 / 1.963       ms
[2026-04-03T03:38:28.128+0600][60.109s][info][gc,stats    ]    Subphase: Concurrent Roots OopStorageSet                0.062 / 0.120         0.053 / 0.147         0.053 / 0.147         0.053 / 0.147       ms
[2026-04-03T03:38:28.128+0600][60.109s][info][gc,stats    ]    Subphase: Concurrent Weak Roots OopStorageSet           0.900 / 1.168         0.864 / 1.884         0.864 / 1.884         0.864 / 1.884       ms
[2026-04-03T03:38:28.128+0600][60.109s][info][gc,stats    ]    Subphase: Pause Mark Try Complete                       0.000 / 0.000         0.000 / 0.000         0.000 / 0.000         0.000 / 0.000       ms
[2026-04-03T03:38:28.128+0600][60.109s][info][gc,stats    ]      System: Java Threads                                    198 / 216             116 / 216             116 / 216             116 / 216         threads
[2026-04-03T03:38:28.128+0600][60.109s][info][gc,stats    ] =========================================================================================================================================================
[2026-04-03T03:38:28.478+0600][60.459s][info][gc,phases   ] GC(62) Concurrent Mark 551.976ms
[2026-04-03T03:38:28.479+0600][60.459s][info][gc,phases   ] GC(62) Pause Mark End 0.066ms
[2026-04-03T03:38:28.479+0600][60.460s][info][gc,phases   ] GC(62) Concurrent Mark Free 0.004ms
[2026-04-03T03:38:28.489+0600][60.470s][info][gc,phases   ] GC(62) Concurrent Process Non-Strong References 10.113ms
[2026-04-03T03:38:28.489+0600][60.470s][info][gc,phases   ] GC(62) Concurrent Reset Relocation Set 0.040ms
[2026-04-03T03:38:28.498+0600][60.479s][info][gc,phases   ] GC(62) Concurrent Select Relocation Set 8.595ms
[2026-04-03T03:38:28.498+0600][60.479s][info][gc,phases   ] GC(62) Pause Relocate Start 0.024ms
[2026-04-03T03:38:28.568+0600][60.548s][info][gc,phases   ] GC(62) Concurrent Relocate 69.285ms
[2026-04-03T03:38:28.568+0600][60.548s][info][gc,load     ] GC(62) Load: 4.70/4.43/4.70
[2026-04-03T03:38:28.568+0600][60.549s][info][gc,mmu      ] GC(62) MMU: 2ms/93.0%, 5ms/97.2%, 10ms/98.6%, 20ms/99.3%, 50ms/99.7%, 100ms/99.9%
[2026-04-03T03:38:28.568+0600][60.549s][info][gc,marking  ] GC(62) Mark: 2 stripe(s), 2 proactive flush(es), 1 terminate flush(es), 0 completion(s), 0 continuation(s) 
[2026-04-03T03:38:28.568+0600][60.549s][info][gc,marking  ] GC(62) Mark Stack Usage: 32M
[2026-04-03T03:38:28.568+0600][60.549s][info][gc,nmethod  ] GC(62) NMethods: 7472 registered, 732 unregistered
[2026-04-03T03:38:28.568+0600][60.549s][info][gc,metaspace] GC(62) Metaspace: 71M used, 72M committed, 1088M reserved
[2026-04-03T03:38:28.568+0600][60.549s][info][gc,ref      ] GC(62) Soft: 3413 encountered, 0 discovered, 0 enqueued
[2026-04-03T03:38:28.568+0600][60.549s][info][gc,ref      ] GC(62) Weak: 6538 encountered, 1192 discovered, 2 enqueued
[2026-04-03T03:38:28.568+0600][60.549s][info][gc,ref      ] GC(62) Final: 84 encountered, 2 discovered, 0 enqueued
[2026-04-03T03:38:28.568+0600][60.549s][info][gc,ref      ] GC(62) Phantom: 598 encountered, 541 discovered, 0 enqueued
[2026-04-03T03:38:28.568+0600][60.549s][info][gc,reloc    ] GC(62) Small Pages: 199 / 398M, Empty: 32M, Relocated: 34M, In-Place: 0
[2026-04-03T03:38:28.568+0600][60.549s][info][gc,reloc    ] GC(62) Medium Pages: 4 / 128M, Empty: 0M, Relocated: 22M, In-Place: 0
[2026-04-03T03:38:28.568+0600][60.549s][info][gc,reloc    ] GC(62) Large Pages: 5 / 30M, Empty: 18M, Relocated: 0M, In-Place: 0
[2026-04-03T03:38:28.568+0600][60.549s][info][gc,reloc    ] GC(62) Forwarding Usage: 32M
[2026-04-03T03:38:28.568+0600][60.549s][info][gc,heap     ] GC(62) Min Capacity: 8M(0%)
[2026-04-03T03:38:28.568+0600][60.549s][info][gc,heap     ] GC(62) Max Capacity: 2000M(100%)
[2026-04-03T03:38:28.568+0600][60.549s][info][gc,heap     ] GC(62) Soft Max Capacity: 2000M(100%)
[2026-04-03T03:38:28.568+0600][60.549s][info][gc,heap     ] GC(62)                Mark Start          Mark End        Relocate Start      Relocate End           High               Low         
[2026-04-03T03:38:28.568+0600][60.549s][info][gc,heap     ] GC(62)  Capacity:     2000M (100%)       2000M (100%)       2000M (100%)       2000M (100%)       2000M (100%)       2000M (100%)   
[2026-04-03T03:38:28.568+0600][60.549s][info][gc,heap     ] GC(62)      Free:     1444M (72%)        1082M (54%)        1118M (56%)        1322M (66%)        1444M (72%)        1072M (54%)    
[2026-04-03T03:38:28.568+0600][60.549s][info][gc,heap     ] GC(62)      Used:      556M (28%)         918M (46%)         882M (44%)         678M (34%)         928M (46%)         556M (28%)    
[2026-04-03T03:38:28.568+0600][60.549s][info][gc,heap     ] GC(62)      Live:         -               250M (13%)         250M (13%)         250M (13%)            -                  -          
[2026-04-03T03:38:28.568+0600][60.549s][info][gc,heap     ] GC(62) Allocated:         -               362M (18%)         376M (19%)         380M (19%)            -                  -          
[2026-04-03T03:38:28.568+0600][60.549s][info][gc,heap     ] GC(62)   Garbage:         -               305M (15%)         255M (13%)          46M (2%)             -                  -          
[2026-04-03T03:38:28.568+0600][60.549s][info][gc,heap     ] GC(62) Reclaimed:         -                  -                50M (2%)          258M (13%)            -                  -          
[2026-04-03T03:38:28.568+0600][60.549s][info][gc          ] GC(62) Garbage Collection (Allocation Rate) 556M(28%)->678M(34%)
[2026-04-03T03:38:28.626+0600][60.607s][info][gc,start    ] GC(63) Garbage Collection (Allocation Rate)
[2026-04-03T03:38:28.626+0600][60.607s][info][gc,task     ] GC(63) Using 3 workers
[2026-04-03T03:38:28.626+0600][60.607s][info][gc,phases   ] GC(63) Pause Mark Start 0.010ms
[2026-04-03T03:38:28.872+0600][60.853s][info][gc,phases   ] GC(63) Concurrent Mark 245.692ms
[2026-04-03T03:38:28.872+0600][60.853s][info][gc,phases   ] GC(63) Pause Mark End 0.038ms
[2026-04-03T03:38:28.872+0600][60.853s][info][gc,phases   ] GC(63) Concurrent Mark Free 0.003ms
[2026-04-03T03:38:28.880+0600][60.860s][info][gc,phases   ] GC(63) Concurrent Process Non-Strong References 6.990ms
[2026-04-03T03:38:28.880+0600][60.860s][info][gc,phases   ] GC(63) Concurrent Reset Relocation Set 0.009ms
[2026-04-03T03:38:28.884+0600][60.865s][info][gc,phases   ] GC(63) Concurrent Select Relocation Set 4.551ms
[2026-04-03T03:38:28.884+0600][60.865s][info][gc,phases   ] GC(63) Pause Relocate Start 0.038ms
[2026-04-03T03:38:28.917+0600][60.897s][info][gc,phases   ] GC(63) Concurrent Relocate 32.014ms
[2026-04-03T03:38:28.917+0600][60.898s][info][gc,load     ] GC(63) Load: 4.70/4.43/4.70
[2026-04-03T03:38:28.917+0600][60.898s][info][gc,mmu      ] GC(63) MMU: 2ms/93.0%, 5ms/97.2%, 10ms/98.6%, 20ms/99.3%, 50ms/99.7%, 100ms/99.9%
[2026-04-03T03:38:28.917+0600][60.898s][info][gc,marking  ] GC(63) Mark: 2 stripe(s), 2 proactive flush(es), 1 terminate flush(es), 0 completion(s), 0 continuation(s) 
[2026-04-03T03:38:28.917+0600][60.898s][info][gc,marking  ] GC(63) Mark Stack Usage: 32M
[2026-04-03T03:38:28.917+0600][60.898s][info][gc,nmethod  ] GC(63) NMethods: 7498 registered, 737 unregistered
[2026-04-03T03:38:28.917+0600][60.898s][info][gc,metaspace] GC(63) Metaspace: 71M used, 72M committed, 1088M reserved
[2026-04-03T03:38:28.917+0600][60.898s][info][gc,ref      ] GC(63) Soft: 3410 encountered, 0 discovered, 0 enqueued
[2026-04-03T03:38:28.917+0600][60.898s][info][gc,ref      ] GC(63) Weak: 6567 encountered, 1625 discovered, 9 enqueued
[2026-04-03T03:38:28.917+0600][60.898s][info][gc,ref      ] GC(63) Final: 84 encountered, 2 discovered, 0 enqueued
[2026-04-03T03:38:28.917+0600][60.898s][info][gc,ref      ] GC(63) Phantom: 598 encountered, 426 discovered, 0 enqueued
[2026-04-03T03:38:28.917+0600][60.898s][info][gc,reloc    ] GC(63) Small Pages: 236 / 472M, Empty: 36M, Relocated: 27M, In-Place: 0
[2026-04-03T03:38:28.917+0600][60.898s][info][gc,reloc    ] GC(63) Medium Pages: 5 / 160M, Empty: 32M, Relocated: 13M, In-Place: 0
[2026-04-03T03:38:28.917+0600][60.898s][info][gc,reloc    ] GC(63) Large Pages: 13 / 82M, Empty: 74M, Relocated: 0M, In-Place: 0
[2026-04-03T03:38:28.917+0600][60.898s][info][gc,reloc    ] GC(63) Forwarding Usage: 28M
[2026-04-03T03:38:28.917+0600][60.898s][info][gc,heap     ] GC(63) Min Capacity: 8M(0%)
[2026-04-03T03:38:28.917+0600][60.898s][info][gc,heap     ] GC(63) Max Capacity: 2000M(100%)
[2026-04-03T03:38:28.917+0600][60.898s][info][gc,heap     ] GC(63) Soft Max Capacity: 2000M(100%)
[2026-04-03T03:38:28.917+0600][60.898s][info][gc,heap     ] GC(63)                Mark Start          Mark End        Relocate Start      Relocate End           High               Low         
[2026-04-03T03:38:28.917+0600][60.898s][info][gc,heap     ] GC(63)  Capacity:     2000M (100%)       2000M (100%)       2000M (100%)       2000M (100%)       2000M (100%)       2000M (100%)   
[2026-04-03T03:38:28.917+0600][60.898s][info][gc,heap     ] GC(63)      Free:     1286M (64%)         984M (49%)        1104M (55%)        1342M (67%)        1342M (67%)         966M (48%)    
[2026-04-03T03:38:28.917+0600][60.898s][info][gc,heap     ] GC(63)      Used:      714M (36%)        1016M (51%)         896M (45%)         658M (33%)        1034M (52%)         658M (33%)    
[2026-04-03T03:38:28.917+0600][60.898s][info][gc,heap     ] GC(63)      Live:         -               226M (11%)         226M (11%)         226M (11%)            -                  -          
[2026-04-03T03:38:28.917+0600][60.898s][info][gc,heap     ] GC(63) Allocated:         -               302M (15%)         324M (16%)         381M (19%)            -                  -          
[2026-04-03T03:38:28.917+0600][60.898s][info][gc,heap     ] GC(63)   Garbage:         -               487M (24%)         345M (17%)          49M (2%)             -                  -          
[2026-04-03T03:38:28.917+0600][60.898s][info][gc,heap     ] GC(63) Reclaimed:         -                  -               142M (7%)          437M (22%)            -                  -          
[2026-04-03T03:38:28.917+0600][60.898s][info][gc          ] GC(63) Garbage Collection (Allocation Rate) 714M(36%)->658M(33%)
[2026-04-03T03:38:28.926+0600][60.907s][info][gc,start    ] GC(64) Garbage Collection (Allocation Rate)
[2026-04-03T03:38:28.926+0600][60.907s][info][gc,task     ] GC(64) Using 3 workers
[2026-04-03T03:38:28.927+0600][60.907s][info][gc,phases   ] GC(64) Pause Mark Start 0.028ms
[2026-04-03T03:38:29.218+0600][61.198s][info][gc,phases   ] GC(64) Concurrent Mark 290.759ms
[2026-04-03T03:38:29.218+0600][61.199s][info][gc,phases   ] GC(64) Pause Mark End 0.026ms
[2026-04-03T03:38:29.218+0600][61.199s][info][gc,phases   ] GC(64) Concurrent Mark Free 0.002ms
[2026-04-03T03:38:29.228+0600][61.209s][info][gc,phases   ] GC(64) Concurrent Process Non-Strong References 9.847ms
[2026-04-03T03:38:29.228+0600][61.209s][info][gc,phases   ] GC(64) Concurrent Reset Relocation Set 0.038ms
[2026-04-03T03:38:29.234+0600][61.215s][info][gc,phases   ] GC(64) Concurrent Select Relocation Set 6.205ms
[2026-04-03T03:38:29.234+0600][61.215s][info][gc,phases   ] GC(64) Pause Relocate Start 0.015ms
[2026-04-03T03:38:29.254+0600][61.235s][info][gc,phases   ] GC(64) Concurrent Relocate 19.747ms
[2026-04-03T03:38:29.254+0600][61.235s][info][gc,load     ] GC(64) Load: 4.70/4.43/4.70
[2026-04-03T03:38:29.254+0600][61.235s][info][gc,mmu      ] GC(64) MMU: 2ms/93.0%, 5ms/97.2%, 10ms/98.6%, 20ms/99.3%, 50ms/99.7%, 100ms/99.9%
[2026-04-03T03:38:29.254+0600][61.235s][info][gc,marking  ] GC(64) Mark: 2 stripe(s), 2 proactive flush(es), 1 terminate flush(es), 0 completion(s), 0 continuation(s) 
[2026-04-03T03:38:29.254+0600][61.235s][info][gc,marking  ] GC(64) Mark Stack Usage: 32M
[2026-04-03T03:38:29.254+0600][61.235s][info][gc,nmethod  ] GC(64) NMethods: 7541 registered, 738 unregistered
[2026-04-03T03:38:29.254+0600][61.235s][info][gc,metaspace] GC(64) Metaspace: 71M used, 72M committed, 1088M reserved
[2026-04-03T03:38:29.254+0600][61.235s][info][gc,ref      ] GC(64) Soft: 3410 encountered, 0 discovered, 0 enqueued
[2026-04-03T03:38:29.254+0600][61.235s][info][gc,ref      ] GC(64) Weak: 6566 encountered, 1368 discovered, 143 enqueued
[2026-04-03T03:38:29.254+0600][61.235s][info][gc,ref      ] GC(64) Final: 84 encountered, 20 discovered, 0 enqueued
[2026-04-03T03:38:29.254+0600][61.235s][info][gc,ref      ] GC(64) Phantom: 598 encountered, 417 discovered, 0 enqueued
[2026-04-03T03:38:29.254+0600][61.235s][info][gc,reloc    ] GC(64) Small Pages: 272 / 544M, Empty: 178M, Relocated: 15M, In-Place: 0
[2026-04-03T03:38:29.254+0600][61.235s][info][gc,reloc    ] GC(64) Medium Pages: 3 / 96M, Empty: 64M, Relocated: 0M, In-Place: 0
[2026-04-03T03:38:29.255+0600][61.235s][info][gc,reloc    ] GC(64) Large Pages: 6 / 38M, Empty: 20M, Relocated: 0M, In-Place: 0
[2026-04-03T03:38:29.255+0600][61.235s][info][gc,reloc    ] GC(64) Forwarding Usage: 15M
[2026-04-03T03:38:29.255+0600][61.235s][info][gc,heap     ] GC(64) Min Capacity: 8M(0%)
[2026-04-03T03:38:29.255+0600][61.235s][info][gc,heap     ] GC(64) Max Capacity: 2000M(100%)
[2026-04-03T03:38:29.255+0600][61.235s][info][gc,heap     ] GC(64) Soft Max Capacity: 2000M(100%)
[2026-04-03T03:38:29.255+0600][61.235s][info][gc,heap     ] GC(64)                Mark Start          Mark End        Relocate Start      Relocate End           High               Low         
[2026-04-03T03:38:29.255+0600][61.235s][info][gc,heap     ] GC(64)  Capacity:     2000M (100%)       2000M (100%)       2000M (100%)       2000M (100%)       2000M (100%)       2000M (100%)   
[2026-04-03T03:38:29.255+0600][61.235s][info][gc,heap     ] GC(64)      Free:     1322M (66%)         804M (40%)        1046M (52%)        1168M (58%)        1322M (66%)         788M (39%)    
[2026-04-03T03:38:29.255+0600][61.235s][info][gc,heap     ] GC(64)      Used:      678M (34%)        1196M (60%)         954M (48%)         832M (42%)        1212M (61%)         678M (34%)    
[2026-04-03T03:38:29.255+0600][61.235s][info][gc,heap     ] GC(64)      Live:         -               251M (13%)         251M (13%)         251M (13%)            -                  -          
[2026-04-03T03:38:29.255+0600][61.235s][info][gc,heap     ] GC(64) Allocated:         -               518M (26%)         538M (27%)         539M (27%)            -                  -          
[2026-04-03T03:38:29.255+0600][61.235s][info][gc,heap     ] GC(64)   Garbage:         -               426M (21%)         164M (8%)           40M (2%)             -                  -          
[2026-04-03T03:38:29.255+0600][61.235s][info][gc,heap     ] GC(64) Reclaimed:         -                  -               262M (13%)         385M (19%)            -                  -          
[2026-04-03T03:38:29.255+0600][61.236s][info][gc          ] GC(64) Garbage Collection (Allocation Rate) 678M(34%)->832M(42%)
[2026-04-03T03:38:29.326+0600][61.307s][info][gc,start    ] GC(65) Garbage Collection (Allocation Rate)
[2026-04-03T03:38:29.326+0600][61.307s][info][gc,task     ] GC(65) Using 3 workers
[2026-04-03T03:38:29.326+0600][61.307s][info][gc,phases   ] GC(65) Pause Mark Start 0.009ms
[2026-04-03T03:38:29.346+0600][61.326s][info][gc,phases   ] GC(65) Concurrent Mark 19.440ms
[2026-04-03T03:38:29.346+0600][61.327s][info][gc,phases   ] GC(65) Pause Mark End 0.018ms
[2026-04-03T03:38:29.346+0600][61.327s][info][gc,phases   ] GC(65) Concurrent Mark Free 0.002ms
[2026-04-03T03:38:29.361+0600][61.342s][info][gc,phases   ] GC(65) Concurrent Process Non-Strong References 15.061ms
[2026-04-03T03:38:29.361+0600][61.342s][info][gc,phases   ] GC(65) Concurrent Reset Relocation Set 0.006ms
[2026-04-03T03:38:29.365+0600][61.346s][info][gc,phases   ] GC(65) Concurrent Select Relocation Set 3.797ms
[2026-04-03T03:38:29.365+0600][61.346s][info][gc,phases   ] GC(65) Pause Relocate Start 0.011ms
[2026-04-03T03:38:29.369+0600][61.350s][info][gc,phases   ] GC(65) Concurrent Relocate 3.551ms
[2026-04-03T03:38:29.369+0600][61.350s][info][gc,load     ] GC(65) Load: 4.70/4.43/4.70
[2026-04-03T03:38:29.369+0600][61.350s][info][gc,mmu      ] GC(65) MMU: 2ms/93.0%, 5ms/97.2%, 10ms/98.6%, 20ms/99.3%, 50ms/99.7%, 100ms/99.9%
[2026-04-03T03:38:29.369+0600][61.350s][info][gc,marking  ] GC(65) Mark: 2 stripe(s), 3 proactive flush(es), 1 terminate flush(es), 0 completion(s), 0 continuation(s) 
[2026-04-03T03:38:29.369+0600][61.350s][info][gc,marking  ] GC(65) Mark Stack Usage: 32M
[2026-04-03T03:38:29.369+0600][61.350s][info][gc,nmethod  ] GC(65) NMethods: 7540 registered, 752 unregistered
[2026-04-03T03:38:29.369+0600][61.350s][info][gc,metaspace] GC(65) Metaspace: 71M used, 72M committed, 1088M reserved
[2026-04-03T03:38:29.369+0600][61.350s][info][gc,ref      ] GC(65) Soft: 3414 encountered, 0 discovered, 0 enqueued
[2026-04-03T03:38:29.369+0600][61.350s][info][gc,ref      ] GC(65) Weak: 6249 encountered, 771 discovered, 119 enqueued
[2026-04-03T03:38:29.369+0600][61.350s][info][gc,ref      ] GC(65) Final: 84 encountered, 2 discovered, 0 enqueued
[2026-04-03T03:38:29.369+0600][61.350s][info][gc,ref      ] GC(65) Phantom: 589 encountered, 388 discovered, 0 enqueued
[2026-04-03T03:38:29.369+0600][61.350s][info][gc,reloc    ] GC(65) Small Pages: 388 / 776M, Empty: 624M, Relocated: 6M, In-Place: 0
[2026-04-03T03:38:29.369+0600][61.350s][info][gc,reloc    ] GC(65) Medium Pages: 1 / 32M, Empty: 0M, Relocated: 0M, In-Place: 0
[2026-04-03T03:38:29.369+0600][61.350s][info][gc,reloc    ] GC(65) Large Pages: 4 / 24M, Empty: 24M, Relocated: 0M, In-Place: 0
[2026-04-03T03:38:29.369+0600][61.350s][info][gc,reloc    ] GC(65) Forwarding Usage: 2M
[2026-04-03T03:38:29.369+0600][61.350s][info][gc,heap     ] GC(65) Min Capacity: 8M(0%)
[2026-04-03T03:38:29.369+0600][61.350s][info][gc,heap     ] GC(65) Max Capacity: 2000M(100%)
[2026-04-03T03:38:29.369+0600][61.350s][info][gc,heap     ] GC(65) Soft Max Capacity: 2000M(100%)
[2026-04-03T03:38:29.369+0600][61.350s][info][gc,heap     ] GC(65)                Mark Start          Mark End        Relocate Start      Relocate End           High               Low         
[2026-04-03T03:38:29.369+0600][61.350s][info][gc,heap     ] GC(65)  Capacity:     2000M (100%)       2000M (100%)       2000M (100%)       2000M (100%)       2000M (100%)       2000M (100%)   
[2026-04-03T03:38:29.369+0600][61.350s][info][gc,heap     ] GC(65)      Free:     1168M (58%)        1154M (58%)        1802M (90%)        1912M (96%)        1912M (96%)        1154M (58%)    
[2026-04-03T03:38:29.369+0600][61.350s][info][gc,heap     ] GC(65)      Used:      832M (42%)         846M (42%)         198M (10%)          88M (4%)          846M (42%)          88M (4%)     
[2026-04-03T03:38:29.369+0600][61.350s][info][gc,heap     ] GC(65)      Live:         -                35M (2%)           35M (2%)           35M (2%)             -                  -          
[2026-04-03T03:38:29.369+0600][61.350s][info][gc,heap     ] GC(65) Allocated:         -                14M (1%)           14M (1%)           15M (1%)             -                  -          
[2026-04-03T03:38:29.369+0600][61.350s][info][gc,heap     ] GC(65)   Garbage:         -               796M (40%)         148M (7%)           36M (2%)             -                  -          
[2026-04-03T03:38:29.369+0600][61.350s][info][gc,heap     ] GC(65) Reclaimed:         -                  -               648M (32%)         759M (38%)            -                  -          
[2026-04-03T03:38:29.369+0600][61.350s][info][gc          ] GC(65) Garbage Collection (Allocation Rate) 832M(42%)->88M(4%)
[2026-04-03T03:38:29.426+0600][61.407s][info][gc,start    ] GC(66) Garbage Collection (Allocation Rate)
[2026-04-03T03:38:29.426+0600][61.407s][info][gc,task     ] GC(66) Using 3 workers
[2026-04-03T03:38:29.426+0600][61.407s][info][gc,phases   ] GC(66) Pause Mark Start 0.010ms
[2026-04-03T03:38:29.449+0600][61.430s][info][gc,phases   ] GC(66) Concurrent Mark 23.111ms
[2026-04-03T03:38:29.450+0600][61.430s][info][gc,phases   ] GC(66) Pause Mark End 0.018ms
[2026-04-03T03:38:29.450+0600][61.430s][info][gc,phases   ] GC(66) Concurrent Mark Free 0.003ms
[2026-04-03T03:38:29.457+0600][61.438s][info][gc,phases   ] GC(66) Concurrent Process Non-Strong References 7.562ms
[2026-04-03T03:38:29.457+0600][61.438s][info][gc,phases   ] GC(66) Concurrent Reset Relocation Set 0.011ms
[2026-04-03T03:38:29.460+0600][61.441s][info][gc,phases   ] GC(66) Concurrent Select Relocation Set 2.901ms
[2026-04-03T03:38:29.461+0600][61.441s][info][gc,phases   ] GC(66) Pause Relocate Start 0.013ms
[2026-04-03T03:38:29.462+0600][61.443s][info][gc,phases   ] GC(66) Concurrent Relocate 1.239ms
[2026-04-03T03:38:29.462+0600][61.443s][info][gc,load     ] GC(66) Load: 4.70/4.43/4.70
[2026-04-03T03:38:29.462+0600][61.443s][info][gc,mmu      ] GC(66) MMU: 2ms/93.0%, 5ms/97.2%, 10ms/98.6%, 20ms/99.3%, 50ms/99.7%, 100ms/99.9%
[2026-04-03T03:38:29.462+0600][61.443s][info][gc,marking  ] GC(66) Mark: 2 stripe(s), 2 proactive flush(es), 1 terminate flush(es), 0 completion(s), 0 continuation(s) 
[2026-04-03T03:38:29.462+0600][61.443s][info][gc,marking  ] GC(66) Mark Stack Usage: 32M
[2026-04-03T03:38:29.462+0600][61.443s][info][gc,nmethod  ] GC(66) NMethods: 7551 registered, 752 unregistered
[2026-04-03T03:38:29.462+0600][61.443s][info][gc,metaspace] GC(66) Metaspace: 71M used, 72M committed, 1088M reserved
[2026-04-03T03:38:29.462+0600][61.443s][info][gc,ref      ] GC(66) Soft: 3414 encountered, 0 discovered, 0 enqueued
[2026-04-03T03:38:29.462+0600][61.443s][info][gc,ref      ] GC(66) Weak: 6130 encountered, 575 discovered, 0 enqueued
[2026-04-03T03:38:29.462+0600][61.443s][info][gc,ref      ] GC(66) Final: 84 encountered, 4 discovered, 0 enqueued
[2026-04-03T03:38:29.462+0600][61.443s][info][gc,ref      ] GC(66) Phantom: 589 encountered, 348 discovered, 0 enqueued
[2026-04-03T03:38:29.462+0600][61.443s][info][gc,reloc    ] GC(66) Small Pages: 31 / 62M, Empty: 18M, Relocated: 1M, In-Place: 0
[2026-04-03T03:38:29.462+0600][61.443s][info][gc,reloc    ] GC(66) Medium Pages: 1 / 32M, Empty: 0M, Relocated: 0M, In-Place: 0
[2026-04-03T03:38:29.462+0600][61.443s][info][gc,reloc    ] GC(66) Large Pages: 0 / 0M, Empty: 0M, Relocated: 0M, In-Place: 0
[2026-04-03T03:38:29.462+0600][61.443s][info][gc,reloc    ] GC(66) Forwarding Usage: 0M
[2026-04-03T03:38:29.462+0600][61.443s][info][gc,heap     ] GC(66) Min Capacity: 8M(0%)
[2026-04-03T03:38:29.462+0600][61.443s][info][gc,heap     ] GC(66) Max Capacity: 2000M(100%)
[2026-04-03T03:38:29.462+0600][61.443s][info][gc,heap     ] GC(66) Soft Max Capacity: 2000M(100%)
[2026-04-03T03:38:29.462+0600][61.443s][info][gc,heap     ] GC(66)                Mark Start          Mark End        Relocate Start      Relocate End           High               Low         
[2026-04-03T03:38:29.462+0600][61.443s][info][gc,heap     ] GC(66)  Capacity:     2000M (100%)       2000M (100%)       2000M (100%)       2000M (100%)       2000M (100%)       2000M (100%)   
[2026-04-03T03:38:29.462+0600][61.443s][info][gc,heap     ] GC(66)      Free:     1906M (95%)        1858M (93%)        1876M (94%)        1882M (94%)        1906M (95%)        1858M (93%)    
[2026-04-03T03:38:29.462+0600][61.443s][info][gc,heap     ] GC(66)      Used:       94M (5%)          142M (7%)          124M (6%)          118M (6%)          142M (7%)           94M (5%)     
[2026-04-03T03:38:29.462+0600][61.443s][info][gc,heap     ] GC(66)      Live:         -                35M (2%)           35M (2%)           35M (2%)             -                  -          
[2026-04-03T03:38:29.462+0600][61.443s][info][gc,heap     ] GC(66) Allocated:         -                48M (2%)           48M (2%)           47M (2%)             -                  -          
[2026-04-03T03:38:29.462+0600][61.443s][info][gc,heap     ] GC(66)   Garbage:         -                58M (3%)           40M (2%)           34M (2%)             -                  -          
[2026-04-03T03:38:29.462+0600][61.443s][info][gc,heap     ] GC(66) Reclaimed:         -                  -                18M (1%)           23M (1%)             -                  -          
[2026-04-03T03:38:29.462+0600][61.443s][info][gc          ] GC(66) Garbage Collection (Allocation Rate) 94M(5%)->118M(6%)
[2026-04-03T03:38:29.858+0600][61.839s][info][gc,heap,exit] Heap
[2026-04-03T03:38:29.858+0600][61.839s][info][gc,heap,exit]  ZHeap           used 124M, capacity 2000M, max capacity 2000M
[2026-04-03T03:38:29.858+0600][61.839s][info][gc,heap,exit]  Metaspace       used 73619K, committed 74496K, reserved 1114112K
[2026-04-03T03:38:29.858+0600][61.839s][info][gc,heap,exit]   class space    used 9383K, committed 9792K, reserved 1048576K
