[2026-04-03T01:05:58.208+0600][0.004s][info][gc,init] CardTable entry size: 512
[2026-04-03T01:05:58.209+0600][0.005s][info][gc     ] Using G1
[2026-04-03T01:05:58.211+0600][0.007s][info][gc,init] Version: 21.0.10+7-Ubuntu-124.04 (release)
[2026-04-03T01:05:58.211+0600][0.007s][info][gc,init] CPUs: 12 total, 12 available
[2026-04-03T01:05:58.211+0600][0.007s][info][gc,init] Memory: 15683M
[2026-04-03T01:05:58.211+0600][0.007s][info][gc,init] Large Page Support: Disabled
[2026-04-03T01:05:58.211+0600][0.007s][info][gc,init] NUMA Support: Disabled
[2026-04-03T01:05:58.211+0600][0.007s][info][gc,init] Compressed Oops: Enabled (Zero based)
[2026-04-03T01:05:58.211+0600][0.007s][info][gc,init] Heap Region Size: 2M
[2026-04-03T01:05:58.211+0600][0.007s][info][gc,init] Heap Min Capacity: 8M
[2026-04-03T01:05:58.211+0600][0.007s][info][gc,init] Heap Initial Capacity: 246M
[2026-04-03T01:05:58.211+0600][0.007s][info][gc,init] Heap Max Capacity: 3922M
[2026-04-03T01:05:58.211+0600][0.007s][info][gc,init] Pre-touch: Disabled
[2026-04-03T01:05:58.211+0600][0.007s][info][gc,init] Parallel Workers: 10
[2026-04-03T01:05:58.211+0600][0.007s][info][gc,init] Concurrent Workers: 3
[2026-04-03T01:05:58.211+0600][0.007s][info][gc,init] Concurrent Refinement Workers: 10
[2026-04-03T01:05:58.211+0600][0.007s][info][gc,init] Periodic GC: Disabled
[2026-04-03T01:05:58.226+0600][0.022s][info][gc,metaspace] CDS archive(s) mapped at: [0x00007326d3000000-0x00007326d3c9c000-0x00007326d3c9c000), size 13221888, SharedBaseAddress: 0x00007326d3000000, ArchiveRelocationMode: 1.
[2026-04-03T01:05:58.226+0600][0.022s][info][gc,metaspace] Compressed class space mapped at: 0x00007326d4000000-0x0000732714000000, reserved size: 1073741824
[2026-04-03T01:05:58.226+0600][0.022s][info][gc,metaspace] Narrow klass base: 0x00007326d3000000, Narrow klass shift: 0, Narrow klass range: 0x100000000
[2026-04-03T01:06:01.381+0600][3.177s][info][gc,start    ] GC(0) Pause Young (Normal) (G1 Evacuation Pause)
[2026-04-03T01:06:01.382+0600][3.178s][info][gc,task     ] GC(0) Using 5 workers of 10 for evacuation
[2026-04-03T01:06:01.384+0600][3.180s][info][gc,phases   ] GC(0)   Pre Evacuate Collection Set: 0.21ms
[2026-04-03T01:06:01.385+0600][3.180s][info][gc,phases   ] GC(0)   Merge Heap Roots: 0.11ms
[2026-04-03T01:06:01.385+0600][3.180s][info][gc,phases   ] GC(0)   Evacuate Collection Set: 1.48ms
[2026-04-03T01:06:01.385+0600][3.180s][info][gc,phases   ] GC(0)   Post Evacuate Collection Set: 0.41ms
[2026-04-03T01:06:01.385+0600][3.180s][info][gc,phases   ] GC(0)   Other: 0.93ms
[2026-04-03T01:06:01.385+0600][3.180s][info][gc,heap     ] GC(0) Eden regions: 6->0(5)
[2026-04-03T01:06:01.385+0600][3.180s][info][gc,heap     ] GC(0) Survivor regions: 0->1(1)
[2026-04-03T01:06:01.385+0600][3.180s][info][gc,heap     ] GC(0) Old regions: 1->1
[2026-04-03T01:06:01.385+0600][3.180s][info][gc,heap     ] GC(0) Humongous regions: 0->0
[2026-04-03T01:06:01.385+0600][3.180s][info][gc,metaspace] GC(0) Metaspace: 2486K(2624K)->2486K(2624K) NonClass: 2238K(2304K)->2238K(2304K) Class: 247K(320K)->247K(320K)
[2026-04-03T01:06:01.385+0600][3.181s][info][gc          ] GC(0) Pause Young (Normal) (G1 Evacuation Pause) 12M->2M(248M) 3.401ms
[2026-04-03T01:06:01.385+0600][3.181s][info][gc,cpu      ] GC(0) User=0.01s Sys=0.01s Real=0.00s
[2026-04-03T01:06:01.408+0600][3.204s][info][gc,start    ] GC(1) Pause Young (Normal) (G1 Evacuation Pause)
[2026-04-03T01:06:01.408+0600][3.204s][info][gc,task     ] GC(1) Using 5 workers of 10 for evacuation
[2026-04-03T01:06:01.410+0600][3.206s][info][gc,phases   ] GC(1)   Pre Evacuate Collection Set: 0.24ms
[2026-04-03T01:06:01.410+0600][3.206s][info][gc,phases   ] GC(1)   Merge Heap Roots: 0.10ms
[2026-04-03T01:06:01.410+0600][3.206s][info][gc,phases   ] GC(1)   Evacuate Collection Set: 1.20ms
[2026-04-03T01:06:01.410+0600][3.206s][info][gc,phases   ] GC(1)   Post Evacuate Collection Set: 0.30ms
[2026-04-03T01:06:01.410+0600][3.206s][info][gc,phases   ] GC(1)   Other: 0.07ms
[2026-04-03T01:06:01.410+0600][3.206s][info][gc,heap     ] GC(1) Eden regions: 5->0(10)
[2026-04-03T01:06:01.410+0600][3.206s][info][gc,heap     ] GC(1) Survivor regions: 1->1(1)
[2026-04-03T01:06:01.410+0600][3.206s][info][gc,heap     ] GC(1) Old regions: 1->2
[2026-04-03T01:06:01.410+0600][3.206s][info][gc,heap     ] GC(1) Humongous regions: 0->0
[2026-04-03T01:06:01.410+0600][3.206s][info][gc,metaspace] GC(1) Metaspace: 2536K(2752K)->2536K(2752K) NonClass: 2287K(2432K)->2287K(2432K) Class: 248K(320K)->248K(320K)
[2026-04-03T01:06:01.410+0600][3.206s][info][gc          ] GC(1) Pause Young (Normal) (G1 Evacuation Pause) 12M->2M(248M) 2.127ms
[2026-04-03T01:06:01.410+0600][3.206s][info][gc,cpu      ] GC(1) User=0.01s Sys=0.00s Real=0.01s
[2026-04-03T01:06:01.449+0600][3.245s][info][gc,start    ] GC(2) Pause Young (Normal) (G1 Evacuation Pause)
[2026-04-03T01:06:01.449+0600][3.245s][info][gc,task     ] GC(2) Using 5 workers of 10 for evacuation
[2026-04-03T01:06:01.450+0600][3.246s][info][gc,phases   ] GC(2)   Pre Evacuate Collection Set: 0.13ms
[2026-04-03T01:06:01.450+0600][3.246s][info][gc,phases   ] GC(2)   Merge Heap Roots: 0.24ms
[2026-04-03T01:06:01.450+0600][3.246s][info][gc,phases   ] GC(2)   Evacuate Collection Set: 0.33ms
[2026-04-03T01:06:01.450+0600][3.246s][info][gc,phases   ] GC(2)   Post Evacuate Collection Set: 0.18ms
[2026-04-03T01:06:01.451+0600][3.246s][info][gc,phases   ] GC(2)   Other: 0.07ms
[2026-04-03T01:06:01.451+0600][3.246s][info][gc,heap     ] GC(2) Eden regions: 10->0(72)
[2026-04-03T01:06:01.451+0600][3.246s][info][gc,heap     ] GC(2) Survivor regions: 1->1(2)
[2026-04-03T01:06:01.451+0600][3.246s][info][gc,heap     ] GC(2) Old regions: 2->2
[2026-04-03T01:06:01.451+0600][3.246s][info][gc,heap     ] GC(2) Humongous regions: 0->0
[2026-04-03T01:06:01.451+0600][3.246s][info][gc,metaspace] GC(2) Metaspace: 2667K(2816K)->2667K(2816K) NonClass: 2418K(2496K)->2418K(2496K) Class: 248K(320K)->248K(320K)
[2026-04-03T01:06:01.451+0600][3.247s][info][gc          ] GC(2) Pause Young (Normal) (G1 Evacuation Pause) 22M->2M(248M) 1.156ms
[2026-04-03T01:06:01.451+0600][3.247s][info][gc,cpu      ] GC(2) User=0.00s Sys=0.00s Real=0.01s
[2026-04-03T01:06:01.616+0600][3.412s][info][gc,start    ] GC(3) Pause Full (System.gc())
[2026-04-03T01:06:01.616+0600][3.412s][info][gc,task     ] GC(3) Using 5 workers of 10 for full compaction
[2026-04-03T01:06:01.616+0600][3.412s][info][gc,phases,start] GC(3) Phase 1: Mark live objects
[2026-04-03T01:06:01.619+0600][3.415s][info][gc,phases      ] GC(3) Phase 1: Mark live objects 2.992ms
[2026-04-03T01:06:01.619+0600][3.415s][info][gc,phases,start] GC(3) Phase 2: Prepare compaction
[2026-04-03T01:06:01.620+0600][3.416s][info][gc,phases      ] GC(3) Phase 2: Prepare compaction 1.358ms
[2026-04-03T01:06:01.620+0600][3.416s][info][gc,phases,start] GC(3) Phase 3: Adjust pointers
[2026-04-03T01:06:01.622+0600][3.418s][info][gc,phases      ] GC(3) Phase 3: Adjust pointers 1.365ms
[2026-04-03T01:06:01.622+0600][3.418s][info][gc,phases,start] GC(3) Phase 4: Compact heap
[2026-04-03T01:06:01.623+0600][3.419s][info][gc,phases      ] GC(3) Phase 4: Compact heap 1.549ms
[2026-04-03T01:06:01.623+0600][3.419s][info][gc,phases,start] GC(3) Phase 5: Reset Metadata
[2026-04-03T01:06:01.624+0600][3.420s][info][gc,phases      ] GC(3) Phase 5: Reset Metadata 0.177ms
[2026-04-03T01:06:01.626+0600][3.422s][info][gc,heap        ] GC(3) Eden regions: 52->0(10)
[2026-04-03T01:06:01.626+0600][3.422s][info][gc,heap        ] GC(3) Survivor regions: 1->0(2)
[2026-04-03T01:06:01.626+0600][3.422s][info][gc,heap        ] GC(3) Old regions: 2->5
[2026-04-03T01:06:01.626+0600][3.422s][info][gc,heap        ] GC(3) Humongous regions: 0->0
[2026-04-03T01:06:01.626+0600][3.422s][info][gc,metaspace   ] GC(3) Metaspace: 2813K(3072K)->2813K(3072K) NonClass: 2552K(2688K)->2552K(2688K) Class: 261K(384K)->261K(384K)
[2026-04-03T01:06:01.626+0600][3.422s][info][gc             ] GC(3) Pause Full (System.gc()) 105M->3M(34M) 10.608ms
[2026-04-03T01:06:01.626+0600][3.422s][info][gc,cpu         ] GC(3) User=0.02s Sys=0.00s Real=0.01s
[2026-04-03T01:06:01.639+0600][3.435s][info][gc,start       ] GC(4) Pause Young (Concurrent Start) (G1 Humongous Allocation)
[2026-04-03T01:06:01.639+0600][3.435s][info][gc,task        ] GC(4) Using 3 workers of 10 for evacuation
[2026-04-03T01:06:01.640+0600][3.436s][info][gc,phases      ] GC(4)   Pre Evacuate Collection Set: 0.36ms
[2026-04-03T01:06:01.640+0600][3.436s][info][gc,phases      ] GC(4)   Merge Heap Roots: 0.04ms
[2026-04-03T01:06:01.640+0600][3.436s][info][gc,phases      ] GC(4)   Evacuate Collection Set: 0.28ms
[2026-04-03T01:06:01.640+0600][3.436s][info][gc,phases      ] GC(4)   Post Evacuate Collection Set: 0.36ms
[2026-04-03T01:06:01.640+0600][3.436s][info][gc,phases      ] GC(4)   Other: 0.08ms
[2026-04-03T01:06:01.640+0600][3.436s][info][gc,heap        ] GC(4) Eden regions: 1->0(7)
[2026-04-03T01:06:01.640+0600][3.436s][info][gc,heap        ] GC(4) Survivor regions: 0->1(2)
[2026-04-03T01:06:01.640+0600][3.436s][info][gc,heap        ] GC(4) Old regions: 5->5
[2026-04-03T01:06:01.640+0600][3.436s][info][gc,heap        ] GC(4) Humongous regions: 2->2
[2026-04-03T01:06:01.640+0600][3.436s][info][gc,metaspace   ] GC(4) Metaspace: 2925K(3136K)->2925K(3136K) NonClass: 2657K(2752K)->2657K(2752K) Class: 268K(384K)->268K(384K)
[2026-04-03T01:06:01.640+0600][3.436s][info][gc             ] GC(4) Pause Young (Concurrent Start) (G1 Humongous Allocation) 8M->7M(34M) 1.291ms
[2026-04-03T01:06:01.640+0600][3.436s][info][gc,cpu         ] GC(4) User=0.00s Sys=0.00s Real=0.01s
[2026-04-03T01:06:01.640+0600][3.436s][info][gc             ] GC(5) Concurrent Undo Cycle
[2026-04-03T01:06:01.640+0600][3.436s][info][gc,marking     ] GC(5) Concurrent Clear Claimed Marks
[2026-04-03T01:06:01.640+0600][3.436s][info][gc,marking     ] GC(5) Concurrent Clear Claimed Marks 0.019ms
[2026-04-03T01:06:01.640+0600][3.436s][info][gc,marking     ] GC(5) Concurrent Cleanup for Next Mark
[2026-04-03T01:06:01.640+0600][3.436s][info][gc,marking     ] GC(5) Concurrent Cleanup for Next Mark 0.116ms
[2026-04-03T01:06:01.640+0600][3.436s][info][gc             ] GC(5) Concurrent Undo Cycle 0.240ms
[2026-04-03T01:06:01.649+0600][3.445s][info][gc,start       ] GC(6) Pause Young (Concurrent Start) (G1 Humongous Allocation)
[2026-04-03T01:06:01.649+0600][3.445s][info][gc,task        ] GC(6) Using 2 workers of 10 for evacuation
[2026-04-03T01:06:01.650+0600][3.446s][info][gc,phases      ] GC(6)   Pre Evacuate Collection Set: 0.24ms
[2026-04-03T01:06:01.650+0600][3.446s][info][gc,phases      ] GC(6)   Merge Heap Roots: 0.04ms
[2026-04-03T01:06:01.650+0600][3.446s][info][gc,phases      ] GC(6)   Evacuate Collection Set: 0.23ms
[2026-04-03T01:06:01.650+0600][3.446s][info][gc,phases      ] GC(6)   Post Evacuate Collection Set: 0.28ms
[2026-04-03T01:06:01.650+0600][3.446s][info][gc,phases      ] GC(6)   Other: 0.08ms
[2026-04-03T01:06:01.650+0600][3.446s][info][gc,heap        ] GC(6) Eden regions: 0->0(5)
[2026-04-03T01:06:01.650+0600][3.446s][info][gc,heap        ] GC(6) Survivor regions: 1->1(1)
[2026-04-03T01:06:01.650+0600][3.446s][info][gc,heap        ] GC(6) Old regions: 5->5
[2026-04-03T01:06:01.650+0600][3.446s][info][gc,heap        ] GC(6) Humongous regions: 4->4
[2026-04-03T01:06:01.650+0600][3.446s][info][gc,metaspace   ] GC(6) Metaspace: 2925K(3136K)->2925K(3136K) NonClass: 2657K(2752K)->2657K(2752K) Class: 268K(384K)->268K(384K)
[2026-04-03T01:06:01.650+0600][3.446s][info][gc             ] GC(6) Pause Young (Concurrent Start) (G1 Humongous Allocation) 11M->11M(34M) 1.011ms
[2026-04-03T01:06:01.650+0600][3.446s][info][gc,cpu         ] GC(6) User=0.00s Sys=0.00s Real=0.01s
[2026-04-03T01:06:01.650+0600][3.446s][info][gc             ] GC(7) Concurrent Mark Cycle
[2026-04-03T01:06:01.650+0600][3.446s][info][gc,marking     ] GC(7) Concurrent Scan Root Regions
[2026-04-03T01:06:01.650+0600][3.446s][info][gc,marking     ] GC(7) Concurrent Scan Root Regions 0.196ms
[2026-04-03T01:06:01.650+0600][3.446s][info][gc,marking     ] GC(7) Concurrent Mark
[2026-04-03T01:06:01.650+0600][3.446s][info][gc,marking     ] GC(7) Concurrent Mark From Roots
[2026-04-03T01:06:01.651+0600][3.447s][info][gc,task        ] GC(7) Using 3 workers of 3 for marking
[2026-04-03T01:06:01.654+0600][3.450s][info][gc,marking     ] GC(7) Concurrent Mark From Roots 3.836ms
[2026-04-03T01:06:01.654+0600][3.450s][info][gc,marking     ] GC(7) Concurrent Preclean
[2026-04-03T01:06:01.654+0600][3.450s][info][gc,marking     ] GC(7) Concurrent Preclean 0.021ms
[2026-04-03T01:06:01.655+0600][3.450s][info][gc,start       ] GC(7) Pause Remark
[2026-04-03T01:06:01.656+0600][3.452s][info][gc             ] GC(7) Pause Remark 15M->15M(40M) 1.955ms
[2026-04-03T01:06:01.657+0600][3.452s][info][gc,cpu         ] GC(7) User=0.01s Sys=0.01s Real=0.00s
[2026-04-03T01:06:01.657+0600][3.453s][info][gc,marking     ] GC(7) Concurrent Mark 6.177ms
[2026-04-03T01:06:01.657+0600][3.453s][info][gc,marking     ] GC(7) Concurrent Rebuild Remembered Sets and Scrub Regions
[2026-04-03T01:06:01.659+0600][3.454s][info][gc,marking     ] GC(7) Concurrent Rebuild Remembered Sets and Scrub Regions 1.887ms
[2026-04-03T01:06:01.659+0600][3.455s][info][gc,start       ] GC(7) Pause Cleanup
[2026-04-03T01:06:01.659+0600][3.455s][info][gc             ] GC(7) Pause Cleanup 15M->15M(40M) 0.110ms
[2026-04-03T01:06:01.659+0600][3.455s][info][gc,cpu         ] GC(7) User=0.00s Sys=0.00s Real=0.00s
[2026-04-03T01:06:01.659+0600][3.455s][info][gc,marking     ] GC(7) Concurrent Clear Claimed Marks
[2026-04-03T01:06:01.659+0600][3.455s][info][gc,marking     ] GC(7) Concurrent Clear Claimed Marks 0.033ms
[2026-04-03T01:06:01.659+0600][3.455s][info][gc,marking     ] GC(7) Concurrent Cleanup for Next Mark
[2026-04-03T01:06:01.659+0600][3.455s][info][gc,marking     ] GC(7) Concurrent Cleanup for Next Mark 0.329ms
[2026-04-03T01:06:01.659+0600][3.455s][info][gc             ] GC(7) Concurrent Mark Cycle 9.294ms
[2026-04-03T01:06:01.885+0600][3.681s][info][gc,start       ] GC(8) Pause Young (Prepare Mixed) (G1 Evacuation Pause)
[2026-04-03T01:06:01.886+0600][3.682s][info][gc,task        ] GC(8) Using 10 workers of 10 for evacuation
[2026-04-03T01:06:01.889+0600][3.685s][info][gc,phases      ] GC(8)   Pre Evacuate Collection Set: 0.14ms
[2026-04-03T01:06:01.889+0600][3.685s][info][gc,phases      ] GC(8)   Merge Heap Roots: 0.05ms
[2026-04-03T01:06:01.889+0600][3.685s][info][gc,phases      ] GC(8)   Evacuate Collection Set: 1.85ms
[2026-04-03T01:06:01.889+0600][3.685s][info][gc,phases      ] GC(8)   Post Evacuate Collection Set: 0.56ms
[2026-04-03T01:06:01.889+0600][3.685s][info][gc,phases      ] GC(8)   Other: 0.58ms
[2026-04-03T01:06:01.889+0600][3.685s][info][gc,heap        ] GC(8) Eden regions: 5->0(42)
[2026-04-03T01:06:01.889+0600][3.685s][info][gc,heap        ] GC(8) Survivor regions: 1->1(1)
[2026-04-03T01:06:01.889+0600][3.685s][info][gc,heap        ] GC(8) Old regions: 5->5
[2026-04-03T01:06:01.889+0600][3.685s][info][gc,heap        ] GC(8) Humongous regions: 6->6
[2026-04-03T01:06:01.889+0600][3.685s][info][gc,metaspace   ] GC(8) Metaspace: 6496K(6720K)->6496K(6720K) NonClass: 5812K(5952K)->5812K(5952K) Class: 684K(768K)->684K(768K)
[2026-04-03T01:06:01.889+0600][3.685s][info][gc             ] GC(8) Pause Young (Prepare Mixed) (G1 Evacuation Pause) 25M->15M(144M) 3.375ms
[2026-04-03T01:06:01.889+0600][3.685s][info][gc,cpu         ] GC(8) User=0.01s Sys=0.00s Real=0.00s
[2026-04-03T01:06:02.970+0600][4.766s][info][gc,start       ] GC(9) Pause Young (Mixed) (G1 Evacuation Pause)
[2026-04-03T01:06:02.970+0600][4.766s][info][gc,task        ] GC(9) Using 10 workers of 10 for evacuation
[2026-04-03T01:06:02.975+0600][4.771s][info][gc,phases      ] GC(9)   Pre Evacuate Collection Set: 0.45ms
[2026-04-03T01:06:02.975+0600][4.771s][info][gc,phases      ] GC(9)   Merge Heap Roots: 0.28ms
[2026-04-03T01:06:02.975+0600][4.771s][info][gc,phases      ] GC(9)   Evacuate Collection Set: 2.57ms
[2026-04-03T01:06:02.975+0600][4.771s][info][gc,phases      ] GC(9)   Post Evacuate Collection Set: 1.37ms
[2026-04-03T01:06:02.975+0600][4.771s][info][gc,phases      ] GC(9)   Other: 0.15ms
[2026-04-03T01:06:02.975+0600][4.771s][info][gc,heap        ] GC(9) Eden regions: 42->0(42)
[2026-04-03T01:06:02.975+0600][4.771s][info][gc,heap        ] GC(9) Survivor regions: 1->1(6)
[2026-04-03T01:06:02.975+0600][4.771s][info][gc,heap        ] GC(9) Old regions: 5->3
[2026-04-03T01:06:02.975+0600][4.771s][info][gc,heap        ] GC(9) Humongous regions: 6->6
[2026-04-03T01:06:02.975+0600][4.771s][info][gc,metaspace   ] GC(9) Metaspace: 8954K(9664K)->8954K(9664K) NonClass: 7925K(8320K)->7925K(8320K) Class: 1029K(1344K)->1029K(1344K)
[2026-04-03T01:06:02.975+0600][4.771s][info][gc             ] GC(9) Pause Young (Mixed) (G1 Evacuation Pause) 99M->17M(144M) 5.227ms
[2026-04-03T01:06:02.975+0600][4.771s][info][gc,cpu         ] GC(9) User=0.02s Sys=0.01s Real=0.00s
[2026-04-03T01:06:03.705+0600][5.501s][info][gc,start       ] GC(10) Pause Young (Normal) (G1 Evacuation Pause)
[2026-04-03T01:06:03.705+0600][5.501s][info][gc,task        ] GC(10) Using 10 workers of 10 for evacuation
[2026-04-03T01:06:03.708+0600][5.504s][info][gc,phases      ] GC(10)   Pre Evacuate Collection Set: 0.34ms
[2026-04-03T01:06:03.708+0600][5.504s][info][gc,phases      ] GC(10)   Merge Heap Roots: 0.12ms
[2026-04-03T01:06:03.708+0600][5.504s][info][gc,phases      ] GC(10)   Evacuate Collection Set: 2.06ms
[2026-04-03T01:06:03.708+0600][5.504s][info][gc,phases      ] GC(10)   Post Evacuate Collection Set: 0.73ms
[2026-04-03T01:06:03.709+0600][5.504s][info][gc,phases      ] GC(10)   Other: 0.10ms
[2026-04-03T01:06:03.709+0600][5.504s][info][gc,heap        ] GC(10) Eden regions: 42->0(41)
[2026-04-03T01:06:03.709+0600][5.504s][info][gc,heap        ] GC(10) Survivor regions: 1->2(6)
[2026-04-03T01:06:03.709+0600][5.504s][info][gc,heap        ] GC(10) Old regions: 3->3
[2026-04-03T01:06:03.709+0600][5.504s][info][gc,heap        ] GC(10) Humongous regions: 6->6
[2026-04-03T01:06:03.709+0600][5.504s][info][gc,metaspace   ] GC(10) Metaspace: 8989K(9664K)->8989K(9664K) NonClass: 7960K(8320K)->7960K(8320K) Class: 1029K(1344K)->1029K(1344K)
[2026-04-03T01:06:03.709+0600][5.505s][info][gc             ] GC(10) Pause Young (Normal) (G1 Evacuation Pause) 101M->17M(144M) 3.650ms
[2026-04-03T01:06:03.709+0600][5.505s][info][gc,cpu         ] GC(10) User=0.02s Sys=0.00s Real=0.00s
[2026-04-03T01:06:04.020+0600][5.816s][info][gc,start       ] GC(11) Pause Young (Normal) (G1 Evacuation Pause)
[2026-04-03T01:06:04.020+0600][5.816s][info][gc,task        ] GC(11) Using 10 workers of 10 for evacuation
[2026-04-03T01:06:04.023+0600][5.819s][info][gc,phases      ] GC(11)   Pre Evacuate Collection Set: 0.25ms
[2026-04-03T01:06:04.023+0600][5.819s][info][gc,phases      ] GC(11)   Merge Heap Roots: 0.15ms
[2026-04-03T01:06:04.023+0600][5.819s][info][gc,phases      ] GC(11)   Evacuate Collection Set: 2.26ms
[2026-04-03T01:06:04.023+0600][5.819s][info][gc,phases      ] GC(11)   Post Evacuate Collection Set: 0.61ms
[2026-04-03T01:06:04.023+0600][5.819s][info][gc,phases      ] GC(11)   Other: 0.12ms
[2026-04-03T01:06:04.023+0600][5.819s][info][gc,heap        ] GC(11) Eden regions: 41->0(42)
[2026-04-03T01:06:04.023+0600][5.819s][info][gc,heap        ] GC(11) Survivor regions: 2->1(6)
[2026-04-03T01:06:04.023+0600][5.819s][info][gc,heap        ] GC(11) Old regions: 3->3
[2026-04-03T01:06:04.023+0600][5.819s][info][gc,heap        ] GC(11) Humongous regions: 6->6
[2026-04-03T01:06:04.024+0600][5.819s][info][gc,metaspace   ] GC(11) Metaspace: 8993K(9664K)->8993K(9664K) NonClass: 7963K(8320K)->7963K(8320K) Class: 1029K(1344K)->1029K(1344K)
[2026-04-03T01:06:04.024+0600][5.819s][info][gc             ] GC(11) Pause Young (Normal) (G1 Evacuation Pause) 99M->17M(144M) 3.740ms
[2026-04-03T01:06:04.024+0600][5.820s][info][gc,cpu         ] GC(11) User=0.03s Sys=0.00s Real=0.00s
[2026-04-03T01:06:04.116+0600][5.912s][info][gc,start       ] GC(12) Pause Young (Normal) (G1 Evacuation Pause)
[2026-04-03T01:06:04.117+0600][5.912s][info][gc,task        ] GC(12) Using 10 workers of 10 for evacuation
[2026-04-03T01:06:04.120+0600][5.916s][info][gc,phases      ] GC(12)   Pre Evacuate Collection Set: 0.28ms
[2026-04-03T01:06:04.120+0600][5.916s][info][gc,phases      ] GC(12)   Merge Heap Roots: 0.21ms
[2026-04-03T01:06:04.120+0600][5.916s][info][gc,phases      ] GC(12)   Evacuate Collection Set: 2.31ms
[2026-04-03T01:06:04.120+0600][5.916s][info][gc,phases      ] GC(12)   Post Evacuate Collection Set: 0.77ms
[2026-04-03T01:06:04.120+0600][5.916s][info][gc,phases      ] GC(12)   Other: 0.12ms
[2026-04-03T01:06:04.120+0600][5.916s][info][gc,heap        ] GC(12) Eden regions: 42->0(41)
[2026-04-03T01:06:04.120+0600][5.916s][info][gc,heap        ] GC(12) Survivor regions: 1->2(6)
[2026-04-03T01:06:04.120+0600][5.916s][info][gc,heap        ] GC(12) Old regions: 3->3
[2026-04-03T01:06:04.120+0600][5.916s][info][gc,heap        ] GC(12) Humongous regions: 6->6
[2026-04-03T01:06:04.120+0600][5.916s][info][gc,metaspace   ] GC(12) Metaspace: 9004K(9664K)->9004K(9664K) NonClass: 7974K(8320K)->7974K(8320K) Class: 1029K(1344K)->1029K(1344K)
[2026-04-03T01:06:04.120+0600][5.916s][info][gc             ] GC(12) Pause Young (Normal) (G1 Evacuation Pause) 101M->17M(144M) 4.045ms
[2026-04-03T01:06:04.121+0600][5.916s][info][gc,cpu         ] GC(12) User=0.03s Sys=0.00s Real=0.01s
[2026-04-03T01:06:04.211+0600][6.007s][info][gc,start       ] GC(13) Pause Young (Normal) (G1 Evacuation Pause)
[2026-04-03T01:06:04.212+0600][6.007s][info][gc,task        ] GC(13) Using 10 workers of 10 for evacuation
[2026-04-03T01:06:04.215+0600][6.011s][info][gc,phases      ] GC(13)   Pre Evacuate Collection Set: 0.31ms
[2026-04-03T01:06:04.215+0600][6.011s][info][gc,phases      ] GC(13)   Merge Heap Roots: 0.18ms
[2026-04-03T01:06:04.215+0600][6.011s][info][gc,phases      ] GC(13)   Evacuate Collection Set: 2.24ms
[2026-04-03T01:06:04.215+0600][6.011s][info][gc,phases      ] GC(13)   Post Evacuate Collection Set: 0.88ms
[2026-04-03T01:06:04.215+0600][6.011s][info][gc,phases      ] GC(13)   Other: 0.12ms
[2026-04-03T01:06:04.215+0600][6.011s][info][gc,heap        ] GC(13) Eden regions: 41->0(42)
[2026-04-03T01:06:04.215+0600][6.011s][info][gc,heap        ] GC(13) Survivor regions: 2->1(6)
[2026-04-03T01:06:04.215+0600][6.011s][info][gc,heap        ] GC(13) Old regions: 3->3
[2026-04-03T01:06:04.215+0600][6.011s][info][gc,heap        ] GC(13) Humongous regions: 6->6
[2026-04-03T01:06:04.215+0600][6.011s][info][gc,metaspace   ] GC(13) Metaspace: 9014K(9664K)->9014K(9664K) NonClass: 7984K(8320K)->7984K(8320K) Class: 1029K(1344K)->1029K(1344K)
[2026-04-03T01:06:04.216+0600][6.011s][info][gc             ] GC(13) Pause Young (Normal) (G1 Evacuation Pause) 99M->17M(144M) 4.091ms
[2026-04-03T01:06:04.216+0600][6.011s][info][gc,cpu         ] GC(13) User=0.02s Sys=0.01s Real=0.00s
[2026-04-03T01:06:04.341+0600][6.137s][info][gc,start       ] GC(14) Pause Young (Normal) (G1 Evacuation Pause)
[2026-04-03T01:06:04.341+0600][6.137s][info][gc,task        ] GC(14) Using 10 workers of 10 for evacuation
[2026-04-03T01:06:04.347+0600][6.143s][info][gc,phases      ] GC(14)   Pre Evacuate Collection Set: 0.37ms
[2026-04-03T01:06:04.347+0600][6.143s][info][gc,phases      ] GC(14)   Merge Heap Roots: 0.25ms
[2026-04-03T01:06:04.347+0600][6.143s][info][gc,phases      ] GC(14)   Evacuate Collection Set: 3.76ms
[2026-04-03T01:06:04.347+0600][6.143s][info][gc,phases      ] GC(14)   Post Evacuate Collection Set: 1.18ms
[2026-04-03T01:06:04.347+0600][6.143s][info][gc,phases      ] GC(14)   Other: 0.18ms
[2026-04-03T01:06:04.347+0600][6.143s][info][gc,heap        ] GC(14) Eden regions: 42->0(51)
[2026-04-03T01:06:04.347+0600][6.143s][info][gc,heap        ] GC(14) Survivor regions: 1->1(6)
[2026-04-03T01:06:04.347+0600][6.143s][info][gc,heap        ] GC(14) Old regions: 3->3
[2026-04-03T01:06:04.347+0600][6.143s][info][gc,heap        ] GC(14) Humongous regions: 6->6
[2026-04-03T01:06:04.347+0600][6.143s][info][gc,metaspace   ] GC(14) Metaspace: 9022K(9664K)->9022K(9664K) NonClass: 7991K(8320K)->7991K(8320K) Class: 1030K(1344K)->1030K(1344K)
[2026-04-03T01:06:04.347+0600][6.143s][info][gc             ] GC(14) Pause Young (Normal) (G1 Evacuation Pause) 101M->17M(174M) 6.214ms
[2026-04-03T01:06:04.347+0600][6.143s][info][gc,cpu         ] GC(14) User=0.03s Sys=0.01s Real=0.00s
[2026-04-03T01:06:04.460+0600][6.256s][info][gc,start       ] GC(15) Pause Young (Normal) (G1 Evacuation Pause)
[2026-04-03T01:06:04.460+0600][6.256s][info][gc,task        ] GC(15) Using 10 workers of 10 for evacuation
[2026-04-03T01:06:04.464+0600][6.260s][info][gc,phases      ] GC(15)   Pre Evacuate Collection Set: 0.35ms
[2026-04-03T01:06:04.464+0600][6.260s][info][gc,phases      ] GC(15)   Merge Heap Roots: 0.15ms
[2026-04-03T01:06:04.464+0600][6.260s][info][gc,phases      ] GC(15)   Evacuate Collection Set: 2.15ms
[2026-04-03T01:06:04.464+0600][6.260s][info][gc,phases      ] GC(15)   Post Evacuate Collection Set: 0.93ms
[2026-04-03T01:06:04.464+0600][6.260s][info][gc,phases      ] GC(15)   Other: 0.13ms
[2026-04-03T01:06:04.464+0600][6.260s][info][gc,heap        ] GC(15) Eden regions: 51->0(51)
[2026-04-03T01:06:04.464+0600][6.260s][info][gc,heap        ] GC(15) Survivor regions: 1->1(7)
[2026-04-03T01:06:04.464+0600][6.260s][info][gc,heap        ] GC(15) Old regions: 3->3
[2026-04-03T01:06:04.464+0600][6.260s][info][gc,heap        ] GC(15) Humongous regions: 6->6
[2026-04-03T01:06:04.464+0600][6.260s][info][gc,metaspace   ] GC(15) Metaspace: 9031K(9664K)->9031K(9664K) NonClass: 8001K(8320K)->8001K(8320K) Class: 1030K(1344K)->1030K(1344K)
[2026-04-03T01:06:04.464+0600][6.260s][info][gc             ] GC(15) Pause Young (Normal) (G1 Evacuation Pause) 119M->17M(174M) 4.131ms
[2026-04-03T01:06:04.464+0600][6.260s][info][gc,cpu         ] GC(15) User=0.02s Sys=0.00s Real=0.00s
[2026-04-03T01:06:04.580+0600][6.376s][info][gc,start       ] GC(16) Pause Young (Normal) (G1 Evacuation Pause)
[2026-04-03T01:06:04.580+0600][6.376s][info][gc,task        ] GC(16) Using 10 workers of 10 for evacuation
[2026-04-03T01:06:04.584+0600][6.380s][info][gc,phases      ] GC(16)   Pre Evacuate Collection Set: 0.23ms
[2026-04-03T01:06:04.584+0600][6.380s][info][gc,phases      ] GC(16)   Merge Heap Roots: 0.16ms
[2026-04-03T01:06:04.584+0600][6.380s][info][gc,phases      ] GC(16)   Evacuate Collection Set: 2.34ms
[2026-04-03T01:06:04.584+0600][6.380s][info][gc,phases      ] GC(16)   Post Evacuate Collection Set: 0.59ms
[2026-04-03T01:06:04.584+0600][6.380s][info][gc,phases      ] GC(16)   Other: 0.17ms
[2026-04-03T01:06:04.584+0600][6.380s][info][gc,heap        ] GC(16) Eden regions: 51->0(50)
[2026-04-03T01:06:04.584+0600][6.380s][info][gc,heap        ] GC(16) Survivor regions: 1->2(7)
[2026-04-03T01:06:04.584+0600][6.380s][info][gc,heap        ] GC(16) Old regions: 3->3
[2026-04-03T01:06:04.584+0600][6.380s][info][gc,heap        ] GC(16) Humongous regions: 6->6
[2026-04-03T01:06:04.584+0600][6.380s][info][gc,metaspace   ] GC(16) Metaspace: 9039K(9664K)->9039K(9664K) NonClass: 8009K(8320K)->8009K(8320K) Class: 1030K(1344K)->1030K(1344K)
[2026-04-03T01:06:04.584+0600][6.380s][info][gc             ] GC(16) Pause Young (Normal) (G1 Evacuation Pause) 119M->17M(174M) 3.814ms
[2026-04-03T01:06:04.584+0600][6.380s][info][gc,cpu         ] GC(16) User=0.02s Sys=0.00s Real=0.00s
[2026-04-03T01:06:04.697+0600][6.493s][info][gc,start       ] GC(17) Pause Young (Normal) (G1 Evacuation Pause)
[2026-04-03T01:06:04.697+0600][6.493s][info][gc,task        ] GC(17) Using 10 workers of 10 for evacuation
[2026-04-03T01:06:04.701+0600][6.496s][info][gc,phases      ] GC(17)   Pre Evacuate Collection Set: 0.30ms
[2026-04-03T01:06:04.701+0600][6.497s][info][gc,phases      ] GC(17)   Merge Heap Roots: 0.17ms
[2026-04-03T01:06:04.701+0600][6.497s][info][gc,phases      ] GC(17)   Evacuate Collection Set: 2.10ms
[2026-04-03T01:06:04.701+0600][6.497s][info][gc,phases      ] GC(17)   Post Evacuate Collection Set: 0.86ms
[2026-04-03T01:06:04.701+0600][6.497s][info][gc,phases      ] GC(17)   Other: 0.14ms
[2026-04-03T01:06:04.701+0600][6.497s][info][gc,heap        ] GC(17) Eden regions: 50->0(50)
[2026-04-03T01:06:04.701+0600][6.497s][info][gc,heap        ] GC(17) Survivor regions: 2->2(7)
[2026-04-03T01:06:04.701+0600][6.497s][info][gc,heap        ] GC(17) Old regions: 3->3
[2026-04-03T01:06:04.701+0600][6.497s][info][gc,heap        ] GC(17) Humongous regions: 6->6
[2026-04-03T01:06:04.701+0600][6.497s][info][gc,metaspace   ] GC(17) Metaspace: 9045K(9664K)->9045K(9664K) NonClass: 8014K(8320K)->8014K(8320K) Class: 1030K(1344K)->1030K(1344K)
[2026-04-03T01:06:04.701+0600][6.497s][info][gc             ] GC(17) Pause Young (Normal) (G1 Evacuation Pause) 117M->17M(174M) 4.032ms
[2026-04-03T01:06:04.701+0600][6.497s][info][gc,cpu         ] GC(17) User=0.03s Sys=0.00s Real=0.01s
[2026-04-03T01:06:04.821+0600][6.617s][info][gc,start       ] GC(18) Pause Young (Normal) (G1 Evacuation Pause)
[2026-04-03T01:06:04.822+0600][6.617s][info][gc,task        ] GC(18) Using 10 workers of 10 for evacuation
[2026-04-03T01:06:04.827+0600][6.623s][info][gc,phases      ] GC(18)   Pre Evacuate Collection Set: 0.24ms
[2026-04-03T01:06:04.827+0600][6.623s][info][gc,phases      ] GC(18)   Merge Heap Roots: 0.15ms
[2026-04-03T01:06:04.827+0600][6.623s][info][gc,phases      ] GC(18)   Evacuate Collection Set: 3.37ms
[2026-04-03T01:06:04.827+0600][6.623s][info][gc,phases      ] GC(18)   Post Evacuate Collection Set: 1.88ms
[2026-04-03T01:06:04.827+0600][6.623s][info][gc,phases      ] GC(18)   Other: 0.13ms
[2026-04-03T01:06:04.827+0600][6.623s][info][gc,heap        ] GC(18) Eden regions: 50->0(66)
[2026-04-03T01:06:04.827+0600][6.623s][info][gc,heap        ] GC(18) Survivor regions: 2->2(7)
[2026-04-03T01:06:04.827+0600][6.623s][info][gc,heap        ] GC(18) Old regions: 3->3
[2026-04-03T01:06:04.827+0600][6.623s][info][gc,heap        ] GC(18) Humongous regions: 6->6
[2026-04-03T01:06:04.827+0600][6.623s][info][gc,metaspace   ] GC(18) Metaspace: 9049K(9664K)->9049K(9664K) NonClass: 8018K(8320K)->8018K(8320K) Class: 1030K(1344K)->1030K(1344K)
[2026-04-03T01:06:04.827+0600][6.623s][info][gc             ] GC(18) Pause Young (Normal) (G1 Evacuation Pause) 117M->17M(228M) 6.102ms
[2026-04-03T01:06:04.828+0600][6.623s][info][gc,cpu         ] GC(18) User=0.03s Sys=0.01s Real=0.00s
[2026-04-03T01:06:04.968+0600][6.764s][info][gc,start       ] GC(19) Pause Young (Normal) (G1 Evacuation Pause)
[2026-04-03T01:06:04.968+0600][6.764s][info][gc,task        ] GC(19) Using 10 workers of 10 for evacuation
[2026-04-03T01:06:04.972+0600][6.768s][info][gc,phases      ] GC(19)   Pre Evacuate Collection Set: 0.33ms
[2026-04-03T01:06:04.972+0600][6.768s][info][gc,phases      ] GC(19)   Merge Heap Roots: 0.19ms
[2026-04-03T01:06:04.972+0600][6.768s][info][gc,phases      ] GC(19)   Evacuate Collection Set: 2.60ms
[2026-04-03T01:06:04.972+0600][6.768s][info][gc,phases      ] GC(19)   Post Evacuate Collection Set: 0.76ms
[2026-04-03T01:06:04.972+0600][6.768s][info][gc,phases      ] GC(19)   Other: 0.15ms
[2026-04-03T01:06:04.972+0600][6.768s][info][gc,heap        ] GC(19) Eden regions: 66->0(67)
[2026-04-03T01:06:04.972+0600][6.768s][info][gc,heap        ] GC(19) Survivor regions: 2->1(9)
[2026-04-03T01:06:04.972+0600][6.768s][info][gc,heap        ] GC(19) Old regions: 3->3
[2026-04-03T01:06:04.972+0600][6.768s][info][gc,heap        ] GC(19) Humongous regions: 6->6
[2026-04-03T01:06:04.972+0600][6.768s][info][gc,metaspace   ] GC(19) Metaspace: 9050K(9664K)->9050K(9664K) NonClass: 8019K(8320K)->8019K(8320K) Class: 1030K(1344K)->1030K(1344K)
[2026-04-03T01:06:04.972+0600][6.768s][info][gc             ] GC(19) Pause Young (Normal) (G1 Evacuation Pause) 149M->17M(228M) 4.399ms
[2026-04-03T01:06:04.972+0600][6.768s][info][gc,cpu         ] GC(19) User=0.02s Sys=0.00s Real=0.01s
[2026-04-03T01:06:05.112+0600][6.908s][info][gc,start       ] GC(20) Pause Young (Normal) (G1 Evacuation Pause)
[2026-04-03T01:06:05.112+0600][6.908s][info][gc,task        ] GC(20) Using 10 workers of 10 for evacuation
[2026-04-03T01:06:05.115+0600][6.911s][info][gc,phases      ] GC(20)   Pre Evacuate Collection Set: 0.25ms
[2026-04-03T01:06:05.115+0600][6.911s][info][gc,phases      ] GC(20)   Merge Heap Roots: 0.31ms
[2026-04-03T01:06:05.115+0600][6.911s][info][gc,phases      ] GC(20)   Evacuate Collection Set: 1.74ms
[2026-04-03T01:06:05.115+0600][6.911s][info][gc,phases      ] GC(20)   Post Evacuate Collection Set: 0.51ms
[2026-04-03T01:06:05.115+0600][6.911s][info][gc,phases      ] GC(20)   Other: 0.11ms
[2026-04-03T01:06:05.115+0600][6.911s][info][gc,heap        ] GC(20) Eden regions: 67->0(67)
[2026-04-03T01:06:05.115+0600][6.911s][info][gc,heap        ] GC(20) Survivor regions: 1->1(9)
[2026-04-03T01:06:05.115+0600][6.911s][info][gc,heap        ] GC(20) Old regions: 3->3
[2026-04-03T01:06:05.115+0600][6.911s][info][gc,heap        ] GC(20) Humongous regions: 6->6
[2026-04-03T01:06:05.115+0600][6.911s][info][gc,metaspace   ] GC(20) Metaspace: 9060K(9664K)->9060K(9664K) NonClass: 8030K(8320K)->8030K(8320K) Class: 1030K(1344K)->1030K(1344K)
[2026-04-03T01:06:05.115+0600][6.911s][info][gc             ] GC(20) Pause Young (Normal) (G1 Evacuation Pause) 151M->17M(228M) 3.230ms
[2026-04-03T01:06:05.115+0600][6.911s][info][gc,cpu         ] GC(20) User=0.02s Sys=0.01s Real=0.00s
[2026-04-03T01:06:05.226+0600][7.022s][info][gc,start       ] GC(21) Pause Young (Normal) (G1 Evacuation Pause)
[2026-04-03T01:06:05.226+0600][7.022s][info][gc,task        ] GC(21) Using 10 workers of 10 for evacuation
[2026-04-03T01:06:05.231+0600][7.027s][info][gc,phases      ] GC(21)   Pre Evacuate Collection Set: 0.40ms
[2026-04-03T01:06:05.231+0600][7.027s][info][gc,phases      ] GC(21)   Merge Heap Roots: 0.20ms
[2026-04-03T01:06:05.231+0600][7.027s][info][gc,phases      ] GC(21)   Evacuate Collection Set: 3.48ms
[2026-04-03T01:06:05.231+0600][7.027s][info][gc,phases      ] GC(21)   Post Evacuate Collection Set: 0.59ms
[2026-04-03T01:06:05.231+0600][7.027s][info][gc,phases      ] GC(21)   Other: 0.12ms
[2026-04-03T01:06:05.231+0600][7.027s][info][gc,heap        ] GC(21) Eden regions: 67->0(66)
[2026-04-03T01:06:05.231+0600][7.027s][info][gc,heap        ] GC(21) Survivor regions: 1->2(9)
[2026-04-03T01:06:05.231+0600][7.027s][info][gc,heap        ] GC(21) Old regions: 3->3
[2026-04-03T01:06:05.231+0600][7.027s][info][gc,heap        ] GC(21) Humongous regions: 6->6
[2026-04-03T01:06:05.231+0600][7.027s][info][gc,metaspace   ] GC(21) Metaspace: 9071K(9728K)->9071K(9728K) NonClass: 8041K(8384K)->8041K(8384K) Class: 1030K(1344K)->1030K(1344K)
[2026-04-03T01:06:05.231+0600][7.027s][info][gc             ] GC(21) Pause Young (Normal) (G1 Evacuation Pause) 151M->17M(228M) 5.116ms
[2026-04-03T01:06:05.231+0600][7.027s][info][gc,cpu         ] GC(21) User=0.03s Sys=0.00s Real=0.01s
[2026-04-03T01:06:05.352+0600][7.148s][info][gc,start       ] GC(22) Pause Young (Normal) (G1 Evacuation Pause)
[2026-04-03T01:06:05.352+0600][7.148s][info][gc,task        ] GC(22) Using 10 workers of 10 for evacuation
[2026-04-03T01:06:05.358+0600][7.154s][info][gc,phases      ] GC(22)   Pre Evacuate Collection Set: 0.29ms
[2026-04-03T01:06:05.359+0600][7.154s][info][gc,phases      ] GC(22)   Merge Heap Roots: 0.12ms
[2026-04-03T01:06:05.359+0600][7.155s][info][gc,phases      ] GC(22)   Evacuate Collection Set: 4.56ms
[2026-04-03T01:06:05.359+0600][7.155s][info][gc,phases      ] GC(22)   Post Evacuate Collection Set: 1.31ms
[2026-04-03T01:06:05.359+0600][7.155s][info][gc,phases      ] GC(22)   Other: 0.15ms
[2026-04-03T01:06:05.359+0600][7.155s][info][gc,heap        ] GC(22) Eden regions: 66->0(88)
[2026-04-03T01:06:05.359+0600][7.155s][info][gc,heap        ] GC(22) Survivor regions: 2->1(9)
[2026-04-03T01:06:05.359+0600][7.155s][info][gc,heap        ] GC(22) Old regions: 3->3
[2026-04-03T01:06:05.359+0600][7.155s][info][gc,heap        ] GC(22) Humongous regions: 6->6
[2026-04-03T01:06:05.359+0600][7.155s][info][gc,metaspace   ] GC(22) Metaspace: 9086K(9792K)->9086K(9792K) NonClass: 8054K(8448K)->8054K(8448K) Class: 1031K(1344K)->1031K(1344K)
[2026-04-03T01:06:05.359+0600][7.155s][info][gc             ] GC(22) Pause Young (Normal) (G1 Evacuation Pause) 149M->17M(298M) 6.899ms
[2026-04-03T01:06:05.359+0600][7.155s][info][gc,cpu         ] GC(22) User=0.04s Sys=0.00s Real=0.00s
[2026-04-03T01:06:05.572+0600][7.368s][info][gc,start       ] GC(23) Pause Young (Normal) (G1 Evacuation Pause)
[2026-04-03T01:06:05.572+0600][7.368s][info][gc,task        ] GC(23) Using 10 workers of 10 for evacuation
[2026-04-03T01:06:05.577+0600][7.373s][info][gc,phases      ] GC(23)   Pre Evacuate Collection Set: 0.29ms
[2026-04-03T01:06:05.577+0600][7.373s][info][gc,phases      ] GC(23)   Merge Heap Roots: 0.17ms
[2026-04-03T01:06:05.577+0600][7.373s][info][gc,phases      ] GC(23)   Evacuate Collection Set: 2.95ms
[2026-04-03T01:06:05.577+0600][7.373s][info][gc,phases      ] GC(23)   Post Evacuate Collection Set: 0.72ms
[2026-04-03T01:06:05.577+0600][7.373s][info][gc,phases      ] GC(23)   Other: 0.20ms
[2026-04-03T01:06:05.577+0600][7.373s][info][gc,heap        ] GC(23) Eden regions: 88->0(88)
[2026-04-03T01:06:05.577+0600][7.373s][info][gc,heap        ] GC(23) Survivor regions: 1->1(12)
[2026-04-03T01:06:05.577+0600][7.373s][info][gc,heap        ] GC(23) Old regions: 3->3
[2026-04-03T01:06:05.577+0600][7.373s][info][gc,heap        ] GC(23) Humongous regions: 6->6
[2026-04-03T01:06:05.577+0600][7.373s][info][gc,metaspace   ] GC(23) Metaspace: 9092K(9792K)->9092K(9792K) NonClass: 8060K(8448K)->8060K(8448K) Class: 1031K(1344K)->1031K(1344K)
[2026-04-03T01:06:05.577+0600][7.373s][info][gc             ] GC(23) Pause Young (Normal) (G1 Evacuation Pause) 193M->17M(298M) 4.724ms
[2026-04-03T01:06:05.577+0600][7.373s][info][gc,cpu         ] GC(23) User=0.02s Sys=0.00s Real=0.00s
[2026-04-03T01:06:05.735+0600][7.531s][info][gc,start       ] GC(24) Pause Young (Normal) (G1 Evacuation Pause)
[2026-04-03T01:06:05.735+0600][7.531s][info][gc,task        ] GC(24) Using 10 workers of 10 for evacuation
[2026-04-03T01:06:05.739+0600][7.535s][info][gc,phases      ] GC(24)   Pre Evacuate Collection Set: 0.31ms
[2026-04-03T01:06:05.739+0600][7.535s][info][gc,phases      ] GC(24)   Merge Heap Roots: 0.16ms
[2026-04-03T01:06:05.739+0600][7.535s][info][gc,phases      ] GC(24)   Evacuate Collection Set: 1.59ms
[2026-04-03T01:06:05.739+0600][7.535s][info][gc,phases      ] GC(24)   Post Evacuate Collection Set: 1.54ms
[2026-04-03T01:06:05.739+0600][7.535s][info][gc,phases      ] GC(24)   Other: 0.11ms
[2026-04-03T01:06:05.739+0600][7.535s][info][gc,heap        ] GC(24) Eden regions: 88->0(88)
[2026-04-03T01:06:05.739+0600][7.535s][info][gc,heap        ] GC(24) Survivor regions: 1->1(12)
[2026-04-03T01:06:05.739+0600][7.535s][info][gc,heap        ] GC(24) Old regions: 3->3
[2026-04-03T01:06:05.739+0600][7.535s][info][gc,heap        ] GC(24) Humongous regions: 6->6
[2026-04-03T01:06:05.739+0600][7.535s][info][gc,metaspace   ] GC(24) Metaspace: 9093K(9792K)->9093K(9792K) NonClass: 8061K(8448K)->8061K(8448K) Class: 1031K(1344K)->1031K(1344K)
[2026-04-03T01:06:05.739+0600][7.535s][info][gc             ] GC(24) Pause Young (Normal) (G1 Evacuation Pause) 193M->17M(298M) 4.001ms
[2026-04-03T01:06:05.739+0600][7.535s][info][gc,cpu         ] GC(24) User=0.02s Sys=0.00s Real=0.00s
[2026-04-03T01:06:05.904+0600][7.699s][info][gc,start       ] GC(25) Pause Young (Normal) (G1 Evacuation Pause)
[2026-04-03T01:06:05.904+0600][7.700s][info][gc,task        ] GC(25) Using 10 workers of 10 for evacuation
[2026-04-03T01:06:05.906+0600][7.702s][info][gc,phases      ] GC(25)   Pre Evacuate Collection Set: 0.33ms
[2026-04-03T01:06:05.906+0600][7.702s][info][gc,phases      ] GC(25)   Merge Heap Roots: 0.24ms
[2026-04-03T01:06:05.906+0600][7.702s][info][gc,phases      ] GC(25)   Evacuate Collection Set: 0.94ms
[2026-04-03T01:06:05.906+0600][7.702s][info][gc,phases      ] GC(25)   Post Evacuate Collection Set: 0.61ms
[2026-04-03T01:06:05.906+0600][7.702s][info][gc,phases      ] GC(25)   Other: 0.13ms
[2026-04-03T01:06:05.906+0600][7.702s][info][gc,heap        ] GC(25) Eden regions: 88->0(88)
[2026-04-03T01:06:05.906+0600][7.702s][info][gc,heap        ] GC(25) Survivor regions: 1->1(12)
[2026-04-03T01:06:05.906+0600][7.702s][info][gc,heap        ] GC(25) Old regions: 3->3
[2026-04-03T01:06:05.906+0600][7.702s][info][gc,heap        ] GC(25) Humongous regions: 6->6
[2026-04-03T01:06:05.906+0600][7.702s][info][gc,metaspace   ] GC(25) Metaspace: 9094K(9792K)->9094K(9792K) NonClass: 8061K(8448K)->8061K(8448K) Class: 1032K(1344K)->1032K(1344K)
[2026-04-03T01:06:05.906+0600][7.702s][info][gc             ] GC(25) Pause Young (Normal) (G1 Evacuation Pause) 193M->17M(298M) 2.618ms
[2026-04-03T01:06:05.906+0600][7.702s][info][gc,cpu         ] GC(25) User=0.01s Sys=0.00s Real=0.00s
[2026-04-03T01:06:06.066+0600][7.862s][info][gc,start       ] GC(26) Pause Young (Normal) (G1 Evacuation Pause)
[2026-04-03T01:06:06.066+0600][7.862s][info][gc,task        ] GC(26) Using 10 workers of 10 for evacuation
[2026-04-03T01:06:06.069+0600][7.865s][info][gc,phases      ] GC(26)   Pre Evacuate Collection Set: 0.29ms
[2026-04-03T01:06:06.069+0600][7.865s][info][gc,phases      ] GC(26)   Merge Heap Roots: 0.18ms
[2026-04-03T01:06:06.069+0600][7.865s][info][gc,phases      ] GC(26)   Evacuate Collection Set: 0.80ms
[2026-04-03T01:06:06.069+0600][7.865s][info][gc,phases      ] GC(26)   Post Evacuate Collection Set: 1.26ms
[2026-04-03T01:06:06.069+0600][7.865s][info][gc,phases      ] GC(26)   Other: 0.15ms
[2026-04-03T01:06:06.069+0600][7.865s][info][gc,heap        ] GC(26) Eden regions: 88->0(106)
[2026-04-03T01:06:06.069+0600][7.865s][info][gc,heap        ] GC(26) Survivor regions: 1->1(12)
[2026-04-03T01:06:06.069+0600][7.865s][info][gc,heap        ] GC(26) Old regions: 3->3
[2026-04-03T01:06:06.069+0600][7.865s][info][gc,heap        ] GC(26) Humongous regions: 6->6
[2026-04-03T01:06:06.069+0600][7.865s][info][gc,metaspace   ] GC(26) Metaspace: 9102K(9792K)->9102K(9792K) NonClass: 8069K(8448K)->8069K(8448K) Class: 1032K(1344K)->1032K(1344K)
[2026-04-03T01:06:06.069+0600][7.865s][info][gc             ] GC(26) Pause Young (Normal) (G1 Evacuation Pause) 193M->17M(358M) 3.063ms
[2026-04-03T01:06:06.069+0600][7.865s][info][gc,cpu         ] GC(26) User=0.01s Sys=0.00s Real=0.00s
[2026-04-03T01:06:06.271+0600][8.067s][info][gc,start       ] GC(27) Pause Young (Normal) (G1 Evacuation Pause)
[2026-04-03T01:06:06.271+0600][8.067s][info][gc,task        ] GC(27) Using 10 workers of 10 for evacuation
[2026-04-03T01:06:06.274+0600][8.070s][info][gc,phases      ] GC(27)   Pre Evacuate Collection Set: 0.41ms
[2026-04-03T01:06:06.274+0600][8.070s][info][gc,phases      ] GC(27)   Merge Heap Roots: 0.25ms
[2026-04-03T01:06:06.274+0600][8.070s][info][gc,phases      ] GC(27)   Evacuate Collection Set: 1.00ms
[2026-04-03T01:06:06.274+0600][8.070s][info][gc,phases      ] GC(27)   Post Evacuate Collection Set: 1.11ms
[2026-04-03T01:06:06.274+0600][8.070s][info][gc,phases      ] GC(27)   Other: 0.27ms
[2026-04-03T01:06:06.274+0600][8.070s][info][gc,heap        ] GC(27) Eden regions: 106->0(106)
[2026-04-03T01:06:06.274+0600][8.070s][info][gc,heap        ] GC(27) Survivor regions: 1->1(14)
[2026-04-03T01:06:06.274+0600][8.070s][info][gc,heap        ] GC(27) Old regions: 3->3
[2026-04-03T01:06:06.274+0600][8.070s][info][gc,heap        ] GC(27) Humongous regions: 6->6
[2026-04-03T01:06:06.274+0600][8.070s][info][gc,metaspace   ] GC(27) Metaspace: 9102K(9792K)->9102K(9792K) NonClass: 8070K(8448K)->8070K(8448K) Class: 1032K(1344K)->1032K(1344K)
[2026-04-03T01:06:06.274+0600][8.070s][info][gc             ] GC(27) Pause Young (Normal) (G1 Evacuation Pause) 229M->17M(358M) 3.461ms
[2026-04-03T01:06:06.274+0600][8.070s][info][gc,cpu         ] GC(27) User=0.01s Sys=0.01s Real=0.00s
[2026-04-03T01:06:06.460+0600][8.256s][info][gc,start       ] GC(28) Pause Young (Normal) (G1 Evacuation Pause)
[2026-04-03T01:06:06.460+0600][8.256s][info][gc,task        ] GC(28) Using 10 workers of 10 for evacuation
[2026-04-03T01:06:06.463+0600][8.259s][info][gc,phases      ] GC(28)   Pre Evacuate Collection Set: 0.29ms
[2026-04-03T01:06:06.463+0600][8.259s][info][gc,phases      ] GC(28)   Merge Heap Roots: 0.81ms
[2026-04-03T01:06:06.463+0600][8.259s][info][gc,phases      ] GC(28)   Evacuate Collection Set: 1.04ms
[2026-04-03T01:06:06.463+0600][8.259s][info][gc,phases      ] GC(28)   Post Evacuate Collection Set: 0.60ms
[2026-04-03T01:06:06.463+0600][8.259s][info][gc,phases      ] GC(28)   Other: 0.12ms
[2026-04-03T01:06:06.463+0600][8.259s][info][gc,heap        ] GC(28) Eden regions: 106->0(106)
[2026-04-03T01:06:06.463+0600][8.259s][info][gc,heap        ] GC(28) Survivor regions: 1->1(14)
[2026-04-03T01:06:06.463+0600][8.259s][info][gc,heap        ] GC(28) Old regions: 3->3
[2026-04-03T01:06:06.463+0600][8.259s][info][gc,heap        ] GC(28) Humongous regions: 6->6
[2026-04-03T01:06:06.463+0600][8.259s][info][gc,metaspace   ] GC(28) Metaspace: 9106K(9792K)->9106K(9792K) NonClass: 8073K(8448K)->8073K(8448K) Class: 1032K(1344K)->1032K(1344K)
[2026-04-03T01:06:06.463+0600][8.259s][info][gc             ] GC(28) Pause Young (Normal) (G1 Evacuation Pause) 229M->17M(358M) 3.216ms
[2026-04-03T01:06:06.463+0600][8.259s][info][gc,cpu         ] GC(28) User=0.01s Sys=0.00s Real=0.00s
[2026-04-03T01:06:06.618+0600][8.414s][info][gc,start       ] GC(29) Pause Young (Normal) (G1 Evacuation Pause)
[2026-04-03T01:06:06.618+0600][8.414s][info][gc,task        ] GC(29) Using 10 workers of 10 for evacuation
[2026-04-03T01:06:06.620+0600][8.416s][info][gc,phases      ] GC(29)   Pre Evacuate Collection Set: 0.35ms
[2026-04-03T01:06:06.620+0600][8.416s][info][gc,phases      ] GC(29)   Merge Heap Roots: 0.16ms
[2026-04-03T01:06:06.620+0600][8.416s][info][gc,phases      ] GC(29)   Evacuate Collection Set: 0.82ms
[2026-04-03T01:06:06.620+0600][8.416s][info][gc,phases      ] GC(29)   Post Evacuate Collection Set: 0.68ms
[2026-04-03T01:06:06.620+0600][8.416s][info][gc,phases      ] GC(29)   Other: 0.11ms
[2026-04-03T01:06:06.620+0600][8.416s][info][gc,heap        ] GC(29) Eden regions: 106->0(106)
[2026-04-03T01:06:06.620+0600][8.416s][info][gc,heap        ] GC(29) Survivor regions: 1->1(14)
[2026-04-03T01:06:06.620+0600][8.416s][info][gc,heap        ] GC(29) Old regions: 3->3
[2026-04-03T01:06:06.620+0600][8.416s][info][gc,heap        ] GC(29) Humongous regions: 6->6
[2026-04-03T01:06:06.620+0600][8.416s][info][gc,metaspace   ] GC(29) Metaspace: 9114K(9792K)->9114K(9792K) NonClass: 8082K(8448K)->8082K(8448K) Class: 1032K(1344K)->1032K(1344K)
[2026-04-03T01:06:06.620+0600][8.416s][info][gc             ] GC(29) Pause Young (Normal) (G1 Evacuation Pause) 229M->17M(358M) 2.394ms
[2026-04-03T01:06:06.620+0600][8.416s][info][gc,cpu         ] GC(29) User=0.01s Sys=0.01s Real=0.01s
[2026-04-03T01:06:06.765+0600][8.561s][info][gc,start       ] GC(30) Pause Young (Normal) (G1 Evacuation Pause)
[2026-04-03T01:06:06.765+0600][8.561s][info][gc,task        ] GC(30) Using 10 workers of 10 for evacuation
[2026-04-03T01:06:06.767+0600][8.562s][info][gc,phases      ] GC(30)   Pre Evacuate Collection Set: 0.34ms
[2026-04-03T01:06:06.767+0600][8.563s][info][gc,phases      ] GC(30)   Merge Heap Roots: 0.12ms
[2026-04-03T01:06:06.767+0600][8.563s][info][gc,phases      ] GC(30)   Evacuate Collection Set: 0.56ms
[2026-04-03T01:06:06.767+0600][8.563s][info][gc,phases      ] GC(30)   Post Evacuate Collection Set: 0.68ms
[2026-04-03T01:06:06.767+0600][8.563s][info][gc,phases      ] GC(30)   Other: 0.11ms
[2026-04-03T01:06:06.767+0600][8.563s][info][gc,heap        ] GC(30) Eden regions: 106->0(106)
[2026-04-03T01:06:06.767+0600][8.563s][info][gc,heap        ] GC(30) Survivor regions: 1->1(14)
[2026-04-03T01:06:06.767+0600][8.563s][info][gc,heap        ] GC(30) Old regions: 3->3
[2026-04-03T01:06:06.767+0600][8.563s][info][gc,heap        ] GC(30) Humongous regions: 6->6
[2026-04-03T01:06:06.767+0600][8.563s][info][gc,metaspace   ] GC(30) Metaspace: 9138K(9792K)->9138K(9792K) NonClass: 8105K(8448K)->8105K(8448K) Class: 1032K(1344K)->1032K(1344K)
[2026-04-03T01:06:06.767+0600][8.563s][info][gc             ] GC(30) Pause Young (Normal) (G1 Evacuation Pause) 229M->17M(358M) 2.180ms
[2026-04-03T01:06:06.767+0600][8.563s][info][gc,cpu         ] GC(30) User=0.01s Sys=0.00s Real=0.00s
[2026-04-03T01:06:06.900+0600][8.696s][info][gc,start       ] GC(31) Pause Young (Normal) (G1 Evacuation Pause)
[2026-04-03T01:06:06.900+0600][8.696s][info][gc,task        ] GC(31) Using 10 workers of 10 for evacuation
[2026-04-03T01:06:06.902+0600][8.698s][info][gc,phases      ] GC(31)   Pre Evacuate Collection Set: 0.24ms
[2026-04-03T01:06:06.902+0600][8.698s][info][gc,phases      ] GC(31)   Merge Heap Roots: 0.17ms
[2026-04-03T01:06:06.902+0600][8.698s][info][gc,phases      ] GC(31)   Evacuate Collection Set: 0.52ms
[2026-04-03T01:06:06.902+0600][8.698s][info][gc,phases      ] GC(31)   Post Evacuate Collection Set: 0.52ms
[2026-04-03T01:06:06.902+0600][8.698s][info][gc,phases      ] GC(31)   Other: 0.09ms
[2026-04-03T01:06:06.902+0600][8.698s][info][gc,heap        ] GC(31) Eden regions: 106->0(106)
[2026-04-03T01:06:06.902+0600][8.698s][info][gc,heap        ] GC(31) Survivor regions: 1->1(14)
[2026-04-03T01:06:06.902+0600][8.698s][info][gc,heap        ] GC(31) Old regions: 3->3
[2026-04-03T01:06:06.902+0600][8.698s][info][gc,heap        ] GC(31) Humongous regions: 6->6
[2026-04-03T01:06:06.902+0600][8.698s][info][gc,metaspace   ] GC(31) Metaspace: 9139K(9792K)->9139K(9792K) NonClass: 8107K(8448K)->8107K(8448K) Class: 1032K(1344K)->1032K(1344K)
[2026-04-03T01:06:06.902+0600][8.698s][info][gc             ] GC(31) Pause Young (Normal) (G1 Evacuation Pause) 229M->17M(358M) 1.819ms
[2026-04-03T01:06:06.902+0600][8.698s][info][gc,cpu         ] GC(31) User=0.01s Sys=0.01s Real=0.00s
[2026-04-03T01:06:07.018+0600][8.813s][info][gc,start       ] GC(32) Pause Young (Normal) (G1 Evacuation Pause)
[2026-04-03T01:06:07.018+0600][8.814s][info][gc,task        ] GC(32) Using 10 workers of 10 for evacuation
[2026-04-03T01:06:07.019+0600][8.815s][info][gc,phases      ] GC(32)   Pre Evacuate Collection Set: 0.25ms
[2026-04-03T01:06:07.019+0600][8.815s][info][gc,phases      ] GC(32)   Merge Heap Roots: 0.15ms
[2026-04-03T01:06:07.019+0600][8.815s][info][gc,phases      ] GC(32)   Evacuate Collection Set: 0.59ms
[2026-04-03T01:06:07.019+0600][8.815s][info][gc,phases      ] GC(32)   Post Evacuate Collection Set: 0.68ms
[2026-04-03T01:06:07.019+0600][8.815s][info][gc,phases      ] GC(32)   Other: 0.12ms
[2026-04-03T01:06:07.020+0600][8.815s][info][gc,heap        ] GC(32) Eden regions: 106->0(106)
[2026-04-03T01:06:07.020+0600][8.815s][info][gc,heap        ] GC(32) Survivor regions: 1->1(14)
[2026-04-03T01:06:07.020+0600][8.815s][info][gc,heap        ] GC(32) Old regions: 3->3
[2026-04-03T01:06:07.020+0600][8.815s][info][gc,heap        ] GC(32) Humongous regions: 6->6
[2026-04-03T01:06:07.020+0600][8.815s][info][gc,metaspace   ] GC(32) Metaspace: 9139K(9792K)->9139K(9792K) NonClass: 8107K(8448K)->8107K(8448K) Class: 1032K(1344K)->1032K(1344K)
[2026-04-03T01:06:07.020+0600][8.815s][info][gc             ] GC(32) Pause Young (Normal) (G1 Evacuation Pause) 229M->17M(358M) 2.077ms
[2026-04-03T01:06:07.020+0600][8.816s][info][gc,cpu         ] GC(32) User=0.00s Sys=0.00s Real=0.00s
[2026-04-03T01:06:07.153+0600][8.949s][info][gc,start       ] GC(33) Pause Young (Normal) (G1 Evacuation Pause)
[2026-04-03T01:06:07.153+0600][8.949s][info][gc,task        ] GC(33) Using 10 workers of 10 for evacuation
[2026-04-03T01:06:07.156+0600][8.952s][info][gc,phases      ] GC(33)   Pre Evacuate Collection Set: 0.24ms
[2026-04-03T01:06:07.157+0600][8.952s][info][gc,phases      ] GC(33)   Merge Heap Roots: 0.14ms
[2026-04-03T01:06:07.157+0600][8.952s][info][gc,phases      ] GC(33)   Evacuate Collection Set: 1.30ms
[2026-04-03T01:06:07.157+0600][8.952s][info][gc,phases      ] GC(33)   Post Evacuate Collection Set: 1.58ms
[2026-04-03T01:06:07.157+0600][8.952s][info][gc,phases      ] GC(33)   Other: 0.13ms
[2026-04-03T01:06:07.157+0600][8.953s][info][gc,heap        ] GC(33) Eden regions: 106->0(128)
[2026-04-03T01:06:07.157+0600][8.953s][info][gc,heap        ] GC(33) Survivor regions: 1->1(14)
[2026-04-03T01:06:07.157+0600][8.953s][info][gc,heap        ] GC(33) Old regions: 3->3
[2026-04-03T01:06:07.157+0600][8.953s][info][gc,heap        ] GC(33) Humongous regions: 6->6
[2026-04-03T01:06:07.157+0600][8.953s][info][gc,metaspace   ] GC(33) Metaspace: 9139K(9792K)->9139K(9792K) NonClass: 8107K(8448K)->8107K(8448K) Class: 1032K(1344K)->1032K(1344K)
[2026-04-03T01:06:07.157+0600][8.953s][info][gc             ] GC(33) Pause Young (Normal) (G1 Evacuation Pause) 229M->17M(430M) 3.788ms
[2026-04-03T01:06:07.157+0600][8.953s][info][gc,cpu         ] GC(33) User=0.00s Sys=0.00s Real=0.00s
[2026-04-03T01:06:07.367+0600][9.163s][info][gc,start       ] GC(34) Pause Young (Normal) (G1 Evacuation Pause)
[2026-04-03T01:06:07.367+0600][9.163s][info][gc,task        ] GC(34) Using 10 workers of 10 for evacuation
[2026-04-03T01:06:07.371+0600][9.167s][info][gc,phases      ] GC(34)   Pre Evacuate Collection Set: 0.31ms
[2026-04-03T01:06:07.371+0600][9.167s][info][gc,phases      ] GC(34)   Merge Heap Roots: 0.16ms
[2026-04-03T01:06:07.371+0600][9.167s][info][gc,phases      ] GC(34)   Evacuate Collection Set: 2.31ms
[2026-04-03T01:06:07.371+0600][9.167s][info][gc,phases      ] GC(34)   Post Evacuate Collection Set: 0.84ms
[2026-04-03T01:06:07.371+0600][9.167s][info][gc,phases      ] GC(34)   Other: 0.18ms
[2026-04-03T01:06:07.371+0600][9.167s][info][gc,heap        ] GC(34) Eden regions: 128->0(128)
[2026-04-03T01:06:07.371+0600][9.167s][info][gc,heap        ] GC(34) Survivor regions: 1->1(17)
[2026-04-03T01:06:07.371+0600][9.167s][info][gc,heap        ] GC(34) Old regions: 3->3
[2026-04-03T01:06:07.371+0600][9.167s][info][gc,heap        ] GC(34) Humongous regions: 6->6
[2026-04-03T01:06:07.371+0600][9.167s][info][gc,metaspace   ] GC(34) Metaspace: 9141K(9792K)->9141K(9792K) NonClass: 8108K(8448K)->8108K(8448K) Class: 1032K(1344K)->1032K(1344K)
[2026-04-03T01:06:07.371+0600][9.167s][info][gc             ] GC(34) Pause Young (Normal) (G1 Evacuation Pause) 273M->17M(430M) 4.130ms
[2026-04-03T01:06:07.371+0600][9.167s][info][gc,cpu         ] GC(34) User=0.01s Sys=0.00s Real=0.01s
[2026-04-03T01:06:07.551+0600][9.346s][info][gc,start       ] GC(35) Pause Young (Normal) (G1 Evacuation Pause)
[2026-04-03T01:06:07.551+0600][9.347s][info][gc,task        ] GC(35) Using 10 workers of 10 for evacuation
[2026-04-03T01:06:07.554+0600][9.350s][info][gc,phases      ] GC(35)   Pre Evacuate Collection Set: 0.44ms
[2026-04-03T01:06:07.554+0600][9.350s][info][gc,phases      ] GC(35)   Merge Heap Roots: 0.20ms
[2026-04-03T01:06:07.554+0600][9.350s][info][gc,phases      ] GC(35)   Evacuate Collection Set: 2.02ms
[2026-04-03T01:06:07.554+0600][9.350s][info][gc,phases      ] GC(35)   Post Evacuate Collection Set: 0.84ms
[2026-04-03T01:06:07.554+0600][9.350s][info][gc,phases      ] GC(35)   Other: 0.17ms
[2026-04-03T01:06:07.554+0600][9.350s][info][gc,heap        ] GC(35) Eden regions: 128->0(128)
[2026-04-03T01:06:07.554+0600][9.350s][info][gc,heap        ] GC(35) Survivor regions: 1->1(17)
[2026-04-03T01:06:07.554+0600][9.350s][info][gc,heap        ] GC(35) Old regions: 3->3
[2026-04-03T01:06:07.555+0600][9.350s][info][gc,heap        ] GC(35) Humongous regions: 6->6
[2026-04-03T01:06:07.555+0600][9.350s][info][gc,metaspace   ] GC(35) Metaspace: 9147K(9792K)->9147K(9792K) NonClass: 8114K(8448K)->8114K(8448K) Class: 1032K(1344K)->1032K(1344K)
[2026-04-03T01:06:07.555+0600][9.350s][info][gc             ] GC(35) Pause Young (Normal) (G1 Evacuation Pause) 273M->17M(430M) 4.028ms
[2026-04-03T01:06:07.555+0600][9.351s][info][gc,cpu         ] GC(35) User=0.01s Sys=0.00s Real=0.00s
[2026-04-03T01:06:07.700+0600][9.496s][info][gc,start       ] GC(36) Pause Young (Normal) (G1 Evacuation Pause)
[2026-04-03T01:06:07.700+0600][9.496s][info][gc,task        ] GC(36) Using 10 workers of 10 for evacuation
[2026-04-03T01:06:07.702+0600][9.498s][info][gc,phases      ] GC(36)   Pre Evacuate Collection Set: 0.34ms
[2026-04-03T01:06:07.702+0600][9.498s][info][gc,phases      ] GC(36)   Merge Heap Roots: 0.22ms
[2026-04-03T01:06:07.702+0600][9.498s][info][gc,phases      ] GC(36)   Evacuate Collection Set: 0.66ms
[2026-04-03T01:06:07.702+0600][9.498s][info][gc,phases      ] GC(36)   Post Evacuate Collection Set: 0.76ms
[2026-04-03T01:06:07.702+0600][9.498s][info][gc,phases      ] GC(36)   Other: 0.13ms
[2026-04-03T01:06:07.702+0600][9.498s][info][gc,heap        ] GC(36) Eden regions: 128->0(128)
[2026-04-03T01:06:07.702+0600][9.498s][info][gc,heap        ] GC(36) Survivor regions: 1->1(17)
[2026-04-03T01:06:07.702+0600][9.498s][info][gc,heap        ] GC(36) Old regions: 3->3
[2026-04-03T01:06:07.702+0600][9.498s][info][gc,heap        ] GC(36) Humongous regions: 6->6
[2026-04-03T01:06:07.702+0600][9.498s][info][gc,metaspace   ] GC(36) Metaspace: 9161K(9792K)->9161K(9792K) NonClass: 8129K(8448K)->8129K(8448K) Class: 1032K(1344K)->1032K(1344K)
[2026-04-03T01:06:07.702+0600][9.498s][info][gc             ] GC(36) Pause Young (Normal) (G1 Evacuation Pause) 273M->17M(430M) 2.490ms
[2026-04-03T01:06:07.703+0600][9.498s][info][gc,cpu         ] GC(36) User=0.01s Sys=0.01s Real=0.00s
[2026-04-03T01:06:07.875+0600][9.671s][info][gc,start       ] GC(37) Pause Young (Normal) (G1 Evacuation Pause)
[2026-04-03T01:06:07.875+0600][9.671s][info][gc,task        ] GC(37) Using 10 workers of 10 for evacuation
[2026-04-03T01:06:07.877+0600][9.673s][info][gc,phases      ] GC(37)   Pre Evacuate Collection Set: 0.38ms
[2026-04-03T01:06:07.877+0600][9.673s][info][gc,phases      ] GC(37)   Merge Heap Roots: 0.22ms
[2026-04-03T01:06:07.877+0600][9.673s][info][gc,phases      ] GC(37)   Evacuate Collection Set: 0.65ms
[2026-04-03T01:06:07.877+0600][9.673s][info][gc,phases      ] GC(37)   Post Evacuate Collection Set: 0.75ms
[2026-04-03T01:06:07.877+0600][9.673s][info][gc,phases      ] GC(37)   Other: 0.16ms
[2026-04-03T01:06:07.877+0600][9.673s][info][gc,heap        ] GC(37) Eden regions: 128->0(128)
[2026-04-03T01:06:07.878+0600][9.673s][info][gc,heap        ] GC(37) Survivor regions: 1->1(17)
[2026-04-03T01:06:07.878+0600][9.673s][info][gc,heap        ] GC(37) Old regions: 3->3
[2026-04-03T01:06:07.878+0600][9.673s][info][gc,heap        ] GC(37) Humongous regions: 6->6
[2026-04-03T01:06:07.878+0600][9.673s][info][gc,metaspace   ] GC(37) Metaspace: 9166K(9856K)->9166K(9856K) NonClass: 8134K(8512K)->8134K(8512K) Class: 1032K(1344K)->1032K(1344K)
[2026-04-03T01:06:07.878+0600][9.673s][info][gc             ] GC(37) Pause Young (Normal) (G1 Evacuation Pause) 273M->17M(430M) 2.575ms
[2026-04-03T01:06:07.878+0600][9.674s][info][gc,cpu         ] GC(37) User=0.01s Sys=0.00s Real=0.00s
[2026-04-03T01:06:08.019+0600][9.815s][info][gc,start       ] GC(38) Pause Young (Normal) (G1 Evacuation Pause)
[2026-04-03T01:06:08.019+0600][9.815s][info][gc,task        ] GC(38) Using 10 workers of 10 for evacuation
[2026-04-03T01:06:08.022+0600][9.818s][info][gc,phases      ] GC(38)   Pre Evacuate Collection Set: 0.31ms
[2026-04-03T01:06:08.022+0600][9.818s][info][gc,phases      ] GC(38)   Merge Heap Roots: 0.27ms
[2026-04-03T01:06:08.022+0600][9.818s][info][gc,phases      ] GC(38)   Evacuate Collection Set: 1.37ms
[2026-04-03T01:06:08.022+0600][9.818s][info][gc,phases      ] GC(38)   Post Evacuate Collection Set: 0.72ms
[2026-04-03T01:06:08.022+0600][9.818s][info][gc,phases      ] GC(38)   Other: 0.11ms
[2026-04-03T01:06:08.022+0600][9.818s][info][gc,heap        ] GC(38) Eden regions: 128->0(128)
[2026-04-03T01:06:08.022+0600][9.818s][info][gc,heap        ] GC(38) Survivor regions: 1->1(17)
[2026-04-03T01:06:08.022+0600][9.818s][info][gc,heap        ] GC(38) Old regions: 3->3
[2026-04-03T01:06:08.022+0600][9.818s][info][gc,heap        ] GC(38) Humongous regions: 6->6
[2026-04-03T01:06:08.022+0600][9.818s][info][gc,metaspace   ] GC(38) Metaspace: 9167K(9856K)->9167K(9856K) NonClass: 8134K(8512K)->8134K(8512K) Class: 1032K(1344K)->1032K(1344K)
[2026-04-03T01:06:08.022+0600][9.818s][info][gc             ] GC(38) Pause Young (Normal) (G1 Evacuation Pause) 273M->17M(430M) 3.107ms
[2026-04-03T01:06:08.022+0600][9.818s][info][gc,cpu         ] GC(38) User=0.01s Sys=0.00s Real=0.01s
[2026-04-03T01:06:08.185+0600][9.981s][info][gc,start       ] GC(39) Pause Young (Normal) (G1 Evacuation Pause)
[2026-04-03T01:06:08.185+0600][9.981s][info][gc,task        ] GC(39) Using 10 workers of 10 for evacuation
[2026-04-03T01:06:08.187+0600][9.983s][info][gc,phases      ] GC(39)   Pre Evacuate Collection Set: 0.27ms
[2026-04-03T01:06:08.188+0600][9.983s][info][gc,phases      ] GC(39)   Merge Heap Roots: 0.18ms
[2026-04-03T01:06:08.188+0600][9.983s][info][gc,phases      ] GC(39)   Evacuate Collection Set: 0.79ms
[2026-04-03T01:06:08.188+0600][9.983s][info][gc,phases      ] GC(39)   Post Evacuate Collection Set: 1.23ms
[2026-04-03T01:06:08.188+0600][9.983s][info][gc,phases      ] GC(39)   Other: 0.11ms
[2026-04-03T01:06:08.188+0600][9.984s][info][gc,heap        ] GC(39) Eden regions: 128->0(153)
[2026-04-03T01:06:08.188+0600][9.984s][info][gc,heap        ] GC(39) Survivor regions: 1->1(17)
[2026-04-03T01:06:08.188+0600][9.984s][info][gc,heap        ] GC(39) Old regions: 3->3
[2026-04-03T01:06:08.188+0600][9.984s][info][gc,heap        ] GC(39) Humongous regions: 6->6
[2026-04-03T01:06:08.188+0600][9.984s][info][gc,metaspace   ] GC(39) Metaspace: 9167K(9856K)->9167K(9856K) NonClass: 8134K(8512K)->8134K(8512K) Class: 1032K(1344K)->1032K(1344K)
[2026-04-03T01:06:08.188+0600][9.984s][info][gc             ] GC(39) Pause Young (Normal) (G1 Evacuation Pause) 273M->17M(516M) 2.898ms
[2026-04-03T01:06:08.188+0600][9.984s][info][gc,cpu         ] GC(39) User=0.01s Sys=0.00s Real=0.00s
[2026-04-03T01:06:08.385+0600][10.181s][info][gc,start       ] GC(40) Pause Young (Normal) (G1 Evacuation Pause)
[2026-04-03T01:06:08.385+0600][10.181s][info][gc,task        ] GC(40) Using 10 workers of 10 for evacuation
[2026-04-03T01:06:08.388+0600][10.184s][info][gc,phases      ] GC(40)   Pre Evacuate Collection Set: 0.39ms
[2026-04-03T01:06:08.388+0600][10.184s][info][gc,phases      ] GC(40)   Merge Heap Roots: 0.40ms
[2026-04-03T01:06:08.388+0600][10.184s][info][gc,phases      ] GC(40)   Evacuate Collection Set: 1.07ms
[2026-04-03T01:06:08.388+0600][10.184s][info][gc,phases      ] GC(40)   Post Evacuate Collection Set: 0.57ms
[2026-04-03T01:06:08.388+0600][10.184s][info][gc,phases      ] GC(40)   Other: 0.19ms
[2026-04-03T01:06:08.388+0600][10.184s][info][gc,heap        ] GC(40) Eden regions: 153->0(153)
[2026-04-03T01:06:08.388+0600][10.184s][info][gc,heap        ] GC(40) Survivor regions: 1->1(20)
[2026-04-03T01:06:08.388+0600][10.184s][info][gc,heap        ] GC(40) Old regions: 3->3
[2026-04-03T01:06:08.388+0600][10.184s][info][gc,heap        ] GC(40) Humongous regions: 6->6
[2026-04-03T01:06:08.388+0600][10.184s][info][gc,metaspace   ] GC(40) Metaspace: 9167K(9856K)->9167K(9856K) NonClass: 8134K(8512K)->8134K(8512K) Class: 1032K(1344K)->1032K(1344K)
[2026-04-03T01:06:08.388+0600][10.184s][info][gc             ] GC(40) Pause Young (Normal) (G1 Evacuation Pause) 323M->17M(516M) 2.948ms
[2026-04-03T01:06:08.388+0600][10.184s][info][gc,cpu         ] GC(40) User=0.01s Sys=0.00s Real=0.00s
[2026-04-03T01:06:08.553+0600][10.349s][info][gc,start       ] GC(41) Pause Young (Normal) (G1 Evacuation Pause)
[2026-04-03T01:06:08.553+0600][10.349s][info][gc,task        ] GC(41) Using 10 workers of 10 for evacuation
[2026-04-03T01:06:08.555+0600][10.351s][info][gc,phases      ] GC(41)   Pre Evacuate Collection Set: 0.20ms
[2026-04-03T01:06:08.555+0600][10.351s][info][gc,phases      ] GC(41)   Merge Heap Roots: 0.14ms
[2026-04-03T01:06:08.555+0600][10.351s][info][gc,phases      ] GC(41)   Evacuate Collection Set: 0.46ms
[2026-04-03T01:06:08.555+0600][10.351s][info][gc,phases      ] GC(41)   Post Evacuate Collection Set: 0.99ms
[2026-04-03T01:06:08.555+0600][10.351s][info][gc,phases      ] GC(41)   Other: 0.10ms
[2026-04-03T01:06:08.555+0600][10.351s][info][gc,heap        ] GC(41) Eden regions: 153->0(153)
[2026-04-03T01:06:08.555+0600][10.351s][info][gc,heap        ] GC(41) Survivor regions: 1->1(20)
[2026-04-03T01:06:08.555+0600][10.351s][info][gc,heap        ] GC(41) Old regions: 3->3
[2026-04-03T01:06:08.555+0600][10.351s][info][gc,heap        ] GC(41) Humongous regions: 6->6
[2026-04-03T01:06:08.555+0600][10.351s][info][gc,metaspace   ] GC(41) Metaspace: 9167K(9856K)->9167K(9856K) NonClass: 8134K(8512K)->8134K(8512K) Class: 1032K(1344K)->1032K(1344K)
[2026-04-03T01:06:08.555+0600][10.351s][info][gc             ] GC(41) Pause Young (Normal) (G1 Evacuation Pause) 323M->17M(516M) 2.197ms
[2026-04-03T01:06:08.555+0600][10.351s][info][gc,cpu         ] GC(41) User=0.01s Sys=0.00s Real=0.00s
[2026-04-03T01:06:08.721+0600][10.517s][info][gc,start       ] GC(42) Pause Young (Normal) (G1 Evacuation Pause)
[2026-04-03T01:06:08.721+0600][10.517s][info][gc,task        ] GC(42) Using 10 workers of 10 for evacuation
[2026-04-03T01:06:08.723+0600][10.519s][info][gc,phases      ] GC(42)   Pre Evacuate Collection Set: 0.52ms
[2026-04-03T01:06:08.723+0600][10.519s][info][gc,phases      ] GC(42)   Merge Heap Roots: 0.29ms
[2026-04-03T01:06:08.723+0600][10.519s][info][gc,phases      ] GC(42)   Evacuate Collection Set: 0.56ms
[2026-04-03T01:06:08.723+0600][10.519s][info][gc,phases      ] GC(42)   Post Evacuate Collection Set: 0.65ms
[2026-04-03T01:06:08.723+0600][10.519s][info][gc,phases      ] GC(42)   Other: 0.13ms
[2026-04-03T01:06:08.723+0600][10.519s][info][gc,heap        ] GC(42) Eden regions: 153->0(153)
[2026-04-03T01:06:08.723+0600][10.519s][info][gc,heap        ] GC(42) Survivor regions: 1->1(20)
[2026-04-03T01:06:08.723+0600][10.519s][info][gc,heap        ] GC(42) Old regions: 3->3
[2026-04-03T01:06:08.723+0600][10.519s][info][gc,heap        ] GC(42) Humongous regions: 6->6
[2026-04-03T01:06:08.723+0600][10.519s][info][gc,metaspace   ] GC(42) Metaspace: 9176K(9856K)->9176K(9856K) NonClass: 8144K(8512K)->8144K(8512K) Class: 1032K(1344K)->1032K(1344K)
[2026-04-03T01:06:08.723+0600][10.519s][info][gc             ] GC(42) Pause Young (Normal) (G1 Evacuation Pause) 323M->17M(516M) 2.507ms
[2026-04-03T01:06:08.723+0600][10.519s][info][gc,cpu         ] GC(42) User=0.01s Sys=0.00s Real=0.00s
[2026-04-03T01:06:08.889+0600][10.685s][info][gc,start       ] GC(43) Pause Young (Normal) (G1 Evacuation Pause)
[2026-04-03T01:06:08.889+0600][10.685s][info][gc,task        ] GC(43) Using 10 workers of 10 for evacuation
[2026-04-03T01:06:08.891+0600][10.687s][info][gc,phases      ] GC(43)   Pre Evacuate Collection Set: 0.34ms
[2026-04-03T01:06:08.891+0600][10.687s][info][gc,phases      ] GC(43)   Merge Heap Roots: 0.19ms
[2026-04-03T01:06:08.891+0600][10.687s][info][gc,phases      ] GC(43)   Evacuate Collection Set: 0.48ms
[2026-04-03T01:06:08.891+0600][10.687s][info][gc,phases      ] GC(43)   Post Evacuate Collection Set: 0.72ms
[2026-04-03T01:06:08.891+0600][10.687s][info][gc,phases      ] GC(43)   Other: 0.13ms
[2026-04-03T01:06:08.891+0600][10.687s][info][gc,heap        ] GC(43) Eden regions: 153->0(153)
[2026-04-03T01:06:08.891+0600][10.687s][info][gc,heap        ] GC(43) Survivor regions: 1->1(20)
[2026-04-03T01:06:08.891+0600][10.687s][info][gc,heap        ] GC(43) Old regions: 3->3
[2026-04-03T01:06:08.891+0600][10.687s][info][gc,heap        ] GC(43) Humongous regions: 6->6
[2026-04-03T01:06:08.891+0600][10.687s][info][gc,metaspace   ] GC(43) Metaspace: 9176K(9856K)->9176K(9856K) NonClass: 8144K(8512K)->8144K(8512K) Class: 1032K(1344K)->1032K(1344K)
[2026-04-03T01:06:08.891+0600][10.687s][info][gc             ] GC(43) Pause Young (Normal) (G1 Evacuation Pause) 323M->17M(516M) 2.174ms
[2026-04-03T01:06:08.891+0600][10.687s][info][gc,cpu         ] GC(43) User=0.01s Sys=0.00s Real=0.01s
[2026-04-03T01:06:09.032+0600][10.828s][info][gc,start       ] GC(44) Pause Young (Normal) (G1 Evacuation Pause)
[2026-04-03T01:06:09.032+0600][10.828s][info][gc,task        ] GC(44) Using 10 workers of 10 for evacuation
[2026-04-03T01:06:09.035+0600][10.831s][info][gc,phases      ] GC(44)   Pre Evacuate Collection Set: 0.23ms
[2026-04-03T01:06:09.035+0600][10.831s][info][gc,phases      ] GC(44)   Merge Heap Roots: 0.17ms
[2026-04-03T01:06:09.035+0600][10.831s][info][gc,phases      ] GC(44)   Evacuate Collection Set: 1.62ms
[2026-04-03T01:06:09.035+0600][10.831s][info][gc,phases      ] GC(44)   Post Evacuate Collection Set: 0.86ms
[2026-04-03T01:06:09.035+0600][10.831s][info][gc,phases      ] GC(44)   Other: 0.13ms
[2026-04-03T01:06:09.035+0600][10.831s][info][gc,heap        ] GC(44) Eden regions: 153->0(153)
[2026-04-03T01:06:09.035+0600][10.831s][info][gc,heap        ] GC(44) Survivor regions: 1->1(20)
[2026-04-03T01:06:09.035+0600][10.831s][info][gc,heap        ] GC(44) Old regions: 3->3
[2026-04-03T01:06:09.035+0600][10.831s][info][gc,heap        ] GC(44) Humongous regions: 6->6
[2026-04-03T01:06:09.035+0600][10.831s][info][gc,metaspace   ] GC(44) Metaspace: 9176K(9856K)->9176K(9856K) NonClass: 8144K(8512K)->8144K(8512K) Class: 1032K(1344K)->1032K(1344K)
[2026-04-03T01:06:09.035+0600][10.831s][info][gc             ] GC(44) Pause Young (Normal) (G1 Evacuation Pause) 323M->17M(516M) 3.426ms
[2026-04-03T01:06:09.035+0600][10.831s][info][gc,cpu         ] GC(44) User=0.00s Sys=0.00s Real=0.00s
[2026-04-03T01:06:09.217+0600][11.013s][info][gc,start       ] GC(45) Pause Young (Normal) (G1 Evacuation Pause)
[2026-04-03T01:06:09.217+0600][11.013s][info][gc,task        ] GC(45) Using 10 workers of 10 for evacuation
[2026-04-03T01:06:09.219+0600][11.015s][info][gc,phases      ] GC(45)   Pre Evacuate Collection Set: 0.28ms
[2026-04-03T01:06:09.219+0600][11.015s][info][gc,phases      ] GC(45)   Merge Heap Roots: 0.33ms
[2026-04-03T01:06:09.219+0600][11.015s][info][gc,phases      ] GC(45)   Evacuate Collection Set: 0.70ms
[2026-04-03T01:06:09.219+0600][11.015s][info][gc,phases      ] GC(45)   Post Evacuate Collection Set: 1.05ms
[2026-04-03T01:06:09.219+0600][11.015s][info][gc,phases      ] GC(45)   Other: 0.13ms
[2026-04-03T01:06:09.220+0600][11.015s][info][gc,heap        ] GC(45) Eden regions: 153->0(153)
[2026-04-03T01:06:09.220+0600][11.015s][info][gc,heap        ] GC(45) Survivor regions: 1->1(20)
[2026-04-03T01:06:09.220+0600][11.015s][info][gc,heap        ] GC(45) Old regions: 3->3
[2026-04-03T01:06:09.220+0600][11.015s][info][gc,heap        ] GC(45) Humongous regions: 6->6
[2026-04-03T01:06:09.220+0600][11.016s][info][gc,metaspace   ] GC(45) Metaspace: 9176K(9856K)->9176K(9856K) NonClass: 8144K(8512K)->8144K(8512K) Class: 1032K(1344K)->1032K(1344K)
[2026-04-03T01:06:09.220+0600][11.016s][info][gc             ] GC(45) Pause Young (Normal) (G1 Evacuation Pause) 323M->17M(516M) 2.915ms
[2026-04-03T01:06:09.220+0600][11.016s][info][gc,cpu         ] GC(45) User=0.01s Sys=0.01s Real=0.00s
[2026-04-03T01:06:09.400+0600][11.196s][info][gc,start       ] GC(46) Pause Young (Normal) (G1 Evacuation Pause)
[2026-04-03T01:06:09.400+0600][11.196s][info][gc,task        ] GC(46) Using 10 workers of 10 for evacuation
[2026-04-03T01:06:09.402+0600][11.198s][info][gc,phases      ] GC(46)   Pre Evacuate Collection Set: 0.30ms
[2026-04-03T01:06:09.402+0600][11.198s][info][gc,phases      ] GC(46)   Merge Heap Roots: 0.24ms
[2026-04-03T01:06:09.402+0600][11.198s][info][gc,phases      ] GC(46)   Evacuate Collection Set: 0.66ms
[2026-04-03T01:06:09.402+0600][11.198s][info][gc,phases      ] GC(46)   Post Evacuate Collection Set: 0.94ms
[2026-04-03T01:06:09.402+0600][11.198s][info][gc,phases      ] GC(46)   Other: 0.11ms
[2026-04-03T01:06:09.402+0600][11.198s][info][gc,heap        ] GC(46) Eden regions: 153->0(153)
[2026-04-03T01:06:09.402+0600][11.198s][info][gc,heap        ] GC(46) Survivor regions: 1->1(20)
[2026-04-03T01:06:09.402+0600][11.198s][info][gc,heap        ] GC(46) Old regions: 3->3
[2026-04-03T01:06:09.402+0600][11.198s][info][gc,heap        ] GC(46) Humongous regions: 6->6
[2026-04-03T01:06:09.402+0600][11.198s][info][gc,metaspace   ] GC(46) Metaspace: 9176K(9856K)->9176K(9856K) NonClass: 8144K(8512K)->8144K(8512K) Class: 1032K(1344K)->1032K(1344K)
[2026-04-03T01:06:09.402+0600][11.198s][info][gc             ] GC(46) Pause Young (Normal) (G1 Evacuation Pause) 323M->17M(516M) 2.558ms
[2026-04-03T01:06:09.402+0600][11.198s][info][gc,cpu         ] GC(46) User=0.01s Sys=0.00s Real=0.00s
[2026-04-03T01:06:09.569+0600][11.365s][info][gc,start       ] GC(47) Pause Young (Normal) (G1 Evacuation Pause)
[2026-04-03T01:06:09.569+0600][11.365s][info][gc,task        ] GC(47) Using 10 workers of 10 for evacuation
[2026-04-03T01:06:09.572+0600][11.368s][info][gc,phases      ] GC(47)   Pre Evacuate Collection Set: 0.42ms
[2026-04-03T01:06:09.572+0600][11.368s][info][gc,phases      ] GC(47)   Merge Heap Roots: 0.20ms
[2026-04-03T01:06:09.572+0600][11.368s][info][gc,phases      ] GC(47)   Evacuate Collection Set: 0.82ms
[2026-04-03T01:06:09.572+0600][11.368s][info][gc,phases      ] GC(47)   Post Evacuate Collection Set: 1.05ms
[2026-04-03T01:06:09.572+0600][11.368s][info][gc,phases      ] GC(47)   Other: 0.12ms
[2026-04-03T01:06:09.572+0600][11.368s][info][gc,heap        ] GC(47) Eden regions: 153->0(153)
[2026-04-03T01:06:09.572+0600][11.368s][info][gc,heap        ] GC(47) Survivor regions: 1->1(20)
[2026-04-03T01:06:09.572+0600][11.368s][info][gc,heap        ] GC(47) Old regions: 3->3
[2026-04-03T01:06:09.572+0600][11.368s][info][gc,heap        ] GC(47) Humongous regions: 6->6
[2026-04-03T01:06:09.572+0600][11.368s][info][gc,metaspace   ] GC(47) Metaspace: 9176K(9856K)->9176K(9856K) NonClass: 8144K(8512K)->8144K(8512K) Class: 1032K(1344K)->1032K(1344K)
[2026-04-03T01:06:09.572+0600][11.368s][info][gc             ] GC(47) Pause Young (Normal) (G1 Evacuation Pause) 323M->17M(516M) 2.980ms
[2026-04-03T01:06:09.572+0600][11.368s][info][gc,cpu         ] GC(47) User=0.01s Sys=0.00s Real=0.01s
[2026-04-03T01:06:09.732+0600][11.528s][info][gc,start       ] GC(48) Pause Young (Normal) (G1 Evacuation Pause)
[2026-04-03T01:06:09.732+0600][11.528s][info][gc,task        ] GC(48) Using 10 workers of 10 for evacuation
[2026-04-03T01:06:09.734+0600][11.530s][info][gc,phases      ] GC(48)   Pre Evacuate Collection Set: 0.53ms
[2026-04-03T01:06:09.735+0600][11.530s][info][gc,phases      ] GC(48)   Merge Heap Roots: 0.22ms
[2026-04-03T01:06:09.735+0600][11.530s][info][gc,phases      ] GC(48)   Evacuate Collection Set: 0.57ms
[2026-04-03T01:06:09.735+0600][11.530s][info][gc,phases      ] GC(48)   Post Evacuate Collection Set: 0.61ms
[2026-04-03T01:06:09.735+0600][11.530s][info][gc,phases      ] GC(48)   Other: 0.17ms
[2026-04-03T01:06:09.735+0600][11.530s][info][gc,heap        ] GC(48) Eden regions: 153->0(153)
[2026-04-03T01:06:09.735+0600][11.530s][info][gc,heap        ] GC(48) Survivor regions: 1->1(20)
[2026-04-03T01:06:09.735+0600][11.530s][info][gc,heap        ] GC(48) Old regions: 3->3
[2026-04-03T01:06:09.735+0600][11.530s][info][gc,heap        ] GC(48) Humongous regions: 6->6
[2026-04-03T01:06:09.735+0600][11.531s][info][gc,metaspace   ] GC(48) Metaspace: 9176K(9856K)->9176K(9856K) NonClass: 8144K(8512K)->8144K(8512K) Class: 1032K(1344K)->1032K(1344K)
[2026-04-03T01:06:09.735+0600][11.531s][info][gc             ] GC(48) Pause Young (Normal) (G1 Evacuation Pause) 323M->17M(516M) 2.439ms
[2026-04-03T01:06:09.735+0600][11.531s][info][gc,cpu         ] GC(48) User=0.01s Sys=0.01s Real=0.00s
[2026-04-03T01:06:09.903+0600][11.699s][info][gc,start       ] GC(49) Pause Young (Normal) (G1 Evacuation Pause)
[2026-04-03T01:06:09.903+0600][11.699s][info][gc,task        ] GC(49) Using 10 workers of 10 for evacuation
[2026-04-03T01:06:09.905+0600][11.701s][info][gc,phases      ] GC(49)   Pre Evacuate Collection Set: 0.37ms
[2026-04-03T01:06:09.905+0600][11.701s][info][gc,phases      ] GC(49)   Merge Heap Roots: 0.25ms
[2026-04-03T01:06:09.905+0600][11.701s][info][gc,phases      ] GC(49)   Evacuate Collection Set: 0.70ms
[2026-04-03T01:06:09.905+0600][11.701s][info][gc,phases      ] GC(49)   Post Evacuate Collection Set: 0.89ms
[2026-04-03T01:06:09.905+0600][11.701s][info][gc,phases      ] GC(49)   Other: 0.13ms
[2026-04-03T01:06:09.905+0600][11.701s][info][gc,heap        ] GC(49) Eden regions: 153->0(153)
[2026-04-03T01:06:09.905+0600][11.701s][info][gc,heap        ] GC(49) Survivor regions: 1->1(20)
[2026-04-03T01:06:09.905+0600][11.701s][info][gc,heap        ] GC(49) Old regions: 3->3
[2026-04-03T01:06:09.906+0600][11.701s][info][gc,heap        ] GC(49) Humongous regions: 6->6
[2026-04-03T01:06:09.906+0600][11.701s][info][gc,metaspace   ] GC(49) Metaspace: 9176K(9856K)->9176K(9856K) NonClass: 8144K(8512K)->8144K(8512K) Class: 1032K(1344K)->1032K(1344K)
[2026-04-03T01:06:09.906+0600][11.701s][info][gc             ] GC(49) Pause Young (Normal) (G1 Evacuation Pause) 323M->17M(516M) 2.800ms
[2026-04-03T01:06:09.906+0600][11.702s][info][gc,cpu         ] GC(49) User=0.01s Sys=0.00s Real=0.00s
[2026-04-03T01:06:10.047+0600][11.843s][info][gc,start       ] GC(50) Pause Young (Normal) (G1 Evacuation Pause)
[2026-04-03T01:06:10.047+0600][11.843s][info][gc,task        ] GC(50) Using 10 workers of 10 for evacuation
[2026-04-03T01:06:10.049+0600][11.845s][info][gc,phases      ] GC(50)   Pre Evacuate Collection Set: 0.29ms
[2026-04-03T01:06:10.049+0600][11.845s][info][gc,phases      ] GC(50)   Merge Heap Roots: 0.20ms
[2026-04-03T01:06:10.049+0600][11.845s][info][gc,phases      ] GC(50)   Evacuate Collection Set: 0.41ms
[2026-04-03T01:06:10.049+0600][11.845s][info][gc,phases      ] GC(50)   Post Evacuate Collection Set: 0.83ms
[2026-04-03T01:06:10.049+0600][11.845s][info][gc,phases      ] GC(50)   Other: 0.12ms
[2026-04-03T01:06:10.049+0600][11.845s][info][gc,heap        ] GC(50) Eden regions: 153->0(153)
[2026-04-03T01:06:10.049+0600][11.845s][info][gc,heap        ] GC(50) Survivor regions: 1->1(20)
[2026-04-03T01:06:10.049+0600][11.845s][info][gc,heap        ] GC(50) Old regions: 3->3
[2026-04-03T01:06:10.049+0600][11.845s][info][gc,heap        ] GC(50) Humongous regions: 6->6
[2026-04-03T01:06:10.049+0600][11.845s][info][gc,metaspace   ] GC(50) Metaspace: 9176K(9856K)->9176K(9856K) NonClass: 8144K(8512K)->8144K(8512K) Class: 1032K(1344K)->1032K(1344K)
[2026-04-03T01:06:10.049+0600][11.845s][info][gc             ] GC(50) Pause Young (Normal) (G1 Evacuation Pause) 323M->17M(516M) 2.160ms
[2026-04-03T01:06:10.049+0600][11.845s][info][gc,cpu         ] GC(50) User=0.01s Sys=0.00s Real=0.00s
[2026-04-03T01:06:10.202+0600][11.998s][info][gc,start       ] GC(51) Pause Young (Normal) (G1 Evacuation Pause)
[2026-04-03T01:06:10.202+0600][11.998s][info][gc,task        ] GC(51) Using 10 workers of 10 for evacuation
[2026-04-03T01:06:10.204+0600][12.000s][info][gc,phases      ] GC(51)   Pre Evacuate Collection Set: 0.28ms
[2026-04-03T01:06:10.204+0600][12.000s][info][gc,phases      ] GC(51)   Merge Heap Roots: 0.22ms
[2026-04-03T01:06:10.204+0600][12.000s][info][gc,phases      ] GC(51)   Evacuate Collection Set: 0.71ms
[2026-04-03T01:06:10.204+0600][12.000s][info][gc,phases      ] GC(51)   Post Evacuate Collection Set: 0.57ms
[2026-04-03T01:06:10.204+0600][12.000s][info][gc,phases      ] GC(51)   Other: 0.10ms
[2026-04-03T01:06:10.204+0600][12.000s][info][gc,heap        ] GC(51) Eden regions: 153->0(153)
[2026-04-03T01:06:10.204+0600][12.000s][info][gc,heap        ] GC(51) Survivor regions: 1->1(20)
[2026-04-03T01:06:10.204+0600][12.000s][info][gc,heap        ] GC(51) Old regions: 3->3
[2026-04-03T01:06:10.204+0600][12.000s][info][gc,heap        ] GC(51) Humongous regions: 6->6
[2026-04-03T01:06:10.204+0600][12.000s][info][gc,metaspace   ] GC(51) Metaspace: 9176K(9856K)->9176K(9856K) NonClass: 8144K(8512K)->8144K(8512K) Class: 1032K(1344K)->1032K(1344K)
[2026-04-03T01:06:10.204+0600][12.000s][info][gc             ] GC(51) Pause Young (Normal) (G1 Evacuation Pause) 323M->17M(516M) 2.184ms
[2026-04-03T01:06:10.204+0600][12.000s][info][gc,cpu         ] GC(51) User=0.01s Sys=0.00s Real=0.00s
[2026-04-03T01:06:10.376+0600][12.172s][info][gc,start       ] GC(52) Pause Young (Normal) (G1 Evacuation Pause)
[2026-04-03T01:06:10.376+0600][12.172s][info][gc,task        ] GC(52) Using 10 workers of 10 for evacuation
[2026-04-03T01:06:10.379+0600][12.175s][info][gc,phases      ] GC(52)   Pre Evacuate Collection Set: 0.45ms
[2026-04-03T01:06:10.379+0600][12.175s][info][gc,phases      ] GC(52)   Merge Heap Roots: 0.23ms
[2026-04-03T01:06:10.379+0600][12.175s][info][gc,phases      ] GC(52)   Evacuate Collection Set: 1.19ms
[2026-04-03T01:06:10.379+0600][12.175s][info][gc,phases      ] GC(52)   Post Evacuate Collection Set: 0.76ms
[2026-04-03T01:06:10.379+0600][12.175s][info][gc,phases      ] GC(52)   Other: 0.12ms
[2026-04-03T01:06:10.379+0600][12.175s][info][gc,heap        ] GC(52) Eden regions: 153->0(153)
[2026-04-03T01:06:10.379+0600][12.175s][info][gc,heap        ] GC(52) Survivor regions: 1->1(20)
[2026-04-03T01:06:10.379+0600][12.175s][info][gc,heap        ] GC(52) Old regions: 3->3
[2026-04-03T01:06:10.379+0600][12.175s][info][gc,heap        ] GC(52) Humongous regions: 6->6
[2026-04-03T01:06:10.379+0600][12.175s][info][gc,metaspace   ] GC(52) Metaspace: 9176K(9856K)->9176K(9856K) NonClass: 8144K(8512K)->8144K(8512K) Class: 1032K(1344K)->1032K(1344K)
[2026-04-03T01:06:10.379+0600][12.175s][info][gc             ] GC(52) Pause Young (Normal) (G1 Evacuation Pause) 323M->17M(516M) 3.165ms
[2026-04-03T01:06:10.379+0600][12.175s][info][gc,cpu         ] GC(52) User=0.00s Sys=0.00s Real=0.00s
[2026-04-03T01:06:10.534+0600][12.330s][info][gc,start       ] GC(53) Pause Young (Normal) (G1 Evacuation Pause)
[2026-04-03T01:06:10.534+0600][12.330s][info][gc,task        ] GC(53) Using 10 workers of 10 for evacuation
[2026-04-03T01:06:10.536+0600][12.332s][info][gc,phases      ] GC(53)   Pre Evacuate Collection Set: 0.46ms
[2026-04-03T01:06:10.536+0600][12.332s][info][gc,phases      ] GC(53)   Merge Heap Roots: 0.18ms
[2026-04-03T01:06:10.536+0600][12.332s][info][gc,phases      ] GC(53)   Evacuate Collection Set: 0.43ms
[2026-04-03T01:06:10.536+0600][12.332s][info][gc,phases      ] GC(53)   Post Evacuate Collection Set: 0.79ms
[2026-04-03T01:06:10.536+0600][12.332s][info][gc,phases      ] GC(53)   Other: 0.12ms
[2026-04-03T01:06:10.536+0600][12.332s][info][gc,heap        ] GC(53) Eden regions: 153->0(153)
[2026-04-03T01:06:10.536+0600][12.332s][info][gc,heap        ] GC(53) Survivor regions: 1->1(20)
[2026-04-03T01:06:10.536+0600][12.332s][info][gc,heap        ] GC(53) Old regions: 3->3
[2026-04-03T01:06:10.536+0600][12.332s][info][gc,heap        ] GC(53) Humongous regions: 6->6
[2026-04-03T01:06:10.536+0600][12.332s][info][gc,metaspace   ] GC(53) Metaspace: 9178K(9856K)->9178K(9856K) NonClass: 8146K(8512K)->8146K(8512K) Class: 1032K(1344K)->1032K(1344K)
[2026-04-03T01:06:10.537+0600][12.332s][info][gc             ] GC(53) Pause Young (Normal) (G1 Evacuation Pause) 323M->17M(516M) 2.329ms
[2026-04-03T01:06:10.537+0600][12.332s][info][gc,cpu         ] GC(53) User=0.00s Sys=0.00s Real=0.00s
[2026-04-03T01:06:10.668+0600][12.464s][info][gc,start       ] GC(54) Pause Young (Normal) (G1 Evacuation Pause)
[2026-04-03T01:06:10.668+0600][12.464s][info][gc,task        ] GC(54) Using 10 workers of 10 for evacuation
[2026-04-03T01:06:10.670+0600][12.466s][info][gc,phases      ] GC(54)   Pre Evacuate Collection Set: 0.24ms
[2026-04-03T01:06:10.670+0600][12.466s][info][gc,phases      ] GC(54)   Merge Heap Roots: 0.19ms
[2026-04-03T01:06:10.670+0600][12.466s][info][gc,phases      ] GC(54)   Evacuate Collection Set: 0.44ms
[2026-04-03T01:06:10.671+0600][12.466s][info][gc,phases      ] GC(54)   Post Evacuate Collection Set: 1.09ms
[2026-04-03T01:06:10.671+0600][12.466s][info][gc,phases      ] GC(54)   Other: 0.12ms
[2026-04-03T01:06:10.671+0600][12.466s][info][gc,heap        ] GC(54) Eden regions: 153->0(153)
[2026-04-03T01:06:10.671+0600][12.466s][info][gc,heap        ] GC(54) Survivor regions: 1->1(20)
[2026-04-03T01:06:10.671+0600][12.466s][info][gc,heap        ] GC(54) Old regions: 3->3
[2026-04-03T01:06:10.671+0600][12.466s][info][gc,heap        ] GC(54) Humongous regions: 6->6
[2026-04-03T01:06:10.671+0600][12.467s][info][gc,metaspace   ] GC(54) Metaspace: 9178K(9856K)->9178K(9856K) NonClass: 8146K(8512K)->8146K(8512K) Class: 1032K(1344K)->1032K(1344K)
[2026-04-03T01:06:10.671+0600][12.467s][info][gc             ] GC(54) Pause Young (Normal) (G1 Evacuation Pause) 323M->17M(516M) 2.398ms
[2026-04-03T01:06:10.671+0600][12.467s][info][gc,cpu         ] GC(54) User=0.01s Sys=0.00s Real=0.01s
[2026-04-03T01:06:10.806+0600][12.602s][info][gc,start       ] GC(55) Pause Young (Normal) (G1 Evacuation Pause)
[2026-04-03T01:06:10.806+0600][12.602s][info][gc,task        ] GC(55) Using 10 workers of 10 for evacuation
[2026-04-03T01:06:10.808+0600][12.604s][info][gc,phases      ] GC(55)   Pre Evacuate Collection Set: 0.31ms
[2026-04-03T01:06:10.808+0600][12.604s][info][gc,phases      ] GC(55)   Merge Heap Roots: 0.15ms
[2026-04-03T01:06:10.808+0600][12.604s][info][gc,phases      ] GC(55)   Evacuate Collection Set: 0.44ms
[2026-04-03T01:06:10.808+0600][12.604s][info][gc,phases      ] GC(55)   Post Evacuate Collection Set: 0.48ms
[2026-04-03T01:06:10.808+0600][12.604s][info][gc,phases      ] GC(55)   Other: 0.15ms
[2026-04-03T01:06:10.808+0600][12.604s][info][gc,heap        ] GC(55) Eden regions: 153->0(153)
[2026-04-03T01:06:10.808+0600][12.604s][info][gc,heap        ] GC(55) Survivor regions: 1->1(20)
[2026-04-03T01:06:10.808+0600][12.604s][info][gc,heap        ] GC(55) Old regions: 3->3
[2026-04-03T01:06:10.808+0600][12.604s][info][gc,heap        ] GC(55) Humongous regions: 6->6
[2026-04-03T01:06:10.808+0600][12.604s][info][gc,metaspace   ] GC(55) Metaspace: 9178K(9856K)->9178K(9856K) NonClass: 8146K(8512K)->8146K(8512K) Class: 1032K(1344K)->1032K(1344K)
[2026-04-03T01:06:10.808+0600][12.604s][info][gc             ] GC(55) Pause Young (Normal) (G1 Evacuation Pause) 323M->17M(516M) 1.834ms
[2026-04-03T01:06:10.808+0600][12.604s][info][gc,cpu         ] GC(55) User=0.00s Sys=0.01s Real=0.00s
[2026-04-03T01:06:10.936+0600][12.732s][info][gc,start       ] GC(56) Pause Young (Normal) (G1 Evacuation Pause)
[2026-04-03T01:06:10.936+0600][12.732s][info][gc,task        ] GC(56) Using 10 workers of 10 for evacuation
[2026-04-03T01:06:10.938+0600][12.734s][info][gc,phases      ] GC(56)   Pre Evacuate Collection Set: 0.36ms
[2026-04-03T01:06:10.938+0600][12.734s][info][gc,phases      ] GC(56)   Merge Heap Roots: 0.28ms
[2026-04-03T01:06:10.938+0600][12.734s][info][gc,phases      ] GC(56)   Evacuate Collection Set: 0.47ms
[2026-04-03T01:06:10.938+0600][12.734s][info][gc,phases      ] GC(56)   Post Evacuate Collection Set: 0.66ms
[2026-04-03T01:06:10.938+0600][12.734s][info][gc,phases      ] GC(56)   Other: 0.12ms
[2026-04-03T01:06:10.938+0600][12.734s][info][gc,heap        ] GC(56) Eden regions: 153->0(153)
[2026-04-03T01:06:10.938+0600][12.734s][info][gc,heap        ] GC(56) Survivor regions: 1->1(20)
[2026-04-03T01:06:10.938+0600][12.734s][info][gc,heap        ] GC(56) Old regions: 3->3
[2026-04-03T01:06:10.938+0600][12.734s][info][gc,heap        ] GC(56) Humongous regions: 6->6
[2026-04-03T01:06:10.938+0600][12.734s][info][gc,metaspace   ] GC(56) Metaspace: 9178K(9856K)->9178K(9856K) NonClass: 8146K(8512K)->8146K(8512K) Class: 1032K(1344K)->1032K(1344K)
[2026-04-03T01:06:10.938+0600][12.734s][info][gc             ] GC(56) Pause Young (Normal) (G1 Evacuation Pause) 323M->17M(516M) 2.200ms
[2026-04-03T01:06:10.938+0600][12.734s][info][gc,cpu         ] GC(56) User=0.01s Sys=0.00s Real=0.00s
[2026-04-03T01:06:11.074+0600][12.870s][info][gc,start       ] GC(57) Pause Young (Normal) (G1 Evacuation Pause)
[2026-04-03T01:06:11.074+0600][12.870s][info][gc,task        ] GC(57) Using 10 workers of 10 for evacuation
[2026-04-03T01:06:11.076+0600][12.872s][info][gc,phases      ] GC(57)   Pre Evacuate Collection Set: 0.29ms
[2026-04-03T01:06:11.076+0600][12.872s][info][gc,phases      ] GC(57)   Merge Heap Roots: 0.20ms
[2026-04-03T01:06:11.076+0600][12.872s][info][gc,phases      ] GC(57)   Evacuate Collection Set: 0.60ms
[2026-04-03T01:06:11.076+0600][12.872s][info][gc,phases      ] GC(57)   Post Evacuate Collection Set: 0.83ms
[2026-04-03T01:06:11.076+0600][12.872s][info][gc,phases      ] GC(57)   Other: 0.11ms
[2026-04-03T01:06:11.076+0600][12.872s][info][gc,heap        ] GC(57) Eden regions: 153->0(153)
[2026-04-03T01:06:11.076+0600][12.872s][info][gc,heap        ] GC(57) Survivor regions: 1->1(20)
[2026-04-03T01:06:11.076+0600][12.872s][info][gc,heap        ] GC(57) Old regions: 3->3
[2026-04-03T01:06:11.076+0600][12.872s][info][gc,heap        ] GC(57) Humongous regions: 6->6
[2026-04-03T01:06:11.076+0600][12.872s][info][gc,metaspace   ] GC(57) Metaspace: 9178K(9856K)->9178K(9856K) NonClass: 8146K(8512K)->8146K(8512K) Class: 1032K(1344K)->1032K(1344K)
[2026-04-03T01:06:11.076+0600][12.872s][info][gc             ] GC(57) Pause Young (Normal) (G1 Evacuation Pause) 323M->17M(516M) 2.343ms
[2026-04-03T01:06:11.076+0600][12.872s][info][gc,cpu         ] GC(57) User=0.01s Sys=0.00s Real=0.00s
[2026-04-03T01:06:11.214+0600][13.010s][info][gc,start       ] GC(58) Pause Young (Normal) (G1 Evacuation Pause)
[2026-04-03T01:06:11.214+0600][13.010s][info][gc,task        ] GC(58) Using 10 workers of 10 for evacuation
[2026-04-03T01:06:11.217+0600][13.013s][info][gc,phases      ] GC(58)   Pre Evacuate Collection Set: 0.35ms
[2026-04-03T01:06:11.217+0600][13.013s][info][gc,phases      ] GC(58)   Merge Heap Roots: 0.26ms
[2026-04-03T01:06:11.217+0600][13.013s][info][gc,phases      ] GC(58)   Evacuate Collection Set: 1.08ms
[2026-04-03T01:06:11.217+0600][13.013s][info][gc,phases      ] GC(58)   Post Evacuate Collection Set: 0.78ms
[2026-04-03T01:06:11.217+0600][13.013s][info][gc,phases      ] GC(58)   Other: 0.12ms
[2026-04-03T01:06:11.217+0600][13.013s][info][gc,heap        ] GC(58) Eden regions: 153->0(153)
[2026-04-03T01:06:11.217+0600][13.013s][info][gc,heap        ] GC(58) Survivor regions: 1->1(20)
[2026-04-03T01:06:11.217+0600][13.013s][info][gc,heap        ] GC(58) Old regions: 3->3
[2026-04-03T01:06:11.217+0600][13.013s][info][gc,heap        ] GC(58) Humongous regions: 6->6
[2026-04-03T01:06:11.217+0600][13.013s][info][gc,metaspace   ] GC(58) Metaspace: 9178K(9856K)->9178K(9856K) NonClass: 8146K(8512K)->8146K(8512K) Class: 1032K(1344K)->1032K(1344K)
[2026-04-03T01:06:11.217+0600][13.013s][info][gc             ] GC(58) Pause Young (Normal) (G1 Evacuation Pause) 323M->17M(516M) 2.977ms
[2026-04-03T01:06:11.217+0600][13.013s][info][gc,cpu         ] GC(58) User=0.00s Sys=0.00s Real=0.00s
[2026-04-03T01:06:11.370+0600][13.166s][info][gc,start       ] GC(59) Pause Young (Normal) (G1 Evacuation Pause)
[2026-04-03T01:06:11.370+0600][13.166s][info][gc,task        ] GC(59) Using 10 workers of 10 for evacuation
[2026-04-03T01:06:11.372+0600][13.168s][info][gc,phases      ] GC(59)   Pre Evacuate Collection Set: 0.38ms
[2026-04-03T01:06:11.372+0600][13.168s][info][gc,phases      ] GC(59)   Merge Heap Roots: 0.21ms
[2026-04-03T01:06:11.372+0600][13.168s][info][gc,phases      ] GC(59)   Evacuate Collection Set: 0.53ms
[2026-04-03T01:06:11.372+0600][13.168s][info][gc,phases      ] GC(59)   Post Evacuate Collection Set: 0.61ms
[2026-04-03T01:06:11.372+0600][13.168s][info][gc,phases      ] GC(59)   Other: 0.12ms
[2026-04-03T01:06:11.372+0600][13.168s][info][gc,heap        ] GC(59) Eden regions: 153->0(153)
[2026-04-03T01:06:11.372+0600][13.168s][info][gc,heap        ] GC(59) Survivor regions: 1->1(20)
[2026-04-03T01:06:11.372+0600][13.168s][info][gc,heap        ] GC(59) Old regions: 3->3
[2026-04-03T01:06:11.372+0600][13.168s][info][gc,heap        ] GC(59) Humongous regions: 6->6
[2026-04-03T01:06:11.372+0600][13.168s][info][gc,metaspace   ] GC(59) Metaspace: 9178K(9856K)->9178K(9856K) NonClass: 8146K(8512K)->8146K(8512K) Class: 1032K(1344K)->1032K(1344K)
[2026-04-03T01:06:11.372+0600][13.168s][info][gc             ] GC(59) Pause Young (Normal) (G1 Evacuation Pause) 323M->17M(516M) 2.195ms
[2026-04-03T01:06:11.372+0600][13.168s][info][gc,cpu         ] GC(59) User=0.01s Sys=0.00s Real=0.00s
[2026-04-03T01:06:11.546+0600][13.342s][info][gc,start       ] GC(60) Pause Young (Normal) (G1 Evacuation Pause)
[2026-04-03T01:06:11.546+0600][13.342s][info][gc,task        ] GC(60) Using 10 workers of 10 for evacuation
[2026-04-03T01:06:11.548+0600][13.344s][info][gc,phases      ] GC(60)   Pre Evacuate Collection Set: 0.25ms
[2026-04-03T01:06:11.548+0600][13.344s][info][gc,phases      ] GC(60)   Merge Heap Roots: 0.18ms
[2026-04-03T01:06:11.548+0600][13.344s][info][gc,phases      ] GC(60)   Evacuate Collection Set: 0.56ms
[2026-04-03T01:06:11.548+0600][13.344s][info][gc,phases      ] GC(60)   Post Evacuate Collection Set: 0.70ms
[2026-04-03T01:06:11.548+0600][13.344s][info][gc,phases      ] GC(60)   Other: 0.11ms
[2026-04-03T01:06:11.548+0600][13.344s][info][gc,heap        ] GC(60) Eden regions: 153->0(153)
[2026-04-03T01:06:11.548+0600][13.344s][info][gc,heap        ] GC(60) Survivor regions: 1->1(20)
[2026-04-03T01:06:11.548+0600][13.344s][info][gc,heap        ] GC(60) Old regions: 3->3
[2026-04-03T01:06:11.548+0600][13.344s][info][gc,heap        ] GC(60) Humongous regions: 6->6
[2026-04-03T01:06:11.548+0600][13.344s][info][gc,metaspace   ] GC(60) Metaspace: 9178K(9856K)->9178K(9856K) NonClass: 8146K(8512K)->8146K(8512K) Class: 1032K(1344K)->1032K(1344K)
[2026-04-03T01:06:11.548+0600][13.344s][info][gc             ] GC(60) Pause Young (Normal) (G1 Evacuation Pause) 323M->17M(516M) 2.142ms
[2026-04-03T01:06:11.548+0600][13.344s][info][gc,cpu         ] GC(60) User=0.01s Sys=0.00s Real=0.00s
[2026-04-03T01:06:11.711+0600][13.507s][info][gc,start       ] GC(61) Pause Young (Normal) (G1 Evacuation Pause)
[2026-04-03T01:06:11.711+0600][13.507s][info][gc,task        ] GC(61) Using 10 workers of 10 for evacuation
[2026-04-03T01:06:11.714+0600][13.509s][info][gc,phases      ] GC(61)   Pre Evacuate Collection Set: 0.38ms
[2026-04-03T01:06:11.714+0600][13.510s][info][gc,phases      ] GC(61)   Merge Heap Roots: 0.38ms
[2026-04-03T01:06:11.714+0600][13.510s][info][gc,phases      ] GC(61)   Evacuate Collection Set: 0.52ms
[2026-04-03T01:06:11.714+0600][13.510s][info][gc,phases      ] GC(61)   Post Evacuate Collection Set: 1.05ms
[2026-04-03T01:06:11.714+0600][13.510s][info][gc,phases      ] GC(61)   Other: 0.15ms
[2026-04-03T01:06:11.714+0600][13.510s][info][gc,heap        ] GC(61) Eden regions: 153->0(153)
[2026-04-03T01:06:11.714+0600][13.510s][info][gc,heap        ] GC(61) Survivor regions: 1->1(20)
[2026-04-03T01:06:11.714+0600][13.510s][info][gc,heap        ] GC(61) Old regions: 3->3
[2026-04-03T01:06:11.714+0600][13.510s][info][gc,heap        ] GC(61) Humongous regions: 6->6
[2026-04-03T01:06:11.714+0600][13.510s][info][gc,metaspace   ] GC(61) Metaspace: 9178K(9856K)->9178K(9856K) NonClass: 8146K(8512K)->8146K(8512K) Class: 1032K(1344K)->1032K(1344K)
[2026-04-03T01:06:11.714+0600][13.510s][info][gc             ] GC(61) Pause Young (Normal) (G1 Evacuation Pause) 323M->17M(516M) 2.956ms
[2026-04-03T01:06:11.714+0600][13.510s][info][gc,cpu         ] GC(61) User=0.01s Sys=0.00s Real=0.00s
[2026-04-03T01:06:11.862+0600][13.658s][info][gc,start       ] GC(62) Pause Young (Normal) (G1 Evacuation Pause)
[2026-04-03T01:06:11.862+0600][13.658s][info][gc,task        ] GC(62) Using 10 workers of 10 for evacuation
[2026-04-03T01:06:11.865+0600][13.661s][info][gc,phases      ] GC(62)   Pre Evacuate Collection Set: 0.41ms
[2026-04-03T01:06:11.865+0600][13.661s][info][gc,phases      ] GC(62)   Merge Heap Roots: 0.22ms
[2026-04-03T01:06:11.865+0600][13.661s][info][gc,phases      ] GC(62)   Evacuate Collection Set: 1.09ms
[2026-04-03T01:06:11.865+0600][13.661s][info][gc,phases      ] GC(62)   Post Evacuate Collection Set: 0.89ms
[2026-04-03T01:06:11.865+0600][13.661s][info][gc,phases      ] GC(62)   Other: 0.13ms
[2026-04-03T01:06:11.865+0600][13.661s][info][gc,heap        ] GC(62) Eden regions: 153->0(153)
[2026-04-03T01:06:11.865+0600][13.661s][info][gc,heap        ] GC(62) Survivor regions: 1->1(20)
[2026-04-03T01:06:11.865+0600][13.661s][info][gc,heap        ] GC(62) Old regions: 3->3
[2026-04-03T01:06:11.865+0600][13.661s][info][gc,heap        ] GC(62) Humongous regions: 6->6
[2026-04-03T01:06:11.865+0600][13.661s][info][gc,metaspace   ] GC(62) Metaspace: 9178K(9856K)->9178K(9856K) NonClass: 8146K(8512K)->8146K(8512K) Class: 1032K(1344K)->1032K(1344K)
[2026-04-03T01:06:11.865+0600][13.661s][info][gc             ] GC(62) Pause Young (Normal) (G1 Evacuation Pause) 323M->17M(516M) 3.113ms
[2026-04-03T01:06:11.865+0600][13.661s][info][gc,cpu         ] GC(62) User=0.01s Sys=0.00s Real=0.00s
[2026-04-03T01:06:12.047+0600][13.843s][info][gc,start       ] GC(63) Pause Young (Normal) (G1 Evacuation Pause)
[2026-04-03T01:06:12.048+0600][13.843s][info][gc,task        ] GC(63) Using 10 workers of 10 for evacuation
[2026-04-03T01:06:12.050+0600][13.845s][info][gc,phases      ] GC(63)   Pre Evacuate Collection Set: 0.32ms
[2026-04-03T01:06:12.050+0600][13.845s][info][gc,phases      ] GC(63)   Merge Heap Roots: 0.17ms
[2026-04-03T01:06:12.050+0600][13.846s][info][gc,phases      ] GC(63)   Evacuate Collection Set: 0.65ms
[2026-04-03T01:06:12.050+0600][13.846s][info][gc,phases      ] GC(63)   Post Evacuate Collection Set: 0.71ms
[2026-04-03T01:06:12.050+0600][13.846s][info][gc,phases      ] GC(63)   Other: 0.14ms
[2026-04-03T01:06:12.050+0600][13.846s][info][gc,heap        ] GC(63) Eden regions: 153->0(153)
[2026-04-03T01:06:12.050+0600][13.846s][info][gc,heap        ] GC(63) Survivor regions: 1->1(20)
[2026-04-03T01:06:12.050+0600][13.846s][info][gc,heap        ] GC(63) Old regions: 3->3
[2026-04-03T01:06:12.050+0600][13.846s][info][gc,heap        ] GC(63) Humongous regions: 6->6
[2026-04-03T01:06:12.050+0600][13.846s][info][gc,metaspace   ] GC(63) Metaspace: 9178K(9856K)->9178K(9856K) NonClass: 8146K(8512K)->8146K(8512K) Class: 1032K(1344K)->1032K(1344K)
[2026-04-03T01:06:12.050+0600][13.846s][info][gc             ] GC(63) Pause Young (Normal) (G1 Evacuation Pause) 323M->17M(516M) 2.475ms
[2026-04-03T01:06:12.050+0600][13.846s][info][gc,cpu         ] GC(63) User=0.01s Sys=0.00s Real=0.01s
[2026-04-03T01:06:12.239+0600][14.035s][info][gc,start       ] GC(64) Pause Young (Normal) (G1 Evacuation Pause)
[2026-04-03T01:06:12.239+0600][14.035s][info][gc,task        ] GC(64) Using 10 workers of 10 for evacuation
[2026-04-03T01:06:12.242+0600][14.038s][info][gc,phases      ] GC(64)   Pre Evacuate Collection Set: 0.44ms
[2026-04-03T01:06:12.242+0600][14.038s][info][gc,phases      ] GC(64)   Merge Heap Roots: 0.25ms
[2026-04-03T01:06:12.242+0600][14.038s][info][gc,phases      ] GC(64)   Evacuate Collection Set: 1.50ms
[2026-04-03T01:06:12.242+0600][14.038s][info][gc,phases      ] GC(64)   Post Evacuate Collection Set: 0.88ms
[2026-04-03T01:06:12.242+0600][14.038s][info][gc,phases      ] GC(64)   Other: 0.15ms
[2026-04-03T01:06:12.242+0600][14.038s][info][gc,heap        ] GC(64) Eden regions: 153->0(153)
[2026-04-03T01:06:12.242+0600][14.038s][info][gc,heap        ] GC(64) Survivor regions: 1->1(20)
[2026-04-03T01:06:12.242+0600][14.038s][info][gc,heap        ] GC(64) Old regions: 3->3
[2026-04-03T01:06:12.242+0600][14.038s][info][gc,heap        ] GC(64) Humongous regions: 6->6
[2026-04-03T01:06:12.242+0600][14.038s][info][gc,metaspace   ] GC(64) Metaspace: 9178K(9856K)->9178K(9856K) NonClass: 8146K(8512K)->8146K(8512K) Class: 1032K(1344K)->1032K(1344K)
[2026-04-03T01:06:12.242+0600][14.038s][info][gc             ] GC(64) Pause Young (Normal) (G1 Evacuation Pause) 323M->17M(516M) 3.657ms
[2026-04-03T01:06:12.242+0600][14.038s][info][gc,cpu         ] GC(64) User=0.02s Sys=0.00s Real=0.01s
[2026-04-03T01:06:12.424+0600][14.220s][info][gc,start       ] GC(65) Pause Young (Normal) (G1 Evacuation Pause)
[2026-04-03T01:06:12.424+0600][14.220s][info][gc,task        ] GC(65) Using 10 workers of 10 for evacuation
[2026-04-03T01:06:12.426+0600][14.222s][info][gc,phases      ] GC(65)   Pre Evacuate Collection Set: 0.32ms
[2026-04-03T01:06:12.426+0600][14.222s][info][gc,phases      ] GC(65)   Merge Heap Roots: 0.22ms
[2026-04-03T01:06:12.426+0600][14.222s][info][gc,phases      ] GC(65)   Evacuate Collection Set: 0.79ms
[2026-04-03T01:06:12.426+0600][14.222s][info][gc,phases      ] GC(65)   Post Evacuate Collection Set: 0.86ms
[2026-04-03T01:06:12.426+0600][14.222s][info][gc,phases      ] GC(65)   Other: 0.13ms
[2026-04-03T01:06:12.426+0600][14.222s][info][gc,heap        ] GC(65) Eden regions: 153->0(153)
[2026-04-03T01:06:12.426+0600][14.222s][info][gc,heap        ] GC(65) Survivor regions: 1->1(20)
[2026-04-03T01:06:12.426+0600][14.222s][info][gc,heap        ] GC(65) Old regions: 3->3
[2026-04-03T01:06:12.426+0600][14.222s][info][gc,heap        ] GC(65) Humongous regions: 6->6
[2026-04-03T01:06:12.426+0600][14.222s][info][gc,metaspace   ] GC(65) Metaspace: 9178K(9856K)->9178K(9856K) NonClass: 8146K(8512K)->8146K(8512K) Class: 1032K(1344K)->1032K(1344K)
[2026-04-03T01:06:12.427+0600][14.222s][info][gc             ] GC(65) Pause Young (Normal) (G1 Evacuation Pause) 323M->17M(516M) 2.680ms
[2026-04-03T01:06:12.427+0600][14.222s][info][gc,cpu         ] GC(65) User=0.01s Sys=0.00s Real=0.00s
[2026-04-03T01:06:12.598+0600][14.394s][info][gc,start       ] GC(66) Pause Young (Normal) (G1 Evacuation Pause)
[2026-04-03T01:06:12.598+0600][14.394s][info][gc,task        ] GC(66) Using 10 workers of 10 for evacuation
[2026-04-03T01:06:12.600+0600][14.396s][info][gc,phases      ] GC(66)   Pre Evacuate Collection Set: 0.42ms
[2026-04-03T01:06:12.600+0600][14.396s][info][gc,phases      ] GC(66)   Merge Heap Roots: 0.20ms
[2026-04-03T01:06:12.600+0600][14.396s][info][gc,phases      ] GC(66)   Evacuate Collection Set: 0.43ms
[2026-04-03T01:06:12.600+0600][14.396s][info][gc,phases      ] GC(66)   Post Evacuate Collection Set: 0.63ms
[2026-04-03T01:06:12.600+0600][14.396s][info][gc,phases      ] GC(66)   Other: 0.10ms
[2026-04-03T01:06:12.600+0600][14.396s][info][gc,heap        ] GC(66) Eden regions: 153->0(153)
[2026-04-03T01:06:12.600+0600][14.396s][info][gc,heap        ] GC(66) Survivor regions: 1->1(20)
[2026-04-03T01:06:12.600+0600][14.396s][info][gc,heap        ] GC(66) Old regions: 3->3
[2026-04-03T01:06:12.600+0600][14.396s][info][gc,heap        ] GC(66) Humongous regions: 6->6
[2026-04-03T01:06:12.600+0600][14.396s][info][gc,metaspace   ] GC(66) Metaspace: 9178K(9856K)->9178K(9856K) NonClass: 8146K(8512K)->8146K(8512K) Class: 1032K(1344K)->1032K(1344K)
[2026-04-03T01:06:12.600+0600][14.396s][info][gc             ] GC(66) Pause Young (Normal) (G1 Evacuation Pause) 323M->17M(516M) 2.145ms
[2026-04-03T01:06:12.600+0600][14.396s][info][gc,cpu         ] GC(66) User=0.01s Sys=0.00s Real=0.01s
[2026-04-03T01:06:12.756+0600][14.552s][info][gc,start       ] GC(67) Pause Young (Normal) (G1 Evacuation Pause)
[2026-04-03T01:06:12.756+0600][14.552s][info][gc,task        ] GC(67) Using 10 workers of 10 for evacuation
[2026-04-03T01:06:12.758+0600][14.554s][info][gc,phases      ] GC(67)   Pre Evacuate Collection Set: 0.27ms
[2026-04-03T01:06:12.758+0600][14.554s][info][gc,phases      ] GC(67)   Merge Heap Roots: 0.15ms
[2026-04-03T01:06:12.758+0600][14.554s][info][gc,phases      ] GC(67)   Evacuate Collection Set: 0.56ms
[2026-04-03T01:06:12.758+0600][14.554s][info][gc,phases      ] GC(67)   Post Evacuate Collection Set: 0.67ms
[2026-04-03T01:06:12.758+0600][14.554s][info][gc,phases      ] GC(67)   Other: 0.11ms
[2026-04-03T01:06:12.758+0600][14.554s][info][gc,heap        ] GC(67) Eden regions: 153->0(153)
[2026-04-03T01:06:12.758+0600][14.554s][info][gc,heap        ] GC(67) Survivor regions: 1->1(20)
[2026-04-03T01:06:12.758+0600][14.554s][info][gc,heap        ] GC(67) Old regions: 3->3
[2026-04-03T01:06:12.758+0600][14.554s][info][gc,heap        ] GC(67) Humongous regions: 6->6
[2026-04-03T01:06:12.758+0600][14.554s][info][gc,metaspace   ] GC(67) Metaspace: 9178K(9856K)->9178K(9856K) NonClass: 8146K(8512K)->8146K(8512K) Class: 1032K(1344K)->1032K(1344K)
[2026-04-03T01:06:12.758+0600][14.554s][info][gc             ] GC(67) Pause Young (Normal) (G1 Evacuation Pause) 323M->17M(516M) 2.080ms
[2026-04-03T01:06:12.758+0600][14.554s][info][gc,cpu         ] GC(67) User=0.01s Sys=0.01s Real=0.00s
[2026-04-03T01:06:12.908+0600][14.704s][info][gc,start       ] GC(68) Pause Young (Normal) (G1 Evacuation Pause)
[2026-04-03T01:06:12.908+0600][14.704s][info][gc,task        ] GC(68) Using 10 workers of 10 for evacuation
[2026-04-03T01:06:12.910+0600][14.706s][info][gc,phases      ] GC(68)   Pre Evacuate Collection Set: 0.35ms
[2026-04-03T01:06:12.910+0600][14.706s][info][gc,phases      ] GC(68)   Merge Heap Roots: 0.19ms
[2026-04-03T01:06:12.910+0600][14.706s][info][gc,phases      ] GC(68)   Evacuate Collection Set: 0.76ms
[2026-04-03T01:06:12.910+0600][14.706s][info][gc,phases      ] GC(68)   Post Evacuate Collection Set: 0.74ms
[2026-04-03T01:06:12.910+0600][14.706s][info][gc,phases      ] GC(68)   Other: 0.13ms
[2026-04-03T01:06:12.910+0600][14.706s][info][gc,heap        ] GC(68) Eden regions: 153->0(153)
[2026-04-03T01:06:12.910+0600][14.706s][info][gc,heap        ] GC(68) Survivor regions: 1->1(20)
[2026-04-03T01:06:12.910+0600][14.706s][info][gc,heap        ] GC(68) Old regions: 3->3
[2026-04-03T01:06:12.910+0600][14.706s][info][gc,heap        ] GC(68) Humongous regions: 6->6
[2026-04-03T01:06:12.910+0600][14.706s][info][gc,metaspace   ] GC(68) Metaspace: 9178K(9856K)->9178K(9856K) NonClass: 8146K(8512K)->8146K(8512K) Class: 1032K(1344K)->1032K(1344K)
[2026-04-03T01:06:12.911+0600][14.706s][info][gc             ] GC(68) Pause Young (Normal) (G1 Evacuation Pause) 323M->17M(516M) 2.564ms
[2026-04-03T01:06:12.911+0600][14.706s][info][gc,cpu         ] GC(68) User=0.00s Sys=0.00s Real=0.01s
[2026-04-03T01:06:13.065+0600][14.861s][info][gc,start       ] GC(69) Pause Young (Normal) (G1 Evacuation Pause)
[2026-04-03T01:06:13.065+0600][14.861s][info][gc,task        ] GC(69) Using 10 workers of 10 for evacuation
[2026-04-03T01:06:13.067+0600][14.863s][info][gc,phases      ] GC(69)   Pre Evacuate Collection Set: 0.31ms
[2026-04-03T01:06:13.067+0600][14.863s][info][gc,phases      ] GC(69)   Merge Heap Roots: 0.20ms
[2026-04-03T01:06:13.067+0600][14.863s][info][gc,phases      ] GC(69)   Evacuate Collection Set: 0.54ms
[2026-04-03T01:06:13.067+0600][14.863s][info][gc,phases      ] GC(69)   Post Evacuate Collection Set: 0.61ms
[2026-04-03T01:06:13.067+0600][14.863s][info][gc,phases      ] GC(69)   Other: 0.10ms
[2026-04-03T01:06:13.067+0600][14.863s][info][gc,heap        ] GC(69) Eden regions: 153->0(153)
[2026-04-03T01:06:13.067+0600][14.863s][info][gc,heap        ] GC(69) Survivor regions: 1->1(20)
[2026-04-03T01:06:13.067+0600][14.863s][info][gc,heap        ] GC(69) Old regions: 3->3
[2026-04-03T01:06:13.067+0600][14.863s][info][gc,heap        ] GC(69) Humongous regions: 6->6
[2026-04-03T01:06:13.067+0600][14.863s][info][gc,metaspace   ] GC(69) Metaspace: 9183K(9856K)->9183K(9856K) NonClass: 8150K(8512K)->8150K(8512K) Class: 1032K(1344K)->1032K(1344K)
[2026-04-03T01:06:13.067+0600][14.863s][info][gc             ] GC(69) Pause Young (Normal) (G1 Evacuation Pause) 323M->17M(516M) 2.051ms
[2026-04-03T01:06:13.067+0600][14.863s][info][gc,cpu         ] GC(69) User=0.00s Sys=0.00s Real=0.00s
[2026-04-03T01:06:13.264+0600][15.060s][info][gc,start       ] GC(70) Pause Young (Normal) (G1 Evacuation Pause)
[2026-04-03T01:06:13.264+0600][15.060s][info][gc,task        ] GC(70) Using 10 workers of 10 for evacuation
[2026-04-03T01:06:13.266+0600][15.062s][info][gc,phases      ] GC(70)   Pre Evacuate Collection Set: 0.52ms
[2026-04-03T01:06:13.266+0600][15.062s][info][gc,phases      ] GC(70)   Merge Heap Roots: 0.22ms
[2026-04-03T01:06:13.266+0600][15.062s][info][gc,phases      ] GC(70)   Evacuate Collection Set: 0.86ms
[2026-04-03T01:06:13.266+0600][15.062s][info][gc,phases      ] GC(70)   Post Evacuate Collection Set: 0.57ms
[2026-04-03T01:06:13.266+0600][15.062s][info][gc,phases      ] GC(70)   Other: 0.13ms
[2026-04-03T01:06:13.266+0600][15.062s][info][gc,heap        ] GC(70) Eden regions: 153->0(153)
[2026-04-03T01:06:13.266+0600][15.062s][info][gc,heap        ] GC(70) Survivor regions: 1->1(20)
[2026-04-03T01:06:13.266+0600][15.062s][info][gc,heap        ] GC(70) Old regions: 3->3
[2026-04-03T01:06:13.266+0600][15.062s][info][gc,heap        ] GC(70) Humongous regions: 6->6
[2026-04-03T01:06:13.266+0600][15.062s][info][gc,metaspace   ] GC(70) Metaspace: 9183K(9856K)->9183K(9856K) NonClass: 8150K(8512K)->8150K(8512K) Class: 1032K(1344K)->1032K(1344K)
[2026-04-03T01:06:13.267+0600][15.062s][info][gc             ] GC(70) Pause Young (Normal) (G1 Evacuation Pause) 323M->17M(516M) 2.669ms
[2026-04-03T01:06:13.267+0600][15.062s][info][gc,cpu         ] GC(70) User=0.01s Sys=0.00s Real=0.00s
[2026-04-03T01:06:13.465+0600][15.261s][info][gc,start       ] GC(71) Pause Young (Normal) (G1 Evacuation Pause)
[2026-04-03T01:06:13.465+0600][15.261s][info][gc,task        ] GC(71) Using 10 workers of 10 for evacuation
[2026-04-03T01:06:13.469+0600][15.265s][info][gc,phases      ] GC(71)   Pre Evacuate Collection Set: 0.38ms
[2026-04-03T01:06:13.469+0600][15.265s][info][gc,phases      ] GC(71)   Merge Heap Roots: 0.21ms
[2026-04-03T01:06:13.469+0600][15.265s][info][gc,phases      ] GC(71)   Evacuate Collection Set: 2.16ms
[2026-04-03T01:06:13.469+0600][15.265s][info][gc,phases      ] GC(71)   Post Evacuate Collection Set: 0.86ms
[2026-04-03T01:06:13.469+0600][15.265s][info][gc,phases      ] GC(71)   Other: 0.13ms
[2026-04-03T01:06:13.469+0600][15.265s][info][gc,heap        ] GC(71) Eden regions: 153->0(153)
[2026-04-03T01:06:13.469+0600][15.265s][info][gc,heap        ] GC(71) Survivor regions: 1->1(20)
[2026-04-03T01:06:13.469+0600][15.265s][info][gc,heap        ] GC(71) Old regions: 3->3
[2026-04-03T01:06:13.469+0600][15.265s][info][gc,heap        ] GC(71) Humongous regions: 6->6
[2026-04-03T01:06:13.469+0600][15.265s][info][gc,metaspace   ] GC(71) Metaspace: 9183K(9856K)->9183K(9856K) NonClass: 8150K(8512K)->8150K(8512K) Class: 1032K(1344K)->1032K(1344K)
[2026-04-03T01:06:13.469+0600][15.265s][info][gc             ] GC(71) Pause Young (Normal) (G1 Evacuation Pause) 323M->17M(516M) 4.073ms
[2026-04-03T01:06:13.469+0600][15.265s][info][gc,cpu         ] GC(71) User=0.00s Sys=0.00s Real=0.00s
[2026-04-03T01:06:13.659+0600][15.455s][info][gc,start       ] GC(72) Pause Young (Normal) (G1 Evacuation Pause)
[2026-04-03T01:06:13.659+0600][15.455s][info][gc,task        ] GC(72) Using 10 workers of 10 for evacuation
[2026-04-03T01:06:13.662+0600][15.458s][info][gc,phases      ] GC(72)   Pre Evacuate Collection Set: 0.23ms
[2026-04-03T01:06:13.662+0600][15.458s][info][gc,phases      ] GC(72)   Merge Heap Roots: 0.20ms
[2026-04-03T01:06:13.662+0600][15.458s][info][gc,phases      ] GC(72)   Evacuate Collection Set: 1.80ms
[2026-04-03T01:06:13.662+0600][15.458s][info][gc,phases      ] GC(72)   Post Evacuate Collection Set: 0.75ms
[2026-04-03T01:06:13.662+0600][15.458s][info][gc,phases      ] GC(72)   Other: 0.12ms
[2026-04-03T01:06:13.662+0600][15.458s][info][gc,heap        ] GC(72) Eden regions: 153->0(153)
[2026-04-03T01:06:13.662+0600][15.458s][info][gc,heap        ] GC(72) Survivor regions: 1->1(20)
[2026-04-03T01:06:13.662+0600][15.458s][info][gc,heap        ] GC(72) Old regions: 3->3
[2026-04-03T01:06:13.662+0600][15.458s][info][gc,heap        ] GC(72) Humongous regions: 6->6
[2026-04-03T01:06:13.662+0600][15.458s][info][gc,metaspace   ] GC(72) Metaspace: 9183K(9856K)->9183K(9856K) NonClass: 8150K(8512K)->8150K(8512K) Class: 1032K(1344K)->1032K(1344K)
[2026-04-03T01:06:13.662+0600][15.458s][info][gc             ] GC(72) Pause Young (Normal) (G1 Evacuation Pause) 323M->17M(516M) 3.449ms
[2026-04-03T01:06:13.662+0600][15.458s][info][gc,cpu         ] GC(72) User=0.01s Sys=0.00s Real=0.01s
[2026-04-03T01:06:13.829+0600][15.624s][info][gc,start       ] GC(73) Pause Young (Normal) (G1 Evacuation Pause)
[2026-04-03T01:06:13.829+0600][15.625s][info][gc,task        ] GC(73) Using 10 workers of 10 for evacuation
[2026-04-03T01:06:13.831+0600][15.627s][info][gc,phases      ] GC(73)   Pre Evacuate Collection Set: 0.34ms
[2026-04-03T01:06:13.831+0600][15.627s][info][gc,phases      ] GC(73)   Merge Heap Roots: 0.31ms
[2026-04-03T01:06:13.831+0600][15.627s][info][gc,phases      ] GC(73)   Evacuate Collection Set: 0.76ms
[2026-04-03T01:06:13.831+0600][15.627s][info][gc,phases      ] GC(73)   Post Evacuate Collection Set: 0.73ms
[2026-04-03T01:06:13.831+0600][15.627s][info][gc,phases      ] GC(73)   Other: 0.13ms
[2026-04-03T01:06:13.831+0600][15.627s][info][gc,heap        ] GC(73) Eden regions: 153->0(153)
[2026-04-03T01:06:13.831+0600][15.627s][info][gc,heap        ] GC(73) Survivor regions: 1->1(20)
[2026-04-03T01:06:13.831+0600][15.627s][info][gc,heap        ] GC(73) Old regions: 3->3
[2026-04-03T01:06:13.831+0600][15.627s][info][gc,heap        ] GC(73) Humongous regions: 6->6
[2026-04-03T01:06:13.831+0600][15.627s][info][gc,metaspace   ] GC(73) Metaspace: 9183K(9856K)->9183K(9856K) NonClass: 8150K(8512K)->8150K(8512K) Class: 1032K(1344K)->1032K(1344K)
[2026-04-03T01:06:13.831+0600][15.627s][info][gc             ] GC(73) Pause Young (Normal) (G1 Evacuation Pause) 323M->17M(516M) 2.541ms
[2026-04-03T01:06:13.831+0600][15.627s][info][gc,cpu         ] GC(73) User=0.01s Sys=0.00s Real=0.01s
[2026-04-03T01:06:13.985+0600][15.781s][info][gc,start       ] GC(74) Pause Young (Normal) (G1 Evacuation Pause)
[2026-04-03T01:06:13.985+0600][15.781s][info][gc,task        ] GC(74) Using 10 workers of 10 for evacuation
[2026-04-03T01:06:13.987+0600][15.783s][info][gc,phases      ] GC(74)   Pre Evacuate Collection Set: 0.24ms
[2026-04-03T01:06:13.987+0600][15.783s][info][gc,phases      ] GC(74)   Merge Heap Roots: 0.28ms
[2026-04-03T01:06:13.987+0600][15.783s][info][gc,phases      ] GC(74)   Evacuate Collection Set: 0.43ms
[2026-04-03T01:06:13.987+0600][15.783s][info][gc,phases      ] GC(74)   Post Evacuate Collection Set: 0.68ms
[2026-04-03T01:06:13.987+0600][15.783s][info][gc,phases      ] GC(74)   Other: 0.11ms
[2026-04-03T01:06:13.987+0600][15.783s][info][gc,heap        ] GC(74) Eden regions: 153->0(153)
[2026-04-03T01:06:13.987+0600][15.783s][info][gc,heap        ] GC(74) Survivor regions: 1->1(20)
[2026-04-03T01:06:13.987+0600][15.783s][info][gc,heap        ] GC(74) Old regions: 3->3
[2026-04-03T01:06:13.987+0600][15.783s][info][gc,heap        ] GC(74) Humongous regions: 6->6
[2026-04-03T01:06:13.987+0600][15.783s][info][gc,metaspace   ] GC(74) Metaspace: 9183K(9856K)->9183K(9856K) NonClass: 8150K(8512K)->8150K(8512K) Class: 1032K(1344K)->1032K(1344K)
[2026-04-03T01:06:13.987+0600][15.783s][info][gc             ] GC(74) Pause Young (Normal) (G1 Evacuation Pause) 323M->17M(516M) 2.063ms
[2026-04-03T01:06:13.987+0600][15.783s][info][gc,cpu         ] GC(74) User=0.01s Sys=0.00s Real=0.00s
[2026-04-03T01:06:14.146+0600][15.942s][info][gc,start       ] GC(75) Pause Young (Normal) (G1 Evacuation Pause)
[2026-04-03T01:06:14.147+0600][15.942s][info][gc,task        ] GC(75) Using 10 workers of 10 for evacuation
[2026-04-03T01:06:14.149+0600][15.945s][info][gc,phases      ] GC(75)   Pre Evacuate Collection Set: 0.32ms
[2026-04-03T01:06:14.149+0600][15.945s][info][gc,phases      ] GC(75)   Merge Heap Roots: 0.23ms
[2026-04-03T01:06:14.149+0600][15.945s][info][gc,phases      ] GC(75)   Evacuate Collection Set: 0.61ms
[2026-04-03T01:06:14.149+0600][15.945s][info][gc,phases      ] GC(75)   Post Evacuate Collection Set: 0.73ms
[2026-04-03T01:06:14.149+0600][15.945s][info][gc,phases      ] GC(75)   Other: 0.23ms
[2026-04-03T01:06:14.149+0600][15.945s][info][gc,heap        ] GC(75) Eden regions: 153->0(153)
[2026-04-03T01:06:14.149+0600][15.945s][info][gc,heap        ] GC(75) Survivor regions: 1->1(20)
[2026-04-03T01:06:14.149+0600][15.945s][info][gc,heap        ] GC(75) Old regions: 3->3
[2026-04-03T01:06:14.149+0600][15.945s][info][gc,heap        ] GC(75) Humongous regions: 6->6
[2026-04-03T01:06:14.149+0600][15.945s][info][gc,metaspace   ] GC(75) Metaspace: 9183K(9856K)->9183K(9856K) NonClass: 8150K(8512K)->8150K(8512K) Class: 1032K(1344K)->1032K(1344K)
[2026-04-03T01:06:14.149+0600][15.945s][info][gc             ] GC(75) Pause Young (Normal) (G1 Evacuation Pause) 323M->17M(516M) 2.429ms
[2026-04-03T01:06:14.149+0600][15.945s][info][gc,cpu         ] GC(75) User=0.01s Sys=0.01s Real=0.00s
[2026-04-03T01:06:14.329+0600][16.125s][info][gc,start       ] GC(76) Pause Young (Normal) (G1 Evacuation Pause)
[2026-04-03T01:06:14.329+0600][16.125s][info][gc,task        ] GC(76) Using 10 workers of 10 for evacuation
[2026-04-03T01:06:14.331+0600][16.127s][info][gc,phases      ] GC(76)   Pre Evacuate Collection Set: 0.27ms
[2026-04-03T01:06:14.331+0600][16.127s][info][gc,phases      ] GC(76)   Merge Heap Roots: 0.22ms
[2026-04-03T01:06:14.331+0600][16.127s][info][gc,phases      ] GC(76)   Evacuate Collection Set: 0.57ms
[2026-04-03T01:06:14.331+0600][16.127s][info][gc,phases      ] GC(76)   Post Evacuate Collection Set: 0.80ms
[2026-04-03T01:06:14.331+0600][16.127s][info][gc,phases      ] GC(76)   Other: 0.10ms
[2026-04-03T01:06:14.331+0600][16.127s][info][gc,heap        ] GC(76) Eden regions: 153->0(153)
[2026-04-03T01:06:14.331+0600][16.127s][info][gc,heap        ] GC(76) Survivor regions: 1->1(20)
[2026-04-03T01:06:14.331+0600][16.127s][info][gc,heap        ] GC(76) Old regions: 3->3
[2026-04-03T01:06:14.331+0600][16.127s][info][gc,heap        ] GC(76) Humongous regions: 6->6
[2026-04-03T01:06:14.331+0600][16.127s][info][gc,metaspace   ] GC(76) Metaspace: 9183K(9856K)->9183K(9856K) NonClass: 8150K(8512K)->8150K(8512K) Class: 1032K(1344K)->1032K(1344K)
[2026-04-03T01:06:14.331+0600][16.127s][info][gc             ] GC(76) Pause Young (Normal) (G1 Evacuation Pause) 323M->17M(516M) 2.233ms
[2026-04-03T01:06:14.331+0600][16.127s][info][gc,cpu         ] GC(76) User=0.01s Sys=0.00s Real=0.01s
[2026-04-03T01:06:14.547+0600][16.343s][info][gc,start       ] GC(77) Pause Young (Normal) (G1 Evacuation Pause)
[2026-04-03T01:06:14.547+0600][16.343s][info][gc,task        ] GC(77) Using 10 workers of 10 for evacuation
[2026-04-03T01:06:14.550+0600][16.346s][info][gc,phases      ] GC(77)   Pre Evacuate Collection Set: 0.26ms
[2026-04-03T01:06:14.550+0600][16.346s][info][gc,phases      ] GC(77)   Merge Heap Roots: 0.22ms
[2026-04-03T01:06:14.550+0600][16.346s][info][gc,phases      ] GC(77)   Evacuate Collection Set: 2.00ms
[2026-04-03T01:06:14.550+0600][16.346s][info][gc,phases      ] GC(77)   Post Evacuate Collection Set: 0.66ms
[2026-04-03T01:06:14.550+0600][16.346s][info][gc,phases      ] GC(77)   Other: 0.13ms
[2026-04-03T01:06:14.550+0600][16.346s][info][gc,heap        ] GC(77) Eden regions: 153->0(153)
[2026-04-03T01:06:14.550+0600][16.346s][info][gc,heap        ] GC(77) Survivor regions: 1->1(20)
[2026-04-03T01:06:14.550+0600][16.346s][info][gc,heap        ] GC(77) Old regions: 3->3
[2026-04-03T01:06:14.550+0600][16.346s][info][gc,heap        ] GC(77) Humongous regions: 6->6
[2026-04-03T01:06:14.550+0600][16.346s][info][gc,metaspace   ] GC(77) Metaspace: 9183K(9856K)->9183K(9856K) NonClass: 8150K(8512K)->8150K(8512K) Class: 1032K(1344K)->1032K(1344K)
[2026-04-03T01:06:14.550+0600][16.346s][info][gc             ] GC(77) Pause Young (Normal) (G1 Evacuation Pause) 323M->17M(516M) 3.704ms
[2026-04-03T01:06:14.550+0600][16.346s][info][gc,cpu         ] GC(77) User=0.01s Sys=0.00s Real=0.01s
[2026-04-03T01:06:14.751+0600][16.547s][info][gc,start       ] GC(78) Pause Young (Normal) (G1 Evacuation Pause)
[2026-04-03T01:06:14.752+0600][16.548s][info][gc,task        ] GC(78) Using 10 workers of 10 for evacuation
[2026-04-03T01:06:14.754+0600][16.549s][info][gc,phases      ] GC(78)   Pre Evacuate Collection Set: 0.26ms
[2026-04-03T01:06:14.754+0600][16.550s][info][gc,phases      ] GC(78)   Merge Heap Roots: 0.22ms
[2026-04-03T01:06:14.754+0600][16.550s][info][gc,phases      ] GC(78)   Evacuate Collection Set: 0.57ms
[2026-04-03T01:06:14.754+0600][16.550s][info][gc,phases      ] GC(78)   Post Evacuate Collection Set: 0.61ms
[2026-04-03T01:06:14.754+0600][16.550s][info][gc,phases      ] GC(78)   Other: 0.13ms
[2026-04-03T01:06:14.754+0600][16.550s][info][gc,heap        ] GC(78) Eden regions: 153->0(153)
[2026-04-03T01:06:14.754+0600][16.550s][info][gc,heap        ] GC(78) Survivor regions: 1->1(20)
[2026-04-03T01:06:14.754+0600][16.550s][info][gc,heap        ] GC(78) Old regions: 3->3
[2026-04-03T01:06:14.754+0600][16.550s][info][gc,heap        ] GC(78) Humongous regions: 6->6
[2026-04-03T01:06:14.754+0600][16.550s][info][gc,metaspace   ] GC(78) Metaspace: 9183K(9856K)->9183K(9856K) NonClass: 8150K(8512K)->8150K(8512K) Class: 1032K(1344K)->1032K(1344K)
[2026-04-03T01:06:14.754+0600][16.550s][info][gc             ] GC(78) Pause Young (Normal) (G1 Evacuation Pause) 323M->17M(516M) 2.290ms
[2026-04-03T01:06:14.754+0600][16.550s][info][gc,cpu         ] GC(78) User=0.01s Sys=0.00s Real=0.00s
[2026-04-03T01:06:14.977+0600][16.773s][info][gc,start       ] GC(79) Pause Young (Normal) (G1 Evacuation Pause)
[2026-04-03T01:06:14.977+0600][16.773s][info][gc,task        ] GC(79) Using 10 workers of 10 for evacuation
[2026-04-03T01:06:14.980+0600][16.776s][info][gc,phases      ] GC(79)   Pre Evacuate Collection Set: 0.38ms
[2026-04-03T01:06:14.980+0600][16.776s][info][gc,phases      ] GC(79)   Merge Heap Roots: 0.25ms
[2026-04-03T01:06:14.980+0600][16.776s][info][gc,phases      ] GC(79)   Evacuate Collection Set: 0.81ms
[2026-04-03T01:06:14.980+0600][16.776s][info][gc,phases      ] GC(79)   Post Evacuate Collection Set: 0.79ms
[2026-04-03T01:06:14.980+0600][16.776s][info][gc,phases      ] GC(79)   Other: 0.14ms
[2026-04-03T01:06:14.980+0600][16.776s][info][gc,heap        ] GC(79) Eden regions: 153->0(153)
[2026-04-03T01:06:14.980+0600][16.776s][info][gc,heap        ] GC(79) Survivor regions: 1->1(20)
[2026-04-03T01:06:14.980+0600][16.776s][info][gc,heap        ] GC(79) Old regions: 3->3
[2026-04-03T01:06:14.980+0600][16.776s][info][gc,heap        ] GC(79) Humongous regions: 6->6
[2026-04-03T01:06:14.980+0600][16.776s][info][gc,metaspace   ] GC(79) Metaspace: 9183K(9856K)->9183K(9856K) NonClass: 8150K(8512K)->8150K(8512K) Class: 1032K(1344K)->1032K(1344K)
[2026-04-03T01:06:14.980+0600][16.776s][info][gc             ] GC(79) Pause Young (Normal) (G1 Evacuation Pause) 323M->17M(516M) 2.807ms
[2026-04-03T01:06:14.980+0600][16.776s][info][gc,cpu         ] GC(79) User=0.00s Sys=0.01s Real=0.01s
[2026-04-03T01:06:15.220+0600][17.015s][info][gc,start       ] GC(80) Pause Young (Normal) (G1 Evacuation Pause)
[2026-04-03T01:06:15.220+0600][17.016s][info][gc,task        ] GC(80) Using 10 workers of 10 for evacuation
[2026-04-03T01:06:15.222+0600][17.018s][info][gc,phases      ] GC(80)   Pre Evacuate Collection Set: 0.32ms
[2026-04-03T01:06:15.222+0600][17.018s][info][gc,phases      ] GC(80)   Merge Heap Roots: 0.21ms
[2026-04-03T01:06:15.222+0600][17.018s][info][gc,phases      ] GC(80)   Evacuate Collection Set: 0.57ms
[2026-04-03T01:06:15.222+0600][17.018s][info][gc,phases      ] GC(80)   Post Evacuate Collection Set: 0.82ms
[2026-04-03T01:06:15.222+0600][17.018s][info][gc,phases      ] GC(80)   Other: 0.17ms
[2026-04-03T01:06:15.222+0600][17.018s][info][gc,heap        ] GC(80) Eden regions: 153->0(153)
[2026-04-03T01:06:15.222+0600][17.018s][info][gc,heap        ] GC(80) Survivor regions: 1->1(20)
[2026-04-03T01:06:15.222+0600][17.018s][info][gc,heap        ] GC(80) Old regions: 3->3
[2026-04-03T01:06:15.222+0600][17.018s][info][gc,heap        ] GC(80) Humongous regions: 6->6
[2026-04-03T01:06:15.222+0600][17.018s][info][gc,metaspace   ] GC(80) Metaspace: 9183K(9856K)->9183K(9856K) NonClass: 8150K(8512K)->8150K(8512K) Class: 1032K(1344K)->1032K(1344K)
[2026-04-03T01:06:15.222+0600][17.018s][info][gc             ] GC(80) Pause Young (Normal) (G1 Evacuation Pause) 323M->17M(516M) 2.559ms
[2026-04-03T01:06:15.222+0600][17.018s][info][gc,cpu         ] GC(80) User=0.01s Sys=0.00s Real=0.01s
[2026-04-03T01:06:15.410+0600][17.206s][info][gc,start       ] GC(81) Pause Young (Normal) (G1 Evacuation Pause)
[2026-04-03T01:06:15.410+0600][17.206s][info][gc,task        ] GC(81) Using 10 workers of 10 for evacuation
[2026-04-03T01:06:15.414+0600][17.210s][info][gc,phases      ] GC(81)   Pre Evacuate Collection Set: 0.33ms
[2026-04-03T01:06:15.415+0600][17.210s][info][gc,phases      ] GC(81)   Merge Heap Roots: 0.18ms
[2026-04-03T01:06:15.415+0600][17.210s][info][gc,phases      ] GC(81)   Evacuate Collection Set: 3.17ms
[2026-04-03T01:06:15.415+0600][17.210s][info][gc,phases      ] GC(81)   Post Evacuate Collection Set: 0.59ms
[2026-04-03T01:06:15.415+0600][17.210s][info][gc,phases      ] GC(81)   Other: 0.11ms
[2026-04-03T01:06:15.415+0600][17.211s][info][gc,heap        ] GC(81) Eden regions: 153->0(153)
[2026-04-03T01:06:15.415+0600][17.211s][info][gc,heap        ] GC(81) Survivor regions: 1->1(20)
[2026-04-03T01:06:15.415+0600][17.211s][info][gc,heap        ] GC(81) Old regions: 3->3
[2026-04-03T01:06:15.415+0600][17.211s][info][gc,heap        ] GC(81) Humongous regions: 6->6
[2026-04-03T01:06:15.415+0600][17.211s][info][gc,metaspace   ] GC(81) Metaspace: 9183K(9856K)->9183K(9856K) NonClass: 8150K(8512K)->8150K(8512K) Class: 1032K(1344K)->1032K(1344K)
[2026-04-03T01:06:15.415+0600][17.211s][info][gc             ] GC(81) Pause Young (Normal) (G1 Evacuation Pause) 323M->17M(516M) 4.737ms
[2026-04-03T01:06:15.415+0600][17.211s][info][gc,cpu         ] GC(81) User=0.00s Sys=0.00s Real=0.00s
[2026-04-03T01:06:15.626+0600][17.422s][info][gc,start       ] GC(82) Pause Young (Normal) (G1 Evacuation Pause)
[2026-04-03T01:06:15.626+0600][17.422s][info][gc,task        ] GC(82) Using 10 workers of 10 for evacuation
[2026-04-03T01:06:15.628+0600][17.424s][info][gc,phases      ] GC(82)   Pre Evacuate Collection Set: 0.51ms
[2026-04-03T01:06:15.628+0600][17.424s][info][gc,phases      ] GC(82)   Merge Heap Roots: 0.19ms
[2026-04-03T01:06:15.628+0600][17.424s][info][gc,phases      ] GC(82)   Evacuate Collection Set: 0.46ms
[2026-04-03T01:06:15.628+0600][17.424s][info][gc,phases      ] GC(82)   Post Evacuate Collection Set: 0.72ms
[2026-04-03T01:06:15.628+0600][17.424s][info][gc,phases      ] GC(82)   Other: 0.10ms
[2026-04-03T01:06:15.628+0600][17.424s][info][gc,heap        ] GC(82) Eden regions: 153->0(153)
[2026-04-03T01:06:15.628+0600][17.424s][info][gc,heap        ] GC(82) Survivor regions: 1->1(20)
[2026-04-03T01:06:15.628+0600][17.424s][info][gc,heap        ] GC(82) Old regions: 3->3
[2026-04-03T01:06:15.628+0600][17.424s][info][gc,heap        ] GC(82) Humongous regions: 6->6
[2026-04-03T01:06:15.628+0600][17.424s][info][gc,metaspace   ] GC(82) Metaspace: 9183K(9856K)->9183K(9856K) NonClass: 8150K(8512K)->8150K(8512K) Class: 1032K(1344K)->1032K(1344K)
[2026-04-03T01:06:15.629+0600][17.424s][info][gc             ] GC(82) Pause Young (Normal) (G1 Evacuation Pause) 323M->17M(516M) 2.342ms
[2026-04-03T01:06:15.629+0600][17.424s][info][gc,cpu         ] GC(82) User=0.00s Sys=0.01s Real=0.00s
[2026-04-03T01:06:15.797+0600][17.593s][info][gc,start       ] GC(83) Pause Young (Normal) (G1 Evacuation Pause)
[2026-04-03T01:06:15.797+0600][17.593s][info][gc,task        ] GC(83) Using 10 workers of 10 for evacuation
[2026-04-03T01:06:15.799+0600][17.595s][info][gc,phases      ] GC(83)   Pre Evacuate Collection Set: 0.36ms
[2026-04-03T01:06:15.799+0600][17.595s][info][gc,phases      ] GC(83)   Merge Heap Roots: 0.20ms
[2026-04-03T01:06:15.799+0600][17.595s][info][gc,phases      ] GC(83)   Evacuate Collection Set: 0.53ms
[2026-04-03T01:06:15.799+0600][17.595s][info][gc,phases      ] GC(83)   Post Evacuate Collection Set: 0.81ms
[2026-04-03T01:06:15.799+0600][17.595s][info][gc,phases      ] GC(83)   Other: 0.13ms
[2026-04-03T01:06:15.799+0600][17.595s][info][gc,heap        ] GC(83) Eden regions: 153->0(153)
[2026-04-03T01:06:15.799+0600][17.595s][info][gc,heap        ] GC(83) Survivor regions: 1->1(20)
[2026-04-03T01:06:15.799+0600][17.595s][info][gc,heap        ] GC(83) Old regions: 3->3
[2026-04-03T01:06:15.799+0600][17.595s][info][gc,heap        ] GC(83) Humongous regions: 6->6
[2026-04-03T01:06:15.799+0600][17.595s][info][gc,metaspace   ] GC(83) Metaspace: 9183K(9856K)->9183K(9856K) NonClass: 8150K(8512K)->8150K(8512K) Class: 1032K(1344K)->1032K(1344K)
[2026-04-03T01:06:15.799+0600][17.595s][info][gc             ] GC(83) Pause Young (Normal) (G1 Evacuation Pause) 323M->17M(516M) 2.498ms
[2026-04-03T01:06:15.799+0600][17.595s][info][gc,cpu         ] GC(83) User=0.00s Sys=0.00s Real=0.00s
[2026-04-03T01:06:15.951+0600][17.747s][info][gc,start       ] GC(84) Pause Young (Normal) (G1 Evacuation Pause)
[2026-04-03T01:06:15.951+0600][17.747s][info][gc,task        ] GC(84) Using 10 workers of 10 for evacuation
[2026-04-03T01:06:15.953+0600][17.749s][info][gc,phases      ] GC(84)   Pre Evacuate Collection Set: 0.38ms
[2026-04-03T01:06:15.953+0600][17.749s][info][gc,phases      ] GC(84)   Merge Heap Roots: 0.35ms
[2026-04-03T01:06:15.953+0600][17.749s][info][gc,phases      ] GC(84)   Evacuate Collection Set: 0.71ms
[2026-04-03T01:06:15.953+0600][17.749s][info][gc,phases      ] GC(84)   Post Evacuate Collection Set: 0.72ms
[2026-04-03T01:06:15.953+0600][17.749s][info][gc,phases      ] GC(84)   Other: 0.12ms
[2026-04-03T01:06:15.953+0600][17.749s][info][gc,heap        ] GC(84) Eden regions: 153->0(153)
[2026-04-03T01:06:15.953+0600][17.749s][info][gc,heap        ] GC(84) Survivor regions: 1->1(20)
[2026-04-03T01:06:15.953+0600][17.749s][info][gc,heap        ] GC(84) Old regions: 3->3
[2026-04-03T01:06:15.953+0600][17.749s][info][gc,heap        ] GC(84) Humongous regions: 6->6
[2026-04-03T01:06:15.953+0600][17.749s][info][gc,metaspace   ] GC(84) Metaspace: 9183K(9856K)->9183K(9856K) NonClass: 8150K(8512K)->8150K(8512K) Class: 1032K(1344K)->1032K(1344K)
[2026-04-03T01:06:15.954+0600][17.749s][info][gc             ] GC(84) Pause Young (Normal) (G1 Evacuation Pause) 323M->17M(516M) 2.591ms
[2026-04-03T01:06:15.954+0600][17.749s][info][gc,cpu         ] GC(84) User=0.01s Sys=0.00s Real=0.00s
[2026-04-03T01:06:16.123+0600][17.919s][info][gc,start       ] GC(85) Pause Young (Normal) (G1 Evacuation Pause)
[2026-04-03T01:06:16.123+0600][17.919s][info][gc,task        ] GC(85) Using 10 workers of 10 for evacuation
[2026-04-03T01:06:16.126+0600][17.922s][info][gc,phases      ] GC(85)   Pre Evacuate Collection Set: 0.26ms
[2026-04-03T01:06:16.126+0600][17.922s][info][gc,phases      ] GC(85)   Merge Heap Roots: 0.19ms
[2026-04-03T01:06:16.126+0600][17.922s][info][gc,phases      ] GC(85)   Evacuate Collection Set: 1.87ms
[2026-04-03T01:06:16.126+0600][17.922s][info][gc,phases      ] GC(85)   Post Evacuate Collection Set: 0.87ms
[2026-04-03T01:06:16.126+0600][17.922s][info][gc,phases      ] GC(85)   Other: 0.12ms
[2026-04-03T01:06:16.126+0600][17.922s][info][gc,heap        ] GC(85) Eden regions: 153->0(153)
[2026-04-03T01:06:16.126+0600][17.922s][info][gc,heap        ] GC(85) Survivor regions: 1->1(20)
[2026-04-03T01:06:16.126+0600][17.922s][info][gc,heap        ] GC(85) Old regions: 3->3
[2026-04-03T01:06:16.126+0600][17.922s][info][gc,heap        ] GC(85) Humongous regions: 6->6
[2026-04-03T01:06:16.126+0600][17.922s][info][gc,metaspace   ] GC(85) Metaspace: 9183K(9856K)->9183K(9856K) NonClass: 8150K(8512K)->8150K(8512K) Class: 1032K(1344K)->1032K(1344K)
[2026-04-03T01:06:16.127+0600][17.922s][info][gc             ] GC(85) Pause Young (Normal) (G1 Evacuation Pause) 323M->17M(516M) 3.677ms
[2026-04-03T01:06:16.127+0600][17.922s][info][gc,cpu         ] GC(85) User=0.01s Sys=0.00s Real=0.00s
[2026-04-03T01:06:16.336+0600][18.132s][info][gc,start       ] GC(86) Pause Young (Normal) (G1 Evacuation Pause)
[2026-04-03T01:06:16.336+0600][18.132s][info][gc,task        ] GC(86) Using 10 workers of 10 for evacuation
[2026-04-03T01:06:16.339+0600][18.135s][info][gc,phases      ] GC(86)   Pre Evacuate Collection Set: 0.39ms
[2026-04-03T01:06:16.339+0600][18.135s][info][gc,phases      ] GC(86)   Merge Heap Roots: 0.29ms
[2026-04-03T01:06:16.339+0600][18.135s][info][gc,phases      ] GC(86)   Evacuate Collection Set: 1.26ms
[2026-04-03T01:06:16.339+0600][18.135s][info][gc,phases      ] GC(86)   Post Evacuate Collection Set: 1.24ms
[2026-04-03T01:06:16.339+0600][18.135s][info][gc,phases      ] GC(86)   Other: 0.16ms
[2026-04-03T01:06:16.339+0600][18.135s][info][gc,heap        ] GC(86) Eden regions: 153->0(153)
[2026-04-03T01:06:16.339+0600][18.135s][info][gc,heap        ] GC(86) Survivor regions: 1->1(20)
[2026-04-03T01:06:16.339+0600][18.135s][info][gc,heap        ] GC(86) Old regions: 3->3
[2026-04-03T01:06:16.340+0600][18.135s][info][gc,heap        ] GC(86) Humongous regions: 6->6
[2026-04-03T01:06:16.340+0600][18.135s][info][gc,metaspace   ] GC(86) Metaspace: 9183K(9856K)->9183K(9856K) NonClass: 8150K(8512K)->8150K(8512K) Class: 1032K(1344K)->1032K(1344K)
[2026-04-03T01:06:16.340+0600][18.136s][info][gc             ] GC(86) Pause Young (Normal) (G1 Evacuation Pause) 323M->17M(516M) 3.761ms
[2026-04-03T01:06:16.340+0600][18.136s][info][gc,cpu         ] GC(86) User=0.00s Sys=0.00s Real=0.00s
[2026-04-03T01:06:16.610+0600][18.406s][info][gc,start       ] GC(87) Pause Young (Normal) (G1 Evacuation Pause)
[2026-04-03T01:06:16.611+0600][18.407s][info][gc,task        ] GC(87) Using 10 workers of 10 for evacuation
[2026-04-03T01:06:16.619+0600][18.415s][info][gc,phases      ] GC(87)   Pre Evacuate Collection Set: 0.50ms
[2026-04-03T01:06:16.619+0600][18.415s][info][gc,phases      ] GC(87)   Merge Heap Roots: 0.21ms
[2026-04-03T01:06:16.619+0600][18.415s][info][gc,phases      ] GC(87)   Evacuate Collection Set: 2.54ms
[2026-04-03T01:06:16.619+0600][18.415s][info][gc,phases      ] GC(87)   Post Evacuate Collection Set: 4.64ms
[2026-04-03T01:06:16.619+0600][18.415s][info][gc,phases      ] GC(87)   Other: 0.19ms
[2026-04-03T01:06:16.619+0600][18.415s][info][gc,heap        ] GC(87) Eden regions: 153->0(153)
[2026-04-03T01:06:16.619+0600][18.415s][info][gc,heap        ] GC(87) Survivor regions: 1->1(20)
[2026-04-03T01:06:16.619+0600][18.415s][info][gc,heap        ] GC(87) Old regions: 3->3
[2026-04-03T01:06:16.619+0600][18.415s][info][gc,heap        ] GC(87) Humongous regions: 6->6
[2026-04-03T01:06:16.619+0600][18.415s][info][gc,metaspace   ] GC(87) Metaspace: 9184K(9856K)->9184K(9856K) NonClass: 8152K(8512K)->8152K(8512K) Class: 1032K(1344K)->1032K(1344K)
[2026-04-03T01:06:16.619+0600][18.415s][info][gc             ] GC(87) Pause Young (Normal) (G1 Evacuation Pause) 323M->17M(516M) 8.507ms
[2026-04-03T01:06:16.619+0600][18.415s][info][gc,cpu         ] GC(87) User=0.00s Sys=0.00s Real=0.00s
[2026-04-03T01:06:16.849+0600][18.645s][info][gc,start       ] GC(88) Pause Young (Normal) (G1 Evacuation Pause)
[2026-04-03T01:06:16.850+0600][18.645s][info][gc,task        ] GC(88) Using 10 workers of 10 for evacuation
[2026-04-03T01:06:16.855+0600][18.651s][info][gc,phases      ] GC(88)   Pre Evacuate Collection Set: 0.57ms
[2026-04-03T01:06:16.856+0600][18.651s][info][gc,phases      ] GC(88)   Merge Heap Roots: 1.52ms
[2026-04-03T01:06:16.856+0600][18.651s][info][gc,phases      ] GC(88)   Evacuate Collection Set: 2.60ms
[2026-04-03T01:06:16.856+0600][18.652s][info][gc,phases      ] GC(88)   Post Evacuate Collection Set: 1.01ms
[2026-04-03T01:06:16.856+0600][18.652s][info][gc,phases      ] GC(88)   Other: 0.16ms
[2026-04-03T01:06:16.856+0600][18.652s][info][gc,heap        ] GC(88) Eden regions: 153->0(153)
[2026-04-03T01:06:16.856+0600][18.652s][info][gc,heap        ] GC(88) Survivor regions: 1->1(20)
[2026-04-03T01:06:16.856+0600][18.652s][info][gc,heap        ] GC(88) Old regions: 3->3
[2026-04-03T01:06:16.856+0600][18.652s][info][gc,heap        ] GC(88) Humongous regions: 6->6
[2026-04-03T01:06:16.856+0600][18.652s][info][gc,metaspace   ] GC(88) Metaspace: 9184K(9856K)->9184K(9856K) NonClass: 8152K(8512K)->8152K(8512K) Class: 1032K(1344K)->1032K(1344K)
[2026-04-03T01:06:16.856+0600][18.652s][info][gc             ] GC(88) Pause Young (Normal) (G1 Evacuation Pause) 323M->17M(516M) 6.422ms
[2026-04-03T01:06:16.856+0600][18.652s][info][gc,cpu         ] GC(88) User=0.01s Sys=0.00s Real=0.01s
[2026-04-03T01:06:17.034+0600][18.830s][info][gc,start       ] GC(89) Pause Young (Normal) (G1 Evacuation Pause)
[2026-04-03T01:06:17.034+0600][18.830s][info][gc,task        ] GC(89) Using 10 workers of 10 for evacuation
[2026-04-03T01:06:17.037+0600][18.833s][info][gc,phases      ] GC(89)   Pre Evacuate Collection Set: 0.48ms
[2026-04-03T01:06:17.037+0600][18.833s][info][gc,phases      ] GC(89)   Merge Heap Roots: 0.28ms
[2026-04-03T01:06:17.037+0600][18.833s][info][gc,phases      ] GC(89)   Evacuate Collection Set: 0.83ms
[2026-04-03T01:06:17.037+0600][18.833s][info][gc,phases      ] GC(89)   Post Evacuate Collection Set: 0.71ms
[2026-04-03T01:06:17.037+0600][18.833s][info][gc,phases      ] GC(89)   Other: 0.14ms
[2026-04-03T01:06:17.037+0600][18.833s][info][gc,heap        ] GC(89) Eden regions: 153->0(153)
[2026-04-03T01:06:17.037+0600][18.833s][info][gc,heap        ] GC(89) Survivor regions: 1->1(20)
[2026-04-03T01:06:17.037+0600][18.833s][info][gc,heap        ] GC(89) Old regions: 3->3
[2026-04-03T01:06:17.037+0600][18.833s][info][gc,heap        ] GC(89) Humongous regions: 6->6
[2026-04-03T01:06:17.037+0600][18.833s][info][gc,metaspace   ] GC(89) Metaspace: 9184K(9856K)->9184K(9856K) NonClass: 8152K(8512K)->8152K(8512K) Class: 1032K(1344K)->1032K(1344K)
[2026-04-03T01:06:17.037+0600][18.833s][info][gc             ] GC(89) Pause Young (Normal) (G1 Evacuation Pause) 323M->17M(516M) 2.783ms
[2026-04-03T01:06:17.037+0600][18.833s][info][gc,cpu         ] GC(89) User=0.01s Sys=0.00s Real=0.00s
[2026-04-03T01:06:17.200+0600][18.996s][info][gc,start       ] GC(90) Pause Young (Normal) (G1 Evacuation Pause)
[2026-04-03T01:06:17.200+0600][18.996s][info][gc,task        ] GC(90) Using 10 workers of 10 for evacuation
[2026-04-03T01:06:17.203+0600][18.999s][info][gc,phases      ] GC(90)   Pre Evacuate Collection Set: 0.46ms
[2026-04-03T01:06:17.204+0600][18.999s][info][gc,phases      ] GC(90)   Merge Heap Roots: 0.21ms
[2026-04-03T01:06:17.204+0600][18.999s][info][gc,phases      ] GC(90)   Evacuate Collection Set: 1.62ms
[2026-04-03T01:06:17.204+0600][18.999s][info][gc,phases      ] GC(90)   Post Evacuate Collection Set: 0.81ms
[2026-04-03T01:06:17.204+0600][18.999s][info][gc,phases      ] GC(90)   Other: 0.14ms
[2026-04-03T01:06:17.204+0600][19.000s][info][gc,heap        ] GC(90) Eden regions: 153->0(153)
[2026-04-03T01:06:17.204+0600][19.000s][info][gc,heap        ] GC(90) Survivor regions: 1->1(20)
[2026-04-03T01:06:17.204+0600][19.000s][info][gc,heap        ] GC(90) Old regions: 3->3
[2026-04-03T01:06:17.204+0600][19.000s][info][gc,heap        ] GC(90) Humongous regions: 6->6
[2026-04-03T01:06:17.204+0600][19.000s][info][gc,metaspace   ] GC(90) Metaspace: 9184K(9856K)->9184K(9856K) NonClass: 8152K(8512K)->8152K(8512K) Class: 1032K(1344K)->1032K(1344K)
[2026-04-03T01:06:17.204+0600][19.000s][info][gc             ] GC(90) Pause Young (Normal) (G1 Evacuation Pause) 323M->17M(516M) 3.563ms
[2026-04-03T01:06:17.204+0600][19.000s][info][gc,cpu         ] GC(90) User=0.00s Sys=0.00s Real=0.00s
[2026-04-03T01:06:17.381+0600][19.177s][info][gc,start       ] GC(91) Pause Young (Normal) (G1 Evacuation Pause)
[2026-04-03T01:06:17.381+0600][19.177s][info][gc,task        ] GC(91) Using 10 workers of 10 for evacuation
[2026-04-03T01:06:17.383+0600][19.179s][info][gc,phases      ] GC(91)   Pre Evacuate Collection Set: 0.38ms
[2026-04-03T01:06:17.383+0600][19.179s][info][gc,phases      ] GC(91)   Merge Heap Roots: 0.16ms
[2026-04-03T01:06:17.383+0600][19.179s][info][gc,phases      ] GC(91)   Evacuate Collection Set: 0.46ms
[2026-04-03T01:06:17.383+0600][19.179s][info][gc,phases      ] GC(91)   Post Evacuate Collection Set: 0.82ms
[2026-04-03T01:06:17.383+0600][19.179s][info][gc,phases      ] GC(91)   Other: 0.11ms
[2026-04-03T01:06:17.383+0600][19.179s][info][gc,heap        ] GC(91) Eden regions: 153->0(153)
[2026-04-03T01:06:17.383+0600][19.179s][info][gc,heap        ] GC(91) Survivor regions: 1->1(20)
[2026-04-03T01:06:17.383+0600][19.179s][info][gc,heap        ] GC(91) Old regions: 3->3
[2026-04-03T01:06:17.383+0600][19.179s][info][gc,heap        ] GC(91) Humongous regions: 6->6
[2026-04-03T01:06:17.383+0600][19.179s][info][gc,metaspace   ] GC(91) Metaspace: 9184K(9856K)->9184K(9856K) NonClass: 8152K(8512K)->8152K(8512K) Class: 1032K(1344K)->1032K(1344K)
[2026-04-03T01:06:17.383+0600][19.179s][info][gc             ] GC(91) Pause Young (Normal) (G1 Evacuation Pause) 323M->17M(516M) 2.307ms
[2026-04-03T01:06:17.383+0600][19.179s][info][gc,cpu         ] GC(91) User=0.00s Sys=0.00s Real=0.00s
[2026-04-03T01:06:17.535+0600][19.331s][info][gc,start       ] GC(92) Pause Young (Normal) (G1 Evacuation Pause)
[2026-04-03T01:06:17.535+0600][19.331s][info][gc,task        ] GC(92) Using 10 workers of 10 for evacuation
[2026-04-03T01:06:17.537+0600][19.333s][info][gc,phases      ] GC(92)   Pre Evacuate Collection Set: 0.26ms
[2026-04-03T01:06:17.537+0600][19.333s][info][gc,phases      ] GC(92)   Merge Heap Roots: 0.22ms
[2026-04-03T01:06:17.537+0600][19.333s][info][gc,phases      ] GC(92)   Evacuate Collection Set: 0.45ms
[2026-04-03T01:06:17.537+0600][19.333s][info][gc,phases      ] GC(92)   Post Evacuate Collection Set: 0.92ms
[2026-04-03T01:06:17.538+0600][19.333s][info][gc,phases      ] GC(92)   Other: 0.11ms
[2026-04-03T01:06:17.538+0600][19.333s][info][gc,heap        ] GC(92) Eden regions: 153->0(153)
[2026-04-03T01:06:17.538+0600][19.333s][info][gc,heap        ] GC(92) Survivor regions: 1->1(20)
[2026-04-03T01:06:17.538+0600][19.333s][info][gc,heap        ] GC(92) Old regions: 3->3
[2026-04-03T01:06:17.538+0600][19.333s][info][gc,heap        ] GC(92) Humongous regions: 6->6
[2026-04-03T01:06:17.538+0600][19.333s][info][gc,metaspace   ] GC(92) Metaspace: 9184K(9856K)->9184K(9856K) NonClass: 8152K(8512K)->8152K(8512K) Class: 1032K(1344K)->1032K(1344K)
[2026-04-03T01:06:17.538+0600][19.334s][info][gc             ] GC(92) Pause Young (Normal) (G1 Evacuation Pause) 323M->17M(516M) 2.248ms
[2026-04-03T01:06:17.538+0600][19.334s][info][gc,cpu         ] GC(92) User=0.01s Sys=0.00s Real=0.00s
[2026-04-03T01:06:17.686+0600][19.482s][info][gc,start       ] GC(93) Pause Young (Normal) (G1 Evacuation Pause)
[2026-04-03T01:06:17.686+0600][19.482s][info][gc,task        ] GC(93) Using 10 workers of 10 for evacuation
[2026-04-03T01:06:17.688+0600][19.484s][info][gc,phases      ] GC(93)   Pre Evacuate Collection Set: 0.35ms
[2026-04-03T01:06:17.688+0600][19.484s][info][gc,phases      ] GC(93)   Merge Heap Roots: 0.19ms
[2026-04-03T01:06:17.688+0600][19.484s][info][gc,phases      ] GC(93)   Evacuate Collection Set: 0.65ms
[2026-04-03T01:06:17.688+0600][19.484s][info][gc,phases      ] GC(93)   Post Evacuate Collection Set: 0.98ms
[2026-04-03T01:06:17.688+0600][19.484s][info][gc,phases      ] GC(93)   Other: 0.16ms
[2026-04-03T01:06:17.688+0600][19.484s][info][gc,heap        ] GC(93) Eden regions: 153->0(153)
[2026-04-03T01:06:17.689+0600][19.484s][info][gc,heap        ] GC(93) Survivor regions: 1->1(20)
[2026-04-03T01:06:17.689+0600][19.484s][info][gc,heap        ] GC(93) Old regions: 3->3
[2026-04-03T01:06:17.689+0600][19.484s][info][gc,heap        ] GC(93) Humongous regions: 6->6
[2026-04-03T01:06:17.689+0600][19.484s][info][gc,metaspace   ] GC(93) Metaspace: 9184K(9856K)->9184K(9856K) NonClass: 8152K(8512K)->8152K(8512K) Class: 1032K(1344K)->1032K(1344K)
[2026-04-03T01:06:17.689+0600][19.485s][info][gc             ] GC(93) Pause Young (Normal) (G1 Evacuation Pause) 323M->17M(516M) 2.771ms
[2026-04-03T01:06:17.689+0600][19.485s][info][gc,cpu         ] GC(93) User=0.01s Sys=0.00s Real=0.00s
[2026-04-03T01:06:17.845+0600][19.641s][info][gc,start       ] GC(94) Pause Young (Normal) (G1 Evacuation Pause)
[2026-04-03T01:06:17.845+0600][19.641s][info][gc,task        ] GC(94) Using 10 workers of 10 for evacuation
[2026-04-03T01:06:17.847+0600][19.643s][info][gc,phases      ] GC(94)   Pre Evacuate Collection Set: 0.35ms
[2026-04-03T01:06:17.847+0600][19.643s][info][gc,phases      ] GC(94)   Merge Heap Roots: 0.14ms
[2026-04-03T01:06:17.847+0600][19.643s][info][gc,phases      ] GC(94)   Evacuate Collection Set: 0.48ms
[2026-04-03T01:06:17.847+0600][19.643s][info][gc,phases      ] GC(94)   Post Evacuate Collection Set: 0.70ms
[2026-04-03T01:06:17.847+0600][19.643s][info][gc,phases      ] GC(94)   Other: 0.11ms
[2026-04-03T01:06:17.847+0600][19.643s][info][gc,heap        ] GC(94) Eden regions: 153->0(153)
[2026-04-03T01:06:17.847+0600][19.643s][info][gc,heap        ] GC(94) Survivor regions: 1->1(20)
[2026-04-03T01:06:17.847+0600][19.643s][info][gc,heap        ] GC(94) Old regions: 3->3
[2026-04-03T01:06:17.847+0600][19.643s][info][gc,heap        ] GC(94) Humongous regions: 6->6
[2026-04-03T01:06:17.847+0600][19.643s][info][gc,metaspace   ] GC(94) Metaspace: 9184K(9856K)->9184K(9856K) NonClass: 8152K(8512K)->8152K(8512K) Class: 1032K(1344K)->1032K(1344K)
[2026-04-03T01:06:17.847+0600][19.643s][info][gc             ] GC(94) Pause Young (Normal) (G1 Evacuation Pause) 323M->17M(516M) 2.159ms
[2026-04-03T01:06:17.847+0600][19.643s][info][gc,cpu         ] GC(94) User=0.01s Sys=0.00s Real=0.00s
[2026-04-03T01:06:18.003+0600][19.799s][info][gc,start       ] GC(95) Pause Young (Normal) (G1 Evacuation Pause)
[2026-04-03T01:06:18.003+0600][19.799s][info][gc,task        ] GC(95) Using 10 workers of 10 for evacuation
[2026-04-03T01:06:18.005+0600][19.801s][info][gc,phases      ] GC(95)   Pre Evacuate Collection Set: 0.25ms
[2026-04-03T01:06:18.005+0600][19.801s][info][gc,phases      ] GC(95)   Merge Heap Roots: 0.14ms
[2026-04-03T01:06:18.005+0600][19.801s][info][gc,phases      ] GC(95)   Evacuate Collection Set: 0.59ms
[2026-04-03T01:06:18.005+0600][19.801s][info][gc,phases      ] GC(95)   Post Evacuate Collection Set: 0.83ms
[2026-04-03T01:06:18.005+0600][19.801s][info][gc,phases      ] GC(95)   Other: 0.13ms
[2026-04-03T01:06:18.005+0600][19.801s][info][gc,heap        ] GC(95) Eden regions: 153->0(153)
[2026-04-03T01:06:18.005+0600][19.801s][info][gc,heap        ] GC(95) Survivor regions: 1->1(20)
[2026-04-03T01:06:18.005+0600][19.801s][info][gc,heap        ] GC(95) Old regions: 3->3
[2026-04-03T01:06:18.005+0600][19.801s][info][gc,heap        ] GC(95) Humongous regions: 6->6
[2026-04-03T01:06:18.005+0600][19.801s][info][gc,metaspace   ] GC(95) Metaspace: 9185K(9856K)->9185K(9856K) NonClass: 8152K(8512K)->8152K(8512K) Class: 1032K(1344K)->1032K(1344K)
[2026-04-03T01:06:18.005+0600][19.801s][info][gc             ] GC(95) Pause Young (Normal) (G1 Evacuation Pause) 323M->17M(516M) 2.444ms
[2026-04-03T01:06:18.005+0600][19.801s][info][gc,cpu         ] GC(95) User=0.00s Sys=0.00s Real=0.00s
[2026-04-03T01:06:18.154+0600][19.950s][info][gc,start       ] GC(96) Pause Young (Normal) (G1 Evacuation Pause)
[2026-04-03T01:06:18.154+0600][19.950s][info][gc,task        ] GC(96) Using 10 workers of 10 for evacuation
[2026-04-03T01:06:18.156+0600][19.952s][info][gc,phases      ] GC(96)   Pre Evacuate Collection Set: 0.32ms
[2026-04-03T01:06:18.157+0600][19.952s][info][gc,phases      ] GC(96)   Merge Heap Roots: 0.19ms
[2026-04-03T01:06:18.157+0600][19.952s][info][gc,phases      ] GC(96)   Evacuate Collection Set: 0.40ms
[2026-04-03T01:06:18.157+0600][19.952s][info][gc,phases      ] GC(96)   Post Evacuate Collection Set: 1.26ms
[2026-04-03T01:06:18.157+0600][19.952s][info][gc,phases      ] GC(96)   Other: 0.10ms
[2026-04-03T01:06:18.157+0600][19.953s][info][gc,heap        ] GC(96) Eden regions: 153->0(153)
[2026-04-03T01:06:18.157+0600][19.953s][info][gc,heap        ] GC(96) Survivor regions: 1->1(20)
[2026-04-03T01:06:18.157+0600][19.953s][info][gc,heap        ] GC(96) Old regions: 3->3
[2026-04-03T01:06:18.157+0600][19.953s][info][gc,heap        ] GC(96) Humongous regions: 6->6
[2026-04-03T01:06:18.157+0600][19.953s][info][gc,metaspace   ] GC(96) Metaspace: 9185K(9856K)->9185K(9856K) NonClass: 8152K(8512K)->8152K(8512K) Class: 1032K(1344K)->1032K(1344K)
[2026-04-03T01:06:18.157+0600][19.953s][info][gc             ] GC(96) Pause Young (Normal) (G1 Evacuation Pause) 323M->17M(516M) 2.596ms
[2026-04-03T01:06:18.157+0600][19.953s][info][gc,cpu         ] GC(96) User=0.01s Sys=0.00s Real=0.00s
[2026-04-03T01:06:18.343+0600][20.139s][info][gc,start       ] GC(97) Pause Young (Normal) (G1 Evacuation Pause)
[2026-04-03T01:06:18.343+0600][20.139s][info][gc,task        ] GC(97) Using 10 workers of 10 for evacuation
[2026-04-03T01:06:18.345+0600][20.141s][info][gc,phases      ] GC(97)   Pre Evacuate Collection Set: 0.39ms
[2026-04-03T01:06:18.345+0600][20.141s][info][gc,phases      ] GC(97)   Merge Heap Roots: 0.16ms
[2026-04-03T01:06:18.345+0600][20.141s][info][gc,phases      ] GC(97)   Evacuate Collection Set: 0.40ms
[2026-04-03T01:06:18.345+0600][20.141s][info][gc,phases      ] GC(97)   Post Evacuate Collection Set: 0.71ms
[2026-04-03T01:06:18.345+0600][20.141s][info][gc,phases      ] GC(97)   Other: 0.10ms
[2026-04-03T01:06:18.345+0600][20.141s][info][gc,heap        ] GC(97) Eden regions: 153->0(153)
[2026-04-03T01:06:18.345+0600][20.141s][info][gc,heap        ] GC(97) Survivor regions: 1->1(20)
[2026-04-03T01:06:18.345+0600][20.141s][info][gc,heap        ] GC(97) Old regions: 3->3
[2026-04-03T01:06:18.345+0600][20.141s][info][gc,heap        ] GC(97) Humongous regions: 6->6
[2026-04-03T01:06:18.345+0600][20.141s][info][gc,metaspace   ] GC(97) Metaspace: 9185K(9856K)->9185K(9856K) NonClass: 8152K(8512K)->8152K(8512K) Class: 1032K(1344K)->1032K(1344K)
[2026-04-03T01:06:18.345+0600][20.141s][info][gc             ] GC(97) Pause Young (Normal) (G1 Evacuation Pause) 323M->17M(516M) 1.988ms
[2026-04-03T01:06:18.345+0600][20.141s][info][gc,cpu         ] GC(97) User=0.00s Sys=0.01s Real=0.00s
[2026-04-03T01:06:18.586+0600][20.382s][info][gc,start       ] GC(98) Pause Young (Normal) (G1 Evacuation Pause)
[2026-04-03T01:06:18.586+0600][20.382s][info][gc,task        ] GC(98) Using 10 workers of 10 for evacuation
[2026-04-03T01:06:18.588+0600][20.384s][info][gc,phases      ] GC(98)   Pre Evacuate Collection Set: 0.45ms
[2026-04-03T01:06:18.588+0600][20.384s][info][gc,phases      ] GC(98)   Merge Heap Roots: 0.31ms
[2026-04-03T01:06:18.588+0600][20.384s][info][gc,phases      ] GC(98)   Evacuate Collection Set: 0.41ms
[2026-04-03T01:06:18.588+0600][20.384s][info][gc,phases      ] GC(98)   Post Evacuate Collection Set: 0.69ms
[2026-04-03T01:06:18.588+0600][20.384s][info][gc,phases      ] GC(98)   Other: 0.28ms
[2026-04-03T01:06:18.588+0600][20.384s][info][gc,heap        ] GC(98) Eden regions: 153->0(153)
[2026-04-03T01:06:18.588+0600][20.384s][info][gc,heap        ] GC(98) Survivor regions: 1->1(20)
[2026-04-03T01:06:18.588+0600][20.384s][info][gc,heap        ] GC(98) Old regions: 3->3
[2026-04-03T01:06:18.588+0600][20.384s][info][gc,heap        ] GC(98) Humongous regions: 6->6
[2026-04-03T01:06:18.588+0600][20.384s][info][gc,metaspace   ] GC(98) Metaspace: 9185K(9856K)->9185K(9856K) NonClass: 8152K(8512K)->8152K(8512K) Class: 1032K(1344K)->1032K(1344K)
[2026-04-03T01:06:18.589+0600][20.384s][info][gc             ] GC(98) Pause Young (Normal) (G1 Evacuation Pause) 323M->17M(516M) 2.425ms
[2026-04-03T01:06:18.589+0600][20.384s][info][gc,cpu         ] GC(98) User=0.01s Sys=0.00s Real=0.00s
[2026-04-03T01:06:19.238+0600][21.034s][info][gc,heap,exit   ] Heap
[2026-04-03T01:06:19.238+0600][21.034s][info][gc,heap,exit   ]  garbage-first heap   total 528384K, used 180263K [0x000000070ae00000, 0x0000000800000000)
[2026-04-03T01:06:19.238+0600][21.034s][info][gc,heap,exit   ]   region size 2048K, 75 young (153600K), 1 survivors (2048K)
[2026-04-03T01:06:19.238+0600][21.034s][info][gc,heap,exit   ]  Metaspace       used 9430K, committed 10048K, reserved 1114112K
[2026-04-03T01:06:19.238+0600][21.034s][info][gc,heap,exit   ]   class space    used 1057K, committed 1344K, reserved 1048576K
