[2026-04-03T01:04:34.237+0600][0.009s][info][gc,init] CardTable entry size: 512
[2026-04-03T01:04:34.238+0600][0.010s][info][gc     ] Using G1
[2026-04-03T01:04:34.244+0600][0.015s][info][gc,init] Version: 21.0.10+7-Ubuntu-124.04 (release)
[2026-04-03T01:04:34.244+0600][0.015s][info][gc,init] CPUs: 12 total, 12 available
[2026-04-03T01:04:34.244+0600][0.015s][info][gc,init] Memory: 15683M
[2026-04-03T01:04:34.244+0600][0.015s][info][gc,init] Large Page Support: Disabled
[2026-04-03T01:04:34.244+0600][0.015s][info][gc,init] NUMA Support: Disabled
[2026-04-03T01:04:34.244+0600][0.015s][info][gc,init] Compressed Oops: Enabled (Zero based)
[2026-04-03T01:04:34.244+0600][0.016s][info][gc,init] Heap Region Size: 2M
[2026-04-03T01:04:34.244+0600][0.016s][info][gc,init] Heap Min Capacity: 8M
[2026-04-03T01:04:34.244+0600][0.016s][info][gc,init] Heap Initial Capacity: 246M
[2026-04-03T01:04:34.244+0600][0.016s][info][gc,init] Heap Max Capacity: 3922M
[2026-04-03T01:04:34.244+0600][0.016s][info][gc,init] Pre-touch: Disabled
[2026-04-03T01:04:34.244+0600][0.016s][info][gc,init] Parallel Workers: 10
[2026-04-03T01:04:34.244+0600][0.016s][info][gc,init] Concurrent Workers: 2
[2026-04-03T01:04:34.244+0600][0.016s][info][gc,init] Concurrent Refinement Workers: 10
[2026-04-03T01:04:34.244+0600][0.016s][info][gc,init] Periodic GC: Disabled
[2026-04-03T01:04:34.263+0600][0.035s][info][gc,metaspace] CDS archive(s) mapped at: [0x00007774ff000000-0x00007774ffc9c000-0x00007774ffc9c000), size 13221888, SharedBaseAddress: 0x00007774ff000000, ArchiveRelocationMode: 1.
[2026-04-03T01:04:34.263+0600][0.035s][info][gc,metaspace] Compressed class space mapped at: 0x0000777500000000-0x0000777540000000, reserved size: 1073741824
[2026-04-03T01:04:34.263+0600][0.035s][info][gc,metaspace] Narrow klass base: 0x00007774ff000000, Narrow klass shift: 0, Narrow klass range: 0x100000000
[2026-04-03T01:04:37.829+0600][3.600s][info][gc,start    ] GC(0) Pause Young (Normal) (G1 Evacuation Pause)
[2026-04-03T01:04:37.830+0600][3.601s][info][gc,task     ] GC(0) Using 5 workers of 10 for evacuation
[2026-04-03T01:04:37.832+0600][3.604s][info][gc,phases   ] GC(0)   Pre Evacuate Collection Set: 0.21ms
[2026-04-03T01:04:37.832+0600][3.604s][info][gc,phases   ] GC(0)   Merge Heap Roots: 0.14ms
[2026-04-03T01:04:37.832+0600][3.604s][info][gc,phases   ] GC(0)   Evacuate Collection Set: 1.43ms
[2026-04-03T01:04:37.832+0600][3.604s][info][gc,phases   ] GC(0)   Post Evacuate Collection Set: 0.35ms
[2026-04-03T01:04:37.832+0600][3.604s][info][gc,phases   ] GC(0)   Other: 0.88ms
[2026-04-03T01:04:37.832+0600][3.604s][info][gc,heap     ] GC(0) Eden regions: 11->0(26)
[2026-04-03T01:04:37.832+0600][3.604s][info][gc,heap     ] GC(0) Survivor regions: 0->1(2)
[2026-04-03T01:04:37.832+0600][3.604s][info][gc,heap     ] GC(0) Old regions: 1->1
[2026-04-03T01:04:37.832+0600][3.604s][info][gc,heap     ] GC(0) Humongous regions: 0->0
[2026-04-03T01:04:37.832+0600][3.604s][info][gc,metaspace] GC(0) Metaspace: 2533K(2752K)->2533K(2752K) NonClass: 2284K(2432K)->2284K(2432K) Class: 248K(320K)->248K(320K)
[2026-04-03T01:04:37.832+0600][3.604s][info][gc          ] GC(0) Pause Young (Normal) (G1 Evacuation Pause) 22M->2M(248M) 3.341ms
[2026-04-03T01:04:37.832+0600][3.604s][info][gc,cpu      ] GC(0) User=0.01s Sys=0.01s Real=0.01s
[2026-04-03T01:04:37.931+0600][3.702s][info][gc,start    ] GC(1) Pause Young (Normal) (G1 Evacuation Pause)
[2026-04-03T01:04:37.931+0600][3.702s][info][gc,task     ] GC(1) Using 5 workers of 10 for evacuation
[2026-04-03T01:04:37.933+0600][3.705s][info][gc,phases   ] GC(1)   Pre Evacuate Collection Set: 0.25ms
[2026-04-03T01:04:37.933+0600][3.705s][info][gc,phases   ] GC(1)   Merge Heap Roots: 0.06ms
[2026-04-03T01:04:37.933+0600][3.705s][info][gc,phases   ] GC(1)   Evacuate Collection Set: 1.43ms
[2026-04-03T01:04:37.933+0600][3.705s][info][gc,phases   ] GC(1)   Post Evacuate Collection Set: 0.57ms
[2026-04-03T01:04:37.933+0600][3.705s][info][gc,phases   ] GC(1)   Other: 0.11ms
[2026-04-03T01:04:37.933+0600][3.705s][info][gc,heap     ] GC(1) Eden regions: 26->0(72)
[2026-04-03T01:04:37.933+0600][3.705s][info][gc,heap     ] GC(1) Survivor regions: 1->1(4)
[2026-04-03T01:04:37.933+0600][3.705s][info][gc,heap     ] GC(1) Old regions: 1->1
[2026-04-03T01:04:37.933+0600][3.705s][info][gc,heap     ] GC(1) Humongous regions: 0->0
[2026-04-03T01:04:37.933+0600][3.705s][info][gc,metaspace] GC(1) Metaspace: 2697K(2880K)->2697K(2880K) NonClass: 2448K(2560K)->2448K(2560K) Class: 248K(320K)->248K(320K)
[2026-04-03T01:04:37.933+0600][3.705s][info][gc          ] GC(1) Pause Young (Normal) (G1 Evacuation Pause) 54M->2M(248M) 2.637ms
[2026-04-03T01:04:37.933+0600][3.705s][info][gc,cpu      ] GC(1) User=0.01s Sys=0.00s Real=0.00s
[2026-04-03T01:04:38.040+0600][3.812s][info][gc,start    ] GC(2) Pause Full (System.gc())
[2026-04-03T01:04:38.040+0600][3.812s][info][gc,task     ] GC(2) Using 5 workers of 10 for full compaction
[2026-04-03T01:04:38.040+0600][3.812s][info][gc,phases,start] GC(2) Phase 1: Mark live objects
[2026-04-03T01:04:38.044+0600][3.816s][info][gc,phases      ] GC(2) Phase 1: Mark live objects 3.731ms
[2026-04-03T01:04:38.044+0600][3.816s][info][gc,phases,start] GC(2) Phase 2: Prepare compaction
[2026-04-03T01:04:38.045+0600][3.817s][info][gc,phases      ] GC(2) Phase 2: Prepare compaction 1.130ms
[2026-04-03T01:04:38.045+0600][3.817s][info][gc,phases,start] GC(2) Phase 3: Adjust pointers
[2026-04-03T01:04:38.047+0600][3.818s][info][gc,phases      ] GC(2) Phase 3: Adjust pointers 1.559ms
[2026-04-03T01:04:38.047+0600][3.818s][info][gc,phases,start] GC(2) Phase 4: Compact heap
[2026-04-03T01:04:38.049+0600][3.821s][info][gc,phases      ] GC(2) Phase 4: Compact heap 2.671ms
[2026-04-03T01:04:38.050+0600][3.821s][info][gc,phases,start] GC(2) Phase 5: Reset Metadata
[2026-04-03T01:04:38.050+0600][3.821s][info][gc,phases      ] GC(2) Phase 5: Reset Metadata 0.166ms
[2026-04-03T01:04:38.052+0600][3.824s][info][gc,heap        ] GC(2) Eden regions: 36->0(9)
[2026-04-03T01:04:38.052+0600][3.824s][info][gc,heap        ] GC(2) Survivor regions: 1->0(4)
[2026-04-03T01:04:38.052+0600][3.824s][info][gc,heap        ] GC(2) Old regions: 1->5
[2026-04-03T01:04:38.052+0600][3.824s][info][gc,heap        ] GC(2) Humongous regions: 0->0
[2026-04-03T01:04:38.052+0600][3.824s][info][gc,metaspace   ] GC(2) Metaspace: 2805K(3008K)->2805K(3008K) NonClass: 2544K(2624K)->2544K(2624K) Class: 261K(384K)->261K(384K)
[2026-04-03T01:04:38.052+0600][3.824s][info][gc             ] GC(2) Pause Full (System.gc()) 74M->3M(34M) 12.308ms
[2026-04-03T01:04:38.052+0600][3.824s][info][gc,cpu         ] GC(2) User=0.02s Sys=0.01s Real=0.01s
[2026-04-03T01:04:38.072+0600][3.844s][info][gc,start       ] GC(3) Pause Young (Concurrent Start) (G1 Humongous Allocation)
[2026-04-03T01:04:38.072+0600][3.844s][info][gc,task        ] GC(3) Using 3 workers of 10 for evacuation
[2026-04-03T01:04:38.073+0600][3.845s][info][gc,phases      ] GC(3)   Pre Evacuate Collection Set: 0.36ms
[2026-04-03T01:04:38.073+0600][3.845s][info][gc,phases      ] GC(3)   Merge Heap Roots: 0.06ms
[2026-04-03T01:04:38.073+0600][3.845s][info][gc,phases      ] GC(3)   Evacuate Collection Set: 0.46ms
[2026-04-03T01:04:38.073+0600][3.845s][info][gc,phases      ] GC(3)   Post Evacuate Collection Set: 0.39ms
[2026-04-03T01:04:38.073+0600][3.845s][info][gc,phases      ] GC(3)   Other: 0.11ms
[2026-04-03T01:04:38.073+0600][3.845s][info][gc,heap        ] GC(3) Eden regions: 1->0(8)
[2026-04-03T01:04:38.073+0600][3.845s][info][gc,heap        ] GC(3) Survivor regions: 0->1(2)
[2026-04-03T01:04:38.073+0600][3.845s][info][gc,heap        ] GC(3) Old regions: 5->5
[2026-04-03T01:04:38.073+0600][3.845s][info][gc,heap        ] GC(3) Humongous regions: 2->2
[2026-04-03T01:04:38.073+0600][3.845s][info][gc,metaspace   ] GC(3) Metaspace: 2925K(3136K)->2925K(3136K) NonClass: 2657K(2752K)->2657K(2752K) Class: 268K(384K)->268K(384K)
[2026-04-03T01:04:38.074+0600][3.845s][info][gc             ] GC(3) Pause Young (Concurrent Start) (G1 Humongous Allocation) 8M->7M(34M) 1.587ms
[2026-04-03T01:04:38.074+0600][3.845s][info][gc,cpu         ] GC(3) User=0.00s Sys=0.00s Real=0.00s
[2026-04-03T01:04:38.074+0600][3.845s][info][gc             ] GC(4) Concurrent Undo Cycle
[2026-04-03T01:04:38.074+0600][3.845s][info][gc,marking     ] GC(4) Concurrent Clear Claimed Marks
[2026-04-03T01:04:38.074+0600][3.845s][info][gc,marking     ] GC(4) Concurrent Clear Claimed Marks 0.034ms
[2026-04-03T01:04:38.074+0600][3.845s][info][gc,marking     ] GC(4) Concurrent Cleanup for Next Mark
[2026-04-03T01:04:38.074+0600][3.846s][info][gc,marking     ] GC(4) Concurrent Cleanup for Next Mark 0.168ms
[2026-04-03T01:04:38.074+0600][3.846s][info][gc             ] GC(4) Concurrent Undo Cycle 0.333ms
[2026-04-03T01:04:38.075+0600][3.847s][info][gc,start       ] GC(5) Pause Young (Concurrent Start) (G1 Humongous Allocation)
[2026-04-03T01:04:38.076+0600][3.847s][info][gc,task        ] GC(5) Using 2 workers of 10 for evacuation
[2026-04-03T01:04:38.076+0600][3.848s][info][gc,phases      ] GC(5)   Pre Evacuate Collection Set: 0.15ms
[2026-04-03T01:04:38.076+0600][3.848s][info][gc,phases      ] GC(5)   Merge Heap Roots: 0.06ms
[2026-04-03T01:04:38.076+0600][3.848s][info][gc,phases      ] GC(5)   Evacuate Collection Set: 0.23ms
[2026-04-03T01:04:38.076+0600][3.848s][info][gc,phases      ] GC(5)   Post Evacuate Collection Set: 0.16ms
[2026-04-03T01:04:38.076+0600][3.848s][info][gc,phases      ] GC(5)   Other: 0.20ms
[2026-04-03T01:04:38.076+0600][3.848s][info][gc,heap        ] GC(5) Eden regions: 0->0(6)
[2026-04-03T01:04:38.076+0600][3.848s][info][gc,heap        ] GC(5) Survivor regions: 1->1(2)
[2026-04-03T01:04:38.076+0600][3.848s][info][gc,heap        ] GC(5) Old regions: 5->5
[2026-04-03T01:04:38.076+0600][3.848s][info][gc,heap        ] GC(5) Humongous regions: 4->4
[2026-04-03T01:04:38.076+0600][3.848s][info][gc,metaspace   ] GC(5) Metaspace: 2925K(3136K)->2925K(3136K) NonClass: 2657K(2752K)->2657K(2752K) Class: 268K(384K)->268K(384K)
[2026-04-03T01:04:38.076+0600][3.848s][info][gc             ] GC(5) Pause Young (Concurrent Start) (G1 Humongous Allocation) 11M->11M(34M) 0.995ms
[2026-04-03T01:04:38.076+0600][3.848s][info][gc,cpu         ] GC(5) User=0.00s Sys=0.00s Real=0.00s
[2026-04-03T01:04:38.076+0600][3.848s][info][gc             ] GC(6) Concurrent Mark Cycle
[2026-04-03T01:04:38.076+0600][3.848s][info][gc,marking     ] GC(6) Concurrent Scan Root Regions
[2026-04-03T01:04:38.077+0600][3.848s][info][gc,marking     ] GC(6) Concurrent Scan Root Regions 0.117ms
[2026-04-03T01:04:38.077+0600][3.848s][info][gc,marking     ] GC(6) Concurrent Mark
[2026-04-03T01:04:38.077+0600][3.848s][info][gc,marking     ] GC(6) Concurrent Mark From Roots
[2026-04-03T01:04:38.077+0600][3.849s][info][gc,task        ] GC(6) Using 2 workers of 2 for marking
[2026-04-03T01:04:38.080+0600][3.852s][info][gc,marking     ] GC(6) Concurrent Mark From Roots 3.738ms
[2026-04-03T01:04:38.080+0600][3.852s][info][gc,marking     ] GC(6) Concurrent Preclean
[2026-04-03T01:04:38.080+0600][3.852s][info][gc,marking     ] GC(6) Concurrent Preclean 0.022ms
[2026-04-03T01:04:38.081+0600][3.852s][info][gc,start       ] GC(6) Pause Remark
[2026-04-03T01:04:38.083+0600][3.855s][info][gc             ] GC(6) Pause Remark 15M->15M(40M) 2.190ms
[2026-04-03T01:04:38.083+0600][3.855s][info][gc,cpu         ] GC(6) User=0.00s Sys=0.00s Real=0.00s
[2026-04-03T01:04:38.083+0600][3.855s][info][gc,marking     ] GC(6) Concurrent Mark 6.387ms
[2026-04-03T01:04:38.083+0600][3.855s][info][gc,marking     ] GC(6) Concurrent Rebuild Remembered Sets and Scrub Regions
[2026-04-03T01:04:38.085+0600][3.857s][info][gc,marking     ] GC(6) Concurrent Rebuild Remembered Sets and Scrub Regions 2.187ms
[2026-04-03T01:04:38.085+0600][3.857s][info][gc,start       ] GC(6) Pause Cleanup
[2026-04-03T01:04:38.086+0600][3.857s][info][gc             ] GC(6) Pause Cleanup 15M->15M(40M) 0.242ms
[2026-04-03T01:04:38.086+0600][3.857s][info][gc,cpu         ] GC(6) User=0.00s Sys=0.00s Real=0.00s
[2026-04-03T01:04:38.086+0600][3.858s][info][gc,marking     ] GC(6) Concurrent Clear Claimed Marks
[2026-04-03T01:04:38.086+0600][3.858s][info][gc,marking     ] GC(6) Concurrent Clear Claimed Marks 0.044ms
[2026-04-03T01:04:38.086+0600][3.858s][info][gc,marking     ] GC(6) Concurrent Cleanup for Next Mark
[2026-04-03T01:04:38.086+0600][3.858s][info][gc,marking     ] GC(6) Concurrent Cleanup for Next Mark 0.306ms
[2026-04-03T01:04:38.086+0600][3.858s][info][gc             ] GC(6) Concurrent Mark Cycle 9.858ms
[2026-04-03T01:04:38.336+0600][4.108s][info][gc,start       ] GC(7) Pause Young (Prepare Mixed) (G1 Evacuation Pause)
[2026-04-03T01:04:38.337+0600][4.109s][info][gc,task        ] GC(7) Using 10 workers of 10 for evacuation
[2026-04-03T01:04:38.340+0600][4.112s][info][gc,phases      ] GC(7)   Pre Evacuate Collection Set: 0.15ms
[2026-04-03T01:04:38.340+0600][4.112s][info][gc,phases      ] GC(7)   Merge Heap Roots: 0.08ms
[2026-04-03T01:04:38.340+0600][4.112s][info][gc,phases      ] GC(7)   Evacuate Collection Set: 2.13ms
[2026-04-03T01:04:38.340+0600][4.112s][info][gc,phases      ] GC(7)   Post Evacuate Collection Set: 0.38ms
[2026-04-03T01:04:38.340+0600][4.112s][info][gc,phases      ] GC(7)   Other: 1.01ms
[2026-04-03T01:04:38.340+0600][4.112s][info][gc,heap        ] GC(7) Eden regions: 6->0(7)
[2026-04-03T01:04:38.340+0600][4.112s][info][gc,heap        ] GC(7) Survivor regions: 1->1(1)
[2026-04-03T01:04:38.340+0600][4.112s][info][gc,heap        ] GC(7) Old regions: 5->5
[2026-04-03T01:04:38.340+0600][4.112s][info][gc,heap        ] GC(7) Humongous regions: 6->6
[2026-04-03T01:04:38.340+0600][4.112s][info][gc,metaspace   ] GC(7) Metaspace: 6742K(7104K)->6742K(7104K) NonClass: 5992K(6208K)->5992K(6208K) Class: 749K(896K)->749K(896K)
[2026-04-03T01:04:38.341+0600][4.112s][info][gc             ] GC(7) Pause Young (Prepare Mixed) (G1 Evacuation Pause) 27M->16M(40M) 4.033ms
[2026-04-03T01:04:38.341+0600][4.112s][info][gc,cpu         ] GC(7) User=0.01s Sys=0.01s Real=0.01s
[2026-04-03T01:04:38.644+0600][4.416s][info][gc,start       ] GC(8) Pause Young (Mixed) (G1 Evacuation Pause)
[2026-04-03T01:04:38.644+0600][4.416s][info][gc,task        ] GC(8) Using 10 workers of 10 for evacuation
[2026-04-03T01:04:38.650+0600][4.422s][info][gc,phases      ] GC(8)   Pre Evacuate Collection Set: 0.32ms
[2026-04-03T01:04:38.650+0600][4.422s][info][gc,phases      ] GC(8)   Merge Heap Roots: 0.20ms
[2026-04-03T01:04:38.650+0600][4.422s][info][gc,phases      ] GC(8)   Evacuate Collection Set: 3.79ms
[2026-04-03T01:04:38.650+0600][4.422s][info][gc,phases      ] GC(8)   Post Evacuate Collection Set: 1.14ms
[2026-04-03T01:04:38.650+0600][4.422s][info][gc,phases      ] GC(8)   Other: 0.13ms
[2026-04-03T01:04:38.650+0600][4.422s][info][gc,heap        ] GC(8) Eden regions: 7->0(42)
[2026-04-03T01:04:38.650+0600][4.422s][info][gc,heap        ] GC(8) Survivor regions: 1->1(1)
[2026-04-03T01:04:38.650+0600][4.422s][info][gc,heap        ] GC(8) Old regions: 5->4
[2026-04-03T01:04:38.650+0600][4.422s][info][gc,heap        ] GC(8) Humongous regions: 6->6
[2026-04-03T01:04:38.650+0600][4.422s][info][gc,metaspace   ] GC(8) Metaspace: 8632K(9344K)->8632K(9344K) NonClass: 7592K(8000K)->7592K(8000K) Class: 1039K(1344K)->1039K(1344K)
[2026-04-03T01:04:38.650+0600][4.422s][info][gc             ] GC(8) Pause Young (Mixed) (G1 Evacuation Pause) 30M->17M(144M) 5.990ms
[2026-04-03T01:04:38.650+0600][4.422s][info][gc,cpu         ] GC(8) User=0.02s Sys=0.01s Real=0.01s
[2026-04-03T01:04:39.104+0600][4.876s][info][gc,start       ] GC(9) Pause Young (Mixed) (G1 Evacuation Pause)
[2026-04-03T01:04:39.104+0600][4.876s][info][gc,task        ] GC(9) Using 10 workers of 10 for evacuation
[2026-04-03T01:04:39.109+0600][4.880s][info][gc,phases      ] GC(9)   Pre Evacuate Collection Set: 0.36ms
[2026-04-03T01:04:39.109+0600][4.880s][info][gc,phases      ] GC(9)   Merge Heap Roots: 0.23ms
[2026-04-03T01:04:39.109+0600][4.880s][info][gc,phases      ] GC(9)   Evacuate Collection Set: 2.88ms
[2026-04-03T01:04:39.109+0600][4.880s][info][gc,phases      ] GC(9)   Post Evacuate Collection Set: 0.75ms
[2026-04-03T01:04:39.109+0600][4.881s][info][gc,phases      ] GC(9)   Other: 0.13ms
[2026-04-03T01:04:39.109+0600][4.881s][info][gc,heap        ] GC(9) Eden regions: 42->0(42)
[2026-04-03T01:04:39.109+0600][4.881s][info][gc,heap        ] GC(9) Survivor regions: 1->1(6)
[2026-04-03T01:04:39.109+0600][4.881s][info][gc,heap        ] GC(9) Old regions: 4->3
[2026-04-03T01:04:39.109+0600][4.881s][info][gc,heap        ] GC(9) Humongous regions: 6->6
[2026-04-03T01:04:39.109+0600][4.881s][info][gc,metaspace   ] GC(9) Metaspace: 8937K(9600K)->8937K(9600K) NonClass: 7896K(8256K)->7896K(8256K) Class: 1040K(1344K)->1040K(1344K)
[2026-04-03T01:04:39.109+0600][4.881s][info][gc             ] GC(9) Pause Young (Mixed) (G1 Evacuation Pause) 101M->17M(144M) 4.783ms
[2026-04-03T01:04:39.109+0600][4.881s][info][gc,cpu         ] GC(9) User=0.02s Sys=0.01s Real=0.00s
[2026-04-03T01:04:39.354+0600][5.126s][info][gc,start       ] GC(10) Pause Young (Normal) (G1 Evacuation Pause)
[2026-04-03T01:04:39.354+0600][5.126s][info][gc,task        ] GC(10) Using 10 workers of 10 for evacuation
[2026-04-03T01:04:39.358+0600][5.130s][info][gc,phases      ] GC(10)   Pre Evacuate Collection Set: 0.39ms
[2026-04-03T01:04:39.358+0600][5.130s][info][gc,phases      ] GC(10)   Merge Heap Roots: 0.14ms
[2026-04-03T01:04:39.358+0600][5.130s][info][gc,phases      ] GC(10)   Evacuate Collection Set: 1.98ms
[2026-04-03T01:04:39.358+0600][5.130s][info][gc,phases      ] GC(10)   Post Evacuate Collection Set: 0.87ms
[2026-04-03T01:04:39.358+0600][5.130s][info][gc,phases      ] GC(10)   Other: 0.11ms
[2026-04-03T01:04:39.358+0600][5.130s][info][gc,heap        ] GC(10) Eden regions: 42->0(42)
[2026-04-03T01:04:39.358+0600][5.130s][info][gc,heap        ] GC(10) Survivor regions: 1->1(6)
[2026-04-03T01:04:39.358+0600][5.130s][info][gc,heap        ] GC(10) Old regions: 3->3
[2026-04-03T01:04:39.358+0600][5.130s][info][gc,heap        ] GC(10) Humongous regions: 6->6
[2026-04-03T01:04:39.358+0600][5.130s][info][gc,metaspace   ] GC(10) Metaspace: 8992K(9664K)->8992K(9664K) NonClass: 7951K(8320K)->7951K(8320K) Class: 1041K(1344K)->1041K(1344K)
[2026-04-03T01:04:39.358+0600][5.130s][info][gc             ] GC(10) Pause Young (Normal) (G1 Evacuation Pause) 101M->17M(144M) 3.855ms
[2026-04-03T01:04:39.358+0600][5.130s][info][gc,cpu         ] GC(10) User=0.02s Sys=0.01s Real=0.00s
[2026-04-03T01:04:39.567+0600][5.339s][info][gc,start       ] GC(11) Pause Young (Normal) (G1 Evacuation Pause)
[2026-04-03T01:04:39.567+0600][5.339s][info][gc,task        ] GC(11) Using 10 workers of 10 for evacuation
[2026-04-03T01:04:39.577+0600][5.348s][info][gc,phases      ] GC(11)   Pre Evacuate Collection Set: 3.70ms
[2026-04-03T01:04:39.577+0600][5.349s][info][gc,phases      ] GC(11)   Merge Heap Roots: 0.35ms
[2026-04-03T01:04:39.577+0600][5.349s][info][gc,phases      ] GC(11)   Evacuate Collection Set: 4.37ms
[2026-04-03T01:04:39.577+0600][5.349s][info][gc,phases      ] GC(11)   Post Evacuate Collection Set: 1.18ms
[2026-04-03T01:04:39.577+0600][5.349s][info][gc,phases      ] GC(11)   Other: 0.16ms
[2026-04-03T01:04:39.577+0600][5.349s][info][gc,heap        ] GC(11) Eden regions: 42->0(42)
[2026-04-03T01:04:39.577+0600][5.349s][info][gc,heap        ] GC(11) Survivor regions: 1->1(6)
[2026-04-03T01:04:39.577+0600][5.349s][info][gc,heap        ] GC(11) Old regions: 3->3
[2026-04-03T01:04:39.577+0600][5.349s][info][gc,heap        ] GC(11) Humongous regions: 6->6
[2026-04-03T01:04:39.577+0600][5.349s][info][gc,metaspace   ] GC(11) Metaspace: 9024K(9728K)->9024K(9728K) NonClass: 7982K(8384K)->7982K(8384K) Class: 1041K(1344K)->1041K(1344K)
[2026-04-03T01:04:39.577+0600][5.349s][info][gc             ] GC(11) Pause Young (Normal) (G1 Evacuation Pause) 101M->17M(144M) 10.199ms
[2026-04-03T01:04:39.577+0600][5.349s][info][gc,cpu         ] GC(11) User=0.03s Sys=0.00s Real=0.01s
[2026-04-03T01:04:39.847+0600][5.619s][info][gc,start       ] GC(12) Pause Young (Normal) (G1 Evacuation Pause)
[2026-04-03T01:04:39.847+0600][5.619s][info][gc,task        ] GC(12) Using 10 workers of 10 for evacuation
[2026-04-03T01:04:39.855+0600][5.627s][info][gc,phases      ] GC(12)   Pre Evacuate Collection Set: 0.43ms
[2026-04-03T01:04:39.855+0600][5.627s][info][gc,phases      ] GC(12)   Merge Heap Roots: 0.20ms
[2026-04-03T01:04:39.855+0600][5.627s][info][gc,phases      ] GC(12)   Evacuate Collection Set: 6.03ms
[2026-04-03T01:04:39.855+0600][5.627s][info][gc,phases      ] GC(12)   Post Evacuate Collection Set: 1.40ms
[2026-04-03T01:04:39.855+0600][5.627s][info][gc,phases      ] GC(12)   Other: 0.17ms
[2026-04-03T01:04:39.855+0600][5.627s][info][gc,heap        ] GC(12) Eden regions: 42->0(42)
[2026-04-03T01:04:39.855+0600][5.627s][info][gc,heap        ] GC(12) Survivor regions: 1->1(6)
[2026-04-03T01:04:39.855+0600][5.627s][info][gc,heap        ] GC(12) Old regions: 3->3
[2026-04-03T01:04:39.855+0600][5.627s][info][gc,heap        ] GC(12) Humongous regions: 6->6
[2026-04-03T01:04:39.855+0600][5.627s][info][gc,metaspace   ] GC(12) Metaspace: 9037K(9728K)->9037K(9728K) NonClass: 7996K(8384K)->7996K(8384K) Class: 1041K(1344K)->1041K(1344K)
[2026-04-03T01:04:39.856+0600][5.627s][info][gc             ] GC(12) Pause Young (Normal) (G1 Evacuation Pause) 101M->17M(144M) 8.671ms
[2026-04-03T01:04:39.856+0600][5.627s][info][gc,cpu         ] GC(12) User=0.02s Sys=0.00s Real=0.01s
[2026-04-03T01:04:40.082+0600][5.854s][info][gc,start       ] GC(13) Pause Young (Normal) (G1 Evacuation Pause)
[2026-04-03T01:04:40.082+0600][5.854s][info][gc,task        ] GC(13) Using 10 workers of 10 for evacuation
[2026-04-03T01:04:40.088+0600][5.860s][info][gc,phases      ] GC(13)   Pre Evacuate Collection Set: 0.35ms
[2026-04-03T01:04:40.088+0600][5.860s][info][gc,phases      ] GC(13)   Merge Heap Roots: 0.20ms
[2026-04-03T01:04:40.088+0600][5.860s][info][gc,phases      ] GC(13)   Evacuate Collection Set: 4.44ms
[2026-04-03T01:04:40.088+0600][5.860s][info][gc,phases      ] GC(13)   Post Evacuate Collection Set: 1.09ms
[2026-04-03T01:04:40.088+0600][5.860s][info][gc,phases      ] GC(13)   Other: 0.13ms
[2026-04-03T01:04:40.088+0600][5.860s][info][gc,heap        ] GC(13) Eden regions: 42->0(51)
[2026-04-03T01:04:40.088+0600][5.860s][info][gc,heap        ] GC(13) Survivor regions: 1->1(6)
[2026-04-03T01:04:40.088+0600][5.860s][info][gc,heap        ] GC(13) Old regions: 3->3
[2026-04-03T01:04:40.088+0600][5.860s][info][gc,heap        ] GC(13) Humongous regions: 6->6
[2026-04-03T01:04:40.088+0600][5.860s][info][gc,metaspace   ] GC(13) Metaspace: 9044K(9728K)->9044K(9728K) NonClass: 8003K(8384K)->8003K(8384K) Class: 1041K(1344K)->1041K(1344K)
[2026-04-03T01:04:40.088+0600][5.860s][info][gc             ] GC(13) Pause Young (Normal) (G1 Evacuation Pause) 101M->17M(176M) 6.571ms
[2026-04-03T01:04:40.088+0600][5.860s][info][gc,cpu         ] GC(13) User=0.02s Sys=0.00s Real=0.00s
[2026-04-03T01:04:40.332+0600][6.104s][info][gc,start       ] GC(14) Pause Young (Normal) (G1 Evacuation Pause)
[2026-04-03T01:04:40.332+0600][6.104s][info][gc,task        ] GC(14) Using 10 workers of 10 for evacuation
[2026-04-03T01:04:40.336+0600][6.107s][info][gc,phases      ] GC(14)   Pre Evacuate Collection Set: 0.34ms
[2026-04-03T01:04:40.336+0600][6.107s][info][gc,phases      ] GC(14)   Merge Heap Roots: 0.13ms
[2026-04-03T01:04:40.336+0600][6.107s][info][gc,phases      ] GC(14)   Evacuate Collection Set: 2.20ms
[2026-04-03T01:04:40.336+0600][6.107s][info][gc,phases      ] GC(14)   Post Evacuate Collection Set: 0.65ms
[2026-04-03T01:04:40.336+0600][6.108s][info][gc,phases      ] GC(14)   Other: 0.16ms
[2026-04-03T01:04:40.336+0600][6.108s][info][gc,heap        ] GC(14) Eden regions: 51->0(51)
[2026-04-03T01:04:40.336+0600][6.108s][info][gc,heap        ] GC(14) Survivor regions: 1->1(7)
[2026-04-03T01:04:40.336+0600][6.108s][info][gc,heap        ] GC(14) Old regions: 3->3
[2026-04-03T01:04:40.336+0600][6.108s][info][gc,heap        ] GC(14) Humongous regions: 6->6
[2026-04-03T01:04:40.336+0600][6.108s][info][gc,metaspace   ] GC(14) Metaspace: 9052K(9728K)->9052K(9728K) NonClass: 8010K(8384K)->8010K(8384K) Class: 1041K(1344K)->1041K(1344K)
[2026-04-03T01:04:40.336+0600][6.108s][info][gc             ] GC(14) Pause Young (Normal) (G1 Evacuation Pause) 119M->17M(176M) 3.934ms
[2026-04-03T01:04:40.336+0600][6.108s][info][gc,cpu         ] GC(14) User=0.01s Sys=0.00s Real=0.00s
[2026-04-03T01:04:40.556+0600][6.328s][info][gc,start       ] GC(15) Pause Young (Normal) (G1 Evacuation Pause)
[2026-04-03T01:04:40.556+0600][6.328s][info][gc,task        ] GC(15) Using 10 workers of 10 for evacuation
[2026-04-03T01:04:40.559+0600][6.330s][info][gc,phases      ] GC(15)   Pre Evacuate Collection Set: 0.21ms
[2026-04-03T01:04:40.559+0600][6.331s][info][gc,phases      ] GC(15)   Merge Heap Roots: 0.13ms
[2026-04-03T01:04:40.559+0600][6.331s][info][gc,phases      ] GC(15)   Evacuate Collection Set: 1.46ms
[2026-04-03T01:04:40.559+0600][6.331s][info][gc,phases      ] GC(15)   Post Evacuate Collection Set: 0.61ms
[2026-04-03T01:04:40.559+0600][6.331s][info][gc,phases      ] GC(15)   Other: 0.12ms
[2026-04-03T01:04:40.559+0600][6.331s][info][gc,heap        ] GC(15) Eden regions: 51->0(51)
[2026-04-03T01:04:40.559+0600][6.331s][info][gc,heap        ] GC(15) Survivor regions: 1->1(7)
[2026-04-03T01:04:40.559+0600][6.331s][info][gc,heap        ] GC(15) Old regions: 3->3
[2026-04-03T01:04:40.559+0600][6.331s][info][gc,heap        ] GC(15) Humongous regions: 6->6
[2026-04-03T01:04:40.559+0600][6.331s][info][gc,metaspace   ] GC(15) Metaspace: 9066K(9728K)->9066K(9728K) NonClass: 8024K(8384K)->8024K(8384K) Class: 1041K(1344K)->1041K(1344K)
[2026-04-03T01:04:40.559+0600][6.331s][info][gc             ] GC(15) Pause Young (Normal) (G1 Evacuation Pause) 119M->17M(176M) 2.906ms
[2026-04-03T01:04:40.559+0600][6.331s][info][gc,cpu         ] GC(15) User=0.02s Sys=0.01s Real=0.00s
[2026-04-03T01:04:40.762+0600][6.534s][info][gc,start       ] GC(16) Pause Young (Normal) (G1 Evacuation Pause)
[2026-04-03T01:04:40.763+0600][6.534s][info][gc,task        ] GC(16) Using 10 workers of 10 for evacuation
[2026-04-03T01:04:40.769+0600][6.541s][info][gc,phases      ] GC(16)   Pre Evacuate Collection Set: 0.32ms
[2026-04-03T01:04:40.769+0600][6.541s][info][gc,phases      ] GC(16)   Merge Heap Roots: 0.11ms
[2026-04-03T01:04:40.769+0600][6.541s][info][gc,phases      ] GC(16)   Evacuate Collection Set: 5.45ms
[2026-04-03T01:04:40.769+0600][6.541s][info][gc,phases      ] GC(16)   Post Evacuate Collection Set: 0.75ms
[2026-04-03T01:04:40.769+0600][6.541s][info][gc,phases      ] GC(16)   Other: 0.10ms
[2026-04-03T01:04:40.769+0600][6.541s][info][gc,heap        ] GC(16) Eden regions: 51->0(50)
[2026-04-03T01:04:40.769+0600][6.541s][info][gc,heap        ] GC(16) Survivor regions: 1->2(7)
[2026-04-03T01:04:40.769+0600][6.541s][info][gc,heap        ] GC(16) Old regions: 3->3
[2026-04-03T01:04:40.769+0600][6.541s][info][gc,heap        ] GC(16) Humongous regions: 6->6
[2026-04-03T01:04:40.769+0600][6.541s][info][gc,metaspace   ] GC(16) Metaspace: 9068K(9728K)->9068K(9728K) NonClass: 8026K(8384K)->8026K(8384K) Class: 1041K(1344K)->1041K(1344K)
[2026-04-03T01:04:40.769+0600][6.541s][info][gc             ] GC(16) Pause Young (Normal) (G1 Evacuation Pause) 119M->17M(176M) 7.008ms
[2026-04-03T01:04:40.769+0600][6.541s][info][gc,cpu         ] GC(16) User=0.03s Sys=0.00s Real=0.00s
[2026-04-03T01:04:41.013+0600][6.784s][info][gc,start       ] GC(17) Pause Young (Normal) (G1 Evacuation Pause)
[2026-04-03T01:04:41.013+0600][6.784s][info][gc,task        ] GC(17) Using 10 workers of 10 for evacuation
[2026-04-03T01:04:41.016+0600][6.787s][info][gc,phases      ] GC(17)   Pre Evacuate Collection Set: 0.27ms
[2026-04-03T01:04:41.016+0600][6.787s][info][gc,phases      ] GC(17)   Merge Heap Roots: 0.14ms
[2026-04-03T01:04:41.016+0600][6.787s][info][gc,phases      ] GC(17)   Evacuate Collection Set: 1.74ms
[2026-04-03T01:04:41.016+0600][6.787s][info][gc,phases      ] GC(17)   Post Evacuate Collection Set: 0.70ms
[2026-04-03T01:04:41.016+0600][6.787s][info][gc,phases      ] GC(17)   Other: 0.13ms
[2026-04-03T01:04:41.016+0600][6.788s][info][gc,heap        ] GC(17) Eden regions: 50->0(62)
[2026-04-03T01:04:41.016+0600][6.788s][info][gc,heap        ] GC(17) Survivor regions: 2->1(7)
[2026-04-03T01:04:41.016+0600][6.788s][info][gc,heap        ] GC(17) Old regions: 3->3
[2026-04-03T01:04:41.016+0600][6.788s][info][gc,heap        ] GC(17) Humongous regions: 6->6
[2026-04-03T01:04:41.016+0600][6.788s][info][gc,metaspace   ] GC(17) Metaspace: 9070K(9728K)->9070K(9728K) NonClass: 8029K(8384K)->8029K(8384K) Class: 1041K(1344K)->1041K(1344K)
[2026-04-03T01:04:41.016+0600][6.788s][info][gc             ] GC(17) Pause Young (Normal) (G1 Evacuation Pause) 117M->17M(212M) 3.298ms
[2026-04-03T01:04:41.016+0600][6.788s][info][gc,cpu         ] GC(17) User=0.02s Sys=0.00s Real=0.00s
[2026-04-03T01:04:41.261+0600][7.033s][info][gc,start       ] GC(18) Pause Young (Normal) (G1 Evacuation Pause)
[2026-04-03T01:04:41.261+0600][7.033s][info][gc,task        ] GC(18) Using 10 workers of 10 for evacuation
[2026-04-03T01:04:41.264+0600][7.035s][info][gc,phases      ] GC(18)   Pre Evacuate Collection Set: 0.18ms
[2026-04-03T01:04:41.264+0600][7.035s][info][gc,phases      ] GC(18)   Merge Heap Roots: 0.10ms
[2026-04-03T01:04:41.264+0600][7.035s][info][gc,phases      ] GC(18)   Evacuate Collection Set: 1.35ms
[2026-04-03T01:04:41.264+0600][7.035s][info][gc,phases      ] GC(18)   Post Evacuate Collection Set: 0.51ms
[2026-04-03T01:04:41.264+0600][7.035s][info][gc,phases      ] GC(18)   Other: 0.12ms
[2026-04-03T01:04:41.264+0600][7.035s][info][gc,heap        ] GC(18) Eden regions: 62->0(61)
[2026-04-03T01:04:41.264+0600][7.035s][info][gc,heap        ] GC(18) Survivor regions: 1->2(8)
[2026-04-03T01:04:41.264+0600][7.035s][info][gc,heap        ] GC(18) Old regions: 3->3
[2026-04-03T01:04:41.264+0600][7.035s][info][gc,heap        ] GC(18) Humongous regions: 6->6
[2026-04-03T01:04:41.264+0600][7.036s][info][gc,metaspace   ] GC(18) Metaspace: 9074K(9728K)->9074K(9728K) NonClass: 8032K(8384K)->8032K(8384K) Class: 1041K(1344K)->1041K(1344K)
[2026-04-03T01:04:41.264+0600][7.036s][info][gc             ] GC(18) Pause Young (Normal) (G1 Evacuation Pause) 141M->17M(212M) 2.512ms
[2026-04-03T01:04:41.264+0600][7.036s][info][gc,cpu         ] GC(18) User=0.02s Sys=0.01s Real=0.00s
[2026-04-03T01:04:41.521+0600][7.293s][info][gc,start       ] GC(19) Pause Young (Normal) (G1 Evacuation Pause)
[2026-04-03T01:04:41.521+0600][7.293s][info][gc,task        ] GC(19) Using 10 workers of 10 for evacuation
[2026-04-03T01:04:41.527+0600][7.299s][info][gc,phases      ] GC(19)   Pre Evacuate Collection Set: 0.27ms
[2026-04-03T01:04:41.527+0600][7.299s][info][gc,phases      ] GC(19)   Merge Heap Roots: 0.14ms
[2026-04-03T01:04:41.527+0600][7.299s][info][gc,phases      ] GC(19)   Evacuate Collection Set: 4.89ms
[2026-04-03T01:04:41.527+0600][7.299s][info][gc,phases      ] GC(19)   Post Evacuate Collection Set: 0.74ms
[2026-04-03T01:04:41.527+0600][7.299s][info][gc,phases      ] GC(19)   Other: 0.11ms
[2026-04-03T01:04:41.527+0600][7.299s][info][gc,heap        ] GC(19) Eden regions: 61->0(62)
[2026-04-03T01:04:41.527+0600][7.299s][info][gc,heap        ] GC(19) Survivor regions: 2->1(8)
[2026-04-03T01:04:41.527+0600][7.299s][info][gc,heap        ] GC(19) Old regions: 3->3
[2026-04-03T01:04:41.527+0600][7.299s][info][gc,heap        ] GC(19) Humongous regions: 6->6
[2026-04-03T01:04:41.527+0600][7.299s][info][gc,metaspace   ] GC(19) Metaspace: 9075K(9728K)->9075K(9728K) NonClass: 8033K(8384K)->8033K(8384K) Class: 1041K(1344K)->1041K(1344K)
[2026-04-03T01:04:41.527+0600][7.299s][info][gc             ] GC(19) Pause Young (Normal) (G1 Evacuation Pause) 139M->17M(212M) 6.485ms
[2026-04-03T01:04:41.527+0600][7.299s][info][gc,cpu         ] GC(19) User=0.03s Sys=0.00s Real=0.00s
[2026-04-03T01:04:41.786+0600][7.558s][info][gc,start       ] GC(20) Pause Young (Normal) (G1 Evacuation Pause)
[2026-04-03T01:04:41.786+0600][7.558s][info][gc,task        ] GC(20) Using 10 workers of 10 for evacuation
[2026-04-03T01:04:41.789+0600][7.561s][info][gc,phases      ] GC(20)   Pre Evacuate Collection Set: 0.24ms
[2026-04-03T01:04:41.789+0600][7.561s][info][gc,phases      ] GC(20)   Merge Heap Roots: 0.14ms
[2026-04-03T01:04:41.789+0600][7.561s][info][gc,phases      ] GC(20)   Evacuate Collection Set: 2.07ms
[2026-04-03T01:04:41.789+0600][7.561s][info][gc,phases      ] GC(20)   Post Evacuate Collection Set: 0.65ms
[2026-04-03T01:04:41.789+0600][7.561s][info][gc,phases      ] GC(20)   Other: 0.11ms
[2026-04-03T01:04:41.789+0600][7.561s][info][gc,heap        ] GC(20) Eden regions: 62->0(61)
[2026-04-03T01:04:41.789+0600][7.561s][info][gc,heap        ] GC(20) Survivor regions: 1->2(8)
[2026-04-03T01:04:41.789+0600][7.561s][info][gc,heap        ] GC(20) Old regions: 3->3
[2026-04-03T01:04:41.789+0600][7.561s][info][gc,heap        ] GC(20) Humongous regions: 6->6
[2026-04-03T01:04:41.790+0600][7.561s][info][gc,metaspace   ] GC(20) Metaspace: 9091K(9728K)->9091K(9728K) NonClass: 8048K(8384K)->8048K(8384K) Class: 1042K(1344K)->1042K(1344K)
[2026-04-03T01:04:41.790+0600][7.561s][info][gc             ] GC(20) Pause Young (Normal) (G1 Evacuation Pause) 141M->17M(212M) 3.514ms
[2026-04-03T01:04:41.790+0600][7.561s][info][gc,cpu         ] GC(20) User=0.02s Sys=0.00s Real=0.00s
[2026-04-03T01:04:41.979+0600][7.751s][info][gc,start       ] GC(21) Pause Young (Normal) (G1 Evacuation Pause)
[2026-04-03T01:04:41.979+0600][7.751s][info][gc,task        ] GC(21) Using 10 workers of 10 for evacuation
[2026-04-03T01:04:41.982+0600][7.754s][info][gc,phases      ] GC(21)   Pre Evacuate Collection Set: 0.28ms
[2026-04-03T01:04:41.982+0600][7.754s][info][gc,phases      ] GC(21)   Merge Heap Roots: 0.12ms
[2026-04-03T01:04:41.983+0600][7.754s][info][gc,phases      ] GC(21)   Evacuate Collection Set: 1.80ms
[2026-04-03T01:04:41.983+0600][7.754s][info][gc,phases      ] GC(21)   Post Evacuate Collection Set: 0.67ms
[2026-04-03T01:04:41.983+0600][7.754s][info][gc,phases      ] GC(21)   Other: 0.09ms
[2026-04-03T01:04:41.983+0600][7.754s][info][gc,heap        ] GC(21) Eden regions: 61->0(61)
[2026-04-03T01:04:41.983+0600][7.754s][info][gc,heap        ] GC(21) Survivor regions: 2->2(8)
[2026-04-03T01:04:41.983+0600][7.754s][info][gc,heap        ] GC(21) Old regions: 3->3
[2026-04-03T01:04:41.983+0600][7.754s][info][gc,heap        ] GC(21) Humongous regions: 6->6
[2026-04-03T01:04:41.983+0600][7.754s][info][gc,metaspace   ] GC(21) Metaspace: 9113K(9792K)->9113K(9792K) NonClass: 8070K(8448K)->8070K(8448K) Class: 1042K(1344K)->1042K(1344K)
[2026-04-03T01:04:41.983+0600][7.754s][info][gc             ] GC(21) Pause Young (Normal) (G1 Evacuation Pause) 139M->17M(212M) 3.248ms
[2026-04-03T01:04:41.983+0600][7.754s][info][gc,cpu         ] GC(21) User=0.02s Sys=0.01s Real=0.01s
[2026-04-03T01:04:42.157+0600][7.928s][info][gc,start       ] GC(22) Pause Young (Normal) (G1 Evacuation Pause)
[2026-04-03T01:04:42.157+0600][7.928s][info][gc,task        ] GC(22) Using 10 workers of 10 for evacuation
[2026-04-03T01:04:42.160+0600][7.932s][info][gc,phases      ] GC(22)   Pre Evacuate Collection Set: 0.38ms
[2026-04-03T01:04:42.160+0600][7.932s][info][gc,phases      ] GC(22)   Merge Heap Roots: 0.13ms
[2026-04-03T01:04:42.160+0600][7.932s][info][gc,phases      ] GC(22)   Evacuate Collection Set: 2.02ms
[2026-04-03T01:04:42.160+0600][7.932s][info][gc,phases      ] GC(22)   Post Evacuate Collection Set: 0.87ms
[2026-04-03T01:04:42.160+0600][7.932s][info][gc,phases      ] GC(22)   Other: 0.11ms
[2026-04-03T01:04:42.160+0600][7.932s][info][gc,heap        ] GC(22) Eden regions: 61->0(75)
[2026-04-03T01:04:42.160+0600][7.932s][info][gc,heap        ] GC(22) Survivor regions: 2->1(8)
[2026-04-03T01:04:42.160+0600][7.932s][info][gc,heap        ] GC(22) Old regions: 3->3
[2026-04-03T01:04:42.160+0600][7.932s][info][gc,heap        ] GC(22) Humongous regions: 6->6
[2026-04-03T01:04:42.160+0600][7.932s][info][gc,metaspace   ] GC(22) Metaspace: 9124K(9792K)->9124K(9792K) NonClass: 8080K(8448K)->8080K(8448K) Class: 1043K(1344K)->1043K(1344K)
[2026-04-03T01:04:42.160+0600][7.932s][info][gc             ] GC(22) Pause Young (Normal) (G1 Evacuation Pause) 139M->17M(256M) 3.897ms
[2026-04-03T01:04:42.161+0600][7.932s][info][gc,cpu         ] GC(22) User=0.03s Sys=0.00s Real=0.01s
[2026-04-03T01:04:42.398+0600][8.170s][info][gc,start       ] GC(23) Pause Young (Normal) (G1 Evacuation Pause)
[2026-04-03T01:04:42.398+0600][8.170s][info][gc,task        ] GC(23) Using 10 workers of 10 for evacuation
[2026-04-03T01:04:42.402+0600][8.174s][info][gc,phases      ] GC(23)   Pre Evacuate Collection Set: 0.29ms
[2026-04-03T01:04:42.402+0600][8.174s][info][gc,phases      ] GC(23)   Merge Heap Roots: 0.22ms
[2026-04-03T01:04:42.402+0600][8.174s][info][gc,phases      ] GC(23)   Evacuate Collection Set: 2.72ms
[2026-04-03T01:04:42.402+0600][8.174s][info][gc,phases      ] GC(23)   Post Evacuate Collection Set: 0.66ms
[2026-04-03T01:04:42.402+0600][8.174s][info][gc,phases      ] GC(23)   Other: 0.14ms
[2026-04-03T01:04:42.402+0600][8.174s][info][gc,heap        ] GC(23) Eden regions: 75->0(75)
[2026-04-03T01:04:42.402+0600][8.174s][info][gc,heap        ] GC(23) Survivor regions: 1->1(10)
[2026-04-03T01:04:42.402+0600][8.174s][info][gc,heap        ] GC(23) Old regions: 3->3
[2026-04-03T01:04:42.402+0600][8.174s][info][gc,heap        ] GC(23) Humongous regions: 6->6
[2026-04-03T01:04:42.402+0600][8.174s][info][gc,metaspace   ] GC(23) Metaspace: 9127K(9792K)->9127K(9792K) NonClass: 8083K(8448K)->8083K(8448K) Class: 1043K(1344K)->1043K(1344K)
[2026-04-03T01:04:42.403+0600][8.174s][info][gc             ] GC(23) Pause Young (Normal) (G1 Evacuation Pause) 167M->17M(256M) 4.403ms
[2026-04-03T01:04:42.403+0600][8.174s][info][gc,cpu         ] GC(23) User=0.02s Sys=0.00s Real=0.01s
[2026-04-03T01:04:42.597+0600][8.369s][info][gc,start       ] GC(24) Pause Young (Normal) (G1 Evacuation Pause)
[2026-04-03T01:04:42.597+0600][8.369s][info][gc,task        ] GC(24) Using 10 workers of 10 for evacuation
[2026-04-03T01:04:42.604+0600][8.375s][info][gc,phases      ] GC(24)   Pre Evacuate Collection Set: 0.38ms
[2026-04-03T01:04:42.604+0600][8.375s][info][gc,phases      ] GC(24)   Merge Heap Roots: 0.15ms
[2026-04-03T01:04:42.604+0600][8.375s][info][gc,phases      ] GC(24)   Evacuate Collection Set: 5.44ms
[2026-04-03T01:04:42.604+0600][8.375s][info][gc,phases      ] GC(24)   Post Evacuate Collection Set: 0.51ms
[2026-04-03T01:04:42.604+0600][8.375s][info][gc,phases      ] GC(24)   Other: 0.11ms
[2026-04-03T01:04:42.604+0600][8.375s][info][gc,heap        ] GC(24) Eden regions: 75->0(75)
[2026-04-03T01:04:42.604+0600][8.375s][info][gc,heap        ] GC(24) Survivor regions: 1->1(10)
[2026-04-03T01:04:42.604+0600][8.375s][info][gc,heap        ] GC(24) Old regions: 3->3
[2026-04-03T01:04:42.604+0600][8.375s][info][gc,heap        ] GC(24) Humongous regions: 6->6
[2026-04-03T01:04:42.604+0600][8.375s][info][gc,metaspace   ] GC(24) Metaspace: 9127K(9792K)->9127K(9792K) NonClass: 8083K(8448K)->8083K(8448K) Class: 1043K(1344K)->1043K(1344K)
[2026-04-03T01:04:42.604+0600][8.376s][info][gc             ] GC(24) Pause Young (Normal) (G1 Evacuation Pause) 167M->17M(256M) 6.916ms
[2026-04-03T01:04:42.604+0600][8.376s][info][gc,cpu         ] GC(24) User=0.02s Sys=0.01s Real=0.01s
[2026-04-03T01:04:42.758+0600][8.530s][info][gc,start       ] GC(25) Pause Young (Normal) (G1 Evacuation Pause)
[2026-04-03T01:04:42.758+0600][8.530s][info][gc,task        ] GC(25) Using 10 workers of 10 for evacuation
[2026-04-03T01:04:42.760+0600][8.532s][info][gc,phases      ] GC(25)   Pre Evacuate Collection Set: 0.26ms
[2026-04-03T01:04:42.760+0600][8.532s][info][gc,phases      ] GC(25)   Merge Heap Roots: 0.20ms
[2026-04-03T01:04:42.760+0600][8.532s][info][gc,phases      ] GC(25)   Evacuate Collection Set: 0.73ms
[2026-04-03T01:04:42.760+0600][8.532s][info][gc,phases      ] GC(25)   Post Evacuate Collection Set: 0.58ms
[2026-04-03T01:04:42.760+0600][8.532s][info][gc,phases      ] GC(25)   Other: 0.12ms
[2026-04-03T01:04:42.760+0600][8.532s][info][gc,heap        ] GC(25) Eden regions: 75->0(75)
[2026-04-03T01:04:42.760+0600][8.532s][info][gc,heap        ] GC(25) Survivor regions: 1->1(10)
[2026-04-03T01:04:42.760+0600][8.532s][info][gc,heap        ] GC(25) Old regions: 3->4
[2026-04-03T01:04:42.760+0600][8.532s][info][gc,heap        ] GC(25) Humongous regions: 6->6
[2026-04-03T01:04:42.760+0600][8.532s][info][gc,metaspace   ] GC(25) Metaspace: 9129K(9792K)->9129K(9792K) NonClass: 8085K(8448K)->8085K(8448K) Class: 1043K(1344K)->1043K(1344K)
[2026-04-03T01:04:42.760+0600][8.532s][info][gc             ] GC(25) Pause Young (Normal) (G1 Evacuation Pause) 167M->17M(256M) 2.226ms
[2026-04-03T01:04:42.760+0600][8.532s][info][gc,cpu         ] GC(25) User=0.01s Sys=0.00s Real=0.01s
[2026-04-03T01:04:42.908+0600][8.680s][info][gc,start       ] GC(26) Pause Young (Normal) (G1 Evacuation Pause)
[2026-04-03T01:04:42.908+0600][8.680s][info][gc,task        ] GC(26) Using 10 workers of 10 for evacuation
[2026-04-03T01:04:42.910+0600][8.682s][info][gc,phases      ] GC(26)   Pre Evacuate Collection Set: 0.21ms
[2026-04-03T01:04:42.910+0600][8.682s][info][gc,phases      ] GC(26)   Merge Heap Roots: 0.15ms
[2026-04-03T01:04:42.910+0600][8.682s][info][gc,phases      ] GC(26)   Evacuate Collection Set: 0.64ms
[2026-04-03T01:04:42.910+0600][8.682s][info][gc,phases      ] GC(26)   Post Evacuate Collection Set: 1.06ms
[2026-04-03T01:04:42.910+0600][8.682s][info][gc,phases      ] GC(26)   Other: 0.10ms
[2026-04-03T01:04:42.910+0600][8.682s][info][gc,heap        ] GC(26) Eden regions: 75->0(91)
[2026-04-03T01:04:42.910+0600][8.682s][info][gc,heap        ] GC(26) Survivor regions: 1->1(10)
[2026-04-03T01:04:42.910+0600][8.682s][info][gc,heap        ] GC(26) Old regions: 4->4
[2026-04-03T01:04:42.910+0600][8.682s][info][gc,heap        ] GC(26) Humongous regions: 6->6
[2026-04-03T01:04:42.910+0600][8.682s][info][gc,metaspace   ] GC(26) Metaspace: 9129K(9792K)->9129K(9792K) NonClass: 8085K(8448K)->8085K(8448K) Class: 1043K(1344K)->1043K(1344K)
[2026-04-03T01:04:42.910+0600][8.682s][info][gc             ] GC(26) Pause Young (Normal) (G1 Evacuation Pause) 167M->17M(308M) 2.486ms
[2026-04-03T01:04:42.910+0600][8.682s][info][gc,cpu         ] GC(26) User=0.01s Sys=0.01s Real=0.01s
[2026-04-03T01:04:43.096+0600][8.867s][info][gc,start       ] GC(27) Pause Young (Normal) (G1 Evacuation Pause)
[2026-04-03T01:04:43.096+0600][8.867s][info][gc,task        ] GC(27) Using 10 workers of 10 for evacuation
[2026-04-03T01:04:43.098+0600][8.870s][info][gc,phases      ] GC(27)   Pre Evacuate Collection Set: 0.31ms
[2026-04-03T01:04:43.098+0600][8.870s][info][gc,phases      ] GC(27)   Merge Heap Roots: 0.18ms
[2026-04-03T01:04:43.098+0600][8.870s][info][gc,phases      ] GC(27)   Evacuate Collection Set: 1.36ms
[2026-04-03T01:04:43.098+0600][8.870s][info][gc,phases      ] GC(27)   Post Evacuate Collection Set: 0.52ms
[2026-04-03T01:04:43.098+0600][8.870s][info][gc,phases      ] GC(27)   Other: 0.29ms
[2026-04-03T01:04:43.098+0600][8.870s][info][gc,heap        ] GC(27) Eden regions: 91->0(91)
[2026-04-03T01:04:43.098+0600][8.870s][info][gc,heap        ] GC(27) Survivor regions: 1->1(12)
[2026-04-03T01:04:43.099+0600][8.870s][info][gc,heap        ] GC(27) Old regions: 4->4
[2026-04-03T01:04:43.099+0600][8.870s][info][gc,heap        ] GC(27) Humongous regions: 6->6
[2026-04-03T01:04:43.099+0600][8.870s][info][gc,metaspace   ] GC(27) Metaspace: 9130K(9792K)->9130K(9792K) NonClass: 8086K(8448K)->8086K(8448K) Class: 1043K(1344K)->1043K(1344K)
[2026-04-03T01:04:43.099+0600][8.870s][info][gc             ] GC(27) Pause Young (Normal) (G1 Evacuation Pause) 199M->17M(308M) 3.016ms
[2026-04-03T01:04:43.099+0600][8.870s][info][gc,cpu         ] GC(27) User=0.02s Sys=0.00s Real=0.00s
[2026-04-03T01:04:43.273+0600][9.044s][info][gc,start       ] GC(28) Pause Young (Normal) (G1 Evacuation Pause)
[2026-04-03T01:04:43.273+0600][9.045s][info][gc,task        ] GC(28) Using 10 workers of 10 for evacuation
[2026-04-03T01:04:43.275+0600][9.047s][info][gc,phases      ] GC(28)   Pre Evacuate Collection Set: 0.31ms
[2026-04-03T01:04:43.275+0600][9.047s][info][gc,phases      ] GC(28)   Merge Heap Roots: 0.18ms
[2026-04-03T01:04:43.275+0600][9.047s][info][gc,phases      ] GC(28)   Evacuate Collection Set: 0.83ms
[2026-04-03T01:04:43.275+0600][9.047s][info][gc,phases      ] GC(28)   Post Evacuate Collection Set: 0.68ms
[2026-04-03T01:04:43.275+0600][9.047s][info][gc,phases      ] GC(28)   Other: 0.12ms
[2026-04-03T01:04:43.275+0600][9.047s][info][gc,heap        ] GC(28) Eden regions: 91->0(91)
[2026-04-03T01:04:43.275+0600][9.047s][info][gc,heap        ] GC(28) Survivor regions: 1->1(12)
[2026-04-03T01:04:43.275+0600][9.047s][info][gc,heap        ] GC(28) Old regions: 4->4
[2026-04-03T01:04:43.275+0600][9.047s][info][gc,heap        ] GC(28) Humongous regions: 6->6
[2026-04-03T01:04:43.275+0600][9.047s][info][gc,metaspace   ] GC(28) Metaspace: 9130K(9792K)->9130K(9792K) NonClass: 8086K(8448K)->8086K(8448K) Class: 1043K(1344K)->1043K(1344K)
[2026-04-03T01:04:43.275+0600][9.047s][info][gc             ] GC(28) Pause Young (Normal) (G1 Evacuation Pause) 199M->17M(308M) 2.494ms
[2026-04-03T01:04:43.275+0600][9.047s][info][gc,cpu         ] GC(28) User=0.01s Sys=0.00s Real=0.00s
[2026-04-03T01:04:43.425+0600][9.197s][info][gc,start       ] GC(29) Pause Young (Normal) (G1 Evacuation Pause)
[2026-04-03T01:04:43.426+0600][9.197s][info][gc,task        ] GC(29) Using 10 workers of 10 for evacuation
[2026-04-03T01:04:43.427+0600][9.199s][info][gc,phases      ] GC(29)   Pre Evacuate Collection Set: 0.29ms
[2026-04-03T01:04:43.427+0600][9.199s][info][gc,phases      ] GC(29)   Merge Heap Roots: 0.13ms
[2026-04-03T01:04:43.427+0600][9.199s][info][gc,phases      ] GC(29)   Evacuate Collection Set: 0.59ms
[2026-04-03T01:04:43.427+0600][9.199s][info][gc,phases      ] GC(29)   Post Evacuate Collection Set: 0.63ms
[2026-04-03T01:04:43.427+0600][9.199s][info][gc,phases      ] GC(29)   Other: 0.11ms
[2026-04-03T01:04:43.427+0600][9.199s][info][gc,heap        ] GC(29) Eden regions: 91->0(91)
[2026-04-03T01:04:43.427+0600][9.199s][info][gc,heap        ] GC(29) Survivor regions: 1->1(12)
[2026-04-03T01:04:43.427+0600][9.199s][info][gc,heap        ] GC(29) Old regions: 4->4
[2026-04-03T01:04:43.427+0600][9.199s][info][gc,heap        ] GC(29) Humongous regions: 6->6
[2026-04-03T01:04:43.427+0600][9.199s][info][gc,metaspace   ] GC(29) Metaspace: 9135K(9792K)->9135K(9792K) NonClass: 8091K(8448K)->8091K(8448K) Class: 1043K(1344K)->1043K(1344K)
[2026-04-03T01:04:43.428+0600][9.199s][info][gc             ] GC(29) Pause Young (Normal) (G1 Evacuation Pause) 199M->17M(308M) 2.037ms
[2026-04-03T01:04:43.428+0600][9.199s][info][gc,cpu         ] GC(29) User=0.01s Sys=0.00s Real=0.00s
[2026-04-03T01:04:43.569+0600][9.340s][info][gc,start       ] GC(30) Pause Young (Normal) (G1 Evacuation Pause)
[2026-04-03T01:04:43.569+0600][9.341s][info][gc,task        ] GC(30) Using 10 workers of 10 for evacuation
[2026-04-03T01:04:43.571+0600][9.343s][info][gc,phases      ] GC(30)   Pre Evacuate Collection Set: 0.33ms
[2026-04-03T01:04:43.571+0600][9.343s][info][gc,phases      ] GC(30)   Merge Heap Roots: 0.18ms
[2026-04-03T01:04:43.571+0600][9.343s][info][gc,phases      ] GC(30)   Evacuate Collection Set: 0.75ms
[2026-04-03T01:04:43.571+0600][9.343s][info][gc,phases      ] GC(30)   Post Evacuate Collection Set: 0.69ms
[2026-04-03T01:04:43.571+0600][9.343s][info][gc,phases      ] GC(30)   Other: 0.13ms
[2026-04-03T01:04:43.571+0600][9.343s][info][gc,heap        ] GC(30) Eden regions: 91->0(91)
[2026-04-03T01:04:43.571+0600][9.343s][info][gc,heap        ] GC(30) Survivor regions: 1->1(12)
[2026-04-03T01:04:43.571+0600][9.343s][info][gc,heap        ] GC(30) Old regions: 4->4
[2026-04-03T01:04:43.571+0600][9.343s][info][gc,heap        ] GC(30) Humongous regions: 6->6
[2026-04-03T01:04:43.571+0600][9.343s][info][gc,metaspace   ] GC(30) Metaspace: 9143K(9792K)->9143K(9792K) NonClass: 8099K(8448K)->8099K(8448K) Class: 1043K(1344K)->1043K(1344K)
[2026-04-03T01:04:43.571+0600][9.343s][info][gc             ] GC(30) Pause Young (Normal) (G1 Evacuation Pause) 199M->17M(308M) 2.429ms
[2026-04-03T01:04:43.571+0600][9.343s][info][gc,cpu         ] GC(30) User=0.01s Sys=0.00s Real=0.01s
[2026-04-03T01:04:43.734+0600][9.506s][info][gc,start       ] GC(31) Pause Young (Normal) (G1 Evacuation Pause)
[2026-04-03T01:04:43.734+0600][9.506s][info][gc,task        ] GC(31) Using 10 workers of 10 for evacuation
[2026-04-03T01:04:43.738+0600][9.509s][info][gc,phases      ] GC(31)   Pre Evacuate Collection Set: 0.33ms
[2026-04-03T01:04:43.738+0600][9.509s][info][gc,phases      ] GC(31)   Merge Heap Roots: 0.21ms
[2026-04-03T01:04:43.738+0600][9.509s][info][gc,phases      ] GC(31)   Evacuate Collection Set: 2.20ms
[2026-04-03T01:04:43.738+0600][9.509s][info][gc,phases      ] GC(31)   Post Evacuate Collection Set: 0.64ms
[2026-04-03T01:04:43.738+0600][9.509s][info][gc,phases      ] GC(31)   Other: 0.12ms
[2026-04-03T01:04:43.738+0600][9.509s][info][gc,heap        ] GC(31) Eden regions: 91->0(91)
[2026-04-03T01:04:43.738+0600][9.509s][info][gc,heap        ] GC(31) Survivor regions: 1->1(12)
[2026-04-03T01:04:43.738+0600][9.509s][info][gc,heap        ] GC(31) Old regions: 4->4
[2026-04-03T01:04:43.738+0600][9.509s][info][gc,heap        ] GC(31) Humongous regions: 6->6
[2026-04-03T01:04:43.738+0600][9.509s][info][gc,metaspace   ] GC(31) Metaspace: 9170K(9792K)->9170K(9792K) NonClass: 8126K(8448K)->8126K(8448K) Class: 1043K(1344K)->1043K(1344K)
[2026-04-03T01:04:43.738+0600][9.510s][info][gc             ] GC(31) Pause Young (Normal) (G1 Evacuation Pause) 199M->17M(308M) 3.927ms
[2026-04-03T01:04:43.738+0600][9.510s][info][gc,cpu         ] GC(31) User=0.01s Sys=0.00s Real=0.00s
[2026-04-03T01:04:43.916+0600][9.688s][info][gc,start       ] GC(32) Pause Young (Normal) (G1 Evacuation Pause)
[2026-04-03T01:04:43.917+0600][9.688s][info][gc,task        ] GC(32) Using 10 workers of 10 for evacuation
[2026-04-03T01:04:43.920+0600][9.692s][info][gc,phases      ] GC(32)   Pre Evacuate Collection Set: 0.39ms
[2026-04-03T01:04:43.921+0600][9.692s][info][gc,phases      ] GC(32)   Merge Heap Roots: 0.15ms
[2026-04-03T01:04:43.921+0600][9.692s][info][gc,phases      ] GC(32)   Evacuate Collection Set: 1.81ms
[2026-04-03T01:04:43.921+0600][9.692s][info][gc,phases      ] GC(32)   Post Evacuate Collection Set: 1.45ms
[2026-04-03T01:04:43.921+0600][9.692s][info][gc,phases      ] GC(32)   Other: 0.15ms
[2026-04-03T01:04:43.921+0600][9.692s][info][gc,heap        ] GC(32) Eden regions: 91->0(110)
[2026-04-03T01:04:43.921+0600][9.692s][info][gc,heap        ] GC(32) Survivor regions: 1->1(12)
[2026-04-03T01:04:43.921+0600][9.692s][info][gc,heap        ] GC(32) Old regions: 4->4
[2026-04-03T01:04:43.921+0600][9.692s][info][gc,heap        ] GC(32) Humongous regions: 6->6
[2026-04-03T01:04:43.921+0600][9.692s][info][gc,metaspace   ] GC(32) Metaspace: 9177K(9792K)->9177K(9792K) NonClass: 8133K(8448K)->8133K(8448K) Class: 1043K(1344K)->1043K(1344K)
[2026-04-03T01:04:43.921+0600][9.692s][info][gc             ] GC(32) Pause Young (Normal) (G1 Evacuation Pause) 199M->17M(370M) 4.397ms
[2026-04-03T01:04:43.921+0600][9.692s][info][gc,cpu         ] GC(32) User=0.02s Sys=0.00s Real=0.01s
[2026-04-03T01:04:44.092+0600][9.864s][info][gc,start       ] GC(33) Pause Young (Normal) (G1 Evacuation Pause)
[2026-04-03T01:04:44.092+0600][9.864s][info][gc,task        ] GC(33) Using 10 workers of 10 for evacuation
[2026-04-03T01:04:44.094+0600][9.866s][info][gc,phases      ] GC(33)   Pre Evacuate Collection Set: 0.40ms
[2026-04-03T01:04:44.094+0600][9.866s][info][gc,phases      ] GC(33)   Merge Heap Roots: 0.27ms
[2026-04-03T01:04:44.094+0600][9.866s][info][gc,phases      ] GC(33)   Evacuate Collection Set: 0.61ms
[2026-04-03T01:04:44.094+0600][9.866s][info][gc,phases      ] GC(33)   Post Evacuate Collection Set: 0.70ms
[2026-04-03T01:04:44.094+0600][9.866s][info][gc,phases      ] GC(33)   Other: 0.20ms
[2026-04-03T01:04:44.095+0600][9.866s][info][gc,heap        ] GC(33) Eden regions: 110->0(110)
[2026-04-03T01:04:44.095+0600][9.866s][info][gc,heap        ] GC(33) Survivor regions: 1->1(14)
[2026-04-03T01:04:44.095+0600][9.866s][info][gc,heap        ] GC(33) Old regions: 4->4
[2026-04-03T01:04:44.095+0600][9.866s][info][gc,heap        ] GC(33) Humongous regions: 6->6
[2026-04-03T01:04:44.095+0600][9.866s][info][gc,metaspace   ] GC(33) Metaspace: 9177K(9792K)->9177K(9792K) NonClass: 8133K(8448K)->8133K(8448K) Class: 1043K(1344K)->1043K(1344K)
[2026-04-03T01:04:44.095+0600][9.866s][info][gc             ] GC(33) Pause Young (Normal) (G1 Evacuation Pause) 237M->17M(370M) 2.509ms
[2026-04-03T01:04:44.095+0600][9.866s][info][gc,cpu         ] GC(33) User=0.01s Sys=0.01s Real=0.00s
[2026-04-03T01:04:44.214+0600][9.986s][info][gc,start       ] GC(34) Pause Young (Normal) (G1 Evacuation Pause)
[2026-04-03T01:04:44.214+0600][9.986s][info][gc,task        ] GC(34) Using 10 workers of 10 for evacuation
[2026-04-03T01:04:44.216+0600][9.988s][info][gc,phases      ] GC(34)   Pre Evacuate Collection Set: 0.33ms
[2026-04-03T01:04:44.216+0600][9.988s][info][gc,phases      ] GC(34)   Merge Heap Roots: 0.19ms
[2026-04-03T01:04:44.216+0600][9.988s][info][gc,phases      ] GC(34)   Evacuate Collection Set: 0.49ms
[2026-04-03T01:04:44.216+0600][9.988s][info][gc,phases      ] GC(34)   Post Evacuate Collection Set: 0.81ms
[2026-04-03T01:04:44.216+0600][9.988s][info][gc,phases      ] GC(34)   Other: 0.12ms
[2026-04-03T01:04:44.216+0600][9.988s][info][gc,heap        ] GC(34) Eden regions: 110->0(110)
[2026-04-03T01:04:44.216+0600][9.988s][info][gc,heap        ] GC(34) Survivor regions: 1->1(14)
[2026-04-03T01:04:44.216+0600][9.988s][info][gc,heap        ] GC(34) Old regions: 4->4
[2026-04-03T01:04:44.216+0600][9.988s][info][gc,heap        ] GC(34) Humongous regions: 6->6
[2026-04-03T01:04:44.216+0600][9.988s][info][gc,metaspace   ] GC(34) Metaspace: 9178K(9792K)->9178K(9792K) NonClass: 8134K(8448K)->8134K(8448K) Class: 1043K(1344K)->1043K(1344K)
[2026-04-03T01:04:44.216+0600][9.988s][info][gc             ] GC(34) Pause Young (Normal) (G1 Evacuation Pause) 237M->17M(370M) 2.226ms
[2026-04-03T01:04:44.216+0600][9.988s][info][gc,cpu         ] GC(34) User=0.01s Sys=0.00s Real=0.00s
[2026-04-03T01:04:44.309+0600][10.081s][info][gc,start       ] GC(35) Pause Young (Normal) (G1 Evacuation Pause)
[2026-04-03T01:04:44.309+0600][10.081s][info][gc,task        ] GC(35) Using 10 workers of 10 for evacuation
[2026-04-03T01:04:44.311+0600][10.082s][info][gc,phases      ] GC(35)   Pre Evacuate Collection Set: 0.32ms
[2026-04-03T01:04:44.311+0600][10.082s][info][gc,phases      ] GC(35)   Merge Heap Roots: 0.13ms
[2026-04-03T01:04:44.311+0600][10.082s][info][gc,phases      ] GC(35)   Evacuate Collection Set: 0.41ms
[2026-04-03T01:04:44.311+0600][10.082s][info][gc,phases      ] GC(35)   Post Evacuate Collection Set: 0.49ms
[2026-04-03T01:04:44.311+0600][10.082s][info][gc,phases      ] GC(35)   Other: 0.10ms
[2026-04-03T01:04:44.311+0600][10.082s][info][gc,heap        ] GC(35) Eden regions: 110->0(110)
[2026-04-03T01:04:44.311+0600][10.082s][info][gc,heap        ] GC(35) Survivor regions: 1->1(14)
[2026-04-03T01:04:44.311+0600][10.082s][info][gc,heap        ] GC(35) Old regions: 4->4
[2026-04-03T01:04:44.311+0600][10.082s][info][gc,heap        ] GC(35) Humongous regions: 6->6
[2026-04-03T01:04:44.311+0600][10.082s][info][gc,metaspace   ] GC(35) Metaspace: 9178K(9792K)->9178K(9792K) NonClass: 8134K(8448K)->8134K(8448K) Class: 1043K(1344K)->1043K(1344K)
[2026-04-03T01:04:44.311+0600][10.082s][info][gc             ] GC(35) Pause Young (Normal) (G1 Evacuation Pause) 237M->17M(370M) 1.763ms
[2026-04-03T01:04:44.311+0600][10.082s][info][gc,cpu         ] GC(35) User=0.01s Sys=0.00s Real=0.01s
[2026-04-03T01:04:44.420+0600][10.192s][info][gc,start       ] GC(36) Pause Young (Normal) (G1 Evacuation Pause)
[2026-04-03T01:04:44.420+0600][10.192s][info][gc,task        ] GC(36) Using 10 workers of 10 for evacuation
[2026-04-03T01:04:44.422+0600][10.194s][info][gc,phases      ] GC(36)   Pre Evacuate Collection Set: 0.29ms
[2026-04-03T01:04:44.422+0600][10.194s][info][gc,phases      ] GC(36)   Merge Heap Roots: 0.10ms
[2026-04-03T01:04:44.422+0600][10.194s][info][gc,phases      ] GC(36)   Evacuate Collection Set: 0.56ms
[2026-04-03T01:04:44.422+0600][10.194s][info][gc,phases      ] GC(36)   Post Evacuate Collection Set: 0.69ms
[2026-04-03T01:04:44.422+0600][10.194s][info][gc,phases      ] GC(36)   Other: 0.11ms
[2026-04-03T01:04:44.422+0600][10.194s][info][gc,heap        ] GC(36) Eden regions: 110->0(110)
[2026-04-03T01:04:44.422+0600][10.194s][info][gc,heap        ] GC(36) Survivor regions: 1->1(14)
[2026-04-03T01:04:44.422+0600][10.194s][info][gc,heap        ] GC(36) Old regions: 4->4
[2026-04-03T01:04:44.422+0600][10.194s][info][gc,heap        ] GC(36) Humongous regions: 6->6
[2026-04-03T01:04:44.422+0600][10.194s][info][gc,metaspace   ] GC(36) Metaspace: 9178K(9792K)->9178K(9792K) NonClass: 8134K(8448K)->8134K(8448K) Class: 1043K(1344K)->1043K(1344K)
[2026-04-03T01:04:44.422+0600][10.194s][info][gc             ] GC(36) Pause Young (Normal) (G1 Evacuation Pause) 237M->17M(370M) 2.069ms
[2026-04-03T01:04:44.422+0600][10.194s][info][gc,cpu         ] GC(36) User=0.01s Sys=0.00s Real=0.00s
[2026-04-03T01:04:44.540+0600][10.311s][info][gc,start       ] GC(37) Pause Young (Normal) (G1 Evacuation Pause)
[2026-04-03T01:04:44.540+0600][10.311s][info][gc,task        ] GC(37) Using 10 workers of 10 for evacuation
[2026-04-03T01:04:44.542+0600][10.314s][info][gc,phases      ] GC(37)   Pre Evacuate Collection Set: 0.27ms
[2026-04-03T01:04:44.542+0600][10.314s][info][gc,phases      ] GC(37)   Merge Heap Roots: 0.19ms
[2026-04-03T01:04:44.542+0600][10.314s][info][gc,phases      ] GC(37)   Evacuate Collection Set: 0.73ms
[2026-04-03T01:04:44.542+0600][10.314s][info][gc,phases      ] GC(37)   Post Evacuate Collection Set: 1.44ms
[2026-04-03T01:04:44.543+0600][10.314s][info][gc,phases      ] GC(37)   Other: 0.12ms
[2026-04-03T01:04:44.543+0600][10.314s][info][gc,heap        ] GC(37) Eden regions: 110->0(132)
[2026-04-03T01:04:44.543+0600][10.314s][info][gc,heap        ] GC(37) Survivor regions: 1->1(14)
[2026-04-03T01:04:44.543+0600][10.314s][info][gc,heap        ] GC(37) Old regions: 4->4
[2026-04-03T01:04:44.543+0600][10.314s][info][gc,heap        ] GC(37) Humongous regions: 6->6
[2026-04-03T01:04:44.543+0600][10.314s][info][gc,metaspace   ] GC(37) Metaspace: 9182K(9792K)->9182K(9792K) NonClass: 8139K(8448K)->8139K(8448K) Class: 1043K(1344K)->1043K(1344K)
[2026-04-03T01:04:44.543+0600][10.314s][info][gc             ] GC(37) Pause Young (Normal) (G1 Evacuation Pause) 237M->17M(444M) 3.100ms
[2026-04-03T01:04:44.543+0600][10.314s][info][gc,cpu         ] GC(37) User=0.01s Sys=0.00s Real=0.01s
[2026-04-03T01:04:44.698+0600][10.470s][info][gc,start       ] GC(38) Pause Young (Normal) (G1 Evacuation Pause)
[2026-04-03T01:04:44.698+0600][10.470s][info][gc,task        ] GC(38) Using 10 workers of 10 for evacuation
[2026-04-03T01:04:44.701+0600][10.472s][info][gc,phases      ] GC(38)   Pre Evacuate Collection Set: 0.34ms
[2026-04-03T01:04:44.701+0600][10.472s][info][gc,phases      ] GC(38)   Merge Heap Roots: 0.29ms
[2026-04-03T01:04:44.701+0600][10.472s][info][gc,phases      ] GC(38)   Evacuate Collection Set: 0.71ms
[2026-04-03T01:04:44.701+0600][10.472s][info][gc,phases      ] GC(38)   Post Evacuate Collection Set: 0.76ms
[2026-04-03T01:04:44.701+0600][10.473s][info][gc,phases      ] GC(38)   Other: 0.20ms
[2026-04-03T01:04:44.701+0600][10.473s][info][gc,heap        ] GC(38) Eden regions: 132->0(132)
[2026-04-03T01:04:44.701+0600][10.473s][info][gc,heap        ] GC(38) Survivor regions: 1->1(17)
[2026-04-03T01:04:44.701+0600][10.473s][info][gc,heap        ] GC(38) Old regions: 4->4
[2026-04-03T01:04:44.701+0600][10.473s][info][gc,heap        ] GC(38) Humongous regions: 6->6
[2026-04-03T01:04:44.701+0600][10.473s][info][gc,metaspace   ] GC(38) Metaspace: 9193K(9856K)->9193K(9856K) NonClass: 8149K(8512K)->8149K(8512K) Class: 1043K(1344K)->1043K(1344K)
[2026-04-03T01:04:44.701+0600][10.473s][info][gc             ] GC(38) Pause Young (Normal) (G1 Evacuation Pause) 281M->17M(444M) 2.683ms
[2026-04-03T01:04:44.701+0600][10.473s][info][gc,cpu         ] GC(38) User=0.01s Sys=0.00s Real=0.01s
[2026-04-03T01:04:44.836+0600][10.608s][info][gc,start       ] GC(39) Pause Young (Normal) (G1 Evacuation Pause)
[2026-04-03T01:04:44.836+0600][10.608s][info][gc,task        ] GC(39) Using 10 workers of 10 for evacuation
[2026-04-03T01:04:44.838+0600][10.609s][info][gc,phases      ] GC(39)   Pre Evacuate Collection Set: 0.25ms
[2026-04-03T01:04:44.838+0600][10.609s][info][gc,phases      ] GC(39)   Merge Heap Roots: 0.16ms
[2026-04-03T01:04:44.838+0600][10.609s][info][gc,phases      ] GC(39)   Evacuate Collection Set: 0.48ms
[2026-04-03T01:04:44.838+0600][10.609s][info][gc,phases      ] GC(39)   Post Evacuate Collection Set: 0.55ms
[2026-04-03T01:04:44.838+0600][10.609s][info][gc,phases      ] GC(39)   Other: 0.10ms
[2026-04-03T01:04:44.838+0600][10.609s][info][gc,heap        ] GC(39) Eden regions: 132->0(132)
[2026-04-03T01:04:44.838+0600][10.609s][info][gc,heap        ] GC(39) Survivor regions: 1->1(17)
[2026-04-03T01:04:44.838+0600][10.609s][info][gc,heap        ] GC(39) Old regions: 4->4
[2026-04-03T01:04:44.838+0600][10.609s][info][gc,heap        ] GC(39) Humongous regions: 6->6
[2026-04-03T01:04:44.838+0600][10.609s][info][gc,metaspace   ] GC(39) Metaspace: 9195K(9856K)->9195K(9856K) NonClass: 8151K(8512K)->8151K(8512K) Class: 1043K(1344K)->1043K(1344K)
[2026-04-03T01:04:44.838+0600][10.609s][info][gc             ] GC(39) Pause Young (Normal) (G1 Evacuation Pause) 281M->17M(444M) 1.826ms
[2026-04-03T01:04:44.838+0600][10.609s][info][gc,cpu         ] GC(39) User=0.01s Sys=0.00s Real=0.00s
[2026-04-03T01:04:44.971+0600][10.743s][info][gc,start       ] GC(40) Pause Young (Normal) (G1 Evacuation Pause)
[2026-04-03T01:04:44.971+0600][10.743s][info][gc,task        ] GC(40) Using 10 workers of 10 for evacuation
[2026-04-03T01:04:44.973+0600][10.745s][info][gc,phases      ] GC(40)   Pre Evacuate Collection Set: 0.46ms
[2026-04-03T01:04:44.974+0600][10.745s][info][gc,phases      ] GC(40)   Merge Heap Roots: 0.29ms
[2026-04-03T01:04:44.974+0600][10.745s][info][gc,phases      ] GC(40)   Evacuate Collection Set: 0.62ms
[2026-04-03T01:04:44.974+0600][10.745s][info][gc,phases      ] GC(40)   Post Evacuate Collection Set: 0.90ms
[2026-04-03T01:04:44.974+0600][10.745s][info][gc,phases      ] GC(40)   Other: 0.12ms
[2026-04-03T01:04:44.974+0600][10.745s][info][gc,heap        ] GC(40) Eden regions: 132->0(132)
[2026-04-03T01:04:44.974+0600][10.745s][info][gc,heap        ] GC(40) Survivor regions: 1->1(17)
[2026-04-03T01:04:44.974+0600][10.745s][info][gc,heap        ] GC(40) Old regions: 4->4
[2026-04-03T01:04:44.974+0600][10.745s][info][gc,heap        ] GC(40) Humongous regions: 6->6
[2026-04-03T01:04:44.974+0600][10.745s][info][gc,metaspace   ] GC(40) Metaspace: 9195K(9856K)->9195K(9856K) NonClass: 8151K(8512K)->8151K(8512K) Class: 1043K(1344K)->1043K(1344K)
[2026-04-03T01:04:44.974+0600][10.745s][info][gc             ] GC(40) Pause Young (Normal) (G1 Evacuation Pause) 281M->17M(444M) 2.631ms
[2026-04-03T01:04:44.974+0600][10.745s][info][gc,cpu         ] GC(40) User=0.01s Sys=0.00s Real=0.00s
[2026-04-03T01:04:45.118+0600][10.890s][info][gc,start       ] GC(41) Pause Young (Normal) (G1 Evacuation Pause)
[2026-04-03T01:04:45.118+0600][10.890s][info][gc,task        ] GC(41) Using 10 workers of 10 for evacuation
[2026-04-03T01:04:45.121+0600][10.893s][info][gc,phases      ] GC(41)   Pre Evacuate Collection Set: 0.47ms
[2026-04-03T01:04:45.121+0600][10.893s][info][gc,phases      ] GC(41)   Merge Heap Roots: 0.27ms
[2026-04-03T01:04:45.121+0600][10.893s][info][gc,phases      ] GC(41)   Evacuate Collection Set: 0.70ms
[2026-04-03T01:04:45.121+0600][10.893s][info][gc,phases      ] GC(41)   Post Evacuate Collection Set: 1.42ms
[2026-04-03T01:04:45.121+0600][10.893s][info][gc,phases      ] GC(41)   Other: 0.18ms
[2026-04-03T01:04:45.121+0600][10.893s][info][gc,heap        ] GC(41) Eden regions: 132->0(132)
[2026-04-03T01:04:45.121+0600][10.893s][info][gc,heap        ] GC(41) Survivor regions: 1->1(17)
[2026-04-03T01:04:45.121+0600][10.893s][info][gc,heap        ] GC(41) Old regions: 4->4
[2026-04-03T01:04:45.121+0600][10.893s][info][gc,heap        ] GC(41) Humongous regions: 6->6
[2026-04-03T01:04:45.121+0600][10.893s][info][gc,metaspace   ] GC(41) Metaspace: 9195K(9856K)->9195K(9856K) NonClass: 8151K(8512K)->8151K(8512K) Class: 1043K(1344K)->1043K(1344K)
[2026-04-03T01:04:45.121+0600][10.893s][info][gc             ] GC(41) Pause Young (Normal) (G1 Evacuation Pause) 281M->17M(444M) 3.372ms
[2026-04-03T01:04:45.121+0600][10.893s][info][gc,cpu         ] GC(41) User=0.01s Sys=0.01s Real=0.01s
[2026-04-03T01:04:45.256+0600][11.028s][info][gc,start       ] GC(42) Pause Young (Normal) (G1 Evacuation Pause)
[2026-04-03T01:04:45.256+0600][11.028s][info][gc,task        ] GC(42) Using 10 workers of 10 for evacuation
[2026-04-03T01:04:45.258+0600][11.030s][info][gc,phases      ] GC(42)   Pre Evacuate Collection Set: 0.40ms
[2026-04-03T01:04:45.258+0600][11.030s][info][gc,phases      ] GC(42)   Merge Heap Roots: 0.30ms
[2026-04-03T01:04:45.258+0600][11.030s][info][gc,phases      ] GC(42)   Evacuate Collection Set: 0.57ms
[2026-04-03T01:04:45.258+0600][11.030s][info][gc,phases      ] GC(42)   Post Evacuate Collection Set: 0.71ms
[2026-04-03T01:04:45.259+0600][11.030s][info][gc,phases      ] GC(42)   Other: 0.13ms
[2026-04-03T01:04:45.259+0600][11.030s][info][gc,heap        ] GC(42) Eden regions: 132->0(132)
[2026-04-03T01:04:45.259+0600][11.030s][info][gc,heap        ] GC(42) Survivor regions: 1->1(17)
[2026-04-03T01:04:45.259+0600][11.030s][info][gc,heap        ] GC(42) Old regions: 4->4
[2026-04-03T01:04:45.259+0600][11.030s][info][gc,heap        ] GC(42) Humongous regions: 6->6
[2026-04-03T01:04:45.259+0600][11.030s][info][gc,metaspace   ] GC(42) Metaspace: 9195K(9856K)->9195K(9856K) NonClass: 8151K(8512K)->8151K(8512K) Class: 1043K(1344K)->1043K(1344K)
[2026-04-03T01:04:45.259+0600][11.030s][info][gc             ] GC(42) Pause Young (Normal) (G1 Evacuation Pause) 281M->17M(444M) 2.491ms
[2026-04-03T01:04:45.259+0600][11.030s][info][gc,cpu         ] GC(42) User=0.01s Sys=0.00s Real=0.00s
[2026-04-03T01:04:45.416+0600][11.187s][info][gc,start       ] GC(43) Pause Young (Normal) (G1 Evacuation Pause)
[2026-04-03T01:04:45.416+0600][11.187s][info][gc,task        ] GC(43) Using 10 workers of 10 for evacuation
[2026-04-03T01:04:45.418+0600][11.189s][info][gc,phases      ] GC(43)   Pre Evacuate Collection Set: 0.36ms
[2026-04-03T01:04:45.418+0600][11.189s][info][gc,phases      ] GC(43)   Merge Heap Roots: 0.20ms
[2026-04-03T01:04:45.418+0600][11.190s][info][gc,phases      ] GC(43)   Evacuate Collection Set: 0.66ms
[2026-04-03T01:04:45.418+0600][11.190s][info][gc,phases      ] GC(43)   Post Evacuate Collection Set: 0.69ms
[2026-04-03T01:04:45.418+0600][11.190s][info][gc,phases      ] GC(43)   Other: 0.13ms
[2026-04-03T01:04:45.418+0600][11.190s][info][gc,heap        ] GC(43) Eden regions: 132->0(132)
[2026-04-03T01:04:45.418+0600][11.190s][info][gc,heap        ] GC(43) Survivor regions: 1->1(17)
[2026-04-03T01:04:45.418+0600][11.190s][info][gc,heap        ] GC(43) Old regions: 4->4
[2026-04-03T01:04:45.418+0600][11.190s][info][gc,heap        ] GC(43) Humongous regions: 6->6
[2026-04-03T01:04:45.418+0600][11.190s][info][gc,metaspace   ] GC(43) Metaspace: 9198K(9856K)->9198K(9856K) NonClass: 8154K(8512K)->8154K(8512K) Class: 1043K(1344K)->1043K(1344K)
[2026-04-03T01:04:45.418+0600][11.190s][info][gc             ] GC(43) Pause Young (Normal) (G1 Evacuation Pause) 281M->17M(444M) 2.345ms
[2026-04-03T01:04:45.418+0600][11.190s][info][gc,cpu         ] GC(43) User=0.01s Sys=0.01s Real=0.00s
[2026-04-03T01:04:45.573+0600][11.345s][info][gc,start       ] GC(44) Pause Young (Normal) (G1 Evacuation Pause)
[2026-04-03T01:04:45.573+0600][11.345s][info][gc,task        ] GC(44) Using 10 workers of 10 for evacuation
[2026-04-03T01:04:45.575+0600][11.347s][info][gc,phases      ] GC(44)   Pre Evacuate Collection Set: 0.45ms
[2026-04-03T01:04:45.575+0600][11.347s][info][gc,phases      ] GC(44)   Merge Heap Roots: 0.24ms
[2026-04-03T01:04:45.575+0600][11.347s][info][gc,phases      ] GC(44)   Evacuate Collection Set: 0.61ms
[2026-04-03T01:04:45.575+0600][11.347s][info][gc,phases      ] GC(44)   Post Evacuate Collection Set: 0.81ms
[2026-04-03T01:04:45.575+0600][11.347s][info][gc,phases      ] GC(44)   Other: 0.12ms
[2026-04-03T01:04:45.575+0600][11.347s][info][gc,heap        ] GC(44) Eden regions: 132->0(132)
[2026-04-03T01:04:45.575+0600][11.347s][info][gc,heap        ] GC(44) Survivor regions: 1->1(17)
[2026-04-03T01:04:45.575+0600][11.347s][info][gc,heap        ] GC(44) Old regions: 4->4
[2026-04-03T01:04:45.575+0600][11.347s][info][gc,heap        ] GC(44) Humongous regions: 6->6
[2026-04-03T01:04:45.575+0600][11.347s][info][gc,metaspace   ] GC(44) Metaspace: 9203K(9856K)->9203K(9856K) NonClass: 8159K(8512K)->8159K(8512K) Class: 1043K(1344K)->1043K(1344K)
[2026-04-03T01:04:45.575+0600][11.347s][info][gc             ] GC(44) Pause Young (Normal) (G1 Evacuation Pause) 281M->17M(444M) 2.528ms
[2026-04-03T01:04:45.576+0600][11.347s][info][gc,cpu         ] GC(44) User=0.02s Sys=0.01s Real=0.00s
[2026-04-03T01:04:45.716+0600][11.488s][info][gc,start       ] GC(45) Pause Young (Normal) (G1 Evacuation Pause)
[2026-04-03T01:04:45.716+0600][11.488s][info][gc,task        ] GC(45) Using 10 workers of 10 for evacuation
[2026-04-03T01:04:45.718+0600][11.490s][info][gc,phases      ] GC(45)   Pre Evacuate Collection Set: 0.26ms
[2026-04-03T01:04:45.718+0600][11.490s][info][gc,phases      ] GC(45)   Merge Heap Roots: 0.23ms
[2026-04-03T01:04:45.718+0600][11.490s][info][gc,phases      ] GC(45)   Evacuate Collection Set: 0.47ms
[2026-04-03T01:04:45.718+0600][11.490s][info][gc,phases      ] GC(45)   Post Evacuate Collection Set: 0.82ms
[2026-04-03T01:04:45.718+0600][11.490s][info][gc,phases      ] GC(45)   Other: 0.10ms
[2026-04-03T01:04:45.718+0600][11.490s][info][gc,heap        ] GC(45) Eden regions: 132->0(132)
[2026-04-03T01:04:45.718+0600][11.490s][info][gc,heap        ] GC(45) Survivor regions: 1->1(17)
[2026-04-03T01:04:45.718+0600][11.490s][info][gc,heap        ] GC(45) Old regions: 4->4
[2026-04-03T01:04:45.718+0600][11.490s][info][gc,heap        ] GC(45) Humongous regions: 6->6
[2026-04-03T01:04:45.718+0600][11.490s][info][gc,metaspace   ] GC(45) Metaspace: 9203K(9856K)->9203K(9856K) NonClass: 8159K(8512K)->8159K(8512K) Class: 1043K(1344K)->1043K(1344K)
[2026-04-03T01:04:45.719+0600][11.490s][info][gc             ] GC(45) Pause Young (Normal) (G1 Evacuation Pause) 281M->17M(444M) 2.163ms
[2026-04-03T01:04:45.719+0600][11.490s][info][gc,cpu         ] GC(45) User=0.01s Sys=0.00s Real=0.00s
[2026-04-03T01:04:45.854+0600][11.626s][info][gc,start       ] GC(46) Pause Young (Normal) (G1 Evacuation Pause)
[2026-04-03T01:04:45.854+0600][11.626s][info][gc,task        ] GC(46) Using 10 workers of 10 for evacuation
[2026-04-03T01:04:45.856+0600][11.628s][info][gc,phases      ] GC(46)   Pre Evacuate Collection Set: 0.29ms
[2026-04-03T01:04:45.856+0600][11.628s][info][gc,phases      ] GC(46)   Merge Heap Roots: 0.15ms
[2026-04-03T01:04:45.856+0600][11.628s][info][gc,phases      ] GC(46)   Evacuate Collection Set: 0.52ms
[2026-04-03T01:04:45.856+0600][11.628s][info][gc,phases      ] GC(46)   Post Evacuate Collection Set: 0.66ms
[2026-04-03T01:04:45.856+0600][11.628s][info][gc,phases      ] GC(46)   Other: 0.09ms
[2026-04-03T01:04:45.856+0600][11.628s][info][gc,heap        ] GC(46) Eden regions: 132->0(132)
[2026-04-03T01:04:45.856+0600][11.628s][info][gc,heap        ] GC(46) Survivor regions: 1->1(17)
[2026-04-03T01:04:45.856+0600][11.628s][info][gc,heap        ] GC(46) Old regions: 4->4
[2026-04-03T01:04:45.856+0600][11.628s][info][gc,heap        ] GC(46) Humongous regions: 6->6
[2026-04-03T01:04:45.856+0600][11.628s][info][gc,metaspace   ] GC(46) Metaspace: 9203K(9856K)->9203K(9856K) NonClass: 8159K(8512K)->8159K(8512K) Class: 1043K(1344K)->1043K(1344K)
[2026-04-03T01:04:45.856+0600][11.628s][info][gc             ] GC(46) Pause Young (Normal) (G1 Evacuation Pause) 281M->17M(444M) 1.991ms
[2026-04-03T01:04:45.856+0600][11.628s][info][gc,cpu         ] GC(46) User=0.00s Sys=0.00s Real=0.00s
[2026-04-03T01:04:45.988+0600][11.760s][info][gc,start       ] GC(47) Pause Young (Normal) (G1 Evacuation Pause)
[2026-04-03T01:04:45.988+0600][11.760s][info][gc,task        ] GC(47) Using 10 workers of 10 for evacuation
[2026-04-03T01:04:45.990+0600][11.762s][info][gc,phases      ] GC(47)   Pre Evacuate Collection Set: 0.25ms
[2026-04-03T01:04:45.990+0600][11.762s][info][gc,phases      ] GC(47)   Merge Heap Roots: 0.20ms
[2026-04-03T01:04:45.990+0600][11.762s][info][gc,phases      ] GC(47)   Evacuate Collection Set: 0.51ms
[2026-04-03T01:04:45.990+0600][11.762s][info][gc,phases      ] GC(47)   Post Evacuate Collection Set: 0.77ms
[2026-04-03T01:04:45.990+0600][11.762s][info][gc,phases      ] GC(47)   Other: 0.09ms
[2026-04-03T01:04:45.990+0600][11.762s][info][gc,heap        ] GC(47) Eden regions: 132->0(132)
[2026-04-03T01:04:45.990+0600][11.762s][info][gc,heap        ] GC(47) Survivor regions: 1->1(17)
[2026-04-03T01:04:45.990+0600][11.762s][info][gc,heap        ] GC(47) Old regions: 4->4
[2026-04-03T01:04:45.990+0600][11.762s][info][gc,heap        ] GC(47) Humongous regions: 6->6
[2026-04-03T01:04:45.990+0600][11.762s][info][gc,metaspace   ] GC(47) Metaspace: 9203K(9856K)->9203K(9856K) NonClass: 8159K(8512K)->8159K(8512K) Class: 1043K(1344K)->1043K(1344K)
[2026-04-03T01:04:45.990+0600][11.762s][info][gc             ] GC(47) Pause Young (Normal) (G1 Evacuation Pause) 281M->17M(444M) 2.123ms
[2026-04-03T01:04:45.990+0600][11.762s][info][gc,cpu         ] GC(47) User=0.01s Sys=0.00s Real=0.01s
[2026-04-03T01:04:46.109+0600][11.881s][info][gc,start       ] GC(48) Pause Young (Normal) (G1 Evacuation Pause)
[2026-04-03T01:04:46.109+0600][11.881s][info][gc,task        ] GC(48) Using 10 workers of 10 for evacuation
[2026-04-03T01:04:46.111+0600][11.882s][info][gc,phases      ] GC(48)   Pre Evacuate Collection Set: 0.25ms
[2026-04-03T01:04:46.111+0600][11.882s][info][gc,phases      ] GC(48)   Merge Heap Roots: 0.16ms
[2026-04-03T01:04:46.111+0600][11.882s][info][gc,phases      ] GC(48)   Evacuate Collection Set: 0.36ms
[2026-04-03T01:04:46.111+0600][11.882s][info][gc,phases      ] GC(48)   Post Evacuate Collection Set: 0.49ms
[2026-04-03T01:04:46.111+0600][11.882s][info][gc,phases      ] GC(48)   Other: 0.09ms
[2026-04-03T01:04:46.111+0600][11.882s][info][gc,heap        ] GC(48) Eden regions: 132->0(132)
[2026-04-03T01:04:46.111+0600][11.882s][info][gc,heap        ] GC(48) Survivor regions: 1->1(17)
[2026-04-03T01:04:46.111+0600][11.882s][info][gc,heap        ] GC(48) Old regions: 4->4
[2026-04-03T01:04:46.111+0600][11.882s][info][gc,heap        ] GC(48) Humongous regions: 6->6
[2026-04-03T01:04:46.111+0600][11.882s][info][gc,metaspace   ] GC(48) Metaspace: 9203K(9856K)->9203K(9856K) NonClass: 8159K(8512K)->8159K(8512K) Class: 1043K(1344K)->1043K(1344K)
[2026-04-03T01:04:46.111+0600][11.882s][info][gc             ] GC(48) Pause Young (Normal) (G1 Evacuation Pause) 281M->17M(444M) 1.581ms
[2026-04-03T01:04:46.111+0600][11.882s][info][gc,cpu         ] GC(48) User=0.00s Sys=0.00s Real=0.01s
[2026-04-03T01:04:46.233+0600][12.005s][info][gc,start       ] GC(49) Pause Young (Normal) (G1 Evacuation Pause)
[2026-04-03T01:04:46.234+0600][12.005s][info][gc,task        ] GC(49) Using 10 workers of 10 for evacuation
[2026-04-03T01:04:46.235+0600][12.007s][info][gc,phases      ] GC(49)   Pre Evacuate Collection Set: 0.29ms
[2026-04-03T01:04:46.235+0600][12.007s][info][gc,phases      ] GC(49)   Merge Heap Roots: 0.18ms
[2026-04-03T01:04:46.235+0600][12.007s][info][gc,phases      ] GC(49)   Evacuate Collection Set: 0.43ms
[2026-04-03T01:04:46.235+0600][12.007s][info][gc,phases      ] GC(49)   Post Evacuate Collection Set: 0.53ms
[2026-04-03T01:04:46.235+0600][12.007s][info][gc,phases      ] GC(49)   Other: 0.10ms
[2026-04-03T01:04:46.235+0600][12.007s][info][gc,heap        ] GC(49) Eden regions: 132->0(132)
[2026-04-03T01:04:46.235+0600][12.007s][info][gc,heap        ] GC(49) Survivor regions: 1->1(17)
[2026-04-03T01:04:46.235+0600][12.007s][info][gc,heap        ] GC(49) Old regions: 4->4
[2026-04-03T01:04:46.235+0600][12.007s][info][gc,heap        ] GC(49) Humongous regions: 6->6
[2026-04-03T01:04:46.235+0600][12.007s][info][gc,metaspace   ] GC(49) Metaspace: 9204K(9856K)->9204K(9856K) NonClass: 8160K(8512K)->8160K(8512K) Class: 1043K(1344K)->1043K(1344K)
[2026-04-03T01:04:46.235+0600][12.007s][info][gc             ] GC(49) Pause Young (Normal) (G1 Evacuation Pause) 281M->17M(444M) 1.765ms
[2026-04-03T01:04:46.235+0600][12.007s][info][gc,cpu         ] GC(49) User=0.01s Sys=0.00s Real=0.00s
[2026-04-03T01:04:46.362+0600][12.134s][info][gc,start       ] GC(50) Pause Young (Normal) (G1 Evacuation Pause)
[2026-04-03T01:04:46.362+0600][12.134s][info][gc,task        ] GC(50) Using 10 workers of 10 for evacuation
[2026-04-03T01:04:46.364+0600][12.136s][info][gc,phases      ] GC(50)   Pre Evacuate Collection Set: 0.27ms
[2026-04-03T01:04:46.364+0600][12.136s][info][gc,phases      ] GC(50)   Merge Heap Roots: 0.12ms
[2026-04-03T01:04:46.364+0600][12.136s][info][gc,phases      ] GC(50)   Evacuate Collection Set: 0.47ms
[2026-04-03T01:04:46.364+0600][12.136s][info][gc,phases      ] GC(50)   Post Evacuate Collection Set: 0.50ms
[2026-04-03T01:04:46.364+0600][12.136s][info][gc,phases      ] GC(50)   Other: 0.09ms
[2026-04-03T01:04:46.364+0600][12.136s][info][gc,heap        ] GC(50) Eden regions: 132->0(132)
[2026-04-03T01:04:46.364+0600][12.136s][info][gc,heap        ] GC(50) Survivor regions: 1->1(17)
[2026-04-03T01:04:46.364+0600][12.136s][info][gc,heap        ] GC(50) Old regions: 4->4
[2026-04-03T01:04:46.364+0600][12.136s][info][gc,heap        ] GC(50) Humongous regions: 6->6
[2026-04-03T01:04:46.364+0600][12.136s][info][gc,metaspace   ] GC(50) Metaspace: 9204K(9856K)->9204K(9856K) NonClass: 8160K(8512K)->8160K(8512K) Class: 1043K(1344K)->1043K(1344K)
[2026-04-03T01:04:46.364+0600][12.136s][info][gc             ] GC(50) Pause Young (Normal) (G1 Evacuation Pause) 281M->17M(444M) 1.709ms
[2026-04-03T01:04:46.364+0600][12.136s][info][gc,cpu         ] GC(50) User=0.01s Sys=0.00s Real=0.00s
[2026-04-03T01:04:46.496+0600][12.267s][info][gc,start       ] GC(51) Pause Young (Normal) (G1 Evacuation Pause)
[2026-04-03T01:04:46.496+0600][12.268s][info][gc,task        ] GC(51) Using 10 workers of 10 for evacuation
[2026-04-03T01:04:46.498+0600][12.269s][info][gc,phases      ] GC(51)   Pre Evacuate Collection Set: 0.32ms
[2026-04-03T01:04:46.498+0600][12.269s][info][gc,phases      ] GC(51)   Merge Heap Roots: 0.14ms
[2026-04-03T01:04:46.498+0600][12.269s][info][gc,phases      ] GC(51)   Evacuate Collection Set: 0.47ms
[2026-04-03T01:04:46.498+0600][12.269s][info][gc,phases      ] GC(51)   Post Evacuate Collection Set: 0.68ms
[2026-04-03T01:04:46.498+0600][12.269s][info][gc,phases      ] GC(51)   Other: 0.13ms
[2026-04-03T01:04:46.498+0600][12.269s][info][gc,heap        ] GC(51) Eden regions: 132->0(132)
[2026-04-03T01:04:46.498+0600][12.269s][info][gc,heap        ] GC(51) Survivor regions: 1->1(17)
[2026-04-03T01:04:46.498+0600][12.269s][info][gc,heap        ] GC(51) Old regions: 4->4
[2026-04-03T01:04:46.498+0600][12.269s][info][gc,heap        ] GC(51) Humongous regions: 6->6
[2026-04-03T01:04:46.498+0600][12.269s][info][gc,metaspace   ] GC(51) Metaspace: 9204K(9856K)->9204K(9856K) NonClass: 8160K(8512K)->8160K(8512K) Class: 1043K(1344K)->1043K(1344K)
[2026-04-03T01:04:46.498+0600][12.270s][info][gc             ] GC(51) Pause Young (Normal) (G1 Evacuation Pause) 281M->17M(444M) 2.084ms
[2026-04-03T01:04:46.498+0600][12.270s][info][gc,cpu         ] GC(51) User=0.01s Sys=0.00s Real=0.00s
[2026-04-03T01:04:46.618+0600][12.390s][info][gc,start       ] GC(52) Pause Young (Normal) (G1 Evacuation Pause)
[2026-04-03T01:04:46.618+0600][12.390s][info][gc,task        ] GC(52) Using 10 workers of 10 for evacuation
[2026-04-03T01:04:46.620+0600][12.392s][info][gc,phases      ] GC(52)   Pre Evacuate Collection Set: 0.33ms
[2026-04-03T01:04:46.620+0600][12.392s][info][gc,phases      ] GC(52)   Merge Heap Roots: 0.19ms
[2026-04-03T01:04:46.620+0600][12.392s][info][gc,phases      ] GC(52)   Evacuate Collection Set: 0.47ms
[2026-04-03T01:04:46.620+0600][12.392s][info][gc,phases      ] GC(52)   Post Evacuate Collection Set: 0.91ms
[2026-04-03T01:04:46.621+0600][12.392s][info][gc,phases      ] GC(52)   Other: 0.11ms
[2026-04-03T01:04:46.621+0600][12.392s][info][gc,heap        ] GC(52) Eden regions: 132->0(132)
[2026-04-03T01:04:46.621+0600][12.392s][info][gc,heap        ] GC(52) Survivor regions: 1->1(17)
[2026-04-03T01:04:46.621+0600][12.392s][info][gc,heap        ] GC(52) Old regions: 4->4
[2026-04-03T01:04:46.621+0600][12.392s][info][gc,heap        ] GC(52) Humongous regions: 6->6
[2026-04-03T01:04:46.621+0600][12.392s][info][gc,metaspace   ] GC(52) Metaspace: 9204K(9856K)->9204K(9856K) NonClass: 8160K(8512K)->8160K(8512K) Class: 1043K(1344K)->1043K(1344K)
[2026-04-03T01:04:46.621+0600][12.392s][info][gc             ] GC(52) Pause Young (Normal) (G1 Evacuation Pause) 281M->17M(444M) 2.307ms
[2026-04-03T01:04:46.621+0600][12.392s][info][gc,cpu         ] GC(52) User=0.00s Sys=0.00s Real=0.01s
[2026-04-03T01:04:46.747+0600][12.519s][info][gc,start       ] GC(53) Pause Young (Normal) (G1 Evacuation Pause)
[2026-04-03T01:04:46.747+0600][12.519s][info][gc,task        ] GC(53) Using 10 workers of 10 for evacuation
[2026-04-03T01:04:46.749+0600][12.521s][info][gc,phases      ] GC(53)   Pre Evacuate Collection Set: 0.41ms
[2026-04-03T01:04:46.750+0600][12.521s][info][gc,phases      ] GC(53)   Merge Heap Roots: 0.23ms
[2026-04-03T01:04:46.750+0600][12.521s][info][gc,phases      ] GC(53)   Evacuate Collection Set: 0.57ms
[2026-04-03T01:04:46.750+0600][12.521s][info][gc,phases      ] GC(53)   Post Evacuate Collection Set: 0.95ms
[2026-04-03T01:04:46.750+0600][12.521s][info][gc,phases      ] GC(53)   Other: 0.12ms
[2026-04-03T01:04:46.750+0600][12.521s][info][gc,heap        ] GC(53) Eden regions: 132->0(132)
[2026-04-03T01:04:46.750+0600][12.521s][info][gc,heap        ] GC(53) Survivor regions: 1->1(17)
[2026-04-03T01:04:46.750+0600][12.521s][info][gc,heap        ] GC(53) Old regions: 4->4
[2026-04-03T01:04:46.750+0600][12.521s][info][gc,heap        ] GC(53) Humongous regions: 6->6
[2026-04-03T01:04:46.750+0600][12.521s][info][gc,metaspace   ] GC(53) Metaspace: 9204K(9856K)->9204K(9856K) NonClass: 8160K(8512K)->8160K(8512K) Class: 1043K(1344K)->1043K(1344K)
[2026-04-03T01:04:46.750+0600][12.521s][info][gc             ] GC(53) Pause Young (Normal) (G1 Evacuation Pause) 281M->17M(444M) 2.661ms
[2026-04-03T01:04:46.750+0600][12.521s][info][gc,cpu         ] GC(53) User=0.01s Sys=0.00s Real=0.00s
[2026-04-03T01:04:46.909+0600][12.680s][info][gc,start       ] GC(54) Pause Young (Normal) (G1 Evacuation Pause)
[2026-04-03T01:04:46.909+0600][12.681s][info][gc,task        ] GC(54) Using 10 workers of 10 for evacuation
[2026-04-03T01:04:46.912+0600][12.683s][info][gc,phases      ] GC(54)   Pre Evacuate Collection Set: 0.37ms
[2026-04-03T01:04:46.912+0600][12.684s][info][gc,phases      ] GC(54)   Merge Heap Roots: 0.21ms
[2026-04-03T01:04:46.912+0600][12.684s][info][gc,phases      ] GC(54)   Evacuate Collection Set: 1.21ms
[2026-04-03T01:04:46.912+0600][12.684s][info][gc,phases      ] GC(54)   Post Evacuate Collection Set: 0.91ms
[2026-04-03T01:04:46.912+0600][12.684s][info][gc,phases      ] GC(54)   Other: 0.14ms
[2026-04-03T01:04:46.912+0600][12.684s][info][gc,heap        ] GC(54) Eden regions: 132->0(132)
[2026-04-03T01:04:46.912+0600][12.684s][info][gc,heap        ] GC(54) Survivor regions: 1->1(17)
[2026-04-03T01:04:46.912+0600][12.684s][info][gc,heap        ] GC(54) Old regions: 4->4
[2026-04-03T01:04:46.912+0600][12.684s][info][gc,heap        ] GC(54) Humongous regions: 6->6
[2026-04-03T01:04:46.912+0600][12.684s][info][gc,metaspace   ] GC(54) Metaspace: 9204K(9856K)->9204K(9856K) NonClass: 8160K(8512K)->8160K(8512K) Class: 1043K(1344K)->1043K(1344K)
[2026-04-03T01:04:46.912+0600][12.684s][info][gc             ] GC(54) Pause Young (Normal) (G1 Evacuation Pause) 281M->17M(444M) 3.222ms
[2026-04-03T01:04:46.912+0600][12.684s][info][gc,cpu         ] GC(54) User=0.00s Sys=0.00s Real=0.01s
[2026-04-03T01:04:47.069+0600][12.841s][info][gc,start       ] GC(55) Pause Young (Normal) (G1 Evacuation Pause)
[2026-04-03T01:04:47.070+0600][12.841s][info][gc,task        ] GC(55) Using 10 workers of 10 for evacuation
[2026-04-03T01:04:47.072+0600][12.844s][info][gc,phases      ] GC(55)   Pre Evacuate Collection Set: 0.47ms
[2026-04-03T01:04:47.072+0600][12.844s][info][gc,phases      ] GC(55)   Merge Heap Roots: 0.22ms
[2026-04-03T01:04:47.072+0600][12.844s][info][gc,phases      ] GC(55)   Evacuate Collection Set: 0.63ms
[2026-04-03T01:04:47.072+0600][12.844s][info][gc,phases      ] GC(55)   Post Evacuate Collection Set: 1.05ms
[2026-04-03T01:04:47.072+0600][12.844s][info][gc,phases      ] GC(55)   Other: 0.15ms
[2026-04-03T01:04:47.072+0600][12.844s][info][gc,heap        ] GC(55) Eden regions: 132->0(132)
[2026-04-03T01:04:47.072+0600][12.844s][info][gc,heap        ] GC(55) Survivor regions: 1->1(17)
[2026-04-03T01:04:47.072+0600][12.844s][info][gc,heap        ] GC(55) Old regions: 4->4
[2026-04-03T01:04:47.072+0600][12.844s][info][gc,heap        ] GC(55) Humongous regions: 6->6
[2026-04-03T01:04:47.072+0600][12.844s][info][gc,metaspace   ] GC(55) Metaspace: 9204K(9856K)->9204K(9856K) NonClass: 8160K(8512K)->8160K(8512K) Class: 1043K(1344K)->1043K(1344K)
[2026-04-03T01:04:47.072+0600][12.844s][info][gc             ] GC(55) Pause Young (Normal) (G1 Evacuation Pause) 281M->17M(444M) 2.980ms
[2026-04-03T01:04:47.072+0600][12.844s][info][gc,cpu         ] GC(55) User=0.01s Sys=0.00s Real=0.01s
[2026-04-03T01:04:47.187+0600][12.959s][info][gc,start       ] GC(56) Pause Young (Normal) (G1 Evacuation Pause)
[2026-04-03T01:04:47.187+0600][12.959s][info][gc,task        ] GC(56) Using 10 workers of 10 for evacuation
[2026-04-03T01:04:47.189+0600][12.960s][info][gc,phases      ] GC(56)   Pre Evacuate Collection Set: 0.40ms
[2026-04-03T01:04:47.189+0600][12.960s][info][gc,phases      ] GC(56)   Merge Heap Roots: 0.15ms
[2026-04-03T01:04:47.189+0600][12.960s][info][gc,phases      ] GC(56)   Evacuate Collection Set: 0.41ms
[2026-04-03T01:04:47.189+0600][12.960s][info][gc,phases      ] GC(56)   Post Evacuate Collection Set: 0.66ms
[2026-04-03T01:04:47.189+0600][12.960s][info][gc,phases      ] GC(56)   Other: 0.12ms
[2026-04-03T01:04:47.189+0600][12.960s][info][gc,heap        ] GC(56) Eden regions: 132->0(132)
[2026-04-03T01:04:47.189+0600][12.960s][info][gc,heap        ] GC(56) Survivor regions: 1->1(17)
[2026-04-03T01:04:47.189+0600][12.961s][info][gc,heap        ] GC(56) Old regions: 4->4
[2026-04-03T01:04:47.189+0600][12.961s][info][gc,heap        ] GC(56) Humongous regions: 6->6
[2026-04-03T01:04:47.189+0600][12.961s][info][gc,metaspace   ] GC(56) Metaspace: 9204K(9856K)->9204K(9856K) NonClass: 8160K(8512K)->8160K(8512K) Class: 1043K(1344K)->1043K(1344K)
[2026-04-03T01:04:47.189+0600][12.961s][info][gc             ] GC(56) Pause Young (Normal) (G1 Evacuation Pause) 281M->17M(444M) 2.007ms
[2026-04-03T01:04:47.189+0600][12.961s][info][gc,cpu         ] GC(56) User=0.01s Sys=0.00s Real=0.00s
[2026-04-03T01:04:47.317+0600][13.089s][info][gc,start       ] GC(57) Pause Young (Normal) (G1 Evacuation Pause)
[2026-04-03T01:04:47.317+0600][13.089s][info][gc,task        ] GC(57) Using 10 workers of 10 for evacuation
[2026-04-03T01:04:47.319+0600][13.090s][info][gc,phases      ] GC(57)   Pre Evacuate Collection Set: 0.27ms
[2026-04-03T01:04:47.319+0600][13.091s][info][gc,phases      ] GC(57)   Merge Heap Roots: 0.17ms
[2026-04-03T01:04:47.319+0600][13.091s][info][gc,phases      ] GC(57)   Evacuate Collection Set: 0.50ms
[2026-04-03T01:04:47.319+0600][13.091s][info][gc,phases      ] GC(57)   Post Evacuate Collection Set: 0.50ms
[2026-04-03T01:04:47.319+0600][13.091s][info][gc,phases      ] GC(57)   Other: 0.10ms
[2026-04-03T01:04:47.319+0600][13.091s][info][gc,heap        ] GC(57) Eden regions: 132->0(132)
[2026-04-03T01:04:47.319+0600][13.091s][info][gc,heap        ] GC(57) Survivor regions: 1->1(17)
[2026-04-03T01:04:47.319+0600][13.091s][info][gc,heap        ] GC(57) Old regions: 4->4
[2026-04-03T01:04:47.319+0600][13.091s][info][gc,heap        ] GC(57) Humongous regions: 6->6
[2026-04-03T01:04:47.319+0600][13.091s][info][gc,metaspace   ] GC(57) Metaspace: 9206K(9856K)->9206K(9856K) NonClass: 8162K(8512K)->8162K(8512K) Class: 1043K(1344K)->1043K(1344K)
[2026-04-03T01:04:47.319+0600][13.091s][info][gc             ] GC(57) Pause Young (Normal) (G1 Evacuation Pause) 281M->17M(444M) 1.793ms
[2026-04-03T01:04:47.319+0600][13.091s][info][gc,cpu         ] GC(57) User=0.01s Sys=0.00s Real=0.00s
[2026-04-03T01:04:47.472+0600][13.244s][info][gc,start       ] GC(58) Pause Young (Normal) (G1 Evacuation Pause)
[2026-04-03T01:04:47.472+0600][13.244s][info][gc,task        ] GC(58) Using 10 workers of 10 for evacuation
[2026-04-03T01:04:47.475+0600][13.247s][info][gc,phases      ] GC(58)   Pre Evacuate Collection Set: 0.35ms
[2026-04-03T01:04:47.475+0600][13.247s][info][gc,phases      ] GC(58)   Merge Heap Roots: 0.34ms
[2026-04-03T01:04:47.475+0600][13.247s][info][gc,phases      ] GC(58)   Evacuate Collection Set: 1.17ms
[2026-04-03T01:04:47.475+0600][13.247s][info][gc,phases      ] GC(58)   Post Evacuate Collection Set: 0.94ms
[2026-04-03T01:04:47.475+0600][13.247s][info][gc,phases      ] GC(58)   Other: 0.12ms
[2026-04-03T01:04:47.475+0600][13.247s][info][gc,heap        ] GC(58) Eden regions: 132->0(132)
[2026-04-03T01:04:47.475+0600][13.247s][info][gc,heap        ] GC(58) Survivor regions: 1->1(17)
[2026-04-03T01:04:47.475+0600][13.247s][info][gc,heap        ] GC(58) Old regions: 4->4
[2026-04-03T01:04:47.475+0600][13.247s][info][gc,heap        ] GC(58) Humongous regions: 6->6
[2026-04-03T01:04:47.475+0600][13.247s][info][gc,metaspace   ] GC(58) Metaspace: 9206K(9856K)->9206K(9856K) NonClass: 8162K(8512K)->8162K(8512K) Class: 1043K(1344K)->1043K(1344K)
[2026-04-03T01:04:47.475+0600][13.247s][info][gc             ] GC(58) Pause Young (Normal) (G1 Evacuation Pause) 281M->17M(444M) 3.342ms
[2026-04-03T01:04:47.475+0600][13.247s][info][gc,cpu         ] GC(58) User=0.01s Sys=0.00s Real=0.00s
[2026-04-03T01:04:47.610+0600][13.382s][info][gc,start       ] GC(59) Pause Young (Normal) (G1 Evacuation Pause)
[2026-04-03T01:04:47.610+0600][13.382s][info][gc,task        ] GC(59) Using 10 workers of 10 for evacuation
[2026-04-03T01:04:47.612+0600][13.384s][info][gc,phases      ] GC(59)   Pre Evacuate Collection Set: 0.31ms
[2026-04-03T01:04:47.612+0600][13.384s][info][gc,phases      ] GC(59)   Merge Heap Roots: 0.36ms
[2026-04-03T01:04:47.612+0600][13.384s][info][gc,phases      ] GC(59)   Evacuate Collection Set: 0.51ms
[2026-04-03T01:04:47.612+0600][13.384s][info][gc,phases      ] GC(59)   Post Evacuate Collection Set: 0.90ms
[2026-04-03T01:04:47.612+0600][13.384s][info][gc,phases      ] GC(59)   Other: 0.12ms
[2026-04-03T01:04:47.612+0600][13.384s][info][gc,heap        ] GC(59) Eden regions: 132->0(132)
[2026-04-03T01:04:47.612+0600][13.384s][info][gc,heap        ] GC(59) Survivor regions: 1->1(17)
[2026-04-03T01:04:47.613+0600][13.384s][info][gc,heap        ] GC(59) Old regions: 4->4
[2026-04-03T01:04:47.613+0600][13.384s][info][gc,heap        ] GC(59) Humongous regions: 6->6
[2026-04-03T01:04:47.613+0600][13.384s][info][gc,metaspace   ] GC(59) Metaspace: 9206K(9856K)->9206K(9856K) NonClass: 8162K(8512K)->8162K(8512K) Class: 1043K(1344K)->1043K(1344K)
[2026-04-03T01:04:47.613+0600][13.384s][info][gc             ] GC(59) Pause Young (Normal) (G1 Evacuation Pause) 281M->17M(444M) 2.590ms
[2026-04-03T01:04:47.613+0600][13.384s][info][gc,cpu         ] GC(59) User=0.01s Sys=0.00s Real=0.00s
[2026-04-03T01:04:47.757+0600][13.529s][info][gc,start       ] GC(60) Pause Young (Normal) (G1 Evacuation Pause)
[2026-04-03T01:04:47.757+0600][13.529s][info][gc,task        ] GC(60) Using 10 workers of 10 for evacuation
[2026-04-03T01:04:47.760+0600][13.532s][info][gc,phases      ] GC(60)   Pre Evacuate Collection Set: 0.42ms
[2026-04-03T01:04:47.760+0600][13.532s][info][gc,phases      ] GC(60)   Merge Heap Roots: 0.39ms
[2026-04-03T01:04:47.760+0600][13.532s][info][gc,phases      ] GC(60)   Evacuate Collection Set: 0.88ms
[2026-04-03T01:04:47.760+0600][13.532s][info][gc,phases      ] GC(60)   Post Evacuate Collection Set: 0.98ms
[2026-04-03T01:04:47.760+0600][13.532s][info][gc,phases      ] GC(60)   Other: 0.14ms
[2026-04-03T01:04:47.760+0600][13.532s][info][gc,heap        ] GC(60) Eden regions: 132->0(132)
[2026-04-03T01:04:47.760+0600][13.532s][info][gc,heap        ] GC(60) Survivor regions: 1->1(17)
[2026-04-03T01:04:47.760+0600][13.532s][info][gc,heap        ] GC(60) Old regions: 4->4
[2026-04-03T01:04:47.760+0600][13.532s][info][gc,heap        ] GC(60) Humongous regions: 6->6
[2026-04-03T01:04:47.760+0600][13.532s][info][gc,metaspace   ] GC(60) Metaspace: 9206K(9856K)->9206K(9856K) NonClass: 8162K(8512K)->8162K(8512K) Class: 1043K(1344K)->1043K(1344K)
[2026-04-03T01:04:47.760+0600][13.532s][info][gc             ] GC(60) Pause Young (Normal) (G1 Evacuation Pause) 281M->17M(444M) 3.177ms
[2026-04-03T01:04:47.760+0600][13.532s][info][gc,cpu         ] GC(60) User=0.01s Sys=0.00s Real=0.01s
[2026-04-03T01:04:47.904+0600][13.676s][info][gc,start       ] GC(61) Pause Young (Normal) (G1 Evacuation Pause)
[2026-04-03T01:04:47.904+0600][13.676s][info][gc,task        ] GC(61) Using 10 workers of 10 for evacuation
[2026-04-03T01:04:47.906+0600][13.677s][info][gc,phases      ] GC(61)   Pre Evacuate Collection Set: 0.26ms
[2026-04-03T01:04:47.906+0600][13.678s][info][gc,phases      ] GC(61)   Merge Heap Roots: 0.17ms
[2026-04-03T01:04:47.906+0600][13.678s][info][gc,phases      ] GC(61)   Evacuate Collection Set: 0.54ms
[2026-04-03T01:04:47.906+0600][13.678s][info][gc,phases      ] GC(61)   Post Evacuate Collection Set: 0.76ms
[2026-04-03T01:04:47.906+0600][13.678s][info][gc,phases      ] GC(61)   Other: 0.11ms
[2026-04-03T01:04:47.906+0600][13.678s][info][gc,heap        ] GC(61) Eden regions: 132->0(132)
[2026-04-03T01:04:47.906+0600][13.678s][info][gc,heap        ] GC(61) Survivor regions: 1->1(17)
[2026-04-03T01:04:47.906+0600][13.678s][info][gc,heap        ] GC(61) Old regions: 4->4
[2026-04-03T01:04:47.906+0600][13.678s][info][gc,heap        ] GC(61) Humongous regions: 6->6
[2026-04-03T01:04:47.906+0600][13.678s][info][gc,metaspace   ] GC(61) Metaspace: 9206K(9856K)->9206K(9856K) NonClass: 8162K(8512K)->8162K(8512K) Class: 1043K(1344K)->1043K(1344K)
[2026-04-03T01:04:47.906+0600][13.678s][info][gc             ] GC(61) Pause Young (Normal) (G1 Evacuation Pause) 281M->17M(444M) 2.116ms
[2026-04-03T01:04:47.906+0600][13.678s][info][gc,cpu         ] GC(61) User=0.01s Sys=0.01s Real=0.00s
[2026-04-03T01:04:48.040+0600][13.812s][info][gc,start       ] GC(62) Pause Young (Normal) (G1 Evacuation Pause)
[2026-04-03T01:04:48.041+0600][13.812s][info][gc,task        ] GC(62) Using 10 workers of 10 for evacuation
[2026-04-03T01:04:48.043+0600][13.814s][info][gc,phases      ] GC(62)   Pre Evacuate Collection Set: 0.45ms
[2026-04-03T01:04:48.043+0600][13.814s][info][gc,phases      ] GC(62)   Merge Heap Roots: 0.13ms
[2026-04-03T01:04:48.043+0600][13.814s][info][gc,phases      ] GC(62)   Evacuate Collection Set: 0.39ms
[2026-04-03T01:04:48.043+0600][13.814s][info][gc,phases      ] GC(62)   Post Evacuate Collection Set: 0.90ms
[2026-04-03T01:04:48.043+0600][13.814s][info][gc,phases      ] GC(62)   Other: 0.13ms
[2026-04-03T01:04:48.043+0600][13.814s][info][gc,heap        ] GC(62) Eden regions: 132->0(132)
[2026-04-03T01:04:48.043+0600][13.814s][info][gc,heap        ] GC(62) Survivor regions: 1->1(17)
[2026-04-03T01:04:48.043+0600][13.814s][info][gc,heap        ] GC(62) Old regions: 4->4
[2026-04-03T01:04:48.043+0600][13.814s][info][gc,heap        ] GC(62) Humongous regions: 6->6
[2026-04-03T01:04:48.043+0600][13.814s][info][gc,metaspace   ] GC(62) Metaspace: 9206K(9856K)->9206K(9856K) NonClass: 8162K(8512K)->8162K(8512K) Class: 1043K(1344K)->1043K(1344K)
[2026-04-03T01:04:48.043+0600][13.814s][info][gc             ] GC(62) Pause Young (Normal) (G1 Evacuation Pause) 281M->17M(444M) 2.269ms
[2026-04-03T01:04:48.043+0600][13.814s][info][gc,cpu         ] GC(62) User=0.01s Sys=0.00s Real=0.00s
[2026-04-03T01:04:48.159+0600][13.930s][info][gc,start       ] GC(63) Pause Young (Normal) (G1 Evacuation Pause)
[2026-04-03T01:04:48.159+0600][13.931s][info][gc,task        ] GC(63) Using 10 workers of 10 for evacuation
[2026-04-03T01:04:48.161+0600][13.933s][info][gc,phases      ] GC(63)   Pre Evacuate Collection Set: 0.38ms
[2026-04-03T01:04:48.161+0600][13.933s][info][gc,phases      ] GC(63)   Merge Heap Roots: 0.18ms
[2026-04-03T01:04:48.161+0600][13.933s][info][gc,phases      ] GC(63)   Evacuate Collection Set: 0.51ms
[2026-04-03T01:04:48.161+0600][13.933s][info][gc,phases      ] GC(63)   Post Evacuate Collection Set: 0.76ms
[2026-04-03T01:04:48.161+0600][13.933s][info][gc,phases      ] GC(63)   Other: 0.11ms
[2026-04-03T01:04:48.161+0600][13.933s][info][gc,heap        ] GC(63) Eden regions: 132->0(132)
[2026-04-03T01:04:48.161+0600][13.933s][info][gc,heap        ] GC(63) Survivor regions: 1->1(17)
[2026-04-03T01:04:48.161+0600][13.933s][info][gc,heap        ] GC(63) Old regions: 4->4
[2026-04-03T01:04:48.161+0600][13.933s][info][gc,heap        ] GC(63) Humongous regions: 6->6
[2026-04-03T01:04:48.161+0600][13.933s][info][gc,metaspace   ] GC(63) Metaspace: 9206K(9856K)->9206K(9856K) NonClass: 8162K(8512K)->8162K(8512K) Class: 1043K(1344K)->1043K(1344K)
[2026-04-03T01:04:48.161+0600][13.933s][info][gc             ] GC(63) Pause Young (Normal) (G1 Evacuation Pause) 281M->17M(444M) 2.251ms
[2026-04-03T01:04:48.161+0600][13.933s][info][gc,cpu         ] GC(63) User=0.01s Sys=0.00s Real=0.01s
[2026-04-03T01:04:48.290+0600][14.062s][info][gc,start       ] GC(64) Pause Young (Normal) (G1 Evacuation Pause)
[2026-04-03T01:04:48.290+0600][14.062s][info][gc,task        ] GC(64) Using 10 workers of 10 for evacuation
[2026-04-03T01:04:48.293+0600][14.064s][info][gc,phases      ] GC(64)   Pre Evacuate Collection Set: 0.36ms
[2026-04-03T01:04:48.293+0600][14.064s][info][gc,phases      ] GC(64)   Merge Heap Roots: 0.23ms
[2026-04-03T01:04:48.293+0600][14.064s][info][gc,phases      ] GC(64)   Evacuate Collection Set: 0.65ms
[2026-04-03T01:04:48.293+0600][14.064s][info][gc,phases      ] GC(64)   Post Evacuate Collection Set: 1.00ms
[2026-04-03T01:04:48.293+0600][14.064s][info][gc,phases      ] GC(64)   Other: 0.13ms
[2026-04-03T01:04:48.293+0600][14.064s][info][gc,heap        ] GC(64) Eden regions: 132->0(132)
[2026-04-03T01:04:48.293+0600][14.065s][info][gc,heap        ] GC(64) Survivor regions: 1->1(17)
[2026-04-03T01:04:48.293+0600][14.065s][info][gc,heap        ] GC(64) Old regions: 4->4
[2026-04-03T01:04:48.293+0600][14.065s][info][gc,heap        ] GC(64) Humongous regions: 6->6
[2026-04-03T01:04:48.293+0600][14.065s][info][gc,metaspace   ] GC(64) Metaspace: 9206K(9856K)->9206K(9856K) NonClass: 8162K(8512K)->8162K(8512K) Class: 1043K(1344K)->1043K(1344K)
[2026-04-03T01:04:48.293+0600][14.065s][info][gc             ] GC(64) Pause Young (Normal) (G1 Evacuation Pause) 281M->17M(444M) 2.941ms
[2026-04-03T01:04:48.293+0600][14.065s][info][gc,cpu         ] GC(64) User=0.01s Sys=0.00s Real=0.00s
[2026-04-03T01:04:48.434+0600][14.206s][info][gc,start       ] GC(65) Pause Young (Normal) (G1 Evacuation Pause)
[2026-04-03T01:04:48.434+0600][14.206s][info][gc,task        ] GC(65) Using 10 workers of 10 for evacuation
[2026-04-03T01:04:48.436+0600][14.208s][info][gc,phases      ] GC(65)   Pre Evacuate Collection Set: 0.34ms
[2026-04-03T01:04:48.436+0600][14.208s][info][gc,phases      ] GC(65)   Merge Heap Roots: 0.19ms
[2026-04-03T01:04:48.436+0600][14.208s][info][gc,phases      ] GC(65)   Evacuate Collection Set: 0.52ms
[2026-04-03T01:04:48.436+0600][14.208s][info][gc,phases      ] GC(65)   Post Evacuate Collection Set: 0.89ms
[2026-04-03T01:04:48.436+0600][14.208s][info][gc,phases      ] GC(65)   Other: 0.11ms
[2026-04-03T01:04:48.436+0600][14.208s][info][gc,heap        ] GC(65) Eden regions: 132->0(132)
[2026-04-03T01:04:48.436+0600][14.208s][info][gc,heap        ] GC(65) Survivor regions: 1->1(17)
[2026-04-03T01:04:48.436+0600][14.208s][info][gc,heap        ] GC(65) Old regions: 4->4
[2026-04-03T01:04:48.436+0600][14.208s][info][gc,heap        ] GC(65) Humongous regions: 6->6
[2026-04-03T01:04:48.436+0600][14.208s][info][gc,metaspace   ] GC(65) Metaspace: 9206K(9856K)->9206K(9856K) NonClass: 8162K(8512K)->8162K(8512K) Class: 1043K(1344K)->1043K(1344K)
[2026-04-03T01:04:48.436+0600][14.208s][info][gc             ] GC(65) Pause Young (Normal) (G1 Evacuation Pause) 281M->17M(444M) 2.354ms
[2026-04-03T01:04:48.436+0600][14.208s][info][gc,cpu         ] GC(65) User=0.01s Sys=0.00s Real=0.00s
[2026-04-03T01:04:48.561+0600][14.333s][info][gc,start       ] GC(66) Pause Young (Normal) (G1 Evacuation Pause)
[2026-04-03T01:04:48.561+0600][14.333s][info][gc,task        ] GC(66) Using 10 workers of 10 for evacuation
[2026-04-03T01:04:48.564+0600][14.335s][info][gc,phases      ] GC(66)   Pre Evacuate Collection Set: 0.37ms
[2026-04-03T01:04:48.564+0600][14.335s][info][gc,phases      ] GC(66)   Merge Heap Roots: 0.27ms
[2026-04-03T01:04:48.564+0600][14.335s][info][gc,phases      ] GC(66)   Evacuate Collection Set: 0.92ms
[2026-04-03T01:04:48.564+0600][14.335s][info][gc,phases      ] GC(66)   Post Evacuate Collection Set: 0.77ms
[2026-04-03T01:04:48.564+0600][14.335s][info][gc,phases      ] GC(66)   Other: 0.10ms
[2026-04-03T01:04:48.564+0600][14.335s][info][gc,heap        ] GC(66) Eden regions: 132->0(132)
[2026-04-03T01:04:48.564+0600][14.335s][info][gc,heap        ] GC(66) Survivor regions: 1->1(17)
[2026-04-03T01:04:48.564+0600][14.335s][info][gc,heap        ] GC(66) Old regions: 4->4
[2026-04-03T01:04:48.564+0600][14.335s][info][gc,heap        ] GC(66) Humongous regions: 6->6
[2026-04-03T01:04:48.564+0600][14.335s][info][gc,metaspace   ] GC(66) Metaspace: 9206K(9856K)->9206K(9856K) NonClass: 8162K(8512K)->8162K(8512K) Class: 1043K(1344K)->1043K(1344K)
[2026-04-03T01:04:48.564+0600][14.336s][info][gc             ] GC(66) Pause Young (Normal) (G1 Evacuation Pause) 281M->17M(444M) 2.759ms
[2026-04-03T01:04:48.564+0600][14.336s][info][gc,cpu         ] GC(66) User=0.01s Sys=0.00s Real=0.00s
[2026-04-03T01:04:48.680+0600][14.452s][info][gc,start       ] GC(67) Pause Young (Normal) (G1 Evacuation Pause)
[2026-04-03T01:04:48.680+0600][14.452s][info][gc,task        ] GC(67) Using 10 workers of 10 for evacuation
[2026-04-03T01:04:48.682+0600][14.454s][info][gc,phases      ] GC(67)   Pre Evacuate Collection Set: 0.21ms
[2026-04-03T01:04:48.682+0600][14.454s][info][gc,phases      ] GC(67)   Merge Heap Roots: 0.12ms
[2026-04-03T01:04:48.682+0600][14.454s][info][gc,phases      ] GC(67)   Evacuate Collection Set: 0.45ms
[2026-04-03T01:04:48.682+0600][14.454s][info][gc,phases      ] GC(67)   Post Evacuate Collection Set: 1.25ms
[2026-04-03T01:04:48.682+0600][14.454s][info][gc,phases      ] GC(67)   Other: 0.09ms
[2026-04-03T01:04:48.682+0600][14.454s][info][gc,heap        ] GC(67) Eden regions: 132->0(159)
[2026-04-03T01:04:48.682+0600][14.454s][info][gc,heap        ] GC(67) Survivor regions: 1->1(17)
[2026-04-03T01:04:48.682+0600][14.454s][info][gc,heap        ] GC(67) Old regions: 4->4
[2026-04-03T01:04:48.682+0600][14.454s][info][gc,heap        ] GC(67) Humongous regions: 6->6
[2026-04-03T01:04:48.682+0600][14.454s][info][gc,metaspace   ] GC(67) Metaspace: 9206K(9856K)->9206K(9856K) NonClass: 8162K(8512K)->8162K(8512K) Class: 1043K(1344K)->1043K(1344K)
[2026-04-03T01:04:48.682+0600][14.454s][info][gc             ] GC(67) Pause Young (Normal) (G1 Evacuation Pause) 281M->17M(534M) 2.370ms
[2026-04-03T01:04:48.682+0600][14.454s][info][gc,cpu         ] GC(67) User=0.01s Sys=0.00s Real=0.00s
[2026-04-03T01:04:48.843+0600][14.615s][info][gc,start       ] GC(68) Pause Young (Normal) (G1 Evacuation Pause)
[2026-04-03T01:04:48.843+0600][14.615s][info][gc,task        ] GC(68) Using 10 workers of 10 for evacuation
[2026-04-03T01:04:48.846+0600][14.617s][info][gc,phases      ] GC(68)   Pre Evacuate Collection Set: 0.51ms
[2026-04-03T01:04:48.846+0600][14.617s][info][gc,phases      ] GC(68)   Merge Heap Roots: 0.22ms
[2026-04-03T01:04:48.846+0600][14.617s][info][gc,phases      ] GC(68)   Evacuate Collection Set: 0.71ms
[2026-04-03T01:04:48.846+0600][14.617s][info][gc,phases      ] GC(68)   Post Evacuate Collection Set: 0.58ms
[2026-04-03T01:04:48.846+0600][14.617s][info][gc,phases      ] GC(68)   Other: 0.23ms
[2026-04-03T01:04:48.846+0600][14.617s][info][gc,heap        ] GC(68) Eden regions: 159->0(159)
[2026-04-03T01:04:48.846+0600][14.617s][info][gc,heap        ] GC(68) Survivor regions: 1->1(20)
[2026-04-03T01:04:48.846+0600][14.617s][info][gc,heap        ] GC(68) Old regions: 4->4
[2026-04-03T01:04:48.846+0600][14.617s][info][gc,heap        ] GC(68) Humongous regions: 6->6
[2026-04-03T01:04:48.846+0600][14.617s][info][gc,metaspace   ] GC(68) Metaspace: 9206K(9856K)->9206K(9856K) NonClass: 8162K(8512K)->8162K(8512K) Class: 1043K(1344K)->1043K(1344K)
[2026-04-03T01:04:48.846+0600][14.617s][info][gc             ] GC(68) Pause Young (Normal) (G1 Evacuation Pause) 335M->17M(534M) 2.574ms
[2026-04-03T01:04:48.846+0600][14.618s][info][gc,cpu         ] GC(68) User=0.01s Sys=0.00s Real=0.00s
[2026-04-03T01:04:49.028+0600][14.800s][info][gc,start       ] GC(69) Pause Young (Normal) (G1 Evacuation Pause)
[2026-04-03T01:04:49.028+0600][14.800s][info][gc,task        ] GC(69) Using 10 workers of 10 for evacuation
[2026-04-03T01:04:49.030+0600][14.802s][info][gc,phases      ] GC(69)   Pre Evacuate Collection Set: 0.26ms
[2026-04-03T01:04:49.030+0600][14.802s][info][gc,phases      ] GC(69)   Merge Heap Roots: 0.15ms
[2026-04-03T01:04:49.030+0600][14.802s][info][gc,phases      ] GC(69)   Evacuate Collection Set: 0.49ms
[2026-04-03T01:04:49.030+0600][14.802s][info][gc,phases      ] GC(69)   Post Evacuate Collection Set: 0.54ms
[2026-04-03T01:04:49.030+0600][14.802s][info][gc,phases      ] GC(69)   Other: 0.09ms
[2026-04-03T01:04:49.030+0600][14.802s][info][gc,heap        ] GC(69) Eden regions: 159->0(159)
[2026-04-03T01:04:49.030+0600][14.802s][info][gc,heap        ] GC(69) Survivor regions: 1->1(20)
[2026-04-03T01:04:49.030+0600][14.802s][info][gc,heap        ] GC(69) Old regions: 4->4
[2026-04-03T01:04:49.030+0600][14.802s][info][gc,heap        ] GC(69) Humongous regions: 6->6
[2026-04-03T01:04:49.030+0600][14.802s][info][gc,metaspace   ] GC(69) Metaspace: 9206K(9856K)->9206K(9856K) NonClass: 8162K(8512K)->8162K(8512K) Class: 1043K(1344K)->1043K(1344K)
[2026-04-03T01:04:49.030+0600][14.802s][info][gc             ] GC(69) Pause Young (Normal) (G1 Evacuation Pause) 335M->17M(534M) 1.815ms
[2026-04-03T01:04:49.030+0600][14.802s][info][gc,cpu         ] GC(69) User=0.01s Sys=0.00s Real=0.01s
[2026-04-03T01:04:49.172+0600][14.944s][info][gc,start       ] GC(70) Pause Young (Normal) (G1 Evacuation Pause)
[2026-04-03T01:04:49.172+0600][14.944s][info][gc,task        ] GC(70) Using 10 workers of 10 for evacuation
[2026-04-03T01:04:49.175+0600][14.947s][info][gc,phases      ] GC(70)   Pre Evacuate Collection Set: 0.25ms
[2026-04-03T01:04:49.175+0600][14.947s][info][gc,phases      ] GC(70)   Merge Heap Roots: 0.14ms
[2026-04-03T01:04:49.175+0600][14.947s][info][gc,phases      ] GC(70)   Evacuate Collection Set: 1.74ms
[2026-04-03T01:04:49.175+0600][14.947s][info][gc,phases      ] GC(70)   Post Evacuate Collection Set: 0.60ms
[2026-04-03T01:04:49.175+0600][14.947s][info][gc,phases      ] GC(70)   Other: 0.09ms
[2026-04-03T01:04:49.175+0600][14.947s][info][gc,heap        ] GC(70) Eden regions: 159->0(159)
[2026-04-03T01:04:49.175+0600][14.947s][info][gc,heap        ] GC(70) Survivor regions: 1->1(20)
[2026-04-03T01:04:49.175+0600][14.947s][info][gc,heap        ] GC(70) Old regions: 4->4
[2026-04-03T01:04:49.175+0600][14.947s][info][gc,heap        ] GC(70) Humongous regions: 6->6
[2026-04-03T01:04:49.175+0600][14.947s][info][gc,metaspace   ] GC(70) Metaspace: 9206K(9856K)->9206K(9856K) NonClass: 8162K(8512K)->8162K(8512K) Class: 1043K(1344K)->1043K(1344K)
[2026-04-03T01:04:49.175+0600][14.947s][info][gc             ] GC(70) Pause Young (Normal) (G1 Evacuation Pause) 335M->17M(534M) 3.073ms
[2026-04-03T01:04:49.175+0600][14.947s][info][gc,cpu         ] GC(70) User=0.01s Sys=0.00s Real=0.00s
[2026-04-03T01:04:49.310+0600][15.082s][info][gc,start       ] GC(71) Pause Young (Normal) (G1 Evacuation Pause)
[2026-04-03T01:04:49.310+0600][15.082s][info][gc,task        ] GC(71) Using 10 workers of 10 for evacuation
[2026-04-03T01:04:49.312+0600][15.083s][info][gc,phases      ] GC(71)   Pre Evacuate Collection Set: 0.45ms
[2026-04-03T01:04:49.312+0600][15.083s][info][gc,phases      ] GC(71)   Merge Heap Roots: 0.12ms
[2026-04-03T01:04:49.312+0600][15.083s][info][gc,phases      ] GC(71)   Evacuate Collection Set: 0.39ms
[2026-04-03T01:04:49.312+0600][15.083s][info][gc,phases      ] GC(71)   Post Evacuate Collection Set: 0.62ms
[2026-04-03T01:04:49.312+0600][15.083s][info][gc,phases      ] GC(71)   Other: 0.09ms
[2026-04-03T01:04:49.312+0600][15.083s][info][gc,heap        ] GC(71) Eden regions: 159->0(159)
[2026-04-03T01:04:49.312+0600][15.083s][info][gc,heap        ] GC(71) Survivor regions: 1->1(20)
[2026-04-03T01:04:49.312+0600][15.083s][info][gc,heap        ] GC(71) Old regions: 4->4
[2026-04-03T01:04:49.312+0600][15.083s][info][gc,heap        ] GC(71) Humongous regions: 6->6
[2026-04-03T01:04:49.312+0600][15.083s][info][gc,metaspace   ] GC(71) Metaspace: 9206K(9856K)->9206K(9856K) NonClass: 8162K(8512K)->8162K(8512K) Class: 1043K(1344K)->1043K(1344K)
[2026-04-03T01:04:49.312+0600][15.084s][info][gc             ] GC(71) Pause Young (Normal) (G1 Evacuation Pause) 335M->17M(534M) 1.994ms
[2026-04-03T01:04:49.312+0600][15.084s][info][gc,cpu         ] GC(71) User=0.01s Sys=0.00s Real=0.00s
[2026-04-03T01:04:49.457+0600][15.229s][info][gc,start       ] GC(72) Pause Young (Normal) (G1 Evacuation Pause)
[2026-04-03T01:04:49.457+0600][15.229s][info][gc,task        ] GC(72) Using 10 workers of 10 for evacuation
[2026-04-03T01:04:49.459+0600][15.231s][info][gc,phases      ] GC(72)   Pre Evacuate Collection Set: 0.36ms
[2026-04-03T01:04:49.459+0600][15.231s][info][gc,phases      ] GC(72)   Merge Heap Roots: 0.19ms
[2026-04-03T01:04:49.459+0600][15.231s][info][gc,phases      ] GC(72)   Evacuate Collection Set: 0.48ms
[2026-04-03T01:04:49.459+0600][15.231s][info][gc,phases      ] GC(72)   Post Evacuate Collection Set: 0.65ms
[2026-04-03T01:04:49.459+0600][15.231s][info][gc,phases      ] GC(72)   Other: 0.12ms
[2026-04-03T01:04:49.459+0600][15.231s][info][gc,heap        ] GC(72) Eden regions: 159->0(159)
[2026-04-03T01:04:49.459+0600][15.231s][info][gc,heap        ] GC(72) Survivor regions: 1->1(20)
[2026-04-03T01:04:49.459+0600][15.231s][info][gc,heap        ] GC(72) Old regions: 4->4
[2026-04-03T01:04:49.459+0600][15.231s][info][gc,heap        ] GC(72) Humongous regions: 6->6
[2026-04-03T01:04:49.459+0600][15.231s][info][gc,metaspace   ] GC(72) Metaspace: 9206K(9856K)->9206K(9856K) NonClass: 8162K(8512K)->8162K(8512K) Class: 1043K(1344K)->1043K(1344K)
[2026-04-03T01:04:49.459+0600][15.231s][info][gc             ] GC(72) Pause Young (Normal) (G1 Evacuation Pause) 335M->17M(534M) 2.131ms
[2026-04-03T01:04:49.459+0600][15.231s][info][gc,cpu         ] GC(72) User=0.00s Sys=0.00s Real=0.00s
[2026-04-03T01:04:49.608+0600][15.380s][info][gc,start       ] GC(73) Pause Young (Normal) (G1 Evacuation Pause)
[2026-04-03T01:04:49.608+0600][15.380s][info][gc,task        ] GC(73) Using 10 workers of 10 for evacuation
[2026-04-03T01:04:49.611+0600][15.382s][info][gc,phases      ] GC(73)   Pre Evacuate Collection Set: 0.39ms
[2026-04-03T01:04:49.611+0600][15.382s][info][gc,phases      ] GC(73)   Merge Heap Roots: 0.17ms
[2026-04-03T01:04:49.611+0600][15.382s][info][gc,phases      ] GC(73)   Evacuate Collection Set: 1.20ms
[2026-04-03T01:04:49.611+0600][15.382s][info][gc,phases      ] GC(73)   Post Evacuate Collection Set: 0.67ms
[2026-04-03T01:04:49.611+0600][15.382s][info][gc,phases      ] GC(73)   Other: 0.11ms
[2026-04-03T01:04:49.611+0600][15.382s][info][gc,heap        ] GC(73) Eden regions: 159->0(159)
[2026-04-03T01:04:49.611+0600][15.382s][info][gc,heap        ] GC(73) Survivor regions: 1->1(20)
[2026-04-03T01:04:49.611+0600][15.383s][info][gc,heap        ] GC(73) Old regions: 4->4
[2026-04-03T01:04:49.611+0600][15.383s][info][gc,heap        ] GC(73) Humongous regions: 6->6
[2026-04-03T01:04:49.611+0600][15.383s][info][gc,metaspace   ] GC(73) Metaspace: 9211K(9856K)->9211K(9856K) NonClass: 8168K(8512K)->8168K(8512K) Class: 1043K(1344K)->1043K(1344K)
[2026-04-03T01:04:49.611+0600][15.383s][info][gc             ] GC(73) Pause Young (Normal) (G1 Evacuation Pause) 335M->17M(534M) 3.023ms
[2026-04-03T01:04:49.611+0600][15.383s][info][gc,cpu         ] GC(73) User=0.01s Sys=0.00s Real=0.01s
[2026-04-03T01:04:49.781+0600][15.553s][info][gc,start       ] GC(74) Pause Young (Normal) (G1 Evacuation Pause)
[2026-04-03T01:04:49.781+0600][15.553s][info][gc,task        ] GC(74) Using 10 workers of 10 for evacuation
[2026-04-03T01:04:49.784+0600][15.555s][info][gc,phases      ] GC(74)   Pre Evacuate Collection Set: 0.47ms
[2026-04-03T01:04:49.784+0600][15.555s][info][gc,phases      ] GC(74)   Merge Heap Roots: 0.22ms
[2026-04-03T01:04:49.784+0600][15.555s][info][gc,phases      ] GC(74)   Evacuate Collection Set: 0.66ms
[2026-04-03T01:04:49.784+0600][15.555s][info][gc,phases      ] GC(74)   Post Evacuate Collection Set: 1.00ms
[2026-04-03T01:04:49.784+0600][15.555s][info][gc,phases      ] GC(74)   Other: 0.15ms
[2026-04-03T01:04:49.784+0600][15.555s][info][gc,heap        ] GC(74) Eden regions: 159->0(159)
[2026-04-03T01:04:49.784+0600][15.555s][info][gc,heap        ] GC(74) Survivor regions: 1->1(20)
[2026-04-03T01:04:49.784+0600][15.555s][info][gc,heap        ] GC(74) Old regions: 4->4
[2026-04-03T01:04:49.784+0600][15.555s][info][gc,heap        ] GC(74) Humongous regions: 6->6
[2026-04-03T01:04:49.784+0600][15.555s][info][gc,metaspace   ] GC(74) Metaspace: 9211K(9856K)->9211K(9856K) NonClass: 8168K(8512K)->8168K(8512K) Class: 1043K(1344K)->1043K(1344K)
[2026-04-03T01:04:49.784+0600][15.555s][info][gc             ] GC(74) Pause Young (Normal) (G1 Evacuation Pause) 335M->17M(534M) 2.983ms
[2026-04-03T01:04:49.784+0600][15.556s][info][gc,cpu         ] GC(74) User=0.00s Sys=0.01s Real=0.00s
[2026-04-03T01:04:49.959+0600][15.731s][info][gc,start       ] GC(75) Pause Young (Normal) (G1 Evacuation Pause)
[2026-04-03T01:04:49.959+0600][15.731s][info][gc,task        ] GC(75) Using 10 workers of 10 for evacuation
[2026-04-03T01:04:49.961+0600][15.733s][info][gc,phases      ] GC(75)   Pre Evacuate Collection Set: 0.25ms
[2026-04-03T01:04:49.961+0600][15.733s][info][gc,phases      ] GC(75)   Merge Heap Roots: 0.21ms
[2026-04-03T01:04:49.961+0600][15.733s][info][gc,phases      ] GC(75)   Evacuate Collection Set: 0.48ms
[2026-04-03T01:04:49.961+0600][15.733s][info][gc,phases      ] GC(75)   Post Evacuate Collection Set: 0.80ms
[2026-04-03T01:04:49.961+0600][15.733s][info][gc,phases      ] GC(75)   Other: 0.13ms
[2026-04-03T01:04:49.961+0600][15.733s][info][gc,heap        ] GC(75) Eden regions: 159->0(159)
[2026-04-03T01:04:49.961+0600][15.733s][info][gc,heap        ] GC(75) Survivor regions: 1->1(20)
[2026-04-03T01:04:49.961+0600][15.733s][info][gc,heap        ] GC(75) Old regions: 4->4
[2026-04-03T01:04:49.961+0600][15.733s][info][gc,heap        ] GC(75) Humongous regions: 6->6
[2026-04-03T01:04:49.961+0600][15.733s][info][gc,metaspace   ] GC(75) Metaspace: 9211K(9856K)->9211K(9856K) NonClass: 8168K(8512K)->8168K(8512K) Class: 1043K(1344K)->1043K(1344K)
[2026-04-03T01:04:49.961+0600][15.733s][info][gc             ] GC(75) Pause Young (Normal) (G1 Evacuation Pause) 335M->17M(534M) 2.137ms
[2026-04-03T01:04:49.961+0600][15.733s][info][gc,cpu         ] GC(75) User=0.00s Sys=0.00s Real=0.01s
[2026-04-03T01:04:50.124+0600][15.895s][info][gc,start       ] GC(76) Pause Young (Normal) (G1 Evacuation Pause)
[2026-04-03T01:04:50.124+0600][15.895s][info][gc,task        ] GC(76) Using 10 workers of 10 for evacuation
[2026-04-03T01:04:50.126+0600][15.897s][info][gc,phases      ] GC(76)   Pre Evacuate Collection Set: 0.35ms
[2026-04-03T01:04:50.126+0600][15.898s][info][gc,phases      ] GC(76)   Merge Heap Roots: 0.18ms
[2026-04-03T01:04:50.126+0600][15.898s][info][gc,phases      ] GC(76)   Evacuate Collection Set: 0.62ms
[2026-04-03T01:04:50.126+0600][15.898s][info][gc,phases      ] GC(76)   Post Evacuate Collection Set: 0.76ms
[2026-04-03T01:04:50.126+0600][15.898s][info][gc,phases      ] GC(76)   Other: 0.13ms
[2026-04-03T01:04:50.126+0600][15.898s][info][gc,heap        ] GC(76) Eden regions: 159->0(159)
[2026-04-03T01:04:50.126+0600][15.898s][info][gc,heap        ] GC(76) Survivor regions: 1->1(20)
[2026-04-03T01:04:50.126+0600][15.898s][info][gc,heap        ] GC(76) Old regions: 4->4
[2026-04-03T01:04:50.126+0600][15.898s][info][gc,heap        ] GC(76) Humongous regions: 6->6
[2026-04-03T01:04:50.126+0600][15.898s][info][gc,metaspace   ] GC(76) Metaspace: 9211K(9856K)->9211K(9856K) NonClass: 8168K(8512K)->8168K(8512K) Class: 1043K(1344K)->1043K(1344K)
[2026-04-03T01:04:50.126+0600][15.898s][info][gc             ] GC(76) Pause Young (Normal) (G1 Evacuation Pause) 335M->17M(534M) 2.517ms
[2026-04-03T01:04:50.126+0600][15.898s][info][gc,cpu         ] GC(76) User=0.01s Sys=0.00s Real=0.00s
[2026-04-03T01:04:50.286+0600][16.058s][info][gc,start       ] GC(77) Pause Young (Normal) (G1 Evacuation Pause)
[2026-04-03T01:04:50.286+0600][16.058s][info][gc,task        ] GC(77) Using 10 workers of 10 for evacuation
[2026-04-03T01:04:50.289+0600][16.060s][info][gc,phases      ] GC(77)   Pre Evacuate Collection Set: 0.31ms
[2026-04-03T01:04:50.289+0600][16.060s][info][gc,phases      ] GC(77)   Merge Heap Roots: 0.19ms
[2026-04-03T01:04:50.289+0600][16.060s][info][gc,phases      ] GC(77)   Evacuate Collection Set: 0.58ms
[2026-04-03T01:04:50.289+0600][16.060s][info][gc,phases      ] GC(77)   Post Evacuate Collection Set: 0.95ms
[2026-04-03T01:04:50.289+0600][16.060s][info][gc,phases      ] GC(77)   Other: 0.13ms
[2026-04-03T01:04:50.289+0600][16.060s][info][gc,heap        ] GC(77) Eden regions: 159->0(159)
[2026-04-03T01:04:50.289+0600][16.060s][info][gc,heap        ] GC(77) Survivor regions: 1->1(20)
[2026-04-03T01:04:50.289+0600][16.060s][info][gc,heap        ] GC(77) Old regions: 4->4
[2026-04-03T01:04:50.289+0600][16.060s][info][gc,heap        ] GC(77) Humongous regions: 6->6
[2026-04-03T01:04:50.289+0600][16.060s][info][gc,metaspace   ] GC(77) Metaspace: 9211K(9856K)->9211K(9856K) NonClass: 8168K(8512K)->8168K(8512K) Class: 1043K(1344K)->1043K(1344K)
[2026-04-03T01:04:50.289+0600][16.061s][info][gc             ] GC(77) Pause Young (Normal) (G1 Evacuation Pause) 335M->17M(534M) 2.925ms
[2026-04-03T01:04:50.289+0600][16.061s][info][gc,cpu         ] GC(77) User=0.00s Sys=0.00s Real=0.00s
[2026-04-03T01:04:50.449+0600][16.221s][info][gc,start       ] GC(78) Pause Young (Normal) (G1 Evacuation Pause)
[2026-04-03T01:04:50.449+0600][16.221s][info][gc,task        ] GC(78) Using 10 workers of 10 for evacuation
[2026-04-03T01:04:50.452+0600][16.224s][info][gc,phases      ] GC(78)   Pre Evacuate Collection Set: 0.23ms
[2026-04-03T01:04:50.452+0600][16.224s][info][gc,phases      ] GC(78)   Merge Heap Roots: 0.15ms
[2026-04-03T01:04:50.452+0600][16.224s][info][gc,phases      ] GC(78)   Evacuate Collection Set: 1.86ms
[2026-04-03T01:04:50.452+0600][16.224s][info][gc,phases      ] GC(78)   Post Evacuate Collection Set: 0.79ms
[2026-04-03T01:04:50.452+0600][16.224s][info][gc,phases      ] GC(78)   Other: 0.10ms
[2026-04-03T01:04:50.452+0600][16.224s][info][gc,heap        ] GC(78) Eden regions: 159->0(159)
[2026-04-03T01:04:50.452+0600][16.224s][info][gc,heap        ] GC(78) Survivor regions: 1->1(20)
[2026-04-03T01:04:50.452+0600][16.224s][info][gc,heap        ] GC(78) Old regions: 4->4
[2026-04-03T01:04:50.452+0600][16.224s][info][gc,heap        ] GC(78) Humongous regions: 6->6
[2026-04-03T01:04:50.452+0600][16.224s][info][gc,metaspace   ] GC(78) Metaspace: 9211K(9856K)->9211K(9856K) NonClass: 8168K(8512K)->8168K(8512K) Class: 1043K(1344K)->1043K(1344K)
[2026-04-03T01:04:50.452+0600][16.224s][info][gc             ] GC(78) Pause Young (Normal) (G1 Evacuation Pause) 335M->17M(534M) 3.412ms
[2026-04-03T01:04:50.452+0600][16.224s][info][gc,cpu         ] GC(78) User=0.01s Sys=0.00s Real=0.01s
[2026-04-03T01:04:50.591+0600][16.363s][info][gc,start       ] GC(79) Pause Young (Normal) (G1 Evacuation Pause)
[2026-04-03T01:04:50.591+0600][16.363s][info][gc,task        ] GC(79) Using 10 workers of 10 for evacuation
[2026-04-03T01:04:50.593+0600][16.364s][info][gc,phases      ] GC(79)   Pre Evacuate Collection Set: 0.34ms
[2026-04-03T01:04:50.593+0600][16.364s][info][gc,phases      ] GC(79)   Merge Heap Roots: 0.15ms
[2026-04-03T01:04:50.593+0600][16.364s][info][gc,phases      ] GC(79)   Evacuate Collection Set: 0.44ms
[2026-04-03T01:04:50.593+0600][16.364s][info][gc,phases      ] GC(79)   Post Evacuate Collection Set: 0.77ms
[2026-04-03T01:04:50.593+0600][16.365s][info][gc,phases      ] GC(79)   Other: 0.10ms
[2026-04-03T01:04:50.593+0600][16.365s][info][gc,heap        ] GC(79) Eden regions: 159->0(159)
[2026-04-03T01:04:50.593+0600][16.365s][info][gc,heap        ] GC(79) Survivor regions: 1->1(20)
[2026-04-03T01:04:50.593+0600][16.365s][info][gc,heap        ] GC(79) Old regions: 4->4
[2026-04-03T01:04:50.593+0600][16.365s][info][gc,heap        ] GC(79) Humongous regions: 6->6
[2026-04-03T01:04:50.593+0600][16.365s][info][gc,metaspace   ] GC(79) Metaspace: 9211K(9856K)->9211K(9856K) NonClass: 8168K(8512K)->8168K(8512K) Class: 1043K(1344K)->1043K(1344K)
[2026-04-03T01:04:50.593+0600][16.365s][info][gc             ] GC(79) Pause Young (Normal) (G1 Evacuation Pause) 335M->17M(534M) 2.070ms
[2026-04-03T01:04:50.593+0600][16.365s][info][gc,cpu         ] GC(79) User=0.00s Sys=0.00s Real=0.00s
[2026-04-03T01:04:50.727+0600][16.499s][info][gc,start       ] GC(80) Pause Young (Normal) (G1 Evacuation Pause)
[2026-04-03T01:04:50.727+0600][16.499s][info][gc,task        ] GC(80) Using 10 workers of 10 for evacuation
[2026-04-03T01:04:50.728+0600][16.500s][info][gc,phases      ] GC(80)   Pre Evacuate Collection Set: 0.27ms
[2026-04-03T01:04:50.728+0600][16.500s][info][gc,phases      ] GC(80)   Merge Heap Roots: 0.12ms
[2026-04-03T01:04:50.728+0600][16.500s][info][gc,phases      ] GC(80)   Evacuate Collection Set: 0.40ms
[2026-04-03T01:04:50.728+0600][16.500s][info][gc,phases      ] GC(80)   Post Evacuate Collection Set: 0.53ms
[2026-04-03T01:04:50.728+0600][16.500s][info][gc,phases      ] GC(80)   Other: 0.11ms
[2026-04-03T01:04:50.728+0600][16.500s][info][gc,heap        ] GC(80) Eden regions: 159->0(159)
[2026-04-03T01:04:50.728+0600][16.500s][info][gc,heap        ] GC(80) Survivor regions: 1->1(20)
[2026-04-03T01:04:50.728+0600][16.500s][info][gc,heap        ] GC(80) Old regions: 4->4
[2026-04-03T01:04:50.729+0600][16.500s][info][gc,heap        ] GC(80) Humongous regions: 6->6
[2026-04-03T01:04:50.729+0600][16.500s][info][gc,metaspace   ] GC(80) Metaspace: 9211K(9856K)->9211K(9856K) NonClass: 8168K(8512K)->8168K(8512K) Class: 1043K(1344K)->1043K(1344K)
[2026-04-03T01:04:50.729+0600][16.500s][info][gc             ] GC(80) Pause Young (Normal) (G1 Evacuation Pause) 335M->17M(534M) 1.697ms
[2026-04-03T01:04:50.729+0600][16.500s][info][gc,cpu         ] GC(80) User=0.01s Sys=0.00s Real=0.00s
[2026-04-03T01:04:50.860+0600][16.632s][info][gc,start       ] GC(81) Pause Young (Normal) (G1 Evacuation Pause)
[2026-04-03T01:04:50.860+0600][16.632s][info][gc,task        ] GC(81) Using 10 workers of 10 for evacuation
[2026-04-03T01:04:50.862+0600][16.633s][info][gc,phases      ] GC(81)   Pre Evacuate Collection Set: 0.20ms
[2026-04-03T01:04:50.862+0600][16.634s][info][gc,phases      ] GC(81)   Merge Heap Roots: 0.14ms
[2026-04-03T01:04:50.862+0600][16.634s][info][gc,phases      ] GC(81)   Evacuate Collection Set: 0.45ms
[2026-04-03T01:04:50.862+0600][16.634s][info][gc,phases      ] GC(81)   Post Evacuate Collection Set: 0.68ms
[2026-04-03T01:04:50.862+0600][16.634s][info][gc,phases      ] GC(81)   Other: 0.08ms
[2026-04-03T01:04:50.862+0600][16.634s][info][gc,heap        ] GC(81) Eden regions: 159->0(159)
[2026-04-03T01:04:50.862+0600][16.634s][info][gc,heap        ] GC(81) Survivor regions: 1->1(20)
[2026-04-03T01:04:50.862+0600][16.634s][info][gc,heap        ] GC(81) Old regions: 4->4
[2026-04-03T01:04:50.862+0600][16.634s][info][gc,heap        ] GC(81) Humongous regions: 6->6
[2026-04-03T01:04:50.862+0600][16.634s][info][gc,metaspace   ] GC(81) Metaspace: 9211K(9856K)->9211K(9856K) NonClass: 8168K(8512K)->8168K(8512K) Class: 1043K(1344K)->1043K(1344K)
[2026-04-03T01:04:50.862+0600][16.634s][info][gc             ] GC(81) Pause Young (Normal) (G1 Evacuation Pause) 335M->17M(534M) 1.794ms
[2026-04-03T01:04:50.862+0600][16.634s][info][gc,cpu         ] GC(81) User=0.01s Sys=0.00s Real=0.00s
[2026-04-03T01:04:51.021+0600][16.792s][info][gc,start       ] GC(82) Pause Young (Normal) (G1 Evacuation Pause)
[2026-04-03T01:04:51.021+0600][16.793s][info][gc,task        ] GC(82) Using 10 workers of 10 for evacuation
[2026-04-03T01:04:51.025+0600][16.797s][info][gc,phases      ] GC(82)   Pre Evacuate Collection Set: 0.28ms
[2026-04-03T01:04:51.025+0600][16.797s][info][gc,phases      ] GC(82)   Merge Heap Roots: 0.19ms
[2026-04-03T01:04:51.025+0600][16.797s][info][gc,phases      ] GC(82)   Evacuate Collection Set: 2.67ms
[2026-04-03T01:04:51.025+0600][16.797s][info][gc,phases      ] GC(82)   Post Evacuate Collection Set: 0.92ms
[2026-04-03T01:04:51.025+0600][16.797s][info][gc,phases      ] GC(82)   Other: 0.10ms
[2026-04-03T01:04:51.025+0600][16.797s][info][gc,heap        ] GC(82) Eden regions: 159->0(159)
[2026-04-03T01:04:51.025+0600][16.797s][info][gc,heap        ] GC(82) Survivor regions: 1->1(20)
[2026-04-03T01:04:51.025+0600][16.797s][info][gc,heap        ] GC(82) Old regions: 4->4
[2026-04-03T01:04:51.025+0600][16.797s][info][gc,heap        ] GC(82) Humongous regions: 6->6
[2026-04-03T01:04:51.025+0600][16.797s][info][gc,metaspace   ] GC(82) Metaspace: 9211K(9856K)->9211K(9856K) NonClass: 8168K(8512K)->8168K(8512K) Class: 1043K(1344K)->1043K(1344K)
[2026-04-03T01:04:51.025+0600][16.797s][info][gc             ] GC(82) Pause Young (Normal) (G1 Evacuation Pause) 335M->17M(534M) 4.528ms
[2026-04-03T01:04:51.025+0600][16.797s][info][gc,cpu         ] GC(82) User=0.02s Sys=0.00s Real=0.00s
[2026-04-03T01:04:51.212+0600][16.984s][info][gc,start       ] GC(83) Pause Young (Normal) (G1 Evacuation Pause)
[2026-04-03T01:04:51.212+0600][16.984s][info][gc,task        ] GC(83) Using 10 workers of 10 for evacuation
[2026-04-03T01:04:51.214+0600][16.986s][info][gc,phases      ] GC(83)   Pre Evacuate Collection Set: 0.29ms
[2026-04-03T01:04:51.214+0600][16.986s][info][gc,phases      ] GC(83)   Merge Heap Roots: 0.18ms
[2026-04-03T01:04:51.214+0600][16.986s][info][gc,phases      ] GC(83)   Evacuate Collection Set: 0.80ms
[2026-04-03T01:04:51.214+0600][16.986s][info][gc,phases      ] GC(83)   Post Evacuate Collection Set: 0.81ms
[2026-04-03T01:04:51.214+0600][16.986s][info][gc,phases      ] GC(83)   Other: 0.13ms
[2026-04-03T01:04:51.214+0600][16.986s][info][gc,heap        ] GC(83) Eden regions: 159->0(159)
[2026-04-03T01:04:51.214+0600][16.986s][info][gc,heap        ] GC(83) Survivor regions: 1->1(20)
[2026-04-03T01:04:51.214+0600][16.986s][info][gc,heap        ] GC(83) Old regions: 4->4
[2026-04-03T01:04:51.214+0600][16.986s][info][gc,heap        ] GC(83) Humongous regions: 6->6
[2026-04-03T01:04:51.215+0600][16.986s][info][gc,metaspace   ] GC(83) Metaspace: 9211K(9856K)->9211K(9856K) NonClass: 8168K(8512K)->8168K(8512K) Class: 1043K(1344K)->1043K(1344K)
[2026-04-03T01:04:51.215+0600][16.986s][info][gc             ] GC(83) Pause Young (Normal) (G1 Evacuation Pause) 335M->17M(534M) 2.608ms
[2026-04-03T01:04:51.215+0600][16.986s][info][gc,cpu         ] GC(83) User=0.01s Sys=0.00s Real=0.00s
[2026-04-03T01:04:51.425+0600][17.197s][info][gc,start       ] GC(84) Pause Young (Normal) (G1 Evacuation Pause)
[2026-04-03T01:04:51.425+0600][17.197s][info][gc,task        ] GC(84) Using 10 workers of 10 for evacuation
[2026-04-03T01:04:51.427+0600][17.199s][info][gc,phases      ] GC(84)   Pre Evacuate Collection Set: 0.39ms
[2026-04-03T01:04:51.427+0600][17.199s][info][gc,phases      ] GC(84)   Merge Heap Roots: 0.19ms
[2026-04-03T01:04:51.427+0600][17.199s][info][gc,phases      ] GC(84)   Evacuate Collection Set: 0.57ms
[2026-04-03T01:04:51.427+0600][17.199s][info][gc,phases      ] GC(84)   Post Evacuate Collection Set: 0.76ms
[2026-04-03T01:04:51.427+0600][17.199s][info][gc,phases      ] GC(84)   Other: 0.11ms
[2026-04-03T01:04:51.427+0600][17.199s][info][gc,heap        ] GC(84) Eden regions: 159->0(159)
[2026-04-03T01:04:51.427+0600][17.199s][info][gc,heap        ] GC(84) Survivor regions: 1->1(20)
[2026-04-03T01:04:51.427+0600][17.199s][info][gc,heap        ] GC(84) Old regions: 4->4
[2026-04-03T01:04:51.427+0600][17.199s][info][gc,heap        ] GC(84) Humongous regions: 6->6
[2026-04-03T01:04:51.427+0600][17.199s][info][gc,metaspace   ] GC(84) Metaspace: 9211K(9856K)->9211K(9856K) NonClass: 8168K(8512K)->8168K(8512K) Class: 1043K(1344K)->1043K(1344K)
[2026-04-03T01:04:51.427+0600][17.199s][info][gc             ] GC(84) Pause Young (Normal) (G1 Evacuation Pause) 335M->17M(534M) 2.336ms
[2026-04-03T01:04:51.427+0600][17.199s][info][gc,cpu         ] GC(84) User=0.01s Sys=0.00s Real=0.00s
[2026-04-03T01:04:51.614+0600][17.386s][info][gc,start       ] GC(85) Pause Young (Normal) (G1 Evacuation Pause)
[2026-04-03T01:04:51.614+0600][17.386s][info][gc,task        ] GC(85) Using 10 workers of 10 for evacuation
[2026-04-03T01:04:51.617+0600][17.389s][info][gc,phases      ] GC(85)   Pre Evacuate Collection Set: 0.46ms
[2026-04-03T01:04:51.617+0600][17.389s][info][gc,phases      ] GC(85)   Merge Heap Roots: 0.39ms
[2026-04-03T01:04:51.617+0600][17.389s][info][gc,phases      ] GC(85)   Evacuate Collection Set: 0.71ms
[2026-04-03T01:04:51.617+0600][17.389s][info][gc,phases      ] GC(85)   Post Evacuate Collection Set: 0.98ms
[2026-04-03T01:04:51.617+0600][17.389s][info][gc,phases      ] GC(85)   Other: 0.14ms
[2026-04-03T01:04:51.617+0600][17.389s][info][gc,heap        ] GC(85) Eden regions: 159->0(159)
[2026-04-03T01:04:51.617+0600][17.389s][info][gc,heap        ] GC(85) Survivor regions: 1->1(20)
[2026-04-03T01:04:51.617+0600][17.389s][info][gc,heap        ] GC(85) Old regions: 4->4
[2026-04-03T01:04:51.617+0600][17.389s][info][gc,heap        ] GC(85) Humongous regions: 6->6
[2026-04-03T01:04:51.617+0600][17.389s][info][gc,metaspace   ] GC(85) Metaspace: 9211K(9856K)->9211K(9856K) NonClass: 8168K(8512K)->8168K(8512K) Class: 1043K(1344K)->1043K(1344K)
[2026-04-03T01:04:51.617+0600][17.389s][info][gc             ] GC(85) Pause Young (Normal) (G1 Evacuation Pause) 335M->17M(534M) 3.131ms
[2026-04-03T01:04:51.617+0600][17.389s][info][gc,cpu         ] GC(85) User=0.01s Sys=0.00s Real=0.00s
[2026-04-03T01:04:51.782+0600][17.554s][info][gc,start       ] GC(86) Pause Young (Normal) (G1 Evacuation Pause)
[2026-04-03T01:04:51.782+0600][17.554s][info][gc,task        ] GC(86) Using 10 workers of 10 for evacuation
[2026-04-03T01:04:51.784+0600][17.556s][info][gc,phases      ] GC(86)   Pre Evacuate Collection Set: 0.29ms
[2026-04-03T01:04:51.784+0600][17.556s][info][gc,phases      ] GC(86)   Merge Heap Roots: 0.27ms
[2026-04-03T01:04:51.784+0600][17.556s][info][gc,phases      ] GC(86)   Evacuate Collection Set: 0.52ms
[2026-04-03T01:04:51.784+0600][17.556s][info][gc,phases      ] GC(86)   Post Evacuate Collection Set: 0.80ms
[2026-04-03T01:04:51.784+0600][17.556s][info][gc,phases      ] GC(86)   Other: 0.18ms
[2026-04-03T01:04:51.784+0600][17.556s][info][gc,heap        ] GC(86) Eden regions: 159->0(159)
[2026-04-03T01:04:51.784+0600][17.556s][info][gc,heap        ] GC(86) Survivor regions: 1->1(20)
[2026-04-03T01:04:51.784+0600][17.556s][info][gc,heap        ] GC(86) Old regions: 4->4
[2026-04-03T01:04:51.784+0600][17.556s][info][gc,heap        ] GC(86) Humongous regions: 6->6
[2026-04-03T01:04:51.784+0600][17.556s][info][gc,metaspace   ] GC(86) Metaspace: 9211K(9856K)->9211K(9856K) NonClass: 8168K(8512K)->8168K(8512K) Class: 1043K(1344K)->1043K(1344K)
[2026-04-03T01:04:51.784+0600][17.556s][info][gc             ] GC(86) Pause Young (Normal) (G1 Evacuation Pause) 335M->17M(534M) 2.420ms
[2026-04-03T01:04:51.784+0600][17.556s][info][gc,cpu         ] GC(86) User=0.01s Sys=0.01s Real=0.00s
[2026-04-03T01:04:51.943+0600][17.715s][info][gc,start       ] GC(87) Pause Young (Normal) (G1 Evacuation Pause)
[2026-04-03T01:04:51.943+0600][17.715s][info][gc,task        ] GC(87) Using 10 workers of 10 for evacuation
[2026-04-03T01:04:51.947+0600][17.718s][info][gc,phases      ] GC(87)   Pre Evacuate Collection Set: 0.37ms
[2026-04-03T01:04:51.947+0600][17.718s][info][gc,phases      ] GC(87)   Merge Heap Roots: 0.22ms
[2026-04-03T01:04:51.947+0600][17.718s][info][gc,phases      ] GC(87)   Evacuate Collection Set: 2.07ms
[2026-04-03T01:04:51.947+0600][17.718s][info][gc,phases      ] GC(87)   Post Evacuate Collection Set: 0.72ms
[2026-04-03T01:04:51.947+0600][17.718s][info][gc,phases      ] GC(87)   Other: 0.15ms
[2026-04-03T01:04:51.947+0600][17.719s][info][gc,heap        ] GC(87) Eden regions: 159->0(159)
[2026-04-03T01:04:51.947+0600][17.719s][info][gc,heap        ] GC(87) Survivor regions: 1->1(20)
[2026-04-03T01:04:51.947+0600][17.719s][info][gc,heap        ] GC(87) Old regions: 4->4
[2026-04-03T01:04:51.947+0600][17.719s][info][gc,heap        ] GC(87) Humongous regions: 6->6
[2026-04-03T01:04:51.947+0600][17.719s][info][gc,metaspace   ] GC(87) Metaspace: 9211K(9856K)->9211K(9856K) NonClass: 8168K(8512K)->8168K(8512K) Class: 1043K(1344K)->1043K(1344K)
[2026-04-03T01:04:51.947+0600][17.719s][info][gc             ] GC(87) Pause Young (Normal) (G1 Evacuation Pause) 335M->17M(534M) 4.055ms
[2026-04-03T01:04:51.947+0600][17.719s][info][gc,cpu         ] GC(87) User=0.01s Sys=0.00s Real=0.00s
[2026-04-03T01:04:52.119+0600][17.891s][info][gc,start       ] GC(88) Pause Young (Normal) (G1 Evacuation Pause)
[2026-04-03T01:04:52.119+0600][17.891s][info][gc,task        ] GC(88) Using 10 workers of 10 for evacuation
[2026-04-03T01:04:52.121+0600][17.893s][info][gc,phases      ] GC(88)   Pre Evacuate Collection Set: 0.27ms
[2026-04-03T01:04:52.121+0600][17.893s][info][gc,phases      ] GC(88)   Merge Heap Roots: 0.17ms
[2026-04-03T01:04:52.121+0600][17.893s][info][gc,phases      ] GC(88)   Evacuate Collection Set: 0.48ms
[2026-04-03T01:04:52.121+0600][17.893s][info][gc,phases      ] GC(88)   Post Evacuate Collection Set: 0.88ms
[2026-04-03T01:04:52.121+0600][17.893s][info][gc,phases      ] GC(88)   Other: 0.11ms
[2026-04-03T01:04:52.121+0600][17.893s][info][gc,heap        ] GC(88) Eden regions: 159->0(159)
[2026-04-03T01:04:52.121+0600][17.893s][info][gc,heap        ] GC(88) Survivor regions: 1->1(20)
[2026-04-03T01:04:52.121+0600][17.893s][info][gc,heap        ] GC(88) Old regions: 4->4
[2026-04-03T01:04:52.121+0600][17.893s][info][gc,heap        ] GC(88) Humongous regions: 6->6
[2026-04-03T01:04:52.121+0600][17.893s][info][gc,metaspace   ] GC(88) Metaspace: 9211K(9856K)->9211K(9856K) NonClass: 8168K(8512K)->8168K(8512K) Class: 1043K(1344K)->1043K(1344K)
[2026-04-03T01:04:52.121+0600][17.893s][info][gc             ] GC(88) Pause Young (Normal) (G1 Evacuation Pause) 335M->17M(534M) 2.170ms
[2026-04-03T01:04:52.121+0600][17.893s][info][gc,cpu         ] GC(88) User=0.00s Sys=0.01s Real=0.01s
[2026-04-03T01:04:52.260+0600][18.032s][info][gc,start       ] GC(89) Pause Young (Normal) (G1 Evacuation Pause)
[2026-04-03T01:04:52.260+0600][18.032s][info][gc,task        ] GC(89) Using 10 workers of 10 for evacuation
[2026-04-03T01:04:52.262+0600][18.034s][info][gc,phases      ] GC(89)   Pre Evacuate Collection Set: 0.43ms
[2026-04-03T01:04:52.262+0600][18.034s][info][gc,phases      ] GC(89)   Merge Heap Roots: 0.15ms
[2026-04-03T01:04:52.262+0600][18.034s][info][gc,phases      ] GC(89)   Evacuate Collection Set: 0.44ms
[2026-04-03T01:04:52.262+0600][18.034s][info][gc,phases      ] GC(89)   Post Evacuate Collection Set: 0.74ms
[2026-04-03T01:04:52.262+0600][18.034s][info][gc,phases      ] GC(89)   Other: 0.12ms
[2026-04-03T01:04:52.262+0600][18.034s][info][gc,heap        ] GC(89) Eden regions: 159->0(159)
[2026-04-03T01:04:52.262+0600][18.034s][info][gc,heap        ] GC(89) Survivor regions: 1->1(20)
[2026-04-03T01:04:52.262+0600][18.034s][info][gc,heap        ] GC(89) Old regions: 4->4
[2026-04-03T01:04:52.262+0600][18.034s][info][gc,heap        ] GC(89) Humongous regions: 6->6
[2026-04-03T01:04:52.262+0600][18.034s][info][gc,metaspace   ] GC(89) Metaspace: 9211K(9856K)->9211K(9856K) NonClass: 8168K(8512K)->8168K(8512K) Class: 1043K(1344K)->1043K(1344K)
[2026-04-03T01:04:52.262+0600][18.034s][info][gc             ] GC(89) Pause Young (Normal) (G1 Evacuation Pause) 335M->17M(534M) 2.188ms
[2026-04-03T01:04:52.262+0600][18.034s][info][gc,cpu         ] GC(89) User=0.00s Sys=0.00s Real=0.00s
[2026-04-03T01:04:52.413+0600][18.185s][info][gc,start       ] GC(90) Pause Young (Normal) (G1 Evacuation Pause)
[2026-04-03T01:04:52.413+0600][18.185s][info][gc,task        ] GC(90) Using 10 workers of 10 for evacuation
[2026-04-03T01:04:52.415+0600][18.187s][info][gc,phases      ] GC(90)   Pre Evacuate Collection Set: 0.25ms
[2026-04-03T01:04:52.415+0600][18.187s][info][gc,phases      ] GC(90)   Merge Heap Roots: 0.20ms
[2026-04-03T01:04:52.415+0600][18.187s][info][gc,phases      ] GC(90)   Evacuate Collection Set: 0.46ms
[2026-04-03T01:04:52.415+0600][18.187s][info][gc,phases      ] GC(90)   Post Evacuate Collection Set: 0.77ms
[2026-04-03T01:04:52.415+0600][18.187s][info][gc,phases      ] GC(90)   Other: 0.11ms
[2026-04-03T01:04:52.415+0600][18.187s][info][gc,heap        ] GC(90) Eden regions: 159->0(159)
[2026-04-03T01:04:52.415+0600][18.187s][info][gc,heap        ] GC(90) Survivor regions: 1->1(20)
[2026-04-03T01:04:52.415+0600][18.187s][info][gc,heap        ] GC(90) Old regions: 4->4
[2026-04-03T01:04:52.415+0600][18.187s][info][gc,heap        ] GC(90) Humongous regions: 6->6
[2026-04-03T01:04:52.415+0600][18.187s][info][gc,metaspace   ] GC(90) Metaspace: 9211K(9856K)->9211K(9856K) NonClass: 8168K(8512K)->8168K(8512K) Class: 1043K(1344K)->1043K(1344K)
[2026-04-03T01:04:52.415+0600][18.187s][info][gc             ] GC(90) Pause Young (Normal) (G1 Evacuation Pause) 335M->17M(534M) 2.105ms
[2026-04-03T01:04:52.415+0600][18.187s][info][gc,cpu         ] GC(90) User=0.01s Sys=0.00s Real=0.00s
[2026-04-03T01:04:52.580+0600][18.352s][info][gc,start       ] GC(91) Pause Young (Normal) (G1 Evacuation Pause)
[2026-04-03T01:04:52.580+0600][18.352s][info][gc,task        ] GC(91) Using 10 workers of 10 for evacuation
[2026-04-03T01:04:52.584+0600][18.355s][info][gc,phases      ] GC(91)   Pre Evacuate Collection Set: 0.31ms
[2026-04-03T01:04:52.584+0600][18.355s][info][gc,phases      ] GC(91)   Merge Heap Roots: 0.13ms
[2026-04-03T01:04:52.584+0600][18.355s][info][gc,phases      ] GC(91)   Evacuate Collection Set: 2.30ms
[2026-04-03T01:04:52.584+0600][18.355s][info][gc,phases      ] GC(91)   Post Evacuate Collection Set: 0.63ms
[2026-04-03T01:04:52.584+0600][18.355s][info][gc,phases      ] GC(91)   Other: 0.11ms
[2026-04-03T01:04:52.584+0600][18.356s][info][gc,heap        ] GC(91) Eden regions: 159->0(159)
[2026-04-03T01:04:52.584+0600][18.356s][info][gc,heap        ] GC(91) Survivor regions: 1->1(20)
[2026-04-03T01:04:52.584+0600][18.356s][info][gc,heap        ] GC(91) Old regions: 4->4
[2026-04-03T01:04:52.584+0600][18.356s][info][gc,heap        ] GC(91) Humongous regions: 6->6
[2026-04-03T01:04:52.584+0600][18.356s][info][gc,metaspace   ] GC(91) Metaspace: 9211K(9856K)->9211K(9856K) NonClass: 8168K(8512K)->8168K(8512K) Class: 1043K(1344K)->1043K(1344K)
[2026-04-03T01:04:52.584+0600][18.356s][info][gc             ] GC(91) Pause Young (Normal) (G1 Evacuation Pause) 335M->17M(534M) 3.862ms
[2026-04-03T01:04:52.584+0600][18.356s][info][gc,cpu         ] GC(91) User=0.01s Sys=0.00s Real=0.00s
[2026-04-03T01:04:52.757+0600][18.529s][info][gc,start       ] GC(92) Pause Young (Normal) (G1 Evacuation Pause)
[2026-04-03T01:04:52.757+0600][18.529s][info][gc,task        ] GC(92) Using 10 workers of 10 for evacuation
[2026-04-03T01:04:52.760+0600][18.532s][info][gc,phases      ] GC(92)   Pre Evacuate Collection Set: 0.36ms
[2026-04-03T01:04:52.760+0600][18.532s][info][gc,phases      ] GC(92)   Merge Heap Roots: 0.43ms
[2026-04-03T01:04:52.760+0600][18.532s][info][gc,phases      ] GC(92)   Evacuate Collection Set: 1.51ms
[2026-04-03T01:04:52.760+0600][18.532s][info][gc,phases      ] GC(92)   Post Evacuate Collection Set: 0.87ms
[2026-04-03T01:04:52.760+0600][18.532s][info][gc,phases      ] GC(92)   Other: 0.14ms
[2026-04-03T01:04:52.760+0600][18.532s][info][gc,heap        ] GC(92) Eden regions: 159->0(159)
[2026-04-03T01:04:52.760+0600][18.532s][info][gc,heap        ] GC(92) Survivor regions: 1->1(20)
[2026-04-03T01:04:52.760+0600][18.532s][info][gc,heap        ] GC(92) Old regions: 4->4
[2026-04-03T01:04:52.760+0600][18.532s][info][gc,heap        ] GC(92) Humongous regions: 6->6
[2026-04-03T01:04:52.761+0600][18.532s][info][gc,metaspace   ] GC(92) Metaspace: 9212K(9856K)->9212K(9856K) NonClass: 8168K(8512K)->8168K(8512K) Class: 1043K(1344K)->1043K(1344K)
[2026-04-03T01:04:52.761+0600][18.532s][info][gc             ] GC(92) Pause Young (Normal) (G1 Evacuation Pause) 335M->17M(534M) 3.713ms
[2026-04-03T01:04:52.761+0600][18.532s][info][gc,cpu         ] GC(92) User=0.00s Sys=0.00s Real=0.01s
[2026-04-03T01:04:52.938+0600][18.709s][info][gc,start       ] GC(93) Pause Young (Normal) (G1 Evacuation Pause)
[2026-04-03T01:04:52.938+0600][18.710s][info][gc,task        ] GC(93) Using 10 workers of 10 for evacuation
[2026-04-03T01:04:52.942+0600][18.714s][info][gc,phases      ] GC(93)   Pre Evacuate Collection Set: 0.26ms
[2026-04-03T01:04:52.942+0600][18.714s][info][gc,phases      ] GC(93)   Merge Heap Roots: 0.25ms
[2026-04-03T01:04:52.942+0600][18.714s][info][gc,phases      ] GC(93)   Evacuate Collection Set: 0.69ms
[2026-04-03T01:04:52.942+0600][18.714s][info][gc,phases      ] GC(93)   Post Evacuate Collection Set: 2.87ms
[2026-04-03T01:04:52.942+0600][18.714s][info][gc,phases      ] GC(93)   Other: 0.12ms
[2026-04-03T01:04:52.942+0600][18.714s][info][gc,heap        ] GC(93) Eden regions: 159->0(159)
[2026-04-03T01:04:52.942+0600][18.714s][info][gc,heap        ] GC(93) Survivor regions: 1->1(20)
[2026-04-03T01:04:52.942+0600][18.714s][info][gc,heap        ] GC(93) Old regions: 4->4
[2026-04-03T01:04:52.942+0600][18.714s][info][gc,heap        ] GC(93) Humongous regions: 6->6
[2026-04-03T01:04:52.942+0600][18.714s][info][gc,metaspace   ] GC(93) Metaspace: 9212K(9856K)->9212K(9856K) NonClass: 8168K(8512K)->8168K(8512K) Class: 1043K(1344K)->1043K(1344K)
[2026-04-03T01:04:52.942+0600][18.714s][info][gc             ] GC(93) Pause Young (Normal) (G1 Evacuation Pause) 335M->17M(534M) 4.724ms
[2026-04-03T01:04:52.942+0600][18.714s][info][gc,cpu         ] GC(93) User=0.01s Sys=0.00s Real=0.01s
[2026-04-03T01:04:53.108+0600][18.880s][info][gc,start       ] GC(94) Pause Young (Normal) (G1 Evacuation Pause)
[2026-04-03T01:04:53.108+0600][18.880s][info][gc,task        ] GC(94) Using 10 workers of 10 for evacuation
[2026-04-03T01:04:53.111+0600][18.882s][info][gc,phases      ] GC(94)   Pre Evacuate Collection Set: 0.33ms
[2026-04-03T01:04:53.111+0600][18.882s][info][gc,phases      ] GC(94)   Merge Heap Roots: 0.17ms
[2026-04-03T01:04:53.111+0600][18.882s][info][gc,phases      ] GC(94)   Evacuate Collection Set: 1.24ms
[2026-04-03T01:04:53.111+0600][18.882s][info][gc,phases      ] GC(94)   Post Evacuate Collection Set: 0.64ms
[2026-04-03T01:04:53.111+0600][18.882s][info][gc,phases      ] GC(94)   Other: 0.18ms
[2026-04-03T01:04:53.111+0600][18.883s][info][gc,heap        ] GC(94) Eden regions: 159->0(159)
[2026-04-03T01:04:53.111+0600][18.883s][info][gc,heap        ] GC(94) Survivor regions: 1->1(20)
[2026-04-03T01:04:53.111+0600][18.883s][info][gc,heap        ] GC(94) Old regions: 4->4
[2026-04-03T01:04:53.111+0600][18.883s][info][gc,heap        ] GC(94) Humongous regions: 6->6
[2026-04-03T01:04:53.111+0600][18.883s][info][gc,metaspace   ] GC(94) Metaspace: 9212K(9856K)->9212K(9856K) NonClass: 8168K(8512K)->8168K(8512K) Class: 1043K(1344K)->1043K(1344K)
[2026-04-03T01:04:53.111+0600][18.883s][info][gc             ] GC(94) Pause Young (Normal) (G1 Evacuation Pause) 335M->17M(534M) 3.105ms
[2026-04-03T01:04:53.111+0600][18.883s][info][gc,cpu         ] GC(94) User=0.01s Sys=0.00s Real=0.01s
[2026-04-03T01:04:53.271+0600][19.042s][info][gc,start       ] GC(95) Pause Young (Normal) (G1 Evacuation Pause)
[2026-04-03T01:04:53.271+0600][19.043s][info][gc,task        ] GC(95) Using 10 workers of 10 for evacuation
[2026-04-03T01:04:53.273+0600][19.044s][info][gc,phases      ] GC(95)   Pre Evacuate Collection Set: 0.28ms
[2026-04-03T01:04:53.273+0600][19.045s][info][gc,phases      ] GC(95)   Merge Heap Roots: 0.21ms
[2026-04-03T01:04:53.273+0600][19.045s][info][gc,phases      ] GC(95)   Evacuate Collection Set: 0.62ms
[2026-04-03T01:04:53.273+0600][19.045s][info][gc,phases      ] GC(95)   Post Evacuate Collection Set: 0.63ms
[2026-04-03T01:04:53.273+0600][19.045s][info][gc,phases      ] GC(95)   Other: 0.10ms
[2026-04-03T01:04:53.273+0600][19.045s][info][gc,heap        ] GC(95) Eden regions: 159->0(159)
[2026-04-03T01:04:53.273+0600][19.045s][info][gc,heap        ] GC(95) Survivor regions: 1->1(20)
[2026-04-03T01:04:53.273+0600][19.045s][info][gc,heap        ] GC(95) Old regions: 4->4
[2026-04-03T01:04:53.273+0600][19.045s][info][gc,heap        ] GC(95) Humongous regions: 6->6
[2026-04-03T01:04:53.273+0600][19.045s][info][gc,metaspace   ] GC(95) Metaspace: 9212K(9856K)->9212K(9856K) NonClass: 8168K(8512K)->8168K(8512K) Class: 1043K(1344K)->1043K(1344K)
[2026-04-03T01:04:53.273+0600][19.045s][info][gc             ] GC(95) Pause Young (Normal) (G1 Evacuation Pause) 335M->17M(534M) 2.202ms
[2026-04-03T01:04:53.273+0600][19.045s][info][gc,cpu         ] GC(95) User=0.00s Sys=0.01s Real=0.00s
[2026-04-03T01:04:53.442+0600][19.214s][info][gc,start       ] GC(96) Pause Young (Normal) (G1 Evacuation Pause)
[2026-04-03T01:04:53.442+0600][19.214s][info][gc,task        ] GC(96) Using 10 workers of 10 for evacuation
[2026-04-03T01:04:53.444+0600][19.215s][info][gc,phases      ] GC(96)   Pre Evacuate Collection Set: 0.31ms
[2026-04-03T01:04:53.444+0600][19.215s][info][gc,phases      ] GC(96)   Merge Heap Roots: 0.13ms
[2026-04-03T01:04:53.444+0600][19.215s][info][gc,phases      ] GC(96)   Evacuate Collection Set: 0.57ms
[2026-04-03T01:04:53.444+0600][19.215s][info][gc,phases      ] GC(96)   Post Evacuate Collection Set: 0.62ms
[2026-04-03T01:04:53.444+0600][19.216s][info][gc,phases      ] GC(96)   Other: 0.12ms
[2026-04-03T01:04:53.444+0600][19.216s][info][gc,heap        ] GC(96) Eden regions: 159->0(159)
[2026-04-03T01:04:53.444+0600][19.216s][info][gc,heap        ] GC(96) Survivor regions: 1->1(20)
[2026-04-03T01:04:53.444+0600][19.216s][info][gc,heap        ] GC(96) Old regions: 4->4
[2026-04-03T01:04:53.444+0600][19.216s][info][gc,heap        ] GC(96) Humongous regions: 6->6
[2026-04-03T01:04:53.444+0600][19.216s][info][gc,metaspace   ] GC(96) Metaspace: 9212K(9856K)->9212K(9856K) NonClass: 8168K(8512K)->8168K(8512K) Class: 1043K(1344K)->1043K(1344K)
[2026-04-03T01:04:53.444+0600][19.216s][info][gc             ] GC(96) Pause Young (Normal) (G1 Evacuation Pause) 335M->17M(534M) 2.103ms
[2026-04-03T01:04:53.444+0600][19.216s][info][gc,cpu         ] GC(96) User=0.00s Sys=0.00s Real=0.00s
[2026-04-03T01:04:53.610+0600][19.381s][info][gc,start       ] GC(97) Pause Young (Normal) (G1 Evacuation Pause)
[2026-04-03T01:04:53.610+0600][19.381s][info][gc,task        ] GC(97) Using 10 workers of 10 for evacuation
[2026-04-03T01:04:53.612+0600][19.384s][info][gc,phases      ] GC(97)   Pre Evacuate Collection Set: 0.37ms
[2026-04-03T01:04:53.612+0600][19.384s][info][gc,phases      ] GC(97)   Merge Heap Roots: 0.29ms
[2026-04-03T01:04:53.612+0600][19.384s][info][gc,phases      ] GC(97)   Evacuate Collection Set: 0.68ms
[2026-04-03T01:04:53.612+0600][19.384s][info][gc,phases      ] GC(97)   Post Evacuate Collection Set: 0.77ms
[2026-04-03T01:04:53.612+0600][19.384s][info][gc,phases      ] GC(97)   Other: 0.14ms
[2026-04-03T01:04:53.612+0600][19.384s][info][gc,heap        ] GC(97) Eden regions: 159->0(159)
[2026-04-03T01:04:53.612+0600][19.384s][info][gc,heap        ] GC(97) Survivor regions: 1->1(20)
[2026-04-03T01:04:53.612+0600][19.384s][info][gc,heap        ] GC(97) Old regions: 4->4
[2026-04-03T01:04:53.612+0600][19.384s][info][gc,heap        ] GC(97) Humongous regions: 6->6
[2026-04-03T01:04:53.612+0600][19.384s][info][gc,metaspace   ] GC(97) Metaspace: 9212K(9856K)->9212K(9856K) NonClass: 8168K(8512K)->8168K(8512K) Class: 1043K(1344K)->1043K(1344K)
[2026-04-03T01:04:53.612+0600][19.384s][info][gc             ] GC(97) Pause Young (Normal) (G1 Evacuation Pause) 335M->17M(534M) 2.609ms
[2026-04-03T01:04:53.612+0600][19.384s][info][gc,cpu         ] GC(97) User=0.01s Sys=0.00s Real=0.01s
[2026-04-03T01:04:53.779+0600][19.551s][info][gc,start       ] GC(98) Pause Young (Normal) (G1 Evacuation Pause)
[2026-04-03T01:04:53.779+0600][19.551s][info][gc,task        ] GC(98) Using 10 workers of 10 for evacuation
[2026-04-03T01:04:53.781+0600][19.553s][info][gc,phases      ] GC(98)   Pre Evacuate Collection Set: 0.33ms
[2026-04-03T01:04:53.781+0600][19.553s][info][gc,phases      ] GC(98)   Merge Heap Roots: 0.25ms
[2026-04-03T01:04:53.781+0600][19.553s][info][gc,phases      ] GC(98)   Evacuate Collection Set: 0.59ms
[2026-04-03T01:04:53.781+0600][19.553s][info][gc,phases      ] GC(98)   Post Evacuate Collection Set: 0.73ms
[2026-04-03T01:04:53.781+0600][19.553s][info][gc,phases      ] GC(98)   Other: 0.14ms
[2026-04-03T01:04:53.781+0600][19.553s][info][gc,heap        ] GC(98) Eden regions: 159->0(159)
[2026-04-03T01:04:53.781+0600][19.553s][info][gc,heap        ] GC(98) Survivor regions: 1->1(20)
[2026-04-03T01:04:53.781+0600][19.553s][info][gc,heap        ] GC(98) Old regions: 4->4
[2026-04-03T01:04:53.781+0600][19.553s][info][gc,heap        ] GC(98) Humongous regions: 6->6
[2026-04-03T01:04:53.781+0600][19.553s][info][gc,metaspace   ] GC(98) Metaspace: 9212K(9856K)->9212K(9856K) NonClass: 8168K(8512K)->8168K(8512K) Class: 1043K(1344K)->1043K(1344K)
[2026-04-03T01:04:53.781+0600][19.553s][info][gc             ] GC(98) Pause Young (Normal) (G1 Evacuation Pause) 335M->17M(534M) 2.408ms
[2026-04-03T01:04:53.781+0600][19.553s][info][gc,cpu         ] GC(98) User=0.00s Sys=0.00s Real=0.01s
[2026-04-03T01:04:53.964+0600][19.736s][info][gc,start       ] GC(99) Pause Young (Normal) (G1 Evacuation Pause)
[2026-04-03T01:04:53.964+0600][19.736s][info][gc,task        ] GC(99) Using 10 workers of 10 for evacuation
[2026-04-03T01:04:53.968+0600][19.740s][info][gc,phases      ] GC(99)   Pre Evacuate Collection Set: 0.53ms
[2026-04-03T01:04:53.968+0600][19.740s][info][gc,phases      ] GC(99)   Merge Heap Roots: 0.32ms
[2026-04-03T01:04:53.968+0600][19.740s][info][gc,phases      ] GC(99)   Evacuate Collection Set: 1.48ms
[2026-04-03T01:04:53.968+0600][19.740s][info][gc,phases      ] GC(99)   Post Evacuate Collection Set: 1.16ms
[2026-04-03T01:04:53.968+0600][19.740s][info][gc,phases      ] GC(99)   Other: 0.15ms
[2026-04-03T01:04:53.968+0600][19.740s][info][gc,heap        ] GC(99) Eden regions: 159->0(159)
[2026-04-03T01:04:53.968+0600][19.740s][info][gc,heap        ] GC(99) Survivor regions: 1->1(20)
[2026-04-03T01:04:53.968+0600][19.740s][info][gc,heap        ] GC(99) Old regions: 4->4
[2026-04-03T01:04:53.968+0600][19.740s][info][gc,heap        ] GC(99) Humongous regions: 6->6
[2026-04-03T01:04:53.968+0600][19.740s][info][gc,metaspace   ] GC(99) Metaspace: 9212K(9856K)->9212K(9856K) NonClass: 8168K(8512K)->8168K(8512K) Class: 1043K(1344K)->1043K(1344K)
[2026-04-03T01:04:53.968+0600][19.740s][info][gc             ] GC(99) Pause Young (Normal) (G1 Evacuation Pause) 335M->17M(534M) 3.945ms
[2026-04-03T01:04:53.968+0600][19.740s][info][gc,cpu         ] GC(99) User=0.01s Sys=0.01s Real=0.00s
[2026-04-03T01:04:54.126+0600][19.898s][info][gc,start       ] GC(100) Pause Young (Normal) (G1 Evacuation Pause)
[2026-04-03T01:04:54.126+0600][19.898s][info][gc,task        ] GC(100) Using 10 workers of 10 for evacuation
[2026-04-03T01:04:54.128+0600][19.900s][info][gc,phases      ] GC(100)   Pre Evacuate Collection Set: 0.36ms
[2026-04-03T01:04:54.128+0600][19.900s][info][gc,phases      ] GC(100)   Merge Heap Roots: 0.14ms
[2026-04-03T01:04:54.128+0600][19.900s][info][gc,phases      ] GC(100)   Evacuate Collection Set: 0.47ms
[2026-04-03T01:04:54.128+0600][19.900s][info][gc,phases      ] GC(100)   Post Evacuate Collection Set: 0.72ms
[2026-04-03T01:04:54.128+0600][19.900s][info][gc,phases      ] GC(100)   Other: 0.11ms
[2026-04-03T01:04:54.128+0600][19.900s][info][gc,heap        ] GC(100) Eden regions: 159->0(159)
[2026-04-03T01:04:54.128+0600][19.900s][info][gc,heap        ] GC(100) Survivor regions: 1->1(20)
[2026-04-03T01:04:54.128+0600][19.900s][info][gc,heap        ] GC(100) Old regions: 4->4
[2026-04-03T01:04:54.128+0600][19.900s][info][gc,heap        ] GC(100) Humongous regions: 6->6
[2026-04-03T01:04:54.128+0600][19.900s][info][gc,metaspace   ] GC(100) Metaspace: 9212K(9856K)->9212K(9856K) NonClass: 8168K(8512K)->8168K(8512K) Class: 1043K(1344K)->1043K(1344K)
[2026-04-03T01:04:54.128+0600][19.900s][info][gc             ] GC(100) Pause Young (Normal) (G1 Evacuation Pause) 335M->17M(534M) 2.106ms
[2026-04-03T01:04:54.128+0600][19.900s][info][gc,cpu         ] GC(100) User=0.01s Sys=0.01s Real=0.00s
[2026-04-03T01:04:54.291+0600][20.063s][info][gc,start       ] GC(101) Pause Young (Normal) (G1 Evacuation Pause)
[2026-04-03T01:04:54.292+0600][20.063s][info][gc,task        ] GC(101) Using 10 workers of 10 for evacuation
[2026-04-03T01:04:54.294+0600][20.065s][info][gc,phases      ] GC(101)   Pre Evacuate Collection Set: 0.22ms
[2026-04-03T01:04:54.294+0600][20.065s][info][gc,phases      ] GC(101)   Merge Heap Roots: 0.14ms
[2026-04-03T01:04:54.294+0600][20.065s][info][gc,phases      ] GC(101)   Evacuate Collection Set: 0.59ms
[2026-04-03T01:04:54.294+0600][20.065s][info][gc,phases      ] GC(101)   Post Evacuate Collection Set: 0.72ms
[2026-04-03T01:04:54.294+0600][20.065s][info][gc,phases      ] GC(101)   Other: 0.10ms
[2026-04-03T01:04:54.294+0600][20.065s][info][gc,heap        ] GC(101) Eden regions: 159->0(159)
[2026-04-03T01:04:54.294+0600][20.065s][info][gc,heap        ] GC(101) Survivor regions: 1->1(20)
[2026-04-03T01:04:54.294+0600][20.065s][info][gc,heap        ] GC(101) Old regions: 4->4
[2026-04-03T01:04:54.294+0600][20.065s][info][gc,heap        ] GC(101) Humongous regions: 6->6
[2026-04-03T01:04:54.294+0600][20.065s][info][gc,metaspace   ] GC(101) Metaspace: 9212K(9856K)->9212K(9856K) NonClass: 8168K(8512K)->8168K(8512K) Class: 1043K(1344K)->1043K(1344K)
[2026-04-03T01:04:54.294+0600][20.065s][info][gc             ] GC(101) Pause Young (Normal) (G1 Evacuation Pause) 335M->17M(534M) 2.251ms
[2026-04-03T01:04:54.294+0600][20.065s][info][gc,cpu         ] GC(101) User=0.01s Sys=0.00s Real=0.00s
[2026-04-03T01:04:54.605+0600][20.377s][info][gc,start       ] GC(102) Pause Young (Normal) (G1 Evacuation Pause)
[2026-04-03T01:04:54.605+0600][20.377s][info][gc,task        ] GC(102) Using 10 workers of 10 for evacuation
[2026-04-03T01:04:54.606+0600][20.378s][info][gc,phases      ] GC(102)   Pre Evacuate Collection Set: 0.18ms
[2026-04-03T01:04:54.606+0600][20.378s][info][gc,phases      ] GC(102)   Merge Heap Roots: 0.11ms
[2026-04-03T01:04:54.606+0600][20.378s][info][gc,phases      ] GC(102)   Evacuate Collection Set: 0.22ms
[2026-04-03T01:04:54.606+0600][20.378s][info][gc,phases      ] GC(102)   Post Evacuate Collection Set: 0.40ms
[2026-04-03T01:04:54.606+0600][20.378s][info][gc,phases      ] GC(102)   Other: 0.07ms
[2026-04-03T01:04:54.606+0600][20.378s][info][gc,heap        ] GC(102) Eden regions: 159->0(159)
[2026-04-03T01:04:54.606+0600][20.378s][info][gc,heap        ] GC(102) Survivor regions: 1->1(20)
[2026-04-03T01:04:54.606+0600][20.378s][info][gc,heap        ] GC(102) Old regions: 4->4
[2026-04-03T01:04:54.606+0600][20.378s][info][gc,heap        ] GC(102) Humongous regions: 6->6
[2026-04-03T01:04:54.606+0600][20.378s][info][gc,metaspace   ] GC(102) Metaspace: 9212K(9856K)->9212K(9856K) NonClass: 8169K(8512K)->8169K(8512K) Class: 1043K(1344K)->1043K(1344K)
[2026-04-03T01:04:54.606+0600][20.378s][info][gc             ] GC(102) Pause Young (Normal) (G1 Evacuation Pause) 335M->17M(534M) 1.142ms
[2026-04-03T01:04:54.606+0600][20.378s][info][gc,cpu         ] GC(102) User=0.01s Sys=0.00s Real=0.00s
[2026-04-03T01:04:55.131+0600][20.903s][info][gc,heap,exit   ] Heap
[2026-04-03T01:04:55.131+0600][20.903s][info][gc,heap,exit   ]  garbage-first heap   total 546816K, used 117760K [0x000000070ae00000, 0x0000000800000000)
[2026-04-03T01:04:55.131+0600][20.903s][info][gc,heap,exit   ]   region size 2048K, 44 young (90112K), 1 survivors (2048K)
[2026-04-03T01:04:55.131+0600][20.903s][info][gc,heap,exit   ]  Metaspace       used 9449K, committed 10048K, reserved 1114112K
[2026-04-03T01:04:55.131+0600][20.903s][info][gc,heap,exit   ]   class space    used 1068K, committed 1344K, reserved 1048576K
