[2026-04-03T01:05:38.616+0600][0.005s][info][gc,init] CardTable entry size: 512
[2026-04-03T01:05:38.617+0600][0.005s][info][gc     ] Using G1
[2026-04-03T01:05:38.619+0600][0.008s][info][gc,init] Version: 21.0.10+7-Ubuntu-124.04 (release)
[2026-04-03T01:05:38.619+0600][0.008s][info][gc,init] CPUs: 12 total, 12 available
[2026-04-03T01:05:38.619+0600][0.008s][info][gc,init] Memory: 15683M
[2026-04-03T01:05:38.619+0600][0.008s][info][gc,init] Large Page Support: Disabled
[2026-04-03T01:05:38.619+0600][0.008s][info][gc,init] NUMA Support: Disabled
[2026-04-03T01:05:38.619+0600][0.008s][info][gc,init] Compressed Oops: Enabled (Zero based)
[2026-04-03T01:05:38.619+0600][0.008s][info][gc,init] Heap Region Size: 2M
[2026-04-03T01:05:38.619+0600][0.008s][info][gc,init] Heap Min Capacity: 8M
[2026-04-03T01:05:38.619+0600][0.008s][info][gc,init] Heap Initial Capacity: 246M
[2026-04-03T01:05:38.619+0600][0.008s][info][gc,init] Heap Max Capacity: 3922M
[2026-04-03T01:05:38.619+0600][0.008s][info][gc,init] Pre-touch: Disabled
[2026-04-03T01:05:38.619+0600][0.008s][info][gc,init] Parallel Workers: 10
[2026-04-03T01:05:38.619+0600][0.008s][info][gc,init] Concurrent Workers: 3
[2026-04-03T01:05:38.619+0600][0.008s][info][gc,init] Concurrent Refinement Workers: 10
[2026-04-03T01:05:38.619+0600][0.008s][info][gc,init] Periodic GC: Disabled
[2026-04-03T01:05:38.634+0600][0.022s][info][gc,metaspace] CDS archive(s) mapped at: [0x000079c673000000-0x000079c673c9c000-0x000079c673c9c000), size 13221888, SharedBaseAddress: 0x000079c673000000, ArchiveRelocationMode: 1.
[2026-04-03T01:05:38.634+0600][0.022s][info][gc,metaspace] Compressed class space mapped at: 0x000079c674000000-0x000079c6b4000000, reserved size: 1073741824
[2026-04-03T01:05:38.634+0600][0.022s][info][gc,metaspace] Narrow klass base: 0x000079c673000000, Narrow klass shift: 0, Narrow klass range: 0x100000000
[2026-04-03T01:05:41.800+0600][3.188s][info][gc,start    ] GC(0) Pause Young (Normal) (G1 Evacuation Pause)
[2026-04-03T01:05:41.801+0600][3.189s][info][gc,task     ] GC(0) Using 5 workers of 10 for evacuation
[2026-04-03T01:05:41.804+0600][3.192s][info][gc,phases   ] GC(0)   Pre Evacuate Collection Set: 0.14ms
[2026-04-03T01:05:41.804+0600][3.192s][info][gc,phases   ] GC(0)   Merge Heap Roots: 0.14ms
[2026-04-03T01:05:41.804+0600][3.192s][info][gc,phases   ] GC(0)   Evacuate Collection Set: 1.47ms
[2026-04-03T01:05:41.804+0600][3.192s][info][gc,phases   ] GC(0)   Post Evacuate Collection Set: 0.48ms
[2026-04-03T01:05:41.804+0600][3.192s][info][gc,phases   ] GC(0)   Other: 1.01ms
[2026-04-03T01:05:41.804+0600][3.192s][info][gc,heap     ] GC(0) Eden regions: 11->0(26)
[2026-04-03T01:05:41.804+0600][3.192s][info][gc,heap     ] GC(0) Survivor regions: 0->1(2)
[2026-04-03T01:05:41.804+0600][3.192s][info][gc,heap     ] GC(0) Old regions: 1->1
[2026-04-03T01:05:41.804+0600][3.192s][info][gc,heap     ] GC(0) Humongous regions: 0->0
[2026-04-03T01:05:41.804+0600][3.192s][info][gc,metaspace] GC(0) Metaspace: 2555K(2752K)->2555K(2752K) NonClass: 2306K(2432K)->2306K(2432K) Class: 248K(320K)->248K(320K)
[2026-04-03T01:05:41.804+0600][3.192s][info][gc          ] GC(0) Pause Young (Normal) (G1 Evacuation Pause) 22M->2M(248M) 3.559ms
[2026-04-03T01:05:41.804+0600][3.192s][info][gc,cpu      ] GC(0) User=0.00s Sys=0.00s Real=0.00s
[2026-04-03T01:05:41.887+0600][3.275s][info][gc,start    ] GC(1) Pause Young (Normal) (G1 Evacuation Pause)
[2026-04-03T01:05:41.887+0600][3.275s][info][gc,task     ] GC(1) Using 5 workers of 10 for evacuation
[2026-04-03T01:05:41.889+0600][3.278s][info][gc,phases   ] GC(1)   Pre Evacuate Collection Set: 0.30ms
[2026-04-03T01:05:41.890+0600][3.278s][info][gc,phases   ] GC(1)   Merge Heap Roots: 0.14ms
[2026-04-03T01:05:41.890+0600][3.278s][info][gc,phases   ] GC(1)   Evacuate Collection Set: 1.44ms
[2026-04-03T01:05:41.890+0600][3.278s][info][gc,phases   ] GC(1)   Post Evacuate Collection Set: 0.73ms
[2026-04-03T01:05:41.890+0600][3.278s][info][gc,phases   ] GC(1)   Other: 0.13ms
[2026-04-03T01:05:41.890+0600][3.278s][info][gc,heap     ] GC(1) Eden regions: 26->0(72)
[2026-04-03T01:05:41.890+0600][3.278s][info][gc,heap     ] GC(1) Survivor regions: 1->1(4)
[2026-04-03T01:05:41.890+0600][3.278s][info][gc,heap     ] GC(1) Old regions: 1->1
[2026-04-03T01:05:41.890+0600][3.278s][info][gc,heap     ] GC(1) Humongous regions: 0->0
[2026-04-03T01:05:41.890+0600][3.278s][info][gc,metaspace] GC(1) Metaspace: 2726K(2880K)->2726K(2880K) NonClass: 2477K(2560K)->2477K(2560K) Class: 248K(320K)->248K(320K)
[2026-04-03T01:05:41.890+0600][3.278s][info][gc          ] GC(1) Pause Young (Normal) (G1 Evacuation Pause) 54M->2M(248M) 2.984ms
[2026-04-03T01:05:41.890+0600][3.278s][info][gc,cpu      ] GC(1) User=0.01s Sys=0.01s Real=0.00s
[2026-04-03T01:05:41.987+0600][3.375s][info][gc,start    ] GC(2) Pause Full (System.gc())
[2026-04-03T01:05:41.987+0600][3.375s][info][gc,task     ] GC(2) Using 5 workers of 10 for full compaction
[2026-04-03T01:05:41.987+0600][3.375s][info][gc,phases,start] GC(2) Phase 1: Mark live objects
[2026-04-03T01:05:41.992+0600][3.380s][info][gc,phases      ] GC(2) Phase 1: Mark live objects 4.580ms
[2026-04-03T01:05:41.992+0600][3.380s][info][gc,phases,start] GC(2) Phase 2: Prepare compaction
[2026-04-03T01:05:41.993+0600][3.381s][info][gc,phases      ] GC(2) Phase 2: Prepare compaction 1.601ms
[2026-04-03T01:05:41.993+0600][3.381s][info][gc,phases,start] GC(2) Phase 3: Adjust pointers
[2026-04-03T01:05:41.995+0600][3.383s][info][gc,phases      ] GC(2) Phase 3: Adjust pointers 1.588ms
[2026-04-03T01:05:41.995+0600][3.383s][info][gc,phases,start] GC(2) Phase 4: Compact heap
[2026-04-03T01:05:41.998+0600][3.386s][info][gc,phases      ] GC(2) Phase 4: Compact heap 2.963ms
[2026-04-03T01:05:41.998+0600][3.386s][info][gc,phases,start] GC(2) Phase 5: Reset Metadata
[2026-04-03T01:05:41.998+0600][3.386s][info][gc,phases      ] GC(2) Phase 5: Reset Metadata 0.331ms
[2026-04-03T01:05:42.001+0600][3.389s][info][gc,heap        ] GC(2) Eden regions: 36->0(9)
[2026-04-03T01:05:42.001+0600][3.389s][info][gc,heap        ] GC(2) Survivor regions: 1->0(4)
[2026-04-03T01:05:42.001+0600][3.389s][info][gc,heap        ] GC(2) Old regions: 1->5
[2026-04-03T01:05:42.001+0600][3.389s][info][gc,heap        ] GC(2) Humongous regions: 0->0
[2026-04-03T01:05:42.001+0600][3.389s][info][gc,metaspace   ] GC(2) Metaspace: 2836K(3072K)->2836K(3072K) NonClass: 2574K(2688K)->2574K(2688K) Class: 261K(384K)->261K(384K)
[2026-04-03T01:05:42.001+0600][3.389s][info][gc             ] GC(2) Pause Full (System.gc()) 74M->3M(34M) 14.506ms
[2026-04-03T01:05:42.001+0600][3.389s][info][gc,cpu         ] GC(2) User=0.03s Sys=0.01s Real=0.02s
[2026-04-03T01:05:42.021+0600][3.409s][info][gc,start       ] GC(3) Pause Young (Concurrent Start) (G1 Humongous Allocation)
[2026-04-03T01:05:42.021+0600][3.409s][info][gc,task        ] GC(3) Using 3 workers of 10 for evacuation
[2026-04-03T01:05:42.022+0600][3.411s][info][gc,phases      ] GC(3)   Pre Evacuate Collection Set: 0.42ms
[2026-04-03T01:05:42.022+0600][3.411s][info][gc,phases      ] GC(3)   Merge Heap Roots: 0.05ms
[2026-04-03T01:05:42.022+0600][3.411s][info][gc,phases      ] GC(3)   Evacuate Collection Set: 0.41ms
[2026-04-03T01:05:42.022+0600][3.411s][info][gc,phases      ] GC(3)   Post Evacuate Collection Set: 0.39ms
[2026-04-03T01:05:42.022+0600][3.411s][info][gc,phases      ] GC(3)   Other: 0.11ms
[2026-04-03T01:05:42.022+0600][3.411s][info][gc,heap        ] GC(3) Eden regions: 1->0(8)
[2026-04-03T01:05:42.022+0600][3.411s][info][gc,heap        ] GC(3) Survivor regions: 0->1(2)
[2026-04-03T01:05:42.022+0600][3.411s][info][gc,heap        ] GC(3) Old regions: 5->5
[2026-04-03T01:05:42.023+0600][3.411s][info][gc,heap        ] GC(3) Humongous regions: 2->2
[2026-04-03T01:05:42.023+0600][3.411s][info][gc,metaspace   ] GC(3) Metaspace: 2940K(3136K)->2940K(3136K) NonClass: 2672K(2752K)->2672K(2752K) Class: 268K(384K)->268K(384K)
[2026-04-03T01:05:42.023+0600][3.411s][info][gc             ] GC(3) Pause Young (Concurrent Start) (G1 Humongous Allocation) 8M->7M(34M) 1.605ms
[2026-04-03T01:05:42.023+0600][3.411s][info][gc,cpu         ] GC(3) User=0.00s Sys=0.00s Real=0.00s
[2026-04-03T01:05:42.023+0600][3.411s][info][gc             ] GC(4) Concurrent Undo Cycle
[2026-04-03T01:05:42.023+0600][3.411s][info][gc,marking     ] GC(4) Concurrent Clear Claimed Marks
[2026-04-03T01:05:42.023+0600][3.411s][info][gc,marking     ] GC(4) Concurrent Clear Claimed Marks 0.021ms
[2026-04-03T01:05:42.023+0600][3.411s][info][gc,marking     ] GC(4) Concurrent Cleanup for Next Mark
[2026-04-03T01:05:42.023+0600][3.411s][info][gc,marking     ] GC(4) Concurrent Cleanup for Next Mark 0.171ms
[2026-04-03T01:05:42.023+0600][3.411s][info][gc             ] GC(4) Concurrent Undo Cycle 0.337ms
[2026-04-03T01:05:42.025+0600][3.414s][info][gc,start       ] GC(5) Pause Young (Concurrent Start) (G1 Humongous Allocation)
[2026-04-03T01:05:42.026+0600][3.414s][info][gc,task        ] GC(5) Using 2 workers of 10 for evacuation
[2026-04-03T01:05:42.027+0600][3.416s][info][gc,phases      ] GC(5)   Pre Evacuate Collection Set: 0.42ms
[2026-04-03T01:05:42.027+0600][3.416s][info][gc,phases      ] GC(5)   Merge Heap Roots: 0.21ms
[2026-04-03T01:05:42.027+0600][3.416s][info][gc,phases      ] GC(5)   Evacuate Collection Set: 0.48ms
[2026-04-03T01:05:42.027+0600][3.416s][info][gc,phases      ] GC(5)   Post Evacuate Collection Set: 0.46ms
[2026-04-03T01:05:42.027+0600][3.416s][info][gc,phases      ] GC(5)   Other: 0.23ms
[2026-04-03T01:05:42.027+0600][3.416s][info][gc,heap        ] GC(5) Eden regions: 0->0(6)
[2026-04-03T01:05:42.027+0600][3.416s][info][gc,heap        ] GC(5) Survivor regions: 1->1(2)
[2026-04-03T01:05:42.027+0600][3.416s][info][gc,heap        ] GC(5) Old regions: 5->5
[2026-04-03T01:05:42.027+0600][3.416s][info][gc,heap        ] GC(5) Humongous regions: 4->4
[2026-04-03T01:05:42.027+0600][3.416s][info][gc,metaspace   ] GC(5) Metaspace: 2940K(3136K)->2940K(3136K) NonClass: 2672K(2752K)->2672K(2752K) Class: 268K(384K)->268K(384K)
[2026-04-03T01:05:42.028+0600][3.416s][info][gc             ] GC(5) Pause Young (Concurrent Start) (G1 Humongous Allocation) 11M->11M(34M) 2.031ms
[2026-04-03T01:05:42.028+0600][3.416s][info][gc,cpu         ] GC(5) User=0.00s Sys=0.00s Real=0.00s
[2026-04-03T01:05:42.028+0600][3.416s][info][gc             ] GC(6) Concurrent Mark Cycle
[2026-04-03T01:05:42.028+0600][3.416s][info][gc,marking     ] GC(6) Concurrent Scan Root Regions
[2026-04-03T01:05:42.028+0600][3.416s][info][gc,marking     ] GC(6) Concurrent Scan Root Regions 0.196ms
[2026-04-03T01:05:42.028+0600][3.416s][info][gc,marking     ] GC(6) Concurrent Mark
[2026-04-03T01:05:42.028+0600][3.416s][info][gc,marking     ] GC(6) Concurrent Mark From Roots
[2026-04-03T01:05:42.028+0600][3.417s][info][gc,task        ] GC(6) Using 3 workers of 3 for marking
[2026-04-03T01:05:42.032+0600][3.420s][info][gc,marking     ] GC(6) Concurrent Mark From Roots 4.301ms
[2026-04-03T01:05:42.032+0600][3.420s][info][gc,marking     ] GC(6) Concurrent Preclean
[2026-04-03T01:05:42.032+0600][3.420s][info][gc,marking     ] GC(6) Concurrent Preclean 0.031ms
[2026-04-03T01:05:42.032+0600][3.420s][info][gc,start       ] GC(6) Pause Remark
[2026-04-03T01:05:42.035+0600][3.423s][info][gc             ] GC(6) Pause Remark 15M->15M(40M) 2.261ms
[2026-04-03T01:05:42.035+0600][3.423s][info][gc,cpu         ] GC(6) User=0.00s Sys=0.00s Real=0.00s
[2026-04-03T01:05:42.035+0600][3.423s][info][gc,marking     ] GC(6) Concurrent Mark 7.032ms
[2026-04-03T01:05:42.035+0600][3.423s][info][gc,marking     ] GC(6) Concurrent Rebuild Remembered Sets and Scrub Regions
[2026-04-03T01:05:42.038+0600][3.427s][info][gc,marking     ] GC(6) Concurrent Rebuild Remembered Sets and Scrub Regions 3.518ms
[2026-04-03T01:05:42.039+0600][3.427s][info][gc,start       ] GC(6) Pause Cleanup
[2026-04-03T01:05:42.039+0600][3.427s][info][gc             ] GC(6) Pause Cleanup 15M->15M(40M) 0.292ms
[2026-04-03T01:05:42.039+0600][3.427s][info][gc,cpu         ] GC(6) User=0.00s Sys=0.00s Real=0.00s
[2026-04-03T01:05:42.039+0600][3.427s][info][gc,marking     ] GC(6) Concurrent Clear Claimed Marks
[2026-04-03T01:05:42.039+0600][3.427s][info][gc,marking     ] GC(6) Concurrent Clear Claimed Marks 0.042ms
[2026-04-03T01:05:42.039+0600][3.427s][info][gc,marking     ] GC(6) Concurrent Cleanup for Next Mark
[2026-04-03T01:05:42.040+0600][3.428s][info][gc,marking     ] GC(6) Concurrent Cleanup for Next Mark 0.493ms
[2026-04-03T01:05:42.040+0600][3.428s][info][gc             ] GC(6) Concurrent Mark Cycle 12.328ms
[2026-04-03T01:05:42.290+0600][3.678s][info][gc,start       ] GC(7) Pause Young (Prepare Mixed) (G1 Evacuation Pause)
[2026-04-03T01:05:42.291+0600][3.679s][info][gc,task        ] GC(7) Using 10 workers of 10 for evacuation
[2026-04-03T01:05:42.294+0600][3.682s][info][gc,phases      ] GC(7)   Pre Evacuate Collection Set: 0.18ms
[2026-04-03T01:05:42.294+0600][3.682s][info][gc,phases      ] GC(7)   Merge Heap Roots: 0.09ms
[2026-04-03T01:05:42.294+0600][3.682s][info][gc,phases      ] GC(7)   Evacuate Collection Set: 1.99ms
[2026-04-03T01:05:42.294+0600][3.682s][info][gc,phases      ] GC(7)   Post Evacuate Collection Set: 0.40ms
[2026-04-03T01:05:42.294+0600][3.682s][info][gc,phases      ] GC(7)   Other: 1.22ms
[2026-04-03T01:05:42.294+0600][3.682s][info][gc,heap        ] GC(7) Eden regions: 6->0(7)
[2026-04-03T01:05:42.294+0600][3.682s][info][gc,heap        ] GC(7) Survivor regions: 1->1(1)
[2026-04-03T01:05:42.294+0600][3.682s][info][gc,heap        ] GC(7) Old regions: 5->5
[2026-04-03T01:05:42.294+0600][3.682s][info][gc,heap        ] GC(7) Humongous regions: 6->6
[2026-04-03T01:05:42.294+0600][3.682s][info][gc,metaspace   ] GC(7) Metaspace: 6791K(7232K)->6791K(7232K) NonClass: 6036K(6272K)->6036K(6272K) Class: 755K(960K)->755K(960K)
[2026-04-03T01:05:42.294+0600][3.682s][info][gc             ] GC(7) Pause Young (Prepare Mixed) (G1 Evacuation Pause) 27M->16M(40M) 4.342ms
[2026-04-03T01:05:42.294+0600][3.682s][info][gc,cpu         ] GC(7) User=0.02s Sys=0.00s Real=0.00s
[2026-04-03T01:05:42.541+0600][3.929s][info][gc,start       ] GC(8) Pause Young (Mixed) (G1 Evacuation Pause)
[2026-04-03T01:05:42.541+0600][3.929s][info][gc,task        ] GC(8) Using 10 workers of 10 for evacuation
[2026-04-03T01:05:42.544+0600][3.932s][info][gc,phases      ] GC(8)   Pre Evacuate Collection Set: 0.28ms
[2026-04-03T01:05:42.544+0600][3.932s][info][gc,phases      ] GC(8)   Merge Heap Roots: 0.11ms
[2026-04-03T01:05:42.544+0600][3.932s][info][gc,phases      ] GC(8)   Evacuate Collection Set: 2.04ms
[2026-04-03T01:05:42.544+0600][3.932s][info][gc,phases      ] GC(8)   Post Evacuate Collection Set: 0.68ms
[2026-04-03T01:05:42.544+0600][3.932s][info][gc,phases      ] GC(8)   Other: 0.08ms
[2026-04-03T01:05:42.544+0600][3.933s][info][gc,heap        ] GC(8) Eden regions: 7->0(42)
[2026-04-03T01:05:42.544+0600][3.933s][info][gc,heap        ] GC(8) Survivor regions: 1->1(1)
[2026-04-03T01:05:42.544+0600][3.933s][info][gc,heap        ] GC(8) Old regions: 5->4
[2026-04-03T01:05:42.544+0600][3.933s][info][gc,heap        ] GC(8) Humongous regions: 6->6
[2026-04-03T01:05:42.544+0600][3.933s][info][gc,metaspace   ] GC(8) Metaspace: 8656K(9344K)->8656K(9344K) NonClass: 7616K(8000K)->7616K(8000K) Class: 1039K(1344K)->1039K(1344K)
[2026-04-03T01:05:42.544+0600][3.933s][info][gc             ] GC(8) Pause Young (Mixed) (G1 Evacuation Pause) 30M->17M(144M) 3.437ms
[2026-04-03T01:05:42.544+0600][3.933s][info][gc,cpu         ] GC(8) User=0.01s Sys=0.01s Real=0.00s
[2026-04-03T01:05:43.219+0600][4.607s][info][gc,start       ] GC(9) Pause Young (Mixed) (G1 Evacuation Pause)
[2026-04-03T01:05:43.219+0600][4.607s][info][gc,task        ] GC(9) Using 10 workers of 10 for evacuation
[2026-04-03T01:05:43.222+0600][4.611s][info][gc,phases      ] GC(9)   Pre Evacuate Collection Set: 0.23ms
[2026-04-03T01:05:43.222+0600][4.611s][info][gc,phases      ] GC(9)   Merge Heap Roots: 0.10ms
[2026-04-03T01:05:43.222+0600][4.611s][info][gc,phases      ] GC(9)   Evacuate Collection Set: 2.27ms
[2026-04-03T01:05:43.222+0600][4.611s][info][gc,phases      ] GC(9)   Post Evacuate Collection Set: 0.63ms
[2026-04-03T01:05:43.222+0600][4.611s][info][gc,phases      ] GC(9)   Other: 0.09ms
[2026-04-03T01:05:43.222+0600][4.611s][info][gc,heap        ] GC(9) Eden regions: 42->0(41)
[2026-04-03T01:05:43.223+0600][4.611s][info][gc,heap        ] GC(9) Survivor regions: 1->2(6)
[2026-04-03T01:05:43.223+0600][4.611s][info][gc,heap        ] GC(9) Old regions: 4->3
[2026-04-03T01:05:43.223+0600][4.611s][info][gc,heap        ] GC(9) Humongous regions: 6->6
[2026-04-03T01:05:43.223+0600][4.611s][info][gc,metaspace   ] GC(9) Metaspace: 8961K(9600K)->8961K(9600K) NonClass: 7921K(8256K)->7921K(8256K) Class: 1039K(1344K)->1039K(1344K)
[2026-04-03T01:05:43.223+0600][4.611s][info][gc             ] GC(9) Pause Young (Mixed) (G1 Evacuation Pause) 101M->17M(144M) 3.600ms
[2026-04-03T01:05:43.223+0600][4.611s][info][gc,cpu         ] GC(9) User=0.02s Sys=0.01s Real=0.01s
[2026-04-03T01:05:43.390+0600][4.778s][info][gc,start       ] GC(10) Pause Young (Normal) (G1 Evacuation Pause)
[2026-04-03T01:05:43.390+0600][4.778s][info][gc,task        ] GC(10) Using 10 workers of 10 for evacuation
[2026-04-03T01:05:43.393+0600][4.781s][info][gc,phases      ] GC(10)   Pre Evacuate Collection Set: 0.39ms
[2026-04-03T01:05:43.393+0600][4.781s][info][gc,phases      ] GC(10)   Merge Heap Roots: 0.11ms
[2026-04-03T01:05:43.393+0600][4.781s][info][gc,phases      ] GC(10)   Evacuate Collection Set: 1.46ms
[2026-04-03T01:05:43.393+0600][4.781s][info][gc,phases      ] GC(10)   Post Evacuate Collection Set: 0.46ms
[2026-04-03T01:05:43.393+0600][4.781s][info][gc,phases      ] GC(10)   Other: 0.11ms
[2026-04-03T01:05:43.393+0600][4.781s][info][gc,heap        ] GC(10) Eden regions: 41->0(42)
[2026-04-03T01:05:43.393+0600][4.781s][info][gc,heap        ] GC(10) Survivor regions: 2->1(6)
[2026-04-03T01:05:43.393+0600][4.781s][info][gc,heap        ] GC(10) Old regions: 3->3
[2026-04-03T01:05:43.393+0600][4.781s][info][gc,heap        ] GC(10) Humongous regions: 6->6
[2026-04-03T01:05:43.393+0600][4.781s][info][gc,metaspace   ] GC(10) Metaspace: 9014K(9664K)->9014K(9664K) NonClass: 7972K(8320K)->7972K(8320K) Class: 1041K(1344K)->1041K(1344K)
[2026-04-03T01:05:43.393+0600][4.781s][info][gc             ] GC(10) Pause Young (Normal) (G1 Evacuation Pause) 99M->17M(144M) 2.843ms
[2026-04-03T01:05:43.393+0600][4.781s][info][gc,cpu         ] GC(10) User=0.01s Sys=0.00s Real=0.00s
[2026-04-03T01:05:43.555+0600][4.943s][info][gc,start       ] GC(11) Pause Young (Normal) (G1 Evacuation Pause)
[2026-04-03T01:05:43.555+0600][4.943s][info][gc,task        ] GC(11) Using 10 workers of 10 for evacuation
[2026-04-03T01:05:43.558+0600][4.946s][info][gc,phases      ] GC(11)   Pre Evacuate Collection Set: 0.34ms
[2026-04-03T01:05:43.558+0600][4.946s][info][gc,phases      ] GC(11)   Merge Heap Roots: 0.10ms
[2026-04-03T01:05:43.558+0600][4.946s][info][gc,phases      ] GC(11)   Evacuate Collection Set: 1.93ms
[2026-04-03T01:05:43.558+0600][4.946s][info][gc,phases      ] GC(11)   Post Evacuate Collection Set: 0.63ms
[2026-04-03T01:05:43.558+0600][4.946s][info][gc,phases      ] GC(11)   Other: 0.08ms
[2026-04-03T01:05:43.558+0600][4.946s][info][gc,heap        ] GC(11) Eden regions: 42->0(42)
[2026-04-03T01:05:43.558+0600][4.946s][info][gc,heap        ] GC(11) Survivor regions: 1->1(6)
[2026-04-03T01:05:43.558+0600][4.946s][info][gc,heap        ] GC(11) Old regions: 3->3
[2026-04-03T01:05:43.558+0600][4.946s][info][gc,heap        ] GC(11) Humongous regions: 6->6
[2026-04-03T01:05:43.558+0600][4.946s][info][gc,metaspace   ] GC(11) Metaspace: 9044K(9728K)->9044K(9728K) NonClass: 8002K(8384K)->8002K(8384K) Class: 1041K(1344K)->1041K(1344K)
[2026-04-03T01:05:43.558+0600][4.946s][info][gc             ] GC(11) Pause Young (Normal) (G1 Evacuation Pause) 101M->17M(144M) 3.314ms
[2026-04-03T01:05:43.558+0600][4.947s][info][gc,cpu         ] GC(11) User=0.02s Sys=0.00s Real=0.00s
[2026-04-03T01:05:43.718+0600][5.106s][info][gc,start       ] GC(12) Pause Young (Normal) (G1 Evacuation Pause)
[2026-04-03T01:05:43.718+0600][5.106s][info][gc,task        ] GC(12) Using 10 workers of 10 for evacuation
[2026-04-03T01:05:43.720+0600][5.108s][info][gc,phases      ] GC(12)   Pre Evacuate Collection Set: 0.20ms
[2026-04-03T01:05:43.720+0600][5.109s][info][gc,phases      ] GC(12)   Merge Heap Roots: 0.13ms
[2026-04-03T01:05:43.720+0600][5.109s][info][gc,phases      ] GC(12)   Evacuate Collection Set: 1.50ms
[2026-04-03T01:05:43.720+0600][5.109s][info][gc,phases      ] GC(12)   Post Evacuate Collection Set: 0.60ms
[2026-04-03T01:05:43.720+0600][5.109s][info][gc,phases      ] GC(12)   Other: 0.11ms
[2026-04-03T01:05:43.720+0600][5.109s][info][gc,heap        ] GC(12) Eden regions: 42->0(42)
[2026-04-03T01:05:43.720+0600][5.109s][info][gc,heap        ] GC(12) Survivor regions: 1->1(6)
[2026-04-03T01:05:43.720+0600][5.109s][info][gc,heap        ] GC(12) Old regions: 3->3
[2026-04-03T01:05:43.720+0600][5.109s][info][gc,heap        ] GC(12) Humongous regions: 6->6
[2026-04-03T01:05:43.720+0600][5.109s][info][gc,metaspace   ] GC(12) Metaspace: 9058K(9728K)->9058K(9728K) NonClass: 8016K(8384K)->8016K(8384K) Class: 1041K(1344K)->1041K(1344K)
[2026-04-03T01:05:43.720+0600][5.109s][info][gc             ] GC(12) Pause Young (Normal) (G1 Evacuation Pause) 101M->17M(144M) 2.813ms
[2026-04-03T01:05:43.720+0600][5.109s][info][gc,cpu         ] GC(12) User=0.01s Sys=0.00s Real=0.01s
[2026-04-03T01:05:43.891+0600][5.279s][info][gc,start       ] GC(13) Pause Young (Normal) (G1 Evacuation Pause)
[2026-04-03T01:05:43.891+0600][5.279s][info][gc,task        ] GC(13) Using 10 workers of 10 for evacuation
[2026-04-03T01:05:43.894+0600][5.282s][info][gc,phases      ] GC(13)   Pre Evacuate Collection Set: 0.20ms
[2026-04-03T01:05:43.894+0600][5.282s][info][gc,phases      ] GC(13)   Merge Heap Roots: 0.12ms
[2026-04-03T01:05:43.894+0600][5.282s][info][gc,phases      ] GC(13)   Evacuate Collection Set: 1.51ms
[2026-04-03T01:05:43.894+0600][5.282s][info][gc,phases      ] GC(13)   Post Evacuate Collection Set: 0.69ms
[2026-04-03T01:05:43.894+0600][5.282s][info][gc,phases      ] GC(13)   Other: 0.09ms
[2026-04-03T01:05:43.894+0600][5.282s][info][gc,heap        ] GC(13) Eden regions: 42->0(51)
[2026-04-03T01:05:43.894+0600][5.282s][info][gc,heap        ] GC(13) Survivor regions: 1->1(6)
[2026-04-03T01:05:43.894+0600][5.282s][info][gc,heap        ] GC(13) Old regions: 3->3
[2026-04-03T01:05:43.894+0600][5.282s][info][gc,heap        ] GC(13) Humongous regions: 6->6
[2026-04-03T01:05:43.894+0600][5.282s][info][gc,metaspace   ] GC(13) Metaspace: 9066K(9728K)->9066K(9728K) NonClass: 8025K(8384K)->8025K(8384K) Class: 1041K(1344K)->1041K(1344K)
[2026-04-03T01:05:43.894+0600][5.282s][info][gc             ] GC(13) Pause Young (Normal) (G1 Evacuation Pause) 101M->17M(174M) 2.938ms
[2026-04-03T01:05:43.894+0600][5.282s][info][gc,cpu         ] GC(13) User=0.02s Sys=0.00s Real=0.00s
[2026-04-03T01:05:44.102+0600][5.490s][info][gc,start       ] GC(14) Pause Young (Normal) (G1 Evacuation Pause)
[2026-04-03T01:05:44.102+0600][5.490s][info][gc,task        ] GC(14) Using 10 workers of 10 for evacuation
[2026-04-03T01:05:44.105+0600][5.493s][info][gc,phases      ] GC(14)   Pre Evacuate Collection Set: 0.24ms
[2026-04-03T01:05:44.105+0600][5.493s][info][gc,phases      ] GC(14)   Merge Heap Roots: 0.11ms
[2026-04-03T01:05:44.105+0600][5.493s][info][gc,phases      ] GC(14)   Evacuate Collection Set: 1.47ms
[2026-04-03T01:05:44.105+0600][5.493s][info][gc,phases      ] GC(14)   Post Evacuate Collection Set: 0.73ms
[2026-04-03T01:05:44.105+0600][5.493s][info][gc,phases      ] GC(14)   Other: 0.11ms
[2026-04-03T01:05:44.105+0600][5.493s][info][gc,heap        ] GC(14) Eden regions: 51->0(51)
[2026-04-03T01:05:44.105+0600][5.493s][info][gc,heap        ] GC(14) Survivor regions: 1->1(7)
[2026-04-03T01:05:44.105+0600][5.493s][info][gc,heap        ] GC(14) Old regions: 3->3
[2026-04-03T01:05:44.105+0600][5.493s][info][gc,heap        ] GC(14) Humongous regions: 6->6
[2026-04-03T01:05:44.105+0600][5.493s][info][gc,metaspace   ] GC(14) Metaspace: 9071K(9728K)->9071K(9728K) NonClass: 8029K(8384K)->8029K(8384K) Class: 1041K(1344K)->1041K(1344K)
[2026-04-03T01:05:44.105+0600][5.493s][info][gc             ] GC(14) Pause Young (Normal) (G1 Evacuation Pause) 119M->17M(174M) 2.985ms
[2026-04-03T01:05:44.105+0600][5.493s][info][gc,cpu         ] GC(14) User=0.02s Sys=0.00s Real=0.00s
[2026-04-03T01:05:44.316+0600][5.704s][info][gc,start       ] GC(15) Pause Young (Normal) (G1 Evacuation Pause)
[2026-04-03T01:05:44.316+0600][5.704s][info][gc,task        ] GC(15) Using 10 workers of 10 for evacuation
[2026-04-03T01:05:44.319+0600][5.708s][info][gc,phases      ] GC(15)   Pre Evacuate Collection Set: 0.36ms
[2026-04-03T01:05:44.319+0600][5.708s][info][gc,phases      ] GC(15)   Merge Heap Roots: 0.12ms
[2026-04-03T01:05:44.320+0600][5.708s][info][gc,phases      ] GC(15)   Evacuate Collection Set: 1.89ms
[2026-04-03T01:05:44.320+0600][5.708s][info][gc,phases      ] GC(15)   Post Evacuate Collection Set: 0.81ms
[2026-04-03T01:05:44.320+0600][5.708s][info][gc,phases      ] GC(15)   Other: 0.12ms
[2026-04-03T01:05:44.320+0600][5.708s][info][gc,heap        ] GC(15) Eden regions: 51->0(51)
[2026-04-03T01:05:44.320+0600][5.708s][info][gc,heap        ] GC(15) Survivor regions: 1->1(7)
[2026-04-03T01:05:44.320+0600][5.708s][info][gc,heap        ] GC(15) Old regions: 3->3
[2026-04-03T01:05:44.320+0600][5.708s][info][gc,heap        ] GC(15) Humongous regions: 6->6
[2026-04-03T01:05:44.320+0600][5.708s][info][gc,metaspace   ] GC(15) Metaspace: 9081K(9728K)->9081K(9728K) NonClass: 8040K(8384K)->8040K(8384K) Class: 1041K(1344K)->1041K(1344K)
[2026-04-03T01:05:44.320+0600][5.708s][info][gc             ] GC(15) Pause Young (Normal) (G1 Evacuation Pause) 119M->17M(174M) 3.658ms
[2026-04-03T01:05:44.320+0600][5.708s][info][gc,cpu         ] GC(15) User=0.01s Sys=0.01s Real=0.00s
[2026-04-03T01:05:44.580+0600][5.968s][info][gc,start       ] GC(16) Pause Young (Normal) (G1 Evacuation Pause)
[2026-04-03T01:05:44.580+0600][5.968s][info][gc,task        ] GC(16) Using 10 workers of 10 for evacuation
[2026-04-03T01:05:44.585+0600][5.973s][info][gc,phases      ] GC(16)   Pre Evacuate Collection Set: 0.25ms
[2026-04-03T01:05:44.585+0600][5.973s][info][gc,phases      ] GC(16)   Merge Heap Roots: 0.13ms
[2026-04-03T01:05:44.585+0600][5.973s][info][gc,phases      ] GC(16)   Evacuate Collection Set: 2.93ms
[2026-04-03T01:05:44.585+0600][5.973s][info][gc,phases      ] GC(16)   Post Evacuate Collection Set: 0.87ms
[2026-04-03T01:05:44.585+0600][5.973s][info][gc,phases      ] GC(16)   Other: 0.13ms
[2026-04-03T01:05:44.585+0600][5.973s][info][gc,heap        ] GC(16) Eden regions: 51->0(51)
[2026-04-03T01:05:44.585+0600][5.973s][info][gc,heap        ] GC(16) Survivor regions: 1->1(7)
[2026-04-03T01:05:44.585+0600][5.973s][info][gc,heap        ] GC(16) Old regions: 3->3
[2026-04-03T01:05:44.585+0600][5.973s][info][gc,heap        ] GC(16) Humongous regions: 6->6
[2026-04-03T01:05:44.585+0600][5.973s][info][gc,metaspace   ] GC(16) Metaspace: 9083K(9728K)->9083K(9728K) NonClass: 8042K(8384K)->8042K(8384K) Class: 1041K(1344K)->1041K(1344K)
[2026-04-03T01:05:44.585+0600][5.973s][info][gc             ] GC(16) Pause Young (Normal) (G1 Evacuation Pause) 119M->17M(174M) 4.710ms
[2026-04-03T01:05:44.585+0600][5.973s][info][gc,cpu         ] GC(16) User=0.02s Sys=0.01s Real=0.00s
[2026-04-03T01:05:44.812+0600][6.200s][info][gc,start       ] GC(17) Pause Young (Normal) (G1 Evacuation Pause)
[2026-04-03T01:05:44.812+0600][6.200s][info][gc,task        ] GC(17) Using 10 workers of 10 for evacuation
[2026-04-03T01:05:44.818+0600][6.206s][info][gc,phases      ] GC(17)   Pre Evacuate Collection Set: 2.91ms
[2026-04-03T01:05:44.818+0600][6.206s][info][gc,phases      ] GC(17)   Merge Heap Roots: 0.13ms
[2026-04-03T01:05:44.818+0600][6.206s][info][gc,phases      ] GC(17)   Evacuate Collection Set: 1.87ms
[2026-04-03T01:05:44.818+0600][6.206s][info][gc,phases      ] GC(17)   Post Evacuate Collection Set: 0.61ms
[2026-04-03T01:05:44.818+0600][6.206s][info][gc,phases      ] GC(17)   Other: 0.08ms
[2026-04-03T01:05:44.818+0600][6.206s][info][gc,heap        ] GC(17) Eden regions: 51->0(62)
[2026-04-03T01:05:44.818+0600][6.206s][info][gc,heap        ] GC(17) Survivor regions: 1->1(7)
[2026-04-03T01:05:44.818+0600][6.206s][info][gc,heap        ] GC(17) Old regions: 3->3
[2026-04-03T01:05:44.818+0600][6.206s][info][gc,heap        ] GC(17) Humongous regions: 6->6
[2026-04-03T01:05:44.818+0600][6.206s][info][gc,metaspace   ] GC(17) Metaspace: 9091K(9792K)->9091K(9792K) NonClass: 8049K(8448K)->8049K(8448K) Class: 1041K(1344K)->1041K(1344K)
[2026-04-03T01:05:44.818+0600][6.206s][info][gc             ] GC(17) Pause Young (Normal) (G1 Evacuation Pause) 119M->17M(210M) 5.879ms
[2026-04-03T01:05:44.818+0600][6.206s][info][gc,cpu         ] GC(17) User=0.04s Sys=0.00s Real=0.00s
[2026-04-03T01:05:45.074+0600][6.462s][info][gc,start       ] GC(18) Pause Young (Normal) (G1 Evacuation Pause)
[2026-04-03T01:05:45.074+0600][6.462s][info][gc,task        ] GC(18) Using 10 workers of 10 for evacuation
[2026-04-03T01:05:45.076+0600][6.465s][info][gc,phases      ] GC(18)   Pre Evacuate Collection Set: 0.22ms
[2026-04-03T01:05:45.076+0600][6.465s][info][gc,phases      ] GC(18)   Merge Heap Roots: 0.11ms
[2026-04-03T01:05:45.077+0600][6.465s][info][gc,phases      ] GC(18)   Evacuate Collection Set: 1.43ms
[2026-04-03T01:05:45.077+0600][6.465s][info][gc,phases      ] GC(18)   Post Evacuate Collection Set: 0.57ms
[2026-04-03T01:05:45.077+0600][6.465s][info][gc,phases      ] GC(18)   Other: 0.10ms
[2026-04-03T01:05:45.077+0600][6.465s][info][gc,heap        ] GC(18) Eden regions: 62->0(62)
[2026-04-03T01:05:45.077+0600][6.465s][info][gc,heap        ] GC(18) Survivor regions: 1->1(8)
[2026-04-03T01:05:45.077+0600][6.465s][info][gc,heap        ] GC(18) Old regions: 3->3
[2026-04-03T01:05:45.077+0600][6.465s][info][gc,heap        ] GC(18) Humongous regions: 6->6
[2026-04-03T01:05:45.077+0600][6.465s][info][gc,metaspace   ] GC(18) Metaspace: 9096K(9792K)->9096K(9792K) NonClass: 8054K(8448K)->8054K(8448K) Class: 1041K(1344K)->1041K(1344K)
[2026-04-03T01:05:45.077+0600][6.465s][info][gc             ] GC(18) Pause Young (Normal) (G1 Evacuation Pause) 141M->17M(210M) 2.689ms
[2026-04-03T01:05:45.077+0600][6.465s][info][gc,cpu         ] GC(18) User=0.01s Sys=0.01s Real=0.00s
[2026-04-03T01:05:45.322+0600][6.710s][info][gc,start       ] GC(19) Pause Young (Normal) (G1 Evacuation Pause)
[2026-04-03T01:05:45.322+0600][6.710s][info][gc,task        ] GC(19) Using 10 workers of 10 for evacuation
[2026-04-03T01:05:45.325+0600][6.714s][info][gc,phases      ] GC(19)   Pre Evacuate Collection Set: 0.31ms
[2026-04-03T01:05:45.326+0600][6.714s][info][gc,phases      ] GC(19)   Merge Heap Roots: 0.17ms
[2026-04-03T01:05:45.326+0600][6.714s][info][gc,phases      ] GC(19)   Evacuate Collection Set: 1.92ms
[2026-04-03T01:05:45.326+0600][6.714s][info][gc,phases      ] GC(19)   Post Evacuate Collection Set: 0.83ms
[2026-04-03T01:05:45.326+0600][6.714s][info][gc,phases      ] GC(19)   Other: 0.11ms
[2026-04-03T01:05:45.326+0600][6.714s][info][gc,heap        ] GC(19) Eden regions: 62->0(62)
[2026-04-03T01:05:45.326+0600][6.714s][info][gc,heap        ] GC(19) Survivor regions: 1->1(8)
[2026-04-03T01:05:45.326+0600][6.714s][info][gc,heap        ] GC(19) Old regions: 3->3
[2026-04-03T01:05:45.326+0600][6.714s][info][gc,heap        ] GC(19) Humongous regions: 6->6
[2026-04-03T01:05:45.326+0600][6.714s][info][gc,metaspace   ] GC(19) Metaspace: 9100K(9792K)->9100K(9792K) NonClass: 8057K(8448K)->8057K(8448K) Class: 1042K(1344K)->1042K(1344K)
[2026-04-03T01:05:45.326+0600][6.714s][info][gc             ] GC(19) Pause Young (Normal) (G1 Evacuation Pause) 141M->17M(210M) 3.710ms
[2026-04-03T01:05:45.326+0600][6.714s][info][gc,cpu         ] GC(19) User=0.02s Sys=0.00s Real=0.00s
[2026-04-03T01:05:45.449+0600][6.837s][info][gc,start       ] GC(20) Pause Young (Normal) (G1 Evacuation Pause)
[2026-04-03T01:05:45.449+0600][6.837s][info][gc,task        ] GC(20) Using 10 workers of 10 for evacuation
[2026-04-03T01:05:45.453+0600][6.841s][info][gc,phases      ] GC(20)   Pre Evacuate Collection Set: 0.28ms
[2026-04-03T01:05:45.453+0600][6.841s][info][gc,phases      ] GC(20)   Merge Heap Roots: 0.15ms
[2026-04-03T01:05:45.453+0600][6.841s][info][gc,phases      ] GC(20)   Evacuate Collection Set: 2.79ms
[2026-04-03T01:05:45.453+0600][6.841s][info][gc,phases      ] GC(20)   Post Evacuate Collection Set: 0.66ms
[2026-04-03T01:05:45.453+0600][6.841s][info][gc,phases      ] GC(20)   Other: 0.13ms
[2026-04-03T01:05:45.453+0600][6.841s][info][gc,heap        ] GC(20) Eden regions: 62->0(62)
[2026-04-03T01:05:45.453+0600][6.841s][info][gc,heap        ] GC(20) Survivor regions: 1->1(8)
[2026-04-03T01:05:45.453+0600][6.841s][info][gc,heap        ] GC(20) Old regions: 3->3
[2026-04-03T01:05:45.453+0600][6.841s][info][gc,heap        ] GC(20) Humongous regions: 6->6
[2026-04-03T01:05:45.453+0600][6.841s][info][gc,metaspace   ] GC(20) Metaspace: 9111K(9792K)->9111K(9792K) NonClass: 8068K(8448K)->8068K(8448K) Class: 1042K(1344K)->1042K(1344K)
[2026-04-03T01:05:45.453+0600][6.841s][info][gc             ] GC(20) Pause Young (Normal) (G1 Evacuation Pause) 141M->17M(210M) 4.422ms
[2026-04-03T01:05:45.453+0600][6.841s][info][gc,cpu         ] GC(20) User=0.03s Sys=0.00s Real=0.01s
[2026-04-03T01:05:45.597+0600][6.985s][info][gc,start       ] GC(21) Pause Young (Normal) (G1 Evacuation Pause)
[2026-04-03T01:05:45.597+0600][6.985s][info][gc,task        ] GC(21) Using 10 workers of 10 for evacuation
[2026-04-03T01:05:45.601+0600][6.989s][info][gc,phases      ] GC(21)   Pre Evacuate Collection Set: 0.26ms
[2026-04-03T01:05:45.601+0600][6.989s][info][gc,phases      ] GC(21)   Merge Heap Roots: 0.16ms
[2026-04-03T01:05:45.601+0600][6.989s][info][gc,phases      ] GC(21)   Evacuate Collection Set: 2.20ms
[2026-04-03T01:05:45.601+0600][6.989s][info][gc,phases      ] GC(21)   Post Evacuate Collection Set: 1.03ms
[2026-04-03T01:05:45.601+0600][6.989s][info][gc,phases      ] GC(21)   Other: 0.15ms
[2026-04-03T01:05:45.601+0600][6.989s][info][gc,heap        ] GC(21) Eden regions: 62->0(62)
[2026-04-03T01:05:45.601+0600][6.989s][info][gc,heap        ] GC(21) Survivor regions: 1->1(8)
[2026-04-03T01:05:45.601+0600][6.989s][info][gc,heap        ] GC(21) Old regions: 3->3
[2026-04-03T01:05:45.601+0600][6.989s][info][gc,heap        ] GC(21) Humongous regions: 6->6
[2026-04-03T01:05:45.601+0600][6.989s][info][gc,metaspace   ] GC(21) Metaspace: 9120K(9792K)->9120K(9792K) NonClass: 8077K(8448K)->8077K(8448K) Class: 1042K(1344K)->1042K(1344K)
[2026-04-03T01:05:45.601+0600][6.989s][info][gc             ] GC(21) Pause Young (Normal) (G1 Evacuation Pause) 141M->17M(210M) 4.204ms
[2026-04-03T01:05:45.601+0600][6.989s][info][gc,cpu         ] GC(21) User=0.03s Sys=0.00s Real=0.01s
[2026-04-03T01:05:45.735+0600][7.124s][info][gc,start       ] GC(22) Pause Young (Normal) (G1 Evacuation Pause)
[2026-04-03T01:05:45.736+0600][7.124s][info][gc,task        ] GC(22) Using 10 workers of 10 for evacuation
[2026-04-03T01:05:45.739+0600][7.127s][info][gc,phases      ] GC(22)   Pre Evacuate Collection Set: 0.22ms
[2026-04-03T01:05:45.739+0600][7.128s][info][gc,phases      ] GC(22)   Merge Heap Roots: 0.19ms
[2026-04-03T01:05:45.739+0600][7.128s][info][gc,phases      ] GC(22)   Evacuate Collection Set: 2.04ms
[2026-04-03T01:05:45.739+0600][7.128s][info][gc,phases      ] GC(22)   Post Evacuate Collection Set: 1.14ms
[2026-04-03T01:05:45.739+0600][7.128s][info][gc,phases      ] GC(22)   Other: 0.14ms
[2026-04-03T01:05:45.739+0600][7.128s][info][gc,heap        ] GC(22) Eden regions: 62->0(74)
[2026-04-03T01:05:45.739+0600][7.128s][info][gc,heap        ] GC(22) Survivor regions: 1->1(8)
[2026-04-03T01:05:45.739+0600][7.128s][info][gc,heap        ] GC(22) Old regions: 3->3
[2026-04-03T01:05:45.739+0600][7.128s][info][gc,heap        ] GC(22) Humongous regions: 6->6
[2026-04-03T01:05:45.739+0600][7.128s][info][gc,metaspace   ] GC(22) Metaspace: 9136K(9792K)->9136K(9792K) NonClass: 8093K(8448K)->8093K(8448K) Class: 1043K(1344K)->1043K(1344K)
[2026-04-03T01:05:45.740+0600][7.128s][info][gc             ] GC(22) Pause Young (Normal) (G1 Evacuation Pause) 141M->17M(252M) 4.058ms
[2026-04-03T01:05:45.740+0600][7.128s][info][gc,cpu         ] GC(22) User=0.02s Sys=0.01s Real=0.00s
[2026-04-03T01:05:45.909+0600][7.297s][info][gc,start       ] GC(23) Pause Young (Normal) (G1 Evacuation Pause)
[2026-04-03T01:05:45.909+0600][7.297s][info][gc,task        ] GC(23) Using 10 workers of 10 for evacuation
[2026-04-03T01:05:45.912+0600][7.300s][info][gc,phases      ] GC(23)   Pre Evacuate Collection Set: 0.30ms
[2026-04-03T01:05:45.912+0600][7.300s][info][gc,phases      ] GC(23)   Merge Heap Roots: 0.13ms
[2026-04-03T01:05:45.912+0600][7.300s][info][gc,phases      ] GC(23)   Evacuate Collection Set: 1.27ms
[2026-04-03T01:05:45.912+0600][7.300s][info][gc,phases      ] GC(23)   Post Evacuate Collection Set: 0.79ms
[2026-04-03T01:05:45.912+0600][7.300s][info][gc,phases      ] GC(23)   Other: 0.16ms
[2026-04-03T01:05:45.912+0600][7.300s][info][gc,heap        ] GC(23) Eden regions: 74->0(74)
[2026-04-03T01:05:45.912+0600][7.300s][info][gc,heap        ] GC(23) Survivor regions: 1->1(10)
[2026-04-03T01:05:45.912+0600][7.300s][info][gc,heap        ] GC(23) Old regions: 3->3
[2026-04-03T01:05:45.912+0600][7.300s][info][gc,heap        ] GC(23) Humongous regions: 6->6
[2026-04-03T01:05:45.912+0600][7.300s][info][gc,metaspace   ] GC(23) Metaspace: 9141K(9792K)->9141K(9792K) NonClass: 8097K(8448K)->8097K(8448K) Class: 1044K(1344K)->1044K(1344K)
[2026-04-03T01:05:45.912+0600][7.300s][info][gc             ] GC(23) Pause Young (Normal) (G1 Evacuation Pause) 165M->17M(252M) 3.143ms
[2026-04-03T01:05:45.912+0600][7.300s][info][gc,cpu         ] GC(23) User=0.02s Sys=0.00s Real=0.01s
[2026-04-03T01:05:46.081+0600][7.470s][info][gc,start       ] GC(24) Pause Young (Normal) (G1 Evacuation Pause)
[2026-04-03T01:05:46.082+0600][7.470s][info][gc,task        ] GC(24) Using 10 workers of 10 for evacuation
[2026-04-03T01:05:46.088+0600][7.476s][info][gc,phases      ] GC(24)   Pre Evacuate Collection Set: 3.79ms
[2026-04-03T01:05:46.088+0600][7.476s][info][gc,phases      ] GC(24)   Merge Heap Roots: 0.25ms
[2026-04-03T01:05:46.088+0600][7.476s][info][gc,phases      ] GC(24)   Evacuate Collection Set: 1.28ms
[2026-04-03T01:05:46.088+0600][7.476s][info][gc,phases      ] GC(24)   Post Evacuate Collection Set: 0.56ms
[2026-04-03T01:05:46.088+0600][7.476s][info][gc,phases      ] GC(24)   Other: 0.14ms
[2026-04-03T01:05:46.088+0600][7.476s][info][gc,heap        ] GC(24) Eden regions: 74->0(74)
[2026-04-03T01:05:46.088+0600][7.476s][info][gc,heap        ] GC(24) Survivor regions: 1->1(10)
[2026-04-03T01:05:46.088+0600][7.476s][info][gc,heap        ] GC(24) Old regions: 3->3
[2026-04-03T01:05:46.088+0600][7.476s][info][gc,heap        ] GC(24) Humongous regions: 6->6
[2026-04-03T01:05:46.088+0600][7.476s][info][gc,metaspace   ] GC(24) Metaspace: 9141K(9792K)->9141K(9792K) NonClass: 8097K(8448K)->8097K(8448K) Class: 1044K(1344K)->1044K(1344K)
[2026-04-03T01:05:46.088+0600][7.476s][info][gc             ] GC(24) Pause Young (Normal) (G1 Evacuation Pause) 165M->17M(252M) 6.418ms
[2026-04-03T01:05:46.088+0600][7.476s][info][gc,cpu         ] GC(24) User=0.01s Sys=0.01s Real=0.00s
[2026-04-03T01:05:46.246+0600][7.634s][info][gc,start       ] GC(25) Pause Young (Normal) (G1 Evacuation Pause)
[2026-04-03T01:05:46.246+0600][7.634s][info][gc,task        ] GC(25) Using 10 workers of 10 for evacuation
[2026-04-03T01:05:46.248+0600][7.636s][info][gc,phases      ] GC(25)   Pre Evacuate Collection Set: 0.44ms
[2026-04-03T01:05:46.248+0600][7.636s][info][gc,phases      ] GC(25)   Merge Heap Roots: 0.14ms
[2026-04-03T01:05:46.248+0600][7.636s][info][gc,phases      ] GC(25)   Evacuate Collection Set: 0.71ms
[2026-04-03T01:05:46.248+0600][7.636s][info][gc,phases      ] GC(25)   Post Evacuate Collection Set: 0.55ms
[2026-04-03T01:05:46.248+0600][7.636s][info][gc,phases      ] GC(25)   Other: 0.10ms
[2026-04-03T01:05:46.248+0600][7.636s][info][gc,heap        ] GC(25) Eden regions: 74->0(74)
[2026-04-03T01:05:46.248+0600][7.636s][info][gc,heap        ] GC(25) Survivor regions: 1->1(10)
[2026-04-03T01:05:46.248+0600][7.636s][info][gc,heap        ] GC(25) Old regions: 3->3
[2026-04-03T01:05:46.248+0600][7.636s][info][gc,heap        ] GC(25) Humongous regions: 6->6
[2026-04-03T01:05:46.248+0600][7.636s][info][gc,metaspace   ] GC(25) Metaspace: 9142K(9792K)->9142K(9792K) NonClass: 8098K(8448K)->8098K(8448K) Class: 1044K(1344K)->1044K(1344K)
[2026-04-03T01:05:46.248+0600][7.636s][info][gc             ] GC(25) Pause Young (Normal) (G1 Evacuation Pause) 165M->17M(252M) 2.212ms
[2026-04-03T01:05:46.248+0600][7.636s][info][gc,cpu         ] GC(25) User=0.01s Sys=0.00s Real=0.00s
[2026-04-03T01:05:46.385+0600][7.773s][info][gc,start       ] GC(26) Pause Young (Normal) (G1 Evacuation Pause)
[2026-04-03T01:05:46.385+0600][7.773s][info][gc,task        ] GC(26) Using 10 workers of 10 for evacuation
[2026-04-03T01:05:46.387+0600][7.776s][info][gc,phases      ] GC(26)   Pre Evacuate Collection Set: 0.40ms
[2026-04-03T01:05:46.387+0600][7.776s][info][gc,phases      ] GC(26)   Merge Heap Roots: 0.19ms
[2026-04-03T01:05:46.387+0600][7.776s][info][gc,phases      ] GC(26)   Evacuate Collection Set: 0.93ms
[2026-04-03T01:05:46.387+0600][7.776s][info][gc,phases      ] GC(26)   Post Evacuate Collection Set: 0.86ms
[2026-04-03T01:05:46.387+0600][7.776s][info][gc,phases      ] GC(26)   Other: 0.15ms
[2026-04-03T01:05:46.387+0600][7.776s][info][gc,heap        ] GC(26) Eden regions: 74->0(90)
[2026-04-03T01:05:46.387+0600][7.776s][info][gc,heap        ] GC(26) Survivor regions: 1->1(10)
[2026-04-03T01:05:46.387+0600][7.776s][info][gc,heap        ] GC(26) Old regions: 3->4
[2026-04-03T01:05:46.387+0600][7.776s][info][gc,heap        ] GC(26) Humongous regions: 6->6
[2026-04-03T01:05:46.387+0600][7.776s][info][gc,metaspace   ] GC(26) Metaspace: 9156K(9792K)->9156K(9792K) NonClass: 8112K(8448K)->8112K(8448K) Class: 1044K(1344K)->1044K(1344K)
[2026-04-03T01:05:46.388+0600][7.776s][info][gc             ] GC(26) Pause Young (Normal) (G1 Evacuation Pause) 165M->17M(304M) 2.889ms
[2026-04-03T01:05:46.388+0600][7.776s][info][gc,cpu         ] GC(26) User=0.02s Sys=0.00s Real=0.00s
[2026-04-03T01:05:46.565+0600][7.953s][info][gc,start       ] GC(27) Pause Young (Normal) (G1 Evacuation Pause)
[2026-04-03T01:05:46.565+0600][7.953s][info][gc,task        ] GC(27) Using 10 workers of 10 for evacuation
[2026-04-03T01:05:46.568+0600][7.956s][info][gc,phases      ] GC(27)   Pre Evacuate Collection Set: 0.36ms
[2026-04-03T01:05:46.568+0600][7.956s][info][gc,phases      ] GC(27)   Merge Heap Roots: 0.36ms
[2026-04-03T01:05:46.568+0600][7.956s][info][gc,phases      ] GC(27)   Evacuate Collection Set: 1.12ms
[2026-04-03T01:05:46.568+0600][7.956s][info][gc,phases      ] GC(27)   Post Evacuate Collection Set: 0.87ms
[2026-04-03T01:05:46.568+0600][7.957s][info][gc,phases      ] GC(27)   Other: 0.20ms
[2026-04-03T01:05:46.568+0600][7.957s][info][gc,heap        ] GC(27) Eden regions: 90->0(90)
[2026-04-03T01:05:46.568+0600][7.957s][info][gc,heap        ] GC(27) Survivor regions: 1->1(12)
[2026-04-03T01:05:46.568+0600][7.957s][info][gc,heap        ] GC(27) Old regions: 4->4
[2026-04-03T01:05:46.568+0600][7.957s][info][gc,heap        ] GC(27) Humongous regions: 6->6
[2026-04-03T01:05:46.568+0600][7.957s][info][gc,metaspace   ] GC(27) Metaspace: 9157K(9792K)->9157K(9792K) NonClass: 8113K(8448K)->8113K(8448K) Class: 1044K(1344K)->1044K(1344K)
[2026-04-03T01:05:46.568+0600][7.957s][info][gc             ] GC(27) Pause Young (Normal) (G1 Evacuation Pause) 197M->17M(304M) 3.290ms
[2026-04-03T01:05:46.569+0600][7.957s][info][gc,cpu         ] GC(27) User=0.02s Sys=0.00s Real=0.00s
[2026-04-03T01:05:46.714+0600][8.102s][info][gc,start       ] GC(28) Pause Young (Normal) (G1 Evacuation Pause)
[2026-04-03T01:05:46.714+0600][8.102s][info][gc,task        ] GC(28) Using 10 workers of 10 for evacuation
[2026-04-03T01:05:46.716+0600][8.104s][info][gc,phases      ] GC(28)   Pre Evacuate Collection Set: 0.25ms
[2026-04-03T01:05:46.716+0600][8.104s][info][gc,phases      ] GC(28)   Merge Heap Roots: 0.31ms
[2026-04-03T01:05:46.716+0600][8.104s][info][gc,phases      ] GC(28)   Evacuate Collection Set: 0.71ms
[2026-04-03T01:05:46.716+0600][8.104s][info][gc,phases      ] GC(28)   Post Evacuate Collection Set: 0.54ms
[2026-04-03T01:05:46.716+0600][8.104s][info][gc,phases      ] GC(28)   Other: 0.10ms
[2026-04-03T01:05:46.716+0600][8.104s][info][gc,heap        ] GC(28) Eden regions: 90->0(90)
[2026-04-03T01:05:46.716+0600][8.104s][info][gc,heap        ] GC(28) Survivor regions: 1->1(12)
[2026-04-03T01:05:46.716+0600][8.104s][info][gc,heap        ] GC(28) Old regions: 4->4
[2026-04-03T01:05:46.716+0600][8.104s][info][gc,heap        ] GC(28) Humongous regions: 6->6
[2026-04-03T01:05:46.716+0600][8.104s][info][gc,metaspace   ] GC(28) Metaspace: 9157K(9792K)->9157K(9792K) NonClass: 8113K(8448K)->8113K(8448K) Class: 1044K(1344K)->1044K(1344K)
[2026-04-03T01:05:46.716+0600][8.104s][info][gc             ] GC(28) Pause Young (Normal) (G1 Evacuation Pause) 197M->17M(304M) 2.290ms
[2026-04-03T01:05:46.716+0600][8.104s][info][gc,cpu         ] GC(28) User=0.01s Sys=0.00s Real=0.00s
[2026-04-03T01:05:46.864+0600][8.252s][info][gc,start       ] GC(29) Pause Young (Normal) (G1 Evacuation Pause)
[2026-04-03T01:05:46.864+0600][8.252s][info][gc,task        ] GC(29) Using 10 workers of 10 for evacuation
[2026-04-03T01:05:46.866+0600][8.254s][info][gc,phases      ] GC(29)   Pre Evacuate Collection Set: 0.29ms
[2026-04-03T01:05:46.866+0600][8.254s][info][gc,phases      ] GC(29)   Merge Heap Roots: 0.17ms
[2026-04-03T01:05:46.866+0600][8.254s][info][gc,phases      ] GC(29)   Evacuate Collection Set: 0.86ms
[2026-04-03T01:05:46.866+0600][8.254s][info][gc,phases      ] GC(29)   Post Evacuate Collection Set: 0.58ms
[2026-04-03T01:05:46.866+0600][8.254s][info][gc,phases      ] GC(29)   Other: 0.11ms
[2026-04-03T01:05:46.866+0600][8.254s][info][gc,heap        ] GC(29) Eden regions: 90->0(90)
[2026-04-03T01:05:46.866+0600][8.254s][info][gc,heap        ] GC(29) Survivor regions: 1->1(12)
[2026-04-03T01:05:46.866+0600][8.254s][info][gc,heap        ] GC(29) Old regions: 4->4
[2026-04-03T01:05:46.866+0600][8.254s][info][gc,heap        ] GC(29) Humongous regions: 6->6
[2026-04-03T01:05:46.866+0600][8.254s][info][gc,metaspace   ] GC(29) Metaspace: 9162K(9792K)->9162K(9792K) NonClass: 8118K(8448K)->8118K(8448K) Class: 1044K(1344K)->1044K(1344K)
[2026-04-03T01:05:46.866+0600][8.255s][info][gc             ] GC(29) Pause Young (Normal) (G1 Evacuation Pause) 197M->17M(304M) 2.338ms
[2026-04-03T01:05:46.866+0600][8.255s][info][gc,cpu         ] GC(29) User=0.01s Sys=0.01s Real=0.00s
[2026-04-03T01:05:47.028+0600][8.416s][info][gc,start       ] GC(30) Pause Young (Normal) (G1 Evacuation Pause)
[2026-04-03T01:05:47.028+0600][8.416s][info][gc,task        ] GC(30) Using 10 workers of 10 for evacuation
[2026-04-03T01:05:47.030+0600][8.418s][info][gc,phases      ] GC(30)   Pre Evacuate Collection Set: 0.26ms
[2026-04-03T01:05:47.030+0600][8.418s][info][gc,phases      ] GC(30)   Merge Heap Roots: 0.16ms
[2026-04-03T01:05:47.030+0600][8.418s][info][gc,phases      ] GC(30)   Evacuate Collection Set: 0.55ms
[2026-04-03T01:05:47.030+0600][8.418s][info][gc,phases      ] GC(30)   Post Evacuate Collection Set: 0.98ms
[2026-04-03T01:05:47.030+0600][8.418s][info][gc,phases      ] GC(30)   Other: 0.10ms
[2026-04-03T01:05:47.030+0600][8.418s][info][gc,heap        ] GC(30) Eden regions: 90->0(108)
[2026-04-03T01:05:47.030+0600][8.418s][info][gc,heap        ] GC(30) Survivor regions: 1->1(12)
[2026-04-03T01:05:47.030+0600][8.418s][info][gc,heap        ] GC(30) Old regions: 4->4
[2026-04-03T01:05:47.030+0600][8.418s][info][gc,heap        ] GC(30) Humongous regions: 6->6
[2026-04-03T01:05:47.030+0600][8.418s][info][gc,metaspace   ] GC(30) Metaspace: 9169K(9792K)->9169K(9792K) NonClass: 8125K(8448K)->8125K(8448K) Class: 1044K(1344K)->1044K(1344K)
[2026-04-03T01:05:47.030+0600][8.418s][info][gc             ] GC(30) Pause Young (Normal) (G1 Evacuation Pause) 197M->17M(366M) 2.316ms
[2026-04-03T01:05:47.030+0600][8.418s][info][gc,cpu         ] GC(30) User=0.01s Sys=0.00s Real=0.01s
[2026-04-03T01:05:47.224+0600][8.612s][info][gc,start       ] GC(31) Pause Young (Normal) (G1 Evacuation Pause)
[2026-04-03T01:05:47.224+0600][8.612s][info][gc,task        ] GC(31) Using 10 workers of 10 for evacuation
[2026-04-03T01:05:47.225+0600][8.614s][info][gc,phases      ] GC(31)   Pre Evacuate Collection Set: 0.33ms
[2026-04-03T01:05:47.226+0600][8.614s][info][gc,phases      ] GC(31)   Merge Heap Roots: 0.16ms
[2026-04-03T01:05:47.226+0600][8.614s][info][gc,phases      ] GC(31)   Evacuate Collection Set: 0.59ms
[2026-04-03T01:05:47.226+0600][8.614s][info][gc,phases      ] GC(31)   Post Evacuate Collection Set: 0.47ms
[2026-04-03T01:05:47.226+0600][8.614s][info][gc,phases      ] GC(31)   Other: 0.15ms
[2026-04-03T01:05:47.226+0600][8.614s][info][gc,heap        ] GC(31) Eden regions: 108->0(108)
[2026-04-03T01:05:47.226+0600][8.614s][info][gc,heap        ] GC(31) Survivor regions: 1->1(14)
[2026-04-03T01:05:47.226+0600][8.614s][info][gc,heap        ] GC(31) Old regions: 4->4
[2026-04-03T01:05:47.226+0600][8.614s][info][gc,heap        ] GC(31) Humongous regions: 6->6
[2026-04-03T01:05:47.226+0600][8.614s][info][gc,metaspace   ] GC(31) Metaspace: 9198K(9856K)->9198K(9856K) NonClass: 8154K(8512K)->8154K(8512K) Class: 1044K(1344K)->1044K(1344K)
[2026-04-03T01:05:47.226+0600][8.614s][info][gc             ] GC(31) Pause Young (Normal) (G1 Evacuation Pause) 233M->17M(366M) 2.033ms
[2026-04-03T01:05:47.226+0600][8.614s][info][gc,cpu         ] GC(31) User=0.01s Sys=0.00s Real=0.00s
[2026-04-03T01:05:47.369+0600][8.757s][info][gc,start       ] GC(32) Pause Young (Normal) (G1 Evacuation Pause)
[2026-04-03T01:05:47.369+0600][8.757s][info][gc,task        ] GC(32) Using 10 workers of 10 for evacuation
[2026-04-03T01:05:47.371+0600][8.759s][info][gc,phases      ] GC(32)   Pre Evacuate Collection Set: 0.26ms
[2026-04-03T01:05:47.371+0600][8.759s][info][gc,phases      ] GC(32)   Merge Heap Roots: 0.17ms
[2026-04-03T01:05:47.371+0600][8.759s][info][gc,phases      ] GC(32)   Evacuate Collection Set: 0.58ms
[2026-04-03T01:05:47.371+0600][8.759s][info][gc,phases      ] GC(32)   Post Evacuate Collection Set: 0.68ms
[2026-04-03T01:05:47.371+0600][8.759s][info][gc,phases      ] GC(32)   Other: 0.11ms
[2026-04-03T01:05:47.371+0600][8.759s][info][gc,heap        ] GC(32) Eden regions: 108->0(108)
[2026-04-03T01:05:47.371+0600][8.759s][info][gc,heap        ] GC(32) Survivor regions: 1->1(14)
[2026-04-03T01:05:47.371+0600][8.759s][info][gc,heap        ] GC(32) Old regions: 4->4
[2026-04-03T01:05:47.371+0600][8.759s][info][gc,heap        ] GC(32) Humongous regions: 6->6
[2026-04-03T01:05:47.371+0600][8.759s][info][gc,metaspace   ] GC(32) Metaspace: 9204K(9856K)->9204K(9856K) NonClass: 8160K(8512K)->8160K(8512K) Class: 1044K(1344K)->1044K(1344K)
[2026-04-03T01:05:47.371+0600][8.759s][info][gc             ] GC(32) Pause Young (Normal) (G1 Evacuation Pause) 233M->17M(366M) 2.096ms
[2026-04-03T01:05:47.371+0600][8.759s][info][gc,cpu         ] GC(32) User=0.00s Sys=0.01s Real=0.01s
[2026-04-03T01:05:47.497+0600][8.885s][info][gc,start       ] GC(33) Pause Young (Normal) (G1 Evacuation Pause)
[2026-04-03T01:05:47.497+0600][8.885s][info][gc,task        ] GC(33) Using 10 workers of 10 for evacuation
[2026-04-03T01:05:47.500+0600][8.888s][info][gc,phases      ] GC(33)   Pre Evacuate Collection Set: 0.22ms
[2026-04-03T01:05:47.500+0600][8.888s][info][gc,phases      ] GC(33)   Merge Heap Roots: 0.13ms
[2026-04-03T01:05:47.500+0600][8.888s][info][gc,phases      ] GC(33)   Evacuate Collection Set: 1.55ms
[2026-04-03T01:05:47.500+0600][8.888s][info][gc,phases      ] GC(33)   Post Evacuate Collection Set: 0.65ms
[2026-04-03T01:05:47.500+0600][8.888s][info][gc,phases      ] GC(33)   Other: 0.10ms
[2026-04-03T01:05:47.500+0600][8.888s][info][gc,heap        ] GC(33) Eden regions: 108->0(108)
[2026-04-03T01:05:47.500+0600][8.888s][info][gc,heap        ] GC(33) Survivor regions: 1->1(14)
[2026-04-03T01:05:47.500+0600][8.888s][info][gc,heap        ] GC(33) Old regions: 4->4
[2026-04-03T01:05:47.500+0600][8.888s][info][gc,heap        ] GC(33) Humongous regions: 6->6
[2026-04-03T01:05:47.500+0600][8.888s][info][gc,metaspace   ] GC(33) Metaspace: 9204K(9856K)->9204K(9856K) NonClass: 8160K(8512K)->8160K(8512K) Class: 1044K(1344K)->1044K(1344K)
[2026-04-03T01:05:47.500+0600][8.888s][info][gc             ] GC(33) Pause Young (Normal) (G1 Evacuation Pause) 233M->17M(366M) 2.969ms
[2026-04-03T01:05:47.500+0600][8.888s][info][gc,cpu         ] GC(33) User=0.01s Sys=0.00s Real=0.01s
[2026-04-03T01:05:47.612+0600][9.000s][info][gc,start       ] GC(34) Pause Young (Normal) (G1 Evacuation Pause)
[2026-04-03T01:05:47.612+0600][9.000s][info][gc,task        ] GC(34) Using 10 workers of 10 for evacuation
[2026-04-03T01:05:47.615+0600][9.003s][info][gc,phases      ] GC(34)   Pre Evacuate Collection Set: 0.25ms
[2026-04-03T01:05:47.615+0600][9.003s][info][gc,phases      ] GC(34)   Merge Heap Roots: 0.24ms
[2026-04-03T01:05:47.615+0600][9.003s][info][gc,phases      ] GC(34)   Evacuate Collection Set: 0.78ms
[2026-04-03T01:05:47.615+0600][9.003s][info][gc,phases      ] GC(34)   Post Evacuate Collection Set: 0.79ms
[2026-04-03T01:05:47.615+0600][9.003s][info][gc,phases      ] GC(34)   Other: 0.15ms
[2026-04-03T01:05:47.615+0600][9.003s][info][gc,heap        ] GC(34) Eden regions: 108->0(108)
[2026-04-03T01:05:47.615+0600][9.003s][info][gc,heap        ] GC(34) Survivor regions: 1->1(14)
[2026-04-03T01:05:47.615+0600][9.003s][info][gc,heap        ] GC(34) Old regions: 4->4
[2026-04-03T01:05:47.615+0600][9.003s][info][gc,heap        ] GC(34) Humongous regions: 6->6
[2026-04-03T01:05:47.615+0600][9.003s][info][gc,metaspace   ] GC(34) Metaspace: 9204K(9856K)->9204K(9856K) NonClass: 8160K(8512K)->8160K(8512K) Class: 1044K(1344K)->1044K(1344K)
[2026-04-03T01:05:47.615+0600][9.003s][info][gc             ] GC(34) Pause Young (Normal) (G1 Evacuation Pause) 233M->17M(366M) 2.509ms
[2026-04-03T01:05:47.615+0600][9.003s][info][gc,cpu         ] GC(34) User=0.01s Sys=0.00s Real=0.00s
[2026-04-03T01:05:47.711+0600][9.099s][info][gc,start       ] GC(35) Pause Young (Normal) (G1 Evacuation Pause)
[2026-04-03T01:05:47.711+0600][9.099s][info][gc,task        ] GC(35) Using 10 workers of 10 for evacuation
[2026-04-03T01:05:47.713+0600][9.101s][info][gc,phases      ] GC(35)   Pre Evacuate Collection Set: 0.48ms
[2026-04-03T01:05:47.713+0600][9.101s][info][gc,phases      ] GC(35)   Merge Heap Roots: 0.22ms
[2026-04-03T01:05:47.713+0600][9.101s][info][gc,phases      ] GC(35)   Evacuate Collection Set: 0.52ms
[2026-04-03T01:05:47.713+0600][9.101s][info][gc,phases      ] GC(35)   Post Evacuate Collection Set: 0.59ms
[2026-04-03T01:05:47.713+0600][9.101s][info][gc,phases      ] GC(35)   Other: 0.11ms
[2026-04-03T01:05:47.713+0600][9.101s][info][gc,heap        ] GC(35) Eden regions: 108->0(108)
[2026-04-03T01:05:47.713+0600][9.101s][info][gc,heap        ] GC(35) Survivor regions: 1->1(14)
[2026-04-03T01:05:47.713+0600][9.101s][info][gc,heap        ] GC(35) Old regions: 4->4
[2026-04-03T01:05:47.713+0600][9.101s][info][gc,heap        ] GC(35) Humongous regions: 6->6
[2026-04-03T01:05:47.713+0600][9.101s][info][gc,metaspace   ] GC(35) Metaspace: 9205K(9856K)->9205K(9856K) NonClass: 8161K(8512K)->8161K(8512K) Class: 1044K(1344K)->1044K(1344K)
[2026-04-03T01:05:47.713+0600][9.101s][info][gc             ] GC(35) Pause Young (Normal) (G1 Evacuation Pause) 233M->17M(366M) 2.256ms
[2026-04-03T01:05:47.713+0600][9.101s][info][gc,cpu         ] GC(35) User=0.01s Sys=0.00s Real=0.00s
[2026-04-03T01:05:47.826+0600][9.214s][info][gc,start       ] GC(36) Pause Young (Normal) (G1 Evacuation Pause)
[2026-04-03T01:05:47.826+0600][9.214s][info][gc,task        ] GC(36) Using 10 workers of 10 for evacuation
[2026-04-03T01:05:47.827+0600][9.216s][info][gc,phases      ] GC(36)   Pre Evacuate Collection Set: 0.29ms
[2026-04-03T01:05:47.827+0600][9.216s][info][gc,phases      ] GC(36)   Merge Heap Roots: 0.15ms
[2026-04-03T01:05:47.827+0600][9.216s][info][gc,phases      ] GC(36)   Evacuate Collection Set: 0.49ms
[2026-04-03T01:05:47.827+0600][9.216s][info][gc,phases      ] GC(36)   Post Evacuate Collection Set: 0.46ms
[2026-04-03T01:05:47.827+0600][9.216s][info][gc,phases      ] GC(36)   Other: 0.10ms
[2026-04-03T01:05:47.828+0600][9.216s][info][gc,heap        ] GC(36) Eden regions: 108->0(108)
[2026-04-03T01:05:47.828+0600][9.216s][info][gc,heap        ] GC(36) Survivor regions: 1->1(14)
[2026-04-03T01:05:47.828+0600][9.216s][info][gc,heap        ] GC(36) Old regions: 4->4
[2026-04-03T01:05:47.828+0600][9.216s][info][gc,heap        ] GC(36) Humongous regions: 6->6
[2026-04-03T01:05:47.828+0600][9.216s][info][gc,metaspace   ] GC(36) Metaspace: 9210K(9856K)->9210K(9856K) NonClass: 8166K(8512K)->8166K(8512K) Class: 1044K(1344K)->1044K(1344K)
[2026-04-03T01:05:47.828+0600][9.216s][info][gc             ] GC(36) Pause Young (Normal) (G1 Evacuation Pause) 233M->17M(366M) 1.762ms
[2026-04-03T01:05:47.828+0600][9.216s][info][gc,cpu         ] GC(36) User=0.01s Sys=0.00s Real=0.00s
[2026-04-03T01:05:47.946+0600][9.334s][info][gc,start       ] GC(37) Pause Young (Normal) (G1 Evacuation Pause)
[2026-04-03T01:05:47.946+0600][9.334s][info][gc,task        ] GC(37) Using 10 workers of 10 for evacuation
[2026-04-03T01:05:47.948+0600][9.336s][info][gc,phases      ] GC(37)   Pre Evacuate Collection Set: 0.43ms
[2026-04-03T01:05:47.948+0600][9.336s][info][gc,phases      ] GC(37)   Merge Heap Roots: 0.17ms
[2026-04-03T01:05:47.948+0600][9.336s][info][gc,phases      ] GC(37)   Evacuate Collection Set: 0.50ms
[2026-04-03T01:05:47.948+0600][9.336s][info][gc,phases      ] GC(37)   Post Evacuate Collection Set: 0.61ms
[2026-04-03T01:05:47.948+0600][9.336s][info][gc,phases      ] GC(37)   Other: 0.12ms
[2026-04-03T01:05:47.948+0600][9.336s][info][gc,heap        ] GC(37) Eden regions: 108->0(108)
[2026-04-03T01:05:47.948+0600][9.336s][info][gc,heap        ] GC(37) Survivor regions: 1->1(14)
[2026-04-03T01:05:47.948+0600][9.336s][info][gc,heap        ] GC(37) Old regions: 4->4
[2026-04-03T01:05:47.948+0600][9.336s][info][gc,heap        ] GC(37) Humongous regions: 6->6
[2026-04-03T01:05:47.948+0600][9.336s][info][gc,metaspace   ] GC(37) Metaspace: 9212K(9856K)->9212K(9856K) NonClass: 8168K(8512K)->8168K(8512K) Class: 1044K(1344K)->1044K(1344K)
[2026-04-03T01:05:47.948+0600][9.336s][info][gc             ] GC(37) Pause Young (Normal) (G1 Evacuation Pause) 233M->17M(366M) 2.162ms
[2026-04-03T01:05:47.948+0600][9.336s][info][gc,cpu         ] GC(37) User=0.00s Sys=0.01s Real=0.00s
[2026-04-03T01:05:48.069+0600][9.458s][info][gc,start       ] GC(38) Pause Young (Normal) (G1 Evacuation Pause)
[2026-04-03T01:05:48.070+0600][9.458s][info][gc,task        ] GC(38) Using 10 workers of 10 for evacuation
[2026-04-03T01:05:48.072+0600][9.460s][info][gc,phases      ] GC(38)   Pre Evacuate Collection Set: 0.27ms
[2026-04-03T01:05:48.072+0600][9.460s][info][gc,phases      ] GC(38)   Merge Heap Roots: 0.21ms
[2026-04-03T01:05:48.072+0600][9.460s][info][gc,phases      ] GC(38)   Evacuate Collection Set: 0.45ms
[2026-04-03T01:05:48.072+0600][9.460s][info][gc,phases      ] GC(38)   Post Evacuate Collection Set: 1.35ms
[2026-04-03T01:05:48.072+0600][9.460s][info][gc,phases      ] GC(38)   Other: 0.11ms
[2026-04-03T01:05:48.072+0600][9.460s][info][gc,heap        ] GC(38) Eden regions: 108->0(131)
[2026-04-03T01:05:48.072+0600][9.460s][info][gc,heap        ] GC(38) Survivor regions: 1->1(14)
[2026-04-03T01:05:48.072+0600][9.460s][info][gc,heap        ] GC(38) Old regions: 4->4
[2026-04-03T01:05:48.072+0600][9.460s][info][gc,heap        ] GC(38) Humongous regions: 6->6
[2026-04-03T01:05:48.072+0600][9.460s][info][gc,metaspace   ] GC(38) Metaspace: 9224K(9856K)->9224K(9856K) NonClass: 8180K(8512K)->8180K(8512K) Class: 1044K(1344K)->1044K(1344K)
[2026-04-03T01:05:48.072+0600][9.460s][info][gc             ] GC(38) Pause Young (Normal) (G1 Evacuation Pause) 233M->17M(440M) 2.665ms
[2026-04-03T01:05:48.072+0600][9.460s][info][gc,cpu         ] GC(38) User=0.00s Sys=0.01s Real=0.01s
[2026-04-03T01:05:48.216+0600][9.604s][info][gc,start       ] GC(39) Pause Young (Normal) (G1 Evacuation Pause)
[2026-04-03T01:05:48.216+0600][9.604s][info][gc,task        ] GC(39) Using 10 workers of 10 for evacuation
[2026-04-03T01:05:48.217+0600][9.606s][info][gc,phases      ] GC(39)   Pre Evacuate Collection Set: 0.24ms
[2026-04-03T01:05:48.218+0600][9.606s][info][gc,phases      ] GC(39)   Merge Heap Roots: 0.14ms
[2026-04-03T01:05:48.218+0600][9.606s][info][gc,phases      ] GC(39)   Evacuate Collection Set: 0.46ms
[2026-04-03T01:05:48.218+0600][9.606s][info][gc,phases      ] GC(39)   Post Evacuate Collection Set: 0.74ms
[2026-04-03T01:05:48.218+0600][9.606s][info][gc,phases      ] GC(39)   Other: 0.18ms
[2026-04-03T01:05:48.218+0600][9.606s][info][gc,heap        ] GC(39) Eden regions: 131->0(131)
[2026-04-03T01:05:48.218+0600][9.606s][info][gc,heap        ] GC(39) Survivor regions: 1->1(17)
[2026-04-03T01:05:48.218+0600][9.606s][info][gc,heap        ] GC(39) Old regions: 4->4
[2026-04-03T01:05:48.218+0600][9.606s][info][gc,heap        ] GC(39) Humongous regions: 6->6
[2026-04-03T01:05:48.218+0600][9.606s][info][gc,metaspace   ] GC(39) Metaspace: 9227K(9856K)->9227K(9856K) NonClass: 8183K(8512K)->8183K(8512K) Class: 1044K(1344K)->1044K(1344K)
[2026-04-03T01:05:48.218+0600][9.606s][info][gc             ] GC(39) Pause Young (Normal) (G1 Evacuation Pause) 279M->17M(440M) 2.188ms
[2026-04-03T01:05:48.218+0600][9.606s][info][gc,cpu         ] GC(39) User=0.01s Sys=0.00s Real=0.00s
[2026-04-03T01:05:48.356+0600][9.745s][info][gc,start       ] GC(40) Pause Young (Normal) (G1 Evacuation Pause)
[2026-04-03T01:05:48.356+0600][9.745s][info][gc,task        ] GC(40) Using 10 workers of 10 for evacuation
[2026-04-03T01:05:48.358+0600][9.746s][info][gc,phases      ] GC(40)   Pre Evacuate Collection Set: 0.25ms
[2026-04-03T01:05:48.358+0600][9.746s][info][gc,phases      ] GC(40)   Merge Heap Roots: 0.16ms
[2026-04-03T01:05:48.358+0600][9.746s][info][gc,phases      ] GC(40)   Evacuate Collection Set: 0.41ms
[2026-04-03T01:05:48.358+0600][9.746s][info][gc,phases      ] GC(40)   Post Evacuate Collection Set: 0.78ms
[2026-04-03T01:05:48.358+0600][9.746s][info][gc,phases      ] GC(40)   Other: 0.10ms
[2026-04-03T01:05:48.358+0600][9.746s][info][gc,heap        ] GC(40) Eden regions: 131->0(131)
[2026-04-03T01:05:48.358+0600][9.746s][info][gc,heap        ] GC(40) Survivor regions: 1->1(17)
[2026-04-03T01:05:48.358+0600][9.746s][info][gc,heap        ] GC(40) Old regions: 4->4
[2026-04-03T01:05:48.358+0600][9.746s][info][gc,heap        ] GC(40) Humongous regions: 6->6
[2026-04-03T01:05:48.358+0600][9.746s][info][gc,metaspace   ] GC(40) Metaspace: 9227K(9856K)->9227K(9856K) NonClass: 8183K(8512K)->8183K(8512K) Class: 1044K(1344K)->1044K(1344K)
[2026-04-03T01:05:48.358+0600][9.747s][info][gc             ] GC(40) Pause Young (Normal) (G1 Evacuation Pause) 279M->17M(440M) 2.019ms
[2026-04-03T01:05:48.358+0600][9.747s][info][gc,cpu         ] GC(40) User=0.00s Sys=0.00s Real=0.00s
[2026-04-03T01:05:48.501+0600][9.889s][info][gc,start       ] GC(41) Pause Young (Normal) (G1 Evacuation Pause)
[2026-04-03T01:05:48.501+0600][9.889s][info][gc,task        ] GC(41) Using 10 workers of 10 for evacuation
[2026-04-03T01:05:48.503+0600][9.891s][info][gc,phases      ] GC(41)   Pre Evacuate Collection Set: 0.30ms
[2026-04-03T01:05:48.503+0600][9.891s][info][gc,phases      ] GC(41)   Merge Heap Roots: 0.15ms
[2026-04-03T01:05:48.503+0600][9.891s][info][gc,phases      ] GC(41)   Evacuate Collection Set: 0.87ms
[2026-04-03T01:05:48.503+0600][9.891s][info][gc,phases      ] GC(41)   Post Evacuate Collection Set: 0.54ms
[2026-04-03T01:05:48.503+0600][9.891s][info][gc,phases      ] GC(41)   Other: 0.09ms
[2026-04-03T01:05:48.503+0600][9.891s][info][gc,heap        ] GC(41) Eden regions: 131->0(131)
[2026-04-03T01:05:48.503+0600][9.891s][info][gc,heap        ] GC(41) Survivor regions: 1->1(17)
[2026-04-03T01:05:48.503+0600][9.891s][info][gc,heap        ] GC(41) Old regions: 4->4
[2026-04-03T01:05:48.503+0600][9.891s][info][gc,heap        ] GC(41) Humongous regions: 6->6
[2026-04-03T01:05:48.503+0600][9.891s][info][gc,metaspace   ] GC(41) Metaspace: 9227K(9856K)->9227K(9856K) NonClass: 8183K(8512K)->8183K(8512K) Class: 1044K(1344K)->1044K(1344K)
[2026-04-03T01:05:48.503+0600][9.891s][info][gc             ] GC(41) Pause Young (Normal) (G1 Evacuation Pause) 279M->17M(440M) 2.199ms
[2026-04-03T01:05:48.503+0600][9.891s][info][gc,cpu         ] GC(41) User=0.01s Sys=0.00s Real=0.00s
[2026-04-03T01:05:48.651+0600][10.039s][info][gc,start       ] GC(42) Pause Young (Normal) (G1 Evacuation Pause)
[2026-04-03T01:05:48.651+0600][10.039s][info][gc,task        ] GC(42) Using 10 workers of 10 for evacuation
[2026-04-03T01:05:48.654+0600][10.042s][info][gc,phases      ] GC(42)   Pre Evacuate Collection Set: 0.40ms
[2026-04-03T01:05:48.654+0600][10.042s][info][gc,phases      ] GC(42)   Merge Heap Roots: 0.19ms
[2026-04-03T01:05:48.654+0600][10.042s][info][gc,phases      ] GC(42)   Evacuate Collection Set: 1.34ms
[2026-04-03T01:05:48.654+0600][10.042s][info][gc,phases      ] GC(42)   Post Evacuate Collection Set: 0.65ms
[2026-04-03T01:05:48.654+0600][10.042s][info][gc,phases      ] GC(42)   Other: 0.15ms
[2026-04-03T01:05:48.654+0600][10.042s][info][gc,heap        ] GC(42) Eden regions: 131->0(131)
[2026-04-03T01:05:48.654+0600][10.042s][info][gc,heap        ] GC(42) Survivor regions: 1->1(17)
[2026-04-03T01:05:48.654+0600][10.042s][info][gc,heap        ] GC(42) Old regions: 4->4
[2026-04-03T01:05:48.654+0600][10.042s][info][gc,heap        ] GC(42) Humongous regions: 6->6
[2026-04-03T01:05:48.654+0600][10.042s][info][gc,metaspace   ] GC(42) Metaspace: 9227K(9856K)->9227K(9856K) NonClass: 8183K(8512K)->8183K(8512K) Class: 1044K(1344K)->1044K(1344K)
[2026-04-03T01:05:48.654+0600][10.042s][info][gc             ] GC(42) Pause Young (Normal) (G1 Evacuation Pause) 279M->17M(440M) 3.320ms
[2026-04-03T01:05:48.654+0600][10.042s][info][gc,cpu         ] GC(42) User=0.01s Sys=0.01s Real=0.00s
[2026-04-03T01:05:48.796+0600][10.184s][info][gc,start       ] GC(43) Pause Young (Normal) (G1 Evacuation Pause)
[2026-04-03T01:05:48.796+0600][10.184s][info][gc,task        ] GC(43) Using 10 workers of 10 for evacuation
[2026-04-03T01:05:48.798+0600][10.186s][info][gc,phases      ] GC(43)   Pre Evacuate Collection Set: 0.26ms
[2026-04-03T01:05:48.798+0600][10.186s][info][gc,phases      ] GC(43)   Merge Heap Roots: 0.15ms
[2026-04-03T01:05:48.798+0600][10.186s][info][gc,phases      ] GC(43)   Evacuate Collection Set: 1.36ms
[2026-04-03T01:05:48.798+0600][10.186s][info][gc,phases      ] GC(43)   Post Evacuate Collection Set: 0.58ms
[2026-04-03T01:05:48.798+0600][10.187s][info][gc,phases      ] GC(43)   Other: 0.11ms
[2026-04-03T01:05:48.798+0600][10.187s][info][gc,heap        ] GC(43) Eden regions: 131->0(131)
[2026-04-03T01:05:48.798+0600][10.187s][info][gc,heap        ] GC(43) Survivor regions: 1->1(17)
[2026-04-03T01:05:48.798+0600][10.187s][info][gc,heap        ] GC(43) Old regions: 4->4
[2026-04-03T01:05:48.798+0600][10.187s][info][gc,heap        ] GC(43) Humongous regions: 6->6
[2026-04-03T01:05:48.798+0600][10.187s][info][gc,metaspace   ] GC(43) Metaspace: 9227K(9856K)->9227K(9856K) NonClass: 8183K(8512K)->8183K(8512K) Class: 1044K(1344K)->1044K(1344K)
[2026-04-03T01:05:48.798+0600][10.187s][info][gc             ] GC(43) Pause Young (Normal) (G1 Evacuation Pause) 279M->17M(440M) 2.758ms
[2026-04-03T01:05:48.798+0600][10.187s][info][gc,cpu         ] GC(43) User=0.01s Sys=0.01s Real=0.00s
[2026-04-03T01:05:48.940+0600][10.328s][info][gc,start       ] GC(44) Pause Young (Normal) (G1 Evacuation Pause)
[2026-04-03T01:05:48.940+0600][10.328s][info][gc,task        ] GC(44) Using 10 workers of 10 for evacuation
[2026-04-03T01:05:48.942+0600][10.330s][info][gc,phases      ] GC(44)   Pre Evacuate Collection Set: 0.24ms
[2026-04-03T01:05:48.942+0600][10.330s][info][gc,phases      ] GC(44)   Merge Heap Roots: 0.13ms
[2026-04-03T01:05:48.942+0600][10.330s][info][gc,phases      ] GC(44)   Evacuate Collection Set: 0.76ms
[2026-04-03T01:05:48.942+0600][10.330s][info][gc,phases      ] GC(44)   Post Evacuate Collection Set: 0.77ms
[2026-04-03T01:05:48.942+0600][10.330s][info][gc,phases      ] GC(44)   Other: 0.11ms
[2026-04-03T01:05:48.942+0600][10.330s][info][gc,heap        ] GC(44) Eden regions: 131->0(131)
[2026-04-03T01:05:48.942+0600][10.330s][info][gc,heap        ] GC(44) Survivor regions: 1->1(17)
[2026-04-03T01:05:48.942+0600][10.330s][info][gc,heap        ] GC(44) Old regions: 4->4
[2026-04-03T01:05:48.942+0600][10.331s][info][gc,heap        ] GC(44) Humongous regions: 6->6
[2026-04-03T01:05:48.942+0600][10.331s][info][gc,metaspace   ] GC(44) Metaspace: 9232K(9856K)->9232K(9856K) NonClass: 8188K(8512K)->8188K(8512K) Class: 1044K(1344K)->1044K(1344K)
[2026-04-03T01:05:48.942+0600][10.331s][info][gc             ] GC(44) Pause Young (Normal) (G1 Evacuation Pause) 279M->17M(440M) 2.296ms
[2026-04-03T01:05:48.942+0600][10.331s][info][gc,cpu         ] GC(44) User=0.01s Sys=0.00s Real=0.00s
[2026-04-03T01:05:49.074+0600][10.462s][info][gc,start       ] GC(45) Pause Young (Normal) (G1 Evacuation Pause)
[2026-04-03T01:05:49.074+0600][10.462s][info][gc,task        ] GC(45) Using 10 workers of 10 for evacuation
[2026-04-03T01:05:49.076+0600][10.465s][info][gc,phases      ] GC(45)   Pre Evacuate Collection Set: 0.23ms
[2026-04-03T01:05:49.076+0600][10.465s][info][gc,phases      ] GC(45)   Merge Heap Roots: 0.18ms
[2026-04-03T01:05:49.076+0600][10.465s][info][gc,phases      ] GC(45)   Evacuate Collection Set: 1.58ms
[2026-04-03T01:05:49.076+0600][10.465s][info][gc,phases      ] GC(45)   Post Evacuate Collection Set: 0.62ms
[2026-04-03T01:05:49.077+0600][10.465s][info][gc,phases      ] GC(45)   Other: 0.15ms
[2026-04-03T01:05:49.077+0600][10.465s][info][gc,heap        ] GC(45) Eden regions: 131->0(131)
[2026-04-03T01:05:49.077+0600][10.465s][info][gc,heap        ] GC(45) Survivor regions: 1->1(17)
[2026-04-03T01:05:49.077+0600][10.465s][info][gc,heap        ] GC(45) Old regions: 4->4
[2026-04-03T01:05:49.077+0600][10.465s][info][gc,heap        ] GC(45) Humongous regions: 6->6
[2026-04-03T01:05:49.077+0600][10.465s][info][gc,metaspace   ] GC(45) Metaspace: 9232K(9856K)->9232K(9856K) NonClass: 8188K(8512K)->8188K(8512K) Class: 1044K(1344K)->1044K(1344K)
[2026-04-03T01:05:49.077+0600][10.465s][info][gc             ] GC(45) Pause Young (Normal) (G1 Evacuation Pause) 279M->17M(440M) 3.026ms
[2026-04-03T01:05:49.077+0600][10.465s][info][gc,cpu         ] GC(45) User=0.01s Sys=0.00s Real=0.00s
[2026-04-03T01:05:49.196+0600][10.584s][info][gc,start       ] GC(46) Pause Young (Normal) (G1 Evacuation Pause)
[2026-04-03T01:05:49.196+0600][10.584s][info][gc,task        ] GC(46) Using 10 workers of 10 for evacuation
[2026-04-03T01:05:49.199+0600][10.587s][info][gc,phases      ] GC(46)   Pre Evacuate Collection Set: 0.41ms
[2026-04-03T01:05:49.199+0600][10.587s][info][gc,phases      ] GC(46)   Merge Heap Roots: 0.13ms
[2026-04-03T01:05:49.199+0600][10.587s][info][gc,phases      ] GC(46)   Evacuate Collection Set: 1.69ms
[2026-04-03T01:05:49.199+0600][10.587s][info][gc,phases      ] GC(46)   Post Evacuate Collection Set: 0.72ms
[2026-04-03T01:05:49.199+0600][10.587s][info][gc,phases      ] GC(46)   Other: 0.10ms
[2026-04-03T01:05:49.199+0600][10.587s][info][gc,heap        ] GC(46) Eden regions: 131->0(131)
[2026-04-03T01:05:49.199+0600][10.587s][info][gc,heap        ] GC(46) Survivor regions: 1->1(17)
[2026-04-03T01:05:49.199+0600][10.587s][info][gc,heap        ] GC(46) Old regions: 4->4
[2026-04-03T01:05:49.199+0600][10.587s][info][gc,heap        ] GC(46) Humongous regions: 6->6
[2026-04-03T01:05:49.199+0600][10.587s][info][gc,metaspace   ] GC(46) Metaspace: 9232K(9856K)->9232K(9856K) NonClass: 8188K(8512K)->8188K(8512K) Class: 1044K(1344K)->1044K(1344K)
[2026-04-03T01:05:49.199+0600][10.587s][info][gc             ] GC(46) Pause Young (Normal) (G1 Evacuation Pause) 279M->17M(440M) 3.338ms
[2026-04-03T01:05:49.199+0600][10.587s][info][gc,cpu         ] GC(46) User=0.01s Sys=0.00s Real=0.00s
[2026-04-03T01:05:49.333+0600][10.721s][info][gc,start       ] GC(47) Pause Young (Normal) (G1 Evacuation Pause)
[2026-04-03T01:05:49.333+0600][10.721s][info][gc,task        ] GC(47) Using 10 workers of 10 for evacuation
[2026-04-03T01:05:49.337+0600][10.725s][info][gc,phases      ] GC(47)   Pre Evacuate Collection Set: 0.31ms
[2026-04-03T01:05:49.337+0600][10.725s][info][gc,phases      ] GC(47)   Merge Heap Roots: 0.14ms
[2026-04-03T01:05:49.337+0600][10.725s][info][gc,phases      ] GC(47)   Evacuate Collection Set: 1.82ms
[2026-04-03T01:05:49.337+0600][10.725s][info][gc,phases      ] GC(47)   Post Evacuate Collection Set: 1.61ms
[2026-04-03T01:05:49.337+0600][10.725s][info][gc,phases      ] GC(47)   Other: 0.13ms
[2026-04-03T01:05:49.337+0600][10.726s][info][gc,heap        ] GC(47) Eden regions: 131->0(157)
[2026-04-03T01:05:49.337+0600][10.726s][info][gc,heap        ] GC(47) Survivor regions: 1->1(17)
[2026-04-03T01:05:49.337+0600][10.726s][info][gc,heap        ] GC(47) Old regions: 4->4
[2026-04-03T01:05:49.337+0600][10.726s][info][gc,heap        ] GC(47) Humongous regions: 6->6
[2026-04-03T01:05:49.337+0600][10.726s][info][gc,metaspace   ] GC(47) Metaspace: 9232K(9856K)->9232K(9856K) NonClass: 8188K(8512K)->8188K(8512K) Class: 1044K(1344K)->1044K(1344K)
[2026-04-03T01:05:49.337+0600][10.726s][info][gc             ] GC(47) Pause Young (Normal) (G1 Evacuation Pause) 279M->17M(528M) 4.409ms
[2026-04-03T01:05:49.338+0600][10.726s][info][gc,cpu         ] GC(47) User=0.00s Sys=0.01s Real=0.00s
[2026-04-03T01:05:49.546+0600][10.934s][info][gc,start       ] GC(48) Pause Young (Normal) (G1 Evacuation Pause)
[2026-04-03T01:05:49.546+0600][10.934s][info][gc,task        ] GC(48) Using 10 workers of 10 for evacuation
[2026-04-03T01:05:49.552+0600][10.940s][info][gc,phases      ] GC(48)   Pre Evacuate Collection Set: 0.33ms
[2026-04-03T01:05:49.552+0600][10.940s][info][gc,phases      ] GC(48)   Merge Heap Roots: 0.17ms
[2026-04-03T01:05:49.552+0600][10.940s][info][gc,phases      ] GC(48)   Evacuate Collection Set: 4.02ms
[2026-04-03T01:05:49.552+0600][10.940s][info][gc,phases      ] GC(48)   Post Evacuate Collection Set: 1.17ms
[2026-04-03T01:05:49.552+0600][10.940s][info][gc,phases      ] GC(48)   Other: 0.20ms
[2026-04-03T01:05:49.552+0600][10.940s][info][gc,heap        ] GC(48) Eden regions: 157->0(157)
[2026-04-03T01:05:49.552+0600][10.940s][info][gc,heap        ] GC(48) Survivor regions: 1->1(20)
[2026-04-03T01:05:49.552+0600][10.940s][info][gc,heap        ] GC(48) Old regions: 4->4
[2026-04-03T01:05:49.552+0600][10.940s][info][gc,heap        ] GC(48) Humongous regions: 6->6
[2026-04-03T01:05:49.552+0600][10.940s][info][gc,metaspace   ] GC(48) Metaspace: 9232K(9856K)->9232K(9856K) NonClass: 8188K(8512K)->8188K(8512K) Class: 1044K(1344K)->1044K(1344K)
[2026-04-03T01:05:49.552+0600][10.940s][info][gc             ] GC(48) Pause Young (Normal) (G1 Evacuation Pause) 331M->17M(528M) 6.301ms
[2026-04-03T01:05:49.552+0600][10.941s][info][gc,cpu         ] GC(48) User=0.00s Sys=0.00s Real=0.01s
[2026-04-03T01:05:49.747+0600][11.135s][info][gc,start       ] GC(49) Pause Young (Normal) (G1 Evacuation Pause)
[2026-04-03T01:05:49.747+0600][11.135s][info][gc,task        ] GC(49) Using 10 workers of 10 for evacuation
[2026-04-03T01:05:49.751+0600][11.139s][info][gc,phases      ] GC(49)   Pre Evacuate Collection Set: 0.49ms
[2026-04-03T01:05:49.751+0600][11.139s][info][gc,phases      ] GC(49)   Merge Heap Roots: 0.27ms
[2026-04-03T01:05:49.751+0600][11.139s][info][gc,phases      ] GC(49)   Evacuate Collection Set: 2.11ms
[2026-04-03T01:05:49.751+0600][11.139s][info][gc,phases      ] GC(49)   Post Evacuate Collection Set: 0.67ms
[2026-04-03T01:05:49.751+0600][11.139s][info][gc,phases      ] GC(49)   Other: 0.13ms
[2026-04-03T01:05:49.751+0600][11.139s][info][gc,heap        ] GC(49) Eden regions: 157->0(157)
[2026-04-03T01:05:49.751+0600][11.139s][info][gc,heap        ] GC(49) Survivor regions: 1->1(20)
[2026-04-03T01:05:49.751+0600][11.139s][info][gc,heap        ] GC(49) Old regions: 4->4
[2026-04-03T01:05:49.751+0600][11.139s][info][gc,heap        ] GC(49) Humongous regions: 6->6
[2026-04-03T01:05:49.751+0600][11.139s][info][gc,metaspace   ] GC(49) Metaspace: 9232K(9856K)->9232K(9856K) NonClass: 8188K(8512K)->8188K(8512K) Class: 1044K(1344K)->1044K(1344K)
[2026-04-03T01:05:49.751+0600][11.139s][info][gc             ] GC(49) Pause Young (Normal) (G1 Evacuation Pause) 331M->17M(528M) 4.028ms
[2026-04-03T01:05:49.751+0600][11.139s][info][gc,cpu         ] GC(49) User=0.00s Sys=0.00s Real=0.01s
[2026-04-03T01:05:49.935+0600][11.323s][info][gc,start       ] GC(50) Pause Young (Normal) (G1 Evacuation Pause)
[2026-04-03T01:05:49.935+0600][11.323s][info][gc,task        ] GC(50) Using 10 workers of 10 for evacuation
[2026-04-03T01:05:49.940+0600][11.329s][info][gc,phases      ] GC(50)   Pre Evacuate Collection Set: 1.24ms
[2026-04-03T01:05:49.940+0600][11.329s][info][gc,phases      ] GC(50)   Merge Heap Roots: 0.20ms
[2026-04-03T01:05:49.940+0600][11.329s][info][gc,phases      ] GC(50)   Evacuate Collection Set: 2.82ms
[2026-04-03T01:05:49.940+0600][11.329s][info][gc,phases      ] GC(50)   Post Evacuate Collection Set: 1.31ms
[2026-04-03T01:05:49.940+0600][11.329s][info][gc,phases      ] GC(50)   Other: 0.12ms
[2026-04-03T01:05:49.941+0600][11.329s][info][gc,heap        ] GC(50) Eden regions: 157->0(157)
[2026-04-03T01:05:49.941+0600][11.329s][info][gc,heap        ] GC(50) Survivor regions: 1->1(20)
[2026-04-03T01:05:49.941+0600][11.329s][info][gc,heap        ] GC(50) Old regions: 4->4
[2026-04-03T01:05:49.941+0600][11.329s][info][gc,heap        ] GC(50) Humongous regions: 6->6
[2026-04-03T01:05:49.941+0600][11.329s][info][gc,metaspace   ] GC(50) Metaspace: 9232K(9856K)->9232K(9856K) NonClass: 8188K(8512K)->8188K(8512K) Class: 1044K(1344K)->1044K(1344K)
[2026-04-03T01:05:49.941+0600][11.329s][info][gc             ] GC(50) Pause Young (Normal) (G1 Evacuation Pause) 331M->17M(528M) 6.089ms
[2026-04-03T01:05:49.941+0600][11.329s][info][gc,cpu         ] GC(50) User=0.01s Sys=0.00s Real=0.01s
[2026-04-03T01:05:50.126+0600][11.514s][info][gc,start       ] GC(51) Pause Young (Normal) (G1 Evacuation Pause)
[2026-04-03T01:05:50.126+0600][11.514s][info][gc,task        ] GC(51) Using 10 workers of 10 for evacuation
[2026-04-03T01:05:50.128+0600][11.516s][info][gc,phases      ] GC(51)   Pre Evacuate Collection Set: 0.26ms
[2026-04-03T01:05:50.128+0600][11.516s][info][gc,phases      ] GC(51)   Merge Heap Roots: 0.22ms
[2026-04-03T01:05:50.128+0600][11.516s][info][gc,phases      ] GC(51)   Evacuate Collection Set: 0.61ms
[2026-04-03T01:05:50.128+0600][11.516s][info][gc,phases      ] GC(51)   Post Evacuate Collection Set: 0.71ms
[2026-04-03T01:05:50.128+0600][11.516s][info][gc,phases      ] GC(51)   Other: 0.10ms
[2026-04-03T01:05:50.128+0600][11.516s][info][gc,heap        ] GC(51) Eden regions: 157->0(157)
[2026-04-03T01:05:50.128+0600][11.516s][info][gc,heap        ] GC(51) Survivor regions: 1->1(20)
[2026-04-03T01:05:50.128+0600][11.516s][info][gc,heap        ] GC(51) Old regions: 4->4
[2026-04-03T01:05:50.128+0600][11.516s][info][gc,heap        ] GC(51) Humongous regions: 6->6
[2026-04-03T01:05:50.128+0600][11.516s][info][gc,metaspace   ] GC(51) Metaspace: 9232K(9856K)->9232K(9856K) NonClass: 8188K(8512K)->8188K(8512K) Class: 1044K(1344K)->1044K(1344K)
[2026-04-03T01:05:50.128+0600][11.516s][info][gc             ] GC(51) Pause Young (Normal) (G1 Evacuation Pause) 331M->17M(528M) 2.258ms
[2026-04-03T01:05:50.128+0600][11.516s][info][gc,cpu         ] GC(51) User=0.00s Sys=0.00s Real=0.00s
[2026-04-03T01:05:50.277+0600][11.666s][info][gc,start       ] GC(52) Pause Young (Normal) (G1 Evacuation Pause)
[2026-04-03T01:05:50.277+0600][11.666s][info][gc,task        ] GC(52) Using 10 workers of 10 for evacuation
[2026-04-03T01:05:50.279+0600][11.667s][info][gc,phases      ] GC(52)   Pre Evacuate Collection Set: 0.27ms
[2026-04-03T01:05:50.279+0600][11.667s][info][gc,phases      ] GC(52)   Merge Heap Roots: 0.16ms
[2026-04-03T01:05:50.279+0600][11.667s][info][gc,phases      ] GC(52)   Evacuate Collection Set: 0.46ms
[2026-04-03T01:05:50.279+0600][11.667s][info][gc,phases      ] GC(52)   Post Evacuate Collection Set: 0.84ms
[2026-04-03T01:05:50.279+0600][11.667s][info][gc,phases      ] GC(52)   Other: 0.09ms
[2026-04-03T01:05:50.279+0600][11.668s][info][gc,heap        ] GC(52) Eden regions: 157->0(157)
[2026-04-03T01:05:50.279+0600][11.668s][info][gc,heap        ] GC(52) Survivor regions: 1->1(20)
[2026-04-03T01:05:50.279+0600][11.668s][info][gc,heap        ] GC(52) Old regions: 4->4
[2026-04-03T01:05:50.279+0600][11.668s][info][gc,heap        ] GC(52) Humongous regions: 6->6
[2026-04-03T01:05:50.279+0600][11.668s][info][gc,metaspace   ] GC(52) Metaspace: 9232K(9856K)->9232K(9856K) NonClass: 8188K(8512K)->8188K(8512K) Class: 1044K(1344K)->1044K(1344K)
[2026-04-03T01:05:50.279+0600][11.668s][info][gc             ] GC(52) Pause Young (Normal) (G1 Evacuation Pause) 331M->17M(528M) 2.054ms
[2026-04-03T01:05:50.279+0600][11.668s][info][gc,cpu         ] GC(52) User=0.00s Sys=0.00s Real=0.00s
[2026-04-03T01:05:50.421+0600][11.809s][info][gc,start       ] GC(53) Pause Young (Normal) (G1 Evacuation Pause)
[2026-04-03T01:05:50.421+0600][11.809s][info][gc,task        ] GC(53) Using 10 workers of 10 for evacuation
[2026-04-03T01:05:50.423+0600][11.811s][info][gc,phases      ] GC(53)   Pre Evacuate Collection Set: 0.40ms
[2026-04-03T01:05:50.423+0600][11.811s][info][gc,phases      ] GC(53)   Merge Heap Roots: 0.20ms
[2026-04-03T01:05:50.423+0600][11.811s][info][gc,phases      ] GC(53)   Evacuate Collection Set: 0.46ms
[2026-04-03T01:05:50.423+0600][11.811s][info][gc,phases      ] GC(53)   Post Evacuate Collection Set: 0.68ms
[2026-04-03T01:05:50.423+0600][11.811s][info][gc,phases      ] GC(53)   Other: 0.12ms
[2026-04-03T01:05:50.423+0600][11.811s][info][gc,heap        ] GC(53) Eden regions: 157->0(157)
[2026-04-03T01:05:50.423+0600][11.811s][info][gc,heap        ] GC(53) Survivor regions: 1->1(20)
[2026-04-03T01:05:50.423+0600][11.811s][info][gc,heap        ] GC(53) Old regions: 4->4
[2026-04-03T01:05:50.423+0600][11.811s][info][gc,heap        ] GC(53) Humongous regions: 6->6
[2026-04-03T01:05:50.423+0600][11.811s][info][gc,metaspace   ] GC(53) Metaspace: 9232K(9856K)->9232K(9856K) NonClass: 8188K(8512K)->8188K(8512K) Class: 1044K(1344K)->1044K(1344K)
[2026-04-03T01:05:50.423+0600][11.811s][info][gc             ] GC(53) Pause Young (Normal) (G1 Evacuation Pause) 331M->17M(528M) 2.189ms
[2026-04-03T01:05:50.423+0600][11.811s][info][gc,cpu         ] GC(53) User=0.01s Sys=0.00s Real=0.00s
[2026-04-03T01:05:50.565+0600][11.953s][info][gc,start       ] GC(54) Pause Young (Normal) (G1 Evacuation Pause)
[2026-04-03T01:05:50.565+0600][11.953s][info][gc,task        ] GC(54) Using 10 workers of 10 for evacuation
[2026-04-03T01:05:50.566+0600][11.955s][info][gc,phases      ] GC(54)   Pre Evacuate Collection Set: 0.40ms
[2026-04-03T01:05:50.566+0600][11.955s][info][gc,phases      ] GC(54)   Merge Heap Roots: 0.17ms
[2026-04-03T01:05:50.566+0600][11.955s][info][gc,phases      ] GC(54)   Evacuate Collection Set: 0.38ms
[2026-04-03T01:05:50.567+0600][11.955s][info][gc,phases      ] GC(54)   Post Evacuate Collection Set: 0.66ms
[2026-04-03T01:05:50.567+0600][11.955s][info][gc,phases      ] GC(54)   Other: 0.13ms
[2026-04-03T01:05:50.567+0600][11.955s][info][gc,heap        ] GC(54) Eden regions: 157->0(157)
[2026-04-03T01:05:50.567+0600][11.955s][info][gc,heap        ] GC(54) Survivor regions: 1->1(20)
[2026-04-03T01:05:50.567+0600][11.955s][info][gc,heap        ] GC(54) Old regions: 4->4
[2026-04-03T01:05:50.567+0600][11.955s][info][gc,heap        ] GC(54) Humongous regions: 6->6
[2026-04-03T01:05:50.567+0600][11.955s][info][gc,metaspace   ] GC(54) Metaspace: 9232K(9856K)->9232K(9856K) NonClass: 8188K(8512K)->8188K(8512K) Class: 1044K(1344K)->1044K(1344K)
[2026-04-03T01:05:50.567+0600][11.955s][info][gc             ] GC(54) Pause Young (Normal) (G1 Evacuation Pause) 331M->17M(528M) 2.030ms
[2026-04-03T01:05:50.567+0600][11.955s][info][gc,cpu         ] GC(54) User=0.01s Sys=0.00s Real=0.00s
[2026-04-03T01:05:50.703+0600][12.091s][info][gc,start       ] GC(55) Pause Young (Normal) (G1 Evacuation Pause)
[2026-04-03T01:05:50.703+0600][12.091s][info][gc,task        ] GC(55) Using 10 workers of 10 for evacuation
[2026-04-03T01:05:50.704+0600][12.093s][info][gc,phases      ] GC(55)   Pre Evacuate Collection Set: 0.25ms
[2026-04-03T01:05:50.704+0600][12.093s][info][gc,phases      ] GC(55)   Merge Heap Roots: 0.16ms
[2026-04-03T01:05:50.704+0600][12.093s][info][gc,phases      ] GC(55)   Evacuate Collection Set: 0.49ms
[2026-04-03T01:05:50.704+0600][12.093s][info][gc,phases      ] GC(55)   Post Evacuate Collection Set: 0.54ms
[2026-04-03T01:05:50.704+0600][12.093s][info][gc,phases      ] GC(55)   Other: 0.11ms
[2026-04-03T01:05:50.704+0600][12.093s][info][gc,heap        ] GC(55) Eden regions: 157->0(157)
[2026-04-03T01:05:50.705+0600][12.093s][info][gc,heap        ] GC(55) Survivor regions: 1->1(20)
[2026-04-03T01:05:50.705+0600][12.093s][info][gc,heap        ] GC(55) Old regions: 4->4
[2026-04-03T01:05:50.705+0600][12.093s][info][gc,heap        ] GC(55) Humongous regions: 6->6
[2026-04-03T01:05:50.705+0600][12.093s][info][gc,metaspace   ] GC(55) Metaspace: 9232K(9856K)->9232K(9856K) NonClass: 8188K(8512K)->8188K(8512K) Class: 1044K(1344K)->1044K(1344K)
[2026-04-03T01:05:50.705+0600][12.093s][info][gc             ] GC(55) Pause Young (Normal) (G1 Evacuation Pause) 331M->17M(528M) 1.847ms
[2026-04-03T01:05:50.705+0600][12.093s][info][gc,cpu         ] GC(55) User=0.01s Sys=0.00s Real=0.00s
[2026-04-03T01:05:50.863+0600][12.251s][info][gc,start       ] GC(56) Pause Young (Normal) (G1 Evacuation Pause)
[2026-04-03T01:05:50.863+0600][12.251s][info][gc,task        ] GC(56) Using 10 workers of 10 for evacuation
[2026-04-03T01:05:50.866+0600][12.254s][info][gc,phases      ] GC(56)   Pre Evacuate Collection Set: 0.42ms
[2026-04-03T01:05:50.866+0600][12.254s][info][gc,phases      ] GC(56)   Merge Heap Roots: 0.23ms
[2026-04-03T01:05:50.866+0600][12.254s][info][gc,phases      ] GC(56)   Evacuate Collection Set: 1.05ms
[2026-04-03T01:05:50.866+0600][12.254s][info][gc,phases      ] GC(56)   Post Evacuate Collection Set: 0.64ms
[2026-04-03T01:05:50.866+0600][12.254s][info][gc,phases      ] GC(56)   Other: 0.11ms
[2026-04-03T01:05:50.866+0600][12.254s][info][gc,heap        ] GC(56) Eden regions: 157->0(157)
[2026-04-03T01:05:50.866+0600][12.254s][info][gc,heap        ] GC(56) Survivor regions: 1->1(20)
[2026-04-03T01:05:50.866+0600][12.254s][info][gc,heap        ] GC(56) Old regions: 4->4
[2026-04-03T01:05:50.866+0600][12.254s][info][gc,heap        ] GC(56) Humongous regions: 6->6
[2026-04-03T01:05:50.866+0600][12.254s][info][gc,metaspace   ] GC(56) Metaspace: 9236K(9856K)->9236K(9856K) NonClass: 8192K(8512K)->8192K(8512K) Class: 1044K(1344K)->1044K(1344K)
[2026-04-03T01:05:50.866+0600][12.254s][info][gc             ] GC(56) Pause Young (Normal) (G1 Evacuation Pause) 331M->17M(528M) 2.800ms
[2026-04-03T01:05:50.866+0600][12.254s][info][gc,cpu         ] GC(56) User=0.00s Sys=0.00s Real=0.00s
[2026-04-03T01:05:51.030+0600][12.418s][info][gc,start       ] GC(57) Pause Young (Normal) (G1 Evacuation Pause)
[2026-04-03T01:05:51.030+0600][12.418s][info][gc,task        ] GC(57) Using 10 workers of 10 for evacuation
[2026-04-03T01:05:51.032+0600][12.421s][info][gc,phases      ] GC(57)   Pre Evacuate Collection Set: 0.37ms
[2026-04-03T01:05:51.032+0600][12.421s][info][gc,phases      ] GC(57)   Merge Heap Roots: 0.19ms
[2026-04-03T01:05:51.033+0600][12.421s][info][gc,phases      ] GC(57)   Evacuate Collection Set: 0.71ms
[2026-04-03T01:05:51.033+0600][12.421s][info][gc,phases      ] GC(57)   Post Evacuate Collection Set: 1.04ms
[2026-04-03T01:05:51.033+0600][12.421s][info][gc,phases      ] GC(57)   Other: 0.13ms
[2026-04-03T01:05:51.033+0600][12.421s][info][gc,heap        ] GC(57) Eden regions: 157->0(157)
[2026-04-03T01:05:51.033+0600][12.421s][info][gc,heap        ] GC(57) Survivor regions: 1->1(20)
[2026-04-03T01:05:51.033+0600][12.421s][info][gc,heap        ] GC(57) Old regions: 4->4
[2026-04-03T01:05:51.033+0600][12.421s][info][gc,heap        ] GC(57) Humongous regions: 6->6
[2026-04-03T01:05:51.033+0600][12.421s][info][gc,metaspace   ] GC(57) Metaspace: 9236K(9856K)->9236K(9856K) NonClass: 8192K(8512K)->8192K(8512K) Class: 1044K(1344K)->1044K(1344K)
[2026-04-03T01:05:51.033+0600][12.421s][info][gc             ] GC(57) Pause Young (Normal) (G1 Evacuation Pause) 331M->17M(528M) 2.915ms
[2026-04-03T01:05:51.033+0600][12.421s][info][gc,cpu         ] GC(57) User=0.01s Sys=0.00s Real=0.00s
[2026-04-03T01:05:51.179+0600][12.567s][info][gc,start       ] GC(58) Pause Young (Normal) (G1 Evacuation Pause)
[2026-04-03T01:05:51.179+0600][12.567s][info][gc,task        ] GC(58) Using 10 workers of 10 for evacuation
[2026-04-03T01:05:51.181+0600][12.569s][info][gc,phases      ] GC(58)   Pre Evacuate Collection Set: 0.26ms
[2026-04-03T01:05:51.181+0600][12.569s][info][gc,phases      ] GC(58)   Merge Heap Roots: 0.23ms
[2026-04-03T01:05:51.181+0600][12.569s][info][gc,phases      ] GC(58)   Evacuate Collection Set: 0.48ms
[2026-04-03T01:05:51.181+0600][12.569s][info][gc,phases      ] GC(58)   Post Evacuate Collection Set: 0.84ms
[2026-04-03T01:05:51.181+0600][12.569s][info][gc,phases      ] GC(58)   Other: 0.09ms
[2026-04-03T01:05:51.181+0600][12.569s][info][gc,heap        ] GC(58) Eden regions: 157->0(157)
[2026-04-03T01:05:51.181+0600][12.570s][info][gc,heap        ] GC(58) Survivor regions: 1->1(20)
[2026-04-03T01:05:51.181+0600][12.570s][info][gc,heap        ] GC(58) Old regions: 4->4
[2026-04-03T01:05:51.181+0600][12.570s][info][gc,heap        ] GC(58) Humongous regions: 6->6
[2026-04-03T01:05:51.181+0600][12.570s][info][gc,metaspace   ] GC(58) Metaspace: 9236K(9856K)->9236K(9856K) NonClass: 8192K(8512K)->8192K(8512K) Class: 1044K(1344K)->1044K(1344K)
[2026-04-03T01:05:51.181+0600][12.570s][info][gc             ] GC(58) Pause Young (Normal) (G1 Evacuation Pause) 331M->17M(528M) 2.189ms
[2026-04-03T01:05:51.181+0600][12.570s][info][gc,cpu         ] GC(58) User=0.00s Sys=0.00s Real=0.01s
[2026-04-03T01:05:51.308+0600][12.697s][info][gc,start       ] GC(59) Pause Young (Normal) (G1 Evacuation Pause)
[2026-04-03T01:05:51.309+0600][12.697s][info][gc,task        ] GC(59) Using 10 workers of 10 for evacuation
[2026-04-03T01:05:51.310+0600][12.698s][info][gc,phases      ] GC(59)   Pre Evacuate Collection Set: 0.33ms
[2026-04-03T01:05:51.310+0600][12.699s][info][gc,phases      ] GC(59)   Merge Heap Roots: 0.21ms
[2026-04-03T01:05:51.310+0600][12.699s][info][gc,phases      ] GC(59)   Evacuate Collection Set: 0.46ms
[2026-04-03T01:05:51.310+0600][12.699s][info][gc,phases      ] GC(59)   Post Evacuate Collection Set: 0.67ms
[2026-04-03T01:05:51.310+0600][12.699s][info][gc,phases      ] GC(59)   Other: 0.09ms
[2026-04-03T01:05:51.310+0600][12.699s][info][gc,heap        ] GC(59) Eden regions: 157->0(157)
[2026-04-03T01:05:51.310+0600][12.699s][info][gc,heap        ] GC(59) Survivor regions: 1->1(20)
[2026-04-03T01:05:51.310+0600][12.699s][info][gc,heap        ] GC(59) Old regions: 4->4
[2026-04-03T01:05:51.310+0600][12.699s][info][gc,heap        ] GC(59) Humongous regions: 6->6
[2026-04-03T01:05:51.310+0600][12.699s][info][gc,metaspace   ] GC(59) Metaspace: 9236K(9856K)->9236K(9856K) NonClass: 8192K(8512K)->8192K(8512K) Class: 1044K(1344K)->1044K(1344K)
[2026-04-03T01:05:51.310+0600][12.699s][info][gc             ] GC(59) Pause Young (Normal) (G1 Evacuation Pause) 331M->17M(528M) 2.025ms
[2026-04-03T01:05:51.310+0600][12.699s][info][gc,cpu         ] GC(59) User=0.01s Sys=0.00s Real=0.01s
[2026-04-03T01:05:51.442+0600][12.830s][info][gc,start       ] GC(60) Pause Young (Normal) (G1 Evacuation Pause)
[2026-04-03T01:05:51.442+0600][12.831s][info][gc,task        ] GC(60) Using 10 workers of 10 for evacuation
[2026-04-03T01:05:51.444+0600][12.833s][info][gc,phases      ] GC(60)   Pre Evacuate Collection Set: 0.31ms
[2026-04-03T01:05:51.444+0600][12.833s][info][gc,phases      ] GC(60)   Merge Heap Roots: 0.17ms
[2026-04-03T01:05:51.444+0600][12.833s][info][gc,phases      ] GC(60)   Evacuate Collection Set: 0.50ms
[2026-04-03T01:05:51.444+0600][12.833s][info][gc,phases      ] GC(60)   Post Evacuate Collection Set: 0.92ms
[2026-04-03T01:05:51.444+0600][12.833s][info][gc,phases      ] GC(60)   Other: 0.11ms
[2026-04-03T01:05:51.444+0600][12.833s][info][gc,heap        ] GC(60) Eden regions: 157->0(157)
[2026-04-03T01:05:51.444+0600][12.833s][info][gc,heap        ] GC(60) Survivor regions: 1->1(20)
[2026-04-03T01:05:51.444+0600][12.833s][info][gc,heap        ] GC(60) Old regions: 4->4
[2026-04-03T01:05:51.444+0600][12.833s][info][gc,heap        ] GC(60) Humongous regions: 6->6
[2026-04-03T01:05:51.444+0600][12.833s][info][gc,metaspace   ] GC(60) Metaspace: 9236K(9856K)->9236K(9856K) NonClass: 8192K(8512K)->8192K(8512K) Class: 1044K(1344K)->1044K(1344K)
[2026-04-03T01:05:51.445+0600][12.833s][info][gc             ] GC(60) Pause Young (Normal) (G1 Evacuation Pause) 331M->17M(528M) 2.260ms
[2026-04-03T01:05:51.445+0600][12.833s][info][gc,cpu         ] GC(60) User=0.00s Sys=0.00s Real=0.00s
[2026-04-03T01:05:51.581+0600][12.969s][info][gc,start       ] GC(61) Pause Young (Normal) (G1 Evacuation Pause)
[2026-04-03T01:05:51.581+0600][12.969s][info][gc,task        ] GC(61) Using 10 workers of 10 for evacuation
[2026-04-03T01:05:51.583+0600][12.971s][info][gc,phases      ] GC(61)   Pre Evacuate Collection Set: 0.23ms
[2026-04-03T01:05:51.583+0600][12.971s][info][gc,phases      ] GC(61)   Merge Heap Roots: 0.16ms
[2026-04-03T01:05:51.583+0600][12.971s][info][gc,phases      ] GC(61)   Evacuate Collection Set: 0.56ms
[2026-04-03T01:05:51.583+0600][12.971s][info][gc,phases      ] GC(61)   Post Evacuate Collection Set: 0.53ms
[2026-04-03T01:05:51.583+0600][12.971s][info][gc,phases      ] GC(61)   Other: 0.12ms
[2026-04-03T01:05:51.583+0600][12.971s][info][gc,heap        ] GC(61) Eden regions: 157->0(157)
[2026-04-03T01:05:51.583+0600][12.971s][info][gc,heap        ] GC(61) Survivor regions: 1->1(20)
[2026-04-03T01:05:51.583+0600][12.971s][info][gc,heap        ] GC(61) Old regions: 4->4
[2026-04-03T01:05:51.583+0600][12.971s][info][gc,heap        ] GC(61) Humongous regions: 6->6
[2026-04-03T01:05:51.583+0600][12.971s][info][gc,metaspace   ] GC(61) Metaspace: 9236K(9856K)->9236K(9856K) NonClass: 8192K(8512K)->8192K(8512K) Class: 1044K(1344K)->1044K(1344K)
[2026-04-03T01:05:51.583+0600][12.971s][info][gc             ] GC(61) Pause Young (Normal) (G1 Evacuation Pause) 331M->17M(528M) 1.868ms
[2026-04-03T01:05:51.583+0600][12.971s][info][gc,cpu         ] GC(61) User=0.01s Sys=0.00s Real=0.00s
[2026-04-03T01:05:51.729+0600][13.118s][info][gc,start       ] GC(62) Pause Young (Normal) (G1 Evacuation Pause)
[2026-04-03T01:05:51.730+0600][13.118s][info][gc,task        ] GC(62) Using 10 workers of 10 for evacuation
[2026-04-03T01:05:51.732+0600][13.120s][info][gc,phases      ] GC(62)   Pre Evacuate Collection Set: 0.35ms
[2026-04-03T01:05:51.732+0600][13.120s][info][gc,phases      ] GC(62)   Merge Heap Roots: 0.18ms
[2026-04-03T01:05:51.732+0600][13.120s][info][gc,phases      ] GC(62)   Evacuate Collection Set: 0.96ms
[2026-04-03T01:05:51.732+0600][13.120s][info][gc,phases      ] GC(62)   Post Evacuate Collection Set: 0.73ms
[2026-04-03T01:05:51.732+0600][13.120s][info][gc,phases      ] GC(62)   Other: 0.11ms
[2026-04-03T01:05:51.732+0600][13.120s][info][gc,heap        ] GC(62) Eden regions: 157->0(157)
[2026-04-03T01:05:51.732+0600][13.120s][info][gc,heap        ] GC(62) Survivor regions: 1->1(20)
[2026-04-03T01:05:51.732+0600][13.120s][info][gc,heap        ] GC(62) Old regions: 4->4
[2026-04-03T01:05:51.732+0600][13.120s][info][gc,heap        ] GC(62) Humongous regions: 6->6
[2026-04-03T01:05:51.732+0600][13.120s][info][gc,metaspace   ] GC(62) Metaspace: 9236K(9856K)->9236K(9856K) NonClass: 8192K(8512K)->8192K(8512K) Class: 1044K(1344K)->1044K(1344K)
[2026-04-03T01:05:51.732+0600][13.120s][info][gc             ] GC(62) Pause Young (Normal) (G1 Evacuation Pause) 331M->17M(528M) 2.689ms
[2026-04-03T01:05:51.732+0600][13.120s][info][gc,cpu         ] GC(62) User=0.01s Sys=0.00s Real=0.01s
[2026-04-03T01:05:51.884+0600][13.273s][info][gc,start       ] GC(63) Pause Young (Normal) (G1 Evacuation Pause)
[2026-04-03T01:05:51.884+0600][13.273s][info][gc,task        ] GC(63) Using 10 workers of 10 for evacuation
[2026-04-03T01:05:51.886+0600][13.274s][info][gc,phases      ] GC(63)   Pre Evacuate Collection Set: 0.26ms
[2026-04-03T01:05:51.886+0600][13.274s][info][gc,phases      ] GC(63)   Merge Heap Roots: 0.22ms
[2026-04-03T01:05:51.886+0600][13.274s][info][gc,phases      ] GC(63)   Evacuate Collection Set: 0.45ms
[2026-04-03T01:05:51.886+0600][13.274s][info][gc,phases      ] GC(63)   Post Evacuate Collection Set: 0.67ms
[2026-04-03T01:05:51.886+0600][13.274s][info][gc,phases      ] GC(63)   Other: 0.10ms
[2026-04-03T01:05:51.886+0600][13.274s][info][gc,heap        ] GC(63) Eden regions: 157->0(157)
[2026-04-03T01:05:51.886+0600][13.274s][info][gc,heap        ] GC(63) Survivor regions: 1->1(20)
[2026-04-03T01:05:51.886+0600][13.274s][info][gc,heap        ] GC(63) Old regions: 4->4
[2026-04-03T01:05:51.886+0600][13.274s][info][gc,heap        ] GC(63) Humongous regions: 6->6
[2026-04-03T01:05:51.886+0600][13.274s][info][gc,metaspace   ] GC(63) Metaspace: 9236K(9856K)->9236K(9856K) NonClass: 8192K(8512K)->8192K(8512K) Class: 1044K(1344K)->1044K(1344K)
[2026-04-03T01:05:51.886+0600][13.275s][info][gc             ] GC(63) Pause Young (Normal) (G1 Evacuation Pause) 331M->17M(528M) 1.972ms
[2026-04-03T01:05:51.886+0600][13.275s][info][gc,cpu         ] GC(63) User=0.01s Sys=0.00s Real=0.00s
[2026-04-03T01:05:52.041+0600][13.429s][info][gc,start       ] GC(64) Pause Young (Normal) (G1 Evacuation Pause)
[2026-04-03T01:05:52.041+0600][13.429s][info][gc,task        ] GC(64) Using 10 workers of 10 for evacuation
[2026-04-03T01:05:52.043+0600][13.431s][info][gc,phases      ] GC(64)   Pre Evacuate Collection Set: 0.30ms
[2026-04-03T01:05:52.043+0600][13.431s][info][gc,phases      ] GC(64)   Merge Heap Roots: 0.24ms
[2026-04-03T01:05:52.043+0600][13.431s][info][gc,phases      ] GC(64)   Evacuate Collection Set: 0.57ms
[2026-04-03T01:05:52.043+0600][13.431s][info][gc,phases      ] GC(64)   Post Evacuate Collection Set: 0.79ms
[2026-04-03T01:05:52.043+0600][13.431s][info][gc,phases      ] GC(64)   Other: 0.12ms
[2026-04-03T01:05:52.043+0600][13.431s][info][gc,heap        ] GC(64) Eden regions: 157->0(157)
[2026-04-03T01:05:52.043+0600][13.431s][info][gc,heap        ] GC(64) Survivor regions: 1->1(20)
[2026-04-03T01:05:52.043+0600][13.431s][info][gc,heap        ] GC(64) Old regions: 4->4
[2026-04-03T01:05:52.043+0600][13.431s][info][gc,heap        ] GC(64) Humongous regions: 6->6
[2026-04-03T01:05:52.043+0600][13.431s][info][gc,metaspace   ] GC(64) Metaspace: 9236K(9856K)->9236K(9856K) NonClass: 8192K(8512K)->8192K(8512K) Class: 1044K(1344K)->1044K(1344K)
[2026-04-03T01:05:52.043+0600][13.431s][info][gc             ] GC(64) Pause Young (Normal) (G1 Evacuation Pause) 331M->17M(528M) 2.361ms
[2026-04-03T01:05:52.043+0600][13.431s][info][gc,cpu         ] GC(64) User=0.01s Sys=0.00s Real=0.00s
[2026-04-03T01:05:52.201+0600][13.589s][info][gc,start       ] GC(65) Pause Young (Normal) (G1 Evacuation Pause)
[2026-04-03T01:05:52.201+0600][13.590s][info][gc,task        ] GC(65) Using 10 workers of 10 for evacuation
[2026-04-03T01:05:52.203+0600][13.591s][info][gc,phases      ] GC(65)   Pre Evacuate Collection Set: 0.45ms
[2026-04-03T01:05:52.203+0600][13.591s][info][gc,phases      ] GC(65)   Merge Heap Roots: 0.15ms
[2026-04-03T01:05:52.203+0600][13.592s][info][gc,phases      ] GC(65)   Evacuate Collection Set: 0.47ms
[2026-04-03T01:05:52.203+0600][13.592s][info][gc,phases      ] GC(65)   Post Evacuate Collection Set: 0.71ms
[2026-04-03T01:05:52.203+0600][13.592s][info][gc,phases      ] GC(65)   Other: 0.10ms
[2026-04-03T01:05:52.203+0600][13.592s][info][gc,heap        ] GC(65) Eden regions: 157->0(157)
[2026-04-03T01:05:52.203+0600][13.592s][info][gc,heap        ] GC(65) Survivor regions: 1->1(20)
[2026-04-03T01:05:52.203+0600][13.592s][info][gc,heap        ] GC(65) Old regions: 4->4
[2026-04-03T01:05:52.203+0600][13.592s][info][gc,heap        ] GC(65) Humongous regions: 6->6
[2026-04-03T01:05:52.203+0600][13.592s][info][gc,metaspace   ] GC(65) Metaspace: 9236K(9856K)->9236K(9856K) NonClass: 8192K(8512K)->8192K(8512K) Class: 1044K(1344K)->1044K(1344K)
[2026-04-03T01:05:52.203+0600][13.592s][info][gc             ] GC(65) Pause Young (Normal) (G1 Evacuation Pause) 331M->17M(528M) 2.119ms
[2026-04-03T01:05:52.203+0600][13.592s][info][gc,cpu         ] GC(65) User=0.01s Sys=0.00s Real=0.00s
[2026-04-03T01:05:52.339+0600][13.727s][info][gc,start       ] GC(66) Pause Young (Normal) (G1 Evacuation Pause)
[2026-04-03T01:05:52.339+0600][13.727s][info][gc,task        ] GC(66) Using 10 workers of 10 for evacuation
[2026-04-03T01:05:52.341+0600][13.729s][info][gc,phases      ] GC(66)   Pre Evacuate Collection Set: 0.29ms
[2026-04-03T01:05:52.341+0600][13.729s][info][gc,phases      ] GC(66)   Merge Heap Roots: 0.12ms
[2026-04-03T01:05:52.341+0600][13.729s][info][gc,phases      ] GC(66)   Evacuate Collection Set: 0.40ms
[2026-04-03T01:05:52.341+0600][13.729s][info][gc,phases      ] GC(66)   Post Evacuate Collection Set: 0.61ms
[2026-04-03T01:05:52.341+0600][13.729s][info][gc,phases      ] GC(66)   Other: 0.08ms
[2026-04-03T01:05:52.341+0600][13.729s][info][gc,heap        ] GC(66) Eden regions: 157->0(157)
[2026-04-03T01:05:52.341+0600][13.729s][info][gc,heap        ] GC(66) Survivor regions: 1->1(20)
[2026-04-03T01:05:52.341+0600][13.729s][info][gc,heap        ] GC(66) Old regions: 4->4
[2026-04-03T01:05:52.341+0600][13.729s][info][gc,heap        ] GC(66) Humongous regions: 6->6
[2026-04-03T01:05:52.341+0600][13.729s][info][gc,metaspace   ] GC(66) Metaspace: 9236K(9856K)->9236K(9856K) NonClass: 8192K(8512K)->8192K(8512K) Class: 1044K(1344K)->1044K(1344K)
[2026-04-03T01:05:52.341+0600][13.729s][info][gc             ] GC(66) Pause Young (Normal) (G1 Evacuation Pause) 331M->17M(528M) 1.780ms
[2026-04-03T01:05:52.341+0600][13.729s][info][gc,cpu         ] GC(66) User=0.00s Sys=0.00s Real=0.01s
[2026-04-03T01:05:52.468+0600][13.856s][info][gc,start       ] GC(67) Pause Young (Normal) (G1 Evacuation Pause)
[2026-04-03T01:05:52.468+0600][13.856s][info][gc,task        ] GC(67) Using 10 workers of 10 for evacuation
[2026-04-03T01:05:52.469+0600][13.858s][info][gc,phases      ] GC(67)   Pre Evacuate Collection Set: 0.21ms
[2026-04-03T01:05:52.469+0600][13.858s][info][gc,phases      ] GC(67)   Merge Heap Roots: 0.16ms
[2026-04-03T01:05:52.469+0600][13.858s][info][gc,phases      ] GC(67)   Evacuate Collection Set: 0.50ms
[2026-04-03T01:05:52.470+0600][13.858s][info][gc,phases      ] GC(67)   Post Evacuate Collection Set: 0.58ms
[2026-04-03T01:05:52.470+0600][13.858s][info][gc,phases      ] GC(67)   Other: 0.10ms
[2026-04-03T01:05:52.470+0600][13.858s][info][gc,heap        ] GC(67) Eden regions: 157->0(157)
[2026-04-03T01:05:52.470+0600][13.858s][info][gc,heap        ] GC(67) Survivor regions: 1->1(20)
[2026-04-03T01:05:52.470+0600][13.858s][info][gc,heap        ] GC(67) Old regions: 4->4
[2026-04-03T01:05:52.470+0600][13.858s][info][gc,heap        ] GC(67) Humongous regions: 6->6
[2026-04-03T01:05:52.470+0600][13.858s][info][gc,metaspace   ] GC(67) Metaspace: 9236K(9856K)->9236K(9856K) NonClass: 8192K(8512K)->8192K(8512K) Class: 1044K(1344K)->1044K(1344K)
[2026-04-03T01:05:52.470+0600][13.858s][info][gc             ] GC(67) Pause Young (Normal) (G1 Evacuation Pause) 331M->17M(528M) 1.815ms
[2026-04-03T01:05:52.470+0600][13.858s][info][gc,cpu         ] GC(67) User=0.01s Sys=0.00s Real=0.00s
[2026-04-03T01:05:52.614+0600][14.002s][info][gc,start       ] GC(68) Pause Young (Normal) (G1 Evacuation Pause)
[2026-04-03T01:05:52.614+0600][14.002s][info][gc,task        ] GC(68) Using 10 workers of 10 for evacuation
[2026-04-03T01:05:52.615+0600][14.004s][info][gc,phases      ] GC(68)   Pre Evacuate Collection Set: 0.20ms
[2026-04-03T01:05:52.615+0600][14.004s][info][gc,phases      ] GC(68)   Merge Heap Roots: 0.11ms
[2026-04-03T01:05:52.615+0600][14.004s][info][gc,phases      ] GC(68)   Evacuate Collection Set: 0.38ms
[2026-04-03T01:05:52.615+0600][14.004s][info][gc,phases      ] GC(68)   Post Evacuate Collection Set: 0.57ms
[2026-04-03T01:05:52.615+0600][14.004s][info][gc,phases      ] GC(68)   Other: 0.09ms
[2026-04-03T01:05:52.615+0600][14.004s][info][gc,heap        ] GC(68) Eden regions: 157->0(157)
[2026-04-03T01:05:52.615+0600][14.004s][info][gc,heap        ] GC(68) Survivor regions: 1->1(20)
[2026-04-03T01:05:52.616+0600][14.004s][info][gc,heap        ] GC(68) Old regions: 4->4
[2026-04-03T01:05:52.616+0600][14.004s][info][gc,heap        ] GC(68) Humongous regions: 6->6
[2026-04-03T01:05:52.616+0600][14.004s][info][gc,metaspace   ] GC(68) Metaspace: 9236K(9856K)->9236K(9856K) NonClass: 8192K(8512K)->8192K(8512K) Class: 1044K(1344K)->1044K(1344K)
[2026-04-03T01:05:52.616+0600][14.004s][info][gc             ] GC(68) Pause Young (Normal) (G1 Evacuation Pause) 331M->17M(528M) 1.594ms
[2026-04-03T01:05:52.616+0600][14.004s][info][gc,cpu         ] GC(68) User=0.01s Sys=0.00s Real=0.00s
[2026-04-03T01:05:52.758+0600][14.146s][info][gc,start       ] GC(69) Pause Young (Normal) (G1 Evacuation Pause)
[2026-04-03T01:05:52.758+0600][14.146s][info][gc,task        ] GC(69) Using 10 workers of 10 for evacuation
[2026-04-03T01:05:52.760+0600][14.148s][info][gc,phases      ] GC(69)   Pre Evacuate Collection Set: 0.29ms
[2026-04-03T01:05:52.760+0600][14.148s][info][gc,phases      ] GC(69)   Merge Heap Roots: 0.15ms
[2026-04-03T01:05:52.760+0600][14.148s][info][gc,phases      ] GC(69)   Evacuate Collection Set: 0.57ms
[2026-04-03T01:05:52.760+0600][14.148s][info][gc,phases      ] GC(69)   Post Evacuate Collection Set: 0.60ms
[2026-04-03T01:05:52.760+0600][14.148s][info][gc,phases      ] GC(69)   Other: 0.11ms
[2026-04-03T01:05:52.760+0600][14.148s][info][gc,heap        ] GC(69) Eden regions: 157->0(157)
[2026-04-03T01:05:52.760+0600][14.148s][info][gc,heap        ] GC(69) Survivor regions: 1->1(20)
[2026-04-03T01:05:52.760+0600][14.148s][info][gc,heap        ] GC(69) Old regions: 4->4
[2026-04-03T01:05:52.760+0600][14.148s][info][gc,heap        ] GC(69) Humongous regions: 6->6
[2026-04-03T01:05:52.760+0600][14.148s][info][gc,metaspace   ] GC(69) Metaspace: 9236K(9856K)->9236K(9856K) NonClass: 8192K(8512K)->8192K(8512K) Class: 1044K(1344K)->1044K(1344K)
[2026-04-03T01:05:52.760+0600][14.148s][info][gc             ] GC(69) Pause Young (Normal) (G1 Evacuation Pause) 331M->17M(528M) 2.043ms
[2026-04-03T01:05:52.760+0600][14.148s][info][gc,cpu         ] GC(69) User=0.01s Sys=0.00s Real=0.01s
[2026-04-03T01:05:52.906+0600][14.294s][info][gc,start       ] GC(70) Pause Young (Normal) (G1 Evacuation Pause)
[2026-04-03T01:05:52.906+0600][14.294s][info][gc,task        ] GC(70) Using 10 workers of 10 for evacuation
[2026-04-03T01:05:52.908+0600][14.296s][info][gc,phases      ] GC(70)   Pre Evacuate Collection Set: 0.46ms
[2026-04-03T01:05:52.908+0600][14.296s][info][gc,phases      ] GC(70)   Merge Heap Roots: 0.23ms
[2026-04-03T01:05:52.908+0600][14.296s][info][gc,phases      ] GC(70)   Evacuate Collection Set: 0.55ms
[2026-04-03T01:05:52.908+0600][14.296s][info][gc,phases      ] GC(70)   Post Evacuate Collection Set: 0.92ms
[2026-04-03T01:05:52.908+0600][14.296s][info][gc,phases      ] GC(70)   Other: 0.12ms
[2026-04-03T01:05:52.908+0600][14.297s][info][gc,heap        ] GC(70) Eden regions: 157->0(157)
[2026-04-03T01:05:52.908+0600][14.297s][info][gc,heap        ] GC(70) Survivor regions: 1->1(20)
[2026-04-03T01:05:52.908+0600][14.297s][info][gc,heap        ] GC(70) Old regions: 4->4
[2026-04-03T01:05:52.908+0600][14.297s][info][gc,heap        ] GC(70) Humongous regions: 6->6
[2026-04-03T01:05:52.908+0600][14.297s][info][gc,metaspace   ] GC(70) Metaspace: 9240K(9856K)->9240K(9856K) NonClass: 8196K(8512K)->8196K(8512K) Class: 1044K(1344K)->1044K(1344K)
[2026-04-03T01:05:52.908+0600][14.297s][info][gc             ] GC(70) Pause Young (Normal) (G1 Evacuation Pause) 331M->17M(528M) 2.578ms
[2026-04-03T01:05:52.908+0600][14.297s][info][gc,cpu         ] GC(70) User=0.01s Sys=0.00s Real=0.00s
[2026-04-03T01:05:53.049+0600][14.437s][info][gc,start       ] GC(71) Pause Young (Normal) (G1 Evacuation Pause)
[2026-04-03T01:05:53.049+0600][14.437s][info][gc,task        ] GC(71) Using 10 workers of 10 for evacuation
[2026-04-03T01:05:53.051+0600][14.439s][info][gc,phases      ] GC(71)   Pre Evacuate Collection Set: 0.38ms
[2026-04-03T01:05:53.051+0600][14.439s][info][gc,phases      ] GC(71)   Merge Heap Roots: 0.25ms
[2026-04-03T01:05:53.051+0600][14.439s][info][gc,phases      ] GC(71)   Evacuate Collection Set: 0.47ms
[2026-04-03T01:05:53.051+0600][14.439s][info][gc,phases      ] GC(71)   Post Evacuate Collection Set: 0.68ms
[2026-04-03T01:05:53.051+0600][14.439s][info][gc,phases      ] GC(71)   Other: 0.14ms
[2026-04-03T01:05:53.051+0600][14.439s][info][gc,heap        ] GC(71) Eden regions: 157->0(157)
[2026-04-03T01:05:53.051+0600][14.439s][info][gc,heap        ] GC(71) Survivor regions: 1->1(20)
[2026-04-03T01:05:53.051+0600][14.439s][info][gc,heap        ] GC(71) Old regions: 4->4
[2026-04-03T01:05:53.051+0600][14.439s][info][gc,heap        ] GC(71) Humongous regions: 6->6
[2026-04-03T01:05:53.051+0600][14.439s][info][gc,metaspace   ] GC(71) Metaspace: 9240K(9856K)->9240K(9856K) NonClass: 8196K(8512K)->8196K(8512K) Class: 1044K(1344K)->1044K(1344K)
[2026-04-03T01:05:53.051+0600][14.439s][info][gc             ] GC(71) Pause Young (Normal) (G1 Evacuation Pause) 331M->17M(528M) 2.218ms
[2026-04-03T01:05:53.051+0600][14.439s][info][gc,cpu         ] GC(71) User=0.00s Sys=0.00s Real=0.01s
[2026-04-03T01:05:53.212+0600][14.601s][info][gc,start       ] GC(72) Pause Young (Normal) (G1 Evacuation Pause)
[2026-04-03T01:05:53.212+0600][14.601s][info][gc,task        ] GC(72) Using 10 workers of 10 for evacuation
[2026-04-03T01:05:53.215+0600][14.603s][info][gc,phases      ] GC(72)   Pre Evacuate Collection Set: 0.26ms
[2026-04-03T01:05:53.215+0600][14.603s][info][gc,phases      ] GC(72)   Merge Heap Roots: 0.22ms
[2026-04-03T01:05:53.215+0600][14.603s][info][gc,phases      ] GC(72)   Evacuate Collection Set: 0.60ms
[2026-04-03T01:05:53.215+0600][14.603s][info][gc,phases      ] GC(72)   Post Evacuate Collection Set: 0.98ms
[2026-04-03T01:05:53.215+0600][14.603s][info][gc,phases      ] GC(72)   Other: 0.10ms
[2026-04-03T01:05:53.215+0600][14.603s][info][gc,heap        ] GC(72) Eden regions: 157->0(157)
[2026-04-03T01:05:53.215+0600][14.603s][info][gc,heap        ] GC(72) Survivor regions: 1->1(20)
[2026-04-03T01:05:53.215+0600][14.603s][info][gc,heap        ] GC(72) Old regions: 4->4
[2026-04-03T01:05:53.215+0600][14.603s][info][gc,heap        ] GC(72) Humongous regions: 6->6
[2026-04-03T01:05:53.215+0600][14.603s][info][gc,metaspace   ] GC(72) Metaspace: 9240K(9856K)->9240K(9856K) NonClass: 8196K(8512K)->8196K(8512K) Class: 1044K(1344K)->1044K(1344K)
[2026-04-03T01:05:53.215+0600][14.603s][info][gc             ] GC(72) Pause Young (Normal) (G1 Evacuation Pause) 331M->17M(528M) 2.452ms
[2026-04-03T01:05:53.215+0600][14.603s][info][gc,cpu         ] GC(72) User=0.00s Sys=0.00s Real=0.00s
[2026-04-03T01:05:53.355+0600][14.743s][info][gc,start       ] GC(73) Pause Young (Normal) (G1 Evacuation Pause)
[2026-04-03T01:05:53.355+0600][14.743s][info][gc,task        ] GC(73) Using 10 workers of 10 for evacuation
[2026-04-03T01:05:53.356+0600][14.744s][info][gc,phases      ] GC(73)   Pre Evacuate Collection Set: 0.23ms
[2026-04-03T01:05:53.356+0600][14.744s][info][gc,phases      ] GC(73)   Merge Heap Roots: 0.20ms
[2026-04-03T01:05:53.356+0600][14.744s][info][gc,phases      ] GC(73)   Evacuate Collection Set: 0.39ms
[2026-04-03T01:05:53.356+0600][14.744s][info][gc,phases      ] GC(73)   Post Evacuate Collection Set: 0.67ms
[2026-04-03T01:05:53.356+0600][14.745s][info][gc,phases      ] GC(73)   Other: 0.11ms
[2026-04-03T01:05:53.356+0600][14.745s][info][gc,heap        ] GC(73) Eden regions: 157->0(157)
[2026-04-03T01:05:53.356+0600][14.745s][info][gc,heap        ] GC(73) Survivor regions: 1->1(20)
[2026-04-03T01:05:53.356+0600][14.745s][info][gc,heap        ] GC(73) Old regions: 4->4
[2026-04-03T01:05:53.356+0600][14.745s][info][gc,heap        ] GC(73) Humongous regions: 6->6
[2026-04-03T01:05:53.356+0600][14.745s][info][gc,metaspace   ] GC(73) Metaspace: 9240K(9856K)->9240K(9856K) NonClass: 8196K(8512K)->8196K(8512K) Class: 1044K(1344K)->1044K(1344K)
[2026-04-03T01:05:53.356+0600][14.745s][info][gc             ] GC(73) Pause Young (Normal) (G1 Evacuation Pause) 331M->17M(528M) 1.856ms
[2026-04-03T01:05:53.356+0600][14.745s][info][gc,cpu         ] GC(73) User=0.00s Sys=0.00s Real=0.00s
[2026-04-03T01:05:53.484+0600][14.872s][info][gc,start       ] GC(74) Pause Young (Normal) (G1 Evacuation Pause)
[2026-04-03T01:05:53.484+0600][14.872s][info][gc,task        ] GC(74) Using 10 workers of 10 for evacuation
[2026-04-03T01:05:53.486+0600][14.874s][info][gc,phases      ] GC(74)   Pre Evacuate Collection Set: 0.36ms
[2026-04-03T01:05:53.486+0600][14.874s][info][gc,phases      ] GC(74)   Merge Heap Roots: 0.17ms
[2026-04-03T01:05:53.486+0600][14.874s][info][gc,phases      ] GC(74)   Evacuate Collection Set: 0.42ms
[2026-04-03T01:05:53.486+0600][14.874s][info][gc,phases      ] GC(74)   Post Evacuate Collection Set: 0.91ms
[2026-04-03T01:05:53.486+0600][14.874s][info][gc,phases      ] GC(74)   Other: 0.11ms
[2026-04-03T01:05:53.486+0600][14.874s][info][gc,heap        ] GC(74) Eden regions: 157->0(157)
[2026-04-03T01:05:53.486+0600][14.874s][info][gc,heap        ] GC(74) Survivor regions: 1->1(20)
[2026-04-03T01:05:53.486+0600][14.874s][info][gc,heap        ] GC(74) Old regions: 4->4
[2026-04-03T01:05:53.486+0600][14.875s][info][gc,heap        ] GC(74) Humongous regions: 6->6
[2026-04-03T01:05:53.486+0600][14.875s][info][gc,metaspace   ] GC(74) Metaspace: 9240K(9856K)->9240K(9856K) NonClass: 8196K(8512K)->8196K(8512K) Class: 1044K(1344K)->1044K(1344K)
[2026-04-03T01:05:53.486+0600][14.875s][info][gc             ] GC(74) Pause Young (Normal) (G1 Evacuation Pause) 331M->17M(528M) 2.275ms
[2026-04-03T01:05:53.486+0600][14.875s][info][gc,cpu         ] GC(74) User=0.00s Sys=0.00s Real=0.00s
[2026-04-03T01:05:53.614+0600][15.002s][info][gc,start       ] GC(75) Pause Young (Normal) (G1 Evacuation Pause)
[2026-04-03T01:05:53.614+0600][15.002s][info][gc,task        ] GC(75) Using 10 workers of 10 for evacuation
[2026-04-03T01:05:53.617+0600][15.005s][info][gc,phases      ] GC(75)   Pre Evacuate Collection Set: 0.49ms
[2026-04-03T01:05:53.617+0600][15.005s][info][gc,phases      ] GC(75)   Merge Heap Roots: 0.12ms
[2026-04-03T01:05:53.617+0600][15.005s][info][gc,phases      ] GC(75)   Evacuate Collection Set: 0.42ms
[2026-04-03T01:05:53.617+0600][15.005s][info][gc,phases      ] GC(75)   Post Evacuate Collection Set: 1.47ms
[2026-04-03T01:05:53.617+0600][15.005s][info][gc,phases      ] GC(75)   Other: 0.13ms
[2026-04-03T01:05:53.617+0600][15.005s][info][gc,heap        ] GC(75) Eden regions: 157->0(157)
[2026-04-03T01:05:53.617+0600][15.005s][info][gc,heap        ] GC(75) Survivor regions: 1->1(20)
[2026-04-03T01:05:53.617+0600][15.005s][info][gc,heap        ] GC(75) Old regions: 4->4
[2026-04-03T01:05:53.617+0600][15.005s][info][gc,heap        ] GC(75) Humongous regions: 6->6
[2026-04-03T01:05:53.617+0600][15.005s][info][gc,metaspace   ] GC(75) Metaspace: 9240K(9856K)->9240K(9856K) NonClass: 8196K(8512K)->8196K(8512K) Class: 1044K(1344K)->1044K(1344K)
[2026-04-03T01:05:53.617+0600][15.005s][info][gc             ] GC(75) Pause Young (Normal) (G1 Evacuation Pause) 331M->17M(528M) 2.969ms
[2026-04-03T01:05:53.617+0600][15.005s][info][gc,cpu         ] GC(75) User=0.00s Sys=0.00s Real=0.00s
[2026-04-03T01:05:53.741+0600][15.129s][info][gc,start       ] GC(76) Pause Young (Normal) (G1 Evacuation Pause)
[2026-04-03T01:05:53.741+0600][15.129s][info][gc,task        ] GC(76) Using 10 workers of 10 for evacuation
[2026-04-03T01:05:53.742+0600][15.131s][info][gc,phases      ] GC(76)   Pre Evacuate Collection Set: 0.29ms
[2026-04-03T01:05:53.742+0600][15.131s][info][gc,phases      ] GC(76)   Merge Heap Roots: 0.18ms
[2026-04-03T01:05:53.742+0600][15.131s][info][gc,phases      ] GC(76)   Evacuate Collection Set: 0.42ms
[2026-04-03T01:05:53.742+0600][15.131s][info][gc,phases      ] GC(76)   Post Evacuate Collection Set: 0.60ms
[2026-04-03T01:05:53.743+0600][15.131s][info][gc,phases      ] GC(76)   Other: 0.17ms
[2026-04-03T01:05:53.743+0600][15.131s][info][gc,heap        ] GC(76) Eden regions: 157->0(157)
[2026-04-03T01:05:53.743+0600][15.131s][info][gc,heap        ] GC(76) Survivor regions: 1->1(20)
[2026-04-03T01:05:53.743+0600][15.131s][info][gc,heap        ] GC(76) Old regions: 4->4
[2026-04-03T01:05:53.743+0600][15.131s][info][gc,heap        ] GC(76) Humongous regions: 6->6
[2026-04-03T01:05:53.743+0600][15.131s][info][gc,metaspace   ] GC(76) Metaspace: 9240K(9856K)->9240K(9856K) NonClass: 8196K(8512K)->8196K(8512K) Class: 1044K(1344K)->1044K(1344K)
[2026-04-03T01:05:53.743+0600][15.131s][info][gc             ] GC(76) Pause Young (Normal) (G1 Evacuation Pause) 331M->17M(528M) 1.985ms
[2026-04-03T01:05:53.743+0600][15.131s][info][gc,cpu         ] GC(76) User=0.01s Sys=0.00s Real=0.00s
[2026-04-03T01:05:53.888+0600][15.276s][info][gc,start       ] GC(77) Pause Young (Normal) (G1 Evacuation Pause)
[2026-04-03T01:05:53.888+0600][15.276s][info][gc,task        ] GC(77) Using 10 workers of 10 for evacuation
[2026-04-03T01:05:53.889+0600][15.277s][info][gc,phases      ] GC(77)   Pre Evacuate Collection Set: 0.23ms
[2026-04-03T01:05:53.889+0600][15.277s][info][gc,phases      ] GC(77)   Merge Heap Roots: 0.10ms
[2026-04-03T01:05:53.889+0600][15.277s][info][gc,phases      ] GC(77)   Evacuate Collection Set: 0.35ms
[2026-04-03T01:05:53.889+0600][15.277s][info][gc,phases      ] GC(77)   Post Evacuate Collection Set: 0.55ms
[2026-04-03T01:05:53.889+0600][15.277s][info][gc,phases      ] GC(77)   Other: 0.10ms
[2026-04-03T01:05:53.889+0600][15.277s][info][gc,heap        ] GC(77) Eden regions: 157->0(157)
[2026-04-03T01:05:53.889+0600][15.277s][info][gc,heap        ] GC(77) Survivor regions: 1->1(20)
[2026-04-03T01:05:53.889+0600][15.277s][info][gc,heap        ] GC(77) Old regions: 4->4
[2026-04-03T01:05:53.889+0600][15.277s][info][gc,heap        ] GC(77) Humongous regions: 6->6
[2026-04-03T01:05:53.889+0600][15.277s][info][gc,metaspace   ] GC(77) Metaspace: 9240K(9856K)->9240K(9856K) NonClass: 8196K(8512K)->8196K(8512K) Class: 1044K(1344K)->1044K(1344K)
[2026-04-03T01:05:53.889+0600][15.277s][info][gc             ] GC(77) Pause Young (Normal) (G1 Evacuation Pause) 331M->17M(528M) 1.617ms
[2026-04-03T01:05:53.889+0600][15.277s][info][gc,cpu         ] GC(77) User=0.01s Sys=0.00s Real=0.00s
[2026-04-03T01:05:54.029+0600][15.417s][info][gc,start       ] GC(78) Pause Young (Normal) (G1 Evacuation Pause)
[2026-04-03T01:05:54.029+0600][15.417s][info][gc,task        ] GC(78) Using 10 workers of 10 for evacuation
[2026-04-03T01:05:54.031+0600][15.419s][info][gc,phases      ] GC(78)   Pre Evacuate Collection Set: 0.31ms
[2026-04-03T01:05:54.031+0600][15.419s][info][gc,phases      ] GC(78)   Merge Heap Roots: 0.16ms
[2026-04-03T01:05:54.031+0600][15.419s][info][gc,phases      ] GC(78)   Evacuate Collection Set: 0.78ms
[2026-04-03T01:05:54.031+0600][15.419s][info][gc,phases      ] GC(78)   Post Evacuate Collection Set: 0.79ms
[2026-04-03T01:05:54.031+0600][15.420s][info][gc,phases      ] GC(78)   Other: 0.12ms
[2026-04-03T01:05:54.031+0600][15.420s][info][gc,heap        ] GC(78) Eden regions: 157->0(157)
[2026-04-03T01:05:54.031+0600][15.420s][info][gc,heap        ] GC(78) Survivor regions: 1->1(20)
[2026-04-03T01:05:54.031+0600][15.420s][info][gc,heap        ] GC(78) Old regions: 4->4
[2026-04-03T01:05:54.031+0600][15.420s][info][gc,heap        ] GC(78) Humongous regions: 6->6
[2026-04-03T01:05:54.031+0600][15.420s][info][gc,metaspace   ] GC(78) Metaspace: 9240K(9856K)->9240K(9856K) NonClass: 8196K(8512K)->8196K(8512K) Class: 1044K(1344K)->1044K(1344K)
[2026-04-03T01:05:54.031+0600][15.420s][info][gc             ] GC(78) Pause Young (Normal) (G1 Evacuation Pause) 331M->17M(528M) 2.463ms
[2026-04-03T01:05:54.031+0600][15.420s][info][gc,cpu         ] GC(78) User=0.01s Sys=0.00s Real=0.01s
[2026-04-03T01:05:54.202+0600][15.590s][info][gc,start       ] GC(79) Pause Young (Normal) (G1 Evacuation Pause)
[2026-04-03T01:05:54.202+0600][15.591s][info][gc,task        ] GC(79) Using 10 workers of 10 for evacuation
[2026-04-03T01:05:54.207+0600][15.595s][info][gc,phases      ] GC(79)   Pre Evacuate Collection Set: 1.29ms
[2026-04-03T01:05:54.207+0600][15.595s][info][gc,phases      ] GC(79)   Merge Heap Roots: 0.21ms
[2026-04-03T01:05:54.207+0600][15.595s][info][gc,phases      ] GC(79)   Evacuate Collection Set: 1.91ms
[2026-04-03T01:05:54.207+0600][15.595s][info][gc,phases      ] GC(79)   Post Evacuate Collection Set: 0.76ms
[2026-04-03T01:05:54.207+0600][15.595s][info][gc,phases      ] GC(79)   Other: 0.15ms
[2026-04-03T01:05:54.207+0600][15.595s][info][gc,heap        ] GC(79) Eden regions: 157->0(157)
[2026-04-03T01:05:54.207+0600][15.595s][info][gc,heap        ] GC(79) Survivor regions: 1->1(20)
[2026-04-03T01:05:54.207+0600][15.595s][info][gc,heap        ] GC(79) Old regions: 4->4
[2026-04-03T01:05:54.207+0600][15.595s][info][gc,heap        ] GC(79) Humongous regions: 6->6
[2026-04-03T01:05:54.207+0600][15.595s][info][gc,metaspace   ] GC(79) Metaspace: 9240K(9856K)->9240K(9856K) NonClass: 8196K(8512K)->8196K(8512K) Class: 1044K(1344K)->1044K(1344K)
[2026-04-03T01:05:54.207+0600][15.595s][info][gc             ] GC(79) Pause Young (Normal) (G1 Evacuation Pause) 331M->17M(528M) 4.700ms
[2026-04-03T01:05:54.207+0600][15.595s][info][gc,cpu         ] GC(79) User=0.01s Sys=0.00s Real=0.00s
[2026-04-03T01:05:54.381+0600][15.770s][info][gc,start       ] GC(80) Pause Young (Normal) (G1 Evacuation Pause)
[2026-04-03T01:05:54.382+0600][15.770s][info][gc,task        ] GC(80) Using 10 workers of 10 for evacuation
[2026-04-03T01:05:54.383+0600][15.771s][info][gc,phases      ] GC(80)   Pre Evacuate Collection Set: 0.25ms
[2026-04-03T01:05:54.383+0600][15.771s][info][gc,phases      ] GC(80)   Merge Heap Roots: 0.15ms
[2026-04-03T01:05:54.383+0600][15.771s][info][gc,phases      ] GC(80)   Evacuate Collection Set: 0.37ms
[2026-04-03T01:05:54.383+0600][15.771s][info][gc,phases      ] GC(80)   Post Evacuate Collection Set: 0.77ms
[2026-04-03T01:05:54.383+0600][15.771s][info][gc,phases      ] GC(80)   Other: 0.10ms
[2026-04-03T01:05:54.383+0600][15.771s][info][gc,heap        ] GC(80) Eden regions: 157->0(157)
[2026-04-03T01:05:54.383+0600][15.771s][info][gc,heap        ] GC(80) Survivor regions: 1->1(20)
[2026-04-03T01:05:54.383+0600][15.771s][info][gc,heap        ] GC(80) Old regions: 4->4
[2026-04-03T01:05:54.383+0600][15.772s][info][gc,heap        ] GC(80) Humongous regions: 6->6
[2026-04-03T01:05:54.383+0600][15.772s][info][gc,metaspace   ] GC(80) Metaspace: 9240K(9856K)->9240K(9856K) NonClass: 8196K(8512K)->8196K(8512K) Class: 1044K(1344K)->1044K(1344K)
[2026-04-03T01:05:54.383+0600][15.772s][info][gc             ] GC(80) Pause Young (Normal) (G1 Evacuation Pause) 331M->17M(528M) 1.975ms
[2026-04-03T01:05:54.383+0600][15.772s][info][gc,cpu         ] GC(80) User=0.01s Sys=0.00s Real=0.00s
[2026-04-03T01:05:54.544+0600][15.932s][info][gc,start       ] GC(81) Pause Young (Normal) (G1 Evacuation Pause)
[2026-04-03T01:05:54.544+0600][15.932s][info][gc,task        ] GC(81) Using 10 workers of 10 for evacuation
[2026-04-03T01:05:54.546+0600][15.934s][info][gc,phases      ] GC(81)   Pre Evacuate Collection Set: 0.30ms
[2026-04-03T01:05:54.546+0600][15.934s][info][gc,phases      ] GC(81)   Merge Heap Roots: 0.19ms
[2026-04-03T01:05:54.546+0600][15.934s][info][gc,phases      ] GC(81)   Evacuate Collection Set: 0.50ms
[2026-04-03T01:05:54.546+0600][15.934s][info][gc,phases      ] GC(81)   Post Evacuate Collection Set: 0.93ms
[2026-04-03T01:05:54.546+0600][15.934s][info][gc,phases      ] GC(81)   Other: 0.12ms
[2026-04-03T01:05:54.546+0600][15.934s][info][gc,heap        ] GC(81) Eden regions: 157->0(157)
[2026-04-03T01:05:54.546+0600][15.934s][info][gc,heap        ] GC(81) Survivor regions: 1->1(20)
[2026-04-03T01:05:54.546+0600][15.934s][info][gc,heap        ] GC(81) Old regions: 4->4
[2026-04-03T01:05:54.546+0600][15.934s][info][gc,heap        ] GC(81) Humongous regions: 6->6
[2026-04-03T01:05:54.546+0600][15.934s][info][gc,metaspace   ] GC(81) Metaspace: 9240K(9856K)->9240K(9856K) NonClass: 8196K(8512K)->8196K(8512K) Class: 1044K(1344K)->1044K(1344K)
[2026-04-03T01:05:54.546+0600][15.934s][info][gc             ] GC(81) Pause Young (Normal) (G1 Evacuation Pause) 331M->17M(528M) 2.371ms
[2026-04-03T01:05:54.546+0600][15.934s][info][gc,cpu         ] GC(81) User=0.01s Sys=0.00s Real=0.00s
[2026-04-03T01:05:54.681+0600][16.069s][info][gc,start       ] GC(82) Pause Young (Normal) (G1 Evacuation Pause)
[2026-04-03T01:05:54.681+0600][16.069s][info][gc,task        ] GC(82) Using 10 workers of 10 for evacuation
[2026-04-03T01:05:54.683+0600][16.072s][info][gc,phases      ] GC(82)   Pre Evacuate Collection Set: 0.37ms
[2026-04-03T01:05:54.683+0600][16.072s][info][gc,phases      ] GC(82)   Merge Heap Roots: 0.17ms
[2026-04-03T01:05:54.683+0600][16.072s][info][gc,phases      ] GC(82)   Evacuate Collection Set: 0.61ms
[2026-04-03T01:05:54.683+0600][16.072s][info][gc,phases      ] GC(82)   Post Evacuate Collection Set: 1.08ms
[2026-04-03T01:05:54.683+0600][16.072s][info][gc,phases      ] GC(82)   Other: 0.10ms
[2026-04-03T01:05:54.684+0600][16.072s][info][gc,heap        ] GC(82) Eden regions: 157->0(157)
[2026-04-03T01:05:54.684+0600][16.072s][info][gc,heap        ] GC(82) Survivor regions: 1->1(20)
[2026-04-03T01:05:54.684+0600][16.072s][info][gc,heap        ] GC(82) Old regions: 4->4
[2026-04-03T01:05:54.684+0600][16.072s][info][gc,heap        ] GC(82) Humongous regions: 6->6
[2026-04-03T01:05:54.684+0600][16.072s][info][gc,metaspace   ] GC(82) Metaspace: 9240K(9856K)->9240K(9856K) NonClass: 8196K(8512K)->8196K(8512K) Class: 1044K(1344K)->1044K(1344K)
[2026-04-03T01:05:54.684+0600][16.072s][info][gc             ] GC(82) Pause Young (Normal) (G1 Evacuation Pause) 331M->17M(528M) 2.605ms
[2026-04-03T01:05:54.684+0600][16.072s][info][gc,cpu         ] GC(82) User=0.01s Sys=0.00s Real=0.00s
[2026-04-03T01:05:54.837+0600][16.225s][info][gc,start       ] GC(83) Pause Young (Normal) (G1 Evacuation Pause)
[2026-04-03T01:05:54.837+0600][16.226s][info][gc,task        ] GC(83) Using 10 workers of 10 for evacuation
[2026-04-03T01:05:54.840+0600][16.228s][info][gc,phases      ] GC(83)   Pre Evacuate Collection Set: 0.42ms
[2026-04-03T01:05:54.840+0600][16.228s][info][gc,phases      ] GC(83)   Merge Heap Roots: 0.30ms
[2026-04-03T01:05:54.840+0600][16.228s][info][gc,phases      ] GC(83)   Evacuate Collection Set: 0.56ms
[2026-04-03T01:05:54.840+0600][16.228s][info][gc,phases      ] GC(83)   Post Evacuate Collection Set: 1.13ms
[2026-04-03T01:05:54.840+0600][16.228s][info][gc,phases      ] GC(83)   Other: 0.13ms
[2026-04-03T01:05:54.840+0600][16.228s][info][gc,heap        ] GC(83) Eden regions: 157->0(157)
[2026-04-03T01:05:54.840+0600][16.228s][info][gc,heap        ] GC(83) Survivor regions: 1->1(20)
[2026-04-03T01:05:54.840+0600][16.228s][info][gc,heap        ] GC(83) Old regions: 4->4
[2026-04-03T01:05:54.840+0600][16.228s][info][gc,heap        ] GC(83) Humongous regions: 6->6
[2026-04-03T01:05:54.840+0600][16.228s][info][gc,metaspace   ] GC(83) Metaspace: 9240K(9856K)->9240K(9856K) NonClass: 8196K(8512K)->8196K(8512K) Class: 1044K(1344K)->1044K(1344K)
[2026-04-03T01:05:54.840+0600][16.228s][info][gc             ] GC(83) Pause Young (Normal) (G1 Evacuation Pause) 331M->17M(528M) 2.943ms
[2026-04-03T01:05:54.840+0600][16.228s][info][gc,cpu         ] GC(83) User=0.00s Sys=0.00s Real=0.01s
[2026-04-03T01:05:54.988+0600][16.376s][info][gc,start       ] GC(84) Pause Young (Normal) (G1 Evacuation Pause)
[2026-04-03T01:05:54.988+0600][16.376s][info][gc,task        ] GC(84) Using 10 workers of 10 for evacuation
[2026-04-03T01:05:54.991+0600][16.379s][info][gc,phases      ] GC(84)   Pre Evacuate Collection Set: 0.21ms
[2026-04-03T01:05:54.991+0600][16.379s][info][gc,phases      ] GC(84)   Merge Heap Roots: 0.16ms
[2026-04-03T01:05:54.991+0600][16.379s][info][gc,phases      ] GC(84)   Evacuate Collection Set: 1.79ms
[2026-04-03T01:05:54.991+0600][16.379s][info][gc,phases      ] GC(84)   Post Evacuate Collection Set: 0.77ms
[2026-04-03T01:05:54.991+0600][16.379s][info][gc,phases      ] GC(84)   Other: 0.10ms
[2026-04-03T01:05:54.991+0600][16.379s][info][gc,heap        ] GC(84) Eden regions: 157->0(157)
[2026-04-03T01:05:54.991+0600][16.379s][info][gc,heap        ] GC(84) Survivor regions: 1->1(20)
[2026-04-03T01:05:54.991+0600][16.379s][info][gc,heap        ] GC(84) Old regions: 4->4
[2026-04-03T01:05:54.991+0600][16.379s][info][gc,heap        ] GC(84) Humongous regions: 6->6
[2026-04-03T01:05:54.991+0600][16.379s][info][gc,metaspace   ] GC(84) Metaspace: 9240K(9856K)->9240K(9856K) NonClass: 8196K(8512K)->8196K(8512K) Class: 1044K(1344K)->1044K(1344K)
[2026-04-03T01:05:54.991+0600][16.379s][info][gc             ] GC(84) Pause Young (Normal) (G1 Evacuation Pause) 331M->17M(528M) 3.315ms
[2026-04-03T01:05:54.991+0600][16.379s][info][gc,cpu         ] GC(84) User=0.01s Sys=0.00s Real=0.01s
[2026-04-03T01:05:55.148+0600][16.536s][info][gc,start       ] GC(85) Pause Young (Normal) (G1 Evacuation Pause)
[2026-04-03T01:05:55.148+0600][16.536s][info][gc,task        ] GC(85) Using 10 workers of 10 for evacuation
[2026-04-03T01:05:55.150+0600][16.539s][info][gc,phases      ] GC(85)   Pre Evacuate Collection Set: 0.51ms
[2026-04-03T01:05:55.150+0600][16.539s][info][gc,phases      ] GC(85)   Merge Heap Roots: 0.22ms
[2026-04-03T01:05:55.150+0600][16.539s][info][gc,phases      ] GC(85)   Evacuate Collection Set: 0.62ms
[2026-04-03T01:05:55.151+0600][16.539s][info][gc,phases      ] GC(85)   Post Evacuate Collection Set: 0.79ms
[2026-04-03T01:05:55.151+0600][16.539s][info][gc,phases      ] GC(85)   Other: 0.10ms
[2026-04-03T01:05:55.151+0600][16.539s][info][gc,heap        ] GC(85) Eden regions: 157->0(157)
[2026-04-03T01:05:55.151+0600][16.539s][info][gc,heap        ] GC(85) Survivor regions: 1->1(20)
[2026-04-03T01:05:55.151+0600][16.539s][info][gc,heap        ] GC(85) Old regions: 4->4
[2026-04-03T01:05:55.151+0600][16.539s][info][gc,heap        ] GC(85) Humongous regions: 6->6
[2026-04-03T01:05:55.151+0600][16.539s][info][gc,metaspace   ] GC(85) Metaspace: 9240K(9856K)->9240K(9856K) NonClass: 8196K(8512K)->8196K(8512K) Class: 1044K(1344K)->1044K(1344K)
[2026-04-03T01:05:55.151+0600][16.539s][info][gc             ] GC(85) Pause Young (Normal) (G1 Evacuation Pause) 331M->17M(528M) 2.546ms
[2026-04-03T01:05:55.151+0600][16.539s][info][gc,cpu         ] GC(85) User=0.01s Sys=0.00s Real=0.01s
[2026-04-03T01:05:55.279+0600][16.667s][info][gc,start       ] GC(86) Pause Young (Normal) (G1 Evacuation Pause)
[2026-04-03T01:05:55.279+0600][16.667s][info][gc,task        ] GC(86) Using 10 workers of 10 for evacuation
[2026-04-03T01:05:55.281+0600][16.670s][info][gc,phases      ] GC(86)   Pre Evacuate Collection Set: 0.35ms
[2026-04-03T01:05:55.281+0600][16.670s][info][gc,phases      ] GC(86)   Merge Heap Roots: 0.31ms
[2026-04-03T01:05:55.281+0600][16.670s][info][gc,phases      ] GC(86)   Evacuate Collection Set: 0.51ms
[2026-04-03T01:05:55.281+0600][16.670s][info][gc,phases      ] GC(86)   Post Evacuate Collection Set: 0.78ms
[2026-04-03T01:05:55.281+0600][16.670s][info][gc,phases      ] GC(86)   Other: 0.12ms
[2026-04-03T01:05:55.281+0600][16.670s][info][gc,heap        ] GC(86) Eden regions: 157->0(157)
[2026-04-03T01:05:55.281+0600][16.670s][info][gc,heap        ] GC(86) Survivor regions: 1->1(20)
[2026-04-03T01:05:55.281+0600][16.670s][info][gc,heap        ] GC(86) Old regions: 4->4
[2026-04-03T01:05:55.281+0600][16.670s][info][gc,heap        ] GC(86) Humongous regions: 6->6
[2026-04-03T01:05:55.281+0600][16.670s][info][gc,metaspace   ] GC(86) Metaspace: 9240K(9856K)->9240K(9856K) NonClass: 8196K(8512K)->8196K(8512K) Class: 1044K(1344K)->1044K(1344K)
[2026-04-03T01:05:55.282+0600][16.670s][info][gc             ] GC(86) Pause Young (Normal) (G1 Evacuation Pause) 331M->17M(528M) 2.341ms
[2026-04-03T01:05:55.282+0600][16.670s][info][gc,cpu         ] GC(86) User=0.00s Sys=0.00s Real=0.01s
[2026-04-03T01:05:55.403+0600][16.791s][info][gc,start       ] GC(87) Pause Young (Normal) (G1 Evacuation Pause)
[2026-04-03T01:05:55.403+0600][16.792s][info][gc,task        ] GC(87) Using 10 workers of 10 for evacuation
[2026-04-03T01:05:55.405+0600][16.793s][info][gc,phases      ] GC(87)   Pre Evacuate Collection Set: 0.31ms
[2026-04-03T01:05:55.405+0600][16.793s][info][gc,phases      ] GC(87)   Merge Heap Roots: 0.21ms
[2026-04-03T01:05:55.405+0600][16.793s][info][gc,phases      ] GC(87)   Evacuate Collection Set: 0.39ms
[2026-04-03T01:05:55.405+0600][16.793s][info][gc,phases      ] GC(87)   Post Evacuate Collection Set: 0.82ms
[2026-04-03T01:05:55.405+0600][16.794s][info][gc,phases      ] GC(87)   Other: 0.14ms
[2026-04-03T01:05:55.405+0600][16.794s][info][gc,heap        ] GC(87) Eden regions: 157->0(157)
[2026-04-03T01:05:55.405+0600][16.794s][info][gc,heap        ] GC(87) Survivor regions: 1->1(20)
[2026-04-03T01:05:55.405+0600][16.794s][info][gc,heap        ] GC(87) Old regions: 4->4
[2026-04-03T01:05:55.405+0600][16.794s][info][gc,heap        ] GC(87) Humongous regions: 6->6
[2026-04-03T01:05:55.405+0600][16.794s][info][gc,metaspace   ] GC(87) Metaspace: 9240K(9856K)->9240K(9856K) NonClass: 8196K(8512K)->8196K(8512K) Class: 1044K(1344K)->1044K(1344K)
[2026-04-03T01:05:55.405+0600][16.794s][info][gc             ] GC(87) Pause Young (Normal) (G1 Evacuation Pause) 331M->17M(528M) 2.121ms
[2026-04-03T01:05:55.405+0600][16.794s][info][gc,cpu         ] GC(87) User=0.01s Sys=0.00s Real=0.00s
[2026-04-03T01:05:55.535+0600][16.923s][info][gc,start       ] GC(88) Pause Young (Normal) (G1 Evacuation Pause)
[2026-04-03T01:05:55.535+0600][16.923s][info][gc,task        ] GC(88) Using 10 workers of 10 for evacuation
[2026-04-03T01:05:55.537+0600][16.925s][info][gc,phases      ] GC(88)   Pre Evacuate Collection Set: 0.28ms
[2026-04-03T01:05:55.537+0600][16.925s][info][gc,phases      ] GC(88)   Merge Heap Roots: 0.18ms
[2026-04-03T01:05:55.537+0600][16.925s][info][gc,phases      ] GC(88)   Evacuate Collection Set: 0.38ms
[2026-04-03T01:05:55.537+0600][16.925s][info][gc,phases      ] GC(88)   Post Evacuate Collection Set: 0.71ms
[2026-04-03T01:05:55.537+0600][16.925s][info][gc,phases      ] GC(88)   Other: 0.09ms
[2026-04-03T01:05:55.537+0600][16.925s][info][gc,heap        ] GC(88) Eden regions: 157->0(157)
[2026-04-03T01:05:55.537+0600][16.925s][info][gc,heap        ] GC(88) Survivor regions: 1->1(20)
[2026-04-03T01:05:55.537+0600][16.925s][info][gc,heap        ] GC(88) Old regions: 4->4
[2026-04-03T01:05:55.537+0600][16.925s][info][gc,heap        ] GC(88) Humongous regions: 6->6
[2026-04-03T01:05:55.537+0600][16.925s][info][gc,metaspace   ] GC(88) Metaspace: 9240K(9856K)->9240K(9856K) NonClass: 8196K(8512K)->8196K(8512K) Class: 1044K(1344K)->1044K(1344K)
[2026-04-03T01:05:55.537+0600][16.925s][info][gc             ] GC(88) Pause Young (Normal) (G1 Evacuation Pause) 331M->17M(528M) 1.929ms
[2026-04-03T01:05:55.537+0600][16.925s][info][gc,cpu         ] GC(88) User=0.01s Sys=0.00s Real=0.00s
[2026-04-03T01:05:55.665+0600][17.053s][info][gc,start       ] GC(89) Pause Young (Normal) (G1 Evacuation Pause)
[2026-04-03T01:05:55.665+0600][17.053s][info][gc,task        ] GC(89) Using 10 workers of 10 for evacuation
[2026-04-03T01:05:55.667+0600][17.055s][info][gc,phases      ] GC(89)   Pre Evacuate Collection Set: 0.43ms
[2026-04-03T01:05:55.667+0600][17.055s][info][gc,phases      ] GC(89)   Merge Heap Roots: 0.17ms
[2026-04-03T01:05:55.667+0600][17.055s][info][gc,phases      ] GC(89)   Evacuate Collection Set: 0.44ms
[2026-04-03T01:05:55.667+0600][17.055s][info][gc,phases      ] GC(89)   Post Evacuate Collection Set: 0.72ms
[2026-04-03T01:05:55.667+0600][17.055s][info][gc,phases      ] GC(89)   Other: 0.10ms
[2026-04-03T01:05:55.667+0600][17.055s][info][gc,heap        ] GC(89) Eden regions: 157->0(157)
[2026-04-03T01:05:55.667+0600][17.055s][info][gc,heap        ] GC(89) Survivor regions: 1->1(20)
[2026-04-03T01:05:55.667+0600][17.055s][info][gc,heap        ] GC(89) Old regions: 4->4
[2026-04-03T01:05:55.667+0600][17.055s][info][gc,heap        ] GC(89) Humongous regions: 6->6
[2026-04-03T01:05:55.667+0600][17.055s][info][gc,metaspace   ] GC(89) Metaspace: 9240K(9856K)->9240K(9856K) NonClass: 8196K(8512K)->8196K(8512K) Class: 1044K(1344K)->1044K(1344K)
[2026-04-03T01:05:55.667+0600][17.055s][info][gc             ] GC(89) Pause Young (Normal) (G1 Evacuation Pause) 331M->17M(528M) 2.121ms
[2026-04-03T01:05:55.667+0600][17.055s][info][gc,cpu         ] GC(89) User=0.00s Sys=0.00s Real=0.00s
[2026-04-03T01:05:55.797+0600][17.186s][info][gc,start       ] GC(90) Pause Young (Normal) (G1 Evacuation Pause)
[2026-04-03T01:05:55.798+0600][17.186s][info][gc,task        ] GC(90) Using 10 workers of 10 for evacuation
[2026-04-03T01:05:55.800+0600][17.188s][info][gc,phases      ] GC(90)   Pre Evacuate Collection Set: 0.26ms
[2026-04-03T01:05:55.800+0600][17.188s][info][gc,phases      ] GC(90)   Merge Heap Roots: 0.24ms
[2026-04-03T01:05:55.800+0600][17.188s][info][gc,phases      ] GC(90)   Evacuate Collection Set: 0.65ms
[2026-04-03T01:05:55.800+0600][17.188s][info][gc,phases      ] GC(90)   Post Evacuate Collection Set: 0.70ms
[2026-04-03T01:05:55.800+0600][17.188s][info][gc,phases      ] GC(90)   Other: 0.12ms
[2026-04-03T01:05:55.800+0600][17.188s][info][gc,heap        ] GC(90) Eden regions: 157->0(157)
[2026-04-03T01:05:55.800+0600][17.188s][info][gc,heap        ] GC(90) Survivor regions: 1->1(20)
[2026-04-03T01:05:55.800+0600][17.188s][info][gc,heap        ] GC(90) Old regions: 4->4
[2026-04-03T01:05:55.800+0600][17.188s][info][gc,heap        ] GC(90) Humongous regions: 6->6
[2026-04-03T01:05:55.800+0600][17.188s][info][gc,metaspace   ] GC(90) Metaspace: 9240K(9856K)->9240K(9856K) NonClass: 8196K(8512K)->8196K(8512K) Class: 1044K(1344K)->1044K(1344K)
[2026-04-03T01:05:55.800+0600][17.188s][info][gc             ] GC(90) Pause Young (Normal) (G1 Evacuation Pause) 331M->17M(528M) 2.233ms
[2026-04-03T01:05:55.800+0600][17.188s][info][gc,cpu         ] GC(90) User=0.01s Sys=0.00s Real=0.01s
[2026-04-03T01:05:55.954+0600][17.342s][info][gc,start       ] GC(91) Pause Young (Normal) (G1 Evacuation Pause)
[2026-04-03T01:05:55.954+0600][17.342s][info][gc,task        ] GC(91) Using 10 workers of 10 for evacuation
[2026-04-03T01:05:55.956+0600][17.345s][info][gc,phases      ] GC(91)   Pre Evacuate Collection Set: 0.33ms
[2026-04-03T01:05:55.956+0600][17.345s][info][gc,phases      ] GC(91)   Merge Heap Roots: 0.27ms
[2026-04-03T01:05:55.956+0600][17.345s][info][gc,phases      ] GC(91)   Evacuate Collection Set: 0.66ms
[2026-04-03T01:05:55.956+0600][17.345s][info][gc,phases      ] GC(91)   Post Evacuate Collection Set: 0.80ms
[2026-04-03T01:05:55.956+0600][17.345s][info][gc,phases      ] GC(91)   Other: 0.13ms
[2026-04-03T01:05:55.956+0600][17.345s][info][gc,heap        ] GC(91) Eden regions: 157->0(157)
[2026-04-03T01:05:55.956+0600][17.345s][info][gc,heap        ] GC(91) Survivor regions: 1->1(20)
[2026-04-03T01:05:55.957+0600][17.345s][info][gc,heap        ] GC(91) Old regions: 4->4
[2026-04-03T01:05:55.957+0600][17.345s][info][gc,heap        ] GC(91) Humongous regions: 6->6
[2026-04-03T01:05:55.957+0600][17.345s][info][gc,metaspace   ] GC(91) Metaspace: 9240K(9856K)->9240K(9856K) NonClass: 8196K(8512K)->8196K(8512K) Class: 1044K(1344K)->1044K(1344K)
[2026-04-03T01:05:55.957+0600][17.345s][info][gc             ] GC(91) Pause Young (Normal) (G1 Evacuation Pause) 331M->17M(528M) 2.547ms
[2026-04-03T01:05:55.957+0600][17.345s][info][gc,cpu         ] GC(91) User=0.01s Sys=0.00s Real=0.00s
[2026-04-03T01:05:56.142+0600][17.530s][info][gc,start       ] GC(92) Pause Young (Normal) (G1 Evacuation Pause)
[2026-04-03T01:05:56.142+0600][17.530s][info][gc,task        ] GC(92) Using 10 workers of 10 for evacuation
[2026-04-03T01:05:56.146+0600][17.534s][info][gc,phases      ] GC(92)   Pre Evacuate Collection Set: 0.28ms
[2026-04-03T01:05:56.146+0600][17.534s][info][gc,phases      ] GC(92)   Merge Heap Roots: 0.16ms
[2026-04-03T01:05:56.146+0600][17.534s][info][gc,phases      ] GC(92)   Evacuate Collection Set: 1.77ms
[2026-04-03T01:05:56.146+0600][17.534s][info][gc,phases      ] GC(92)   Post Evacuate Collection Set: 1.14ms
[2026-04-03T01:05:56.146+0600][17.534s][info][gc,phases      ] GC(92)   Other: 0.11ms
[2026-04-03T01:05:56.146+0600][17.534s][info][gc,heap        ] GC(92) Eden regions: 157->0(157)
[2026-04-03T01:05:56.146+0600][17.534s][info][gc,heap        ] GC(92) Survivor regions: 1->1(20)
[2026-04-03T01:05:56.146+0600][17.534s][info][gc,heap        ] GC(92) Old regions: 4->4
[2026-04-03T01:05:56.146+0600][17.534s][info][gc,heap        ] GC(92) Humongous regions: 6->6
[2026-04-03T01:05:56.146+0600][17.534s][info][gc,metaspace   ] GC(92) Metaspace: 9240K(9856K)->9240K(9856K) NonClass: 8196K(8512K)->8196K(8512K) Class: 1044K(1344K)->1044K(1344K)
[2026-04-03T01:05:56.146+0600][17.534s][info][gc             ] GC(92) Pause Young (Normal) (G1 Evacuation Pause) 331M->17M(528M) 4.170ms
[2026-04-03T01:05:56.146+0600][17.534s][info][gc,cpu         ] GC(92) User=0.01s Sys=0.00s Real=0.00s
[2026-04-03T01:05:56.320+0600][17.708s][info][gc,start       ] GC(93) Pause Young (Normal) (G1 Evacuation Pause)
[2026-04-03T01:05:56.320+0600][17.708s][info][gc,task        ] GC(93) Using 10 workers of 10 for evacuation
[2026-04-03T01:05:56.322+0600][17.710s][info][gc,phases      ] GC(93)   Pre Evacuate Collection Set: 0.45ms
[2026-04-03T01:05:56.322+0600][17.710s][info][gc,phases      ] GC(93)   Merge Heap Roots: 0.15ms
[2026-04-03T01:05:56.322+0600][17.710s][info][gc,phases      ] GC(93)   Evacuate Collection Set: 0.49ms
[2026-04-03T01:05:56.322+0600][17.710s][info][gc,phases      ] GC(93)   Post Evacuate Collection Set: 0.71ms
[2026-04-03T01:05:56.322+0600][17.710s][info][gc,phases      ] GC(93)   Other: 0.11ms
[2026-04-03T01:05:56.322+0600][17.710s][info][gc,heap        ] GC(93) Eden regions: 157->0(157)
[2026-04-03T01:05:56.322+0600][17.710s][info][gc,heap        ] GC(93) Survivor regions: 1->1(20)
[2026-04-03T01:05:56.322+0600][17.710s][info][gc,heap        ] GC(93) Old regions: 4->4
[2026-04-03T01:05:56.322+0600][17.710s][info][gc,heap        ] GC(93) Humongous regions: 6->6
[2026-04-03T01:05:56.322+0600][17.710s][info][gc,metaspace   ] GC(93) Metaspace: 9240K(9856K)->9240K(9856K) NonClass: 8196K(8512K)->8196K(8512K) Class: 1044K(1344K)->1044K(1344K)
[2026-04-03T01:05:56.322+0600][17.710s][info][gc             ] GC(93) Pause Young (Normal) (G1 Evacuation Pause) 331M->17M(528M) 2.240ms
[2026-04-03T01:05:56.322+0600][17.710s][info][gc,cpu         ] GC(93) User=0.01s Sys=0.00s Real=0.00s
[2026-04-03T01:05:56.490+0600][17.878s][info][gc,start       ] GC(94) Pause Young (Normal) (G1 Evacuation Pause)
[2026-04-03T01:05:56.490+0600][17.878s][info][gc,task        ] GC(94) Using 10 workers of 10 for evacuation
[2026-04-03T01:05:56.495+0600][17.883s][info][gc,phases      ] GC(94)   Pre Evacuate Collection Set: 0.27ms
[2026-04-03T01:05:56.495+0600][17.884s][info][gc,phases      ] GC(94)   Merge Heap Roots: 0.35ms
[2026-04-03T01:05:56.495+0600][17.884s][info][gc,phases      ] GC(94)   Evacuate Collection Set: 3.41ms
[2026-04-03T01:05:56.495+0600][17.884s][info][gc,phases      ] GC(94)   Post Evacuate Collection Set: 0.82ms
[2026-04-03T01:05:56.495+0600][17.884s][info][gc,phases      ] GC(94)   Other: 0.11ms
[2026-04-03T01:05:56.495+0600][17.884s][info][gc,heap        ] GC(94) Eden regions: 157->0(157)
[2026-04-03T01:05:56.495+0600][17.884s][info][gc,heap        ] GC(94) Survivor regions: 1->1(20)
[2026-04-03T01:05:56.495+0600][17.884s][info][gc,heap        ] GC(94) Old regions: 4->4
[2026-04-03T01:05:56.495+0600][17.884s][info][gc,heap        ] GC(94) Humongous regions: 6->6
[2026-04-03T01:05:56.495+0600][17.884s][info][gc,metaspace   ] GC(94) Metaspace: 9240K(9856K)->9240K(9856K) NonClass: 8196K(8512K)->8196K(8512K) Class: 1044K(1344K)->1044K(1344K)
[2026-04-03T01:05:56.495+0600][17.884s][info][gc             ] GC(94) Pause Young (Normal) (G1 Evacuation Pause) 331M->17M(528M) 5.257ms
[2026-04-03T01:05:56.495+0600][17.884s][info][gc,cpu         ] GC(94) User=0.01s Sys=0.00s Real=0.00s
[2026-04-03T01:05:56.669+0600][18.057s][info][gc,start       ] GC(95) Pause Young (Normal) (G1 Evacuation Pause)
[2026-04-03T01:05:56.669+0600][18.057s][info][gc,task        ] GC(95) Using 10 workers of 10 for evacuation
[2026-04-03T01:05:56.672+0600][18.060s][info][gc,phases      ] GC(95)   Pre Evacuate Collection Set: 0.47ms
[2026-04-03T01:05:56.672+0600][18.060s][info][gc,phases      ] GC(95)   Merge Heap Roots: 0.26ms
[2026-04-03T01:05:56.672+0600][18.060s][info][gc,phases      ] GC(95)   Evacuate Collection Set: 1.29ms
[2026-04-03T01:05:56.672+0600][18.060s][info][gc,phases      ] GC(95)   Post Evacuate Collection Set: 0.78ms
[2026-04-03T01:05:56.672+0600][18.060s][info][gc,phases      ] GC(95)   Other: 0.16ms
[2026-04-03T01:05:56.672+0600][18.060s][info][gc,heap        ] GC(95) Eden regions: 157->0(157)
[2026-04-03T01:05:56.672+0600][18.060s][info][gc,heap        ] GC(95) Survivor regions: 1->1(20)
[2026-04-03T01:05:56.672+0600][18.060s][info][gc,heap        ] GC(95) Old regions: 4->4
[2026-04-03T01:05:56.672+0600][18.060s][info][gc,heap        ] GC(95) Humongous regions: 6->6
[2026-04-03T01:05:56.672+0600][18.060s][info][gc,metaspace   ] GC(95) Metaspace: 9241K(9856K)->9241K(9856K) NonClass: 8197K(8512K)->8197K(8512K) Class: 1044K(1344K)->1044K(1344K)
[2026-04-03T01:05:56.672+0600][18.060s][info][gc             ] GC(95) Pause Young (Normal) (G1 Evacuation Pause) 331M->17M(528M) 3.346ms
[2026-04-03T01:05:56.672+0600][18.060s][info][gc,cpu         ] GC(95) User=0.01s Sys=0.00s Real=0.01s
[2026-04-03T01:05:56.826+0600][18.214s][info][gc,start       ] GC(96) Pause Young (Normal) (G1 Evacuation Pause)
[2026-04-03T01:05:56.826+0600][18.214s][info][gc,task        ] GC(96) Using 10 workers of 10 for evacuation
[2026-04-03T01:05:56.829+0600][18.217s][info][gc,phases      ] GC(96)   Pre Evacuate Collection Set: 0.28ms
[2026-04-03T01:05:56.829+0600][18.217s][info][gc,phases      ] GC(96)   Merge Heap Roots: 0.50ms
[2026-04-03T01:05:56.829+0600][18.217s][info][gc,phases      ] GC(96)   Evacuate Collection Set: 0.79ms
[2026-04-03T01:05:56.829+0600][18.217s][info][gc,phases      ] GC(96)   Post Evacuate Collection Set: 0.81ms
[2026-04-03T01:05:56.829+0600][18.217s][info][gc,phases      ] GC(96)   Other: 0.12ms
[2026-04-03T01:05:56.829+0600][18.217s][info][gc,heap        ] GC(96) Eden regions: 157->0(157)
[2026-04-03T01:05:56.829+0600][18.217s][info][gc,heap        ] GC(96) Survivor regions: 1->1(20)
[2026-04-03T01:05:56.829+0600][18.217s][info][gc,heap        ] GC(96) Old regions: 4->4
[2026-04-03T01:05:56.829+0600][18.217s][info][gc,heap        ] GC(96) Humongous regions: 6->6
[2026-04-03T01:05:56.829+0600][18.217s][info][gc,metaspace   ] GC(96) Metaspace: 9241K(9856K)->9241K(9856K) NonClass: 8197K(8512K)->8197K(8512K) Class: 1044K(1344K)->1044K(1344K)
[2026-04-03T01:05:56.829+0600][18.217s][info][gc             ] GC(96) Pause Young (Normal) (G1 Evacuation Pause) 331M->17M(528M) 2.836ms
[2026-04-03T01:05:56.829+0600][18.217s][info][gc,cpu         ] GC(96) User=0.00s Sys=0.00s Real=0.00s
[2026-04-03T01:05:56.987+0600][18.375s][info][gc,start       ] GC(97) Pause Young (Normal) (G1 Evacuation Pause)
[2026-04-03T01:05:56.987+0600][18.375s][info][gc,task        ] GC(97) Using 10 workers of 10 for evacuation
[2026-04-03T01:05:56.989+0600][18.378s][info][gc,phases      ] GC(97)   Pre Evacuate Collection Set: 0.27ms
[2026-04-03T01:05:56.989+0600][18.378s][info][gc,phases      ] GC(97)   Merge Heap Roots: 0.22ms
[2026-04-03T01:05:56.989+0600][18.378s][info][gc,phases      ] GC(97)   Evacuate Collection Set: 0.56ms
[2026-04-03T01:05:56.989+0600][18.378s][info][gc,phases      ] GC(97)   Post Evacuate Collection Set: 0.88ms
[2026-04-03T01:05:56.989+0600][18.378s][info][gc,phases      ] GC(97)   Other: 0.10ms
[2026-04-03T01:05:56.989+0600][18.378s][info][gc,heap        ] GC(97) Eden regions: 157->0(157)
[2026-04-03T01:05:56.989+0600][18.378s][info][gc,heap        ] GC(97) Survivor regions: 1->1(20)
[2026-04-03T01:05:56.989+0600][18.378s][info][gc,heap        ] GC(97) Old regions: 4->4
[2026-04-03T01:05:56.989+0600][18.378s][info][gc,heap        ] GC(97) Humongous regions: 6->6
[2026-04-03T01:05:56.989+0600][18.378s][info][gc,metaspace   ] GC(97) Metaspace: 9241K(9856K)->9241K(9856K) NonClass: 8197K(8512K)->8197K(8512K) Class: 1044K(1344K)->1044K(1344K)
[2026-04-03T01:05:56.990+0600][18.378s][info][gc             ] GC(97) Pause Young (Normal) (G1 Evacuation Pause) 331M->17M(528M) 2.336ms
[2026-04-03T01:05:56.990+0600][18.378s][info][gc,cpu         ] GC(97) User=0.00s Sys=0.00s Real=0.00s
[2026-04-03T01:05:57.144+0600][18.532s][info][gc,start       ] GC(98) Pause Young (Normal) (G1 Evacuation Pause)
[2026-04-03T01:05:57.144+0600][18.532s][info][gc,task        ] GC(98) Using 10 workers of 10 for evacuation
[2026-04-03T01:05:57.146+0600][18.534s][info][gc,phases      ] GC(98)   Pre Evacuate Collection Set: 0.19ms
[2026-04-03T01:05:57.146+0600][18.534s][info][gc,phases      ] GC(98)   Merge Heap Roots: 0.11ms
[2026-04-03T01:05:57.146+0600][18.534s][info][gc,phases      ] GC(98)   Evacuate Collection Set: 0.43ms
[2026-04-03T01:05:57.146+0600][18.534s][info][gc,phases      ] GC(98)   Post Evacuate Collection Set: 0.67ms
[2026-04-03T01:05:57.146+0600][18.534s][info][gc,phases      ] GC(98)   Other: 0.09ms
[2026-04-03T01:05:57.146+0600][18.534s][info][gc,heap        ] GC(98) Eden regions: 157->0(157)
[2026-04-03T01:05:57.146+0600][18.534s][info][gc,heap        ] GC(98) Survivor regions: 1->1(20)
[2026-04-03T01:05:57.146+0600][18.534s][info][gc,heap        ] GC(98) Old regions: 4->4
[2026-04-03T01:05:57.146+0600][18.534s][info][gc,heap        ] GC(98) Humongous regions: 6->6
[2026-04-03T01:05:57.146+0600][18.534s][info][gc,metaspace   ] GC(98) Metaspace: 9241K(9856K)->9241K(9856K) NonClass: 8197K(8512K)->8197K(8512K) Class: 1044K(1344K)->1044K(1344K)
[2026-04-03T01:05:57.146+0600][18.534s][info][gc             ] GC(98) Pause Young (Normal) (G1 Evacuation Pause) 331M->17M(528M) 1.759ms
[2026-04-03T01:05:57.146+0600][18.534s][info][gc,cpu         ] GC(98) User=0.00s Sys=0.00s Real=0.00s
[2026-04-03T01:05:57.354+0600][18.743s][info][gc,start       ] GC(99) Pause Young (Normal) (G1 Evacuation Pause)
[2026-04-03T01:05:57.354+0600][18.743s][info][gc,task        ] GC(99) Using 10 workers of 10 for evacuation
[2026-04-03T01:05:57.356+0600][18.744s][info][gc,phases      ] GC(99)   Pre Evacuate Collection Set: 0.29ms
[2026-04-03T01:05:57.356+0600][18.744s][info][gc,phases      ] GC(99)   Merge Heap Roots: 0.09ms
[2026-04-03T01:05:57.356+0600][18.744s][info][gc,phases      ] GC(99)   Evacuate Collection Set: 0.51ms
[2026-04-03T01:05:57.356+0600][18.744s][info][gc,phases      ] GC(99)   Post Evacuate Collection Set: 0.46ms
[2026-04-03T01:05:57.356+0600][18.744s][info][gc,phases      ] GC(99)   Other: 0.15ms
[2026-04-03T01:05:57.356+0600][18.744s][info][gc,heap        ] GC(99) Eden regions: 157->0(157)
[2026-04-03T01:05:57.356+0600][18.744s][info][gc,heap        ] GC(99) Survivor regions: 1->1(20)
[2026-04-03T01:05:57.356+0600][18.744s][info][gc,heap        ] GC(99) Old regions: 4->4
[2026-04-03T01:05:57.356+0600][18.744s][info][gc,heap        ] GC(99) Humongous regions: 6->6
[2026-04-03T01:05:57.356+0600][18.744s][info][gc,metaspace   ] GC(99) Metaspace: 9241K(9856K)->9241K(9856K) NonClass: 8197K(8512K)->8197K(8512K) Class: 1044K(1344K)->1044K(1344K)
[2026-04-03T01:05:57.356+0600][18.744s][info][gc             ] GC(99) Pause Young (Normal) (G1 Evacuation Pause) 331M->17M(528M) 1.667ms
[2026-04-03T01:05:57.356+0600][18.744s][info][gc,cpu         ] GC(99) User=0.00s Sys=0.00s Real=0.00s
[2026-04-03T01:05:58.117+0600][19.506s][info][gc,heap,exit   ] Heap
[2026-04-03T01:05:58.117+0600][19.506s][info][gc,heap,exit   ]  garbage-first heap   total 540672K, used 209899K [0x000000070ae00000, 0x0000000800000000)
[2026-04-03T01:05:58.117+0600][19.506s][info][gc,heap,exit   ]   region size 2048K, 89 young (182272K), 1 survivors (2048K)
[2026-04-03T01:05:58.117+0600][19.506s][info][gc,heap,exit   ]  Metaspace       used 9472K, committed 10048K, reserved 1114112K
[2026-04-03T01:05:58.117+0600][19.506s][info][gc,heap,exit   ]   class space    used 1068K, committed 1344K, reserved 1048576K
