[2026-04-03T01:04:55.230+0600][0.005s][info][gc,init] Initializing The Z Garbage Collector
[2026-04-03T01:04:55.230+0600][0.005s][info][gc,init] Version: 21.0.10+7-Ubuntu-124.04 (release)
[2026-04-03T01:04:55.230+0600][0.005s][info][gc,init] NUMA Support: Disabled
[2026-04-03T01:04:55.230+0600][0.005s][info][gc,init] CPUs: 12 total, 12 available
[2026-04-03T01:04:55.230+0600][0.005s][info][gc,init] Memory: 15683M
[2026-04-03T01:04:55.230+0600][0.005s][info][gc,init] Large Page Support: Disabled
[2026-04-03T01:04:55.230+0600][0.006s][info][gc,init] Address Space Type: Contiguous/Unrestricted/Complete
[2026-04-03T01:04:55.230+0600][0.006s][info][gc,init] Address Space Size: 62752M
[2026-04-03T01:04:55.230+0600][0.006s][info][gc,init] Heap Backing File: /memfd:java_heap
[2026-04-03T01:04:55.230+0600][0.006s][info][gc,init] Heap Backing Filesystem: tmpfs (0x1021994)
[2026-04-03T01:04:55.231+0600][0.006s][info][gc,init] Min Capacity: 8M
[2026-04-03T01:04:55.231+0600][0.006s][info][gc,init] Initial Capacity: 246M
[2026-04-03T01:04:55.231+0600][0.006s][info][gc,init] Max Capacity: 3922M
[2026-04-03T01:04:55.231+0600][0.006s][info][gc,init] Soft Max Capacity: 3529M
[2026-04-03T01:04:55.231+0600][0.006s][info][gc,init] Medium Page Size: 32M
[2026-04-03T01:04:55.231+0600][0.006s][info][gc,init] Pre-touch: Disabled
[2026-04-03T01:04:55.231+0600][0.006s][info][gc,init] Available space on backing filesystem: N/A
[2026-04-03T01:04:55.231+0600][0.007s][info][gc,init] Uncommit: Enabled
[2026-04-03T01:04:55.231+0600][0.007s][info][gc,init] Uncommit Delay: 300s
[2026-04-03T01:04:55.232+0600][0.007s][info][gc,init] GC Workers for Old Generation: 3 (dynamic)
[2026-04-03T01:04:55.232+0600][0.008s][info][gc,init] GC Workers for Young Generation: 3 (dynamic)
[2026-04-03T01:04:55.322+0600][0.097s][info][gc,init] GC Workers Max: 3 (dynamic)
[2026-04-03T01:04:55.323+0600][0.098s][info][gc,init] Runtime Workers: 8
[2026-04-03T01:04:55.323+0600][0.099s][info][gc     ] Using The Z Garbage Collector
[2026-04-03T01:04:55.333+0600][0.108s][info][gc,metaspace] CDS archive(s) mapped at: [0x00007e65eb000000-0x00007e65ebc9c000-0x00007e65ebc9c000), size 13221888, SharedBaseAddress: 0x00007e65eb000000, ArchiveRelocationMode: 1.
[2026-04-03T01:04:55.333+0600][0.108s][info][gc,metaspace] Compressed class space mapped at: 0x00007e65ec000000-0x00007e662c000000, reserved size: 1073741824
[2026-04-03T01:04:55.333+0600][0.108s][info][gc,metaspace] Narrow klass base: 0x00007e65eb000000, Narrow klass shift: 0, Narrow klass range: 0x100000000
[2026-04-03T01:04:58.595+0600][3.371s][info][gc          ] GC(0) Major Collection (System.gc())
[2026-04-03T01:04:58.596+0600][3.371s][info][gc,task     ] GC(0) Using 3 Workers for Young Generation
[2026-04-03T01:04:58.596+0600][3.371s][info][gc,task     ] GC(0) Using 3 Workers for Old Generation
[2026-04-03T01:04:58.596+0600][3.371s][info][gc,phases   ] GC(0) Y: Young Generation (Promote All)
[2026-04-03T01:04:58.596+0600][3.371s][info][gc,phases   ] GC(0) Y: Pause Mark Start 0.016ms
[2026-04-03T01:04:58.601+0600][3.377s][info][gc,phases   ] GC(0) Y: Concurrent Mark 5.602ms
[2026-04-03T01:04:58.602+0600][3.377s][info][gc,phases   ] GC(0) Y: Pause Mark End 0.016ms
[2026-04-03T01:04:58.602+0600][3.377s][info][gc,phases   ] GC(0) Y: Concurrent Mark Free 0.001ms
[2026-04-03T01:04:58.602+0600][3.377s][info][gc,phases   ] GC(0) Y: Concurrent Reset Relocation Set 0.001ms
[2026-04-03T01:04:58.608+0600][3.383s][info][gc,reloc    ] GC(0) Y: Using tenuring threshold: 0 (Promote All)
[2026-04-03T01:04:58.611+0600][3.386s][info][gc,phases   ] GC(0) Y: Concurrent Select Relocation Set 9.521ms
[2026-04-03T01:04:58.611+0600][3.387s][info][gc,phases   ] GC(0) Y: Pause Relocate Start 0.012ms
[2026-04-03T01:04:58.616+0600][3.392s][info][gc,phases   ] GC(0) Y: Concurrent Relocate 5.096ms
[2026-04-03T01:04:58.616+0600][3.392s][info][gc,alloc    ] GC(0) Y:                         Mark Start        Mark End      Relocate Start    Relocate End   
[2026-04-03T01:04:58.616+0600][3.392s][info][gc,alloc    ] GC(0) Y: Allocation Stalls:          0                0                0                0         
[2026-04-03T01:04:58.617+0600][3.392s][info][gc,load     ] GC(0) Y: Load: 11.43 (95%) / 6.98 (58%) / 3.80 (32%)
[2026-04-03T01:04:58.617+0600][3.392s][info][gc,mmu      ] GC(0) Y: MMU: 2ms/99.2%, 5ms/99.7%, 10ms/99.7%, 20ms/99.8%, 50ms/99.9%, 100ms/100.0%
[2026-04-03T01:04:58.617+0600][3.392s][info][gc,marking  ] GC(0) Y: Mark: 2 stripe(s), 10 proactive flush(es), 1 terminate flush(es), 0 completion(s), 0 continuation(s) 
[2026-04-03T01:04:58.617+0600][3.392s][info][gc,marking  ] GC(0) Y: Mark Stack Usage: 32M
[2026-04-03T01:04:58.617+0600][3.392s][info][gc,nmethod  ] GC(0) Y: NMethods: 918 registered, 0 unregistered
[2026-04-03T01:04:58.617+0600][3.392s][info][gc,metaspace] GC(0) Y: Metaspace: 2M used, 3M committed, 1088M reserved
[2026-04-03T01:04:58.617+0600][3.392s][info][gc,reloc    ] GC(0) Y:                        Candidates     Selected     In-Place         Size        Empty    Relocated 
[2026-04-03T01:04:58.617+0600][3.392s][info][gc,reloc    ] GC(0) Y: Small Pages:                   81           78            0         162M           0M           1M 
[2026-04-03T01:04:58.617+0600][3.392s][info][gc,reloc    ] GC(0) Y: Medium Pages:                   0            0            0           0M           0M           0M 
[2026-04-03T01:04:58.617+0600][3.392s][info][gc,reloc    ] GC(0) Y: Large Pages:                    0            0            0           0M           0M           0M 
[2026-04-03T01:04:58.617+0600][3.392s][info][gc,reloc    ] GC(0) Y: Forwarding Usage: 0M
[2026-04-03T01:04:58.617+0600][3.392s][info][gc,reloc    ] GC(0) Y: Age Table:
[2026-04-03T01:04:58.617+0600][3.392s][info][gc,reloc    ] GC(0) Y:                    Live             Garbage             Small              Medium             Large        
[2026-04-03T01:04:58.617+0600][3.392s][info][gc,reloc    ] GC(0) Y: Eden               3M (0%)          158M (4%)          81 / 78             0 / 0              0 / 0        
[2026-04-03T01:04:58.617+0600][3.392s][info][gc,heap     ] GC(0) Y: Min Capacity: 8M(0%)
[2026-04-03T01:04:58.617+0600][3.392s][info][gc,heap     ] GC(0) Y: Max Capacity: 3922M(100%)
[2026-04-03T01:04:58.617+0600][3.392s][info][gc,heap     ] GC(0) Y: Soft Max Capacity: 3529M(90%)
[2026-04-03T01:04:58.617+0600][3.392s][info][gc,heap     ] GC(0) Y: Heap Statistics:
[2026-04-03T01:04:58.617+0600][3.392s][info][gc,heap     ] GC(0) Y:                Mark Start          Mark End        Relocate Start      Relocate End           High               Low         
[2026-04-03T01:04:58.617+0600][3.392s][info][gc,heap     ] GC(0) Y:  Capacity:      246M (6%)          246M (6%)          246M (6%)          246M (6%)          246M (6%)          246M (6%)     
[2026-04-03T01:04:58.617+0600][3.392s][info][gc,heap     ] GC(0) Y:      Free:     3760M (96%)        3760M (96%)        3760M (96%)        3912M (100%)       3912M (100%)       3754M (96%)    
[2026-04-03T01:04:58.617+0600][3.392s][info][gc,heap     ] GC(0) Y:      Used:      162M (4%)          162M (4%)          162M (4%)           10M (0%)          168M (4%)           10M (0%)     
[2026-04-03T01:04:58.617+0600][3.392s][info][gc,heap     ] GC(0) Y: Young Generation Statistics:
[2026-04-03T01:04:58.617+0600][3.392s][info][gc,heap     ] GC(0) Y:                Mark Start          Mark End        Relocate Start      Relocate End    
[2026-04-03T01:04:58.617+0600][3.392s][info][gc,heap     ] GC(0) Y:      Used:      162M (4%)          162M (4%)          158M (4%)            0M (0%)     
[2026-04-03T01:04:58.617+0600][3.392s][info][gc,heap     ] GC(0) Y:      Live:         -                 3M (0%)            1M (0%)            0M (0%)     
[2026-04-03T01:04:58.617+0600][3.392s][info][gc,heap     ] GC(0) Y:   Garbage:         -               158M (4%)          156M (4%)            0M (0%)     
[2026-04-03T01:04:58.617+0600][3.392s][info][gc,heap     ] GC(0) Y: Allocated:         -                 0M (0%)            0M (0%)            0M (0%)     
[2026-04-03T01:04:58.617+0600][3.392s][info][gc,heap     ] GC(0) Y: Reclaimed:         -                  -                 1M (0%)          158M (4%)     
[2026-04-03T01:04:58.617+0600][3.392s][info][gc,heap     ] GC(0) Y:  Promoted:         -                  -                 2M (0%)            3M (0%)     
[2026-04-03T01:04:58.617+0600][3.392s][info][gc,heap     ] GC(0) Y: Compacted:         -                  -                  -                 0M (0%)     
[2026-04-03T01:04:58.617+0600][3.392s][info][gc,phases   ] GC(0) Y: Young Generation (Promote All) 162M(4%)->10M(0%) 0.021s
[2026-04-03T01:04:58.617+0600][3.392s][info][gc,phases   ] GC(0) Y: Young Generation (Collect Roots)
[2026-04-03T01:04:58.617+0600][3.392s][info][gc,phases   ] GC(0) Y: Pause Mark Start (Major) 0.022ms
[2026-04-03T01:04:58.619+0600][3.395s][info][gc,phases   ] GC(0) Y: Concurrent Mark 2.326ms
[2026-04-03T01:04:58.619+0600][3.395s][info][gc,phases   ] GC(0) Y: Pause Mark End 0.012ms
[2026-04-03T01:04:58.620+0600][3.395s][info][gc,phases   ] GC(0) Y: Concurrent Mark Free 0.206ms
[2026-04-03T01:04:58.620+0600][3.395s][info][gc,phases   ] GC(0) Y: Concurrent Reset Relocation Set 0.012ms
[2026-04-03T01:04:58.621+0600][3.396s][info][gc,reloc    ] GC(0) Y: Using tenuring threshold: 0 (Computed)
[2026-04-03T01:04:58.621+0600][3.397s][info][gc,phases   ] GC(0) Y: Concurrent Select Relocation Set 1.642ms
[2026-04-03T01:04:58.622+0600][3.397s][info][gc,phases   ] GC(0) Y: Pause Relocate Start 0.011ms
[2026-04-03T01:04:58.622+0600][3.397s][info][gc,phases   ] GC(0) Y: Concurrent Relocate 0.050ms
[2026-04-03T01:04:58.622+0600][3.397s][info][gc,alloc    ] GC(0) Y:                         Mark Start        Mark End      Relocate Start    Relocate End   
[2026-04-03T01:04:58.622+0600][3.397s][info][gc,alloc    ] GC(0) Y: Allocation Stalls:          0                0                0                0         
[2026-04-03T01:04:58.622+0600][3.397s][info][gc,load     ] GC(0) Y: Load: 11.43 (95%) / 6.98 (58%) / 3.80 (32%)
[2026-04-03T01:04:58.622+0600][3.397s][info][gc,mmu      ] GC(0) Y: MMU: 2ms/98.9%, 5ms/99.1%, 10ms/99.5%, 20ms/99.7%, 50ms/99.8%, 100ms/99.9%
[2026-04-03T01:04:58.622+0600][3.397s][info][gc,marking  ] GC(0) Y: Mark: 2 stripe(s), 1 proactive flush(es), 1 terminate flush(es), 0 completion(s), 0 continuation(s) 
[2026-04-03T01:04:58.622+0600][3.397s][info][gc,marking  ] GC(0) Y: Mark Stack Usage: 0M
[2026-04-03T01:04:58.622+0600][3.397s][info][gc,nmethod  ] GC(0) Y: NMethods: 918 registered, 0 unregistered
[2026-04-03T01:04:58.622+0600][3.397s][info][gc,metaspace] GC(0) Y: Metaspace: 2M used, 3M committed, 1088M reserved
[2026-04-03T01:04:58.622+0600][3.397s][info][gc,heap     ] GC(0) Y: Min Capacity: 8M(0%)
[2026-04-03T01:04:58.622+0600][3.397s][info][gc,heap     ] GC(0) Y: Max Capacity: 3922M(100%)
[2026-04-03T01:04:58.622+0600][3.397s][info][gc,heap     ] GC(0) Y: Soft Max Capacity: 3529M(90%)
[2026-04-03T01:04:58.622+0600][3.397s][info][gc,heap     ] GC(0) Y: Heap Statistics:
[2026-04-03T01:04:58.622+0600][3.397s][info][gc,heap     ] GC(0) Y:                Mark Start          Mark End        Relocate Start      Relocate End           High               Low         
[2026-04-03T01:04:58.622+0600][3.397s][info][gc,heap     ] GC(0) Y:  Capacity:      246M (6%)          246M (6%)          246M (6%)          246M (6%)          246M (6%)          246M (6%)     
[2026-04-03T01:04:58.622+0600][3.397s][info][gc,heap     ] GC(0) Y:      Free:     3912M (100%)       3912M (100%)       3912M (100%)       3912M (100%)       3912M (100%)       3912M (100%)   
[2026-04-03T01:04:58.622+0600][3.397s][info][gc,heap     ] GC(0) Y:      Used:       10M (0%)           10M (0%)           10M (0%)           10M (0%)           10M (0%)           10M (0%)     
[2026-04-03T01:04:58.622+0600][3.397s][info][gc,heap     ] GC(0) Y: Young Generation Statistics:
[2026-04-03T01:04:58.622+0600][3.397s][info][gc,heap     ] GC(0) Y:                Mark Start          Mark End        Relocate Start      Relocate End    
[2026-04-03T01:04:58.622+0600][3.397s][info][gc,heap     ] GC(0) Y:      Used:        0M (0%)            0M (0%)            0M (0%)            0M (0%)     
[2026-04-03T01:04:58.622+0600][3.397s][info][gc,heap     ] GC(0) Y:      Live:         -                 0M (0%)            0M (0%)            0M (0%)     
[2026-04-03T01:04:58.622+0600][3.397s][info][gc,heap     ] GC(0) Y:   Garbage:         -                 0M (0%)            0M (0%)            0M (0%)     
[2026-04-03T01:04:58.622+0600][3.397s][info][gc,heap     ] GC(0) Y: Allocated:         -                 0M (0%)            0M (0%)            0M (0%)     
[2026-04-03T01:04:58.622+0600][3.397s][info][gc,heap     ] GC(0) Y: Reclaimed:         -                  -                 0M (0%)            0M (0%)     
[2026-04-03T01:04:58.622+0600][3.397s][info][gc,heap     ] GC(0) Y:  Promoted:         -                  -                 0M (0%)            0M (0%)     
[2026-04-03T01:04:58.622+0600][3.397s][info][gc,heap     ] GC(0) Y: Compacted:         -                  -                  -                 0M (0%)     
[2026-04-03T01:04:58.622+0600][3.397s][info][gc,phases   ] GC(0) Y: Young Generation (Collect Roots) 10M(0%)->10M(0%) 0.005s
[2026-04-03T01:04:58.622+0600][3.397s][info][gc,phases   ] GC(0) O: Old Generation
[2026-04-03T01:04:58.626+0600][3.401s][info][gc,phases   ] GC(0) O: Concurrent Mark 3.771ms
[2026-04-03T01:04:58.626+0600][3.401s][info][gc,phases   ] GC(0) O: Pause Mark End 0.013ms
[2026-04-03T01:04:58.626+0600][3.401s][info][gc,phases   ] GC(0) O: Concurrent Mark Free 0.001ms
[2026-04-03T01:04:58.628+0600][3.403s][info][gc,phases   ] GC(0) O: Concurrent Process Non-Strong 1.710ms
[2026-04-03T01:04:58.628+0600][3.403s][info][gc,phases   ] GC(0) O: Concurrent Reset Relocation Set 0.001ms
[2026-04-03T01:04:58.631+0600][3.406s][info][gc,phases   ] GC(0) O: Concurrent Select Relocation Set 3.544ms
[2026-04-03T01:04:58.631+0600][3.406s][info][gc,task     ] GC(0) O: Using 3 Workers for Old Generation
[2026-04-03T01:04:58.643+0600][3.418s][info][gc,task     ] GC(0) O: Using 3 Workers for Old Generation
[2026-04-03T01:04:58.643+0600][3.418s][info][gc,phases   ] GC(0) O: Concurrent Remap Roots 11.982ms
[2026-04-03T01:04:58.643+0600][3.419s][info][gc,phases   ] GC(0) O: Pause Relocate Start 0.012ms
[2026-04-03T01:04:58.645+0600][3.420s][info][gc,phases   ] GC(0) O: Concurrent Relocate 1.342ms
[2026-04-03T01:04:58.645+0600][3.420s][info][gc,alloc    ] GC(0) O:                         Mark Start        Mark End      Relocate Start    Relocate End   
[2026-04-03T01:04:58.645+0600][3.420s][info][gc,alloc    ] GC(0) O: Allocation Stalls:          0                0                0                0         
[2026-04-03T01:04:58.645+0600][3.420s][info][gc,load     ] GC(0) O: Load: 11.43 (95%) / 6.98 (58%) / 3.80 (32%)
[2026-04-03T01:04:58.645+0600][3.420s][info][gc,mmu      ] GC(0) O: MMU: 2ms/98.9%, 5ms/99.1%, 10ms/99.4%, 20ms/99.6%, 50ms/99.8%, 100ms/99.9%
[2026-04-03T01:04:58.645+0600][3.420s][info][gc,marking  ] GC(0) O: Mark: 2 stripe(s), 4 proactive flush(es), 1 terminate flush(es), 0 completion(s), 0 continuation(s) 
[2026-04-03T01:04:58.645+0600][3.420s][info][gc,marking  ] GC(0) O: Mark Stack Usage: 32M
[2026-04-03T01:04:58.645+0600][3.420s][info][gc,nmethod  ] GC(0) O: NMethods: 786 registered, 132 unregistered
[2026-04-03T01:04:58.645+0600][3.420s][info][gc,metaspace] GC(0) O: Metaspace: 2M used, 3M committed, 1088M reserved
[2026-04-03T01:04:58.645+0600][3.420s][info][gc,ref      ] GC(0) O:                       Encountered   Discovered     Enqueued 
[2026-04-03T01:04:58.645+0600][3.420s][info][gc,ref      ] GC(0) O: Soft References:               76            0            0 
[2026-04-03T01:04:58.645+0600][3.420s][info][gc,ref      ] GC(0) O: Weak References:              307          126           73 
[2026-04-03T01:04:58.645+0600][3.420s][info][gc,ref      ] GC(0) O: Final References:               3            0            0 
[2026-04-03T01:04:58.645+0600][3.420s][info][gc,ref      ] GC(0) O: Phantom References:            32           17            2 
[2026-04-03T01:04:58.645+0600][3.420s][info][gc,reloc    ] GC(0) O:                        Candidates     Selected     In-Place         Size        Empty    Relocated 
[2026-04-03T01:04:58.645+0600][3.420s][info][gc,reloc    ] GC(0) O: Small Pages:                    5            2            0          10M           0M           1M 
[2026-04-03T01:04:58.645+0600][3.420s][info][gc,reloc    ] GC(0) O: Medium Pages:                   0            0            0           0M           0M           0M 
[2026-04-03T01:04:58.645+0600][3.420s][info][gc,reloc    ] GC(0) O: Large Pages:                    0            0            0           0M           0M           0M 
[2026-04-03T01:04:58.645+0600][3.420s][info][gc,reloc    ] GC(0) O: Forwarding Usage: 0M
[2026-04-03T01:04:58.645+0600][3.420s][info][gc,heap     ] GC(0) O: Min Capacity: 8M(0%)
[2026-04-03T01:04:58.645+0600][3.420s][info][gc,heap     ] GC(0) O: Max Capacity: 3922M(100%)
[2026-04-03T01:04:58.645+0600][3.420s][info][gc,heap     ] GC(0) O: Soft Max Capacity: 3529M(90%)
[2026-04-03T01:04:58.645+0600][3.420s][info][gc,heap     ] GC(0) O: Heap Statistics:
[2026-04-03T01:04:58.645+0600][3.420s][info][gc,heap     ] GC(0) O:                Mark Start          Mark End        Relocate Start      Relocate End           High               Low         
[2026-04-03T01:04:58.645+0600][3.420s][info][gc,heap     ] GC(0) O:  Capacity:      246M (6%)          246M (6%)          246M (6%)          246M (6%)          246M (6%)          246M (6%)     
[2026-04-03T01:04:58.645+0600][3.420s][info][gc,heap     ] GC(0) O:      Free:     3912M (100%)       3912M (100%)       3910M (100%)       3910M (100%)       3912M (100%)       3904M (100%)   
[2026-04-03T01:04:58.645+0600][3.420s][info][gc,heap     ] GC(0) O:      Used:       10M (0%)           10M (0%)           12M (0%)           12M (0%)           18M (0%)           10M (0%)     
[2026-04-03T01:04:58.645+0600][3.420s][info][gc,heap     ] GC(0) O: Old Generation Statistics:
[2026-04-03T01:04:58.645+0600][3.420s][info][gc,heap     ] GC(0) O:                Mark Start          Mark End        Relocate Start      Relocate End    
[2026-04-03T01:04:58.645+0600][3.420s][info][gc,heap     ] GC(0) O:      Used:       10M (0%)           10M (0%)           10M (0%)           10M (0%)     
[2026-04-03T01:04:58.645+0600][3.420s][info][gc,heap     ] GC(0) O:      Live:         -                 3M (0%)            3M (0%)            3M (0%)     
[2026-04-03T01:04:58.645+0600][3.420s][info][gc,heap     ] GC(0) O:   Garbage:         -                 6M (0%)            6M (0%)            1M (0%)     
[2026-04-03T01:04:58.645+0600][3.420s][info][gc,heap     ] GC(0) O: Allocated:         -                 0M (0%)            0M (0%)            4M (0%)     
[2026-04-03T01:04:58.645+0600][3.420s][info][gc,heap     ] GC(0) O: Reclaimed:         -                  -                 0M (0%)            4M (0%)     
[2026-04-03T01:04:58.645+0600][3.420s][info][gc,heap     ] GC(0) O: Compacted:         -                  -                  -                 1M (0%)     
[2026-04-03T01:04:58.645+0600][3.420s][info][gc,phases   ] GC(0) O: Old Generation 10M(0%)->12M(0%) 0.023s
[2026-04-03T01:04:58.645+0600][3.420s][info][gc          ] GC(0) Major Collection (System.gc()) 162M(4%)->12M(0%) 0.050s
[2026-04-03T01:04:59.859+0600][4.634s][info][gc          ] GC(1) Major Collection (Warmup)
[2026-04-03T01:04:59.859+0600][4.634s][info][gc,task     ] GC(1) Using 3 Workers for Young Generation
[2026-04-03T01:04:59.859+0600][4.634s][info][gc,task     ] GC(1) Using 2 Workers for Old Generation
[2026-04-03T01:04:59.859+0600][4.634s][info][gc,phases   ] GC(1) Y: Young Generation
[2026-04-03T01:04:59.861+0600][4.636s][info][gc,phases   ] GC(1) Y: Pause Mark Start (Major) 0.023ms
[2026-04-03T01:04:59.918+0600][4.693s][info][gc,phases   ] GC(1) Y: Concurrent Mark 56.538ms
[2026-04-03T01:04:59.920+0600][4.696s][info][gc,phases   ] GC(1) Y: Pause Mark End 0.034ms
[2026-04-03T01:04:59.924+0600][4.699s][info][gc,phases   ] GC(1) Y: Concurrent Mark Free 0.003ms
[2026-04-03T01:04:59.924+0600][4.699s][info][gc,phases   ] GC(1) Y: Concurrent Reset Relocation Set 0.001ms
[2026-04-03T01:04:59.931+0600][4.706s][info][gc,reloc    ] GC(1) Y: Using tenuring threshold: 1 (Computed)
[2026-04-03T01:04:59.932+0600][4.707s][info][gc,phases   ] GC(1) Y: Concurrent Select Relocation Set 8.146ms
[2026-04-03T01:04:59.932+0600][4.707s][info][gc,phases   ] GC(1) Y: Pause Relocate Start 0.022ms
[2026-04-03T01:04:59.940+0600][4.715s][info][gc,phases   ] GC(1) Y: Concurrent Relocate 4.362ms
[2026-04-03T01:04:59.940+0600][4.715s][info][gc,alloc    ] GC(1) Y:                         Mark Start        Mark End      Relocate Start    Relocate End   
[2026-04-03T01:04:59.940+0600][4.715s][info][gc,alloc    ] GC(1) Y: Allocation Stalls:          0                0                0                0         
[2026-04-03T01:04:59.940+0600][4.716s][info][gc,load     ] GC(1) Y: Load: 10.59 (88%) / 6.88 (57%) / 3.78 (32%)
[2026-04-03T01:04:59.940+0600][4.716s][info][gc,mmu      ] GC(1) Y: MMU: 2ms/98.3%, 5ms/99.1%, 10ms/99.4%, 20ms/99.6%, 50ms/99.8%, 100ms/99.9%
[2026-04-03T01:04:59.940+0600][4.716s][info][gc,marking  ] GC(1) Y: Mark: 2 stripe(s), 3 proactive flush(es), 1 terminate flush(es), 0 completion(s), 0 continuation(s) 
[2026-04-03T01:04:59.940+0600][4.716s][info][gc,marking  ] GC(1) Y: Mark Stack Usage: 32M
[2026-04-03T01:04:59.940+0600][4.716s][info][gc,nmethod  ] GC(1) Y: NMethods: 2396 registered, 0 unregistered
[2026-04-03T01:04:59.940+0600][4.716s][info][gc,metaspace] GC(1) Y: Metaspace: 8M used, 9M committed, 1088M reserved
[2026-04-03T01:04:59.940+0600][4.716s][info][gc,reloc    ] GC(1) Y:                        Candidates     Selected     In-Place         Size        Empty    Relocated 
[2026-04-03T01:04:59.940+0600][4.716s][info][gc,reloc    ] GC(1) Y: Small Pages:                  158           93            0         316M         126M           2M 
[2026-04-03T01:04:59.940+0600][4.716s][info][gc,reloc    ] GC(1) Y: Medium Pages:                   1            0            0          32M           0M           0M 
[2026-04-03T01:04:59.940+0600][4.716s][info][gc,reloc    ] GC(1) Y: Large Pages:                    0            0            0           0M           0M           0M 
[2026-04-03T01:04:59.940+0600][4.716s][info][gc,reloc    ] GC(1) Y: Forwarding Usage: 0M
[2026-04-03T01:04:59.940+0600][4.716s][info][gc,reloc    ] GC(1) Y: Age Table:
[2026-04-03T01:04:59.940+0600][4.716s][info][gc,reloc    ] GC(1) Y:                    Live             Garbage             Small              Medium             Large        
[2026-04-03T01:04:59.940+0600][4.716s][info][gc,reloc    ] GC(1) Y: Eden               8M (0%)          339M (9%)         158 / 93             1 / 0              0 / 0        
[2026-04-03T01:04:59.940+0600][4.716s][info][gc,heap     ] GC(1) Y: Min Capacity: 8M(0%)
[2026-04-03T01:04:59.940+0600][4.716s][info][gc,heap     ] GC(1) Y: Max Capacity: 3922M(100%)
[2026-04-03T01:04:59.940+0600][4.716s][info][gc,heap     ] GC(1) Y: Soft Max Capacity: 3529M(90%)
[2026-04-03T01:04:59.940+0600][4.716s][info][gc,heap     ] GC(1) Y: Heap Statistics:
[2026-04-03T01:04:59.940+0600][4.716s][info][gc,heap     ] GC(1) Y:                Mark Start          Mark End        Relocate Start      Relocate End           High               Low         
[2026-04-03T01:04:59.940+0600][4.716s][info][gc,heap     ] GC(1) Y:  Capacity:      358M (9%)          396M (10%)         400M (10%)         400M (10%)         400M (10%)         358M (9%)     
[2026-04-03T01:04:59.940+0600][4.716s][info][gc,heap     ] GC(1) Y:      Free:     3564M (91%)        3526M (90%)        3648M (93%)        3804M (97%)        3804M (97%)        3522M (90%)    
[2026-04-03T01:04:59.940+0600][4.716s][info][gc,heap     ] GC(1) Y:      Used:      358M (9%)          396M (10%)         274M (7%)          118M (3%)          400M (10%)         118M (3%)     
[2026-04-03T01:04:59.940+0600][4.716s][info][gc,heap     ] GC(1) Y: Young Generation Statistics:
[2026-04-03T01:04:59.940+0600][4.716s][info][gc,heap     ] GC(1) Y:                Mark Start          Mark End        Relocate Start      Relocate End    
[2026-04-03T01:04:59.940+0600][4.716s][info][gc,heap     ] GC(1) Y:      Used:      348M (9%)          386M (10%)         264M (7%)          108M (3%)     
[2026-04-03T01:04:59.941+0600][4.716s][info][gc,heap     ] GC(1) Y:      Live:         -                 8M (0%)            8M (0%)            8M (0%)     
[2026-04-03T01:04:59.941+0600][4.716s][info][gc,heap     ] GC(1) Y:   Garbage:         -               339M (9%)          213M (5%)           25M (1%)     
[2026-04-03T01:04:59.941+0600][4.716s][info][gc,heap     ] GC(1) Y: Allocated:         -                38M (1%)           42M (1%)           73M (2%)     
[2026-04-03T01:04:59.941+0600][4.716s][info][gc,heap     ] GC(1) Y: Reclaimed:         -                  -               126M (3%)          313M (8%)     
[2026-04-03T01:04:59.941+0600][4.716s][info][gc,heap     ] GC(1) Y:  Promoted:         -                  -                 0M (0%)            0M (0%)     
[2026-04-03T01:04:59.941+0600][4.716s][info][gc,heap     ] GC(1) Y: Compacted:         -                  -                  -                 2M (0%)     
[2026-04-03T01:04:59.941+0600][4.716s][info][gc,phases   ] GC(1) Y: Young Generation 358M(9%)->118M(3%) 0.081s
[2026-04-03T01:04:59.941+0600][4.716s][info][gc,phases   ] GC(1) O: Old Generation
[2026-04-03T01:04:59.969+0600][4.745s][info][gc,phases   ] GC(1) O: Concurrent Mark 28.772ms
[2026-04-03T01:04:59.970+0600][4.745s][info][gc,phases   ] GC(1) O: Pause Mark End 0.041ms
[2026-04-03T01:04:59.970+0600][4.745s][info][gc,phases   ] GC(1) O: Concurrent Mark Free 0.001ms
[2026-04-03T01:04:59.992+0600][4.768s][info][gc,phases   ] GC(1) O: Concurrent Process Non-Strong 22.368ms
[2026-04-03T01:04:59.992+0600][4.768s][info][gc,phases   ] GC(1) O: Concurrent Reset Relocation Set 0.003ms
[2026-04-03T01:04:59.995+0600][4.771s][info][gc,phases   ] GC(1) O: Concurrent Select Relocation Set 2.872ms
[2026-04-03T01:04:59.995+0600][4.771s][info][gc,task     ] GC(1) O: Using 3 Workers for Old Generation
[2026-04-03T01:05:00.078+0600][4.853s][info][gc,task     ] GC(1) O: Using 2 Workers for Old Generation
[2026-04-03T01:05:00.078+0600][4.853s][info][gc,phases   ] GC(1) O: Concurrent Remap Roots 82.681ms
[2026-04-03T01:05:00.078+0600][4.854s][info][gc,phases   ] GC(1) O: Pause Relocate Start 0.130ms
[2026-04-03T01:05:00.082+0600][4.857s][info][gc,phases   ] GC(1) O: Concurrent Relocate 3.347ms
[2026-04-03T01:05:00.082+0600][4.857s][info][gc,alloc    ] GC(1) O:                         Mark Start        Mark End      Relocate Start    Relocate End   
[2026-04-03T01:05:00.082+0600][4.857s][info][gc,alloc    ] GC(1) O: Allocation Stalls:          0                0                0                0         
[2026-04-03T01:05:00.082+0600][4.858s][info][gc,load     ] GC(1) O: Load: 10.59 (88%) / 6.88 (57%) / 3.78 (32%)
[2026-04-03T01:05:00.082+0600][4.858s][info][gc,mmu      ] GC(1) O: MMU: 2ms/93.5%, 5ms/97.4%, 10ms/98.7%, 20ms/99.3%, 50ms/99.7%, 100ms/99.9%
[2026-04-03T01:05:00.082+0600][4.858s][info][gc,marking  ] GC(1) O: Mark: 2 stripe(s), 2 proactive flush(es), 1 terminate flush(es), 0 completion(s), 0 continuation(s) 
[2026-04-03T01:05:00.082+0600][4.858s][info][gc,marking  ] GC(1) O: Mark Stack Usage: 32M
[2026-04-03T01:05:00.082+0600][4.858s][info][gc,nmethod  ] GC(1) O: NMethods: 2180 registered, 266 unregistered
[2026-04-03T01:05:00.082+0600][4.858s][info][gc,metaspace] GC(1) O: Metaspace: 8M used, 9M committed, 1088M reserved
[2026-04-03T01:05:00.082+0600][4.858s][info][gc,ref      ] GC(1) O:                       Encountered   Discovered     Enqueued 
[2026-04-03T01:05:00.082+0600][4.858s][info][gc,ref      ] GC(1) O: Soft References:              321            0            0 
[2026-04-03T01:05:00.082+0600][4.858s][info][gc,ref      ] GC(1) O: Weak References:              946           81            0 
[2026-04-03T01:05:00.082+0600][4.858s][info][gc,ref      ] GC(1) O: Final References:               3            2            0 
[2026-04-03T01:05:00.082+0600][4.858s][info][gc,ref      ] GC(1) O: Phantom References:            54           14            2 
[2026-04-03T01:05:00.082+0600][4.858s][info][gc,reloc    ] GC(1) O:                        Candidates     Selected     In-Place         Size        Empty    Relocated 
[2026-04-03T01:05:00.082+0600][4.858s][info][gc,reloc    ] GC(1) O: Small Pages:                    5            2            0          10M           0M           1M 
[2026-04-03T01:05:00.082+0600][4.858s][info][gc,reloc    ] GC(1) O: Medium Pages:                   0            0            0           0M           0M           0M 
[2026-04-03T01:05:00.082+0600][4.858s][info][gc,reloc    ] GC(1) O: Large Pages:                    0            0            0           0M           0M           0M 
[2026-04-03T01:05:00.082+0600][4.858s][info][gc,reloc    ] GC(1) O: Forwarding Usage: 0M
[2026-04-03T01:05:00.082+0600][4.858s][info][gc,heap     ] GC(1) O: Min Capacity: 8M(0%)
[2026-04-03T01:05:00.082+0600][4.858s][info][gc,heap     ] GC(1) O: Max Capacity: 3922M(100%)
[2026-04-03T01:05:00.082+0600][4.858s][info][gc,heap     ] GC(1) O: Soft Max Capacity: 3529M(90%)
[2026-04-03T01:05:00.082+0600][4.858s][info][gc,heap     ] GC(1) O: Heap Statistics:
[2026-04-03T01:05:00.082+0600][4.858s][info][gc,heap     ] GC(1) O:                Mark Start          Mark End        Relocate Start      Relocate End           High               Low         
[2026-04-03T01:05:00.082+0600][4.858s][info][gc,heap     ] GC(1) O:  Capacity:      358M (9%)          400M (10%)         400M (10%)         400M (10%)         400M (10%)         358M (9%)     
[2026-04-03T01:05:00.082+0600][4.858s][info][gc,heap     ] GC(1) O:      Free:     3564M (91%)        3790M (97%)        3736M (95%)        3730M (95%)        3804M (97%)        3522M (90%)    
[2026-04-03T01:05:00.083+0600][4.858s][info][gc,heap     ] GC(1) O:      Used:      358M (9%)          132M (3%)          186M (5%)          192M (5%)          400M (10%)         118M (3%)     
[2026-04-03T01:05:00.083+0600][4.858s][info][gc,heap     ] GC(1) O: Old Generation Statistics:
[2026-04-03T01:05:00.083+0600][4.858s][info][gc,heap     ] GC(1) O:                Mark Start          Mark End        Relocate Start      Relocate End    
[2026-04-03T01:05:00.083+0600][4.858s][info][gc,heap     ] GC(1) O:      Used:       10M (0%)           10M (0%)           10M (0%)           16M (0%)     
[2026-04-03T01:05:00.083+0600][4.858s][info][gc,heap     ] GC(1) O:      Live:         -                 3M (0%)            3M (0%)            3M (0%)     
[2026-04-03T01:05:00.083+0600][4.858s][info][gc,heap     ] GC(1) O:   Garbage:         -                 6M (0%)            6M (0%)            1M (0%)     
[2026-04-03T01:05:00.083+0600][4.858s][info][gc,heap     ] GC(1) O: Allocated:         -                 0M (0%)            0M (0%)           10M (0%)     
[2026-04-03T01:05:00.083+0600][4.858s][info][gc,heap     ] GC(1) O: Reclaimed:         -                  -                 0M (0%)            4M (0%)     
[2026-04-03T01:05:00.083+0600][4.858s][info][gc,heap     ] GC(1) O: Compacted:         -                  -                  -                 1M (0%)     
[2026-04-03T01:05:00.083+0600][4.858s][info][gc,phases   ] GC(1) O: Old Generation 118M(3%)->192M(5%) 0.142s
[2026-04-03T01:05:00.083+0600][4.858s][info][gc          ] GC(1) Major Collection (Warmup) 358M(9%)->192M(5%) 0.224s
[2026-04-03T01:05:01.219+0600][5.994s][info][gc          ] GC(2) Major Collection (Warmup)
[2026-04-03T01:05:01.219+0600][5.994s][info][gc,task     ] GC(2) Using 3 Workers for Young Generation
[2026-04-03T01:05:01.219+0600][5.994s][info][gc,task     ] GC(2) Using 1 Workers for Old Generation
[2026-04-03T01:05:01.219+0600][5.994s][info][gc,phases   ] GC(2) Y: Young Generation
[2026-04-03T01:05:01.226+0600][6.001s][info][gc,phases   ] GC(2) Y: Pause Mark Start (Major) 0.038ms
[2026-04-03T01:05:01.275+0600][6.051s][info][gc,phases   ] GC(2) Y: Concurrent Mark 45.543ms
[2026-04-03T01:05:01.279+0600][6.054s][info][gc,phases   ] GC(2) Y: Pause Mark End 0.035ms
[2026-04-03T01:05:01.283+0600][6.058s][info][gc,phases   ] GC(2) Y: Concurrent Mark Free 0.005ms
[2026-04-03T01:05:01.283+0600][6.058s][info][gc,phases   ] GC(2) Y: Concurrent Reset Relocation Set 0.015ms
[2026-04-03T01:05:01.292+0600][6.068s][info][gc,reloc    ] GC(2) Y: Using tenuring threshold: 1 (Computed)
[2026-04-03T01:05:01.298+0600][6.073s][info][gc,phases   ] GC(2) Y: Concurrent Select Relocation Set 15.223ms
[2026-04-03T01:05:01.299+0600][6.074s][info][gc,phases   ] GC(2) Y: Pause Relocate Start 0.030ms
[2026-04-03T01:05:01.313+0600][6.089s][info][gc,phases   ] GC(2) Y: Concurrent Relocate 13.739ms
[2026-04-03T01:05:01.313+0600][6.089s][info][gc,alloc    ] GC(2) Y:                         Mark Start        Mark End      Relocate Start    Relocate End   
[2026-04-03T01:05:01.313+0600][6.089s][info][gc,alloc    ] GC(2) Y: Allocation Stalls:          0                0                0                0         
[2026-04-03T01:05:01.314+0600][6.089s][info][gc,load     ] GC(2) Y: Load: 10.59 (88%) / 6.88 (57%) / 3.78 (32%)
[2026-04-03T01:05:01.314+0600][6.089s][info][gc,mmu      ] GC(2) Y: MMU: 2ms/93.5%, 5ms/97.4%, 10ms/98.7%, 20ms/99.3%, 50ms/99.7%, 100ms/99.9%
[2026-04-03T01:05:01.314+0600][6.089s][info][gc,marking  ] GC(2) Y: Mark: 2 stripe(s), 2 proactive flush(es), 1 terminate flush(es), 0 completion(s), 0 continuation(s) 
[2026-04-03T01:05:01.314+0600][6.089s][info][gc,marking  ] GC(2) Y: Mark Stack Usage: 32M
[2026-04-03T01:05:01.314+0600][6.089s][info][gc,nmethod  ] GC(2) Y: NMethods: 2333 registered, 266 unregistered
[2026-04-03T01:05:01.314+0600][6.089s][info][gc,metaspace] GC(2) Y: Metaspace: 8M used, 9M committed, 1088M reserved
[2026-04-03T01:05:01.314+0600][6.089s][info][gc,reloc    ] GC(2) Y:                        Candidates     Selected     In-Place         Size        Empty    Relocated 
[2026-04-03T01:05:01.314+0600][6.089s][info][gc,reloc    ] GC(2) Y: Small Pages:                  332          158            0         664M         344M           1M 
[2026-04-03T01:05:01.314+0600][6.089s][info][gc,reloc    ] GC(2) Y: Medium Pages:                   1            0            0          32M           0M           0M 
[2026-04-03T01:05:01.314+0600][6.089s][info][gc,reloc    ] GC(2) Y: Large Pages:                    0            0            0           0M           0M           0M 
[2026-04-03T01:05:01.314+0600][6.089s][info][gc,reloc    ] GC(2) Y: Forwarding Usage: 0M
[2026-04-03T01:05:01.314+0600][6.089s][info][gc,reloc    ] GC(2) Y: Age Table:
[2026-04-03T01:05:01.314+0600][6.089s][info][gc,reloc    ] GC(2) Y:                    Live             Garbage             Small              Medium             Large        
[2026-04-03T01:05:01.314+0600][6.089s][info][gc,reloc    ] GC(2) Y: Eden               0M (0%)          633M (16%)        317 / 144            0 / 0              0 / 0        
[2026-04-03T01:05:01.314+0600][6.089s][info][gc,reloc    ] GC(2) Y: Survivor 1         7M (0%)           54M (1%)          15 / 14             1 / 0              0 / 0        
[2026-04-03T01:05:01.314+0600][6.089s][info][gc,heap     ] GC(2) Y: Min Capacity: 8M(0%)
[2026-04-03T01:05:01.314+0600][6.089s][info][gc,heap     ] GC(2) Y: Max Capacity: 3922M(100%)
[2026-04-03T01:05:01.314+0600][6.089s][info][gc,heap     ] GC(2) Y: Soft Max Capacity: 3529M(90%)
[2026-04-03T01:05:01.314+0600][6.089s][info][gc,heap     ] GC(2) Y: Heap Statistics:
[2026-04-03T01:05:01.314+0600][6.089s][info][gc,heap     ] GC(2) Y:                Mark Start          Mark End        Relocate Start      Relocate End           High               Low         
[2026-04-03T01:05:01.314+0600][6.089s][info][gc,heap     ] GC(2) Y:  Capacity:      712M (18%)         750M (19%)         752M (19%)         752M (19%)         752M (19%)         712M (18%)    
[2026-04-03T01:05:01.314+0600][6.089s][info][gc,heap     ] GC(2) Y:      Free:     3210M (82%)        3172M (81%)        3506M (89%)        3768M (96%)        3772M (96%)        3170M (81%)    
[2026-04-03T01:05:01.314+0600][6.089s][info][gc,heap     ] GC(2) Y:      Used:      712M (18%)         750M (19%)         416M (11%)         154M (4%)          752M (19%)         150M (4%)     
[2026-04-03T01:05:01.314+0600][6.089s][info][gc,heap     ] GC(2) Y: Young Generation Statistics:
[2026-04-03T01:05:01.314+0600][6.089s][info][gc,heap     ] GC(2) Y:                Mark Start          Mark End        Relocate Start      Relocate End    
[2026-04-03T01:05:01.314+0600][6.089s][info][gc,heap     ] GC(2) Y:      Used:      696M (18%)         734M (19%)         368M (9%)           78M (2%)     
[2026-04-03T01:05:01.314+0600][6.089s][info][gc,heap     ] GC(2) Y:      Live:         -                 8M (0%)            2M (0%)            0M (0%)     
[2026-04-03T01:05:01.314+0600][6.089s][info][gc,heap     ] GC(2) Y:   Garbage:         -               687M (18%)         317M (8%)            0M (0%)     
[2026-04-03T01:05:01.314+0600][6.089s][info][gc,heap     ] GC(2) Y: Allocated:         -                38M (1%)           48M (1%)           77M (2%)     
[2026-04-03T01:05:01.314+0600][6.089s][info][gc,heap     ] GC(2) Y: Reclaimed:         -                  -               369M (9%)          687M (18%)    
[2026-04-03T01:05:01.314+0600][6.089s][info][gc,heap     ] GC(2) Y:  Promoted:         -                  -                 6M (0%)            7M (0%)     
[2026-04-03T01:05:01.314+0600][6.089s][info][gc,heap     ] GC(2) Y: Compacted:         -                  -                  -                 0M (0%)     
[2026-04-03T01:05:01.314+0600][6.089s][info][gc,phases   ] GC(2) Y: Young Generation 710M(18%)->154M(4%) 0.095s
[2026-04-03T01:05:01.314+0600][6.089s][info][gc,phases   ] GC(2) O: Old Generation
[2026-04-03T01:05:01.369+0600][6.145s][info][gc,phases   ] GC(2) O: Concurrent Mark 55.240ms
[2026-04-03T01:05:01.370+0600][6.145s][info][gc,phases   ] GC(2) O: Pause Mark End 0.034ms
[2026-04-03T01:05:01.373+0600][6.148s][info][gc,phases   ] GC(2) O: Concurrent Mark Free 0.002ms
[2026-04-03T01:05:01.403+0600][6.179s][info][gc,phases   ] GC(2) O: Concurrent Process Non-Strong 30.478ms
[2026-04-03T01:05:01.403+0600][6.179s][info][gc,phases   ] GC(2) O: Concurrent Reset Relocation Set 0.003ms
[2026-04-03T01:05:01.413+0600][6.189s][info][gc,phases   ] GC(2) O: Concurrent Select Relocation Set 10.056ms
[2026-04-03T01:05:01.414+0600][6.189s][info][gc,task     ] GC(2) O: Using 3 Workers for Old Generation
[2026-04-03T01:05:01.473+0600][6.248s][info][gc,task     ] GC(2) O: Using 1 Workers for Old Generation
[2026-04-03T01:05:01.473+0600][6.248s][info][gc,phases   ] GC(2) O: Concurrent Remap Roots 59.352ms
[2026-04-03T01:05:01.473+0600][6.249s][info][gc,phases   ] GC(2) O: Pause Relocate Start 0.035ms
[2026-04-03T01:05:01.484+0600][6.259s][info][gc,phases   ] GC(2) O: Concurrent Relocate 7.216ms
[2026-04-03T01:05:01.484+0600][6.259s][info][gc,alloc    ] GC(2) O:                         Mark Start        Mark End      Relocate Start    Relocate End   
[2026-04-03T01:05:01.484+0600][6.259s][info][gc,alloc    ] GC(2) O: Allocation Stalls:          0                0                0                0         
[2026-04-03T01:05:01.484+0600][6.259s][info][gc,load     ] GC(2) O: Load: 10.59 (88%) / 6.88 (57%) / 3.78 (32%)
[2026-04-03T01:05:01.484+0600][6.259s][info][gc,mmu      ] GC(2) O: MMU: 2ms/93.5%, 5ms/97.4%, 10ms/98.7%, 20ms/99.3%, 50ms/99.7%, 100ms/99.9%
[2026-04-03T01:05:01.484+0600][6.259s][info][gc,marking  ] GC(2) O: Mark: 1 stripe(s), 2 proactive flush(es), 1 terminate flush(es), 0 completion(s), 0 continuation(s) 
[2026-04-03T01:05:01.484+0600][6.259s][info][gc,marking  ] GC(2) O: Mark Stack Usage: 32M
[2026-04-03T01:05:01.484+0600][6.259s][info][gc,nmethod  ] GC(2) O: NMethods: 2219 registered, 399 unregistered
[2026-04-03T01:05:01.484+0600][6.260s][info][gc,metaspace] GC(2) O: Metaspace: 8M used, 9M committed, 1088M reserved
[2026-04-03T01:05:01.484+0600][6.260s][info][gc,ref      ] GC(2) O:                       Encountered   Discovered     Enqueued 
[2026-04-03T01:05:01.484+0600][6.260s][info][gc,ref      ] GC(2) O: Soft References:              321            0            0 
[2026-04-03T01:05:01.484+0600][6.260s][info][gc,ref      ] GC(2) O: Weak References:             1102          137            0 
[2026-04-03T01:05:01.484+0600][6.260s][info][gc,ref      ] GC(2) O: Final References:               3            1            0 
[2026-04-03T01:05:01.484+0600][6.260s][info][gc,ref      ] GC(2) O: Phantom References:            51           12            0 
[2026-04-03T01:05:01.484+0600][6.260s][info][gc,reloc    ] GC(2) O:                        Candidates     Selected     In-Place         Size        Empty    Relocated 
[2026-04-03T01:05:01.484+0600][6.260s][info][gc,reloc    ] GC(2) O: Small Pages:                    8            4            0          16M           2M           0M 
[2026-04-03T01:05:01.484+0600][6.260s][info][gc,reloc    ] GC(2) O: Medium Pages:                   0            0            0           0M           0M           0M 
[2026-04-03T01:05:01.484+0600][6.260s][info][gc,reloc    ] GC(2) O: Large Pages:                    0            0            0           0M           0M           0M 
[2026-04-03T01:05:01.484+0600][6.260s][info][gc,reloc    ] GC(2) O: Forwarding Usage: 0M
[2026-04-03T01:05:01.484+0600][6.260s][info][gc,heap     ] GC(2) O: Min Capacity: 8M(0%)
[2026-04-03T01:05:01.484+0600][6.260s][info][gc,heap     ] GC(2) O: Max Capacity: 3922M(100%)
[2026-04-03T01:05:01.484+0600][6.260s][info][gc,heap     ] GC(2) O: Soft Max Capacity: 3529M(90%)
[2026-04-03T01:05:01.484+0600][6.260s][info][gc,heap     ] GC(2) O: Heap Statistics:
[2026-04-03T01:05:01.484+0600][6.260s][info][gc,heap     ] GC(2) O:                Mark Start          Mark End        Relocate Start      Relocate End           High               Low         
[2026-04-03T01:05:01.484+0600][6.260s][info][gc,heap     ] GC(2) O:  Capacity:      712M (18%)         752M (19%)         752M (19%)         752M (19%)         752M (19%)         712M (18%)    
[2026-04-03T01:05:01.484+0600][6.260s][info][gc,heap     ] GC(2) O:      Free:     3210M (82%)        3728M (95%)        3654M (93%)        3658M (93%)        3772M (96%)        3170M (81%)    
[2026-04-03T01:05:01.484+0600][6.260s][info][gc,heap     ] GC(2) O:      Used:      712M (18%)         194M (5%)          268M (7%)          264M (7%)          752M (19%)         150M (4%)     
[2026-04-03T01:05:01.484+0600][6.260s][info][gc,heap     ] GC(2) O: Old Generation Statistics:
[2026-04-03T01:05:01.484+0600][6.260s][info][gc,heap     ] GC(2) O:                Mark Start          Mark End        Relocate Start      Relocate End    
[2026-04-03T01:05:01.484+0600][6.260s][info][gc,heap     ] GC(2) O:      Used:       16M (0%)           76M (2%)           74M (2%)           66M (2%)     
[2026-04-03T01:05:01.484+0600][6.260s][info][gc,heap     ] GC(2) O:      Live:         -                 3M (0%)            3M (0%)            3M (0%)     
[2026-04-03T01:05:01.484+0600][6.260s][info][gc,heap     ] GC(2) O:   Garbage:         -                12M (0%)           10M (0%)            1M (0%)     
[2026-04-03T01:05:01.485+0600][6.260s][info][gc,heap     ] GC(2) O: Allocated:         -                60M (2%)           60M (2%)           61M (2%)     
[2026-04-03T01:05:01.485+0600][6.260s][info][gc,heap     ] GC(2) O: Reclaimed:         -                  -                 2M (0%)           11M (0%)     
[2026-04-03T01:05:01.485+0600][6.260s][info][gc,heap     ] GC(2) O: Compacted:         -                  -                  -                 0M (0%)     
[2026-04-03T01:05:01.485+0600][6.260s][info][gc,phases   ] GC(2) O: Old Generation 154M(4%)->264M(7%) 0.170s
[2026-04-03T01:05:01.485+0600][6.260s][info][gc          ] GC(2) Major Collection (Warmup) 710M(18%)->268M(7%) 0.266s
[2026-04-03T01:05:02.547+0600][7.323s][info][gc          ] GC(3) Major Collection (Warmup)
[2026-04-03T01:05:02.548+0600][7.323s][info][gc,task     ] GC(3) Using 3 Workers for Young Generation
[2026-04-03T01:05:02.548+0600][7.323s][info][gc,task     ] GC(3) Using 1 Workers for Old Generation
[2026-04-03T01:05:02.548+0600][7.323s][info][gc,phases   ] GC(3) Y: Young Generation
[2026-04-03T01:05:02.552+0600][7.328s][info][gc,phases   ] GC(3) Y: Pause Mark Start (Major) 0.044ms
[2026-04-03T01:05:02.600+0600][7.375s][info][gc,phases   ] GC(3) Y: Concurrent Mark 47.531ms
[2026-04-03T01:05:02.601+0600][7.376s][info][gc,phases   ] GC(3) Y: Pause Mark End 0.034ms
[2026-04-03T01:05:02.601+0600][7.376s][info][gc,phases   ] GC(3) Y: Concurrent Mark Free 0.003ms
[2026-04-03T01:05:02.601+0600][7.376s][info][gc,phases   ] GC(3) Y: Concurrent Reset Relocation Set 0.019ms
[2026-04-03T01:05:02.610+0600][7.386s][info][gc,reloc    ] GC(3) Y: Using tenuring threshold: 2 (Computed)
[2026-04-03T01:05:02.613+0600][7.388s][info][gc,phases   ] GC(3) Y: Concurrent Select Relocation Set 12.108ms
[2026-04-03T01:05:02.616+0600][7.391s][info][gc,phases   ] GC(3) Y: Pause Relocate Start 0.029ms
[2026-04-03T01:05:02.619+0600][7.394s][info][gc,phases   ] GC(3) Y: Concurrent Relocate 2.173ms
[2026-04-03T01:05:02.619+0600][7.394s][info][gc,alloc    ] GC(3) Y:                         Mark Start        Mark End      Relocate Start    Relocate End   
[2026-04-03T01:05:02.619+0600][7.394s][info][gc,alloc    ] GC(3) Y: Allocation Stalls:          0                0                0                0         
[2026-04-03T01:05:02.619+0600][7.394s][info][gc,load     ] GC(3) Y: Load: 10.59 (88%) / 6.88 (57%) / 3.78 (32%)
[2026-04-03T01:05:02.619+0600][7.394s][info][gc,mmu      ] GC(3) Y: MMU: 2ms/93.5%, 5ms/97.4%, 10ms/98.7%, 20ms/99.3%, 50ms/99.7%, 100ms/99.9%
[2026-04-03T01:05:02.619+0600][7.394s][info][gc,marking  ] GC(3) Y: Mark: 2 stripe(s), 2 proactive flush(es), 1 terminate flush(es), 0 completion(s), 0 continuation(s) 
[2026-04-03T01:05:02.619+0600][7.394s][info][gc,marking  ] GC(3) Y: Mark Stack Usage: 32M
[2026-04-03T01:05:02.619+0600][7.394s][info][gc,nmethod  ] GC(3) Y: NMethods: 2338 registered, 399 unregistered
[2026-04-03T01:05:02.619+0600][7.394s][info][gc,metaspace] GC(3) Y: Metaspace: 8M used, 9M committed, 1088M reserved
[2026-04-03T01:05:02.619+0600][7.394s][info][gc,reloc    ] GC(3) Y:                        Candidates     Selected     In-Place         Size        Empty    Relocated 
[2026-04-03T01:05:02.619+0600][7.394s][info][gc,reloc    ] GC(3) Y: Small Pages:                  501          217            0        1002M         566M           1M 
[2026-04-03T01:05:02.619+0600][7.394s][info][gc,reloc    ] GC(3) Y: Medium Pages:                   0            0            0           0M           0M           0M 
[2026-04-03T01:05:02.619+0600][7.394s][info][gc,reloc    ] GC(3) Y: Large Pages:                    0            0            0           0M           0M           0M 
[2026-04-03T01:05:02.619+0600][7.394s][info][gc,reloc    ] GC(3) Y: Forwarding Usage: 0M
[2026-04-03T01:05:02.619+0600][7.394s][info][gc,reloc    ] GC(3) Y: Age Table:
[2026-04-03T01:05:02.619+0600][7.394s][info][gc,reloc    ] GC(3) Y:                    Live             Garbage             Small              Medium             Large        
[2026-04-03T01:05:02.619+0600][7.394s][info][gc,reloc    ] GC(3) Y: Eden               0M (0%)          983M (25%)        492 / 208            0 / 0              0 / 0        
[2026-04-03T01:05:02.619+0600][7.394s][info][gc,reloc    ] GC(3) Y: Survivor 1         0M (0%)           17M (0%)           9 / 9              0 / 0              0 / 0        
[2026-04-03T01:05:02.619+0600][7.394s][info][gc,heap     ] GC(3) Y: Min Capacity: 8M(0%)
[2026-04-03T01:05:02.619+0600][7.394s][info][gc,heap     ] GC(3) Y: Max Capacity: 3922M(100%)
[2026-04-03T01:05:02.619+0600][7.394s][info][gc,heap     ] GC(3) Y: Soft Max Capacity: 3529M(90%)
[2026-04-03T01:05:02.619+0600][7.394s][info][gc,heap     ] GC(3) Y: Heap Statistics:
[2026-04-03T01:05:02.619+0600][7.394s][info][gc,heap     ] GC(3) Y:                Mark Start          Mark End        Relocate Start      Relocate End           High               Low         
[2026-04-03T01:05:02.619+0600][7.394s][info][gc,heap     ] GC(3) Y:  Capacity:     1068M (27%)        1118M (29%)        1118M (29%)        1118M (29%)        1118M (29%)        1068M (27%)    
[2026-04-03T01:05:02.619+0600][7.394s][info][gc,heap     ] GC(3) Y:      Free:     2854M (73%)        2804M (71%)        3352M (85%)        3760M (96%)        3760M (96%)        2804M (71%)    
[2026-04-03T01:05:02.619+0600][7.394s][info][gc,heap     ] GC(3) Y:      Used:     1068M (27%)        1118M (29%)         570M (15%)         162M (4%)         1118M (29%)         162M (4%)     
[2026-04-03T01:05:02.619+0600][7.394s][info][gc,heap     ] GC(3) Y: Young Generation Statistics:
[2026-04-03T01:05:02.619+0600][7.394s][info][gc,heap     ] GC(3) Y:                Mark Start          Mark End        Relocate Start      Relocate End    
[2026-04-03T01:05:02.619+0600][7.394s][info][gc,heap     ] GC(3) Y:      Used:     1002M (26%)        1052M (27%)         504M (13%)          96M (2%)     
[2026-04-03T01:05:02.619+0600][7.394s][info][gc,heap     ] GC(3) Y:      Live:         -                 1M (0%)            1M (0%)            1M (0%)     
[2026-04-03T01:05:02.619+0600][7.394s][info][gc,heap     ] GC(3) Y:   Garbage:         -              1000M (26%)         434M (11%)           0M (0%)     
[2026-04-03T01:05:02.619+0600][7.394s][info][gc,heap     ] GC(3) Y: Allocated:         -                50M (1%)           68M (2%)           94M (2%)     
[2026-04-03T01:05:02.619+0600][7.394s][info][gc,heap     ] GC(3) Y: Reclaimed:         -                  -               566M (14%)        1000M (26%)    
[2026-04-03T01:05:02.619+0600][7.394s][info][gc,heap     ] GC(3) Y:  Promoted:         -                  -                 0M (0%)            0M (0%)     
[2026-04-03T01:05:02.619+0600][7.394s][info][gc,heap     ] GC(3) Y: Compacted:         -                  -                  -                 1M (0%)     
[2026-04-03T01:05:02.619+0600][7.394s][info][gc,phases   ] GC(3) Y: Young Generation 1064M(27%)->162M(4%) 0.071s
[2026-04-03T01:05:02.619+0600][7.394s][info][gc,phases   ] GC(3) O: Old Generation
[2026-04-03T01:05:02.678+0600][7.453s][info][gc,phases   ] GC(3) O: Concurrent Mark 58.369ms
[2026-04-03T01:05:02.678+0600][7.453s][info][gc,phases   ] GC(3) O: Pause Mark End 0.035ms
[2026-04-03T01:05:02.678+0600][7.453s][info][gc,phases   ] GC(3) O: Concurrent Mark Free 0.002ms
[2026-04-03T01:05:02.722+0600][7.497s][info][gc,phases   ] GC(3) O: Concurrent Process Non-Strong 43.907ms
[2026-04-03T01:05:02.722+0600][7.497s][info][gc,phases   ] GC(3) O: Concurrent Reset Relocation Set 0.002ms
[2026-04-03T01:05:02.743+0600][7.518s][info][gc,phases   ] GC(3) O: Concurrent Select Relocation Set 20.643ms
[2026-04-03T01:05:02.743+0600][7.518s][info][gc,task     ] GC(3) O: Using 3 Workers for Old Generation
[2026-04-03T01:05:02.830+0600][7.605s][info][gc,task     ] GC(3) O: Using 1 Workers for Old Generation
[2026-04-03T01:05:02.830+0600][7.605s][info][gc,phases   ] GC(3) O: Concurrent Remap Roots 87.320ms
[2026-04-03T01:05:02.830+0600][7.606s][info][gc,phases   ] GC(3) O: Pause Relocate Start 0.054ms
[2026-04-03T01:05:02.845+0600][7.620s][info][gc,phases   ] GC(3) O: Concurrent Relocate 13.720ms
[2026-04-03T01:05:02.845+0600][7.620s][info][gc,alloc    ] GC(3) O:                         Mark Start        Mark End      Relocate Start    Relocate End   
[2026-04-03T01:05:02.845+0600][7.620s][info][gc,alloc    ] GC(3) O: Allocation Stalls:          0                0                0                0         
[2026-04-03T01:05:02.845+0600][7.620s][info][gc,load     ] GC(3) O: Load: 10.59 (88%) / 6.88 (57%) / 3.78 (32%)
[2026-04-03T01:05:02.845+0600][7.620s][info][gc,mmu      ] GC(3) O: MMU: 2ms/93.5%, 5ms/97.4%, 10ms/98.7%, 20ms/99.3%, 50ms/99.7%, 100ms/99.9%
[2026-04-03T01:05:02.845+0600][7.620s][info][gc,marking  ] GC(3) O: Mark: 1 stripe(s), 2 proactive flush(es), 1 terminate flush(es), 0 completion(s), 0 continuation(s) 
[2026-04-03T01:05:02.845+0600][7.620s][info][gc,marking  ] GC(3) O: Mark Stack Usage: 32M
[2026-04-03T01:05:02.845+0600][7.620s][info][gc,nmethod  ] GC(3) O: NMethods: 2309 registered, 474 unregistered
[2026-04-03T01:05:02.845+0600][7.620s][info][gc,metaspace] GC(3) O: Metaspace: 8M used, 9M committed, 1088M reserved
[2026-04-03T01:05:02.845+0600][7.620s][info][gc,ref      ] GC(3) O:                       Encountered   Discovered     Enqueued 
[2026-04-03T01:05:02.845+0600][7.620s][info][gc,ref      ] GC(3) O: Soft References:              321            0            0 
[2026-04-03T01:05:02.845+0600][7.620s][info][gc,ref      ] GC(3) O: Weak References:             1309          718          243 
[2026-04-03T01:05:02.845+0600][7.620s][info][gc,ref      ] GC(3) O: Final References:               3            1            0 
[2026-04-03T01:05:02.845+0600][7.620s][info][gc,ref      ] GC(3) O: Phantom References:            52           23            0 
[2026-04-03T01:05:02.845+0600][7.620s][info][gc,reloc    ] GC(3) O:                        Candidates     Selected     In-Place         Size        Empty    Relocated 
[2026-04-03T01:05:02.845+0600][7.620s][info][gc,reloc    ] GC(3) O: Small Pages:                   17           14            0          34M           0M           2M 
[2026-04-03T01:05:02.845+0600][7.620s][info][gc,reloc    ] GC(3) O: Medium Pages:                   1            0            0          32M           0M           0M 
[2026-04-03T01:05:02.845+0600][7.620s][info][gc,reloc    ] GC(3) O: Large Pages:                    0            0            0           0M           0M           0M 
[2026-04-03T01:05:02.845+0600][7.620s][info][gc,reloc    ] GC(3) O: Forwarding Usage: 0M
[2026-04-03T01:05:02.845+0600][7.620s][info][gc,heap     ] GC(3) O: Min Capacity: 8M(0%)
[2026-04-03T01:05:02.845+0600][7.620s][info][gc,heap     ] GC(3) O: Max Capacity: 3922M(100%)
[2026-04-03T01:05:02.845+0600][7.620s][info][gc,heap     ] GC(3) O: Soft Max Capacity: 3529M(90%)
[2026-04-03T01:05:02.845+0600][7.620s][info][gc,heap     ] GC(3) O: Heap Statistics:
[2026-04-03T01:05:02.845+0600][7.620s][info][gc,heap     ] GC(3) O:                Mark Start          Mark End        Relocate Start      Relocate End           High               Low         
[2026-04-03T01:05:02.845+0600][7.620s][info][gc,heap     ] GC(3) O:  Capacity:     1068M (27%)        1118M (29%)        1118M (29%)        1118M (29%)        1118M (29%)        1068M (27%)    
[2026-04-03T01:05:02.845+0600][7.620s][info][gc,heap     ] GC(3) O:      Free:     2854M (73%)        3688M (94%)        3508M (89%)        3494M (89%)        3760M (96%)        2804M (71%)    
[2026-04-03T01:05:02.845+0600][7.620s][info][gc,heap     ] GC(3) O:      Used:     1068M (27%)         234M (6%)          414M (11%)         428M (11%)        1118M (29%)         162M (4%)     
[2026-04-03T01:05:02.845+0600][7.620s][info][gc,heap     ] GC(3) O: Old Generation Statistics:
[2026-04-03T01:05:02.845+0600][7.620s][info][gc,heap     ] GC(3) O:                Mark Start          Mark End        Relocate Start      Relocate End    
[2026-04-03T01:05:02.845+0600][7.620s][info][gc,heap     ] GC(3) O:      Used:       66M (2%)           66M (2%)           66M (2%)           60M (2%)     
[2026-04-03T01:05:02.845+0600][7.620s][info][gc,heap     ] GC(3) O:      Live:         -                10M (0%)           10M (0%)           10M (0%)     
[2026-04-03T01:05:02.845+0600][7.620s][info][gc,heap     ] GC(3) O:   Garbage:         -                55M (1%)           55M (1%)           26M (1%)     
[2026-04-03T01:05:02.845+0600][7.620s][info][gc,heap     ] GC(3) O: Allocated:         -                 0M (0%)            0M (0%)           22M (1%)     
[2026-04-03T01:05:02.845+0600][7.621s][info][gc,heap     ] GC(3) O: Reclaimed:         -                  -                 0M (0%)           28M (1%)     
[2026-04-03T01:05:02.845+0600][7.621s][info][gc,heap     ] GC(3) O: Compacted:         -                  -                  -                 3M (0%)     
[2026-04-03T01:05:02.845+0600][7.621s][info][gc,phases   ] GC(3) O: Old Generation 162M(4%)->428M(11%) 0.226s
[2026-04-03T01:05:02.845+0600][7.621s][info][gc          ] GC(3) Major Collection (Warmup) 1064M(27%)->428M(11%) 0.298s
[2026-04-03T01:05:04.991+0600][9.766s][info][gc          ] GC(4) Minor Collection (Allocation Rate)
[2026-04-03T01:05:04.991+0600][9.766s][info][gc,task     ] GC(4) Using 1 Workers for Young Generation
[2026-04-03T01:05:04.991+0600][9.766s][info][gc,phases   ] GC(4) y: Young Generation
[2026-04-03T01:05:04.999+0600][9.774s][info][gc,phases   ] GC(4) y: Pause Mark Start 0.026ms
[2026-04-03T01:05:05.067+0600][9.842s][info][gc,phases   ] GC(4) y: Concurrent Mark 64.368ms
[2026-04-03T01:05:05.069+0600][9.844s][info][gc,phases   ] GC(4) y: Pause Mark End 0.030ms
[2026-04-03T01:05:05.070+0600][9.845s][info][gc,phases   ] GC(4) y: Concurrent Mark Free 0.001ms
[2026-04-03T01:05:05.070+0600][9.845s][info][gc,phases   ] GC(4) y: Concurrent Reset Relocation Set 0.022ms
[2026-04-03T01:05:05.077+0600][9.852s][info][gc,reloc    ] GC(4) y: Using tenuring threshold: 3 (Computed)
[2026-04-03T01:05:05.079+0600][9.854s][info][gc,phases   ] GC(4) y: Concurrent Select Relocation Set 9.031ms
[2026-04-03T01:05:05.079+0600][9.854s][info][gc,phases   ] GC(4) y: Pause Relocate Start 0.025ms
[2026-04-03T01:05:05.087+0600][9.862s][info][gc,phases   ] GC(4) y: Concurrent Relocate 7.508ms
[2026-04-03T01:05:05.087+0600][9.862s][info][gc,alloc    ] GC(4) y:                         Mark Start        Mark End      Relocate Start    Relocate End   
[2026-04-03T01:05:05.087+0600][9.862s][info][gc,alloc    ] GC(4) y: Allocation Stalls:          0                0                0                0         
[2026-04-03T01:05:05.087+0600][9.862s][info][gc,load     ] GC(4) y: Load: 11.43 (95%) / 7.12 (59%) / 3.87 (32%)
[2026-04-03T01:05:05.087+0600][9.862s][info][gc,mmu      ] GC(4) y: MMU: 2ms/93.5%, 5ms/97.4%, 10ms/98.7%, 20ms/99.3%, 50ms/99.7%, 100ms/99.9%
[2026-04-03T01:05:05.087+0600][9.862s][info][gc,marking  ] GC(4) y: Mark: 1 stripe(s), 3 proactive flush(es), 1 terminate flush(es), 0 completion(s), 0 continuation(s) 
[2026-04-03T01:05:05.087+0600][9.862s][info][gc,marking  ] GC(4) y: Mark Stack Usage: 32M
[2026-04-03T01:05:05.087+0600][9.862s][info][gc,nmethod  ] GC(4) y: NMethods: 2477 registered, 0 unregistered
[2026-04-03T01:05:05.087+0600][9.862s][info][gc,metaspace] GC(4) y: Metaspace: 8M used, 9M committed, 1088M reserved
[2026-04-03T01:05:05.087+0600][9.862s][info][gc,reloc    ] GC(4) y:                        Candidates     Selected     In-Place         Size        Empty    Relocated 
[2026-04-03T01:05:05.087+0600][9.862s][info][gc,reloc    ] GC(4) y: Small Pages:                 1359          524            0        2718M        1668M           1M 
[2026-04-03T01:05:05.087+0600][9.862s][info][gc,reloc    ] GC(4) y: Medium Pages:                   0            0            0           0M           0M           0M 
[2026-04-03T01:05:05.087+0600][9.862s][info][gc,reloc    ] GC(4) y: Large Pages:                    0            0            0           0M           0M           0M 
[2026-04-03T01:05:05.087+0600][9.862s][info][gc,reloc    ] GC(4) y: Forwarding Usage: 0M
[2026-04-03T01:05:05.087+0600][9.862s][info][gc,reloc    ] GC(4) y: Age Table:
[2026-04-03T01:05:05.087+0600][9.862s][info][gc,reloc    ] GC(4) y:                    Live             Garbage             Small              Medium             Large        
[2026-04-03T01:05:05.087+0600][9.863s][info][gc,reloc    ] GC(4) y: Eden               1M (0%)         2692M (69%)       1347 / 516            0 / 0              0 / 0        
[2026-04-03T01:05:05.087+0600][9.863s][info][gc,reloc    ] GC(4) y: Survivor 1         0M (0%)           17M (0%)           9 / 5              0 / 0              0 / 0        
[2026-04-03T01:05:05.087+0600][9.863s][info][gc,reloc    ] GC(4) y: Survivor 2         0M (0%)            5M (0%)           3 / 3              0 / 0              0 / 0        
[2026-04-03T01:05:05.087+0600][9.863s][info][gc,heap     ] GC(4) y: Min Capacity: 8M(0%)
[2026-04-03T01:05:05.087+0600][9.863s][info][gc,heap     ] GC(4) y: Max Capacity: 3922M(100%)
[2026-04-03T01:05:05.087+0600][9.863s][info][gc,heap     ] GC(4) y: Soft Max Capacity: 3529M(90%)
[2026-04-03T01:05:05.087+0600][9.863s][info][gc,heap     ] GC(4) y: Heap Statistics:
[2026-04-03T01:05:05.087+0600][9.863s][info][gc,heap     ] GC(4) y:                Mark Start          Mark End        Relocate Start      Relocate End           High               Low         
[2026-04-03T01:05:05.087+0600][9.863s][info][gc,heap     ] GC(4) y:  Capacity:     2778M (71%)        2860M (73%)        2862M (73%)        2862M (73%)        2862M (73%)        2778M (71%)    
[2026-04-03T01:05:05.087+0600][9.863s][info][gc,heap     ] GC(4) y:      Free:     1144M (29%)        1062M (27%)        2716M (69%)        3706M (94%)        3706M (94%)        1060M (27%)    
[2026-04-03T01:05:05.087+0600][9.863s][info][gc,heap     ] GC(4) y:      Used:     2778M (71%)        2860M (73%)        1206M (31%)         216M (6%)         2862M (73%)         216M (6%)     
[2026-04-03T01:05:05.087+0600][9.863s][info][gc,heap     ] GC(4) y: Young Generation Statistics:
[2026-04-03T01:05:05.087+0600][9.863s][info][gc,heap     ] GC(4) y:                Mark Start          Mark End        Relocate Start      Relocate End    
[2026-04-03T01:05:05.087+0600][9.863s][info][gc,heap     ] GC(4) y:      Used:     2718M (69%)        2800M (71%)        1146M (29%)         156M (4%)     
[2026-04-03T01:05:05.087+0600][9.863s][info][gc,heap     ] GC(4) y:      Live:         -                 1M (0%)            1M (0%)            1M (0%)     
[2026-04-03T01:05:05.087+0600][9.863s][info][gc,heap     ] GC(4) y:   Garbage:         -              2716M (69%)        1048M (27%)           0M (0%)     
[2026-04-03T01:05:05.087+0600][9.863s][info][gc,heap     ] GC(4) y: Allocated:         -                82M (2%)           96M (2%)          154M (4%)     
[2026-04-03T01:05:05.087+0600][9.863s][info][gc,heap     ] GC(4) y: Reclaimed:         -                  -              1668M (43%)        2716M (69%)    
[2026-04-03T01:05:05.087+0600][9.863s][info][gc,heap     ] GC(4) y:  Promoted:         -                  -                 0M (0%)            0M (0%)     
[2026-04-03T01:05:05.087+0600][9.863s][info][gc,heap     ] GC(4) y: Compacted:         -                  -                  -                 1M (0%)     
[2026-04-03T01:05:05.087+0600][9.863s][info][gc,phases   ] GC(4) y: Young Generation 2778M(71%)->216M(6%) 0.096s
[2026-04-03T01:05:05.088+0600][9.863s][info][gc          ] GC(4) Minor Collection (Allocation Rate) 2778M(71%)->216M(6%) 0.097s
[2026-04-03T01:05:06.173+0600][10.948s][info][gc          ] GC(5) Minor Collection (Allocation Rate)
[2026-04-03T01:05:06.173+0600][10.948s][info][gc,task     ] GC(5) Using 1 Workers for Young Generation
[2026-04-03T01:05:06.173+0600][10.948s][info][gc,phases   ] GC(5) y: Young Generation
[2026-04-03T01:05:06.173+0600][10.948s][info][gc,phases   ] GC(5) y: Pause Mark Start 0.046ms
[2026-04-03T01:05:06.211+0600][10.986s][info][gc,phases   ] GC(5) y: Concurrent Mark 37.588ms
[2026-04-03T01:05:06.211+0600][10.987s][info][gc,phases   ] GC(5) y: Pause Mark End 0.028ms
[2026-04-03T01:05:06.211+0600][10.987s][info][gc,phases   ] GC(5) y: Concurrent Mark Free 0.001ms
[2026-04-03T01:05:06.212+0600][10.987s][info][gc,phases   ] GC(5) y: Concurrent Reset Relocation Set 0.046ms
[2026-04-03T01:05:06.218+0600][10.993s][info][gc,reloc    ] GC(5) y: Using tenuring threshold: 4 (Computed)
[2026-04-03T01:05:06.218+0600][10.994s][info][gc,phases   ] GC(5) y: Concurrent Select Relocation Set 6.963ms
[2026-04-03T01:05:06.219+0600][10.994s][info][gc,phases   ] GC(5) y: Pause Relocate Start 0.023ms
[2026-04-03T01:05:06.234+0600][11.009s][info][gc,phases   ] GC(5) y: Concurrent Relocate 11.842ms
[2026-04-03T01:05:06.234+0600][11.009s][info][gc,alloc    ] GC(5) y:                         Mark Start        Mark End      Relocate Start    Relocate End   
[2026-04-03T01:05:06.234+0600][11.009s][info][gc,alloc    ] GC(5) y: Allocation Stalls:          0                0                0                0         
[2026-04-03T01:05:06.234+0600][11.009s][info][gc,load     ] GC(5) y: Load: 11.43 (95%) / 7.12 (59%) / 3.87 (32%)
[2026-04-03T01:05:06.234+0600][11.009s][info][gc,mmu      ] GC(5) y: MMU: 2ms/93.5%, 5ms/97.4%, 10ms/98.7%, 20ms/99.3%, 50ms/99.7%, 100ms/99.9%
[2026-04-03T01:05:06.234+0600][11.009s][info][gc,marking  ] GC(5) y: Mark: 1 stripe(s), 3 proactive flush(es), 1 terminate flush(es), 0 completion(s), 0 continuation(s) 
[2026-04-03T01:05:06.234+0600][11.009s][info][gc,marking  ] GC(5) y: Mark Stack Usage: 32M
[2026-04-03T01:05:06.234+0600][11.009s][info][gc,nmethod  ] GC(5) y: NMethods: 2552 registered, 0 unregistered
[2026-04-03T01:05:06.234+0600][11.009s][info][gc,metaspace] GC(5) y: Metaspace: 8M used, 9M committed, 1088M reserved
[2026-04-03T01:05:06.234+0600][11.009s][info][gc,reloc    ] GC(5) y:                        Candidates     Selected     In-Place         Size        Empty    Relocated 
[2026-04-03T01:05:06.234+0600][11.009s][info][gc,reloc    ] GC(5) y: Small Pages:                 1259          490            0        2518M        1534M           1M 
[2026-04-03T01:05:06.234+0600][11.009s][info][gc,reloc    ] GC(5) y: Medium Pages:                   0            0            0           0M           0M           0M 
[2026-04-03T01:05:06.234+0600][11.009s][info][gc,reloc    ] GC(5) y: Large Pages:                    0            0            0           0M           0M           0M 
[2026-04-03T01:05:06.234+0600][11.009s][info][gc,reloc    ] GC(5) y: Forwarding Usage: 0M
[2026-04-03T01:05:06.234+0600][11.009s][info][gc,reloc    ] GC(5) y: Age Table:
[2026-04-03T01:05:06.234+0600][11.010s][info][gc,reloc    ] GC(5) y:                    Live             Garbage             Small              Medium             Large        
[2026-04-03T01:05:06.234+0600][11.010s][info][gc,reloc    ] GC(5) y: Eden               1M (0%)         2470M (63%)       1236 / 472            0 / 0              0 / 0        
[2026-04-03T01:05:06.234+0600][11.010s][info][gc,reloc    ] GC(5) y: Survivor 1         0M (0%)           23M (1%)          12 / 7              0 / 0              0 / 0        
[2026-04-03T01:05:06.234+0600][11.010s][info][gc,reloc    ] GC(5) y: Survivor 2         0M (0%)           13M (0%)           7 / 7              0 / 0              0 / 0        
[2026-04-03T01:05:06.234+0600][11.010s][info][gc,reloc    ] GC(5) y: Survivor 3         0M (0%)            7M (0%)           4 / 4              0 / 0              0 / 0        
[2026-04-03T01:05:06.234+0600][11.010s][info][gc,heap     ] GC(5) y: Min Capacity: 8M(0%)
[2026-04-03T01:05:06.234+0600][11.010s][info][gc,heap     ] GC(5) y: Max Capacity: 3922M(100%)
[2026-04-03T01:05:06.234+0600][11.010s][info][gc,heap     ] GC(5) y: Soft Max Capacity: 3529M(90%)
[2026-04-03T01:05:06.234+0600][11.010s][info][gc,heap     ] GC(5) y: Heap Statistics:
[2026-04-03T01:05:06.234+0600][11.010s][info][gc,heap     ] GC(5) y:                Mark Start          Mark End        Relocate Start      Relocate End           High               Low         
[2026-04-03T01:05:06.234+0600][11.010s][info][gc,heap     ] GC(5) y:  Capacity:     2862M (73%)        2862M (73%)        2862M (73%)        2862M (73%)        2862M (73%)        2862M (73%)    
[2026-04-03T01:05:06.234+0600][11.010s][info][gc,heap     ] GC(5) y:      Free:     1344M (34%)        1238M (32%)        2758M (70%)        3662M (93%)        3672M (94%)        1238M (32%)    
[2026-04-03T01:05:06.234+0600][11.010s][info][gc,heap     ] GC(5) y:      Used:     2578M (66%)        2684M (68%)        1164M (30%)         260M (7%)         2684M (68%)         250M (6%)     
[2026-04-03T01:05:06.234+0600][11.010s][info][gc,heap     ] GC(5) y: Young Generation Statistics:
[2026-04-03T01:05:06.234+0600][11.010s][info][gc,heap     ] GC(5) y:                Mark Start          Mark End        Relocate Start      Relocate End    
[2026-04-03T01:05:06.234+0600][11.010s][info][gc,heap     ] GC(5) y:      Used:     2518M (64%)        2624M (67%)        1104M (28%)         200M (5%)     
[2026-04-03T01:05:06.234+0600][11.010s][info][gc,heap     ] GC(5) y:      Live:         -                 2M (0%)            2M (0%)            2M (0%)     
[2026-04-03T01:05:06.234+0600][11.010s][info][gc,heap     ] GC(5) y:   Garbage:         -              2515M (64%)         981M (25%)           1M (0%)     
[2026-04-03T01:05:06.234+0600][11.010s][info][gc,heap     ] GC(5) y: Allocated:         -               106M (3%)          120M (3%)          196M (5%)     
[2026-04-03T01:05:06.234+0600][11.010s][info][gc,heap     ] GC(5) y: Reclaimed:         -                  -              1534M (39%)        2514M (64%)    
[2026-04-03T01:05:06.234+0600][11.010s][info][gc,heap     ] GC(5) y:  Promoted:         -                  -                 0M (0%)            0M (0%)     
[2026-04-03T01:05:06.234+0600][11.010s][info][gc,heap     ] GC(5) y: Compacted:         -                  -                  -                 1M (0%)     
[2026-04-03T01:05:06.234+0600][11.010s][info][gc,phases   ] GC(5) y: Young Generation 2576M(66%)->260M(7%) 0.061s
[2026-04-03T01:05:06.235+0600][11.010s][info][gc          ] GC(5) Minor Collection (Allocation Rate) 2576M(66%)->262M(7%) 0.062s
[2026-04-03T01:05:07.394+0600][12.170s][info][gc          ] GC(6) Minor Collection (Allocation Rate)
[2026-04-03T01:05:07.394+0600][12.170s][info][gc,task     ] GC(6) Using 1 Workers for Young Generation
[2026-04-03T01:05:07.394+0600][12.170s][info][gc,phases   ] GC(6) y: Young Generation
[2026-04-03T01:05:07.395+0600][12.170s][info][gc,phases   ] GC(6) y: Pause Mark Start 0.037ms
[2026-04-03T01:05:07.468+0600][12.244s][info][gc,phases   ] GC(6) y: Concurrent Mark 73.513ms
[2026-04-03T01:05:07.473+0600][12.248s][info][gc,phases   ] GC(6) y: Pause Mark End 0.037ms
[2026-04-03T01:05:07.476+0600][12.252s][info][gc,phases   ] GC(6) y: Concurrent Mark Free 0.003ms
[2026-04-03T01:05:07.477+0600][12.252s][info][gc,phases   ] GC(6) y: Concurrent Reset Relocation Set 0.037ms
[2026-04-03T01:05:07.484+0600][12.259s][info][gc,reloc    ] GC(6) y: Using tenuring threshold: 5 (Computed)
[2026-04-03T01:05:07.486+0600][12.261s][info][gc,phases   ] GC(6) y: Concurrent Select Relocation Set 9.480ms
[2026-04-03T01:05:07.487+0600][12.262s][info][gc,phases   ] GC(6) y: Pause Relocate Start 0.029ms
[2026-04-03T01:05:07.500+0600][12.275s][info][gc,phases   ] GC(6) y: Concurrent Relocate 12.770ms
[2026-04-03T01:05:07.500+0600][12.275s][info][gc,alloc    ] GC(6) y:                         Mark Start        Mark End      Relocate Start    Relocate End   
[2026-04-03T01:05:07.500+0600][12.275s][info][gc,alloc    ] GC(6) y: Allocation Stalls:          0                0                0                0         
[2026-04-03T01:05:07.500+0600][12.275s][info][gc,load     ] GC(6) y: Load: 11.43 (95%) / 7.12 (59%) / 3.87 (32%)
[2026-04-03T01:05:07.500+0600][12.275s][info][gc,mmu      ] GC(6) y: MMU: 2ms/93.5%, 5ms/97.4%, 10ms/98.7%, 20ms/99.3%, 50ms/99.7%, 100ms/99.9%
[2026-04-03T01:05:07.500+0600][12.275s][info][gc,marking  ] GC(6) y: Mark: 1 stripe(s), 3 proactive flush(es), 1 terminate flush(es), 0 completion(s), 0 continuation(s) 
[2026-04-03T01:05:07.500+0600][12.275s][info][gc,marking  ] GC(6) y: Mark Stack Usage: 32M
[2026-04-03T01:05:07.500+0600][12.275s][info][gc,nmethod  ] GC(6) y: NMethods: 2569 registered, 0 unregistered
[2026-04-03T01:05:07.500+0600][12.275s][info][gc,metaspace] GC(6) y: Metaspace: 8M used, 9M committed, 1088M reserved
[2026-04-03T01:05:07.500+0600][12.275s][info][gc,reloc    ] GC(6) y:                        Candidates     Selected     In-Place         Size        Empty    Relocated 
[2026-04-03T01:05:07.500+0600][12.275s][info][gc,reloc    ] GC(6) y: Small Pages:                 1387          513            0        2774M        1744M           2M 
[2026-04-03T01:05:07.500+0600][12.275s][info][gc,reloc    ] GC(6) y: Medium Pages:                   0            0            0           0M           0M           0M 
[2026-04-03T01:05:07.500+0600][12.275s][info][gc,reloc    ] GC(6) y: Large Pages:                    0            0            0           0M           0M           0M 
[2026-04-03T01:05:07.500+0600][12.275s][info][gc,reloc    ] GC(6) y: Forwarding Usage: 0M
[2026-04-03T01:05:07.500+0600][12.275s][info][gc,reloc    ] GC(6) y: Age Table:
[2026-04-03T01:05:07.500+0600][12.275s][info][gc,reloc    ] GC(6) y:                    Live             Garbage             Small              Medium             Large        
[2026-04-03T01:05:07.500+0600][12.275s][info][gc,reloc    ] GC(6) y: Eden               1M (0%)         2726M (70%)       1364 / 491            0 / 0              0 / 0        
[2026-04-03T01:05:07.500+0600][12.275s][info][gc,reloc    ] GC(6) y: Survivor 1         0M (0%)           25M (1%)          13 / 12             0 / 0              0 / 0        
[2026-04-03T01:05:07.500+0600][12.275s][info][gc,reloc    ] GC(6) y: Survivor 2         0M (0%)            3M (0%)           2 / 2              0 / 0              0 / 0        
[2026-04-03T01:05:07.500+0600][12.275s][info][gc,reloc    ] GC(6) y: Survivor 3         0M (0%)            7M (0%)           4 / 4              0 / 0              0 / 0        
[2026-04-03T01:05:07.500+0600][12.275s][info][gc,reloc    ] GC(6) y: Survivor 4         0M (0%)            7M (0%)           4 / 4              0 / 0              0 / 0        
[2026-04-03T01:05:07.500+0600][12.275s][info][gc,heap     ] GC(6) y: Min Capacity: 8M(0%)
[2026-04-03T01:05:07.500+0600][12.275s][info][gc,heap     ] GC(6) y: Max Capacity: 3922M(100%)
[2026-04-03T01:05:07.500+0600][12.275s][info][gc,heap     ] GC(6) y: Soft Max Capacity: 3529M(90%)
[2026-04-03T01:05:07.500+0600][12.275s][info][gc,heap     ] GC(6) y: Heap Statistics:
[2026-04-03T01:05:07.500+0600][12.275s][info][gc,heap     ] GC(6) y:                Mark Start          Mark End        Relocate Start      Relocate End           High               Low         
[2026-04-03T01:05:07.500+0600][12.276s][info][gc,heap     ] GC(6) y:  Capacity:     2862M (73%)        2934M (75%)        2938M (75%)        2938M (75%)        2938M (75%)        2862M (73%)    
[2026-04-03T01:05:07.500+0600][12.276s][info][gc,heap     ] GC(6) y:      Free:     1088M (28%)         988M (25%)        2716M (69%)        3668M (94%)        3684M (94%)         984M (25%)    
[2026-04-03T01:05:07.500+0600][12.276s][info][gc,heap     ] GC(6) y:      Used:     2834M (72%)        2934M (75%)        1206M (31%)         254M (6%)         2938M (75%)         238M (6%)     
[2026-04-03T01:05:07.500+0600][12.276s][info][gc,heap     ] GC(6) y: Young Generation Statistics:
[2026-04-03T01:05:07.500+0600][12.276s][info][gc,heap     ] GC(6) y:                Mark Start          Mark End        Relocate Start      Relocate End    
[2026-04-03T01:05:07.500+0600][12.276s][info][gc,heap     ] GC(6) y:      Used:     2774M (71%)        2874M (73%)        1146M (29%)         194M (5%)     
[2026-04-03T01:05:07.500+0600][12.276s][info][gc,heap     ] GC(6) y:      Live:         -                 2M (0%)            2M (0%)            2M (0%)     
[2026-04-03T01:05:07.500+0600][12.276s][info][gc,heap     ] GC(6) y:   Garbage:         -              2771M (71%)        1027M (26%)           0M (0%)     
[2026-04-03T01:05:07.500+0600][12.276s][info][gc,heap     ] GC(6) y: Allocated:         -               100M (3%)          116M (3%)          191M (5%)     
[2026-04-03T01:05:07.500+0600][12.276s][info][gc,heap     ] GC(6) y: Reclaimed:         -                  -              1744M (44%)        2771M (71%)    
[2026-04-03T01:05:07.500+0600][12.276s][info][gc,heap     ] GC(6) y:  Promoted:         -                  -                 0M (0%)            0M (0%)     
[2026-04-03T01:05:07.500+0600][12.276s][info][gc,heap     ] GC(6) y: Compacted:         -                  -                  -                 2M (0%)     
[2026-04-03T01:05:07.500+0600][12.276s][info][gc,phases   ] GC(6) y: Young Generation 2834M(72%)->254M(6%) 0.105s
[2026-04-03T01:05:07.500+0600][12.276s][info][gc          ] GC(6) Minor Collection (Allocation Rate) 2834M(72%)->254M(6%) 0.106s
[2026-04-03T01:05:08.629+0600][13.404s][info][gc          ] GC(7) Minor Collection (Allocation Rate)
[2026-04-03T01:05:08.629+0600][13.404s][info][gc,task     ] GC(7) Using 1 Workers for Young Generation
[2026-04-03T01:05:08.629+0600][13.404s][info][gc,phases   ] GC(7) y: Young Generation
[2026-04-03T01:05:08.636+0600][13.411s][info][gc,phases   ] GC(7) y: Pause Mark Start 0.032ms
[2026-04-03T01:05:08.723+0600][13.499s][info][gc,phases   ] GC(7) y: Concurrent Mark 83.498ms
[2026-04-03T01:05:08.728+0600][13.503s][info][gc,phases   ] GC(7) y: Pause Mark End 0.031ms
[2026-04-03T01:05:08.731+0600][13.506s][info][gc,phases   ] GC(7) y: Concurrent Mark Free 0.002ms
[2026-04-03T01:05:08.731+0600][13.506s][info][gc,phases   ] GC(7) y: Concurrent Reset Relocation Set 0.041ms
[2026-04-03T01:05:08.737+0600][13.512s][info][gc,reloc    ] GC(7) y: Using tenuring threshold: 6 (Computed)
[2026-04-03T01:05:08.741+0600][13.517s][info][gc,phases   ] GC(7) y: Concurrent Select Relocation Set 10.392ms
[2026-04-03T01:05:08.742+0600][13.517s][info][gc,phases   ] GC(7) y: Pause Relocate Start 0.023ms
[2026-04-03T01:05:08.759+0600][13.534s][info][gc,phases   ] GC(7) y: Concurrent Relocate 16.754ms
[2026-04-03T01:05:08.759+0600][13.534s][info][gc,alloc    ] GC(7) y:                         Mark Start        Mark End      Relocate Start    Relocate End   
[2026-04-03T01:05:08.759+0600][13.534s][info][gc,alloc    ] GC(7) y: Allocation Stalls:          0                0                0                0         
[2026-04-03T01:05:08.759+0600][13.534s][info][gc,load     ] GC(7) y: Load: 11.43 (95%) / 7.12 (59%) / 3.87 (32%)
[2026-04-03T01:05:08.759+0600][13.534s][info][gc,mmu      ] GC(7) y: MMU: 2ms/93.5%, 5ms/97.4%, 10ms/98.7%, 20ms/99.3%, 50ms/99.7%, 100ms/99.9%
[2026-04-03T01:05:08.759+0600][13.534s][info][gc,marking  ] GC(7) y: Mark: 1 stripe(s), 3 proactive flush(es), 1 terminate flush(es), 0 completion(s), 0 continuation(s) 
[2026-04-03T01:05:08.759+0600][13.534s][info][gc,marking  ] GC(7) y: Mark Stack Usage: 32M
[2026-04-03T01:05:08.759+0600][13.534s][info][gc,nmethod  ] GC(7) y: NMethods: 2595 registered, 0 unregistered
[2026-04-03T01:05:08.759+0600][13.534s][info][gc,metaspace] GC(7) y: Metaspace: 8M used, 9M committed, 1088M reserved
[2026-04-03T01:05:08.759+0600][13.534s][info][gc,reloc    ] GC(7) y:                        Candidates     Selected     In-Place         Size        Empty    Relocated 
[2026-04-03T01:05:08.759+0600][13.534s][info][gc,reloc    ] GC(7) y: Small Pages:                 1450          548            0        2900M        1798M           2M 
[2026-04-03T01:05:08.759+0600][13.534s][info][gc,reloc    ] GC(7) y: Medium Pages:                   0            0            0           0M           0M           0M 
[2026-04-03T01:05:08.759+0600][13.534s][info][gc,reloc    ] GC(7) y: Large Pages:                    0            0            0           0M           0M           0M 
[2026-04-03T01:05:08.759+0600][13.534s][info][gc,reloc    ] GC(7) y: Forwarding Usage: 0M
[2026-04-03T01:05:08.759+0600][13.534s][info][gc,reloc    ] GC(7) y: Age Table:
[2026-04-03T01:05:08.759+0600][13.534s][info][gc,reloc    ] GC(7) y:                    Live             Garbage             Small              Medium             Large        
[2026-04-03T01:05:08.759+0600][13.534s][info][gc,reloc    ] GC(7) y: Eden               1M (0%)         2848M (73%)       1425 / 527            0 / 0              0 / 0        
[2026-04-03T01:05:08.759+0600][13.534s][info][gc,reloc    ] GC(7) y: Survivor 1         0M (0%)           17M (0%)           9 / 7              0 / 0              0 / 0        
[2026-04-03T01:05:08.759+0600][13.534s][info][gc,reloc    ] GC(7) y: Survivor 2         0M (0%)           17M (0%)           9 / 7              0 / 0              0 / 0        
[2026-04-03T01:05:08.759+0600][13.534s][info][gc,reloc    ] GC(7) y: Survivor 3         0M (0%)            5M (0%)           3 / 3              0 / 0              0 / 0        
[2026-04-03T01:05:08.759+0600][13.534s][info][gc,reloc    ] GC(7) y: Survivor 4         0M (0%)            5M (0%)           3 / 3              0 / 0              0 / 0        
[2026-04-03T01:05:08.759+0600][13.534s][info][gc,reloc    ] GC(7) y: Survivor 5         0M (0%)            1M (0%)           1 / 1              0 / 0              0 / 0        
[2026-04-03T01:05:08.759+0600][13.534s][info][gc,heap     ] GC(7) y: Min Capacity: 8M(0%)
[2026-04-03T01:05:08.759+0600][13.534s][info][gc,heap     ] GC(7) y: Max Capacity: 3922M(100%)
[2026-04-03T01:05:08.759+0600][13.534s][info][gc,heap     ] GC(7) y: Soft Max Capacity: 3529M(90%)
[2026-04-03T01:05:08.759+0600][13.534s][info][gc,heap     ] GC(7) y: Heap Statistics:
[2026-04-03T01:05:08.759+0600][13.534s][info][gc,heap     ] GC(7) y:                Mark Start          Mark End        Relocate Start      Relocate End           High               Low         
[2026-04-03T01:05:08.759+0600][13.534s][info][gc,heap     ] GC(7) y:  Capacity:     2960M (75%)        3058M (78%)        3062M (78%)        3062M (78%)        3062M (78%)        2960M (75%)    
[2026-04-03T01:05:08.759+0600][13.534s][info][gc,heap     ] GC(7) y:      Free:      962M (25%)         864M (22%)        2648M (68%)        3662M (93%)        3670M (94%)         860M (22%)    
[2026-04-03T01:05:08.759+0600][13.534s][info][gc,heap     ] GC(7) y:      Used:     2960M (75%)        3058M (78%)        1274M (32%)         260M (7%)         3062M (78%)         252M (6%)     
[2026-04-03T01:05:08.759+0600][13.534s][info][gc,heap     ] GC(7) y: Young Generation Statistics:
[2026-04-03T01:05:08.759+0600][13.534s][info][gc,heap     ] GC(7) y:                Mark Start          Mark End        Relocate Start      Relocate End    
[2026-04-03T01:05:08.759+0600][13.534s][info][gc,heap     ] GC(7) y:      Used:     2900M (74%)        2998M (76%)        1214M (31%)         200M (5%)     
[2026-04-03T01:05:08.759+0600][13.534s][info][gc,heap     ] GC(7) y:      Live:         -                 3M (0%)            3M (0%)            3M (0%)     
[2026-04-03T01:05:08.759+0600][13.534s][info][gc,heap     ] GC(7) y:   Garbage:         -              2896M (74%)        1098M (28%)           1M (0%)     
[2026-04-03T01:05:08.759+0600][13.534s][info][gc,heap     ] GC(7) y: Allocated:         -                98M (2%)          112M (3%)          195M (5%)     
[2026-04-03T01:05:08.759+0600][13.534s][info][gc,heap     ] GC(7) y: Reclaimed:         -                  -              1798M (46%)        2895M (74%)    
[2026-04-03T01:05:08.759+0600][13.534s][info][gc,heap     ] GC(7) y:  Promoted:         -                  -                 0M (0%)            0M (0%)     
[2026-04-03T01:05:08.759+0600][13.534s][info][gc,heap     ] GC(7) y: Compacted:         -                  -                  -                 2M (0%)     
[2026-04-03T01:05:08.759+0600][13.534s][info][gc,phases   ] GC(7) y: Young Generation 2960M(75%)->260M(7%) 0.130s
[2026-04-03T01:05:08.759+0600][13.535s][info][gc          ] GC(7) Minor Collection (Allocation Rate) 2958M(75%)->262M(7%) 0.130s
[2026-04-03T01:05:09.904+0600][14.679s][info][gc          ] GC(8) Minor Collection (Allocation Rate)
[2026-04-03T01:05:09.904+0600][14.679s][info][gc,task     ] GC(8) Using 1 Workers for Young Generation
[2026-04-03T01:05:09.904+0600][14.679s][info][gc,phases   ] GC(8) y: Young Generation
[2026-04-03T01:05:09.904+0600][14.680s][info][gc,phases   ] GC(8) y: Pause Mark Start 0.027ms
[2026-04-03T01:05:10.011+0600][14.786s][info][gc,phases   ] GC(8) y: Concurrent Mark 106.348ms
[2026-04-03T01:05:10.019+0600][14.794s][info][gc,phases   ] GC(8) y: Pause Mark End 0.029ms
[2026-04-03T01:05:10.023+0600][14.798s][info][gc,phases   ] GC(8) y: Concurrent Mark Free 0.003ms
[2026-04-03T01:05:10.023+0600][14.798s][info][gc,phases   ] GC(8) y: Concurrent Reset Relocation Set 0.038ms
[2026-04-03T01:05:10.032+0600][14.808s][info][gc,reloc    ] GC(8) y: Using tenuring threshold: 7 (Computed)
[2026-04-03T01:05:10.038+0600][14.813s][info][gc,phases   ] GC(8) y: Concurrent Select Relocation Set 15.018ms
[2026-04-03T01:05:10.038+0600][14.814s][info][gc,phases   ] GC(8) y: Pause Relocate Start 0.033ms
[2026-04-03T01:05:10.060+0600][14.835s][info][gc,phases   ] GC(8) y: Concurrent Relocate 21.257ms
[2026-04-03T01:05:10.060+0600][14.835s][info][gc,alloc    ] GC(8) y:                         Mark Start        Mark End      Relocate Start    Relocate End   
[2026-04-03T01:05:10.060+0600][14.835s][info][gc,alloc    ] GC(8) y: Allocation Stalls:          0                0                0                0         
[2026-04-03T01:05:10.060+0600][14.835s][info][gc,load     ] GC(8) y: Load: 11.79 (98%) / 7.27 (61%) / 3.94 (33%)
[2026-04-03T01:05:10.060+0600][14.835s][info][gc,mmu      ] GC(8) y: MMU: 2ms/93.5%, 5ms/97.4%, 10ms/98.7%, 20ms/99.3%, 50ms/99.7%, 100ms/99.9%
[2026-04-03T01:05:10.060+0600][14.835s][info][gc,marking  ] GC(8) y: Mark: 1 stripe(s), 3 proactive flush(es), 1 terminate flush(es), 0 completion(s), 0 continuation(s) 
[2026-04-03T01:05:10.060+0600][14.835s][info][gc,marking  ] GC(8) y: Mark Stack Usage: 32M
[2026-04-03T01:05:10.060+0600][14.835s][info][gc,nmethod  ] GC(8) y: NMethods: 2615 registered, 0 unregistered
[2026-04-03T01:05:10.060+0600][14.835s][info][gc,metaspace] GC(8) y: Metaspace: 8M used, 9M committed, 1088M reserved
[2026-04-03T01:05:10.060+0600][14.835s][info][gc,reloc    ] GC(8) y:                        Candidates     Selected     In-Place         Size        Empty    Relocated 
[2026-04-03T01:05:10.060+0600][14.835s][info][gc,reloc    ] GC(8) y: Small Pages:                 1450          541            0        2900M        1812M           3M 
[2026-04-03T01:05:10.060+0600][14.835s][info][gc,reloc    ] GC(8) y: Medium Pages:                   0            0            0           0M           0M           0M 
[2026-04-03T01:05:10.060+0600][14.835s][info][gc,reloc    ] GC(8) y: Large Pages:                    0            0            0           0M           0M           0M 
[2026-04-03T01:05:10.060+0600][14.835s][info][gc,reloc    ] GC(8) y: Forwarding Usage: 1M
[2026-04-03T01:05:10.060+0600][14.835s][info][gc,reloc    ] GC(8) y: Age Table:
[2026-04-03T01:05:10.060+0600][14.835s][info][gc,reloc    ] GC(8) y:                    Live             Garbage             Small              Medium             Large        
[2026-04-03T01:05:10.060+0600][14.835s][info][gc,reloc    ] GC(8) y: Eden               1M (0%)         2840M (72%)       1421 / 518            0 / 0              0 / 0        
[2026-04-03T01:05:10.060+0600][14.835s][info][gc,reloc    ] GC(8) y: Survivor 1         0M (0%)           17M (0%)           9 / 8              0 / 0              0 / 0        
[2026-04-03T01:05:10.060+0600][14.835s][info][gc,reloc    ] GC(8) y: Survivor 2         0M (0%)            3M (0%)           2 / 1              0 / 0              0 / 0        
[2026-04-03T01:05:10.060+0600][14.835s][info][gc,reloc    ] GC(8) y: Survivor 3         0M (0%)           19M (0%)          10 / 7              0 / 0              0 / 0        
[2026-04-03T01:05:10.060+0600][14.835s][info][gc,reloc    ] GC(8) y: Survivor 4         0M (0%)            5M (0%)           3 / 3              0 / 0              0 / 0        
[2026-04-03T01:05:10.060+0600][14.835s][info][gc,reloc    ] GC(8) y: Survivor 5         0M (0%)            5M (0%)           3 / 2              0 / 0              0 / 0        
[2026-04-03T01:05:10.060+0600][14.835s][info][gc,reloc    ] GC(8) y: Survivor 6         0M (0%)            3M (0%)           2 / 2              0 / 0              0 / 0        
[2026-04-03T01:05:10.060+0600][14.835s][info][gc,heap     ] GC(8) y: Min Capacity: 8M(0%)
[2026-04-03T01:05:10.060+0600][14.835s][info][gc,heap     ] GC(8) y: Max Capacity: 3922M(100%)
[2026-04-03T01:05:10.060+0600][14.835s][info][gc,heap     ] GC(8) y: Soft Max Capacity: 3529M(90%)
[2026-04-03T01:05:10.060+0600][14.835s][info][gc,heap     ] GC(8) y: Heap Statistics:
[2026-04-03T01:05:10.060+0600][14.835s][info][gc,heap     ] GC(8) y:                Mark Start          Mark End        Relocate Start      Relocate End           High               Low         
[2026-04-03T01:05:10.060+0600][14.835s][info][gc,heap     ] GC(8) y:  Capacity:     3062M (78%)        3154M (80%)        3156M (80%)        3156M (80%)        3156M (80%)        3062M (78%)    
[2026-04-03T01:05:10.060+0600][14.836s][info][gc,heap     ] GC(8) y:      Free:      962M (25%)         768M (20%)        2544M (65%)        3518M (90%)        3548M (90%)         766M (20%)    
[2026-04-03T01:05:10.060+0600][14.836s][info][gc,heap     ] GC(8) y:      Used:     2960M (75%)        3154M (80%)        1378M (35%)         404M (10%)        3156M (80%)         374M (10%)    
[2026-04-03T01:05:10.060+0600][14.836s][info][gc,heap     ] GC(8) y: Young Generation Statistics:
[2026-04-03T01:05:10.060+0600][14.836s][info][gc,heap     ] GC(8) y:                Mark Start          Mark End        Relocate Start      Relocate End    
[2026-04-03T01:05:10.060+0600][14.836s][info][gc,heap     ] GC(8) y:      Used:     2900M (74%)        3094M (79%)        1318M (34%)         344M (9%)     
[2026-04-03T01:05:10.060+0600][14.836s][info][gc,heap     ] GC(8) y:      Live:         -                 4M (0%)            4M (0%)            4M (0%)     
[2026-04-03T01:05:10.060+0600][14.836s][info][gc,heap     ] GC(8) y:   Garbage:         -              2895M (74%)        1083M (28%)           0M (0%)     
[2026-04-03T01:05:10.060+0600][14.836s][info][gc,heap     ] GC(8) y: Allocated:         -               194M (5%)          230M (6%)          339M (9%)     
[2026-04-03T01:05:10.060+0600][14.836s][info][gc,heap     ] GC(8) y: Reclaimed:         -                  -              1812M (46%)        2895M (74%)    
[2026-04-03T01:05:10.060+0600][14.836s][info][gc,heap     ] GC(8) y:  Promoted:         -                  -                 0M (0%)            0M (0%)     
[2026-04-03T01:05:10.060+0600][14.836s][info][gc,heap     ] GC(8) y: Compacted:         -                  -                  -                 4M (0%)     
[2026-04-03T01:05:10.060+0600][14.836s][info][gc,phases   ] GC(8) y: Young Generation 2960M(75%)->404M(10%) 0.156s
[2026-04-03T01:05:10.060+0600][14.836s][info][gc          ] GC(8) Minor Collection (Allocation Rate) 2960M(75%)->404M(10%) 0.156s
[2026-04-03T01:05:11.222+0600][15.997s][info][gc          ] GC(9) Minor Collection (Allocation Rate)
[2026-04-03T01:05:11.222+0600][15.997s][info][gc,task     ] GC(9) Using 1 Workers for Young Generation
[2026-04-03T01:05:11.222+0600][15.997s][info][gc,phases   ] GC(9) y: Young Generation
[2026-04-03T01:05:11.222+0600][15.998s][info][gc,phases   ] GC(9) y: Pause Mark Start 0.027ms
[2026-04-03T01:05:11.339+0600][16.114s][info][gc,phases   ] GC(9) y: Concurrent Mark 116.786ms
[2026-04-03T01:05:11.340+0600][16.115s][info][gc,phases   ] GC(9) y: Pause Mark End 0.100ms
[2026-04-03T01:05:11.340+0600][16.115s][info][gc,phases   ] GC(9) y: Concurrent Mark Free 0.002ms
[2026-04-03T01:05:11.340+0600][16.115s][info][gc,phases   ] GC(9) y: Concurrent Reset Relocation Set 0.044ms
[2026-04-03T01:05:11.349+0600][16.124s][info][gc,reloc    ] GC(9) y: Using tenuring threshold: 8 (Computed)
[2026-04-03T01:05:11.353+0600][16.128s][info][gc,phases   ] GC(9) y: Concurrent Select Relocation Set 13.245ms
[2026-04-03T01:05:11.354+0600][16.129s][info][gc,phases   ] GC(9) y: Pause Relocate Start 0.040ms
[2026-04-03T01:05:11.367+0600][16.142s][info][gc,phases   ] GC(9) y: Concurrent Relocate 12.379ms
[2026-04-03T01:05:11.367+0600][16.142s][info][gc,alloc    ] GC(9) y:                         Mark Start        Mark End      Relocate Start    Relocate End   
[2026-04-03T01:05:11.367+0600][16.142s][info][gc,alloc    ] GC(9) y: Allocation Stalls:          0                0                0                0         
[2026-04-03T01:05:11.367+0600][16.142s][info][gc,load     ] GC(9) y: Load: 11.79 (98%) / 7.27 (61%) / 3.94 (33%)
[2026-04-03T01:05:11.367+0600][16.142s][info][gc,mmu      ] GC(9) y: MMU: 2ms/93.5%, 5ms/97.4%, 10ms/98.7%, 20ms/99.3%, 50ms/99.7%, 100ms/99.9%
[2026-04-03T01:05:11.367+0600][16.142s][info][gc,marking  ] GC(9) y: Mark: 1 stripe(s), 2 proactive flush(es), 1 terminate flush(es), 0 completion(s), 0 continuation(s) 
[2026-04-03T01:05:11.367+0600][16.142s][info][gc,marking  ] GC(9) y: Mark Stack Usage: 32M
[2026-04-03T01:05:11.367+0600][16.142s][info][gc,nmethod  ] GC(9) y: NMethods: 2621 registered, 0 unregistered
[2026-04-03T01:05:11.367+0600][16.142s][info][gc,metaspace] GC(9) y: Metaspace: 8M used, 9M committed, 1088M reserved
[2026-04-03T01:05:11.367+0600][16.142s][info][gc,reloc    ] GC(9) y:                        Candidates     Selected     In-Place         Size        Empty    Relocated 
[2026-04-03T01:05:11.367+0600][16.142s][info][gc,reloc    ] GC(9) y: Small Pages:                 1375          539            0        2750M        1666M           3M 
[2026-04-03T01:05:11.367+0600][16.142s][info][gc,reloc    ] GC(9) y: Medium Pages:                   0            0            0           0M           0M           0M 
[2026-04-03T01:05:11.367+0600][16.142s][info][gc,reloc    ] GC(9) y: Large Pages:                    0            0            0           0M           0M           0M 
[2026-04-03T01:05:11.367+0600][16.142s][info][gc,reloc    ] GC(9) y: Forwarding Usage: 1M
[2026-04-03T01:05:11.367+0600][16.142s][info][gc,reloc    ] GC(9) y: Age Table:
[2026-04-03T01:05:11.367+0600][16.142s][info][gc,reloc    ] GC(9) y:                    Live             Garbage             Small              Medium             Large        
[2026-04-03T01:05:11.367+0600][16.142s][info][gc,reloc    ] GC(9) y: Eden               1M (0%)         2682M (68%)       1342 / 508            0 / 0              0 / 0        
[2026-04-03T01:05:11.367+0600][16.142s][info][gc,reloc    ] GC(9) y: Survivor 1         0M (0%)           15M (0%)           8 / 8              0 / 0              0 / 0        
[2026-04-03T01:05:11.367+0600][16.142s][info][gc,reloc    ] GC(9) y: Survivor 2         0M (0%)           13M (0%)           7 / 7              0 / 0              0 / 0        
[2026-04-03T01:05:11.367+0600][16.142s][info][gc,reloc    ] GC(9) y: Survivor 3         0M (0%)            9M (0%)           5 / 4              0 / 0              0 / 0        
[2026-04-03T01:05:11.367+0600][16.142s][info][gc,reloc    ] GC(9) y: Survivor 4         0M (0%)            9M (0%)           5 / 4              0 / 0              0 / 0        
[2026-04-03T01:05:11.367+0600][16.142s][info][gc,reloc    ] GC(9) y: Survivor 5         0M (0%)            9M (0%)           5 / 5              0 / 0              0 / 0        
[2026-04-03T01:05:11.367+0600][16.142s][info][gc,reloc    ] GC(9) y: Survivor 6         0M (0%)            3M (0%)           2 / 2              0 / 0              0 / 0        
[2026-04-03T01:05:11.367+0600][16.143s][info][gc,reloc    ] GC(9) y: Survivor 7         0M (0%)            1M (0%)           1 / 1              0 / 0              0 / 0        
[2026-04-03T01:05:11.367+0600][16.143s][info][gc,heap     ] GC(9) y: Min Capacity: 8M(0%)
[2026-04-03T01:05:11.367+0600][16.143s][info][gc,heap     ] GC(9) y: Max Capacity: 3922M(100%)
[2026-04-03T01:05:11.367+0600][16.143s][info][gc,heap     ] GC(9) y: Soft Max Capacity: 3529M(90%)
[2026-04-03T01:05:11.367+0600][16.143s][info][gc,heap     ] GC(9) y: Heap Statistics:
[2026-04-03T01:05:11.367+0600][16.143s][info][gc,heap     ] GC(9) y:                Mark Start          Mark End        Relocate Start      Relocate End           High               Low         
[2026-04-03T01:05:11.367+0600][16.143s][info][gc,heap     ] GC(9) y:  Capacity:     3156M (80%)        3156M (80%)        3156M (80%)        3156M (80%)        3156M (80%)        3156M (80%)    
[2026-04-03T01:05:11.367+0600][16.143s][info][gc,heap     ] GC(9) y:      Free:     1112M (28%)         868M (22%)        2512M (64%)        3528M (90%)        3530M (90%)         868M (22%)    
[2026-04-03T01:05:11.367+0600][16.143s][info][gc,heap     ] GC(9) y:      Used:     2810M (72%)        3054M (78%)        1410M (36%)         394M (10%)        3054M (78%)         392M (10%)    
[2026-04-03T01:05:11.367+0600][16.143s][info][gc,heap     ] GC(9) y: Young Generation Statistics:
[2026-04-03T01:05:11.367+0600][16.143s][info][gc,heap     ] GC(9) y:                Mark Start          Mark End        Relocate Start      Relocate End    
[2026-04-03T01:05:11.367+0600][16.143s][info][gc,heap     ] GC(9) y:      Used:     2750M (70%)        2994M (76%)        1350M (34%)         334M (9%)     
[2026-04-03T01:05:11.367+0600][16.143s][info][gc,heap     ] GC(9) y:      Live:         -                 4M (0%)            4M (0%)            4M (0%)     
[2026-04-03T01:05:11.367+0600][16.143s][info][gc,heap     ] GC(9) y:   Garbage:         -              2745M (70%)        1079M (28%)           0M (0%)     
[2026-04-03T01:05:11.367+0600][16.143s][info][gc,heap     ] GC(9) y: Allocated:         -               244M (6%)          266M (7%)          329M (8%)     
[2026-04-03T01:05:11.367+0600][16.143s][info][gc,heap     ] GC(9) y: Reclaimed:         -                  -              1666M (42%)        2745M (70%)    
[2026-04-03T01:05:11.367+0600][16.143s][info][gc,heap     ] GC(9) y:  Promoted:         -                  -                 0M (0%)            0M (0%)     
[2026-04-03T01:05:11.367+0600][16.143s][info][gc,heap     ] GC(9) y: Compacted:         -                  -                  -                 4M (0%)     
[2026-04-03T01:05:11.367+0600][16.143s][info][gc,phases   ] GC(9) y: Young Generation 2810M(72%)->394M(10%) 0.145s
[2026-04-03T01:05:11.367+0600][16.143s][info][gc          ] GC(9) Minor Collection (Allocation Rate) 2810M(72%)->398M(10%) 0.146s
[2026-04-03T01:05:12.575+0600][17.350s][info][gc          ] GC(10) Minor Collection (Allocation Rate)
[2026-04-03T01:05:12.575+0600][17.350s][info][gc,task     ] GC(10) Using 1 Workers for Young Generation
[2026-04-03T01:05:12.575+0600][17.350s][info][gc,phases   ] GC(10) y: Young Generation
[2026-04-03T01:05:12.576+0600][17.351s][info][gc,phases   ] GC(10) y: Pause Mark Start 0.038ms
[2026-04-03T01:05:12.796+0600][17.571s][info][gc,phases   ] GC(10) y: Concurrent Mark 219.771ms
[2026-04-03T01:05:12.799+0600][17.575s][info][gc,phases   ] GC(10) y: Pause Mark End 0.053ms
[2026-04-03T01:05:12.804+0600][17.579s][info][gc,phases   ] GC(10) y: Concurrent Mark Free 0.004ms
[2026-04-03T01:05:12.804+0600][17.579s][info][gc,phases   ] GC(10) y: Concurrent Reset Relocation Set 0.059ms
[2026-04-03T01:05:12.813+0600][17.588s][info][gc,reloc    ] GC(10) y: Using tenuring threshold: 9 (Computed)
[2026-04-03T01:05:12.814+0600][17.589s][info][gc,phases   ] GC(10) y: Concurrent Select Relocation Set 9.993ms
[2026-04-03T01:05:12.814+0600][17.590s][info][gc,phases   ] GC(10) y: Pause Relocate Start 0.032ms
[2026-04-03T01:05:12.844+0600][17.619s][info][gc,phases   ] GC(10) y: Concurrent Relocate 28.078ms
[2026-04-03T01:05:12.844+0600][17.619s][info][gc,alloc    ] GC(10) y:                         Mark Start        Mark End      Relocate Start    Relocate End   
[2026-04-03T01:05:12.844+0600][17.619s][info][gc,alloc    ] GC(10) y: Allocation Stalls:          0                0                0                0         
[2026-04-03T01:05:12.844+0600][17.619s][info][gc,load     ] GC(10) y: Load: 11.79 (98%) / 7.27 (61%) / 3.94 (33%)
[2026-04-03T01:05:12.844+0600][17.619s][info][gc,mmu      ] GC(10) y: MMU: 2ms/93.5%, 5ms/97.4%, 10ms/98.7%, 20ms/99.3%, 50ms/99.7%, 100ms/99.9%
[2026-04-03T01:05:12.844+0600][17.619s][info][gc,marking  ] GC(10) y: Mark: 1 stripe(s), 2 proactive flush(es), 1 terminate flush(es), 0 completion(s), 0 continuation(s) 
[2026-04-03T01:05:12.844+0600][17.619s][info][gc,marking  ] GC(10) y: Mark Stack Usage: 32M
[2026-04-03T01:05:12.844+0600][17.619s][info][gc,nmethod  ] GC(10) y: NMethods: 2626 registered, 0 unregistered
[2026-04-03T01:05:12.844+0600][17.619s][info][gc,metaspace] GC(10) y: Metaspace: 8M used, 9M committed, 1088M reserved
[2026-04-03T01:05:12.844+0600][17.619s][info][gc,reloc    ] GC(10) y:                        Candidates     Selected     In-Place         Size        Empty    Relocated 
[2026-04-03T01:05:12.844+0600][17.619s][info][gc,reloc    ] GC(10) y: Small Pages:                 1388          529            0        2776M        1710M           3M 
[2026-04-03T01:05:12.844+0600][17.619s][info][gc,reloc    ] GC(10) y: Medium Pages:                   0            0            0           0M           0M           0M 
[2026-04-03T01:05:12.844+0600][17.619s][info][gc,reloc    ] GC(10) y: Large Pages:                    0            0            0           0M           0M           0M 
[2026-04-03T01:05:12.844+0600][17.619s][info][gc,reloc    ] GC(10) y: Forwarding Usage: 1M
[2026-04-03T01:05:12.844+0600][17.619s][info][gc,reloc    ] GC(10) y: Age Table:
[2026-04-03T01:05:12.844+0600][17.619s][info][gc,reloc    ] GC(10) y:                    Live             Garbage             Small              Medium             Large        
[2026-04-03T01:05:12.844+0600][17.619s][info][gc,reloc    ] GC(10) y: Eden               1M (0%)         2720M (69%)       1361 / 505            0 / 0              0 / 0        
[2026-04-03T01:05:12.844+0600][17.619s][info][gc,reloc    ] GC(10) y: Survivor 1         0M (0%)            1M (0%)           1 / 1              0 / 0              0 / 0        
[2026-04-03T01:05:12.844+0600][17.619s][info][gc,reloc    ] GC(10) y: Survivor 2         0M (0%)           15M (0%)           8 / 7              0 / 0              0 / 0        
[2026-04-03T01:05:12.844+0600][17.619s][info][gc,reloc    ] GC(10) y: Survivor 3         0M (0%)           13M (0%)           7 / 7              0 / 0              0 / 0        
[2026-04-03T01:05:12.844+0600][17.619s][info][gc,reloc    ] GC(10) y: Survivor 4         0M (0%)            3M (0%)           2 / 2              0 / 0              0 / 0        
[2026-04-03T01:05:12.844+0600][17.619s][info][gc,reloc    ] GC(10) y: Survivor 5         0M (0%)            5M (0%)           3 / 2              0 / 0              0 / 0        
[2026-04-03T01:05:12.844+0600][17.619s][info][gc,reloc    ] GC(10) y: Survivor 6         0M (0%)            5M (0%)           3 / 2              0 / 0              0 / 0        
[2026-04-03T01:05:12.844+0600][17.619s][info][gc,reloc    ] GC(10) y: Survivor 7         0M (0%)            3M (0%)           2 / 2              0 / 0              0 / 0        
[2026-04-03T01:05:12.844+0600][17.619s][info][gc,reloc    ] GC(10) y: Survivor 8         0M (0%)            1M (0%)           1 / 1              0 / 0              0 / 0        
[2026-04-03T01:05:12.844+0600][17.619s][info][gc,heap     ] GC(10) y: Min Capacity: 8M(0%)
[2026-04-03T01:05:12.844+0600][17.619s][info][gc,heap     ] GC(10) y: Max Capacity: 3922M(100%)
[2026-04-03T01:05:12.844+0600][17.619s][info][gc,heap     ] GC(10) y: Soft Max Capacity: 3529M(90%)
[2026-04-03T01:05:12.844+0600][17.619s][info][gc,heap     ] GC(10) y: Heap Statistics:
[2026-04-03T01:05:12.844+0600][17.619s][info][gc,heap     ] GC(10) y:                Mark Start          Mark End        Relocate Start      Relocate End           High               Low         
[2026-04-03T01:05:12.844+0600][17.619s][info][gc,heap     ] GC(10) y:  Capacity:     3156M (80%)        3190M (81%)        3196M (81%)        3196M (81%)        3196M (81%)        3156M (80%)    
[2026-04-03T01:05:12.844+0600][17.619s][info][gc,heap     ] GC(10) y:      Free:     1086M (28%)         732M (19%)        2426M (62%)        3366M (86%)        3400M (87%)         726M (19%)    
[2026-04-03T01:05:12.844+0600][17.619s][info][gc,heap     ] GC(10) y:      Used:     2836M (72%)        3190M (81%)        1496M (38%)         556M (14%)        3196M (81%)         522M (13%)    
[2026-04-03T01:05:12.844+0600][17.619s][info][gc,heap     ] GC(10) y: Young Generation Statistics:
[2026-04-03T01:05:12.844+0600][17.619s][info][gc,heap     ] GC(10) y:                Mark Start          Mark End        Relocate Start      Relocate End    
[2026-04-03T01:05:12.844+0600][17.619s][info][gc,heap     ] GC(10) y:      Used:     2776M (71%)        3130M (80%)        1436M (37%)         496M (13%)    
[2026-04-03T01:05:12.844+0600][17.619s][info][gc,heap     ] GC(10) y:      Live:         -                 5M (0%)            5M (0%)            5M (0%)     
[2026-04-03T01:05:12.844+0600][17.619s][info][gc,heap     ] GC(10) y:   Garbage:         -              2770M (71%)        1060M (27%)           1M (0%)     
[2026-04-03T01:05:12.844+0600][17.619s][info][gc,heap     ] GC(10) y: Allocated:         -               354M (9%)          370M (9%)          489M (12%)    
[2026-04-03T01:05:12.844+0600][17.619s][info][gc,heap     ] GC(10) y: Reclaimed:         -                  -              1710M (44%)        2769M (71%)    
[2026-04-03T01:05:12.844+0600][17.619s][info][gc,heap     ] GC(10) y:  Promoted:         -                  -                 0M (0%)            0M (0%)     
[2026-04-03T01:05:12.844+0600][17.619s][info][gc,heap     ] GC(10) y: Compacted:         -                  -                  -                 4M (0%)     
[2026-04-03T01:05:12.844+0600][17.619s][info][gc,phases   ] GC(10) y: Young Generation 2836M(72%)->556M(14%) 0.269s
[2026-04-03T01:05:12.844+0600][17.620s][info][gc          ] GC(10) Minor Collection (Allocation Rate) 2836M(72%)->566M(14%) 0.270s
[2026-04-03T01:05:13.428+0600][18.203s][info][gc          ] GC(11) Minor Collection (Allocation Rate)
[2026-04-03T01:05:13.428+0600][18.203s][info][gc,task     ] GC(11) Using 1 Workers for Young Generation
[2026-04-03T01:05:13.428+0600][18.203s][info][gc,phases   ] GC(11) y: Young Generation
[2026-04-03T01:05:13.428+0600][18.204s][info][gc,phases   ] GC(11) y: Pause Mark Start 0.030ms
[2026-04-03T01:05:13.558+0600][18.333s][info][gc,phases   ] GC(11) y: Concurrent Mark 126.252ms
[2026-04-03T01:05:13.558+0600][18.334s][info][gc,phases   ] GC(11) y: Pause Mark End 0.031ms
[2026-04-03T01:05:13.560+0600][18.336s][info][gc,phases   ] GC(11) y: Concurrent Mark Free 0.003ms
[2026-04-03T01:05:13.560+0600][18.336s][info][gc,phases   ] GC(11) y: Concurrent Reset Relocation Set 0.047ms
[2026-04-03T01:05:13.575+0600][18.350s][info][gc,reloc    ] GC(11) y: Using tenuring threshold: 10 (Computed)
[2026-04-03T01:05:13.577+0600][18.352s][info][gc,phases   ] GC(11) y: Concurrent Select Relocation Set 16.371ms
[2026-04-03T01:05:13.577+0600][18.352s][info][gc,phases   ] GC(11) y: Pause Relocate Start 0.028ms
[2026-04-03T01:05:13.622+0600][18.397s][info][gc,phases   ] GC(11) y: Concurrent Relocate 38.443ms
[2026-04-03T01:05:13.622+0600][18.398s][info][gc,alloc    ] GC(11) y:                         Mark Start        Mark End      Relocate Start    Relocate End   
[2026-04-03T01:05:13.622+0600][18.398s][info][gc,alloc    ] GC(11) y: Allocation Stalls:          0                0                0                0         
[2026-04-03T01:05:13.622+0600][18.398s][info][gc,load     ] GC(11) y: Load: 11.79 (98%) / 7.27 (61%) / 3.94 (33%)
[2026-04-03T01:05:13.622+0600][18.398s][info][gc,mmu      ] GC(11) y: MMU: 2ms/93.5%, 5ms/97.4%, 10ms/98.7%, 20ms/99.3%, 50ms/99.7%, 100ms/99.9%
[2026-04-03T01:05:13.622+0600][18.398s][info][gc,marking  ] GC(11) y: Mark: 1 stripe(s), 3 proactive flush(es), 1 terminate flush(es), 0 completion(s), 0 continuation(s) 
[2026-04-03T01:05:13.622+0600][18.398s][info][gc,marking  ] GC(11) y: Mark Stack Usage: 32M
[2026-04-03T01:05:13.622+0600][18.398s][info][gc,nmethod  ] GC(11) y: NMethods: 2630 registered, 0 unregistered
[2026-04-03T01:05:13.622+0600][18.398s][info][gc,metaspace] GC(11) y: Metaspace: 8M used, 9M committed, 1088M reserved
[2026-04-03T01:05:13.622+0600][18.398s][info][gc,reloc    ] GC(11) y:                        Candidates     Selected     In-Place         Size        Empty    Relocated 
[2026-04-03T01:05:13.622+0600][18.398s][info][gc,reloc    ] GC(11) y: Small Pages:                  913          350            0        1826M        1118M           4M 
[2026-04-03T01:05:13.622+0600][18.398s][info][gc,reloc    ] GC(11) y: Medium Pages:                   0            0            0           0M           0M           0M 
[2026-04-03T01:05:13.622+0600][18.398s][info][gc,reloc    ] GC(11) y: Large Pages:                    0            0            0           0M           0M           0M 
[2026-04-03T01:05:13.622+0600][18.398s][info][gc,reloc    ] GC(11) y: Forwarding Usage: 2M
[2026-04-03T01:05:13.622+0600][18.398s][info][gc,reloc    ] GC(11) y: Age Table:
[2026-04-03T01:05:13.622+0600][18.398s][info][gc,reloc    ] GC(11) y:                    Live             Garbage             Small              Medium             Large        
[2026-04-03T01:05:13.622+0600][18.398s][info][gc,reloc    ] GC(11) y: Eden               1M (0%)         1754M (45%)        878 / 318            0 / 0              0 / 0        
[2026-04-03T01:05:13.622+0600][18.398s][info][gc,reloc    ] GC(11) y: Survivor 1         0M (0%)            1M (0%)           1 / 0              0 / 0              0 / 0        
[2026-04-03T01:05:13.622+0600][18.398s][info][gc,reloc    ] GC(11) y: Survivor 2         0M (0%)            9M (0%)           5 / 5              0 / 0              0 / 0        
[2026-04-03T01:05:13.623+0600][18.398s][info][gc,reloc    ] GC(11) y: Survivor 3         0M (0%)           13M (0%)           7 / 7              0 / 0              0 / 0        
[2026-04-03T01:05:13.623+0600][18.398s][info][gc,reloc    ] GC(11) y: Survivor 4         0M (0%)           15M (0%)           8 / 7              0 / 0              0 / 0        
[2026-04-03T01:05:13.623+0600][18.398s][info][gc,reloc    ] GC(11) y: Survivor 5         0M (0%)            3M (0%)           2 / 2              0 / 0              0 / 0        
[2026-04-03T01:05:13.623+0600][18.398s][info][gc,reloc    ] GC(11) y: Survivor 6         0M (0%)            5M (0%)           3 / 2              0 / 0              0 / 0        
[2026-04-03T01:05:13.623+0600][18.398s][info][gc,reloc    ] GC(11) y: Survivor 7         0M (0%)            7M (0%)           4 / 4              0 / 0              0 / 0        
[2026-04-03T01:05:13.623+0600][18.398s][info][gc,reloc    ] GC(11) y: Survivor 8         0M (0%)            5M (0%)           3 / 3              0 / 0              0 / 0        
[2026-04-03T01:05:13.623+0600][18.398s][info][gc,reloc    ] GC(11) y: Survivor 9         0M (0%)            3M (0%)           2 / 2              0 / 0              0 / 0        
[2026-04-03T01:05:13.623+0600][18.398s][info][gc,heap     ] GC(11) y: Min Capacity: 8M(0%)
[2026-04-03T01:05:13.623+0600][18.398s][info][gc,heap     ] GC(11) y: Max Capacity: 3922M(100%)
[2026-04-03T01:05:13.623+0600][18.398s][info][gc,heap     ] GC(11) y: Soft Max Capacity: 3529M(90%)
[2026-04-03T01:05:13.623+0600][18.398s][info][gc,heap     ] GC(11) y: Heap Statistics:
[2026-04-03T01:05:13.623+0600][18.398s][info][gc,heap     ] GC(11) y:                Mark Start          Mark End        Relocate Start      Relocate End           High               Low         
[2026-04-03T01:05:13.623+0600][18.398s][info][gc,heap     ] GC(11) y:  Capacity:     3196M (81%)        3196M (81%)        3196M (81%)        3196M (81%)        3196M (81%)        3196M (81%)    
[2026-04-03T01:05:13.623+0600][18.398s][info][gc,heap     ] GC(11) y:      Free:     2036M (52%)        1788M (46%)        2864M (73%)        3352M (85%)        3412M (87%)        1782M (45%)    
[2026-04-03T01:05:13.623+0600][18.398s][info][gc,heap     ] GC(11) y:      Used:     1886M (48%)        2134M (54%)        1058M (27%)         570M (15%)        2140M (55%)         510M (13%)    
[2026-04-03T01:05:13.623+0600][18.398s][info][gc,heap     ] GC(11) y: Young Generation Statistics:
[2026-04-03T01:05:13.623+0600][18.398s][info][gc,heap     ] GC(11) y:                Mark Start          Mark End        Relocate Start      Relocate End    
[2026-04-03T01:05:13.623+0600][18.398s][info][gc,heap     ] GC(11) y:      Used:     1826M (47%)        2074M (53%)         998M (25%)         510M (13%)    
[2026-04-03T01:05:13.623+0600][18.398s][info][gc,heap     ] GC(11) y:      Live:         -                 6M (0%)            6M (0%)            6M (0%)     
[2026-04-03T01:05:13.623+0600][18.398s][info][gc,heap     ] GC(11) y:   Garbage:         -              1819M (46%)         701M (18%)           0M (0%)     
[2026-04-03T01:05:13.623+0600][18.398s][info][gc,heap     ] GC(11) y: Allocated:         -               248M (6%)          290M (7%)          503M (13%)    
[2026-04-03T01:05:13.623+0600][18.398s][info][gc,heap     ] GC(11) y: Reclaimed:         -                  -              1118M (29%)        1819M (46%)    
[2026-04-03T01:05:13.623+0600][18.398s][info][gc,heap     ] GC(11) y:  Promoted:         -                  -                 0M (0%)            0M (0%)     
[2026-04-03T01:05:13.623+0600][18.398s][info][gc,heap     ] GC(11) y: Compacted:         -                  -                  -                 6M (0%)     
[2026-04-03T01:05:13.623+0600][18.398s][info][gc,phases   ] GC(11) y: Young Generation 1886M(48%)->570M(15%) 0.194s
[2026-04-03T01:05:13.623+0600][18.398s][info][gc          ] GC(11) Minor Collection (Allocation Rate) 1886M(48%)->570M(15%) 0.195s
[2026-04-03T01:05:14.319+0600][19.095s][info][gc          ] GC(12) Minor Collection (Allocation Rate)
[2026-04-03T01:05:14.320+0600][19.095s][info][gc,task     ] GC(12) Using 1 Workers for Young Generation
[2026-04-03T01:05:14.320+0600][19.095s][info][gc,phases   ] GC(12) y: Young Generation
[2026-04-03T01:05:14.320+0600][19.096s][info][gc,phases   ] GC(12) y: Pause Mark Start 0.041ms
[2026-04-03T01:05:14.384+0600][19.160s][info][gc,phases   ] GC(12) y: Concurrent Mark 63.979ms
[2026-04-03T01:05:14.385+0600][19.160s][info][gc,phases   ] GC(12) y: Pause Mark End 0.041ms
[2026-04-03T01:05:14.385+0600][19.160s][info][gc,phases   ] GC(12) y: Concurrent Mark Free 0.001ms
[2026-04-03T01:05:14.385+0600][19.160s][info][gc,phases   ] GC(12) y: Concurrent Reset Relocation Set 0.033ms
[2026-04-03T01:05:14.389+0600][19.164s][info][gc,reloc    ] GC(12) y: Using tenuring threshold: 10 (Computed)
[2026-04-03T01:05:14.390+0600][19.166s][info][gc,phases   ] GC(12) y: Concurrent Select Relocation Set 5.111ms
[2026-04-03T01:05:14.391+0600][19.166s][info][gc,phases   ] GC(12) y: Pause Relocate Start 0.024ms
[2026-04-03T01:05:14.422+0600][19.197s][info][gc,phases   ] GC(12) y: Concurrent Relocate 30.716ms
[2026-04-03T01:05:14.422+0600][19.197s][info][gc,alloc    ] GC(12) y:                         Mark Start        Mark End      Relocate Start    Relocate End   
[2026-04-03T01:05:14.422+0600][19.197s][info][gc,alloc    ] GC(12) y: Allocation Stalls:          0                0                0                0         
[2026-04-03T01:05:14.422+0600][19.197s][info][gc,load     ] GC(12) y: Load: 12.13 (101%) / 7.41 (62%) / 4.00 (33%)
[2026-04-03T01:05:14.422+0600][19.197s][info][gc,mmu      ] GC(12) y: MMU: 2ms/93.5%, 5ms/97.4%, 10ms/98.7%, 20ms/99.3%, 50ms/99.7%, 100ms/99.9%
[2026-04-03T01:05:14.422+0600][19.197s][info][gc,marking  ] GC(12) y: Mark: 1 stripe(s), 3 proactive flush(es), 1 terminate flush(es), 0 completion(s), 0 continuation(s) 
[2026-04-03T01:05:14.422+0600][19.197s][info][gc,marking  ] GC(12) y: Mark Stack Usage: 32M
[2026-04-03T01:05:14.422+0600][19.197s][info][gc,nmethod  ] GC(12) y: NMethods: 2631 registered, 0 unregistered
[2026-04-03T01:05:14.422+0600][19.197s][info][gc,metaspace] GC(12) y: Metaspace: 8M used, 9M committed, 1088M reserved
[2026-04-03T01:05:14.422+0600][19.197s][info][gc,reloc    ] GC(12) y:                        Candidates     Selected     In-Place         Size        Empty    Relocated 
[2026-04-03T01:05:14.422+0600][19.197s][info][gc,reloc    ] GC(12) y: Small Pages:                  991          399            0        1982M        1176M           4M 
[2026-04-03T01:05:14.422+0600][19.197s][info][gc,reloc    ] GC(12) y: Medium Pages:                   0            0            0           0M           0M           0M 
[2026-04-03T01:05:14.422+0600][19.197s][info][gc,reloc    ] GC(12) y: Large Pages:                    0            0            0           0M           0M           0M 
[2026-04-03T01:05:14.422+0600][19.197s][info][gc,reloc    ] GC(12) y: Forwarding Usage: 2M
[2026-04-03T01:05:14.422+0600][19.197s][info][gc,reloc    ] GC(12) y: Age Table:
[2026-04-03T01:05:14.422+0600][19.197s][info][gc,reloc    ] GC(12) y:                    Live             Garbage             Small              Medium             Large        
[2026-04-03T01:05:14.422+0600][19.197s][info][gc,reloc    ] GC(12) y: Eden               1M (0%)         1850M (47%)        926 / 339            0 / 0              0 / 0        
[2026-04-03T01:05:14.422+0600][19.197s][info][gc,reloc    ] GC(12) y: Survivor 1         0M (0%)           11M (0%)           6 / 3              0 / 0              0 / 0        
[2026-04-03T01:05:14.422+0600][19.197s][info][gc,reloc    ] GC(12) y: Survivor 2         0M (0%)           13M (0%)           7 / 7              0 / 0              0 / 0        
[2026-04-03T01:05:14.422+0600][19.197s][info][gc,reloc    ] GC(12) y: Survivor 3         0M (0%)           11M (0%)           6 / 6              0 / 0              0 / 0        
[2026-04-03T01:05:14.422+0600][19.197s][info][gc,reloc    ] GC(12) y: Survivor 4         0M (0%)           19M (0%)          10 / 10             0 / 0              0 / 0        
[2026-04-03T01:05:14.422+0600][19.197s][info][gc,reloc    ] GC(12) y: Survivor 5         0M (0%)           21M (1%)          11 / 10             0 / 0              0 / 0        
[2026-04-03T01:05:14.422+0600][19.197s][info][gc,reloc    ] GC(12) y: Survivor 6         0M (0%)            7M (0%)           4 / 4              0 / 0              0 / 0        
[2026-04-03T01:05:14.422+0600][19.197s][info][gc,reloc    ] GC(12) y: Survivor 7         0M (0%)           13M (0%)           7 / 7              0 / 0              0 / 0        
[2026-04-03T01:05:14.422+0600][19.197s][info][gc,reloc    ] GC(12) y: Survivor 8         0M (0%)           13M (0%)           7 / 6              0 / 0              0 / 0        
[2026-04-03T01:05:14.422+0600][19.197s][info][gc,reloc    ] GC(12) y: Survivor 9         0M (0%)            7M (0%)           4 / 4              0 / 0              0 / 0        
[2026-04-03T01:05:14.422+0600][19.197s][info][gc,reloc    ] GC(12) y: Survivor 10        0M (0%)            5M (0%)           3 / 3              0 / 0              0 / 0        
[2026-04-03T01:05:14.422+0600][19.197s][info][gc,heap     ] GC(12) y: Min Capacity: 8M(0%)
[2026-04-03T01:05:14.422+0600][19.197s][info][gc,heap     ] GC(12) y: Max Capacity: 3922M(100%)
[2026-04-03T01:05:14.422+0600][19.197s][info][gc,heap     ] GC(12) y: Soft Max Capacity: 3529M(90%)
[2026-04-03T01:05:14.422+0600][19.197s][info][gc,heap     ] GC(12) y: Heap Statistics:
[2026-04-03T01:05:14.422+0600][19.197s][info][gc,heap     ] GC(12) y:                Mark Start          Mark End        Relocate Start      Relocate End           High               Low         
[2026-04-03T01:05:14.422+0600][19.198s][info][gc,heap     ] GC(12) y:  Capacity:     3196M (81%)        3196M (81%)        3196M (81%)        3196M (81%)        3196M (81%)        3196M (81%)    
[2026-04-03T01:05:14.422+0600][19.198s][info][gc,heap     ] GC(12) y:      Free:     1880M (48%)        1746M (45%)        2918M (74%)        3560M (91%)        3638M (93%)        1746M (45%)    
[2026-04-03T01:05:14.422+0600][19.198s][info][gc,heap     ] GC(12) y:      Used:     2042M (52%)        2176M (55%)        1004M (26%)         362M (9%)         2176M (55%)         284M (7%)     
[2026-04-03T01:05:14.422+0600][19.198s][info][gc,heap     ] GC(12) y: Young Generation Statistics:
[2026-04-03T01:05:14.422+0600][19.198s][info][gc,heap     ] GC(12) y:                Mark Start          Mark End        Relocate Start      Relocate End    
[2026-04-03T01:05:14.422+0600][19.198s][info][gc,heap     ] GC(12) y:      Used:     1982M (51%)        2116M (54%)         944M (24%)         300M (8%)     
[2026-04-03T01:05:14.422+0600][19.198s][info][gc,heap     ] GC(12) y:      Live:         -                 6M (0%)            6M (0%)            6M (0%)     
[2026-04-03T01:05:14.422+0600][19.198s][info][gc,heap     ] GC(12) y:   Garbage:         -              1975M (50%)         799M (20%)           0M (0%)     
[2026-04-03T01:05:14.422+0600][19.198s][info][gc,heap     ] GC(12) y: Allocated:         -               134M (3%)          138M (4%)          293M (7%)     
[2026-04-03T01:05:14.422+0600][19.198s][info][gc,heap     ] GC(12) y: Reclaimed:         -                  -              1176M (30%)        1975M (50%)    
[2026-04-03T01:05:14.422+0600][19.198s][info][gc,heap     ] GC(12) y:  Promoted:         -                  -                 0M (0%)            0M (0%)     
[2026-04-03T01:05:14.422+0600][19.198s][info][gc,heap     ] GC(12) y: Compacted:         -                  -                  -                 6M (0%)     
[2026-04-03T01:05:14.422+0600][19.198s][info][gc,phases   ] GC(12) y: Young Generation 2042M(52%)->362M(9%) 0.102s
[2026-04-03T01:05:14.422+0600][19.198s][info][gc          ] GC(12) Minor Collection (Allocation Rate) 2042M(52%)->368M(9%) 0.103s
[2026-04-03T01:05:15.479+0600][20.255s][info][gc,exit     ] Stopping ZGC
[2026-04-03T01:05:15.480+0600][20.255s][info][gc,stats    ] === Garbage Collection Statistics =======================================================================================================================
[2026-04-03T01:05:15.480+0600][20.255s][info][gc,stats    ]                                                              Last 10s              Last 10m              Last 10h                Total
[2026-04-03T01:05:15.480+0600][20.255s][info][gc,stats    ]                                                              Avg / Max             Avg / Max             Avg / Max             Avg / Max
[2026-04-03T01:05:15.480+0600][20.255s][info][gc,stats    ]        Contention: Mark Segment Reset Contention                     0 / 0                 0 / 6                 0 / 6                 0 / 6           ops/s
[2026-04-03T01:05:15.480+0600][20.255s][info][gc,stats    ]        Contention: Mark SeqNum Reset Contention                      0 / 0                 0 / 1                 0 / 1                 0 / 1           ops/s
[2026-04-03T01:05:15.480+0600][20.255s][info][gc,stats    ]          Critical: Allocation Stall                                  0 / 0                 0 / 0                 0 / 0                 0 / 0           ops/s
[2026-04-03T01:05:15.480+0600][20.255s][info][gc,stats    ]          Critical: Allocation Stall                              0.000 / 0.000         0.000 / 0.000         0.000 / 0.000         0.000 / 0.000       ms
[2026-04-03T01:05:15.480+0600][20.255s][info][gc,stats    ]          Critical: JNI Critical Stall                                0 / 2                 0 / 2                 0 / 2                 0 / 2           ops/s
[2026-04-03T01:05:15.480+0600][20.255s][info][gc,stats    ]          Critical: JNI Critical Stall                            3.441 / 3.923         3.441 / 3.923         3.441 / 3.923         3.441 / 3.923       ms
[2026-04-03T01:05:15.480+0600][20.255s][info][gc,stats    ]          Critical: Relocation Stall                                  0 / 0                 0 / 0                 0 / 0                 0 / 0           ops/s
[2026-04-03T01:05:15.480+0600][20.255s][info][gc,stats    ]          Critical: Relocation Stall                              0.000 / 0.000         0.000 / 0.000         0.000 / 0.000         0.000 / 0.000       ms
[2026-04-03T01:05:15.480+0600][20.255s][info][gc,stats    ]  Major Collection: Major Collection                              0.000 / 0.000       209.299 / 297.790     209.299 / 297.790     209.299 / 297.790     ms
[2026-04-03T01:05:15.480+0600][20.255s][info][gc,stats    ]            Memory: Allocation Rate                                2085 / 2336           1331 / 2336           1331 / 2336           1331 / 2336        MB/s
[2026-04-03T01:05:15.480+0600][20.255s][info][gc,stats    ]            Memory: Defragment                                        0 / 0                 0 / 0                 0 / 0                 0 / 0           ops/s
[2026-04-03T01:05:15.480+0600][20.255s][info][gc,stats    ]            Memory: Out Of Memory                                     0 / 0                 0 / 0                 0 / 0                 0 / 0           ops/s
[2026-04-03T01:05:15.480+0600][20.255s][info][gc,stats    ]            Memory: Page Cache Flush                                  0 / 0                 0 / 0                 0 / 0                 0 / 0           MB/s
[2026-04-03T01:05:15.480+0600][20.255s][info][gc,stats    ]            Memory: Page Cache Hit L1                              1030 / 1159            589 / 1159            589 / 1159            589 / 1159        ops/s
[2026-04-03T01:05:15.480+0600][20.255s][info][gc,stats    ]            Memory: Page Cache Hit L2                                 0 / 0                 0 / 0                 0 / 0                 0 / 0           ops/s
[2026-04-03T01:05:15.480+0600][20.255s][info][gc,stats    ]            Memory: Page Cache Hit L3                                 0 / 0                 5 / 78                5 / 78                5 / 78          ops/s
[2026-04-03T01:05:15.480+0600][20.255s][info][gc,stats    ]            Memory: Page Cache Miss                                  16 / 62               73 / 469              73 / 469              73 / 469         ops/s
[2026-04-03T01:05:15.480+0600][20.255s][info][gc,stats    ]            Memory: Uncommit                                          0 / 0                 0 / 0                 0 / 0                 0 / 0           MB/s
[2026-04-03T01:05:15.480+0600][20.255s][info][gc,stats    ]            Memory: Undo Object Allocation Failed                     0 / 0                 0 / 0                 0 / 0                 0 / 0           ops/s
[2026-04-03T01:05:15.480+0600][20.255s][info][gc,stats    ]            Memory: Undo Object Allocation Succeeded                  0 / 0                 2 / 30                2 / 30                2 / 30          ops/s
[2026-04-03T01:05:15.480+0600][20.255s][info][gc,stats    ]            Memory: Undo Page Allocation                              1 / 5                 4 / 31                4 / 31                4 / 31          ops/s
[2026-04-03T01:05:15.480+0600][20.255s][info][gc,stats    ]  Minor Collection: Minor Collection                            145.987 / 269.511     140.498 / 269.511     140.498 / 269.511     140.498 / 269.511     ms
[2026-04-03T01:05:15.480+0600][20.255s][info][gc,stats    ]    Old Generation: Old Generation                                0.000 / 0.000       140.129 / 225.663     140.129 / 225.663     140.129 / 225.663     ms
[2026-04-03T01:05:15.480+0600][20.255s][info][gc,stats    ]         Old Pause: Pause Mark End                                0.000 / 0.000         0.031 / 0.041         0.031 / 0.041         0.031 / 0.041       ms
[2026-04-03T01:05:15.480+0600][20.255s][info][gc,stats    ]         Old Pause: Pause Relocate Start                          0.000 / 0.000         0.058 / 0.130         0.058 / 0.130         0.058 / 0.130       ms
[2026-04-03T01:05:15.480+0600][20.255s][info][gc,stats    ]         Old Phase: Concurrent Mark                               0.000 / 0.000        36.538 / 58.369       36.538 / 58.369       36.538 / 58.369      ms
[2026-04-03T01:05:15.480+0600][20.255s][info][gc,stats    ]         Old Phase: Concurrent Mark Continue                      0.000 / 0.000         0.000 / 0.000         0.000 / 0.000         0.000 / 0.000       ms
[2026-04-03T01:05:15.480+0600][20.255s][info][gc,stats    ]         Old Phase: Concurrent Mark Free                          0.000 / 0.000         0.002 / 0.002         0.002 / 0.002         0.002 / 0.002       ms
[2026-04-03T01:05:15.480+0600][20.255s][info][gc,stats    ]         Old Phase: Concurrent Process Non-Strong                 0.000 / 0.000        24.616 / 43.907       24.616 / 43.907       24.616 / 43.907      ms
[2026-04-03T01:05:15.480+0600][20.255s][info][gc,stats    ]         Old Phase: Concurrent Relocate                           0.000 / 0.000         6.406 / 13.720        6.406 / 13.720        6.406 / 13.720      ms
[2026-04-03T01:05:15.480+0600][20.255s][info][gc,stats    ]         Old Phase: Concurrent Remap Roots                        0.000 / 0.000        60.334 / 87.320       60.334 / 87.320       60.334 / 87.320      ms
[2026-04-03T01:05:15.480+0600][20.255s][info][gc,stats    ]         Old Phase: Concurrent Reset Relocation Set               0.000 / 0.000         0.002 / 0.003         0.002 / 0.003         0.002 / 0.003       ms
[2026-04-03T01:05:15.480+0600][20.255s][info][gc,stats    ]         Old Phase: Concurrent Select Relocation Set              0.000 / 0.000         9.279 / 20.643        9.279 / 20.643        9.279 / 20.643      ms
[2026-04-03T01:05:15.480+0600][20.255s][info][gc,stats    ]      Old Subphase: Concurrent Classes Purge                      0.000 / 0.000         1.661 / 5.518         1.661 / 5.518         1.661 / 5.518       ms
[2026-04-03T01:05:15.480+0600][20.255s][info][gc,stats    ]      Old Subphase: Concurrent Classes Unlink                     0.000 / 0.000        17.589 / 34.505       17.589 / 34.505       17.589 / 34.505      ms
[2026-04-03T01:05:15.480+0600][20.255s][info][gc,stats    ]      Old Subphase: Concurrent Mark Follow                        0.000 / 0.000        35.336 / 54.751       35.336 / 54.751       35.336 / 54.751      ms
[2026-04-03T01:05:15.480+0600][20.255s][info][gc,stats    ]      Old Subphase: Concurrent Mark Root Colored                  0.000 / 0.000         0.093 / 0.206         0.093 / 0.206         0.093 / 0.206       ms
[2026-04-03T01:05:15.480+0600][20.255s][info][gc,stats    ]      Old Subphase: Concurrent Mark Root Uncolored                0.000 / 0.000         0.143 / 0.532         0.143 / 0.532         0.143 / 0.532       ms
[2026-04-03T01:05:15.480+0600][20.255s][info][gc,stats    ]      Old Subphase: Concurrent Mark Roots                         0.000 / 0.000         1.195 / 3.608         1.195 / 3.608         1.195 / 3.608       ms
[2026-04-03T01:05:15.480+0600][20.255s][info][gc,stats    ]      Old Subphase: Concurrent References Enqueue                 0.000 / 0.000         0.140 / 0.543         0.140 / 0.543         0.140 / 0.543       ms
[2026-04-03T01:05:15.480+0600][20.255s][info][gc,stats    ]      Old Subphase: Concurrent References Process                 0.000 / 0.000         0.900 / 2.989         0.900 / 2.989         0.900 / 2.989       ms
[2026-04-03T01:05:15.480+0600][20.255s][info][gc,stats    ]      Old Subphase: Concurrent Remap Remembered                   0.000 / 0.000        55.716 / 83.823       55.716 / 83.823       55.716 / 83.823      ms
[2026-04-03T01:05:15.480+0600][20.255s][info][gc,stats    ]      Old Subphase: Concurrent Remap Roots Colored                0.000 / 0.000         0.322 / 1.430         0.322 / 1.430         0.322 / 1.430       ms
[2026-04-03T01:05:15.480+0600][20.255s][info][gc,stats    ]      Old Subphase: Concurrent Remap Roots Uncolored              0.000 / 0.000         1.550 / 8.584         1.550 / 8.584         1.550 / 8.584       ms
[2026-04-03T01:05:15.480+0600][20.255s][info][gc,stats    ]      Old Subphase: Concurrent Roots ClassLoaderDataGraph         0.000 / 0.000         0.305 / 1.243         0.305 / 1.243         0.305 / 1.243       ms
[2026-04-03T01:05:15.480+0600][20.255s][info][gc,stats    ]      Old Subphase: Concurrent Roots CodeCache                    0.000 / 0.000         2.315 / 8.567         2.315 / 8.567         2.315 / 8.567       ms
[2026-04-03T01:05:15.480+0600][20.255s][info][gc,stats    ]      Old Subphase: Concurrent Roots JavaThreads                  0.000 / 0.000         0.062 / 0.530         0.062 / 0.530         0.062 / 0.530       ms
[2026-04-03T01:05:15.480+0600][20.255s][info][gc,stats    ]      Old Subphase: Concurrent Roots OopStorageSet                0.000 / 0.000         0.021 / 0.093         0.021 / 0.093         0.021 / 0.093       ms
[2026-04-03T01:05:15.480+0600][20.255s][info][gc,stats    ]      Old Subphase: Concurrent Weak Roots OopStorageSet           0.000 / 0.000         0.312 / 1.196         0.312 / 1.196         0.312 / 1.196       ms
[2026-04-03T01:05:15.480+0600][20.255s][info][gc,stats    ]            System: Java Threads                                     21 / 22               20 / 24               20 / 24               20 / 24          threads
[2026-04-03T01:05:15.480+0600][20.255s][info][gc,stats    ]  Young Generation: Young Generation                              0.000 / 0.000        82.302 / 94.516       82.302 / 94.516       82.302 / 94.516      ms
[2026-04-03T01:05:15.480+0600][20.255s][info][gc,stats    ]  Young Generation: Young Generation                            145.295 / 268.800     139.816 / 268.800     139.816 / 268.800     139.816 / 268.800     ms
[2026-04-03T01:05:15.480+0600][20.255s][info][gc,stats    ]  Young Generation: Young Generation (Collect Roots)              0.000 / 0.000         4.955 / 4.955         4.955 / 4.955         4.955 / 4.955       ms
[2026-04-03T01:05:15.480+0600][20.255s][info][gc,stats    ]  Young Generation: Young Generation (Promote All)                0.000 / 0.000        20.926 / 20.926       20.926 / 20.926       20.926 / 20.926      ms
[2026-04-03T01:05:15.480+0600][20.255s][info][gc,stats    ]       Young Pause: Pause Mark End                                0.044 / 0.100         0.037 / 0.100         0.037 / 0.100         0.037 / 0.100       ms
[2026-04-03T01:05:15.480+0600][20.255s][info][gc,stats    ]       Young Pause: Pause Mark Start                              0.035 / 0.046         0.032 / 0.046         0.032 / 0.046         0.032 / 0.046       ms
[2026-04-03T01:05:15.480+0600][20.255s][info][gc,stats    ]       Young Pause: Pause Mark Start (Major)                      0.000 / 0.000         0.032 / 0.044         0.032 / 0.044         0.032 / 0.044       ms
[2026-04-03T01:05:15.480+0600][20.255s][info][gc,stats    ]       Young Pause: Pause Relocate Start                          0.029 / 0.040         0.026 / 0.040         0.026 / 0.040         0.026 / 0.040       ms
[2026-04-03T01:05:15.480+0600][20.255s][info][gc,stats    ]       Young Phase: Concurrent Mark                             103.467 / 219.771      74.975 / 219.771      74.975 / 219.771      74.975 / 219.771     ms
[2026-04-03T01:05:15.480+0600][20.255s][info][gc,stats    ]       Young Phase: Concurrent Mark Continue                      0.000 / 0.000         0.000 / 0.000         0.000 / 0.000         0.000 / 0.000       ms
[2026-04-03T01:05:15.480+0600][20.255s][info][gc,stats    ]       Young Phase: Concurrent Mark Free                          0.003 / 0.004         0.017 / 0.206         0.017 / 0.206         0.017 / 0.206       ms
[2026-04-03T01:05:15.480+0600][20.255s][info][gc,stats    ]       Young Phase: Concurrent Relocate                          21.530 / 38.443       14.655 / 38.443       14.655 / 38.443       14.655 / 38.443      ms
[2026-04-03T01:05:15.480+0600][20.255s][info][gc,stats    ]       Young Phase: Concurrent Reset Relocation Set               0.043 / 0.059         0.030 / 0.059         0.030 / 0.059         0.030 / 0.059       ms
[2026-04-03T01:05:15.480+0600][20.255s][info][gc,stats    ]       Young Phase: Concurrent Select Relocation Set             10.822 / 16.371       10.160 / 16.371       10.160 / 16.371       10.160 / 16.371      ms
[2026-04-03T01:05:15.480+0600][20.255s][info][gc,stats    ]    Young Subphase: Concurrent Mark Follow                       94.784 / 201.153      68.372 / 201.153      68.372 / 201.153      68.372 / 201.153     ms
[2026-04-03T01:05:15.480+0600][20.255s][info][gc,stats    ]    Young Subphase: Concurrent Mark Root Colored                  0.801 / 0.898         1.023 / 2.539         1.023 / 2.539         1.023 / 2.539       ms
[2026-04-03T01:05:15.480+0600][20.255s][info][gc,stats    ]    Young Subphase: Concurrent Mark Root Uncolored                7.493 / 15.244        3.668 / 15.244        3.668 / 15.244        3.668 / 15.244      ms
[2026-04-03T01:05:15.480+0600][20.256s][info][gc,stats    ]    Young Subphase: Concurrent Mark Roots                         8.675 / 18.608        6.595 / 18.608        6.595 / 18.608        6.595 / 18.608      ms
[2026-04-03T01:05:15.480+0600][20.256s][info][gc,stats    ]    Young Subphase: Concurrent Relocate Remset FP                 0.115 / 0.615         0.216 / 1.880         0.216 / 1.880         0.216 / 1.880       ms
[2026-04-03T01:05:15.480+0600][20.256s][info][gc,stats    ]    Young Subphase: Concurrent Roots ClassLoaderDataGraph         0.239 / 0.269         0.661 / 2.068         0.661 / 2.068         0.661 / 2.068       ms
[2026-04-03T01:05:15.480+0600][20.256s][info][gc,stats    ]    Young Subphase: Concurrent Roots CodeCache                    6.534 / 14.861        3.021 / 14.861        3.021 / 14.861        3.021 / 14.861      ms
[2026-04-03T01:05:15.480+0600][20.256s][info][gc,stats    ]    Young Subphase: Concurrent Roots JavaThreads                  0.484 / 3.431         0.461 / 4.331         0.461 / 4.331         0.461 / 4.331       ms
[2026-04-03T01:05:15.480+0600][20.256s][info][gc,stats    ]    Young Subphase: Concurrent Roots OopStorageSet                0.028 / 0.046         0.040 / 0.086         0.040 / 0.086         0.040 / 0.086       ms
[2026-04-03T01:05:15.480+0600][20.256s][info][gc,stats    ]    Young Subphase: Concurrent Weak Roots OopStorageSet           0.529 / 0.625         0.434 / 1.095         0.434 / 1.095         0.434 / 1.095       ms
[2026-04-03T01:05:15.480+0600][20.256s][info][gc,stats    ] =========================================================================================================================================================
[2026-04-03T01:05:15.481+0600][20.256s][info][gc,heap,exit] Heap
[2026-04-03T01:05:15.481+0600][20.256s][info][gc,heap,exit]  ZHeap           used 1268M, capacity 3228M, max capacity 3922M
[2026-04-03T01:05:15.481+0600][20.256s][info][gc,heap,exit]  Metaspace       used 8887K, committed 10048K, reserved 1114112K
[2026-04-03T01:05:15.481+0600][20.256s][info][gc,heap,exit]   class space    used 906K, committed 1344K, reserved 1048576K
