[2026-04-03T06:44:09.234+0600][0.005s][info][gc,init] CardTable entry size: 512
[2026-04-03T06:44:09.235+0600][0.005s][info][gc     ] Using G1
[2026-04-03T06:44:09.238+0600][0.009s][info][gc,init] Version: 21.0.10+7-Ubuntu-124.04 (release)
[2026-04-03T06:44:09.238+0600][0.009s][info][gc,init] CPUs: 12 total, 12 available
[2026-04-03T06:44:09.238+0600][0.009s][info][gc,init] Memory: 15683M
[2026-04-03T06:44:09.238+0600][0.009s][info][gc,init] Large Page Support: Disabled
[2026-04-03T06:44:09.238+0600][0.009s][info][gc,init] NUMA Support: Disabled
[2026-04-03T06:44:09.238+0600][0.009s][info][gc,init] Compressed Oops: Enabled (Zero based)
[2026-04-03T06:44:09.238+0600][0.009s][info][gc,init] Heap Region Size: 2M
[2026-04-03T06:44:09.238+0600][0.009s][info][gc,init] Heap Min Capacity: 8M
[2026-04-03T06:44:09.238+0600][0.009s][info][gc,init] Heap Initial Capacity: 246M
[2026-04-03T06:44:09.238+0600][0.009s][info][gc,init] Heap Max Capacity: 3922M
[2026-04-03T06:44:09.238+0600][0.009s][info][gc,init] Pre-touch: Disabled
[2026-04-03T06:44:09.238+0600][0.009s][info][gc,init] Parallel Workers: 10
[2026-04-03T06:44:09.238+0600][0.009s][info][gc,init] Concurrent Workers: 3
[2026-04-03T06:44:09.238+0600][0.009s][info][gc,init] Concurrent Refinement Workers: 10
[2026-04-03T06:44:09.238+0600][0.009s][info][gc,init] Periodic GC: Disabled
[2026-04-03T06:44:09.262+0600][0.033s][info][gc,metaspace] CDS archive(s) mapped at: [0x0000786327000000-0x0000786327c9c000-0x0000786327c9c000), size 13221888, SharedBaseAddress: 0x0000786327000000, ArchiveRelocationMode: 1.
[2026-04-03T06:44:09.262+0600][0.033s][info][gc,metaspace] Compressed class space mapped at: 0x0000786328000000-0x0000786368000000, reserved size: 1073741824
[2026-04-03T06:44:09.262+0600][0.033s][info][gc,metaspace] Narrow klass base: 0x0000786327000000, Narrow klass shift: 0, Narrow klass range: 0x100000000
[2026-04-03T06:44:09.889+0600][0.660s][info][gc,start    ] GC(0) Pause Young (Normal) (G1 Evacuation Pause)
[2026-04-03T06:44:09.891+0600][0.662s][info][gc,task     ] GC(0) Using 5 workers of 10 for evacuation
[2026-04-03T06:44:09.896+0600][0.666s][info][gc,phases   ] GC(0)   Pre Evacuate Collection Set: 0.21ms
[2026-04-03T06:44:09.896+0600][0.666s][info][gc,phases   ] GC(0)   Merge Heap Roots: 0.23ms
[2026-04-03T06:44:09.896+0600][0.666s][info][gc,phases   ] GC(0)   Evacuate Collection Set: 3.21ms
[2026-04-03T06:44:09.896+0600][0.667s][info][gc,phases   ] GC(0)   Post Evacuate Collection Set: 0.76ms
[2026-04-03T06:44:09.896+0600][0.667s][info][gc,phases   ] GC(0)   Other: 1.58ms
[2026-04-03T06:44:09.896+0600][0.667s][info][gc,heap     ] GC(0) Eden regions: 11->0(22)
[2026-04-03T06:44:09.896+0600][0.667s][info][gc,heap     ] GC(0) Survivor regions: 0->2(2)
[2026-04-03T06:44:09.896+0600][0.667s][info][gc,heap     ] GC(0) Old regions: 1->1
[2026-04-03T06:44:09.896+0600][0.667s][info][gc,heap     ] GC(0) Humongous regions: 0->0
[2026-04-03T06:44:09.896+0600][0.667s][info][gc,metaspace] GC(0) Metaspace: 2528K(2688K)->2528K(2688K) NonClass: 2300K(2368K)->2300K(2368K) Class: 228K(320K)->228K(320K)
[2026-04-03T06:44:09.896+0600][0.667s][info][gc          ] GC(0) Pause Young (Normal) (G1 Evacuation Pause) 23M->3M(248M) 6.576ms
[2026-04-03T06:44:09.896+0600][0.667s][info][gc,cpu      ] GC(0) User=0.02s Sys=0.00s Real=0.01s
[2026-04-03T06:44:10.117+0600][0.888s][info][gc,start    ] GC(1) Pause Young (Normal) (G1 Evacuation Pause)
[2026-04-03T06:44:10.117+0600][0.888s][info][gc,task     ] GC(1) Using 5 workers of 10 for evacuation
[2026-04-03T06:44:10.120+0600][0.891s][info][gc,phases   ] GC(1)   Pre Evacuate Collection Set: 0.14ms
[2026-04-03T06:44:10.120+0600][0.891s][info][gc,phases   ] GC(1)   Merge Heap Roots: 0.07ms
[2026-04-03T06:44:10.120+0600][0.891s][info][gc,phases   ] GC(1)   Evacuate Collection Set: 2.07ms
[2026-04-03T06:44:10.120+0600][0.891s][info][gc,phases   ] GC(1)   Post Evacuate Collection Set: 0.55ms
[2026-04-03T06:44:10.120+0600][0.891s][info][gc,phases   ] GC(1)   Other: 0.11ms
[2026-04-03T06:44:10.120+0600][0.891s][info][gc,heap     ] GC(1) Eden regions: 22->0(71)
[2026-04-03T06:44:10.120+0600][0.891s][info][gc,heap     ] GC(1) Survivor regions: 2->2(3)
[2026-04-03T06:44:10.120+0600][0.891s][info][gc,heap     ] GC(1) Old regions: 1->1
[2026-04-03T06:44:10.120+0600][0.891s][info][gc,heap     ] GC(1) Humongous regions: 0->0
[2026-04-03T06:44:10.120+0600][0.891s][info][gc,metaspace] GC(1) Metaspace: 3814K(3968K)->3814K(3968K) NonClass: 3381K(3456K)->3381K(3456K) Class: 432K(512K)->432K(512K)
[2026-04-03T06:44:10.120+0600][0.891s][info][gc          ] GC(1) Pause Young (Normal) (G1 Evacuation Pause) 47M->3M(248M) 3.317ms
[2026-04-03T06:44:10.120+0600][0.891s][info][gc,cpu      ] GC(1) User=0.01s Sys=0.00s Real=0.00s
[2026-04-03T06:44:11.219+0600][1.989s][info][gc,start    ] GC(2) Pause Young (Normal) (G1 Evacuation Pause)
[2026-04-03T06:44:11.219+0600][1.990s][info][gc,task     ] GC(2) Using 5 workers of 10 for evacuation
[2026-04-03T06:44:11.223+0600][1.994s][info][gc,phases   ] GC(2)   Pre Evacuate Collection Set: 0.23ms
[2026-04-03T06:44:11.223+0600][1.994s][info][gc,phases   ] GC(2)   Merge Heap Roots: 0.10ms
[2026-04-03T06:44:11.223+0600][1.994s][info][gc,phases   ] GC(2)   Evacuate Collection Set: 3.49ms
[2026-04-03T06:44:11.223+0600][1.994s][info][gc,phases   ] GC(2)   Post Evacuate Collection Set: 0.58ms
[2026-04-03T06:44:11.223+0600][1.994s][info][gc,phases   ] GC(2)   Other: 0.13ms
[2026-04-03T06:44:11.223+0600][1.994s][info][gc,heap     ] GC(2) Eden regions: 71->0(70)
[2026-04-03T06:44:11.223+0600][1.994s][info][gc,heap     ] GC(2) Survivor regions: 2->3(10)
[2026-04-03T06:44:11.223+0600][1.994s][info][gc,heap     ] GC(2) Old regions: 1->1
[2026-04-03T06:44:11.223+0600][1.994s][info][gc,heap     ] GC(2) Humongous regions: 0->0
[2026-04-03T06:44:11.223+0600][1.994s][info][gc,metaspace] GC(2) Metaspace: 10290K(10496K)->10290K(10496K) NonClass: 9018K(9152K)->9018K(9152K) Class: 1272K(1344K)->1272K(1344K)
[2026-04-03T06:44:11.223+0600][1.994s][info][gc          ] GC(2) Pause Young (Normal) (G1 Evacuation Pause) 145M->6M(248M) 4.899ms
[2026-04-03T06:44:11.224+0600][1.994s][info][gc,cpu      ] GC(2) User=0.01s Sys=0.01s Real=0.01s
[2026-04-03T06:44:11.743+0600][2.514s][info][gc,start    ] GC(3) Pause Young (Normal) (G1 Evacuation Pause)
[2026-04-03T06:44:11.743+0600][2.514s][info][gc,task     ] GC(3) Using 5 workers of 10 for evacuation
[2026-04-03T06:44:11.747+0600][2.517s][info][gc,phases   ] GC(3)   Pre Evacuate Collection Set: 0.20ms
[2026-04-03T06:44:11.747+0600][2.517s][info][gc,phases   ] GC(3)   Merge Heap Roots: 0.05ms
[2026-04-03T06:44:11.747+0600][2.517s][info][gc,phases   ] GC(3)   Evacuate Collection Set: 2.25ms
[2026-04-03T06:44:11.747+0600][2.517s][info][gc,phases   ] GC(3)   Post Evacuate Collection Set: 0.56ms
[2026-04-03T06:44:11.747+0600][2.517s][info][gc,phases   ] GC(3)   Other: 0.07ms
[2026-04-03T06:44:11.747+0600][2.517s][info][gc,heap     ] GC(3) Eden regions: 70->0(70)
[2026-04-03T06:44:11.747+0600][2.517s][info][gc,heap     ] GC(3) Survivor regions: 3->3(10)
[2026-04-03T06:44:11.747+0600][2.517s][info][gc,heap     ] GC(3) Old regions: 1->1
[2026-04-03T06:44:11.747+0600][2.517s][info][gc,heap     ] GC(3) Humongous regions: 0->0
[2026-04-03T06:44:11.747+0600][2.518s][info][gc,metaspace] GC(3) Metaspace: 18334K(18560K)->18334K(18560K) NonClass: 16033K(16192K)->16033K(16192K) Class: 2300K(2368K)->2300K(2368K)
[2026-04-03T06:44:11.747+0600][2.518s][info][gc          ] GC(3) Pause Young (Normal) (G1 Evacuation Pause) 146M->7M(248M) 3.415ms
[2026-04-03T06:44:11.747+0600][2.518s][info][gc,cpu      ] GC(3) User=0.02s Sys=0.00s Real=0.00s
[2026-04-03T06:44:11.956+0600][2.726s][info][gc,start    ] GC(4) Pause Young (Concurrent Start) (Metadata GC Threshold)
[2026-04-03T06:44:11.956+0600][2.726s][info][gc,task     ] GC(4) Using 5 workers of 10 for evacuation
[2026-04-03T06:44:11.960+0600][2.731s][info][gc,phases   ] GC(4)   Pre Evacuate Collection Set: 0.20ms
[2026-04-03T06:44:11.960+0600][2.731s][info][gc,phases   ] GC(4)   Merge Heap Roots: 0.08ms
[2026-04-03T06:44:11.960+0600][2.731s][info][gc,phases   ] GC(4)   Evacuate Collection Set: 3.07ms
[2026-04-03T06:44:11.960+0600][2.731s][info][gc,phases   ] GC(4)   Post Evacuate Collection Set: 0.95ms
[2026-04-03T06:44:11.960+0600][2.731s][info][gc,phases   ] GC(4)   Other: 0.12ms
[2026-04-03T06:44:11.960+0600][2.731s][info][gc,heap     ] GC(4) Eden regions: 28->0(69)
[2026-04-03T06:44:11.960+0600][2.731s][info][gc,heap     ] GC(4) Survivor regions: 3->4(10)
[2026-04-03T06:44:11.960+0600][2.731s][info][gc,heap     ] GC(4) Old regions: 1->1
[2026-04-03T06:44:11.960+0600][2.731s][info][gc,heap     ] GC(4) Humongous regions: 0->0
[2026-04-03T06:44:11.960+0600][2.731s][info][gc,metaspace] GC(4) Metaspace: 21242K(21504K)->21242K(21504K) NonClass: 18549K(18688K)->18549K(18688K) Class: 2692K(2816K)->2692K(2816K)
[2026-04-03T06:44:11.960+0600][2.731s][info][gc          ] GC(4) Pause Young (Concurrent Start) (Metadata GC Threshold) 62M->7M(248M) 4.733ms
[2026-04-03T06:44:11.960+0600][2.731s][info][gc,cpu      ] GC(4) User=0.01s Sys=0.00s Real=0.00s
[2026-04-03T06:44:11.960+0600][2.731s][info][gc          ] GC(5) Concurrent Mark Cycle
[2026-04-03T06:44:11.960+0600][2.731s][info][gc,marking  ] GC(5) Concurrent Scan Root Regions
[2026-04-03T06:44:11.963+0600][2.734s][info][gc,marking  ] GC(5) Concurrent Scan Root Regions 2.532ms
[2026-04-03T06:44:11.963+0600][2.734s][info][gc,marking  ] GC(5) Concurrent Mark
[2026-04-03T06:44:11.963+0600][2.734s][info][gc,marking  ] GC(5) Concurrent Mark From Roots
[2026-04-03T06:44:11.963+0600][2.734s][info][gc,task     ] GC(5) Using 3 workers of 3 for marking
[2026-04-03T06:44:11.968+0600][2.739s][info][gc,marking  ] GC(5) Concurrent Mark From Roots 5.371ms
[2026-04-03T06:44:11.968+0600][2.739s][info][gc,marking  ] GC(5) Concurrent Preclean
[2026-04-03T06:44:11.968+0600][2.739s][info][gc,marking  ] GC(5) Concurrent Preclean 0.031ms
[2026-04-03T06:44:11.969+0600][2.740s][info][gc,start    ] GC(5) Pause Remark
[2026-04-03T06:44:11.972+0600][2.743s][info][gc          ] GC(5) Pause Remark 9M->9M(34M) 3.554ms
[2026-04-03T06:44:11.972+0600][2.743s][info][gc,cpu      ] GC(5) User=0.01s Sys=0.00s Real=0.00s
[2026-04-03T06:44:11.973+0600][2.743s][info][gc,marking  ] GC(5) Concurrent Mark 9.545ms
[2026-04-03T06:44:11.973+0600][2.743s][info][gc,marking  ] GC(5) Concurrent Rebuild Remembered Sets and Scrub Regions
[2026-04-03T06:44:11.974+0600][2.745s][info][gc,marking  ] GC(5) Concurrent Rebuild Remembered Sets and Scrub Regions 1.398ms
[2026-04-03T06:44:11.981+0600][2.752s][info][gc,start    ] GC(5) Pause Cleanup
[2026-04-03T06:44:11.981+0600][2.752s][info][gc          ] GC(5) Pause Cleanup 9M->9M(34M) 0.312ms
[2026-04-03T06:44:11.981+0600][2.752s][info][gc,cpu      ] GC(5) User=0.00s Sys=0.00s Real=0.00s
[2026-04-03T06:44:11.982+0600][2.752s][info][gc,marking  ] GC(5) Concurrent Clear Claimed Marks
[2026-04-03T06:44:11.982+0600][2.753s][info][gc,marking  ] GC(5) Concurrent Clear Claimed Marks 0.059ms
[2026-04-03T06:44:11.982+0600][2.753s][info][gc,marking  ] GC(5) Concurrent Cleanup for Next Mark
[2026-04-03T06:44:11.982+0600][2.753s][info][gc,marking  ] GC(5) Concurrent Cleanup for Next Mark 0.753ms
[2026-04-03T06:44:11.983+0600][2.753s][info][gc          ] GC(5) Concurrent Mark Cycle 22.232ms
[2026-04-03T06:44:12.218+0600][2.989s][info][gc,start    ] GC(6) Pause Young (Prepare Mixed) (G1 Evacuation Pause)
[2026-04-03T06:44:12.218+0600][2.989s][info][gc,task     ] GC(6) Using 3 workers of 10 for evacuation
[2026-04-03T06:44:12.227+0600][2.997s][info][gc,phases   ] GC(6)   Pre Evacuate Collection Set: 0.32ms
[2026-04-03T06:44:12.227+0600][2.998s][info][gc,phases   ] GC(6)   Merge Heap Roots: 0.07ms
[2026-04-03T06:44:12.227+0600][2.998s][info][gc,phases   ] GC(6)   Evacuate Collection Set: 7.11ms
[2026-04-03T06:44:12.227+0600][2.998s][info][gc,phases   ] GC(6)   Post Evacuate Collection Set: 1.09ms
[2026-04-03T06:44:12.227+0600][2.998s][info][gc,phases   ] GC(6)   Other: 0.12ms
[2026-04-03T06:44:12.227+0600][2.998s][info][gc,heap     ] GC(6) Eden regions: 12->0(8)
[2026-04-03T06:44:12.227+0600][2.998s][info][gc,heap     ] GC(6) Survivor regions: 4->4(10)
[2026-04-03T06:44:12.227+0600][2.998s][info][gc,heap     ] GC(6) Old regions: 1->1
[2026-04-03T06:44:12.227+0600][2.998s][info][gc,heap     ] GC(6) Humongous regions: 0->0
[2026-04-03T06:44:12.227+0600][2.998s][info][gc,metaspace] GC(6) Metaspace: 23724K(24000K)->23724K(24000K) NonClass: 20647K(20800K)->20647K(20800K) Class: 3076K(3200K)->3076K(3200K)
[2026-04-03T06:44:12.227+0600][2.998s][info][gc          ] GC(6) Pause Young (Prepare Mixed) (G1 Evacuation Pause) 31M->8M(42M) 8.993ms
[2026-04-03T06:44:12.227+0600][2.998s][info][gc,cpu      ] GC(6) User=0.02s Sys=0.00s Real=0.01s
[2026-04-03T06:44:12.256+0600][3.027s][info][gc,start    ] GC(7) Pause Young (Mixed) (G1 Evacuation Pause)
[2026-04-03T06:44:12.256+0600][3.027s][info][gc,task     ] GC(7) Using 2 workers of 10 for evacuation
[2026-04-03T06:44:12.270+0600][3.041s][info][gc,phases   ] GC(7)   Pre Evacuate Collection Set: 0.11ms
[2026-04-03T06:44:12.270+0600][3.041s][info][gc,phases   ] GC(7)   Merge Heap Roots: 0.12ms
[2026-04-03T06:44:12.270+0600][3.041s][info][gc,phases   ] GC(7)   Evacuate Collection Set: 12.93ms
[2026-04-03T06:44:12.270+0600][3.041s][info][gc,phases   ] GC(7)   Post Evacuate Collection Set: 0.61ms
[2026-04-03T06:44:12.270+0600][3.041s][info][gc,phases   ] GC(7)   Other: 0.10ms
[2026-04-03T06:44:12.270+0600][3.041s][info][gc,heap     ] GC(7) Eden regions: 8->0(11)
[2026-04-03T06:44:12.270+0600][3.041s][info][gc,heap     ] GC(7) Survivor regions: 4->1(2)
[2026-04-03T06:44:12.270+0600][3.041s][info][gc,heap     ] GC(7) Old regions: 1->4
[2026-04-03T06:44:12.270+0600][3.041s][info][gc,heap     ] GC(7) Humongous regions: 0->0
[2026-04-03T06:44:12.270+0600][3.041s][info][gc,metaspace] GC(7) Metaspace: 24148K(24384K)->24148K(24384K) NonClass: 21028K(21184K)->21028K(21184K) Class: 3120K(3200K)->3120K(3200K)
[2026-04-03T06:44:12.270+0600][3.041s][info][gc          ] GC(7) Pause Young (Mixed) (G1 Evacuation Pause) 24M->8M(42M) 14.224ms
[2026-04-03T06:44:12.270+0600][3.041s][info][gc,cpu      ] GC(7) User=0.02s Sys=0.00s Real=0.01s
[2026-04-03T06:44:12.615+0600][3.386s][info][gc,start    ] GC(8) Pause Young (Normal) (G1 Evacuation Pause)
[2026-04-03T06:44:12.615+0600][3.386s][info][gc,task     ] GC(8) Using 2 workers of 10 for evacuation
[2026-04-03T06:44:12.621+0600][3.392s][info][gc,phases   ] GC(8)   Pre Evacuate Collection Set: 0.24ms
[2026-04-03T06:44:12.621+0600][3.392s][info][gc,phases   ] GC(8)   Merge Heap Roots: 0.14ms
[2026-04-03T06:44:12.621+0600][3.392s][info][gc,phases   ] GC(8)   Evacuate Collection Set: 3.17ms
[2026-04-03T06:44:12.621+0600][3.392s][info][gc,phases   ] GC(8)   Post Evacuate Collection Set: 1.78ms
[2026-04-03T06:44:12.621+0600][3.392s][info][gc,phases   ] GC(8)   Other: 0.07ms
[2026-04-03T06:44:12.621+0600][3.392s][info][gc,heap     ] GC(8) Eden regions: 11->0(41)
[2026-04-03T06:44:12.621+0600][3.392s][info][gc,heap     ] GC(8) Survivor regions: 1->2(2)
[2026-04-03T06:44:12.621+0600][3.392s][info][gc,heap     ] GC(8) Old regions: 4->4
[2026-04-03T06:44:12.621+0600][3.392s][info][gc,heap     ] GC(8) Humongous regions: 0->0
[2026-04-03T06:44:12.621+0600][3.392s][info][gc,metaspace] GC(8) Metaspace: 27977K(28224K)->27977K(28224K) NonClass: 24286K(24448K)->24286K(24448K) Class: 3691K(3776K)->3691K(3776K)
[2026-04-03T06:44:12.621+0600][3.392s][info][gc          ] GC(8) Pause Young (Normal) (G1 Evacuation Pause) 30M->9M(144M) 5.629ms
[2026-04-03T06:44:12.621+0600][3.392s][info][gc,cpu      ] GC(8) User=0.01s Sys=0.00s Real=0.00s
[2026-04-03T06:44:13.258+0600][4.029s][info][gc,start    ] GC(9) Pause Full (System.gc())
[2026-04-03T06:44:13.258+0600][4.029s][info][gc,task     ] GC(9) Using 3 workers of 10 for full compaction
[2026-04-03T06:44:13.258+0600][4.029s][info][gc,phases,start] GC(9) Phase 1: Mark live objects
[2026-04-03T06:44:13.275+0600][4.045s][info][gc,phases      ] GC(9) Phase 1: Mark live objects 16.037ms
[2026-04-03T06:44:13.275+0600][4.045s][info][gc,phases,start] GC(9) Phase 2: Prepare compaction
[2026-04-03T06:44:13.278+0600][4.048s][info][gc,phases      ] GC(9) Phase 2: Prepare compaction 2.956ms
[2026-04-03T06:44:13.278+0600][4.048s][info][gc,phases,start] GC(9) Phase 3: Adjust pointers
[2026-04-03T06:44:13.282+0600][4.053s][info][gc,phases      ] GC(9) Phase 3: Adjust pointers 4.812ms
[2026-04-03T06:44:13.283+0600][4.053s][info][gc,phases,start] GC(9) Phase 4: Compact heap
[2026-04-03T06:44:13.286+0600][4.056s][info][gc,phases      ] GC(9) Phase 4: Compact heap 2.965ms
[2026-04-03T06:44:13.286+0600][4.056s][info][gc,phases,start] GC(9) Phase 5: Reset Metadata
[2026-04-03T06:44:13.287+0600][4.058s][info][gc,phases      ] GC(9) Phase 5: Reset Metadata 1.257ms
[2026-04-03T06:44:13.290+0600][4.061s][info][gc,heap        ] GC(9) Eden regions: 24->0(14)
[2026-04-03T06:44:13.290+0600][4.061s][info][gc,heap        ] GC(9) Survivor regions: 2->0(2)
[2026-04-03T06:44:13.290+0600][4.061s][info][gc,heap        ] GC(9) Old regions: 4->7
[2026-04-03T06:44:13.290+0600][4.061s][info][gc,heap        ] GC(9) Humongous regions: 0->0
[2026-04-03T06:44:13.290+0600][4.061s][info][gc,metaspace   ] GC(9) Metaspace: 34817K(35200K)->34817K(35200K) NonClass: 30141K(30336K)->30141K(30336K) Class: 4676K(4864K)->4676K(4864K)
[2026-04-03T06:44:13.290+0600][4.061s][info][gc             ] GC(9) Pause Full (System.gc()) 57M->11M(48M) 32.274ms
[2026-04-03T06:44:13.290+0600][4.061s][info][gc,cpu         ] GC(9) User=0.10s Sys=0.01s Real=0.03s
[2026-04-03T06:44:13.766+0600][4.537s][info][gc,start       ] GC(10) Pause Young (Normal) (G1 Evacuation Pause)
[2026-04-03T06:44:13.766+0600][4.537s][info][gc,task        ] GC(10) Using 10 workers of 10 for evacuation
[2026-04-03T06:44:13.770+0600][4.541s][info][gc,phases      ] GC(10)   Pre Evacuate Collection Set: 0.20ms
[2026-04-03T06:44:13.770+0600][4.541s][info][gc,phases      ] GC(10)   Merge Heap Roots: 0.14ms
[2026-04-03T06:44:13.770+0600][4.541s][info][gc,phases      ] GC(10)   Evacuate Collection Set: 2.79ms
[2026-04-03T06:44:13.770+0600][4.541s][info][gc,phases      ] GC(10)   Post Evacuate Collection Set: 0.48ms
[2026-04-03T06:44:13.770+0600][4.541s][info][gc,phases      ] GC(10)   Other: 0.09ms
[2026-04-03T06:44:13.770+0600][4.541s][info][gc,heap        ] GC(10) Eden regions: 14->0(13)
[2026-04-03T06:44:13.770+0600][4.541s][info][gc,heap        ] GC(10) Survivor regions: 0->1(2)
[2026-04-03T06:44:13.770+0600][4.541s][info][gc,heap        ] GC(10) Old regions: 7->7
[2026-04-03T06:44:13.770+0600][4.541s][info][gc,heap        ] GC(10) Humongous regions: 0->0
[2026-04-03T06:44:13.770+0600][4.541s][info][gc,metaspace   ] GC(10) Metaspace: 38441K(38848K)->38441K(38848K) NonClass: 33053K(33280K)->33053K(33280K) Class: 5387K(5568K)->5387K(5568K)
[2026-04-03T06:44:13.770+0600][4.541s][info][gc             ] GC(10) Pause Young (Normal) (G1 Evacuation Pause) 39M->12M(48M) 4.098ms
[2026-04-03T06:44:13.770+0600][4.541s][info][gc,cpu         ] GC(10) User=0.03s Sys=0.01s Real=0.00s
[2026-04-03T06:44:14.095+0600][4.865s][info][gc,start       ] GC(11) Pause Young (Normal) (G1 Evacuation Pause)
[2026-04-03T06:44:14.095+0600][4.866s][info][gc,task        ] GC(11) Using 10 workers of 10 for evacuation
[2026-04-03T06:44:14.100+0600][4.871s][info][gc,phases      ] GC(11)   Pre Evacuate Collection Set: 0.22ms
[2026-04-03T06:44:14.100+0600][4.871s][info][gc,phases      ] GC(11)   Merge Heap Roots: 0.10ms
[2026-04-03T06:44:14.100+0600][4.871s][info][gc,phases      ] GC(11)   Evacuate Collection Set: 3.84ms
[2026-04-03T06:44:14.100+0600][4.871s][info][gc,phases      ] GC(11)   Post Evacuate Collection Set: 0.89ms
[2026-04-03T06:44:14.100+0600][4.871s][info][gc,phases      ] GC(11)   Other: 0.10ms
[2026-04-03T06:44:14.100+0600][4.871s][info][gc,heap        ] GC(11) Eden regions: 13->0(13)
[2026-04-03T06:44:14.100+0600][4.871s][info][gc,heap        ] GC(11) Survivor regions: 1->1(2)
[2026-04-03T06:44:14.100+0600][4.871s][info][gc,heap        ] GC(11) Old regions: 7->7
[2026-04-03T06:44:14.100+0600][4.871s][info][gc,heap        ] GC(11) Humongous regions: 0->0
[2026-04-03T06:44:14.100+0600][4.871s][info][gc,metaspace   ] GC(11) Metaspace: 43222K(43904K)->43222K(43904K) NonClass: 36582K(36992K)->36582K(36992K) Class: 6639K(6912K)->6639K(6912K)
[2026-04-03T06:44:14.100+0600][4.871s][info][gc             ] GC(11) Pause Young (Normal) (G1 Evacuation Pause) 38M->12M(48M) 5.547ms
[2026-04-03T06:44:14.100+0600][4.871s][info][gc,cpu         ] GC(11) User=0.05s Sys=0.00s Real=0.00s
[2026-04-03T06:44:14.505+0600][5.275s][info][gc,start       ] GC(12) Pause Young (Normal) (G1 Evacuation Pause)
[2026-04-03T06:44:14.505+0600][5.275s][info][gc,task        ] GC(12) Using 10 workers of 10 for evacuation
[2026-04-03T06:44:14.514+0600][5.285s][info][gc,phases      ] GC(12)   Pre Evacuate Collection Set: 0.20ms
[2026-04-03T06:44:14.514+0600][5.285s][info][gc,phases      ] GC(12)   Merge Heap Roots: 0.17ms
[2026-04-03T06:44:14.514+0600][5.285s][info][gc,phases      ] GC(12)   Evacuate Collection Set: 7.95ms
[2026-04-03T06:44:14.514+0600][5.285s][info][gc,phases      ] GC(12)   Post Evacuate Collection Set: 1.19ms
[2026-04-03T06:44:14.514+0600][5.285s][info][gc,phases      ] GC(12)   Other: 0.11ms
[2026-04-03T06:44:14.514+0600][5.285s][info][gc,heap        ] GC(12) Eden regions: 13->0(12)
[2026-04-03T06:44:14.514+0600][5.285s][info][gc,heap        ] GC(12) Survivor regions: 1->2(2)
[2026-04-03T06:44:14.515+0600][5.285s][info][gc,heap        ] GC(12) Old regions: 7->7
[2026-04-03T06:44:14.515+0600][5.285s][info][gc,heap        ] GC(12) Humongous regions: 0->0
[2026-04-03T06:44:14.515+0600][5.285s][info][gc,metaspace   ] GC(12) Metaspace: 48170K(48832K)->48170K(48832K) NonClass: 40479K(40896K)->40479K(40896K) Class: 7691K(7936K)->7691K(7936K)
[2026-04-03T06:44:14.515+0600][5.285s][info][gc             ] GC(12) Pause Young (Normal) (G1 Evacuation Pause) 38M->14M(48M) 10.107ms
[2026-04-03T06:44:14.515+0600][5.285s][info][gc,cpu         ] GC(12) User=0.06s Sys=0.00s Real=0.01s
[2026-04-03T06:44:14.906+0600][5.677s][info][gc,start       ] GC(13) Pause Young (Normal) (G1 Evacuation Pause)
[2026-04-03T06:44:14.906+0600][5.677s][info][gc,task        ] GC(13) Using 10 workers of 10 for evacuation
[2026-04-03T06:44:14.916+0600][5.687s][info][gc,phases      ] GC(13)   Pre Evacuate Collection Set: 0.22ms
[2026-04-03T06:44:14.916+0600][5.687s][info][gc,phases      ] GC(13)   Merge Heap Roots: 0.12ms
[2026-04-03T06:44:14.916+0600][5.687s][info][gc,phases      ] GC(13)   Evacuate Collection Set: 8.04ms
[2026-04-03T06:44:14.916+0600][5.687s][info][gc,phases      ] GC(13)   Post Evacuate Collection Set: 0.89ms
[2026-04-03T06:44:14.916+0600][5.687s][info][gc,phases      ] GC(13)   Other: 0.12ms
[2026-04-03T06:44:14.916+0600][5.687s][info][gc,heap        ] GC(13) Eden regions: 12->0(10)
[2026-04-03T06:44:14.916+0600][5.687s][info][gc,heap        ] GC(13) Survivor regions: 2->2(2)
[2026-04-03T06:44:14.916+0600][5.687s][info][gc,heap        ] GC(13) Old regions: 7->9
[2026-04-03T06:44:14.916+0600][5.687s][info][gc,heap        ] GC(13) Humongous regions: 0->0
[2026-04-03T06:44:14.916+0600][5.687s][info][gc,metaspace   ] GC(13) Metaspace: 51838K(52480K)->51838K(52480K) NonClass: 43441K(43840K)->43441K(43840K) Class: 8396K(8640K)->8396K(8640K)
[2026-04-03T06:44:14.916+0600][5.687s][info][gc             ] GC(13) Pause Young (Normal) (G1 Evacuation Pause) 38M->18M(50M) 9.823ms
[2026-04-03T06:44:14.916+0600][5.687s][info][gc,cpu         ] GC(13) User=0.09s Sys=0.01s Real=0.01s
[2026-04-03T06:44:15.759+0600][6.530s][info][gc,start       ] GC(14) Pause Young (Normal) (G1 Evacuation Pause)
[2026-04-03T06:44:15.759+0600][6.530s][info][gc,task        ] GC(14) Using 10 workers of 10 for evacuation
[2026-04-03T06:44:15.765+0600][6.536s][info][gc,phases      ] GC(14)   Pre Evacuate Collection Set: 0.24ms
[2026-04-03T06:44:15.765+0600][6.536s][info][gc,phases      ] GC(14)   Merge Heap Roots: 0.22ms
[2026-04-03T06:44:15.765+0600][6.536s][info][gc,phases      ] GC(14)   Evacuate Collection Set: 4.37ms
[2026-04-03T06:44:15.765+0600][6.536s][info][gc,phases      ] GC(14)   Post Evacuate Collection Set: 1.14ms
[2026-04-03T06:44:15.765+0600][6.536s][info][gc,phases      ] GC(14)   Other: 0.14ms
[2026-04-03T06:44:15.765+0600][6.536s][info][gc,heap        ] GC(14) Eden regions: 10->0(43)
[2026-04-03T06:44:15.765+0600][6.536s][info][gc,heap        ] GC(14) Survivor regions: 2->1(2)
[2026-04-03T06:44:15.765+0600][6.536s][info][gc,heap        ] GC(14) Old regions: 9->11
[2026-04-03T06:44:15.765+0600][6.536s][info][gc,heap        ] GC(14) Humongous regions: 0->0
[2026-04-03T06:44:15.765+0600][6.536s][info][gc,metaspace   ] GC(14) Metaspace: 53859K(54592K)->53859K(54592K) NonClass: 45313K(45760K)->45313K(45760K) Class: 8545K(8832K)->8545K(8832K)
[2026-04-03T06:44:15.765+0600][6.536s][info][gc             ] GC(14) Pause Young (Normal) (G1 Evacuation Pause) 38M->20M(148M) 6.692ms
[2026-04-03T06:44:15.765+0600][6.536s][info][gc,cpu         ] GC(14) User=0.04s Sys=0.00s Real=0.01s
[2026-04-03T06:44:18.667+0600][9.438s][info][gc,start       ] GC(15) Pause Young (Normal) (G1 Evacuation Pause)
[2026-04-03T06:44:18.667+0600][9.438s][info][gc,task        ] GC(15) Using 10 workers of 10 for evacuation
[2026-04-03T06:44:18.672+0600][9.443s][info][gc,phases      ] GC(15)   Pre Evacuate Collection Set: 0.33ms
[2026-04-03T06:44:18.673+0600][9.443s][info][gc,phases      ] GC(15)   Merge Heap Roots: 0.22ms
[2026-04-03T06:44:18.673+0600][9.444s][info][gc,phases      ] GC(15)   Evacuate Collection Set: 3.54ms
[2026-04-03T06:44:18.673+0600][9.444s][info][gc,phases      ] GC(15)   Post Evacuate Collection Set: 0.88ms
[2026-04-03T06:44:18.673+0600][9.444s][info][gc,phases      ] GC(15)   Other: 0.15ms
[2026-04-03T06:44:18.673+0600][9.444s][info][gc,heap        ] GC(15) Eden regions: 43->0(43)
[2026-04-03T06:44:18.673+0600][9.444s][info][gc,heap        ] GC(15) Survivor regions: 1->1(6)
[2026-04-03T06:44:18.673+0600][9.444s][info][gc,heap        ] GC(15) Old regions: 11->11
[2026-04-03T06:44:18.673+0600][9.444s][info][gc,heap        ] GC(15) Humongous regions: 0->0
[2026-04-03T06:44:18.673+0600][9.444s][info][gc,metaspace   ] GC(15) Metaspace: 54748K(55424K)->54748K(55424K) NonClass: 46198K(46592K)->46198K(46592K) Class: 8549K(8832K)->8549K(8832K)
[2026-04-03T06:44:18.673+0600][9.444s][info][gc             ] GC(15) Pause Young (Normal) (G1 Evacuation Pause) 106M->19M(148M) 5.841ms
[2026-04-03T06:44:18.673+0600][9.444s][info][gc,cpu         ] GC(15) User=0.03s Sys=0.01s Real=0.00s
[2026-04-03T06:44:20.604+0600][11.374s][info][gc,start       ] GC(16) Pause Young (Normal) (G1 Evacuation Pause)
[2026-04-03T06:44:20.604+0600][11.375s][info][gc,task        ] GC(16) Using 10 workers of 10 for evacuation
[2026-04-03T06:44:20.609+0600][11.379s][info][gc,phases      ] GC(16)   Pre Evacuate Collection Set: 0.31ms
[2026-04-03T06:44:20.609+0600][11.380s][info][gc,phases      ] GC(16)   Merge Heap Roots: 0.25ms
[2026-04-03T06:44:20.609+0600][11.380s][info][gc,phases      ] GC(16)   Evacuate Collection Set: 3.19ms
[2026-04-03T06:44:20.609+0600][11.380s][info][gc,phases      ] GC(16)   Post Evacuate Collection Set: 0.93ms
[2026-04-03T06:44:20.609+0600][11.380s][info][gc,phases      ] GC(16)   Other: 0.16ms
[2026-04-03T06:44:20.609+0600][11.380s][info][gc,heap        ] GC(16) Eden regions: 43->0(43)
[2026-04-03T06:44:20.609+0600][11.380s][info][gc,heap        ] GC(16) Survivor regions: 1->1(6)
[2026-04-03T06:44:20.609+0600][11.380s][info][gc,heap        ] GC(16) Old regions: 11->11
[2026-04-03T06:44:20.609+0600][11.380s][info][gc,heap        ] GC(16) Humongous regions: 0->0
[2026-04-03T06:44:20.609+0600][11.380s][info][gc,metaspace   ] GC(16) Metaspace: 54943K(55680K)->54943K(55680K) NonClass: 46389K(46848K)->46389K(46848K) Class: 8553K(8832K)->8553K(8832K)
[2026-04-03T06:44:20.609+0600][11.380s][info][gc             ] GC(16) Pause Young (Normal) (G1 Evacuation Pause) 105M->19M(148M) 5.460ms
[2026-04-03T06:44:20.609+0600][11.380s][info][gc,cpu         ] GC(16) User=0.03s Sys=0.00s Real=0.00s
[2026-04-03T06:44:21.837+0600][12.608s][info][gc,start       ] GC(17) Pause Young (Normal) (G1 Evacuation Pause)
[2026-04-03T06:44:21.837+0600][12.608s][info][gc,task        ] GC(17) Using 10 workers of 10 for evacuation
[2026-04-03T06:44:21.843+0600][12.614s][info][gc,phases      ] GC(17)   Pre Evacuate Collection Set: 0.32ms
[2026-04-03T06:44:21.843+0600][12.614s][info][gc,phases      ] GC(17)   Merge Heap Roots: 0.19ms
[2026-04-03T06:44:21.843+0600][12.614s][info][gc,phases      ] GC(17)   Evacuate Collection Set: 4.43ms
[2026-04-03T06:44:21.843+0600][12.614s][info][gc,phases      ] GC(17)   Post Evacuate Collection Set: 0.83ms
[2026-04-03T06:44:21.843+0600][12.614s][info][gc,phases      ] GC(17)   Other: 0.13ms
[2026-04-03T06:44:21.843+0600][12.614s][info][gc,heap        ] GC(17) Eden regions: 43->0(43)
[2026-04-03T06:44:21.843+0600][12.614s][info][gc,heap        ] GC(17) Survivor regions: 1->1(6)
[2026-04-03T06:44:21.843+0600][12.614s][info][gc,heap        ] GC(17) Old regions: 11->11
[2026-04-03T06:44:21.843+0600][12.614s][info][gc,heap        ] GC(17) Humongous regions: 0->0
[2026-04-03T06:44:21.843+0600][12.614s][info][gc,metaspace   ] GC(17) Metaspace: 55032K(55744K)->55032K(55744K) NonClass: 46478K(46912K)->46478K(46912K) Class: 8553K(8832K)->8553K(8832K)
[2026-04-03T06:44:21.843+0600][12.614s][info][gc             ] GC(17) Pause Young (Normal) (G1 Evacuation Pause) 105M->19M(148M) 6.391ms
[2026-04-03T06:44:21.844+0600][12.614s][info][gc,cpu         ] GC(17) User=0.02s Sys=0.01s Real=0.01s
[2026-04-03T06:44:22.729+0600][13.500s][info][gc,start       ] GC(18) Pause Young (Normal) (G1 Evacuation Pause)
[2026-04-03T06:44:22.730+0600][13.500s][info][gc,task        ] GC(18) Using 10 workers of 10 for evacuation
[2026-04-03T06:44:22.736+0600][13.507s][info][gc,phases      ] GC(18)   Pre Evacuate Collection Set: 0.31ms
[2026-04-03T06:44:22.736+0600][13.507s][info][gc,phases      ] GC(18)   Merge Heap Roots: 0.24ms
[2026-04-03T06:44:22.736+0600][13.507s][info][gc,phases      ] GC(18)   Evacuate Collection Set: 4.71ms
[2026-04-03T06:44:22.736+0600][13.507s][info][gc,phases      ] GC(18)   Post Evacuate Collection Set: 0.87ms
[2026-04-03T06:44:22.736+0600][13.507s][info][gc,phases      ] GC(18)   Other: 0.13ms
[2026-04-03T06:44:22.736+0600][13.507s][info][gc,heap        ] GC(18) Eden regions: 43->0(43)
[2026-04-03T06:44:22.736+0600][13.507s][info][gc,heap        ] GC(18) Survivor regions: 1->1(6)
[2026-04-03T06:44:22.736+0600][13.507s][info][gc,heap        ] GC(18) Old regions: 11->11
[2026-04-03T06:44:22.736+0600][13.507s][info][gc,heap        ] GC(18) Humongous regions: 0->0
[2026-04-03T06:44:22.736+0600][13.507s][info][gc,metaspace   ] GC(18) Metaspace: 55044K(55744K)->55044K(55744K) NonClass: 46490K(46912K)->46490K(46912K) Class: 8553K(8832K)->8553K(8832K)
[2026-04-03T06:44:22.736+0600][13.507s][info][gc             ] GC(18) Pause Young (Normal) (G1 Evacuation Pause) 105M->19M(148M) 6.688ms
[2026-04-03T06:44:22.736+0600][13.507s][info][gc,cpu         ] GC(18) User=0.03s Sys=0.00s Real=0.01s
[2026-04-03T06:44:23.837+0600][14.608s][info][gc,start       ] GC(19) Pause Young (Normal) (G1 Evacuation Pause)
[2026-04-03T06:44:23.837+0600][14.608s][info][gc,task        ] GC(19) Using 10 workers of 10 for evacuation
[2026-04-03T06:44:23.847+0600][14.617s][info][gc,phases      ] GC(19)   Pre Evacuate Collection Set: 2.49ms
[2026-04-03T06:44:23.847+0600][14.617s][info][gc,phases      ] GC(19)   Merge Heap Roots: 0.34ms
[2026-04-03T06:44:23.847+0600][14.618s][info][gc,phases      ] GC(19)   Evacuate Collection Set: 4.94ms
[2026-04-03T06:44:23.847+0600][14.618s][info][gc,phases      ] GC(19)   Post Evacuate Collection Set: 1.19ms
[2026-04-03T06:44:23.847+0600][14.618s][info][gc,phases      ] GC(19)   Other: 0.21ms
[2026-04-03T06:44:23.847+0600][14.618s][info][gc,heap        ] GC(19) Eden regions: 43->0(43)
[2026-04-03T06:44:23.847+0600][14.618s][info][gc,heap        ] GC(19) Survivor regions: 1->1(6)
[2026-04-03T06:44:23.847+0600][14.618s][info][gc,heap        ] GC(19) Old regions: 11->11
[2026-04-03T06:44:23.847+0600][14.618s][info][gc,heap        ] GC(19) Humongous regions: 0->0
[2026-04-03T06:44:23.847+0600][14.618s][info][gc,metaspace   ] GC(19) Metaspace: 55056K(55744K)->55056K(55744K) NonClass: 46502K(46912K)->46502K(46912K) Class: 8554K(8832K)->8554K(8832K)
[2026-04-03T06:44:23.847+0600][14.618s][info][gc             ] GC(19) Pause Young (Normal) (G1 Evacuation Pause) 105M->19M(148M) 9.884ms
[2026-04-03T06:44:23.847+0600][14.618s][info][gc,cpu         ] GC(19) User=0.04s Sys=0.01s Real=0.01s
[2026-04-03T06:44:25.061+0600][15.832s][info][gc,start       ] GC(20) Pause Young (Normal) (G1 Evacuation Pause)
[2026-04-03T06:44:25.062+0600][15.832s][info][gc,task        ] GC(20) Using 10 workers of 10 for evacuation
[2026-04-03T06:44:25.067+0600][15.838s][info][gc,phases      ] GC(20)   Pre Evacuate Collection Set: 0.35ms
[2026-04-03T06:44:25.067+0600][15.838s][info][gc,phases      ] GC(20)   Merge Heap Roots: 0.24ms
[2026-04-03T06:44:25.067+0600][15.838s][info][gc,phases      ] GC(20)   Evacuate Collection Set: 4.04ms
[2026-04-03T06:44:25.067+0600][15.838s][info][gc,phases      ] GC(20)   Post Evacuate Collection Set: 0.75ms
[2026-04-03T06:44:25.067+0600][15.838s][info][gc,phases      ] GC(20)   Other: 0.13ms
[2026-04-03T06:44:25.067+0600][15.838s][info][gc,heap        ] GC(20) Eden regions: 43->0(43)
[2026-04-03T06:44:25.067+0600][15.838s][info][gc,heap        ] GC(20) Survivor regions: 1->1(6)
[2026-04-03T06:44:25.067+0600][15.838s][info][gc,heap        ] GC(20) Old regions: 11->11
[2026-04-03T06:44:25.067+0600][15.838s][info][gc,heap        ] GC(20) Humongous regions: 0->0
[2026-04-03T06:44:25.067+0600][15.838s][info][gc,metaspace   ] GC(20) Metaspace: 55058K(55744K)->55058K(55744K) NonClass: 46504K(46912K)->46504K(46912K) Class: 8554K(8832K)->8554K(8832K)
[2026-04-03T06:44:25.067+0600][15.838s][info][gc             ] GC(20) Pause Young (Normal) (G1 Evacuation Pause) 105M->19M(148M) 6.079ms
[2026-04-03T06:44:25.068+0600][15.838s][info][gc,cpu         ] GC(20) User=0.03s Sys=0.00s Real=0.01s
[2026-04-03T06:44:26.102+0600][16.873s][info][gc,start       ] GC(21) Pause Young (Normal) (G1 Evacuation Pause)
[2026-04-03T06:44:26.103+0600][16.873s][info][gc,task        ] GC(21) Using 10 workers of 10 for evacuation
[2026-04-03T06:44:26.108+0600][16.878s][info][gc,phases      ] GC(21)   Pre Evacuate Collection Set: 0.36ms
[2026-04-03T06:44:26.108+0600][16.879s][info][gc,phases      ] GC(21)   Merge Heap Roots: 0.57ms
[2026-04-03T06:44:26.108+0600][16.879s][info][gc,phases      ] GC(21)   Evacuate Collection Set: 3.10ms
[2026-04-03T06:44:26.108+0600][16.879s][info][gc,phases      ] GC(21)   Post Evacuate Collection Set: 0.83ms
[2026-04-03T06:44:26.108+0600][16.879s][info][gc,phases      ] GC(21)   Other: 0.16ms
[2026-04-03T06:44:26.108+0600][16.879s][info][gc,heap        ] GC(21) Eden regions: 43->0(43)
[2026-04-03T06:44:26.108+0600][16.879s][info][gc,heap        ] GC(21) Survivor regions: 1->1(6)
[2026-04-03T06:44:26.108+0600][16.879s][info][gc,heap        ] GC(21) Old regions: 11->11
[2026-04-03T06:44:26.108+0600][16.879s][info][gc,heap        ] GC(21) Humongous regions: 0->0
[2026-04-03T06:44:26.108+0600][16.879s][info][gc,metaspace   ] GC(21) Metaspace: 55061K(55744K)->55061K(55744K) NonClass: 46506K(46912K)->46506K(46912K) Class: 8554K(8832K)->8554K(8832K)
[2026-04-03T06:44:26.108+0600][16.879s][info][gc             ] GC(21) Pause Young (Normal) (G1 Evacuation Pause) 105M->19M(148M) 5.612ms
[2026-04-03T06:44:26.108+0600][16.879s][info][gc,cpu         ] GC(21) User=0.03s Sys=0.00s Real=0.01s
[2026-04-03T06:44:27.128+0600][17.899s][info][gc,start       ] GC(22) Pause Young (Normal) (G1 Evacuation Pause)
[2026-04-03T06:44:27.129+0600][17.899s][info][gc,task        ] GC(22) Using 10 workers of 10 for evacuation
[2026-04-03T06:44:27.134+0600][17.905s][info][gc,phases      ] GC(22)   Pre Evacuate Collection Set: 0.39ms
[2026-04-03T06:44:27.134+0600][17.905s][info][gc,phases      ] GC(22)   Merge Heap Roots: 0.28ms
[2026-04-03T06:44:27.134+0600][17.905s][info][gc,phases      ] GC(22)   Evacuate Collection Set: 3.64ms
[2026-04-03T06:44:27.134+0600][17.905s][info][gc,phases      ] GC(22)   Post Evacuate Collection Set: 0.84ms
[2026-04-03T06:44:27.134+0600][17.905s][info][gc,phases      ] GC(22)   Other: 0.15ms
[2026-04-03T06:44:27.134+0600][17.905s][info][gc,heap        ] GC(22) Eden regions: 43->0(43)
[2026-04-03T06:44:27.134+0600][17.905s][info][gc,heap        ] GC(22) Survivor regions: 1->1(6)
[2026-04-03T06:44:27.134+0600][17.905s][info][gc,heap        ] GC(22) Old regions: 11->11
[2026-04-03T06:44:27.134+0600][17.905s][info][gc,heap        ] GC(22) Humongous regions: 0->0
[2026-04-03T06:44:27.134+0600][17.905s][info][gc,metaspace   ] GC(22) Metaspace: 55064K(55744K)->55064K(55744K) NonClass: 46509K(46912K)->46509K(46912K) Class: 8554K(8832K)->8554K(8832K)
[2026-04-03T06:44:27.134+0600][17.905s][info][gc             ] GC(22) Pause Young (Normal) (G1 Evacuation Pause) 105M->19M(148M) 5.826ms
[2026-04-03T06:44:27.134+0600][17.905s][info][gc,cpu         ] GC(22) User=0.03s Sys=0.00s Real=0.01s
[2026-04-03T06:44:28.147+0600][18.918s][info][gc,start       ] GC(23) Pause Young (Normal) (G1 Evacuation Pause)
[2026-04-03T06:44:28.147+0600][18.918s][info][gc,task        ] GC(23) Using 10 workers of 10 for evacuation
[2026-04-03T06:44:28.152+0600][18.923s][info][gc,phases      ] GC(23)   Pre Evacuate Collection Set: 0.37ms
[2026-04-03T06:44:28.152+0600][18.923s][info][gc,phases      ] GC(23)   Merge Heap Roots: 0.44ms
[2026-04-03T06:44:28.152+0600][18.923s][info][gc,phases      ] GC(23)   Evacuate Collection Set: 3.08ms
[2026-04-03T06:44:28.152+0600][18.923s][info][gc,phases      ] GC(23)   Post Evacuate Collection Set: 0.96ms
[2026-04-03T06:44:28.152+0600][18.923s][info][gc,phases      ] GC(23)   Other: 0.15ms
[2026-04-03T06:44:28.152+0600][18.923s][info][gc,heap        ] GC(23) Eden regions: 43->0(43)
[2026-04-03T06:44:28.152+0600][18.923s][info][gc,heap        ] GC(23) Survivor regions: 1->1(6)
[2026-04-03T06:44:28.152+0600][18.923s][info][gc,heap        ] GC(23) Old regions: 11->11
[2026-04-03T06:44:28.152+0600][18.923s][info][gc,heap        ] GC(23) Humongous regions: 0->0
[2026-04-03T06:44:28.152+0600][18.923s][info][gc,metaspace   ] GC(23) Metaspace: 55065K(55744K)->55065K(55744K) NonClass: 46510K(46912K)->46510K(46912K) Class: 8555K(8832K)->8555K(8832K)
[2026-04-03T06:44:28.152+0600][18.923s][info][gc             ] GC(23) Pause Young (Normal) (G1 Evacuation Pause) 105M->19M(148M) 5.496ms
[2026-04-03T06:44:28.152+0600][18.923s][info][gc,cpu         ] GC(23) User=0.02s Sys=0.01s Real=0.00s
[2026-04-03T06:44:29.058+0600][19.828s][info][gc,start       ] GC(24) Pause Young (Normal) (G1 Evacuation Pause)
[2026-04-03T06:44:29.058+0600][19.829s][info][gc,task        ] GC(24) Using 10 workers of 10 for evacuation
[2026-04-03T06:44:29.062+0600][19.833s][info][gc,phases      ] GC(24)   Pre Evacuate Collection Set: 0.56ms
[2026-04-03T06:44:29.062+0600][19.833s][info][gc,phases      ] GC(24)   Merge Heap Roots: 0.24ms
[2026-04-03T06:44:29.062+0600][19.833s][info][gc,phases      ] GC(24)   Evacuate Collection Set: 2.68ms
[2026-04-03T06:44:29.062+0600][19.833s][info][gc,phases      ] GC(24)   Post Evacuate Collection Set: 0.58ms
[2026-04-03T06:44:29.062+0600][19.833s][info][gc,phases      ] GC(24)   Other: 0.11ms
[2026-04-03T06:44:29.062+0600][19.833s][info][gc,heap        ] GC(24) Eden regions: 43->0(43)
[2026-04-03T06:44:29.062+0600][19.833s][info][gc,heap        ] GC(24) Survivor regions: 1->1(6)
[2026-04-03T06:44:29.062+0600][19.833s][info][gc,heap        ] GC(24) Old regions: 11->11
[2026-04-03T06:44:29.062+0600][19.833s][info][gc,heap        ] GC(24) Humongous regions: 0->0
[2026-04-03T06:44:29.062+0600][19.833s][info][gc,metaspace   ] GC(24) Metaspace: 55078K(55808K)->55078K(55808K) NonClass: 46523K(46976K)->46523K(46976K) Class: 8555K(8832K)->8555K(8832K)
[2026-04-03T06:44:29.062+0600][19.833s][info][gc             ] GC(24) Pause Young (Normal) (G1 Evacuation Pause) 105M->19M(148M) 4.530ms
[2026-04-03T06:44:29.062+0600][19.833s][info][gc,cpu         ] GC(24) User=0.02s Sys=0.00s Real=0.00s
[2026-04-03T06:44:29.861+0600][20.632s][info][gc,start       ] GC(25) Pause Young (Normal) (G1 Evacuation Pause)
[2026-04-03T06:44:29.862+0600][20.633s][info][gc,task        ] GC(25) Using 10 workers of 10 for evacuation
[2026-04-03T06:44:29.868+0600][20.638s][info][gc,phases      ] GC(25)   Pre Evacuate Collection Set: 0.32ms
[2026-04-03T06:44:29.868+0600][20.639s][info][gc,phases      ] GC(25)   Merge Heap Roots: 0.23ms
[2026-04-03T06:44:29.868+0600][20.639s][info][gc,phases      ] GC(25)   Evacuate Collection Set: 4.25ms
[2026-04-03T06:44:29.868+0600][20.639s][info][gc,phases      ] GC(25)   Post Evacuate Collection Set: 0.94ms
[2026-04-03T06:44:29.868+0600][20.639s][info][gc,phases      ] GC(25)   Other: 0.15ms
[2026-04-03T06:44:29.868+0600][20.639s][info][gc,heap        ] GC(25) Eden regions: 43->0(43)
[2026-04-03T06:44:29.868+0600][20.639s][info][gc,heap        ] GC(25) Survivor regions: 1->1(6)
[2026-04-03T06:44:29.868+0600][20.639s][info][gc,heap        ] GC(25) Old regions: 11->11
[2026-04-03T06:44:29.868+0600][20.639s][info][gc,heap        ] GC(25) Humongous regions: 0->0
[2026-04-03T06:44:29.868+0600][20.639s][info][gc,metaspace   ] GC(25) Metaspace: 55082K(55808K)->55082K(55808K) NonClass: 46527K(46976K)->46527K(46976K) Class: 8555K(8832K)->8555K(8832K)
[2026-04-03T06:44:29.868+0600][20.639s][info][gc             ] GC(25) Pause Young (Normal) (G1 Evacuation Pause) 105M->19M(148M) 6.440ms
[2026-04-03T06:44:29.868+0600][20.639s][info][gc,cpu         ] GC(25) User=0.04s Sys=0.00s Real=0.01s
[2026-04-03T06:44:30.560+0600][21.331s][info][gc,start       ] GC(26) Pause Young (Normal) (G1 Evacuation Pause)
[2026-04-03T06:44:30.560+0600][21.331s][info][gc,task        ] GC(26) Using 10 workers of 10 for evacuation
[2026-04-03T06:44:30.564+0600][21.335s][info][gc,phases      ] GC(26)   Pre Evacuate Collection Set: 0.31ms
[2026-04-03T06:44:30.564+0600][21.335s][info][gc,phases      ] GC(26)   Merge Heap Roots: 0.16ms
[2026-04-03T06:44:30.564+0600][21.335s][info][gc,phases      ] GC(26)   Evacuate Collection Set: 2.45ms
[2026-04-03T06:44:30.564+0600][21.335s][info][gc,phases      ] GC(26)   Post Evacuate Collection Set: 0.65ms
[2026-04-03T06:44:30.564+0600][21.335s][info][gc,phases      ] GC(26)   Other: 0.12ms
[2026-04-03T06:44:30.564+0600][21.335s][info][gc,heap        ] GC(26) Eden regions: 43->0(43)
[2026-04-03T06:44:30.564+0600][21.335s][info][gc,heap        ] GC(26) Survivor regions: 1->1(6)
[2026-04-03T06:44:30.564+0600][21.335s][info][gc,heap        ] GC(26) Old regions: 11->11
[2026-04-03T06:44:30.564+0600][21.335s][info][gc,heap        ] GC(26) Humongous regions: 0->0
[2026-04-03T06:44:30.564+0600][21.335s][info][gc,metaspace   ] GC(26) Metaspace: 55083K(55808K)->55083K(55808K) NonClass: 46527K(46976K)->46527K(46976K) Class: 8555K(8832K)->8555K(8832K)
[2026-04-03T06:44:30.565+0600][21.335s][info][gc             ] GC(26) Pause Young (Normal) (G1 Evacuation Pause) 105M->19M(148M) 4.223ms
[2026-04-03T06:44:30.565+0600][21.335s][info][gc,cpu         ] GC(26) User=0.02s Sys=0.01s Real=0.01s
[2026-04-03T06:44:31.154+0600][21.925s][info][gc,start       ] GC(27) Pause Young (Normal) (G1 Evacuation Pause)
[2026-04-03T06:44:31.154+0600][21.925s][info][gc,task        ] GC(27) Using 10 workers of 10 for evacuation
[2026-04-03T06:44:31.158+0600][21.929s][info][gc,phases      ] GC(27)   Pre Evacuate Collection Set: 0.38ms
[2026-04-03T06:44:31.158+0600][21.929s][info][gc,phases      ] GC(27)   Merge Heap Roots: 0.23ms
[2026-04-03T06:44:31.158+0600][21.929s][info][gc,phases      ] GC(27)   Evacuate Collection Set: 2.25ms
[2026-04-03T06:44:31.158+0600][21.929s][info][gc,phases      ] GC(27)   Post Evacuate Collection Set: 0.64ms
[2026-04-03T06:44:31.158+0600][21.929s][info][gc,phases      ] GC(27)   Other: 0.13ms
[2026-04-03T06:44:31.158+0600][21.929s][info][gc,heap        ] GC(27) Eden regions: 43->0(43)
[2026-04-03T06:44:31.158+0600][21.929s][info][gc,heap        ] GC(27) Survivor regions: 1->1(6)
[2026-04-03T06:44:31.158+0600][21.929s][info][gc,heap        ] GC(27) Old regions: 11->11
[2026-04-03T06:44:31.158+0600][21.929s][info][gc,heap        ] GC(27) Humongous regions: 0->0
[2026-04-03T06:44:31.158+0600][21.929s][info][gc,metaspace   ] GC(27) Metaspace: 55083K(55808K)->55083K(55808K) NonClass: 46527K(46976K)->46527K(46976K) Class: 8555K(8832K)->8555K(8832K)
[2026-04-03T06:44:31.158+0600][21.929s][info][gc             ] GC(27) Pause Young (Normal) (G1 Evacuation Pause) 105M->19M(148M) 4.075ms
[2026-04-03T06:44:31.158+0600][21.929s][info][gc,cpu         ] GC(27) User=0.03s Sys=0.00s Real=0.00s
[2026-04-03T06:44:31.680+0600][22.451s][info][gc,start       ] GC(28) Pause Young (Normal) (G1 Evacuation Pause)
[2026-04-03T06:44:31.680+0600][22.451s][info][gc,task        ] GC(28) Using 10 workers of 10 for evacuation
[2026-04-03T06:44:31.683+0600][22.454s][info][gc,phases      ] GC(28)   Pre Evacuate Collection Set: 0.23ms
[2026-04-03T06:44:31.683+0600][22.454s][info][gc,phases      ] GC(28)   Merge Heap Roots: 0.16ms
[2026-04-03T06:44:31.683+0600][22.454s][info][gc,phases      ] GC(28)   Evacuate Collection Set: 2.21ms
[2026-04-03T06:44:31.683+0600][22.454s][info][gc,phases      ] GC(28)   Post Evacuate Collection Set: 0.61ms
[2026-04-03T06:44:31.683+0600][22.454s][info][gc,phases      ] GC(28)   Other: 0.13ms
[2026-04-03T06:44:31.683+0600][22.454s][info][gc,heap        ] GC(28) Eden regions: 43->0(43)
[2026-04-03T06:44:31.683+0600][22.454s][info][gc,heap        ] GC(28) Survivor regions: 1->1(6)
[2026-04-03T06:44:31.683+0600][22.454s][info][gc,heap        ] GC(28) Old regions: 11->11
[2026-04-03T06:44:31.683+0600][22.454s][info][gc,heap        ] GC(28) Humongous regions: 0->0
[2026-04-03T06:44:31.683+0600][22.454s][info][gc,metaspace   ] GC(28) Metaspace: 55083K(55808K)->55083K(55808K) NonClass: 46527K(46976K)->46527K(46976K) Class: 8555K(8832K)->8555K(8832K)
[2026-04-03T06:44:31.683+0600][22.454s][info][gc             ] GC(28) Pause Young (Normal) (G1 Evacuation Pause) 105M->19M(148M) 3.770ms
[2026-04-03T06:44:31.683+0600][22.454s][info][gc,cpu         ] GC(28) User=0.02s Sys=0.00s Real=0.01s
[2026-04-03T06:44:32.069+0600][22.840s][info][gc,start       ] GC(29) Pause Young (Normal) (G1 Evacuation Pause)
[2026-04-03T06:44:32.070+0600][22.840s][info][gc,task        ] GC(29) Using 10 workers of 10 for evacuation
[2026-04-03T06:44:32.073+0600][22.844s][info][gc,phases      ] GC(29)   Pre Evacuate Collection Set: 0.23ms
[2026-04-03T06:44:32.073+0600][22.844s][info][gc,phases      ] GC(29)   Merge Heap Roots: 0.20ms
[2026-04-03T06:44:32.073+0600][22.844s][info][gc,phases      ] GC(29)   Evacuate Collection Set: 2.19ms
[2026-04-03T06:44:32.073+0600][22.844s][info][gc,phases      ] GC(29)   Post Evacuate Collection Set: 0.74ms
[2026-04-03T06:44:32.073+0600][22.844s][info][gc,phases      ] GC(29)   Other: 0.12ms
[2026-04-03T06:44:32.073+0600][22.844s][info][gc,heap        ] GC(29) Eden regions: 43->0(43)
[2026-04-03T06:44:32.073+0600][22.844s][info][gc,heap        ] GC(29) Survivor regions: 1->1(6)
[2026-04-03T06:44:32.073+0600][22.844s][info][gc,heap        ] GC(29) Old regions: 11->12
[2026-04-03T06:44:32.073+0600][22.844s][info][gc,heap        ] GC(29) Humongous regions: 0->0
[2026-04-03T06:44:32.073+0600][22.844s][info][gc,metaspace   ] GC(29) Metaspace: 55086K(55808K)->55086K(55808K) NonClass: 46530K(46976K)->46530K(46976K) Class: 8555K(8832K)->8555K(8832K)
[2026-04-03T06:44:32.073+0600][22.844s][info][gc             ] GC(29) Pause Young (Normal) (G1 Evacuation Pause) 105M->19M(148M) 3.928ms
[2026-04-03T06:44:32.073+0600][22.844s][info][gc,cpu         ] GC(29) User=0.03s Sys=0.00s Real=0.01s
[2026-04-03T06:44:32.552+0600][23.323s][info][gc,start       ] GC(30) Pause Young (Normal) (G1 Evacuation Pause)
[2026-04-03T06:44:32.553+0600][23.323s][info][gc,task        ] GC(30) Using 10 workers of 10 for evacuation
[2026-04-03T06:44:32.557+0600][23.327s][info][gc,phases      ] GC(30)   Pre Evacuate Collection Set: 0.35ms
[2026-04-03T06:44:32.557+0600][23.328s][info][gc,phases      ] GC(30)   Merge Heap Roots: 1.18ms
[2026-04-03T06:44:32.557+0600][23.328s][info][gc,phases      ] GC(30)   Evacuate Collection Set: 1.70ms
[2026-04-03T06:44:32.557+0600][23.328s][info][gc,phases      ] GC(30)   Post Evacuate Collection Set: 0.60ms
[2026-04-03T06:44:32.557+0600][23.328s][info][gc,phases      ] GC(30)   Other: 0.17ms
[2026-04-03T06:44:32.557+0600][23.328s][info][gc,heap        ] GC(30) Eden regions: 43->0(43)
[2026-04-03T06:44:32.557+0600][23.328s][info][gc,heap        ] GC(30) Survivor regions: 1->1(6)
[2026-04-03T06:44:32.557+0600][23.328s][info][gc,heap        ] GC(30) Old regions: 12->12
[2026-04-03T06:44:32.557+0600][23.328s][info][gc,heap        ] GC(30) Humongous regions: 0->0
[2026-04-03T06:44:32.557+0600][23.328s][info][gc,metaspace   ] GC(30) Metaspace: 55089K(55808K)->55089K(55808K) NonClass: 46534K(46976K)->46534K(46976K) Class: 8555K(8832K)->8555K(8832K)
[2026-04-03T06:44:32.557+0600][23.328s][info][gc             ] GC(30) Pause Young (Normal) (G1 Evacuation Pause) 105M->19M(148M) 4.593ms
[2026-04-03T06:44:32.557+0600][23.328s][info][gc,cpu         ] GC(30) User=0.03s Sys=0.00s Real=0.01s
[2026-04-03T06:44:32.931+0600][23.702s][info][gc,start       ] GC(31) Pause Young (Normal) (G1 Evacuation Pause)
[2026-04-03T06:44:32.931+0600][23.702s][info][gc,task        ] GC(31) Using 10 workers of 10 for evacuation
[2026-04-03T06:44:32.933+0600][23.704s][info][gc,phases      ] GC(31)   Pre Evacuate Collection Set: 0.26ms
[2026-04-03T06:44:32.933+0600][23.704s][info][gc,phases      ] GC(31)   Merge Heap Roots: 0.31ms
[2026-04-03T06:44:32.933+0600][23.704s][info][gc,phases      ] GC(31)   Evacuate Collection Set: 1.01ms
[2026-04-03T06:44:32.933+0600][23.704s][info][gc,phases      ] GC(31)   Post Evacuate Collection Set: 0.41ms
[2026-04-03T06:44:32.933+0600][23.704s][info][gc,phases      ] GC(31)   Other: 0.12ms
[2026-04-03T06:44:32.933+0600][23.704s][info][gc,heap        ] GC(31) Eden regions: 43->0(43)
[2026-04-03T06:44:32.933+0600][23.704s][info][gc,heap        ] GC(31) Survivor regions: 1->1(6)
[2026-04-03T06:44:32.933+0600][23.704s][info][gc,heap        ] GC(31) Old regions: 12->12
[2026-04-03T06:44:32.933+0600][23.704s][info][gc,heap        ] GC(31) Humongous regions: 0->0
[2026-04-03T06:44:32.933+0600][23.704s][info][gc,metaspace   ] GC(31) Metaspace: 55089K(55808K)->55089K(55808K) NonClass: 46534K(46976K)->46534K(46976K) Class: 8555K(8832K)->8555K(8832K)
[2026-04-03T06:44:32.933+0600][23.704s][info][gc             ] GC(31) Pause Young (Normal) (G1 Evacuation Pause) 105M->19M(148M) 2.542ms
[2026-04-03T06:44:32.933+0600][23.704s][info][gc,cpu         ] GC(31) User=0.02s Sys=0.00s Real=0.01s
[2026-04-03T06:44:33.228+0600][23.999s][info][gc,start       ] GC(32) Pause Young (Normal) (G1 Evacuation Pause)
[2026-04-03T06:44:33.228+0600][23.999s][info][gc,task        ] GC(32) Using 10 workers of 10 for evacuation
[2026-04-03T06:44:33.230+0600][24.001s][info][gc,phases      ] GC(32)   Pre Evacuate Collection Set: 0.23ms
[2026-04-03T06:44:33.230+0600][24.001s][info][gc,phases      ] GC(32)   Merge Heap Roots: 0.12ms
[2026-04-03T06:44:33.230+0600][24.001s][info][gc,phases      ] GC(32)   Evacuate Collection Set: 1.06ms
[2026-04-03T06:44:33.230+0600][24.001s][info][gc,phases      ] GC(32)   Post Evacuate Collection Set: 0.40ms
[2026-04-03T06:44:33.230+0600][24.001s][info][gc,phases      ] GC(32)   Other: 0.10ms
[2026-04-03T06:44:33.230+0600][24.001s][info][gc,heap        ] GC(32) Eden regions: 43->0(43)
[2026-04-03T06:44:33.230+0600][24.001s][info][gc,heap        ] GC(32) Survivor regions: 1->1(6)
[2026-04-03T06:44:33.230+0600][24.001s][info][gc,heap        ] GC(32) Old regions: 12->12
[2026-04-03T06:44:33.230+0600][24.001s][info][gc,heap        ] GC(32) Humongous regions: 0->0
[2026-04-03T06:44:33.230+0600][24.001s][info][gc,metaspace   ] GC(32) Metaspace: 55089K(55808K)->55089K(55808K) NonClass: 46534K(46976K)->46534K(46976K) Class: 8555K(8832K)->8555K(8832K)
[2026-04-03T06:44:33.230+0600][24.001s][info][gc             ] GC(32) Pause Young (Normal) (G1 Evacuation Pause) 105M->19M(148M) 2.287ms
[2026-04-03T06:44:33.230+0600][24.001s][info][gc,cpu         ] GC(32) User=0.01s Sys=0.00s Real=0.00s
[2026-04-03T06:44:33.521+0600][24.292s][info][gc,start       ] GC(33) Pause Young (Normal) (G1 Evacuation Pause)
[2026-04-03T06:44:33.522+0600][24.292s][info][gc,task        ] GC(33) Using 10 workers of 10 for evacuation
[2026-04-03T06:44:33.523+0600][24.294s][info][gc,phases      ] GC(33)   Pre Evacuate Collection Set: 0.27ms
[2026-04-03T06:44:33.523+0600][24.294s][info][gc,phases      ] GC(33)   Merge Heap Roots: 0.14ms
[2026-04-03T06:44:33.523+0600][24.294s][info][gc,phases      ] GC(33)   Evacuate Collection Set: 0.99ms
[2026-04-03T06:44:33.523+0600][24.294s][info][gc,phases      ] GC(33)   Post Evacuate Collection Set: 0.38ms
[2026-04-03T06:44:33.524+0600][24.294s][info][gc,phases      ] GC(33)   Other: 0.11ms
[2026-04-03T06:44:33.524+0600][24.294s][info][gc,heap        ] GC(33) Eden regions: 43->0(43)
[2026-04-03T06:44:33.524+0600][24.294s][info][gc,heap        ] GC(33) Survivor regions: 1->1(6)
[2026-04-03T06:44:33.524+0600][24.294s][info][gc,heap        ] GC(33) Old regions: 12->12
[2026-04-03T06:44:33.524+0600][24.294s][info][gc,heap        ] GC(33) Humongous regions: 0->0
[2026-04-03T06:44:33.524+0600][24.294s][info][gc,metaspace   ] GC(33) Metaspace: 55089K(55808K)->55089K(55808K) NonClass: 46534K(46976K)->46534K(46976K) Class: 8555K(8832K)->8555K(8832K)
[2026-04-03T06:44:33.524+0600][24.295s][info][gc             ] GC(33) Pause Young (Normal) (G1 Evacuation Pause) 105M->19M(148M) 2.365ms
[2026-04-03T06:44:33.524+0600][24.295s][info][gc,cpu         ] GC(33) User=0.02s Sys=0.00s Real=0.01s
[2026-04-03T06:44:33.805+0600][24.576s][info][gc,start       ] GC(34) Pause Young (Normal) (G1 Evacuation Pause)
[2026-04-03T06:44:33.806+0600][24.576s][info][gc,task        ] GC(34) Using 10 workers of 10 for evacuation
[2026-04-03T06:44:33.808+0600][24.579s][info][gc,phases      ] GC(34)   Pre Evacuate Collection Set: 0.22ms
[2026-04-03T06:44:33.808+0600][24.579s][info][gc,phases      ] GC(34)   Merge Heap Roots: 0.17ms
[2026-04-03T06:44:33.808+0600][24.579s][info][gc,phases      ] GC(34)   Evacuate Collection Set: 1.22ms
[2026-04-03T06:44:33.808+0600][24.579s][info][gc,phases      ] GC(34)   Post Evacuate Collection Set: 0.56ms
[2026-04-03T06:44:33.808+0600][24.579s][info][gc,phases      ] GC(34)   Other: 0.12ms
[2026-04-03T06:44:33.808+0600][24.579s][info][gc,heap        ] GC(34) Eden regions: 43->0(43)
[2026-04-03T06:44:33.808+0600][24.579s][info][gc,heap        ] GC(34) Survivor regions: 1->1(6)
[2026-04-03T06:44:33.808+0600][24.579s][info][gc,heap        ] GC(34) Old regions: 12->12
[2026-04-03T06:44:33.808+0600][24.579s][info][gc,heap        ] GC(34) Humongous regions: 0->0
[2026-04-03T06:44:33.808+0600][24.579s][info][gc,metaspace   ] GC(34) Metaspace: 55093K(55808K)->55093K(55808K) NonClass: 46538K(46976K)->46538K(46976K) Class: 8555K(8832K)->8555K(8832K)
[2026-04-03T06:44:33.808+0600][24.579s][info][gc             ] GC(34) Pause Young (Normal) (G1 Evacuation Pause) 105M->19M(148M) 2.787ms
[2026-04-03T06:44:33.808+0600][24.579s][info][gc,cpu         ] GC(34) User=0.01s Sys=0.01s Real=0.00s
[2026-04-03T06:44:34.054+0600][24.825s][info][gc,start       ] GC(35) Pause Young (Normal) (G1 Evacuation Pause)
[2026-04-03T06:44:34.054+0600][24.825s][info][gc,task        ] GC(35) Using 10 workers of 10 for evacuation
[2026-04-03T06:44:34.056+0600][24.827s][info][gc,phases      ] GC(35)   Pre Evacuate Collection Set: 0.18ms
[2026-04-03T06:44:34.056+0600][24.827s][info][gc,phases      ] GC(35)   Merge Heap Roots: 0.12ms
[2026-04-03T06:44:34.056+0600][24.827s][info][gc,phases      ] GC(35)   Evacuate Collection Set: 0.96ms
[2026-04-03T06:44:34.056+0600][24.827s][info][gc,phases      ] GC(35)   Post Evacuate Collection Set: 0.36ms
[2026-04-03T06:44:34.056+0600][24.827s][info][gc,phases      ] GC(35)   Other: 0.11ms
[2026-04-03T06:44:34.056+0600][24.827s][info][gc,heap        ] GC(35) Eden regions: 43->0(43)
[2026-04-03T06:44:34.056+0600][24.827s][info][gc,heap        ] GC(35) Survivor regions: 1->1(6)
[2026-04-03T06:44:34.056+0600][24.827s][info][gc,heap        ] GC(35) Old regions: 12->12
[2026-04-03T06:44:34.056+0600][24.827s][info][gc,heap        ] GC(35) Humongous regions: 0->0
[2026-04-03T06:44:34.056+0600][24.827s][info][gc,metaspace   ] GC(35) Metaspace: 55096K(55808K)->55096K(55808K) NonClass: 46540K(46976K)->46540K(46976K) Class: 8555K(8832K)->8555K(8832K)
[2026-04-03T06:44:34.056+0600][24.827s][info][gc             ] GC(35) Pause Young (Normal) (G1 Evacuation Pause) 105M->19M(148M) 2.102ms
[2026-04-03T06:44:34.056+0600][24.827s][info][gc,cpu         ] GC(35) User=0.01s Sys=0.00s Real=0.00s
[2026-04-03T06:44:34.285+0600][25.056s][info][gc,start       ] GC(36) Pause Young (Normal) (G1 Evacuation Pause)
[2026-04-03T06:44:34.286+0600][25.056s][info][gc,task        ] GC(36) Using 10 workers of 10 for evacuation
[2026-04-03T06:44:34.288+0600][25.058s][info][gc,phases      ] GC(36)   Pre Evacuate Collection Set: 0.22ms
[2026-04-03T06:44:34.288+0600][25.058s][info][gc,phases      ] GC(36)   Merge Heap Roots: 0.14ms
[2026-04-03T06:44:34.288+0600][25.058s][info][gc,phases      ] GC(36)   Evacuate Collection Set: 1.02ms
[2026-04-03T06:44:34.288+0600][25.058s][info][gc,phases      ] GC(36)   Post Evacuate Collection Set: 0.40ms
[2026-04-03T06:44:34.288+0600][25.058s][info][gc,phases      ] GC(36)   Other: 0.15ms
[2026-04-03T06:44:34.288+0600][25.058s][info][gc,heap        ] GC(36) Eden regions: 43->0(43)
[2026-04-03T06:44:34.288+0600][25.058s][info][gc,heap        ] GC(36) Survivor regions: 1->1(6)
[2026-04-03T06:44:34.288+0600][25.058s][info][gc,heap        ] GC(36) Old regions: 12->12
[2026-04-03T06:44:34.288+0600][25.059s][info][gc,heap        ] GC(36) Humongous regions: 0->0
[2026-04-03T06:44:34.288+0600][25.059s][info][gc,metaspace   ] GC(36) Metaspace: 55096K(55808K)->55096K(55808K) NonClass: 46540K(46976K)->46540K(46976K) Class: 8555K(8832K)->8555K(8832K)
[2026-04-03T06:44:34.288+0600][25.059s][info][gc             ] GC(36) Pause Young (Normal) (G1 Evacuation Pause) 105M->19M(148M) 2.321ms
[2026-04-03T06:44:34.288+0600][25.059s][info][gc,cpu         ] GC(36) User=0.02s Sys=0.00s Real=0.00s
[2026-04-03T06:44:34.509+0600][25.279s][info][gc,start       ] GC(37) Pause Young (Normal) (G1 Evacuation Pause)
[2026-04-03T06:44:34.509+0600][25.279s][info][gc,task        ] GC(37) Using 10 workers of 10 for evacuation
[2026-04-03T06:44:34.511+0600][25.281s][info][gc,phases      ] GC(37)   Pre Evacuate Collection Set: 0.20ms
[2026-04-03T06:44:34.511+0600][25.282s][info][gc,phases      ] GC(37)   Merge Heap Roots: 0.13ms
[2026-04-03T06:44:34.511+0600][25.282s][info][gc,phases      ] GC(37)   Evacuate Collection Set: 1.06ms
[2026-04-03T06:44:34.511+0600][25.282s][info][gc,phases      ] GC(37)   Post Evacuate Collection Set: 0.41ms
[2026-04-03T06:44:34.511+0600][25.282s][info][gc,phases      ] GC(37)   Other: 0.12ms
[2026-04-03T06:44:34.511+0600][25.282s][info][gc,heap        ] GC(37) Eden regions: 43->0(43)
[2026-04-03T06:44:34.511+0600][25.282s][info][gc,heap        ] GC(37) Survivor regions: 1->1(6)
[2026-04-03T06:44:34.511+0600][25.282s][info][gc,heap        ] GC(37) Old regions: 12->12
[2026-04-03T06:44:34.511+0600][25.282s][info][gc,heap        ] GC(37) Humongous regions: 0->0
[2026-04-03T06:44:34.511+0600][25.282s][info][gc,metaspace   ] GC(37) Metaspace: 55096K(55808K)->55096K(55808K) NonClass: 46540K(46976K)->46540K(46976K) Class: 8555K(8832K)->8555K(8832K)
[2026-04-03T06:44:34.511+0600][25.282s][info][gc             ] GC(37) Pause Young (Normal) (G1 Evacuation Pause) 105M->19M(148M) 2.414ms
[2026-04-03T06:44:34.511+0600][25.282s][info][gc,cpu         ] GC(37) User=0.02s Sys=0.00s Real=0.00s
[2026-04-03T06:44:34.708+0600][25.479s][info][gc,start       ] GC(38) Pause Young (Normal) (G1 Evacuation Pause)
[2026-04-03T06:44:34.708+0600][25.479s][info][gc,task        ] GC(38) Using 10 workers of 10 for evacuation
[2026-04-03T06:44:34.710+0600][25.481s][info][gc,phases      ] GC(38)   Pre Evacuate Collection Set: 0.20ms
[2026-04-03T06:44:34.710+0600][25.481s][info][gc,phases      ] GC(38)   Merge Heap Roots: 0.12ms
[2026-04-03T06:44:34.710+0600][25.481s][info][gc,phases      ] GC(38)   Evacuate Collection Set: 1.05ms
[2026-04-03T06:44:34.710+0600][25.481s][info][gc,phases      ] GC(38)   Post Evacuate Collection Set: 0.35ms
[2026-04-03T06:44:34.710+0600][25.481s][info][gc,phases      ] GC(38)   Other: 0.10ms
[2026-04-03T06:44:34.710+0600][25.481s][info][gc,heap        ] GC(38) Eden regions: 43->0(43)
[2026-04-03T06:44:34.710+0600][25.481s][info][gc,heap        ] GC(38) Survivor regions: 1->1(6)
[2026-04-03T06:44:34.710+0600][25.481s][info][gc,heap        ] GC(38) Old regions: 12->12
[2026-04-03T06:44:34.710+0600][25.481s][info][gc,heap        ] GC(38) Humongous regions: 0->0
[2026-04-03T06:44:34.710+0600][25.481s][info][gc,metaspace   ] GC(38) Metaspace: 55096K(55808K)->55096K(55808K) NonClass: 46540K(46976K)->46540K(46976K) Class: 8555K(8832K)->8555K(8832K)
[2026-04-03T06:44:34.710+0600][25.481s][info][gc             ] GC(38) Pause Young (Normal) (G1 Evacuation Pause) 105M->19M(148M) 2.206ms
[2026-04-03T06:44:34.710+0600][25.481s][info][gc,cpu         ] GC(38) User=0.02s Sys=0.00s Real=0.00s
[2026-04-03T06:44:34.867+0600][25.637s][info][gc,start       ] GC(39) Pause Young (Normal) (G1 Evacuation Pause)
[2026-04-03T06:44:34.867+0600][25.638s][info][gc,task        ] GC(39) Using 10 workers of 10 for evacuation
[2026-04-03T06:44:34.868+0600][25.639s][info][gc,phases      ] GC(39)   Pre Evacuate Collection Set: 0.16ms
[2026-04-03T06:44:34.869+0600][25.639s][info][gc,phases      ] GC(39)   Merge Heap Roots: 0.12ms
[2026-04-03T06:44:34.869+0600][25.639s][info][gc,phases      ] GC(39)   Evacuate Collection Set: 1.02ms
[2026-04-03T06:44:34.869+0600][25.639s][info][gc,phases      ] GC(39)   Post Evacuate Collection Set: 0.37ms
[2026-04-03T06:44:34.869+0600][25.639s][info][gc,phases      ] GC(39)   Other: 0.09ms
[2026-04-03T06:44:34.869+0600][25.639s][info][gc,heap        ] GC(39) Eden regions: 43->0(43)
[2026-04-03T06:44:34.869+0600][25.639s][info][gc,heap        ] GC(39) Survivor regions: 1->1(6)
[2026-04-03T06:44:34.869+0600][25.639s][info][gc,heap        ] GC(39) Old regions: 12->12
[2026-04-03T06:44:34.869+0600][25.639s][info][gc,heap        ] GC(39) Humongous regions: 0->0
[2026-04-03T06:44:34.869+0600][25.639s][info][gc,metaspace   ] GC(39) Metaspace: 55096K(55808K)->55096K(55808K) NonClass: 46540K(46976K)->46540K(46976K) Class: 8555K(8832K)->8555K(8832K)
[2026-04-03T06:44:34.869+0600][25.640s][info][gc             ] GC(39) Pause Young (Normal) (G1 Evacuation Pause) 105M->19M(148M) 2.097ms
[2026-04-03T06:44:34.869+0600][25.640s][info][gc,cpu         ] GC(39) User=0.02s Sys=0.00s Real=0.00s
[2026-04-03T06:44:35.028+0600][25.799s][info][gc,start       ] GC(40) Pause Young (Normal) (G1 Evacuation Pause)
[2026-04-03T06:44:35.028+0600][25.799s][info][gc,task        ] GC(40) Using 10 workers of 10 for evacuation
[2026-04-03T06:44:35.030+0600][25.801s][info][gc,phases      ] GC(40)   Pre Evacuate Collection Set: 0.23ms
[2026-04-03T06:44:35.030+0600][25.801s][info][gc,phases      ] GC(40)   Merge Heap Roots: 0.15ms
[2026-04-03T06:44:35.030+0600][25.801s][info][gc,phases      ] GC(40)   Evacuate Collection Set: 1.04ms
[2026-04-03T06:44:35.030+0600][25.801s][info][gc,phases      ] GC(40)   Post Evacuate Collection Set: 0.44ms
[2026-04-03T06:44:35.030+0600][25.801s][info][gc,phases      ] GC(40)   Other: 0.13ms
[2026-04-03T06:44:35.030+0600][25.801s][info][gc,heap        ] GC(40) Eden regions: 43->0(43)
[2026-04-03T06:44:35.030+0600][25.801s][info][gc,heap        ] GC(40) Survivor regions: 1->1(6)
[2026-04-03T06:44:35.030+0600][25.801s][info][gc,heap        ] GC(40) Old regions: 12->12
[2026-04-03T06:44:35.030+0600][25.801s][info][gc,heap        ] GC(40) Humongous regions: 0->0
[2026-04-03T06:44:35.030+0600][25.801s][info][gc,metaspace   ] GC(40) Metaspace: 55096K(55808K)->55096K(55808K) NonClass: 46540K(46976K)->46540K(46976K) Class: 8555K(8832K)->8555K(8832K)
[2026-04-03T06:44:35.030+0600][25.801s][info][gc             ] GC(40) Pause Young (Normal) (G1 Evacuation Pause) 105M->19M(148M) 2.501ms
[2026-04-03T06:44:35.031+0600][25.801s][info][gc,cpu         ] GC(40) User=0.01s Sys=0.00s Real=0.00s
[2026-04-03T06:44:35.314+0600][26.085s][info][gc,start       ] GC(41) Pause Young (Normal) (G1 Evacuation Pause)
[2026-04-03T06:44:35.314+0600][26.085s][info][gc,task        ] GC(41) Using 10 workers of 10 for evacuation
[2026-04-03T06:44:35.316+0600][26.087s][info][gc,phases      ] GC(41)   Pre Evacuate Collection Set: 0.26ms
[2026-04-03T06:44:35.316+0600][26.087s][info][gc,phases      ] GC(41)   Merge Heap Roots: 0.17ms
[2026-04-03T06:44:35.316+0600][26.087s][info][gc,phases      ] GC(41)   Evacuate Collection Set: 1.04ms
[2026-04-03T06:44:35.316+0600][26.087s][info][gc,phases      ] GC(41)   Post Evacuate Collection Set: 0.36ms
[2026-04-03T06:44:35.316+0600][26.087s][info][gc,phases      ] GC(41)   Other: 0.11ms
[2026-04-03T06:44:35.316+0600][26.087s][info][gc,heap        ] GC(41) Eden regions: 43->0(43)
[2026-04-03T06:44:35.316+0600][26.087s][info][gc,heap        ] GC(41) Survivor regions: 1->1(6)
[2026-04-03T06:44:35.316+0600][26.087s][info][gc,heap        ] GC(41) Old regions: 12->12
[2026-04-03T06:44:35.316+0600][26.087s][info][gc,heap        ] GC(41) Humongous regions: 0->0
[2026-04-03T06:44:35.316+0600][26.087s][info][gc,metaspace   ] GC(41) Metaspace: 55096K(55808K)->55096K(55808K) NonClass: 46540K(46976K)->46540K(46976K) Class: 8555K(8832K)->8555K(8832K)
[2026-04-03T06:44:35.316+0600][26.087s][info][gc             ] GC(41) Pause Young (Normal) (G1 Evacuation Pause) 105M->19M(148M) 2.330ms
[2026-04-03T06:44:35.316+0600][26.087s][info][gc,cpu         ] GC(41) User=0.02s Sys=0.00s Real=0.00s
[2026-04-03T06:44:35.613+0600][26.383s][info][gc,start       ] GC(42) Pause Young (Normal) (G1 Evacuation Pause)
[2026-04-03T06:44:35.613+0600][26.383s][info][gc,task        ] GC(42) Using 10 workers of 10 for evacuation
[2026-04-03T06:44:35.616+0600][26.387s][info][gc,phases      ] GC(42)   Pre Evacuate Collection Set: 0.30ms
[2026-04-03T06:44:35.616+0600][26.387s][info][gc,phases      ] GC(42)   Merge Heap Roots: 0.20ms
[2026-04-03T06:44:35.616+0600][26.387s][info][gc,phases      ] GC(42)   Evacuate Collection Set: 2.19ms
[2026-04-03T06:44:35.616+0600][26.387s][info][gc,phases      ] GC(42)   Post Evacuate Collection Set: 0.73ms
[2026-04-03T06:44:35.616+0600][26.387s][info][gc,phases      ] GC(42)   Other: 0.19ms
[2026-04-03T06:44:35.617+0600][26.387s][info][gc,heap        ] GC(42) Eden regions: 43->0(43)
[2026-04-03T06:44:35.617+0600][26.387s][info][gc,heap        ] GC(42) Survivor regions: 1->1(6)
[2026-04-03T06:44:35.617+0600][26.387s][info][gc,heap        ] GC(42) Old regions: 12->12
[2026-04-03T06:44:35.617+0600][26.387s][info][gc,heap        ] GC(42) Humongous regions: 0->0
[2026-04-03T06:44:35.617+0600][26.387s][info][gc,metaspace   ] GC(42) Metaspace: 55100K(55808K)->55100K(55808K) NonClass: 46541K(46976K)->46541K(46976K) Class: 8559K(8832K)->8559K(8832K)
[2026-04-03T06:44:35.617+0600][26.387s][info][gc             ] GC(42) Pause Young (Normal) (G1 Evacuation Pause) 105M->19M(148M) 4.132ms
[2026-04-03T06:44:35.617+0600][26.388s][info][gc,cpu         ] GC(42) User=0.02s Sys=0.00s Real=0.01s
[2026-04-03T06:44:35.802+0600][26.573s][info][gc,start       ] GC(43) Pause Young (Normal) (G1 Evacuation Pause)
[2026-04-03T06:44:35.802+0600][26.573s][info][gc,task        ] GC(43) Using 10 workers of 10 for evacuation
[2026-04-03T06:44:35.805+0600][26.575s][info][gc,phases      ] GC(43)   Pre Evacuate Collection Set: 0.30ms
[2026-04-03T06:44:35.805+0600][26.576s][info][gc,phases      ] GC(43)   Merge Heap Roots: 0.16ms
[2026-04-03T06:44:35.805+0600][26.576s][info][gc,phases      ] GC(43)   Evacuate Collection Set: 1.07ms
[2026-04-03T06:44:35.805+0600][26.576s][info][gc,phases      ] GC(43)   Post Evacuate Collection Set: 0.56ms
[2026-04-03T06:44:35.805+0600][26.576s][info][gc,phases      ] GC(43)   Other: 0.13ms
[2026-04-03T06:44:35.805+0600][26.576s][info][gc,heap        ] GC(43) Eden regions: 43->0(43)
[2026-04-03T06:44:35.805+0600][26.576s][info][gc,heap        ] GC(43) Survivor regions: 1->1(6)
[2026-04-03T06:44:35.805+0600][26.576s][info][gc,heap        ] GC(43) Old regions: 12->12
[2026-04-03T06:44:35.805+0600][26.576s][info][gc,heap        ] GC(43) Humongous regions: 0->0
[2026-04-03T06:44:35.805+0600][26.576s][info][gc,metaspace   ] GC(43) Metaspace: 55100K(55808K)->55100K(55808K) NonClass: 46541K(46976K)->46541K(46976K) Class: 8559K(8832K)->8559K(8832K)
[2026-04-03T06:44:35.805+0600][26.576s][info][gc             ] GC(43) Pause Young (Normal) (G1 Evacuation Pause) 105M->19M(148M) 2.642ms
[2026-04-03T06:44:35.805+0600][26.576s][info][gc,cpu         ] GC(43) User=0.02s Sys=0.00s Real=0.01s
[2026-04-03T06:44:35.981+0600][26.752s][info][gc,start       ] GC(44) Pause Young (Normal) (G1 Evacuation Pause)
[2026-04-03T06:44:35.981+0600][26.752s][info][gc,task        ] GC(44) Using 10 workers of 10 for evacuation
[2026-04-03T06:44:35.984+0600][26.754s][info][gc,phases      ] GC(44)   Pre Evacuate Collection Set: 0.20ms
[2026-04-03T06:44:35.984+0600][26.754s][info][gc,phases      ] GC(44)   Merge Heap Roots: 0.17ms
[2026-04-03T06:44:35.984+0600][26.754s][info][gc,phases      ] GC(44)   Evacuate Collection Set: 1.10ms
[2026-04-03T06:44:35.984+0600][26.754s][info][gc,phases      ] GC(44)   Post Evacuate Collection Set: 0.61ms
[2026-04-03T06:44:35.984+0600][26.754s][info][gc,phases      ] GC(44)   Other: 0.12ms
[2026-04-03T06:44:35.984+0600][26.755s][info][gc,heap        ] GC(44) Eden regions: 43->0(52)
[2026-04-03T06:44:35.984+0600][26.755s][info][gc,heap        ] GC(44) Survivor regions: 1->1(6)
[2026-04-03T06:44:35.984+0600][26.755s][info][gc,heap        ] GC(44) Old regions: 12->12
[2026-04-03T06:44:35.984+0600][26.755s][info][gc,heap        ] GC(44) Humongous regions: 0->0
[2026-04-03T06:44:35.984+0600][26.755s][info][gc,metaspace   ] GC(44) Metaspace: 55100K(55808K)->55100K(55808K) NonClass: 46541K(46976K)->46541K(46976K) Class: 8559K(8832K)->8559K(8832K)
[2026-04-03T06:44:35.984+0600][26.755s][info][gc             ] GC(44) Pause Young (Normal) (G1 Evacuation Pause) 105M->19M(178M) 2.635ms
[2026-04-03T06:44:35.984+0600][26.755s][info][gc,cpu         ] GC(44) User=0.02s Sys=0.00s Real=0.01s
[2026-04-03T06:44:36.144+0600][26.915s][info][gc,start       ] GC(45) Pause Young (Normal) (G1 Evacuation Pause)
[2026-04-03T06:44:36.144+0600][26.915s][info][gc,task        ] GC(45) Using 10 workers of 10 for evacuation
[2026-04-03T06:44:36.146+0600][26.917s][info][gc,phases      ] GC(45)   Pre Evacuate Collection Set: 0.17ms
[2026-04-03T06:44:36.146+0600][26.917s][info][gc,phases      ] GC(45)   Merge Heap Roots: 0.10ms
[2026-04-03T06:44:36.146+0600][26.917s][info][gc,phases      ] GC(45)   Evacuate Collection Set: 0.93ms
[2026-04-03T06:44:36.146+0600][26.917s][info][gc,phases      ] GC(45)   Post Evacuate Collection Set: 0.33ms
[2026-04-03T06:44:36.146+0600][26.917s][info][gc,phases      ] GC(45)   Other: 0.10ms
[2026-04-03T06:44:36.146+0600][26.917s][info][gc,heap        ] GC(45) Eden regions: 52->0(52)
[2026-04-03T06:44:36.146+0600][26.917s][info][gc,heap        ] GC(45) Survivor regions: 1->1(7)
[2026-04-03T06:44:36.146+0600][26.917s][info][gc,heap        ] GC(45) Old regions: 12->12
[2026-04-03T06:44:36.146+0600][26.917s][info][gc,heap        ] GC(45) Humongous regions: 0->0
[2026-04-03T06:44:36.146+0600][26.917s][info][gc,metaspace   ] GC(45) Metaspace: 55100K(55808K)->55100K(55808K) NonClass: 46541K(46976K)->46541K(46976K) Class: 8559K(8832K)->8559K(8832K)
[2026-04-03T06:44:36.146+0600][26.917s][info][gc             ] GC(45) Pause Young (Normal) (G1 Evacuation Pause) 123M->20M(178M) 1.994ms
[2026-04-03T06:44:36.146+0600][26.917s][info][gc,cpu         ] GC(45) User=0.01s Sys=0.00s Real=0.00s
[2026-04-03T06:44:36.296+0600][27.067s][info][gc,start       ] GC(46) Pause Young (Normal) (G1 Evacuation Pause)
[2026-04-03T06:44:36.296+0600][27.067s][info][gc,task        ] GC(46) Using 10 workers of 10 for evacuation
[2026-04-03T06:44:36.298+0600][27.069s][info][gc,phases      ] GC(46)   Pre Evacuate Collection Set: 0.18ms
[2026-04-03T06:44:36.298+0600][27.069s][info][gc,phases      ] GC(46)   Merge Heap Roots: 0.14ms
[2026-04-03T06:44:36.298+0600][27.069s][info][gc,phases      ] GC(46)   Evacuate Collection Set: 0.88ms
[2026-04-03T06:44:36.298+0600][27.069s][info][gc,phases      ] GC(46)   Post Evacuate Collection Set: 0.34ms
[2026-04-03T06:44:36.298+0600][27.069s][info][gc,phases      ] GC(46)   Other: 0.12ms
[2026-04-03T06:44:36.298+0600][27.069s][info][gc,heap        ] GC(46) Eden regions: 52->0(52)
[2026-04-03T06:44:36.298+0600][27.069s][info][gc,heap        ] GC(46) Survivor regions: 1->1(7)
[2026-04-03T06:44:36.298+0600][27.069s][info][gc,heap        ] GC(46) Old regions: 12->12
[2026-04-03T06:44:36.298+0600][27.069s][info][gc,heap        ] GC(46) Humongous regions: 0->0
[2026-04-03T06:44:36.298+0600][27.069s][info][gc,metaspace   ] GC(46) Metaspace: 55100K(55808K)->55100K(55808K) NonClass: 46541K(46976K)->46541K(46976K) Class: 8559K(8832K)->8559K(8832K)
[2026-04-03T06:44:36.298+0600][27.069s][info][gc             ] GC(46) Pause Young (Normal) (G1 Evacuation Pause) 124M->19M(178M) 2.094ms
[2026-04-03T06:44:36.298+0600][27.069s][info][gc,cpu         ] GC(46) User=0.01s Sys=0.00s Real=0.00s
[2026-04-03T06:44:36.442+0600][27.213s][info][gc,start       ] GC(47) Pause Young (Normal) (G1 Evacuation Pause)
[2026-04-03T06:44:36.442+0600][27.213s][info][gc,task        ] GC(47) Using 10 workers of 10 for evacuation
[2026-04-03T06:44:36.444+0600][27.215s][info][gc,phases      ] GC(47)   Pre Evacuate Collection Set: 0.18ms
[2026-04-03T06:44:36.444+0600][27.215s][info][gc,phases      ] GC(47)   Merge Heap Roots: 0.13ms
[2026-04-03T06:44:36.444+0600][27.215s][info][gc,phases      ] GC(47)   Evacuate Collection Set: 1.04ms
[2026-04-03T06:44:36.444+0600][27.215s][info][gc,phases      ] GC(47)   Post Evacuate Collection Set: 0.53ms
[2026-04-03T06:44:36.444+0600][27.215s][info][gc,phases      ] GC(47)   Other: 0.12ms
[2026-04-03T06:44:36.445+0600][27.215s][info][gc,heap        ] GC(47) Eden regions: 52->0(52)
[2026-04-03T06:44:36.445+0600][27.215s][info][gc,heap        ] GC(47) Survivor regions: 1->1(7)
[2026-04-03T06:44:36.445+0600][27.215s][info][gc,heap        ] GC(47) Old regions: 12->12
[2026-04-03T06:44:36.445+0600][27.215s][info][gc,heap        ] GC(47) Humongous regions: 0->0
[2026-04-03T06:44:36.445+0600][27.215s][info][gc,metaspace   ] GC(47) Metaspace: 55100K(55808K)->55100K(55808K) NonClass: 46541K(46976K)->46541K(46976K) Class: 8559K(8832K)->8559K(8832K)
[2026-04-03T06:44:36.445+0600][27.215s][info][gc             ] GC(47) Pause Young (Normal) (G1 Evacuation Pause) 123M->19M(178M) 2.399ms
[2026-04-03T06:44:36.445+0600][27.215s][info][gc,cpu         ] GC(47) User=0.01s Sys=0.00s Real=0.01s
[2026-04-03T06:44:36.589+0600][27.360s][info][gc,start       ] GC(48) Pause Young (Normal) (G1 Evacuation Pause)
[2026-04-03T06:44:36.589+0600][27.360s][info][gc,task        ] GC(48) Using 10 workers of 10 for evacuation
[2026-04-03T06:44:36.591+0600][27.361s][info][gc,phases      ] GC(48)   Pre Evacuate Collection Set: 0.20ms
[2026-04-03T06:44:36.591+0600][27.362s][info][gc,phases      ] GC(48)   Merge Heap Roots: 0.14ms
[2026-04-03T06:44:36.591+0600][27.362s][info][gc,phases      ] GC(48)   Evacuate Collection Set: 0.80ms
[2026-04-03T06:44:36.591+0600][27.362s][info][gc,phases      ] GC(48)   Post Evacuate Collection Set: 0.50ms
[2026-04-03T06:44:36.591+0600][27.362s][info][gc,phases      ] GC(48)   Other: 0.12ms
[2026-04-03T06:44:36.591+0600][27.362s][info][gc,heap        ] GC(48) Eden regions: 52->0(52)
[2026-04-03T06:44:36.591+0600][27.362s][info][gc,heap        ] GC(48) Survivor regions: 1->1(7)
[2026-04-03T06:44:36.591+0600][27.362s][info][gc,heap        ] GC(48) Old regions: 12->12
[2026-04-03T06:44:36.591+0600][27.362s][info][gc,heap        ] GC(48) Humongous regions: 0->0
[2026-04-03T06:44:36.591+0600][27.362s][info][gc,metaspace   ] GC(48) Metaspace: 55100K(55808K)->55100K(55808K) NonClass: 46541K(46976K)->46541K(46976K) Class: 8559K(8832K)->8559K(8832K)
[2026-04-03T06:44:36.591+0600][27.362s][info][gc             ] GC(48) Pause Young (Normal) (G1 Evacuation Pause) 123M->19M(178M) 2.177ms
[2026-04-03T06:44:36.591+0600][27.362s][info][gc,cpu         ] GC(48) User=0.01s Sys=0.01s Real=0.00s
[2026-04-03T06:44:36.725+0600][27.496s][info][gc,start       ] GC(49) Pause Young (Normal) (G1 Evacuation Pause)
[2026-04-03T06:44:36.726+0600][27.496s][info][gc,task        ] GC(49) Using 10 workers of 10 for evacuation
[2026-04-03T06:44:36.727+0600][27.498s][info][gc,phases      ] GC(49)   Pre Evacuate Collection Set: 0.21ms
[2026-04-03T06:44:36.728+0600][27.498s][info][gc,phases      ] GC(49)   Merge Heap Roots: 0.14ms
[2026-04-03T06:44:36.728+0600][27.498s][info][gc,phases      ] GC(49)   Evacuate Collection Set: 0.87ms
[2026-04-03T06:44:36.728+0600][27.498s][info][gc,phases      ] GC(49)   Post Evacuate Collection Set: 0.55ms
[2026-04-03T06:44:36.728+0600][27.498s][info][gc,phases      ] GC(49)   Other: 0.12ms
[2026-04-03T06:44:36.728+0600][27.498s][info][gc,heap        ] GC(49) Eden regions: 52->0(63)
[2026-04-03T06:44:36.728+0600][27.498s][info][gc,heap        ] GC(49) Survivor regions: 1->1(7)
[2026-04-03T06:44:36.728+0600][27.499s][info][gc,heap        ] GC(49) Old regions: 12->12
[2026-04-03T06:44:36.728+0600][27.499s][info][gc,heap        ] GC(49) Humongous regions: 0->0
[2026-04-03T06:44:36.728+0600][27.499s][info][gc,metaspace   ] GC(49) Metaspace: 55100K(55808K)->55100K(55808K) NonClass: 46541K(46976K)->46541K(46976K) Class: 8559K(8832K)->8559K(8832K)
[2026-04-03T06:44:36.728+0600][27.499s][info][gc             ] GC(49) Pause Young (Normal) (G1 Evacuation Pause) 123M->19M(214M) 2.312ms
[2026-04-03T06:44:36.728+0600][27.499s][info][gc,cpu         ] GC(49) User=0.00s Sys=0.01s Real=0.00s
[2026-04-03T06:44:36.901+0600][27.672s][info][gc,start       ] GC(50) Pause Young (Normal) (G1 Evacuation Pause)
[2026-04-03T06:44:36.901+0600][27.672s][info][gc,task        ] GC(50) Using 10 workers of 10 for evacuation
[2026-04-03T06:44:36.903+0600][27.674s][info][gc,phases      ] GC(50)   Pre Evacuate Collection Set: 0.19ms
[2026-04-03T06:44:36.903+0600][27.674s][info][gc,phases      ] GC(50)   Merge Heap Roots: 0.13ms
[2026-04-03T06:44:36.903+0600][27.674s][info][gc,phases      ] GC(50)   Evacuate Collection Set: 1.23ms
[2026-04-03T06:44:36.903+0600][27.674s][info][gc,phases      ] GC(50)   Post Evacuate Collection Set: 0.36ms
[2026-04-03T06:44:36.903+0600][27.674s][info][gc,phases      ] GC(50)   Other: 0.10ms
[2026-04-03T06:44:36.903+0600][27.674s][info][gc,heap        ] GC(50) Eden regions: 63->0(63)
[2026-04-03T06:44:36.903+0600][27.674s][info][gc,heap        ] GC(50) Survivor regions: 1->1(8)
[2026-04-03T06:44:36.903+0600][27.674s][info][gc,heap        ] GC(50) Old regions: 12->12
[2026-04-03T06:44:36.903+0600][27.674s][info][gc,heap        ] GC(50) Humongous regions: 0->0
[2026-04-03T06:44:36.903+0600][27.674s][info][gc,metaspace   ] GC(50) Metaspace: 55100K(55808K)->55100K(55808K) NonClass: 46541K(46976K)->46541K(46976K) Class: 8559K(8832K)->8559K(8832K)
[2026-04-03T06:44:36.903+0600][27.674s][info][gc             ] GC(50) Pause Young (Normal) (G1 Evacuation Pause) 145M->20M(214M) 2.330ms
[2026-04-03T06:44:36.903+0600][27.674s][info][gc,cpu         ] GC(50) User=0.01s Sys=0.01s Real=0.01s
[2026-04-03T06:44:37.130+0600][27.901s][info][gc,start       ] GC(51) Pause Young (Normal) (G1 Evacuation Pause)
[2026-04-03T06:44:37.130+0600][27.901s][info][gc,task        ] GC(51) Using 10 workers of 10 for evacuation
[2026-04-03T06:44:37.132+0600][27.903s][info][gc,phases      ] GC(51)   Pre Evacuate Collection Set: 0.25ms
[2026-04-03T06:44:37.132+0600][27.903s][info][gc,phases      ] GC(51)   Merge Heap Roots: 0.14ms
[2026-04-03T06:44:37.132+0600][27.903s][info][gc,phases      ] GC(51)   Evacuate Collection Set: 1.10ms
[2026-04-03T06:44:37.132+0600][27.903s][info][gc,phases      ] GC(51)   Post Evacuate Collection Set: 0.42ms
[2026-04-03T06:44:37.132+0600][27.903s][info][gc,phases      ] GC(51)   Other: 0.11ms
[2026-04-03T06:44:37.133+0600][27.903s][info][gc,heap        ] GC(51) Eden regions: 63->0(63)
[2026-04-03T06:44:37.133+0600][27.903s][info][gc,heap        ] GC(51) Survivor regions: 1->1(8)
[2026-04-03T06:44:37.133+0600][27.903s][info][gc,heap        ] GC(51) Old regions: 12->12
[2026-04-03T06:44:37.133+0600][27.903s][info][gc,heap        ] GC(51) Humongous regions: 0->0
[2026-04-03T06:44:37.133+0600][27.903s][info][gc,metaspace   ] GC(51) Metaspace: 55100K(55808K)->55100K(55808K) NonClass: 46541K(46976K)->46541K(46976K) Class: 8559K(8832K)->8559K(8832K)
[2026-04-03T06:44:37.133+0600][27.903s][info][gc             ] GC(51) Pause Young (Normal) (G1 Evacuation Pause) 146M->20M(214M) 2.440ms
[2026-04-03T06:44:37.133+0600][27.903s][info][gc,cpu         ] GC(51) User=0.01s Sys=0.00s Real=0.00s
[2026-04-03T06:44:37.485+0600][28.255s][info][gc,start       ] GC(52) Pause Young (Normal) (G1 Evacuation Pause)
[2026-04-03T06:44:37.485+0600][28.256s][info][gc,task        ] GC(52) Using 10 workers of 10 for evacuation
[2026-04-03T06:44:37.488+0600][28.259s][info][gc,phases      ] GC(52)   Pre Evacuate Collection Set: 0.29ms
[2026-04-03T06:44:37.488+0600][28.259s][info][gc,phases      ] GC(52)   Merge Heap Roots: 0.15ms
[2026-04-03T06:44:37.488+0600][28.259s][info][gc,phases      ] GC(52)   Evacuate Collection Set: 2.07ms
[2026-04-03T06:44:37.488+0600][28.259s][info][gc,phases      ] GC(52)   Post Evacuate Collection Set: 0.54ms
[2026-04-03T06:44:37.488+0600][28.259s][info][gc,phases      ] GC(52)   Other: 0.15ms
[2026-04-03T06:44:37.488+0600][28.259s][info][gc,heap        ] GC(52) Eden regions: 63->0(63)
[2026-04-03T06:44:37.488+0600][28.259s][info][gc,heap        ] GC(52) Survivor regions: 1->1(8)
[2026-04-03T06:44:37.488+0600][28.259s][info][gc,heap        ] GC(52) Old regions: 12->12
[2026-04-03T06:44:37.488+0600][28.259s][info][gc,heap        ] GC(52) Humongous regions: 0->0
[2026-04-03T06:44:37.488+0600][28.259s][info][gc,metaspace   ] GC(52) Metaspace: 55101K(55808K)->55101K(55808K) NonClass: 46542K(46976K)->46542K(46976K) Class: 8559K(8832K)->8559K(8832K)
[2026-04-03T06:44:37.489+0600][28.259s][info][gc             ] GC(52) Pause Young (Normal) (G1 Evacuation Pause) 146M->20M(214M) 3.873ms
[2026-04-03T06:44:37.489+0600][28.259s][info][gc,cpu         ] GC(52) User=0.01s Sys=0.00s Real=0.00s
[2026-04-03T06:44:37.836+0600][28.607s][info][gc,start       ] GC(53) Pause Young (Normal) (G1 Evacuation Pause)
[2026-04-03T06:44:37.836+0600][28.607s][info][gc,task        ] GC(53) Using 10 workers of 10 for evacuation
[2026-04-03T06:44:37.838+0600][28.609s][info][gc,phases      ] GC(53)   Pre Evacuate Collection Set: 0.21ms
[2026-04-03T06:44:37.838+0600][28.609s][info][gc,phases      ] GC(53)   Merge Heap Roots: 0.16ms
[2026-04-03T06:44:37.838+0600][28.609s][info][gc,phases      ] GC(53)   Evacuate Collection Set: 0.98ms
[2026-04-03T06:44:37.838+0600][28.609s][info][gc,phases      ] GC(53)   Post Evacuate Collection Set: 0.39ms
[2026-04-03T06:44:37.838+0600][28.609s][info][gc,phases      ] GC(53)   Other: 0.11ms
[2026-04-03T06:44:37.838+0600][28.609s][info][gc,heap        ] GC(53) Eden regions: 63->0(63)
[2026-04-03T06:44:37.838+0600][28.609s][info][gc,heap        ] GC(53) Survivor regions: 1->1(8)
[2026-04-03T06:44:37.838+0600][28.609s][info][gc,heap        ] GC(53) Old regions: 12->12
[2026-04-03T06:44:37.838+0600][28.609s][info][gc,heap        ] GC(53) Humongous regions: 0->0
[2026-04-03T06:44:37.838+0600][28.609s][info][gc,metaspace   ] GC(53) Metaspace: 55101K(55808K)->55101K(55808K) NonClass: 46542K(46976K)->46542K(46976K) Class: 8559K(8832K)->8559K(8832K)
[2026-04-03T06:44:37.838+0600][28.609s][info][gc             ] GC(53) Pause Young (Normal) (G1 Evacuation Pause) 146M->20M(214M) 2.338ms
[2026-04-03T06:44:37.838+0600][28.609s][info][gc,cpu         ] GC(53) User=0.01s Sys=0.00s Real=0.00s
[2026-04-03T06:44:38.048+0600][28.819s][info][gc,start       ] GC(54) Pause Young (Normal) (G1 Evacuation Pause)
[2026-04-03T06:44:38.048+0600][28.819s][info][gc,task        ] GC(54) Using 10 workers of 10 for evacuation
[2026-04-03T06:44:38.050+0600][28.821s][info][gc,phases      ] GC(54)   Pre Evacuate Collection Set: 0.18ms
[2026-04-03T06:44:38.050+0600][28.821s][info][gc,phases      ] GC(54)   Merge Heap Roots: 0.10ms
[2026-04-03T06:44:38.050+0600][28.821s][info][gc,phases      ] GC(54)   Evacuate Collection Set: 0.85ms
[2026-04-03T06:44:38.050+0600][28.821s][info][gc,phases      ] GC(54)   Post Evacuate Collection Set: 0.39ms
[2026-04-03T06:44:38.050+0600][28.821s][info][gc,phases      ] GC(54)   Other: 0.09ms
[2026-04-03T06:44:38.050+0600][28.821s][info][gc,heap        ] GC(54) Eden regions: 63->0(63)
[2026-04-03T06:44:38.050+0600][28.821s][info][gc,heap        ] GC(54) Survivor regions: 1->1(8)
[2026-04-03T06:44:38.050+0600][28.821s][info][gc,heap        ] GC(54) Old regions: 12->12
[2026-04-03T06:44:38.050+0600][28.821s][info][gc,heap        ] GC(54) Humongous regions: 0->0
[2026-04-03T06:44:38.050+0600][28.821s][info][gc,metaspace   ] GC(54) Metaspace: 55101K(55808K)->55101K(55808K) NonClass: 46542K(46976K)->46542K(46976K) Class: 8559K(8832K)->8559K(8832K)
[2026-04-03T06:44:38.050+0600][28.821s][info][gc             ] GC(54) Pause Young (Normal) (G1 Evacuation Pause) 146M->20M(214M) 1.931ms
[2026-04-03T06:44:38.050+0600][28.821s][info][gc,cpu         ] GC(54) User=0.01s Sys=0.00s Real=0.00s
[2026-04-03T06:44:38.215+0600][28.986s][info][gc,start       ] GC(55) Pause Young (Normal) (G1 Evacuation Pause)
[2026-04-03T06:44:38.215+0600][28.986s][info][gc,task        ] GC(55) Using 10 workers of 10 for evacuation
[2026-04-03T06:44:38.217+0600][28.988s][info][gc,phases      ] GC(55)   Pre Evacuate Collection Set: 0.16ms
[2026-04-03T06:44:38.217+0600][28.988s][info][gc,phases      ] GC(55)   Merge Heap Roots: 0.11ms
[2026-04-03T06:44:38.217+0600][28.988s][info][gc,phases      ] GC(55)   Evacuate Collection Set: 0.87ms
[2026-04-03T06:44:38.217+0600][28.988s][info][gc,phases      ] GC(55)   Post Evacuate Collection Set: 0.35ms
[2026-04-03T06:44:38.217+0600][28.988s][info][gc,phases      ] GC(55)   Other: 0.10ms
[2026-04-03T06:44:38.217+0600][28.988s][info][gc,heap        ] GC(55) Eden regions: 63->0(63)
[2026-04-03T06:44:38.217+0600][28.988s][info][gc,heap        ] GC(55) Survivor regions: 1->1(8)
[2026-04-03T06:44:38.217+0600][28.988s][info][gc,heap        ] GC(55) Old regions: 12->12
[2026-04-03T06:44:38.217+0600][28.988s][info][gc,heap        ] GC(55) Humongous regions: 0->0
[2026-04-03T06:44:38.217+0600][28.988s][info][gc,metaspace   ] GC(55) Metaspace: 55101K(55808K)->55101K(55808K) NonClass: 46542K(46976K)->46542K(46976K) Class: 8559K(8832K)->8559K(8832K)
[2026-04-03T06:44:38.217+0600][28.988s][info][gc             ] GC(55) Pause Young (Normal) (G1 Evacuation Pause) 146M->20M(214M) 1.919ms
[2026-04-03T06:44:38.217+0600][28.988s][info][gc,cpu         ] GC(55) User=0.01s Sys=0.00s Real=0.00s
[2026-04-03T06:44:38.390+0600][29.161s][info][gc,start       ] GC(56) Pause Young (Normal) (G1 Evacuation Pause)
[2026-04-03T06:44:38.390+0600][29.161s][info][gc,task        ] GC(56) Using 10 workers of 10 for evacuation
[2026-04-03T06:44:38.392+0600][29.163s][info][gc,phases      ] GC(56)   Pre Evacuate Collection Set: 0.35ms
[2026-04-03T06:44:38.392+0600][29.163s][info][gc,phases      ] GC(56)   Merge Heap Roots: 0.21ms
[2026-04-03T06:44:38.392+0600][29.163s][info][gc,phases      ] GC(56)   Evacuate Collection Set: 0.90ms
[2026-04-03T06:44:38.392+0600][29.163s][info][gc,phases      ] GC(56)   Post Evacuate Collection Set: 0.39ms
[2026-04-03T06:44:38.392+0600][29.163s][info][gc,phases      ] GC(56)   Other: 0.11ms
[2026-04-03T06:44:38.392+0600][29.163s][info][gc,heap        ] GC(56) Eden regions: 63->0(63)
[2026-04-03T06:44:38.392+0600][29.163s][info][gc,heap        ] GC(56) Survivor regions: 1->1(8)
[2026-04-03T06:44:38.392+0600][29.163s][info][gc,heap        ] GC(56) Old regions: 12->12
[2026-04-03T06:44:38.392+0600][29.163s][info][gc,heap        ] GC(56) Humongous regions: 0->0
[2026-04-03T06:44:38.393+0600][29.163s][info][gc,metaspace   ] GC(56) Metaspace: 55101K(55808K)->55101K(55808K) NonClass: 46542K(46976K)->46542K(46976K) Class: 8559K(8832K)->8559K(8832K)
[2026-04-03T06:44:38.393+0600][29.163s][info][gc             ] GC(56) Pause Young (Normal) (G1 Evacuation Pause) 146M->20M(214M) 2.378ms
[2026-04-03T06:44:38.393+0600][29.163s][info][gc,cpu         ] GC(56) User=0.01s Sys=0.00s Real=0.00s
[2026-04-03T06:44:38.609+0600][29.379s][info][gc,start       ] GC(57) Pause Young (Normal) (G1 Evacuation Pause)
[2026-04-03T06:44:38.609+0600][29.380s][info][gc,task        ] GC(57) Using 10 workers of 10 for evacuation
[2026-04-03T06:44:38.610+0600][29.381s][info][gc,phases      ] GC(57)   Pre Evacuate Collection Set: 0.18ms
[2026-04-03T06:44:38.610+0600][29.381s][info][gc,phases      ] GC(57)   Merge Heap Roots: 0.13ms
[2026-04-03T06:44:38.610+0600][29.381s][info][gc,phases      ] GC(57)   Evacuate Collection Set: 0.78ms
[2026-04-03T06:44:38.610+0600][29.381s][info][gc,phases      ] GC(57)   Post Evacuate Collection Set: 0.32ms
[2026-04-03T06:44:38.610+0600][29.381s][info][gc,phases      ] GC(57)   Other: 0.11ms
[2026-04-03T06:44:38.610+0600][29.381s][info][gc,heap        ] GC(57) Eden regions: 63->0(63)
[2026-04-03T06:44:38.610+0600][29.381s][info][gc,heap        ] GC(57) Survivor regions: 1->1(8)
[2026-04-03T06:44:38.610+0600][29.381s][info][gc,heap        ] GC(57) Old regions: 12->12
[2026-04-03T06:44:38.610+0600][29.381s][info][gc,heap        ] GC(57) Humongous regions: 0->0
[2026-04-03T06:44:38.610+0600][29.381s][info][gc,metaspace   ] GC(57) Metaspace: 55101K(55808K)->55101K(55808K) NonClass: 46542K(46976K)->46542K(46976K) Class: 8559K(8832K)->8559K(8832K)
[2026-04-03T06:44:38.610+0600][29.381s][info][gc             ] GC(57) Pause Young (Normal) (G1 Evacuation Pause) 146M->20M(214M) 1.919ms
[2026-04-03T06:44:38.611+0600][29.381s][info][gc,cpu         ] GC(57) User=0.01s Sys=0.00s Real=0.00s
[2026-04-03T06:44:38.774+0600][29.545s][info][gc,start       ] GC(58) Pause Young (Normal) (G1 Evacuation Pause)
[2026-04-03T06:44:38.774+0600][29.545s][info][gc,task        ] GC(58) Using 10 workers of 10 for evacuation
[2026-04-03T06:44:38.776+0600][29.547s][info][gc,phases      ] GC(58)   Pre Evacuate Collection Set: 0.28ms
[2026-04-03T06:44:38.776+0600][29.547s][info][gc,phases      ] GC(58)   Merge Heap Roots: 0.13ms
[2026-04-03T06:44:38.776+0600][29.547s][info][gc,phases      ] GC(58)   Evacuate Collection Set: 0.83ms
[2026-04-03T06:44:38.776+0600][29.547s][info][gc,phases      ] GC(58)   Post Evacuate Collection Set: 0.44ms
[2026-04-03T06:44:38.776+0600][29.547s][info][gc,phases      ] GC(58)   Other: 0.18ms
[2026-04-03T06:44:38.776+0600][29.547s][info][gc,heap        ] GC(58) Eden regions: 63->0(63)
[2026-04-03T06:44:38.776+0600][29.547s][info][gc,heap        ] GC(58) Survivor regions: 1->1(8)
[2026-04-03T06:44:38.776+0600][29.547s][info][gc,heap        ] GC(58) Old regions: 12->12
[2026-04-03T06:44:38.776+0600][29.547s][info][gc,heap        ] GC(58) Humongous regions: 0->0
[2026-04-03T06:44:38.776+0600][29.547s][info][gc,metaspace   ] GC(58) Metaspace: 55103K(55808K)->55103K(55808K) NonClass: 46544K(46976K)->46544K(46976K) Class: 8559K(8832K)->8559K(8832K)
[2026-04-03T06:44:38.777+0600][29.547s][info][gc             ] GC(58) Pause Young (Normal) (G1 Evacuation Pause) 146M->20M(214M) 2.237ms
[2026-04-03T06:44:38.777+0600][29.547s][info][gc,cpu         ] GC(58) User=0.01s Sys=0.00s Real=0.00s
[2026-04-03T06:44:38.993+0600][29.764s][info][gc,start       ] GC(59) Pause Young (Normal) (G1 Evacuation Pause)
[2026-04-03T06:44:38.993+0600][29.764s][info][gc,task        ] GC(59) Using 10 workers of 10 for evacuation
[2026-04-03T06:44:38.995+0600][29.766s][info][gc,phases      ] GC(59)   Pre Evacuate Collection Set: 0.48ms
[2026-04-03T06:44:38.995+0600][29.766s][info][gc,phases      ] GC(59)   Merge Heap Roots: 0.17ms
[2026-04-03T06:44:38.995+0600][29.766s][info][gc,phases      ] GC(59)   Evacuate Collection Set: 0.96ms
[2026-04-03T06:44:38.995+0600][29.766s][info][gc,phases      ] GC(59)   Post Evacuate Collection Set: 0.63ms
[2026-04-03T06:44:38.996+0600][29.766s][info][gc,phases      ] GC(59)   Other: 0.12ms
[2026-04-03T06:44:38.996+0600][29.766s][info][gc,heap        ] GC(59) Eden regions: 63->0(76)
[2026-04-03T06:44:38.996+0600][29.766s][info][gc,heap        ] GC(59) Survivor regions: 1->1(8)
[2026-04-03T06:44:38.996+0600][29.766s][info][gc,heap        ] GC(59) Old regions: 12->12
[2026-04-03T06:44:38.996+0600][29.766s][info][gc,heap        ] GC(59) Humongous regions: 0->0
[2026-04-03T06:44:38.996+0600][29.766s][info][gc,metaspace   ] GC(59) Metaspace: 55103K(55808K)->55103K(55808K) NonClass: 46544K(46976K)->46544K(46976K) Class: 8559K(8832K)->8559K(8832K)
[2026-04-03T06:44:38.996+0600][29.766s][info][gc             ] GC(59) Pause Young (Normal) (G1 Evacuation Pause) 146M->20M(258M) 2.767ms
[2026-04-03T06:44:38.996+0600][29.766s][info][gc,cpu         ] GC(59) User=0.01s Sys=0.00s Real=0.01s
[2026-04-03T06:44:39.305+0600][30.076s][info][gc,start       ] GC(60) Pause Young (Normal) (G1 Evacuation Pause)
[2026-04-03T06:44:39.306+0600][30.076s][info][gc,task        ] GC(60) Using 10 workers of 10 for evacuation
[2026-04-03T06:44:39.307+0600][30.078s][info][gc,phases      ] GC(60)   Pre Evacuate Collection Set: 0.20ms
[2026-04-03T06:44:39.307+0600][30.078s][info][gc,phases      ] GC(60)   Merge Heap Roots: 0.13ms
[2026-04-03T06:44:39.307+0600][30.078s][info][gc,phases      ] GC(60)   Evacuate Collection Set: 0.87ms
[2026-04-03T06:44:39.308+0600][30.078s][info][gc,phases      ] GC(60)   Post Evacuate Collection Set: 0.39ms
[2026-04-03T06:44:39.308+0600][30.078s][info][gc,phases      ] GC(60)   Other: 0.19ms
[2026-04-03T06:44:39.308+0600][30.078s][info][gc,heap        ] GC(60) Eden regions: 76->0(76)
[2026-04-03T06:44:39.308+0600][30.078s][info][gc,heap        ] GC(60) Survivor regions: 1->1(10)
[2026-04-03T06:44:39.308+0600][30.078s][info][gc,heap        ] GC(60) Old regions: 12->12
[2026-04-03T06:44:39.308+0600][30.078s][info][gc,heap        ] GC(60) Humongous regions: 0->0
[2026-04-03T06:44:39.308+0600][30.078s][info][gc,metaspace   ] GC(60) Metaspace: 55103K(55808K)->55103K(55808K) NonClass: 46544K(46976K)->46544K(46976K) Class: 8559K(8832K)->8559K(8832K)
[2026-04-03T06:44:39.308+0600][30.079s][info][gc             ] GC(60) Pause Young (Normal) (G1 Evacuation Pause) 172M->20M(258M) 2.246ms
[2026-04-03T06:44:39.308+0600][30.079s][info][gc,cpu         ] GC(60) User=0.01s Sys=0.00s Real=0.00s
[2026-04-03T06:44:39.508+0600][30.279s][info][gc,start       ] GC(61) Pause Young (Normal) (G1 Evacuation Pause)
[2026-04-03T06:44:39.508+0600][30.279s][info][gc,task        ] GC(61) Using 10 workers of 10 for evacuation
[2026-04-03T06:44:39.510+0600][30.281s][info][gc,phases      ] GC(61)   Pre Evacuate Collection Set: 0.21ms
[2026-04-03T06:44:39.510+0600][30.281s][info][gc,phases      ] GC(61)   Merge Heap Roots: 0.12ms
[2026-04-03T06:44:39.510+0600][30.281s][info][gc,phases      ] GC(61)   Evacuate Collection Set: 0.83ms
[2026-04-03T06:44:39.510+0600][30.281s][info][gc,phases      ] GC(61)   Post Evacuate Collection Set: 0.35ms
[2026-04-03T06:44:39.510+0600][30.281s][info][gc,phases      ] GC(61)   Other: 0.16ms
[2026-04-03T06:44:39.510+0600][30.281s][info][gc,heap        ] GC(61) Eden regions: 76->0(76)
[2026-04-03T06:44:39.510+0600][30.281s][info][gc,heap        ] GC(61) Survivor regions: 1->1(10)
[2026-04-03T06:44:39.510+0600][30.281s][info][gc,heap        ] GC(61) Old regions: 12->12
[2026-04-03T06:44:39.510+0600][30.281s][info][gc,heap        ] GC(61) Humongous regions: 0->0
[2026-04-03T06:44:39.510+0600][30.281s][info][gc,metaspace   ] GC(61) Metaspace: 55103K(55808K)->55103K(55808K) NonClass: 46544K(46976K)->46544K(46976K) Class: 8559K(8832K)->8559K(8832K)
[2026-04-03T06:44:39.510+0600][30.281s][info][gc             ] GC(61) Pause Young (Normal) (G1 Evacuation Pause) 172M->20M(258M) 2.069ms
[2026-04-03T06:44:39.510+0600][30.281s][info][gc,cpu         ] GC(61) User=0.01s Sys=0.00s Real=0.00s
[2026-04-03T06:44:39.715+0600][30.486s][info][gc,start       ] GC(62) Pause Young (Normal) (G1 Evacuation Pause)
[2026-04-03T06:44:39.715+0600][30.486s][info][gc,task        ] GC(62) Using 10 workers of 10 for evacuation
[2026-04-03T06:44:39.717+0600][30.487s][info][gc,phases      ] GC(62)   Pre Evacuate Collection Set: 0.20ms
[2026-04-03T06:44:39.717+0600][30.487s][info][gc,phases      ] GC(62)   Merge Heap Roots: 0.16ms
[2026-04-03T06:44:39.717+0600][30.487s][info][gc,phases      ] GC(62)   Evacuate Collection Set: 0.83ms
[2026-04-03T06:44:39.717+0600][30.487s][info][gc,phases      ] GC(62)   Post Evacuate Collection Set: 0.41ms
[2026-04-03T06:44:39.717+0600][30.488s][info][gc,phases      ] GC(62)   Other: 0.10ms
[2026-04-03T06:44:39.717+0600][30.488s][info][gc,heap        ] GC(62) Eden regions: 76->0(76)
[2026-04-03T06:44:39.717+0600][30.488s][info][gc,heap        ] GC(62) Survivor regions: 1->1(10)
[2026-04-03T06:44:39.717+0600][30.488s][info][gc,heap        ] GC(62) Old regions: 12->12
[2026-04-03T06:44:39.717+0600][30.488s][info][gc,heap        ] GC(62) Humongous regions: 0->0
[2026-04-03T06:44:39.717+0600][30.488s][info][gc,metaspace   ] GC(62) Metaspace: 55103K(55808K)->55103K(55808K) NonClass: 46544K(46976K)->46544K(46976K) Class: 8559K(8832K)->8559K(8832K)
[2026-04-03T06:44:39.717+0600][30.488s][info][gc             ] GC(62) Pause Young (Normal) (G1 Evacuation Pause) 172M->20M(258M) 2.106ms
[2026-04-03T06:44:39.717+0600][30.488s][info][gc,cpu         ] GC(62) User=0.01s Sys=0.00s Real=0.00s
[2026-04-03T06:44:39.915+0600][30.686s][info][gc,start       ] GC(63) Pause Young (Normal) (G1 Evacuation Pause)
[2026-04-03T06:44:39.915+0600][30.686s][info][gc,task        ] GC(63) Using 10 workers of 10 for evacuation
[2026-04-03T06:44:39.917+0600][30.688s][info][gc,phases      ] GC(63)   Pre Evacuate Collection Set: 0.19ms
[2026-04-03T06:44:39.917+0600][30.688s][info][gc,phases      ] GC(63)   Merge Heap Roots: 0.12ms
[2026-04-03T06:44:39.917+0600][30.688s][info][gc,phases      ] GC(63)   Evacuate Collection Set: 0.92ms
[2026-04-03T06:44:39.917+0600][30.688s][info][gc,phases      ] GC(63)   Post Evacuate Collection Set: 0.37ms
[2026-04-03T06:44:39.917+0600][30.688s][info][gc,phases      ] GC(63)   Other: 0.11ms
[2026-04-03T06:44:39.917+0600][30.688s][info][gc,heap        ] GC(63) Eden regions: 76->0(76)
[2026-04-03T06:44:39.917+0600][30.688s][info][gc,heap        ] GC(63) Survivor regions: 1->1(10)
[2026-04-03T06:44:39.917+0600][30.688s][info][gc,heap        ] GC(63) Old regions: 12->12
[2026-04-03T06:44:39.917+0600][30.688s][info][gc,heap        ] GC(63) Humongous regions: 0->0
[2026-04-03T06:44:39.917+0600][30.688s][info][gc,metaspace   ] GC(63) Metaspace: 55104K(55808K)->55104K(55808K) NonClass: 46545K(46976K)->46545K(46976K) Class: 8559K(8832K)->8559K(8832K)
[2026-04-03T06:44:39.917+0600][30.688s][info][gc             ] GC(63) Pause Young (Normal) (G1 Evacuation Pause) 172M->20M(258M) 2.071ms
[2026-04-03T06:44:39.917+0600][30.688s][info][gc,cpu         ] GC(63) User=0.01s Sys=0.00s Real=0.00s
[2026-04-03T06:44:40.110+0600][30.881s][info][gc,start       ] GC(64) Pause Young (Normal) (G1 Evacuation Pause)
[2026-04-03T06:44:40.110+0600][30.881s][info][gc,task        ] GC(64) Using 10 workers of 10 for evacuation
[2026-04-03T06:44:40.112+0600][30.883s][info][gc,phases      ] GC(64)   Pre Evacuate Collection Set: 0.17ms
[2026-04-03T06:44:40.112+0600][30.883s][info][gc,phases      ] GC(64)   Merge Heap Roots: 0.13ms
[2026-04-03T06:44:40.112+0600][30.883s][info][gc,phases      ] GC(64)   Evacuate Collection Set: 0.77ms
[2026-04-03T06:44:40.112+0600][30.883s][info][gc,phases      ] GC(64)   Post Evacuate Collection Set: 0.32ms
[2026-04-03T06:44:40.112+0600][30.883s][info][gc,phases      ] GC(64)   Other: 0.09ms
[2026-04-03T06:44:40.112+0600][30.883s][info][gc,heap        ] GC(64) Eden regions: 76->0(76)
[2026-04-03T06:44:40.112+0600][30.883s][info][gc,heap        ] GC(64) Survivor regions: 1->1(10)
[2026-04-03T06:44:40.112+0600][30.883s][info][gc,heap        ] GC(64) Old regions: 12->12
[2026-04-03T06:44:40.112+0600][30.883s][info][gc,heap        ] GC(64) Humongous regions: 0->0
[2026-04-03T06:44:40.112+0600][30.883s][info][gc,metaspace   ] GC(64) Metaspace: 55104K(55808K)->55104K(55808K) NonClass: 46545K(46976K)->46545K(46976K) Class: 8559K(8832K)->8559K(8832K)
[2026-04-03T06:44:40.112+0600][30.883s][info][gc             ] GC(64) Pause Young (Normal) (G1 Evacuation Pause) 172M->20M(258M) 1.785ms
[2026-04-03T06:44:40.112+0600][30.883s][info][gc,cpu         ] GC(64) User=0.01s Sys=0.00s Real=0.00s
[2026-04-03T06:44:40.303+0600][31.073s][info][gc,start       ] GC(65) Pause Young (Normal) (G1 Evacuation Pause)
[2026-04-03T06:44:40.303+0600][31.074s][info][gc,task        ] GC(65) Using 10 workers of 10 for evacuation
[2026-04-03T06:44:40.304+0600][31.075s][info][gc,phases      ] GC(65)   Pre Evacuate Collection Set: 0.20ms
[2026-04-03T06:44:40.304+0600][31.075s][info][gc,phases      ] GC(65)   Merge Heap Roots: 0.15ms
[2026-04-03T06:44:40.304+0600][31.075s][info][gc,phases      ] GC(65)   Evacuate Collection Set: 0.76ms
[2026-04-03T06:44:40.304+0600][31.075s][info][gc,phases      ] GC(65)   Post Evacuate Collection Set: 0.38ms
[2026-04-03T06:44:40.304+0600][31.075s][info][gc,phases      ] GC(65)   Other: 0.11ms
[2026-04-03T06:44:40.304+0600][31.075s][info][gc,heap        ] GC(65) Eden regions: 76->0(76)
[2026-04-03T06:44:40.304+0600][31.075s][info][gc,heap        ] GC(65) Survivor regions: 1->1(10)
[2026-04-03T06:44:40.304+0600][31.075s][info][gc,heap        ] GC(65) Old regions: 12->12
[2026-04-03T06:44:40.304+0600][31.075s][info][gc,heap        ] GC(65) Humongous regions: 0->0
[2026-04-03T06:44:40.305+0600][31.075s][info][gc,metaspace   ] GC(65) Metaspace: 55105K(55808K)->55105K(55808K) NonClass: 46545K(46976K)->46545K(46976K) Class: 8559K(8832K)->8559K(8832K)
[2026-04-03T06:44:40.305+0600][31.075s][info][gc             ] GC(65) Pause Young (Normal) (G1 Evacuation Pause) 172M->20M(258M) 1.979ms
[2026-04-03T06:44:40.305+0600][31.075s][info][gc,cpu         ] GC(65) User=0.01s Sys=0.00s Real=0.01s
[2026-04-03T06:44:40.505+0600][31.276s][info][gc,start       ] GC(66) Pause Young (Normal) (G1 Evacuation Pause)
[2026-04-03T06:44:40.505+0600][31.276s][info][gc,task        ] GC(66) Using 10 workers of 10 for evacuation
[2026-04-03T06:44:40.507+0600][31.277s][info][gc,phases      ] GC(66)   Pre Evacuate Collection Set: 0.23ms
[2026-04-03T06:44:40.507+0600][31.277s][info][gc,phases      ] GC(66)   Merge Heap Roots: 0.15ms
[2026-04-03T06:44:40.507+0600][31.277s][info][gc,phases      ] GC(66)   Evacuate Collection Set: 0.73ms
[2026-04-03T06:44:40.507+0600][31.277s][info][gc,phases      ] GC(66)   Post Evacuate Collection Set: 0.39ms
[2026-04-03T06:44:40.507+0600][31.277s][info][gc,phases      ] GC(66)   Other: 0.10ms
[2026-04-03T06:44:40.507+0600][31.278s][info][gc,heap        ] GC(66) Eden regions: 76->0(76)
[2026-04-03T06:44:40.507+0600][31.278s][info][gc,heap        ] GC(66) Survivor regions: 1->1(10)
[2026-04-03T06:44:40.507+0600][31.278s][info][gc,heap        ] GC(66) Old regions: 12->12
[2026-04-03T06:44:40.507+0600][31.278s][info][gc,heap        ] GC(66) Humongous regions: 0->0
[2026-04-03T06:44:40.507+0600][31.278s][info][gc,metaspace   ] GC(66) Metaspace: 55105K(55808K)->55105K(55808K) NonClass: 46545K(46976K)->46545K(46976K) Class: 8559K(8832K)->8559K(8832K)
[2026-04-03T06:44:40.507+0600][31.278s][info][gc             ] GC(66) Pause Young (Normal) (G1 Evacuation Pause) 172M->20M(258M) 1.900ms
[2026-04-03T06:44:40.507+0600][31.278s][info][gc,cpu         ] GC(66) User=0.01s Sys=0.00s Real=0.00s
[2026-04-03T06:44:40.749+0600][31.520s][info][gc,start       ] GC(67) Pause Young (Normal) (G1 Evacuation Pause)
[2026-04-03T06:44:40.749+0600][31.520s][info][gc,task        ] GC(67) Using 10 workers of 10 for evacuation
[2026-04-03T06:44:40.751+0600][31.522s][info][gc,phases      ] GC(67)   Pre Evacuate Collection Set: 0.20ms
[2026-04-03T06:44:40.751+0600][31.522s][info][gc,phases      ] GC(67)   Merge Heap Roots: 0.15ms
[2026-04-03T06:44:40.751+0600][31.522s][info][gc,phases      ] GC(67)   Evacuate Collection Set: 1.07ms
[2026-04-03T06:44:40.751+0600][31.522s][info][gc,phases      ] GC(67)   Post Evacuate Collection Set: 0.58ms
[2026-04-03T06:44:40.751+0600][31.522s][info][gc,phases      ] GC(67)   Other: 0.12ms
[2026-04-03T06:44:40.751+0600][31.522s][info][gc,heap        ] GC(67) Eden regions: 76->0(76)
[2026-04-03T06:44:40.751+0600][31.522s][info][gc,heap        ] GC(67) Survivor regions: 1->1(10)
[2026-04-03T06:44:40.751+0600][31.522s][info][gc,heap        ] GC(67) Old regions: 12->12
[2026-04-03T06:44:40.751+0600][31.522s][info][gc,heap        ] GC(67) Humongous regions: 0->0
[2026-04-03T06:44:40.751+0600][31.522s][info][gc,metaspace   ] GC(67) Metaspace: 55314K(56000K)->55314K(56000K) NonClass: 46706K(47104K)->46706K(47104K) Class: 8608K(8896K)->8608K(8896K)
[2026-04-03T06:44:40.751+0600][31.522s][info][gc             ] GC(67) Pause Young (Normal) (G1 Evacuation Pause) 172M->20M(258M) 2.583ms
[2026-04-03T06:44:40.751+0600][31.522s][info][gc,cpu         ] GC(67) User=0.01s Sys=0.01s Real=0.00s
[2026-04-03T06:44:41.176+0600][31.946s][info][gc,start       ] GC(68) Pause Full (System.gc())
[2026-04-03T06:44:41.176+0600][31.947s][info][gc,task        ] GC(68) Using 8 workers of 10 for full compaction
[2026-04-03T06:44:41.176+0600][31.947s][info][gc,phases,start] GC(68) Phase 1: Mark live objects
[2026-04-03T06:44:41.200+0600][31.971s][info][gc,phases      ] GC(68) Phase 1: Mark live objects 23.966ms
[2026-04-03T06:44:41.200+0600][31.971s][info][gc,phases,start] GC(68) Phase 2: Prepare compaction
[2026-04-03T06:44:41.202+0600][31.973s][info][gc,phases      ] GC(68) Phase 2: Prepare compaction 2.014ms
[2026-04-03T06:44:41.202+0600][31.973s][info][gc,phases,start] GC(68) Phase 3: Adjust pointers
[2026-04-03T06:44:41.214+0600][31.985s][info][gc,phases      ] GC(68) Phase 3: Adjust pointers 12.041ms
[2026-04-03T06:44:41.214+0600][31.985s][info][gc,phases,start] GC(68) Phase 4: Compact heap
[2026-04-03T06:44:41.216+0600][31.987s][info][gc,phases      ] GC(68) Phase 4: Compact heap 1.861ms
[2026-04-03T06:44:41.216+0600][31.987s][info][gc,phases,start] GC(68) Phase 5: Reset Metadata
[2026-04-03T06:44:41.219+0600][31.989s][info][gc,phases      ] GC(68) Phase 5: Reset Metadata 2.242ms
[2026-04-03T06:44:41.229+0600][32.000s][info][gc,heap        ] GC(68) Eden regions: 34->0(26)
[2026-04-03T06:44:41.229+0600][32.000s][info][gc,heap        ] GC(68) Survivor regions: 1->0(10)
[2026-04-03T06:44:41.229+0600][32.000s][info][gc,heap        ] GC(68) Old regions: 12->13
[2026-04-03T06:44:41.229+0600][32.000s][info][gc,heap        ] GC(68) Humongous regions: 0->0
[2026-04-03T06:44:41.229+0600][32.000s][info][gc,metaspace   ] GC(68) Metaspace: 55420K(56128K)->55019K(56128K) NonClass: 46804K(47232K)->46525K(47232K) Class: 8615K(8896K)->8494K(8896K)
[2026-04-03T06:44:41.229+0600][32.000s][info][gc             ] GC(68) Pause Full (System.gc()) 88M->18M(88M) 53.753ms
[2026-04-03T06:44:41.229+0600][32.000s][info][gc,cpu         ] GC(68) User=0.21s Sys=0.02s Real=0.05s
[2026-04-03T06:44:41.592+0600][32.362s][info][gc,start       ] GC(69) Pause Young (Normal) (G1 Evacuation Pause)
[2026-04-03T06:44:41.592+0600][32.363s][info][gc,task        ] GC(69) Using 10 workers of 10 for evacuation
[2026-04-03T06:44:41.595+0600][32.365s][info][gc,phases      ] GC(69)   Pre Evacuate Collection Set: 0.26ms
[2026-04-03T06:44:41.595+0600][32.366s][info][gc,phases      ] GC(69)   Merge Heap Roots: 0.25ms
[2026-04-03T06:44:41.595+0600][32.366s][info][gc,phases      ] GC(69)   Evacuate Collection Set: 1.66ms
[2026-04-03T06:44:41.595+0600][32.366s][info][gc,phases      ] GC(69)   Post Evacuate Collection Set: 0.49ms
[2026-04-03T06:44:41.595+0600][32.366s][info][gc,phases      ] GC(69)   Other: 0.14ms
[2026-04-03T06:44:41.595+0600][32.366s][info][gc,heap        ] GC(69) Eden regions: 26->0(25)
[2026-04-03T06:44:41.595+0600][32.366s][info][gc,heap        ] GC(69) Survivor regions: 0->1(4)
[2026-04-03T06:44:41.595+0600][32.366s][info][gc,heap        ] GC(69) Old regions: 13->13
[2026-04-03T06:44:41.595+0600][32.366s][info][gc,heap        ] GC(69) Humongous regions: 0->0
[2026-04-03T06:44:41.595+0600][32.366s][info][gc,metaspace   ] GC(69) Metaspace: 55051K(56128K)->55051K(56128K) NonClass: 46548K(47232K)->46548K(47232K) Class: 8502K(8896K)->8502K(8896K)
[2026-04-03T06:44:41.595+0600][32.366s][info][gc             ] GC(69) Pause Young (Normal) (G1 Evacuation Pause) 70M->19M(88M) 3.214ms
[2026-04-03T06:44:41.595+0600][32.366s][info][gc,cpu         ] GC(69) User=0.03s Sys=0.00s Real=0.01s
[2026-04-03T06:44:41.852+0600][32.623s][info][gc,start       ] GC(70) Pause Young (Normal) (G1 Evacuation Pause)
[2026-04-03T06:44:41.852+0600][32.623s][info][gc,task        ] GC(70) Using 10 workers of 10 for evacuation
[2026-04-03T06:44:41.855+0600][32.626s][info][gc,phases      ] GC(70)   Pre Evacuate Collection Set: 0.27ms
[2026-04-03T06:44:41.855+0600][32.626s][info][gc,phases      ] GC(70)   Merge Heap Roots: 0.17ms
[2026-04-03T06:44:41.855+0600][32.626s][info][gc,phases      ] GC(70)   Evacuate Collection Set: 1.86ms
[2026-04-03T06:44:41.855+0600][32.626s][info][gc,phases      ] GC(70)   Post Evacuate Collection Set: 0.55ms
[2026-04-03T06:44:41.855+0600][32.626s][info][gc,phases      ] GC(70)   Other: 0.13ms
[2026-04-03T06:44:41.855+0600][32.626s][info][gc,heap        ] GC(70) Eden regions: 25->0(25)
[2026-04-03T06:44:41.855+0600][32.626s][info][gc,heap        ] GC(70) Survivor regions: 1->1(4)
[2026-04-03T06:44:41.855+0600][32.626s][info][gc,heap        ] GC(70) Old regions: 13->13
[2026-04-03T06:44:41.855+0600][32.626s][info][gc,heap        ] GC(70) Humongous regions: 0->0
[2026-04-03T06:44:41.855+0600][32.626s][info][gc,metaspace   ] GC(70) Metaspace: 55051K(56128K)->55051K(56128K) NonClass: 46548K(47232K)->46548K(47232K) Class: 8502K(8896K)->8502K(8896K)
[2026-04-03T06:44:41.855+0600][32.626s][info][gc             ] GC(70) Pause Young (Normal) (G1 Evacuation Pause) 69M->19M(88M) 3.575ms
[2026-04-03T06:44:41.855+0600][32.626s][info][gc,cpu         ] GC(70) User=0.03s Sys=0.00s Real=0.01s
[2026-04-03T06:44:42.147+0600][32.918s][info][gc,start       ] GC(71) Pause Young (Normal) (G1 Evacuation Pause)
[2026-04-03T06:44:42.147+0600][32.918s][info][gc,task        ] GC(71) Using 10 workers of 10 for evacuation
[2026-04-03T06:44:42.150+0600][32.921s][info][gc,phases      ] GC(71)   Pre Evacuate Collection Set: 0.25ms
[2026-04-03T06:44:42.151+0600][32.921s][info][gc,phases      ] GC(71)   Merge Heap Roots: 0.18ms
[2026-04-03T06:44:42.151+0600][32.921s][info][gc,phases      ] GC(71)   Evacuate Collection Set: 1.71ms
[2026-04-03T06:44:42.151+0600][32.921s][info][gc,phases      ] GC(71)   Post Evacuate Collection Set: 0.71ms
[2026-04-03T06:44:42.151+0600][32.921s][info][gc,phases      ] GC(71)   Other: 0.16ms
[2026-04-03T06:44:42.151+0600][32.921s][info][gc,heap        ] GC(71) Eden regions: 25->0(32)
[2026-04-03T06:44:42.151+0600][32.921s][info][gc,heap        ] GC(71) Survivor regions: 1->1(4)
[2026-04-03T06:44:42.151+0600][32.922s][info][gc,heap        ] GC(71) Old regions: 13->13
[2026-04-03T06:44:42.151+0600][32.922s][info][gc,heap        ] GC(71) Humongous regions: 0->0
[2026-04-03T06:44:42.151+0600][32.922s][info][gc,metaspace   ] GC(71) Metaspace: 55051K(56128K)->55051K(56128K) NonClass: 46548K(47232K)->46548K(47232K) Class: 8502K(8896K)->8502K(8896K)
[2026-04-03T06:44:42.151+0600][32.922s][info][gc             ] GC(71) Pause Young (Normal) (G1 Evacuation Pause) 69M->19M(110M) 3.635ms
[2026-04-03T06:44:42.151+0600][32.922s][info][gc,cpu         ] GC(71) User=0.02s Sys=0.01s Real=0.00s
[2026-04-03T06:44:42.537+0600][33.308s][info][gc,start       ] GC(72) Pause Young (Normal) (G1 Evacuation Pause)
[2026-04-03T06:44:42.538+0600][33.308s][info][gc,task        ] GC(72) Using 10 workers of 10 for evacuation
[2026-04-03T06:44:42.540+0600][33.311s][info][gc,phases      ] GC(72)   Pre Evacuate Collection Set: 0.23ms
[2026-04-03T06:44:42.540+0600][33.311s][info][gc,phases      ] GC(72)   Merge Heap Roots: 0.13ms
[2026-04-03T06:44:42.540+0600][33.311s][info][gc,phases      ] GC(72)   Evacuate Collection Set: 1.70ms
[2026-04-03T06:44:42.540+0600][33.311s][info][gc,phases      ] GC(72)   Post Evacuate Collection Set: 0.50ms
[2026-04-03T06:44:42.540+0600][33.311s][info][gc,phases      ] GC(72)   Other: 0.12ms
[2026-04-03T06:44:42.540+0600][33.311s][info][gc,heap        ] GC(72) Eden regions: 32->0(32)
[2026-04-03T06:44:42.540+0600][33.311s][info][gc,heap        ] GC(72) Survivor regions: 1->1(5)
[2026-04-03T06:44:42.540+0600][33.311s][info][gc,heap        ] GC(72) Old regions: 13->13
[2026-04-03T06:44:42.540+0600][33.311s][info][gc,heap        ] GC(72) Humongous regions: 0->0
[2026-04-03T06:44:42.540+0600][33.311s][info][gc,metaspace   ] GC(72) Metaspace: 55051K(56128K)->55051K(56128K) NonClass: 46548K(47232K)->46548K(47232K) Class: 8502K(8896K)->8502K(8896K)
[2026-04-03T06:44:42.541+0600][33.311s][info][gc             ] GC(72) Pause Young (Normal) (G1 Evacuation Pause) 83M->19M(110M) 3.083ms
[2026-04-03T06:44:42.541+0600][33.311s][info][gc,cpu         ] GC(72) User=0.02s Sys=0.00s Real=0.00s
[2026-04-03T06:44:42.853+0600][33.624s][info][gc,start       ] GC(73) Pause Young (Normal) (G1 Evacuation Pause)
[2026-04-03T06:44:42.853+0600][33.624s][info][gc,task        ] GC(73) Using 10 workers of 10 for evacuation
[2026-04-03T06:44:42.856+0600][33.627s][info][gc,phases      ] GC(73)   Pre Evacuate Collection Set: 0.34ms
[2026-04-03T06:44:42.856+0600][33.627s][info][gc,phases      ] GC(73)   Merge Heap Roots: 0.14ms
[2026-04-03T06:44:42.856+0600][33.627s][info][gc,phases      ] GC(73)   Evacuate Collection Set: 1.87ms
[2026-04-03T06:44:42.856+0600][33.627s][info][gc,phases      ] GC(73)   Post Evacuate Collection Set: 0.51ms
[2026-04-03T06:44:42.856+0600][33.627s][info][gc,phases      ] GC(73)   Other: 0.13ms
[2026-04-03T06:44:42.856+0600][33.627s][info][gc,heap        ] GC(73) Eden regions: 32->0(32)
[2026-04-03T06:44:42.856+0600][33.627s][info][gc,heap        ] GC(73) Survivor regions: 1->1(5)
[2026-04-03T06:44:42.856+0600][33.627s][info][gc,heap        ] GC(73) Old regions: 13->13
[2026-04-03T06:44:42.856+0600][33.627s][info][gc,heap        ] GC(73) Humongous regions: 0->0
[2026-04-03T06:44:42.856+0600][33.627s][info][gc,metaspace   ] GC(73) Metaspace: 55051K(56128K)->55051K(56128K) NonClass: 46548K(47232K)->46548K(47232K) Class: 8502K(8896K)->8502K(8896K)
[2026-04-03T06:44:42.856+0600][33.627s][info][gc             ] GC(73) Pause Young (Normal) (G1 Evacuation Pause) 83M->19M(110M) 3.405ms
[2026-04-03T06:44:42.856+0600][33.627s][info][gc,cpu         ] GC(73) User=0.03s Sys=0.00s Real=0.01s
[2026-04-03T06:44:43.108+0600][33.879s][info][gc,start       ] GC(74) Pause Young (Normal) (G1 Evacuation Pause)
[2026-04-03T06:44:43.108+0600][33.879s][info][gc,task        ] GC(74) Using 10 workers of 10 for evacuation
[2026-04-03T06:44:43.110+0600][33.881s][info][gc,phases      ] GC(74)   Pre Evacuate Collection Set: 0.20ms
[2026-04-03T06:44:43.110+0600][33.881s][info][gc,phases      ] GC(74)   Merge Heap Roots: 0.15ms
[2026-04-03T06:44:43.110+0600][33.881s][info][gc,phases      ] GC(74)   Evacuate Collection Set: 1.46ms
[2026-04-03T06:44:43.110+0600][33.881s][info][gc,phases      ] GC(74)   Post Evacuate Collection Set: 0.43ms
[2026-04-03T06:44:43.110+0600][33.881s][info][gc,phases      ] GC(74)   Other: 0.09ms
[2026-04-03T06:44:43.110+0600][33.881s][info][gc,heap        ] GC(74) Eden regions: 32->0(32)
[2026-04-03T06:44:43.110+0600][33.881s][info][gc,heap        ] GC(74) Survivor regions: 1->1(5)
[2026-04-03T06:44:43.110+0600][33.881s][info][gc,heap        ] GC(74) Old regions: 13->13
[2026-04-03T06:44:43.110+0600][33.881s][info][gc,heap        ] GC(74) Humongous regions: 0->0
[2026-04-03T06:44:43.110+0600][33.881s][info][gc,metaspace   ] GC(74) Metaspace: 55051K(56128K)->55051K(56128K) NonClass: 46548K(47232K)->46548K(47232K) Class: 8502K(8896K)->8502K(8896K)
[2026-04-03T06:44:43.111+0600][33.881s][info][gc             ] GC(74) Pause Young (Normal) (G1 Evacuation Pause) 83M->19M(110M) 2.702ms
[2026-04-03T06:44:43.111+0600][33.881s][info][gc,cpu         ] GC(74) User=0.03s Sys=0.00s Real=0.00s
[2026-04-03T06:44:43.358+0600][34.129s][info][gc,start       ] GC(75) Pause Young (Normal) (G1 Evacuation Pause)
[2026-04-03T06:44:43.358+0600][34.129s][info][gc,task        ] GC(75) Using 10 workers of 10 for evacuation
[2026-04-03T06:44:43.361+0600][34.132s][info][gc,phases      ] GC(75)   Pre Evacuate Collection Set: 0.28ms
[2026-04-03T06:44:43.361+0600][34.132s][info][gc,phases      ] GC(75)   Merge Heap Roots: 0.14ms
[2026-04-03T06:44:43.361+0600][34.132s][info][gc,phases      ] GC(75)   Evacuate Collection Set: 1.53ms
[2026-04-03T06:44:43.361+0600][34.132s][info][gc,phases      ] GC(75)   Post Evacuate Collection Set: 0.49ms
[2026-04-03T06:44:43.361+0600][34.132s][info][gc,phases      ] GC(75)   Other: 0.10ms
[2026-04-03T06:44:43.361+0600][34.132s][info][gc,heap        ] GC(75) Eden regions: 32->0(32)
[2026-04-03T06:44:43.361+0600][34.132s][info][gc,heap        ] GC(75) Survivor regions: 1->1(5)
[2026-04-03T06:44:43.361+0600][34.132s][info][gc,heap        ] GC(75) Old regions: 13->13
[2026-04-03T06:44:43.361+0600][34.132s][info][gc,heap        ] GC(75) Humongous regions: 0->0
[2026-04-03T06:44:43.361+0600][34.132s][info][gc,metaspace   ] GC(75) Metaspace: 55051K(56128K)->55051K(56128K) NonClass: 46548K(47232K)->46548K(47232K) Class: 8502K(8896K)->8502K(8896K)
[2026-04-03T06:44:43.361+0600][34.132s][info][gc             ] GC(75) Pause Young (Normal) (G1 Evacuation Pause) 83M->19M(110M) 2.915ms
[2026-04-03T06:44:43.361+0600][34.132s][info][gc,cpu         ] GC(75) User=0.02s Sys=0.00s Real=0.00s
[2026-04-03T06:44:43.622+0600][34.393s][info][gc,start       ] GC(76) Pause Young (Normal) (G1 Evacuation Pause)
[2026-04-03T06:44:43.623+0600][34.393s][info][gc,task        ] GC(76) Using 10 workers of 10 for evacuation
[2026-04-03T06:44:43.625+0600][34.396s][info][gc,phases      ] GC(76)   Pre Evacuate Collection Set: 0.24ms
[2026-04-03T06:44:43.625+0600][34.396s][info][gc,phases      ] GC(76)   Merge Heap Roots: 0.13ms
[2026-04-03T06:44:43.625+0600][34.396s][info][gc,phases      ] GC(76)   Evacuate Collection Set: 1.55ms
[2026-04-03T06:44:43.625+0600][34.396s][info][gc,phases      ] GC(76)   Post Evacuate Collection Set: 0.49ms
[2026-04-03T06:44:43.626+0600][34.396s][info][gc,phases      ] GC(76)   Other: 0.30ms
[2026-04-03T06:44:43.626+0600][34.396s][info][gc,heap        ] GC(76) Eden regions: 32->0(32)
[2026-04-03T06:44:43.626+0600][34.396s][info][gc,heap        ] GC(76) Survivor regions: 1->1(5)
[2026-04-03T06:44:43.626+0600][34.396s][info][gc,heap        ] GC(76) Old regions: 13->13
[2026-04-03T06:44:43.626+0600][34.396s][info][gc,heap        ] GC(76) Humongous regions: 0->0
[2026-04-03T06:44:43.626+0600][34.396s][info][gc,metaspace   ] GC(76) Metaspace: 55051K(56128K)->55051K(56128K) NonClass: 46548K(47232K)->46548K(47232K) Class: 8502K(8896K)->8502K(8896K)
[2026-04-03T06:44:43.626+0600][34.396s][info][gc             ] GC(76) Pause Young (Normal) (G1 Evacuation Pause) 83M->19M(110M) 3.162ms
[2026-04-03T06:44:43.626+0600][34.397s][info][gc,cpu         ] GC(76) User=0.02s Sys=0.01s Real=0.01s
[2026-04-03T06:44:43.976+0600][34.747s][info][gc,start       ] GC(77) Pause Young (Normal) (G1 Evacuation Pause)
[2026-04-03T06:44:43.976+0600][34.747s][info][gc,task        ] GC(77) Using 10 workers of 10 for evacuation
[2026-04-03T06:44:43.981+0600][34.752s][info][gc,phases      ] GC(77)   Pre Evacuate Collection Set: 0.41ms
[2026-04-03T06:44:43.981+0600][34.752s][info][gc,phases      ] GC(77)   Merge Heap Roots: 0.17ms
[2026-04-03T06:44:43.981+0600][34.752s][info][gc,phases      ] GC(77)   Evacuate Collection Set: 3.23ms
[2026-04-03T06:44:43.982+0600][34.752s][info][gc,phases      ] GC(77)   Post Evacuate Collection Set: 0.97ms
[2026-04-03T06:44:43.982+0600][34.752s][info][gc,phases      ] GC(77)   Other: 0.16ms
[2026-04-03T06:44:43.982+0600][34.752s][info][gc,heap        ] GC(77) Eden regions: 32->0(32)
[2026-04-03T06:44:43.982+0600][34.752s][info][gc,heap        ] GC(77) Survivor regions: 1->1(5)
[2026-04-03T06:44:43.982+0600][34.752s][info][gc,heap        ] GC(77) Old regions: 13->13
[2026-04-03T06:44:43.982+0600][34.752s][info][gc,heap        ] GC(77) Humongous regions: 0->0
[2026-04-03T06:44:43.982+0600][34.752s][info][gc,metaspace   ] GC(77) Metaspace: 55051K(56128K)->55051K(56128K) NonClass: 46548K(47232K)->46548K(47232K) Class: 8502K(8896K)->8502K(8896K)
[2026-04-03T06:44:43.982+0600][34.753s][info][gc             ] GC(77) Pause Young (Normal) (G1 Evacuation Pause) 83M->19M(110M) 5.516ms
[2026-04-03T06:44:43.982+0600][34.753s][info][gc,cpu         ] GC(77) User=0.02s Sys=0.00s Real=0.00s
[2026-04-03T06:44:44.274+0600][35.045s][info][gc,start       ] GC(78) Pause Young (Normal) (G1 Evacuation Pause)
[2026-04-03T06:44:44.274+0600][35.045s][info][gc,task        ] GC(78) Using 10 workers of 10 for evacuation
[2026-04-03T06:44:44.277+0600][35.048s][info][gc,phases      ] GC(78)   Pre Evacuate Collection Set: 0.32ms
[2026-04-03T06:44:44.277+0600][35.048s][info][gc,phases      ] GC(78)   Merge Heap Roots: 0.12ms
[2026-04-03T06:44:44.277+0600][35.048s][info][gc,phases      ] GC(78)   Evacuate Collection Set: 1.56ms
[2026-04-03T06:44:44.277+0600][35.048s][info][gc,phases      ] GC(78)   Post Evacuate Collection Set: 0.47ms
[2026-04-03T06:44:44.277+0600][35.048s][info][gc,phases      ] GC(78)   Other: 0.11ms
[2026-04-03T06:44:44.277+0600][35.048s][info][gc,heap        ] GC(78) Eden regions: 32->0(32)
[2026-04-03T06:44:44.277+0600][35.048s][info][gc,heap        ] GC(78) Survivor regions: 1->1(5)
[2026-04-03T06:44:44.277+0600][35.048s][info][gc,heap        ] GC(78) Old regions: 13->13
[2026-04-03T06:44:44.277+0600][35.048s][info][gc,heap        ] GC(78) Humongous regions: 0->0
[2026-04-03T06:44:44.277+0600][35.048s][info][gc,metaspace   ] GC(78) Metaspace: 55051K(56128K)->55051K(56128K) NonClass: 46548K(47232K)->46548K(47232K) Class: 8502K(8896K)->8502K(8896K)
[2026-04-03T06:44:44.277+0600][35.048s][info][gc             ] GC(78) Pause Young (Normal) (G1 Evacuation Pause) 83M->19M(110M) 2.979ms
[2026-04-03T06:44:44.277+0600][35.048s][info][gc,cpu         ] GC(78) User=0.02s Sys=0.00s Real=0.00s
[2026-04-03T06:44:44.508+0600][35.279s][info][gc,start       ] GC(79) Pause Young (Normal) (G1 Evacuation Pause)
[2026-04-03T06:44:44.508+0600][35.279s][info][gc,task        ] GC(79) Using 10 workers of 10 for evacuation
[2026-04-03T06:44:44.511+0600][35.282s][info][gc,phases      ] GC(79)   Pre Evacuate Collection Set: 0.25ms
[2026-04-03T06:44:44.511+0600][35.282s][info][gc,phases      ] GC(79)   Merge Heap Roots: 0.15ms
[2026-04-03T06:44:44.511+0600][35.282s][info][gc,phases      ] GC(79)   Evacuate Collection Set: 1.57ms
[2026-04-03T06:44:44.511+0600][35.282s][info][gc,phases      ] GC(79)   Post Evacuate Collection Set: 0.63ms
[2026-04-03T06:44:44.511+0600][35.282s][info][gc,phases      ] GC(79)   Other: 0.16ms
[2026-04-03T06:44:44.511+0600][35.282s][info][gc,heap        ] GC(79) Eden regions: 32->0(32)
[2026-04-03T06:44:44.511+0600][35.282s][info][gc,heap        ] GC(79) Survivor regions: 1->1(5)
[2026-04-03T06:44:44.511+0600][35.282s][info][gc,heap        ] GC(79) Old regions: 13->13
[2026-04-03T06:44:44.511+0600][35.282s][info][gc,heap        ] GC(79) Humongous regions: 0->0
[2026-04-03T06:44:44.511+0600][35.282s][info][gc,metaspace   ] GC(79) Metaspace: 55051K(56128K)->55051K(56128K) NonClass: 46548K(47232K)->46548K(47232K) Class: 8502K(8896K)->8502K(8896K)
[2026-04-03T06:44:44.511+0600][35.282s][info][gc             ] GC(79) Pause Young (Normal) (G1 Evacuation Pause) 83M->19M(110M) 3.254ms
[2026-04-03T06:44:44.511+0600][35.282s][info][gc,cpu         ] GC(79) User=0.02s Sys=0.00s Real=0.00s
[2026-04-03T06:44:44.718+0600][35.489s][info][gc,start       ] GC(80) Pause Young (Normal) (G1 Evacuation Pause)
[2026-04-03T06:44:44.718+0600][35.489s][info][gc,task        ] GC(80) Using 10 workers of 10 for evacuation
[2026-04-03T06:44:44.721+0600][35.492s][info][gc,phases      ] GC(80)   Pre Evacuate Collection Set: 0.21ms
[2026-04-03T06:44:44.721+0600][35.492s][info][gc,phases      ] GC(80)   Merge Heap Roots: 0.14ms
[2026-04-03T06:44:44.721+0600][35.492s][info][gc,phases      ] GC(80)   Evacuate Collection Set: 1.43ms
[2026-04-03T06:44:44.721+0600][35.492s][info][gc,phases      ] GC(80)   Post Evacuate Collection Set: 0.54ms
[2026-04-03T06:44:44.721+0600][35.492s][info][gc,phases      ] GC(80)   Other: 0.20ms
[2026-04-03T06:44:44.721+0600][35.492s][info][gc,heap        ] GC(80) Eden regions: 32->0(32)
[2026-04-03T06:44:44.721+0600][35.492s][info][gc,heap        ] GC(80) Survivor regions: 1->1(5)
[2026-04-03T06:44:44.721+0600][35.492s][info][gc,heap        ] GC(80) Old regions: 13->13
[2026-04-03T06:44:44.721+0600][35.492s][info][gc,heap        ] GC(80) Humongous regions: 0->0
[2026-04-03T06:44:44.721+0600][35.492s][info][gc,metaspace   ] GC(80) Metaspace: 55051K(56128K)->55051K(56128K) NonClass: 46548K(47232K)->46548K(47232K) Class: 8502K(8896K)->8502K(8896K)
[2026-04-03T06:44:44.721+0600][35.492s][info][gc             ] GC(80) Pause Young (Normal) (G1 Evacuation Pause) 83M->19M(110M) 3.011ms
[2026-04-03T06:44:44.721+0600][35.492s][info][gc,cpu         ] GC(80) User=0.03s Sys=0.00s Real=0.00s
[2026-04-03T06:44:44.943+0600][35.714s][info][gc,start       ] GC(81) Pause Young (Normal) (G1 Evacuation Pause)
[2026-04-03T06:44:44.944+0600][35.714s][info][gc,task        ] GC(81) Using 10 workers of 10 for evacuation
[2026-04-03T06:44:44.946+0600][35.717s][info][gc,phases      ] GC(81)   Pre Evacuate Collection Set: 0.18ms
[2026-04-03T06:44:44.947+0600][35.717s][info][gc,phases      ] GC(81)   Merge Heap Roots: 0.15ms
[2026-04-03T06:44:44.947+0600][35.717s][info][gc,phases      ] GC(81)   Evacuate Collection Set: 1.97ms
[2026-04-03T06:44:44.947+0600][35.717s][info][gc,phases      ] GC(81)   Post Evacuate Collection Set: 0.47ms
[2026-04-03T06:44:44.947+0600][35.717s][info][gc,phases      ] GC(81)   Other: 0.10ms
[2026-04-03T06:44:44.947+0600][35.717s][info][gc,heap        ] GC(81) Eden regions: 32->0(32)
[2026-04-03T06:44:44.947+0600][35.717s][info][gc,heap        ] GC(81) Survivor regions: 1->1(5)
[2026-04-03T06:44:44.947+0600][35.717s][info][gc,heap        ] GC(81) Old regions: 13->13
[2026-04-03T06:44:44.947+0600][35.717s][info][gc,heap        ] GC(81) Humongous regions: 0->0
[2026-04-03T06:44:44.947+0600][35.717s][info][gc,metaspace   ] GC(81) Metaspace: 55169K(56128K)->55169K(56128K) NonClass: 46626K(47232K)->46626K(47232K) Class: 8543K(8896K)->8543K(8896K)
[2026-04-03T06:44:44.947+0600][35.718s][info][gc             ] GC(81) Pause Young (Normal) (G1 Evacuation Pause) 83M->19M(110M) 3.257ms
[2026-04-03T06:44:44.947+0600][35.718s][info][gc,cpu         ] GC(81) User=0.02s Sys=0.00s Real=0.00s
[2026-04-03T06:44:45.168+0600][35.938s][info][gc,start       ] GC(82) Pause Young (Normal) (G1 Evacuation Pause)
[2026-04-03T06:44:45.168+0600][35.939s][info][gc,task        ] GC(82) Using 10 workers of 10 for evacuation
[2026-04-03T06:44:45.171+0600][35.942s][info][gc,phases      ] GC(82)   Pre Evacuate Collection Set: 0.20ms
[2026-04-03T06:44:45.171+0600][35.942s][info][gc,phases      ] GC(82)   Merge Heap Roots: 0.14ms
[2026-04-03T06:44:45.171+0600][35.942s][info][gc,phases      ] GC(82)   Evacuate Collection Set: 2.27ms
[2026-04-03T06:44:45.171+0600][35.942s][info][gc,phases      ] GC(82)   Post Evacuate Collection Set: 0.60ms
[2026-04-03T06:44:45.171+0600][35.942s][info][gc,phases      ] GC(82)   Other: 0.10ms
[2026-04-03T06:44:45.171+0600][35.942s][info][gc,heap        ] GC(82) Eden regions: 32->0(38)
[2026-04-03T06:44:45.171+0600][35.942s][info][gc,heap        ] GC(82) Survivor regions: 1->1(5)
[2026-04-03T06:44:45.171+0600][35.942s][info][gc,heap        ] GC(82) Old regions: 13->13
[2026-04-03T06:44:45.171+0600][35.942s][info][gc,heap        ] GC(82) Humongous regions: 0->0
[2026-04-03T06:44:45.171+0600][35.942s][info][gc,metaspace   ] GC(82) Metaspace: 55169K(56128K)->55169K(56128K) NonClass: 46626K(47232K)->46626K(47232K) Class: 8543K(8896K)->8543K(8896K)
[2026-04-03T06:44:45.171+0600][35.942s][info][gc             ] GC(82) Pause Young (Normal) (G1 Evacuation Pause) 83M->19M(132M) 3.673ms
[2026-04-03T06:44:45.171+0600][35.942s][info][gc,cpu         ] GC(82) User=0.03s Sys=0.00s Real=0.00s
[2026-04-03T06:44:45.430+0600][36.201s][info][gc,start       ] GC(83) Pause Young (Normal) (G1 Evacuation Pause)
[2026-04-03T06:44:45.430+0600][36.201s][info][gc,task        ] GC(83) Using 10 workers of 10 for evacuation
[2026-04-03T06:44:45.433+0600][36.204s][info][gc,phases      ] GC(83)   Pre Evacuate Collection Set: 0.26ms
[2026-04-03T06:44:45.433+0600][36.204s][info][gc,phases      ] GC(83)   Merge Heap Roots: 0.13ms
[2026-04-03T06:44:45.433+0600][36.204s][info][gc,phases      ] GC(83)   Evacuate Collection Set: 1.61ms
[2026-04-03T06:44:45.433+0600][36.204s][info][gc,phases      ] GC(83)   Post Evacuate Collection Set: 0.40ms
[2026-04-03T06:44:45.433+0600][36.204s][info][gc,phases      ] GC(83)   Other: 0.09ms
[2026-04-03T06:44:45.433+0600][36.204s][info][gc,heap        ] GC(83) Eden regions: 38->0(38)
[2026-04-03T06:44:45.433+0600][36.204s][info][gc,heap        ] GC(83) Survivor regions: 1->1(5)
[2026-04-03T06:44:45.433+0600][36.204s][info][gc,heap        ] GC(83) Old regions: 13->13
[2026-04-03T06:44:45.433+0600][36.204s][info][gc,heap        ] GC(83) Humongous regions: 0->0
[2026-04-03T06:44:45.433+0600][36.204s][info][gc,metaspace   ] GC(83) Metaspace: 55169K(56128K)->55169K(56128K) NonClass: 46626K(47232K)->46626K(47232K) Class: 8543K(8896K)->8543K(8896K)
[2026-04-03T06:44:45.433+0600][36.204s][info][gc             ] GC(83) Pause Young (Normal) (G1 Evacuation Pause) 95M->19M(132M) 2.841ms
[2026-04-03T06:44:45.433+0600][36.204s][info][gc,cpu         ] GC(83) User=0.02s Sys=0.00s Real=0.00s
[2026-04-03T06:44:45.704+0600][36.475s][info][gc,start       ] GC(84) Pause Young (Normal) (G1 Evacuation Pause)
[2026-04-03T06:44:45.704+0600][36.475s][info][gc,task        ] GC(84) Using 10 workers of 10 for evacuation
[2026-04-03T06:44:45.708+0600][36.479s][info][gc,phases      ] GC(84)   Pre Evacuate Collection Set: 0.33ms
[2026-04-03T06:44:45.708+0600][36.479s][info][gc,phases      ] GC(84)   Merge Heap Roots: 0.21ms
[2026-04-03T06:44:45.708+0600][36.479s][info][gc,phases      ] GC(84)   Evacuate Collection Set: 2.73ms
[2026-04-03T06:44:45.708+0600][36.479s][info][gc,phases      ] GC(84)   Post Evacuate Collection Set: 0.58ms
[2026-04-03T06:44:45.708+0600][36.479s][info][gc,phases      ] GC(84)   Other: 0.14ms
[2026-04-03T06:44:45.708+0600][36.479s][info][gc,heap        ] GC(84) Eden regions: 38->0(38)
[2026-04-03T06:44:45.708+0600][36.479s][info][gc,heap        ] GC(84) Survivor regions: 1->1(5)
[2026-04-03T06:44:45.708+0600][36.479s][info][gc,heap        ] GC(84) Old regions: 13->14
[2026-04-03T06:44:45.708+0600][36.479s][info][gc,heap        ] GC(84) Humongous regions: 0->0
[2026-04-03T06:44:45.708+0600][36.479s][info][gc,metaspace   ] GC(84) Metaspace: 55169K(56128K)->55169K(56128K) NonClass: 46626K(47232K)->46626K(47232K) Class: 8543K(8896K)->8543K(8896K)
[2026-04-03T06:44:45.708+0600][36.479s][info][gc             ] GC(84) Pause Young (Normal) (G1 Evacuation Pause) 95M->19M(132M) 4.568ms
[2026-04-03T06:44:45.708+0600][36.479s][info][gc,cpu         ] GC(84) User=0.03s Sys=0.01s Real=0.00s
[2026-04-03T06:44:45.962+0600][36.732s][info][gc,start       ] GC(85) Pause Young (Normal) (G1 Evacuation Pause)
[2026-04-03T06:44:45.962+0600][36.733s][info][gc,task        ] GC(85) Using 10 workers of 10 for evacuation
[2026-04-03T06:44:45.964+0600][36.735s][info][gc,phases      ] GC(85)   Pre Evacuate Collection Set: 0.23ms
[2026-04-03T06:44:45.964+0600][36.735s][info][gc,phases      ] GC(85)   Merge Heap Roots: 0.19ms
[2026-04-03T06:44:45.964+0600][36.735s][info][gc,phases      ] GC(85)   Evacuate Collection Set: 1.12ms
[2026-04-03T06:44:45.964+0600][36.735s][info][gc,phases      ] GC(85)   Post Evacuate Collection Set: 0.59ms
[2026-04-03T06:44:45.964+0600][36.735s][info][gc,phases      ] GC(85)   Other: 0.13ms
[2026-04-03T06:44:45.964+0600][36.735s][info][gc,heap        ] GC(85) Eden regions: 38->0(38)
[2026-04-03T06:44:45.964+0600][36.735s][info][gc,heap        ] GC(85) Survivor regions: 1->1(5)
[2026-04-03T06:44:45.964+0600][36.735s][info][gc,heap        ] GC(85) Old regions: 14->14
[2026-04-03T06:44:45.964+0600][36.735s][info][gc,heap        ] GC(85) Humongous regions: 0->0
[2026-04-03T06:44:45.964+0600][36.735s][info][gc,metaspace   ] GC(85) Metaspace: 55169K(56128K)->55169K(56128K) NonClass: 46626K(47232K)->46626K(47232K) Class: 8543K(8896K)->8543K(8896K)
[2026-04-03T06:44:45.964+0600][36.735s][info][gc             ] GC(85) Pause Young (Normal) (G1 Evacuation Pause) 95M->19M(132M) 2.774ms
[2026-04-03T06:44:45.964+0600][36.735s][info][gc,cpu         ] GC(85) User=0.01s Sys=0.01s Real=0.01s
[2026-04-03T06:44:46.185+0600][36.956s][info][gc,start       ] GC(86) Pause Young (Normal) (G1 Evacuation Pause)
[2026-04-03T06:44:46.186+0600][36.956s][info][gc,task        ] GC(86) Using 10 workers of 10 for evacuation
[2026-04-03T06:44:46.188+0600][36.958s][info][gc,phases      ] GC(86)   Pre Evacuate Collection Set: 0.21ms
[2026-04-03T06:44:46.188+0600][36.959s][info][gc,phases      ] GC(86)   Merge Heap Roots: 0.14ms
[2026-04-03T06:44:46.188+0600][36.959s][info][gc,phases      ] GC(86)   Evacuate Collection Set: 0.96ms
[2026-04-03T06:44:46.188+0600][36.959s][info][gc,phases      ] GC(86)   Post Evacuate Collection Set: 0.61ms
[2026-04-03T06:44:46.188+0600][36.959s][info][gc,phases      ] GC(86)   Other: 0.10ms
[2026-04-03T06:44:46.188+0600][36.959s][info][gc,heap        ] GC(86) Eden regions: 38->0(38)
[2026-04-03T06:44:46.188+0600][36.959s][info][gc,heap        ] GC(86) Survivor regions: 1->1(5)
[2026-04-03T06:44:46.188+0600][36.959s][info][gc,heap        ] GC(86) Old regions: 14->14
[2026-04-03T06:44:46.188+0600][36.959s][info][gc,heap        ] GC(86) Humongous regions: 0->0
[2026-04-03T06:44:46.188+0600][36.959s][info][gc,metaspace   ] GC(86) Metaspace: 55174K(56128K)->55174K(56128K) NonClass: 46631K(47232K)->46631K(47232K) Class: 8543K(8896K)->8543K(8896K)
[2026-04-03T06:44:46.188+0600][36.959s][info][gc             ] GC(86) Pause Young (Normal) (G1 Evacuation Pause) 95M->19M(132M) 2.393ms
[2026-04-03T06:44:46.188+0600][36.959s][info][gc,cpu         ] GC(86) User=0.02s Sys=0.00s Real=0.00s
[2026-04-03T06:44:46.402+0600][37.173s][info][gc,start       ] GC(87) Pause Young (Normal) (G1 Evacuation Pause)
[2026-04-03T06:44:46.402+0600][37.173s][info][gc,task        ] GC(87) Using 10 workers of 10 for evacuation
[2026-04-03T06:44:46.404+0600][37.175s][info][gc,phases      ] GC(87)   Pre Evacuate Collection Set: 0.25ms
[2026-04-03T06:44:46.404+0600][37.175s][info][gc,phases      ] GC(87)   Merge Heap Roots: 0.15ms
[2026-04-03T06:44:46.404+0600][37.175s][info][gc,phases      ] GC(87)   Evacuate Collection Set: 1.09ms
[2026-04-03T06:44:46.404+0600][37.175s][info][gc,phases      ] GC(87)   Post Evacuate Collection Set: 0.45ms
[2026-04-03T06:44:46.404+0600][37.175s][info][gc,phases      ] GC(87)   Other: 0.13ms
[2026-04-03T06:44:46.404+0600][37.175s][info][gc,heap        ] GC(87) Eden regions: 38->0(38)
[2026-04-03T06:44:46.404+0600][37.175s][info][gc,heap        ] GC(87) Survivor regions: 1->1(5)
[2026-04-03T06:44:46.404+0600][37.175s][info][gc,heap        ] GC(87) Old regions: 14->14
[2026-04-03T06:44:46.404+0600][37.175s][info][gc,heap        ] GC(87) Humongous regions: 0->0
[2026-04-03T06:44:46.404+0600][37.175s][info][gc,metaspace   ] GC(87) Metaspace: 55176K(56128K)->55176K(56128K) NonClass: 46633K(47232K)->46633K(47232K) Class: 8543K(8896K)->8543K(8896K)
[2026-04-03T06:44:46.405+0600][37.175s][info][gc             ] GC(87) Pause Young (Normal) (G1 Evacuation Pause) 95M->19M(132M) 2.581ms
[2026-04-03T06:44:46.405+0600][37.175s][info][gc,cpu         ] GC(87) User=0.02s Sys=0.00s Real=0.01s
[2026-04-03T06:44:46.618+0600][37.389s][info][gc,start       ] GC(88) Pause Young (Normal) (G1 Evacuation Pause)
[2026-04-03T06:44:46.618+0600][37.389s][info][gc,task        ] GC(88) Using 10 workers of 10 for evacuation
[2026-04-03T06:44:46.621+0600][37.391s][info][gc,phases      ] GC(88)   Pre Evacuate Collection Set: 0.24ms
[2026-04-03T06:44:46.621+0600][37.392s][info][gc,phases      ] GC(88)   Merge Heap Roots: 0.14ms
[2026-04-03T06:44:46.621+0600][37.392s][info][gc,phases      ] GC(88)   Evacuate Collection Set: 1.10ms
[2026-04-03T06:44:46.621+0600][37.392s][info][gc,phases      ] GC(88)   Post Evacuate Collection Set: 0.68ms
[2026-04-03T06:44:46.621+0600][37.392s][info][gc,phases      ] GC(88)   Other: 0.17ms
[2026-04-03T06:44:46.621+0600][37.392s][info][gc,heap        ] GC(88) Eden regions: 38->0(38)
[2026-04-03T06:44:46.621+0600][37.392s][info][gc,heap        ] GC(88) Survivor regions: 1->1(5)
[2026-04-03T06:44:46.621+0600][37.392s][info][gc,heap        ] GC(88) Old regions: 14->14
[2026-04-03T06:44:46.621+0600][37.392s][info][gc,heap        ] GC(88) Humongous regions: 0->0
[2026-04-03T06:44:46.621+0600][37.392s][info][gc,metaspace   ] GC(88) Metaspace: 55176K(56128K)->55176K(56128K) NonClass: 46633K(47232K)->46633K(47232K) Class: 8543K(8896K)->8543K(8896K)
[2026-04-03T06:44:46.621+0600][37.392s][info][gc             ] GC(88) Pause Young (Normal) (G1 Evacuation Pause) 95M->19M(132M) 2.846ms
[2026-04-03T06:44:46.621+0600][37.392s][info][gc,cpu         ] GC(88) User=0.02s Sys=0.01s Real=0.00s
[2026-04-03T06:44:46.822+0600][37.593s][info][gc,start       ] GC(89) Pause Young (Normal) (G1 Evacuation Pause)
[2026-04-03T06:44:46.822+0600][37.593s][info][gc,task        ] GC(89) Using 10 workers of 10 for evacuation
[2026-04-03T06:44:46.824+0600][37.595s][info][gc,phases      ] GC(89)   Pre Evacuate Collection Set: 0.21ms
[2026-04-03T06:44:46.824+0600][37.595s][info][gc,phases      ] GC(89)   Merge Heap Roots: 0.13ms
[2026-04-03T06:44:46.824+0600][37.595s][info][gc,phases      ] GC(89)   Evacuate Collection Set: 1.06ms
[2026-04-03T06:44:46.824+0600][37.595s][info][gc,phases      ] GC(89)   Post Evacuate Collection Set: 0.42ms
[2026-04-03T06:44:46.824+0600][37.595s][info][gc,phases      ] GC(89)   Other: 0.19ms
[2026-04-03T06:44:46.825+0600][37.595s][info][gc,heap        ] GC(89) Eden regions: 38->0(38)
[2026-04-03T06:44:46.825+0600][37.595s][info][gc,heap        ] GC(89) Survivor regions: 1->1(5)
[2026-04-03T06:44:46.825+0600][37.595s][info][gc,heap        ] GC(89) Old regions: 14->14
[2026-04-03T06:44:46.825+0600][37.595s][info][gc,heap        ] GC(89) Humongous regions: 0->0
[2026-04-03T06:44:46.825+0600][37.595s][info][gc,metaspace   ] GC(89) Metaspace: 55176K(56128K)->55176K(56128K) NonClass: 46633K(47232K)->46633K(47232K) Class: 8543K(8896K)->8543K(8896K)
[2026-04-03T06:44:46.825+0600][37.595s][info][gc             ] GC(89) Pause Young (Normal) (G1 Evacuation Pause) 95M->19M(132M) 2.562ms
[2026-04-03T06:44:46.825+0600][37.596s][info][gc,cpu         ] GC(89) User=0.01s Sys=0.00s Real=0.01s
[2026-04-03T06:44:47.000+0600][37.770s][info][gc,start       ] GC(90) Pause Young (Normal) (G1 Evacuation Pause)
[2026-04-03T06:44:47.000+0600][37.771s][info][gc,task        ] GC(90) Using 10 workers of 10 for evacuation
[2026-04-03T06:44:47.002+0600][37.773s][info][gc,phases      ] GC(90)   Pre Evacuate Collection Set: 0.21ms
[2026-04-03T06:44:47.002+0600][37.773s][info][gc,phases      ] GC(90)   Merge Heap Roots: 0.14ms
[2026-04-03T06:44:47.002+0600][37.773s][info][gc,phases      ] GC(90)   Evacuate Collection Set: 1.27ms
[2026-04-03T06:44:47.002+0600][37.773s][info][gc,phases      ] GC(90)   Post Evacuate Collection Set: 0.54ms
[2026-04-03T06:44:47.002+0600][37.773s][info][gc,phases      ] GC(90)   Other: 0.11ms
[2026-04-03T06:44:47.002+0600][37.773s][info][gc,heap        ] GC(90) Eden regions: 38->0(38)
[2026-04-03T06:44:47.002+0600][37.773s][info][gc,heap        ] GC(90) Survivor regions: 1->1(5)
[2026-04-03T06:44:47.002+0600][37.773s][info][gc,heap        ] GC(90) Old regions: 14->14
[2026-04-03T06:44:47.002+0600][37.773s][info][gc,heap        ] GC(90) Humongous regions: 0->0
[2026-04-03T06:44:47.002+0600][37.773s][info][gc,metaspace   ] GC(90) Metaspace: 55176K(56128K)->55176K(56128K) NonClass: 46633K(47232K)->46633K(47232K) Class: 8543K(8896K)->8543K(8896K)
[2026-04-03T06:44:47.002+0600][37.773s][info][gc             ] GC(90) Pause Young (Normal) (G1 Evacuation Pause) 95M->19M(132M) 2.723ms
[2026-04-03T06:44:47.002+0600][37.773s][info][gc,cpu         ] GC(90) User=0.01s Sys=0.00s Real=0.00s
[2026-04-03T06:44:47.171+0600][37.941s][info][gc,start       ] GC(91) Pause Young (Normal) (G1 Evacuation Pause)
[2026-04-03T06:44:47.171+0600][37.942s][info][gc,task        ] GC(91) Using 10 workers of 10 for evacuation
[2026-04-03T06:44:47.173+0600][37.944s][info][gc,phases      ] GC(91)   Pre Evacuate Collection Set: 0.27ms
[2026-04-03T06:44:47.173+0600][37.944s][info][gc,phases      ] GC(91)   Merge Heap Roots: 0.13ms
[2026-04-03T06:44:47.173+0600][37.944s][info][gc,phases      ] GC(91)   Evacuate Collection Set: 1.06ms
[2026-04-03T06:44:47.173+0600][37.944s][info][gc,phases      ] GC(91)   Post Evacuate Collection Set: 0.88ms
[2026-04-03T06:44:47.173+0600][37.944s][info][gc,phases      ] GC(91)   Other: 0.13ms
[2026-04-03T06:44:47.173+0600][37.944s][info][gc,heap        ] GC(91) Eden regions: 38->0(47)
[2026-04-03T06:44:47.173+0600][37.944s][info][gc,heap        ] GC(91) Survivor regions: 1->1(5)
[2026-04-03T06:44:47.173+0600][37.944s][info][gc,heap        ] GC(91) Old regions: 14->14
[2026-04-03T06:44:47.173+0600][37.944s][info][gc,heap        ] GC(91) Humongous regions: 0->0
[2026-04-03T06:44:47.173+0600][37.944s][info][gc,metaspace   ] GC(91) Metaspace: 55176K(56128K)->55176K(56128K) NonClass: 46633K(47232K)->46633K(47232K) Class: 8543K(8896K)->8543K(8896K)
[2026-04-03T06:44:47.173+0600][37.944s][info][gc             ] GC(91) Pause Young (Normal) (G1 Evacuation Pause) 95M->19M(160M) 2.944ms
[2026-04-03T06:44:47.174+0600][37.944s][info][gc,cpu         ] GC(91) User=0.01s Sys=0.00s Real=0.01s
[2026-04-03T06:44:47.396+0600][38.167s][info][gc,start       ] GC(92) Pause Young (Normal) (G1 Evacuation Pause)
[2026-04-03T06:44:47.396+0600][38.167s][info][gc,task        ] GC(92) Using 10 workers of 10 for evacuation
[2026-04-03T06:44:47.398+0600][38.169s][info][gc,phases      ] GC(92)   Pre Evacuate Collection Set: 0.22ms
[2026-04-03T06:44:47.398+0600][38.169s][info][gc,phases      ] GC(92)   Merge Heap Roots: 0.11ms
[2026-04-03T06:44:47.398+0600][38.169s][info][gc,phases      ] GC(92)   Evacuate Collection Set: 0.98ms
[2026-04-03T06:44:47.398+0600][38.169s][info][gc,phases      ] GC(92)   Post Evacuate Collection Set: 0.50ms
[2026-04-03T06:44:47.398+0600][38.169s][info][gc,phases      ] GC(92)   Other: 0.11ms
[2026-04-03T06:44:47.398+0600][38.169s][info][gc,heap        ] GC(92) Eden regions: 47->0(47)
[2026-04-03T06:44:47.398+0600][38.169s][info][gc,heap        ] GC(92) Survivor regions: 1->1(6)
[2026-04-03T06:44:47.398+0600][38.169s][info][gc,heap        ] GC(92) Old regions: 14->14
[2026-04-03T06:44:47.398+0600][38.169s][info][gc,heap        ] GC(92) Humongous regions: 0->0
[2026-04-03T06:44:47.398+0600][38.169s][info][gc,metaspace   ] GC(92) Metaspace: 55176K(56128K)->55176K(56128K) NonClass: 46633K(47232K)->46633K(47232K) Class: 8543K(8896K)->8543K(8896K)
[2026-04-03T06:44:47.398+0600][38.169s][info][gc             ] GC(92) Pause Young (Normal) (G1 Evacuation Pause) 113M->19M(160M) 2.372ms
[2026-04-03T06:44:47.398+0600][38.169s][info][gc,cpu         ] GC(92) User=0.01s Sys=0.01s Real=0.00s
[2026-04-03T06:44:47.571+0600][38.342s][info][gc,start       ] GC(93) Pause Young (Normal) (G1 Evacuation Pause)
[2026-04-03T06:44:47.571+0600][38.342s][info][gc,task        ] GC(93) Using 10 workers of 10 for evacuation
[2026-04-03T06:44:47.573+0600][38.344s][info][gc,phases      ] GC(93)   Pre Evacuate Collection Set: 0.16ms
[2026-04-03T06:44:47.573+0600][38.344s][info][gc,phases      ] GC(93)   Merge Heap Roots: 0.13ms
[2026-04-03T06:44:47.573+0600][38.344s][info][gc,phases      ] GC(93)   Evacuate Collection Set: 0.88ms
[2026-04-03T06:44:47.573+0600][38.344s][info][gc,phases      ] GC(93)   Post Evacuate Collection Set: 0.38ms
[2026-04-03T06:44:47.573+0600][38.344s][info][gc,phases      ] GC(93)   Other: 0.10ms
[2026-04-03T06:44:47.573+0600][38.344s][info][gc,heap        ] GC(93) Eden regions: 47->0(47)
[2026-04-03T06:44:47.573+0600][38.344s][info][gc,heap        ] GC(93) Survivor regions: 1->1(6)
[2026-04-03T06:44:47.573+0600][38.344s][info][gc,heap        ] GC(93) Old regions: 14->14
[2026-04-03T06:44:47.573+0600][38.344s][info][gc,heap        ] GC(93) Humongous regions: 0->0
[2026-04-03T06:44:47.573+0600][38.344s][info][gc,metaspace   ] GC(93) Metaspace: 55176K(56128K)->55176K(56128K) NonClass: 46633K(47232K)->46633K(47232K) Class: 8543K(8896K)->8543K(8896K)
[2026-04-03T06:44:47.573+0600][38.344s][info][gc             ] GC(93) Pause Young (Normal) (G1 Evacuation Pause) 113M->19M(160M) 1.965ms
[2026-04-03T06:44:47.573+0600][38.344s][info][gc,cpu         ] GC(93) User=0.01s Sys=0.00s Real=0.00s
[2026-04-03T06:44:47.701+0600][38.472s][info][gc,start       ] GC(94) Pause Young (Normal) (G1 Evacuation Pause)
[2026-04-03T06:44:47.701+0600][38.472s][info][gc,task        ] GC(94) Using 10 workers of 10 for evacuation
[2026-04-03T06:44:47.703+0600][38.474s][info][gc,phases      ] GC(94)   Pre Evacuate Collection Set: 0.20ms
[2026-04-03T06:44:47.703+0600][38.474s][info][gc,phases      ] GC(94)   Merge Heap Roots: 0.11ms
[2026-04-03T06:44:47.703+0600][38.474s][info][gc,phases      ] GC(94)   Evacuate Collection Set: 0.95ms
[2026-04-03T06:44:47.703+0600][38.474s][info][gc,phases      ] GC(94)   Post Evacuate Collection Set: 0.34ms
[2026-04-03T06:44:47.703+0600][38.474s][info][gc,phases      ] GC(94)   Other: 0.10ms
[2026-04-03T06:44:47.703+0600][38.474s][info][gc,heap        ] GC(94) Eden regions: 47->0(47)
[2026-04-03T06:44:47.703+0600][38.474s][info][gc,heap        ] GC(94) Survivor regions: 1->1(6)
[2026-04-03T06:44:47.703+0600][38.474s][info][gc,heap        ] GC(94) Old regions: 14->14
[2026-04-03T06:44:47.703+0600][38.474s][info][gc,heap        ] GC(94) Humongous regions: 0->0
[2026-04-03T06:44:47.703+0600][38.474s][info][gc,metaspace   ] GC(94) Metaspace: 55176K(56128K)->55176K(56128K) NonClass: 46633K(47232K)->46633K(47232K) Class: 8543K(8896K)->8543K(8896K)
[2026-04-03T06:44:47.703+0600][38.474s][info][gc             ] GC(94) Pause Young (Normal) (G1 Evacuation Pause) 113M->19M(160M) 2.106ms
[2026-04-03T06:44:47.703+0600][38.474s][info][gc,cpu         ] GC(94) User=0.00s Sys=0.01s Real=0.00s
[2026-04-03T06:44:47.828+0600][38.599s][info][gc,start       ] GC(95) Pause Young (Normal) (G1 Evacuation Pause)
[2026-04-03T06:44:47.828+0600][38.599s][info][gc,task        ] GC(95) Using 10 workers of 10 for evacuation
[2026-04-03T06:44:47.831+0600][38.602s][info][gc,phases      ] GC(95)   Pre Evacuate Collection Set: 0.17ms
[2026-04-03T06:44:47.831+0600][38.602s][info][gc,phases      ] GC(95)   Merge Heap Roots: 0.15ms
[2026-04-03T06:44:47.832+0600][38.602s][info][gc,phases      ] GC(95)   Evacuate Collection Set: 2.14ms
[2026-04-03T06:44:47.832+0600][38.602s][info][gc,phases      ] GC(95)   Post Evacuate Collection Set: 0.45ms
[2026-04-03T06:44:47.832+0600][38.602s][info][gc,phases      ] GC(95)   Other: 0.12ms
[2026-04-03T06:44:47.832+0600][38.602s][info][gc,heap        ] GC(95) Eden regions: 47->0(47)
[2026-04-03T06:44:47.832+0600][38.602s][info][gc,heap        ] GC(95) Survivor regions: 1->1(6)
[2026-04-03T06:44:47.832+0600][38.602s][info][gc,heap        ] GC(95) Old regions: 14->14
[2026-04-03T06:44:47.832+0600][38.602s][info][gc,heap        ] GC(95) Humongous regions: 0->0
[2026-04-03T06:44:47.832+0600][38.602s][info][gc,metaspace   ] GC(95) Metaspace: 55176K(56128K)->55176K(56128K) NonClass: 46633K(47232K)->46633K(47232K) Class: 8543K(8896K)->8543K(8896K)
[2026-04-03T06:44:47.832+0600][38.603s][info][gc             ] GC(95) Pause Young (Normal) (G1 Evacuation Pause) 113M->19M(160M) 3.484ms
[2026-04-03T06:44:47.832+0600][38.603s][info][gc,cpu         ] GC(95) User=0.02s Sys=0.00s Real=0.00s
[2026-04-03T06:44:47.957+0600][38.728s][info][gc,start       ] GC(96) Pause Young (Normal) (G1 Evacuation Pause)
[2026-04-03T06:44:47.958+0600][38.728s][info][gc,task        ] GC(96) Using 10 workers of 10 for evacuation
[2026-04-03T06:44:47.959+0600][38.730s][info][gc,phases      ] GC(96)   Pre Evacuate Collection Set: 0.18ms
[2026-04-03T06:44:47.959+0600][38.730s][info][gc,phases      ] GC(96)   Merge Heap Roots: 0.14ms
[2026-04-03T06:44:47.959+0600][38.730s][info][gc,phases      ] GC(96)   Evacuate Collection Set: 0.87ms
[2026-04-03T06:44:47.959+0600][38.730s][info][gc,phases      ] GC(96)   Post Evacuate Collection Set: 0.40ms
[2026-04-03T06:44:47.959+0600][38.730s][info][gc,phases      ] GC(96)   Other: 0.12ms
[2026-04-03T06:44:47.959+0600][38.730s][info][gc,heap        ] GC(96) Eden regions: 47->0(47)
[2026-04-03T06:44:47.959+0600][38.730s][info][gc,heap        ] GC(96) Survivor regions: 1->1(6)
[2026-04-03T06:44:47.959+0600][38.730s][info][gc,heap        ] GC(96) Old regions: 14->14
[2026-04-03T06:44:47.960+0600][38.730s][info][gc,heap        ] GC(96) Humongous regions: 0->0
[2026-04-03T06:44:47.960+0600][38.730s][info][gc,metaspace   ] GC(96) Metaspace: 55176K(56128K)->55176K(56128K) NonClass: 46633K(47232K)->46633K(47232K) Class: 8543K(8896K)->8543K(8896K)
[2026-04-03T06:44:47.960+0600][38.730s][info][gc             ] GC(96) Pause Young (Normal) (G1 Evacuation Pause) 113M->19M(160M) 2.155ms
[2026-04-03T06:44:47.960+0600][38.730s][info][gc,cpu         ] GC(96) User=0.01s Sys=0.00s Real=0.00s
[2026-04-03T06:44:48.086+0600][38.857s][info][gc,start       ] GC(97) Pause Young (Normal) (G1 Evacuation Pause)
[2026-04-03T06:44:48.086+0600][38.857s][info][gc,task        ] GC(97) Using 10 workers of 10 for evacuation
[2026-04-03T06:44:48.088+0600][38.859s][info][gc,phases      ] GC(97)   Pre Evacuate Collection Set: 0.16ms
[2026-04-03T06:44:48.088+0600][38.859s][info][gc,phases      ] GC(97)   Merge Heap Roots: 0.11ms
[2026-04-03T06:44:48.088+0600][38.859s][info][gc,phases      ] GC(97)   Evacuate Collection Set: 0.83ms
[2026-04-03T06:44:48.088+0600][38.859s][info][gc,phases      ] GC(97)   Post Evacuate Collection Set: 0.50ms
[2026-04-03T06:44:48.088+0600][38.859s][info][gc,phases      ] GC(97)   Other: 0.10ms
[2026-04-03T06:44:48.088+0600][38.859s][info][gc,heap        ] GC(97) Eden regions: 47->0(56)
[2026-04-03T06:44:48.088+0600][38.859s][info][gc,heap        ] GC(97) Survivor regions: 1->1(6)
[2026-04-03T06:44:48.088+0600][38.859s][info][gc,heap        ] GC(97) Old regions: 14->14
[2026-04-03T06:44:48.088+0600][38.859s][info][gc,heap        ] GC(97) Humongous regions: 0->0
[2026-04-03T06:44:48.088+0600][38.859s][info][gc,metaspace   ] GC(97) Metaspace: 55176K(56128K)->55176K(56128K) NonClass: 46633K(47232K)->46633K(47232K) Class: 8543K(8896K)->8543K(8896K)
[2026-04-03T06:44:48.088+0600][38.859s][info][gc             ] GC(97) Pause Young (Normal) (G1 Evacuation Pause) 113M->19M(192M) 2.065ms
[2026-04-03T06:44:48.088+0600][38.859s][info][gc,cpu         ] GC(97) User=0.01s Sys=0.01s Real=0.00s
[2026-04-03T06:44:48.249+0600][39.019s][info][gc,start       ] GC(98) Pause Young (Normal) (G1 Evacuation Pause)
[2026-04-03T06:44:48.249+0600][39.020s][info][gc,task        ] GC(98) Using 10 workers of 10 for evacuation
[2026-04-03T06:44:48.250+0600][39.021s][info][gc,phases      ] GC(98)   Pre Evacuate Collection Set: 0.18ms
[2026-04-03T06:44:48.250+0600][39.021s][info][gc,phases      ] GC(98)   Merge Heap Roots: 0.12ms
[2026-04-03T06:44:48.250+0600][39.021s][info][gc,phases      ] GC(98)   Evacuate Collection Set: 0.78ms
[2026-04-03T06:44:48.250+0600][39.021s][info][gc,phases      ] GC(98)   Post Evacuate Collection Set: 0.35ms
[2026-04-03T06:44:48.250+0600][39.021s][info][gc,phases      ] GC(98)   Other: 0.10ms
[2026-04-03T06:44:48.250+0600][39.021s][info][gc,heap        ] GC(98) Eden regions: 56->0(56)
[2026-04-03T06:44:48.250+0600][39.021s][info][gc,heap        ] GC(98) Survivor regions: 1->1(8)
[2026-04-03T06:44:48.250+0600][39.021s][info][gc,heap        ] GC(98) Old regions: 14->14
[2026-04-03T06:44:48.250+0600][39.021s][info][gc,heap        ] GC(98) Humongous regions: 0->0
[2026-04-03T06:44:48.250+0600][39.021s][info][gc,metaspace   ] GC(98) Metaspace: 55176K(56128K)->55176K(56128K) NonClass: 46633K(47232K)->46633K(47232K) Class: 8543K(8896K)->8543K(8896K)
[2026-04-03T06:44:48.250+0600][39.021s][info][gc             ] GC(98) Pause Young (Normal) (G1 Evacuation Pause) 131M->19M(192M) 1.897ms
[2026-04-03T06:44:48.251+0600][39.021s][info][gc,cpu         ] GC(98) User=0.01s Sys=0.00s Real=0.00s
[2026-04-03T06:44:48.404+0600][39.175s][info][gc,start       ] GC(99) Pause Young (Normal) (G1 Evacuation Pause)
[2026-04-03T06:44:48.404+0600][39.175s][info][gc,task        ] GC(99) Using 10 workers of 10 for evacuation
[2026-04-03T06:44:48.406+0600][39.177s][info][gc,phases      ] GC(99)   Pre Evacuate Collection Set: 0.16ms
[2026-04-03T06:44:48.406+0600][39.177s][info][gc,phases      ] GC(99)   Merge Heap Roots: 0.11ms
[2026-04-03T06:44:48.406+0600][39.177s][info][gc,phases      ] GC(99)   Evacuate Collection Set: 0.73ms
[2026-04-03T06:44:48.406+0600][39.177s][info][gc,phases      ] GC(99)   Post Evacuate Collection Set: 0.31ms
[2026-04-03T06:44:48.406+0600][39.177s][info][gc,phases      ] GC(99)   Other: 0.09ms
[2026-04-03T06:44:48.406+0600][39.177s][info][gc,heap        ] GC(99) Eden regions: 56->0(56)
[2026-04-03T06:44:48.406+0600][39.177s][info][gc,heap        ] GC(99) Survivor regions: 1->1(8)
[2026-04-03T06:44:48.406+0600][39.177s][info][gc,heap        ] GC(99) Old regions: 14->14
[2026-04-03T06:44:48.406+0600][39.177s][info][gc,heap        ] GC(99) Humongous regions: 0->0
[2026-04-03T06:44:48.406+0600][39.177s][info][gc,metaspace   ] GC(99) Metaspace: 55176K(56128K)->55176K(56128K) NonClass: 46633K(47232K)->46633K(47232K) Class: 8543K(8896K)->8543K(8896K)
[2026-04-03T06:44:48.406+0600][39.177s][info][gc             ] GC(99) Pause Young (Normal) (G1 Evacuation Pause) 131M->19M(192M) 1.774ms
[2026-04-03T06:44:48.406+0600][39.177s][info][gc,cpu         ] GC(99) User=0.01s Sys=0.00s Real=0.00s
[2026-04-03T06:44:48.557+0600][39.327s][info][gc,start       ] GC(100) Pause Young (Normal) (G1 Evacuation Pause)
[2026-04-03T06:44:48.557+0600][39.328s][info][gc,task        ] GC(100) Using 10 workers of 10 for evacuation
[2026-04-03T06:44:48.558+0600][39.329s][info][gc,phases      ] GC(100)   Pre Evacuate Collection Set: 0.19ms
[2026-04-03T06:44:48.559+0600][39.329s][info][gc,phases      ] GC(100)   Merge Heap Roots: 0.13ms
[2026-04-03T06:44:48.559+0600][39.329s][info][gc,phases      ] GC(100)   Evacuate Collection Set: 0.78ms
[2026-04-03T06:44:48.559+0600][39.329s][info][gc,phases      ] GC(100)   Post Evacuate Collection Set: 0.45ms
[2026-04-03T06:44:48.559+0600][39.329s][info][gc,phases      ] GC(100)   Other: 0.13ms
[2026-04-03T06:44:48.559+0600][39.329s][info][gc,heap        ] GC(100) Eden regions: 56->0(56)
[2026-04-03T06:44:48.559+0600][39.329s][info][gc,heap        ] GC(100) Survivor regions: 1->1(8)
[2026-04-03T06:44:48.559+0600][39.329s][info][gc,heap        ] GC(100) Old regions: 14->14
[2026-04-03T06:44:48.559+0600][39.329s][info][gc,heap        ] GC(100) Humongous regions: 0->0
[2026-04-03T06:44:48.559+0600][39.329s][info][gc,metaspace   ] GC(100) Metaspace: 55176K(56128K)->55176K(56128K) NonClass: 46633K(47232K)->46633K(47232K) Class: 8543K(8896K)->8543K(8896K)
[2026-04-03T06:44:48.559+0600][39.330s][info][gc             ] GC(100) Pause Young (Normal) (G1 Evacuation Pause) 131M->19M(192M) 2.035ms
[2026-04-03T06:44:48.559+0600][39.330s][info][gc,cpu         ] GC(100) User=0.01s Sys=0.00s Real=0.00s
[2026-04-03T06:44:48.711+0600][39.482s][info][gc,start       ] GC(101) Pause Young (Normal) (G1 Evacuation Pause)
[2026-04-03T06:44:48.711+0600][39.482s][info][gc,task        ] GC(101) Using 10 workers of 10 for evacuation
[2026-04-03T06:44:48.713+0600][39.484s][info][gc,phases      ] GC(101)   Pre Evacuate Collection Set: 0.18ms
[2026-04-03T06:44:48.713+0600][39.484s][info][gc,phases      ] GC(101)   Merge Heap Roots: 0.12ms
[2026-04-03T06:44:48.713+0600][39.484s][info][gc,phases      ] GC(101)   Evacuate Collection Set: 0.74ms
[2026-04-03T06:44:48.713+0600][39.484s][info][gc,phases      ] GC(101)   Post Evacuate Collection Set: 0.31ms
[2026-04-03T06:44:48.713+0600][39.484s][info][gc,phases      ] GC(101)   Other: 0.09ms
[2026-04-03T06:44:48.713+0600][39.484s][info][gc,heap        ] GC(101) Eden regions: 56->0(56)
[2026-04-03T06:44:48.713+0600][39.484s][info][gc,heap        ] GC(101) Survivor regions: 1->1(8)
[2026-04-03T06:44:48.713+0600][39.484s][info][gc,heap        ] GC(101) Old regions: 14->14
[2026-04-03T06:44:48.713+0600][39.484s][info][gc,heap        ] GC(101) Humongous regions: 0->0
[2026-04-03T06:44:48.713+0600][39.484s][info][gc,metaspace   ] GC(101) Metaspace: 55176K(56128K)->55176K(56128K) NonClass: 46633K(47232K)->46633K(47232K) Class: 8543K(8896K)->8543K(8896K)
[2026-04-03T06:44:48.713+0600][39.484s][info][gc             ] GC(101) Pause Young (Normal) (G1 Evacuation Pause) 131M->19M(192M) 1.751ms
[2026-04-03T06:44:48.713+0600][39.484s][info][gc,cpu         ] GC(101) User=0.01s Sys=0.00s Real=0.00s
[2026-04-03T06:44:48.867+0600][39.638s][info][gc,start       ] GC(102) Pause Young (Normal) (G1 Evacuation Pause)
[2026-04-03T06:44:48.867+0600][39.638s][info][gc,task        ] GC(102) Using 10 workers of 10 for evacuation
[2026-04-03T06:44:48.869+0600][39.640s][info][gc,phases      ] GC(102)   Pre Evacuate Collection Set: 0.17ms
[2026-04-03T06:44:48.869+0600][39.640s][info][gc,phases      ] GC(102)   Merge Heap Roots: 0.11ms
[2026-04-03T06:44:48.869+0600][39.640s][info][gc,phases      ] GC(102)   Evacuate Collection Set: 0.68ms
[2026-04-03T06:44:48.869+0600][39.640s][info][gc,phases      ] GC(102)   Post Evacuate Collection Set: 0.34ms
[2026-04-03T06:44:48.869+0600][39.640s][info][gc,phases      ] GC(102)   Other: 0.09ms
[2026-04-03T06:44:48.869+0600][39.640s][info][gc,heap        ] GC(102) Eden regions: 56->0(56)
[2026-04-03T06:44:48.869+0600][39.640s][info][gc,heap        ] GC(102) Survivor regions: 1->1(8)
[2026-04-03T06:44:48.869+0600][39.640s][info][gc,heap        ] GC(102) Old regions: 14->14
[2026-04-03T06:44:48.869+0600][39.640s][info][gc,heap        ] GC(102) Humongous regions: 0->0
[2026-04-03T06:44:48.869+0600][39.640s][info][gc,metaspace   ] GC(102) Metaspace: 55176K(56128K)->55176K(56128K) NonClass: 46633K(47232K)->46633K(47232K) Class: 8543K(8896K)->8543K(8896K)
[2026-04-03T06:44:48.869+0600][39.640s][info][gc             ] GC(102) Pause Young (Normal) (G1 Evacuation Pause) 131M->19M(192M) 1.713ms
[2026-04-03T06:44:48.869+0600][39.640s][info][gc,cpu         ] GC(102) User=0.01s Sys=0.00s Real=0.00s
[2026-04-03T06:44:49.042+0600][39.813s][info][gc,start       ] GC(103) Pause Young (Normal) (G1 Evacuation Pause)
[2026-04-03T06:44:49.042+0600][39.813s][info][gc,task        ] GC(103) Using 10 workers of 10 for evacuation
[2026-04-03T06:44:49.044+0600][39.815s][info][gc,phases      ] GC(103)   Pre Evacuate Collection Set: 0.18ms
[2026-04-03T06:44:49.044+0600][39.815s][info][gc,phases      ] GC(103)   Merge Heap Roots: 0.12ms
[2026-04-03T06:44:49.044+0600][39.815s][info][gc,phases      ] GC(103)   Evacuate Collection Set: 0.88ms
[2026-04-03T06:44:49.044+0600][39.815s][info][gc,phases      ] GC(103)   Post Evacuate Collection Set: 0.41ms
[2026-04-03T06:44:49.044+0600][39.815s][info][gc,phases      ] GC(103)   Other: 0.10ms
[2026-04-03T06:44:49.044+0600][39.815s][info][gc,heap        ] GC(103) Eden regions: 56->0(56)
[2026-04-03T06:44:49.044+0600][39.815s][info][gc,heap        ] GC(103) Survivor regions: 1->1(8)
[2026-04-03T06:44:49.044+0600][39.815s][info][gc,heap        ] GC(103) Old regions: 14->14
[2026-04-03T06:44:49.044+0600][39.815s][info][gc,heap        ] GC(103) Humongous regions: 0->0
[2026-04-03T06:44:49.044+0600][39.815s][info][gc,metaspace   ] GC(103) Metaspace: 55176K(56128K)->55176K(56128K) NonClass: 46633K(47232K)->46633K(47232K) Class: 8543K(8896K)->8543K(8896K)
[2026-04-03T06:44:49.044+0600][39.815s][info][gc             ] GC(103) Pause Young (Normal) (G1 Evacuation Pause) 131M->19M(192M) 2.064ms
[2026-04-03T06:44:49.044+0600][39.815s][info][gc,cpu         ] GC(103) User=0.01s Sys=0.00s Real=0.01s
[2026-04-03T06:44:49.196+0600][39.967s][info][gc,start       ] GC(104) Pause Young (Normal) (G1 Evacuation Pause)
[2026-04-03T06:44:49.196+0600][39.967s][info][gc,task        ] GC(104) Using 10 workers of 10 for evacuation
[2026-04-03T06:44:49.197+0600][39.968s][info][gc,phases      ] GC(104)   Pre Evacuate Collection Set: 0.18ms
[2026-04-03T06:44:49.197+0600][39.968s][info][gc,phases      ] GC(104)   Merge Heap Roots: 0.14ms
[2026-04-03T06:44:49.197+0600][39.968s][info][gc,phases      ] GC(104)   Evacuate Collection Set: 0.78ms
[2026-04-03T06:44:49.198+0600][39.968s][info][gc,phases      ] GC(104)   Post Evacuate Collection Set: 0.36ms
[2026-04-03T06:44:49.198+0600][39.968s][info][gc,phases      ] GC(104)   Other: 0.09ms
[2026-04-03T06:44:49.198+0600][39.968s][info][gc,heap        ] GC(104) Eden regions: 56->0(56)
[2026-04-03T06:44:49.198+0600][39.968s][info][gc,heap        ] GC(104) Survivor regions: 1->1(8)
[2026-04-03T06:44:49.198+0600][39.968s][info][gc,heap        ] GC(104) Old regions: 14->14
[2026-04-03T06:44:49.198+0600][39.968s][info][gc,heap        ] GC(104) Humongous regions: 0->0
[2026-04-03T06:44:49.198+0600][39.968s][info][gc,metaspace   ] GC(104) Metaspace: 55176K(56128K)->55176K(56128K) NonClass: 46633K(47232K)->46633K(47232K) Class: 8543K(8896K)->8543K(8896K)
[2026-04-03T06:44:49.198+0600][39.968s][info][gc             ] GC(104) Pause Young (Normal) (G1 Evacuation Pause) 131M->19M(192M) 1.872ms
[2026-04-03T06:44:49.198+0600][39.968s][info][gc,cpu         ] GC(104) User=0.01s Sys=0.00s Real=0.00s
[2026-04-03T06:44:49.347+0600][40.118s][info][gc,start       ] GC(105) Pause Young (Normal) (G1 Evacuation Pause)
[2026-04-03T06:44:49.347+0600][40.118s][info][gc,task        ] GC(105) Using 10 workers of 10 for evacuation
[2026-04-03T06:44:49.349+0600][40.120s][info][gc,phases      ] GC(105)   Pre Evacuate Collection Set: 0.19ms
[2026-04-03T06:44:49.349+0600][40.120s][info][gc,phases      ] GC(105)   Merge Heap Roots: 0.11ms
[2026-04-03T06:44:49.349+0600][40.120s][info][gc,phases      ] GC(105)   Evacuate Collection Set: 0.81ms
[2026-04-03T06:44:49.349+0600][40.120s][info][gc,phases      ] GC(105)   Post Evacuate Collection Set: 0.32ms
[2026-04-03T06:44:49.349+0600][40.120s][info][gc,phases      ] GC(105)   Other: 0.09ms
[2026-04-03T06:44:49.349+0600][40.120s][info][gc,heap        ] GC(105) Eden regions: 56->0(56)
[2026-04-03T06:44:49.349+0600][40.120s][info][gc,heap        ] GC(105) Survivor regions: 1->1(8)
[2026-04-03T06:44:49.349+0600][40.120s][info][gc,heap        ] GC(105) Old regions: 14->14
[2026-04-03T06:44:49.349+0600][40.120s][info][gc,heap        ] GC(105) Humongous regions: 0->0
[2026-04-03T06:44:49.349+0600][40.120s][info][gc,metaspace   ] GC(105) Metaspace: 55176K(56128K)->55176K(56128K) NonClass: 46633K(47232K)->46633K(47232K) Class: 8543K(8896K)->8543K(8896K)
[2026-04-03T06:44:49.349+0600][40.120s][info][gc             ] GC(105) Pause Young (Normal) (G1 Evacuation Pause) 131M->19M(192M) 1.833ms
[2026-04-03T06:44:49.349+0600][40.120s][info][gc,cpu         ] GC(105) User=0.01s Sys=0.00s Real=0.00s
[2026-04-03T06:44:49.511+0600][40.282s][info][gc,start       ] GC(106) Pause Young (Normal) (G1 Evacuation Pause)
[2026-04-03T06:44:49.511+0600][40.282s][info][gc,task        ] GC(106) Using 10 workers of 10 for evacuation
[2026-04-03T06:44:49.512+0600][40.283s][info][gc,phases      ] GC(106)   Pre Evacuate Collection Set: 0.19ms
[2026-04-03T06:44:49.512+0600][40.283s][info][gc,phases      ] GC(106)   Merge Heap Roots: 0.11ms
[2026-04-03T06:44:49.512+0600][40.283s][info][gc,phases      ] GC(106)   Evacuate Collection Set: 0.72ms
[2026-04-03T06:44:49.512+0600][40.283s][info][gc,phases      ] GC(106)   Post Evacuate Collection Set: 0.33ms
[2026-04-03T06:44:49.513+0600][40.283s][info][gc,phases      ] GC(106)   Other: 0.11ms
[2026-04-03T06:44:49.513+0600][40.283s][info][gc,heap        ] GC(106) Eden regions: 56->0(56)
[2026-04-03T06:44:49.513+0600][40.283s][info][gc,heap        ] GC(106) Survivor regions: 1->1(8)
[2026-04-03T06:44:49.513+0600][40.283s][info][gc,heap        ] GC(106) Old regions: 14->14
[2026-04-03T06:44:49.513+0600][40.283s][info][gc,heap        ] GC(106) Humongous regions: 0->0
[2026-04-03T06:44:49.513+0600][40.283s][info][gc,metaspace   ] GC(106) Metaspace: 55176K(56128K)->55176K(56128K) NonClass: 46633K(47232K)->46633K(47232K) Class: 8543K(8896K)->8543K(8896K)
[2026-04-03T06:44:49.513+0600][40.283s][info][gc             ] GC(106) Pause Young (Normal) (G1 Evacuation Pause) 131M->19M(192M) 1.792ms
[2026-04-03T06:44:49.513+0600][40.284s][info][gc,cpu         ] GC(106) User=0.01s Sys=0.00s Real=0.00s
[2026-04-03T06:44:49.662+0600][40.433s][info][gc,start       ] GC(107) Pause Young (Normal) (G1 Evacuation Pause)
[2026-04-03T06:44:49.662+0600][40.433s][info][gc,task        ] GC(107) Using 10 workers of 10 for evacuation
[2026-04-03T06:44:49.663+0600][40.434s][info][gc,phases      ] GC(107)   Pre Evacuate Collection Set: 0.17ms
[2026-04-03T06:44:49.663+0600][40.434s][info][gc,phases      ] GC(107)   Merge Heap Roots: 0.15ms
[2026-04-03T06:44:49.664+0600][40.434s][info][gc,phases      ] GC(107)   Evacuate Collection Set: 0.73ms
[2026-04-03T06:44:49.664+0600][40.434s][info][gc,phases      ] GC(107)   Post Evacuate Collection Set: 0.34ms
[2026-04-03T06:44:49.664+0600][40.434s][info][gc,phases      ] GC(107)   Other: 0.09ms
[2026-04-03T06:44:49.664+0600][40.434s][info][gc,heap        ] GC(107) Eden regions: 56->0(56)
[2026-04-03T06:44:49.664+0600][40.434s][info][gc,heap        ] GC(107) Survivor regions: 1->1(8)
[2026-04-03T06:44:49.664+0600][40.434s][info][gc,heap        ] GC(107) Old regions: 14->14
[2026-04-03T06:44:49.664+0600][40.434s][info][gc,heap        ] GC(107) Humongous regions: 0->0
[2026-04-03T06:44:49.664+0600][40.434s][info][gc,metaspace   ] GC(107) Metaspace: 55176K(56128K)->55176K(56128K) NonClass: 46633K(47232K)->46633K(47232K) Class: 8543K(8896K)->8543K(8896K)
[2026-04-03T06:44:49.664+0600][40.434s][info][gc             ] GC(107) Pause Young (Normal) (G1 Evacuation Pause) 131M->19M(192M) 1.797ms
[2026-04-03T06:44:49.664+0600][40.434s][info][gc,cpu         ] GC(107) User=0.00s Sys=0.01s Real=0.01s
[2026-04-03T06:44:49.811+0600][40.582s][info][gc,start       ] GC(108) Pause Young (Normal) (G1 Evacuation Pause)
[2026-04-03T06:44:49.811+0600][40.582s][info][gc,task        ] GC(108) Using 10 workers of 10 for evacuation
[2026-04-03T06:44:49.813+0600][40.583s][info][gc,phases      ] GC(108)   Pre Evacuate Collection Set: 0.20ms
[2026-04-03T06:44:49.813+0600][40.584s][info][gc,phases      ] GC(108)   Merge Heap Roots: 0.11ms
[2026-04-03T06:44:49.813+0600][40.584s][info][gc,phases      ] GC(108)   Evacuate Collection Set: 0.71ms
[2026-04-03T06:44:49.813+0600][40.584s][info][gc,phases      ] GC(108)   Post Evacuate Collection Set: 0.36ms
[2026-04-03T06:44:49.813+0600][40.584s][info][gc,phases      ] GC(108)   Other: 0.11ms
[2026-04-03T06:44:49.813+0600][40.584s][info][gc,heap        ] GC(108) Eden regions: 56->0(56)
[2026-04-03T06:44:49.813+0600][40.584s][info][gc,heap        ] GC(108) Survivor regions: 1->1(8)
[2026-04-03T06:44:49.813+0600][40.584s][info][gc,heap        ] GC(108) Old regions: 14->14
[2026-04-03T06:44:49.813+0600][40.584s][info][gc,heap        ] GC(108) Humongous regions: 0->0
[2026-04-03T06:44:49.813+0600][40.584s][info][gc,metaspace   ] GC(108) Metaspace: 55176K(56128K)->55176K(56128K) NonClass: 46633K(47232K)->46633K(47232K) Class: 8543K(8896K)->8543K(8896K)
[2026-04-03T06:44:49.813+0600][40.584s][info][gc             ] GC(108) Pause Young (Normal) (G1 Evacuation Pause) 131M->19M(192M) 1.956ms
[2026-04-03T06:44:49.813+0600][40.584s][info][gc,cpu         ] GC(108) User=0.00s Sys=0.00s Real=0.00s
[2026-04-03T06:44:49.961+0600][40.732s][info][gc,start       ] GC(109) Pause Young (Normal) (G1 Evacuation Pause)
[2026-04-03T06:44:49.962+0600][40.732s][info][gc,task        ] GC(109) Using 10 workers of 10 for evacuation
[2026-04-03T06:44:49.963+0600][40.734s][info][gc,phases      ] GC(109)   Pre Evacuate Collection Set: 0.21ms
[2026-04-03T06:44:49.963+0600][40.734s][info][gc,phases      ] GC(109)   Merge Heap Roots: 0.12ms
[2026-04-03T06:44:49.963+0600][40.734s][info][gc,phases      ] GC(109)   Evacuate Collection Set: 0.82ms
[2026-04-03T06:44:49.963+0600][40.734s][info][gc,phases      ] GC(109)   Post Evacuate Collection Set: 0.36ms
[2026-04-03T06:44:49.963+0600][40.734s][info][gc,phases      ] GC(109)   Other: 0.12ms
[2026-04-03T06:44:49.963+0600][40.734s][info][gc,heap        ] GC(109) Eden regions: 56->0(56)
[2026-04-03T06:44:49.963+0600][40.734s][info][gc,heap        ] GC(109) Survivor regions: 1->1(8)
[2026-04-03T06:44:49.963+0600][40.734s][info][gc,heap        ] GC(109) Old regions: 14->14
[2026-04-03T06:44:49.963+0600][40.734s][info][gc,heap        ] GC(109) Humongous regions: 0->0
[2026-04-03T06:44:49.963+0600][40.734s][info][gc,metaspace   ] GC(109) Metaspace: 55176K(56128K)->55176K(56128K) NonClass: 46633K(47232K)->46633K(47232K) Class: 8543K(8896K)->8543K(8896K)
[2026-04-03T06:44:49.963+0600][40.734s][info][gc             ] GC(109) Pause Young (Normal) (G1 Evacuation Pause) 131M->19M(192M) 2.088ms
[2026-04-03T06:44:49.964+0600][40.734s][info][gc,cpu         ] GC(109) User=0.01s Sys=0.00s Real=0.01s
[2026-04-03T06:44:50.111+0600][40.882s][info][gc,start       ] GC(110) Pause Young (Normal) (G1 Evacuation Pause)
[2026-04-03T06:44:50.111+0600][40.882s][info][gc,task        ] GC(110) Using 10 workers of 10 for evacuation
[2026-04-03T06:44:50.112+0600][40.883s][info][gc,phases      ] GC(110)   Pre Evacuate Collection Set: 0.18ms
[2026-04-03T06:44:50.112+0600][40.883s][info][gc,phases      ] GC(110)   Merge Heap Roots: 0.13ms
[2026-04-03T06:44:50.113+0600][40.883s][info][gc,phases      ] GC(110)   Evacuate Collection Set: 0.79ms
[2026-04-03T06:44:50.113+0600][40.883s][info][gc,phases      ] GC(110)   Post Evacuate Collection Set: 0.35ms
[2026-04-03T06:44:50.113+0600][40.883s][info][gc,phases      ] GC(110)   Other: 0.12ms
[2026-04-03T06:44:50.113+0600][40.883s][info][gc,heap        ] GC(110) Eden regions: 56->0(56)
[2026-04-03T06:44:50.113+0600][40.883s][info][gc,heap        ] GC(110) Survivor regions: 1->1(8)
[2026-04-03T06:44:50.113+0600][40.883s][info][gc,heap        ] GC(110) Old regions: 14->14
[2026-04-03T06:44:50.113+0600][40.883s][info][gc,heap        ] GC(110) Humongous regions: 0->0
[2026-04-03T06:44:50.113+0600][40.883s][info][gc,metaspace   ] GC(110) Metaspace: 55176K(56128K)->55176K(56128K) NonClass: 46633K(47232K)->46633K(47232K) Class: 8543K(8896K)->8543K(8896K)
[2026-04-03T06:44:50.113+0600][40.884s][info][gc             ] GC(110) Pause Young (Normal) (G1 Evacuation Pause) 131M->19M(192M) 1.974ms
[2026-04-03T06:44:50.113+0600][40.884s][info][gc,cpu         ] GC(110) User=0.02s Sys=0.00s Real=0.00s
[2026-04-03T06:44:50.260+0600][41.030s][info][gc,start       ] GC(111) Pause Young (Normal) (G1 Evacuation Pause)
[2026-04-03T06:44:50.260+0600][41.031s][info][gc,task        ] GC(111) Using 10 workers of 10 for evacuation
[2026-04-03T06:44:50.261+0600][41.032s][info][gc,phases      ] GC(111)   Pre Evacuate Collection Set: 0.21ms
[2026-04-03T06:44:50.261+0600][41.032s][info][gc,phases      ] GC(111)   Merge Heap Roots: 0.12ms
[2026-04-03T06:44:50.261+0600][41.032s][info][gc,phases      ] GC(111)   Evacuate Collection Set: 0.72ms
[2026-04-03T06:44:50.261+0600][41.032s][info][gc,phases      ] GC(111)   Post Evacuate Collection Set: 0.39ms
[2026-04-03T06:44:50.261+0600][41.032s][info][gc,phases      ] GC(111)   Other: 0.12ms
[2026-04-03T06:44:50.261+0600][41.032s][info][gc,heap        ] GC(111) Eden regions: 56->0(56)
[2026-04-03T06:44:50.261+0600][41.032s][info][gc,heap        ] GC(111) Survivor regions: 1->1(8)
[2026-04-03T06:44:50.261+0600][41.032s][info][gc,heap        ] GC(111) Old regions: 14->14
[2026-04-03T06:44:50.261+0600][41.032s][info][gc,heap        ] GC(111) Humongous regions: 0->0
[2026-04-03T06:44:50.261+0600][41.032s][info][gc,metaspace   ] GC(111) Metaspace: 55176K(56128K)->55176K(56128K) NonClass: 46633K(47232K)->46633K(47232K) Class: 8543K(8896K)->8543K(8896K)
[2026-04-03T06:44:50.262+0600][41.032s][info][gc             ] GC(111) Pause Young (Normal) (G1 Evacuation Pause) 131M->19M(192M) 1.923ms
[2026-04-03T06:44:50.262+0600][41.032s][info][gc,cpu         ] GC(111) User=0.01s Sys=0.01s Real=0.00s
[2026-04-03T06:44:50.410+0600][41.181s][info][gc,start       ] GC(112) Pause Young (Normal) (G1 Evacuation Pause)
[2026-04-03T06:44:50.411+0600][41.181s][info][gc,task        ] GC(112) Using 10 workers of 10 for evacuation
[2026-04-03T06:44:50.412+0600][41.183s][info][gc,phases      ] GC(112)   Pre Evacuate Collection Set: 0.22ms
[2026-04-03T06:44:50.412+0600][41.183s][info][gc,phases      ] GC(112)   Merge Heap Roots: 0.11ms
[2026-04-03T06:44:50.412+0600][41.183s][info][gc,phases      ] GC(112)   Evacuate Collection Set: 0.76ms
[2026-04-03T06:44:50.412+0600][41.183s][info][gc,phases      ] GC(112)   Post Evacuate Collection Set: 0.33ms
[2026-04-03T06:44:50.412+0600][41.183s][info][gc,phases      ] GC(112)   Other: 0.10ms
[2026-04-03T06:44:50.412+0600][41.183s][info][gc,heap        ] GC(112) Eden regions: 56->0(56)
[2026-04-03T06:44:50.412+0600][41.183s][info][gc,heap        ] GC(112) Survivor regions: 1->1(8)
[2026-04-03T06:44:50.412+0600][41.183s][info][gc,heap        ] GC(112) Old regions: 14->14
[2026-04-03T06:44:50.412+0600][41.183s][info][gc,heap        ] GC(112) Humongous regions: 0->0
[2026-04-03T06:44:50.412+0600][41.183s][info][gc,metaspace   ] GC(112) Metaspace: 55176K(56128K)->55176K(56128K) NonClass: 46633K(47232K)->46633K(47232K) Class: 8543K(8896K)->8543K(8896K)
[2026-04-03T06:44:50.412+0600][41.183s][info][gc             ] GC(112) Pause Young (Normal) (G1 Evacuation Pause) 131M->19M(192M) 1.867ms
[2026-04-03T06:44:50.412+0600][41.183s][info][gc,cpu         ] GC(112) User=0.01s Sys=0.00s Real=0.00s
[2026-04-03T06:44:50.570+0600][41.341s][info][gc,start       ] GC(113) Pause Young (Normal) (G1 Evacuation Pause)
[2026-04-03T06:44:50.570+0600][41.341s][info][gc,task        ] GC(113) Using 10 workers of 10 for evacuation
[2026-04-03T06:44:50.572+0600][41.343s][info][gc,phases      ] GC(113)   Pre Evacuate Collection Set: 0.19ms
[2026-04-03T06:44:50.572+0600][41.343s][info][gc,phases      ] GC(113)   Merge Heap Roots: 0.10ms
[2026-04-03T06:44:50.572+0600][41.343s][info][gc,phases      ] GC(113)   Evacuate Collection Set: 0.76ms
[2026-04-03T06:44:50.572+0600][41.343s][info][gc,phases      ] GC(113)   Post Evacuate Collection Set: 0.36ms
[2026-04-03T06:44:50.572+0600][41.343s][info][gc,phases      ] GC(113)   Other: 0.09ms
[2026-04-03T06:44:50.572+0600][41.343s][info][gc,heap        ] GC(113) Eden regions: 56->0(56)
[2026-04-03T06:44:50.572+0600][41.343s][info][gc,heap        ] GC(113) Survivor regions: 1->1(8)
[2026-04-03T06:44:50.572+0600][41.343s][info][gc,heap        ] GC(113) Old regions: 14->14
[2026-04-03T06:44:50.572+0600][41.343s][info][gc,heap        ] GC(113) Humongous regions: 0->0
[2026-04-03T06:44:50.572+0600][41.343s][info][gc,metaspace   ] GC(113) Metaspace: 55176K(56128K)->55176K(56128K) NonClass: 46633K(47232K)->46633K(47232K) Class: 8543K(8896K)->8543K(8896K)
[2026-04-03T06:44:50.572+0600][41.343s][info][gc             ] GC(113) Pause Young (Normal) (G1 Evacuation Pause) 131M->19M(192M) 1.828ms
[2026-04-03T06:44:50.572+0600][41.343s][info][gc,cpu         ] GC(113) User=0.01s Sys=0.00s Real=0.00s
[2026-04-03T06:44:50.736+0600][41.507s][info][gc,start       ] GC(114) Pause Young (Normal) (G1 Evacuation Pause)
[2026-04-03T06:44:50.737+0600][41.507s][info][gc,task        ] GC(114) Using 10 workers of 10 for evacuation
[2026-04-03T06:44:50.738+0600][41.509s][info][gc,phases      ] GC(114)   Pre Evacuate Collection Set: 0.19ms
[2026-04-03T06:44:50.738+0600][41.509s][info][gc,phases      ] GC(114)   Merge Heap Roots: 0.13ms
[2026-04-03T06:44:50.738+0600][41.509s][info][gc,phases      ] GC(114)   Evacuate Collection Set: 0.79ms
[2026-04-03T06:44:50.738+0600][41.509s][info][gc,phases      ] GC(114)   Post Evacuate Collection Set: 0.36ms
[2026-04-03T06:44:50.738+0600][41.509s][info][gc,phases      ] GC(114)   Other: 0.11ms
[2026-04-03T06:44:50.738+0600][41.509s][info][gc,heap        ] GC(114) Eden regions: 56->0(56)
[2026-04-03T06:44:50.738+0600][41.509s][info][gc,heap        ] GC(114) Survivor regions: 1->1(8)
[2026-04-03T06:44:50.738+0600][41.509s][info][gc,heap        ] GC(114) Old regions: 14->14
[2026-04-03T06:44:50.738+0600][41.509s][info][gc,heap        ] GC(114) Humongous regions: 0->0
[2026-04-03T06:44:50.738+0600][41.509s][info][gc,metaspace   ] GC(114) Metaspace: 55176K(56128K)->55176K(56128K) NonClass: 46633K(47232K)->46633K(47232K) Class: 8543K(8896K)->8543K(8896K)
[2026-04-03T06:44:50.738+0600][41.509s][info][gc             ] GC(114) Pause Young (Normal) (G1 Evacuation Pause) 131M->19M(192M) 2.019ms
[2026-04-03T06:44:50.738+0600][41.509s][info][gc,cpu         ] GC(114) User=0.01s Sys=0.00s Real=0.00s
[2026-04-03T06:44:50.885+0600][41.656s][info][gc,start       ] GC(115) Pause Young (Normal) (G1 Evacuation Pause)
[2026-04-03T06:44:50.885+0600][41.656s][info][gc,task        ] GC(115) Using 10 workers of 10 for evacuation
[2026-04-03T06:44:50.887+0600][41.658s][info][gc,phases      ] GC(115)   Pre Evacuate Collection Set: 0.17ms
[2026-04-03T06:44:50.887+0600][41.658s][info][gc,phases      ] GC(115)   Merge Heap Roots: 0.11ms
[2026-04-03T06:44:50.887+0600][41.658s][info][gc,phases      ] GC(115)   Evacuate Collection Set: 0.69ms
[2026-04-03T06:44:50.887+0600][41.658s][info][gc,phases      ] GC(115)   Post Evacuate Collection Set: 0.31ms
[2026-04-03T06:44:50.887+0600][41.658s][info][gc,phases      ] GC(115)   Other: 0.10ms
[2026-04-03T06:44:50.887+0600][41.658s][info][gc,heap        ] GC(115) Eden regions: 56->0(56)
[2026-04-03T06:44:50.887+0600][41.658s][info][gc,heap        ] GC(115) Survivor regions: 1->1(8)
[2026-04-03T06:44:50.887+0600][41.658s][info][gc,heap        ] GC(115) Old regions: 14->14
[2026-04-03T06:44:50.887+0600][41.658s][info][gc,heap        ] GC(115) Humongous regions: 0->0
[2026-04-03T06:44:50.887+0600][41.658s][info][gc,metaspace   ] GC(115) Metaspace: 55176K(56128K)->55176K(56128K) NonClass: 46633K(47232K)->46633K(47232K) Class: 8543K(8896K)->8543K(8896K)
[2026-04-03T06:44:50.887+0600][41.658s][info][gc             ] GC(115) Pause Young (Normal) (G1 Evacuation Pause) 131M->19M(192M) 1.681ms
[2026-04-03T06:44:50.887+0600][41.658s][info][gc,cpu         ] GC(115) User=0.01s Sys=0.00s Real=0.00s
[2026-04-03T06:44:51.038+0600][41.809s][info][gc,start       ] GC(116) Pause Young (Normal) (G1 Evacuation Pause)
[2026-04-03T06:44:51.038+0600][41.809s][info][gc,task        ] GC(116) Using 10 workers of 10 for evacuation
[2026-04-03T06:44:51.040+0600][41.811s][info][gc,phases      ] GC(116)   Pre Evacuate Collection Set: 0.17ms
[2026-04-03T06:44:51.040+0600][41.811s][info][gc,phases      ] GC(116)   Merge Heap Roots: 0.11ms
[2026-04-03T06:44:51.040+0600][41.811s][info][gc,phases      ] GC(116)   Evacuate Collection Set: 0.85ms
[2026-04-03T06:44:51.040+0600][41.811s][info][gc,phases      ] GC(116)   Post Evacuate Collection Set: 0.34ms
[2026-04-03T06:44:51.040+0600][41.811s][info][gc,phases      ] GC(116)   Other: 0.10ms
[2026-04-03T06:44:51.040+0600][41.811s][info][gc,heap        ] GC(116) Eden regions: 56->0(56)
[2026-04-03T06:44:51.040+0600][41.811s][info][gc,heap        ] GC(116) Survivor regions: 1->1(8)
[2026-04-03T06:44:51.040+0600][41.811s][info][gc,heap        ] GC(116) Old regions: 14->14
[2026-04-03T06:44:51.040+0600][41.811s][info][gc,heap        ] GC(116) Humongous regions: 0->0
[2026-04-03T06:44:51.040+0600][41.811s][info][gc,metaspace   ] GC(116) Metaspace: 55177K(56128K)->55177K(56128K) NonClass: 46634K(47232K)->46634K(47232K) Class: 8543K(8896K)->8543K(8896K)
[2026-04-03T06:44:51.040+0600][41.811s][info][gc             ] GC(116) Pause Young (Normal) (G1 Evacuation Pause) 131M->19M(192M) 1.903ms
[2026-04-03T06:44:51.040+0600][41.811s][info][gc,cpu         ] GC(116) User=0.01s Sys=0.00s Real=0.00s
[2026-04-03T06:44:51.188+0600][41.959s][info][gc,start       ] GC(117) Pause Young (Normal) (G1 Evacuation Pause)
[2026-04-03T06:44:51.188+0600][41.959s][info][gc,task        ] GC(117) Using 10 workers of 10 for evacuation
[2026-04-03T06:44:51.189+0600][41.960s][info][gc,phases      ] GC(117)   Pre Evacuate Collection Set: 0.16ms
[2026-04-03T06:44:51.189+0600][41.960s][info][gc,phases      ] GC(117)   Merge Heap Roots: 0.12ms
[2026-04-03T06:44:51.189+0600][41.960s][info][gc,phases      ] GC(117)   Evacuate Collection Set: 0.70ms
[2026-04-03T06:44:51.189+0600][41.960s][info][gc,phases      ] GC(117)   Post Evacuate Collection Set: 0.31ms
[2026-04-03T06:44:51.189+0600][41.960s][info][gc,phases      ] GC(117)   Other: 0.10ms
[2026-04-03T06:44:51.189+0600][41.960s][info][gc,heap        ] GC(117) Eden regions: 56->0(56)
[2026-04-03T06:44:51.189+0600][41.960s][info][gc,heap        ] GC(117) Survivor regions: 1->1(8)
[2026-04-03T06:44:51.189+0600][41.960s][info][gc,heap        ] GC(117) Old regions: 14->14
[2026-04-03T06:44:51.189+0600][41.960s][info][gc,heap        ] GC(117) Humongous regions: 0->0
[2026-04-03T06:44:51.189+0600][41.960s][info][gc,metaspace   ] GC(117) Metaspace: 55181K(56128K)->55181K(56128K) NonClass: 46638K(47232K)->46638K(47232K) Class: 8543K(8896K)->8543K(8896K)
[2026-04-03T06:44:51.189+0600][41.960s][info][gc             ] GC(117) Pause Young (Normal) (G1 Evacuation Pause) 131M->19M(192M) 1.695ms
[2026-04-03T06:44:51.189+0600][41.960s][info][gc,cpu         ] GC(117) User=0.00s Sys=0.01s Real=0.00s
[2026-04-03T06:44:51.341+0600][42.112s][info][gc,start       ] GC(118) Pause Young (Normal) (G1 Evacuation Pause)
[2026-04-03T06:44:51.342+0600][42.112s][info][gc,task        ] GC(118) Using 10 workers of 10 for evacuation
[2026-04-03T06:44:51.343+0600][42.114s][info][gc,phases      ] GC(118)   Pre Evacuate Collection Set: 0.15ms
[2026-04-03T06:44:51.343+0600][42.114s][info][gc,phases      ] GC(118)   Merge Heap Roots: 0.12ms
[2026-04-03T06:44:51.343+0600][42.114s][info][gc,phases      ] GC(118)   Evacuate Collection Set: 0.70ms
[2026-04-03T06:44:51.343+0600][42.114s][info][gc,phases      ] GC(118)   Post Evacuate Collection Set: 0.31ms
[2026-04-03T06:44:51.343+0600][42.114s][info][gc,phases      ] GC(118)   Other: 0.09ms
[2026-04-03T06:44:51.343+0600][42.114s][info][gc,heap        ] GC(118) Eden regions: 56->0(56)
[2026-04-03T06:44:51.343+0600][42.114s][info][gc,heap        ] GC(118) Survivor regions: 1->1(8)
[2026-04-03T06:44:51.343+0600][42.114s][info][gc,heap        ] GC(118) Old regions: 14->14
[2026-04-03T06:44:51.343+0600][42.114s][info][gc,heap        ] GC(118) Humongous regions: 0->0
[2026-04-03T06:44:51.343+0600][42.114s][info][gc,metaspace   ] GC(118) Metaspace: 55185K(56128K)->55185K(56128K) NonClass: 46642K(47232K)->46642K(47232K) Class: 8543K(8896K)->8543K(8896K)
[2026-04-03T06:44:51.343+0600][42.114s][info][gc             ] GC(118) Pause Young (Normal) (G1 Evacuation Pause) 131M->19M(192M) 1.664ms
[2026-04-03T06:44:51.343+0600][42.114s][info][gc,cpu         ] GC(118) User=0.01s Sys=0.00s Real=0.01s
[2026-04-03T06:44:51.498+0600][42.269s][info][gc,start       ] GC(119) Pause Young (Normal) (G1 Evacuation Pause)
[2026-04-03T06:44:51.498+0600][42.269s][info][gc,task        ] GC(119) Using 10 workers of 10 for evacuation
[2026-04-03T06:44:51.500+0600][42.270s][info][gc,phases      ] GC(119)   Pre Evacuate Collection Set: 0.20ms
[2026-04-03T06:44:51.500+0600][42.270s][info][gc,phases      ] GC(119)   Merge Heap Roots: 0.14ms
[2026-04-03T06:44:51.500+0600][42.270s][info][gc,phases      ] GC(119)   Evacuate Collection Set: 0.74ms
[2026-04-03T06:44:51.500+0600][42.270s][info][gc,phases      ] GC(119)   Post Evacuate Collection Set: 0.31ms
[2026-04-03T06:44:51.500+0600][42.270s][info][gc,phases      ] GC(119)   Other: 0.09ms
[2026-04-03T06:44:51.500+0600][42.271s][info][gc,heap        ] GC(119) Eden regions: 56->0(56)
[2026-04-03T06:44:51.500+0600][42.271s][info][gc,heap        ] GC(119) Survivor regions: 1->1(8)
[2026-04-03T06:44:51.500+0600][42.271s][info][gc,heap        ] GC(119) Old regions: 14->14
[2026-04-03T06:44:51.500+0600][42.271s][info][gc,heap        ] GC(119) Humongous regions: 0->0
[2026-04-03T06:44:51.500+0600][42.271s][info][gc,metaspace   ] GC(119) Metaspace: 55185K(56128K)->55185K(56128K) NonClass: 46642K(47232K)->46642K(47232K) Class: 8543K(8896K)->8543K(8896K)
[2026-04-03T06:44:51.500+0600][42.271s][info][gc             ] GC(119) Pause Young (Normal) (G1 Evacuation Pause) 131M->19M(192M) 1.806ms
[2026-04-03T06:44:51.500+0600][42.271s][info][gc,cpu         ] GC(119) User=0.00s Sys=0.01s Real=0.00s
[2026-04-03T06:44:51.647+0600][42.418s][info][gc,start       ] GC(120) Pause Young (Normal) (G1 Evacuation Pause)
[2026-04-03T06:44:51.647+0600][42.418s][info][gc,task        ] GC(120) Using 10 workers of 10 for evacuation
[2026-04-03T06:44:51.648+0600][42.419s][info][gc,phases      ] GC(120)   Pre Evacuate Collection Set: 0.21ms
[2026-04-03T06:44:51.649+0600][42.419s][info][gc,phases      ] GC(120)   Merge Heap Roots: 0.15ms
[2026-04-03T06:44:51.649+0600][42.419s][info][gc,phases      ] GC(120)   Evacuate Collection Set: 0.75ms
[2026-04-03T06:44:51.649+0600][42.419s][info][gc,phases      ] GC(120)   Post Evacuate Collection Set: 0.35ms
[2026-04-03T06:44:51.649+0600][42.419s][info][gc,phases      ] GC(120)   Other: 0.10ms
[2026-04-03T06:44:51.649+0600][42.419s][info][gc,heap        ] GC(120) Eden regions: 56->0(56)
[2026-04-03T06:44:51.649+0600][42.419s][info][gc,heap        ] GC(120) Survivor regions: 1->1(8)
[2026-04-03T06:44:51.649+0600][42.419s][info][gc,heap        ] GC(120) Old regions: 14->14
[2026-04-03T06:44:51.649+0600][42.419s][info][gc,heap        ] GC(120) Humongous regions: 0->0
[2026-04-03T06:44:51.649+0600][42.419s][info][gc,metaspace   ] GC(120) Metaspace: 55185K(56128K)->55185K(56128K) NonClass: 46642K(47232K)->46642K(47232K) Class: 8543K(8896K)->8543K(8896K)
[2026-04-03T06:44:51.649+0600][42.420s][info][gc             ] GC(120) Pause Young (Normal) (G1 Evacuation Pause) 131M->19M(192M) 1.877ms
[2026-04-03T06:44:51.649+0600][42.420s][info][gc,cpu         ] GC(120) User=0.01s Sys=0.00s Real=0.00s
[2026-04-03T06:44:51.795+0600][42.565s][info][gc,start       ] GC(121) Pause Young (Normal) (G1 Evacuation Pause)
[2026-04-03T06:44:51.795+0600][42.566s][info][gc,task        ] GC(121) Using 10 workers of 10 for evacuation
[2026-04-03T06:44:51.796+0600][42.567s][info][gc,phases      ] GC(121)   Pre Evacuate Collection Set: 0.17ms
[2026-04-03T06:44:51.796+0600][42.567s][info][gc,phases      ] GC(121)   Merge Heap Roots: 0.11ms
[2026-04-03T06:44:51.796+0600][42.567s][info][gc,phases      ] GC(121)   Evacuate Collection Set: 0.77ms
[2026-04-03T06:44:51.796+0600][42.567s][info][gc,phases      ] GC(121)   Post Evacuate Collection Set: 0.31ms
[2026-04-03T06:44:51.796+0600][42.567s][info][gc,phases      ] GC(121)   Other: 0.09ms
[2026-04-03T06:44:51.796+0600][42.567s][info][gc,heap        ] GC(121) Eden regions: 56->0(56)
[2026-04-03T06:44:51.796+0600][42.567s][info][gc,heap        ] GC(121) Survivor regions: 1->1(8)
[2026-04-03T06:44:51.796+0600][42.567s][info][gc,heap        ] GC(121) Old regions: 14->14
[2026-04-03T06:44:51.796+0600][42.567s][info][gc,heap        ] GC(121) Humongous regions: 0->0
[2026-04-03T06:44:51.796+0600][42.567s][info][gc,metaspace   ] GC(121) Metaspace: 55185K(56128K)->55185K(56128K) NonClass: 46642K(47232K)->46642K(47232K) Class: 8543K(8896K)->8543K(8896K)
[2026-04-03T06:44:51.796+0600][42.567s][info][gc             ] GC(121) Pause Young (Normal) (G1 Evacuation Pause) 131M->19M(192M) 1.803ms
[2026-04-03T06:44:51.796+0600][42.567s][info][gc,cpu         ] GC(121) User=0.01s Sys=0.00s Real=0.00s
[2026-04-03T06:44:51.942+0600][42.713s][info][gc,start       ] GC(122) Pause Young (Normal) (G1 Evacuation Pause)
[2026-04-03T06:44:51.942+0600][42.713s][info][gc,task        ] GC(122) Using 10 workers of 10 for evacuation
[2026-04-03T06:44:51.944+0600][42.715s][info][gc,phases      ] GC(122)   Pre Evacuate Collection Set: 0.19ms
[2026-04-03T06:44:51.944+0600][42.715s][info][gc,phases      ] GC(122)   Merge Heap Roots: 0.14ms
[2026-04-03T06:44:51.944+0600][42.715s][info][gc,phases      ] GC(122)   Evacuate Collection Set: 0.91ms
[2026-04-03T06:44:51.944+0600][42.715s][info][gc,phases      ] GC(122)   Post Evacuate Collection Set: 0.35ms
[2026-04-03T06:44:51.944+0600][42.715s][info][gc,phases      ] GC(122)   Other: 0.13ms
[2026-04-03T06:44:51.944+0600][42.715s][info][gc,heap        ] GC(122) Eden regions: 56->0(56)
[2026-04-03T06:44:51.944+0600][42.715s][info][gc,heap        ] GC(122) Survivor regions: 1->1(8)
[2026-04-03T06:44:51.944+0600][42.715s][info][gc,heap        ] GC(122) Old regions: 14->14
[2026-04-03T06:44:51.944+0600][42.715s][info][gc,heap        ] GC(122) Humongous regions: 0->0
[2026-04-03T06:44:51.944+0600][42.715s][info][gc,metaspace   ] GC(122) Metaspace: 55185K(56128K)->55185K(56128K) NonClass: 46642K(47232K)->46642K(47232K) Class: 8543K(8896K)->8543K(8896K)
[2026-04-03T06:44:51.944+0600][42.715s][info][gc             ] GC(122) Pause Young (Normal) (G1 Evacuation Pause) 131M->19M(192M) 2.046ms
[2026-04-03T06:44:51.944+0600][42.715s][info][gc,cpu         ] GC(122) User=0.01s Sys=0.00s Real=0.01s
[2026-04-03T06:44:52.092+0600][42.863s][info][gc,start       ] GC(123) Pause Young (Normal) (G1 Evacuation Pause)
[2026-04-03T06:44:52.092+0600][42.863s][info][gc,task        ] GC(123) Using 10 workers of 10 for evacuation
[2026-04-03T06:44:52.094+0600][42.865s][info][gc,phases      ] GC(123)   Pre Evacuate Collection Set: 0.17ms
[2026-04-03T06:44:52.094+0600][42.865s][info][gc,phases      ] GC(123)   Merge Heap Roots: 0.10ms
[2026-04-03T06:44:52.094+0600][42.865s][info][gc,phases      ] GC(123)   Evacuate Collection Set: 0.79ms
[2026-04-03T06:44:52.094+0600][42.865s][info][gc,phases      ] GC(123)   Post Evacuate Collection Set: 0.32ms
[2026-04-03T06:44:52.094+0600][42.865s][info][gc,phases      ] GC(123)   Other: 0.10ms
[2026-04-03T06:44:52.094+0600][42.865s][info][gc,heap        ] GC(123) Eden regions: 56->0(56)
[2026-04-03T06:44:52.094+0600][42.865s][info][gc,heap        ] GC(123) Survivor regions: 1->1(8)
[2026-04-03T06:44:52.094+0600][42.865s][info][gc,heap        ] GC(123) Old regions: 14->14
[2026-04-03T06:44:52.094+0600][42.865s][info][gc,heap        ] GC(123) Humongous regions: 0->0
[2026-04-03T06:44:52.094+0600][42.865s][info][gc,metaspace   ] GC(123) Metaspace: 55185K(56128K)->55185K(56128K) NonClass: 46642K(47232K)->46642K(47232K) Class: 8543K(8896K)->8543K(8896K)
[2026-04-03T06:44:52.094+0600][42.865s][info][gc             ] GC(123) Pause Young (Normal) (G1 Evacuation Pause) 131M->19M(192M) 1.776ms
[2026-04-03T06:44:52.094+0600][42.865s][info][gc,cpu         ] GC(123) User=0.01s Sys=0.00s Real=0.01s
[2026-04-03T06:44:52.252+0600][43.023s][info][gc,start       ] GC(124) Pause Young (Normal) (G1 Evacuation Pause)
[2026-04-03T06:44:52.252+0600][43.023s][info][gc,task        ] GC(124) Using 10 workers of 10 for evacuation
[2026-04-03T06:44:52.254+0600][43.025s][info][gc,phases      ] GC(124)   Pre Evacuate Collection Set: 0.19ms
[2026-04-03T06:44:52.254+0600][43.025s][info][gc,phases      ] GC(124)   Merge Heap Roots: 0.15ms
[2026-04-03T06:44:52.254+0600][43.025s][info][gc,phases      ] GC(124)   Evacuate Collection Set: 0.79ms
[2026-04-03T06:44:52.254+0600][43.025s][info][gc,phases      ] GC(124)   Post Evacuate Collection Set: 0.31ms
[2026-04-03T06:44:52.254+0600][43.025s][info][gc,phases      ] GC(124)   Other: 0.10ms
[2026-04-03T06:44:52.254+0600][43.025s][info][gc,heap        ] GC(124) Eden regions: 56->0(56)
[2026-04-03T06:44:52.254+0600][43.025s][info][gc,heap        ] GC(124) Survivor regions: 1->1(8)
[2026-04-03T06:44:52.254+0600][43.025s][info][gc,heap        ] GC(124) Old regions: 14->14
[2026-04-03T06:44:52.254+0600][43.025s][info][gc,heap        ] GC(124) Humongous regions: 0->0
[2026-04-03T06:44:52.254+0600][43.025s][info][gc,metaspace   ] GC(124) Metaspace: 55186K(56128K)->55186K(56128K) NonClass: 46643K(47232K)->46643K(47232K) Class: 8543K(8896K)->8543K(8896K)
[2026-04-03T06:44:52.254+0600][43.025s][info][gc             ] GC(124) Pause Young (Normal) (G1 Evacuation Pause) 131M->19M(192M) 1.880ms
[2026-04-03T06:44:52.254+0600][43.025s][info][gc,cpu         ] GC(124) User=0.01s Sys=0.00s Real=0.01s
[2026-04-03T06:44:52.418+0600][43.189s][info][gc,start       ] GC(125) Pause Young (Normal) (G1 Evacuation Pause)
[2026-04-03T06:44:52.419+0600][43.189s][info][gc,task        ] GC(125) Using 10 workers of 10 for evacuation
[2026-04-03T06:44:52.420+0600][43.191s][info][gc,phases      ] GC(125)   Pre Evacuate Collection Set: 0.17ms
[2026-04-03T06:44:52.420+0600][43.191s][info][gc,phases      ] GC(125)   Merge Heap Roots: 0.11ms
[2026-04-03T06:44:52.420+0600][43.191s][info][gc,phases      ] GC(125)   Evacuate Collection Set: 0.82ms
[2026-04-03T06:44:52.420+0600][43.191s][info][gc,phases      ] GC(125)   Post Evacuate Collection Set: 0.33ms
[2026-04-03T06:44:52.420+0600][43.191s][info][gc,phases      ] GC(125)   Other: 0.09ms
[2026-04-03T06:44:52.420+0600][43.191s][info][gc,heap        ] GC(125) Eden regions: 56->0(56)
[2026-04-03T06:44:52.420+0600][43.191s][info][gc,heap        ] GC(125) Survivor regions: 1->1(8)
[2026-04-03T06:44:52.420+0600][43.191s][info][gc,heap        ] GC(125) Old regions: 14->14
[2026-04-03T06:44:52.420+0600][43.191s][info][gc,heap        ] GC(125) Humongous regions: 0->0
[2026-04-03T06:44:52.420+0600][43.191s][info][gc,metaspace   ] GC(125) Metaspace: 55186K(56128K)->55186K(56128K) NonClass: 46643K(47232K)->46643K(47232K) Class: 8543K(8896K)->8543K(8896K)
[2026-04-03T06:44:52.420+0600][43.191s][info][gc             ] GC(125) Pause Young (Normal) (G1 Evacuation Pause) 131M->19M(192M) 1.837ms
[2026-04-03T06:44:52.420+0600][43.191s][info][gc,cpu         ] GC(125) User=0.01s Sys=0.00s Real=0.00s
[2026-04-03T06:44:52.567+0600][43.338s][info][gc,start       ] GC(126) Pause Young (Normal) (G1 Evacuation Pause)
[2026-04-03T06:44:52.567+0600][43.338s][info][gc,task        ] GC(126) Using 10 workers of 10 for evacuation
[2026-04-03T06:44:52.569+0600][43.340s][info][gc,phases      ] GC(126)   Pre Evacuate Collection Set: 0.19ms
[2026-04-03T06:44:52.569+0600][43.340s][info][gc,phases      ] GC(126)   Merge Heap Roots: 0.14ms
[2026-04-03T06:44:52.569+0600][43.340s][info][gc,phases      ] GC(126)   Evacuate Collection Set: 0.89ms
[2026-04-03T06:44:52.569+0600][43.340s][info][gc,phases      ] GC(126)   Post Evacuate Collection Set: 0.42ms
[2026-04-03T06:44:52.569+0600][43.340s][info][gc,phases      ] GC(126)   Other: 0.11ms
[2026-04-03T06:44:52.569+0600][43.340s][info][gc,heap        ] GC(126) Eden regions: 56->0(56)
[2026-04-03T06:44:52.569+0600][43.340s][info][gc,heap        ] GC(126) Survivor regions: 1->1(8)
[2026-04-03T06:44:52.569+0600][43.340s][info][gc,heap        ] GC(126) Old regions: 14->14
[2026-04-03T06:44:52.569+0600][43.340s][info][gc,heap        ] GC(126) Humongous regions: 0->0
[2026-04-03T06:44:52.569+0600][43.340s][info][gc,metaspace   ] GC(126) Metaspace: 55186K(56128K)->55186K(56128K) NonClass: 46643K(47232K)->46643K(47232K) Class: 8543K(8896K)->8543K(8896K)
[2026-04-03T06:44:52.569+0600][43.340s][info][gc             ] GC(126) Pause Young (Normal) (G1 Evacuation Pause) 131M->19M(192M) 2.207ms
[2026-04-03T06:44:52.570+0600][43.340s][info][gc,cpu         ] GC(126) User=0.01s Sys=0.01s Real=0.00s
[2026-04-03T06:44:52.713+0600][43.484s][info][gc,start       ] GC(127) Pause Young (Normal) (G1 Evacuation Pause)
[2026-04-03T06:44:52.714+0600][43.484s][info][gc,task        ] GC(127) Using 10 workers of 10 for evacuation
[2026-04-03T06:44:52.715+0600][43.486s][info][gc,phases      ] GC(127)   Pre Evacuate Collection Set: 0.19ms
[2026-04-03T06:44:52.715+0600][43.486s][info][gc,phases      ] GC(127)   Merge Heap Roots: 0.12ms
[2026-04-03T06:44:52.715+0600][43.486s][info][gc,phases      ] GC(127)   Evacuate Collection Set: 0.79ms
[2026-04-03T06:44:52.715+0600][43.486s][info][gc,phases      ] GC(127)   Post Evacuate Collection Set: 0.32ms
[2026-04-03T06:44:52.715+0600][43.486s][info][gc,phases      ] GC(127)   Other: 0.10ms
[2026-04-03T06:44:52.715+0600][43.486s][info][gc,heap        ] GC(127) Eden regions: 56->0(56)
[2026-04-03T06:44:52.715+0600][43.486s][info][gc,heap        ] GC(127) Survivor regions: 1->1(8)
[2026-04-03T06:44:52.715+0600][43.486s][info][gc,heap        ] GC(127) Old regions: 14->14
[2026-04-03T06:44:52.715+0600][43.486s][info][gc,heap        ] GC(127) Humongous regions: 0->0
[2026-04-03T06:44:52.715+0600][43.486s][info][gc,metaspace   ] GC(127) Metaspace: 55186K(56128K)->55186K(56128K) NonClass: 46643K(47232K)->46643K(47232K) Class: 8543K(8896K)->8543K(8896K)
[2026-04-03T06:44:52.715+0600][43.486s][info][gc             ] GC(127) Pause Young (Normal) (G1 Evacuation Pause) 131M->19M(192M) 1.859ms
[2026-04-03T06:44:52.715+0600][43.486s][info][gc,cpu         ] GC(127) User=0.01s Sys=0.00s Real=0.00s
[2026-04-03T06:44:52.900+0600][43.671s][info][gc,start       ] GC(128) Pause Young (Normal) (G1 Evacuation Pause)
[2026-04-03T06:44:52.900+0600][43.671s][info][gc,task        ] GC(128) Using 10 workers of 10 for evacuation
[2026-04-03T06:44:52.902+0600][43.673s][info][gc,phases      ] GC(128)   Pre Evacuate Collection Set: 0.26ms
[2026-04-03T06:44:52.902+0600][43.673s][info][gc,phases      ] GC(128)   Merge Heap Roots: 0.19ms
[2026-04-03T06:44:52.902+0600][43.673s][info][gc,phases      ] GC(128)   Evacuate Collection Set: 0.88ms
[2026-04-03T06:44:52.902+0600][43.673s][info][gc,phases      ] GC(128)   Post Evacuate Collection Set: 0.52ms
[2026-04-03T06:44:52.902+0600][43.673s][info][gc,phases      ] GC(128)   Other: 0.12ms
[2026-04-03T06:44:52.903+0600][43.673s][info][gc,heap        ] GC(128) Eden regions: 56->0(56)
[2026-04-03T06:44:52.903+0600][43.673s][info][gc,heap        ] GC(128) Survivor regions: 1->1(8)
[2026-04-03T06:44:52.903+0600][43.673s][info][gc,heap        ] GC(128) Old regions: 14->14
[2026-04-03T06:44:52.903+0600][43.673s][info][gc,heap        ] GC(128) Humongous regions: 0->0
[2026-04-03T06:44:52.903+0600][43.673s][info][gc,metaspace   ] GC(128) Metaspace: 55217K(56128K)->55217K(56128K) NonClass: 46673K(47232K)->46673K(47232K) Class: 8544K(8896K)->8544K(8896K)
[2026-04-03T06:44:52.903+0600][43.673s][info][gc             ] GC(128) Pause Young (Normal) (G1 Evacuation Pause) 131M->19M(192M) 2.407ms
[2026-04-03T06:44:52.903+0600][43.674s][info][gc,cpu         ] GC(128) User=0.01s Sys=0.00s Real=0.00s
[2026-04-03T06:44:52.964+0600][43.735s][info][gc,start       ] GC(129) Pause Full (System.gc())
[2026-04-03T06:44:52.965+0600][43.735s][info][gc,task        ] GC(129) Using 7 workers of 10 for full compaction
[2026-04-03T06:44:52.965+0600][43.736s][info][gc,phases,start] GC(129) Phase 1: Mark live objects
[2026-04-03T06:44:52.991+0600][43.762s][info][gc,phases      ] GC(129) Phase 1: Mark live objects 26.502ms
[2026-04-03T06:44:52.991+0600][43.762s][info][gc,phases,start] GC(129) Phase 2: Prepare compaction
[2026-04-03T06:44:52.993+0600][43.764s][info][gc,phases      ] GC(129) Phase 2: Prepare compaction 1.848ms
[2026-04-03T06:44:52.993+0600][43.764s][info][gc,phases,start] GC(129) Phase 3: Adjust pointers
[2026-04-03T06:44:53.006+0600][43.777s][info][gc,phases      ] GC(129) Phase 3: Adjust pointers 12.451ms
[2026-04-03T06:44:53.006+0600][43.777s][info][gc,phases,start] GC(129) Phase 4: Compact heap
[2026-04-03T06:44:53.007+0600][43.778s][info][gc,phases      ] GC(129) Phase 4: Compact heap 1.487ms
[2026-04-03T06:44:53.007+0600][43.778s][info][gc,phases,start] GC(129) Phase 5: Reset Metadata
[2026-04-03T06:44:53.010+0600][43.780s][info][gc,phases      ] GC(129) Phase 5: Reset Metadata 2.264ms
[2026-04-03T06:44:53.017+0600][43.787s][info][gc,heap        ] GC(129) Eden regions: 10->0(24)
[2026-04-03T06:44:53.017+0600][43.788s][info][gc,heap        ] GC(129) Survivor regions: 1->0(8)
[2026-04-03T06:44:53.017+0600][43.788s][info][gc,heap        ] GC(129) Old regions: 14->12
[2026-04-03T06:44:53.017+0600][43.788s][info][gc,heap        ] GC(129) Humongous regions: 0->0
[2026-04-03T06:44:53.017+0600][43.788s][info][gc,metaspace   ] GC(129) Metaspace: 55233K(56128K)->55224K(56128K) NonClass: 46689K(47232K)->46683K(47232K) Class: 8544K(8896K)->8541K(8896K)
[2026-04-03T06:44:53.017+0600][43.788s][info][gc             ] GC(129) Pause Full (System.gc()) 39M->18M(80M) 52.352ms
[2026-04-03T06:44:53.017+0600][43.788s][info][gc,cpu         ] GC(129) User=0.20s Sys=0.02s Real=0.05s
[2026-04-03T06:44:53.156+0600][43.927s][info][gc,start       ] GC(130) Pause Young (Normal) (G1 Evacuation Pause)
[2026-04-03T06:44:53.156+0600][43.927s][info][gc,task        ] GC(130) Using 10 workers of 10 for evacuation
[2026-04-03T06:44:53.159+0600][43.930s][info][gc,phases      ] GC(130)   Pre Evacuate Collection Set: 0.28ms
[2026-04-03T06:44:53.159+0600][43.930s][info][gc,phases      ] GC(130)   Merge Heap Roots: 0.16ms
[2026-04-03T06:44:53.159+0600][43.930s][info][gc,phases      ] GC(130)   Evacuate Collection Set: 1.73ms
[2026-04-03T06:44:53.159+0600][43.930s][info][gc,phases      ] GC(130)   Post Evacuate Collection Set: 0.70ms
[2026-04-03T06:44:53.159+0600][43.930s][info][gc,phases      ] GC(130)   Other: 0.11ms
[2026-04-03T06:44:53.159+0600][43.930s][info][gc,heap        ] GC(130) Eden regions: 24->0(47)
[2026-04-03T06:44:53.159+0600][43.930s][info][gc,heap        ] GC(130) Survivor regions: 0->1(3)
[2026-04-03T06:44:53.159+0600][43.930s][info][gc,heap        ] GC(130) Old regions: 12->12
[2026-04-03T06:44:53.159+0600][43.930s][info][gc,heap        ] GC(130) Humongous regions: 0->0
[2026-04-03T06:44:53.159+0600][43.930s][info][gc,metaspace   ] GC(130) Metaspace: 55252K(56128K)->55252K(56128K) NonClass: 46711K(47232K)->46711K(47232K) Class: 8541K(8896K)->8541K(8896K)
[2026-04-03T06:44:53.159+0600][43.930s][info][gc             ] GC(130) Pause Young (Normal) (G1 Evacuation Pause) 66M->19M(160M) 3.411ms
[2026-04-03T06:44:53.159+0600][43.930s][info][gc,cpu         ] GC(130) User=0.03s Sys=0.00s Real=0.00s
[2026-04-03T06:44:53.351+0600][44.121s][info][gc,start       ] GC(131) Pause Young (Normal) (G1 Evacuation Pause)
[2026-04-03T06:44:53.351+0600][44.122s][info][gc,task        ] GC(131) Using 10 workers of 10 for evacuation
[2026-04-03T06:44:53.353+0600][44.124s][info][gc,phases      ] GC(131)   Pre Evacuate Collection Set: 0.17ms
[2026-04-03T06:44:53.353+0600][44.124s][info][gc,phases      ] GC(131)   Merge Heap Roots: 0.13ms
[2026-04-03T06:44:53.353+0600][44.124s][info][gc,phases      ] GC(131)   Evacuate Collection Set: 1.22ms
[2026-04-03T06:44:53.353+0600][44.124s][info][gc,phases      ] GC(131)   Post Evacuate Collection Set: 0.38ms
[2026-04-03T06:44:53.353+0600][44.124s][info][gc,phases      ] GC(131)   Other: 0.09ms
[2026-04-03T06:44:53.353+0600][44.124s][info][gc,heap        ] GC(131) Eden regions: 47->0(47)
[2026-04-03T06:44:53.353+0600][44.124s][info][gc,heap        ] GC(131) Survivor regions: 1->1(6)
[2026-04-03T06:44:53.353+0600][44.124s][info][gc,heap        ] GC(131) Old regions: 12->12
[2026-04-03T06:44:53.353+0600][44.124s][info][gc,heap        ] GC(131) Humongous regions: 0->0
[2026-04-03T06:44:53.353+0600][44.124s][info][gc,metaspace   ] GC(131) Metaspace: 55252K(56128K)->55252K(56128K) NonClass: 46711K(47232K)->46711K(47232K) Class: 8541K(8896K)->8541K(8896K)
[2026-04-03T06:44:53.353+0600][44.124s][info][gc             ] GC(131) Pause Young (Normal) (G1 Evacuation Pause) 113M->19M(160M) 2.357ms
[2026-04-03T06:44:53.353+0600][44.124s][info][gc,cpu         ] GC(131) User=0.01s Sys=0.00s Real=0.00s
[2026-04-03T06:44:53.492+0600][44.263s][info][gc,start       ] GC(132) Pause Young (Normal) (G1 Evacuation Pause)
[2026-04-03T06:44:53.492+0600][44.263s][info][gc,task        ] GC(132) Using 10 workers of 10 for evacuation
[2026-04-03T06:44:53.495+0600][44.266s][info][gc,phases      ] GC(132)   Pre Evacuate Collection Set: 0.18ms
[2026-04-03T06:44:53.495+0600][44.266s][info][gc,phases      ] GC(132)   Merge Heap Roots: 0.14ms
[2026-04-03T06:44:53.495+0600][44.266s][info][gc,phases      ] GC(132)   Evacuate Collection Set: 1.27ms
[2026-04-03T06:44:53.495+0600][44.266s][info][gc,phases      ] GC(132)   Post Evacuate Collection Set: 0.65ms
[2026-04-03T06:44:53.495+0600][44.266s][info][gc,phases      ] GC(132)   Other: 0.10ms
[2026-04-03T06:44:53.495+0600][44.266s][info][gc,heap        ] GC(132) Eden regions: 47->0(47)
[2026-04-03T06:44:53.495+0600][44.266s][info][gc,heap        ] GC(132) Survivor regions: 1->1(6)
[2026-04-03T06:44:53.495+0600][44.266s][info][gc,heap        ] GC(132) Old regions: 12->12
[2026-04-03T06:44:53.495+0600][44.266s][info][gc,heap        ] GC(132) Humongous regions: 0->0
[2026-04-03T06:44:53.495+0600][44.266s][info][gc,metaspace   ] GC(132) Metaspace: 55252K(56128K)->55252K(56128K) NonClass: 46711K(47232K)->46711K(47232K) Class: 8541K(8896K)->8541K(8896K)
[2026-04-03T06:44:53.495+0600][44.266s][info][gc             ] GC(132) Pause Young (Normal) (G1 Evacuation Pause) 113M->19M(160M) 2.677ms
[2026-04-03T06:44:53.495+0600][44.266s][info][gc,cpu         ] GC(132) User=0.01s Sys=0.00s Real=0.01s
[2026-04-03T06:44:53.620+0600][44.391s][info][gc,start       ] GC(133) Pause Young (Normal) (G1 Evacuation Pause)
[2026-04-03T06:44:53.620+0600][44.391s][info][gc,task        ] GC(133) Using 10 workers of 10 for evacuation
[2026-04-03T06:44:53.623+0600][44.394s][info][gc,phases      ] GC(133)   Pre Evacuate Collection Set: 0.19ms
[2026-04-03T06:44:53.623+0600][44.394s][info][gc,phases      ] GC(133)   Merge Heap Roots: 0.11ms
[2026-04-03T06:44:53.623+0600][44.394s][info][gc,phases      ] GC(133)   Evacuate Collection Set: 2.46ms
[2026-04-03T06:44:53.623+0600][44.394s][info][gc,phases      ] GC(133)   Post Evacuate Collection Set: 0.47ms
[2026-04-03T06:44:53.623+0600][44.394s][info][gc,phases      ] GC(133)   Other: 0.11ms
[2026-04-03T06:44:53.623+0600][44.394s][info][gc,heap        ] GC(133) Eden regions: 47->0(47)
[2026-04-03T06:44:53.623+0600][44.394s][info][gc,heap        ] GC(133) Survivor regions: 1->1(6)
[2026-04-03T06:44:53.623+0600][44.394s][info][gc,heap        ] GC(133) Old regions: 12->12
[2026-04-03T06:44:53.623+0600][44.394s][info][gc,heap        ] GC(133) Humongous regions: 0->0
[2026-04-03T06:44:53.623+0600][44.394s][info][gc,metaspace   ] GC(133) Metaspace: 55252K(56128K)->55252K(56128K) NonClass: 46711K(47232K)->46711K(47232K) Class: 8541K(8896K)->8541K(8896K)
[2026-04-03T06:44:53.624+0600][44.394s][info][gc             ] GC(133) Pause Young (Normal) (G1 Evacuation Pause) 113M->19M(160M) 3.684ms
[2026-04-03T06:44:53.624+0600][44.394s][info][gc,cpu         ] GC(133) User=0.02s Sys=0.00s Real=0.01s
[2026-04-03T06:44:53.746+0600][44.517s][info][gc,start       ] GC(134) Pause Young (Normal) (G1 Evacuation Pause)
[2026-04-03T06:44:53.746+0600][44.517s][info][gc,task        ] GC(134) Using 10 workers of 10 for evacuation
[2026-04-03T06:44:53.748+0600][44.519s][info][gc,phases      ] GC(134)   Pre Evacuate Collection Set: 0.18ms
[2026-04-03T06:44:53.748+0600][44.519s][info][gc,phases      ] GC(134)   Merge Heap Roots: 0.17ms
[2026-04-03T06:44:53.748+0600][44.519s][info][gc,phases      ] GC(134)   Evacuate Collection Set: 1.22ms
[2026-04-03T06:44:53.748+0600][44.519s][info][gc,phases      ] GC(134)   Post Evacuate Collection Set: 0.79ms
[2026-04-03T06:44:53.748+0600][44.519s][info][gc,phases      ] GC(134)   Other: 0.12ms
[2026-04-03T06:44:53.748+0600][44.519s][info][gc,heap        ] GC(134) Eden regions: 47->0(56)
[2026-04-03T06:44:53.748+0600][44.519s][info][gc,heap        ] GC(134) Survivor regions: 1->1(6)
[2026-04-03T06:44:53.749+0600][44.519s][info][gc,heap        ] GC(134) Old regions: 12->12
[2026-04-03T06:44:53.749+0600][44.519s][info][gc,heap        ] GC(134) Humongous regions: 0->0
[2026-04-03T06:44:53.749+0600][44.519s][info][gc,metaspace   ] GC(134) Metaspace: 55252K(56128K)->55252K(56128K) NonClass: 46711K(47232K)->46711K(47232K) Class: 8541K(8896K)->8541K(8896K)
[2026-04-03T06:44:53.749+0600][44.519s][info][gc             ] GC(134) Pause Young (Normal) (G1 Evacuation Pause) 113M->19M(192M) 2.840ms
[2026-04-03T06:44:53.749+0600][44.519s][info][gc,cpu         ] GC(134) User=0.02s Sys=0.00s Real=0.00s
[2026-04-03T06:44:53.919+0600][44.690s][info][gc,start       ] GC(135) Pause Young (Normal) (G1 Evacuation Pause)
[2026-04-03T06:44:53.919+0600][44.690s][info][gc,task        ] GC(135) Using 10 workers of 10 for evacuation
[2026-04-03T06:44:53.921+0600][44.692s][info][gc,phases      ] GC(135)   Pre Evacuate Collection Set: 0.21ms
[2026-04-03T06:44:53.921+0600][44.692s][info][gc,phases      ] GC(135)   Merge Heap Roots: 0.16ms
[2026-04-03T06:44:53.921+0600][44.692s][info][gc,phases      ] GC(135)   Evacuate Collection Set: 1.31ms
[2026-04-03T06:44:53.921+0600][44.692s][info][gc,phases      ] GC(135)   Post Evacuate Collection Set: 0.44ms
[2026-04-03T06:44:53.921+0600][44.692s][info][gc,phases      ] GC(135)   Other: 0.12ms
[2026-04-03T06:44:53.921+0600][44.692s][info][gc,heap        ] GC(135) Eden regions: 56->0(56)
[2026-04-03T06:44:53.921+0600][44.692s][info][gc,heap        ] GC(135) Survivor regions: 1->1(8)
[2026-04-03T06:44:53.921+0600][44.692s][info][gc,heap        ] GC(135) Old regions: 12->12
[2026-04-03T06:44:53.921+0600][44.692s][info][gc,heap        ] GC(135) Humongous regions: 0->0
[2026-04-03T06:44:53.921+0600][44.692s][info][gc,metaspace   ] GC(135) Metaspace: 55252K(56128K)->55252K(56128K) NonClass: 46711K(47232K)->46711K(47232K) Class: 8541K(8896K)->8541K(8896K)
[2026-04-03T06:44:53.922+0600][44.692s][info][gc             ] GC(135) Pause Young (Normal) (G1 Evacuation Pause) 131M->19M(192M) 2.702ms
[2026-04-03T06:44:53.922+0600][44.692s][info][gc,cpu         ] GC(135) User=0.02s Sys=0.00s Real=0.00s
[2026-04-03T06:44:54.081+0600][44.852s][info][gc,start       ] GC(136) Pause Young (Normal) (G1 Evacuation Pause)
[2026-04-03T06:44:54.081+0600][44.852s][info][gc,task        ] GC(136) Using 10 workers of 10 for evacuation
[2026-04-03T06:44:54.083+0600][44.854s][info][gc,phases      ] GC(136)   Pre Evacuate Collection Set: 0.19ms
[2026-04-03T06:44:54.083+0600][44.854s][info][gc,phases      ] GC(136)   Merge Heap Roots: 0.14ms
[2026-04-03T06:44:54.083+0600][44.854s][info][gc,phases      ] GC(136)   Evacuate Collection Set: 1.26ms
[2026-04-03T06:44:54.083+0600][44.854s][info][gc,phases      ] GC(136)   Post Evacuate Collection Set: 0.43ms
[2026-04-03T06:44:54.083+0600][44.854s][info][gc,phases      ] GC(136)   Other: 0.11ms
[2026-04-03T06:44:54.083+0600][44.854s][info][gc,heap        ] GC(136) Eden regions: 56->0(56)
[2026-04-03T06:44:54.083+0600][44.854s][info][gc,heap        ] GC(136) Survivor regions: 1->1(8)
[2026-04-03T06:44:54.083+0600][44.854s][info][gc,heap        ] GC(136) Old regions: 12->12
[2026-04-03T06:44:54.083+0600][44.854s][info][gc,heap        ] GC(136) Humongous regions: 0->0
[2026-04-03T06:44:54.083+0600][44.854s][info][gc,metaspace   ] GC(136) Metaspace: 55252K(56128K)->55252K(56128K) NonClass: 46711K(47232K)->46711K(47232K) Class: 8541K(8896K)->8541K(8896K)
[2026-04-03T06:44:54.083+0600][44.854s][info][gc             ] GC(136) Pause Young (Normal) (G1 Evacuation Pause) 131M->19M(192M) 2.588ms
[2026-04-03T06:44:54.083+0600][44.854s][info][gc,cpu         ] GC(136) User=0.01s Sys=0.00s Real=0.01s
[2026-04-03T06:44:54.227+0600][44.998s][info][gc,start       ] GC(137) Pause Young (Normal) (G1 Evacuation Pause)
[2026-04-03T06:44:54.227+0600][44.998s][info][gc,task        ] GC(137) Using 10 workers of 10 for evacuation
[2026-04-03T06:44:54.230+0600][45.000s][info][gc,phases      ] GC(137)   Pre Evacuate Collection Set: 0.18ms
[2026-04-03T06:44:54.230+0600][45.001s][info][gc,phases      ] GC(137)   Merge Heap Roots: 0.13ms
[2026-04-03T06:44:54.230+0600][45.001s][info][gc,phases      ] GC(137)   Evacuate Collection Set: 1.25ms
[2026-04-03T06:44:54.230+0600][45.001s][info][gc,phases      ] GC(137)   Post Evacuate Collection Set: 0.59ms
[2026-04-03T06:44:54.230+0600][45.001s][info][gc,phases      ] GC(137)   Other: 0.10ms
[2026-04-03T06:44:54.230+0600][45.001s][info][gc,heap        ] GC(137) Eden regions: 56->0(56)
[2026-04-03T06:44:54.230+0600][45.001s][info][gc,heap        ] GC(137) Survivor regions: 1->1(8)
[2026-04-03T06:44:54.230+0600][45.001s][info][gc,heap        ] GC(137) Old regions: 12->12
[2026-04-03T06:44:54.230+0600][45.001s][info][gc,heap        ] GC(137) Humongous regions: 0->0
[2026-04-03T06:44:54.230+0600][45.001s][info][gc,metaspace   ] GC(137) Metaspace: 55252K(56128K)->55252K(56128K) NonClass: 46711K(47232K)->46711K(47232K) Class: 8541K(8896K)->8541K(8896K)
[2026-04-03T06:44:54.230+0600][45.001s][info][gc             ] GC(137) Pause Young (Normal) (G1 Evacuation Pause) 131M->19M(192M) 2.617ms
[2026-04-03T06:44:54.230+0600][45.001s][info][gc,cpu         ] GC(137) User=0.02s Sys=0.00s Real=0.00s
[2026-04-03T06:44:54.377+0600][45.148s][info][gc,start       ] GC(138) Pause Young (Normal) (G1 Evacuation Pause)
[2026-04-03T06:44:54.378+0600][45.148s][info][gc,task        ] GC(138) Using 10 workers of 10 for evacuation
[2026-04-03T06:44:54.380+0600][45.151s][info][gc,phases      ] GC(138)   Pre Evacuate Collection Set: 0.17ms
[2026-04-03T06:44:54.380+0600][45.151s][info][gc,phases      ] GC(138)   Merge Heap Roots: 0.13ms
[2026-04-03T06:44:54.380+0600][45.151s][info][gc,phases      ] GC(138)   Evacuate Collection Set: 1.20ms
[2026-04-03T06:44:54.380+0600][45.151s][info][gc,phases      ] GC(138)   Post Evacuate Collection Set: 0.72ms
[2026-04-03T06:44:54.380+0600][45.151s][info][gc,phases      ] GC(138)   Other: 0.10ms
[2026-04-03T06:44:54.380+0600][45.151s][info][gc,heap        ] GC(138) Eden regions: 56->0(68)
[2026-04-03T06:44:54.380+0600][45.151s][info][gc,heap        ] GC(138) Survivor regions: 1->1(8)
[2026-04-03T06:44:54.380+0600][45.151s][info][gc,heap        ] GC(138) Old regions: 12->12
[2026-04-03T06:44:54.380+0600][45.151s][info][gc,heap        ] GC(138) Humongous regions: 0->0
[2026-04-03T06:44:54.380+0600][45.151s][info][gc,metaspace   ] GC(138) Metaspace: 55252K(56128K)->55252K(56128K) NonClass: 46711K(47232K)->46711K(47232K) Class: 8541K(8896K)->8541K(8896K)
[2026-04-03T06:44:54.380+0600][45.151s][info][gc             ] GC(138) Pause Young (Normal) (G1 Evacuation Pause) 131M->19M(232M) 2.760ms
[2026-04-03T06:44:54.380+0600][45.151s][info][gc,cpu         ] GC(138) User=0.01s Sys=0.00s Real=0.00s
[2026-04-03T06:44:54.577+0600][45.348s][info][gc,start       ] GC(139) Pause Young (Normal) (G1 Evacuation Pause)
[2026-04-03T06:44:54.577+0600][45.348s][info][gc,task        ] GC(139) Using 10 workers of 10 for evacuation
[2026-04-03T06:44:54.579+0600][45.350s][info][gc,phases      ] GC(139)   Pre Evacuate Collection Set: 0.19ms
[2026-04-03T06:44:54.579+0600][45.350s][info][gc,phases      ] GC(139)   Merge Heap Roots: 0.14ms
[2026-04-03T06:44:54.579+0600][45.350s][info][gc,phases      ] GC(139)   Evacuate Collection Set: 1.20ms
[2026-04-03T06:44:54.579+0600][45.350s][info][gc,phases      ] GC(139)   Post Evacuate Collection Set: 0.44ms
[2026-04-03T06:44:54.579+0600][45.350s][info][gc,phases      ] GC(139)   Other: 0.10ms
[2026-04-03T06:44:54.579+0600][45.350s][info][gc,heap        ] GC(139) Eden regions: 68->0(68)
[2026-04-03T06:44:54.579+0600][45.350s][info][gc,heap        ] GC(139) Survivor regions: 1->1(9)
[2026-04-03T06:44:54.579+0600][45.350s][info][gc,heap        ] GC(139) Old regions: 12->12
[2026-04-03T06:44:54.580+0600][45.350s][info][gc,heap        ] GC(139) Humongous regions: 0->0
[2026-04-03T06:44:54.580+0600][45.350s][info][gc,metaspace   ] GC(139) Metaspace: 55252K(56128K)->55252K(56128K) NonClass: 46711K(47232K)->46711K(47232K) Class: 8541K(8896K)->8541K(8896K)
[2026-04-03T06:44:54.580+0600][45.350s][info][gc             ] GC(139) Pause Young (Normal) (G1 Evacuation Pause) 155M->19M(232M) 2.458ms
[2026-04-03T06:44:54.580+0600][45.350s][info][gc,cpu         ] GC(139) User=0.02s Sys=0.00s Real=0.00s
[2026-04-03T06:44:54.753+0600][45.524s][info][gc,start       ] GC(140) Pause Young (Normal) (G1 Evacuation Pause)
[2026-04-03T06:44:54.753+0600][45.524s][info][gc,task        ] GC(140) Using 10 workers of 10 for evacuation
[2026-04-03T06:44:54.755+0600][45.526s][info][gc,phases      ] GC(140)   Pre Evacuate Collection Set: 0.25ms
[2026-04-03T06:44:54.755+0600][45.526s][info][gc,phases      ] GC(140)   Merge Heap Roots: 0.13ms
[2026-04-03T06:44:54.755+0600][45.526s][info][gc,phases      ] GC(140)   Evacuate Collection Set: 1.12ms
[2026-04-03T06:44:54.755+0600][45.526s][info][gc,phases      ] GC(140)   Post Evacuate Collection Set: 0.38ms
[2026-04-03T06:44:54.755+0600][45.526s][info][gc,phases      ] GC(140)   Other: 0.09ms
[2026-04-03T06:44:54.755+0600][45.526s][info][gc,heap        ] GC(140) Eden regions: 68->0(68)
[2026-04-03T06:44:54.755+0600][45.526s][info][gc,heap        ] GC(140) Survivor regions: 1->1(9)
[2026-04-03T06:44:54.755+0600][45.526s][info][gc,heap        ] GC(140) Old regions: 12->12
[2026-04-03T06:44:54.755+0600][45.526s][info][gc,heap        ] GC(140) Humongous regions: 0->0
[2026-04-03T06:44:54.755+0600][45.526s][info][gc,metaspace   ] GC(140) Metaspace: 55252K(56128K)->55252K(56128K) NonClass: 46711K(47232K)->46711K(47232K) Class: 8541K(8896K)->8541K(8896K)
[2026-04-03T06:44:54.755+0600][45.526s][info][gc             ] GC(140) Pause Young (Normal) (G1 Evacuation Pause) 155M->19M(232M) 2.283ms
[2026-04-03T06:44:54.755+0600][45.526s][info][gc,cpu         ] GC(140) User=0.02s Sys=0.00s Real=0.01s
[2026-04-03T06:44:54.930+0600][45.701s][info][gc,start       ] GC(141) Pause Young (Normal) (G1 Evacuation Pause)
[2026-04-03T06:44:54.930+0600][45.701s][info][gc,task        ] GC(141) Using 10 workers of 10 for evacuation
[2026-04-03T06:44:54.932+0600][45.703s][info][gc,phases      ] GC(141)   Pre Evacuate Collection Set: 0.18ms
[2026-04-03T06:44:54.932+0600][45.703s][info][gc,phases      ] GC(141)   Merge Heap Roots: 0.14ms
[2026-04-03T06:44:54.932+0600][45.703s][info][gc,phases      ] GC(141)   Evacuate Collection Set: 1.18ms
[2026-04-03T06:44:54.932+0600][45.703s][info][gc,phases      ] GC(141)   Post Evacuate Collection Set: 0.38ms
[2026-04-03T06:44:54.932+0600][45.703s][info][gc,phases      ] GC(141)   Other: 0.09ms
[2026-04-03T06:44:54.932+0600][45.703s][info][gc,heap        ] GC(141) Eden regions: 68->0(68)
[2026-04-03T06:44:54.932+0600][45.703s][info][gc,heap        ] GC(141) Survivor regions: 1->1(9)
[2026-04-03T06:44:54.932+0600][45.703s][info][gc,heap        ] GC(141) Old regions: 12->12
[2026-04-03T06:44:54.932+0600][45.703s][info][gc,heap        ] GC(141) Humongous regions: 0->0
[2026-04-03T06:44:54.932+0600][45.703s][info][gc,metaspace   ] GC(141) Metaspace: 55252K(56128K)->55252K(56128K) NonClass: 46711K(47232K)->46711K(47232K) Class: 8541K(8896K)->8541K(8896K)
[2026-04-03T06:44:54.932+0600][45.703s][info][gc             ] GC(141) Pause Young (Normal) (G1 Evacuation Pause) 155M->19M(232M) 2.286ms
[2026-04-03T06:44:54.932+0600][45.703s][info][gc,cpu         ] GC(141) User=0.01s Sys=0.00s Real=0.00s
[2026-04-03T06:44:55.107+0600][45.877s][info][gc,start       ] GC(142) Pause Young (Normal) (G1 Evacuation Pause)
[2026-04-03T06:44:55.107+0600][45.877s][info][gc,task        ] GC(142) Using 10 workers of 10 for evacuation
[2026-04-03T06:44:55.109+0600][45.880s][info][gc,phases      ] GC(142)   Pre Evacuate Collection Set: 0.20ms
[2026-04-03T06:44:55.109+0600][45.880s][info][gc,phases      ] GC(142)   Merge Heap Roots: 0.12ms
[2026-04-03T06:44:55.109+0600][45.880s][info][gc,phases      ] GC(142)   Evacuate Collection Set: 1.20ms
[2026-04-03T06:44:55.109+0600][45.880s][info][gc,phases      ] GC(142)   Post Evacuate Collection Set: 0.65ms
[2026-04-03T06:44:55.109+0600][45.880s][info][gc,phases      ] GC(142)   Other: 0.10ms
[2026-04-03T06:44:55.109+0600][45.880s][info][gc,heap        ] GC(142) Eden regions: 68->0(83)
[2026-04-03T06:44:55.109+0600][45.880s][info][gc,heap        ] GC(142) Survivor regions: 1->1(9)
[2026-04-03T06:44:55.109+0600][45.880s][info][gc,heap        ] GC(142) Old regions: 12->12
[2026-04-03T06:44:55.109+0600][45.880s][info][gc,heap        ] GC(142) Humongous regions: 0->0
[2026-04-03T06:44:55.109+0600][45.880s][info][gc,metaspace   ] GC(142) Metaspace: 55252K(56128K)->55252K(56128K) NonClass: 46711K(47232K)->46711K(47232K) Class: 8541K(8896K)->8541K(8896K)
[2026-04-03T06:44:55.109+0600][45.880s][info][gc             ] GC(142) Pause Young (Normal) (G1 Evacuation Pause) 155M->19M(280M) 2.618ms
[2026-04-03T06:44:55.109+0600][45.880s][info][gc,cpu         ] GC(142) User=0.01s Sys=0.00s Real=0.00s
[2026-04-03T06:44:55.339+0600][46.110s][info][gc,start       ] GC(143) Pause Young (Normal) (G1 Evacuation Pause)
[2026-04-03T06:44:55.339+0600][46.110s][info][gc,task        ] GC(143) Using 10 workers of 10 for evacuation
[2026-04-03T06:44:55.342+0600][46.113s][info][gc,phases      ] GC(143)   Pre Evacuate Collection Set: 1.06ms
[2026-04-03T06:44:55.342+0600][46.113s][info][gc,phases      ] GC(143)   Merge Heap Roots: 0.14ms
[2026-04-03T06:44:55.342+0600][46.113s][info][gc,phases      ] GC(143)   Evacuate Collection Set: 1.19ms
[2026-04-03T06:44:55.342+0600][46.113s][info][gc,phases      ] GC(143)   Post Evacuate Collection Set: 0.52ms
[2026-04-03T06:44:55.342+0600][46.113s][info][gc,phases      ] GC(143)   Other: 0.20ms
[2026-04-03T06:44:55.342+0600][46.113s][info][gc,heap        ] GC(143) Eden regions: 83->0(83)
[2026-04-03T06:44:55.343+0600][46.113s][info][gc,heap        ] GC(143) Survivor regions: 1->1(11)
[2026-04-03T06:44:55.343+0600][46.113s][info][gc,heap        ] GC(143) Old regions: 12->12
[2026-04-03T06:44:55.343+0600][46.113s][info][gc,heap        ] GC(143) Humongous regions: 0->0
[2026-04-03T06:44:55.343+0600][46.113s][info][gc,metaspace   ] GC(143) Metaspace: 55252K(56128K)->55252K(56128K) NonClass: 46711K(47232K)->46711K(47232K) Class: 8541K(8896K)->8541K(8896K)
[2026-04-03T06:44:55.343+0600][46.113s][info][gc             ] GC(143) Pause Young (Normal) (G1 Evacuation Pause) 185M->19M(280M) 3.548ms
[2026-04-03T06:44:55.343+0600][46.113s][info][gc,cpu         ] GC(143) User=0.02s Sys=0.00s Real=0.00s
[2026-04-03T06:44:55.662+0600][46.433s][info][gc,start       ] GC(144) Pause Young (Normal) (G1 Evacuation Pause)
[2026-04-03T06:44:55.663+0600][46.433s][info][gc,task        ] GC(144) Using 10 workers of 10 for evacuation
[2026-04-03T06:44:55.665+0600][46.436s][info][gc,phases      ] GC(144)   Pre Evacuate Collection Set: 0.22ms
[2026-04-03T06:44:55.665+0600][46.436s][info][gc,phases      ] GC(144)   Merge Heap Roots: 0.18ms
[2026-04-03T06:44:55.665+0600][46.436s][info][gc,phases      ] GC(144)   Evacuate Collection Set: 1.51ms
[2026-04-03T06:44:55.665+0600][46.436s][info][gc,phases      ] GC(144)   Post Evacuate Collection Set: 0.58ms
[2026-04-03T06:44:55.665+0600][46.436s][info][gc,phases      ] GC(144)   Other: 0.13ms
[2026-04-03T06:44:55.665+0600][46.436s][info][gc,heap        ] GC(144) Eden regions: 83->0(83)
[2026-04-03T06:44:55.665+0600][46.436s][info][gc,heap        ] GC(144) Survivor regions: 1->1(11)
[2026-04-03T06:44:55.665+0600][46.436s][info][gc,heap        ] GC(144) Old regions: 12->12
[2026-04-03T06:44:55.665+0600][46.436s][info][gc,heap        ] GC(144) Humongous regions: 0->0
[2026-04-03T06:44:55.666+0600][46.436s][info][gc,metaspace   ] GC(144) Metaspace: 55252K(56128K)->55252K(56128K) NonClass: 46711K(47232K)->46711K(47232K) Class: 8541K(8896K)->8541K(8896K)
[2026-04-03T06:44:55.666+0600][46.436s][info][gc             ] GC(144) Pause Young (Normal) (G1 Evacuation Pause) 185M->19M(280M) 3.224ms
[2026-04-03T06:44:55.666+0600][46.436s][info][gc,cpu         ] GC(144) User=0.02s Sys=0.00s Real=0.01s
[2026-04-03T06:44:55.896+0600][46.667s][info][gc,start       ] GC(145) Pause Young (Normal) (G1 Evacuation Pause)
[2026-04-03T06:44:55.896+0600][46.667s][info][gc,task        ] GC(145) Using 10 workers of 10 for evacuation
[2026-04-03T06:44:55.899+0600][46.670s][info][gc,phases      ] GC(145)   Pre Evacuate Collection Set: 0.18ms
[2026-04-03T06:44:55.899+0600][46.670s][info][gc,phases      ] GC(145)   Merge Heap Roots: 0.13ms
[2026-04-03T06:44:55.899+0600][46.670s][info][gc,phases      ] GC(145)   Evacuate Collection Set: 2.32ms
[2026-04-03T06:44:55.899+0600][46.670s][info][gc,phases      ] GC(145)   Post Evacuate Collection Set: 0.39ms
[2026-04-03T06:44:55.899+0600][46.670s][info][gc,phases      ] GC(145)   Other: 0.10ms
[2026-04-03T06:44:55.899+0600][46.670s][info][gc,heap        ] GC(145) Eden regions: 83->0(83)
[2026-04-03T06:44:55.899+0600][46.670s][info][gc,heap        ] GC(145) Survivor regions: 1->1(11)
[2026-04-03T06:44:55.899+0600][46.670s][info][gc,heap        ] GC(145) Old regions: 12->13
[2026-04-03T06:44:55.899+0600][46.670s][info][gc,heap        ] GC(145) Humongous regions: 0->0
[2026-04-03T06:44:55.899+0600][46.670s][info][gc,metaspace   ] GC(145) Metaspace: 55252K(56128K)->55252K(56128K) NonClass: 46711K(47232K)->46711K(47232K) Class: 8541K(8896K)->8541K(8896K)
[2026-04-03T06:44:55.900+0600][46.670s][info][gc             ] GC(145) Pause Young (Normal) (G1 Evacuation Pause) 185M->19M(280M) 3.476ms
[2026-04-03T06:44:55.900+0600][46.670s][info][gc,cpu         ] GC(145) User=0.02s Sys=0.00s Real=0.00s
[2026-04-03T06:44:56.120+0600][46.891s][info][gc,start       ] GC(146) Pause Young (Normal) (G1 Evacuation Pause)
[2026-04-03T06:44:56.120+0600][46.891s][info][gc,task        ] GC(146) Using 10 workers of 10 for evacuation
[2026-04-03T06:44:56.123+0600][46.894s][info][gc,phases      ] GC(146)   Pre Evacuate Collection Set: 0.20ms
[2026-04-03T06:44:56.123+0600][46.894s][info][gc,phases      ] GC(146)   Merge Heap Roots: 0.14ms
[2026-04-03T06:44:56.123+0600][46.894s][info][gc,phases      ] GC(146)   Evacuate Collection Set: 2.07ms
[2026-04-03T06:44:56.123+0600][46.894s][info][gc,phases      ] GC(146)   Post Evacuate Collection Set: 0.65ms
[2026-04-03T06:44:56.123+0600][46.894s][info][gc,phases      ] GC(146)   Other: 0.09ms
[2026-04-03T06:44:56.123+0600][46.894s][info][gc,heap        ] GC(146) Eden regions: 83->0(83)
[2026-04-03T06:44:56.123+0600][46.894s][info][gc,heap        ] GC(146) Survivor regions: 1->1(11)
[2026-04-03T06:44:56.123+0600][46.894s][info][gc,heap        ] GC(146) Old regions: 13->13
[2026-04-03T06:44:56.123+0600][46.894s][info][gc,heap        ] GC(146) Humongous regions: 0->0
[2026-04-03T06:44:56.123+0600][46.894s][info][gc,metaspace   ] GC(146) Metaspace: 55252K(56128K)->55252K(56128K) NonClass: 46711K(47232K)->46711K(47232K) Class: 8541K(8896K)->8541K(8896K)
[2026-04-03T06:44:56.123+0600][46.894s][info][gc             ] GC(146) Pause Young (Normal) (G1 Evacuation Pause) 185M->19M(280M) 3.493ms
[2026-04-03T06:44:56.123+0600][46.894s][info][gc,cpu         ] GC(146) User=0.01s Sys=0.00s Real=0.01s
[2026-04-03T06:44:56.347+0600][47.118s][info][gc,start       ] GC(147) Pause Young (Normal) (G1 Evacuation Pause)
[2026-04-03T06:44:56.348+0600][47.118s][info][gc,task        ] GC(147) Using 10 workers of 10 for evacuation
[2026-04-03T06:44:56.350+0600][47.120s][info][gc,phases      ] GC(147)   Pre Evacuate Collection Set: 0.21ms
[2026-04-03T06:44:56.350+0600][47.121s][info][gc,phases      ] GC(147)   Merge Heap Roots: 0.15ms
[2026-04-03T06:44:56.350+0600][47.121s][info][gc,phases      ] GC(147)   Evacuate Collection Set: 0.80ms
[2026-04-03T06:44:56.350+0600][47.121s][info][gc,phases      ] GC(147)   Post Evacuate Collection Set: 0.83ms
[2026-04-03T06:44:56.350+0600][47.121s][info][gc,phases      ] GC(147)   Other: 0.11ms
[2026-04-03T06:44:56.350+0600][47.121s][info][gc,heap        ] GC(147) Eden regions: 83->0(99)
[2026-04-03T06:44:56.350+0600][47.121s][info][gc,heap        ] GC(147) Survivor regions: 1->1(11)
[2026-04-03T06:44:56.350+0600][47.121s][info][gc,heap        ] GC(147) Old regions: 13->13
[2026-04-03T06:44:56.350+0600][47.121s][info][gc,heap        ] GC(147) Humongous regions: 0->0
[2026-04-03T06:44:56.350+0600][47.121s][info][gc,metaspace   ] GC(147) Metaspace: 55259K(56128K)->55259K(56128K) NonClass: 46718K(47232K)->46718K(47232K) Class: 8541K(8896K)->8541K(8896K)
[2026-04-03T06:44:56.350+0600][47.121s][info][gc             ] GC(147) Pause Young (Normal) (G1 Evacuation Pause) 185M->19M(336M) 2.408ms
[2026-04-03T06:44:56.350+0600][47.121s][info][gc,cpu         ] GC(147) User=0.01s Sys=0.00s Real=0.00s
[2026-04-03T06:44:56.636+0600][47.407s][info][gc,start       ] GC(148) Pause Young (Normal) (G1 Evacuation Pause)
[2026-04-03T06:44:56.636+0600][47.407s][info][gc,task        ] GC(148) Using 10 workers of 10 for evacuation
[2026-04-03T06:44:56.639+0600][47.410s][info][gc,phases      ] GC(148)   Pre Evacuate Collection Set: 0.24ms
[2026-04-03T06:44:56.639+0600][47.410s][info][gc,phases      ] GC(148)   Merge Heap Roots: 0.15ms
[2026-04-03T06:44:56.639+0600][47.410s][info][gc,phases      ] GC(148)   Evacuate Collection Set: 2.05ms
[2026-04-03T06:44:56.639+0600][47.410s][info][gc,phases      ] GC(148)   Post Evacuate Collection Set: 0.77ms
[2026-04-03T06:44:56.639+0600][47.410s][info][gc,phases      ] GC(148)   Other: 0.17ms
[2026-04-03T06:44:56.640+0600][47.410s][info][gc,heap        ] GC(148) Eden regions: 99->0(99)
[2026-04-03T06:44:56.640+0600][47.410s][info][gc,heap        ] GC(148) Survivor regions: 1->1(13)
[2026-04-03T06:44:56.640+0600][47.410s][info][gc,heap        ] GC(148) Old regions: 13->13
[2026-04-03T06:44:56.640+0600][47.410s][info][gc,heap        ] GC(148) Humongous regions: 0->0
[2026-04-03T06:44:56.640+0600][47.410s][info][gc,metaspace   ] GC(148) Metaspace: 55259K(56128K)->55259K(56128K) NonClass: 46718K(47232K)->46718K(47232K) Class: 8541K(8896K)->8541K(8896K)
[2026-04-03T06:44:56.640+0600][47.410s][info][gc             ] GC(148) Pause Young (Normal) (G1 Evacuation Pause) 217M->19M(336M) 3.790ms
[2026-04-03T06:44:56.640+0600][47.410s][info][gc,cpu         ] GC(148) User=0.01s Sys=0.00s Real=0.00s
[2026-04-03T06:44:56.905+0600][47.676s][info][gc,start       ] GC(149) Pause Young (Normal) (G1 Evacuation Pause)
[2026-04-03T06:44:56.906+0600][47.676s][info][gc,task        ] GC(149) Using 10 workers of 10 for evacuation
[2026-04-03T06:44:56.907+0600][47.678s][info][gc,phases      ] GC(149)   Pre Evacuate Collection Set: 0.21ms
[2026-04-03T06:44:56.907+0600][47.678s][info][gc,phases      ] GC(149)   Merge Heap Roots: 0.14ms
[2026-04-03T06:44:56.907+0600][47.678s][info][gc,phases      ] GC(149)   Evacuate Collection Set: 0.81ms
[2026-04-03T06:44:56.907+0600][47.678s][info][gc,phases      ] GC(149)   Post Evacuate Collection Set: 0.39ms
[2026-04-03T06:44:56.907+0600][47.678s][info][gc,phases      ] GC(149)   Other: 0.14ms
[2026-04-03T06:44:56.907+0600][47.678s][info][gc,heap        ] GC(149) Eden regions: 99->0(99)
[2026-04-03T06:44:56.907+0600][47.678s][info][gc,heap        ] GC(149) Survivor regions: 1->1(13)
[2026-04-03T06:44:56.907+0600][47.678s][info][gc,heap        ] GC(149) Old regions: 13->13
[2026-04-03T06:44:56.907+0600][47.678s][info][gc,heap        ] GC(149) Humongous regions: 0->0
[2026-04-03T06:44:56.907+0600][47.678s][info][gc,metaspace   ] GC(149) Metaspace: 55259K(56128K)->55259K(56128K) NonClass: 46718K(47232K)->46718K(47232K) Class: 8541K(8896K)->8541K(8896K)
[2026-04-03T06:44:56.907+0600][47.678s][info][gc             ] GC(149) Pause Young (Normal) (G1 Evacuation Pause) 217M->19M(336M) 2.052ms
[2026-04-03T06:44:56.907+0600][47.678s][info][gc,cpu         ] GC(149) User=0.01s Sys=0.00s Real=0.00s
[2026-04-03T06:44:57.180+0600][47.951s][info][gc,start       ] GC(150) Pause Young (Normal) (G1 Evacuation Pause)
[2026-04-03T06:44:57.180+0600][47.951s][info][gc,task        ] GC(150) Using 10 workers of 10 for evacuation
[2026-04-03T06:44:57.182+0600][47.953s][info][gc,phases      ] GC(150)   Pre Evacuate Collection Set: 0.23ms
[2026-04-03T06:44:57.183+0600][47.953s][info][gc,phases      ] GC(150)   Merge Heap Roots: 0.15ms
[2026-04-03T06:44:57.183+0600][47.953s][info][gc,phases      ] GC(150)   Evacuate Collection Set: 1.66ms
[2026-04-03T06:44:57.183+0600][47.953s][info][gc,phases      ] GC(150)   Post Evacuate Collection Set: 0.41ms
[2026-04-03T06:44:57.183+0600][47.953s][info][gc,phases      ] GC(150)   Other: 0.11ms
[2026-04-03T06:44:57.183+0600][47.953s][info][gc,heap        ] GC(150) Eden regions: 99->0(99)
[2026-04-03T06:44:57.183+0600][47.953s][info][gc,heap        ] GC(150) Survivor regions: 1->1(13)
[2026-04-03T06:44:57.183+0600][47.953s][info][gc,heap        ] GC(150) Old regions: 13->13
[2026-04-03T06:44:57.183+0600][47.954s][info][gc,heap        ] GC(150) Humongous regions: 0->0
[2026-04-03T06:44:57.183+0600][47.954s][info][gc,metaspace   ] GC(150) Metaspace: 55259K(56128K)->55259K(56128K) NonClass: 46718K(47232K)->46718K(47232K) Class: 8541K(8896K)->8541K(8896K)
[2026-04-03T06:44:57.183+0600][47.954s][info][gc             ] GC(150) Pause Young (Normal) (G1 Evacuation Pause) 217M->19M(336M) 2.893ms
[2026-04-03T06:44:57.183+0600][47.954s][info][gc,cpu         ] GC(150) User=0.01s Sys=0.00s Real=0.00s
[2026-04-03T06:44:57.471+0600][48.241s][info][gc,start       ] GC(151) Pause Young (Normal) (G1 Evacuation Pause)
[2026-04-03T06:44:57.471+0600][48.242s][info][gc,task        ] GC(151) Using 10 workers of 10 for evacuation
[2026-04-03T06:44:57.473+0600][48.243s][info][gc,phases      ] GC(151)   Pre Evacuate Collection Set: 0.20ms
[2026-04-03T06:44:57.473+0600][48.243s][info][gc,phases      ] GC(151)   Merge Heap Roots: 0.15ms
[2026-04-03T06:44:57.473+0600][48.243s][info][gc,phases      ] GC(151)   Evacuate Collection Set: 0.88ms
[2026-04-03T06:44:57.473+0600][48.244s][info][gc,phases      ] GC(151)   Post Evacuate Collection Set: 0.48ms
[2026-04-03T06:44:57.473+0600][48.244s][info][gc,phases      ] GC(151)   Other: 0.12ms
[2026-04-03T06:44:57.473+0600][48.244s][info][gc,heap        ] GC(151) Eden regions: 99->0(99)
[2026-04-03T06:44:57.473+0600][48.244s][info][gc,heap        ] GC(151) Survivor regions: 1->1(13)
[2026-04-03T06:44:57.473+0600][48.244s][info][gc,heap        ] GC(151) Old regions: 13->13
[2026-04-03T06:44:57.473+0600][48.244s][info][gc,heap        ] GC(151) Humongous regions: 0->0
[2026-04-03T06:44:57.473+0600][48.244s][info][gc,metaspace   ] GC(151) Metaspace: 55259K(56128K)->55259K(56128K) NonClass: 46718K(47232K)->46718K(47232K) Class: 8541K(8896K)->8541K(8896K)
[2026-04-03T06:44:57.473+0600][48.244s][info][gc             ] GC(151) Pause Young (Normal) (G1 Evacuation Pause) 217M->19M(336M) 2.247ms
[2026-04-03T06:44:57.473+0600][48.244s][info][gc,cpu         ] GC(151) User=0.00s Sys=0.01s Real=0.00s
[2026-04-03T06:44:57.734+0600][48.505s][info][gc,start       ] GC(152) Pause Young (Normal) (G1 Evacuation Pause)
[2026-04-03T06:44:57.734+0600][48.505s][info][gc,task        ] GC(152) Using 10 workers of 10 for evacuation
[2026-04-03T06:44:57.736+0600][48.506s][info][gc,phases      ] GC(152)   Pre Evacuate Collection Set: 0.19ms
[2026-04-03T06:44:57.736+0600][48.506s][info][gc,phases      ] GC(152)   Merge Heap Roots: 0.14ms
[2026-04-03T06:44:57.736+0600][48.506s][info][gc,phases      ] GC(152)   Evacuate Collection Set: 0.87ms
[2026-04-03T06:44:57.736+0600][48.506s][info][gc,phases      ] GC(152)   Post Evacuate Collection Set: 0.42ms
[2026-04-03T06:44:57.736+0600][48.507s][info][gc,phases      ] GC(152)   Other: 0.11ms
[2026-04-03T06:44:57.736+0600][48.507s][info][gc,heap        ] GC(152) Eden regions: 99->0(99)
[2026-04-03T06:44:57.736+0600][48.507s][info][gc,heap        ] GC(152) Survivor regions: 1->1(13)
[2026-04-03T06:44:57.736+0600][48.507s][info][gc,heap        ] GC(152) Old regions: 13->13
[2026-04-03T06:44:57.736+0600][48.507s][info][gc,heap        ] GC(152) Humongous regions: 0->0
[2026-04-03T06:44:57.736+0600][48.507s][info][gc,metaspace   ] GC(152) Metaspace: 55259K(56128K)->55259K(56128K) NonClass: 46718K(47232K)->46718K(47232K) Class: 8541K(8896K)->8541K(8896K)
[2026-04-03T06:44:57.736+0600][48.507s][info][gc             ] GC(152) Pause Young (Normal) (G1 Evacuation Pause) 217M->19M(336M) 2.171ms
[2026-04-03T06:44:57.736+0600][48.507s][info][gc,cpu         ] GC(152) User=0.01s Sys=0.00s Real=0.00s
[2026-04-03T06:44:58.003+0600][48.774s][info][gc,start       ] GC(153) Pause Young (Normal) (G1 Evacuation Pause)
[2026-04-03T06:44:58.003+0600][48.774s][info][gc,task        ] GC(153) Using 10 workers of 10 for evacuation
[2026-04-03T06:44:58.007+0600][48.777s][info][gc,phases      ] GC(153)   Pre Evacuate Collection Set: 0.24ms
[2026-04-03T06:44:58.007+0600][48.777s][info][gc,phases      ] GC(153)   Merge Heap Roots: 0.19ms
[2026-04-03T06:44:58.007+0600][48.777s][info][gc,phases      ] GC(153)   Evacuate Collection Set: 1.01ms
[2026-04-03T06:44:58.007+0600][48.777s][info][gc,phases      ] GC(153)   Post Evacuate Collection Set: 0.49ms
[2026-04-03T06:44:58.007+0600][48.777s][info][gc,phases      ] GC(153)   Other: 1.31ms
[2026-04-03T06:44:58.007+0600][48.777s][info][gc,heap        ] GC(153) Eden regions: 99->0(99)
[2026-04-03T06:44:58.007+0600][48.777s][info][gc,heap        ] GC(153) Survivor regions: 1->1(13)
[2026-04-03T06:44:58.007+0600][48.778s][info][gc,heap        ] GC(153) Old regions: 13->13
[2026-04-03T06:44:58.007+0600][48.778s][info][gc,heap        ] GC(153) Humongous regions: 0->0
[2026-04-03T06:44:58.007+0600][48.778s][info][gc,metaspace   ] GC(153) Metaspace: 55259K(56128K)->55259K(56128K) NonClass: 46718K(47232K)->46718K(47232K) Class: 8541K(8896K)->8541K(8896K)
[2026-04-03T06:44:58.007+0600][48.778s][info][gc             ] GC(153) Pause Young (Normal) (G1 Evacuation Pause) 217M->19M(336M) 3.667ms
[2026-04-03T06:44:58.007+0600][48.778s][info][gc,cpu         ] GC(153) User=0.01s Sys=0.00s Real=0.01s
[2026-04-03T06:44:58.272+0600][49.043s][info][gc,start       ] GC(154) Pause Young (Normal) (G1 Evacuation Pause)
[2026-04-03T06:44:58.272+0600][49.043s][info][gc,task        ] GC(154) Using 10 workers of 10 for evacuation
[2026-04-03T06:44:58.274+0600][49.045s][info][gc,phases      ] GC(154)   Pre Evacuate Collection Set: 0.22ms
[2026-04-03T06:44:58.274+0600][49.045s][info][gc,phases      ] GC(154)   Merge Heap Roots: 0.13ms
[2026-04-03T06:44:58.274+0600][49.045s][info][gc,phases      ] GC(154)   Evacuate Collection Set: 1.06ms
[2026-04-03T06:44:58.274+0600][49.045s][info][gc,phases      ] GC(154)   Post Evacuate Collection Set: 0.40ms
[2026-04-03T06:44:58.274+0600][49.045s][info][gc,phases      ] GC(154)   Other: 0.10ms
[2026-04-03T06:44:58.274+0600][49.045s][info][gc,heap        ] GC(154) Eden regions: 99->0(99)
[2026-04-03T06:44:58.274+0600][49.045s][info][gc,heap        ] GC(154) Survivor regions: 1->1(13)
[2026-04-03T06:44:58.274+0600][49.045s][info][gc,heap        ] GC(154) Old regions: 13->13
[2026-04-03T06:44:58.274+0600][49.045s][info][gc,heap        ] GC(154) Humongous regions: 0->0
[2026-04-03T06:44:58.274+0600][49.045s][info][gc,metaspace   ] GC(154) Metaspace: 55262K(56128K)->55262K(56128K) NonClass: 46720K(47232K)->46720K(47232K) Class: 8541K(8896K)->8541K(8896K)
[2026-04-03T06:44:58.274+0600][49.045s][info][gc             ] GC(154) Pause Young (Normal) (G1 Evacuation Pause) 217M->19M(336M) 2.252ms
[2026-04-03T06:44:58.274+0600][49.045s][info][gc,cpu         ] GC(154) User=0.01s Sys=0.00s Real=0.01s
[2026-04-03T06:44:58.543+0600][49.314s][info][gc,start       ] GC(155) Pause Young (Normal) (G1 Evacuation Pause)
[2026-04-03T06:44:58.543+0600][49.314s][info][gc,task        ] GC(155) Using 10 workers of 10 for evacuation
[2026-04-03T06:44:58.545+0600][49.316s][info][gc,phases      ] GC(155)   Pre Evacuate Collection Set: 0.19ms
[2026-04-03T06:44:58.545+0600][49.316s][info][gc,phases      ] GC(155)   Merge Heap Roots: 0.13ms
[2026-04-03T06:44:58.545+0600][49.316s][info][gc,phases      ] GC(155)   Evacuate Collection Set: 0.85ms
[2026-04-03T06:44:58.545+0600][49.316s][info][gc,phases      ] GC(155)   Post Evacuate Collection Set: 0.36ms
[2026-04-03T06:44:58.545+0600][49.316s][info][gc,phases      ] GC(155)   Other: 0.13ms
[2026-04-03T06:44:58.545+0600][49.316s][info][gc,heap        ] GC(155) Eden regions: 99->0(99)
[2026-04-03T06:44:58.545+0600][49.316s][info][gc,heap        ] GC(155) Survivor regions: 1->1(13)
[2026-04-03T06:44:58.545+0600][49.316s][info][gc,heap        ] GC(155) Old regions: 13->13
[2026-04-03T06:44:58.545+0600][49.316s][info][gc,heap        ] GC(155) Humongous regions: 0->0
[2026-04-03T06:44:58.545+0600][49.316s][info][gc,metaspace   ] GC(155) Metaspace: 55262K(56128K)->55262K(56128K) NonClass: 46720K(47232K)->46720K(47232K) Class: 8541K(8896K)->8541K(8896K)
[2026-04-03T06:44:58.545+0600][49.316s][info][gc             ] GC(155) Pause Young (Normal) (G1 Evacuation Pause) 217M->19M(336M) 2.050ms
[2026-04-03T06:44:58.545+0600][49.316s][info][gc,cpu         ] GC(155) User=0.02s Sys=0.00s Real=0.01s
[2026-04-03T06:44:58.813+0600][49.584s][info][gc,start       ] GC(156) Pause Young (Normal) (G1 Evacuation Pause)
[2026-04-03T06:44:58.814+0600][49.584s][info][gc,task        ] GC(156) Using 10 workers of 10 for evacuation
[2026-04-03T06:44:58.815+0600][49.586s][info][gc,phases      ] GC(156)   Pre Evacuate Collection Set: 0.20ms
[2026-04-03T06:44:58.816+0600][49.586s][info][gc,phases      ] GC(156)   Merge Heap Roots: 0.23ms
[2026-04-03T06:44:58.816+0600][49.586s][info][gc,phases      ] GC(156)   Evacuate Collection Set: 0.75ms
[2026-04-03T06:44:58.816+0600][49.586s][info][gc,phases      ] GC(156)   Post Evacuate Collection Set: 0.49ms
[2026-04-03T06:44:58.816+0600][49.586s][info][gc,phases      ] GC(156)   Other: 0.12ms
[2026-04-03T06:44:58.816+0600][49.586s][info][gc,heap        ] GC(156) Eden regions: 99->0(99)
[2026-04-03T06:44:58.816+0600][49.586s][info][gc,heap        ] GC(156) Survivor regions: 1->1(13)
[2026-04-03T06:44:58.816+0600][49.586s][info][gc,heap        ] GC(156) Old regions: 13->13
[2026-04-03T06:44:58.816+0600][49.586s][info][gc,heap        ] GC(156) Humongous regions: 0->0
[2026-04-03T06:44:58.816+0600][49.586s][info][gc,metaspace   ] GC(156) Metaspace: 55262K(56128K)->55262K(56128K) NonClass: 46720K(47232K)->46720K(47232K) Class: 8541K(8896K)->8541K(8896K)
[2026-04-03T06:44:58.816+0600][49.587s][info][gc             ] GC(156) Pause Young (Normal) (G1 Evacuation Pause) 217M->19M(336M) 2.234ms
[2026-04-03T06:44:58.816+0600][49.587s][info][gc,cpu         ] GC(156) User=0.01s Sys=0.00s Real=0.00s
[2026-04-03T06:44:59.097+0600][49.868s][info][gc,start       ] GC(157) Pause Young (Normal) (G1 Evacuation Pause)
[2026-04-03T06:44:59.097+0600][49.868s][info][gc,task        ] GC(157) Using 10 workers of 10 for evacuation
[2026-04-03T06:44:59.099+0600][49.870s][info][gc,phases      ] GC(157)   Pre Evacuate Collection Set: 0.21ms
[2026-04-03T06:44:59.099+0600][49.870s][info][gc,phases      ] GC(157)   Merge Heap Roots: 0.16ms
[2026-04-03T06:44:59.099+0600][49.870s][info][gc,phases      ] GC(157)   Evacuate Collection Set: 0.86ms
[2026-04-03T06:44:59.099+0600][49.870s][info][gc,phases      ] GC(157)   Post Evacuate Collection Set: 0.44ms
[2026-04-03T06:44:59.099+0600][49.870s][info][gc,phases      ] GC(157)   Other: 0.12ms
[2026-04-03T06:44:59.099+0600][49.870s][info][gc,heap        ] GC(157) Eden regions: 99->0(99)
[2026-04-03T06:44:59.099+0600][49.870s][info][gc,heap        ] GC(157) Survivor regions: 1->1(13)
[2026-04-03T06:44:59.099+0600][49.870s][info][gc,heap        ] GC(157) Old regions: 13->13
[2026-04-03T06:44:59.100+0600][49.870s][info][gc,heap        ] GC(157) Humongous regions: 0->0
[2026-04-03T06:44:59.100+0600][49.870s][info][gc,metaspace   ] GC(157) Metaspace: 55262K(56128K)->55262K(56128K) NonClass: 46720K(47232K)->46720K(47232K) Class: 8541K(8896K)->8541K(8896K)
[2026-04-03T06:44:59.100+0600][49.870s][info][gc             ] GC(157) Pause Young (Normal) (G1 Evacuation Pause) 217M->19M(336M) 2.328ms
[2026-04-03T06:44:59.100+0600][49.870s][info][gc,cpu         ] GC(157) User=0.01s Sys=0.00s Real=0.00s
[2026-04-03T06:44:59.361+0600][50.132s][info][gc,start       ] GC(158) Pause Young (Normal) (G1 Evacuation Pause)
[2026-04-03T06:44:59.361+0600][50.132s][info][gc,task        ] GC(158) Using 10 workers of 10 for evacuation
[2026-04-03T06:44:59.363+0600][50.133s][info][gc,phases      ] GC(158)   Pre Evacuate Collection Set: 0.20ms
[2026-04-03T06:44:59.363+0600][50.133s][info][gc,phases      ] GC(158)   Merge Heap Roots: 0.16ms
[2026-04-03T06:44:59.363+0600][50.133s][info][gc,phases      ] GC(158)   Evacuate Collection Set: 0.87ms
[2026-04-03T06:44:59.363+0600][50.133s][info][gc,phases      ] GC(158)   Post Evacuate Collection Set: 0.36ms
[2026-04-03T06:44:59.363+0600][50.133s][info][gc,phases      ] GC(158)   Other: 0.11ms
[2026-04-03T06:44:59.363+0600][50.133s][info][gc,heap        ] GC(158) Eden regions: 99->0(99)
[2026-04-03T06:44:59.363+0600][50.133s][info][gc,heap        ] GC(158) Survivor regions: 1->1(13)
[2026-04-03T06:44:59.363+0600][50.134s][info][gc,heap        ] GC(158) Old regions: 13->13
[2026-04-03T06:44:59.363+0600][50.134s][info][gc,heap        ] GC(158) Humongous regions: 0->0
[2026-04-03T06:44:59.363+0600][50.134s][info][gc,metaspace   ] GC(158) Metaspace: 55262K(56128K)->55262K(56128K) NonClass: 46720K(47232K)->46720K(47232K) Class: 8541K(8896K)->8541K(8896K)
[2026-04-03T06:44:59.363+0600][50.134s][info][gc             ] GC(158) Pause Young (Normal) (G1 Evacuation Pause) 217M->19M(336M) 2.048ms
[2026-04-03T06:44:59.363+0600][50.134s][info][gc,cpu         ] GC(158) User=0.01s Sys=0.00s Real=0.00s
[2026-04-03T06:44:59.628+0600][50.399s][info][gc,start       ] GC(159) Pause Young (Normal) (G1 Evacuation Pause)
[2026-04-03T06:44:59.628+0600][50.399s][info][gc,task        ] GC(159) Using 10 workers of 10 for evacuation
[2026-04-03T06:44:59.630+0600][50.400s][info][gc,phases      ] GC(159)   Pre Evacuate Collection Set: 0.24ms
[2026-04-03T06:44:59.630+0600][50.400s][info][gc,phases      ] GC(159)   Merge Heap Roots: 0.13ms
[2026-04-03T06:44:59.630+0600][50.400s][info][gc,phases      ] GC(159)   Evacuate Collection Set: 0.80ms
[2026-04-03T06:44:59.630+0600][50.401s][info][gc,phases      ] GC(159)   Post Evacuate Collection Set: 0.43ms
[2026-04-03T06:44:59.630+0600][50.401s][info][gc,phases      ] GC(159)   Other: 0.10ms
[2026-04-03T06:44:59.630+0600][50.401s][info][gc,heap        ] GC(159) Eden regions: 99->0(99)
[2026-04-03T06:44:59.630+0600][50.401s][info][gc,heap        ] GC(159) Survivor regions: 1->1(13)
[2026-04-03T06:44:59.630+0600][50.401s][info][gc,heap        ] GC(159) Old regions: 13->13
[2026-04-03T06:44:59.630+0600][50.401s][info][gc,heap        ] GC(159) Humongous regions: 0->0
[2026-04-03T06:44:59.630+0600][50.401s][info][gc,metaspace   ] GC(159) Metaspace: 55262K(56128K)->55262K(56128K) NonClass: 46720K(47232K)->46720K(47232K) Class: 8541K(8896K)->8541K(8896K)
[2026-04-03T06:44:59.630+0600][50.401s][info][gc             ] GC(159) Pause Young (Normal) (G1 Evacuation Pause) 217M->19M(336M) 1.986ms
[2026-04-03T06:44:59.630+0600][50.401s][info][gc,cpu         ] GC(159) User=0.01s Sys=0.00s Real=0.00s
[2026-04-03T06:44:59.890+0600][50.661s][info][gc,start       ] GC(160) Pause Young (Normal) (G1 Evacuation Pause)
[2026-04-03T06:44:59.890+0600][50.661s][info][gc,task        ] GC(160) Using 10 workers of 10 for evacuation
[2026-04-03T06:44:59.892+0600][50.662s][info][gc,phases      ] GC(160)   Pre Evacuate Collection Set: 0.21ms
[2026-04-03T06:44:59.892+0600][50.662s][info][gc,phases      ] GC(160)   Merge Heap Roots: 0.14ms
[2026-04-03T06:44:59.892+0600][50.662s][info][gc,phases      ] GC(160)   Evacuate Collection Set: 0.78ms
[2026-04-03T06:44:59.892+0600][50.662s][info][gc,phases      ] GC(160)   Post Evacuate Collection Set: 0.38ms
[2026-04-03T06:44:59.892+0600][50.662s][info][gc,phases      ] GC(160)   Other: 0.10ms
[2026-04-03T06:44:59.892+0600][50.662s][info][gc,heap        ] GC(160) Eden regions: 99->0(99)
[2026-04-03T06:44:59.892+0600][50.662s][info][gc,heap        ] GC(160) Survivor regions: 1->1(13)
[2026-04-03T06:44:59.892+0600][50.662s][info][gc,heap        ] GC(160) Old regions: 13->13
[2026-04-03T06:44:59.892+0600][50.662s][info][gc,heap        ] GC(160) Humongous regions: 0->0
[2026-04-03T06:44:59.892+0600][50.663s][info][gc,metaspace   ] GC(160) Metaspace: 55262K(56128K)->55262K(56128K) NonClass: 46720K(47232K)->46720K(47232K) Class: 8541K(8896K)->8541K(8896K)
[2026-04-03T06:44:59.892+0600][50.663s][info][gc             ] GC(160) Pause Young (Normal) (G1 Evacuation Pause) 217M->19M(336M) 1.891ms
[2026-04-03T06:44:59.892+0600][50.663s][info][gc,cpu         ] GC(160) User=0.01s Sys=0.00s Real=0.00s
[2026-04-03T06:45:00.181+0600][50.952s][info][gc,start       ] GC(161) Pause Young (Normal) (G1 Evacuation Pause)
[2026-04-03T06:45:00.181+0600][50.952s][info][gc,task        ] GC(161) Using 10 workers of 10 for evacuation
[2026-04-03T06:45:00.183+0600][50.954s][info][gc,phases      ] GC(161)   Pre Evacuate Collection Set: 0.22ms
[2026-04-03T06:45:00.183+0600][50.954s][info][gc,phases      ] GC(161)   Merge Heap Roots: 0.14ms
[2026-04-03T06:45:00.183+0600][50.954s][info][gc,phases      ] GC(161)   Evacuate Collection Set: 0.82ms
[2026-04-03T06:45:00.183+0600][50.954s][info][gc,phases      ] GC(161)   Post Evacuate Collection Set: 0.42ms
[2026-04-03T06:45:00.183+0600][50.954s][info][gc,phases      ] GC(161)   Other: 0.10ms
[2026-04-03T06:45:00.183+0600][50.954s][info][gc,heap        ] GC(161) Eden regions: 99->0(99)
[2026-04-03T06:45:00.183+0600][50.954s][info][gc,heap        ] GC(161) Survivor regions: 1->1(13)
[2026-04-03T06:45:00.183+0600][50.954s][info][gc,heap        ] GC(161) Old regions: 13->13
[2026-04-03T06:45:00.183+0600][50.954s][info][gc,heap        ] GC(161) Humongous regions: 0->0
[2026-04-03T06:45:00.183+0600][50.954s][info][gc,metaspace   ] GC(161) Metaspace: 55262K(56128K)->55262K(56128K) NonClass: 46720K(47232K)->46720K(47232K) Class: 8541K(8896K)->8541K(8896K)
[2026-04-03T06:45:00.183+0600][50.954s][info][gc             ] GC(161) Pause Young (Normal) (G1 Evacuation Pause) 217M->19M(336M) 2.090ms
[2026-04-03T06:45:00.183+0600][50.954s][info][gc,cpu         ] GC(161) User=0.01s Sys=0.00s Real=0.00s
[2026-04-03T06:45:00.451+0600][51.221s][info][gc,start       ] GC(162) Pause Young (Normal) (G1 Evacuation Pause)
[2026-04-03T06:45:00.451+0600][51.222s][info][gc,task        ] GC(162) Using 10 workers of 10 for evacuation
[2026-04-03T06:45:00.452+0600][51.223s][info][gc,phases      ] GC(162)   Pre Evacuate Collection Set: 0.20ms
[2026-04-03T06:45:00.452+0600][51.223s][info][gc,phases      ] GC(162)   Merge Heap Roots: 0.13ms
[2026-04-03T06:45:00.452+0600][51.223s][info][gc,phases      ] GC(162)   Evacuate Collection Set: 0.79ms
[2026-04-03T06:45:00.452+0600][51.223s][info][gc,phases      ] GC(162)   Post Evacuate Collection Set: 0.41ms
[2026-04-03T06:45:00.452+0600][51.223s][info][gc,phases      ] GC(162)   Other: 0.09ms
[2026-04-03T06:45:00.452+0600][51.223s][info][gc,heap        ] GC(162) Eden regions: 99->0(99)
[2026-04-03T06:45:00.452+0600][51.223s][info][gc,heap        ] GC(162) Survivor regions: 1->1(13)
[2026-04-03T06:45:00.452+0600][51.223s][info][gc,heap        ] GC(162) Old regions: 13->13
[2026-04-03T06:45:00.452+0600][51.223s][info][gc,heap        ] GC(162) Humongous regions: 0->0
[2026-04-03T06:45:00.452+0600][51.223s][info][gc,metaspace   ] GC(162) Metaspace: 55262K(56128K)->55262K(56128K) NonClass: 46720K(47232K)->46720K(47232K) Class: 8541K(8896K)->8541K(8896K)
[2026-04-03T06:45:00.452+0600][51.223s][info][gc             ] GC(162) Pause Young (Normal) (G1 Evacuation Pause) 217M->19M(336M) 1.907ms
[2026-04-03T06:45:00.452+0600][51.223s][info][gc,cpu         ] GC(162) User=0.01s Sys=0.00s Real=0.00s
[2026-04-03T06:45:00.786+0600][51.557s][info][gc,start       ] GC(163) Pause Young (Normal) (G1 Evacuation Pause)
[2026-04-03T06:45:00.786+0600][51.557s][info][gc,task        ] GC(163) Using 10 workers of 10 for evacuation
[2026-04-03T06:45:00.788+0600][51.559s][info][gc,phases      ] GC(163)   Pre Evacuate Collection Set: 0.21ms
[2026-04-03T06:45:00.788+0600][51.559s][info][gc,phases      ] GC(163)   Merge Heap Roots: 0.13ms
[2026-04-03T06:45:00.788+0600][51.559s][info][gc,phases      ] GC(163)   Evacuate Collection Set: 0.85ms
[2026-04-03T06:45:00.788+0600][51.559s][info][gc,phases      ] GC(163)   Post Evacuate Collection Set: 0.36ms
[2026-04-03T06:45:00.788+0600][51.559s][info][gc,phases      ] GC(163)   Other: 0.09ms
[2026-04-03T06:45:00.788+0600][51.559s][info][gc,heap        ] GC(163) Eden regions: 99->0(99)
[2026-04-03T06:45:00.788+0600][51.559s][info][gc,heap        ] GC(163) Survivor regions: 1->1(13)
[2026-04-03T06:45:00.788+0600][51.559s][info][gc,heap        ] GC(163) Old regions: 13->13
[2026-04-03T06:45:00.788+0600][51.559s][info][gc,heap        ] GC(163) Humongous regions: 0->0
[2026-04-03T06:45:00.788+0600][51.559s][info][gc,metaspace   ] GC(163) Metaspace: 55262K(56128K)->55262K(56128K) NonClass: 46720K(47232K)->46720K(47232K) Class: 8541K(8896K)->8541K(8896K)
[2026-04-03T06:45:00.788+0600][51.559s][info][gc             ] GC(163) Pause Young (Normal) (G1 Evacuation Pause) 217M->19M(336M) 2.005ms
[2026-04-03T06:45:00.788+0600][51.559s][info][gc,cpu         ] GC(163) User=0.01s Sys=0.00s Real=0.00s
[2026-04-03T06:45:01.069+0600][51.839s][info][gc,heap,exit   ] Heap
[2026-04-03T06:45:01.069+0600][51.840s][info][gc,heap,exit   ]  garbage-first heap   total 344064K, used 184145K [0x000000070ae00000, 0x0000000800000000)
[2026-04-03T06:45:01.069+0600][51.840s][info][gc,heap,exit   ]   region size 2048K, 82 young (167936K), 1 survivors (2048K)
[2026-04-03T06:45:01.069+0600][51.840s][info][gc,heap,exit   ]  Metaspace       used 55684K, committed 56320K, reserved 1114112K
[2026-04-03T06:45:01.069+0600][51.840s][info][gc,heap,exit   ]   class space    used 8672K, committed 9024K, reserved 1048576K
