[2026-04-03T06:45:01.553+0600][0.008s][info][gc] Heuristics ergonomically sets -XX:+ExplicitGCInvokesConcurrent
[2026-04-03T06:45:01.553+0600][0.008s][info][gc] Heuristics ergonomically sets -XX:+ShenandoahImplicitGCInvokesConcurrent
[2026-04-03T06:45:01.554+0600][0.008s][info][gc] Using Shenandoah
[2026-04-03T06:45:01.555+0600][0.010s][info][gc,ergo] Pacer for Idle. Initial: 80302K, Alloc Tax Rate: 1.0x
[2026-04-03T06:45:01.556+0600][0.010s][info][gc,init] Version: 21.0.10+7-Ubuntu-124.04 (release)
[2026-04-03T06:45:01.556+0600][0.010s][info][gc,init] CPUs: 12 total, 12 available
[2026-04-03T06:45:01.556+0600][0.010s][info][gc,init] Memory: 15683M
[2026-04-03T06:45:01.556+0600][0.010s][info][gc,init] Large Page Support: Disabled
[2026-04-03T06:45:01.556+0600][0.010s][info][gc,init] NUMA Support: Disabled
[2026-04-03T06:45:01.556+0600][0.010s][info][gc,init] Compressed Oops: Enabled (Zero based)
[2026-04-03T06:45:01.556+0600][0.010s][info][gc,init] Heap Min Capacity: 7M
[2026-04-03T06:45:01.556+0600][0.010s][info][gc,init] Heap Initial Capacity: 246M
[2026-04-03T06:45:01.556+0600][0.010s][info][gc,init] Heap Max Capacity: 3921M
[2026-04-03T06:45:01.556+0600][0.010s][info][gc,init] Pre-touch: Disabled
[2026-04-03T06:45:01.556+0600][0.010s][info][gc,init] Mode: Snapshot-At-The-Beginning (SATB)
[2026-04-03T06:45:01.556+0600][0.010s][info][gc,init] Heuristics: Adaptive
[2026-04-03T06:45:01.556+0600][0.010s][info][gc,init] Heap Region Count: 3921
[2026-04-03T06:45:01.556+0600][0.010s][info][gc,init] Heap Region Size: 1M
[2026-04-03T06:45:01.556+0600][0.010s][info][gc,init] TLAB Size Max: 1M
[2026-04-03T06:45:01.556+0600][0.010s][info][gc,init] Humongous Object Threshold: 1M
[2026-04-03T06:45:01.556+0600][0.010s][info][gc,init] Parallel Workers: 6
[2026-04-03T06:45:01.556+0600][0.010s][info][gc,init] Concurrent Workers: 3
[2026-04-03T06:45:01.572+0600][0.027s][info][gc,metaspace] CDS archive(s) mapped at: [0x000079ef93000000-0x000079ef93c9c000-0x000079ef93c9c000), size 13221888, SharedBaseAddress: 0x000079ef93000000, ArchiveRelocationMode: 1.
[2026-04-03T06:45:01.573+0600][0.027s][info][gc,metaspace] Compressed class space mapped at: 0x000079ef94000000-0x000079efd4000000, reserved size: 1073741824
[2026-04-03T06:45:01.573+0600][0.027s][info][gc,metaspace] Narrow klass base: 0x000079ef93000000, Narrow klass shift: 0, Narrow klass range: 0x100000000
[2026-04-03T06:45:04.086+0600][2.541s][info][gc          ] Trigger: Metadata GC Threshold
[2026-04-03T06:45:04.087+0600][2.541s][info][gc,ergo     ] Free: 3320M, Max: 1024K regular, 3320M humongous, Frag: 0% external, 0% internal; Reserve: 197M, Max: 1024K
[2026-04-03T06:45:04.087+0600][2.541s][info][gc,start    ] GC(0) Concurrent reset
[2026-04-03T06:45:04.087+0600][2.541s][info][gc,task     ] GC(0) Using 3 of 6 workers for concurrent reset
[2026-04-03T06:45:04.087+0600][2.541s][info][gc,ergo     ] GC(0) Pacer for Reset. Non-Taxable: 3921M
[2026-04-03T06:45:04.087+0600][2.542s][info][gc          ] GC(0) Concurrent reset 0.706ms
[2026-04-03T06:45:04.088+0600][2.542s][info][gc,start    ] GC(0) Pause Init Mark (unload classes)
[2026-04-03T06:45:04.088+0600][2.543s][info][gc,task     ] GC(0) Using 6 of 6 workers for init marking
[2026-04-03T06:45:04.088+0600][2.543s][info][gc,ergo     ] GC(0) Pacer for Mark. Expected Live: 392M, Free: 3320M, Non-Taxable: 332M, Alloc Tax Rate: 0.1x
[2026-04-03T06:45:04.088+0600][2.543s][info][gc          ] GC(0) Pause Init Mark (unload classes) 0.610ms
[2026-04-03T06:45:04.088+0600][2.543s][info][gc,start    ] GC(0) Concurrent marking roots
[2026-04-03T06:45:04.088+0600][2.543s][info][gc,task     ] GC(0) Using 3 of 6 workers for concurrent marking roots
[2026-04-03T06:45:04.090+0600][2.544s][info][gc          ] GC(0) Concurrent marking roots 1.483ms
[2026-04-03T06:45:04.090+0600][2.544s][info][gc,start    ] GC(0) Concurrent marking (unload classes)
[2026-04-03T06:45:04.090+0600][2.544s][info][gc,task     ] GC(0) Using 3 of 6 workers for concurrent marking
[2026-04-03T06:45:04.099+0600][2.553s][info][gc          ] GC(0) Concurrent marking (unload classes) 8.839ms
[2026-04-03T06:45:04.099+0600][2.553s][info][gc,start    ] GC(0) Pause Final Mark (unload classes)
[2026-04-03T06:45:04.099+0600][2.554s][info][gc,task     ] GC(0) Using 6 of 6 workers for final marking
[2026-04-03T06:45:04.099+0600][2.554s][info][gc,ergo     ] GC(0) Adaptive CSet Selection. Target Free: 555M, Actual Free: 3516M, Max CSet: 163M, Min Garbage: 0B
[2026-04-03T06:45:04.099+0600][2.554s][info][gc,ergo     ] GC(0) Collectable Garbage: 396M (99%), Immediate: 0B (0%), CSet: 396M (99%)
[2026-04-03T06:45:04.100+0600][2.554s][info][gc,ergo     ] GC(0) Pacer for Evacuation. Used CSet: 403M, Free: 3319M, Non-Taxable: 331M, Alloc Tax Rate: 1.1x
[2026-04-03T06:45:04.100+0600][2.554s][info][gc          ] GC(0) Pause Final Mark (unload classes) 0.595ms
[2026-04-03T06:45:04.100+0600][2.554s][info][gc,start    ] GC(0) Concurrent thread roots
[2026-04-03T06:45:04.100+0600][2.554s][info][gc,task     ] GC(0) Using 3 of 6 workers for Concurrent thread roots
[2026-04-03T06:45:04.100+0600][2.554s][info][gc          ] GC(0) Concurrent thread roots 0.279ms
[2026-04-03T06:45:04.100+0600][2.554s][info][gc,start    ] GC(0) Concurrent weak references
[2026-04-03T06:45:04.100+0600][2.554s][info][gc,task     ] GC(0) Using 3 of 6 workers for concurrent weak references
[2026-04-03T06:45:04.100+0600][2.555s][info][gc,ref      ] GC(0) Encountered references: Soft: 3375, Weak: 1328, Final: 0, Phantom: 251
[2026-04-03T06:45:04.100+0600][2.555s][info][gc,ref      ] GC(0) Discovered  references: Soft: 0, Weak: 1030, Final: 0, Phantom: 247
[2026-04-03T06:45:04.100+0600][2.555s][info][gc,ref      ] GC(0) Enqueued    references: Soft: 0, Weak: 397, Final: 0, Phantom: 1
[2026-04-03T06:45:04.100+0600][2.555s][info][gc          ] GC(0) Concurrent weak references 0.533ms
[2026-04-03T06:45:04.100+0600][2.555s][info][gc,start    ] GC(0) Concurrent weak roots
[2026-04-03T06:45:04.100+0600][2.555s][info][gc,task     ] GC(0) Using 3 of 6 workers for concurrent weak root
[2026-04-03T06:45:04.101+0600][2.556s][info][gc          ] GC(0) Concurrent weak roots 0.974ms
[2026-04-03T06:45:04.101+0600][2.556s][info][gc,start    ] GC(0) Concurrent cleanup
[2026-04-03T06:45:04.102+0600][2.556s][info][gc          ] GC(0) Concurrent cleanup 406M->406M(407M) 0.197ms
[2026-04-03T06:45:04.102+0600][2.556s][info][gc,ergo     ] GC(0) Free: 3318M, Max: 1024K regular, 3318M humongous, Frag: 0% external, 0% internal; Reserve: 196M, Max: 1024K
[2026-04-03T06:45:04.102+0600][2.556s][info][gc,start    ] GC(0) Concurrent class unloading
[2026-04-03T06:45:04.102+0600][2.556s][info][gc,task     ] GC(0) Using 3 of 6 workers for concurrent class unloading
[2026-04-03T06:45:04.104+0600][2.558s][info][gc          ] GC(0) Concurrent class unloading 1.881ms
[2026-04-03T06:45:04.104+0600][2.558s][info][gc,start    ] GC(0) Concurrent strong roots
[2026-04-03T06:45:04.104+0600][2.558s][info][gc,task     ] GC(0) Using 3 of 6 workers for concurrent strong root
[2026-04-03T06:45:04.105+0600][2.559s][info][gc          ] GC(0) Concurrent strong roots 0.928ms
[2026-04-03T06:45:04.105+0600][2.559s][info][gc,start    ] GC(0) Concurrent evacuation
[2026-04-03T06:45:04.105+0600][2.559s][info][gc,task     ] GC(0) Using 3 of 6 workers for concurrent evacuation
[2026-04-03T06:45:04.111+0600][2.565s][info][gc          ] GC(0) Concurrent evacuation 6.142ms
[2026-04-03T06:45:04.111+0600][2.566s][info][gc,start    ] GC(0) Pause Init Update Refs
[2026-04-03T06:45:04.111+0600][2.566s][info][gc,ergo     ] GC(0) Pacer for Update Refs. Used: 413M, Free: 3318M, Non-Taxable: 331M, Alloc Tax Rate: 1.1x
[2026-04-03T06:45:04.111+0600][2.566s][info][gc          ] GC(0) Pause Init Update Refs 0.072ms
[2026-04-03T06:45:04.111+0600][2.566s][info][gc,start    ] GC(0) Concurrent update references
[2026-04-03T06:45:04.111+0600][2.566s][info][gc,task     ] GC(0) Using 3 of 6 workers for concurrent reference update
[2026-04-03T06:45:04.115+0600][2.570s][info][gc          ] GC(0) Concurrent update references 3.825ms
[2026-04-03T06:45:04.115+0600][2.570s][info][gc,start    ] GC(0) Concurrent update thread roots
[2026-04-03T06:45:04.115+0600][2.570s][info][gc          ] GC(0) Concurrent update thread roots 0.281ms
[2026-04-03T06:45:04.116+0600][2.570s][info][gc,start    ] GC(0) Pause Final Update Refs
[2026-04-03T06:45:04.116+0600][2.570s][info][gc,task     ] GC(0) Using 6 of 6 workers for final reference update
[2026-04-03T06:45:04.116+0600][2.570s][info][gc          ] GC(0) Pause Final Update Refs 0.163ms
[2026-04-03T06:45:04.116+0600][2.570s][info][gc,start    ] GC(0) Concurrent cleanup
[2026-04-03T06:45:04.116+0600][2.571s][info][gc          ] GC(0) Concurrent cleanup 414M->11M(415M) 0.274ms
[2026-04-03T06:45:04.116+0600][2.571s][info][gc,ergo     ] Free: 3712M, Max: 1024K regular, 3309M humongous, Frag: 11% external, 0% internal; Reserve: 197M, Max: 1024K
[2026-04-03T06:45:04.116+0600][2.571s][info][gc,stats    ] 
[2026-04-03T06:45:04.116+0600][2.571s][info][gc,stats    ] All times are wall-clock times, except per-root-class counters, that are sum over
[2026-04-03T06:45:04.116+0600][2.571s][info][gc,stats    ] all workers. Dividing the <total> over the root stage time estimates parallelism.
[2026-04-03T06:45:04.116+0600][2.571s][info][gc,stats    ] 
[2026-04-03T06:45:04.116+0600][2.571s][info][gc,stats    ] Concurrent Reset                    744 us
[2026-04-03T06:45:04.116+0600][2.571s][info][gc,stats    ] Pause Init Mark (G)                 958 us
[2026-04-03T06:45:04.116+0600][2.571s][info][gc,stats    ] Pause Init Mark (N)                 630 us
[2026-04-03T06:45:04.116+0600][2.571s][info][gc,stats    ]   Update Region States               28 us
[2026-04-03T06:45:04.116+0600][2.571s][info][gc,stats    ] Concurrent Mark Roots              1531 us, parallelism: 1.62x
[2026-04-03T06:45:04.116+0600][2.571s][info][gc,stats    ]   CMR: <total>                     2476 us
[2026-04-03T06:45:04.116+0600][2.571s][info][gc,stats    ]   CMR: Thread Roots                1315 us, workers (us): 332, 983,   0, ---, ---, ---, 
[2026-04-03T06:45:04.116+0600][2.571s][info][gc,stats    ]   CMR: VM Strong Roots              654 us, workers (us): 320, 259,  74, ---, ---, ---, 
[2026-04-03T06:45:04.116+0600][2.571s][info][gc,stats    ]   CMR: CLDG Roots                   507 us, workers (us): ---, ---, 507, ---, ---, ---, 
[2026-04-03T06:45:04.116+0600][2.571s][info][gc,stats    ] Concurrent Marking                 8921 us
[2026-04-03T06:45:04.116+0600][2.571s][info][gc,stats    ] Pause Final Mark (G)                838 us
[2026-04-03T06:45:04.116+0600][2.571s][info][gc,stats    ] Pause Final Mark (N)                608 us
[2026-04-03T06:45:04.116+0600][2.571s][info][gc,stats    ]   Finish Mark                       210 us
[2026-04-03T06:45:04.116+0600][2.571s][info][gc,stats    ]   Update Region States               39 us
[2026-04-03T06:45:04.116+0600][2.571s][info][gc,stats    ]   Choose Collection Set             215 us
[2026-04-03T06:45:04.116+0600][2.571s][info][gc,stats    ]   Rebuild Free Set                   29 us
[2026-04-03T06:45:04.116+0600][2.571s][info][gc,stats    ] Concurrent Thread Roots             302 us, parallelism: 0.96x
[2026-04-03T06:45:04.116+0600][2.571s][info][gc,stats    ]   CTR: <total>                      291 us
[2026-04-03T06:45:04.116+0600][2.571s][info][gc,stats    ]   CTR: Thread Roots                 291 us, workers (us): 185,  47,  60, ---, ---, ---, 
[2026-04-03T06:45:04.116+0600][2.571s][info][gc,stats    ] Concurrent Weak References          545 us, parallelism: 0.78x
[2026-04-03T06:45:04.116+0600][2.571s][info][gc,stats    ]   CWRF: <total>                     424 us
[2026-04-03T06:45:04.116+0600][2.571s][info][gc,stats    ]   CWRF: Weak References             424 us, workers (us):  94,  16, 315, ---, ---, ---, 
[2026-04-03T06:45:04.116+0600][2.571s][info][gc,stats    ] Concurrent Weak Roots              1029 us
[2026-04-03T06:45:04.117+0600][2.571s][info][gc,stats    ]   Roots                             691 us, parallelism: 2.37x
[2026-04-03T06:45:04.117+0600][2.571s][info][gc,stats    ]     CWR: <total>                   1636 us
[2026-04-03T06:45:04.117+0600][2.571s][info][gc,stats    ]     CWR: Code Cache Roots           552 us, workers (us): 193, 163, 196, ---, ---, ---, 
[2026-04-03T06:45:04.117+0600][2.571s][info][gc,stats    ]     CWR: VM Weak Roots             1072 us, workers (us): 420, 326, 327, ---, ---, ---, 
[2026-04-03T06:45:04.117+0600][2.571s][info][gc,stats    ]     CWR: CLDG Roots                  12 us, workers (us):  12, ---, ---, ---, ---, ---, 
[2026-04-03T06:45:04.117+0600][2.571s][info][gc,stats    ]   Rendezvous                        257 us
[2026-04-03T06:45:04.117+0600][2.571s][info][gc,stats    ] Concurrent Cleanup                  218 us
[2026-04-03T06:45:04.117+0600][2.571s][info][gc,stats    ] Concurrent Class Unloading         1941 us
[2026-04-03T06:45:04.117+0600][2.571s][info][gc,stats    ]   Unlink Stale                     1270 us
[2026-04-03T06:45:04.117+0600][2.571s][info][gc,stats    ]     System Dictionary                11 us
[2026-04-03T06:45:04.117+0600][2.571s][info][gc,stats    ]     Weak Class Links                  0 us
[2026-04-03T06:45:04.117+0600][2.571s][info][gc,stats    ]     Code Roots                     1256 us
[2026-04-03T06:45:04.117+0600][2.571s][info][gc,stats    ]   Rendezvous                        164 us
[2026-04-03T06:45:04.117+0600][2.571s][info][gc,stats    ]   Purge Unlinked                    418 us
[2026-04-03T06:45:04.117+0600][2.571s][info][gc,stats    ]     Code Roots                      412 us
[2026-04-03T06:45:04.117+0600][2.571s][info][gc,stats    ]     CLDG                              6 us
[2026-04-03T06:45:04.117+0600][2.571s][info][gc,stats    ]     Exception Caches                  0 us
[2026-04-03T06:45:04.117+0600][2.571s][info][gc,stats    ] Concurrent Strong Roots             970 us, parallelism: 0.83x
[2026-04-03T06:45:04.117+0600][2.571s][info][gc,stats    ]   CSR: <total>                      809 us
[2026-04-03T06:45:04.117+0600][2.571s][info][gc,stats    ]   CSR: VM Strong Roots               22 us, workers (us):  22,   1,   0, ---, ---, ---, 
[2026-04-03T06:45:04.117+0600][2.571s][info][gc,stats    ]   CSR: CLDG Roots                   786 us, workers (us): 786, ---, ---, ---, ---, ---, 
[2026-04-03T06:45:04.117+0600][2.571s][info][gc,stats    ] Concurrent Evacuation              6223 us
[2026-04-03T06:45:04.117+0600][2.571s][info][gc,stats    ] Pause Init Update Refs (G)          286 us
[2026-04-03T06:45:04.117+0600][2.571s][info][gc,stats    ] Pause Init Update Refs (N)           88 us
[2026-04-03T06:45:04.117+0600][2.571s][info][gc,stats    ]   Manage GCLABs                       6 us
[2026-04-03T06:45:04.117+0600][2.571s][info][gc,stats    ] Concurrent Update Refs             3919 us
[2026-04-03T06:45:04.117+0600][2.571s][info][gc,stats    ] Concurrent Update Thread Roots      355 us
[2026-04-03T06:45:04.117+0600][2.571s][info][gc,stats    ] Pause Final Update Refs (G)         332 us
[2026-04-03T06:45:04.117+0600][2.571s][info][gc,stats    ] Pause Final Update Refs (N)         185 us
[2026-04-03T06:45:04.117+0600][2.571s][info][gc,stats    ]   Update Region States               52 us
[2026-04-03T06:45:04.117+0600][2.571s][info][gc,stats    ]   Trash Collection Set               22 us
[2026-04-03T06:45:04.117+0600][2.571s][info][gc,stats    ]   Rebuild Free Set                   31 us
[2026-04-03T06:45:04.117+0600][2.571s][info][gc,stats    ] Concurrent Cleanup                  297 us
[2026-04-03T06:45:04.117+0600][2.571s][info][gc,stats    ] 
[2026-04-03T06:45:04.117+0600][2.571s][info][gc,stats    ] Allocation pacing accrued:
[2026-04-03T06:45:04.117+0600][2.571s][info][gc,stats    ]       0 of  2562 ms (  0.0%): <total>
[2026-04-03T06:45:04.117+0600][2.571s][info][gc,stats    ]       0 of  2562 ms (  0.0%): <average total>
[2026-04-03T06:45:04.117+0600][2.571s][info][gc,stats    ] 
[2026-04-03T06:45:04.117+0600][2.572s][info][gc,metaspace] Metaspace: 21269K(21568K)->21481K(21760K) NonClass: 18571K(18752K)->18759K(18880K) Class: 2697K(2816K)->2722K(2880K)
[2026-04-03T06:45:04.117+0600][2.572s][info][gc,ergo     ] Pacer for Idle. Initial: 80302K, Alloc Tax Rate: 1.0x
[2026-04-03T06:45:05.106+0600][3.560s][info][gc          ] Trigger: Explicit GC request (System.gc())
[2026-04-03T06:45:05.106+0600][3.560s][info][gc,ergo     ] Free: 3601M, Max: 1024K regular, 3309M humongous, Frag: 9% external, 0% internal; Reserve: 197M, Max: 1024K
[2026-04-03T06:45:05.106+0600][3.560s][info][gc,start    ] GC(1) Concurrent reset
[2026-04-03T06:45:05.106+0600][3.560s][info][gc,task     ] GC(1) Using 3 of 6 workers for concurrent reset
[2026-04-03T06:45:05.106+0600][3.561s][info][gc,ergo     ] GC(1) Pacer for Reset. Non-Taxable: 3921M
[2026-04-03T06:45:05.117+0600][3.571s][info][gc          ] GC(1) Concurrent reset 10.596ms
[2026-04-03T06:45:05.117+0600][3.572s][info][gc,start    ] GC(1) Pause Init Mark (unload classes)
[2026-04-03T06:45:05.117+0600][3.572s][info][gc,task     ] GC(1) Using 6 of 6 workers for init marking
[2026-04-03T06:45:05.117+0600][3.572s][info][gc,ref      ] GC(1) Clearing All SoftReferences
[2026-04-03T06:45:05.117+0600][3.572s][info][gc,ergo     ] GC(1) Pacer for Mark. Expected Live: 6927K, Free: 3601M, Non-Taxable: 360M, Alloc Tax Rate: 0.0x
[2026-04-03T06:45:05.117+0600][3.572s][info][gc          ] GC(1) Pause Init Mark (unload classes) 0.152ms
[2026-04-03T06:45:05.117+0600][3.572s][info][gc,start    ] GC(1) Concurrent marking roots
[2026-04-03T06:45:05.117+0600][3.572s][info][gc,task     ] GC(1) Using 3 of 6 workers for concurrent marking roots
[2026-04-03T06:45:05.119+0600][3.573s][info][gc          ] GC(1) Concurrent marking roots 1.377ms
[2026-04-03T06:45:05.119+0600][3.573s][info][gc,start    ] GC(1) Concurrent marking (unload classes)
[2026-04-03T06:45:05.119+0600][3.573s][info][gc,task     ] GC(1) Using 3 of 6 workers for concurrent marking
[2026-04-03T06:45:05.129+0600][3.583s][info][gc          ] GC(1) Concurrent marking (unload classes) 10.059ms
[2026-04-03T06:45:05.129+0600][3.584s][info][gc,start    ] GC(1) Pause Final Mark (unload classes)
[2026-04-03T06:45:05.129+0600][3.584s][info][gc,task     ] GC(1) Using 6 of 6 workers for final marking
[2026-04-03T06:45:05.130+0600][3.584s][info][gc,ergo     ] GC(1) Adaptive CSet Selection. Target Free: 555M, Actual Free: 3794M, Max CSet: 163M, Min Garbage: 0B
[2026-04-03T06:45:05.130+0600][3.584s][info][gc,ergo     ] GC(1) Collectable Garbage: 111M (99%), Immediate: 0B (0%), CSet: 111M (99%)
[2026-04-03T06:45:05.130+0600][3.584s][info][gc,ergo     ] GC(1) Pacer for Evacuation. Used CSet: 118M, Free: 3597M, Non-Taxable: 359M, Alloc Tax Rate: 1.1x
[2026-04-03T06:45:05.130+0600][3.584s][info][gc          ] GC(1) Pause Final Mark (unload classes) 0.712ms
[2026-04-03T06:45:05.130+0600][3.584s][info][gc,start    ] GC(1) Concurrent thread roots
[2026-04-03T06:45:05.130+0600][3.584s][info][gc,task     ] GC(1) Using 3 of 6 workers for Concurrent thread roots
[2026-04-03T06:45:05.130+0600][3.585s][info][gc          ] GC(1) Concurrent thread roots 0.671ms
[2026-04-03T06:45:05.131+0600][3.585s][info][gc,start    ] GC(1) Concurrent weak references
[2026-04-03T06:45:05.131+0600][3.585s][info][gc,task     ] GC(1) Using 3 of 6 workers for concurrent weak references
[2026-04-03T06:45:05.131+0600][3.586s][info][gc,ref      ] GC(1) Encountered references: Soft: 3588, Weak: 2697, Final: 49, Phantom: 290
[2026-04-03T06:45:05.132+0600][3.586s][info][gc,ref      ] GC(1) Discovered  references: Soft: 2189, Weak: 1728, Final: 0, Phantom: 181
[2026-04-03T06:45:05.132+0600][3.586s][info][gc,ref      ] GC(1) Enqueued    references: Soft: 1235, Weak: 612, Final: 0, Phantom: 1
[2026-04-03T06:45:05.132+0600][3.586s][info][gc          ] GC(1) Concurrent weak references 1.030ms
[2026-04-03T06:45:05.132+0600][3.586s][info][gc,start    ] GC(1) Concurrent weak roots
[2026-04-03T06:45:05.132+0600][3.586s][info][gc,task     ] GC(1) Using 3 of 6 workers for concurrent weak root
[2026-04-03T06:45:05.133+0600][3.588s][info][gc          ] GC(1) Concurrent weak roots 1.593ms
[2026-04-03T06:45:05.133+0600][3.588s][info][gc,start    ] GC(1) Concurrent cleanup
[2026-04-03T06:45:05.134+0600][3.588s][info][gc          ] GC(1) Concurrent cleanup 128M->128M(417M) 0.252ms
[2026-04-03T06:45:05.134+0600][3.588s][info][gc,ergo     ] GC(1) Free: 3596M, Max: 1024K regular, 3309M humongous, Frag: 8% external, 0% internal; Reserve: 195M, Max: 1024K
[2026-04-03T06:45:05.134+0600][3.588s][info][gc,start    ] GC(1) Concurrent class unloading
[2026-04-03T06:45:05.134+0600][3.588s][info][gc,task     ] GC(1) Using 3 of 6 workers for concurrent class unloading
[2026-04-03T06:45:05.144+0600][3.598s][info][gc          ] GC(1) Concurrent class unloading 9.985ms
[2026-04-03T06:45:05.144+0600][3.598s][info][gc,start    ] GC(1) Concurrent strong roots
[2026-04-03T06:45:05.144+0600][3.598s][info][gc,task     ] GC(1) Using 3 of 6 workers for concurrent strong root
[2026-04-03T06:45:05.146+0600][3.600s][info][gc          ] GC(1) Concurrent strong roots 2.165ms
[2026-04-03T06:45:05.146+0600][3.600s][info][gc,start    ] GC(1) Concurrent evacuation
[2026-04-03T06:45:05.146+0600][3.600s][info][gc,task     ] GC(1) Using 3 of 6 workers for concurrent evacuation
[2026-04-03T06:45:05.152+0600][3.607s][info][gc          ] GC(1) Concurrent evacuation 6.040ms
[2026-04-03T06:45:05.152+0600][3.607s][info][gc,start    ] GC(1) Pause Init Update Refs
[2026-04-03T06:45:05.152+0600][3.607s][info][gc,ergo     ] GC(1) Pacer for Update Refs. Used: 137M, Free: 3595M, Non-Taxable: 359M, Alloc Tax Rate: 1.1x
[2026-04-03T06:45:05.152+0600][3.607s][info][gc          ] GC(1) Pause Init Update Refs 0.119ms
[2026-04-03T06:45:05.153+0600][3.607s][info][gc,start    ] GC(1) Concurrent update references
[2026-04-03T06:45:05.153+0600][3.607s][info][gc,task     ] GC(1) Using 3 of 6 workers for concurrent reference update
[2026-04-03T06:45:05.160+0600][3.615s][info][gc          ] GC(1) Concurrent update references 7.451ms
[2026-04-03T06:45:05.160+0600][3.615s][info][gc,start    ] GC(1) Concurrent update thread roots
[2026-04-03T06:45:05.161+0600][3.616s][info][gc          ] GC(1) Concurrent update thread roots 0.865ms
[2026-04-03T06:45:05.161+0600][3.616s][info][gc,start    ] GC(1) Pause Final Update Refs
[2026-04-03T06:45:05.161+0600][3.616s][info][gc,task     ] GC(1) Using 6 of 6 workers for final reference update
[2026-04-03T06:45:05.161+0600][3.616s][info][gc          ] GC(1) Pause Final Update Refs 0.246ms
[2026-04-03T06:45:05.162+0600][3.616s][info][gc,start    ] GC(1) Concurrent cleanup
[2026-04-03T06:45:05.162+0600][3.617s][info][gc          ] GC(1) Concurrent cleanup 137M->18M(424M) 0.759ms
[2026-04-03T06:45:05.162+0600][3.617s][info][gc,ergo     ] Free: 3705M, Max: 1024K regular, 3593M humongous, Frag: 4% external, 0% internal; Reserve: 197M, Max: 1024K
[2026-04-03T06:45:05.162+0600][3.617s][info][gc,stats    ] 
[2026-04-03T06:45:05.162+0600][3.617s][info][gc,stats    ] All times are wall-clock times, except per-root-class counters, that are sum over
[2026-04-03T06:45:05.163+0600][3.617s][info][gc,stats    ] all workers. Dividing the <total> over the root stage time estimates parallelism.
[2026-04-03T06:45:05.163+0600][3.617s][info][gc,stats    ] 
[2026-04-03T06:45:05.163+0600][3.617s][info][gc,stats    ] Concurrent Reset                  10689 us
[2026-04-03T06:45:05.163+0600][3.617s][info][gc,stats    ] Pause Init Mark (G)                 572 us
[2026-04-03T06:45:05.163+0600][3.617s][info][gc,stats    ] Pause Init Mark (N)                 180 us
[2026-04-03T06:45:05.163+0600][3.617s][info][gc,stats    ]   Update Region States               32 us
[2026-04-03T06:45:05.163+0600][3.617s][info][gc,stats    ] Concurrent Mark Roots              1455 us, parallelism: 1.96x
[2026-04-03T06:45:05.163+0600][3.617s][info][gc,stats    ]   CMR: <total>                     2844 us
[2026-04-03T06:45:05.163+0600][3.617s][info][gc,stats    ]   CMR: Thread Roots                2264 us, workers (us): 362, 966, 936, ---, ---, ---, 
[2026-04-03T06:45:05.163+0600][3.617s][info][gc,stats    ]   CMR: VM Strong Roots              336 us, workers (us): 119, 113, 103, ---, ---, ---, 
[2026-04-03T06:45:05.163+0600][3.617s][info][gc,stats    ]   CMR: CLDG Roots                   244 us, workers (us): 244, ---, ---, ---, ---, ---, 
[2026-04-03T06:45:05.163+0600][3.617s][info][gc,stats    ] Concurrent Marking                10161 us
[2026-04-03T06:45:05.163+0600][3.617s][info][gc,stats    ] Pause Final Mark (G)                947 us
[2026-04-03T06:45:05.163+0600][3.617s][info][gc,stats    ] Pause Final Mark (N)                730 us
[2026-04-03T06:45:05.163+0600][3.617s][info][gc,stats    ]   Finish Mark                       326 us
[2026-04-03T06:45:05.163+0600][3.617s][info][gc,stats    ]   Update Region States               53 us
[2026-04-03T06:45:05.163+0600][3.617s][info][gc,stats    ]   Choose Collection Set             192 us
[2026-04-03T06:45:05.163+0600][3.617s][info][gc,stats    ]   Rebuild Free Set                   37 us
[2026-04-03T06:45:05.163+0600][3.617s][info][gc,stats    ] Concurrent Thread Roots             726 us, parallelism: 1.11x
[2026-04-03T06:45:05.163+0600][3.617s][info][gc,stats    ]   CTR: <total>                      807 us
[2026-04-03T06:45:05.163+0600][3.617s][info][gc,stats    ]   CTR: Thread Roots                 807 us, workers (us): 193, 510, 105, ---, ---, ---, 
[2026-04-03T06:45:05.163+0600][3.617s][info][gc,stats    ] Concurrent Weak References         1046 us, parallelism: 1.13x
[2026-04-03T06:45:05.163+0600][3.617s][info][gc,stats    ]   CWRF: <total>                    1181 us
[2026-04-03T06:45:05.163+0600][3.617s][info][gc,stats    ]   CWRF: Weak References            1181 us, workers (us): 131, 348, 702, ---, ---, ---, 
[2026-04-03T06:45:05.163+0600][3.618s][info][gc,stats    ] Concurrent Weak Roots              1697 us
[2026-04-03T06:45:05.163+0600][3.618s][info][gc,stats    ]   Roots                            1417 us, parallelism: 2.65x
[2026-04-03T06:45:05.163+0600][3.618s][info][gc,stats    ]     CWR: <total>                   3756 us
[2026-04-03T06:45:05.163+0600][3.618s][info][gc,stats    ]     CWR: Code Cache Roots          1140 us, workers (us): 414, 374, 352, ---, ---, ---, 
[2026-04-03T06:45:05.163+0600][3.618s][info][gc,stats    ]     CWR: VM Weak Roots             2596 us, workers (us): 890, 901, 806, ---, ---, ---, 
[2026-04-03T06:45:05.163+0600][3.618s][info][gc,stats    ]     CWR: CLDG Roots                  20 us, workers (us): ---, ---,  20, ---, ---, ---, 
[2026-04-03T06:45:05.163+0600][3.618s][info][gc,stats    ]   Rendezvous                        141 us
[2026-04-03T06:45:05.163+0600][3.618s][info][gc,stats    ] Concurrent Cleanup                  284 us
[2026-04-03T06:45:05.163+0600][3.618s][info][gc,stats    ] Concurrent Class Unloading        10080 us
[2026-04-03T06:45:05.163+0600][3.618s][info][gc,stats    ]   Unlink Stale                     8947 us
[2026-04-03T06:45:05.163+0600][3.618s][info][gc,stats    ]     System Dictionary               210 us
[2026-04-03T06:45:05.163+0600][3.618s][info][gc,stats    ]     Weak Class Links               6553 us
[2026-04-03T06:45:05.163+0600][3.618s][info][gc,stats    ]     Code Roots                     2179 us
[2026-04-03T06:45:05.163+0600][3.618s][info][gc,stats    ]   Rendezvous                        224 us
[2026-04-03T06:45:05.163+0600][3.618s][info][gc,stats    ]   Purge Unlinked                    774 us
[2026-04-03T06:45:05.163+0600][3.618s][info][gc,stats    ]     Code Roots                      656 us
[2026-04-03T06:45:05.163+0600][3.618s][info][gc,stats    ]     CLDG                            115 us
[2026-04-03T06:45:05.163+0600][3.618s][info][gc,stats    ]     Exception Caches                  1 us
[2026-04-03T06:45:05.163+0600][3.618s][info][gc,stats    ] Concurrent Strong Roots            2232 us, parallelism: 0.89x
[2026-04-03T06:45:05.163+0600][3.618s][info][gc,stats    ]   CSR: <total>                     1997 us
[2026-04-03T06:45:05.163+0600][3.618s][info][gc,stats    ]   CSR: VM Strong Roots               88 us, workers (us):  52,  24,  13, ---, ---, ---, 
[2026-04-03T06:45:05.163+0600][3.618s][info][gc,stats    ]   CSR: CLDG Roots                  1909 us, workers (us): ---, 1909, ---, ---, ---, ---, 
[2026-04-03T06:45:05.163+0600][3.618s][info][gc,stats    ] Concurrent Evacuation              6132 us
[2026-04-03T06:45:05.163+0600][3.618s][info][gc,stats    ] Pause Init Update Refs (G)          527 us
[2026-04-03T06:45:05.163+0600][3.618s][info][gc,stats    ] Pause Init Update Refs (N)          156 us
[2026-04-03T06:45:05.163+0600][3.618s][info][gc,stats    ]   Manage GCLABs                      11 us
[2026-04-03T06:45:05.163+0600][3.618s][info][gc,stats    ] Concurrent Update Refs             7545 us
[2026-04-03T06:45:05.163+0600][3.618s][info][gc,stats    ] Concurrent Update Thread Roots      928 us
[2026-04-03T06:45:05.163+0600][3.618s][info][gc,stats    ] Pause Final Update Refs (G)         481 us
[2026-04-03T06:45:05.163+0600][3.618s][info][gc,stats    ] Pause Final Update Refs (N)         279 us
[2026-04-03T06:45:05.163+0600][3.618s][info][gc,stats    ]   Update Region States              101 us
[2026-04-03T06:45:05.163+0600][3.618s][info][gc,stats    ]   Trash Collection Set               11 us
[2026-04-03T06:45:05.163+0600][3.618s][info][gc,stats    ]   Rebuild Free Set                   39 us
[2026-04-03T06:45:05.163+0600][3.618s][info][gc,stats    ] Concurrent Cleanup                  785 us
[2026-04-03T06:45:05.163+0600][3.618s][info][gc,stats    ] 
[2026-04-03T06:45:05.163+0600][3.618s][info][gc,stats    ] Allocation pacing accrued:
[2026-04-03T06:45:05.164+0600][3.618s][info][gc,stats    ]       0 of  1047 ms (  0.0%): <total>
[2026-04-03T06:45:05.164+0600][3.618s][info][gc,stats    ]       0 of  1047 ms (  0.0%): <average total>
[2026-04-03T06:45:05.164+0600][3.618s][info][gc,stats    ] 
[2026-04-03T06:45:05.164+0600][3.618s][info][gc,metaspace] Metaspace: 34810K(35200K)->35052K(35392K) NonClass: 30134K(30336K)->30333K(30528K) Class: 4676K(4864K)->4718K(4864K)
[2026-04-03T06:45:05.164+0600][3.618s][info][gc,ergo     ] Pacer for Idle. Initial: 80302K, Alloc Tax Rate: 1.0x
[2026-04-03T06:45:05.164+0600][3.618s][info][gc,start    ] Concurrent uncommit
[2026-04-03T06:45:05.227+0600][3.682s][info][gc          ] Concurrent uncommit 21M->30M(31M) 63.329ms
[2026-04-03T06:45:18.494+0600][16.948s][info][gc          ] Trigger: Learning 2 of 5. Free (2744M) is below initial threshold (2744M)
[2026-04-03T06:45:18.494+0600][16.949s][info][gc,ergo     ] Free: 2744M, Max: 1024K regular, 2744M humongous, Frag: 0% external, 0% internal; Reserve: 197M, Max: 1024K
[2026-04-03T06:45:18.495+0600][16.949s][info][gc,start    ] GC(2) Concurrent reset
[2026-04-03T06:45:18.495+0600][16.949s][info][gc,task     ] GC(2) Using 3 of 6 workers for concurrent reset
[2026-04-03T06:45:18.495+0600][16.949s][info][gc,ergo     ] GC(2) Pacer for Reset. Non-Taxable: 3921M
[2026-04-03T06:45:18.500+0600][16.954s][info][gc          ] GC(2) Concurrent reset 5.083ms
[2026-04-03T06:45:18.501+0600][16.955s][info][gc,start    ] GC(2) Pause Init Mark (unload classes)
[2026-04-03T06:45:18.501+0600][16.955s][info][gc,task     ] GC(2) Using 6 of 6 workers for init marking
[2026-04-03T06:45:18.501+0600][16.955s][info][gc,ergo     ] GC(2) Pacer for Mark. Expected Live: 8785K, Free: 2743M, Non-Taxable: 274M, Alloc Tax Rate: 0.0x
[2026-04-03T06:45:18.501+0600][16.955s][info][gc          ] GC(2) Pause Init Mark (unload classes) 0.200ms
[2026-04-03T06:45:18.501+0600][16.956s][info][gc,start    ] GC(2) Concurrent marking roots
[2026-04-03T06:45:18.502+0600][16.956s][info][gc,task     ] GC(2) Using 3 of 6 workers for concurrent marking roots
[2026-04-03T06:45:18.506+0600][16.960s][info][gc          ] GC(2) Concurrent marking roots 4.117ms
[2026-04-03T06:45:18.506+0600][16.960s][info][gc,start    ] GC(2) Concurrent marking (unload classes)
[2026-04-03T06:45:18.506+0600][16.960s][info][gc,task     ] GC(2) Using 3 of 6 workers for concurrent marking
[2026-04-03T06:45:18.550+0600][17.004s][info][gc          ] GC(2) Concurrent marking (unload classes) 43.876ms
[2026-04-03T06:45:18.550+0600][17.005s][info][gc,start    ] GC(2) Pause Final Mark (unload classes)
[2026-04-03T06:45:18.550+0600][17.005s][info][gc,task     ] GC(2) Using 6 of 6 workers for final marking
[2026-04-03T06:45:18.550+0600][17.005s][info][gc,ergo     ] GC(2) Adaptive CSet Selection. Target Free: 555M, Actual Free: 3347M, Max CSet: 163M, Min Garbage: 0B
[2026-04-03T06:45:18.551+0600][17.005s][info][gc,ergo     ] GC(2) Collectable Garbage: 961M (99%), Immediate: 444M (46%), CSet: 517M (53%)
[2026-04-03T06:45:18.551+0600][17.005s][info][gc,ergo     ] GC(2) Pacer for Evacuation. Used CSet: 526M, Free: 3150M, Non-Taxable: 315M, Alloc Tax Rate: 1.1x
[2026-04-03T06:45:18.551+0600][17.005s][info][gc          ] GC(2) Pause Final Mark (unload classes) 0.798ms
[2026-04-03T06:45:18.553+0600][17.007s][info][gc,start    ] GC(2) Concurrent thread roots
[2026-04-03T06:45:18.553+0600][17.007s][info][gc,task     ] GC(2) Using 3 of 6 workers for Concurrent thread roots
[2026-04-03T06:45:18.555+0600][17.010s][info][gc          ] GC(2) Concurrent thread roots 2.195ms
[2026-04-03T06:45:18.555+0600][17.010s][info][gc,start    ] GC(2) Concurrent weak references
[2026-04-03T06:45:18.555+0600][17.010s][info][gc,task     ] GC(2) Using 3 of 6 workers for concurrent weak references
[2026-04-03T06:45:18.558+0600][17.012s][info][gc,ref      ] GC(2) Encountered references: Soft: 2589, Weak: 7882, Final: 73, Phantom: 350
[2026-04-03T06:45:18.558+0600][17.012s][info][gc,ref      ] GC(2) Discovered  references: Soft: 0, Weak: 4833, Final: 2, Phantom: 344
[2026-04-03T06:45:18.558+0600][17.012s][info][gc,ref      ] GC(2) Enqueued    references: Soft: 0, Weak: 2944, Final: 0, Phantom: 0
[2026-04-03T06:45:18.558+0600][17.013s][info][gc          ] GC(2) Concurrent weak references 2.858ms
[2026-04-03T06:45:18.558+0600][17.013s][info][gc,start    ] GC(2) Concurrent weak roots
[2026-04-03T06:45:18.558+0600][17.013s][info][gc,task     ] GC(2) Using 3 of 6 workers for concurrent weak root
[2026-04-03T06:45:18.568+0600][17.022s][info][gc          ] GC(2) Concurrent weak roots 9.927ms
[2026-04-03T06:45:18.568+0600][17.023s][info][gc,start    ] GC(2) Concurrent cleanup
[2026-04-03T06:45:18.569+0600][17.023s][info][gc          ] GC(2) Concurrent cleanup 1038M->594M(1039M) 0.442ms
[2026-04-03T06:45:18.569+0600][17.023s][info][gc,ergo     ] GC(2) Free: 3131M, Max: 1024K regular, 2687M humongous, Frag: 15% external, 0% internal; Reserve: 195M, Max: 1024K
[2026-04-03T06:45:18.569+0600][17.023s][info][gc,start    ] GC(2) Concurrent class unloading
[2026-04-03T06:45:18.569+0600][17.023s][info][gc,task     ] GC(2) Using 3 of 6 workers for concurrent class unloading
[2026-04-03T06:45:18.665+0600][17.120s][info][gc          ] GC(2) Concurrent class unloading 96.429ms
[2026-04-03T06:45:18.666+0600][17.120s][info][gc,start    ] GC(2) Concurrent strong roots
[2026-04-03T06:45:18.666+0600][17.120s][info][gc,task     ] GC(2) Using 3 of 6 workers for concurrent strong root
[2026-04-03T06:45:18.671+0600][17.126s][info][gc          ] GC(2) Concurrent strong roots 5.708ms
[2026-04-03T06:45:18.672+0600][17.126s][info][gc,start    ] GC(2) Concurrent evacuation
[2026-04-03T06:45:18.672+0600][17.126s][info][gc,task     ] GC(2) Using 3 of 6 workers for concurrent evacuation
[2026-04-03T06:45:18.707+0600][17.162s][info][gc          ] GC(2) Concurrent evacuation 35.630ms
[2026-04-03T06:45:18.708+0600][17.162s][info][gc,start    ] GC(2) Pause Init Update Refs
[2026-04-03T06:45:18.708+0600][17.162s][info][gc,ergo     ] GC(2) Pacer for Update Refs. Used: 619M, Free: 3116M, Non-Taxable: 311M, Alloc Tax Rate: 1.1x
[2026-04-03T06:45:18.708+0600][17.163s][info][gc          ] GC(2) Pause Init Update Refs 0.190ms
[2026-04-03T06:45:18.712+0600][17.166s][info][gc,start    ] GC(2) Concurrent update references
[2026-04-03T06:45:18.712+0600][17.166s][info][gc,task     ] GC(2) Using 3 of 6 workers for concurrent reference update
[2026-04-03T06:45:18.755+0600][17.209s][info][gc          ] GC(2) Concurrent update references 43.150ms
[2026-04-03T06:45:18.755+0600][17.210s][info][gc,start    ] GC(2) Concurrent update thread roots
[2026-04-03T06:45:18.757+0600][17.211s][info][gc          ] GC(2) Concurrent update thread roots 1.660ms
[2026-04-03T06:45:18.758+0600][17.212s][info][gc,start    ] GC(2) Pause Final Update Refs
[2026-04-03T06:45:18.758+0600][17.213s][info][gc,task     ] GC(2) Using 6 of 6 workers for final reference update
[2026-04-03T06:45:18.758+0600][17.213s][info][gc          ] GC(2) Pause Final Update Refs 0.340ms
[2026-04-03T06:45:18.760+0600][17.215s][info][gc,start    ] GC(2) Concurrent cleanup
[2026-04-03T06:45:18.761+0600][17.215s][info][gc          ] GC(2) Concurrent cleanup 621M->94M(1049M) 0.534ms
[2026-04-03T06:45:18.761+0600][17.215s][info][gc,ergo     ] Free: 3629M, Max: 1024K regular, 2678M humongous, Frag: 27% external, 0% internal; Reserve: 197M, Max: 1024K
[2026-04-03T06:45:18.761+0600][17.216s][info][gc,stats    ] 
[2026-04-03T06:45:18.761+0600][17.216s][info][gc,stats    ] All times are wall-clock times, except per-root-class counters, that are sum over
[2026-04-03T06:45:18.761+0600][17.216s][info][gc,stats    ] all workers. Dividing the <total> over the root stage time estimates parallelism.
[2026-04-03T06:45:18.761+0600][17.216s][info][gc,stats    ] 
[2026-04-03T06:45:18.761+0600][17.216s][info][gc,stats    ] Concurrent Reset                   5281 us
[2026-04-03T06:45:18.761+0600][17.216s][info][gc,stats    ] Pause Init Mark (G)                1612 us
[2026-04-03T06:45:18.761+0600][17.216s][info][gc,stats    ] Pause Init Mark (N)                 214 us
[2026-04-03T06:45:18.761+0600][17.216s][info][gc,stats    ]   Update Region States               53 us
[2026-04-03T06:45:18.761+0600][17.216s][info][gc,stats    ] Concurrent Mark Roots              4254 us, parallelism: 1.00x
[2026-04-03T06:45:18.761+0600][17.216s][info][gc,stats    ]   CMR: <total>                     4252 us
[2026-04-03T06:45:18.761+0600][17.216s][info][gc,stats    ]   CMR: Thread Roots                3807 us, workers (us): 2561, 1246,   0, ---, ---, ---, 
[2026-04-03T06:45:18.761+0600][17.216s][info][gc,stats    ]   CMR: VM Strong Roots              149 us, workers (us): 147,   1,   1, ---, ---, ---, 
[2026-04-03T06:45:18.761+0600][17.216s][info][gc,stats    ]   CMR: CLDG Roots                   296 us, workers (us): 296, ---, ---, ---, ---, ---, 
[2026-04-03T06:45:18.761+0600][17.216s][info][gc,stats    ] Concurrent Marking                44036 us
[2026-04-03T06:45:18.761+0600][17.216s][info][gc,stats    ] Pause Final Mark (G)               3068 us
[2026-04-03T06:45:18.761+0600][17.216s][info][gc,stats    ] Pause Final Mark (N)                822 us
[2026-04-03T06:45:18.761+0600][17.216s][info][gc,stats    ]   Finish Mark                       184 us
[2026-04-03T06:45:18.761+0600][17.216s][info][gc,stats    ]   Update Region States               77 us
[2026-04-03T06:45:18.761+0600][17.216s][info][gc,stats    ]   Choose Collection Set             344 us
[2026-04-03T06:45:18.761+0600][17.216s][info][gc,stats    ]   Rebuild Free Set                   75 us
[2026-04-03T06:45:18.761+0600][17.216s][info][gc,stats    ] Concurrent Thread Roots            2334 us, parallelism: 1.61x
[2026-04-03T06:45:18.761+0600][17.216s][info][gc,stats    ]   CTR: <total>                     3769 us
[2026-04-03T06:45:18.761+0600][17.216s][info][gc,stats    ]   CTR: Thread Roots                3769 us, workers (us): 1888, 1727, 154, ---, ---, ---, 
[2026-04-03T06:45:18.761+0600][17.216s][info][gc,stats    ] Concurrent Weak References         2878 us, parallelism: 0.91x
[2026-04-03T06:45:18.761+0600][17.216s][info][gc,stats    ]   CWRF: <total>                    2615 us
[2026-04-03T06:45:18.761+0600][17.216s][info][gc,stats    ]   CWRF: Weak References            2615 us, workers (us): 442, 2172,   1, ---, ---, ---, 
[2026-04-03T06:45:18.761+0600][17.216s][info][gc,stats    ] Concurrent Weak Roots             10284 us
[2026-04-03T06:45:18.762+0600][17.216s][info][gc,stats    ]   Roots                            8346 us, parallelism: 2.01x
[2026-04-03T06:45:18.762+0600][17.216s][info][gc,stats    ]     CWR: <total>                  16789 us
[2026-04-03T06:45:18.762+0600][17.216s][info][gc,stats    ]     CWR: Code Cache Roots         10839 us, workers (us): 2166, 6002, 2671, ---, ---, ---, 
[2026-04-03T06:45:18.762+0600][17.216s][info][gc,stats    ]     CWR: VM Weak Roots             5835 us, workers (us): 2128, 1952, 1755, ---, ---, ---, 
[2026-04-03T06:45:18.762+0600][17.216s][info][gc,stats    ]     CWR: CLDG Roots                 116 us, workers (us): ---, ---, 116, ---, ---, ---, 
[2026-04-03T06:45:18.762+0600][17.216s][info][gc,stats    ]   Rendezvous                       1540 us
[2026-04-03T06:45:18.762+0600][17.216s][info][gc,stats    ] Concurrent Cleanup                  508 us
[2026-04-03T06:45:18.762+0600][17.216s][info][gc,stats    ] Concurrent Class Unloading        96592 us
[2026-04-03T06:45:18.762+0600][17.216s][info][gc,stats    ]   Unlink Stale                    61891 us
[2026-04-03T06:45:18.762+0600][17.216s][info][gc,stats    ]     System Dictionary               728 us
[2026-04-03T06:45:18.762+0600][17.216s][info][gc,stats    ]     Weak Class Links              38254 us
[2026-04-03T06:45:18.762+0600][17.216s][info][gc,stats    ]     Code Roots                    22900 us
[2026-04-03T06:45:18.762+0600][17.216s][info][gc,stats    ]   Rendezvous                       1169 us
[2026-04-03T06:45:18.762+0600][17.216s][info][gc,stats    ]   Purge Unlinked                  33301 us
[2026-04-03T06:45:18.762+0600][17.216s][info][gc,stats    ]     Code Roots                    32340 us
[2026-04-03T06:45:18.762+0600][17.216s][info][gc,stats    ]     CLDG                            957 us
[2026-04-03T06:45:18.762+0600][17.216s][info][gc,stats    ]     Exception Caches                  1 us
[2026-04-03T06:45:18.762+0600][17.216s][info][gc,stats    ] Concurrent Strong Roots            6020 us, parallelism: 0.47x
[2026-04-03T06:45:18.762+0600][17.216s][info][gc,stats    ]   CSR: <total>                     2832 us
[2026-04-03T06:45:18.762+0600][17.216s][info][gc,stats    ]   CSR: VM Strong Roots               35 us, workers (us):  32,   2,   0, ---, ---, ---, 
[2026-04-03T06:45:18.762+0600][17.216s][info][gc,stats    ]   CSR: CLDG Roots                  2797 us, workers (us): 2797, ---, ---, ---, ---, ---, 
[2026-04-03T06:45:18.762+0600][17.216s][info][gc,stats    ] Concurrent Evacuation             36015 us
[2026-04-03T06:45:18.762+0600][17.216s][info][gc,stats    ] Pause Init Update Refs (G)         4088 us
[2026-04-03T06:45:18.762+0600][17.216s][info][gc,stats    ] Pause Init Update Refs (N)          213 us
[2026-04-03T06:45:18.762+0600][17.216s][info][gc,stats    ]   Manage GCLABs                      52 us
[2026-04-03T06:45:18.762+0600][17.216s][info][gc,stats    ] Concurrent Update Refs            43332 us
[2026-04-03T06:45:18.762+0600][17.216s][info][gc,stats    ] Concurrent Update Thread Roots     1787 us
[2026-04-03T06:45:18.762+0600][17.216s][info][gc,stats    ] Pause Final Update Refs (G)        3393 us
[2026-04-03T06:45:18.762+0600][17.216s][info][gc,stats    ] Pause Final Update Refs (N)         386 us
[2026-04-03T06:45:18.762+0600][17.217s][info][gc,stats    ]   Update Region States               93 us
[2026-04-03T06:45:18.762+0600][17.217s][info][gc,stats    ]   Trash Collection Set               54 us
[2026-04-03T06:45:18.762+0600][17.217s][info][gc,stats    ]   Rebuild Free Set                   56 us
[2026-04-03T06:45:18.762+0600][17.217s][info][gc,stats    ] Concurrent Cleanup                  606 us
[2026-04-03T06:45:18.762+0600][17.217s][info][gc,stats    ] 
[2026-04-03T06:45:18.762+0600][17.217s][info][gc,stats    ] Allocation pacing accrued:
[2026-04-03T06:45:18.762+0600][17.217s][info][gc,stats    ]       0 of 13599 ms (  0.0%): <total>
[2026-04-03T06:45:18.762+0600][17.217s][info][gc,stats    ]       0 of 13599 ms (  0.0%): <average total>
[2026-04-03T06:45:18.762+0600][17.217s][info][gc,stats    ] 
[2026-04-03T06:45:18.762+0600][17.217s][info][gc,metaspace] Metaspace: 55179K(55808K)->54776K(55808K) NonClass: 46586K(46976K)->46306K(46976K) Class: 8592K(8832K)->8470K(8832K)
[2026-04-03T06:45:18.762+0600][17.217s][info][gc,ergo     ] Pacer for Idle. Initial: 80302K, Alloc Tax Rate: 1.0x
[2026-04-03T06:45:23.780+0600][22.235s][info][gc          ] Trigger: Learning 3 of 5. Free (2744M) is below initial threshold (2744M)
[2026-04-03T06:45:23.781+0600][22.235s][info][gc,ergo     ] Free: 2743M, Max: 1024K regular, 2678M humongous, Frag: 3% external, 0% internal; Reserve: 197M, Max: 1024K
[2026-04-03T06:45:23.781+0600][22.236s][info][gc,start    ] GC(3) Concurrent reset
[2026-04-03T06:45:23.781+0600][22.236s][info][gc,task     ] GC(3) Using 3 of 6 workers for concurrent reset
[2026-04-03T06:45:23.781+0600][22.236s][info][gc,ergo     ] GC(3) Pacer for Reset. Non-Taxable: 3921M
[2026-04-03T06:45:23.816+0600][22.271s][info][gc          ] GC(3) Concurrent reset 34.961ms
[2026-04-03T06:45:23.817+0600][22.272s][info][gc,start    ] GC(3) Pause Init Mark (unload classes)
[2026-04-03T06:45:23.817+0600][22.272s][info][gc,task     ] GC(3) Using 6 of 6 workers for init marking
[2026-04-03T06:45:23.817+0600][22.272s][info][gc,ergo     ] GC(3) Pacer for Mark. Expected Live: 12081K, Free: 2738M, Non-Taxable: 273M, Alloc Tax Rate: 0.0x
[2026-04-03T06:45:23.817+0600][22.272s][info][gc          ] GC(3) Pause Init Mark (unload classes) 0.182ms
[2026-04-03T06:45:23.818+0600][22.272s][info][gc,start    ] GC(3) Concurrent marking roots
[2026-04-03T06:45:23.818+0600][22.272s][info][gc,task     ] GC(3) Using 3 of 6 workers for concurrent marking roots
[2026-04-03T06:45:23.819+0600][22.273s][info][gc          ] GC(3) Concurrent marking roots 1.141ms
[2026-04-03T06:45:23.819+0600][22.274s][info][gc,start    ] GC(3) Concurrent marking (unload classes)
[2026-04-03T06:45:23.819+0600][22.274s][info][gc,task     ] GC(3) Using 3 of 6 workers for concurrent marking
[2026-04-03T06:45:23.856+0600][22.310s][info][gc          ] GC(3) Concurrent marking (unload classes) 36.856ms
[2026-04-03T06:45:23.857+0600][22.312s][info][gc,start    ] GC(3) Pause Final Mark (unload classes)
[2026-04-03T06:45:23.857+0600][22.312s][info][gc,task     ] GC(3) Using 6 of 6 workers for final marking
[2026-04-03T06:45:23.858+0600][22.312s][info][gc,ergo     ] GC(3) Adaptive CSet Selection. Target Free: 555M, Actual Free: 3662M, Max CSet: 163M, Min Garbage: 0B
[2026-04-03T06:45:23.858+0600][22.312s][info][gc,ergo     ] GC(3) Collectable Garbage: 965M (99%), Immediate: 764M (79%), CSet: 200M (20%)
[2026-04-03T06:45:23.858+0600][22.312s][info][gc,ergo     ] GC(3) Pacer for Evacuation. Used CSet: 201M, Free: 3466M, Non-Taxable: 346M, Alloc Tax Rate: 1.1x
[2026-04-03T06:45:23.858+0600][22.312s][info][gc          ] GC(3) Pause Final Mark (unload classes) 0.616ms
[2026-04-03T06:45:23.858+0600][22.313s][info][gc,start    ] GC(3) Concurrent thread roots
[2026-04-03T06:45:23.858+0600][22.313s][info][gc,task     ] GC(3) Using 3 of 6 workers for Concurrent thread roots
[2026-04-03T06:45:23.861+0600][22.316s][info][gc          ] GC(3) Concurrent thread roots 3.020ms
[2026-04-03T06:45:23.863+0600][22.317s][info][gc,start    ] GC(3) Concurrent weak references
[2026-04-03T06:45:23.863+0600][22.317s][info][gc,task     ] GC(3) Using 3 of 6 workers for concurrent weak references
[2026-04-03T06:45:23.863+0600][22.318s][info][gc,ref      ] GC(3) Encountered references: Soft: 2589, Weak: 4938, Final: 73, Phantom: 350
[2026-04-03T06:45:23.863+0600][22.318s][info][gc,ref      ] GC(3) Discovered  references: Soft: 0, Weak: 1027, Final: 0, Phantom: 344
[2026-04-03T06:45:23.863+0600][22.318s][info][gc,ref      ] GC(3) Enqueued    references: Soft: 0, Weak: 0, Final: 0, Phantom: 0
[2026-04-03T06:45:23.863+0600][22.318s][info][gc          ] GC(3) Concurrent weak references 0.528ms
[2026-04-03T06:45:23.863+0600][22.318s][info][gc,start    ] GC(3) Concurrent weak roots
[2026-04-03T06:45:23.863+0600][22.318s][info][gc,task     ] GC(3) Using 3 of 6 workers for concurrent weak root
[2026-04-03T06:45:23.870+0600][22.324s][info][gc          ] GC(3) Concurrent weak roots 6.514ms
[2026-04-03T06:45:23.870+0600][22.325s][info][gc,start    ] GC(3) Concurrent cleanup
[2026-04-03T06:45:23.871+0600][22.325s][info][gc          ] GC(3) Concurrent cleanup 1042M->277M(1049M) 0.508ms
[2026-04-03T06:45:23.871+0600][22.325s][info][gc,ergo     ] GC(3) Free: 3446M, Max: 1024K regular, 2678M humongous, Frag: 23% external, 0% internal; Reserve: 196M, Max: 1024K
[2026-04-03T06:45:23.871+0600][22.325s][info][gc,start    ] GC(3) Concurrent class unloading
[2026-04-03T06:45:23.871+0600][22.325s][info][gc,task     ] GC(3) Using 3 of 6 workers for concurrent class unloading
[2026-04-03T06:45:23.902+0600][22.357s][info][gc          ] GC(3) Concurrent class unloading 31.528ms
[2026-04-03T06:45:23.902+0600][22.357s][info][gc,start    ] GC(3) Concurrent strong roots
[2026-04-03T06:45:23.903+0600][22.357s][info][gc,task     ] GC(3) Using 3 of 6 workers for concurrent strong root
[2026-04-03T06:45:23.903+0600][22.358s][info][gc          ] GC(3) Concurrent strong roots 0.948ms
[2026-04-03T06:45:23.904+0600][22.358s][info][gc,start    ] GC(3) Concurrent evacuation
[2026-04-03T06:45:23.904+0600][22.358s][info][gc,task     ] GC(3) Using 3 of 6 workers for concurrent evacuation
[2026-04-03T06:45:23.907+0600][22.361s][info][gc          ] GC(3) Concurrent evacuation 3.134ms
[2026-04-03T06:45:23.908+0600][22.362s][info][gc,start    ] GC(3) Pause Init Update Refs
[2026-04-03T06:45:23.908+0600][22.362s][info][gc,ergo     ] GC(3) Pacer for Update Refs. Used: 293M, Free: 3432M, Non-Taxable: 343M, Alloc Tax Rate: 1.1x
[2026-04-03T06:45:23.908+0600][22.362s][info][gc          ] GC(3) Pause Init Update Refs 0.115ms
[2026-04-03T06:45:23.909+0600][22.363s][info][gc,start    ] GC(3) Concurrent update references
[2026-04-03T06:45:23.909+0600][22.363s][info][gc,task     ] GC(3) Using 3 of 6 workers for concurrent reference update
[2026-04-03T06:45:23.933+0600][22.387s][info][gc          ] GC(3) Concurrent update references 24.006ms
[2026-04-03T06:45:23.933+0600][22.387s][info][gc,start    ] GC(3) Concurrent update thread roots
[2026-04-03T06:45:23.933+0600][22.388s][info][gc          ] GC(3) Concurrent update thread roots 0.477ms
[2026-04-03T06:45:23.934+0600][22.388s][info][gc,start    ] GC(3) Pause Final Update Refs
[2026-04-03T06:45:23.934+0600][22.388s][info][gc,task     ] GC(3) Using 6 of 6 workers for final reference update
[2026-04-03T06:45:23.934+0600][22.388s][info][gc          ] GC(3) Pause Final Update Refs 0.210ms
[2026-04-03T06:45:23.935+0600][22.389s][info][gc,start    ] GC(3) Concurrent cleanup
[2026-04-03T06:45:23.936+0600][22.390s][info][gc          ] GC(3) Concurrent cleanup 295M->94M(1049M) 0.808ms
[2026-04-03T06:45:23.936+0600][22.390s][info][gc,ergo     ] Free: 3629M, Max: 1024K regular, 2738M humongous, Frag: 25% external, 0% internal; Reserve: 197M, Max: 1024K
[2026-04-03T06:45:23.936+0600][22.390s][info][gc,stats    ] 
[2026-04-03T06:45:23.936+0600][22.390s][info][gc,stats    ] All times are wall-clock times, except per-root-class counters, that are sum over
[2026-04-03T06:45:23.936+0600][22.390s][info][gc,stats    ] all workers. Dividing the <total> over the root stage time estimates parallelism.
[2026-04-03T06:45:23.936+0600][22.390s][info][gc,stats    ] 
[2026-04-03T06:45:23.936+0600][22.390s][info][gc,stats    ] Concurrent Reset                  35252 us
[2026-04-03T06:45:23.936+0600][22.390s][info][gc,stats    ] Pause Init Mark (G)                1432 us
[2026-04-03T06:45:23.936+0600][22.390s][info][gc,stats    ] Pause Init Mark (N)                 205 us
[2026-04-03T06:45:23.936+0600][22.390s][info][gc,stats    ]   Update Region States               50 us
[2026-04-03T06:45:23.936+0600][22.390s][info][gc,stats    ] Concurrent Mark Roots              1234 us, parallelism: 0.71x
[2026-04-03T06:45:23.936+0600][22.390s][info][gc,stats    ]   CMR: <total>                      875 us
[2026-04-03T06:45:23.936+0600][22.390s][info][gc,stats    ]   CMR: Thread Roots                 685 us, workers (us): 685,   0,   0, ---, ---, ---, 
[2026-04-03T06:45:23.936+0600][22.390s][info][gc,stats    ]   CMR: VM Strong Roots               28 us, workers (us):  27,   1,   0, ---, ---, ---, 
[2026-04-03T06:45:23.936+0600][22.390s][info][gc,stats    ]   CMR: CLDG Roots                   162 us, workers (us): 162, ---, ---, ---, ---, ---, 
[2026-04-03T06:45:23.936+0600][22.390s][info][gc,stats    ] Concurrent Marking                37988 us
[2026-04-03T06:45:23.936+0600][22.390s][info][gc,stats    ] Pause Final Mark (G)               1039 us
[2026-04-03T06:45:23.936+0600][22.390s][info][gc,stats    ] Pause Final Mark (N)                630 us
[2026-04-03T06:45:23.936+0600][22.391s][info][gc,stats    ]   Finish Mark                       205 us
[2026-04-03T06:45:23.936+0600][22.391s][info][gc,stats    ]   Update Region States               66 us
[2026-04-03T06:45:23.936+0600][22.391s][info][gc,stats    ]   Choose Collection Set             148 us
[2026-04-03T06:45:23.936+0600][22.391s][info][gc,stats    ]   Rebuild Free Set                   49 us
[2026-04-03T06:45:23.936+0600][22.391s][info][gc,stats    ] Concurrent Thread Roots            4559 us, parallelism: 0.42x
[2026-04-03T06:45:23.936+0600][22.391s][info][gc,stats    ]   CTR: <total>                     1911 us
[2026-04-03T06:45:23.936+0600][22.391s][info][gc,stats    ]   CTR: Thread Roots                1911 us, workers (us): 1349, 562,   0, ---, ---, ---, 
[2026-04-03T06:45:23.936+0600][22.391s][info][gc,stats    ] Concurrent Weak References          549 us, parallelism: 0.36x
[2026-04-03T06:45:23.936+0600][22.391s][info][gc,stats    ]   CWRF: <total>                     199 us
[2026-04-03T06:45:23.936+0600][22.391s][info][gc,stats    ]   CWRF: Weak References             199 us, workers (us): 199,   0,   0, ---, ---, ---, 
[2026-04-03T06:45:23.936+0600][22.391s][info][gc,stats    ] Concurrent Weak Roots              6862 us
[2026-04-03T06:45:23.936+0600][22.391s][info][gc,stats    ]   Roots                            3451 us, parallelism: 2.40x
[2026-04-03T06:45:23.936+0600][22.391s][info][gc,stats    ]     CWR: <total>                   8298 us
[2026-04-03T06:45:23.936+0600][22.391s][info][gc,stats    ]     CWR: Code Cache Roots          7037 us, workers (us): 2399, 2334, 2303, ---, ---, ---, 
[2026-04-03T06:45:23.936+0600][22.391s][info][gc,stats    ]     CWR: VM Weak Roots             1211 us, workers (us): 524, 446, 241, ---, ---, ---, 
[2026-04-03T06:45:23.936+0600][22.391s][info][gc,stats    ]     CWR: CLDG Roots                  51 us, workers (us): ---, ---,  51, ---, ---, ---, 
[2026-04-03T06:45:23.936+0600][22.391s][info][gc,stats    ]   Rendezvous                       3023 us
[2026-04-03T06:45:23.936+0600][22.391s][info][gc,stats    ] Concurrent Cleanup                  611 us
[2026-04-03T06:45:23.936+0600][22.391s][info][gc,stats    ] Concurrent Class Unloading        31719 us
[2026-04-03T06:45:23.936+0600][22.391s][info][gc,stats    ]   Unlink Stale                    16900 us
[2026-04-03T06:45:23.936+0600][22.391s][info][gc,stats    ]     System Dictionary                63 us
[2026-04-03T06:45:23.936+0600][22.391s][info][gc,stats    ]     Weak Class Links                  1 us
[2026-04-03T06:45:23.936+0600][22.391s][info][gc,stats    ]     Code Roots                    16832 us
[2026-04-03T06:45:23.936+0600][22.391s][info][gc,stats    ]   Rendezvous                        159 us
[2026-04-03T06:45:23.936+0600][22.391s][info][gc,stats    ]   Purge Unlinked                  14418 us
[2026-04-03T06:45:23.936+0600][22.391s][info][gc,stats    ]     Code Roots                    14352 us
[2026-04-03T06:45:23.936+0600][22.391s][info][gc,stats    ]     CLDG                             64 us
[2026-04-03T06:45:23.936+0600][22.391s][info][gc,stats    ]     Exception Caches                  1 us
[2026-04-03T06:45:23.936+0600][22.391s][info][gc,stats    ] Concurrent Strong Roots            1061 us, parallelism: 0.37x
[2026-04-03T06:45:23.936+0600][22.391s][info][gc,stats    ]   CSR: <total>                      392 us
[2026-04-03T06:45:23.936+0600][22.391s][info][gc,stats    ]   CSR: VM Strong Roots               15 us, workers (us):  15,   0,   0, ---, ---, ---, 
[2026-04-03T06:45:23.936+0600][22.391s][info][gc,stats    ]   CSR: CLDG Roots                   376 us, workers (us): 376, ---, ---, ---, ---, ---, 
[2026-04-03T06:45:23.936+0600][22.391s][info][gc,stats    ] Concurrent Evacuation              3907 us
[2026-04-03T06:45:23.936+0600][22.391s][info][gc,stats    ] Pause Init Update Refs (G)         1239 us
[2026-04-03T06:45:23.937+0600][22.391s][info][gc,stats    ] Pause Init Update Refs (N)          135 us
[2026-04-03T06:45:23.937+0600][22.391s][info][gc,stats    ]   Manage GCLABs                      17 us
[2026-04-03T06:45:23.937+0600][22.391s][info][gc,stats    ] Concurrent Update Refs            24109 us
[2026-04-03T06:45:23.937+0600][22.391s][info][gc,stats    ] Concurrent Update Thread Roots      530 us
[2026-04-03T06:45:23.937+0600][22.391s][info][gc,stats    ] Pause Final Update Refs (G)        1398 us
[2026-04-03T06:45:23.937+0600][22.391s][info][gc,stats    ] Pause Final Update Refs (N)         240 us
[2026-04-03T06:45:23.937+0600][22.391s][info][gc,stats    ]   Update Region States               75 us
[2026-04-03T06:45:23.937+0600][22.391s][info][gc,stats    ]   Trash Collection Set               18 us
[2026-04-03T06:45:23.937+0600][22.391s][info][gc,stats    ]   Rebuild Free Set                   61 us
[2026-04-03T06:45:23.937+0600][22.391s][info][gc,stats    ] Concurrent Cleanup                  876 us
[2026-04-03T06:45:23.937+0600][22.391s][info][gc,stats    ] 
[2026-04-03T06:45:23.937+0600][22.391s][info][gc,stats    ] Allocation pacing accrued:
[2026-04-03T06:45:23.937+0600][22.391s][info][gc,stats    ]       0 of  5175 ms (  0.0%): <total>
[2026-04-03T06:45:23.937+0600][22.391s][info][gc,stats    ]       0 of  5175 ms (  0.0%): <average total>
[2026-04-03T06:45:23.937+0600][22.391s][info][gc,stats    ] 
[2026-04-03T06:45:23.937+0600][22.391s][info][gc,metaspace] Metaspace: 54795K(55808K)->54795K(55808K) NonClass: 46323K(46976K)->46323K(46976K) Class: 8472K(8832K)->8472K(8832K)
[2026-04-03T06:45:23.937+0600][22.391s][info][gc,ergo     ] Pacer for Idle. Initial: 80302K, Alloc Tax Rate: 1.0x
[2026-04-03T06:45:26.791+0600][25.245s][info][gc          ] Trigger: Learning 4 of 5. Free (2744M) is below initial threshold (2744M)
[2026-04-03T06:45:26.791+0600][25.246s][info][gc,ergo     ] Free: 2743M, Max: 1024K regular, 2738M humongous, Frag: 1% external, 0% internal; Reserve: 197M, Max: 1024K
[2026-04-03T06:45:26.792+0600][25.246s][info][gc,start    ] GC(4) Concurrent reset
[2026-04-03T06:45:26.792+0600][25.246s][info][gc,task     ] GC(4) Using 3 of 6 workers for concurrent reset
[2026-04-03T06:45:26.792+0600][25.246s][info][gc,ergo     ] GC(4) Pacer for Reset. Non-Taxable: 3921M
[2026-04-03T06:45:26.803+0600][25.257s][info][gc          ] GC(4) Concurrent reset 10.986ms
[2026-04-03T06:45:26.803+0600][25.258s][info][gc,start    ] GC(4) Pause Init Mark (unload classes)
[2026-04-03T06:45:26.803+0600][25.258s][info][gc,task     ] GC(4) Using 6 of 6 workers for init marking
[2026-04-03T06:45:26.804+0600][25.258s][info][gc,ergo     ] GC(4) Pacer for Mark. Expected Live: 13736K, Free: 2739M, Non-Taxable: 273M, Alloc Tax Rate: 0.0x
[2026-04-03T06:45:26.804+0600][25.258s][info][gc          ] GC(4) Pause Init Mark (unload classes) 0.164ms
[2026-04-03T06:45:26.805+0600][25.260s][info][gc,start    ] GC(4) Concurrent marking roots
[2026-04-03T06:45:26.805+0600][25.260s][info][gc,task     ] GC(4) Using 3 of 6 workers for concurrent marking roots
[2026-04-03T06:45:26.806+0600][25.261s][info][gc          ] GC(4) Concurrent marking roots 0.831ms
[2026-04-03T06:45:26.806+0600][25.261s][info][gc,start    ] GC(4) Concurrent marking (unload classes)
[2026-04-03T06:45:26.806+0600][25.261s][info][gc,task     ] GC(4) Using 3 of 6 workers for concurrent marking
[2026-04-03T06:45:26.844+0600][25.299s][info][gc          ] GC(4) Concurrent marking (unload classes) 37.926ms
[2026-04-03T06:45:26.844+0600][25.299s][info][gc,start    ] GC(4) Pause Final Mark (unload classes)
[2026-04-03T06:45:26.845+0600][25.299s][info][gc,task     ] GC(4) Using 6 of 6 workers for final marking
[2026-04-03T06:45:26.845+0600][25.299s][info][gc,ergo     ] GC(4) Adaptive CSet Selection. Target Free: 555M, Actual Free: 3665M, Max CSet: 163M, Min Garbage: 0B
[2026-04-03T06:45:26.845+0600][25.300s][info][gc,ergo     ] GC(4) Collectable Garbage: 964M (99%), Immediate: 765M (79%), CSet: 199M (20%)
[2026-04-03T06:45:26.845+0600][25.300s][info][gc,ergo     ] GC(4) Pacer for Evacuation. Used CSet: 200M, Free: 3468M, Non-Taxable: 346M, Alloc Tax Rate: 1.1x
[2026-04-03T06:45:26.845+0600][25.300s][info][gc          ] GC(4) Pause Final Mark (unload classes) 0.650ms
[2026-04-03T06:45:26.848+0600][25.302s][info][gc,start    ] GC(4) Concurrent thread roots
[2026-04-03T06:45:26.848+0600][25.302s][info][gc,task     ] GC(4) Using 3 of 6 workers for Concurrent thread roots
[2026-04-03T06:45:26.849+0600][25.303s][info][gc          ] GC(4) Concurrent thread roots 1.001ms
[2026-04-03T06:45:26.849+0600][25.303s][info][gc,start    ] GC(4) Concurrent weak references
[2026-04-03T06:45:26.849+0600][25.303s][info][gc,task     ] GC(4) Using 3 of 6 workers for concurrent weak references
[2026-04-03T06:45:26.849+0600][25.304s][info][gc,ref      ] GC(4) Encountered references: Soft: 2589, Weak: 4938, Final: 73, Phantom: 350
[2026-04-03T06:45:26.849+0600][25.304s][info][gc,ref      ] GC(4) Discovered  references: Soft: 0, Weak: 834, Final: 22, Phantom: 343
[2026-04-03T06:45:26.849+0600][25.304s][info][gc,ref      ] GC(4) Enqueued    references: Soft: 0, Weak: 0, Final: 0, Phantom: 0
[2026-04-03T06:45:26.849+0600][25.304s][info][gc          ] GC(4) Concurrent weak references 0.754ms
[2026-04-03T06:45:26.849+0600][25.304s][info][gc,start    ] GC(4) Concurrent weak roots
[2026-04-03T06:45:26.849+0600][25.304s][info][gc,task     ] GC(4) Using 3 of 6 workers for concurrent weak root
[2026-04-03T06:45:26.852+0600][25.307s][info][gc          ] GC(4) Concurrent weak roots 2.913ms
[2026-04-03T06:45:26.852+0600][25.307s][info][gc,start    ] GC(4) Concurrent cleanup
[2026-04-03T06:45:26.854+0600][25.308s][info][gc          ] GC(4) Concurrent cleanup 1037M->273M(1049M) 1.030ms
[2026-04-03T06:45:26.854+0600][25.308s][info][gc,ergo     ] GC(4) Free: 3450M, Max: 1024K regular, 2686M humongous, Frag: 23% external, 0% internal; Reserve: 196M, Max: 1024K
[2026-04-03T06:45:26.854+0600][25.308s][info][gc,start    ] GC(4) Concurrent class unloading
[2026-04-03T06:45:26.854+0600][25.308s][info][gc,task     ] GC(4) Using 3 of 6 workers for concurrent class unloading
[2026-04-03T06:45:26.874+0600][25.328s][info][gc          ] GC(4) Concurrent class unloading 19.751ms
[2026-04-03T06:45:26.874+0600][25.328s][info][gc,start    ] GC(4) Concurrent strong roots
[2026-04-03T06:45:26.874+0600][25.328s][info][gc,task     ] GC(4) Using 3 of 6 workers for concurrent strong root
[2026-04-03T06:45:26.875+0600][25.329s][info][gc          ] GC(4) Concurrent strong roots 1.041ms
[2026-04-03T06:45:26.875+0600][25.329s][info][gc,start    ] GC(4) Concurrent evacuation
[2026-04-03T06:45:26.875+0600][25.329s][info][gc,task     ] GC(4) Using 3 of 6 workers for concurrent evacuation
[2026-04-03T06:45:26.879+0600][25.333s][info][gc          ] GC(4) Concurrent evacuation 4.119ms
[2026-04-03T06:45:26.879+0600][25.334s][info][gc,start    ] GC(4) Pause Init Update Refs
[2026-04-03T06:45:26.879+0600][25.334s][info][gc,ergo     ] GC(4) Pacer for Update Refs. Used: 287M, Free: 3438M, Non-Taxable: 343M, Alloc Tax Rate: 1.1x
[2026-04-03T06:45:26.879+0600][25.334s][info][gc          ] GC(4) Pause Init Update Refs 0.109ms
[2026-04-03T06:45:26.881+0600][25.335s][info][gc,start    ] GC(4) Concurrent update references
[2026-04-03T06:45:26.881+0600][25.335s][info][gc,task     ] GC(4) Using 3 of 6 workers for concurrent reference update
[2026-04-03T06:45:26.903+0600][25.358s][info][gc          ] GC(4) Concurrent update references 22.576ms
[2026-04-03T06:45:26.903+0600][25.358s][info][gc,start    ] GC(4) Concurrent update thread roots
[2026-04-03T06:45:26.905+0600][25.360s][info][gc          ] GC(4) Concurrent update thread roots 1.753ms
[2026-04-03T06:45:26.906+0600][25.360s][info][gc,start    ] GC(4) Pause Final Update Refs
[2026-04-03T06:45:26.906+0600][25.361s][info][gc,task     ] GC(4) Using 6 of 6 workers for final reference update
[2026-04-03T06:45:26.906+0600][25.361s][info][gc          ] GC(4) Pause Final Update Refs 0.287ms
[2026-04-03T06:45:26.906+0600][25.361s][info][gc,start    ] GC(4) Concurrent cleanup
[2026-04-03T06:45:26.907+0600][25.362s][info][gc          ] GC(4) Concurrent cleanup 291M->90M(1049M) 0.933ms
[2026-04-03T06:45:26.908+0600][25.362s][info][gc,ergo     ] Free: 3633M, Max: 1024K regular, 2686M humongous, Frag: 27% external, 0% internal; Reserve: 197M, Max: 1024K
[2026-04-03T06:45:26.908+0600][25.362s][info][gc,stats    ] 
[2026-04-03T06:45:26.908+0600][25.362s][info][gc,stats    ] All times are wall-clock times, except per-root-class counters, that are sum over
[2026-04-03T06:45:26.908+0600][25.362s][info][gc,stats    ] all workers. Dividing the <total> over the root stage time estimates parallelism.
[2026-04-03T06:45:26.908+0600][25.362s][info][gc,stats    ] 
[2026-04-03T06:45:26.908+0600][25.362s][info][gc,stats    ] Concurrent Reset                  11528 us
[2026-04-03T06:45:26.908+0600][25.362s][info][gc,stats    ] Pause Init Mark (G)                1944 us
[2026-04-03T06:45:26.908+0600][25.362s][info][gc,stats    ] Pause Init Mark (N)                 176 us
[2026-04-03T06:45:26.908+0600][25.362s][info][gc,stats    ]   Update Region States               55 us
[2026-04-03T06:45:26.908+0600][25.362s][info][gc,stats    ] Concurrent Mark Roots               898 us, parallelism: 0.62x
[2026-04-03T06:45:26.908+0600][25.362s][info][gc,stats    ]   CMR: <total>                      559 us
[2026-04-03T06:45:26.908+0600][25.362s][info][gc,stats    ]   CMR: Thread Roots                 389 us, workers (us): 388,   0,   0, ---, ---, ---, 
[2026-04-03T06:45:26.908+0600][25.362s][info][gc,stats    ]   CMR: VM Strong Roots               25 us, workers (us):  24,   1,   0, ---, ---, ---, 
[2026-04-03T06:45:26.908+0600][25.362s][info][gc,stats    ]   CMR: CLDG Roots                   145 us, workers (us): 145, ---, ---, ---, ---, ---, 
[2026-04-03T06:45:26.908+0600][25.362s][info][gc,stats    ] Concurrent Marking                38108 us
[2026-04-03T06:45:26.908+0600][25.362s][info][gc,stats    ] Pause Final Mark (G)               3390 us
[2026-04-03T06:45:26.908+0600][25.362s][info][gc,stats    ] Pause Final Mark (N)                665 us
[2026-04-03T06:45:26.908+0600][25.362s][info][gc,stats    ]   Finish Mark                       176 us
[2026-04-03T06:45:26.908+0600][25.362s][info][gc,stats    ]   Update Region States               78 us
[2026-04-03T06:45:26.908+0600][25.362s][info][gc,stats    ]   Choose Collection Set             188 us
[2026-04-03T06:45:26.908+0600][25.362s][info][gc,stats    ]   Rebuild Free Set                   53 us
[2026-04-03T06:45:26.908+0600][25.363s][info][gc,stats    ] Concurrent Thread Roots            1109 us, parallelism: 1.00x
[2026-04-03T06:45:26.908+0600][25.363s][info][gc,stats    ]   CTR: <total>                     1103 us
[2026-04-03T06:45:26.908+0600][25.363s][info][gc,stats    ]   CTR: Thread Roots                1103 us, workers (us): 699, 404,   0, ---, ---, ---, 
[2026-04-03T06:45:26.908+0600][25.363s][info][gc,stats    ] Concurrent Weak References          768 us, parallelism: 0.28x
[2026-04-03T06:45:26.908+0600][25.363s][info][gc,stats    ]   CWRF: <total>                     216 us
[2026-04-03T06:45:26.908+0600][25.363s][info][gc,stats    ]   CWRF: Weak References             216 us, workers (us): 216,   0,   0, ---, ---, ---, 
[2026-04-03T06:45:26.908+0600][25.363s][info][gc,stats    ] Concurrent Weak Roots              3049 us
[2026-04-03T06:45:26.908+0600][25.363s][info][gc,stats    ]   Roots                            2428 us, parallelism: 2.70x
[2026-04-03T06:45:26.908+0600][25.363s][info][gc,stats    ]     CWR: <total>                   6545 us
[2026-04-03T06:45:26.908+0600][25.363s][info][gc,stats    ]     CWR: Code Cache Roots          5021 us, workers (us): 1646, 1644, 1731, ---, ---, ---, 
[2026-04-03T06:45:26.908+0600][25.363s][info][gc,stats    ]     CWR: VM Weak Roots             1490 us, workers (us): 575, 572, 343, ---, ---, ---, 
[2026-04-03T06:45:26.908+0600][25.363s][info][gc,stats    ]     CWR: CLDG Roots                  34 us, workers (us):  34, ---, ---, ---, ---, ---, 
[2026-04-03T06:45:26.908+0600][25.363s][info][gc,stats    ]   Rendezvous                        452 us
[2026-04-03T06:45:26.908+0600][25.363s][info][gc,stats    ] Concurrent Cleanup                 1125 us
[2026-04-03T06:45:26.908+0600][25.363s][info][gc,stats    ] Concurrent Class Unloading        19889 us
[2026-04-03T06:45:26.908+0600][25.363s][info][gc,stats    ]   Unlink Stale                    12139 us
[2026-04-03T06:45:26.908+0600][25.363s][info][gc,stats    ]     System Dictionary                52 us
[2026-04-03T06:45:26.908+0600][25.363s][info][gc,stats    ]     Weak Class Links                  1 us
[2026-04-03T06:45:26.908+0600][25.363s][info][gc,stats    ]     Code Roots                    12082 us
[2026-04-03T06:45:26.908+0600][25.363s][info][gc,stats    ]   Rendezvous                       2078 us
[2026-04-03T06:45:26.908+0600][25.363s][info][gc,stats    ]   Purge Unlinked                   5478 us
[2026-04-03T06:45:26.908+0600][25.363s][info][gc,stats    ]     Code Roots                     5416 us
[2026-04-03T06:45:26.908+0600][25.363s][info][gc,stats    ]     CLDG                             60 us
[2026-04-03T06:45:26.908+0600][25.363s][info][gc,stats    ]     Exception Caches                  1 us
[2026-04-03T06:45:26.908+0600][25.363s][info][gc,stats    ] Concurrent Strong Roots            1109 us, parallelism: 0.34x
[2026-04-03T06:45:26.908+0600][25.363s][info][gc,stats    ]   CSR: <total>                      374 us
[2026-04-03T06:45:26.908+0600][25.363s][info][gc,stats    ]   CSR: VM Strong Roots               15 us, workers (us):  14,   0,   0, ---, ---, ---, 
[2026-04-03T06:45:26.909+0600][25.363s][info][gc,stats    ]   CSR: CLDG Roots                   359 us, workers (us): 359, ---, ---, ---, ---, ---, 
[2026-04-03T06:45:26.909+0600][25.363s][info][gc,stats    ] Concurrent Evacuation              4242 us
[2026-04-03T06:45:26.909+0600][25.363s][info][gc,stats    ] Pause Init Update Refs (G)         1637 us
[2026-04-03T06:45:26.909+0600][25.363s][info][gc,stats    ] Pause Init Update Refs (N)          129 us
[2026-04-03T06:45:26.909+0600][25.363s][info][gc,stats    ]   Manage GCLABs                      21 us
[2026-04-03T06:45:26.909+0600][25.363s][info][gc,stats    ] Concurrent Update Refs            22862 us
[2026-04-03T06:45:26.909+0600][25.363s][info][gc,stats    ] Concurrent Update Thread Roots     2337 us
[2026-04-03T06:45:26.909+0600][25.363s][info][gc,stats    ] Pause Final Update Refs (G)         640 us
[2026-04-03T06:45:26.909+0600][25.363s][info][gc,stats    ] Pause Final Update Refs (N)         317 us
[2026-04-03T06:45:26.909+0600][25.363s][info][gc,stats    ]   Update Region States               82 us
[2026-04-03T06:45:26.909+0600][25.363s][info][gc,stats    ]   Trash Collection Set               38 us
[2026-04-03T06:45:26.909+0600][25.363s][info][gc,stats    ]   Rebuild Free Set                   57 us
[2026-04-03T06:45:26.909+0600][25.363s][info][gc,stats    ] Concurrent Cleanup                 1001 us
[2026-04-03T06:45:26.909+0600][25.363s][info][gc,stats    ] 
[2026-04-03T06:45:26.909+0600][25.363s][info][gc,stats    ] Allocation pacing accrued:
[2026-04-03T06:45:26.909+0600][25.363s][info][gc,stats    ]       0 of  2972 ms (  0.0%): <total>
[2026-04-03T06:45:26.909+0600][25.363s][info][gc,stats    ]       0 of  2972 ms (  0.0%): <average total>
[2026-04-03T06:45:26.909+0600][25.363s][info][gc,stats    ] 
[2026-04-03T06:45:26.909+0600][25.363s][info][gc,metaspace] Metaspace: 54797K(55808K)->54797K(55808K) NonClass: 46324K(46976K)->46324K(46976K) Class: 8473K(8832K)->8473K(8832K)
[2026-04-03T06:45:26.909+0600][25.363s][info][gc,ergo     ] Pacer for Idle. Initial: 80302K, Alloc Tax Rate: 1.0x
[2026-04-03T06:45:28.731+0600][27.186s][info][gc          ] Trigger: Learning 5 of 5. Free (2744M) is below initial threshold (2744M)
[2026-04-03T06:45:28.731+0600][27.186s][info][gc,ergo     ] Free: 2744M, Max: 1024K regular, 2686M humongous, Frag: 3% external, 0% internal; Reserve: 197M, Max: 1024K
[2026-04-03T06:45:28.731+0600][27.186s][info][gc,start    ] GC(5) Concurrent reset
[2026-04-03T06:45:28.731+0600][27.186s][info][gc,task     ] GC(5) Using 3 of 6 workers for concurrent reset
[2026-04-03T06:45:28.731+0600][27.186s][info][gc,ergo     ] GC(5) Pacer for Reset. Non-Taxable: 3921M
[2026-04-03T06:45:28.737+0600][27.191s][info][gc          ] GC(5) Concurrent reset 5.213ms
[2026-04-03T06:45:28.737+0600][27.192s][info][gc,start    ] GC(5) Pause Init Mark (unload classes)
[2026-04-03T06:45:28.737+0600][27.192s][info][gc,task     ] GC(5) Using 6 of 6 workers for init marking
[2026-04-03T06:45:28.737+0600][27.192s][info][gc,ergo     ] GC(5) Pacer for Mark. Expected Live: 14736K, Free: 2741M, Non-Taxable: 274M, Alloc Tax Rate: 0.0x
[2026-04-03T06:45:28.737+0600][27.192s][info][gc          ] GC(5) Pause Init Mark (unload classes) 0.198ms
[2026-04-03T06:45:28.738+0600][27.193s][info][gc,start    ] GC(5) Concurrent marking roots
[2026-04-03T06:45:28.738+0600][27.193s][info][gc,task     ] GC(5) Using 3 of 6 workers for concurrent marking roots
[2026-04-03T06:45:28.739+0600][27.193s][info][gc          ] GC(5) Concurrent marking roots 0.704ms
[2026-04-03T06:45:28.739+0600][27.193s][info][gc,start    ] GC(5) Concurrent marking (unload classes)
[2026-04-03T06:45:28.739+0600][27.193s][info][gc,task     ] GC(5) Using 3 of 6 workers for concurrent marking
[2026-04-03T06:45:28.762+0600][27.217s][info][gc          ] GC(5) Concurrent marking (unload classes) 23.525ms
[2026-04-03T06:45:28.763+0600][27.218s][info][gc,start    ] GC(5) Pause Final Mark (unload classes)
[2026-04-03T06:45:28.763+0600][27.218s][info][gc,task     ] GC(5) Using 6 of 6 workers for final marking
[2026-04-03T06:45:28.764+0600][27.218s][info][gc,ergo     ] GC(5) Adaptive CSet Selection. Target Free: 555M, Actual Free: 3755M, Max CSet: 163M, Min Garbage: 0B
[2026-04-03T06:45:28.764+0600][27.218s][info][gc,ergo     ] GC(5) Collectable Garbage: 962M (99%), Immediate: 853M (88%), CSet: 108M (11%)
[2026-04-03T06:45:28.764+0600][27.218s][info][gc,ergo     ] GC(5) Pacer for Evacuation. Used CSet: 109M, Free: 3559M, Non-Taxable: 355M, Alloc Tax Rate: 1.1x
[2026-04-03T06:45:28.764+0600][27.218s][info][gc          ] GC(5) Pause Final Mark (unload classes) 0.634ms
[2026-04-03T06:45:28.764+0600][27.218s][info][gc,start    ] GC(5) Concurrent thread roots
[2026-04-03T06:45:28.764+0600][27.218s][info][gc,task     ] GC(5) Using 3 of 6 workers for Concurrent thread roots
[2026-04-03T06:45:28.765+0600][27.220s][info][gc          ] GC(5) Concurrent thread roots 1.199ms
[2026-04-03T06:45:28.765+0600][27.220s][info][gc,start    ] GC(5) Concurrent weak references
[2026-04-03T06:45:28.765+0600][27.220s][info][gc,task     ] GC(5) Using 3 of 6 workers for concurrent weak references
[2026-04-03T06:45:28.766+0600][27.220s][info][gc,ref      ] GC(5) Encountered references: Soft: 2589, Weak: 4938, Final: 73, Phantom: 350
[2026-04-03T06:45:28.766+0600][27.220s][info][gc,ref      ] GC(5) Discovered  references: Soft: 0, Weak: 598, Final: 0, Phantom: 173
[2026-04-03T06:45:28.766+0600][27.220s][info][gc,ref      ] GC(5) Enqueued    references: Soft: 0, Weak: 0, Final: 0, Phantom: 0
[2026-04-03T06:45:28.766+0600][27.220s][info][gc          ] GC(5) Concurrent weak references 0.535ms
[2026-04-03T06:45:28.766+0600][27.220s][info][gc,start    ] GC(5) Concurrent weak roots
[2026-04-03T06:45:28.766+0600][27.220s][info][gc,task     ] GC(5) Using 3 of 6 workers for concurrent weak root
[2026-04-03T06:45:28.770+0600][27.224s][info][gc          ] GC(5) Concurrent weak roots 3.746ms
[2026-04-03T06:45:28.770+0600][27.224s][info][gc,start    ] GC(5) Concurrent cleanup
[2026-04-03T06:45:28.770+0600][27.225s][info][gc          ] GC(5) Concurrent cleanup 1038M->184M(1049M) 0.455ms
[2026-04-03T06:45:28.770+0600][27.225s][info][gc,ergo     ] GC(5) Free: 3539M, Max: 1024K regular, 2685M humongous, Frag: 25% external, 0% internal; Reserve: 196M, Max: 1024K
[2026-04-03T06:45:28.771+0600][27.226s][info][gc,start    ] GC(5) Concurrent class unloading
[2026-04-03T06:45:28.771+0600][27.226s][info][gc,task     ] GC(5) Using 3 of 6 workers for concurrent class unloading
[2026-04-03T06:45:28.788+0600][27.242s][info][gc          ] GC(5) Concurrent class unloading 16.147ms
[2026-04-03T06:45:28.788+0600][27.242s][info][gc,start    ] GC(5) Concurrent strong roots
[2026-04-03T06:45:28.788+0600][27.242s][info][gc,task     ] GC(5) Using 3 of 6 workers for concurrent strong root
[2026-04-03T06:45:28.788+0600][27.243s][info][gc          ] GC(5) Concurrent strong roots 0.524ms
[2026-04-03T06:45:28.789+0600][27.243s][info][gc,start    ] GC(5) Concurrent evacuation
[2026-04-03T06:45:28.789+0600][27.243s][info][gc,task     ] GC(5) Using 3 of 6 workers for concurrent evacuation
[2026-04-03T06:45:28.793+0600][27.247s][info][gc          ] GC(5) Concurrent evacuation 4.369ms
[2026-04-03T06:45:28.793+0600][27.248s][info][gc,start    ] GC(5) Pause Init Update Refs
[2026-04-03T06:45:28.793+0600][27.248s][info][gc,ergo     ] GC(5) Pacer for Update Refs. Used: 200M, Free: 3525M, Non-Taxable: 352M, Alloc Tax Rate: 1.1x
[2026-04-03T06:45:28.793+0600][27.248s][info][gc          ] GC(5) Pause Init Update Refs 0.132ms
[2026-04-03T06:45:28.794+0600][27.249s][info][gc,start    ] GC(5) Concurrent update references
[2026-04-03T06:45:28.794+0600][27.249s][info][gc,task     ] GC(5) Using 3 of 6 workers for concurrent reference update
[2026-04-03T06:45:28.811+0600][27.266s][info][gc          ] GC(5) Concurrent update references 17.033ms
[2026-04-03T06:45:28.811+0600][27.266s][info][gc,start    ] GC(5) Concurrent update thread roots
[2026-04-03T06:45:28.812+0600][27.266s][info][gc          ] GC(5) Concurrent update thread roots 0.742ms
[2026-04-03T06:45:28.812+0600][27.267s][info][gc,start    ] GC(5) Pause Final Update Refs
[2026-04-03T06:45:28.812+0600][27.267s][info][gc,task     ] GC(5) Using 6 of 6 workers for final reference update
[2026-04-03T06:45:28.813+0600][27.267s][info][gc          ] GC(5) Pause Final Update Refs 0.220ms
[2026-04-03T06:45:28.813+0600][27.268s][info][gc,start    ] GC(5) Concurrent cleanup
[2026-04-03T06:45:28.814+0600][27.268s][info][gc          ] GC(5) Concurrent cleanup 202M->92M(1049M) 0.714ms
[2026-04-03T06:45:28.814+0600][27.269s][info][gc,ergo     ] Free: 3631M, Max: 1024K regular, 2685M humongous, Frag: 27% external, 0% internal; Reserve: 197M, Max: 1024K
[2026-04-03T06:45:28.814+0600][27.269s][info][gc,stats    ] 
[2026-04-03T06:45:28.814+0600][27.269s][info][gc,stats    ] All times are wall-clock times, except per-root-class counters, that are sum over
[2026-04-03T06:45:28.814+0600][27.269s][info][gc,stats    ] all workers. Dividing the <total> over the root stage time estimates parallelism.
[2026-04-03T06:45:28.814+0600][27.269s][info][gc,stats    ] 
[2026-04-03T06:45:28.814+0600][27.269s][info][gc,stats    ] Concurrent Reset                   5348 us
[2026-04-03T06:45:28.814+0600][27.269s][info][gc,stats    ] Pause Init Mark (G)                1252 us
[2026-04-03T06:45:28.814+0600][27.269s][info][gc,stats    ] Pause Init Mark (N)                 211 us
[2026-04-03T06:45:28.814+0600][27.269s][info][gc,stats    ]   Update Region States               38 us
[2026-04-03T06:45:28.814+0600][27.269s][info][gc,stats    ] Concurrent Mark Roots               777 us, parallelism: 0.86x
[2026-04-03T06:45:28.814+0600][27.269s][info][gc,stats    ]   CMR: <total>                      668 us
[2026-04-03T06:45:28.814+0600][27.269s][info][gc,stats    ]   CMR: Thread Roots                 468 us, workers (us): 227, 122, 118, ---, ---, ---, 
[2026-04-03T06:45:28.814+0600][27.269s][info][gc,stats    ]   CMR: VM Strong Roots               25 us, workers (us):  23,   1,   1, ---, ---, ---, 
[2026-04-03T06:45:28.814+0600][27.269s][info][gc,stats    ]   CMR: CLDG Roots                   175 us, workers (us): 175, ---, ---, ---, ---, ---, 
[2026-04-03T06:45:28.815+0600][27.269s][info][gc,stats    ] Concurrent Marking                24007 us
[2026-04-03T06:45:28.815+0600][27.269s][info][gc,stats    ] Pause Final Mark (G)               1063 us
[2026-04-03T06:45:28.815+0600][27.269s][info][gc,stats    ] Pause Final Mark (N)                658 us
[2026-04-03T06:45:28.815+0600][27.269s][info][gc,stats    ]   Finish Mark                       149 us
[2026-04-03T06:45:28.815+0600][27.269s][info][gc,stats    ]   Update Region States              100 us
[2026-04-03T06:45:28.815+0600][27.269s][info][gc,stats    ]   Choose Collection Set             170 us
[2026-04-03T06:45:28.815+0600][27.269s][info][gc,stats    ]   Rebuild Free Set                   43 us
[2026-04-03T06:45:28.815+0600][27.269s][info][gc,stats    ] Concurrent Thread Roots            1320 us, parallelism: 1.25x
[2026-04-03T06:45:28.815+0600][27.269s][info][gc,stats    ]   CTR: <total>                     1654 us
[2026-04-03T06:45:28.815+0600][27.269s][info][gc,stats    ]   CTR: Thread Roots                1654 us, workers (us): 1022, 631,   1, ---, ---, ---, 
[2026-04-03T06:45:28.815+0600][27.269s][info][gc,stats    ] Concurrent Weak References          555 us, parallelism: 0.23x
[2026-04-03T06:45:28.815+0600][27.269s][info][gc,stats    ]   CWRF: <total>                     128 us
[2026-04-03T06:45:28.815+0600][27.269s][info][gc,stats    ]   CWRF: Weak References             128 us, workers (us): 127,   1,   0, ---, ---, ---, 
[2026-04-03T06:45:28.815+0600][27.269s][info][gc,stats    ] Concurrent Weak Roots              3873 us
[2026-04-03T06:45:28.815+0600][27.269s][info][gc,stats    ]   Roots                            3229 us, parallelism: 2.77x
[2026-04-03T06:45:28.815+0600][27.269s][info][gc,stats    ]     CWR: <total>                   8955 us
[2026-04-03T06:45:28.815+0600][27.269s][info][gc,stats    ]     CWR: Code Cache Roots          6853 us, workers (us): 2257, 2263, 2333, ---, ---, ---, 
[2026-04-03T06:45:28.815+0600][27.269s][info][gc,stats    ]     CWR: VM Weak Roots             2073 us, workers (us): 758, 820, 494, ---, ---, ---, 
[2026-04-03T06:45:28.815+0600][27.269s][info][gc,stats    ]     CWR: CLDG Roots                  29 us, workers (us): ---, ---,  29, ---, ---, ---, 
[2026-04-03T06:45:28.815+0600][27.269s][info][gc,stats    ]   Rendezvous                        478 us
[2026-04-03T06:45:28.815+0600][27.269s][info][gc,stats    ] Concurrent Cleanup                  489 us
[2026-04-03T06:45:28.815+0600][27.269s][info][gc,stats    ] Concurrent Class Unloading        16270 us
[2026-04-03T06:45:28.815+0600][27.269s][info][gc,stats    ]   Unlink Stale                    11475 us
[2026-04-03T06:45:28.815+0600][27.269s][info][gc,stats    ]     System Dictionary                55 us
[2026-04-03T06:45:28.815+0600][27.269s][info][gc,stats    ]     Weak Class Links                  1 us
[2026-04-03T06:45:28.815+0600][27.269s][info][gc,stats    ]     Code Roots                    11414 us
[2026-04-03T06:45:28.815+0600][27.269s][info][gc,stats    ]   Rendezvous                        295 us
[2026-04-03T06:45:28.815+0600][27.269s][info][gc,stats    ]   Purge Unlinked                   4304 us
[2026-04-03T06:45:28.815+0600][27.269s][info][gc,stats    ]     Code Roots                     4263 us
[2026-04-03T06:45:28.815+0600][27.269s][info][gc,stats    ]     CLDG                             39 us
[2026-04-03T06:45:28.815+0600][27.269s][info][gc,stats    ]     Exception Caches                  0 us
[2026-04-03T06:45:28.815+0600][27.269s][info][gc,stats    ] Concurrent Strong Roots             827 us, parallelism: 0.40x
[2026-04-03T06:45:28.815+0600][27.270s][info][gc,stats    ]   CSR: <total>                      335 us
[2026-04-03T06:45:28.815+0600][27.270s][info][gc,stats    ]   CSR: VM Strong Roots               16 us, workers (us):  14,   2,   0, ---, ---, ---, 
[2026-04-03T06:45:28.815+0600][27.270s][info][gc,stats    ]   CSR: CLDG Roots                   319 us, workers (us): 319, ---, ---, ---, ---, ---, 
[2026-04-03T06:45:28.815+0600][27.270s][info][gc,stats    ] Concurrent Evacuation              4461 us
[2026-04-03T06:45:28.815+0600][27.270s][info][gc,stats    ] Pause Init Update Refs (G)         1031 us
[2026-04-03T06:45:28.815+0600][27.270s][info][gc,stats    ] Pause Init Update Refs (N)          153 us
[2026-04-03T06:45:28.815+0600][27.270s][info][gc,stats    ]   Manage GCLABs                      16 us
[2026-04-03T06:45:28.815+0600][27.270s][info][gc,stats    ] Concurrent Update Refs            17161 us
[2026-04-03T06:45:28.815+0600][27.270s][info][gc,stats    ] Concurrent Update Thread Roots      876 us
[2026-04-03T06:45:28.815+0600][27.270s][info][gc,stats    ] Pause Final Update Refs (G)        1002 us
[2026-04-03T06:45:28.815+0600][27.270s][info][gc,stats    ] Pause Final Update Refs (N)         256 us
[2026-04-03T06:45:28.815+0600][27.270s][info][gc,stats    ]   Update Region States               73 us
[2026-04-03T06:45:28.815+0600][27.270s][info][gc,stats    ]   Trash Collection Set               13 us
[2026-04-03T06:45:28.815+0600][27.270s][info][gc,stats    ]   Rebuild Free Set                   42 us
[2026-04-03T06:45:28.815+0600][27.270s][info][gc,stats    ] Concurrent Cleanup                  828 us
[2026-04-03T06:45:28.815+0600][27.270s][info][gc,stats    ] 
[2026-04-03T06:45:28.815+0600][27.270s][info][gc,stats    ] Allocation pacing accrued:
[2026-04-03T06:45:28.815+0600][27.270s][info][gc,stats    ]       0 of  1907 ms (  0.0%): <total>
[2026-04-03T06:45:28.815+0600][27.270s][info][gc,stats    ]       0 of  1907 ms (  0.0%): <average total>
[2026-04-03T06:45:28.815+0600][27.270s][info][gc,stats    ] 
[2026-04-03T06:45:28.815+0600][27.270s][info][gc,metaspace] Metaspace: 54801K(55808K)->54801K(55808K) NonClass: 46324K(46976K)->46324K(46976K) Class: 8476K(8832K)->8476K(8832K)
[2026-04-03T06:45:28.815+0600][27.270s][info][gc,ergo     ] Pacer for Idle. Initial: 80302K, Alloc Tax Rate: 1.0x
[2026-04-03T06:45:31.947+0600][30.402s][info][gc          ] Trigger: Explicit GC request (System.gc())
[2026-04-03T06:45:31.947+0600][30.402s][info][gc,ergo     ] Free: 1606M, Max: 1024K regular, 1606M humongous, Frag: 0% external, 0% internal; Reserve: 197M, Max: 1024K
[2026-04-03T06:45:31.947+0600][30.402s][info][gc,start    ] GC(6) Concurrent reset
[2026-04-03T06:45:31.947+0600][30.402s][info][gc,task     ] GC(6) Using 3 of 6 workers for concurrent reset
[2026-04-03T06:45:31.947+0600][30.402s][info][gc,ergo     ] GC(6) Pacer for Reset. Non-Taxable: 3921M
[2026-04-03T06:45:31.952+0600][30.407s][info][gc          ] GC(6) Concurrent reset 5.099ms
[2026-04-03T06:45:31.953+0600][30.408s][info][gc,start    ] GC(6) Pause Init Mark (unload classes)
[2026-04-03T06:45:31.954+0600][30.408s][info][gc,task     ] GC(6) Using 6 of 6 workers for init marking
[2026-04-03T06:45:31.954+0600][30.408s][info][gc,ref      ] GC(6) Clearing All SoftReferences
[2026-04-03T06:45:31.954+0600][30.408s][info][gc,ergo     ] GC(6) Pacer for Mark. Expected Live: 17095K, Free: 1606M, Non-Taxable: 160M, Alloc Tax Rate: 0.0x
[2026-04-03T06:45:31.954+0600][30.408s][info][gc          ] GC(6) Pause Init Mark (unload classes) 0.181ms
[2026-04-03T06:45:31.954+0600][30.408s][info][gc,start    ] GC(6) Concurrent marking roots
[2026-04-03T06:45:31.954+0600][30.408s][info][gc,task     ] GC(6) Using 3 of 6 workers for concurrent marking roots
[2026-04-03T06:45:31.956+0600][30.410s][info][gc          ] GC(6) Concurrent marking roots 1.932ms
[2026-04-03T06:45:31.956+0600][30.410s][info][gc,start    ] GC(6) Concurrent marking (unload classes)
[2026-04-03T06:45:31.956+0600][30.410s][info][gc,task     ] GC(6) Using 3 of 6 workers for concurrent marking
[2026-04-03T06:45:31.975+0600][30.430s][info][gc          ] GC(6) Concurrent marking (unload classes) 19.486ms
[2026-04-03T06:45:31.976+0600][30.430s][info][gc,start    ] GC(6) Pause Final Mark (unload classes)
[2026-04-03T06:45:31.976+0600][30.431s][info][gc,task     ] GC(6) Using 6 of 6 workers for final marking
[2026-04-03T06:45:31.976+0600][30.431s][info][gc,ergo     ] GC(6) Collectable Garbage: 1990M (94%), Immediate: 1990M (94%), CSet: 0B (0%)
[2026-04-03T06:45:31.976+0600][30.431s][info][gc          ] GC(6) Pause Final Mark (unload classes) 0.515ms
[2026-04-03T06:45:31.977+0600][30.431s][info][gc,start    ] GC(6) Concurrent weak references
[2026-04-03T06:45:31.977+0600][30.431s][info][gc,task     ] GC(6) Using 3 of 6 workers for concurrent weak references
[2026-04-03T06:45:31.977+0600][30.432s][info][gc,ref      ] GC(6) Encountered references: Soft: 2595, Weak: 4807, Final: 73, Phantom: 350
[2026-04-03T06:45:31.977+0600][30.432s][info][gc,ref      ] GC(6) Discovered  references: Soft: 371, Weak: 1909, Final: 21, Phantom: 174
[2026-04-03T06:45:31.977+0600][30.432s][info][gc,ref      ] GC(6) Enqueued    references: Soft: 152, Weak: 132, Final: 0, Phantom: 0
[2026-04-03T06:45:31.977+0600][30.432s][info][gc          ] GC(6) Concurrent weak references 0.742ms
[2026-04-03T06:45:31.977+0600][30.432s][info][gc,start    ] GC(6) Concurrent weak roots
[2026-04-03T06:45:31.977+0600][30.432s][info][gc,task     ] GC(6) Using 3 of 6 workers for concurrent weak root
[2026-04-03T06:45:31.986+0600][30.441s][info][gc          ] GC(6) Concurrent weak roots 8.917ms
[2026-04-03T06:45:31.986+0600][30.441s][info][gc,start    ] GC(6) Concurrent cleanup
[2026-04-03T06:45:31.988+0600][30.442s][info][gc          ] GC(6) Concurrent cleanup 2122M->132M(2127M) 1.145ms
[2026-04-03T06:45:31.988+0600][30.442s][info][gc,ergo     ] GC(6) Free: 3591M, Max: 1024K regular, 1601M humongous, Frag: 56% external, 0% internal; Reserve: 197M, Max: 1024K
[2026-04-03T06:45:31.988+0600][30.442s][info][gc,start    ] GC(6) Concurrent class unloading
[2026-04-03T06:45:31.988+0600][30.442s][info][gc,task     ] GC(6) Using 3 of 6 workers for concurrent class unloading
[2026-04-03T06:45:31.997+0600][30.452s][info][gc          ] GC(6) Concurrent class unloading 9.629ms
[2026-04-03T06:45:31.998+0600][30.452s][info][gc,start    ] GC(6) Pause Final Roots
[2026-04-03T06:45:31.998+0600][30.452s][info][gc          ] GC(6) Pause Final Roots 0.071ms
[2026-04-03T06:45:31.998+0600][30.452s][info][gc,ergo     ] Free: 3591M, Max: 1024K regular, 1601M humongous, Frag: 56% external, 0% internal; Reserve: 197M, Max: 1024K
[2026-04-03T06:45:31.998+0600][30.453s][info][gc,stats    ] 
[2026-04-03T06:45:31.998+0600][30.453s][info][gc,stats    ] All times are wall-clock times, except per-root-class counters, that are sum over
[2026-04-03T06:45:31.998+0600][30.453s][info][gc,stats    ] all workers. Dividing the <total> over the root stage time estimates parallelism.
[2026-04-03T06:45:31.998+0600][30.453s][info][gc,stats    ] 
[2026-04-03T06:45:31.998+0600][30.453s][info][gc,stats    ] Concurrent Reset                   5250 us
[2026-04-03T06:45:31.998+0600][30.453s][info][gc,stats    ] Pause Init Mark (G)                1262 us
[2026-04-03T06:45:31.998+0600][30.453s][info][gc,stats    ] Pause Init Mark (N)                 193 us
[2026-04-03T06:45:31.998+0600][30.453s][info][gc,stats    ]   Update Region States               55 us
[2026-04-03T06:45:31.998+0600][30.453s][info][gc,stats    ] Concurrent Mark Roots              2037 us, parallelism: 2.00x
[2026-04-03T06:45:31.998+0600][30.453s][info][gc,stats    ]   CMR: <total>                     4077 us
[2026-04-03T06:45:31.998+0600][30.453s][info][gc,stats    ]   CMR: Thread Roots                3657 us, workers (us): 1516, 1102, 1039, ---, ---, ---, 
[2026-04-03T06:45:31.998+0600][30.453s][info][gc,stats    ]   CMR: VM Strong Roots              212 us, workers (us): 176,  34,   1, ---, ---, ---, 
[2026-04-03T06:45:31.998+0600][30.453s][info][gc,stats    ]   CMR: CLDG Roots                   208 us, workers (us): ---, 208, ---, ---, ---, ---, 
[2026-04-03T06:45:31.998+0600][30.453s][info][gc,stats    ] Concurrent Marking                19773 us
[2026-04-03T06:45:31.998+0600][30.453s][info][gc,stats    ] Pause Final Mark (G)                975 us
[2026-04-03T06:45:31.998+0600][30.453s][info][gc,stats    ] Pause Final Mark (N)                534 us
[2026-04-03T06:45:31.998+0600][30.453s][info][gc,stats    ]   Finish Mark                       182 us
[2026-04-03T06:45:31.998+0600][30.453s][info][gc,stats    ]   Update Region States               68 us
[2026-04-03T06:45:31.998+0600][30.453s][info][gc,stats    ]   Choose Collection Set              82 us
[2026-04-03T06:45:31.998+0600][30.453s][info][gc,stats    ]   Rebuild Free Set                   46 us
[2026-04-03T06:45:31.998+0600][30.453s][info][gc,stats    ] Concurrent Weak References          762 us, parallelism: 0.59x
[2026-04-03T06:45:31.998+0600][30.453s][info][gc,stats    ]   CWRF: <total>                     452 us
[2026-04-03T06:45:31.998+0600][30.453s][info][gc,stats    ]   CWRF: Weak References             452 us, workers (us): 145, 306,   1, ---, ---, ---, 
[2026-04-03T06:45:31.998+0600][30.453s][info][gc,stats    ] Concurrent Weak Roots              9057 us
[2026-04-03T06:45:31.998+0600][30.453s][info][gc,stats    ]   Roots                            4955 us, parallelism: 1.51x
[2026-04-03T06:45:31.998+0600][30.453s][info][gc,stats    ]     CWR: <total>                   7490 us
[2026-04-03T06:45:31.998+0600][30.453s][info][gc,stats    ]     CWR: Code Cache Roots          6136 us, workers (us): 3368, 1864, 904, ---, ---, ---, 
[2026-04-03T06:45:31.998+0600][30.453s][info][gc,stats    ]     CWR: VM Weak Roots             1313 us, workers (us): 1309,   3,   2, ---, ---, ---, 
[2026-04-03T06:45:31.998+0600][30.453s][info][gc,stats    ]     CWR: CLDG Roots                  41 us, workers (us):  41, ---, ---, ---, ---, ---, 
[2026-04-03T06:45:31.998+0600][30.453s][info][gc,stats    ]   Rendezvous                       3895 us
[2026-04-03T06:45:31.998+0600][30.453s][info][gc,stats    ] Concurrent Cleanup                 1227 us
[2026-04-03T06:45:31.999+0600][30.453s][info][gc,stats    ] Concurrent Class Unloading         9747 us
[2026-04-03T06:45:31.999+0600][30.453s][info][gc,stats    ]   Unlink Stale                     7540 us
[2026-04-03T06:45:31.999+0600][30.453s][info][gc,stats    ]     System Dictionary                53 us
[2026-04-03T06:45:31.999+0600][30.453s][info][gc,stats    ]     Weak Class Links                  0 us
[2026-04-03T06:45:31.999+0600][30.453s][info][gc,stats    ]     Code Roots                     7483 us
[2026-04-03T06:45:31.999+0600][30.453s][info][gc,stats    ]   Rendezvous                        224 us
[2026-04-03T06:45:31.999+0600][30.453s][info][gc,stats    ]   Purge Unlinked                   1816 us
[2026-04-03T06:45:31.999+0600][30.453s][info][gc,stats    ]     Code Roots                     1761 us
[2026-04-03T06:45:31.999+0600][30.453s][info][gc,stats    ]     CLDG                             53 us
[2026-04-03T06:45:31.999+0600][30.453s][info][gc,stats    ]     Exception Caches                  0 us
[2026-04-03T06:45:31.999+0600][30.453s][info][gc,stats    ] Pause Final Roots (G)               307 us
[2026-04-03T06:45:31.999+0600][30.453s][info][gc,stats    ] Pause Final Roots (N)                88 us
[2026-04-03T06:45:31.999+0600][30.453s][info][gc,stats    ] 
[2026-04-03T06:45:31.999+0600][30.453s][info][gc,stats    ] Allocation pacing accrued:
[2026-04-03T06:45:31.999+0600][30.453s][info][gc,stats    ]       0 of  3183 ms (  0.0%): <total>
[2026-04-03T06:45:31.999+0600][30.453s][info][gc,stats    ]       0 of  3183 ms (  0.0%): <average total>
[2026-04-03T06:45:31.999+0600][30.453s][info][gc,stats    ] 
[2026-04-03T06:45:31.999+0600][30.453s][info][gc,metaspace] Metaspace: 55132K(55872K)->55160K(55872K) NonClass: 46588K(47040K)->46610K(47040K) Class: 8544K(8832K)->8550K(8832K)
[2026-04-03T06:45:31.999+0600][30.453s][info][gc,ergo     ] Pacer for Idle. Initial: 80302K, Alloc Tax Rate: 1.0x
[2026-04-03T06:45:31.999+0600][30.453s][info][gc,start    ] Concurrent uncommit
[2026-04-03T06:45:32.479+0600][30.934s][info][gc          ] Concurrent uncommit 132M->196M(198M) 480.430ms
[2026-04-03T06:45:35.966+0600][34.420s][info][gc          ] Trigger: Learning 2 of 5. Free (2744M) is below initial threshold (2744M)
[2026-04-03T06:45:35.966+0600][34.421s][info][gc,ergo     ] Free: 2744M, Max: 1024K regular, 1601M humongous, Frag: 42% external, 0% internal; Reserve: 197M, Max: 1024K
[2026-04-03T06:45:35.966+0600][34.421s][info][gc,start    ] GC(7) Concurrent reset
[2026-04-03T06:45:35.966+0600][34.421s][info][gc,task     ] GC(7) Using 3 of 6 workers for concurrent reset
[2026-04-03T06:45:35.966+0600][34.421s][info][gc,ergo     ] GC(7) Pacer for Reset. Non-Taxable: 3921M
[2026-04-03T06:45:35.970+0600][34.424s][info][gc          ] GC(7) Concurrent reset 3.689ms
[2026-04-03T06:45:35.971+0600][34.425s][info][gc,start    ] GC(7) Pause Init Mark (unload classes)
[2026-04-03T06:45:35.971+0600][34.425s][info][gc,task     ] GC(7) Using 6 of 6 workers for init marking
[2026-04-03T06:45:35.971+0600][34.425s][info][gc,ergo     ] GC(7) Pacer for Mark. Expected Live: 18493K, Free: 2744M, Non-Taxable: 274M, Alloc Tax Rate: 0.0x
[2026-04-03T06:45:35.971+0600][34.425s][info][gc          ] GC(7) Pause Init Mark (unload classes) 0.267ms
[2026-04-03T06:45:35.972+0600][34.426s][info][gc,start    ] GC(7) Concurrent marking roots
[2026-04-03T06:45:35.972+0600][34.426s][info][gc,task     ] GC(7) Using 3 of 6 workers for concurrent marking roots
[2026-04-03T06:45:35.974+0600][34.429s][info][gc          ] GC(7) Concurrent marking roots 2.705ms
[2026-04-03T06:45:35.974+0600][34.429s][info][gc,start    ] GC(7) Concurrent marking (unload classes)
[2026-04-03T06:45:35.975+0600][34.429s][info][gc,task     ] GC(7) Using 3 of 6 workers for concurrent marking
[2026-04-03T06:45:36.010+0600][34.465s][info][gc          ] GC(7) Concurrent marking (unload classes) 35.493ms
[2026-04-03T06:45:36.010+0600][34.465s][info][gc,start    ] GC(7) Pause Final Mark (unload classes)
[2026-04-03T06:45:36.010+0600][34.465s][info][gc,task     ] GC(7) Using 6 of 6 workers for final marking
[2026-04-03T06:45:36.011+0600][34.465s][info][gc,ergo     ] GC(7) Adaptive CSet Selection. Target Free: 555M, Actual Free: 3640M, Max CSet: 163M, Min Garbage: 0B
[2026-04-03T06:45:36.011+0600][34.465s][info][gc,ergo     ] GC(7) Collectable Garbage: 959M (99%), Immediate: 725M (75%), CSet: 234M (24%)
[2026-04-03T06:45:36.011+0600][34.466s][info][gc,ergo     ] GC(7) Pacer for Evacuation. Used CSet: 238M, Free: 3443M, Non-Taxable: 344M, Alloc Tax Rate: 1.1x
[2026-04-03T06:45:36.011+0600][34.466s][info][gc          ] GC(7) Pause Final Mark (unload classes) 0.677ms
[2026-04-03T06:45:36.011+0600][34.466s][info][gc,start    ] GC(7) Concurrent thread roots
[2026-04-03T06:45:36.012+0600][34.466s][info][gc,task     ] GC(7) Using 3 of 6 workers for Concurrent thread roots
[2026-04-03T06:45:36.015+0600][34.470s][info][gc          ] GC(7) Concurrent thread roots 3.770ms
[2026-04-03T06:45:36.015+0600][34.470s][info][gc,start    ] GC(7) Concurrent weak references
[2026-04-03T06:45:36.015+0600][34.470s][info][gc,task     ] GC(7) Using 3 of 6 workers for concurrent weak references
[2026-04-03T06:45:36.016+0600][34.470s][info][gc,ref      ] GC(7) Encountered references: Soft: 2508, Weak: 5337, Final: 73, Phantom: 350
[2026-04-03T06:45:36.016+0600][34.471s][info][gc,ref      ] GC(7) Discovered  references: Soft: 0, Weak: 718, Final: 0, Phantom: 339
[2026-04-03T06:45:36.017+0600][34.471s][info][gc,ref      ] GC(7) Enqueued    references: Soft: 0, Weak: 10, Final: 0, Phantom: 0
[2026-04-03T06:45:36.018+0600][34.472s][info][gc          ] GC(7) Concurrent weak references 2.282ms
[2026-04-03T06:45:36.018+0600][34.473s][info][gc,start    ] GC(7) Concurrent weak roots
[2026-04-03T06:45:36.019+0600][34.473s][info][gc,task     ] GC(7) Using 3 of 6 workers for concurrent weak root
[2026-04-03T06:45:36.024+0600][34.479s][info][gc          ] GC(7) Concurrent weak roots 6.473ms
[2026-04-03T06:45:36.025+0600][34.479s][info][gc,start    ] GC(7) Concurrent cleanup
[2026-04-03T06:45:36.026+0600][34.481s][info][gc          ] GC(7) Concurrent cleanup 1030M->305M(1032M) 1.822ms
[2026-04-03T06:45:36.027+0600][34.481s][info][gc,ergo     ] GC(7) Free: 3419M, Max: 1024K regular, 1601M humongous, Frag: 54% external, 0% internal; Reserve: 195M, Max: 1024K
[2026-04-03T06:45:36.027+0600][34.481s][info][gc,start    ] GC(7) Concurrent class unloading
[2026-04-03T06:45:36.027+0600][34.481s][info][gc,task     ] GC(7) Using 3 of 6 workers for concurrent class unloading
[2026-04-03T06:45:36.073+0600][34.527s][info][gc          ] GC(7) Concurrent class unloading 46.062ms
[2026-04-03T06:45:36.073+0600][34.528s][info][gc,start    ] GC(7) Concurrent strong roots
[2026-04-03T06:45:36.074+0600][34.528s][info][gc,task     ] GC(7) Using 3 of 6 workers for concurrent strong root
[2026-04-03T06:45:36.077+0600][34.531s][info][gc          ] GC(7) Concurrent strong roots 3.128ms
[2026-04-03T06:45:36.077+0600][34.531s][info][gc,start    ] GC(7) Concurrent evacuation
[2026-04-03T06:45:36.077+0600][34.531s][info][gc,task     ] GC(7) Using 3 of 6 workers for concurrent evacuation
[2026-04-03T06:45:36.090+0600][34.544s][info][gc          ] GC(7) Concurrent evacuation 13.205ms
[2026-04-03T06:45:36.091+0600][34.546s][info][gc,start    ] GC(7) Pause Init Update Refs
[2026-04-03T06:45:36.091+0600][34.546s][info][gc,ergo     ] GC(7) Pacer for Update Refs. Used: 310M, Free: 3418M, Non-Taxable: 341M, Alloc Tax Rate: 1.1x
[2026-04-03T06:45:36.091+0600][34.546s][info][gc          ] GC(7) Pause Init Update Refs 0.185ms
[2026-04-03T06:45:36.092+0600][34.546s][info][gc,start    ] GC(7) Concurrent update references
[2026-04-03T06:45:36.092+0600][34.546s][info][gc,task     ] GC(7) Using 3 of 6 workers for concurrent reference update
[2026-04-03T06:45:36.128+0600][34.582s][info][gc          ] GC(7) Concurrent update references 36.107ms
[2026-04-03T06:45:36.128+0600][34.582s][info][gc,start    ] GC(7) Concurrent update thread roots
[2026-04-03T06:45:36.130+0600][34.585s][info][gc          ] GC(7) Concurrent update thread roots 2.149ms
[2026-04-03T06:45:36.131+0600][34.585s][info][gc,start    ] GC(7) Pause Final Update Refs
[2026-04-03T06:45:36.131+0600][34.585s][info][gc,task     ] GC(7) Using 6 of 6 workers for final reference update
[2026-04-03T06:45:36.131+0600][34.585s][info][gc          ] GC(7) Pause Final Update Refs 0.244ms
[2026-04-03T06:45:36.132+0600][34.586s][info][gc,start    ] GC(7) Concurrent cleanup
[2026-04-03T06:45:36.132+0600][34.587s][info][gc          ] GC(7) Concurrent cleanup 311M->73M(1035M) 0.435ms
[2026-04-03T06:45:36.134+0600][34.588s][info][gc,ergo     ] Free: 3650M, Max: 1024K regular, 2793M humongous, Frag: 24% external, 0% internal; Reserve: 197M, Max: 1024K
[2026-04-03T06:45:36.134+0600][34.589s][info][gc,stats    ] 
[2026-04-03T06:45:36.135+0600][34.589s][info][gc,stats    ] All times are wall-clock times, except per-root-class counters, that are sum over
[2026-04-03T06:45:36.135+0600][34.589s][info][gc,stats    ] all workers. Dividing the <total> over the root stage time estimates parallelism.
[2026-04-03T06:45:36.135+0600][34.589s][info][gc,stats    ] 
[2026-04-03T06:45:36.135+0600][34.589s][info][gc,stats    ] Concurrent Reset                   3836 us
[2026-04-03T06:45:36.135+0600][34.589s][info][gc,stats    ] Pause Init Mark (G)                1543 us
[2026-04-03T06:45:36.135+0600][34.589s][info][gc,stats    ] Pause Init Mark (N)                 289 us
[2026-04-03T06:45:36.135+0600][34.589s][info][gc,stats    ]   Update Region States               94 us
[2026-04-03T06:45:36.135+0600][34.589s][info][gc,stats    ] Concurrent Mark Roots              2827 us, parallelism: 1.53x
[2026-04-03T06:45:36.135+0600][34.589s][info][gc,stats    ]   CMR: <total>                     4323 us
[2026-04-03T06:45:36.135+0600][34.589s][info][gc,stats    ]   CMR: Thread Roots                4120 us, workers (us): 2040, 1044, 1036, ---, ---, ---, 
[2026-04-03T06:45:36.135+0600][34.589s][info][gc,stats    ]   CMR: VM Strong Roots               57 us, workers (us):  56,   1,   0, ---, ---, ---, 
[2026-04-03T06:45:36.135+0600][34.589s][info][gc,stats    ]   CMR: CLDG Roots                   146 us, workers (us): 146, ---, ---, ---, ---, ---, 
[2026-04-03T06:45:36.135+0600][34.589s][info][gc,stats    ] Concurrent Marking                35650 us
[2026-04-03T06:45:36.135+0600][34.589s][info][gc,stats    ] Pause Final Mark (G)               1224 us
[2026-04-03T06:45:36.135+0600][34.589s][info][gc,stats    ] Pause Final Mark (N)                698 us
[2026-04-03T06:45:36.135+0600][34.589s][info][gc,stats    ]   Finish Mark                       160 us
[2026-04-03T06:45:36.135+0600][34.589s][info][gc,stats    ]   Update Region States               72 us
[2026-04-03T06:45:36.135+0600][34.589s][info][gc,stats    ]   Choose Collection Set             233 us
[2026-04-03T06:45:36.135+0600][34.589s][info][gc,stats    ]   Rebuild Free Set                   46 us
[2026-04-03T06:45:36.135+0600][34.589s][info][gc,stats    ] Concurrent Thread Roots            3928 us, parallelism: 1.21x
[2026-04-03T06:45:36.135+0600][34.589s][info][gc,stats    ]   CTR: <total>                     4737 us
[2026-04-03T06:45:36.135+0600][34.589s][info][gc,stats    ]   CTR: Thread Roots                4737 us, workers (us): 1359, 1085, 2293, ---, ---, ---, 
[2026-04-03T06:45:36.135+0600][34.589s][info][gc,stats    ] Concurrent Weak References         2702 us, parallelism: 0.14x
[2026-04-03T06:45:36.135+0600][34.589s][info][gc,stats    ]   CWRF: <total>                     379 us
[2026-04-03T06:45:36.135+0600][34.590s][info][gc,stats    ]   CWRF: Weak References             379 us, workers (us): 379,   0,   0, ---, ---, ---, 
[2026-04-03T06:45:36.135+0600][34.590s][info][gc,stats    ] Concurrent Weak Roots              6633 us
[2026-04-03T06:45:36.135+0600][34.590s][info][gc,stats    ]   Roots                            5082 us, parallelism: 1.92x
[2026-04-03T06:45:36.135+0600][34.590s][info][gc,stats    ]     CWR: <total>                   9759 us
[2026-04-03T06:45:36.135+0600][34.590s][info][gc,stats    ]     CWR: Code Cache Roots          7519 us, workers (us): 3417, 3305, 797, ---, ---, ---, 
[2026-04-03T06:45:36.135+0600][34.590s][info][gc,stats    ]     CWR: VM Weak Roots             2203 us, workers (us): 1489, 711,   3, ---, ---, ---, 
[2026-04-03T06:45:36.135+0600][34.590s][info][gc,stats    ]     CWR: CLDG Roots                  37 us, workers (us):  37, ---, ---, ---, ---, ---, 
[2026-04-03T06:45:36.135+0600][34.590s][info][gc,stats    ]   Rendezvous                        728 us
[2026-04-03T06:45:36.135+0600][34.590s][info][gc,stats    ] Concurrent Cleanup                 1935 us
[2026-04-03T06:45:36.135+0600][34.590s][info][gc,stats    ] Concurrent Class Unloading        46734 us
[2026-04-03T06:45:36.135+0600][34.590s][info][gc,stats    ]   Unlink Stale                    39887 us
[2026-04-03T06:45:36.135+0600][34.590s][info][gc,stats    ]     System Dictionary              2696 us
[2026-04-03T06:45:36.137+0600][34.592s][info][gc,stats    ]     Weak Class Links              19369 us
[2026-04-03T06:45:36.137+0600][34.592s][info][gc,stats    ]     Code Roots                    17816 us
[2026-04-03T06:45:36.137+0600][34.592s][info][gc,stats    ]   Rendezvous                        498 us
[2026-04-03T06:45:36.137+0600][34.592s][info][gc,stats    ]   Purge Unlinked                   5623 us
[2026-04-03T06:45:36.137+0600][34.592s][info][gc,stats    ]     Code Roots                     5477 us
[2026-04-03T06:45:36.137+0600][34.592s][info][gc,stats    ]     CLDG                            144 us
[2026-04-03T06:45:36.137+0600][34.592s][info][gc,stats    ]     Exception Caches                  1 us
[2026-04-03T06:45:36.137+0600][34.592s][info][gc,stats    ] Concurrent Strong Roots            3298 us, parallelism: 0.76x
[2026-04-03T06:45:36.137+0600][34.592s][info][gc,stats    ]   CSR: <total>                     2513 us
[2026-04-03T06:45:36.137+0600][34.592s][info][gc,stats    ]   CSR: VM Strong Roots               31 us, workers (us):  29,   1,   0, ---, ---, ---, 
[2026-04-03T06:45:36.137+0600][34.592s][info][gc,stats    ]   CSR: CLDG Roots                  2482 us, workers (us): 2482, ---, ---, ---, ---, ---, 
[2026-04-03T06:45:36.137+0600][34.592s][info][gc,stats    ] Concurrent Evacuation             13551 us
[2026-04-03T06:45:36.137+0600][34.592s][info][gc,stats    ] Pause Init Update Refs (G)         1398 us
[2026-04-03T06:45:36.137+0600][34.592s][info][gc,stats    ] Pause Init Update Refs (N)          202 us
[2026-04-03T06:45:36.137+0600][34.592s][info][gc,stats    ]   Manage GCLABs                      25 us
[2026-04-03T06:45:36.137+0600][34.592s][info][gc,stats    ] Concurrent Update Refs            36269 us
[2026-04-03T06:45:36.138+0600][34.592s][info][gc,stats    ] Concurrent Update Thread Roots     2505 us
[2026-04-03T06:45:36.138+0600][34.592s][info][gc,stats    ] Pause Final Update Refs (G)        1069 us
[2026-04-03T06:45:36.138+0600][34.592s][info][gc,stats    ] Pause Final Update Refs (N)         279 us
[2026-04-03T06:45:36.138+0600][34.592s][info][gc,stats    ]   Update Region States               72 us
[2026-04-03T06:45:36.138+0600][34.592s][info][gc,stats    ]   Trash Collection Set               14 us
[2026-04-03T06:45:36.138+0600][34.592s][info][gc,stats    ]   Rebuild Free Set                   47 us
[2026-04-03T06:45:36.138+0600][34.592s][info][gc,stats    ] Concurrent Cleanup                  499 us
[2026-04-03T06:45:36.138+0600][34.592s][info][gc,stats    ] 
[2026-04-03T06:45:36.138+0600][34.592s][info][gc,stats    ] Allocation pacing accrued:
[2026-04-03T06:45:36.138+0600][34.592s][info][gc,stats    ]       0 of  4139 ms (  0.0%): <total>
[2026-04-03T06:45:36.138+0600][34.592s][info][gc,stats    ]       0 of  4139 ms (  0.0%): <average total>
[2026-04-03T06:45:36.138+0600][34.592s][info][gc,stats    ] 
[2026-04-03T06:45:36.138+0600][34.592s][info][gc,metaspace] Metaspace: 55175K(55872K)->55174K(55872K) NonClass: 46625K(47040K)->46623K(47040K) Class: 8550K(8832K)->8550K(8832K)
[2026-04-03T06:45:36.138+0600][34.592s][info][gc,ergo     ] Pacer for Idle. Initial: 80302K, Alloc Tax Rate: 1.0x
[2026-04-03T06:45:38.386+0600][36.841s][info][gc          ] Trigger: Learning 3 of 5. Free (2744M) is below initial threshold (2744M)
[2026-04-03T06:45:38.387+0600][36.842s][info][gc,ergo     ] Free: 2743M, Max: 1024K regular, 2743M humongous, Frag: 0% external, 0% internal; Reserve: 197M, Max: 1024K
[2026-04-03T06:45:38.388+0600][36.842s][info][gc,start    ] GC(8) Concurrent reset
[2026-04-03T06:45:38.388+0600][36.842s][info][gc,task     ] GC(8) Using 3 of 6 workers for concurrent reset
[2026-04-03T06:45:38.388+0600][36.842s][info][gc,ergo     ] GC(8) Pacer for Reset. Non-Taxable: 3921M
[2026-04-03T06:45:38.397+0600][36.851s][info][gc          ] GC(8) Concurrent reset 9.265ms
[2026-04-03T06:45:38.397+0600][36.852s][info][gc,start    ] GC(8) Pause Init Mark (unload classes)
[2026-04-03T06:45:38.397+0600][36.852s][info][gc,task     ] GC(8) Using 6 of 6 workers for init marking
[2026-04-03T06:45:38.398+0600][36.852s][info][gc,ergo     ] GC(8) Pacer for Mark. Expected Live: 18500K, Free: 2740M, Non-Taxable: 274M, Alloc Tax Rate: 0.0x
[2026-04-03T06:45:38.398+0600][36.852s][info][gc          ] GC(8) Pause Init Mark (unload classes) 0.187ms
[2026-04-03T06:45:38.398+0600][36.852s][info][gc,start    ] GC(8) Concurrent marking roots
[2026-04-03T06:45:38.398+0600][36.852s][info][gc,task     ] GC(8) Using 3 of 6 workers for concurrent marking roots
[2026-04-03T06:45:38.400+0600][36.854s][info][gc          ] GC(8) Concurrent marking roots 2.086ms
[2026-04-03T06:45:38.400+0600][36.855s][info][gc,start    ] GC(8) Concurrent marking (unload classes)
[2026-04-03T06:45:38.400+0600][36.855s][info][gc,task     ] GC(8) Using 3 of 6 workers for concurrent marking
[2026-04-03T06:45:38.428+0600][36.882s][info][gc          ] GC(8) Concurrent marking (unload classes) 27.699ms
[2026-04-03T06:45:38.428+0600][36.882s][info][gc,start    ] GC(8) Pause Final Mark (unload classes)
[2026-04-03T06:45:38.428+0600][36.883s][info][gc,task     ] GC(8) Using 6 of 6 workers for final marking
[2026-04-03T06:45:38.428+0600][36.883s][info][gc,ergo     ] GC(8) Adaptive CSet Selection. Target Free: 555M, Actual Free: 3748M, Max CSet: 163M, Min Garbage: 0B
[2026-04-03T06:45:38.428+0600][36.883s][info][gc,ergo     ] GC(8) Collectable Garbage: 964M (99%), Immediate: 837M (86%), CSet: 127M (13%)
[2026-04-03T06:45:38.428+0600][36.883s][info][gc,ergo     ] GC(8) Pacer for Evacuation. Used CSet: 130M, Free: 3551M, Non-Taxable: 355M, Alloc Tax Rate: 1.1x
[2026-04-03T06:45:38.428+0600][36.883s][info][gc          ] GC(8) Pause Final Mark (unload classes) 0.525ms
[2026-04-03T06:45:38.429+0600][36.883s][info][gc,start    ] GC(8) Concurrent thread roots
[2026-04-03T06:45:38.429+0600][36.883s][info][gc,task     ] GC(8) Using 3 of 6 workers for Concurrent thread roots
[2026-04-03T06:45:38.431+0600][36.885s][info][gc          ] GC(8) Concurrent thread roots 1.793ms
[2026-04-03T06:45:38.431+0600][36.885s][info][gc,start    ] GC(8) Concurrent weak references
[2026-04-03T06:45:38.431+0600][36.885s][info][gc,task     ] GC(8) Using 3 of 6 workers for concurrent weak references
[2026-04-03T06:45:38.431+0600][36.886s][info][gc,ref      ] GC(8) Encountered references: Soft: 2508, Weak: 5315, Final: 73, Phantom: 350
[2026-04-03T06:45:38.431+0600][36.886s][info][gc,ref      ] GC(8) Discovered  references: Soft: 0, Weak: 637, Final: 0, Phantom: 171
[2026-04-03T06:45:38.431+0600][36.886s][info][gc,ref      ] GC(8) Enqueued    references: Soft: 0, Weak: 16, Final: 0, Phantom: 0
[2026-04-03T06:45:38.431+0600][36.886s][info][gc          ] GC(8) Concurrent weak references 0.650ms
[2026-04-03T06:45:38.432+0600][36.886s][info][gc,start    ] GC(8) Concurrent weak roots
[2026-04-03T06:45:38.432+0600][36.886s][info][gc,task     ] GC(8) Using 3 of 6 workers for concurrent weak root
[2026-04-03T06:45:38.439+0600][36.894s][info][gc          ] GC(8) Concurrent weak roots 7.832ms
[2026-04-03T06:45:38.440+0600][36.894s][info][gc,start    ] GC(8) Concurrent cleanup
[2026-04-03T06:45:38.440+0600][36.894s][info][gc          ] GC(8) Concurrent cleanup 1034M->197M(1133M) 0.436ms
[2026-04-03T06:45:38.440+0600][36.895s][info][gc,ergo     ] GC(8) Free: 3527M, Max: 1024K regular, 2690M humongous, Frag: 24% external, 0% internal; Reserve: 195M, Max: 1024K
[2026-04-03T06:45:38.440+0600][36.895s][info][gc,start    ] GC(8) Concurrent class unloading
[2026-04-03T06:45:38.440+0600][36.895s][info][gc,task     ] GC(8) Using 3 of 6 workers for concurrent class unloading
[2026-04-03T06:45:38.464+0600][36.919s][info][gc          ] GC(8) Concurrent class unloading 24.055ms
[2026-04-03T06:45:38.465+0600][36.919s][info][gc,start    ] GC(8) Concurrent strong roots
[2026-04-03T06:45:38.465+0600][36.920s][info][gc,task     ] GC(8) Using 3 of 6 workers for concurrent strong root
[2026-04-03T06:45:38.467+0600][36.921s][info][gc          ] GC(8) Concurrent strong roots 1.707ms
[2026-04-03T06:45:38.467+0600][36.921s][info][gc,start    ] GC(8) Concurrent evacuation
[2026-04-03T06:45:38.467+0600][36.921s][info][gc,task     ] GC(8) Using 3 of 6 workers for concurrent evacuation
[2026-04-03T06:45:38.472+0600][36.926s][info][gc          ] GC(8) Concurrent evacuation 4.762ms
[2026-04-03T06:45:38.472+0600][36.927s][info][gc,start    ] GC(8) Pause Init Update Refs
[2026-04-03T06:45:38.472+0600][36.927s][info][gc,ergo     ] GC(8) Pacer for Update Refs. Used: 201M, Free: 3525M, Non-Taxable: 352M, Alloc Tax Rate: 1.1x
[2026-04-03T06:45:38.472+0600][36.927s][info][gc          ] GC(8) Pause Init Update Refs 0.280ms
[2026-04-03T06:45:38.473+0600][36.928s][info][gc,start    ] GC(8) Concurrent update references
[2026-04-03T06:45:38.473+0600][36.928s][info][gc,task     ] GC(8) Using 3 of 6 workers for concurrent reference update
[2026-04-03T06:45:38.493+0600][36.947s][info][gc          ] GC(8) Concurrent update references 19.369ms
[2026-04-03T06:45:38.493+0600][36.947s][info][gc,start    ] GC(8) Concurrent update thread roots
[2026-04-03T06:45:38.495+0600][36.949s][info][gc          ] GC(8) Concurrent update thread roots 1.760ms
[2026-04-03T06:45:38.495+0600][36.949s][info][gc,start    ] GC(8) Pause Final Update Refs
[2026-04-03T06:45:38.495+0600][36.949s][info][gc,task     ] GC(8) Using 6 of 6 workers for final reference update
[2026-04-03T06:45:38.495+0600][36.950s][info][gc          ] GC(8) Pause Final Update Refs 0.226ms
[2026-04-03T06:45:38.495+0600][36.950s][info][gc,start    ] GC(8) Concurrent cleanup
[2026-04-03T06:45:38.496+0600][36.951s][info][gc          ] GC(8) Concurrent cleanup 202M->72M(1133M) 0.859ms
[2026-04-03T06:45:38.496+0600][36.951s][info][gc,ergo     ] Free: 3651M, Max: 1024K regular, 2690M humongous, Frag: 27% external, 0% internal; Reserve: 197M, Max: 1024K
[2026-04-03T06:45:38.496+0600][36.951s][info][gc,stats    ] 
[2026-04-03T06:45:38.496+0600][36.951s][info][gc,stats    ] All times are wall-clock times, except per-root-class counters, that are sum over
[2026-04-03T06:45:38.497+0600][36.951s][info][gc,stats    ] all workers. Dividing the <total> over the root stage time estimates parallelism.
[2026-04-03T06:45:38.497+0600][36.951s][info][gc,stats    ] 
[2026-04-03T06:45:38.497+0600][36.951s][info][gc,stats    ] Concurrent Reset                   9429 us
[2026-04-03T06:45:38.497+0600][36.951s][info][gc,stats    ] Pause Init Mark (G)                 836 us
[2026-04-03T06:45:38.497+0600][36.951s][info][gc,stats    ] Pause Init Mark (N)                 207 us
[2026-04-03T06:45:38.497+0600][36.951s][info][gc,stats    ]   Update Region States               57 us
[2026-04-03T06:45:38.497+0600][36.951s][info][gc,stats    ] Concurrent Mark Roots              2186 us, parallelism: 1.64x
[2026-04-03T06:45:38.497+0600][36.951s][info][gc,stats    ]   CMR: <total>                     3587 us
[2026-04-03T06:45:38.497+0600][36.951s][info][gc,stats    ]   CMR: Thread Roots                3206 us, workers (us): 1388, 1316, 502, ---, ---, ---, 
[2026-04-03T06:45:38.497+0600][36.951s][info][gc,stats    ]   CMR: VM Strong Roots              151 us, workers (us): 143,   7,   1, ---, ---, ---, 
[2026-04-03T06:45:38.497+0600][36.951s][info][gc,stats    ]   CMR: CLDG Roots                   230 us, workers (us): 230, ---, ---, ---, ---, ---, 
[2026-04-03T06:45:38.497+0600][36.951s][info][gc,stats    ] Concurrent Marking                27815 us
[2026-04-03T06:45:38.497+0600][36.951s][info][gc,stats    ] Pause Final Mark (G)               1002 us
[2026-04-03T06:45:38.497+0600][36.951s][info][gc,stats    ] Pause Final Mark (N)                542 us
[2026-04-03T06:45:38.497+0600][36.951s][info][gc,stats    ]   Finish Mark                       170 us
[2026-04-03T06:45:38.497+0600][36.951s][info][gc,stats    ]   Update Region States               61 us
[2026-04-03T06:45:38.497+0600][36.951s][info][gc,stats    ]   Choose Collection Set             142 us
[2026-04-03T06:45:38.497+0600][36.951s][info][gc,stats    ]   Rebuild Free Set                   53 us
[2026-04-03T06:45:38.497+0600][36.951s][info][gc,stats    ] Concurrent Thread Roots            1936 us, parallelism: 1.32x
[2026-04-03T06:45:38.497+0600][36.951s][info][gc,stats    ]   CTR: <total>                     2547 us
[2026-04-03T06:45:38.497+0600][36.951s][info][gc,stats    ]   CTR: Thread Roots                2547 us, workers (us): 1220, 1327,   0, ---, ---, ---, 
[2026-04-03T06:45:38.497+0600][36.951s][info][gc,stats    ] Concurrent Weak References          735 us, parallelism: 0.63x
[2026-04-03T06:45:38.497+0600][36.951s][info][gc,stats    ]   CWRF: <total>                     463 us
[2026-04-03T06:45:38.497+0600][36.951s][info][gc,stats    ]   CWRF: Weak References             463 us, workers (us): 349, 113,   0, ---, ---, ---, 
[2026-04-03T06:45:38.497+0600][36.951s][info][gc,stats    ] Concurrent Weak Roots              7983 us
[2026-04-03T06:45:38.497+0600][36.951s][info][gc,stats    ]   Roots                            6525 us, parallelism: 1.69x
[2026-04-03T06:45:38.497+0600][36.951s][info][gc,stats    ]     CWR: <total>                  11020 us
[2026-04-03T06:45:38.497+0600][36.951s][info][gc,stats    ]     CWR: Code Cache Roots          9498 us, workers (us): 5331, 3460, 706, ---, ---, ---, 
[2026-04-03T06:45:38.497+0600][36.951s][info][gc,stats    ]     CWR: VM Weak Roots             1478 us, workers (us): 749, 726,   3, ---, ---, ---, 
[2026-04-03T06:45:38.497+0600][36.952s][info][gc,stats    ]     CWR: CLDG Roots                  45 us, workers (us): ---,  45, ---, ---, ---, ---, 
[2026-04-03T06:45:38.497+0600][36.952s][info][gc,stats    ]   Rendezvous                       1250 us
[2026-04-03T06:45:38.497+0600][36.952s][info][gc,stats    ] Concurrent Cleanup                  482 us
[2026-04-03T06:45:38.497+0600][36.952s][info][gc,stats    ] Concurrent Class Unloading        24853 us
[2026-04-03T06:45:38.497+0600][36.952s][info][gc,stats    ]   Unlink Stale                    17755 us
[2026-04-03T06:45:38.497+0600][36.952s][info][gc,stats    ]     System Dictionary              2487 us
[2026-04-03T06:45:38.497+0600][36.952s][info][gc,stats    ]     Weak Class Links                  1 us
[2026-04-03T06:45:38.497+0600][36.952s][info][gc,stats    ]     Code Roots                    15259 us
[2026-04-03T06:45:38.497+0600][36.952s][info][gc,stats    ]   Rendezvous                       1068 us
[2026-04-03T06:45:38.497+0600][36.952s][info][gc,stats    ]   Purge Unlinked                   5168 us
[2026-04-03T06:45:38.497+0600][36.952s][info][gc,stats    ]     Code Roots                     5106 us
[2026-04-03T06:45:38.497+0600][36.952s][info][gc,stats    ]     CLDG                             59 us
[2026-04-03T06:45:38.497+0600][36.952s][info][gc,stats    ]     Exception Caches                  1 us
[2026-04-03T06:45:38.497+0600][36.952s][info][gc,stats    ] Concurrent Strong Roots            1828 us, parallelism: 0.49x
[2026-04-03T06:45:38.498+0600][36.952s][info][gc,stats    ]   CSR: <total>                      893 us
[2026-04-03T06:45:38.498+0600][36.952s][info][gc,stats    ]   CSR: VM Strong Roots               29 us, workers (us):  27,   1,   1, ---, ---, ---, 
[2026-04-03T06:45:38.498+0600][36.952s][info][gc,stats    ]   CSR: CLDG Roots                   865 us, workers (us): 865, ---, ---, ---, ---, ---, 
[2026-04-03T06:45:38.498+0600][36.952s][info][gc,stats    ] Concurrent Evacuation              4921 us
[2026-04-03T06:45:38.498+0600][36.952s][info][gc,stats    ] Pause Init Update Refs (G)         1561 us
[2026-04-03T06:45:38.498+0600][36.952s][info][gc,stats    ] Pause Init Update Refs (N)          312 us
[2026-04-03T06:45:38.498+0600][36.953s][info][gc,stats    ]   Manage GCLABs                      72 us
[2026-04-03T06:45:38.498+0600][36.953s][info][gc,stats    ] Concurrent Update Refs            19531 us
[2026-04-03T06:45:38.498+0600][36.953s][info][gc,stats    ] Concurrent Update Thread Roots     1880 us
[2026-04-03T06:45:38.498+0600][36.953s][info][gc,stats    ] Pause Final Update Refs (G)         678 us
[2026-04-03T06:45:38.498+0600][36.953s][info][gc,stats    ] Pause Final Update Refs (N)         245 us
[2026-04-03T06:45:38.498+0600][36.953s][info][gc,stats    ]   Update Region States               64 us
[2026-04-03T06:45:38.498+0600][36.953s][info][gc,stats    ]   Trash Collection Set               10 us
[2026-04-03T06:45:38.498+0600][36.953s][info][gc,stats    ]   Rebuild Free Set                   47 us
[2026-04-03T06:45:38.498+0600][36.953s][info][gc,stats    ] Concurrent Cleanup                  934 us
[2026-04-03T06:45:38.498+0600][36.953s][info][gc,stats    ] 
[2026-04-03T06:45:38.498+0600][36.953s][info][gc,stats    ] Allocation pacing accrued:
[2026-04-03T06:45:38.498+0600][36.953s][info][gc,stats    ]       0 of  2360 ms (  0.0%): <total>
[2026-04-03T06:45:38.498+0600][36.953s][info][gc,stats    ]       0 of  2360 ms (  0.0%): <average total>
[2026-04-03T06:45:38.498+0600][36.953s][info][gc,stats    ] 
[2026-04-03T06:45:38.498+0600][36.953s][info][gc,metaspace] Metaspace: 55184K(55872K)->55184K(55872K) NonClass: 46634K(47040K)->46634K(47040K) Class: 8550K(8832K)->8550K(8832K)
[2026-04-03T06:45:38.498+0600][36.953s][info][gc,ergo     ] Pacer for Idle. Initial: 80302K, Alloc Tax Rate: 1.0x
[2026-04-03T06:45:39.825+0600][38.280s][info][gc          ] Trigger: Learning 4 of 5. Free (2742M) is below initial threshold (2744M)
[2026-04-03T06:45:39.826+0600][38.280s][info][gc,ergo     ] Free: 2742M, Max: 1024K regular, 2690M humongous, Frag: 2% external, 0% internal; Reserve: 197M, Max: 1024K
[2026-04-03T06:45:39.826+0600][38.280s][info][gc,start    ] GC(9) Concurrent reset
[2026-04-03T06:45:39.826+0600][38.280s][info][gc,task     ] GC(9) Using 3 of 6 workers for concurrent reset
[2026-04-03T06:45:39.826+0600][38.280s][info][gc,ergo     ] GC(9) Pacer for Reset. Non-Taxable: 3921M
[2026-04-03T06:45:39.834+0600][38.288s][info][gc          ] GC(9) Concurrent reset 8.029ms
[2026-04-03T06:45:39.834+0600][38.288s][info][gc,start    ] GC(9) Pause Init Mark (unload classes)
[2026-04-03T06:45:39.834+0600][38.289s][info][gc,task     ] GC(9) Using 6 of 6 workers for init marking
[2026-04-03T06:45:39.834+0600][38.289s][info][gc,ergo     ] GC(9) Pacer for Mark. Expected Live: 18451K, Free: 2736M, Non-Taxable: 273M, Alloc Tax Rate: 0.0x
[2026-04-03T06:45:39.834+0600][38.289s][info][gc          ] GC(9) Pause Init Mark (unload classes) 0.241ms
[2026-04-03T06:45:39.834+0600][38.289s][info][gc,start    ] GC(9) Concurrent marking roots
[2026-04-03T06:45:39.834+0600][38.289s][info][gc,task     ] GC(9) Using 3 of 6 workers for concurrent marking roots
[2026-04-03T06:45:39.836+0600][38.290s][info][gc          ] GC(9) Concurrent marking roots 1.199ms
[2026-04-03T06:45:39.836+0600][38.290s][info][gc,start    ] GC(9) Concurrent marking (unload classes)
[2026-04-03T06:45:39.836+0600][38.290s][info][gc,task     ] GC(9) Using 3 of 6 workers for concurrent marking
[2026-04-03T06:45:39.857+0600][38.312s][info][gc          ] GC(9) Concurrent marking (unload classes) 21.355ms
[2026-04-03T06:45:39.858+0600][38.312s][info][gc,start    ] GC(9) Pause Final Mark (unload classes)
[2026-04-03T06:45:39.858+0600][38.312s][info][gc,task     ] GC(9) Using 6 of 6 workers for final marking
[2026-04-03T06:45:39.858+0600][38.313s][info][gc,ergo     ] GC(9) Collectable Garbage: 902M (93%), Immediate: 902M (93%), CSet: 0B (0%)
[2026-04-03T06:45:39.858+0600][38.313s][info][gc          ] GC(9) Pause Final Mark (unload classes) 0.493ms
[2026-04-03T06:45:39.859+0600][38.313s][info][gc,start    ] GC(9) Concurrent weak references
[2026-04-03T06:45:39.859+0600][38.313s][info][gc,task     ] GC(9) Using 3 of 6 workers for concurrent weak references
[2026-04-03T06:45:39.859+0600][38.314s][info][gc,ref      ] GC(9) Encountered references: Soft: 2508, Weak: 5299, Final: 73, Phantom: 350
[2026-04-03T06:45:39.859+0600][38.314s][info][gc,ref      ] GC(9) Discovered  references: Soft: 0, Weak: 743, Final: 21, Phantom: 171
[2026-04-03T06:45:39.859+0600][38.314s][info][gc,ref      ] GC(9) Enqueued    references: Soft: 0, Weak: 0, Final: 0, Phantom: 0
[2026-04-03T06:45:39.859+0600][38.314s][info][gc          ] GC(9) Concurrent weak references 0.474ms
[2026-04-03T06:45:39.859+0600][38.314s][info][gc,start    ] GC(9) Concurrent weak roots
[2026-04-03T06:45:39.859+0600][38.314s][info][gc,task     ] GC(9) Using 3 of 6 workers for concurrent weak root
[2026-04-03T06:45:39.862+0600][38.317s][info][gc          ] GC(9) Concurrent weak roots 3.227ms
[2026-04-03T06:45:39.862+0600][38.317s][info][gc,start    ] GC(9) Concurrent cleanup
[2026-04-03T06:45:39.863+0600][38.317s][info][gc          ] GC(9) Concurrent cleanup 1014M->111M(1133M) 0.445ms
[2026-04-03T06:45:39.863+0600][38.318s][info][gc,ergo     ] GC(9) Free: 3612M, Max: 1024K regular, 2758M humongous, Frag: 24% external, 0% internal; Reserve: 197M, Max: 1024K
[2026-04-03T06:45:39.863+0600][38.318s][info][gc,start    ] GC(9) Concurrent class unloading
[2026-04-03T06:45:39.863+0600][38.318s][info][gc,task     ] GC(9) Using 3 of 6 workers for concurrent class unloading
[2026-04-03T06:45:39.872+0600][38.326s][info][gc          ] GC(9) Concurrent class unloading 8.569ms
[2026-04-03T06:45:39.872+0600][38.326s][info][gc,start    ] GC(9) Pause Final Roots
[2026-04-03T06:45:39.872+0600][38.327s][info][gc          ] GC(9) Pause Final Roots 0.067ms
[2026-04-03T06:45:39.872+0600][38.327s][info][gc,ergo     ] Free: 3610M, Max: 1024K regular, 2758M humongous, Frag: 24% external, 0% internal; Reserve: 197M, Max: 1024K
[2026-04-03T06:45:39.872+0600][38.327s][info][gc,stats    ] 
[2026-04-03T06:45:39.872+0600][38.327s][info][gc,stats    ] All times are wall-clock times, except per-root-class counters, that are sum over
[2026-04-03T06:45:39.872+0600][38.327s][info][gc,stats    ] all workers. Dividing the <total> over the root stage time estimates parallelism.
[2026-04-03T06:45:39.872+0600][38.327s][info][gc,stats    ] 
[2026-04-03T06:45:39.872+0600][38.327s][info][gc,stats    ] Concurrent Reset                   8145 us
[2026-04-03T06:45:39.873+0600][38.327s][info][gc,stats    ] Pause Init Mark (G)                 634 us
[2026-04-03T06:45:39.873+0600][38.327s][info][gc,stats    ] Pause Init Mark (N)                 346 us
[2026-04-03T06:45:39.873+0600][38.327s][info][gc,stats    ]   Update Region States               66 us
[2026-04-03T06:45:39.873+0600][38.327s][info][gc,stats    ] Concurrent Mark Roots              1303 us, parallelism: 1.50x
[2026-04-03T06:45:39.873+0600][38.327s][info][gc,stats    ]   CMR: <total>                     1954 us
[2026-04-03T06:45:39.873+0600][38.327s][info][gc,stats    ]   CMR: Thread Roots                1733 us, workers (us): 703, 537, 492, ---, ---, ---, 
[2026-04-03T06:45:39.873+0600][38.327s][info][gc,stats    ]   CMR: VM Strong Roots               26 us, workers (us):  23,   1,   1, ---, ---, ---, 
[2026-04-03T06:45:39.873+0600][38.327s][info][gc,stats    ]   CMR: CLDG Roots                   196 us, workers (us): 196, ---, ---, ---, ---, ---, 
[2026-04-03T06:45:39.873+0600][38.327s][info][gc,stats    ] Concurrent Marking                21504 us
[2026-04-03T06:45:39.873+0600][38.327s][info][gc,stats    ] Pause Final Mark (G)               1430 us
[2026-04-03T06:45:39.873+0600][38.327s][info][gc,stats    ] Pause Final Mark (N)                577 us
[2026-04-03T06:45:39.873+0600][38.327s][info][gc,stats    ]   Finish Mark                       156 us
[2026-04-03T06:45:39.873+0600][38.327s][info][gc,stats    ]   Update Region States               66 us
[2026-04-03T06:45:39.873+0600][38.327s][info][gc,stats    ]   Choose Collection Set             103 us
[2026-04-03T06:45:39.873+0600][38.327s][info][gc,stats    ]   Rebuild Free Set                   37 us
[2026-04-03T06:45:39.873+0600][38.327s][info][gc,stats    ] Concurrent Weak References          491 us, parallelism: 0.26x
[2026-04-03T06:45:39.873+0600][38.327s][info][gc,stats    ]   CWRF: <total>                     127 us
[2026-04-03T06:45:39.873+0600][38.327s][info][gc,stats    ]   CWRF: Weak References             127 us, workers (us): 127,   0,   0, ---, ---, ---, 
[2026-04-03T06:45:39.873+0600][38.327s][info][gc,stats    ] Concurrent Weak Roots              3338 us
[2026-04-03T06:45:39.873+0600][38.327s][info][gc,stats    ]   Roots                            2956 us, parallelism: 1.89x
[2026-04-03T06:45:39.873+0600][38.327s][info][gc,stats    ]     CWR: <total>                   5588 us
[2026-04-03T06:45:39.873+0600][38.327s][info][gc,stats    ]     CWR: Code Cache Roots          4624 us, workers (us): 2329, 2295,   0, ---, ---, ---, 
[2026-04-03T06:45:39.873+0600][38.327s][info][gc,stats    ]     CWR: VM Weak Roots              926 us, workers (us): 467, 457,   2, ---, ---, ---, 
[2026-04-03T06:45:39.873+0600][38.327s][info][gc,stats    ]     CWR: CLDG Roots                  38 us, workers (us):  38, ---, ---, ---, ---, ---, 
[2026-04-03T06:45:39.873+0600][38.327s][info][gc,stats    ]   Rendezvous                        228 us
[2026-04-03T06:45:39.873+0600][38.327s][info][gc,stats    ] Concurrent Cleanup                  516 us
[2026-04-03T06:45:39.873+0600][38.327s][info][gc,stats    ] Concurrent Class Unloading         8699 us
[2026-04-03T06:45:39.873+0600][38.327s][info][gc,stats    ]   Unlink Stale                     7880 us
[2026-04-03T06:45:39.873+0600][38.327s][info][gc,stats    ]     System Dictionary                71 us
[2026-04-03T06:45:39.873+0600][38.327s][info][gc,stats    ]     Weak Class Links                  0 us
[2026-04-03T06:45:39.873+0600][38.327s][info][gc,stats    ]     Code Roots                     7804 us
[2026-04-03T06:45:39.873+0600][38.328s][info][gc,stats    ]   Rendezvous                        154 us
[2026-04-03T06:45:39.873+0600][38.328s][info][gc,stats    ]   Purge Unlinked                    485 us
[2026-04-03T06:45:39.873+0600][38.328s][info][gc,stats    ]     Code Roots                      470 us
[2026-04-03T06:45:39.873+0600][38.328s][info][gc,stats    ]     CLDG                             14 us
[2026-04-03T06:45:39.873+0600][38.328s][info][gc,stats    ]     Exception Caches                  0 us
[2026-04-03T06:45:39.873+0600][38.328s][info][gc,stats    ] Pause Final Roots (G)               427 us
[2026-04-03T06:45:39.873+0600][38.328s][info][gc,stats    ] Pause Final Roots (N)                87 us
[2026-04-03T06:45:39.873+0600][38.328s][info][gc,stats    ] 
[2026-04-03T06:45:39.873+0600][38.328s][info][gc,stats    ] Allocation pacing accrued:
[2026-04-03T06:45:39.873+0600][38.328s][info][gc,stats    ]       0 of  1375 ms (  0.0%): <total>
[2026-04-03T06:45:39.873+0600][38.328s][info][gc,stats    ]       0 of  1375 ms (  0.0%): <average total>
[2026-04-03T06:45:39.873+0600][38.328s][info][gc,stats    ] 
[2026-04-03T06:45:39.873+0600][38.328s][info][gc,metaspace] Metaspace: 55184K(55872K)->55184K(55872K) NonClass: 46634K(47040K)->46634K(47040K) Class: 8550K(8832K)->8550K(8832K)
[2026-04-03T06:45:39.873+0600][38.328s][info][gc,ergo     ] Pacer for Idle. Initial: 80302K, Alloc Tax Rate: 1.0x
[2026-04-03T06:45:41.315+0600][39.769s][info][gc          ] Trigger: Learning 5 of 5. Free (2742M) is below initial threshold (2744M)
[2026-04-03T06:45:41.315+0600][39.770s][info][gc,ergo     ] Free: 2742M, Max: 1024K regular, 2741M humongous, Frag: 0% external, 0% internal; Reserve: 197M, Max: 1024K
[2026-04-03T06:45:41.315+0600][39.770s][info][gc,start    ] GC(10) Concurrent reset
[2026-04-03T06:45:41.315+0600][39.770s][info][gc,task     ] GC(10) Using 3 of 6 workers for concurrent reset
[2026-04-03T06:45:41.315+0600][39.770s][info][gc,ergo     ] GC(10) Pacer for Reset. Non-Taxable: 3921M
[2026-04-03T06:45:41.317+0600][39.772s][info][gc          ] GC(10) Concurrent reset 1.975ms
[2026-04-03T06:45:41.317+0600][39.772s][info][gc,start    ] GC(10) Pause Init Mark (unload classes)
[2026-04-03T06:45:41.317+0600][39.772s][info][gc,task     ] GC(10) Using 6 of 6 workers for init marking
[2026-04-03T06:45:41.318+0600][39.772s][info][gc,ergo     ] GC(10) Pacer for Mark. Expected Live: 18397K, Free: 2741M, Non-Taxable: 274M, Alloc Tax Rate: 0.0x
[2026-04-03T06:45:41.318+0600][39.772s][info][gc          ] GC(10) Pause Init Mark (unload classes) 0.167ms
[2026-04-03T06:45:41.318+0600][39.772s][info][gc,start    ] GC(10) Concurrent marking roots
[2026-04-03T06:45:41.318+0600][39.772s][info][gc,task     ] GC(10) Using 3 of 6 workers for concurrent marking roots
[2026-04-03T06:45:41.319+0600][39.773s][info][gc          ] GC(10) Concurrent marking roots 0.834ms
[2026-04-03T06:45:41.319+0600][39.773s][info][gc,start    ] GC(10) Concurrent marking (unload classes)
[2026-04-03T06:45:41.319+0600][39.773s][info][gc,task     ] GC(10) Using 3 of 6 workers for concurrent marking
[2026-04-03T06:45:41.346+0600][39.800s][info][gc          ] GC(10) Concurrent marking (unload classes) 26.972ms
[2026-04-03T06:45:41.346+0600][39.801s][info][gc,start    ] GC(10) Pause Final Mark (unload classes)
[2026-04-03T06:45:41.346+0600][39.801s][info][gc,task     ] GC(10) Using 6 of 6 workers for final marking
[2026-04-03T06:45:41.347+0600][39.801s][info][gc,ergo     ] GC(10) Adaptive CSet Selection. Target Free: 555M, Actual Free: 3752M, Max CSet: 163M, Min Garbage: 0B
[2026-04-03T06:45:41.347+0600][39.801s][info][gc,ergo     ] GC(10) Collectable Garbage: 962M (99%), Immediate: 841M (87%), CSet: 121M (12%)
[2026-04-03T06:45:41.347+0600][39.801s][info][gc,ergo     ] GC(10) Pacer for Evacuation. Used CSet: 124M, Free: 3555M, Non-Taxable: 355M, Alloc Tax Rate: 1.1x
[2026-04-03T06:45:41.347+0600][39.801s][info][gc          ] GC(10) Pause Final Mark (unload classes) 0.702ms
[2026-04-03T06:45:41.347+0600][39.802s][info][gc,start    ] GC(10) Concurrent thread roots
[2026-04-03T06:45:41.347+0600][39.802s][info][gc,task     ] GC(10) Using 3 of 6 workers for Concurrent thread roots
[2026-04-03T06:45:41.348+0600][39.803s][info][gc          ] GC(10) Concurrent thread roots 0.997ms
[2026-04-03T06:45:41.348+0600][39.803s][info][gc,start    ] GC(10) Concurrent weak references
[2026-04-03T06:45:41.348+0600][39.803s][info][gc,task     ] GC(10) Using 3 of 6 workers for concurrent weak references
[2026-04-03T06:45:41.349+0600][39.803s][info][gc,ref      ] GC(10) Encountered references: Soft: 2508, Weak: 5299, Final: 73, Phantom: 350
[2026-04-03T06:45:41.349+0600][39.803s][info][gc,ref      ] GC(10) Discovered  references: Soft: 0, Weak: 1544, Final: 19, Phantom: 174
[2026-04-03T06:45:41.349+0600][39.803s][info][gc,ref      ] GC(10) Enqueued    references: Soft: 0, Weak: 0, Final: 0, Phantom: 0
[2026-04-03T06:45:41.349+0600][39.803s][info][gc          ] GC(10) Concurrent weak references 0.489ms
[2026-04-03T06:45:41.349+0600][39.803s][info][gc,start    ] GC(10) Concurrent weak roots
[2026-04-03T06:45:41.349+0600][39.803s][info][gc,task     ] GC(10) Using 3 of 6 workers for concurrent weak root
[2026-04-03T06:45:41.354+0600][39.809s][info][gc          ] GC(10) Concurrent weak roots 5.701ms
[2026-04-03T06:45:41.355+0600][39.809s][info][gc,start    ] GC(10) Concurrent cleanup
[2026-04-03T06:45:41.355+0600][39.810s][info][gc          ] GC(10) Concurrent cleanup 1034M->193M(1133M) 0.389ms
[2026-04-03T06:45:41.355+0600][39.810s][info][gc,ergo     ] GC(10) Free: 3531M, Max: 1024K regular, 2690M humongous, Frag: 24% external, 0% internal; Reserve: 195M, Max: 1024K
[2026-04-03T06:45:41.355+0600][39.810s][info][gc,start    ] GC(10) Concurrent class unloading
[2026-04-03T06:45:41.355+0600][39.810s][info][gc,task     ] GC(10) Using 3 of 6 workers for concurrent class unloading
[2026-04-03T06:45:41.363+0600][39.818s][info][gc          ] GC(10) Concurrent class unloading 8.063ms
[2026-04-03T06:45:41.363+0600][39.818s][info][gc,start    ] GC(10) Concurrent strong roots
[2026-04-03T06:45:41.363+0600][39.818s][info][gc,task     ] GC(10) Using 3 of 6 workers for concurrent strong root
[2026-04-03T06:45:41.364+0600][39.819s][info][gc          ] GC(10) Concurrent strong roots 0.769ms
[2026-04-03T06:45:41.364+0600][39.819s][info][gc,start    ] GC(10) Concurrent evacuation
[2026-04-03T06:45:41.364+0600][39.819s][info][gc,task     ] GC(10) Using 3 of 6 workers for concurrent evacuation
[2026-04-03T06:45:41.367+0600][39.822s][info][gc          ] GC(10) Concurrent evacuation 2.804ms
[2026-04-03T06:45:41.368+0600][39.822s][info][gc,start    ] GC(10) Pause Init Update Refs
[2026-04-03T06:45:41.368+0600][39.822s][info][gc,ergo     ] GC(10) Pacer for Update Refs. Used: 196M, Free: 3530M, Non-Taxable: 353M, Alloc Tax Rate: 1.1x
[2026-04-03T06:45:41.368+0600][39.822s][info][gc          ] GC(10) Pause Init Update Refs 0.120ms
[2026-04-03T06:45:41.368+0600][39.823s][info][gc,start    ] GC(10) Concurrent update references
[2026-04-03T06:45:41.368+0600][39.823s][info][gc,task     ] GC(10) Using 3 of 6 workers for concurrent reference update
[2026-04-03T06:45:41.393+0600][39.847s][info][gc          ] GC(10) Concurrent update references 24.792ms
[2026-04-03T06:45:41.393+0600][39.848s][info][gc,start    ] GC(10) Concurrent update thread roots
[2026-04-03T06:45:41.394+0600][39.848s][info][gc          ] GC(10) Concurrent update thread roots 0.695ms
[2026-04-03T06:45:41.394+0600][39.849s][info][gc,start    ] GC(10) Pause Final Update Refs
[2026-04-03T06:45:41.394+0600][39.849s][info][gc,task     ] GC(10) Using 6 of 6 workers for final reference update
[2026-04-03T06:45:41.394+0600][39.849s][info][gc          ] GC(10) Pause Final Update Refs 0.223ms
[2026-04-03T06:45:41.395+0600][39.849s][info][gc,start    ] GC(10) Concurrent cleanup
[2026-04-03T06:45:41.396+0600][39.850s][info][gc          ] GC(10) Concurrent cleanup 198M->74M(1133M) 0.782ms
[2026-04-03T06:45:41.396+0600][39.850s][info][gc,ergo     ] Free: 3649M, Max: 1024K regular, 2689M humongous, Frag: 27% external, 0% internal; Reserve: 197M, Max: 1024K
[2026-04-03T06:45:41.396+0600][39.850s][info][gc,stats    ] 
[2026-04-03T06:45:41.396+0600][39.850s][info][gc,stats    ] All times are wall-clock times, except per-root-class counters, that are sum over
[2026-04-03T06:45:41.396+0600][39.850s][info][gc,stats    ] all workers. Dividing the <total> over the root stage time estimates parallelism.
[2026-04-03T06:45:41.396+0600][39.850s][info][gc,stats    ] 
[2026-04-03T06:45:41.396+0600][39.851s][info][gc,stats    ] Concurrent Reset                   2085 us
[2026-04-03T06:45:41.396+0600][39.851s][info][gc,stats    ] Pause Init Mark (G)                 446 us
[2026-04-03T06:45:41.396+0600][39.851s][info][gc,stats    ] Pause Init Mark (N)                 179 us
[2026-04-03T06:45:41.396+0600][39.851s][info][gc,stats    ]   Update Region States               39 us
[2026-04-03T06:45:41.396+0600][39.851s][info][gc,stats    ] Concurrent Mark Roots               928 us, parallelism: 0.90x
[2026-04-03T06:45:41.396+0600][39.851s][info][gc,stats    ]   CMR: <total>                      839 us
[2026-04-03T06:45:41.396+0600][39.851s][info][gc,stats    ]   CMR: Thread Roots                 646 us, workers (us): 270, 326,  50, ---, ---, ---, 
[2026-04-03T06:45:41.396+0600][39.851s][info][gc,stats    ]   CMR: VM Strong Roots               24 us, workers (us):  21,   1,   1, ---, ---, ---, 
[2026-04-03T06:45:41.396+0600][39.851s][info][gc,stats    ]   CMR: CLDG Roots                   169 us, workers (us): 169, ---, ---, ---, ---, ---, 
[2026-04-03T06:45:41.396+0600][39.851s][info][gc,stats    ] Concurrent Marking                27119 us
[2026-04-03T06:45:41.396+0600][39.851s][info][gc,stats    ] Pause Final Mark (G)               1362 us
[2026-04-03T06:45:41.396+0600][39.851s][info][gc,stats    ] Pause Final Mark (N)                726 us
[2026-04-03T06:45:41.396+0600][39.851s][info][gc,stats    ]   Finish Mark                       183 us
[2026-04-03T06:45:41.396+0600][39.851s][info][gc,stats    ]   Update Region States               65 us
[2026-04-03T06:45:41.396+0600][39.851s][info][gc,stats    ]   Choose Collection Set             175 us
[2026-04-03T06:45:41.396+0600][39.851s][info][gc,stats    ]   Rebuild Free Set                   40 us
[2026-04-03T06:45:41.396+0600][39.851s][info][gc,stats    ] Concurrent Thread Roots            1106 us, parallelism: 0.71x
[2026-04-03T06:45:41.396+0600][39.851s][info][gc,stats    ]   CTR: <total>                      783 us
[2026-04-03T06:45:41.396+0600][39.851s][info][gc,stats    ]   CTR: Thread Roots                 783 us, workers (us): 309, 310, 164, ---, ---, ---, 
[2026-04-03T06:45:41.396+0600][39.851s][info][gc,stats    ] Concurrent Weak References          506 us, parallelism: 0.53x
[2026-04-03T06:45:41.396+0600][39.851s][info][gc,stats    ]   CWRF: <total>                     269 us
[2026-04-03T06:45:41.396+0600][39.851s][info][gc,stats    ]   CWRF: Weak References             269 us, workers (us): 269,   0,   0, ---, ---, ---, 
[2026-04-03T06:45:41.396+0600][39.851s][info][gc,stats    ] Concurrent Weak Roots              5838 us
[2026-04-03T06:45:41.396+0600][39.851s][info][gc,stats    ]   Roots                            5343 us, parallelism: 1.49x
[2026-04-03T06:45:41.396+0600][39.851s][info][gc,stats    ]     CWR: <total>                   7980 us
[2026-04-03T06:45:41.396+0600][39.851s][info][gc,stats    ]     CWR: Code Cache Roots          6849 us, workers (us): 3992, 1429, 1428, ---, ---, ---, 
[2026-04-03T06:45:41.396+0600][39.851s][info][gc,stats    ]     CWR: VM Weak Roots             1100 us, workers (us): 1095,   2,   2, ---, ---, ---, 
[2026-04-03T06:45:41.396+0600][39.851s][info][gc,stats    ]     CWR: CLDG Roots                  31 us, workers (us):  31, ---, ---, ---, ---, ---, 
[2026-04-03T06:45:41.396+0600][39.851s][info][gc,stats    ]   Rendezvous                        320 us
[2026-04-03T06:45:41.396+0600][39.851s][info][gc,stats    ] Concurrent Cleanup                  464 us
[2026-04-03T06:45:41.396+0600][39.851s][info][gc,stats    ] Concurrent Class Unloading         8189 us
[2026-04-03T06:45:41.396+0600][39.851s][info][gc,stats    ]   Unlink Stale                     7240 us
[2026-04-03T06:45:41.396+0600][39.851s][info][gc,stats    ]     System Dictionary                56 us
[2026-04-03T06:45:41.396+0600][39.851s][info][gc,stats    ]     Weak Class Links                  1 us
[2026-04-03T06:45:41.396+0600][39.851s][info][gc,stats    ]     Code Roots                     7179 us
[2026-04-03T06:45:41.396+0600][39.851s][info][gc,stats    ]   Rendezvous                        396 us
[2026-04-03T06:45:41.396+0600][39.851s][info][gc,stats    ]   Purge Unlinked                    370 us
[2026-04-03T06:45:41.396+0600][39.851s][info][gc,stats    ]     Code Roots                      354 us
[2026-04-03T06:45:41.397+0600][39.851s][info][gc,stats    ]     CLDG                             15 us
[2026-04-03T06:45:41.397+0600][39.851s][info][gc,stats    ]     Exception Caches                  0 us
[2026-04-03T06:45:41.397+0600][39.851s][info][gc,stats    ] Concurrent Strong Roots             854 us, parallelism: 0.66x
[2026-04-03T06:45:41.397+0600][39.851s][info][gc,stats    ]   CSR: <total>                      564 us
[2026-04-03T06:45:41.397+0600][39.851s][info][gc,stats    ]   CSR: VM Strong Roots               23 us, workers (us):  21,   1,   0, ---, ---, ---, 
[2026-04-03T06:45:41.397+0600][39.851s][info][gc,stats    ]   CSR: CLDG Roots                   541 us, workers (us): 541, ---, ---, ---, ---, ---, 
[2026-04-03T06:45:41.397+0600][39.851s][info][gc,stats    ] Concurrent Evacuation              2921 us
[2026-04-03T06:45:41.397+0600][39.851s][info][gc,stats    ] Pause Init Update Refs (G)          893 us
[2026-04-03T06:45:41.397+0600][39.851s][info][gc,stats    ] Pause Init Update Refs (N)          140 us
[2026-04-03T06:45:41.397+0600][39.851s][info][gc,stats    ]   Manage GCLABs                      20 us
[2026-04-03T06:45:41.397+0600][39.851s][info][gc,stats    ] Concurrent Update Refs            24913 us
[2026-04-03T06:45:41.397+0600][39.851s][info][gc,stats    ] Concurrent Update Thread Roots      787 us
[2026-04-03T06:45:41.397+0600][39.851s][info][gc,stats    ] Pause Final Update Refs (G)        1130 us
[2026-04-03T06:45:41.397+0600][39.851s][info][gc,stats    ] Pause Final Update Refs (N)         240 us
[2026-04-03T06:45:41.397+0600][39.851s][info][gc,stats    ]   Update Region States               83 us
[2026-04-03T06:45:41.397+0600][39.851s][info][gc,stats    ]   Trash Collection Set                9 us
[2026-04-03T06:45:41.397+0600][39.851s][info][gc,stats    ]   Rebuild Free Set                   43 us
[2026-04-03T06:45:41.397+0600][39.851s][info][gc,stats    ] Concurrent Cleanup                  838 us
[2026-04-03T06:45:41.397+0600][39.851s][info][gc,stats    ] 
[2026-04-03T06:45:41.397+0600][39.851s][info][gc,stats    ] Allocation pacing accrued:
[2026-04-03T06:45:41.397+0600][39.851s][info][gc,stats    ]       0 of  1524 ms (  0.0%): <total>
[2026-04-03T06:45:41.397+0600][39.851s][info][gc,stats    ]       0 of  1524 ms (  0.0%): <average total>
[2026-04-03T06:45:41.397+0600][39.851s][info][gc,stats    ] 
[2026-04-03T06:45:41.397+0600][39.851s][info][gc,metaspace] Metaspace: 55185K(55872K)->55185K(55872K) NonClass: 46635K(47040K)->46635K(47040K) Class: 8550K(8832K)->8550K(8832K)
[2026-04-03T06:45:41.397+0600][39.851s][info][gc,ergo     ] Pacer for Idle. Initial: 80302K, Alloc Tax Rate: 1.0x
[2026-04-03T06:45:45.240+0600][43.694s][info][gc          ] Trigger: Explicit GC request (System.gc())
[2026-04-03T06:45:45.240+0600][43.694s][info][gc,ergo     ] Free: 1711M, Max: 1024K regular, 1711M humongous, Frag: 0% external, 0% internal; Reserve: 197M, Max: 1024K
[2026-04-03T06:45:45.240+0600][43.694s][info][gc,start    ] GC(11) Concurrent reset
[2026-04-03T06:45:45.240+0600][43.695s][info][gc,task     ] GC(11) Using 3 of 6 workers for concurrent reset
[2026-04-03T06:45:45.240+0600][43.695s][info][gc,ergo     ] GC(11) Pacer for Reset. Non-Taxable: 3921M
[2026-04-03T06:45:45.244+0600][43.698s][info][gc          ] GC(11) Concurrent reset 3.739ms
[2026-04-03T06:45:45.244+0600][43.699s][info][gc,start    ] GC(11) Pause Init Mark (unload classes)
[2026-04-03T06:45:45.244+0600][43.699s][info][gc,task     ] GC(11) Using 6 of 6 workers for init marking
[2026-04-03T06:45:45.245+0600][43.699s][info][gc,ref      ] GC(11) Clearing All SoftReferences
[2026-04-03T06:45:45.245+0600][43.699s][info][gc,ergo     ] GC(11) Pacer for Mark. Expected Live: 18349K, Free: 1711M, Non-Taxable: 171M, Alloc Tax Rate: 0.0x
[2026-04-03T06:45:45.245+0600][43.699s][info][gc          ] GC(11) Pause Init Mark (unload classes) 0.249ms
[2026-04-03T06:45:45.245+0600][43.699s][info][gc,start    ] GC(11) Concurrent marking roots
[2026-04-03T06:45:45.245+0600][43.699s][info][gc,task     ] GC(11) Using 3 of 6 workers for concurrent marking roots
[2026-04-03T06:45:45.247+0600][43.701s][info][gc          ] GC(11) Concurrent marking roots 1.796ms
[2026-04-03T06:45:45.247+0600][43.701s][info][gc,start    ] GC(11) Concurrent marking (unload classes)
[2026-04-03T06:45:45.247+0600][43.701s][info][gc,task     ] GC(11) Using 3 of 6 workers for concurrent marking
[2026-04-03T06:45:45.272+0600][43.727s][info][gc          ] GC(11) Concurrent marking (unload classes) 25.818ms
[2026-04-03T06:45:45.273+0600][43.727s][info][gc,start    ] GC(11) Pause Final Mark (unload classes)
[2026-04-03T06:45:45.273+0600][43.727s][info][gc,task     ] GC(11) Using 6 of 6 workers for final marking
[2026-04-03T06:45:45.273+0600][43.728s][info][gc,ergo     ] GC(11) Collectable Garbage: 1859M (93%), Immediate: 1859M (93%), CSet: 0B (0%)
[2026-04-03T06:45:45.273+0600][43.728s][info][gc          ] GC(11) Pause Final Mark (unload classes) 0.731ms
[2026-04-03T06:45:45.274+0600][43.728s][info][gc,start    ] GC(11) Concurrent weak references
[2026-04-03T06:45:45.274+0600][43.728s][info][gc,task     ] GC(11) Using 3 of 6 workers for concurrent weak references
[2026-04-03T06:45:45.274+0600][43.729s][info][gc,ref      ] GC(11) Encountered references: Soft: 2510, Weak: 5039, Final: 73, Phantom: 350
[2026-04-03T06:45:45.274+0600][43.729s][info][gc,ref      ] GC(11) Discovered  references: Soft: 1155, Weak: 395, Final: 0, Phantom: 345
[2026-04-03T06:45:45.274+0600][43.729s][info][gc,ref      ] GC(11) Enqueued    references: Soft: 61, Weak: 61, Final: 0, Phantom: 0
[2026-04-03T06:45:45.274+0600][43.729s][info][gc          ] GC(11) Concurrent weak references 0.607ms
[2026-04-03T06:45:45.274+0600][43.729s][info][gc,start    ] GC(11) Concurrent weak roots
[2026-04-03T06:45:45.274+0600][43.729s][info][gc,task     ] GC(11) Using 3 of 6 workers for concurrent weak root
[2026-04-03T06:45:45.277+0600][43.731s][info][gc          ] GC(11) Concurrent weak roots 2.257ms
[2026-04-03T06:45:45.277+0600][43.731s][info][gc,start    ] GC(11) Concurrent cleanup
[2026-04-03T06:45:45.278+0600][43.732s][info][gc          ] GC(11) Concurrent cleanup 2015M->156M(2085M) 0.938ms
[2026-04-03T06:45:45.278+0600][43.732s][info][gc,ergo     ] GC(11) Free: 3567M, Max: 1024K regular, 1708M humongous, Frag: 53% external, 0% internal; Reserve: 197M, Max: 1024K
[2026-04-03T06:45:45.278+0600][43.732s][info][gc,start    ] GC(11) Concurrent class unloading
[2026-04-03T06:45:45.278+0600][43.732s][info][gc,task     ] GC(11) Using 3 of 6 workers for concurrent class unloading
[2026-04-03T06:45:45.286+0600][43.741s][info][gc          ] GC(11) Concurrent class unloading 8.385ms
[2026-04-03T06:45:45.286+0600][43.741s][info][gc,start    ] GC(11) Pause Final Roots
[2026-04-03T06:45:45.286+0600][43.741s][info][gc          ] GC(11) Pause Final Roots 0.065ms
[2026-04-03T06:45:45.286+0600][43.741s][info][gc,ergo     ] Free: 3567M, Max: 1024K regular, 1708M humongous, Frag: 53% external, 0% internal; Reserve: 197M, Max: 1024K
[2026-04-03T06:45:45.286+0600][43.741s][info][gc,stats    ] 
[2026-04-03T06:45:45.286+0600][43.741s][info][gc,stats    ] All times are wall-clock times, except per-root-class counters, that are sum over
[2026-04-03T06:45:45.286+0600][43.741s][info][gc,stats    ] all workers. Dividing the <total> over the root stage time estimates parallelism.
[2026-04-03T06:45:45.286+0600][43.741s][info][gc,stats    ] 
[2026-04-03T06:45:45.286+0600][43.741s][info][gc,stats    ] Concurrent Reset                   3859 us
[2026-04-03T06:45:45.287+0600][43.741s][info][gc,stats    ] Pause Init Mark (G)                 919 us
[2026-04-03T06:45:45.287+0600][43.741s][info][gc,stats    ] Pause Init Mark (N)                 275 us
[2026-04-03T06:45:45.287+0600][43.741s][info][gc,stats    ]   Update Region States               69 us
[2026-04-03T06:45:45.287+0600][43.741s][info][gc,stats    ] Concurrent Mark Roots              1893 us, parallelism: 1.31x
[2026-04-03T06:45:45.287+0600][43.741s][info][gc,stats    ]   CMR: <total>                     2485 us
[2026-04-03T06:45:45.287+0600][43.741s][info][gc,stats    ]   CMR: Thread Roots                2199 us, workers (us): 1148, 1051,   0, ---, ---, ---, 
[2026-04-03T06:45:45.287+0600][43.741s][info][gc,stats    ]   CMR: VM Strong Roots               83 us, workers (us):  82,   1,   0, ---, ---, ---, 
[2026-04-03T06:45:45.287+0600][43.741s][info][gc,stats    ]   CMR: CLDG Roots                   203 us, workers (us): 203, ---, ---, ---, ---, ---, 
[2026-04-03T06:45:45.287+0600][43.741s][info][gc,stats    ] Concurrent Marking                25921 us
[2026-04-03T06:45:45.287+0600][43.741s][info][gc,stats    ] Pause Final Mark (G)               1035 us
[2026-04-03T06:45:45.287+0600][43.741s][info][gc,stats    ] Pause Final Mark (N)                788 us
[2026-04-03T06:45:45.287+0600][43.741s][info][gc,stats    ]   Finish Mark                       253 us
[2026-04-03T06:45:45.287+0600][43.741s][info][gc,stats    ]   Update Region States              118 us
[2026-04-03T06:45:45.287+0600][43.741s][info][gc,stats    ]   Choose Collection Set             164 us
[2026-04-03T06:45:45.287+0600][43.741s][info][gc,stats    ]   Rebuild Free Set                   60 us
[2026-04-03T06:45:45.287+0600][43.741s][info][gc,stats    ] Concurrent Weak References          622 us, parallelism: 0.51x
[2026-04-03T06:45:45.287+0600][43.741s][info][gc,stats    ]   CWRF: <total>                     314 us
[2026-04-03T06:45:45.287+0600][43.741s][info][gc,stats    ]   CWRF: Weak References             314 us, workers (us):  38,  49, 227, ---, ---, ---, 
[2026-04-03T06:45:45.287+0600][43.741s][info][gc,stats    ] Concurrent Weak Roots              2333 us
[2026-04-03T06:45:45.287+0600][43.741s][info][gc,stats    ]   Roots                            2020 us, parallelism: 2.60x
[2026-04-03T06:45:45.287+0600][43.741s][info][gc,stats    ]     CWR: <total>                   5246 us
[2026-04-03T06:45:45.287+0600][43.741s][info][gc,stats    ]     CWR: Code Cache Roots          4353 us, workers (us): 1407, 1356, 1590, ---, ---, ---, 
[2026-04-03T06:45:45.287+0600][43.741s][info][gc,stats    ]     CWR: VM Weak Roots              882 us, workers (us): 307, 300, 275, ---, ---, ---, 
[2026-04-03T06:45:45.287+0600][43.741s][info][gc,stats    ]     CWR: CLDG Roots                  11 us, workers (us): ---,  11, ---, ---, ---, ---, 
[2026-04-03T06:45:45.287+0600][43.741s][info][gc,stats    ]   Rendezvous                        207 us
[2026-04-03T06:45:45.287+0600][43.741s][info][gc,stats    ] Concurrent Cleanup                  960 us
[2026-04-03T06:45:45.287+0600][43.741s][info][gc,stats    ] Concurrent Class Unloading         8474 us
[2026-04-03T06:45:45.287+0600][43.741s][info][gc,stats    ]   Unlink Stale                     6753 us
[2026-04-03T06:45:45.287+0600][43.741s][info][gc,stats    ]     System Dictionary                44 us
[2026-04-03T06:45:45.287+0600][43.741s][info][gc,stats    ]     Weak Class Links                  0 us
[2026-04-03T06:45:45.287+0600][43.741s][info][gc,stats    ]     Code Roots                     6704 us
[2026-04-03T06:45:45.287+0600][43.741s][info][gc,stats    ]   Rendezvous                        296 us
[2026-04-03T06:45:45.287+0600][43.742s][info][gc,stats    ]   Purge Unlinked                   1307 us
[2026-04-03T06:45:45.287+0600][43.742s][info][gc,stats    ]     Code Roots                     1291 us
[2026-04-03T06:45:45.287+0600][43.742s][info][gc,stats    ]     CLDG                             14 us
[2026-04-03T06:45:45.287+0600][43.742s][info][gc,stats    ]     Exception Caches                  0 us
[2026-04-03T06:45:45.287+0600][43.742s][info][gc,stats    ] Pause Final Roots (G)               202 us
[2026-04-03T06:45:45.287+0600][43.742s][info][gc,stats    ] Pause Final Roots (N)                80 us
[2026-04-03T06:45:45.287+0600][43.742s][info][gc,stats    ] 
[2026-04-03T06:45:45.287+0600][43.742s][info][gc,stats    ] Allocation pacing accrued:
[2026-04-03T06:45:45.287+0600][43.742s][info][gc,stats    ]       0 of  3890 ms (  0.0%): <total>
[2026-04-03T06:45:45.287+0600][43.742s][info][gc,stats    ]       0 of  3890 ms (  0.0%): <average total>
[2026-04-03T06:45:45.287+0600][43.742s][info][gc,stats    ] 
[2026-04-03T06:45:45.287+0600][43.742s][info][gc,metaspace] Metaspace: 55255K(55872K)->55286K(55872K) NonClass: 46704K(47040K)->46735K(47040K) Class: 8551K(8832K)->8551K(8832K)
[2026-04-03T06:45:45.287+0600][43.742s][info][gc,ergo     ] Pacer for Idle. Initial: 80302K, Alloc Tax Rate: 1.0x
[2026-04-03T06:45:45.287+0600][43.742s][info][gc,start    ] Concurrent uncommit
[2026-04-03T06:45:45.606+0600][44.061s][info][gc          ] Concurrent uncommit 156M->254M(256M) 318.909ms
[2026-04-03T06:45:46.875+0600][45.330s][info][gc          ] Trigger: Learning 2 of 5. Free (2743M) is below initial threshold (2744M)
[2026-04-03T06:45:46.876+0600][45.330s][info][gc,ergo     ] Free: 2743M, Max: 1024K regular, 1708M humongous, Frag: 38% external, 0% internal; Reserve: 197M, Max: 1024K
[2026-04-03T06:45:46.876+0600][45.330s][info][gc,start    ] GC(12) Concurrent reset
[2026-04-03T06:45:46.876+0600][45.330s][info][gc,task     ] GC(12) Using 3 of 6 workers for concurrent reset
[2026-04-03T06:45:46.876+0600][45.330s][info][gc,ergo     ] GC(12) Pacer for Reset. Non-Taxable: 3921M
[2026-04-03T06:45:46.878+0600][45.332s][info][gc          ] GC(12) Concurrent reset 2.198ms
[2026-04-03T06:45:46.878+0600][45.333s][info][gc,start    ] GC(12) Pause Init Mark (unload classes)
[2026-04-03T06:45:46.878+0600][45.333s][info][gc,task     ] GC(12) Using 6 of 6 workers for init marking
[2026-04-03T06:45:46.879+0600][45.333s][info][gc,ergo     ] GC(12) Pacer for Mark. Expected Live: 18378K, Free: 2743M, Non-Taxable: 274M, Alloc Tax Rate: 0.0x
[2026-04-03T06:45:46.879+0600][45.333s][info][gc          ] GC(12) Pause Init Mark (unload classes) 0.171ms
[2026-04-03T06:45:46.879+0600][45.333s][info][gc,start    ] GC(12) Concurrent marking roots
[2026-04-03T06:45:46.879+0600][45.333s][info][gc,task     ] GC(12) Using 3 of 6 workers for concurrent marking roots
[2026-04-03T06:45:46.880+0600][45.334s][info][gc          ] GC(12) Concurrent marking roots 0.957ms
[2026-04-03T06:45:46.880+0600][45.334s][info][gc,start    ] GC(12) Concurrent marking (unload classes)
[2026-04-03T06:45:46.880+0600][45.334s][info][gc,task     ] GC(12) Using 3 of 6 workers for concurrent marking
[2026-04-03T06:45:46.903+0600][45.357s][info][gc          ] GC(12) Concurrent marking (unload classes) 22.697ms
[2026-04-03T06:45:46.903+0600][45.357s][info][gc,start    ] GC(12) Pause Final Mark (unload classes)
[2026-04-03T06:45:46.903+0600][45.357s][info][gc,task     ] GC(12) Using 6 of 6 workers for final marking
[2026-04-03T06:45:46.903+0600][45.358s][info][gc,ergo     ] GC(12) Adaptive CSet Selection. Target Free: 555M, Actual Free: 3660M, Max CSet: 163M, Min Garbage: 0B
[2026-04-03T06:45:46.903+0600][45.358s][info][gc,ergo     ] GC(12) Collectable Garbage: 960M (99%), Immediate: 746M (77%), CSet: 214M (22%)
[2026-04-03T06:45:46.903+0600][45.358s][info][gc,ergo     ] GC(12) Pacer for Evacuation. Used CSet: 219M, Free: 3464M, Non-Taxable: 346M, Alloc Tax Rate: 1.1x
[2026-04-03T06:45:46.904+0600][45.358s][info][gc          ] GC(12) Pause Final Mark (unload classes) 0.610ms
[2026-04-03T06:45:46.904+0600][45.358s][info][gc,start    ] GC(12) Concurrent thread roots
[2026-04-03T06:45:46.904+0600][45.358s][info][gc,task     ] GC(12) Using 3 of 6 workers for Concurrent thread roots
[2026-04-03T06:45:46.906+0600][45.360s][info][gc          ] GC(12) Concurrent thread roots 1.569ms
[2026-04-03T06:45:46.906+0600][45.360s][info][gc,start    ] GC(12) Concurrent weak references
[2026-04-03T06:45:46.906+0600][45.360s][info][gc,task     ] GC(12) Using 3 of 6 workers for concurrent weak references
[2026-04-03T06:45:46.906+0600][45.361s][info][gc,ref      ] GC(12) Encountered references: Soft: 2509, Weak: 5449, Final: 73, Phantom: 350
[2026-04-03T06:45:46.906+0600][45.361s][info][gc,ref      ] GC(12) Discovered  references: Soft: 0, Weak: 1504, Final: 16, Phantom: 172
[2026-04-03T06:45:46.906+0600][45.361s][info][gc,ref      ] GC(12) Enqueued    references: Soft: 0, Weak: 2, Final: 0, Phantom: 0
[2026-04-03T06:45:46.906+0600][45.361s][info][gc          ] GC(12) Concurrent weak references 0.646ms
[2026-04-03T06:45:46.906+0600][45.361s][info][gc,start    ] GC(12) Concurrent weak roots
[2026-04-03T06:45:46.906+0600][45.361s][info][gc,task     ] GC(12) Using 3 of 6 workers for concurrent weak root
[2026-04-03T06:45:46.912+0600][45.367s][info][gc          ] GC(12) Concurrent weak roots 6.051ms
[2026-04-03T06:45:46.913+0600][45.367s][info][gc,start    ] GC(12) Concurrent cleanup
[2026-04-03T06:45:46.914+0600][45.369s][info][gc          ] GC(12) Concurrent cleanup 1030M->284M(1033M) 1.316ms
[2026-04-03T06:45:46.915+0600][45.370s][info][gc,ergo     ] GC(12) Free: 3440M, Max: 1024K regular, 1708M humongous, Frag: 51% external, 0% internal; Reserve: 195M, Max: 1024K
[2026-04-03T06:45:46.916+0600][45.370s][info][gc,start    ] GC(12) Concurrent class unloading
[2026-04-03T06:45:46.916+0600][45.370s][info][gc,task     ] GC(12) Using 3 of 6 workers for concurrent class unloading
[2026-04-03T06:45:46.948+0600][45.403s][info][gc          ] GC(12) Concurrent class unloading 32.426ms
[2026-04-03T06:45:46.948+0600][45.403s][info][gc,start    ] GC(12) Concurrent strong roots
[2026-04-03T06:45:46.949+0600][45.403s][info][gc,task     ] GC(12) Using 3 of 6 workers for concurrent strong root
[2026-04-03T06:45:46.951+0600][45.406s][info][gc          ] GC(12) Concurrent strong roots 2.839ms
[2026-04-03T06:45:46.952+0600][45.406s][info][gc,start    ] GC(12) Concurrent evacuation
[2026-04-03T06:45:46.952+0600][45.406s][info][gc,task     ] GC(12) Using 3 of 6 workers for concurrent evacuation
[2026-04-03T06:45:46.968+0600][45.423s][info][gc          ] GC(12) Concurrent evacuation 16.860ms
[2026-04-03T06:45:46.969+0600][45.423s][info][gc,start    ] GC(12) Pause Init Update Refs
[2026-04-03T06:45:46.969+0600][45.423s][info][gc,ergo     ] GC(12) Pacer for Update Refs. Used: 293M, Free: 3437M, Non-Taxable: 343M, Alloc Tax Rate: 1.1x
[2026-04-03T06:45:46.969+0600][45.423s][info][gc          ] GC(12) Pause Init Update Refs 0.145ms
[2026-04-03T06:45:46.970+0600][45.424s][info][gc,start    ] GC(12) Concurrent update references
[2026-04-03T06:45:46.970+0600][45.425s][info][gc,task     ] GC(12) Using 3 of 6 workers for concurrent reference update
[2026-04-03T06:45:47.003+0600][45.457s][info][gc          ] GC(12) Concurrent update references 32.864ms
[2026-04-03T06:45:47.003+0600][45.457s][info][gc,start    ] GC(12) Concurrent update thread roots
[2026-04-03T06:45:47.004+0600][45.459s][info][gc          ] GC(12) Concurrent update thread roots 1.054ms
[2026-04-03T06:45:47.004+0600][45.459s][info][gc,start    ] GC(12) Pause Final Update Refs
[2026-04-03T06:45:47.004+0600][45.459s][info][gc,task     ] GC(12) Using 6 of 6 workers for final reference update
[2026-04-03T06:45:47.005+0600][45.459s][info][gc          ] GC(12) Pause Final Update Refs 0.236ms
[2026-04-03T06:45:47.005+0600][45.460s][info][gc,start    ] GC(12) Concurrent cleanup
[2026-04-03T06:45:47.006+0600][45.460s][info][gc          ] GC(12) Concurrent cleanup 298M->79M(1038M) 0.576ms
[2026-04-03T06:45:47.007+0600][45.461s][info][gc,ergo     ] Free: 3643M, Max: 1024K regular, 2788M humongous, Frag: 24% external, 0% internal; Reserve: 197M, Max: 1024K
[2026-04-03T06:45:47.007+0600][45.462s][info][gc,stats    ] 
[2026-04-03T06:45:47.007+0600][45.462s][info][gc,stats    ] All times are wall-clock times, except per-root-class counters, that are sum over
[2026-04-03T06:45:47.007+0600][45.462s][info][gc,stats    ] all workers. Dividing the <total> over the root stage time estimates parallelism.
[2026-04-03T06:45:47.007+0600][45.462s][info][gc,stats    ] 
[2026-04-03T06:45:47.007+0600][45.462s][info][gc,stats    ] Concurrent Reset                   2329 us
[2026-04-03T06:45:47.007+0600][45.462s][info][gc,stats    ] Pause Init Mark (G)                 905 us
[2026-04-03T06:45:47.007+0600][45.462s][info][gc,stats    ] Pause Init Mark (N)                 184 us
[2026-04-03T06:45:47.007+0600][45.462s][info][gc,stats    ]   Update Region States               41 us
[2026-04-03T06:45:47.007+0600][45.462s][info][gc,stats    ] Concurrent Mark Roots              1028 us, parallelism: 1.04x
[2026-04-03T06:45:47.007+0600][45.462s][info][gc,stats    ]   CMR: <total>                     1069 us
[2026-04-03T06:45:47.007+0600][45.462s][info][gc,stats    ]   CMR: Thread Roots                 860 us, workers (us): 361, 159, 340, ---, ---, ---, 
[2026-04-03T06:45:47.007+0600][45.462s][info][gc,stats    ]   CMR: VM Strong Roots               31 us, workers (us):  13,  10,   8, ---, ---, ---, 
[2026-04-03T06:45:47.008+0600][45.462s][info][gc,stats    ]   CMR: CLDG Roots                   178 us, workers (us): ---, 178, ---, ---, ---, ---, 
[2026-04-03T06:45:47.008+0600][45.463s][info][gc,stats    ] Concurrent Marking                22827 us
[2026-04-03T06:45:47.008+0600][45.463s][info][gc,stats    ] Pause Final Mark (G)               1214 us
[2026-04-03T06:45:47.008+0600][45.463s][info][gc,stats    ] Pause Final Mark (N)                634 us
[2026-04-03T06:45:47.008+0600][45.463s][info][gc,stats    ]   Finish Mark                       138 us
[2026-04-03T06:45:47.008+0600][45.463s][info][gc,stats    ]   Update Region States               82 us
[2026-04-03T06:45:47.008+0600][45.463s][info][gc,stats    ]   Choose Collection Set             192 us
[2026-04-03T06:45:47.008+0600][45.463s][info][gc,stats    ]   Rebuild Free Set                   62 us
[2026-04-03T06:45:47.008+0600][45.463s][info][gc,stats    ] Concurrent Thread Roots            1671 us, parallelism: 1.74x
[2026-04-03T06:45:47.008+0600][45.463s][info][gc,stats    ]   CTR: <total>                     2909 us
[2026-04-03T06:45:47.008+0600][45.463s][info][gc,stats    ]   CTR: Thread Roots                2909 us, workers (us): 1459, 1185, 266, ---, ---, ---, 
[2026-04-03T06:45:47.008+0600][45.463s][info][gc,stats    ] Concurrent Weak References          663 us, parallelism: 0.71x
[2026-04-03T06:45:47.008+0600][45.463s][info][gc,stats    ]   CWRF: <total>                     471 us
[2026-04-03T06:45:47.008+0600][45.463s][info][gc,stats    ]   CWRF: Weak References             471 us, workers (us): 401,  69,   1, ---, ---, ---, 
[2026-04-03T06:45:47.008+0600][45.463s][info][gc,stats    ] Concurrent Weak Roots              6676 us
[2026-04-03T06:45:47.008+0600][45.463s][info][gc,stats    ]   Roots                            5188 us, parallelism: 2.30x
[2026-04-03T06:45:47.008+0600][45.463s][info][gc,stats    ]     CWR: <total>                  11909 us
[2026-04-03T06:45:47.008+0600][45.463s][info][gc,stats    ]     CWR: Code Cache Roots          8304 us, workers (us): 3214, 3298, 1792, ---, ---, ---, 
[2026-04-03T06:45:47.008+0600][45.463s][info][gc,stats    ]     CWR: VM Weak Roots             3538 us, workers (us): 1770, 1766,   2, ---, ---, ---, 
[2026-04-03T06:45:47.008+0600][45.463s][info][gc,stats    ]     CWR: CLDG Roots                  67 us, workers (us):  67, ---, ---, ---, ---, ---, 
[2026-04-03T06:45:47.008+0600][45.463s][info][gc,stats    ]   Rendezvous                        830 us
[2026-04-03T06:45:47.008+0600][45.463s][info][gc,stats    ] Concurrent Cleanup                 2060 us
[2026-04-03T06:45:47.009+0600][45.463s][info][gc,stats    ] Concurrent Class Unloading        32796 us
[2026-04-03T06:45:47.009+0600][45.463s][info][gc,stats    ]   Unlink Stale                    28830 us
[2026-04-03T06:45:47.009+0600][45.463s][info][gc,stats    ]     System Dictionary                57 us
[2026-04-03T06:45:47.009+0600][45.463s][info][gc,stats    ]     Weak Class Links                  1 us
[2026-04-03T06:45:47.009+0600][45.463s][info][gc,stats    ]     Code Roots                    28767 us
[2026-04-03T06:45:47.009+0600][45.463s][info][gc,stats    ]   Rendezvous                        509 us
[2026-04-03T06:45:47.009+0600][45.463s][info][gc,stats    ]   Purge Unlinked                   2946 us
[2026-04-03T06:45:47.009+0600][45.463s][info][gc,stats    ]     Code Roots                     2800 us
[2026-04-03T06:45:47.009+0600][45.463s][info][gc,stats    ]     CLDG                            142 us
[2026-04-03T06:45:47.009+0600][45.463s][info][gc,stats    ]     Exception Caches                  1 us
[2026-04-03T06:45:47.009+0600][45.463s][info][gc,stats    ] Concurrent Strong Roots            3103 us, parallelism: 0.67x
[2026-04-03T06:45:47.009+0600][45.463s][info][gc,stats    ]   CSR: <total>                     2093 us
[2026-04-03T06:45:47.009+0600][45.463s][info][gc,stats    ]   CSR: VM Strong Roots               29 us, workers (us):  27,   1,   0, ---, ---, ---, 
[2026-04-03T06:45:47.009+0600][45.463s][info][gc,stats    ]   CSR: CLDG Roots                  2064 us, workers (us): 2064, ---, ---, ---, ---, ---, 
[2026-04-03T06:45:47.009+0600][45.463s][info][gc,stats    ] Concurrent Evacuation             17032 us
[2026-04-03T06:45:47.009+0600][45.463s][info][gc,stats    ] Pause Init Update Refs (G)         1356 us
[2026-04-03T06:45:47.009+0600][45.463s][info][gc,stats    ] Pause Init Update Refs (N)          169 us
[2026-04-03T06:45:47.009+0600][45.463s][info][gc,stats    ]   Manage GCLABs                      24 us
[2026-04-03T06:45:47.009+0600][45.463s][info][gc,stats    ] Concurrent Update Refs            33028 us
[2026-04-03T06:45:47.009+0600][45.463s][info][gc,stats    ] Concurrent Update Thread Roots     1167 us
[2026-04-03T06:45:47.009+0600][45.463s][info][gc,stats    ] Pause Final Update Refs (G)        1242 us
[2026-04-03T06:45:47.009+0600][45.463s][info][gc,stats    ] Pause Final Update Refs (N)         265 us
[2026-04-03T06:45:47.009+0600][45.463s][info][gc,stats    ]   Update Region States               78 us
[2026-04-03T06:45:47.009+0600][45.463s][info][gc,stats    ]   Trash Collection Set               18 us
[2026-04-03T06:45:47.009+0600][45.463s][info][gc,stats    ]   Rebuild Free Set                   47 us
[2026-04-03T06:45:47.009+0600][45.463s][info][gc,stats    ] Concurrent Cleanup                 1369 us
[2026-04-03T06:45:47.009+0600][45.463s][info][gc,stats    ] Pacing                           799798 us
[2026-04-03T06:45:47.009+0600][45.463s][info][gc,stats    ] 
[2026-04-03T06:45:47.009+0600][45.463s][info][gc,stats    ] Allocation pacing accrued:
[2026-04-03T06:45:47.009+0600][45.464s][info][gc,stats    ]      11 of  1722 ms (  0.6%): finagle/netty4-2-12
[2026-04-03T06:45:47.009+0600][45.464s][info][gc,stats    ]      11 of  1722 ms (  0.6%): finagle/netty4-2-3
[2026-04-03T06:45:47.009+0600][45.464s][info][gc,stats    ]      11 of  1722 ms (  0.6%): finagle/netty4-2-5
[2026-04-03T06:45:47.009+0600][45.464s][info][gc,stats    ]      11 of  1722 ms (  0.6%): finagle/netty4-2-2
[2026-04-03T06:45:47.009+0600][45.464s][info][gc,stats    ]      11 of  1722 ms (  0.6%): finagle/netty4-2-11
[2026-04-03T06:45:47.009+0600][45.464s][info][gc,stats    ]      11 of  1722 ms (  0.6%): finagle/netty4-2-9
[2026-04-03T06:45:47.009+0600][45.464s][info][gc,stats    ]      11 of  1722 ms (  0.6%): finagle/netty4-2-8
[2026-04-03T06:45:47.009+0600][45.464s][info][gc,stats    ]      22 of  1722 ms (  1.3%): finagle/netty4-2-10
[2026-04-03T06:45:47.009+0600][45.464s][info][gc,stats    ]      17 of  1722 ms (  1.0%): finagle/netty4-2-14
[2026-04-03T06:45:47.009+0600][45.464s][info][gc,stats    ]      11 of  1722 ms (  0.6%): finagle/netty4-2-16
[2026-04-03T06:45:47.009+0600][45.464s][info][gc,stats    ]      11 of  1722 ms (  0.6%): finagle/netty4-2-17
[2026-04-03T06:45:47.009+0600][45.464s][info][gc,stats    ]      11 of  1722 ms (  0.6%): finagle/netty4-2-18
[2026-04-03T06:45:47.009+0600][45.464s][info][gc,stats    ]      21 of  1722 ms (  1.2%): finagle/netty4-2-19
[2026-04-03T06:45:47.009+0600][45.464s][info][gc,stats    ]      11 of  1722 ms (  0.7%): finagle/netty4-2-20
[2026-04-03T06:45:47.009+0600][45.464s][info][gc,stats    ]      23 of  1722 ms (  1.3%): finagle/netty4-2-21
[2026-04-03T06:45:47.009+0600][45.464s][info][gc,stats    ]      11 of  1722 ms (  0.6%): finagle/netty4-2-22
[2026-04-03T06:45:47.009+0600][45.464s][info][gc,stats    ]      11 of  1722 ms (  0.6%): finagle/netty4-2-23
[2026-04-03T06:45:47.009+0600][45.464s][info][gc,stats    ]      11 of  1722 ms (  0.6%): finagle/netty4-2-24
[2026-04-03T06:45:47.009+0600][45.464s][info][gc,stats    ]      33 of  1722 ms (  1.9%): finagle-http-worker-0
[2026-04-03T06:45:47.009+0600][45.464s][info][gc,stats    ]      45 of  1722 ms (  2.6%): finagle-http-worker-1
[2026-04-03T06:45:47.009+0600][45.464s][info][gc,stats    ]      55 of  1722 ms (  3.2%): finagle-http-worker-2
[2026-04-03T06:45:47.009+0600][45.464s][info][gc,stats    ]      51 of  1722 ms (  2.9%): finagle-http-worker-3
[2026-04-03T06:45:47.009+0600][45.464s][info][gc,stats    ]      45 of  1722 ms (  2.6%): finagle-http-worker-4
[2026-04-03T06:45:47.009+0600][45.464s][info][gc,stats    ]      55 of  1722 ms (  3.2%): finagle-http-worker-5
[2026-04-03T06:45:47.009+0600][45.464s][info][gc,stats    ]      34 of  1722 ms (  1.9%): finagle-http-worker-6
[2026-04-03T06:45:47.009+0600][45.464s][info][gc,stats    ]      45 of  1722 ms (  2.6%): finagle-http-worker-7
[2026-04-03T06:45:47.009+0600][45.464s][info][gc,stats    ]      56 of  1722 ms (  3.2%): finagle-http-worker-8
[2026-04-03T06:45:47.010+0600][45.464s][info][gc,stats    ]      55 of  1722 ms (  3.2%): finagle-http-worker-9
[2026-04-03T06:45:47.010+0600][45.464s][info][gc,stats    ]      45 of  1722 ms (  2.6%): finagle-http-worker-10
[2026-04-03T06:45:47.010+0600][45.464s][info][gc,stats    ]      45 of  1722 ms (  2.6%): finagle-http-worker-11
[2026-04-03T06:45:47.010+0600][45.464s][info][gc,stats    ]     800 of  1722 ms ( 46.4%): <total>
[2026-04-03T06:45:47.010+0600][45.464s][info][gc,stats    ]      13 of  1722 ms (  0.8%): <average total>
[2026-04-03T06:45:47.010+0600][45.464s][info][gc,stats    ]      27 of  1722 ms (  1.5%): <average non-zero>
[2026-04-03T06:45:47.010+0600][45.464s][info][gc,stats    ] 
[2026-04-03T06:45:47.010+0600][45.464s][info][gc,metaspace] Metaspace: 55347K(55936K)->55347K(55936K) NonClass: 46796K(47104K)->46796K(47104K) Class: 8551K(8832K)->8551K(8832K)
[2026-04-03T06:45:47.010+0600][45.464s][info][gc,ergo     ] Pacer for Idle. Initial: 80302K, Alloc Tax Rate: 1.0x
[2026-04-03T06:45:48.236+0600][46.690s][info][gc          ] Trigger: Learning 3 of 5. Free (2744M) is below initial threshold (2744M)
[2026-04-03T06:45:48.236+0600][46.690s][info][gc,ergo     ] Free: 2744M, Max: 1024K regular, 2744M humongous, Frag: 0% external, 0% internal; Reserve: 197M, Max: 1024K
[2026-04-03T06:45:48.236+0600][46.690s][info][gc,start    ] GC(13) Concurrent reset
[2026-04-03T06:45:48.236+0600][46.690s][info][gc,task     ] GC(13) Using 3 of 6 workers for concurrent reset
[2026-04-03T06:45:48.236+0600][46.690s][info][gc,ergo     ] GC(13) Pacer for Reset. Non-Taxable: 3921M
[2026-04-03T06:45:48.240+0600][46.695s][info][gc          ] GC(13) Concurrent reset 4.193ms
[2026-04-03T06:45:48.240+0600][46.695s][info][gc,start    ] GC(13) Pause Init Mark (unload classes)
[2026-04-03T06:45:48.240+0600][46.695s][info][gc,task     ] GC(13) Using 6 of 6 workers for init marking
[2026-04-03T06:45:48.240+0600][46.695s][info][gc,ergo     ] GC(13) Pacer for Mark. Expected Live: 18398K, Free: 2742M, Non-Taxable: 274M, Alloc Tax Rate: 0.0x
[2026-04-03T06:45:48.240+0600][46.695s][info][gc          ] GC(13) Pause Init Mark (unload classes) 0.184ms
[2026-04-03T06:45:48.241+0600][46.695s][info][gc,start    ] GC(13) Concurrent marking roots
[2026-04-03T06:45:48.241+0600][46.695s][info][gc,task     ] GC(13) Using 3 of 6 workers for concurrent marking roots
[2026-04-03T06:45:48.242+0600][46.697s][info][gc          ] GC(13) Concurrent marking roots 1.867ms
[2026-04-03T06:45:48.243+0600][46.697s][info][gc,start    ] GC(13) Concurrent marking (unload classes)
[2026-04-03T06:45:48.243+0600][46.697s][info][gc,task     ] GC(13) Using 3 of 6 workers for concurrent marking
[2026-04-03T06:45:48.265+0600][46.720s][info][gc          ] GC(13) Concurrent marking (unload classes) 22.608ms
[2026-04-03T06:45:48.265+0600][46.720s][info][gc,start    ] GC(13) Pause Final Mark (unload classes)
[2026-04-03T06:45:48.265+0600][46.720s][info][gc,task     ] GC(13) Using 6 of 6 workers for final marking
[2026-04-03T06:45:48.266+0600][46.720s][info][gc,ergo     ] GC(13) Adaptive CSet Selection. Target Free: 555M, Actual Free: 3775M, Max CSet: 163M, Min Garbage: 0B
[2026-04-03T06:45:48.266+0600][46.720s][info][gc,ergo     ] GC(13) Collectable Garbage: 962M (99%), Immediate: 862M (89%), CSet: 100M (10%)
[2026-04-03T06:45:48.266+0600][46.720s][info][gc,ergo     ] GC(13) Pacer for Evacuation. Used CSet: 105M, Free: 3579M, Non-Taxable: 357M, Alloc Tax Rate: 1.1x
[2026-04-03T06:45:48.266+0600][46.720s][info][gc          ] GC(13) Pause Final Mark (unload classes) 0.436ms
[2026-04-03T06:45:48.266+0600][46.721s][info][gc,start    ] GC(13) Concurrent thread roots
[2026-04-03T06:45:48.266+0600][46.721s][info][gc,task     ] GC(13) Using 3 of 6 workers for Concurrent thread roots
[2026-04-03T06:45:48.268+0600][46.722s][info][gc          ] GC(13) Concurrent thread roots 1.511ms
[2026-04-03T06:45:48.268+0600][46.722s][info][gc,start    ] GC(13) Concurrent weak references
[2026-04-03T06:45:48.268+0600][46.722s][info][gc,task     ] GC(13) Using 3 of 6 workers for concurrent weak references
[2026-04-03T06:45:48.268+0600][46.723s][info][gc,ref      ] GC(13) Encountered references: Soft: 2509, Weak: 5431, Final: 73, Phantom: 350
[2026-04-03T06:45:48.268+0600][46.723s][info][gc,ref      ] GC(13) Discovered  references: Soft: 0, Weak: 2194, Final: 63, Phantom: 172
[2026-04-03T06:45:48.268+0600][46.723s][info][gc,ref      ] GC(13) Enqueued    references: Soft: 0, Weak: 24, Final: 0, Phantom: 0
[2026-04-03T06:45:48.268+0600][46.723s][info][gc          ] GC(13) Concurrent weak references 0.650ms
[2026-04-03T06:45:48.268+0600][46.723s][info][gc,start    ] GC(13) Concurrent weak roots
[2026-04-03T06:45:48.268+0600][46.723s][info][gc,task     ] GC(13) Using 3 of 6 workers for concurrent weak root
[2026-04-03T06:45:48.274+0600][46.729s][info][gc          ] GC(13) Concurrent weak roots 5.949ms
[2026-04-03T06:45:48.274+0600][46.729s][info][gc,start    ] GC(13) Concurrent cleanup
[2026-04-03T06:45:48.275+0600][46.729s][info][gc          ] GC(13) Concurrent cleanup 1032M->170M(1134M) 0.411ms
[2026-04-03T06:45:48.275+0600][46.729s][info][gc,ergo     ] GC(13) Free: 3555M, Max: 1024K regular, 2692M humongous, Frag: 25% external, 0% internal; Reserve: 195M, Max: 1024K
[2026-04-03T06:45:48.275+0600][46.729s][info][gc,start    ] GC(13) Concurrent class unloading
[2026-04-03T06:45:48.275+0600][46.730s][info][gc,task     ] GC(13) Using 3 of 6 workers for concurrent class unloading
[2026-04-03T06:45:48.285+0600][46.739s][info][gc          ] GC(13) Concurrent class unloading 9.743ms
[2026-04-03T06:45:48.285+0600][46.740s][info][gc,start    ] GC(13) Concurrent strong roots
[2026-04-03T06:45:48.285+0600][46.740s][info][gc,task     ] GC(13) Using 3 of 6 workers for concurrent strong root
[2026-04-03T06:45:48.287+0600][46.741s][info][gc          ] GC(13) Concurrent strong roots 1.910ms
[2026-04-03T06:45:48.287+0600][46.742s][info][gc,start    ] GC(13) Concurrent evacuation
[2026-04-03T06:45:48.287+0600][46.742s][info][gc,task     ] GC(13) Using 3 of 6 workers for concurrent evacuation
[2026-04-03T06:45:48.292+0600][46.746s][info][gc          ] GC(13) Concurrent evacuation 4.560ms
[2026-04-03T06:45:48.292+0600][46.746s][info][gc,start    ] GC(13) Pause Init Update Refs
[2026-04-03T06:45:48.292+0600][46.747s][info][gc,ergo     ] GC(13) Pacer for Update Refs. Used: 176M, Free: 3554M, Non-Taxable: 355M, Alloc Tax Rate: 1.1x
[2026-04-03T06:45:48.292+0600][46.747s][info][gc          ] GC(13) Pause Init Update Refs 0.121ms
[2026-04-03T06:45:48.292+0600][46.747s][info][gc,start    ] GC(13) Concurrent update references
[2026-04-03T06:45:48.292+0600][46.747s][info][gc,task     ] GC(13) Using 3 of 6 workers for concurrent reference update
[2026-04-03T06:45:48.312+0600][46.767s][info][gc          ] GC(13) Concurrent update references 19.950ms
[2026-04-03T06:45:48.312+0600][46.767s][info][gc,start    ] GC(13) Concurrent update thread roots
[2026-04-03T06:45:48.314+0600][46.768s][info][gc          ] GC(13) Concurrent update thread roots 1.312ms
[2026-04-03T06:45:48.314+0600][46.768s][info][gc,start    ] GC(13) Pause Final Update Refs
[2026-04-03T06:45:48.314+0600][46.769s][info][gc,task     ] GC(13) Using 6 of 6 workers for final reference update
[2026-04-03T06:45:48.314+0600][46.769s][info][gc          ] GC(13) Pause Final Update Refs 0.194ms
[2026-04-03T06:45:48.314+0600][46.769s][info][gc,start    ] GC(13) Concurrent cleanup
[2026-04-03T06:45:48.315+0600][46.770s][info][gc          ] GC(13) Concurrent cleanup 177M->72M(1135M) 0.713ms
[2026-04-03T06:45:48.315+0600][46.770s][info][gc,ergo     ] Free: 3651M, Max: 1024K regular, 2692M humongous, Frag: 27% external, 0% internal; Reserve: 197M, Max: 1024K
[2026-04-03T06:45:48.316+0600][46.770s][info][gc,stats    ] 
[2026-04-03T06:45:48.316+0600][46.770s][info][gc,stats    ] All times are wall-clock times, except per-root-class counters, that are sum over
[2026-04-03T06:45:48.316+0600][46.771s][info][gc,stats    ] all workers. Dividing the <total> over the root stage time estimates parallelism.
[2026-04-03T06:45:48.316+0600][46.771s][info][gc,stats    ] 
[2026-04-03T06:45:48.316+0600][46.771s][info][gc,stats    ] Concurrent Reset                   4288 us
[2026-04-03T06:45:48.316+0600][46.771s][info][gc,stats    ] Pause Init Mark (G)                 515 us
[2026-04-03T06:45:48.316+0600][46.771s][info][gc,stats    ] Pause Init Mark (N)                 200 us
[2026-04-03T06:45:48.316+0600][46.771s][info][gc,stats    ]   Update Region States               41 us
[2026-04-03T06:45:48.316+0600][46.771s][info][gc,stats    ] Concurrent Mark Roots              1951 us, parallelism: 1.93x
[2026-04-03T06:45:48.316+0600][46.771s][info][gc,stats    ]   CMR: <total>                     3770 us
[2026-04-03T06:45:48.317+0600][46.771s][info][gc,stats    ]   CMR: Thread Roots                3442 us, workers (us): 986, 793, 1663, ---, ---, ---, 
[2026-04-03T06:45:48.317+0600][46.771s][info][gc,stats    ]   CMR: VM Strong Roots              132 us, workers (us):  56,  31,  45, ---, ---, ---, 
[2026-04-03T06:45:48.317+0600][46.771s][info][gc,stats    ]   CMR: CLDG Roots                   197 us, workers (us): ---, 197, ---, ---, ---, ---, 
[2026-04-03T06:45:48.317+0600][46.771s][info][gc,stats    ] Concurrent Marking                22750 us
[2026-04-03T06:45:48.317+0600][46.771s][info][gc,stats    ] Pause Final Mark (G)                735 us
[2026-04-03T06:45:48.317+0600][46.771s][info][gc,stats    ] Pause Final Mark (N)                451 us
[2026-04-03T06:45:48.317+0600][46.771s][info][gc,stats    ]   Finish Mark                       123 us
[2026-04-03T06:45:48.317+0600][46.771s][info][gc,stats    ]   Update Region States               69 us
[2026-04-03T06:45:48.317+0600][46.771s][info][gc,stats    ]   Choose Collection Set             122 us
[2026-04-03T06:45:48.317+0600][46.771s][info][gc,stats    ]   Rebuild Free Set                   55 us
[2026-04-03T06:45:48.317+0600][46.771s][info][gc,stats    ] Concurrent Thread Roots            1605 us, parallelism: 1.63x
[2026-04-03T06:45:48.317+0600][46.771s][info][gc,stats    ]   CTR: <total>                     2615 us
[2026-04-03T06:45:48.317+0600][46.771s][info][gc,stats    ]   CTR: Thread Roots                2615 us, workers (us): 677, 1212, 725, ---, ---, ---, 
[2026-04-03T06:45:48.317+0600][46.771s][info][gc,stats    ] Concurrent Weak References          668 us, parallelism: 0.69x
[2026-04-03T06:45:48.317+0600][46.771s][info][gc,stats    ]   CWRF: <total>                     459 us
[2026-04-03T06:45:48.317+0600][46.771s][info][gc,stats    ]   CWRF: Weak References             459 us, workers (us): 142, 316,   0, ---, ---, ---, 
[2026-04-03T06:45:48.317+0600][46.771s][info][gc,stats    ] Concurrent Weak Roots              6094 us
[2026-04-03T06:45:48.317+0600][46.771s][info][gc,stats    ]   Roots                            5349 us, parallelism: 2.60x
[2026-04-03T06:45:48.317+0600][46.771s][info][gc,stats    ]     CWR: <total>                  13904 us
[2026-04-03T06:45:48.317+0600][46.771s][info][gc,stats    ]     CWR: Code Cache Roots          9534 us, workers (us): 3658, 3107, 2769, ---, ---, ---, 
[2026-04-03T06:45:48.317+0600][46.771s][info][gc,stats    ]     CWR: VM Weak Roots             4320 us, workers (us): 1554, 1318, 1448, ---, ---, ---, 
[2026-04-03T06:45:48.317+0600][46.771s][info][gc,stats    ]     CWR: CLDG Roots                  49 us, workers (us): ---,  49, ---, ---, ---, ---, 
[2026-04-03T06:45:48.317+0600][46.771s][info][gc,stats    ]   Rendezvous                        564 us
[2026-04-03T06:45:48.317+0600][46.771s][info][gc,stats    ] Concurrent Cleanup                  458 us
[2026-04-03T06:45:48.317+0600][46.771s][info][gc,stats    ] Concurrent Class Unloading        10023 us
[2026-04-03T06:45:48.317+0600][46.771s][info][gc,stats    ]   Unlink Stale                     8316 us
[2026-04-03T06:45:48.317+0600][46.771s][info][gc,stats    ]     System Dictionary                58 us
[2026-04-03T06:45:48.317+0600][46.771s][info][gc,stats    ]     Weak Class Links                  0 us
[2026-04-03T06:45:48.317+0600][46.771s][info][gc,stats    ]     Code Roots                     8254 us
[2026-04-03T06:45:48.317+0600][46.772s][info][gc,stats    ]   Rendezvous                       1349 us
[2026-04-03T06:45:48.317+0600][46.772s][info][gc,stats    ]   Purge Unlinked                     27 us
[2026-04-03T06:45:48.317+0600][46.772s][info][gc,stats    ]     Code Roots                        7 us
[2026-04-03T06:45:48.317+0600][46.772s][info][gc,stats    ]     CLDG                             19 us
[2026-04-03T06:45:48.317+0600][46.772s][info][gc,stats    ]     Exception Caches                  1 us
[2026-04-03T06:45:48.317+0600][46.772s][info][gc,stats    ] Concurrent Strong Roots            2015 us, parallelism: 0.50x
[2026-04-03T06:45:48.317+0600][46.772s][info][gc,stats    ]   CSR: <total>                     1001 us
[2026-04-03T06:45:48.317+0600][46.772s][info][gc,stats    ]   CSR: VM Strong Roots               28 us, workers (us):  27,   1,   0, ---, ---, ---, 
[2026-04-03T06:45:48.317+0600][46.772s][info][gc,stats    ]   CSR: CLDG Roots                   973 us, workers (us): 973, ---, ---, ---, ---, ---, 
[2026-04-03T06:45:48.317+0600][46.772s][info][gc,stats    ] Concurrent Evacuation              4686 us
[2026-04-03T06:45:48.317+0600][46.772s][info][gc,stats    ] Pause Init Update Refs (G)          641 us
[2026-04-03T06:45:48.317+0600][46.772s][info][gc,stats    ] Pause Init Update Refs (N)          134 us
[2026-04-03T06:45:48.317+0600][46.772s][info][gc,stats    ]   Manage GCLABs                      19 us
[2026-04-03T06:45:48.317+0600][46.772s][info][gc,stats    ] Concurrent Update Refs            20066 us
[2026-04-03T06:45:48.317+0600][46.772s][info][gc,stats    ] Concurrent Update Thread Roots     1398 us
[2026-04-03T06:45:48.317+0600][46.772s][info][gc,stats    ] Pause Final Update Refs (G)         477 us
[2026-04-03T06:45:48.317+0600][46.772s][info][gc,stats    ] Pause Final Update Refs (N)         221 us
[2026-04-03T06:45:48.317+0600][46.772s][info][gc,stats    ]   Update Region States               60 us
[2026-04-03T06:45:48.317+0600][46.772s][info][gc,stats    ]   Trash Collection Set                8 us
[2026-04-03T06:45:48.317+0600][46.772s][info][gc,stats    ]   Rebuild Free Set                   39 us
[2026-04-03T06:45:48.317+0600][46.772s][info][gc,stats    ] Concurrent Cleanup                  756 us
[2026-04-03T06:45:48.317+0600][46.772s][info][gc,stats    ] 
[2026-04-03T06:45:48.317+0600][46.772s][info][gc,stats    ] Allocation pacing accrued:
[2026-04-03T06:45:48.317+0600][46.772s][info][gc,stats    ]       0 of  1308 ms (  0.0%): <total>
[2026-04-03T06:45:48.317+0600][46.772s][info][gc,stats    ]       0 of  1308 ms (  0.0%): <average total>
[2026-04-03T06:45:48.317+0600][46.772s][info][gc,stats    ] 
[2026-04-03T06:45:48.317+0600][46.772s][info][gc,metaspace] Metaspace: 55350K(55936K)->55350K(55936K) NonClass: 46799K(47104K)->46799K(47104K) Class: 8551K(8832K)->8551K(8832K)
[2026-04-03T06:45:48.317+0600][46.772s][info][gc,ergo     ] Pacer for Idle. Initial: 80302K, Alloc Tax Rate: 1.0x
[2026-04-03T06:45:49.562+0600][48.017s][info][gc          ] Trigger: Learning 4 of 5. Free (2743M) is below initial threshold (2744M)
[2026-04-03T06:45:49.563+0600][48.017s][info][gc,ergo     ] Free: 2743M, Max: 1024K regular, 2692M humongous, Frag: 2% external, 0% internal; Reserve: 197M, Max: 1024K
[2026-04-03T06:45:49.563+0600][48.017s][info][gc,start    ] GC(14) Concurrent reset
[2026-04-03T06:45:49.563+0600][48.017s][info][gc,task     ] GC(14) Using 3 of 6 workers for concurrent reset
[2026-04-03T06:45:49.563+0600][48.017s][info][gc,ergo     ] GC(14) Pacer for Reset. Non-Taxable: 3921M
[2026-04-03T06:45:49.570+0600][48.024s][info][gc          ] GC(14) Concurrent reset 7.288ms
[2026-04-03T06:45:49.571+0600][48.025s][info][gc,start    ] GC(14) Pause Init Mark (unload classes)
[2026-04-03T06:45:49.571+0600][48.025s][info][gc,task     ] GC(14) Using 6 of 6 workers for init marking
[2026-04-03T06:45:49.571+0600][48.025s][info][gc,ergo     ] GC(14) Pacer for Mark. Expected Live: 18400K, Free: 2740M, Non-Taxable: 274M, Alloc Tax Rate: 0.0x
[2026-04-03T06:45:49.571+0600][48.025s][info][gc          ] GC(14) Pause Init Mark (unload classes) 0.162ms
[2026-04-03T06:45:49.571+0600][48.025s][info][gc,start    ] GC(14) Concurrent marking roots
[2026-04-03T06:45:49.571+0600][48.026s][info][gc,task     ] GC(14) Using 3 of 6 workers for concurrent marking roots
[2026-04-03T06:45:49.572+0600][48.026s][info][gc          ] GC(14) Concurrent marking roots 0.908ms
[2026-04-03T06:45:49.572+0600][48.026s][info][gc,start    ] GC(14) Concurrent marking (unload classes)
[2026-04-03T06:45:49.572+0600][48.026s][info][gc,task     ] GC(14) Using 3 of 6 workers for concurrent marking
[2026-04-03T06:45:49.597+0600][48.052s][info][gc          ] GC(14) Concurrent marking (unload classes) 25.098ms
[2026-04-03T06:45:49.598+0600][48.052s][info][gc,start    ] GC(14) Pause Final Mark (unload classes)
[2026-04-03T06:45:49.598+0600][48.052s][info][gc,task     ] GC(14) Using 6 of 6 workers for final marking
[2026-04-03T06:45:49.598+0600][48.052s][info][gc,ergo     ] GC(14) Collectable Garbage: 891M (92%), Immediate: 891M (92%), CSet: 0B (0%)
[2026-04-03T06:45:49.598+0600][48.053s][info][gc          ] GC(14) Pause Final Mark (unload classes) 0.403ms
[2026-04-03T06:45:49.598+0600][48.053s][info][gc,start    ] GC(14) Concurrent weak references
[2026-04-03T06:45:49.599+0600][48.053s][info][gc,task     ] GC(14) Using 3 of 6 workers for concurrent weak references
[2026-04-03T06:45:49.599+0600][48.053s][info][gc,ref      ] GC(14) Encountered references: Soft: 2509, Weak: 5407, Final: 73, Phantom: 350
[2026-04-03T06:45:49.599+0600][48.054s][info][gc,ref      ] GC(14) Discovered  references: Soft: 0, Weak: 730, Final: 2, Phantom: 173
[2026-04-03T06:45:49.599+0600][48.054s][info][gc,ref      ] GC(14) Enqueued    references: Soft: 0, Weak: 0, Final: 0, Phantom: 0
[2026-04-03T06:45:49.599+0600][48.054s][info][gc          ] GC(14) Concurrent weak references 0.727ms
[2026-04-03T06:45:49.599+0600][48.054s][info][gc,start    ] GC(14) Concurrent weak roots
[2026-04-03T06:45:49.599+0600][48.054s][info][gc,task     ] GC(14) Using 3 of 6 workers for concurrent weak root
[2026-04-03T06:45:49.603+0600][48.057s][info][gc          ] GC(14) Concurrent weak roots 3.441ms
[2026-04-03T06:45:49.603+0600][48.057s][info][gc,start    ] GC(14) Concurrent cleanup
[2026-04-03T06:45:49.604+0600][48.058s][info][gc          ] GC(14) Concurrent cleanup 1010M->119M(1135M) 1.273ms
[2026-04-03T06:45:49.604+0600][48.059s][info][gc,ergo     ] GC(14) Free: 3604M, Max: 1024K regular, 2692M humongous, Frag: 26% external, 0% internal; Reserve: 197M, Max: 1024K
[2026-04-03T06:45:49.604+0600][48.059s][info][gc,start    ] GC(14) Concurrent class unloading
[2026-04-03T06:45:49.604+0600][48.059s][info][gc,task     ] GC(14) Using 3 of 6 workers for concurrent class unloading
[2026-04-03T06:45:49.612+0600][48.067s][info][gc          ] GC(14) Concurrent class unloading 7.898ms
[2026-04-03T06:45:49.612+0600][48.067s][info][gc,start    ] GC(14) Pause Final Roots
[2026-04-03T06:45:49.613+0600][48.067s][info][gc          ] GC(14) Pause Final Roots 0.082ms
[2026-04-03T06:45:49.613+0600][48.067s][info][gc,ergo     ] Free: 3603M, Max: 1024K regular, 2692M humongous, Frag: 26% external, 0% internal; Reserve: 197M, Max: 1024K
[2026-04-03T06:45:49.613+0600][48.067s][info][gc,stats    ] 
[2026-04-03T06:45:49.613+0600][48.067s][info][gc,stats    ] All times are wall-clock times, except per-root-class counters, that are sum over
[2026-04-03T06:45:49.613+0600][48.067s][info][gc,stats    ] all workers. Dividing the <total> over the root stage time estimates parallelism.
[2026-04-03T06:45:49.613+0600][48.067s][info][gc,stats    ] 
[2026-04-03T06:45:49.613+0600][48.067s][info][gc,stats    ] Concurrent Reset                   7562 us
[2026-04-03T06:45:49.613+0600][48.067s][info][gc,stats    ] Pause Init Mark (G)                 730 us
[2026-04-03T06:45:49.613+0600][48.067s][info][gc,stats    ] Pause Init Mark (N)                 174 us
[2026-04-03T06:45:49.613+0600][48.067s][info][gc,stats    ]   Update Region States               42 us
[2026-04-03T06:45:49.613+0600][48.067s][info][gc,stats    ] Concurrent Mark Roots              1009 us, parallelism: 0.96x
[2026-04-03T06:45:49.613+0600][48.067s][info][gc,stats    ]   CMR: <total>                      968 us
[2026-04-03T06:45:49.613+0600][48.067s][info][gc,stats    ]   CMR: Thread Roots                 733 us, workers (us): 355, 229, 149, ---, ---, ---, 
[2026-04-03T06:45:49.613+0600][48.067s][info][gc,stats    ]   CMR: VM Strong Roots               52 us, workers (us):  50,   1,   1, ---, ---, ---, 
[2026-04-03T06:45:49.613+0600][48.067s][info][gc,stats    ]   CMR: CLDG Roots                   183 us, workers (us): 183, ---, ---, ---, ---, ---, 
[2026-04-03T06:45:49.613+0600][48.068s][info][gc,stats    ] Concurrent Marking                25238 us
[2026-04-03T06:45:49.613+0600][48.068s][info][gc,stats    ] Pause Final Mark (G)               1180 us
[2026-04-03T06:45:49.613+0600][48.068s][info][gc,stats    ] Pause Final Mark (N)                419 us
[2026-04-03T06:45:49.613+0600][48.068s][info][gc,stats    ]   Finish Mark                       133 us
[2026-04-03T06:45:49.613+0600][48.068s][info][gc,stats    ]   Update Region States               63 us
[2026-04-03T06:45:49.613+0600][48.068s][info][gc,stats    ]   Choose Collection Set              68 us
[2026-04-03T06:45:49.613+0600][48.068s][info][gc,stats    ]   Rebuild Free Set                   43 us
[2026-04-03T06:45:49.613+0600][48.068s][info][gc,stats    ] Concurrent Weak References          748 us, parallelism: 0.17x
[2026-04-03T06:45:49.613+0600][48.068s][info][gc,stats    ]   CWRF: <total>                     124 us
[2026-04-03T06:45:49.613+0600][48.068s][info][gc,stats    ]   CWRF: Weak References             124 us, workers (us): 123,   0,   1, ---, ---, ---, 
[2026-04-03T06:45:49.613+0600][48.068s][info][gc,stats    ] Concurrent Weak Roots              3557 us
[2026-04-03T06:45:49.613+0600][48.068s][info][gc,stats    ]   Roots                            3171 us, parallelism: 2.23x
[2026-04-03T06:45:49.613+0600][48.068s][info][gc,stats    ]     CWR: <total>                   7077 us
[2026-04-03T06:45:49.613+0600][48.068s][info][gc,stats    ]     CWR: Code Cache Roots          6052 us, workers (us): 1687, 1746, 2619, ---, ---, ---, 
[2026-04-03T06:45:49.613+0600][48.068s][info][gc,stats    ]     CWR: VM Weak Roots              986 us, workers (us): 393, 376, 218, ---, ---, ---, 
[2026-04-03T06:45:49.613+0600][48.068s][info][gc,stats    ]     CWR: CLDG Roots                  39 us, workers (us): ---, ---,  39, ---, ---, ---, 
[2026-04-03T06:45:49.613+0600][48.068s][info][gc,stats    ]   Rendezvous                        230 us
[2026-04-03T06:45:49.613+0600][48.068s][info][gc,stats    ] Concurrent Cleanup                 1359 us
[2026-04-03T06:45:49.613+0600][48.068s][info][gc,stats    ] Concurrent Class Unloading         8011 us
[2026-04-03T06:45:49.613+0600][48.068s][info][gc,stats    ]   Unlink Stale                     7571 us
[2026-04-03T06:45:49.613+0600][48.068s][info][gc,stats    ]     System Dictionary                55 us
[2026-04-03T06:45:49.613+0600][48.068s][info][gc,stats    ]     Weak Class Links                  1 us
[2026-04-03T06:45:49.613+0600][48.068s][info][gc,stats    ]     Code Roots                     7513 us
[2026-04-03T06:45:49.613+0600][48.068s][info][gc,stats    ]   Rendezvous                        263 us
[2026-04-03T06:45:49.613+0600][48.068s][info][gc,stats    ]   Purge Unlinked                     26 us
[2026-04-03T06:45:49.613+0600][48.068s][info][gc,stats    ]     Code Roots                        5 us
[2026-04-03T06:45:49.613+0600][48.068s][info][gc,stats    ]     CLDG                             20 us
[2026-04-03T06:45:49.613+0600][48.068s][info][gc,stats    ]     Exception Caches                  0 us
[2026-04-03T06:45:49.613+0600][48.068s][info][gc,stats    ] Pause Final Roots (G)               469 us
[2026-04-03T06:45:49.613+0600][48.068s][info][gc,stats    ] Pause Final Roots (N)               114 us
[2026-04-03T06:45:49.613+0600][48.068s][info][gc,stats    ] 
[2026-04-03T06:45:49.613+0600][48.068s][info][gc,stats    ] Allocation pacing accrued:
[2026-04-03T06:45:49.613+0600][48.068s][info][gc,stats    ]       0 of  1296 ms (  0.0%): <total>
[2026-04-03T06:45:49.613+0600][48.068s][info][gc,stats    ]       0 of  1296 ms (  0.0%): <average total>
[2026-04-03T06:45:49.613+0600][48.068s][info][gc,stats    ] 
[2026-04-03T06:45:49.614+0600][48.068s][info][gc,metaspace] Metaspace: 55352K(55936K)->55352K(55936K) NonClass: 46800K(47104K)->46800K(47104K) Class: 8551K(8832K)->8551K(8832K)
[2026-04-03T06:45:49.614+0600][48.068s][info][gc,ergo     ] Pacer for Idle. Initial: 80302K, Alloc Tax Rate: 1.0x
[2026-04-03T06:45:50.855+0600][49.309s][info][gc          ] Trigger: Learning 5 of 5. Free (2744M) is below initial threshold (2744M)
[2026-04-03T06:45:50.855+0600][49.309s][info][gc,ergo     ] Free: 2744M, Max: 1024K regular, 2692M humongous, Frag: 2% external, 0% internal; Reserve: 197M, Max: 1024K
[2026-04-03T06:45:50.855+0600][49.310s][info][gc,start    ] GC(15) Concurrent reset
[2026-04-03T06:45:50.855+0600][49.310s][info][gc,task     ] GC(15) Using 3 of 6 workers for concurrent reset
[2026-04-03T06:45:50.855+0600][49.310s][info][gc,ergo     ] GC(15) Pacer for Reset. Non-Taxable: 3921M
[2026-04-03T06:45:50.857+0600][49.311s][info][gc          ] GC(15) Concurrent reset 1.797ms
[2026-04-03T06:45:50.857+0600][49.312s][info][gc,start    ] GC(15) Pause Init Mark (unload classes)
[2026-04-03T06:45:50.857+0600][49.312s][info][gc,task     ] GC(15) Using 6 of 6 workers for init marking
[2026-04-03T06:45:50.857+0600][49.312s][info][gc,ergo     ] GC(15) Pacer for Mark. Expected Live: 18404K, Free: 2744M, Non-Taxable: 274M, Alloc Tax Rate: 0.0x
[2026-04-03T06:45:50.857+0600][49.312s][info][gc          ] GC(15) Pause Init Mark (unload classes) 0.114ms
[2026-04-03T06:45:50.857+0600][49.312s][info][gc,start    ] GC(15) Concurrent marking roots
[2026-04-03T06:45:50.858+0600][49.312s][info][gc,task     ] GC(15) Using 3 of 6 workers for concurrent marking roots
[2026-04-03T06:45:50.859+0600][49.313s][info][gc          ] GC(15) Concurrent marking roots 1.337ms
[2026-04-03T06:45:50.859+0600][49.313s][info][gc,start    ] GC(15) Concurrent marking (unload classes)
[2026-04-03T06:45:50.859+0600][49.313s][info][gc,task     ] GC(15) Using 3 of 6 workers for concurrent marking
[2026-04-03T06:45:50.881+0600][49.335s][info][gc          ] GC(15) Concurrent marking (unload classes) 21.677ms
[2026-04-03T06:45:50.881+0600][49.336s][info][gc,start    ] GC(15) Pause Final Mark (unload classes)
[2026-04-03T06:45:50.881+0600][49.336s][info][gc,task     ] GC(15) Using 6 of 6 workers for final marking
[2026-04-03T06:45:50.882+0600][49.336s][info][gc,ergo     ] GC(15) Adaptive CSet Selection. Target Free: 555M, Actual Free: 3763M, Max CSet: 163M, Min Garbage: 0B
[2026-04-03T06:45:50.882+0600][49.336s][info][gc,ergo     ] GC(15) Collectable Garbage: 960M (99%), Immediate: 849M (88%), CSet: 110M (11%)
[2026-04-03T06:45:50.882+0600][49.336s][info][gc,ergo     ] GC(15) Pacer for Evacuation. Used CSet: 114M, Free: 3567M, Non-Taxable: 356M, Alloc Tax Rate: 1.1x
[2026-04-03T06:45:50.882+0600][49.336s][info][gc          ] GC(15) Pause Final Mark (unload classes) 0.467ms
[2026-04-03T06:45:50.882+0600][49.337s][info][gc,start    ] GC(15) Concurrent thread roots
[2026-04-03T06:45:50.882+0600][49.337s][info][gc,task     ] GC(15) Using 3 of 6 workers for Concurrent thread roots
[2026-04-03T06:45:50.883+0600][49.337s][info][gc          ] GC(15) Concurrent thread roots 0.721ms
[2026-04-03T06:45:50.883+0600][49.337s][info][gc,start    ] GC(15) Concurrent weak references
[2026-04-03T06:45:50.883+0600][49.337s][info][gc,task     ] GC(15) Using 3 of 6 workers for concurrent weak references
[2026-04-03T06:45:50.883+0600][49.338s][info][gc,ref      ] GC(15) Encountered references: Soft: 2509, Weak: 5407, Final: 73, Phantom: 350
[2026-04-03T06:45:50.883+0600][49.338s][info][gc,ref      ] GC(15) Discovered  references: Soft: 0, Weak: 621, Final: 0, Phantom: 343
[2026-04-03T06:45:50.883+0600][49.338s][info][gc,ref      ] GC(15) Enqueued    references: Soft: 0, Weak: 0, Final: 0, Phantom: 0
[2026-04-03T06:45:50.883+0600][49.338s][info][gc          ] GC(15) Concurrent weak references 0.384ms
[2026-04-03T06:45:50.883+0600][49.338s][info][gc,start    ] GC(15) Concurrent weak roots
[2026-04-03T06:45:50.883+0600][49.338s][info][gc,task     ] GC(15) Using 3 of 6 workers for concurrent weak root
[2026-04-03T06:45:50.886+0600][49.340s][info][gc          ] GC(15) Concurrent weak roots 2.597ms
[2026-04-03T06:45:50.886+0600][49.340s][info][gc,start    ] GC(15) Concurrent cleanup
[2026-04-03T06:45:50.887+0600][49.341s][info][gc          ] GC(15) Concurrent cleanup 1028M->180M(1135M) 0.860ms
[2026-04-03T06:45:50.887+0600][49.341s][info][gc,ergo     ] GC(15) Free: 3544M, Max: 1024K regular, 2695M humongous, Frag: 24% external, 0% internal; Reserve: 195M, Max: 1024K
[2026-04-03T06:45:50.887+0600][49.341s][info][gc,start    ] GC(15) Concurrent class unloading
[2026-04-03T06:45:50.887+0600][49.341s][info][gc,task     ] GC(15) Using 3 of 6 workers for concurrent class unloading
[2026-04-03T06:45:50.897+0600][49.351s][info][gc          ] GC(15) Concurrent class unloading 9.629ms
[2026-04-03T06:45:50.897+0600][49.351s][info][gc,start    ] GC(15) Concurrent strong roots
[2026-04-03T06:45:50.897+0600][49.351s][info][gc,task     ] GC(15) Using 3 of 6 workers for concurrent strong root
[2026-04-03T06:45:50.898+0600][49.352s][info][gc          ] GC(15) Concurrent strong roots 0.860ms
[2026-04-03T06:45:50.898+0600][49.352s][info][gc,start    ] GC(15) Concurrent evacuation
[2026-04-03T06:45:50.898+0600][49.352s][info][gc,task     ] GC(15) Using 3 of 6 workers for concurrent evacuation
[2026-04-03T06:45:50.903+0600][49.357s][info][gc          ] GC(15) Concurrent evacuation 4.858ms
[2026-04-03T06:45:50.903+0600][49.357s][info][gc,start    ] GC(15) Pause Init Update Refs
[2026-04-03T06:45:50.903+0600][49.357s][info][gc,ergo     ] GC(15) Pacer for Update Refs. Used: 184M, Free: 3543M, Non-Taxable: 354M, Alloc Tax Rate: 1.1x
[2026-04-03T06:45:50.903+0600][49.357s][info][gc          ] GC(15) Pause Init Update Refs 0.076ms
[2026-04-03T06:45:50.903+0600][49.358s][info][gc,start    ] GC(15) Concurrent update references
[2026-04-03T06:45:50.903+0600][49.358s][info][gc,task     ] GC(15) Using 3 of 6 workers for concurrent reference update
[2026-04-03T06:45:50.929+0600][49.384s][info][gc          ] GC(15) Concurrent update references 26.312ms
[2026-04-03T06:45:50.929+0600][49.384s][info][gc,start    ] GC(15) Concurrent update thread roots
[2026-04-03T06:45:50.930+0600][49.385s][info][gc          ] GC(15) Concurrent update thread roots 0.772ms
[2026-04-03T06:45:50.931+0600][49.385s][info][gc,start    ] GC(15) Pause Final Update Refs
[2026-04-03T06:45:50.931+0600][49.385s][info][gc,task     ] GC(15) Using 6 of 6 workers for final reference update
[2026-04-03T06:45:50.931+0600][49.385s][info][gc          ] GC(15) Pause Final Update Refs 0.186ms
[2026-04-03T06:45:50.931+0600][49.385s][info][gc,start    ] GC(15) Concurrent cleanup
[2026-04-03T06:45:50.932+0600][49.387s][info][gc          ] GC(15) Concurrent cleanup 186M->72M(1135M) 1.106ms
[2026-04-03T06:45:50.932+0600][49.387s][info][gc,ergo     ] Free: 3651M, Max: 1024K regular, 2696M humongous, Frag: 27% external, 0% internal; Reserve: 197M, Max: 1024K
[2026-04-03T06:45:50.932+0600][49.387s][info][gc,stats    ] 
[2026-04-03T06:45:50.932+0600][49.387s][info][gc,stats    ] All times are wall-clock times, except per-root-class counters, that are sum over
[2026-04-03T06:45:50.932+0600][49.387s][info][gc,stats    ] all workers. Dividing the <total> over the root stage time estimates parallelism.
[2026-04-03T06:45:50.932+0600][49.387s][info][gc,stats    ] 
[2026-04-03T06:45:50.932+0600][49.387s][info][gc,stats    ] Concurrent Reset                   1896 us
[2026-04-03T06:45:50.932+0600][49.387s][info][gc,stats    ] Pause Init Mark (G)                 553 us
[2026-04-03T06:45:50.932+0600][49.387s][info][gc,stats    ] Pause Init Mark (N)                 147 us
[2026-04-03T06:45:50.932+0600][49.387s][info][gc,stats    ]   Update Region States               43 us
[2026-04-03T06:45:50.932+0600][49.387s][info][gc,stats    ] Concurrent Mark Roots              1445 us, parallelism: 0.72x
[2026-04-03T06:45:50.932+0600][49.387s][info][gc,stats    ]   CMR: <total>                     1042 us
[2026-04-03T06:45:50.933+0600][49.387s][info][gc,stats    ]   CMR: Thread Roots                 822 us, workers (us): 359, 463,   0, ---, ---, ---, 
[2026-04-03T06:45:50.933+0600][49.387s][info][gc,stats    ]   CMR: VM Strong Roots               29 us, workers (us):  27,   2,   0, ---, ---, ---, 
[2026-04-03T06:45:50.933+0600][49.387s][info][gc,stats    ]   CMR: CLDG Roots                   192 us, workers (us): 192, ---, ---, ---, ---, ---, 
[2026-04-03T06:45:50.933+0600][49.387s][info][gc,stats    ] Concurrent Marking                21833 us
[2026-04-03T06:45:50.933+0600][49.387s][info][gc,stats    ] Pause Final Mark (G)               1255 us
[2026-04-03T06:45:50.933+0600][49.387s][info][gc,stats    ] Pause Final Mark (N)                480 us
[2026-04-03T06:45:50.933+0600][49.387s][info][gc,stats    ]   Finish Mark                       139 us
[2026-04-03T06:45:50.933+0600][49.387s][info][gc,stats    ]   Update Region States               58 us
[2026-04-03T06:45:50.933+0600][49.387s][info][gc,stats    ]   Choose Collection Set             113 us
[2026-04-03T06:45:50.933+0600][49.387s][info][gc,stats    ]   Rebuild Free Set                   42 us
[2026-04-03T06:45:50.933+0600][49.387s][info][gc,stats    ] Concurrent Thread Roots             781 us, parallelism: 1.18x
[2026-04-03T06:45:50.933+0600][49.387s][info][gc,stats    ]   CTR: <total>                      920 us
[2026-04-03T06:45:50.933+0600][49.387s][info][gc,stats    ]   CTR: Thread Roots                 920 us, workers (us): 309, 303, 308, ---, ---, ---, 
[2026-04-03T06:45:50.933+0600][49.387s][info][gc,stats    ] Concurrent Weak References          422 us, parallelism: 0.52x
[2026-04-03T06:45:50.933+0600][49.387s][info][gc,stats    ]   CWRF: <total>                     219 us
[2026-04-03T06:45:50.933+0600][49.387s][info][gc,stats    ]   CWRF: Weak References             219 us, workers (us): 219,   0,   0, ---, ---, ---, 
[2026-04-03T06:45:50.933+0600][49.387s][info][gc,stats    ] Concurrent Weak Roots              2709 us
[2026-04-03T06:45:50.933+0600][49.387s][info][gc,stats    ]   Roots                            2297 us, parallelism: 2.81x
[2026-04-03T06:45:50.933+0600][49.387s][info][gc,stats    ]     CWR: <total>                   6444 us
[2026-04-03T06:45:50.933+0600][49.387s][info][gc,stats    ]     CWR: Code Cache Roots          4876 us, workers (us): 1656, 1596, 1624, ---, ---, ---, 
[2026-04-03T06:45:50.933+0600][49.387s][info][gc,stats    ]     CWR: VM Weak Roots             1529 us, workers (us): 520, 508, 502, ---, ---, ---, 
[2026-04-03T06:45:50.933+0600][49.387s][info][gc,stats    ]     CWR: CLDG Roots                  38 us, workers (us): ---, ---,  38, ---, ---, ---, 
[2026-04-03T06:45:50.933+0600][49.387s][info][gc,stats    ]   Rendezvous                        241 us
[2026-04-03T06:45:50.933+0600][49.387s][info][gc,stats    ] Concurrent Cleanup                  922 us
[2026-04-03T06:45:50.933+0600][49.387s][info][gc,stats    ] Concurrent Class Unloading         9744 us
[2026-04-03T06:45:50.933+0600][49.387s][info][gc,stats    ]   Unlink Stale                     9144 us
[2026-04-03T06:45:50.933+0600][49.387s][info][gc,stats    ]     System Dictionary                47 us
[2026-04-03T06:45:50.933+0600][49.387s][info][gc,stats    ]     Weak Class Links                  1 us
[2026-04-03T06:45:50.933+0600][49.387s][info][gc,stats    ]     Code Roots                     9092 us
[2026-04-03T06:45:50.933+0600][49.387s][info][gc,stats    ]   Rendezvous                        419 us
[2026-04-03T06:45:50.933+0600][49.387s][info][gc,stats    ]   Purge Unlinked                     19 us
[2026-04-03T06:45:50.933+0600][49.387s][info][gc,stats    ]     Code Roots                        5 us
[2026-04-03T06:45:50.933+0600][49.387s][info][gc,stats    ]     CLDG                             13 us
[2026-04-03T06:45:50.933+0600][49.387s][info][gc,stats    ]     Exception Caches                  0 us
[2026-04-03T06:45:50.933+0600][49.388s][info][gc,stats    ] Concurrent Strong Roots             990 us, parallelism: 0.72x
[2026-04-03T06:45:50.933+0600][49.388s][info][gc,stats    ]   CSR: <total>                      714 us
[2026-04-03T06:45:50.933+0600][49.388s][info][gc,stats    ]   CSR: VM Strong Roots               30 us, workers (us):  20,  10,   1, ---, ---, ---, 
[2026-04-03T06:45:50.933+0600][49.388s][info][gc,stats    ]   CSR: CLDG Roots                   683 us, workers (us): ---, 683, ---, ---, ---, ---, 
[2026-04-03T06:45:50.933+0600][49.388s][info][gc,stats    ] Concurrent Evacuation              4985 us
[2026-04-03T06:45:50.933+0600][49.388s][info][gc,stats    ] Pause Init Update Refs (G)          396 us
[2026-04-03T06:45:50.933+0600][49.388s][info][gc,stats    ] Pause Init Update Refs (N)           90 us
[2026-04-03T06:45:50.933+0600][49.388s][info][gc,stats    ]   Manage GCLABs                      17 us
[2026-04-03T06:45:50.933+0600][49.388s][info][gc,stats    ] Concurrent Update Refs            26440 us
[2026-04-03T06:45:50.933+0600][49.388s][info][gc,stats    ] Concurrent Update Thread Roots      871 us
[2026-04-03T06:45:50.933+0600][49.388s][info][gc,stats    ] Pause Final Update Refs (G)         588 us
[2026-04-03T06:45:50.933+0600][49.388s][info][gc,stats    ] Pause Final Update Refs (N)         204 us
[2026-04-03T06:45:50.933+0600][49.388s][info][gc,stats    ]   Update Region States               60 us
[2026-04-03T06:45:50.933+0600][49.388s][info][gc,stats    ]   Trash Collection Set                9 us
[2026-04-03T06:45:50.933+0600][49.388s][info][gc,stats    ]   Rebuild Free Set                   40 us
[2026-04-03T06:45:50.933+0600][49.388s][info][gc,stats    ] Concurrent Cleanup                 1199 us
[2026-04-03T06:45:50.933+0600][49.388s][info][gc,stats    ] 
[2026-04-03T06:45:50.933+0600][49.388s][info][gc,stats    ] Allocation pacing accrued:
[2026-04-03T06:45:50.933+0600][49.388s][info][gc,stats    ]       0 of  1320 ms (  0.0%): <total>
[2026-04-03T06:45:50.933+0600][49.388s][info][gc,stats    ]       0 of  1320 ms (  0.0%): <average total>
[2026-04-03T06:45:50.933+0600][49.388s][info][gc,stats    ] 
[2026-04-03T06:45:50.933+0600][49.388s][info][gc,metaspace] Metaspace: 55357K(55936K)->55357K(55936K) NonClass: 46806K(47104K)->46806K(47104K) Class: 8551K(8832K)->8551K(8832K)
[2026-04-03T06:45:50.933+0600][49.388s][info][gc,ergo     ] Pacer for Idle. Initial: 80302K, Alloc Tax Rate: 1.0x
[2026-04-03T06:45:54.254+0600][52.709s][info][gc          ] Cancelling GC: Stopping VM
[2026-04-03T06:45:54.255+0600][52.709s][info][gc,heap,exit] Heap
[2026-04-03T06:45:54.255+0600][52.709s][info][gc,heap,exit] Shenandoah Heap
[2026-04-03T06:45:54.255+0600][52.709s][info][gc,heap,exit]  3921M max, 3921M soft max, 2058M committed, 2048M used
[2026-04-03T06:45:54.255+0600][52.709s][info][gc,heap,exit]  3921 x 1024K regions
[2026-04-03T06:45:54.255+0600][52.709s][info][gc,heap,exit] Status: cancelled
[2026-04-03T06:45:54.255+0600][52.709s][info][gc,heap,exit] Reserved region:
[2026-04-03T06:45:54.255+0600][52.709s][info][gc,heap,exit]  - [0x000000070af00000, 0x0000000800000000) 
[2026-04-03T06:45:54.255+0600][52.709s][info][gc,heap,exit] Collection set:
[2026-04-03T06:45:54.255+0600][52.709s][info][gc,heap,exit]  - map (vanilla): 0x00000000000170af
[2026-04-03T06:45:54.255+0600][52.709s][info][gc,heap,exit]  - map (biased):  0x0000000000010000
[2026-04-03T06:45:54.255+0600][52.709s][info][gc,heap,exit] 
[2026-04-03T06:45:54.255+0600][52.709s][info][gc,heap,exit]  Metaspace       used 55747K, committed 56192K, reserved 1114112K
[2026-04-03T06:45:54.255+0600][52.709s][info][gc,heap,exit]   class space    used 8682K, committed 8960K, reserved 1048576K
[2026-04-03T06:45:54.255+0600][52.709s][info][gc,stats    ] 
[2026-04-03T06:45:54.255+0600][52.709s][info][gc,stats    ] GC STATISTICS:
[2026-04-03T06:45:54.255+0600][52.709s][info][gc,stats    ]   "(G)" (gross) pauses include VM time: time to notify and block threads, do the pre-
[2026-04-03T06:45:54.255+0600][52.709s][info][gc,stats    ]         and post-safepoint housekeeping. Use -Xlog:safepoint+stats to dissect.
[2026-04-03T06:45:54.255+0600][52.709s][info][gc,stats    ]   "(N)" (net) pauses are the times spent in the actual GC code.
[2026-04-03T06:45:54.255+0600][52.709s][info][gc,stats    ]   "a" is average time for each phase, look at levels to see if average makes sense.
[2026-04-03T06:45:54.255+0600][52.709s][info][gc,stats    ]   "lvls" are quantiles: 0% (minimum), 25%, 50% (median), 75%, 100% (maximum).
[2026-04-03T06:45:54.255+0600][52.709s][info][gc,stats    ] 
[2026-04-03T06:45:54.255+0600][52.709s][info][gc,stats    ]   All times are wall-clock times, except per-root-class counters, that are sum over
[2026-04-03T06:45:54.255+0600][52.709s][info][gc,stats    ]   all workers. Dividing the <total> over the root stage time estimates parallelism.
[2026-04-03T06:45:54.255+0600][52.709s][info][gc,stats    ] 
[2026-04-03T06:45:54.255+0600][52.709s][info][gc,stats    ]   Pacing delays are measured from entering the pacing code till exiting it. Therefore,
[2026-04-03T06:45:54.255+0600][52.709s][info][gc,stats    ]   observed pacing delays may be higher than the threshold when paced thread spent more
[2026-04-03T06:45:54.255+0600][52.709s][info][gc,stats    ]   time in the pacing code. It usually happens when thread is de-scheduled while paced,
[2026-04-03T06:45:54.255+0600][52.709s][info][gc,stats    ]   OS takes longer to unblock the thread, or JVM experiences an STW pause.
[2026-04-03T06:45:54.255+0600][52.709s][info][gc,stats    ] 
[2026-04-03T06:45:54.255+0600][52.709s][info][gc,stats    ]   Higher delay would prevent application outpacing the GC, but it will hide the GC latencies
[2026-04-03T06:45:54.255+0600][52.709s][info][gc,stats    ]   from the STW pause times. Pacing affects the individual threads, and so it would also be
[2026-04-03T06:45:54.255+0600][52.709s][info][gc,stats    ]   invisible to the usual profiling tools, but would add up to end-to-end application latency.
[2026-04-03T06:45:54.255+0600][52.709s][info][gc,stats    ]   Raise max pacing delay with care.
[2026-04-03T06:45:54.255+0600][52.709s][info][gc,stats    ] 
[2026-04-03T06:45:54.255+0600][52.709s][info][gc,stats    ] Concurrent Reset               =    0.118 s (a =     7345 us) (n =    16) (lvls, us =      744,     2324,     5234,     8145,    35252)
[2026-04-03T06:45:54.255+0600][52.709s][info][gc,stats    ] Pause Init Mark (G)            =    0.016 s (a =     1007 us) (n =    16) (lvls, us =      445,      572,      904,     1250,     1944)
[2026-04-03T06:45:54.255+0600][52.709s][info][gc,stats    ] Pause Init Mark (N)            =    0.004 s (a =      238 us) (n =    16) (lvls, us =      146,      178,      199,      213,      630)
[2026-04-03T06:45:54.255+0600][52.709s][info][gc,stats    ]   Update Region States         =    0.001 s (a =       50 us) (n =    16) (lvls, us =       28,       39,       43,       55,       94)
[2026-04-03T06:45:54.255+0600][52.709s][info][gc,stats    ] Concurrent Mark Roots          =    0.027 s (a =     1672 us) (n =    16) (lvls, us =      775,      996,     1426,     1934,     4254)
[2026-04-03T06:45:54.255+0600][52.709s][info][gc,stats    ]   CMR: <total>                 =    0.036 s (a =     2237 us) (n =    16) (lvls, us =      559,      875,     1953,     3574,     4323)
[2026-04-03T06:45:54.255+0600][52.709s][info][gc,stats    ]   CMR: Thread Roots            =    0.030 s (a =     1897 us) (n =    16) (lvls, us =      387,      684,     1309,     3203,     4120)
[2026-04-03T06:45:54.255+0600][52.709s][info][gc,stats    ]   CMR: VM Strong Roots         =    0.002 s (a =      126 us) (n =    16) (lvls, us =       24,       25,       52,      148,      654)
[2026-04-03T06:45:54.255+0600][52.709s][info][gc,stats    ]   CMR: CLDG Roots              =    0.003 s (a =      214 us) (n =    16) (lvls, us =      145,      168,      191,      207,      507)
[2026-04-03T06:45:54.255+0600][52.710s][info][gc,stats    ] Concurrent Marking             =    0.414 s (a =    25853 us) (n =    16) (lvls, us =     8906,    21484,    23828,    27734,    44036)
[2026-04-03T06:45:54.255+0600][52.710s][info][gc,stats    ] Pause Final Mark (G)           =    0.022 s (a =     1360 us) (n =    16) (lvls, us =      734,      975,     1055,     1250,     3390)
[2026-04-03T06:45:54.255+0600][52.710s][info][gc,stats    ] Pause Final Mark (N)           =    0.010 s (a =      623 us) (n =    16) (lvls, us =      418,      533,      629,      697,      822)
[2026-04-03T06:45:54.255+0600][52.710s][info][gc,stats    ]   Finish Mark                  =    0.003 s (a =      180 us) (n =    16) (lvls, us =      121,      139,      170,      184,      326)
[2026-04-03T06:45:54.255+0600][52.710s][info][gc,stats    ]   Update Region States         =    0.001 s (a =       71 us) (n =    16) (lvls, us =       39,       61,       66,       77,      118)
[2026-04-03T06:45:54.255+0600][52.710s][info][gc,stats    ]   Choose Collection Set        =    0.003 s (a =      166 us) (n =    16) (lvls, us =       68,      111,      164,      191,      344)
[2026-04-03T06:45:54.255+0600][52.710s][info][gc,stats    ]   Rebuild Free Set             =    0.001 s (a =       48 us) (n =    16) (lvls, us =       29,       40,       46,       53,       75)
[2026-04-03T06:45:54.255+0600][52.710s][info][gc,stats    ] Concurrent Thread Roots        =    0.021 s (a =     1781 us) (n =    12) (lvls, us =      301,      781,     1309,     1934,     4559)
[2026-04-03T06:45:54.255+0600][52.710s][info][gc,stats    ]   CTR: <total>                 =    0.024 s (a =     2004 us) (n =    12) (lvls, us =      291,      807,     1641,     2598,     4737)
[2026-04-03T06:45:54.255+0600][52.710s][info][gc,stats    ]   CTR: Thread Roots            =    0.024 s (a =     2004 us) (n =    12) (lvls, us =      291,      807,     1641,     2598,     4737)
[2026-04-03T06:45:54.255+0600][52.710s][info][gc,stats    ] Concurrent Weak References     =    0.015 s (a =      916 us) (n =    16) (lvls, us =      420,      545,      662,      762,     2878)
[2026-04-03T06:45:54.255+0600][52.710s][info][gc,stats    ]   CWRF: <total>                =    0.008 s (a =      503 us) (n =    16) (lvls, us =      123,      199,      314,      457,     2615)
[2026-04-03T06:45:54.255+0600][52.710s][info][gc,stats    ]   CWRF: Weak References        =    0.008 s (a =      503 us) (n =    16) (lvls, us =      123,      199,      314,      457,     2615)
[2026-04-03T06:45:54.255+0600][52.710s][info][gc,stats    ] Concurrent Weak Roots          =    0.081 s (a =     5063 us) (n =    16) (lvls, us =     1016,     2695,     3867,     6660,    10284)
[2026-04-03T06:45:54.255+0600][52.710s][info][gc,stats    ]   Roots                        =    0.062 s (a =     3903 us) (n =    16) (lvls, us =      689,     2285,     3223,     5176,     8346)
[2026-04-03T06:45:54.255+0600][52.710s][info][gc,stats    ]     CWR: <total>               =    0.132 s (a =     8275 us) (n =    16) (lvls, us =     1621,     5586,     7480,     9746,    16789)
[2026-04-03T06:45:54.255+0600][52.710s][info][gc,stats    ]     CWR: Code Cache Roots      =    0.099 s (a =     6199 us) (n =    16) (lvls, us =      551,     4609,     6133,     7500,    10839)
[2026-04-03T06:45:54.255+0600][52.710s][info][gc,stats    ]     CWR: VM Weak Roots         =    0.033 s (a =     2035 us) (n =    16) (lvls, us =      881,     1055,     1465,     2188,     5835)
[2026-04-03T06:45:54.255+0600][52.710s][info][gc,stats    ]     CWR: CLDG Roots            =    0.001 s (a =       41 us) (n =    16) (lvls, us =       11,       29,       38,       45,      116)
[2026-04-03T06:45:54.255+0600][52.710s][info][gc,stats    ]   Rendezvous                   =    0.014 s (a =      899 us) (n =    16) (lvls, us =      141,      229,      451,      830,     3895)
[2026-04-03T06:45:54.255+0600][52.710s][info][gc,stats    ] Concurrent Cleanup             =    0.014 s (a =      851 us) (n =    16) (lvls, us =      217,      463,      516,     1113,     2060)
[2026-04-03T06:45:54.255+0600][52.710s][info][gc,stats    ] Concurrent Class Unloading     =    0.344 s (a =    21485 us) (n =    16) (lvls, us =     1934,     8457,     9961,    24805,    96592)
[2026-04-03T06:45:54.255+0600][52.710s][info][gc,stats    ]   Unlink Stale                 =    0.254 s (a =    15846 us) (n =    16) (lvls, us =     1270,     7539,     8945,    16797,    61891)
[2026-04-03T06:45:54.255+0600][52.710s][info][gc,stats    ]     System Dictionary          =    0.007 s (a =      421 us) (n =    16) (lvls, us =       11,       52,       56,       71,     2696)
[2026-04-03T06:45:54.255+0600][52.710s][info][gc,stats    ]     Weak Class Links           =    0.064 s (a =     4011 us) (n =    16) (lvls, us =        0,        0,        1,        1,    38254)
[2026-04-03T06:45:54.255+0600][52.710s][info][gc,stats    ]     Code Roots                 =    0.183 s (a =    11408 us) (n =    16) (lvls, us =     1250,     7168,     8242,    15234,    28767)
[2026-04-03T06:45:54.255+0600][52.710s][info][gc,stats    ]   Rendezvous                   =    0.009 s (a =      579 us) (n =    16) (lvls, us =      154,      223,      295,      508,     2078)
[2026-04-03T06:45:54.255+0600][52.710s][info][gc,stats    ]   Purge Unlinked               =    0.076 s (a =     4780 us) (n =    16) (lvls, us =       19,      369,     1289,     5156,    33301)
[2026-04-03T06:45:54.255+0600][52.710s][info][gc,stats    ]     Code Roots                 =    0.075 s (a =     4670 us) (n =    16) (lvls, us =        5,      354,     1289,     5098,    32340)
[2026-04-03T06:45:54.255+0600][52.710s][info][gc,stats    ]     CLDG                       =    0.002 s (a =      108 us) (n =    16) (lvls, us =        6,       14,       39,       63,      957)
[2026-04-03T06:45:54.255+0600][52.710s][info][gc,stats    ]     Exception Caches           =    0.000 s (a =        1 us) (n =    16) (lvls, us =        0,        0,        0,        1,        1)
[2026-04-03T06:45:54.255+0600][52.710s][info][gc,stats    ] Concurrent Strong Roots        =    0.024 s (a =     2026 us) (n =    12) (lvls, us =      826,      969,     1094,     2227,     6020)
[2026-04-03T06:45:54.255+0600][52.710s][info][gc,stats    ]   CSR: <total>                 =    0.015 s (a =     1210 us) (n =    12) (lvls, us =      334,      391,      809,     1992,     2832)
[2026-04-03T06:45:54.255+0600][52.710s][info][gc,stats    ]   CSR: VM Strong Roots         =    0.000 s (a =       30 us) (n =    12) (lvls, us =       15,       16,       28,       30,       88)
[2026-04-03T06:45:54.255+0600][52.710s][info][gc,stats    ]   CSR: CLDG Roots              =    0.014 s (a =     1179 us) (n =    12) (lvls, us =      318,      375,      785,     1895,     2797)
[2026-04-03T06:45:54.255+0600][52.710s][info][gc,stats    ] Concurrent Evacuation          =    0.109 s (a =     9090 us) (n =    12) (lvls, us =     2910,     4238,     4902,     6211,    36015)
[2026-04-03T06:45:54.255+0600][52.710s][info][gc,stats    ] Pause Final Roots (G)          =    0.001 s (a =      351 us) (n =     4) (lvls, us =      201,      201,      307,      426,      469)
[2026-04-03T06:45:54.255+0600][52.710s][info][gc,stats    ] Pause Final Roots (N)          =    0.000 s (a =       92 us) (n =     4) (lvls, us =       79,       79,       87,       88,      114)
[2026-04-03T06:45:54.255+0600][52.710s][info][gc,stats    ] Pause Init Update Refs (G)     =    0.015 s (a =     1255 us) (n =    12) (lvls, us =      285,      525,     1016,     1387,     4088)
[2026-04-03T06:45:54.255+0600][52.710s][info][gc,stats    ] Pause Init Update Refs (N)     =    0.002 s (a =      160 us) (n =    12) (lvls, us =       88,      129,      139,      168,      312)
[2026-04-03T06:45:54.255+0600][52.710s][info][gc,stats    ]   Manage GCLABs                =    0.000 s (a =       25 us) (n =    12) (lvls, us =        6,       16,       19,       24,       72)
[2026-04-03T06:45:54.255+0600][52.710s][info][gc,stats    ] Concurrent Update Refs         =    0.279 s (a =    23265 us) (n =    12) (lvls, us =     3906,    16992,    22852,    26367,    43332)
[2026-04-03T06:45:54.255+0600][52.710s][info][gc,stats    ] Concurrent Update Thread Roots =    0.015 s (a =     1285 us) (n =    12) (lvls, us =      354,      787,      926,     1777,     2505)
[2026-04-03T06:45:54.255+0600][52.710s][info][gc,stats    ] Pause Final Update Refs (G)    =    0.012 s (a =     1036 us) (n =    12) (lvls, us =      332,      480,      678,     1113,     3393)
[2026-04-03T06:45:54.255+0600][52.710s][info][gc,stats    ] Pause Final Update Refs (N)    =    0.003 s (a =      260 us) (n =    12) (lvls, us =      184,      219,      244,      277,      386)
[2026-04-03T06:45:54.255+0600][52.710s][info][gc,stats    ]   Update Region States         =    0.001 s (a =       74 us) (n =    12) (lvls, us =       52,       60,       73,       82,      101)
[2026-04-03T06:45:54.255+0600][52.710s][info][gc,stats    ]   Trash Collection Set         =    0.000 s (a =       19 us) (n =    12) (lvls, us =        8,        9,       13,       18,       54)
[2026-04-03T06:45:54.255+0600][52.710s][info][gc,stats    ]   Rebuild Free Set             =    0.001 s (a =       46 us) (n =    12) (lvls, us =       31,       39,       43,       47,       61)
[2026-04-03T06:45:54.255+0600][52.710s][info][gc,stats    ] Concurrent Cleanup             =    0.010 s (a =      832 us) (n =    12) (lvls, us =      297,      605,      826,      934,     1369)
[2026-04-03T06:45:54.256+0600][52.710s][info][gc,stats    ] Concurrent Uncommit            =    0.863 s (a =   287681 us) (n =     3) (lvls, us =    63281,    63281,    63281,   318359,   480607)
[2026-04-03T06:45:54.256+0600][52.710s][info][gc,stats    ] Pacing                         =    0.800 s (a =    49987 us) (n =    16) (lvls, us =        0,        0,        0,        0,   799798)
[2026-04-03T06:45:54.256+0600][52.710s][info][gc,stats    ] 
[2026-04-03T06:45:54.256+0600][52.710s][info][gc,stats    ] 
[2026-04-03T06:45:54.256+0600][52.710s][info][gc,stats    ] Under allocation pressure, concurrent cycles may cancel, and either continue cycle
[2026-04-03T06:45:54.256+0600][52.710s][info][gc,stats    ] under stop-the-world pause or result in stop-the-world Full GC. Increase heap size,
[2026-04-03T06:45:54.256+0600][52.710s][info][gc,stats    ] tune GC heuristics, set more aggressive pacing delay, or lower allocation rate
[2026-04-03T06:45:54.256+0600][52.710s][info][gc,stats    ] to avoid Degenerated and Full GC cycles.
[2026-04-03T06:45:54.256+0600][52.710s][info][gc,stats    ] 
[2026-04-03T06:45:54.256+0600][52.710s][info][gc,stats    ]    16 successful concurrent GCs
[2026-04-03T06:45:54.256+0600][52.710s][info][gc,stats    ]       3 invoked explicitly
[2026-04-03T06:45:54.256+0600][52.710s][info][gc,stats    ]       0 invoked implicitly
[2026-04-03T06:45:54.256+0600][52.710s][info][gc,stats    ] 
[2026-04-03T06:45:54.256+0600][52.710s][info][gc,stats    ]     0 Degenerated GCs
[2026-04-03T06:45:54.256+0600][52.710s][info][gc,stats    ]       0 caused by allocation failure
[2026-04-03T06:45:54.256+0600][52.710s][info][gc,stats    ]       0 upgraded to Full GC
[2026-04-03T06:45:54.256+0600][52.710s][info][gc,stats    ] 
[2026-04-03T06:45:54.256+0600][52.710s][info][gc,stats    ]     0 Full GCs
[2026-04-03T06:45:54.256+0600][52.710s][info][gc,stats    ]       0 invoked explicitly
[2026-04-03T06:45:54.256+0600][52.710s][info][gc,stats    ]       0 invoked implicitly
[2026-04-03T06:45:54.256+0600][52.710s][info][gc,stats    ]       0 caused by allocation failure
[2026-04-03T06:45:54.256+0600][52.710s][info][gc,stats    ]       0 upgraded from Degenerated GC
[2026-04-03T06:45:54.256+0600][52.710s][info][gc,stats    ] 
[2026-04-03T06:45:54.256+0600][52.710s][info][gc,stats    ] 
