[2026-04-03T06:43:25.934+0600][0.007s][info][gc,init] Initializing The Z Garbage Collector
[2026-04-03T06:43:25.934+0600][0.007s][info][gc,init] Version: 21.0.10+7-Ubuntu-124.04 (release)
[2026-04-03T06:43:25.934+0600][0.007s][info][gc,init] NUMA Support: Disabled
[2026-04-03T06:43:25.934+0600][0.007s][info][gc,init] CPUs: 12 total, 12 available
[2026-04-03T06:43:25.934+0600][0.007s][info][gc,init] Memory: 15683M
[2026-04-03T06:43:25.934+0600][0.007s][info][gc,init] Large Page Support: Disabled
[2026-04-03T06:43:25.934+0600][0.007s][info][gc,init] Address Space Type: Contiguous/Unrestricted/Complete
[2026-04-03T06:43:25.934+0600][0.007s][info][gc,init] Address Space Size: 62752M
[2026-04-03T06:43:25.934+0600][0.007s][info][gc,init] Heap Backing File: /memfd:java_heap
[2026-04-03T06:43:25.935+0600][0.008s][info][gc,init] Heap Backing Filesystem: tmpfs (0x1021994)
[2026-04-03T06:43:25.935+0600][0.008s][info][gc,init] Min Capacity: 8M
[2026-04-03T06:43:25.935+0600][0.008s][info][gc,init] Initial Capacity: 246M
[2026-04-03T06:43:25.935+0600][0.008s][info][gc,init] Max Capacity: 3922M
[2026-04-03T06:43:25.935+0600][0.008s][info][gc,init] Soft Max Capacity: 3529M
[2026-04-03T06:43:25.935+0600][0.008s][info][gc,init] Medium Page Size: 32M
[2026-04-03T06:43:25.935+0600][0.008s][info][gc,init] Pre-touch: Disabled
[2026-04-03T06:43:25.935+0600][0.008s][info][gc,init] Available space on backing filesystem: N/A
[2026-04-03T06:43:25.937+0600][0.010s][info][gc,init] Uncommit: Enabled
[2026-04-03T06:43:25.937+0600][0.010s][info][gc,init] Uncommit Delay: 300s
[2026-04-03T06:43:25.937+0600][0.010s][info][gc,init] GC Workers for Old Generation: 3 (dynamic)
[2026-04-03T06:43:25.938+0600][0.011s][info][gc,init] GC Workers for Young Generation: 3 (dynamic)
[2026-04-03T06:43:26.035+0600][0.108s][info][gc,init] GC Workers Max: 3 (dynamic)
[2026-04-03T06:43:26.036+0600][0.109s][info][gc,init] Runtime Workers: 8
[2026-04-03T06:43:26.036+0600][0.109s][info][gc     ] Using The Z Garbage Collector
[2026-04-03T06:43:26.047+0600][0.120s][info][gc,metaspace] CDS archive(s) mapped at: [0x000078c05f000000-0x000078c05fc9c000-0x000078c05fc9c000), size 13221888, SharedBaseAddress: 0x000078c05f000000, ArchiveRelocationMode: 1.
[2026-04-03T06:43:26.047+0600][0.120s][info][gc,metaspace] Compressed class space mapped at: 0x000078c060000000-0x000078c0a0000000, reserved size: 1073741824
[2026-04-03T06:43:26.047+0600][0.120s][info][gc,metaspace] Narrow klass base: 0x000078c05f000000, Narrow klass shift: 0, Narrow klass range: 0x100000000
[2026-04-03T06:43:27.728+0600][1.801s][info][gc          ] GC(0) Major Collection (Warmup)
[2026-04-03T06:43:27.728+0600][1.801s][info][gc,task     ] GC(0) Using 3 Workers for Young Generation
[2026-04-03T06:43:27.728+0600][1.801s][info][gc,task     ] GC(0) Using 2 Workers for Old Generation
[2026-04-03T06:43:27.728+0600][1.801s][info][gc,phases   ] GC(0) Y: Young Generation
[2026-04-03T06:43:27.728+0600][1.801s][info][gc,phases   ] GC(0) Y: Pause Mark Start (Major) 0.019ms
[2026-04-03T06:43:27.737+0600][1.810s][info][gc,phases   ] GC(0) Y: Concurrent Mark 8.265ms
[2026-04-03T06:43:27.737+0600][1.810s][info][gc,phases   ] GC(0) Y: Pause Mark End 0.017ms
[2026-04-03T06:43:27.737+0600][1.810s][info][gc,phases   ] GC(0) Y: Concurrent Mark Free 0.001ms
[2026-04-03T06:43:27.737+0600][1.810s][info][gc,phases   ] GC(0) Y: Concurrent Reset Relocation Set 0.000ms
[2026-04-03T06:43:27.744+0600][1.817s][info][gc,reloc    ] GC(0) Y: Using tenuring threshold: 1 (Computed)
[2026-04-03T06:43:27.745+0600][1.818s][info][gc,phases   ] GC(0) Y: Concurrent Select Relocation Set 8.252ms
[2026-04-03T06:43:27.746+0600][1.819s][info][gc,phases   ] GC(0) Y: Pause Relocate Start 0.013ms
[2026-04-03T06:43:27.755+0600][1.828s][info][gc,phases   ] GC(0) Y: Concurrent Relocate 9.404ms
[2026-04-03T06:43:27.755+0600][1.828s][info][gc,alloc    ] GC(0) Y:                         Mark Start        Mark End      Relocate Start    Relocate End   
[2026-04-03T06:43:27.755+0600][1.828s][info][gc,alloc    ] GC(0) Y: Allocation Stalls:          0                0                0                0         
[2026-04-03T06:43:27.755+0600][1.828s][info][gc,load     ] GC(0) Y: Load: 4.23 (35%) / 5.71 (48%) / 5.42 (45%)
[2026-04-03T06:43:27.755+0600][1.828s][info][gc,mmu      ] GC(0) Y: MMU: 2ms/99.1%, 5ms/99.6%, 10ms/99.6%, 20ms/99.8%, 50ms/99.9%, 100ms/100.0%
[2026-04-03T06:43:27.755+0600][1.828s][info][gc,marking  ] GC(0) Y: Mark: 2 stripe(s), 10 proactive flush(es), 1 terminate flush(es), 0 completion(s), 0 continuation(s) 
[2026-04-03T06:43:27.755+0600][1.828s][info][gc,marking  ] GC(0) Y: Mark Stack Usage: 32M
[2026-04-03T06:43:27.755+0600][1.828s][info][gc,nmethod  ] GC(0) Y: NMethods: 1305 registered, 0 unregistered
[2026-04-03T06:43:27.755+0600][1.828s][info][gc,metaspace] GC(0) Y: Metaspace: 11M used, 11M committed, 1088M reserved
[2026-04-03T06:43:27.755+0600][1.828s][info][gc,reloc    ] GC(0) Y:                        Candidates     Selected     In-Place         Size        Empty    Relocated 
[2026-04-03T06:43:27.755+0600][1.828s][info][gc,reloc    ] GC(0) Y: Small Pages:                  177          173            0         354M           0M           4M 
[2026-04-03T06:43:27.755+0600][1.828s][info][gc,reloc    ] GC(0) Y: Medium Pages:                   0            0            0           0M           0M           0M 
[2026-04-03T06:43:27.755+0600][1.828s][info][gc,reloc    ] GC(0) Y: Large Pages:                    0            0            0           0M           0M           0M 
[2026-04-03T06:43:27.755+0600][1.828s][info][gc,reloc    ] GC(0) Y: Forwarding Usage: 2M
[2026-04-03T06:43:27.755+0600][1.828s][info][gc,reloc    ] GC(0) Y: Age Table:
[2026-04-03T06:43:27.755+0600][1.828s][info][gc,reloc    ] GC(0) Y:                    Live             Garbage             Small              Medium             Large        
[2026-04-03T06:43:27.755+0600][1.828s][info][gc,reloc    ] GC(0) Y: Eden               6M (0%)          347M (9%)         177 / 173            0 / 0              0 / 0        
[2026-04-03T06:43:27.755+0600][1.828s][info][gc,heap     ] GC(0) Y: Min Capacity: 8M(0%)
[2026-04-03T06:43:27.755+0600][1.828s][info][gc,heap     ] GC(0) Y: Max Capacity: 3922M(100%)
[2026-04-03T06:43:27.755+0600][1.828s][info][gc,heap     ] GC(0) Y: Soft Max Capacity: 3529M(90%)
[2026-04-03T06:43:27.755+0600][1.828s][info][gc,heap     ] GC(0) Y: Heap Statistics:
[2026-04-03T06:43:27.755+0600][1.828s][info][gc,heap     ] GC(0) Y:                Mark Start          Mark End        Relocate Start      Relocate End           High               Low         
[2026-04-03T06:43:27.756+0600][1.829s][info][gc,heap     ] GC(0) Y:  Capacity:      354M (9%)          358M (9%)          362M (9%)          376M (10%)         376M (10%)         354M (9%)     
[2026-04-03T06:43:27.756+0600][1.829s][info][gc,heap     ] GC(0) Y:      Free:     3568M (91%)        3564M (91%)        3560M (91%)        3892M (99%)        3894M (99%)        3546M (90%)    
[2026-04-03T06:43:27.756+0600][1.829s][info][gc,heap     ] GC(0) Y:      Used:      354M (9%)          358M (9%)          362M (9%)           30M (1%)          376M (10%)          28M (1%)     
[2026-04-03T06:43:27.756+0600][1.829s][info][gc,heap     ] GC(0) Y: Young Generation Statistics:
[2026-04-03T06:43:27.756+0600][1.829s][info][gc,heap     ] GC(0) Y:                Mark Start          Mark End        Relocate Start      Relocate End    
[2026-04-03T06:43:27.756+0600][1.829s][info][gc,heap     ] GC(0) Y:      Used:      354M (9%)          358M (9%)          362M (9%)           30M (1%)     
[2026-04-03T06:43:27.756+0600][1.829s][info][gc,heap     ] GC(0) Y:      Live:         -                 6M (0%)            6M (0%)            6M (0%)     
[2026-04-03T06:43:27.756+0600][1.829s][info][gc,heap     ] GC(0) Y:   Garbage:         -               347M (9%)          347M (9%)            0M (0%)     
[2026-04-03T06:43:27.756+0600][1.829s][info][gc,heap     ] GC(0) Y: Allocated:         -                 4M (0%)            8M (0%)           23M (1%)     
[2026-04-03T06:43:27.756+0600][1.829s][info][gc,heap     ] GC(0) Y: Reclaimed:         -                  -                 0M (0%)          347M (9%)     
[2026-04-03T06:43:27.756+0600][1.829s][info][gc,heap     ] GC(0) Y:  Promoted:         -                  -                 0M (0%)            0M (0%)     
[2026-04-03T06:43:27.756+0600][1.829s][info][gc,heap     ] GC(0) Y: Compacted:         -                  -                  -                 6M (0%)     
[2026-04-03T06:43:27.756+0600][1.829s][info][gc,phases   ] GC(0) Y: Young Generation 354M(9%)->30M(1%) 0.027s
[2026-04-03T06:43:27.756+0600][1.829s][info][gc,phases   ] GC(0) O: Old Generation
[2026-04-03T06:43:27.756+0600][1.829s][info][gc,phases   ] GC(0) O: Concurrent Mark 0.510ms
[2026-04-03T06:43:27.756+0600][1.829s][info][gc,phases   ] GC(0) O: Pause Mark End 0.020ms
[2026-04-03T06:43:27.757+0600][1.830s][info][gc,phases   ] GC(0) O: Concurrent Mark Free 0.023ms
[2026-04-03T06:43:27.760+0600][1.833s][info][gc,phases   ] GC(0) O: Concurrent Process Non-Strong 3.044ms
[2026-04-03T06:43:27.760+0600][1.833s][info][gc,phases   ] GC(0) O: Concurrent Reset Relocation Set 0.001ms
[2026-04-03T06:43:27.762+0600][1.835s][info][gc,phases   ] GC(0) O: Concurrent Select Relocation Set 2.068ms
[2026-04-03T06:43:27.762+0600][1.835s][info][gc,task     ] GC(0) O: Using 3 Workers for Old Generation
[2026-04-03T06:43:27.776+0600][1.849s][info][gc,task     ] GC(0) O: Using 2 Workers for Old Generation
[2026-04-03T06:43:27.776+0600][1.849s][info][gc,phases   ] GC(0) O: Concurrent Remap Roots 14.375ms
[2026-04-03T06:43:27.777+0600][1.850s][info][gc,phases   ] GC(0) O: Pause Relocate Start 0.019ms
[2026-04-03T06:43:27.777+0600][1.850s][info][gc,phases   ] GC(0) O: Concurrent Relocate 0.229ms
[2026-04-03T06:43:27.777+0600][1.850s][info][gc,alloc    ] GC(0) O:                         Mark Start        Mark End      Relocate Start    Relocate End   
[2026-04-03T06:43:27.777+0600][1.850s][info][gc,alloc    ] GC(0) O: Allocation Stalls:          0                0                0                0         
[2026-04-03T06:43:27.777+0600][1.850s][info][gc,load     ] GC(0) O: Load: 4.23 (35%) / 5.71 (48%) / 5.42 (45%)
[2026-04-03T06:43:27.777+0600][1.850s][info][gc,mmu      ] GC(0) O: MMU: 2ms/99.0%, 5ms/99.6%, 10ms/99.6%, 20ms/99.7%, 50ms/99.8%, 100ms/99.9%
[2026-04-03T06:43:27.777+0600][1.850s][info][gc,marking  ] GC(0) O: Mark: 2 stripe(s), 1 proactive flush(es), 1 terminate flush(es), 0 completion(s), 0 continuation(s) 
[2026-04-03T06:43:27.777+0600][1.850s][info][gc,marking  ] GC(0) O: Mark Stack Usage: 0M
[2026-04-03T06:43:27.777+0600][1.850s][info][gc,nmethod  ] GC(0) O: NMethods: 1164 registered, 150 unregistered
[2026-04-03T06:43:27.777+0600][1.850s][info][gc,metaspace] GC(0) O: Metaspace: 11M used, 11M committed, 1088M reserved
[2026-04-03T06:43:27.777+0600][1.850s][info][gc,ref      ] GC(0) O:                       Encountered   Discovered     Enqueued 
[2026-04-03T06:43:27.777+0600][1.850s][info][gc,ref      ] GC(0) O: Soft References:              218            0            0 
[2026-04-03T06:43:27.777+0600][1.850s][info][gc,ref      ] GC(0) O: Weak References:              920            0            0 
[2026-04-03T06:43:27.777+0600][1.850s][info][gc,ref      ] GC(0) O: Final References:               0            0            0 
[2026-04-03T06:43:27.777+0600][1.850s][info][gc,ref      ] GC(0) O: Phantom References:           187            0            0 
[2026-04-03T06:43:27.777+0600][1.850s][info][gc,heap     ] GC(0) O: Min Capacity: 8M(0%)
[2026-04-03T06:43:27.777+0600][1.850s][info][gc,heap     ] GC(0) O: Max Capacity: 3922M(100%)
[2026-04-03T06:43:27.777+0600][1.850s][info][gc,heap     ] GC(0) O: Soft Max Capacity: 3529M(90%)
[2026-04-03T06:43:27.777+0600][1.850s][info][gc,heap     ] GC(0) O: Heap Statistics:
[2026-04-03T06:43:27.777+0600][1.850s][info][gc,heap     ] GC(0) O:                Mark Start          Mark End        Relocate Start      Relocate End           High               Low         
[2026-04-03T06:43:27.777+0600][1.850s][info][gc,heap     ] GC(0) O:  Capacity:      354M (9%)          376M (10%)         376M (10%)         376M (10%)         376M (10%)         354M (9%)     
[2026-04-03T06:43:27.777+0600][1.850s][info][gc,heap     ] GC(0) O:      Free:     3568M (91%)        3892M (99%)        3888M (99%)        3888M (99%)        3894M (99%)        3546M (90%)    
[2026-04-03T06:43:27.777+0600][1.850s][info][gc,heap     ] GC(0) O:      Used:      354M (9%)           30M (1%)           34M (1%)           34M (1%)          376M (10%)          28M (1%)     
[2026-04-03T06:43:27.777+0600][1.850s][info][gc,heap     ] GC(0) O: Old Generation Statistics:
[2026-04-03T06:43:27.777+0600][1.850s][info][gc,heap     ] GC(0) O:                Mark Start          Mark End        Relocate Start      Relocate End    
[2026-04-03T06:43:27.777+0600][1.850s][info][gc,heap     ] GC(0) O:      Used:        0M (0%)            0M (0%)            0M (0%)            0M (0%)     
[2026-04-03T06:43:27.777+0600][1.850s][info][gc,heap     ] GC(0) O:      Live:         -                 0M (0%)            0M (0%)            0M (0%)     
[2026-04-03T06:43:27.777+0600][1.850s][info][gc,heap     ] GC(0) O:   Garbage:         -                 0M (0%)            0M (0%)            0M (0%)     
[2026-04-03T06:43:27.777+0600][1.850s][info][gc,heap     ] GC(0) O: Allocated:         -                 0M (0%)            0M (0%)            0M (0%)     
[2026-04-03T06:43:27.777+0600][1.850s][info][gc,heap     ] GC(0) O: Reclaimed:         -                  -                 0M (0%)            0M (0%)     
[2026-04-03T06:43:27.777+0600][1.850s][info][gc,heap     ] GC(0) O: Compacted:         -                  -                  -                 0M (0%)     
[2026-04-03T06:43:27.777+0600][1.850s][info][gc,phases   ] GC(0) O: Old Generation 30M(1%)->34M(1%) 0.021s
[2026-04-03T06:43:27.777+0600][1.850s][info][gc          ] GC(0) Major Collection (Warmup) 354M(9%)->34M(1%) 0.049s
[2026-04-03T06:43:28.423+0600][2.496s][info][gc          ] GC(1) Major Collection (Metadata GC Threshold)
[2026-04-03T06:43:28.423+0600][2.496s][info][gc,task     ] GC(1) Using 1 Workers for Young Generation
[2026-04-03T06:43:28.423+0600][2.496s][info][gc,task     ] GC(1) Using 1 Workers for Old Generation
[2026-04-03T06:43:28.423+0600][2.496s][info][gc,phases   ] GC(1) Y: Young Generation
[2026-04-03T06:43:28.423+0600][2.496s][info][gc,phases   ] GC(1) Y: Pause Mark Start (Major) 0.020ms
[2026-04-03T06:43:28.448+0600][2.521s][info][gc,phases   ] GC(1) Y: Concurrent Mark 24.907ms
[2026-04-03T06:43:28.448+0600][2.521s][info][gc,phases   ] GC(1) Y: Pause Mark End 0.030ms
[2026-04-03T06:43:28.448+0600][2.521s][info][gc,phases   ] GC(1) Y: Concurrent Mark Free 0.002ms
[2026-04-03T06:43:28.448+0600][2.521s][info][gc,phases   ] GC(1) Y: Concurrent Reset Relocation Set 0.013ms
[2026-04-03T06:43:28.450+0600][2.523s][info][gc,reloc    ] GC(1) Y: Using tenuring threshold: 2 (Computed)
[2026-04-03T06:43:28.450+0600][2.523s][info][gc,phases   ] GC(1) Y: Concurrent Select Relocation Set 1.992ms
[2026-04-03T06:43:28.451+0600][2.524s][info][gc,phases   ] GC(1) Y: Pause Relocate Start 0.011ms
[2026-04-03T06:43:28.456+0600][2.529s][info][gc,phases   ] GC(1) Y: Concurrent Relocate 4.998ms
[2026-04-03T06:43:28.456+0600][2.529s][info][gc,alloc    ] GC(1) Y:                         Mark Start        Mark End      Relocate Start    Relocate End   
[2026-04-03T06:43:28.456+0600][2.529s][info][gc,alloc    ] GC(1) Y: Allocation Stalls:          0                0                0                0         
[2026-04-03T06:43:28.456+0600][2.529s][info][gc,load     ] GC(1) Y: Load: 4.23 (35%) / 5.71 (48%) / 5.42 (45%)
[2026-04-03T06:43:28.456+0600][2.529s][info][gc,mmu      ] GC(1) Y: MMU: 2ms/98.5%, 5ms/99.2%, 10ms/99.6%, 20ms/99.7%, 50ms/99.8%, 100ms/99.9%
[2026-04-03T06:43:28.456+0600][2.529s][info][gc,marking  ] GC(1) Y: Mark: 1 stripe(s), 2 proactive flush(es), 1 terminate flush(es), 0 completion(s), 0 continuation(s) 
[2026-04-03T06:43:28.456+0600][2.529s][info][gc,marking  ] GC(1) Y: Mark Stack Usage: 32M
[2026-04-03T06:43:28.456+0600][2.529s][info][gc,nmethod  ] GC(1) Y: NMethods: 1537 registered, 0 unregistered
[2026-04-03T06:43:28.456+0600][2.529s][info][gc,metaspace] GC(1) Y: Metaspace: 21M used, 21M committed, 1088M reserved
[2026-04-03T06:43:28.456+0600][2.529s][info][gc,reloc    ] GC(1) Y:                        Candidates     Selected     In-Place         Size        Empty    Relocated 
[2026-04-03T06:43:28.456+0600][2.529s][info][gc,reloc    ] GC(1) Y: Small Pages:                  111          106            0         222M           0M           2M 
[2026-04-03T06:43:28.456+0600][2.529s][info][gc,reloc    ] GC(1) Y: Medium Pages:                   0            0            0           0M           0M           0M 
[2026-04-03T06:43:28.456+0600][2.529s][info][gc,reloc    ] GC(1) Y: Large Pages:                    0            0            0           0M           0M           0M 
[2026-04-03T06:43:28.456+0600][2.529s][info][gc,reloc    ] GC(1) Y: Forwarding Usage: 1M
[2026-04-03T06:43:28.456+0600][2.529s][info][gc,reloc    ] GC(1) Y: Age Table:
[2026-04-03T06:43:28.456+0600][2.529s][info][gc,reloc    ] GC(1) Y:                    Live             Garbage             Small              Medium             Large        
[2026-04-03T06:43:28.456+0600][2.529s][info][gc,reloc    ] GC(1) Y: Eden               1M (0%)          204M (5%)         103 / 102            0 / 0              0 / 0        
[2026-04-03T06:43:28.456+0600][2.529s][info][gc,reloc    ] GC(1) Y: Survivor 1         6M (0%)            9M (0%)           8 / 4              0 / 0              0 / 0        
[2026-04-03T06:43:28.456+0600][2.529s][info][gc,heap     ] GC(1) Y: Min Capacity: 8M(0%)
[2026-04-03T06:43:28.456+0600][2.529s][info][gc,heap     ] GC(1) Y: Max Capacity: 3922M(100%)
[2026-04-03T06:43:28.456+0600][2.529s][info][gc,heap     ] GC(1) Y: Soft Max Capacity: 3529M(90%)
[2026-04-03T06:43:28.456+0600][2.529s][info][gc,heap     ] GC(1) Y: Heap Statistics:
[2026-04-03T06:43:28.456+0600][2.529s][info][gc,heap     ] GC(1) Y:                Mark Start          Mark End        Relocate Start      Relocate End           High               Low         
[2026-04-03T06:43:28.456+0600][2.529s][info][gc,heap     ] GC(1) Y:  Capacity:      376M (10%)         376M (10%)         376M (10%)         376M (10%)         376M (10%)         376M (10%)    
[2026-04-03T06:43:28.456+0600][2.529s][info][gc,heap     ] GC(1) Y:      Free:     3700M (94%)        3696M (94%)        3696M (94%)        3904M (100%)       3904M (100%)       3692M (94%)    
[2026-04-03T06:43:28.456+0600][2.529s][info][gc,heap     ] GC(1) Y:      Used:      222M (6%)          226M (6%)          226M (6%)           18M (0%)          230M (6%)           18M (0%)     
[2026-04-03T06:43:28.456+0600][2.529s][info][gc,heap     ] GC(1) Y: Young Generation Statistics:
[2026-04-03T06:43:28.456+0600][2.529s][info][gc,heap     ] GC(1) Y:                Mark Start          Mark End        Relocate Start      Relocate End    
[2026-04-03T06:43:28.456+0600][2.529s][info][gc,heap     ] GC(1) Y:      Used:      222M (6%)          226M (6%)          226M (6%)           18M (0%)     
[2026-04-03T06:43:28.456+0600][2.529s][info][gc,heap     ] GC(1) Y:      Live:         -                 8M (0%)            8M (0%)            8M (0%)     
[2026-04-03T06:43:28.456+0600][2.529s][info][gc,heap     ] GC(1) Y:   Garbage:         -               213M (5%)          213M (5%)            1M (0%)     
[2026-04-03T06:43:28.456+0600][2.529s][info][gc,heap     ] GC(1) Y: Allocated:         -                 4M (0%)            4M (0%)            8M (0%)     
[2026-04-03T06:43:28.456+0600][2.529s][info][gc,heap     ] GC(1) Y: Reclaimed:         -                  -                 0M (0%)          212M (5%)     
[2026-04-03T06:43:28.456+0600][2.529s][info][gc,heap     ] GC(1) Y:  Promoted:         -                  -                 0M (0%)            0M (0%)     
[2026-04-03T06:43:28.456+0600][2.529s][info][gc,heap     ] GC(1) Y: Compacted:         -                  -                  -                 3M (0%)     
[2026-04-03T06:43:28.456+0600][2.529s][info][gc,phases   ] GC(1) Y: Young Generation 222M(6%)->18M(0%) 0.033s
[2026-04-03T06:43:28.456+0600][2.529s][info][gc,phases   ] GC(1) O: Old Generation
[2026-04-03T06:43:28.457+0600][2.530s][info][gc,phases   ] GC(1) O: Concurrent Mark 1.037ms
[2026-04-03T06:43:28.457+0600][2.530s][info][gc,phases   ] GC(1) O: Pause Mark End 0.057ms
[2026-04-03T06:43:28.457+0600][2.530s][info][gc,phases   ] GC(1) O: Concurrent Mark Free 0.002ms
[2026-04-03T06:43:28.461+0600][2.534s][info][gc,phases   ] GC(1) O: Concurrent Process Non-Strong 3.708ms
[2026-04-03T06:43:28.461+0600][2.534s][info][gc,phases   ] GC(1) O: Concurrent Reset Relocation Set 0.001ms
[2026-04-03T06:43:28.463+0600][2.536s][info][gc,phases   ] GC(1) O: Concurrent Select Relocation Set 1.537ms
[2026-04-03T06:43:28.463+0600][2.536s][info][gc,task     ] GC(1) O: Using 2 Workers for Old Generation
[2026-04-03T06:43:28.483+0600][2.556s][info][gc,task     ] GC(1) O: Using 1 Workers for Old Generation
[2026-04-03T06:43:28.483+0600][2.556s][info][gc,phases   ] GC(1) O: Concurrent Remap Roots 20.214ms
[2026-04-03T06:43:28.483+0600][2.556s][info][gc,phases   ] GC(1) O: Pause Relocate Start 0.016ms
[2026-04-03T06:43:28.483+0600][2.556s][info][gc,phases   ] GC(1) O: Concurrent Relocate 0.160ms
[2026-04-03T06:43:28.484+0600][2.557s][info][gc,alloc    ] GC(1) O:                         Mark Start        Mark End      Relocate Start    Relocate End   
[2026-04-03T06:43:28.484+0600][2.557s][info][gc,alloc    ] GC(1) O: Allocation Stalls:          0                0                0                0         
[2026-04-03T06:43:28.484+0600][2.557s][info][gc,load     ] GC(1) O: Load: 4.23 (35%) / 5.71 (48%) / 5.42 (45%)
[2026-04-03T06:43:28.484+0600][2.557s][info][gc,mmu      ] GC(1) O: MMU: 2ms/97.2%, 5ms/98.9%, 10ms/99.0%, 20ms/99.5%, 50ms/99.8%, 100ms/99.9%
[2026-04-03T06:43:28.484+0600][2.557s][info][gc,marking  ] GC(1) O: Mark: 1 stripe(s), 1 proactive flush(es), 1 terminate flush(es), 0 completion(s), 0 continuation(s) 
[2026-04-03T06:43:28.484+0600][2.557s][info][gc,marking  ] GC(1) O: Mark Stack Usage: 0M
[2026-04-03T06:43:28.484+0600][2.557s][info][gc,nmethod  ] GC(1) O: NMethods: 1491 registered, 59 unregistered
[2026-04-03T06:43:28.484+0600][2.557s][info][gc,metaspace] GC(1) O: Metaspace: 21M used, 21M committed, 1088M reserved
[2026-04-03T06:43:28.484+0600][2.557s][info][gc,ref      ] GC(1) O:                       Encountered   Discovered     Enqueued 
[2026-04-03T06:43:28.484+0600][2.557s][info][gc,ref      ] GC(1) O: Soft References:             3376            0            0 
[2026-04-03T06:43:28.484+0600][2.557s][info][gc,ref      ] GC(1) O: Weak References:             1337            0            0 
[2026-04-03T06:43:28.484+0600][2.557s][info][gc,ref      ] GC(1) O: Final References:               0            0            0 
[2026-04-03T06:43:28.484+0600][2.557s][info][gc,ref      ] GC(1) O: Phantom References:           251            0            0 
[2026-04-03T06:43:28.484+0600][2.557s][info][gc,heap     ] GC(1) O: Min Capacity: 8M(0%)
[2026-04-03T06:43:28.484+0600][2.557s][info][gc,heap     ] GC(1) O: Max Capacity: 3922M(100%)
[2026-04-03T06:43:28.484+0600][2.557s][info][gc,heap     ] GC(1) O: Soft Max Capacity: 3529M(90%)
[2026-04-03T06:43:28.484+0600][2.557s][info][gc,heap     ] GC(1) O: Heap Statistics:
[2026-04-03T06:43:28.484+0600][2.557s][info][gc,heap     ] GC(1) O:                Mark Start          Mark End        Relocate Start      Relocate End           High               Low         
[2026-04-03T06:43:28.484+0600][2.557s][info][gc,heap     ] GC(1) O:  Capacity:      376M (10%)         376M (10%)         376M (10%)         376M (10%)         376M (10%)         376M (10%)    
[2026-04-03T06:43:28.484+0600][2.557s][info][gc,heap     ] GC(1) O:      Free:     3700M (94%)        3904M (100%)       3898M (99%)        3898M (99%)        3904M (100%)       3692M (94%)    
[2026-04-03T06:43:28.484+0600][2.557s][info][gc,heap     ] GC(1) O:      Used:      222M (6%)           18M (0%)           24M (1%)           24M (1%)          230M (6%)           18M (0%)     
[2026-04-03T06:43:28.484+0600][2.557s][info][gc,heap     ] GC(1) O: Old Generation Statistics:
[2026-04-03T06:43:28.484+0600][2.557s][info][gc,heap     ] GC(1) O:                Mark Start          Mark End        Relocate Start      Relocate End    
[2026-04-03T06:43:28.484+0600][2.557s][info][gc,heap     ] GC(1) O:      Used:        0M (0%)            0M (0%)            0M (0%)            0M (0%)     
[2026-04-03T06:43:28.484+0600][2.557s][info][gc,heap     ] GC(1) O:      Live:         -                 0M (0%)            0M (0%)            0M (0%)     
[2026-04-03T06:43:28.484+0600][2.557s][info][gc,heap     ] GC(1) O:   Garbage:         -                 0M (0%)            0M (0%)            0M (0%)     
[2026-04-03T06:43:28.484+0600][2.557s][info][gc,heap     ] GC(1) O: Allocated:         -                 0M (0%)            0M (0%)            0M (0%)     
[2026-04-03T06:43:28.484+0600][2.557s][info][gc,heap     ] GC(1) O: Reclaimed:         -                  -                 0M (0%)            0M (0%)     
[2026-04-03T06:43:28.484+0600][2.557s][info][gc,heap     ] GC(1) O: Compacted:         -                  -                  -                 0M (0%)     
[2026-04-03T06:43:28.484+0600][2.557s][info][gc,phases   ] GC(1) O: Old Generation 18M(0%)->24M(1%) 0.028s
[2026-04-03T06:43:28.484+0600][2.557s][info][gc          ] GC(1) Major Collection (Metadata GC Threshold) 222M(6%)->24M(1%) 0.061s
[2026-04-03T06:43:29.457+0600][3.530s][info][gc          ] GC(2) Major Collection (System.gc())
[2026-04-03T06:43:29.457+0600][3.530s][info][gc,task     ] GC(2) Using 3 Workers for Young Generation
[2026-04-03T06:43:29.457+0600][3.530s][info][gc,task     ] GC(2) Using 3 Workers for Old Generation
[2026-04-03T06:43:29.457+0600][3.530s][info][gc,phases   ] GC(2) Y: Young Generation (Promote All)
[2026-04-03T06:43:29.457+0600][3.530s][info][gc,phases   ] GC(2) Y: Pause Mark Start 0.021ms
[2026-04-03T06:43:29.476+0600][3.549s][info][gc,phases   ] GC(2) Y: Concurrent Mark 18.470ms
[2026-04-03T06:43:29.476+0600][3.549s][info][gc,phases   ] GC(2) Y: Pause Mark End 0.024ms
[2026-04-03T06:43:29.476+0600][3.549s][info][gc,phases   ] GC(2) Y: Concurrent Mark Free 0.002ms
[2026-04-03T06:43:29.476+0600][3.549s][info][gc,phases   ] GC(2) Y: Concurrent Reset Relocation Set 0.030ms
[2026-04-03T06:43:29.478+0600][3.551s][info][gc,reloc    ] GC(2) Y: Using tenuring threshold: 0 (Promote All)
[2026-04-03T06:43:29.486+0600][3.559s][info][gc,phases   ] GC(2) Y: Concurrent Select Relocation Set 9.247ms
[2026-04-03T06:43:29.486+0600][3.559s][info][gc,phases   ] GC(2) Y: Pause Relocate Start 0.017ms
[2026-04-03T06:43:29.499+0600][3.572s][info][gc,phases   ] GC(2) Y: Concurrent Relocate 13.342ms
[2026-04-03T06:43:29.499+0600][3.572s][info][gc,alloc    ] GC(2) Y:                         Mark Start        Mark End      Relocate Start    Relocate End   
[2026-04-03T06:43:29.499+0600][3.572s][info][gc,alloc    ] GC(2) Y: Allocation Stalls:          0                0                0                0         
[2026-04-03T06:43:29.499+0600][3.572s][info][gc,load     ] GC(2) Y: Load: 4.23 (35%) / 5.71 (48%) / 5.42 (45%)
[2026-04-03T06:43:29.499+0600][3.572s][info][gc,mmu      ] GC(2) Y: MMU: 2ms/97.2%, 5ms/98.9%, 10ms/99.0%, 20ms/99.5%, 50ms/99.8%, 100ms/99.9%
[2026-04-03T06:43:29.499+0600][3.572s][info][gc,marking  ] GC(2) Y: Mark: 2 stripe(s), 2 proactive flush(es), 1 terminate flush(es), 0 completion(s), 0 continuation(s) 
[2026-04-03T06:43:29.499+0600][3.572s][info][gc,marking  ] GC(2) Y: Mark Stack Usage: 32M
[2026-04-03T06:43:29.499+0600][3.572s][info][gc,nmethod  ] GC(2) Y: NMethods: 2364 registered, 59 unregistered
[2026-04-03T06:43:29.499+0600][3.572s][info][gc,metaspace] GC(2) Y: Metaspace: 34M used, 34M committed, 1088M reserved
[2026-04-03T06:43:29.500+0600][3.572s][info][gc,reloc    ] GC(2) Y:                        Candidates     Selected     In-Place         Size        Empty    Relocated 
[2026-04-03T06:43:29.500+0600][3.573s][info][gc,reloc    ] GC(2) Y: Small Pages:                   78           70            0         156M           0M           5M 
[2026-04-03T06:43:29.500+0600][3.573s][info][gc,reloc    ] GC(2) Y: Medium Pages:                   0            0            0           0M           0M           0M 
[2026-04-03T06:43:29.500+0600][3.573s][info][gc,reloc    ] GC(2) Y: Large Pages:                    0            0            0           0M           0M           0M 
[2026-04-03T06:43:29.500+0600][3.573s][info][gc,reloc    ] GC(2) Y: Forwarding Usage: 1M
[2026-04-03T06:43:29.500+0600][3.573s][info][gc,reloc    ] GC(2) Y: Age Table:
[2026-04-03T06:43:29.500+0600][3.573s][info][gc,reloc    ] GC(2) Y:                    Live             Garbage             Small              Medium             Large        
[2026-04-03T06:43:29.500+0600][3.573s][info][gc,reloc    ] GC(2) Y: Eden               5M (0%)          136M (3%)          71 / 68             0 / 0              0 / 0        
[2026-04-03T06:43:29.500+0600][3.573s][info][gc,reloc    ] GC(2) Y: Survivor 1         1M (0%)            2M (0%)           2 / 1              0 / 0              0 / 0        
[2026-04-03T06:43:29.500+0600][3.573s][info][gc,reloc    ] GC(2) Y: Survivor 2         6M (0%)            3M (0%)           5 / 1              0 / 0              0 / 0        
[2026-04-03T06:43:29.500+0600][3.573s][info][gc,heap     ] GC(2) Y: Min Capacity: 8M(0%)
[2026-04-03T06:43:29.500+0600][3.573s][info][gc,heap     ] GC(2) Y: Max Capacity: 3922M(100%)
[2026-04-03T06:43:29.500+0600][3.573s][info][gc,heap     ] GC(2) Y: Soft Max Capacity: 3529M(90%)
[2026-04-03T06:43:29.500+0600][3.573s][info][gc,heap     ] GC(2) Y: Heap Statistics:
[2026-04-03T06:43:29.500+0600][3.573s][info][gc,heap     ] GC(2) Y:                Mark Start          Mark End        Relocate Start      Relocate End           High               Low         
[2026-04-03T06:43:29.500+0600][3.573s][info][gc,heap     ] GC(2) Y:  Capacity:      376M (10%)         376M (10%)         376M (10%)         376M (10%)         376M (10%)         376M (10%)    
[2026-04-03T06:43:29.500+0600][3.573s][info][gc,heap     ] GC(2) Y:      Free:     3766M (96%)        3760M (96%)        3760M (96%)        3894M (99%)        3894M (99%)        3752M (96%)    
[2026-04-03T06:43:29.500+0600][3.573s][info][gc,heap     ] GC(2) Y:      Used:      156M (4%)          162M (4%)          162M (4%)           28M (1%)          170M (4%)           28M (1%)     
[2026-04-03T06:43:29.500+0600][3.573s][info][gc,heap     ] GC(2) Y: Young Generation Statistics:
[2026-04-03T06:43:29.500+0600][3.573s][info][gc,heap     ] GC(2) Y:                Mark Start          Mark End        Relocate Start      Relocate End    
[2026-04-03T06:43:29.500+0600][3.573s][info][gc,heap     ] GC(2) Y:      Used:      156M (4%)          162M (4%)          154M (4%)            6M (0%)     
[2026-04-03T06:43:29.500+0600][3.573s][info][gc,heap     ] GC(2) Y:      Live:         -                13M (0%)            6M (0%)            0M (0%)     
[2026-04-03T06:43:29.500+0600][3.573s][info][gc,heap     ] GC(2) Y:   Garbage:         -               142M (4%)          141M (4%)            0M (0%)     
[2026-04-03T06:43:29.500+0600][3.573s][info][gc,heap     ] GC(2) Y: Allocated:         -                 6M (0%)            6M (0%)            6M (0%)     
[2026-04-03T06:43:29.500+0600][3.573s][info][gc,heap     ] GC(2) Y: Reclaimed:         -                  -                 0M (0%)          142M (4%)     
[2026-04-03T06:43:29.500+0600][3.573s][info][gc,heap     ] GC(2) Y:  Promoted:         -                  -                 7M (0%)           13M (0%)     
[2026-04-03T06:43:29.500+0600][3.573s][info][gc,heap     ] GC(2) Y: Compacted:         -                  -                  -                 0M (0%)     
[2026-04-03T06:43:29.500+0600][3.573s][info][gc,phases   ] GC(2) Y: Young Generation (Promote All) 156M(4%)->28M(1%) 0.042s
[2026-04-03T06:43:29.500+0600][3.573s][info][gc,phases   ] GC(2) Y: Young Generation (Collect Roots)
[2026-04-03T06:43:29.500+0600][3.573s][info][gc,phases   ] GC(2) Y: Pause Mark Start (Major) 0.027ms
[2026-04-03T06:43:29.510+0600][3.583s][info][gc,phases   ] GC(2) Y: Concurrent Mark 9.925ms
[2026-04-03T06:43:29.511+0600][3.584s][info][gc,phases   ] GC(2) Y: Pause Mark End 0.023ms
[2026-04-03T06:43:29.511+0600][3.584s][info][gc,phases   ] GC(2) Y: Concurrent Mark Free 0.003ms
[2026-04-03T06:43:29.511+0600][3.584s][info][gc,phases   ] GC(2) Y: Concurrent Reset Relocation Set 0.026ms
[2026-04-03T06:43:29.513+0600][3.586s][info][gc,reloc    ] GC(2) Y: Using tenuring threshold: 1 (Computed)
[2026-04-03T06:43:29.513+0600][3.586s][info][gc,phases   ] GC(2) Y: Concurrent Select Relocation Set 1.933ms
[2026-04-03T06:43:29.513+0600][3.586s][info][gc,phases   ] GC(2) Y: Pause Relocate Start 0.021ms
[2026-04-03T06:43:29.514+0600][3.587s][info][gc,phases   ] GC(2) Y: Concurrent Relocate 0.508ms
[2026-04-03T06:43:29.514+0600][3.587s][info][gc,alloc    ] GC(2) Y:                         Mark Start        Mark End      Relocate Start    Relocate End   
[2026-04-03T06:43:29.514+0600][3.587s][info][gc,alloc    ] GC(2) Y: Allocation Stalls:          0                0                0                0         
[2026-04-03T06:43:29.514+0600][3.587s][info][gc,load     ] GC(2) Y: Load: 4.23 (35%) / 5.71 (48%) / 5.42 (45%)
[2026-04-03T06:43:29.514+0600][3.587s][info][gc,mmu      ] GC(2) Y: MMU: 2ms/97.2%, 5ms/98.9%, 10ms/99.0%, 20ms/99.5%, 50ms/99.8%, 100ms/99.9%
[2026-04-03T06:43:29.514+0600][3.587s][info][gc,marking  ] GC(2) Y: Mark: 2 stripe(s), 2 proactive flush(es), 1 terminate flush(es), 0 completion(s), 0 continuation(s) 
[2026-04-03T06:43:29.514+0600][3.587s][info][gc,marking  ] GC(2) Y: Mark Stack Usage: 32M
[2026-04-03T06:43:29.514+0600][3.587s][info][gc,nmethod  ] GC(2) Y: NMethods: 2384 registered, 59 unregistered
[2026-04-03T06:43:29.514+0600][3.587s][info][gc,metaspace] GC(2) Y: Metaspace: 34M used, 34M committed, 1088M reserved
[2026-04-03T06:43:29.514+0600][3.587s][info][gc,reloc    ] GC(2) Y:                        Candidates     Selected     In-Place         Size        Empty    Relocated 
[2026-04-03T06:43:29.514+0600][3.587s][info][gc,reloc    ] GC(2) Y: Small Pages:                    5            4            0          10M           0M           0M 
[2026-04-03T06:43:29.514+0600][3.587s][info][gc,reloc    ] GC(2) Y: Medium Pages:                   0            0            0           0M           0M           0M 
[2026-04-03T06:43:29.514+0600][3.587s][info][gc,reloc    ] GC(2) Y: Large Pages:                    0            0            0           0M           0M           0M 
[2026-04-03T06:43:29.514+0600][3.587s][info][gc,reloc    ] GC(2) Y: Forwarding Usage: 0M
[2026-04-03T06:43:29.514+0600][3.587s][info][gc,reloc    ] GC(2) Y: Age Table:
[2026-04-03T06:43:29.514+0600][3.587s][info][gc,reloc    ] GC(2) Y:                    Live             Garbage             Small              Medium             Large        
[2026-04-03T06:43:29.514+0600][3.587s][info][gc,reloc    ] GC(2) Y: Eden               0M (0%)            9M (0%)           5 / 4              0 / 0              0 / 0        
[2026-04-03T06:43:29.514+0600][3.587s][info][gc,heap     ] GC(2) Y: Min Capacity: 8M(0%)
[2026-04-03T06:43:29.514+0600][3.587s][info][gc,heap     ] GC(2) Y: Max Capacity: 3922M(100%)
[2026-04-03T06:43:29.514+0600][3.587s][info][gc,heap     ] GC(2) Y: Soft Max Capacity: 3529M(90%)
[2026-04-03T06:43:29.514+0600][3.587s][info][gc,heap     ] GC(2) Y: Heap Statistics:
[2026-04-03T06:43:29.514+0600][3.587s][info][gc,heap     ] GC(2) Y:                Mark Start          Mark End        Relocate Start      Relocate End           High               Low         
[2026-04-03T06:43:29.514+0600][3.587s][info][gc,heap     ] GC(2) Y:  Capacity:      376M (10%)         376M (10%)         376M (10%)         376M (10%)         376M (10%)         376M (10%)    
[2026-04-03T06:43:29.514+0600][3.587s][info][gc,heap     ] GC(2) Y:      Free:     3890M (99%)        3872M (99%)        3872M (99%)        3868M (99%)        3890M (99%)        3858M (98%)    
[2026-04-03T06:43:29.514+0600][3.587s][info][gc,heap     ] GC(2) Y:      Used:       32M (1%)           50M (1%)           50M (1%)           54M (1%)           64M (2%)           32M (1%)     
[2026-04-03T06:43:29.514+0600][3.587s][info][gc,heap     ] GC(2) Y: Young Generation Statistics:
[2026-04-03T06:43:29.515+0600][3.588s][info][gc,heap     ] GC(2) Y:                Mark Start          Mark End        Relocate Start      Relocate End    
[2026-04-03T06:43:29.515+0600][3.588s][info][gc,heap     ] GC(2) Y:      Used:       10M (0%)           28M (1%)           28M (1%)           32M (1%)     
[2026-04-03T06:43:29.515+0600][3.588s][info][gc,heap     ] GC(2) Y:      Live:         -                 0M (0%)            0M (0%)            0M (0%)     
[2026-04-03T06:43:29.515+0600][3.588s][info][gc,heap     ] GC(2) Y:   Garbage:         -                 9M (0%)            9M (0%)            0M (0%)     
[2026-04-03T06:43:29.515+0600][3.588s][info][gc,heap     ] GC(2) Y: Allocated:         -                18M (0%)           18M (0%)           31M (1%)     
[2026-04-03T06:43:29.515+0600][3.588s][info][gc,heap     ] GC(2) Y: Reclaimed:         -                  -                 0M (0%)            9M (0%)     
[2026-04-03T06:43:29.515+0600][3.588s][info][gc,heap     ] GC(2) Y:  Promoted:         -                  -                 0M (0%)            0M (0%)     
[2026-04-03T06:43:29.515+0600][3.588s][info][gc,heap     ] GC(2) Y: Compacted:         -                  -                  -                 0M (0%)     
[2026-04-03T06:43:29.515+0600][3.588s][info][gc,phases   ] GC(2) Y: Young Generation (Collect Roots) 30M(1%)->54M(1%) 0.014s
[2026-04-03T06:43:29.515+0600][3.588s][info][gc,phases   ] GC(2) O: Old Generation
[2026-04-03T06:43:29.536+0600][3.608s][info][gc,phases   ] GC(2) O: Concurrent Mark 20.824ms
[2026-04-03T06:43:29.536+0600][3.609s][info][gc,phases   ] GC(2) O: Pause Mark End 0.031ms
[2026-04-03T06:43:29.536+0600][3.609s][info][gc,phases   ] GC(2) O: Concurrent Mark Free 0.003ms
[2026-04-03T06:43:29.540+0600][3.613s][info][gc,phases   ] GC(2) O: Concurrent Process Non-Strong 4.212ms
[2026-04-03T06:43:29.540+0600][3.613s][info][gc,phases   ] GC(2) O: Concurrent Reset Relocation Set 0.001ms
[2026-04-03T06:43:29.543+0600][3.616s][info][gc,phases   ] GC(2) O: Concurrent Select Relocation Set 2.828ms
[2026-04-03T06:43:29.543+0600][3.616s][info][gc,task     ] GC(2) O: Using 3 Workers for Old Generation
[2026-04-03T06:43:29.561+0600][3.634s][info][gc,task     ] GC(2) O: Using 3 Workers for Old Generation
[2026-04-03T06:43:29.561+0600][3.634s][info][gc,phases   ] GC(2) O: Concurrent Remap Roots 17.583ms
[2026-04-03T06:43:29.561+0600][3.634s][info][gc,phases   ] GC(2) O: Pause Relocate Start 0.024ms
[2026-04-03T06:43:29.562+0600][3.635s][info][gc,phases   ] GC(2) O: Concurrent Relocate 0.647ms
[2026-04-03T06:43:29.562+0600][3.635s][info][gc,alloc    ] GC(2) O:                         Mark Start        Mark End      Relocate Start    Relocate End   
[2026-04-03T06:43:29.562+0600][3.635s][info][gc,alloc    ] GC(2) O: Allocation Stalls:          0                0                0                0         
[2026-04-03T06:43:29.562+0600][3.635s][info][gc,load     ] GC(2) O: Load: 4.23 (35%) / 5.71 (48%) / 5.42 (45%)
[2026-04-03T06:43:29.562+0600][3.635s][info][gc,mmu      ] GC(2) O: MMU: 2ms/97.2%, 5ms/98.9%, 10ms/99.0%, 20ms/99.5%, 50ms/99.8%, 100ms/99.8%
[2026-04-03T06:43:29.562+0600][3.635s][info][gc,marking  ] GC(2) O: Mark: 2 stripe(s), 2 proactive flush(es), 1 terminate flush(es), 0 completion(s), 0 continuation(s) 
[2026-04-03T06:43:29.562+0600][3.635s][info][gc,marking  ] GC(2) O: Mark Stack Usage: 32M
[2026-04-03T06:43:29.562+0600][3.635s][info][gc,nmethod  ] GC(2) O: NMethods: 2269 registered, 191 unregistered
[2026-04-03T06:43:29.562+0600][3.635s][info][gc,metaspace] GC(2) O: Metaspace: 34M used, 35M committed, 1088M reserved
[2026-04-03T06:43:29.562+0600][3.635s][info][gc,ref      ] GC(2) O:                       Encountered   Discovered     Enqueued 
[2026-04-03T06:43:29.562+0600][3.635s][info][gc,ref      ] GC(2) O: Soft References:             3629            0            0 
[2026-04-03T06:43:29.562+0600][3.635s][info][gc,ref      ] GC(2) O: Weak References:             3143         2423          939 
[2026-04-03T06:43:29.562+0600][3.635s][info][gc,ref      ] GC(2) O: Final References:              49            0            0 
[2026-04-03T06:43:29.562+0600][3.635s][info][gc,ref      ] GC(2) O: Phantom References:           291          252            2 
[2026-04-03T06:43:29.562+0600][3.635s][info][gc,reloc    ] GC(2) O:                        Candidates     Selected     In-Place         Size        Empty    Relocated 
[2026-04-03T06:43:29.562+0600][3.635s][info][gc,reloc    ] GC(2) O: Small Pages:                   11            3            0          22M           0M           0M 
[2026-04-03T06:43:29.562+0600][3.635s][info][gc,reloc    ] GC(2) O: Medium Pages:                   0            0            0           0M           0M           0M 
[2026-04-03T06:43:29.562+0600][3.635s][info][gc,reloc    ] GC(2) O: Large Pages:                    0            0            0           0M           0M           0M 
[2026-04-03T06:43:29.562+0600][3.635s][info][gc,reloc    ] GC(2) O: Forwarding Usage: 0M
[2026-04-03T06:43:29.562+0600][3.635s][info][gc,heap     ] GC(2) O: Min Capacity: 8M(0%)
[2026-04-03T06:43:29.562+0600][3.635s][info][gc,heap     ] GC(2) O: Max Capacity: 3922M(100%)
[2026-04-03T06:43:29.562+0600][3.635s][info][gc,heap     ] GC(2) O: Soft Max Capacity: 3529M(90%)
[2026-04-03T06:43:29.562+0600][3.635s][info][gc,heap     ] GC(2) O: Heap Statistics:
[2026-04-03T06:43:29.562+0600][3.635s][info][gc,heap     ] GC(2) O:                Mark Start          Mark End        Relocate Start      Relocate End           High               Low         
[2026-04-03T06:43:29.563+0600][3.636s][info][gc,heap     ] GC(2) O:  Capacity:      376M (10%)         376M (10%)         376M (10%)         376M (10%)         376M (10%)         376M (10%)    
[2026-04-03T06:43:29.563+0600][3.636s][info][gc,heap     ] GC(2) O:      Free:     3890M (99%)        3868M (99%)        3866M (99%)        3866M (99%)        3890M (99%)        3858M (98%)    
[2026-04-03T06:43:29.563+0600][3.636s][info][gc,heap     ] GC(2) O:      Used:       32M (1%)           54M (1%)           56M (1%)           56M (1%)           64M (2%)           32M (1%)     
[2026-04-03T06:43:29.563+0600][3.636s][info][gc,heap     ] GC(2) O: Old Generation Statistics:
[2026-04-03T06:43:29.563+0600][3.636s][info][gc,heap     ] GC(2) O:                Mark Start          Mark End        Relocate Start      Relocate End    
[2026-04-03T06:43:29.563+0600][3.636s][info][gc,heap     ] GC(2) O:      Used:       22M (1%)           22M (1%)           22M (1%)           22M (1%)     
[2026-04-03T06:43:29.563+0600][3.636s][info][gc,heap     ] GC(2) O:      Live:         -                13M (0%)           13M (0%)           13M (0%)     
[2026-04-03T06:43:29.563+0600][3.636s][info][gc,heap     ] GC(2) O:   Garbage:         -                 8M (0%)            8M (0%)            1M (0%)     
[2026-04-03T06:43:29.563+0600][3.636s][info][gc,heap     ] GC(2) O: Allocated:         -                 0M (0%)            0M (0%)            7M (0%)     
[2026-04-03T06:43:29.563+0600][3.636s][info][gc,heap     ] GC(2) O: Reclaimed:         -                  -                 0M (0%)            7M (0%)     
[2026-04-03T06:43:29.563+0600][3.636s][info][gc,heap     ] GC(2) O: Compacted:         -                  -                  -                 0M (0%)     
[2026-04-03T06:43:29.563+0600][3.636s][info][gc,phases   ] GC(2) O: Old Generation 54M(1%)->56M(1%) 0.047s
[2026-04-03T06:43:29.563+0600][3.636s][info][gc          ] GC(2) Major Collection (System.gc()) 156M(4%)->56M(1%) 0.106s
[2026-04-03T06:43:37.279+0600][11.352s][info][gc          ] GC(3) Major Collection (Warmup)
[2026-04-03T06:43:37.280+0600][11.353s][info][gc,task     ] GC(3) Using 3 Workers for Young Generation
[2026-04-03T06:43:37.282+0600][11.355s][info][gc,task     ] GC(3) Using 1 Workers for Old Generation
[2026-04-03T06:43:37.282+0600][11.355s][info][gc,phases   ] GC(3) Y: Young Generation
[2026-04-03T06:43:37.283+0600][11.356s][info][gc,phases   ] GC(3) Y: Pause Mark Start (Major) 0.052ms
[2026-04-03T06:43:37.350+0600][11.423s][info][gc,phases   ] GC(3) Y: Concurrent Mark 63.555ms
[2026-04-03T06:43:37.350+0600][11.423s][info][gc,phases   ] GC(3) Y: Pause Mark End 0.033ms
[2026-04-03T06:43:37.353+0600][11.426s][info][gc,phases   ] GC(3) Y: Concurrent Mark Free 0.004ms
[2026-04-03T06:43:37.353+0600][11.426s][info][gc,phases   ] GC(3) Y: Concurrent Reset Relocation Set 0.002ms
[2026-04-03T06:43:37.356+0600][11.429s][info][gc,reloc    ] GC(3) Y: Using tenuring threshold: 2 (Computed)
[2026-04-03T06:43:37.362+0600][11.435s][info][gc,phases   ] GC(3) Y: Concurrent Select Relocation Set 8.965ms
[2026-04-03T06:43:37.363+0600][11.436s][info][gc,phases   ] GC(3) Y: Pause Relocate Start 0.030ms
[2026-04-03T06:43:37.387+0600][11.460s][info][gc,phases   ] GC(3) Y: Concurrent Relocate 22.250ms
[2026-04-03T06:43:37.387+0600][11.460s][info][gc,alloc    ] GC(3) Y:                         Mark Start        Mark End      Relocate Start    Relocate End   
[2026-04-03T06:43:37.387+0600][11.460s][info][gc,alloc    ] GC(3) Y: Allocation Stalls:          0                0                0                0         
[2026-04-03T06:43:37.387+0600][11.460s][info][gc,load     ] GC(3) Y: Load: 8.28 (69%) / 6.53 (54%) / 5.69 (47%)
[2026-04-03T06:43:37.387+0600][11.460s][info][gc,mmu      ] GC(3) Y: MMU: 2ms/97.2%, 5ms/98.9%, 10ms/99.0%, 20ms/99.5%, 50ms/99.8%, 100ms/99.8%
[2026-04-03T06:43:37.387+0600][11.460s][info][gc,marking  ] GC(3) Y: Mark: 2 stripe(s), 2 proactive flush(es), 1 terminate flush(es), 0 completion(s), 0 continuation(s) 
[2026-04-03T06:43:37.387+0600][11.460s][info][gc,marking  ] GC(3) Y: Mark Stack Usage: 32M
[2026-04-03T06:43:37.387+0600][11.460s][info][gc,nmethod  ] GC(3) Y: NMethods: 7329 registered, 0 unregistered
[2026-04-03T06:43:37.387+0600][11.460s][info][gc,metaspace] GC(3) Y: Metaspace: 53M used, 54M committed, 1088M reserved
[2026-04-03T06:43:37.387+0600][11.460s][info][gc,reloc    ] GC(3) Y:                        Candidates     Selected     In-Place         Size        Empty    Relocated 
[2026-04-03T06:43:37.387+0600][11.460s][info][gc,reloc    ] GC(3) Y: Small Pages:                  342          237            0         684M         196M           9M 
[2026-04-03T06:43:37.387+0600][11.460s][info][gc,reloc    ] GC(3) Y: Medium Pages:                   0            0            0           0M           0M           0M 
[2026-04-03T06:43:37.387+0600][11.460s][info][gc,reloc    ] GC(3) Y: Large Pages:                    0            0            0           0M           0M           0M 
[2026-04-03T06:43:37.387+0600][11.460s][info][gc,reloc    ] GC(3) Y: Forwarding Usage: 2M
[2026-04-03T06:43:37.387+0600][11.460s][info][gc,reloc    ] GC(3) Y: Age Table:
[2026-04-03T06:43:37.387+0600][11.460s][info][gc,reloc    ] GC(3) Y:                    Live             Garbage             Small              Medium             Large        
[2026-04-03T06:43:37.387+0600][11.460s][info][gc,reloc    ] GC(3) Y: Eden              11M (0%)          660M (17%)        336 / 232            0 / 0              0 / 0        
[2026-04-03T06:43:37.387+0600][11.460s][info][gc,reloc    ] GC(3) Y: Survivor 1         0M (0%)           11M (0%)           6 / 5              0 / 0              0 / 0        
[2026-04-03T06:43:37.387+0600][11.460s][info][gc,heap     ] GC(3) Y: Min Capacity: 8M(0%)
[2026-04-03T06:43:37.387+0600][11.460s][info][gc,heap     ] GC(3) Y: Max Capacity: 3922M(100%)
[2026-04-03T06:43:37.387+0600][11.460s][info][gc,heap     ] GC(3) Y: Soft Max Capacity: 3529M(90%)
[2026-04-03T06:43:37.387+0600][11.460s][info][gc,heap     ] GC(3) Y: Heap Statistics:
[2026-04-03T06:43:37.388+0600][11.461s][info][gc,heap     ] GC(3) Y:                Mark Start          Mark End        Relocate Start      Relocate End           High               Low         
[2026-04-03T06:43:37.388+0600][11.461s][info][gc,heap     ] GC(3) Y:  Capacity:      706M (18%)         742M (19%)         742M (19%)         742M (19%)         742M (19%)         706M (18%)    
[2026-04-03T06:43:37.388+0600][11.461s][info][gc,heap     ] GC(3) Y:      Free:     3216M (82%)        3192M (81%)        3388M (86%)        3820M (97%)        3820M (97%)        3180M (81%)    
[2026-04-03T06:43:37.388+0600][11.461s][info][gc,heap     ] GC(3) Y:      Used:      706M (18%)         730M (19%)         534M (14%)         102M (3%)          742M (19%)         102M (3%)     
[2026-04-03T06:43:37.388+0600][11.461s][info][gc,heap     ] GC(3) Y: Young Generation Statistics:
[2026-04-03T06:43:37.388+0600][11.461s][info][gc,heap     ] GC(3) Y:                Mark Start          Mark End        Relocate Start      Relocate End    
[2026-04-03T06:43:37.388+0600][11.461s][info][gc,heap     ] GC(3) Y:      Used:      684M (17%)         708M (18%)         512M (13%)          80M (2%)     
[2026-04-03T06:43:37.388+0600][11.461s][info][gc,heap     ] GC(3) Y:      Live:         -                11M (0%)           11M (0%)           11M (0%)     
[2026-04-03T06:43:37.388+0600][11.461s][info][gc,heap     ] GC(3) Y:   Garbage:         -               672M (17%)         476M (12%)           0M (0%)     
[2026-04-03T06:43:37.388+0600][11.461s][info][gc,heap     ] GC(3) Y: Allocated:         -                24M (1%)           24M (1%)           68M (2%)     
[2026-04-03T06:43:37.388+0600][11.461s][info][gc,heap     ] GC(3) Y: Reclaimed:         -                  -               196M (5%)          672M (17%)    
[2026-04-03T06:43:37.388+0600][11.461s][info][gc,heap     ] GC(3) Y:  Promoted:         -                  -                 0M (0%)            0M (0%)     
[2026-04-03T06:43:37.388+0600][11.461s][info][gc,heap     ] GC(3) Y: Compacted:         -                  -                  -                11M (0%)     
[2026-04-03T06:43:37.388+0600][11.461s][info][gc,phases   ] GC(3) Y: Young Generation 706M(18%)->102M(3%) 0.105s
[2026-04-03T06:43:37.388+0600][11.461s][info][gc,phases   ] GC(3) O: Old Generation
[2026-04-03T06:43:37.474+0600][11.547s][info][gc,phases   ] GC(3) O: Concurrent Mark 86.634ms
[2026-04-03T06:43:37.475+0600][11.548s][info][gc,phases   ] GC(3) O: Pause Mark End 0.037ms
[2026-04-03T06:43:37.476+0600][11.549s][info][gc,phases   ] GC(3) O: Concurrent Mark Free 0.003ms
[2026-04-03T06:43:37.588+0600][11.661s][info][gc,phases   ] GC(3) O: Concurrent Process Non-Strong 111.233ms
[2026-04-03T06:43:37.588+0600][11.661s][info][gc,phases   ] GC(3) O: Concurrent Reset Relocation Set 0.003ms
[2026-04-03T06:43:37.592+0600][11.665s][info][gc,phases   ] GC(3) O: Concurrent Select Relocation Set 4.424ms
[2026-04-03T06:43:37.593+0600][11.666s][info][gc,task     ] GC(3) O: Using 3 Workers for Old Generation
[2026-04-03T06:43:37.646+0600][11.719s][info][gc,task     ] GC(3) O: Using 1 Workers for Old Generation
[2026-04-03T06:43:37.646+0600][11.719s][info][gc,phases   ] GC(3) O: Concurrent Remap Roots 53.893ms
[2026-04-03T06:43:37.649+0600][11.722s][info][gc,phases   ] GC(3) O: Pause Relocate Start 0.030ms
[2026-04-03T06:43:37.653+0600][11.726s][info][gc,phases   ] GC(3) O: Concurrent Relocate 1.310ms
[2026-04-03T06:43:37.653+0600][11.726s][info][gc,alloc    ] GC(3) O:                         Mark Start        Mark End      Relocate Start    Relocate End   
[2026-04-03T06:43:37.653+0600][11.726s][info][gc,alloc    ] GC(3) O: Allocation Stalls:          0                0                0                0         
[2026-04-03T06:43:37.653+0600][11.726s][info][gc,load     ] GC(3) O: Load: 8.28 (69%) / 6.53 (54%) / 5.69 (47%)
[2026-04-03T06:43:37.653+0600][11.726s][info][gc,mmu      ] GC(3) O: MMU: 2ms/97.2%, 5ms/98.9%, 10ms/99.0%, 20ms/99.5%, 50ms/99.8%, 100ms/99.8%
[2026-04-03T06:43:37.653+0600][11.726s][info][gc,marking  ] GC(3) O: Mark: 1 stripe(s), 2 proactive flush(es), 1 terminate flush(es), 0 completion(s), 0 continuation(s) 
[2026-04-03T06:43:37.653+0600][11.726s][info][gc,marking  ] GC(3) O: Mark Stack Usage: 32M
[2026-04-03T06:43:37.653+0600][11.726s][info][gc,nmethod  ] GC(3) O: NMethods: 6417 registered, 935 unregistered
[2026-04-03T06:43:37.653+0600][11.726s][info][gc,metaspace] GC(3) O: Metaspace: 53M used, 54M committed, 1088M reserved
[2026-04-03T06:43:37.653+0600][11.726s][info][gc,ref      ] GC(3) O:                       Encountered   Discovered     Enqueued 
[2026-04-03T06:43:37.653+0600][11.726s][info][gc,ref      ] GC(3) O: Soft References:             3813            0            0 
[2026-04-03T06:43:37.653+0600][11.726s][info][gc,ref      ] GC(3) O: Weak References:             7893         1358            2 
[2026-04-03T06:43:37.653+0600][11.726s][info][gc,ref      ] GC(3) O: Final References:              73            0            0 
[2026-04-03T06:43:37.653+0600][11.726s][info][gc,ref      ] GC(3) O: Phantom References:           348          115            0 
[2026-04-03T06:43:37.653+0600][11.726s][info][gc,reloc    ] GC(3) O:                        Candidates     Selected     In-Place         Size        Empty    Relocated 
[2026-04-03T06:43:37.653+0600][11.726s][info][gc,reloc    ] GC(3) O: Small Pages:                   11            3            0          22M           0M           0M 
[2026-04-03T06:43:37.653+0600][11.726s][info][gc,reloc    ] GC(3) O: Medium Pages:                   0            0            0           0M           0M           0M 
[2026-04-03T06:43:37.653+0600][11.726s][info][gc,reloc    ] GC(3) O: Large Pages:                    0            0            0           0M           0M           0M 
[2026-04-03T06:43:37.653+0600][11.726s][info][gc,reloc    ] GC(3) O: Forwarding Usage: 0M
[2026-04-03T06:43:37.653+0600][11.726s][info][gc,heap     ] GC(3) O: Min Capacity: 8M(0%)
[2026-04-03T06:43:37.653+0600][11.726s][info][gc,heap     ] GC(3) O: Max Capacity: 3922M(100%)
[2026-04-03T06:43:37.653+0600][11.726s][info][gc,heap     ] GC(3) O: Soft Max Capacity: 3529M(90%)
[2026-04-03T06:43:37.653+0600][11.726s][info][gc,heap     ] GC(3) O: Heap Statistics:
[2026-04-03T06:43:37.653+0600][11.726s][info][gc,heap     ] GC(3) O:                Mark Start          Mark End        Relocate Start      Relocate End           High               Low         
[2026-04-03T06:43:37.653+0600][11.726s][info][gc,heap     ] GC(3) O:  Capacity:      706M (18%)         742M (19%)         742M (19%)         742M (19%)         742M (19%)         706M (18%)    
[2026-04-03T06:43:37.653+0600][11.726s][info][gc,heap     ] GC(3) O:      Free:     3216M (82%)        3810M (97%)        3780M (96%)        3766M (96%)        3820M (97%)        3180M (81%)    
[2026-04-03T06:43:37.653+0600][11.726s][info][gc,heap     ] GC(3) O:      Used:      706M (18%)         112M (3%)          142M (4%)          156M (4%)          742M (19%)         102M (3%)     
[2026-04-03T06:43:37.653+0600][11.726s][info][gc,heap     ] GC(3) O: Old Generation Statistics:
[2026-04-03T06:43:37.653+0600][11.726s][info][gc,heap     ] GC(3) O:                Mark Start          Mark End        Relocate Start      Relocate End    
[2026-04-03T06:43:37.653+0600][11.726s][info][gc,heap     ] GC(3) O:      Used:       22M (1%)           22M (1%)           22M (1%)           36M (1%)     
[2026-04-03T06:43:37.653+0600][11.726s][info][gc,heap     ] GC(3) O:      Live:         -                13M (0%)           13M (0%)           13M (0%)     
[2026-04-03T06:43:37.653+0600][11.726s][info][gc,heap     ] GC(3) O:   Garbage:         -                 8M (0%)            8M (0%)            1M (0%)     
[2026-04-03T06:43:37.654+0600][11.727s][info][gc,heap     ] GC(3) O: Allocated:         -                 0M (0%)            0M (0%)           21M (1%)     
[2026-04-03T06:43:37.654+0600][11.727s][info][gc,heap     ] GC(3) O: Reclaimed:         -                  -                 0M (0%)            7M (0%)     
[2026-04-03T06:43:37.654+0600][11.727s][info][gc,heap     ] GC(3) O: Compacted:         -                  -                  -                 0M (0%)     
[2026-04-03T06:43:37.654+0600][11.727s][info][gc,phases   ] GC(3) O: Old Generation 102M(3%)->156M(4%) 0.265s
[2026-04-03T06:43:37.654+0600][11.727s][info][gc          ] GC(3) Major Collection (Warmup) 706M(18%)->156M(4%) 0.374s
[2026-04-03T06:43:41.654+0600][15.727s][info][gc          ] GC(4) Major Collection (Warmup)
[2026-04-03T06:43:41.655+0600][15.728s][info][gc,task     ] GC(4) Using 3 Workers for Young Generation
[2026-04-03T06:43:41.655+0600][15.728s][info][gc,task     ] GC(4) Using 1 Workers for Old Generation
[2026-04-03T06:43:41.655+0600][15.728s][info][gc,phases   ] GC(4) Y: Young Generation
[2026-04-03T06:43:41.656+0600][15.729s][info][gc,phases   ] GC(4) Y: Pause Mark Start (Major) 0.027ms
[2026-04-03T06:43:41.716+0600][15.789s][info][gc,phases   ] GC(4) Y: Concurrent Mark 56.721ms
[2026-04-03T06:43:41.718+0600][15.791s][info][gc,phases   ] GC(4) Y: Pause Mark End 0.032ms
[2026-04-03T06:43:41.718+0600][15.791s][info][gc,phases   ] GC(4) Y: Concurrent Mark Free 0.002ms
[2026-04-03T06:43:41.718+0600][15.791s][info][gc,phases   ] GC(4) Y: Concurrent Reset Relocation Set 0.034ms
[2026-04-03T06:43:41.727+0600][15.800s][info][gc,reloc    ] GC(4) Y: Using tenuring threshold: 1 (Computed)
[2026-04-03T06:43:41.745+0600][15.818s][info][gc,phases   ] GC(4) Y: Concurrent Select Relocation Set 27.101ms
[2026-04-03T06:43:41.746+0600][15.819s][info][gc,phases   ] GC(4) Y: Pause Relocate Start 0.029ms
[2026-04-03T06:43:41.789+0600][15.862s][info][gc,phases   ] GC(4) Y: Concurrent Relocate 42.870ms
[2026-04-03T06:43:41.790+0600][15.863s][info][gc,alloc    ] GC(4) Y:                         Mark Start        Mark End      Relocate Start    Relocate End   
[2026-04-03T06:43:41.790+0600][15.863s][info][gc,alloc    ] GC(4) Y: Allocation Stalls:          0                0                0                0         
[2026-04-03T06:43:41.790+0600][15.863s][info][gc,load     ] GC(4) Y: Load: 8.90 (74%) / 6.69 (56%) / 5.74 (48%)
[2026-04-03T06:43:41.790+0600][15.863s][info][gc,mmu      ] GC(4) Y: MMU: 2ms/97.2%, 5ms/98.9%, 10ms/99.0%, 20ms/99.5%, 50ms/99.8%, 100ms/99.8%
[2026-04-03T06:43:41.790+0600][15.863s][info][gc,marking  ] GC(4) Y: Mark: 2 stripe(s), 2 proactive flush(es), 1 terminate flush(es), 0 completion(s), 0 continuation(s) 
[2026-04-03T06:43:41.790+0600][15.863s][info][gc,marking  ] GC(4) Y: Mark Stack Usage: 32M
[2026-04-03T06:43:41.790+0600][15.863s][info][gc,nmethod  ] GC(4) Y: NMethods: 6951 registered, 935 unregistered
[2026-04-03T06:43:41.790+0600][15.863s][info][gc,metaspace] GC(4) Y: Metaspace: 53M used, 54M committed, 1088M reserved
[2026-04-03T06:43:41.790+0600][15.863s][info][gc,reloc    ] GC(4) Y:                        Candidates     Selected     In-Place         Size        Empty    Relocated 
[2026-04-03T06:43:41.790+0600][15.863s][info][gc,reloc    ] GC(4) Y: Small Pages:                  512          171            0        1024M         668M           1M 
[2026-04-03T06:43:41.790+0600][15.863s][info][gc,reloc    ] GC(4) Y: Medium Pages:                   0            0            0           0M           0M           0M 
[2026-04-03T06:43:41.790+0600][15.863s][info][gc,reloc    ] GC(4) Y: Large Pages:                    0            0            0           0M           0M           0M 
[2026-04-03T06:43:41.790+0600][15.863s][info][gc,reloc    ] GC(4) Y: Forwarding Usage: 0M
[2026-04-03T06:43:41.790+0600][15.863s][info][gc,reloc    ] GC(4) Y: Age Table:
[2026-04-03T06:43:41.790+0600][15.863s][info][gc,reloc    ] GC(4) Y:                    Live             Garbage             Small              Medium             Large        
[2026-04-03T06:43:41.790+0600][15.863s][info][gc,reloc    ] GC(4) Y: Eden               0M (0%)          975M (25%)        488 / 153            0 / 0              0 / 0        
[2026-04-03T06:43:41.790+0600][15.863s][info][gc,reloc    ] GC(4) Y: Survivor 1        11M (0%)           28M (1%)          20 / 14             0 / 0              0 / 0        
[2026-04-03T06:43:41.790+0600][15.863s][info][gc,reloc    ] GC(4) Y: Survivor 2         0M (0%)            7M (0%)           4 / 4              0 / 0              0 / 0        
[2026-04-03T06:43:41.790+0600][15.863s][info][gc,heap     ] GC(4) Y: Min Capacity: 8M(0%)
[2026-04-03T06:43:41.790+0600][15.863s][info][gc,heap     ] GC(4) Y: Max Capacity: 3922M(100%)
[2026-04-03T06:43:41.790+0600][15.863s][info][gc,heap     ] GC(4) Y: Soft Max Capacity: 3529M(90%)
[2026-04-03T06:43:41.790+0600][15.863s][info][gc,heap     ] GC(4) Y: Heap Statistics:
[2026-04-03T06:43:41.790+0600][15.863s][info][gc,heap     ] GC(4) Y:                Mark Start          Mark End        Relocate Start      Relocate End           High               Low         
[2026-04-03T06:43:41.790+0600][15.863s][info][gc,heap     ] GC(4) Y:  Capacity:     1060M (27%)        1092M (28%)        1092M (28%)        1092M (28%)        1092M (28%)        1060M (27%)    
[2026-04-03T06:43:41.790+0600][15.863s][info][gc,heap     ] GC(4) Y:      Free:     2862M (73%)        2840M (72%)        3492M (89%)        3778M (96%)        3780M (96%)        2830M (72%)    
[2026-04-03T06:43:41.790+0600][15.863s][info][gc,heap     ] GC(4) Y:      Used:     1060M (27%)        1082M (28%)         430M (11%)         144M (4%)         1092M (28%)         142M (4%)     
[2026-04-03T06:43:41.790+0600][15.863s][info][gc,heap     ] GC(4) Y: Young Generation Statistics:
[2026-04-03T06:43:41.790+0600][15.863s][info][gc,heap     ] GC(4) Y:                Mark Start          Mark End        Relocate Start      Relocate End    
[2026-04-03T06:43:41.790+0600][15.863s][info][gc,heap     ] GC(4) Y:      Used:     1024M (26%)        1046M (27%)         384M (10%)          70M (2%)     
[2026-04-03T06:43:41.790+0600][15.863s][info][gc,heap     ] GC(4) Y:      Live:         -                11M (0%)            2M (0%)            0M (0%)     
[2026-04-03T06:43:41.790+0600][15.863s][info][gc,heap     ] GC(4) Y:   Garbage:         -              1012M (26%)         343M (9%)            0M (0%)     
[2026-04-03T06:43:41.790+0600][15.863s][info][gc,heap     ] GC(4) Y: Allocated:         -                22M (1%)           38M (1%)           69M (2%)     
[2026-04-03T06:43:41.790+0600][15.863s][info][gc,heap     ] GC(4) Y: Reclaimed:         -                  -               668M (17%)        1012M (26%)    
[2026-04-03T06:43:41.790+0600][15.863s][info][gc,heap     ] GC(4) Y:  Promoted:         -                  -                 9M (0%)           11M (0%)     
[2026-04-03T06:43:41.790+0600][15.863s][info][gc,heap     ] GC(4) Y: Compacted:         -                  -                  -                 0M (0%)     
[2026-04-03T06:43:41.790+0600][15.863s][info][gc,phases   ] GC(4) Y: Young Generation 1060M(27%)->144M(4%) 0.135s
[2026-04-03T06:43:41.791+0600][15.864s][info][gc,phases   ] GC(4) O: Old Generation
[2026-04-03T06:43:41.873+0600][15.946s][info][gc,phases   ] GC(4) O: Concurrent Mark 82.840ms
[2026-04-03T06:43:41.874+0600][15.947s][info][gc,phases   ] GC(4) O: Pause Mark End 0.028ms
[2026-04-03T06:43:41.875+0600][15.948s][info][gc,phases   ] GC(4) O: Concurrent Mark Free 0.003ms
[2026-04-03T06:43:41.923+0600][15.996s][info][gc,phases   ] GC(4) O: Concurrent Process Non-Strong 47.128ms
[2026-04-03T06:43:41.923+0600][15.996s][info][gc,phases   ] GC(4) O: Concurrent Reset Relocation Set 0.003ms
[2026-04-03T06:43:41.926+0600][15.999s][info][gc,phases   ] GC(4) O: Concurrent Select Relocation Set 2.969ms
[2026-04-03T06:43:41.926+0600][15.999s][info][gc,task     ] GC(4) O: Using 3 Workers for Old Generation
[2026-04-03T06:43:41.971+0600][16.044s][info][gc,task     ] GC(4) O: Using 1 Workers for Old Generation
[2026-04-03T06:43:41.971+0600][16.044s][info][gc,phases   ] GC(4) O: Concurrent Remap Roots 45.216ms
[2026-04-03T06:43:41.972+0600][16.045s][info][gc,phases   ] GC(4) O: Pause Relocate Start 0.024ms
[2026-04-03T06:43:41.974+0600][16.047s][info][gc,phases   ] GC(4) O: Concurrent Relocate 1.028ms
[2026-04-03T06:43:41.974+0600][16.047s][info][gc,alloc    ] GC(4) O:                         Mark Start        Mark End      Relocate Start    Relocate End   
[2026-04-03T06:43:41.974+0600][16.047s][info][gc,alloc    ] GC(4) O: Allocation Stalls:          0                0                0                0         
[2026-04-03T06:43:41.974+0600][16.047s][info][gc,load     ] GC(4) O: Load: 8.90 (74%) / 6.69 (56%) / 5.74 (48%)
[2026-04-03T06:43:41.974+0600][16.047s][info][gc,mmu      ] GC(4) O: MMU: 2ms/97.2%, 5ms/98.9%, 10ms/99.0%, 20ms/99.5%, 50ms/99.8%, 100ms/99.8%
[2026-04-03T06:43:41.974+0600][16.047s][info][gc,marking  ] GC(4) O: Mark: 1 stripe(s), 2 proactive flush(es), 1 terminate flush(es), 0 completion(s), 0 continuation(s) 
[2026-04-03T06:43:41.974+0600][16.047s][info][gc,marking  ] GC(4) O: Mark Stack Usage: 32M
[2026-04-03T06:43:41.974+0600][16.047s][info][gc,nmethod  ] GC(4) O: NMethods: 6443 registered, 1463 unregistered
[2026-04-03T06:43:41.974+0600][16.047s][info][gc,metaspace] GC(4) O: Metaspace: 53M used, 54M committed, 1088M reserved
[2026-04-03T06:43:41.974+0600][16.047s][info][gc,ref      ] GC(4) O:                       Encountered   Discovered     Enqueued 
[2026-04-03T06:43:41.974+0600][16.047s][info][gc,ref      ] GC(4) O: Soft References:             3813            0            0 
[2026-04-03T06:43:41.974+0600][16.047s][info][gc,ref      ] GC(4) O: Weak References:             7891         1580            0 
[2026-04-03T06:43:41.974+0600][16.047s][info][gc,ref      ] GC(4) O: Final References:              73            0            0 
[2026-04-03T06:43:41.974+0600][16.047s][info][gc,ref      ] GC(4) O: Phantom References:           348          116            0 
[2026-04-03T06:43:41.974+0600][16.047s][info][gc,reloc    ] GC(4) O:                        Candidates     Selected     In-Place         Size        Empty    Relocated 
[2026-04-03T06:43:41.974+0600][16.047s][info][gc,reloc    ] GC(4) O: Small Pages:                   18           10            0          36M           0M           0M 
[2026-04-03T06:43:41.975+0600][16.048s][info][gc,reloc    ] GC(4) O: Medium Pages:                   0            0            0           0M           0M           0M 
[2026-04-03T06:43:41.975+0600][16.048s][info][gc,reloc    ] GC(4) O: Large Pages:                    0            0            0           0M           0M           0M 
[2026-04-03T06:43:41.975+0600][16.048s][info][gc,reloc    ] GC(4) O: Forwarding Usage: 0M
[2026-04-03T06:43:41.975+0600][16.048s][info][gc,heap     ] GC(4) O: Min Capacity: 8M(0%)
[2026-04-03T06:43:41.975+0600][16.048s][info][gc,heap     ] GC(4) O: Max Capacity: 3922M(100%)
[2026-04-03T06:43:41.975+0600][16.048s][info][gc,heap     ] GC(4) O: Soft Max Capacity: 3529M(90%)
[2026-04-03T06:43:41.975+0600][16.048s][info][gc,heap     ] GC(4) O: Heap Statistics:
[2026-04-03T06:43:41.975+0600][16.048s][info][gc,heap     ] GC(4) O:                Mark Start          Mark End        Relocate Start      Relocate End           High               Low         
[2026-04-03T06:43:41.975+0600][16.048s][info][gc,heap     ] GC(4) O:  Capacity:     1060M (27%)        1092M (28%)        1092M (28%)        1092M (28%)        1092M (28%)        1060M (27%)    
[2026-04-03T06:43:41.975+0600][16.048s][info][gc,heap     ] GC(4) O:      Free:     2862M (73%)        3750M (96%)        3726M (95%)        3744M (95%)        3780M (96%)        2830M (72%)    
[2026-04-03T06:43:41.975+0600][16.048s][info][gc,heap     ] GC(4) O:      Used:     1060M (27%)         172M (4%)          196M (5%)          178M (5%)         1092M (28%)         142M (4%)     
[2026-04-03T06:43:41.975+0600][16.048s][info][gc,heap     ] GC(4) O: Old Generation Statistics:
[2026-04-03T06:43:41.975+0600][16.048s][info][gc,heap     ] GC(4) O:                Mark Start          Mark End        Relocate Start      Relocate End    
[2026-04-03T06:43:41.975+0600][16.048s][info][gc,heap     ] GC(4) O:      Used:       36M (1%)           74M (2%)           74M (2%)           56M (1%)     
[2026-04-03T06:43:41.975+0600][16.048s][info][gc,heap     ] GC(4) O:      Live:         -                13M (0%)           13M (0%)           13M (0%)     
[2026-04-03T06:43:41.975+0600][16.048s][info][gc,heap     ] GC(4) O:   Garbage:         -                22M (1%)           22M (1%)            1M (0%)     
[2026-04-03T06:43:41.975+0600][16.048s][info][gc,heap     ] GC(4) O: Allocated:         -                38M (1%)           38M (1%)           41M (1%)     
[2026-04-03T06:43:41.975+0600][16.048s][info][gc,heap     ] GC(4) O: Reclaimed:         -                  -                 0M (0%)           21M (1%)     
[2026-04-03T06:43:41.975+0600][16.048s][info][gc,heap     ] GC(4) O: Compacted:         -                  -                  -                 0M (0%)     
[2026-04-03T06:43:41.975+0600][16.048s][info][gc,phases   ] GC(4) O: Old Generation 146M(4%)->178M(5%) 0.184s
[2026-04-03T06:43:41.975+0600][16.048s][info][gc          ] GC(4) Major Collection (Warmup) 1060M(27%)->178M(5%) 0.320s
[2026-04-03T06:43:45.560+0600][19.633s][info][gc          ] GC(5) Minor Collection (Allocation Rate)
[2026-04-03T06:43:45.560+0600][19.633s][info][gc,task     ] GC(5) Using 1 Workers for Young Generation
[2026-04-03T06:43:45.560+0600][19.633s][info][gc,phases   ] GC(5) y: Young Generation
[2026-04-03T06:43:45.562+0600][19.635s][info][gc,phases   ] GC(5) y: Pause Mark Start 0.027ms
[2026-04-03T06:43:45.588+0600][19.661s][info][gc,phases   ] GC(5) y: Concurrent Mark 23.723ms
[2026-04-03T06:43:45.589+0600][19.662s][info][gc,phases   ] GC(5) y: Pause Mark End 0.028ms
[2026-04-03T06:43:45.589+0600][19.662s][info][gc,phases   ] GC(5) y: Concurrent Mark Free 0.003ms
[2026-04-03T06:43:45.590+0600][19.663s][info][gc,phases   ] GC(5) y: Concurrent Reset Relocation Set 0.034ms
[2026-04-03T06:43:45.597+0600][19.670s][info][gc,reloc    ] GC(5) y: Using tenuring threshold: 2 (Computed)
[2026-04-03T06:43:45.597+0600][19.670s][info][gc,phases   ] GC(5) y: Concurrent Select Relocation Set 7.704ms
[2026-04-03T06:43:45.598+0600][19.671s][info][gc,phases   ] GC(5) y: Pause Relocate Start 0.020ms
[2026-04-03T06:43:45.601+0600][19.674s][info][gc,phases   ] GC(5) y: Concurrent Relocate 3.018ms
[2026-04-03T06:43:45.601+0600][19.674s][info][gc,alloc    ] GC(5) y:                         Mark Start        Mark End      Relocate Start    Relocate End   
[2026-04-03T06:43:45.601+0600][19.674s][info][gc,alloc    ] GC(5) y: Allocation Stalls:          0                0                0                0         
[2026-04-03T06:43:45.601+0600][19.674s][info][gc,load     ] GC(5) y: Load: 8.90 (74%) / 6.69 (56%) / 5.74 (48%)
[2026-04-03T06:43:45.601+0600][19.674s][info][gc,mmu      ] GC(5) y: MMU: 2ms/97.2%, 5ms/98.9%, 10ms/99.0%, 20ms/99.5%, 50ms/99.8%, 100ms/99.8%
[2026-04-03T06:43:45.601+0600][19.674s][info][gc,marking  ] GC(5) y: Mark: 1 stripe(s), 2 proactive flush(es), 1 terminate flush(es), 0 completion(s), 0 continuation(s) 
[2026-04-03T06:43:45.601+0600][19.674s][info][gc,marking  ] GC(5) y: Mark Stack Usage: 32M
[2026-04-03T06:43:45.601+0600][19.674s][info][gc,nmethod  ] GC(5) y: NMethods: 6775 registered, 1463 unregistered
[2026-04-03T06:43:45.601+0600][19.674s][info][gc,metaspace] GC(5) y: Metaspace: 53M used, 54M committed, 1088M reserved
[2026-04-03T06:43:45.601+0600][19.674s][info][gc,reloc    ] GC(5) y:                        Candidates     Selected     In-Place         Size        Empty    Relocated 
[2026-04-03T06:43:45.601+0600][19.674s][info][gc,reloc    ] GC(5) y: Small Pages:                 1187          150            0        2374M        2072M           0M 
[2026-04-03T06:43:45.601+0600][19.674s][info][gc,reloc    ] GC(5) y: Medium Pages:                   0            0            0           0M           0M           0M 
[2026-04-03T06:43:45.601+0600][19.674s][info][gc,reloc    ] GC(5) y: Large Pages:                    0            0            0           0M           0M           0M 
[2026-04-03T06:43:45.601+0600][19.674s][info][gc,reloc    ] GC(5) y: Forwarding Usage: 0M
[2026-04-03T06:43:45.601+0600][19.674s][info][gc,reloc    ] GC(5) y: Age Table:
[2026-04-03T06:43:45.601+0600][19.674s][info][gc,reloc    ] GC(5) y:                    Live             Garbage             Small              Medium             Large        
[2026-04-03T06:43:45.602+0600][19.675s][info][gc,reloc    ] GC(5) y: Eden               0M (0%)         2349M (60%)       1175 / 144            0 / 0              0 / 0        
[2026-04-03T06:43:45.602+0600][19.675s][info][gc,reloc    ] GC(5) y: Survivor 1         0M (0%)           23M (1%)          12 / 6              0 / 0              0 / 0        
[2026-04-03T06:43:45.602+0600][19.675s][info][gc,heap     ] GC(5) y: Min Capacity: 8M(0%)
[2026-04-03T06:43:45.602+0600][19.675s][info][gc,heap     ] GC(5) y: Max Capacity: 3922M(100%)
[2026-04-03T06:43:45.602+0600][19.675s][info][gc,heap     ] GC(5) y: Soft Max Capacity: 3529M(90%)
[2026-04-03T06:43:45.602+0600][19.675s][info][gc,heap     ] GC(5) y: Heap Statistics:
[2026-04-03T06:43:45.602+0600][19.675s][info][gc,heap     ] GC(5) y:                Mark Start          Mark End        Relocate Start      Relocate End           High               Low         
[2026-04-03T06:43:45.602+0600][19.675s][info][gc,heap     ] GC(5) y:  Capacity:     2430M (62%)        2462M (63%)        2462M (63%)        2462M (63%)        2462M (63%)        2430M (62%)    
[2026-04-03T06:43:45.602+0600][19.675s][info][gc,heap     ] GC(5) y:      Free:     1492M (38%)        1466M (37%)        3530M (90%)        3800M (97%)        3800M (97%)        1460M (37%)    
[2026-04-03T06:43:45.602+0600][19.675s][info][gc,heap     ] GC(5) y:      Used:     2430M (62%)        2456M (63%)         392M (10%)         122M (3%)         2462M (63%)         122M (3%)     
[2026-04-03T06:43:45.602+0600][19.675s][info][gc,heap     ] GC(5) y: Young Generation Statistics:
[2026-04-03T06:43:45.602+0600][19.675s][info][gc,heap     ] GC(5) y:                Mark Start          Mark End        Relocate Start      Relocate End    
[2026-04-03T06:43:45.602+0600][19.675s][info][gc,heap     ] GC(5) y:      Used:     2374M (61%)        2400M (61%)         336M (9%)           66M (2%)     
[2026-04-03T06:43:45.602+0600][19.675s][info][gc,heap     ] GC(5) y:      Live:         -                 0M (0%)            0M (0%)            0M (0%)     
[2026-04-03T06:43:45.602+0600][19.675s][info][gc,heap     ] GC(5) y:   Garbage:         -              2373M (61%)         301M (8%)            0M (0%)     
[2026-04-03T06:43:45.602+0600][19.675s][info][gc,heap     ] GC(5) y: Allocated:         -                26M (1%)           34M (1%)           65M (2%)     
[2026-04-03T06:43:45.602+0600][19.675s][info][gc,heap     ] GC(5) y: Reclaimed:         -                  -              2072M (53%)        2373M (61%)    
[2026-04-03T06:43:45.602+0600][19.675s][info][gc,heap     ] GC(5) y:  Promoted:         -                  -                 0M (0%)            0M (0%)     
[2026-04-03T06:43:45.602+0600][19.675s][info][gc,heap     ] GC(5) y: Compacted:         -                  -                  -                 0M (0%)     
[2026-04-03T06:43:45.602+0600][19.675s][info][gc,phases   ] GC(5) y: Young Generation 2430M(62%)->122M(3%) 0.041s
[2026-04-03T06:43:45.602+0600][19.675s][info][gc          ] GC(5) Minor Collection (Allocation Rate) 2430M(62%)->122M(3%) 0.042s
[2026-04-03T06:43:46.897+0600][20.970s][info][gc          ] GC(6) Minor Collection (Allocation Rate)
[2026-04-03T06:43:46.897+0600][20.970s][info][gc,task     ] GC(6) Using 1 Workers for Young Generation
[2026-04-03T06:43:46.899+0600][20.972s][info][gc,phases   ] GC(6) y: Young Generation
[2026-04-03T06:43:46.899+0600][20.972s][info][gc,phases   ] GC(6) y: Pause Mark Start 0.026ms
[2026-04-03T06:43:46.922+0600][20.995s][info][gc,phases   ] GC(6) y: Concurrent Mark 23.187ms
[2026-04-03T06:43:46.923+0600][20.996s][info][gc,phases   ] GC(6) y: Pause Mark End 0.032ms
[2026-04-03T06:43:46.924+0600][20.997s][info][gc,phases   ] GC(6) y: Concurrent Mark Free 0.003ms
[2026-04-03T06:43:46.924+0600][20.997s][info][gc,phases   ] GC(6) y: Concurrent Reset Relocation Set 0.015ms
[2026-04-03T06:43:46.927+0600][21.000s][info][gc,reloc    ] GC(6) y: Using tenuring threshold: 3 (Computed)
[2026-04-03T06:43:46.928+0600][21.001s][info][gc,phases   ] GC(6) y: Concurrent Select Relocation Set 4.348ms
[2026-04-03T06:43:46.928+0600][21.001s][info][gc,phases   ] GC(6) y: Pause Relocate Start 0.022ms
[2026-04-03T06:43:46.932+0600][21.005s][info][gc,phases   ] GC(6) y: Concurrent Relocate 2.976ms
[2026-04-03T06:43:46.932+0600][21.005s][info][gc,alloc    ] GC(6) y:                         Mark Start        Mark End      Relocate Start    Relocate End   
[2026-04-03T06:43:46.932+0600][21.005s][info][gc,alloc    ] GC(6) y: Allocation Stalls:          0                0                0                0         
[2026-04-03T06:43:46.932+0600][21.005s][info][gc,load     ] GC(6) y: Load: 9.71 (81%) / 6.89 (57%) / 5.81 (48%)
[2026-04-03T06:43:46.932+0600][21.005s][info][gc,mmu      ] GC(6) y: MMU: 2ms/97.2%, 5ms/98.9%, 10ms/99.0%, 20ms/99.5%, 50ms/99.8%, 100ms/99.8%
[2026-04-03T06:43:46.932+0600][21.005s][info][gc,marking  ] GC(6) y: Mark: 1 stripe(s), 2 proactive flush(es), 1 terminate flush(es), 0 completion(s), 0 continuation(s) 
[2026-04-03T06:43:46.932+0600][21.005s][info][gc,marking  ] GC(6) y: Mark Stack Usage: 32M
[2026-04-03T06:43:46.932+0600][21.005s][info][gc,nmethod  ] GC(6) y: NMethods: 6799 registered, 1463 unregistered
[2026-04-03T06:43:46.932+0600][21.005s][info][gc,metaspace] GC(6) y: Metaspace: 53M used, 54M committed, 1088M reserved
[2026-04-03T06:43:46.932+0600][21.005s][info][gc,reloc    ] GC(6) y:                        Candidates     Selected     In-Place         Size        Empty    Relocated 
[2026-04-03T06:43:46.932+0600][21.005s][info][gc,reloc    ] GC(6) y: Small Pages:                  750           68            0        1500M        1362M           0M 
[2026-04-03T06:43:46.932+0600][21.005s][info][gc,reloc    ] GC(6) y: Medium Pages:                   0            0            0           0M           0M           0M 
[2026-04-03T06:43:46.932+0600][21.005s][info][gc,reloc    ] GC(6) y: Large Pages:                    0            0            0           0M           0M           0M 
[2026-04-03T06:43:46.932+0600][21.005s][info][gc,reloc    ] GC(6) y: Forwarding Usage: 0M
[2026-04-03T06:43:46.932+0600][21.005s][info][gc,reloc    ] GC(6) y: Age Table:
[2026-04-03T06:43:46.932+0600][21.005s][info][gc,reloc    ] GC(6) y:                    Live             Garbage             Small              Medium             Large        
[2026-04-03T06:43:46.932+0600][21.005s][info][gc,reloc    ] GC(6) y: Eden               0M (0%)         1469M (37%)        735 / 54             0 / 0              0 / 0        
[2026-04-03T06:43:46.932+0600][21.005s][info][gc,reloc    ] GC(6) y: Survivor 1         0M (0%)           23M (1%)          12 / 11             0 / 0              0 / 0        
[2026-04-03T06:43:46.932+0600][21.005s][info][gc,reloc    ] GC(6) y: Survivor 2         0M (0%)            5M (0%)           3 / 3              0 / 0              0 / 0        
[2026-04-03T06:43:46.932+0600][21.005s][info][gc,heap     ] GC(6) y: Min Capacity: 8M(0%)
[2026-04-03T06:43:46.932+0600][21.005s][info][gc,heap     ] GC(6) y: Max Capacity: 3922M(100%)
[2026-04-03T06:43:46.932+0600][21.005s][info][gc,heap     ] GC(6) y: Soft Max Capacity: 3529M(90%)
[2026-04-03T06:43:46.932+0600][21.005s][info][gc,heap     ] GC(6) y: Heap Statistics:
[2026-04-03T06:43:46.932+0600][21.005s][info][gc,heap     ] GC(6) y:                Mark Start          Mark End        Relocate Start      Relocate End           High               Low         
[2026-04-03T06:43:46.932+0600][21.005s][info][gc,heap     ] GC(6) y:  Capacity:     2462M (63%)        2462M (63%)        2462M (63%)        2462M (63%)        2462M (63%)        2462M (63%)    
[2026-04-03T06:43:46.932+0600][21.005s][info][gc,heap     ] GC(6) y:      Free:     2366M (60%)        2328M (59%)        3686M (94%)        3800M (97%)        3800M (97%)        2328M (59%)    
[2026-04-03T06:43:46.932+0600][21.005s][info][gc,heap     ] GC(6) y:      Used:     1556M (40%)        1594M (41%)         236M (6%)          122M (3%)         1594M (41%)         122M (3%)     
[2026-04-03T06:43:46.932+0600][21.005s][info][gc,heap     ] GC(6) y: Young Generation Statistics:
[2026-04-03T06:43:46.932+0600][21.005s][info][gc,heap     ] GC(6) y:                Mark Start          Mark End        Relocate Start      Relocate End    
[2026-04-03T06:43:46.932+0600][21.005s][info][gc,heap     ] GC(6) y:      Used:     1500M (38%)        1538M (39%)         180M (5%)           66M (2%)     
[2026-04-03T06:43:46.933+0600][21.005s][info][gc,heap     ] GC(6) y:      Live:         -                 0M (0%)            0M (0%)            0M (0%)     
[2026-04-03T06:43:46.933+0600][21.006s][info][gc,heap     ] GC(6) y:   Garbage:         -              1499M (38%)         137M (4%)            0M (0%)     
[2026-04-03T06:43:46.933+0600][21.006s][info][gc,heap     ] GC(6) y: Allocated:         -                38M (1%)           42M (1%)           65M (2%)     
[2026-04-03T06:43:46.933+0600][21.006s][info][gc,heap     ] GC(6) y: Reclaimed:         -                  -              1362M (35%)        1499M (38%)    
[2026-04-03T06:43:46.933+0600][21.006s][info][gc,heap     ] GC(6) y:  Promoted:         -                  -                 0M (0%)            0M (0%)     
[2026-04-03T06:43:46.933+0600][21.006s][info][gc,heap     ] GC(6) y: Compacted:         -                  -                  -                 0M (0%)     
[2026-04-03T06:43:46.933+0600][21.006s][info][gc,phases   ] GC(6) y: Young Generation 1556M(40%)->122M(3%) 0.033s
[2026-04-03T06:43:46.933+0600][21.006s][info][gc          ] GC(6) Minor Collection (Allocation Rate) 1556M(40%)->122M(3%) 0.036s
[2026-04-03T06:43:49.300+0600][23.373s][info][gc          ] GC(7) Major Collection (System.gc())
[2026-04-03T06:43:49.300+0600][23.373s][info][gc,task     ] GC(7) Using 3 Workers for Young Generation
[2026-04-03T06:43:49.300+0600][23.373s][info][gc,task     ] GC(7) Using 3 Workers for Old Generation
[2026-04-03T06:43:49.300+0600][23.373s][info][gc,phases   ] GC(7) Y: Young Generation (Promote All)
[2026-04-03T06:43:49.301+0600][23.374s][info][gc,phases   ] GC(7) Y: Pause Mark Start 0.033ms
[2026-04-03T06:43:49.322+0600][23.395s][info][gc,phases   ] GC(7) Y: Concurrent Mark 15.090ms
[2026-04-03T06:43:49.322+0600][23.395s][info][gc,phases   ] GC(7) Y: Pause Mark End 0.029ms
[2026-04-03T06:43:49.322+0600][23.395s][info][gc,phases   ] GC(7) Y: Concurrent Mark Free 0.001ms
[2026-04-03T06:43:49.322+0600][23.395s][info][gc,phases   ] GC(7) Y: Concurrent Reset Relocation Set 0.008ms
[2026-04-03T06:43:49.330+0600][23.403s][info][gc,reloc    ] GC(7) Y: Using tenuring threshold: 0 (Promote All)
[2026-04-03T06:43:49.333+0600][23.406s][info][gc,phases   ] GC(7) Y: Concurrent Select Relocation Set 10.628ms
[2026-04-03T06:43:49.334+0600][23.407s][info][gc,phases   ] GC(7) Y: Pause Relocate Start 0.027ms
[2026-04-03T06:43:49.337+0600][23.410s][info][gc,phases   ] GC(7) Y: Concurrent Relocate 3.638ms
[2026-04-03T06:43:49.338+0600][23.411s][info][gc,alloc    ] GC(7) Y:                         Mark Start        Mark End      Relocate Start    Relocate End   
[2026-04-03T06:43:49.338+0600][23.411s][info][gc,alloc    ] GC(7) Y: Allocation Stalls:          0                0                0                0         
[2026-04-03T06:43:49.338+0600][23.411s][info][gc,load     ] GC(7) Y: Load: 9.71 (81%) / 6.89 (57%) / 5.81 (48%)
[2026-04-03T06:43:49.338+0600][23.411s][info][gc,mmu      ] GC(7) Y: MMU: 2ms/97.2%, 5ms/98.9%, 10ms/99.0%, 20ms/99.5%, 50ms/99.8%, 100ms/99.8%
[2026-04-03T06:43:49.338+0600][23.411s][info][gc,marking  ] GC(7) Y: Mark: 2 stripe(s), 2 proactive flush(es), 1 terminate flush(es), 0 completion(s), 0 continuation(s) 
[2026-04-03T06:43:49.338+0600][23.411s][info][gc,marking  ] GC(7) Y: Mark Stack Usage: 32M
[2026-04-03T06:43:49.338+0600][23.411s][info][gc,nmethod  ] GC(7) Y: NMethods: 7052 registered, 1463 unregistered
[2026-04-03T06:43:49.338+0600][23.411s][info][gc,metaspace] GC(7) Y: Metaspace: 54M used, 54M committed, 1088M reserved
[2026-04-03T06:43:49.338+0600][23.411s][info][gc,reloc    ] GC(7) Y:                        Candidates     Selected     In-Place         Size        Empty    Relocated 
[2026-04-03T06:43:49.338+0600][23.411s][info][gc,reloc    ] GC(7) Y: Small Pages:                 1258          112            0        2516M        2290M           0M 
[2026-04-03T06:43:49.338+0600][23.411s][info][gc,reloc    ] GC(7) Y: Medium Pages:                   0            0            0           0M           0M           0M 
[2026-04-03T06:43:49.338+0600][23.411s][info][gc,reloc    ] GC(7) Y: Large Pages:                    0            0            0           0M           0M           0M 
[2026-04-03T06:43:49.338+0600][23.411s][info][gc,reloc    ] GC(7) Y: Forwarding Usage: 0M
[2026-04-03T06:43:49.338+0600][23.411s][info][gc,reloc    ] GC(7) Y: Age Table:
[2026-04-03T06:43:49.338+0600][23.411s][info][gc,reloc    ] GC(7) Y:                    Live             Garbage             Small              Medium             Large        
[2026-04-03T06:43:49.338+0600][23.411s][info][gc,reloc    ] GC(7) Y: Eden               0M (0%)         2491M (64%)       1246 / 103            0 / 0              0 / 0        
[2026-04-03T06:43:49.338+0600][23.411s][info][gc,reloc    ] GC(7) Y: Survivor 1         0M (0%)           13M (0%)           7 / 5              0 / 0              0 / 0        
[2026-04-03T06:43:49.338+0600][23.411s][info][gc,reloc    ] GC(7) Y: Survivor 2         0M (0%)            5M (0%)           3 / 2              0 / 0              0 / 0        
[2026-04-03T06:43:49.338+0600][23.411s][info][gc,reloc    ] GC(7) Y: Survivor 3         0M (0%)            3M (0%)           2 / 2              0 / 0              0 / 0        
[2026-04-03T06:43:49.338+0600][23.411s][info][gc,heap     ] GC(7) Y: Min Capacity: 8M(0%)
[2026-04-03T06:43:49.338+0600][23.411s][info][gc,heap     ] GC(7) Y: Max Capacity: 3922M(100%)
[2026-04-03T06:43:49.338+0600][23.411s][info][gc,heap     ] GC(7) Y: Soft Max Capacity: 3529M(90%)
[2026-04-03T06:43:49.338+0600][23.411s][info][gc,heap     ] GC(7) Y: Heap Statistics:
[2026-04-03T06:43:49.338+0600][23.411s][info][gc,heap     ] GC(7) Y:                Mark Start          Mark End        Relocate Start      Relocate End           High               Low         
[2026-04-03T06:43:49.338+0600][23.411s][info][gc,heap     ] GC(7) Y:  Capacity:     2572M (66%)        2596M (66%)        2596M (66%)        2596M (66%)        2596M (66%)        2572M (66%)    
[2026-04-03T06:43:49.338+0600][23.411s][info][gc,heap     ] GC(7) Y:      Free:     1350M (34%)        1332M (34%)        3622M (92%)        3842M (98%)        3842M (98%)        1326M (34%)    
[2026-04-03T06:43:49.338+0600][23.411s][info][gc,heap     ] GC(7) Y:      Used:     2572M (66%)        2590M (66%)         300M (8%)           80M (2%)         2596M (66%)          80M (2%)     
[2026-04-03T06:43:49.338+0600][23.411s][info][gc,heap     ] GC(7) Y: Young Generation Statistics:
[2026-04-03T06:43:49.338+0600][23.411s][info][gc,heap     ] GC(7) Y:                Mark Start          Mark End        Relocate Start      Relocate End    
[2026-04-03T06:43:49.338+0600][23.411s][info][gc,heap     ] GC(7) Y:      Used:     2516M (64%)        2534M (65%)         244M (6%)           18M (0%)     
[2026-04-03T06:43:49.338+0600][23.411s][info][gc,heap     ] GC(7) Y:      Live:         -                 0M (0%)            0M (0%)            0M (0%)     
[2026-04-03T06:43:49.338+0600][23.411s][info][gc,heap     ] GC(7) Y:   Garbage:         -              2515M (64%)         225M (6%)            0M (0%)     
[2026-04-03T06:43:49.338+0600][23.411s][info][gc,heap     ] GC(7) Y: Allocated:         -                18M (0%)           18M (0%)           18M (0%)     
[2026-04-03T06:43:49.338+0600][23.411s][info][gc,heap     ] GC(7) Y: Reclaimed:         -                  -              2290M (58%)        2515M (64%)    
[2026-04-03T06:43:49.338+0600][23.411s][info][gc,heap     ] GC(7) Y:  Promoted:         -                  -                 0M (0%)            0M (0%)     
[2026-04-03T06:43:49.338+0600][23.411s][info][gc,heap     ] GC(7) Y: Compacted:         -                  -                  -                 0M (0%)     
[2026-04-03T06:43:49.338+0600][23.411s][info][gc,phases   ] GC(7) Y: Young Generation (Promote All) 2572M(66%)->80M(2%) 0.037s
[2026-04-03T06:43:49.338+0600][23.411s][info][gc,phases   ] GC(7) Y: Young Generation (Collect Roots)
[2026-04-03T06:43:49.343+0600][23.416s][info][gc,phases   ] GC(7) Y: Pause Mark Start (Major) 0.043ms
[2026-04-03T06:43:49.356+0600][23.429s][info][gc,phases   ] GC(7) Y: Concurrent Mark 12.660ms
[2026-04-03T06:43:49.356+0600][23.429s][info][gc,phases   ] GC(7) Y: Pause Mark End 0.031ms
[2026-04-03T06:43:49.357+0600][23.430s][info][gc,phases   ] GC(7) Y: Concurrent Mark Free 0.003ms
[2026-04-03T06:43:49.357+0600][23.430s][info][gc,phases   ] GC(7) Y: Concurrent Reset Relocation Set 0.020ms
[2026-04-03T06:43:49.359+0600][23.432s][info][gc,reloc    ] GC(7) Y: Using tenuring threshold: 1 (Computed)
[2026-04-03T06:43:49.359+0600][23.432s][info][gc,phases   ] GC(7) Y: Concurrent Select Relocation Set 2.575ms
[2026-04-03T06:43:49.359+0600][23.432s][info][gc,phases   ] GC(7) Y: Pause Relocate Start 0.028ms
[2026-04-03T06:43:49.360+0600][23.433s][info][gc,phases   ] GC(7) Y: Concurrent Relocate 0.755ms
[2026-04-03T06:43:49.360+0600][23.433s][info][gc,alloc    ] GC(7) Y:                         Mark Start        Mark End      Relocate Start    Relocate End   
[2026-04-03T06:43:49.360+0600][23.433s][info][gc,alloc    ] GC(7) Y: Allocation Stalls:          0                0                0                0         
[2026-04-03T06:43:49.360+0600][23.433s][info][gc,load     ] GC(7) Y: Load: 9.71 (81%) / 6.89 (57%) / 5.81 (48%)
[2026-04-03T06:43:49.360+0600][23.433s][info][gc,mmu      ] GC(7) Y: MMU: 2ms/97.2%, 5ms/98.8%, 10ms/99.0%, 20ms/99.5%, 50ms/99.7%, 100ms/99.8%
[2026-04-03T06:43:49.360+0600][23.433s][info][gc,marking  ] GC(7) Y: Mark: 2 stripe(s), 2 proactive flush(es), 1 terminate flush(es), 0 completion(s), 0 continuation(s) 
[2026-04-03T06:43:49.360+0600][23.433s][info][gc,marking  ] GC(7) Y: Mark Stack Usage: 32M
[2026-04-03T06:43:49.360+0600][23.433s][info][gc,nmethod  ] GC(7) Y: NMethods: 7068 registered, 1463 unregistered
[2026-04-03T06:43:49.360+0600][23.433s][info][gc,metaspace] GC(7) Y: Metaspace: 54M used, 54M committed, 1088M reserved
[2026-04-03T06:43:49.360+0600][23.433s][info][gc,reloc    ] GC(7) Y:                        Candidates     Selected     In-Place         Size        Empty    Relocated 
[2026-04-03T06:43:49.361+0600][23.434s][info][gc,reloc    ] GC(7) Y: Small Pages:                    9            8            0          18M           0M           0M 
[2026-04-03T06:43:49.361+0600][23.434s][info][gc,reloc    ] GC(7) Y: Medium Pages:                   0            0            0           0M           0M           0M 
[2026-04-03T06:43:49.361+0600][23.434s][info][gc,reloc    ] GC(7) Y: Large Pages:                    0            0            0           0M           0M           0M 
[2026-04-03T06:43:49.361+0600][23.434s][info][gc,reloc    ] GC(7) Y: Forwarding Usage: 0M
[2026-04-03T06:43:49.361+0600][23.434s][info][gc,reloc    ] GC(7) Y: Age Table:
[2026-04-03T06:43:49.361+0600][23.434s][info][gc,reloc    ] GC(7) Y:                    Live             Garbage             Small              Medium             Large        
[2026-04-03T06:43:49.361+0600][23.434s][info][gc,reloc    ] GC(7) Y: Eden               0M (0%)           17M (0%)           9 / 8              0 / 0              0 / 0        
[2026-04-03T06:43:49.361+0600][23.434s][info][gc,heap     ] GC(7) Y: Min Capacity: 8M(0%)
[2026-04-03T06:43:49.361+0600][23.434s][info][gc,heap     ] GC(7) Y: Max Capacity: 3922M(100%)
[2026-04-03T06:43:49.361+0600][23.434s][info][gc,heap     ] GC(7) Y: Soft Max Capacity: 3529M(90%)
[2026-04-03T06:43:49.361+0600][23.434s][info][gc,heap     ] GC(7) Y: Heap Statistics:
[2026-04-03T06:43:49.361+0600][23.434s][info][gc,heap     ] GC(7) Y:                Mark Start          Mark End        Relocate Start      Relocate End           High               Low         
[2026-04-03T06:43:49.361+0600][23.434s][info][gc,heap     ] GC(7) Y:  Capacity:     2596M (66%)        2596M (66%)        2596M (66%)        2596M (66%)        2596M (66%)        2596M (66%)    
[2026-04-03T06:43:49.361+0600][23.434s][info][gc,heap     ] GC(7) Y:      Free:     3842M (98%)        3826M (98%)        3826M (98%)        3838M (98%)        3842M (98%)        3820M (97%)    
[2026-04-03T06:43:49.361+0600][23.434s][info][gc,heap     ] GC(7) Y:      Used:       80M (2%)           96M (2%)           96M (2%)           84M (2%)          102M (3%)           80M (2%)     
[2026-04-03T06:43:49.361+0600][23.434s][info][gc,heap     ] GC(7) Y: Young Generation Statistics:
[2026-04-03T06:43:49.361+0600][23.434s][info][gc,heap     ] GC(7) Y:                Mark Start          Mark End        Relocate Start      Relocate End    
[2026-04-03T06:43:49.361+0600][23.434s][info][gc,heap     ] GC(7) Y:      Used:       18M (0%)           34M (1%)           34M (1%)           22M (1%)     
[2026-04-03T06:43:49.361+0600][23.434s][info][gc,heap     ] GC(7) Y:      Live:         -                 0M (0%)            0M (0%)            0M (0%)     
[2026-04-03T06:43:49.361+0600][23.434s][info][gc,heap     ] GC(7) Y:   Garbage:         -                17M (0%)           17M (0%)            0M (0%)     
[2026-04-03T06:43:49.361+0600][23.434s][info][gc,heap     ] GC(7) Y: Allocated:         -                16M (0%)           16M (0%)           21M (1%)     
[2026-04-03T06:43:49.361+0600][23.434s][info][gc,heap     ] GC(7) Y: Reclaimed:         -                  -                 0M (0%)           17M (0%)     
[2026-04-03T06:43:49.361+0600][23.434s][info][gc,heap     ] GC(7) Y:  Promoted:         -                  -                 0M (0%)            0M (0%)     
[2026-04-03T06:43:49.361+0600][23.434s][info][gc,heap     ] GC(7) Y: Compacted:         -                  -                  -                 0M (0%)     
[2026-04-03T06:43:49.361+0600][23.434s][info][gc,phases   ] GC(7) Y: Young Generation (Collect Roots) 80M(2%)->84M(2%) 0.022s
[2026-04-03T06:43:49.361+0600][23.434s][info][gc,phases   ] GC(7) O: Old Generation
[2026-04-03T06:43:49.394+0600][23.467s][info][gc,phases   ] GC(7) O: Concurrent Mark 33.346ms
[2026-04-03T06:43:49.394+0600][23.467s][info][gc,phases   ] GC(7) O: Pause Mark End 0.033ms
[2026-04-03T06:43:49.395+0600][23.468s][info][gc,phases   ] GC(7) O: Concurrent Mark Free 0.003ms
[2026-04-03T06:43:49.416+0600][23.489s][info][gc,phases   ] GC(7) O: Concurrent Process Non-Strong 21.608ms
[2026-04-03T06:43:49.416+0600][23.489s][info][gc,phases   ] GC(7) O: Concurrent Reset Relocation Set 0.003ms
[2026-04-03T06:43:49.419+0600][23.492s][info][gc,phases   ] GC(7) O: Concurrent Select Relocation Set 2.194ms
[2026-04-03T06:43:49.419+0600][23.492s][info][gc,task     ] GC(7) O: Using 3 Workers for Old Generation
[2026-04-03T06:43:49.440+0600][23.513s][info][gc,task     ] GC(7) O: Using 3 Workers for Old Generation
[2026-04-03T06:43:49.440+0600][23.513s][info][gc,phases   ] GC(7) O: Concurrent Remap Roots 21.494ms
[2026-04-03T06:43:49.440+0600][23.513s][info][gc,phases   ] GC(7) O: Pause Relocate Start 0.045ms
[2026-04-03T06:43:49.443+0600][23.516s][info][gc,phases   ] GC(7) O: Concurrent Relocate 2.835ms
[2026-04-03T06:43:49.443+0600][23.516s][info][gc,alloc    ] GC(7) O:                         Mark Start        Mark End      Relocate Start    Relocate End   
[2026-04-03T06:43:49.443+0600][23.516s][info][gc,alloc    ] GC(7) O: Allocation Stalls:          0                0                0                0         
[2026-04-03T06:43:49.443+0600][23.516s][info][gc,load     ] GC(7) O: Load: 9.71 (81%) / 6.89 (57%) / 5.81 (48%)
[2026-04-03T06:43:49.444+0600][23.517s][info][gc,mmu      ] GC(7) O: MMU: 2ms/97.2%, 5ms/98.8%, 10ms/99.0%, 20ms/99.5%, 50ms/99.7%, 100ms/99.8%
[2026-04-03T06:43:49.444+0600][23.517s][info][gc,marking  ] GC(7) O: Mark: 2 stripe(s), 2 proactive flush(es), 1 terminate flush(es), 0 completion(s), 0 continuation(s) 
[2026-04-03T06:43:49.444+0600][23.517s][info][gc,marking  ] GC(7) O: Mark Stack Usage: 32M
[2026-04-03T06:43:49.444+0600][23.517s][info][gc,nmethod  ] GC(7) O: NMethods: 6686 registered, 1873 unregistered
[2026-04-03T06:43:49.444+0600][23.517s][info][gc,metaspace] GC(7) O: Metaspace: 53M used, 54M committed, 1088M reserved
[2026-04-03T06:43:49.444+0600][23.517s][info][gc,ref      ] GC(7) O:                       Encountered   Discovered     Enqueued 
[2026-04-03T06:43:49.444+0600][23.517s][info][gc,ref      ] GC(7) O: Soft References:             3819            0            0 
[2026-04-03T06:43:49.444+0600][23.517s][info][gc,ref      ] GC(7) O: Weak References:             7867         5864         3027 
[2026-04-03T06:43:49.444+0600][23.517s][info][gc,ref      ] GC(7) O: Final References:              73            0            0 
[2026-04-03T06:43:49.444+0600][23.517s][info][gc,ref      ] GC(7) O: Phantom References:           348          258            0 
[2026-04-03T06:43:49.444+0600][23.517s][info][gc,reloc    ] GC(7) O:                        Candidates     Selected     In-Place         Size        Empty    Relocated 
[2026-04-03T06:43:49.444+0600][23.517s][info][gc,reloc    ] GC(7) O: Small Pages:                   31           17            0          62M           0M           2M 
[2026-04-03T06:43:49.444+0600][23.517s][info][gc,reloc    ] GC(7) O: Medium Pages:                   0            0            0           0M           0M           0M 
[2026-04-03T06:43:49.444+0600][23.517s][info][gc,reloc    ] GC(7) O: Large Pages:                    0            0            0           0M           0M           0M 
[2026-04-03T06:43:49.444+0600][23.517s][info][gc,reloc    ] GC(7) O: Forwarding Usage: 0M
[2026-04-03T06:43:49.444+0600][23.517s][info][gc,heap     ] GC(7) O: Min Capacity: 8M(0%)
[2026-04-03T06:43:49.444+0600][23.517s][info][gc,heap     ] GC(7) O: Max Capacity: 3922M(100%)
[2026-04-03T06:43:49.444+0600][23.517s][info][gc,heap     ] GC(7) O: Soft Max Capacity: 3529M(90%)
[2026-04-03T06:43:49.444+0600][23.517s][info][gc,heap     ] GC(7) O: Heap Statistics:
[2026-04-03T06:43:49.444+0600][23.517s][info][gc,heap     ] GC(7) O:                Mark Start          Mark End        Relocate Start      Relocate End           High               Low         
[2026-04-03T06:43:49.444+0600][23.517s][info][gc,heap     ] GC(7) O:  Capacity:     2596M (66%)        2596M (66%)        2596M (66%)        2596M (66%)        2596M (66%)        2596M (66%)    
[2026-04-03T06:43:49.444+0600][23.517s][info][gc,heap     ] GC(7) O:      Free:     3842M (98%)        3838M (98%)        3838M (98%)        3868M (99%)        3868M (99%)        3820M (97%)    
[2026-04-03T06:43:49.444+0600][23.517s][info][gc,heap     ] GC(7) O:      Used:       80M (2%)           84M (2%)           84M (2%)           54M (1%)          102M (3%)           54M (1%)     
[2026-04-03T06:43:49.444+0600][23.517s][info][gc,heap     ] GC(7) O: Old Generation Statistics:
[2026-04-03T06:43:49.444+0600][23.517s][info][gc,heap     ] GC(7) O:                Mark Start          Mark End        Relocate Start      Relocate End    
[2026-04-03T06:43:49.444+0600][23.517s][info][gc,heap     ] GC(7) O:      Used:       62M (2%)           62M (2%)           62M (2%)           32M (1%)     
[2026-04-03T06:43:49.444+0600][23.517s][info][gc,heap     ] GC(7) O:      Live:         -                24M (1%)           24M (1%)           24M (1%)     
[2026-04-03T06:43:49.444+0600][23.517s][info][gc,heap     ] GC(7) O:   Garbage:         -                37M (1%)           37M (1%)            2M (0%)     
[2026-04-03T06:43:49.444+0600][23.517s][info][gc,heap     ] GC(7) O: Allocated:         -                 0M (0%)            0M (0%)            5M (0%)     
[2026-04-03T06:43:49.444+0600][23.517s][info][gc,heap     ] GC(7) O: Reclaimed:         -                  -                 0M (0%)           35M (1%)     
[2026-04-03T06:43:49.444+0600][23.517s][info][gc,heap     ] GC(7) O: Compacted:         -                  -                  -                 2M (0%)     
[2026-04-03T06:43:49.444+0600][23.517s][info][gc,phases   ] GC(7) O: Old Generation 84M(2%)->54M(1%) 0.083s
[2026-04-03T06:43:49.444+0600][23.517s][info][gc          ] GC(7) Major Collection (System.gc()) 2572M(66%)->54M(1%) 0.144s
[2026-04-03T06:43:54.721+0600][28.794s][info][gc          ] GC(8) Minor Collection (Allocation Rate)
[2026-04-03T06:43:54.722+0600][28.795s][info][gc,task     ] GC(8) Using 1 Workers for Young Generation
[2026-04-03T06:43:54.722+0600][28.795s][info][gc,phases   ] GC(8) y: Young Generation
[2026-04-03T06:43:54.722+0600][28.795s][info][gc,phases   ] GC(8) y: Pause Mark Start 0.028ms
[2026-04-03T06:43:54.758+0600][28.831s][info][gc,phases   ] GC(8) y: Concurrent Mark 33.184ms
[2026-04-03T06:43:54.759+0600][28.832s][info][gc,phases   ] GC(8) y: Pause Mark End 0.029ms
[2026-04-03T06:43:54.760+0600][28.833s][info][gc,phases   ] GC(8) y: Concurrent Mark Free 0.003ms
[2026-04-03T06:43:54.760+0600][28.833s][info][gc,phases   ] GC(8) y: Concurrent Reset Relocation Set 0.004ms
[2026-04-03T06:43:54.770+0600][28.843s][info][gc,reloc    ] GC(8) y: Using tenuring threshold: 2 (Computed)
[2026-04-03T06:43:54.772+0600][28.845s][info][gc,phases   ] GC(8) y: Concurrent Select Relocation Set 11.954ms
[2026-04-03T06:43:54.772+0600][28.845s][info][gc,phases   ] GC(8) y: Pause Relocate Start 0.025ms
[2026-04-03T06:43:54.779+0600][28.852s][info][gc,phases   ] GC(8) y: Concurrent Relocate 6.352ms
[2026-04-03T06:43:54.779+0600][28.852s][info][gc,alloc    ] GC(8) y:                         Mark Start        Mark End      Relocate Start    Relocate End   
[2026-04-03T06:43:54.779+0600][28.852s][info][gc,alloc    ] GC(8) y: Allocation Stalls:          0                0                0                0         
[2026-04-03T06:43:54.779+0600][28.852s][info][gc,load     ] GC(8) y: Load: 10.77 (90%) / 7.16 (60%) / 5.91 (49%)
[2026-04-03T06:43:54.779+0600][28.852s][info][gc,mmu      ] GC(8) y: MMU: 2ms/97.2%, 5ms/98.8%, 10ms/99.0%, 20ms/99.5%, 50ms/99.7%, 100ms/99.8%
[2026-04-03T06:43:54.779+0600][28.852s][info][gc,marking  ] GC(8) y: Mark: 1 stripe(s), 2 proactive flush(es), 1 terminate flush(es), 0 completion(s), 0 continuation(s) 
[2026-04-03T06:43:54.779+0600][28.852s][info][gc,marking  ] GC(8) y: Mark Stack Usage: 32M
[2026-04-03T06:43:54.779+0600][28.852s][info][gc,nmethod  ] GC(8) y: NMethods: 7166 registered, 1873 unregistered
[2026-04-03T06:43:54.779+0600][28.852s][info][gc,metaspace] GC(8) y: Metaspace: 53M used, 54M committed, 1088M reserved
[2026-04-03T06:43:54.779+0600][28.852s][info][gc,reloc    ] GC(8) y:                        Candidates     Selected     In-Place         Size        Empty    Relocated 
[2026-04-03T06:43:54.779+0600][28.852s][info][gc,reloc    ] GC(8) y: Small Pages:                 1609          133            0        3218M        2950M           1M 
[2026-04-03T06:43:54.779+0600][28.852s][info][gc,reloc    ] GC(8) y: Medium Pages:                   0            0            0           0M           0M           0M 
[2026-04-03T06:43:54.779+0600][28.852s][info][gc,reloc    ] GC(8) y: Large Pages:                    0            0            0           0M           0M           0M 
[2026-04-03T06:43:54.779+0600][28.852s][info][gc,reloc    ] GC(8) y: Forwarding Usage: 0M
[2026-04-03T06:43:54.779+0600][28.852s][info][gc,reloc    ] GC(8) y: Age Table:
[2026-04-03T06:43:54.779+0600][28.852s][info][gc,reloc    ] GC(8) y:                    Live             Garbage             Small              Medium             Large        
[2026-04-03T06:43:54.779+0600][28.852s][info][gc,reloc    ] GC(8) y: Eden               1M (0%)         3210M (82%)       1606 / 130            0 / 0              0 / 0        
[2026-04-03T06:43:54.779+0600][28.852s][info][gc,reloc    ] GC(8) y: Survivor 1         0M (0%)            5M (0%)           3 / 3              0 / 0              0 / 0        
[2026-04-03T06:43:54.779+0600][28.852s][info][gc,heap     ] GC(8) y: Min Capacity: 8M(0%)
[2026-04-03T06:43:54.779+0600][28.852s][info][gc,heap     ] GC(8) y: Max Capacity: 3922M(100%)
[2026-04-03T06:43:54.779+0600][28.852s][info][gc,heap     ] GC(8) y: Soft Max Capacity: 3529M(90%)
[2026-04-03T06:43:54.779+0600][28.852s][info][gc,heap     ] GC(8) y: Heap Statistics:
[2026-04-03T06:43:54.779+0600][28.852s][info][gc,heap     ] GC(8) y:                Mark Start          Mark End        Relocate Start      Relocate End           High               Low         
[2026-04-03T06:43:54.779+0600][28.852s][info][gc,heap     ] GC(8) y:  Capacity:     3250M (83%)        3284M (84%)        3284M (84%)        3284M (84%)        3284M (84%)        3250M (83%)    
[2026-04-03T06:43:54.779+0600][28.852s][info][gc,heap     ] GC(8) y:      Free:      672M (17%)         640M (16%)        3578M (91%)        3794M (97%)        3794M (97%)         638M (16%)    
[2026-04-03T06:43:54.779+0600][28.852s][info][gc,heap     ] GC(8) y:      Used:     3250M (83%)        3282M (84%)         344M (9%)          128M (3%)         3284M (84%)         128M (3%)     
[2026-04-03T06:43:54.779+0600][28.852s][info][gc,heap     ] GC(8) y: Young Generation Statistics:
[2026-04-03T06:43:54.779+0600][28.852s][info][gc,heap     ] GC(8) y:                Mark Start          Mark End        Relocate Start      Relocate End    
[2026-04-03T06:43:54.779+0600][28.852s][info][gc,heap     ] GC(8) y:      Used:     3218M (82%)        3250M (83%)         312M (8%)           96M (2%)     
[2026-04-03T06:43:54.779+0600][28.852s][info][gc,heap     ] GC(8) y:      Live:         -                 1M (0%)            1M (0%)            1M (0%)     
[2026-04-03T06:43:54.779+0600][28.852s][info][gc,heap     ] GC(8) y:   Garbage:         -              3216M (82%)         266M (7%)            0M (0%)     
[2026-04-03T06:43:54.779+0600][28.852s][info][gc,heap     ] GC(8) y: Allocated:         -                32M (1%)           44M (1%)           94M (2%)     
[2026-04-03T06:43:54.779+0600][28.852s][info][gc,heap     ] GC(8) y: Reclaimed:         -                  -              2950M (75%)        3216M (82%)    
[2026-04-03T06:43:54.779+0600][28.852s][info][gc,heap     ] GC(8) y:  Promoted:         -                  -                 0M (0%)            0M (0%)     
[2026-04-03T06:43:54.779+0600][28.852s][info][gc,heap     ] GC(8) y: Compacted:         -                  -                  -                 1M (0%)     
[2026-04-03T06:43:54.779+0600][28.852s][info][gc,phases   ] GC(8) y: Young Generation 3250M(83%)->128M(3%) 0.057s
[2026-04-03T06:43:54.779+0600][28.852s][info][gc          ] GC(8) Minor Collection (Allocation Rate) 3250M(83%)->128M(3%) 0.058s
[2026-04-03T06:43:57.735+0600][31.808s][info][gc          ] GC(9) Minor Collection (Allocation Rate)
[2026-04-03T06:43:57.735+0600][31.808s][info][gc,task     ] GC(9) Using 1 Workers for Young Generation
[2026-04-03T06:43:57.735+0600][31.808s][info][gc,phases   ] GC(9) y: Young Generation
[2026-04-03T06:43:57.735+0600][31.808s][info][gc,phases   ] GC(9) y: Pause Mark Start 0.026ms
[2026-04-03T06:43:57.774+0600][31.847s][info][gc,phases   ] GC(9) y: Concurrent Mark 38.100ms
[2026-04-03T06:43:57.774+0600][31.847s][info][gc,phases   ] GC(9) y: Pause Mark End 0.026ms
[2026-04-03T06:43:57.775+0600][31.848s][info][gc,phases   ] GC(9) y: Concurrent Mark Free 0.002ms
[2026-04-03T06:43:57.775+0600][31.848s][info][gc,phases   ] GC(9) y: Concurrent Reset Relocation Set 0.018ms
[2026-04-03T06:43:57.780+0600][31.853s][info][gc,reloc    ] GC(9) y: Using tenuring threshold: 3 (Computed)
[2026-04-03T06:43:57.781+0600][31.854s][info][gc,phases   ] GC(9) y: Concurrent Select Relocation Set 6.133ms
[2026-04-03T06:43:57.781+0600][31.854s][info][gc,phases   ] GC(9) y: Pause Relocate Start 0.021ms
[2026-04-03T06:43:57.788+0600][31.861s][info][gc,phases   ] GC(9) y: Concurrent Relocate 6.656ms
[2026-04-03T06:43:57.788+0600][31.861s][info][gc,alloc    ] GC(9) y:                         Mark Start        Mark End      Relocate Start    Relocate End   
[2026-04-03T06:43:57.788+0600][31.861s][info][gc,alloc    ] GC(9) y: Allocation Stalls:          0                0                0                0         
[2026-04-03T06:43:57.788+0600][31.861s][info][gc,load     ] GC(9) y: Load: 11.27 (94%) / 7.32 (61%) / 5.97 (50%)
[2026-04-03T06:43:57.788+0600][31.861s][info][gc,mmu      ] GC(9) y: MMU: 2ms/97.2%, 5ms/98.8%, 10ms/99.0%, 20ms/99.5%, 50ms/99.7%, 100ms/99.8%
[2026-04-03T06:43:57.789+0600][31.862s][info][gc,marking  ] GC(9) y: Mark: 1 stripe(s), 2 proactive flush(es), 1 terminate flush(es), 0 completion(s), 0 continuation(s) 
[2026-04-03T06:43:57.789+0600][31.862s][info][gc,marking  ] GC(9) y: Mark Stack Usage: 32M
[2026-04-03T06:43:57.789+0600][31.862s][info][gc,nmethod  ] GC(9) y: NMethods: 7188 registered, 1873 unregistered
[2026-04-03T06:43:57.789+0600][31.862s][info][gc,metaspace] GC(9) y: Metaspace: 53M used, 54M committed, 1088M reserved
[2026-04-03T06:43:57.789+0600][31.862s][info][gc,reloc    ] GC(9) y:                        Candidates     Selected     In-Place         Size        Empty    Relocated 
[2026-04-03T06:43:57.789+0600][31.862s][info][gc,reloc    ] GC(9) y: Small Pages:                 1607          101            0        3214M        3010M           1M 
[2026-04-03T06:43:57.789+0600][31.862s][info][gc,reloc    ] GC(9) y: Medium Pages:                   0            0            0           0M           0M           0M 
[2026-04-03T06:43:57.789+0600][31.862s][info][gc,reloc    ] GC(9) y: Large Pages:                    0            0            0           0M           0M           0M 
[2026-04-03T06:43:57.789+0600][31.862s][info][gc,reloc    ] GC(9) y: Forwarding Usage: 0M
[2026-04-03T06:43:57.789+0600][31.862s][info][gc,reloc    ] GC(9) y: Age Table:
[2026-04-03T06:43:57.789+0600][31.862s][info][gc,reloc    ] GC(9) y:                    Live             Garbage             Small              Medium             Large        
[2026-04-03T06:43:57.789+0600][31.862s][info][gc,reloc    ] GC(9) y: Eden               0M (0%)         3165M (81%)       1583 / 77             0 / 0              0 / 0        
[2026-04-03T06:43:57.789+0600][31.862s][info][gc,reloc    ] GC(9) y: Survivor 1         0M (0%)           25M (1%)          13 / 13             0 / 0              0 / 0        
[2026-04-03T06:43:57.789+0600][31.862s][info][gc,reloc    ] GC(9) y: Survivor 2         0M (0%)           21M (1%)          11 / 11             0 / 0              0 / 0        
[2026-04-03T06:43:57.789+0600][31.862s][info][gc,heap     ] GC(9) y: Min Capacity: 8M(0%)
[2026-04-03T06:43:57.789+0600][31.862s][info][gc,heap     ] GC(9) y: Max Capacity: 3922M(100%)
[2026-04-03T06:43:57.789+0600][31.862s][info][gc,heap     ] GC(9) y: Soft Max Capacity: 3529M(90%)
[2026-04-03T06:43:57.789+0600][31.862s][info][gc,heap     ] GC(9) y: Heap Statistics:
[2026-04-03T06:43:57.789+0600][31.862s][info][gc,heap     ] GC(9) y:                Mark Start          Mark End        Relocate Start      Relocate End           High               Low         
[2026-04-03T06:43:57.789+0600][31.862s][info][gc,heap     ] GC(9) y:  Capacity:     3284M (84%)        3298M (84%)        3298M (84%)        3298M (84%)        3298M (84%)        3284M (84%)    
[2026-04-03T06:43:57.789+0600][31.862s][info][gc,heap     ] GC(9) y:      Free:      676M (17%)         624M (16%)        3634M (93%)        3782M (96%)        3784M (96%)         624M (16%)    
[2026-04-03T06:43:57.789+0600][31.862s][info][gc,heap     ] GC(9) y:      Used:     3246M (83%)        3298M (84%)         288M (7%)          140M (4%)         3298M (84%)         138M (4%)     
[2026-04-03T06:43:57.789+0600][31.862s][info][gc,heap     ] GC(9) y: Young Generation Statistics:
[2026-04-03T06:43:57.789+0600][31.862s][info][gc,heap     ] GC(9) y:                Mark Start          Mark End        Relocate Start      Relocate End    
[2026-04-03T06:43:57.789+0600][31.862s][info][gc,heap     ] GC(9) y:      Used:     3214M (82%)        3266M (83%)         256M (7%)          108M (3%)     
[2026-04-03T06:43:57.789+0600][31.862s][info][gc,heap     ] GC(9) y:      Live:         -                 1M (0%)            1M (0%)            1M (0%)     
[2026-04-03T06:43:57.789+0600][31.862s][info][gc,heap     ] GC(9) y:   Garbage:         -              3212M (82%)         202M (5%)            0M (0%)     
[2026-04-03T06:43:57.789+0600][31.862s][info][gc,heap     ] GC(9) y: Allocated:         -                52M (1%)           52M (1%)          106M (3%)     
[2026-04-03T06:43:57.789+0600][31.862s][info][gc,heap     ] GC(9) y: Reclaimed:         -                  -              3010M (77%)        3212M (82%)    
[2026-04-03T06:43:57.789+0600][31.862s][info][gc,heap     ] GC(9) y:  Promoted:         -                  -                 0M (0%)            0M (0%)     
[2026-04-03T06:43:57.789+0600][31.862s][info][gc,heap     ] GC(9) y: Compacted:         -                  -                  -                 1M (0%)     
[2026-04-03T06:43:57.789+0600][31.862s][info][gc,phases   ] GC(9) y: Young Generation 3246M(83%)->140M(4%) 0.053s
[2026-04-03T06:43:57.789+0600][31.862s][info][gc          ] GC(9) Minor Collection (Allocation Rate) 3246M(83%)->142M(4%) 0.054s
[2026-04-03T06:43:59.060+0600][33.133s][info][gc          ] GC(10) Major Collection (System.gc())
[2026-04-03T06:43:59.060+0600][33.133s][info][gc,task     ] GC(10) Using 3 Workers for Young Generation
[2026-04-03T06:43:59.060+0600][33.133s][info][gc,task     ] GC(10) Using 3 Workers for Old Generation
[2026-04-03T06:43:59.060+0600][33.133s][info][gc,phases   ] GC(10) Y: Young Generation (Promote All)
[2026-04-03T06:43:59.061+0600][33.134s][info][gc,phases   ] GC(10) Y: Pause Mark Start 0.018ms
[2026-04-03T06:43:59.080+0600][33.153s][info][gc,phases   ] GC(10) Y: Concurrent Mark 16.194ms
[2026-04-03T06:43:59.081+0600][33.154s][info][gc,phases   ] GC(10) Y: Pause Mark End 0.023ms
[2026-04-03T06:43:59.081+0600][33.154s][info][gc,phases   ] GC(10) Y: Concurrent Mark Free 0.001ms
[2026-04-03T06:43:59.081+0600][33.154s][info][gc,phases   ] GC(10) Y: Concurrent Reset Relocation Set 0.012ms
[2026-04-03T06:43:59.084+0600][33.157s][info][gc,reloc    ] GC(10) Y: Using tenuring threshold: 0 (Promote All)
[2026-04-03T06:43:59.087+0600][33.160s][info][gc,phases   ] GC(10) Y: Concurrent Select Relocation Set 6.062ms
[2026-04-03T06:43:59.087+0600][33.160s][info][gc,phases   ] GC(10) Y: Pause Relocate Start 0.026ms
[2026-04-03T06:43:59.092+0600][33.165s][info][gc,phases   ] GC(10) Y: Concurrent Relocate 4.644ms
[2026-04-03T06:43:59.092+0600][33.165s][info][gc,alloc    ] GC(10) Y:                         Mark Start        Mark End      Relocate Start    Relocate End   
[2026-04-03T06:43:59.092+0600][33.165s][info][gc,alloc    ] GC(10) Y: Allocation Stalls:          0                0                0                0         
[2026-04-03T06:43:59.092+0600][33.165s][info][gc,load     ] GC(10) Y: Load: 11.27 (94%) / 7.32 (61%) / 5.97 (50%)
[2026-04-03T06:43:59.092+0600][33.165s][info][gc,mmu      ] GC(10) Y: MMU: 2ms/97.2%, 5ms/98.8%, 10ms/99.0%, 20ms/99.5%, 50ms/99.7%, 100ms/99.8%
[2026-04-03T06:43:59.092+0600][33.165s][info][gc,marking  ] GC(10) Y: Mark: 2 stripe(s), 2 proactive flush(es), 1 terminate flush(es), 0 completion(s), 0 continuation(s) 
[2026-04-03T06:43:59.092+0600][33.165s][info][gc,marking  ] GC(10) Y: Mark Stack Usage: 32M
[2026-04-03T06:43:59.092+0600][33.165s][info][gc,nmethod  ] GC(10) Y: NMethods: 7341 registered, 1873 unregistered
[2026-04-03T06:43:59.092+0600][33.165s][info][gc,metaspace] GC(10) Y: Metaspace: 53M used, 54M committed, 1088M reserved
[2026-04-03T06:43:59.092+0600][33.165s][info][gc,reloc    ] GC(10) Y:                        Candidates     Selected     In-Place         Size        Empty    Relocated 
[2026-04-03T06:43:59.092+0600][33.165s][info][gc,reloc    ] GC(10) Y: Small Pages:                  724          100            0        1448M        1246M           1M 
[2026-04-03T06:43:59.092+0600][33.165s][info][gc,reloc    ] GC(10) Y: Medium Pages:                   0            0            0           0M           0M           0M 
[2026-04-03T06:43:59.092+0600][33.165s][info][gc,reloc    ] GC(10) Y: Large Pages:                    0            0            0           0M           0M           0M 
[2026-04-03T06:43:59.092+0600][33.165s][info][gc,reloc    ] GC(10) Y: Forwarding Usage: 0M
[2026-04-03T06:43:59.092+0600][33.165s][info][gc,reloc    ] GC(10) Y: Age Table:
[2026-04-03T06:43:59.092+0600][33.165s][info][gc,reloc    ] GC(10) Y:                    Live             Garbage             Small              Medium             Large        
[2026-04-03T06:43:59.092+0600][33.165s][info][gc,reloc    ] GC(10) Y: Eden               0M (0%)         1395M (36%)        698 / 74             0 / 0              0 / 0        
[2026-04-03T06:43:59.092+0600][33.165s][info][gc,reloc    ] GC(10) Y: Survivor 1         0M (0%)            9M (0%)           5 / 5              0 / 0              0 / 0        
[2026-04-03T06:43:59.092+0600][33.165s][info][gc,reloc    ] GC(10) Y: Survivor 2         0M (0%)           25M (1%)          13 / 13             0 / 0              0 / 0        
[2026-04-03T06:43:59.092+0600][33.165s][info][gc,reloc    ] GC(10) Y: Survivor 3         0M (0%)           15M (0%)           8 / 8              0 / 0              0 / 0        
[2026-04-03T06:43:59.092+0600][33.165s][info][gc,heap     ] GC(10) Y: Min Capacity: 8M(0%)
[2026-04-03T06:43:59.092+0600][33.165s][info][gc,heap     ] GC(10) Y: Max Capacity: 3922M(100%)
[2026-04-03T06:43:59.092+0600][33.165s][info][gc,heap     ] GC(10) Y: Soft Max Capacity: 3529M(90%)
[2026-04-03T06:43:59.092+0600][33.165s][info][gc,heap     ] GC(10) Y: Heap Statistics:
[2026-04-03T06:43:59.092+0600][33.165s][info][gc,heap     ] GC(10) Y:                Mark Start          Mark End        Relocate Start      Relocate End           High               Low         
[2026-04-03T06:43:59.092+0600][33.165s][info][gc,heap     ] GC(10) Y:  Capacity:     3298M (84%)        3298M (84%)        3298M (84%)        3298M (84%)        3298M (84%)        3298M (84%)    
[2026-04-03T06:43:59.092+0600][33.165s][info][gc,heap     ] GC(10) Y:      Free:     2442M (62%)        2418M (62%)        3664M (93%)        3860M (98%)        3860M (98%)        2418M (62%)    
[2026-04-03T06:43:59.093+0600][33.166s][info][gc,heap     ] GC(10) Y:      Used:     1480M (38%)        1504M (38%)         258M (7%)           62M (2%)         1504M (38%)          62M (2%)     
[2026-04-03T06:43:59.093+0600][33.166s][info][gc,heap     ] GC(10) Y: Young Generation Statistics:
[2026-04-03T06:43:59.093+0600][33.166s][info][gc,heap     ] GC(10) Y:                Mark Start          Mark End        Relocate Start      Relocate End    
[2026-04-03T06:43:59.093+0600][33.166s][info][gc,heap     ] GC(10) Y:      Used:     1448M (37%)        1472M (38%)         226M (6%)           24M (1%)     
[2026-04-03T06:43:59.093+0600][33.166s][info][gc,heap     ] GC(10) Y:      Live:         -                 1M (0%)            1M (0%)            0M (0%)     
[2026-04-03T06:43:59.093+0600][33.166s][info][gc,heap     ] GC(10) Y:   Garbage:         -              1446M (37%)         200M (5%)            0M (0%)     
[2026-04-03T06:43:59.093+0600][33.166s][info][gc,heap     ] GC(10) Y: Allocated:         -                24M (1%)           24M (1%)           24M (1%)     
[2026-04-03T06:43:59.093+0600][33.166s][info][gc,heap     ] GC(10) Y: Reclaimed:         -                  -              1246M (32%)        1446M (37%)    
[2026-04-03T06:43:59.093+0600][33.166s][info][gc,heap     ] GC(10) Y:  Promoted:         -                  -                 0M (0%)            1M (0%)     
[2026-04-03T06:43:59.093+0600][33.166s][info][gc,heap     ] GC(10) Y: Compacted:         -                  -                  -                 0M (0%)     
[2026-04-03T06:43:59.093+0600][33.166s][info][gc,phases   ] GC(10) Y: Young Generation (Promote All) 1480M(38%)->62M(2%) 0.032s
[2026-04-03T06:43:59.093+0600][33.166s][info][gc,phases   ] GC(10) Y: Young Generation (Collect Roots)
[2026-04-03T06:43:59.093+0600][33.166s][info][gc,phases   ] GC(10) Y: Pause Mark Start (Major) 0.029ms
[2026-04-03T06:43:59.104+0600][33.177s][info][gc,phases   ] GC(10) Y: Concurrent Mark 11.028ms
[2026-04-03T06:43:59.104+0600][33.177s][info][gc,phases   ] GC(10) Y: Pause Mark End 0.037ms
[2026-04-03T06:43:59.104+0600][33.177s][info][gc,phases   ] GC(10) Y: Concurrent Mark Free 0.002ms
[2026-04-03T06:43:59.104+0600][33.177s][info][gc,phases   ] GC(10) Y: Concurrent Reset Relocation Set 0.017ms
[2026-04-03T06:43:59.106+0600][33.179s][info][gc,reloc    ] GC(10) Y: Using tenuring threshold: 1 (Computed)
[2026-04-03T06:43:59.106+0600][33.179s][info][gc,phases   ] GC(10) Y: Concurrent Select Relocation Set 2.020ms
[2026-04-03T06:43:59.107+0600][33.180s][info][gc,phases   ] GC(10) Y: Pause Relocate Start 0.015ms
[2026-04-03T06:43:59.107+0600][33.180s][info][gc,phases   ] GC(10) Y: Concurrent Relocate 0.488ms
[2026-04-03T06:43:59.107+0600][33.180s][info][gc,alloc    ] GC(10) Y:                         Mark Start        Mark End      Relocate Start    Relocate End   
[2026-04-03T06:43:59.107+0600][33.180s][info][gc,alloc    ] GC(10) Y: Allocation Stalls:          0                0                0                0         
[2026-04-03T06:43:59.107+0600][33.180s][info][gc,load     ] GC(10) Y: Load: 11.27 (94%) / 7.32 (61%) / 5.97 (50%)
[2026-04-03T06:43:59.107+0600][33.180s][info][gc,mmu      ] GC(10) Y: MMU: 2ms/97.2%, 5ms/98.8%, 10ms/99.0%, 20ms/99.5%, 50ms/99.7%, 100ms/99.8%
[2026-04-03T06:43:59.107+0600][33.180s][info][gc,marking  ] GC(10) Y: Mark: 2 stripe(s), 4 proactive flush(es), 1 terminate flush(es), 0 completion(s), 0 continuation(s) 
[2026-04-03T06:43:59.107+0600][33.180s][info][gc,marking  ] GC(10) Y: Mark Stack Usage: 32M
[2026-04-03T06:43:59.107+0600][33.180s][info][gc,nmethod  ] GC(10) Y: NMethods: 7346 registered, 1873 unregistered
[2026-04-03T06:43:59.107+0600][33.180s][info][gc,metaspace] GC(10) Y: Metaspace: 53M used, 54M committed, 1088M reserved
[2026-04-03T06:43:59.107+0600][33.180s][info][gc,reloc    ] GC(10) Y:                        Candidates     Selected     In-Place         Size        Empty    Relocated 
[2026-04-03T06:43:59.107+0600][33.180s][info][gc,reloc    ] GC(10) Y: Small Pages:                   12           11            0          24M           0M           0M 
[2026-04-03T06:43:59.107+0600][33.180s][info][gc,reloc    ] GC(10) Y: Medium Pages:                   0            0            0           0M           0M           0M 
[2026-04-03T06:43:59.107+0600][33.180s][info][gc,reloc    ] GC(10) Y: Large Pages:                    0            0            0           0M           0M           0M 
[2026-04-03T06:43:59.107+0600][33.180s][info][gc,reloc    ] GC(10) Y: Forwarding Usage: 0M
[2026-04-03T06:43:59.107+0600][33.180s][info][gc,reloc    ] GC(10) Y: Age Table:
[2026-04-03T06:43:59.107+0600][33.180s][info][gc,reloc    ] GC(10) Y:                    Live             Garbage             Small              Medium             Large        
[2026-04-03T06:43:59.107+0600][33.180s][info][gc,reloc    ] GC(10) Y: Eden               0M (0%)           23M (1%)          12 / 11             0 / 0              0 / 0        
[2026-04-03T06:43:59.107+0600][33.180s][info][gc,heap     ] GC(10) Y: Min Capacity: 8M(0%)
[2026-04-03T06:43:59.107+0600][33.180s][info][gc,heap     ] GC(10) Y: Max Capacity: 3922M(100%)
[2026-04-03T06:43:59.107+0600][33.180s][info][gc,heap     ] GC(10) Y: Soft Max Capacity: 3529M(90%)
[2026-04-03T06:43:59.107+0600][33.180s][info][gc,heap     ] GC(10) Y: Heap Statistics:
[2026-04-03T06:43:59.107+0600][33.180s][info][gc,heap     ] GC(10) Y:                Mark Start          Mark End        Relocate Start      Relocate End           High               Low         
[2026-04-03T06:43:59.107+0600][33.180s][info][gc,heap     ] GC(10) Y:  Capacity:     3298M (84%)        3298M (84%)        3298M (84%)        3298M (84%)        3298M (84%)        3298M (84%)    
[2026-04-03T06:43:59.107+0600][33.180s][info][gc,heap     ] GC(10) Y:      Free:     3860M (98%)        3858M (98%)        3858M (98%)        3876M (99%)        3876M (99%)        3854M (98%)    
[2026-04-03T06:43:59.107+0600][33.180s][info][gc,heap     ] GC(10) Y:      Used:       62M (2%)           64M (2%)           64M (2%)           46M (1%)           68M (2%)           46M (1%)     
[2026-04-03T06:43:59.108+0600][33.181s][info][gc,heap     ] GC(10) Y: Young Generation Statistics:
[2026-04-03T06:43:59.108+0600][33.181s][info][gc,heap     ] GC(10) Y:                Mark Start          Mark End        Relocate Start      Relocate End    
[2026-04-03T06:43:59.108+0600][33.181s][info][gc,heap     ] GC(10) Y:      Used:       24M (1%)           26M (1%)           26M (1%)            8M (0%)     
[2026-04-03T06:43:59.108+0600][33.181s][info][gc,heap     ] GC(10) Y:      Live:         -                 0M (0%)            0M (0%)            0M (0%)     
[2026-04-03T06:43:59.108+0600][33.181s][info][gc,heap     ] GC(10) Y:   Garbage:         -                23M (1%)           23M (1%)            0M (0%)     
[2026-04-03T06:43:59.108+0600][33.181s][info][gc,heap     ] GC(10) Y: Allocated:         -                 2M (0%)            2M (0%)            7M (0%)     
[2026-04-03T06:43:59.108+0600][33.181s][info][gc,heap     ] GC(10) Y: Reclaimed:         -                  -                 0M (0%)           23M (1%)     
[2026-04-03T06:43:59.108+0600][33.181s][info][gc,heap     ] GC(10) Y:  Promoted:         -                  -                 0M (0%)            0M (0%)     
[2026-04-03T06:43:59.108+0600][33.181s][info][gc,heap     ] GC(10) Y: Compacted:         -                  -                  -                 0M (0%)     
[2026-04-03T06:43:59.108+0600][33.181s][info][gc,phases   ] GC(10) Y: Young Generation (Collect Roots) 62M(2%)->46M(1%) 0.014s
[2026-04-03T06:43:59.108+0600][33.181s][info][gc,phases   ] GC(10) O: Old Generation
[2026-04-03T06:43:59.137+0600][33.210s][info][gc,phases   ] GC(10) O: Concurrent Mark 29.379ms
[2026-04-03T06:43:59.137+0600][33.210s][info][gc,phases   ] GC(10) O: Pause Mark End 0.034ms
[2026-04-03T06:43:59.138+0600][33.211s][info][gc,phases   ] GC(10) O: Concurrent Mark Free 0.001ms
[2026-04-03T06:43:59.149+0600][33.222s][info][gc,phases   ] GC(10) O: Concurrent Process Non-Strong 11.270ms
[2026-04-03T06:43:59.149+0600][33.222s][info][gc,phases   ] GC(10) O: Concurrent Reset Relocation Set 0.007ms
[2026-04-03T06:43:59.151+0600][33.224s][info][gc,phases   ] GC(10) O: Concurrent Select Relocation Set 1.947ms
[2026-04-03T06:43:59.151+0600][33.224s][info][gc,task     ] GC(10) O: Using 3 Workers for Old Generation
[2026-04-03T06:43:59.170+0600][33.243s][info][gc,task     ] GC(10) O: Using 3 Workers for Old Generation
[2026-04-03T06:43:59.170+0600][33.243s][info][gc,phases   ] GC(10) O: Concurrent Remap Roots 19.014ms
[2026-04-03T06:43:59.170+0600][33.243s][info][gc,phases   ] GC(10) O: Pause Relocate Start 0.027ms
[2026-04-03T06:43:59.172+0600][33.245s][info][gc,phases   ] GC(10) O: Concurrent Relocate 1.950ms
[2026-04-03T06:43:59.172+0600][33.245s][info][gc,alloc    ] GC(10) O:                         Mark Start        Mark End      Relocate Start    Relocate End   
[2026-04-03T06:43:59.172+0600][33.245s][info][gc,alloc    ] GC(10) O: Allocation Stalls:          0                0                0                0         
[2026-04-03T06:43:59.172+0600][33.245s][info][gc,load     ] GC(10) O: Load: 11.27 (94%) / 7.32 (61%) / 5.97 (50%)
[2026-04-03T06:43:59.173+0600][33.246s][info][gc,mmu      ] GC(10) O: MMU: 2ms/97.2%, 5ms/98.8%, 10ms/99.0%, 20ms/99.5%, 50ms/99.7%, 100ms/99.8%
[2026-04-03T06:43:59.173+0600][33.246s][info][gc,marking  ] GC(10) O: Mark: 2 stripe(s), 2 proactive flush(es), 1 terminate flush(es), 0 completion(s), 0 continuation(s) 
[2026-04-03T06:43:59.173+0600][33.246s][info][gc,marking  ] GC(10) O: Mark Stack Usage: 32M
[2026-04-03T06:43:59.173+0600][33.246s][info][gc,nmethod  ] GC(10) O: NMethods: 6849 registered, 2380 unregistered
[2026-04-03T06:43:59.173+0600][33.246s][info][gc,metaspace] GC(10) O: Metaspace: 53M used, 54M committed, 1088M reserved
[2026-04-03T06:43:59.173+0600][33.246s][info][gc,ref      ] GC(10) O:                       Encountered   Discovered     Enqueued 
[2026-04-03T06:43:59.173+0600][33.246s][info][gc,ref      ] GC(10) O: Soft References:             3824            0            0 
[2026-04-03T06:43:59.173+0600][33.246s][info][gc,ref      ] GC(10) O: Weak References:             5002         3730          104 
[2026-04-03T06:43:59.173+0600][33.246s][info][gc,ref      ] GC(10) O: Final References:              73            4            0 
[2026-04-03T06:43:59.173+0600][33.246s][info][gc,ref      ] GC(10) O: Phantom References:           348          227            0 
[2026-04-03T06:43:59.173+0600][33.246s][info][gc,reloc    ] GC(10) O:                        Candidates     Selected     In-Place         Size        Empty    Relocated 
[2026-04-03T06:43:59.173+0600][33.246s][info][gc,reloc    ] GC(10) O: Small Pages:                   19            5            0          38M           0M           2M 
[2026-04-03T06:43:59.173+0600][33.246s][info][gc,reloc    ] GC(10) O: Medium Pages:                   0            0            0           0M           0M           0M 
[2026-04-03T06:43:59.173+0600][33.246s][info][gc,reloc    ] GC(10) O: Large Pages:                    0            0            0           0M           0M           0M 
[2026-04-03T06:43:59.173+0600][33.246s][info][gc,reloc    ] GC(10) O: Forwarding Usage: 0M
[2026-04-03T06:43:59.173+0600][33.246s][info][gc,heap     ] GC(10) O: Min Capacity: 8M(0%)
[2026-04-03T06:43:59.173+0600][33.246s][info][gc,heap     ] GC(10) O: Max Capacity: 3922M(100%)
[2026-04-03T06:43:59.173+0600][33.246s][info][gc,heap     ] GC(10) O: Soft Max Capacity: 3529M(90%)
[2026-04-03T06:43:59.173+0600][33.246s][info][gc,heap     ] GC(10) O: Heap Statistics:
[2026-04-03T06:43:59.173+0600][33.246s][info][gc,heap     ] GC(10) O:                Mark Start          Mark End        Relocate Start      Relocate End           High               Low         
[2026-04-03T06:43:59.173+0600][33.246s][info][gc,heap     ] GC(10) O:  Capacity:     3298M (84%)        3298M (84%)        3298M (84%)        3298M (84%)        3298M (84%)        3298M (84%)    
[2026-04-03T06:43:59.173+0600][33.246s][info][gc,heap     ] GC(10) O:      Free:     3860M (98%)        3874M (99%)        3874M (99%)        3880M (99%)        3880M (99%)        3854M (98%)    
[2026-04-03T06:43:59.173+0600][33.246s][info][gc,heap     ] GC(10) O:      Used:       62M (2%)           48M (1%)           48M (1%)           42M (1%)           68M (2%)           42M (1%)     
[2026-04-03T06:43:59.173+0600][33.246s][info][gc,heap     ] GC(10) O: Old Generation Statistics:
[2026-04-03T06:43:59.173+0600][33.246s][info][gc,heap     ] GC(10) O:                Mark Start          Mark End        Relocate Start      Relocate End    
[2026-04-03T06:43:59.173+0600][33.246s][info][gc,heap     ] GC(10) O:      Used:       38M (1%)           38M (1%)           38M (1%)           32M (1%)     
[2026-04-03T06:43:59.173+0600][33.246s][info][gc,heap     ] GC(10) O:      Live:         -                23M (1%)           23M (1%)           23M (1%)     
[2026-04-03T06:43:59.173+0600][33.246s][info][gc,heap     ] GC(10) O:   Garbage:         -                14M (0%)           14M (0%)            3M (0%)     
[2026-04-03T06:43:59.173+0600][33.246s][info][gc,heap     ] GC(10) O: Allocated:         -                 0M (0%)            0M (0%)            4M (0%)     
[2026-04-03T06:43:59.173+0600][33.246s][info][gc,heap     ] GC(10) O: Reclaimed:         -                  -                 0M (0%)           10M (0%)     
[2026-04-03T06:43:59.173+0600][33.246s][info][gc,heap     ] GC(10) O: Compacted:         -                  -                  -                 3M (0%)     
[2026-04-03T06:43:59.173+0600][33.246s][info][gc,phases   ] GC(10) O: Old Generation 46M(1%)->42M(1%) 0.065s
[2026-04-03T06:43:59.173+0600][33.246s][info][gc          ] GC(10) Major Collection (System.gc()) 1480M(38%)->42M(1%) 0.113s
[2026-04-03T06:44:02.830+0600][36.903s][info][gc          ] GC(11) Minor Collection (High Usage)
[2026-04-03T06:44:02.831+0600][36.904s][info][gc,task     ] GC(11) Using 1 Workers for Young Generation
[2026-04-03T06:44:02.831+0600][36.904s][info][gc,phases   ] GC(11) y: Young Generation
[2026-04-03T06:44:02.833+0600][36.906s][info][gc,phases   ] GC(11) y: Pause Mark Start 0.025ms
[2026-04-03T06:44:02.871+0600][36.944s][info][gc,phases   ] GC(11) y: Concurrent Mark 34.715ms
[2026-04-03T06:44:02.871+0600][36.944s][info][gc,phases   ] GC(11) y: Pause Mark End 0.031ms
[2026-04-03T06:44:02.872+0600][36.944s][info][gc,phases   ] GC(11) y: Concurrent Mark Free 0.001ms
[2026-04-03T06:44:02.872+0600][36.945s][info][gc,phases   ] GC(11) y: Concurrent Reset Relocation Set 0.004ms
[2026-04-03T06:44:02.875+0600][36.948s][info][gc,reloc    ] GC(11) y: Using tenuring threshold: 2 (Computed)
[2026-04-03T06:44:02.877+0600][36.950s][info][gc,phases   ] GC(11) y: Concurrent Select Relocation Set 4.962ms
[2026-04-03T06:44:02.877+0600][36.950s][info][gc,phases   ] GC(11) y: Pause Relocate Start 0.020ms
[2026-04-03T06:44:02.884+0600][36.957s][info][gc,phases   ] GC(11) y: Concurrent Relocate 6.638ms
[2026-04-03T06:44:02.884+0600][36.957s][info][gc,alloc    ] GC(11) y:                         Mark Start        Mark End      Relocate Start    Relocate End   
[2026-04-03T06:44:02.884+0600][36.957s][info][gc,alloc    ] GC(11) y: Allocation Stalls:          0                0                0                0         
[2026-04-03T06:44:02.884+0600][36.957s][info][gc,load     ] GC(11) y: Load: 11.65 (97%) / 7.47 (62%) / 6.02 (50%)
[2026-04-03T06:44:02.884+0600][36.957s][info][gc,mmu      ] GC(11) y: MMU: 2ms/97.2%, 5ms/98.8%, 10ms/99.0%, 20ms/99.5%, 50ms/99.7%, 100ms/99.8%
[2026-04-03T06:44:02.884+0600][36.957s][info][gc,marking  ] GC(11) y: Mark: 1 stripe(s), 2 proactive flush(es), 1 terminate flush(es), 0 completion(s), 0 continuation(s) 
[2026-04-03T06:44:02.884+0600][36.957s][info][gc,marking  ] GC(11) y: Mark Stack Usage: 32M
[2026-04-03T06:44:02.884+0600][36.957s][info][gc,nmethod  ] GC(11) y: NMethods: 7019 registered, 2380 unregistered
[2026-04-03T06:44:02.884+0600][36.957s][info][gc,metaspace] GC(11) y: Metaspace: 54M used, 54M committed, 1088M reserved
[2026-04-03T06:44:02.884+0600][36.957s][info][gc,reloc    ] GC(11) y:                        Candidates     Selected     In-Place         Size        Empty    Relocated 
[2026-04-03T06:44:02.884+0600][36.957s][info][gc,reloc    ] GC(11) y: Small Pages:                 1646           99            0        3292M        3092M           1M 
[2026-04-03T06:44:02.884+0600][36.957s][info][gc,reloc    ] GC(11) y: Medium Pages:                   0            0            0           0M           0M           0M 
[2026-04-03T06:44:02.884+0600][36.957s][info][gc,reloc    ] GC(11) y: Large Pages:                    0            0            0           0M           0M           0M 
[2026-04-03T06:44:02.884+0600][36.957s][info][gc,reloc    ] GC(11) y: Forwarding Usage: 0M
[2026-04-03T06:44:02.884+0600][36.957s][info][gc,reloc    ] GC(11) y: Age Table:
[2026-04-03T06:44:02.884+0600][36.957s][info][gc,reloc    ] GC(11) y:                    Live             Garbage             Small              Medium             Large        
[2026-04-03T06:44:02.884+0600][36.957s][info][gc,reloc    ] GC(11) y: Eden               1M (0%)         3284M (84%)       1643 / 96             0 / 0              0 / 0        
[2026-04-03T06:44:02.885+0600][36.958s][info][gc,reloc    ] GC(11) y: Survivor 1         0M (0%)            5M (0%)           3 / 3              0 / 0              0 / 0        
[2026-04-03T06:44:02.885+0600][36.958s][info][gc,heap     ] GC(11) y: Min Capacity: 8M(0%)
[2026-04-03T06:44:02.885+0600][36.958s][info][gc,heap     ] GC(11) y: Max Capacity: 3922M(100%)
[2026-04-03T06:44:02.885+0600][36.958s][info][gc,heap     ] GC(11) y: Soft Max Capacity: 3529M(90%)
[2026-04-03T06:44:02.885+0600][36.958s][info][gc,heap     ] GC(11) y: Heap Statistics:
[2026-04-03T06:44:02.885+0600][36.958s][info][gc,heap     ] GC(11) y:                Mark Start          Mark End        Relocate Start      Relocate End           High               Low         
[2026-04-03T06:44:02.885+0600][36.958s][info][gc,heap     ] GC(11) y:  Capacity:     3324M (85%)        3360M (86%)        3360M (86%)        3360M (86%)        3360M (86%)        3324M (85%)    
[2026-04-03T06:44:02.885+0600][36.958s][info][gc,heap     ] GC(11) y:      Free:      598M (15%)         564M (14%)        3654M (93%)        3798M (97%)        3798M (97%)         562M (14%)    
[2026-04-03T06:44:02.885+0600][36.958s][info][gc,heap     ] GC(11) y:      Used:     3324M (85%)        3358M (86%)         268M (7%)          124M (3%)         3360M (86%)         124M (3%)     
[2026-04-03T06:44:02.885+0600][36.958s][info][gc,heap     ] GC(11) y: Young Generation Statistics:
[2026-04-03T06:44:02.885+0600][36.958s][info][gc,heap     ] GC(11) y:                Mark Start          Mark End        Relocate Start      Relocate End    
[2026-04-03T06:44:02.885+0600][36.958s][info][gc,heap     ] GC(11) y:      Used:     3292M (84%)        3326M (85%)         236M (6%)           92M (2%)     
[2026-04-03T06:44:02.885+0600][36.958s][info][gc,heap     ] GC(11) y:      Live:         -                 1M (0%)            1M (0%)            1M (0%)     
[2026-04-03T06:44:02.885+0600][36.958s][info][gc,heap     ] GC(11) y:   Garbage:         -              3290M (84%)         198M (5%)            0M (0%)     
[2026-04-03T06:44:02.885+0600][36.958s][info][gc,heap     ] GC(11) y: Allocated:         -                34M (1%)           36M (1%)           90M (2%)     
[2026-04-03T06:44:02.885+0600][36.958s][info][gc,heap     ] GC(11) y: Reclaimed:         -                  -              3092M (79%)        3290M (84%)    
[2026-04-03T06:44:02.885+0600][36.958s][info][gc,heap     ] GC(11) y:  Promoted:         -                  -                 0M (0%)            0M (0%)     
[2026-04-03T06:44:02.885+0600][36.958s][info][gc,heap     ] GC(11) y: Compacted:         -                  -                  -                 1M (0%)     
[2026-04-03T06:44:02.885+0600][36.958s][info][gc,phases   ] GC(11) y: Young Generation 3324M(85%)->124M(3%) 0.054s
[2026-04-03T06:44:02.886+0600][36.959s][info][gc          ] GC(11) Minor Collection (High Usage) 3324M(85%)->126M(3%) 0.055s
[2026-04-03T06:44:06.256+0600][40.329s][info][gc          ] GC(12) Minor Collection (High Usage)
[2026-04-03T06:44:06.256+0600][40.329s][info][gc,task     ] GC(12) Using 1 Workers for Young Generation
[2026-04-03T06:44:06.256+0600][40.329s][info][gc,phases   ] GC(12) y: Young Generation
[2026-04-03T06:44:06.256+0600][40.329s][info][gc,phases   ] GC(12) y: Pause Mark Start 0.033ms
[2026-04-03T06:44:06.300+0600][40.373s][info][gc,phases   ] GC(12) y: Concurrent Mark 42.646ms
[2026-04-03T06:44:06.301+0600][40.374s][info][gc,phases   ] GC(12) y: Pause Mark End 0.034ms
[2026-04-03T06:44:06.302+0600][40.375s][info][gc,phases   ] GC(12) y: Concurrent Mark Free 0.003ms
[2026-04-03T06:44:06.302+0600][40.375s][info][gc,phases   ] GC(12) y: Concurrent Reset Relocation Set 0.013ms
[2026-04-03T06:44:06.311+0600][40.384s][info][gc,reloc    ] GC(12) y: Using tenuring threshold: 3 (Computed)
[2026-04-03T06:44:06.312+0600][40.385s][info][gc,phases   ] GC(12) y: Concurrent Select Relocation Set 10.184ms
[2026-04-03T06:44:06.313+0600][40.386s][info][gc,phases   ] GC(12) y: Pause Relocate Start 0.031ms
[2026-04-03T06:44:06.320+0600][40.393s][info][gc,phases   ] GC(12) y: Concurrent Relocate 6.452ms
[2026-04-03T06:44:06.320+0600][40.393s][info][gc,alloc    ] GC(12) y:                         Mark Start        Mark End      Relocate Start    Relocate End   
[2026-04-03T06:44:06.320+0600][40.393s][info][gc,alloc    ] GC(12) y: Allocation Stalls:          0                0                0                0         
[2026-04-03T06:44:06.320+0600][40.393s][info][gc,load     ] GC(12) y: Load: 11.65 (97%) / 7.47 (62%) / 6.02 (50%)
[2026-04-03T06:44:06.320+0600][40.393s][info][gc,mmu      ] GC(12) y: MMU: 2ms/97.2%, 5ms/98.8%, 10ms/99.0%, 20ms/99.5%, 50ms/99.7%, 100ms/99.8%
[2026-04-03T06:44:06.320+0600][40.393s][info][gc,marking  ] GC(12) y: Mark: 1 stripe(s), 2 proactive flush(es), 1 terminate flush(es), 0 completion(s), 0 continuation(s) 
[2026-04-03T06:44:06.320+0600][40.393s][info][gc,marking  ] GC(12) y: Mark Stack Usage: 32M
[2026-04-03T06:44:06.321+0600][40.394s][info][gc,nmethod  ] GC(12) y: NMethods: 7046 registered, 2380 unregistered
[2026-04-03T06:44:06.321+0600][40.394s][info][gc,metaspace] GC(12) y: Metaspace: 54M used, 54M committed, 1088M reserved
[2026-04-03T06:44:06.321+0600][40.394s][info][gc,reloc    ] GC(12) y:                        Candidates     Selected     In-Place         Size        Empty    Relocated 
[2026-04-03T06:44:06.321+0600][40.394s][info][gc,reloc    ] GC(12) y: Small Pages:                 1642          125            0        3284M        3032M           1M 
[2026-04-03T06:44:06.321+0600][40.394s][info][gc,reloc    ] GC(12) y: Medium Pages:                   0            0            0           0M           0M           0M 
[2026-04-03T06:44:06.321+0600][40.394s][info][gc,reloc    ] GC(12) y: Large Pages:                    0            0            0           0M           0M           0M 
[2026-04-03T06:44:06.321+0600][40.394s][info][gc,reloc    ] GC(12) y: Forwarding Usage: 0M
[2026-04-03T06:44:06.321+0600][40.394s][info][gc,reloc    ] GC(12) y: Age Table:
[2026-04-03T06:44:06.321+0600][40.394s][info][gc,reloc    ] GC(12) y:                    Live             Garbage             Small              Medium             Large        
[2026-04-03T06:44:06.321+0600][40.394s][info][gc,reloc    ] GC(12) y: Eden               0M (0%)         3231M (82%)       1616 / 99             0 / 0              0 / 0        
[2026-04-03T06:44:06.321+0600][40.394s][info][gc,reloc    ] GC(12) y: Survivor 1         0M (0%)           25M (1%)          13 / 13             0 / 0              0 / 0        
[2026-04-03T06:44:06.321+0600][40.394s][info][gc,reloc    ] GC(12) y: Survivor 2         0M (0%)           25M (1%)          13 / 13             0 / 0              0 / 0        
[2026-04-03T06:44:06.321+0600][40.394s][info][gc,heap     ] GC(12) y: Min Capacity: 8M(0%)
[2026-04-03T06:44:06.321+0600][40.394s][info][gc,heap     ] GC(12) y: Max Capacity: 3922M(100%)
[2026-04-03T06:44:06.321+0600][40.394s][info][gc,heap     ] GC(12) y: Soft Max Capacity: 3529M(90%)
[2026-04-03T06:44:06.321+0600][40.394s][info][gc,heap     ] GC(12) y: Heap Statistics:
[2026-04-03T06:44:06.321+0600][40.394s][info][gc,heap     ] GC(12) y:                Mark Start          Mark End        Relocate Start      Relocate End           High               Low         
[2026-04-03T06:44:06.321+0600][40.394s][info][gc,heap     ] GC(12) y:  Capacity:     3360M (86%)        3360M (86%)        3362M (86%)        3362M (86%)        3362M (86%)        3360M (86%)    
[2026-04-03T06:44:06.321+0600][40.394s][info][gc,heap     ] GC(12) y:      Free:      606M (15%)         562M (14%)        3588M (91%)        3784M (96%)        3784M (96%)         560M (14%)    
[2026-04-03T06:44:06.321+0600][40.394s][info][gc,heap     ] GC(12) y:      Used:     3316M (85%)        3360M (86%)         334M (9%)          138M (4%)         3362M (86%)         138M (4%)     
[2026-04-03T06:44:06.321+0600][40.394s][info][gc,heap     ] GC(12) y: Young Generation Statistics:
[2026-04-03T06:44:06.321+0600][40.394s][info][gc,heap     ] GC(12) y:                Mark Start          Mark End        Relocate Start      Relocate End    
[2026-04-03T06:44:06.321+0600][40.394s][info][gc,heap     ] GC(12) y:      Used:     3284M (84%)        3328M (85%)         302M (8%)          106M (3%)     
[2026-04-03T06:44:06.321+0600][40.394s][info][gc,heap     ] GC(12) y:      Live:         -                 1M (0%)            1M (0%)            1M (0%)     
[2026-04-03T06:44:06.321+0600][40.394s][info][gc,heap     ] GC(12) y:   Garbage:         -              3282M (84%)         250M (6%)            0M (0%)     
[2026-04-03T06:44:06.321+0600][40.394s][info][gc,heap     ] GC(12) y: Allocated:         -                44M (1%)           50M (1%)          104M (3%)     
[2026-04-03T06:44:06.321+0600][40.394s][info][gc,heap     ] GC(12) y: Reclaimed:         -                  -              3032M (77%)        3282M (84%)    
[2026-04-03T06:44:06.321+0600][40.394s][info][gc,heap     ] GC(12) y:  Promoted:         -                  -                 0M (0%)            0M (0%)     
[2026-04-03T06:44:06.321+0600][40.394s][info][gc,heap     ] GC(12) y: Compacted:         -                  -                  -                 1M (0%)     
[2026-04-03T06:44:06.321+0600][40.394s][info][gc,phases   ] GC(12) y: Young Generation 3316M(85%)->138M(4%) 0.065s
[2026-04-03T06:44:06.321+0600][40.394s][info][gc          ] GC(12) Minor Collection (High Usage) 3316M(85%)->138M(4%) 0.066s
[2026-04-03T06:44:08.270+0600][42.343s][info][gc,exit     ] Stopping ZGC
[2026-04-03T06:44:08.271+0600][42.344s][info][gc,stats    ] === Garbage Collection Statistics =======================================================================================================================
[2026-04-03T06:44:08.271+0600][42.344s][info][gc,stats    ]                                                              Last 10s              Last 10m              Last 10h                Total
[2026-04-03T06:44:08.271+0600][42.344s][info][gc,stats    ]                                                              Avg / Max             Avg / Max             Avg / Max             Avg / Max
[2026-04-03T06:44:08.271+0600][42.344s][info][gc,stats    ]        Contention: Mark Segment Reset Contention                     0 / 1                 5 / 188               5 / 188               5 / 188         ops/s
[2026-04-03T06:44:08.271+0600][42.344s][info][gc,stats    ]        Contention: Mark SeqNum Reset Contention                      0 / 0                 0 / 8                 0 / 8                 0 / 8           ops/s
[2026-04-03T06:44:08.271+0600][42.344s][info][gc,stats    ]          Critical: Allocation Stall                                  0 / 0                 0 / 0                 0 / 0                 0 / 0           ops/s
[2026-04-03T06:44:08.271+0600][42.344s][info][gc,stats    ]          Critical: Allocation Stall                              0.000 / 0.000         0.000 / 0.000         0.000 / 0.000         0.000 / 0.000       ms
[2026-04-03T06:44:08.271+0600][42.344s][info][gc,stats    ]          Critical: JNI Critical Stall                                0 / 0                 0 / 1                 0 / 1                 0 / 1           ops/s
[2026-04-03T06:44:08.271+0600][42.344s][info][gc,stats    ]          Critical: JNI Critical Stall                            0.000 / 0.000         0.460 / 0.680         0.460 / 0.680         0.460 / 0.680       ms
[2026-04-03T06:44:08.271+0600][42.344s][info][gc,stats    ]          Critical: Relocation Stall                                  0 / 0                 0 / 0                 0 / 0                 0 / 0           ops/s
[2026-04-03T06:44:08.271+0600][42.344s][info][gc,stats    ]          Critical: Relocation Stall                              0.000 / 0.000         0.000 / 0.000         0.000 / 0.000         0.000 / 0.000       ms
[2026-04-03T06:44:08.271+0600][42.344s][info][gc,stats    ]  Major Collection: Major Collection                            112.688 / 112.688     166.802 / 374.363     166.802 / 374.363     166.802 / 374.363     ms
[2026-04-03T06:44:08.271+0600][42.344s][info][gc,stats    ]            Memory: Allocation Rate                                 891 / 1036            593 / 1184            593 / 1184            593 / 1184        MB/s
[2026-04-03T06:44:08.271+0600][42.344s][info][gc,stats    ]            Memory: Defragment                                        0 / 0                 0 / 0                 0 / 0                 0 / 0           ops/s
[2026-04-03T06:44:08.271+0600][42.344s][info][gc,stats    ]            Memory: Out Of Memory                                     0 / 0                 0 / 0                 0 / 0                 0 / 0           ops/s
[2026-04-03T06:44:08.271+0600][42.344s][info][gc,stats    ]            Memory: Page Cache Flush                                  0 / 0                 0 / 0                 0 / 0                 0 / 0           MB/s
[2026-04-03T06:44:08.271+0600][42.344s][info][gc,stats    ]            Memory: Page Cache Hit L1                               443 / 518             258 / 592             258 / 592             258 / 592         ops/s
[2026-04-03T06:44:08.271+0600][42.344s][info][gc,stats    ]            Memory: Page Cache Hit L2                                 0 / 0                 0 / 0                 0 / 0                 0 / 0           ops/s
[2026-04-03T06:44:08.271+0600][42.344s][info][gc,stats    ]            Memory: Page Cache Hit L3                                 0 / 0                 2 / 112               2 / 112               2 / 112         ops/s
[2026-04-03T06:44:08.271+0600][42.344s][info][gc,stats    ]            Memory: Page Cache Miss                                   3 / 31               37 / 396              37 / 396              37 / 396         ops/s
[2026-04-03T06:44:08.271+0600][42.344s][info][gc,stats    ]            Memory: Uncommit                                          0 / 0                 0 / 0                 0 / 0                 0 / 0           MB/s
[2026-04-03T06:44:08.271+0600][42.344s][info][gc,stats    ]            Memory: Undo Object Allocation Failed                     0 / 0                 0 / 0                 0 / 0                 0 / 0           ops/s
[2026-04-03T06:44:08.271+0600][42.344s][info][gc,stats    ]            Memory: Undo Object Allocation Succeeded                  0 / 2                 0 / 7                 0 / 7                 0 / 7           ops/s
[2026-04-03T06:44:08.271+0600][42.344s][info][gc,stats    ]            Memory: Undo Page Allocation                              1 / 15                4 / 51                4 / 51                4 / 51          ops/s
[2026-04-03T06:44:08.271+0600][42.344s][info][gc,stats    ]  Minor Collection: Minor Collection                             60.347 / 65.568       51.788 / 65.568       51.788 / 65.568       51.788 / 65.568      ms
[2026-04-03T06:44:08.271+0600][42.344s][info][gc,stats    ]    Old Generation: Old Generation                               64.821 / 64.821       98.940 / 265.195      98.940 / 265.195      98.940 / 265.195     ms
[2026-04-03T06:44:08.271+0600][42.344s][info][gc,stats    ]         Old Pause: Pause Mark End                                0.034 / 0.034         0.035 / 0.057         0.035 / 0.057         0.035 / 0.057       ms
[2026-04-03T06:44:08.271+0600][42.344s][info][gc,stats    ]         Old Pause: Pause Relocate Start                          0.027 / 0.027         0.026 / 0.045         0.026 / 0.045         0.026 / 0.045       ms
[2026-04-03T06:44:08.271+0600][42.344s][info][gc,stats    ]         Old Phase: Concurrent Mark                              29.379 / 29.379       36.367 / 86.634       36.367 / 86.634       36.367 / 86.634      ms
[2026-04-03T06:44:08.271+0600][42.344s][info][gc,stats    ]         Old Phase: Concurrent Mark Continue                      0.000 / 0.000         0.000 / 0.000         0.000 / 0.000         0.000 / 0.000       ms
[2026-04-03T06:44:08.272+0600][42.345s][info][gc,stats    ]         Old Phase: Concurrent Mark Free                          0.001 / 0.001         0.006 / 0.023         0.006 / 0.023         0.006 / 0.023       ms
[2026-04-03T06:44:08.272+0600][42.345s][info][gc,stats    ]         Old Phase: Concurrent Process Non-Strong                11.270 / 11.270       28.886 / 111.233      28.886 / 111.233      28.886 / 111.233     ms
[2026-04-03T06:44:08.272+0600][42.345s][info][gc,stats    ]         Old Phase: Concurrent Relocate                           1.950 / 1.950         1.166 / 2.835         1.166 / 2.835         1.166 / 2.835       ms
[2026-04-03T06:44:08.272+0600][42.345s][info][gc,stats    ]         Old Phase: Concurrent Remap Roots                       19.014 / 19.014       27.398 / 53.893       27.398 / 53.893       27.398 / 53.893      ms
[2026-04-03T06:44:08.272+0600][42.345s][info][gc,stats    ]         Old Phase: Concurrent Reset Relocation Set               0.007 / 0.007         0.003 / 0.007         0.003 / 0.007         0.003 / 0.007       ms
[2026-04-03T06:44:08.272+0600][42.345s][info][gc,stats    ]         Old Phase: Concurrent Select Relocation Set              1.947 / 1.947         2.567 / 4.424         2.567 / 4.424         2.567 / 4.424       ms
[2026-04-03T06:44:08.272+0600][42.345s][info][gc,stats    ]      Old Subphase: Concurrent Classes Purge                      0.909 / 0.909         0.963 / 2.373         0.963 / 2.373         0.963 / 2.373       ms
[2026-04-03T06:44:08.272+0600][42.345s][info][gc,stats    ]      Old Subphase: Concurrent Classes Unlink                     8.567 / 8.567        24.527 / 97.288       24.527 / 97.288       24.527 / 97.288      ms
[2026-04-03T06:44:08.272+0600][42.345s][info][gc,stats    ]      Old Subphase: Concurrent Mark Follow                       28.900 / 28.900       35.619 / 85.370       35.619 / 85.370       35.619 / 85.370      ms
[2026-04-03T06:44:08.272+0600][42.345s][info][gc,stats    ]      Old Subphase: Concurrent Mark Root Colored                  0.068 / 0.093         0.103 / 0.262         0.103 / 0.262         0.103 / 0.262       ms
[2026-04-03T06:44:08.272+0600][42.345s][info][gc,stats    ]      Old Subphase: Concurrent Mark Root Uncolored                0.297 / 0.314         0.279 / 0.624         0.279 / 0.624         0.279 / 0.624       ms
[2026-04-03T06:44:08.272+0600][42.345s][info][gc,stats    ]      Old Subphase: Concurrent Mark Roots                         0.474 / 0.474         0.742 / 1.887         0.742 / 1.887         0.742 / 1.887       ms
[2026-04-03T06:44:08.272+0600][42.345s][info][gc,stats    ]      Old Subphase: Concurrent References Enqueue                 0.005 / 0.005         0.006 / 0.015         0.006 / 0.015         0.006 / 0.015       ms
[2026-04-03T06:44:08.272+0600][42.345s][info][gc,stats    ]      Old Subphase: Concurrent References Process                 0.560 / 0.560         0.710 / 1.589         0.710 / 1.589         0.710 / 1.589       ms
[2026-04-03T06:44:08.272+0600][42.345s][info][gc,stats    ]      Old Subphase: Concurrent Remap Remembered                  13.390 / 13.396       21.114 / 38.612       21.114 / 38.612       21.114 / 38.612      ms
[2026-04-03T06:44:08.272+0600][42.345s][info][gc,stats    ]      Old Subphase: Concurrent Remap Roots Colored                2.635 / 2.987         1.929 / 4.263         1.929 / 4.263         1.929 / 4.263       ms
[2026-04-03T06:44:08.272+0600][42.345s][info][gc,stats    ]      Old Subphase: Concurrent Remap Roots Uncolored              2.685 / 2.877         3.395 / 14.599        3.395 / 14.599        3.395 / 14.599      ms
[2026-04-03T06:44:08.272+0600][42.345s][info][gc,stats    ]      Old Subphase: Concurrent Roots ClassLoaderDataGraph         1.258 / 2.845         1.133 / 3.600         1.133 / 3.600         1.133 / 3.600       ms
[2026-04-03T06:44:08.272+0600][42.345s][info][gc,stats    ]      Old Subphase: Concurrent Roots CodeCache                    2.669 / 2.856         3.380 / 14.564        3.380 / 14.564        3.380 / 14.564      ms
[2026-04-03T06:44:08.272+0600][42.345s][info][gc,stats    ]      Old Subphase: Concurrent Roots JavaThreads                  0.133 / 0.313         0.104 / 0.620         0.104 / 0.620         0.104 / 0.620       ms
[2026-04-03T06:44:08.272+0600][42.345s][info][gc,stats    ]      Old Subphase: Concurrent Roots OopStorageSet                0.014 / 0.039         0.027 / 0.133         0.027 / 0.133         0.027 / 0.133       ms
[2026-04-03T06:44:08.272+0600][42.345s][info][gc,stats    ]      Old Subphase: Concurrent Weak Roots OopStorageSet           0.377 / 0.636         0.689 / 8.967         0.689 / 8.967         0.689 / 8.967       ms
[2026-04-03T06:44:08.272+0600][42.345s][info][gc,stats    ]            System: Java Threads                                     62 / 64               47 / 64               47 / 64               47 / 64          threads
[2026-04-03T06:44:08.272+0600][42.345s][info][gc,stats    ]  Young Generation: Young Generation                              0.000 / 0.000        75.004 / 134.996      75.004 / 134.996      75.004 / 134.996     ms
[2026-04-03T06:44:08.272+0600][42.345s][info][gc,stats    ]  Young Generation: Young Generation                             59.108 / 64.650       50.575 / 64.650       50.575 / 64.650       50.575 / 64.650      ms
[2026-04-03T06:44:08.272+0600][42.345s][info][gc,stats    ]  Young Generation: Young Generation (Collect Roots)             14.387 / 14.387       16.843 / 21.894       16.843 / 21.894       16.843 / 21.894      ms
[2026-04-03T06:44:08.272+0600][42.345s][info][gc,stats    ]  Young Generation: Young Generation (Promote All)               31.605 / 31.605       37.023 / 42.362       37.023 / 42.362       37.023 / 42.362      ms
[2026-04-03T06:44:08.272+0600][42.345s][info][gc,stats    ]       Young Pause: Pause Mark End                                0.031 / 0.037         0.029 / 0.037         0.029 / 0.037         0.029 / 0.037       ms
[2026-04-03T06:44:08.272+0600][42.345s][info][gc,stats    ]       Young Pause: Pause Mark Start                              0.025 / 0.033         0.026 / 0.033         0.026 / 0.033         0.026 / 0.033       ms
[2026-04-03T06:44:08.272+0600][42.345s][info][gc,stats    ]       Young Pause: Pause Mark Start (Major)                      0.029 / 0.029         0.031 / 0.052         0.031 / 0.052         0.031 / 0.052       ms
[2026-04-03T06:44:08.272+0600][42.345s][info][gc,stats    ]       Young Pause: Pause Relocate Start                          0.023 / 0.031         0.022 / 0.031         0.022 / 0.031         0.022 / 0.031       ms
[2026-04-03T06:44:08.272+0600][42.345s][info][gc,stats    ]       Young Phase: Concurrent Mark                              26.146 / 42.646       27.023 / 63.555       27.023 / 63.555       27.023 / 63.555      ms
[2026-04-03T06:44:08.272+0600][42.345s][info][gc,stats    ]       Young Phase: Concurrent Mark Continue                      0.000 / 0.000         0.000 / 0.000         0.000 / 0.000         0.000 / 0.000       ms
[2026-04-03T06:44:08.272+0600][42.345s][info][gc,stats    ]       Young Phase: Concurrent Mark Free                          0.002 / 0.003         0.002 / 0.004         0.002 / 0.004         0.002 / 0.004       ms
[2026-04-03T06:44:08.272+0600][42.345s][info][gc,stats    ]       Young Phase: Concurrent Relocate                           4.555 / 6.638         8.437 / 42.870        8.437 / 42.870        8.437 / 42.870      ms
[2026-04-03T06:44:08.272+0600][42.345s][info][gc,stats    ]       Young Phase: Concurrent Reset Relocation Set               0.011 / 0.017         0.016 / 0.034         0.016 / 0.034         0.016 / 0.034       ms
[2026-04-03T06:44:08.272+0600][42.345s][info][gc,stats    ]       Young Phase: Concurrent Select Relocation Set              5.807 / 10.184        7.754 / 27.101        7.754 / 27.101        7.754 / 27.101      ms
[2026-04-03T06:44:08.272+0600][42.345s][info][gc,stats    ]    Young Subphase: Concurrent Mark Follow                       13.018 / 22.483       16.501 / 49.458       16.501 / 49.458       16.501 / 49.458      ms
[2026-04-03T06:44:08.272+0600][42.345s][info][gc,stats    ]    Young Subphase: Concurrent Mark Root Colored                  3.934 / 4.402         4.073 / 9.336         4.073 / 9.336         4.073 / 9.336       ms
[2026-04-03T06:44:08.272+0600][42.345s][info][gc,stats    ]    Young Subphase: Concurrent Mark Root Uncolored                6.811 / 16.937        4.684 / 16.937        4.684 / 16.937        4.684 / 16.937      ms
[2026-04-03T06:44:08.272+0600][42.345s][info][gc,stats    ]    Young Subphase: Concurrent Mark Roots                        13.119 / 20.150       10.514 / 20.150       10.514 / 20.150       10.514 / 20.150      ms
[2026-04-03T06:44:08.272+0600][42.345s][info][gc,stats    ]    Young Subphase: Concurrent Relocate Remset FP                 0.135 / 0.393         2.266 / 30.558        2.266 / 30.558        2.266 / 30.558      ms
[2026-04-03T06:44:08.272+0600][42.345s][info][gc,stats    ]    Young Subphase: Concurrent Roots ClassLoaderDataGraph         2.976 / 3.748         3.164 / 7.373         3.164 / 7.373         3.164 / 7.373       ms
[2026-04-03T06:44:08.272+0600][42.345s][info][gc,stats    ]    Young Subphase: Concurrent Roots CodeCache                    6.082 / 15.291        4.185 / 15.291        4.185 / 15.291        4.185 / 15.291      ms
[2026-04-03T06:44:08.272+0600][42.345s][info][gc,stats    ]    Young Subphase: Concurrent Roots JavaThreads                  0.376 / 1.639         0.265 / 1.639         0.265 / 1.639         0.265 / 1.639       ms
[2026-04-03T06:44:08.272+0600][42.345s][info][gc,stats    ]    Young Subphase: Concurrent Roots OopStorageSet                0.035 / 0.073         0.045 / 0.109         0.045 / 0.109         0.045 / 0.109       ms
[2026-04-03T06:44:08.272+0600][42.345s][info][gc,stats    ]    Young Subphase: Concurrent Weak Roots OopStorageSet           0.919 / 2.065         1.156 / 5.262         1.156 / 5.262         1.156 / 5.262       ms
[2026-04-03T06:44:08.272+0600][42.345s][info][gc,stats    ] =========================================================================================================================================================
[2026-04-03T06:44:08.272+0600][42.345s][info][gc,heap,exit] Heap
[2026-04-03T06:44:08.272+0600][42.345s][info][gc,heap,exit]  ZHeap           used 1354M, capacity 3362M, max capacity 3922M
[2026-04-03T06:44:08.273+0600][42.346s][info][gc,heap,exit]  Metaspace       used 55729K, committed 56320K, reserved 1114112K
[2026-04-03T06:44:08.273+0600][42.346s][info][gc,heap,exit]   class space    used 8693K, committed 9024K, reserved 1048576K
