[2026-04-03T06:32:15.307+0600][0.005s][info][gc,init] CardTable entry size: 512
[2026-04-03T06:32:15.308+0600][0.005s][info][gc     ] Using G1
[2026-04-03T06:32:15.310+0600][0.008s][info][gc,init] Version: 21.0.10+7-Ubuntu-124.04 (release)
[2026-04-03T06:32:15.310+0600][0.008s][info][gc,init] CPUs: 12 total, 12 available
[2026-04-03T06:32:15.310+0600][0.008s][info][gc,init] Memory: 15683M
[2026-04-03T06:32:15.310+0600][0.008s][info][gc,init] Large Page Support: Disabled
[2026-04-03T06:32:15.310+0600][0.008s][info][gc,init] NUMA Support: Disabled
[2026-04-03T06:32:15.310+0600][0.008s][info][gc,init] Compressed Oops: Enabled (Zero based)
[2026-04-03T06:32:15.310+0600][0.008s][info][gc,init] Heap Region Size: 2M
[2026-04-03T06:32:15.310+0600][0.008s][info][gc,init] Heap Min Capacity: 8M
[2026-04-03T06:32:15.310+0600][0.008s][info][gc,init] Heap Initial Capacity: 246M
[2026-04-03T06:32:15.310+0600][0.008s][info][gc,init] Heap Max Capacity: 3922M
[2026-04-03T06:32:15.310+0600][0.008s][info][gc,init] Pre-touch: Disabled
[2026-04-03T06:32:15.310+0600][0.008s][info][gc,init] Parallel Workers: 10
[2026-04-03T06:32:15.310+0600][0.008s][info][gc,init] Concurrent Workers: 3
[2026-04-03T06:32:15.310+0600][0.008s][info][gc,init] Concurrent Refinement Workers: 10
[2026-04-03T06:32:15.310+0600][0.008s][info][gc,init] Periodic GC: Disabled
[2026-04-03T06:32:15.326+0600][0.023s][info][gc,metaspace] CDS archive(s) mapped at: [0x000079381f000000-0x000079381fc9c000-0x000079381fc9c000), size 13221888, SharedBaseAddress: 0x000079381f000000, ArchiveRelocationMode: 1.
[2026-04-03T06:32:15.326+0600][0.023s][info][gc,metaspace] Compressed class space mapped at: 0x0000793820000000-0x0000793860000000, reserved size: 1073741824
[2026-04-03T06:32:15.326+0600][0.023s][info][gc,metaspace] Narrow klass base: 0x000079381f000000, Narrow klass shift: 0, Narrow klass range: 0x100000000
[2026-04-03T06:32:18.596+0600][3.293s][info][gc,start    ] GC(0) Pause Young (Normal) (G1 Evacuation Pause)
[2026-04-03T06:32:18.597+0600][3.294s][info][gc,task     ] GC(0) Using 5 workers of 10 for evacuation
[2026-04-03T06:32:18.599+0600][3.296s][info][gc,phases   ] GC(0)   Pre Evacuate Collection Set: 0.12ms
[2026-04-03T06:32:18.599+0600][3.296s][info][gc,phases   ] GC(0)   Merge Heap Roots: 0.13ms
[2026-04-03T06:32:18.599+0600][3.296s][info][gc,phases   ] GC(0)   Evacuate Collection Set: 1.35ms
[2026-04-03T06:32:18.599+0600][3.296s][info][gc,phases   ] GC(0)   Post Evacuate Collection Set: 0.41ms
[2026-04-03T06:32:18.599+0600][3.296s][info][gc,phases   ] GC(0)   Other: 0.89ms
[2026-04-03T06:32:18.599+0600][3.296s][info][gc,heap     ] GC(0) Eden regions: 11->0(26)
[2026-04-03T06:32:18.599+0600][3.296s][info][gc,heap     ] GC(0) Survivor regions: 0->1(2)
[2026-04-03T06:32:18.599+0600][3.296s][info][gc,heap     ] GC(0) Old regions: 1->1
[2026-04-03T06:32:18.599+0600][3.296s][info][gc,heap     ] GC(0) Humongous regions: 0->0
[2026-04-03T06:32:18.599+0600][3.296s][info][gc,metaspace] GC(0) Metaspace: 2532K(2688K)->2532K(2688K) NonClass: 2283K(2368K)->2283K(2368K) Class: 248K(320K)->248K(320K)
[2026-04-03T06:32:18.599+0600][3.297s][info][gc          ] GC(0) Pause Young (Normal) (G1 Evacuation Pause) 22M->2M(248M) 3.189ms
[2026-04-03T06:32:18.599+0600][3.297s][info][gc,cpu      ] GC(0) User=0.00s Sys=0.00s Real=0.00s
[2026-04-03T06:32:18.689+0600][3.387s][info][gc,start    ] GC(1) Pause Young (Normal) (G1 Evacuation Pause)
[2026-04-03T06:32:18.689+0600][3.387s][info][gc,task     ] GC(1) Using 5 workers of 10 for evacuation
[2026-04-03T06:32:18.692+0600][3.390s][info][gc,phases   ] GC(1)   Pre Evacuate Collection Set: 0.23ms
[2026-04-03T06:32:18.692+0600][3.390s][info][gc,phases   ] GC(1)   Merge Heap Roots: 0.10ms
[2026-04-03T06:32:18.692+0600][3.390s][info][gc,phases   ] GC(1)   Evacuate Collection Set: 1.66ms
[2026-04-03T06:32:18.692+0600][3.390s][info][gc,phases   ] GC(1)   Post Evacuate Collection Set: 0.72ms
[2026-04-03T06:32:18.692+0600][3.390s][info][gc,phases   ] GC(1)   Other: 0.11ms
[2026-04-03T06:32:18.692+0600][3.390s][info][gc,heap     ] GC(1) Eden regions: 26->0(72)
[2026-04-03T06:32:18.692+0600][3.390s][info][gc,heap     ] GC(1) Survivor regions: 1->1(4)
[2026-04-03T06:32:18.692+0600][3.390s][info][gc,heap     ] GC(1) Old regions: 1->1
[2026-04-03T06:32:18.692+0600][3.390s][info][gc,heap     ] GC(1) Humongous regions: 0->0
[2026-04-03T06:32:18.692+0600][3.390s][info][gc,metaspace] GC(1) Metaspace: 2697K(2880K)->2697K(2880K) NonClass: 2448K(2560K)->2448K(2560K) Class: 248K(320K)->248K(320K)
[2026-04-03T06:32:18.692+0600][3.390s][info][gc          ] GC(1) Pause Young (Normal) (G1 Evacuation Pause) 54M->2M(248M) 3.127ms
[2026-04-03T06:32:18.692+0600][3.390s][info][gc,cpu      ] GC(1) User=0.02s Sys=0.00s Real=0.00s
[2026-04-03T06:32:18.784+0600][3.481s][info][gc,start    ] GC(2) Pause Full (System.gc())
[2026-04-03T06:32:18.784+0600][3.482s][info][gc,task     ] GC(2) Using 5 workers of 10 for full compaction
[2026-04-03T06:32:18.784+0600][3.482s][info][gc,phases,start] GC(2) Phase 1: Mark live objects
[2026-04-03T06:32:18.788+0600][3.485s][info][gc,phases      ] GC(2) Phase 1: Mark live objects 3.501ms
[2026-04-03T06:32:18.788+0600][3.485s][info][gc,phases,start] GC(2) Phase 2: Prepare compaction
[2026-04-03T06:32:18.789+0600][3.487s][info][gc,phases      ] GC(2) Phase 2: Prepare compaction 1.223ms
[2026-04-03T06:32:18.789+0600][3.487s][info][gc,phases,start] GC(2) Phase 3: Adjust pointers
[2026-04-03T06:32:18.790+0600][3.488s][info][gc,phases      ] GC(2) Phase 3: Adjust pointers 1.356ms
[2026-04-03T06:32:18.790+0600][3.488s][info][gc,phases,start] GC(2) Phase 4: Compact heap
[2026-04-03T06:32:18.793+0600][3.490s][info][gc,phases      ] GC(2) Phase 4: Compact heap 2.103ms
[2026-04-03T06:32:18.793+0600][3.490s][info][gc,phases,start] GC(2) Phase 5: Reset Metadata
[2026-04-03T06:32:18.793+0600][3.490s][info][gc,phases      ] GC(2) Phase 5: Reset Metadata 0.170ms
[2026-04-03T06:32:18.795+0600][3.492s][info][gc,heap        ] GC(2) Eden regions: 36->0(9)
[2026-04-03T06:32:18.795+0600][3.492s][info][gc,heap        ] GC(2) Survivor regions: 1->0(4)
[2026-04-03T06:32:18.795+0600][3.492s][info][gc,heap        ] GC(2) Old regions: 1->5
[2026-04-03T06:32:18.795+0600][3.492s][info][gc,heap        ] GC(2) Humongous regions: 0->0
[2026-04-03T06:32:18.795+0600][3.492s][info][gc,metaspace   ] GC(2) Metaspace: 2810K(3072K)->2810K(3072K) NonClass: 2549K(2688K)->2549K(2688K) Class: 261K(384K)->261K(384K)
[2026-04-03T06:32:18.795+0600][3.492s][info][gc             ] GC(2) Pause Full (System.gc()) 74M->3M(34M) 10.858ms
[2026-04-03T06:32:18.795+0600][3.492s][info][gc,cpu         ] GC(2) User=0.02s Sys=0.01s Real=0.01s
[2026-04-03T06:32:18.805+0600][3.503s][info][gc,start       ] GC(3) Pause Young (Concurrent Start) (G1 Humongous Allocation)
[2026-04-03T06:32:18.805+0600][3.503s][info][gc,task        ] GC(3) Using 3 workers of 10 for evacuation
[2026-04-03T06:32:18.806+0600][3.504s][info][gc,phases      ] GC(3)   Pre Evacuate Collection Set: 0.25ms
[2026-04-03T06:32:18.806+0600][3.504s][info][gc,phases      ] GC(3)   Merge Heap Roots: 0.06ms
[2026-04-03T06:32:18.806+0600][3.504s][info][gc,phases      ] GC(3)   Evacuate Collection Set: 0.25ms
[2026-04-03T06:32:18.806+0600][3.504s][info][gc,phases      ] GC(3)   Post Evacuate Collection Set: 0.26ms
[2026-04-03T06:32:18.806+0600][3.504s][info][gc,phases      ] GC(3)   Other: 0.17ms
[2026-04-03T06:32:18.806+0600][3.504s][info][gc,heap        ] GC(3) Eden regions: 1->0(8)
[2026-04-03T06:32:18.806+0600][3.504s][info][gc,heap        ] GC(3) Survivor regions: 0->1(2)
[2026-04-03T06:32:18.806+0600][3.504s][info][gc,heap        ] GC(3) Old regions: 5->5
[2026-04-03T06:32:18.806+0600][3.504s][info][gc,heap        ] GC(3) Humongous regions: 2->2
[2026-04-03T06:32:18.806+0600][3.504s][info][gc,metaspace   ] GC(3) Metaspace: 2930K(3136K)->2930K(3136K) NonClass: 2662K(2752K)->2662K(2752K) Class: 268K(384K)->268K(384K)
[2026-04-03T06:32:18.806+0600][3.504s][info][gc             ] GC(3) Pause Young (Concurrent Start) (G1 Humongous Allocation) 8M->7M(34M) 1.204ms
[2026-04-03T06:32:18.806+0600][3.504s][info][gc,cpu         ] GC(3) User=0.00s Sys=0.00s Real=0.00s
[2026-04-03T06:32:18.806+0600][3.504s][info][gc             ] GC(4) Concurrent Undo Cycle
[2026-04-03T06:32:18.806+0600][3.504s][info][gc,marking     ] GC(4) Concurrent Clear Claimed Marks
[2026-04-03T06:32:18.806+0600][3.504s][info][gc,marking     ] GC(4) Concurrent Clear Claimed Marks 0.014ms
[2026-04-03T06:32:18.806+0600][3.504s][info][gc,marking     ] GC(4) Concurrent Cleanup for Next Mark
[2026-04-03T06:32:18.807+0600][3.504s][info][gc,marking     ] GC(4) Concurrent Cleanup for Next Mark 0.155ms
[2026-04-03T06:32:18.807+0600][3.504s][info][gc             ] GC(4) Concurrent Undo Cycle 0.283ms
[2026-04-03T06:32:18.815+0600][3.513s][info][gc,start       ] GC(5) Pause Young (Concurrent Start) (G1 Humongous Allocation)
[2026-04-03T06:32:18.815+0600][3.513s][info][gc,task        ] GC(5) Using 2 workers of 10 for evacuation
[2026-04-03T06:32:18.816+0600][3.514s][info][gc,phases      ] GC(5)   Pre Evacuate Collection Set: 0.15ms
[2026-04-03T06:32:18.816+0600][3.514s][info][gc,phases      ] GC(5)   Merge Heap Roots: 0.18ms
[2026-04-03T06:32:18.816+0600][3.514s][info][gc,phases      ] GC(5)   Evacuate Collection Set: 0.36ms
[2026-04-03T06:32:18.816+0600][3.514s][info][gc,phases      ] GC(5)   Post Evacuate Collection Set: 0.25ms
[2026-04-03T06:32:18.816+0600][3.514s][info][gc,phases      ] GC(5)   Other: 0.06ms
[2026-04-03T06:32:18.816+0600][3.514s][info][gc,heap        ] GC(5) Eden regions: 0->0(6)
[2026-04-03T06:32:18.816+0600][3.514s][info][gc,heap        ] GC(5) Survivor regions: 1->1(2)
[2026-04-03T06:32:18.816+0600][3.514s][info][gc,heap        ] GC(5) Old regions: 5->5
[2026-04-03T06:32:18.816+0600][3.514s][info][gc,heap        ] GC(5) Humongous regions: 4->4
[2026-04-03T06:32:18.816+0600][3.514s][info][gc,metaspace   ] GC(5) Metaspace: 2930K(3136K)->2930K(3136K) NonClass: 2662K(2752K)->2662K(2752K) Class: 268K(384K)->268K(384K)
[2026-04-03T06:32:18.816+0600][3.514s][info][gc             ] GC(5) Pause Young (Concurrent Start) (G1 Humongous Allocation) 11M->11M(34M) 1.180ms
[2026-04-03T06:32:18.816+0600][3.514s][info][gc,cpu         ] GC(5) User=0.00s Sys=0.00s Real=0.00s
[2026-04-03T06:32:18.816+0600][3.514s][info][gc             ] GC(6) Concurrent Mark Cycle
[2026-04-03T06:32:18.816+0600][3.514s][info][gc,marking     ] GC(6) Concurrent Scan Root Regions
[2026-04-03T06:32:18.816+0600][3.514s][info][gc,marking     ] GC(6) Concurrent Scan Root Regions 0.175ms
[2026-04-03T06:32:18.816+0600][3.514s][info][gc,marking     ] GC(6) Concurrent Mark
[2026-04-03T06:32:18.816+0600][3.514s][info][gc,marking     ] GC(6) Concurrent Mark From Roots
[2026-04-03T06:32:18.817+0600][3.514s][info][gc,task        ] GC(6) Using 3 workers of 3 for marking
[2026-04-03T06:32:18.820+0600][3.518s][info][gc,marking     ] GC(6) Concurrent Mark From Roots 3.517ms
[2026-04-03T06:32:18.820+0600][3.518s][info][gc,marking     ] GC(6) Concurrent Preclean
[2026-04-03T06:32:18.820+0600][3.518s][info][gc,marking     ] GC(6) Concurrent Preclean 0.027ms
[2026-04-03T06:32:18.820+0600][3.518s][info][gc,start       ] GC(6) Pause Remark
[2026-04-03T06:32:18.822+0600][3.520s][info][gc             ] GC(6) Pause Remark 15M->15M(40M) 2.171ms
[2026-04-03T06:32:18.822+0600][3.520s][info][gc,cpu         ] GC(6) User=0.01s Sys=0.00s Real=0.00s
[2026-04-03T06:32:18.823+0600][3.520s][info][gc,marking     ] GC(6) Concurrent Mark 6.134ms
[2026-04-03T06:32:18.823+0600][3.520s][info][gc,marking     ] GC(6) Concurrent Rebuild Remembered Sets and Scrub Regions
[2026-04-03T06:32:18.825+0600][3.522s][info][gc,marking     ] GC(6) Concurrent Rebuild Remembered Sets and Scrub Regions 2.096ms
[2026-04-03T06:32:18.825+0600][3.523s][info][gc,start       ] GC(6) Pause Cleanup
[2026-04-03T06:32:18.825+0600][3.523s][info][gc             ] GC(6) Pause Cleanup 15M->15M(40M) 0.181ms
[2026-04-03T06:32:18.825+0600][3.523s][info][gc,cpu         ] GC(6) User=0.00s Sys=0.00s Real=0.00s
[2026-04-03T06:32:18.825+0600][3.523s][info][gc,marking     ] GC(6) Concurrent Clear Claimed Marks
[2026-04-03T06:32:18.825+0600][3.523s][info][gc,marking     ] GC(6) Concurrent Clear Claimed Marks 0.049ms
[2026-04-03T06:32:18.825+0600][3.523s][info][gc,marking     ] GC(6) Concurrent Cleanup for Next Mark
[2026-04-03T06:32:18.826+0600][3.523s][info][gc,marking     ] GC(6) Concurrent Cleanup for Next Mark 0.290ms
[2026-04-03T06:32:18.826+0600][3.523s][info][gc             ] GC(6) Concurrent Mark Cycle 9.643ms
[2026-04-03T06:32:19.074+0600][3.772s][info][gc,start       ] GC(7) Pause Young (Prepare Mixed) (G1 Evacuation Pause)
[2026-04-03T06:32:19.075+0600][3.773s][info][gc,task        ] GC(7) Using 10 workers of 10 for evacuation
[2026-04-03T06:32:19.078+0600][3.775s][info][gc,phases      ] GC(7)   Pre Evacuate Collection Set: 0.17ms
[2026-04-03T06:32:19.078+0600][3.775s][info][gc,phases      ] GC(7)   Merge Heap Roots: 0.07ms
[2026-04-03T06:32:19.078+0600][3.775s][info][gc,phases      ] GC(7)   Evacuate Collection Set: 1.70ms
[2026-04-03T06:32:19.078+0600][3.775s][info][gc,phases      ] GC(7)   Post Evacuate Collection Set: 0.39ms
[2026-04-03T06:32:19.078+0600][3.775s][info][gc,phases      ] GC(7)   Other: 1.04ms
[2026-04-03T06:32:19.078+0600][3.775s][info][gc,heap        ] GC(7) Eden regions: 6->0(7)
[2026-04-03T06:32:19.078+0600][3.775s][info][gc,heap        ] GC(7) Survivor regions: 1->1(1)
[2026-04-03T06:32:19.078+0600][3.775s][info][gc,heap        ] GC(7) Old regions: 5->5
[2026-04-03T06:32:19.078+0600][3.775s][info][gc,heap        ] GC(7) Humongous regions: 6->6
[2026-04-03T06:32:19.078+0600][3.775s][info][gc,metaspace   ] GC(7) Metaspace: 6827K(7232K)->6827K(7232K) NonClass: 6062K(6272K)->6062K(6272K) Class: 765K(960K)->765K(960K)
[2026-04-03T06:32:19.078+0600][3.775s][info][gc             ] GC(7) Pause Young (Prepare Mixed) (G1 Evacuation Pause) 27M->16M(40M) 3.643ms
[2026-04-03T06:32:19.078+0600][3.775s][info][gc,cpu         ] GC(7) User=0.02s Sys=0.00s Real=0.00s
[2026-04-03T06:32:19.361+0600][4.059s][info][gc,start       ] GC(8) Pause Young (Mixed) (G1 Evacuation Pause)
[2026-04-03T06:32:19.362+0600][4.059s][info][gc,task        ] GC(8) Using 10 workers of 10 for evacuation
[2026-04-03T06:32:19.364+0600][4.062s][info][gc,phases      ] GC(8)   Pre Evacuate Collection Set: 0.20ms
[2026-04-03T06:32:19.364+0600][4.062s][info][gc,phases      ] GC(8)   Merge Heap Roots: 0.09ms
[2026-04-03T06:32:19.364+0600][4.062s][info][gc,phases      ] GC(8)   Evacuate Collection Set: 1.92ms
[2026-04-03T06:32:19.364+0600][4.062s][info][gc,phases      ] GC(8)   Post Evacuate Collection Set: 0.38ms
[2026-04-03T06:32:19.364+0600][4.062s][info][gc,phases      ] GC(8)   Other: 0.09ms
[2026-04-03T06:32:19.364+0600][4.062s][info][gc,heap        ] GC(8) Eden regions: 7->0(8)
[2026-04-03T06:32:19.364+0600][4.062s][info][gc,heap        ] GC(8) Survivor regions: 1->1(1)
[2026-04-03T06:32:19.364+0600][4.062s][info][gc,heap        ] GC(8) Old regions: 5->4
[2026-04-03T06:32:19.364+0600][4.062s][info][gc,heap        ] GC(8) Humongous regions: 6->6
[2026-04-03T06:32:19.364+0600][4.062s][info][gc,metaspace   ] GC(8) Metaspace: 8599K(9152K)->8599K(9152K) NonClass: 7569K(7872K)->7569K(7872K) Class: 1029K(1280K)->1029K(1280K)
[2026-04-03T06:32:19.365+0600][4.062s][info][gc             ] GC(8) Pause Young (Mixed) (G1 Evacuation Pause) 30M->17M(42M) 3.017ms
[2026-04-03T06:32:19.365+0600][4.062s][info][gc,cpu         ] GC(8) User=0.01s Sys=0.01s Real=0.01s
[2026-04-03T06:32:19.513+0600][4.211s][info][gc,start       ] GC(9) Pause Young (Mixed) (G1 Evacuation Pause)
[2026-04-03T06:32:19.513+0600][4.211s][info][gc,task        ] GC(9) Using 10 workers of 10 for evacuation
[2026-04-03T06:32:19.517+0600][4.214s][info][gc,phases      ] GC(9)   Pre Evacuate Collection Set: 0.27ms
[2026-04-03T06:32:19.517+0600][4.214s][info][gc,phases      ] GC(9)   Merge Heap Roots: 0.16ms
[2026-04-03T06:32:19.517+0600][4.214s][info][gc,phases      ] GC(9)   Evacuate Collection Set: 2.07ms
[2026-04-03T06:32:19.517+0600][4.214s][info][gc,phases      ] GC(9)   Post Evacuate Collection Set: 0.69ms
[2026-04-03T06:32:19.517+0600][4.214s][info][gc,phases      ] GC(9)   Other: 0.11ms
[2026-04-03T06:32:19.517+0600][4.214s][info][gc,heap        ] GC(9) Eden regions: 8->0(9)
[2026-04-03T06:32:19.517+0600][4.214s][info][gc,heap        ] GC(9) Survivor regions: 1->1(2)
[2026-04-03T06:32:19.517+0600][4.214s][info][gc,heap        ] GC(9) Old regions: 4->3
[2026-04-03T06:32:19.517+0600][4.214s][info][gc,heap        ] GC(9) Humongous regions: 6->6
[2026-04-03T06:32:19.517+0600][4.214s][info][gc,metaspace   ] GC(9) Metaspace: 8808K(9408K)->8808K(9408K) NonClass: 7778K(8128K)->7778K(8128K) Class: 1029K(1280K)->1029K(1280K)
[2026-04-03T06:32:19.517+0600][4.214s][info][gc             ] GC(9) Pause Young (Mixed) (G1 Evacuation Pause) 33M->17M(42M) 3.733ms
[2026-04-03T06:32:19.517+0600][4.214s][info][gc,cpu         ] GC(9) User=0.01s Sys=0.01s Real=0.01s
[2026-04-03T06:32:19.597+0600][4.295s][info][gc,start       ] GC(10) Pause Young (Normal) (G1 Evacuation Pause)
[2026-04-03T06:32:19.598+0600][4.295s][info][gc,task        ] GC(10) Using 10 workers of 10 for evacuation
[2026-04-03T06:32:19.600+0600][4.298s][info][gc,phases      ] GC(10)   Pre Evacuate Collection Set: 0.21ms
[2026-04-03T06:32:19.600+0600][4.298s][info][gc,phases      ] GC(10)   Merge Heap Roots: 0.10ms
[2026-04-03T06:32:19.600+0600][4.298s][info][gc,phases      ] GC(10)   Evacuate Collection Set: 1.70ms
[2026-04-03T06:32:19.601+0600][4.298s][info][gc,phases      ] GC(10)   Post Evacuate Collection Set: 0.76ms
[2026-04-03T06:32:19.601+0600][4.298s][info][gc,phases      ] GC(10)   Other: 0.12ms
[2026-04-03T06:32:19.601+0600][4.298s][info][gc,heap        ] GC(10) Eden regions: 9->0(41)
[2026-04-03T06:32:19.601+0600][4.298s][info][gc,heap        ] GC(10) Survivor regions: 1->2(2)
[2026-04-03T06:32:19.601+0600][4.298s][info][gc,heap        ] GC(10) Old regions: 3->3
[2026-04-03T06:32:19.601+0600][4.298s][info][gc,heap        ] GC(10) Humongous regions: 6->6
[2026-04-03T06:32:19.601+0600][4.298s][info][gc,metaspace   ] GC(10) Metaspace: 8866K(9472K)->8866K(9472K) NonClass: 7836K(8192K)->7836K(8192K) Class: 1029K(1280K)->1029K(1280K)
[2026-04-03T06:32:19.601+0600][4.298s][info][gc             ] GC(10) Pause Young (Normal) (G1 Evacuation Pause) 35M->17M(144M) 3.220ms
[2026-04-03T06:32:19.601+0600][4.298s][info][gc,cpu         ] GC(10) User=0.02s Sys=0.00s Real=0.00s
[2026-04-03T06:32:19.910+0600][4.608s][info][gc,start       ] GC(11) Pause Young (Normal) (G1 Evacuation Pause)
[2026-04-03T06:32:19.911+0600][4.608s][info][gc,task        ] GC(11) Using 10 workers of 10 for evacuation
[2026-04-03T06:32:19.914+0600][4.611s][info][gc,phases      ] GC(11)   Pre Evacuate Collection Set: 0.23ms
[2026-04-03T06:32:19.914+0600][4.611s][info][gc,phases      ] GC(11)   Merge Heap Roots: 0.12ms
[2026-04-03T06:32:19.914+0600][4.611s][info][gc,phases      ] GC(11)   Evacuate Collection Set: 2.06ms
[2026-04-03T06:32:19.914+0600][4.611s][info][gc,phases      ] GC(11)   Post Evacuate Collection Set: 0.55ms
[2026-04-03T06:32:19.914+0600][4.611s][info][gc,phases      ] GC(11)   Other: 0.12ms
[2026-04-03T06:32:19.914+0600][4.611s][info][gc,heap        ] GC(11) Eden regions: 41->0(42)
[2026-04-03T06:32:19.914+0600][4.611s][info][gc,heap        ] GC(11) Survivor regions: 2->1(6)
[2026-04-03T06:32:19.914+0600][4.611s][info][gc,heap        ] GC(11) Old regions: 3->3
[2026-04-03T06:32:19.914+0600][4.611s][info][gc,heap        ] GC(11) Humongous regions: 6->6
[2026-04-03T06:32:19.914+0600][4.611s][info][gc,metaspace   ] GC(11) Metaspace: 8920K(9472K)->8920K(9472K) NonClass: 7888K(8192K)->7888K(8192K) Class: 1031K(1280K)->1031K(1280K)
[2026-04-03T06:32:19.914+0600][4.611s][info][gc             ] GC(11) Pause Young (Normal) (G1 Evacuation Pause) 99M->17M(144M) 3.370ms
[2026-04-03T06:32:19.914+0600][4.611s][info][gc,cpu         ] GC(11) User=0.01s Sys=0.00s Real=0.01s
[2026-04-03T06:32:20.156+0600][4.854s][info][gc,start       ] GC(12) Pause Young (Normal) (G1 Evacuation Pause)
[2026-04-03T06:32:20.157+0600][4.854s][info][gc,task        ] GC(12) Using 10 workers of 10 for evacuation
[2026-04-03T06:32:20.160+0600][4.857s][info][gc,phases      ] GC(12)   Pre Evacuate Collection Set: 0.22ms
[2026-04-03T06:32:20.160+0600][4.857s][info][gc,phases      ] GC(12)   Merge Heap Roots: 0.09ms
[2026-04-03T06:32:20.160+0600][4.857s][info][gc,phases      ] GC(12)   Evacuate Collection Set: 2.17ms
[2026-04-03T06:32:20.160+0600][4.857s][info][gc,phases      ] GC(12)   Post Evacuate Collection Set: 0.66ms
[2026-04-03T06:32:20.160+0600][4.857s][info][gc,phases      ] GC(12)   Other: 0.10ms
[2026-04-03T06:32:20.160+0600][4.857s][info][gc,heap        ] GC(12) Eden regions: 42->0(41)
[2026-04-03T06:32:20.160+0600][4.857s][info][gc,heap        ] GC(12) Survivor regions: 1->2(6)
[2026-04-03T06:32:20.160+0600][4.857s][info][gc,heap        ] GC(12) Old regions: 3->3
[2026-04-03T06:32:20.160+0600][4.857s][info][gc,heap        ] GC(12) Humongous regions: 6->6
[2026-04-03T06:32:20.160+0600][4.857s][info][gc,metaspace   ] GC(12) Metaspace: 8965K(9536K)->8965K(9536K) NonClass: 7933K(8256K)->7933K(8256K) Class: 1031K(1280K)->1031K(1280K)
[2026-04-03T06:32:20.160+0600][4.858s][info][gc             ] GC(12) Pause Young (Normal) (G1 Evacuation Pause) 101M->17M(144M) 3.566ms
[2026-04-03T06:32:20.160+0600][4.858s][info][gc,cpu         ] GC(12) User=0.02s Sys=0.00s Real=0.00s
[2026-04-03T06:32:20.387+0600][5.084s][info][gc,start       ] GC(13) Pause Young (Normal) (G1 Evacuation Pause)
[2026-04-03T06:32:20.387+0600][5.085s][info][gc,task        ] GC(13) Using 10 workers of 10 for evacuation
[2026-04-03T06:32:20.390+0600][5.088s][info][gc,phases      ] GC(13)   Pre Evacuate Collection Set: 0.34ms
[2026-04-03T06:32:20.390+0600][5.088s][info][gc,phases      ] GC(13)   Merge Heap Roots: 0.11ms
[2026-04-03T06:32:20.390+0600][5.088s][info][gc,phases      ] GC(13)   Evacuate Collection Set: 1.97ms
[2026-04-03T06:32:20.390+0600][5.088s][info][gc,phases      ] GC(13)   Post Evacuate Collection Set: 0.44ms
[2026-04-03T06:32:20.390+0600][5.088s][info][gc,phases      ] GC(13)   Other: 0.10ms
[2026-04-03T06:32:20.390+0600][5.088s][info][gc,heap        ] GC(13) Eden regions: 41->0(42)
[2026-04-03T06:32:20.390+0600][5.088s][info][gc,heap        ] GC(13) Survivor regions: 2->1(6)
[2026-04-03T06:32:20.390+0600][5.088s][info][gc,heap        ] GC(13) Old regions: 3->3
[2026-04-03T06:32:20.390+0600][5.088s][info][gc,heap        ] GC(13) Humongous regions: 6->6
[2026-04-03T06:32:20.390+0600][5.088s][info][gc,metaspace   ] GC(13) Metaspace: 8998K(9600K)->8998K(9600K) NonClass: 7966K(8320K)->7966K(8320K) Class: 1031K(1280K)->1031K(1280K)
[2026-04-03T06:32:20.390+0600][5.088s][info][gc             ] GC(13) Pause Young (Normal) (G1 Evacuation Pause) 99M->17M(144M) 3.253ms
[2026-04-03T06:32:20.390+0600][5.088s][info][gc,cpu         ] GC(13) User=0.02s Sys=0.00s Real=0.00s
[2026-04-03T06:32:20.609+0600][5.306s][info][gc,start       ] GC(14) Pause Young (Normal) (G1 Evacuation Pause)
[2026-04-03T06:32:20.609+0600][5.307s][info][gc,task        ] GC(14) Using 10 workers of 10 for evacuation
[2026-04-03T06:32:20.612+0600][5.310s][info][gc,phases      ] GC(14)   Pre Evacuate Collection Set: 0.20ms
[2026-04-03T06:32:20.612+0600][5.310s][info][gc,phases      ] GC(14)   Merge Heap Roots: 0.24ms
[2026-04-03T06:32:20.612+0600][5.310s][info][gc,phases      ] GC(14)   Evacuate Collection Set: 1.56ms
[2026-04-03T06:32:20.612+0600][5.310s][info][gc,phases      ] GC(14)   Post Evacuate Collection Set: 0.84ms
[2026-04-03T06:32:20.612+0600][5.310s][info][gc,phases      ] GC(14)   Other: 0.10ms
[2026-04-03T06:32:20.612+0600][5.310s][info][gc,heap        ] GC(14) Eden regions: 42->0(42)
[2026-04-03T06:32:20.612+0600][5.310s][info][gc,heap        ] GC(14) Survivor regions: 1->1(6)
[2026-04-03T06:32:20.612+0600][5.310s][info][gc,heap        ] GC(14) Old regions: 3->3
[2026-04-03T06:32:20.612+0600][5.310s][info][gc,heap        ] GC(14) Humongous regions: 6->6
[2026-04-03T06:32:20.612+0600][5.310s][info][gc,metaspace   ] GC(14) Metaspace: 9006K(9600K)->9006K(9600K) NonClass: 7974K(8320K)->7974K(8320K) Class: 1031K(1280K)->1031K(1280K)
[2026-04-03T06:32:20.612+0600][5.310s][info][gc             ] GC(14) Pause Young (Normal) (G1 Evacuation Pause) 101M->17M(144M) 3.215ms
[2026-04-03T06:32:20.612+0600][5.310s][info][gc,cpu         ] GC(14) User=0.02s Sys=0.00s Real=0.00s
[2026-04-03T06:32:20.845+0600][5.543s][info][gc,start       ] GC(15) Pause Young (Normal) (G1 Evacuation Pause)
[2026-04-03T06:32:20.845+0600][5.543s][info][gc,task        ] GC(15) Using 10 workers of 10 for evacuation
[2026-04-03T06:32:20.849+0600][5.547s][info][gc,phases      ] GC(15)   Pre Evacuate Collection Set: 0.28ms
[2026-04-03T06:32:20.849+0600][5.547s][info][gc,phases      ] GC(15)   Merge Heap Roots: 0.09ms
[2026-04-03T06:32:20.849+0600][5.547s][info][gc,phases      ] GC(15)   Evacuate Collection Set: 2.67ms
[2026-04-03T06:32:20.849+0600][5.547s][info][gc,phases      ] GC(15)   Post Evacuate Collection Set: 0.66ms
[2026-04-03T06:32:20.849+0600][5.547s][info][gc,phases      ] GC(15)   Other: 0.12ms
[2026-04-03T06:32:20.849+0600][5.547s][info][gc,heap        ] GC(15) Eden regions: 42->0(51)
[2026-04-03T06:32:20.849+0600][5.547s][info][gc,heap        ] GC(15) Survivor regions: 1->1(6)
[2026-04-03T06:32:20.849+0600][5.547s][info][gc,heap        ] GC(15) Old regions: 3->3
[2026-04-03T06:32:20.849+0600][5.547s][info][gc,heap        ] GC(15) Humongous regions: 6->6
[2026-04-03T06:32:20.849+0600][5.547s][info][gc,metaspace   ] GC(15) Metaspace: 9011K(9600K)->9011K(9600K) NonClass: 7980K(8320K)->7980K(8320K) Class: 1031K(1280K)->1031K(1280K)
[2026-04-03T06:32:20.849+0600][5.547s][info][gc             ] GC(15) Pause Young (Normal) (G1 Evacuation Pause) 101M->17M(174M) 4.144ms
[2026-04-03T06:32:20.849+0600][5.547s][info][gc,cpu         ] GC(15) User=0.03s Sys=0.00s Real=0.00s
[2026-04-03T06:32:21.117+0600][5.814s][info][gc,start       ] GC(16) Pause Young (Normal) (G1 Evacuation Pause)
[2026-04-03T06:32:21.117+0600][5.814s][info][gc,task        ] GC(16) Using 10 workers of 10 for evacuation
[2026-04-03T06:32:21.119+0600][5.817s][info][gc,phases      ] GC(16)   Pre Evacuate Collection Set: 0.19ms
[2026-04-03T06:32:21.119+0600][5.817s][info][gc,phases      ] GC(16)   Merge Heap Roots: 0.14ms
[2026-04-03T06:32:21.119+0600][5.817s][info][gc,phases      ] GC(16)   Evacuate Collection Set: 1.56ms
[2026-04-03T06:32:21.119+0600][5.817s][info][gc,phases      ] GC(16)   Post Evacuate Collection Set: 0.44ms
[2026-04-03T06:32:21.119+0600][5.817s][info][gc,phases      ] GC(16)   Other: 0.09ms
[2026-04-03T06:32:21.119+0600][5.817s][info][gc,heap        ] GC(16) Eden regions: 51->0(51)
[2026-04-03T06:32:21.119+0600][5.817s][info][gc,heap        ] GC(16) Survivor regions: 1->1(7)
[2026-04-03T06:32:21.119+0600][5.817s][info][gc,heap        ] GC(16) Old regions: 3->3
[2026-04-03T06:32:21.119+0600][5.817s][info][gc,heap        ] GC(16) Humongous regions: 6->6
[2026-04-03T06:32:21.119+0600][5.817s][info][gc,metaspace   ] GC(16) Metaspace: 9021K(9600K)->9021K(9600K) NonClass: 7990K(8320K)->7990K(8320K) Class: 1031K(1280K)->1031K(1280K)
[2026-04-03T06:32:21.119+0600][5.817s][info][gc             ] GC(16) Pause Young (Normal) (G1 Evacuation Pause) 119M->17M(174M) 2.717ms
[2026-04-03T06:32:21.119+0600][5.817s][info][gc,cpu         ] GC(16) User=0.02s Sys=0.00s Real=0.00s
[2026-04-03T06:32:21.427+0600][6.124s][info][gc,start       ] GC(17) Pause Young (Normal) (G1 Evacuation Pause)
[2026-04-03T06:32:21.427+0600][6.125s][info][gc,task        ] GC(17) Using 10 workers of 10 for evacuation
[2026-04-03T06:32:21.430+0600][6.128s][info][gc,phases      ] GC(17)   Pre Evacuate Collection Set: 0.28ms
[2026-04-03T06:32:21.430+0600][6.128s][info][gc,phases      ] GC(17)   Merge Heap Roots: 0.15ms
[2026-04-03T06:32:21.430+0600][6.128s][info][gc,phases      ] GC(17)   Evacuate Collection Set: 1.88ms
[2026-04-03T06:32:21.430+0600][6.128s][info][gc,phases      ] GC(17)   Post Evacuate Collection Set: 0.57ms
[2026-04-03T06:32:21.430+0600][6.128s][info][gc,phases      ] GC(17)   Other: 0.11ms
[2026-04-03T06:32:21.430+0600][6.128s][info][gc,heap        ] GC(17) Eden regions: 51->0(51)
[2026-04-03T06:32:21.430+0600][6.128s][info][gc,heap        ] GC(17) Survivor regions: 1->1(7)
[2026-04-03T06:32:21.430+0600][6.128s][info][gc,heap        ] GC(17) Old regions: 3->3
[2026-04-03T06:32:21.430+0600][6.128s][info][gc,heap        ] GC(17) Humongous regions: 6->6
[2026-04-03T06:32:21.430+0600][6.128s][info][gc,metaspace   ] GC(17) Metaspace: 9029K(9600K)->9029K(9600K) NonClass: 7997K(8320K)->7997K(8320K) Class: 1031K(1280K)->1031K(1280K)
[2026-04-03T06:32:21.430+0600][6.128s][info][gc             ] GC(17) Pause Young (Normal) (G1 Evacuation Pause) 119M->17M(174M) 3.507ms
[2026-04-03T06:32:21.430+0600][6.128s][info][gc,cpu         ] GC(17) User=0.02s Sys=0.00s Real=0.00s
[2026-04-03T06:32:21.739+0600][6.437s][info][gc,start       ] GC(18) Pause Young (Normal) (G1 Evacuation Pause)
[2026-04-03T06:32:21.740+0600][6.437s][info][gc,task        ] GC(18) Using 10 workers of 10 for evacuation
[2026-04-03T06:32:21.745+0600][6.442s][info][gc,phases      ] GC(18)   Pre Evacuate Collection Set: 0.33ms
[2026-04-03T06:32:21.745+0600][6.442s][info][gc,phases      ] GC(18)   Merge Heap Roots: 0.09ms
[2026-04-03T06:32:21.745+0600][6.442s][info][gc,phases      ] GC(18)   Evacuate Collection Set: 3.85ms
[2026-04-03T06:32:21.745+0600][6.442s][info][gc,phases      ] GC(18)   Post Evacuate Collection Set: 0.84ms
[2026-04-03T06:32:21.745+0600][6.442s][info][gc,phases      ] GC(18)   Other: 0.10ms
[2026-04-03T06:32:21.745+0600][6.442s][info][gc,heap        ] GC(18) Eden regions: 51->0(51)
[2026-04-03T06:32:21.745+0600][6.442s][info][gc,heap        ] GC(18) Survivor regions: 1->1(7)
[2026-04-03T06:32:21.745+0600][6.442s][info][gc,heap        ] GC(18) Old regions: 3->3
[2026-04-03T06:32:21.745+0600][6.442s][info][gc,heap        ] GC(18) Humongous regions: 6->6
[2026-04-03T06:32:21.745+0600][6.443s][info][gc,metaspace   ] GC(18) Metaspace: 9033K(9600K)->9033K(9600K) NonClass: 8001K(8320K)->8001K(8320K) Class: 1032K(1280K)->1032K(1280K)
[2026-04-03T06:32:21.745+0600][6.443s][info][gc             ] GC(18) Pause Young (Normal) (G1 Evacuation Pause) 119M->17M(174M) 5.526ms
[2026-04-03T06:32:21.745+0600][6.443s][info][gc,cpu         ] GC(18) User=0.02s Sys=0.00s Real=0.01s
[2026-04-03T06:32:22.047+0600][6.744s][info][gc,start       ] GC(19) Pause Young (Normal) (G1 Evacuation Pause)
[2026-04-03T06:32:22.047+0600][6.745s][info][gc,task        ] GC(19) Using 10 workers of 10 for evacuation
[2026-04-03T06:32:22.050+0600][6.747s][info][gc,phases      ] GC(19)   Pre Evacuate Collection Set: 0.22ms
[2026-04-03T06:32:22.050+0600][6.748s][info][gc,phases      ] GC(19)   Merge Heap Roots: 0.11ms
[2026-04-03T06:32:22.050+0600][6.748s][info][gc,phases      ] GC(19)   Evacuate Collection Set: 1.92ms
[2026-04-03T06:32:22.050+0600][6.748s][info][gc,phases      ] GC(19)   Post Evacuate Collection Set: 0.58ms
[2026-04-03T06:32:22.050+0600][6.748s][info][gc,phases      ] GC(19)   Other: 0.11ms
[2026-04-03T06:32:22.050+0600][6.748s][info][gc,heap        ] GC(19) Eden regions: 51->0(51)
[2026-04-03T06:32:22.050+0600][6.748s][info][gc,heap        ] GC(19) Survivor regions: 1->1(7)
[2026-04-03T06:32:22.050+0600][6.748s][info][gc,heap        ] GC(19) Old regions: 3->3
[2026-04-03T06:32:22.050+0600][6.748s][info][gc,heap        ] GC(19) Humongous regions: 6->6
[2026-04-03T06:32:22.050+0600][6.748s][info][gc,metaspace   ] GC(19) Metaspace: 9044K(9600K)->9044K(9600K) NonClass: 8011K(8320K)->8011K(8320K) Class: 1032K(1280K)->1032K(1280K)
[2026-04-03T06:32:22.050+0600][6.748s][info][gc             ] GC(19) Pause Young (Normal) (G1 Evacuation Pause) 119M->17M(174M) 3.294ms
[2026-04-03T06:32:22.050+0600][6.748s][info][gc,cpu         ] GC(19) User=0.02s Sys=0.01s Real=0.00s
[2026-04-03T06:32:22.292+0600][6.990s][info][gc,start       ] GC(20) Pause Young (Normal) (G1 Evacuation Pause)
[2026-04-03T06:32:22.293+0600][6.990s][info][gc,task        ] GC(20) Using 10 workers of 10 for evacuation
[2026-04-03T06:32:22.296+0600][6.993s][info][gc,phases      ] GC(20)   Pre Evacuate Collection Set: 0.27ms
[2026-04-03T06:32:22.296+0600][6.993s][info][gc,phases      ] GC(20)   Merge Heap Roots: 0.15ms
[2026-04-03T06:32:22.296+0600][6.993s][info][gc,phases      ] GC(20)   Evacuate Collection Set: 1.75ms
[2026-04-03T06:32:22.296+0600][6.993s][info][gc,phases      ] GC(20)   Post Evacuate Collection Set: 0.88ms
[2026-04-03T06:32:22.296+0600][6.993s][info][gc,phases      ] GC(20)   Other: 0.14ms
[2026-04-03T06:32:22.296+0600][6.993s][info][gc,heap        ] GC(20) Eden regions: 51->0(51)
[2026-04-03T06:32:22.296+0600][6.993s][info][gc,heap        ] GC(20) Survivor regions: 1->1(7)
[2026-04-03T06:32:22.296+0600][6.993s][info][gc,heap        ] GC(20) Old regions: 3->3
[2026-04-03T06:32:22.296+0600][6.993s][info][gc,heap        ] GC(20) Humongous regions: 6->6
[2026-04-03T06:32:22.296+0600][6.993s][info][gc,metaspace   ] GC(20) Metaspace: 9046K(9600K)->9046K(9600K) NonClass: 8013K(8320K)->8013K(8320K) Class: 1033K(1280K)->1033K(1280K)
[2026-04-03T06:32:22.296+0600][6.994s][info][gc             ] GC(20) Pause Young (Normal) (G1 Evacuation Pause) 119M->17M(174M) 3.514ms
[2026-04-03T06:32:22.296+0600][6.994s][info][gc,cpu         ] GC(20) User=0.02s Sys=0.00s Real=0.01s
[2026-04-03T06:32:22.538+0600][7.235s][info][gc,start       ] GC(21) Pause Young (Normal) (G1 Evacuation Pause)
[2026-04-03T06:32:22.538+0600][7.235s][info][gc,task        ] GC(21) Using 10 workers of 10 for evacuation
[2026-04-03T06:32:22.541+0600][7.238s][info][gc,phases      ] GC(21)   Pre Evacuate Collection Set: 0.23ms
[2026-04-03T06:32:22.541+0600][7.238s][info][gc,phases      ] GC(21)   Merge Heap Roots: 0.15ms
[2026-04-03T06:32:22.541+0600][7.238s][info][gc,phases      ] GC(21)   Evacuate Collection Set: 1.72ms
[2026-04-03T06:32:22.541+0600][7.238s][info][gc,phases      ] GC(21)   Post Evacuate Collection Set: 0.58ms
[2026-04-03T06:32:22.541+0600][7.238s][info][gc,phases      ] GC(21)   Other: 0.09ms
[2026-04-03T06:32:22.541+0600][7.238s][info][gc,heap        ] GC(21) Eden regions: 51->0(51)
[2026-04-03T06:32:22.541+0600][7.238s][info][gc,heap        ] GC(21) Survivor regions: 1->1(7)
[2026-04-03T06:32:22.541+0600][7.238s][info][gc,heap        ] GC(21) Old regions: 3->3
[2026-04-03T06:32:22.541+0600][7.238s][info][gc,heap        ] GC(21) Humongous regions: 6->6
[2026-04-03T06:32:22.541+0600][7.238s][info][gc,metaspace   ] GC(21) Metaspace: 9046K(9600K)->9046K(9600K) NonClass: 8013K(8320K)->8013K(8320K) Class: 1033K(1280K)->1033K(1280K)
[2026-04-03T06:32:22.541+0600][7.238s][info][gc             ] GC(21) Pause Young (Normal) (G1 Evacuation Pause) 119M->17M(174M) 3.067ms
[2026-04-03T06:32:22.541+0600][7.238s][info][gc,cpu         ] GC(21) User=0.02s Sys=0.00s Real=0.00s
[2026-04-03T06:32:22.778+0600][7.476s][info][gc,start       ] GC(22) Pause Young (Normal) (G1 Evacuation Pause)
[2026-04-03T06:32:22.778+0600][7.476s][info][gc,task        ] GC(22) Using 10 workers of 10 for evacuation
[2026-04-03T06:32:22.781+0600][7.479s][info][gc,phases      ] GC(22)   Pre Evacuate Collection Set: 0.24ms
[2026-04-03T06:32:22.781+0600][7.479s][info][gc,phases      ] GC(22)   Merge Heap Roots: 0.11ms
[2026-04-03T06:32:22.781+0600][7.479s][info][gc,phases      ] GC(22)   Evacuate Collection Set: 1.78ms
[2026-04-03T06:32:22.781+0600][7.479s][info][gc,phases      ] GC(22)   Post Evacuate Collection Set: 0.70ms
[2026-04-03T06:32:22.781+0600][7.479s][info][gc,phases      ] GC(22)   Other: 0.09ms
[2026-04-03T06:32:22.781+0600][7.479s][info][gc,heap        ] GC(22) Eden regions: 51->0(62)
[2026-04-03T06:32:22.781+0600][7.479s][info][gc,heap        ] GC(22) Survivor regions: 1->1(7)
[2026-04-03T06:32:22.781+0600][7.479s][info][gc,heap        ] GC(22) Old regions: 3->3
[2026-04-03T06:32:22.781+0600][7.479s][info][gc,heap        ] GC(22) Humongous regions: 6->6
[2026-04-03T06:32:22.781+0600][7.479s][info][gc,metaspace   ] GC(22) Metaspace: 9058K(9664K)->9058K(9664K) NonClass: 8025K(8384K)->8025K(8384K) Class: 1033K(1280K)->1033K(1280K)
[2026-04-03T06:32:22.782+0600][7.479s][info][gc             ] GC(22) Pause Young (Normal) (G1 Evacuation Pause) 119M->17M(210M) 3.206ms
[2026-04-03T06:32:22.782+0600][7.479s][info][gc,cpu         ] GC(22) User=0.02s Sys=0.00s Real=0.00s
[2026-04-03T06:32:23.094+0600][7.792s][info][gc,start       ] GC(23) Pause Young (Normal) (G1 Evacuation Pause)
[2026-04-03T06:32:23.095+0600][7.792s][info][gc,task        ] GC(23) Using 10 workers of 10 for evacuation
[2026-04-03T06:32:23.098+0600][7.796s][info][gc,phases      ] GC(23)   Pre Evacuate Collection Set: 0.27ms
[2026-04-03T06:32:23.098+0600][7.796s][info][gc,phases      ] GC(23)   Merge Heap Roots: 0.13ms
[2026-04-03T06:32:23.098+0600][7.796s][info][gc,phases      ] GC(23)   Evacuate Collection Set: 2.38ms
[2026-04-03T06:32:23.098+0600][7.796s][info][gc,phases      ] GC(23)   Post Evacuate Collection Set: 0.77ms
[2026-04-03T06:32:23.098+0600][7.796s][info][gc,phases      ] GC(23)   Other: 0.14ms
[2026-04-03T06:32:23.098+0600][7.796s][info][gc,heap        ] GC(23) Eden regions: 62->0(62)
[2026-04-03T06:32:23.098+0600][7.796s][info][gc,heap        ] GC(23) Survivor regions: 1->1(8)
[2026-04-03T06:32:23.098+0600][7.796s][info][gc,heap        ] GC(23) Old regions: 3->4
[2026-04-03T06:32:23.098+0600][7.796s][info][gc,heap        ] GC(23) Humongous regions: 6->6
[2026-04-03T06:32:23.098+0600][7.796s][info][gc,metaspace   ] GC(23) Metaspace: 9069K(9664K)->9069K(9664K) NonClass: 8036K(8384K)->8036K(8384K) Class: 1033K(1280K)->1033K(1280K)
[2026-04-03T06:32:23.098+0600][7.796s][info][gc             ] GC(23) Pause Young (Normal) (G1 Evacuation Pause) 141M->17M(210M) 4.162ms
[2026-04-03T06:32:23.099+0600][7.796s][info][gc,cpu         ] GC(23) User=0.02s Sys=0.00s Real=0.00s
[2026-04-03T06:32:23.395+0600][8.092s][info][gc,start       ] GC(24) Pause Young (Normal) (G1 Evacuation Pause)
[2026-04-03T06:32:23.395+0600][8.092s][info][gc,task        ] GC(24) Using 10 workers of 10 for evacuation
[2026-04-03T06:32:23.397+0600][8.095s][info][gc,phases      ] GC(24)   Pre Evacuate Collection Set: 0.17ms
[2026-04-03T06:32:23.398+0600][8.095s][info][gc,phases      ] GC(24)   Merge Heap Roots: 0.11ms
[2026-04-03T06:32:23.398+0600][8.095s][info][gc,phases      ] GC(24)   Evacuate Collection Set: 1.61ms
[2026-04-03T06:32:23.398+0600][8.095s][info][gc,phases      ] GC(24)   Post Evacuate Collection Set: 0.59ms
[2026-04-03T06:32:23.398+0600][8.095s][info][gc,phases      ] GC(24)   Other: 0.10ms
[2026-04-03T06:32:23.398+0600][8.095s][info][gc,heap        ] GC(24) Eden regions: 62->0(62)
[2026-04-03T06:32:23.398+0600][8.095s][info][gc,heap        ] GC(24) Survivor regions: 1->1(8)
[2026-04-03T06:32:23.398+0600][8.095s][info][gc,heap        ] GC(24) Old regions: 4->4
[2026-04-03T06:32:23.398+0600][8.095s][info][gc,heap        ] GC(24) Humongous regions: 6->6
[2026-04-03T06:32:23.398+0600][8.095s][info][gc,metaspace   ] GC(24) Metaspace: 9102K(9728K)->9102K(9728K) NonClass: 8068K(8448K)->8068K(8448K) Class: 1034K(1280K)->1034K(1280K)
[2026-04-03T06:32:23.398+0600][8.095s][info][gc             ] GC(24) Pause Young (Normal) (G1 Evacuation Pause) 141M->17M(210M) 2.991ms
[2026-04-03T06:32:23.398+0600][8.095s][info][gc,cpu         ] GC(24) User=0.01s Sys=0.00s Real=0.00s
[2026-04-03T06:32:23.679+0600][8.377s][info][gc,start       ] GC(25) Pause Young (Normal) (G1 Evacuation Pause)
[2026-04-03T06:32:23.679+0600][8.377s][info][gc,task        ] GC(25) Using 10 workers of 10 for evacuation
[2026-04-03T06:32:23.681+0600][8.378s][info][gc,phases      ] GC(25)   Pre Evacuate Collection Set: 0.44ms
[2026-04-03T06:32:23.681+0600][8.378s][info][gc,phases      ] GC(25)   Merge Heap Roots: 0.12ms
[2026-04-03T06:32:23.681+0600][8.378s][info][gc,phases      ] GC(25)   Evacuate Collection Set: 0.50ms
[2026-04-03T06:32:23.681+0600][8.378s][info][gc,phases      ] GC(25)   Post Evacuate Collection Set: 0.48ms
[2026-04-03T06:32:23.681+0600][8.378s][info][gc,phases      ] GC(25)   Other: 0.11ms
[2026-04-03T06:32:23.681+0600][8.378s][info][gc,heap        ] GC(25) Eden regions: 62->0(62)
[2026-04-03T06:32:23.681+0600][8.378s][info][gc,heap        ] GC(25) Survivor regions: 1->1(8)
[2026-04-03T06:32:23.681+0600][8.378s][info][gc,heap        ] GC(25) Old regions: 4->4
[2026-04-03T06:32:23.681+0600][8.379s][info][gc,heap        ] GC(25) Humongous regions: 6->6
[2026-04-03T06:32:23.681+0600][8.379s][info][gc,metaspace   ] GC(25) Metaspace: 9104K(9728K)->9104K(9728K) NonClass: 8070K(8448K)->8070K(8448K) Class: 1034K(1280K)->1034K(1280K)
[2026-04-03T06:32:23.681+0600][8.379s][info][gc             ] GC(25) Pause Young (Normal) (G1 Evacuation Pause) 141M->17M(210M) 1.971ms
[2026-04-03T06:32:23.681+0600][8.379s][info][gc,cpu         ] GC(25) User=0.01s Sys=0.00s Real=0.00s
[2026-04-03T06:32:23.960+0600][8.658s][info][gc,start       ] GC(26) Pause Young (Normal) (G1 Evacuation Pause)
[2026-04-03T06:32:23.960+0600][8.658s][info][gc,task        ] GC(26) Using 10 workers of 10 for evacuation
[2026-04-03T06:32:23.965+0600][8.662s][info][gc,phases      ] GC(26)   Pre Evacuate Collection Set: 0.19ms
[2026-04-03T06:32:23.965+0600][8.662s][info][gc,phases      ] GC(26)   Merge Heap Roots: 0.16ms
[2026-04-03T06:32:23.965+0600][8.663s][info][gc,phases      ] GC(26)   Evacuate Collection Set: 3.47ms
[2026-04-03T06:32:23.965+0600][8.663s][info][gc,phases      ] GC(26)   Post Evacuate Collection Set: 0.46ms
[2026-04-03T06:32:23.965+0600][8.663s][info][gc,phases      ] GC(26)   Other: 0.10ms
[2026-04-03T06:32:23.965+0600][8.663s][info][gc,heap        ] GC(26) Eden regions: 62->0(62)
[2026-04-03T06:32:23.965+0600][8.663s][info][gc,heap        ] GC(26) Survivor regions: 1->1(8)
[2026-04-03T06:32:23.965+0600][8.663s][info][gc,heap        ] GC(26) Old regions: 4->4
[2026-04-03T06:32:23.965+0600][8.663s][info][gc,heap        ] GC(26) Humongous regions: 6->6
[2026-04-03T06:32:23.965+0600][8.663s][info][gc,metaspace   ] GC(26) Metaspace: 9106K(9728K)->9106K(9728K) NonClass: 8072K(8448K)->8072K(8448K) Class: 1034K(1280K)->1034K(1280K)
[2026-04-03T06:32:23.965+0600][8.663s][info][gc             ] GC(26) Pause Young (Normal) (G1 Evacuation Pause) 141M->17M(210M) 4.715ms
[2026-04-03T06:32:23.965+0600][8.663s][info][gc,cpu         ] GC(26) User=0.01s Sys=0.00s Real=0.01s
[2026-04-03T06:32:24.223+0600][8.921s][info][gc,start       ] GC(27) Pause Young (Normal) (G1 Evacuation Pause)
[2026-04-03T06:32:24.224+0600][8.921s][info][gc,task        ] GC(27) Using 10 workers of 10 for evacuation
[2026-04-03T06:32:24.226+0600][8.924s][info][gc,phases      ] GC(27)   Pre Evacuate Collection Set: 0.37ms
[2026-04-03T06:32:24.226+0600][8.924s][info][gc,phases      ] GC(27)   Merge Heap Roots: 0.15ms
[2026-04-03T06:32:24.226+0600][8.924s][info][gc,phases      ] GC(27)   Evacuate Collection Set: 1.69ms
[2026-04-03T06:32:24.226+0600][8.924s][info][gc,phases      ] GC(27)   Post Evacuate Collection Set: 0.48ms
[2026-04-03T06:32:24.226+0600][8.924s][info][gc,phases      ] GC(27)   Other: 0.10ms
[2026-04-03T06:32:24.226+0600][8.924s][info][gc,heap        ] GC(27) Eden regions: 62->0(62)
[2026-04-03T06:32:24.226+0600][8.924s][info][gc,heap        ] GC(27) Survivor regions: 1->1(8)
[2026-04-03T06:32:24.226+0600][8.924s][info][gc,heap        ] GC(27) Old regions: 4->4
[2026-04-03T06:32:24.226+0600][8.924s][info][gc,heap        ] GC(27) Humongous regions: 6->6
[2026-04-03T06:32:24.226+0600][8.924s][info][gc,metaspace   ] GC(27) Metaspace: 9106K(9728K)->9106K(9728K) NonClass: 8072K(8448K)->8072K(8448K) Class: 1034K(1280K)->1034K(1280K)
[2026-04-03T06:32:24.227+0600][8.924s][info][gc             ] GC(27) Pause Young (Normal) (G1 Evacuation Pause) 141M->17M(210M) 3.107ms
[2026-04-03T06:32:24.227+0600][8.924s][info][gc,cpu         ] GC(27) User=0.02s Sys=0.00s Real=0.00s
[2026-04-03T06:32:24.315+0600][9.013s][info][gc,start       ] GC(28) Pause Young (Normal) (G1 Evacuation Pause)
[2026-04-03T06:32:24.315+0600][9.013s][info][gc,task        ] GC(28) Using 10 workers of 10 for evacuation
[2026-04-03T06:32:24.317+0600][9.015s][info][gc,phases      ] GC(28)   Pre Evacuate Collection Set: 0.31ms
[2026-04-03T06:32:24.317+0600][9.015s][info][gc,phases      ] GC(28)   Merge Heap Roots: 0.13ms
[2026-04-03T06:32:24.317+0600][9.015s][info][gc,phases      ] GC(28)   Evacuate Collection Set: 0.62ms
[2026-04-03T06:32:24.317+0600][9.015s][info][gc,phases      ] GC(28)   Post Evacuate Collection Set: 0.79ms
[2026-04-03T06:32:24.318+0600][9.015s][info][gc,phases      ] GC(28)   Other: 0.11ms
[2026-04-03T06:32:24.318+0600][9.015s][info][gc,heap        ] GC(28) Eden regions: 62->0(74)
[2026-04-03T06:32:24.318+0600][9.015s][info][gc,heap        ] GC(28) Survivor regions: 1->1(8)
[2026-04-03T06:32:24.318+0600][9.015s][info][gc,heap        ] GC(28) Old regions: 4->4
[2026-04-03T06:32:24.318+0600][9.015s][info][gc,heap        ] GC(28) Humongous regions: 6->6
[2026-04-03T06:32:24.318+0600][9.015s][info][gc,metaspace   ] GC(28) Metaspace: 9107K(9728K)->9107K(9728K) NonClass: 8073K(8448K)->8073K(8448K) Class: 1034K(1280K)->1034K(1280K)
[2026-04-03T06:32:24.318+0600][9.015s][info][gc             ] GC(28) Pause Young (Normal) (G1 Evacuation Pause) 141M->17M(252M) 2.391ms
[2026-04-03T06:32:24.318+0600][9.015s][info][gc,cpu         ] GC(28) User=0.01s Sys=0.00s Real=0.00s
[2026-04-03T06:32:24.408+0600][9.106s][info][gc,start       ] GC(29) Pause Young (Normal) (G1 Evacuation Pause)
[2026-04-03T06:32:24.409+0600][9.106s][info][gc,task        ] GC(29) Using 10 workers of 10 for evacuation
[2026-04-03T06:32:24.410+0600][9.108s][info][gc,phases      ] GC(29)   Pre Evacuate Collection Set: 0.25ms
[2026-04-03T06:32:24.411+0600][9.108s][info][gc,phases      ] GC(29)   Merge Heap Roots: 0.11ms
[2026-04-03T06:32:24.411+0600][9.108s][info][gc,phases      ] GC(29)   Evacuate Collection Set: 0.93ms
[2026-04-03T06:32:24.411+0600][9.108s][info][gc,phases      ] GC(29)   Post Evacuate Collection Set: 0.49ms
[2026-04-03T06:32:24.411+0600][9.108s][info][gc,phases      ] GC(29)   Other: 0.12ms
[2026-04-03T06:32:24.411+0600][9.108s][info][gc,heap        ] GC(29) Eden regions: 74->0(74)
[2026-04-03T06:32:24.411+0600][9.108s][info][gc,heap        ] GC(29) Survivor regions: 1->1(10)
[2026-04-03T06:32:24.411+0600][9.108s][info][gc,heap        ] GC(29) Old regions: 4->4
[2026-04-03T06:32:24.411+0600][9.108s][info][gc,heap        ] GC(29) Humongous regions: 6->6
[2026-04-03T06:32:24.411+0600][9.108s][info][gc,metaspace   ] GC(29) Metaspace: 9112K(9728K)->9112K(9728K) NonClass: 8078K(8448K)->8078K(8448K) Class: 1034K(1280K)->1034K(1280K)
[2026-04-03T06:32:24.411+0600][9.108s][info][gc             ] GC(29) Pause Young (Normal) (G1 Evacuation Pause) 165M->17M(252M) 2.308ms
[2026-04-03T06:32:24.411+0600][9.108s][info][gc,cpu         ] GC(29) User=0.01s Sys=0.00s Real=0.00s
[2026-04-03T06:32:24.487+0600][9.185s][info][gc,start       ] GC(30) Pause Young (Normal) (G1 Evacuation Pause)
[2026-04-03T06:32:24.487+0600][9.185s][info][gc,task        ] GC(30) Using 10 workers of 10 for evacuation
[2026-04-03T06:32:24.489+0600][9.187s][info][gc,phases      ] GC(30)   Pre Evacuate Collection Set: 0.26ms
[2026-04-03T06:32:24.489+0600][9.187s][info][gc,phases      ] GC(30)   Merge Heap Roots: 0.16ms
[2026-04-03T06:32:24.489+0600][9.187s][info][gc,phases      ] GC(30)   Evacuate Collection Set: 0.55ms
[2026-04-03T06:32:24.489+0600][9.187s][info][gc,phases      ] GC(30)   Post Evacuate Collection Set: 0.57ms
[2026-04-03T06:32:24.489+0600][9.187s][info][gc,phases      ] GC(30)   Other: 0.13ms
[2026-04-03T06:32:24.489+0600][9.187s][info][gc,heap        ] GC(30) Eden regions: 74->0(74)
[2026-04-03T06:32:24.489+0600][9.187s][info][gc,heap        ] GC(30) Survivor regions: 1->1(10)
[2026-04-03T06:32:24.489+0600][9.187s][info][gc,heap        ] GC(30) Old regions: 4->4
[2026-04-03T06:32:24.489+0600][9.187s][info][gc,heap        ] GC(30) Humongous regions: 6->6
[2026-04-03T06:32:24.489+0600][9.187s][info][gc,metaspace   ] GC(30) Metaspace: 9112K(9728K)->9112K(9728K) NonClass: 8078K(8448K)->8078K(8448K) Class: 1034K(1280K)->1034K(1280K)
[2026-04-03T06:32:24.489+0600][9.187s][info][gc             ] GC(30) Pause Young (Normal) (G1 Evacuation Pause) 165M->17M(252M) 2.115ms
[2026-04-03T06:32:24.489+0600][9.187s][info][gc,cpu         ] GC(30) User=0.01s Sys=0.00s Real=0.00s
[2026-04-03T06:32:24.568+0600][9.266s][info][gc,start       ] GC(31) Pause Young (Normal) (G1 Evacuation Pause)
[2026-04-03T06:32:24.568+0600][9.266s][info][gc,task        ] GC(31) Using 10 workers of 10 for evacuation
[2026-04-03T06:32:24.570+0600][9.267s][info][gc,phases      ] GC(31)   Pre Evacuate Collection Set: 0.22ms
[2026-04-03T06:32:24.570+0600][9.267s][info][gc,phases      ] GC(31)   Merge Heap Roots: 0.13ms
[2026-04-03T06:32:24.570+0600][9.267s][info][gc,phases      ] GC(31)   Evacuate Collection Set: 0.59ms
[2026-04-03T06:32:24.570+0600][9.267s][info][gc,phases      ] GC(31)   Post Evacuate Collection Set: 0.40ms
[2026-04-03T06:32:24.570+0600][9.268s][info][gc,phases      ] GC(31)   Other: 0.09ms
[2026-04-03T06:32:24.570+0600][9.268s][info][gc,heap        ] GC(31) Eden regions: 74->0(74)
[2026-04-03T06:32:24.570+0600][9.268s][info][gc,heap        ] GC(31) Survivor regions: 1->1(10)
[2026-04-03T06:32:24.570+0600][9.268s][info][gc,heap        ] GC(31) Old regions: 4->4
[2026-04-03T06:32:24.570+0600][9.268s][info][gc,heap        ] GC(31) Humongous regions: 6->6
[2026-04-03T06:32:24.570+0600][9.268s][info][gc,metaspace   ] GC(31) Metaspace: 9112K(9728K)->9112K(9728K) NonClass: 8078K(8448K)->8078K(8448K) Class: 1034K(1280K)->1034K(1280K)
[2026-04-03T06:32:24.570+0600][9.268s][info][gc             ] GC(31) Pause Young (Normal) (G1 Evacuation Pause) 165M->17M(252M) 1.706ms
[2026-04-03T06:32:24.570+0600][9.268s][info][gc,cpu         ] GC(31) User=0.00s Sys=0.00s Real=0.00s
[2026-04-03T06:32:24.646+0600][9.344s][info][gc,start       ] GC(32) Pause Young (Normal) (G1 Evacuation Pause)
[2026-04-03T06:32:24.646+0600][9.344s][info][gc,task        ] GC(32) Using 10 workers of 10 for evacuation
[2026-04-03T06:32:24.648+0600][9.346s][info][gc,phases      ] GC(32)   Pre Evacuate Collection Set: 0.37ms
[2026-04-03T06:32:24.648+0600][9.346s][info][gc,phases      ] GC(32)   Merge Heap Roots: 0.11ms
[2026-04-03T06:32:24.648+0600][9.346s][info][gc,phases      ] GC(32)   Evacuate Collection Set: 0.45ms
[2026-04-03T06:32:24.648+0600][9.346s][info][gc,phases      ] GC(32)   Post Evacuate Collection Set: 0.81ms
[2026-04-03T06:32:24.648+0600][9.346s][info][gc,phases      ] GC(32)   Other: 0.11ms
[2026-04-03T06:32:24.648+0600][9.346s][info][gc,heap        ] GC(32) Eden regions: 74->0(90)
[2026-04-03T06:32:24.648+0600][9.346s][info][gc,heap        ] GC(32) Survivor regions: 1->1(10)
[2026-04-03T06:32:24.648+0600][9.346s][info][gc,heap        ] GC(32) Old regions: 4->4
[2026-04-03T06:32:24.648+0600][9.346s][info][gc,heap        ] GC(32) Humongous regions: 6->6
[2026-04-03T06:32:24.648+0600][9.346s][info][gc,metaspace   ] GC(32) Metaspace: 9114K(9728K)->9114K(9728K) NonClass: 8080K(8448K)->8080K(8448K) Class: 1034K(1280K)->1034K(1280K)
[2026-04-03T06:32:24.648+0600][9.346s][info][gc             ] GC(32) Pause Young (Normal) (G1 Evacuation Pause) 165M->17M(304M) 2.197ms
[2026-04-03T06:32:24.648+0600][9.346s][info][gc,cpu         ] GC(32) User=0.01s Sys=0.00s Real=0.00s
[2026-04-03T06:32:24.752+0600][9.449s][info][gc,start       ] GC(33) Pause Young (Normal) (G1 Evacuation Pause)
[2026-04-03T06:32:24.752+0600][9.449s][info][gc,task        ] GC(33) Using 10 workers of 10 for evacuation
[2026-04-03T06:32:24.755+0600][9.452s][info][gc,phases      ] GC(33)   Pre Evacuate Collection Set: 0.32ms
[2026-04-03T06:32:24.755+0600][9.453s][info][gc,phases      ] GC(33)   Merge Heap Roots: 0.24ms
[2026-04-03T06:32:24.755+0600][9.453s][info][gc,phases      ] GC(33)   Evacuate Collection Set: 1.93ms
[2026-04-03T06:32:24.755+0600][9.453s][info][gc,phases      ] GC(33)   Post Evacuate Collection Set: 0.53ms
[2026-04-03T06:32:24.755+0600][9.453s][info][gc,phases      ] GC(33)   Other: 0.17ms
[2026-04-03T06:32:24.755+0600][9.453s][info][gc,heap        ] GC(33) Eden regions: 90->0(90)
[2026-04-03T06:32:24.755+0600][9.453s][info][gc,heap        ] GC(33) Survivor regions: 1->1(12)
[2026-04-03T06:32:24.755+0600][9.453s][info][gc,heap        ] GC(33) Old regions: 4->4
[2026-04-03T06:32:24.755+0600][9.453s][info][gc,heap        ] GC(33) Humongous regions: 6->6
[2026-04-03T06:32:24.755+0600][9.453s][info][gc,metaspace   ] GC(33) Metaspace: 9121K(9728K)->9121K(9728K) NonClass: 8087K(8448K)->8087K(8448K) Class: 1034K(1280K)->1034K(1280K)
[2026-04-03T06:32:24.755+0600][9.453s][info][gc             ] GC(33) Pause Young (Normal) (G1 Evacuation Pause) 197M->17M(304M) 3.500ms
[2026-04-03T06:32:24.755+0600][9.453s][info][gc,cpu         ] GC(33) User=0.01s Sys=0.00s Real=0.01s
[2026-04-03T06:32:24.842+0600][9.540s][info][gc,start       ] GC(34) Pause Young (Normal) (G1 Evacuation Pause)
[2026-04-03T06:32:24.842+0600][9.540s][info][gc,task        ] GC(34) Using 10 workers of 10 for evacuation
[2026-04-03T06:32:24.845+0600][9.542s][info][gc,phases      ] GC(34)   Pre Evacuate Collection Set: 0.73ms
[2026-04-03T06:32:24.845+0600][9.542s][info][gc,phases      ] GC(34)   Merge Heap Roots: 0.16ms
[2026-04-03T06:32:24.845+0600][9.542s][info][gc,phases      ] GC(34)   Evacuate Collection Set: 0.55ms
[2026-04-03T06:32:24.845+0600][9.542s][info][gc,phases      ] GC(34)   Post Evacuate Collection Set: 0.62ms
[2026-04-03T06:32:24.845+0600][9.542s][info][gc,phases      ] GC(34)   Other: 0.15ms
[2026-04-03T06:32:24.845+0600][9.542s][info][gc,heap        ] GC(34) Eden regions: 90->0(90)
[2026-04-03T06:32:24.845+0600][9.542s][info][gc,heap        ] GC(34) Survivor regions: 1->1(12)
[2026-04-03T06:32:24.845+0600][9.542s][info][gc,heap        ] GC(34) Old regions: 4->4
[2026-04-03T06:32:24.845+0600][9.542s][info][gc,heap        ] GC(34) Humongous regions: 6->6
[2026-04-03T06:32:24.845+0600][9.542s][info][gc,metaspace   ] GC(34) Metaspace: 9146K(9728K)->9146K(9728K) NonClass: 8112K(8448K)->8112K(8448K) Class: 1034K(1280K)->1034K(1280K)
[2026-04-03T06:32:24.845+0600][9.542s][info][gc             ] GC(34) Pause Young (Normal) (G1 Evacuation Pause) 197M->17M(304M) 2.493ms
[2026-04-03T06:32:24.845+0600][9.542s][info][gc,cpu         ] GC(34) User=0.01s Sys=0.00s Real=0.01s
[2026-04-03T06:32:24.927+0600][9.625s][info][gc,start       ] GC(35) Pause Young (Normal) (G1 Evacuation Pause)
[2026-04-03T06:32:24.927+0600][9.625s][info][gc,task        ] GC(35) Using 10 workers of 10 for evacuation
[2026-04-03T06:32:24.933+0600][9.630s][info][gc,phases      ] GC(35)   Pre Evacuate Collection Set: 0.24ms
[2026-04-03T06:32:24.933+0600][9.631s][info][gc,phases      ] GC(35)   Merge Heap Roots: 0.17ms
[2026-04-03T06:32:24.933+0600][9.631s][info][gc,phases      ] GC(35)   Evacuate Collection Set: 2.89ms
[2026-04-03T06:32:24.933+0600][9.631s][info][gc,phases      ] GC(35)   Post Evacuate Collection Set: 2.35ms
[2026-04-03T06:32:24.933+0600][9.631s][info][gc,phases      ] GC(35)   Other: 0.11ms
[2026-04-03T06:32:24.933+0600][9.631s][info][gc,heap        ] GC(35) Eden regions: 90->0(90)
[2026-04-03T06:32:24.933+0600][9.631s][info][gc,heap        ] GC(35) Survivor regions: 1->1(12)
[2026-04-03T06:32:24.933+0600][9.631s][info][gc,heap        ] GC(35) Old regions: 4->4
[2026-04-03T06:32:24.933+0600][9.631s][info][gc,heap        ] GC(35) Humongous regions: 6->6
[2026-04-03T06:32:24.933+0600][9.631s][info][gc,metaspace   ] GC(35) Metaspace: 9151K(9728K)->9151K(9728K) NonClass: 8117K(8448K)->8117K(8448K) Class: 1034K(1280K)->1034K(1280K)
[2026-04-03T06:32:24.933+0600][9.631s][info][gc             ] GC(35) Pause Young (Normal) (G1 Evacuation Pause) 197M->17M(304M) 6.167ms
[2026-04-03T06:32:24.933+0600][9.631s][info][gc,cpu         ] GC(35) User=0.00s Sys=0.00s Real=0.01s
[2026-04-03T06:32:25.021+0600][9.719s][info][gc,start       ] GC(36) Pause Young (Normal) (G1 Evacuation Pause)
[2026-04-03T06:32:25.022+0600][9.719s][info][gc,task        ] GC(36) Using 10 workers of 10 for evacuation
[2026-04-03T06:32:25.024+0600][9.721s][info][gc,phases      ] GC(36)   Pre Evacuate Collection Set: 0.28ms
[2026-04-03T06:32:25.024+0600][9.721s][info][gc,phases      ] GC(36)   Merge Heap Roots: 0.14ms
[2026-04-03T06:32:25.024+0600][9.721s][info][gc,phases      ] GC(36)   Evacuate Collection Set: 0.55ms
[2026-04-03T06:32:25.024+0600][9.721s][info][gc,phases      ] GC(36)   Post Evacuate Collection Set: 0.97ms
[2026-04-03T06:32:25.024+0600][9.721s][info][gc,phases      ] GC(36)   Other: 0.11ms
[2026-04-03T06:32:25.024+0600][9.721s][info][gc,heap        ] GC(36) Eden regions: 90->0(118)
[2026-04-03T06:32:25.024+0600][9.721s][info][gc,heap        ] GC(36) Survivor regions: 1->1(12)
[2026-04-03T06:32:25.024+0600][9.721s][info][gc,heap        ] GC(36) Old regions: 4->4
[2026-04-03T06:32:25.024+0600][9.721s][info][gc,heap        ] GC(36) Humongous regions: 6->6
[2026-04-03T06:32:25.024+0600][9.721s][info][gc,metaspace   ] GC(36) Metaspace: 9154K(9728K)->9154K(9728K) NonClass: 8120K(8448K)->8120K(8448K) Class: 1034K(1280K)->1034K(1280K)
[2026-04-03T06:32:25.024+0600][9.721s][info][gc             ] GC(36) Pause Young (Normal) (G1 Evacuation Pause) 197M->17M(398M) 2.468ms
[2026-04-03T06:32:25.024+0600][9.721s][info][gc,cpu         ] GC(36) User=0.00s Sys=0.00s Real=0.01s
[2026-04-03T06:32:25.162+0600][9.860s][info][gc,start       ] GC(37) Pause Young (Normal) (G1 Evacuation Pause)
[2026-04-03T06:32:25.163+0600][9.860s][info][gc,task        ] GC(37) Using 10 workers of 10 for evacuation
[2026-04-03T06:32:25.165+0600][9.862s][info][gc,phases      ] GC(37)   Pre Evacuate Collection Set: 0.40ms
[2026-04-03T06:32:25.165+0600][9.862s][info][gc,phases      ] GC(37)   Merge Heap Roots: 0.20ms
[2026-04-03T06:32:25.165+0600][9.862s][info][gc,phases      ] GC(37)   Evacuate Collection Set: 1.09ms
[2026-04-03T06:32:25.165+0600][9.862s][info][gc,phases      ] GC(37)   Post Evacuate Collection Set: 0.53ms
[2026-04-03T06:32:25.165+0600][9.863s][info][gc,phases      ] GC(37)   Other: 0.14ms
[2026-04-03T06:32:25.165+0600][9.863s][info][gc,heap        ] GC(37) Eden regions: 118->0(118)
[2026-04-03T06:32:25.165+0600][9.863s][info][gc,heap        ] GC(37) Survivor regions: 1->1(15)
[2026-04-03T06:32:25.165+0600][9.863s][info][gc,heap        ] GC(37) Old regions: 4->4
[2026-04-03T06:32:25.165+0600][9.863s][info][gc,heap        ] GC(37) Humongous regions: 6->6
[2026-04-03T06:32:25.165+0600][9.863s][info][gc,metaspace   ] GC(37) Metaspace: 9154K(9728K)->9154K(9728K) NonClass: 8120K(8448K)->8120K(8448K) Class: 1034K(1280K)->1034K(1280K)
[2026-04-03T06:32:25.165+0600][9.863s][info][gc             ] GC(37) Pause Young (Normal) (G1 Evacuation Pause) 253M->17M(398M) 2.634ms
[2026-04-03T06:32:25.165+0600][9.863s][info][gc,cpu         ] GC(37) User=0.00s Sys=0.00s Real=0.01s
[2026-04-03T06:32:25.285+0600][9.983s][info][gc,start       ] GC(38) Pause Young (Normal) (G1 Evacuation Pause)
[2026-04-03T06:32:25.285+0600][9.983s][info][gc,task        ] GC(38) Using 10 workers of 10 for evacuation
[2026-04-03T06:32:25.287+0600][9.985s][info][gc,phases      ] GC(38)   Pre Evacuate Collection Set: 0.43ms
[2026-04-03T06:32:25.288+0600][9.985s][info][gc,phases      ] GC(38)   Merge Heap Roots: 0.23ms
[2026-04-03T06:32:25.288+0600][9.985s][info][gc,phases      ] GC(38)   Evacuate Collection Set: 0.59ms
[2026-04-03T06:32:25.288+0600][9.985s][info][gc,phases      ] GC(38)   Post Evacuate Collection Set: 0.67ms
[2026-04-03T06:32:25.288+0600][9.985s][info][gc,phases      ] GC(38)   Other: 0.13ms
[2026-04-03T06:32:25.288+0600][9.985s][info][gc,heap        ] GC(38) Eden regions: 118->0(118)
[2026-04-03T06:32:25.288+0600][9.985s][info][gc,heap        ] GC(38) Survivor regions: 1->1(15)
[2026-04-03T06:32:25.288+0600][9.985s][info][gc,heap        ] GC(38) Old regions: 4->4
[2026-04-03T06:32:25.288+0600][9.985s][info][gc,heap        ] GC(38) Humongous regions: 6->6
[2026-04-03T06:32:25.288+0600][9.985s][info][gc,metaspace   ] GC(38) Metaspace: 9154K(9728K)->9154K(9728K) NonClass: 8120K(8448K)->8120K(8448K) Class: 1034K(1280K)->1034K(1280K)
[2026-04-03T06:32:25.288+0600][9.985s][info][gc             ] GC(38) Pause Young (Normal) (G1 Evacuation Pause) 253M->17M(398M) 2.582ms
[2026-04-03T06:32:25.288+0600][9.985s][info][gc,cpu         ] GC(38) User=0.01s Sys=0.01s Real=0.00s
[2026-04-03T06:32:25.410+0600][10.107s][info][gc,start       ] GC(39) Pause Young (Normal) (G1 Evacuation Pause)
[2026-04-03T06:32:25.410+0600][10.107s][info][gc,task        ] GC(39) Using 10 workers of 10 for evacuation
[2026-04-03T06:32:25.412+0600][10.109s][info][gc,phases      ] GC(39)   Pre Evacuate Collection Set: 0.28ms
[2026-04-03T06:32:25.412+0600][10.109s][info][gc,phases      ] GC(39)   Merge Heap Roots: 0.22ms
[2026-04-03T06:32:25.412+0600][10.109s][info][gc,phases      ] GC(39)   Evacuate Collection Set: 0.47ms
[2026-04-03T06:32:25.412+0600][10.109s][info][gc,phases      ] GC(39)   Post Evacuate Collection Set: 0.81ms
[2026-04-03T06:32:25.412+0600][10.109s][info][gc,phases      ] GC(39)   Other: 0.10ms
[2026-04-03T06:32:25.412+0600][10.109s][info][gc,heap        ] GC(39) Eden regions: 118->0(118)
[2026-04-03T06:32:25.412+0600][10.109s][info][gc,heap        ] GC(39) Survivor regions: 1->1(15)
[2026-04-03T06:32:25.412+0600][10.109s][info][gc,heap        ] GC(39) Old regions: 4->4
[2026-04-03T06:32:25.412+0600][10.109s][info][gc,heap        ] GC(39) Humongous regions: 6->6
[2026-04-03T06:32:25.412+0600][10.109s][info][gc,metaspace   ] GC(39) Metaspace: 9155K(9728K)->9155K(9728K) NonClass: 8121K(8448K)->8121K(8448K) Class: 1034K(1280K)->1034K(1280K)
[2026-04-03T06:32:25.412+0600][10.109s][info][gc             ] GC(39) Pause Young (Normal) (G1 Evacuation Pause) 253M->17M(398M) 2.269ms
[2026-04-03T06:32:25.412+0600][10.109s][info][gc,cpu         ] GC(39) User=0.01s Sys=0.00s Real=0.00s
[2026-04-03T06:32:25.523+0600][10.221s][info][gc,start       ] GC(40) Pause Young (Normal) (G1 Evacuation Pause)
[2026-04-03T06:32:25.523+0600][10.221s][info][gc,task        ] GC(40) Using 10 workers of 10 for evacuation
[2026-04-03T06:32:25.526+0600][10.224s][info][gc,phases      ] GC(40)   Pre Evacuate Collection Set: 0.23ms
[2026-04-03T06:32:25.526+0600][10.224s][info][gc,phases      ] GC(40)   Merge Heap Roots: 0.15ms
[2026-04-03T06:32:25.526+0600][10.224s][info][gc,phases      ] GC(40)   Evacuate Collection Set: 1.65ms
[2026-04-03T06:32:25.526+0600][10.224s][info][gc,phases      ] GC(40)   Post Evacuate Collection Set: 0.57ms
[2026-04-03T06:32:25.526+0600][10.224s][info][gc,phases      ] GC(40)   Other: 0.10ms
[2026-04-03T06:32:25.526+0600][10.224s][info][gc,heap        ] GC(40) Eden regions: 118->0(118)
[2026-04-03T06:32:25.526+0600][10.224s][info][gc,heap        ] GC(40) Survivor regions: 1->1(15)
[2026-04-03T06:32:25.526+0600][10.224s][info][gc,heap        ] GC(40) Old regions: 4->4
[2026-04-03T06:32:25.526+0600][10.224s][info][gc,heap        ] GC(40) Humongous regions: 6->6
[2026-04-03T06:32:25.526+0600][10.224s][info][gc,metaspace   ] GC(40) Metaspace: 9162K(9728K)->9162K(9728K) NonClass: 8128K(8448K)->8128K(8448K) Class: 1034K(1280K)->1034K(1280K)
[2026-04-03T06:32:25.526+0600][10.224s][info][gc             ] GC(40) Pause Young (Normal) (G1 Evacuation Pause) 253M->17M(398M) 3.015ms
[2026-04-03T06:32:25.526+0600][10.224s][info][gc,cpu         ] GC(40) User=0.01s Sys=0.00s Real=0.00s
[2026-04-03T06:32:25.653+0600][10.351s][info][gc,start       ] GC(41) Pause Young (Normal) (G1 Evacuation Pause)
[2026-04-03T06:32:25.654+0600][10.351s][info][gc,task        ] GC(41) Using 10 workers of 10 for evacuation
[2026-04-03T06:32:25.658+0600][10.355s][info][gc,phases      ] GC(41)   Pre Evacuate Collection Set: 0.37ms
[2026-04-03T06:32:25.658+0600][10.355s][info][gc,phases      ] GC(41)   Merge Heap Roots: 0.32ms
[2026-04-03T06:32:25.658+0600][10.355s][info][gc,phases      ] GC(41)   Evacuate Collection Set: 2.04ms
[2026-04-03T06:32:25.658+0600][10.355s][info][gc,phases      ] GC(41)   Post Evacuate Collection Set: 1.20ms
[2026-04-03T06:32:25.658+0600][10.355s][info][gc,phases      ] GC(41)   Other: 0.14ms
[2026-04-03T06:32:25.658+0600][10.355s][info][gc,heap        ] GC(41) Eden regions: 118->0(142)
[2026-04-03T06:32:25.658+0600][10.355s][info][gc,heap        ] GC(41) Survivor regions: 1->1(15)
[2026-04-03T06:32:25.658+0600][10.355s][info][gc,heap        ] GC(41) Old regions: 4->4
[2026-04-03T06:32:25.658+0600][10.355s][info][gc,heap        ] GC(41) Humongous regions: 6->6
[2026-04-03T06:32:25.658+0600][10.355s][info][gc,metaspace   ] GC(41) Metaspace: 9174K(9792K)->9174K(9792K) NonClass: 8140K(8512K)->8140K(8512K) Class: 1034K(1280K)->1034K(1280K)
[2026-04-03T06:32:25.658+0600][10.355s][info][gc             ] GC(41) Pause Young (Normal) (G1 Evacuation Pause) 253M->17M(478M) 4.407ms
[2026-04-03T06:32:25.658+0600][10.356s][info][gc,cpu         ] GC(41) User=0.01s Sys=0.00s Real=0.00s
[2026-04-03T06:32:25.825+0600][10.523s][info][gc,start       ] GC(42) Pause Young (Normal) (G1 Evacuation Pause)
[2026-04-03T06:32:25.825+0600][10.523s][info][gc,task        ] GC(42) Using 10 workers of 10 for evacuation
[2026-04-03T06:32:25.827+0600][10.525s][info][gc,phases      ] GC(42)   Pre Evacuate Collection Set: 0.39ms
[2026-04-03T06:32:25.827+0600][10.525s][info][gc,phases      ] GC(42)   Merge Heap Roots: 0.18ms
[2026-04-03T06:32:25.827+0600][10.525s][info][gc,phases      ] GC(42)   Evacuate Collection Set: 0.67ms
[2026-04-03T06:32:25.827+0600][10.525s][info][gc,phases      ] GC(42)   Post Evacuate Collection Set: 0.68ms
[2026-04-03T06:32:25.827+0600][10.525s][info][gc,phases      ] GC(42)   Other: 0.16ms
[2026-04-03T06:32:25.827+0600][10.525s][info][gc,heap        ] GC(42) Eden regions: 142->0(142)
[2026-04-03T06:32:25.827+0600][10.525s][info][gc,heap        ] GC(42) Survivor regions: 1->1(18)
[2026-04-03T06:32:25.827+0600][10.525s][info][gc,heap        ] GC(42) Old regions: 4->4
[2026-04-03T06:32:25.827+0600][10.525s][info][gc,heap        ] GC(42) Humongous regions: 6->6
[2026-04-03T06:32:25.827+0600][10.525s][info][gc,metaspace   ] GC(42) Metaspace: 9181K(9792K)->9181K(9792K) NonClass: 8147K(8512K)->8147K(8512K) Class: 1034K(1280K)->1034K(1280K)
[2026-04-03T06:32:25.827+0600][10.525s][info][gc             ] GC(42) Pause Young (Normal) (G1 Evacuation Pause) 301M->17M(478M) 2.455ms
[2026-04-03T06:32:25.827+0600][10.525s][info][gc,cpu         ] GC(42) User=0.01s Sys=0.00s Real=0.00s
[2026-04-03T06:32:25.964+0600][10.662s][info][gc,start       ] GC(43) Pause Young (Normal) (G1 Evacuation Pause)
[2026-04-03T06:32:25.964+0600][10.662s][info][gc,task        ] GC(43) Using 10 workers of 10 for evacuation
[2026-04-03T06:32:25.966+0600][10.663s][info][gc,phases      ] GC(43)   Pre Evacuate Collection Set: 0.35ms
[2026-04-03T06:32:25.966+0600][10.663s][info][gc,phases      ] GC(43)   Merge Heap Roots: 0.21ms
[2026-04-03T06:32:25.966+0600][10.663s][info][gc,phases      ] GC(43)   Evacuate Collection Set: 0.52ms
[2026-04-03T06:32:25.966+0600][10.663s][info][gc,phases      ] GC(43)   Post Evacuate Collection Set: 0.52ms
[2026-04-03T06:32:25.966+0600][10.663s][info][gc,phases      ] GC(43)   Other: 0.10ms
[2026-04-03T06:32:25.966+0600][10.664s][info][gc,heap        ] GC(43) Eden regions: 142->0(142)
[2026-04-03T06:32:25.966+0600][10.664s][info][gc,heap        ] GC(43) Survivor regions: 1->1(18)
[2026-04-03T06:32:25.966+0600][10.664s][info][gc,heap        ] GC(43) Old regions: 4->4
[2026-04-03T06:32:25.966+0600][10.664s][info][gc,heap        ] GC(43) Humongous regions: 6->6
[2026-04-03T06:32:25.966+0600][10.664s][info][gc,metaspace   ] GC(43) Metaspace: 9182K(9792K)->9182K(9792K) NonClass: 8147K(8512K)->8147K(8512K) Class: 1034K(1280K)->1034K(1280K)
[2026-04-03T06:32:25.966+0600][10.664s][info][gc             ] GC(43) Pause Young (Normal) (G1 Evacuation Pause) 301M->17M(478M) 1.947ms
[2026-04-03T06:32:25.966+0600][10.664s][info][gc,cpu         ] GC(43) User=0.01s Sys=0.01s Real=0.00s
[2026-04-03T06:32:26.112+0600][10.809s][info][gc,start       ] GC(44) Pause Young (Normal) (G1 Evacuation Pause)
[2026-04-03T06:32:26.112+0600][10.809s][info][gc,task        ] GC(44) Using 10 workers of 10 for evacuation
[2026-04-03T06:32:26.115+0600][10.812s][info][gc,phases      ] GC(44)   Pre Evacuate Collection Set: 0.27ms
[2026-04-03T06:32:26.115+0600][10.812s][info][gc,phases      ] GC(44)   Merge Heap Roots: 0.14ms
[2026-04-03T06:32:26.115+0600][10.812s][info][gc,phases      ] GC(44)   Evacuate Collection Set: 1.67ms
[2026-04-03T06:32:26.115+0600][10.812s][info][gc,phases      ] GC(44)   Post Evacuate Collection Set: 0.84ms
[2026-04-03T06:32:26.115+0600][10.812s][info][gc,phases      ] GC(44)   Other: 0.10ms
[2026-04-03T06:32:26.115+0600][10.812s][info][gc,heap        ] GC(44) Eden regions: 142->0(142)
[2026-04-03T06:32:26.115+0600][10.812s][info][gc,heap        ] GC(44) Survivor regions: 1->1(18)
[2026-04-03T06:32:26.115+0600][10.813s][info][gc,heap        ] GC(44) Old regions: 4->4
[2026-04-03T06:32:26.115+0600][10.813s][info][gc,heap        ] GC(44) Humongous regions: 6->6
[2026-04-03T06:32:26.115+0600][10.813s][info][gc,metaspace   ] GC(44) Metaspace: 9182K(9792K)->9182K(9792K) NonClass: 8147K(8512K)->8147K(8512K) Class: 1034K(1280K)->1034K(1280K)
[2026-04-03T06:32:26.115+0600][10.813s][info][gc             ] GC(44) Pause Young (Normal) (G1 Evacuation Pause) 301M->17M(478M) 3.404ms
[2026-04-03T06:32:26.115+0600][10.813s][info][gc,cpu         ] GC(44) User=0.01s Sys=0.00s Real=0.01s
[2026-04-03T06:32:26.254+0600][10.952s][info][gc,start       ] GC(45) Pause Young (Normal) (G1 Evacuation Pause)
[2026-04-03T06:32:26.254+0600][10.952s][info][gc,task        ] GC(45) Using 10 workers of 10 for evacuation
[2026-04-03T06:32:26.258+0600][10.956s][info][gc,phases      ] GC(45)   Pre Evacuate Collection Set: 0.45ms
[2026-04-03T06:32:26.258+0600][10.956s][info][gc,phases      ] GC(45)   Merge Heap Roots: 0.17ms
[2026-04-03T06:32:26.258+0600][10.956s][info][gc,phases      ] GC(45)   Evacuate Collection Set: 2.29ms
[2026-04-03T06:32:26.258+0600][10.956s][info][gc,phases      ] GC(45)   Post Evacuate Collection Set: 0.65ms
[2026-04-03T06:32:26.258+0600][10.956s][info][gc,phases      ] GC(45)   Other: 0.10ms
[2026-04-03T06:32:26.258+0600][10.956s][info][gc,heap        ] GC(45) Eden regions: 142->0(142)
[2026-04-03T06:32:26.258+0600][10.956s][info][gc,heap        ] GC(45) Survivor regions: 1->1(18)
[2026-04-03T06:32:26.258+0600][10.956s][info][gc,heap        ] GC(45) Old regions: 4->4
[2026-04-03T06:32:26.258+0600][10.956s][info][gc,heap        ] GC(45) Humongous regions: 6->6
[2026-04-03T06:32:26.258+0600][10.956s][info][gc,metaspace   ] GC(45) Metaspace: 9182K(9792K)->9182K(9792K) NonClass: 8147K(8512K)->8147K(8512K) Class: 1034K(1280K)->1034K(1280K)
[2026-04-03T06:32:26.258+0600][10.956s][info][gc             ] GC(45) Pause Young (Normal) (G1 Evacuation Pause) 301M->17M(478M) 3.990ms
[2026-04-03T06:32:26.258+0600][10.956s][info][gc,cpu         ] GC(45) User=0.01s Sys=0.00s Real=0.00s
[2026-04-03T06:32:26.420+0600][11.117s][info][gc,start       ] GC(46) Pause Young (Normal) (G1 Evacuation Pause)
[2026-04-03T06:32:26.420+0600][11.118s][info][gc,task        ] GC(46) Using 10 workers of 10 for evacuation
[2026-04-03T06:32:26.422+0600][11.119s][info][gc,phases      ] GC(46)   Pre Evacuate Collection Set: 0.23ms
[2026-04-03T06:32:26.422+0600][11.119s][info][gc,phases      ] GC(46)   Merge Heap Roots: 0.16ms
[2026-04-03T06:32:26.422+0600][11.120s][info][gc,phases      ] GC(46)   Evacuate Collection Set: 0.87ms
[2026-04-03T06:32:26.422+0600][11.120s][info][gc,phases      ] GC(46)   Post Evacuate Collection Set: 0.50ms
[2026-04-03T06:32:26.422+0600][11.120s][info][gc,phases      ] GC(46)   Other: 0.09ms
[2026-04-03T06:32:26.422+0600][11.120s][info][gc,heap        ] GC(46) Eden regions: 142->0(142)
[2026-04-03T06:32:26.422+0600][11.120s][info][gc,heap        ] GC(46) Survivor regions: 1->1(18)
[2026-04-03T06:32:26.422+0600][11.120s][info][gc,heap        ] GC(46) Old regions: 4->4
[2026-04-03T06:32:26.422+0600][11.120s][info][gc,heap        ] GC(46) Humongous regions: 6->6
[2026-04-03T06:32:26.422+0600][11.120s][info][gc,metaspace   ] GC(46) Metaspace: 9183K(9792K)->9183K(9792K) NonClass: 8149K(8512K)->8149K(8512K) Class: 1034K(1280K)->1034K(1280K)
[2026-04-03T06:32:26.422+0600][11.120s][info][gc             ] GC(46) Pause Young (Normal) (G1 Evacuation Pause) 301M->17M(478M) 2.169ms
[2026-04-03T06:32:26.422+0600][11.120s][info][gc,cpu         ] GC(46) User=0.01s Sys=0.01s Real=0.00s
[2026-04-03T06:32:26.580+0600][11.278s][info][gc,start       ] GC(47) Pause Young (Normal) (G1 Evacuation Pause)
[2026-04-03T06:32:26.580+0600][11.278s][info][gc,task        ] GC(47) Using 10 workers of 10 for evacuation
[2026-04-03T06:32:26.583+0600][11.281s][info][gc,phases      ] GC(47)   Pre Evacuate Collection Set: 0.25ms
[2026-04-03T06:32:26.583+0600][11.281s][info][gc,phases      ] GC(47)   Merge Heap Roots: 0.16ms
[2026-04-03T06:32:26.583+0600][11.281s][info][gc,phases      ] GC(47)   Evacuate Collection Set: 1.40ms
[2026-04-03T06:32:26.583+0600][11.281s][info][gc,phases      ] GC(47)   Post Evacuate Collection Set: 0.56ms
[2026-04-03T06:32:26.583+0600][11.281s][info][gc,phases      ] GC(47)   Other: 0.11ms
[2026-04-03T06:32:26.583+0600][11.281s][info][gc,heap        ] GC(47) Eden regions: 142->0(142)
[2026-04-03T06:32:26.583+0600][11.281s][info][gc,heap        ] GC(47) Survivor regions: 1->1(18)
[2026-04-03T06:32:26.583+0600][11.281s][info][gc,heap        ] GC(47) Old regions: 4->4
[2026-04-03T06:32:26.583+0600][11.281s][info][gc,heap        ] GC(47) Humongous regions: 6->6
[2026-04-03T06:32:26.583+0600][11.281s][info][gc,metaspace   ] GC(47) Metaspace: 9186K(9792K)->9186K(9792K) NonClass: 8152K(8512K)->8152K(8512K) Class: 1034K(1280K)->1034K(1280K)
[2026-04-03T06:32:26.583+0600][11.281s][info][gc             ] GC(47) Pause Young (Normal) (G1 Evacuation Pause) 301M->17M(478M) 2.951ms
[2026-04-03T06:32:26.583+0600][11.281s][info][gc,cpu         ] GC(47) User=0.01s Sys=0.00s Real=0.01s
[2026-04-03T06:32:26.737+0600][11.434s][info][gc,start       ] GC(48) Pause Young (Normal) (G1 Evacuation Pause)
[2026-04-03T06:32:26.737+0600][11.434s][info][gc,task        ] GC(48) Using 10 workers of 10 for evacuation
[2026-04-03T06:32:26.738+0600][11.436s][info][gc,phases      ] GC(48)   Pre Evacuate Collection Set: 0.22ms
[2026-04-03T06:32:26.739+0600][11.436s][info][gc,phases      ] GC(48)   Merge Heap Roots: 0.15ms
[2026-04-03T06:32:26.739+0600][11.436s][info][gc,phases      ] GC(48)   Evacuate Collection Set: 0.47ms
[2026-04-03T06:32:26.739+0600][11.436s][info][gc,phases      ] GC(48)   Post Evacuate Collection Set: 0.82ms
[2026-04-03T06:32:26.739+0600][11.436s][info][gc,phases      ] GC(48)   Other: 0.11ms
[2026-04-03T06:32:26.739+0600][11.436s][info][gc,heap        ] GC(48) Eden regions: 142->0(142)
[2026-04-03T06:32:26.739+0600][11.436s][info][gc,heap        ] GC(48) Survivor regions: 1->1(18)
[2026-04-03T06:32:26.739+0600][11.436s][info][gc,heap        ] GC(48) Old regions: 4->4
[2026-04-03T06:32:26.739+0600][11.436s][info][gc,heap        ] GC(48) Humongous regions: 6->6
[2026-04-03T06:32:26.739+0600][11.436s][info][gc,metaspace   ] GC(48) Metaspace: 9186K(9792K)->9186K(9792K) NonClass: 8152K(8512K)->8152K(8512K) Class: 1034K(1280K)->1034K(1280K)
[2026-04-03T06:32:26.739+0600][11.436s][info][gc             ] GC(48) Pause Young (Normal) (G1 Evacuation Pause) 301M->17M(478M) 2.147ms
[2026-04-03T06:32:26.739+0600][11.436s][info][gc,cpu         ] GC(48) User=0.01s Sys=0.00s Real=0.00s
[2026-04-03T06:32:26.880+0600][11.578s][info][gc,start       ] GC(49) Pause Young (Normal) (G1 Evacuation Pause)
[2026-04-03T06:32:26.881+0600][11.578s][info][gc,task        ] GC(49) Using 10 workers of 10 for evacuation
[2026-04-03T06:32:26.882+0600][11.580s][info][gc,phases      ] GC(49)   Pre Evacuate Collection Set: 0.24ms
[2026-04-03T06:32:26.882+0600][11.580s][info][gc,phases      ] GC(49)   Merge Heap Roots: 0.32ms
[2026-04-03T06:32:26.883+0600][11.580s][info][gc,phases      ] GC(49)   Evacuate Collection Set: 0.52ms
[2026-04-03T06:32:26.883+0600][11.580s][info][gc,phases      ] GC(49)   Post Evacuate Collection Set: 0.74ms
[2026-04-03T06:32:26.883+0600][11.580s][info][gc,phases      ] GC(49)   Other: 0.11ms
[2026-04-03T06:32:26.883+0600][11.580s][info][gc,heap        ] GC(49) Eden regions: 142->0(142)
[2026-04-03T06:32:26.883+0600][11.580s][info][gc,heap        ] GC(49) Survivor regions: 1->1(18)
[2026-04-03T06:32:26.883+0600][11.580s][info][gc,heap        ] GC(49) Old regions: 4->4
[2026-04-03T06:32:26.883+0600][11.580s][info][gc,heap        ] GC(49) Humongous regions: 6->6
[2026-04-03T06:32:26.883+0600][11.580s][info][gc,metaspace   ] GC(49) Metaspace: 9186K(9792K)->9186K(9792K) NonClass: 8152K(8512K)->8152K(8512K) Class: 1034K(1280K)->1034K(1280K)
[2026-04-03T06:32:26.883+0600][11.580s][info][gc             ] GC(49) Pause Young (Normal) (G1 Evacuation Pause) 301M->17M(478M) 2.224ms
[2026-04-03T06:32:26.883+0600][11.580s][info][gc,cpu         ] GC(49) User=0.01s Sys=0.00s Real=0.00s
[2026-04-03T06:32:27.014+0600][11.712s][info][gc,start       ] GC(50) Pause Young (Normal) (G1 Evacuation Pause)
[2026-04-03T06:32:27.015+0600][11.712s][info][gc,task        ] GC(50) Using 10 workers of 10 for evacuation
[2026-04-03T06:32:27.016+0600][11.714s][info][gc,phases      ] GC(50)   Pre Evacuate Collection Set: 0.29ms
[2026-04-03T06:32:27.017+0600][11.714s][info][gc,phases      ] GC(50)   Merge Heap Roots: 0.16ms
[2026-04-03T06:32:27.017+0600][11.714s][info][gc,phases      ] GC(50)   Evacuate Collection Set: 0.53ms
[2026-04-03T06:32:27.017+0600][11.714s][info][gc,phases      ] GC(50)   Post Evacuate Collection Set: 0.64ms
[2026-04-03T06:32:27.017+0600][11.714s][info][gc,phases      ] GC(50)   Other: 0.21ms
[2026-04-03T06:32:27.017+0600][11.714s][info][gc,heap        ] GC(50) Eden regions: 142->0(142)
[2026-04-03T06:32:27.017+0600][11.714s][info][gc,heap        ] GC(50) Survivor regions: 1->1(18)
[2026-04-03T06:32:27.017+0600][11.714s][info][gc,heap        ] GC(50) Old regions: 4->4
[2026-04-03T06:32:27.017+0600][11.714s][info][gc,heap        ] GC(50) Humongous regions: 6->6
[2026-04-03T06:32:27.017+0600][11.714s][info][gc,metaspace   ] GC(50) Metaspace: 9186K(9792K)->9186K(9792K) NonClass: 8152K(8512K)->8152K(8512K) Class: 1034K(1280K)->1034K(1280K)
[2026-04-03T06:32:27.017+0600][11.714s][info][gc             ] GC(50) Pause Young (Normal) (G1 Evacuation Pause) 301M->17M(478M) 2.236ms
[2026-04-03T06:32:27.017+0600][11.714s][info][gc,cpu         ] GC(50) User=0.00s Sys=0.01s Real=0.00s
[2026-04-03T06:32:27.144+0600][11.841s][info][gc,start       ] GC(51) Pause Young (Normal) (G1 Evacuation Pause)
[2026-04-03T06:32:27.144+0600][11.842s][info][gc,task        ] GC(51) Using 10 workers of 10 for evacuation
[2026-04-03T06:32:27.146+0600][11.844s][info][gc,phases      ] GC(51)   Pre Evacuate Collection Set: 0.25ms
[2026-04-03T06:32:27.146+0600][11.844s][info][gc,phases      ] GC(51)   Merge Heap Roots: 0.18ms
[2026-04-03T06:32:27.146+0600][11.844s][info][gc,phases      ] GC(51)   Evacuate Collection Set: 0.76ms
[2026-04-03T06:32:27.146+0600][11.844s][info][gc,phases      ] GC(51)   Post Evacuate Collection Set: 0.67ms
[2026-04-03T06:32:27.146+0600][11.844s][info][gc,phases      ] GC(51)   Other: 0.14ms
[2026-04-03T06:32:27.146+0600][11.844s][info][gc,heap        ] GC(51) Eden regions: 142->0(142)
[2026-04-03T06:32:27.146+0600][11.844s][info][gc,heap        ] GC(51) Survivor regions: 1->1(18)
[2026-04-03T06:32:27.146+0600][11.844s][info][gc,heap        ] GC(51) Old regions: 4->4
[2026-04-03T06:32:27.146+0600][11.844s][info][gc,heap        ] GC(51) Humongous regions: 6->6
[2026-04-03T06:32:27.146+0600][11.844s][info][gc,metaspace   ] GC(51) Metaspace: 9186K(9792K)->9186K(9792K) NonClass: 8152K(8512K)->8152K(8512K) Class: 1034K(1280K)->1034K(1280K)
[2026-04-03T06:32:27.146+0600][11.844s][info][gc             ] GC(51) Pause Young (Normal) (G1 Evacuation Pause) 301M->17M(478M) 2.383ms
[2026-04-03T06:32:27.146+0600][11.844s][info][gc,cpu         ] GC(51) User=0.01s Sys=0.00s Real=0.00s
[2026-04-03T06:32:27.266+0600][11.963s][info][gc,start       ] GC(52) Pause Young (Normal) (G1 Evacuation Pause)
[2026-04-03T06:32:27.266+0600][11.963s][info][gc,task        ] GC(52) Using 10 workers of 10 for evacuation
[2026-04-03T06:32:27.268+0600][11.965s][info][gc,phases      ] GC(52)   Pre Evacuate Collection Set: 0.30ms
[2026-04-03T06:32:27.268+0600][11.965s][info][gc,phases      ] GC(52)   Merge Heap Roots: 0.19ms
[2026-04-03T06:32:27.268+0600][11.965s][info][gc,phases      ] GC(52)   Evacuate Collection Set: 0.45ms
[2026-04-03T06:32:27.268+0600][11.966s][info][gc,phases      ] GC(52)   Post Evacuate Collection Set: 1.05ms
[2026-04-03T06:32:27.268+0600][11.966s][info][gc,phases      ] GC(52)   Other: 0.13ms
[2026-04-03T06:32:27.268+0600][11.966s][info][gc,heap        ] GC(52) Eden regions: 142->0(142)
[2026-04-03T06:32:27.268+0600][11.966s][info][gc,heap        ] GC(52) Survivor regions: 1->1(18)
[2026-04-03T06:32:27.268+0600][11.966s][info][gc,heap        ] GC(52) Old regions: 4->4
[2026-04-03T06:32:27.268+0600][11.966s][info][gc,heap        ] GC(52) Humongous regions: 6->6
[2026-04-03T06:32:27.268+0600][11.966s][info][gc,metaspace   ] GC(52) Metaspace: 9186K(9792K)->9186K(9792K) NonClass: 8152K(8512K)->8152K(8512K) Class: 1034K(1280K)->1034K(1280K)
[2026-04-03T06:32:27.268+0600][11.966s][info][gc             ] GC(52) Pause Young (Normal) (G1 Evacuation Pause) 301M->17M(478M) 2.446ms
[2026-04-03T06:32:27.268+0600][11.966s][info][gc,cpu         ] GC(52) User=0.00s Sys=0.00s Real=0.00s
[2026-04-03T06:32:27.413+0600][12.111s][info][gc,start       ] GC(53) Pause Young (Normal) (G1 Evacuation Pause)
[2026-04-03T06:32:27.414+0600][12.111s][info][gc,task        ] GC(53) Using 10 workers of 10 for evacuation
[2026-04-03T06:32:27.415+0600][12.113s][info][gc,phases      ] GC(53)   Pre Evacuate Collection Set: 0.24ms
[2026-04-03T06:32:27.415+0600][12.113s][info][gc,phases      ] GC(53)   Merge Heap Roots: 0.17ms
[2026-04-03T06:32:27.415+0600][12.113s][info][gc,phases      ] GC(53)   Evacuate Collection Set: 0.45ms
[2026-04-03T06:32:27.416+0600][12.113s][info][gc,phases      ] GC(53)   Post Evacuate Collection Set: 0.82ms
[2026-04-03T06:32:27.416+0600][12.113s][info][gc,phases      ] GC(53)   Other: 0.13ms
[2026-04-03T06:32:27.416+0600][12.113s][info][gc,heap        ] GC(53) Eden regions: 142->0(142)
[2026-04-03T06:32:27.416+0600][12.113s][info][gc,heap        ] GC(53) Survivor regions: 1->1(18)
[2026-04-03T06:32:27.416+0600][12.113s][info][gc,heap        ] GC(53) Old regions: 4->4
[2026-04-03T06:32:27.416+0600][12.113s][info][gc,heap        ] GC(53) Humongous regions: 6->6
[2026-04-03T06:32:27.416+0600][12.113s][info][gc,metaspace   ] GC(53) Metaspace: 9186K(9792K)->9186K(9792K) NonClass: 8152K(8512K)->8152K(8512K) Class: 1034K(1280K)->1034K(1280K)
[2026-04-03T06:32:27.416+0600][12.113s][info][gc             ] GC(53) Pause Young (Normal) (G1 Evacuation Pause) 301M->17M(478M) 2.213ms
[2026-04-03T06:32:27.416+0600][12.113s][info][gc,cpu         ] GC(53) User=0.01s Sys=0.00s Real=0.00s
[2026-04-03T06:32:27.547+0600][12.244s][info][gc,start       ] GC(54) Pause Young (Normal) (G1 Evacuation Pause)
[2026-04-03T06:32:27.547+0600][12.244s][info][gc,task        ] GC(54) Using 10 workers of 10 for evacuation
[2026-04-03T06:32:27.550+0600][12.247s][info][gc,phases      ] GC(54)   Pre Evacuate Collection Set: 0.33ms
[2026-04-03T06:32:27.550+0600][12.247s][info][gc,phases      ] GC(54)   Merge Heap Roots: 0.20ms
[2026-04-03T06:32:27.550+0600][12.247s][info][gc,phases      ] GC(54)   Evacuate Collection Set: 1.67ms
[2026-04-03T06:32:27.550+0600][12.248s][info][gc,phases      ] GC(54)   Post Evacuate Collection Set: 0.83ms
[2026-04-03T06:32:27.550+0600][12.248s][info][gc,phases      ] GC(54)   Other: 0.11ms
[2026-04-03T06:32:27.550+0600][12.248s][info][gc,heap        ] GC(54) Eden regions: 142->0(142)
[2026-04-03T06:32:27.550+0600][12.248s][info][gc,heap        ] GC(54) Survivor regions: 1->1(18)
[2026-04-03T06:32:27.550+0600][12.248s][info][gc,heap        ] GC(54) Old regions: 4->4
[2026-04-03T06:32:27.550+0600][12.248s][info][gc,heap        ] GC(54) Humongous regions: 6->6
[2026-04-03T06:32:27.550+0600][12.248s][info][gc,metaspace   ] GC(54) Metaspace: 9186K(9792K)->9186K(9792K) NonClass: 8152K(8512K)->8152K(8512K) Class: 1034K(1280K)->1034K(1280K)
[2026-04-03T06:32:27.550+0600][12.248s][info][gc             ] GC(54) Pause Young (Normal) (G1 Evacuation Pause) 301M->17M(478M) 3.465ms
[2026-04-03T06:32:27.550+0600][12.248s][info][gc,cpu         ] GC(54) User=0.00s Sys=0.00s Real=0.00s
[2026-04-03T06:32:27.677+0600][12.375s][info][gc,start       ] GC(55) Pause Young (Normal) (G1 Evacuation Pause)
[2026-04-03T06:32:27.677+0600][12.375s][info][gc,task        ] GC(55) Using 10 workers of 10 for evacuation
[2026-04-03T06:32:27.681+0600][12.379s][info][gc,phases      ] GC(55)   Pre Evacuate Collection Set: 0.25ms
[2026-04-03T06:32:27.681+0600][12.379s][info][gc,phases      ] GC(55)   Merge Heap Roots: 0.17ms
[2026-04-03T06:32:27.681+0600][12.379s][info][gc,phases      ] GC(55)   Evacuate Collection Set: 2.37ms
[2026-04-03T06:32:27.681+0600][12.379s][info][gc,phases      ] GC(55)   Post Evacuate Collection Set: 0.72ms
[2026-04-03T06:32:27.681+0600][12.379s][info][gc,phases      ] GC(55)   Other: 0.14ms
[2026-04-03T06:32:27.681+0600][12.379s][info][gc,heap        ] GC(55) Eden regions: 142->0(142)
[2026-04-03T06:32:27.681+0600][12.379s][info][gc,heap        ] GC(55) Survivor regions: 1->1(18)
[2026-04-03T06:32:27.681+0600][12.379s][info][gc,heap        ] GC(55) Old regions: 4->4
[2026-04-03T06:32:27.681+0600][12.379s][info][gc,heap        ] GC(55) Humongous regions: 6->6
[2026-04-03T06:32:27.681+0600][12.379s][info][gc,metaspace   ] GC(55) Metaspace: 9186K(9792K)->9186K(9792K) NonClass: 8152K(8512K)->8152K(8512K) Class: 1034K(1280K)->1034K(1280K)
[2026-04-03T06:32:27.681+0600][12.379s][info][gc             ] GC(55) Pause Young (Normal) (G1 Evacuation Pause) 301M->17M(478M) 4.018ms
[2026-04-03T06:32:27.681+0600][12.379s][info][gc,cpu         ] GC(55) User=0.00s Sys=0.01s Real=0.00s
[2026-04-03T06:32:27.804+0600][12.502s][info][gc,start       ] GC(56) Pause Young (Normal) (G1 Evacuation Pause)
[2026-04-03T06:32:27.805+0600][12.502s][info][gc,task        ] GC(56) Using 10 workers of 10 for evacuation
[2026-04-03T06:32:27.806+0600][12.504s][info][gc,phases      ] GC(56)   Pre Evacuate Collection Set: 0.42ms
[2026-04-03T06:32:27.806+0600][12.504s][info][gc,phases      ] GC(56)   Merge Heap Roots: 0.16ms
[2026-04-03T06:32:27.806+0600][12.504s][info][gc,phases      ] GC(56)   Evacuate Collection Set: 0.39ms
[2026-04-03T06:32:27.806+0600][12.504s][info][gc,phases      ] GC(56)   Post Evacuate Collection Set: 0.73ms
[2026-04-03T06:32:27.806+0600][12.504s][info][gc,phases      ] GC(56)   Other: 0.14ms
[2026-04-03T06:32:27.806+0600][12.504s][info][gc,heap        ] GC(56) Eden regions: 142->0(142)
[2026-04-03T06:32:27.806+0600][12.504s][info][gc,heap        ] GC(56) Survivor regions: 1->1(18)
[2026-04-03T06:32:27.806+0600][12.504s][info][gc,heap        ] GC(56) Old regions: 4->4
[2026-04-03T06:32:27.806+0600][12.504s][info][gc,heap        ] GC(56) Humongous regions: 6->6
[2026-04-03T06:32:27.807+0600][12.504s][info][gc,metaspace   ] GC(56) Metaspace: 9186K(9792K)->9186K(9792K) NonClass: 8152K(8512K)->8152K(8512K) Class: 1034K(1280K)->1034K(1280K)
[2026-04-03T06:32:27.807+0600][12.504s][info][gc             ] GC(56) Pause Young (Normal) (G1 Evacuation Pause) 301M->17M(478M) 2.202ms
[2026-04-03T06:32:27.807+0600][12.504s][info][gc,cpu         ] GC(56) User=0.01s Sys=0.01s Real=0.00s
[2026-04-03T06:32:27.926+0600][12.624s][info][gc,start       ] GC(57) Pause Young (Normal) (G1 Evacuation Pause)
[2026-04-03T06:32:27.926+0600][12.624s][info][gc,task        ] GC(57) Using 10 workers of 10 for evacuation
[2026-04-03T06:32:27.928+0600][12.626s][info][gc,phases      ] GC(57)   Pre Evacuate Collection Set: 0.28ms
[2026-04-03T06:32:27.928+0600][12.626s][info][gc,phases      ] GC(57)   Merge Heap Roots: 0.14ms
[2026-04-03T06:32:27.928+0600][12.626s][info][gc,phases      ] GC(57)   Evacuate Collection Set: 1.10ms
[2026-04-03T06:32:27.928+0600][12.626s][info][gc,phases      ] GC(57)   Post Evacuate Collection Set: 0.58ms
[2026-04-03T06:32:27.928+0600][12.626s][info][gc,phases      ] GC(57)   Other: 0.10ms
[2026-04-03T06:32:27.928+0600][12.626s][info][gc,heap        ] GC(57) Eden regions: 142->0(142)
[2026-04-03T06:32:27.928+0600][12.626s][info][gc,heap        ] GC(57) Survivor regions: 1->1(18)
[2026-04-03T06:32:27.928+0600][12.626s][info][gc,heap        ] GC(57) Old regions: 4->4
[2026-04-03T06:32:27.928+0600][12.626s][info][gc,heap        ] GC(57) Humongous regions: 6->6
[2026-04-03T06:32:27.928+0600][12.626s][info][gc,metaspace   ] GC(57) Metaspace: 9186K(9792K)->9186K(9792K) NonClass: 8152K(8512K)->8152K(8512K) Class: 1034K(1280K)->1034K(1280K)
[2026-04-03T06:32:27.928+0600][12.626s][info][gc             ] GC(57) Pause Young (Normal) (G1 Evacuation Pause) 301M->17M(478M) 2.558ms
[2026-04-03T06:32:27.929+0600][12.626s][info][gc,cpu         ] GC(57) User=0.01s Sys=0.00s Real=0.00s
[2026-04-03T06:32:28.054+0600][12.752s][info][gc,start       ] GC(58) Pause Young (Normal) (G1 Evacuation Pause)
[2026-04-03T06:32:28.055+0600][12.752s][info][gc,task        ] GC(58) Using 10 workers of 10 for evacuation
[2026-04-03T06:32:28.056+0600][12.754s][info][gc,phases      ] GC(58)   Pre Evacuate Collection Set: 0.41ms
[2026-04-03T06:32:28.056+0600][12.754s][info][gc,phases      ] GC(58)   Merge Heap Roots: 0.19ms
[2026-04-03T06:32:28.056+0600][12.754s][info][gc,phases      ] GC(58)   Evacuate Collection Set: 0.44ms
[2026-04-03T06:32:28.056+0600][12.754s][info][gc,phases      ] GC(58)   Post Evacuate Collection Set: 0.60ms
[2026-04-03T06:32:28.056+0600][12.754s][info][gc,phases      ] GC(58)   Other: 0.12ms
[2026-04-03T06:32:28.056+0600][12.754s][info][gc,heap        ] GC(58) Eden regions: 142->0(142)
[2026-04-03T06:32:28.056+0600][12.754s][info][gc,heap        ] GC(58) Survivor regions: 1->1(18)
[2026-04-03T06:32:28.056+0600][12.754s][info][gc,heap        ] GC(58) Old regions: 4->4
[2026-04-03T06:32:28.056+0600][12.754s][info][gc,heap        ] GC(58) Humongous regions: 6->6
[2026-04-03T06:32:28.056+0600][12.754s][info][gc,metaspace   ] GC(58) Metaspace: 9186K(9792K)->9186K(9792K) NonClass: 8152K(8512K)->8152K(8512K) Class: 1034K(1280K)->1034K(1280K)
[2026-04-03T06:32:28.056+0600][12.754s][info][gc             ] GC(58) Pause Young (Normal) (G1 Evacuation Pause) 301M->17M(478M) 2.058ms
[2026-04-03T06:32:28.057+0600][12.754s][info][gc,cpu         ] GC(58) User=0.01s Sys=0.00s Real=0.00s
[2026-04-03T06:32:28.175+0600][12.872s][info][gc,start       ] GC(59) Pause Young (Normal) (G1 Evacuation Pause)
[2026-04-03T06:32:28.175+0600][12.872s][info][gc,task        ] GC(59) Using 10 workers of 10 for evacuation
[2026-04-03T06:32:28.177+0600][12.874s][info][gc,phases      ] GC(59)   Pre Evacuate Collection Set: 0.38ms
[2026-04-03T06:32:28.177+0600][12.874s][info][gc,phases      ] GC(59)   Merge Heap Roots: 0.17ms
[2026-04-03T06:32:28.177+0600][12.874s][info][gc,phases      ] GC(59)   Evacuate Collection Set: 0.57ms
[2026-04-03T06:32:28.177+0600][12.874s][info][gc,phases      ] GC(59)   Post Evacuate Collection Set: 0.90ms
[2026-04-03T06:32:28.177+0600][12.874s][info][gc,phases      ] GC(59)   Other: 0.10ms
[2026-04-03T06:32:28.177+0600][12.874s][info][gc,heap        ] GC(59) Eden regions: 142->0(142)
[2026-04-03T06:32:28.177+0600][12.874s][info][gc,heap        ] GC(59) Survivor regions: 1->1(18)
[2026-04-03T06:32:28.177+0600][12.874s][info][gc,heap        ] GC(59) Old regions: 4->4
[2026-04-03T06:32:28.177+0600][12.874s][info][gc,heap        ] GC(59) Humongous regions: 6->6
[2026-04-03T06:32:28.177+0600][12.874s][info][gc,metaspace   ] GC(59) Metaspace: 9188K(9792K)->9188K(9792K) NonClass: 8154K(8512K)->8154K(8512K) Class: 1034K(1280K)->1034K(1280K)
[2026-04-03T06:32:28.177+0600][12.875s][info][gc             ] GC(59) Pause Young (Normal) (G1 Evacuation Pause) 301M->17M(478M) 2.387ms
[2026-04-03T06:32:28.177+0600][12.875s][info][gc,cpu         ] GC(59) User=0.00s Sys=0.00s Real=0.00s
[2026-04-03T06:32:28.297+0600][12.995s][info][gc,start       ] GC(60) Pause Young (Normal) (G1 Evacuation Pause)
[2026-04-03T06:32:28.297+0600][12.995s][info][gc,task        ] GC(60) Using 10 workers of 10 for evacuation
[2026-04-03T06:32:28.299+0600][12.996s][info][gc,phases      ] GC(60)   Pre Evacuate Collection Set: 0.25ms
[2026-04-03T06:32:28.299+0600][12.997s][info][gc,phases      ] GC(60)   Merge Heap Roots: 0.18ms
[2026-04-03T06:32:28.299+0600][12.997s][info][gc,phases      ] GC(60)   Evacuate Collection Set: 0.56ms
[2026-04-03T06:32:28.299+0600][12.997s][info][gc,phases      ] GC(60)   Post Evacuate Collection Set: 0.76ms
[2026-04-03T06:32:28.299+0600][12.997s][info][gc,phases      ] GC(60)   Other: 0.09ms
[2026-04-03T06:32:28.299+0600][12.997s][info][gc,heap        ] GC(60) Eden regions: 142->0(142)
[2026-04-03T06:32:28.299+0600][12.997s][info][gc,heap        ] GC(60) Survivor regions: 1->1(18)
[2026-04-03T06:32:28.299+0600][12.997s][info][gc,heap        ] GC(60) Old regions: 4->4
[2026-04-03T06:32:28.299+0600][12.997s][info][gc,heap        ] GC(60) Humongous regions: 6->6
[2026-04-03T06:32:28.299+0600][12.997s][info][gc,metaspace   ] GC(60) Metaspace: 9188K(9792K)->9188K(9792K) NonClass: 8154K(8512K)->8154K(8512K) Class: 1034K(1280K)->1034K(1280K)
[2026-04-03T06:32:28.299+0600][12.997s][info][gc             ] GC(60) Pause Young (Normal) (G1 Evacuation Pause) 301M->17M(478M) 2.191ms
[2026-04-03T06:32:28.299+0600][12.997s][info][gc,cpu         ] GC(60) User=0.01s Sys=0.00s Real=0.00s
[2026-04-03T06:32:28.442+0600][13.140s][info][gc,start       ] GC(61) Pause Young (Normal) (G1 Evacuation Pause)
[2026-04-03T06:32:28.443+0600][13.140s][info][gc,task        ] GC(61) Using 10 workers of 10 for evacuation
[2026-04-03T06:32:28.444+0600][13.142s][info][gc,phases      ] GC(61)   Pre Evacuate Collection Set: 0.37ms
[2026-04-03T06:32:28.444+0600][13.142s][info][gc,phases      ] GC(61)   Merge Heap Roots: 0.22ms
[2026-04-03T06:32:28.444+0600][13.142s][info][gc,phases      ] GC(61)   Evacuate Collection Set: 0.52ms
[2026-04-03T06:32:28.444+0600][13.142s][info][gc,phases      ] GC(61)   Post Evacuate Collection Set: 0.58ms
[2026-04-03T06:32:28.445+0600][13.142s][info][gc,phases      ] GC(61)   Other: 0.11ms
[2026-04-03T06:32:28.445+0600][13.142s][info][gc,heap        ] GC(61) Eden regions: 142->0(142)
[2026-04-03T06:32:28.445+0600][13.142s][info][gc,heap        ] GC(61) Survivor regions: 1->1(18)
[2026-04-03T06:32:28.445+0600][13.142s][info][gc,heap        ] GC(61) Old regions: 4->4
[2026-04-03T06:32:28.445+0600][13.142s][info][gc,heap        ] GC(61) Humongous regions: 6->6
[2026-04-03T06:32:28.445+0600][13.142s][info][gc,metaspace   ] GC(61) Metaspace: 9188K(9792K)->9188K(9792K) NonClass: 8154K(8512K)->8154K(8512K) Class: 1034K(1280K)->1034K(1280K)
[2026-04-03T06:32:28.445+0600][13.142s][info][gc             ] GC(61) Pause Young (Normal) (G1 Evacuation Pause) 301M->17M(478M) 2.201ms
[2026-04-03T06:32:28.445+0600][13.142s][info][gc,cpu         ] GC(61) User=0.01s Sys=0.00s Real=0.01s
[2026-04-03T06:32:28.592+0600][13.289s][info][gc,start       ] GC(62) Pause Young (Normal) (G1 Evacuation Pause)
[2026-04-03T06:32:28.592+0600][13.289s][info][gc,task        ] GC(62) Using 10 workers of 10 for evacuation
[2026-04-03T06:32:28.594+0600][13.292s][info][gc,phases      ] GC(62)   Pre Evacuate Collection Set: 0.27ms
[2026-04-03T06:32:28.594+0600][13.292s][info][gc,phases      ] GC(62)   Merge Heap Roots: 0.19ms
[2026-04-03T06:32:28.594+0600][13.292s][info][gc,phases      ] GC(62)   Evacuate Collection Set: 1.66ms
[2026-04-03T06:32:28.594+0600][13.292s][info][gc,phases      ] GC(62)   Post Evacuate Collection Set: 0.52ms
[2026-04-03T06:32:28.595+0600][13.292s][info][gc,phases      ] GC(62)   Other: 0.12ms
[2026-04-03T06:32:28.595+0600][13.292s][info][gc,heap        ] GC(62) Eden regions: 142->0(142)
[2026-04-03T06:32:28.595+0600][13.292s][info][gc,heap        ] GC(62) Survivor regions: 1->1(18)
[2026-04-03T06:32:28.595+0600][13.292s][info][gc,heap        ] GC(62) Old regions: 4->4
[2026-04-03T06:32:28.595+0600][13.292s][info][gc,heap        ] GC(62) Humongous regions: 6->6
[2026-04-03T06:32:28.595+0600][13.292s][info][gc,metaspace   ] GC(62) Metaspace: 9188K(9792K)->9188K(9792K) NonClass: 8154K(8512K)->8154K(8512K) Class: 1034K(1280K)->1034K(1280K)
[2026-04-03T06:32:28.595+0600][13.292s][info][gc             ] GC(62) Pause Young (Normal) (G1 Evacuation Pause) 301M->17M(478M) 3.031ms
[2026-04-03T06:32:28.595+0600][13.292s][info][gc,cpu         ] GC(62) User=0.00s Sys=0.01s Real=0.01s
[2026-04-03T06:32:28.741+0600][13.438s][info][gc,start       ] GC(63) Pause Young (Normal) (G1 Evacuation Pause)
[2026-04-03T06:32:28.741+0600][13.438s][info][gc,task        ] GC(63) Using 10 workers of 10 for evacuation
[2026-04-03T06:32:28.743+0600][13.440s][info][gc,phases      ] GC(63)   Pre Evacuate Collection Set: 0.39ms
[2026-04-03T06:32:28.743+0600][13.440s][info][gc,phases      ] GC(63)   Merge Heap Roots: 0.18ms
[2026-04-03T06:32:28.743+0600][13.440s][info][gc,phases      ] GC(63)   Evacuate Collection Set: 0.45ms
[2026-04-03T06:32:28.743+0600][13.440s][info][gc,phases      ] GC(63)   Post Evacuate Collection Set: 0.66ms
[2026-04-03T06:32:28.743+0600][13.440s][info][gc,phases      ] GC(63)   Other: 0.10ms
[2026-04-03T06:32:28.743+0600][13.440s][info][gc,heap        ] GC(63) Eden regions: 142->0(142)
[2026-04-03T06:32:28.743+0600][13.440s][info][gc,heap        ] GC(63) Survivor regions: 1->1(18)
[2026-04-03T06:32:28.743+0600][13.440s][info][gc,heap        ] GC(63) Old regions: 4->4
[2026-04-03T06:32:28.743+0600][13.440s][info][gc,heap        ] GC(63) Humongous regions: 6->6
[2026-04-03T06:32:28.743+0600][13.440s][info][gc,metaspace   ] GC(63) Metaspace: 9188K(9792K)->9188K(9792K) NonClass: 8154K(8512K)->8154K(8512K) Class: 1034K(1280K)->1034K(1280K)
[2026-04-03T06:32:28.743+0600][13.440s][info][gc             ] GC(63) Pause Young (Normal) (G1 Evacuation Pause) 301M->17M(478M) 2.077ms
[2026-04-03T06:32:28.743+0600][13.440s][info][gc,cpu         ] GC(63) User=0.01s Sys=0.00s Real=0.00s
[2026-04-03T06:32:28.866+0600][13.564s][info][gc,start       ] GC(64) Pause Young (Normal) (G1 Evacuation Pause)
[2026-04-03T06:32:28.867+0600][13.564s][info][gc,task        ] GC(64) Using 10 workers of 10 for evacuation
[2026-04-03T06:32:28.869+0600][13.567s][info][gc,phases      ] GC(64)   Pre Evacuate Collection Set: 0.46ms
[2026-04-03T06:32:28.869+0600][13.567s][info][gc,phases      ] GC(64)   Merge Heap Roots: 0.25ms
[2026-04-03T06:32:28.869+0600][13.567s][info][gc,phases      ] GC(64)   Evacuate Collection Set: 1.03ms
[2026-04-03T06:32:28.869+0600][13.567s][info][gc,phases      ] GC(64)   Post Evacuate Collection Set: 0.74ms
[2026-04-03T06:32:28.869+0600][13.567s][info][gc,phases      ] GC(64)   Other: 0.10ms
[2026-04-03T06:32:28.869+0600][13.567s][info][gc,heap        ] GC(64) Eden regions: 142->0(142)
[2026-04-03T06:32:28.869+0600][13.567s][info][gc,heap        ] GC(64) Survivor regions: 1->1(18)
[2026-04-03T06:32:28.869+0600][13.567s][info][gc,heap        ] GC(64) Old regions: 4->4
[2026-04-03T06:32:28.869+0600][13.567s][info][gc,heap        ] GC(64) Humongous regions: 6->6
[2026-04-03T06:32:28.869+0600][13.567s][info][gc,metaspace   ] GC(64) Metaspace: 9188K(9792K)->9188K(9792K) NonClass: 8154K(8512K)->8154K(8512K) Class: 1034K(1280K)->1034K(1280K)
[2026-04-03T06:32:28.869+0600][13.567s][info][gc             ] GC(64) Pause Young (Normal) (G1 Evacuation Pause) 301M->17M(478M) 2.878ms
[2026-04-03T06:32:28.869+0600][13.567s][info][gc,cpu         ] GC(64) User=0.00s Sys=0.00s Real=0.00s
[2026-04-03T06:32:28.988+0600][13.685s][info][gc,start       ] GC(65) Pause Young (Normal) (G1 Evacuation Pause)
[2026-04-03T06:32:28.988+0600][13.685s][info][gc,task        ] GC(65) Using 10 workers of 10 for evacuation
[2026-04-03T06:32:28.989+0600][13.687s][info][gc,phases      ] GC(65)   Pre Evacuate Collection Set: 0.23ms
[2026-04-03T06:32:28.990+0600][13.687s][info][gc,phases      ] GC(65)   Merge Heap Roots: 0.19ms
[2026-04-03T06:32:28.990+0600][13.687s][info][gc,phases      ] GC(65)   Evacuate Collection Set: 0.40ms
[2026-04-03T06:32:28.990+0600][13.687s][info][gc,phases      ] GC(65)   Post Evacuate Collection Set: 0.71ms
[2026-04-03T06:32:28.990+0600][13.687s][info][gc,phases      ] GC(65)   Other: 0.09ms
[2026-04-03T06:32:28.990+0600][13.687s][info][gc,heap        ] GC(65) Eden regions: 142->0(142)
[2026-04-03T06:32:28.990+0600][13.687s][info][gc,heap        ] GC(65) Survivor regions: 1->1(18)
[2026-04-03T06:32:28.990+0600][13.687s][info][gc,heap        ] GC(65) Old regions: 4->4
[2026-04-03T06:32:28.990+0600][13.687s][info][gc,heap        ] GC(65) Humongous regions: 6->6
[2026-04-03T06:32:28.990+0600][13.687s][info][gc,metaspace   ] GC(65) Metaspace: 9188K(9792K)->9188K(9792K) NonClass: 8154K(8512K)->8154K(8512K) Class: 1034K(1280K)->1034K(1280K)
[2026-04-03T06:32:28.990+0600][13.687s][info][gc             ] GC(65) Pause Young (Normal) (G1 Evacuation Pause) 301M->17M(478M) 1.948ms
[2026-04-03T06:32:28.990+0600][13.687s][info][gc,cpu         ] GC(65) User=0.01s Sys=0.00s Real=0.00s
[2026-04-03T06:32:29.111+0600][13.808s][info][gc,start       ] GC(66) Pause Young (Normal) (G1 Evacuation Pause)
[2026-04-03T06:32:29.111+0600][13.808s][info][gc,task        ] GC(66) Using 10 workers of 10 for evacuation
[2026-04-03T06:32:29.112+0600][13.810s][info][gc,phases      ] GC(66)   Pre Evacuate Collection Set: 0.23ms
[2026-04-03T06:32:29.112+0600][13.810s][info][gc,phases      ] GC(66)   Merge Heap Roots: 0.13ms
[2026-04-03T06:32:29.112+0600][13.810s][info][gc,phases      ] GC(66)   Evacuate Collection Set: 0.38ms
[2026-04-03T06:32:29.112+0600][13.810s][info][gc,phases      ] GC(66)   Post Evacuate Collection Set: 0.61ms
[2026-04-03T06:32:29.112+0600][13.810s][info][gc,phases      ] GC(66)   Other: 0.11ms
[2026-04-03T06:32:29.112+0600][13.810s][info][gc,heap        ] GC(66) Eden regions: 142->0(142)
[2026-04-03T06:32:29.112+0600][13.810s][info][gc,heap        ] GC(66) Survivor regions: 1->1(18)
[2026-04-03T06:32:29.112+0600][13.810s][info][gc,heap        ] GC(66) Old regions: 4->4
[2026-04-03T06:32:29.112+0600][13.810s][info][gc,heap        ] GC(66) Humongous regions: 6->6
[2026-04-03T06:32:29.112+0600][13.810s][info][gc,metaspace   ] GC(66) Metaspace: 9188K(9792K)->9188K(9792K) NonClass: 8154K(8512K)->8154K(8512K) Class: 1034K(1280K)->1034K(1280K)
[2026-04-03T06:32:29.112+0600][13.810s][info][gc             ] GC(66) Pause Young (Normal) (G1 Evacuation Pause) 301M->17M(478M) 1.743ms
[2026-04-03T06:32:29.112+0600][13.810s][info][gc,cpu         ] GC(66) User=0.01s Sys=0.00s Real=0.00s
[2026-04-03T06:32:29.245+0600][13.943s][info][gc,start       ] GC(67) Pause Young (Normal) (G1 Evacuation Pause)
[2026-04-03T06:32:29.245+0600][13.943s][info][gc,task        ] GC(67) Using 10 workers of 10 for evacuation
[2026-04-03T06:32:29.248+0600][13.945s][info][gc,phases      ] GC(67)   Pre Evacuate Collection Set: 0.39ms
[2026-04-03T06:32:29.248+0600][13.945s][info][gc,phases      ] GC(67)   Merge Heap Roots: 0.14ms
[2026-04-03T06:32:29.248+0600][13.945s][info][gc,phases      ] GC(67)   Evacuate Collection Set: 0.69ms
[2026-04-03T06:32:29.248+0600][13.945s][info][gc,phases      ] GC(67)   Post Evacuate Collection Set: 0.75ms
[2026-04-03T06:32:29.248+0600][13.945s][info][gc,phases      ] GC(67)   Other: 0.15ms
[2026-04-03T06:32:29.248+0600][13.945s][info][gc,heap        ] GC(67) Eden regions: 142->0(142)
[2026-04-03T06:32:29.248+0600][13.945s][info][gc,heap        ] GC(67) Survivor regions: 1->1(18)
[2026-04-03T06:32:29.248+0600][13.945s][info][gc,heap        ] GC(67) Old regions: 4->4
[2026-04-03T06:32:29.248+0600][13.945s][info][gc,heap        ] GC(67) Humongous regions: 6->6
[2026-04-03T06:32:29.248+0600][13.945s][info][gc,metaspace   ] GC(67) Metaspace: 9188K(9792K)->9188K(9792K) NonClass: 8154K(8512K)->8154K(8512K) Class: 1034K(1280K)->1034K(1280K)
[2026-04-03T06:32:29.248+0600][13.945s][info][gc             ] GC(67) Pause Young (Normal) (G1 Evacuation Pause) 301M->17M(478M) 2.487ms
[2026-04-03T06:32:29.248+0600][13.945s][info][gc,cpu         ] GC(67) User=0.00s Sys=0.00s Real=0.00s
[2026-04-03T06:32:29.383+0600][14.081s][info][gc,start       ] GC(68) Pause Young (Normal) (G1 Evacuation Pause)
[2026-04-03T06:32:29.383+0600][14.081s][info][gc,task        ] GC(68) Using 10 workers of 10 for evacuation
[2026-04-03T06:32:29.386+0600][14.083s][info][gc,phases      ] GC(68)   Pre Evacuate Collection Set: 0.39ms
[2026-04-03T06:32:29.386+0600][14.083s][info][gc,phases      ] GC(68)   Merge Heap Roots: 0.19ms
[2026-04-03T06:32:29.386+0600][14.083s][info][gc,phases      ] GC(68)   Evacuate Collection Set: 0.75ms
[2026-04-03T06:32:29.386+0600][14.083s][info][gc,phases      ] GC(68)   Post Evacuate Collection Set: 0.69ms
[2026-04-03T06:32:29.386+0600][14.083s][info][gc,phases      ] GC(68)   Other: 0.11ms
[2026-04-03T06:32:29.386+0600][14.083s][info][gc,heap        ] GC(68) Eden regions: 142->0(142)
[2026-04-03T06:32:29.386+0600][14.083s][info][gc,heap        ] GC(68) Survivor regions: 1->1(18)
[2026-04-03T06:32:29.386+0600][14.083s][info][gc,heap        ] GC(68) Old regions: 4->4
[2026-04-03T06:32:29.386+0600][14.083s][info][gc,heap        ] GC(68) Humongous regions: 6->6
[2026-04-03T06:32:29.386+0600][14.083s][info][gc,metaspace   ] GC(68) Metaspace: 9188K(9792K)->9188K(9792K) NonClass: 8154K(8512K)->8154K(8512K) Class: 1034K(1280K)->1034K(1280K)
[2026-04-03T06:32:29.386+0600][14.083s][info][gc             ] GC(68) Pause Young (Normal) (G1 Evacuation Pause) 301M->17M(478M) 2.436ms
[2026-04-03T06:32:29.386+0600][14.083s][info][gc,cpu         ] GC(68) User=0.00s Sys=0.00s Real=0.00s
[2026-04-03T06:32:29.529+0600][14.226s][info][gc,start       ] GC(69) Pause Young (Normal) (G1 Evacuation Pause)
[2026-04-03T06:32:29.529+0600][14.226s][info][gc,task        ] GC(69) Using 10 workers of 10 for evacuation
[2026-04-03T06:32:29.530+0600][14.228s][info][gc,phases      ] GC(69)   Pre Evacuate Collection Set: 0.23ms
[2026-04-03T06:32:29.530+0600][14.228s][info][gc,phases      ] GC(69)   Merge Heap Roots: 0.13ms
[2026-04-03T06:32:29.530+0600][14.228s][info][gc,phases      ] GC(69)   Evacuate Collection Set: 0.44ms
[2026-04-03T06:32:29.531+0600][14.228s][info][gc,phases      ] GC(69)   Post Evacuate Collection Set: 0.74ms
[2026-04-03T06:32:29.531+0600][14.228s][info][gc,phases      ] GC(69)   Other: 0.11ms
[2026-04-03T06:32:29.531+0600][14.228s][info][gc,heap        ] GC(69) Eden regions: 142->0(142)
[2026-04-03T06:32:29.531+0600][14.228s][info][gc,heap        ] GC(69) Survivor regions: 1->1(18)
[2026-04-03T06:32:29.531+0600][14.228s][info][gc,heap        ] GC(69) Old regions: 4->4
[2026-04-03T06:32:29.531+0600][14.228s][info][gc,heap        ] GC(69) Humongous regions: 6->6
[2026-04-03T06:32:29.531+0600][14.228s][info][gc,metaspace   ] GC(69) Metaspace: 9188K(9792K)->9188K(9792K) NonClass: 8154K(8512K)->8154K(8512K) Class: 1034K(1280K)->1034K(1280K)
[2026-04-03T06:32:29.531+0600][14.228s][info][gc             ] GC(69) Pause Young (Normal) (G1 Evacuation Pause) 301M->17M(478M) 1.973ms
[2026-04-03T06:32:29.531+0600][14.228s][info][gc,cpu         ] GC(69) User=0.01s Sys=0.00s Real=0.00s
[2026-04-03T06:32:29.671+0600][14.369s][info][gc,start       ] GC(70) Pause Young (Normal) (G1 Evacuation Pause)
[2026-04-03T06:32:29.671+0600][14.369s][info][gc,task        ] GC(70) Using 10 workers of 10 for evacuation
[2026-04-03T06:32:29.673+0600][14.371s][info][gc,phases      ] GC(70)   Pre Evacuate Collection Set: 0.42ms
[2026-04-03T06:32:29.673+0600][14.371s][info][gc,phases      ] GC(70)   Merge Heap Roots: 0.16ms
[2026-04-03T06:32:29.673+0600][14.371s][info][gc,phases      ] GC(70)   Evacuate Collection Set: 0.44ms
[2026-04-03T06:32:29.673+0600][14.371s][info][gc,phases      ] GC(70)   Post Evacuate Collection Set: 0.64ms
[2026-04-03T06:32:29.673+0600][14.371s][info][gc,phases      ] GC(70)   Other: 0.10ms
[2026-04-03T06:32:29.673+0600][14.371s][info][gc,heap        ] GC(70) Eden regions: 142->0(142)
[2026-04-03T06:32:29.673+0600][14.371s][info][gc,heap        ] GC(70) Survivor regions: 1->1(18)
[2026-04-03T06:32:29.673+0600][14.371s][info][gc,heap        ] GC(70) Old regions: 4->4
[2026-04-03T06:32:29.673+0600][14.371s][info][gc,heap        ] GC(70) Humongous regions: 6->6
[2026-04-03T06:32:29.673+0600][14.371s][info][gc,metaspace   ] GC(70) Metaspace: 9188K(9792K)->9188K(9792K) NonClass: 8154K(8512K)->8154K(8512K) Class: 1034K(1280K)->1034K(1280K)
[2026-04-03T06:32:29.673+0600][14.371s][info][gc             ] GC(70) Pause Young (Normal) (G1 Evacuation Pause) 301M->17M(478M) 2.067ms
[2026-04-03T06:32:29.673+0600][14.371s][info][gc,cpu         ] GC(70) User=0.01s Sys=0.01s Real=0.01s
[2026-04-03T06:32:29.803+0600][14.500s][info][gc,start       ] GC(71) Pause Young (Normal) (G1 Evacuation Pause)
[2026-04-03T06:32:29.803+0600][14.500s][info][gc,task        ] GC(71) Using 10 workers of 10 for evacuation
[2026-04-03T06:32:29.805+0600][14.503s][info][gc,phases      ] GC(71)   Pre Evacuate Collection Set: 1.07ms
[2026-04-03T06:32:29.806+0600][14.503s][info][gc,phases      ] GC(71)   Merge Heap Roots: 0.18ms
[2026-04-03T06:32:29.806+0600][14.503s][info][gc,phases      ] GC(71)   Evacuate Collection Set: 0.49ms
[2026-04-03T06:32:29.806+0600][14.503s][info][gc,phases      ] GC(71)   Post Evacuate Collection Set: 0.67ms
[2026-04-03T06:32:29.806+0600][14.503s][info][gc,phases      ] GC(71)   Other: 0.12ms
[2026-04-03T06:32:29.806+0600][14.503s][info][gc,heap        ] GC(71) Eden regions: 142->0(142)
[2026-04-03T06:32:29.806+0600][14.503s][info][gc,heap        ] GC(71) Survivor regions: 1->1(18)
[2026-04-03T06:32:29.806+0600][14.503s][info][gc,heap        ] GC(71) Old regions: 4->4
[2026-04-03T06:32:29.806+0600][14.503s][info][gc,heap        ] GC(71) Humongous regions: 6->6
[2026-04-03T06:32:29.806+0600][14.503s][info][gc,metaspace   ] GC(71) Metaspace: 9188K(9792K)->9188K(9792K) NonClass: 8154K(8512K)->8154K(8512K) Class: 1034K(1280K)->1034K(1280K)
[2026-04-03T06:32:29.806+0600][14.503s][info][gc             ] GC(71) Pause Young (Normal) (G1 Evacuation Pause) 301M->17M(478M) 2.941ms
[2026-04-03T06:32:29.806+0600][14.503s][info][gc,cpu         ] GC(71) User=0.00s Sys=0.00s Real=0.01s
[2026-04-03T06:32:29.923+0600][14.621s][info][gc,start       ] GC(72) Pause Young (Normal) (G1 Evacuation Pause)
[2026-04-03T06:32:29.923+0600][14.621s][info][gc,task        ] GC(72) Using 10 workers of 10 for evacuation
[2026-04-03T06:32:29.925+0600][14.623s][info][gc,phases      ] GC(72)   Pre Evacuate Collection Set: 0.37ms
[2026-04-03T06:32:29.925+0600][14.623s][info][gc,phases      ] GC(72)   Merge Heap Roots: 0.14ms
[2026-04-03T06:32:29.926+0600][14.623s][info][gc,phases      ] GC(72)   Evacuate Collection Set: 0.62ms
[2026-04-03T06:32:29.926+0600][14.623s][info][gc,phases      ] GC(72)   Post Evacuate Collection Set: 0.77ms
[2026-04-03T06:32:29.926+0600][14.623s][info][gc,phases      ] GC(72)   Other: 0.29ms
[2026-04-03T06:32:29.926+0600][14.623s][info][gc,heap        ] GC(72) Eden regions: 142->0(142)
[2026-04-03T06:32:29.926+0600][14.623s][info][gc,heap        ] GC(72) Survivor regions: 1->1(18)
[2026-04-03T06:32:29.926+0600][14.623s][info][gc,heap        ] GC(72) Old regions: 4->4
[2026-04-03T06:32:29.926+0600][14.623s][info][gc,heap        ] GC(72) Humongous regions: 6->6
[2026-04-03T06:32:29.926+0600][14.623s][info][gc,metaspace   ] GC(72) Metaspace: 9188K(9792K)->9188K(9792K) NonClass: 8154K(8512K)->8154K(8512K) Class: 1034K(1280K)->1034K(1280K)
[2026-04-03T06:32:29.926+0600][14.623s][info][gc             ] GC(72) Pause Young (Normal) (G1 Evacuation Pause) 301M->17M(478M) 2.555ms
[2026-04-03T06:32:29.926+0600][14.623s][info][gc,cpu         ] GC(72) User=0.01s Sys=0.00s Real=0.01s
[2026-04-03T06:32:30.047+0600][14.745s][info][gc,start       ] GC(73) Pause Young (Normal) (G1 Evacuation Pause)
[2026-04-03T06:32:30.047+0600][14.745s][info][gc,task        ] GC(73) Using 10 workers of 10 for evacuation
[2026-04-03T06:32:30.050+0600][14.747s][info][gc,phases      ] GC(73)   Pre Evacuate Collection Set: 0.21ms
[2026-04-03T06:32:30.050+0600][14.747s][info][gc,phases      ] GC(73)   Merge Heap Roots: 0.13ms
[2026-04-03T06:32:30.050+0600][14.747s][info][gc,phases      ] GC(73)   Evacuate Collection Set: 1.58ms
[2026-04-03T06:32:30.050+0600][14.747s][info][gc,phases      ] GC(73)   Post Evacuate Collection Set: 0.57ms
[2026-04-03T06:32:30.050+0600][14.747s][info][gc,phases      ] GC(73)   Other: 0.11ms
[2026-04-03T06:32:30.050+0600][14.747s][info][gc,heap        ] GC(73) Eden regions: 142->0(142)
[2026-04-03T06:32:30.050+0600][14.747s][info][gc,heap        ] GC(73) Survivor regions: 1->1(18)
[2026-04-03T06:32:30.050+0600][14.747s][info][gc,heap        ] GC(73) Old regions: 4->4
[2026-04-03T06:32:30.050+0600][14.747s][info][gc,heap        ] GC(73) Humongous regions: 6->6
[2026-04-03T06:32:30.050+0600][14.747s][info][gc,metaspace   ] GC(73) Metaspace: 9188K(9792K)->9188K(9792K) NonClass: 8154K(8512K)->8154K(8512K) Class: 1034K(1280K)->1034K(1280K)
[2026-04-03T06:32:30.050+0600][14.747s][info][gc             ] GC(73) Pause Young (Normal) (G1 Evacuation Pause) 301M->17M(478M) 2.923ms
[2026-04-03T06:32:30.050+0600][14.747s][info][gc,cpu         ] GC(73) User=0.01s Sys=0.00s Real=0.00s
[2026-04-03T06:32:30.180+0600][14.878s][info][gc,start       ] GC(74) Pause Young (Normal) (G1 Evacuation Pause)
[2026-04-03T06:32:30.180+0600][14.878s][info][gc,task        ] GC(74) Using 10 workers of 10 for evacuation
[2026-04-03T06:32:30.182+0600][14.880s][info][gc,phases      ] GC(74)   Pre Evacuate Collection Set: 0.24ms
[2026-04-03T06:32:30.182+0600][14.880s][info][gc,phases      ] GC(74)   Merge Heap Roots: 0.22ms
[2026-04-03T06:32:30.182+0600][14.880s][info][gc,phases      ] GC(74)   Evacuate Collection Set: 0.70ms
[2026-04-03T06:32:30.182+0600][14.880s][info][gc,phases      ] GC(74)   Post Evacuate Collection Set: 0.72ms
[2026-04-03T06:32:30.182+0600][14.880s][info][gc,phases      ] GC(74)   Other: 0.10ms
[2026-04-03T06:32:30.182+0600][14.880s][info][gc,heap        ] GC(74) Eden regions: 142->0(142)
[2026-04-03T06:32:30.182+0600][14.880s][info][gc,heap        ] GC(74) Survivor regions: 1->1(18)
[2026-04-03T06:32:30.182+0600][14.880s][info][gc,heap        ] GC(74) Old regions: 4->4
[2026-04-03T06:32:30.182+0600][14.880s][info][gc,heap        ] GC(74) Humongous regions: 6->6
[2026-04-03T06:32:30.182+0600][14.880s][info][gc,metaspace   ] GC(74) Metaspace: 9188K(9792K)->9188K(9792K) NonClass: 8154K(8512K)->8154K(8512K) Class: 1034K(1280K)->1034K(1280K)
[2026-04-03T06:32:30.182+0600][14.880s][info][gc             ] GC(74) Pause Young (Normal) (G1 Evacuation Pause) 301M->17M(478M) 2.296ms
[2026-04-03T06:32:30.182+0600][14.880s][info][gc,cpu         ] GC(74) User=0.00s Sys=0.00s Real=0.00s
[2026-04-03T06:32:30.317+0600][15.015s][info][gc,start       ] GC(75) Pause Young (Normal) (G1 Evacuation Pause)
[2026-04-03T06:32:30.317+0600][15.015s][info][gc,task        ] GC(75) Using 10 workers of 10 for evacuation
[2026-04-03T06:32:30.319+0600][15.017s][info][gc,phases      ] GC(75)   Pre Evacuate Collection Set: 0.38ms
[2026-04-03T06:32:30.319+0600][15.017s][info][gc,phases      ] GC(75)   Merge Heap Roots: 0.16ms
[2026-04-03T06:32:30.319+0600][15.017s][info][gc,phases      ] GC(75)   Evacuate Collection Set: 0.49ms
[2026-04-03T06:32:30.319+0600][15.017s][info][gc,phases      ] GC(75)   Post Evacuate Collection Set: 0.56ms
[2026-04-03T06:32:30.319+0600][15.017s][info][gc,phases      ] GC(75)   Other: 0.11ms
[2026-04-03T06:32:30.319+0600][15.017s][info][gc,heap        ] GC(75) Eden regions: 142->0(142)
[2026-04-03T06:32:30.319+0600][15.017s][info][gc,heap        ] GC(75) Survivor regions: 1->1(18)
[2026-04-03T06:32:30.319+0600][15.017s][info][gc,heap        ] GC(75) Old regions: 4->4
[2026-04-03T06:32:30.319+0600][15.017s][info][gc,heap        ] GC(75) Humongous regions: 6->6
[2026-04-03T06:32:30.319+0600][15.017s][info][gc,metaspace   ] GC(75) Metaspace: 9193K(9792K)->9193K(9792K) NonClass: 8159K(8512K)->8159K(8512K) Class: 1034K(1280K)->1034K(1280K)
[2026-04-03T06:32:30.319+0600][15.017s][info][gc             ] GC(75) Pause Young (Normal) (G1 Evacuation Pause) 301M->17M(478M) 2.052ms
[2026-04-03T06:32:30.319+0600][15.017s][info][gc,cpu         ] GC(75) User=0.01s Sys=0.00s Real=0.00s
[2026-04-03T06:32:30.476+0600][15.174s][info][gc,start       ] GC(76) Pause Young (Normal) (G1 Evacuation Pause)
[2026-04-03T06:32:30.477+0600][15.174s][info][gc,task        ] GC(76) Using 10 workers of 10 for evacuation
[2026-04-03T06:32:30.479+0600][15.176s][info][gc,phases      ] GC(76)   Pre Evacuate Collection Set: 0.28ms
[2026-04-03T06:32:30.479+0600][15.176s][info][gc,phases      ] GC(76)   Merge Heap Roots: 0.31ms
[2026-04-03T06:32:30.479+0600][15.176s][info][gc,phases      ] GC(76)   Evacuate Collection Set: 0.48ms
[2026-04-03T06:32:30.479+0600][15.176s][info][gc,phases      ] GC(76)   Post Evacuate Collection Set: 0.83ms
[2026-04-03T06:32:30.479+0600][15.176s][info][gc,phases      ] GC(76)   Other: 0.12ms
[2026-04-03T06:32:30.479+0600][15.176s][info][gc,heap        ] GC(76) Eden regions: 142->0(142)
[2026-04-03T06:32:30.479+0600][15.176s][info][gc,heap        ] GC(76) Survivor regions: 1->1(18)
[2026-04-03T06:32:30.479+0600][15.176s][info][gc,heap        ] GC(76) Old regions: 4->4
[2026-04-03T06:32:30.479+0600][15.176s][info][gc,heap        ] GC(76) Humongous regions: 6->6
[2026-04-03T06:32:30.479+0600][15.176s][info][gc,metaspace   ] GC(76) Metaspace: 9193K(9792K)->9193K(9792K) NonClass: 8159K(8512K)->8159K(8512K) Class: 1034K(1280K)->1034K(1280K)
[2026-04-03T06:32:30.479+0600][15.176s][info][gc             ] GC(76) Pause Young (Normal) (G1 Evacuation Pause) 301M->17M(478M) 2.422ms
[2026-04-03T06:32:30.479+0600][15.176s][info][gc,cpu         ] GC(76) User=0.01s Sys=0.00s Real=0.00s
[2026-04-03T06:32:30.601+0600][15.299s][info][gc,start       ] GC(77) Pause Young (Normal) (G1 Evacuation Pause)
[2026-04-03T06:32:30.601+0600][15.299s][info][gc,task        ] GC(77) Using 10 workers of 10 for evacuation
[2026-04-03T06:32:30.605+0600][15.303s][info][gc,phases      ] GC(77)   Pre Evacuate Collection Set: 0.30ms
[2026-04-03T06:32:30.605+0600][15.303s][info][gc,phases      ] GC(77)   Merge Heap Roots: 2.42ms
[2026-04-03T06:32:30.605+0600][15.303s][info][gc,phases      ] GC(77)   Evacuate Collection Set: 0.49ms
[2026-04-03T06:32:30.605+0600][15.303s][info][gc,phases      ] GC(77)   Post Evacuate Collection Set: 0.64ms
[2026-04-03T06:32:30.605+0600][15.303s][info][gc,phases      ] GC(77)   Other: 0.14ms
[2026-04-03T06:32:30.606+0600][15.303s][info][gc,heap        ] GC(77) Eden regions: 142->0(142)
[2026-04-03T06:32:30.606+0600][15.303s][info][gc,heap        ] GC(77) Survivor regions: 1->1(18)
[2026-04-03T06:32:30.606+0600][15.303s][info][gc,heap        ] GC(77) Old regions: 4->4
[2026-04-03T06:32:30.606+0600][15.303s][info][gc,heap        ] GC(77) Humongous regions: 6->6
[2026-04-03T06:32:30.606+0600][15.303s][info][gc,metaspace   ] GC(77) Metaspace: 9193K(9792K)->9193K(9792K) NonClass: 8159K(8512K)->8159K(8512K) Class: 1034K(1280K)->1034K(1280K)
[2026-04-03T06:32:30.606+0600][15.303s][info][gc             ] GC(77) Pause Young (Normal) (G1 Evacuation Pause) 301M->17M(478M) 4.414ms
[2026-04-03T06:32:30.606+0600][15.303s][info][gc,cpu         ] GC(77) User=0.01s Sys=0.00s Real=0.01s
[2026-04-03T06:32:30.733+0600][15.431s][info][gc,start       ] GC(78) Pause Young (Normal) (G1 Evacuation Pause)
[2026-04-03T06:32:30.733+0600][15.431s][info][gc,task        ] GC(78) Using 10 workers of 10 for evacuation
[2026-04-03T06:32:30.735+0600][15.433s][info][gc,phases      ] GC(78)   Pre Evacuate Collection Set: 0.23ms
[2026-04-03T06:32:30.735+0600][15.433s][info][gc,phases      ] GC(78)   Merge Heap Roots: 0.22ms
[2026-04-03T06:32:30.735+0600][15.433s][info][gc,phases      ] GC(78)   Evacuate Collection Set: 0.65ms
[2026-04-03T06:32:30.735+0600][15.433s][info][gc,phases      ] GC(78)   Post Evacuate Collection Set: 0.71ms
[2026-04-03T06:32:30.735+0600][15.433s][info][gc,phases      ] GC(78)   Other: 0.10ms
[2026-04-03T06:32:30.735+0600][15.433s][info][gc,heap        ] GC(78) Eden regions: 142->0(142)
[2026-04-03T06:32:30.735+0600][15.433s][info][gc,heap        ] GC(78) Survivor regions: 1->1(18)
[2026-04-03T06:32:30.735+0600][15.433s][info][gc,heap        ] GC(78) Old regions: 4->4
[2026-04-03T06:32:30.735+0600][15.433s][info][gc,heap        ] GC(78) Humongous regions: 6->6
[2026-04-03T06:32:30.735+0600][15.433s][info][gc,metaspace   ] GC(78) Metaspace: 9193K(9792K)->9193K(9792K) NonClass: 8159K(8512K)->8159K(8512K) Class: 1034K(1280K)->1034K(1280K)
[2026-04-03T06:32:30.735+0600][15.433s][info][gc             ] GC(78) Pause Young (Normal) (G1 Evacuation Pause) 301M->17M(478M) 2.216ms
[2026-04-03T06:32:30.735+0600][15.433s][info][gc,cpu         ] GC(78) User=0.01s Sys=0.00s Real=0.01s
[2026-04-03T06:32:30.864+0600][15.561s][info][gc,start       ] GC(79) Pause Young (Normal) (G1 Evacuation Pause)
[2026-04-03T06:32:30.864+0600][15.561s][info][gc,task        ] GC(79) Using 10 workers of 10 for evacuation
[2026-04-03T06:32:30.865+0600][15.563s][info][gc,phases      ] GC(79)   Pre Evacuate Collection Set: 0.37ms
[2026-04-03T06:32:30.865+0600][15.563s][info][gc,phases      ] GC(79)   Merge Heap Roots: 0.16ms
[2026-04-03T06:32:30.865+0600][15.563s][info][gc,phases      ] GC(79)   Evacuate Collection Set: 0.48ms
[2026-04-03T06:32:30.865+0600][15.563s][info][gc,phases      ] GC(79)   Post Evacuate Collection Set: 0.62ms
[2026-04-03T06:32:30.865+0600][15.563s][info][gc,phases      ] GC(79)   Other: 0.10ms
[2026-04-03T06:32:30.866+0600][15.563s][info][gc,heap        ] GC(79) Eden regions: 142->0(142)
[2026-04-03T06:32:30.866+0600][15.563s][info][gc,heap        ] GC(79) Survivor regions: 1->1(18)
[2026-04-03T06:32:30.866+0600][15.563s][info][gc,heap        ] GC(79) Old regions: 4->4
[2026-04-03T06:32:30.866+0600][15.563s][info][gc,heap        ] GC(79) Humongous regions: 6->6
[2026-04-03T06:32:30.866+0600][15.563s][info][gc,metaspace   ] GC(79) Metaspace: 9193K(9792K)->9193K(9792K) NonClass: 8159K(8512K)->8159K(8512K) Class: 1034K(1280K)->1034K(1280K)
[2026-04-03T06:32:30.866+0600][15.563s][info][gc             ] GC(79) Pause Young (Normal) (G1 Evacuation Pause) 301M->17M(478M) 2.036ms
[2026-04-03T06:32:30.866+0600][15.563s][info][gc,cpu         ] GC(79) User=0.01s Sys=0.00s Real=0.00s
[2026-04-03T06:32:30.987+0600][15.685s][info][gc,start       ] GC(80) Pause Young (Normal) (G1 Evacuation Pause)
[2026-04-03T06:32:30.988+0600][15.685s][info][gc,task        ] GC(80) Using 10 workers of 10 for evacuation
[2026-04-03T06:32:30.989+0600][15.687s][info][gc,phases      ] GC(80)   Pre Evacuate Collection Set: 0.36ms
[2026-04-03T06:32:30.989+0600][15.687s][info][gc,phases      ] GC(80)   Merge Heap Roots: 0.17ms
[2026-04-03T06:32:30.989+0600][15.687s][info][gc,phases      ] GC(80)   Evacuate Collection Set: 0.41ms
[2026-04-03T06:32:30.989+0600][15.687s][info][gc,phases      ] GC(80)   Post Evacuate Collection Set: 0.78ms
[2026-04-03T06:32:30.989+0600][15.687s][info][gc,phases      ] GC(80)   Other: 0.11ms
[2026-04-03T06:32:30.989+0600][15.687s][info][gc,heap        ] GC(80) Eden regions: 142->0(142)
[2026-04-03T06:32:30.989+0600][15.687s][info][gc,heap        ] GC(80) Survivor regions: 1->1(18)
[2026-04-03T06:32:30.990+0600][15.687s][info][gc,heap        ] GC(80) Old regions: 4->4
[2026-04-03T06:32:30.990+0600][15.687s][info][gc,heap        ] GC(80) Humongous regions: 6->6
[2026-04-03T06:32:30.990+0600][15.687s][info][gc,metaspace   ] GC(80) Metaspace: 9193K(9792K)->9193K(9792K) NonClass: 8159K(8512K)->8159K(8512K) Class: 1034K(1280K)->1034K(1280K)
[2026-04-03T06:32:30.990+0600][15.687s][info][gc             ] GC(80) Pause Young (Normal) (G1 Evacuation Pause) 301M->17M(478M) 2.184ms
[2026-04-03T06:32:30.990+0600][15.687s][info][gc,cpu         ] GC(80) User=0.01s Sys=0.00s Real=0.00s
[2026-04-03T06:32:31.120+0600][15.818s][info][gc,start       ] GC(81) Pause Young (Normal) (G1 Evacuation Pause)
[2026-04-03T06:32:31.120+0600][15.818s][info][gc,task        ] GC(81) Using 10 workers of 10 for evacuation
[2026-04-03T06:32:31.125+0600][15.822s][info][gc,phases      ] GC(81)   Pre Evacuate Collection Set: 0.29ms
[2026-04-03T06:32:31.125+0600][15.822s][info][gc,phases      ] GC(81)   Merge Heap Roots: 0.15ms
[2026-04-03T06:32:31.125+0600][15.823s][info][gc,phases      ] GC(81)   Evacuate Collection Set: 2.87ms
[2026-04-03T06:32:31.125+0600][15.823s][info][gc,phases      ] GC(81)   Post Evacuate Collection Set: 0.90ms
[2026-04-03T06:32:31.125+0600][15.823s][info][gc,phases      ] GC(81)   Other: 0.12ms
[2026-04-03T06:32:31.125+0600][15.823s][info][gc,heap        ] GC(81) Eden regions: 142->0(142)
[2026-04-03T06:32:31.125+0600][15.823s][info][gc,heap        ] GC(81) Survivor regions: 1->1(18)
[2026-04-03T06:32:31.125+0600][15.823s][info][gc,heap        ] GC(81) Old regions: 4->4
[2026-04-03T06:32:31.125+0600][15.823s][info][gc,heap        ] GC(81) Humongous regions: 6->6
[2026-04-03T06:32:31.125+0600][15.823s][info][gc,metaspace   ] GC(81) Metaspace: 9193K(9792K)->9193K(9792K) NonClass: 8159K(8512K)->8159K(8512K) Class: 1034K(1280K)->1034K(1280K)
[2026-04-03T06:32:31.125+0600][15.823s][info][gc             ] GC(81) Pause Young (Normal) (G1 Evacuation Pause) 301M->17M(478M) 4.842ms
[2026-04-03T06:32:31.125+0600][15.823s][info][gc,cpu         ] GC(81) User=0.01s Sys=0.01s Real=0.01s
[2026-04-03T06:32:31.257+0600][15.955s][info][gc,start       ] GC(82) Pause Young (Normal) (G1 Evacuation Pause)
[2026-04-03T06:32:31.257+0600][15.955s][info][gc,task        ] GC(82) Using 10 workers of 10 for evacuation
[2026-04-03T06:32:31.262+0600][15.959s][info][gc,phases      ] GC(82)   Pre Evacuate Collection Set: 0.29ms
[2026-04-03T06:32:31.262+0600][15.959s][info][gc,phases      ] GC(82)   Merge Heap Roots: 0.12ms
[2026-04-03T06:32:31.262+0600][15.959s][info][gc,phases      ] GC(82)   Evacuate Collection Set: 2.55ms
[2026-04-03T06:32:31.262+0600][15.959s][info][gc,phases      ] GC(82)   Post Evacuate Collection Set: 1.15ms
[2026-04-03T06:32:31.262+0600][15.959s][info][gc,phases      ] GC(82)   Other: 0.11ms
[2026-04-03T06:32:31.262+0600][15.959s][info][gc,heap        ] GC(82) Eden regions: 142->0(171)
[2026-04-03T06:32:31.262+0600][15.959s][info][gc,heap        ] GC(82) Survivor regions: 1->1(18)
[2026-04-03T06:32:31.262+0600][15.959s][info][gc,heap        ] GC(82) Old regions: 4->4
[2026-04-03T06:32:31.262+0600][15.959s][info][gc,heap        ] GC(82) Humongous regions: 6->6
[2026-04-03T06:32:31.262+0600][15.959s][info][gc,metaspace   ] GC(82) Metaspace: 9193K(9792K)->9193K(9792K) NonClass: 8159K(8512K)->8159K(8512K) Class: 1034K(1280K)->1034K(1280K)
[2026-04-03T06:32:31.262+0600][15.959s][info][gc             ] GC(82) Pause Young (Normal) (G1 Evacuation Pause) 301M->17M(574M) 4.562ms
[2026-04-03T06:32:31.262+0600][15.959s][info][gc,cpu         ] GC(82) User=0.01s Sys=0.00s Real=0.00s
[2026-04-03T06:32:31.443+0600][16.141s][info][gc,start       ] GC(83) Pause Young (Normal) (G1 Evacuation Pause)
[2026-04-03T06:32:31.444+0600][16.141s][info][gc,task        ] GC(83) Using 10 workers of 10 for evacuation
[2026-04-03T06:32:31.446+0600][16.144s][info][gc,phases      ] GC(83)   Pre Evacuate Collection Set: 0.43ms
[2026-04-03T06:32:31.446+0600][16.144s][info][gc,phases      ] GC(83)   Merge Heap Roots: 0.32ms
[2026-04-03T06:32:31.446+0600][16.144s][info][gc,phases      ] GC(83)   Evacuate Collection Set: 0.82ms
[2026-04-03T06:32:31.446+0600][16.144s][info][gc,phases      ] GC(83)   Post Evacuate Collection Set: 0.75ms
[2026-04-03T06:32:31.446+0600][16.144s][info][gc,phases      ] GC(83)   Other: 0.18ms
[2026-04-03T06:32:31.446+0600][16.144s][info][gc,heap        ] GC(83) Eden regions: 171->0(171)
[2026-04-03T06:32:31.446+0600][16.144s][info][gc,heap        ] GC(83) Survivor regions: 1->1(22)
[2026-04-03T06:32:31.446+0600][16.144s][info][gc,heap        ] GC(83) Old regions: 4->4
[2026-04-03T06:32:31.446+0600][16.144s][info][gc,heap        ] GC(83) Humongous regions: 6->6
[2026-04-03T06:32:31.446+0600][16.144s][info][gc,metaspace   ] GC(83) Metaspace: 9193K(9792K)->9193K(9792K) NonClass: 8159K(8512K)->8159K(8512K) Class: 1034K(1280K)->1034K(1280K)
[2026-04-03T06:32:31.446+0600][16.144s][info][gc             ] GC(83) Pause Young (Normal) (G1 Evacuation Pause) 359M->17M(574M) 2.849ms
[2026-04-03T06:32:31.446+0600][16.144s][info][gc,cpu         ] GC(83) User=0.01s Sys=0.00s Real=0.00s
[2026-04-03T06:32:31.602+0600][16.300s][info][gc,start       ] GC(84) Pause Young (Normal) (G1 Evacuation Pause)
[2026-04-03T06:32:31.603+0600][16.300s][info][gc,task        ] GC(84) Using 10 workers of 10 for evacuation
[2026-04-03T06:32:31.604+0600][16.302s][info][gc,phases      ] GC(84)   Pre Evacuate Collection Set: 0.24ms
[2026-04-03T06:32:31.604+0600][16.302s][info][gc,phases      ] GC(84)   Merge Heap Roots: 0.18ms
[2026-04-03T06:32:31.604+0600][16.302s][info][gc,phases      ] GC(84)   Evacuate Collection Set: 0.55ms
[2026-04-03T06:32:31.604+0600][16.302s][info][gc,phases      ] GC(84)   Post Evacuate Collection Set: 0.76ms
[2026-04-03T06:32:31.605+0600][16.302s][info][gc,phases      ] GC(84)   Other: 0.11ms
[2026-04-03T06:32:31.605+0600][16.302s][info][gc,heap        ] GC(84) Eden regions: 171->0(171)
[2026-04-03T06:32:31.605+0600][16.302s][info][gc,heap        ] GC(84) Survivor regions: 1->1(22)
[2026-04-03T06:32:31.605+0600][16.302s][info][gc,heap        ] GC(84) Old regions: 4->4
[2026-04-03T06:32:31.605+0600][16.302s][info][gc,heap        ] GC(84) Humongous regions: 6->6
[2026-04-03T06:32:31.605+0600][16.302s][info][gc,metaspace   ] GC(84) Metaspace: 9193K(9792K)->9193K(9792K) NonClass: 8159K(8512K)->8159K(8512K) Class: 1034K(1280K)->1034K(1280K)
[2026-04-03T06:32:31.605+0600][16.302s][info][gc             ] GC(84) Pause Young (Normal) (G1 Evacuation Pause) 359M->17M(574M) 2.197ms
[2026-04-03T06:32:31.605+0600][16.302s][info][gc,cpu         ] GC(84) User=0.00s Sys=0.01s Real=0.01s
[2026-04-03T06:32:31.793+0600][16.490s][info][gc,start       ] GC(85) Pause Young (Normal) (G1 Evacuation Pause)
[2026-04-03T06:32:31.793+0600][16.490s][info][gc,task        ] GC(85) Using 10 workers of 10 for evacuation
[2026-04-03T06:32:31.795+0600][16.493s][info][gc,phases      ] GC(85)   Pre Evacuate Collection Set: 0.33ms
[2026-04-03T06:32:31.795+0600][16.493s][info][gc,phases      ] GC(85)   Merge Heap Roots: 0.16ms
[2026-04-03T06:32:31.795+0600][16.493s][info][gc,phases      ] GC(85)   Evacuate Collection Set: 0.72ms
[2026-04-03T06:32:31.795+0600][16.493s][info][gc,phases      ] GC(85)   Post Evacuate Collection Set: 0.80ms
[2026-04-03T06:32:31.795+0600][16.493s][info][gc,phases      ] GC(85)   Other: 0.12ms
[2026-04-03T06:32:31.795+0600][16.493s][info][gc,heap        ] GC(85) Eden regions: 171->0(171)
[2026-04-03T06:32:31.795+0600][16.493s][info][gc,heap        ] GC(85) Survivor regions: 1->1(22)
[2026-04-03T06:32:31.795+0600][16.493s][info][gc,heap        ] GC(85) Old regions: 4->4
[2026-04-03T06:32:31.795+0600][16.493s][info][gc,heap        ] GC(85) Humongous regions: 6->6
[2026-04-03T06:32:31.795+0600][16.493s][info][gc,metaspace   ] GC(85) Metaspace: 9193K(9792K)->9193K(9792K) NonClass: 8159K(8512K)->8159K(8512K) Class: 1034K(1280K)->1034K(1280K)
[2026-04-03T06:32:31.795+0600][16.493s][info][gc             ] GC(85) Pause Young (Normal) (G1 Evacuation Pause) 359M->17M(574M) 2.573ms
[2026-04-03T06:32:31.795+0600][16.493s][info][gc,cpu         ] GC(85) User=0.01s Sys=0.01s Real=0.01s
[2026-04-03T06:32:31.951+0600][16.648s][info][gc,start       ] GC(86) Pause Young (Normal) (G1 Evacuation Pause)
[2026-04-03T06:32:31.951+0600][16.648s][info][gc,task        ] GC(86) Using 10 workers of 10 for evacuation
[2026-04-03T06:32:31.954+0600][16.652s][info][gc,phases      ] GC(86)   Pre Evacuate Collection Set: 0.22ms
[2026-04-03T06:32:31.954+0600][16.652s][info][gc,phases      ] GC(86)   Merge Heap Roots: 0.16ms
[2026-04-03T06:32:31.954+0600][16.652s][info][gc,phases      ] GC(86)   Evacuate Collection Set: 2.10ms
[2026-04-03T06:32:31.954+0600][16.652s][info][gc,phases      ] GC(86)   Post Evacuate Collection Set: 0.59ms
[2026-04-03T06:32:31.954+0600][16.652s][info][gc,phases      ] GC(86)   Other: 0.09ms
[2026-04-03T06:32:31.954+0600][16.652s][info][gc,heap        ] GC(86) Eden regions: 171->0(171)
[2026-04-03T06:32:31.954+0600][16.652s][info][gc,heap        ] GC(86) Survivor regions: 1->1(22)
[2026-04-03T06:32:31.954+0600][16.652s][info][gc,heap        ] GC(86) Old regions: 4->4
[2026-04-03T06:32:31.954+0600][16.652s][info][gc,heap        ] GC(86) Humongous regions: 6->6
[2026-04-03T06:32:31.954+0600][16.652s][info][gc,metaspace   ] GC(86) Metaspace: 9193K(9792K)->9193K(9792K) NonClass: 8159K(8512K)->8159K(8512K) Class: 1034K(1280K)->1034K(1280K)
[2026-04-03T06:32:31.954+0600][16.652s][info][gc             ] GC(86) Pause Young (Normal) (G1 Evacuation Pause) 359M->17M(574M) 3.435ms
[2026-04-03T06:32:31.954+0600][16.652s][info][gc,cpu         ] GC(86) User=0.01s Sys=0.00s Real=0.01s
[2026-04-03T06:32:32.131+0600][16.829s][info][gc,start       ] GC(87) Pause Young (Normal) (G1 Evacuation Pause)
[2026-04-03T06:32:32.131+0600][16.829s][info][gc,task        ] GC(87) Using 10 workers of 10 for evacuation
[2026-04-03T06:32:32.134+0600][16.832s][info][gc,phases      ] GC(87)   Pre Evacuate Collection Set: 0.29ms
[2026-04-03T06:32:32.134+0600][16.832s][info][gc,phases      ] GC(87)   Merge Heap Roots: 0.20ms
[2026-04-03T06:32:32.134+0600][16.832s][info][gc,phases      ] GC(87)   Evacuate Collection Set: 1.77ms
[2026-04-03T06:32:32.134+0600][16.832s][info][gc,phases      ] GC(87)   Post Evacuate Collection Set: 0.65ms
[2026-04-03T06:32:32.134+0600][16.832s][info][gc,phases      ] GC(87)   Other: 0.11ms
[2026-04-03T06:32:32.134+0600][16.832s][info][gc,heap        ] GC(87) Eden regions: 171->0(171)
[2026-04-03T06:32:32.134+0600][16.832s][info][gc,heap        ] GC(87) Survivor regions: 1->1(22)
[2026-04-03T06:32:32.134+0600][16.832s][info][gc,heap        ] GC(87) Old regions: 4->4
[2026-04-03T06:32:32.134+0600][16.832s][info][gc,heap        ] GC(87) Humongous regions: 6->6
[2026-04-03T06:32:32.134+0600][16.832s][info][gc,metaspace   ] GC(87) Metaspace: 9193K(9792K)->9193K(9792K) NonClass: 8159K(8512K)->8159K(8512K) Class: 1034K(1280K)->1034K(1280K)
[2026-04-03T06:32:32.135+0600][16.832s][info][gc             ] GC(87) Pause Young (Normal) (G1 Evacuation Pause) 359M->17M(574M) 3.282ms
[2026-04-03T06:32:32.135+0600][16.832s][info][gc,cpu         ] GC(87) User=0.01s Sys=0.00s Real=0.01s
[2026-04-03T06:32:32.293+0600][16.990s][info][gc,start       ] GC(88) Pause Young (Normal) (G1 Evacuation Pause)
[2026-04-03T06:32:32.293+0600][16.990s][info][gc,task        ] GC(88) Using 10 workers of 10 for evacuation
[2026-04-03T06:32:32.295+0600][16.992s][info][gc,phases      ] GC(88)   Pre Evacuate Collection Set: 0.31ms
[2026-04-03T06:32:32.295+0600][16.992s][info][gc,phases      ] GC(88)   Merge Heap Roots: 0.22ms
[2026-04-03T06:32:32.295+0600][16.992s][info][gc,phases      ] GC(88)   Evacuate Collection Set: 0.42ms
[2026-04-03T06:32:32.295+0600][16.992s][info][gc,phases      ] GC(88)   Post Evacuate Collection Set: 0.67ms
[2026-04-03T06:32:32.295+0600][16.993s][info][gc,phases      ] GC(88)   Other: 0.14ms
[2026-04-03T06:32:32.295+0600][16.993s][info][gc,heap        ] GC(88) Eden regions: 171->0(171)
[2026-04-03T06:32:32.295+0600][16.993s][info][gc,heap        ] GC(88) Survivor regions: 1->1(22)
[2026-04-03T06:32:32.295+0600][16.993s][info][gc,heap        ] GC(88) Old regions: 4->4
[2026-04-03T06:32:32.295+0600][16.993s][info][gc,heap        ] GC(88) Humongous regions: 6->6
[2026-04-03T06:32:32.295+0600][16.993s][info][gc,metaspace   ] GC(88) Metaspace: 9193K(9792K)->9193K(9792K) NonClass: 8159K(8512K)->8159K(8512K) Class: 1034K(1280K)->1034K(1280K)
[2026-04-03T06:32:32.295+0600][16.993s][info][gc             ] GC(88) Pause Young (Normal) (G1 Evacuation Pause) 359M->17M(574M) 2.235ms
[2026-04-03T06:32:32.295+0600][16.993s][info][gc,cpu         ] GC(88) User=0.01s Sys=0.00s Real=0.01s
[2026-04-03T06:32:32.437+0600][17.134s][info][gc,start       ] GC(89) Pause Young (Normal) (G1 Evacuation Pause)
[2026-04-03T06:32:32.437+0600][17.135s][info][gc,task        ] GC(89) Using 10 workers of 10 for evacuation
[2026-04-03T06:32:32.439+0600][17.136s][info][gc,phases      ] GC(89)   Pre Evacuate Collection Set: 0.27ms
[2026-04-03T06:32:32.439+0600][17.136s][info][gc,phases      ] GC(89)   Merge Heap Roots: 0.21ms
[2026-04-03T06:32:32.439+0600][17.136s][info][gc,phases      ] GC(89)   Evacuate Collection Set: 0.47ms
[2026-04-03T06:32:32.439+0600][17.136s][info][gc,phases      ] GC(89)   Post Evacuate Collection Set: 0.65ms
[2026-04-03T06:32:32.439+0600][17.136s][info][gc,phases      ] GC(89)   Other: 0.13ms
[2026-04-03T06:32:32.439+0600][17.136s][info][gc,heap        ] GC(89) Eden regions: 171->0(171)
[2026-04-03T06:32:32.439+0600][17.136s][info][gc,heap        ] GC(89) Survivor regions: 1->1(22)
[2026-04-03T06:32:32.439+0600][17.136s][info][gc,heap        ] GC(89) Old regions: 4->4
[2026-04-03T06:32:32.439+0600][17.136s][info][gc,heap        ] GC(89) Humongous regions: 6->6
[2026-04-03T06:32:32.439+0600][17.136s][info][gc,metaspace   ] GC(89) Metaspace: 9193K(9792K)->9193K(9792K) NonClass: 8159K(8512K)->8159K(8512K) Class: 1034K(1280K)->1034K(1280K)
[2026-04-03T06:32:32.439+0600][17.136s][info][gc             ] GC(89) Pause Young (Normal) (G1 Evacuation Pause) 359M->17M(574M) 2.016ms
[2026-04-03T06:32:32.439+0600][17.136s][info][gc,cpu         ] GC(89) User=0.00s Sys=0.00s Real=0.00s
[2026-04-03T06:32:32.594+0600][17.292s][info][gc,start       ] GC(90) Pause Young (Normal) (G1 Evacuation Pause)
[2026-04-03T06:32:32.594+0600][17.292s][info][gc,task        ] GC(90) Using 10 workers of 10 for evacuation
[2026-04-03T06:32:32.599+0600][17.296s][info][gc,phases      ] GC(90)   Pre Evacuate Collection Set: 3.13ms
[2026-04-03T06:32:32.599+0600][17.296s][info][gc,phases      ] GC(90)   Merge Heap Roots: 0.15ms
[2026-04-03T06:32:32.599+0600][17.296s][info][gc,phases      ] GC(90)   Evacuate Collection Set: 0.45ms
[2026-04-03T06:32:32.599+0600][17.296s][info][gc,phases      ] GC(90)   Post Evacuate Collection Set: 0.56ms
[2026-04-03T06:32:32.599+0600][17.296s][info][gc,phases      ] GC(90)   Other: 0.10ms
[2026-04-03T06:32:32.599+0600][17.296s][info][gc,heap        ] GC(90) Eden regions: 171->0(171)
[2026-04-03T06:32:32.599+0600][17.296s][info][gc,heap        ] GC(90) Survivor regions: 1->1(22)
[2026-04-03T06:32:32.599+0600][17.296s][info][gc,heap        ] GC(90) Old regions: 4->4
[2026-04-03T06:32:32.599+0600][17.296s][info][gc,heap        ] GC(90) Humongous regions: 6->6
[2026-04-03T06:32:32.599+0600][17.296s][info][gc,metaspace   ] GC(90) Metaspace: 9193K(9792K)->9193K(9792K) NonClass: 8159K(8512K)->8159K(8512K) Class: 1034K(1280K)->1034K(1280K)
[2026-04-03T06:32:32.599+0600][17.296s][info][gc             ] GC(90) Pause Young (Normal) (G1 Evacuation Pause) 359M->17M(574M) 4.663ms
[2026-04-03T06:32:32.599+0600][17.296s][info][gc,cpu         ] GC(90) User=0.01s Sys=0.00s Real=0.00s
[2026-04-03T06:32:32.743+0600][17.440s][info][gc,start       ] GC(91) Pause Young (Normal) (G1 Evacuation Pause)
[2026-04-03T06:32:32.743+0600][17.440s][info][gc,task        ] GC(91) Using 10 workers of 10 for evacuation
[2026-04-03T06:32:32.744+0600][17.442s][info][gc,phases      ] GC(91)   Pre Evacuate Collection Set: 0.36ms
[2026-04-03T06:32:32.744+0600][17.442s][info][gc,phases      ] GC(91)   Merge Heap Roots: 0.18ms
[2026-04-03T06:32:32.744+0600][17.442s][info][gc,phases      ] GC(91)   Evacuate Collection Set: 0.38ms
[2026-04-03T06:32:32.744+0600][17.442s][info][gc,phases      ] GC(91)   Post Evacuate Collection Set: 0.45ms
[2026-04-03T06:32:32.744+0600][17.442s][info][gc,phases      ] GC(91)   Other: 0.09ms
[2026-04-03T06:32:32.744+0600][17.442s][info][gc,heap        ] GC(91) Eden regions: 171->0(171)
[2026-04-03T06:32:32.744+0600][17.442s][info][gc,heap        ] GC(91) Survivor regions: 1->1(22)
[2026-04-03T06:32:32.744+0600][17.442s][info][gc,heap        ] GC(91) Old regions: 4->4
[2026-04-03T06:32:32.744+0600][17.442s][info][gc,heap        ] GC(91) Humongous regions: 6->6
[2026-04-03T06:32:32.744+0600][17.442s][info][gc,metaspace   ] GC(91) Metaspace: 9193K(9792K)->9193K(9792K) NonClass: 8159K(8512K)->8159K(8512K) Class: 1034K(1280K)->1034K(1280K)
[2026-04-03T06:32:32.745+0600][17.442s][info][gc             ] GC(91) Pause Young (Normal) (G1 Evacuation Pause) 359M->17M(574M) 1.706ms
[2026-04-03T06:32:32.745+0600][17.442s][info][gc,cpu         ] GC(91) User=0.01s Sys=0.00s Real=0.01s
[2026-04-03T06:32:32.902+0600][17.600s][info][gc,start       ] GC(92) Pause Young (Normal) (G1 Evacuation Pause)
[2026-04-03T06:32:32.902+0600][17.600s][info][gc,task        ] GC(92) Using 10 workers of 10 for evacuation
[2026-04-03T06:32:32.905+0600][17.603s][info][gc,phases      ] GC(92)   Pre Evacuate Collection Set: 0.55ms
[2026-04-03T06:32:32.905+0600][17.603s][info][gc,phases      ] GC(92)   Merge Heap Roots: 0.29ms
[2026-04-03T06:32:32.905+0600][17.603s][info][gc,phases      ] GC(92)   Evacuate Collection Set: 1.38ms
[2026-04-03T06:32:32.905+0600][17.603s][info][gc,phases      ] GC(92)   Post Evacuate Collection Set: 0.96ms
[2026-04-03T06:32:32.906+0600][17.603s][info][gc,phases      ] GC(92)   Other: 0.14ms
[2026-04-03T06:32:32.906+0600][17.603s][info][gc,heap        ] GC(92) Eden regions: 171->0(171)
[2026-04-03T06:32:32.906+0600][17.603s][info][gc,heap        ] GC(92) Survivor regions: 1->1(22)
[2026-04-03T06:32:32.906+0600][17.603s][info][gc,heap        ] GC(92) Old regions: 4->4
[2026-04-03T06:32:32.906+0600][17.603s][info][gc,heap        ] GC(92) Humongous regions: 6->6
[2026-04-03T06:32:32.906+0600][17.603s][info][gc,metaspace   ] GC(92) Metaspace: 9193K(9792K)->9193K(9792K) NonClass: 8159K(8512K)->8159K(8512K) Class: 1034K(1280K)->1034K(1280K)
[2026-04-03T06:32:32.906+0600][17.603s][info][gc             ] GC(92) Pause Young (Normal) (G1 Evacuation Pause) 359M->17M(574M) 3.676ms
[2026-04-03T06:32:32.906+0600][17.603s][info][gc,cpu         ] GC(92) User=0.00s Sys=0.01s Real=0.01s
[2026-04-03T06:32:33.061+0600][17.759s][info][gc,start       ] GC(93) Pause Young (Normal) (G1 Evacuation Pause)
[2026-04-03T06:32:33.061+0600][17.759s][info][gc,task        ] GC(93) Using 10 workers of 10 for evacuation
[2026-04-03T06:32:33.064+0600][17.762s][info][gc,phases      ] GC(93)   Pre Evacuate Collection Set: 0.26ms
[2026-04-03T06:32:33.064+0600][17.762s][info][gc,phases      ] GC(93)   Merge Heap Roots: 0.22ms
[2026-04-03T06:32:33.064+0600][17.762s][info][gc,phases      ] GC(93)   Evacuate Collection Set: 1.26ms
[2026-04-03T06:32:33.064+0600][17.762s][info][gc,phases      ] GC(93)   Post Evacuate Collection Set: 0.85ms
[2026-04-03T06:32:33.064+0600][17.762s][info][gc,phases      ] GC(93)   Other: 0.12ms
[2026-04-03T06:32:33.064+0600][17.762s][info][gc,heap        ] GC(93) Eden regions: 171->0(171)
[2026-04-03T06:32:33.064+0600][17.762s][info][gc,heap        ] GC(93) Survivor regions: 1->1(22)
[2026-04-03T06:32:33.064+0600][17.762s][info][gc,heap        ] GC(93) Old regions: 4->4
[2026-04-03T06:32:33.064+0600][17.762s][info][gc,heap        ] GC(93) Humongous regions: 6->6
[2026-04-03T06:32:33.064+0600][17.762s][info][gc,metaspace   ] GC(93) Metaspace: 9194K(9792K)->9194K(9792K) NonClass: 8160K(8512K)->8160K(8512K) Class: 1034K(1280K)->1034K(1280K)
[2026-04-03T06:32:33.065+0600][17.762s][info][gc             ] GC(93) Pause Young (Normal) (G1 Evacuation Pause) 359M->17M(574M) 3.184ms
[2026-04-03T06:32:33.065+0600][17.762s][info][gc,cpu         ] GC(93) User=0.01s Sys=0.00s Real=0.01s
[2026-04-03T06:32:33.245+0600][17.943s][info][gc,start       ] GC(94) Pause Young (Normal) (G1 Evacuation Pause)
[2026-04-03T06:32:33.246+0600][17.943s][info][gc,task        ] GC(94) Using 10 workers of 10 for evacuation
[2026-04-03T06:32:33.247+0600][17.945s][info][gc,phases      ] GC(94)   Pre Evacuate Collection Set: 0.25ms
[2026-04-03T06:32:33.247+0600][17.945s][info][gc,phases      ] GC(94)   Merge Heap Roots: 0.16ms
[2026-04-03T06:32:33.247+0600][17.945s][info][gc,phases      ] GC(94)   Evacuate Collection Set: 0.78ms
[2026-04-03T06:32:33.247+0600][17.945s][info][gc,phases      ] GC(94)   Post Evacuate Collection Set: 0.58ms
[2026-04-03T06:32:33.248+0600][17.945s][info][gc,phases      ] GC(94)   Other: 0.10ms
[2026-04-03T06:32:33.248+0600][17.945s][info][gc,heap        ] GC(94) Eden regions: 171->0(171)
[2026-04-03T06:32:33.248+0600][17.945s][info][gc,heap        ] GC(94) Survivor regions: 1->1(22)
[2026-04-03T06:32:33.248+0600][17.945s][info][gc,heap        ] GC(94) Old regions: 4->4
[2026-04-03T06:32:33.248+0600][17.945s][info][gc,heap        ] GC(94) Humongous regions: 6->6
[2026-04-03T06:32:33.248+0600][17.945s][info][gc,metaspace   ] GC(94) Metaspace: 9194K(9792K)->9194K(9792K) NonClass: 8160K(8512K)->8160K(8512K) Class: 1034K(1280K)->1034K(1280K)
[2026-04-03T06:32:33.248+0600][17.945s][info][gc             ] GC(94) Pause Young (Normal) (G1 Evacuation Pause) 359M->17M(574M) 2.163ms
[2026-04-03T06:32:33.248+0600][17.945s][info][gc,cpu         ] GC(94) User=0.01s Sys=0.00s Real=0.00s
[2026-04-03T06:32:33.427+0600][18.124s][info][gc,start       ] GC(95) Pause Young (Normal) (G1 Evacuation Pause)
[2026-04-03T06:32:33.427+0600][18.124s][info][gc,task        ] GC(95) Using 10 workers of 10 for evacuation
[2026-04-03T06:32:33.431+0600][18.129s][info][gc,phases      ] GC(95)   Pre Evacuate Collection Set: 0.24ms
[2026-04-03T06:32:33.431+0600][18.129s][info][gc,phases      ] GC(95)   Merge Heap Roots: 0.18ms
[2026-04-03T06:32:33.431+0600][18.129s][info][gc,phases      ] GC(95)   Evacuate Collection Set: 3.08ms
[2026-04-03T06:32:33.431+0600][18.129s][info][gc,phases      ] GC(95)   Post Evacuate Collection Set: 0.74ms
[2026-04-03T06:32:33.431+0600][18.129s][info][gc,phases      ] GC(95)   Other: 0.11ms
[2026-04-03T06:32:33.431+0600][18.129s][info][gc,heap        ] GC(95) Eden regions: 171->0(171)
[2026-04-03T06:32:33.431+0600][18.129s][info][gc,heap        ] GC(95) Survivor regions: 1->1(22)
[2026-04-03T06:32:33.431+0600][18.129s][info][gc,heap        ] GC(95) Old regions: 4->4
[2026-04-03T06:32:33.431+0600][18.129s][info][gc,heap        ] GC(95) Humongous regions: 6->6
[2026-04-03T06:32:33.431+0600][18.129s][info][gc,metaspace   ] GC(95) Metaspace: 9194K(9792K)->9194K(9792K) NonClass: 8160K(8512K)->8160K(8512K) Class: 1034K(1280K)->1034K(1280K)
[2026-04-03T06:32:33.431+0600][18.129s][info][gc             ] GC(95) Pause Young (Normal) (G1 Evacuation Pause) 359M->17M(574M) 4.638ms
[2026-04-03T06:32:33.431+0600][18.129s][info][gc,cpu         ] GC(95) User=0.02s Sys=0.00s Real=0.00s
[2026-04-03T06:32:33.592+0600][18.289s][info][gc,start       ] GC(96) Pause Young (Normal) (G1 Evacuation Pause)
[2026-04-03T06:32:33.592+0600][18.289s][info][gc,task        ] GC(96) Using 10 workers of 10 for evacuation
[2026-04-03T06:32:33.596+0600][18.293s][info][gc,phases      ] GC(96)   Pre Evacuate Collection Set: 0.29ms
[2026-04-03T06:32:33.596+0600][18.293s][info][gc,phases      ] GC(96)   Merge Heap Roots: 0.20ms
[2026-04-03T06:32:33.596+0600][18.293s][info][gc,phases      ] GC(96)   Evacuate Collection Set: 2.42ms
[2026-04-03T06:32:33.596+0600][18.293s][info][gc,phases      ] GC(96)   Post Evacuate Collection Set: 0.82ms
[2026-04-03T06:32:33.596+0600][18.293s][info][gc,phases      ] GC(96)   Other: 0.13ms
[2026-04-03T06:32:33.596+0600][18.294s][info][gc,heap        ] GC(96) Eden regions: 171->0(171)
[2026-04-03T06:32:33.596+0600][18.294s][info][gc,heap        ] GC(96) Survivor regions: 1->1(22)
[2026-04-03T06:32:33.596+0600][18.294s][info][gc,heap        ] GC(96) Old regions: 4->4
[2026-04-03T06:32:33.596+0600][18.294s][info][gc,heap        ] GC(96) Humongous regions: 6->6
[2026-04-03T06:32:33.596+0600][18.294s][info][gc,metaspace   ] GC(96) Metaspace: 9195K(9792K)->9195K(9792K) NonClass: 8160K(8512K)->8160K(8512K) Class: 1034K(1280K)->1034K(1280K)
[2026-04-03T06:32:33.596+0600][18.294s][info][gc             ] GC(96) Pause Young (Normal) (G1 Evacuation Pause) 359M->17M(574M) 4.271ms
[2026-04-03T06:32:33.596+0600][18.294s][info][gc,cpu         ] GC(96) User=0.01s Sys=0.00s Real=0.01s
[2026-04-03T06:32:33.766+0600][18.464s][info][gc,start       ] GC(97) Pause Young (Normal) (G1 Evacuation Pause)
[2026-04-03T06:32:33.767+0600][18.464s][info][gc,task        ] GC(97) Using 10 workers of 10 for evacuation
[2026-04-03T06:32:33.770+0600][18.467s][info][gc,phases      ] GC(97)   Pre Evacuate Collection Set: 0.37ms
[2026-04-03T06:32:33.770+0600][18.467s][info][gc,phases      ] GC(97)   Merge Heap Roots: 0.20ms
[2026-04-03T06:32:33.770+0600][18.467s][info][gc,phases      ] GC(97)   Evacuate Collection Set: 1.68ms
[2026-04-03T06:32:33.770+0600][18.467s][info][gc,phases      ] GC(97)   Post Evacuate Collection Set: 0.75ms
[2026-04-03T06:32:33.770+0600][18.467s][info][gc,phases      ] GC(97)   Other: 0.11ms
[2026-04-03T06:32:33.770+0600][18.467s][info][gc,heap        ] GC(97) Eden regions: 171->0(171)
[2026-04-03T06:32:33.770+0600][18.467s][info][gc,heap        ] GC(97) Survivor regions: 1->1(22)
[2026-04-03T06:32:33.770+0600][18.467s][info][gc,heap        ] GC(97) Old regions: 4->4
[2026-04-03T06:32:33.770+0600][18.467s][info][gc,heap        ] GC(97) Humongous regions: 6->6
[2026-04-03T06:32:33.770+0600][18.467s][info][gc,metaspace   ] GC(97) Metaspace: 9195K(9792K)->9195K(9792K) NonClass: 8160K(8512K)->8160K(8512K) Class: 1034K(1280K)->1034K(1280K)
[2026-04-03T06:32:33.770+0600][18.467s][info][gc             ] GC(97) Pause Young (Normal) (G1 Evacuation Pause) 359M->17M(574M) 3.456ms
[2026-04-03T06:32:33.770+0600][18.468s][info][gc,cpu         ] GC(97) User=0.00s Sys=0.00s Real=0.00s
[2026-04-03T06:32:33.949+0600][18.647s][info][gc,start       ] GC(98) Pause Young (Normal) (G1 Evacuation Pause)
[2026-04-03T06:32:33.950+0600][18.647s][info][gc,task        ] GC(98) Using 10 workers of 10 for evacuation
[2026-04-03T06:32:33.953+0600][18.650s][info][gc,phases      ] GC(98)   Pre Evacuate Collection Set: 0.30ms
[2026-04-03T06:32:33.953+0600][18.650s][info][gc,phases      ] GC(98)   Merge Heap Roots: 0.17ms
[2026-04-03T06:32:33.953+0600][18.650s][info][gc,phases      ] GC(98)   Evacuate Collection Set: 1.81ms
[2026-04-03T06:32:33.953+0600][18.650s][info][gc,phases      ] GC(98)   Post Evacuate Collection Set: 0.84ms
[2026-04-03T06:32:33.953+0600][18.650s][info][gc,phases      ] GC(98)   Other: 0.11ms
[2026-04-03T06:32:33.953+0600][18.650s][info][gc,heap        ] GC(98) Eden regions: 171->0(171)
[2026-04-03T06:32:33.953+0600][18.650s][info][gc,heap        ] GC(98) Survivor regions: 1->1(22)
[2026-04-03T06:32:33.953+0600][18.650s][info][gc,heap        ] GC(98) Old regions: 4->4
[2026-04-03T06:32:33.953+0600][18.651s][info][gc,heap        ] GC(98) Humongous regions: 6->6
[2026-04-03T06:32:33.953+0600][18.651s][info][gc,metaspace   ] GC(98) Metaspace: 9195K(9792K)->9195K(9792K) NonClass: 8160K(8512K)->8160K(8512K) Class: 1034K(1280K)->1034K(1280K)
[2026-04-03T06:32:33.953+0600][18.651s][info][gc             ] GC(98) Pause Young (Normal) (G1 Evacuation Pause) 359M->17M(574M) 3.511ms
[2026-04-03T06:32:33.953+0600][18.651s][info][gc,cpu         ] GC(98) User=0.01s Sys=0.00s Real=0.00s
[2026-04-03T06:32:34.108+0600][18.806s][info][gc,start       ] GC(99) Pause Young (Normal) (G1 Evacuation Pause)
[2026-04-03T06:32:34.108+0600][18.806s][info][gc,task        ] GC(99) Using 10 workers of 10 for evacuation
[2026-04-03T06:32:34.112+0600][18.809s][info][gc,phases      ] GC(99)   Pre Evacuate Collection Set: 0.31ms
[2026-04-03T06:32:34.112+0600][18.809s][info][gc,phases      ] GC(99)   Merge Heap Roots: 0.16ms
[2026-04-03T06:32:34.112+0600][18.809s][info][gc,phases      ] GC(99)   Evacuate Collection Set: 1.73ms
[2026-04-03T06:32:34.112+0600][18.809s][info][gc,phases      ] GC(99)   Post Evacuate Collection Set: 0.83ms
[2026-04-03T06:32:34.112+0600][18.809s][info][gc,phases      ] GC(99)   Other: 0.11ms
[2026-04-03T06:32:34.112+0600][18.809s][info][gc,heap        ] GC(99) Eden regions: 171->0(171)
[2026-04-03T06:32:34.112+0600][18.809s][info][gc,heap        ] GC(99) Survivor regions: 1->1(22)
[2026-04-03T06:32:34.112+0600][18.809s][info][gc,heap        ] GC(99) Old regions: 4->4
[2026-04-03T06:32:34.112+0600][18.809s][info][gc,heap        ] GC(99) Humongous regions: 6->6
[2026-04-03T06:32:34.112+0600][18.809s][info][gc,metaspace   ] GC(99) Metaspace: 9195K(9792K)->9195K(9792K) NonClass: 8160K(8512K)->8160K(8512K) Class: 1034K(1280K)->1034K(1280K)
[2026-04-03T06:32:34.112+0600][18.809s][info][gc             ] GC(99) Pause Young (Normal) (G1 Evacuation Pause) 359M->17M(574M) 3.500ms
[2026-04-03T06:32:34.112+0600][18.809s][info][gc,cpu         ] GC(99) User=0.01s Sys=0.00s Real=0.00s
[2026-04-03T06:32:34.259+0600][18.956s][info][gc,start       ] GC(100) Pause Young (Normal) (G1 Evacuation Pause)
[2026-04-03T06:32:34.259+0600][18.956s][info][gc,task        ] GC(100) Using 10 workers of 10 for evacuation
[2026-04-03T06:32:34.262+0600][18.959s][info][gc,phases      ] GC(100)   Pre Evacuate Collection Set: 0.26ms
[2026-04-03T06:32:34.262+0600][18.959s][info][gc,phases      ] GC(100)   Merge Heap Roots: 0.22ms
[2026-04-03T06:32:34.262+0600][18.959s][info][gc,phases      ] GC(100)   Evacuate Collection Set: 0.57ms
[2026-04-03T06:32:34.262+0600][18.959s][info][gc,phases      ] GC(100)   Post Evacuate Collection Set: 1.64ms
[2026-04-03T06:32:34.262+0600][18.959s][info][gc,phases      ] GC(100)   Other: 0.14ms
[2026-04-03T06:32:34.262+0600][18.959s][info][gc,heap        ] GC(100) Eden regions: 171->0(171)
[2026-04-03T06:32:34.262+0600][18.959s][info][gc,heap        ] GC(100) Survivor regions: 1->1(22)
[2026-04-03T06:32:34.262+0600][18.959s][info][gc,heap        ] GC(100) Old regions: 4->4
[2026-04-03T06:32:34.262+0600][18.959s][info][gc,heap        ] GC(100) Humongous regions: 6->6
[2026-04-03T06:32:34.262+0600][18.959s][info][gc,metaspace   ] GC(100) Metaspace: 9195K(9792K)->9195K(9792K) NonClass: 8160K(8512K)->8160K(8512K) Class: 1034K(1280K)->1034K(1280K)
[2026-04-03T06:32:34.262+0600][18.959s][info][gc             ] GC(100) Pause Young (Normal) (G1 Evacuation Pause) 359M->17M(574M) 3.279ms
[2026-04-03T06:32:34.262+0600][18.959s][info][gc,cpu         ] GC(100) User=0.00s Sys=0.00s Real=0.00s
[2026-04-03T06:32:34.408+0600][19.106s][info][gc,start       ] GC(101) Pause Young (Normal) (G1 Evacuation Pause)
[2026-04-03T06:32:34.408+0600][19.106s][info][gc,task        ] GC(101) Using 10 workers of 10 for evacuation
[2026-04-03T06:32:34.410+0600][19.107s][info][gc,phases      ] GC(101)   Pre Evacuate Collection Set: 0.33ms
[2026-04-03T06:32:34.410+0600][19.107s][info][gc,phases      ] GC(101)   Merge Heap Roots: 0.16ms
[2026-04-03T06:32:34.410+0600][19.108s][info][gc,phases      ] GC(101)   Evacuate Collection Set: 0.41ms
[2026-04-03T06:32:34.410+0600][19.108s][info][gc,phases      ] GC(101)   Post Evacuate Collection Set: 0.70ms
[2026-04-03T06:32:34.410+0600][19.108s][info][gc,phases      ] GC(101)   Other: 0.11ms
[2026-04-03T06:32:34.410+0600][19.108s][info][gc,heap        ] GC(101) Eden regions: 171->0(171)
[2026-04-03T06:32:34.410+0600][19.108s][info][gc,heap        ] GC(101) Survivor regions: 1->1(22)
[2026-04-03T06:32:34.410+0600][19.108s][info][gc,heap        ] GC(101) Old regions: 4->4
[2026-04-03T06:32:34.410+0600][19.108s][info][gc,heap        ] GC(101) Humongous regions: 6->6
[2026-04-03T06:32:34.410+0600][19.108s][info][gc,metaspace   ] GC(101) Metaspace: 9195K(9792K)->9195K(9792K) NonClass: 8160K(8512K)->8160K(8512K) Class: 1034K(1280K)->1034K(1280K)
[2026-04-03T06:32:34.410+0600][19.108s][info][gc             ] GC(101) Pause Young (Normal) (G1 Evacuation Pause) 359M->17M(574M) 2.051ms
[2026-04-03T06:32:34.410+0600][19.108s][info][gc,cpu         ] GC(101) User=0.01s Sys=0.00s Real=0.00s
[2026-04-03T06:32:34.582+0600][19.280s][info][gc,start       ] GC(102) Pause Young (Normal) (G1 Evacuation Pause)
[2026-04-03T06:32:34.583+0600][19.280s][info][gc,task        ] GC(102) Using 10 workers of 10 for evacuation
[2026-04-03T06:32:34.584+0600][19.282s][info][gc,phases      ] GC(102)   Pre Evacuate Collection Set: 0.30ms
[2026-04-03T06:32:34.584+0600][19.282s][info][gc,phases      ] GC(102)   Merge Heap Roots: 0.18ms
[2026-04-03T06:32:34.584+0600][19.282s][info][gc,phases      ] GC(102)   Evacuate Collection Set: 0.43ms
[2026-04-03T06:32:34.584+0600][19.282s][info][gc,phases      ] GC(102)   Post Evacuate Collection Set: 0.79ms
[2026-04-03T06:32:34.584+0600][19.282s][info][gc,phases      ] GC(102)   Other: 0.13ms
[2026-04-03T06:32:34.584+0600][19.282s][info][gc,heap        ] GC(102) Eden regions: 171->0(171)
[2026-04-03T06:32:34.585+0600][19.282s][info][gc,heap        ] GC(102) Survivor regions: 1->1(22)
[2026-04-03T06:32:34.585+0600][19.282s][info][gc,heap        ] GC(102) Old regions: 4->4
[2026-04-03T06:32:34.585+0600][19.282s][info][gc,heap        ] GC(102) Humongous regions: 6->6
[2026-04-03T06:32:34.585+0600][19.282s][info][gc,metaspace   ] GC(102) Metaspace: 9195K(9792K)->9195K(9792K) NonClass: 8161K(8512K)->8161K(8512K) Class: 1034K(1280K)->1034K(1280K)
[2026-04-03T06:32:34.585+0600][19.282s][info][gc             ] GC(102) Pause Young (Normal) (G1 Evacuation Pause) 359M->17M(574M) 2.174ms
[2026-04-03T06:32:34.585+0600][19.282s][info][gc,cpu         ] GC(102) User=0.01s Sys=0.01s Real=0.01s
[2026-04-03T06:32:34.880+0600][19.578s][info][gc,start       ] GC(103) Pause Young (Normal) (G1 Evacuation Pause)
[2026-04-03T06:32:34.880+0600][19.578s][info][gc,task        ] GC(103) Using 10 workers of 10 for evacuation
[2026-04-03T06:32:34.882+0600][19.579s][info][gc,phases      ] GC(103)   Pre Evacuate Collection Set: 0.39ms
[2026-04-03T06:32:34.882+0600][19.579s][info][gc,phases      ] GC(103)   Merge Heap Roots: 0.16ms
[2026-04-03T06:32:34.882+0600][19.579s][info][gc,phases      ] GC(103)   Evacuate Collection Set: 0.34ms
[2026-04-03T06:32:34.882+0600][19.579s][info][gc,phases      ] GC(103)   Post Evacuate Collection Set: 0.51ms
[2026-04-03T06:32:34.882+0600][19.579s][info][gc,phases      ] GC(103)   Other: 0.08ms
[2026-04-03T06:32:34.882+0600][19.579s][info][gc,heap        ] GC(103) Eden regions: 171->0(171)
[2026-04-03T06:32:34.882+0600][19.579s][info][gc,heap        ] GC(103) Survivor regions: 1->1(22)
[2026-04-03T06:32:34.882+0600][19.579s][info][gc,heap        ] GC(103) Old regions: 4->4
[2026-04-03T06:32:34.882+0600][19.579s][info][gc,heap        ] GC(103) Humongous regions: 6->6
[2026-04-03T06:32:34.882+0600][19.579s][info][gc,metaspace   ] GC(103) Metaspace: 9195K(9792K)->9195K(9792K) NonClass: 8161K(8512K)->8161K(8512K) Class: 1034K(1280K)->1034K(1280K)
[2026-04-03T06:32:34.882+0600][19.579s][info][gc             ] GC(103) Pause Young (Normal) (G1 Evacuation Pause) 359M->17M(574M) 1.739ms
[2026-04-03T06:32:34.882+0600][19.579s][info][gc,cpu         ] GC(103) User=0.01s Sys=0.00s Real=0.00s
[2026-04-03T06:32:35.416+0600][20.113s][info][gc,heap,exit   ] Heap
[2026-04-03T06:32:35.416+0600][20.113s][info][gc,heap,exit   ]  garbage-first heap   total 587776K, used 99384K [0x000000070ae00000, 0x0000000800000000)
[2026-04-03T06:32:35.416+0600][20.113s][info][gc,heap,exit   ]   region size 2048K, 35 young (71680K), 1 survivors (2048K)
[2026-04-03T06:32:35.416+0600][20.113s][info][gc,heap,exit   ]  Metaspace       used 9441K, committed 10048K, reserved 1114112K
[2026-04-03T06:32:35.416+0600][20.114s][info][gc,heap,exit   ]   class space    used 1058K, committed 1344K, reserved 1048576K
