[2026-04-03T06:54:54.747+0600][0.007s][info][gc,init] CardTable entry size: 512
[2026-04-03T06:54:54.747+0600][0.008s][info][gc     ] Using G1
[2026-04-03T06:54:54.752+0600][0.012s][info][gc,init] Version: 21.0.10+7-Ubuntu-124.04 (release)
[2026-04-03T06:54:54.752+0600][0.012s][info][gc,init] CPUs: 12 total, 12 available
[2026-04-03T06:54:54.752+0600][0.012s][info][gc,init] Memory: 15683M
[2026-04-03T06:54:54.752+0600][0.012s][info][gc,init] Large Page Support: Disabled
[2026-04-03T06:54:54.752+0600][0.012s][info][gc,init] NUMA Support: Disabled
[2026-04-03T06:54:54.752+0600][0.012s][info][gc,init] Compressed Oops: Enabled (Zero based)
[2026-04-03T06:54:54.752+0600][0.012s][info][gc,init] Heap Region Size: 2M
[2026-04-03T06:54:54.752+0600][0.012s][info][gc,init] Heap Min Capacity: 8M
[2026-04-03T06:54:54.752+0600][0.012s][info][gc,init] Heap Initial Capacity: 246M
[2026-04-03T06:54:54.752+0600][0.012s][info][gc,init] Heap Max Capacity: 3922M
[2026-04-03T06:54:54.752+0600][0.012s][info][gc,init] Pre-touch: Disabled
[2026-04-03T06:54:54.752+0600][0.012s][info][gc,init] Parallel Workers: 10
[2026-04-03T06:54:54.752+0600][0.012s][info][gc,init] Concurrent Workers: 3
[2026-04-03T06:54:54.752+0600][0.012s][info][gc,init] Concurrent Refinement Workers: 10
[2026-04-03T06:54:54.752+0600][0.012s][info][gc,init] Periodic GC: Disabled
[2026-04-03T06:54:54.768+0600][0.028s][info][gc,metaspace] CDS archive(s) mapped at: [0x0000769e97000000-0x0000769e97c9c000-0x0000769e97c9c000), size 13221888, SharedBaseAddress: 0x0000769e97000000, ArchiveRelocationMode: 1.
[2026-04-03T06:54:54.768+0600][0.029s][info][gc,metaspace] Compressed class space mapped at: 0x0000769e98000000-0x0000769ed8000000, reserved size: 1073741824
[2026-04-03T06:54:54.768+0600][0.029s][info][gc,metaspace] Narrow klass base: 0x0000769e97000000, Narrow klass shift: 0, Narrow klass range: 0x100000000
[2026-04-03T06:54:55.149+0600][0.409s][info][gc,start    ] GC(0) Pause Young (Normal) (G1 Evacuation Pause)
[2026-04-03T06:54:55.150+0600][0.411s][info][gc,task     ] GC(0) Using 5 workers of 10 for evacuation
[2026-04-03T06:54:55.153+0600][0.413s][info][gc,phases   ] GC(0)   Pre Evacuate Collection Set: 0.26ms
[2026-04-03T06:54:55.153+0600][0.413s][info][gc,phases   ] GC(0)   Merge Heap Roots: 0.16ms
[2026-04-03T06:54:55.153+0600][0.413s][info][gc,phases   ] GC(0)   Evacuate Collection Set: 1.86ms
[2026-04-03T06:54:55.153+0600][0.413s][info][gc,phases   ] GC(0)   Post Evacuate Collection Set: 0.31ms
[2026-04-03T06:54:55.153+0600][0.413s][info][gc,phases   ] GC(0)   Other: 1.23ms
[2026-04-03T06:54:55.153+0600][0.413s][info][gc,heap     ] GC(0) Eden regions: 11->0(22)
[2026-04-03T06:54:55.153+0600][0.413s][info][gc,heap     ] GC(0) Survivor regions: 0->2(2)
[2026-04-03T06:54:55.153+0600][0.413s][info][gc,heap     ] GC(0) Old regions: 1->1
[2026-04-03T06:54:55.153+0600][0.413s][info][gc,heap     ] GC(0) Humongous regions: 0->0
[2026-04-03T06:54:55.153+0600][0.413s][info][gc,metaspace] GC(0) Metaspace: 2523K(2688K)->2523K(2688K) NonClass: 2294K(2368K)->2294K(2368K) Class: 228K(320K)->228K(320K)
[2026-04-03T06:54:55.153+0600][0.413s][info][gc          ] GC(0) Pause Young (Normal) (G1 Evacuation Pause) 23M->3M(248M) 4.222ms
[2026-04-03T06:54:55.153+0600][0.414s][info][gc,cpu      ] GC(0) User=0.01s Sys=0.00s Real=0.01s
[2026-04-03T06:54:55.293+0600][0.553s][info][gc,start    ] GC(1) Pause Young (Normal) (G1 Evacuation Pause)
[2026-04-03T06:54:55.293+0600][0.553s][info][gc,task     ] GC(1) Using 5 workers of 10 for evacuation
[2026-04-03T06:54:55.296+0600][0.556s][info][gc,phases   ] GC(1)   Pre Evacuate Collection Set: 0.23ms
[2026-04-03T06:54:55.296+0600][0.556s][info][gc,phases   ] GC(1)   Merge Heap Roots: 0.06ms
[2026-04-03T06:54:55.296+0600][0.556s][info][gc,phases   ] GC(1)   Evacuate Collection Set: 1.58ms
[2026-04-03T06:54:55.296+0600][0.556s][info][gc,phases   ] GC(1)   Post Evacuate Collection Set: 0.58ms
[2026-04-03T06:54:55.296+0600][0.556s][info][gc,phases   ] GC(1)   Other: 0.07ms
[2026-04-03T06:54:55.296+0600][0.556s][info][gc,heap     ] GC(1) Eden regions: 22->0(71)
[2026-04-03T06:54:55.296+0600][0.556s][info][gc,heap     ] GC(1) Survivor regions: 2->2(3)
[2026-04-03T06:54:55.296+0600][0.556s][info][gc,heap     ] GC(1) Old regions: 1->1
[2026-04-03T06:54:55.296+0600][0.556s][info][gc,heap     ] GC(1) Humongous regions: 0->0
[2026-04-03T06:54:55.296+0600][0.556s][info][gc,metaspace] GC(1) Metaspace: 3803K(3968K)->3803K(3968K) NonClass: 3371K(3456K)->3371K(3456K) Class: 432K(512K)->432K(512K)
[2026-04-03T06:54:55.296+0600][0.556s][info][gc          ] GC(1) Pause Young (Normal) (G1 Evacuation Pause) 47M->3M(248M) 2.819ms
[2026-04-03T06:54:55.296+0600][0.556s][info][gc,cpu      ] GC(1) User=0.00s Sys=0.00s Real=0.01s
[2026-04-03T06:54:55.773+0600][1.033s][info][gc,start    ] GC(2) Pause Full (System.gc())
[2026-04-03T06:54:55.773+0600][1.033s][info][gc,task     ] GC(2) Using 5 workers of 10 for full compaction
[2026-04-03T06:54:55.773+0600][1.033s][info][gc,phases,start] GC(2) Phase 1: Mark live objects
[2026-04-03T06:54:55.778+0600][1.038s][info][gc,phases      ] GC(2) Phase 1: Mark live objects 4.852ms
[2026-04-03T06:54:55.778+0600][1.038s][info][gc,phases,start] GC(2) Phase 2: Prepare compaction
[2026-04-03T06:54:55.780+0600][1.040s][info][gc,phases      ] GC(2) Phase 2: Prepare compaction 1.747ms
[2026-04-03T06:54:55.780+0600][1.040s][info][gc,phases,start] GC(2) Phase 3: Adjust pointers
[2026-04-03T06:54:55.782+0600][1.042s][info][gc,phases      ] GC(2) Phase 3: Adjust pointers 1.963ms
[2026-04-03T06:54:55.782+0600][1.042s][info][gc,phases,start] GC(2) Phase 4: Compact heap
[2026-04-03T06:54:55.786+0600][1.046s][info][gc,phases      ] GC(2) Phase 4: Compact heap 4.315ms
[2026-04-03T06:54:55.786+0600][1.046s][info][gc,phases,start] GC(2) Phase 5: Reset Metadata
[2026-04-03T06:54:55.786+0600][1.047s][info][gc,phases      ] GC(2) Phase 5: Reset Metadata 0.288ms
[2026-04-03T06:54:55.789+0600][1.049s][info][gc,heap        ] GC(2) Eden regions: 51->0(10)
[2026-04-03T06:54:55.789+0600][1.049s][info][gc,heap        ] GC(2) Survivor regions: 2->0(3)
[2026-04-03T06:54:55.789+0600][1.049s][info][gc,heap        ] GC(2) Old regions: 1->6
[2026-04-03T06:54:55.789+0600][1.049s][info][gc,heap        ] GC(2) Humongous regions: 0->0
[2026-04-03T06:54:55.789+0600][1.049s][info][gc,metaspace   ] GC(2) Metaspace: 8774K(8960K)->8774K(8960K) NonClass: 7626K(7744K)->7626K(7744K) Class: 1148K(1216K)->1148K(1216K)
[2026-04-03T06:54:55.789+0600][1.049s][info][gc             ] GC(2) Pause Full (System.gc()) 105M->3M(40M) 16.376ms
[2026-04-03T06:54:55.789+0600][1.049s][info][gc,cpu         ] GC(2) User=0.03s Sys=0.01s Real=0.02s
[2026-04-03T06:54:55.853+0600][1.114s][info][gc,start       ] GC(3) Pause Young (Normal) (G1 Evacuation Pause)
[2026-04-03T06:54:55.853+0600][1.114s][info][gc,task        ] GC(3) Using 3 workers of 10 for evacuation
[2026-04-03T06:54:55.854+0600][1.115s][info][gc,phases      ] GC(3)   Pre Evacuate Collection Set: 0.20ms
[2026-04-03T06:54:55.854+0600][1.115s][info][gc,phases      ] GC(3)   Merge Heap Roots: 0.04ms
[2026-04-03T06:54:55.854+0600][1.115s][info][gc,phases      ] GC(3)   Evacuate Collection Set: 0.32ms
[2026-04-03T06:54:55.854+0600][1.115s][info][gc,phases      ] GC(3)   Post Evacuate Collection Set: 0.44ms
[2026-04-03T06:54:55.855+0600][1.115s][info][gc,phases      ] GC(3)   Other: 0.07ms
[2026-04-03T06:54:55.855+0600][1.115s][info][gc,heap        ] GC(3) Eden regions: 10->0(10)
[2026-04-03T06:54:55.855+0600][1.115s][info][gc,heap        ] GC(3) Survivor regions: 0->1(2)
[2026-04-03T06:54:55.855+0600][1.115s][info][gc,heap        ] GC(3) Old regions: 6->6
[2026-04-03T06:54:55.855+0600][1.115s][info][gc,heap        ] GC(3) Humongous regions: 0->0
[2026-04-03T06:54:55.855+0600][1.115s][info][gc,metaspace   ] GC(3) Metaspace: 9511K(9728K)->9511K(9728K) NonClass: 8308K(8448K)->8308K(8448K) Class: 1202K(1280K)->1202K(1280K)
[2026-04-03T06:54:55.855+0600][1.115s][info][gc             ] GC(3) Pause Young (Normal) (G1 Evacuation Pause) 23M->4M(40M) 1.270ms
[2026-04-03T06:54:55.855+0600][1.115s][info][gc,cpu         ] GC(3) User=0.00s Sys=0.00s Real=0.00s
[2026-04-03T06:54:55.893+0600][1.154s][info][gc,start       ] GC(4) Pause Young (Normal) (G1 Evacuation Pause)
[2026-04-03T06:54:55.893+0600][1.154s][info][gc,task        ] GC(4) Using 2 workers of 10 for evacuation
[2026-04-03T06:54:55.895+0600][1.155s][info][gc,phases      ] GC(4)   Pre Evacuate Collection Set: 0.24ms
[2026-04-03T06:54:55.895+0600][1.155s][info][gc,phases      ] GC(4)   Merge Heap Roots: 0.04ms
[2026-04-03T06:54:55.895+0600][1.155s][info][gc,phases      ] GC(4)   Evacuate Collection Set: 0.51ms
[2026-04-03T06:54:55.895+0600][1.155s][info][gc,phases      ] GC(4)   Post Evacuate Collection Set: 0.79ms
[2026-04-03T06:54:55.895+0600][1.155s][info][gc,phases      ] GC(4)   Other: 0.05ms
[2026-04-03T06:54:55.895+0600][1.155s][info][gc,heap        ] GC(4) Eden regions: 10->0(11)
[2026-04-03T06:54:55.895+0600][1.155s][info][gc,heap        ] GC(4) Survivor regions: 1->1(2)
[2026-04-03T06:54:55.895+0600][1.155s][info][gc,heap        ] GC(4) Old regions: 6->6
[2026-04-03T06:54:55.895+0600][1.155s][info][gc,heap        ] GC(4) Humongous regions: 0->0
[2026-04-03T06:54:55.895+0600][1.155s][info][gc,metaspace   ] GC(4) Metaspace: 10130K(10368K)->10130K(10368K) NonClass: 8812K(8960K)->8812K(8960K) Class: 1317K(1408K)->1317K(1408K)
[2026-04-03T06:54:55.895+0600][1.155s][info][gc             ] GC(4) Pause Young (Normal) (G1 Evacuation Pause) 24M->4M(40M) 1.829ms
[2026-04-03T06:54:55.895+0600][1.155s][info][gc,cpu         ] GC(4) User=0.00s Sys=0.00s Real=0.00s
[2026-04-03T06:54:55.928+0600][1.188s][info][gc,start       ] GC(5) Pause Young (Normal) (G1 Evacuation Pause)
[2026-04-03T06:54:55.928+0600][1.188s][info][gc,task        ] GC(5) Using 2 workers of 10 for evacuation
[2026-04-03T06:54:55.929+0600][1.189s][info][gc,phases      ] GC(5)   Pre Evacuate Collection Set: 0.22ms
[2026-04-03T06:54:55.929+0600][1.189s][info][gc,phases      ] GC(5)   Merge Heap Roots: 0.05ms
[2026-04-03T06:54:55.929+0600][1.189s][info][gc,phases      ] GC(5)   Evacuate Collection Set: 0.44ms
[2026-04-03T06:54:55.929+0600][1.189s][info][gc,phases      ] GC(5)   Post Evacuate Collection Set: 0.41ms
[2026-04-03T06:54:55.929+0600][1.189s][info][gc,phases      ] GC(5)   Other: 0.06ms
[2026-04-03T06:54:55.929+0600][1.189s][info][gc,heap        ] GC(5) Eden regions: 11->0(11)
[2026-04-03T06:54:55.929+0600][1.189s][info][gc,heap        ] GC(5) Survivor regions: 1->1(2)
[2026-04-03T06:54:55.929+0600][1.189s][info][gc,heap        ] GC(5) Old regions: 6->6
[2026-04-03T06:54:55.929+0600][1.189s][info][gc,heap        ] GC(5) Humongous regions: 0->0
[2026-04-03T06:54:55.929+0600][1.189s][info][gc,metaspace   ] GC(5) Metaspace: 10587K(10816K)->10587K(10816K) NonClass: 9213K(9344K)->9213K(9344K) Class: 1373K(1472K)->1373K(1472K)
[2026-04-03T06:54:55.929+0600][1.189s][info][gc             ] GC(5) Pause Young (Normal) (G1 Evacuation Pause) 26M->4M(40M) 1.388ms
[2026-04-03T06:54:55.929+0600][1.189s][info][gc,cpu         ] GC(5) User=0.00s Sys=0.00s Real=0.00s
[2026-04-03T06:54:55.996+0600][1.256s][info][gc,start       ] GC(6) Pause Young (Normal) (G1 Evacuation Pause)
[2026-04-03T06:54:55.996+0600][1.256s][info][gc,task        ] GC(6) Using 2 workers of 10 for evacuation
[2026-04-03T06:54:55.998+0600][1.259s][info][gc,phases      ] GC(6)   Pre Evacuate Collection Set: 0.43ms
[2026-04-03T06:54:55.998+0600][1.259s][info][gc,phases      ] GC(6)   Merge Heap Roots: 0.19ms
[2026-04-03T06:54:55.998+0600][1.259s][info][gc,phases      ] GC(6)   Evacuate Collection Set: 0.84ms
[2026-04-03T06:54:55.998+0600][1.259s][info][gc,phases      ] GC(6)   Post Evacuate Collection Set: 1.00ms
[2026-04-03T06:54:55.998+0600][1.259s][info][gc,phases      ] GC(6)   Other: 0.08ms
[2026-04-03T06:54:55.998+0600][1.259s][info][gc,heap        ] GC(6) Eden regions: 11->0(42)
[2026-04-03T06:54:55.998+0600][1.259s][info][gc,heap        ] GC(6) Survivor regions: 1->1(2)
[2026-04-03T06:54:55.998+0600][1.259s][info][gc,heap        ] GC(6) Old regions: 6->6
[2026-04-03T06:54:55.998+0600][1.259s][info][gc,heap        ] GC(6) Humongous regions: 0->0
[2026-04-03T06:54:55.999+0600][1.259s][info][gc,metaspace   ] GC(6) Metaspace: 11638K(11840K)->11638K(11840K) NonClass: 10075K(10176K)->10075K(10176K) Class: 1562K(1664K)->1562K(1664K)
[2026-04-03T06:54:55.999+0600][1.259s][info][gc             ] GC(6) Pause Young (Normal) (G1 Evacuation Pause) 26M->4M(144M) 2.857ms
[2026-04-03T06:54:55.999+0600][1.259s][info][gc,cpu         ] GC(6) User=0.00s Sys=0.00s Real=0.00s
[2026-04-03T06:54:56.819+0600][2.080s][info][gc,start       ] GC(7) Pause Young (Normal) (G1 Evacuation Pause)
[2026-04-03T06:54:56.820+0600][2.081s][info][gc,task        ] GC(7) Using 10 workers of 10 for evacuation
[2026-04-03T06:54:56.822+0600][2.083s][info][gc,phases      ] GC(7)   Pre Evacuate Collection Set: 0.15ms
[2026-04-03T06:54:56.822+0600][2.083s][info][gc,phases      ] GC(7)   Merge Heap Roots: 0.10ms
[2026-04-03T06:54:56.822+0600][2.083s][info][gc,phases      ] GC(7)   Evacuate Collection Set: 1.10ms
[2026-04-03T06:54:56.822+0600][2.083s][info][gc,phases      ] GC(7)   Post Evacuate Collection Set: 0.52ms
[2026-04-03T06:54:56.822+0600][2.083s][info][gc,phases      ] GC(7)   Other: 0.85ms
[2026-04-03T06:54:56.822+0600][2.083s][info][gc,heap        ] GC(7) Eden regions: 42->0(42)
[2026-04-03T06:54:56.822+0600][2.083s][info][gc,heap        ] GC(7) Survivor regions: 1->1(6)
[2026-04-03T06:54:56.822+0600][2.083s][info][gc,heap        ] GC(7) Old regions: 6->6
[2026-04-03T06:54:56.822+0600][2.083s][info][gc,heap        ] GC(7) Humongous regions: 0->0
[2026-04-03T06:54:56.822+0600][2.083s][info][gc,metaspace   ] GC(7) Metaspace: 13736K(13952K)->13736K(13952K) NonClass: 11951K(12096K)->11951K(12096K) Class: 1784K(1856K)->1784K(1856K)
[2026-04-03T06:54:56.822+0600][2.083s][info][gc             ] GC(7) Pause Young (Normal) (G1 Evacuation Pause) 88M->4M(144M) 3.031ms
[2026-04-03T06:54:56.823+0600][2.083s][info][gc,cpu         ] GC(7) User=0.01s Sys=0.01s Real=0.00s
[2026-04-03T06:54:57.634+0600][2.895s][info][gc,start       ] GC(8) Pause Young (Normal) (G1 Evacuation Pause)
[2026-04-03T06:54:57.635+0600][2.895s][info][gc,task        ] GC(8) Using 10 workers of 10 for evacuation
[2026-04-03T06:54:57.638+0600][2.898s][info][gc,phases      ] GC(8)   Pre Evacuate Collection Set: 0.22ms
[2026-04-03T06:54:57.638+0600][2.898s][info][gc,phases      ] GC(8)   Merge Heap Roots: 0.16ms
[2026-04-03T06:54:57.638+0600][2.898s][info][gc,phases      ] GC(8)   Evacuate Collection Set: 1.68ms
[2026-04-03T06:54:57.638+0600][2.898s][info][gc,phases      ] GC(8)   Post Evacuate Collection Set: 0.79ms
[2026-04-03T06:54:57.638+0600][2.898s][info][gc,phases      ] GC(8)   Other: 0.10ms
[2026-04-03T06:54:57.638+0600][2.898s][info][gc,heap        ] GC(8) Eden regions: 42->0(42)
[2026-04-03T06:54:57.638+0600][2.898s][info][gc,heap        ] GC(8) Survivor regions: 1->1(6)
[2026-04-03T06:54:57.638+0600][2.898s][info][gc,heap        ] GC(8) Old regions: 6->6
[2026-04-03T06:54:57.638+0600][2.898s][info][gc,heap        ] GC(8) Humongous regions: 0->0
[2026-04-03T06:54:57.638+0600][2.898s][info][gc,metaspace   ] GC(8) Metaspace: 13910K(14144K)->13910K(14144K) NonClass: 12100K(12224K)->12100K(12224K) Class: 1809K(1920K)->1809K(1920K)
[2026-04-03T06:54:57.638+0600][2.898s][info][gc             ] GC(8) Pause Young (Normal) (G1 Evacuation Pause) 88M->4M(144M) 3.305ms
[2026-04-03T06:54:57.638+0600][2.898s][info][gc,cpu         ] GC(8) User=0.02s Sys=0.00s Real=0.00s
[2026-04-03T06:54:58.124+0600][3.384s][info][gc,start       ] GC(9) Pause Young (Normal) (G1 Evacuation Pause)
[2026-04-03T06:54:58.124+0600][3.384s][info][gc,task        ] GC(9) Using 10 workers of 10 for evacuation
[2026-04-03T06:54:58.125+0600][3.386s][info][gc,phases      ] GC(9)   Pre Evacuate Collection Set: 0.16ms
[2026-04-03T06:54:58.125+0600][3.386s][info][gc,phases      ] GC(9)   Merge Heap Roots: 0.09ms
[2026-04-03T06:54:58.125+0600][3.386s][info][gc,phases      ] GC(9)   Evacuate Collection Set: 0.85ms
[2026-04-03T06:54:58.125+0600][3.386s][info][gc,phases      ] GC(9)   Post Evacuate Collection Set: 0.49ms
[2026-04-03T06:54:58.125+0600][3.386s][info][gc,phases      ] GC(9)   Other: 0.09ms
[2026-04-03T06:54:58.125+0600][3.386s][info][gc,heap        ] GC(9) Eden regions: 42->0(42)
[2026-04-03T06:54:58.125+0600][3.386s][info][gc,heap        ] GC(9) Survivor regions: 1->1(6)
[2026-04-03T06:54:58.125+0600][3.386s][info][gc,heap        ] GC(9) Old regions: 6->6
[2026-04-03T06:54:58.125+0600][3.386s][info][gc,heap        ] GC(9) Humongous regions: 0->0
[2026-04-03T06:54:58.126+0600][3.386s][info][gc,metaspace   ] GC(9) Metaspace: 13929K(14208K)->13929K(14208K) NonClass: 12119K(12288K)->12119K(12288K) Class: 1809K(1920K)->1809K(1920K)
[2026-04-03T06:54:58.126+0600][3.386s][info][gc             ] GC(9) Pause Young (Normal) (G1 Evacuation Pause) 88M->4M(144M) 2.050ms
[2026-04-03T06:54:58.126+0600][3.386s][info][gc,cpu         ] GC(9) User=0.01s Sys=0.00s Real=0.00s
[2026-04-03T06:54:58.762+0600][4.022s][info][gc,start       ] GC(10) Pause Young (Normal) (G1 Evacuation Pause)
[2026-04-03T06:54:58.762+0600][4.023s][info][gc,task        ] GC(10) Using 10 workers of 10 for evacuation
[2026-04-03T06:54:58.764+0600][4.024s][info][gc,phases      ] GC(10)   Pre Evacuate Collection Set: 0.15ms
[2026-04-03T06:54:58.764+0600][4.024s][info][gc,phases      ] GC(10)   Merge Heap Roots: 0.08ms
[2026-04-03T06:54:58.764+0600][4.024s][info][gc,phases      ] GC(10)   Evacuate Collection Set: 0.86ms
[2026-04-03T06:54:58.764+0600][4.024s][info][gc,phases      ] GC(10)   Post Evacuate Collection Set: 0.49ms
[2026-04-03T06:54:58.764+0600][4.024s][info][gc,phases      ] GC(10)   Other: 0.10ms
[2026-04-03T06:54:58.764+0600][4.024s][info][gc,heap        ] GC(10) Eden regions: 42->0(42)
[2026-04-03T06:54:58.764+0600][4.024s][info][gc,heap        ] GC(10) Survivor regions: 1->1(6)
[2026-04-03T06:54:58.764+0600][4.024s][info][gc,heap        ] GC(10) Old regions: 6->6
[2026-04-03T06:54:58.764+0600][4.024s][info][gc,heap        ] GC(10) Humongous regions: 0->0
[2026-04-03T06:54:58.764+0600][4.024s][info][gc,metaspace   ] GC(10) Metaspace: 13946K(14208K)->13946K(14208K) NonClass: 12137K(12288K)->12137K(12288K) Class: 1809K(1920K)->1809K(1920K)
[2026-04-03T06:54:58.764+0600][4.024s][info][gc             ] GC(10) Pause Young (Normal) (G1 Evacuation Pause) 88M->4M(144M) 2.016ms
[2026-04-03T06:54:58.764+0600][4.025s][info][gc,cpu         ] GC(10) User=0.01s Sys=0.00s Real=0.01s
[2026-04-03T06:54:59.229+0600][4.490s][info][gc,start       ] GC(11) Pause Young (Normal) (G1 Evacuation Pause)
[2026-04-03T06:54:59.230+0600][4.490s][info][gc,task        ] GC(11) Using 10 workers of 10 for evacuation
[2026-04-03T06:54:59.232+0600][4.492s][info][gc,phases      ] GC(11)   Pre Evacuate Collection Set: 0.48ms
[2026-04-03T06:54:59.232+0600][4.492s][info][gc,phases      ] GC(11)   Merge Heap Roots: 0.11ms
[2026-04-03T06:54:59.232+0600][4.492s][info][gc,phases      ] GC(11)   Evacuate Collection Set: 0.85ms
[2026-04-03T06:54:59.232+0600][4.492s][info][gc,phases      ] GC(11)   Post Evacuate Collection Set: 0.54ms
[2026-04-03T06:54:59.232+0600][4.492s][info][gc,phases      ] GC(11)   Other: 0.09ms
[2026-04-03T06:54:59.232+0600][4.492s][info][gc,heap        ] GC(11) Eden regions: 42->0(42)
[2026-04-03T06:54:59.232+0600][4.492s][info][gc,heap        ] GC(11) Survivor regions: 1->1(6)
[2026-04-03T06:54:59.232+0600][4.492s][info][gc,heap        ] GC(11) Old regions: 6->6
[2026-04-03T06:54:59.232+0600][4.492s][info][gc,heap        ] GC(11) Humongous regions: 0->0
[2026-04-03T06:54:59.232+0600][4.492s][info][gc,metaspace   ] GC(11) Metaspace: 13952K(14208K)->13952K(14208K) NonClass: 12143K(12288K)->12143K(12288K) Class: 1809K(1920K)->1809K(1920K)
[2026-04-03T06:54:59.232+0600][4.492s][info][gc             ] GC(11) Pause Young (Normal) (G1 Evacuation Pause) 88M->4M(144M) 2.444ms
[2026-04-03T06:54:59.232+0600][4.492s][info][gc,cpu         ] GC(11) User=0.01s Sys=0.00s Real=0.00s
[2026-04-03T06:54:59.488+0600][4.748s][info][gc,start       ] GC(12) Pause Young (Normal) (G1 Evacuation Pause)
[2026-04-03T06:54:59.488+0600][4.749s][info][gc,task        ] GC(12) Using 10 workers of 10 for evacuation
[2026-04-03T06:54:59.491+0600][4.752s][info][gc,phases      ] GC(12)   Pre Evacuate Collection Set: 0.16ms
[2026-04-03T06:54:59.492+0600][4.752s][info][gc,phases      ] GC(12)   Merge Heap Roots: 0.08ms
[2026-04-03T06:54:59.492+0600][4.752s][info][gc,phases      ] GC(12)   Evacuate Collection Set: 2.10ms
[2026-04-03T06:54:59.492+0600][4.752s][info][gc,phases      ] GC(12)   Post Evacuate Collection Set: 0.63ms
[2026-04-03T06:54:59.492+0600][4.752s][info][gc,phases      ] GC(12)   Other: 0.09ms
[2026-04-03T06:54:59.492+0600][4.752s][info][gc,heap        ] GC(12) Eden regions: 42->0(42)
[2026-04-03T06:54:59.492+0600][4.752s][info][gc,heap        ] GC(12) Survivor regions: 1->1(6)
[2026-04-03T06:54:59.492+0600][4.752s][info][gc,heap        ] GC(12) Old regions: 6->6
[2026-04-03T06:54:59.492+0600][4.752s][info][gc,heap        ] GC(12) Humongous regions: 0->0
[2026-04-03T06:54:59.492+0600][4.752s][info][gc,metaspace   ] GC(12) Metaspace: 13957K(14208K)->13957K(14208K) NonClass: 12147K(12288K)->12147K(12288K) Class: 1809K(1920K)->1809K(1920K)
[2026-04-03T06:54:59.492+0600][4.752s][info][gc             ] GC(12) Pause Young (Normal) (G1 Evacuation Pause) 88M->4M(144M) 3.370ms
[2026-04-03T06:54:59.492+0600][4.752s][info][gc,cpu         ] GC(12) User=0.02s Sys=0.00s Real=0.00s
[2026-04-03T06:55:00.032+0600][5.292s][info][gc,start       ] GC(13) Pause Young (Normal) (G1 Evacuation Pause)
[2026-04-03T06:55:00.032+0600][5.292s][info][gc,task        ] GC(13) Using 10 workers of 10 for evacuation
[2026-04-03T06:55:00.034+0600][5.294s][info][gc,phases      ] GC(13)   Pre Evacuate Collection Set: 0.26ms
[2026-04-03T06:55:00.034+0600][5.294s][info][gc,phases      ] GC(13)   Merge Heap Roots: 0.08ms
[2026-04-03T06:55:00.034+0600][5.294s][info][gc,phases      ] GC(13)   Evacuate Collection Set: 0.89ms
[2026-04-03T06:55:00.034+0600][5.294s][info][gc,phases      ] GC(13)   Post Evacuate Collection Set: 0.52ms
[2026-04-03T06:55:00.034+0600][5.294s][info][gc,phases      ] GC(13)   Other: 0.09ms
[2026-04-03T06:55:00.034+0600][5.294s][info][gc,heap        ] GC(13) Eden regions: 42->0(42)
[2026-04-03T06:55:00.034+0600][5.294s][info][gc,heap        ] GC(13) Survivor regions: 1->1(6)
[2026-04-03T06:55:00.034+0600][5.294s][info][gc,heap        ] GC(13) Old regions: 6->6
[2026-04-03T06:55:00.034+0600][5.294s][info][gc,heap        ] GC(13) Humongous regions: 0->0
[2026-04-03T06:55:00.034+0600][5.294s][info][gc,metaspace   ] GC(13) Metaspace: 13964K(14208K)->13964K(14208K) NonClass: 12154K(12288K)->12154K(12288K) Class: 1809K(1920K)->1809K(1920K)
[2026-04-03T06:55:00.034+0600][5.294s][info][gc             ] GC(13) Pause Young (Normal) (G1 Evacuation Pause) 88M->4M(144M) 2.170ms
[2026-04-03T06:55:00.034+0600][5.294s][info][gc,cpu         ] GC(13) User=0.02s Sys=0.00s Real=0.01s
[2026-04-03T06:55:00.267+0600][5.527s][info][gc,start       ] GC(14) Pause Young (Normal) (G1 Evacuation Pause)
[2026-04-03T06:55:00.267+0600][5.527s][info][gc,task        ] GC(14) Using 10 workers of 10 for evacuation
[2026-04-03T06:55:00.269+0600][5.529s][info][gc,phases      ] GC(14)   Pre Evacuate Collection Set: 0.18ms
[2026-04-03T06:55:00.269+0600][5.529s][info][gc,phases      ] GC(14)   Merge Heap Roots: 0.17ms
[2026-04-03T06:55:00.269+0600][5.529s][info][gc,phases      ] GC(14)   Evacuate Collection Set: 1.02ms
[2026-04-03T06:55:00.269+0600][5.529s][info][gc,phases      ] GC(14)   Post Evacuate Collection Set: 0.58ms
[2026-04-03T06:55:00.269+0600][5.529s][info][gc,phases      ] GC(14)   Other: 0.10ms
[2026-04-03T06:55:00.269+0600][5.529s][info][gc,heap        ] GC(14) Eden regions: 42->0(42)
[2026-04-03T06:55:00.269+0600][5.529s][info][gc,heap        ] GC(14) Survivor regions: 1->1(6)
[2026-04-03T06:55:00.269+0600][5.529s][info][gc,heap        ] GC(14) Old regions: 6->6
[2026-04-03T06:55:00.269+0600][5.529s][info][gc,heap        ] GC(14) Humongous regions: 0->0
[2026-04-03T06:55:00.269+0600][5.529s][info][gc,metaspace   ] GC(14) Metaspace: 13986K(14272K)->13986K(14272K) NonClass: 12176K(12352K)->12176K(12352K) Class: 1809K(1920K)->1809K(1920K)
[2026-04-03T06:55:00.269+0600][5.529s][info][gc             ] GC(14) Pause Young (Normal) (G1 Evacuation Pause) 88M->4M(144M) 2.472ms
[2026-04-03T06:55:00.269+0600][5.529s][info][gc,cpu         ] GC(14) User=0.01s Sys=0.00s Real=0.00s
[2026-04-03T06:55:00.421+0600][5.681s][info][gc,start       ] GC(15) Pause Young (Normal) (G1 Evacuation Pause)
[2026-04-03T06:55:00.421+0600][5.681s][info][gc,task        ] GC(15) Using 10 workers of 10 for evacuation
[2026-04-03T06:55:00.423+0600][5.683s][info][gc,phases      ] GC(15)   Pre Evacuate Collection Set: 0.18ms
[2026-04-03T06:55:00.423+0600][5.683s][info][gc,phases      ] GC(15)   Merge Heap Roots: 0.07ms
[2026-04-03T06:55:00.423+0600][5.683s][info][gc,phases      ] GC(15)   Evacuate Collection Set: 1.03ms
[2026-04-03T06:55:00.423+0600][5.683s][info][gc,phases      ] GC(15)   Post Evacuate Collection Set: 0.71ms
[2026-04-03T06:55:00.423+0600][5.683s][info][gc,phases      ] GC(15)   Other: 0.12ms
[2026-04-03T06:55:00.423+0600][5.683s][info][gc,heap        ] GC(15) Eden regions: 42->0(42)
[2026-04-03T06:55:00.423+0600][5.683s][info][gc,heap        ] GC(15) Survivor regions: 1->1(6)
[2026-04-03T06:55:00.423+0600][5.683s][info][gc,heap        ] GC(15) Old regions: 6->6
[2026-04-03T06:55:00.423+0600][5.683s][info][gc,heap        ] GC(15) Humongous regions: 0->0
[2026-04-03T06:55:00.423+0600][5.683s][info][gc,metaspace   ] GC(15) Metaspace: 13989K(14272K)->13989K(14272K) NonClass: 12179K(12352K)->12179K(12352K) Class: 1809K(1920K)->1809K(1920K)
[2026-04-03T06:55:00.423+0600][5.683s][info][gc             ] GC(15) Pause Young (Normal) (G1 Evacuation Pause) 88M->4M(144M) 2.508ms
[2026-04-03T06:55:00.423+0600][5.683s][info][gc,cpu         ] GC(15) User=0.02s Sys=0.01s Real=0.00s
[2026-04-03T06:55:00.580+0600][5.840s][info][gc,start       ] GC(16) Pause Young (Normal) (G1 Evacuation Pause)
[2026-04-03T06:55:00.580+0600][5.840s][info][gc,task        ] GC(16) Using 10 workers of 10 for evacuation
[2026-04-03T06:55:00.582+0600][5.842s][info][gc,phases      ] GC(16)   Pre Evacuate Collection Set: 0.17ms
[2026-04-03T06:55:00.582+0600][5.842s][info][gc,phases      ] GC(16)   Merge Heap Roots: 0.12ms
[2026-04-03T06:55:00.582+0600][5.842s][info][gc,phases      ] GC(16)   Evacuate Collection Set: 0.97ms
[2026-04-03T06:55:00.582+0600][5.842s][info][gc,phases      ] GC(16)   Post Evacuate Collection Set: 0.66ms
[2026-04-03T06:55:00.582+0600][5.842s][info][gc,phases      ] GC(16)   Other: 0.09ms
[2026-04-03T06:55:00.582+0600][5.842s][info][gc,heap        ] GC(16) Eden regions: 42->0(42)
[2026-04-03T06:55:00.582+0600][5.842s][info][gc,heap        ] GC(16) Survivor regions: 1->1(6)
[2026-04-03T06:55:00.582+0600][5.842s][info][gc,heap        ] GC(16) Old regions: 6->6
[2026-04-03T06:55:00.582+0600][5.842s][info][gc,heap        ] GC(16) Humongous regions: 0->0
[2026-04-03T06:55:00.582+0600][5.842s][info][gc,metaspace   ] GC(16) Metaspace: 13990K(14272K)->13990K(14272K) NonClass: 12180K(12352K)->12180K(12352K) Class: 1809K(1920K)->1809K(1920K)
[2026-04-03T06:55:00.582+0600][5.842s][info][gc             ] GC(16) Pause Young (Normal) (G1 Evacuation Pause) 88M->4M(144M) 2.356ms
[2026-04-03T06:55:00.582+0600][5.842s][info][gc,cpu         ] GC(16) User=0.01s Sys=0.00s Real=0.00s
[2026-04-03T06:55:00.729+0600][5.990s][info][gc,start       ] GC(17) Pause Young (Normal) (G1 Evacuation Pause)
[2026-04-03T06:55:00.729+0600][5.990s][info][gc,task        ] GC(17) Using 10 workers of 10 for evacuation
[2026-04-03T06:55:00.732+0600][5.992s][info][gc,phases      ] GC(17)   Pre Evacuate Collection Set: 0.18ms
[2026-04-03T06:55:00.732+0600][5.992s][info][gc,phases      ] GC(17)   Merge Heap Roots: 0.09ms
[2026-04-03T06:55:00.732+0600][5.992s][info][gc,phases      ] GC(17)   Evacuate Collection Set: 0.99ms
[2026-04-03T06:55:00.732+0600][5.992s][info][gc,phases      ] GC(17)   Post Evacuate Collection Set: 0.92ms
[2026-04-03T06:55:00.732+0600][5.992s][info][gc,phases      ] GC(17)   Other: 0.11ms
[2026-04-03T06:55:00.732+0600][5.992s][info][gc,heap        ] GC(17) Eden regions: 42->0(51)
[2026-04-03T06:55:00.732+0600][5.992s][info][gc,heap        ] GC(17) Survivor regions: 1->1(6)
[2026-04-03T06:55:00.732+0600][5.992s][info][gc,heap        ] GC(17) Old regions: 6->6
[2026-04-03T06:55:00.732+0600][5.992s][info][gc,heap        ] GC(17) Humongous regions: 0->0
[2026-04-03T06:55:00.732+0600][5.992s][info][gc,metaspace   ] GC(17) Metaspace: 13997K(14272K)->13997K(14272K) NonClass: 12187K(12352K)->12187K(12352K) Class: 1809K(1920K)->1809K(1920K)
[2026-04-03T06:55:00.732+0600][5.992s][info][gc             ] GC(17) Pause Young (Normal) (G1 Evacuation Pause) 88M->4M(174M) 2.722ms
[2026-04-03T06:55:00.732+0600][5.992s][info][gc,cpu         ] GC(17) User=0.01s Sys=0.00s Real=0.00s
[2026-04-03T06:55:00.905+0600][6.166s][info][gc,start       ] GC(18) Pause Young (Normal) (G1 Evacuation Pause)
[2026-04-03T06:55:00.906+0600][6.166s][info][gc,task        ] GC(18) Using 10 workers of 10 for evacuation
[2026-04-03T06:55:00.908+0600][6.168s][info][gc,phases      ] GC(18)   Pre Evacuate Collection Set: 0.17ms
[2026-04-03T06:55:00.909+0600][6.169s][info][gc,phases      ] GC(18)   Merge Heap Roots: 0.08ms
[2026-04-03T06:55:00.909+0600][6.169s][info][gc,phases      ] GC(18)   Evacuate Collection Set: 0.93ms
[2026-04-03T06:55:00.909+0600][6.169s][info][gc,phases      ] GC(18)   Post Evacuate Collection Set: 0.70ms
[2026-04-03T06:55:00.909+0600][6.169s][info][gc,phases      ] GC(18)   Other: 0.10ms
[2026-04-03T06:55:00.909+0600][6.169s][info][gc,heap        ] GC(18) Eden regions: 51->0(51)
[2026-04-03T06:55:00.909+0600][6.169s][info][gc,heap        ] GC(18) Survivor regions: 1->1(7)
[2026-04-03T06:55:00.909+0600][6.169s][info][gc,heap        ] GC(18) Old regions: 6->7
[2026-04-03T06:55:00.909+0600][6.169s][info][gc,heap        ] GC(18) Humongous regions: 0->0
[2026-04-03T06:55:00.909+0600][6.169s][info][gc,metaspace   ] GC(18) Metaspace: 14003K(14272K)->14003K(14272K) NonClass: 12193K(12352K)->12193K(12352K) Class: 1809K(1920K)->1809K(1920K)
[2026-04-03T06:55:00.909+0600][6.169s][info][gc             ] GC(18) Pause Young (Normal) (G1 Evacuation Pause) 106M->4M(174M) 3.557ms
[2026-04-03T06:55:00.909+0600][6.169s][info][gc,cpu         ] GC(18) User=0.01s Sys=0.00s Real=0.00s
[2026-04-03T06:55:01.063+0600][6.323s][info][gc,start       ] GC(19) Pause Young (Normal) (G1 Evacuation Pause)
[2026-04-03T06:55:01.063+0600][6.323s][info][gc,task        ] GC(19) Using 10 workers of 10 for evacuation
[2026-04-03T06:55:01.065+0600][6.325s][info][gc,phases      ] GC(19)   Pre Evacuate Collection Set: 0.16ms
[2026-04-03T06:55:01.065+0600][6.325s][info][gc,phases      ] GC(19)   Merge Heap Roots: 0.09ms
[2026-04-03T06:55:01.065+0600][6.325s][info][gc,phases      ] GC(19)   Evacuate Collection Set: 1.01ms
[2026-04-03T06:55:01.065+0600][6.325s][info][gc,phases      ] GC(19)   Post Evacuate Collection Set: 0.50ms
[2026-04-03T06:55:01.065+0600][6.325s][info][gc,phases      ] GC(19)   Other: 0.10ms
[2026-04-03T06:55:01.065+0600][6.325s][info][gc,heap        ] GC(19) Eden regions: 51->0(51)
[2026-04-03T06:55:01.065+0600][6.325s][info][gc,heap        ] GC(19) Survivor regions: 1->1(7)
[2026-04-03T06:55:01.065+0600][6.325s][info][gc,heap        ] GC(19) Old regions: 7->7
[2026-04-03T06:55:01.065+0600][6.325s][info][gc,heap        ] GC(19) Humongous regions: 0->0
[2026-04-03T06:55:01.065+0600][6.325s][info][gc,metaspace   ] GC(19) Metaspace: 14013K(14272K)->14013K(14272K) NonClass: 12203K(12352K)->12203K(12352K) Class: 1809K(1920K)->1809K(1920K)
[2026-04-03T06:55:01.065+0600][6.325s][info][gc             ] GC(19) Pause Young (Normal) (G1 Evacuation Pause) 106M->4M(174M) 2.215ms
[2026-04-03T06:55:01.065+0600][6.325s][info][gc,cpu         ] GC(19) User=0.01s Sys=0.00s Real=0.01s
[2026-04-03T06:55:01.215+0600][6.475s][info][gc,start       ] GC(20) Pause Young (Normal) (G1 Evacuation Pause)
[2026-04-03T06:55:01.215+0600][6.475s][info][gc,task        ] GC(20) Using 10 workers of 10 for evacuation
[2026-04-03T06:55:01.217+0600][6.477s][info][gc,phases      ] GC(20)   Pre Evacuate Collection Set: 0.20ms
[2026-04-03T06:55:01.217+0600][6.477s][info][gc,phases      ] GC(20)   Merge Heap Roots: 0.10ms
[2026-04-03T06:55:01.217+0600][6.477s][info][gc,phases      ] GC(20)   Evacuate Collection Set: 0.86ms
[2026-04-03T06:55:01.217+0600][6.477s][info][gc,phases      ] GC(20)   Post Evacuate Collection Set: 0.58ms
[2026-04-03T06:55:01.217+0600][6.477s][info][gc,phases      ] GC(20)   Other: 0.11ms
[2026-04-03T06:55:01.217+0600][6.477s][info][gc,heap        ] GC(20) Eden regions: 51->0(51)
[2026-04-03T06:55:01.217+0600][6.477s][info][gc,heap        ] GC(20) Survivor regions: 1->1(7)
[2026-04-03T06:55:01.217+0600][6.477s][info][gc,heap        ] GC(20) Old regions: 7->7
[2026-04-03T06:55:01.217+0600][6.477s][info][gc,heap        ] GC(20) Humongous regions: 0->0
[2026-04-03T06:55:01.217+0600][6.477s][info][gc,metaspace   ] GC(20) Metaspace: 14019K(14272K)->14019K(14272K) NonClass: 12209K(12352K)->12209K(12352K) Class: 1809K(1920K)->1809K(1920K)
[2026-04-03T06:55:01.217+0600][6.477s][info][gc             ] GC(20) Pause Young (Normal) (G1 Evacuation Pause) 106M->4M(174M) 2.293ms
[2026-04-03T06:55:01.217+0600][6.477s][info][gc,cpu         ] GC(20) User=0.01s Sys=0.00s Real=0.00s
[2026-04-03T06:55:01.387+0600][6.648s][info][gc,start       ] GC(21) Pause Young (Normal) (G1 Evacuation Pause)
[2026-04-03T06:55:01.388+0600][6.648s][info][gc,task        ] GC(21) Using 10 workers of 10 for evacuation
[2026-04-03T06:55:01.389+0600][6.650s][info][gc,phases      ] GC(21)   Pre Evacuate Collection Set: 0.17ms
[2026-04-03T06:55:01.389+0600][6.650s][info][gc,phases      ] GC(21)   Merge Heap Roots: 0.08ms
[2026-04-03T06:55:01.389+0600][6.650s][info][gc,phases      ] GC(21)   Evacuate Collection Set: 0.87ms
[2026-04-03T06:55:01.389+0600][6.650s][info][gc,phases      ] GC(21)   Post Evacuate Collection Set: 0.62ms
[2026-04-03T06:55:01.389+0600][6.650s][info][gc,phases      ] GC(21)   Other: 0.09ms
[2026-04-03T06:55:01.389+0600][6.650s][info][gc,heap        ] GC(21) Eden regions: 51->0(62)
[2026-04-03T06:55:01.389+0600][6.650s][info][gc,heap        ] GC(21) Survivor regions: 1->1(7)
[2026-04-03T06:55:01.389+0600][6.650s][info][gc,heap        ] GC(21) Old regions: 7->7
[2026-04-03T06:55:01.389+0600][6.650s][info][gc,heap        ] GC(21) Humongous regions: 0->0
[2026-04-03T06:55:01.389+0600][6.650s][info][gc,metaspace   ] GC(21) Metaspace: 14039K(14336K)->14039K(14336K) NonClass: 12229K(12416K)->12229K(12416K) Class: 1809K(1920K)->1809K(1920K)
[2026-04-03T06:55:01.389+0600][6.650s][info][gc             ] GC(21) Pause Young (Normal) (G1 Evacuation Pause) 106M->4M(210M) 2.116ms
[2026-04-03T06:55:01.390+0600][6.650s][info][gc,cpu         ] GC(21) User=0.01s Sys=0.00s Real=0.00s
[2026-04-03T06:55:01.590+0600][6.850s][info][gc,start       ] GC(22) Pause Young (Normal) (G1 Evacuation Pause)
[2026-04-03T06:55:01.590+0600][6.850s][info][gc,task        ] GC(22) Using 10 workers of 10 for evacuation
[2026-04-03T06:55:01.592+0600][6.852s][info][gc,phases      ] GC(22)   Pre Evacuate Collection Set: 0.14ms
[2026-04-03T06:55:01.592+0600][6.852s][info][gc,phases      ] GC(22)   Merge Heap Roots: 0.09ms
[2026-04-03T06:55:01.592+0600][6.852s][info][gc,phases      ] GC(22)   Evacuate Collection Set: 0.95ms
[2026-04-03T06:55:01.592+0600][6.852s][info][gc,phases      ] GC(22)   Post Evacuate Collection Set: 0.52ms
[2026-04-03T06:55:01.592+0600][6.852s][info][gc,phases      ] GC(22)   Other: 0.10ms
[2026-04-03T06:55:01.592+0600][6.852s][info][gc,heap        ] GC(22) Eden regions: 62->0(62)
[2026-04-03T06:55:01.592+0600][6.852s][info][gc,heap        ] GC(22) Survivor regions: 1->1(8)
[2026-04-03T06:55:01.592+0600][6.852s][info][gc,heap        ] GC(22) Old regions: 7->7
[2026-04-03T06:55:01.592+0600][6.852s][info][gc,heap        ] GC(22) Humongous regions: 0->0
[2026-04-03T06:55:01.592+0600][6.852s][info][gc,metaspace   ] GC(22) Metaspace: 14043K(14336K)->14043K(14336K) NonClass: 12233K(12416K)->12233K(12416K) Class: 1809K(1920K)->1809K(1920K)
[2026-04-03T06:55:01.592+0600][6.852s][info][gc             ] GC(22) Pause Young (Normal) (G1 Evacuation Pause) 128M->4M(210M) 2.090ms
[2026-04-03T06:55:01.592+0600][6.852s][info][gc,cpu         ] GC(22) User=0.01s Sys=0.00s Real=0.00s
[2026-04-03T06:55:01.789+0600][7.049s][info][gc,start       ] GC(23) Pause Young (Normal) (G1 Evacuation Pause)
[2026-04-03T06:55:01.789+0600][7.050s][info][gc,task        ] GC(23) Using 10 workers of 10 for evacuation
[2026-04-03T06:55:01.790+0600][7.051s][info][gc,phases      ] GC(23)   Pre Evacuate Collection Set: 0.15ms
[2026-04-03T06:55:01.790+0600][7.051s][info][gc,phases      ] GC(23)   Merge Heap Roots: 0.09ms
[2026-04-03T06:55:01.790+0600][7.051s][info][gc,phases      ] GC(23)   Evacuate Collection Set: 0.28ms
[2026-04-03T06:55:01.790+0600][7.051s][info][gc,phases      ] GC(23)   Post Evacuate Collection Set: 0.44ms
[2026-04-03T06:55:01.790+0600][7.051s][info][gc,phases      ] GC(23)   Other: 0.11ms
[2026-04-03T06:55:01.790+0600][7.051s][info][gc,heap        ] GC(23) Eden regions: 62->0(62)
[2026-04-03T06:55:01.790+0600][7.051s][info][gc,heap        ] GC(23) Survivor regions: 1->1(8)
[2026-04-03T06:55:01.790+0600][7.051s][info][gc,heap        ] GC(23) Old regions: 7->7
[2026-04-03T06:55:01.790+0600][7.051s][info][gc,heap        ] GC(23) Humongous regions: 0->0
[2026-04-03T06:55:01.791+0600][7.051s][info][gc,metaspace   ] GC(23) Metaspace: 14047K(14336K)->14047K(14336K) NonClass: 12238K(12416K)->12238K(12416K) Class: 1809K(1920K)->1809K(1920K)
[2026-04-03T06:55:01.791+0600][7.051s][info][gc             ] GC(23) Pause Young (Normal) (G1 Evacuation Pause) 128M->4M(210M) 1.386ms
[2026-04-03T06:55:01.791+0600][7.051s][info][gc,cpu         ] GC(23) User=0.00s Sys=0.00s Real=0.00s
[2026-04-03T06:55:01.992+0600][7.252s][info][gc,start       ] GC(24) Pause Young (Normal) (G1 Evacuation Pause)
[2026-04-03T06:55:01.992+0600][7.252s][info][gc,task        ] GC(24) Using 10 workers of 10 for evacuation
[2026-04-03T06:55:01.993+0600][7.253s][info][gc,phases      ] GC(24)   Pre Evacuate Collection Set: 0.17ms
[2026-04-03T06:55:01.993+0600][7.253s][info][gc,phases      ] GC(24)   Merge Heap Roots: 0.09ms
[2026-04-03T06:55:01.993+0600][7.253s][info][gc,phases      ] GC(24)   Evacuate Collection Set: 0.25ms
[2026-04-03T06:55:01.993+0600][7.253s][info][gc,phases      ] GC(24)   Post Evacuate Collection Set: 0.42ms
[2026-04-03T06:55:01.993+0600][7.253s][info][gc,phases      ] GC(24)   Other: 0.09ms
[2026-04-03T06:55:01.993+0600][7.253s][info][gc,heap        ] GC(24) Eden regions: 62->0(62)
[2026-04-03T06:55:01.993+0600][7.253s][info][gc,heap        ] GC(24) Survivor regions: 1->1(8)
[2026-04-03T06:55:01.993+0600][7.253s][info][gc,heap        ] GC(24) Old regions: 7->7
[2026-04-03T06:55:01.993+0600][7.253s][info][gc,heap        ] GC(24) Humongous regions: 0->0
[2026-04-03T06:55:01.993+0600][7.253s][info][gc,metaspace   ] GC(24) Metaspace: 14057K(14336K)->14057K(14336K) NonClass: 12247K(12416K)->12247K(12416K) Class: 1809K(1920K)->1809K(1920K)
[2026-04-03T06:55:01.993+0600][7.253s][info][gc             ] GC(24) Pause Young (Normal) (G1 Evacuation Pause) 128M->4M(210M) 1.358ms
[2026-04-03T06:55:01.993+0600][7.253s][info][gc,cpu         ] GC(24) User=0.00s Sys=0.00s Real=0.00s
[2026-04-03T06:55:02.195+0600][7.455s][info][gc,start       ] GC(25) Pause Young (Normal) (G1 Evacuation Pause)
[2026-04-03T06:55:02.195+0600][7.456s][info][gc,task        ] GC(25) Using 10 workers of 10 for evacuation
[2026-04-03T06:55:02.197+0600][7.457s][info][gc,phases      ] GC(25)   Pre Evacuate Collection Set: 0.28ms
[2026-04-03T06:55:02.197+0600][7.457s][info][gc,phases      ] GC(25)   Merge Heap Roots: 0.10ms
[2026-04-03T06:55:02.197+0600][7.457s][info][gc,phases      ] GC(25)   Evacuate Collection Set: 0.25ms
[2026-04-03T06:55:02.197+0600][7.457s][info][gc,phases      ] GC(25)   Post Evacuate Collection Set: 0.40ms
[2026-04-03T06:55:02.197+0600][7.457s][info][gc,phases      ] GC(25)   Other: 0.10ms
[2026-04-03T06:55:02.197+0600][7.457s][info][gc,heap        ] GC(25) Eden regions: 62->0(62)
[2026-04-03T06:55:02.197+0600][7.457s][info][gc,heap        ] GC(25) Survivor regions: 1->1(8)
[2026-04-03T06:55:02.197+0600][7.457s][info][gc,heap        ] GC(25) Old regions: 7->7
[2026-04-03T06:55:02.197+0600][7.457s][info][gc,heap        ] GC(25) Humongous regions: 0->0
[2026-04-03T06:55:02.197+0600][7.457s][info][gc,metaspace   ] GC(25) Metaspace: 14059K(14336K)->14059K(14336K) NonClass: 12248K(12416K)->12248K(12416K) Class: 1810K(1920K)->1810K(1920K)
[2026-04-03T06:55:02.197+0600][7.457s][info][gc             ] GC(25) Pause Young (Normal) (G1 Evacuation Pause) 128M->4M(210M) 1.484ms
[2026-04-03T06:55:02.197+0600][7.457s][info][gc,cpu         ] GC(25) User=0.01s Sys=0.00s Real=0.00s
[2026-04-03T06:55:02.410+0600][7.670s][info][gc,start       ] GC(26) Pause Young (Normal) (G1 Evacuation Pause)
[2026-04-03T06:55:02.410+0600][7.670s][info][gc,task        ] GC(26) Using 10 workers of 10 for evacuation
[2026-04-03T06:55:02.411+0600][7.672s][info][gc,phases      ] GC(26)   Pre Evacuate Collection Set: 0.16ms
[2026-04-03T06:55:02.412+0600][7.672s][info][gc,phases      ] GC(26)   Merge Heap Roots: 0.10ms
[2026-04-03T06:55:02.412+0600][7.672s][info][gc,phases      ] GC(26)   Evacuate Collection Set: 0.50ms
[2026-04-03T06:55:02.412+0600][7.672s][info][gc,phases      ] GC(26)   Post Evacuate Collection Set: 0.45ms
[2026-04-03T06:55:02.412+0600][7.672s][info][gc,phases      ] GC(26)   Other: 0.10ms
[2026-04-03T06:55:02.412+0600][7.672s][info][gc,heap        ] GC(26) Eden regions: 62->0(62)
[2026-04-03T06:55:02.412+0600][7.672s][info][gc,heap        ] GC(26) Survivor regions: 1->1(8)
[2026-04-03T06:55:02.412+0600][7.672s][info][gc,heap        ] GC(26) Old regions: 7->7
[2026-04-03T06:55:02.412+0600][7.672s][info][gc,heap        ] GC(26) Humongous regions: 0->0
[2026-04-03T06:55:02.412+0600][7.672s][info][gc,metaspace   ] GC(26) Metaspace: 14059K(14336K)->14059K(14336K) NonClass: 12248K(12416K)->12248K(12416K) Class: 1810K(1920K)->1810K(1920K)
[2026-04-03T06:55:02.412+0600][7.672s][info][gc             ] GC(26) Pause Young (Normal) (G1 Evacuation Pause) 128M->4M(210M) 1.618ms
[2026-04-03T06:55:02.412+0600][7.672s][info][gc,cpu         ] GC(26) User=0.01s Sys=0.00s Real=0.00s
[2026-04-03T06:55:02.606+0600][7.866s][info][gc,start       ] GC(27) Pause Young (Normal) (G1 Evacuation Pause)
[2026-04-03T06:55:02.606+0600][7.866s][info][gc,task        ] GC(27) Using 10 workers of 10 for evacuation
[2026-04-03T06:55:02.607+0600][7.868s][info][gc,phases      ] GC(27)   Pre Evacuate Collection Set: 0.16ms
[2026-04-03T06:55:02.607+0600][7.868s][info][gc,phases      ] GC(27)   Merge Heap Roots: 0.09ms
[2026-04-03T06:55:02.607+0600][7.868s][info][gc,phases      ] GC(27)   Evacuate Collection Set: 0.25ms
[2026-04-03T06:55:02.607+0600][7.868s][info][gc,phases      ] GC(27)   Post Evacuate Collection Set: 0.44ms
[2026-04-03T06:55:02.607+0600][7.868s][info][gc,phases      ] GC(27)   Other: 0.09ms
[2026-04-03T06:55:02.607+0600][7.868s][info][gc,heap        ] GC(27) Eden regions: 62->0(62)
[2026-04-03T06:55:02.607+0600][7.868s][info][gc,heap        ] GC(27) Survivor regions: 1->1(8)
[2026-04-03T06:55:02.607+0600][7.868s][info][gc,heap        ] GC(27) Old regions: 7->7
[2026-04-03T06:55:02.607+0600][7.868s][info][gc,heap        ] GC(27) Humongous regions: 0->0
[2026-04-03T06:55:02.607+0600][7.868s][info][gc,metaspace   ] GC(27) Metaspace: 14059K(14336K)->14059K(14336K) NonClass: 12249K(12416K)->12249K(12416K) Class: 1810K(1920K)->1810K(1920K)
[2026-04-03T06:55:02.608+0600][7.868s][info][gc             ] GC(27) Pause Young (Normal) (G1 Evacuation Pause) 128M->4M(210M) 1.368ms
[2026-04-03T06:55:02.608+0600][7.868s][info][gc,cpu         ] GC(27) User=0.00s Sys=0.00s Real=0.00s
[2026-04-03T06:55:02.802+0600][8.062s][info][gc,start       ] GC(28) Pause Young (Normal) (G1 Evacuation Pause)
[2026-04-03T06:55:02.802+0600][8.062s][info][gc,task        ] GC(28) Using 10 workers of 10 for evacuation
[2026-04-03T06:55:02.803+0600][8.063s][info][gc,phases      ] GC(28)   Pre Evacuate Collection Set: 0.18ms
[2026-04-03T06:55:02.803+0600][8.063s][info][gc,phases      ] GC(28)   Merge Heap Roots: 0.11ms
[2026-04-03T06:55:02.803+0600][8.063s][info][gc,phases      ] GC(28)   Evacuate Collection Set: 0.30ms
[2026-04-03T06:55:02.803+0600][8.063s][info][gc,phases      ] GC(28)   Post Evacuate Collection Set: 0.37ms
[2026-04-03T06:55:02.803+0600][8.063s][info][gc,phases      ] GC(28)   Other: 0.10ms
[2026-04-03T06:55:02.803+0600][8.063s][info][gc,heap        ] GC(28) Eden regions: 62->0(62)
[2026-04-03T06:55:02.803+0600][8.063s][info][gc,heap        ] GC(28) Survivor regions: 1->1(8)
[2026-04-03T06:55:02.803+0600][8.063s][info][gc,heap        ] GC(28) Old regions: 7->7
[2026-04-03T06:55:02.803+0600][8.063s][info][gc,heap        ] GC(28) Humongous regions: 0->0
[2026-04-03T06:55:02.803+0600][8.063s][info][gc,metaspace   ] GC(28) Metaspace: 14060K(14336K)->14060K(14336K) NonClass: 12250K(12416K)->12250K(12416K) Class: 1810K(1920K)->1810K(1920K)
[2026-04-03T06:55:02.803+0600][8.063s][info][gc             ] GC(28) Pause Young (Normal) (G1 Evacuation Pause) 128M->4M(210M) 1.454ms
[2026-04-03T06:55:02.803+0600][8.063s][info][gc,cpu         ] GC(28) User=0.00s Sys=0.00s Real=0.00s
[2026-04-03T06:55:02.999+0600][8.259s][info][gc,start       ] GC(29) Pause Young (Normal) (G1 Evacuation Pause)
[2026-04-03T06:55:02.999+0600][8.259s][info][gc,task        ] GC(29) Using 10 workers of 10 for evacuation
[2026-04-03T06:55:03.000+0600][8.260s][info][gc,phases      ] GC(29)   Pre Evacuate Collection Set: 0.19ms
[2026-04-03T06:55:03.000+0600][8.260s][info][gc,phases      ] GC(29)   Merge Heap Roots: 0.10ms
[2026-04-03T06:55:03.000+0600][8.260s][info][gc,phases      ] GC(29)   Evacuate Collection Set: 0.29ms
[2026-04-03T06:55:03.000+0600][8.260s][info][gc,phases      ] GC(29)   Post Evacuate Collection Set: 0.43ms
[2026-04-03T06:55:03.000+0600][8.260s][info][gc,phases      ] GC(29)   Other: 0.10ms
[2026-04-03T06:55:03.000+0600][8.260s][info][gc,heap        ] GC(29) Eden regions: 62->0(62)
[2026-04-03T06:55:03.000+0600][8.260s][info][gc,heap        ] GC(29) Survivor regions: 1->1(8)
[2026-04-03T06:55:03.000+0600][8.260s][info][gc,heap        ] GC(29) Old regions: 7->7
[2026-04-03T06:55:03.000+0600][8.260s][info][gc,heap        ] GC(29) Humongous regions: 0->0
[2026-04-03T06:55:03.000+0600][8.260s][info][gc,metaspace   ] GC(29) Metaspace: 14063K(14336K)->14063K(14336K) NonClass: 12253K(12416K)->12253K(12416K) Class: 1810K(1920K)->1810K(1920K)
[2026-04-03T06:55:03.000+0600][8.261s][info][gc             ] GC(29) Pause Young (Normal) (G1 Evacuation Pause) 128M->4M(210M) 1.433ms
[2026-04-03T06:55:03.000+0600][8.261s][info][gc,cpu         ] GC(29) User=0.01s Sys=0.00s Real=0.00s
[2026-04-03T06:55:03.195+0600][8.456s][info][gc,start       ] GC(30) Pause Young (Normal) (G1 Evacuation Pause)
[2026-04-03T06:55:03.195+0600][8.456s][info][gc,task        ] GC(30) Using 10 workers of 10 for evacuation
[2026-04-03T06:55:03.197+0600][8.457s][info][gc,phases      ] GC(30)   Pre Evacuate Collection Set: 0.16ms
[2026-04-03T06:55:03.197+0600][8.457s][info][gc,phases      ] GC(30)   Merge Heap Roots: 0.08ms
[2026-04-03T06:55:03.197+0600][8.457s][info][gc,phases      ] GC(30)   Evacuate Collection Set: 0.27ms
[2026-04-03T06:55:03.197+0600][8.457s][info][gc,phases      ] GC(30)   Post Evacuate Collection Set: 0.49ms
[2026-04-03T06:55:03.197+0600][8.457s][info][gc,phases      ] GC(30)   Other: 0.08ms
[2026-04-03T06:55:03.197+0600][8.457s][info][gc,heap        ] GC(30) Eden regions: 62->0(62)
[2026-04-03T06:55:03.197+0600][8.457s][info][gc,heap        ] GC(30) Survivor regions: 1->1(8)
[2026-04-03T06:55:03.197+0600][8.457s][info][gc,heap        ] GC(30) Old regions: 7->7
[2026-04-03T06:55:03.197+0600][8.457s][info][gc,heap        ] GC(30) Humongous regions: 0->0
[2026-04-03T06:55:03.197+0600][8.457s][info][gc,metaspace   ] GC(30) Metaspace: 14063K(14336K)->14063K(14336K) NonClass: 12253K(12416K)->12253K(12416K) Class: 1810K(1920K)->1810K(1920K)
[2026-04-03T06:55:03.197+0600][8.457s][info][gc             ] GC(30) Pause Young (Normal) (G1 Evacuation Pause) 128M->4M(210M) 1.383ms
[2026-04-03T06:55:03.197+0600][8.457s][info][gc,cpu         ] GC(30) User=0.01s Sys=0.00s Real=0.00s
[2026-04-03T06:55:03.392+0600][8.652s][info][gc,start       ] GC(31) Pause Young (Normal) (G1 Evacuation Pause)
[2026-04-03T06:55:03.392+0600][8.652s][info][gc,task        ] GC(31) Using 10 workers of 10 for evacuation
[2026-04-03T06:55:03.393+0600][8.653s][info][gc,phases      ] GC(31)   Pre Evacuate Collection Set: 0.16ms
[2026-04-03T06:55:03.393+0600][8.653s][info][gc,phases      ] GC(31)   Merge Heap Roots: 0.10ms
[2026-04-03T06:55:03.393+0600][8.653s][info][gc,phases      ] GC(31)   Evacuate Collection Set: 0.25ms
[2026-04-03T06:55:03.393+0600][8.653s][info][gc,phases      ] GC(31)   Post Evacuate Collection Set: 0.43ms
[2026-04-03T06:55:03.393+0600][8.653s][info][gc,phases      ] GC(31)   Other: 0.09ms
[2026-04-03T06:55:03.393+0600][8.653s][info][gc,heap        ] GC(31) Eden regions: 62->0(62)
[2026-04-03T06:55:03.393+0600][8.653s][info][gc,heap        ] GC(31) Survivor regions: 1->1(8)
[2026-04-03T06:55:03.393+0600][8.653s][info][gc,heap        ] GC(31) Old regions: 7->7
[2026-04-03T06:55:03.393+0600][8.653s][info][gc,heap        ] GC(31) Humongous regions: 0->0
[2026-04-03T06:55:03.393+0600][8.653s][info][gc,metaspace   ] GC(31) Metaspace: 14063K(14336K)->14063K(14336K) NonClass: 12253K(12416K)->12253K(12416K) Class: 1810K(1920K)->1810K(1920K)
[2026-04-03T06:55:03.393+0600][8.653s][info][gc             ] GC(31) Pause Young (Normal) (G1 Evacuation Pause) 128M->4M(210M) 1.403ms
[2026-04-03T06:55:03.393+0600][8.653s][info][gc,cpu         ] GC(31) User=0.01s Sys=0.00s Real=0.01s
[2026-04-03T06:55:03.587+0600][8.847s][info][gc,start       ] GC(32) Pause Young (Normal) (G1 Evacuation Pause)
[2026-04-03T06:55:03.587+0600][8.848s][info][gc,task        ] GC(32) Using 10 workers of 10 for evacuation
[2026-04-03T06:55:03.589+0600][8.850s][info][gc,phases      ] GC(32)   Pre Evacuate Collection Set: 0.29ms
[2026-04-03T06:55:03.589+0600][8.850s][info][gc,phases      ] GC(32)   Merge Heap Roots: 0.14ms
[2026-04-03T06:55:03.589+0600][8.850s][info][gc,phases      ] GC(32)   Evacuate Collection Set: 0.28ms
[2026-04-03T06:55:03.589+0600][8.850s][info][gc,phases      ] GC(32)   Post Evacuate Collection Set: 1.10ms
[2026-04-03T06:55:03.589+0600][8.850s][info][gc,phases      ] GC(32)   Other: 0.23ms
[2026-04-03T06:55:03.589+0600][8.850s][info][gc,heap        ] GC(32) Eden regions: 62->0(62)
[2026-04-03T06:55:03.589+0600][8.850s][info][gc,heap        ] GC(32) Survivor regions: 1->1(8)
[2026-04-03T06:55:03.589+0600][8.850s][info][gc,heap        ] GC(32) Old regions: 7->7
[2026-04-03T06:55:03.589+0600][8.850s][info][gc,heap        ] GC(32) Humongous regions: 0->0
[2026-04-03T06:55:03.589+0600][8.850s][info][gc,metaspace   ] GC(32) Metaspace: 14064K(14336K)->14064K(14336K) NonClass: 12253K(12416K)->12253K(12416K) Class: 1810K(1920K)->1810K(1920K)
[2026-04-03T06:55:03.590+0600][8.850s][info][gc             ] GC(32) Pause Young (Normal) (G1 Evacuation Pause) 128M->4M(210M) 2.454ms
[2026-04-03T06:55:03.590+0600][8.850s][info][gc,cpu         ] GC(32) User=0.00s Sys=0.01s Real=0.00s
[2026-04-03T06:55:03.789+0600][9.049s][info][gc,start       ] GC(33) Pause Young (Normal) (G1 Evacuation Pause)
[2026-04-03T06:55:03.789+0600][9.049s][info][gc,task        ] GC(33) Using 10 workers of 10 for evacuation
[2026-04-03T06:55:03.794+0600][9.054s][info][gc,phases      ] GC(33)   Pre Evacuate Collection Set: 0.30ms
[2026-04-03T06:55:03.794+0600][9.054s][info][gc,phases      ] GC(33)   Merge Heap Roots: 0.16ms
[2026-04-03T06:55:03.794+0600][9.054s][info][gc,phases      ] GC(33)   Evacuate Collection Set: 3.62ms
[2026-04-03T06:55:03.794+0600][9.054s][info][gc,phases      ] GC(33)   Post Evacuate Collection Set: 0.73ms
[2026-04-03T06:55:03.794+0600][9.054s][info][gc,phases      ] GC(33)   Other: 0.14ms
[2026-04-03T06:55:03.794+0600][9.054s][info][gc,heap        ] GC(33) Eden regions: 62->0(62)
[2026-04-03T06:55:03.794+0600][9.054s][info][gc,heap        ] GC(33) Survivor regions: 1->1(8)
[2026-04-03T06:55:03.794+0600][9.054s][info][gc,heap        ] GC(33) Old regions: 7->7
[2026-04-03T06:55:03.794+0600][9.054s][info][gc,heap        ] GC(33) Humongous regions: 0->0
[2026-04-03T06:55:03.794+0600][9.054s][info][gc,metaspace   ] GC(33) Metaspace: 14064K(14336K)->14064K(14336K) NonClass: 12253K(12416K)->12253K(12416K) Class: 1810K(1920K)->1810K(1920K)
[2026-04-03T06:55:03.794+0600][9.055s][info][gc             ] GC(33) Pause Young (Normal) (G1 Evacuation Pause) 128M->4M(210M) 5.438ms
[2026-04-03T06:55:03.794+0600][9.055s][info][gc,cpu         ] GC(33) User=0.01s Sys=0.00s Real=0.01s
[2026-04-03T06:55:04.045+0600][9.306s][info][gc,start       ] GC(34) Pause Young (Normal) (G1 Evacuation Pause)
[2026-04-03T06:55:04.046+0600][9.306s][info][gc,task        ] GC(34) Using 10 workers of 10 for evacuation
[2026-04-03T06:55:04.047+0600][9.307s][info][gc,phases      ] GC(34)   Pre Evacuate Collection Set: 0.22ms
[2026-04-03T06:55:04.047+0600][9.307s][info][gc,phases      ] GC(34)   Merge Heap Roots: 0.12ms
[2026-04-03T06:55:04.047+0600][9.307s][info][gc,phases      ] GC(34)   Evacuate Collection Set: 0.32ms
[2026-04-03T06:55:04.047+0600][9.307s][info][gc,phases      ] GC(34)   Post Evacuate Collection Set: 0.64ms
[2026-04-03T06:55:04.047+0600][9.307s][info][gc,phases      ] GC(34)   Other: 0.10ms
[2026-04-03T06:55:04.047+0600][9.307s][info][gc,heap        ] GC(34) Eden regions: 62->0(62)
[2026-04-03T06:55:04.047+0600][9.307s][info][gc,heap        ] GC(34) Survivor regions: 1->1(8)
[2026-04-03T06:55:04.047+0600][9.307s][info][gc,heap        ] GC(34) Old regions: 7->7
[2026-04-03T06:55:04.047+0600][9.307s][info][gc,heap        ] GC(34) Humongous regions: 0->0
[2026-04-03T06:55:04.047+0600][9.307s][info][gc,metaspace   ] GC(34) Metaspace: 14064K(14336K)->14064K(14336K) NonClass: 12253K(12416K)->12253K(12416K) Class: 1810K(1920K)->1810K(1920K)
[2026-04-03T06:55:04.047+0600][9.308s][info][gc             ] GC(34) Pause Young (Normal) (G1 Evacuation Pause) 128M->4M(210M) 1.886ms
[2026-04-03T06:55:04.047+0600][9.308s][info][gc,cpu         ] GC(34) User=0.00s Sys=0.00s Real=0.00s
[2026-04-03T06:55:04.240+0600][9.500s][info][gc,start       ] GC(35) Pause Young (Normal) (G1 Evacuation Pause)
[2026-04-03T06:55:04.240+0600][9.501s][info][gc,task        ] GC(35) Using 10 workers of 10 for evacuation
[2026-04-03T06:55:04.241+0600][9.502s][info][gc,phases      ] GC(35)   Pre Evacuate Collection Set: 0.17ms
[2026-04-03T06:55:04.241+0600][9.502s][info][gc,phases      ] GC(35)   Merge Heap Roots: 0.09ms
[2026-04-03T06:55:04.241+0600][9.502s][info][gc,phases      ] GC(35)   Evacuate Collection Set: 0.23ms
[2026-04-03T06:55:04.242+0600][9.502s][info][gc,phases      ] GC(35)   Post Evacuate Collection Set: 0.48ms
[2026-04-03T06:55:04.242+0600][9.502s][info][gc,phases      ] GC(35)   Other: 0.11ms
[2026-04-03T06:55:04.242+0600][9.502s][info][gc,heap        ] GC(35) Eden regions: 62->0(62)
[2026-04-03T06:55:04.242+0600][9.502s][info][gc,heap        ] GC(35) Survivor regions: 1->1(8)
[2026-04-03T06:55:04.242+0600][9.502s][info][gc,heap        ] GC(35) Old regions: 7->7
[2026-04-03T06:55:04.242+0600][9.502s][info][gc,heap        ] GC(35) Humongous regions: 0->0
[2026-04-03T06:55:04.242+0600][9.502s][info][gc,metaspace   ] GC(35) Metaspace: 14064K(14336K)->14064K(14336K) NonClass: 12253K(12416K)->12253K(12416K) Class: 1810K(1920K)->1810K(1920K)
[2026-04-03T06:55:04.242+0600][9.502s][info][gc             ] GC(35) Pause Young (Normal) (G1 Evacuation Pause) 128M->4M(210M) 1.414ms
[2026-04-03T06:55:04.242+0600][9.502s][info][gc,cpu         ] GC(35) User=0.00s Sys=0.00s Real=0.00s
[2026-04-03T06:55:04.424+0600][9.685s][info][gc,start       ] GC(36) Pause Young (Normal) (G1 Evacuation Pause)
[2026-04-03T06:55:04.425+0600][9.685s][info][gc,task        ] GC(36) Using 10 workers of 10 for evacuation
[2026-04-03T06:55:04.426+0600][9.686s][info][gc,phases      ] GC(36)   Pre Evacuate Collection Set: 0.15ms
[2026-04-03T06:55:04.426+0600][9.686s][info][gc,phases      ] GC(36)   Merge Heap Roots: 0.09ms
[2026-04-03T06:55:04.426+0600][9.686s][info][gc,phases      ] GC(36)   Evacuate Collection Set: 0.23ms
[2026-04-03T06:55:04.426+0600][9.686s][info][gc,phases      ] GC(36)   Post Evacuate Collection Set: 0.45ms
[2026-04-03T06:55:04.426+0600][9.686s][info][gc,phases      ] GC(36)   Other: 0.09ms
[2026-04-03T06:55:04.426+0600][9.686s][info][gc,heap        ] GC(36) Eden regions: 62->0(62)
[2026-04-03T06:55:04.426+0600][9.686s][info][gc,heap        ] GC(36) Survivor regions: 1->1(8)
[2026-04-03T06:55:04.426+0600][9.686s][info][gc,heap        ] GC(36) Old regions: 7->7
[2026-04-03T06:55:04.426+0600][9.686s][info][gc,heap        ] GC(36) Humongous regions: 0->0
[2026-04-03T06:55:04.426+0600][9.686s][info][gc,metaspace   ] GC(36) Metaspace: 14069K(14336K)->14069K(14336K) NonClass: 12258K(12416K)->12258K(12416K) Class: 1810K(1920K)->1810K(1920K)
[2026-04-03T06:55:04.426+0600][9.686s][info][gc             ] GC(36) Pause Young (Normal) (G1 Evacuation Pause) 128M->4M(210M) 1.327ms
[2026-04-03T06:55:04.426+0600][9.686s][info][gc,cpu         ] GC(36) User=0.01s Sys=0.00s Real=0.00s
[2026-04-03T06:55:04.613+0600][9.874s][info][gc,start       ] GC(37) Pause Young (Normal) (G1 Evacuation Pause)
[2026-04-03T06:55:04.614+0600][9.874s][info][gc,task        ] GC(37) Using 10 workers of 10 for evacuation
[2026-04-03T06:55:04.615+0600][9.875s][info][gc,phases      ] GC(37)   Pre Evacuate Collection Set: 0.18ms
[2026-04-03T06:55:04.615+0600][9.875s][info][gc,phases      ] GC(37)   Merge Heap Roots: 0.09ms
[2026-04-03T06:55:04.615+0600][9.875s][info][gc,phases      ] GC(37)   Evacuate Collection Set: 0.21ms
[2026-04-03T06:55:04.615+0600][9.875s][info][gc,phases      ] GC(37)   Post Evacuate Collection Set: 0.47ms
[2026-04-03T06:55:04.615+0600][9.875s][info][gc,phases      ] GC(37)   Other: 0.11ms
[2026-04-03T06:55:04.615+0600][9.875s][info][gc,heap        ] GC(37) Eden regions: 62->0(62)
[2026-04-03T06:55:04.615+0600][9.875s][info][gc,heap        ] GC(37) Survivor regions: 1->1(8)
[2026-04-03T06:55:04.615+0600][9.875s][info][gc,heap        ] GC(37) Old regions: 7->7
[2026-04-03T06:55:04.615+0600][9.875s][info][gc,heap        ] GC(37) Humongous regions: 0->0
[2026-04-03T06:55:04.615+0600][9.875s][info][gc,metaspace   ] GC(37) Metaspace: 14069K(14336K)->14069K(14336K) NonClass: 12258K(12416K)->12258K(12416K) Class: 1810K(1920K)->1810K(1920K)
[2026-04-03T06:55:04.615+0600][9.875s][info][gc             ] GC(37) Pause Young (Normal) (G1 Evacuation Pause) 128M->4M(210M) 1.424ms
[2026-04-03T06:55:04.615+0600][9.875s][info][gc,cpu         ] GC(37) User=0.01s Sys=0.00s Real=0.00s
[2026-04-03T06:55:04.809+0600][10.070s][info][gc,start       ] GC(38) Pause Young (Normal) (G1 Evacuation Pause)
[2026-04-03T06:55:04.810+0600][10.070s][info][gc,task        ] GC(38) Using 10 workers of 10 for evacuation
[2026-04-03T06:55:04.811+0600][10.071s][info][gc,phases      ] GC(38)   Pre Evacuate Collection Set: 0.16ms
[2026-04-03T06:55:04.811+0600][10.071s][info][gc,phases      ] GC(38)   Merge Heap Roots: 0.09ms
[2026-04-03T06:55:04.811+0600][10.071s][info][gc,phases      ] GC(38)   Evacuate Collection Set: 0.24ms
[2026-04-03T06:55:04.811+0600][10.071s][info][gc,phases      ] GC(38)   Post Evacuate Collection Set: 0.53ms
[2026-04-03T06:55:04.811+0600][10.071s][info][gc,phases      ] GC(38)   Other: 0.09ms
[2026-04-03T06:55:04.811+0600][10.071s][info][gc,heap        ] GC(38) Eden regions: 62->0(62)
[2026-04-03T06:55:04.811+0600][10.071s][info][gc,heap        ] GC(38) Survivor regions: 1->1(8)
[2026-04-03T06:55:04.811+0600][10.071s][info][gc,heap        ] GC(38) Old regions: 7->7
[2026-04-03T06:55:04.811+0600][10.071s][info][gc,heap        ] GC(38) Humongous regions: 0->0
[2026-04-03T06:55:04.811+0600][10.071s][info][gc,metaspace   ] GC(38) Metaspace: 14069K(14336K)->14069K(14336K) NonClass: 12259K(12416K)->12259K(12416K) Class: 1810K(1920K)->1810K(1920K)
[2026-04-03T06:55:04.811+0600][10.071s][info][gc             ] GC(38) Pause Young (Normal) (G1 Evacuation Pause) 128M->4M(210M) 1.415ms
[2026-04-03T06:55:04.811+0600][10.071s][info][gc,cpu         ] GC(38) User=0.00s Sys=0.00s Real=0.00s
[2026-04-03T06:55:05.028+0600][10.288s][info][gc,start       ] GC(39) Pause Young (Normal) (G1 Evacuation Pause)
[2026-04-03T06:55:05.028+0600][10.288s][info][gc,task        ] GC(39) Using 10 workers of 10 for evacuation
[2026-04-03T06:55:05.029+0600][10.289s][info][gc,phases      ] GC(39)   Pre Evacuate Collection Set: 0.15ms
[2026-04-03T06:55:05.029+0600][10.289s][info][gc,phases      ] GC(39)   Merge Heap Roots: 0.09ms
[2026-04-03T06:55:05.029+0600][10.289s][info][gc,phases      ] GC(39)   Evacuate Collection Set: 0.26ms
[2026-04-03T06:55:05.029+0600][10.289s][info][gc,phases      ] GC(39)   Post Evacuate Collection Set: 0.47ms
[2026-04-03T06:55:05.029+0600][10.289s][info][gc,phases      ] GC(39)   Other: 0.10ms
[2026-04-03T06:55:05.029+0600][10.289s][info][gc,heap        ] GC(39) Eden regions: 62->0(62)
[2026-04-03T06:55:05.029+0600][10.289s][info][gc,heap        ] GC(39) Survivor regions: 1->1(8)
[2026-04-03T06:55:05.029+0600][10.289s][info][gc,heap        ] GC(39) Old regions: 7->7
[2026-04-03T06:55:05.029+0600][10.289s][info][gc,heap        ] GC(39) Humongous regions: 0->0
[2026-04-03T06:55:05.029+0600][10.289s][info][gc,metaspace   ] GC(39) Metaspace: 14069K(14336K)->14069K(14336K) NonClass: 12259K(12416K)->12259K(12416K) Class: 1810K(1920K)->1810K(1920K)
[2026-04-03T06:55:05.029+0600][10.289s][info][gc             ] GC(39) Pause Young (Normal) (G1 Evacuation Pause) 128M->4M(210M) 1.388ms
[2026-04-03T06:55:05.029+0600][10.289s][info][gc,cpu         ] GC(39) User=0.00s Sys=0.01s Real=0.00s
[2026-04-03T06:55:05.292+0600][10.552s][info][gc,start       ] GC(40) Pause Young (Normal) (G1 Evacuation Pause)
[2026-04-03T06:55:05.292+0600][10.552s][info][gc,task        ] GC(40) Using 10 workers of 10 for evacuation
[2026-04-03T06:55:05.294+0600][10.554s][info][gc,phases      ] GC(40)   Pre Evacuate Collection Set: 0.57ms
[2026-04-03T06:55:05.294+0600][10.554s][info][gc,phases      ] GC(40)   Merge Heap Roots: 0.14ms
[2026-04-03T06:55:05.294+0600][10.554s][info][gc,phases      ] GC(40)   Evacuate Collection Set: 0.17ms
[2026-04-03T06:55:05.294+0600][10.554s][info][gc,phases      ] GC(40)   Post Evacuate Collection Set: 0.53ms
[2026-04-03T06:55:05.294+0600][10.554s][info][gc,phases      ] GC(40)   Other: 0.10ms
[2026-04-03T06:55:05.294+0600][10.554s][info][gc,heap        ] GC(40) Eden regions: 62->0(62)
[2026-04-03T06:55:05.294+0600][10.554s][info][gc,heap        ] GC(40) Survivor regions: 1->1(8)
[2026-04-03T06:55:05.294+0600][10.554s][info][gc,heap        ] GC(40) Old regions: 7->7
[2026-04-03T06:55:05.294+0600][10.554s][info][gc,heap        ] GC(40) Humongous regions: 0->0
[2026-04-03T06:55:05.294+0600][10.554s][info][gc,metaspace   ] GC(40) Metaspace: 14069K(14336K)->14069K(14336K) NonClass: 12259K(12416K)->12259K(12416K) Class: 1810K(1920K)->1810K(1920K)
[2026-04-03T06:55:05.294+0600][10.554s][info][gc             ] GC(40) Pause Young (Normal) (G1 Evacuation Pause) 128M->4M(210M) 1.773ms
[2026-04-03T06:55:05.294+0600][10.554s][info][gc,cpu         ] GC(40) User=0.00s Sys=0.00s Real=0.01s
[2026-04-03T06:55:05.510+0600][10.771s][info][gc,start       ] GC(41) Pause Full (System.gc())
[2026-04-03T06:55:05.510+0600][10.771s][info][gc,task        ] GC(41) Using 7 workers of 10 for full compaction
[2026-04-03T06:55:05.511+0600][10.771s][info][gc,phases,start] GC(41) Phase 1: Mark live objects
[2026-04-03T06:55:05.517+0600][10.777s][info][gc,phases      ] GC(41) Phase 1: Mark live objects 6.488ms
[2026-04-03T06:55:05.517+0600][10.777s][info][gc,phases,start] GC(41) Phase 2: Prepare compaction
[2026-04-03T06:55:05.518+0600][10.778s][info][gc,phases      ] GC(41) Phase 2: Prepare compaction 0.983ms
[2026-04-03T06:55:05.518+0600][10.778s][info][gc,phases,start] GC(41) Phase 3: Adjust pointers
[2026-04-03T06:55:05.522+0600][10.782s][info][gc,phases      ] GC(41) Phase 3: Adjust pointers 3.746ms
[2026-04-03T06:55:05.522+0600][10.782s][info][gc,phases,start] GC(41) Phase 4: Compact heap
[2026-04-03T06:55:05.524+0600][10.784s][info][gc,phases      ] GC(41) Phase 4: Compact heap 1.806ms
[2026-04-03T06:55:05.524+0600][10.784s][info][gc,phases,start] GC(41) Phase 5: Reset Metadata
[2026-04-03T06:55:05.525+0600][10.785s][info][gc,phases      ] GC(41) Phase 5: Reset Metadata 0.919ms
[2026-04-03T06:55:05.529+0600][10.790s][info][gc,heap        ] GC(41) Eden regions: 33->0(16)
[2026-04-03T06:55:05.529+0600][10.790s][info][gc,heap        ] GC(41) Survivor regions: 1->0(8)
[2026-04-03T06:55:05.529+0600][10.790s][info][gc,heap        ] GC(41) Old regions: 7->8
[2026-04-03T06:55:05.530+0600][10.790s][info][gc,heap        ] GC(41) Humongous regions: 0->0
[2026-04-03T06:55:05.530+0600][10.790s][info][gc,metaspace   ] GC(41) Metaspace: 14220K(14464K)->14202K(14464K) NonClass: 12393K(12544K)->12380K(12544K) Class: 1827K(1920K)->1821K(1920K)
[2026-04-03T06:55:05.530+0600][10.790s][info][gc             ] GC(41) Pause Full (System.gc()) 69M->4M(54M) 19.254ms
[2026-04-03T06:55:05.530+0600][10.790s][info][gc,cpu         ] GC(41) User=0.06s Sys=0.02s Real=0.02s
[2026-04-03T06:55:05.738+0600][10.998s][info][gc,start       ] GC(42) Pause Young (Normal) (G1 Evacuation Pause)
[2026-04-03T06:55:05.738+0600][10.999s][info][gc,task        ] GC(42) Using 10 workers of 10 for evacuation
[2026-04-03T06:55:05.740+0600][11.000s][info][gc,phases      ] GC(42)   Pre Evacuate Collection Set: 0.19ms
[2026-04-03T06:55:05.740+0600][11.000s][info][gc,phases      ] GC(42)   Merge Heap Roots: 0.10ms
[2026-04-03T06:55:05.740+0600][11.000s][info][gc,phases      ] GC(42)   Evacuate Collection Set: 0.57ms
[2026-04-03T06:55:05.740+0600][11.000s][info][gc,phases      ] GC(42)   Post Evacuate Collection Set: 0.46ms
[2026-04-03T06:55:05.740+0600][11.000s][info][gc,phases      ] GC(42)   Other: 0.10ms
[2026-04-03T06:55:05.740+0600][11.000s][info][gc,heap        ] GC(42) Eden regions: 16->0(15)
[2026-04-03T06:55:05.740+0600][11.000s][info][gc,heap        ] GC(42) Survivor regions: 0->1(2)
[2026-04-03T06:55:05.740+0600][11.000s][info][gc,heap        ] GC(42) Old regions: 8->8
[2026-04-03T06:55:05.740+0600][11.000s][info][gc,heap        ] GC(42) Humongous regions: 0->0
[2026-04-03T06:55:05.740+0600][11.000s][info][gc,metaspace   ] GC(42) Metaspace: 14203K(14464K)->14203K(14464K) NonClass: 12381K(12544K)->12381K(12544K) Class: 1821K(1920K)->1821K(1920K)
[2026-04-03T06:55:05.740+0600][11.000s][info][gc             ] GC(42) Pause Young (Normal) (G1 Evacuation Pause) 36M->4M(54M) 1.759ms
[2026-04-03T06:55:05.740+0600][11.000s][info][gc,cpu         ] GC(42) User=0.00s Sys=0.00s Real=0.00s
[2026-04-03T06:55:05.862+0600][11.122s][info][gc,start       ] GC(43) Pause Young (Normal) (G1 Evacuation Pause)
[2026-04-03T06:55:05.862+0600][11.122s][info][gc,task        ] GC(43) Using 10 workers of 10 for evacuation
[2026-04-03T06:55:05.863+0600][11.123s][info][gc,phases      ] GC(43)   Pre Evacuate Collection Set: 0.25ms
[2026-04-03T06:55:05.863+0600][11.123s][info][gc,phases      ] GC(43)   Merge Heap Roots: 0.08ms
[2026-04-03T06:55:05.863+0600][11.123s][info][gc,phases      ] GC(43)   Evacuate Collection Set: 0.41ms
[2026-04-03T06:55:05.863+0600][11.123s][info][gc,phases      ] GC(43)   Post Evacuate Collection Set: 0.43ms
[2026-04-03T06:55:05.863+0600][11.123s][info][gc,phases      ] GC(43)   Other: 0.10ms
[2026-04-03T06:55:05.863+0600][11.123s][info][gc,heap        ] GC(43) Eden regions: 15->0(15)
[2026-04-03T06:55:05.863+0600][11.123s][info][gc,heap        ] GC(43) Survivor regions: 1->1(2)
[2026-04-03T06:55:05.863+0600][11.123s][info][gc,heap        ] GC(43) Old regions: 8->8
[2026-04-03T06:55:05.863+0600][11.123s][info][gc,heap        ] GC(43) Humongous regions: 0->0
[2026-04-03T06:55:05.863+0600][11.123s][info][gc,metaspace   ] GC(43) Metaspace: 14203K(14464K)->14203K(14464K) NonClass: 12381K(12544K)->12381K(12544K) Class: 1821K(1920K)->1821K(1920K)
[2026-04-03T06:55:05.863+0600][11.124s][info][gc             ] GC(43) Pause Young (Normal) (G1 Evacuation Pause) 34M->4M(54M) 1.825ms
[2026-04-03T06:55:05.863+0600][11.124s][info][gc,cpu         ] GC(43) User=0.01s Sys=0.00s Real=0.01s
[2026-04-03T06:55:05.947+0600][11.207s][info][gc,start       ] GC(44) Pause Young (Normal) (G1 Evacuation Pause)
[2026-04-03T06:55:05.947+0600][11.207s][info][gc,task        ] GC(44) Using 10 workers of 10 for evacuation
[2026-04-03T06:55:05.948+0600][11.208s][info][gc,phases      ] GC(44)   Pre Evacuate Collection Set: 0.15ms
[2026-04-03T06:55:05.950+0600][11.210s][info][gc,phases      ] GC(44)   Merge Heap Roots: 0.08ms
[2026-04-03T06:55:05.950+0600][11.211s][info][gc,phases      ] GC(44)   Evacuate Collection Set: 0.36ms
[2026-04-03T06:55:05.950+0600][11.211s][info][gc,phases      ] GC(44)   Post Evacuate Collection Set: 0.33ms
[2026-04-03T06:55:05.950+0600][11.211s][info][gc,phases      ] GC(44)   Other: 0.08ms
[2026-04-03T06:55:05.950+0600][11.211s][info][gc,heap        ] GC(44) Eden regions: 15->0(15)
[2026-04-03T06:55:05.950+0600][11.211s][info][gc,heap        ] GC(44) Survivor regions: 1->1(2)
[2026-04-03T06:55:05.950+0600][11.211s][info][gc,heap        ] GC(44) Old regions: 8->8
[2026-04-03T06:55:05.950+0600][11.211s][info][gc,heap        ] GC(44) Humongous regions: 0->0
[2026-04-03T06:55:05.950+0600][11.211s][info][gc,metaspace   ] GC(44) Metaspace: 14203K(14464K)->14203K(14464K) NonClass: 12381K(12544K)->12381K(12544K) Class: 1821K(1920K)->1821K(1920K)
[2026-04-03T06:55:05.950+0600][11.211s][info][gc             ] GC(44) Pause Young (Normal) (G1 Evacuation Pause) 34M->4M(54M) 3.827ms
[2026-04-03T06:55:05.950+0600][11.211s][info][gc,cpu         ] GC(44) User=0.01s Sys=0.00s Real=0.00s
[2026-04-03T06:55:06.008+0600][11.268s][info][gc,start       ] GC(45) Pause Young (Normal) (G1 Evacuation Pause)
[2026-04-03T06:55:06.008+0600][11.268s][info][gc,task        ] GC(45) Using 10 workers of 10 for evacuation
[2026-04-03T06:55:06.010+0600][11.270s][info][gc,phases      ] GC(45)   Pre Evacuate Collection Set: 0.22ms
[2026-04-03T06:55:06.010+0600][11.270s][info][gc,phases      ] GC(45)   Merge Heap Roots: 0.10ms
[2026-04-03T06:55:06.010+0600][11.270s][info][gc,phases      ] GC(45)   Evacuate Collection Set: 0.35ms
[2026-04-03T06:55:06.010+0600][11.270s][info][gc,phases      ] GC(45)   Post Evacuate Collection Set: 0.76ms
[2026-04-03T06:55:06.010+0600][11.270s][info][gc,phases      ] GC(45)   Other: 0.11ms
[2026-04-03T06:55:06.010+0600][11.270s][info][gc,heap        ] GC(45) Eden regions: 15->0(44)
[2026-04-03T06:55:06.010+0600][11.270s][info][gc,heap        ] GC(45) Survivor regions: 1->1(2)
[2026-04-03T06:55:06.010+0600][11.270s][info][gc,heap        ] GC(45) Old regions: 8->8
[2026-04-03T06:55:06.010+0600][11.270s][info][gc,heap        ] GC(45) Humongous regions: 0->0
[2026-04-03T06:55:06.010+0600][11.270s][info][gc,metaspace   ] GC(45) Metaspace: 14203K(14464K)->14203K(14464K) NonClass: 12381K(12544K)->12381K(12544K) Class: 1821K(1920K)->1821K(1920K)
[2026-04-03T06:55:06.010+0600][11.270s][info][gc             ] GC(45) Pause Young (Normal) (G1 Evacuation Pause) 34M->4M(150M) 2.003ms
[2026-04-03T06:55:06.010+0600][11.270s][info][gc,cpu         ] GC(45) User=0.01s Sys=0.00s Real=0.00s
[2026-04-03T06:55:06.178+0600][11.439s][info][gc,start       ] GC(46) Pause Young (Normal) (G1 Evacuation Pause)
[2026-04-03T06:55:06.178+0600][11.439s][info][gc,task        ] GC(46) Using 10 workers of 10 for evacuation
[2026-04-03T06:55:06.180+0600][11.440s][info][gc,phases      ] GC(46)   Pre Evacuate Collection Set: 0.24ms
[2026-04-03T06:55:06.180+0600][11.440s][info][gc,phases      ] GC(46)   Merge Heap Roots: 0.10ms
[2026-04-03T06:55:06.180+0600][11.440s][info][gc,phases      ] GC(46)   Evacuate Collection Set: 0.57ms
[2026-04-03T06:55:06.180+0600][11.440s][info][gc,phases      ] GC(46)   Post Evacuate Collection Set: 0.52ms
[2026-04-03T06:55:06.180+0600][11.440s][info][gc,phases      ] GC(46)   Other: 0.11ms
[2026-04-03T06:55:06.180+0600][11.440s][info][gc,heap        ] GC(46) Eden regions: 44->0(44)
[2026-04-03T06:55:06.180+0600][11.440s][info][gc,heap        ] GC(46) Survivor regions: 1->1(6)
[2026-04-03T06:55:06.180+0600][11.441s][info][gc,heap        ] GC(46) Old regions: 8->8
[2026-04-03T06:55:06.180+0600][11.441s][info][gc,heap        ] GC(46) Humongous regions: 0->0
[2026-04-03T06:55:06.180+0600][11.441s][info][gc,metaspace   ] GC(46) Metaspace: 14203K(14464K)->14203K(14464K) NonClass: 12381K(12544K)->12381K(12544K) Class: 1821K(1920K)->1821K(1920K)
[2026-04-03T06:55:06.180+0600][11.441s][info][gc             ] GC(46) Pause Young (Normal) (G1 Evacuation Pause) 92M->4M(150M) 2.099ms
[2026-04-03T06:55:06.180+0600][11.441s][info][gc,cpu         ] GC(46) User=0.00s Sys=0.01s Real=0.00s
[2026-04-03T06:55:06.305+0600][11.565s][info][gc,start       ] GC(47) Pause Young (Normal) (G1 Evacuation Pause)
[2026-04-03T06:55:06.305+0600][11.566s][info][gc,task        ] GC(47) Using 10 workers of 10 for evacuation
[2026-04-03T06:55:06.307+0600][11.567s][info][gc,phases      ] GC(47)   Pre Evacuate Collection Set: 0.15ms
[2026-04-03T06:55:06.307+0600][11.567s][info][gc,phases      ] GC(47)   Merge Heap Roots: 0.08ms
[2026-04-03T06:55:06.307+0600][11.567s][info][gc,phases      ] GC(47)   Evacuate Collection Set: 0.50ms
[2026-04-03T06:55:06.307+0600][11.567s][info][gc,phases      ] GC(47)   Post Evacuate Collection Set: 0.63ms
[2026-04-03T06:55:06.307+0600][11.567s][info][gc,phases      ] GC(47)   Other: 0.22ms
[2026-04-03T06:55:06.307+0600][11.567s][info][gc,heap        ] GC(47) Eden regions: 44->0(44)
[2026-04-03T06:55:06.307+0600][11.567s][info][gc,heap        ] GC(47) Survivor regions: 1->1(6)
[2026-04-03T06:55:06.307+0600][11.567s][info][gc,heap        ] GC(47) Old regions: 8->8
[2026-04-03T06:55:06.307+0600][11.567s][info][gc,heap        ] GC(47) Humongous regions: 0->0
[2026-04-03T06:55:06.307+0600][11.567s][info][gc,metaspace   ] GC(47) Metaspace: 14203K(14464K)->14203K(14464K) NonClass: 12381K(12544K)->12381K(12544K) Class: 1821K(1920K)->1821K(1920K)
[2026-04-03T06:55:06.307+0600][11.567s][info][gc             ] GC(47) Pause Young (Normal) (G1 Evacuation Pause) 92M->4M(150M) 2.055ms
[2026-04-03T06:55:06.307+0600][11.567s][info][gc,cpu         ] GC(47) User=0.01s Sys=0.00s Real=0.00s
[2026-04-03T06:55:06.440+0600][11.700s][info][gc,start       ] GC(48) Pause Young (Normal) (G1 Evacuation Pause)
[2026-04-03T06:55:06.440+0600][11.701s][info][gc,task        ] GC(48) Using 10 workers of 10 for evacuation
[2026-04-03T06:55:06.442+0600][11.702s][info][gc,phases      ] GC(48)   Pre Evacuate Collection Set: 0.17ms
[2026-04-03T06:55:06.442+0600][11.702s][info][gc,phases      ] GC(48)   Merge Heap Roots: 0.07ms
[2026-04-03T06:55:06.442+0600][11.702s][info][gc,phases      ] GC(48)   Evacuate Collection Set: 0.73ms
[2026-04-03T06:55:06.442+0600][11.702s][info][gc,phases      ] GC(48)   Post Evacuate Collection Set: 0.41ms
[2026-04-03T06:55:06.442+0600][11.702s][info][gc,phases      ] GC(48)   Other: 0.08ms
[2026-04-03T06:55:06.442+0600][11.702s][info][gc,heap        ] GC(48) Eden regions: 44->0(44)
[2026-04-03T06:55:06.442+0600][11.702s][info][gc,heap        ] GC(48) Survivor regions: 1->1(6)
[2026-04-03T06:55:06.442+0600][11.702s][info][gc,heap        ] GC(48) Old regions: 8->8
[2026-04-03T06:55:06.442+0600][11.702s][info][gc,heap        ] GC(48) Humongous regions: 0->0
[2026-04-03T06:55:06.442+0600][11.702s][info][gc,metaspace   ] GC(48) Metaspace: 14203K(14464K)->14203K(14464K) NonClass: 12381K(12544K)->12381K(12544K) Class: 1821K(1920K)->1821K(1920K)
[2026-04-03T06:55:06.442+0600][11.702s][info][gc             ] GC(48) Pause Young (Normal) (G1 Evacuation Pause) 92M->4M(150M) 1.784ms
[2026-04-03T06:55:06.442+0600][11.702s][info][gc,cpu         ] GC(48) User=0.01s Sys=0.00s Real=0.00s
[2026-04-03T06:55:06.572+0600][11.832s][info][gc,start       ] GC(49) Pause Young (Normal) (G1 Evacuation Pause)
[2026-04-03T06:55:06.572+0600][11.832s][info][gc,task        ] GC(49) Using 10 workers of 10 for evacuation
[2026-04-03T06:55:06.573+0600][11.833s][info][gc,phases      ] GC(49)   Pre Evacuate Collection Set: 0.14ms
[2026-04-03T06:55:06.573+0600][11.833s][info][gc,phases      ] GC(49)   Merge Heap Roots: 0.08ms
[2026-04-03T06:55:06.573+0600][11.833s][info][gc,phases      ] GC(49)   Evacuate Collection Set: 0.30ms
[2026-04-03T06:55:06.573+0600][11.833s][info][gc,phases      ] GC(49)   Post Evacuate Collection Set: 0.44ms
[2026-04-03T06:55:06.573+0600][11.833s][info][gc,phases      ] GC(49)   Other: 0.08ms
[2026-04-03T06:55:06.573+0600][11.833s][info][gc,heap        ] GC(49) Eden regions: 44->0(44)
[2026-04-03T06:55:06.573+0600][11.833s][info][gc,heap        ] GC(49) Survivor regions: 1->1(6)
[2026-04-03T06:55:06.573+0600][11.833s][info][gc,heap        ] GC(49) Old regions: 8->8
[2026-04-03T06:55:06.573+0600][11.833s][info][gc,heap        ] GC(49) Humongous regions: 0->0
[2026-04-03T06:55:06.573+0600][11.833s][info][gc,metaspace   ] GC(49) Metaspace: 14203K(14464K)->14203K(14464K) NonClass: 12381K(12544K)->12381K(12544K) Class: 1821K(1920K)->1821K(1920K)
[2026-04-03T06:55:06.573+0600][11.833s][info][gc             ] GC(49) Pause Young (Normal) (G1 Evacuation Pause) 92M->4M(150M) 1.334ms
[2026-04-03T06:55:06.573+0600][11.833s][info][gc,cpu         ] GC(49) User=0.01s Sys=0.00s Real=0.01s
[2026-04-03T06:55:06.692+0600][11.952s][info][gc,start       ] GC(50) Pause Young (Normal) (G1 Evacuation Pause)
[2026-04-03T06:55:06.692+0600][11.952s][info][gc,task        ] GC(50) Using 10 workers of 10 for evacuation
[2026-04-03T06:55:06.693+0600][11.953s][info][gc,phases      ] GC(50)   Pre Evacuate Collection Set: 0.18ms
[2026-04-03T06:55:06.693+0600][11.953s][info][gc,phases      ] GC(50)   Merge Heap Roots: 0.09ms
[2026-04-03T06:55:06.693+0600][11.953s][info][gc,phases      ] GC(50)   Evacuate Collection Set: 0.29ms
[2026-04-03T06:55:06.693+0600][11.953s][info][gc,phases      ] GC(50)   Post Evacuate Collection Set: 0.36ms
[2026-04-03T06:55:06.693+0600][11.953s][info][gc,phases      ] GC(50)   Other: 0.10ms
[2026-04-03T06:55:06.693+0600][11.953s][info][gc,heap        ] GC(50) Eden regions: 44->0(44)
[2026-04-03T06:55:06.693+0600][11.953s][info][gc,heap        ] GC(50) Survivor regions: 1->1(6)
[2026-04-03T06:55:06.693+0600][11.953s][info][gc,heap        ] GC(50) Old regions: 8->8
[2026-04-03T06:55:06.693+0600][11.953s][info][gc,heap        ] GC(50) Humongous regions: 0->0
[2026-04-03T06:55:06.693+0600][11.953s][info][gc,metaspace   ] GC(50) Metaspace: 14203K(14464K)->14203K(14464K) NonClass: 12381K(12544K)->12381K(12544K) Class: 1821K(1920K)->1821K(1920K)
[2026-04-03T06:55:06.693+0600][11.954s][info][gc             ] GC(50) Pause Young (Normal) (G1 Evacuation Pause) 92M->4M(150M) 1.420ms
[2026-04-03T06:55:06.693+0600][11.954s][info][gc,cpu         ] GC(50) User=0.00s Sys=0.00s Real=0.01s
[2026-04-03T06:55:06.819+0600][12.079s][info][gc,start       ] GC(51) Pause Young (Normal) (G1 Evacuation Pause)
[2026-04-03T06:55:06.819+0600][12.080s][info][gc,task        ] GC(51) Using 10 workers of 10 for evacuation
[2026-04-03T06:55:06.820+0600][12.080s][info][gc,phases      ] GC(51)   Pre Evacuate Collection Set: 0.12ms
[2026-04-03T06:55:06.820+0600][12.081s][info][gc,phases      ] GC(51)   Merge Heap Roots: 0.08ms
[2026-04-03T06:55:06.820+0600][12.081s][info][gc,phases      ] GC(51)   Evacuate Collection Set: 0.26ms
[2026-04-03T06:55:06.820+0600][12.081s][info][gc,phases      ] GC(51)   Post Evacuate Collection Set: 0.39ms
[2026-04-03T06:55:06.820+0600][12.081s][info][gc,phases      ] GC(51)   Other: 0.08ms
[2026-04-03T06:55:06.820+0600][12.081s][info][gc,heap        ] GC(51) Eden regions: 44->0(44)
[2026-04-03T06:55:06.820+0600][12.081s][info][gc,heap        ] GC(51) Survivor regions: 1->1(6)
[2026-04-03T06:55:06.820+0600][12.081s][info][gc,heap        ] GC(51) Old regions: 8->8
[2026-04-03T06:55:06.820+0600][12.081s][info][gc,heap        ] GC(51) Humongous regions: 0->0
[2026-04-03T06:55:06.820+0600][12.081s][info][gc,metaspace   ] GC(51) Metaspace: 14203K(14464K)->14203K(14464K) NonClass: 12381K(12544K)->12381K(12544K) Class: 1821K(1920K)->1821K(1920K)
[2026-04-03T06:55:06.820+0600][12.081s][info][gc             ] GC(51) Pause Young (Normal) (G1 Evacuation Pause) 92M->4M(150M) 1.205ms
[2026-04-03T06:55:06.820+0600][12.081s][info][gc,cpu         ] GC(51) User=0.00s Sys=0.00s Real=0.00s
[2026-04-03T06:55:06.947+0600][12.207s][info][gc,start       ] GC(52) Pause Young (Normal) (G1 Evacuation Pause)
[2026-04-03T06:55:06.947+0600][12.207s][info][gc,task        ] GC(52) Using 10 workers of 10 for evacuation
[2026-04-03T06:55:06.949+0600][12.210s][info][gc,phases      ] GC(52)   Pre Evacuate Collection Set: 0.14ms
[2026-04-03T06:55:06.949+0600][12.210s][info][gc,phases      ] GC(52)   Merge Heap Roots: 0.08ms
[2026-04-03T06:55:06.949+0600][12.210s][info][gc,phases      ] GC(52)   Evacuate Collection Set: 1.34ms
[2026-04-03T06:55:06.949+0600][12.210s][info][gc,phases      ] GC(52)   Post Evacuate Collection Set: 0.47ms
[2026-04-03T06:55:06.949+0600][12.210s][info][gc,phases      ] GC(52)   Other: 0.10ms
[2026-04-03T06:55:06.949+0600][12.210s][info][gc,heap        ] GC(52) Eden regions: 44->0(44)
[2026-04-03T06:55:06.949+0600][12.210s][info][gc,heap        ] GC(52) Survivor regions: 1->1(6)
[2026-04-03T06:55:06.950+0600][12.210s][info][gc,heap        ] GC(52) Old regions: 8->8
[2026-04-03T06:55:06.950+0600][12.210s][info][gc,heap        ] GC(52) Humongous regions: 0->0
[2026-04-03T06:55:06.950+0600][12.210s][info][gc,metaspace   ] GC(52) Metaspace: 14203K(14464K)->14203K(14464K) NonClass: 12381K(12544K)->12381K(12544K) Class: 1821K(1920K)->1821K(1920K)
[2026-04-03T06:55:06.950+0600][12.210s][info][gc             ] GC(52) Pause Young (Normal) (G1 Evacuation Pause) 92M->4M(150M) 2.533ms
[2026-04-03T06:55:06.950+0600][12.210s][info][gc,cpu         ] GC(52) User=0.01s Sys=0.00s Real=0.00s
[2026-04-03T06:55:07.078+0600][12.339s][info][gc,start       ] GC(53) Pause Young (Normal) (G1 Evacuation Pause)
[2026-04-03T06:55:07.079+0600][12.339s][info][gc,task        ] GC(53) Using 10 workers of 10 for evacuation
[2026-04-03T06:55:07.080+0600][12.340s][info][gc,phases      ] GC(53)   Pre Evacuate Collection Set: 0.17ms
[2026-04-03T06:55:07.080+0600][12.340s][info][gc,phases      ] GC(53)   Merge Heap Roots: 0.11ms
[2026-04-03T06:55:07.080+0600][12.340s][info][gc,phases      ] GC(53)   Evacuate Collection Set: 0.37ms
[2026-04-03T06:55:07.080+0600][12.340s][info][gc,phases      ] GC(53)   Post Evacuate Collection Set: 0.48ms
[2026-04-03T06:55:07.080+0600][12.340s][info][gc,phases      ] GC(53)   Other: 0.10ms
[2026-04-03T06:55:07.080+0600][12.340s][info][gc,heap        ] GC(53) Eden regions: 44->0(53)
[2026-04-03T06:55:07.080+0600][12.340s][info][gc,heap        ] GC(53) Survivor regions: 1->1(6)
[2026-04-03T06:55:07.080+0600][12.340s][info][gc,heap        ] GC(53) Old regions: 8->8
[2026-04-03T06:55:07.080+0600][12.340s][info][gc,heap        ] GC(53) Humongous regions: 0->0
[2026-04-03T06:55:07.080+0600][12.340s][info][gc,metaspace   ] GC(53) Metaspace: 14203K(14464K)->14203K(14464K) NonClass: 12381K(12544K)->12381K(12544K) Class: 1821K(1920K)->1821K(1920K)
[2026-04-03T06:55:07.080+0600][12.340s][info][gc             ] GC(53) Pause Young (Normal) (G1 Evacuation Pause) 92M->4M(180M) 1.557ms
[2026-04-03T06:55:07.080+0600][12.340s][info][gc,cpu         ] GC(53) User=0.00s Sys=0.01s Real=0.00s
[2026-04-03T06:55:07.238+0600][12.498s][info][gc,start       ] GC(54) Pause Young (Normal) (G1 Evacuation Pause)
[2026-04-03T06:55:07.238+0600][12.498s][info][gc,task        ] GC(54) Using 10 workers of 10 for evacuation
[2026-04-03T06:55:07.239+0600][12.500s][info][gc,phases      ] GC(54)   Pre Evacuate Collection Set: 0.15ms
[2026-04-03T06:55:07.240+0600][12.500s][info][gc,phases      ] GC(54)   Merge Heap Roots: 0.16ms
[2026-04-03T06:55:07.240+0600][12.500s][info][gc,phases      ] GC(54)   Evacuate Collection Set: 0.28ms
[2026-04-03T06:55:07.240+0600][12.500s][info][gc,phases      ] GC(54)   Post Evacuate Collection Set: 0.55ms
[2026-04-03T06:55:07.240+0600][12.500s][info][gc,phases      ] GC(54)   Other: 0.09ms
[2026-04-03T06:55:07.240+0600][12.500s][info][gc,heap        ] GC(54) Eden regions: 53->0(53)
[2026-04-03T06:55:07.240+0600][12.500s][info][gc,heap        ] GC(54) Survivor regions: 1->1(7)
[2026-04-03T06:55:07.240+0600][12.500s][info][gc,heap        ] GC(54) Old regions: 8->8
[2026-04-03T06:55:07.240+0600][12.500s][info][gc,heap        ] GC(54) Humongous regions: 0->0
[2026-04-03T06:55:07.240+0600][12.500s][info][gc,metaspace   ] GC(54) Metaspace: 14203K(14464K)->14203K(14464K) NonClass: 12381K(12544K)->12381K(12544K) Class: 1821K(1920K)->1821K(1920K)
[2026-04-03T06:55:07.240+0600][12.500s][info][gc             ] GC(54) Pause Young (Normal) (G1 Evacuation Pause) 110M->4M(180M) 1.547ms
[2026-04-03T06:55:07.240+0600][12.500s][info][gc,cpu         ] GC(54) User=0.00s Sys=0.01s Real=0.00s
[2026-04-03T06:55:07.387+0600][12.647s][info][gc,start       ] GC(55) Pause Young (Normal) (G1 Evacuation Pause)
[2026-04-03T06:55:07.387+0600][12.647s][info][gc,task        ] GC(55) Using 10 workers of 10 for evacuation
[2026-04-03T06:55:07.388+0600][12.648s][info][gc,phases      ] GC(55)   Pre Evacuate Collection Set: 0.16ms
[2026-04-03T06:55:07.388+0600][12.648s][info][gc,phases      ] GC(55)   Merge Heap Roots: 0.10ms
[2026-04-03T06:55:07.388+0600][12.648s][info][gc,phases      ] GC(55)   Evacuate Collection Set: 0.31ms
[2026-04-03T06:55:07.388+0600][12.648s][info][gc,phases      ] GC(55)   Post Evacuate Collection Set: 0.38ms
[2026-04-03T06:55:07.388+0600][12.648s][info][gc,phases      ] GC(55)   Other: 0.09ms
[2026-04-03T06:55:07.388+0600][12.648s][info][gc,heap        ] GC(55) Eden regions: 53->0(53)
[2026-04-03T06:55:07.388+0600][12.648s][info][gc,heap        ] GC(55) Survivor regions: 1->1(7)
[2026-04-03T06:55:07.388+0600][12.648s][info][gc,heap        ] GC(55) Old regions: 8->8
[2026-04-03T06:55:07.388+0600][12.648s][info][gc,heap        ] GC(55) Humongous regions: 0->0
[2026-04-03T06:55:07.388+0600][12.648s][info][gc,metaspace   ] GC(55) Metaspace: 14203K(14464K)->14203K(14464K) NonClass: 12381K(12544K)->12381K(12544K) Class: 1821K(1920K)->1821K(1920K)
[2026-04-03T06:55:07.388+0600][12.648s][info][gc             ] GC(55) Pause Young (Normal) (G1 Evacuation Pause) 110M->4M(180M) 1.374ms
[2026-04-03T06:55:07.388+0600][12.648s][info][gc,cpu         ] GC(55) User=0.01s Sys=0.00s Real=0.00s
[2026-04-03T06:55:07.539+0600][12.799s][info][gc,start       ] GC(56) Pause Young (Normal) (G1 Evacuation Pause)
[2026-04-03T06:55:07.539+0600][12.799s][info][gc,task        ] GC(56) Using 10 workers of 10 for evacuation
[2026-04-03T06:55:07.540+0600][12.800s][info][gc,phases      ] GC(56)   Pre Evacuate Collection Set: 0.21ms
[2026-04-03T06:55:07.540+0600][12.800s][info][gc,phases      ] GC(56)   Merge Heap Roots: 0.09ms
[2026-04-03T06:55:07.540+0600][12.801s][info][gc,phases      ] GC(56)   Evacuate Collection Set: 0.30ms
[2026-04-03T06:55:07.540+0600][12.801s][info][gc,phases      ] GC(56)   Post Evacuate Collection Set: 0.42ms
[2026-04-03T06:55:07.540+0600][12.801s][info][gc,phases      ] GC(56)   Other: 0.09ms
[2026-04-03T06:55:07.540+0600][12.801s][info][gc,heap        ] GC(56) Eden regions: 53->0(53)
[2026-04-03T06:55:07.540+0600][12.801s][info][gc,heap        ] GC(56) Survivor regions: 1->1(7)
[2026-04-03T06:55:07.540+0600][12.801s][info][gc,heap        ] GC(56) Old regions: 8->8
[2026-04-03T06:55:07.540+0600][12.801s][info][gc,heap        ] GC(56) Humongous regions: 0->0
[2026-04-03T06:55:07.540+0600][12.801s][info][gc,metaspace   ] GC(56) Metaspace: 14203K(14464K)->14203K(14464K) NonClass: 12381K(12544K)->12381K(12544K) Class: 1821K(1920K)->1821K(1920K)
[2026-04-03T06:55:07.540+0600][12.801s][info][gc             ] GC(56) Pause Young (Normal) (G1 Evacuation Pause) 110M->4M(180M) 1.448ms
[2026-04-03T06:55:07.540+0600][12.801s][info][gc,cpu         ] GC(56) User=0.00s Sys=0.00s Real=0.00s
[2026-04-03T06:55:07.683+0600][12.943s][info][gc,start       ] GC(57) Pause Young (Normal) (G1 Evacuation Pause)
[2026-04-03T06:55:07.683+0600][12.943s][info][gc,task        ] GC(57) Using 10 workers of 10 for evacuation
[2026-04-03T06:55:07.684+0600][12.944s][info][gc,phases      ] GC(57)   Pre Evacuate Collection Set: 0.15ms
[2026-04-03T06:55:07.684+0600][12.944s][info][gc,phases      ] GC(57)   Merge Heap Roots: 0.09ms
[2026-04-03T06:55:07.684+0600][12.944s][info][gc,phases      ] GC(57)   Evacuate Collection Set: 0.30ms
[2026-04-03T06:55:07.684+0600][12.944s][info][gc,phases      ] GC(57)   Post Evacuate Collection Set: 0.43ms
[2026-04-03T06:55:07.684+0600][12.944s][info][gc,phases      ] GC(57)   Other: 0.10ms
[2026-04-03T06:55:07.684+0600][12.944s][info][gc,heap        ] GC(57) Eden regions: 53->0(53)
[2026-04-03T06:55:07.684+0600][12.944s][info][gc,heap        ] GC(57) Survivor regions: 1->1(7)
[2026-04-03T06:55:07.684+0600][12.944s][info][gc,heap        ] GC(57) Old regions: 8->9
[2026-04-03T06:55:07.684+0600][12.944s][info][gc,heap        ] GC(57) Humongous regions: 0->0
[2026-04-03T06:55:07.684+0600][12.944s][info][gc,metaspace   ] GC(57) Metaspace: 14203K(14464K)->14203K(14464K) NonClass: 12381K(12544K)->12381K(12544K) Class: 1821K(1920K)->1821K(1920K)
[2026-04-03T06:55:07.684+0600][12.944s][info][gc             ] GC(57) Pause Young (Normal) (G1 Evacuation Pause) 110M->4M(180M) 1.468ms
[2026-04-03T06:55:07.684+0600][12.944s][info][gc,cpu         ] GC(57) User=0.00s Sys=0.00s Real=0.01s
[2026-04-03T06:55:07.835+0600][13.095s][info][gc,start       ] GC(58) Pause Young (Normal) (G1 Evacuation Pause)
[2026-04-03T06:55:07.835+0600][13.096s][info][gc,task        ] GC(58) Using 10 workers of 10 for evacuation
[2026-04-03T06:55:07.837+0600][13.097s][info][gc,phases      ] GC(58)   Pre Evacuate Collection Set: 0.19ms
[2026-04-03T06:55:07.837+0600][13.097s][info][gc,phases      ] GC(58)   Merge Heap Roots: 0.13ms
[2026-04-03T06:55:07.837+0600][13.097s][info][gc,phases      ] GC(58)   Evacuate Collection Set: 0.23ms
[2026-04-03T06:55:07.837+0600][13.097s][info][gc,phases      ] GC(58)   Post Evacuate Collection Set: 0.61ms
[2026-04-03T06:55:07.837+0600][13.097s][info][gc,phases      ] GC(58)   Other: 0.11ms
[2026-04-03T06:55:07.837+0600][13.097s][info][gc,heap        ] GC(58) Eden regions: 53->0(53)
[2026-04-03T06:55:07.837+0600][13.097s][info][gc,heap        ] GC(58) Survivor regions: 1->1(7)
[2026-04-03T06:55:07.837+0600][13.097s][info][gc,heap        ] GC(58) Old regions: 9->9
[2026-04-03T06:55:07.837+0600][13.097s][info][gc,heap        ] GC(58) Humongous regions: 0->0
[2026-04-03T06:55:07.837+0600][13.097s][info][gc,metaspace   ] GC(58) Metaspace: 14203K(14464K)->14203K(14464K) NonClass: 12381K(12544K)->12381K(12544K) Class: 1821K(1920K)->1821K(1920K)
[2026-04-03T06:55:07.837+0600][13.097s][info][gc             ] GC(58) Pause Young (Normal) (G1 Evacuation Pause) 110M->4M(180M) 1.742ms
[2026-04-03T06:55:07.837+0600][13.097s][info][gc,cpu         ] GC(58) User=0.00s Sys=0.00s Real=0.00s
[2026-04-03T06:55:07.991+0600][13.251s][info][gc,start       ] GC(59) Pause Young (Normal) (G1 Evacuation Pause)
[2026-04-03T06:55:07.991+0600][13.251s][info][gc,task        ] GC(59) Using 10 workers of 10 for evacuation
[2026-04-03T06:55:07.992+0600][13.252s][info][gc,phases      ] GC(59)   Pre Evacuate Collection Set: 0.18ms
[2026-04-03T06:55:07.992+0600][13.252s][info][gc,phases      ] GC(59)   Merge Heap Roots: 0.10ms
[2026-04-03T06:55:07.992+0600][13.252s][info][gc,phases      ] GC(59)   Evacuate Collection Set: 0.22ms
[2026-04-03T06:55:07.992+0600][13.252s][info][gc,phases      ] GC(59)   Post Evacuate Collection Set: 0.41ms
[2026-04-03T06:55:07.992+0600][13.252s][info][gc,phases      ] GC(59)   Other: 0.11ms
[2026-04-03T06:55:07.992+0600][13.252s][info][gc,heap        ] GC(59) Eden regions: 53->0(53)
[2026-04-03T06:55:07.992+0600][13.252s][info][gc,heap        ] GC(59) Survivor regions: 1->1(7)
[2026-04-03T06:55:07.992+0600][13.252s][info][gc,heap        ] GC(59) Old regions: 9->9
[2026-04-03T06:55:07.992+0600][13.253s][info][gc,heap        ] GC(59) Humongous regions: 0->0
[2026-04-03T06:55:07.992+0600][13.253s][info][gc,metaspace   ] GC(59) Metaspace: 14203K(14464K)->14203K(14464K) NonClass: 12381K(12544K)->12381K(12544K) Class: 1821K(1920K)->1821K(1920K)
[2026-04-03T06:55:07.992+0600][13.253s][info][gc             ] GC(59) Pause Young (Normal) (G1 Evacuation Pause) 110M->4M(180M) 1.329ms
[2026-04-03T06:55:07.992+0600][13.253s][info][gc,cpu         ] GC(59) User=0.01s Sys=0.00s Real=0.00s
[2026-04-03T06:55:08.147+0600][13.407s][info][gc,start       ] GC(60) Pause Young (Normal) (G1 Evacuation Pause)
[2026-04-03T06:55:08.147+0600][13.407s][info][gc,task        ] GC(60) Using 10 workers of 10 for evacuation
[2026-04-03T06:55:08.148+0600][13.408s][info][gc,phases      ] GC(60)   Pre Evacuate Collection Set: 0.19ms
[2026-04-03T06:55:08.148+0600][13.408s][info][gc,phases      ] GC(60)   Merge Heap Roots: 0.12ms
[2026-04-03T06:55:08.148+0600][13.408s][info][gc,phases      ] GC(60)   Evacuate Collection Set: 0.29ms
[2026-04-03T06:55:08.148+0600][13.408s][info][gc,phases      ] GC(60)   Post Evacuate Collection Set: 0.52ms
[2026-04-03T06:55:08.148+0600][13.408s][info][gc,phases      ] GC(60)   Other: 0.10ms
[2026-04-03T06:55:08.148+0600][13.408s][info][gc,heap        ] GC(60) Eden regions: 53->0(53)
[2026-04-03T06:55:08.148+0600][13.408s][info][gc,heap        ] GC(60) Survivor regions: 1->1(7)
[2026-04-03T06:55:08.148+0600][13.408s][info][gc,heap        ] GC(60) Old regions: 9->9
[2026-04-03T06:55:08.148+0600][13.408s][info][gc,heap        ] GC(60) Humongous regions: 0->0
[2026-04-03T06:55:08.148+0600][13.408s][info][gc,metaspace   ] GC(60) Metaspace: 14205K(14464K)->14205K(14464K) NonClass: 12383K(12544K)->12383K(12544K) Class: 1821K(1920K)->1821K(1920K)
[2026-04-03T06:55:08.148+0600][13.408s][info][gc             ] GC(60) Pause Young (Normal) (G1 Evacuation Pause) 110M->4M(180M) 1.620ms
[2026-04-03T06:55:08.148+0600][13.409s][info][gc,cpu         ] GC(60) User=0.00s Sys=0.00s Real=0.00s
[2026-04-03T06:55:08.310+0600][13.571s][info][gc,start       ] GC(61) Pause Young (Normal) (G1 Evacuation Pause)
[2026-04-03T06:55:08.311+0600][13.571s][info][gc,task        ] GC(61) Using 10 workers of 10 for evacuation
[2026-04-03T06:55:08.312+0600][13.572s][info][gc,phases      ] GC(61)   Pre Evacuate Collection Set: 0.17ms
[2026-04-03T06:55:08.312+0600][13.572s][info][gc,phases      ] GC(61)   Merge Heap Roots: 0.10ms
[2026-04-03T06:55:08.312+0600][13.572s][info][gc,phases      ] GC(61)   Evacuate Collection Set: 0.22ms
[2026-04-03T06:55:08.312+0600][13.572s][info][gc,phases      ] GC(61)   Post Evacuate Collection Set: 0.47ms
[2026-04-03T06:55:08.312+0600][13.572s][info][gc,phases      ] GC(61)   Other: 0.09ms
[2026-04-03T06:55:08.312+0600][13.572s][info][gc,heap        ] GC(61) Eden regions: 53->0(53)
[2026-04-03T06:55:08.312+0600][13.572s][info][gc,heap        ] GC(61) Survivor regions: 1->1(7)
[2026-04-03T06:55:08.312+0600][13.572s][info][gc,heap        ] GC(61) Old regions: 9->9
[2026-04-03T06:55:08.312+0600][13.572s][info][gc,heap        ] GC(61) Humongous regions: 0->0
[2026-04-03T06:55:08.312+0600][13.572s][info][gc,metaspace   ] GC(61) Metaspace: 14205K(14464K)->14205K(14464K) NonClass: 12384K(12544K)->12384K(12544K) Class: 1821K(1920K)->1821K(1920K)
[2026-04-03T06:55:08.312+0600][13.572s][info][gc             ] GC(61) Pause Young (Normal) (G1 Evacuation Pause) 110M->4M(180M) 1.377ms
[2026-04-03T06:55:08.312+0600][13.572s][info][gc,cpu         ] GC(61) User=0.00s Sys=0.00s Real=0.00s
[2026-04-03T06:55:08.463+0600][13.724s][info][gc,start       ] GC(62) Pause Young (Normal) (G1 Evacuation Pause)
[2026-04-03T06:55:08.464+0600][13.724s][info][gc,task        ] GC(62) Using 10 workers of 10 for evacuation
[2026-04-03T06:55:08.464+0600][13.725s][info][gc,phases      ] GC(62)   Pre Evacuate Collection Set: 0.17ms
[2026-04-03T06:55:08.465+0600][13.725s][info][gc,phases      ] GC(62)   Merge Heap Roots: 0.08ms
[2026-04-03T06:55:08.465+0600][13.725s][info][gc,phases      ] GC(62)   Evacuate Collection Set: 0.19ms
[2026-04-03T06:55:08.465+0600][13.725s][info][gc,phases      ] GC(62)   Post Evacuate Collection Set: 0.38ms
[2026-04-03T06:55:08.465+0600][13.725s][info][gc,phases      ] GC(62)   Other: 0.09ms
[2026-04-03T06:55:08.465+0600][13.725s][info][gc,heap        ] GC(62) Eden regions: 53->0(53)
[2026-04-03T06:55:08.465+0600][13.725s][info][gc,heap        ] GC(62) Survivor regions: 1->1(7)
[2026-04-03T06:55:08.465+0600][13.725s][info][gc,heap        ] GC(62) Old regions: 9->9
[2026-04-03T06:55:08.465+0600][13.725s][info][gc,heap        ] GC(62) Humongous regions: 0->0
[2026-04-03T06:55:08.465+0600][13.725s][info][gc,metaspace   ] GC(62) Metaspace: 14205K(14464K)->14205K(14464K) NonClass: 12384K(12544K)->12384K(12544K) Class: 1821K(1920K)->1821K(1920K)
[2026-04-03T06:55:08.465+0600][13.725s][info][gc             ] GC(62) Pause Young (Normal) (G1 Evacuation Pause) 110M->4M(180M) 1.203ms
[2026-04-03T06:55:08.465+0600][13.725s][info][gc,cpu         ] GC(62) User=0.01s Sys=0.00s Real=0.00s
[2026-04-03T06:55:08.617+0600][13.877s][info][gc,start       ] GC(63) Pause Young (Normal) (G1 Evacuation Pause)
[2026-04-03T06:55:08.617+0600][13.877s][info][gc,task        ] GC(63) Using 10 workers of 10 for evacuation
[2026-04-03T06:55:08.618+0600][13.879s][info][gc,phases      ] GC(63)   Pre Evacuate Collection Set: 0.16ms
[2026-04-03T06:55:08.618+0600][13.879s][info][gc,phases      ] GC(63)   Merge Heap Roots: 0.11ms
[2026-04-03T06:55:08.618+0600][13.879s][info][gc,phases      ] GC(63)   Evacuate Collection Set: 0.22ms
[2026-04-03T06:55:08.618+0600][13.879s][info][gc,phases      ] GC(63)   Post Evacuate Collection Set: 0.42ms
[2026-04-03T06:55:08.618+0600][13.879s][info][gc,phases      ] GC(63)   Other: 0.15ms
[2026-04-03T06:55:08.618+0600][13.879s][info][gc,heap        ] GC(63) Eden regions: 53->0(53)
[2026-04-03T06:55:08.618+0600][13.879s][info][gc,heap        ] GC(63) Survivor regions: 1->1(7)
[2026-04-03T06:55:08.618+0600][13.879s][info][gc,heap        ] GC(63) Old regions: 9->9
[2026-04-03T06:55:08.618+0600][13.879s][info][gc,heap        ] GC(63) Humongous regions: 0->0
[2026-04-03T06:55:08.619+0600][13.879s][info][gc,metaspace   ] GC(63) Metaspace: 14205K(14464K)->14205K(14464K) NonClass: 12384K(12544K)->12384K(12544K) Class: 1821K(1920K)->1821K(1920K)
[2026-04-03T06:55:08.619+0600][13.879s][info][gc             ] GC(63) Pause Young (Normal) (G1 Evacuation Pause) 110M->4M(180M) 1.479ms
[2026-04-03T06:55:08.619+0600][13.879s][info][gc,cpu         ] GC(63) User=0.00s Sys=0.00s Real=0.00s
[2026-04-03T06:55:08.778+0600][14.038s][info][gc,start       ] GC(64) Pause Young (Normal) (G1 Evacuation Pause)
[2026-04-03T06:55:08.778+0600][14.038s][info][gc,task        ] GC(64) Using 10 workers of 10 for evacuation
[2026-04-03T06:55:08.779+0600][14.039s][info][gc,phases      ] GC(64)   Pre Evacuate Collection Set: 0.15ms
[2026-04-03T06:55:08.779+0600][14.039s][info][gc,phases      ] GC(64)   Merge Heap Roots: 0.09ms
[2026-04-03T06:55:08.779+0600][14.039s][info][gc,phases      ] GC(64)   Evacuate Collection Set: 0.25ms
[2026-04-03T06:55:08.779+0600][14.039s][info][gc,phases      ] GC(64)   Post Evacuate Collection Set: 0.40ms
[2026-04-03T06:55:08.779+0600][14.039s][info][gc,phases      ] GC(64)   Other: 0.09ms
[2026-04-03T06:55:08.779+0600][14.039s][info][gc,heap        ] GC(64) Eden regions: 53->0(53)
[2026-04-03T06:55:08.779+0600][14.039s][info][gc,heap        ] GC(64) Survivor regions: 1->1(7)
[2026-04-03T06:55:08.779+0600][14.039s][info][gc,heap        ] GC(64) Old regions: 9->9
[2026-04-03T06:55:08.779+0600][14.039s][info][gc,heap        ] GC(64) Humongous regions: 0->0
[2026-04-03T06:55:08.779+0600][14.039s][info][gc,metaspace   ] GC(64) Metaspace: 14205K(14464K)->14205K(14464K) NonClass: 12384K(12544K)->12384K(12544K) Class: 1821K(1920K)->1821K(1920K)
[2026-04-03T06:55:08.779+0600][14.039s][info][gc             ] GC(64) Pause Young (Normal) (G1 Evacuation Pause) 110M->4M(180M) 1.299ms
[2026-04-03T06:55:08.779+0600][14.039s][info][gc,cpu         ] GC(64) User=0.00s Sys=0.00s Real=0.00s
[2026-04-03T06:55:08.940+0600][14.200s][info][gc,start       ] GC(65) Pause Young (Normal) (G1 Evacuation Pause)
[2026-04-03T06:55:08.940+0600][14.201s][info][gc,task        ] GC(65) Using 10 workers of 10 for evacuation
[2026-04-03T06:55:08.941+0600][14.202s][info][gc,phases      ] GC(65)   Pre Evacuate Collection Set: 0.21ms
[2026-04-03T06:55:08.941+0600][14.202s][info][gc,phases      ] GC(65)   Merge Heap Roots: 0.09ms
[2026-04-03T06:55:08.941+0600][14.202s][info][gc,phases      ] GC(65)   Evacuate Collection Set: 0.20ms
[2026-04-03T06:55:08.941+0600][14.202s][info][gc,phases      ] GC(65)   Post Evacuate Collection Set: 0.42ms
[2026-04-03T06:55:08.941+0600][14.202s][info][gc,phases      ] GC(65)   Other: 0.10ms
[2026-04-03T06:55:08.942+0600][14.202s][info][gc,heap        ] GC(65) Eden regions: 53->0(53)
[2026-04-03T06:55:08.942+0600][14.202s][info][gc,heap        ] GC(65) Survivor regions: 1->1(7)
[2026-04-03T06:55:08.942+0600][14.202s][info][gc,heap        ] GC(65) Old regions: 9->9
[2026-04-03T06:55:08.942+0600][14.202s][info][gc,heap        ] GC(65) Humongous regions: 0->0
[2026-04-03T06:55:08.942+0600][14.202s][info][gc,metaspace   ] GC(65) Metaspace: 14205K(14464K)->14205K(14464K) NonClass: 12384K(12544K)->12384K(12544K) Class: 1821K(1920K)->1821K(1920K)
[2026-04-03T06:55:08.942+0600][14.202s][info][gc             ] GC(65) Pause Young (Normal) (G1 Evacuation Pause) 110M->4M(180M) 1.388ms
[2026-04-03T06:55:08.942+0600][14.202s][info][gc,cpu         ] GC(65) User=0.01s Sys=0.00s Real=0.00s
[2026-04-03T06:55:09.087+0600][14.347s][info][gc,start       ] GC(66) Pause Young (Normal) (G1 Evacuation Pause)
[2026-04-03T06:55:09.087+0600][14.347s][info][gc,task        ] GC(66) Using 10 workers of 10 for evacuation
[2026-04-03T06:55:09.088+0600][14.348s][info][gc,phases      ] GC(66)   Pre Evacuate Collection Set: 0.13ms
[2026-04-03T06:55:09.088+0600][14.348s][info][gc,phases      ] GC(66)   Merge Heap Roots: 0.09ms
[2026-04-03T06:55:09.088+0600][14.348s][info][gc,phases      ] GC(66)   Evacuate Collection Set: 0.20ms
[2026-04-03T06:55:09.088+0600][14.348s][info][gc,phases      ] GC(66)   Post Evacuate Collection Set: 0.38ms
[2026-04-03T06:55:09.088+0600][14.348s][info][gc,phases      ] GC(66)   Other: 0.08ms
[2026-04-03T06:55:09.088+0600][14.348s][info][gc,heap        ] GC(66) Eden regions: 53->0(53)
[2026-04-03T06:55:09.088+0600][14.348s][info][gc,heap        ] GC(66) Survivor regions: 1->1(7)
[2026-04-03T06:55:09.088+0600][14.348s][info][gc,heap        ] GC(66) Old regions: 9->9
[2026-04-03T06:55:09.088+0600][14.348s][info][gc,heap        ] GC(66) Humongous regions: 0->0
[2026-04-03T06:55:09.088+0600][14.348s][info][gc,metaspace   ] GC(66) Metaspace: 14205K(14464K)->14205K(14464K) NonClass: 12384K(12544K)->12384K(12544K) Class: 1821K(1920K)->1821K(1920K)
[2026-04-03T06:55:09.088+0600][14.348s][info][gc             ] GC(66) Pause Young (Normal) (G1 Evacuation Pause) 110M->4M(180M) 1.188ms
[2026-04-03T06:55:09.088+0600][14.348s][info][gc,cpu         ] GC(66) User=0.01s Sys=0.00s Real=0.00s
[2026-04-03T06:55:09.235+0600][14.495s][info][gc,start       ] GC(67) Pause Young (Normal) (G1 Evacuation Pause)
[2026-04-03T06:55:09.235+0600][14.495s][info][gc,task        ] GC(67) Using 10 workers of 10 for evacuation
[2026-04-03T06:55:09.236+0600][14.496s][info][gc,phases      ] GC(67)   Pre Evacuate Collection Set: 0.13ms
[2026-04-03T06:55:09.236+0600][14.496s][info][gc,phases      ] GC(67)   Merge Heap Roots: 0.08ms
[2026-04-03T06:55:09.236+0600][14.496s][info][gc,phases      ] GC(67)   Evacuate Collection Set: 0.21ms
[2026-04-03T06:55:09.236+0600][14.496s][info][gc,phases      ] GC(67)   Post Evacuate Collection Set: 0.34ms
[2026-04-03T06:55:09.236+0600][14.496s][info][gc,phases      ] GC(67)   Other: 0.08ms
[2026-04-03T06:55:09.236+0600][14.496s][info][gc,heap        ] GC(67) Eden regions: 53->0(53)
[2026-04-03T06:55:09.236+0600][14.496s][info][gc,heap        ] GC(67) Survivor regions: 1->1(7)
[2026-04-03T06:55:09.236+0600][14.496s][info][gc,heap        ] GC(67) Old regions: 9->9
[2026-04-03T06:55:09.236+0600][14.496s][info][gc,heap        ] GC(67) Humongous regions: 0->0
[2026-04-03T06:55:09.236+0600][14.496s][info][gc,metaspace   ] GC(67) Metaspace: 14206K(14464K)->14206K(14464K) NonClass: 12384K(12544K)->12384K(12544K) Class: 1821K(1920K)->1821K(1920K)
[2026-04-03T06:55:09.236+0600][14.496s][info][gc             ] GC(67) Pause Young (Normal) (G1 Evacuation Pause) 110M->4M(180M) 1.123ms
[2026-04-03T06:55:09.236+0600][14.496s][info][gc,cpu         ] GC(67) User=0.00s Sys=0.00s Real=0.00s
[2026-04-03T06:55:09.377+0600][14.638s][info][gc,start       ] GC(68) Pause Young (Normal) (G1 Evacuation Pause)
[2026-04-03T06:55:09.378+0600][14.638s][info][gc,task        ] GC(68) Using 10 workers of 10 for evacuation
[2026-04-03T06:55:09.378+0600][14.639s][info][gc,phases      ] GC(68)   Pre Evacuate Collection Set: 0.16ms
[2026-04-03T06:55:09.379+0600][14.639s][info][gc,phases      ] GC(68)   Merge Heap Roots: 0.09ms
[2026-04-03T06:55:09.379+0600][14.639s][info][gc,phases      ] GC(68)   Evacuate Collection Set: 0.20ms
[2026-04-03T06:55:09.379+0600][14.639s][info][gc,phases      ] GC(68)   Post Evacuate Collection Set: 0.39ms
[2026-04-03T06:55:09.379+0600][14.639s][info][gc,phases      ] GC(68)   Other: 0.08ms
[2026-04-03T06:55:09.379+0600][14.639s][info][gc,heap        ] GC(68) Eden regions: 53->0(53)
[2026-04-03T06:55:09.379+0600][14.639s][info][gc,heap        ] GC(68) Survivor regions: 1->1(7)
[2026-04-03T06:55:09.379+0600][14.639s][info][gc,heap        ] GC(68) Old regions: 9->9
[2026-04-03T06:55:09.379+0600][14.639s][info][gc,heap        ] GC(68) Humongous regions: 0->0
[2026-04-03T06:55:09.379+0600][14.639s][info][gc,metaspace   ] GC(68) Metaspace: 14206K(14464K)->14206K(14464K) NonClass: 12384K(12544K)->12384K(12544K) Class: 1821K(1920K)->1821K(1920K)
[2026-04-03T06:55:09.379+0600][14.639s][info][gc             ] GC(68) Pause Young (Normal) (G1 Evacuation Pause) 110M->4M(180M) 1.253ms
[2026-04-03T06:55:09.379+0600][14.639s][info][gc,cpu         ] GC(68) User=0.00s Sys=0.00s Real=0.00s
[2026-04-03T06:55:09.529+0600][14.789s][info][gc,start       ] GC(69) Pause Young (Normal) (G1 Evacuation Pause)
[2026-04-03T06:55:09.529+0600][14.790s][info][gc,task        ] GC(69) Using 10 workers of 10 for evacuation
[2026-04-03T06:55:09.530+0600][14.790s][info][gc,phases      ] GC(69)   Pre Evacuate Collection Set: 0.15ms
[2026-04-03T06:55:09.530+0600][14.791s][info][gc,phases      ] GC(69)   Merge Heap Roots: 0.09ms
[2026-04-03T06:55:09.530+0600][14.791s][info][gc,phases      ] GC(69)   Evacuate Collection Set: 0.21ms
[2026-04-03T06:55:09.530+0600][14.791s][info][gc,phases      ] GC(69)   Post Evacuate Collection Set: 0.38ms
[2026-04-03T06:55:09.530+0600][14.791s][info][gc,phases      ] GC(69)   Other: 0.12ms
[2026-04-03T06:55:09.530+0600][14.791s][info][gc,heap        ] GC(69) Eden regions: 53->0(53)
[2026-04-03T06:55:09.530+0600][14.791s][info][gc,heap        ] GC(69) Survivor regions: 1->1(7)
[2026-04-03T06:55:09.530+0600][14.791s][info][gc,heap        ] GC(69) Old regions: 9->9
[2026-04-03T06:55:09.530+0600][14.791s][info][gc,heap        ] GC(69) Humongous regions: 0->0
[2026-04-03T06:55:09.530+0600][14.791s][info][gc,metaspace   ] GC(69) Metaspace: 14206K(14464K)->14206K(14464K) NonClass: 12384K(12544K)->12384K(12544K) Class: 1821K(1920K)->1821K(1920K)
[2026-04-03T06:55:09.530+0600][14.791s][info][gc             ] GC(69) Pause Young (Normal) (G1 Evacuation Pause) 110M->4M(180M) 1.328ms
[2026-04-03T06:55:09.530+0600][14.791s][info][gc,cpu         ] GC(69) User=0.01s Sys=0.00s Real=0.00s
[2026-04-03T06:55:09.685+0600][14.946s][info][gc,start       ] GC(70) Pause Young (Normal) (G1 Evacuation Pause)
[2026-04-03T06:55:09.685+0600][14.946s][info][gc,task        ] GC(70) Using 10 workers of 10 for evacuation
[2026-04-03T06:55:09.686+0600][14.947s][info][gc,phases      ] GC(70)   Pre Evacuate Collection Set: 0.16ms
[2026-04-03T06:55:09.686+0600][14.947s][info][gc,phases      ] GC(70)   Merge Heap Roots: 0.09ms
[2026-04-03T06:55:09.686+0600][14.947s][info][gc,phases      ] GC(70)   Evacuate Collection Set: 0.23ms
[2026-04-03T06:55:09.687+0600][14.947s][info][gc,phases      ] GC(70)   Post Evacuate Collection Set: 0.42ms
[2026-04-03T06:55:09.687+0600][14.947s][info][gc,phases      ] GC(70)   Other: 0.10ms
[2026-04-03T06:55:09.687+0600][14.947s][info][gc,heap        ] GC(70) Eden regions: 53->0(53)
[2026-04-03T06:55:09.687+0600][14.947s][info][gc,heap        ] GC(70) Survivor regions: 1->1(7)
[2026-04-03T06:55:09.687+0600][14.947s][info][gc,heap        ] GC(70) Old regions: 9->9
[2026-04-03T06:55:09.687+0600][14.947s][info][gc,heap        ] GC(70) Humongous regions: 0->0
[2026-04-03T06:55:09.687+0600][14.947s][info][gc,metaspace   ] GC(70) Metaspace: 14206K(14464K)->14206K(14464K) NonClass: 12384K(12544K)->12384K(12544K) Class: 1821K(1920K)->1821K(1920K)
[2026-04-03T06:55:09.687+0600][14.947s][info][gc             ] GC(70) Pause Young (Normal) (G1 Evacuation Pause) 110M->4M(180M) 1.348ms
[2026-04-03T06:55:09.687+0600][14.947s][info][gc,cpu         ] GC(70) User=0.01s Sys=0.00s Real=0.00s
[2026-04-03T06:55:09.841+0600][15.101s][info][gc,start       ] GC(71) Pause Young (Normal) (G1 Evacuation Pause)
[2026-04-03T06:55:09.841+0600][15.102s][info][gc,task        ] GC(71) Using 10 workers of 10 for evacuation
[2026-04-03T06:55:09.842+0600][15.103s][info][gc,phases      ] GC(71)   Pre Evacuate Collection Set: 0.17ms
[2026-04-03T06:55:09.842+0600][15.103s][info][gc,phases      ] GC(71)   Merge Heap Roots: 0.11ms
[2026-04-03T06:55:09.842+0600][15.103s][info][gc,phases      ] GC(71)   Evacuate Collection Set: 0.26ms
[2026-04-03T06:55:09.842+0600][15.103s][info][gc,phases      ] GC(71)   Post Evacuate Collection Set: 0.46ms
[2026-04-03T06:55:09.843+0600][15.103s][info][gc,phases      ] GC(71)   Other: 0.10ms
[2026-04-03T06:55:09.843+0600][15.103s][info][gc,heap        ] GC(71) Eden regions: 53->0(53)
[2026-04-03T06:55:09.843+0600][15.103s][info][gc,heap        ] GC(71) Survivor regions: 1->1(7)
[2026-04-03T06:55:09.843+0600][15.103s][info][gc,heap        ] GC(71) Old regions: 9->9
[2026-04-03T06:55:09.843+0600][15.103s][info][gc,heap        ] GC(71) Humongous regions: 0->0
[2026-04-03T06:55:09.843+0600][15.103s][info][gc,metaspace   ] GC(71) Metaspace: 14206K(14464K)->14206K(14464K) NonClass: 12384K(12544K)->12384K(12544K) Class: 1821K(1920K)->1821K(1920K)
[2026-04-03T06:55:09.843+0600][15.103s][info][gc             ] GC(71) Pause Young (Normal) (G1 Evacuation Pause) 110M->4M(180M) 1.485ms
[2026-04-03T06:55:09.843+0600][15.103s][info][gc,cpu         ] GC(71) User=0.00s Sys=0.01s Real=0.00s
[2026-04-03T06:55:09.993+0600][15.253s][info][gc,start       ] GC(72) Pause Young (Normal) (G1 Evacuation Pause)
[2026-04-03T06:55:09.993+0600][15.253s][info][gc,task        ] GC(72) Using 10 workers of 10 for evacuation
[2026-04-03T06:55:09.994+0600][15.254s][info][gc,phases      ] GC(72)   Pre Evacuate Collection Set: 0.16ms
[2026-04-03T06:55:09.994+0600][15.254s][info][gc,phases      ] GC(72)   Merge Heap Roots: 0.10ms
[2026-04-03T06:55:09.994+0600][15.254s][info][gc,phases      ] GC(72)   Evacuate Collection Set: 0.22ms
[2026-04-03T06:55:09.994+0600][15.254s][info][gc,phases      ] GC(72)   Post Evacuate Collection Set: 0.45ms
[2026-04-03T06:55:09.994+0600][15.254s][info][gc,phases      ] GC(72)   Other: 0.11ms
[2026-04-03T06:55:09.994+0600][15.254s][info][gc,heap        ] GC(72) Eden regions: 53->0(53)
[2026-04-03T06:55:09.994+0600][15.254s][info][gc,heap        ] GC(72) Survivor regions: 1->1(7)
[2026-04-03T06:55:09.994+0600][15.254s][info][gc,heap        ] GC(72) Old regions: 9->9
[2026-04-03T06:55:09.994+0600][15.254s][info][gc,heap        ] GC(72) Humongous regions: 0->0
[2026-04-03T06:55:09.994+0600][15.254s][info][gc,metaspace   ] GC(72) Metaspace: 14206K(14464K)->14206K(14464K) NonClass: 12384K(12544K)->12384K(12544K) Class: 1821K(1920K)->1821K(1920K)
[2026-04-03T06:55:09.994+0600][15.255s][info][gc             ] GC(72) Pause Young (Normal) (G1 Evacuation Pause) 110M->4M(180M) 1.389ms
[2026-04-03T06:55:09.994+0600][15.255s][info][gc,cpu         ] GC(72) User=0.01s Sys=0.00s Real=0.01s
[2026-04-03T06:55:10.143+0600][15.403s][info][gc,start       ] GC(73) Pause Young (Normal) (G1 Evacuation Pause)
[2026-04-03T06:55:10.143+0600][15.403s][info][gc,task        ] GC(73) Using 10 workers of 10 for evacuation
[2026-04-03T06:55:10.144+0600][15.404s][info][gc,phases      ] GC(73)   Pre Evacuate Collection Set: 0.17ms
[2026-04-03T06:55:10.144+0600][15.404s][info][gc,phases      ] GC(73)   Merge Heap Roots: 0.10ms
[2026-04-03T06:55:10.144+0600][15.404s][info][gc,phases      ] GC(73)   Evacuate Collection Set: 0.22ms
[2026-04-03T06:55:10.144+0600][15.404s][info][gc,phases      ] GC(73)   Post Evacuate Collection Set: 0.33ms
[2026-04-03T06:55:10.144+0600][15.404s][info][gc,phases      ] GC(73)   Other: 0.09ms
[2026-04-03T06:55:10.144+0600][15.404s][info][gc,heap        ] GC(73) Eden regions: 53->0(53)
[2026-04-03T06:55:10.144+0600][15.404s][info][gc,heap        ] GC(73) Survivor regions: 1->1(7)
[2026-04-03T06:55:10.144+0600][15.404s][info][gc,heap        ] GC(73) Old regions: 9->9
[2026-04-03T06:55:10.144+0600][15.404s][info][gc,heap        ] GC(73) Humongous regions: 0->0
[2026-04-03T06:55:10.144+0600][15.404s][info][gc,metaspace   ] GC(73) Metaspace: 14206K(14464K)->14206K(14464K) NonClass: 12384K(12544K)->12384K(12544K) Class: 1821K(1920K)->1821K(1920K)
[2026-04-03T06:55:10.144+0600][15.404s][info][gc             ] GC(73) Pause Young (Normal) (G1 Evacuation Pause) 110M->4M(180M) 1.232ms
[2026-04-03T06:55:10.144+0600][15.404s][info][gc,cpu         ] GC(73) User=0.00s Sys=0.01s Real=0.01s
[2026-04-03T06:55:10.292+0600][15.553s][info][gc,start       ] GC(74) Pause Young (Normal) (G1 Evacuation Pause)
[2026-04-03T06:55:10.292+0600][15.553s][info][gc,task        ] GC(74) Using 10 workers of 10 for evacuation
[2026-04-03T06:55:10.293+0600][15.554s][info][gc,phases      ] GC(74)   Pre Evacuate Collection Set: 0.14ms
[2026-04-03T06:55:10.293+0600][15.554s][info][gc,phases      ] GC(74)   Merge Heap Roots: 0.09ms
[2026-04-03T06:55:10.293+0600][15.554s][info][gc,phases      ] GC(74)   Evacuate Collection Set: 0.21ms
[2026-04-03T06:55:10.293+0600][15.554s][info][gc,phases      ] GC(74)   Post Evacuate Collection Set: 0.38ms
[2026-04-03T06:55:10.293+0600][15.554s][info][gc,phases      ] GC(74)   Other: 0.11ms
[2026-04-03T06:55:10.293+0600][15.554s][info][gc,heap        ] GC(74) Eden regions: 53->0(53)
[2026-04-03T06:55:10.293+0600][15.554s][info][gc,heap        ] GC(74) Survivor regions: 1->1(7)
[2026-04-03T06:55:10.293+0600][15.554s][info][gc,heap        ] GC(74) Old regions: 9->9
[2026-04-03T06:55:10.294+0600][15.554s][info][gc,heap        ] GC(74) Humongous regions: 0->0
[2026-04-03T06:55:10.294+0600][15.554s][info][gc,metaspace   ] GC(74) Metaspace: 14206K(14464K)->14206K(14464K) NonClass: 12384K(12544K)->12384K(12544K) Class: 1821K(1920K)->1821K(1920K)
[2026-04-03T06:55:10.294+0600][15.554s][info][gc             ] GC(74) Pause Young (Normal) (G1 Evacuation Pause) 110M->4M(180M) 1.239ms
[2026-04-03T06:55:10.294+0600][15.554s][info][gc,cpu         ] GC(74) User=0.01s Sys=0.00s Real=0.01s
[2026-04-03T06:55:10.463+0600][15.723s][info][gc,start       ] GC(75) Pause Young (Normal) (G1 Evacuation Pause)
[2026-04-03T06:55:10.463+0600][15.723s][info][gc,task        ] GC(75) Using 10 workers of 10 for evacuation
[2026-04-03T06:55:10.464+0600][15.724s][info][gc,phases      ] GC(75)   Pre Evacuate Collection Set: 0.18ms
[2026-04-03T06:55:10.464+0600][15.724s][info][gc,phases      ] GC(75)   Merge Heap Roots: 0.19ms
[2026-04-03T06:55:10.464+0600][15.724s][info][gc,phases      ] GC(75)   Evacuate Collection Set: 0.25ms
[2026-04-03T06:55:10.464+0600][15.724s][info][gc,phases      ] GC(75)   Post Evacuate Collection Set: 0.40ms
[2026-04-03T06:55:10.464+0600][15.724s][info][gc,phases      ] GC(75)   Other: 0.11ms
[2026-04-03T06:55:10.464+0600][15.724s][info][gc,heap        ] GC(75) Eden regions: 53->0(53)
[2026-04-03T06:55:10.464+0600][15.724s][info][gc,heap        ] GC(75) Survivor regions: 1->1(7)
[2026-04-03T06:55:10.464+0600][15.724s][info][gc,heap        ] GC(75) Old regions: 9->9
[2026-04-03T06:55:10.464+0600][15.724s][info][gc,heap        ] GC(75) Humongous regions: 0->0
[2026-04-03T06:55:10.464+0600][15.724s][info][gc,metaspace   ] GC(75) Metaspace: 14206K(14464K)->14206K(14464K) NonClass: 12384K(12544K)->12384K(12544K) Class: 1821K(1920K)->1821K(1920K)
[2026-04-03T06:55:10.464+0600][15.724s][info][gc             ] GC(75) Pause Young (Normal) (G1 Evacuation Pause) 110M->4M(180M) 1.499ms
[2026-04-03T06:55:10.464+0600][15.724s][info][gc,cpu         ] GC(75) User=0.01s Sys=0.00s Real=0.01s
[2026-04-03T06:55:10.620+0600][15.880s][info][gc,start       ] GC(76) Pause Young (Normal) (G1 Evacuation Pause)
[2026-04-03T06:55:10.620+0600][15.880s][info][gc,task        ] GC(76) Using 10 workers of 10 for evacuation
[2026-04-03T06:55:10.621+0600][15.881s][info][gc,phases      ] GC(76)   Pre Evacuate Collection Set: 0.21ms
[2026-04-03T06:55:10.621+0600][15.881s][info][gc,phases      ] GC(76)   Merge Heap Roots: 0.13ms
[2026-04-03T06:55:10.621+0600][15.881s][info][gc,phases      ] GC(76)   Evacuate Collection Set: 0.23ms
[2026-04-03T06:55:10.621+0600][15.881s][info][gc,phases      ] GC(76)   Post Evacuate Collection Set: 0.37ms
[2026-04-03T06:55:10.621+0600][15.881s][info][gc,phases      ] GC(76)   Other: 0.11ms
[2026-04-03T06:55:10.621+0600][15.881s][info][gc,heap        ] GC(76) Eden regions: 53->0(53)
[2026-04-03T06:55:10.621+0600][15.881s][info][gc,heap        ] GC(76) Survivor regions: 1->1(7)
[2026-04-03T06:55:10.621+0600][15.881s][info][gc,heap        ] GC(76) Old regions: 9->9
[2026-04-03T06:55:10.621+0600][15.881s][info][gc,heap        ] GC(76) Humongous regions: 0->0
[2026-04-03T06:55:10.621+0600][15.881s][info][gc,metaspace   ] GC(76) Metaspace: 14206K(14464K)->14206K(14464K) NonClass: 12384K(12544K)->12384K(12544K) Class: 1821K(1920K)->1821K(1920K)
[2026-04-03T06:55:10.621+0600][15.882s][info][gc             ] GC(76) Pause Young (Normal) (G1 Evacuation Pause) 110M->4M(180M) 1.420ms
[2026-04-03T06:55:10.621+0600][15.882s][info][gc,cpu         ] GC(76) User=0.01s Sys=0.00s Real=0.00s
[2026-04-03T06:55:10.766+0600][16.027s][info][gc,start       ] GC(77) Pause Young (Normal) (G1 Evacuation Pause)
[2026-04-03T06:55:10.767+0600][16.027s][info][gc,task        ] GC(77) Using 10 workers of 10 for evacuation
[2026-04-03T06:55:10.767+0600][16.028s][info][gc,phases      ] GC(77)   Pre Evacuate Collection Set: 0.13ms
[2026-04-03T06:55:10.767+0600][16.028s][info][gc,phases      ] GC(77)   Merge Heap Roots: 0.09ms
[2026-04-03T06:55:10.767+0600][16.028s][info][gc,phases      ] GC(77)   Evacuate Collection Set: 0.20ms
[2026-04-03T06:55:10.767+0600][16.028s][info][gc,phases      ] GC(77)   Post Evacuate Collection Set: 0.38ms
[2026-04-03T06:55:10.767+0600][16.028s][info][gc,phases      ] GC(77)   Other: 0.08ms
[2026-04-03T06:55:10.768+0600][16.028s][info][gc,heap        ] GC(77) Eden regions: 53->0(53)
[2026-04-03T06:55:10.768+0600][16.028s][info][gc,heap        ] GC(77) Survivor regions: 1->1(7)
[2026-04-03T06:55:10.768+0600][16.028s][info][gc,heap        ] GC(77) Old regions: 9->9
[2026-04-03T06:55:10.768+0600][16.028s][info][gc,heap        ] GC(77) Humongous regions: 0->0
[2026-04-03T06:55:10.768+0600][16.028s][info][gc,metaspace   ] GC(77) Metaspace: 14206K(14464K)->14206K(14464K) NonClass: 12384K(12544K)->12384K(12544K) Class: 1821K(1920K)->1821K(1920K)
[2026-04-03T06:55:10.768+0600][16.028s][info][gc             ] GC(77) Pause Young (Normal) (G1 Evacuation Pause) 110M->4M(180M) 1.163ms
[2026-04-03T06:55:10.768+0600][16.028s][info][gc,cpu         ] GC(77) User=0.00s Sys=0.00s Real=0.00s
[2026-04-03T06:55:10.924+0600][16.184s][info][gc,start       ] GC(78) Pause Young (Normal) (G1 Evacuation Pause)
[2026-04-03T06:55:10.924+0600][16.184s][info][gc,task        ] GC(78) Using 10 workers of 10 for evacuation
[2026-04-03T06:55:10.925+0600][16.186s][info][gc,phases      ] GC(78)   Pre Evacuate Collection Set: 0.21ms
[2026-04-03T06:55:10.925+0600][16.186s][info][gc,phases      ] GC(78)   Merge Heap Roots: 0.12ms
[2026-04-03T06:55:10.925+0600][16.186s][info][gc,phases      ] GC(78)   Evacuate Collection Set: 0.24ms
[2026-04-03T06:55:10.926+0600][16.186s][info][gc,phases      ] GC(78)   Post Evacuate Collection Set: 0.53ms
[2026-04-03T06:55:10.926+0600][16.186s][info][gc,phases      ] GC(78)   Other: 0.14ms
[2026-04-03T06:55:10.926+0600][16.186s][info][gc,heap        ] GC(78) Eden regions: 53->0(53)
[2026-04-03T06:55:10.926+0600][16.186s][info][gc,heap        ] GC(78) Survivor regions: 1->1(7)
[2026-04-03T06:55:10.926+0600][16.186s][info][gc,heap        ] GC(78) Old regions: 9->9
[2026-04-03T06:55:10.926+0600][16.186s][info][gc,heap        ] GC(78) Humongous regions: 0->0
[2026-04-03T06:55:10.926+0600][16.186s][info][gc,metaspace   ] GC(78) Metaspace: 14206K(14464K)->14206K(14464K) NonClass: 12384K(12544K)->12384K(12544K) Class: 1821K(1920K)->1821K(1920K)
[2026-04-03T06:55:10.926+0600][16.186s][info][gc             ] GC(78) Pause Young (Normal) (G1 Evacuation Pause) 110M->4M(180M) 1.669ms
[2026-04-03T06:55:10.926+0600][16.186s][info][gc,cpu         ] GC(78) User=0.00s Sys=0.00s Real=0.00s
[2026-04-03T06:55:11.065+0600][16.326s][info][gc,start       ] GC(79) Pause Young (Normal) (G1 Evacuation Pause)
[2026-04-03T06:55:11.065+0600][16.326s][info][gc,task        ] GC(79) Using 10 workers of 10 for evacuation
[2026-04-03T06:55:11.067+0600][16.327s][info][gc,phases      ] GC(79)   Pre Evacuate Collection Set: 0.15ms
[2026-04-03T06:55:11.067+0600][16.327s][info][gc,phases      ] GC(79)   Merge Heap Roots: 0.11ms
[2026-04-03T06:55:11.067+0600][16.327s][info][gc,phases      ] GC(79)   Evacuate Collection Set: 0.20ms
[2026-04-03T06:55:11.067+0600][16.327s][info][gc,phases      ] GC(79)   Post Evacuate Collection Set: 0.67ms
[2026-04-03T06:55:11.067+0600][16.327s][info][gc,phases      ] GC(79)   Other: 0.11ms
[2026-04-03T06:55:11.067+0600][16.327s][info][gc,heap        ] GC(79) Eden regions: 53->0(53)
[2026-04-03T06:55:11.067+0600][16.327s][info][gc,heap        ] GC(79) Survivor regions: 1->1(7)
[2026-04-03T06:55:11.067+0600][16.327s][info][gc,heap        ] GC(79) Old regions: 9->9
[2026-04-03T06:55:11.067+0600][16.327s][info][gc,heap        ] GC(79) Humongous regions: 0->0
[2026-04-03T06:55:11.067+0600][16.327s][info][gc,metaspace   ] GC(79) Metaspace: 14206K(14464K)->14206K(14464K) NonClass: 12384K(12544K)->12384K(12544K) Class: 1821K(1920K)->1821K(1920K)
[2026-04-03T06:55:11.067+0600][16.327s][info][gc             ] GC(79) Pause Young (Normal) (G1 Evacuation Pause) 110M->4M(180M) 1.908ms
[2026-04-03T06:55:11.067+0600][16.328s][info][gc,cpu         ] GC(79) User=0.00s Sys=0.00s Real=0.00s
[2026-04-03T06:55:11.218+0600][16.479s][info][gc,start       ] GC(80) Pause Young (Normal) (G1 Evacuation Pause)
[2026-04-03T06:55:11.218+0600][16.479s][info][gc,task        ] GC(80) Using 10 workers of 10 for evacuation
[2026-04-03T06:55:11.220+0600][16.480s][info][gc,phases      ] GC(80)   Pre Evacuate Collection Set: 0.24ms
[2026-04-03T06:55:11.220+0600][16.480s][info][gc,phases      ] GC(80)   Merge Heap Roots: 0.12ms
[2026-04-03T06:55:11.220+0600][16.480s][info][gc,phases      ] GC(80)   Evacuate Collection Set: 0.23ms
[2026-04-03T06:55:11.220+0600][16.480s][info][gc,phases      ] GC(80)   Post Evacuate Collection Set: 0.68ms
[2026-04-03T06:55:11.220+0600][16.480s][info][gc,phases      ] GC(80)   Other: 0.11ms
[2026-04-03T06:55:11.220+0600][16.480s][info][gc,heap        ] GC(80) Eden regions: 53->0(53)
[2026-04-03T06:55:11.220+0600][16.480s][info][gc,heap        ] GC(80) Survivor regions: 1->1(7)
[2026-04-03T06:55:11.220+0600][16.480s][info][gc,heap        ] GC(80) Old regions: 9->9
[2026-04-03T06:55:11.220+0600][16.480s][info][gc,heap        ] GC(80) Humongous regions: 0->0
[2026-04-03T06:55:11.220+0600][16.480s][info][gc,metaspace   ] GC(80) Metaspace: 14206K(14464K)->14206K(14464K) NonClass: 12384K(12544K)->12384K(12544K) Class: 1821K(1920K)->1821K(1920K)
[2026-04-03T06:55:11.220+0600][16.480s][info][gc             ] GC(80) Pause Young (Normal) (G1 Evacuation Pause) 110M->4M(180M) 1.778ms
[2026-04-03T06:55:11.220+0600][16.480s][info][gc,cpu         ] GC(80) User=0.01s Sys=0.00s Real=0.00s
[2026-04-03T06:55:11.370+0600][16.630s][info][gc,start       ] GC(81) Pause Young (Normal) (G1 Evacuation Pause)
[2026-04-03T06:55:11.370+0600][16.630s][info][gc,task        ] GC(81) Using 10 workers of 10 for evacuation
[2026-04-03T06:55:11.371+0600][16.631s][info][gc,phases      ] GC(81)   Pre Evacuate Collection Set: 0.16ms
[2026-04-03T06:55:11.371+0600][16.631s][info][gc,phases      ] GC(81)   Merge Heap Roots: 0.09ms
[2026-04-03T06:55:11.371+0600][16.631s][info][gc,phases      ] GC(81)   Evacuate Collection Set: 0.21ms
[2026-04-03T06:55:11.371+0600][16.631s][info][gc,phases      ] GC(81)   Post Evacuate Collection Set: 0.39ms
[2026-04-03T06:55:11.371+0600][16.631s][info][gc,phases      ] GC(81)   Other: 0.10ms
[2026-04-03T06:55:11.371+0600][16.631s][info][gc,heap        ] GC(81) Eden regions: 53->0(53)
[2026-04-03T06:55:11.371+0600][16.631s][info][gc,heap        ] GC(81) Survivor regions: 1->1(7)
[2026-04-03T06:55:11.371+0600][16.631s][info][gc,heap        ] GC(81) Old regions: 9->9
[2026-04-03T06:55:11.371+0600][16.631s][info][gc,heap        ] GC(81) Humongous regions: 0->0
[2026-04-03T06:55:11.371+0600][16.631s][info][gc,metaspace   ] GC(81) Metaspace: 14206K(14464K)->14206K(14464K) NonClass: 12384K(12544K)->12384K(12544K) Class: 1821K(1920K)->1821K(1920K)
[2026-04-03T06:55:11.371+0600][16.632s][info][gc             ] GC(81) Pause Young (Normal) (G1 Evacuation Pause) 110M->4M(180M) 1.352ms
[2026-04-03T06:55:11.371+0600][16.632s][info][gc,cpu         ] GC(81) User=0.01s Sys=0.01s Real=0.00s
[2026-04-03T06:55:11.525+0600][16.786s][info][gc,start       ] GC(82) Pause Young (Normal) (G1 Evacuation Pause)
[2026-04-03T06:55:11.525+0600][16.786s][info][gc,task        ] GC(82) Using 10 workers of 10 for evacuation
[2026-04-03T06:55:11.526+0600][16.787s][info][gc,phases      ] GC(82)   Pre Evacuate Collection Set: 0.14ms
[2026-04-03T06:55:11.526+0600][16.787s][info][gc,phases      ] GC(82)   Merge Heap Roots: 0.09ms
[2026-04-03T06:55:11.527+0600][16.787s][info][gc,phases      ] GC(82)   Evacuate Collection Set: 0.26ms
[2026-04-03T06:55:11.527+0600][16.787s][info][gc,phases      ] GC(82)   Post Evacuate Collection Set: 0.37ms
[2026-04-03T06:55:11.527+0600][16.787s][info][gc,phases      ] GC(82)   Other: 0.08ms
[2026-04-03T06:55:11.527+0600][16.787s][info][gc,heap        ] GC(82) Eden regions: 53->0(53)
[2026-04-03T06:55:11.527+0600][16.787s][info][gc,heap        ] GC(82) Survivor regions: 1->1(7)
[2026-04-03T06:55:11.527+0600][16.787s][info][gc,heap        ] GC(82) Old regions: 9->9
[2026-04-03T06:55:11.527+0600][16.787s][info][gc,heap        ] GC(82) Humongous regions: 0->0
[2026-04-03T06:55:11.527+0600][16.787s][info][gc,metaspace   ] GC(82) Metaspace: 14206K(14464K)->14206K(14464K) NonClass: 12384K(12544K)->12384K(12544K) Class: 1821K(1920K)->1821K(1920K)
[2026-04-03T06:55:11.527+0600][16.787s][info][gc             ] GC(82) Pause Young (Normal) (G1 Evacuation Pause) 110M->4M(180M) 1.252ms
[2026-04-03T06:55:11.527+0600][16.787s][info][gc,cpu         ] GC(82) User=0.00s Sys=0.00s Real=0.00s
[2026-04-03T06:55:11.684+0600][16.945s][info][gc,start       ] GC(83) Pause Young (Normal) (G1 Evacuation Pause)
[2026-04-03T06:55:11.684+0600][16.945s][info][gc,task        ] GC(83) Using 10 workers of 10 for evacuation
[2026-04-03T06:55:11.686+0600][16.946s][info][gc,phases      ] GC(83)   Pre Evacuate Collection Set: 0.15ms
[2026-04-03T06:55:11.686+0600][16.946s][info][gc,phases      ] GC(83)   Merge Heap Roots: 0.10ms
[2026-04-03T06:55:11.686+0600][16.946s][info][gc,phases      ] GC(83)   Evacuate Collection Set: 0.25ms
[2026-04-03T06:55:11.686+0600][16.946s][info][gc,phases      ] GC(83)   Post Evacuate Collection Set: 0.43ms
[2026-04-03T06:55:11.686+0600][16.946s][info][gc,phases      ] GC(83)   Other: 0.09ms
[2026-04-03T06:55:11.686+0600][16.946s][info][gc,heap        ] GC(83) Eden regions: 53->0(53)
[2026-04-03T06:55:11.686+0600][16.946s][info][gc,heap        ] GC(83) Survivor regions: 1->1(7)
[2026-04-03T06:55:11.686+0600][16.946s][info][gc,heap        ] GC(83) Old regions: 9->9
[2026-04-03T06:55:11.686+0600][16.946s][info][gc,heap        ] GC(83) Humongous regions: 0->0
[2026-04-03T06:55:11.686+0600][16.946s][info][gc,metaspace   ] GC(83) Metaspace: 14206K(14464K)->14206K(14464K) NonClass: 12384K(12544K)->12384K(12544K) Class: 1821K(1920K)->1821K(1920K)
[2026-04-03T06:55:11.686+0600][16.946s][info][gc             ] GC(83) Pause Young (Normal) (G1 Evacuation Pause) 110M->4M(180M) 1.370ms
[2026-04-03T06:55:11.686+0600][16.946s][info][gc,cpu         ] GC(83) User=0.01s Sys=0.00s Real=0.00s
[2026-04-03T06:55:11.839+0600][17.099s][info][gc,start       ] GC(84) Pause Young (Normal) (G1 Evacuation Pause)
[2026-04-03T06:55:11.839+0600][17.099s][info][gc,task        ] GC(84) Using 10 workers of 10 for evacuation
[2026-04-03T06:55:11.842+0600][17.102s][info][gc,phases      ] GC(84)   Pre Evacuate Collection Set: 0.18ms
[2026-04-03T06:55:11.842+0600][17.102s][info][gc,phases      ] GC(84)   Merge Heap Roots: 0.13ms
[2026-04-03T06:55:11.842+0600][17.102s][info][gc,phases      ] GC(84)   Evacuate Collection Set: 1.40ms
[2026-04-03T06:55:11.842+0600][17.102s][info][gc,phases      ] GC(84)   Post Evacuate Collection Set: 0.57ms
[2026-04-03T06:55:11.842+0600][17.102s][info][gc,phases      ] GC(84)   Other: 0.12ms
[2026-04-03T06:55:11.842+0600][17.102s][info][gc,heap        ] GC(84) Eden regions: 53->0(53)
[2026-04-03T06:55:11.842+0600][17.102s][info][gc,heap        ] GC(84) Survivor regions: 1->1(7)
[2026-04-03T06:55:11.842+0600][17.102s][info][gc,heap        ] GC(84) Old regions: 9->9
[2026-04-03T06:55:11.842+0600][17.102s][info][gc,heap        ] GC(84) Humongous regions: 0->0
[2026-04-03T06:55:11.842+0600][17.102s][info][gc,metaspace   ] GC(84) Metaspace: 14206K(14464K)->14206K(14464K) NonClass: 12384K(12544K)->12384K(12544K) Class: 1821K(1920K)->1821K(1920K)
[2026-04-03T06:55:11.842+0600][17.102s][info][gc             ] GC(84) Pause Young (Normal) (G1 Evacuation Pause) 110M->4M(180M) 2.830ms
[2026-04-03T06:55:11.842+0600][17.102s][info][gc,cpu         ] GC(84) User=0.00s Sys=0.00s Real=0.00s
[2026-04-03T06:55:11.989+0600][17.250s][info][gc,start       ] GC(85) Pause Young (Normal) (G1 Evacuation Pause)
[2026-04-03T06:55:11.990+0600][17.250s][info][gc,task        ] GC(85) Using 10 workers of 10 for evacuation
[2026-04-03T06:55:11.991+0600][17.251s][info][gc,phases      ] GC(85)   Pre Evacuate Collection Set: 0.17ms
[2026-04-03T06:55:11.991+0600][17.251s][info][gc,phases      ] GC(85)   Merge Heap Roots: 0.08ms
[2026-04-03T06:55:11.991+0600][17.251s][info][gc,phases      ] GC(85)   Evacuate Collection Set: 0.21ms
[2026-04-03T06:55:11.991+0600][17.251s][info][gc,phases      ] GC(85)   Post Evacuate Collection Set: 0.43ms
[2026-04-03T06:55:11.991+0600][17.251s][info][gc,phases      ] GC(85)   Other: 0.10ms
[2026-04-03T06:55:11.991+0600][17.251s][info][gc,heap        ] GC(85) Eden regions: 53->0(53)
[2026-04-03T06:55:11.991+0600][17.251s][info][gc,heap        ] GC(85) Survivor regions: 1->1(7)
[2026-04-03T06:55:11.991+0600][17.251s][info][gc,heap        ] GC(85) Old regions: 9->9
[2026-04-03T06:55:11.991+0600][17.251s][info][gc,heap        ] GC(85) Humongous regions: 0->0
[2026-04-03T06:55:11.991+0600][17.251s][info][gc,metaspace   ] GC(85) Metaspace: 14206K(14464K)->14206K(14464K) NonClass: 12384K(12544K)->12384K(12544K) Class: 1821K(1920K)->1821K(1920K)
[2026-04-03T06:55:11.991+0600][17.251s][info][gc             ] GC(85) Pause Young (Normal) (G1 Evacuation Pause) 110M->4M(180M) 1.389ms
[2026-04-03T06:55:11.991+0600][17.251s][info][gc,cpu         ] GC(85) User=0.00s Sys=0.00s Real=0.00s
[2026-04-03T06:55:12.147+0600][17.407s][info][gc,start       ] GC(86) Pause Young (Normal) (G1 Evacuation Pause)
[2026-04-03T06:55:12.147+0600][17.407s][info][gc,task        ] GC(86) Using 10 workers of 10 for evacuation
[2026-04-03T06:55:12.148+0600][17.408s][info][gc,phases      ] GC(86)   Pre Evacuate Collection Set: 0.13ms
[2026-04-03T06:55:12.148+0600][17.408s][info][gc,phases      ] GC(86)   Merge Heap Roots: 0.11ms
[2026-04-03T06:55:12.148+0600][17.408s][info][gc,phases      ] GC(86)   Evacuate Collection Set: 0.37ms
[2026-04-03T06:55:12.148+0600][17.408s][info][gc,phases      ] GC(86)   Post Evacuate Collection Set: 0.43ms
[2026-04-03T06:55:12.148+0600][17.408s][info][gc,phases      ] GC(86)   Other: 0.08ms
[2026-04-03T06:55:12.148+0600][17.408s][info][gc,heap        ] GC(86) Eden regions: 53->0(53)
[2026-04-03T06:55:12.148+0600][17.408s][info][gc,heap        ] GC(86) Survivor regions: 1->1(7)
[2026-04-03T06:55:12.148+0600][17.408s][info][gc,heap        ] GC(86) Old regions: 9->9
[2026-04-03T06:55:12.148+0600][17.408s][info][gc,heap        ] GC(86) Humongous regions: 0->0
[2026-04-03T06:55:12.148+0600][17.408s][info][gc,metaspace   ] GC(86) Metaspace: 14206K(14464K)->14206K(14464K) NonClass: 12384K(12544K)->12384K(12544K) Class: 1821K(1920K)->1821K(1920K)
[2026-04-03T06:55:12.148+0600][17.409s][info][gc             ] GC(86) Pause Young (Normal) (G1 Evacuation Pause) 110M->4M(180M) 1.443ms
[2026-04-03T06:55:12.148+0600][17.409s][info][gc,cpu         ] GC(86) User=0.01s Sys=0.00s Real=0.00s
[2026-04-03T06:55:12.289+0600][17.549s][info][gc,start       ] GC(87) Pause Young (Normal) (G1 Evacuation Pause)
[2026-04-03T06:55:12.289+0600][17.549s][info][gc,task        ] GC(87) Using 10 workers of 10 for evacuation
[2026-04-03T06:55:12.290+0600][17.550s][info][gc,phases      ] GC(87)   Pre Evacuate Collection Set: 0.16ms
[2026-04-03T06:55:12.290+0600][17.550s][info][gc,phases      ] GC(87)   Merge Heap Roots: 0.09ms
[2026-04-03T06:55:12.290+0600][17.550s][info][gc,phases      ] GC(87)   Evacuate Collection Set: 0.21ms
[2026-04-03T06:55:12.290+0600][17.550s][info][gc,phases      ] GC(87)   Post Evacuate Collection Set: 0.33ms
[2026-04-03T06:55:12.290+0600][17.550s][info][gc,phases      ] GC(87)   Other: 0.10ms
[2026-04-03T06:55:12.290+0600][17.550s][info][gc,heap        ] GC(87) Eden regions: 53->0(53)
[2026-04-03T06:55:12.290+0600][17.550s][info][gc,heap        ] GC(87) Survivor regions: 1->1(7)
[2026-04-03T06:55:12.290+0600][17.550s][info][gc,heap        ] GC(87) Old regions: 9->9
[2026-04-03T06:55:12.290+0600][17.550s][info][gc,heap        ] GC(87) Humongous regions: 0->0
[2026-04-03T06:55:12.290+0600][17.550s][info][gc,metaspace   ] GC(87) Metaspace: 14206K(14464K)->14206K(14464K) NonClass: 12384K(12544K)->12384K(12544K) Class: 1821K(1920K)->1821K(1920K)
[2026-04-03T06:55:12.290+0600][17.550s][info][gc             ] GC(87) Pause Young (Normal) (G1 Evacuation Pause) 110M->4M(180M) 1.230ms
[2026-04-03T06:55:12.290+0600][17.550s][info][gc,cpu         ] GC(87) User=0.01s Sys=0.00s Real=0.00s
[2026-04-03T06:55:12.439+0600][17.699s][info][gc,start       ] GC(88) Pause Young (Normal) (G1 Evacuation Pause)
[2026-04-03T06:55:12.439+0600][17.699s][info][gc,task        ] GC(88) Using 10 workers of 10 for evacuation
[2026-04-03T06:55:12.440+0600][17.700s][info][gc,phases      ] GC(88)   Pre Evacuate Collection Set: 0.18ms
[2026-04-03T06:55:12.440+0600][17.700s][info][gc,phases      ] GC(88)   Merge Heap Roots: 0.09ms
[2026-04-03T06:55:12.440+0600][17.700s][info][gc,phases      ] GC(88)   Evacuate Collection Set: 0.20ms
[2026-04-03T06:55:12.440+0600][17.700s][info][gc,phases      ] GC(88)   Post Evacuate Collection Set: 0.37ms
[2026-04-03T06:55:12.440+0600][17.700s][info][gc,phases      ] GC(88)   Other: 0.11ms
[2026-04-03T06:55:12.440+0600][17.700s][info][gc,heap        ] GC(88) Eden regions: 53->0(53)
[2026-04-03T06:55:12.440+0600][17.700s][info][gc,heap        ] GC(88) Survivor regions: 1->1(7)
[2026-04-03T06:55:12.440+0600][17.701s][info][gc,heap        ] GC(88) Old regions: 9->9
[2026-04-03T06:55:12.440+0600][17.701s][info][gc,heap        ] GC(88) Humongous regions: 0->0
[2026-04-03T06:55:12.440+0600][17.701s][info][gc,metaspace   ] GC(88) Metaspace: 14206K(14464K)->14206K(14464K) NonClass: 12384K(12544K)->12384K(12544K) Class: 1821K(1920K)->1821K(1920K)
[2026-04-03T06:55:12.440+0600][17.701s][info][gc             ] GC(88) Pause Young (Normal) (G1 Evacuation Pause) 110M->4M(180M) 1.383ms
[2026-04-03T06:55:12.440+0600][17.701s][info][gc,cpu         ] GC(88) User=0.01s Sys=0.00s Real=0.00s
[2026-04-03T06:55:12.597+0600][17.857s][info][gc,start       ] GC(89) Pause Young (Normal) (G1 Evacuation Pause)
[2026-04-03T06:55:12.597+0600][17.857s][info][gc,task        ] GC(89) Using 10 workers of 10 for evacuation
[2026-04-03T06:55:12.598+0600][17.858s][info][gc,phases      ] GC(89)   Pre Evacuate Collection Set: 0.15ms
[2026-04-03T06:55:12.598+0600][17.858s][info][gc,phases      ] GC(89)   Merge Heap Roots: 0.10ms
[2026-04-03T06:55:12.598+0600][17.858s][info][gc,phases      ] GC(89)   Evacuate Collection Set: 0.27ms
[2026-04-03T06:55:12.598+0600][17.858s][info][gc,phases      ] GC(89)   Post Evacuate Collection Set: 0.43ms
[2026-04-03T06:55:12.598+0600][17.858s][info][gc,phases      ] GC(89)   Other: 0.09ms
[2026-04-03T06:55:12.598+0600][17.858s][info][gc,heap        ] GC(89) Eden regions: 53->0(53)
[2026-04-03T06:55:12.598+0600][17.858s][info][gc,heap        ] GC(89) Survivor regions: 1->1(7)
[2026-04-03T06:55:12.598+0600][17.858s][info][gc,heap        ] GC(89) Old regions: 9->9
[2026-04-03T06:55:12.598+0600][17.858s][info][gc,heap        ] GC(89) Humongous regions: 0->0
[2026-04-03T06:55:12.598+0600][17.858s][info][gc,metaspace   ] GC(89) Metaspace: 14206K(14464K)->14206K(14464K) NonClass: 12384K(12544K)->12384K(12544K) Class: 1821K(1920K)->1821K(1920K)
[2026-04-03T06:55:12.598+0600][17.858s][info][gc             ] GC(89) Pause Young (Normal) (G1 Evacuation Pause) 110M->4M(180M) 1.343ms
[2026-04-03T06:55:12.598+0600][17.858s][info][gc,cpu         ] GC(89) User=0.00s Sys=0.00s Real=0.00s
[2026-04-03T06:55:12.733+0600][17.993s][info][gc,start       ] GC(90) Pause Young (Normal) (G1 Evacuation Pause)
[2026-04-03T06:55:12.733+0600][17.993s][info][gc,task        ] GC(90) Using 10 workers of 10 for evacuation
[2026-04-03T06:55:12.734+0600][17.994s][info][gc,phases      ] GC(90)   Pre Evacuate Collection Set: 0.16ms
[2026-04-03T06:55:12.734+0600][17.994s][info][gc,phases      ] GC(90)   Merge Heap Roots: 0.10ms
[2026-04-03T06:55:12.734+0600][17.994s][info][gc,phases      ] GC(90)   Evacuate Collection Set: 0.24ms
[2026-04-03T06:55:12.734+0600][17.994s][info][gc,phases      ] GC(90)   Post Evacuate Collection Set: 0.45ms
[2026-04-03T06:55:12.734+0600][17.994s][info][gc,phases      ] GC(90)   Other: 0.10ms
[2026-04-03T06:55:12.734+0600][17.994s][info][gc,heap        ] GC(90) Eden regions: 53->0(53)
[2026-04-03T06:55:12.734+0600][17.994s][info][gc,heap        ] GC(90) Survivor regions: 1->1(7)
[2026-04-03T06:55:12.734+0600][17.994s][info][gc,heap        ] GC(90) Old regions: 9->9
[2026-04-03T06:55:12.734+0600][17.994s][info][gc,heap        ] GC(90) Humongous regions: 0->0
[2026-04-03T06:55:12.734+0600][17.994s][info][gc,metaspace   ] GC(90) Metaspace: 14206K(14464K)->14206K(14464K) NonClass: 12384K(12544K)->12384K(12544K) Class: 1821K(1920K)->1821K(1920K)
[2026-04-03T06:55:12.734+0600][17.994s][info][gc             ] GC(90) Pause Young (Normal) (G1 Evacuation Pause) 110M->4M(180M) 1.475ms
[2026-04-03T06:55:12.734+0600][17.994s][info][gc,cpu         ] GC(90) User=0.00s Sys=0.00s Real=0.01s
[2026-04-03T06:55:12.876+0600][18.136s][info][gc,start       ] GC(91) Pause Young (Normal) (G1 Evacuation Pause)
[2026-04-03T06:55:12.876+0600][18.136s][info][gc,task        ] GC(91) Using 10 workers of 10 for evacuation
[2026-04-03T06:55:12.878+0600][18.138s][info][gc,phases      ] GC(91)   Pre Evacuate Collection Set: 0.18ms
[2026-04-03T06:55:12.878+0600][18.138s][info][gc,phases      ] GC(91)   Merge Heap Roots: 0.18ms
[2026-04-03T06:55:12.878+0600][18.138s][info][gc,phases      ] GC(91)   Evacuate Collection Set: 0.28ms
[2026-04-03T06:55:12.878+0600][18.138s][info][gc,phases      ] GC(91)   Post Evacuate Collection Set: 0.58ms
[2026-04-03T06:55:12.878+0600][18.138s][info][gc,phases      ] GC(91)   Other: 0.15ms
[2026-04-03T06:55:12.878+0600][18.138s][info][gc,heap        ] GC(91) Eden regions: 53->0(53)
[2026-04-03T06:55:12.878+0600][18.138s][info][gc,heap        ] GC(91) Survivor regions: 1->1(7)
[2026-04-03T06:55:12.878+0600][18.138s][info][gc,heap        ] GC(91) Old regions: 9->9
[2026-04-03T06:55:12.878+0600][18.138s][info][gc,heap        ] GC(91) Humongous regions: 0->0
[2026-04-03T06:55:12.878+0600][18.138s][info][gc,metaspace   ] GC(91) Metaspace: 14206K(14464K)->14206K(14464K) NonClass: 12384K(12544K)->12384K(12544K) Class: 1821K(1920K)->1821K(1920K)
[2026-04-03T06:55:12.878+0600][18.138s][info][gc             ] GC(91) Pause Young (Normal) (G1 Evacuation Pause) 110M->4M(180M) 1.753ms
[2026-04-03T06:55:12.878+0600][18.138s][info][gc,cpu         ] GC(91) User=0.00s Sys=0.00s Real=0.00s
[2026-04-03T06:55:13.034+0600][18.294s][info][gc,start       ] GC(92) Pause Young (Normal) (G1 Evacuation Pause)
[2026-04-03T06:55:13.034+0600][18.294s][info][gc,task        ] GC(92) Using 10 workers of 10 for evacuation
[2026-04-03T06:55:13.035+0600][18.295s][info][gc,phases      ] GC(92)   Pre Evacuate Collection Set: 0.17ms
[2026-04-03T06:55:13.035+0600][18.295s][info][gc,phases      ] GC(92)   Merge Heap Roots: 0.11ms
[2026-04-03T06:55:13.035+0600][18.295s][info][gc,phases      ] GC(92)   Evacuate Collection Set: 0.30ms
[2026-04-03T06:55:13.035+0600][18.295s][info][gc,phases      ] GC(92)   Post Evacuate Collection Set: 0.61ms
[2026-04-03T06:55:13.035+0600][18.295s][info][gc,phases      ] GC(92)   Other: 0.10ms
[2026-04-03T06:55:13.035+0600][18.295s][info][gc,heap        ] GC(92) Eden regions: 53->0(53)
[2026-04-03T06:55:13.035+0600][18.295s][info][gc,heap        ] GC(92) Survivor regions: 1->1(7)
[2026-04-03T06:55:13.035+0600][18.295s][info][gc,heap        ] GC(92) Old regions: 9->9
[2026-04-03T06:55:13.035+0600][18.295s][info][gc,heap        ] GC(92) Humongous regions: 0->0
[2026-04-03T06:55:13.035+0600][18.295s][info][gc,metaspace   ] GC(92) Metaspace: 14206K(14464K)->14206K(14464K) NonClass: 12384K(12544K)->12384K(12544K) Class: 1821K(1920K)->1821K(1920K)
[2026-04-03T06:55:13.035+0600][18.295s][info][gc             ] GC(92) Pause Young (Normal) (G1 Evacuation Pause) 110M->4M(180M) 1.657ms
[2026-04-03T06:55:13.035+0600][18.296s][info][gc,cpu         ] GC(92) User=0.00s Sys=0.00s Real=0.00s
[2026-04-03T06:55:13.262+0600][18.522s][info][gc,start       ] GC(93) Pause Full (System.gc())
[2026-04-03T06:55:13.262+0600][18.522s][info][gc,task        ] GC(93) Using 7 workers of 10 for full compaction
[2026-04-03T06:55:13.262+0600][18.522s][info][gc,phases,start] GC(93) Phase 1: Mark live objects
[2026-04-03T06:55:13.266+0600][18.526s][info][gc,phases      ] GC(93) Phase 1: Mark live objects 4.036ms
[2026-04-03T06:55:13.266+0600][18.526s][info][gc,phases,start] GC(93) Phase 2: Prepare compaction
[2026-04-03T06:55:13.267+0600][18.527s][info][gc,phases      ] GC(93) Phase 2: Prepare compaction 0.818ms
[2026-04-03T06:55:13.267+0600][18.527s][info][gc,phases,start] GC(93) Phase 3: Adjust pointers
[2026-04-03T06:55:13.269+0600][18.530s][info][gc,phases      ] GC(93) Phase 3: Adjust pointers 2.505ms
[2026-04-03T06:55:13.269+0600][18.530s][info][gc,phases,start] GC(93) Phase 4: Compact heap
[2026-04-03T06:55:13.270+0600][18.530s][info][gc,phases      ] GC(93) Phase 4: Compact heap 0.677ms
[2026-04-03T06:55:13.270+0600][18.530s][info][gc,phases,start] GC(93) Phase 5: Reset Metadata
[2026-04-03T06:55:13.271+0600][18.531s][info][gc,phases      ] GC(93) Phase 5: Reset Metadata 0.931ms
[2026-04-03T06:55:13.274+0600][18.535s][info][gc,heap        ] GC(93) Eden regions: 52->0(14)
[2026-04-03T06:55:13.275+0600][18.535s][info][gc,heap        ] GC(93) Survivor regions: 1->0(7)
[2026-04-03T06:55:13.275+0600][18.535s][info][gc,heap        ] GC(93) Old regions: 9->7
[2026-04-03T06:55:13.275+0600][18.535s][info][gc,heap        ] GC(93) Humongous regions: 0->0
[2026-04-03T06:55:13.275+0600][18.535s][info][gc,metaspace   ] GC(93) Metaspace: 14206K(14464K)->14206K(14464K) NonClass: 12384K(12544K)->12384K(12544K) Class: 1821K(1920K)->1821K(1920K)
[2026-04-03T06:55:13.275+0600][18.535s][info][gc             ] GC(93) Pause Full (System.gc()) 108M->4M(48M) 12.863ms
[2026-04-03T06:55:13.275+0600][18.535s][info][gc,cpu         ] GC(93) User=0.03s Sys=0.01s Real=0.02s
[2026-04-03T06:55:13.320+0600][18.580s][info][gc,start       ] GC(94) Pause Young (Normal) (G1 Evacuation Pause)
[2026-04-03T06:55:13.320+0600][18.580s][info][gc,task        ] GC(94) Using 10 workers of 10 for evacuation
[2026-04-03T06:55:13.321+0600][18.581s][info][gc,phases      ] GC(94)   Pre Evacuate Collection Set: 0.15ms
[2026-04-03T06:55:13.321+0600][18.581s][info][gc,phases      ] GC(94)   Merge Heap Roots: 0.10ms
[2026-04-03T06:55:13.321+0600][18.581s][info][gc,phases      ] GC(94)   Evacuate Collection Set: 0.31ms
[2026-04-03T06:55:13.321+0600][18.581s][info][gc,phases      ] GC(94)   Post Evacuate Collection Set: 0.44ms
[2026-04-03T06:55:13.321+0600][18.581s][info][gc,phases      ] GC(94)   Other: 0.12ms
[2026-04-03T06:55:13.321+0600][18.581s][info][gc,heap        ] GC(94) Eden regions: 14->0(13)
[2026-04-03T06:55:13.321+0600][18.582s][info][gc,heap        ] GC(94) Survivor regions: 0->1(2)
[2026-04-03T06:55:13.321+0600][18.582s][info][gc,heap        ] GC(94) Old regions: 7->7
[2026-04-03T06:55:13.321+0600][18.582s][info][gc,heap        ] GC(94) Humongous regions: 0->0
[2026-04-03T06:55:13.321+0600][18.582s][info][gc,metaspace   ] GC(94) Metaspace: 14206K(14464K)->14206K(14464K) NonClass: 12384K(12544K)->12384K(12544K) Class: 1821K(1920K)->1821K(1920K)
[2026-04-03T06:55:13.321+0600][18.582s][info][gc             ] GC(94) Pause Young (Normal) (G1 Evacuation Pause) 32M->4M(48M) 1.593ms
[2026-04-03T06:55:13.321+0600][18.582s][info][gc,cpu         ] GC(94) User=0.01s Sys=0.00s Real=0.00s
[2026-04-03T06:55:13.360+0600][18.620s][info][gc,start       ] GC(95) Pause Young (Normal) (G1 Evacuation Pause)
[2026-04-03T06:55:13.360+0600][18.620s][info][gc,task        ] GC(95) Using 10 workers of 10 for evacuation
[2026-04-03T06:55:13.361+0600][18.621s][info][gc,phases      ] GC(95)   Pre Evacuate Collection Set: 0.15ms
[2026-04-03T06:55:13.361+0600][18.621s][info][gc,phases      ] GC(95)   Merge Heap Roots: 0.11ms
[2026-04-03T06:55:13.361+0600][18.621s][info][gc,phases      ] GC(95)   Evacuate Collection Set: 0.31ms
[2026-04-03T06:55:13.361+0600][18.621s][info][gc,phases      ] GC(95)   Post Evacuate Collection Set: 0.32ms
[2026-04-03T06:55:13.361+0600][18.621s][info][gc,phases      ] GC(95)   Other: 0.11ms
[2026-04-03T06:55:13.361+0600][18.621s][info][gc,heap        ] GC(95) Eden regions: 13->0(13)
[2026-04-03T06:55:13.361+0600][18.621s][info][gc,heap        ] GC(95) Survivor regions: 1->1(2)
[2026-04-03T06:55:13.361+0600][18.621s][info][gc,heap        ] GC(95) Old regions: 7->7
[2026-04-03T06:55:13.361+0600][18.621s][info][gc,heap        ] GC(95) Humongous regions: 0->0
[2026-04-03T06:55:13.361+0600][18.621s][info][gc,metaspace   ] GC(95) Metaspace: 14206K(14464K)->14206K(14464K) NonClass: 12384K(12544K)->12384K(12544K) Class: 1821K(1920K)->1821K(1920K)
[2026-04-03T06:55:13.361+0600][18.621s][info][gc             ] GC(95) Pause Young (Normal) (G1 Evacuation Pause) 30M->4M(48M) 1.484ms
[2026-04-03T06:55:13.361+0600][18.621s][info][gc,cpu         ] GC(95) User=0.00s Sys=0.00s Real=0.00s
[2026-04-03T06:55:13.403+0600][18.664s][info][gc,start       ] GC(96) Pause Young (Normal) (G1 Evacuation Pause)
[2026-04-03T06:55:13.404+0600][18.664s][info][gc,task        ] GC(96) Using 10 workers of 10 for evacuation
[2026-04-03T06:55:13.405+0600][18.665s][info][gc,phases      ] GC(96)   Pre Evacuate Collection Set: 0.13ms
[2026-04-03T06:55:13.405+0600][18.665s][info][gc,phases      ] GC(96)   Merge Heap Roots: 0.07ms
[2026-04-03T06:55:13.405+0600][18.665s][info][gc,phases      ] GC(96)   Evacuate Collection Set: 0.27ms
[2026-04-03T06:55:13.405+0600][18.665s][info][gc,phases      ] GC(96)   Post Evacuate Collection Set: 0.69ms
[2026-04-03T06:55:13.405+0600][18.665s][info][gc,phases      ] GC(96)   Other: 0.09ms
[2026-04-03T06:55:13.405+0600][18.665s][info][gc,heap        ] GC(96) Eden regions: 13->0(43)
[2026-04-03T06:55:13.405+0600][18.665s][info][gc,heap        ] GC(96) Survivor regions: 1->1(2)
[2026-04-03T06:55:13.405+0600][18.665s][info][gc,heap        ] GC(96) Old regions: 7->7
[2026-04-03T06:55:13.405+0600][18.665s][info][gc,heap        ] GC(96) Humongous regions: 0->0
[2026-04-03T06:55:13.405+0600][18.665s][info][gc,metaspace   ] GC(96) Metaspace: 14206K(14464K)->14206K(14464K) NonClass: 12384K(12544K)->12384K(12544K) Class: 1821K(1920K)->1821K(1920K)
[2026-04-03T06:55:13.405+0600][18.665s][info][gc             ] GC(96) Pause Young (Normal) (G1 Evacuation Pause) 30M->4M(148M) 1.612ms
[2026-04-03T06:55:13.405+0600][18.665s][info][gc,cpu         ] GC(96) User=0.01s Sys=0.00s Real=0.00s
[2026-04-03T06:55:13.534+0600][18.794s][info][gc,start       ] GC(97) Pause Young (Normal) (G1 Evacuation Pause)
[2026-04-03T06:55:13.534+0600][18.795s][info][gc,task        ] GC(97) Using 10 workers of 10 for evacuation
[2026-04-03T06:55:13.536+0600][18.796s][info][gc,phases      ] GC(97)   Pre Evacuate Collection Set: 0.14ms
[2026-04-03T06:55:13.536+0600][18.796s][info][gc,phases      ] GC(97)   Merge Heap Roots: 0.08ms
[2026-04-03T06:55:13.536+0600][18.796s][info][gc,phases      ] GC(97)   Evacuate Collection Set: 0.44ms
[2026-04-03T06:55:13.536+0600][18.796s][info][gc,phases      ] GC(97)   Post Evacuate Collection Set: 0.37ms
[2026-04-03T06:55:13.536+0600][18.796s][info][gc,phases      ] GC(97)   Other: 0.09ms
[2026-04-03T06:55:13.536+0600][18.796s][info][gc,heap        ] GC(97) Eden regions: 43->0(43)
[2026-04-03T06:55:13.536+0600][18.796s][info][gc,heap        ] GC(97) Survivor regions: 1->1(6)
[2026-04-03T06:55:13.536+0600][18.796s][info][gc,heap        ] GC(97) Old regions: 7->7
[2026-04-03T06:55:13.536+0600][18.796s][info][gc,heap        ] GC(97) Humongous regions: 0->0
[2026-04-03T06:55:13.536+0600][18.796s][info][gc,metaspace   ] GC(97) Metaspace: 14206K(14464K)->14206K(14464K) NonClass: 12384K(12544K)->12384K(12544K) Class: 1821K(1920K)->1821K(1920K)
[2026-04-03T06:55:13.536+0600][18.796s][info][gc             ] GC(97) Pause Young (Normal) (G1 Evacuation Pause) 90M->4M(148M) 1.511ms
[2026-04-03T06:55:13.536+0600][18.796s][info][gc,cpu         ] GC(97) User=0.00s Sys=0.01s Real=0.00s
[2026-04-03T06:55:13.671+0600][18.932s][info][gc,start       ] GC(98) Pause Young (Normal) (G1 Evacuation Pause)
[2026-04-03T06:55:13.672+0600][18.932s][info][gc,task        ] GC(98) Using 10 workers of 10 for evacuation
[2026-04-03T06:55:13.673+0600][18.933s][info][gc,phases      ] GC(98)   Pre Evacuate Collection Set: 0.19ms
[2026-04-03T06:55:13.673+0600][18.933s][info][gc,phases      ] GC(98)   Merge Heap Roots: 0.09ms
[2026-04-03T06:55:13.673+0600][18.933s][info][gc,phases      ] GC(98)   Evacuate Collection Set: 0.55ms
[2026-04-03T06:55:13.673+0600][18.933s][info][gc,phases      ] GC(98)   Post Evacuate Collection Set: 0.37ms
[2026-04-03T06:55:13.673+0600][18.933s][info][gc,phases      ] GC(98)   Other: 0.10ms
[2026-04-03T06:55:13.673+0600][18.933s][info][gc,heap        ] GC(98) Eden regions: 43->0(43)
[2026-04-03T06:55:13.673+0600][18.933s][info][gc,heap        ] GC(98) Survivor regions: 1->1(6)
[2026-04-03T06:55:13.673+0600][18.933s][info][gc,heap        ] GC(98) Old regions: 7->7
[2026-04-03T06:55:13.673+0600][18.933s][info][gc,heap        ] GC(98) Humongous regions: 0->0
[2026-04-03T06:55:13.673+0600][18.933s][info][gc,metaspace   ] GC(98) Metaspace: 14206K(14464K)->14206K(14464K) NonClass: 12384K(12544K)->12384K(12544K) Class: 1821K(1920K)->1821K(1920K)
[2026-04-03T06:55:13.673+0600][18.933s][info][gc             ] GC(98) Pause Young (Normal) (G1 Evacuation Pause) 90M->4M(148M) 1.669ms
[2026-04-03T06:55:13.673+0600][18.933s][info][gc,cpu         ] GC(98) User=0.00s Sys=0.00s Real=0.00s
[2026-04-03T06:55:13.805+0600][19.066s][info][gc,start       ] GC(99) Pause Young (Normal) (G1 Evacuation Pause)
[2026-04-03T06:55:13.805+0600][19.066s][info][gc,task        ] GC(99) Using 10 workers of 10 for evacuation
[2026-04-03T06:55:13.808+0600][19.068s][info][gc,phases      ] GC(99)   Pre Evacuate Collection Set: 0.14ms
[2026-04-03T06:55:13.808+0600][19.068s][info][gc,phases      ] GC(99)   Merge Heap Roots: 0.09ms
[2026-04-03T06:55:13.808+0600][19.068s][info][gc,phases      ] GC(99)   Evacuate Collection Set: 1.40ms
[2026-04-03T06:55:13.808+0600][19.068s][info][gc,phases      ] GC(99)   Post Evacuate Collection Set: 0.51ms
[2026-04-03T06:55:13.808+0600][19.068s][info][gc,phases      ] GC(99)   Other: 0.08ms
[2026-04-03T06:55:13.808+0600][19.068s][info][gc,heap        ] GC(99) Eden regions: 43->0(43)
[2026-04-03T06:55:13.808+0600][19.068s][info][gc,heap        ] GC(99) Survivor regions: 1->1(6)
[2026-04-03T06:55:13.808+0600][19.068s][info][gc,heap        ] GC(99) Old regions: 7->7
[2026-04-03T06:55:13.808+0600][19.068s][info][gc,heap        ] GC(99) Humongous regions: 0->0
[2026-04-03T06:55:13.808+0600][19.068s][info][gc,metaspace   ] GC(99) Metaspace: 14206K(14464K)->14206K(14464K) NonClass: 12384K(12544K)->12384K(12544K) Class: 1821K(1920K)->1821K(1920K)
[2026-04-03T06:55:13.808+0600][19.068s][info][gc             ] GC(99) Pause Young (Normal) (G1 Evacuation Pause) 90M->4M(148M) 2.541ms
[2026-04-03T06:55:13.808+0600][19.068s][info][gc,cpu         ] GC(99) User=0.01s Sys=0.00s Real=0.00s
[2026-04-03T06:55:13.946+0600][19.206s][info][gc,start       ] GC(100) Pause Young (Normal) (G1 Evacuation Pause)
[2026-04-03T06:55:13.946+0600][19.206s][info][gc,task        ] GC(100) Using 10 workers of 10 for evacuation
[2026-04-03T06:55:13.947+0600][19.207s][info][gc,phases      ] GC(100)   Pre Evacuate Collection Set: 0.15ms
[2026-04-03T06:55:13.947+0600][19.207s][info][gc,phases      ] GC(100)   Merge Heap Roots: 0.09ms
[2026-04-03T06:55:13.947+0600][19.207s][info][gc,phases      ] GC(100)   Evacuate Collection Set: 0.29ms
[2026-04-03T06:55:13.947+0600][19.207s][info][gc,phases      ] GC(100)   Post Evacuate Collection Set: 0.35ms
[2026-04-03T06:55:13.947+0600][19.207s][info][gc,phases      ] GC(100)   Other: 0.09ms
[2026-04-03T06:55:13.947+0600][19.207s][info][gc,heap        ] GC(100) Eden regions: 43->0(43)
[2026-04-03T06:55:13.947+0600][19.207s][info][gc,heap        ] GC(100) Survivor regions: 1->1(6)
[2026-04-03T06:55:13.947+0600][19.207s][info][gc,heap        ] GC(100) Old regions: 7->7
[2026-04-03T06:55:13.947+0600][19.208s][info][gc,heap        ] GC(100) Humongous regions: 0->0
[2026-04-03T06:55:13.947+0600][19.208s][info][gc,metaspace   ] GC(100) Metaspace: 14206K(14464K)->14206K(14464K) NonClass: 12384K(12544K)->12384K(12544K) Class: 1821K(1920K)->1821K(1920K)
[2026-04-03T06:55:13.947+0600][19.208s][info][gc             ] GC(100) Pause Young (Normal) (G1 Evacuation Pause) 90M->4M(148M) 1.314ms
[2026-04-03T06:55:13.947+0600][19.208s][info][gc,cpu         ] GC(100) User=0.01s Sys=0.00s Real=0.00s
[2026-04-03T06:55:14.064+0600][19.325s][info][gc,start       ] GC(101) Pause Young (Normal) (G1 Evacuation Pause)
[2026-04-03T06:55:14.065+0600][19.325s][info][gc,task        ] GC(101) Using 10 workers of 10 for evacuation
[2026-04-03T06:55:14.066+0600][19.326s][info][gc,phases      ] GC(101)   Pre Evacuate Collection Set: 0.17ms
[2026-04-03T06:55:14.066+0600][19.326s][info][gc,phases      ] GC(101)   Merge Heap Roots: 0.09ms
[2026-04-03T06:55:14.066+0600][19.326s][info][gc,phases      ] GC(101)   Evacuate Collection Set: 0.26ms
[2026-04-03T06:55:14.066+0600][19.326s][info][gc,phases      ] GC(101)   Post Evacuate Collection Set: 0.41ms
[2026-04-03T06:55:14.066+0600][19.326s][info][gc,phases      ] GC(101)   Other: 0.10ms
[2026-04-03T06:55:14.066+0600][19.326s][info][gc,heap        ] GC(101) Eden regions: 43->0(43)
[2026-04-03T06:55:14.066+0600][19.326s][info][gc,heap        ] GC(101) Survivor regions: 1->1(6)
[2026-04-03T06:55:14.066+0600][19.326s][info][gc,heap        ] GC(101) Old regions: 7->7
[2026-04-03T06:55:14.066+0600][19.326s][info][gc,heap        ] GC(101) Humongous regions: 0->0
[2026-04-03T06:55:14.066+0600][19.326s][info][gc,metaspace   ] GC(101) Metaspace: 14206K(14464K)->14206K(14464K) NonClass: 12384K(12544K)->12384K(12544K) Class: 1821K(1920K)->1821K(1920K)
[2026-04-03T06:55:14.066+0600][19.326s][info][gc             ] GC(101) Pause Young (Normal) (G1 Evacuation Pause) 90M->4M(148M) 1.401ms
[2026-04-03T06:55:14.066+0600][19.326s][info][gc,cpu         ] GC(101) User=0.01s Sys=0.00s Real=0.00s
[2026-04-03T06:55:14.196+0600][19.456s][info][gc,start       ] GC(102) Pause Young (Normal) (G1 Evacuation Pause)
[2026-04-03T06:55:14.196+0600][19.456s][info][gc,task        ] GC(102) Using 10 workers of 10 for evacuation
[2026-04-03T06:55:14.197+0600][19.457s][info][gc,phases      ] GC(102)   Pre Evacuate Collection Set: 0.16ms
[2026-04-03T06:55:14.197+0600][19.457s][info][gc,phases      ] GC(102)   Merge Heap Roots: 0.08ms
[2026-04-03T06:55:14.197+0600][19.457s][info][gc,phases      ] GC(102)   Evacuate Collection Set: 0.33ms
[2026-04-03T06:55:14.197+0600][19.457s][info][gc,phases      ] GC(102)   Post Evacuate Collection Set: 0.40ms
[2026-04-03T06:55:14.197+0600][19.457s][info][gc,phases      ] GC(102)   Other: 0.08ms
[2026-04-03T06:55:14.197+0600][19.457s][info][gc,heap        ] GC(102) Eden regions: 43->0(43)
[2026-04-03T06:55:14.197+0600][19.457s][info][gc,heap        ] GC(102) Survivor regions: 1->1(6)
[2026-04-03T06:55:14.197+0600][19.457s][info][gc,heap        ] GC(102) Old regions: 7->7
[2026-04-03T06:55:14.197+0600][19.457s][info][gc,heap        ] GC(102) Humongous regions: 0->0
[2026-04-03T06:55:14.197+0600][19.457s][info][gc,metaspace   ] GC(102) Metaspace: 14206K(14464K)->14206K(14464K) NonClass: 12384K(12544K)->12384K(12544K) Class: 1821K(1920K)->1821K(1920K)
[2026-04-03T06:55:14.197+0600][19.457s][info][gc             ] GC(102) Pause Young (Normal) (G1 Evacuation Pause) 90M->4M(148M) 1.356ms
[2026-04-03T06:55:14.197+0600][19.457s][info][gc,cpu         ] GC(102) User=0.01s Sys=0.00s Real=0.00s
[2026-04-03T06:55:14.325+0600][19.585s][info][gc,start       ] GC(103) Pause Young (Normal) (G1 Evacuation Pause)
[2026-04-03T06:55:14.325+0600][19.586s][info][gc,task        ] GC(103) Using 10 workers of 10 for evacuation
[2026-04-03T06:55:14.327+0600][19.587s][info][gc,phases      ] GC(103)   Pre Evacuate Collection Set: 0.17ms
[2026-04-03T06:55:14.327+0600][19.587s][info][gc,phases      ] GC(103)   Merge Heap Roots: 0.10ms
[2026-04-03T06:55:14.327+0600][19.587s][info][gc,phases      ] GC(103)   Evacuate Collection Set: 0.34ms
[2026-04-03T06:55:14.327+0600][19.587s][info][gc,phases      ] GC(103)   Post Evacuate Collection Set: 0.51ms
[2026-04-03T06:55:14.327+0600][19.587s][info][gc,phases      ] GC(103)   Other: 0.10ms
[2026-04-03T06:55:14.327+0600][19.587s][info][gc,heap        ] GC(103) Eden regions: 43->0(43)
[2026-04-03T06:55:14.327+0600][19.587s][info][gc,heap        ] GC(103) Survivor regions: 1->1(6)
[2026-04-03T06:55:14.327+0600][19.587s][info][gc,heap        ] GC(103) Old regions: 7->7
[2026-04-03T06:55:14.327+0600][19.587s][info][gc,heap        ] GC(103) Humongous regions: 0->0
[2026-04-03T06:55:14.327+0600][19.587s][info][gc,metaspace   ] GC(103) Metaspace: 14206K(14464K)->14206K(14464K) NonClass: 12384K(12544K)->12384K(12544K) Class: 1821K(1920K)->1821K(1920K)
[2026-04-03T06:55:14.327+0600][19.587s][info][gc             ] GC(103) Pause Young (Normal) (G1 Evacuation Pause) 90M->4M(148M) 1.676ms
[2026-04-03T06:55:14.327+0600][19.587s][info][gc,cpu         ] GC(103) User=0.00s Sys=0.00s Real=0.00s
[2026-04-03T06:55:14.461+0600][19.721s][info][gc,start       ] GC(104) Pause Young (Normal) (G1 Evacuation Pause)
[2026-04-03T06:55:14.461+0600][19.721s][info][gc,task        ] GC(104) Using 10 workers of 10 for evacuation
[2026-04-03T06:55:14.462+0600][19.722s][info][gc,phases      ] GC(104)   Pre Evacuate Collection Set: 0.15ms
[2026-04-03T06:55:14.462+0600][19.722s][info][gc,phases      ] GC(104)   Merge Heap Roots: 0.10ms
[2026-04-03T06:55:14.462+0600][19.722s][info][gc,phases      ] GC(104)   Evacuate Collection Set: 0.29ms
[2026-04-03T06:55:14.462+0600][19.722s][info][gc,phases      ] GC(104)   Post Evacuate Collection Set: 0.42ms
[2026-04-03T06:55:14.462+0600][19.722s][info][gc,phases      ] GC(104)   Other: 0.08ms
[2026-04-03T06:55:14.462+0600][19.722s][info][gc,heap        ] GC(104) Eden regions: 43->0(43)
[2026-04-03T06:55:14.462+0600][19.722s][info][gc,heap        ] GC(104) Survivor regions: 1->1(6)
[2026-04-03T06:55:14.462+0600][19.722s][info][gc,heap        ] GC(104) Old regions: 7->7
[2026-04-03T06:55:14.462+0600][19.722s][info][gc,heap        ] GC(104) Humongous regions: 0->0
[2026-04-03T06:55:14.462+0600][19.722s][info][gc,metaspace   ] GC(104) Metaspace: 14206K(14464K)->14206K(14464K) NonClass: 12384K(12544K)->12384K(12544K) Class: 1821K(1920K)->1821K(1920K)
[2026-04-03T06:55:14.462+0600][19.722s][info][gc             ] GC(104) Pause Young (Normal) (G1 Evacuation Pause) 90M->4M(148M) 1.314ms
[2026-04-03T06:55:14.462+0600][19.722s][info][gc,cpu         ] GC(104) User=0.00s Sys=0.00s Real=0.00s
[2026-04-03T06:55:14.587+0600][19.847s][info][gc,start       ] GC(105) Pause Young (Normal) (G1 Evacuation Pause)
[2026-04-03T06:55:14.587+0600][19.847s][info][gc,task        ] GC(105) Using 10 workers of 10 for evacuation
[2026-04-03T06:55:14.588+0600][19.848s][info][gc,phases      ] GC(105)   Pre Evacuate Collection Set: 0.17ms
[2026-04-03T06:55:14.588+0600][19.848s][info][gc,phases      ] GC(105)   Merge Heap Roots: 0.08ms
[2026-04-03T06:55:14.588+0600][19.848s][info][gc,phases      ] GC(105)   Evacuate Collection Set: 0.32ms
[2026-04-03T06:55:14.588+0600][19.848s][info][gc,phases      ] GC(105)   Post Evacuate Collection Set: 0.50ms
[2026-04-03T06:55:14.588+0600][19.848s][info][gc,phases      ] GC(105)   Other: 0.11ms
[2026-04-03T06:55:14.588+0600][19.848s][info][gc,heap        ] GC(105) Eden regions: 43->0(43)
[2026-04-03T06:55:14.588+0600][19.849s][info][gc,heap        ] GC(105) Survivor regions: 1->1(6)
[2026-04-03T06:55:14.588+0600][19.849s][info][gc,heap        ] GC(105) Old regions: 7->7
[2026-04-03T06:55:14.588+0600][19.849s][info][gc,heap        ] GC(105) Humongous regions: 0->0
[2026-04-03T06:55:14.588+0600][19.849s][info][gc,metaspace   ] GC(105) Metaspace: 14206K(14464K)->14206K(14464K) NonClass: 12384K(12544K)->12384K(12544K) Class: 1821K(1920K)->1821K(1920K)
[2026-04-03T06:55:14.588+0600][19.849s][info][gc             ] GC(105) Pause Young (Normal) (G1 Evacuation Pause) 90M->4M(148M) 1.555ms
[2026-04-03T06:55:14.588+0600][19.849s][info][gc,cpu         ] GC(105) User=0.01s Sys=0.00s Real=0.00s
[2026-04-03T06:55:14.712+0600][19.973s][info][gc,start       ] GC(106) Pause Young (Normal) (G1 Evacuation Pause)
[2026-04-03T06:55:14.713+0600][19.973s][info][gc,task        ] GC(106) Using 10 workers of 10 for evacuation
[2026-04-03T06:55:14.714+0600][19.974s][info][gc,phases      ] GC(106)   Pre Evacuate Collection Set: 0.17ms
[2026-04-03T06:55:14.714+0600][19.974s][info][gc,phases      ] GC(106)   Merge Heap Roots: 0.11ms
[2026-04-03T06:55:14.714+0600][19.974s][info][gc,phases      ] GC(106)   Evacuate Collection Set: 0.30ms
[2026-04-03T06:55:14.714+0600][19.974s][info][gc,phases      ] GC(106)   Post Evacuate Collection Set: 0.39ms
[2026-04-03T06:55:14.714+0600][19.974s][info][gc,phases      ] GC(106)   Other: 0.10ms
[2026-04-03T06:55:14.714+0600][19.974s][info][gc,heap        ] GC(106) Eden regions: 43->0(43)
[2026-04-03T06:55:14.714+0600][19.974s][info][gc,heap        ] GC(106) Survivor regions: 1->1(6)
[2026-04-03T06:55:14.714+0600][19.974s][info][gc,heap        ] GC(106) Old regions: 7->7
[2026-04-03T06:55:14.714+0600][19.974s][info][gc,heap        ] GC(106) Humongous regions: 0->0
[2026-04-03T06:55:14.714+0600][19.974s][info][gc,metaspace   ] GC(106) Metaspace: 14206K(14464K)->14206K(14464K) NonClass: 12384K(12544K)->12384K(12544K) Class: 1821K(1920K)->1821K(1920K)
[2026-04-03T06:55:14.714+0600][19.974s][info][gc             ] GC(106) Pause Young (Normal) (G1 Evacuation Pause) 90M->4M(148M) 1.460ms
[2026-04-03T06:55:14.714+0600][19.974s][info][gc,cpu         ] GC(106) User=0.01s Sys=0.00s Real=0.01s
[2026-04-03T06:55:14.838+0600][20.098s][info][gc,start       ] GC(107) Pause Young (Normal) (G1 Evacuation Pause)
[2026-04-03T06:55:14.838+0600][20.099s][info][gc,task        ] GC(107) Using 10 workers of 10 for evacuation
[2026-04-03T06:55:14.840+0600][20.100s][info][gc,phases      ] GC(107)   Pre Evacuate Collection Set: 0.16ms
[2026-04-03T06:55:14.840+0600][20.100s][info][gc,phases      ] GC(107)   Merge Heap Roots: 0.11ms
[2026-04-03T06:55:14.840+0600][20.100s][info][gc,phases      ] GC(107)   Evacuate Collection Set: 0.30ms
[2026-04-03T06:55:14.840+0600][20.100s][info][gc,phases      ] GC(107)   Post Evacuate Collection Set: 0.49ms
[2026-04-03T06:55:14.840+0600][20.100s][info][gc,phases      ] GC(107)   Other: 0.11ms
[2026-04-03T06:55:14.840+0600][20.100s][info][gc,heap        ] GC(107) Eden regions: 43->0(43)
[2026-04-03T06:55:14.840+0600][20.100s][info][gc,heap        ] GC(107) Survivor regions: 1->1(6)
[2026-04-03T06:55:14.840+0600][20.100s][info][gc,heap        ] GC(107) Old regions: 7->7
[2026-04-03T06:55:14.840+0600][20.100s][info][gc,heap        ] GC(107) Humongous regions: 0->0
[2026-04-03T06:55:14.840+0600][20.100s][info][gc,metaspace   ] GC(107) Metaspace: 14206K(14464K)->14206K(14464K) NonClass: 12384K(12544K)->12384K(12544K) Class: 1821K(1920K)->1821K(1920K)
[2026-04-03T06:55:14.840+0600][20.100s][info][gc             ] GC(107) Pause Young (Normal) (G1 Evacuation Pause) 90M->4M(148M) 1.608ms
[2026-04-03T06:55:14.840+0600][20.100s][info][gc,cpu         ] GC(107) User=0.00s Sys=0.00s Real=0.00s
[2026-04-03T06:55:14.978+0600][20.239s][info][gc,start       ] GC(108) Pause Young (Normal) (G1 Evacuation Pause)
[2026-04-03T06:55:14.979+0600][20.239s][info][gc,task        ] GC(108) Using 10 workers of 10 for evacuation
[2026-04-03T06:55:14.980+0600][20.240s][info][gc,phases      ] GC(108)   Pre Evacuate Collection Set: 0.17ms
[2026-04-03T06:55:14.980+0600][20.240s][info][gc,phases      ] GC(108)   Merge Heap Roots: 0.09ms
[2026-04-03T06:55:14.980+0600][20.240s][info][gc,phases      ] GC(108)   Evacuate Collection Set: 0.27ms
[2026-04-03T06:55:14.980+0600][20.240s][info][gc,phases      ] GC(108)   Post Evacuate Collection Set: 0.36ms
[2026-04-03T06:55:14.980+0600][20.240s][info][gc,phases      ] GC(108)   Other: 0.10ms
[2026-04-03T06:55:14.980+0600][20.240s][info][gc,heap        ] GC(108) Eden regions: 43->0(43)
[2026-04-03T06:55:14.980+0600][20.240s][info][gc,heap        ] GC(108) Survivor regions: 1->1(6)
[2026-04-03T06:55:14.980+0600][20.240s][info][gc,heap        ] GC(108) Old regions: 7->7
[2026-04-03T06:55:14.980+0600][20.240s][info][gc,heap        ] GC(108) Humongous regions: 0->0
[2026-04-03T06:55:14.980+0600][20.240s][info][gc,metaspace   ] GC(108) Metaspace: 14206K(14464K)->14206K(14464K) NonClass: 12384K(12544K)->12384K(12544K) Class: 1821K(1920K)->1821K(1920K)
[2026-04-03T06:55:14.980+0600][20.240s][info][gc             ] GC(108) Pause Young (Normal) (G1 Evacuation Pause) 90M->4M(148M) 1.366ms
[2026-04-03T06:55:14.980+0600][20.240s][info][gc,cpu         ] GC(108) User=0.00s Sys=0.00s Real=0.00s
[2026-04-03T06:55:15.101+0600][20.362s][info][gc,start       ] GC(109) Pause Young (Normal) (G1 Evacuation Pause)
[2026-04-03T06:55:15.102+0600][20.362s][info][gc,task        ] GC(109) Using 10 workers of 10 for evacuation
[2026-04-03T06:55:15.103+0600][20.363s][info][gc,phases      ] GC(109)   Pre Evacuate Collection Set: 0.17ms
[2026-04-03T06:55:15.103+0600][20.363s][info][gc,phases      ] GC(109)   Merge Heap Roots: 0.10ms
[2026-04-03T06:55:15.103+0600][20.363s][info][gc,phases      ] GC(109)   Evacuate Collection Set: 0.52ms
[2026-04-03T06:55:15.103+0600][20.363s][info][gc,phases      ] GC(109)   Post Evacuate Collection Set: 0.42ms
[2026-04-03T06:55:15.103+0600][20.363s][info][gc,phases      ] GC(109)   Other: 0.11ms
[2026-04-03T06:55:15.103+0600][20.363s][info][gc,heap        ] GC(109) Eden regions: 43->0(43)
[2026-04-03T06:55:15.103+0600][20.363s][info][gc,heap        ] GC(109) Survivor regions: 1->1(6)
[2026-04-03T06:55:15.103+0600][20.363s][info][gc,heap        ] GC(109) Old regions: 7->8
[2026-04-03T06:55:15.103+0600][20.363s][info][gc,heap        ] GC(109) Humongous regions: 0->0
[2026-04-03T06:55:15.103+0600][20.363s][info][gc,metaspace   ] GC(109) Metaspace: 14206K(14464K)->14206K(14464K) NonClass: 12384K(12544K)->12384K(12544K) Class: 1821K(1920K)->1821K(1920K)
[2026-04-03T06:55:15.103+0600][20.363s][info][gc             ] GC(109) Pause Young (Normal) (G1 Evacuation Pause) 90M->4M(148M) 1.685ms
[2026-04-03T06:55:15.103+0600][20.363s][info][gc,cpu         ] GC(109) User=0.00s Sys=0.01s Real=0.00s
[2026-04-03T06:55:15.234+0600][20.494s][info][gc,start       ] GC(110) Pause Young (Normal) (G1 Evacuation Pause)
[2026-04-03T06:55:15.234+0600][20.495s][info][gc,task        ] GC(110) Using 10 workers of 10 for evacuation
[2026-04-03T06:55:15.235+0600][20.495s][info][gc,phases      ] GC(110)   Pre Evacuate Collection Set: 0.15ms
[2026-04-03T06:55:15.235+0600][20.496s][info][gc,phases      ] GC(110)   Merge Heap Roots: 0.09ms
[2026-04-03T06:55:15.235+0600][20.496s][info][gc,phases      ] GC(110)   Evacuate Collection Set: 0.23ms
[2026-04-03T06:55:15.235+0600][20.496s][info][gc,phases      ] GC(110)   Post Evacuate Collection Set: 0.36ms
[2026-04-03T06:55:15.235+0600][20.496s][info][gc,phases      ] GC(110)   Other: 0.09ms
[2026-04-03T06:55:15.235+0600][20.496s][info][gc,heap        ] GC(110) Eden regions: 43->0(43)
[2026-04-03T06:55:15.235+0600][20.496s][info][gc,heap        ] GC(110) Survivor regions: 1->1(6)
[2026-04-03T06:55:15.235+0600][20.496s][info][gc,heap        ] GC(110) Old regions: 8->8
[2026-04-03T06:55:15.235+0600][20.496s][info][gc,heap        ] GC(110) Humongous regions: 0->0
[2026-04-03T06:55:15.235+0600][20.496s][info][gc,metaspace   ] GC(110) Metaspace: 14206K(14464K)->14206K(14464K) NonClass: 12384K(12544K)->12384K(12544K) Class: 1821K(1920K)->1821K(1920K)
[2026-04-03T06:55:15.235+0600][20.496s][info][gc             ] GC(110) Pause Young (Normal) (G1 Evacuation Pause) 90M->4M(148M) 1.233ms
[2026-04-03T06:55:15.235+0600][20.496s][info][gc,cpu         ] GC(110) User=0.01s Sys=0.01s Real=0.00s
[2026-04-03T06:55:15.368+0600][20.629s][info][gc,start       ] GC(111) Pause Young (Normal) (G1 Evacuation Pause)
[2026-04-03T06:55:15.369+0600][20.629s][info][gc,task        ] GC(111) Using 10 workers of 10 for evacuation
[2026-04-03T06:55:15.370+0600][20.630s][info][gc,phases      ] GC(111)   Pre Evacuate Collection Set: 0.16ms
[2026-04-03T06:55:15.370+0600][20.630s][info][gc,phases      ] GC(111)   Merge Heap Roots: 0.10ms
[2026-04-03T06:55:15.370+0600][20.630s][info][gc,phases      ] GC(111)   Evacuate Collection Set: 0.25ms
[2026-04-03T06:55:15.370+0600][20.630s][info][gc,phases      ] GC(111)   Post Evacuate Collection Set: 0.47ms
[2026-04-03T06:55:15.370+0600][20.630s][info][gc,phases      ] GC(111)   Other: 0.10ms
[2026-04-03T06:55:15.370+0600][20.630s][info][gc,heap        ] GC(111) Eden regions: 43->0(43)
[2026-04-03T06:55:15.370+0600][20.630s][info][gc,heap        ] GC(111) Survivor regions: 1->1(6)
[2026-04-03T06:55:15.370+0600][20.630s][info][gc,heap        ] GC(111) Old regions: 8->8
[2026-04-03T06:55:15.370+0600][20.630s][info][gc,heap        ] GC(111) Humongous regions: 0->0
[2026-04-03T06:55:15.370+0600][20.630s][info][gc,metaspace   ] GC(111) Metaspace: 14206K(14464K)->14206K(14464K) NonClass: 12384K(12544K)->12384K(12544K) Class: 1821K(1920K)->1821K(1920K)
[2026-04-03T06:55:15.370+0600][20.630s][info][gc             ] GC(111) Pause Young (Normal) (G1 Evacuation Pause) 90M->4M(148M) 1.516ms
[2026-04-03T06:55:15.370+0600][20.630s][info][gc,cpu         ] GC(111) User=0.01s Sys=0.00s Real=0.00s
[2026-04-03T06:55:15.498+0600][20.758s][info][gc,start       ] GC(112) Pause Young (Normal) (G1 Evacuation Pause)
[2026-04-03T06:55:15.498+0600][20.758s][info][gc,task        ] GC(112) Using 10 workers of 10 for evacuation
[2026-04-03T06:55:15.499+0600][20.759s][info][gc,phases      ] GC(112)   Pre Evacuate Collection Set: 0.16ms
[2026-04-03T06:55:15.499+0600][20.759s][info][gc,phases      ] GC(112)   Merge Heap Roots: 0.12ms
[2026-04-03T06:55:15.499+0600][20.759s][info][gc,phases      ] GC(112)   Evacuate Collection Set: 0.27ms
[2026-04-03T06:55:15.499+0600][20.759s][info][gc,phases      ] GC(112)   Post Evacuate Collection Set: 0.44ms
[2026-04-03T06:55:15.499+0600][20.759s][info][gc,phases      ] GC(112)   Other: 0.11ms
[2026-04-03T06:55:15.499+0600][20.759s][info][gc,heap        ] GC(112) Eden regions: 43->0(43)
[2026-04-03T06:55:15.499+0600][20.759s][info][gc,heap        ] GC(112) Survivor regions: 1->1(6)
[2026-04-03T06:55:15.499+0600][20.759s][info][gc,heap        ] GC(112) Old regions: 8->8
[2026-04-03T06:55:15.499+0600][20.759s][info][gc,heap        ] GC(112) Humongous regions: 0->0
[2026-04-03T06:55:15.499+0600][20.759s][info][gc,metaspace   ] GC(112) Metaspace: 14206K(14464K)->14206K(14464K) NonClass: 12384K(12544K)->12384K(12544K) Class: 1821K(1920K)->1821K(1920K)
[2026-04-03T06:55:15.499+0600][20.759s][info][gc             ] GC(112) Pause Young (Normal) (G1 Evacuation Pause) 90M->4M(148M) 1.471ms
[2026-04-03T06:55:15.499+0600][20.759s][info][gc,cpu         ] GC(112) User=0.01s Sys=0.00s Real=0.00s
[2026-04-03T06:55:15.624+0600][20.884s][info][gc,start       ] GC(113) Pause Young (Normal) (G1 Evacuation Pause)
[2026-04-03T06:55:15.624+0600][20.885s][info][gc,task        ] GC(113) Using 10 workers of 10 for evacuation
[2026-04-03T06:55:15.626+0600][20.886s][info][gc,phases      ] GC(113)   Pre Evacuate Collection Set: 0.17ms
[2026-04-03T06:55:15.626+0600][20.886s][info][gc,phases      ] GC(113)   Merge Heap Roots: 0.10ms
[2026-04-03T06:55:15.626+0600][20.886s][info][gc,phases      ] GC(113)   Evacuate Collection Set: 0.22ms
[2026-04-03T06:55:15.626+0600][20.886s][info][gc,phases      ] GC(113)   Post Evacuate Collection Set: 0.53ms
[2026-04-03T06:55:15.626+0600][20.886s][info][gc,phases      ] GC(113)   Other: 0.13ms
[2026-04-03T06:55:15.626+0600][20.886s][info][gc,heap        ] GC(113) Eden regions: 43->0(43)
[2026-04-03T06:55:15.626+0600][20.886s][info][gc,heap        ] GC(113) Survivor regions: 1->1(6)
[2026-04-03T06:55:15.626+0600][20.886s][info][gc,heap        ] GC(113) Old regions: 8->8
[2026-04-03T06:55:15.626+0600][20.886s][info][gc,heap        ] GC(113) Humongous regions: 0->0
[2026-04-03T06:55:15.626+0600][20.886s][info][gc,metaspace   ] GC(113) Metaspace: 14206K(14464K)->14206K(14464K) NonClass: 12384K(12544K)->12384K(12544K) Class: 1821K(1920K)->1821K(1920K)
[2026-04-03T06:55:15.626+0600][20.886s][info][gc             ] GC(113) Pause Young (Normal) (G1 Evacuation Pause) 90M->4M(148M) 1.560ms
[2026-04-03T06:55:15.626+0600][20.886s][info][gc,cpu         ] GC(113) User=0.00s Sys=0.00s Real=0.00s
[2026-04-03T06:55:15.763+0600][21.023s][info][gc,start       ] GC(114) Pause Young (Normal) (G1 Evacuation Pause)
[2026-04-03T06:55:15.763+0600][21.023s][info][gc,task        ] GC(114) Using 10 workers of 10 for evacuation
[2026-04-03T06:55:15.764+0600][21.025s][info][gc,phases      ] GC(114)   Pre Evacuate Collection Set: 0.12ms
[2026-04-03T06:55:15.764+0600][21.025s][info][gc,phases      ] GC(114)   Merge Heap Roots: 0.09ms
[2026-04-03T06:55:15.764+0600][21.025s][info][gc,phases      ] GC(114)   Evacuate Collection Set: 0.73ms
[2026-04-03T06:55:15.764+0600][21.025s][info][gc,phases      ] GC(114)   Post Evacuate Collection Set: 0.42ms
[2026-04-03T06:55:15.764+0600][21.025s][info][gc,phases      ] GC(114)   Other: 0.09ms
[2026-04-03T06:55:15.765+0600][21.025s][info][gc,heap        ] GC(114) Eden regions: 43->0(43)
[2026-04-03T06:55:15.765+0600][21.025s][info][gc,heap        ] GC(114) Survivor regions: 1->1(6)
[2026-04-03T06:55:15.765+0600][21.025s][info][gc,heap        ] GC(114) Old regions: 8->8
[2026-04-03T06:55:15.765+0600][21.025s][info][gc,heap        ] GC(114) Humongous regions: 0->0
[2026-04-03T06:55:15.765+0600][21.025s][info][gc,metaspace   ] GC(114) Metaspace: 14206K(14464K)->14206K(14464K) NonClass: 12384K(12544K)->12384K(12544K) Class: 1821K(1920K)->1821K(1920K)
[2026-04-03T06:55:15.765+0600][21.025s][info][gc             ] GC(114) Pause Young (Normal) (G1 Evacuation Pause) 90M->4M(148M) 1.793ms
[2026-04-03T06:55:15.765+0600][21.025s][info][gc,cpu         ] GC(114) User=0.00s Sys=0.00s Real=0.01s
[2026-04-03T06:55:15.893+0600][21.153s][info][gc,start       ] GC(115) Pause Young (Normal) (G1 Evacuation Pause)
[2026-04-03T06:55:15.893+0600][21.154s][info][gc,task        ] GC(115) Using 10 workers of 10 for evacuation
[2026-04-03T06:55:15.895+0600][21.155s][info][gc,phases      ] GC(115)   Pre Evacuate Collection Set: 0.15ms
[2026-04-03T06:55:15.895+0600][21.155s][info][gc,phases      ] GC(115)   Merge Heap Roots: 0.09ms
[2026-04-03T06:55:15.895+0600][21.155s][info][gc,phases      ] GC(115)   Evacuate Collection Set: 0.73ms
[2026-04-03T06:55:15.895+0600][21.155s][info][gc,phases      ] GC(115)   Post Evacuate Collection Set: 0.38ms
[2026-04-03T06:55:15.895+0600][21.155s][info][gc,phases      ] GC(115)   Other: 0.10ms
[2026-04-03T06:55:15.895+0600][21.155s][info][gc,heap        ] GC(115) Eden regions: 43->0(43)
[2026-04-03T06:55:15.895+0600][21.155s][info][gc,heap        ] GC(115) Survivor regions: 1->1(6)
[2026-04-03T06:55:15.895+0600][21.155s][info][gc,heap        ] GC(115) Old regions: 8->8
[2026-04-03T06:55:15.895+0600][21.155s][info][gc,heap        ] GC(115) Humongous regions: 0->0
[2026-04-03T06:55:15.895+0600][21.155s][info][gc,metaspace   ] GC(115) Metaspace: 14206K(14464K)->14206K(14464K) NonClass: 12384K(12544K)->12384K(12544K) Class: 1821K(1920K)->1821K(1920K)
[2026-04-03T06:55:15.895+0600][21.155s][info][gc             ] GC(115) Pause Young (Normal) (G1 Evacuation Pause) 90M->4M(148M) 1.781ms
[2026-04-03T06:55:15.895+0600][21.155s][info][gc,cpu         ] GC(115) User=0.01s Sys=0.00s Real=0.01s
[2026-04-03T06:55:16.015+0600][21.275s][info][gc,start       ] GC(116) Pause Young (Normal) (G1 Evacuation Pause)
[2026-04-03T06:55:16.015+0600][21.275s][info][gc,task        ] GC(116) Using 10 workers of 10 for evacuation
[2026-04-03T06:55:16.016+0600][21.276s][info][gc,phases      ] GC(116)   Pre Evacuate Collection Set: 0.15ms
[2026-04-03T06:55:16.016+0600][21.276s][info][gc,phases      ] GC(116)   Merge Heap Roots: 0.09ms
[2026-04-03T06:55:16.016+0600][21.276s][info][gc,phases      ] GC(116)   Evacuate Collection Set: 0.27ms
[2026-04-03T06:55:16.016+0600][21.276s][info][gc,phases      ] GC(116)   Post Evacuate Collection Set: 0.41ms
[2026-04-03T06:55:16.016+0600][21.276s][info][gc,phases      ] GC(116)   Other: 0.12ms
[2026-04-03T06:55:16.016+0600][21.277s][info][gc,heap        ] GC(116) Eden regions: 43->0(43)
[2026-04-03T06:55:16.016+0600][21.277s][info][gc,heap        ] GC(116) Survivor regions: 1->1(6)
[2026-04-03T06:55:16.016+0600][21.277s][info][gc,heap        ] GC(116) Old regions: 8->8
[2026-04-03T06:55:16.016+0600][21.277s][info][gc,heap        ] GC(116) Humongous regions: 0->0
[2026-04-03T06:55:16.016+0600][21.277s][info][gc,metaspace   ] GC(116) Metaspace: 14206K(14464K)->14206K(14464K) NonClass: 12384K(12544K)->12384K(12544K) Class: 1821K(1920K)->1821K(1920K)
[2026-04-03T06:55:16.016+0600][21.277s][info][gc             ] GC(116) Pause Young (Normal) (G1 Evacuation Pause) 90M->4M(148M) 1.381ms
[2026-04-03T06:55:16.016+0600][21.277s][info][gc,cpu         ] GC(116) User=0.00s Sys=0.00s Real=0.00s
[2026-04-03T06:55:16.140+0600][21.400s][info][gc,start       ] GC(117) Pause Young (Normal) (G1 Evacuation Pause)
[2026-04-03T06:55:16.140+0600][21.401s][info][gc,task        ] GC(117) Using 10 workers of 10 for evacuation
[2026-04-03T06:55:16.141+0600][21.402s][info][gc,phases      ] GC(117)   Pre Evacuate Collection Set: 0.15ms
[2026-04-03T06:55:16.143+0600][21.403s][info][gc,phases      ] GC(117)   Merge Heap Roots: 0.09ms
[2026-04-03T06:55:16.143+0600][21.403s][info][gc,phases      ] GC(117)   Evacuate Collection Set: 0.21ms
[2026-04-03T06:55:16.143+0600][21.403s][info][gc,phases      ] GC(117)   Post Evacuate Collection Set: 0.41ms
[2026-04-03T06:55:16.143+0600][21.403s][info][gc,phases      ] GC(117)   Other: 0.11ms
[2026-04-03T06:55:16.143+0600][21.403s][info][gc,heap        ] GC(117) Eden regions: 43->0(43)
[2026-04-03T06:55:16.143+0600][21.403s][info][gc,heap        ] GC(117) Survivor regions: 1->1(6)
[2026-04-03T06:55:16.143+0600][21.403s][info][gc,heap        ] GC(117) Old regions: 8->8
[2026-04-03T06:55:16.143+0600][21.403s][info][gc,heap        ] GC(117) Humongous regions: 0->0
[2026-04-03T06:55:16.143+0600][21.403s][info][gc,metaspace   ] GC(117) Metaspace: 14206K(14464K)->14206K(14464K) NonClass: 12384K(12544K)->12384K(12544K) Class: 1821K(1920K)->1821K(1920K)
[2026-04-03T06:55:16.143+0600][21.403s][info][gc             ] GC(117) Pause Young (Normal) (G1 Evacuation Pause) 90M->4M(148M) 2.959ms
[2026-04-03T06:55:16.143+0600][21.403s][info][gc,cpu         ] GC(117) User=0.00s Sys=0.00s Real=0.00s
[2026-04-03T06:55:16.271+0600][21.531s][info][gc,start       ] GC(118) Pause Young (Normal) (G1 Evacuation Pause)
[2026-04-03T06:55:16.271+0600][21.532s][info][gc,task        ] GC(118) Using 10 workers of 10 for evacuation
[2026-04-03T06:55:16.272+0600][21.532s][info][gc,phases      ] GC(118)   Pre Evacuate Collection Set: 0.13ms
[2026-04-03T06:55:16.272+0600][21.533s][info][gc,phases      ] GC(118)   Merge Heap Roots: 0.10ms
[2026-04-03T06:55:16.272+0600][21.533s][info][gc,phases      ] GC(118)   Evacuate Collection Set: 0.25ms
[2026-04-03T06:55:16.272+0600][21.533s][info][gc,phases      ] GC(118)   Post Evacuate Collection Set: 0.36ms
[2026-04-03T06:55:16.272+0600][21.533s][info][gc,phases      ] GC(118)   Other: 0.09ms
[2026-04-03T06:55:16.272+0600][21.533s][info][gc,heap        ] GC(118) Eden regions: 43->0(43)
[2026-04-03T06:55:16.272+0600][21.533s][info][gc,heap        ] GC(118) Survivor regions: 1->1(6)
[2026-04-03T06:55:16.272+0600][21.533s][info][gc,heap        ] GC(118) Old regions: 8->8
[2026-04-03T06:55:16.272+0600][21.533s][info][gc,heap        ] GC(118) Humongous regions: 0->0
[2026-04-03T06:55:16.272+0600][21.533s][info][gc,metaspace   ] GC(118) Metaspace: 14206K(14464K)->14206K(14464K) NonClass: 12384K(12544K)->12384K(12544K) Class: 1821K(1920K)->1821K(1920K)
[2026-04-03T06:55:16.272+0600][21.533s][info][gc             ] GC(118) Pause Young (Normal) (G1 Evacuation Pause) 90M->4M(148M) 1.276ms
[2026-04-03T06:55:16.273+0600][21.533s][info][gc,cpu         ] GC(118) User=0.00s Sys=0.01s Real=0.00s
[2026-04-03T06:55:16.403+0600][21.663s][info][gc,start       ] GC(119) Pause Young (Normal) (G1 Evacuation Pause)
[2026-04-03T06:55:16.403+0600][21.663s][info][gc,task        ] GC(119) Using 10 workers of 10 for evacuation
[2026-04-03T06:55:16.404+0600][21.664s][info][gc,phases      ] GC(119)   Pre Evacuate Collection Set: 0.17ms
[2026-04-03T06:55:16.404+0600][21.664s][info][gc,phases      ] GC(119)   Merge Heap Roots: 0.12ms
[2026-04-03T06:55:16.404+0600][21.664s][info][gc,phases      ] GC(119)   Evacuate Collection Set: 0.28ms
[2026-04-03T06:55:16.404+0600][21.664s][info][gc,phases      ] GC(119)   Post Evacuate Collection Set: 0.41ms
[2026-04-03T06:55:16.404+0600][21.664s][info][gc,phases      ] GC(119)   Other: 0.08ms
[2026-04-03T06:55:16.404+0600][21.664s][info][gc,heap        ] GC(119) Eden regions: 43->0(43)
[2026-04-03T06:55:16.404+0600][21.664s][info][gc,heap        ] GC(119) Survivor regions: 1->1(6)
[2026-04-03T06:55:16.404+0600][21.664s][info][gc,heap        ] GC(119) Old regions: 8->8
[2026-04-03T06:55:16.404+0600][21.664s][info][gc,heap        ] GC(119) Humongous regions: 0->0
[2026-04-03T06:55:16.404+0600][21.664s][info][gc,metaspace   ] GC(119) Metaspace: 14206K(14464K)->14206K(14464K) NonClass: 12384K(12544K)->12384K(12544K) Class: 1821K(1920K)->1821K(1920K)
[2026-04-03T06:55:16.404+0600][21.665s][info][gc             ] GC(119) Pause Young (Normal) (G1 Evacuation Pause) 90M->4M(148M) 1.448ms
[2026-04-03T06:55:16.404+0600][21.665s][info][gc,cpu         ] GC(119) User=0.01s Sys=0.00s Real=0.01s
[2026-04-03T06:55:16.531+0600][21.791s][info][gc,start       ] GC(120) Pause Young (Normal) (G1 Evacuation Pause)
[2026-04-03T06:55:16.531+0600][21.791s][info][gc,task        ] GC(120) Using 10 workers of 10 for evacuation
[2026-04-03T06:55:16.532+0600][21.792s][info][gc,phases      ] GC(120)   Pre Evacuate Collection Set: 0.21ms
[2026-04-03T06:55:16.532+0600][21.792s][info][gc,phases      ] GC(120)   Merge Heap Roots: 0.13ms
[2026-04-03T06:55:16.532+0600][21.792s][info][gc,phases      ] GC(120)   Evacuate Collection Set: 0.22ms
[2026-04-03T06:55:16.532+0600][21.792s][info][gc,phases      ] GC(120)   Post Evacuate Collection Set: 0.42ms
[2026-04-03T06:55:16.532+0600][21.792s][info][gc,phases      ] GC(120)   Other: 0.10ms
[2026-04-03T06:55:16.532+0600][21.792s][info][gc,heap        ] GC(120) Eden regions: 43->0(43)
[2026-04-03T06:55:16.532+0600][21.792s][info][gc,heap        ] GC(120) Survivor regions: 1->1(6)
[2026-04-03T06:55:16.532+0600][21.792s][info][gc,heap        ] GC(120) Old regions: 8->8
[2026-04-03T06:55:16.532+0600][21.792s][info][gc,heap        ] GC(120) Humongous regions: 0->0
[2026-04-03T06:55:16.532+0600][21.792s][info][gc,metaspace   ] GC(120) Metaspace: 14206K(14464K)->14206K(14464K) NonClass: 12384K(12544K)->12384K(12544K) Class: 1821K(1920K)->1821K(1920K)
[2026-04-03T06:55:16.532+0600][21.792s][info][gc             ] GC(120) Pause Young (Normal) (G1 Evacuation Pause) 90M->4M(148M) 1.426ms
[2026-04-03T06:55:16.532+0600][21.792s][info][gc,cpu         ] GC(120) User=0.00s Sys=0.00s Real=0.00s
[2026-04-03T06:55:16.651+0600][21.912s][info][gc,start       ] GC(121) Pause Young (Normal) (G1 Evacuation Pause)
[2026-04-03T06:55:16.651+0600][21.912s][info][gc,task        ] GC(121) Using 10 workers of 10 for evacuation
[2026-04-03T06:55:16.653+0600][21.913s][info][gc,phases      ] GC(121)   Pre Evacuate Collection Set: 0.25ms
[2026-04-03T06:55:16.653+0600][21.913s][info][gc,phases      ] GC(121)   Merge Heap Roots: 0.11ms
[2026-04-03T06:55:16.653+0600][21.913s][info][gc,phases      ] GC(121)   Evacuate Collection Set: 0.22ms
[2026-04-03T06:55:16.653+0600][21.913s][info][gc,phases      ] GC(121)   Post Evacuate Collection Set: 0.42ms
[2026-04-03T06:55:16.653+0600][21.913s][info][gc,phases      ] GC(121)   Other: 0.10ms
[2026-04-03T06:55:16.653+0600][21.913s][info][gc,heap        ] GC(121) Eden regions: 43->0(43)
[2026-04-03T06:55:16.653+0600][21.913s][info][gc,heap        ] GC(121) Survivor regions: 1->1(6)
[2026-04-03T06:55:16.653+0600][21.913s][info][gc,heap        ] GC(121) Old regions: 8->8
[2026-04-03T06:55:16.653+0600][21.913s][info][gc,heap        ] GC(121) Humongous regions: 0->0
[2026-04-03T06:55:16.653+0600][21.913s][info][gc,metaspace   ] GC(121) Metaspace: 14206K(14464K)->14206K(14464K) NonClass: 12384K(12544K)->12384K(12544K) Class: 1821K(1920K)->1821K(1920K)
[2026-04-03T06:55:16.653+0600][21.913s][info][gc             ] GC(121) Pause Young (Normal) (G1 Evacuation Pause) 90M->4M(148M) 1.451ms
[2026-04-03T06:55:16.653+0600][21.913s][info][gc,cpu         ] GC(121) User=0.01s Sys=0.00s Real=0.00s
[2026-04-03T06:55:16.778+0600][22.038s][info][gc,start       ] GC(122) Pause Young (Normal) (G1 Evacuation Pause)
[2026-04-03T06:55:16.778+0600][22.038s][info][gc,task        ] GC(122) Using 10 workers of 10 for evacuation
[2026-04-03T06:55:16.779+0600][22.039s][info][gc,phases      ] GC(122)   Pre Evacuate Collection Set: 0.15ms
[2026-04-03T06:55:16.779+0600][22.039s][info][gc,phases      ] GC(122)   Merge Heap Roots: 0.08ms
[2026-04-03T06:55:16.779+0600][22.039s][info][gc,phases      ] GC(122)   Evacuate Collection Set: 0.22ms
[2026-04-03T06:55:16.779+0600][22.039s][info][gc,phases      ] GC(122)   Post Evacuate Collection Set: 0.38ms
[2026-04-03T06:55:16.779+0600][22.039s][info][gc,phases      ] GC(122)   Other: 0.08ms
[2026-04-03T06:55:16.779+0600][22.039s][info][gc,heap        ] GC(122) Eden regions: 43->0(43)
[2026-04-03T06:55:16.779+0600][22.039s][info][gc,heap        ] GC(122) Survivor regions: 1->1(6)
[2026-04-03T06:55:16.779+0600][22.039s][info][gc,heap        ] GC(122) Old regions: 8->8
[2026-04-03T06:55:16.779+0600][22.039s][info][gc,heap        ] GC(122) Humongous regions: 0->0
[2026-04-03T06:55:16.779+0600][22.039s][info][gc,metaspace   ] GC(122) Metaspace: 14206K(14464K)->14206K(14464K) NonClass: 12384K(12544K)->12384K(12544K) Class: 1821K(1920K)->1821K(1920K)
[2026-04-03T06:55:16.779+0600][22.039s][info][gc             ] GC(122) Pause Young (Normal) (G1 Evacuation Pause) 90M->4M(148M) 1.206ms
[2026-04-03T06:55:16.779+0600][22.039s][info][gc,cpu         ] GC(122) User=0.01s Sys=0.00s Real=0.00s
[2026-04-03T06:55:16.902+0600][22.162s][info][gc,start       ] GC(123) Pause Young (Normal) (G1 Evacuation Pause)
[2026-04-03T06:55:16.902+0600][22.163s][info][gc,task        ] GC(123) Using 10 workers of 10 for evacuation
[2026-04-03T06:55:16.903+0600][22.163s][info][gc,phases      ] GC(123)   Pre Evacuate Collection Set: 0.15ms
[2026-04-03T06:55:16.903+0600][22.164s][info][gc,phases      ] GC(123)   Merge Heap Roots: 0.09ms
[2026-04-03T06:55:16.903+0600][22.164s][info][gc,phases      ] GC(123)   Evacuate Collection Set: 0.21ms
[2026-04-03T06:55:16.903+0600][22.164s][info][gc,phases      ] GC(123)   Post Evacuate Collection Set: 0.35ms
[2026-04-03T06:55:16.903+0600][22.164s][info][gc,phases      ] GC(123)   Other: 0.09ms
[2026-04-03T06:55:16.903+0600][22.164s][info][gc,heap        ] GC(123) Eden regions: 43->0(43)
[2026-04-03T06:55:16.903+0600][22.164s][info][gc,heap        ] GC(123) Survivor regions: 1->1(6)
[2026-04-03T06:55:16.903+0600][22.164s][info][gc,heap        ] GC(123) Old regions: 8->8
[2026-04-03T06:55:16.903+0600][22.164s][info][gc,heap        ] GC(123) Humongous regions: 0->0
[2026-04-03T06:55:16.903+0600][22.164s][info][gc,metaspace   ] GC(123) Metaspace: 14206K(14464K)->14206K(14464K) NonClass: 12384K(12544K)->12384K(12544K) Class: 1821K(1920K)->1821K(1920K)
[2026-04-03T06:55:16.903+0600][22.164s][info][gc             ] GC(123) Pause Young (Normal) (G1 Evacuation Pause) 90M->4M(148M) 1.185ms
[2026-04-03T06:55:16.903+0600][22.164s][info][gc,cpu         ] GC(123) User=0.00s Sys=0.00s Real=0.01s
[2026-04-03T06:55:17.035+0600][22.296s][info][gc,start       ] GC(124) Pause Young (Normal) (G1 Evacuation Pause)
[2026-04-03T06:55:17.035+0600][22.296s][info][gc,task        ] GC(124) Using 10 workers of 10 for evacuation
[2026-04-03T06:55:17.036+0600][22.297s][info][gc,phases      ] GC(124)   Pre Evacuate Collection Set: 0.15ms
[2026-04-03T06:55:17.036+0600][22.297s][info][gc,phases      ] GC(124)   Merge Heap Roots: 0.11ms
[2026-04-03T06:55:17.036+0600][22.297s][info][gc,phases      ] GC(124)   Evacuate Collection Set: 0.23ms
[2026-04-03T06:55:17.036+0600][22.297s][info][gc,phases      ] GC(124)   Post Evacuate Collection Set: 0.37ms
[2026-04-03T06:55:17.036+0600][22.297s][info][gc,phases      ] GC(124)   Other: 0.09ms
[2026-04-03T06:55:17.037+0600][22.297s][info][gc,heap        ] GC(124) Eden regions: 43->0(43)
[2026-04-03T06:55:17.037+0600][22.297s][info][gc,heap        ] GC(124) Survivor regions: 1->1(6)
[2026-04-03T06:55:17.037+0600][22.297s][info][gc,heap        ] GC(124) Old regions: 8->8
[2026-04-03T06:55:17.037+0600][22.297s][info][gc,heap        ] GC(124) Humongous regions: 0->0
[2026-04-03T06:55:17.037+0600][22.297s][info][gc,metaspace   ] GC(124) Metaspace: 14206K(14464K)->14206K(14464K) NonClass: 12384K(12544K)->12384K(12544K) Class: 1821K(1920K)->1821K(1920K)
[2026-04-03T06:55:17.037+0600][22.297s][info][gc             ] GC(124) Pause Young (Normal) (G1 Evacuation Pause) 90M->4M(148M) 1.360ms
[2026-04-03T06:55:17.037+0600][22.297s][info][gc,cpu         ] GC(124) User=0.00s Sys=0.00s Real=0.00s
[2026-04-03T06:55:17.166+0600][22.426s][info][gc,start       ] GC(125) Pause Young (Normal) (G1 Evacuation Pause)
[2026-04-03T06:55:17.166+0600][22.426s][info][gc,task        ] GC(125) Using 10 workers of 10 for evacuation
[2026-04-03T06:55:17.167+0600][22.427s][info][gc,phases      ] GC(125)   Pre Evacuate Collection Set: 0.15ms
[2026-04-03T06:55:17.167+0600][22.427s][info][gc,phases      ] GC(125)   Merge Heap Roots: 0.09ms
[2026-04-03T06:55:17.167+0600][22.427s][info][gc,phases      ] GC(125)   Evacuate Collection Set: 0.20ms
[2026-04-03T06:55:17.167+0600][22.427s][info][gc,phases      ] GC(125)   Post Evacuate Collection Set: 0.34ms
[2026-04-03T06:55:17.167+0600][22.427s][info][gc,phases      ] GC(125)   Other: 0.08ms
[2026-04-03T06:55:17.167+0600][22.427s][info][gc,heap        ] GC(125) Eden regions: 43->0(43)
[2026-04-03T06:55:17.167+0600][22.427s][info][gc,heap        ] GC(125) Survivor regions: 1->1(6)
[2026-04-03T06:55:17.167+0600][22.427s][info][gc,heap        ] GC(125) Old regions: 8->8
[2026-04-03T06:55:17.167+0600][22.427s][info][gc,heap        ] GC(125) Humongous regions: 0->0
[2026-04-03T06:55:17.167+0600][22.427s][info][gc,metaspace   ] GC(125) Metaspace: 14206K(14464K)->14206K(14464K) NonClass: 12384K(12544K)->12384K(12544K) Class: 1821K(1920K)->1821K(1920K)
[2026-04-03T06:55:17.167+0600][22.427s][info][gc             ] GC(125) Pause Young (Normal) (G1 Evacuation Pause) 90M->4M(148M) 1.161ms
[2026-04-03T06:55:17.167+0600][22.427s][info][gc,cpu         ] GC(125) User=0.00s Sys=0.00s Real=0.00s
[2026-04-03T06:55:17.285+0600][22.545s][info][gc,start       ] GC(126) Pause Young (Normal) (G1 Evacuation Pause)
[2026-04-03T06:55:17.285+0600][22.546s][info][gc,task        ] GC(126) Using 10 workers of 10 for evacuation
[2026-04-03T06:55:17.286+0600][22.546s][info][gc,phases      ] GC(126)   Pre Evacuate Collection Set: 0.14ms
[2026-04-03T06:55:17.286+0600][22.547s][info][gc,phases      ] GC(126)   Merge Heap Roots: 0.08ms
[2026-04-03T06:55:17.286+0600][22.547s][info][gc,phases      ] GC(126)   Evacuate Collection Set: 0.21ms
[2026-04-03T06:55:17.286+0600][22.547s][info][gc,phases      ] GC(126)   Post Evacuate Collection Set: 0.36ms
[2026-04-03T06:55:17.286+0600][22.547s][info][gc,phases      ] GC(126)   Other: 0.09ms
[2026-04-03T06:55:17.286+0600][22.547s][info][gc,heap        ] GC(126) Eden regions: 43->0(43)
[2026-04-03T06:55:17.286+0600][22.547s][info][gc,heap        ] GC(126) Survivor regions: 1->1(6)
[2026-04-03T06:55:17.286+0600][22.547s][info][gc,heap        ] GC(126) Old regions: 8->8
[2026-04-03T06:55:17.286+0600][22.547s][info][gc,heap        ] GC(126) Humongous regions: 0->0
[2026-04-03T06:55:17.286+0600][22.547s][info][gc,metaspace   ] GC(126) Metaspace: 14206K(14464K)->14206K(14464K) NonClass: 12384K(12544K)->12384K(12544K) Class: 1821K(1920K)->1821K(1920K)
[2026-04-03T06:55:17.286+0600][22.547s][info][gc             ] GC(126) Pause Young (Normal) (G1 Evacuation Pause) 90M->4M(148M) 1.184ms
[2026-04-03T06:55:17.286+0600][22.547s][info][gc,cpu         ] GC(126) User=0.00s Sys=0.00s Real=0.00s
[2026-04-03T06:55:17.411+0600][22.671s][info][gc,start       ] GC(127) Pause Young (Normal) (G1 Evacuation Pause)
[2026-04-03T06:55:17.411+0600][22.671s][info][gc,task        ] GC(127) Using 10 workers of 10 for evacuation
[2026-04-03T06:55:17.413+0600][22.673s][info][gc,phases      ] GC(127)   Pre Evacuate Collection Set: 0.29ms
[2026-04-03T06:55:17.413+0600][22.673s][info][gc,phases      ] GC(127)   Merge Heap Roots: 0.15ms
[2026-04-03T06:55:17.413+0600][22.673s][info][gc,phases      ] GC(127)   Evacuate Collection Set: 0.24ms
[2026-04-03T06:55:17.413+0600][22.673s][info][gc,phases      ] GC(127)   Post Evacuate Collection Set: 0.58ms
[2026-04-03T06:55:17.413+0600][22.673s][info][gc,phases      ] GC(127)   Other: 0.13ms
[2026-04-03T06:55:17.413+0600][22.673s][info][gc,heap        ] GC(127) Eden regions: 43->0(43)
[2026-04-03T06:55:17.413+0600][22.673s][info][gc,heap        ] GC(127) Survivor regions: 1->1(6)
[2026-04-03T06:55:17.413+0600][22.673s][info][gc,heap        ] GC(127) Old regions: 8->8
[2026-04-03T06:55:17.413+0600][22.673s][info][gc,heap        ] GC(127) Humongous regions: 0->0
[2026-04-03T06:55:17.413+0600][22.673s][info][gc,metaspace   ] GC(127) Metaspace: 14206K(14464K)->14206K(14464K) NonClass: 12384K(12544K)->12384K(12544K) Class: 1821K(1920K)->1821K(1920K)
[2026-04-03T06:55:17.413+0600][22.673s][info][gc             ] GC(127) Pause Young (Normal) (G1 Evacuation Pause) 90M->4M(148M) 1.925ms
[2026-04-03T06:55:17.413+0600][22.673s][info][gc,cpu         ] GC(127) User=0.00s Sys=0.00s Real=0.00s
[2026-04-03T06:55:17.543+0600][22.803s][info][gc,start       ] GC(128) Pause Young (Normal) (G1 Evacuation Pause)
[2026-04-03T06:55:17.543+0600][22.804s][info][gc,task        ] GC(128) Using 10 workers of 10 for evacuation
[2026-04-03T06:55:17.544+0600][22.804s][info][gc,phases      ] GC(128)   Pre Evacuate Collection Set: 0.14ms
[2026-04-03T06:55:17.544+0600][22.805s][info][gc,phases      ] GC(128)   Merge Heap Roots: 0.10ms
[2026-04-03T06:55:17.544+0600][22.805s][info][gc,phases      ] GC(128)   Evacuate Collection Set: 0.21ms
[2026-04-03T06:55:17.544+0600][22.805s][info][gc,phases      ] GC(128)   Post Evacuate Collection Set: 0.37ms
[2026-04-03T06:55:17.544+0600][22.805s][info][gc,phases      ] GC(128)   Other: 0.16ms
[2026-04-03T06:55:17.544+0600][22.805s][info][gc,heap        ] GC(128) Eden regions: 43->0(43)
[2026-04-03T06:55:17.544+0600][22.805s][info][gc,heap        ] GC(128) Survivor regions: 1->1(6)
[2026-04-03T06:55:17.544+0600][22.805s][info][gc,heap        ] GC(128) Old regions: 8->8
[2026-04-03T06:55:17.544+0600][22.805s][info][gc,heap        ] GC(128) Humongous regions: 0->0
[2026-04-03T06:55:17.544+0600][22.805s][info][gc,metaspace   ] GC(128) Metaspace: 14206K(14464K)->14206K(14464K) NonClass: 12384K(12544K)->12384K(12544K) Class: 1821K(1920K)->1821K(1920K)
[2026-04-03T06:55:17.544+0600][22.805s][info][gc             ] GC(128) Pause Young (Normal) (G1 Evacuation Pause) 90M->4M(148M) 1.329ms
[2026-04-03T06:55:17.544+0600][22.805s][info][gc,cpu         ] GC(128) User=0.00s Sys=0.01s Real=0.01s
[2026-04-03T06:55:17.670+0600][22.930s][info][gc,start       ] GC(129) Pause Young (Normal) (G1 Evacuation Pause)
[2026-04-03T06:55:17.670+0600][22.930s][info][gc,task        ] GC(129) Using 10 workers of 10 for evacuation
[2026-04-03T06:55:17.671+0600][22.931s][info][gc,phases      ] GC(129)   Pre Evacuate Collection Set: 0.14ms
[2026-04-03T06:55:17.671+0600][22.931s][info][gc,phases      ] GC(129)   Merge Heap Roots: 0.09ms
[2026-04-03T06:55:17.671+0600][22.931s][info][gc,phases      ] GC(129)   Evacuate Collection Set: 0.21ms
[2026-04-03T06:55:17.671+0600][22.931s][info][gc,phases      ] GC(129)   Post Evacuate Collection Set: 0.40ms
[2026-04-03T06:55:17.671+0600][22.931s][info][gc,phases      ] GC(129)   Other: 0.09ms
[2026-04-03T06:55:17.671+0600][22.931s][info][gc,heap        ] GC(129) Eden regions: 43->0(43)
[2026-04-03T06:55:17.671+0600][22.931s][info][gc,heap        ] GC(129) Survivor regions: 1->1(6)
[2026-04-03T06:55:17.671+0600][22.931s][info][gc,heap        ] GC(129) Old regions: 8->8
[2026-04-03T06:55:17.671+0600][22.931s][info][gc,heap        ] GC(129) Humongous regions: 0->0
[2026-04-03T06:55:17.671+0600][22.931s][info][gc,metaspace   ] GC(129) Metaspace: 14206K(14464K)->14206K(14464K) NonClass: 12384K(12544K)->12384K(12544K) Class: 1821K(1920K)->1821K(1920K)
[2026-04-03T06:55:17.671+0600][22.931s][info][gc             ] GC(129) Pause Young (Normal) (G1 Evacuation Pause) 90M->4M(148M) 1.235ms
[2026-04-03T06:55:17.671+0600][22.931s][info][gc,cpu         ] GC(129) User=0.01s Sys=0.00s Real=0.00s
[2026-04-03T06:55:17.806+0600][23.066s][info][gc,start       ] GC(130) Pause Young (Normal) (G1 Evacuation Pause)
[2026-04-03T06:55:17.806+0600][23.066s][info][gc,task        ] GC(130) Using 10 workers of 10 for evacuation
[2026-04-03T06:55:17.807+0600][23.067s][info][gc,phases      ] GC(130)   Pre Evacuate Collection Set: 0.14ms
[2026-04-03T06:55:17.807+0600][23.067s][info][gc,phases      ] GC(130)   Merge Heap Roots: 0.10ms
[2026-04-03T06:55:17.807+0600][23.067s][info][gc,phases      ] GC(130)   Evacuate Collection Set: 0.24ms
[2026-04-03T06:55:17.807+0600][23.067s][info][gc,phases      ] GC(130)   Post Evacuate Collection Set: 0.32ms
[2026-04-03T06:55:17.807+0600][23.067s][info][gc,phases      ] GC(130)   Other: 0.09ms
[2026-04-03T06:55:17.807+0600][23.067s][info][gc,heap        ] GC(130) Eden regions: 43->0(43)
[2026-04-03T06:55:17.807+0600][23.067s][info][gc,heap        ] GC(130) Survivor regions: 1->1(6)
[2026-04-03T06:55:17.807+0600][23.067s][info][gc,heap        ] GC(130) Old regions: 8->8
[2026-04-03T06:55:17.807+0600][23.067s][info][gc,heap        ] GC(130) Humongous regions: 0->0
[2026-04-03T06:55:17.807+0600][23.067s][info][gc,metaspace   ] GC(130) Metaspace: 14206K(14464K)->14206K(14464K) NonClass: 12384K(12544K)->12384K(12544K) Class: 1821K(1920K)->1821K(1920K)
[2026-04-03T06:55:17.807+0600][23.067s][info][gc             ] GC(130) Pause Young (Normal) (G1 Evacuation Pause) 90M->4M(148M) 1.221ms
[2026-04-03T06:55:17.807+0600][23.067s][info][gc,cpu         ] GC(130) User=0.00s Sys=0.00s Real=0.00s
[2026-04-03T06:55:17.943+0600][23.203s][info][gc,start       ] GC(131) Pause Young (Normal) (G1 Evacuation Pause)
[2026-04-03T06:55:17.943+0600][23.203s][info][gc,task        ] GC(131) Using 10 workers of 10 for evacuation
[2026-04-03T06:55:17.944+0600][23.204s][info][gc,phases      ] GC(131)   Pre Evacuate Collection Set: 0.15ms
[2026-04-03T06:55:17.944+0600][23.204s][info][gc,phases      ] GC(131)   Merge Heap Roots: 0.10ms
[2026-04-03T06:55:17.944+0600][23.204s][info][gc,phases      ] GC(131)   Evacuate Collection Set: 0.25ms
[2026-04-03T06:55:17.944+0600][23.204s][info][gc,phases      ] GC(131)   Post Evacuate Collection Set: 0.35ms
[2026-04-03T06:55:17.944+0600][23.204s][info][gc,phases      ] GC(131)   Other: 0.10ms
[2026-04-03T06:55:17.944+0600][23.204s][info][gc,heap        ] GC(131) Eden regions: 43->0(43)
[2026-04-03T06:55:17.944+0600][23.204s][info][gc,heap        ] GC(131) Survivor regions: 1->1(6)
[2026-04-03T06:55:17.944+0600][23.204s][info][gc,heap        ] GC(131) Old regions: 8->8
[2026-04-03T06:55:17.944+0600][23.204s][info][gc,heap        ] GC(131) Humongous regions: 0->0
[2026-04-03T06:55:17.944+0600][23.204s][info][gc,metaspace   ] GC(131) Metaspace: 14206K(14464K)->14206K(14464K) NonClass: 12384K(12544K)->12384K(12544K) Class: 1821K(1920K)->1821K(1920K)
[2026-04-03T06:55:17.944+0600][23.204s][info][gc             ] GC(131) Pause Young (Normal) (G1 Evacuation Pause) 90M->4M(148M) 1.342ms
[2026-04-03T06:55:17.944+0600][23.205s][info][gc,cpu         ] GC(131) User=0.01s Sys=0.00s Real=0.01s
[2026-04-03T06:55:18.073+0600][23.333s][info][gc,start       ] GC(132) Pause Young (Normal) (G1 Evacuation Pause)
[2026-04-03T06:55:18.073+0600][23.333s][info][gc,task        ] GC(132) Using 10 workers of 10 for evacuation
[2026-04-03T06:55:18.074+0600][23.334s][info][gc,phases      ] GC(132)   Pre Evacuate Collection Set: 0.16ms
[2026-04-03T06:55:18.074+0600][23.334s][info][gc,phases      ] GC(132)   Merge Heap Roots: 0.11ms
[2026-04-03T06:55:18.074+0600][23.334s][info][gc,phases      ] GC(132)   Evacuate Collection Set: 0.24ms
[2026-04-03T06:55:18.074+0600][23.334s][info][gc,phases      ] GC(132)   Post Evacuate Collection Set: 0.36ms
[2026-04-03T06:55:18.074+0600][23.334s][info][gc,phases      ] GC(132)   Other: 0.09ms
[2026-04-03T06:55:18.074+0600][23.334s][info][gc,heap        ] GC(132) Eden regions: 43->0(43)
[2026-04-03T06:55:18.074+0600][23.334s][info][gc,heap        ] GC(132) Survivor regions: 1->1(6)
[2026-04-03T06:55:18.074+0600][23.334s][info][gc,heap        ] GC(132) Old regions: 8->8
[2026-04-03T06:55:18.074+0600][23.334s][info][gc,heap        ] GC(132) Humongous regions: 0->0
[2026-04-03T06:55:18.074+0600][23.334s][info][gc,metaspace   ] GC(132) Metaspace: 14206K(14464K)->14206K(14464K) NonClass: 12384K(12544K)->12384K(12544K) Class: 1821K(1920K)->1821K(1920K)
[2026-04-03T06:55:18.074+0600][23.334s][info][gc             ] GC(132) Pause Young (Normal) (G1 Evacuation Pause) 90M->4M(148M) 1.313ms
[2026-04-03T06:55:18.074+0600][23.334s][info][gc,cpu         ] GC(132) User=0.00s Sys=0.00s Real=0.01s
[2026-04-03T06:55:18.197+0600][23.458s][info][gc,start       ] GC(133) Pause Young (Normal) (G1 Evacuation Pause)
[2026-04-03T06:55:18.198+0600][23.458s][info][gc,task        ] GC(133) Using 10 workers of 10 for evacuation
[2026-04-03T06:55:18.198+0600][23.459s][info][gc,phases      ] GC(133)   Pre Evacuate Collection Set: 0.15ms
[2026-04-03T06:55:18.199+0600][23.459s][info][gc,phases      ] GC(133)   Merge Heap Roots: 0.09ms
[2026-04-03T06:55:18.199+0600][23.459s][info][gc,phases      ] GC(133)   Evacuate Collection Set: 0.20ms
[2026-04-03T06:55:18.199+0600][23.459s][info][gc,phases      ] GC(133)   Post Evacuate Collection Set: 0.32ms
[2026-04-03T06:55:18.199+0600][23.459s][info][gc,phases      ] GC(133)   Other: 0.09ms
[2026-04-03T06:55:18.199+0600][23.459s][info][gc,heap        ] GC(133) Eden regions: 43->0(43)
[2026-04-03T06:55:18.199+0600][23.459s][info][gc,heap        ] GC(133) Survivor regions: 1->1(6)
[2026-04-03T06:55:18.199+0600][23.459s][info][gc,heap        ] GC(133) Old regions: 8->8
[2026-04-03T06:55:18.199+0600][23.459s][info][gc,heap        ] GC(133) Humongous regions: 0->0
[2026-04-03T06:55:18.199+0600][23.459s][info][gc,metaspace   ] GC(133) Metaspace: 14206K(14464K)->14206K(14464K) NonClass: 12384K(12544K)->12384K(12544K) Class: 1821K(1920K)->1821K(1920K)
[2026-04-03T06:55:18.199+0600][23.459s][info][gc             ] GC(133) Pause Young (Normal) (G1 Evacuation Pause) 90M->4M(148M) 1.159ms
[2026-04-03T06:55:18.199+0600][23.459s][info][gc,cpu         ] GC(133) User=0.01s Sys=0.00s Real=0.00s
[2026-04-03T06:55:18.325+0600][23.586s][info][gc,start       ] GC(134) Pause Young (Normal) (G1 Evacuation Pause)
[2026-04-03T06:55:18.325+0600][23.586s][info][gc,task        ] GC(134) Using 10 workers of 10 for evacuation
[2026-04-03T06:55:18.327+0600][23.587s][info][gc,phases      ] GC(134)   Pre Evacuate Collection Set: 0.26ms
[2026-04-03T06:55:18.327+0600][23.587s][info][gc,phases      ] GC(134)   Merge Heap Roots: 0.10ms
[2026-04-03T06:55:18.327+0600][23.587s][info][gc,phases      ] GC(134)   Evacuate Collection Set: 0.22ms
[2026-04-03T06:55:18.327+0600][23.587s][info][gc,phases      ] GC(134)   Post Evacuate Collection Set: 0.55ms
[2026-04-03T06:55:18.327+0600][23.587s][info][gc,phases      ] GC(134)   Other: 0.10ms
[2026-04-03T06:55:18.327+0600][23.587s][info][gc,heap        ] GC(134) Eden regions: 43->0(43)
[2026-04-03T06:55:18.327+0600][23.587s][info][gc,heap        ] GC(134) Survivor regions: 1->1(6)
[2026-04-03T06:55:18.327+0600][23.587s][info][gc,heap        ] GC(134) Old regions: 8->8
[2026-04-03T06:55:18.327+0600][23.587s][info][gc,heap        ] GC(134) Humongous regions: 0->0
[2026-04-03T06:55:18.327+0600][23.587s][info][gc,metaspace   ] GC(134) Metaspace: 14206K(14464K)->14206K(14464K) NonClass: 12384K(12544K)->12384K(12544K) Class: 1821K(1920K)->1821K(1920K)
[2026-04-03T06:55:18.327+0600][23.587s][info][gc             ] GC(134) Pause Young (Normal) (G1 Evacuation Pause) 90M->4M(148M) 1.614ms
[2026-04-03T06:55:18.327+0600][23.587s][info][gc,cpu         ] GC(134) User=0.00s Sys=0.00s Real=0.00s
[2026-04-03T06:55:18.456+0600][23.717s][info][gc,start       ] GC(135) Pause Young (Normal) (G1 Evacuation Pause)
[2026-04-03T06:55:18.456+0600][23.717s][info][gc,task        ] GC(135) Using 10 workers of 10 for evacuation
[2026-04-03T06:55:18.458+0600][23.718s][info][gc,phases      ] GC(135)   Pre Evacuate Collection Set: 0.17ms
[2026-04-03T06:55:18.458+0600][23.718s][info][gc,phases      ] GC(135)   Merge Heap Roots: 0.11ms
[2026-04-03T06:55:18.458+0600][23.718s][info][gc,phases      ] GC(135)   Evacuate Collection Set: 0.23ms
[2026-04-03T06:55:18.458+0600][23.718s][info][gc,phases      ] GC(135)   Post Evacuate Collection Set: 0.51ms
[2026-04-03T06:55:18.458+0600][23.718s][info][gc,phases      ] GC(135)   Other: 0.09ms
[2026-04-03T06:55:18.458+0600][23.718s][info][gc,heap        ] GC(135) Eden regions: 43->0(43)
[2026-04-03T06:55:18.458+0600][23.718s][info][gc,heap        ] GC(135) Survivor regions: 1->1(6)
[2026-04-03T06:55:18.458+0600][23.718s][info][gc,heap        ] GC(135) Old regions: 8->8
[2026-04-03T06:55:18.458+0600][23.718s][info][gc,heap        ] GC(135) Humongous regions: 0->0
[2026-04-03T06:55:18.458+0600][23.718s][info][gc,metaspace   ] GC(135) Metaspace: 14206K(14464K)->14206K(14464K) NonClass: 12384K(12544K)->12384K(12544K) Class: 1821K(1920K)->1821K(1920K)
[2026-04-03T06:55:18.458+0600][23.718s][info][gc             ] GC(135) Pause Young (Normal) (G1 Evacuation Pause) 90M->4M(148M) 1.457ms
[2026-04-03T06:55:18.458+0600][23.718s][info][gc,cpu         ] GC(135) User=0.00s Sys=0.00s Real=0.00s
[2026-04-03T06:55:18.589+0600][23.849s][info][gc,start       ] GC(136) Pause Young (Normal) (G1 Evacuation Pause)
[2026-04-03T06:55:18.589+0600][23.850s][info][gc,task        ] GC(136) Using 10 workers of 10 for evacuation
[2026-04-03T06:55:18.591+0600][23.851s][info][gc,phases      ] GC(136)   Pre Evacuate Collection Set: 0.18ms
[2026-04-03T06:55:18.591+0600][23.851s][info][gc,phases      ] GC(136)   Merge Heap Roots: 0.12ms
[2026-04-03T06:55:18.591+0600][23.851s][info][gc,phases      ] GC(136)   Evacuate Collection Set: 0.25ms
[2026-04-03T06:55:18.591+0600][23.851s][info][gc,phases      ] GC(136)   Post Evacuate Collection Set: 0.58ms
[2026-04-03T06:55:18.591+0600][23.851s][info][gc,phases      ] GC(136)   Other: 0.11ms
[2026-04-03T06:55:18.591+0600][23.851s][info][gc,heap        ] GC(136) Eden regions: 43->0(43)
[2026-04-03T06:55:18.591+0600][23.851s][info][gc,heap        ] GC(136) Survivor regions: 1->1(6)
[2026-04-03T06:55:18.591+0600][23.851s][info][gc,heap        ] GC(136) Old regions: 8->8
[2026-04-03T06:55:18.591+0600][23.851s][info][gc,heap        ] GC(136) Humongous regions: 0->0
[2026-04-03T06:55:18.591+0600][23.851s][info][gc,metaspace   ] GC(136) Metaspace: 14206K(14464K)->14206K(14464K) NonClass: 12384K(12544K)->12384K(12544K) Class: 1821K(1920K)->1821K(1920K)
[2026-04-03T06:55:18.591+0600][23.851s][info][gc             ] GC(136) Pause Young (Normal) (G1 Evacuation Pause) 90M->4M(148M) 1.660ms
[2026-04-03T06:55:18.591+0600][23.851s][info][gc,cpu         ] GC(136) User=0.01s Sys=0.00s Real=0.00s
[2026-04-03T06:55:18.725+0600][23.985s][info][gc,start       ] GC(137) Pause Young (Normal) (G1 Evacuation Pause)
[2026-04-03T06:55:18.725+0600][23.985s][info][gc,task        ] GC(137) Using 10 workers of 10 for evacuation
[2026-04-03T06:55:18.726+0600][23.986s][info][gc,phases      ] GC(137)   Pre Evacuate Collection Set: 0.15ms
[2026-04-03T06:55:18.726+0600][23.986s][info][gc,phases      ] GC(137)   Merge Heap Roots: 0.10ms
[2026-04-03T06:55:18.726+0600][23.986s][info][gc,phases      ] GC(137)   Evacuate Collection Set: 0.27ms
[2026-04-03T06:55:18.726+0600][23.986s][info][gc,phases      ] GC(137)   Post Evacuate Collection Set: 0.40ms
[2026-04-03T06:55:18.726+0600][23.986s][info][gc,phases      ] GC(137)   Other: 0.09ms
[2026-04-03T06:55:18.726+0600][23.986s][info][gc,heap        ] GC(137) Eden regions: 43->0(43)
[2026-04-03T06:55:18.726+0600][23.986s][info][gc,heap        ] GC(137) Survivor regions: 1->1(6)
[2026-04-03T06:55:18.726+0600][23.986s][info][gc,heap        ] GC(137) Old regions: 8->8
[2026-04-03T06:55:18.726+0600][23.986s][info][gc,heap        ] GC(137) Humongous regions: 0->0
[2026-04-03T06:55:18.726+0600][23.986s][info][gc,metaspace   ] GC(137) Metaspace: 14206K(14464K)->14206K(14464K) NonClass: 12384K(12544K)->12384K(12544K) Class: 1821K(1920K)->1821K(1920K)
[2026-04-03T06:55:18.726+0600][23.986s][info][gc             ] GC(137) Pause Young (Normal) (G1 Evacuation Pause) 90M->4M(148M) 1.306ms
[2026-04-03T06:55:18.726+0600][23.986s][info][gc,cpu         ] GC(137) User=0.00s Sys=0.00s Real=0.00s
[2026-04-03T06:55:18.856+0600][24.116s][info][gc,start       ] GC(138) Pause Young (Normal) (G1 Evacuation Pause)
[2026-04-03T06:55:18.856+0600][24.116s][info][gc,task        ] GC(138) Using 10 workers of 10 for evacuation
[2026-04-03T06:55:18.857+0600][24.117s][info][gc,phases      ] GC(138)   Pre Evacuate Collection Set: 0.15ms
[2026-04-03T06:55:18.857+0600][24.117s][info][gc,phases      ] GC(138)   Merge Heap Roots: 0.10ms
[2026-04-03T06:55:18.857+0600][24.117s][info][gc,phases      ] GC(138)   Evacuate Collection Set: 0.25ms
[2026-04-03T06:55:18.857+0600][24.117s][info][gc,phases      ] GC(138)   Post Evacuate Collection Set: 0.37ms
[2026-04-03T06:55:18.857+0600][24.117s][info][gc,phases      ] GC(138)   Other: 0.09ms
[2026-04-03T06:55:18.857+0600][24.117s][info][gc,heap        ] GC(138) Eden regions: 43->0(43)
[2026-04-03T06:55:18.857+0600][24.117s][info][gc,heap        ] GC(138) Survivor regions: 1->1(6)
[2026-04-03T06:55:18.857+0600][24.117s][info][gc,heap        ] GC(138) Old regions: 8->8
[2026-04-03T06:55:18.857+0600][24.117s][info][gc,heap        ] GC(138) Humongous regions: 0->0
[2026-04-03T06:55:18.857+0600][24.117s][info][gc,metaspace   ] GC(138) Metaspace: 14206K(14464K)->14206K(14464K) NonClass: 12384K(12544K)->12384K(12544K) Class: 1821K(1920K)->1821K(1920K)
[2026-04-03T06:55:18.857+0600][24.117s][info][gc             ] GC(138) Pause Young (Normal) (G1 Evacuation Pause) 90M->4M(148M) 1.283ms
[2026-04-03T06:55:18.857+0600][24.117s][info][gc,cpu         ] GC(138) User=0.01s Sys=0.00s Real=0.00s
[2026-04-03T06:55:18.983+0600][24.243s][info][gc,start       ] GC(139) Pause Young (Normal) (G1 Evacuation Pause)
[2026-04-03T06:55:18.983+0600][24.243s][info][gc,task        ] GC(139) Using 10 workers of 10 for evacuation
[2026-04-03T06:55:18.984+0600][24.244s][info][gc,phases      ] GC(139)   Pre Evacuate Collection Set: 0.14ms
[2026-04-03T06:55:18.984+0600][24.244s][info][gc,phases      ] GC(139)   Merge Heap Roots: 0.08ms
[2026-04-03T06:55:18.984+0600][24.244s][info][gc,phases      ] GC(139)   Evacuate Collection Set: 0.20ms
[2026-04-03T06:55:18.984+0600][24.244s][info][gc,phases      ] GC(139)   Post Evacuate Collection Set: 0.40ms
[2026-04-03T06:55:18.984+0600][24.244s][info][gc,phases      ] GC(139)   Other: 0.09ms
[2026-04-03T06:55:18.984+0600][24.244s][info][gc,heap        ] GC(139) Eden regions: 43->0(43)
[2026-04-03T06:55:18.984+0600][24.244s][info][gc,heap        ] GC(139) Survivor regions: 1->1(6)
[2026-04-03T06:55:18.984+0600][24.244s][info][gc,heap        ] GC(139) Old regions: 8->8
[2026-04-03T06:55:18.984+0600][24.244s][info][gc,heap        ] GC(139) Humongous regions: 0->0
[2026-04-03T06:55:18.984+0600][24.244s][info][gc,metaspace   ] GC(139) Metaspace: 14206K(14464K)->14206K(14464K) NonClass: 12384K(12544K)->12384K(12544K) Class: 1821K(1920K)->1821K(1920K)
[2026-04-03T06:55:18.984+0600][24.244s][info][gc             ] GC(139) Pause Young (Normal) (G1 Evacuation Pause) 90M->4M(148M) 1.305ms
[2026-04-03T06:55:18.984+0600][24.244s][info][gc,cpu         ] GC(139) User=0.00s Sys=0.00s Real=0.01s
[2026-04-03T06:55:19.110+0600][24.370s][info][gc,start       ] GC(140) Pause Young (Normal) (G1 Evacuation Pause)
[2026-04-03T06:55:19.110+0600][24.370s][info][gc,task        ] GC(140) Using 10 workers of 10 for evacuation
[2026-04-03T06:55:19.111+0600][24.372s][info][gc,phases      ] GC(140)   Pre Evacuate Collection Set: 0.24ms
[2026-04-03T06:55:19.112+0600][24.372s][info][gc,phases      ] GC(140)   Merge Heap Roots: 0.13ms
[2026-04-03T06:55:19.112+0600][24.372s][info][gc,phases      ] GC(140)   Evacuate Collection Set: 0.34ms
[2026-04-03T06:55:19.112+0600][24.372s][info][gc,phases      ] GC(140)   Post Evacuate Collection Set: 0.58ms
[2026-04-03T06:55:19.112+0600][24.372s][info][gc,phases      ] GC(140)   Other: 0.11ms
[2026-04-03T06:55:19.112+0600][24.372s][info][gc,heap        ] GC(140) Eden regions: 43->0(43)
[2026-04-03T06:55:19.112+0600][24.372s][info][gc,heap        ] GC(140) Survivor regions: 1->1(6)
[2026-04-03T06:55:19.112+0600][24.372s][info][gc,heap        ] GC(140) Old regions: 8->8
[2026-04-03T06:55:19.112+0600][24.372s][info][gc,heap        ] GC(140) Humongous regions: 0->0
[2026-04-03T06:55:19.112+0600][24.372s][info][gc,metaspace   ] GC(140) Metaspace: 14206K(14464K)->14206K(14464K) NonClass: 12384K(12544K)->12384K(12544K) Class: 1821K(1920K)->1821K(1920K)
[2026-04-03T06:55:19.112+0600][24.372s][info][gc             ] GC(140) Pause Young (Normal) (G1 Evacuation Pause) 90M->4M(148M) 1.827ms
[2026-04-03T06:55:19.112+0600][24.372s][info][gc,cpu         ] GC(140) User=0.00s Sys=0.00s Real=0.00s
[2026-04-03T06:55:19.244+0600][24.504s][info][gc,start       ] GC(141) Pause Young (Normal) (G1 Evacuation Pause)
[2026-04-03T06:55:19.244+0600][24.504s][info][gc,task        ] GC(141) Using 10 workers of 10 for evacuation
[2026-04-03T06:55:19.245+0600][24.505s][info][gc,phases      ] GC(141)   Pre Evacuate Collection Set: 0.18ms
[2026-04-03T06:55:19.245+0600][24.505s][info][gc,phases      ] GC(141)   Merge Heap Roots: 0.12ms
[2026-04-03T06:55:19.245+0600][24.505s][info][gc,phases      ] GC(141)   Evacuate Collection Set: 0.22ms
[2026-04-03T06:55:19.245+0600][24.505s][info][gc,phases      ] GC(141)   Post Evacuate Collection Set: 0.53ms
[2026-04-03T06:55:19.245+0600][24.505s][info][gc,phases      ] GC(141)   Other: 0.11ms
[2026-04-03T06:55:19.245+0600][24.505s][info][gc,heap        ] GC(141) Eden regions: 43->0(43)
[2026-04-03T06:55:19.245+0600][24.505s][info][gc,heap        ] GC(141) Survivor regions: 1->1(6)
[2026-04-03T06:55:19.245+0600][24.505s][info][gc,heap        ] GC(141) Old regions: 8->8
[2026-04-03T06:55:19.245+0600][24.505s][info][gc,heap        ] GC(141) Humongous regions: 0->0
[2026-04-03T06:55:19.245+0600][24.505s][info][gc,metaspace   ] GC(141) Metaspace: 14206K(14464K)->14206K(14464K) NonClass: 12384K(12544K)->12384K(12544K) Class: 1821K(1920K)->1821K(1920K)
[2026-04-03T06:55:19.245+0600][24.506s][info][gc             ] GC(141) Pause Young (Normal) (G1 Evacuation Pause) 90M->4M(148M) 1.590ms
[2026-04-03T06:55:19.245+0600][24.506s][info][gc,cpu         ] GC(141) User=0.00s Sys=0.00s Real=0.00s
[2026-04-03T06:55:19.365+0600][24.625s][info][gc,start       ] GC(142) Pause Young (Normal) (G1 Evacuation Pause)
[2026-04-03T06:55:19.365+0600][24.625s][info][gc,task        ] GC(142) Using 10 workers of 10 for evacuation
[2026-04-03T06:55:19.366+0600][24.626s][info][gc,phases      ] GC(142)   Pre Evacuate Collection Set: 0.13ms
[2026-04-03T06:55:19.366+0600][24.626s][info][gc,phases      ] GC(142)   Merge Heap Roots: 0.08ms
[2026-04-03T06:55:19.366+0600][24.626s][info][gc,phases      ] GC(142)   Evacuate Collection Set: 0.25ms
[2026-04-03T06:55:19.366+0600][24.626s][info][gc,phases      ] GC(142)   Post Evacuate Collection Set: 0.29ms
[2026-04-03T06:55:19.366+0600][24.626s][info][gc,phases      ] GC(142)   Other: 0.08ms
[2026-04-03T06:55:19.366+0600][24.626s][info][gc,heap        ] GC(142) Eden regions: 43->0(43)
[2026-04-03T06:55:19.366+0600][24.626s][info][gc,heap        ] GC(142) Survivor regions: 1->1(6)
[2026-04-03T06:55:19.366+0600][24.626s][info][gc,heap        ] GC(142) Old regions: 8->8
[2026-04-03T06:55:19.366+0600][24.626s][info][gc,heap        ] GC(142) Humongous regions: 0->0
[2026-04-03T06:55:19.366+0600][24.626s][info][gc,metaspace   ] GC(142) Metaspace: 14206K(14464K)->14206K(14464K) NonClass: 12384K(12544K)->12384K(12544K) Class: 1821K(1920K)->1821K(1920K)
[2026-04-03T06:55:19.366+0600][24.626s][info][gc             ] GC(142) Pause Young (Normal) (G1 Evacuation Pause) 90M->4M(148M) 1.115ms
[2026-04-03T06:55:19.366+0600][24.626s][info][gc,cpu         ] GC(142) User=0.00s Sys=0.00s Real=0.00s
[2026-04-03T06:55:19.490+0600][24.750s][info][gc,start       ] GC(143) Pause Young (Normal) (G1 Evacuation Pause)
[2026-04-03T06:55:19.490+0600][24.750s][info][gc,task        ] GC(143) Using 10 workers of 10 for evacuation
[2026-04-03T06:55:19.491+0600][24.751s][info][gc,phases      ] GC(143)   Pre Evacuate Collection Set: 0.15ms
[2026-04-03T06:55:19.491+0600][24.751s][info][gc,phases      ] GC(143)   Merge Heap Roots: 0.12ms
[2026-04-03T06:55:19.491+0600][24.751s][info][gc,phases      ] GC(143)   Evacuate Collection Set: 0.31ms
[2026-04-03T06:55:19.491+0600][24.751s][info][gc,phases      ] GC(143)   Post Evacuate Collection Set: 0.40ms
[2026-04-03T06:55:19.491+0600][24.751s][info][gc,phases      ] GC(143)   Other: 0.11ms
[2026-04-03T06:55:19.491+0600][24.751s][info][gc,heap        ] GC(143) Eden regions: 43->0(43)
[2026-04-03T06:55:19.491+0600][24.751s][info][gc,heap        ] GC(143) Survivor regions: 1->1(6)
[2026-04-03T06:55:19.491+0600][24.751s][info][gc,heap        ] GC(143) Old regions: 8->8
[2026-04-03T06:55:19.491+0600][24.751s][info][gc,heap        ] GC(143) Humongous regions: 0->0
[2026-04-03T06:55:19.491+0600][24.751s][info][gc,metaspace   ] GC(143) Metaspace: 14206K(14464K)->14206K(14464K) NonClass: 12384K(12544K)->12384K(12544K) Class: 1821K(1920K)->1821K(1920K)
[2026-04-03T06:55:19.491+0600][24.751s][info][gc             ] GC(143) Pause Young (Normal) (G1 Evacuation Pause) 90M->4M(148M) 1.474ms
[2026-04-03T06:55:19.491+0600][24.751s][info][gc,cpu         ] GC(143) User=0.00s Sys=0.00s Real=0.00s
[2026-04-03T06:55:19.617+0600][24.877s][info][gc,start       ] GC(144) Pause Young (Normal) (G1 Evacuation Pause)
[2026-04-03T06:55:19.617+0600][24.878s][info][gc,task        ] GC(144) Using 10 workers of 10 for evacuation
[2026-04-03T06:55:19.618+0600][24.878s][info][gc,phases      ] GC(144)   Pre Evacuate Collection Set: 0.14ms
[2026-04-03T06:55:19.618+0600][24.878s][info][gc,phases      ] GC(144)   Merge Heap Roots: 0.09ms
[2026-04-03T06:55:19.618+0600][24.878s][info][gc,phases      ] GC(144)   Evacuate Collection Set: 0.23ms
[2026-04-03T06:55:19.618+0600][24.878s][info][gc,phases      ] GC(144)   Post Evacuate Collection Set: 0.33ms
[2026-04-03T06:55:19.618+0600][24.878s][info][gc,phases      ] GC(144)   Other: 0.09ms
[2026-04-03T06:55:19.618+0600][24.878s][info][gc,heap        ] GC(144) Eden regions: 43->0(43)
[2026-04-03T06:55:19.618+0600][24.878s][info][gc,heap        ] GC(144) Survivor regions: 1->1(6)
[2026-04-03T06:55:19.618+0600][24.879s][info][gc,heap        ] GC(144) Old regions: 8->8
[2026-04-03T06:55:19.618+0600][24.879s][info][gc,heap        ] GC(144) Humongous regions: 0->0
[2026-04-03T06:55:19.618+0600][24.879s][info][gc,metaspace   ] GC(144) Metaspace: 14206K(14464K)->14206K(14464K) NonClass: 12384K(12544K)->12384K(12544K) Class: 1821K(1920K)->1821K(1920K)
[2026-04-03T06:55:19.618+0600][24.879s][info][gc             ] GC(144) Pause Young (Normal) (G1 Evacuation Pause) 90M->4M(148M) 1.211ms
[2026-04-03T06:55:19.618+0600][24.879s][info][gc,cpu         ] GC(144) User=0.01s Sys=0.00s Real=0.00s
[2026-04-03T06:55:19.743+0600][25.003s][info][gc,start       ] GC(145) Pause Young (Normal) (G1 Evacuation Pause)
[2026-04-03T06:55:19.743+0600][25.003s][info][gc,task        ] GC(145) Using 10 workers of 10 for evacuation
[2026-04-03T06:55:19.744+0600][25.004s][info][gc,phases      ] GC(145)   Pre Evacuate Collection Set: 0.19ms
[2026-04-03T06:55:19.744+0600][25.004s][info][gc,phases      ] GC(145)   Merge Heap Roots: 0.10ms
[2026-04-03T06:55:19.744+0600][25.004s][info][gc,phases      ] GC(145)   Evacuate Collection Set: 0.21ms
[2026-04-03T06:55:19.744+0600][25.004s][info][gc,phases      ] GC(145)   Post Evacuate Collection Set: 0.34ms
[2026-04-03T06:55:19.744+0600][25.004s][info][gc,phases      ] GC(145)   Other: 0.10ms
[2026-04-03T06:55:19.744+0600][25.004s][info][gc,heap        ] GC(145) Eden regions: 43->0(43)
[2026-04-03T06:55:19.744+0600][25.004s][info][gc,heap        ] GC(145) Survivor regions: 1->1(6)
[2026-04-03T06:55:19.744+0600][25.004s][info][gc,heap        ] GC(145) Old regions: 8->8
[2026-04-03T06:55:19.744+0600][25.004s][info][gc,heap        ] GC(145) Humongous regions: 0->0
[2026-04-03T06:55:19.744+0600][25.004s][info][gc,metaspace   ] GC(145) Metaspace: 14206K(14464K)->14206K(14464K) NonClass: 12384K(12544K)->12384K(12544K) Class: 1821K(1920K)->1821K(1920K)
[2026-04-03T06:55:19.744+0600][25.004s][info][gc             ] GC(145) Pause Young (Normal) (G1 Evacuation Pause) 90M->4M(148M) 1.310ms
[2026-04-03T06:55:19.744+0600][25.004s][info][gc,cpu         ] GC(145) User=0.00s Sys=0.00s Real=0.01s
[2026-04-03T06:55:19.875+0600][25.135s][info][gc,start       ] GC(146) Pause Young (Normal) (G1 Evacuation Pause)
[2026-04-03T06:55:19.875+0600][25.135s][info][gc,task        ] GC(146) Using 10 workers of 10 for evacuation
[2026-04-03T06:55:19.876+0600][25.136s][info][gc,phases      ] GC(146)   Pre Evacuate Collection Set: 0.14ms
[2026-04-03T06:55:19.876+0600][25.136s][info][gc,phases      ] GC(146)   Merge Heap Roots: 0.09ms
[2026-04-03T06:55:19.876+0600][25.136s][info][gc,phases      ] GC(146)   Evacuate Collection Set: 0.21ms
[2026-04-03T06:55:19.876+0600][25.136s][info][gc,phases      ] GC(146)   Post Evacuate Collection Set: 0.34ms
[2026-04-03T06:55:19.876+0600][25.136s][info][gc,phases      ] GC(146)   Other: 0.09ms
[2026-04-03T06:55:19.876+0600][25.136s][info][gc,heap        ] GC(146) Eden regions: 43->0(43)
[2026-04-03T06:55:19.876+0600][25.136s][info][gc,heap        ] GC(146) Survivor regions: 1->1(6)
[2026-04-03T06:55:19.876+0600][25.136s][info][gc,heap        ] GC(146) Old regions: 8->8
[2026-04-03T06:55:19.876+0600][25.136s][info][gc,heap        ] GC(146) Humongous regions: 0->0
[2026-04-03T06:55:19.876+0600][25.136s][info][gc,metaspace   ] GC(146) Metaspace: 14206K(14464K)->14206K(14464K) NonClass: 12384K(12544K)->12384K(12544K) Class: 1821K(1920K)->1821K(1920K)
[2026-04-03T06:55:19.876+0600][25.136s][info][gc             ] GC(146) Pause Young (Normal) (G1 Evacuation Pause) 90M->4M(148M) 1.204ms
[2026-04-03T06:55:19.876+0600][25.136s][info][gc,cpu         ] GC(146) User=0.01s Sys=0.00s Real=0.00s
[2026-04-03T06:55:20.004+0600][25.265s][info][gc,start       ] GC(147) Pause Young (Normal) (G1 Evacuation Pause)
[2026-04-03T06:55:20.005+0600][25.265s][info][gc,task        ] GC(147) Using 10 workers of 10 for evacuation
[2026-04-03T06:55:20.006+0600][25.266s][info][gc,phases      ] GC(147)   Pre Evacuate Collection Set: 0.18ms
[2026-04-03T06:55:20.006+0600][25.266s][info][gc,phases      ] GC(147)   Merge Heap Roots: 0.10ms
[2026-04-03T06:55:20.006+0600][25.266s][info][gc,phases      ] GC(147)   Evacuate Collection Set: 0.21ms
[2026-04-03T06:55:20.006+0600][25.266s][info][gc,phases      ] GC(147)   Post Evacuate Collection Set: 0.48ms
[2026-04-03T06:55:20.006+0600][25.266s][info][gc,phases      ] GC(147)   Other: 0.12ms
[2026-04-03T06:55:20.006+0600][25.266s][info][gc,heap        ] GC(147) Eden regions: 43->0(43)
[2026-04-03T06:55:20.006+0600][25.266s][info][gc,heap        ] GC(147) Survivor regions: 1->1(6)
[2026-04-03T06:55:20.006+0600][25.266s][info][gc,heap        ] GC(147) Old regions: 8->8
[2026-04-03T06:55:20.006+0600][25.266s][info][gc,heap        ] GC(147) Humongous regions: 0->0
[2026-04-03T06:55:20.006+0600][25.266s][info][gc,metaspace   ] GC(147) Metaspace: 14206K(14464K)->14206K(14464K) NonClass: 12384K(12544K)->12384K(12544K) Class: 1821K(1920K)->1821K(1920K)
[2026-04-03T06:55:20.006+0600][25.266s][info][gc             ] GC(147) Pause Young (Normal) (G1 Evacuation Pause) 90M->4M(148M) 1.465ms
[2026-04-03T06:55:20.006+0600][25.266s][info][gc,cpu         ] GC(147) User=0.00s Sys=0.00s Real=0.00s
[2026-04-03T06:55:20.128+0600][25.389s][info][gc,start       ] GC(148) Pause Young (Normal) (G1 Evacuation Pause)
[2026-04-03T06:55:20.128+0600][25.389s][info][gc,task        ] GC(148) Using 10 workers of 10 for evacuation
[2026-04-03T06:55:20.129+0600][25.390s][info][gc,phases      ] GC(148)   Pre Evacuate Collection Set: 0.14ms
[2026-04-03T06:55:20.129+0600][25.390s][info][gc,phases      ] GC(148)   Merge Heap Roots: 0.09ms
[2026-04-03T06:55:20.129+0600][25.390s][info][gc,phases      ] GC(148)   Evacuate Collection Set: 0.23ms
[2026-04-03T06:55:20.129+0600][25.390s][info][gc,phases      ] GC(148)   Post Evacuate Collection Set: 0.40ms
[2026-04-03T06:55:20.130+0600][25.390s][info][gc,phases      ] GC(148)   Other: 0.10ms
[2026-04-03T06:55:20.130+0600][25.390s][info][gc,heap        ] GC(148) Eden regions: 43->0(43)
[2026-04-03T06:55:20.130+0600][25.390s][info][gc,heap        ] GC(148) Survivor regions: 1->1(6)
[2026-04-03T06:55:20.130+0600][25.390s][info][gc,heap        ] GC(148) Old regions: 8->8
[2026-04-03T06:55:20.130+0600][25.390s][info][gc,heap        ] GC(148) Humongous regions: 0->0
[2026-04-03T06:55:20.130+0600][25.390s][info][gc,metaspace   ] GC(148) Metaspace: 14206K(14464K)->14206K(14464K) NonClass: 12384K(12544K)->12384K(12544K) Class: 1821K(1920K)->1821K(1920K)
[2026-04-03T06:55:20.130+0600][25.390s][info][gc             ] GC(148) Pause Young (Normal) (G1 Evacuation Pause) 90M->4M(148M) 1.284ms
[2026-04-03T06:55:20.130+0600][25.390s][info][gc,cpu         ] GC(148) User=0.00s Sys=0.00s Real=0.00s
[2026-04-03T06:55:20.253+0600][25.513s][info][gc,start       ] GC(149) Pause Young (Normal) (G1 Evacuation Pause)
[2026-04-03T06:55:20.253+0600][25.513s][info][gc,task        ] GC(149) Using 10 workers of 10 for evacuation
[2026-04-03T06:55:20.254+0600][25.514s][info][gc,phases      ] GC(149)   Pre Evacuate Collection Set: 0.13ms
[2026-04-03T06:55:20.254+0600][25.514s][info][gc,phases      ] GC(149)   Merge Heap Roots: 0.10ms
[2026-04-03T06:55:20.254+0600][25.514s][info][gc,phases      ] GC(149)   Evacuate Collection Set: 0.22ms
[2026-04-03T06:55:20.254+0600][25.514s][info][gc,phases      ] GC(149)   Post Evacuate Collection Set: 0.37ms
[2026-04-03T06:55:20.254+0600][25.514s][info][gc,phases      ] GC(149)   Other: 0.09ms
[2026-04-03T06:55:20.254+0600][25.514s][info][gc,heap        ] GC(149) Eden regions: 43->0(43)
[2026-04-03T06:55:20.254+0600][25.514s][info][gc,heap        ] GC(149) Survivor regions: 1->1(6)
[2026-04-03T06:55:20.254+0600][25.514s][info][gc,heap        ] GC(149) Old regions: 8->8
[2026-04-03T06:55:20.254+0600][25.514s][info][gc,heap        ] GC(149) Humongous regions: 0->0
[2026-04-03T06:55:20.254+0600][25.514s][info][gc,metaspace   ] GC(149) Metaspace: 14206K(14464K)->14206K(14464K) NonClass: 12384K(12544K)->12384K(12544K) Class: 1821K(1920K)->1821K(1920K)
[2026-04-03T06:55:20.254+0600][25.514s][info][gc             ] GC(149) Pause Young (Normal) (G1 Evacuation Pause) 90M->4M(148M) 1.187ms
[2026-04-03T06:55:20.254+0600][25.514s][info][gc,cpu         ] GC(149) User=0.00s Sys=0.00s Real=0.01s
[2026-04-03T06:55:20.388+0600][25.648s][info][gc,start       ] GC(150) Pause Young (Normal) (G1 Evacuation Pause)
[2026-04-03T06:55:20.388+0600][25.648s][info][gc,task        ] GC(150) Using 10 workers of 10 for evacuation
[2026-04-03T06:55:20.389+0600][25.649s][info][gc,phases      ] GC(150)   Pre Evacuate Collection Set: 0.15ms
[2026-04-03T06:55:20.389+0600][25.649s][info][gc,phases      ] GC(150)   Merge Heap Roots: 0.12ms
[2026-04-03T06:55:20.389+0600][25.649s][info][gc,phases      ] GC(150)   Evacuate Collection Set: 0.24ms
[2026-04-03T06:55:20.389+0600][25.649s][info][gc,phases      ] GC(150)   Post Evacuate Collection Set: 0.40ms
[2026-04-03T06:55:20.389+0600][25.649s][info][gc,phases      ] GC(150)   Other: 0.11ms
[2026-04-03T06:55:20.389+0600][25.649s][info][gc,heap        ] GC(150) Eden regions: 43->0(43)
[2026-04-03T06:55:20.389+0600][25.649s][info][gc,heap        ] GC(150) Survivor regions: 1->1(6)
[2026-04-03T06:55:20.389+0600][25.649s][info][gc,heap        ] GC(150) Old regions: 8->8
[2026-04-03T06:55:20.389+0600][25.649s][info][gc,heap        ] GC(150) Humongous regions: 0->0
[2026-04-03T06:55:20.389+0600][25.649s][info][gc,metaspace   ] GC(150) Metaspace: 14206K(14464K)->14206K(14464K) NonClass: 12384K(12544K)->12384K(12544K) Class: 1821K(1920K)->1821K(1920K)
[2026-04-03T06:55:20.389+0600][25.649s][info][gc             ] GC(150) Pause Young (Normal) (G1 Evacuation Pause) 90M->4M(148M) 1.388ms
[2026-04-03T06:55:20.389+0600][25.649s][info][gc,cpu         ] GC(150) User=0.01s Sys=0.01s Real=0.00s
[2026-04-03T06:55:20.513+0600][25.773s][info][gc,start       ] GC(151) Pause Young (Normal) (G1 Evacuation Pause)
[2026-04-03T06:55:20.513+0600][25.773s][info][gc,task        ] GC(151) Using 10 workers of 10 for evacuation
[2026-04-03T06:55:20.514+0600][25.774s][info][gc,phases      ] GC(151)   Pre Evacuate Collection Set: 0.15ms
[2026-04-03T06:55:20.514+0600][25.774s][info][gc,phases      ] GC(151)   Merge Heap Roots: 0.09ms
[2026-04-03T06:55:20.514+0600][25.774s][info][gc,phases      ] GC(151)   Evacuate Collection Set: 0.22ms
[2026-04-03T06:55:20.514+0600][25.774s][info][gc,phases      ] GC(151)   Post Evacuate Collection Set: 0.58ms
[2026-04-03T06:55:20.514+0600][25.774s][info][gc,phases      ] GC(151)   Other: 0.16ms
[2026-04-03T06:55:20.514+0600][25.774s][info][gc,heap        ] GC(151) Eden regions: 43->0(43)
[2026-04-03T06:55:20.514+0600][25.774s][info][gc,heap        ] GC(151) Survivor regions: 1->1(6)
[2026-04-03T06:55:20.514+0600][25.774s][info][gc,heap        ] GC(151) Old regions: 8->8
[2026-04-03T06:55:20.514+0600][25.774s][info][gc,heap        ] GC(151) Humongous regions: 0->0
[2026-04-03T06:55:20.514+0600][25.774s][info][gc,metaspace   ] GC(151) Metaspace: 14206K(14464K)->14206K(14464K) NonClass: 12384K(12544K)->12384K(12544K) Class: 1821K(1920K)->1821K(1920K)
[2026-04-03T06:55:20.514+0600][25.775s][info][gc             ] GC(151) Pause Young (Normal) (G1 Evacuation Pause) 90M->4M(148M) 1.585ms
[2026-04-03T06:55:20.514+0600][25.775s][info][gc,cpu         ] GC(151) User=0.00s Sys=0.00s Real=0.01s
[2026-04-03T06:55:20.644+0600][25.904s][info][gc,start       ] GC(152) Pause Young (Normal) (G1 Evacuation Pause)
[2026-04-03T06:55:20.644+0600][25.904s][info][gc,task        ] GC(152) Using 10 workers of 10 for evacuation
[2026-04-03T06:55:20.645+0600][25.905s][info][gc,phases      ] GC(152)   Pre Evacuate Collection Set: 0.15ms
[2026-04-03T06:55:20.645+0600][25.905s][info][gc,phases      ] GC(152)   Merge Heap Roots: 0.09ms
[2026-04-03T06:55:20.645+0600][25.905s][info][gc,phases      ] GC(152)   Evacuate Collection Set: 0.37ms
[2026-04-03T06:55:20.645+0600][25.905s][info][gc,phases      ] GC(152)   Post Evacuate Collection Set: 0.47ms
[2026-04-03T06:55:20.645+0600][25.905s][info][gc,phases      ] GC(152)   Other: 0.12ms
[2026-04-03T06:55:20.645+0600][25.905s][info][gc,heap        ] GC(152) Eden regions: 43->0(43)
[2026-04-03T06:55:20.645+0600][25.905s][info][gc,heap        ] GC(152) Survivor regions: 1->1(6)
[2026-04-03T06:55:20.645+0600][25.905s][info][gc,heap        ] GC(152) Old regions: 8->8
[2026-04-03T06:55:20.645+0600][25.905s][info][gc,heap        ] GC(152) Humongous regions: 0->0
[2026-04-03T06:55:20.645+0600][25.905s][info][gc,metaspace   ] GC(152) Metaspace: 14206K(14464K)->14206K(14464K) NonClass: 12384K(12544K)->12384K(12544K) Class: 1821K(1920K)->1821K(1920K)
[2026-04-03T06:55:20.645+0600][25.905s][info][gc             ] GC(152) Pause Young (Normal) (G1 Evacuation Pause) 90M->4M(148M) 1.492ms
[2026-04-03T06:55:20.645+0600][25.905s][info][gc,cpu         ] GC(152) User=0.01s Sys=0.00s Real=0.00s
[2026-04-03T06:55:20.834+0600][26.094s][info][gc,heap,exit   ] Heap
[2026-04-03T06:55:20.834+0600][26.094s][info][gc,heap,exit   ]  garbage-first heap   total 151552K, used 85650K [0x000000070ae00000, 0x0000000800000000)
[2026-04-03T06:55:20.834+0600][26.094s][info][gc,heap,exit   ]   region size 2048K, 41 young (83968K), 1 survivors (2048K)
[2026-04-03T06:55:20.834+0600][26.094s][info][gc,heap,exit   ]  Metaspace       used 14545K, committed 14784K, reserved 1114112K
[2026-04-03T06:55:20.834+0600][26.094s][info][gc,heap,exit   ]   class space    used 1944K, committed 2048K, reserved 1048576K
