[2026-04-03T01:44:19.127+0600][0.005s][info][gc,init] CardTable entry size: 512
[2026-04-03T01:44:19.127+0600][0.005s][info][gc     ] Using G1
[2026-04-03T01:44:19.130+0600][0.008s][info][gc,init] Version: 21.0.10+7-Ubuntu-124.04 (release)
[2026-04-03T01:44:19.130+0600][0.008s][info][gc,init] CPUs: 12 total, 12 available
[2026-04-03T01:44:19.130+0600][0.008s][info][gc,init] Memory: 15683M
[2026-04-03T01:44:19.130+0600][0.008s][info][gc,init] Large Page Support: Disabled
[2026-04-03T01:44:19.130+0600][0.008s][info][gc,init] NUMA Support: Disabled
[2026-04-03T01:44:19.130+0600][0.008s][info][gc,init] Compressed Oops: Enabled (Zero based)
[2026-04-03T01:44:19.130+0600][0.008s][info][gc,init] Heap Region Size: 2M
[2026-04-03T01:44:19.130+0600][0.008s][info][gc,init] Heap Min Capacity: 8M
[2026-04-03T01:44:19.130+0600][0.008s][info][gc,init] Heap Initial Capacity: 246M
[2026-04-03T01:44:19.130+0600][0.008s][info][gc,init] Heap Max Capacity: 3922M
[2026-04-03T01:44:19.130+0600][0.008s][info][gc,init] Pre-touch: Disabled
[2026-04-03T01:44:19.130+0600][0.008s][info][gc,init] Parallel Workers: 10
[2026-04-03T01:44:19.130+0600][0.008s][info][gc,init] Concurrent Workers: 2
[2026-04-03T01:44:19.130+0600][0.008s][info][gc,init] Concurrent Refinement Workers: 10
[2026-04-03T01:44:19.130+0600][0.008s][info][gc,init] Periodic GC: Disabled
[2026-04-03T01:44:19.146+0600][0.023s][info][gc,metaspace] CDS archive(s) mapped at: [0x00007c01a3000000-0x00007c01a3c9c000-0x00007c01a3c9c000), size 13221888, SharedBaseAddress: 0x00007c01a3000000, ArchiveRelocationMode: 1.
[2026-04-03T01:44:19.146+0600][0.024s][info][gc,metaspace] Compressed class space mapped at: 0x00007c01a4000000-0x00007c01e4000000, reserved size: 1073741824
[2026-04-03T01:44:19.146+0600][0.024s][info][gc,metaspace] Narrow klass base: 0x00007c01a3000000, Narrow klass shift: 0, Narrow klass range: 0x100000000
[2026-04-03T01:44:19.561+0600][0.439s][info][gc,start    ] GC(0) Pause Young (Normal) (G1 Evacuation Pause)
[2026-04-03T01:44:19.562+0600][0.440s][info][gc,task     ] GC(0) Using 5 workers of 10 for evacuation
[2026-04-03T01:44:19.565+0600][0.443s][info][gc,phases   ] GC(0)   Pre Evacuate Collection Set: 0.13ms
[2026-04-03T01:44:19.565+0600][0.443s][info][gc,phases   ] GC(0)   Merge Heap Roots: 0.15ms
[2026-04-03T01:44:19.565+0600][0.443s][info][gc,phases   ] GC(0)   Evacuate Collection Set: 1.70ms
[2026-04-03T01:44:19.565+0600][0.443s][info][gc,phases   ] GC(0)   Post Evacuate Collection Set: 0.32ms
[2026-04-03T01:44:19.565+0600][0.443s][info][gc,phases   ] GC(0)   Other: 1.12ms
[2026-04-03T01:44:19.565+0600][0.443s][info][gc,heap     ] GC(0) Eden regions: 11->0(22)
[2026-04-03T01:44:19.565+0600][0.443s][info][gc,heap     ] GC(0) Survivor regions: 0->2(2)
[2026-04-03T01:44:19.565+0600][0.443s][info][gc,heap     ] GC(0) Old regions: 1->1
[2026-04-03T01:44:19.565+0600][0.443s][info][gc,heap     ] GC(0) Humongous regions: 0->0
[2026-04-03T01:44:19.565+0600][0.443s][info][gc,metaspace] GC(0) Metaspace: 2527K(2688K)->2527K(2688K) NonClass: 2298K(2368K)->2298K(2368K) Class: 228K(320K)->228K(320K)
[2026-04-03T01:44:19.565+0600][0.443s][info][gc          ] GC(0) Pause Young (Normal) (G1 Evacuation Pause) 23M->3M(248M) 3.726ms
[2026-04-03T01:44:19.565+0600][0.443s][info][gc,cpu      ] GC(0) User=0.01s Sys=0.01s Real=0.00s
[2026-04-03T01:44:19.703+0600][0.580s][info][gc,start    ] GC(1) Pause Young (Normal) (G1 Evacuation Pause)
[2026-04-03T01:44:19.703+0600][0.580s][info][gc,task     ] GC(1) Using 5 workers of 10 for evacuation
[2026-04-03T01:44:19.705+0600][0.583s][info][gc,phases   ] GC(1)   Pre Evacuate Collection Set: 0.20ms
[2026-04-03T01:44:19.705+0600][0.583s][info][gc,phases   ] GC(1)   Merge Heap Roots: 0.13ms
[2026-04-03T01:44:19.705+0600][0.583s][info][gc,phases   ] GC(1)   Evacuate Collection Set: 1.60ms
[2026-04-03T01:44:19.705+0600][0.583s][info][gc,phases   ] GC(1)   Post Evacuate Collection Set: 0.56ms
[2026-04-03T01:44:19.705+0600][0.583s][info][gc,phases   ] GC(1)   Other: 0.07ms
[2026-04-03T01:44:19.705+0600][0.583s][info][gc,heap     ] GC(1) Eden regions: 22->0(71)
[2026-04-03T01:44:19.705+0600][0.583s][info][gc,heap     ] GC(1) Survivor regions: 2->2(3)
[2026-04-03T01:44:19.705+0600][0.583s][info][gc,heap     ] GC(1) Old regions: 1->1
[2026-04-03T01:44:19.705+0600][0.583s][info][gc,heap     ] GC(1) Humongous regions: 0->0
[2026-04-03T01:44:19.705+0600][0.583s][info][gc,metaspace] GC(1) Metaspace: 3806K(3968K)->3806K(3968K) NonClass: 3373K(3456K)->3373K(3456K) Class: 432K(512K)->432K(512K)
[2026-04-03T01:44:19.705+0600][0.583s][info][gc          ] GC(1) Pause Young (Normal) (G1 Evacuation Pause) 47M->3M(248M) 2.785ms
[2026-04-03T01:44:19.705+0600][0.583s][info][gc,cpu      ] GC(1) User=0.00s Sys=0.00s Real=0.00s
[2026-04-03T01:44:20.487+0600][1.365s][info][gc,start    ] GC(2) Pause Young (Normal) (G1 Evacuation Pause)
[2026-04-03T01:44:20.488+0600][1.365s][info][gc,task     ] GC(2) Using 5 workers of 10 for evacuation
[2026-04-03T01:44:20.492+0600][1.369s][info][gc,phases   ] GC(2)   Pre Evacuate Collection Set: 0.32ms
[2026-04-03T01:44:20.492+0600][1.369s][info][gc,phases   ] GC(2)   Merge Heap Roots: 0.10ms
[2026-04-03T01:44:20.492+0600][1.369s][info][gc,phases   ] GC(2)   Evacuate Collection Set: 2.91ms
[2026-04-03T01:44:20.492+0600][1.369s][info][gc,phases   ] GC(2)   Post Evacuate Collection Set: 0.77ms
[2026-04-03T01:44:20.492+0600][1.370s][info][gc,phases   ] GC(2)   Other: 0.10ms
[2026-04-03T01:44:20.492+0600][1.370s][info][gc,heap     ] GC(2) Eden regions: 71->0(71)
[2026-04-03T01:44:20.492+0600][1.370s][info][gc,heap     ] GC(2) Survivor regions: 2->2(10)
[2026-04-03T01:44:20.492+0600][1.370s][info][gc,heap     ] GC(2) Old regions: 1->1
[2026-04-03T01:44:20.492+0600][1.370s][info][gc,heap     ] GC(2) Humongous regions: 0->0
[2026-04-03T01:44:20.492+0600][1.370s][info][gc,metaspace] GC(2) Metaspace: 9907K(10112K)->9907K(10112K) NonClass: 8652K(8768K)->8652K(8768K) Class: 1254K(1344K)->1254K(1344K)
[2026-04-03T01:44:20.492+0600][1.370s][info][gc          ] GC(2) Pause Young (Normal) (G1 Evacuation Pause) 145M->4M(248M) 4.457ms
[2026-04-03T01:44:20.492+0600][1.370s][info][gc,cpu      ] GC(2) User=0.02s Sys=0.00s Real=0.01s
[2026-04-03T01:44:23.189+0600][4.066s][info][gc,start    ] GC(3) Pause Young (Normal) (G1 Evacuation Pause)
[2026-04-03T01:44:23.189+0600][4.066s][info][gc,task     ] GC(3) Using 5 workers of 10 for evacuation
[2026-04-03T01:44:23.194+0600][4.072s][info][gc,phases   ] GC(3)   Pre Evacuate Collection Set: 0.34ms
[2026-04-03T01:44:23.194+0600][4.072s][info][gc,phases   ] GC(3)   Merge Heap Roots: 0.12ms
[2026-04-03T01:44:23.194+0600][4.072s][info][gc,phases   ] GC(3)   Evacuate Collection Set: 4.52ms
[2026-04-03T01:44:23.194+0600][4.072s][info][gc,phases   ] GC(3)   Post Evacuate Collection Set: 0.66ms
[2026-04-03T01:44:23.195+0600][4.072s][info][gc,phases   ] GC(3)   Other: 0.08ms
[2026-04-03T01:44:23.195+0600][4.072s][info][gc,heap     ] GC(3) Eden regions: 71->0(66)
[2026-04-03T01:44:23.195+0600][4.072s][info][gc,heap     ] GC(3) Survivor regions: 2->7(10)
[2026-04-03T01:44:23.195+0600][4.072s][info][gc,heap     ] GC(3) Old regions: 1->1
[2026-04-03T01:44:23.195+0600][4.072s][info][gc,heap     ] GC(3) Humongous regions: 3->3
[2026-04-03T01:44:23.195+0600][4.072s][info][gc,metaspace] GC(3) Metaspace: 17264K(17600K)->17264K(17600K) NonClass: 15109K(15296K)->15109K(15296K) Class: 2154K(2304K)->2154K(2304K)
[2026-04-03T01:44:23.195+0600][4.072s][info][gc          ] GC(3) Pause Young (Normal) (G1 Evacuation Pause) 152M->20M(248M) 5.931ms
[2026-04-03T01:44:23.195+0600][4.072s][info][gc,cpu      ] GC(3) User=0.01s Sys=0.01s Real=0.01s
[2026-04-03T01:44:23.558+0600][4.436s][info][gc,start    ] GC(4) Pause Young (Concurrent Start) (Metadata GC Threshold)
[2026-04-03T01:44:23.558+0600][4.436s][info][gc,task     ] GC(4) Using 5 workers of 10 for evacuation
[2026-04-03T01:44:23.566+0600][4.443s][info][gc,phases   ] GC(4)   Pre Evacuate Collection Set: 0.38ms
[2026-04-03T01:44:23.566+0600][4.443s][info][gc,phases   ] GC(4)   Merge Heap Roots: 0.09ms
[2026-04-03T01:44:23.566+0600][4.443s][info][gc,phases   ] GC(4)   Evacuate Collection Set: 5.38ms
[2026-04-03T01:44:23.566+0600][4.443s][info][gc,phases   ] GC(4)   Post Evacuate Collection Set: 1.40ms
[2026-04-03T01:44:23.566+0600][4.443s][info][gc,phases   ] GC(4)   Other: 0.15ms
[2026-04-03T01:44:23.566+0600][4.443s][info][gc,heap     ] GC(4) Eden regions: 8->0(66)
[2026-04-03T01:44:23.566+0600][4.443s][info][gc,heap     ] GC(4) Survivor regions: 7->7(10)
[2026-04-03T01:44:23.566+0600][4.443s][info][gc,heap     ] GC(4) Old regions: 1->3
[2026-04-03T01:44:23.566+0600][4.443s][info][gc,heap     ] GC(4) Humongous regions: 3->3
[2026-04-03T01:44:23.566+0600][4.443s][info][gc,metaspace] GC(4) Metaspace: 21218K(21504K)->21218K(21504K) NonClass: 18586K(18688K)->18586K(18688K) Class: 2631K(2816K)->2631K(2816K)
[2026-04-03T01:44:23.566+0600][4.444s][info][gc          ] GC(4) Pause Young (Concurrent Start) (Metadata GC Threshold) 36M->22M(248M) 7.811ms
[2026-04-03T01:44:23.566+0600][4.444s][info][gc,cpu      ] GC(4) User=0.03s Sys=0.00s Real=0.01s
[2026-04-03T01:44:23.566+0600][4.444s][info][gc          ] GC(5) Concurrent Mark Cycle
[2026-04-03T01:44:23.566+0600][4.444s][info][gc,marking  ] GC(5) Concurrent Scan Root Regions
[2026-04-03T01:44:23.571+0600][4.448s][info][gc,marking  ] GC(5) Concurrent Scan Root Regions 4.525ms
[2026-04-03T01:44:23.571+0600][4.448s][info][gc,marking  ] GC(5) Concurrent Mark
[2026-04-03T01:44:23.571+0600][4.448s][info][gc,marking  ] GC(5) Concurrent Mark From Roots
[2026-04-03T01:44:23.571+0600][4.448s][info][gc,task     ] GC(5) Using 2 workers of 2 for marking
[2026-04-03T01:44:23.575+0600][4.453s][info][gc,marking  ] GC(5) Concurrent Mark From Roots 4.265ms
[2026-04-03T01:44:23.575+0600][4.453s][info][gc,marking  ] GC(5) Concurrent Preclean
[2026-04-03T01:44:23.575+0600][4.453s][info][gc,marking  ] GC(5) Concurrent Preclean 0.018ms
[2026-04-03T01:44:23.575+0600][4.453s][info][gc,start    ] GC(5) Pause Remark
[2026-04-03T01:44:23.579+0600][4.457s][info][gc          ] GC(5) Pause Remark 23M->23M(88M) 4.051ms
[2026-04-03T01:44:23.579+0600][4.457s][info][gc,cpu      ] GC(5) User=0.01s Sys=0.00s Real=0.00s
[2026-04-03T01:44:23.580+0600][4.457s][info][gc,marking  ] GC(5) Concurrent Mark 8.885ms
[2026-04-03T01:44:23.580+0600][4.457s][info][gc,marking  ] GC(5) Concurrent Rebuild Remembered Sets and Scrub Regions
[2026-04-03T01:44:23.583+0600][4.461s][info][gc,marking  ] GC(5) Concurrent Rebuild Remembered Sets and Scrub Regions 3.659ms
[2026-04-03T01:44:23.596+0600][4.474s][info][gc,start    ] GC(5) Pause Cleanup
[2026-04-03T01:44:23.596+0600][4.474s][info][gc          ] GC(5) Pause Cleanup 23M->23M(88M) 0.259ms
[2026-04-03T01:44:23.596+0600][4.474s][info][gc,cpu      ] GC(5) User=0.00s Sys=0.00s Real=0.00s
[2026-04-03T01:44:23.596+0600][4.474s][info][gc,marking  ] GC(5) Concurrent Clear Claimed Marks
[2026-04-03T01:44:23.596+0600][4.474s][info][gc,marking  ] GC(5) Concurrent Clear Claimed Marks 0.057ms
[2026-04-03T01:44:23.596+0600][4.474s][info][gc,marking  ] GC(5) Concurrent Cleanup for Next Mark
[2026-04-03T01:44:23.597+0600][4.475s][info][gc,marking  ] GC(5) Concurrent Cleanup for Next Mark 0.825ms
[2026-04-03T01:44:23.597+0600][4.475s][info][gc          ] GC(5) Concurrent Mark Cycle 31.275ms
[2026-04-03T01:44:25.084+0600][5.961s][info][gc,start    ] GC(6) Pause Young (Prepare Mixed) (G1 Evacuation Pause)
[2026-04-03T01:44:25.084+0600][5.961s][info][gc,task     ] GC(6) Using 3 workers of 10 for evacuation
[2026-04-03T01:44:25.095+0600][5.973s][info][gc,phases   ] GC(6)   Pre Evacuate Collection Set: 0.25ms
[2026-04-03T01:44:25.095+0600][5.973s][info][gc,phases   ] GC(6)   Merge Heap Roots: 0.14ms
[2026-04-03T01:44:25.095+0600][5.973s][info][gc,phases   ] GC(6)   Evacuate Collection Set: 9.55ms
[2026-04-03T01:44:25.095+0600][5.973s][info][gc,phases   ] GC(6)   Post Evacuate Collection Set: 0.96ms
[2026-04-03T01:44:25.095+0600][5.973s][info][gc,phases   ] GC(6)   Other: 0.19ms
[2026-04-03T01:44:25.095+0600][5.973s][info][gc,heap     ] GC(6) Eden regions: 28->0(29)
[2026-04-03T01:44:25.095+0600][5.973s][info][gc,heap     ] GC(6) Survivor regions: 7->2(10)
[2026-04-03T01:44:25.095+0600][5.973s][info][gc,heap     ] GC(6) Old regions: 3->9
[2026-04-03T01:44:25.095+0600][5.973s][info][gc,heap     ] GC(6) Humongous regions: 7->3
[2026-04-03T01:44:25.095+0600][5.973s][info][gc,metaspace] GC(6) Metaspace: 28813K(29248K)->28813K(29248K) NonClass: 25223K(25472K)->25223K(25472K) Class: 3589K(3776K)->3589K(3776K)
[2026-04-03T01:44:25.095+0600][5.973s][info][gc          ] GC(6) Pause Young (Prepare Mixed) (G1 Evacuation Pause) 86M->23M(106M) 11.541ms
[2026-04-03T01:44:25.095+0600][5.973s][info][gc,cpu      ] GC(6) User=0.02s Sys=0.01s Real=0.01s
[2026-04-03T01:44:26.755+0600][7.633s][info][gc,start    ] GC(7) Pause Young (Mixed) (Metadata GC Threshold)
[2026-04-03T01:44:26.755+0600][7.633s][info][gc,task     ] GC(7) Using 2 workers of 10 for evacuation
[2026-04-03T01:44:26.765+0600][7.643s][info][gc,phases   ] GC(7)   Pre Evacuate Collection Set: 0.25ms
[2026-04-03T01:44:26.765+0600][7.643s][info][gc,phases   ] GC(7)   Merge Heap Roots: 0.29ms
[2026-04-03T01:44:26.765+0600][7.643s][info][gc,phases   ] GC(7)   Evacuate Collection Set: 8.53ms
[2026-04-03T01:44:26.765+0600][7.643s][info][gc,phases   ] GC(7)   Post Evacuate Collection Set: 0.61ms
[2026-04-03T01:44:26.765+0600][7.643s][info][gc,phases   ] GC(7)   Other: 0.09ms
[2026-04-03T01:44:26.765+0600][7.643s][info][gc,heap     ] GC(7) Eden regions: 27->0(28)
[2026-04-03T01:44:26.765+0600][7.643s][info][gc,heap     ] GC(7) Survivor regions: 2->3(4)
[2026-04-03T01:44:26.765+0600][7.643s][info][gc,heap     ] GC(7) Old regions: 9->8
[2026-04-03T01:44:26.765+0600][7.643s][info][gc,heap     ] GC(7) Humongous regions: 9->3
[2026-04-03T01:44:26.765+0600][7.643s][info][gc,metaspace] GC(7) Metaspace: 35725K(36096K)->35725K(36096K) NonClass: 31272K(31488K)->31272K(31488K) Class: 4452K(4608K)->4452K(4608K)
[2026-04-03T01:44:26.765+0600][7.643s][info][gc          ] GC(7) Pause Young (Mixed) (Metadata GC Threshold) 89M->25M(106M) 10.024ms
[2026-04-03T01:44:26.765+0600][7.643s][info][gc,cpu      ] GC(7) User=0.01s Sys=0.01s Real=0.01s
[2026-04-03T01:44:26.787+0600][7.664s][info][gc,start    ] GC(8) Pause Young (Concurrent Start) (Metadata GC Threshold)
[2026-04-03T01:44:26.787+0600][7.664s][info][gc,task     ] GC(8) Using 2 workers of 10 for evacuation
[2026-04-03T01:44:26.796+0600][7.673s][info][gc,phases   ] GC(8)   Pre Evacuate Collection Set: 0.43ms
[2026-04-03T01:44:26.796+0600][7.673s][info][gc,phases   ] GC(8)   Merge Heap Roots: 0.09ms
[2026-04-03T01:44:26.796+0600][7.673s][info][gc,phases   ] GC(8)   Evacuate Collection Set: 7.91ms
[2026-04-03T01:44:26.796+0600][7.673s][info][gc,phases   ] GC(8)   Post Evacuate Collection Set: 0.43ms
[2026-04-03T01:44:26.796+0600][7.673s][info][gc,phases   ] GC(8)   Other: 0.23ms
[2026-04-03T01:44:26.796+0600][7.674s][info][gc,heap     ] GC(8) Eden regions: 2->0(29)
[2026-04-03T01:44:26.796+0600][7.674s][info][gc,heap     ] GC(8) Survivor regions: 3->2(4)
[2026-04-03T01:44:26.796+0600][7.674s][info][gc,heap     ] GC(8) Old regions: 8->9
[2026-04-03T01:44:26.796+0600][7.674s][info][gc,heap     ] GC(8) Humongous regions: 3->3
[2026-04-03T01:44:26.796+0600][7.674s][info][gc,metaspace] GC(8) Metaspace: 36012K(36416K)->36012K(36416K) NonClass: 31521K(31744K)->31521K(31744K) Class: 4490K(4672K)->4490K(4672K)
[2026-04-03T01:44:26.796+0600][7.674s][info][gc          ] GC(8) Pause Young (Concurrent Start) (Metadata GC Threshold) 28M->25M(106M) 9.396ms
[2026-04-03T01:44:26.796+0600][7.674s][info][gc,cpu      ] GC(8) User=0.01s Sys=0.00s Real=0.01s
[2026-04-03T01:44:26.796+0600][7.674s][info][gc          ] GC(9) Concurrent Mark Cycle
[2026-04-03T01:44:26.796+0600][7.674s][info][gc,marking  ] GC(9) Concurrent Scan Root Regions
[2026-04-03T01:44:26.800+0600][7.678s][info][gc,marking  ] GC(9) Concurrent Scan Root Regions 3.967ms
[2026-04-03T01:44:26.800+0600][7.678s][info][gc,marking  ] GC(9) Concurrent Mark
[2026-04-03T01:44:26.800+0600][7.678s][info][gc,marking  ] GC(9) Concurrent Mark From Roots
[2026-04-03T01:44:26.800+0600][7.678s][info][gc,task     ] GC(9) Using 2 workers of 2 for marking
[2026-04-03T01:44:26.809+0600][7.687s][info][gc,marking  ] GC(9) Concurrent Mark From Roots 8.893ms
[2026-04-03T01:44:26.809+0600][7.687s][info][gc,marking  ] GC(9) Concurrent Preclean
[2026-04-03T01:44:26.809+0600][7.687s][info][gc,marking  ] GC(9) Concurrent Preclean 0.103ms
[2026-04-03T01:44:26.809+0600][7.687s][info][gc,start    ] GC(9) Pause Remark
[2026-04-03T01:44:26.817+0600][7.695s][info][gc          ] GC(9) Pause Remark 28M->28M(94M) 7.759ms
[2026-04-03T01:44:26.817+0600][7.695s][info][gc,cpu      ] GC(9) User=0.01s Sys=0.00s Real=0.01s
[2026-04-03T01:44:26.817+0600][7.695s][info][gc,marking  ] GC(9) Concurrent Mark 17.404ms
[2026-04-03T01:44:26.818+0600][7.695s][info][gc,marking  ] GC(9) Concurrent Rebuild Remembered Sets and Scrub Regions
[2026-04-03T01:44:26.825+0600][7.702s][info][gc,marking  ] GC(9) Concurrent Rebuild Remembered Sets and Scrub Regions 7.218ms
[2026-04-03T01:44:26.825+0600][7.703s][info][gc,start    ] GC(9) Pause Cleanup
[2026-04-03T01:44:26.825+0600][7.703s][info][gc          ] GC(9) Pause Cleanup 28M->28M(94M) 0.290ms
[2026-04-03T01:44:26.825+0600][7.703s][info][gc,cpu      ] GC(9) User=0.00s Sys=0.00s Real=0.00s
[2026-04-03T01:44:26.825+0600][7.703s][info][gc,marking  ] GC(9) Concurrent Clear Claimed Marks
[2026-04-03T01:44:26.825+0600][7.703s][info][gc,marking  ] GC(9) Concurrent Clear Claimed Marks 0.086ms
[2026-04-03T01:44:26.825+0600][7.703s][info][gc,marking  ] GC(9) Concurrent Cleanup for Next Mark
[2026-04-03T01:44:26.826+0600][7.704s][info][gc,marking  ] GC(9) Concurrent Cleanup for Next Mark 0.398ms
[2026-04-03T01:44:26.826+0600][7.704s][info][gc          ] GC(9) Concurrent Mark Cycle 29.991ms
[2026-04-03T01:44:28.754+0600][9.632s][info][gc,start    ] GC(10) Pause Young (Prepare Mixed) (G1 Evacuation Pause)
[2026-04-03T01:44:28.754+0600][9.632s][info][gc,task     ] GC(10) Using 2 workers of 10 for evacuation
[2026-04-03T01:44:28.765+0600][9.643s][info][gc,phases   ] GC(10)   Pre Evacuate Collection Set: 0.20ms
[2026-04-03T01:44:28.765+0600][9.643s][info][gc,phases   ] GC(10)   Merge Heap Roots: 0.17ms
[2026-04-03T01:44:28.765+0600][9.643s][info][gc,phases   ] GC(10)   Evacuate Collection Set: 10.09ms
[2026-04-03T01:44:28.765+0600][9.643s][info][gc,phases   ] GC(10)   Post Evacuate Collection Set: 0.54ms
[2026-04-03T01:44:28.765+0600][9.643s][info][gc,phases   ] GC(10)   Other: 0.06ms
[2026-04-03T01:44:28.765+0600][9.643s][info][gc,heap     ] GC(10) Eden regions: 27->0(26)
[2026-04-03T01:44:28.765+0600][9.643s][info][gc,heap     ] GC(10) Survivor regions: 2->4(4)
[2026-04-03T01:44:28.765+0600][9.643s][info][gc,heap     ] GC(10) Old regions: 9->9
[2026-04-03T01:44:28.765+0600][9.643s][info][gc,heap     ] GC(10) Humongous regions: 9->3
[2026-04-03T01:44:28.765+0600][9.643s][info][gc,metaspace] GC(10) Metaspace: 42825K(43200K)->42825K(43200K) NonClass: 37495K(37696K)->37495K(37696K) Class: 5330K(5504K)->5330K(5504K)
[2026-04-03T01:44:28.765+0600][9.643s][info][gc          ] GC(10) Pause Young (Prepare Mixed) (G1 Evacuation Pause) 91M->29M(102M) 11.276ms
[2026-04-03T01:44:28.765+0600][9.643s][info][gc,cpu      ] GC(10) User=0.03s Sys=0.00s Real=0.01s
[2026-04-03T01:44:29.357+0600][10.234s][info][gc,start    ] GC(11) Pause Young (Mixed) (G1 Evacuation Pause)
[2026-04-03T01:44:29.357+0600][10.234s][info][gc,task     ] GC(11) Using 2 workers of 10 for evacuation
[2026-04-03T01:44:29.375+0600][10.253s][info][gc,phases   ] GC(11)   Pre Evacuate Collection Set: 0.32ms
[2026-04-03T01:44:29.375+0600][10.253s][info][gc,phases   ] GC(11)   Merge Heap Roots: 0.17ms
[2026-04-03T01:44:29.375+0600][10.253s][info][gc,phases   ] GC(11)   Evacuate Collection Set: 16.87ms
[2026-04-03T01:44:29.375+0600][10.253s][info][gc,phases   ] GC(11)   Post Evacuate Collection Set: 0.90ms
[2026-04-03T01:44:29.375+0600][10.253s][info][gc,phases   ] GC(11)   Other: 0.10ms
[2026-04-03T01:44:29.375+0600][10.253s][info][gc,heap     ] GC(11) Eden regions: 26->0(27)
[2026-04-03T01:44:29.375+0600][10.253s][info][gc,heap     ] GC(11) Survivor regions: 4->3(4)
[2026-04-03T01:44:29.375+0600][10.253s][info][gc,heap     ] GC(11) Old regions: 9->11
[2026-04-03T01:44:29.375+0600][10.253s][info][gc,heap     ] GC(11) Humongous regions: 3->3
[2026-04-03T01:44:29.375+0600][10.253s][info][gc,metaspace] GC(11) Metaspace: 49561K(50048K)->49561K(50048K) NonClass: 43396K(43712K)->43396K(43712K) Class: 6165K(6336K)->6165K(6336K)
[2026-04-03T01:44:29.375+0600][10.253s][info][gc          ] GC(11) Pause Young (Mixed) (G1 Evacuation Pause) 81M->30M(102M) 18.736ms
[2026-04-03T01:44:29.375+0600][10.253s][info][gc,cpu      ] GC(11) User=0.06s Sys=0.00s Real=0.02s
[2026-04-03T01:44:29.521+0600][10.399s][info][gc,start    ] GC(12) Pause Young (Normal) (G1 Evacuation Pause)
[2026-04-03T01:44:29.521+0600][10.399s][info][gc,task     ] GC(12) Using 2 workers of 10 for evacuation
[2026-04-03T01:44:29.882+0600][10.759s][info][gc,mmu      ] GC(12) MMU target violated: 201.0ms (200.0ms/201.0ms)
[2026-04-03T01:44:29.882+0600][10.759s][info][gc,phases   ] GC(12)   Pre Evacuate Collection Set: 0.46ms
[2026-04-03T01:44:29.882+0600][10.759s][info][gc,phases   ] GC(12)   Merge Heap Roots: 0.17ms
[2026-04-03T01:44:29.882+0600][10.759s][info][gc,phases   ] GC(12)   Evacuate Collection Set: 358.70ms
[2026-04-03T01:44:29.882+0600][10.759s][info][gc,phases   ] GC(12)   Post Evacuate Collection Set: 0.75ms
[2026-04-03T01:44:29.882+0600][10.759s][info][gc,phases   ] GC(12)   Other: 0.15ms
[2026-04-03T01:44:29.882+0600][10.759s][info][gc,heap     ] GC(12) Eden regions: 27->0(13)
[2026-04-03T01:44:29.882+0600][10.759s][info][gc,heap     ] GC(12) Survivor regions: 3->4(4)
[2026-04-03T01:44:29.882+0600][10.759s][info][gc,heap     ] GC(12) Old regions: 11->36
[2026-04-03T01:44:29.882+0600][10.759s][info][gc,heap     ] GC(12) Humongous regions: 3->3
[2026-04-03T01:44:29.882+0600][10.759s][info][gc,metaspace] GC(12) Metaspace: 49606K(50048K)->49606K(50048K) NonClass: 43440K(43712K)->43440K(43712K) Class: 6165K(6336K)->6165K(6336K)
[2026-04-03T01:44:29.882+0600][10.759s][info][gc          ] GC(12) Pause Young (Normal) (G1 Evacuation Pause) 84M->85M(146M) 360.404ms
[2026-04-03T01:44:29.882+0600][10.759s][info][gc,cpu      ] GC(12) User=0.70s Sys=0.02s Real=0.36s
[2026-04-03T01:44:29.938+0600][10.816s][info][gc,start    ] GC(13) Pause Young (Concurrent Start) (G1 Evacuation Pause)
[2026-04-03T01:44:29.938+0600][10.816s][info][gc,task     ] GC(13) Using 3 workers of 10 for evacuation
[2026-04-03T01:44:30.097+0600][10.975s][info][gc,phases   ] GC(13)   Pre Evacuate Collection Set: 0.41ms
[2026-04-03T01:44:30.097+0600][10.975s][info][gc,phases   ] GC(13)   Merge Heap Roots: 0.18ms
[2026-04-03T01:44:30.097+0600][10.975s][info][gc,phases   ] GC(13)   Evacuate Collection Set: 157.37ms
[2026-04-03T01:44:30.097+0600][10.975s][info][gc,phases   ] GC(13)   Post Evacuate Collection Set: 0.98ms
[2026-04-03T01:44:30.097+0600][10.975s][info][gc,phases   ] GC(13)   Other: 0.13ms
[2026-04-03T01:44:30.097+0600][10.975s][info][gc,heap     ] GC(13) Eden regions: 13->0(27)
[2026-04-03T01:44:30.097+0600][10.975s][info][gc,heap     ] GC(13) Survivor regions: 4->3(3)
[2026-04-03T01:44:30.097+0600][10.975s][info][gc,heap     ] GC(13) Old regions: 36->51
[2026-04-03T01:44:30.097+0600][10.975s][info][gc,heap     ] GC(13) Humongous regions: 3->3
[2026-04-03T01:44:30.097+0600][10.975s][info][gc,metaspace] GC(13) Metaspace: 49606K(50048K)->49606K(50048K) NonClass: 43440K(43712K)->43440K(43712K) Class: 6165K(6336K)->6165K(6336K)
[2026-04-03T01:44:30.097+0600][10.975s][info][gc          ] GC(13) Pause Young (Concurrent Start) (G1 Evacuation Pause) 111M->112M(364M) 159.306ms
[2026-04-03T01:44:30.097+0600][10.975s][info][gc,cpu      ] GC(13) User=0.45s Sys=0.02s Real=0.16s
[2026-04-03T01:44:30.097+0600][10.975s][info][gc          ] GC(14) Concurrent Mark Cycle
[2026-04-03T01:44:30.097+0600][10.975s][info][gc,marking  ] GC(14) Concurrent Scan Root Regions
[2026-04-03T01:44:30.111+0600][10.988s][info][gc,marking  ] GC(14) Concurrent Scan Root Regions 13.182ms
[2026-04-03T01:44:30.111+0600][10.988s][info][gc,marking  ] GC(14) Concurrent Mark
[2026-04-03T01:44:30.111+0600][10.988s][info][gc,marking  ] GC(14) Concurrent Mark From Roots
[2026-04-03T01:44:30.111+0600][10.988s][info][gc,task     ] GC(14) Using 2 workers of 2 for marking
[2026-04-03T01:44:30.284+0600][11.162s][info][gc,start    ] GC(15) Pause Young (Normal) (G1 Evacuation Pause)
[2026-04-03T01:44:30.284+0600][11.162s][info][gc,task     ] GC(15) Using 8 workers of 10 for evacuation
[2026-04-03T01:44:30.639+0600][11.517s][info][gc,mmu      ] GC(15) MMU target violated: 201.0ms (200.0ms/201.0ms)
[2026-04-03T01:44:30.639+0600][11.517s][info][gc,phases   ] GC(15)   Pre Evacuate Collection Set: 0.25ms
[2026-04-03T01:44:30.639+0600][11.517s][info][gc,phases   ] GC(15)   Merge Heap Roots: 0.07ms
[2026-04-03T01:44:30.639+0600][11.517s][info][gc,phases   ] GC(15)   Evacuate Collection Set: 354.33ms
[2026-04-03T01:44:30.639+0600][11.517s][info][gc,phases   ] GC(15)   Post Evacuate Collection Set: 0.44ms
[2026-04-03T01:44:30.639+0600][11.517s][info][gc,phases   ] GC(15)   Other: 0.19ms
[2026-04-03T01:44:30.639+0600][11.517s][info][gc,heap     ] GC(15) Eden regions: 27->0(25)
[2026-04-03T01:44:30.639+0600][11.517s][info][gc,heap     ] GC(15) Survivor regions: 3->4(4)
[2026-04-03T01:44:30.639+0600][11.517s][info][gc,heap     ] GC(15) Old regions: 51->79
[2026-04-03T01:44:30.639+0600][11.517s][info][gc,heap     ] GC(15) Humongous regions: 3->3
[2026-04-03T01:44:30.639+0600][11.517s][info][gc,metaspace] GC(15) Metaspace: 49606K(50048K)->49606K(50048K) NonClass: 43440K(43712K)->43440K(43712K) Class: 6165K(6336K)->6165K(6336K)
[2026-04-03T01:44:30.639+0600][11.517s][info][gc          ] GC(15) Pause Young (Normal) (G1 Evacuation Pause) 166M->169M(364M) 355.498ms
[2026-04-03T01:44:30.639+0600][11.517s][info][gc,cpu      ] GC(15) User=1.13s Sys=0.07s Real=0.35s
[2026-04-03T01:44:30.683+0600][11.561s][info][gc,marking  ] GC(14) Concurrent Mark From Roots 572.522ms
[2026-04-03T01:44:30.683+0600][11.561s][info][gc,marking  ] GC(14) Concurrent Preclean
[2026-04-03T01:44:30.683+0600][11.561s][info][gc,marking  ] GC(14) Concurrent Preclean 0.105ms
[2026-04-03T01:44:30.684+0600][11.561s][info][gc,start    ] GC(14) Pause Remark
[2026-04-03T01:44:30.687+0600][11.565s][info][gc          ] GC(14) Pause Remark 182M->182M(364M) 3.653ms
[2026-04-03T01:44:30.687+0600][11.565s][info][gc,cpu      ] GC(14) User=0.01s Sys=0.00s Real=0.00s
[2026-04-03T01:44:30.688+0600][11.565s][info][gc,marking  ] GC(14) Concurrent Mark 576.727ms
[2026-04-03T01:44:30.688+0600][11.565s][info][gc,marking  ] GC(14) Concurrent Rebuild Remembered Sets and Scrub Regions
[2026-04-03T01:44:30.736+0600][11.614s][info][gc,marking  ] GC(14) Concurrent Rebuild Remembered Sets and Scrub Regions 48.720ms
[2026-04-03T01:44:30.737+0600][11.614s][info][gc,start    ] GC(14) Pause Cleanup
[2026-04-03T01:44:30.737+0600][11.615s][info][gc          ] GC(14) Pause Cleanup 200M->200M(364M) 0.244ms
[2026-04-03T01:44:30.737+0600][11.615s][info][gc,cpu      ] GC(14) User=0.00s Sys=0.00s Real=0.00s
[2026-04-03T01:44:30.737+0600][11.615s][info][gc,marking  ] GC(14) Concurrent Clear Claimed Marks
[2026-04-03T01:44:30.737+0600][11.615s][info][gc,marking  ] GC(14) Concurrent Clear Claimed Marks 0.094ms
[2026-04-03T01:44:30.737+0600][11.615s][info][gc,marking  ] GC(14) Concurrent Cleanup for Next Mark
[2026-04-03T01:44:30.739+0600][11.617s][info][gc,marking  ] GC(14) Concurrent Cleanup for Next Mark 2.247ms
[2026-04-03T01:44:30.739+0600][11.617s][info][gc          ] GC(14) Concurrent Mark Cycle 641.975ms
[2026-04-03T01:44:30.788+0600][11.665s][info][gc,start    ] GC(16) Pause Young (Prepare Mixed) (G1 Evacuation Pause)
[2026-04-03T01:44:30.788+0600][11.665s][info][gc,task     ] GC(16) Using 8 workers of 10 for evacuation
[2026-04-03T01:44:31.107+0600][11.985s][info][gc,mmu      ] GC(16) MMU target violated: 201.0ms (200.0ms/201.0ms)
[2026-04-03T01:44:31.108+0600][11.985s][info][gc,phases   ] GC(16)   Pre Evacuate Collection Set: 0.31ms
[2026-04-03T01:44:31.108+0600][11.985s][info][gc,phases   ] GC(16)   Merge Heap Roots: 0.09ms
[2026-04-03T01:44:31.108+0600][11.985s][info][gc,phases   ] GC(16)   Evacuate Collection Set: 318.85ms
[2026-04-03T01:44:31.108+0600][11.985s][info][gc,phases   ] GC(16)   Post Evacuate Collection Set: 0.41ms
[2026-04-03T01:44:31.108+0600][11.985s][info][gc,phases   ] GC(16)   Other: 0.24ms
[2026-04-03T01:44:31.108+0600][11.985s][info][gc,heap     ] GC(16) Eden regions: 25->0(21)
[2026-04-03T01:44:31.108+0600][11.985s][info][gc,heap     ] GC(16) Survivor regions: 4->4(4)
[2026-04-03T01:44:31.108+0600][11.985s][info][gc,heap     ] GC(16) Old regions: 79->105
[2026-04-03T01:44:31.108+0600][11.985s][info][gc,heap     ] GC(16) Humongous regions: 3->3
[2026-04-03T01:44:31.108+0600][11.985s][info][gc,metaspace] GC(16) Metaspace: 49606K(50048K)->49606K(50048K) NonClass: 43440K(43712K)->43440K(43712K) Class: 6165K(6336K)->6165K(6336K)
[2026-04-03T01:44:31.108+0600][11.985s][info][gc          ] GC(16) Pause Young (Prepare Mixed) (G1 Evacuation Pause) 219M->222M(364M) 320.093ms
[2026-04-03T01:44:31.108+0600][11.985s][info][gc,cpu      ] GC(16) User=1.14s Sys=0.10s Real=0.32s
[2026-04-03T01:44:31.190+0600][12.067s][info][gc,start    ] GC(17) Pause Young (Mixed) (G1 Evacuation Pause)
[2026-04-03T01:44:31.190+0600][12.068s][info][gc,task     ] GC(17) Using 8 workers of 10 for evacuation
[2026-04-03T01:44:31.468+0600][12.345s][info][gc,mmu      ] GC(17) MMU target violated: 201.0ms (200.0ms/201.0ms)
[2026-04-03T01:44:31.468+0600][12.345s][info][gc,phases   ] GC(17)   Pre Evacuate Collection Set: 0.32ms
[2026-04-03T01:44:31.468+0600][12.345s][info][gc,phases   ] GC(17)   Merge Heap Roots: 0.08ms
[2026-04-03T01:44:31.468+0600][12.345s][info][gc,phases   ] GC(17)   Evacuate Collection Set: 277.06ms
[2026-04-03T01:44:31.468+0600][12.345s][info][gc,phases   ] GC(17)   Post Evacuate Collection Set: 0.25ms
[2026-04-03T01:44:31.468+0600][12.345s][info][gc,phases   ] GC(17)   Other: 0.14ms
[2026-04-03T01:44:31.468+0600][12.345s][info][gc,heap     ] GC(17) Eden regions: 21->0(14)
[2026-04-03T01:44:31.468+0600][12.345s][info][gc,heap     ] GC(17) Survivor regions: 4->4(4)
[2026-04-03T01:44:31.468+0600][12.345s][info][gc,heap     ] GC(17) Old regions: 105->128
[2026-04-03T01:44:31.468+0600][12.345s][info][gc,heap     ] GC(17) Humongous regions: 3->3
[2026-04-03T01:44:31.468+0600][12.345s][info][gc,metaspace] GC(17) Metaspace: 49606K(50048K)->49606K(50048K) NonClass: 43440K(43712K)->43440K(43712K) Class: 6165K(6336K)->6165K(6336K)
[2026-04-03T01:44:31.468+0600][12.346s][info][gc          ] GC(17) Pause Young (Mixed) (G1 Evacuation Pause) 264M->268M(364M) 278.020ms
[2026-04-03T01:44:31.468+0600][12.346s][info][gc,cpu      ] GC(17) User=0.97s Sys=0.09s Real=0.27s
[2026-04-03T01:44:31.535+0600][12.413s][info][gc,start    ] GC(18) Pause Young (Concurrent Start) (G1 Evacuation Pause)
[2026-04-03T01:44:31.535+0600][12.413s][info][gc,task     ] GC(18) Using 8 workers of 10 for evacuation
[2026-04-03T01:44:31.810+0600][12.688s][info][gc,mmu      ] GC(18) MMU target violated: 201.0ms (200.0ms/201.0ms)
[2026-04-03T01:44:31.811+0600][12.688s][info][gc,phases   ] GC(18)   Pre Evacuate Collection Set: 0.30ms
[2026-04-03T01:44:31.811+0600][12.688s][info][gc,phases   ] GC(18)   Merge Heap Roots: 0.07ms
[2026-04-03T01:44:31.811+0600][12.688s][info][gc,phases   ] GC(18)   Evacuate Collection Set: 271.11ms
[2026-04-03T01:44:31.811+0600][12.688s][info][gc,phases   ] GC(18)   Post Evacuate Collection Set: 3.67ms
[2026-04-03T01:44:31.811+0600][12.688s][info][gc,phases   ] GC(18)   Other: 0.29ms
[2026-04-03T01:44:31.811+0600][12.688s][info][gc,heap     ] GC(18) Eden regions: 14->0(9)
[2026-04-03T01:44:31.811+0600][12.688s][info][gc,heap     ] GC(18) Survivor regions: 4->3(3)
[2026-04-03T01:44:31.811+0600][12.688s][info][gc,heap     ] GC(18) Old regions: 128->144
[2026-04-03T01:44:31.811+0600][12.688s][info][gc,heap     ] GC(18) Humongous regions: 3->3
[2026-04-03T01:44:31.811+0600][12.688s][info][gc,metaspace] GC(18) Metaspace: 49606K(50048K)->49606K(50048K) NonClass: 43440K(43712K)->43440K(43712K) Class: 6165K(6336K)->6165K(6336K)
[2026-04-03T01:44:31.811+0600][12.689s][info][gc          ] GC(18) Pause Young (Concurrent Start) (G1 Evacuation Pause) 296M->299M(364M) 275.810ms
[2026-04-03T01:44:31.811+0600][12.689s][info][gc,cpu      ] GC(18) User=1.04s Sys=0.09s Real=0.28s
[2026-04-03T01:44:31.811+0600][12.689s][info][gc          ] GC(19) Concurrent Mark Cycle
[2026-04-03T01:44:31.811+0600][12.689s][info][gc,marking  ] GC(19) Concurrent Scan Root Regions
[2026-04-03T01:44:31.842+0600][12.720s][info][gc,marking  ] GC(19) Concurrent Scan Root Regions 30.821ms
[2026-04-03T01:44:31.842+0600][12.720s][info][gc,marking  ] GC(19) Concurrent Mark
[2026-04-03T01:44:31.842+0600][12.720s][info][gc,marking  ] GC(19) Concurrent Mark From Roots
[2026-04-03T01:44:31.842+0600][12.720s][info][gc,task     ] GC(19) Using 2 workers of 2 for marking
[2026-04-03T01:44:31.919+0600][12.797s][info][gc,start    ] GC(20) Pause Young (Normal) (G1 Evacuation Pause)
[2026-04-03T01:44:31.919+0600][12.797s][info][gc,task     ] GC(20) Using 8 workers of 10 for evacuation
[2026-04-03T01:44:32.074+0600][12.952s][info][gc,phases   ] GC(20)   Pre Evacuate Collection Set: 0.62ms
[2026-04-03T01:44:32.074+0600][12.952s][info][gc,phases   ] GC(20)   Merge Heap Roots: 0.23ms
[2026-04-03T01:44:32.074+0600][12.952s][info][gc,phases   ] GC(20)   Evacuate Collection Set: 147.12ms
[2026-04-03T01:44:32.074+0600][12.952s][info][gc,phases   ] GC(20)   Post Evacuate Collection Set: 6.58ms
[2026-04-03T01:44:32.074+0600][12.952s][info][gc,phases   ] GC(20)   Other: 0.18ms
[2026-04-03T01:44:32.074+0600][12.952s][info][gc,heap     ] GC(20) Eden regions: 9->0(26)
[2026-04-03T01:44:32.074+0600][12.952s][info][gc,heap     ] GC(20) Survivor regions: 3->2(2)
[2026-04-03T01:44:32.074+0600][12.952s][info][gc,heap     ] GC(20) Old regions: 144->156
[2026-04-03T01:44:32.074+0600][12.952s][info][gc,heap     ] GC(20) Humongous regions: 3->3
[2026-04-03T01:44:32.074+0600][12.952s][info][gc,metaspace] GC(20) Metaspace: 49606K(50048K)->49606K(50048K) NonClass: 43440K(43712K)->43440K(43712K) Class: 6165K(6336K)->6165K(6336K)
[2026-04-03T01:44:32.074+0600][12.952s][info][gc          ] GC(20) Pause Young (Normal) (G1 Evacuation Pause) 317M->319M(1092M) 155.259ms
[2026-04-03T01:44:32.074+0600][12.952s][info][gc,cpu      ] GC(20) User=0.35s Sys=0.03s Real=0.16s
[2026-04-03T01:44:32.316+0600][13.194s][info][gc,start    ] GC(21) Pause Young (Normal) (G1 Evacuation Pause)
[2026-04-03T01:44:32.316+0600][13.194s][info][gc,task     ] GC(21) Using 10 workers of 10 for evacuation
[2026-04-03T01:44:32.652+0600][13.529s][info][gc,mmu      ] GC(21) MMU target violated: 201.0ms (200.0ms/201.0ms)
[2026-04-03T01:44:32.652+0600][13.529s][info][gc,phases   ] GC(21)   Pre Evacuate Collection Set: 0.32ms
[2026-04-03T01:44:32.652+0600][13.529s][info][gc,phases   ] GC(21)   Merge Heap Roots: 0.25ms
[2026-04-03T01:44:32.652+0600][13.529s][info][gc,phases   ] GC(21)   Evacuate Collection Set: 333.99ms
[2026-04-03T01:44:32.652+0600][13.529s][info][gc,phases   ] GC(21)   Post Evacuate Collection Set: 0.55ms
[2026-04-03T01:44:32.652+0600][13.529s][info][gc,phases   ] GC(21)   Other: 0.27ms
[2026-04-03T01:44:32.652+0600][13.529s][info][gc,heap     ] GC(21) Eden regions: 27->0(29)
[2026-04-03T01:44:32.652+0600][13.529s][info][gc,heap     ] GC(21) Survivor regions: 2->4(4)
[2026-04-03T01:44:32.652+0600][13.530s][info][gc,heap     ] GC(21) Old regions: 156->182
[2026-04-03T01:44:32.652+0600][13.530s][info][gc,heap     ] GC(21) Humongous regions: 3->3
[2026-04-03T01:44:32.652+0600][13.530s][info][gc,metaspace] GC(21) Metaspace: 49606K(50048K)->49606K(50048K) NonClass: 43440K(43712K)->43440K(43712K) Class: 6165K(6336K)->6165K(6336K)
[2026-04-03T01:44:32.652+0600][13.530s][info][gc          ] GC(21) Pause Young (Normal) (G1 Evacuation Pause) 373M->376M(1092M) 335.611ms
[2026-04-03T01:44:32.652+0600][13.530s][info][gc,cpu      ] GC(21) User=0.90s Sys=0.08s Real=0.34s
[2026-04-03T01:44:32.815+0600][13.692s][info][gc,start    ] GC(22) Pause Young (Normal) (G1 Evacuation Pause)
[2026-04-03T01:44:32.815+0600][13.692s][info][gc,task     ] GC(22) Using 10 workers of 10 for evacuation
[2026-04-03T01:44:33.202+0600][14.079s][info][gc,mmu      ] GC(22) MMU target violated: 201.0ms (200.0ms/201.0ms)
[2026-04-03T01:44:33.202+0600][14.079s][info][gc,phases   ] GC(22)   Pre Evacuate Collection Set: 0.42ms
[2026-04-03T01:44:33.202+0600][14.080s][info][gc,phases   ] GC(22)   Merge Heap Roots: 0.23ms
[2026-04-03T01:44:33.202+0600][14.080s][info][gc,phases   ] GC(22)   Evacuate Collection Set: 386.09ms
[2026-04-03T01:44:33.202+0600][14.080s][info][gc,phases   ] GC(22)   Post Evacuate Collection Set: 0.25ms
[2026-04-03T01:44:33.202+0600][14.080s][info][gc,phases   ] GC(22)   Other: 0.21ms
[2026-04-03T01:44:33.202+0600][14.080s][info][gc,heap     ] GC(22) Eden regions: 29->0(31)
[2026-04-03T01:44:33.202+0600][14.080s][info][gc,heap     ] GC(22) Survivor regions: 4->5(5)
[2026-04-03T01:44:33.202+0600][14.080s][info][gc,heap     ] GC(22) Old regions: 182->212
[2026-04-03T01:44:33.202+0600][14.080s][info][gc,heap     ] GC(22) Humongous regions: 3->3
[2026-04-03T01:44:33.202+0600][14.080s][info][gc,metaspace] GC(22) Metaspace: 49606K(50048K)->49606K(50048K) NonClass: 43440K(43712K)->43440K(43712K) Class: 6165K(6336K)->6165K(6336K)
[2026-04-03T01:44:33.202+0600][14.080s][info][gc          ] GC(22) Pause Young (Normal) (G1 Evacuation Pause) 434M->439M(1092M) 387.457ms
[2026-04-03T01:44:33.202+0600][14.080s][info][gc,cpu      ] GC(22) User=1.22s Sys=0.11s Real=0.39s
[2026-04-03T01:44:33.391+0600][14.269s][info][gc,marking  ] GC(19) Concurrent Mark From Roots 1548.893ms
[2026-04-03T01:44:33.391+0600][14.269s][info][gc,marking  ] GC(19) Concurrent Preclean
[2026-04-03T01:44:33.391+0600][14.269s][info][gc,marking  ] GC(19) Concurrent Preclean 0.111ms
[2026-04-03T01:44:33.391+0600][14.269s][info][gc,start    ] GC(19) Pause Remark
[2026-04-03T01:44:33.395+0600][14.272s][info][gc          ] GC(19) Pause Remark 500M->500M(1092M) 3.243ms
[2026-04-03T01:44:33.395+0600][14.273s][info][gc,cpu      ] GC(19) User=0.01s Sys=0.01s Real=0.00s
[2026-04-03T01:44:33.395+0600][14.273s][info][gc,marking  ] GC(19) Concurrent Mark 1553.008ms
[2026-04-03T01:44:33.395+0600][14.273s][info][gc,marking  ] GC(19) Concurrent Rebuild Remembered Sets and Scrub Regions
[2026-04-03T01:44:33.406+0600][14.284s][info][gc,start    ] GC(23) Pause Young (Normal) (G1 Evacuation Pause)
[2026-04-03T01:44:33.406+0600][14.284s][info][gc,task     ] GC(23) Using 10 workers of 10 for evacuation
[2026-04-03T01:44:33.871+0600][14.749s][info][gc,mmu      ] GC(23) MMU target violated: 201.0ms (200.0ms/201.0ms)
[2026-04-03T01:44:33.872+0600][14.749s][info][gc,phases   ] GC(23)   Pre Evacuate Collection Set: 0.41ms
[2026-04-03T01:44:33.872+0600][14.749s][info][gc,phases   ] GC(23)   Merge Heap Roots: 0.27ms
[2026-04-03T01:44:33.872+0600][14.749s][info][gc,phases   ] GC(23)   Evacuate Collection Set: 463.52ms
[2026-04-03T01:44:33.872+0600][14.749s][info][gc,phases   ] GC(23)   Post Evacuate Collection Set: 1.07ms
[2026-04-03T01:44:33.872+0600][14.749s][info][gc,phases   ] GC(23)   Other: 0.26ms
[2026-04-03T01:44:33.872+0600][14.749s][info][gc,heap     ] GC(23) Eden regions: 32->0(33)
[2026-04-03T01:44:33.872+0600][14.749s][info][gc,heap     ] GC(23) Survivor regions: 5->5(5)
[2026-04-03T01:44:33.872+0600][14.749s][info][gc,heap     ] GC(23) Old regions: 212->246
[2026-04-03T01:44:33.872+0600][14.749s][info][gc,heap     ] GC(23) Humongous regions: 3->3
[2026-04-03T01:44:33.872+0600][14.749s][info][gc,metaspace] GC(23) Metaspace: 49606K(50048K)->49606K(50048K) NonClass: 43440K(43712K)->43440K(43712K) Class: 6165K(6336K)->6165K(6336K)
[2026-04-03T01:44:33.872+0600][14.750s][info][gc          ] GC(23) Pause Young (Normal) (G1 Evacuation Pause) 503M->507M(1092M) 465.942ms
[2026-04-03T01:44:33.872+0600][14.750s][info][gc,cpu      ] GC(23) User=1.58s Sys=0.16s Real=0.47s
[2026-04-03T01:44:34.059+0600][14.937s][info][gc,marking  ] GC(19) Concurrent Rebuild Remembered Sets and Scrub Regions 663.696ms
[2026-04-03T01:44:34.059+0600][14.937s][info][gc,start    ] GC(19) Pause Cleanup
[2026-04-03T01:44:34.060+0600][14.937s][info][gc          ] GC(19) Pause Cleanup 559M->559M(1092M) 0.589ms
[2026-04-03T01:44:34.060+0600][14.938s][info][gc,cpu      ] GC(19) User=0.00s Sys=0.00s Real=0.01s
[2026-04-03T01:44:34.060+0600][14.938s][info][gc,marking  ] GC(19) Concurrent Clear Claimed Marks
[2026-04-03T01:44:34.060+0600][14.938s][info][gc,marking  ] GC(19) Concurrent Clear Claimed Marks 0.150ms
[2026-04-03T01:44:34.060+0600][14.938s][info][gc,marking  ] GC(19) Concurrent Cleanup for Next Mark
[2026-04-03T01:44:34.068+0600][14.946s][info][gc,marking  ] GC(19) Concurrent Cleanup for Next Mark 8.042ms
[2026-04-03T01:44:34.068+0600][14.946s][info][gc          ] GC(19) Concurrent Mark Cycle 2257.418ms
[2026-04-03T01:44:34.109+0600][14.987s][info][gc,start    ] GC(24) Pause Young (Prepare Mixed) (G1 Evacuation Pause)
[2026-04-03T01:44:34.109+0600][14.987s][info][gc,task     ] GC(24) Using 10 workers of 10 for evacuation
[2026-04-03T01:44:34.606+0600][15.484s][info][gc,mmu      ] GC(24) MMU target violated: 201.0ms (200.0ms/201.0ms)
[2026-04-03T01:44:34.606+0600][15.484s][info][gc,phases   ] GC(24)   Pre Evacuate Collection Set: 0.18ms
[2026-04-03T01:44:34.606+0600][15.484s][info][gc,phases   ] GC(24)   Merge Heap Roots: 0.09ms
[2026-04-03T01:44:34.606+0600][15.484s][info][gc,phases   ] GC(24)   Evacuate Collection Set: 496.44ms
[2026-04-03T01:44:34.606+0600][15.484s][info][gc,phases   ] GC(24)   Post Evacuate Collection Set: 0.37ms
[2026-04-03T01:44:34.606+0600][15.484s][info][gc,phases   ] GC(24)   Other: 0.15ms
[2026-04-03T01:44:34.606+0600][15.484s][info][gc,heap     ] GC(24) Eden regions: 33->0(36)
[2026-04-03T01:44:34.606+0600][15.484s][info][gc,heap     ] GC(24) Survivor regions: 5->5(5)
[2026-04-03T01:44:34.606+0600][15.484s][info][gc,heap     ] GC(24) Old regions: 246->280
[2026-04-03T01:44:34.606+0600][15.484s][info][gc,heap     ] GC(24) Humongous regions: 3->3
[2026-04-03T01:44:34.606+0600][15.484s][info][gc,metaspace] GC(24) Metaspace: 49606K(50048K)->49606K(50048K) NonClass: 43440K(43712K)->43440K(43712K) Class: 6165K(6336K)->6165K(6336K)
[2026-04-03T01:44:34.607+0600][15.484s][info][gc          ] GC(24) Pause Young (Prepare Mixed) (G1 Evacuation Pause) 573M->575M(1092M) 497.454ms
[2026-04-03T01:44:34.607+0600][15.484s][info][gc,cpu      ] GC(24) User=1.62s Sys=0.22s Real=0.50s
[2026-04-03T01:44:34.799+0600][15.677s][info][gc,start    ] GC(25) Pause Young (Mixed) (G1 Evacuation Pause)
[2026-04-03T01:44:34.799+0600][15.677s][info][gc,task     ] GC(25) Using 10 workers of 10 for evacuation
[2026-04-03T01:44:35.300+0600][16.177s][info][gc,mmu      ] GC(25) MMU target violated: 201.0ms (200.0ms/201.0ms)
[2026-04-03T01:44:35.300+0600][16.177s][info][gc,phases   ] GC(25)   Pre Evacuate Collection Set: 0.35ms
[2026-04-03T01:44:35.300+0600][16.177s][info][gc,phases   ] GC(25)   Merge Heap Roots: 0.17ms
[2026-04-03T01:44:35.300+0600][16.177s][info][gc,phases   ] GC(25)   Evacuate Collection Set: 499.33ms
[2026-04-03T01:44:35.300+0600][16.177s][info][gc,phases   ] GC(25)   Post Evacuate Collection Set: 0.38ms
[2026-04-03T01:44:35.300+0600][16.177s][info][gc,phases   ] GC(25)   Other: 0.17ms
[2026-04-03T01:44:35.300+0600][16.177s][info][gc,heap     ] GC(25) Eden regions: 36->0(43)
[2026-04-03T01:44:35.300+0600][16.177s][info][gc,heap     ] GC(25) Survivor regions: 5->6(6)
[2026-04-03T01:44:35.300+0600][16.177s][info][gc,heap     ] GC(25) Old regions: 280->316
[2026-04-03T01:44:35.300+0600][16.177s][info][gc,heap     ] GC(25) Humongous regions: 3->3
[2026-04-03T01:44:35.300+0600][16.177s][info][gc,metaspace] GC(25) Metaspace: 49606K(50048K)->49606K(50048K) NonClass: 43440K(43712K)->43440K(43712K) Class: 6165K(6336K)->6165K(6336K)
[2026-04-03T01:44:35.300+0600][16.178s][info][gc          ] GC(25) Pause Young (Mixed) (G1 Evacuation Pause) 647M->649M(1092M) 500.680ms
[2026-04-03T01:44:35.300+0600][16.178s][info][gc,cpu      ] GC(25) User=1.42s Sys=0.17s Real=0.51s
[2026-04-03T01:44:38.716+0600][19.594s][info][gc,start    ] GC(26) Pause Full (System.gc())
[2026-04-03T01:44:38.716+0600][19.594s][info][gc,task     ] GC(26) Using 10 workers of 10 for full compaction
[2026-04-03T01:44:38.717+0600][19.595s][info][gc,phases,start] GC(26) Phase 1: Mark live objects
[2026-04-03T01:44:38.737+0600][19.615s][info][gc,phases      ] GC(26) Phase 1: Mark live objects 20.487ms
[2026-04-03T01:44:38.738+0600][19.615s][info][gc,phases,start] GC(26) Phase 2: Prepare compaction
[2026-04-03T01:44:38.740+0600][19.617s][info][gc,phases      ] GC(26) Phase 2: Prepare compaction 1.969ms
[2026-04-03T01:44:38.740+0600][19.617s][info][gc,phases,start] GC(26) Phase 3: Adjust pointers
[2026-04-03T01:44:38.746+0600][19.624s][info][gc,phases      ] GC(26) Phase 3: Adjust pointers 6.571ms
[2026-04-03T01:44:38.746+0600][19.624s][info][gc,phases,start] GC(26) Phase 4: Compact heap
[2026-04-03T01:44:38.750+0600][19.627s][info][gc,phases      ] GC(26) Phase 4: Compact heap 3.380ms
[2026-04-03T01:44:38.750+0600][19.628s][info][gc,phases,start] GC(26) Phase 5: Reset Metadata
[2026-04-03T01:44:38.752+0600][19.629s][info][gc,phases      ] GC(26) Phase 5: Reset Metadata 1.784ms
[2026-04-03T01:44:38.758+0600][19.635s][info][gc,heap        ] GC(26) Eden regions: 39->0(14)
[2026-04-03T01:44:38.758+0600][19.635s][info][gc,heap        ] GC(26) Survivor regions: 6->0(6)
[2026-04-03T01:44:38.758+0600][19.635s][info][gc,heap        ] GC(26) Old regions: 316->18
[2026-04-03T01:44:38.758+0600][19.635s][info][gc,heap        ] GC(26) Humongous regions: 14->3
[2026-04-03T01:44:38.758+0600][19.635s][info][gc,metaspace   ] GC(26) Metaspace: 57535K(58112K)->57535K(58112K) NonClass: 50308K(50624K)->50308K(50624K) Class: 7226K(7488K)->7226K(7488K)
[2026-04-03T01:44:38.758+0600][19.636s][info][gc             ] GC(26) Pause Full (System.gc()) 749M->30M(140M) 41.874ms
[2026-04-03T01:44:38.758+0600][19.636s][info][gc,cpu         ] GC(26) User=0.23s Sys=0.02s Real=0.04s
[2026-04-03T01:44:39.054+0600][19.932s][info][gc,start       ] GC(27) Pause Young (Concurrent Start) (G1 Evacuation Pause)
[2026-04-03T01:44:39.054+0600][19.932s][info][gc,task        ] GC(27) Using 6 workers of 10 for evacuation
[2026-04-03T01:44:39.057+0600][19.935s][info][gc,phases      ] GC(27)   Pre Evacuate Collection Set: 0.26ms
[2026-04-03T01:44:39.057+0600][19.935s][info][gc,phases      ] GC(27)   Merge Heap Roots: 0.13ms
[2026-04-03T01:44:39.057+0600][19.935s][info][gc,phases      ] GC(27)   Evacuate Collection Set: 1.48ms
[2026-04-03T01:44:39.057+0600][19.935s][info][gc,phases      ] GC(27)   Post Evacuate Collection Set: 1.09ms
[2026-04-03T01:44:39.057+0600][19.935s][info][gc,phases      ] GC(27)   Other: 0.13ms
[2026-04-03T01:44:39.057+0600][19.935s][info][gc,heap        ] GC(27) Eden regions: 14->0(52)
[2026-04-03T01:44:39.057+0600][19.935s][info][gc,heap        ] GC(27) Survivor regions: 0->1(2)
[2026-04-03T01:44:39.057+0600][19.935s][info][gc,heap        ] GC(27) Old regions: 18->18
[2026-04-03T01:44:39.057+0600][19.935s][info][gc,heap        ] GC(27) Humongous regions: 3->3
[2026-04-03T01:44:39.057+0600][19.935s][info][gc,metaspace   ] GC(27) Metaspace: 59115K(59712K)->59115K(59712K) NonClass: 51668K(52032K)->51668K(52032K) Class: 7447K(7680K)->7447K(7680K)
[2026-04-03T01:44:39.058+0600][19.935s][info][gc             ] GC(27) Pause Young (Concurrent Start) (G1 Evacuation Pause) 58M->32M(420M) 3.342ms
[2026-04-03T01:44:39.058+0600][19.935s][info][gc,cpu         ] GC(27) User=0.01s Sys=0.00s Real=0.00s
[2026-04-03T01:44:39.058+0600][19.935s][info][gc             ] GC(28) Concurrent Mark Cycle
[2026-04-03T01:44:39.058+0600][19.935s][info][gc,marking     ] GC(28) Concurrent Scan Root Regions
[2026-04-03T01:44:39.059+0600][19.937s][info][gc,marking     ] GC(28) Concurrent Scan Root Regions 1.817ms
[2026-04-03T01:44:39.059+0600][19.937s][info][gc,marking     ] GC(28) Concurrent Mark
[2026-04-03T01:44:39.059+0600][19.937s][info][gc,marking     ] GC(28) Concurrent Mark From Roots
[2026-04-03T01:44:39.060+0600][19.937s][info][gc,task        ] GC(28) Using 2 workers of 2 for marking
[2026-04-03T01:44:39.080+0600][19.958s][info][gc,marking     ] GC(28) Concurrent Mark From Roots 20.458ms
[2026-04-03T01:44:39.080+0600][19.958s][info][gc,marking     ] GC(28) Concurrent Preclean
[2026-04-03T01:44:39.080+0600][19.958s][info][gc,marking     ] GC(28) Concurrent Preclean 0.160ms
[2026-04-03T01:44:39.080+0600][19.958s][info][gc,start       ] GC(28) Pause Remark
[2026-04-03T01:44:39.084+0600][19.962s][info][gc             ] GC(28) Pause Remark 34M->34M(148M) 3.869ms
[2026-04-03T01:44:39.084+0600][19.962s][info][gc,cpu         ] GC(28) User=0.02s Sys=0.00s Real=0.00s
[2026-04-03T01:44:39.085+0600][19.962s][info][gc,marking     ] GC(28) Concurrent Mark 25.089ms
[2026-04-03T01:44:39.085+0600][19.962s][info][gc,marking     ] GC(28) Concurrent Rebuild Remembered Sets and Scrub Regions
[2026-04-03T01:44:39.098+0600][19.976s][info][gc,marking     ] GC(28) Concurrent Rebuild Remembered Sets and Scrub Regions 13.293ms
[2026-04-03T01:44:39.098+0600][19.976s][info][gc,start       ] GC(28) Pause Cleanup
[2026-04-03T01:44:39.099+0600][19.976s][info][gc             ] GC(28) Pause Cleanup 38M->38M(148M) 0.252ms
[2026-04-03T01:44:39.099+0600][19.976s][info][gc,cpu         ] GC(28) User=0.00s Sys=0.00s Real=0.00s
[2026-04-03T01:44:39.099+0600][19.976s][info][gc,marking     ] GC(28) Concurrent Clear Claimed Marks
[2026-04-03T01:44:39.099+0600][19.977s][info][gc,marking     ] GC(28) Concurrent Clear Claimed Marks 0.185ms
[2026-04-03T01:44:39.099+0600][19.977s][info][gc,marking     ] GC(28) Concurrent Cleanup for Next Mark
[2026-04-03T01:44:39.099+0600][19.977s][info][gc,marking     ] GC(28) Concurrent Cleanup for Next Mark 0.455ms
[2026-04-03T01:44:39.099+0600][19.977s][info][gc             ] GC(28) Concurrent Mark Cycle 41.841ms
[2026-04-03T01:44:41.791+0600][22.669s][info][gc,start       ] GC(29) Pause Young (Prepare Mixed) (G1 Evacuation Pause)
[2026-04-03T01:44:41.791+0600][22.669s][info][gc,task        ] GC(29) Using 4 workers of 10 for evacuation
[2026-04-03T01:44:41.799+0600][22.676s][info][gc,phases      ] GC(29)   Pre Evacuate Collection Set: 0.60ms
[2026-04-03T01:44:41.799+0600][22.676s][info][gc,phases      ] GC(29)   Merge Heap Roots: 0.14ms
[2026-04-03T01:44:41.799+0600][22.676s][info][gc,phases      ] GC(29)   Evacuate Collection Set: 6.38ms
[2026-04-03T01:44:41.799+0600][22.676s][info][gc,phases      ] GC(29)   Post Evacuate Collection Set: 0.55ms
[2026-04-03T01:44:41.799+0600][22.677s][info][gc,phases      ] GC(29)   Other: 0.11ms
[2026-04-03T01:44:41.799+0600][22.677s][info][gc,heap        ] GC(29) Eden regions: 43->0(19)
[2026-04-03T01:44:41.799+0600][22.677s][info][gc,heap        ] GC(29) Survivor regions: 1->3(6)
[2026-04-03T01:44:41.799+0600][22.677s][info][gc,heap        ] GC(29) Old regions: 18->18
[2026-04-03T01:44:41.799+0600][22.677s][info][gc,heap        ] GC(29) Humongous regions: 12->3
[2026-04-03T01:44:41.799+0600][22.677s][info][gc,metaspace   ] GC(29) Metaspace: 66721K(67520K)->66721K(67520K) NonClass: 58320K(58752K)->58320K(58752K) Class: 8400K(8768K)->8400K(8768K)
[2026-04-03T01:44:41.799+0600][22.677s][info][gc             ] GC(29) Pause Young (Prepare Mixed) (G1 Evacuation Pause) 136M->35M(154M) 8.071ms
[2026-04-03T01:44:41.799+0600][22.677s][info][gc,cpu         ] GC(29) User=0.03s Sys=0.01s Real=0.00s
[2026-04-03T01:44:41.980+0600][22.858s][info][gc,start       ] GC(30) Pause Young (Mixed) (G1 Evacuation Pause)
[2026-04-03T01:44:41.980+0600][22.858s][info][gc,task        ] GC(30) Using 3 workers of 10 for evacuation
[2026-04-03T01:44:41.989+0600][22.866s][info][gc,phases      ] GC(30)   Pre Evacuate Collection Set: 0.27ms
[2026-04-03T01:44:41.989+0600][22.866s][info][gc,phases      ] GC(30)   Merge Heap Roots: 0.34ms
[2026-04-03T01:44:41.989+0600][22.866s][info][gc,phases      ] GC(30)   Evacuate Collection Set: 6.88ms
[2026-04-03T01:44:41.989+0600][22.866s][info][gc,phases      ] GC(30)   Post Evacuate Collection Set: 0.68ms
[2026-04-03T01:44:41.989+0600][22.866s][info][gc,phases      ] GC(30)   Other: 0.11ms
[2026-04-03T01:44:41.989+0600][22.866s][info][gc,heap        ] GC(30) Eden regions: 19->0(22)
[2026-04-03T01:44:41.989+0600][22.866s][info][gc,heap        ] GC(30) Survivor regions: 3->1(3)
[2026-04-03T01:44:41.989+0600][22.866s][info][gc,heap        ] GC(30) Old regions: 18->18
[2026-04-03T01:44:41.989+0600][22.866s][info][gc,heap        ] GC(30) Humongous regions: 3->3
[2026-04-03T01:44:41.989+0600][22.867s][info][gc,metaspace   ] GC(30) Metaspace: 66745K(67584K)->66745K(67584K) NonClass: 58343K(58816K)->58343K(58816K) Class: 8401K(8768K)->8401K(8768K)
[2026-04-03T01:44:41.989+0600][22.867s][info][gc             ] GC(30) Pause Young (Mixed) (G1 Evacuation Pause) 73M->36M(154M) 8.730ms
[2026-04-03T01:44:41.989+0600][22.867s][info][gc,cpu         ] GC(30) User=0.04s Sys=0.00s Real=0.00s
[2026-04-03T01:44:42.121+0600][22.999s][info][gc,start       ] GC(31) Pause Young (Concurrent Start) (G1 Evacuation Pause)
[2026-04-03T01:44:42.122+0600][22.999s][info][gc,task        ] GC(31) Using 3 workers of 10 for evacuation
[2026-04-03T01:44:42.124+0600][23.002s][info][gc,phases      ] GC(31)   Pre Evacuate Collection Set: 0.39ms
[2026-04-03T01:44:42.125+0600][23.002s][info][gc,phases      ] GC(31)   Merge Heap Roots: 0.14ms
[2026-04-03T01:44:42.125+0600][23.002s][info][gc,phases      ] GC(31)   Evacuate Collection Set: 1.55ms
[2026-04-03T01:44:42.125+0600][23.002s][info][gc,phases      ] GC(31)   Post Evacuate Collection Set: 0.64ms
[2026-04-03T01:44:42.125+0600][23.002s][info][gc,phases      ] GC(31)   Other: 0.19ms
[2026-04-03T01:44:42.125+0600][23.002s][info][gc,heap        ] GC(31) Eden regions: 22->0(26)
[2026-04-03T01:44:42.125+0600][23.002s][info][gc,heap        ] GC(31) Survivor regions: 1->1(3)
[2026-04-03T01:44:42.125+0600][23.002s][info][gc,heap        ] GC(31) Old regions: 18->18
[2026-04-03T01:44:42.125+0600][23.002s][info][gc,heap        ] GC(31) Humongous regions: 3->3
[2026-04-03T01:44:42.125+0600][23.002s][info][gc,metaspace   ] GC(31) Metaspace: 67055K(67904K)->67055K(67904K) NonClass: 58597K(59072K)->58597K(59072K) Class: 8458K(8832K)->8458K(8832K)
[2026-04-03T01:44:42.125+0600][23.002s][info][gc             ] GC(31) Pause Young (Concurrent Start) (G1 Evacuation Pause) 80M->36M(154M) 3.255ms
[2026-04-03T01:44:42.125+0600][23.002s][info][gc,cpu         ] GC(31) User=0.01s Sys=0.00s Real=0.00s
[2026-04-03T01:44:42.125+0600][23.002s][info][gc             ] GC(32) Concurrent Mark Cycle
[2026-04-03T01:44:42.125+0600][23.003s][info][gc,marking     ] GC(32) Concurrent Scan Root Regions
[2026-04-03T01:44:42.127+0600][23.005s][info][gc,marking     ] GC(32) Concurrent Scan Root Regions 2.308ms
[2026-04-03T01:44:42.127+0600][23.005s][info][gc,marking     ] GC(32) Concurrent Mark
[2026-04-03T01:44:42.127+0600][23.005s][info][gc,marking     ] GC(32) Concurrent Mark From Roots
[2026-04-03T01:44:42.127+0600][23.005s][info][gc,task        ] GC(32) Using 2 workers of 2 for marking
[2026-04-03T01:44:42.166+0600][23.044s][info][gc,marking     ] GC(32) Concurrent Mark From Roots 38.666ms
[2026-04-03T01:44:42.166+0600][23.044s][info][gc,marking     ] GC(32) Concurrent Preclean
[2026-04-03T01:44:42.166+0600][23.044s][info][gc,marking     ] GC(32) Concurrent Preclean 0.251ms
[2026-04-03T01:44:42.167+0600][23.044s][info][gc,start       ] GC(32) Pause Remark
[2026-04-03T01:44:42.183+0600][23.061s][info][gc             ] GC(32) Pause Remark 46M->46M(148M) 16.833ms
[2026-04-03T01:44:42.184+0600][23.061s][info][gc,cpu         ] GC(32) User=0.07s Sys=0.00s Real=0.02s
[2026-04-03T01:44:42.184+0600][23.062s][info][gc,marking     ] GC(32) Concurrent Mark 56.781ms
[2026-04-03T01:44:42.184+0600][23.062s][info][gc,marking     ] GC(32) Concurrent Rebuild Remembered Sets and Scrub Regions
[2026-04-03T01:44:42.210+0600][23.088s][info][gc,marking     ] GC(32) Concurrent Rebuild Remembered Sets and Scrub Regions 25.762ms
[2026-04-03T01:44:42.210+0600][23.088s][info][gc,start       ] GC(32) Pause Cleanup
[2026-04-03T01:44:42.211+0600][23.088s][info][gc             ] GC(32) Pause Cleanup 70M->70M(148M) 0.313ms
[2026-04-03T01:44:42.211+0600][23.088s][info][gc,cpu         ] GC(32) User=0.00s Sys=0.00s Real=0.00s
[2026-04-03T01:44:42.211+0600][23.088s][info][gc,marking     ] GC(32) Concurrent Clear Claimed Marks
[2026-04-03T01:44:42.211+0600][23.089s][info][gc,marking     ] GC(32) Concurrent Clear Claimed Marks 0.257ms
[2026-04-03T01:44:42.211+0600][23.089s][info][gc,marking     ] GC(32) Concurrent Cleanup for Next Mark
[2026-04-03T01:44:42.212+0600][23.089s][info][gc,marking     ] GC(32) Concurrent Cleanup for Next Mark 0.465ms
[2026-04-03T01:44:42.212+0600][23.089s][info][gc             ] GC(32) Concurrent Mark Cycle 86.857ms
[2026-04-03T01:44:42.231+0600][23.108s][info][gc,start       ] GC(33) Pause Young (Prepare Mixed) (G1 Evacuation Pause)
[2026-04-03T01:44:42.231+0600][23.109s][info][gc,task        ] GC(33) Using 3 workers of 10 for evacuation
[2026-04-03T01:44:42.234+0600][23.112s][info][gc,phases      ] GC(33)   Pre Evacuate Collection Set: 0.40ms
[2026-04-03T01:44:42.234+0600][23.112s][info][gc,phases      ] GC(33)   Merge Heap Roots: 0.24ms
[2026-04-03T01:44:42.234+0600][23.112s][info][gc,phases      ] GC(33)   Evacuate Collection Set: 1.94ms
[2026-04-03T01:44:42.235+0600][23.112s][info][gc,phases      ] GC(33)   Post Evacuate Collection Set: 0.69ms
[2026-04-03T01:44:42.235+0600][23.112s][info][gc,phases      ] GC(33)   Other: 0.14ms
[2026-04-03T01:44:42.235+0600][23.112s][info][gc,heap        ] GC(33) Eden regions: 26->0(27)
[2026-04-03T01:44:42.235+0600][23.112s][info][gc,heap        ] GC(33) Survivor regions: 1->1(4)
[2026-04-03T01:44:42.235+0600][23.112s][info][gc,heap        ] GC(33) Old regions: 18->18
[2026-04-03T01:44:42.235+0600][23.112s][info][gc,heap        ] GC(33) Humongous regions: 3->3
[2026-04-03T01:44:42.235+0600][23.112s][info][gc,metaspace   ] GC(33) Metaspace: 66916K(67904K)->66916K(67904K) NonClass: 58497K(59072K)->58497K(59072K) Class: 8418K(8832K)->8418K(8832K)
[2026-04-03T01:44:42.235+0600][23.112s][info][gc             ] GC(33) Pause Young (Prepare Mixed) (G1 Evacuation Pause) 88M->36M(148M) 3.853ms
[2026-04-03T01:44:42.235+0600][23.112s][info][gc,cpu         ] GC(33) User=0.01s Sys=0.01s Real=0.00s
[2026-04-03T01:44:42.318+0600][23.196s][info][gc,start       ] GC(34) Pause Young (Mixed) (G1 Evacuation Pause)
[2026-04-03T01:44:42.318+0600][23.196s][info][gc,task        ] GC(34) Using 3 workers of 10 for evacuation
[2026-04-03T01:44:42.322+0600][23.199s][info][gc,phases      ] GC(34)   Pre Evacuate Collection Set: 0.45ms
[2026-04-03T01:44:42.322+0600][23.199s][info][gc,phases      ] GC(34)   Merge Heap Roots: 0.20ms
[2026-04-03T01:44:42.322+0600][23.199s][info][gc,phases      ] GC(34)   Evacuate Collection Set: 2.00ms
[2026-04-03T01:44:42.322+0600][23.199s][info][gc,phases      ] GC(34)   Post Evacuate Collection Set: 0.79ms
[2026-04-03T01:44:42.322+0600][23.199s][info][gc,phases      ] GC(34)   Other: 0.15ms
[2026-04-03T01:44:42.322+0600][23.199s][info][gc,heap        ] GC(34) Eden regions: 27->0(30)
[2026-04-03T01:44:42.322+0600][23.199s][info][gc,heap        ] GC(34) Survivor regions: 1->1(4)
[2026-04-03T01:44:42.322+0600][23.199s][info][gc,heap        ] GC(34) Old regions: 18->18
[2026-04-03T01:44:42.322+0600][23.199s][info][gc,heap        ] GC(34) Humongous regions: 3->3
[2026-04-03T01:44:42.322+0600][23.199s][info][gc,metaspace   ] GC(34) Metaspace: 66916K(67904K)->66916K(67904K) NonClass: 58497K(59072K)->58497K(59072K) Class: 8418K(8832K)->8418K(8832K)
[2026-04-03T01:44:42.322+0600][23.200s][info][gc             ] GC(34) Pause Young (Mixed) (G1 Evacuation Pause) 90M->36M(148M) 4.007ms
[2026-04-03T01:44:42.322+0600][23.200s][info][gc,cpu         ] GC(34) User=0.01s Sys=0.00s Real=0.01s
[2026-04-03T01:44:42.363+0600][23.240s][info][gc,start       ] GC(35) Pause Young (Concurrent Start) (G1 Evacuation Pause)
[2026-04-03T01:44:42.363+0600][23.241s][info][gc,task        ] GC(35) Using 3 workers of 10 for evacuation
[2026-04-03T01:44:42.366+0600][23.243s][info][gc,phases      ] GC(35)   Pre Evacuate Collection Set: 0.24ms
[2026-04-03T01:44:42.366+0600][23.243s][info][gc,phases      ] GC(35)   Merge Heap Roots: 0.12ms
[2026-04-03T01:44:42.366+0600][23.243s][info][gc,phases      ] GC(35)   Evacuate Collection Set: 1.10ms
[2026-04-03T01:44:42.366+0600][23.243s][info][gc,phases      ] GC(35)   Post Evacuate Collection Set: 0.99ms
[2026-04-03T01:44:42.366+0600][23.243s][info][gc,phases      ] GC(35)   Other: 0.21ms
[2026-04-03T01:44:42.366+0600][23.243s][info][gc,heap        ] GC(35) Eden regions: 30->0(61)
[2026-04-03T01:44:42.366+0600][23.243s][info][gc,heap        ] GC(35) Survivor regions: 1->1(4)
[2026-04-03T01:44:42.366+0600][23.243s][info][gc,heap        ] GC(35) Old regions: 18->18
[2026-04-03T01:44:42.366+0600][23.243s][info][gc,heap        ] GC(35) Humongous regions: 3->3
[2026-04-03T01:44:42.366+0600][23.243s][info][gc,metaspace   ] GC(35) Metaspace: 66916K(67904K)->66916K(67904K) NonClass: 58497K(59072K)->58497K(59072K) Class: 8418K(8832K)->8418K(8832K)
[2026-04-03T01:44:42.366+0600][23.243s][info][gc             ] GC(35) Pause Young (Concurrent Start) (G1 Evacuation Pause) 96M->36M(244M) 3.036ms
[2026-04-03T01:44:42.366+0600][23.244s][info][gc,cpu         ] GC(35) User=0.01s Sys=0.00s Real=0.00s
[2026-04-03T01:44:42.366+0600][23.244s][info][gc             ] GC(36) Concurrent Mark Cycle
[2026-04-03T01:44:42.366+0600][23.244s][info][gc,marking     ] GC(36) Concurrent Scan Root Regions
[2026-04-03T01:44:42.368+0600][23.245s][info][gc,marking     ] GC(36) Concurrent Scan Root Regions 1.830ms
[2026-04-03T01:44:42.368+0600][23.245s][info][gc,marking     ] GC(36) Concurrent Mark
[2026-04-03T01:44:42.368+0600][23.245s][info][gc,marking     ] GC(36) Concurrent Mark From Roots
[2026-04-03T01:44:42.368+0600][23.246s][info][gc,task        ] GC(36) Using 2 workers of 2 for marking
[2026-04-03T01:44:42.399+0600][23.277s][info][gc,marking     ] GC(36) Concurrent Mark From Roots 31.428ms
[2026-04-03T01:44:42.399+0600][23.277s][info][gc,marking     ] GC(36) Concurrent Preclean
[2026-04-03T01:44:42.400+0600][23.277s][info][gc,marking     ] GC(36) Concurrent Preclean 0.180ms
[2026-04-03T01:44:42.400+0600][23.278s][info][gc,start       ] GC(36) Pause Remark
[2026-04-03T01:44:42.407+0600][23.285s][info][gc             ] GC(36) Pause Remark 65M->65M(148M) 7.245ms
[2026-04-03T01:44:42.407+0600][23.285s][info][gc,cpu         ] GC(36) User=0.02s Sys=0.00s Real=0.00s
[2026-04-03T01:44:42.407+0600][23.285s][info][gc,marking     ] GC(36) Concurrent Mark 39.565ms
[2026-04-03T01:44:42.407+0600][23.285s][info][gc,marking     ] GC(36) Concurrent Rebuild Remembered Sets and Scrub Regions
[2026-04-03T01:44:42.428+0600][23.306s][info][gc,marking     ] GC(36) Concurrent Rebuild Remembered Sets and Scrub Regions 20.785ms
[2026-04-03T01:44:42.429+0600][23.306s][info][gc,start       ] GC(36) Pause Cleanup
[2026-04-03T01:44:42.429+0600][23.306s][info][gc             ] GC(36) Pause Cleanup 93M->93M(148M) 0.231ms
[2026-04-03T01:44:42.429+0600][23.306s][info][gc,cpu         ] GC(36) User=0.00s Sys=0.00s Real=0.00s
[2026-04-03T01:44:42.429+0600][23.307s][info][gc,marking     ] GC(36) Concurrent Clear Claimed Marks
[2026-04-03T01:44:42.429+0600][23.307s][info][gc,marking     ] GC(36) Concurrent Clear Claimed Marks 0.160ms
[2026-04-03T01:44:42.429+0600][23.307s][info][gc,marking     ] GC(36) Concurrent Cleanup for Next Mark
[2026-04-03T01:44:42.430+0600][23.307s][info][gc,marking     ] GC(36) Concurrent Cleanup for Next Mark 0.512ms
[2026-04-03T01:44:42.430+0600][23.307s][info][gc             ] GC(36) Concurrent Mark Cycle 63.840ms
[2026-04-03T01:44:42.445+0600][23.323s][info][gc,start       ] GC(37) Pause Young (Prepare Mixed) (G1 Evacuation Pause)
[2026-04-03T01:44:42.446+0600][23.323s][info][gc,task        ] GC(37) Using 3 workers of 10 for evacuation
[2026-04-03T01:44:42.448+0600][23.326s][info][gc,phases      ] GC(37)   Pre Evacuate Collection Set: 0.21ms
[2026-04-03T01:44:42.448+0600][23.326s][info][gc,phases      ] GC(37)   Merge Heap Roots: 0.19ms
[2026-04-03T01:44:42.448+0600][23.326s][info][gc,phases      ] GC(37)   Evacuate Collection Set: 1.21ms
[2026-04-03T01:44:42.448+0600][23.326s][info][gc,phases      ] GC(37)   Post Evacuate Collection Set: 0.73ms
[2026-04-03T01:44:42.448+0600][23.326s][info][gc,phases      ] GC(37)   Other: 0.10ms
[2026-04-03T01:44:42.448+0600][23.326s][info][gc,heap        ] GC(37) Eden regions: 43->0(35)
[2026-04-03T01:44:42.448+0600][23.326s][info][gc,heap        ] GC(37) Survivor regions: 1->1(6)
[2026-04-03T01:44:42.448+0600][23.326s][info][gc,heap        ] GC(37) Old regions: 18->18
[2026-04-03T01:44:42.448+0600][23.326s][info][gc,heap        ] GC(37) Humongous regions: 3->3
[2026-04-03T01:44:42.448+0600][23.326s][info][gc,metaspace   ] GC(37) Metaspace: 66916K(67904K)->66916K(67904K) NonClass: 58497K(59072K)->58497K(59072K) Class: 8418K(8832K)->8418K(8832K)
[2026-04-03T01:44:42.448+0600][23.326s][info][gc             ] GC(37) Pause Young (Prepare Mixed) (G1 Evacuation Pause) 122M->36M(148M) 2.736ms
[2026-04-03T01:44:42.448+0600][23.326s][info][gc,cpu         ] GC(37) User=0.01s Sys=0.00s Real=0.00s
[2026-04-03T01:44:42.497+0600][23.375s][info][gc,start       ] GC(38) Pause Young (Mixed) (G1 Evacuation Pause)
[2026-04-03T01:44:42.497+0600][23.375s][info][gc,task        ] GC(38) Using 3 workers of 10 for evacuation
[2026-04-03T01:44:42.501+0600][23.378s][info][gc,phases      ] GC(38)   Pre Evacuate Collection Set: 0.27ms
[2026-04-03T01:44:42.501+0600][23.378s][info][gc,phases      ] GC(38)   Merge Heap Roots: 0.25ms
[2026-04-03T01:44:42.501+0600][23.378s][info][gc,phases      ] GC(38)   Evacuate Collection Set: 1.73ms
[2026-04-03T01:44:42.501+0600][23.378s][info][gc,phases      ] GC(38)   Post Evacuate Collection Set: 0.86ms
[2026-04-03T01:44:42.501+0600][23.378s][info][gc,phases      ] GC(38)   Other: 0.11ms
[2026-04-03T01:44:42.501+0600][23.378s][info][gc,heap        ] GC(38) Eden regions: 35->0(37)
[2026-04-03T01:44:42.501+0600][23.378s][info][gc,heap        ] GC(38) Survivor regions: 1->1(5)
[2026-04-03T01:44:42.501+0600][23.378s][info][gc,heap        ] GC(38) Old regions: 18->18
[2026-04-03T01:44:42.501+0600][23.378s][info][gc,heap        ] GC(38) Humongous regions: 3->3
[2026-04-03T01:44:42.501+0600][23.378s][info][gc,metaspace   ] GC(38) Metaspace: 66916K(67904K)->66916K(67904K) NonClass: 58497K(59072K)->58497K(59072K) Class: 8418K(8832K)->8418K(8832K)
[2026-04-03T01:44:42.501+0600][23.378s][info][gc             ] GC(38) Pause Young (Mixed) (G1 Evacuation Pause) 106M->36M(148M) 3.547ms
[2026-04-03T01:44:42.501+0600][23.379s][info][gc,cpu         ] GC(38) User=0.01s Sys=0.00s Real=0.01s
[2026-04-03T01:44:42.546+0600][23.424s][info][gc,start       ] GC(39) Pause Young (Concurrent Start) (G1 Evacuation Pause)
[2026-04-03T01:44:42.546+0600][23.424s][info][gc,task        ] GC(39) Using 3 workers of 10 for evacuation
[2026-04-03T01:44:42.548+0600][23.426s][info][gc,phases      ] GC(39)   Pre Evacuate Collection Set: 0.36ms
[2026-04-03T01:44:42.548+0600][23.426s][info][gc,phases      ] GC(39)   Merge Heap Roots: 0.08ms
[2026-04-03T01:44:42.548+0600][23.426s][info][gc,phases      ] GC(39)   Evacuate Collection Set: 0.97ms
[2026-04-03T01:44:42.549+0600][23.426s][info][gc,phases      ] GC(39)   Post Evacuate Collection Set: 0.74ms
[2026-04-03T01:44:42.549+0600][23.426s][info][gc,phases      ] GC(39)   Other: 0.15ms
[2026-04-03T01:44:42.549+0600][23.426s][info][gc,heap        ] GC(39) Eden regions: 37->0(39)
[2026-04-03T01:44:42.549+0600][23.426s][info][gc,heap        ] GC(39) Survivor regions: 1->1(5)
[2026-04-03T01:44:42.549+0600][23.426s][info][gc,heap        ] GC(39) Old regions: 18->18
[2026-04-03T01:44:42.549+0600][23.426s][info][gc,heap        ] GC(39) Humongous regions: 3->3
[2026-04-03T01:44:42.549+0600][23.426s][info][gc,metaspace   ] GC(39) Metaspace: 66916K(67904K)->66916K(67904K) NonClass: 58498K(59072K)->58498K(59072K) Class: 8418K(8832K)->8418K(8832K)
[2026-04-03T01:44:42.549+0600][23.426s][info][gc             ] GC(39) Pause Young (Concurrent Start) (G1 Evacuation Pause) 110M->36M(148M) 2.574ms
[2026-04-03T01:44:42.549+0600][23.426s][info][gc,cpu         ] GC(39) User=0.00s Sys=0.00s Real=0.00s
[2026-04-03T01:44:42.549+0600][23.426s][info][gc             ] GC(40) Concurrent Mark Cycle
[2026-04-03T01:44:42.549+0600][23.426s][info][gc,marking     ] GC(40) Concurrent Scan Root Regions
[2026-04-03T01:44:42.550+0600][23.428s][info][gc,marking     ] GC(40) Concurrent Scan Root Regions 1.249ms
[2026-04-03T01:44:42.550+0600][23.428s][info][gc,marking     ] GC(40) Concurrent Mark
[2026-04-03T01:44:42.550+0600][23.428s][info][gc,marking     ] GC(40) Concurrent Mark From Roots
[2026-04-03T01:44:42.550+0600][23.428s][info][gc,task        ] GC(40) Using 2 workers of 2 for marking
[2026-04-03T01:44:42.579+0600][23.457s][info][gc,marking     ] GC(40) Concurrent Mark From Roots 28.972ms
[2026-04-03T01:44:42.579+0600][23.457s][info][gc,marking     ] GC(40) Concurrent Preclean
[2026-04-03T01:44:42.579+0600][23.457s][info][gc,marking     ] GC(40) Concurrent Preclean 0.141ms
[2026-04-03T01:44:42.580+0600][23.457s][info][gc,start       ] GC(40) Pause Remark
[2026-04-03T01:44:42.586+0600][23.463s][info][gc             ] GC(40) Pause Remark 78M->78M(148M) 5.991ms
[2026-04-03T01:44:42.586+0600][23.463s][info][gc,cpu         ] GC(40) User=0.01s Sys=0.00s Real=0.01s
[2026-04-03T01:44:42.586+0600][23.464s][info][gc,marking     ] GC(40) Concurrent Mark 35.814ms
[2026-04-03T01:44:42.586+0600][23.464s][info][gc,marking     ] GC(40) Concurrent Rebuild Remembered Sets and Scrub Regions
[2026-04-03T01:44:42.606+0600][23.484s][info][gc,marking     ] GC(40) Concurrent Rebuild Remembered Sets and Scrub Regions 20.458ms
[2026-04-03T01:44:42.607+0600][23.484s][info][gc,start       ] GC(40) Pause Cleanup
[2026-04-03T01:44:42.607+0600][23.485s][info][gc             ] GC(40) Pause Cleanup 109M->109M(148M) 0.374ms
[2026-04-03T01:44:42.607+0600][23.485s][info][gc,cpu         ] GC(40) User=0.00s Sys=0.00s Real=0.00s
[2026-04-03T01:44:42.607+0600][23.485s][info][gc,marking     ] GC(40) Concurrent Clear Claimed Marks
[2026-04-03T01:44:42.608+0600][23.485s][info][gc,marking     ] GC(40) Concurrent Clear Claimed Marks 0.261ms
[2026-04-03T01:44:42.608+0600][23.485s][info][gc,marking     ] GC(40) Concurrent Cleanup for Next Mark
[2026-04-03T01:44:42.608+0600][23.486s][info][gc,marking     ] GC(40) Concurrent Cleanup for Next Mark 0.363ms
[2026-04-03T01:44:42.608+0600][23.486s][info][gc             ] GC(40) Concurrent Mark Cycle 59.299ms
[2026-04-03T01:44:42.611+0600][23.489s][info][gc,start       ] GC(41) Pause Young (Prepare Mixed) (G1 Evacuation Pause)
[2026-04-03T01:44:42.611+0600][23.489s][info][gc,task        ] GC(41) Using 3 workers of 10 for evacuation
[2026-04-03T01:44:42.614+0600][23.491s][info][gc,phases      ] GC(41)   Pre Evacuate Collection Set: 0.27ms
[2026-04-03T01:44:42.614+0600][23.491s][info][gc,phases      ] GC(41)   Merge Heap Roots: 0.23ms
[2026-04-03T01:44:42.614+0600][23.491s][info][gc,phases      ] GC(41)   Evacuate Collection Set: 1.29ms
[2026-04-03T01:44:42.614+0600][23.491s][info][gc,phases      ] GC(41)   Post Evacuate Collection Set: 0.48ms
[2026-04-03T01:44:42.614+0600][23.491s][info][gc,phases      ] GC(41)   Other: 0.10ms
[2026-04-03T01:44:42.614+0600][23.491s][info][gc,heap        ] GC(41) Eden regions: 39->0(41)
[2026-04-03T01:44:42.614+0600][23.491s][info][gc,heap        ] GC(41) Survivor regions: 1->1(5)
[2026-04-03T01:44:42.614+0600][23.491s][info][gc,heap        ] GC(41) Old regions: 18->18
[2026-04-03T01:44:42.614+0600][23.491s][info][gc,heap        ] GC(41) Humongous regions: 3->3
[2026-04-03T01:44:42.614+0600][23.491s][info][gc,metaspace   ] GC(41) Metaspace: 66919K(67904K)->66919K(67904K) NonClass: 58501K(59072K)->58501K(59072K) Class: 8418K(8832K)->8418K(8832K)
[2026-04-03T01:44:42.614+0600][23.492s][info][gc             ] GC(41) Pause Young (Prepare Mixed) (G1 Evacuation Pause) 114M->36M(148M) 2.654ms
[2026-04-03T01:44:42.614+0600][23.492s][info][gc,cpu         ] GC(41) User=0.00s Sys=0.00s Real=0.00s
[2026-04-03T01:44:42.681+0600][23.559s][info][gc,start       ] GC(42) Pause Young (Mixed) (G1 Evacuation Pause)
[2026-04-03T01:44:42.681+0600][23.559s][info][gc,task        ] GC(42) Using 3 workers of 10 for evacuation
[2026-04-03T01:44:42.684+0600][23.562s][info][gc,phases      ] GC(42)   Pre Evacuate Collection Set: 0.39ms
[2026-04-03T01:44:42.684+0600][23.562s][info][gc,phases      ] GC(42)   Merge Heap Roots: 0.17ms
[2026-04-03T01:44:42.684+0600][23.562s][info][gc,phases      ] GC(42)   Evacuate Collection Set: 1.65ms
[2026-04-03T01:44:42.684+0600][23.562s][info][gc,phases      ] GC(42)   Post Evacuate Collection Set: 0.83ms
[2026-04-03T01:44:42.684+0600][23.562s][info][gc,phases      ] GC(42)   Other: 0.07ms
[2026-04-03T01:44:42.684+0600][23.562s][info][gc,heap        ] GC(42) Eden regions: 41->0(92)
[2026-04-03T01:44:42.684+0600][23.562s][info][gc,heap        ] GC(42) Survivor regions: 1->1(6)
[2026-04-03T01:44:42.684+0600][23.562s][info][gc,heap        ] GC(42) Old regions: 18->18
[2026-04-03T01:44:42.684+0600][23.562s][info][gc,heap        ] GC(42) Humongous regions: 3->3
[2026-04-03T01:44:42.684+0600][23.562s][info][gc,metaspace   ] GC(42) Metaspace: 66919K(67904K)->66919K(67904K) NonClass: 58501K(59072K)->58501K(59072K) Class: 8418K(8832K)->8418K(8832K)
[2026-04-03T01:44:42.684+0600][23.562s][info][gc             ] GC(42) Pause Young (Mixed) (G1 Evacuation Pause) 118M->35M(310M) 3.333ms
[2026-04-03T01:44:42.684+0600][23.562s][info][gc,cpu         ] GC(42) User=0.00s Sys=0.00s Real=0.00s
[2026-04-03T01:44:42.824+0600][23.702s][info][gc,start       ] GC(43) Pause Young (Concurrent Start) (G1 Evacuation Pause)
[2026-04-03T01:44:42.825+0600][23.702s][info][gc,task        ] GC(43) Using 7 workers of 10 for evacuation
[2026-04-03T01:44:42.827+0600][23.705s][info][gc,phases      ] GC(43)   Pre Evacuate Collection Set: 0.33ms
[2026-04-03T01:44:42.827+0600][23.705s][info][gc,phases      ] GC(43)   Merge Heap Roots: 0.14ms
[2026-04-03T01:44:42.827+0600][23.705s][info][gc,phases      ] GC(43)   Evacuate Collection Set: 1.46ms
[2026-04-03T01:44:42.827+0600][23.705s][info][gc,phases      ] GC(43)   Post Evacuate Collection Set: 0.72ms
[2026-04-03T01:44:42.827+0600][23.705s][info][gc,phases      ] GC(43)   Other: 0.19ms
[2026-04-03T01:44:42.827+0600][23.705s][info][gc,heap        ] GC(43) Eden regions: 92->0(92)
[2026-04-03T01:44:42.827+0600][23.705s][info][gc,heap        ] GC(43) Survivor regions: 1->1(12)
[2026-04-03T01:44:42.828+0600][23.705s][info][gc,heap        ] GC(43) Old regions: 18->18
[2026-04-03T01:44:42.828+0600][23.705s][info][gc,heap        ] GC(43) Humongous regions: 3->3
[2026-04-03T01:44:42.828+0600][23.705s][info][gc,metaspace   ] GC(43) Metaspace: 66920K(67904K)->66920K(67904K) NonClass: 58502K(59072K)->58502K(59072K) Class: 8418K(8832K)->8418K(8832K)
[2026-04-03T01:44:42.828+0600][23.705s][info][gc             ] GC(43) Pause Young (Concurrent Start) (G1 Evacuation Pause) 219M->35M(310M) 3.113ms
[2026-04-03T01:44:42.828+0600][23.705s][info][gc             ] GC(44) Concurrent Mark Cycle
[2026-04-03T01:44:42.828+0600][23.705s][info][gc,marking     ] GC(44) Concurrent Scan Root Regions
[2026-04-03T01:44:42.828+0600][23.705s][info][gc,cpu         ] GC(43) User=0.01s Sys=0.00s Real=0.00s
[2026-04-03T01:44:42.829+0600][23.706s][info][gc,marking     ] GC(44) Concurrent Scan Root Regions 0.932ms
[2026-04-03T01:44:42.829+0600][23.706s][info][gc,marking     ] GC(44) Concurrent Mark
[2026-04-03T01:44:42.829+0600][23.706s][info][gc,marking     ] GC(44) Concurrent Mark From Roots
[2026-04-03T01:44:42.829+0600][23.706s][info][gc,task        ] GC(44) Using 2 workers of 2 for marking
[2026-04-03T01:44:42.860+0600][23.737s][info][gc,marking     ] GC(44) Concurrent Mark From Roots 31.065ms
[2026-04-03T01:44:42.860+0600][23.738s][info][gc,marking     ] GC(44) Concurrent Preclean
[2026-04-03T01:44:42.860+0600][23.738s][info][gc,marking     ] GC(44) Concurrent Preclean 0.163ms
[2026-04-03T01:44:42.860+0600][23.738s][info][gc,start       ] GC(44) Pause Remark
[2026-04-03T01:44:42.864+0600][23.741s][info][gc             ] GC(44) Pause Remark 75M->75M(148M) 3.445ms
[2026-04-03T01:44:42.864+0600][23.742s][info][gc,cpu         ] GC(44) User=0.02s Sys=0.00s Real=0.00s
[2026-04-03T01:44:42.864+0600][23.742s][info][gc,marking     ] GC(44) Concurrent Mark 35.223ms
[2026-04-03T01:44:42.864+0600][23.742s][info][gc,marking     ] GC(44) Concurrent Rebuild Remembered Sets and Scrub Regions
[2026-04-03T01:44:42.887+0600][23.765s][info][gc,marking     ] GC(44) Concurrent Rebuild Remembered Sets and Scrub Regions 23.048ms
[2026-04-03T01:44:42.887+0600][23.765s][info][gc,start       ] GC(44) Pause Cleanup
[2026-04-03T01:44:42.888+0600][23.765s][info][gc             ] GC(44) Pause Cleanup 97M->97M(148M) 0.294ms
[2026-04-03T01:44:42.888+0600][23.765s][info][gc,cpu         ] GC(44) User=0.00s Sys=0.00s Real=0.00s
[2026-04-03T01:44:42.888+0600][23.766s][info][gc,marking     ] GC(44) Concurrent Clear Claimed Marks
[2026-04-03T01:44:42.888+0600][23.766s][info][gc,marking     ] GC(44) Concurrent Clear Claimed Marks 0.232ms
[2026-04-03T01:44:42.888+0600][23.766s][info][gc,marking     ] GC(44) Concurrent Cleanup for Next Mark
[2026-04-03T01:44:42.889+0600][23.767s][info][gc,marking     ] GC(44) Concurrent Cleanup for Next Mark 1.078ms
[2026-04-03T01:44:42.889+0600][23.767s][info][gc             ] GC(44) Concurrent Mark Cycle 61.698ms
[2026-04-03T01:44:42.903+0600][23.780s][info][gc,start       ] GC(45) Pause Young (Prepare Mixed) (G1 Evacuation Pause)
[2026-04-03T01:44:42.903+0600][23.781s][info][gc,task        ] GC(45) Using 5 workers of 10 for evacuation
[2026-04-03T01:44:42.905+0600][23.782s][info][gc,phases      ] GC(45)   Pre Evacuate Collection Set: 0.28ms
[2026-04-03T01:44:42.905+0600][23.782s][info][gc,phases      ] GC(45)   Merge Heap Roots: 0.17ms
[2026-04-03T01:44:42.905+0600][23.782s][info][gc,phases      ] GC(45)   Evacuate Collection Set: 0.83ms
[2026-04-03T01:44:42.905+0600][23.782s][info][gc,phases      ] GC(45)   Post Evacuate Collection Set: 0.47ms
[2026-04-03T01:44:42.905+0600][23.782s][info][gc,phases      ] GC(45)   Other: 0.13ms
[2026-04-03T01:44:42.905+0600][23.783s][info][gc,heap        ] GC(45) Eden regions: 43->0(43)
[2026-04-03T01:44:42.905+0600][23.783s][info][gc,heap        ] GC(45) Survivor regions: 1->1(6)
[2026-04-03T01:44:42.905+0600][23.783s][info][gc,heap        ] GC(45) Old regions: 18->18
[2026-04-03T01:44:42.905+0600][23.783s][info][gc,heap        ] GC(45) Humongous regions: 3->3
[2026-04-03T01:44:42.905+0600][23.783s][info][gc,metaspace   ] GC(45) Metaspace: 66920K(67904K)->66920K(67904K) NonClass: 58502K(59072K)->58502K(59072K) Class: 8418K(8832K)->8418K(8832K)
[2026-04-03T01:44:42.905+0600][23.783s][info][gc             ] GC(45) Pause Young (Prepare Mixed) (G1 Evacuation Pause) 121M->35M(148M) 2.150ms
[2026-04-03T01:44:42.905+0600][23.783s][info][gc,cpu         ] GC(45) User=0.01s Sys=0.00s Real=0.00s
[2026-04-03T01:44:42.957+0600][23.835s][info][gc,start       ] GC(46) Pause Young (Mixed) (G1 Evacuation Pause)
[2026-04-03T01:44:42.957+0600][23.835s][info][gc,task        ] GC(46) Using 4 workers of 10 for evacuation
[2026-04-03T01:44:42.961+0600][23.839s][info][gc,phases      ] GC(46)   Pre Evacuate Collection Set: 0.72ms
[2026-04-03T01:44:42.961+0600][23.839s][info][gc,phases      ] GC(46)   Merge Heap Roots: 0.28ms
[2026-04-03T01:44:42.961+0600][23.839s][info][gc,phases      ] GC(46)   Evacuate Collection Set: 2.03ms
[2026-04-03T01:44:42.961+0600][23.839s][info][gc,phases      ] GC(46)   Post Evacuate Collection Set: 0.84ms
[2026-04-03T01:44:42.961+0600][23.839s][info][gc,phases      ] GC(46)   Other: 0.11ms
[2026-04-03T01:44:42.961+0600][23.839s][info][gc,heap        ] GC(46) Eden regions: 43->0(43)
[2026-04-03T01:44:42.961+0600][23.839s][info][gc,heap        ] GC(46) Survivor regions: 1->1(6)
[2026-04-03T01:44:42.961+0600][23.839s][info][gc,heap        ] GC(46) Old regions: 18->18
[2026-04-03T01:44:42.961+0600][23.839s][info][gc,heap        ] GC(46) Humongous regions: 3->3
[2026-04-03T01:44:42.961+0600][23.839s][info][gc,metaspace   ] GC(46) Metaspace: 66920K(67904K)->66920K(67904K) NonClass: 58502K(59072K)->58502K(59072K) Class: 8418K(8832K)->8418K(8832K)
[2026-04-03T01:44:42.961+0600][23.839s][info][gc             ] GC(46) Pause Young (Mixed) (G1 Evacuation Pause) 121M->36M(148M) 4.303ms
[2026-04-03T01:44:42.961+0600][23.839s][info][gc,cpu         ] GC(46) User=0.01s Sys=0.00s Real=0.01s
[2026-04-03T01:44:43.016+0600][23.894s][info][gc,start       ] GC(47) Pause Young (Concurrent Start) (G1 Evacuation Pause)
[2026-04-03T01:44:43.016+0600][23.894s][info][gc,task        ] GC(47) Using 3 workers of 10 for evacuation
[2026-04-03T01:44:43.019+0600][23.897s][info][gc,phases      ] GC(47)   Pre Evacuate Collection Set: 0.42ms
[2026-04-03T01:44:43.019+0600][23.897s][info][gc,phases      ] GC(47)   Merge Heap Roots: 0.23ms
[2026-04-03T01:44:43.019+0600][23.897s][info][gc,phases      ] GC(47)   Evacuate Collection Set: 1.52ms
[2026-04-03T01:44:43.019+0600][23.897s][info][gc,phases      ] GC(47)   Post Evacuate Collection Set: 0.51ms
[2026-04-03T01:44:43.019+0600][23.897s][info][gc,phases      ] GC(47)   Other: 0.20ms
[2026-04-03T01:44:43.019+0600][23.897s][info][gc,heap        ] GC(47) Eden regions: 43->0(43)
[2026-04-03T01:44:43.019+0600][23.897s][info][gc,heap        ] GC(47) Survivor regions: 1->1(6)
[2026-04-03T01:44:43.019+0600][23.897s][info][gc,heap        ] GC(47) Old regions: 18->18
[2026-04-03T01:44:43.019+0600][23.897s][info][gc,heap        ] GC(47) Humongous regions: 3->3
[2026-04-03T01:44:43.019+0600][23.897s][info][gc,metaspace   ] GC(47) Metaspace: 66920K(67904K)->66920K(67904K) NonClass: 58502K(59072K)->58502K(59072K) Class: 8418K(8832K)->8418K(8832K)
[2026-04-03T01:44:43.019+0600][23.897s][info][gc             ] GC(47) Pause Young (Concurrent Start) (G1 Evacuation Pause) 122M->36M(148M) 3.131ms
[2026-04-03T01:44:43.019+0600][23.897s][info][gc,cpu         ] GC(47) User=0.00s Sys=0.00s Real=0.00s
[2026-04-03T01:44:43.019+0600][23.897s][info][gc             ] GC(48) Concurrent Mark Cycle
[2026-04-03T01:44:43.019+0600][23.897s][info][gc,marking     ] GC(48) Concurrent Scan Root Regions
[2026-04-03T01:44:43.021+0600][23.898s][info][gc,marking     ] GC(48) Concurrent Scan Root Regions 1.267ms
[2026-04-03T01:44:43.021+0600][23.898s][info][gc,marking     ] GC(48) Concurrent Mark
[2026-04-03T01:44:43.021+0600][23.898s][info][gc,marking     ] GC(48) Concurrent Mark From Roots
[2026-04-03T01:44:43.021+0600][23.898s][info][gc,task        ] GC(48) Using 2 workers of 2 for marking
[2026-04-03T01:44:43.055+0600][23.933s][info][gc,marking     ] GC(48) Concurrent Mark From Roots 34.282ms
[2026-04-03T01:44:43.055+0600][23.933s][info][gc,marking     ] GC(48) Concurrent Preclean
[2026-04-03T01:44:43.055+0600][23.933s][info][gc,marking     ] GC(48) Concurrent Preclean 0.221ms
[2026-04-03T01:44:43.056+0600][23.933s][info][gc,start       ] GC(48) Pause Remark
[2026-04-03T01:44:43.062+0600][23.940s][info][gc             ] GC(48) Pause Remark 77M->77M(148M) 6.371ms
[2026-04-03T01:44:43.062+0600][23.940s][info][gc,cpu         ] GC(48) User=0.01s Sys=0.00s Real=0.01s
[2026-04-03T01:44:43.062+0600][23.940s][info][gc,marking     ] GC(48) Concurrent Mark 41.477ms
[2026-04-03T01:44:43.062+0600][23.940s][info][gc,marking     ] GC(48) Concurrent Rebuild Remembered Sets and Scrub Regions
[2026-04-03T01:44:43.084+0600][23.962s][info][gc,marking     ] GC(48) Concurrent Rebuild Remembered Sets and Scrub Regions 21.855ms
[2026-04-03T01:44:43.084+0600][23.962s][info][gc,start       ] GC(48) Pause Cleanup
[2026-04-03T01:44:43.085+0600][23.962s][info][gc             ] GC(48) Pause Cleanup 107M->107M(148M) 0.400ms
[2026-04-03T01:44:43.085+0600][23.963s][info][gc,cpu         ] GC(48) User=0.00s Sys=0.00s Real=0.00s
[2026-04-03T01:44:43.085+0600][23.963s][info][gc,marking     ] GC(48) Concurrent Clear Claimed Marks
[2026-04-03T01:44:43.085+0600][23.963s][info][gc,marking     ] GC(48) Concurrent Clear Claimed Marks 0.186ms
[2026-04-03T01:44:43.085+0600][23.963s][info][gc,marking     ] GC(48) Concurrent Cleanup for Next Mark
[2026-04-03T01:44:43.086+0600][23.963s][info][gc,marking     ] GC(48) Concurrent Cleanup for Next Mark 0.440ms
[2026-04-03T01:44:43.086+0600][23.963s][info][gc             ] GC(48) Concurrent Mark Cycle 66.464ms
[2026-04-03T01:44:43.095+0600][23.973s][info][gc,start       ] GC(49) Pause Young (Prepare Mixed) (G1 Evacuation Pause)
[2026-04-03T01:44:43.095+0600][23.973s][info][gc,task        ] GC(49) Using 3 workers of 10 for evacuation
[2026-04-03T01:44:43.098+0600][23.976s][info][gc,phases      ] GC(49)   Pre Evacuate Collection Set: 0.41ms
[2026-04-03T01:44:43.098+0600][23.976s][info][gc,phases      ] GC(49)   Merge Heap Roots: 0.19ms
[2026-04-03T01:44:43.098+0600][23.976s][info][gc,phases      ] GC(49)   Evacuate Collection Set: 1.36ms
[2026-04-03T01:44:43.098+0600][23.976s][info][gc,phases      ] GC(49)   Post Evacuate Collection Set: 1.19ms
[2026-04-03T01:44:43.098+0600][23.976s][info][gc,phases      ] GC(49)   Other: 0.12ms
[2026-04-03T01:44:43.098+0600][23.976s][info][gc,heap        ] GC(49) Eden regions: 43->0(71)
[2026-04-03T01:44:43.098+0600][23.976s][info][gc,heap        ] GC(49) Survivor regions: 1->1(6)
[2026-04-03T01:44:43.098+0600][23.976s][info][gc,heap        ] GC(49) Old regions: 18->18
[2026-04-03T01:44:43.098+0600][23.976s][info][gc,heap        ] GC(49) Humongous regions: 3->3
[2026-04-03T01:44:43.098+0600][23.976s][info][gc,metaspace   ] GC(49) Metaspace: 66920K(67904K)->66920K(67904K) NonClass: 58502K(59072K)->58502K(59072K) Class: 8418K(8832K)->8418K(8832K)
[2026-04-03T01:44:43.098+0600][23.976s][info][gc             ] GC(49) Pause Young (Prepare Mixed) (G1 Evacuation Pause) 122M->36M(242M) 3.557ms
[2026-04-03T01:44:43.098+0600][23.976s][info][gc,cpu         ] GC(49) User=0.01s Sys=0.00s Real=0.00s
[2026-04-03T01:44:43.204+0600][24.082s][info][gc,start       ] GC(50) Pause Young (Mixed) (G1 Evacuation Pause)
[2026-04-03T01:44:43.204+0600][24.082s][info][gc,task        ] GC(50) Using 5 workers of 10 for evacuation
[2026-04-03T01:44:43.207+0600][24.084s][info][gc,phases      ] GC(50)   Pre Evacuate Collection Set: 0.28ms
[2026-04-03T01:44:43.207+0600][24.085s][info][gc,phases      ] GC(50)   Merge Heap Roots: 0.14ms
[2026-04-03T01:44:43.207+0600][24.085s][info][gc,phases      ] GC(50)   Evacuate Collection Set: 1.26ms
[2026-04-03T01:44:43.207+0600][24.085s][info][gc,phases      ] GC(50)   Post Evacuate Collection Set: 0.68ms
[2026-04-03T01:44:43.207+0600][24.085s][info][gc,phases      ] GC(50)   Other: 0.14ms
[2026-04-03T01:44:43.207+0600][24.085s][info][gc,heap        ] GC(50) Eden regions: 71->0(71)
[2026-04-03T01:44:43.207+0600][24.085s][info][gc,heap        ] GC(50) Survivor regions: 1->1(9)
[2026-04-03T01:44:43.207+0600][24.085s][info][gc,heap        ] GC(50) Old regions: 18->18
[2026-04-03T01:44:43.207+0600][24.085s][info][gc,heap        ] GC(50) Humongous regions: 3->3
[2026-04-03T01:44:43.207+0600][24.085s][info][gc,metaspace   ] GC(50) Metaspace: 66920K(67904K)->66920K(67904K) NonClass: 58502K(59072K)->58502K(59072K) Class: 8418K(8832K)->8418K(8832K)
[2026-04-03T01:44:43.207+0600][24.085s][info][gc             ] GC(50) Pause Young (Mixed) (G1 Evacuation Pause) 178M->35M(242M) 2.821ms
[2026-04-03T01:44:43.207+0600][24.085s][info][gc,cpu         ] GC(50) User=0.01s Sys=0.00s Real=0.00s
[2026-04-03T01:44:43.284+0600][24.161s][info][gc,start       ] GC(51) Pause Young (Concurrent Start) (G1 Evacuation Pause)
[2026-04-03T01:44:43.284+0600][24.161s][info][gc,task        ] GC(51) Using 5 workers of 10 for evacuation
[2026-04-03T01:44:43.287+0600][24.164s][info][gc,phases      ] GC(51)   Pre Evacuate Collection Set: 0.41ms
[2026-04-03T01:44:43.287+0600][24.164s][info][gc,phases      ] GC(51)   Merge Heap Roots: 0.20ms
[2026-04-03T01:44:43.287+0600][24.164s][info][gc,phases      ] GC(51)   Evacuate Collection Set: 1.28ms
[2026-04-03T01:44:43.287+0600][24.164s][info][gc,phases      ] GC(51)   Post Evacuate Collection Set: 0.57ms
[2026-04-03T01:44:43.287+0600][24.164s][info][gc,phases      ] GC(51)   Other: 0.31ms
[2026-04-03T01:44:43.287+0600][24.164s][info][gc,heap        ] GC(51) Eden regions: 71->0(71)
[2026-04-03T01:44:43.287+0600][24.164s][info][gc,heap        ] GC(51) Survivor regions: 1->1(9)
[2026-04-03T01:44:43.287+0600][24.164s][info][gc,heap        ] GC(51) Old regions: 18->18
[2026-04-03T01:44:43.287+0600][24.164s][info][gc,heap        ] GC(51) Humongous regions: 3->3
[2026-04-03T01:44:43.287+0600][24.164s][info][gc,metaspace   ] GC(51) Metaspace: 66921K(67904K)->66921K(67904K) NonClass: 58503K(59072K)->58503K(59072K) Class: 8418K(8832K)->8418K(8832K)
[2026-04-03T01:44:43.287+0600][24.164s][info][gc             ] GC(51) Pause Young (Concurrent Start) (G1 Evacuation Pause) 177M->36M(242M) 3.104ms
[2026-04-03T01:44:43.287+0600][24.165s][info][gc             ] GC(52) Concurrent Mark Cycle
[2026-04-03T01:44:43.287+0600][24.165s][info][gc,marking     ] GC(52) Concurrent Scan Root Regions
[2026-04-03T01:44:43.287+0600][24.165s][info][gc,cpu         ] GC(51) User=0.00s Sys=0.00s Real=0.00s
[2026-04-03T01:44:43.288+0600][24.166s][info][gc,marking     ] GC(52) Concurrent Scan Root Regions 1.096ms
[2026-04-03T01:44:43.288+0600][24.166s][info][gc,marking     ] GC(52) Concurrent Mark
[2026-04-03T01:44:43.288+0600][24.166s][info][gc,marking     ] GC(52) Concurrent Mark From Roots
[2026-04-03T01:44:43.288+0600][24.166s][info][gc,task        ] GC(52) Using 2 workers of 2 for marking
[2026-04-03T01:44:43.317+0600][24.194s][info][gc,marking     ] GC(52) Concurrent Mark From Roots 28.494ms
[2026-04-03T01:44:43.317+0600][24.194s][info][gc,marking     ] GC(52) Concurrent Preclean
[2026-04-03T01:44:43.317+0600][24.194s][info][gc,marking     ] GC(52) Concurrent Preclean 0.185ms
[2026-04-03T01:44:43.317+0600][24.195s][info][gc,start       ] GC(52) Pause Remark
[2026-04-03T01:44:43.321+0600][24.199s][info][gc             ] GC(52) Pause Remark 79M->79M(148M) 4.361ms
[2026-04-03T01:44:43.322+0600][24.199s][info][gc,cpu         ] GC(52) User=0.01s Sys=0.00s Real=0.01s
[2026-04-03T01:44:43.322+0600][24.199s][info][gc,marking     ] GC(52) Concurrent Mark 33.654ms
[2026-04-03T01:44:43.322+0600][24.199s][info][gc,marking     ] GC(52) Concurrent Rebuild Remembered Sets and Scrub Regions
[2026-04-03T01:44:43.343+0600][24.221s][info][gc,marking     ] GC(52) Concurrent Rebuild Remembered Sets and Scrub Regions 21.178ms
[2026-04-03T01:44:43.343+0600][24.221s][info][gc,start       ] GC(52) Pause Cleanup
[2026-04-03T01:44:43.344+0600][24.221s][info][gc             ] GC(52) Pause Cleanup 111M->111M(148M) 0.308ms
[2026-04-03T01:44:43.344+0600][24.221s][info][gc,cpu         ] GC(52) User=0.00s Sys=0.00s Real=0.00s
[2026-04-03T01:44:43.344+0600][24.221s][info][gc,marking     ] GC(52) Concurrent Clear Claimed Marks
[2026-04-03T01:44:43.344+0600][24.222s][info][gc,marking     ] GC(52) Concurrent Clear Claimed Marks 0.191ms
[2026-04-03T01:44:43.344+0600][24.222s][info][gc,marking     ] GC(52) Concurrent Cleanup for Next Mark
[2026-04-03T01:44:43.344+0600][24.222s][info][gc,marking     ] GC(52) Concurrent Cleanup for Next Mark 0.501ms
[2026-04-03T01:44:43.344+0600][24.222s][info][gc             ] GC(52) Concurrent Mark Cycle 57.592ms
[2026-04-03T01:44:43.352+0600][24.229s][info][gc,start       ] GC(53) Pause Young (Prepare Mixed) (G1 Evacuation Pause)
[2026-04-03T01:44:43.352+0600][24.229s][info][gc,task        ] GC(53) Using 4 workers of 10 for evacuation
[2026-04-03T01:44:43.354+0600][24.232s][info][gc,phases      ] GC(53)   Pre Evacuate Collection Set: 0.41ms
[2026-04-03T01:44:43.354+0600][24.232s][info][gc,phases      ] GC(53)   Merge Heap Roots: 0.26ms
[2026-04-03T01:44:43.354+0600][24.232s][info][gc,phases      ] GC(53)   Evacuate Collection Set: 0.69ms
[2026-04-03T01:44:43.354+0600][24.232s][info][gc,phases      ] GC(53)   Post Evacuate Collection Set: 0.81ms
[2026-04-03T01:44:43.354+0600][24.232s][info][gc,phases      ] GC(53)   Other: 0.13ms
[2026-04-03T01:44:43.354+0600][24.232s][info][gc,heap        ] GC(53) Eden regions: 43->0(43)
[2026-04-03T01:44:43.354+0600][24.232s][info][gc,heap        ] GC(53) Survivor regions: 1->1(6)
[2026-04-03T01:44:43.354+0600][24.232s][info][gc,heap        ] GC(53) Old regions: 18->19
[2026-04-03T01:44:43.354+0600][24.232s][info][gc,heap        ] GC(53) Humongous regions: 3->3
[2026-04-03T01:44:43.354+0600][24.232s][info][gc,metaspace   ] GC(53) Metaspace: 66921K(67904K)->66921K(67904K) NonClass: 58503K(59072K)->58503K(59072K) Class: 8418K(8832K)->8418K(8832K)
[2026-04-03T01:44:43.354+0600][24.232s][info][gc             ] GC(53) Pause Young (Prepare Mixed) (G1 Evacuation Pause) 122M->36M(148M) 2.615ms
[2026-04-03T01:44:43.354+0600][24.232s][info][gc,cpu         ] GC(53) User=0.00s Sys=0.00s Real=0.00s
[2026-04-03T01:44:43.411+0600][24.289s][info][gc,start       ] GC(54) Pause Young (Mixed) (G1 Evacuation Pause)
[2026-04-03T01:44:43.411+0600][24.289s][info][gc,task        ] GC(54) Using 3 workers of 10 for evacuation
[2026-04-03T01:44:43.414+0600][24.291s][info][gc,phases      ] GC(54)   Pre Evacuate Collection Set: 0.36ms
[2026-04-03T01:44:43.414+0600][24.291s][info][gc,phases      ] GC(54)   Merge Heap Roots: 0.10ms
[2026-04-03T01:44:43.414+0600][24.291s][info][gc,phases      ] GC(54)   Evacuate Collection Set: 1.56ms
[2026-04-03T01:44:43.414+0600][24.291s][info][gc,phases      ] GC(54)   Post Evacuate Collection Set: 0.49ms
[2026-04-03T01:44:43.414+0600][24.291s][info][gc,phases      ] GC(54)   Other: 0.09ms
[2026-04-03T01:44:43.414+0600][24.291s][info][gc,heap        ] GC(54) Eden regions: 43->0(43)
[2026-04-03T01:44:43.414+0600][24.291s][info][gc,heap        ] GC(54) Survivor regions: 1->1(6)
[2026-04-03T01:44:43.414+0600][24.292s][info][gc,heap        ] GC(54) Old regions: 19->18
[2026-04-03T01:44:43.414+0600][24.292s][info][gc,heap        ] GC(54) Humongous regions: 3->3
[2026-04-03T01:44:43.414+0600][24.292s][info][gc,metaspace   ] GC(54) Metaspace: 66921K(67904K)->66921K(67904K) NonClass: 58503K(59072K)->58503K(59072K) Class: 8418K(8832K)->8418K(8832K)
[2026-04-03T01:44:43.414+0600][24.292s][info][gc             ] GC(54) Pause Young (Mixed) (G1 Evacuation Pause) 122M->36M(148M) 2.955ms
[2026-04-03T01:44:43.414+0600][24.292s][info][gc,cpu         ] GC(54) User=0.00s Sys=0.00s Real=0.00s
[2026-04-03T01:44:43.463+0600][24.341s][info][gc,start       ] GC(55) Pause Young (Concurrent Start) (G1 Evacuation Pause)
[2026-04-03T01:44:43.463+0600][24.341s][info][gc,task        ] GC(55) Using 3 workers of 10 for evacuation
[2026-04-03T01:44:43.467+0600][24.344s][info][gc,phases      ] GC(55)   Pre Evacuate Collection Set: 0.35ms
[2026-04-03T01:44:43.467+0600][24.344s][info][gc,phases      ] GC(55)   Merge Heap Roots: 0.18ms
[2026-04-03T01:44:43.467+0600][24.344s][info][gc,phases      ] GC(55)   Evacuate Collection Set: 1.26ms
[2026-04-03T01:44:43.467+0600][24.344s][info][gc,phases      ] GC(55)   Post Evacuate Collection Set: 1.26ms
[2026-04-03T01:44:43.467+0600][24.344s][info][gc,phases      ] GC(55)   Other: 0.20ms
[2026-04-03T01:44:43.467+0600][24.345s][info][gc,heap        ] GC(55) Eden regions: 43->0(89)
[2026-04-03T01:44:43.467+0600][24.345s][info][gc,heap        ] GC(55) Survivor regions: 1->1(6)
[2026-04-03T01:44:43.467+0600][24.345s][info][gc,heap        ] GC(55) Old regions: 18->18
[2026-04-03T01:44:43.467+0600][24.345s][info][gc,heap        ] GC(55) Humongous regions: 3->3
[2026-04-03T01:44:43.467+0600][24.345s][info][gc,metaspace   ] GC(55) Metaspace: 66921K(67904K)->66921K(67904K) NonClass: 58503K(59072K)->58503K(59072K) Class: 8418K(8832K)->8418K(8832K)
[2026-04-03T01:44:43.467+0600][24.345s][info][gc             ] GC(55) Pause Young (Concurrent Start) (G1 Evacuation Pause) 122M->36M(300M) 3.790ms
[2026-04-03T01:44:43.467+0600][24.345s][info][gc,cpu         ] GC(55) User=0.01s Sys=0.00s Real=0.00s
[2026-04-03T01:44:43.467+0600][24.345s][info][gc             ] GC(56) Concurrent Mark Cycle
[2026-04-03T01:44:43.467+0600][24.345s][info][gc,marking     ] GC(56) Concurrent Scan Root Regions
[2026-04-03T01:44:43.468+0600][24.346s][info][gc,marking     ] GC(56) Concurrent Scan Root Regions 1.074ms
[2026-04-03T01:44:43.468+0600][24.346s][info][gc,marking     ] GC(56) Concurrent Mark
[2026-04-03T01:44:43.468+0600][24.346s][info][gc,marking     ] GC(56) Concurrent Mark From Roots
[2026-04-03T01:44:43.468+0600][24.346s][info][gc,task        ] GC(56) Using 2 workers of 2 for marking
[2026-04-03T01:44:43.496+0600][24.374s][info][gc,marking     ] GC(56) Concurrent Mark From Roots 27.734ms
[2026-04-03T01:44:43.496+0600][24.374s][info][gc,marking     ] GC(56) Concurrent Preclean
[2026-04-03T01:44:43.496+0600][24.374s][info][gc,marking     ] GC(56) Concurrent Preclean 0.179ms
[2026-04-03T01:44:43.497+0600][24.374s][info][gc,start       ] GC(56) Pause Remark
[2026-04-03T01:44:43.503+0600][24.380s][info][gc             ] GC(56) Pause Remark 77M->77M(148M) 5.910ms
[2026-04-03T01:44:43.503+0600][24.380s][info][gc,cpu         ] GC(56) User=0.02s Sys=0.01s Real=0.01s
[2026-04-03T01:44:43.503+0600][24.380s][info][gc,marking     ] GC(56) Concurrent Mark 34.382ms
[2026-04-03T01:44:43.503+0600][24.380s][info][gc,marking     ] GC(56) Concurrent Rebuild Remembered Sets and Scrub Regions
[2026-04-03T01:44:43.520+0600][24.398s][info][gc,marking     ] GC(56) Concurrent Rebuild Remembered Sets and Scrub Regions 17.334ms
[2026-04-03T01:44:43.520+0600][24.398s][info][gc,start       ] GC(56) Pause Cleanup
[2026-04-03T01:44:43.521+0600][24.398s][info][gc             ] GC(56) Pause Cleanup 107M->107M(148M) 0.395ms
[2026-04-03T01:44:43.521+0600][24.399s][info][gc,cpu         ] GC(56) User=0.00s Sys=0.00s Real=0.00s
[2026-04-03T01:44:43.521+0600][24.399s][info][gc,marking     ] GC(56) Concurrent Clear Claimed Marks
[2026-04-03T01:44:43.521+0600][24.399s][info][gc,marking     ] GC(56) Concurrent Clear Claimed Marks 0.170ms
[2026-04-03T01:44:43.521+0600][24.399s][info][gc,marking     ] GC(56) Concurrent Cleanup for Next Mark
[2026-04-03T01:44:43.522+0600][24.399s][info][gc,marking     ] GC(56) Concurrent Cleanup for Next Mark 0.409ms
[2026-04-03T01:44:43.522+0600][24.399s][info][gc             ] GC(56) Concurrent Mark Cycle 54.487ms
[2026-04-03T01:44:43.530+0600][24.407s][info][gc,start       ] GC(57) Pause Young (Prepare Mixed) (G1 Evacuation Pause)
[2026-04-03T01:44:43.530+0600][24.407s][info][gc,task        ] GC(57) Using 3 workers of 10 for evacuation
[2026-04-03T01:44:43.532+0600][24.410s][info][gc,phases      ] GC(57)   Pre Evacuate Collection Set: 0.46ms
[2026-04-03T01:44:43.532+0600][24.410s][info][gc,phases      ] GC(57)   Merge Heap Roots: 0.25ms
[2026-04-03T01:44:43.532+0600][24.410s][info][gc,phases      ] GC(57)   Evacuate Collection Set: 0.85ms
[2026-04-03T01:44:43.532+0600][24.410s][info][gc,phases      ] GC(57)   Post Evacuate Collection Set: 0.68ms
[2026-04-03T01:44:43.532+0600][24.410s][info][gc,phases      ] GC(57)   Other: 0.08ms
[2026-04-03T01:44:43.532+0600][24.410s][info][gc,heap        ] GC(57) Eden regions: 43->0(43)
[2026-04-03T01:44:43.532+0600][24.410s][info][gc,heap        ] GC(57) Survivor regions: 1->1(6)
[2026-04-03T01:44:43.532+0600][24.410s][info][gc,heap        ] GC(57) Old regions: 18->18
[2026-04-03T01:44:43.532+0600][24.410s][info][gc,heap        ] GC(57) Humongous regions: 3->3
[2026-04-03T01:44:43.532+0600][24.410s][info][gc,metaspace   ] GC(57) Metaspace: 66921K(67904K)->66921K(67904K) NonClass: 58503K(59072K)->58503K(59072K) Class: 8418K(8832K)->8418K(8832K)
[2026-04-03T01:44:43.532+0600][24.410s][info][gc             ] GC(57) Pause Young (Prepare Mixed) (G1 Evacuation Pause) 122M->36M(148M) 2.505ms
[2026-04-03T01:44:43.532+0600][24.410s][info][gc,cpu         ] GC(57) User=0.01s Sys=0.00s Real=0.01s
[2026-04-03T01:44:43.578+0600][24.455s][info][gc,start       ] GC(58) Pause Young (Mixed) (G1 Evacuation Pause)
[2026-04-03T01:44:43.578+0600][24.456s][info][gc,task        ] GC(58) Using 3 workers of 10 for evacuation
[2026-04-03T01:44:43.581+0600][24.459s][info][gc,phases      ] GC(58)   Pre Evacuate Collection Set: 0.43ms
[2026-04-03T01:44:43.581+0600][24.459s][info][gc,phases      ] GC(58)   Merge Heap Roots: 0.23ms
[2026-04-03T01:44:43.581+0600][24.459s][info][gc,phases      ] GC(58)   Evacuate Collection Set: 1.83ms
[2026-04-03T01:44:43.581+0600][24.459s][info][gc,phases      ] GC(58)   Post Evacuate Collection Set: 0.72ms
[2026-04-03T01:44:43.581+0600][24.459s][info][gc,phases      ] GC(58)   Other: 0.09ms
[2026-04-03T01:44:43.581+0600][24.459s][info][gc,heap        ] GC(58) Eden regions: 43->0(43)
[2026-04-03T01:44:43.581+0600][24.459s][info][gc,heap        ] GC(58) Survivor regions: 1->1(6)
[2026-04-03T01:44:43.581+0600][24.459s][info][gc,heap        ] GC(58) Old regions: 18->18
[2026-04-03T01:44:43.581+0600][24.459s][info][gc,heap        ] GC(58) Humongous regions: 3->3
[2026-04-03T01:44:43.581+0600][24.459s][info][gc,metaspace   ] GC(58) Metaspace: 66921K(67904K)->66921K(67904K) NonClass: 58503K(59072K)->58503K(59072K) Class: 8418K(8832K)->8418K(8832K)
[2026-04-03T01:44:43.581+0600][24.459s][info][gc             ] GC(58) Pause Young (Mixed) (G1 Evacuation Pause) 122M->36M(148M) 3.562ms
[2026-04-03T01:44:43.581+0600][24.459s][info][gc,cpu         ] GC(58) User=0.01s Sys=0.00s Real=0.01s
[2026-04-03T01:44:43.630+0600][24.508s][info][gc,start       ] GC(59) Pause Young (Concurrent Start) (G1 Evacuation Pause)
[2026-04-03T01:44:43.630+0600][24.508s][info][gc,task        ] GC(59) Using 3 workers of 10 for evacuation
[2026-04-03T01:44:43.632+0600][24.510s][info][gc,phases      ] GC(59)   Pre Evacuate Collection Set: 0.19ms
[2026-04-03T01:44:43.632+0600][24.510s][info][gc,phases      ] GC(59)   Merge Heap Roots: 0.17ms
[2026-04-03T01:44:43.632+0600][24.510s][info][gc,phases      ] GC(59)   Evacuate Collection Set: 1.00ms
[2026-04-03T01:44:43.632+0600][24.510s][info][gc,phases      ] GC(59)   Post Evacuate Collection Set: 0.75ms
[2026-04-03T01:44:43.632+0600][24.510s][info][gc,phases      ] GC(59)   Other: 0.20ms
[2026-04-03T01:44:43.632+0600][24.510s][info][gc,heap        ] GC(59) Eden regions: 43->0(43)
[2026-04-03T01:44:43.632+0600][24.510s][info][gc,heap        ] GC(59) Survivor regions: 1->1(6)
[2026-04-03T01:44:43.632+0600][24.510s][info][gc,heap        ] GC(59) Old regions: 18->18
[2026-04-03T01:44:43.632+0600][24.510s][info][gc,heap        ] GC(59) Humongous regions: 3->3
[2026-04-03T01:44:43.632+0600][24.510s][info][gc,metaspace   ] GC(59) Metaspace: 66921K(67904K)->66921K(67904K) NonClass: 58503K(59072K)->58503K(59072K) Class: 8418K(8832K)->8418K(8832K)
[2026-04-03T01:44:43.632+0600][24.510s][info][gc             ] GC(59) Pause Young (Concurrent Start) (G1 Evacuation Pause) 122M->36M(148M) 2.533ms
[2026-04-03T01:44:43.633+0600][24.510s][info][gc             ] GC(60) Concurrent Mark Cycle
[2026-04-03T01:44:43.633+0600][24.510s][info][gc,marking     ] GC(60) Concurrent Scan Root Regions
[2026-04-03T01:44:43.633+0600][24.510s][info][gc,cpu         ] GC(59) User=0.00s Sys=0.00s Real=0.00s
[2026-04-03T01:44:43.634+0600][24.511s][info][gc,marking     ] GC(60) Concurrent Scan Root Regions 0.924ms
[2026-04-03T01:44:43.634+0600][24.511s][info][gc,marking     ] GC(60) Concurrent Mark
[2026-04-03T01:44:43.634+0600][24.511s][info][gc,marking     ] GC(60) Concurrent Mark From Roots
[2026-04-03T01:44:43.634+0600][24.511s][info][gc,task        ] GC(60) Using 2 workers of 2 for marking
[2026-04-03T01:44:43.661+0600][24.539s][info][gc,marking     ] GC(60) Concurrent Mark From Roots 27.248ms
[2026-04-03T01:44:43.661+0600][24.539s][info][gc,marking     ] GC(60) Concurrent Preclean
[2026-04-03T01:44:43.661+0600][24.539s][info][gc,marking     ] GC(60) Concurrent Preclean 0.179ms
[2026-04-03T01:44:43.661+0600][24.539s][info][gc,start       ] GC(60) Pause Remark
[2026-04-03T01:44:43.667+0600][24.545s][info][gc             ] GC(60) Pause Remark 77M->77M(148M) 5.530ms
[2026-04-03T01:44:43.667+0600][24.545s][info][gc,cpu         ] GC(60) User=0.02s Sys=0.00s Real=0.00s
[2026-04-03T01:44:43.667+0600][24.545s][info][gc,marking     ] GC(60) Concurrent Mark 33.496ms
[2026-04-03T01:44:43.667+0600][24.545s][info][gc,marking     ] GC(60) Concurrent Rebuild Remembered Sets and Scrub Regions
[2026-04-03T01:44:43.689+0600][24.566s][info][gc,marking     ] GC(60) Concurrent Rebuild Remembered Sets and Scrub Regions 21.566ms
[2026-04-03T01:44:43.689+0600][24.567s][info][gc,start       ] GC(60) Pause Cleanup
[2026-04-03T01:44:43.689+0600][24.567s][info][gc             ] GC(60) Pause Cleanup 109M->109M(148M) 0.214ms
[2026-04-03T01:44:43.689+0600][24.567s][info][gc,cpu         ] GC(60) User=0.00s Sys=0.00s Real=0.00s
[2026-04-03T01:44:43.689+0600][24.567s][info][gc,marking     ] GC(60) Concurrent Clear Claimed Marks
[2026-04-03T01:44:43.690+0600][24.567s][info][gc,marking     ] GC(60) Concurrent Clear Claimed Marks 0.182ms
[2026-04-03T01:44:43.690+0600][24.567s][info][gc,marking     ] GC(60) Concurrent Cleanup for Next Mark
[2026-04-03T01:44:43.690+0600][24.568s][info][gc,marking     ] GC(60) Concurrent Cleanup for Next Mark 0.469ms
[2026-04-03T01:44:43.690+0600][24.568s][info][gc             ] GC(60) Concurrent Mark Cycle 57.666ms
[2026-04-03T01:44:43.698+0600][24.576s][info][gc,start       ] GC(61) Pause Young (Prepare Mixed) (GCLocker Initiated GC)
[2026-04-03T01:44:43.698+0600][24.576s][info][gc,task        ] GC(61) Using 3 workers of 10 for evacuation
[2026-04-03T01:44:43.700+0600][24.577s][info][gc,phases      ] GC(61)   Pre Evacuate Collection Set: 0.44ms
[2026-04-03T01:44:43.700+0600][24.578s][info][gc,phases      ] GC(61)   Merge Heap Roots: 0.12ms
[2026-04-03T01:44:43.700+0600][24.578s][info][gc,phases      ] GC(61)   Evacuate Collection Set: 0.67ms
[2026-04-03T01:44:43.700+0600][24.578s][info][gc,phases      ] GC(61)   Post Evacuate Collection Set: 0.40ms
[2026-04-03T01:44:43.700+0600][24.578s][info][gc,phases      ] GC(61)   Other: 0.10ms
[2026-04-03T01:44:43.700+0600][24.578s][info][gc,heap        ] GC(61) Eden regions: 43->0(43)
[2026-04-03T01:44:43.700+0600][24.578s][info][gc,heap        ] GC(61) Survivor regions: 1->1(6)
[2026-04-03T01:44:43.700+0600][24.578s][info][gc,heap        ] GC(61) Old regions: 18->18
[2026-04-03T01:44:43.700+0600][24.578s][info][gc,heap        ] GC(61) Humongous regions: 3->3
[2026-04-03T01:44:43.700+0600][24.578s][info][gc,metaspace   ] GC(61) Metaspace: 66921K(67904K)->66921K(67904K) NonClass: 58503K(59072K)->58503K(59072K) Class: 8418K(8832K)->8418K(8832K)
[2026-04-03T01:44:43.700+0600][24.578s][info][gc             ] GC(61) Pause Young (Prepare Mixed) (GCLocker Initiated GC) 122M->36M(148M) 1.989ms
[2026-04-03T01:44:43.700+0600][24.578s][info][gc,cpu         ] GC(61) User=0.01s Sys=0.00s Real=0.01s
[2026-04-03T01:44:43.757+0600][24.635s][info][gc,start       ] GC(62) Pause Young (Mixed) (G1 Evacuation Pause)
[2026-04-03T01:44:43.757+0600][24.635s][info][gc,task        ] GC(62) Using 3 workers of 10 for evacuation
[2026-04-03T01:44:43.761+0600][24.638s][info][gc,phases      ] GC(62)   Pre Evacuate Collection Set: 0.19ms
[2026-04-03T01:44:43.761+0600][24.638s][info][gc,phases      ] GC(62)   Merge Heap Roots: 0.26ms
[2026-04-03T01:44:43.761+0600][24.638s][info][gc,phases      ] GC(62)   Evacuate Collection Set: 1.94ms
[2026-04-03T01:44:43.761+0600][24.638s][info][gc,phases      ] GC(62)   Post Evacuate Collection Set: 1.18ms
[2026-04-03T01:44:43.761+0600][24.638s][info][gc,phases      ] GC(62)   Other: 0.11ms
[2026-04-03T01:44:43.761+0600][24.638s][info][gc,heap        ] GC(62) Eden regions: 43->0(87)
[2026-04-03T01:44:43.761+0600][24.639s][info][gc,heap        ] GC(62) Survivor regions: 1->1(6)
[2026-04-03T01:44:43.761+0600][24.639s][info][gc,heap        ] GC(62) Old regions: 18->18
[2026-04-03T01:44:43.761+0600][24.639s][info][gc,heap        ] GC(62) Humongous regions: 3->3
[2026-04-03T01:44:43.761+0600][24.639s][info][gc,metaspace   ] GC(62) Metaspace: 66921K(67904K)->66921K(67904K) NonClass: 58503K(59072K)->58503K(59072K) Class: 8418K(8832K)->8418K(8832K)
[2026-04-03T01:44:43.761+0600][24.639s][info][gc             ] GC(62) Pause Young (Mixed) (G1 Evacuation Pause) 122M->35M(296M) 4.012ms
[2026-04-03T01:44:43.761+0600][24.639s][info][gc,cpu         ] GC(62) User=0.01s Sys=0.00s Real=0.01s
[2026-04-03T01:44:43.905+0600][24.783s][info][gc,start       ] GC(63) Pause Young (Concurrent Start) (G1 Evacuation Pause)
[2026-04-03T01:44:43.905+0600][24.783s][info][gc,task        ] GC(63) Using 7 workers of 10 for evacuation
[2026-04-03T01:44:43.907+0600][24.785s][info][gc,phases      ] GC(63)   Pre Evacuate Collection Set: 0.45ms
[2026-04-03T01:44:43.907+0600][24.785s][info][gc,phases      ] GC(63)   Merge Heap Roots: 0.15ms
[2026-04-03T01:44:43.907+0600][24.785s][info][gc,phases      ] GC(63)   Evacuate Collection Set: 0.94ms
[2026-04-03T01:44:43.907+0600][24.785s][info][gc,phases      ] GC(63)   Post Evacuate Collection Set: 0.45ms
[2026-04-03T01:44:43.907+0600][24.785s][info][gc,phases      ] GC(63)   Other: 0.24ms
[2026-04-03T01:44:43.907+0600][24.785s][info][gc,heap        ] GC(63) Eden regions: 87->0(87)
[2026-04-03T01:44:43.907+0600][24.785s][info][gc,heap        ] GC(63) Survivor regions: 1->1(11)
[2026-04-03T01:44:43.907+0600][24.785s][info][gc,heap        ] GC(63) Old regions: 18->18
[2026-04-03T01:44:43.907+0600][24.785s][info][gc,heap        ] GC(63) Humongous regions: 3->3
[2026-04-03T01:44:43.907+0600][24.785s][info][gc,metaspace   ] GC(63) Metaspace: 66921K(67904K)->66921K(67904K) NonClass: 58503K(59072K)->58503K(59072K) Class: 8418K(8832K)->8418K(8832K)
[2026-04-03T01:44:43.908+0600][24.785s][info][gc             ] GC(63) Pause Young (Concurrent Start) (G1 Evacuation Pause) 209M->35M(296M) 2.457ms
[2026-04-03T01:44:43.908+0600][24.785s][info][gc             ] GC(64) Concurrent Mark Cycle
[2026-04-03T01:44:43.908+0600][24.785s][info][gc,cpu         ] GC(63) User=0.01s Sys=0.00s Real=0.00s
[2026-04-03T01:44:43.908+0600][24.785s][info][gc,marking     ] GC(64) Concurrent Scan Root Regions
[2026-04-03T01:44:43.908+0600][24.786s][info][gc,marking     ] GC(64) Concurrent Scan Root Regions 0.681ms
[2026-04-03T01:44:43.908+0600][24.786s][info][gc,marking     ] GC(64) Concurrent Mark
[2026-04-03T01:44:43.908+0600][24.786s][info][gc,marking     ] GC(64) Concurrent Mark From Roots
[2026-04-03T01:44:43.908+0600][24.786s][info][gc,task        ] GC(64) Using 2 workers of 2 for marking
[2026-04-03T01:44:43.941+0600][24.818s][info][gc,marking     ] GC(64) Concurrent Mark From Roots 32.116ms
[2026-04-03T01:44:43.941+0600][24.818s][info][gc,marking     ] GC(64) Concurrent Preclean
[2026-04-03T01:44:43.941+0600][24.818s][info][gc,marking     ] GC(64) Concurrent Preclean 0.192ms
[2026-04-03T01:44:43.941+0600][24.819s][info][gc,start       ] GC(64) Pause Remark
[2026-04-03T01:44:43.945+0600][24.822s][info][gc             ] GC(64) Pause Remark 77M->77M(148M) 3.663ms
[2026-04-03T01:44:43.945+0600][24.823s][info][gc,cpu         ] GC(64) User=0.01s Sys=0.00s Real=0.00s
[2026-04-03T01:44:43.945+0600][24.823s][info][gc,marking     ] GC(64) Concurrent Mark 36.635ms
[2026-04-03T01:44:43.945+0600][24.823s][info][gc,marking     ] GC(64) Concurrent Rebuild Remembered Sets and Scrub Regions
[2026-04-03T01:44:43.963+0600][24.840s][info][gc,marking     ] GC(64) Concurrent Rebuild Remembered Sets and Scrub Regions 17.589ms
[2026-04-03T01:44:43.963+0600][24.841s][info][gc,start       ] GC(64) Pause Cleanup
[2026-04-03T01:44:43.963+0600][24.841s][info][gc             ] GC(64) Pause Cleanup 106M->106M(148M) 0.279ms
[2026-04-03T01:44:43.963+0600][24.841s][info][gc,cpu         ] GC(64) User=0.00s Sys=0.00s Real=0.00s
[2026-04-03T01:44:43.963+0600][24.841s][info][gc,marking     ] GC(64) Concurrent Clear Claimed Marks
[2026-04-03T01:44:43.964+0600][24.841s][info][gc,marking     ] GC(64) Concurrent Clear Claimed Marks 0.167ms
[2026-04-03T01:44:43.964+0600][24.841s][info][gc,marking     ] GC(64) Concurrent Cleanup for Next Mark
[2026-04-03T01:44:43.964+0600][24.842s][info][gc,marking     ] GC(64) Concurrent Cleanup for Next Mark 0.417ms
[2026-04-03T01:44:43.964+0600][24.842s][info][gc             ] GC(64) Concurrent Mark Cycle 56.541ms
[2026-04-03T01:44:43.972+0600][24.850s][info][gc,start       ] GC(65) Pause Young (Prepare Mixed) (G1 Evacuation Pause)
[2026-04-03T01:44:43.972+0600][24.850s][info][gc,task        ] GC(65) Using 5 workers of 10 for evacuation
[2026-04-03T01:44:43.973+0600][24.851s][info][gc,phases      ] GC(65)   Pre Evacuate Collection Set: 0.29ms
[2026-04-03T01:44:43.973+0600][24.851s][info][gc,phases      ] GC(65)   Merge Heap Roots: 0.08ms
[2026-04-03T01:44:43.973+0600][24.851s][info][gc,phases      ] GC(65)   Evacuate Collection Set: 0.50ms
[2026-04-03T01:44:43.973+0600][24.851s][info][gc,phases      ] GC(65)   Post Evacuate Collection Set: 0.44ms
[2026-04-03T01:44:43.974+0600][24.851s][info][gc,phases      ] GC(65)   Other: 0.08ms
[2026-04-03T01:44:43.974+0600][24.851s][info][gc,heap        ] GC(65) Eden regions: 43->0(43)
[2026-04-03T01:44:43.974+0600][24.851s][info][gc,heap        ] GC(65) Survivor regions: 1->1(6)
[2026-04-03T01:44:43.974+0600][24.851s][info][gc,heap        ] GC(65) Old regions: 18->19
[2026-04-03T01:44:43.974+0600][24.851s][info][gc,heap        ] GC(65) Humongous regions: 3->3
[2026-04-03T01:44:43.974+0600][24.851s][info][gc,metaspace   ] GC(65) Metaspace: 66921K(67904K)->66921K(67904K) NonClass: 58503K(59072K)->58503K(59072K) Class: 8418K(8832K)->8418K(8832K)
[2026-04-03T01:44:43.974+0600][24.851s][info][gc             ] GC(65) Pause Young (Prepare Mixed) (G1 Evacuation Pause) 121M->35M(148M) 1.620ms
[2026-04-03T01:44:43.974+0600][24.851s][info][gc,cpu         ] GC(65) User=0.00s Sys=0.00s Real=0.00s
[2026-04-03T01:44:44.063+0600][24.940s][info][gc,start       ] GC(66) Pause Young (Mixed) (G1 Evacuation Pause)
[2026-04-03T01:44:44.063+0600][24.940s][info][gc,task        ] GC(66) Using 4 workers of 10 for evacuation
[2026-04-03T01:44:44.066+0600][24.944s][info][gc,phases      ] GC(66)   Pre Evacuate Collection Set: 0.19ms
[2026-04-03T01:44:44.066+0600][24.944s][info][gc,phases      ] GC(66)   Merge Heap Roots: 0.15ms
[2026-04-03T01:44:44.066+0600][24.944s][info][gc,phases      ] GC(66)   Evacuate Collection Set: 2.39ms
[2026-04-03T01:44:44.066+0600][24.944s][info][gc,phases      ] GC(66)   Post Evacuate Collection Set: 0.60ms
[2026-04-03T01:44:44.066+0600][24.944s][info][gc,phases      ] GC(66)   Other: 0.11ms
[2026-04-03T01:44:44.066+0600][24.944s][info][gc,heap        ] GC(66) Eden regions: 43->0(43)
[2026-04-03T01:44:44.066+0600][24.944s][info][gc,heap        ] GC(66) Survivor regions: 1->1(6)
[2026-04-03T01:44:44.066+0600][24.944s][info][gc,heap        ] GC(66) Old regions: 19->18
[2026-04-03T01:44:44.066+0600][24.944s][info][gc,heap        ] GC(66) Humongous regions: 3->3
[2026-04-03T01:44:44.066+0600][24.944s][info][gc,metaspace   ] GC(66) Metaspace: 66921K(67904K)->66921K(67904K) NonClass: 58503K(59072K)->58503K(59072K) Class: 8418K(8832K)->8418K(8832K)
[2026-04-03T01:44:44.066+0600][24.944s][info][gc             ] GC(66) Pause Young (Mixed) (G1 Evacuation Pause) 121M->36M(148M) 3.845ms
[2026-04-03T01:44:44.067+0600][24.944s][info][gc,cpu         ] GC(66) User=0.01s Sys=0.00s Real=0.00s
[2026-04-03T01:44:44.171+0600][25.049s][info][gc,start       ] GC(67) Pause Young (Concurrent Start) (G1 Evacuation Pause)
[2026-04-03T01:44:44.171+0600][25.049s][info][gc,task        ] GC(67) Using 3 workers of 10 for evacuation
[2026-04-03T01:44:44.174+0600][25.051s][info][gc,phases      ] GC(67)   Pre Evacuate Collection Set: 0.34ms
[2026-04-03T01:44:44.174+0600][25.052s][info][gc,phases      ] GC(67)   Merge Heap Roots: 0.12ms
[2026-04-03T01:44:44.174+0600][25.052s][info][gc,phases      ] GC(67)   Evacuate Collection Set: 1.35ms
[2026-04-03T01:44:44.174+0600][25.052s][info][gc,phases      ] GC(67)   Post Evacuate Collection Set: 0.52ms
[2026-04-03T01:44:44.174+0600][25.052s][info][gc,phases      ] GC(67)   Other: 0.19ms
[2026-04-03T01:44:44.174+0600][25.052s][info][gc,heap        ] GC(67) Eden regions: 43->0(43)
[2026-04-03T01:44:44.174+0600][25.052s][info][gc,heap        ] GC(67) Survivor regions: 1->1(6)
[2026-04-03T01:44:44.174+0600][25.052s][info][gc,heap        ] GC(67) Old regions: 18->18
[2026-04-03T01:44:44.174+0600][25.052s][info][gc,heap        ] GC(67) Humongous regions: 3->3
[2026-04-03T01:44:44.174+0600][25.052s][info][gc,metaspace   ] GC(67) Metaspace: 66921K(67904K)->66921K(67904K) NonClass: 58503K(59072K)->58503K(59072K) Class: 8418K(8832K)->8418K(8832K)
[2026-04-03T01:44:44.174+0600][25.052s][info][gc             ] GC(67) Pause Young (Concurrent Start) (G1 Evacuation Pause) 122M->36M(148M) 2.981ms
[2026-04-03T01:44:44.174+0600][25.052s][info][gc,cpu         ] GC(67) User=0.01s Sys=0.00s Real=0.00s
[2026-04-03T01:44:44.174+0600][25.052s][info][gc             ] GC(68) Concurrent Mark Cycle
[2026-04-03T01:44:44.174+0600][25.052s][info][gc,marking     ] GC(68) Concurrent Scan Root Regions
[2026-04-03T01:44:44.175+0600][25.053s][info][gc,marking     ] GC(68) Concurrent Scan Root Regions 1.185ms
[2026-04-03T01:44:44.175+0600][25.053s][info][gc,marking     ] GC(68) Concurrent Mark
[2026-04-03T01:44:44.175+0600][25.053s][info][gc,marking     ] GC(68) Concurrent Mark From Roots
[2026-04-03T01:44:44.175+0600][25.053s][info][gc,task        ] GC(68) Using 2 workers of 2 for marking
[2026-04-03T01:44:44.210+0600][25.088s][info][gc,marking     ] GC(68) Concurrent Mark From Roots 34.916ms
[2026-04-03T01:44:44.210+0600][25.088s][info][gc,marking     ] GC(68) Concurrent Preclean
[2026-04-03T01:44:44.211+0600][25.088s][info][gc,marking     ] GC(68) Concurrent Preclean 0.254ms
[2026-04-03T01:44:44.211+0600][25.089s][info][gc,start       ] GC(68) Pause Remark
[2026-04-03T01:44:44.217+0600][25.095s][info][gc             ] GC(68) Pause Remark 75M->75M(148M) 5.984ms
[2026-04-03T01:44:44.217+0600][25.095s][info][gc,cpu         ] GC(68) User=0.01s Sys=0.00s Real=0.00s
[2026-04-03T01:44:44.217+0600][25.095s][info][gc,marking     ] GC(68) Concurrent Mark 41.783ms
[2026-04-03T01:44:44.217+0600][25.095s][info][gc,marking     ] GC(68) Concurrent Rebuild Remembered Sets and Scrub Regions
[2026-04-03T01:44:44.244+0600][25.122s][info][gc,marking     ] GC(68) Concurrent Rebuild Remembered Sets and Scrub Regions 26.539ms
[2026-04-03T01:44:44.244+0600][25.122s][info][gc,start       ] GC(68) Pause Cleanup
[2026-04-03T01:44:44.244+0600][25.122s][info][gc             ] GC(68) Pause Cleanup 102M->102M(148M) 0.226ms
[2026-04-03T01:44:44.244+0600][25.122s][info][gc,cpu         ] GC(68) User=0.00s Sys=0.00s Real=0.00s
[2026-04-03T01:44:44.245+0600][25.122s][info][gc,marking     ] GC(68) Concurrent Clear Claimed Marks
[2026-04-03T01:44:44.245+0600][25.122s][info][gc,marking     ] GC(68) Concurrent Clear Claimed Marks 0.180ms
[2026-04-03T01:44:44.245+0600][25.122s][info][gc,marking     ] GC(68) Concurrent Cleanup for Next Mark
[2026-04-03T01:44:44.245+0600][25.123s][info][gc,marking     ] GC(68) Concurrent Cleanup for Next Mark 0.473ms
[2026-04-03T01:44:44.245+0600][25.123s][info][gc             ] GC(68) Concurrent Mark Cycle 71.254ms
[2026-04-03T01:44:44.264+0600][25.141s][info][gc,start       ] GC(69) Pause Young (Prepare Mixed) (G1 Evacuation Pause)
[2026-04-03T01:44:44.264+0600][25.142s][info][gc,task        ] GC(69) Using 3 workers of 10 for evacuation
[2026-04-03T01:44:44.266+0600][25.144s][info][gc,phases      ] GC(69)   Pre Evacuate Collection Set: 0.32ms
[2026-04-03T01:44:44.266+0600][25.144s][info][gc,phases      ] GC(69)   Merge Heap Roots: 0.20ms
[2026-04-03T01:44:44.266+0600][25.144s][info][gc,phases      ] GC(69)   Evacuate Collection Set: 0.91ms
[2026-04-03T01:44:44.266+0600][25.144s][info][gc,phases      ] GC(69)   Post Evacuate Collection Set: 0.51ms
[2026-04-03T01:44:44.266+0600][25.144s][info][gc,phases      ] GC(69)   Other: 0.10ms
[2026-04-03T01:44:44.266+0600][25.144s][info][gc,heap        ] GC(69) Eden regions: 43->0(43)
[2026-04-03T01:44:44.266+0600][25.144s][info][gc,heap        ] GC(69) Survivor regions: 1->1(6)
[2026-04-03T01:44:44.266+0600][25.144s][info][gc,heap        ] GC(69) Old regions: 18->19
[2026-04-03T01:44:44.266+0600][25.144s][info][gc,heap        ] GC(69) Humongous regions: 3->3
[2026-04-03T01:44:44.266+0600][25.144s][info][gc,metaspace   ] GC(69) Metaspace: 66921K(67904K)->66921K(67904K) NonClass: 58503K(59072K)->58503K(59072K) Class: 8418K(8832K)->8418K(8832K)
[2026-04-03T01:44:44.266+0600][25.144s][info][gc             ] GC(69) Pause Young (Prepare Mixed) (G1 Evacuation Pause) 122M->36M(148M) 2.315ms
[2026-04-03T01:44:44.266+0600][25.144s][info][gc,cpu         ] GC(69) User=0.01s Sys=0.00s Real=0.00s
[2026-04-03T01:44:44.309+0600][25.187s][info][gc,start       ] GC(70) Pause Young (Mixed) (G1 Evacuation Pause)
[2026-04-03T01:44:44.309+0600][25.187s][info][gc,task        ] GC(70) Using 3 workers of 10 for evacuation
[2026-04-03T01:44:44.312+0600][25.190s][info][gc,phases      ] GC(70)   Pre Evacuate Collection Set: 0.26ms
[2026-04-03T01:44:44.312+0600][25.190s][info][gc,phases      ] GC(70)   Merge Heap Roots: 0.08ms
[2026-04-03T01:44:44.312+0600][25.190s][info][gc,phases      ] GC(70)   Evacuate Collection Set: 1.62ms
[2026-04-03T01:44:44.312+0600][25.190s][info][gc,phases      ] GC(70)   Post Evacuate Collection Set: 0.79ms
[2026-04-03T01:44:44.312+0600][25.190s][info][gc,phases      ] GC(70)   Other: 0.10ms
[2026-04-03T01:44:44.312+0600][25.190s][info][gc,heap        ] GC(70) Eden regions: 43->0(84)
[2026-04-03T01:44:44.312+0600][25.190s][info][gc,heap        ] GC(70) Survivor regions: 1->1(6)
[2026-04-03T01:44:44.312+0600][25.190s][info][gc,heap        ] GC(70) Old regions: 19->18
[2026-04-03T01:44:44.312+0600][25.190s][info][gc,heap        ] GC(70) Humongous regions: 3->3
[2026-04-03T01:44:44.312+0600][25.190s][info][gc,metaspace   ] GC(70) Metaspace: 66923K(67904K)->66923K(67904K) NonClass: 58505K(59072K)->58505K(59072K) Class: 8418K(8832K)->8418K(8832K)
[2026-04-03T01:44:44.312+0600][25.190s][info][gc             ] GC(70) Pause Young (Mixed) (G1 Evacuation Pause) 122M->36M(284M) 3.069ms
[2026-04-03T01:44:44.312+0600][25.190s][info][gc,cpu         ] GC(70) User=0.00s Sys=0.00s Real=0.01s
[2026-04-03T01:44:44.440+0600][25.318s][info][gc,start       ] GC(71) Pause Young (Concurrent Start) (G1 Evacuation Pause)
[2026-04-03T01:44:44.440+0600][25.318s][info][gc,task        ] GC(71) Using 6 workers of 10 for evacuation
[2026-04-03T01:44:44.443+0600][25.321s][info][gc,phases      ] GC(71)   Pre Evacuate Collection Set: 0.38ms
[2026-04-03T01:44:44.443+0600][25.321s][info][gc,phases      ] GC(71)   Merge Heap Roots: 0.16ms
[2026-04-03T01:44:44.443+0600][25.321s][info][gc,phases      ] GC(71)   Evacuate Collection Set: 1.35ms
[2026-04-03T01:44:44.443+0600][25.321s][info][gc,phases      ] GC(71)   Post Evacuate Collection Set: 0.88ms
[2026-04-03T01:44:44.444+0600][25.321s][info][gc,phases      ] GC(71)   Other: 0.26ms
[2026-04-03T01:44:44.444+0600][25.321s][info][gc,heap        ] GC(71) Eden regions: 84->0(84)
[2026-04-03T01:44:44.444+0600][25.321s][info][gc,heap        ] GC(71) Survivor regions: 1->1(11)
[2026-04-03T01:44:44.444+0600][25.321s][info][gc,heap        ] GC(71) Old regions: 18->18
[2026-04-03T01:44:44.444+0600][25.321s][info][gc,heap        ] GC(71) Humongous regions: 3->3
[2026-04-03T01:44:44.444+0600][25.321s][info][gc,metaspace   ] GC(71) Metaspace: 66924K(67904K)->66924K(67904K) NonClass: 58506K(59072K)->58506K(59072K) Class: 8418K(8832K)->8418K(8832K)
[2026-04-03T01:44:44.444+0600][25.321s][info][gc             ] GC(71) Pause Young (Concurrent Start) (G1 Evacuation Pause) 204M->36M(284M) 3.345ms
[2026-04-03T01:44:44.444+0600][25.321s][info][gc,cpu         ] GC(71) User=0.01s Sys=0.00s Real=0.00s
[2026-04-03T01:44:44.444+0600][25.321s][info][gc             ] GC(72) Concurrent Mark Cycle
[2026-04-03T01:44:44.444+0600][25.321s][info][gc,marking     ] GC(72) Concurrent Scan Root Regions
[2026-04-03T01:44:44.445+0600][25.323s][info][gc,marking     ] GC(72) Concurrent Scan Root Regions 1.105ms
[2026-04-03T01:44:44.445+0600][25.323s][info][gc,marking     ] GC(72) Concurrent Mark
[2026-04-03T01:44:44.445+0600][25.323s][info][gc,marking     ] GC(72) Concurrent Mark From Roots
[2026-04-03T01:44:44.445+0600][25.323s][info][gc,task        ] GC(72) Using 2 workers of 2 for marking
[2026-04-03T01:44:44.472+0600][25.350s][info][gc,marking     ] GC(72) Concurrent Mark From Roots 27.303ms
[2026-04-03T01:44:44.472+0600][25.350s][info][gc,marking     ] GC(72) Concurrent Preclean
[2026-04-03T01:44:44.472+0600][25.350s][info][gc,marking     ] GC(72) Concurrent Preclean 0.161ms
[2026-04-03T01:44:44.473+0600][25.351s][info][gc,start       ] GC(72) Pause Remark
[2026-04-03T01:44:44.477+0600][25.354s][info][gc             ] GC(72) Pause Remark 82M->82M(148M) 3.792ms
[2026-04-03T01:44:44.477+0600][25.354s][info][gc,cpu         ] GC(72) User=0.01s Sys=0.00s Real=0.00s
[2026-04-03T01:44:44.477+0600][25.354s][info][gc,marking     ] GC(72) Concurrent Mark 31.870ms
[2026-04-03T01:44:44.477+0600][25.354s][info][gc,marking     ] GC(72) Concurrent Rebuild Remembered Sets and Scrub Regions
[2026-04-03T01:44:44.496+0600][25.373s][info][gc,marking     ] GC(72) Concurrent Rebuild Remembered Sets and Scrub Regions 18.706ms
[2026-04-03T01:44:44.496+0600][25.374s][info][gc,start       ] GC(72) Pause Cleanup
[2026-04-03T01:44:44.496+0600][25.374s][info][gc             ] GC(72) Pause Cleanup 112M->112M(148M) 0.224ms
[2026-04-03T01:44:44.496+0600][25.374s][info][gc,cpu         ] GC(72) User=0.00s Sys=0.00s Real=0.00s
[2026-04-03T01:44:44.496+0600][25.374s][info][gc,marking     ] GC(72) Concurrent Clear Claimed Marks
[2026-04-03T01:44:44.496+0600][25.374s][info][gc,marking     ] GC(72) Concurrent Clear Claimed Marks 0.168ms
[2026-04-03T01:44:44.496+0600][25.374s][info][gc,marking     ] GC(72) Concurrent Cleanup for Next Mark
[2026-04-03T01:44:44.497+0600][25.375s][info][gc,marking     ] GC(72) Concurrent Cleanup for Next Mark 0.478ms
[2026-04-03T01:44:44.497+0600][25.375s][info][gc             ] GC(72) Concurrent Mark Cycle 53.294ms
[2026-04-03T01:44:44.503+0600][25.380s][info][gc,start       ] GC(73) Pause Young (Prepare Mixed) (G1 Evacuation Pause)
[2026-04-03T01:44:44.503+0600][25.380s][info][gc,task        ] GC(73) Using 4 workers of 10 for evacuation
[2026-04-03T01:44:44.504+0600][25.382s][info][gc,phases      ] GC(73)   Pre Evacuate Collection Set: 0.30ms
[2026-04-03T01:44:44.504+0600][25.382s][info][gc,phases      ] GC(73)   Merge Heap Roots: 0.10ms
[2026-04-03T01:44:44.504+0600][25.382s][info][gc,phases      ] GC(73)   Evacuate Collection Set: 0.69ms
[2026-04-03T01:44:44.504+0600][25.382s][info][gc,phases      ] GC(73)   Post Evacuate Collection Set: 0.59ms
[2026-04-03T01:44:44.504+0600][25.382s][info][gc,phases      ] GC(73)   Other: 0.09ms
[2026-04-03T01:44:44.504+0600][25.382s][info][gc,heap        ] GC(73) Eden regions: 43->0(43)
[2026-04-03T01:44:44.504+0600][25.382s][info][gc,heap        ] GC(73) Survivor regions: 1->1(6)
[2026-04-03T01:44:44.504+0600][25.382s][info][gc,heap        ] GC(73) Old regions: 18->18
[2026-04-03T01:44:44.504+0600][25.382s][info][gc,heap        ] GC(73) Humongous regions: 3->3
[2026-04-03T01:44:44.504+0600][25.382s][info][gc,metaspace   ] GC(73) Metaspace: 66924K(67904K)->66924K(67904K) NonClass: 58506K(59072K)->58506K(59072K) Class: 8418K(8832K)->8418K(8832K)
[2026-04-03T01:44:44.505+0600][25.382s][info][gc             ] GC(73) Pause Young (Prepare Mixed) (G1 Evacuation Pause) 122M->36M(148M) 2.033ms
[2026-04-03T01:44:44.505+0600][25.382s][info][gc,cpu         ] GC(73) User=0.00s Sys=0.00s Real=0.00s
[2026-04-03T01:44:44.546+0600][25.424s][info][gc,start       ] GC(74) Pause Young (Mixed) (G1 Evacuation Pause)
[2026-04-03T01:44:44.547+0600][25.424s][info][gc,task        ] GC(74) Using 3 workers of 10 for evacuation
[2026-04-03T01:44:44.549+0600][25.427s][info][gc,phases      ] GC(74)   Pre Evacuate Collection Set: 0.40ms
[2026-04-03T01:44:44.549+0600][25.427s][info][gc,phases      ] GC(74)   Merge Heap Roots: 0.16ms
[2026-04-03T01:44:44.549+0600][25.427s][info][gc,phases      ] GC(74)   Evacuate Collection Set: 1.61ms
[2026-04-03T01:44:44.549+0600][25.427s][info][gc,phases      ] GC(74)   Post Evacuate Collection Set: 0.55ms
[2026-04-03T01:44:44.549+0600][25.427s][info][gc,phases      ] GC(74)   Other: 0.10ms
[2026-04-03T01:44:44.549+0600][25.427s][info][gc,heap        ] GC(74) Eden regions: 43->0(43)
[2026-04-03T01:44:44.549+0600][25.427s][info][gc,heap        ] GC(74) Survivor regions: 1->1(6)
[2026-04-03T01:44:44.550+0600][25.427s][info][gc,heap        ] GC(74) Old regions: 18->18
[2026-04-03T01:44:44.550+0600][25.427s][info][gc,heap        ] GC(74) Humongous regions: 3->3
[2026-04-03T01:44:44.550+0600][25.427s][info][gc,metaspace   ] GC(74) Metaspace: 66924K(67904K)->66924K(67904K) NonClass: 58506K(59072K)->58506K(59072K) Class: 8418K(8832K)->8418K(8832K)
[2026-04-03T01:44:44.550+0600][25.427s][info][gc             ] GC(74) Pause Young (Mixed) (G1 Evacuation Pause) 122M->35M(148M) 3.068ms
[2026-04-03T01:44:44.550+0600][25.427s][info][gc,cpu         ] GC(74) User=0.01s Sys=0.00s Real=0.00s
[2026-04-03T01:44:44.599+0600][25.477s][info][gc,start       ] GC(75) Pause Young (Concurrent Start) (G1 Evacuation Pause)
[2026-04-03T01:44:44.599+0600][25.477s][info][gc,task        ] GC(75) Using 3 workers of 10 for evacuation
[2026-04-03T01:44:44.601+0600][25.479s][info][gc,phases      ] GC(75)   Pre Evacuate Collection Set: 0.33ms
[2026-04-03T01:44:44.602+0600][25.479s][info][gc,phases      ] GC(75)   Merge Heap Roots: 0.10ms
[2026-04-03T01:44:44.602+0600][25.479s][info][gc,phases      ] GC(75)   Evacuate Collection Set: 1.12ms
[2026-04-03T01:44:44.602+0600][25.479s][info][gc,phases      ] GC(75)   Post Evacuate Collection Set: 0.62ms
[2026-04-03T01:44:44.602+0600][25.479s][info][gc,phases      ] GC(75)   Other: 0.17ms
[2026-04-03T01:44:44.602+0600][25.479s][info][gc,heap        ] GC(75) Eden regions: 43->0(43)
[2026-04-03T01:44:44.602+0600][25.479s][info][gc,heap        ] GC(75) Survivor regions: 1->1(6)
[2026-04-03T01:44:44.602+0600][25.479s][info][gc,heap        ] GC(75) Old regions: 18->18
[2026-04-03T01:44:44.602+0600][25.479s][info][gc,heap        ] GC(75) Humongous regions: 3->3
[2026-04-03T01:44:44.602+0600][25.479s][info][gc,metaspace   ] GC(75) Metaspace: 66924K(67904K)->66924K(67904K) NonClass: 58506K(59072K)->58506K(59072K) Class: 8418K(8832K)->8418K(8832K)
[2026-04-03T01:44:44.602+0600][25.479s][info][gc             ] GC(75) Pause Young (Concurrent Start) (G1 Evacuation Pause) 121M->36M(148M) 2.664ms
[2026-04-03T01:44:44.602+0600][25.479s][info][gc,cpu         ] GC(75) User=0.01s Sys=0.00s Real=0.01s
[2026-04-03T01:44:44.602+0600][25.479s][info][gc             ] GC(76) Concurrent Mark Cycle
[2026-04-03T01:44:44.602+0600][25.479s][info][gc,marking     ] GC(76) Concurrent Scan Root Regions
[2026-04-03T01:44:44.603+0600][25.480s][info][gc,marking     ] GC(76) Concurrent Scan Root Regions 0.814ms
[2026-04-03T01:44:44.603+0600][25.480s][info][gc,marking     ] GC(76) Concurrent Mark
[2026-04-03T01:44:44.603+0600][25.480s][info][gc,marking     ] GC(76) Concurrent Mark From Roots
[2026-04-03T01:44:44.603+0600][25.480s][info][gc,task        ] GC(76) Using 2 workers of 2 for marking
[2026-04-03T01:44:44.630+0600][25.508s][info][gc,marking     ] GC(76) Concurrent Mark From Roots 27.606ms
[2026-04-03T01:44:44.630+0600][25.508s][info][gc,marking     ] GC(76) Concurrent Preclean
[2026-04-03T01:44:44.631+0600][25.508s][info][gc,marking     ] GC(76) Concurrent Preclean 0.187ms
[2026-04-03T01:44:44.631+0600][25.509s][info][gc,start       ] GC(76) Pause Remark
[2026-04-03T01:44:44.636+0600][25.514s][info][gc             ] GC(76) Pause Remark 74M->74M(148M) 5.591ms
[2026-04-03T01:44:44.637+0600][25.514s][info][gc,cpu         ] GC(76) User=0.02s Sys=0.01s Real=0.00s
[2026-04-03T01:44:44.637+0600][25.514s][info][gc,marking     ] GC(76) Concurrent Mark 34.096ms
[2026-04-03T01:44:44.637+0600][25.514s][info][gc,marking     ] GC(76) Concurrent Rebuild Remembered Sets and Scrub Regions
[2026-04-03T01:44:44.655+0600][25.533s][info][gc,marking     ] GC(76) Concurrent Rebuild Remembered Sets and Scrub Regions 18.254ms
[2026-04-03T01:44:44.655+0600][25.533s][info][gc,start       ] GC(76) Pause Cleanup
[2026-04-03T01:44:44.656+0600][25.533s][info][gc             ] GC(76) Pause Cleanup 103M->103M(148M) 0.254ms
[2026-04-03T01:44:44.656+0600][25.533s][info][gc,cpu         ] GC(76) User=0.00s Sys=0.00s Real=0.00s
[2026-04-03T01:44:44.656+0600][25.533s][info][gc,marking     ] GC(76) Concurrent Clear Claimed Marks
[2026-04-03T01:44:44.656+0600][25.534s][info][gc,marking     ] GC(76) Concurrent Clear Claimed Marks 0.183ms
[2026-04-03T01:44:44.656+0600][25.534s][info][gc,marking     ] GC(76) Concurrent Cleanup for Next Mark
[2026-04-03T01:44:44.656+0600][25.534s][info][gc,marking     ] GC(76) Concurrent Cleanup for Next Mark 0.290ms
[2026-04-03T01:44:44.656+0600][25.534s][info][gc             ] GC(76) Concurrent Mark Cycle 54.545ms
[2026-04-03T01:44:44.668+0600][25.546s][info][gc,start       ] GC(77) Pause Young (Prepare Mixed) (G1 Evacuation Pause)
[2026-04-03T01:44:44.668+0600][25.546s][info][gc,task        ] GC(77) Using 3 workers of 10 for evacuation
[2026-04-03T01:44:44.670+0600][25.548s][info][gc,phases      ] GC(77)   Pre Evacuate Collection Set: 0.28ms
[2026-04-03T01:44:44.670+0600][25.548s][info][gc,phases      ] GC(77)   Merge Heap Roots: 0.16ms
[2026-04-03T01:44:44.670+0600][25.548s][info][gc,phases      ] GC(77)   Evacuate Collection Set: 0.83ms
[2026-04-03T01:44:44.670+0600][25.548s][info][gc,phases      ] GC(77)   Post Evacuate Collection Set: 0.71ms
[2026-04-03T01:44:44.670+0600][25.548s][info][gc,phases      ] GC(77)   Other: 0.11ms
[2026-04-03T01:44:44.670+0600][25.548s][info][gc,heap        ] GC(77) Eden regions: 43->0(43)
[2026-04-03T01:44:44.670+0600][25.548s][info][gc,heap        ] GC(77) Survivor regions: 1->1(6)
[2026-04-03T01:44:44.670+0600][25.548s][info][gc,heap        ] GC(77) Old regions: 18->19
[2026-04-03T01:44:44.670+0600][25.548s][info][gc,heap        ] GC(77) Humongous regions: 3->3
[2026-04-03T01:44:44.670+0600][25.548s][info][gc,metaspace   ] GC(77) Metaspace: 66926K(67904K)->66926K(67904K) NonClass: 58507K(59072K)->58507K(59072K) Class: 8418K(8832K)->8418K(8832K)
[2026-04-03T01:44:44.670+0600][25.548s][info][gc             ] GC(77) Pause Young (Prepare Mixed) (G1 Evacuation Pause) 122M->36M(148M) 2.343ms
[2026-04-03T01:44:44.670+0600][25.548s][info][gc,cpu         ] GC(77) User=0.00s Sys=0.00s Real=0.01s
[2026-04-03T01:44:44.720+0600][25.598s][info][gc,start       ] GC(78) Pause Young (Mixed) (G1 Evacuation Pause)
[2026-04-03T01:44:44.720+0600][25.598s][info][gc,task        ] GC(78) Using 3 workers of 10 for evacuation
[2026-04-03T01:44:44.726+0600][25.604s][info][gc,phases      ] GC(78)   Pre Evacuate Collection Set: 0.27ms
[2026-04-03T01:44:44.726+0600][25.604s][info][gc,phases      ] GC(78)   Merge Heap Roots: 0.24ms
[2026-04-03T01:44:44.726+0600][25.604s][info][gc,phases      ] GC(78)   Evacuate Collection Set: 1.86ms
[2026-04-03T01:44:44.726+0600][25.604s][info][gc,phases      ] GC(78)   Post Evacuate Collection Set: 3.33ms
[2026-04-03T01:44:44.726+0600][25.604s][info][gc,phases      ] GC(78)   Other: 0.08ms
[2026-04-03T01:44:44.726+0600][25.604s][info][gc,heap        ] GC(78) Eden regions: 43->0(87)
[2026-04-03T01:44:44.726+0600][25.604s][info][gc,heap        ] GC(78) Survivor regions: 1->1(6)
[2026-04-03T01:44:44.726+0600][25.604s][info][gc,heap        ] GC(78) Old regions: 19->18
[2026-04-03T01:44:44.726+0600][25.604s][info][gc,heap        ] GC(78) Humongous regions: 3->3
[2026-04-03T01:44:44.726+0600][25.604s][info][gc,metaspace   ] GC(78) Metaspace: 66926K(67904K)->66926K(67904K) NonClass: 58507K(59072K)->58507K(59072K) Class: 8418K(8832K)->8418K(8832K)
[2026-04-03T01:44:44.726+0600][25.604s][info][gc             ] GC(78) Pause Young (Mixed) (G1 Evacuation Pause) 122M->36M(296M) 6.022ms
[2026-04-03T01:44:44.726+0600][25.604s][info][gc,cpu         ] GC(78) User=0.02s Sys=0.00s Real=0.00s
[2026-04-03T01:44:44.864+0600][25.741s][info][gc,start       ] GC(79) Pause Young (Concurrent Start) (G1 Evacuation Pause)
[2026-04-03T01:44:44.864+0600][25.741s][info][gc,task        ] GC(79) Using 7 workers of 10 for evacuation
[2026-04-03T01:44:44.866+0600][25.744s][info][gc,phases      ] GC(79)   Pre Evacuate Collection Set: 0.43ms
[2026-04-03T01:44:44.866+0600][25.744s][info][gc,phases      ] GC(79)   Merge Heap Roots: 0.09ms
[2026-04-03T01:44:44.866+0600][25.744s][info][gc,phases      ] GC(79)   Evacuate Collection Set: 1.10ms
[2026-04-03T01:44:44.866+0600][25.744s][info][gc,phases      ] GC(79)   Post Evacuate Collection Set: 0.61ms
[2026-04-03T01:44:44.866+0600][25.744s][info][gc,phases      ] GC(79)   Other: 0.26ms
[2026-04-03T01:44:44.866+0600][25.744s][info][gc,heap        ] GC(79) Eden regions: 87->0(87)
[2026-04-03T01:44:44.866+0600][25.744s][info][gc,heap        ] GC(79) Survivor regions: 1->1(11)
[2026-04-03T01:44:44.866+0600][25.744s][info][gc,heap        ] GC(79) Old regions: 18->18
[2026-04-03T01:44:44.866+0600][25.744s][info][gc,heap        ] GC(79) Humongous regions: 3->3
[2026-04-03T01:44:44.866+0600][25.744s][info][gc,metaspace   ] GC(79) Metaspace: 66926K(67904K)->66926K(67904K) NonClass: 58507K(59072K)->58507K(59072K) Class: 8418K(8832K)->8418K(8832K)
[2026-04-03T01:44:44.866+0600][25.744s][info][gc             ] GC(79) Pause Young (Concurrent Start) (G1 Evacuation Pause) 210M->36M(296M) 2.720ms
[2026-04-03T01:44:44.866+0600][25.744s][info][gc,cpu         ] GC(79) User=0.01s Sys=0.00s Real=0.00s
[2026-04-03T01:44:44.867+0600][25.744s][info][gc             ] GC(80) Concurrent Mark Cycle
[2026-04-03T01:44:44.867+0600][25.744s][info][gc,marking     ] GC(80) Concurrent Scan Root Regions
[2026-04-03T01:44:44.868+0600][25.745s][info][gc,marking     ] GC(80) Concurrent Scan Root Regions 1.098ms
[2026-04-03T01:44:44.868+0600][25.745s][info][gc,marking     ] GC(80) Concurrent Mark
[2026-04-03T01:44:44.868+0600][25.745s][info][gc,marking     ] GC(80) Concurrent Mark From Roots
[2026-04-03T01:44:44.868+0600][25.745s][info][gc,task        ] GC(80) Using 2 workers of 2 for marking
[2026-04-03T01:44:44.894+0600][25.772s][info][gc,marking     ] GC(80) Concurrent Mark From Roots 26.601ms
[2026-04-03T01:44:44.894+0600][25.772s][info][gc,marking     ] GC(80) Concurrent Preclean
[2026-04-03T01:44:44.895+0600][25.772s][info][gc,marking     ] GC(80) Concurrent Preclean 0.138ms
[2026-04-03T01:44:44.895+0600][25.772s][info][gc,start       ] GC(80) Pause Remark
[2026-04-03T01:44:44.898+0600][25.776s][info][gc             ] GC(80) Pause Remark 75M->75M(148M) 3.529ms
[2026-04-03T01:44:44.898+0600][25.776s][info][gc,cpu         ] GC(80) User=0.02s Sys=0.00s Real=0.00s
[2026-04-03T01:44:44.898+0600][25.776s][info][gc,marking     ] GC(80) Concurrent Mark 30.753ms
[2026-04-03T01:44:44.899+0600][25.776s][info][gc,marking     ] GC(80) Concurrent Rebuild Remembered Sets and Scrub Regions
[2026-04-03T01:44:44.915+0600][25.793s][info][gc,marking     ] GC(80) Concurrent Rebuild Remembered Sets and Scrub Regions 16.754ms
[2026-04-03T01:44:44.916+0600][25.793s][info][gc,start       ] GC(80) Pause Cleanup
[2026-04-03T01:44:44.916+0600][25.793s][info][gc             ] GC(80) Pause Cleanup 97M->97M(148M) 0.186ms
[2026-04-03T01:44:44.916+0600][25.793s][info][gc,cpu         ] GC(80) User=0.00s Sys=0.00s Real=0.00s
[2026-04-03T01:44:44.916+0600][25.794s][info][gc,marking     ] GC(80) Concurrent Clear Claimed Marks
[2026-04-03T01:44:44.916+0600][25.794s][info][gc,marking     ] GC(80) Concurrent Clear Claimed Marks 0.176ms
[2026-04-03T01:44:44.916+0600][25.794s][info][gc,marking     ] GC(80) Concurrent Cleanup for Next Mark
[2026-04-03T01:44:44.916+0600][25.794s][info][gc,marking     ] GC(80) Concurrent Cleanup for Next Mark 0.403ms
[2026-04-03T01:44:44.917+0600][25.794s][info][gc             ] GC(80) Concurrent Mark Cycle 49.999ms
[2026-04-03T01:44:44.932+0600][25.810s][info][gc,start       ] GC(81) Pause Young (Prepare Mixed) (G1 Evacuation Pause)
[2026-04-03T01:44:44.932+0600][25.810s][info][gc,task        ] GC(81) Using 5 workers of 10 for evacuation
[2026-04-03T01:44:44.934+0600][25.811s][info][gc,phases      ] GC(81)   Pre Evacuate Collection Set: 0.31ms
[2026-04-03T01:44:44.934+0600][25.811s][info][gc,phases      ] GC(81)   Merge Heap Roots: 0.10ms
[2026-04-03T01:44:44.934+0600][25.811s][info][gc,phases      ] GC(81)   Evacuate Collection Set: 0.60ms
[2026-04-03T01:44:44.934+0600][25.811s][info][gc,phases      ] GC(81)   Post Evacuate Collection Set: 0.33ms
[2026-04-03T01:44:44.934+0600][25.811s][info][gc,phases      ] GC(81)   Other: 0.09ms
[2026-04-03T01:44:44.934+0600][25.811s][info][gc,heap        ] GC(81) Eden regions: 43->0(43)
[2026-04-03T01:44:44.934+0600][25.811s][info][gc,heap        ] GC(81) Survivor regions: 1->1(6)
[2026-04-03T01:44:44.934+0600][25.811s][info][gc,heap        ] GC(81) Old regions: 18->18
[2026-04-03T01:44:44.934+0600][25.811s][info][gc,heap        ] GC(81) Humongous regions: 3->3
[2026-04-03T01:44:44.934+0600][25.811s][info][gc,metaspace   ] GC(81) Metaspace: 66926K(67904K)->66926K(67904K) NonClass: 58507K(59072K)->58507K(59072K) Class: 8418K(8832K)->8418K(8832K)
[2026-04-03T01:44:44.934+0600][25.811s][info][gc             ] GC(81) Pause Young (Prepare Mixed) (G1 Evacuation Pause) 122M->36M(148M) 1.648ms
[2026-04-03T01:44:44.934+0600][25.811s][info][gc,cpu         ] GC(81) User=0.01s Sys=0.00s Real=0.00s
[2026-04-03T01:44:44.989+0600][25.866s][info][gc,start       ] GC(82) Pause Young (Mixed) (G1 Evacuation Pause)
[2026-04-03T01:44:44.989+0600][25.866s][info][gc,task        ] GC(82) Using 4 workers of 10 for evacuation
[2026-04-03T01:44:44.992+0600][25.869s][info][gc,phases      ] GC(82)   Pre Evacuate Collection Set: 0.40ms
[2026-04-03T01:44:44.992+0600][25.869s][info][gc,phases      ] GC(82)   Merge Heap Roots: 0.24ms
[2026-04-03T01:44:44.992+0600][25.869s][info][gc,phases      ] GC(82)   Evacuate Collection Set: 1.58ms
[2026-04-03T01:44:44.992+0600][25.869s][info][gc,phases      ] GC(82)   Post Evacuate Collection Set: 0.49ms
[2026-04-03T01:44:44.992+0600][25.869s][info][gc,phases      ] GC(82)   Other: 0.12ms
[2026-04-03T01:44:44.992+0600][25.869s][info][gc,heap        ] GC(82) Eden regions: 43->0(43)
[2026-04-03T01:44:44.992+0600][25.869s][info][gc,heap        ] GC(82) Survivor regions: 1->1(6)
[2026-04-03T01:44:44.992+0600][25.869s][info][gc,heap        ] GC(82) Old regions: 18->18
[2026-04-03T01:44:44.992+0600][25.869s][info][gc,heap        ] GC(82) Humongous regions: 3->3
[2026-04-03T01:44:44.992+0600][25.869s][info][gc,metaspace   ] GC(82) Metaspace: 66926K(67904K)->66926K(67904K) NonClass: 58507K(59072K)->58507K(59072K) Class: 8418K(8832K)->8418K(8832K)
[2026-04-03T01:44:44.992+0600][25.870s][info][gc             ] GC(82) Pause Young (Mixed) (G1 Evacuation Pause) 122M->36M(148M) 3.160ms
[2026-04-03T01:44:44.992+0600][25.870s][info][gc,cpu         ] GC(82) User=0.00s Sys=0.00s Real=0.01s
[2026-04-03T01:44:45.048+0600][25.925s][info][gc,start       ] GC(83) Pause Young (Concurrent Start) (G1 Evacuation Pause)
[2026-04-03T01:44:45.048+0600][25.926s][info][gc,task        ] GC(83) Using 3 workers of 10 for evacuation
[2026-04-03T01:44:45.050+0600][25.928s][info][gc,phases      ] GC(83)   Pre Evacuate Collection Set: 0.32ms
[2026-04-03T01:44:45.050+0600][25.928s][info][gc,phases      ] GC(83)   Merge Heap Roots: 0.09ms
[2026-04-03T01:44:45.050+0600][25.928s][info][gc,phases      ] GC(83)   Evacuate Collection Set: 1.10ms
[2026-04-03T01:44:45.050+0600][25.928s][info][gc,phases      ] GC(83)   Post Evacuate Collection Set: 0.62ms
[2026-04-03T01:44:45.050+0600][25.928s][info][gc,phases      ] GC(83)   Other: 0.23ms
[2026-04-03T01:44:45.050+0600][25.928s][info][gc,heap        ] GC(83) Eden regions: 43->0(43)
[2026-04-03T01:44:45.050+0600][25.928s][info][gc,heap        ] GC(83) Survivor regions: 1->1(6)
[2026-04-03T01:44:45.050+0600][25.928s][info][gc,heap        ] GC(83) Old regions: 18->18
[2026-04-03T01:44:45.050+0600][25.928s][info][gc,heap        ] GC(83) Humongous regions: 3->3
[2026-04-03T01:44:45.050+0600][25.928s][info][gc,metaspace   ] GC(83) Metaspace: 66926K(67904K)->66926K(67904K) NonClass: 58507K(59072K)->58507K(59072K) Class: 8418K(8832K)->8418K(8832K)
[2026-04-03T01:44:45.050+0600][25.928s][info][gc             ] GC(83) Pause Young (Concurrent Start) (G1 Evacuation Pause) 122M->36M(148M) 2.582ms
[2026-04-03T01:44:45.050+0600][25.928s][info][gc,cpu         ] GC(83) User=0.00s Sys=0.00s Real=0.01s
[2026-04-03T01:44:45.050+0600][25.928s][info][gc             ] GC(84) Concurrent Mark Cycle
[2026-04-03T01:44:45.050+0600][25.928s][info][gc,marking     ] GC(84) Concurrent Scan Root Regions
[2026-04-03T01:44:45.052+0600][25.929s][info][gc,marking     ] GC(84) Concurrent Scan Root Regions 1.016ms
[2026-04-03T01:44:45.052+0600][25.929s][info][gc,marking     ] GC(84) Concurrent Mark
[2026-04-03T01:44:45.052+0600][25.929s][info][gc,marking     ] GC(84) Concurrent Mark From Roots
[2026-04-03T01:44:45.052+0600][25.929s][info][gc,task        ] GC(84) Using 2 workers of 2 for marking
[2026-04-03T01:44:45.080+0600][25.957s][info][gc,marking     ] GC(84) Concurrent Mark From Roots 28.100ms
[2026-04-03T01:44:45.080+0600][25.958s][info][gc,marking     ] GC(84) Concurrent Preclean
[2026-04-03T01:44:45.080+0600][25.958s][info][gc,marking     ] GC(84) Concurrent Preclean 0.235ms
[2026-04-03T01:44:45.080+0600][25.958s][info][gc,start       ] GC(84) Pause Remark
[2026-04-03T01:44:45.087+0600][25.964s][info][gc             ] GC(84) Pause Remark 72M->72M(148M) 6.254ms
[2026-04-03T01:44:45.087+0600][25.965s][info][gc,cpu         ] GC(84) User=0.02s Sys=0.00s Real=0.00s
[2026-04-03T01:44:45.087+0600][25.965s][info][gc,marking     ] GC(84) Concurrent Mark 35.621ms
[2026-04-03T01:44:45.087+0600][25.965s][info][gc,marking     ] GC(84) Concurrent Rebuild Remembered Sets and Scrub Regions
[2026-04-03T01:44:45.106+0600][25.984s][info][gc,marking     ] GC(84) Concurrent Rebuild Remembered Sets and Scrub Regions 18.731ms
[2026-04-03T01:44:45.106+0600][25.984s][info][gc,start       ] GC(84) Pause Cleanup
[2026-04-03T01:44:45.107+0600][25.984s][info][gc             ] GC(84) Pause Cleanup 99M->99M(148M) 0.246ms
[2026-04-03T01:44:45.107+0600][25.984s][info][gc,cpu         ] GC(84) User=0.00s Sys=0.00s Real=0.00s
[2026-04-03T01:44:45.107+0600][25.984s][info][gc,marking     ] GC(84) Concurrent Clear Claimed Marks
[2026-04-03T01:44:45.107+0600][25.985s][info][gc,marking     ] GC(84) Concurrent Clear Claimed Marks 0.274ms
[2026-04-03T01:44:45.107+0600][25.985s][info][gc,marking     ] GC(84) Concurrent Cleanup for Next Mark
[2026-04-03T01:44:45.108+0600][25.985s][info][gc,marking     ] GC(84) Concurrent Cleanup for Next Mark 0.551ms
[2026-04-03T01:44:45.108+0600][25.985s][info][gc             ] GC(84) Concurrent Mark Cycle 57.298ms
[2026-04-03T01:44:45.121+0600][25.998s][info][gc,start       ] GC(85) Pause Young (Prepare Mixed) (G1 Evacuation Pause)
[2026-04-03T01:44:45.121+0600][25.998s][info][gc,task        ] GC(85) Using 3 workers of 10 for evacuation
[2026-04-03T01:44:45.123+0600][26.000s][info][gc,phases      ] GC(85)   Pre Evacuate Collection Set: 0.27ms
[2026-04-03T01:44:45.123+0600][26.000s][info][gc,phases      ] GC(85)   Merge Heap Roots: 0.20ms
[2026-04-03T01:44:45.123+0600][26.001s][info][gc,phases      ] GC(85)   Evacuate Collection Set: 0.87ms
[2026-04-03T01:44:45.123+0600][26.001s][info][gc,phases      ] GC(85)   Post Evacuate Collection Set: 0.52ms
[2026-04-03T01:44:45.123+0600][26.001s][info][gc,phases      ] GC(85)   Other: 0.13ms
[2026-04-03T01:44:45.123+0600][26.001s][info][gc,heap        ] GC(85) Eden regions: 43->0(43)
[2026-04-03T01:44:45.123+0600][26.001s][info][gc,heap        ] GC(85) Survivor regions: 1->1(6)
[2026-04-03T01:44:45.123+0600][26.001s][info][gc,heap        ] GC(85) Old regions: 18->18
[2026-04-03T01:44:45.123+0600][26.001s][info][gc,heap        ] GC(85) Humongous regions: 3->3
[2026-04-03T01:44:45.123+0600][26.001s][info][gc,metaspace   ] GC(85) Metaspace: 66926K(67904K)->66926K(67904K) NonClass: 58507K(59072K)->58507K(59072K) Class: 8418K(8832K)->8418K(8832K)
[2026-04-03T01:44:45.123+0600][26.001s][info][gc             ] GC(85) Pause Young (Prepare Mixed) (G1 Evacuation Pause) 122M->36M(148M) 2.385ms
[2026-04-03T01:44:45.123+0600][26.001s][info][gc,cpu         ] GC(85) User=0.01s Sys=0.00s Real=0.00s
[2026-04-03T01:44:45.164+0600][26.042s][info][gc,start       ] GC(86) Pause Young (Mixed) (G1 Evacuation Pause)
[2026-04-03T01:44:45.164+0600][26.042s][info][gc,task        ] GC(86) Using 3 workers of 10 for evacuation
[2026-04-03T01:44:45.167+0600][26.045s][info][gc,phases      ] GC(86)   Pre Evacuate Collection Set: 0.33ms
[2026-04-03T01:44:45.167+0600][26.045s][info][gc,phases      ] GC(86)   Merge Heap Roots: 0.11ms
[2026-04-03T01:44:45.167+0600][26.045s][info][gc,phases      ] GC(86)   Evacuate Collection Set: 1.59ms
[2026-04-03T01:44:45.167+0600][26.045s][info][gc,phases      ] GC(86)   Post Evacuate Collection Set: 0.91ms
[2026-04-03T01:44:45.167+0600][26.045s][info][gc,phases      ] GC(86)   Other: 0.07ms
[2026-04-03T01:44:45.167+0600][26.045s][info][gc,heap        ] GC(86) Eden regions: 43->0(87)
[2026-04-03T01:44:45.167+0600][26.045s][info][gc,heap        ] GC(86) Survivor regions: 1->1(6)
[2026-04-03T01:44:45.167+0600][26.045s][info][gc,heap        ] GC(86) Old regions: 18->18
[2026-04-03T01:44:45.167+0600][26.045s][info][gc,heap        ] GC(86) Humongous regions: 3->3
[2026-04-03T01:44:45.167+0600][26.045s][info][gc,metaspace   ] GC(86) Metaspace: 66926K(67904K)->66926K(67904K) NonClass: 58507K(59072K)->58507K(59072K) Class: 8418K(8832K)->8418K(8832K)
[2026-04-03T01:44:45.167+0600][26.045s][info][gc             ] GC(86) Pause Young (Mixed) (G1 Evacuation Pause) 122M->36M(296M) 3.194ms
[2026-04-03T01:44:45.167+0600][26.045s][info][gc,cpu         ] GC(86) User=0.00s Sys=0.00s Real=0.00s
[2026-04-03T01:44:45.289+0600][26.167s][info][gc,start       ] GC(87) Pause Young (Concurrent Start) (G1 Evacuation Pause)
[2026-04-03T01:44:45.290+0600][26.167s][info][gc,task        ] GC(87) Using 7 workers of 10 for evacuation
[2026-04-03T01:44:45.292+0600][26.170s][info][gc,phases      ] GC(87)   Pre Evacuate Collection Set: 0.24ms
[2026-04-03T01:44:45.292+0600][26.170s][info][gc,phases      ] GC(87)   Merge Heap Roots: 0.10ms
[2026-04-03T01:44:45.292+0600][26.170s][info][gc,phases      ] GC(87)   Evacuate Collection Set: 1.39ms
[2026-04-03T01:44:45.292+0600][26.170s][info][gc,phases      ] GC(87)   Post Evacuate Collection Set: 0.56ms
[2026-04-03T01:44:45.292+0600][26.170s][info][gc,phases      ] GC(87)   Other: 0.18ms
[2026-04-03T01:44:45.292+0600][26.170s][info][gc,heap        ] GC(87) Eden regions: 87->0(87)
[2026-04-03T01:44:45.292+0600][26.170s][info][gc,heap        ] GC(87) Survivor regions: 1->1(11)
[2026-04-03T01:44:45.292+0600][26.170s][info][gc,heap        ] GC(87) Old regions: 18->18
[2026-04-03T01:44:45.292+0600][26.170s][info][gc,heap        ] GC(87) Humongous regions: 3->3
[2026-04-03T01:44:45.292+0600][26.170s][info][gc,metaspace   ] GC(87) Metaspace: 66928K(67904K)->66928K(67904K) NonClass: 58509K(59072K)->58509K(59072K) Class: 8418K(8832K)->8418K(8832K)
[2026-04-03T01:44:45.292+0600][26.170s][info][gc             ] GC(87) Pause Young (Concurrent Start) (G1 Evacuation Pause) 210M->36M(296M) 2.738ms
[2026-04-03T01:44:45.292+0600][26.170s][info][gc             ] GC(88) Concurrent Mark Cycle
[2026-04-03T01:44:45.292+0600][26.170s][info][gc,marking     ] GC(88) Concurrent Scan Root Regions
[2026-04-03T01:44:45.292+0600][26.170s][info][gc,cpu         ] GC(87) User=0.01s Sys=0.00s Real=0.01s
[2026-04-03T01:44:45.293+0600][26.171s][info][gc,marking     ] GC(88) Concurrent Scan Root Regions 1.167ms
[2026-04-03T01:44:45.294+0600][26.171s][info][gc,marking     ] GC(88) Concurrent Mark
[2026-04-03T01:44:45.294+0600][26.171s][info][gc,marking     ] GC(88) Concurrent Mark From Roots
[2026-04-03T01:44:45.294+0600][26.171s][info][gc,task        ] GC(88) Using 2 workers of 2 for marking
[2026-04-03T01:44:45.326+0600][26.204s][info][gc,marking     ] GC(88) Concurrent Mark From Roots 32.323ms
[2026-04-03T01:44:45.326+0600][26.204s][info][gc,marking     ] GC(88) Concurrent Preclean
[2026-04-03T01:44:45.326+0600][26.204s][info][gc,marking     ] GC(88) Concurrent Preclean 0.224ms
[2026-04-03T01:44:45.326+0600][26.204s][info][gc,start       ] GC(88) Pause Remark
[2026-04-03T01:44:45.330+0600][26.208s][info][gc             ] GC(88) Pause Remark 74M->74M(148M) 4.007ms
[2026-04-03T01:44:45.331+0600][26.208s][info][gc,cpu         ] GC(88) User=0.01s Sys=0.00s Real=0.01s
[2026-04-03T01:44:45.331+0600][26.208s][info][gc,marking     ] GC(88) Concurrent Mark 37.157ms
[2026-04-03T01:44:45.331+0600][26.208s][info][gc,marking     ] GC(88) Concurrent Rebuild Remembered Sets and Scrub Regions
[2026-04-03T01:44:45.351+0600][26.229s][info][gc,marking     ] GC(88) Concurrent Rebuild Remembered Sets and Scrub Regions 20.546ms
[2026-04-03T01:44:45.352+0600][26.229s][info][gc,start       ] GC(88) Pause Cleanup
[2026-04-03T01:44:45.352+0600][26.230s][info][gc             ] GC(88) Pause Cleanup 101M->101M(148M) 0.377ms
[2026-04-03T01:44:45.352+0600][26.230s][info][gc,cpu         ] GC(88) User=0.00s Sys=0.00s Real=0.00s
[2026-04-03T01:44:45.352+0600][26.230s][info][gc,marking     ] GC(88) Concurrent Clear Claimed Marks
[2026-04-03T01:44:45.352+0600][26.230s][info][gc,marking     ] GC(88) Concurrent Clear Claimed Marks 0.188ms
[2026-04-03T01:44:45.352+0600][26.230s][info][gc,marking     ] GC(88) Concurrent Cleanup for Next Mark
[2026-04-03T01:44:45.353+0600][26.231s][info][gc,marking     ] GC(88) Concurrent Cleanup for Next Mark 0.465ms
[2026-04-03T01:44:45.353+0600][26.231s][info][gc             ] GC(88) Concurrent Mark Cycle 60.778ms
[2026-04-03T01:44:45.373+0600][26.251s][info][gc,start       ] GC(89) Pause Young (Prepare Mixed) (G1 Evacuation Pause)
[2026-04-03T01:44:45.373+0600][26.251s][info][gc,task        ] GC(89) Using 5 workers of 10 for evacuation
[2026-04-03T01:44:45.375+0600][26.253s][info][gc,phases      ] GC(89)   Pre Evacuate Collection Set: 0.37ms
[2026-04-03T01:44:45.375+0600][26.253s][info][gc,phases      ] GC(89)   Merge Heap Roots: 0.31ms
[2026-04-03T01:44:45.376+0600][26.253s][info][gc,phases      ] GC(89)   Evacuate Collection Set: 0.73ms
[2026-04-03T01:44:45.376+0600][26.253s][info][gc,phases      ] GC(89)   Post Evacuate Collection Set: 0.44ms
[2026-04-03T01:44:45.376+0600][26.253s][info][gc,phases      ] GC(89)   Other: 0.10ms
[2026-04-03T01:44:45.376+0600][26.253s][info][gc,heap        ] GC(89) Eden regions: 43->0(43)
[2026-04-03T01:44:45.376+0600][26.253s][info][gc,heap        ] GC(89) Survivor regions: 1->1(6)
[2026-04-03T01:44:45.376+0600][26.253s][info][gc,heap        ] GC(89) Old regions: 18->18
[2026-04-03T01:44:45.376+0600][26.253s][info][gc,heap        ] GC(89) Humongous regions: 3->3
[2026-04-03T01:44:45.376+0600][26.253s][info][gc,metaspace   ] GC(89) Metaspace: 66929K(67904K)->66929K(67904K) NonClass: 58510K(59072K)->58510K(59072K) Class: 8418K(8832K)->8418K(8832K)
[2026-04-03T01:44:45.376+0600][26.253s][info][gc             ] GC(89) Pause Young (Prepare Mixed) (G1 Evacuation Pause) 122M->36M(148M) 2.344ms
[2026-04-03T01:44:45.376+0600][26.253s][info][gc,cpu         ] GC(89) User=0.01s Sys=0.00s Real=0.00s
[2026-04-03T01:44:45.445+0600][26.323s][info][gc,start       ] GC(90) Pause Young (Mixed) (G1 Evacuation Pause)
[2026-04-03T01:44:45.445+0600][26.323s][info][gc,task        ] GC(90) Using 4 workers of 10 for evacuation
[2026-04-03T01:44:45.448+0600][26.325s][info][gc,phases      ] GC(90)   Pre Evacuate Collection Set: 0.41ms
[2026-04-03T01:44:45.448+0600][26.325s][info][gc,phases      ] GC(90)   Merge Heap Roots: 0.12ms
[2026-04-03T01:44:45.448+0600][26.325s][info][gc,phases      ] GC(90)   Evacuate Collection Set: 1.31ms
[2026-04-03T01:44:45.448+0600][26.325s][info][gc,phases      ] GC(90)   Post Evacuate Collection Set: 0.60ms
[2026-04-03T01:44:45.448+0600][26.325s][info][gc,phases      ] GC(90)   Other: 0.12ms
[2026-04-03T01:44:45.448+0600][26.325s][info][gc,heap        ] GC(90) Eden regions: 43->0(43)
[2026-04-03T01:44:45.448+0600][26.325s][info][gc,heap        ] GC(90) Survivor regions: 1->1(6)
[2026-04-03T01:44:45.448+0600][26.325s][info][gc,heap        ] GC(90) Old regions: 18->18
[2026-04-03T01:44:45.448+0600][26.325s][info][gc,heap        ] GC(90) Humongous regions: 3->3
[2026-04-03T01:44:45.448+0600][26.325s][info][gc,metaspace   ] GC(90) Metaspace: 66929K(67904K)->66929K(67904K) NonClass: 58510K(59072K)->58510K(59072K) Class: 8418K(8832K)->8418K(8832K)
[2026-04-03T01:44:45.448+0600][26.325s][info][gc             ] GC(90) Pause Young (Mixed) (G1 Evacuation Pause) 122M->36M(148M) 2.925ms
[2026-04-03T01:44:45.448+0600][26.325s][info][gc,cpu         ] GC(90) User=0.01s Sys=0.00s Real=0.00s
[2026-04-03T01:44:45.500+0600][26.377s][info][gc,start       ] GC(91) Pause Young (Concurrent Start) (G1 Evacuation Pause)
[2026-04-03T01:44:45.500+0600][26.378s][info][gc,task        ] GC(91) Using 3 workers of 10 for evacuation
[2026-04-03T01:44:45.502+0600][26.380s][info][gc,phases      ] GC(91)   Pre Evacuate Collection Set: 0.39ms
[2026-04-03T01:44:45.502+0600][26.380s][info][gc,phases      ] GC(91)   Merge Heap Roots: 0.09ms
[2026-04-03T01:44:45.502+0600][26.380s][info][gc,phases      ] GC(91)   Evacuate Collection Set: 1.03ms
[2026-04-03T01:44:45.502+0600][26.380s][info][gc,phases      ] GC(91)   Post Evacuate Collection Set: 0.87ms
[2026-04-03T01:44:45.503+0600][26.380s][info][gc,phases      ] GC(91)   Other: 0.17ms
[2026-04-03T01:44:45.503+0600][26.380s][info][gc,heap        ] GC(91) Eden regions: 43->0(66)
[2026-04-03T01:44:45.503+0600][26.380s][info][gc,heap        ] GC(91) Survivor regions: 1->1(6)
[2026-04-03T01:44:45.503+0600][26.380s][info][gc,heap        ] GC(91) Old regions: 18->18
[2026-04-03T01:44:45.503+0600][26.380s][info][gc,heap        ] GC(91) Humongous regions: 3->3
[2026-04-03T01:44:45.503+0600][26.380s][info][gc,metaspace   ] GC(91) Metaspace: 66929K(67904K)->66929K(67904K) NonClass: 58510K(59072K)->58510K(59072K) Class: 8418K(8832K)->8418K(8832K)
[2026-04-03T01:44:45.503+0600][26.380s][info][gc             ] GC(91) Pause Young (Concurrent Start) (G1 Evacuation Pause) 122M->36M(224M) 2.810ms
[2026-04-03T01:44:45.503+0600][26.380s][info][gc,cpu         ] GC(91) User=0.01s Sys=0.00s Real=0.00s
[2026-04-03T01:44:45.503+0600][26.380s][info][gc             ] GC(92) Concurrent Mark Cycle
[2026-04-03T01:44:45.503+0600][26.380s][info][gc,marking     ] GC(92) Concurrent Scan Root Regions
[2026-04-03T01:44:45.504+0600][26.381s][info][gc,marking     ] GC(92) Concurrent Scan Root Regions 0.947ms
[2026-04-03T01:44:45.504+0600][26.381s][info][gc,marking     ] GC(92) Concurrent Mark
[2026-04-03T01:44:45.504+0600][26.382s][info][gc,marking     ] GC(92) Concurrent Mark From Roots
[2026-04-03T01:44:45.504+0600][26.382s][info][gc,task        ] GC(92) Using 2 workers of 2 for marking
[2026-04-03T01:44:45.534+0600][26.412s][info][gc,marking     ] GC(92) Concurrent Mark From Roots 30.340ms
[2026-04-03T01:44:45.534+0600][26.412s][info][gc,marking     ] GC(92) Concurrent Preclean
[2026-04-03T01:44:45.534+0600][26.412s][info][gc,marking     ] GC(92) Concurrent Preclean 0.199ms
[2026-04-03T01:44:45.535+0600][26.412s][info][gc,start       ] GC(92) Pause Remark
[2026-04-03T01:44:45.541+0600][26.419s][info][gc             ] GC(92) Pause Remark 75M->75M(148M) 6.250ms
[2026-04-03T01:44:45.541+0600][26.419s][info][gc,cpu         ] GC(92) User=0.02s Sys=0.00s Real=0.01s
[2026-04-03T01:44:45.541+0600][26.419s][info][gc,marking     ] GC(92) Concurrent Mark 37.416ms
[2026-04-03T01:44:45.541+0600][26.419s][info][gc,marking     ] GC(92) Concurrent Rebuild Remembered Sets and Scrub Regions
[2026-04-03T01:44:45.563+0600][26.441s][info][gc,marking     ] GC(92) Concurrent Rebuild Remembered Sets and Scrub Regions 22.130ms
[2026-04-03T01:44:45.564+0600][26.441s][info][gc,start       ] GC(92) Pause Cleanup
[2026-04-03T01:44:45.564+0600][26.442s][info][gc             ] GC(92) Pause Cleanup 104M->104M(148M) 0.321ms
[2026-04-03T01:44:45.564+0600][26.442s][info][gc,cpu         ] GC(92) User=0.00s Sys=0.00s Real=0.00s
[2026-04-03T01:44:45.564+0600][26.442s][info][gc,marking     ] GC(92) Concurrent Clear Claimed Marks
[2026-04-03T01:44:45.564+0600][26.442s][info][gc,marking     ] GC(92) Concurrent Clear Claimed Marks 0.227ms
[2026-04-03T01:44:45.565+0600][26.442s][info][gc,marking     ] GC(92) Concurrent Cleanup for Next Mark
[2026-04-03T01:44:45.565+0600][26.443s][info][gc,marking     ] GC(92) Concurrent Cleanup for Next Mark 0.499ms
[2026-04-03T01:44:45.565+0600][26.443s][info][gc             ] GC(92) Concurrent Mark Cycle 62.354ms
[2026-04-03T01:44:45.578+0600][26.456s][info][gc,start       ] GC(93) Pause Young (Prepare Mixed) (G1 Evacuation Pause)
[2026-04-03T01:44:45.578+0600][26.456s][info][gc,task        ] GC(93) Using 3 workers of 10 for evacuation
[2026-04-03T01:44:45.580+0600][26.458s][info][gc,phases      ] GC(93)   Pre Evacuate Collection Set: 0.34ms
[2026-04-03T01:44:45.581+0600][26.458s][info][gc,phases      ] GC(93)   Merge Heap Roots: 0.16ms
[2026-04-03T01:44:45.581+0600][26.458s][info][gc,phases      ] GC(93)   Evacuate Collection Set: 1.04ms
[2026-04-03T01:44:45.581+0600][26.458s][info][gc,phases      ] GC(93)   Post Evacuate Collection Set: 0.69ms
[2026-04-03T01:44:45.581+0600][26.458s][info][gc,phases      ] GC(93)   Other: 0.12ms
[2026-04-03T01:44:45.581+0600][26.458s][info][gc,heap        ] GC(93) Eden regions: 43->0(43)
[2026-04-03T01:44:45.581+0600][26.458s][info][gc,heap        ] GC(93) Survivor regions: 1->1(6)
[2026-04-03T01:44:45.581+0600][26.458s][info][gc,heap        ] GC(93) Old regions: 18->18
[2026-04-03T01:44:45.581+0600][26.458s][info][gc,heap        ] GC(93) Humongous regions: 3->3
[2026-04-03T01:44:45.581+0600][26.458s][info][gc,metaspace   ] GC(93) Metaspace: 66929K(67904K)->66929K(67904K) NonClass: 58510K(59072K)->58510K(59072K) Class: 8418K(8832K)->8418K(8832K)
[2026-04-03T01:44:45.581+0600][26.458s][info][gc             ] GC(93) Pause Young (Prepare Mixed) (G1 Evacuation Pause) 122M->36M(148M) 2.713ms
[2026-04-03T01:44:45.581+0600][26.458s][info][gc,cpu         ] GC(93) User=0.00s Sys=0.00s Real=0.01s
[2026-04-03T01:44:45.637+0600][26.514s][info][gc,start       ] GC(94) Pause Young (Mixed) (G1 Evacuation Pause)
[2026-04-03T01:44:45.637+0600][26.514s][info][gc,task        ] GC(94) Using 3 workers of 10 for evacuation
[2026-04-03T01:44:45.640+0600][26.517s][info][gc,phases      ] GC(94)   Pre Evacuate Collection Set: 0.23ms
[2026-04-03T01:44:45.640+0600][26.517s][info][gc,phases      ] GC(94)   Merge Heap Roots: 0.15ms
[2026-04-03T01:44:45.640+0600][26.517s][info][gc,phases      ] GC(94)   Evacuate Collection Set: 2.01ms
[2026-04-03T01:44:45.640+0600][26.517s][info][gc,phases      ] GC(94)   Post Evacuate Collection Set: 0.44ms
[2026-04-03T01:44:45.640+0600][26.517s][info][gc,phases      ] GC(94)   Other: 0.12ms
[2026-04-03T01:44:45.640+0600][26.517s][info][gc,heap        ] GC(94) Eden regions: 43->0(43)
[2026-04-03T01:44:45.640+0600][26.517s][info][gc,heap        ] GC(94) Survivor regions: 1->1(6)
[2026-04-03T01:44:45.640+0600][26.517s][info][gc,heap        ] GC(94) Old regions: 18->18
[2026-04-03T01:44:45.640+0600][26.517s][info][gc,heap        ] GC(94) Humongous regions: 3->3
[2026-04-03T01:44:45.640+0600][26.518s][info][gc,metaspace   ] GC(94) Metaspace: 66929K(67904K)->66929K(67904K) NonClass: 58510K(59072K)->58510K(59072K) Class: 8418K(8832K)->8418K(8832K)
[2026-04-03T01:44:45.640+0600][26.518s][info][gc             ] GC(94) Pause Young (Mixed) (G1 Evacuation Pause) 122M->36M(148M) 3.279ms
[2026-04-03T01:44:45.640+0600][26.518s][info][gc,cpu         ] GC(94) User=0.00s Sys=0.00s Real=0.01s
[2026-04-03T01:44:45.693+0600][26.571s][info][gc,start       ] GC(95) Pause Young (Concurrent Start) (G1 Evacuation Pause)
[2026-04-03T01:44:45.693+0600][26.571s][info][gc,task        ] GC(95) Using 3 workers of 10 for evacuation
[2026-04-03T01:44:45.696+0600][26.574s][info][gc,phases      ] GC(95)   Pre Evacuate Collection Set: 0.38ms
[2026-04-03T01:44:45.696+0600][26.574s][info][gc,phases      ] GC(95)   Merge Heap Roots: 0.21ms
[2026-04-03T01:44:45.696+0600][26.574s][info][gc,phases      ] GC(95)   Evacuate Collection Set: 0.97ms
[2026-04-03T01:44:45.696+0600][26.574s][info][gc,phases      ] GC(95)   Post Evacuate Collection Set: 0.93ms
[2026-04-03T01:44:45.696+0600][26.574s][info][gc,phases      ] GC(95)   Other: 0.29ms
[2026-04-03T01:44:45.696+0600][26.574s][info][gc,heap        ] GC(95) Eden regions: 43->0(43)
[2026-04-03T01:44:45.696+0600][26.574s][info][gc,heap        ] GC(95) Survivor regions: 1->1(6)
[2026-04-03T01:44:45.696+0600][26.574s][info][gc,heap        ] GC(95) Old regions: 18->18
[2026-04-03T01:44:45.696+0600][26.574s][info][gc,heap        ] GC(95) Humongous regions: 3->3
[2026-04-03T01:44:45.696+0600][26.574s][info][gc,metaspace   ] GC(95) Metaspace: 66929K(67904K)->66929K(67904K) NonClass: 58510K(59072K)->58510K(59072K) Class: 8418K(8832K)->8418K(8832K)
[2026-04-03T01:44:45.696+0600][26.574s][info][gc             ] GC(95) Pause Young (Concurrent Start) (G1 Evacuation Pause) 122M->35M(148M) 3.087ms
[2026-04-03T01:44:45.696+0600][26.574s][info][gc             ] GC(96) Concurrent Mark Cycle
[2026-04-03T01:44:45.696+0600][26.574s][info][gc,marking     ] GC(96) Concurrent Scan Root Regions
[2026-04-03T01:44:45.696+0600][26.574s][info][gc,cpu         ] GC(95) User=0.01s Sys=0.00s Real=0.00s
[2026-04-03T01:44:45.697+0600][26.575s][info][gc,marking     ] GC(96) Concurrent Scan Root Regions 0.923ms
[2026-04-03T01:44:45.697+0600][26.575s][info][gc,marking     ] GC(96) Concurrent Mark
[2026-04-03T01:44:45.697+0600][26.575s][info][gc,marking     ] GC(96) Concurrent Mark From Roots
[2026-04-03T01:44:45.697+0600][26.575s][info][gc,task        ] GC(96) Using 2 workers of 2 for marking
[2026-04-03T01:44:45.729+0600][26.607s][info][gc,marking     ] GC(96) Concurrent Mark From Roots 31.722ms
[2026-04-03T01:44:45.729+0600][26.607s][info][gc,marking     ] GC(96) Concurrent Preclean
[2026-04-03T01:44:45.729+0600][26.607s][info][gc,marking     ] GC(96) Concurrent Preclean 0.207ms
[2026-04-03T01:44:45.729+0600][26.607s][info][gc,start       ] GC(96) Pause Remark
[2026-04-03T01:44:45.735+0600][26.613s][info][gc             ] GC(96) Pause Remark 78M->78M(148M) 5.919ms
[2026-04-03T01:44:45.735+0600][26.613s][info][gc,cpu         ] GC(96) User=0.01s Sys=0.00s Real=0.01s
[2026-04-03T01:44:45.736+0600][26.613s][info][gc,marking     ] GC(96) Concurrent Mark 38.368ms
[2026-04-03T01:44:45.736+0600][26.613s][info][gc,marking     ] GC(96) Concurrent Rebuild Remembered Sets and Scrub Regions
[2026-04-03T01:44:45.755+0600][26.632s][info][gc,marking     ] GC(96) Concurrent Rebuild Remembered Sets and Scrub Regions 18.924ms
[2026-04-03T01:44:45.755+0600][26.633s][info][gc,start       ] GC(96) Pause Cleanup
[2026-04-03T01:44:45.755+0600][26.633s][info][gc             ] GC(96) Pause Cleanup 105M->105M(148M) 0.296ms
[2026-04-03T01:44:45.755+0600][26.633s][info][gc,cpu         ] GC(96) User=0.00s Sys=0.00s Real=0.00s
[2026-04-03T01:44:45.755+0600][26.633s][info][gc,marking     ] GC(96) Concurrent Clear Claimed Marks
[2026-04-03T01:44:45.756+0600][26.633s][info][gc,marking     ] GC(96) Concurrent Clear Claimed Marks 0.259ms
[2026-04-03T01:44:45.756+0600][26.633s][info][gc,marking     ] GC(96) Concurrent Cleanup for Next Mark
[2026-04-03T01:44:45.756+0600][26.634s][info][gc,marking     ] GC(96) Concurrent Cleanup for Next Mark 0.414ms
[2026-04-03T01:44:45.756+0600][26.634s][info][gc             ] GC(96) Concurrent Mark Cycle 60.079ms
[2026-04-03T01:44:45.768+0600][26.645s][info][gc,start       ] GC(97) Pause Young (Prepare Mixed) (G1 Evacuation Pause)
[2026-04-03T01:44:45.768+0600][26.646s][info][gc,task        ] GC(97) Using 3 workers of 10 for evacuation
[2026-04-03T01:44:45.770+0600][26.648s][info][gc,phases      ] GC(97)   Pre Evacuate Collection Set: 0.25ms
[2026-04-03T01:44:45.770+0600][26.648s][info][gc,phases      ] GC(97)   Merge Heap Roots: 0.19ms
[2026-04-03T01:44:45.770+0600][26.648s][info][gc,phases      ] GC(97)   Evacuate Collection Set: 1.05ms
[2026-04-03T01:44:45.770+0600][26.648s][info][gc,phases      ] GC(97)   Post Evacuate Collection Set: 0.55ms
[2026-04-03T01:44:45.770+0600][26.648s][info][gc,phases      ] GC(97)   Other: 0.13ms
[2026-04-03T01:44:45.770+0600][26.648s][info][gc,heap        ] GC(97) Eden regions: 43->0(43)
[2026-04-03T01:44:45.770+0600][26.648s][info][gc,heap        ] GC(97) Survivor regions: 1->1(6)
[2026-04-03T01:44:45.770+0600][26.648s][info][gc,heap        ] GC(97) Old regions: 18->19
[2026-04-03T01:44:45.770+0600][26.648s][info][gc,heap        ] GC(97) Humongous regions: 3->3
[2026-04-03T01:44:45.770+0600][26.648s][info][gc,metaspace   ] GC(97) Metaspace: 66929K(67904K)->66929K(67904K) NonClass: 58510K(59072K)->58510K(59072K) Class: 8418K(8832K)->8418K(8832K)
[2026-04-03T01:44:45.770+0600][26.648s][info][gc             ] GC(97) Pause Young (Prepare Mixed) (G1 Evacuation Pause) 121M->36M(148M) 2.505ms
[2026-04-03T01:44:45.770+0600][26.648s][info][gc,cpu         ] GC(97) User=0.01s Sys=0.00s Real=0.01s
[2026-04-03T01:44:45.821+0600][26.698s][info][gc,start       ] GC(98) Pause Young (Mixed) (G1 Evacuation Pause)
[2026-04-03T01:44:45.821+0600][26.698s][info][gc,task        ] GC(98) Using 3 workers of 10 for evacuation
[2026-04-03T01:44:45.825+0600][26.702s][info][gc,phases      ] GC(98)   Pre Evacuate Collection Set: 0.24ms
[2026-04-03T01:44:45.825+0600][26.702s][info][gc,phases      ] GC(98)   Merge Heap Roots: 0.22ms
[2026-04-03T01:44:45.825+0600][26.702s][info][gc,phases      ] GC(98)   Evacuate Collection Set: 2.17ms
[2026-04-03T01:44:45.825+0600][26.702s][info][gc,phases      ] GC(98)   Post Evacuate Collection Set: 1.26ms
[2026-04-03T01:44:45.825+0600][26.702s][info][gc,phases      ] GC(98)   Other: 0.12ms
[2026-04-03T01:44:45.825+0600][26.702s][info][gc,heap        ] GC(98) Eden regions: 43->0(87)
[2026-04-03T01:44:45.825+0600][26.702s][info][gc,heap        ] GC(98) Survivor regions: 1->1(6)
[2026-04-03T01:44:45.825+0600][26.703s][info][gc,heap        ] GC(98) Old regions: 19->18
[2026-04-03T01:44:45.825+0600][26.703s][info][gc,heap        ] GC(98) Humongous regions: 3->3
[2026-04-03T01:44:45.825+0600][26.703s][info][gc,metaspace   ] GC(98) Metaspace: 66929K(67904K)->66929K(67904K) NonClass: 58510K(59072K)->58510K(59072K) Class: 8418K(8832K)->8418K(8832K)
[2026-04-03T01:44:45.825+0600][26.703s][info][gc             ] GC(98) Pause Young (Mixed) (G1 Evacuation Pause) 122M->35M(294M) 4.376ms
[2026-04-03T01:44:45.825+0600][26.703s][info][gc,cpu         ] GC(98) User=0.00s Sys=0.00s Real=0.00s
[2026-04-03T01:44:46.165+0600][27.043s][info][gc,start       ] GC(99) Pause Young (Normal) (G1 Evacuation Pause)
[2026-04-03T01:44:46.165+0600][27.043s][info][gc,task        ] GC(99) Using 7 workers of 10 for evacuation
[2026-04-03T01:44:46.167+0600][27.045s][info][gc,phases      ] GC(99)   Pre Evacuate Collection Set: 0.19ms
[2026-04-03T01:44:46.168+0600][27.045s][info][gc,phases      ] GC(99)   Merge Heap Roots: 0.09ms
[2026-04-03T01:44:46.168+0600][27.045s][info][gc,phases      ] GC(99)   Evacuate Collection Set: 1.26ms
[2026-04-03T01:44:46.168+0600][27.045s][info][gc,phases      ] GC(99)   Post Evacuate Collection Set: 0.72ms
[2026-04-03T01:44:46.168+0600][27.045s][info][gc,phases      ] GC(99)   Other: 0.10ms
[2026-04-03T01:44:46.168+0600][27.045s][info][gc,heap        ] GC(99) Eden regions: 87->0(87)
[2026-04-03T01:44:46.168+0600][27.045s][info][gc,heap        ] GC(99) Survivor regions: 1->1(11)
[2026-04-03T01:44:46.168+0600][27.045s][info][gc,heap        ] GC(99) Old regions: 18->18
[2026-04-03T01:44:46.168+0600][27.045s][info][gc,heap        ] GC(99) Humongous regions: 9->3
[2026-04-03T01:44:46.168+0600][27.045s][info][gc,metaspace   ] GC(99) Metaspace: 67849K(68608K)->67849K(68608K) NonClass: 59248K(59648K)->59248K(59648K) Class: 8601K(8960K)->8601K(8960K)
[2026-04-03T01:44:46.168+0600][27.045s][info][gc             ] GC(99) Pause Young (Normal) (G1 Evacuation Pause) 221M->36M(294M) 2.683ms
[2026-04-03T01:44:46.168+0600][27.045s][info][gc,cpu         ] GC(99) User=0.01s Sys=0.00s Real=0.00s
[2026-04-03T01:44:47.226+0600][28.104s][info][gc,start       ] GC(100) Pause Young (Normal) (G1 Evacuation Pause)
[2026-04-03T01:44:47.226+0600][28.104s][info][gc,task        ] GC(100) Using 7 workers of 10 for evacuation
[2026-04-03T01:44:47.238+0600][28.116s][info][gc,phases      ] GC(100)   Pre Evacuate Collection Set: 0.25ms
[2026-04-03T01:44:47.238+0600][28.116s][info][gc,phases      ] GC(100)   Merge Heap Roots: 0.14ms
[2026-04-03T01:44:47.238+0600][28.116s][info][gc,phases      ] GC(100)   Evacuate Collection Set: 10.20ms
[2026-04-03T01:44:47.238+0600][28.116s][info][gc,phases      ] GC(100)   Post Evacuate Collection Set: 1.10ms
[2026-04-03T01:44:47.238+0600][28.116s][info][gc,phases      ] GC(100)   Other: 0.16ms
[2026-04-03T01:44:47.238+0600][28.116s][info][gc,heap        ] GC(100) Eden regions: 87->0(78)
[2026-04-03T01:44:47.238+0600][28.116s][info][gc,heap        ] GC(100) Survivor regions: 1->10(11)
[2026-04-03T01:44:47.238+0600][28.116s][info][gc,heap        ] GC(100) Old regions: 18->18
[2026-04-03T01:44:47.238+0600][28.116s][info][gc,heap        ] GC(100) Humongous regions: 3->3
[2026-04-03T01:44:47.238+0600][28.116s][info][gc,metaspace   ] GC(100) Metaspace: 69094K(70016K)->69094K(70016K) NonClass: 60287K(60800K)->60287K(60800K) Class: 8806K(9216K)->8806K(9216K)
[2026-04-03T01:44:47.238+0600][28.116s][info][gc             ] GC(100) Pause Young (Normal) (G1 Evacuation Pause) 210M->55M(294M) 12.188ms
[2026-04-03T01:44:47.238+0600][28.116s][info][gc,cpu         ] GC(100) User=0.08s Sys=0.00s Real=0.01s
[2026-04-03T01:44:47.263+0600][28.140s][info][gc,start       ] GC(101) Pause Young (Concurrent Start) (G1 Humongous Allocation)
[2026-04-03T01:44:47.263+0600][28.141s][info][gc,task        ] GC(101) Using 7 workers of 10 for evacuation
[2026-04-03T01:44:47.273+0600][28.151s][info][gc,phases      ] GC(101)   Pre Evacuate Collection Set: 0.37ms
[2026-04-03T01:44:47.273+0600][28.151s][info][gc,phases      ] GC(101)   Merge Heap Roots: 0.09ms
[2026-04-03T01:44:47.273+0600][28.151s][info][gc,phases      ] GC(101)   Evacuate Collection Set: 8.64ms
[2026-04-03T01:44:47.273+0600][28.151s][info][gc,phases      ] GC(101)   Post Evacuate Collection Set: 0.59ms
[2026-04-03T01:44:47.273+0600][28.151s][info][gc,phases      ] GC(101)   Other: 0.27ms
[2026-04-03T01:44:47.273+0600][28.151s][info][gc,heap        ] GC(101) Eden regions: 9->0(85)
[2026-04-03T01:44:47.273+0600][28.151s][info][gc,heap        ] GC(101) Survivor regions: 10->3(11)
[2026-04-03T01:44:47.273+0600][28.151s][info][gc,heap        ] GC(101) Old regions: 18->28
[2026-04-03T01:44:47.273+0600][28.151s][info][gc,heap        ] GC(101) Humongous regions: 3->3
[2026-04-03T01:44:47.273+0600][28.151s][info][gc,metaspace   ] GC(101) Metaspace: 69094K(70016K)->69094K(70016K) NonClass: 60287K(60800K)->60287K(60800K) Class: 8806K(9216K)->8806K(9216K)
[2026-04-03T01:44:47.273+0600][28.151s][info][gc             ] GC(101) Pause Young (Concurrent Start) (G1 Humongous Allocation) 73M->60M(294M) 10.244ms
[2026-04-03T01:44:47.273+0600][28.151s][info][gc             ] GC(102) Concurrent Mark Cycle
[2026-04-03T01:44:47.273+0600][28.151s][info][gc,cpu         ] GC(101) User=0.06s Sys=0.00s Real=0.01s
[2026-04-03T01:44:47.273+0600][28.151s][info][gc,marking     ] GC(102) Concurrent Scan Root Regions
[2026-04-03T01:44:47.282+0600][28.160s][info][gc,marking     ] GC(102) Concurrent Scan Root Regions 9.178ms
[2026-04-03T01:44:47.282+0600][28.160s][info][gc,marking     ] GC(102) Concurrent Mark
[2026-04-03T01:44:47.282+0600][28.160s][info][gc,marking     ] GC(102) Concurrent Mark From Roots
[2026-04-03T01:44:47.282+0600][28.160s][info][gc,task        ] GC(102) Using 2 workers of 2 for marking
[2026-04-03T01:44:47.307+0600][28.185s][info][gc,marking     ] GC(102) Concurrent Mark From Roots 24.817ms
[2026-04-03T01:44:47.307+0600][28.185s][info][gc,marking     ] GC(102) Concurrent Preclean
[2026-04-03T01:44:47.307+0600][28.185s][info][gc,marking     ] GC(102) Concurrent Preclean 0.144ms
[2026-04-03T01:44:47.308+0600][28.185s][info][gc,start       ] GC(102) Pause Remark
[2026-04-03T01:44:47.312+0600][28.190s][info][gc             ] GC(102) Pause Remark 76M->76M(234M) 4.691ms
[2026-04-03T01:44:47.312+0600][28.190s][info][gc,cpu         ] GC(102) User=0.02s Sys=0.00s Real=0.01s
[2026-04-03T01:44:47.312+0600][28.190s][info][gc,marking     ] GC(102) Concurrent Mark 30.142ms
[2026-04-03T01:44:47.313+0600][28.190s][info][gc,marking     ] GC(102) Concurrent Rebuild Remembered Sets and Scrub Regions
[2026-04-03T01:44:47.370+0600][28.248s][info][gc,marking     ] GC(102) Concurrent Rebuild Remembered Sets and Scrub Regions 57.599ms
[2026-04-03T01:44:47.371+0600][28.248s][info][gc,start       ] GC(102) Pause Cleanup
[2026-04-03T01:44:47.371+0600][28.249s][info][gc             ] GC(102) Pause Cleanup 97M->97M(234M) 0.352ms
[2026-04-03T01:44:47.371+0600][28.249s][info][gc,cpu         ] GC(102) User=0.00s Sys=0.00s Real=0.00s
[2026-04-03T01:44:47.371+0600][28.249s][info][gc,marking     ] GC(102) Concurrent Clear Claimed Marks
[2026-04-03T01:44:47.371+0600][28.249s][info][gc,marking     ] GC(102) Concurrent Clear Claimed Marks 0.236ms
[2026-04-03T01:44:47.371+0600][28.249s][info][gc,marking     ] GC(102) Concurrent Cleanup for Next Mark
[2026-04-03T01:44:47.373+0600][28.251s][info][gc,marking     ] GC(102) Concurrent Cleanup for Next Mark 1.858ms
[2026-04-03T01:44:47.373+0600][28.251s][info][gc             ] GC(102) Concurrent Mark Cycle 100.285ms
[2026-04-03T01:44:47.594+0600][28.472s][info][gc,start       ] GC(103) Pause Young (Prepare Mixed) (G1 Evacuation Pause)
[2026-04-03T01:44:47.594+0600][28.472s][info][gc,task        ] GC(103) Using 6 workers of 10 for evacuation
[2026-04-03T01:44:47.635+0600][28.513s][info][gc,phases      ] GC(103)   Pre Evacuate Collection Set: 0.36ms
[2026-04-03T01:44:47.635+0600][28.513s][info][gc,phases      ] GC(103)   Merge Heap Roots: 1.00ms
[2026-04-03T01:44:47.635+0600][28.513s][info][gc,phases      ] GC(103)   Evacuate Collection Set: 38.54ms
[2026-04-03T01:44:47.635+0600][28.513s][info][gc,phases      ] GC(103)   Post Evacuate Collection Set: 0.99ms
[2026-04-03T01:44:47.635+0600][28.513s][info][gc,phases      ] GC(103)   Other: 0.12ms
[2026-04-03T01:44:47.635+0600][28.513s][info][gc,heap        ] GC(103) Eden regions: 67->0(51)
[2026-04-03T01:44:47.635+0600][28.513s][info][gc,heap        ] GC(103) Survivor regions: 3->9(9)
[2026-04-03T01:44:47.635+0600][28.513s][info][gc,heap        ] GC(103) Old regions: 28->35
[2026-04-03T01:44:47.635+0600][28.513s][info][gc,heap        ] GC(103) Humongous regions: 12->12
[2026-04-03T01:44:47.635+0600][28.513s][info][gc,metaspace   ] GC(103) Metaspace: 69344K(70208K)->69344K(70208K) NonClass: 60480K(60992K)->60480K(60992K) Class: 8863K(9216K)->8863K(9216K)
[2026-04-03T01:44:47.635+0600][28.513s][info][gc             ] GC(103) Pause Young (Prepare Mixed) (G1 Evacuation Pause) 212M->105M(252M) 41.368ms
[2026-04-03T01:44:47.636+0600][28.513s][info][gc,cpu         ] GC(103) User=0.21s Sys=0.03s Real=0.04s
[2026-04-03T01:44:47.831+0600][28.709s][info][gc,start       ] GC(104) Pause Young (Mixed) (G1 Evacuation Pause)
[2026-04-03T01:44:47.831+0600][28.709s][info][gc,task        ] GC(104) Using 6 workers of 10 for evacuation
[2026-04-03T01:44:47.869+0600][28.746s][info][gc,phases      ] GC(104)   Pre Evacuate Collection Set: 0.35ms
[2026-04-03T01:44:47.869+0600][28.747s][info][gc,phases      ] GC(104)   Merge Heap Roots: 0.17ms
[2026-04-03T01:44:47.869+0600][28.747s][info][gc,phases      ] GC(104)   Evacuate Collection Set: 36.55ms
[2026-04-03T01:44:47.869+0600][28.747s][info][gc,phases      ] GC(104)   Post Evacuate Collection Set: 0.51ms
[2026-04-03T01:44:47.869+0600][28.747s][info][gc,phases      ] GC(104)   Other: 0.14ms
[2026-04-03T01:44:47.869+0600][28.747s][info][gc,heap        ] GC(104) Eden regions: 51->0(43)
[2026-04-03T01:44:47.869+0600][28.747s][info][gc,heap        ] GC(104) Survivor regions: 9->8(8)
[2026-04-03T01:44:47.869+0600][28.747s][info][gc,heap        ] GC(104) Old regions: 35->47
[2026-04-03T01:44:47.869+0600][28.747s][info][gc,heap        ] GC(104) Humongous regions: 12->12
[2026-04-03T01:44:47.869+0600][28.747s][info][gc,metaspace   ] GC(104) Metaspace: 69344K(70208K)->69344K(70208K) NonClass: 60480K(60992K)->60480K(60992K) Class: 8863K(9216K)->8863K(9216K)
[2026-04-03T01:44:47.869+0600][28.747s][info][gc             ] GC(104) Pause Young (Mixed) (G1 Evacuation Pause) 207M->128M(256M) 38.072ms
[2026-04-03T01:44:47.869+0600][28.747s][info][gc,cpu         ] GC(104) User=0.22s Sys=0.01s Real=0.03s
[2026-04-03T01:44:47.994+0600][28.872s][info][gc,start       ] GC(105) Pause Young (Concurrent Start) (G1 Humongous Allocation)
[2026-04-03T01:44:47.994+0600][28.872s][info][gc,task        ] GC(105) Using 6 workers of 10 for evacuation
[2026-04-03T01:44:48.014+0600][28.891s][info][gc,phases      ] GC(105)   Pre Evacuate Collection Set: 0.39ms
[2026-04-03T01:44:48.014+0600][28.891s][info][gc,phases      ] GC(105)   Merge Heap Roots: 0.20ms
[2026-04-03T01:44:48.014+0600][28.891s][info][gc,phases      ] GC(105)   Evacuate Collection Set: 18.35ms
[2026-04-03T01:44:48.014+0600][28.891s][info][gc,phases      ] GC(105)   Post Evacuate Collection Set: 0.46ms
[2026-04-03T01:44:48.014+0600][28.892s][info][gc,phases      ] GC(105)   Other: 0.17ms
[2026-04-03T01:44:48.014+0600][28.892s][info][gc,heap        ] GC(105) Eden regions: 32->0(38)
[2026-04-03T01:44:48.014+0600][28.892s][info][gc,heap        ] GC(105) Survivor regions: 8->6(7)
[2026-04-03T01:44:48.014+0600][28.892s][info][gc,heap        ] GC(105) Old regions: 47->56
[2026-04-03T01:44:48.014+0600][28.892s][info][gc,heap        ] GC(105) Humongous regions: 12->12
[2026-04-03T01:44:48.014+0600][28.892s][info][gc,metaspace   ] GC(105) Metaspace: 69344K(70208K)->69344K(70208K) NonClass: 60480K(60992K)->60480K(60992K) Class: 8863K(9216K)->8863K(9216K)
[2026-04-03T01:44:48.014+0600][28.892s][info][gc             ] GC(105) Pause Young (Concurrent Start) (G1 Humongous Allocation) 192M->141M(256M) 19.906ms
[2026-04-03T01:44:48.014+0600][28.892s][info][gc             ] GC(106) Concurrent Mark Cycle
[2026-04-03T01:44:48.014+0600][28.892s][info][gc,marking     ] GC(106) Concurrent Scan Root Regions
[2026-04-03T01:44:48.014+0600][28.892s][info][gc,cpu         ] GC(105) User=0.11s Sys=0.00s Real=0.02s
[2026-04-03T01:44:48.026+0600][28.903s][info][gc,marking     ] GC(106) Concurrent Scan Root Regions 11.604ms
[2026-04-03T01:44:48.026+0600][28.903s][info][gc,marking     ] GC(106) Concurrent Mark
[2026-04-03T01:44:48.026+0600][28.903s][info][gc,marking     ] GC(106) Concurrent Mark From Roots
[2026-04-03T01:44:48.026+0600][28.903s][info][gc,task        ] GC(106) Using 2 workers of 2 for marking
[2026-04-03T01:44:48.165+0600][29.043s][info][gc,marking     ] GC(106) Concurrent Mark From Roots 139.581ms
[2026-04-03T01:44:48.165+0600][29.043s][info][gc,marking     ] GC(106) Concurrent Preclean
[2026-04-03T01:44:48.166+0600][29.044s][info][gc,marking     ] GC(106) Concurrent Preclean 0.407ms
[2026-04-03T01:44:48.166+0600][29.044s][info][gc,start       ] GC(106) Pause Remark
[2026-04-03T01:44:48.182+0600][29.060s][info][gc             ] GC(106) Pause Remark 203M->197M(268M) 16.077ms
[2026-04-03T01:44:48.182+0600][29.060s][info][gc,cpu         ] GC(106) User=0.08s Sys=0.00s Real=0.02s
[2026-04-03T01:44:48.183+0600][29.060s][info][gc,marking     ] GC(106) Concurrent Mark 156.841ms
[2026-04-03T01:44:48.183+0600][29.060s][info][gc,marking     ] GC(106) Concurrent Rebuild Remembered Sets and Scrub Regions
[2026-04-03T01:44:48.280+0600][29.158s][info][gc,start       ] GC(107) Pause Young (Normal) (G1 Evacuation Pause)
[2026-04-03T01:44:48.280+0600][29.158s][info][gc,task        ] GC(107) Using 6 workers of 10 for evacuation
[2026-04-03T01:44:48.317+0600][29.195s][info][gc,phases      ] GC(107)   Pre Evacuate Collection Set: 0.37ms
[2026-04-03T01:44:48.317+0600][29.195s][info][gc,phases      ] GC(107)   Merge Heap Roots: 1.50ms
[2026-04-03T01:44:48.317+0600][29.195s][info][gc,phases      ] GC(107)   Evacuate Collection Set: 33.08ms
[2026-04-03T01:44:48.317+0600][29.195s][info][gc,phases      ] GC(107)   Post Evacuate Collection Set: 1.94ms
[2026-04-03T01:44:48.318+0600][29.195s][info][gc,phases      ] GC(107)   Other: 0.14ms
[2026-04-03T01:44:48.318+0600][29.195s][info][gc,heap        ] GC(107) Eden regions: 38->0(130)
[2026-04-03T01:44:48.318+0600][29.195s][info][gc,heap        ] GC(107) Survivor regions: 6->6(6)
[2026-04-03T01:44:48.318+0600][29.195s][info][gc,heap        ] GC(107) Old regions: 56->63
[2026-04-03T01:44:48.318+0600][29.195s][info][gc,heap        ] GC(107) Humongous regions: 18->18
[2026-04-03T01:44:48.318+0600][29.195s][info][gc,metaspace   ] GC(107) Metaspace: 69308K(70208K)->69308K(70208K) NonClass: 60455K(60992K)->60455K(60992K) Class: 8852K(9216K)->8852K(9216K)
[2026-04-03T01:44:48.318+0600][29.195s][info][gc             ] GC(107) Pause Young (Normal) (G1 Evacuation Pause) 229M->168M(536M) 37.413ms
[2026-04-03T01:44:48.318+0600][29.195s][info][gc,cpu         ] GC(107) User=0.20s Sys=0.01s Real=0.03s
[2026-04-03T01:44:48.401+0600][29.279s][info][gc,marking     ] GC(106) Concurrent Rebuild Remembered Sets and Scrub Regions 218.442ms
[2026-04-03T01:44:48.402+0600][29.279s][info][gc,start       ] GC(106) Pause Cleanup
[2026-04-03T01:44:48.402+0600][29.280s][info][gc             ] GC(106) Pause Cleanup 180M->180M(536M) 0.523ms
[2026-04-03T01:44:48.402+0600][29.280s][info][gc,cpu         ] GC(106) User=0.00s Sys=0.00s Real=0.00s
[2026-04-03T01:44:48.403+0600][29.280s][info][gc,marking     ] GC(106) Concurrent Clear Claimed Marks
[2026-04-03T01:44:48.403+0600][29.281s][info][gc,marking     ] GC(106) Concurrent Clear Claimed Marks 0.306ms
[2026-04-03T01:44:48.403+0600][29.281s][info][gc,marking     ] GC(106) Concurrent Cleanup for Next Mark
[2026-04-03T01:44:48.411+0600][29.288s][info][gc,marking     ] GC(106) Concurrent Cleanup for Next Mark 7.742ms
[2026-04-03T01:44:48.411+0600][29.289s][info][gc             ] GC(106) Concurrent Mark Cycle 397.269ms
[2026-04-03T01:44:49.180+0600][30.057s][info][gc,start       ] GC(108) Pause Young (Prepare Mixed) (G1 Evacuation Pause)
[2026-04-03T01:44:49.180+0600][30.058s][info][gc,task        ] GC(108) Using 10 workers of 10 for evacuation
[2026-04-03T01:44:49.251+0600][30.129s][info][gc,phases      ] GC(108)   Pre Evacuate Collection Set: 0.52ms
[2026-04-03T01:44:49.252+0600][30.129s][info][gc,phases      ] GC(108)   Merge Heap Roots: 1.17ms
[2026-04-03T01:44:49.252+0600][30.129s][info][gc,phases      ] GC(108)   Evacuate Collection Set: 67.88ms
[2026-04-03T01:44:49.252+0600][30.129s][info][gc,phases      ] GC(108)   Post Evacuate Collection Set: 1.81ms
[2026-04-03T01:44:49.252+0600][30.129s][info][gc,phases      ] GC(108)   Other: 0.22ms
[2026-04-03T01:44:49.252+0600][30.129s][info][gc,heap        ] GC(108) Eden regions: 130->0(87)
[2026-04-03T01:44:49.252+0600][30.129s][info][gc,heap        ] GC(108) Survivor regions: 6->17(17)
[2026-04-03T01:44:49.252+0600][30.129s][info][gc,heap        ] GC(108) Old regions: 63->84
[2026-04-03T01:44:49.252+0600][30.129s][info][gc,heap        ] GC(108) Humongous regions: 33->33
[2026-04-03T01:44:49.252+0600][30.129s][info][gc,metaspace   ] GC(108) Metaspace: 69571K(70400K)->69571K(70400K) NonClass: 60678K(61120K)->60678K(61120K) Class: 8892K(9280K)->8892K(9280K)
[2026-04-03T01:44:49.252+0600][30.129s][info][gc             ] GC(108) Pause Young (Prepare Mixed) (G1 Evacuation Pause) 458M->262M(540M) 72.031ms
[2026-04-03T01:44:49.252+0600][30.130s][info][gc,cpu         ] GC(108) User=0.59s Sys=0.05s Real=0.07s
[2026-04-03T01:44:49.775+0600][30.653s][info][gc,start       ] GC(109) Pause Young (Mixed) (G1 Evacuation Pause)
[2026-04-03T01:44:49.775+0600][30.653s][info][gc,task        ] GC(109) Using 10 workers of 10 for evacuation
[2026-04-03T01:44:49.852+0600][30.730s][info][gc,phases      ] GC(109)   Pre Evacuate Collection Set: 0.40ms
[2026-04-03T01:44:49.852+0600][30.730s][info][gc,phases      ] GC(109)   Merge Heap Roots: 1.07ms
[2026-04-03T01:44:49.852+0600][30.730s][info][gc,phases      ] GC(109)   Evacuate Collection Set: 74.25ms
[2026-04-03T01:44:49.852+0600][30.730s][info][gc,phases      ] GC(109)   Post Evacuate Collection Set: 0.97ms
[2026-04-03T01:44:49.852+0600][30.730s][info][gc,phases      ] GC(109)   Other: 0.16ms
[2026-04-03T01:44:49.852+0600][30.730s][info][gc,heap        ] GC(109) Eden regions: 58->0(69)
[2026-04-03T01:44:49.852+0600][30.730s][info][gc,heap        ] GC(109) Survivor regions: 17->10(10)
[2026-04-03T01:44:49.852+0600][30.730s][info][gc,heap        ] GC(109) Old regions: 84->108
[2026-04-03T01:44:49.852+0600][30.730s][info][gc,heap        ] GC(109) Humongous regions: 39->39
[2026-04-03T01:44:49.852+0600][30.730s][info][gc,metaspace   ] GC(109) Metaspace: 69772K(70592K)->69772K(70592K) NonClass: 60859K(61312K)->60859K(61312K) Class: 8913K(9280K)->8913K(9280K)
[2026-04-03T01:44:49.852+0600][30.730s][info][gc             ] GC(109) Pause Young (Mixed) (G1 Evacuation Pause) 390M->309M(540M) 77.252ms
[2026-04-03T01:44:49.852+0600][30.730s][info][gc,cpu         ] GC(109) User=0.70s Sys=0.02s Real=0.08s
[2026-04-03T01:44:50.046+0600][30.923s][info][gc,start       ] GC(110) Pause Young (Concurrent Start) (G1 Humongous Allocation)
[2026-04-03T01:44:50.046+0600][30.924s][info][gc,task        ] GC(110) Using 10 workers of 10 for evacuation
[2026-04-03T01:44:50.075+0600][30.953s][info][gc,phases      ] GC(110)   Pre Evacuate Collection Set: 0.44ms
[2026-04-03T01:44:50.076+0600][30.953s][info][gc,phases      ] GC(110)   Merge Heap Roots: 0.64ms
[2026-04-03T01:44:50.076+0600][30.953s][info][gc,phases      ] GC(110)   Evacuate Collection Set: 27.19ms
[2026-04-03T01:44:50.076+0600][30.953s][info][gc,phases      ] GC(110)   Post Evacuate Collection Set: 0.97ms
[2026-04-03T01:44:50.076+0600][30.953s][info][gc,phases      ] GC(110)   Other: 0.31ms
[2026-04-03T01:44:50.076+0600][30.953s][info][gc,heap        ] GC(110) Eden regions: 32->0(65)
[2026-04-03T01:44:50.076+0600][30.953s][info][gc,heap        ] GC(110) Survivor regions: 10->7(10)
[2026-04-03T01:44:50.076+0600][30.953s][info][gc,heap        ] GC(110) Old regions: 108->120
[2026-04-03T01:44:50.076+0600][30.953s][info][gc,heap        ] GC(110) Humongous regions: 39->39
[2026-04-03T01:44:50.076+0600][30.953s][info][gc,metaspace   ] GC(110) Metaspace: 69775K(70592K)->69775K(70592K) NonClass: 60862K(61312K)->60862K(61312K) Class: 8913K(9280K)->8913K(9280K)
[2026-04-03T01:44:50.076+0600][30.953s][info][gc             ] GC(110) Pause Young (Concurrent Start) (G1 Humongous Allocation) 373M->326M(540M) 30.067ms
[2026-04-03T01:44:50.076+0600][30.954s][info][gc,cpu         ] GC(110) User=0.27s Sys=0.00s Real=0.03s
[2026-04-03T01:44:50.076+0600][30.954s][info][gc             ] GC(111) Concurrent Mark Cycle
[2026-04-03T01:44:50.076+0600][30.954s][info][gc,marking     ] GC(111) Concurrent Scan Root Regions
[2026-04-03T01:44:50.116+0600][30.994s][info][gc,marking     ] GC(111) Concurrent Scan Root Regions 39.856ms
[2026-04-03T01:44:50.116+0600][30.994s][info][gc,marking     ] GC(111) Concurrent Mark
[2026-04-03T01:44:50.116+0600][30.994s][info][gc,marking     ] GC(111) Concurrent Mark From Roots
[2026-04-03T01:44:50.116+0600][30.994s][info][gc,task        ] GC(111) Using 2 workers of 2 for marking
[2026-04-03T01:44:50.289+0600][31.167s][info][gc,start       ] GC(112) Pause Young (Normal) (G1 Evacuation Pause)
[2026-04-03T01:44:50.290+0600][31.167s][info][gc,task        ] GC(112) Using 10 workers of 10 for evacuation
[2026-04-03T01:44:50.326+0600][31.204s][info][gc,phases      ] GC(112)   Pre Evacuate Collection Set: 0.61ms
[2026-04-03T01:44:50.326+0600][31.204s][info][gc,phases      ] GC(112)   Merge Heap Roots: 0.75ms
[2026-04-03T01:44:50.326+0600][31.204s][info][gc,phases      ] GC(112)   Evacuate Collection Set: 34.37ms
[2026-04-03T01:44:50.326+0600][31.204s][info][gc,phases      ] GC(112)   Post Evacuate Collection Set: 0.63ms
[2026-04-03T01:44:50.326+0600][31.204s][info][gc,phases      ] GC(112)   Other: 0.22ms
[2026-04-03T01:44:50.326+0600][31.204s][info][gc,heap        ] GC(112) Eden regions: 65->0(57)
[2026-04-03T01:44:50.326+0600][31.204s][info][gc,heap        ] GC(112) Survivor regions: 7->8(9)
[2026-04-03T01:44:50.326+0600][31.204s][info][gc,heap        ] GC(112) Old regions: 120->126
[2026-04-03T01:44:50.326+0600][31.204s][info][gc,heap        ] GC(112) Humongous regions: 48->48
[2026-04-03T01:44:50.326+0600][31.204s][info][gc,metaspace   ] GC(112) Metaspace: 69776K(70592K)->69776K(70592K) NonClass: 60863K(61312K)->60863K(61312K) Class: 8913K(9280K)->8913K(9280K)
[2026-04-03T01:44:50.326+0600][31.204s][info][gc             ] GC(112) Pause Young (Normal) (G1 Evacuation Pause) 474M->356M(540M) 37.042ms
[2026-04-03T01:44:50.326+0600][31.204s][info][gc,cpu         ] GC(112) User=0.34s Sys=0.00s Real=0.04s
[2026-04-03T01:44:50.477+0600][31.355s][info][gc,start       ] GC(113) Pause Young (Normal) (G1 Evacuation Pause)
[2026-04-03T01:44:50.478+0600][31.355s][info][gc,task        ] GC(113) Using 10 workers of 10 for evacuation
[2026-04-03T01:44:50.505+0600][31.382s][info][gc,phases      ] GC(113)   Pre Evacuate Collection Set: 0.55ms
[2026-04-03T01:44:50.505+0600][31.382s][info][gc,phases      ] GC(113)   Merge Heap Roots: 0.41ms
[2026-04-03T01:44:50.505+0600][31.382s][info][gc,phases      ] GC(113)   Evacuate Collection Set: 23.68ms
[2026-04-03T01:44:50.505+0600][31.382s][info][gc,phases      ] GC(113)   Post Evacuate Collection Set: 2.25ms
[2026-04-03T01:44:50.505+0600][31.382s][info][gc,phases      ] GC(113)   Other: 0.13ms
[2026-04-03T01:44:50.505+0600][31.382s][info][gc,heap        ] GC(113) Eden regions: 57->0(232)
[2026-04-03T01:44:50.505+0600][31.382s][info][gc,heap        ] GC(113) Survivor regions: 8->6(9)
[2026-04-03T01:44:50.505+0600][31.382s][info][gc,heap        ] GC(113) Old regions: 126->133
[2026-04-03T01:44:50.505+0600][31.382s][info][gc,heap        ] GC(113) Humongous regions: 48->48
[2026-04-03T01:44:50.505+0600][31.383s][info][gc,metaspace   ] GC(113) Metaspace: 69776K(70592K)->69776K(70592K) NonClass: 60863K(61312K)->60863K(61312K) Class: 8913K(9280K)->8913K(9280K)
[2026-04-03T01:44:50.505+0600][31.383s][info][gc             ] GC(113) Pause Young (Normal) (G1 Evacuation Pause) 470M->368M(1080M) 27.434ms
[2026-04-03T01:44:50.505+0600][31.383s][info][gc,cpu         ] GC(113) User=0.24s Sys=0.00s Real=0.03s
[2026-04-03T01:44:50.560+0600][31.438s][info][gc,marking     ] GC(111) Concurrent Mark From Roots 443.873ms
[2026-04-03T01:44:50.560+0600][31.438s][info][gc,marking     ] GC(111) Concurrent Preclean
[2026-04-03T01:44:50.560+0600][31.438s][info][gc,marking     ] GC(111) Concurrent Preclean 0.291ms
[2026-04-03T01:44:50.560+0600][31.438s][info][gc,start       ] GC(111) Pause Remark
[2026-04-03T01:44:50.565+0600][31.443s][info][gc             ] GC(111) Pause Remark 406M->352M(1068M) 4.370ms
[2026-04-03T01:44:50.565+0600][31.443s][info][gc,cpu         ] GC(111) User=0.02s Sys=0.00s Real=0.00s
[2026-04-03T01:44:50.565+0600][31.443s][info][gc,marking     ] GC(111) Concurrent Mark 449.158ms
[2026-04-03T01:44:50.565+0600][31.443s][info][gc,marking     ] GC(111) Concurrent Rebuild Remembered Sets and Scrub Regions
[2026-04-03T01:44:51.049+0600][31.927s][info][gc,marking     ] GC(111) Concurrent Rebuild Remembered Sets and Scrub Regions 483.715ms
[2026-04-03T01:44:51.049+0600][31.927s][info][gc,start       ] GC(111) Pause Cleanup
[2026-04-03T01:44:51.073+0600][31.951s][info][gc             ] GC(111) Pause Cleanup 676M->676M(1068M) 23.530ms
[2026-04-03T01:44:51.073+0600][31.951s][info][gc,cpu         ] GC(111) User=0.00s Sys=0.00s Real=0.03s
[2026-04-03T01:44:51.073+0600][31.951s][info][gc,marking     ] GC(111) Concurrent Clear Claimed Marks
[2026-04-03T01:44:51.073+0600][31.951s][info][gc,marking     ] GC(111) Concurrent Clear Claimed Marks 0.295ms
[2026-04-03T01:44:51.073+0600][31.951s][info][gc,marking     ] GC(111) Concurrent Cleanup for Next Mark
[2026-04-03T01:44:51.079+0600][31.957s][info][gc,marking     ] GC(111) Concurrent Cleanup for Next Mark 5.798ms
[2026-04-03T01:44:51.079+0600][31.957s][info][gc             ] GC(111) Concurrent Mark Cycle 1003.517ms
[2026-04-03T01:44:51.224+0600][32.102s][info][gc,start       ] GC(114) Pause Young (Prepare Mixed) (G1 Evacuation Pause)
[2026-04-03T01:44:51.225+0600][32.102s][info][gc,task        ] GC(114) Using 10 workers of 10 for evacuation
[2026-04-03T01:44:51.282+0600][32.160s][info][gc,phases      ] GC(114)   Pre Evacuate Collection Set: 0.45ms
[2026-04-03T01:44:51.283+0600][32.160s][info][gc,phases      ] GC(114)   Merge Heap Roots: 1.27ms
[2026-04-03T01:44:51.283+0600][32.160s][info][gc,phases      ] GC(114)   Evacuate Collection Set: 54.37ms
[2026-04-03T01:44:51.283+0600][32.160s][info][gc,phases      ] GC(114)   Post Evacuate Collection Set: 1.53ms
[2026-04-03T01:44:51.283+0600][32.160s][info][gc,phases      ] GC(114)   Other: 0.25ms
[2026-04-03T01:44:51.283+0600][32.160s][info][gc,heap        ] GC(114) Eden regions: 232->0(261)
[2026-04-03T01:44:51.283+0600][32.160s][info][gc,heap        ] GC(114) Survivor regions: 6->21(30)
[2026-04-03T01:44:51.283+0600][32.160s][info][gc,heap        ] GC(114) Old regions: 133->133
[2026-04-03T01:44:51.283+0600][32.160s][info][gc,heap        ] GC(114) Humongous regions: 30->30
[2026-04-03T01:44:51.283+0600][32.160s][info][gc,metaspace   ] GC(114) Metaspace: 69776K(70592K)->69776K(70592K) NonClass: 60863K(61312K)->60863K(61312K) Class: 8913K(9280K)->8913K(9280K)
[2026-04-03T01:44:51.283+0600][32.160s][info][gc             ] GC(114) Pause Young (Prepare Mixed) (G1 Evacuation Pause) 796M->362M(1068M) 58.241ms
[2026-04-03T01:44:51.283+0600][32.160s][info][gc,cpu         ] GC(114) User=0.52s Sys=0.04s Real=0.06s
[2026-04-03T01:44:51.873+0600][32.751s][info][gc,start       ] GC(115) Pause Young (Mixed) (G1 Evacuation Pause)
[2026-04-03T01:44:51.873+0600][32.751s][info][gc,task        ] GC(115) Using 10 workers of 10 for evacuation
[2026-04-03T01:44:51.952+0600][32.830s][info][gc,phases      ] GC(115)   Pre Evacuate Collection Set: 0.72ms
[2026-04-03T01:44:51.952+0600][32.830s][info][gc,phases      ] GC(115)   Merge Heap Roots: 1.28ms
[2026-04-03T01:44:51.952+0600][32.830s][info][gc,phases      ] GC(115)   Evacuate Collection Set: 74.90ms
[2026-04-03T01:44:51.952+0600][32.830s][info][gc,phases      ] GC(115)   Post Evacuate Collection Set: 1.76ms
[2026-04-03T01:44:51.952+0600][32.830s][info][gc,phases      ] GC(115)   Other: 0.15ms
[2026-04-03T01:44:51.952+0600][32.830s][info][gc,heap        ] GC(115) Eden regions: 255->0(254)
[2026-04-03T01:44:51.952+0600][32.830s][info][gc,heap        ] GC(115) Survivor regions: 21->30(35)
[2026-04-03T01:44:51.952+0600][32.830s][info][gc,heap        ] GC(115) Old regions: 133->136
[2026-04-03T01:44:51.952+0600][32.830s][info][gc,heap        ] GC(115) Humongous regions: 45->45
[2026-04-03T01:44:51.952+0600][32.830s][info][gc,metaspace   ] GC(115) Metaspace: 69776K(70592K)->69776K(70592K) NonClass: 60863K(61312K)->60863K(61312K) Class: 8913K(9280K)->8913K(9280K)
[2026-04-03T01:44:51.952+0600][32.830s][info][gc             ] GC(115) Pause Young (Mixed) (G1 Evacuation Pause) 902M->415M(1068M) 79.187ms
[2026-04-03T01:44:51.952+0600][32.830s][info][gc,cpu         ] GC(115) User=0.77s Sys=0.00s Real=0.08s
[2026-04-03T01:44:52.724+0600][33.602s][info][gc,start       ] GC(116) Pause Young (Concurrent Start) (G1 Humongous Allocation)
[2026-04-03T01:44:52.724+0600][33.602s][info][gc,task        ] GC(116) Using 10 workers of 10 for evacuation
[2026-04-03T01:44:52.824+0600][33.702s][info][gc,phases      ] GC(116)   Pre Evacuate Collection Set: 0.67ms
[2026-04-03T01:44:52.824+0600][33.702s][info][gc,phases      ] GC(116)   Merge Heap Roots: 1.07ms
[2026-04-03T01:44:52.825+0600][33.702s][info][gc,phases      ] GC(116)   Evacuate Collection Set: 96.52ms
[2026-04-03T01:44:52.825+0600][33.702s][info][gc,phases      ] GC(116)   Post Evacuate Collection Set: 1.30ms
[2026-04-03T01:44:52.825+0600][33.702s][info][gc,phases      ] GC(116)   Other: 0.33ms
[2026-04-03T01:44:52.825+0600][33.702s][info][gc,heap        ] GC(116) Eden regions: 136->0(256)
[2026-04-03T01:44:52.825+0600][33.702s][info][gc,heap        ] GC(116) Survivor regions: 30->24(36)
[2026-04-03T01:44:52.825+0600][33.702s][info][gc,heap        ] GC(116) Old regions: 136->150
[2026-04-03T01:44:52.825+0600][33.702s][info][gc,heap        ] GC(116) Humongous regions: 45->45
[2026-04-03T01:44:52.825+0600][33.702s][info][gc,metaspace   ] GC(116) Metaspace: 69855K(70656K)->69855K(70656K) NonClass: 60937K(61376K)->60937K(61376K) Class: 8918K(9280K)->8918K(9280K)
[2026-04-03T01:44:52.825+0600][33.702s][info][gc             ] GC(116) Pause Young (Concurrent Start) (G1 Humongous Allocation) 687M->431M(1068M) 100.375ms
[2026-04-03T01:44:52.825+0600][33.702s][info][gc,cpu         ] GC(116) User=0.91s Sys=0.00s Real=0.10s
[2026-04-03T01:44:52.825+0600][33.703s][info][gc             ] GC(117) Concurrent Mark Cycle
[2026-04-03T01:44:52.825+0600][33.703s][info][gc,marking     ] GC(117) Concurrent Scan Root Regions
[2026-04-03T01:44:52.885+0600][33.763s][info][gc,marking     ] GC(117) Concurrent Scan Root Regions 60.163ms
[2026-04-03T01:44:52.885+0600][33.763s][info][gc,marking     ] GC(117) Concurrent Mark
[2026-04-03T01:44:52.885+0600][33.763s][info][gc,marking     ] GC(117) Concurrent Mark From Roots
[2026-04-03T01:44:52.885+0600][33.763s][info][gc,task        ] GC(117) Using 2 workers of 2 for marking
[2026-04-03T01:44:53.238+0600][34.116s][info][gc,marking     ] GC(117) Concurrent Mark From Roots 352.740ms
[2026-04-03T01:44:53.238+0600][34.116s][info][gc,marking     ] GC(117) Concurrent Preclean
[2026-04-03T01:44:53.238+0600][34.116s][info][gc,marking     ] GC(117) Concurrent Preclean 0.292ms
[2026-04-03T01:44:53.239+0600][34.116s][info][gc,start       ] GC(117) Pause Remark
[2026-04-03T01:44:53.243+0600][34.121s][info][gc             ] GC(117) Pause Remark 437M->347M(1068M) 4.497ms
[2026-04-03T01:44:53.243+0600][34.121s][info][gc,cpu         ] GC(117) User=0.02s Sys=0.00s Real=0.01s
[2026-04-03T01:44:53.243+0600][34.121s][info][gc,marking     ] GC(117) Concurrent Mark 358.201ms
[2026-04-03T01:44:53.243+0600][34.121s][info][gc,marking     ] GC(117) Concurrent Rebuild Remembered Sets and Scrub Regions
[2026-04-03T01:44:53.791+0600][34.669s][info][gc,marking     ] GC(117) Concurrent Rebuild Remembered Sets and Scrub Regions 547.817ms
[2026-04-03T01:44:53.792+0600][34.669s][info][gc,start       ] GC(117) Pause Cleanup
[2026-04-03T01:44:53.792+0600][34.670s][info][gc             ] GC(117) Pause Cleanup 370M->370M(1068M) 0.609ms
[2026-04-03T01:44:53.792+0600][34.670s][info][gc,cpu         ] GC(117) User=0.00s Sys=0.00s Real=0.00s
[2026-04-03T01:44:53.793+0600][34.670s][info][gc,marking     ] GC(117) Concurrent Clear Claimed Marks
[2026-04-03T01:44:53.793+0600][34.671s][info][gc,marking     ] GC(117) Concurrent Clear Claimed Marks 0.280ms
[2026-04-03T01:44:53.793+0600][34.671s][info][gc,marking     ] GC(117) Concurrent Cleanup for Next Mark
[2026-04-03T01:44:53.795+0600][34.672s][info][gc,marking     ] GC(117) Concurrent Cleanup for Next Mark 1.693ms
[2026-04-03T01:44:53.795+0600][34.672s][info][gc             ] GC(117) Concurrent Mark Cycle 969.910ms
[2026-04-03T01:44:55.455+0600][36.333s][info][gc,start       ] GC(118) Pause Young (Prepare Mixed) (G1 Evacuation Pause)
[2026-04-03T01:44:55.455+0600][36.333s][info][gc,task        ] GC(118) Using 10 workers of 10 for evacuation
[2026-04-03T01:44:55.641+0600][36.519s][info][gc,phases      ] GC(118)   Pre Evacuate Collection Set: 0.65ms
[2026-04-03T01:44:55.641+0600][36.519s][info][gc,phases      ] GC(118)   Merge Heap Roots: 3.37ms
[2026-04-03T01:44:55.641+0600][36.519s][info][gc,phases      ] GC(118)   Evacuate Collection Set: 180.55ms
[2026-04-03T01:44:55.641+0600][36.519s][info][gc,phases      ] GC(118)   Post Evacuate Collection Set: 1.44ms
[2026-04-03T01:44:55.641+0600][36.519s][info][gc,phases      ] GC(118)   Other: 0.16ms
[2026-04-03T01:44:55.641+0600][36.519s][info][gc,heap        ] GC(118) Eden regions: 256->0(189)
[2026-04-03T01:44:55.641+0600][36.519s][info][gc,heap        ] GC(118) Survivor regions: 24->35(35)
[2026-04-03T01:44:55.641+0600][36.519s][info][gc,heap        ] GC(118) Old regions: 132->176
[2026-04-03T01:44:55.641+0600][36.519s][info][gc,heap        ] GC(118) Humongous regions: 67->61
[2026-04-03T01:44:55.641+0600][36.519s][info][gc,metaspace   ] GC(118) Metaspace: 70048K(70912K)->70048K(70912K) NonClass: 61105K(61568K)->61105K(61568K) Class: 8943K(9344K)->8943K(9344K)
[2026-04-03T01:44:55.641+0600][36.519s][info][gc             ] GC(118) Pause Young (Prepare Mixed) (G1 Evacuation Pause) 951M->539M(1116M) 186.546ms
[2026-04-03T01:44:55.641+0600][36.519s][info][gc,cpu         ] GC(118) User=1.61s Sys=0.05s Real=0.19s
[2026-04-03T01:44:55.915+0600][36.793s][info][gc,start       ] GC(119) Pause Young (Mixed) (G1 Evacuation Pause)
[2026-04-03T01:44:55.915+0600][36.793s][info][gc,task        ] GC(119) Using 10 workers of 10 for evacuation
[2026-04-03T01:44:56.051+0600][36.929s][info][gc,phases      ] GC(119)   Pre Evacuate Collection Set: 0.35ms
[2026-04-03T01:44:56.052+0600][36.929s][info][gc,phases      ] GC(119)   Merge Heap Roots: 2.27ms
[2026-04-03T01:44:56.052+0600][36.929s][info][gc,phases      ] GC(119)   Evacuate Collection Set: 132.22ms
[2026-04-03T01:44:56.052+0600][36.929s][info][gc,phases      ] GC(119)   Post Evacuate Collection Set: 1.03ms
[2026-04-03T01:44:56.052+0600][36.929s][info][gc,phases      ] GC(119)   Other: 0.13ms
[2026-04-03T01:44:56.052+0600][36.929s][info][gc,heap        ] GC(119) Eden regions: 110->0(193)
[2026-04-03T01:44:56.052+0600][36.929s][info][gc,heap        ] GC(119) Survivor regions: 35->15(19)
[2026-04-03T01:44:56.052+0600][36.929s][info][gc,heap        ] GC(119) Old regions: 176->205
[2026-04-03T01:44:56.052+0600][36.929s][info][gc,heap        ] GC(119) Humongous regions: 69->69
[2026-04-03T01:44:56.052+0600][36.929s][info][gc,metaspace   ] GC(119) Metaspace: 70054K(70976K)->70054K(70976K) NonClass: 61111K(61632K)->61111K(61632K) Class: 8943K(9344K)->8943K(9344K)
[2026-04-03T01:44:56.052+0600][36.929s][info][gc             ] GC(119) Pause Young (Mixed) (G1 Evacuation Pause) 775M->572M(1116M) 136.485ms
[2026-04-03T01:44:56.052+0600][36.930s][info][gc,cpu         ] GC(119) User=1.11s Sys=0.00s Real=0.14s
[2026-04-03T01:44:56.112+0600][36.990s][info][gc,start       ] GC(120) Pause Young (Concurrent Start) (G1 Humongous Allocation)
[2026-04-03T01:44:56.112+0600][36.990s][info][gc,task        ] GC(120) Using 10 workers of 10 for evacuation
[2026-04-03T01:44:56.148+0600][37.026s][info][gc,phases      ] GC(120)   Pre Evacuate Collection Set: 0.62ms
[2026-04-03T01:44:56.148+0600][37.026s][info][gc,phases      ] GC(120)   Merge Heap Roots: 0.33ms
[2026-04-03T01:44:56.148+0600][37.026s][info][gc,phases      ] GC(120)   Evacuate Collection Set: 30.08ms
[2026-04-03T01:44:56.148+0600][37.026s][info][gc,phases      ] GC(120)   Post Evacuate Collection Set: 4.60ms
[2026-04-03T01:44:56.148+0600][37.026s][info][gc,phases      ] GC(120)   Other: 0.26ms
[2026-04-03T01:44:56.148+0600][37.026s][info][gc,heap        ] GC(120) Eden regions: 22->0(519)
[2026-04-03T01:44:56.148+0600][37.026s][info][gc,heap        ] GC(120) Survivor regions: 15->16(26)
[2026-04-03T01:44:56.148+0600][37.026s][info][gc,heap        ] GC(120) Old regions: 205->205
[2026-04-03T01:44:56.148+0600][37.026s][info][gc,heap        ] GC(120) Humongous regions: 69->69
[2026-04-03T01:44:56.148+0600][37.026s][info][gc,metaspace   ] GC(120) Metaspace: 70054K(70976K)->70054K(70976K) NonClass: 61111K(61632K)->61111K(61632K) Class: 8943K(9344K)->8943K(9344K)
[2026-04-03T01:44:56.148+0600][37.026s][info][gc             ] GC(120) Pause Young (Concurrent Start) (G1 Humongous Allocation) 616M->573M(1850M) 36.379ms
[2026-04-03T01:44:56.148+0600][37.026s][info][gc,cpu         ] GC(120) User=0.28s Sys=0.01s Real=0.03s
[2026-04-03T01:44:56.149+0600][37.026s][info][gc             ] GC(121) Concurrent Undo Cycle
[2026-04-03T01:44:56.149+0600][37.026s][info][gc,marking     ] GC(121) Concurrent Clear Claimed Marks
[2026-04-03T01:44:56.149+0600][37.027s][info][gc,marking     ] GC(121) Concurrent Clear Claimed Marks 0.257ms
[2026-04-03T01:44:56.149+0600][37.027s][info][gc,marking     ] GC(121) Concurrent Cleanup for Next Mark
[2026-04-03T01:44:56.149+0600][37.027s][info][gc,marking     ] GC(121) Concurrent Cleanup for Next Mark 0.469ms
[2026-04-03T01:44:56.150+0600][37.027s][info][gc             ] GC(121) Concurrent Undo Cycle 1.062ms
[2026-04-03T01:44:56.212+0600][37.090s][info][gc,start       ] GC(122) Pause Young (Concurrent Start) (G1 Humongous Allocation)
[2026-04-03T01:44:56.213+0600][37.090s][info][gc,task        ] GC(122) Using 10 workers of 10 for evacuation
[2026-04-03T01:44:56.258+0600][37.136s][info][gc,phases      ] GC(122)   Pre Evacuate Collection Set: 0.71ms
[2026-04-03T01:44:56.258+0600][37.136s][info][gc,phases      ] GC(122)   Merge Heap Roots: 0.72ms
[2026-04-03T01:44:56.258+0600][37.136s][info][gc,phases      ] GC(122)   Evacuate Collection Set: 43.22ms
[2026-04-03T01:44:56.258+0600][37.136s][info][gc,phases      ] GC(122)   Post Evacuate Collection Set: 0.75ms
[2026-04-03T01:44:56.258+0600][37.136s][info][gc,phases      ] GC(122)   Other: 0.27ms
[2026-04-03T01:44:56.258+0600][37.136s][info][gc,heap        ] GC(122) Eden regions: 18->0(506)
[2026-04-03T01:44:56.258+0600][37.136s][info][gc,heap        ] GC(122) Survivor regions: 16->17(67)
[2026-04-03T01:44:56.258+0600][37.136s][info][gc,heap        ] GC(122) Old regions: 205->205
[2026-04-03T01:44:56.258+0600][37.136s][info][gc,heap        ] GC(122) Humongous regions: 72->72
[2026-04-03T01:44:56.258+0600][37.136s][info][gc,metaspace   ] GC(122) Metaspace: 70054K(70976K)->70054K(70976K) NonClass: 61111K(61632K)->61111K(61632K) Class: 8943K(9344K)->8943K(9344K)
[2026-04-03T01:44:56.259+0600][37.136s][info][gc             ] GC(122) Pause Young (Concurrent Start) (G1 Humongous Allocation) 614M->582M(1850M) 46.068ms
[2026-04-03T01:44:56.259+0600][37.136s][info][gc             ] GC(123) Concurrent Mark Cycle
[2026-04-03T01:44:56.259+0600][37.136s][info][gc,marking     ] GC(123) Concurrent Scan Root Regions
[2026-04-03T01:44:56.259+0600][37.136s][info][gc,cpu         ] GC(122) User=0.36s Sys=0.04s Real=0.04s
[2026-04-03T01:44:56.281+0600][37.159s][info][gc,marking     ] GC(123) Concurrent Scan Root Regions 22.183ms
[2026-04-03T01:44:56.281+0600][37.159s][info][gc,marking     ] GC(123) Concurrent Mark
[2026-04-03T01:44:56.281+0600][37.159s][info][gc,marking     ] GC(123) Concurrent Mark From Roots
[2026-04-03T01:44:56.281+0600][37.159s][info][gc,task        ] GC(123) Using 2 workers of 2 for marking
[2026-04-03T01:44:56.787+0600][37.664s][info][gc,marking     ] GC(123) Concurrent Mark From Roots 505.808ms
[2026-04-03T01:44:56.787+0600][37.665s][info][gc,marking     ] GC(123) Concurrent Preclean
[2026-04-03T01:44:56.787+0600][37.665s][info][gc,marking     ] GC(123) Concurrent Preclean 0.323ms
[2026-04-03T01:44:56.788+0600][37.665s][info][gc,start       ] GC(123) Pause Remark
[2026-04-03T01:44:56.793+0600][37.671s][info][gc             ] GC(123) Pause Remark 813M->646M(1440M) 5.417ms
[2026-04-03T01:44:56.793+0600][37.671s][info][gc,cpu         ] GC(123) User=0.03s Sys=0.00s Real=0.01s
[2026-04-03T01:44:56.793+0600][37.671s][info][gc,marking     ] GC(123) Concurrent Mark 512.399ms
[2026-04-03T01:44:56.793+0600][37.671s][info][gc,marking     ] GC(123) Concurrent Rebuild Remembered Sets and Scrub Regions
[2026-04-03T01:44:57.608+0600][38.485s][info][gc,marking     ] GC(123) Concurrent Rebuild Remembered Sets and Scrub Regions 814.085ms
[2026-04-03T01:44:57.608+0600][38.486s][info][gc,start       ] GC(123) Pause Cleanup
[2026-04-03T01:44:57.609+0600][38.487s][info][gc             ] GC(123) Pause Cleanup 1153M->1153M(1440M) 0.914ms
[2026-04-03T01:44:57.609+0600][38.487s][info][gc,cpu         ] GC(123) User=0.00s Sys=0.00s Real=0.00s
[2026-04-03T01:44:57.609+0600][38.487s][info][gc,marking     ] GC(123) Concurrent Clear Claimed Marks
[2026-04-03T01:44:57.610+0600][38.487s][info][gc,marking     ] GC(123) Concurrent Clear Claimed Marks 0.257ms
[2026-04-03T01:44:57.610+0600][38.487s][info][gc,marking     ] GC(123) Concurrent Cleanup for Next Mark
[2026-04-03T01:44:57.615+0600][38.493s][info][gc,marking     ] GC(123) Concurrent Cleanup for Next Mark 5.365ms
[2026-04-03T01:44:57.615+0600][38.493s][info][gc             ] GC(123) Concurrent Mark Cycle 1356.521ms
[2026-04-03T01:44:57.808+0600][38.686s][info][gc,start       ] GC(124) Pause Young (Prepare Mixed) (G1 Evacuation Pause)
[2026-04-03T01:44:57.808+0600][38.686s][info][gc,task        ] GC(124) Using 10 workers of 10 for evacuation
[2026-04-03T01:44:57.939+0600][38.816s][info][gc,phases      ] GC(124)   Pre Evacuate Collection Set: 0.50ms
[2026-04-03T01:44:57.939+0600][38.816s][info][gc,phases      ] GC(124)   Merge Heap Roots: 5.63ms
[2026-04-03T01:44:57.939+0600][38.817s][info][gc,phases      ] GC(124)   Evacuate Collection Set: 122.32ms
[2026-04-03T01:44:57.939+0600][38.817s][info][gc,phases      ] GC(124)   Post Evacuate Collection Set: 1.97ms
[2026-04-03T01:44:57.939+0600][38.817s][info][gc,phases      ] GC(124)   Other: 0.19ms
[2026-04-03T01:44:57.939+0600][38.817s][info][gc,heap        ] GC(124) Eden regions: 415->0(213)
[2026-04-03T01:44:57.939+0600][38.817s][info][gc,heap        ] GC(124) Survivor regions: 17->40(54)
[2026-04-03T01:44:57.939+0600][38.817s][info][gc,heap        ] GC(124) Old regions: 174->174
[2026-04-03T01:44:57.939+0600][38.817s][info][gc,heap        ] GC(124) Humongous regions: 40->40
[2026-04-03T01:44:57.939+0600][38.817s][info][gc,metaspace   ] GC(124) Metaspace: 70057K(70976K)->70057K(70976K) NonClass: 61113K(61632K)->61113K(61632K) Class: 8943K(9344K)->8943K(9344K)
[2026-04-03T01:44:57.939+0600][38.817s][info][gc             ] GC(124) Pause Young (Prepare Mixed) (G1 Evacuation Pause) 1287M->502M(1440M) 131.194ms
[2026-04-03T01:44:57.939+0600][38.817s][info][gc,cpu         ] GC(124) User=1.26s Sys=0.02s Real=0.13s
[2026-04-03T01:44:59.119+0600][39.997s][info][gc,start       ] GC(125) Pause Young (Mixed) (G1 Evacuation Pause)
[2026-04-03T01:44:59.119+0600][39.997s][info][gc,task        ] GC(125) Using 10 workers of 10 for evacuation
[2026-04-03T01:44:59.233+0600][40.111s][info][gc,phases      ] GC(125)   Pre Evacuate Collection Set: 0.62ms
[2026-04-03T01:44:59.233+0600][40.111s][info][gc,phases      ] GC(125)   Merge Heap Roots: 1.16ms
[2026-04-03T01:44:59.233+0600][40.111s][info][gc,phases      ] GC(125)   Evacuate Collection Set: 110.98ms
[2026-04-03T01:44:59.233+0600][40.111s][info][gc,phases      ] GC(125)   Post Evacuate Collection Set: 1.00ms
[2026-04-03T01:44:59.233+0600][40.111s][info][gc,phases      ] GC(125)   Other: 0.13ms
[2026-04-03T01:44:59.233+0600][40.111s][info][gc,heap        ] GC(125) Eden regions: 61->0(384)
[2026-04-03T01:44:59.233+0600][40.111s][info][gc,heap        ] GC(125) Survivor regions: 40->6(13)
[2026-04-03T01:44:59.233+0600][40.111s][info][gc,heap        ] GC(125) Old regions: 174->186
[2026-04-03T01:44:59.233+0600][40.111s][info][gc,heap        ] GC(125) Humongous regions: 52->46
[2026-04-03T01:44:59.233+0600][40.111s][info][gc,metaspace   ] GC(125) Metaspace: 70158K(71040K)->70158K(71040K) NonClass: 61209K(61696K)->61209K(61696K) Class: 8949K(9344K)->8949K(9344K)
[2026-04-03T01:44:59.233+0600][40.111s][info][gc             ] GC(125) Pause Young (Mixed) (G1 Evacuation Pause) 648M->470M(1440M) 114.239ms
[2026-04-03T01:44:59.233+0600][40.111s][info][gc,cpu         ] GC(125) User=1.10s Sys=0.01s Real=0.12s
[2026-04-03T01:45:02.126+0600][43.003s][info][gc,start       ] GC(126) Pause Young (Concurrent Start) (G1 Humongous Allocation)
[2026-04-03T01:45:02.126+0600][43.003s][info][gc,task        ] GC(126) Using 10 workers of 10 for evacuation
[2026-04-03T01:45:02.337+0600][43.215s][info][gc,mmu         ] GC(126) MMU target violated: 201.0ms (200.0ms/201.0ms)
[2026-04-03T01:45:02.338+0600][43.215s][info][gc,phases      ] GC(126)   Pre Evacuate Collection Set: 0.57ms
[2026-04-03T01:45:02.338+0600][43.215s][info][gc,phases      ] GC(126)   Merge Heap Roots: 7.30ms
[2026-04-03T01:45:02.338+0600][43.215s][info][gc,phases      ] GC(126)   Evacuate Collection Set: 201.57ms
[2026-04-03T01:45:02.338+0600][43.215s][info][gc,phases      ] GC(126)   Post Evacuate Collection Set: 1.96ms
[2026-04-03T01:45:02.338+0600][43.215s][info][gc,phases      ] GC(126)   Other: 0.44ms
[2026-04-03T01:45:02.338+0600][43.215s][info][gc,heap        ] GC(126) Eden regions: 334->0(133)
[2026-04-03T01:45:02.338+0600][43.215s][info][gc,heap        ] GC(126) Survivor regions: 6->49(49)
[2026-04-03T01:45:02.338+0600][43.215s][info][gc,heap        ] GC(126) Old regions: 186->191
[2026-04-03T01:45:02.338+0600][43.215s][info][gc,heap        ] GC(126) Humongous regions: 113->100
[2026-04-03T01:45:02.338+0600][43.215s][info][gc,metaspace   ] GC(126) Metaspace: 70819K(71744K)->70819K(71744K) NonClass: 61768K(62272K)->61768K(62272K) Class: 9051K(9472K)->9051K(9472K)
[2026-04-03T01:45:02.338+0600][43.215s][info][gc             ] GC(126) Pause Young (Concurrent Start) (G1 Humongous Allocation) 1272M->674M(1440M) 212.194ms
[2026-04-03T01:45:02.338+0600][43.215s][info][gc,cpu         ] GC(126) User=1.75s Sys=0.00s Real=0.21s
[2026-04-03T01:45:02.338+0600][43.216s][info][gc             ] GC(127) Concurrent Undo Cycle
[2026-04-03T01:45:02.338+0600][43.216s][info][gc,marking     ] GC(127) Concurrent Clear Claimed Marks
[2026-04-03T01:45:02.338+0600][43.216s][info][gc,marking     ] GC(127) Concurrent Clear Claimed Marks 0.262ms
[2026-04-03T01:45:02.338+0600][43.216s][info][gc,marking     ] GC(127) Concurrent Cleanup for Next Mark
[2026-04-03T01:45:02.339+0600][43.216s][info][gc,marking     ] GC(127) Concurrent Cleanup for Next Mark 0.400ms
[2026-04-03T01:45:02.339+0600][43.217s][info][gc             ] GC(127) Concurrent Undo Cycle 0.955ms
[2026-04-03T01:45:03.387+0600][44.265s][info][gc,start       ] GC(128) Pause Young (Normal) (G1 Evacuation Pause)
[2026-04-03T01:45:03.387+0600][44.265s][info][gc,task        ] GC(128) Using 10 workers of 10 for evacuation
[2026-04-03T01:45:03.547+0600][44.424s][info][gc,phases      ] GC(128)   Pre Evacuate Collection Set: 0.40ms
[2026-04-03T01:45:03.547+0600][44.424s][info][gc,phases      ] GC(128)   Merge Heap Roots: 1.27ms
[2026-04-03T01:45:03.547+0600][44.424s][info][gc,phases      ] GC(128)   Evacuate Collection Set: 154.29ms
[2026-04-03T01:45:03.547+0600][44.424s][info][gc,phases      ] GC(128)   Post Evacuate Collection Set: 3.25ms
[2026-04-03T01:45:03.547+0600][44.424s][info][gc,phases      ] GC(128)   Other: 0.25ms
[2026-04-03T01:45:03.547+0600][44.424s][info][gc,heap        ] GC(128) Eden regions: 213->0(22)
[2026-04-03T01:45:03.547+0600][44.424s][info][gc,heap        ] GC(128) Survivor regions: 49->31(33)
[2026-04-03T01:45:03.547+0600][44.424s][info][gc,heap        ] GC(128) Old regions: 191->241
[2026-04-03T01:45:03.547+0600][44.424s][info][gc,heap        ] GC(128) Humongous regions: 114->110
[2026-04-03T01:45:03.547+0600][44.424s][info][gc,metaspace   ] GC(128) Metaspace: 70896K(71872K)->70896K(71872K) NonClass: 61835K(62400K)->61835K(62400K) Class: 9060K(9472K)->9060K(9472K)
[2026-04-03T01:45:03.547+0600][44.425s][info][gc             ] GC(128) Pause Young (Normal) (G1 Evacuation Pause) 1128M->757M(2128M) 159.833ms
[2026-04-03T01:45:03.547+0600][44.425s][info][gc,cpu         ] GC(128) User=1.48s Sys=0.01s Real=0.16s
[2026-04-03T01:45:05.959+0600][46.837s][info][gc,start       ] GC(129) Pause Young (Normal) (G1 Evacuation Pause)
[2026-04-03T01:45:05.959+0600][46.837s][info][gc,task        ] GC(129) Using 10 workers of 10 for evacuation
[2026-04-03T01:45:06.138+0600][47.016s][info][gc,phases      ] GC(129)   Pre Evacuate Collection Set: 0.43ms
[2026-04-03T01:45:06.138+0600][47.016s][info][gc,phases      ] GC(129)   Merge Heap Roots: 1.05ms
[2026-04-03T01:45:06.138+0600][47.016s][info][gc,phases      ] GC(129)   Evacuate Collection Set: 175.47ms
[2026-04-03T01:45:06.138+0600][47.016s][info][gc,phases      ] GC(129)   Post Evacuate Collection Set: 1.96ms
[2026-04-03T01:45:06.138+0600][47.016s][info][gc,phases      ] GC(129)   Other: 0.17ms
[2026-04-03T01:45:06.138+0600][47.016s][info][gc,heap        ] GC(129) Eden regions: 290->0(68)
[2026-04-03T01:45:06.138+0600][47.016s][info][gc,heap        ] GC(129) Survivor regions: 31->38(41)
[2026-04-03T01:45:06.138+0600][47.016s][info][gc,heap        ] GC(129) Old regions: 241->271
[2026-04-03T01:45:06.138+0600][47.016s][info][gc,heap        ] GC(129) Humongous regions: 228->146
[2026-04-03T01:45:06.138+0600][47.016s][info][gc,metaspace   ] GC(129) Metaspace: 72606K(73600K)->72606K(73600K) NonClass: 63306K(63872K)->63306K(63872K) Class: 9299K(9728K)->9299K(9728K)
[2026-04-03T01:45:06.139+0600][47.016s][info][gc             ] GC(129) Pause Young (Normal) (G1 Evacuation Pause) 1573M->905M(2128M) 179.445ms
[2026-04-03T01:45:06.139+0600][47.016s][info][gc,cpu         ] GC(129) User=1.59s Sys=0.13s Real=0.18s
[2026-04-03T01:45:06.553+0600][47.431s][info][gc,start       ] GC(130) Pause Full (System.gc())
[2026-04-03T01:45:06.553+0600][47.431s][info][gc,task        ] GC(130) Using 10 workers of 10 for full compaction
[2026-04-03T01:45:06.553+0600][47.431s][info][gc,phases,start] GC(130) Phase 1: Mark live objects
[2026-04-03T01:45:06.641+0600][47.519s][info][gc,phases      ] GC(130) Phase 1: Mark live objects 87.857ms
[2026-04-03T01:45:06.641+0600][47.519s][info][gc,phases,start] GC(130) Phase 2: Prepare compaction
[2026-04-03T01:45:06.653+0600][47.531s][info][gc,phases      ] GC(130) Phase 2: Prepare compaction 11.981ms
[2026-04-03T01:45:06.653+0600][47.531s][info][gc,phases,start] GC(130) Phase 3: Adjust pointers
[2026-04-03T01:45:06.677+0600][47.555s][info][gc,phases      ] GC(130) Phase 3: Adjust pointers 23.966ms
[2026-04-03T01:45:06.678+0600][47.555s][info][gc,phases,start] GC(130) Phase 4: Compact heap
[2026-04-03T01:45:06.690+0600][47.568s][info][gc,phases      ] GC(130) Phase 4: Compact heap 12.562ms
[2026-04-03T01:45:06.690+0600][47.568s][info][gc,phases,start] GC(130) Phase 5: Reset Metadata
[2026-04-03T01:45:06.698+0600][47.576s][info][gc,phases      ] GC(130) Phase 5: Reset Metadata 7.888ms
[2026-04-03T01:45:06.718+0600][47.596s][info][gc,heap        ] GC(130) Eden regions: 205->0(137)
[2026-04-03T01:45:06.718+0600][47.596s][info][gc,heap        ] GC(130) Survivor regions: 38->0(41)
[2026-04-03T01:45:06.718+0600][47.596s][info][gc,heap        ] GC(130) Old regions: 271->78
[2026-04-03T01:45:06.718+0600][47.596s][info][gc,heap        ] GC(130) Humongous regions: 148->3
[2026-04-03T01:45:06.718+0600][47.596s][info][gc,metaspace   ] GC(130) Metaspace: 72729K(73664K)->72679K(73664K) NonClass: 63411K(63936K)->63374K(63936K) Class: 9318K(9728K)->9304K(9728K)
[2026-04-03T01:45:06.719+0600][47.596s][info][gc             ] GC(130) Pause Full (System.gc()) 1319M->149M(540M) 165.664ms
[2026-04-03T01:45:06.719+0600][47.596s][info][gc,cpu         ] GC(130) User=1.08s Sys=0.11s Real=0.16s
[2026-04-03T01:45:06.825+0600][47.702s][info][gc,start       ] GC(131) Pause Young (Concurrent Start) (G1 Humongous Allocation)
[2026-04-03T01:45:06.825+0600][47.703s][info][gc,task        ] GC(131) Using 10 workers of 10 for evacuation
[2026-04-03T01:45:06.833+0600][47.711s][info][gc,phases      ] GC(131)   Pre Evacuate Collection Set: 0.47ms
[2026-04-03T01:45:06.833+0600][47.711s][info][gc,phases      ] GC(131)   Merge Heap Roots: 0.13ms
[2026-04-03T01:45:06.833+0600][47.711s][info][gc,phases      ] GC(131)   Evacuate Collection Set: 6.72ms
[2026-04-03T01:45:06.833+0600][47.711s][info][gc,phases      ] GC(131)   Post Evacuate Collection Set: 0.71ms
[2026-04-03T01:45:06.833+0600][47.711s][info][gc,phases      ] GC(131)   Other: 0.18ms
[2026-04-03T01:45:06.833+0600][47.711s][info][gc,heap        ] GC(131) Eden regions: 12->0(143)
[2026-04-03T01:45:06.833+0600][47.711s][info][gc,heap        ] GC(131) Survivor regions: 0->4(18)
[2026-04-03T01:45:06.833+0600][47.711s][info][gc,heap        ] GC(131) Old regions: 78->78
[2026-04-03T01:45:06.833+0600][47.711s][info][gc,heap        ] GC(131) Humongous regions: 3->3
[2026-04-03T01:45:06.833+0600][47.711s][info][gc,metaspace   ] GC(131) Metaspace: 72798K(73728K)->72798K(73728K) NonClass: 63473K(64000K)->63473K(64000K) Class: 9324K(9728K)->9324K(9728K)
[2026-04-03T01:45:06.833+0600][47.711s][info][gc             ] GC(131) Pause Young (Concurrent Start) (G1 Humongous Allocation) 172M->157M(540M) 8.702ms
[2026-04-03T01:45:06.833+0600][47.711s][info][gc             ] GC(132) Concurrent Mark Cycle
[2026-04-03T01:45:06.833+0600][47.711s][info][gc,cpu         ] GC(131) User=0.03s Sys=0.01s Real=0.01s
[2026-04-03T01:45:06.833+0600][47.711s][info][gc,marking     ] GC(132) Concurrent Scan Root Regions
[2026-04-03T01:45:06.835+0600][47.712s][info][gc,marking     ] GC(132) Concurrent Scan Root Regions 1.031ms
[2026-04-03T01:45:06.835+0600][47.712s][info][gc,marking     ] GC(132) Concurrent Mark
[2026-04-03T01:45:06.835+0600][47.712s][info][gc,marking     ] GC(132) Concurrent Mark From Roots
[2026-04-03T01:45:06.835+0600][47.712s][info][gc,task        ] GC(132) Using 2 workers of 2 for marking
[2026-04-03T01:45:07.135+0600][48.013s][info][gc,marking     ] GC(132) Concurrent Mark From Roots 300.677ms
[2026-04-03T01:45:07.135+0600][48.013s][info][gc,marking     ] GC(132) Concurrent Preclean
[2026-04-03T01:45:07.136+0600][48.013s][info][gc,marking     ] GC(132) Concurrent Preclean 0.343ms
[2026-04-03T01:45:07.136+0600][48.014s][info][gc,start       ] GC(132) Pause Remark
[2026-04-03T01:45:07.145+0600][48.023s][info][gc             ] GC(132) Pause Remark 300M->300M(540M) 9.051ms
[2026-04-03T01:45:07.145+0600][48.023s][info][gc,cpu         ] GC(132) User=0.04s Sys=0.00s Real=0.01s
[2026-04-03T01:45:07.146+0600][48.023s][info][gc,marking     ] GC(132) Concurrent Mark 311.101ms
[2026-04-03T01:45:07.146+0600][48.024s][info][gc,marking     ] GC(132) Concurrent Rebuild Remembered Sets and Scrub Regions
[2026-04-03T01:45:07.263+0600][48.141s][info][gc,marking     ] GC(132) Concurrent Rebuild Remembered Sets and Scrub Regions 117.401ms
[2026-04-03T01:45:07.264+0600][48.142s][info][gc,start       ] GC(132) Pause Cleanup
[2026-04-03T01:45:07.264+0600][48.142s][info][gc             ] GC(132) Pause Cleanup 379M->379M(540M) 0.585ms
[2026-04-03T01:45:07.265+0600][48.142s][info][gc,cpu         ] GC(132) User=0.00s Sys=0.00s Real=0.00s
[2026-04-03T01:45:07.265+0600][48.143s][info][gc,marking     ] GC(132) Concurrent Clear Claimed Marks
[2026-04-03T01:45:07.265+0600][48.143s][info][gc,marking     ] GC(132) Concurrent Clear Claimed Marks 0.420ms
[2026-04-03T01:45:07.266+0600][48.143s][info][gc,marking     ] GC(132) Concurrent Cleanup for Next Mark
[2026-04-03T01:45:07.267+0600][48.145s][info][gc,marking     ] GC(132) Concurrent Cleanup for Next Mark 1.806ms
[2026-04-03T01:45:07.268+0600][48.145s][info][gc             ] GC(132) Concurrent Mark Cycle 434.143ms
[2026-04-03T01:45:07.394+0600][48.272s][info][gc,start       ] GC(133) Pause Young (Prepare Mixed) (G1 Evacuation Pause)
[2026-04-03T01:45:07.395+0600][48.272s][info][gc,task        ] GC(133) Using 10 workers of 10 for evacuation
[2026-04-03T01:45:07.473+0600][48.351s][info][gc,phases      ] GC(133)   Pre Evacuate Collection Set: 0.41ms
[2026-04-03T01:45:07.473+0600][48.351s][info][gc,phases      ] GC(133)   Merge Heap Roots: 1.14ms
[2026-04-03T01:45:07.473+0600][48.351s][info][gc,phases      ] GC(133)   Evacuate Collection Set: 75.88ms
[2026-04-03T01:45:07.473+0600][48.351s][info][gc,phases      ] GC(133)   Post Evacuate Collection Set: 1.00ms
[2026-04-03T01:45:07.473+0600][48.351s][info][gc,phases      ] GC(133)   Other: 0.15ms
[2026-04-03T01:45:07.473+0600][48.351s][info][gc,heap        ] GC(133) Eden regions: 143->0(101)
[2026-04-03T01:45:07.473+0600][48.351s][info][gc,heap        ] GC(133) Survivor regions: 4->19(19)
[2026-04-03T01:45:07.473+0600][48.351s][info][gc,heap        ] GC(133) Old regions: 78->101
[2026-04-03T01:45:07.473+0600][48.351s][info][gc,heap        ] GC(133) Humongous regions: 24->21
[2026-04-03T01:45:07.473+0600][48.351s][info][gc,metaspace   ] GC(133) Metaspace: 72817K(73728K)->72817K(73728K) NonClass: 63490K(64000K)->63490K(64000K) Class: 9326K(9728K)->9326K(9728K)
[2026-04-03T01:45:07.473+0600][48.351s][info][gc             ] GC(133) Pause Young (Prepare Mixed) (G1 Evacuation Pause) 485M->269M(582M) 78.998ms
[2026-04-03T01:45:07.474+0600][48.351s][info][gc,cpu         ] GC(133) User=0.58s Sys=0.06s Real=0.08s
[2026-04-03T01:45:07.744+0600][48.622s][info][gc,start       ] GC(134) Pause Young (Mixed) (G1 Evacuation Pause)
[2026-04-03T01:45:07.745+0600][48.622s][info][gc,task        ] GC(134) Using 10 workers of 10 for evacuation
[2026-04-03T01:45:07.810+0600][48.688s][info][gc,phases      ] GC(134)   Pre Evacuate Collection Set: 0.47ms
[2026-04-03T01:45:07.810+0600][48.688s][info][gc,phases      ] GC(134)   Merge Heap Roots: 0.90ms
[2026-04-03T01:45:07.810+0600][48.688s][info][gc,phases      ] GC(134)   Evacuate Collection Set: 63.25ms
[2026-04-03T01:45:07.810+0600][48.688s][info][gc,phases      ] GC(134)   Post Evacuate Collection Set: 0.87ms
[2026-04-03T01:45:07.810+0600][48.688s][info][gc,phases      ] GC(134)   Other: 0.18ms
[2026-04-03T01:45:07.810+0600][48.688s][info][gc,heap        ] GC(134) Eden regions: 101->0(91)
[2026-04-03T01:45:07.810+0600][48.688s][info][gc,heap        ] GC(134) Survivor regions: 19->12(15)
[2026-04-03T01:45:07.810+0600][48.688s][info][gc,heap        ] GC(134) Old regions: 101->120
[2026-04-03T01:45:07.810+0600][48.688s][info][gc,heap        ] GC(134) Humongous regions: 30->30
[2026-04-03T01:45:07.810+0600][48.688s][info][gc,metaspace   ] GC(134) Metaspace: 72817K(73728K)->72817K(73728K) NonClass: 63490K(64000K)->63490K(64000K) Class: 9326K(9728K)->9326K(9728K)
[2026-04-03T01:45:07.811+0600][48.688s][info][gc             ] GC(134) Pause Young (Mixed) (G1 Evacuation Pause) 489M->315M(582M) 66.117ms
[2026-04-03T01:45:07.811+0600][48.688s][info][gc,cpu         ] GC(134) User=0.59s Sys=0.01s Real=0.07s
[2026-04-03T01:45:07.949+0600][48.827s][info][gc,start       ] GC(135) Pause Young (Concurrent Start) (G1 Humongous Allocation)
[2026-04-03T01:45:07.949+0600][48.827s][info][gc,task        ] GC(135) Using 10 workers of 10 for evacuation
[2026-04-03T01:45:07.987+0600][48.865s][info][gc,phases      ] GC(135)   Pre Evacuate Collection Set: 0.53ms
[2026-04-03T01:45:07.987+0600][48.865s][info][gc,phases      ] GC(135)   Merge Heap Roots: 0.27ms
[2026-04-03T01:45:07.987+0600][48.865s][info][gc,phases      ] GC(135)   Evacuate Collection Set: 33.52ms
[2026-04-03T01:45:07.987+0600][48.865s][info][gc,phases      ] GC(135)   Post Evacuate Collection Set: 3.50ms
[2026-04-03T01:45:07.987+0600][48.865s][info][gc,phases      ] GC(135)   Other: 0.34ms
[2026-04-03T01:45:07.987+0600][48.865s][info][gc,heap        ] GC(135) Eden regions: 56->0(465)
[2026-04-03T01:45:07.987+0600][48.865s][info][gc,heap        ] GC(135) Survivor regions: 12->7(13)
[2026-04-03T01:45:07.987+0600][48.865s][info][gc,heap        ] GC(135) Old regions: 120->132
[2026-04-03T01:45:07.987+0600][48.865s][info][gc,heap        ] GC(135) Humongous regions: 30->30
[2026-04-03T01:45:07.987+0600][48.865s][info][gc,metaspace   ] GC(135) Metaspace: 72817K(73728K)->72817K(73728K) NonClass: 63491K(64000K)->63491K(64000K) Class: 9326K(9728K)->9326K(9728K)
[2026-04-03T01:45:07.987+0600][48.865s][info][gc             ] GC(135) Pause Young (Concurrent Start) (G1 Humongous Allocation) 427M->327M(1576M) 38.567ms
[2026-04-03T01:45:07.988+0600][48.865s][info][gc             ] GC(136) Concurrent Undo Cycle
[2026-04-03T01:45:07.988+0600][48.865s][info][gc,cpu         ] GC(135) User=0.32s Sys=0.01s Real=0.04s
[2026-04-03T01:45:07.988+0600][48.865s][info][gc,marking     ] GC(136) Concurrent Clear Claimed Marks
[2026-04-03T01:45:07.988+0600][48.866s][info][gc,marking     ] GC(136) Concurrent Clear Claimed Marks 0.233ms
[2026-04-03T01:45:07.988+0600][48.866s][info][gc,marking     ] GC(136) Concurrent Cleanup for Next Mark
[2026-04-03T01:45:07.988+0600][48.866s][info][gc,marking     ] GC(136) Concurrent Cleanup for Next Mark 0.332ms
[2026-04-03T01:45:07.988+0600][48.866s][info][gc             ] GC(136) Concurrent Undo Cycle 0.794ms
[2026-04-03T01:45:08.001+0600][48.879s][info][gc,start       ] GC(137) Pause Young (Concurrent Start) (G1 Humongous Allocation)
[2026-04-03T01:45:08.002+0600][48.879s][info][gc,task        ] GC(137) Using 10 workers of 10 for evacuation
[2026-04-03T01:45:08.019+0600][48.896s][info][gc,phases      ] GC(137)   Pre Evacuate Collection Set: 0.45ms
[2026-04-03T01:45:08.019+0600][48.896s][info][gc,phases      ] GC(137)   Merge Heap Roots: 0.46ms
[2026-04-03T01:45:08.019+0600][48.896s][info][gc,phases      ] GC(137)   Evacuate Collection Set: 15.01ms
[2026-04-03T01:45:08.019+0600][48.896s][info][gc,phases      ] GC(137)   Post Evacuate Collection Set: 0.94ms
[2026-04-03T01:45:08.019+0600][48.896s][info][gc,phases      ] GC(137)   Other: 0.21ms
[2026-04-03T01:45:08.019+0600][48.896s][info][gc,heap        ] GC(137) Eden regions: 3->0(466)
[2026-04-03T01:45:08.019+0600][48.897s][info][gc,heap        ] GC(137) Survivor regions: 7->6(59)
[2026-04-03T01:45:08.019+0600][48.897s][info][gc,heap        ] GC(137) Old regions: 132->132
[2026-04-03T01:45:08.019+0600][48.897s][info][gc,heap        ] GC(137) Humongous regions: 33->33
[2026-04-03T01:45:08.019+0600][48.897s][info][gc,metaspace   ] GC(137) Metaspace: 72817K(73728K)->72817K(73728K) NonClass: 63491K(64000K)->63491K(64000K) Class: 9326K(9728K)->9326K(9728K)
[2026-04-03T01:45:08.019+0600][48.897s][info][gc             ] GC(137) Pause Young (Concurrent Start) (G1 Humongous Allocation) 338M->332M(1576M) 17.493ms
[2026-04-03T01:45:08.019+0600][48.897s][info][gc,cpu         ] GC(137) User=0.12s Sys=0.02s Real=0.01s
[2026-04-03T01:45:08.019+0600][48.897s][info][gc             ] GC(138) Concurrent Mark Cycle
[2026-04-03T01:45:08.019+0600][48.897s][info][gc,marking     ] GC(138) Concurrent Scan Root Regions
[2026-04-03T01:45:08.029+0600][48.906s][info][gc,marking     ] GC(138) Concurrent Scan Root Regions 9.492ms
[2026-04-03T01:45:08.029+0600][48.906s][info][gc,marking     ] GC(138) Concurrent Mark
[2026-04-03T01:45:08.029+0600][48.906s][info][gc,marking     ] GC(138) Concurrent Mark From Roots
[2026-04-03T01:45:08.029+0600][48.906s][info][gc,task        ] GC(138) Using 2 workers of 2 for marking
[2026-04-03T01:45:08.583+0600][49.461s][info][gc,marking     ] GC(138) Concurrent Mark From Roots 554.248ms
[2026-04-03T01:45:08.583+0600][49.461s][info][gc,marking     ] GC(138) Concurrent Preclean
[2026-04-03T01:45:08.583+0600][49.461s][info][gc,marking     ] GC(138) Concurrent Preclean 0.290ms
[2026-04-03T01:45:08.584+0600][49.461s][info][gc,start       ] GC(138) Pause Remark
[2026-04-03T01:45:08.603+0600][49.481s][info][gc             ] GC(138) Pause Remark 569M->545M(1100M) 19.474ms
[2026-04-03T01:45:08.603+0600][49.481s][info][gc,cpu         ] GC(138) User=0.13s Sys=0.01s Real=0.02s
[2026-04-03T01:45:08.604+0600][49.481s][info][gc,marking     ] GC(138) Concurrent Mark 574.801ms
[2026-04-03T01:45:08.604+0600][49.481s][info][gc,marking     ] GC(138) Concurrent Rebuild Remembered Sets and Scrub Regions
[2026-04-03T01:45:09.059+0600][49.937s][info][gc,marking     ] GC(138) Concurrent Rebuild Remembered Sets and Scrub Regions 455.563ms
[2026-04-03T01:45:09.060+0600][49.937s][info][gc,start       ] GC(138) Pause Cleanup
[2026-04-03T01:45:09.060+0600][49.938s][info][gc             ] GC(138) Pause Cleanup 748M->748M(1100M) 0.462ms
[2026-04-03T01:45:09.060+0600][49.938s][info][gc,cpu         ] GC(138) User=0.00s Sys=0.00s Real=0.01s
[2026-04-03T01:45:09.060+0600][49.938s][info][gc,marking     ] GC(138) Concurrent Clear Claimed Marks
[2026-04-03T01:45:09.061+0600][49.938s][info][gc,marking     ] GC(138) Concurrent Clear Claimed Marks 0.304ms
[2026-04-03T01:45:09.061+0600][49.938s][info][gc,marking     ] GC(138) Concurrent Cleanup for Next Mark
[2026-04-03T01:45:09.067+0600][49.945s][info][gc,marking     ] GC(138) Concurrent Cleanup for Next Mark 6.479ms
[2026-04-03T01:45:09.067+0600][49.945s][info][gc             ] GC(138) Concurrent Mark Cycle 1048.244ms
[2026-04-03T01:45:09.380+0600][50.258s][info][gc,start       ] GC(139) Pause Young (Prepare Mixed) (G1 Evacuation Pause)
[2026-04-03T01:45:09.380+0600][50.258s][info][gc,task        ] GC(139) Using 10 workers of 10 for evacuation
[2026-04-03T01:45:09.452+0600][50.329s][info][gc,phases      ] GC(139)   Pre Evacuate Collection Set: 0.56ms
[2026-04-03T01:45:09.452+0600][50.329s][info][gc,phases      ] GC(139)   Merge Heap Roots: 3.06ms
[2026-04-03T01:45:09.452+0600][50.329s][info][gc,phases      ] GC(139)   Evacuate Collection Set: 66.47ms
[2026-04-03T01:45:09.452+0600][50.330s][info][gc,phases      ] GC(139)   Post Evacuate Collection Set: 1.37ms
[2026-04-03T01:45:09.452+0600][50.330s][info][gc,phases      ] GC(139)   Other: 0.15ms
[2026-04-03T01:45:09.452+0600][50.330s][info][gc,heap        ] GC(139) Eden regions: 324->0(287)
[2026-04-03T01:45:09.452+0600][50.330s][info][gc,heap        ] GC(139) Survivor regions: 6->26(42)
[2026-04-03T01:45:09.452+0600][50.330s][info][gc,heap        ] GC(139) Old regions: 132->132
[2026-04-03T01:45:09.452+0600][50.330s][info][gc,heap        ] GC(139) Humongous regions: 27->27
[2026-04-03T01:45:09.452+0600][50.330s][info][gc,metaspace   ] GC(139) Metaspace: 72816K(73728K)->72816K(73728K) NonClass: 63490K(64000K)->63490K(64000K) Class: 9325K(9728K)->9325K(9728K)
[2026-04-03T01:45:09.452+0600][50.330s][info][gc             ] GC(139) Pause Young (Prepare Mixed) (G1 Evacuation Pause) 968M->360M(1100M) 72.165ms
[2026-04-03T01:45:09.452+0600][50.330s][info][gc,cpu         ] GC(139) User=0.69s Sys=0.00s Real=0.07s
[2026-04-03T01:45:11.078+0600][51.956s][info][gc,start       ] GC(140) Pause Young (Mixed) (G1 Evacuation Pause)
[2026-04-03T01:45:11.078+0600][51.956s][info][gc,task        ] GC(140) Using 10 workers of 10 for evacuation
[2026-04-03T01:45:11.237+0600][52.114s][info][gc,phases      ] GC(140)   Pre Evacuate Collection Set: 0.60ms
[2026-04-03T01:45:11.237+0600][52.114s][info][gc,phases      ] GC(140)   Merge Heap Roots: 4.34ms
[2026-04-03T01:45:11.237+0600][52.114s][info][gc,phases      ] GC(140)   Evacuate Collection Set: 151.88ms
[2026-04-03T01:45:11.237+0600][52.114s][info][gc,phases      ] GC(140)   Post Evacuate Collection Set: 1.39ms
[2026-04-03T01:45:11.237+0600][52.114s][info][gc,phases      ] GC(140)   Other: 0.16ms
[2026-04-03T01:45:11.237+0600][52.115s][info][gc,heap        ] GC(140) Eden regions: 189->0(267)
[2026-04-03T01:45:11.237+0600][52.115s][info][gc,heap        ] GC(140) Survivor regions: 26->14(27)
[2026-04-03T01:45:11.237+0600][52.115s][info][gc,heap        ] GC(140) Old regions: 132->154
[2026-04-03T01:45:11.237+0600][52.115s][info][gc,heap        ] GC(140) Humongous regions: 48->48
[2026-04-03T01:45:11.237+0600][52.115s][info][gc,metaspace   ] GC(140) Metaspace: 72818K(73728K)->72818K(73728K) NonClass: 63492K(64000K)->63492K(64000K) Class: 9325K(9728K)->9325K(9728K)
[2026-04-03T01:45:11.237+0600][52.115s][info][gc             ] GC(140) Pause Young (Mixed) (G1 Evacuation Pause) 780M->420M(1100M) 158.785ms
[2026-04-03T01:45:11.237+0600][52.115s][info][gc,cpu         ] GC(140) User=1.38s Sys=0.00s Real=0.16s
[2026-04-03T01:45:11.495+0600][52.373s][info][gc,start       ] GC(141) Pause Young (Concurrent Start) (G1 Humongous Allocation)
[2026-04-03T01:45:11.495+0600][52.373s][info][gc,task        ] GC(141) Using 10 workers of 10 for evacuation
[2026-04-03T01:45:11.548+0600][52.426s][info][gc,phases      ] GC(141)   Pre Evacuate Collection Set: 0.50ms
[2026-04-03T01:45:11.548+0600][52.426s][info][gc,phases      ] GC(141)   Merge Heap Roots: 0.83ms
[2026-04-03T01:45:11.548+0600][52.426s][info][gc,phases      ] GC(141)   Evacuate Collection Set: 50.34ms
[2026-04-03T01:45:11.548+0600][52.426s][info][gc,phases      ] GC(141)   Post Evacuate Collection Set: 1.05ms
[2026-04-03T01:45:11.548+0600][52.426s][info][gc,phases      ] GC(141)   Other: 0.21ms
[2026-04-03T01:45:11.548+0600][52.426s][info][gc,heap        ] GC(141) Eden regions: 18->0(273)
[2026-04-03T01:45:11.548+0600][52.426s][info][gc,heap        ] GC(141) Survivor regions: 14->14(36)
[2026-04-03T01:45:11.549+0600][52.426s][info][gc,heap        ] GC(141) Old regions: 154->154
[2026-04-03T01:45:11.549+0600][52.426s][info][gc,heap        ] GC(141) Humongous regions: 48->48
[2026-04-03T01:45:11.549+0600][52.426s][info][gc,metaspace   ] GC(141) Metaspace: 72822K(73728K)->72822K(73728K) NonClass: 63496K(64000K)->63496K(64000K) Class: 9325K(9728K)->9325K(9728K)
[2026-04-03T01:45:11.549+0600][52.426s][info][gc             ] GC(141) Pause Young (Concurrent Start) (G1 Humongous Allocation) 456M->420M(1100M) 53.338ms
[2026-04-03T01:45:11.549+0600][52.426s][info][gc,cpu         ] GC(141) User=0.45s Sys=0.01s Real=0.05s
[2026-04-03T01:45:11.549+0600][52.426s][info][gc             ] GC(142) Concurrent Mark Cycle
[2026-04-03T01:45:11.549+0600][52.427s][info][gc,marking     ] GC(142) Concurrent Scan Root Regions
[2026-04-03T01:45:11.567+0600][52.445s][info][gc,marking     ] GC(142) Concurrent Scan Root Regions 18.277ms
[2026-04-03T01:45:11.567+0600][52.445s][info][gc,marking     ] GC(142) Concurrent Mark
[2026-04-03T01:45:11.567+0600][52.445s][info][gc,marking     ] GC(142) Concurrent Mark From Roots
[2026-04-03T01:45:11.567+0600][52.445s][info][gc,task        ] GC(142) Using 2 workers of 2 for marking
[2026-04-03T01:45:11.962+0600][52.840s][info][gc,marking     ] GC(142) Concurrent Mark From Roots 395.145ms
[2026-04-03T01:45:11.962+0600][52.840s][info][gc,marking     ] GC(142) Concurrent Preclean
[2026-04-03T01:45:11.963+0600][52.840s][info][gc,marking     ] GC(142) Concurrent Preclean 0.321ms
[2026-04-03T01:45:11.963+0600][52.841s][info][gc,start       ] GC(142) Pause Remark
[2026-04-03T01:45:11.969+0600][52.846s][info][gc             ] GC(142) Pause Remark 532M->414M(1100M) 5.403ms
[2026-04-03T01:45:11.969+0600][52.846s][info][gc,cpu         ] GC(142) User=0.03s Sys=0.00s Real=0.00s
[2026-04-03T01:45:11.969+0600][52.847s][info][gc,marking     ] GC(142) Concurrent Mark 401.783ms
[2026-04-03T01:45:11.969+0600][52.847s][info][gc,marking     ] GC(142) Concurrent Rebuild Remembered Sets and Scrub Regions
[2026-04-03T01:45:12.345+0600][53.223s][info][gc,marking     ] GC(142) Concurrent Rebuild Remembered Sets and Scrub Regions 376.059ms
[2026-04-03T01:45:12.346+0600][53.223s][info][gc,start       ] GC(142) Pause Cleanup
[2026-04-03T01:45:12.346+0600][53.224s][info][gc             ] GC(142) Pause Cleanup 545M->545M(1100M) 0.634ms
[2026-04-03T01:45:12.346+0600][53.224s][info][gc,cpu         ] GC(142) User=0.01s Sys=0.00s Real=0.00s
[2026-04-03T01:45:12.347+0600][53.224s][info][gc,marking     ] GC(142) Concurrent Clear Claimed Marks
[2026-04-03T01:45:12.347+0600][53.225s][info][gc,marking     ] GC(142) Concurrent Clear Claimed Marks 0.319ms
[2026-04-03T01:45:12.347+0600][53.225s][info][gc,marking     ] GC(142) Concurrent Cleanup for Next Mark
[2026-04-03T01:45:12.348+0600][53.226s][info][gc,marking     ] GC(142) Concurrent Cleanup for Next Mark 1.658ms
[2026-04-03T01:45:12.349+0600][53.226s][info][gc             ] GC(142) Concurrent Mark Cycle 799.822ms
[2026-04-03T01:45:12.779+0600][53.657s][info][gc,start       ] GC(143) Pause Young (Prepare Mixed) (G1 Evacuation Pause)
[2026-04-03T01:45:12.779+0600][53.657s][info][gc,task        ] GC(143) Using 10 workers of 10 for evacuation
[2026-04-03T01:45:12.930+0600][53.807s][info][gc,phases      ] GC(143)   Pre Evacuate Collection Set: 0.53ms
[2026-04-03T01:45:12.930+0600][53.807s][info][gc,phases      ] GC(143)   Merge Heap Roots: 3.36ms
[2026-04-03T01:45:12.930+0600][53.807s][info][gc,phases      ] GC(143)   Evacuate Collection Set: 144.25ms
[2026-04-03T01:45:12.930+0600][53.807s][info][gc,phases      ] GC(143)   Post Evacuate Collection Set: 1.63ms
[2026-04-03T01:45:12.930+0600][53.807s][info][gc,phases      ] GC(143)   Other: 0.27ms
[2026-04-03T01:45:12.930+0600][53.807s][info][gc,heap        ] GC(143) Eden regions: 273->0(61)
[2026-04-03T01:45:12.930+0600][53.807s][info][gc,heap        ] GC(143) Survivor regions: 14->36(36)
[2026-04-03T01:45:12.930+0600][53.807s][info][gc,heap        ] GC(143) Old regions: 130->164
[2026-04-03T01:45:12.930+0600][53.807s][info][gc,heap        ] GC(143) Humongous regions: 60->54
[2026-04-03T01:45:12.930+0600][53.807s][info][gc,metaspace   ] GC(143) Metaspace: 72854K(73792K)->72854K(73792K) NonClass: 63528K(64064K)->63528K(64064K) Class: 9326K(9728K)->9326K(9728K)
[2026-04-03T01:45:12.930+0600][53.807s][info][gc             ] GC(143) Pause Young (Prepare Mixed) (G1 Evacuation Pause) 942M->499M(1100M) 150.483ms
[2026-04-03T01:45:12.930+0600][53.808s][info][gc,cpu         ] GC(143) User=1.46s Sys=0.01s Real=0.16s
[2026-04-03T01:45:13.430+0600][54.308s][info][gc,start       ] GC(144) Pause Young (Mixed) (G1 Evacuation Pause)
[2026-04-03T01:45:13.431+0600][54.308s][info][gc,task        ] GC(144) Using 10 workers of 10 for evacuation
[2026-04-03T01:45:13.567+0600][54.445s][info][gc,phases      ] GC(144)   Pre Evacuate Collection Set: 0.43ms
[2026-04-03T01:45:13.567+0600][54.445s][info][gc,phases      ] GC(144)   Merge Heap Roots: 2.11ms
[2026-04-03T01:45:13.567+0600][54.445s][info][gc,phases      ] GC(144)   Evacuate Collection Set: 130.93ms
[2026-04-03T01:45:13.567+0600][54.445s][info][gc,phases      ] GC(144)   Post Evacuate Collection Set: 2.69ms
[2026-04-03T01:45:13.567+0600][54.445s][info][gc,phases      ] GC(144)   Other: 0.17ms
[2026-04-03T01:45:13.567+0600][54.445s][info][gc,heap        ] GC(144) Eden regions: 174->0(151)
[2026-04-03T01:45:13.567+0600][54.445s][info][gc,heap        ] GC(144) Survivor regions: 36->19(27)
[2026-04-03T01:45:13.567+0600][54.445s][info][gc,heap        ] GC(144) Old regions: 164->201
[2026-04-03T01:45:13.567+0600][54.445s][info][gc,heap        ] GC(144) Humongous regions: 67->67
[2026-04-03T01:45:13.567+0600][54.445s][info][gc,metaspace   ] GC(144) Metaspace: 72854K(73792K)->72854K(73792K) NonClass: 63528K(64064K)->63528K(64064K) Class: 9326K(9728K)->9326K(9728K)
[2026-04-03T01:45:13.567+0600][54.445s][info][gc             ] GC(144) Pause Young (Mixed) (G1 Evacuation Pause) 873M->563M(1766M) 136.705ms
[2026-04-03T01:45:13.567+0600][54.445s][info][gc,cpu         ] GC(144) User=1.17s Sys=0.00s Real=0.13s
[2026-04-03T01:45:14.708+0600][55.586s][info][gc,start       ] GC(145) Pause Young (Mixed) (G1 Evacuation Pause)
[2026-04-03T01:45:14.708+0600][55.586s][info][gc,task        ] GC(145) Using 10 workers of 10 for evacuation
[2026-04-03T01:45:14.845+0600][55.723s][info][gc,phases      ] GC(145)   Pre Evacuate Collection Set: 0.54ms
[2026-04-03T01:45:14.845+0600][55.723s][info][gc,phases      ] GC(145)   Merge Heap Roots: 2.97ms
[2026-04-03T01:45:14.845+0600][55.723s][info][gc,phases      ] GC(145)   Evacuate Collection Set: 131.97ms
[2026-04-03T01:45:14.845+0600][55.723s][info][gc,phases      ] GC(145)   Post Evacuate Collection Set: 1.72ms
[2026-04-03T01:45:14.845+0600][55.723s][info][gc,phases      ] GC(145)   Other: 0.15ms
[2026-04-03T01:45:14.845+0600][55.723s][info][gc,heap        ] GC(145) Eden regions: 328->0(85)
[2026-04-03T01:45:14.845+0600][55.723s][info][gc,heap        ] GC(145) Survivor regions: 19->36(44)
[2026-04-03T01:45:14.845+0600][55.723s][info][gc,heap        ] GC(145) Old regions: 201->201
[2026-04-03T01:45:14.845+0600][55.723s][info][gc,heap        ] GC(145) Humongous regions: 82->82
[2026-04-03T01:45:14.845+0600][55.723s][info][gc,metaspace   ] GC(145) Metaspace: 72855K(73792K)->72855K(73792K) NonClass: 63529K(64064K)->63529K(64064K) Class: 9326K(9728K)->9326K(9728K)
[2026-04-03T01:45:14.846+0600][55.723s][info][gc             ] GC(145) Pause Young (Mixed) (G1 Evacuation Pause) 1249M->628M(1766M) 137.697ms
[2026-04-03T01:45:14.846+0600][55.723s][info][gc,cpu         ] GC(145) User=1.21s Sys=0.08s Real=0.14s
[2026-04-03T01:45:16.023+0600][56.901s][info][gc,start       ] GC(146) Pause Young (Mixed) (G1 Evacuation Pause)
[2026-04-03T01:45:16.023+0600][56.901s][info][gc,task        ] GC(146) Using 10 workers of 10 for evacuation
[2026-04-03T01:45:16.135+0600][57.013s][info][gc,phases      ] GC(146)   Pre Evacuate Collection Set: 0.50ms
[2026-04-03T01:45:16.136+0600][57.013s][info][gc,phases      ] GC(146)   Merge Heap Roots: 1.59ms
[2026-04-03T01:45:16.136+0600][57.013s][info][gc,phases      ] GC(146)   Evacuate Collection Set: 109.03ms
[2026-04-03T01:45:16.136+0600][57.013s][info][gc,phases      ] GC(146)   Post Evacuate Collection Set: 1.11ms
[2026-04-03T01:45:16.136+0600][57.013s][info][gc,phases      ] GC(146)   Other: 0.12ms
[2026-04-03T01:45:16.136+0600][57.013s][info][gc,heap        ] GC(146) Eden regions: 96->0(430)
[2026-04-03T01:45:16.136+0600][57.013s][info][gc,heap        ] GC(146) Survivor regions: 36->12(17)
[2026-04-03T01:45:16.136+0600][57.013s][info][gc,heap        ] GC(146) Old regions: 201->228
[2026-04-03T01:45:16.136+0600][57.013s][info][gc,heap        ] GC(146) Humongous regions: 103->97
[2026-04-03T01:45:16.136+0600][57.013s][info][gc,metaspace   ] GC(146) Metaspace: 72874K(73792K)->72874K(73792K) NonClass: 63547K(64064K)->63547K(64064K) Class: 9326K(9728K)->9326K(9728K)
[2026-04-03T01:45:16.136+0600][57.014s][info][gc             ] GC(146) Pause Young (Mixed) (G1 Evacuation Pause) 862M->663M(1766M) 112.785ms
[2026-04-03T01:45:16.136+0600][57.014s][info][gc,cpu         ] GC(146) User=1.11s Sys=0.00s Real=0.11s
[2026-04-03T01:45:17.671+0600][58.548s][info][gc,start       ] GC(147) Pause Young (Normal) (G1 Evacuation Pause)
[2026-04-03T01:45:17.671+0600][58.549s][info][gc,task        ] GC(147) Using 10 workers of 10 for evacuation
[2026-04-03T01:45:17.819+0600][58.697s][info][gc,phases      ] GC(147)   Pre Evacuate Collection Set: 0.35ms
[2026-04-03T01:45:17.819+0600][58.697s][info][gc,phases      ] GC(147)   Merge Heap Roots: 2.73ms
[2026-04-03T01:45:17.819+0600][58.697s][info][gc,phases      ] GC(147)   Evacuate Collection Set: 143.84ms
[2026-04-03T01:45:17.819+0600][58.697s][info][gc,phases      ] GC(147)   Post Evacuate Collection Set: 1.30ms
[2026-04-03T01:45:17.819+0600][58.697s][info][gc,phases      ] GC(147)   Other: 0.12ms
[2026-04-03T01:45:17.819+0600][58.697s][info][gc,heap        ] GC(147) Eden regions: 315->0(206)
[2026-04-03T01:45:17.819+0600][58.697s][info][gc,heap        ] GC(147) Survivor regions: 12->41(41)
[2026-04-03T01:45:17.819+0600][58.697s][info][gc,heap        ] GC(147) Old regions: 228->243
[2026-04-03T01:45:17.819+0600][58.697s][info][gc,heap        ] GC(147) Humongous regions: 155->142
[2026-04-03T01:45:17.819+0600][58.697s][info][gc,metaspace   ] GC(147) Metaspace: 72981K(73920K)->72981K(73920K) NonClass: 63654K(64192K)->63654K(64192K) Class: 9327K(9728K)->9327K(9728K)
[2026-04-03T01:45:17.819+0600][58.697s][info][gc             ] GC(147) Pause Young (Normal) (G1 Evacuation Pause) 1409M->842M(1766M) 148.675ms
[2026-04-03T01:45:17.820+0600][58.697s][info][gc,cpu         ] GC(147) User=1.46s Sys=0.01s Real=0.14s
[2026-04-03T01:45:18.850+0600][59.728s][info][gc,start       ] GC(148) Pause Young (Concurrent Start) (G1 Humongous Allocation)
[2026-04-03T01:45:18.850+0600][59.728s][info][gc,task        ] GC(148) Using 10 workers of 10 for evacuation
[2026-04-03T01:45:19.113+0600][59.990s][info][gc,mmu         ] GC(148) MMU target violated: 201.0ms (200.0ms/201.0ms)
[2026-04-03T01:45:19.113+0600][59.990s][info][gc,phases      ] GC(148)   Pre Evacuate Collection Set: 0.85ms
[2026-04-03T01:45:19.113+0600][59.990s][info][gc,phases      ] GC(148)   Merge Heap Roots: 1.04ms
[2026-04-03T01:45:19.113+0600][59.990s][info][gc,phases      ] GC(148)   Evacuate Collection Set: 257.57ms
[2026-04-03T01:45:19.113+0600][59.990s][info][gc,phases      ] GC(148)   Post Evacuate Collection Set: 2.47ms
[2026-04-03T01:45:19.113+0600][59.990s][info][gc,phases      ] GC(148)   Other: 0.56ms
[2026-04-03T01:45:19.113+0600][59.990s][info][gc,heap        ] GC(148) Eden regions: 271->0(14)
[2026-04-03T01:45:19.113+0600][59.990s][info][gc,heap        ] GC(148) Survivor regions: 41->37(45)
[2026-04-03T01:45:19.113+0600][59.990s][info][gc,heap        ] GC(148) Old regions: 243->286
[2026-04-03T01:45:19.113+0600][59.990s][info][gc,heap        ] GC(148) Humongous regions: 199->187
[2026-04-03T01:45:19.113+0600][59.990s][info][gc,metaspace   ] GC(148) Metaspace: 73009K(73920K)->73009K(73920K) NonClass: 63682K(64192K)->63682K(64192K) Class: 9327K(9728K)->9327K(9728K)
[2026-04-03T01:45:19.113+0600][59.990s][info][gc             ] GC(148) Pause Young (Concurrent Start) (G1 Humongous Allocation) 1498M->1008M(2074M) 262.833ms
[2026-04-03T01:45:19.113+0600][59.991s][info][gc,cpu         ] GC(148) User=2.45s Sys=0.11s Real=0.26s
[2026-04-03T01:45:19.113+0600][59.991s][info][gc             ] GC(149) Concurrent Undo Cycle
[2026-04-03T01:45:19.113+0600][59.991s][info][gc,marking     ] GC(149) Concurrent Clear Claimed Marks
[2026-04-03T01:45:19.113+0600][59.991s][info][gc,marking     ] GC(149) Concurrent Clear Claimed Marks 0.209ms
[2026-04-03T01:45:19.113+0600][59.991s][info][gc,marking     ] GC(149) Concurrent Cleanup for Next Mark
[2026-04-03T01:45:19.114+0600][59.991s][info][gc,marking     ] GC(149) Concurrent Cleanup for Next Mark 0.449ms
[2026-04-03T01:45:19.114+0600][59.992s][info][gc             ] GC(149) Concurrent Undo Cycle 0.901ms
[2026-04-03T01:45:19.680+0600][60.558s][info][gc,start       ] GC(150) Pause Young (Normal) (G1 Evacuation Pause)
[2026-04-03T01:45:19.681+0600][60.558s][info][gc,task        ] GC(150) Using 10 workers of 10 for evacuation
[2026-04-03T01:45:19.783+0600][60.661s][info][gc,phases      ] GC(150)   Pre Evacuate Collection Set: 0.40ms
[2026-04-03T01:45:19.783+0600][60.661s][info][gc,phases      ] GC(150)   Merge Heap Roots: 0.48ms
[2026-04-03T01:45:19.783+0600][60.661s][info][gc,phases      ] GC(150)   Evacuate Collection Set: 100.37ms
[2026-04-03T01:45:19.783+0600][60.661s][info][gc,phases      ] GC(150)   Post Evacuate Collection Set: 1.16ms
[2026-04-03T01:45:19.783+0600][60.661s][info][gc,phases      ] GC(150)   Other: 0.12ms
[2026-04-03T01:45:19.783+0600][60.661s][info][gc,heap        ] GC(150) Eden regions: 253->0(154)
[2026-04-03T01:45:19.783+0600][60.661s][info][gc,heap        ] GC(150) Survivor regions: 37->33(37)
[2026-04-03T01:45:19.783+0600][60.661s][info][gc,heap        ] GC(150) Old regions: 286->321
[2026-04-03T01:45:19.783+0600][60.661s][info][gc,heap        ] GC(150) Humongous regions: 266->187
[2026-04-03T01:45:19.783+0600][60.661s][info][gc,metaspace   ] GC(150) Metaspace: 73120K(74048K)->73120K(74048K) NonClass: 63792K(64320K)->63792K(64320K) Class: 9327K(9728K)->9327K(9728K)
[2026-04-03T01:45:19.783+0600][60.661s][info][gc             ] GC(150) Pause Young (Normal) (G1 Evacuation Pause) 1672M->1070M(2074M) 102.855ms
[2026-04-03T01:45:19.783+0600][60.661s][info][gc,cpu         ] GC(150) User=1.00s Sys=0.00s Real=0.10s
[2026-04-03T01:45:19.969+0600][60.847s][info][gc,start       ] GC(151) Pause Full (System.gc())
[2026-04-03T01:45:19.969+0600][60.847s][info][gc,task        ] GC(151) Using 10 workers of 10 for full compaction
[2026-04-03T01:45:19.969+0600][60.847s][info][gc,phases,start] GC(151) Phase 1: Mark live objects
[2026-04-03T01:45:20.012+0600][60.889s][info][gc,phases      ] GC(151) Phase 1: Mark live objects 42.281ms
[2026-04-03T01:45:20.012+0600][60.890s][info][gc,phases,start] GC(151) Phase 2: Prepare compaction
[2026-04-03T01:45:20.015+0600][60.892s][info][gc,phases      ] GC(151) Phase 2: Prepare compaction 2.648ms
[2026-04-03T01:45:20.015+0600][60.892s][info][gc,phases,start] GC(151) Phase 3: Adjust pointers
[2026-04-03T01:45:20.030+0600][60.908s][info][gc,phases      ] GC(151) Phase 3: Adjust pointers 15.540ms
[2026-04-03T01:45:20.030+0600][60.908s][info][gc,phases,start] GC(151) Phase 4: Compact heap
[2026-04-03T01:45:20.032+0600][60.910s][info][gc,phases      ] GC(151) Phase 4: Compact heap 2.230ms
[2026-04-03T01:45:20.033+0600][60.910s][info][gc,phases,start] GC(151) Phase 5: Reset Metadata
[2026-04-03T01:45:20.042+0600][60.919s][info][gc,phases      ] GC(151) Phase 5: Reset Metadata 9.223ms
[2026-04-03T01:45:20.062+0600][60.940s][info][gc,heap        ] GC(151) Eden regions: 171->0(140)
[2026-04-03T01:45:20.062+0600][60.940s][info][gc,heap        ] GC(151) Survivor regions: 33->0(37)
[2026-04-03T01:45:20.062+0600][60.940s][info][gc,heap        ] GC(151) Old regions: 321->78
[2026-04-03T01:45:20.062+0600][60.940s][info][gc,heap        ] GC(151) Humongous regions: 189->3
[2026-04-03T01:45:20.062+0600][60.940s][info][gc,metaspace   ] GC(151) Metaspace: 73120K(74048K)->73120K(74048K) NonClass: 63792K(64320K)->63792K(64320K) Class: 9327K(9728K)->9327K(9728K)
[2026-04-03T01:45:20.062+0600][60.940s][info][gc             ] GC(151) Pause Full (System.gc()) 1415M->149M(540M) 92.954ms
[2026-04-03T01:45:20.062+0600][60.940s][info][gc,cpu         ] GC(151) User=0.64s Sys=0.13s Real=0.10s
[2026-04-03T01:45:20.125+0600][61.003s][info][gc,start       ] GC(152) Pause Young (Concurrent Start) (G1 Humongous Allocation)
[2026-04-03T01:45:20.125+0600][61.003s][info][gc,task        ] GC(152) Using 10 workers of 10 for evacuation
[2026-04-03T01:45:20.128+0600][61.006s][info][gc,phases      ] GC(152)   Pre Evacuate Collection Set: 0.46ms
[2026-04-03T01:45:20.128+0600][61.006s][info][gc,phases      ] GC(152)   Merge Heap Roots: 0.12ms
[2026-04-03T01:45:20.128+0600][61.006s][info][gc,phases      ] GC(152)   Evacuate Collection Set: 1.19ms
[2026-04-03T01:45:20.128+0600][61.006s][info][gc,phases      ] GC(152)   Post Evacuate Collection Set: 0.51ms
[2026-04-03T01:45:20.128+0600][61.006s][info][gc,phases      ] GC(152)   Other: 0.20ms
[2026-04-03T01:45:20.128+0600][61.006s][info][gc,heap        ] GC(152) Eden regions: 15->0(144)
[2026-04-03T01:45:20.128+0600][61.006s][info][gc,heap        ] GC(152) Survivor regions: 0->5(18)
[2026-04-03T01:45:20.128+0600][61.006s][info][gc,heap        ] GC(152) Old regions: 78->78
[2026-04-03T01:45:20.128+0600][61.006s][info][gc,heap        ] GC(152) Humongous regions: 3->3
[2026-04-03T01:45:20.128+0600][61.006s][info][gc,metaspace   ] GC(152) Metaspace: 73166K(74112K)->73166K(74112K) NonClass: 63839K(64384K)->63839K(64384K) Class: 9327K(9728K)->9327K(9728K)
[2026-04-03T01:45:20.128+0600][61.006s][info][gc             ] GC(152) Pause Young (Concurrent Start) (G1 Humongous Allocation) 179M->159M(540M) 2.740ms
[2026-04-03T01:45:20.128+0600][61.006s][info][gc,cpu         ] GC(152) User=0.01s Sys=0.01s Real=0.00s
[2026-04-03T01:45:20.128+0600][61.006s][info][gc             ] GC(153) Concurrent Mark Cycle
[2026-04-03T01:45:20.128+0600][61.006s][info][gc,marking     ] GC(153) Concurrent Scan Root Regions
[2026-04-03T01:45:20.129+0600][61.007s][info][gc,marking     ] GC(153) Concurrent Scan Root Regions 1.016ms
[2026-04-03T01:45:20.129+0600][61.007s][info][gc,marking     ] GC(153) Concurrent Mark
[2026-04-03T01:45:20.129+0600][61.007s][info][gc,marking     ] GC(153) Concurrent Mark From Roots
[2026-04-03T01:45:20.129+0600][61.007s][info][gc,task        ] GC(153) Using 2 workers of 2 for marking
[2026-04-03T01:45:20.314+0600][61.191s][info][gc,marking     ] GC(153) Concurrent Mark From Roots 184.414ms
[2026-04-03T01:45:20.314+0600][61.192s][info][gc,marking     ] GC(153) Concurrent Preclean
[2026-04-03T01:45:20.314+0600][61.192s][info][gc,marking     ] GC(153) Concurrent Preclean 0.229ms
[2026-04-03T01:45:20.319+0600][61.196s][info][gc,start       ] GC(153) Pause Remark
[2026-04-03T01:45:20.323+0600][61.201s][info][gc             ] GC(153) Pause Remark 293M->293M(540M) 4.304ms
[2026-04-03T01:45:20.323+0600][61.201s][info][gc,cpu         ] GC(153) User=0.03s Sys=0.00s Real=0.01s
[2026-04-03T01:45:20.323+0600][61.201s][info][gc,marking     ] GC(153) Concurrent Mark 194.016ms
[2026-04-03T01:45:20.323+0600][61.201s][info][gc,marking     ] GC(153) Concurrent Rebuild Remembered Sets and Scrub Regions
[2026-04-03T01:45:20.413+0600][61.290s][info][gc,marking     ] GC(153) Concurrent Rebuild Remembered Sets and Scrub Regions 89.170ms
[2026-04-03T01:45:20.420+0600][61.298s][info][gc,start       ] GC(153) Pause Cleanup
[2026-04-03T01:45:20.420+0600][61.298s][info][gc             ] GC(153) Pause Cleanup 373M->373M(540M) 0.314ms
[2026-04-03T01:45:20.420+0600][61.298s][info][gc,cpu         ] GC(153) User=0.00s Sys=0.00s Real=0.00s
[2026-04-03T01:45:20.421+0600][61.298s][info][gc,marking     ] GC(153) Concurrent Clear Claimed Marks
[2026-04-03T01:45:20.421+0600][61.299s][info][gc,marking     ] GC(153) Concurrent Clear Claimed Marks 0.226ms
[2026-04-03T01:45:20.421+0600][61.299s][info][gc,marking     ] GC(153) Concurrent Cleanup for Next Mark
[2026-04-03T01:45:20.422+0600][61.299s][info][gc,marking     ] GC(153) Concurrent Cleanup for Next Mark 0.757ms
[2026-04-03T01:45:20.422+0600][61.299s][info][gc             ] GC(153) Concurrent Mark Cycle 293.419ms
[2026-04-03T01:45:20.562+0600][61.440s][info][gc,start       ] GC(154) Pause Young (Prepare Mixed) (G1 Evacuation Pause)
[2026-04-03T01:45:20.562+0600][61.440s][info][gc,task        ] GC(154) Using 10 workers of 10 for evacuation
[2026-04-03T01:45:20.615+0600][61.493s][info][gc,phases      ] GC(154)   Pre Evacuate Collection Set: 0.35ms
[2026-04-03T01:45:20.615+0600][61.493s][info][gc,phases      ] GC(154)   Merge Heap Roots: 0.86ms
[2026-04-03T01:45:20.615+0600][61.493s][info][gc,phases      ] GC(154)   Evacuate Collection Set: 50.74ms
[2026-04-03T01:45:20.615+0600][61.493s][info][gc,phases      ] GC(154)   Post Evacuate Collection Set: 0.68ms
[2026-04-03T01:45:20.615+0600][61.493s][info][gc,phases      ] GC(154)   Other: 0.11ms
[2026-04-03T01:45:20.615+0600][61.493s][info][gc,heap        ] GC(154) Eden regions: 144->0(105)
[2026-04-03T01:45:20.615+0600][61.493s][info][gc,heap        ] GC(154) Survivor regions: 5->19(19)
[2026-04-03T01:45:20.615+0600][61.493s][info][gc,heap        ] GC(154) Old regions: 78->101
[2026-04-03T01:45:20.615+0600][61.493s][info][gc,heap        ] GC(154) Humongous regions: 25->22
[2026-04-03T01:45:20.615+0600][61.493s][info][gc,metaspace   ] GC(154) Metaspace: 73179K(74112K)->73179K(74112K) NonClass: 63851K(64384K)->63851K(64384K) Class: 9327K(9728K)->9327K(9728K)
[2026-04-03T01:45:20.615+0600][61.493s][info][gc             ] GC(154) Pause Young (Prepare Mixed) (G1 Evacuation Pause) 491M->271M(588M) 53.049ms
[2026-04-03T01:45:20.615+0600][61.493s][info][gc,cpu         ] GC(154) User=0.45s Sys=0.07s Real=0.05s
[2026-04-03T01:45:20.805+0600][61.683s][info][gc,start       ] GC(155) Pause Young (Mixed) (G1 Evacuation Pause)
[2026-04-03T01:45:20.805+0600][61.683s][info][gc,task        ] GC(155) Using 10 workers of 10 for evacuation
[2026-04-03T01:45:20.859+0600][61.737s][info][gc,phases      ] GC(155)   Pre Evacuate Collection Set: 0.31ms
[2026-04-03T01:45:20.859+0600][61.737s][info][gc,phases      ] GC(155)   Merge Heap Roots: 0.44ms
[2026-04-03T01:45:20.859+0600][61.737s][info][gc,phases      ] GC(155)   Evacuate Collection Set: 52.61ms
[2026-04-03T01:45:20.859+0600][61.737s][info][gc,phases      ] GC(155)   Post Evacuate Collection Set: 0.61ms
[2026-04-03T01:45:20.859+0600][61.737s][info][gc,phases      ] GC(155)   Other: 0.10ms
[2026-04-03T01:45:20.859+0600][61.737s][info][gc,heap        ] GC(155) Eden regions: 105->0(95)
[2026-04-03T01:45:20.859+0600][61.737s][info][gc,heap        ] GC(155) Survivor regions: 19->13(16)
[2026-04-03T01:45:20.859+0600][61.737s][info][gc,heap        ] GC(155) Old regions: 101->120
[2026-04-03T01:45:20.859+0600][61.737s][info][gc,heap        ] GC(155) Humongous regions: 30->30
[2026-04-03T01:45:20.859+0600][61.737s][info][gc,metaspace   ] GC(155) Metaspace: 73179K(74112K)->73179K(74112K) NonClass: 63851K(64384K)->63851K(64384K) Class: 9327K(9728K)->9327K(9728K)
[2026-04-03T01:45:20.859+0600][61.737s][info][gc             ] GC(155) Pause Young (Mixed) (G1 Evacuation Pause) 497M->317M(588M) 54.390ms
[2026-04-03T01:45:20.859+0600][61.737s][info][gc,cpu         ] GC(155) User=0.53s Sys=0.00s Real=0.05s
[2026-04-03T01:45:20.955+0600][61.833s][info][gc,start       ] GC(156) Pause Young (Concurrent Start) (G1 Humongous Allocation)
[2026-04-03T01:45:20.955+0600][61.833s][info][gc,task        ] GC(156) Using 10 workers of 10 for evacuation
[2026-04-03T01:45:20.991+0600][61.868s][info][gc,phases      ] GC(156)   Pre Evacuate Collection Set: 0.63ms
[2026-04-03T01:45:20.991+0600][61.869s][info][gc,phases      ] GC(156)   Merge Heap Roots: 0.24ms
[2026-04-03T01:45:20.991+0600][61.869s][info][gc,phases      ] GC(156)   Evacuate Collection Set: 30.70ms
[2026-04-03T01:45:20.991+0600][61.869s][info][gc,phases      ] GC(156)   Post Evacuate Collection Set: 3.59ms
[2026-04-03T01:45:20.991+0600][61.869s][info][gc,phases      ] GC(156)   Other: 0.31ms
[2026-04-03T01:45:20.991+0600][61.869s][info][gc,heap        ] GC(156) Eden regions: 49->0(481)
[2026-04-03T01:45:20.991+0600][61.869s][info][gc,heap        ] GC(156) Survivor regions: 13->7(14)
[2026-04-03T01:45:20.991+0600][61.869s][info][gc,heap        ] GC(156) Old regions: 120->133
[2026-04-03T01:45:20.991+0600][61.869s][info][gc,heap        ] GC(156) Humongous regions: 30->30
[2026-04-03T01:45:20.991+0600][61.869s][info][gc,metaspace   ] GC(156) Metaspace: 73180K(74112K)->73180K(74112K) NonClass: 63853K(64384K)->63853K(64384K) Class: 9327K(9728K)->9327K(9728K)
[2026-04-03T01:45:20.991+0600][61.869s][info][gc             ] GC(156) Pause Young (Concurrent Start) (G1 Humongous Allocation) 415M->328M(1628M) 35.853ms
[2026-04-03T01:45:20.991+0600][61.869s][info][gc,cpu         ] GC(156) User=0.31s Sys=0.01s Real=0.04s
[2026-04-03T01:45:20.991+0600][61.869s][info][gc             ] GC(157) Concurrent Undo Cycle
[2026-04-03T01:45:20.991+0600][61.869s][info][gc,marking     ] GC(157) Concurrent Clear Claimed Marks
[2026-04-03T01:45:20.991+0600][61.869s][info][gc,marking     ] GC(157) Concurrent Clear Claimed Marks 0.178ms
[2026-04-03T01:45:20.991+0600][61.869s][info][gc,marking     ] GC(157) Concurrent Cleanup for Next Mark
[2026-04-03T01:45:20.992+0600][61.870s][info][gc,marking     ] GC(157) Concurrent Cleanup for Next Mark 0.351ms
[2026-04-03T01:45:20.992+0600][61.870s][info][gc             ] GC(157) Concurrent Undo Cycle 0.708ms
[2026-04-03T01:45:21.019+0600][61.897s][info][gc,start       ] GC(158) Pause Young (Concurrent Start) (G1 Humongous Allocation)
[2026-04-03T01:45:21.019+0600][61.897s][info][gc,task        ] GC(158) Using 10 workers of 10 for evacuation
[2026-04-03T01:45:21.034+0600][61.911s][info][gc,phases      ] GC(158)   Pre Evacuate Collection Set: 0.41ms
[2026-04-03T01:45:21.034+0600][61.912s][info][gc,phases      ] GC(158)   Merge Heap Roots: 0.37ms
[2026-04-03T01:45:21.034+0600][61.912s][info][gc,phases      ] GC(158)   Evacuate Collection Set: 12.96ms
[2026-04-03T01:45:21.034+0600][61.912s][info][gc,phases      ] GC(158)   Post Evacuate Collection Set: 0.70ms
[2026-04-03T01:45:21.034+0600][61.912s][info][gc,phases      ] GC(158)   Other: 0.20ms
[2026-04-03T01:45:21.034+0600][61.912s][info][gc,heap        ] GC(158) Eden regions: 10->0(481)
[2026-04-03T01:45:21.034+0600][61.912s][info][gc,heap        ] GC(158) Survivor regions: 7->7(61)
[2026-04-03T01:45:21.034+0600][61.912s][info][gc,heap        ] GC(158) Old regions: 133->133
[2026-04-03T01:45:21.034+0600][61.912s][info][gc,heap        ] GC(158) Humongous regions: 33->33
[2026-04-03T01:45:21.034+0600][61.912s][info][gc,metaspace   ] GC(158) Metaspace: 73180K(74112K)->73180K(74112K) NonClass: 63853K(64384K)->63853K(64384K) Class: 9327K(9728K)->9327K(9728K)
[2026-04-03T01:45:21.034+0600][61.912s][info][gc             ] GC(158) Pause Young (Concurrent Start) (G1 Humongous Allocation) 353M->334M(1628M) 15.064ms
[2026-04-03T01:45:21.034+0600][61.912s][info][gc,cpu         ] GC(158) User=0.12s Sys=0.01s Real=0.02s
[2026-04-03T01:45:21.034+0600][61.912s][info][gc             ] GC(159) Concurrent Mark Cycle
[2026-04-03T01:45:21.034+0600][61.912s][info][gc,marking     ] GC(159) Concurrent Scan Root Regions
[2026-04-03T01:45:21.042+0600][61.919s][info][gc,marking     ] GC(159) Concurrent Scan Root Regions 7.406ms
[2026-04-03T01:45:21.042+0600][61.919s][info][gc,marking     ] GC(159) Concurrent Mark
[2026-04-03T01:45:21.042+0600][61.919s][info][gc,marking     ] GC(159) Concurrent Mark From Roots
[2026-04-03T01:45:21.042+0600][61.919s][info][gc,task        ] GC(159) Using 2 workers of 2 for marking
[2026-04-03T01:45:21.444+0600][62.321s][info][gc,marking     ] GC(159) Concurrent Mark From Roots 401.760ms
[2026-04-03T01:45:21.444+0600][62.321s][info][gc,marking     ] GC(159) Concurrent Preclean
[2026-04-03T01:45:21.444+0600][62.322s][info][gc,marking     ] GC(159) Concurrent Preclean 0.278ms
[2026-04-03T01:45:21.444+0600][62.322s][info][gc,start       ] GC(159) Pause Remark
[2026-04-03T01:45:21.449+0600][62.327s][info][gc             ] GC(159) Pause Remark 581M->553M(1100M) 5.084ms
[2026-04-03T01:45:21.449+0600][62.327s][info][gc,cpu         ] GC(159) User=0.03s Sys=0.00s Real=0.00s
[2026-04-03T01:45:21.450+0600][62.327s][info][gc,marking     ] GC(159) Concurrent Mark 407.883ms
[2026-04-03T01:45:21.450+0600][62.327s][info][gc,marking     ] GC(159) Concurrent Rebuild Remembered Sets and Scrub Regions
[2026-04-03T01:45:21.809+0600][62.687s][info][gc,marking     ] GC(159) Concurrent Rebuild Remembered Sets and Scrub Regions 359.555ms
[2026-04-03T01:45:21.810+0600][62.687s][info][gc,start       ] GC(159) Pause Cleanup
[2026-04-03T01:45:21.810+0600][62.688s][info][gc             ] GC(159) Pause Cleanup 760M->760M(1100M) 0.691ms
[2026-04-03T01:45:21.810+0600][62.688s][info][gc,cpu         ] GC(159) User=0.00s Sys=0.00s Real=0.01s
[2026-04-03T01:45:21.811+0600][62.688s][info][gc,marking     ] GC(159) Concurrent Clear Claimed Marks
[2026-04-03T01:45:21.811+0600][62.689s][info][gc,marking     ] GC(159) Concurrent Clear Claimed Marks 0.264ms
[2026-04-03T01:45:21.811+0600][62.689s][info][gc,marking     ] GC(159) Concurrent Cleanup for Next Mark
[2026-04-03T01:45:21.817+0600][62.695s][info][gc,marking     ] GC(159) Concurrent Cleanup for Next Mark 6.158ms
[2026-04-03T01:45:21.817+0600][62.695s][info][gc             ] GC(159) Concurrent Mark Cycle 783.051ms
[2026-04-03T01:45:22.077+0600][62.955s][info][gc,start       ] GC(160) Pause Young (Prepare Mixed) (G1 Evacuation Pause)
[2026-04-03T01:45:22.077+0600][62.955s][info][gc,task        ] GC(160) Using 10 workers of 10 for evacuation
[2026-04-03T01:45:22.141+0600][63.018s][info][gc,phases      ] GC(160)   Pre Evacuate Collection Set: 0.47ms
[2026-04-03T01:45:22.141+0600][63.018s][info][gc,phases      ] GC(160)   Merge Heap Roots: 2.16ms
[2026-04-03T01:45:22.141+0600][63.019s][info][gc,phases      ] GC(160)   Evacuate Collection Set: 59.22ms
[2026-04-03T01:45:22.141+0600][63.019s][info][gc,phases      ] GC(160)   Post Evacuate Collection Set: 1.46ms
[2026-04-03T01:45:22.141+0600][63.019s][info][gc,phases      ] GC(160)   Other: 0.17ms
[2026-04-03T01:45:22.141+0600][63.019s][info][gc,heap        ] GC(160) Eden regions: 323->0(289)
[2026-04-03T01:45:22.141+0600][63.019s][info][gc,heap        ] GC(160) Survivor regions: 7->25(42)
[2026-04-03T01:45:22.141+0600][63.019s][info][gc,heap        ] GC(160) Old regions: 133->133
[2026-04-03T01:45:22.141+0600][63.019s][info][gc,heap        ] GC(160) Humongous regions: 25->25
[2026-04-03T01:45:22.141+0600][63.019s][info][gc,metaspace   ] GC(160) Metaspace: 73186K(74112K)->73186K(74112K) NonClass: 63859K(64384K)->63859K(64384K) Class: 9327K(9728K)->9327K(9728K)
[2026-04-03T01:45:22.141+0600][63.019s][info][gc             ] GC(160) Pause Young (Prepare Mixed) (G1 Evacuation Pause) 964M->355M(1100M) 63.939ms
[2026-04-03T01:45:22.141+0600][63.019s][info][gc,cpu         ] GC(160) User=0.62s Sys=0.00s Real=0.07s
[2026-04-03T01:45:23.612+0600][64.490s][info][gc,start       ] GC(161) Pause Young (Mixed) (G1 Evacuation Pause)
[2026-04-03T01:45:23.613+0600][64.490s][info][gc,task        ] GC(161) Using 10 workers of 10 for evacuation
[2026-04-03T01:45:23.741+0600][64.619s][info][gc,phases      ] GC(161)   Pre Evacuate Collection Set: 0.25ms
[2026-04-03T01:45:23.741+0600][64.619s][info][gc,phases      ] GC(161)   Merge Heap Roots: 2.83ms
[2026-04-03T01:45:23.741+0600][64.619s][info][gc,phases      ] GC(161)   Evacuate Collection Set: 123.97ms
[2026-04-03T01:45:23.741+0600][64.619s][info][gc,phases      ] GC(161)   Post Evacuate Collection Set: 1.56ms
[2026-04-03T01:45:23.741+0600][64.619s][info][gc,phases      ] GC(161)   Other: 0.12ms
[2026-04-03T01:45:23.741+0600][64.619s][info][gc,heap        ] GC(161) Eden regions: 247->0(248)
[2026-04-03T01:45:23.741+0600][64.619s][info][gc,heap        ] GC(161) Survivor regions: 25->25(34)
[2026-04-03T01:45:23.741+0600][64.619s][info][gc,heap        ] GC(161) Old regions: 133->152
[2026-04-03T01:45:23.741+0600][64.619s][info][gc,heap        ] GC(161) Humongous regions: 61->55
[2026-04-03T01:45:23.741+0600][64.619s][info][gc,metaspace   ] GC(161) Metaspace: 73223K(74112K)->73223K(74112K) NonClass: 63894K(64384K)->63894K(64384K) Class: 9328K(9728K)->9328K(9728K)
[2026-04-03T01:45:23.742+0600][64.619s][info][gc             ] GC(161) Pause Young (Mixed) (G1 Evacuation Pause) 921M->458M(1100M) 129.128ms
[2026-04-03T01:45:23.742+0600][64.619s][info][gc,cpu         ] GC(161) User=1.27s Sys=0.00s Real=0.13s
[2026-04-03T01:45:23.791+0600][64.669s][info][gc,start       ] GC(162) Pause Young (Concurrent Start) (G1 Humongous Allocation)
[2026-04-03T01:45:23.791+0600][64.669s][info][gc,task        ] GC(162) Using 10 workers of 10 for evacuation
[2026-04-03T01:45:23.848+0600][64.726s][info][gc,phases      ] GC(162)   Pre Evacuate Collection Set: 0.34ms
[2026-04-03T01:45:23.848+0600][64.726s][info][gc,phases      ] GC(162)   Merge Heap Roots: 0.61ms
[2026-04-03T01:45:23.848+0600][64.726s][info][gc,phases      ] GC(162)   Evacuate Collection Set: 55.06ms
[2026-04-03T01:45:23.848+0600][64.726s][info][gc,phases      ] GC(162)   Post Evacuate Collection Set: 0.67ms
[2026-04-03T01:45:23.848+0600][64.726s][info][gc,phases      ] GC(162)   Other: 0.19ms
[2026-04-03T01:45:23.848+0600][64.726s][info][gc,heap        ] GC(162) Eden regions: 10->0(203)
[2026-04-03T01:45:23.848+0600][64.726s][info][gc,heap        ] GC(162) Survivor regions: 25->5(35)
[2026-04-03T01:45:23.848+0600][64.726s][info][gc,heap        ] GC(162) Old regions: 152->176
[2026-04-03T01:45:23.848+0600][64.726s][info][gc,heap        ] GC(162) Humongous regions: 55->55
[2026-04-03T01:45:23.848+0600][64.726s][info][gc,metaspace   ] GC(162) Metaspace: 73223K(74112K)->73223K(74112K) NonClass: 63894K(64384K)->63894K(64384K) Class: 9328K(9728K)->9328K(9728K)
[2026-04-03T01:45:23.848+0600][64.726s][info][gc             ] GC(162) Pause Young (Concurrent Start) (G1 Humongous Allocation) 477M->465M(1100M) 57.229ms
[2026-04-03T01:45:23.848+0600][64.726s][info][gc,cpu         ] GC(162) User=0.55s Sys=0.00s Real=0.05s
[2026-04-03T01:45:23.848+0600][64.726s][info][gc             ] GC(163) Concurrent Mark Cycle
[2026-04-03T01:45:23.848+0600][64.726s][info][gc,marking     ] GC(163) Concurrent Scan Root Regions
[2026-04-03T01:45:23.869+0600][64.746s][info][gc,marking     ] GC(163) Concurrent Scan Root Regions 20.158ms
[2026-04-03T01:45:23.869+0600][64.746s][info][gc,marking     ] GC(163) Concurrent Mark
[2026-04-03T01:45:23.869+0600][64.746s][info][gc,marking     ] GC(163) Concurrent Mark From Roots
[2026-04-03T01:45:23.869+0600][64.746s][info][gc,task        ] GC(163) Using 2 workers of 2 for marking
[2026-04-03T01:45:24.067+0600][64.945s][info][gc,marking     ] GC(163) Concurrent Mark From Roots 198.491ms
[2026-04-03T01:45:24.067+0600][64.945s][info][gc,marking     ] GC(163) Concurrent Preclean
[2026-04-03T01:45:24.067+0600][64.945s][info][gc,marking     ] GC(163) Concurrent Preclean 0.211ms
[2026-04-03T01:45:24.068+0600][64.945s][info][gc,start       ] GC(163) Pause Remark
[2026-04-03T01:45:24.072+0600][64.950s][info][gc             ] GC(163) Pause Remark 557M->343M(920M) 4.010ms
[2026-04-03T01:45:24.072+0600][64.950s][info][gc,cpu         ] GC(163) User=0.02s Sys=0.01s Real=0.01s
[2026-04-03T01:45:24.072+0600][64.950s][info][gc,marking     ] GC(163) Concurrent Mark 203.557ms
[2026-04-03T01:45:24.072+0600][64.950s][info][gc,marking     ] GC(163) Concurrent Rebuild Remembered Sets and Scrub Regions
[2026-04-03T01:45:24.254+0600][65.131s][info][gc,marking     ] GC(163) Concurrent Rebuild Remembered Sets and Scrub Regions 181.531ms
[2026-04-03T01:45:24.254+0600][65.132s][info][gc,start       ] GC(163) Pause Cleanup
[2026-04-03T01:45:24.255+0600][65.132s][info][gc             ] GC(163) Pause Cleanup 519M->519M(920M) 0.438ms
[2026-04-03T01:45:24.255+0600][65.132s][info][gc,cpu         ] GC(163) User=0.01s Sys=0.00s Real=0.00s
[2026-04-03T01:45:24.255+0600][65.132s][info][gc,marking     ] GC(163) Concurrent Clear Claimed Marks
[2026-04-03T01:45:24.255+0600][65.133s][info][gc,marking     ] GC(163) Concurrent Clear Claimed Marks 0.253ms
[2026-04-03T01:45:24.255+0600][65.133s][info][gc,marking     ] GC(163) Concurrent Cleanup for Next Mark
[2026-04-03T01:45:24.256+0600][65.134s][info][gc,marking     ] GC(163) Concurrent Cleanup for Next Mark 1.476ms
[2026-04-03T01:45:24.257+0600][65.134s][info][gc             ] GC(163) Concurrent Mark Cycle 408.267ms
[2026-04-03T01:45:24.416+0600][65.294s][info][gc,start       ] GC(164) Pause Young (Prepare Mixed) (G1 Evacuation Pause)
[2026-04-03T01:45:24.416+0600][65.294s][info][gc,task        ] GC(164) Using 10 workers of 10 for evacuation
[2026-04-03T01:45:24.494+0600][65.371s][info][gc,phases      ] GC(164)   Pre Evacuate Collection Set: 0.29ms
[2026-04-03T01:45:24.494+0600][65.371s][info][gc,phases      ] GC(164)   Merge Heap Roots: 1.71ms
[2026-04-03T01:45:24.494+0600][65.371s][info][gc,phases      ] GC(164)   Evacuate Collection Set: 73.91ms
[2026-04-03T01:45:24.494+0600][65.371s][info][gc,phases      ] GC(164)   Post Evacuate Collection Set: 1.36ms
[2026-04-03T01:45:24.494+0600][65.371s][info][gc,phases      ] GC(164)   Other: 0.21ms
[2026-04-03T01:45:24.494+0600][65.371s][info][gc,heap        ] GC(164) Eden regions: 203->0(132)
[2026-04-03T01:45:24.494+0600][65.371s][info][gc,heap        ] GC(164) Survivor regions: 5->26(26)
[2026-04-03T01:45:24.494+0600][65.371s][info][gc,heap        ] GC(164) Old regions: 115->141
[2026-04-03T01:45:24.494+0600][65.371s][info][gc,heap        ] GC(164) Humongous regions: 39->39
[2026-04-03T01:45:24.494+0600][65.372s][info][gc,metaspace   ] GC(164) Metaspace: 73224K(74112K)->73224K(74112K) NonClass: 63895K(64384K)->63895K(64384K) Class: 9328K(9728K)->9328K(9728K)
[2026-04-03T01:45:24.494+0600][65.372s][info][gc             ] GC(164) Pause Young (Prepare Mixed) (G1 Evacuation Pause) 717M->405M(920M) 77.840ms
[2026-04-03T01:45:24.494+0600][65.372s][info][gc,cpu         ] GC(164) User=0.76s Sys=0.01s Real=0.08s
[2026-04-03T01:45:24.820+0600][65.698s][info][gc,start       ] GC(165) Pause Young (Mixed) (G1 Evacuation Pause)
[2026-04-03T01:45:24.820+0600][65.698s][info][gc,task        ] GC(165) Using 10 workers of 10 for evacuation
[2026-04-03T01:45:24.910+0600][65.788s][info][gc,phases      ] GC(165)   Pre Evacuate Collection Set: 0.46ms
[2026-04-03T01:45:24.910+0600][65.788s][info][gc,phases      ] GC(165)   Merge Heap Roots: 1.16ms
[2026-04-03T01:45:24.910+0600][65.788s][info][gc,phases      ] GC(165)   Evacuate Collection Set: 84.97ms
[2026-04-03T01:45:24.910+0600][65.788s][info][gc,phases      ] GC(165)   Post Evacuate Collection Set: 2.86ms
[2026-04-03T01:45:24.910+0600][65.788s][info][gc,phases      ] GC(165)   Other: 0.13ms
[2026-04-03T01:45:24.910+0600][65.788s][info][gc,heap        ] GC(165) Eden regions: 158->0(165)
[2026-04-03T01:45:24.910+0600][65.788s][info][gc,heap        ] GC(165) Survivor regions: 26->17(23)
[2026-04-03T01:45:24.910+0600][65.788s][info][gc,heap        ] GC(165) Old regions: 141->168
[2026-04-03T01:45:24.910+0600][65.788s][info][gc,heap        ] GC(165) Humongous regions: 54->54
[2026-04-03T01:45:24.910+0600][65.788s][info][gc,metaspace   ] GC(165) Metaspace: 73226K(74176K)->73226K(74176K) NonClass: 63896K(64448K)->63896K(64448K) Class: 9329K(9728K)->9329K(9728K)
[2026-04-03T01:45:24.910+0600][65.788s][info][gc             ] GC(165) Pause Young (Mixed) (G1 Evacuation Pause) 751M->471M(1774M) 89.907ms
[2026-04-03T01:45:24.910+0600][65.788s][info][gc,cpu         ] GC(165) User=0.83s Sys=0.00s Real=0.09s
[2026-04-03T01:45:25.798+0600][66.676s][info][gc,start       ] GC(166) Pause Young (Mixed) (G1 Evacuation Pause)
[2026-04-03T01:45:25.798+0600][66.676s][info][gc,task        ] GC(166) Using 10 workers of 10 for evacuation
[2026-04-03T01:45:25.908+0600][66.785s][info][gc,phases      ] GC(166)   Pre Evacuate Collection Set: 0.75ms
[2026-04-03T01:45:25.908+0600][66.786s][info][gc,phases      ] GC(166)   Merge Heap Roots: 1.07ms
[2026-04-03T01:45:25.908+0600][66.786s][info][gc,phases      ] GC(166)   Evacuate Collection Set: 106.22ms
[2026-04-03T01:45:25.908+0600][66.786s][info][gc,phases      ] GC(166)   Post Evacuate Collection Set: 1.24ms
[2026-04-03T01:45:25.908+0600][66.786s][info][gc,phases      ] GC(166)   Other: 0.16ms
[2026-04-03T01:45:25.908+0600][66.786s][info][gc,heap        ] GC(166) Eden regions: 321->0(164)
[2026-04-03T01:45:25.908+0600][66.786s][info][gc,heap        ] GC(166) Survivor regions: 17->35(43)
[2026-04-03T01:45:25.908+0600][66.786s][info][gc,heap        ] GC(166) Old regions: 168->168
[2026-04-03T01:45:25.908+0600][66.786s][info][gc,heap        ] GC(166) Humongous regions: 59->59
[2026-04-03T01:45:25.908+0600][66.786s][info][gc,metaspace   ] GC(166) Metaspace: 73226K(74176K)->73226K(74176K) NonClass: 63896K(64448K)->63896K(64448K) Class: 9329K(9728K)->9329K(9728K)
[2026-04-03T01:45:25.908+0600][66.786s][info][gc             ] GC(166) Pause Young (Mixed) (G1 Evacuation Pause) 1123M->516M(1774M) 109.833ms
[2026-04-03T01:45:25.908+0600][66.786s][info][gc,cpu         ] GC(166) User=0.93s Sys=0.10s Real=0.11s
[2026-04-03T01:45:27.445+0600][68.323s][info][gc,start       ] GC(167) Pause Young (Mixed) (G1 Evacuation Pause)
[2026-04-03T01:45:27.445+0600][68.323s][info][gc,task        ] GC(167) Using 10 workers of 10 for evacuation
[2026-04-03T01:45:27.607+0600][68.484s][info][gc,phases      ] GC(167)   Pre Evacuate Collection Set: 0.73ms
[2026-04-03T01:45:27.607+0600][68.484s][info][gc,phases      ] GC(167)   Merge Heap Roots: 3.02ms
[2026-04-03T01:45:27.607+0600][68.484s][info][gc,phases      ] GC(167)   Evacuate Collection Set: 156.00ms
[2026-04-03T01:45:27.607+0600][68.484s][info][gc,phases      ] GC(167)   Post Evacuate Collection Set: 1.27ms
[2026-04-03T01:45:27.607+0600][68.485s][info][gc,phases      ] GC(167)   Other: 0.16ms
[2026-04-03T01:45:27.607+0600][68.485s][info][gc,heap        ] GC(167) Eden regions: 137->0(402)
[2026-04-03T01:45:27.607+0600][68.485s][info][gc,heap        ] GC(167) Survivor regions: 35->15(22)
[2026-04-03T01:45:27.607+0600][68.485s][info][gc,heap        ] GC(167) Old regions: 168->202
[2026-04-03T01:45:27.607+0600][68.485s][info][gc,heap        ] GC(167) Humongous regions: 90->84
[2026-04-03T01:45:27.607+0600][68.485s][info][gc,metaspace   ] GC(167) Metaspace: 73261K(74176K)->73261K(74176K) NonClass: 63931K(64448K)->63931K(64448K) Class: 9330K(9728K)->9330K(9728K)
[2026-04-03T01:45:27.607+0600][68.485s][info][gc             ] GC(167) Pause Young (Mixed) (G1 Evacuation Pause) 852M->595M(1774M) 161.785ms
[2026-04-03T01:45:27.607+0600][68.485s][info][gc,cpu         ] GC(167) User=1.56s Sys=0.00s Real=0.16s
[2026-04-03T01:45:29.844+0600][70.721s][info][gc,start       ] GC(168) Pause Young (Normal) (G1 Evacuation Pause)
[2026-04-03T01:45:29.844+0600][70.721s][info][gc,task        ] GC(168) Using 10 workers of 10 for evacuation
[2026-04-03T01:45:30.064+0600][70.942s][info][gc,mmu         ] GC(168) MMU target violated: 201.0ms (200.0ms/201.0ms)
[2026-04-03T01:45:30.064+0600][70.942s][info][gc,phases      ] GC(168)   Pre Evacuate Collection Set: 0.67ms
[2026-04-03T01:45:30.064+0600][70.942s][info][gc,phases      ] GC(168)   Merge Heap Roots: 4.45ms
[2026-04-03T01:45:30.064+0600][70.942s][info][gc,phases      ] GC(168)   Evacuate Collection Set: 213.25ms
[2026-04-03T01:45:30.064+0600][70.942s][info][gc,phases      ] GC(168)   Post Evacuate Collection Set: 1.90ms
[2026-04-03T01:45:30.064+0600][70.942s][info][gc,phases      ] GC(168)   Other: 0.33ms
[2026-04-03T01:45:30.064+0600][70.942s][info][gc,heap        ] GC(168) Eden regions: 341->0(195)
[2026-04-03T01:45:30.064+0600][70.942s][info][gc,heap        ] GC(168) Survivor regions: 15->45(45)
[2026-04-03T01:45:30.064+0600][70.942s][info][gc,heap        ] GC(168) Old regions: 202->217
[2026-04-03T01:45:30.064+0600][70.942s][info][gc,heap        ] GC(168) Humongous regions: 147->129
[2026-04-03T01:45:30.064+0600][70.942s][info][gc,metaspace   ] GC(168) Metaspace: 73375K(74304K)->73375K(74304K) NonClass: 64044K(64576K)->64044K(64576K) Class: 9330K(9728K)->9330K(9728K)
[2026-04-03T01:45:30.064+0600][70.942s][info][gc             ] GC(168) Pause Young (Normal) (G1 Evacuation Pause) 1403M->774M(1774M) 220.908ms
[2026-04-03T01:45:30.065+0600][70.942s][info][gc,cpu         ] GC(168) User=2.02s Sys=0.13s Real=0.22s
[2026-04-03T01:45:30.764+0600][71.642s][info][gc,start       ] GC(169) Pause Young (Concurrent Start) (G1 Humongous Allocation)
[2026-04-03T01:45:30.764+0600][71.642s][info][gc,task        ] GC(169) Using 10 workers of 10 for evacuation
[2026-04-03T01:45:30.985+0600][71.862s][info][gc,mmu         ] GC(169) MMU target violated: 201.0ms (200.0ms/201.0ms)
[2026-04-03T01:45:30.985+0600][71.862s][info][gc,phases      ] GC(169)   Pre Evacuate Collection Set: 0.85ms
[2026-04-03T01:45:30.985+0600][71.862s][info][gc,phases      ] GC(169)   Merge Heap Roots: 1.47ms
[2026-04-03T01:45:30.985+0600][71.862s][info][gc,phases      ] GC(169)   Evacuate Collection Set: 215.22ms
[2026-04-03T01:45:30.985+0600][71.863s][info][gc,phases      ] GC(169)   Post Evacuate Collection Set: 2.60ms
[2026-04-03T01:45:30.985+0600][71.863s][info][gc,phases      ] GC(169)   Other: 0.41ms
[2026-04-03T01:45:30.985+0600][71.863s][info][gc,heap        ] GC(169) Eden regions: 218->0(89)
[2026-04-03T01:45:30.985+0600][71.863s][info][gc,heap        ] GC(169) Survivor regions: 45->34(37)
[2026-04-03T01:45:30.985+0600][71.863s][info][gc,heap        ] GC(169) Old regions: 217->264
[2026-04-03T01:45:30.985+0600][71.863s][info][gc,heap        ] GC(169) Humongous regions: 139->139
[2026-04-03T01:45:30.985+0600][71.863s][info][gc,metaspace   ] GC(169) Metaspace: 73377K(74304K)->73377K(74304K) NonClass: 64046K(64576K)->64046K(64576K) Class: 9330K(9728K)->9330K(9728K)
[2026-04-03T01:45:30.985+0600][71.863s][info][gc             ] GC(169) Pause Young (Concurrent Start) (G1 Humongous Allocation) 1229M->866M(2098M) 220.941ms
[2026-04-03T01:45:30.985+0600][71.863s][info][gc             ] GC(170) Concurrent Undo Cycle
[2026-04-03T01:45:30.985+0600][71.863s][info][gc,cpu         ] GC(169) User=1.99s Sys=0.01s Real=0.22s
[2026-04-03T01:45:30.985+0600][71.863s][info][gc,marking     ] GC(170) Concurrent Clear Claimed Marks
[2026-04-03T01:45:30.986+0600][71.863s][info][gc,marking     ] GC(170) Concurrent Clear Claimed Marks 0.307ms
[2026-04-03T01:45:30.986+0600][71.863s][info][gc,marking     ] GC(170) Concurrent Cleanup for Next Mark
[2026-04-03T01:45:30.986+0600][71.864s][info][gc,marking     ] GC(170) Concurrent Cleanup for Next Mark 0.671ms
[2026-04-03T01:45:30.986+0600][71.864s][info][gc             ] GC(170) Concurrent Undo Cycle 1.346ms
[2026-04-03T01:45:32.392+0600][73.270s][info][gc,start       ] GC(171) Pause Young (Normal) (G1 Evacuation Pause)
[2026-04-03T01:45:32.392+0600][73.270s][info][gc,task        ] GC(171) Using 10 workers of 10 for evacuation
[2026-04-03T01:45:32.543+0600][73.421s][info][gc,phases      ] GC(171)   Pre Evacuate Collection Set: 0.47ms
[2026-04-03T01:45:32.544+0600][73.421s][info][gc,phases      ] GC(171)   Merge Heap Roots: 0.94ms
[2026-04-03T01:45:32.544+0600][73.421s][info][gc,phases      ] GC(171)   Evacuate Collection Set: 148.16ms
[2026-04-03T01:45:32.544+0600][73.421s][info][gc,phases      ] GC(171)   Post Evacuate Collection Set: 1.67ms
[2026-04-03T01:45:32.544+0600][73.421s][info][gc,phases      ] GC(171)   Other: 0.13ms
[2026-04-03T01:45:32.544+0600][73.421s][info][gc,heap        ] GC(171) Eden regions: 244->0(136)
[2026-04-03T01:45:32.544+0600][73.421s][info][gc,heap        ] GC(171) Survivor regions: 34->33(35)
[2026-04-03T01:45:32.544+0600][73.421s][info][gc,heap        ] GC(171) Old regions: 264->298
[2026-04-03T01:45:32.544+0600][73.421s][info][gc,heap        ] GC(171) Humongous regions: 256->174
[2026-04-03T01:45:32.544+0600][73.421s][info][gc,metaspace   ] GC(171) Metaspace: 73427K(74368K)->73427K(74368K) NonClass: 64096K(64640K)->64096K(64640K) Class: 9330K(9728K)->9330K(9728K)
[2026-04-03T01:45:32.544+0600][73.421s][info][gc             ] GC(171) Pause Young (Normal) (G1 Evacuation Pause) 1588M->1001M(2098M) 151.731ms
[2026-04-03T01:45:32.544+0600][73.421s][info][gc,cpu         ] GC(171) User=1.44s Sys=0.00s Real=0.15s
[2026-04-03T01:45:33.765+0600][74.642s][info][gc,heap,exit   ] Heap
[2026-04-03T01:45:33.765+0600][74.642s][info][gc,heap,exit   ]  garbage-first heap   total 2148352K, used 1564659K [0x000000070ae00000, 0x0000000800000000)
[2026-04-03T01:45:33.765+0600][74.642s][info][gc,heap,exit   ]   region size 2048K, 292 young (598016K), 33 survivors (67584K)
[2026-04-03T01:45:33.765+0600][74.642s][info][gc,heap,exit   ]  Metaspace       used 74189K, committed 75136K, reserved 1179648K
[2026-04-03T01:45:33.765+0600][74.642s][info][gc,heap,exit   ]   class space    used 9526K, committed 9920K, reserved 1048576K
