[2026-04-03T01:48:01.717+0600][0.006s][info][gc,init] CardTable entry size: 512
[2026-04-03T01:48:01.717+0600][0.006s][info][gc     ] Using G1
[2026-04-03T01:48:01.721+0600][0.010s][info][gc,init] Version: 21.0.10+7-Ubuntu-124.04 (release)
[2026-04-03T01:48:01.721+0600][0.010s][info][gc,init] CPUs: 12 total, 12 available
[2026-04-03T01:48:01.721+0600][0.010s][info][gc,init] Memory: 15683M
[2026-04-03T01:48:01.721+0600][0.010s][info][gc,init] Large Page Support: Disabled
[2026-04-03T01:48:01.721+0600][0.010s][info][gc,init] NUMA Support: Disabled
[2026-04-03T01:48:01.721+0600][0.010s][info][gc,init] Compressed Oops: Enabled (Zero based)
[2026-04-03T01:48:01.721+0600][0.010s][info][gc,init] Heap Region Size: 2M
[2026-04-03T01:48:01.721+0600][0.010s][info][gc,init] Heap Min Capacity: 8M
[2026-04-03T01:48:01.721+0600][0.010s][info][gc,init] Heap Initial Capacity: 246M
[2026-04-03T01:48:01.721+0600][0.010s][info][gc,init] Heap Max Capacity: 3922M
[2026-04-03T01:48:01.721+0600][0.010s][info][gc,init] Pre-touch: Disabled
[2026-04-03T01:48:01.721+0600][0.010s][info][gc,init] Parallel Workers: 10
[2026-04-03T01:48:01.721+0600][0.010s][info][gc,init] Concurrent Workers: 3
[2026-04-03T01:48:01.721+0600][0.010s][info][gc,init] Concurrent Refinement Workers: 10
[2026-04-03T01:48:01.722+0600][0.011s][info][gc,init] Periodic GC: Disabled
[2026-04-03T01:48:01.734+0600][0.023s][info][gc,metaspace] CDS archive(s) mapped at: [0x0000718fab000000-0x0000718fabc9c000-0x0000718fabc9c000), size 13221888, SharedBaseAddress: 0x0000718fab000000, ArchiveRelocationMode: 1.
[2026-04-03T01:48:01.734+0600][0.023s][info][gc,metaspace] Compressed class space mapped at: 0x0000718fac000000-0x0000718fec000000, reserved size: 1073741824
[2026-04-03T01:48:01.734+0600][0.023s][info][gc,metaspace] Narrow klass base: 0x0000718fab000000, Narrow klass shift: 0, Narrow klass range: 0x100000000
[2026-04-03T01:48:02.179+0600][0.468s][info][gc,start    ] GC(0) Pause Young (Normal) (G1 Evacuation Pause)
[2026-04-03T01:48:02.180+0600][0.469s][info][gc,task     ] GC(0) Using 5 workers of 10 for evacuation
[2026-04-03T01:48:02.182+0600][0.471s][info][gc,phases   ] GC(0)   Pre Evacuate Collection Set: 0.15ms
[2026-04-03T01:48:02.183+0600][0.472s][info][gc,phases   ] GC(0)   Merge Heap Roots: 0.12ms
[2026-04-03T01:48:02.183+0600][0.472s][info][gc,phases   ] GC(0)   Evacuate Collection Set: 1.93ms
[2026-04-03T01:48:02.183+0600][0.472s][info][gc,phases   ] GC(0)   Post Evacuate Collection Set: 0.27ms
[2026-04-03T01:48:02.183+0600][0.472s][info][gc,phases   ] GC(0)   Other: 0.91ms
[2026-04-03T01:48:02.183+0600][0.472s][info][gc,heap     ] GC(0) Eden regions: 11->0(22)
[2026-04-03T01:48:02.183+0600][0.472s][info][gc,heap     ] GC(0) Survivor regions: 0->2(2)
[2026-04-03T01:48:02.183+0600][0.472s][info][gc,heap     ] GC(0) Old regions: 1->1
[2026-04-03T01:48:02.183+0600][0.472s][info][gc,heap     ] GC(0) Humongous regions: 0->0
[2026-04-03T01:48:02.183+0600][0.472s][info][gc,metaspace] GC(0) Metaspace: 2517K(2688K)->2517K(2688K) NonClass: 2289K(2368K)->2289K(2368K) Class: 228K(320K)->228K(320K)
[2026-04-03T01:48:02.183+0600][0.472s][info][gc          ] GC(0) Pause Young (Normal) (G1 Evacuation Pause) 23M->3M(248M) 3.680ms
[2026-04-03T01:48:02.183+0600][0.472s][info][gc,cpu      ] GC(0) User=0.01s Sys=0.00s Real=0.01s
[2026-04-03T01:48:02.344+0600][0.633s][info][gc,start    ] GC(1) Pause Young (Normal) (G1 Evacuation Pause)
[2026-04-03T01:48:02.345+0600][0.634s][info][gc,task     ] GC(1) Using 5 workers of 10 for evacuation
[2026-04-03T01:48:02.347+0600][0.636s][info][gc,phases   ] GC(1)   Pre Evacuate Collection Set: 0.25ms
[2026-04-03T01:48:02.347+0600][0.636s][info][gc,phases   ] GC(1)   Merge Heap Roots: 0.07ms
[2026-04-03T01:48:02.348+0600][0.636s][info][gc,phases   ] GC(1)   Evacuate Collection Set: 1.76ms
[2026-04-03T01:48:02.348+0600][0.637s][info][gc,phases   ] GC(1)   Post Evacuate Collection Set: 0.77ms
[2026-04-03T01:48:02.348+0600][0.637s][info][gc,phases   ] GC(1)   Other: 0.08ms
[2026-04-03T01:48:02.348+0600][0.637s][info][gc,heap     ] GC(1) Eden regions: 22->0(71)
[2026-04-03T01:48:02.348+0600][0.637s][info][gc,heap     ] GC(1) Survivor regions: 2->2(3)
[2026-04-03T01:48:02.348+0600][0.637s][info][gc,heap     ] GC(1) Old regions: 1->1
[2026-04-03T01:48:02.348+0600][0.637s][info][gc,heap     ] GC(1) Humongous regions: 0->0
[2026-04-03T01:48:02.348+0600][0.637s][info][gc,metaspace] GC(1) Metaspace: 3795K(3968K)->3795K(3968K) NonClass: 3362K(3456K)->3362K(3456K) Class: 432K(512K)->432K(512K)
[2026-04-03T01:48:02.348+0600][0.637s][info][gc          ] GC(1) Pause Young (Normal) (G1 Evacuation Pause) 47M->3M(248M) 3.170ms
[2026-04-03T01:48:02.348+0600][0.637s][info][gc,cpu      ] GC(1) User=0.01s Sys=0.00s Real=0.00s
[2026-04-03T01:48:03.112+0600][1.401s][info][gc,start    ] GC(2) Pause Young (Normal) (G1 Evacuation Pause)
[2026-04-03T01:48:03.112+0600][1.401s][info][gc,task     ] GC(2) Using 5 workers of 10 for evacuation
[2026-04-03T01:48:03.117+0600][1.406s][info][gc,phases   ] GC(2)   Pre Evacuate Collection Set: 0.30ms
[2026-04-03T01:48:03.117+0600][1.406s][info][gc,phases   ] GC(2)   Merge Heap Roots: 0.19ms
[2026-04-03T01:48:03.117+0600][1.406s][info][gc,phases   ] GC(2)   Evacuate Collection Set: 3.95ms
[2026-04-03T01:48:03.117+0600][1.406s][info][gc,phases   ] GC(2)   Post Evacuate Collection Set: 0.76ms
[2026-04-03T01:48:03.117+0600][1.406s][info][gc,phases   ] GC(2)   Other: 0.13ms
[2026-04-03T01:48:03.117+0600][1.406s][info][gc,heap     ] GC(2) Eden regions: 71->0(71)
[2026-04-03T01:48:03.117+0600][1.406s][info][gc,heap     ] GC(2) Survivor regions: 2->2(10)
[2026-04-03T01:48:03.117+0600][1.406s][info][gc,heap     ] GC(2) Old regions: 1->1
[2026-04-03T01:48:03.117+0600][1.406s][info][gc,heap     ] GC(2) Humongous regions: 0->0
[2026-04-03T01:48:03.117+0600][1.406s][info][gc,metaspace] GC(2) Metaspace: 9900K(10112K)->9900K(10112K) NonClass: 8645K(8768K)->8645K(8768K) Class: 1254K(1344K)->1254K(1344K)
[2026-04-03T01:48:03.117+0600][1.406s][info][gc          ] GC(2) Pause Young (Normal) (G1 Evacuation Pause) 145M->4M(248M) 5.711ms
[2026-04-03T01:48:03.117+0600][1.406s][info][gc,cpu      ] GC(2) User=0.02s Sys=0.01s Real=0.00s
[2026-04-03T01:48:06.219+0600][4.508s][info][gc,start    ] GC(3) Pause Young (Normal) (G1 Evacuation Pause)
[2026-04-03T01:48:06.220+0600][4.509s][info][gc,task     ] GC(3) Using 5 workers of 10 for evacuation
[2026-04-03T01:48:06.227+0600][4.516s][info][gc,phases   ] GC(3)   Pre Evacuate Collection Set: 0.22ms
[2026-04-03T01:48:06.227+0600][4.516s][info][gc,phases   ] GC(3)   Merge Heap Roots: 0.13ms
[2026-04-03T01:48:06.227+0600][4.516s][info][gc,phases   ] GC(3)   Evacuate Collection Set: 6.24ms
[2026-04-03T01:48:06.227+0600][4.516s][info][gc,phases   ] GC(3)   Post Evacuate Collection Set: 0.79ms
[2026-04-03T01:48:06.227+0600][4.516s][info][gc,phases   ] GC(3)   Other: 0.13ms
[2026-04-03T01:48:06.227+0600][4.516s][info][gc,heap     ] GC(3) Eden regions: 71->0(66)
[2026-04-03T01:48:06.227+0600][4.516s][info][gc,heap     ] GC(3) Survivor regions: 2->7(10)
[2026-04-03T01:48:06.227+0600][4.516s][info][gc,heap     ] GC(3) Old regions: 1->1
[2026-04-03T01:48:06.227+0600][4.516s][info][gc,heap     ] GC(3) Humongous regions: 3->3
[2026-04-03T01:48:06.227+0600][4.516s][info][gc,metaspace] GC(3) Metaspace: 17258K(17536K)->17258K(17536K) NonClass: 15104K(15232K)->15104K(15232K) Class: 2154K(2304K)->2154K(2304K)
[2026-04-03T01:48:06.227+0600][4.516s][info][gc          ] GC(3) Pause Young (Normal) (G1 Evacuation Pause) 152M->20M(248M) 7.872ms
[2026-04-03T01:48:06.227+0600][4.516s][info][gc,cpu      ] GC(3) User=0.02s Sys=0.01s Real=0.01s
[2026-04-03T01:48:06.571+0600][4.860s][info][gc,start    ] GC(4) Pause Young (Concurrent Start) (Metadata GC Threshold)
[2026-04-03T01:48:06.572+0600][4.861s][info][gc,task     ] GC(4) Using 5 workers of 10 for evacuation
[2026-04-03T01:48:06.579+0600][4.868s][info][gc,phases   ] GC(4)   Pre Evacuate Collection Set: 0.45ms
[2026-04-03T01:48:06.579+0600][4.868s][info][gc,phases   ] GC(4)   Merge Heap Roots: 0.14ms
[2026-04-03T01:48:06.579+0600][4.868s][info][gc,phases   ] GC(4)   Evacuate Collection Set: 5.61ms
[2026-04-03T01:48:06.579+0600][4.868s][info][gc,phases   ] GC(4)   Post Evacuate Collection Set: 1.30ms
[2026-04-03T01:48:06.579+0600][4.868s][info][gc,phases   ] GC(4)   Other: 0.23ms
[2026-04-03T01:48:06.579+0600][4.868s][info][gc,heap     ] GC(4) Eden regions: 8->0(67)
[2026-04-03T01:48:06.579+0600][4.868s][info][gc,heap     ] GC(4) Survivor regions: 7->6(10)
[2026-04-03T01:48:06.579+0600][4.868s][info][gc,heap     ] GC(4) Old regions: 1->3
[2026-04-03T01:48:06.579+0600][4.868s][info][gc,heap     ] GC(4) Humongous regions: 3->3
[2026-04-03T01:48:06.579+0600][4.868s][info][gc,metaspace] GC(4) Metaspace: 21218K(21504K)->21218K(21504K) NonClass: 18586K(18688K)->18586K(18688K) Class: 2631K(2816K)->2631K(2816K)
[2026-04-03T01:48:06.580+0600][4.869s][info][gc          ] GC(4) Pause Young (Concurrent Start) (Metadata GC Threshold) 36M->21M(248M) 8.043ms
[2026-04-03T01:48:06.580+0600][4.869s][info][gc,cpu      ] GC(4) User=0.03s Sys=0.00s Real=0.00s
[2026-04-03T01:48:06.580+0600][4.869s][info][gc          ] GC(5) Concurrent Mark Cycle
[2026-04-03T01:48:06.580+0600][4.869s][info][gc,marking  ] GC(5) Concurrent Scan Root Regions
[2026-04-03T01:48:06.583+0600][4.872s][info][gc,marking  ] GC(5) Concurrent Scan Root Regions 3.644ms
[2026-04-03T01:48:06.583+0600][4.872s][info][gc,marking  ] GC(5) Concurrent Mark
[2026-04-03T01:48:06.583+0600][4.872s][info][gc,marking  ] GC(5) Concurrent Mark From Roots
[2026-04-03T01:48:06.583+0600][4.872s][info][gc,task     ] GC(5) Using 3 workers of 3 for marking
[2026-04-03T01:48:06.588+0600][4.877s][info][gc,marking  ] GC(5) Concurrent Mark From Roots 4.433ms
[2026-04-03T01:48:06.588+0600][4.877s][info][gc,marking  ] GC(5) Concurrent Preclean
[2026-04-03T01:48:06.588+0600][4.877s][info][gc,marking  ] GC(5) Concurrent Preclean 0.020ms
[2026-04-03T01:48:06.589+0600][4.878s][info][gc,start    ] GC(5) Pause Remark
[2026-04-03T01:48:06.592+0600][4.881s][info][gc          ] GC(5) Pause Remark 22M->22M(80M) 3.536ms
[2026-04-03T01:48:06.592+0600][4.881s][info][gc,cpu      ] GC(5) User=0.01s Sys=0.00s Real=0.01s
[2026-04-03T01:48:06.592+0600][4.881s][info][gc,marking  ] GC(5) Concurrent Mark 8.895ms
[2026-04-03T01:48:06.592+0600][4.881s][info][gc,marking  ] GC(5) Concurrent Rebuild Remembered Sets and Scrub Regions
[2026-04-03T01:48:06.595+0600][4.884s][info][gc,marking  ] GC(5) Concurrent Rebuild Remembered Sets and Scrub Regions 2.611ms
[2026-04-03T01:48:06.610+0600][4.899s][info][gc,start    ] GC(5) Pause Cleanup
[2026-04-03T01:48:06.610+0600][4.899s][info][gc          ] GC(5) Pause Cleanup 22M->22M(80M) 0.199ms
[2026-04-03T01:48:06.610+0600][4.899s][info][gc,cpu      ] GC(5) User=0.00s Sys=0.00s Real=0.00s
[2026-04-03T01:48:06.610+0600][4.899s][info][gc,marking  ] GC(5) Concurrent Clear Claimed Marks
[2026-04-03T01:48:06.610+0600][4.899s][info][gc,marking  ] GC(5) Concurrent Clear Claimed Marks 0.104ms
[2026-04-03T01:48:06.610+0600][4.899s][info][gc,marking  ] GC(5) Concurrent Cleanup for Next Mark
[2026-04-03T01:48:06.611+0600][4.900s][info][gc,marking  ] GC(5) Concurrent Cleanup for Next Mark 0.995ms
[2026-04-03T01:48:06.611+0600][4.900s][info][gc          ] GC(5) Concurrent Mark Cycle 31.632ms
[2026-04-03T01:48:07.858+0600][6.147s][info][gc,start    ] GC(6) Pause Young (Prepare Mixed) (G1 Evacuation Pause)
[2026-04-03T01:48:07.858+0600][6.147s][info][gc,task     ] GC(6) Using 3 workers of 10 for evacuation
[2026-04-03T01:48:07.868+0600][6.157s][info][gc,phases   ] GC(6)   Pre Evacuate Collection Set: 0.26ms
[2026-04-03T01:48:07.868+0600][6.157s][info][gc,phases   ] GC(6)   Merge Heap Roots: 0.19ms
[2026-04-03T01:48:07.868+0600][6.157s][info][gc,phases   ] GC(6)   Evacuate Collection Set: 8.09ms
[2026-04-03T01:48:07.868+0600][6.157s][info][gc,phases   ] GC(6)   Post Evacuate Collection Set: 1.08ms
[2026-04-03T01:48:07.868+0600][6.157s][info][gc,phases   ] GC(6)   Other: 0.08ms
[2026-04-03T01:48:07.868+0600][6.157s][info][gc,heap     ] GC(6) Eden regions: 27->0(26)
[2026-04-03T01:48:07.868+0600][6.157s][info][gc,heap     ] GC(6) Survivor regions: 6->2(10)
[2026-04-03T01:48:07.868+0600][6.157s][info][gc,heap     ] GC(6) Old regions: 3->8
[2026-04-03T01:48:07.868+0600][6.157s][info][gc,heap     ] GC(6) Humongous regions: 5->4
[2026-04-03T01:48:07.868+0600][6.157s][info][gc,metaspace] GC(6) Metaspace: 28589K(28928K)->28589K(28928K) NonClass: 25028K(25216K)->25028K(25216K) Class: 3560K(3712K)->3560K(3712K)
[2026-04-03T01:48:07.868+0600][6.157s][info][gc          ] GC(6) Pause Young (Prepare Mixed) (G1 Evacuation Pause) 79M->25M(96M) 9.934ms
[2026-04-03T01:48:07.868+0600][6.157s][info][gc,cpu      ] GC(6) User=0.01s Sys=0.02s Real=0.01s
[2026-04-03T01:48:10.170+0600][8.459s][info][gc,start    ] GC(7) Pause Young (Mixed) (G1 Evacuation Pause)
[2026-04-03T01:48:10.170+0600][8.459s][info][gc,task     ] GC(7) Using 2 workers of 10 for evacuation
[2026-04-03T01:48:10.186+0600][8.475s][info][gc,phases   ] GC(7)   Pre Evacuate Collection Set: 0.16ms
[2026-04-03T01:48:10.186+0600][8.475s][info][gc,phases   ] GC(7)   Merge Heap Roots: 0.13ms
[2026-04-03T01:48:10.186+0600][8.475s][info][gc,phases   ] GC(7)   Evacuate Collection Set: 14.47ms
[2026-04-03T01:48:10.186+0600][8.475s][info][gc,phases   ] GC(7)   Post Evacuate Collection Set: 0.88ms
[2026-04-03T01:48:10.186+0600][8.475s][info][gc,phases   ] GC(7)   Other: 0.11ms
[2026-04-03T01:48:10.186+0600][8.475s][info][gc,heap     ] GC(7) Eden regions: 26->0(28)
[2026-04-03T01:48:10.186+0600][8.475s][info][gc,heap     ] GC(7) Survivor regions: 2->3(4)
[2026-04-03T01:48:10.186+0600][8.475s][info][gc,heap     ] GC(7) Old regions: 8->8
[2026-04-03T01:48:10.186+0600][8.475s][info][gc,heap     ] GC(7) Humongous regions: 12->3
[2026-04-03T01:48:10.186+0600][8.475s][info][gc,metaspace] GC(7) Metaspace: 35590K(35968K)->35590K(35968K) NonClass: 31148K(31360K)->31148K(31360K) Class: 4442K(4608K)->4442K(4608K)
[2026-04-03T01:48:10.186+0600][8.475s][info][gc          ] GC(7) Pause Young (Mixed) (G1 Evacuation Pause) 93M->25M(104M) 16.076ms
[2026-04-03T01:48:10.186+0600][8.475s][info][gc,cpu      ] GC(7) User=0.03s Sys=0.01s Real=0.01s
[2026-04-03T01:48:10.209+0600][8.498s][info][gc,start    ] GC(8) Pause Young (Concurrent Start) (Metadata GC Threshold)
[2026-04-03T01:48:10.209+0600][8.498s][info][gc,task     ] GC(8) Using 2 workers of 10 for evacuation
[2026-04-03T01:48:10.217+0600][8.506s][info][gc,phases   ] GC(8)   Pre Evacuate Collection Set: 0.28ms
[2026-04-03T01:48:10.217+0600][8.506s][info][gc,phases   ] GC(8)   Merge Heap Roots: 0.07ms
[2026-04-03T01:48:10.217+0600][8.506s][info][gc,phases   ] GC(8)   Evacuate Collection Set: 7.21ms
[2026-04-03T01:48:10.217+0600][8.506s][info][gc,phases   ] GC(8)   Post Evacuate Collection Set: 0.49ms
[2026-04-03T01:48:10.217+0600][8.506s][info][gc,phases   ] GC(8)   Other: 0.19ms
[2026-04-03T01:48:10.217+0600][8.506s][info][gc,heap     ] GC(8) Eden regions: 3->0(29)
[2026-04-03T01:48:10.217+0600][8.506s][info][gc,heap     ] GC(8) Survivor regions: 3->2(4)
[2026-04-03T01:48:10.217+0600][8.506s][info][gc,heap     ] GC(8) Old regions: 8->9
[2026-04-03T01:48:10.217+0600][8.506s][info][gc,heap     ] GC(8) Humongous regions: 3->3
[2026-04-03T01:48:10.217+0600][8.506s][info][gc,metaspace] GC(8) Metaspace: 35857K(36160K)->35857K(36160K) NonClass: 31388K(31552K)->31388K(31552K) Class: 4469K(4608K)->4469K(4608K)
[2026-04-03T01:48:10.218+0600][8.506s][info][gc          ] GC(8) Pause Young (Concurrent Start) (Metadata GC Threshold) 30M->25M(104M) 8.469ms
[2026-04-03T01:48:10.218+0600][8.507s][info][gc,cpu      ] GC(8) User=0.01s Sys=0.00s Real=0.01s
[2026-04-03T01:48:10.218+0600][8.507s][info][gc          ] GC(9) Concurrent Mark Cycle
[2026-04-03T01:48:10.218+0600][8.507s][info][gc,marking  ] GC(9) Concurrent Scan Root Regions
[2026-04-03T01:48:10.221+0600][8.510s][info][gc,marking  ] GC(9) Concurrent Scan Root Regions 2.976ms
[2026-04-03T01:48:10.221+0600][8.510s][info][gc,marking  ] GC(9) Concurrent Mark
[2026-04-03T01:48:10.221+0600][8.510s][info][gc,marking  ] GC(9) Concurrent Mark From Roots
[2026-04-03T01:48:10.221+0600][8.510s][info][gc,task     ] GC(9) Using 3 workers of 3 for marking
[2026-04-03T01:48:10.227+0600][8.516s][info][gc,marking  ] GC(9) Concurrent Mark From Roots 6.003ms
[2026-04-03T01:48:10.227+0600][8.516s][info][gc,marking  ] GC(9) Concurrent Preclean
[2026-04-03T01:48:10.227+0600][8.516s][info][gc,marking  ] GC(9) Concurrent Preclean 0.095ms
[2026-04-03T01:48:10.227+0600][8.516s][info][gc,start    ] GC(9) Pause Remark
[2026-04-03T01:48:10.233+0600][8.522s][info][gc          ] GC(9) Pause Remark 26M->26M(94M) 6.314ms
[2026-04-03T01:48:10.233+0600][8.522s][info][gc,cpu      ] GC(9) User=0.01s Sys=0.00s Real=0.01s
[2026-04-03T01:48:10.234+0600][8.523s][info][gc,marking  ] GC(9) Concurrent Mark 12.837ms
[2026-04-03T01:48:10.234+0600][8.523s][info][gc,marking  ] GC(9) Concurrent Rebuild Remembered Sets and Scrub Regions
[2026-04-03T01:48:10.237+0600][8.526s][info][gc,marking  ] GC(9) Concurrent Rebuild Remembered Sets and Scrub Regions 3.668ms
[2026-04-03T01:48:10.238+0600][8.527s][info][gc,start    ] GC(9) Pause Cleanup
[2026-04-03T01:48:10.238+0600][8.527s][info][gc          ] GC(9) Pause Cleanup 26M->26M(94M) 0.222ms
[2026-04-03T01:48:10.238+0600][8.527s][info][gc,cpu      ] GC(9) User=0.00s Sys=0.00s Real=0.00s
[2026-04-03T01:48:10.238+0600][8.527s][info][gc,marking  ] GC(9) Concurrent Clear Claimed Marks
[2026-04-03T01:48:10.238+0600][8.527s][info][gc,marking  ] GC(9) Concurrent Clear Claimed Marks 0.071ms
[2026-04-03T01:48:10.238+0600][8.527s][info][gc,marking  ] GC(9) Concurrent Cleanup for Next Mark
[2026-04-03T01:48:10.238+0600][8.527s][info][gc,marking  ] GC(9) Concurrent Cleanup for Next Mark 0.412ms
[2026-04-03T01:48:10.238+0600][8.527s][info][gc          ] GC(9) Concurrent Mark Cycle 20.866ms
[2026-04-03T01:48:12.104+0600][10.393s][info][gc,start    ] GC(10) Pause Young (Prepare Mixed) (G1 Evacuation Pause)
[2026-04-03T01:48:12.104+0600][10.393s][info][gc,task     ] GC(10) Using 2 workers of 10 for evacuation
[2026-04-03T01:48:12.118+0600][10.407s][info][gc,phases   ] GC(10)   Pre Evacuate Collection Set: 0.33ms
[2026-04-03T01:48:12.118+0600][10.407s][info][gc,phases   ] GC(10)   Merge Heap Roots: 0.15ms
[2026-04-03T01:48:12.118+0600][10.407s][info][gc,phases   ] GC(10)   Evacuate Collection Set: 12.97ms
[2026-04-03T01:48:12.118+0600][10.407s][info][gc,phases   ] GC(10)   Post Evacuate Collection Set: 0.99ms
[2026-04-03T01:48:12.118+0600][10.407s][info][gc,phases   ] GC(10)   Other: 0.16ms
[2026-04-03T01:48:12.118+0600][10.407s][info][gc,heap     ] GC(10) Eden regions: 27->0(26)
[2026-04-03T01:48:12.118+0600][10.407s][info][gc,heap     ] GC(10) Survivor regions: 2->4(4)
[2026-04-03T01:48:12.118+0600][10.407s][info][gc,heap     ] GC(10) Old regions: 9->9
[2026-04-03T01:48:12.118+0600][10.407s][info][gc,heap     ] GC(10) Humongous regions: 9->3
[2026-04-03T01:48:12.118+0600][10.407s][info][gc,metaspace] GC(10) Metaspace: 42820K(43200K)->42820K(43200K) NonClass: 37488K(37696K)->37488K(37696K) Class: 5331K(5504K)->5331K(5504K)
[2026-04-03T01:48:12.119+0600][10.408s][info][gc          ] GC(10) Pause Young (Prepare Mixed) (G1 Evacuation Pause) 91M->28M(102M) 14.925ms
[2026-04-03T01:48:12.119+0600][10.408s][info][gc,cpu      ] GC(10) User=0.04s Sys=0.01s Real=0.01s
[2026-04-03T01:48:12.713+0600][11.002s][info][gc,start    ] GC(11) Pause Young (Mixed) (G1 Evacuation Pause)
[2026-04-03T01:48:12.713+0600][11.002s][info][gc,task     ] GC(11) Using 2 workers of 10 for evacuation
[2026-04-03T01:48:12.729+0600][11.018s][info][gc,phases   ] GC(11)   Pre Evacuate Collection Set: 0.17ms
[2026-04-03T01:48:12.729+0600][11.018s][info][gc,phases   ] GC(11)   Merge Heap Roots: 0.16ms
[2026-04-03T01:48:12.729+0600][11.018s][info][gc,phases   ] GC(11)   Evacuate Collection Set: 15.05ms
[2026-04-03T01:48:12.729+0600][11.018s][info][gc,phases   ] GC(11)   Post Evacuate Collection Set: 0.88ms
[2026-04-03T01:48:12.729+0600][11.018s][info][gc,phases   ] GC(11)   Other: 0.07ms
[2026-04-03T01:48:12.729+0600][11.018s][info][gc,heap     ] GC(11) Eden regions: 26->0(27)
[2026-04-03T01:48:12.729+0600][11.018s][info][gc,heap     ] GC(11) Survivor regions: 4->3(4)
[2026-04-03T01:48:12.729+0600][11.018s][info][gc,heap     ] GC(11) Old regions: 9->10
[2026-04-03T01:48:12.729+0600][11.018s][info][gc,heap     ] GC(11) Humongous regions: 3->3
[2026-04-03T01:48:12.729+0600][11.018s][info][gc,metaspace] GC(11) Metaspace: 49564K(50048K)->49564K(50048K) NonClass: 43397K(43712K)->43397K(43712K) Class: 6166K(6336K)->6166K(6336K)
[2026-04-03T01:48:12.730+0600][11.019s][info][gc          ] GC(11) Pause Young (Mixed) (G1 Evacuation Pause) 80M->30M(102M) 16.565ms
[2026-04-03T01:48:12.730+0600][11.019s][info][gc,cpu      ] GC(11) User=0.02s Sys=0.01s Real=0.01s
[2026-04-03T01:48:12.871+0600][11.160s][info][gc,start    ] GC(12) Pause Young (Normal) (G1 Evacuation Pause)
[2026-04-03T01:48:12.871+0600][11.160s][info][gc,task     ] GC(12) Using 2 workers of 10 for evacuation
[2026-04-03T01:48:13.211+0600][11.500s][info][gc,mmu      ] GC(12) MMU target violated: 201.0ms (200.0ms/201.0ms)
[2026-04-03T01:48:13.211+0600][11.500s][info][gc,phases   ] GC(12)   Pre Evacuate Collection Set: 0.23ms
[2026-04-03T01:48:13.211+0600][11.500s][info][gc,phases   ] GC(12)   Merge Heap Roots: 0.07ms
[2026-04-03T01:48:13.211+0600][11.500s][info][gc,phases   ] GC(12)   Evacuate Collection Set: 339.62ms
[2026-04-03T01:48:13.211+0600][11.500s][info][gc,phases   ] GC(12)   Post Evacuate Collection Set: 0.62ms
[2026-04-03T01:48:13.211+0600][11.500s][info][gc,phases   ] GC(12)   Other: 0.15ms
[2026-04-03T01:48:13.211+0600][11.500s][info][gc,heap     ] GC(12) Eden regions: 27->0(12)
[2026-04-03T01:48:13.211+0600][11.500s][info][gc,heap     ] GC(12) Survivor regions: 3->4(4)
[2026-04-03T01:48:13.211+0600][11.500s][info][gc,heap     ] GC(12) Old regions: 10->36
[2026-04-03T01:48:13.211+0600][11.500s][info][gc,heap     ] GC(12) Humongous regions: 3->3
[2026-04-03T01:48:13.211+0600][11.500s][info][gc,metaspace] GC(12) Metaspace: 49608K(50048K)->49608K(50048K) NonClass: 43441K(43712K)->43441K(43712K) Class: 6166K(6336K)->6166K(6336K)
[2026-04-03T01:48:13.212+0600][11.501s][info][gc          ] GC(12) Pause Young (Normal) (G1 Evacuation Pause) 84M->84M(146M) 340.902ms
[2026-04-03T01:48:13.212+0600][11.501s][info][gc,cpu      ] GC(12) User=0.66s Sys=0.03s Real=0.34s
[2026-04-03T01:48:13.273+0600][11.562s][info][gc,start    ] GC(13) Pause Young (Concurrent Start) (G1 Evacuation Pause)
[2026-04-03T01:48:13.274+0600][11.563s][info][gc,task     ] GC(13) Using 3 workers of 10 for evacuation
[2026-04-03T01:48:13.436+0600][11.725s][info][gc,phases   ] GC(13)   Pre Evacuate Collection Set: 0.27ms
[2026-04-03T01:48:13.437+0600][11.726s][info][gc,phases   ] GC(13)   Merge Heap Roots: 0.11ms
[2026-04-03T01:48:13.437+0600][11.726s][info][gc,phases   ] GC(13)   Evacuate Collection Set: 161.02ms
[2026-04-03T01:48:13.437+0600][11.726s][info][gc,phases   ] GC(13)   Post Evacuate Collection Set: 1.28ms
[2026-04-03T01:48:13.437+0600][11.726s][info][gc,phases   ] GC(13)   Other: 0.18ms
[2026-04-03T01:48:13.437+0600][11.726s][info][gc,heap     ] GC(13) Eden regions: 12->0(28)
[2026-04-03T01:48:13.437+0600][11.726s][info][gc,heap     ] GC(13) Survivor regions: 4->2(2)
[2026-04-03T01:48:13.437+0600][11.726s][info][gc,heap     ] GC(13) Old regions: 36->50
[2026-04-03T01:48:13.437+0600][11.726s][info][gc,heap     ] GC(13) Humongous regions: 3->3
[2026-04-03T01:48:13.437+0600][11.726s][info][gc,metaspace] GC(13) Metaspace: 49608K(50048K)->49608K(50048K) NonClass: 43441K(43712K)->43441K(43712K) Class: 6166K(6336K)->6166K(6336K)
[2026-04-03T01:48:13.437+0600][11.726s][info][gc          ] GC(13) Pause Young (Concurrent Start) (G1 Evacuation Pause) 108M->109M(360M) 163.164ms
[2026-04-03T01:48:13.437+0600][11.726s][info][gc,cpu      ] GC(13) User=0.48s Sys=0.02s Real=0.16s
[2026-04-03T01:48:13.437+0600][11.726s][info][gc          ] GC(14) Concurrent Mark Cycle
[2026-04-03T01:48:13.437+0600][11.726s][info][gc,marking  ] GC(14) Concurrent Scan Root Regions
[2026-04-03T01:48:13.447+0600][11.736s][info][gc,marking  ] GC(14) Concurrent Scan Root Regions 9.906ms
[2026-04-03T01:48:13.447+0600][11.736s][info][gc,marking  ] GC(14) Concurrent Mark
[2026-04-03T01:48:13.447+0600][11.736s][info][gc,marking  ] GC(14) Concurrent Mark From Roots
[2026-04-03T01:48:13.447+0600][11.736s][info][gc,task     ] GC(14) Using 3 workers of 3 for marking
[2026-04-03T01:48:13.685+0600][11.974s][info][gc,start    ] GC(15) Pause Young (Normal) (G1 Evacuation Pause)
[2026-04-03T01:48:13.685+0600][11.974s][info][gc,task     ] GC(15) Using 8 workers of 10 for evacuation
[2026-04-03T01:48:14.022+0600][12.311s][info][gc,mmu      ] GC(15) MMU target violated: 201.0ms (200.0ms/201.0ms)
[2026-04-03T01:48:14.022+0600][12.311s][info][gc,phases   ] GC(15)   Pre Evacuate Collection Set: 0.40ms
[2026-04-03T01:48:14.022+0600][12.311s][info][gc,phases   ] GC(15)   Merge Heap Roots: 0.09ms
[2026-04-03T01:48:14.022+0600][12.311s][info][gc,phases   ] GC(15)   Evacuate Collection Set: 336.18ms
[2026-04-03T01:48:14.022+0600][12.311s][info][gc,phases   ] GC(15)   Post Evacuate Collection Set: 0.53ms
[2026-04-03T01:48:14.022+0600][12.311s][info][gc,phases   ] GC(15)   Other: 0.22ms
[2026-04-03T01:48:14.022+0600][12.311s][info][gc,heap     ] GC(15) Eden regions: 28->0(25)
[2026-04-03T01:48:14.022+0600][12.311s][info][gc,heap     ] GC(15) Survivor regions: 2->4(4)
[2026-04-03T01:48:14.022+0600][12.311s][info][gc,heap     ] GC(15) Old regions: 50->78
[2026-04-03T01:48:14.022+0600][12.311s][info][gc,heap     ] GC(15) Humongous regions: 3->3
[2026-04-03T01:48:14.022+0600][12.311s][info][gc,metaspace] GC(15) Metaspace: 49608K(50048K)->49608K(50048K) NonClass: 43441K(43712K)->43441K(43712K) Class: 6166K(6336K)->6166K(6336K)
[2026-04-03T01:48:14.023+0600][12.312s][info][gc          ] GC(15) Pause Young (Normal) (G1 Evacuation Pause) 165M->168M(360M) 337.610ms
[2026-04-03T01:48:14.023+0600][12.312s][info][gc,cpu      ] GC(15) User=0.86s Sys=0.07s Real=0.34s
[2026-04-03T01:48:14.098+0600][12.387s][info][gc,marking  ] GC(14) Concurrent Mark From Roots 651.117ms
[2026-04-03T01:48:14.098+0600][12.387s][info][gc,marking  ] GC(14) Concurrent Preclean
[2026-04-03T01:48:14.098+0600][12.387s][info][gc,marking  ] GC(14) Concurrent Preclean 0.123ms
[2026-04-03T01:48:14.098+0600][12.387s][info][gc,start    ] GC(14) Pause Remark
[2026-04-03T01:48:14.102+0600][12.391s][info][gc          ] GC(14) Pause Remark 193M->193M(360M) 3.611ms
[2026-04-03T01:48:14.102+0600][12.391s][info][gc,cpu      ] GC(14) User=0.01s Sys=0.00s Real=0.01s
[2026-04-03T01:48:14.102+0600][12.391s][info][gc,marking  ] GC(14) Concurrent Mark 655.418ms
[2026-04-03T01:48:14.102+0600][12.391s][info][gc,marking  ] GC(14) Concurrent Rebuild Remembered Sets and Scrub Regions
[2026-04-03T01:48:14.143+0600][12.432s][info][gc,marking  ] GC(14) Concurrent Rebuild Remembered Sets and Scrub Regions 40.646ms
[2026-04-03T01:48:14.143+0600][12.432s][info][gc,start    ] GC(14) Pause Cleanup
[2026-04-03T01:48:14.144+0600][12.432s][info][gc          ] GC(14) Pause Cleanup 206M->206M(360M) 0.240ms
[2026-04-03T01:48:14.144+0600][12.433s][info][gc,cpu      ] GC(14) User=0.01s Sys=0.00s Real=0.00s
[2026-04-03T01:48:14.144+0600][12.433s][info][gc,marking  ] GC(14) Concurrent Clear Claimed Marks
[2026-04-03T01:48:14.144+0600][12.433s][info][gc,marking  ] GC(14) Concurrent Clear Claimed Marks 0.129ms
[2026-04-03T01:48:14.144+0600][12.433s][info][gc,marking  ] GC(14) Concurrent Cleanup for Next Mark
[2026-04-03T01:48:14.146+0600][12.435s][info][gc,marking  ] GC(14) Concurrent Cleanup for Next Mark 1.714ms
[2026-04-03T01:48:14.146+0600][12.435s][info][gc          ] GC(14) Concurrent Mark Cycle 708.907ms
[2026-04-03T01:48:14.187+0600][12.476s][info][gc,start    ] GC(16) Pause Young (Prepare Mixed) (G1 Evacuation Pause)
[2026-04-03T01:48:14.188+0600][12.477s][info][gc,task     ] GC(16) Using 8 workers of 10 for evacuation
[2026-04-03T01:48:14.542+0600][12.831s][info][gc,mmu      ] GC(16) MMU target violated: 201.0ms (200.0ms/201.0ms)
[2026-04-03T01:48:14.542+0600][12.831s][info][gc,phases   ] GC(16)   Pre Evacuate Collection Set: 0.51ms
[2026-04-03T01:48:14.542+0600][12.831s][info][gc,phases   ] GC(16)   Merge Heap Roots: 0.09ms
[2026-04-03T01:48:14.542+0600][12.831s][info][gc,phases   ] GC(16)   Evacuate Collection Set: 353.02ms
[2026-04-03T01:48:14.542+0600][12.831s][info][gc,phases   ] GC(16)   Post Evacuate Collection Set: 0.36ms
[2026-04-03T01:48:14.542+0600][12.831s][info][gc,phases   ] GC(16)   Other: 0.24ms
[2026-04-03T01:48:14.542+0600][12.831s][info][gc,heap     ] GC(16) Eden regions: 25->0(21)
[2026-04-03T01:48:14.542+0600][12.831s][info][gc,heap     ] GC(16) Survivor regions: 4->4(4)
[2026-04-03T01:48:14.542+0600][12.831s][info][gc,heap     ] GC(16) Old regions: 78->104
[2026-04-03T01:48:14.542+0600][12.831s][info][gc,heap     ] GC(16) Humongous regions: 3->3
[2026-04-03T01:48:14.542+0600][12.831s][info][gc,metaspace] GC(16) Metaspace: 49608K(50048K)->49608K(50048K) NonClass: 43441K(43712K)->43441K(43712K) Class: 6166K(6336K)->6166K(6336K)
[2026-04-03T01:48:14.542+0600][12.831s][info][gc          ] GC(16) Pause Young (Prepare Mixed) (G1 Evacuation Pause) 218M->221M(360M) 354.442ms
[2026-04-03T01:48:14.542+0600][12.831s][info][gc,cpu      ] GC(16) User=1.09s Sys=0.08s Real=0.36s
[2026-04-03T01:48:14.637+0600][12.926s][info][gc,start    ] GC(17) Pause Young (Mixed) (G1 Evacuation Pause)
[2026-04-03T01:48:14.637+0600][12.926s][info][gc,task     ] GC(17) Using 8 workers of 10 for evacuation
[2026-04-03T01:48:14.931+0600][13.220s][info][gc,mmu      ] GC(17) MMU target violated: 201.0ms (200.0ms/201.0ms)
[2026-04-03T01:48:14.931+0600][13.220s][info][gc,phases   ] GC(17)   Pre Evacuate Collection Set: 0.40ms
[2026-04-03T01:48:14.931+0600][13.220s][info][gc,phases   ] GC(17)   Merge Heap Roots: 0.23ms
[2026-04-03T01:48:14.931+0600][13.220s][info][gc,phases   ] GC(17)   Evacuate Collection Set: 292.91ms
[2026-04-03T01:48:14.931+0600][13.220s][info][gc,phases   ] GC(17)   Post Evacuate Collection Set: 0.72ms
[2026-04-03T01:48:14.931+0600][13.220s][info][gc,phases   ] GC(17)   Other: 0.15ms
[2026-04-03T01:48:14.931+0600][13.220s][info][gc,heap     ] GC(17) Eden regions: 21->0(14)
[2026-04-03T01:48:14.931+0600][13.220s][info][gc,heap     ] GC(17) Survivor regions: 4->4(4)
[2026-04-03T01:48:14.931+0600][13.220s][info][gc,heap     ] GC(17) Old regions: 104->126
[2026-04-03T01:48:14.931+0600][13.220s][info][gc,heap     ] GC(17) Humongous regions: 3->3
[2026-04-03T01:48:14.931+0600][13.220s][info][gc,metaspace] GC(17) Metaspace: 49608K(50048K)->49608K(50048K) NonClass: 43441K(43712K)->43441K(43712K) Class: 6166K(6336K)->6166K(6336K)
[2026-04-03T01:48:14.931+0600][13.220s][info][gc          ] GC(17) Pause Young (Mixed) (G1 Evacuation Pause) 263M->265M(360M) 294.593ms
[2026-04-03T01:48:14.931+0600][13.220s][info][gc,cpu      ] GC(17) User=1.08s Sys=0.09s Real=0.30s
[2026-04-03T01:48:15.000+0600][13.289s][info][gc,start    ] GC(18) Pause Young (Concurrent Start) (G1 Evacuation Pause)
[2026-04-03T01:48:15.000+0600][13.289s][info][gc,task     ] GC(18) Using 8 workers of 10 for evacuation
[2026-04-03T01:48:15.237+0600][13.526s][info][gc,mmu      ] GC(18) MMU target violated: 201.0ms (200.0ms/201.0ms)
[2026-04-03T01:48:15.237+0600][13.526s][info][gc,phases   ] GC(18)   Pre Evacuate Collection Set: 0.34ms
[2026-04-03T01:48:15.237+0600][13.526s][info][gc,phases   ] GC(18)   Merge Heap Roots: 0.10ms
[2026-04-03T01:48:15.237+0600][13.526s][info][gc,phases   ] GC(18)   Evacuate Collection Set: 236.40ms
[2026-04-03T01:48:15.237+0600][13.526s][info][gc,phases   ] GC(18)   Post Evacuate Collection Set: 0.48ms
[2026-04-03T01:48:15.237+0600][13.526s][info][gc,phases   ] GC(18)   Other: 0.17ms
[2026-04-03T01:48:15.237+0600][13.526s][info][gc,heap     ] GC(18) Eden regions: 14->0(9)
[2026-04-03T01:48:15.237+0600][13.526s][info][gc,heap     ] GC(18) Survivor regions: 4->3(3)
[2026-04-03T01:48:15.237+0600][13.526s][info][gc,heap     ] GC(18) Old regions: 126->142
[2026-04-03T01:48:15.237+0600][13.526s][info][gc,heap     ] GC(18) Humongous regions: 3->3
[2026-04-03T01:48:15.237+0600][13.526s][info][gc,metaspace] GC(18) Metaspace: 49608K(50048K)->49608K(50048K) NonClass: 43441K(43712K)->43441K(43712K) Class: 6166K(6336K)->6166K(6336K)
[2026-04-03T01:48:15.237+0600][13.526s][info][gc          ] GC(18) Pause Young (Concurrent Start) (G1 Evacuation Pause) 293M->296M(360M) 237.669ms
[2026-04-03T01:48:15.238+0600][13.527s][info][gc          ] GC(19) Concurrent Mark Cycle
[2026-04-03T01:48:15.238+0600][13.527s][info][gc,marking  ] GC(19) Concurrent Scan Root Regions
[2026-04-03T01:48:15.238+0600][13.527s][info][gc,cpu      ] GC(18) User=0.93s Sys=0.09s Real=0.23s
[2026-04-03T01:48:15.245+0600][13.534s][info][gc,marking  ] GC(19) Concurrent Scan Root Regions 7.676ms
[2026-04-03T01:48:15.245+0600][13.534s][info][gc,marking  ] GC(19) Concurrent Mark
[2026-04-03T01:48:15.245+0600][13.534s][info][gc,marking  ] GC(19) Concurrent Mark From Roots
[2026-04-03T01:48:15.245+0600][13.534s][info][gc,task     ] GC(19) Using 3 workers of 3 for marking
[2026-04-03T01:48:15.300+0600][13.589s][info][gc,start    ] GC(20) Pause Young (Normal) (G1 Evacuation Pause)
[2026-04-03T01:48:15.300+0600][13.589s][info][gc,task     ] GC(20) Using 8 workers of 10 for evacuation
[2026-04-03T01:48:15.473+0600][13.762s][info][gc,phases   ] GC(20)   Pre Evacuate Collection Set: 0.36ms
[2026-04-03T01:48:15.473+0600][13.762s][info][gc,phases   ] GC(20)   Merge Heap Roots: 0.23ms
[2026-04-03T01:48:15.473+0600][13.762s][info][gc,phases   ] GC(20)   Evacuate Collection Set: 169.47ms
[2026-04-03T01:48:15.474+0600][13.762s][info][gc,phases   ] GC(20)   Post Evacuate Collection Set: 3.08ms
[2026-04-03T01:48:15.474+0600][13.763s][info][gc,phases   ] GC(20)   Other: 0.08ms
[2026-04-03T01:48:15.474+0600][13.763s][info][gc,heap     ] GC(20) Eden regions: 9->0(25)
[2026-04-03T01:48:15.474+0600][13.763s][info][gc,heap     ] GC(20) Survivor regions: 3->2(2)
[2026-04-03T01:48:15.474+0600][13.763s][info][gc,heap     ] GC(20) Old regions: 142->154
[2026-04-03T01:48:15.474+0600][13.763s][info][gc,heap     ] GC(20) Humongous regions: 3->3
[2026-04-03T01:48:15.474+0600][13.763s][info][gc,metaspace] GC(20) Metaspace: 49608K(50048K)->49608K(50048K) NonClass: 43441K(43712K)->43441K(43712K) Class: 6166K(6336K)->6166K(6336K)
[2026-04-03T01:48:15.474+0600][13.763s][info][gc          ] GC(20) Pause Young (Normal) (G1 Evacuation Pause) 314M->317M(1080M) 173.500ms
[2026-04-03T01:48:15.474+0600][13.763s][info][gc,cpu      ] GC(20) User=0.81s Sys=0.05s Real=0.17s
[2026-04-03T01:48:15.709+0600][13.998s][info][gc,start    ] GC(21) Pause Young (Normal) (G1 Evacuation Pause)
[2026-04-03T01:48:15.709+0600][13.998s][info][gc,task     ] GC(21) Using 10 workers of 10 for evacuation
[2026-04-03T01:48:16.035+0600][14.324s][info][gc,mmu      ] GC(21) MMU target violated: 201.0ms (200.0ms/201.0ms)
[2026-04-03T01:48:16.035+0600][14.324s][info][gc,phases   ] GC(21)   Pre Evacuate Collection Set: 0.40ms
[2026-04-03T01:48:16.035+0600][14.324s][info][gc,phases   ] GC(21)   Merge Heap Roots: 0.17ms
[2026-04-03T01:48:16.035+0600][14.324s][info][gc,phases   ] GC(21)   Evacuate Collection Set: 324.72ms
[2026-04-03T01:48:16.035+0600][14.324s][info][gc,phases   ] GC(21)   Post Evacuate Collection Set: 0.50ms
[2026-04-03T01:48:16.035+0600][14.324s][info][gc,phases   ] GC(21)   Other: 0.26ms
[2026-04-03T01:48:16.035+0600][14.324s][info][gc,heap     ] GC(21) Eden regions: 25->0(25)
[2026-04-03T01:48:16.035+0600][14.324s][info][gc,heap     ] GC(21) Survivor regions: 2->4(4)
[2026-04-03T01:48:16.035+0600][14.324s][info][gc,heap     ] GC(21) Old regions: 154->179
[2026-04-03T01:48:16.035+0600][14.324s][info][gc,heap     ] GC(21) Humongous regions: 3->3
[2026-04-03T01:48:16.035+0600][14.324s][info][gc,metaspace] GC(21) Metaspace: 49608K(50048K)->49608K(50048K) NonClass: 43441K(43712K)->43441K(43712K) Class: 6166K(6336K)->6166K(6336K)
[2026-04-03T01:48:16.035+0600][14.324s][info][gc          ] GC(21) Pause Young (Normal) (G1 Evacuation Pause) 367M->371M(1080M) 326.260ms
[2026-04-03T01:48:16.035+0600][14.324s][info][gc,cpu      ] GC(21) User=0.81s Sys=0.08s Real=0.33s
[2026-04-03T01:48:16.199+0600][14.488s][info][gc,start    ] GC(22) Pause Young (Normal) (G1 Evacuation Pause)
[2026-04-03T01:48:16.199+0600][14.488s][info][gc,task     ] GC(22) Using 10 workers of 10 for evacuation
[2026-04-03T01:48:16.526+0600][14.815s][info][gc,mmu      ] GC(22) MMU target violated: 201.0ms (200.0ms/201.0ms)
[2026-04-03T01:48:16.526+0600][14.815s][info][gc,phases   ] GC(22)   Pre Evacuate Collection Set: 0.37ms
[2026-04-03T01:48:16.526+0600][14.815s][info][gc,phases   ] GC(22)   Merge Heap Roots: 0.10ms
[2026-04-03T01:48:16.527+0600][14.816s][info][gc,phases   ] GC(22)   Evacuate Collection Set: 326.16ms
[2026-04-03T01:48:16.527+0600][14.816s][info][gc,phases   ] GC(22)   Post Evacuate Collection Set: 0.53ms
[2026-04-03T01:48:16.527+0600][14.816s][info][gc,phases   ] GC(22)   Other: 0.18ms
[2026-04-03T01:48:16.527+0600][14.816s][info][gc,heap     ] GC(22) Eden regions: 25->0(29)
[2026-04-03T01:48:16.527+0600][14.816s][info][gc,heap     ] GC(22) Survivor regions: 4->4(4)
[2026-04-03T01:48:16.527+0600][14.816s][info][gc,heap     ] GC(22) Old regions: 179->205
[2026-04-03T01:48:16.527+0600][14.816s][info][gc,heap     ] GC(22) Humongous regions: 3->3
[2026-04-03T01:48:16.527+0600][14.816s][info][gc,metaspace] GC(22) Metaspace: 49608K(50048K)->49608K(50048K) NonClass: 43441K(43712K)->43441K(43712K) Class: 6166K(6336K)->6166K(6336K)
[2026-04-03T01:48:16.527+0600][14.816s][info][gc          ] GC(22) Pause Young (Normal) (G1 Evacuation Pause) 421M->424M(1080M) 327.611ms
[2026-04-03T01:48:16.527+0600][14.816s][info][gc,cpu      ] GC(22) User=1.17s Sys=0.08s Real=0.33s
[2026-04-03T01:48:16.723+0600][15.012s][info][gc,start    ] GC(23) Pause Young (Normal) (G1 Evacuation Pause)
[2026-04-03T01:48:16.723+0600][15.012s][info][gc,task     ] GC(23) Using 10 workers of 10 for evacuation
[2026-04-03T01:48:17.136+0600][15.425s][info][gc,mmu      ] GC(23) MMU target violated: 201.0ms (200.0ms/201.0ms)
[2026-04-03T01:48:17.136+0600][15.425s][info][gc,phases   ] GC(23)   Pre Evacuate Collection Set: 0.30ms
[2026-04-03T01:48:17.136+0600][15.425s][info][gc,phases   ] GC(23)   Merge Heap Roots: 0.09ms
[2026-04-03T01:48:17.136+0600][15.425s][info][gc,phases   ] GC(23)   Evacuate Collection Set: 412.53ms
[2026-04-03T01:48:17.136+0600][15.425s][info][gc,phases   ] GC(23)   Post Evacuate Collection Set: 0.35ms
[2026-04-03T01:48:17.136+0600][15.425s][info][gc,phases   ] GC(23)   Other: 0.14ms
[2026-04-03T01:48:17.136+0600][15.425s][info][gc,heap     ] GC(23) Eden regions: 29->0(32)
[2026-04-03T01:48:17.136+0600][15.425s][info][gc,heap     ] GC(23) Survivor regions: 4->5(5)
[2026-04-03T01:48:17.136+0600][15.425s][info][gc,heap     ] GC(23) Old regions: 205->235
[2026-04-03T01:48:17.136+0600][15.425s][info][gc,heap     ] GC(23) Humongous regions: 3->3
[2026-04-03T01:48:17.136+0600][15.425s][info][gc,metaspace] GC(23) Metaspace: 49608K(50048K)->49608K(50048K) NonClass: 43441K(43712K)->43441K(43712K) Class: 6166K(6336K)->6166K(6336K)
[2026-04-03T01:48:17.136+0600][15.425s][info][gc          ] GC(23) Pause Young (Normal) (G1 Evacuation Pause) 482M->485M(1080M) 413.638ms
[2026-04-03T01:48:17.136+0600][15.425s][info][gc,cpu      ] GC(23) User=1.12s Sys=0.14s Real=0.41s
[2026-04-03T01:48:17.330+0600][15.619s][info][gc,start    ] GC(24) Pause Young (Normal) (G1 Evacuation Pause)
[2026-04-03T01:48:17.330+0600][15.619s][info][gc,task     ] GC(24) Using 10 workers of 10 for evacuation
[2026-04-03T01:48:17.806+0600][16.095s][info][gc,mmu      ] GC(24) MMU target violated: 201.0ms (200.0ms/201.0ms)
[2026-04-03T01:48:17.806+0600][16.095s][info][gc,phases   ] GC(24)   Pre Evacuate Collection Set: 0.31ms
[2026-04-03T01:48:17.806+0600][16.095s][info][gc,phases   ] GC(24)   Merge Heap Roots: 0.12ms
[2026-04-03T01:48:17.806+0600][16.095s][info][gc,phases   ] GC(24)   Evacuate Collection Set: 469.68ms
[2026-04-03T01:48:17.806+0600][16.095s][info][gc,phases   ] GC(24)   Post Evacuate Collection Set: 5.65ms
[2026-04-03T01:48:17.806+0600][16.095s][info][gc,phases   ] GC(24)   Other: 0.17ms
[2026-04-03T01:48:17.806+0600][16.095s][info][gc,heap     ] GC(24) Eden regions: 32->0(50)
[2026-04-03T01:48:17.806+0600][16.095s][info][gc,heap     ] GC(24) Survivor regions: 5->5(5)
[2026-04-03T01:48:17.806+0600][16.095s][info][gc,heap     ] GC(24) Old regions: 235->270
[2026-04-03T01:48:17.806+0600][16.095s][info][gc,heap     ] GC(24) Humongous regions: 3->3
[2026-04-03T01:48:17.806+0600][16.095s][info][gc,metaspace] GC(24) Metaspace: 49608K(50048K)->49608K(50048K) NonClass: 43441K(43712K)->43441K(43712K) Class: 6166K(6336K)->6166K(6336K)
[2026-04-03T01:48:17.806+0600][16.095s][info][gc          ] GC(24) Pause Young (Normal) (G1 Evacuation Pause) 549M->555M(2218M) 476.161ms
[2026-04-03T01:48:17.806+0600][16.095s][info][gc,cpu      ] GC(24) User=1.50s Sys=0.20s Real=0.47s
[2026-04-03T01:48:17.932+0600][16.221s][info][gc,marking  ] GC(19) Concurrent Mark From Roots 2686.330ms
[2026-04-03T01:48:17.932+0600][16.221s][info][gc,marking  ] GC(19) Concurrent Preclean
[2026-04-03T01:48:17.932+0600][16.221s][info][gc,marking  ] GC(19) Concurrent Preclean 0.240ms
[2026-04-03T01:48:17.932+0600][16.221s][info][gc,start    ] GC(19) Pause Remark
[2026-04-03T01:48:17.936+0600][16.225s][info][gc          ] GC(19) Pause Remark 581M->581M(1854M) 3.671ms
[2026-04-03T01:48:17.936+0600][16.225s][info][gc,cpu      ] GC(19) User=0.02s Sys=0.01s Real=0.00s
[2026-04-03T01:48:17.936+0600][16.225s][info][gc,marking  ] GC(19) Concurrent Mark 2690.994ms
[2026-04-03T01:48:17.936+0600][16.225s][info][gc,marking  ] GC(19) Concurrent Rebuild Remembered Sets and Scrub Regions
[2026-04-03T01:48:18.082+0600][16.371s][info][gc,marking  ] GC(19) Concurrent Rebuild Remembered Sets and Scrub Regions 145.752ms
[2026-04-03T01:48:18.082+0600][16.371s][info][gc,start    ] GC(19) Pause Cleanup
[2026-04-03T01:48:18.083+0600][16.372s][info][gc          ] GC(19) Pause Cleanup 618M->618M(1854M) 0.721ms
[2026-04-03T01:48:18.083+0600][16.372s][info][gc,cpu      ] GC(19) User=0.00s Sys=0.00s Real=0.00s
[2026-04-03T01:48:18.083+0600][16.372s][info][gc,marking  ] GC(19) Concurrent Clear Claimed Marks
[2026-04-03T01:48:18.084+0600][16.373s][info][gc,marking  ] GC(19) Concurrent Clear Claimed Marks 0.139ms
[2026-04-03T01:48:18.084+0600][16.373s][info][gc,marking  ] GC(19) Concurrent Cleanup for Next Mark
[2026-04-03T01:48:18.094+0600][16.383s][info][gc,marking  ] GC(19) Concurrent Cleanup for Next Mark 10.033ms
[2026-04-03T01:48:18.094+0600][16.383s][info][gc          ] GC(19) Concurrent Mark Cycle 2856.292ms
[2026-04-03T01:48:18.975+0600][17.264s][info][gc,start    ] GC(25) Pause Young (Prepare Mixed) (G1 Evacuation Pause)
[2026-04-03T01:48:18.975+0600][17.264s][info][gc,task     ] GC(25) Using 10 workers of 10 for evacuation
[2026-04-03T01:48:19.643+0600][17.932s][info][gc,mmu      ] GC(25) MMU target violated: 201.0ms (200.0ms/201.0ms)
[2026-04-03T01:48:19.643+0600][17.932s][info][gc,phases   ] GC(25)   Pre Evacuate Collection Set: 0.32ms
[2026-04-03T01:48:19.643+0600][17.932s][info][gc,phases   ] GC(25)   Merge Heap Roots: 0.08ms
[2026-04-03T01:48:19.643+0600][17.932s][info][gc,phases   ] GC(25)   Evacuate Collection Set: 666.65ms
[2026-04-03T01:48:19.643+0600][17.932s][info][gc,phases   ] GC(25)   Post Evacuate Collection Set: 0.30ms
[2026-04-03T01:48:19.643+0600][17.932s][info][gc,phases   ] GC(25)   Other: 0.16ms
[2026-04-03T01:48:19.643+0600][17.932s][info][gc,heap     ] GC(25) Eden regions: 50->0(39)
[2026-04-03T01:48:19.643+0600][17.932s][info][gc,heap     ] GC(25) Survivor regions: 5->7(7)
[2026-04-03T01:48:19.643+0600][17.932s][info][gc,heap     ] GC(25) Old regions: 270->317
[2026-04-03T01:48:19.643+0600][17.932s][info][gc,heap     ] GC(25) Humongous regions: 3->3
[2026-04-03T01:48:19.643+0600][17.932s][info][gc,metaspace] GC(25) Metaspace: 50012K(50432K)->50012K(50432K) NonClass: 43769K(44032K)->43769K(44032K) Class: 6243K(6400K)->6243K(6400K)
[2026-04-03T01:48:19.643+0600][17.932s][info][gc          ] GC(25) Pause Young (Prepare Mixed) (G1 Evacuation Pause) 655M->653M(1854M) 667.693ms
[2026-04-03T01:48:19.643+0600][17.932s][info][gc,cpu      ] GC(25) User=1.98s Sys=0.26s Real=0.67s
[2026-04-03T01:48:22.256+0600][20.545s][info][gc,start    ] GC(26) Pause Full (System.gc())
[2026-04-03T01:48:22.256+0600][20.545s][info][gc,task     ] GC(26) Using 10 workers of 10 for full compaction
[2026-04-03T01:48:22.257+0600][20.546s][info][gc,phases,start] GC(26) Phase 1: Mark live objects
[2026-04-03T01:48:22.275+0600][20.564s][info][gc,phases      ] GC(26) Phase 1: Mark live objects 18.039ms
[2026-04-03T01:48:22.275+0600][20.564s][info][gc,phases,start] GC(26) Phase 2: Prepare compaction
[2026-04-03T01:48:22.278+0600][20.567s][info][gc,phases      ] GC(26) Phase 2: Prepare compaction 2.889ms
[2026-04-03T01:48:22.278+0600][20.567s][info][gc,phases,start] GC(26) Phase 3: Adjust pointers
[2026-04-03T01:48:22.286+0600][20.575s][info][gc,phases      ] GC(26) Phase 3: Adjust pointers 7.258ms
[2026-04-03T01:48:22.286+0600][20.575s][info][gc,phases,start] GC(26) Phase 4: Compact heap
[2026-04-03T01:48:22.289+0600][20.578s][info][gc,phases      ] GC(26) Phase 4: Compact heap 3.266ms
[2026-04-03T01:48:22.289+0600][20.578s][info][gc,phases,start] GC(26) Phase 5: Reset Metadata
[2026-04-03T01:48:22.291+0600][20.580s][info][gc,phases      ] GC(26) Phase 5: Reset Metadata 1.928ms
[2026-04-03T01:48:22.297+0600][20.586s][info][gc,heap        ] GC(26) Eden regions: 36->0(16)
[2026-04-03T01:48:22.298+0600][20.587s][info][gc,heap        ] GC(26) Survivor regions: 7->0(7)
[2026-04-03T01:48:22.298+0600][20.587s][info][gc,heap        ] GC(26) Old regions: 317->20
[2026-04-03T01:48:22.298+0600][20.587s][info][gc,heap        ] GC(26) Humongous regions: 14->3
[2026-04-03T01:48:22.298+0600][20.587s][info][gc,metaspace   ] GC(26) Metaspace: 57540K(58112K)->57540K(58112K) NonClass: 50313K(50624K)->50313K(50624K) Class: 7227K(7488K)->7227K(7488K)
[2026-04-03T01:48:22.298+0600][20.587s][info][gc             ] GC(26) Pause Full (System.gc()) 746M->30M(154M) 41.689ms
[2026-04-03T01:48:22.298+0600][20.587s][info][gc,cpu         ] GC(26) User=0.28s Sys=0.02s Real=0.04s
[2026-04-03T01:48:22.638+0600][20.927s][info][gc,start       ] GC(27) Pause Young (Concurrent Start) (G1 Evacuation Pause)
[2026-04-03T01:48:22.638+0600][20.927s][info][gc,task        ] GC(27) Using 6 workers of 10 for evacuation
[2026-04-03T01:48:22.642+0600][20.931s][info][gc,phases      ] GC(27)   Pre Evacuate Collection Set: 0.49ms
[2026-04-03T01:48:22.642+0600][20.931s][info][gc,phases      ] GC(27)   Merge Heap Roots: 0.11ms
[2026-04-03T01:48:22.642+0600][20.931s][info][gc,phases      ] GC(27)   Evacuate Collection Set: 1.70ms
[2026-04-03T01:48:22.642+0600][20.931s][info][gc,phases      ] GC(27)   Post Evacuate Collection Set: 0.78ms
[2026-04-03T01:48:22.642+0600][20.931s][info][gc,phases      ] GC(27)   Other: 0.21ms
[2026-04-03T01:48:22.642+0600][20.931s][info][gc,heap        ] GC(27) Eden regions: 16->0(17)
[2026-04-03T01:48:22.642+0600][20.931s][info][gc,heap        ] GC(27) Survivor regions: 0->2(2)
[2026-04-03T01:48:22.642+0600][20.931s][info][gc,heap        ] GC(27) Old regions: 20->20
[2026-04-03T01:48:22.642+0600][20.931s][info][gc,heap        ] GC(27) Humongous regions: 3->3
[2026-04-03T01:48:22.642+0600][20.931s][info][gc,metaspace   ] GC(27) Metaspace: 59339K(59968K)->59339K(59968K) NonClass: 51858K(52224K)->51858K(52224K) Class: 7481K(7744K)->7481K(7744K)
[2026-04-03T01:48:22.642+0600][20.931s][info][gc             ] GC(27) Pause Young (Concurrent Start) (G1 Evacuation Pause) 62M->33M(154M) 3.683ms
[2026-04-03T01:48:22.642+0600][20.931s][info][gc,cpu         ] GC(27) User=0.01s Sys=0.00s Real=0.01s
[2026-04-03T01:48:22.642+0600][20.931s][info][gc             ] GC(28) Concurrent Mark Cycle
[2026-04-03T01:48:22.642+0600][20.931s][info][gc,marking     ] GC(28) Concurrent Scan Root Regions
[2026-04-03T01:48:22.643+0600][20.932s][info][gc,marking     ] GC(28) Concurrent Scan Root Regions 1.158ms
[2026-04-03T01:48:22.643+0600][20.932s][info][gc,marking     ] GC(28) Concurrent Mark
[2026-04-03T01:48:22.643+0600][20.932s][info][gc,marking     ] GC(28) Concurrent Mark From Roots
[2026-04-03T01:48:22.643+0600][20.932s][info][gc,task        ] GC(28) Using 3 workers of 3 for marking
[2026-04-03T01:48:22.664+0600][20.953s][info][gc,marking     ] GC(28) Concurrent Mark From Roots 20.688ms
[2026-04-03T01:48:22.664+0600][20.953s][info][gc,marking     ] GC(28) Concurrent Preclean
[2026-04-03T01:48:22.664+0600][20.953s][info][gc,marking     ] GC(28) Concurrent Preclean 0.237ms
[2026-04-03T01:48:22.665+0600][20.954s][info][gc,start       ] GC(28) Pause Remark
[2026-04-03T01:48:22.669+0600][20.958s][info][gc             ] GC(28) Pause Remark 40M->40M(154M) 4.778ms
[2026-04-03T01:48:22.670+0600][20.959s][info][gc,cpu         ] GC(28) User=0.02s Sys=0.00s Real=0.00s
[2026-04-03T01:48:22.670+0600][20.959s][info][gc,marking     ] GC(28) Concurrent Mark 26.443ms
[2026-04-03T01:48:22.670+0600][20.959s][info][gc,marking     ] GC(28) Concurrent Rebuild Remembered Sets and Scrub Regions
[2026-04-03T01:48:22.684+0600][20.973s][info][gc,marking     ] GC(28) Concurrent Rebuild Remembered Sets and Scrub Regions 14.143ms
[2026-04-03T01:48:22.684+0600][20.973s][info][gc,start       ] GC(28) Pause Cleanup
[2026-04-03T01:48:22.684+0600][20.973s][info][gc             ] GC(28) Pause Cleanup 45M->45M(154M) 0.347ms
[2026-04-03T01:48:22.685+0600][20.974s][info][gc,cpu         ] GC(28) User=0.00s Sys=0.00s Real=0.00s
[2026-04-03T01:48:22.685+0600][20.974s][info][gc,marking     ] GC(28) Concurrent Clear Claimed Marks
[2026-04-03T01:48:22.685+0600][20.974s][info][gc,marking     ] GC(28) Concurrent Clear Claimed Marks 0.184ms
[2026-04-03T01:48:22.685+0600][20.974s][info][gc,marking     ] GC(28) Concurrent Cleanup for Next Mark
[2026-04-03T01:48:22.685+0600][20.974s][info][gc,marking     ] GC(28) Concurrent Cleanup for Next Mark 0.423ms
[2026-04-03T01:48:22.685+0600][20.974s][info][gc             ] GC(28) Concurrent Mark Cycle 43.408ms
[2026-04-03T01:48:22.928+0600][21.217s][info][gc,start       ] GC(29) Pause Young (Prepare Mixed) (G1 Evacuation Pause)
[2026-04-03T01:48:22.928+0600][21.217s][info][gc,task        ] GC(29) Using 4 workers of 10 for evacuation
[2026-04-03T01:48:22.933+0600][21.222s][info][gc,phases      ] GC(29)   Pre Evacuate Collection Set: 0.25ms
[2026-04-03T01:48:22.933+0600][21.222s][info][gc,phases      ] GC(29)   Merge Heap Roots: 0.13ms
[2026-04-03T01:48:22.933+0600][21.222s][info][gc,phases      ] GC(29)   Evacuate Collection Set: 2.72ms
[2026-04-03T01:48:22.933+0600][21.222s][info][gc,phases      ] GC(29)   Post Evacuate Collection Set: 1.21ms
[2026-04-03T01:48:22.933+0600][21.222s][info][gc,phases      ] GC(29)   Other: 0.08ms
[2026-04-03T01:48:22.933+0600][21.222s][info][gc,heap        ] GC(29) Eden regions: 17->0(20)
[2026-04-03T01:48:22.933+0600][21.222s][info][gc,heap        ] GC(29) Survivor regions: 2->1(3)
[2026-04-03T01:48:22.933+0600][21.222s][info][gc,heap        ] GC(29) Old regions: 20->20
[2026-04-03T01:48:22.933+0600][21.222s][info][gc,heap        ] GC(29) Humongous regions: 3->3
[2026-04-03T01:48:22.933+0600][21.222s][info][gc,metaspace   ] GC(29) Metaspace: 63046K(63616K)->63046K(63616K) NonClass: 55185K(55552K)->55185K(55552K) Class: 7861K(8064K)->7861K(8064K)
[2026-04-03T01:48:22.933+0600][21.222s][info][gc             ] GC(29) Pause Young (Prepare Mixed) (G1 Evacuation Pause) 67M->32M(154M) 4.724ms
[2026-04-03T01:48:22.933+0600][21.222s][info][gc,cpu         ] GC(29) User=0.02s Sys=0.00s Real=0.01s
[2026-04-03T01:48:24.812+0600][23.101s][info][gc,start       ] GC(30) Pause Young (Mixed) (G1 Evacuation Pause)
[2026-04-03T01:48:24.813+0600][23.102s][info][gc,task        ] GC(30) Using 3 workers of 10 for evacuation
[2026-04-03T01:48:24.822+0600][23.111s][info][gc,phases      ] GC(30)   Pre Evacuate Collection Set: 0.36ms
[2026-04-03T01:48:24.822+0600][23.111s][info][gc,phases      ] GC(30)   Merge Heap Roots: 0.26ms
[2026-04-03T01:48:24.822+0600][23.111s][info][gc,phases      ] GC(30)   Evacuate Collection Set: 7.48ms
[2026-04-03T01:48:24.822+0600][23.111s][info][gc,phases      ] GC(30)   Post Evacuate Collection Set: 0.95ms
[2026-04-03T01:48:24.822+0600][23.111s][info][gc,phases      ] GC(30)   Other: 0.14ms
[2026-04-03T01:48:24.822+0600][23.111s][info][gc,heap        ] GC(30) Eden regions: 20->0(22)
[2026-04-03T01:48:24.822+0600][23.111s][info][gc,heap        ] GC(30) Survivor regions: 1->3(3)
[2026-04-03T01:48:24.822+0600][23.111s][info][gc,heap        ] GC(30) Old regions: 20->17
[2026-04-03T01:48:24.822+0600][23.111s][info][gc,heap        ] GC(30) Humongous regions: 12->3
[2026-04-03T01:48:24.822+0600][23.111s][info][gc,metaspace   ] GC(30) Metaspace: 66836K(67712K)->66836K(67712K) NonClass: 58409K(58880K)->58409K(58880K) Class: 8426K(8832K)->8426K(8832K)
[2026-04-03T01:48:24.822+0600][23.111s][info][gc             ] GC(30) Pause Young (Mixed) (G1 Evacuation Pause) 90M->36M(154M) 9.544ms
[2026-04-03T01:48:24.822+0600][23.111s][info][gc,cpu         ] GC(30) User=0.02s Sys=0.00s Real=0.01s
[2026-04-03T01:48:25.056+0600][23.345s][info][gc,start       ] GC(31) Pause Young (Concurrent Start) (G1 Evacuation Pause)
[2026-04-03T01:48:25.056+0600][23.345s][info][gc,task        ] GC(31) Using 3 workers of 10 for evacuation
[2026-04-03T01:48:25.063+0600][23.352s][info][gc,phases      ] GC(31)   Pre Evacuate Collection Set: 0.33ms
[2026-04-03T01:48:25.063+0600][23.352s][info][gc,phases      ] GC(31)   Merge Heap Roots: 0.12ms
[2026-04-03T01:48:25.063+0600][23.352s][info][gc,phases      ] GC(31)   Evacuate Collection Set: 5.39ms
[2026-04-03T01:48:25.063+0600][23.352s][info][gc,phases      ] GC(31)   Post Evacuate Collection Set: 0.67ms
[2026-04-03T01:48:25.063+0600][23.352s][info][gc,phases      ] GC(31)   Other: 0.21ms
[2026-04-03T01:48:25.063+0600][23.352s][info][gc,heap        ] GC(31) Eden regions: 22->0(25)
[2026-04-03T01:48:25.063+0600][23.352s][info][gc,heap        ] GC(31) Survivor regions: 3->2(4)
[2026-04-03T01:48:25.063+0600][23.352s][info][gc,heap        ] GC(31) Old regions: 17->18
[2026-04-03T01:48:25.063+0600][23.352s][info][gc,heap        ] GC(31) Humongous regions: 3->3
[2026-04-03T01:48:25.063+0600][23.352s][info][gc,metaspace   ] GC(31) Metaspace: 66860K(67712K)->66860K(67712K) NonClass: 58432K(58880K)->58432K(58880K) Class: 8427K(8832K)->8427K(8832K)
[2026-04-03T01:48:25.063+0600][23.352s][info][gc             ] GC(31) Pause Young (Concurrent Start) (G1 Evacuation Pause) 80M->36M(154M) 7.071ms
[2026-04-03T01:48:25.063+0600][23.352s][info][gc,cpu         ] GC(31) User=0.02s Sys=0.00s Real=0.01s
[2026-04-03T01:48:25.063+0600][23.352s][info][gc             ] GC(32) Concurrent Mark Cycle
[2026-04-03T01:48:25.063+0600][23.352s][info][gc,marking     ] GC(32) Concurrent Scan Root Regions
[2026-04-03T01:48:25.066+0600][23.355s][info][gc,marking     ] GC(32) Concurrent Scan Root Regions 2.983ms
[2026-04-03T01:48:25.066+0600][23.355s][info][gc,marking     ] GC(32) Concurrent Mark
[2026-04-03T01:48:25.066+0600][23.355s][info][gc,marking     ] GC(32) Concurrent Mark From Roots
[2026-04-03T01:48:25.066+0600][23.355s][info][gc,task        ] GC(32) Using 3 workers of 3 for marking
[2026-04-03T01:48:25.087+0600][23.376s][info][gc,marking     ] GC(32) Concurrent Mark From Roots 20.646ms
[2026-04-03T01:48:25.087+0600][23.376s][info][gc,marking     ] GC(32) Concurrent Preclean
[2026-04-03T01:48:25.087+0600][23.376s][info][gc,marking     ] GC(32) Concurrent Preclean 0.174ms
[2026-04-03T01:48:25.087+0600][23.376s][info][gc,start       ] GC(32) Pause Remark
[2026-04-03T01:48:25.093+0600][23.382s][info][gc             ] GC(32) Pause Remark 43M->43M(154M) 5.433ms
[2026-04-03T01:48:25.093+0600][23.382s][info][gc,cpu         ] GC(32) User=0.02s Sys=0.01s Real=0.01s
[2026-04-03T01:48:25.093+0600][23.382s][info][gc,marking     ] GC(32) Concurrent Mark 26.763ms
[2026-04-03T01:48:25.093+0600][23.382s][info][gc,marking     ] GC(32) Concurrent Rebuild Remembered Sets and Scrub Regions
[2026-04-03T01:48:25.107+0600][23.396s][info][gc,marking     ] GC(32) Concurrent Rebuild Remembered Sets and Scrub Regions 13.999ms
[2026-04-03T01:48:25.107+0600][23.396s][info][gc,start       ] GC(32) Pause Cleanup
[2026-04-03T01:48:25.107+0600][23.396s][info][gc             ] GC(32) Pause Cleanup 48M->48M(154M) 0.154ms
[2026-04-03T01:48:25.107+0600][23.396s][info][gc,cpu         ] GC(32) User=0.00s Sys=0.00s Real=0.00s
[2026-04-03T01:48:25.108+0600][23.397s][info][gc,marking     ] GC(32) Concurrent Clear Claimed Marks
[2026-04-03T01:48:25.108+0600][23.397s][info][gc,marking     ] GC(32) Concurrent Clear Claimed Marks 0.194ms
[2026-04-03T01:48:25.108+0600][23.397s][info][gc,marking     ] GC(32) Concurrent Cleanup for Next Mark
[2026-04-03T01:48:25.108+0600][23.397s][info][gc,marking     ] GC(32) Concurrent Cleanup for Next Mark 0.273ms
[2026-04-03T01:48:25.108+0600][23.397s][info][gc             ] GC(32) Concurrent Mark Cycle 45.052ms
[2026-04-03T01:48:25.234+0600][23.523s][info][gc,start       ] GC(33) Pause Young (Prepare Mixed) (G1 Evacuation Pause)
[2026-04-03T01:48:25.234+0600][23.523s][info][gc,task        ] GC(33) Using 3 workers of 10 for evacuation
[2026-04-03T01:48:25.240+0600][23.529s][info][gc,phases      ] GC(33)   Pre Evacuate Collection Set: 0.25ms
[2026-04-03T01:48:25.240+0600][23.529s][info][gc,phases      ] GC(33)   Merge Heap Roots: 0.16ms
[2026-04-03T01:48:25.240+0600][23.529s][info][gc,phases      ] GC(33)   Evacuate Collection Set: 4.71ms
[2026-04-03T01:48:25.240+0600][23.529s][info][gc,phases      ] GC(33)   Post Evacuate Collection Set: 0.59ms
[2026-04-03T01:48:25.240+0600][23.529s][info][gc,phases      ] GC(33)   Other: 0.11ms
[2026-04-03T01:48:25.240+0600][23.529s][info][gc,heap        ] GC(33) Eden regions: 25->0(29)
[2026-04-03T01:48:25.240+0600][23.529s][info][gc,heap        ] GC(33) Survivor regions: 2->2(4)
[2026-04-03T01:48:25.240+0600][23.529s][info][gc,heap        ] GC(33) Old regions: 18->18
[2026-04-03T01:48:25.240+0600][23.529s][info][gc,heap        ] GC(33) Humongous regions: 3->3
[2026-04-03T01:48:25.240+0600][23.529s][info][gc,metaspace   ] GC(33) Metaspace: 66865K(67712K)->66865K(67712K) NonClass: 58438K(58880K)->58438K(58880K) Class: 8427K(8832K)->8427K(8832K)
[2026-04-03T01:48:25.240+0600][23.529s][info][gc             ] GC(33) Pause Young (Prepare Mixed) (G1 Evacuation Pause) 86M->36M(154M) 6.211ms
[2026-04-03T01:48:25.240+0600][23.529s][info][gc,cpu         ] GC(33) User=0.02s Sys=0.00s Real=0.01s
[2026-04-03T01:48:25.338+0600][23.627s][info][gc,start       ] GC(34) Pause Young (Mixed) (G1 Evacuation Pause)
[2026-04-03T01:48:25.338+0600][23.627s][info][gc,task        ] GC(34) Using 3 workers of 10 for evacuation
[2026-04-03T01:48:25.345+0600][23.634s][info][gc,phases      ] GC(34)   Pre Evacuate Collection Set: 0.32ms
[2026-04-03T01:48:25.345+0600][23.634s][info][gc,phases      ] GC(34)   Merge Heap Roots: 0.10ms
[2026-04-03T01:48:25.345+0600][23.634s][info][gc,phases      ] GC(34)   Evacuate Collection Set: 5.48ms
[2026-04-03T01:48:25.345+0600][23.634s][info][gc,phases      ] GC(34)   Post Evacuate Collection Set: 0.76ms
[2026-04-03T01:48:25.345+0600][23.634s][info][gc,phases      ] GC(34)   Other: 0.08ms
[2026-04-03T01:48:25.345+0600][23.634s][info][gc,heap        ] GC(34) Eden regions: 29->0(40)
[2026-04-03T01:48:25.345+0600][23.634s][info][gc,heap        ] GC(34) Survivor regions: 2->2(4)
[2026-04-03T01:48:25.345+0600][23.634s][info][gc,heap        ] GC(34) Old regions: 18->17
[2026-04-03T01:48:25.345+0600][23.634s][info][gc,heap        ] GC(34) Humongous regions: 3->3
[2026-04-03T01:48:25.345+0600][23.634s][info][gc,metaspace   ] GC(34) Metaspace: 66865K(67712K)->66865K(67712K) NonClass: 58438K(58880K)->58438K(58880K) Class: 8427K(8832K)->8427K(8832K)
[2026-04-03T01:48:25.345+0600][23.634s][info][gc             ] GC(34) Pause Young (Mixed) (G1 Evacuation Pause) 94M->36M(186M) 7.046ms
[2026-04-03T01:48:25.345+0600][23.634s][info][gc,cpu         ] GC(34) User=0.03s Sys=0.00s Real=0.01s
[2026-04-03T01:48:25.397+0600][23.686s][info][gc,start       ] GC(35) Pause Young (Concurrent Start) (G1 Evacuation Pause)
[2026-04-03T01:48:25.397+0600][23.686s][info][gc,task        ] GC(35) Using 4 workers of 10 for evacuation
[2026-04-03T01:48:25.401+0600][23.690s][info][gc,phases      ] GC(35)   Pre Evacuate Collection Set: 0.30ms
[2026-04-03T01:48:25.401+0600][23.690s][info][gc,phases      ] GC(35)   Merge Heap Roots: 0.06ms
[2026-04-03T01:48:25.401+0600][23.690s][info][gc,phases      ] GC(35)   Evacuate Collection Set: 2.73ms
[2026-04-03T01:48:25.401+0600][23.690s][info][gc,phases      ] GC(35)   Post Evacuate Collection Set: 0.47ms
[2026-04-03T01:48:25.401+0600][23.690s][info][gc,phases      ] GC(35)   Other: 0.10ms
[2026-04-03T01:48:25.401+0600][23.690s][info][gc,heap        ] GC(35) Eden regions: 40->0(44)
[2026-04-03T01:48:25.401+0600][23.690s][info][gc,heap        ] GC(35) Survivor regions: 2->2(6)
[2026-04-03T01:48:25.401+0600][23.690s][info][gc,heap        ] GC(35) Old regions: 17->17
[2026-04-03T01:48:25.401+0600][23.690s][info][gc,heap        ] GC(35) Humongous regions: 3->3
[2026-04-03T01:48:25.401+0600][23.690s][info][gc,metaspace   ] GC(35) Metaspace: 66866K(67712K)->66866K(67712K) NonClass: 58439K(58880K)->58439K(58880K) Class: 8427K(8832K)->8427K(8832K)
[2026-04-03T01:48:25.401+0600][23.690s][info][gc             ] GC(35) Pause Young (Concurrent Start) (G1 Evacuation Pause) 116M->36M(186M) 3.908ms
[2026-04-03T01:48:25.401+0600][23.690s][info][gc,cpu         ] GC(35) User=0.01s Sys=0.00s Real=0.01s
[2026-04-03T01:48:25.401+0600][23.690s][info][gc             ] GC(36) Concurrent Mark Cycle
[2026-04-03T01:48:25.401+0600][23.690s][info][gc,marking     ] GC(36) Concurrent Scan Root Regions
[2026-04-03T01:48:25.404+0600][23.693s][info][gc,marking     ] GC(36) Concurrent Scan Root Regions 2.708ms
[2026-04-03T01:48:25.404+0600][23.693s][info][gc,marking     ] GC(36) Concurrent Mark
[2026-04-03T01:48:25.404+0600][23.693s][info][gc,marking     ] GC(36) Concurrent Mark From Roots
[2026-04-03T01:48:25.404+0600][23.693s][info][gc,task        ] GC(36) Using 3 workers of 3 for marking
[2026-04-03T01:48:25.420+0600][23.709s][info][gc,marking     ] GC(36) Concurrent Mark From Roots 16.590ms
[2026-04-03T01:48:25.420+0600][23.709s][info][gc,marking     ] GC(36) Concurrent Preclean
[2026-04-03T01:48:25.421+0600][23.710s][info][gc,marking     ] GC(36) Concurrent Preclean 0.163ms
[2026-04-03T01:48:25.421+0600][23.710s][info][gc,start       ] GC(36) Pause Remark
[2026-04-03T01:48:25.426+0600][23.715s][info][gc             ] GC(36) Pause Remark 67M->67M(148M) 4.932ms
[2026-04-03T01:48:25.426+0600][23.715s][info][gc,cpu         ] GC(36) User=0.02s Sys=0.00s Real=0.00s
[2026-04-03T01:48:25.426+0600][23.715s][info][gc,marking     ] GC(36) Concurrent Mark 22.279ms
[2026-04-03T01:48:25.426+0600][23.715s][info][gc,marking     ] GC(36) Concurrent Rebuild Remembered Sets and Scrub Regions
[2026-04-03T01:48:25.439+0600][23.728s][info][gc,marking     ] GC(36) Concurrent Rebuild Remembered Sets and Scrub Regions 12.987ms
[2026-04-03T01:48:25.439+0600][23.728s][info][gc,start       ] GC(36) Pause Cleanup
[2026-04-03T01:48:25.440+0600][23.729s][info][gc             ] GC(36) Pause Cleanup 90M->90M(148M) 0.226ms
[2026-04-03T01:48:25.440+0600][23.729s][info][gc,cpu         ] GC(36) User=0.00s Sys=0.00s Real=0.00s
[2026-04-03T01:48:25.440+0600][23.729s][info][gc,marking     ] GC(36) Concurrent Clear Claimed Marks
[2026-04-03T01:48:25.440+0600][23.729s][info][gc,marking     ] GC(36) Concurrent Clear Claimed Marks 0.211ms
[2026-04-03T01:48:25.440+0600][23.729s][info][gc,marking     ] GC(36) Concurrent Cleanup for Next Mark
[2026-04-03T01:48:25.441+0600][23.730s][info][gc,marking     ] GC(36) Concurrent Cleanup for Next Mark 0.632ms
[2026-04-03T01:48:25.441+0600][23.730s][info][gc             ] GC(36) Concurrent Mark Cycle 39.607ms
[2026-04-03T01:48:25.455+0600][23.744s][info][gc,start       ] GC(37) Pause Young (Prepare Mixed) (G1 Evacuation Pause)
[2026-04-03T01:48:25.455+0600][23.744s][info][gc,task        ] GC(37) Using 3 workers of 10 for evacuation
[2026-04-03T01:48:25.459+0600][23.748s][info][gc,phases      ] GC(37)   Pre Evacuate Collection Set: 0.25ms
[2026-04-03T01:48:25.460+0600][23.749s][info][gc,phases      ] GC(37)   Merge Heap Roots: 0.09ms
[2026-04-03T01:48:25.460+0600][23.749s][info][gc,phases      ] GC(37)   Evacuate Collection Set: 3.25ms
[2026-04-03T01:48:25.460+0600][23.749s][info][gc,phases      ] GC(37)   Post Evacuate Collection Set: 0.63ms
[2026-04-03T01:48:25.460+0600][23.749s][info][gc,phases      ] GC(37)   Other: 0.07ms
[2026-04-03T01:48:25.460+0600][23.749s][info][gc,heap        ] GC(37) Eden regions: 44->0(35)
[2026-04-03T01:48:25.460+0600][23.749s][info][gc,heap        ] GC(37) Survivor regions: 2->2(6)
[2026-04-03T01:48:25.460+0600][23.749s][info][gc,heap        ] GC(37) Old regions: 17->17
[2026-04-03T01:48:25.460+0600][23.749s][info][gc,heap        ] GC(37) Humongous regions: 3->3
[2026-04-03T01:48:25.460+0600][23.749s][info][gc,metaspace   ] GC(37) Metaspace: 67014K(67840K)->67014K(67840K) NonClass: 58553K(59008K)->58553K(59008K) Class: 8461K(8832K)->8461K(8832K)
[2026-04-03T01:48:25.460+0600][23.749s][info][gc             ] GC(37) Pause Young (Prepare Mixed) (G1 Evacuation Pause) 124M->36M(148M) 4.493ms
[2026-04-03T01:48:25.460+0600][23.749s][info][gc,cpu         ] GC(37) User=0.01s Sys=0.00s Real=0.00s
[2026-04-03T01:48:25.490+0600][23.779s][info][gc,start       ] GC(38) Pause Young (Mixed) (G1 Evacuation Pause)
[2026-04-03T01:48:25.490+0600][23.779s][info][gc,task        ] GC(38) Using 3 workers of 10 for evacuation
[2026-04-03T01:48:25.495+0600][23.784s][info][gc,phases      ] GC(38)   Pre Evacuate Collection Set: 0.30ms
[2026-04-03T01:48:25.495+0600][23.784s][info][gc,phases      ] GC(38)   Merge Heap Roots: 0.20ms
[2026-04-03T01:48:25.495+0600][23.784s][info][gc,phases      ] GC(38)   Evacuate Collection Set: 3.59ms
[2026-04-03T01:48:25.495+0600][23.784s][info][gc,phases      ] GC(38)   Post Evacuate Collection Set: 0.72ms
[2026-04-03T01:48:25.495+0600][23.784s][info][gc,phases      ] GC(38)   Other: 0.08ms
[2026-04-03T01:48:25.495+0600][23.784s][info][gc,heap        ] GC(38) Eden regions: 35->0(37)
[2026-04-03T01:48:25.495+0600][23.784s][info][gc,heap        ] GC(38) Survivor regions: 2->2(5)
[2026-04-03T01:48:25.495+0600][23.784s][info][gc,heap        ] GC(38) Old regions: 17->17
[2026-04-03T01:48:25.495+0600][23.784s][info][gc,heap        ] GC(38) Humongous regions: 3->3
[2026-04-03T01:48:25.495+0600][23.784s][info][gc,metaspace   ] GC(38) Metaspace: 67018K(67840K)->67018K(67840K) NonClass: 58556K(59008K)->58556K(59008K) Class: 8461K(8832K)->8461K(8832K)
[2026-04-03T01:48:25.495+0600][23.784s][info][gc             ] GC(38) Pause Young (Mixed) (G1 Evacuation Pause) 106M->36M(148M) 5.073ms
[2026-04-03T01:48:25.496+0600][23.785s][info][gc,cpu         ] GC(38) User=0.01s Sys=0.00s Real=0.00s
[2026-04-03T01:48:25.531+0600][23.820s][info][gc,start       ] GC(39) Pause Young (Concurrent Start) (G1 Evacuation Pause)
[2026-04-03T01:48:25.531+0600][23.820s][info][gc,task        ] GC(39) Using 3 workers of 10 for evacuation
[2026-04-03T01:48:25.536+0600][23.825s][info][gc,phases      ] GC(39)   Pre Evacuate Collection Set: 0.18ms
[2026-04-03T01:48:25.536+0600][23.825s][info][gc,phases      ] GC(39)   Merge Heap Roots: 0.06ms
[2026-04-03T01:48:25.536+0600][23.825s][info][gc,phases      ] GC(39)   Evacuate Collection Set: 3.16ms
[2026-04-03T01:48:25.536+0600][23.825s][info][gc,phases      ] GC(39)   Post Evacuate Collection Set: 0.74ms
[2026-04-03T01:48:25.536+0600][23.825s][info][gc,phases      ] GC(39)   Other: 0.15ms
[2026-04-03T01:48:25.536+0600][23.825s][info][gc,heap        ] GC(39) Eden regions: 37->0(86)
[2026-04-03T01:48:25.536+0600][23.825s][info][gc,heap        ] GC(39) Survivor regions: 2->2(5)
[2026-04-03T01:48:25.536+0600][23.825s][info][gc,heap        ] GC(39) Old regions: 17->17
[2026-04-03T01:48:25.536+0600][23.825s][info][gc,heap        ] GC(39) Humongous regions: 3->3
[2026-04-03T01:48:25.536+0600][23.825s][info][gc,metaspace   ] GC(39) Metaspace: 67018K(67840K)->67018K(67840K) NonClass: 58557K(59008K)->58557K(59008K) Class: 8461K(8832K)->8461K(8832K)
[2026-04-03T01:48:25.536+0600][23.825s][info][gc             ] GC(39) Pause Young (Concurrent Start) (G1 Evacuation Pause) 110M->36M(296M) 4.501ms
[2026-04-03T01:48:25.536+0600][23.825s][info][gc,cpu         ] GC(39) User=0.01s Sys=0.01s Real=0.00s
[2026-04-03T01:48:25.536+0600][23.825s][info][gc             ] GC(40) Concurrent Mark Cycle
[2026-04-03T01:48:25.536+0600][23.825s][info][gc,marking     ] GC(40) Concurrent Scan Root Regions
[2026-04-03T01:48:25.539+0600][23.828s][info][gc,marking     ] GC(40) Concurrent Scan Root Regions 2.661ms
[2026-04-03T01:48:25.539+0600][23.828s][info][gc,marking     ] GC(40) Concurrent Mark
[2026-04-03T01:48:25.539+0600][23.828s][info][gc,marking     ] GC(40) Concurrent Mark From Roots
[2026-04-03T01:48:25.539+0600][23.828s][info][gc,task        ] GC(40) Using 3 workers of 3 for marking
[2026-04-03T01:48:25.554+0600][23.843s][info][gc,marking     ] GC(40) Concurrent Mark From Roots 15.629ms
[2026-04-03T01:48:25.554+0600][23.843s][info][gc,marking     ] GC(40) Concurrent Preclean
[2026-04-03T01:48:25.555+0600][23.844s][info][gc,marking     ] GC(40) Concurrent Preclean 0.176ms
[2026-04-03T01:48:25.555+0600][23.844s][info][gc,start       ] GC(40) Pause Remark
[2026-04-03T01:48:25.560+0600][23.849s][info][gc             ] GC(40) Pause Remark 57M->57M(148M) 5.018ms
[2026-04-03T01:48:25.560+0600][23.849s][info][gc,cpu         ] GC(40) User=0.01s Sys=0.00s Real=0.01s
[2026-04-03T01:48:25.560+0600][23.849s][info][gc,marking     ] GC(40) Concurrent Mark 21.659ms
[2026-04-03T01:48:25.560+0600][23.849s][info][gc,marking     ] GC(40) Concurrent Rebuild Remembered Sets and Scrub Regions
[2026-04-03T01:48:25.572+0600][23.861s][info][gc,marking     ] GC(40) Concurrent Rebuild Remembered Sets and Scrub Regions 12.006ms
[2026-04-03T01:48:25.573+0600][23.862s][info][gc,start       ] GC(40) Pause Cleanup
[2026-04-03T01:48:25.573+0600][23.862s][info][gc             ] GC(40) Pause Cleanup 72M->72M(148M) 0.367ms
[2026-04-03T01:48:25.573+0600][23.862s][info][gc,cpu         ] GC(40) User=0.00s Sys=0.00s Real=0.00s
[2026-04-03T01:48:25.573+0600][23.862s][info][gc,marking     ] GC(40) Concurrent Clear Claimed Marks
[2026-04-03T01:48:25.574+0600][23.863s][info][gc,marking     ] GC(40) Concurrent Clear Claimed Marks 0.184ms
[2026-04-03T01:48:25.574+0600][23.863s][info][gc,marking     ] GC(40) Concurrent Cleanup for Next Mark
[2026-04-03T01:48:25.574+0600][23.863s][info][gc,marking     ] GC(40) Concurrent Cleanup for Next Mark 0.522ms
[2026-04-03T01:48:25.574+0600][23.863s][info][gc             ] GC(40) Concurrent Mark Cycle 38.143ms
[2026-04-03T01:48:25.604+0600][23.893s][info][gc,start       ] GC(41) Pause Young (Prepare Mixed) (G1 Evacuation Pause)
[2026-04-03T01:48:25.604+0600][23.893s][info][gc,task        ] GC(41) Using 3 workers of 10 for evacuation
[2026-04-03T01:48:25.610+0600][23.899s][info][gc,phases      ] GC(41)   Pre Evacuate Collection Set: 0.30ms
[2026-04-03T01:48:25.610+0600][23.899s][info][gc,phases      ] GC(41)   Merge Heap Roots: 0.17ms
[2026-04-03T01:48:25.610+0600][23.899s][info][gc,phases      ] GC(41)   Evacuate Collection Set: 4.16ms
[2026-04-03T01:48:25.610+0600][23.899s][info][gc,phases      ] GC(41)   Post Evacuate Collection Set: 0.91ms
[2026-04-03T01:48:25.610+0600][23.899s][info][gc,phases      ] GC(41)   Other: 0.07ms
[2026-04-03T01:48:25.610+0600][23.899s][info][gc,heap        ] GC(41) Eden regions: 52->0(43)
[2026-04-03T01:48:25.610+0600][23.899s][info][gc,heap        ] GC(41) Survivor regions: 2->2(11)
[2026-04-03T01:48:25.610+0600][23.899s][info][gc,heap        ] GC(41) Old regions: 17->17
[2026-04-03T01:48:25.610+0600][23.899s][info][gc,heap        ] GC(41) Humongous regions: 3->3
[2026-04-03T01:48:25.610+0600][23.899s][info][gc,metaspace   ] GC(41) Metaspace: 67026K(67840K)->67026K(67840K) NonClass: 58564K(59008K)->58564K(59008K) Class: 8461K(8832K)->8461K(8832K)
[2026-04-03T01:48:25.610+0600][23.899s][info][gc             ] GC(41) Pause Young (Prepare Mixed) (G1 Evacuation Pause) 140M->36M(152M) 5.821ms
[2026-04-03T01:48:25.610+0600][23.899s][info][gc,cpu         ] GC(41) User=0.01s Sys=0.00s Real=0.01s
[2026-04-03T01:48:25.646+0600][23.935s][info][gc,start       ] GC(42) Pause Young (Mixed) (G1 Evacuation Pause)
[2026-04-03T01:48:25.646+0600][23.935s][info][gc,task        ] GC(42) Using 3 workers of 10 for evacuation
[2026-04-03T01:48:25.650+0600][23.939s][info][gc,phases      ] GC(42)   Pre Evacuate Collection Set: 0.24ms
[2026-04-03T01:48:25.650+0600][23.939s][info][gc,phases      ] GC(42)   Merge Heap Roots: 0.16ms
[2026-04-03T01:48:25.650+0600][23.939s][info][gc,phases      ] GC(42)   Evacuate Collection Set: 3.09ms
[2026-04-03T01:48:25.650+0600][23.939s][info][gc,phases      ] GC(42)   Post Evacuate Collection Set: 0.72ms
[2026-04-03T01:48:25.650+0600][23.939s][info][gc,phases      ] GC(42)   Other: 0.06ms
[2026-04-03T01:48:25.650+0600][23.939s][info][gc,heap        ] GC(42) Eden regions: 43->0(43)
[2026-04-03T01:48:25.650+0600][23.939s][info][gc,heap        ] GC(42) Survivor regions: 2->2(6)
[2026-04-03T01:48:25.651+0600][23.939s][info][gc,heap        ] GC(42) Old regions: 17->17
[2026-04-03T01:48:25.651+0600][23.940s][info][gc,heap        ] GC(42) Humongous regions: 3->3
[2026-04-03T01:48:25.651+0600][23.940s][info][gc,metaspace   ] GC(42) Metaspace: 67027K(67840K)->67027K(67840K) NonClass: 58565K(59008K)->58565K(59008K) Class: 8461K(8832K)->8461K(8832K)
[2026-04-03T01:48:25.651+0600][23.940s][info][gc             ] GC(42) Pause Young (Mixed) (G1 Evacuation Pause) 122M->36M(152M) 4.473ms
[2026-04-03T01:48:25.651+0600][23.940s][info][gc,cpu         ] GC(42) User=0.01s Sys=0.00s Real=0.01s
[2026-04-03T01:48:25.689+0600][23.978s][info][gc,start       ] GC(43) Pause Young (Concurrent Start) (G1 Evacuation Pause)
[2026-04-03T01:48:25.689+0600][23.978s][info][gc,task        ] GC(43) Using 3 workers of 10 for evacuation
[2026-04-03T01:48:25.694+0600][23.983s][info][gc,phases      ] GC(43)   Pre Evacuate Collection Set: 0.37ms
[2026-04-03T01:48:25.694+0600][23.983s][info][gc,phases      ] GC(43)   Merge Heap Roots: 0.25ms
[2026-04-03T01:48:25.694+0600][23.983s][info][gc,phases      ] GC(43)   Evacuate Collection Set: 3.43ms
[2026-04-03T01:48:25.694+0600][23.983s][info][gc,phases      ] GC(43)   Post Evacuate Collection Set: 0.71ms
[2026-04-03T01:48:25.694+0600][23.983s][info][gc,phases      ] GC(43)   Other: 0.19ms
[2026-04-03T01:48:25.694+0600][23.983s][info][gc,heap        ] GC(43) Eden regions: 43->0(43)
[2026-04-03T01:48:25.694+0600][23.983s][info][gc,heap        ] GC(43) Survivor regions: 2->2(6)
[2026-04-03T01:48:25.694+0600][23.983s][info][gc,heap        ] GC(43) Old regions: 17->17
[2026-04-03T01:48:25.694+0600][23.983s][info][gc,heap        ] GC(43) Humongous regions: 3->3
[2026-04-03T01:48:25.694+0600][23.983s][info][gc,metaspace   ] GC(43) Metaspace: 67027K(67840K)->67027K(67840K) NonClass: 58566K(59008K)->58566K(59008K) Class: 8461K(8832K)->8461K(8832K)
[2026-04-03T01:48:25.694+0600][23.983s][info][gc             ] GC(43) Pause Young (Concurrent Start) (G1 Evacuation Pause) 122M->36M(152M) 5.155ms
[2026-04-03T01:48:25.694+0600][23.983s][info][gc,cpu         ] GC(43) User=0.01s Sys=0.00s Real=0.01s
[2026-04-03T01:48:25.694+0600][23.983s][info][gc             ] GC(44) Concurrent Mark Cycle
[2026-04-03T01:48:25.694+0600][23.983s][info][gc,marking     ] GC(44) Concurrent Scan Root Regions
[2026-04-03T01:48:25.697+0600][23.986s][info][gc,marking     ] GC(44) Concurrent Scan Root Regions 2.826ms
[2026-04-03T01:48:25.697+0600][23.986s][info][gc,marking     ] GC(44) Concurrent Mark
[2026-04-03T01:48:25.697+0600][23.986s][info][gc,marking     ] GC(44) Concurrent Mark From Roots
[2026-04-03T01:48:25.697+0600][23.986s][info][gc,task        ] GC(44) Using 3 workers of 3 for marking
[2026-04-03T01:48:25.712+0600][24.001s][info][gc,marking     ] GC(44) Concurrent Mark From Roots 14.292ms
[2026-04-03T01:48:25.712+0600][24.001s][info][gc,marking     ] GC(44) Concurrent Preclean
[2026-04-03T01:48:25.712+0600][24.001s][info][gc,marking     ] GC(44) Concurrent Preclean 0.237ms
[2026-04-03T01:48:25.712+0600][24.001s][info][gc,start       ] GC(44) Pause Remark
[2026-04-03T01:48:25.717+0600][24.006s][info][gc             ] GC(44) Pause Remark 66M->66M(148M) 5.160ms
[2026-04-03T01:48:25.717+0600][24.006s][info][gc,cpu         ] GC(44) User=0.01s Sys=0.00s Real=0.00s
[2026-04-03T01:48:25.718+0600][24.007s][info][gc,marking     ] GC(44) Concurrent Mark 20.253ms
[2026-04-03T01:48:25.718+0600][24.007s][info][gc,marking     ] GC(44) Concurrent Rebuild Remembered Sets and Scrub Regions
[2026-04-03T01:48:25.729+0600][24.018s][info][gc,marking     ] GC(44) Concurrent Rebuild Remembered Sets and Scrub Regions 11.509ms
[2026-04-03T01:48:25.729+0600][24.018s][info][gc,start       ] GC(44) Pause Cleanup
[2026-04-03T01:48:25.730+0600][24.019s][info][gc             ] GC(44) Pause Cleanup 88M->88M(148M) 0.161ms
[2026-04-03T01:48:25.730+0600][24.019s][info][gc,cpu         ] GC(44) User=0.00s Sys=0.00s Real=0.00s
[2026-04-03T01:48:25.730+0600][24.019s][info][gc,marking     ] GC(44) Concurrent Clear Claimed Marks
[2026-04-03T01:48:25.730+0600][24.019s][info][gc,marking     ] GC(44) Concurrent Clear Claimed Marks 0.204ms
[2026-04-03T01:48:25.730+0600][24.019s][info][gc,marking     ] GC(44) Concurrent Cleanup for Next Mark
[2026-04-03T01:48:25.730+0600][24.019s][info][gc,marking     ] GC(44) Concurrent Cleanup for Next Mark 0.281ms
[2026-04-03T01:48:25.730+0600][24.019s][info][gc             ] GC(44) Concurrent Mark Cycle 35.766ms
[2026-04-03T01:48:25.745+0600][24.034s][info][gc,start       ] GC(45) Pause Young (Prepare Mixed) (G1 Evacuation Pause)
[2026-04-03T01:48:25.745+0600][24.034s][info][gc,task        ] GC(45) Using 3 workers of 10 for evacuation
[2026-04-03T01:48:25.751+0600][24.040s][info][gc,phases      ] GC(45)   Pre Evacuate Collection Set: 0.42ms
[2026-04-03T01:48:25.751+0600][24.040s][info][gc,phases      ] GC(45)   Merge Heap Roots: 0.13ms
[2026-04-03T01:48:25.751+0600][24.040s][info][gc,phases      ] GC(45)   Evacuate Collection Set: 3.91ms
[2026-04-03T01:48:25.751+0600][24.040s][info][gc,phases      ] GC(45)   Post Evacuate Collection Set: 0.75ms
[2026-04-03T01:48:25.751+0600][24.040s][info][gc,phases      ] GC(45)   Other: 0.07ms
[2026-04-03T01:48:25.751+0600][24.040s][info][gc,heap        ] GC(45) Eden regions: 43->0(42)
[2026-04-03T01:48:25.751+0600][24.040s][info][gc,heap        ] GC(45) Survivor regions: 2->2(6)
[2026-04-03T01:48:25.751+0600][24.040s][info][gc,heap        ] GC(45) Old regions: 17->17
[2026-04-03T01:48:25.751+0600][24.040s][info][gc,heap        ] GC(45) Humongous regions: 3->3
[2026-04-03T01:48:25.751+0600][24.040s][info][gc,metaspace   ] GC(45) Metaspace: 67028K(67840K)->67028K(67840K) NonClass: 58566K(59008K)->58566K(59008K) Class: 8461K(8832K)->8461K(8832K)
[2026-04-03T01:48:25.751+0600][24.040s][info][gc             ] GC(45) Pause Young (Prepare Mixed) (G1 Evacuation Pause) 122M->36M(148M) 5.511ms
[2026-04-03T01:48:25.751+0600][24.040s][info][gc,cpu         ] GC(45) User=0.01s Sys=0.00s Real=0.01s
[2026-04-03T01:48:25.790+0600][24.079s][info][gc,start       ] GC(46) Pause Young (Mixed) (G1 Evacuation Pause)
[2026-04-03T01:48:25.790+0600][24.079s][info][gc,task        ] GC(46) Using 3 workers of 10 for evacuation
[2026-04-03T01:48:25.795+0600][24.084s][info][gc,phases      ] GC(46)   Pre Evacuate Collection Set: 0.31ms
[2026-04-03T01:48:25.795+0600][24.084s][info][gc,phases      ] GC(46)   Merge Heap Roots: 0.21ms
[2026-04-03T01:48:25.795+0600][24.084s][info][gc,phases      ] GC(46)   Evacuate Collection Set: 3.73ms
[2026-04-03T01:48:25.795+0600][24.084s][info][gc,phases      ] GC(46)   Post Evacuate Collection Set: 0.98ms
[2026-04-03T01:48:25.795+0600][24.084s][info][gc,phases      ] GC(46)   Other: 0.08ms
[2026-04-03T01:48:25.795+0600][24.084s][info][gc,heap        ] GC(46) Eden regions: 42->0(89)
[2026-04-03T01:48:25.795+0600][24.084s][info][gc,heap        ] GC(46) Survivor regions: 2->2(6)
[2026-04-03T01:48:25.795+0600][24.084s][info][gc,heap        ] GC(46) Old regions: 17->17
[2026-04-03T01:48:25.795+0600][24.084s][info][gc,heap        ] GC(46) Humongous regions: 3->3
[2026-04-03T01:48:25.795+0600][24.084s][info][gc,metaspace   ] GC(46) Metaspace: 67031K(67840K)->67031K(67840K) NonClass: 58569K(59008K)->58569K(59008K) Class: 8461K(8832K)->8461K(8832K)
[2026-04-03T01:48:25.795+0600][24.084s][info][gc             ] GC(46) Pause Young (Mixed) (G1 Evacuation Pause) 120M->36M(304M) 5.551ms
[2026-04-03T01:48:25.795+0600][24.084s][info][gc,cpu         ] GC(46) User=0.01s Sys=0.00s Real=0.00s
[2026-04-03T01:48:25.916+0600][24.205s][info][gc,start       ] GC(47) Pause Young (Concurrent Start) (G1 Evacuation Pause)
[2026-04-03T01:48:25.916+0600][24.205s][info][gc,task        ] GC(47) Using 7 workers of 10 for evacuation
[2026-04-03T01:48:25.919+0600][24.208s][info][gc,phases      ] GC(47)   Pre Evacuate Collection Set: 0.35ms
[2026-04-03T01:48:25.919+0600][24.208s][info][gc,phases      ] GC(47)   Merge Heap Roots: 0.11ms
[2026-04-03T01:48:25.919+0600][24.208s][info][gc,phases      ] GC(47)   Evacuate Collection Set: 1.66ms
[2026-04-03T01:48:25.919+0600][24.208s][info][gc,phases      ] GC(47)   Post Evacuate Collection Set: 0.51ms
[2026-04-03T01:48:25.919+0600][24.208s][info][gc,phases      ] GC(47)   Other: 0.19ms
[2026-04-03T01:48:25.919+0600][24.208s][info][gc,heap        ] GC(47) Eden regions: 89->0(89)
[2026-04-03T01:48:25.919+0600][24.208s][info][gc,heap        ] GC(47) Survivor regions: 2->2(12)
[2026-04-03T01:48:25.919+0600][24.208s][info][gc,heap        ] GC(47) Old regions: 17->17
[2026-04-03T01:48:25.919+0600][24.208s][info][gc,heap        ] GC(47) Humongous regions: 3->3
[2026-04-03T01:48:25.919+0600][24.208s][info][gc,metaspace   ] GC(47) Metaspace: 67031K(67840K)->67031K(67840K) NonClass: 58569K(59008K)->58569K(59008K) Class: 8461K(8832K)->8461K(8832K)
[2026-04-03T01:48:25.919+0600][24.208s][info][gc             ] GC(47) Pause Young (Concurrent Start) (G1 Evacuation Pause) 214M->36M(304M) 3.062ms
[2026-04-03T01:48:25.919+0600][24.208s][info][gc,cpu         ] GC(47) User=0.01s Sys=0.00s Real=0.00s
[2026-04-03T01:48:25.919+0600][24.208s][info][gc             ] GC(48) Concurrent Mark Cycle
[2026-04-03T01:48:25.919+0600][24.208s][info][gc,marking     ] GC(48) Concurrent Scan Root Regions
[2026-04-03T01:48:25.922+0600][24.211s][info][gc,marking     ] GC(48) Concurrent Scan Root Regions 2.785ms
[2026-04-03T01:48:25.922+0600][24.211s][info][gc,marking     ] GC(48) Concurrent Mark
[2026-04-03T01:48:25.922+0600][24.211s][info][gc,marking     ] GC(48) Concurrent Mark From Roots
[2026-04-03T01:48:25.922+0600][24.211s][info][gc,task        ] GC(48) Using 3 workers of 3 for marking
[2026-04-03T01:48:25.938+0600][24.227s][info][gc,marking     ] GC(48) Concurrent Mark From Roots 15.684ms
[2026-04-03T01:48:25.938+0600][24.227s][info][gc,marking     ] GC(48) Concurrent Preclean
[2026-04-03T01:48:25.938+0600][24.227s][info][gc,marking     ] GC(48) Concurrent Preclean 0.158ms
[2026-04-03T01:48:25.938+0600][24.227s][info][gc,start       ] GC(48) Pause Remark
[2026-04-03T01:48:25.941+0600][24.230s][info][gc             ] GC(48) Pause Remark 70M->70M(148M) 3.157ms
[2026-04-03T01:48:25.941+0600][24.230s][info][gc,cpu         ] GC(48) User=0.02s Sys=0.00s Real=0.01s
[2026-04-03T01:48:25.941+0600][24.230s][info][gc,marking     ] GC(48) Concurrent Mark 19.510ms
[2026-04-03T01:48:25.941+0600][24.230s][info][gc,marking     ] GC(48) Concurrent Rebuild Remembered Sets and Scrub Regions
[2026-04-03T01:48:25.953+0600][24.242s][info][gc,marking     ] GC(48) Concurrent Rebuild Remembered Sets and Scrub Regions 11.458ms
[2026-04-03T01:48:25.953+0600][24.242s][info][gc,start       ] GC(48) Pause Cleanup
[2026-04-03T01:48:25.953+0600][24.242s][info][gc             ] GC(48) Pause Cleanup 92M->92M(148M) 0.255ms
[2026-04-03T01:48:25.953+0600][24.242s][info][gc,cpu         ] GC(48) User=0.00s Sys=0.00s Real=0.00s
[2026-04-03T01:48:25.954+0600][24.243s][info][gc,marking     ] GC(48) Concurrent Clear Claimed Marks
[2026-04-03T01:48:25.954+0600][24.243s][info][gc,marking     ] GC(48) Concurrent Clear Claimed Marks 0.222ms
[2026-04-03T01:48:25.954+0600][24.243s][info][gc,marking     ] GC(48) Concurrent Cleanup for Next Mark
[2026-04-03T01:48:25.954+0600][24.243s][info][gc,marking     ] GC(48) Concurrent Cleanup for Next Mark 0.350ms
[2026-04-03T01:48:25.954+0600][24.243s][info][gc             ] GC(48) Concurrent Mark Cycle 35.232ms
[2026-04-03T01:48:25.976+0600][24.265s][info][gc,start       ] GC(49) Pause Young (Prepare Mixed) (G1 Evacuation Pause)
[2026-04-03T01:48:25.976+0600][24.265s][info][gc,task        ] GC(49) Using 5 workers of 10 for evacuation
[2026-04-03T01:48:25.979+0600][24.268s][info][gc,phases      ] GC(49)   Pre Evacuate Collection Set: 0.22ms
[2026-04-03T01:48:25.980+0600][24.269s][info][gc,phases      ] GC(49)   Merge Heap Roots: 0.17ms
[2026-04-03T01:48:25.980+0600][24.269s][info][gc,phases      ] GC(49)   Evacuate Collection Set: 2.52ms
[2026-04-03T01:48:25.980+0600][24.269s][info][gc,phases      ] GC(49)   Post Evacuate Collection Set: 0.56ms
[2026-04-03T01:48:25.980+0600][24.269s][info][gc,phases      ] GC(49)   Other: 0.07ms
[2026-04-03T01:48:25.980+0600][24.269s][info][gc,heap        ] GC(49) Eden regions: 52->0(43)
[2026-04-03T01:48:25.980+0600][24.269s][info][gc,heap        ] GC(49) Survivor regions: 2->2(12)
[2026-04-03T01:48:25.980+0600][24.269s][info][gc,heap        ] GC(49) Old regions: 17->17
[2026-04-03T01:48:25.980+0600][24.269s][info][gc,heap        ] GC(49) Humongous regions: 3->3
[2026-04-03T01:48:25.980+0600][24.269s][info][gc,metaspace   ] GC(49) Metaspace: 67031K(67840K)->67031K(67840K) NonClass: 58569K(59008K)->58569K(59008K) Class: 8461K(8832K)->8461K(8832K)
[2026-04-03T01:48:25.980+0600][24.269s][info][gc             ] GC(49) Pause Young (Prepare Mixed) (G1 Evacuation Pause) 140M->36M(152M) 3.792ms
[2026-04-03T01:48:25.980+0600][24.269s][info][gc,cpu         ] GC(49) User=0.02s Sys=0.00s Real=0.01s
[2026-04-03T01:48:26.019+0600][24.308s][info][gc,start       ] GC(50) Pause Young (Mixed) (G1 Evacuation Pause)
[2026-04-03T01:48:26.019+0600][24.308s][info][gc,task        ] GC(50) Using 4 workers of 10 for evacuation
[2026-04-03T01:48:26.023+0600][24.312s][info][gc,phases      ] GC(50)   Pre Evacuate Collection Set: 0.32ms
[2026-04-03T01:48:26.023+0600][24.312s][info][gc,phases      ] GC(50)   Merge Heap Roots: 0.30ms
[2026-04-03T01:48:26.023+0600][24.312s][info][gc,phases      ] GC(50)   Evacuate Collection Set: 2.68ms
[2026-04-03T01:48:26.023+0600][24.312s][info][gc,phases      ] GC(50)   Post Evacuate Collection Set: 0.59ms
[2026-04-03T01:48:26.023+0600][24.312s][info][gc,phases      ] GC(50)   Other: 0.07ms
[2026-04-03T01:48:26.023+0600][24.312s][info][gc,heap        ] GC(50) Eden regions: 43->0(44)
[2026-04-03T01:48:26.023+0600][24.312s][info][gc,heap        ] GC(50) Survivor regions: 2->1(6)
[2026-04-03T01:48:26.023+0600][24.312s][info][gc,heap        ] GC(50) Old regions: 17->19
[2026-04-03T01:48:26.023+0600][24.312s][info][gc,heap        ] GC(50) Humongous regions: 3->3
[2026-04-03T01:48:26.023+0600][24.312s][info][gc,metaspace   ] GC(50) Metaspace: 67043K(67840K)->67043K(67840K) NonClass: 58582K(59008K)->58582K(59008K) Class: 8461K(8832K)->8461K(8832K)
[2026-04-03T01:48:26.023+0600][24.312s][info][gc             ] GC(50) Pause Young (Mixed) (G1 Evacuation Pause) 122M->36M(152M) 4.200ms
[2026-04-03T01:48:26.023+0600][24.312s][info][gc,cpu         ] GC(50) User=0.01s Sys=0.00s Real=0.01s
[2026-04-03T01:48:26.070+0600][24.359s][info][gc,start       ] GC(51) Pause Young (Concurrent Start) (G1 Evacuation Pause)
[2026-04-03T01:48:26.070+0600][24.359s][info][gc,task        ] GC(51) Using 3 workers of 10 for evacuation
[2026-04-03T01:48:26.073+0600][24.362s][info][gc,phases      ] GC(51)   Pre Evacuate Collection Set: 0.30ms
[2026-04-03T01:48:26.073+0600][24.362s][info][gc,phases      ] GC(51)   Merge Heap Roots: 0.09ms
[2026-04-03T01:48:26.073+0600][24.362s][info][gc,phases      ] GC(51)   Evacuate Collection Set: 1.05ms
[2026-04-03T01:48:26.073+0600][24.362s][info][gc,phases      ] GC(51)   Post Evacuate Collection Set: 1.12ms
[2026-04-03T01:48:26.073+0600][24.362s][info][gc,phases      ] GC(51)   Other: 0.24ms
[2026-04-03T01:48:26.073+0600][24.362s][info][gc,heap        ] GC(51) Eden regions: 44->0(90)
[2026-04-03T01:48:26.073+0600][24.362s][info][gc,heap        ] GC(51) Survivor regions: 1->1(6)
[2026-04-03T01:48:26.073+0600][24.362s][info][gc,heap        ] GC(51) Old regions: 19->19
[2026-04-03T01:48:26.073+0600][24.362s][info][gc,heap        ] GC(51) Humongous regions: 3->3
[2026-04-03T01:48:26.073+0600][24.362s][info][gc,metaspace   ] GC(51) Metaspace: 67045K(67840K)->67045K(67840K) NonClass: 58583K(59008K)->58583K(59008K) Class: 8461K(8832K)->8461K(8832K)
[2026-04-03T01:48:26.073+0600][24.362s][info][gc             ] GC(51) Pause Young (Concurrent Start) (G1 Evacuation Pause) 124M->36M(304M) 3.044ms
[2026-04-03T01:48:26.073+0600][24.362s][info][gc,cpu         ] GC(51) User=0.01s Sys=0.01s Real=0.01s
[2026-04-03T01:48:26.073+0600][24.362s][info][gc             ] GC(52) Concurrent Mark Cycle
[2026-04-03T01:48:26.073+0600][24.362s][info][gc,marking     ] GC(52) Concurrent Scan Root Regions
[2026-04-03T01:48:26.074+0600][24.363s][info][gc,marking     ] GC(52) Concurrent Scan Root Regions 1.070ms
[2026-04-03T01:48:26.074+0600][24.363s][info][gc,marking     ] GC(52) Concurrent Mark
[2026-04-03T01:48:26.074+0600][24.363s][info][gc,marking     ] GC(52) Concurrent Mark From Roots
[2026-04-03T01:48:26.074+0600][24.363s][info][gc,task        ] GC(52) Using 3 workers of 3 for marking
[2026-04-03T01:48:26.095+0600][24.384s][info][gc,marking     ] GC(52) Concurrent Mark From Roots 20.670ms
[2026-04-03T01:48:26.095+0600][24.384s][info][gc,marking     ] GC(52) Concurrent Preclean
[2026-04-03T01:48:26.095+0600][24.384s][info][gc,marking     ] GC(52) Concurrent Preclean 0.329ms
[2026-04-03T01:48:26.095+0600][24.384s][info][gc,start       ] GC(52) Pause Remark
[2026-04-03T01:48:26.107+0600][24.396s][info][gc             ] GC(52) Pause Remark 68M->68M(154M) 11.137ms
[2026-04-03T01:48:26.107+0600][24.396s][info][gc,cpu         ] GC(52) User=0.03s Sys=0.00s Real=0.01s
[2026-04-03T01:48:26.107+0600][24.396s][info][gc,marking     ] GC(52) Concurrent Mark 32.728ms
[2026-04-03T01:48:26.107+0600][24.396s][info][gc,marking     ] GC(52) Concurrent Rebuild Remembered Sets and Scrub Regions
[2026-04-03T01:48:26.127+0600][24.416s][info][gc,marking     ] GC(52) Concurrent Rebuild Remembered Sets and Scrub Regions 20.019ms
[2026-04-03T01:48:26.127+0600][24.416s][info][gc,start       ] GC(52) Pause Cleanup
[2026-04-03T01:48:26.128+0600][24.417s][info][gc             ] GC(52) Pause Cleanup 92M->92M(154M) 0.406ms
[2026-04-03T01:48:26.128+0600][24.417s][info][gc,cpu         ] GC(52) User=0.00s Sys=0.00s Real=0.00s
[2026-04-03T01:48:26.128+0600][24.417s][info][gc,marking     ] GC(52) Concurrent Clear Claimed Marks
[2026-04-03T01:48:26.128+0600][24.417s][info][gc,marking     ] GC(52) Concurrent Clear Claimed Marks 0.205ms
[2026-04-03T01:48:26.128+0600][24.417s][info][gc,marking     ] GC(52) Concurrent Cleanup for Next Mark
[2026-04-03T01:48:26.128+0600][24.417s][info][gc,marking     ] GC(52) Concurrent Cleanup for Next Mark 0.381ms
[2026-04-03T01:48:26.129+0600][24.418s][info][gc             ] GC(52) Concurrent Mark Cycle 55.747ms
[2026-04-03T01:48:26.158+0600][24.447s][info][gc,start       ] GC(53) Pause Young (Prepare Mixed) (G1 Evacuation Pause)
[2026-04-03T01:48:26.158+0600][24.447s][info][gc,task        ] GC(53) Using 3 workers of 10 for evacuation
[2026-04-03T01:48:26.160+0600][24.449s][info][gc,phases      ] GC(53)   Pre Evacuate Collection Set: 0.31ms
[2026-04-03T01:48:26.160+0600][24.449s][info][gc,phases      ] GC(53)   Merge Heap Roots: 0.17ms
[2026-04-03T01:48:26.160+0600][24.449s][info][gc,phases      ] GC(53)   Evacuate Collection Set: 1.28ms
[2026-04-03T01:48:26.160+0600][24.449s][info][gc,phases      ] GC(53)   Post Evacuate Collection Set: 0.47ms
[2026-04-03T01:48:26.160+0600][24.449s][info][gc,phases      ] GC(53)   Other: 0.09ms
[2026-04-03T01:48:26.160+0600][24.449s][info][gc,heap        ] GC(53) Eden regions: 54->0(46)
[2026-04-03T01:48:26.160+0600][24.449s][info][gc,heap        ] GC(53) Survivor regions: 1->1(12)
[2026-04-03T01:48:26.160+0600][24.449s][info][gc,heap        ] GC(53) Old regions: 19->20
[2026-04-03T01:48:26.160+0600][24.449s][info][gc,heap        ] GC(53) Humongous regions: 3->3
[2026-04-03T01:48:26.160+0600][24.449s][info][gc,metaspace   ] GC(53) Metaspace: 66889K(67840K)->66889K(67840K) NonClass: 58472K(59008K)->58472K(59008K) Class: 8417K(8832K)->8417K(8832K)
[2026-04-03T01:48:26.160+0600][24.449s][info][gc             ] GC(53) Pause Young (Prepare Mixed) (G1 Evacuation Pause) 144M->36M(158M) 2.570ms
[2026-04-03T01:48:26.160+0600][24.449s][info][gc,cpu         ] GC(53) User=0.00s Sys=0.00s Real=0.01s
[2026-04-03T01:48:26.244+0600][24.533s][info][gc,start       ] GC(54) Pause Young (Mixed) (G1 Evacuation Pause)
[2026-04-03T01:48:26.244+0600][24.533s][info][gc,task        ] GC(54) Using 3 workers of 10 for evacuation
[2026-04-03T01:48:26.247+0600][24.536s][info][gc,phases      ] GC(54)   Pre Evacuate Collection Set: 0.20ms
[2026-04-03T01:48:26.247+0600][24.536s][info][gc,phases      ] GC(54)   Merge Heap Roots: 0.15ms
[2026-04-03T01:48:26.247+0600][24.536s][info][gc,phases      ] GC(54)   Evacuate Collection Set: 1.54ms
[2026-04-03T01:48:26.247+0600][24.536s][info][gc,phases      ] GC(54)   Post Evacuate Collection Set: 0.68ms
[2026-04-03T01:48:26.247+0600][24.536s][info][gc,phases      ] GC(54)   Other: 0.10ms
[2026-04-03T01:48:26.247+0600][24.536s][info][gc,heap        ] GC(54) Eden regions: 46->0(46)
[2026-04-03T01:48:26.247+0600][24.536s][info][gc,heap        ] GC(54) Survivor regions: 1->1(6)
[2026-04-03T01:48:26.247+0600][24.536s][info][gc,heap        ] GC(54) Old regions: 20->19
[2026-04-03T01:48:26.247+0600][24.536s][info][gc,heap        ] GC(54) Humongous regions: 3->3
[2026-04-03T01:48:26.247+0600][24.536s][info][gc,metaspace   ] GC(54) Metaspace: 66889K(67840K)->66889K(67840K) NonClass: 58472K(59008K)->58472K(59008K) Class: 8417K(8832K)->8417K(8832K)
[2026-04-03T01:48:26.247+0600][24.536s][info][gc             ] GC(54) Pause Young (Mixed) (G1 Evacuation Pause) 128M->36M(158M) 3.070ms
[2026-04-03T01:48:26.247+0600][24.536s][info][gc,cpu         ] GC(54) User=0.01s Sys=0.00s Real=0.00s
[2026-04-03T01:48:26.347+0600][24.636s][info][gc,start       ] GC(55) Pause Young (Concurrent Start) (G1 Evacuation Pause)
[2026-04-03T01:48:26.347+0600][24.636s][info][gc,task        ] GC(55) Using 3 workers of 10 for evacuation
[2026-04-03T01:48:26.350+0600][24.639s][info][gc,phases      ] GC(55)   Pre Evacuate Collection Set: 0.31ms
[2026-04-03T01:48:26.350+0600][24.639s][info][gc,phases      ] GC(55)   Merge Heap Roots: 0.08ms
[2026-04-03T01:48:26.350+0600][24.639s][info][gc,phases      ] GC(55)   Evacuate Collection Set: 1.27ms
[2026-04-03T01:48:26.350+0600][24.639s][info][gc,phases      ] GC(55)   Post Evacuate Collection Set: 0.58ms
[2026-04-03T01:48:26.350+0600][24.639s][info][gc,phases      ] GC(55)   Other: 0.18ms
[2026-04-03T01:48:26.350+0600][24.639s][info][gc,heap        ] GC(55) Eden regions: 46->0(46)
[2026-04-03T01:48:26.350+0600][24.639s][info][gc,heap        ] GC(55) Survivor regions: 1->1(6)
[2026-04-03T01:48:26.350+0600][24.639s][info][gc,heap        ] GC(55) Old regions: 19->19
[2026-04-03T01:48:26.350+0600][24.639s][info][gc,heap        ] GC(55) Humongous regions: 3->3
[2026-04-03T01:48:26.350+0600][24.639s][info][gc,metaspace   ] GC(55) Metaspace: 66889K(67840K)->66889K(67840K) NonClass: 58472K(59008K)->58472K(59008K) Class: 8417K(8832K)->8417K(8832K)
[2026-04-03T01:48:26.350+0600][24.639s][info][gc             ] GC(55) Pause Young (Concurrent Start) (G1 Evacuation Pause) 128M->36M(158M) 2.808ms
[2026-04-03T01:48:26.350+0600][24.639s][info][gc,cpu         ] GC(55) User=0.01s Sys=0.00s Real=0.01s
[2026-04-03T01:48:26.350+0600][24.639s][info][gc             ] GC(56) Concurrent Mark Cycle
[2026-04-03T01:48:26.350+0600][24.639s][info][gc,marking     ] GC(56) Concurrent Scan Root Regions
[2026-04-03T01:48:26.351+0600][24.640s][info][gc,marking     ] GC(56) Concurrent Scan Root Regions 1.075ms
[2026-04-03T01:48:26.351+0600][24.640s][info][gc,marking     ] GC(56) Concurrent Mark
[2026-04-03T01:48:26.351+0600][24.640s][info][gc,marking     ] GC(56) Concurrent Mark From Roots
[2026-04-03T01:48:26.351+0600][24.640s][info][gc,task        ] GC(56) Using 3 workers of 3 for marking
[2026-04-03T01:48:26.374+0600][24.663s][info][gc,marking     ] GC(56) Concurrent Mark From Roots 22.936ms
[2026-04-03T01:48:26.374+0600][24.663s][info][gc,marking     ] GC(56) Concurrent Preclean
[2026-04-03T01:48:26.374+0600][24.663s][info][gc,marking     ] GC(56) Concurrent Preclean 0.304ms
[2026-04-03T01:48:26.375+0600][24.664s][info][gc,start       ] GC(56) Pause Remark
[2026-04-03T01:48:26.381+0600][24.670s][info][gc             ] GC(56) Pause Remark 64M->64M(154M) 6.497ms
[2026-04-03T01:48:26.381+0600][24.670s][info][gc,cpu         ] GC(56) User=0.02s Sys=0.00s Real=0.01s
[2026-04-03T01:48:26.381+0600][24.670s][info][gc,marking     ] GC(56) Concurrent Mark 30.279ms
[2026-04-03T01:48:26.381+0600][24.670s][info][gc,marking     ] GC(56) Concurrent Rebuild Remembered Sets and Scrub Regions
[2026-04-03T01:48:26.400+0600][24.689s][info][gc,marking     ] GC(56) Concurrent Rebuild Remembered Sets and Scrub Regions 18.373ms
[2026-04-03T01:48:26.400+0600][24.689s][info][gc,start       ] GC(56) Pause Cleanup
[2026-04-03T01:48:26.401+0600][24.690s][info][gc             ] GC(56) Pause Cleanup 84M->84M(154M) 0.863ms
[2026-04-03T01:48:26.401+0600][24.690s][info][gc,cpu         ] GC(56) User=0.00s Sys=0.00s Real=0.00s
[2026-04-03T01:48:26.401+0600][24.690s][info][gc,marking     ] GC(56) Concurrent Clear Claimed Marks
[2026-04-03T01:48:26.402+0600][24.691s][info][gc,marking     ] GC(56) Concurrent Clear Claimed Marks 0.197ms
[2026-04-03T01:48:26.402+0600][24.691s][info][gc,marking     ] GC(56) Concurrent Cleanup for Next Mark
[2026-04-03T01:48:26.402+0600][24.691s][info][gc,marking     ] GC(56) Concurrent Cleanup for Next Mark 0.727ms
[2026-04-03T01:48:26.402+0600][24.691s][info][gc             ] GC(56) Concurrent Mark Cycle 52.516ms
[2026-04-03T01:48:26.449+0600][24.738s][info][gc,start       ] GC(57) Pause Young (Prepare Mixed) (G1 Evacuation Pause)
[2026-04-03T01:48:26.449+0600][24.738s][info][gc,task        ] GC(57) Using 3 workers of 10 for evacuation
[2026-04-03T01:48:26.452+0600][24.741s][info][gc,phases      ] GC(57)   Pre Evacuate Collection Set: 0.31ms
[2026-04-03T01:48:26.452+0600][24.741s][info][gc,phases      ] GC(57)   Merge Heap Roots: 0.13ms
[2026-04-03T01:48:26.452+0600][24.741s][info][gc,phases      ] GC(57)   Evacuate Collection Set: 1.45ms
[2026-04-03T01:48:26.452+0600][24.741s][info][gc,phases      ] GC(57)   Post Evacuate Collection Set: 1.02ms
[2026-04-03T01:48:26.452+0600][24.741s][info][gc,phases      ] GC(57)   Other: 0.20ms
[2026-04-03T01:48:26.452+0600][24.741s][info][gc,heap        ] GC(57) Eden regions: 46->0(62)
[2026-04-03T01:48:26.452+0600][24.741s][info][gc,heap        ] GC(57) Survivor regions: 1->1(6)
[2026-04-03T01:48:26.452+0600][24.741s][info][gc,heap        ] GC(57) Old regions: 19->20
[2026-04-03T01:48:26.452+0600][24.741s][info][gc,heap        ] GC(57) Humongous regions: 3->3
[2026-04-03T01:48:26.452+0600][24.741s][info][gc,metaspace   ] GC(57) Metaspace: 66894K(67840K)->66894K(67840K) NonClass: 58477K(59008K)->58477K(59008K) Class: 8417K(8832K)->8417K(8832K)
[2026-04-03T01:48:26.452+0600][24.741s][info][gc             ] GC(57) Pause Young (Prepare Mixed) (G1 Evacuation Pause) 128M->36M(210M) 3.588ms
[2026-04-03T01:48:26.452+0600][24.741s][info][gc,cpu         ] GC(57) User=0.00s Sys=0.00s Real=0.01s
[2026-04-03T01:48:26.544+0600][24.833s][info][gc,start       ] GC(58) Pause Young (Mixed) (G1 Evacuation Pause)
[2026-04-03T01:48:26.544+0600][24.833s][info][gc,task        ] GC(58) Using 5 workers of 10 for evacuation
[2026-04-03T01:48:26.547+0600][24.836s][info][gc,phases      ] GC(58)   Pre Evacuate Collection Set: 0.41ms
[2026-04-03T01:48:26.547+0600][24.836s][info][gc,phases      ] GC(58)   Merge Heap Roots: 0.13ms
[2026-04-03T01:48:26.547+0600][24.836s][info][gc,phases      ] GC(58)   Evacuate Collection Set: 0.72ms
[2026-04-03T01:48:26.547+0600][24.836s][info][gc,phases      ] GC(58)   Post Evacuate Collection Set: 0.85ms
[2026-04-03T01:48:26.547+0600][24.836s][info][gc,phases      ] GC(58)   Other: 0.10ms
[2026-04-03T01:48:26.547+0600][24.836s][info][gc,heap        ] GC(58) Eden regions: 62->0(62)
[2026-04-03T01:48:26.547+0600][24.836s][info][gc,heap        ] GC(58) Survivor regions: 1->1(8)
[2026-04-03T01:48:26.547+0600][24.836s][info][gc,heap        ] GC(58) Old regions: 20->19
[2026-04-03T01:48:26.547+0600][24.836s][info][gc,heap        ] GC(58) Humongous regions: 3->3
[2026-04-03T01:48:26.547+0600][24.836s][info][gc,metaspace   ] GC(58) Metaspace: 66894K(67840K)->66894K(67840K) NonClass: 58477K(59008K)->58477K(59008K) Class: 8417K(8832K)->8417K(8832K)
[2026-04-03T01:48:26.547+0600][24.836s][info][gc             ] GC(58) Pause Young (Mixed) (G1 Evacuation Pause) 160M->36M(210M) 2.476ms
[2026-04-03T01:48:26.547+0600][24.836s][info][gc,cpu         ] GC(58) User=0.01s Sys=0.00s Real=0.00s
[2026-04-03T01:48:26.604+0600][24.893s][info][gc,start       ] GC(59) Pause Young (Concurrent Start) (G1 Evacuation Pause)
[2026-04-03T01:48:26.604+0600][24.893s][info][gc,task        ] GC(59) Using 5 workers of 10 for evacuation
[2026-04-03T01:48:26.607+0600][24.896s][info][gc,phases      ] GC(59)   Pre Evacuate Collection Set: 0.45ms
[2026-04-03T01:48:26.607+0600][24.896s][info][gc,phases      ] GC(59)   Merge Heap Roots: 0.16ms
[2026-04-03T01:48:26.607+0600][24.896s][info][gc,phases      ] GC(59)   Evacuate Collection Set: 1.32ms
[2026-04-03T01:48:26.607+0600][24.896s][info][gc,phases      ] GC(59)   Post Evacuate Collection Set: 0.77ms
[2026-04-03T01:48:26.607+0600][24.896s][info][gc,phases      ] GC(59)   Other: 0.20ms
[2026-04-03T01:48:26.607+0600][24.896s][info][gc,heap        ] GC(59) Eden regions: 62->0(62)
[2026-04-03T01:48:26.607+0600][24.896s][info][gc,heap        ] GC(59) Survivor regions: 1->1(8)
[2026-04-03T01:48:26.607+0600][24.896s][info][gc,heap        ] GC(59) Old regions: 19->19
[2026-04-03T01:48:26.607+0600][24.896s][info][gc,heap        ] GC(59) Humongous regions: 3->3
[2026-04-03T01:48:26.607+0600][24.896s][info][gc,metaspace   ] GC(59) Metaspace: 66894K(67840K)->66894K(67840K) NonClass: 58477K(59008K)->58477K(59008K) Class: 8417K(8832K)->8417K(8832K)
[2026-04-03T01:48:26.607+0600][24.896s][info][gc             ] GC(59) Pause Young (Concurrent Start) (G1 Evacuation Pause) 160M->36M(210M) 3.298ms
[2026-04-03T01:48:26.607+0600][24.896s][info][gc             ] GC(60) Concurrent Mark Cycle
[2026-04-03T01:48:26.607+0600][24.896s][info][gc,marking     ] GC(60) Concurrent Scan Root Regions
[2026-04-03T01:48:26.607+0600][24.896s][info][gc,cpu         ] GC(59) User=0.00s Sys=0.00s Real=0.00s
[2026-04-03T01:48:26.608+0600][24.897s][info][gc,marking     ] GC(60) Concurrent Scan Root Regions 0.934ms
[2026-04-03T01:48:26.608+0600][24.897s][info][gc,marking     ] GC(60) Concurrent Mark
[2026-04-03T01:48:26.608+0600][24.897s][info][gc,marking     ] GC(60) Concurrent Mark From Roots
[2026-04-03T01:48:26.608+0600][24.897s][info][gc,task        ] GC(60) Using 3 workers of 3 for marking
[2026-04-03T01:48:26.624+0600][24.913s][info][gc,marking     ] GC(60) Concurrent Mark From Roots 15.968ms
[2026-04-03T01:48:26.624+0600][24.913s][info][gc,marking     ] GC(60) Concurrent Preclean
[2026-04-03T01:48:26.624+0600][24.913s][info][gc,marking     ] GC(60) Concurrent Preclean 0.269ms
[2026-04-03T01:48:26.625+0600][24.914s][info][gc,start       ] GC(60) Pause Remark
[2026-04-03T01:48:26.629+0600][24.918s][info][gc             ] GC(60) Pause Remark 65M->65M(154M) 4.735ms
[2026-04-03T01:48:26.629+0600][24.918s][info][gc,cpu         ] GC(60) User=0.01s Sys=0.00s Real=0.00s
[2026-04-03T01:48:26.630+0600][24.919s][info][gc,marking     ] GC(60) Concurrent Mark 21.605ms
[2026-04-03T01:48:26.630+0600][24.919s][info][gc,marking     ] GC(60) Concurrent Rebuild Remembered Sets and Scrub Regions
[2026-04-03T01:48:26.642+0600][24.931s][info][gc,marking     ] GC(60) Concurrent Rebuild Remembered Sets and Scrub Regions 12.714ms
[2026-04-03T01:48:26.643+0600][24.932s][info][gc,start       ] GC(60) Pause Cleanup
[2026-04-03T01:48:26.643+0600][24.932s][info][gc             ] GC(60) Pause Cleanup 89M->89M(154M) 0.291ms
[2026-04-03T01:48:26.643+0600][24.932s][info][gc,cpu         ] GC(60) User=0.00s Sys=0.00s Real=0.00s
[2026-04-03T01:48:26.643+0600][24.932s][info][gc,marking     ] GC(60) Concurrent Clear Claimed Marks
[2026-04-03T01:48:26.643+0600][24.932s][info][gc,marking     ] GC(60) Concurrent Clear Claimed Marks 0.164ms
[2026-04-03T01:48:26.643+0600][24.932s][info][gc,marking     ] GC(60) Concurrent Cleanup for Next Mark
[2026-04-03T01:48:26.644+0600][24.933s][info][gc,marking     ] GC(60) Concurrent Cleanup for Next Mark 0.290ms
[2026-04-03T01:48:26.644+0600][24.933s][info][gc             ] GC(60) Concurrent Mark Cycle 36.644ms
[2026-04-03T01:48:26.669+0600][24.958s][info][gc,start       ] GC(61) Pause Young (Prepare Mixed) (G1 Evacuation Pause)
[2026-04-03T01:48:26.669+0600][24.958s][info][gc,task        ] GC(61) Using 4 workers of 10 for evacuation
[2026-04-03T01:48:26.671+0600][24.960s][info][gc,phases      ] GC(61)   Pre Evacuate Collection Set: 0.38ms
[2026-04-03T01:48:26.671+0600][24.960s][info][gc,phases      ] GC(61)   Merge Heap Roots: 0.17ms
[2026-04-03T01:48:26.671+0600][24.960s][info][gc,phases      ] GC(61)   Evacuate Collection Set: 1.06ms
[2026-04-03T01:48:26.671+0600][24.960s][info][gc,phases      ] GC(61)   Post Evacuate Collection Set: 0.44ms
[2026-04-03T01:48:26.671+0600][24.960s][info][gc,phases      ] GC(61)   Other: 0.07ms
[2026-04-03T01:48:26.671+0600][24.960s][info][gc,heap        ] GC(61) Eden regions: 54->0(46)
[2026-04-03T01:48:26.671+0600][24.960s][info][gc,heap        ] GC(61) Survivor regions: 1->1(8)
[2026-04-03T01:48:26.671+0600][24.960s][info][gc,heap        ] GC(61) Old regions: 19->20
[2026-04-03T01:48:26.671+0600][24.960s][info][gc,heap        ] GC(61) Humongous regions: 3->3
[2026-04-03T01:48:26.671+0600][24.960s][info][gc,metaspace   ] GC(61) Metaspace: 66894K(67840K)->66894K(67840K) NonClass: 58477K(59008K)->58477K(59008K) Class: 8417K(8832K)->8417K(8832K)
[2026-04-03T01:48:26.671+0600][24.960s][info][gc             ] GC(61) Pause Young (Prepare Mixed) (G1 Evacuation Pause) 144M->36M(158M) 2.336ms
[2026-04-03T01:48:26.671+0600][24.960s][info][gc,cpu         ] GC(61) User=0.00s Sys=0.00s Real=0.01s
[2026-04-03T01:48:26.725+0600][25.014s][info][gc,start       ] GC(62) Pause Young (Mixed) (G1 Evacuation Pause)
[2026-04-03T01:48:26.725+0600][25.014s][info][gc,task        ] GC(62) Using 3 workers of 10 for evacuation
[2026-04-03T01:48:26.729+0600][25.018s][info][gc,phases      ] GC(62)   Pre Evacuate Collection Set: 0.31ms
[2026-04-03T01:48:26.729+0600][25.018s][info][gc,phases      ] GC(62)   Merge Heap Roots: 0.17ms
[2026-04-03T01:48:26.729+0600][25.018s][info][gc,phases      ] GC(62)   Evacuate Collection Set: 1.60ms
[2026-04-03T01:48:26.729+0600][25.018s][info][gc,phases      ] GC(62)   Post Evacuate Collection Set: 2.15ms
[2026-04-03T01:48:26.729+0600][25.018s][info][gc,phases      ] GC(62)   Other: 0.15ms
[2026-04-03T01:48:26.729+0600][25.018s][info][gc,heap        ] GC(62) Eden regions: 46->0(66)
[2026-04-03T01:48:26.730+0600][25.019s][info][gc,heap        ] GC(62) Survivor regions: 1->1(6)
[2026-04-03T01:48:26.730+0600][25.019s][info][gc,heap        ] GC(62) Old regions: 20->19
[2026-04-03T01:48:26.730+0600][25.019s][info][gc,heap        ] GC(62) Humongous regions: 3->3
[2026-04-03T01:48:26.730+0600][25.019s][info][gc,metaspace   ] GC(62) Metaspace: 66894K(67840K)->66894K(67840K) NonClass: 58477K(59008K)->58477K(59008K) Class: 8417K(8832K)->8417K(8832K)
[2026-04-03T01:48:26.730+0600][25.019s][info][gc             ] GC(62) Pause Young (Mixed) (G1 Evacuation Pause) 128M->36M(226M) 4.826ms
[2026-04-03T01:48:26.730+0600][25.019s][info][gc,cpu         ] GC(62) User=0.01s Sys=0.00s Real=0.00s
[2026-04-03T01:48:26.805+0600][25.094s][info][gc,start       ] GC(63) Pause Young (Concurrent Start) (G1 Evacuation Pause)
[2026-04-03T01:48:26.805+0600][25.094s][info][gc,task        ] GC(63) Using 5 workers of 10 for evacuation
[2026-04-03T01:48:26.808+0600][25.097s][info][gc,phases      ] GC(63)   Pre Evacuate Collection Set: 0.28ms
[2026-04-03T01:48:26.808+0600][25.097s][info][gc,phases      ] GC(63)   Merge Heap Roots: 0.20ms
[2026-04-03T01:48:26.808+0600][25.097s][info][gc,phases      ] GC(63)   Evacuate Collection Set: 0.92ms
[2026-04-03T01:48:26.808+0600][25.097s][info][gc,phases      ] GC(63)   Post Evacuate Collection Set: 0.55ms
[2026-04-03T01:48:26.808+0600][25.097s][info][gc,phases      ] GC(63)   Other: 0.22ms
[2026-04-03T01:48:26.808+0600][25.097s][info][gc,heap        ] GC(63) Eden regions: 66->0(66)
[2026-04-03T01:48:26.808+0600][25.097s][info][gc,heap        ] GC(63) Survivor regions: 1->1(9)
[2026-04-03T01:48:26.808+0600][25.097s][info][gc,heap        ] GC(63) Old regions: 19->19
[2026-04-03T01:48:26.808+0600][25.097s][info][gc,heap        ] GC(63) Humongous regions: 3->3
[2026-04-03T01:48:26.808+0600][25.097s][info][gc,metaspace   ] GC(63) Metaspace: 66894K(67840K)->66894K(67840K) NonClass: 58477K(59008K)->58477K(59008K) Class: 8417K(8832K)->8417K(8832K)
[2026-04-03T01:48:26.808+0600][25.097s][info][gc             ] GC(63) Pause Young (Concurrent Start) (G1 Evacuation Pause) 168M->36M(226M) 2.422ms
[2026-04-03T01:48:26.808+0600][25.097s][info][gc,cpu         ] GC(63) User=0.00s Sys=0.00s Real=0.00s
[2026-04-03T01:48:26.808+0600][25.097s][info][gc             ] GC(64) Concurrent Mark Cycle
[2026-04-03T01:48:26.808+0600][25.097s][info][gc,marking     ] GC(64) Concurrent Scan Root Regions
[2026-04-03T01:48:26.809+0600][25.098s][info][gc,marking     ] GC(64) Concurrent Scan Root Regions 0.934ms
[2026-04-03T01:48:26.809+0600][25.098s][info][gc,marking     ] GC(64) Concurrent Mark
[2026-04-03T01:48:26.809+0600][25.098s][info][gc,marking     ] GC(64) Concurrent Mark From Roots
[2026-04-03T01:48:26.809+0600][25.098s][info][gc,task        ] GC(64) Using 3 workers of 3 for marking
[2026-04-03T01:48:26.827+0600][25.116s][info][gc,marking     ] GC(64) Concurrent Mark From Roots 17.782ms
[2026-04-03T01:48:26.827+0600][25.116s][info][gc,marking     ] GC(64) Concurrent Preclean
[2026-04-03T01:48:26.827+0600][25.116s][info][gc,marking     ] GC(64) Concurrent Preclean 0.257ms
[2026-04-03T01:48:26.827+0600][25.116s][info][gc,start       ] GC(64) Pause Remark
[2026-04-03T01:48:26.831+0600][25.120s][info][gc             ] GC(64) Pause Remark 68M->68M(154M) 4.080ms
[2026-04-03T01:48:26.832+0600][25.121s][info][gc,cpu         ] GC(64) User=0.02s Sys=0.00s Real=0.01s
[2026-04-03T01:48:26.832+0600][25.121s][info][gc,marking     ] GC(64) Concurrent Mark 22.845ms
[2026-04-03T01:48:26.832+0600][25.121s][info][gc,marking     ] GC(64) Concurrent Rebuild Remembered Sets and Scrub Regions
[2026-04-03T01:48:26.848+0600][25.137s][info][gc,marking     ] GC(64) Concurrent Rebuild Remembered Sets and Scrub Regions 16.193ms
[2026-04-03T01:48:26.848+0600][25.137s][info][gc,start       ] GC(64) Pause Cleanup
[2026-04-03T01:48:26.849+0600][25.138s][info][gc             ] GC(64) Pause Cleanup 93M->93M(154M) 0.322ms
[2026-04-03T01:48:26.849+0600][25.138s][info][gc,cpu         ] GC(64) User=0.00s Sys=0.00s Real=0.00s
[2026-04-03T01:48:26.849+0600][25.138s][info][gc,marking     ] GC(64) Concurrent Clear Claimed Marks
[2026-04-03T01:48:26.849+0600][25.138s][info][gc,marking     ] GC(64) Concurrent Clear Claimed Marks 0.210ms
[2026-04-03T01:48:26.849+0600][25.138s][info][gc,marking     ] GC(64) Concurrent Cleanup for Next Mark
[2026-04-03T01:48:26.849+0600][25.138s][info][gc,marking     ] GC(64) Concurrent Cleanup for Next Mark 0.434ms
[2026-04-03T01:48:26.850+0600][25.139s][info][gc             ] GC(64) Concurrent Mark Cycle 41.763ms
[2026-04-03T01:48:26.881+0600][25.170s][info][gc,start       ] GC(65) Pause Young (Prepare Mixed) (G1 Evacuation Pause)
[2026-04-03T01:48:26.881+0600][25.170s][info][gc,task        ] GC(65) Using 4 workers of 10 for evacuation
[2026-04-03T01:48:26.883+0600][25.172s][info][gc,phases      ] GC(65)   Pre Evacuate Collection Set: 0.37ms
[2026-04-03T01:48:26.883+0600][25.172s][info][gc,phases      ] GC(65)   Merge Heap Roots: 0.30ms
[2026-04-03T01:48:26.883+0600][25.172s][info][gc,phases      ] GC(65)   Evacuate Collection Set: 0.71ms
[2026-04-03T01:48:26.883+0600][25.172s][info][gc,phases      ] GC(65)   Post Evacuate Collection Set: 0.65ms
[2026-04-03T01:48:26.883+0600][25.172s][info][gc,phases      ] GC(65)   Other: 0.11ms
[2026-04-03T01:48:26.883+0600][25.172s][info][gc,heap        ] GC(65) Eden regions: 54->0(45)
[2026-04-03T01:48:26.883+0600][25.172s][info][gc,heap        ] GC(65) Survivor regions: 1->1(9)
[2026-04-03T01:48:26.883+0600][25.172s][info][gc,heap        ] GC(65) Old regions: 19->19
[2026-04-03T01:48:26.883+0600][25.172s][info][gc,heap        ] GC(65) Humongous regions: 3->3
[2026-04-03T01:48:26.883+0600][25.172s][info][gc,metaspace   ] GC(65) Metaspace: 66894K(67840K)->66894K(67840K) NonClass: 58477K(59008K)->58477K(59008K) Class: 8417K(8832K)->8417K(8832K)
[2026-04-03T01:48:26.883+0600][25.172s][info][gc             ] GC(65) Pause Young (Prepare Mixed) (G1 Evacuation Pause) 144M->36M(156M) 2.404ms
[2026-04-03T01:48:26.883+0600][25.172s][info][gc,cpu         ] GC(65) User=0.00s Sys=0.00s Real=0.00s
[2026-04-03T01:48:26.929+0600][25.218s][info][gc,start       ] GC(66) Pause Young (Mixed) (G1 Evacuation Pause)
[2026-04-03T01:48:26.929+0600][25.218s][info][gc,task        ] GC(66) Using 3 workers of 10 for evacuation
[2026-04-03T01:48:26.931+0600][25.220s][info][gc,phases      ] GC(66)   Pre Evacuate Collection Set: 0.23ms
[2026-04-03T01:48:26.931+0600][25.220s][info][gc,phases      ] GC(66)   Merge Heap Roots: 0.11ms
[2026-04-03T01:48:26.931+0600][25.220s][info][gc,phases      ] GC(66)   Evacuate Collection Set: 0.95ms
[2026-04-03T01:48:26.931+0600][25.220s][info][gc,phases      ] GC(66)   Post Evacuate Collection Set: 0.54ms
[2026-04-03T01:48:26.931+0600][25.220s][info][gc,phases      ] GC(66)   Other: 0.13ms
[2026-04-03T01:48:26.931+0600][25.220s][info][gc,heap        ] GC(66) Eden regions: 45->0(45)
[2026-04-03T01:48:26.931+0600][25.220s][info][gc,heap        ] GC(66) Survivor regions: 1->1(6)
[2026-04-03T01:48:26.931+0600][25.220s][info][gc,heap        ] GC(66) Old regions: 19->19
[2026-04-03T01:48:26.931+0600][25.220s][info][gc,heap        ] GC(66) Humongous regions: 3->3
[2026-04-03T01:48:26.931+0600][25.220s][info][gc,metaspace   ] GC(66) Metaspace: 66894K(67840K)->66894K(67840K) NonClass: 58477K(59008K)->58477K(59008K) Class: 8417K(8832K)->8417K(8832K)
[2026-04-03T01:48:26.931+0600][25.220s][info][gc             ] GC(66) Pause Young (Mixed) (G1 Evacuation Pause) 126M->36M(156M) 2.246ms
[2026-04-03T01:48:26.931+0600][25.220s][info][gc,cpu         ] GC(66) User=0.01s Sys=0.00s Real=0.01s
[2026-04-03T01:48:26.979+0600][25.268s][info][gc,start       ] GC(67) Pause Young (Concurrent Start) (G1 Evacuation Pause)
[2026-04-03T01:48:26.979+0600][25.268s][info][gc,task        ] GC(67) Using 3 workers of 10 for evacuation
[2026-04-03T01:48:26.982+0600][25.271s][info][gc,phases      ] GC(67)   Pre Evacuate Collection Set: 0.24ms
[2026-04-03T01:48:26.982+0600][25.271s][info][gc,phases      ] GC(67)   Merge Heap Roots: 0.08ms
[2026-04-03T01:48:26.982+0600][25.271s][info][gc,phases      ] GC(67)   Evacuate Collection Set: 0.95ms
[2026-04-03T01:48:26.982+0600][25.271s][info][gc,phases      ] GC(67)   Post Evacuate Collection Set: 0.73ms
[2026-04-03T01:48:26.982+0600][25.271s][info][gc,phases      ] GC(67)   Other: 0.15ms
[2026-04-03T01:48:26.982+0600][25.271s][info][gc,heap        ] GC(67) Eden regions: 45->0(68)
[2026-04-03T01:48:26.982+0600][25.271s][info][gc,heap        ] GC(67) Survivor regions: 1->1(6)
[2026-04-03T01:48:26.982+0600][25.271s][info][gc,heap        ] GC(67) Old regions: 19->19
[2026-04-03T01:48:26.982+0600][25.271s][info][gc,heap        ] GC(67) Humongous regions: 3->3
[2026-04-03T01:48:26.982+0600][25.271s][info][gc,metaspace   ] GC(67) Metaspace: 66894K(67840K)->66894K(67840K) NonClass: 58477K(59008K)->58477K(59008K) Class: 8417K(8832K)->8417K(8832K)
[2026-04-03T01:48:26.982+0600][25.271s][info][gc             ] GC(67) Pause Young (Concurrent Start) (G1 Evacuation Pause) 126M->36M(232M) 2.414ms
[2026-04-03T01:48:26.982+0600][25.271s][info][gc,cpu         ] GC(67) User=0.00s Sys=0.00s Real=0.01s
[2026-04-03T01:48:26.982+0600][25.271s][info][gc             ] GC(68) Concurrent Mark Cycle
[2026-04-03T01:48:26.982+0600][25.271s][info][gc,marking     ] GC(68) Concurrent Scan Root Regions
[2026-04-03T01:48:26.983+0600][25.272s][info][gc,marking     ] GC(68) Concurrent Scan Root Regions 1.045ms
[2026-04-03T01:48:26.983+0600][25.272s][info][gc,marking     ] GC(68) Concurrent Mark
[2026-04-03T01:48:26.983+0600][25.272s][info][gc,marking     ] GC(68) Concurrent Mark From Roots
[2026-04-03T01:48:26.983+0600][25.272s][info][gc,task        ] GC(68) Using 3 workers of 3 for marking
[2026-04-03T01:48:27.003+0600][25.292s][info][gc,marking     ] GC(68) Concurrent Mark From Roots 19.879ms
[2026-04-03T01:48:27.003+0600][25.292s][info][gc,marking     ] GC(68) Concurrent Preclean
[2026-04-03T01:48:27.003+0600][25.292s][info][gc,marking     ] GC(68) Concurrent Preclean 0.306ms
[2026-04-03T01:48:27.004+0600][25.293s][info][gc,start       ] GC(68) Pause Remark
[2026-04-03T01:48:27.010+0600][25.299s][info][gc             ] GC(68) Pause Remark 62M->62M(154M) 6.684ms
[2026-04-03T01:48:27.010+0600][25.299s][info][gc,cpu         ] GC(68) User=0.02s Sys=0.00s Real=0.01s
[2026-04-03T01:48:27.011+0600][25.300s][info][gc,marking     ] GC(68) Concurrent Mark 27.494ms
[2026-04-03T01:48:27.011+0600][25.300s][info][gc,marking     ] GC(68) Concurrent Rebuild Remembered Sets and Scrub Regions
[2026-04-03T01:48:27.028+0600][25.317s][info][gc,marking     ] GC(68) Concurrent Rebuild Remembered Sets and Scrub Regions 16.973ms
[2026-04-03T01:48:27.028+0600][25.317s][info][gc,start       ] GC(68) Pause Cleanup
[2026-04-03T01:48:27.028+0600][25.317s][info][gc             ] GC(68) Pause Cleanup 82M->82M(154M) 0.314ms
[2026-04-03T01:48:27.028+0600][25.317s][info][gc,cpu         ] GC(68) User=0.00s Sys=0.00s Real=0.00s
[2026-04-03T01:48:27.029+0600][25.318s][info][gc,marking     ] GC(68) Concurrent Clear Claimed Marks
[2026-04-03T01:48:27.029+0600][25.318s][info][gc,marking     ] GC(68) Concurrent Clear Claimed Marks 0.215ms
[2026-04-03T01:48:27.029+0600][25.318s][info][gc,marking     ] GC(68) Concurrent Cleanup for Next Mark
[2026-04-03T01:48:27.029+0600][25.318s][info][gc,marking     ] GC(68) Concurrent Cleanup for Next Mark 0.388ms
[2026-04-03T01:48:27.029+0600][25.318s][info][gc             ] GC(68) Concurrent Mark Cycle 47.293ms
[2026-04-03T01:48:27.060+0600][25.349s][info][gc,start       ] GC(69) Pause Young (Prepare Mixed) (G1 Evacuation Pause)
[2026-04-03T01:48:27.060+0600][25.349s][info][gc,task        ] GC(69) Using 3 workers of 10 for evacuation
[2026-04-03T01:48:27.062+0600][25.351s][info][gc,phases      ] GC(69)   Pre Evacuate Collection Set: 0.20ms
[2026-04-03T01:48:27.062+0600][25.351s][info][gc,phases      ] GC(69)   Merge Heap Roots: 0.08ms
[2026-04-03T01:48:27.062+0600][25.351s][info][gc,phases      ] GC(69)   Evacuate Collection Set: 0.93ms
[2026-04-03T01:48:27.062+0600][25.351s][info][gc,phases      ] GC(69)   Post Evacuate Collection Set: 0.89ms
[2026-04-03T01:48:27.062+0600][25.351s][info][gc,phases      ] GC(69)   Other: 0.09ms
[2026-04-03T01:48:27.062+0600][25.351s][info][gc,heap        ] GC(69) Eden regions: 54->0(46)
[2026-04-03T01:48:27.062+0600][25.351s][info][gc,heap        ] GC(69) Survivor regions: 1->1(9)
[2026-04-03T01:48:27.063+0600][25.352s][info][gc,heap        ] GC(69) Old regions: 19->20
[2026-04-03T01:48:27.063+0600][25.352s][info][gc,heap        ] GC(69) Humongous regions: 3->3
[2026-04-03T01:48:27.063+0600][25.352s][info][gc,metaspace   ] GC(69) Metaspace: 66894K(67840K)->66894K(67840K) NonClass: 58477K(59008K)->58477K(59008K) Class: 8417K(8832K)->8417K(8832K)
[2026-04-03T01:48:27.063+0600][25.352s][info][gc             ] GC(69) Pause Young (Prepare Mixed) (G1 Evacuation Pause) 144M->36M(158M) 2.481ms
[2026-04-03T01:48:27.063+0600][25.352s][info][gc,cpu         ] GC(69) User=0.00s Sys=0.00s Real=0.00s
[2026-04-03T01:48:27.106+0600][25.395s][info][gc,start       ] GC(70) Pause Young (Mixed) (G1 Evacuation Pause)
[2026-04-03T01:48:27.106+0600][25.395s][info][gc,task        ] GC(70) Using 3 workers of 10 for evacuation
[2026-04-03T01:48:27.108+0600][25.397s][info][gc,phases      ] GC(70)   Pre Evacuate Collection Set: 0.34ms
[2026-04-03T01:48:27.108+0600][25.397s][info][gc,phases      ] GC(70)   Merge Heap Roots: 0.20ms
[2026-04-03T01:48:27.108+0600][25.397s][info][gc,phases      ] GC(70)   Evacuate Collection Set: 1.24ms
[2026-04-03T01:48:27.108+0600][25.397s][info][gc,phases      ] GC(70)   Post Evacuate Collection Set: 0.64ms
[2026-04-03T01:48:27.108+0600][25.397s][info][gc,phases      ] GC(70)   Other: 0.11ms
[2026-04-03T01:48:27.108+0600][25.397s][info][gc,heap        ] GC(70) Eden regions: 46->0(46)
[2026-04-03T01:48:27.108+0600][25.397s][info][gc,heap        ] GC(70) Survivor regions: 1->1(6)
[2026-04-03T01:48:27.108+0600][25.397s][info][gc,heap        ] GC(70) Old regions: 20->19
[2026-04-03T01:48:27.108+0600][25.397s][info][gc,heap        ] GC(70) Humongous regions: 3->3
[2026-04-03T01:48:27.108+0600][25.397s][info][gc,metaspace   ] GC(70) Metaspace: 66896K(67904K)->66896K(67904K) NonClass: 58479K(59072K)->58479K(59072K) Class: 8417K(8832K)->8417K(8832K)
[2026-04-03T01:48:27.108+0600][25.397s][info][gc             ] GC(70) Pause Young (Mixed) (G1 Evacuation Pause) 128M->36M(158M) 2.832ms
[2026-04-03T01:48:27.108+0600][25.397s][info][gc,cpu         ] GC(70) User=0.01s Sys=0.01s Real=0.00s
[2026-04-03T01:48:27.153+0600][25.442s][info][gc,start       ] GC(71) Pause Young (Concurrent Start) (G1 Evacuation Pause)
[2026-04-03T01:48:27.153+0600][25.442s][info][gc,task        ] GC(71) Using 3 workers of 10 for evacuation
[2026-04-03T01:48:27.155+0600][25.444s][info][gc,phases      ] GC(71)   Pre Evacuate Collection Set: 0.31ms
[2026-04-03T01:48:27.155+0600][25.444s][info][gc,phases      ] GC(71)   Merge Heap Roots: 0.08ms
[2026-04-03T01:48:27.155+0600][25.444s][info][gc,phases      ] GC(71)   Evacuate Collection Set: 0.89ms
[2026-04-03T01:48:27.155+0600][25.444s][info][gc,phases      ] GC(71)   Post Evacuate Collection Set: 0.74ms
[2026-04-03T01:48:27.155+0600][25.444s][info][gc,phases      ] GC(71)   Other: 0.18ms
[2026-04-03T01:48:27.155+0600][25.444s][info][gc,heap        ] GC(71) Eden regions: 46->0(46)
[2026-04-03T01:48:27.155+0600][25.444s][info][gc,heap        ] GC(71) Survivor regions: 1->1(6)
[2026-04-03T01:48:27.155+0600][25.444s][info][gc,heap        ] GC(71) Old regions: 19->19
[2026-04-03T01:48:27.156+0600][25.445s][info][gc,heap        ] GC(71) Humongous regions: 3->3
[2026-04-03T01:48:27.156+0600][25.445s][info][gc,metaspace   ] GC(71) Metaspace: 66896K(67904K)->66896K(67904K) NonClass: 58479K(59072K)->58479K(59072K) Class: 8417K(8832K)->8417K(8832K)
[2026-04-03T01:48:27.156+0600][25.445s][info][gc             ] GC(71) Pause Young (Concurrent Start) (G1 Evacuation Pause) 128M->36M(158M) 2.454ms
[2026-04-03T01:48:27.156+0600][25.445s][info][gc             ] GC(72) Concurrent Mark Cycle
[2026-04-03T01:48:27.156+0600][25.445s][info][gc,marking     ] GC(72) Concurrent Scan Root Regions
[2026-04-03T01:48:27.156+0600][25.445s][info][gc,cpu         ] GC(71) User=0.00s Sys=0.00s Real=0.00s
[2026-04-03T01:48:27.157+0600][25.446s][info][gc,marking     ] GC(72) Concurrent Scan Root Regions 1.024ms
[2026-04-03T01:48:27.157+0600][25.446s][info][gc,marking     ] GC(72) Concurrent Mark
[2026-04-03T01:48:27.157+0600][25.446s][info][gc,marking     ] GC(72) Concurrent Mark From Roots
[2026-04-03T01:48:27.157+0600][25.446s][info][gc,task        ] GC(72) Using 3 workers of 3 for marking
[2026-04-03T01:48:27.176+0600][25.465s][info][gc,marking     ] GC(72) Concurrent Mark From Roots 19.122ms
[2026-04-03T01:48:27.176+0600][25.465s][info][gc,marking     ] GC(72) Concurrent Preclean
[2026-04-03T01:48:27.176+0600][25.465s][info][gc,marking     ] GC(72) Concurrent Preclean 0.310ms
[2026-04-03T01:48:27.177+0600][25.466s][info][gc,start       ] GC(72) Pause Remark
[2026-04-03T01:48:27.182+0600][25.471s][info][gc             ] GC(72) Pause Remark 67M->67M(154M) 5.500ms
[2026-04-03T01:48:27.182+0600][25.471s][info][gc,cpu         ] GC(72) User=0.01s Sys=0.00s Real=0.01s
[2026-04-03T01:48:27.182+0600][25.471s][info][gc,marking     ] GC(72) Concurrent Mark 25.533ms
[2026-04-03T01:48:27.182+0600][25.471s][info][gc,marking     ] GC(72) Concurrent Rebuild Remembered Sets and Scrub Regions
[2026-04-03T01:48:27.198+0600][25.487s][info][gc,marking     ] GC(72) Concurrent Rebuild Remembered Sets and Scrub Regions 15.844ms
[2026-04-03T01:48:27.199+0600][25.488s][info][gc,start       ] GC(72) Pause Cleanup
[2026-04-03T01:48:27.199+0600][25.488s][info][gc             ] GC(72) Pause Cleanup 93M->93M(154M) 0.391ms
[2026-04-03T01:48:27.199+0600][25.488s][info][gc,cpu         ] GC(72) User=0.00s Sys=0.00s Real=0.00s
[2026-04-03T01:48:27.199+0600][25.488s][info][gc,marking     ] GC(72) Concurrent Clear Claimed Marks
[2026-04-03T01:48:27.199+0600][25.488s][info][gc,marking     ] GC(72) Concurrent Clear Claimed Marks 0.192ms
[2026-04-03T01:48:27.199+0600][25.488s][info][gc,marking     ] GC(72) Concurrent Cleanup for Next Mark
[2026-04-03T01:48:27.200+0600][25.489s][info][gc,marking     ] GC(72) Concurrent Cleanup for Next Mark 0.412ms
[2026-04-03T01:48:27.200+0600][25.489s][info][gc             ] GC(72) Concurrent Mark Cycle 44.243ms
[2026-04-03T01:48:27.219+0600][25.508s][info][gc,start       ] GC(73) Pause Young (Prepare Mixed) (G1 Evacuation Pause)
[2026-04-03T01:48:27.219+0600][25.508s][info][gc,task        ] GC(73) Using 3 workers of 10 for evacuation
[2026-04-03T01:48:27.222+0600][25.511s][info][gc,phases      ] GC(73)   Pre Evacuate Collection Set: 0.37ms
[2026-04-03T01:48:27.222+0600][25.511s][info][gc,phases      ] GC(73)   Merge Heap Roots: 0.21ms
[2026-04-03T01:48:27.222+0600][25.511s][info][gc,phases      ] GC(73)   Evacuate Collection Set: 1.13ms
[2026-04-03T01:48:27.222+0600][25.511s][info][gc,phases      ] GC(73)   Post Evacuate Collection Set: 0.81ms
[2026-04-03T01:48:27.222+0600][25.511s][info][gc,phases      ] GC(73)   Other: 0.14ms
[2026-04-03T01:48:27.222+0600][25.511s][info][gc,heap        ] GC(73) Eden regions: 46->0(61)
[2026-04-03T01:48:27.222+0600][25.511s][info][gc,heap        ] GC(73) Survivor regions: 1->1(6)
[2026-04-03T01:48:27.222+0600][25.511s][info][gc,heap        ] GC(73) Old regions: 19->19
[2026-04-03T01:48:27.222+0600][25.511s][info][gc,heap        ] GC(73) Humongous regions: 3->3
[2026-04-03T01:48:27.222+0600][25.511s][info][gc,metaspace   ] GC(73) Metaspace: 66896K(67904K)->66896K(67904K) NonClass: 58479K(59072K)->58479K(59072K) Class: 8417K(8832K)->8417K(8832K)
[2026-04-03T01:48:27.222+0600][25.511s][info][gc             ] GC(73) Pause Young (Prepare Mixed) (G1 Evacuation Pause) 128M->36M(208M) 2.987ms
[2026-04-03T01:48:27.222+0600][25.511s][info][gc,cpu         ] GC(73) User=0.01s Sys=0.00s Real=0.01s
[2026-04-03T01:48:27.303+0600][25.592s][info][gc,start       ] GC(74) Pause Young (Mixed) (G1 Evacuation Pause)
[2026-04-03T01:48:27.303+0600][25.592s][info][gc,task        ] GC(74) Using 5 workers of 10 for evacuation
[2026-04-03T01:48:27.305+0600][25.594s][info][gc,phases      ] GC(74)   Pre Evacuate Collection Set: 0.32ms
[2026-04-03T01:48:27.305+0600][25.594s][info][gc,phases      ] GC(74)   Merge Heap Roots: 0.19ms
[2026-04-03T01:48:27.305+0600][25.594s][info][gc,phases      ] GC(74)   Evacuate Collection Set: 0.74ms
[2026-04-03T01:48:27.305+0600][25.594s][info][gc,phases      ] GC(74)   Post Evacuate Collection Set: 0.56ms
[2026-04-03T01:48:27.305+0600][25.594s][info][gc,phases      ] GC(74)   Other: 0.07ms
[2026-04-03T01:48:27.305+0600][25.594s][info][gc,heap        ] GC(74) Eden regions: 61->0(61)
[2026-04-03T01:48:27.305+0600][25.594s][info][gc,heap        ] GC(74) Survivor regions: 1->1(8)
[2026-04-03T01:48:27.305+0600][25.594s][info][gc,heap        ] GC(74) Old regions: 19->19
[2026-04-03T01:48:27.305+0600][25.594s][info][gc,heap        ] GC(74) Humongous regions: 3->3
[2026-04-03T01:48:27.305+0600][25.594s][info][gc,metaspace   ] GC(74) Metaspace: 66896K(67904K)->66896K(67904K) NonClass: 58479K(59072K)->58479K(59072K) Class: 8417K(8832K)->8417K(8832K)
[2026-04-03T01:48:27.305+0600][25.594s][info][gc             ] GC(74) Pause Young (Mixed) (G1 Evacuation Pause) 158M->36M(208M) 2.132ms
[2026-04-03T01:48:27.305+0600][25.594s][info][gc,cpu         ] GC(74) User=0.01s Sys=0.00s Real=0.00s
[2026-04-03T01:48:27.370+0600][25.659s][info][gc,start       ] GC(75) Pause Young (Concurrent Start) (G1 Evacuation Pause)
[2026-04-03T01:48:27.370+0600][25.659s][info][gc,task        ] GC(75) Using 5 workers of 10 for evacuation
[2026-04-03T01:48:27.372+0600][25.661s][info][gc,phases      ] GC(75)   Pre Evacuate Collection Set: 0.37ms
[2026-04-03T01:48:27.372+0600][25.661s][info][gc,phases      ] GC(75)   Merge Heap Roots: 0.23ms
[2026-04-03T01:48:27.372+0600][25.661s][info][gc,phases      ] GC(75)   Evacuate Collection Set: 0.93ms
[2026-04-03T01:48:27.372+0600][25.661s][info][gc,phases      ] GC(75)   Post Evacuate Collection Set: 0.52ms
[2026-04-03T01:48:27.372+0600][25.661s][info][gc,phases      ] GC(75)   Other: 0.18ms
[2026-04-03T01:48:27.372+0600][25.661s][info][gc,heap        ] GC(75) Eden regions: 61->0(61)
[2026-04-03T01:48:27.372+0600][25.661s][info][gc,heap        ] GC(75) Survivor regions: 1->1(8)
[2026-04-03T01:48:27.372+0600][25.661s][info][gc,heap        ] GC(75) Old regions: 19->19
[2026-04-03T01:48:27.372+0600][25.661s][info][gc,heap        ] GC(75) Humongous regions: 3->3
[2026-04-03T01:48:27.372+0600][25.661s][info][gc,metaspace   ] GC(75) Metaspace: 66897K(67904K)->66897K(67904K) NonClass: 58480K(59072K)->58480K(59072K) Class: 8417K(8832K)->8417K(8832K)
[2026-04-03T01:48:27.372+0600][25.661s][info][gc             ] GC(75) Pause Young (Concurrent Start) (G1 Evacuation Pause) 158M->36M(208M) 2.465ms
[2026-04-03T01:48:27.372+0600][25.661s][info][gc,cpu         ] GC(75) User=0.00s Sys=0.00s Real=0.00s
[2026-04-03T01:48:27.372+0600][25.661s][info][gc             ] GC(76) Concurrent Mark Cycle
[2026-04-03T01:48:27.372+0600][25.661s][info][gc,marking     ] GC(76) Concurrent Scan Root Regions
[2026-04-03T01:48:27.373+0600][25.662s][info][gc,marking     ] GC(76) Concurrent Scan Root Regions 0.900ms
[2026-04-03T01:48:27.373+0600][25.662s][info][gc,marking     ] GC(76) Concurrent Mark
[2026-04-03T01:48:27.373+0600][25.662s][info][gc,marking     ] GC(76) Concurrent Mark From Roots
[2026-04-03T01:48:27.373+0600][25.662s][info][gc,task        ] GC(76) Using 3 workers of 3 for marking
[2026-04-03T01:48:27.393+0600][25.682s][info][gc,marking     ] GC(76) Concurrent Mark From Roots 20.071ms
[2026-04-03T01:48:27.393+0600][25.682s][info][gc,marking     ] GC(76) Concurrent Preclean
[2026-04-03T01:48:27.394+0600][25.683s][info][gc,marking     ] GC(76) Concurrent Preclean 0.367ms
[2026-04-03T01:48:27.394+0600][25.683s][info][gc,start       ] GC(76) Pause Remark
[2026-04-03T01:48:27.398+0600][25.687s][info][gc             ] GC(76) Pause Remark 66M->66M(154M) 4.298ms
[2026-04-03T01:48:27.398+0600][25.687s][info][gc,cpu         ] GC(76) User=0.02s Sys=0.00s Real=0.00s
[2026-04-03T01:48:27.399+0600][25.688s][info][gc,marking     ] GC(76) Concurrent Mark 25.321ms
[2026-04-03T01:48:27.399+0600][25.688s][info][gc,marking     ] GC(76) Concurrent Rebuild Remembered Sets and Scrub Regions
[2026-04-03T01:48:27.415+0600][25.704s][info][gc,marking     ] GC(76) Concurrent Rebuild Remembered Sets and Scrub Regions 16.290ms
[2026-04-03T01:48:27.415+0600][25.704s][info][gc,start       ] GC(76) Pause Cleanup
[2026-04-03T01:48:27.416+0600][25.705s][info][gc             ] GC(76) Pause Cleanup 96M->96M(154M) 0.200ms
[2026-04-03T01:48:27.416+0600][25.705s][info][gc,cpu         ] GC(76) User=0.00s Sys=0.00s Real=0.00s
[2026-04-03T01:48:27.416+0600][25.705s][info][gc,marking     ] GC(76) Concurrent Clear Claimed Marks
[2026-04-03T01:48:27.416+0600][25.705s][info][gc,marking     ] GC(76) Concurrent Clear Claimed Marks 0.184ms
[2026-04-03T01:48:27.416+0600][25.705s][info][gc,marking     ] GC(76) Concurrent Cleanup for Next Mark
[2026-04-03T01:48:27.416+0600][25.705s][info][gc,marking     ] GC(76) Concurrent Cleanup for Next Mark 0.366ms
[2026-04-03T01:48:27.416+0600][25.705s][info][gc             ] GC(76) Concurrent Mark Cycle 43.942ms
[2026-04-03T01:48:27.441+0600][25.730s][info][gc,start       ] GC(77) Pause Young (Prepare Mixed) (G1 Evacuation Pause)
[2026-04-03T01:48:27.441+0600][25.730s][info][gc,task        ] GC(77) Using 4 workers of 10 for evacuation
[2026-04-03T01:48:27.443+0600][25.732s][info][gc,phases      ] GC(77)   Pre Evacuate Collection Set: 0.17ms
[2026-04-03T01:48:27.443+0600][25.732s][info][gc,phases      ] GC(77)   Merge Heap Roots: 0.13ms
[2026-04-03T01:48:27.443+0600][25.732s][info][gc,phases      ] GC(77)   Evacuate Collection Set: 1.10ms
[2026-04-03T01:48:27.443+0600][25.732s][info][gc,phases      ] GC(77)   Post Evacuate Collection Set: 0.39ms
[2026-04-03T01:48:27.443+0600][25.732s][info][gc,phases      ] GC(77)   Other: 0.11ms
[2026-04-03T01:48:27.443+0600][25.732s][info][gc,heap        ] GC(77) Eden regions: 54->0(46)
[2026-04-03T01:48:27.443+0600][25.732s][info][gc,heap        ] GC(77) Survivor regions: 1->1(8)
[2026-04-03T01:48:27.443+0600][25.732s][info][gc,heap        ] GC(77) Old regions: 19->20
[2026-04-03T01:48:27.443+0600][25.732s][info][gc,heap        ] GC(77) Humongous regions: 3->3
[2026-04-03T01:48:27.443+0600][25.732s][info][gc,metaspace   ] GC(77) Metaspace: 66897K(67904K)->66897K(67904K) NonClass: 58480K(59072K)->58480K(59072K) Class: 8417K(8832K)->8417K(8832K)
[2026-04-03T01:48:27.443+0600][25.732s][info][gc             ] GC(77) Pause Young (Prepare Mixed) (G1 Evacuation Pause) 144M->36M(158M) 2.188ms
[2026-04-03T01:48:27.443+0600][25.732s][info][gc,cpu         ] GC(77) User=0.00s Sys=0.00s Real=0.00s
[2026-04-03T01:48:27.489+0600][25.778s][info][gc,start       ] GC(78) Pause Young (Mixed) (G1 Evacuation Pause)
[2026-04-03T01:48:27.489+0600][25.778s][info][gc,task        ] GC(78) Using 3 workers of 10 for evacuation
[2026-04-03T01:48:27.491+0600][25.780s][info][gc,phases      ] GC(78)   Pre Evacuate Collection Set: 0.33ms
[2026-04-03T01:48:27.491+0600][25.780s][info][gc,phases      ] GC(78)   Merge Heap Roots: 0.18ms
[2026-04-03T01:48:27.491+0600][25.780s][info][gc,phases      ] GC(78)   Evacuate Collection Set: 1.18ms
[2026-04-03T01:48:27.491+0600][25.780s][info][gc,phases      ] GC(78)   Post Evacuate Collection Set: 0.77ms
[2026-04-03T01:48:27.491+0600][25.780s][info][gc,phases      ] GC(78)   Other: 0.09ms
[2026-04-03T01:48:27.491+0600][25.780s][info][gc,heap        ] GC(78) Eden regions: 46->0(46)
[2026-04-03T01:48:27.491+0600][25.780s][info][gc,heap        ] GC(78) Survivor regions: 1->1(6)
[2026-04-03T01:48:27.491+0600][25.780s][info][gc,heap        ] GC(78) Old regions: 20->19
[2026-04-03T01:48:27.491+0600][25.780s][info][gc,heap        ] GC(78) Humongous regions: 3->3
[2026-04-03T01:48:27.491+0600][25.780s][info][gc,metaspace   ] GC(78) Metaspace: 66897K(67904K)->66897K(67904K) NonClass: 58480K(59072K)->58480K(59072K) Class: 8417K(8832K)->8417K(8832K)
[2026-04-03T01:48:27.491+0600][25.780s][info][gc             ] GC(78) Pause Young (Mixed) (G1 Evacuation Pause) 128M->36M(158M) 2.780ms
[2026-04-03T01:48:27.491+0600][25.780s][info][gc,cpu         ] GC(78) User=0.01s Sys=0.00s Real=0.01s
[2026-04-03T01:48:27.542+0600][25.831s][info][gc,start       ] GC(79) Pause Young (Concurrent Start) (G1 Evacuation Pause)
[2026-04-03T01:48:27.542+0600][25.831s][info][gc,task        ] GC(79) Using 3 workers of 10 for evacuation
[2026-04-03T01:48:27.545+0600][25.834s][info][gc,phases      ] GC(79)   Pre Evacuate Collection Set: 0.34ms
[2026-04-03T01:48:27.545+0600][25.834s][info][gc,phases      ] GC(79)   Merge Heap Roots: 0.27ms
[2026-04-03T01:48:27.545+0600][25.834s][info][gc,phases      ] GC(79)   Evacuate Collection Set: 1.14ms
[2026-04-03T01:48:27.545+0600][25.834s][info][gc,phases      ] GC(79)   Post Evacuate Collection Set: 1.01ms
[2026-04-03T01:48:27.545+0600][25.834s][info][gc,phases      ] GC(79)   Other: 0.13ms
[2026-04-03T01:48:27.545+0600][25.834s][info][gc,heap        ] GC(79) Eden regions: 46->0(80)
[2026-04-03T01:48:27.545+0600][25.834s][info][gc,heap        ] GC(79) Survivor regions: 1->1(6)
[2026-04-03T01:48:27.545+0600][25.834s][info][gc,heap        ] GC(79) Old regions: 19->19
[2026-04-03T01:48:27.545+0600][25.834s][info][gc,heap        ] GC(79) Humongous regions: 3->3
[2026-04-03T01:48:27.545+0600][25.834s][info][gc,metaspace   ] GC(79) Metaspace: 66897K(67904K)->66897K(67904K) NonClass: 58480K(59072K)->58480K(59072K) Class: 8417K(8832K)->8417K(8832K)
[2026-04-03T01:48:27.545+0600][25.834s][info][gc             ] GC(79) Pause Young (Concurrent Start) (G1 Evacuation Pause) 128M->36M(270M) 3.141ms
[2026-04-03T01:48:27.545+0600][25.834s][info][gc,cpu         ] GC(79) User=0.00s Sys=0.00s Real=0.00s
[2026-04-03T01:48:27.545+0600][25.834s][info][gc             ] GC(80) Concurrent Mark Cycle
[2026-04-03T01:48:27.545+0600][25.834s][info][gc,marking     ] GC(80) Concurrent Scan Root Regions
[2026-04-03T01:48:27.546+0600][25.835s][info][gc,marking     ] GC(80) Concurrent Scan Root Regions 1.001ms
[2026-04-03T01:48:27.547+0600][25.836s][info][gc,marking     ] GC(80) Concurrent Mark
[2026-04-03T01:48:27.547+0600][25.836s][info][gc,marking     ] GC(80) Concurrent Mark From Roots
[2026-04-03T01:48:27.547+0600][25.836s][info][gc,task        ] GC(80) Using 3 workers of 3 for marking
[2026-04-03T01:48:27.565+0600][25.854s][info][gc,marking     ] GC(80) Concurrent Mark From Roots 18.612ms
[2026-04-03T01:48:27.565+0600][25.854s][info][gc,marking     ] GC(80) Concurrent Preclean
[2026-04-03T01:48:27.565+0600][25.854s][info][gc,marking     ] GC(80) Concurrent Preclean 0.271ms
[2026-04-03T01:48:27.566+0600][25.855s][info][gc,start       ] GC(80) Pause Remark
[2026-04-03T01:48:27.572+0600][25.861s][info][gc             ] GC(80) Pause Remark 65M->65M(154M) 6.016ms
[2026-04-03T01:48:27.572+0600][25.861s][info][gc,cpu         ] GC(80) User=0.01s Sys=0.00s Real=0.01s
[2026-04-03T01:48:27.572+0600][25.861s][info][gc,marking     ] GC(80) Concurrent Mark 25.589ms
[2026-04-03T01:48:27.572+0600][25.861s][info][gc,marking     ] GC(80) Concurrent Rebuild Remembered Sets and Scrub Regions
[2026-04-03T01:48:27.588+0600][25.877s][info][gc,marking     ] GC(80) Concurrent Rebuild Remembered Sets and Scrub Regions 16.229ms
[2026-04-03T01:48:27.589+0600][25.878s][info][gc,start       ] GC(80) Pause Cleanup
[2026-04-03T01:48:27.589+0600][25.878s][info][gc             ] GC(80) Pause Cleanup 87M->87M(154M) 0.452ms
[2026-04-03T01:48:27.589+0600][25.878s][info][gc,cpu         ] GC(80) User=0.00s Sys=0.00s Real=0.00s
[2026-04-03T01:48:27.589+0600][25.878s][info][gc,marking     ] GC(80) Concurrent Clear Claimed Marks
[2026-04-03T01:48:27.590+0600][25.879s][info][gc,marking     ] GC(80) Concurrent Clear Claimed Marks 0.268ms
[2026-04-03T01:48:27.590+0600][25.879s][info][gc,marking     ] GC(80) Concurrent Cleanup for Next Mark
[2026-04-03T01:48:27.590+0600][25.879s][info][gc,marking     ] GC(80) Concurrent Cleanup for Next Mark 0.420ms
[2026-04-03T01:48:27.590+0600][25.879s][info][gc             ] GC(80) Concurrent Mark Cycle 44.915ms
[2026-04-03T01:48:27.619+0600][25.908s][info][gc,start       ] GC(81) Pause Young (Prepare Mixed) (G1 Evacuation Pause)
[2026-04-03T01:48:27.619+0600][25.908s][info][gc,task        ] GC(81) Using 3 workers of 10 for evacuation
[2026-04-03T01:48:27.621+0600][25.910s][info][gc,phases      ] GC(81)   Pre Evacuate Collection Set: 0.24ms
[2026-04-03T01:48:27.621+0600][25.910s][info][gc,phases      ] GC(81)   Merge Heap Roots: 0.14ms
[2026-04-03T01:48:27.621+0600][25.910s][info][gc,phases      ] GC(81)   Evacuate Collection Set: 1.20ms
[2026-04-03T01:48:27.621+0600][25.910s][info][gc,phases      ] GC(81)   Post Evacuate Collection Set: 0.62ms
[2026-04-03T01:48:27.621+0600][25.910s][info][gc,phases      ] GC(81)   Other: 0.16ms
[2026-04-03T01:48:27.621+0600][25.910s][info][gc,heap        ] GC(81) Eden regions: 54->0(46)
[2026-04-03T01:48:27.621+0600][25.910s][info][gc,heap        ] GC(81) Survivor regions: 1->1(11)
[2026-04-03T01:48:27.621+0600][25.910s][info][gc,heap        ] GC(81) Old regions: 19->20
[2026-04-03T01:48:27.621+0600][25.910s][info][gc,heap        ] GC(81) Humongous regions: 3->3
[2026-04-03T01:48:27.621+0600][25.910s][info][gc,metaspace   ] GC(81) Metaspace: 66897K(67904K)->66897K(67904K) NonClass: 58480K(59072K)->58480K(59072K) Class: 8417K(8832K)->8417K(8832K)
[2026-04-03T01:48:27.622+0600][25.911s][info][gc             ] GC(81) Pause Young (Prepare Mixed) (G1 Evacuation Pause) 144M->36M(158M) 2.766ms
[2026-04-03T01:48:27.622+0600][25.911s][info][gc,cpu         ] GC(81) User=0.01s Sys=0.00s Real=0.01s
[2026-04-03T01:48:27.664+0600][25.953s][info][gc,start       ] GC(82) Pause Young (Mixed) (G1 Evacuation Pause)
[2026-04-03T01:48:27.664+0600][25.953s][info][gc,task        ] GC(82) Using 3 workers of 10 for evacuation
[2026-04-03T01:48:27.666+0600][25.955s][info][gc,phases      ] GC(82)   Pre Evacuate Collection Set: 0.33ms
[2026-04-03T01:48:27.666+0600][25.955s][info][gc,phases      ] GC(82)   Merge Heap Roots: 0.08ms
[2026-04-03T01:48:27.666+0600][25.955s][info][gc,phases      ] GC(82)   Evacuate Collection Set: 1.15ms
[2026-04-03T01:48:27.666+0600][25.955s][info][gc,phases      ] GC(82)   Post Evacuate Collection Set: 0.74ms
[2026-04-03T01:48:27.666+0600][25.955s][info][gc,phases      ] GC(82)   Other: 0.11ms
[2026-04-03T01:48:27.666+0600][25.955s][info][gc,heap        ] GC(82) Eden regions: 46->0(46)
[2026-04-03T01:48:27.666+0600][25.955s][info][gc,heap        ] GC(82) Survivor regions: 1->1(6)
[2026-04-03T01:48:27.666+0600][25.955s][info][gc,heap        ] GC(82) Old regions: 20->19
[2026-04-03T01:48:27.666+0600][25.955s][info][gc,heap        ] GC(82) Humongous regions: 3->3
[2026-04-03T01:48:27.666+0600][25.955s][info][gc,metaspace   ] GC(82) Metaspace: 66897K(67904K)->66897K(67904K) NonClass: 58480K(59072K)->58480K(59072K) Class: 8417K(8832K)->8417K(8832K)
[2026-04-03T01:48:27.666+0600][25.955s][info][gc             ] GC(82) Pause Young (Mixed) (G1 Evacuation Pause) 128M->36M(158M) 2.646ms
[2026-04-03T01:48:27.666+0600][25.955s][info][gc,cpu         ] GC(82) User=0.01s Sys=0.00s Real=0.00s
[2026-04-03T01:48:27.712+0600][26.001s][info][gc,start       ] GC(83) Pause Young (Concurrent Start) (G1 Evacuation Pause)
[2026-04-03T01:48:27.712+0600][26.001s][info][gc,task        ] GC(83) Using 3 workers of 10 for evacuation
[2026-04-03T01:48:27.715+0600][26.004s][info][gc,phases      ] GC(83)   Pre Evacuate Collection Set: 0.47ms
[2026-04-03T01:48:27.715+0600][26.004s][info][gc,phases      ] GC(83)   Merge Heap Roots: 0.18ms
[2026-04-03T01:48:27.715+0600][26.004s][info][gc,phases      ] GC(83)   Evacuate Collection Set: 1.49ms
[2026-04-03T01:48:27.715+0600][26.004s][info][gc,phases      ] GC(83)   Post Evacuate Collection Set: 0.43ms
[2026-04-03T01:48:27.715+0600][26.004s][info][gc,phases      ] GC(83)   Other: 0.22ms
[2026-04-03T01:48:27.715+0600][26.004s][info][gc,heap        ] GC(83) Eden regions: 46->0(46)
[2026-04-03T01:48:27.715+0600][26.004s][info][gc,heap        ] GC(83) Survivor regions: 1->1(6)
[2026-04-03T01:48:27.715+0600][26.004s][info][gc,heap        ] GC(83) Old regions: 19->19
[2026-04-03T01:48:27.715+0600][26.004s][info][gc,heap        ] GC(83) Humongous regions: 3->3
[2026-04-03T01:48:27.715+0600][26.004s][info][gc,metaspace   ] GC(83) Metaspace: 66897K(67904K)->66897K(67904K) NonClass: 58480K(59072K)->58480K(59072K) Class: 8417K(8832K)->8417K(8832K)
[2026-04-03T01:48:27.715+0600][26.004s][info][gc             ] GC(83) Pause Young (Concurrent Start) (G1 Evacuation Pause) 128M->36M(158M) 2.993ms
[2026-04-03T01:48:27.715+0600][26.004s][info][gc,cpu         ] GC(83) User=0.00s Sys=0.00s Real=0.00s
[2026-04-03T01:48:27.715+0600][26.004s][info][gc             ] GC(84) Concurrent Mark Cycle
[2026-04-03T01:48:27.715+0600][26.004s][info][gc,marking     ] GC(84) Concurrent Scan Root Regions
[2026-04-03T01:48:27.716+0600][26.005s][info][gc,marking     ] GC(84) Concurrent Scan Root Regions 0.895ms
[2026-04-03T01:48:27.716+0600][26.005s][info][gc,marking     ] GC(84) Concurrent Mark
[2026-04-03T01:48:27.716+0600][26.005s][info][gc,marking     ] GC(84) Concurrent Mark From Roots
[2026-04-03T01:48:27.716+0600][26.005s][info][gc,task        ] GC(84) Using 3 workers of 3 for marking
[2026-04-03T01:48:27.738+0600][26.027s][info][gc,marking     ] GC(84) Concurrent Mark From Roots 21.371ms
[2026-04-03T01:48:27.738+0600][26.027s][info][gc,marking     ] GC(84) Concurrent Preclean
[2026-04-03T01:48:27.738+0600][26.027s][info][gc,marking     ] GC(84) Concurrent Preclean 0.313ms
[2026-04-03T01:48:27.738+0600][26.027s][info][gc,start       ] GC(84) Pause Remark
[2026-04-03T01:48:27.744+0600][26.033s][info][gc             ] GC(84) Pause Remark 70M->70M(154M) 5.721ms
[2026-04-03T01:48:27.744+0600][26.033s][info][gc,cpu         ] GC(84) User=0.02s Sys=0.00s Real=0.01s
[2026-04-03T01:48:27.744+0600][26.033s][info][gc,marking     ] GC(84) Concurrent Mark 27.870ms
[2026-04-03T01:48:27.744+0600][26.033s][info][gc,marking     ] GC(84) Concurrent Rebuild Remembered Sets and Scrub Regions
[2026-04-03T01:48:27.761+0600][26.050s][info][gc,marking     ] GC(84) Concurrent Rebuild Remembered Sets and Scrub Regions 16.478ms
[2026-04-03T01:48:27.761+0600][26.050s][info][gc,start       ] GC(84) Pause Cleanup
[2026-04-03T01:48:27.761+0600][26.050s][info][gc             ] GC(84) Pause Cleanup 97M->97M(154M) 0.213ms
[2026-04-03T01:48:27.761+0600][26.050s][info][gc,cpu         ] GC(84) User=0.00s Sys=0.00s Real=0.00s
[2026-04-03T01:48:27.761+0600][26.050s][info][gc,marking     ] GC(84) Concurrent Clear Claimed Marks
[2026-04-03T01:48:27.761+0600][26.050s][info][gc,marking     ] GC(84) Concurrent Clear Claimed Marks 0.181ms
[2026-04-03T01:48:27.762+0600][26.051s][info][gc,marking     ] GC(84) Concurrent Cleanup for Next Mark
[2026-04-03T01:48:27.762+0600][26.051s][info][gc,marking     ] GC(84) Concurrent Cleanup for Next Mark 0.405ms
[2026-04-03T01:48:27.762+0600][26.051s][info][gc             ] GC(84) Concurrent Mark Cycle 46.786ms
[2026-04-03T01:48:27.779+0600][26.068s][info][gc,start       ] GC(85) Pause Young (Prepare Mixed) (G1 Evacuation Pause)
[2026-04-03T01:48:27.779+0600][26.068s][info][gc,task        ] GC(85) Using 3 workers of 10 for evacuation
[2026-04-03T01:48:27.781+0600][26.070s][info][gc,phases      ] GC(85)   Pre Evacuate Collection Set: 0.45ms
[2026-04-03T01:48:27.781+0600][26.070s][info][gc,phases      ] GC(85)   Merge Heap Roots: 0.15ms
[2026-04-03T01:48:27.781+0600][26.070s][info][gc,phases      ] GC(85)   Evacuate Collection Set: 0.94ms
[2026-04-03T01:48:27.781+0600][26.070s][info][gc,phases      ] GC(85)   Post Evacuate Collection Set: 0.62ms
[2026-04-03T01:48:27.781+0600][26.070s][info][gc,phases      ] GC(85)   Other: 0.07ms
[2026-04-03T01:48:27.781+0600][26.070s][info][gc,heap        ] GC(85) Eden regions: 46->0(45)
[2026-04-03T01:48:27.782+0600][26.070s][info][gc,heap        ] GC(85) Survivor regions: 1->1(6)
[2026-04-03T01:48:27.782+0600][26.071s][info][gc,heap        ] GC(85) Old regions: 19->20
[2026-04-03T01:48:27.782+0600][26.071s][info][gc,heap        ] GC(85) Humongous regions: 3->3
[2026-04-03T01:48:27.782+0600][26.071s][info][gc,metaspace   ] GC(85) Metaspace: 66897K(67904K)->66897K(67904K) NonClass: 58480K(59072K)->58480K(59072K) Class: 8417K(8832K)->8417K(8832K)
[2026-04-03T01:48:27.782+0600][26.071s][info][gc             ] GC(85) Pause Young (Prepare Mixed) (G1 Evacuation Pause) 128M->36M(154M) 2.420ms
[2026-04-03T01:48:27.782+0600][26.071s][info][gc,cpu         ] GC(85) User=0.00s Sys=0.00s Real=0.01s
[2026-04-03T01:48:27.824+0600][26.113s][info][gc,start       ] GC(86) Pause Young (Mixed) (G1 Evacuation Pause)
[2026-04-03T01:48:27.824+0600][26.113s][info][gc,task        ] GC(86) Using 3 workers of 10 for evacuation
[2026-04-03T01:48:27.826+0600][26.115s][info][gc,phases      ] GC(86)   Pre Evacuate Collection Set: 0.34ms
[2026-04-03T01:48:27.826+0600][26.115s][info][gc,phases      ] GC(86)   Merge Heap Roots: 0.17ms
[2026-04-03T01:48:27.826+0600][26.115s][info][gc,phases      ] GC(86)   Evacuate Collection Set: 1.10ms
[2026-04-03T01:48:27.826+0600][26.115s][info][gc,phases      ] GC(86)   Post Evacuate Collection Set: 0.89ms
[2026-04-03T01:48:27.827+0600][26.115s][info][gc,phases      ] GC(86)   Other: 0.08ms
[2026-04-03T01:48:27.827+0600][26.116s][info][gc,heap        ] GC(86) Eden regions: 45->0(77)
[2026-04-03T01:48:27.827+0600][26.116s][info][gc,heap        ] GC(86) Survivor regions: 1->1(6)
[2026-04-03T01:48:27.827+0600][26.116s][info][gc,heap        ] GC(86) Old regions: 20->19
[2026-04-03T01:48:27.827+0600][26.116s][info][gc,heap        ] GC(86) Humongous regions: 3->3
[2026-04-03T01:48:27.827+0600][26.116s][info][gc,metaspace   ] GC(86) Metaspace: 66897K(67904K)->66897K(67904K) NonClass: 58480K(59072K)->58480K(59072K) Class: 8417K(8832K)->8417K(8832K)
[2026-04-03T01:48:27.827+0600][26.116s][info][gc             ] GC(86) Pause Young (Mixed) (G1 Evacuation Pause) 126M->36M(260M) 2.822ms
[2026-04-03T01:48:27.827+0600][26.116s][info][gc,cpu         ] GC(86) User=0.00s Sys=0.00s Real=0.00s
[2026-04-03T01:48:27.928+0600][26.217s][info][gc,start       ] GC(87) Pause Young (Concurrent Start) (G1 Evacuation Pause)
[2026-04-03T01:48:27.928+0600][26.217s][info][gc,task        ] GC(87) Using 6 workers of 10 for evacuation
[2026-04-03T01:48:27.930+0600][26.219s][info][gc,phases      ] GC(87)   Pre Evacuate Collection Set: 0.41ms
[2026-04-03T01:48:27.930+0600][26.219s][info][gc,phases      ] GC(87)   Merge Heap Roots: 0.08ms
[2026-04-03T01:48:27.930+0600][26.219s][info][gc,phases      ] GC(87)   Evacuate Collection Set: 1.38ms
[2026-04-03T01:48:27.930+0600][26.219s][info][gc,phases      ] GC(87)   Post Evacuate Collection Set: 0.62ms
[2026-04-03T01:48:27.930+0600][26.219s][info][gc,phases      ] GC(87)   Other: 0.23ms
[2026-04-03T01:48:27.931+0600][26.220s][info][gc,heap        ] GC(87) Eden regions: 77->0(77)
[2026-04-03T01:48:27.931+0600][26.220s][info][gc,heap        ] GC(87) Survivor regions: 1->1(10)
[2026-04-03T01:48:27.931+0600][26.220s][info][gc,heap        ] GC(87) Old regions: 19->19
[2026-04-03T01:48:27.931+0600][26.220s][info][gc,heap        ] GC(87) Humongous regions: 3->3
[2026-04-03T01:48:27.931+0600][26.220s][info][gc,metaspace   ] GC(87) Metaspace: 66897K(67904K)->66897K(67904K) NonClass: 58480K(59072K)->58480K(59072K) Class: 8417K(8832K)->8417K(8832K)
[2026-04-03T01:48:27.931+0600][26.220s][info][gc             ] GC(87) Pause Young (Concurrent Start) (G1 Evacuation Pause) 190M->36M(260M) 3.027ms
[2026-04-03T01:48:27.931+0600][26.220s][info][gc             ] GC(88) Concurrent Mark Cycle
[2026-04-03T01:48:27.931+0600][26.220s][info][gc,marking     ] GC(88) Concurrent Scan Root Regions
[2026-04-03T01:48:27.931+0600][26.220s][info][gc,cpu         ] GC(87) User=0.00s Sys=0.00s Real=0.01s
[2026-04-03T01:48:27.932+0600][26.221s][info][gc,marking     ] GC(88) Concurrent Scan Root Regions 0.952ms
[2026-04-03T01:48:27.932+0600][26.221s][info][gc,marking     ] GC(88) Concurrent Mark
[2026-04-03T01:48:27.932+0600][26.221s][info][gc,marking     ] GC(88) Concurrent Mark From Roots
[2026-04-03T01:48:27.932+0600][26.221s][info][gc,task        ] GC(88) Using 3 workers of 3 for marking
[2026-04-03T01:48:27.951+0600][26.240s][info][gc,marking     ] GC(88) Concurrent Mark From Roots 19.471ms
[2026-04-03T01:48:27.951+0600][26.240s][info][gc,marking     ] GC(88) Concurrent Preclean
[2026-04-03T01:48:27.952+0600][26.241s][info][gc,marking     ] GC(88) Concurrent Preclean 0.327ms
[2026-04-03T01:48:27.952+0600][26.241s][info][gc,start       ] GC(88) Pause Remark
[2026-04-03T01:48:27.957+0600][26.246s][info][gc             ] GC(88) Pause Remark 67M->67M(154M) 4.767ms
[2026-04-03T01:48:27.957+0600][26.246s][info][gc,cpu         ] GC(88) User=0.02s Sys=0.00s Real=0.00s
[2026-04-03T01:48:27.957+0600][26.246s][info][gc,marking     ] GC(88) Concurrent Mark 25.334ms
[2026-04-03T01:48:27.957+0600][26.246s][info][gc,marking     ] GC(88) Concurrent Rebuild Remembered Sets and Scrub Regions
[2026-04-03T01:48:27.973+0600][26.262s][info][gc,marking     ] GC(88) Concurrent Rebuild Remembered Sets and Scrub Regions 16.370ms
[2026-04-03T01:48:27.974+0600][26.263s][info][gc,start       ] GC(88) Pause Cleanup
[2026-04-03T01:48:27.974+0600][26.263s][info][gc             ] GC(88) Pause Cleanup 90M->90M(154M) 0.343ms
[2026-04-03T01:48:27.974+0600][26.263s][info][gc,cpu         ] GC(88) User=0.00s Sys=0.00s Real=0.00s
[2026-04-03T01:48:27.974+0600][26.263s][info][gc,marking     ] GC(88) Concurrent Clear Claimed Marks
[2026-04-03T01:48:27.975+0600][26.264s][info][gc,marking     ] GC(88) Concurrent Clear Claimed Marks 0.212ms
[2026-04-03T01:48:27.975+0600][26.264s][info][gc,marking     ] GC(88) Concurrent Cleanup for Next Mark
[2026-04-03T01:48:27.975+0600][26.264s][info][gc,marking     ] GC(88) Concurrent Cleanup for Next Mark 0.364ms
[2026-04-03T01:48:27.975+0600][26.264s][info][gc             ] GC(88) Concurrent Mark Cycle 44.432ms
[2026-04-03T01:48:28.004+0600][26.293s][info][gc,start       ] GC(89) Pause Young (Prepare Mixed) (G1 Evacuation Pause)
[2026-04-03T01:48:28.004+0600][26.293s][info][gc,task        ] GC(89) Using 4 workers of 10 for evacuation
[2026-04-03T01:48:28.006+0600][26.295s][info][gc,phases      ] GC(89)   Pre Evacuate Collection Set: 0.19ms
[2026-04-03T01:48:28.006+0600][26.295s][info][gc,phases      ] GC(89)   Merge Heap Roots: 0.10ms
[2026-04-03T01:48:28.006+0600][26.295s][info][gc,phases      ] GC(89)   Evacuate Collection Set: 0.72ms
[2026-04-03T01:48:28.006+0600][26.295s][info][gc,phases      ] GC(89)   Post Evacuate Collection Set: 0.39ms
[2026-04-03T01:48:28.006+0600][26.295s][info][gc,phases      ] GC(89)   Other: 0.09ms
[2026-04-03T01:48:28.006+0600][26.295s][info][gc,heap        ] GC(89) Eden regions: 54->0(45)
[2026-04-03T01:48:28.006+0600][26.295s][info][gc,heap        ] GC(89) Survivor regions: 1->1(10)
[2026-04-03T01:48:28.006+0600][26.295s][info][gc,heap        ] GC(89) Old regions: 19->19
[2026-04-03T01:48:28.006+0600][26.295s][info][gc,heap        ] GC(89) Humongous regions: 3->3
[2026-04-03T01:48:28.006+0600][26.295s][info][gc,metaspace   ] GC(89) Metaspace: 66897K(67904K)->66897K(67904K) NonClass: 58480K(59072K)->58480K(59072K) Class: 8417K(8832K)->8417K(8832K)
[2026-04-03T01:48:28.006+0600][26.295s][info][gc             ] GC(89) Pause Young (Prepare Mixed) (G1 Evacuation Pause) 144M->36M(156M) 1.758ms
[2026-04-03T01:48:28.006+0600][26.295s][info][gc,cpu         ] GC(89) User=0.00s Sys=0.00s Real=0.00s
[2026-04-03T01:48:28.055+0600][26.344s][info][gc,start       ] GC(90) Pause Young (Mixed) (G1 Evacuation Pause)
[2026-04-03T01:48:28.055+0600][26.344s][info][gc,task        ] GC(90) Using 3 workers of 10 for evacuation
[2026-04-03T01:48:28.057+0600][26.346s][info][gc,phases      ] GC(90)   Pre Evacuate Collection Set: 0.27ms
[2026-04-03T01:48:28.057+0600][26.346s][info][gc,phases      ] GC(90)   Merge Heap Roots: 0.31ms
[2026-04-03T01:48:28.057+0600][26.346s][info][gc,phases      ] GC(90)   Evacuate Collection Set: 1.02ms
[2026-04-03T01:48:28.057+0600][26.346s][info][gc,phases      ] GC(90)   Post Evacuate Collection Set: 0.49ms
[2026-04-03T01:48:28.057+0600][26.346s][info][gc,phases      ] GC(90)   Other: 0.08ms
[2026-04-03T01:48:28.057+0600][26.346s][info][gc,heap        ] GC(90) Eden regions: 45->0(45)
[2026-04-03T01:48:28.057+0600][26.346s][info][gc,heap        ] GC(90) Survivor regions: 1->1(6)
[2026-04-03T01:48:28.057+0600][26.346s][info][gc,heap        ] GC(90) Old regions: 19->19
[2026-04-03T01:48:28.057+0600][26.346s][info][gc,heap        ] GC(90) Humongous regions: 3->3
[2026-04-03T01:48:28.057+0600][26.346s][info][gc,metaspace   ] GC(90) Metaspace: 66897K(67904K)->66897K(67904K) NonClass: 58480K(59072K)->58480K(59072K) Class: 8417K(8832K)->8417K(8832K)
[2026-04-03T01:48:28.057+0600][26.346s][info][gc             ] GC(90) Pause Young (Mixed) (G1 Evacuation Pause) 126M->36M(156M) 2.427ms
[2026-04-03T01:48:28.057+0600][26.346s][info][gc,cpu         ] GC(90) User=0.01s Sys=0.00s Real=0.00s
[2026-04-03T01:48:28.109+0600][26.398s][info][gc,start       ] GC(91) Pause Young (Concurrent Start) (G1 Evacuation Pause)
[2026-04-03T01:48:28.109+0600][26.398s][info][gc,task        ] GC(91) Using 3 workers of 10 for evacuation
[2026-04-03T01:48:28.111+0600][26.400s][info][gc,phases      ] GC(91)   Pre Evacuate Collection Set: 0.34ms
[2026-04-03T01:48:28.111+0600][26.400s][info][gc,phases      ] GC(91)   Merge Heap Roots: 0.07ms
[2026-04-03T01:48:28.111+0600][26.400s][info][gc,phases      ] GC(91)   Evacuate Collection Set: 1.05ms
[2026-04-03T01:48:28.111+0600][26.400s][info][gc,phases      ] GC(91)   Post Evacuate Collection Set: 0.65ms
[2026-04-03T01:48:28.111+0600][26.400s][info][gc,phases      ] GC(91)   Other: 0.11ms
[2026-04-03T01:48:28.111+0600][26.400s][info][gc,heap        ] GC(91) Eden regions: 45->0(63)
[2026-04-03T01:48:28.111+0600][26.400s][info][gc,heap        ] GC(91) Survivor regions: 1->1(6)
[2026-04-03T01:48:28.111+0600][26.400s][info][gc,heap        ] GC(91) Old regions: 19->19
[2026-04-03T01:48:28.111+0600][26.400s][info][gc,heap        ] GC(91) Humongous regions: 3->3
[2026-04-03T01:48:28.111+0600][26.400s][info][gc,metaspace   ] GC(91) Metaspace: 66897K(67904K)->66897K(67904K) NonClass: 58480K(59072K)->58480K(59072K) Class: 8417K(8832K)->8417K(8832K)
[2026-04-03T01:48:28.111+0600][26.400s][info][gc             ] GC(91) Pause Young (Concurrent Start) (G1 Evacuation Pause) 126M->36M(214M) 2.448ms
[2026-04-03T01:48:28.111+0600][26.400s][info][gc,cpu         ] GC(91) User=0.00s Sys=0.00s Real=0.01s
[2026-04-03T01:48:28.111+0600][26.400s][info][gc             ] GC(92) Concurrent Mark Cycle
[2026-04-03T01:48:28.111+0600][26.400s][info][gc,marking     ] GC(92) Concurrent Scan Root Regions
[2026-04-03T01:48:28.113+0600][26.402s][info][gc,marking     ] GC(92) Concurrent Scan Root Regions 1.124ms
[2026-04-03T01:48:28.113+0600][26.402s][info][gc,marking     ] GC(92) Concurrent Mark
[2026-04-03T01:48:28.113+0600][26.402s][info][gc,marking     ] GC(92) Concurrent Mark From Roots
[2026-04-03T01:48:28.113+0600][26.402s][info][gc,task        ] GC(92) Using 3 workers of 3 for marking
[2026-04-03T01:48:28.133+0600][26.422s][info][gc,marking     ] GC(92) Concurrent Mark From Roots 20.695ms
[2026-04-03T01:48:28.133+0600][26.422s][info][gc,marking     ] GC(92) Concurrent Preclean
[2026-04-03T01:48:28.134+0600][26.423s][info][gc,marking     ] GC(92) Concurrent Preclean 0.264ms
[2026-04-03T01:48:28.134+0600][26.423s][info][gc,start       ] GC(92) Pause Remark
[2026-04-03T01:48:28.140+0600][26.429s][info][gc             ] GC(92) Pause Remark 67M->67M(154M) 5.814ms
[2026-04-03T01:48:28.140+0600][26.429s][info][gc,cpu         ] GC(92) User=0.02s Sys=0.00s Real=0.01s
[2026-04-03T01:48:28.140+0600][26.429s][info][gc,marking     ] GC(92) Concurrent Mark 27.340ms
[2026-04-03T01:48:28.140+0600][26.429s][info][gc,marking     ] GC(92) Concurrent Rebuild Remembered Sets and Scrub Regions
[2026-04-03T01:48:28.156+0600][26.445s][info][gc,marking     ] GC(92) Concurrent Rebuild Remembered Sets and Scrub Regions 15.822ms
[2026-04-03T01:48:28.156+0600][26.445s][info][gc,start       ] GC(92) Pause Cleanup
[2026-04-03T01:48:28.156+0600][26.445s][info][gc             ] GC(92) Pause Cleanup 95M->95M(154M) 0.214ms
[2026-04-03T01:48:28.156+0600][26.445s][info][gc,cpu         ] GC(92) User=0.00s Sys=0.00s Real=0.00s
[2026-04-03T01:48:28.156+0600][26.445s][info][gc,marking     ] GC(92) Concurrent Clear Claimed Marks
[2026-04-03T01:48:28.157+0600][26.446s][info][gc,marking     ] GC(92) Concurrent Clear Claimed Marks 0.185ms
[2026-04-03T01:48:28.157+0600][26.446s][info][gc,marking     ] GC(92) Concurrent Cleanup for Next Mark
[2026-04-03T01:48:28.157+0600][26.446s][info][gc,marking     ] GC(92) Concurrent Cleanup for Next Mark 0.364ms
[2026-04-03T01:48:28.157+0600][26.446s][info][gc             ] GC(92) Concurrent Mark Cycle 45.712ms
[2026-04-03T01:48:28.182+0600][26.471s][info][gc,start       ] GC(93) Pause Young (Prepare Mixed) (G1 Evacuation Pause)
[2026-04-03T01:48:28.182+0600][26.471s][info][gc,task        ] GC(93) Using 3 workers of 10 for evacuation
[2026-04-03T01:48:28.184+0600][26.473s][info][gc,phases      ] GC(93)   Pre Evacuate Collection Set: 0.42ms
[2026-04-03T01:48:28.184+0600][26.473s][info][gc,phases      ] GC(93)   Merge Heap Roots: 0.22ms
[2026-04-03T01:48:28.184+0600][26.473s][info][gc,phases      ] GC(93)   Evacuate Collection Set: 0.81ms
[2026-04-03T01:48:28.184+0600][26.473s][info][gc,phases      ] GC(93)   Post Evacuate Collection Set: 0.54ms
[2026-04-03T01:48:28.184+0600][26.473s][info][gc,phases      ] GC(93)   Other: 0.07ms
[2026-04-03T01:48:28.184+0600][26.473s][info][gc,heap        ] GC(93) Eden regions: 54->0(45)
[2026-04-03T01:48:28.184+0600][26.473s][info][gc,heap        ] GC(93) Survivor regions: 1->1(8)
[2026-04-03T01:48:28.184+0600][26.473s][info][gc,heap        ] GC(93) Old regions: 19->19
[2026-04-03T01:48:28.184+0600][26.473s][info][gc,heap        ] GC(93) Humongous regions: 3->3
[2026-04-03T01:48:28.184+0600][26.473s][info][gc,metaspace   ] GC(93) Metaspace: 66897K(67904K)->66897K(67904K) NonClass: 58480K(59072K)->58480K(59072K) Class: 8417K(8832K)->8417K(8832K)
[2026-04-03T01:48:28.184+0600][26.473s][info][gc             ] GC(93) Pause Young (Prepare Mixed) (G1 Evacuation Pause) 144M->36M(156M) 2.262ms
[2026-04-03T01:48:28.184+0600][26.473s][info][gc,cpu         ] GC(93) User=0.01s Sys=0.00s Real=0.00s
[2026-04-03T01:48:28.229+0600][26.518s][info][gc,start       ] GC(94) Pause Young (Mixed) (G1 Evacuation Pause)
[2026-04-03T01:48:28.229+0600][26.518s][info][gc,task        ] GC(94) Using 3 workers of 10 for evacuation
[2026-04-03T01:48:28.231+0600][26.520s][info][gc,phases      ] GC(94)   Pre Evacuate Collection Set: 0.27ms
[2026-04-03T01:48:28.231+0600][26.520s][info][gc,phases      ] GC(94)   Merge Heap Roots: 0.07ms
[2026-04-03T01:48:28.231+0600][26.520s][info][gc,phases      ] GC(94)   Evacuate Collection Set: 0.95ms
[2026-04-03T01:48:28.231+0600][26.520s][info][gc,phases      ] GC(94)   Post Evacuate Collection Set: 0.59ms
[2026-04-03T01:48:28.231+0600][26.520s][info][gc,phases      ] GC(94)   Other: 0.07ms
[2026-04-03T01:48:28.231+0600][26.520s][info][gc,heap        ] GC(94) Eden regions: 45->0(45)
[2026-04-03T01:48:28.231+0600][26.520s][info][gc,heap        ] GC(94) Survivor regions: 1->1(6)
[2026-04-03T01:48:28.231+0600][26.520s][info][gc,heap        ] GC(94) Old regions: 19->19
[2026-04-03T01:48:28.231+0600][26.520s][info][gc,heap        ] GC(94) Humongous regions: 3->3
[2026-04-03T01:48:28.231+0600][26.520s][info][gc,metaspace   ] GC(94) Metaspace: 66897K(67904K)->66897K(67904K) NonClass: 58480K(59072K)->58480K(59072K) Class: 8417K(8832K)->8417K(8832K)
[2026-04-03T01:48:28.231+0600][26.520s][info][gc             ] GC(94) Pause Young (Mixed) (G1 Evacuation Pause) 126M->36M(156M) 2.170ms
[2026-04-03T01:48:28.231+0600][26.520s][info][gc,cpu         ] GC(94) User=0.00s Sys=0.00s Real=0.01s
[2026-04-03T01:48:28.275+0600][26.564s][info][gc,start       ] GC(95) Pause Young (Concurrent Start) (G1 Evacuation Pause)
[2026-04-03T01:48:28.275+0600][26.564s][info][gc,task        ] GC(95) Using 3 workers of 10 for evacuation
[2026-04-03T01:48:28.277+0600][26.566s][info][gc,phases      ] GC(95)   Pre Evacuate Collection Set: 0.43ms
[2026-04-03T01:48:28.277+0600][26.566s][info][gc,phases      ] GC(95)   Merge Heap Roots: 0.18ms
[2026-04-03T01:48:28.277+0600][26.566s][info][gc,phases      ] GC(95)   Evacuate Collection Set: 1.29ms
[2026-04-03T01:48:28.277+0600][26.566s][info][gc,phases      ] GC(95)   Post Evacuate Collection Set: 0.38ms
[2026-04-03T01:48:28.277+0600][26.566s][info][gc,phases      ] GC(95)   Other: 0.17ms
[2026-04-03T01:48:28.277+0600][26.566s][info][gc,heap        ] GC(95) Eden regions: 45->0(45)
[2026-04-03T01:48:28.277+0600][26.566s][info][gc,heap        ] GC(95) Survivor regions: 1->1(6)
[2026-04-03T01:48:28.277+0600][26.566s][info][gc,heap        ] GC(95) Old regions: 19->19
[2026-04-03T01:48:28.277+0600][26.566s][info][gc,heap        ] GC(95) Humongous regions: 3->3
[2026-04-03T01:48:28.277+0600][26.566s][info][gc,metaspace   ] GC(95) Metaspace: 66897K(67904K)->66897K(67904K) NonClass: 58480K(59072K)->58480K(59072K) Class: 8417K(8832K)->8417K(8832K)
[2026-04-03T01:48:28.277+0600][26.566s][info][gc             ] GC(95) Pause Young (Concurrent Start) (G1 Evacuation Pause) 126M->36M(156M) 2.687ms
[2026-04-03T01:48:28.277+0600][26.566s][info][gc,cpu         ] GC(95) User=0.00s Sys=0.00s Real=0.00s
[2026-04-03T01:48:28.278+0600][26.566s][info][gc             ] GC(96) Concurrent Mark Cycle
[2026-04-03T01:48:28.278+0600][26.567s][info][gc,marking     ] GC(96) Concurrent Scan Root Regions
[2026-04-03T01:48:28.278+0600][26.567s][info][gc,marking     ] GC(96) Concurrent Scan Root Regions 0.870ms
[2026-04-03T01:48:28.278+0600][26.567s][info][gc,marking     ] GC(96) Concurrent Mark
[2026-04-03T01:48:28.278+0600][26.567s][info][gc,marking     ] GC(96) Concurrent Mark From Roots
[2026-04-03T01:48:28.278+0600][26.567s][info][gc,task        ] GC(96) Using 3 workers of 3 for marking
[2026-04-03T01:48:28.298+0600][26.587s][info][gc,marking     ] GC(96) Concurrent Mark From Roots 19.412ms
[2026-04-03T01:48:28.298+0600][26.587s][info][gc,marking     ] GC(96) Concurrent Preclean
[2026-04-03T01:48:28.298+0600][26.587s][info][gc,marking     ] GC(96) Concurrent Preclean 0.325ms
[2026-04-03T01:48:28.299+0600][26.588s][info][gc,start       ] GC(96) Pause Remark
[2026-04-03T01:48:28.304+0600][26.593s][info][gc             ] GC(96) Pause Remark 60M->60M(154M) 5.209ms
[2026-04-03T01:48:28.304+0600][26.593s][info][gc,cpu         ] GC(96) User=0.01s Sys=0.00s Real=0.01s
[2026-04-03T01:48:28.304+0600][26.593s][info][gc,marking     ] GC(96) Concurrent Mark 25.519ms
[2026-04-03T01:48:28.304+0600][26.593s][info][gc,marking     ] GC(96) Concurrent Rebuild Remembered Sets and Scrub Regions
[2026-04-03T01:48:28.320+0600][26.609s][info][gc,marking     ] GC(96) Concurrent Rebuild Remembered Sets and Scrub Regions 16.326ms
[2026-04-03T01:48:28.321+0600][26.610s][info][gc,start       ] GC(96) Pause Cleanup
[2026-04-03T01:48:28.321+0600][26.610s][info][gc             ] GC(96) Pause Cleanup 71M->71M(154M) 0.320ms
[2026-04-03T01:48:28.321+0600][26.610s][info][gc,cpu         ] GC(96) User=0.00s Sys=0.00s Real=0.00s
[2026-04-03T01:48:28.321+0600][26.610s][info][gc,marking     ] GC(96) Concurrent Clear Claimed Marks
[2026-04-03T01:48:28.322+0600][26.611s][info][gc,marking     ] GC(96) Concurrent Clear Claimed Marks 0.197ms
[2026-04-03T01:48:28.322+0600][26.611s][info][gc,marking     ] GC(96) Concurrent Cleanup for Next Mark
[2026-04-03T01:48:28.322+0600][26.611s][info][gc,marking     ] GC(96) Concurrent Cleanup for Next Mark 0.351ms
[2026-04-03T01:48:28.322+0600][26.611s][info][gc             ] GC(96) Concurrent Mark Cycle 44.536ms
[2026-04-03T01:48:28.369+0600][26.658s][info][gc,start       ] GC(97) Pause Young (Prepare Mixed) (G1 Evacuation Pause)
[2026-04-03T01:48:28.369+0600][26.658s][info][gc,task        ] GC(97) Using 3 workers of 10 for evacuation
[2026-04-03T01:48:28.372+0600][26.661s][info][gc,phases      ] GC(97)   Pre Evacuate Collection Set: 0.36ms
[2026-04-03T01:48:28.372+0600][26.661s][info][gc,phases      ] GC(97)   Merge Heap Roots: 0.11ms
[2026-04-03T01:48:28.372+0600][26.661s][info][gc,phases      ] GC(97)   Evacuate Collection Set: 1.38ms
[2026-04-03T01:48:28.372+0600][26.661s][info][gc,phases      ] GC(97)   Post Evacuate Collection Set: 0.58ms
[2026-04-03T01:48:28.372+0600][26.661s][info][gc,phases      ] GC(97)   Other: 0.09ms
[2026-04-03T01:48:28.372+0600][26.661s][info][gc,heap        ] GC(97) Eden regions: 45->0(45)
[2026-04-03T01:48:28.372+0600][26.661s][info][gc,heap        ] GC(97) Survivor regions: 1->1(6)
[2026-04-03T01:48:28.372+0600][26.661s][info][gc,heap        ] GC(97) Old regions: 19->20
[2026-04-03T01:48:28.372+0600][26.661s][info][gc,heap        ] GC(97) Humongous regions: 3->3
[2026-04-03T01:48:28.372+0600][26.661s][info][gc,metaspace   ] GC(97) Metaspace: 67187K(68032K)->67187K(68032K) NonClass: 58710K(59200K)->58710K(59200K) Class: 8476K(8832K)->8476K(8832K)
[2026-04-03T01:48:28.372+0600][26.661s][info][gc             ] GC(97) Pause Young (Prepare Mixed) (G1 Evacuation Pause) 126M->36M(154M) 2.774ms
[2026-04-03T01:48:28.372+0600][26.661s][info][gc,cpu         ] GC(97) User=0.00s Sys=0.00s Real=0.01s
[2026-04-03T01:48:28.443+0600][26.732s][info][gc,start       ] GC(98) Pause Young (Mixed) (G1 Evacuation Pause)
[2026-04-03T01:48:28.443+0600][26.732s][info][gc,task        ] GC(98) Using 3 workers of 10 for evacuation
[2026-04-03T01:48:28.446+0600][26.735s][info][gc,phases      ] GC(98)   Pre Evacuate Collection Set: 0.39ms
[2026-04-03T01:48:28.446+0600][26.735s][info][gc,phases      ] GC(98)   Merge Heap Roots: 0.19ms
[2026-04-03T01:48:28.446+0600][26.735s][info][gc,phases      ] GC(98)   Evacuate Collection Set: 1.16ms
[2026-04-03T01:48:28.446+0600][26.735s][info][gc,phases      ] GC(98)   Post Evacuate Collection Set: 0.75ms
[2026-04-03T01:48:28.446+0600][26.735s][info][gc,phases      ] GC(98)   Other: 0.07ms
[2026-04-03T01:48:28.446+0600][26.735s][info][gc,heap        ] GC(98) Eden regions: 45->0(66)
[2026-04-03T01:48:28.446+0600][26.735s][info][gc,heap        ] GC(98) Survivor regions: 1->1(6)
[2026-04-03T01:48:28.446+0600][26.735s][info][gc,heap        ] GC(98) Old regions: 20->19
[2026-04-03T01:48:28.446+0600][26.735s][info][gc,heap        ] GC(98) Humongous regions: 4->3
[2026-04-03T01:48:28.446+0600][26.735s][info][gc,metaspace   ] GC(98) Metaspace: 67520K(68288K)->67520K(68288K) NonClass: 58972K(59392K)->58972K(59392K) Class: 8548K(8896K)->8548K(8896K)
[2026-04-03T01:48:28.446+0600][26.735s][info][gc             ] GC(98) Pause Young (Mixed) (G1 Evacuation Pause) 128M->36M(224M) 2.729ms
[2026-04-03T01:48:28.446+0600][26.735s][info][gc,cpu         ] GC(98) User=0.00s Sys=0.00s Real=0.00s
[2026-04-03T01:48:28.506+0600][26.795s][info][gc,start       ] GC(99) Pause Young (Concurrent Start) (G1 Humongous Allocation)
[2026-04-03T01:48:28.506+0600][26.795s][info][gc,task        ] GC(99) Using 5 workers of 10 for evacuation
[2026-04-03T01:48:28.509+0600][26.798s][info][gc,phases      ] GC(99)   Pre Evacuate Collection Set: 0.35ms
[2026-04-03T01:48:28.509+0600][26.798s][info][gc,phases      ] GC(99)   Merge Heap Roots: 0.14ms
[2026-04-03T01:48:28.509+0600][26.798s][info][gc,phases      ] GC(99)   Evacuate Collection Set: 1.48ms
[2026-04-03T01:48:28.509+0600][26.798s][info][gc,phases      ] GC(99)   Post Evacuate Collection Set: 0.45ms
[2026-04-03T01:48:28.509+0600][26.798s][info][gc,phases      ] GC(99)   Other: 0.13ms
[2026-04-03T01:48:28.509+0600][26.798s][info][gc,heap        ] GC(99) Eden regions: 31->0(66)
[2026-04-03T01:48:28.509+0600][26.798s][info][gc,heap        ] GC(99) Survivor regions: 1->1(9)
[2026-04-03T01:48:28.509+0600][26.798s][info][gc,heap        ] GC(99) Old regions: 19->19
[2026-04-03T01:48:28.509+0600][26.798s][info][gc,heap        ] GC(99) Humongous regions: 3->3
[2026-04-03T01:48:28.509+0600][26.798s][info][gc,metaspace   ] GC(99) Metaspace: 67520K(68288K)->67520K(68288K) NonClass: 58972K(59392K)->58972K(59392K) Class: 8548K(8896K)->8548K(8896K)
[2026-04-03T01:48:28.509+0600][26.798s][info][gc             ] GC(99) Pause Young (Concurrent Start) (G1 Humongous Allocation) 97M->36M(224M) 2.798ms
[2026-04-03T01:48:28.509+0600][26.798s][info][gc,cpu         ] GC(99) User=0.01s Sys=0.00s Real=0.00s
[2026-04-03T01:48:28.509+0600][26.798s][info][gc             ] GC(100) Concurrent Mark Cycle
[2026-04-03T01:48:28.509+0600][26.798s][info][gc,marking     ] GC(100) Concurrent Scan Root Regions
[2026-04-03T01:48:28.511+0600][26.800s][info][gc,marking     ] GC(100) Concurrent Scan Root Regions 1.443ms
[2026-04-03T01:48:28.511+0600][26.800s][info][gc,marking     ] GC(100) Concurrent Mark
[2026-04-03T01:48:28.511+0600][26.800s][info][gc,marking     ] GC(100) Concurrent Mark From Roots
[2026-04-03T01:48:28.511+0600][26.800s][info][gc,task        ] GC(100) Using 3 workers of 3 for marking
[2026-04-03T01:48:28.531+0600][26.820s][info][gc,marking     ] GC(100) Concurrent Mark From Roots 20.130ms
[2026-04-03T01:48:28.531+0600][26.820s][info][gc,marking     ] GC(100) Concurrent Preclean
[2026-04-03T01:48:28.531+0600][26.820s][info][gc,marking     ] GC(100) Concurrent Preclean 0.333ms
[2026-04-03T01:48:28.532+0600][26.821s][info][gc,start       ] GC(100) Pause Remark
[2026-04-03T01:48:28.536+0600][26.825s][info][gc             ] GC(100) Pause Remark 46M->46M(160M) 4.593ms
[2026-04-03T01:48:28.536+0600][26.825s][info][gc,cpu         ] GC(100) User=0.03s Sys=0.00s Real=0.00s
[2026-04-03T01:48:28.536+0600][26.825s][info][gc,marking     ] GC(100) Concurrent Mark 25.543ms
[2026-04-03T01:48:28.536+0600][26.825s][info][gc,marking     ] GC(100) Concurrent Rebuild Remembered Sets and Scrub Regions
[2026-04-03T01:48:28.552+0600][26.841s][info][gc,marking     ] GC(100) Concurrent Rebuild Remembered Sets and Scrub Regions 15.445ms
[2026-04-03T01:48:28.552+0600][26.841s][info][gc,start       ] GC(100) Pause Cleanup
[2026-04-03T01:48:28.552+0600][26.841s][info][gc             ] GC(100) Pause Cleanup 46M->46M(160M) 0.194ms
[2026-04-03T01:48:28.552+0600][26.841s][info][gc,cpu         ] GC(100) User=0.00s Sys=0.00s Real=0.00s
[2026-04-03T01:48:28.552+0600][26.841s][info][gc,marking     ] GC(100) Concurrent Clear Claimed Marks
[2026-04-03T01:48:28.553+0600][26.842s][info][gc,marking     ] GC(100) Concurrent Clear Claimed Marks 0.148ms
[2026-04-03T01:48:28.553+0600][26.842s][info][gc,marking     ] GC(100) Concurrent Cleanup for Next Mark
[2026-04-03T01:48:28.553+0600][26.842s][info][gc,marking     ] GC(100) Concurrent Cleanup for Next Mark 0.439ms
[2026-04-03T01:48:28.553+0600][26.842s][info][gc             ] GC(100) Concurrent Mark Cycle 43.768ms
[2026-04-03T01:48:29.708+0600][27.997s][info][gc,start       ] GC(101) Pause Young (Prepare Mixed) (G1 Evacuation Pause)
[2026-04-03T01:48:29.708+0600][27.997s][info][gc,task        ] GC(101) Using 4 workers of 10 for evacuation
[2026-04-03T01:48:29.723+0600][28.012s][info][gc,phases      ] GC(101)   Pre Evacuate Collection Set: 0.39ms
[2026-04-03T01:48:29.723+0600][28.012s][info][gc,phases      ] GC(101)   Merge Heap Roots: 0.15ms
[2026-04-03T01:48:29.723+0600][28.012s][info][gc,phases      ] GC(101)   Evacuate Collection Set: 13.07ms
[2026-04-03T01:48:29.723+0600][28.012s][info][gc,phases      ] GC(101)   Post Evacuate Collection Set: 1.13ms
[2026-04-03T01:48:29.723+0600][28.012s][info][gc,phases      ] GC(101)   Other: 0.14ms
[2026-04-03T01:48:29.723+0600][28.012s][info][gc,heap        ] GC(101) Eden regions: 52->0(46)
[2026-04-03T01:48:29.723+0600][28.012s][info][gc,heap        ] GC(101) Survivor regions: 1->5(9)
[2026-04-03T01:48:29.723+0600][28.012s][info][gc,heap        ] GC(101) Old regions: 19->19
[2026-04-03T01:48:29.723+0600][28.012s][info][gc,heap        ] GC(101) Humongous regions: 8->3
[2026-04-03T01:48:29.723+0600][28.012s][info][gc,metaspace   ] GC(101) Metaspace: 69111K(70016K)->69111K(70016K) NonClass: 60298K(60800K)->60298K(60800K) Class: 8813K(9216K)->8813K(9216K)
[2026-04-03T01:48:29.723+0600][28.012s][info][gc             ] GC(101) Pause Young (Prepare Mixed) (G1 Evacuation Pause) 150M->45M(170M) 15.299ms
[2026-04-03T01:48:29.723+0600][28.012s][info][gc,cpu         ] GC(101) User=0.04s Sys=0.01s Real=0.02s
[2026-04-03T01:48:29.941+0600][28.230s][info][gc,start       ] GC(102) Pause Young (Mixed) (G1 Evacuation Pause)
[2026-04-03T01:48:29.941+0600][28.230s][info][gc,task        ] GC(102) Using 4 workers of 10 for evacuation
[2026-04-03T01:48:29.956+0600][28.245s][info][gc,phases      ] GC(102)   Pre Evacuate Collection Set: 0.27ms
[2026-04-03T01:48:29.956+0600][28.245s][info][gc,phases      ] GC(102)   Merge Heap Roots: 0.11ms
[2026-04-03T01:48:29.956+0600][28.245s][info][gc,phases      ] GC(102)   Evacuate Collection Set: 13.42ms
[2026-04-03T01:48:29.956+0600][28.245s][info][gc,phases      ] GC(102)   Post Evacuate Collection Set: 1.06ms
[2026-04-03T01:48:29.956+0600][28.245s][info][gc,phases      ] GC(102)   Other: 0.09ms
[2026-04-03T01:48:29.956+0600][28.245s][info][gc,heap        ] GC(102) Eden regions: 46->0(42)
[2026-04-03T01:48:29.956+0600][28.245s][info][gc,heap        ] GC(102) Survivor regions: 5->7(7)
[2026-04-03T01:48:29.956+0600][28.245s][info][gc,heap        ] GC(102) Old regions: 19->22
[2026-04-03T01:48:29.956+0600][28.245s][info][gc,heap        ] GC(102) Humongous regions: 4->4
[2026-04-03T01:48:29.956+0600][28.245s][info][gc,metaspace   ] GC(102) Metaspace: 69129K(70016K)->69129K(70016K) NonClass: 60311K(60800K)->60311K(60800K) Class: 8818K(9216K)->8818K(9216K)
[2026-04-03T01:48:29.956+0600][28.245s][info][gc             ] GC(102) Pause Young (Mixed) (G1 Evacuation Pause) 139M->59M(170M) 15.208ms
[2026-04-03T01:48:29.956+0600][28.245s][info][gc,cpu         ] GC(102) User=0.06s Sys=0.00s Real=0.01s
[2026-04-03T01:48:30.014+0600][28.303s][info][gc,start       ] GC(103) Pause Young (Concurrent Start) (G1 Humongous Allocation)
[2026-04-03T01:48:30.014+0600][28.303s][info][gc,task        ] GC(103) Using 4 workers of 10 for evacuation
[2026-04-03T01:48:30.030+0600][28.319s][info][gc,phases      ] GC(103)   Pre Evacuate Collection Set: 0.21ms
[2026-04-03T01:48:30.030+0600][28.319s][info][gc,phases      ] GC(103)   Merge Heap Roots: 0.15ms
[2026-04-03T01:48:30.030+0600][28.319s][info][gc,phases      ] GC(103)   Evacuate Collection Set: 14.37ms
[2026-04-03T01:48:30.030+0600][28.319s][info][gc,phases      ] GC(103)   Post Evacuate Collection Set: 0.56ms
[2026-04-03T01:48:30.030+0600][28.319s][info][gc,phases      ] GC(103)   Other: 0.17ms
[2026-04-03T01:48:30.030+0600][28.319s][info][gc,heap        ] GC(103) Eden regions: 10->0(36)
[2026-04-03T01:48:30.030+0600][28.319s][info][gc,heap        ] GC(103) Survivor regions: 7->3(7)
[2026-04-03T01:48:30.030+0600][28.319s][info][gc,heap        ] GC(103) Old regions: 22->30
[2026-04-03T01:48:30.030+0600][28.319s][info][gc,heap        ] GC(103) Humongous regions: 4->4
[2026-04-03T01:48:30.030+0600][28.319s][info][gc,metaspace   ] GC(103) Metaspace: 69129K(70016K)->69129K(70016K) NonClass: 60311K(60800K)->60311K(60800K) Class: 8818K(9216K)->8818K(9216K)
[2026-04-03T01:48:30.030+0600][28.319s][info][gc             ] GC(103) Pause Young (Concurrent Start) (G1 Humongous Allocation) 79M->67M(170M) 15.744ms
[2026-04-03T01:48:30.030+0600][28.319s][info][gc             ] GC(104) Concurrent Mark Cycle
[2026-04-03T01:48:30.030+0600][28.319s][info][gc,marking     ] GC(104) Concurrent Scan Root Regions
[2026-04-03T01:48:30.030+0600][28.319s][info][gc,cpu         ] GC(103) User=0.06s Sys=0.00s Real=0.02s
[2026-04-03T01:48:30.038+0600][28.327s][info][gc,marking     ] GC(104) Concurrent Scan Root Regions 8.481ms
[2026-04-03T01:48:30.039+0600][28.328s][info][gc,marking     ] GC(104) Concurrent Mark
[2026-04-03T01:48:30.039+0600][28.328s][info][gc,marking     ] GC(104) Concurrent Mark From Roots
[2026-04-03T01:48:30.039+0600][28.328s][info][gc,task        ] GC(104) Using 3 workers of 3 for marking
[2026-04-03T01:48:30.070+0600][28.359s][info][gc,marking     ] GC(104) Concurrent Mark From Roots 31.265ms
[2026-04-03T01:48:30.070+0600][28.359s][info][gc,marking     ] GC(104) Concurrent Preclean
[2026-04-03T01:48:30.070+0600][28.359s][info][gc,marking     ] GC(104) Concurrent Preclean 0.344ms
[2026-04-03T01:48:30.071+0600][28.360s][info][gc,start       ] GC(104) Pause Remark
[2026-04-03T01:48:30.086+0600][28.375s][info][gc             ] GC(104) Pause Remark 79M->79M(170M) 15.507ms
[2026-04-03T01:48:30.086+0600][28.375s][info][gc,cpu         ] GC(104) User=0.07s Sys=0.00s Real=0.01s
[2026-04-03T01:48:30.087+0600][28.376s][info][gc,marking     ] GC(104) Concurrent Mark 48.107ms
[2026-04-03T01:48:30.087+0600][28.376s][info][gc,marking     ] GC(104) Concurrent Rebuild Remembered Sets and Scrub Regions
[2026-04-03T01:48:30.135+0600][28.424s][info][gc,marking     ] GC(104) Concurrent Rebuild Remembered Sets and Scrub Regions 48.150ms
[2026-04-03T01:48:30.135+0600][28.424s][info][gc,start       ] GC(104) Pause Cleanup
[2026-04-03T01:48:30.136+0600][28.425s][info][gc             ] GC(104) Pause Cleanup 95M->95M(170M) 0.305ms
[2026-04-03T01:48:30.136+0600][28.425s][info][gc,cpu         ] GC(104) User=0.00s Sys=0.00s Real=0.00s
[2026-04-03T01:48:30.136+0600][28.425s][info][gc,marking     ] GC(104) Concurrent Clear Claimed Marks
[2026-04-03T01:48:30.136+0600][28.425s][info][gc,marking     ] GC(104) Concurrent Clear Claimed Marks 0.309ms
[2026-04-03T01:48:30.136+0600][28.425s][info][gc,marking     ] GC(104) Concurrent Cleanup for Next Mark
[2026-04-03T01:48:30.137+0600][28.426s][info][gc,marking     ] GC(104) Concurrent Cleanup for Next Mark 0.682ms
[2026-04-03T01:48:30.137+0600][28.426s][info][gc             ] GC(104) Concurrent Mark Cycle 107.100ms
[2026-04-03T01:48:30.281+0600][28.570s][info][gc,start       ] GC(105) Pause Young (Prepare Mixed) (G1 Evacuation Pause)
[2026-04-03T01:48:30.282+0600][28.571s][info][gc,task        ] GC(105) Using 4 workers of 10 for evacuation
[2026-04-03T01:48:30.311+0600][28.600s][info][gc,phases      ] GC(105)   Pre Evacuate Collection Set: 0.45ms
[2026-04-03T01:48:30.311+0600][28.600s][info][gc,phases      ] GC(105)   Merge Heap Roots: 0.47ms
[2026-04-03T01:48:30.311+0600][28.600s][info][gc,phases      ] GC(105)   Evacuate Collection Set: 27.02ms
[2026-04-03T01:48:30.311+0600][28.600s][info][gc,phases      ] GC(105)   Post Evacuate Collection Set: 0.92ms
[2026-04-03T01:48:30.311+0600][28.600s][info][gc,phases      ] GC(105)   Other: 0.16ms
[2026-04-03T01:48:30.311+0600][28.600s][info][gc,heap        ] GC(105) Eden regions: 36->0(28)
[2026-04-03T01:48:30.311+0600][28.600s][info][gc,heap        ] GC(105) Survivor regions: 3->5(5)
[2026-04-03T01:48:30.311+0600][28.600s][info][gc,heap        ] GC(105) Old regions: 30->35
[2026-04-03T01:48:30.311+0600][28.600s][info][gc,heap        ] GC(105) Humongous regions: 6->6
[2026-04-03T01:48:30.311+0600][28.600s][info][gc,metaspace   ] GC(105) Metaspace: 69335K(70144K)->69335K(70144K) NonClass: 60475K(60928K)->60475K(60928K) Class: 8860K(9216K)->8860K(9216K)
[2026-04-03T01:48:30.311+0600][28.600s][info][gc             ] GC(105) Pause Young (Prepare Mixed) (G1 Evacuation Pause) 143M->84M(170M) 29.453ms
[2026-04-03T01:48:30.311+0600][28.600s][info][gc,cpu         ] GC(105) User=0.11s Sys=0.00s Real=0.03s
[2026-04-03T01:48:30.453+0600][28.742s][info][gc,start       ] GC(106) Pause Young (Mixed) (G1 Evacuation Pause)
[2026-04-03T01:48:30.453+0600][28.742s][info][gc,task        ] GC(106) Using 4 workers of 10 for evacuation
[2026-04-03T01:48:30.488+0600][28.777s][info][gc,phases      ] GC(106)   Pre Evacuate Collection Set: 0.35ms
[2026-04-03T01:48:30.488+0600][28.777s][info][gc,phases      ] GC(106)   Merge Heap Roots: 0.71ms
[2026-04-03T01:48:30.488+0600][28.777s][info][gc,phases      ] GC(106)   Evacuate Collection Set: 33.12ms
[2026-04-03T01:48:30.488+0600][28.777s][info][gc,phases      ] GC(106)   Post Evacuate Collection Set: 1.12ms
[2026-04-03T01:48:30.488+0600][28.777s][info][gc,phases      ] GC(106)   Other: 0.12ms
[2026-04-03T01:48:30.488+0600][28.777s][info][gc,heap        ] GC(106) Eden regions: 28->0(77)
[2026-04-03T01:48:30.488+0600][28.777s][info][gc,heap        ] GC(106) Survivor regions: 5->5(5)
[2026-04-03T01:48:30.489+0600][28.778s][info][gc,heap        ] GC(106) Old regions: 35->39
[2026-04-03T01:48:30.489+0600][28.778s][info][gc,heap        ] GC(106) Humongous regions: 12->12
[2026-04-03T01:48:30.489+0600][28.778s][info][gc,metaspace   ] GC(106) Metaspace: 69335K(70144K)->69335K(70144K) NonClass: 60475K(60928K)->60475K(60928K) Class: 8860K(9216K)->8860K(9216K)
[2026-04-03T01:48:30.489+0600][28.778s][info][gc             ] GC(106) Pause Young (Mixed) (G1 Evacuation Pause) 152M->107M(322M) 35.821ms
[2026-04-03T01:48:30.489+0600][28.778s][info][gc,cpu         ] GC(106) User=0.13s Sys=0.01s Real=0.03s
[2026-04-03T01:48:30.832+0600][29.121s][info][gc,start       ] GC(107) Pause Young (Concurrent Start) (G1 Humongous Allocation)
[2026-04-03T01:48:30.832+0600][29.121s][info][gc,task        ] GC(107) Using 7 workers of 10 for evacuation
[2026-04-03T01:48:30.859+0600][29.148s][info][gc,phases      ] GC(107)   Pre Evacuate Collection Set: 0.38ms
[2026-04-03T01:48:30.859+0600][29.148s][info][gc,phases      ] GC(107)   Merge Heap Roots: 0.18ms
[2026-04-03T01:48:30.859+0600][29.148s][info][gc,phases      ] GC(107)   Evacuate Collection Set: 25.03ms
[2026-04-03T01:48:30.859+0600][29.148s][info][gc,phases      ] GC(107)   Post Evacuate Collection Set: 0.83ms
[2026-04-03T01:48:30.859+0600][29.148s][info][gc,phases      ] GC(107)   Other: 0.19ms
[2026-04-03T01:48:30.859+0600][29.148s][info][gc,heap        ] GC(107) Eden regions: 77->0(64)
[2026-04-03T01:48:30.859+0600][29.148s][info][gc,heap        ] GC(107) Survivor regions: 5->11(11)
[2026-04-03T01:48:30.859+0600][29.148s][info][gc,heap        ] GC(107) Old regions: 39->48
[2026-04-03T01:48:30.859+0600][29.148s][info][gc,heap        ] GC(107) Humongous regions: 12->12
[2026-04-03T01:48:30.859+0600][29.148s][info][gc,metaspace   ] GC(107) Metaspace: 69335K(70144K)->69335K(70144K) NonClass: 60475K(60928K)->60475K(60928K) Class: 8860K(9216K)->8860K(9216K)
[2026-04-03T01:48:30.859+0600][29.148s][info][gc             ] GC(107) Pause Young (Concurrent Start) (G1 Humongous Allocation) 260M->137M(322M) 27.137ms
[2026-04-03T01:48:30.859+0600][29.148s][info][gc,cpu         ] GC(107) User=0.18s Sys=0.00s Real=0.02s
[2026-04-03T01:48:30.859+0600][29.148s][info][gc             ] GC(108) Concurrent Mark Cycle
[2026-04-03T01:48:30.859+0600][29.148s][info][gc,marking     ] GC(108) Concurrent Scan Root Regions
[2026-04-03T01:48:30.871+0600][29.160s][info][gc,marking     ] GC(108) Concurrent Scan Root Regions 11.239ms
[2026-04-03T01:48:30.871+0600][29.160s][info][gc,marking     ] GC(108) Concurrent Mark
[2026-04-03T01:48:30.871+0600][29.160s][info][gc,marking     ] GC(108) Concurrent Mark From Roots
[2026-04-03T01:48:30.871+0600][29.160s][info][gc,task        ] GC(108) Using 3 workers of 3 for marking
[2026-04-03T01:48:30.944+0600][29.233s][info][gc,marking     ] GC(108) Concurrent Mark From Roots 73.186ms
[2026-04-03T01:48:30.944+0600][29.233s][info][gc,marking     ] GC(108) Concurrent Preclean
[2026-04-03T01:48:30.944+0600][29.233s][info][gc,marking     ] GC(108) Concurrent Preclean 0.270ms
[2026-04-03T01:48:30.945+0600][29.234s][info][gc,start       ] GC(108) Pause Remark
[2026-04-03T01:48:30.950+0600][29.239s][info][gc             ] GC(108) Pause Remark 173M->167M(322M) 5.342ms
[2026-04-03T01:48:30.950+0600][29.239s][info][gc,cpu         ] GC(108) User=0.02s Sys=0.00s Real=0.01s
[2026-04-03T01:48:30.950+0600][29.239s][info][gc,marking     ] GC(108) Concurrent Mark 79.592ms
[2026-04-03T01:48:30.950+0600][29.239s][info][gc,marking     ] GC(108) Concurrent Rebuild Remembered Sets and Scrub Regions
[2026-04-03T01:48:31.039+0600][29.328s][info][gc,marking     ] GC(108) Concurrent Rebuild Remembered Sets and Scrub Regions 88.595ms
[2026-04-03T01:48:31.039+0600][29.328s][info][gc,start       ] GC(108) Pause Cleanup
[2026-04-03T01:48:31.040+0600][29.329s][info][gc             ] GC(108) Pause Cleanup 206M->206M(322M) 0.320ms
[2026-04-03T01:48:31.040+0600][29.329s][info][gc,cpu         ] GC(108) User=0.00s Sys=0.00s Real=0.00s
[2026-04-03T01:48:31.040+0600][29.329s][info][gc,marking     ] GC(108) Concurrent Clear Claimed Marks
[2026-04-03T01:48:31.040+0600][29.329s][info][gc,marking     ] GC(108) Concurrent Clear Claimed Marks 0.225ms
[2026-04-03T01:48:31.040+0600][29.329s][info][gc,marking     ] GC(108) Concurrent Cleanup for Next Mark
[2026-04-03T01:48:31.042+0600][29.331s][info][gc,marking     ] GC(108) Concurrent Cleanup for Next Mark 1.990ms
[2026-04-03T01:48:31.042+0600][29.331s][info][gc             ] GC(108) Concurrent Mark Cycle 182.774ms
[2026-04-03T01:48:31.232+0600][29.521s][info][gc,start       ] GC(109) Pause Young (Prepare Mixed) (G1 Evacuation Pause)
[2026-04-03T01:48:31.232+0600][29.521s][info][gc,task        ] GC(109) Using 7 workers of 10 for evacuation
[2026-04-03T01:48:31.271+0600][29.560s][info][gc,phases      ] GC(109)   Pre Evacuate Collection Set: 0.25ms
[2026-04-03T01:48:31.271+0600][29.560s][info][gc,phases      ] GC(109)   Merge Heap Roots: 1.38ms
[2026-04-03T01:48:31.271+0600][29.560s][info][gc,phases      ] GC(109)   Evacuate Collection Set: 36.38ms
[2026-04-03T01:48:31.271+0600][29.560s][info][gc,phases      ] GC(109)   Post Evacuate Collection Set: 0.69ms
[2026-04-03T01:48:31.271+0600][29.560s][info][gc,phases      ] GC(109)   Other: 0.12ms
[2026-04-03T01:48:31.271+0600][29.560s][info][gc,heap        ] GC(109) Eden regions: 64->0(52)
[2026-04-03T01:48:31.271+0600][29.560s][info][gc,heap        ] GC(109) Survivor regions: 11->10(10)
[2026-04-03T01:48:31.271+0600][29.560s][info][gc,heap        ] GC(109) Old regions: 48->61
[2026-04-03T01:48:31.271+0600][29.560s][info][gc,heap        ] GC(109) Humongous regions: 18->18
[2026-04-03T01:48:31.271+0600][29.560s][info][gc,metaspace   ] GC(109) Metaspace: 69457K(70336K)->69457K(70336K) NonClass: 60584K(61056K)->60584K(61056K) Class: 8872K(9280K)->8872K(9280K)
[2026-04-03T01:48:31.271+0600][29.560s][info][gc             ] GC(109) Pause Young (Prepare Mixed) (G1 Evacuation Pause) 277M->171M(328M) 39.194ms
[2026-04-03T01:48:31.271+0600][29.560s][info][gc,cpu         ] GC(109) User=0.26s Sys=0.00s Real=0.04s
[2026-04-03T01:48:31.531+0600][29.820s][info][gc,start       ] GC(110) Pause Young (Mixed) (G1 Evacuation Pause)
[2026-04-03T01:48:31.531+0600][29.820s][info][gc,task        ] GC(110) Using 7 workers of 10 for evacuation
[2026-04-03T01:48:31.559+0600][29.848s][info][gc,phases      ] GC(110)   Pre Evacuate Collection Set: 0.21ms
[2026-04-03T01:48:31.559+0600][29.848s][info][gc,phases      ] GC(110)   Merge Heap Roots: 0.31ms
[2026-04-03T01:48:31.559+0600][29.848s][info][gc,phases      ] GC(110)   Evacuate Collection Set: 25.54ms
[2026-04-03T01:48:31.559+0600][29.848s][info][gc,phases      ] GC(110)   Post Evacuate Collection Set: 1.03ms
[2026-04-03T01:48:31.559+0600][29.848s][info][gc,phases      ] GC(110)   Other: 0.13ms
[2026-04-03T01:48:31.559+0600][29.848s][info][gc,heap        ] GC(110) Eden regions: 52->0(48)
[2026-04-03T01:48:31.559+0600][29.848s][info][gc,heap        ] GC(110) Survivor regions: 10->6(8)
[2026-04-03T01:48:31.559+0600][29.848s][info][gc,heap        ] GC(110) Old regions: 61->70
[2026-04-03T01:48:31.559+0600][29.848s][info][gc,heap        ] GC(110) Humongous regions: 21->21
[2026-04-03T01:48:31.559+0600][29.848s][info][gc,metaspace   ] GC(110) Metaspace: 69476K(70336K)->69476K(70336K) NonClass: 60603K(61056K)->60603K(61056K) Class: 8872K(9280K)->8872K(9280K)
[2026-04-03T01:48:31.559+0600][29.848s][info][gc             ] GC(110) Pause Young (Mixed) (G1 Evacuation Pause) 281M->190M(328M) 27.710ms
[2026-04-03T01:48:31.559+0600][29.848s][info][gc,cpu         ] GC(110) User=0.18s Sys=0.00s Real=0.02s
[2026-04-03T01:48:31.733+0600][30.022s][info][gc,start       ] GC(111) Pause Young (Concurrent Start) (G1 Humongous Allocation)
[2026-04-03T01:48:31.733+0600][30.022s][info][gc,task        ] GC(111) Using 7 workers of 10 for evacuation
[2026-04-03T01:48:31.756+0600][30.045s][info][gc,phases      ] GC(111)   Pre Evacuate Collection Set: 0.31ms
[2026-04-03T01:48:31.756+0600][30.045s][info][gc,phases      ] GC(111)   Merge Heap Roots: 0.15ms
[2026-04-03T01:48:31.757+0600][30.046s][info][gc,phases      ] GC(111)   Evacuate Collection Set: 21.46ms
[2026-04-03T01:48:31.757+0600][30.046s][info][gc,phases      ] GC(111)   Post Evacuate Collection Set: 0.69ms
[2026-04-03T01:48:31.757+0600][30.046s][info][gc,phases      ] GC(111)   Other: 0.29ms
[2026-04-03T01:48:31.757+0600][30.046s][info][gc,heap        ] GC(111) Eden regions: 39->0(39)
[2026-04-03T01:48:31.757+0600][30.046s][info][gc,heap        ] GC(111) Survivor regions: 6->7(7)
[2026-04-03T01:48:31.757+0600][30.046s][info][gc,heap        ] GC(111) Old regions: 70->77
[2026-04-03T01:48:31.757+0600][30.046s][info][gc,heap        ] GC(111) Humongous regions: 21->21
[2026-04-03T01:48:31.757+0600][30.046s][info][gc,metaspace   ] GC(111) Metaspace: 69593K(70464K)->69593K(70464K) NonClass: 60692K(61184K)->60692K(61184K) Class: 8900K(9280K)->8900K(9280K)
[2026-04-03T01:48:31.757+0600][30.046s][info][gc             ] GC(111) Pause Young (Concurrent Start) (G1 Humongous Allocation) 268M->206M(328M) 23.329ms
[2026-04-03T01:48:31.757+0600][30.046s][info][gc             ] GC(112) Concurrent Mark Cycle
[2026-04-03T01:48:31.757+0600][30.046s][info][gc,cpu         ] GC(111) User=0.16s Sys=0.00s Real=0.02s
[2026-04-03T01:48:31.757+0600][30.046s][info][gc,marking     ] GC(112) Concurrent Scan Root Regions
[2026-04-03T01:48:31.806+0600][30.095s][info][gc,marking     ] GC(112) Concurrent Scan Root Regions 49.095ms
[2026-04-03T01:48:31.806+0600][30.095s][info][gc,marking     ] GC(112) Concurrent Mark
[2026-04-03T01:48:31.806+0600][30.095s][info][gc,marking     ] GC(112) Concurrent Mark From Roots
[2026-04-03T01:48:31.806+0600][30.095s][info][gc,task        ] GC(112) Using 3 workers of 3 for marking
[2026-04-03T01:48:31.914+0600][30.203s][info][gc,marking     ] GC(112) Concurrent Mark From Roots 107.719ms
[2026-04-03T01:48:31.914+0600][30.203s][info][gc,marking     ] GC(112) Concurrent Preclean
[2026-04-03T01:48:31.914+0600][30.203s][info][gc,marking     ] GC(112) Concurrent Preclean 0.340ms
[2026-04-03T01:48:31.915+0600][30.204s][info][gc,start       ] GC(112) Pause Remark
[2026-04-03T01:48:31.919+0600][30.208s][info][gc             ] GC(112) Pause Remark 286M->252M(328M) 4.842ms
[2026-04-03T01:48:31.920+0600][30.209s][info][gc,cpu         ] GC(112) User=0.03s Sys=0.00s Real=0.00s
[2026-04-03T01:48:31.920+0600][30.209s][info][gc,marking     ] GC(112) Concurrent Mark 113.645ms
[2026-04-03T01:48:31.920+0600][30.209s][info][gc,marking     ] GC(112) Concurrent Rebuild Remembered Sets and Scrub Regions
[2026-04-03T01:48:31.939+0600][30.228s][info][gc,start       ] GC(113) Pause Young (Normal) (G1 Evacuation Pause)
[2026-04-03T01:48:31.939+0600][30.228s][info][gc,task        ] GC(113) Using 7 workers of 10 for evacuation
[2026-04-03T01:48:31.980+0600][30.269s][info][gc,phases      ] GC(113)   Pre Evacuate Collection Set: 0.58ms
[2026-04-03T01:48:31.980+0600][30.269s][info][gc,phases      ] GC(113)   Merge Heap Roots: 0.73ms
[2026-04-03T01:48:31.980+0600][30.269s][info][gc,phases      ] GC(113)   Evacuate Collection Set: 37.13ms
[2026-04-03T01:48:31.980+0600][30.269s][info][gc,phases      ] GC(113)   Post Evacuate Collection Set: 1.73ms
[2026-04-03T01:48:31.980+0600][30.269s][info][gc,phases      ] GC(113)   Other: 0.15ms
[2026-04-03T01:48:31.980+0600][30.269s][info][gc,heap        ] GC(113) Eden regions: 39->0(134)
[2026-04-03T01:48:31.980+0600][30.269s][info][gc,heap        ] GC(113) Survivor regions: 7->6(6)
[2026-04-03T01:48:31.980+0600][30.269s][info][gc,heap        ] GC(113) Old regions: 77->98
[2026-04-03T01:48:31.980+0600][30.269s][info][gc,heap        ] GC(113) Humongous regions: 16->16
[2026-04-03T01:48:31.980+0600][30.269s][info][gc,metaspace   ] GC(113) Metaspace: 69594K(70464K)->69594K(70464K) NonClass: 60693K(61184K)->60693K(61184K) Class: 8900K(9280K)->8900K(9280K)
[2026-04-03T01:48:31.980+0600][30.269s][info][gc             ] GC(113) Pause Young (Normal) (G1 Evacuation Pause) 274M->236M(664M) 40.777ms
[2026-04-03T01:48:31.980+0600][30.269s][info][gc,cpu         ] GC(113) User=0.30s Sys=0.00s Real=0.05s
[2026-04-03T01:48:32.043+0600][30.332s][info][gc,marking     ] GC(112) Concurrent Rebuild Remembered Sets and Scrub Regions 123.643ms
[2026-04-03T01:48:32.044+0600][30.333s][info][gc,start       ] GC(112) Pause Cleanup
[2026-04-03T01:48:32.044+0600][30.333s][info][gc             ] GC(112) Pause Cleanup 268M->268M(664M) 0.400ms
[2026-04-03T01:48:32.044+0600][30.333s][info][gc,cpu         ] GC(112) User=0.00s Sys=0.00s Real=0.00s
[2026-04-03T01:48:32.044+0600][30.333s][info][gc,marking     ] GC(112) Concurrent Clear Claimed Marks
[2026-04-03T01:48:32.045+0600][30.334s][info][gc,marking     ] GC(112) Concurrent Clear Claimed Marks 0.255ms
[2026-04-03T01:48:32.045+0600][30.334s][info][gc,marking     ] GC(112) Concurrent Cleanup for Next Mark
[2026-04-03T01:48:32.048+0600][30.337s][info][gc,marking     ] GC(112) Concurrent Cleanup for Next Mark 3.181ms
[2026-04-03T01:48:32.048+0600][30.337s][info][gc             ] GC(112) Concurrent Mark Cycle 291.261ms
[2026-04-03T01:48:32.690+0600][30.979s][info][gc,start       ] GC(114) Pause Young (Prepare Mixed) (G1 Evacuation Pause)
[2026-04-03T01:48:32.690+0600][30.979s][info][gc,task        ] GC(114) Using 10 workers of 10 for evacuation
[2026-04-03T01:48:32.744+0600][31.033s][info][gc,phases      ] GC(114)   Pre Evacuate Collection Set: 0.30ms
[2026-04-03T01:48:32.744+0600][31.033s][info][gc,phases      ] GC(114)   Merge Heap Roots: 0.69ms
[2026-04-03T01:48:32.744+0600][31.033s][info][gc,phases      ] GC(114)   Evacuate Collection Set: 51.47ms
[2026-04-03T01:48:32.744+0600][31.033s][info][gc,phases      ] GC(114)   Post Evacuate Collection Set: 0.86ms
[2026-04-03T01:48:32.744+0600][31.033s][info][gc,phases      ] GC(114)   Other: 0.19ms
[2026-04-03T01:48:32.744+0600][31.033s][info][gc,heap        ] GC(114) Eden regions: 122->0(108)
[2026-04-03T01:48:32.744+0600][31.033s][info][gc,heap        ] GC(114) Survivor regions: 6->16(16)
[2026-04-03T01:48:32.744+0600][31.033s][info][gc,heap        ] GC(114) Old regions: 98->110
[2026-04-03T01:48:32.744+0600][31.033s][info][gc,heap        ] GC(114) Humongous regions: 25->25
[2026-04-03T01:48:32.744+0600][31.033s][info][gc,metaspace   ] GC(114) Metaspace: 69836K(70720K)->69836K(70720K) NonClass: 60904K(61376K)->60904K(61376K) Class: 8931K(9344K)->8931K(9344K)
[2026-04-03T01:48:32.744+0600][31.033s][info][gc             ] GC(114) Pause Young (Prepare Mixed) (G1 Evacuation Pause) 498M->298M(664M) 53.876ms
[2026-04-03T01:48:32.744+0600][31.033s][info][gc,cpu         ] GC(114) User=0.48s Sys=0.04s Real=0.05s
[2026-04-03T01:48:32.987+0600][31.276s][info][gc,start       ] GC(115) Pause Young (Mixed) (G1 Evacuation Pause)
[2026-04-03T01:48:32.987+0600][31.276s][info][gc,task        ] GC(115) Using 10 workers of 10 for evacuation
[2026-04-03T01:48:33.049+0600][31.338s][info][gc,phases      ] GC(115)   Pre Evacuate Collection Set: 0.50ms
[2026-04-03T01:48:33.049+0600][31.338s][info][gc,phases      ] GC(115)   Merge Heap Roots: 1.16ms
[2026-04-03T01:48:33.050+0600][31.339s][info][gc,phases      ] GC(115)   Evacuate Collection Set: 59.79ms
[2026-04-03T01:48:33.050+0600][31.339s][info][gc,phases      ] GC(115)   Post Evacuate Collection Set: 0.77ms
[2026-04-03T01:48:33.050+0600][31.339s][info][gc,phases      ] GC(115)   Other: 0.21ms
[2026-04-03T01:48:33.050+0600][31.339s][info][gc,heap        ] GC(115) Eden regions: 108->0(106)
[2026-04-03T01:48:33.050+0600][31.339s][info][gc,heap        ] GC(115) Survivor regions: 16->11(16)
[2026-04-03T01:48:33.050+0600][31.339s][info][gc,heap        ] GC(115) Old regions: 110->126
[2026-04-03T01:48:33.050+0600][31.339s][info][gc,heap        ] GC(115) Humongous regions: 31->31
[2026-04-03T01:48:33.050+0600][31.339s][info][gc,metaspace   ] GC(115) Metaspace: 69836K(70720K)->69836K(70720K) NonClass: 60904K(61376K)->60904K(61376K) Class: 8931K(9344K)->8931K(9344K)
[2026-04-03T01:48:33.050+0600][31.339s][info][gc             ] GC(115) Pause Young (Mixed) (G1 Evacuation Pause) 526M->334M(664M) 62.936ms
[2026-04-03T01:48:33.050+0600][31.339s][info][gc,cpu         ] GC(115) User=0.58s Sys=0.00s Real=0.07s
[2026-04-03T01:48:33.149+0600][31.438s][info][gc,start       ] GC(116) Pause Young (Concurrent Start) (G1 Humongous Allocation)
[2026-04-03T01:48:33.149+0600][31.438s][info][gc,task        ] GC(116) Using 10 workers of 10 for evacuation
[2026-04-03T01:48:33.194+0600][31.483s][info][gc,phases      ] GC(116)   Pre Evacuate Collection Set: 0.52ms
[2026-04-03T01:48:33.194+0600][31.483s][info][gc,phases      ] GC(116)   Merge Heap Roots: 0.28ms
[2026-04-03T01:48:33.194+0600][31.483s][info][gc,phases      ] GC(116)   Evacuate Collection Set: 42.84ms
[2026-04-03T01:48:33.194+0600][31.483s][info][gc,phases      ] GC(116)   Post Evacuate Collection Set: 0.77ms
[2026-04-03T01:48:33.194+0600][31.483s][info][gc,phases      ] GC(116)   Other: 0.18ms
[2026-04-03T01:48:33.194+0600][31.483s][info][gc,heap        ] GC(116) Eden regions: 35->0(109)
[2026-04-03T01:48:33.194+0600][31.483s][info][gc,heap        ] GC(116) Survivor regions: 11->5(15)
[2026-04-03T01:48:33.194+0600][31.483s][info][gc,heap        ] GC(116) Old regions: 126->136
[2026-04-03T01:48:33.194+0600][31.483s][info][gc,heap        ] GC(116) Humongous regions: 31->31
[2026-04-03T01:48:33.194+0600][31.483s][info][gc,metaspace   ] GC(116) Metaspace: 69840K(70720K)->69840K(70720K) NonClass: 60909K(61376K)->60909K(61376K) Class: 8931K(9344K)->8931K(9344K)
[2026-04-03T01:48:33.194+0600][31.483s][info][gc             ] GC(116) Pause Young (Concurrent Start) (G1 Humongous Allocation) 404M->340M(664M) 45.031ms
[2026-04-03T01:48:33.194+0600][31.483s][info][gc             ] GC(117) Concurrent Mark Cycle
[2026-04-03T01:48:33.194+0600][31.483s][info][gc,marking     ] GC(117) Concurrent Scan Root Regions
[2026-04-03T01:48:33.194+0600][31.483s][info][gc,cpu         ] GC(116) User=0.26s Sys=0.01s Real=0.05s
[2026-04-03T01:48:33.212+0600][31.501s][info][gc,marking     ] GC(117) Concurrent Scan Root Regions 17.773ms
[2026-04-03T01:48:33.212+0600][31.501s][info][gc,marking     ] GC(117) Concurrent Mark
[2026-04-03T01:48:33.212+0600][31.501s][info][gc,marking     ] GC(117) Concurrent Mark From Roots
[2026-04-03T01:48:33.212+0600][31.501s][info][gc,task        ] GC(117) Using 3 workers of 3 for marking
[2026-04-03T01:48:33.533+0600][31.822s][info][gc,marking     ] GC(117) Concurrent Mark From Roots 320.443ms
[2026-04-03T01:48:33.533+0600][31.822s][info][gc,marking     ] GC(117) Concurrent Preclean
[2026-04-03T01:48:33.533+0600][31.822s][info][gc,marking     ] GC(117) Concurrent Preclean 0.569ms
[2026-04-03T01:48:33.534+0600][31.823s][info][gc,start       ] GC(117) Pause Remark
[2026-04-03T01:48:33.550+0600][31.839s][info][gc             ] GC(117) Pause Remark 573M->547M(664M) 16.297ms
[2026-04-03T01:48:33.550+0600][31.839s][info][gc,cpu         ] GC(117) User=0.13s Sys=0.01s Real=0.02s
[2026-04-03T01:48:33.550+0600][31.839s][info][gc,marking     ] GC(117) Concurrent Mark 338.241ms
[2026-04-03T01:48:33.550+0600][31.839s][info][gc,marking     ] GC(117) Concurrent Rebuild Remembered Sets and Scrub Regions
[2026-04-03T01:48:33.557+0600][31.846s][info][gc,start       ] GC(118) Pause Young (Normal) (G1 Evacuation Pause)
[2026-04-03T01:48:33.557+0600][31.846s][info][gc,task        ] GC(118) Using 10 workers of 10 for evacuation
[2026-04-03T01:48:33.594+0600][31.883s][info][gc,phases      ] GC(118)   Pre Evacuate Collection Set: 0.41ms
[2026-04-03T01:48:33.594+0600][31.883s][info][gc,phases      ] GC(118)   Merge Heap Roots: 0.79ms
[2026-04-03T01:48:33.594+0600][31.883s][info][gc,phases      ] GC(118)   Evacuate Collection Set: 34.21ms
[2026-04-03T01:48:33.594+0600][31.883s][info][gc,phases      ] GC(118)   Post Evacuate Collection Set: 0.86ms
[2026-04-03T01:48:33.594+0600][31.883s][info][gc,phases      ] GC(118)   Other: 0.17ms
[2026-04-03T01:48:33.594+0600][31.883s][info][gc,heap        ] GC(118) Eden regions: 109->0(112)
[2026-04-03T01:48:33.594+0600][31.883s][info][gc,heap        ] GC(118) Survivor regions: 5->12(15)
[2026-04-03T01:48:33.594+0600][31.883s][info][gc,heap        ] GC(118) Old regions: 136->136
[2026-04-03T01:48:33.594+0600][31.883s][info][gc,heap        ] GC(118) Humongous regions: 27->27
[2026-04-03T01:48:33.594+0600][31.883s][info][gc,metaspace   ] GC(118) Metaspace: 69842K(70720K)->69842K(70720K) NonClass: 60912K(61376K)->60912K(61376K) Class: 8930K(9344K)->8930K(9344K)
[2026-04-03T01:48:33.594+0600][31.883s][info][gc             ] GC(118) Pause Young (Normal) (G1 Evacuation Pause) 550M->347M(664M) 36.948ms
[2026-04-03T01:48:33.594+0600][31.883s][info][gc,cpu         ] GC(118) User=0.31s Sys=0.00s Real=0.04s
[2026-04-03T01:48:33.885+0600][32.174s][info][gc,start       ] GC(119) Pause Young (Normal) (G1 Evacuation Pause)
[2026-04-03T01:48:33.886+0600][32.175s][info][gc,task        ] GC(119) Using 10 workers of 10 for evacuation
[2026-04-03T01:48:33.933+0600][32.222s][info][gc,phases      ] GC(119)   Pre Evacuate Collection Set: 0.48ms
[2026-04-03T01:48:33.933+0600][32.222s][info][gc,phases      ] GC(119)   Merge Heap Roots: 1.11ms
[2026-04-03T01:48:33.933+0600][32.222s][info][gc,phases      ] GC(119)   Evacuate Collection Set: 40.98ms
[2026-04-03T01:48:33.933+0600][32.222s][info][gc,phases      ] GC(119)   Post Evacuate Collection Set: 4.61ms
[2026-04-03T01:48:33.933+0600][32.222s][info][gc,phases      ] GC(119)   Other: 0.14ms
[2026-04-03T01:48:33.933+0600][32.222s][info][gc,heap        ] GC(119) Eden regions: 112->0(148)
[2026-04-03T01:48:33.933+0600][32.222s][info][gc,heap        ] GC(119) Survivor regions: 12->15(16)
[2026-04-03T01:48:33.933+0600][32.222s][info][gc,heap        ] GC(119) Old regions: 136->140
[2026-04-03T01:48:33.933+0600][32.222s][info][gc,heap        ] GC(119) Humongous regions: 27->27
[2026-04-03T01:48:33.933+0600][32.222s][info][gc,metaspace   ] GC(119) Metaspace: 69843K(70720K)->69843K(70720K) NonClass: 60912K(61376K)->60912K(61376K) Class: 8930K(9344K)->8930K(9344K)
[2026-04-03T01:48:33.933+0600][32.222s][info][gc             ] GC(119) Pause Young (Normal) (G1 Evacuation Pause) 571M->360M(1946M) 47.722ms
[2026-04-03T01:48:33.933+0600][32.222s][info][gc,cpu         ] GC(119) User=0.42s Sys=0.01s Real=0.05s
[2026-04-03T01:48:33.943+0600][32.232s][info][gc,marking     ] GC(117) Concurrent Rebuild Remembered Sets and Scrub Regions 392.744ms
[2026-04-03T01:48:33.944+0600][32.233s][info][gc,start       ] GC(117) Pause Cleanup
[2026-04-03T01:48:33.944+0600][32.233s][info][gc             ] GC(117) Pause Cleanup 370M->370M(1946M) 0.521ms
[2026-04-03T01:48:33.944+0600][32.233s][info][gc,cpu         ] GC(117) User=0.00s Sys=0.00s Real=0.00s
[2026-04-03T01:48:33.944+0600][32.233s][info][gc,marking     ] GC(117) Concurrent Clear Claimed Marks
[2026-04-03T01:48:33.945+0600][32.234s][info][gc,marking     ] GC(117) Concurrent Clear Claimed Marks 0.196ms
[2026-04-03T01:48:33.945+0600][32.234s][info][gc,marking     ] GC(117) Concurrent Cleanup for Next Mark
[2026-04-03T01:48:33.953+0600][32.242s][info][gc,marking     ] GC(117) Concurrent Cleanup for Next Mark 8.152ms
[2026-04-03T01:48:33.953+0600][32.242s][info][gc             ] GC(117) Concurrent Mark Cycle 758.884ms
[2026-04-03T01:48:34.313+0600][32.602s][info][gc,start       ] GC(120) Pause Young (Prepare Mixed) (G1 Evacuation Pause)
[2026-04-03T01:48:34.313+0600][32.602s][info][gc,task        ] GC(120) Using 10 workers of 10 for evacuation
[2026-04-03T01:48:34.357+0600][32.646s][info][gc,phases      ] GC(120)   Pre Evacuate Collection Set: 0.64ms
[2026-04-03T01:48:34.357+0600][32.646s][info][gc,phases      ] GC(120)   Merge Heap Roots: 1.37ms
[2026-04-03T01:48:34.357+0600][32.646s][info][gc,phases      ] GC(120)   Evacuate Collection Set: 40.71ms
[2026-04-03T01:48:34.357+0600][32.646s][info][gc,phases      ] GC(120)   Post Evacuate Collection Set: 0.94ms
[2026-04-03T01:48:34.357+0600][32.646s][info][gc,phases      ] GC(120)   Other: 0.20ms
[2026-04-03T01:48:34.357+0600][32.646s][info][gc,heap        ] GC(120) Eden regions: 146->0(568)
[2026-04-03T01:48:34.357+0600][32.646s][info][gc,heap        ] GC(120) Survivor regions: 15->15(21)
[2026-04-03T01:48:34.357+0600][32.646s][info][gc,heap        ] GC(120) Old regions: 140->145
[2026-04-03T01:48:34.357+0600][32.646s][info][gc,heap        ] GC(120) Humongous regions: 27->27
[2026-04-03T01:48:34.357+0600][32.646s][info][gc,metaspace   ] GC(120) Metaspace: 69843K(70720K)->69843K(70720K) NonClass: 60912K(61376K)->60912K(61376K) Class: 8930K(9344K)->8930K(9344K)
[2026-04-03T01:48:34.357+0600][32.646s][info][gc             ] GC(120) Pause Young (Prepare Mixed) (G1 Evacuation Pause) 652M->371M(1946M) 44.336ms
[2026-04-03T01:48:34.357+0600][32.646s][info][gc,cpu         ] GC(120) User=0.38s Sys=0.03s Real=0.04s
[2026-04-03T01:48:37.305+0600][35.594s][info][gc,start       ] GC(121) Pause Young (Mixed) (G1 Evacuation Pause)
[2026-04-03T01:48:37.306+0600][35.595s][info][gc,task        ] GC(121) Using 10 workers of 10 for evacuation
[2026-04-03T01:48:37.517+0600][35.806s][info][gc,mmu         ] GC(121) MMU target violated: 201.0ms (200.0ms/201.0ms)
[2026-04-03T01:48:37.517+0600][35.806s][info][gc,phases      ] GC(121)   Pre Evacuate Collection Set: 0.67ms
[2026-04-03T01:48:37.517+0600][35.806s][info][gc,phases      ] GC(121)   Merge Heap Roots: 4.65ms
[2026-04-03T01:48:37.517+0600][35.806s][info][gc,phases      ] GC(121)   Evacuate Collection Set: 203.96ms
[2026-04-03T01:48:37.517+0600][35.806s][info][gc,phases      ] GC(121)   Post Evacuate Collection Set: 1.85ms
[2026-04-03T01:48:37.517+0600][35.806s][info][gc,phases      ] GC(121)   Other: 0.35ms
[2026-04-03T01:48:37.517+0600][35.806s][info][gc,heap        ] GC(121) Eden regions: 385->0(276)
[2026-04-03T01:48:37.517+0600][35.806s][info][gc,heap        ] GC(121) Survivor regions: 15->50(50)
[2026-04-03T01:48:37.517+0600][35.806s][info][gc,heap        ] GC(121) Old regions: 145->165
[2026-04-03T01:48:37.517+0600][35.806s][info][gc,heap        ] GC(121) Humongous regions: 90->84
[2026-04-03T01:48:37.517+0600][35.806s][info][gc,metaspace   ] GC(121) Metaspace: 70116K(71040K)->70116K(71040K) NonClass: 61153K(61696K)->61153K(61696K) Class: 8962K(9344K)->8962K(9344K)
[2026-04-03T01:48:37.517+0600][35.806s][info][gc             ] GC(121) Pause Young (Mixed) (G1 Evacuation Pause) 1267M->595M(1946M) 211.766ms
[2026-04-03T01:48:37.517+0600][35.806s][info][gc,cpu         ] GC(121) User=1.94s Sys=0.14s Real=0.21s
[2026-04-03T01:48:37.722+0600][36.011s][info][gc,start       ] GC(122) Pause Young (Concurrent Start) (G1 Humongous Allocation)
[2026-04-03T01:48:37.722+0600][36.011s][info][gc,task        ] GC(122) Using 10 workers of 10 for evacuation
[2026-04-03T01:48:37.844+0600][36.133s][info][gc,phases      ] GC(122)   Pre Evacuate Collection Set: 0.58ms
[2026-04-03T01:48:37.844+0600][36.133s][info][gc,phases      ] GC(122)   Merge Heap Roots: 1.40ms
[2026-04-03T01:48:37.844+0600][36.133s][info][gc,phases      ] GC(122)   Evacuate Collection Set: 118.71ms
[2026-04-03T01:48:37.844+0600][36.133s][info][gc,phases      ] GC(122)   Post Evacuate Collection Set: 1.06ms
[2026-04-03T01:48:37.844+0600][36.133s][info][gc,phases      ] GC(122)   Other: 0.23ms
[2026-04-03T01:48:37.844+0600][36.133s][info][gc,heap        ] GC(122) Eden regions: 81->0(247)
[2026-04-03T01:48:37.844+0600][36.133s][info][gc,heap        ] GC(122) Survivor regions: 50->14(22)
[2026-04-03T01:48:37.844+0600][36.133s][info][gc,heap        ] GC(122) Old regions: 165->218
[2026-04-03T01:48:37.844+0600][36.133s][info][gc,heap        ] GC(122) Humongous regions: 84->84
[2026-04-03T01:48:37.844+0600][36.133s][info][gc,metaspace   ] GC(122) Metaspace: 70116K(71040K)->70116K(71040K) NonClass: 61154K(61696K)->61154K(61696K) Class: 8962K(9344K)->8962K(9344K)
[2026-04-03T01:48:37.844+0600][36.133s][info][gc             ] GC(122) Pause Young (Concurrent Start) (G1 Humongous Allocation) 756M->629M(1946M) 122.359ms
[2026-04-03T01:48:37.844+0600][36.133s][info][gc             ] GC(123) Concurrent Mark Cycle
[2026-04-03T01:48:37.844+0600][36.133s][info][gc,cpu         ] GC(122) User=1.19s Sys=0.00s Real=0.12s
[2026-04-03T01:48:37.845+0600][36.134s][info][gc,marking     ] GC(123) Concurrent Scan Root Regions
[2026-04-03T01:48:37.920+0600][36.209s][info][gc,marking     ] GC(123) Concurrent Scan Root Regions 74.940ms
[2026-04-03T01:48:37.920+0600][36.209s][info][gc,marking     ] GC(123) Concurrent Mark
[2026-04-03T01:48:37.920+0600][36.209s][info][gc,marking     ] GC(123) Concurrent Mark From Roots
[2026-04-03T01:48:37.920+0600][36.209s][info][gc,task        ] GC(123) Using 3 workers of 3 for marking
[2026-04-03T01:48:38.145+0600][36.434s][info][gc,marking     ] GC(123) Concurrent Mark From Roots 225.250ms
[2026-04-03T01:48:38.145+0600][36.434s][info][gc,marking     ] GC(123) Concurrent Preclean
[2026-04-03T01:48:38.146+0600][36.435s][info][gc,marking     ] GC(123) Concurrent Preclean 0.474ms
[2026-04-03T01:48:38.146+0600][36.435s][info][gc,start       ] GC(123) Pause Remark
[2026-04-03T01:48:38.154+0600][36.443s][info][gc             ] GC(123) Pause Remark 840M->630M(1468M) 7.885ms
[2026-04-03T01:48:38.154+0600][36.443s][info][gc,cpu         ] GC(123) User=0.03s Sys=0.00s Real=0.01s
[2026-04-03T01:48:38.154+0600][36.443s][info][gc,marking     ] GC(123) Concurrent Mark 234.466ms
[2026-04-03T01:48:38.154+0600][36.443s][info][gc,marking     ] GC(123) Concurrent Rebuild Remembered Sets and Scrub Regions
[2026-04-03T01:48:38.512+0600][36.801s][info][gc,start       ] GC(124) Pause Young (Normal) (G1 Evacuation Pause)
[2026-04-03T01:48:38.512+0600][36.801s][info][gc,task        ] GC(124) Using 10 workers of 10 for evacuation
[2026-04-03T01:48:38.615+0600][36.904s][info][gc,phases      ] GC(124)   Pre Evacuate Collection Set: 0.49ms
[2026-04-03T01:48:38.615+0600][36.904s][info][gc,phases      ] GC(124)   Merge Heap Roots: 2.79ms
[2026-04-03T01:48:38.615+0600][36.904s][info][gc,phases      ] GC(124)   Evacuate Collection Set: 98.31ms
[2026-04-03T01:48:38.615+0600][36.904s][info][gc,phases      ] GC(124)   Post Evacuate Collection Set: 1.69ms
[2026-04-03T01:48:38.615+0600][36.904s][info][gc,phases      ] GC(124)   Other: 0.24ms
[2026-04-03T01:48:38.615+0600][36.904s][info][gc,heap        ] GC(124) Eden regions: 199->0(156)
[2026-04-03T01:48:38.615+0600][36.904s][info][gc,heap        ] GC(124) Survivor regions: 14->27(27)
[2026-04-03T01:48:38.615+0600][36.904s][info][gc,heap        ] GC(124) Old regions: 185->190
[2026-04-03T01:48:38.616+0600][36.905s][info][gc,heap        ] GC(124) Humongous regions: 30->30
[2026-04-03T01:48:38.616+0600][36.905s][info][gc,metaspace   ] GC(124) Metaspace: 70119K(71040K)->70119K(71040K) NonClass: 61156K(61696K)->61156K(61696K) Class: 8962K(9344K)->8962K(9344K)
[2026-04-03T01:48:38.616+0600][36.905s][info][gc             ] GC(124) Pause Young (Normal) (G1 Evacuation Pause) 853M->490M(1468M) 103.917ms
[2026-04-03T01:48:38.616+0600][36.905s][info][gc,cpu         ] GC(124) User=0.92s Sys=0.07s Real=0.10s
[2026-04-03T01:48:38.622+0600][36.911s][info][gc,marking     ] GC(123) Concurrent Rebuild Remembered Sets and Scrub Regions 467.422ms
[2026-04-03T01:48:38.622+0600][36.911s][info][gc,start       ] GC(123) Pause Cleanup
[2026-04-03T01:48:38.622+0600][36.911s][info][gc             ] GC(123) Pause Cleanup 496M->496M(1468M) 0.481ms
[2026-04-03T01:48:38.623+0600][36.912s][info][gc,cpu         ] GC(123) User=0.00s Sys=0.00s Real=0.00s
[2026-04-03T01:48:38.623+0600][36.912s][info][gc,marking     ] GC(123) Concurrent Clear Claimed Marks
[2026-04-03T01:48:38.623+0600][36.912s][info][gc,marking     ] GC(123) Concurrent Clear Claimed Marks 0.265ms
[2026-04-03T01:48:38.623+0600][36.912s][info][gc,marking     ] GC(123) Concurrent Cleanup for Next Mark
[2026-04-03T01:48:38.625+0600][36.914s][info][gc,marking     ] GC(123) Concurrent Cleanup for Next Mark 2.289ms
[2026-04-03T01:48:38.625+0600][36.914s][info][gc             ] GC(123) Concurrent Mark Cycle 780.882ms
[2026-04-03T01:48:39.069+0600][37.358s][info][gc,start       ] GC(125) Pause Young (Prepare Mixed) (G1 Evacuation Pause)
[2026-04-03T01:48:39.069+0600][37.358s][info][gc,task        ] GC(125) Using 10 workers of 10 for evacuation
[2026-04-03T01:48:39.158+0600][37.447s][info][gc,phases      ] GC(125)   Pre Evacuate Collection Set: 0.64ms
[2026-04-03T01:48:39.158+0600][37.447s][info][gc,phases      ] GC(125)   Merge Heap Roots: 1.65ms
[2026-04-03T01:48:39.158+0600][37.447s][info][gc,phases      ] GC(125)   Evacuate Collection Set: 85.34ms
[2026-04-03T01:48:39.158+0600][37.447s][info][gc,phases      ] GC(125)   Post Evacuate Collection Set: 1.08ms
[2026-04-03T01:48:39.158+0600][37.447s][info][gc,phases      ] GC(125)   Other: 0.19ms
[2026-04-03T01:48:39.158+0600][37.447s][info][gc,heap        ] GC(125) Eden regions: 188->0(363)
[2026-04-03T01:48:39.158+0600][37.447s][info][gc,heap        ] GC(125) Survivor regions: 27->16(27)
[2026-04-03T01:48:39.158+0600][37.447s][info][gc,heap        ] GC(125) Old regions: 190->217
[2026-04-03T01:48:39.158+0600][37.447s][info][gc,heap        ] GC(125) Humongous regions: 30->30
[2026-04-03T01:48:39.158+0600][37.447s][info][gc,metaspace   ] GC(125) Metaspace: 70123K(71040K)->70123K(71040K) NonClass: 61161K(61696K)->61161K(61696K) Class: 8962K(9344K)->8962K(9344K)
[2026-04-03T01:48:39.158+0600][37.447s][info][gc             ] GC(125) Pause Young (Prepare Mixed) (G1 Evacuation Pause) 866M->522M(1468M) 89.343ms
[2026-04-03T01:48:39.158+0600][37.447s][info][gc,cpu         ] GC(125) User=0.84s Sys=0.00s Real=0.09s
[2026-04-03T01:48:41.407+0600][39.696s][info][gc,start       ] GC(126) Pause Young (Mixed) (G1 Evacuation Pause)
[2026-04-03T01:48:41.407+0600][39.696s][info][gc,task        ] GC(126) Using 10 workers of 10 for evacuation
[2026-04-03T01:48:41.580+0600][39.869s][info][gc,phases      ] GC(126)   Pre Evacuate Collection Set: 0.62ms
[2026-04-03T01:48:41.580+0600][39.869s][info][gc,phases      ] GC(126)   Merge Heap Roots: 3.08ms
[2026-04-03T01:48:41.580+0600][39.869s][info][gc,phases      ] GC(126)   Evacuate Collection Set: 167.21ms
[2026-04-03T01:48:41.580+0600][39.869s][info][gc,phases      ] GC(126)   Post Evacuate Collection Set: 1.62ms
[2026-04-03T01:48:41.580+0600][39.869s][info][gc,phases      ] GC(126)   Other: 0.15ms
[2026-04-03T01:48:41.580+0600][39.869s][info][gc,heap        ] GC(126) Eden regions: 285->0(164)
[2026-04-03T01:48:41.580+0600][39.869s][info][gc,heap        ] GC(126) Survivor regions: 16->38(38)
[2026-04-03T01:48:41.580+0600][39.869s][info][gc,heap        ] GC(126) Old regions: 217->206
[2026-04-03T01:48:41.580+0600][39.869s][info][gc,heap        ] GC(126) Humongous regions: 75->69
[2026-04-03T01:48:41.580+0600][39.869s][info][gc,metaspace   ] GC(126) Metaspace: 70213K(71104K)->70213K(71104K) NonClass: 61245K(61760K)->61245K(61760K) Class: 8968K(9344K)->8968K(9344K)
[2026-04-03T01:48:41.580+0600][39.869s][info][gc             ] GC(126) Pause Young (Mixed) (G1 Evacuation Pause) 1182M->622M(1468M) 173.079ms
[2026-04-03T01:48:41.580+0600][39.869s][info][gc,cpu         ] GC(126) User=1.51s Sys=0.11s Real=0.18s
[2026-04-03T01:48:41.760+0600][40.049s][info][gc,start       ] GC(127) Pause Young (Concurrent Start) (G1 Humongous Allocation)
[2026-04-03T01:48:41.760+0600][40.049s][info][gc,task        ] GC(127) Using 10 workers of 10 for evacuation
[2026-04-03T01:48:41.872+0600][40.161s][info][gc,phases      ] GC(127)   Pre Evacuate Collection Set: 0.71ms
[2026-04-03T01:48:41.872+0600][40.161s][info][gc,phases      ] GC(127)   Merge Heap Roots: 1.18ms
[2026-04-03T01:48:41.872+0600][40.161s][info][gc,phases      ] GC(127)   Evacuate Collection Set: 108.87ms
[2026-04-03T01:48:41.872+0600][40.161s][info][gc,phases      ] GC(127)   Post Evacuate Collection Set: 0.96ms
[2026-04-03T01:48:41.872+0600][40.161s][info][gc,phases      ] GC(127)   Other: 0.23ms
[2026-04-03T01:48:41.873+0600][40.162s][info][gc,heap        ] GC(127) Eden regions: 40->0(329)
[2026-04-03T01:48:41.873+0600][40.162s][info][gc,heap        ] GC(127) Survivor regions: 38->7(33)
[2026-04-03T01:48:41.873+0600][40.162s][info][gc,heap        ] GC(127) Old regions: 206->244
[2026-04-03T01:48:41.873+0600][40.162s][info][gc,heap        ] GC(127) Humongous regions: 69->69
[2026-04-03T01:48:41.873+0600][40.162s][info][gc,metaspace   ] GC(127) Metaspace: 70216K(71104K)->70216K(71104K) NonClass: 61247K(61760K)->61247K(61760K) Class: 8968K(9344K)->8968K(9344K)
[2026-04-03T01:48:41.873+0600][40.162s][info][gc             ] GC(127) Pause Young (Concurrent Start) (G1 Humongous Allocation) 701M->636M(1468M) 112.423ms
[2026-04-03T01:48:41.873+0600][40.162s][info][gc             ] GC(128) Concurrent Mark Cycle
[2026-04-03T01:48:41.873+0600][40.162s][info][gc,marking     ] GC(128) Concurrent Scan Root Regions
[2026-04-03T01:48:41.873+0600][40.162s][info][gc,cpu         ] GC(127) User=1.09s Sys=0.01s Real=0.11s
[2026-04-03T01:48:41.901+0600][40.190s][info][gc,marking     ] GC(128) Concurrent Scan Root Regions 28.135ms
[2026-04-03T01:48:41.901+0600][40.190s][info][gc,marking     ] GC(128) Concurrent Mark
[2026-04-03T01:48:41.901+0600][40.190s][info][gc,marking     ] GC(128) Concurrent Mark From Roots
[2026-04-03T01:48:41.901+0600][40.190s][info][gc,task        ] GC(128) Using 3 workers of 3 for marking
[2026-04-03T01:48:42.037+0600][40.326s][info][gc,marking     ] GC(128) Concurrent Mark From Roots 136.128ms
[2026-04-03T01:48:42.037+0600][40.326s][info][gc,marking     ] GC(128) Concurrent Preclean
[2026-04-03T01:48:42.038+0600][40.327s][info][gc,marking     ] GC(128) Concurrent Preclean 0.364ms
[2026-04-03T01:48:42.038+0600][40.327s][info][gc,start       ] GC(128) Pause Remark
[2026-04-03T01:48:42.051+0600][40.340s][info][gc             ] GC(128) Pause Remark 672M->392M(1240M) 13.330ms
[2026-04-03T01:48:42.051+0600][40.340s][info][gc,cpu         ] GC(128) User=0.12s Sys=0.00s Real=0.02s
[2026-04-03T01:48:42.052+0600][40.341s][info][gc,marking     ] GC(128) Concurrent Mark 150.525ms
[2026-04-03T01:48:42.052+0600][40.341s][info][gc,marking     ] GC(128) Concurrent Rebuild Remembered Sets and Scrub Regions
[2026-04-03T01:48:42.173+0600][40.462s][info][gc,marking     ] GC(128) Concurrent Rebuild Remembered Sets and Scrub Regions 121.777ms
[2026-04-03T01:48:42.174+0600][40.463s][info][gc,start       ] GC(128) Pause Cleanup
[2026-04-03T01:48:42.175+0600][40.464s][info][gc             ] GC(128) Pause Cleanup 464M->464M(1240M) 0.731ms
[2026-04-03T01:48:42.175+0600][40.464s][info][gc,cpu         ] GC(128) User=0.00s Sys=0.00s Real=0.00s
[2026-04-03T01:48:42.175+0600][40.464s][info][gc,marking     ] GC(128) Concurrent Clear Claimed Marks
[2026-04-03T01:48:42.175+0600][40.464s][info][gc,marking     ] GC(128) Concurrent Clear Claimed Marks 0.270ms
[2026-04-03T01:48:42.175+0600][40.464s][info][gc,marking     ] GC(128) Concurrent Cleanup for Next Mark
[2026-04-03T01:48:42.177+0600][40.466s][info][gc,marking     ] GC(128) Concurrent Cleanup for Next Mark 1.906ms
[2026-04-03T01:48:42.177+0600][40.466s][info][gc             ] GC(128) Concurrent Mark Cycle 304.469ms
[2026-04-03T01:48:44.111+0600][42.400s][info][gc,start       ] GC(129) Pause Young (Prepare Mixed) (G1 Evacuation Pause)
[2026-04-03T01:48:44.112+0600][42.401s][info][gc,task        ] GC(129) Using 10 workers of 10 for evacuation
[2026-04-03T01:48:44.231+0600][42.520s][info][gc,phases      ] GC(129)   Pre Evacuate Collection Set: 0.47ms
[2026-04-03T01:48:44.231+0600][42.520s][info][gc,phases      ] GC(129)   Merge Heap Roots: 2.13ms
[2026-04-03T01:48:44.231+0600][42.520s][info][gc,phases      ] GC(129)   Evacuate Collection Set: 114.86ms
[2026-04-03T01:48:44.231+0600][42.520s][info][gc,phases      ] GC(129)   Post Evacuate Collection Set: 1.65ms
[2026-04-03T01:48:44.231+0600][42.520s][info][gc,phases      ] GC(129)   Other: 0.19ms
[2026-04-03T01:48:44.231+0600][42.520s][info][gc,heap        ] GC(129) Eden regions: 329->0(41)
[2026-04-03T01:48:44.231+0600][42.520s][info][gc,heap        ] GC(129) Survivor regions: 7->42(42)
[2026-04-03T01:48:44.231+0600][42.520s][info][gc,heap        ] GC(129) Old regions: 164->167
[2026-04-03T01:48:44.231+0600][42.520s][info][gc,heap        ] GC(129) Humongous regions: 63->45
[2026-04-03T01:48:44.231+0600][42.520s][info][gc,metaspace   ] GC(129) Metaspace: 70959K(71936K)->70959K(71936K) NonClass: 61874K(62400K)->61874K(62400K) Class: 9085K(9536K)->9085K(9536K)
[2026-04-03T01:48:44.231+0600][42.520s][info][gc             ] GC(129) Pause Young (Prepare Mixed) (G1 Evacuation Pause) 1122M->504M(1240M) 119.710ms
[2026-04-03T01:48:44.231+0600][42.520s][info][gc,cpu         ] GC(129) User=1.17s Sys=0.00s Real=0.12s
[2026-04-03T01:48:44.549+0600][42.838s][info][gc,start       ] GC(130) Pause Young (Mixed) (G1 Evacuation Pause)
[2026-04-03T01:48:44.549+0600][42.838s][info][gc,task        ] GC(130) Using 10 workers of 10 for evacuation
[2026-04-03T01:48:44.652+0600][42.941s][info][gc,phases      ] GC(130)   Pre Evacuate Collection Set: 0.47ms
[2026-04-03T01:48:44.652+0600][42.941s][info][gc,phases      ] GC(130)   Merge Heap Roots: 0.54ms
[2026-04-03T01:48:44.652+0600][42.941s][info][gc,phases      ] GC(130)   Evacuate Collection Set: 99.13ms
[2026-04-03T01:48:44.652+0600][42.941s][info][gc,phases      ] GC(130)   Post Evacuate Collection Set: 2.07ms
[2026-04-03T01:48:44.652+0600][42.941s][info][gc,phases      ] GC(130)   Other: 0.11ms
[2026-04-03T01:48:44.652+0600][42.941s][info][gc,heap        ] GC(130) Eden regions: 147->0(257)
[2026-04-03T01:48:44.652+0600][42.941s][info][gc,heap        ] GC(130) Survivor regions: 42->24(24)
[2026-04-03T01:48:44.652+0600][42.941s][info][gc,heap        ] GC(130) Old regions: 167->206
[2026-04-03T01:48:44.652+0600][42.941s][info][gc,heap        ] GC(130) Humongous regions: 54->54
[2026-04-03T01:48:44.652+0600][42.941s][info][gc,metaspace   ] GC(130) Metaspace: 70974K(71936K)->70974K(71936K) NonClass: 61887K(62400K)->61887K(62400K) Class: 9087K(9536K)->9087K(9536K)
[2026-04-03T01:48:44.652+0600][42.941s][info][gc             ] GC(130) Pause Young (Mixed) (G1 Evacuation Pause) 816M->566M(1602M) 102.665ms
[2026-04-03T01:48:44.652+0600][42.941s][info][gc,cpu         ] GC(130) User=0.99s Sys=0.00s Real=0.11s
[2026-04-03T01:48:46.408+0600][44.697s][info][gc,start       ] GC(131) Pause Young (Mixed) (G1 Evacuation Pause)
[2026-04-03T01:48:46.408+0600][44.697s][info][gc,task        ] GC(131) Using 10 workers of 10 for evacuation
[2026-04-03T01:48:46.539+0600][44.828s][info][gc,phases      ] GC(131)   Pre Evacuate Collection Set: 0.54ms
[2026-04-03T01:48:46.539+0600][44.828s][info][gc,phases      ] GC(131)   Merge Heap Roots: 0.80ms
[2026-04-03T01:48:46.539+0600][44.828s][info][gc,phases      ] GC(131)   Evacuate Collection Set: 127.45ms
[2026-04-03T01:48:46.539+0600][44.828s][info][gc,phases      ] GC(131)   Post Evacuate Collection Set: 1.96ms
[2026-04-03T01:48:46.539+0600][44.828s][info][gc,phases      ] GC(131)   Other: 0.19ms
[2026-04-03T01:48:46.539+0600][44.828s][info][gc,heap        ] GC(131) Eden regions: 344->0(133)
[2026-04-03T01:48:46.539+0600][44.828s][info][gc,heap        ] GC(131) Survivor regions: 24->46(46)
[2026-04-03T01:48:46.539+0600][44.828s][info][gc,heap        ] GC(131) Old regions: 206->217
[2026-04-03T01:48:46.539+0600][44.828s][info][gc,heap        ] GC(131) Humongous regions: 172->90
[2026-04-03T01:48:46.539+0600][44.828s][info][gc,metaspace   ] GC(131) Metaspace: 72713K(73664K)->72713K(73664K) NonClass: 63387K(63936K)->63387K(63936K) Class: 9326K(9728K)->9326K(9728K)
[2026-04-03T01:48:46.539+0600][44.828s][info][gc             ] GC(131) Pause Young (Mixed) (G1 Evacuation Pause) 1490M->703M(1612M) 131.333ms
[2026-04-03T01:48:46.539+0600][44.828s][info][gc,cpu         ] GC(131) User=1.24s Sys=0.00s Real=0.13s
[2026-04-03T01:48:46.925+0600][45.214s][info][gc,start       ] GC(132) Pause Full (System.gc())
[2026-04-03T01:48:46.925+0600][45.214s][info][gc,task        ] GC(132) Using 10 workers of 10 for full compaction
[2026-04-03T01:48:46.926+0600][45.215s][info][gc,phases,start] GC(132) Phase 1: Mark live objects
[2026-04-03T01:48:46.980+0600][45.269s][info][gc,phases      ] GC(132) Phase 1: Mark live objects 53.768ms
[2026-04-03T01:48:46.980+0600][45.269s][info][gc,phases,start] GC(132) Phase 2: Prepare compaction
[2026-04-03T01:48:46.985+0600][45.274s][info][gc,phases      ] GC(132) Phase 2: Prepare compaction 5.097ms
[2026-04-03T01:48:46.985+0600][45.274s][info][gc,phases,start] GC(132) Phase 3: Adjust pointers
[2026-04-03T01:48:47.005+0600][45.294s][info][gc,phases      ] GC(132) Phase 3: Adjust pointers 20.331ms
[2026-04-03T01:48:47.005+0600][45.294s][info][gc,phases,start] GC(132) Phase 4: Compact heap
[2026-04-03T01:48:47.012+0600][45.301s][info][gc,phases      ] GC(132) Phase 4: Compact heap 6.728ms
[2026-04-03T01:48:47.012+0600][45.301s][info][gc,phases,start] GC(132) Phase 5: Reset Metadata
[2026-04-03T01:48:47.019+0600][45.308s][info][gc,phases      ] GC(132) Phase 5: Reset Metadata 7.274ms
[2026-04-03T01:48:47.037+0600][45.326s][info][gc,heap        ] GC(132) Eden regions: 158->0(138)
[2026-04-03T01:48:47.037+0600][45.326s][info][gc,heap        ] GC(132) Survivor regions: 46->0(46)
[2026-04-03T01:48:47.037+0600][45.326s][info][gc,heap        ] GC(132) Old regions: 217->76
[2026-04-03T01:48:47.037+0600][45.326s][info][gc,heap        ] GC(132) Humongous regions: 92->3
[2026-04-03T01:48:47.037+0600][45.326s][info][gc,metaspace   ] GC(132) Metaspace: 72836K(73856K)->72746K(73856K) NonClass: 63491K(64064K)->63425K(64064K) Class: 9345K(9792K)->9321K(9792K)
[2026-04-03T01:48:47.037+0600][45.326s][info][gc             ] GC(132) Pause Full (System.gc()) 1023M->149M(528M) 111.708ms
[2026-04-03T01:48:47.037+0600][45.326s][info][gc,cpu         ] GC(132) User=0.82s Sys=0.10s Real=0.11s
[2026-04-03T01:48:47.119+0600][45.408s][info][gc,start       ] GC(133) Pause Young (Concurrent Start) (G1 Humongous Allocation)
[2026-04-03T01:48:47.119+0600][45.408s][info][gc,task        ] GC(133) Using 10 workers of 10 for evacuation
[2026-04-03T01:48:47.121+0600][45.410s][info][gc,phases      ] GC(133)   Pre Evacuate Collection Set: 0.42ms
[2026-04-03T01:48:47.121+0600][45.410s][info][gc,phases      ] GC(133)   Merge Heap Roots: 0.09ms
[2026-04-03T01:48:47.121+0600][45.410s][info][gc,phases      ] GC(133)   Evacuate Collection Set: 0.85ms
[2026-04-03T01:48:47.121+0600][45.410s][info][gc,phases      ] GC(133)   Post Evacuate Collection Set: 0.33ms
[2026-04-03T01:48:47.121+0600][45.410s][info][gc,phases      ] GC(133)   Other: 0.13ms
[2026-04-03T01:48:47.121+0600][45.410s][info][gc,heap        ] GC(133) Eden regions: 11->0(141)
[2026-04-03T01:48:47.121+0600][45.410s][info][gc,heap        ] GC(133) Survivor regions: 0->5(18)
[2026-04-03T01:48:47.121+0600][45.410s][info][gc,heap        ] GC(133) Old regions: 76->76
[2026-04-03T01:48:47.121+0600][45.410s][info][gc,heap        ] GC(133) Humongous regions: 3->3
[2026-04-03T01:48:47.121+0600][45.410s][info][gc,metaspace   ] GC(133) Metaspace: 72861K(73856K)->72861K(73856K) NonClass: 63525K(64064K)->63525K(64064K) Class: 9336K(9792K)->9336K(9792K)
[2026-04-03T01:48:47.121+0600][45.410s][info][gc             ] GC(133) Pause Young (Concurrent Start) (G1 Humongous Allocation) 170M->159M(528M) 2.048ms
[2026-04-03T01:48:47.121+0600][45.410s][info][gc             ] GC(134) Concurrent Mark Cycle
[2026-04-03T01:48:47.121+0600][45.410s][info][gc,cpu         ] GC(133) User=0.01s Sys=0.00s Real=0.01s
[2026-04-03T01:48:47.121+0600][45.410s][info][gc,marking     ] GC(134) Concurrent Scan Root Regions
[2026-04-03T01:48:47.122+0600][45.411s][info][gc,marking     ] GC(134) Concurrent Scan Root Regions 0.691ms
[2026-04-03T01:48:47.122+0600][45.411s][info][gc,marking     ] GC(134) Concurrent Mark
[2026-04-03T01:48:47.122+0600][45.411s][info][gc,marking     ] GC(134) Concurrent Mark From Roots
[2026-04-03T01:48:47.122+0600][45.411s][info][gc,task        ] GC(134) Using 3 workers of 3 for marking
[2026-04-03T01:48:47.316+0600][45.605s][info][gc,marking     ] GC(134) Concurrent Mark From Roots 194.196ms
[2026-04-03T01:48:47.316+0600][45.605s][info][gc,marking     ] GC(134) Concurrent Preclean
[2026-04-03T01:48:47.317+0600][45.606s][info][gc,marking     ] GC(134) Concurrent Preclean 0.571ms
[2026-04-03T01:48:47.327+0600][45.616s][info][gc,start       ] GC(134) Pause Remark
[2026-04-03T01:48:47.332+0600][45.621s][info][gc             ] GC(134) Pause Remark 283M->283M(528M) 5.366ms
[2026-04-03T01:48:47.332+0600][45.621s][info][gc,cpu         ] GC(134) User=0.04s Sys=0.00s Real=0.01s
[2026-04-03T01:48:47.333+0600][45.622s][info][gc,marking     ] GC(134) Concurrent Mark 210.977ms
[2026-04-03T01:48:47.333+0600][45.622s][info][gc,marking     ] GC(134) Concurrent Rebuild Remembered Sets and Scrub Regions
[2026-04-03T01:48:47.426+0600][45.715s][info][gc,marking     ] GC(134) Concurrent Rebuild Remembered Sets and Scrub Regions 92.913ms
[2026-04-03T01:48:47.426+0600][45.715s][info][gc,start       ] GC(134) Pause Cleanup
[2026-04-03T01:48:47.427+0600][45.716s][info][gc             ] GC(134) Pause Cleanup 355M->355M(528M) 0.454ms
[2026-04-03T01:48:47.427+0600][45.716s][info][gc,cpu         ] GC(134) User=0.01s Sys=0.00s Real=0.00s
[2026-04-03T01:48:47.427+0600][45.716s][info][gc,marking     ] GC(134) Concurrent Clear Claimed Marks
[2026-04-03T01:48:47.427+0600][45.716s][info][gc,marking     ] GC(134) Concurrent Clear Claimed Marks 0.237ms
[2026-04-03T01:48:47.427+0600][45.716s][info][gc,marking     ] GC(134) Concurrent Cleanup for Next Mark
[2026-04-03T01:48:47.428+0600][45.717s][info][gc,marking     ] GC(134) Concurrent Cleanup for Next Mark 1.118ms
[2026-04-03T01:48:47.428+0600][45.717s][info][gc             ] GC(134) Concurrent Mark Cycle 307.426ms
[2026-04-03T01:48:47.660+0600][45.949s][info][gc,start       ] GC(135) Pause Young (Prepare Mixed) (G1 Evacuation Pause)
[2026-04-03T01:48:47.660+0600][45.949s][info][gc,task        ] GC(135) Using 10 workers of 10 for evacuation
[2026-04-03T01:48:47.721+0600][46.010s][info][gc,phases      ] GC(135)   Pre Evacuate Collection Set: 0.49ms
[2026-04-03T01:48:47.721+0600][46.010s][info][gc,phases      ] GC(135)   Merge Heap Roots: 1.06ms
[2026-04-03T01:48:47.721+0600][46.010s][info][gc,phases      ] GC(135)   Evacuate Collection Set: 58.42ms
[2026-04-03T01:48:47.721+0600][46.010s][info][gc,phases      ] GC(135)   Post Evacuate Collection Set: 0.67ms
[2026-04-03T01:48:47.721+0600][46.010s][info][gc,phases      ] GC(135)   Other: 0.12ms
[2026-04-03T01:48:47.721+0600][46.010s][info][gc,heap        ] GC(135) Eden regions: 141->0(101)
[2026-04-03T01:48:47.721+0600][46.010s][info][gc,heap        ] GC(135) Survivor regions: 5->19(19)
[2026-04-03T01:48:47.721+0600][46.010s][info][gc,heap        ] GC(135) Old regions: 76->98
[2026-04-03T01:48:47.721+0600][46.010s][info][gc,heap        ] GC(135) Humongous regions: 24->21
[2026-04-03T01:48:47.721+0600][46.010s][info][gc,metaspace   ] GC(135) Metaspace: 72872K(73856K)->72872K(73856K) NonClass: 63534K(64064K)->63534K(64064K) Class: 9337K(9792K)->9337K(9792K)
[2026-04-03T01:48:47.721+0600][46.010s][info][gc             ] GC(135) Pause Young (Prepare Mixed) (G1 Evacuation Pause) 483M->266M(574M) 61.086ms
[2026-04-03T01:48:47.721+0600][46.010s][info][gc,cpu         ] GC(135) User=0.55s Sys=0.05s Real=0.06s
[2026-04-03T01:48:47.906+0600][46.195s][info][gc,start       ] GC(136) Pause Young (Mixed) (G1 Evacuation Pause)
[2026-04-03T01:48:47.906+0600][46.195s][info][gc,task        ] GC(136) Using 10 workers of 10 for evacuation
[2026-04-03T01:48:47.960+0600][46.249s][info][gc,phases      ] GC(136)   Pre Evacuate Collection Set: 0.37ms
[2026-04-03T01:48:47.960+0600][46.249s][info][gc,phases      ] GC(136)   Merge Heap Roots: 0.68ms
[2026-04-03T01:48:47.960+0600][46.249s][info][gc,phases      ] GC(136)   Evacuate Collection Set: 51.85ms
[2026-04-03T01:48:47.960+0600][46.249s][info][gc,phases      ] GC(136)   Post Evacuate Collection Set: 0.70ms
[2026-04-03T01:48:47.960+0600][46.249s][info][gc,phases      ] GC(136)   Other: 0.16ms
[2026-04-03T01:48:47.960+0600][46.249s][info][gc,heap        ] GC(136) Eden regions: 101->0(89)
[2026-04-03T01:48:47.960+0600][46.249s][info][gc,heap        ] GC(136) Survivor regions: 19->13(15)
[2026-04-03T01:48:47.960+0600][46.249s][info][gc,heap        ] GC(136) Old regions: 98->118
[2026-04-03T01:48:47.960+0600][46.249s][info][gc,heap        ] GC(136) Humongous regions: 30->30
[2026-04-03T01:48:47.960+0600][46.249s][info][gc,metaspace   ] GC(136) Metaspace: 72872K(73856K)->72872K(73856K) NonClass: 63534K(64064K)->63534K(64064K) Class: 9337K(9792K)->9337K(9792K)
[2026-04-03T01:48:47.960+0600][46.249s][info][gc             ] GC(136) Pause Young (Mixed) (G1 Evacuation Pause) 486M->314M(574M) 54.080ms
[2026-04-03T01:48:47.960+0600][46.249s][info][gc,cpu         ] GC(136) User=0.53s Sys=0.00s Real=0.06s
[2026-04-03T01:48:48.074+0600][46.363s][info][gc,start       ] GC(137) Pause Young (Concurrent Start) (G1 Humongous Allocation)
[2026-04-03T01:48:48.074+0600][46.363s][info][gc,task        ] GC(137) Using 10 workers of 10 for evacuation
[2026-04-03T01:48:48.111+0600][46.400s][info][gc,phases      ] GC(137)   Pre Evacuate Collection Set: 0.31ms
[2026-04-03T01:48:48.111+0600][46.400s][info][gc,phases      ] GC(137)   Merge Heap Roots: 0.18ms
[2026-04-03T01:48:48.111+0600][46.400s][info][gc,phases      ] GC(137)   Evacuate Collection Set: 32.52ms
[2026-04-03T01:48:48.111+0600][46.400s][info][gc,phases      ] GC(137)   Post Evacuate Collection Set: 3.26ms
[2026-04-03T01:48:48.111+0600][46.400s][info][gc,phases      ] GC(137)   Other: 0.16ms
[2026-04-03T01:48:48.111+0600][46.400s][info][gc,heap        ] GC(137) Eden regions: 65->0(434)
[2026-04-03T01:48:48.111+0600][46.400s][info][gc,heap        ] GC(137) Survivor regions: 13->7(13)
[2026-04-03T01:48:48.111+0600][46.400s][info][gc,heap        ] GC(137) Old regions: 118->130
[2026-04-03T01:48:48.111+0600][46.400s][info][gc,heap        ] GC(137) Humongous regions: 30->30
[2026-04-03T01:48:48.111+0600][46.400s][info][gc,metaspace   ] GC(137) Metaspace: 72872K(73856K)->72872K(73856K) NonClass: 63534K(64064K)->63534K(64064K) Class: 9337K(9792K)->9337K(9792K)
[2026-04-03T01:48:48.111+0600][46.400s][info][gc             ] GC(137) Pause Young (Concurrent Start) (G1 Humongous Allocation) 443M->327M(1472M) 36.756ms
[2026-04-03T01:48:48.111+0600][46.400s][info][gc,cpu         ] GC(137) User=0.31s Sys=0.01s Real=0.04s
[2026-04-03T01:48:48.111+0600][46.400s][info][gc             ] GC(138) Concurrent Undo Cycle
[2026-04-03T01:48:48.111+0600][46.400s][info][gc,marking     ] GC(138) Concurrent Clear Claimed Marks
[2026-04-03T01:48:48.111+0600][46.400s][info][gc,marking     ] GC(138) Concurrent Clear Claimed Marks 0.187ms
[2026-04-03T01:48:48.111+0600][46.400s][info][gc,marking     ] GC(138) Concurrent Cleanup for Next Mark
[2026-04-03T01:48:48.112+0600][46.401s][info][gc,marking     ] GC(138) Concurrent Cleanup for Next Mark 0.515ms
[2026-04-03T01:48:48.112+0600][46.401s][info][gc             ] GC(138) Concurrent Undo Cycle 0.911ms
[2026-04-03T01:48:48.130+0600][46.419s][info][gc,start       ] GC(139) Pause Young (Concurrent Start) (G1 Humongous Allocation)
[2026-04-03T01:48:48.130+0600][46.419s][info][gc,task        ] GC(139) Using 10 workers of 10 for evacuation
[2026-04-03T01:48:48.146+0600][46.435s][info][gc,phases      ] GC(139)   Pre Evacuate Collection Set: 0.34ms
[2026-04-03T01:48:48.146+0600][46.435s][info][gc,phases      ] GC(139)   Merge Heap Roots: 0.43ms
[2026-04-03T01:48:48.146+0600][46.435s][info][gc,phases      ] GC(139)   Evacuate Collection Set: 14.13ms
[2026-04-03T01:48:48.146+0600][46.435s][info][gc,phases      ] GC(139)   Post Evacuate Collection Set: 0.63ms
[2026-04-03T01:48:48.146+0600][46.435s][info][gc,phases      ] GC(139)   Other: 0.14ms
[2026-04-03T01:48:48.146+0600][46.435s][info][gc,heap        ] GC(139) Eden regions: 6->0(433)
[2026-04-03T01:48:48.146+0600][46.435s][info][gc,heap        ] GC(139) Survivor regions: 7->8(56)
[2026-04-03T01:48:48.146+0600][46.435s][info][gc,heap        ] GC(139) Old regions: 130->130
[2026-04-03T01:48:48.146+0600][46.435s][info][gc,heap        ] GC(139) Humongous regions: 33->33
[2026-04-03T01:48:48.146+0600][46.435s][info][gc,metaspace   ] GC(139) Metaspace: 72872K(73856K)->72872K(73856K) NonClass: 63534K(64064K)->63534K(64064K) Class: 9337K(9792K)->9337K(9792K)
[2026-04-03T01:48:48.146+0600][46.435s][info][gc             ] GC(139) Pause Young (Concurrent Start) (G1 Humongous Allocation) 344M->333M(1472M) 15.992ms
[2026-04-03T01:48:48.146+0600][46.435s][info][gc             ] GC(140) Concurrent Mark Cycle
[2026-04-03T01:48:48.146+0600][46.435s][info][gc,marking     ] GC(140) Concurrent Scan Root Regions
[2026-04-03T01:48:48.146+0600][46.435s][info][gc,cpu         ] GC(139) User=0.13s Sys=0.02s Real=0.01s
[2026-04-03T01:48:48.153+0600][46.442s][info][gc,marking     ] GC(140) Concurrent Scan Root Regions 7.173ms
[2026-04-03T01:48:48.153+0600][46.442s][info][gc,marking     ] GC(140) Concurrent Mark
[2026-04-03T01:48:48.154+0600][46.443s][info][gc,marking     ] GC(140) Concurrent Mark From Roots
[2026-04-03T01:48:48.154+0600][46.443s][info][gc,task        ] GC(140) Using 3 workers of 3 for marking
[2026-04-03T01:48:48.507+0600][46.796s][info][gc,marking     ] GC(140) Concurrent Mark From Roots 353.547ms
[2026-04-03T01:48:48.507+0600][46.796s][info][gc,marking     ] GC(140) Concurrent Preclean
[2026-04-03T01:48:48.508+0600][46.797s][info][gc,marking     ] GC(140) Concurrent Preclean 0.671ms
[2026-04-03T01:48:48.508+0600][46.797s][info][gc,start       ] GC(140) Pause Remark
[2026-04-03T01:48:48.513+0600][46.802s][info][gc             ] GC(140) Pause Remark 517M->489M(1088M) 5.153ms
[2026-04-03T01:48:48.514+0600][46.803s][info][gc,cpu         ] GC(140) User=0.03s Sys=0.00s Real=0.01s
[2026-04-03T01:48:48.514+0600][46.803s][info][gc,marking     ] GC(140) Concurrent Mark 360.250ms
[2026-04-03T01:48:48.514+0600][46.803s][info][gc,marking     ] GC(140) Concurrent Rebuild Remembered Sets and Scrub Regions
[2026-04-03T01:48:48.757+0600][47.046s][info][gc,marking     ] GC(140) Concurrent Rebuild Remembered Sets and Scrub Regions 243.563ms
[2026-04-03T01:48:48.758+0600][47.047s][info][gc,start       ] GC(140) Pause Cleanup
[2026-04-03T01:48:48.758+0600][47.047s][info][gc             ] GC(140) Pause Cleanup 637M->637M(1088M) 0.447ms
[2026-04-03T01:48:48.758+0600][47.047s][info][gc,cpu         ] GC(140) User=0.00s Sys=0.00s Real=0.00s
[2026-04-03T01:48:48.758+0600][47.047s][info][gc,marking     ] GC(140) Concurrent Clear Claimed Marks
[2026-04-03T01:48:48.759+0600][47.048s][info][gc,marking     ] GC(140) Concurrent Clear Claimed Marks 0.289ms
[2026-04-03T01:48:48.759+0600][47.048s][info][gc,marking     ] GC(140) Concurrent Cleanup for Next Mark
[2026-04-03T01:48:48.763+0600][47.052s][info][gc,marking     ] GC(140) Concurrent Cleanup for Next Mark 4.286ms
[2026-04-03T01:48:48.763+0600][47.052s][info][gc             ] GC(140) Concurrent Mark Cycle 617.058ms
[2026-04-03T01:48:49.229+0600][47.518s][info][gc,start       ] GC(141) Pause Young (Prepare Mixed) (G1 Evacuation Pause)
[2026-04-03T01:48:49.229+0600][47.518s][info][gc,task        ] GC(141) Using 10 workers of 10 for evacuation
[2026-04-03T01:48:49.293+0600][47.582s][info][gc,phases      ] GC(141)   Pre Evacuate Collection Set: 0.51ms
[2026-04-03T01:48:49.294+0600][47.583s][info][gc,phases      ] GC(141)   Merge Heap Roots: 2.18ms
[2026-04-03T01:48:49.294+0600][47.583s][info][gc,phases      ] GC(141)   Evacuate Collection Set: 59.51ms
[2026-04-03T01:48:49.294+0600][47.583s][info][gc,phases      ] GC(141)   Post Evacuate Collection Set: 1.49ms
[2026-04-03T01:48:49.294+0600][47.583s][info][gc,phases      ] GC(141)   Other: 0.14ms
[2026-04-03T01:48:49.294+0600][47.583s][info][gc,heap        ] GC(141) Eden regions: 318->0(286)
[2026-04-03T01:48:49.294+0600][47.583s][info][gc,heap        ] GC(141) Survivor regions: 8->26(41)
[2026-04-03T01:48:49.294+0600][47.583s][info][gc,heap        ] GC(141) Old regions: 130->130
[2026-04-03T01:48:49.294+0600][47.583s][info][gc,heap        ] GC(141) Humongous regions: 25->25
[2026-04-03T01:48:49.294+0600][47.583s][info][gc,metaspace   ] GC(141) Metaspace: 72872K(73856K)->72872K(73856K) NonClass: 63534K(64064K)->63534K(64064K) Class: 9337K(9792K)->9337K(9792K)
[2026-04-03T01:48:49.294+0600][47.583s][info][gc             ] GC(141) Pause Young (Prepare Mixed) (G1 Evacuation Pause) 953M->355M(1088M) 64.419ms
[2026-04-03T01:48:49.294+0600][47.583s][info][gc,cpu         ] GC(141) User=0.62s Sys=0.00s Real=0.07s
[2026-04-03T01:48:51.098+0600][49.387s][info][gc,start       ] GC(142) Pause Young (Mixed) (G1 Evacuation Pause)
[2026-04-03T01:48:51.098+0600][49.387s][info][gc,task        ] GC(142) Using 10 workers of 10 for evacuation
[2026-04-03T01:48:51.226+0600][49.515s][info][gc,phases      ] GC(142)   Pre Evacuate Collection Set: 0.51ms
[2026-04-03T01:48:51.227+0600][49.516s][info][gc,phases      ] GC(142)   Merge Heap Roots: 2.48ms
[2026-04-03T01:48:51.227+0600][49.516s][info][gc,phases      ] GC(142)   Evacuate Collection Set: 123.39ms
[2026-04-03T01:48:51.227+0600][49.516s][info][gc,phases      ] GC(142)   Post Evacuate Collection Set: 1.47ms
[2026-04-03T01:48:51.227+0600][49.516s][info][gc,phases      ] GC(142)   Other: 0.13ms
[2026-04-03T01:48:51.227+0600][49.516s][info][gc,heap        ] GC(142) Eden regions: 224->0(266)
[2026-04-03T01:48:51.227+0600][49.516s][info][gc,heap        ] GC(142) Survivor regions: 26->15(32)
[2026-04-03T01:48:51.227+0600][49.516s][info][gc,heap        ] GC(142) Old regions: 130->151
[2026-04-03T01:48:51.227+0600][49.516s][info][gc,heap        ] GC(142) Humongous regions: 52->46
[2026-04-03T01:48:51.227+0600][49.516s][info][gc,metaspace   ] GC(142) Metaspace: 72915K(73856K)->72915K(73856K) NonClass: 63576K(64064K)->63576K(64064K) Class: 9338K(9792K)->9338K(9792K)
[2026-04-03T01:48:51.227+0600][49.516s][info][gc             ] GC(142) Pause Young (Mixed) (G1 Evacuation Pause) 857M->417M(1088M) 128.351ms
[2026-04-03T01:48:51.227+0600][49.516s][info][gc,cpu         ] GC(142) User=1.25s Sys=0.00s Real=0.13s
[2026-04-03T01:48:51.272+0600][49.561s][info][gc,start       ] GC(143) Pause Young (Concurrent Start) (G1 Humongous Allocation)
[2026-04-03T01:48:51.272+0600][49.561s][info][gc,task        ] GC(143) Using 10 workers of 10 for evacuation
[2026-04-03T01:48:51.324+0600][49.613s][info][gc,phases      ] GC(143)   Pre Evacuate Collection Set: 0.45ms
[2026-04-03T01:48:51.324+0600][49.613s][info][gc,phases      ] GC(143)   Merge Heap Roots: 0.61ms
[2026-04-03T01:48:51.324+0600][49.613s][info][gc,phases      ] GC(143)   Evacuate Collection Set: 49.57ms
[2026-04-03T01:48:51.324+0600][49.613s][info][gc,phases      ] GC(143)   Post Evacuate Collection Set: 1.03ms
[2026-04-03T01:48:51.324+0600][49.613s][info][gc,phases      ] GC(143)   Other: 0.37ms
[2026-04-03T01:48:51.324+0600][49.613s][info][gc,heap        ] GC(143) Eden regions: 17->0(272)
[2026-04-03T01:48:51.324+0600][49.613s][info][gc,heap        ] GC(143) Survivor regions: 15->18(36)
[2026-04-03T01:48:51.324+0600][49.613s][info][gc,heap        ] GC(143) Old regions: 151->151
[2026-04-03T01:48:51.324+0600][49.613s][info][gc,heap        ] GC(143) Humongous regions: 46->46
[2026-04-03T01:48:51.324+0600][49.613s][info][gc,metaspace   ] GC(143) Metaspace: 72915K(73856K)->72915K(73856K) NonClass: 63576K(64064K)->63576K(64064K) Class: 9338K(9792K)->9338K(9792K)
[2026-04-03T01:48:51.324+0600][49.613s][info][gc             ] GC(143) Pause Young (Concurrent Start) (G1 Humongous Allocation) 451M->423M(1088M) 52.417ms
[2026-04-03T01:48:51.324+0600][49.613s][info][gc,cpu         ] GC(143) User=0.49s Sys=0.00s Real=0.05s
[2026-04-03T01:48:51.324+0600][49.613s][info][gc             ] GC(144) Concurrent Mark Cycle
[2026-04-03T01:48:51.324+0600][49.613s][info][gc,marking     ] GC(144) Concurrent Scan Root Regions
[2026-04-03T01:48:51.336+0600][49.625s][info][gc,marking     ] GC(144) Concurrent Scan Root Regions 12.295ms
[2026-04-03T01:48:51.337+0600][49.626s][info][gc,marking     ] GC(144) Concurrent Mark
[2026-04-03T01:48:51.337+0600][49.626s][info][gc,marking     ] GC(144) Concurrent Mark From Roots
[2026-04-03T01:48:51.337+0600][49.626s][info][gc,task        ] GC(144) Using 3 workers of 3 for marking
[2026-04-03T01:48:51.496+0600][49.785s][info][gc,marking     ] GC(144) Concurrent Mark From Roots 159.849ms
[2026-04-03T01:48:51.497+0600][49.786s][info][gc,marking     ] GC(144) Concurrent Preclean
[2026-04-03T01:48:51.497+0600][49.786s][info][gc,marking     ] GC(144) Concurrent Preclean 0.511ms
[2026-04-03T01:48:51.498+0600][49.787s][info][gc,start       ] GC(144) Pause Remark
[2026-04-03T01:48:51.503+0600][49.792s][info][gc             ] GC(144) Pause Remark 480M->272M(800M) 5.696ms
[2026-04-03T01:48:51.504+0600][49.793s][info][gc,cpu         ] GC(144) User=0.04s Sys=0.00s Real=0.01s
[2026-04-03T01:48:51.504+0600][49.793s][info][gc,marking     ] GC(144) Concurrent Mark 167.209ms
[2026-04-03T01:48:51.504+0600][49.793s][info][gc,marking     ] GC(144) Concurrent Rebuild Remembered Sets and Scrub Regions
[2026-04-03T01:48:51.680+0600][49.969s][info][gc,marking     ] GC(144) Concurrent Rebuild Remembered Sets and Scrub Regions 175.978ms
[2026-04-03T01:48:51.688+0600][49.977s][info][gc,start       ] GC(144) Pause Cleanup
[2026-04-03T01:48:51.689+0600][49.978s][info][gc             ] GC(144) Pause Cleanup 329M->329M(800M) 0.497ms
[2026-04-03T01:48:51.689+0600][49.978s][info][gc,cpu         ] GC(144) User=0.01s Sys=0.00s Real=0.00s
[2026-04-03T01:48:51.689+0600][49.978s][info][gc,marking     ] GC(144) Concurrent Clear Claimed Marks
[2026-04-03T01:48:51.689+0600][49.978s][info][gc,marking     ] GC(144) Concurrent Clear Claimed Marks 0.306ms
[2026-04-03T01:48:51.689+0600][49.978s][info][gc,marking     ] GC(144) Concurrent Cleanup for Next Mark
[2026-04-03T01:48:51.691+0600][49.980s][info][gc,marking     ] GC(144) Concurrent Cleanup for Next Mark 1.429ms
[2026-04-03T01:48:51.691+0600][49.980s][info][gc             ] GC(144) Concurrent Mark Cycle 366.538ms
[2026-04-03T01:48:52.162+0600][50.451s][info][gc,start       ] GC(145) Pause Young (Prepare Mixed) (G1 Evacuation Pause)
[2026-04-03T01:48:52.162+0600][50.451s][info][gc,task        ] GC(145) Using 10 workers of 10 for evacuation
[2026-04-03T01:48:52.287+0600][50.576s][info][gc,phases      ] GC(145)   Pre Evacuate Collection Set: 0.46ms
[2026-04-03T01:48:52.287+0600][50.576s][info][gc,phases      ] GC(145)   Merge Heap Roots: 2.53ms
[2026-04-03T01:48:52.287+0600][50.576s][info][gc,phases      ] GC(145)   Evacuate Collection Set: 120.45ms
[2026-04-03T01:48:52.287+0600][50.576s][info][gc,phases      ] GC(145)   Post Evacuate Collection Set: 1.18ms
[2026-04-03T01:48:52.287+0600][50.576s][info][gc,phases      ] GC(145)   Other: 0.13ms
[2026-04-03T01:48:52.287+0600][50.576s][info][gc,heap        ] GC(145) Eden regions: 222->0(173)
[2026-04-03T01:48:52.287+0600][50.576s][info][gc,heap        ] GC(145) Survivor regions: 18->30(30)
[2026-04-03T01:48:52.287+0600][50.576s][info][gc,heap        ] GC(145) Old regions: 90->120
[2026-04-03T01:48:52.287+0600][50.576s][info][gc,heap        ] GC(145) Humongous regions: 40->40
[2026-04-03T01:48:52.287+0600][50.576s][info][gc,metaspace   ] GC(145) Metaspace: 72920K(73856K)->72920K(73856K) NonClass: 63581K(64064K)->63581K(64064K) Class: 9338K(9792K)->9338K(9792K)
[2026-04-03T01:48:52.287+0600][50.576s][info][gc             ] GC(145) Pause Young (Prepare Mixed) (G1 Evacuation Pause) 733M->374M(860M) 125.107ms
[2026-04-03T01:48:52.287+0600][50.576s][info][gc,cpu         ] GC(145) User=1.08s Sys=0.12s Real=0.12s
[2026-04-03T01:48:52.684+0600][50.973s][info][gc,start       ] GC(146) Pause Young (Mixed) (G1 Evacuation Pause)
[2026-04-03T01:48:52.684+0600][50.973s][info][gc,task        ] GC(146) Using 10 workers of 10 for evacuation
[2026-04-03T01:48:52.808+0600][51.097s][info][gc,phases      ] GC(146)   Pre Evacuate Collection Set: 0.55ms
[2026-04-03T01:48:52.808+0600][51.097s][info][gc,phases      ] GC(146)   Merge Heap Roots: 1.46ms
[2026-04-03T01:48:52.808+0600][51.097s][info][gc,phases      ] GC(146)   Evacuate Collection Set: 118.81ms
[2026-04-03T01:48:52.808+0600][51.097s][info][gc,phases      ] GC(146)   Post Evacuate Collection Set: 2.96ms
[2026-04-03T01:48:52.808+0600][51.097s][info][gc,phases      ] GC(146)   Other: 0.16ms
[2026-04-03T01:48:52.808+0600][51.097s][info][gc,heap        ] GC(146) Eden regions: 173->0(390)
[2026-04-03T01:48:52.808+0600][51.097s][info][gc,heap        ] GC(146) Survivor regions: 30->20(26)
[2026-04-03T01:48:52.808+0600][51.097s][info][gc,heap        ] GC(146) Old regions: 120->150
[2026-04-03T01:48:52.808+0600][51.097s][info][gc,heap        ] GC(146) Humongous regions: 57->57
[2026-04-03T01:48:52.808+0600][51.097s][info][gc,metaspace   ] GC(146) Metaspace: 72920K(73856K)->72920K(73856K) NonClass: 63581K(64064K)->63581K(64064K) Class: 9338K(9792K)->9338K(9792K)
[2026-04-03T01:48:52.808+0600][51.097s][info][gc             ] GC(146) Pause Young (Mixed) (G1 Evacuation Pause) 754M->447M(1516M) 124.335ms
[2026-04-03T01:48:52.808+0600][51.097s][info][gc,cpu         ] GC(146) User=1.12s Sys=0.00s Real=0.12s
[2026-04-03T01:48:54.260+0600][52.549s][info][gc,start       ] GC(147) Pause Young (Normal) (G1 Evacuation Pause)
[2026-04-03T01:48:54.261+0600][52.550s][info][gc,task        ] GC(147) Using 10 workers of 10 for evacuation
[2026-04-03T01:48:54.441+0600][52.730s][info][gc,phases      ] GC(147)   Pre Evacuate Collection Set: 0.59ms
[2026-04-03T01:48:54.442+0600][52.731s][info][gc,phases      ] GC(147)   Merge Heap Roots: 7.58ms
[2026-04-03T01:48:54.442+0600][52.731s][info][gc,phases      ] GC(147)   Evacuate Collection Set: 170.47ms
[2026-04-03T01:48:54.442+0600][52.731s][info][gc,phases      ] GC(147)   Post Evacuate Collection Set: 1.90ms
[2026-04-03T01:48:54.442+0600][52.731s][info][gc,phases      ] GC(147)   Other: 0.25ms
[2026-04-03T01:48:54.442+0600][52.731s][info][gc,heap        ] GC(147) Eden regions: 390->0(217)
[2026-04-03T01:48:54.442+0600][52.731s][info][gc,heap        ] GC(147) Survivor regions: 20->42(52)
[2026-04-03T01:48:54.442+0600][52.731s][info][gc,heap        ] GC(147) Old regions: 150->150
[2026-04-03T01:48:54.442+0600][52.731s][info][gc,heap        ] GC(147) Humongous regions: 72->72
[2026-04-03T01:48:54.442+0600][52.731s][info][gc,metaspace   ] GC(147) Metaspace: 72924K(73856K)->72924K(73856K) NonClass: 63585K(64064K)->63585K(64064K) Class: 9338K(9792K)->9338K(9792K)
[2026-04-03T01:48:54.442+0600][52.731s][info][gc             ] GC(147) Pause Young (Normal) (G1 Evacuation Pause) 1257M->522M(1516M) 181.284ms
[2026-04-03T01:48:54.442+0600][52.731s][info][gc,cpu         ] GC(147) User=1.28s Sys=0.00s Real=0.18s
[2026-04-03T01:48:56.074+0600][54.363s][info][gc,start       ] GC(148) Pause Young (Normal) (G1 Evacuation Pause)
[2026-04-03T01:48:56.074+0600][54.363s][info][gc,task        ] GC(148) Using 10 workers of 10 for evacuation
[2026-04-03T01:48:56.288+0600][54.577s][info][gc,mmu         ] GC(148) MMU target violated: 201.0ms (200.0ms/201.0ms)
[2026-04-03T01:48:56.288+0600][54.577s][info][gc,phases      ] GC(148)   Pre Evacuate Collection Set: 0.39ms
[2026-04-03T01:48:56.288+0600][54.577s][info][gc,phases      ] GC(148)   Merge Heap Roots: 3.38ms
[2026-04-03T01:48:56.288+0600][54.577s][info][gc,phases      ] GC(148)   Evacuate Collection Set: 207.49ms
[2026-04-03T01:48:56.288+0600][54.577s][info][gc,phases      ] GC(148)   Post Evacuate Collection Set: 1.82ms
[2026-04-03T01:48:56.288+0600][54.577s][info][gc,phases      ] GC(148)   Other: 0.24ms
[2026-04-03T01:48:56.288+0600][54.577s][info][gc,heap        ] GC(148) Eden regions: 173->0(195)
[2026-04-03T01:48:56.288+0600][54.577s][info][gc,heap        ] GC(148) Survivor regions: 42->25(27)
[2026-04-03T01:48:56.288+0600][54.577s][info][gc,heap        ] GC(148) Old regions: 150->191
[2026-04-03T01:48:56.288+0600][54.577s][info][gc,heap        ] GC(148) Humongous regions: 111->99
[2026-04-03T01:48:56.288+0600][54.577s][info][gc,metaspace   ] GC(148) Metaspace: 72987K(73984K)->72987K(73984K) NonClass: 63648K(64192K)->63648K(64192K) Class: 9338K(9792K)->9338K(9792K)
[2026-04-03T01:48:56.288+0600][54.577s][info][gc             ] GC(148) Pause Young (Normal) (G1 Evacuation Pause) 946M->623M(1516M) 213.581ms
[2026-04-03T01:48:56.288+0600][54.577s][info][gc,cpu         ] GC(148) User=1.94s Sys=0.01s Real=0.21s
[2026-04-03T01:48:57.225+0600][55.514s][info][gc,start       ] GC(149) Pause Young (Concurrent Start) (G1 Humongous Allocation)
[2026-04-03T01:48:57.225+0600][55.514s][info][gc,task        ] GC(149) Using 10 workers of 10 for evacuation
[2026-04-03T01:48:57.357+0600][55.646s][info][gc,phases      ] GC(149)   Pre Evacuate Collection Set: 0.52ms
[2026-04-03T01:48:57.357+0600][55.646s][info][gc,phases      ] GC(149)   Merge Heap Roots: 1.41ms
[2026-04-03T01:48:57.357+0600][55.646s][info][gc,phases      ] GC(149)   Evacuate Collection Set: 128.51ms
[2026-04-03T01:48:57.357+0600][55.646s][info][gc,phases      ] GC(149)   Post Evacuate Collection Set: 1.35ms
[2026-04-03T01:48:57.357+0600][55.646s][info][gc,phases      ] GC(149)   Other: 0.29ms
[2026-04-03T01:48:57.357+0600][55.646s][info][gc,heap        ] GC(149) Eden regions: 148->0(95)
[2026-04-03T01:48:57.357+0600][55.646s][info][gc,heap        ] GC(149) Survivor regions: 25->29(40)
[2026-04-03T01:48:57.357+0600][55.646s][info][gc,heap        ] GC(149) Old regions: 191->216
[2026-04-03T01:48:57.357+0600][55.646s][info][gc,heap        ] GC(149) Humongous regions: 129->123
[2026-04-03T01:48:57.357+0600][55.646s][info][gc,metaspace   ] GC(149) Metaspace: 73018K(73984K)->73018K(73984K) NonClass: 63679K(64192K)->63679K(64192K) Class: 9339K(9792K)->9339K(9792K)
[2026-04-03T01:48:57.357+0600][55.646s][info][gc             ] GC(149) Pause Young (Concurrent Start) (G1 Humongous Allocation) 979M->729M(1516M) 132.449ms
[2026-04-03T01:48:57.357+0600][55.646s][info][gc,cpu         ] GC(149) User=1.26s Sys=0.00s Real=0.13s
[2026-04-03T01:48:57.357+0600][55.646s][info][gc             ] GC(150) Concurrent Mark Cycle
[2026-04-03T01:48:57.357+0600][55.646s][info][gc,marking     ] GC(150) Concurrent Scan Root Regions
[2026-04-03T01:48:57.392+0600][55.681s][info][gc,marking     ] GC(150) Concurrent Scan Root Regions 34.847ms
[2026-04-03T01:48:57.392+0600][55.681s][info][gc,marking     ] GC(150) Concurrent Mark
[2026-04-03T01:48:57.392+0600][55.681s][info][gc,marking     ] GC(150) Concurrent Mark From Roots
[2026-04-03T01:48:57.392+0600][55.681s][info][gc,task        ] GC(150) Using 3 workers of 3 for marking
[2026-04-03T01:48:57.573+0600][55.862s][info][gc,marking     ] GC(150) Concurrent Mark From Roots 180.794ms
[2026-04-03T01:48:57.573+0600][55.862s][info][gc,marking     ] GC(150) Concurrent Preclean
[2026-04-03T01:48:57.574+0600][55.863s][info][gc,marking     ] GC(150) Concurrent Preclean 0.445ms
[2026-04-03T01:48:57.574+0600][55.863s][info][gc,start       ] GC(150) Pause Remark
[2026-04-03T01:48:57.582+0600][55.871s][info][gc             ] GC(150) Pause Remark 792M->394M(1188M) 7.582ms
[2026-04-03T01:48:57.582+0600][55.871s][info][gc,cpu         ] GC(150) User=0.04s Sys=0.00s Real=0.01s
[2026-04-03T01:48:57.582+0600][55.871s][info][gc,marking     ] GC(150) Concurrent Mark 189.733ms
[2026-04-03T01:48:57.582+0600][55.871s][info][gc,marking     ] GC(150) Concurrent Rebuild Remembered Sets and Scrub Regions
[2026-04-03T01:48:57.717+0600][56.006s][info][gc,marking     ] GC(150) Concurrent Rebuild Remembered Sets and Scrub Regions 134.813ms
[2026-04-03T01:48:57.727+0600][56.016s][info][gc,start       ] GC(150) Pause Cleanup
[2026-04-03T01:48:57.728+0600][56.017s][info][gc             ] GC(150) Pause Cleanup 435M->435M(1188M) 0.403ms
[2026-04-03T01:48:57.728+0600][56.017s][info][gc,cpu         ] GC(150) User=0.00s Sys=0.00s Real=0.00s
[2026-04-03T01:48:57.728+0600][56.017s][info][gc,marking     ] GC(150) Concurrent Clear Claimed Marks
[2026-04-03T01:48:57.728+0600][56.017s][info][gc,marking     ] GC(150) Concurrent Clear Claimed Marks 0.267ms
[2026-04-03T01:48:57.728+0600][56.017s][info][gc,marking     ] GC(150) Concurrent Cleanup for Next Mark
[2026-04-03T01:48:57.733+0600][56.022s][info][gc,marking     ] GC(150) Concurrent Cleanup for Next Mark 5.311ms
[2026-04-03T01:48:57.733+0600][56.022s][info][gc             ] GC(150) Concurrent Mark Cycle 376.293ms
[2026-04-03T01:48:58.149+0600][56.438s][info][gc,start       ] GC(151) Pause Young (Prepare Mixed) (G1 Evacuation Pause)
[2026-04-03T01:48:58.149+0600][56.438s][info][gc,task        ] GC(151) Using 10 workers of 10 for evacuation
[2026-04-03T01:48:58.197+0600][56.486s][info][gc,phases      ] GC(151)   Pre Evacuate Collection Set: 0.28ms
[2026-04-03T01:48:58.197+0600][56.486s][info][gc,phases      ] GC(151)   Merge Heap Roots: 1.05ms
[2026-04-03T01:48:58.197+0600][56.486s][info][gc,phases      ] GC(151)   Evacuate Collection Set: 45.26ms
[2026-04-03T01:48:58.197+0600][56.486s][info][gc,phases      ] GC(151)   Post Evacuate Collection Set: 1.19ms
[2026-04-03T01:48:58.197+0600][56.486s][info][gc,phases      ] GC(151)   Other: 0.11ms
[2026-04-03T01:48:58.197+0600][56.486s][info][gc,heap        ] GC(151) Eden regions: 205->0(275)
[2026-04-03T01:48:58.197+0600][56.486s][info][gc,heap        ] GC(151) Survivor regions: 29->19(30)
[2026-04-03T01:48:58.197+0600][56.486s][info][gc,heap        ] GC(151) Old regions: 131->144
[2026-04-03T01:48:58.197+0600][56.486s][info][gc,heap        ] GC(151) Humongous regions: 27->21
[2026-04-03T01:48:58.197+0600][56.486s][info][gc,metaspace   ] GC(151) Metaspace: 73050K(74048K)->73050K(74048K) NonClass: 63710K(64256K)->63710K(64256K) Class: 9339K(9792K)->9339K(9792K)
[2026-04-03T01:48:58.197+0600][56.486s][info][gc             ] GC(151) Pause Young (Prepare Mixed) (G1 Evacuation Pause) 777M->360M(1188M) 48.247ms
[2026-04-03T01:48:58.197+0600][56.486s][info][gc,cpu         ] GC(151) User=0.47s Sys=0.00s Real=0.05s
[2026-04-03T01:48:59.615+0600][57.904s][info][gc,start       ] GC(152) Pause Young (Mixed) (G1 Evacuation Pause)
[2026-04-03T01:48:59.615+0600][57.904s][info][gc,task        ] GC(152) Using 10 workers of 10 for evacuation
[2026-04-03T01:48:59.813+0600][58.102s][info][gc,phases      ] GC(152)   Pre Evacuate Collection Set: 0.31ms
[2026-04-03T01:48:59.813+0600][58.102s][info][gc,phases      ] GC(152)   Merge Heap Roots: 0.51ms
[2026-04-03T01:48:59.813+0600][58.102s][info][gc,phases      ] GC(152)   Evacuate Collection Set: 193.68ms
[2026-04-03T01:48:59.813+0600][58.102s][info][gc,phases      ] GC(152)   Post Evacuate Collection Set: 2.72ms
[2026-04-03T01:48:59.813+0600][58.102s][info][gc,phases      ] GC(152)   Other: 0.15ms
[2026-04-03T01:48:59.813+0600][58.102s][info][gc,heap        ] GC(152) Eden regions: 288->0(75)
[2026-04-03T01:48:59.813+0600][58.102s][info][gc,heap        ] GC(152) Survivor regions: 19->41(41)
[2026-04-03T01:48:59.813+0600][58.102s][info][gc,heap        ] GC(152) Old regions: 144->160
[2026-04-03T01:48:59.813+0600][58.102s][info][gc,heap        ] GC(152) Humongous regions: 143->73
[2026-04-03T01:48:59.813+0600][58.102s][info][gc,metaspace   ] GC(152) Metaspace: 73144K(74112K)->73144K(74112K) NonClass: 63804K(64320K)->63804K(64320K) Class: 9339K(9792K)->9339K(9792K)
[2026-04-03T01:48:59.813+0600][58.102s][info][gc             ] GC(152) Pause Young (Mixed) (G1 Evacuation Pause) 1180M->540M(1828M) 197.742ms
[2026-04-03T01:48:59.813+0600][58.102s][info][gc,cpu         ] GC(152) User=1.63s Sys=0.18s Real=0.20s
[2026-04-03T01:49:00.339+0600][58.628s][info][gc,start       ] GC(153) Pause Young (Mixed) (G1 Evacuation Pause)
[2026-04-03T01:49:00.339+0600][58.628s][info][gc,task        ] GC(153) Using 10 workers of 10 for evacuation
[2026-04-03T01:49:00.444+0600][58.733s][info][gc,phases      ] GC(153)   Pre Evacuate Collection Set: 0.56ms
[2026-04-03T01:49:00.445+0600][58.734s][info][gc,phases      ] GC(153)   Merge Heap Roots: 0.93ms
[2026-04-03T01:49:00.445+0600][58.734s][info][gc,phases      ] GC(153)   Evacuate Collection Set: 102.74ms
[2026-04-03T01:49:00.445+0600][58.734s][info][gc,phases      ] GC(153)   Post Evacuate Collection Set: 0.90ms
[2026-04-03T01:49:00.445+0600][58.734s][info][gc,phases      ] GC(153)   Other: 0.18ms
[2026-04-03T01:49:00.445+0600][58.734s][info][gc,heap        ] GC(153) Eden regions: 193->0(337)
[2026-04-03T01:49:00.445+0600][58.734s][info][gc,heap        ] GC(153) Survivor regions: 41->13(30)
[2026-04-03T01:49:00.445+0600][58.734s][info][gc,heap        ] GC(153) Old regions: 160->202
[2026-04-03T01:49:00.445+0600][58.734s][info][gc,heap        ] GC(153) Humongous regions: 79->75
[2026-04-03T01:49:00.445+0600][58.734s][info][gc,metaspace   ] GC(153) Metaspace: 73147K(74112K)->73147K(74112K) NonClass: 63807K(64320K)->63807K(64320K) Class: 9339K(9792K)->9339K(9792K)
[2026-04-03T01:49:00.445+0600][58.734s][info][gc             ] GC(153) Pause Young (Mixed) (G1 Evacuation Pause) 938M->572M(1828M) 105.668ms
[2026-04-03T01:49:00.445+0600][58.734s][info][gc,cpu         ] GC(153) User=1.03s Sys=0.03s Real=0.11s
[2026-04-03T01:49:00.557+0600][58.846s][info][gc,start       ] GC(154) Pause Full (System.gc())
[2026-04-03T01:49:00.557+0600][58.846s][info][gc,task        ] GC(154) Using 10 workers of 10 for full compaction
[2026-04-03T01:49:00.557+0600][58.846s][info][gc,phases,start] GC(154) Phase 1: Mark live objects
[2026-04-03T01:49:00.621+0600][58.910s][info][gc,phases      ] GC(154) Phase 1: Mark live objects 63.545ms
[2026-04-03T01:49:00.621+0600][58.910s][info][gc,phases,start] GC(154) Phase 2: Prepare compaction
[2026-04-03T01:49:00.624+0600][58.913s][info][gc,phases      ] GC(154) Phase 2: Prepare compaction 2.696ms
[2026-04-03T01:49:00.624+0600][58.913s][info][gc,phases,start] GC(154) Phase 3: Adjust pointers
[2026-04-03T01:49:00.646+0600][58.935s][info][gc,phases      ] GC(154) Phase 3: Adjust pointers 22.297ms
[2026-04-03T01:49:00.646+0600][58.935s][info][gc,phases,start] GC(154) Phase 4: Compact heap
[2026-04-03T01:49:00.649+0600][58.938s][info][gc,phases      ] GC(154) Phase 4: Compact heap 2.558ms
[2026-04-03T01:49:00.649+0600][58.938s][info][gc,phases,start] GC(154) Phase 5: Reset Metadata
[2026-04-03T01:49:00.660+0600][58.949s][info][gc,phases      ] GC(154) Phase 5: Reset Metadata 11.508ms
[2026-04-03T01:49:00.677+0600][58.966s][info][gc,heap        ] GC(154) Eden regions: 98->0(143)
[2026-04-03T01:49:00.677+0600][58.966s][info][gc,heap        ] GC(154) Survivor regions: 13->0(30)
[2026-04-03T01:49:00.677+0600][58.966s][info][gc,heap        ] GC(154) Old regions: 202->77
[2026-04-03T01:49:00.677+0600][58.966s][info][gc,heap        ] GC(154) Humongous regions: 77->3
[2026-04-03T01:49:00.677+0600][58.966s][info][gc,metaspace   ] GC(154) Metaspace: 73147K(74112K)->73147K(74112K) NonClass: 63807K(64320K)->63807K(64320K) Class: 9339K(9792K)->9339K(9792K)
[2026-04-03T01:49:00.678+0600][58.967s][info][gc             ] GC(154) Pause Full (System.gc()) 772M->149M(534M) 120.627ms
[2026-04-03T01:49:00.678+0600][58.967s][info][gc,cpu         ] GC(154) User=0.81s Sys=0.08s Real=0.12s
[2026-04-03T01:49:00.744+0600][59.033s][info][gc,start       ] GC(155) Pause Young (Concurrent Start) (G1 Humongous Allocation)
[2026-04-03T01:49:00.744+0600][59.033s][info][gc,task        ] GC(155) Using 10 workers of 10 for evacuation
[2026-04-03T01:49:00.746+0600][59.035s][info][gc,phases      ] GC(155)   Pre Evacuate Collection Set: 0.36ms
[2026-04-03T01:49:00.746+0600][59.035s][info][gc,phases      ] GC(155)   Merge Heap Roots: 0.15ms
[2026-04-03T01:49:00.746+0600][59.035s][info][gc,phases      ] GC(155)   Evacuate Collection Set: 1.17ms
[2026-04-03T01:49:00.746+0600][59.035s][info][gc,phases      ] GC(155)   Post Evacuate Collection Set: 0.44ms
[2026-04-03T01:49:00.746+0600][59.035s][info][gc,phases      ] GC(155)   Other: 0.16ms
[2026-04-03T01:49:00.746+0600][59.035s][info][gc,heap        ] GC(155) Eden regions: 12->0(148)
[2026-04-03T01:49:00.746+0600][59.035s][info][gc,heap        ] GC(155) Survivor regions: 0->3(18)
[2026-04-03T01:49:00.746+0600][59.035s][info][gc,heap        ] GC(155) Old regions: 77->77
[2026-04-03T01:49:00.746+0600][59.035s][info][gc,heap        ] GC(155) Humongous regions: 3->3
[2026-04-03T01:49:00.746+0600][59.035s][info][gc,metaspace   ] GC(155) Metaspace: 73195K(74176K)->73195K(74176K) NonClass: 63855K(64384K)->63855K(64384K) Class: 9339K(9792K)->9339K(9792K)
[2026-04-03T01:49:00.746+0600][59.035s][info][gc             ] GC(155) Pause Young (Concurrent Start) (G1 Humongous Allocation) 173M->154M(534M) 2.568ms
[2026-04-03T01:49:00.746+0600][59.035s][info][gc             ] GC(156) Concurrent Mark Cycle
[2026-04-03T01:49:00.747+0600][59.036s][info][gc,cpu         ] GC(155) User=0.01s Sys=0.00s Real=0.00s
[2026-04-03T01:49:00.747+0600][59.036s][info][gc,marking     ] GC(156) Concurrent Scan Root Regions
[2026-04-03T01:49:00.748+0600][59.037s][info][gc,marking     ] GC(156) Concurrent Scan Root Regions 1.290ms
[2026-04-03T01:49:00.748+0600][59.037s][info][gc,marking     ] GC(156) Concurrent Mark
[2026-04-03T01:49:00.748+0600][59.037s][info][gc,marking     ] GC(156) Concurrent Mark From Roots
[2026-04-03T01:49:00.748+0600][59.037s][info][gc,task        ] GC(156) Using 3 workers of 3 for marking
[2026-04-03T01:49:00.948+0600][59.237s][info][gc,marking     ] GC(156) Concurrent Mark From Roots 200.353ms
[2026-04-03T01:49:00.948+0600][59.237s][info][gc,marking     ] GC(156) Concurrent Preclean
[2026-04-03T01:49:00.949+0600][59.238s][info][gc,marking     ] GC(156) Concurrent Preclean 0.555ms
[2026-04-03T01:49:00.957+0600][59.246s][info][gc,start       ] GC(156) Pause Remark
[2026-04-03T01:49:00.962+0600][59.251s][info][gc             ] GC(156) Pause Remark 278M->278M(534M) 5.149ms
[2026-04-03T01:49:00.962+0600][59.251s][info][gc,cpu         ] GC(156) User=0.03s Sys=0.01s Real=0.01s
[2026-04-03T01:49:00.963+0600][59.252s][info][gc,marking     ] GC(156) Concurrent Mark 214.653ms
[2026-04-03T01:49:00.963+0600][59.252s][info][gc,marking     ] GC(156) Concurrent Rebuild Remembered Sets and Scrub Regions
[2026-04-03T01:49:01.041+0600][59.330s][info][gc,marking     ] GC(156) Concurrent Rebuild Remembered Sets and Scrub Regions 78.547ms
[2026-04-03T01:49:01.048+0600][59.337s][info][gc,start       ] GC(156) Pause Cleanup
[2026-04-03T01:49:01.049+0600][59.338s][info][gc             ] GC(156) Pause Cleanup 342M->342M(534M) 0.510ms
[2026-04-03T01:49:01.049+0600][59.338s][info][gc,cpu         ] GC(156) User=0.01s Sys=0.00s Real=0.00s
[2026-04-03T01:49:01.049+0600][59.338s][info][gc,marking     ] GC(156) Concurrent Clear Claimed Marks
[2026-04-03T01:49:01.049+0600][59.338s][info][gc,marking     ] GC(156) Concurrent Clear Claimed Marks 0.232ms
[2026-04-03T01:49:01.049+0600][59.338s][info][gc,marking     ] GC(156) Concurrent Cleanup for Next Mark
[2026-04-03T01:49:01.050+0600][59.339s][info][gc,marking     ] GC(156) Concurrent Cleanup for Next Mark 0.872ms
[2026-04-03T01:49:01.050+0600][59.339s][info][gc             ] GC(156) Concurrent Mark Cycle 303.688ms
[2026-04-03T01:49:01.177+0600][59.466s][info][gc,start       ] GC(157) Pause Young (Prepare Mixed) (G1 Evacuation Pause)
[2026-04-03T01:49:01.178+0600][59.467s][info][gc,task        ] GC(157) Using 10 workers of 10 for evacuation
[2026-04-03T01:49:01.241+0600][59.530s][info][gc,phases      ] GC(157)   Pre Evacuate Collection Set: 0.56ms
[2026-04-03T01:49:01.241+0600][59.530s][info][gc,phases      ] GC(157)   Merge Heap Roots: 0.71ms
[2026-04-03T01:49:01.241+0600][59.530s][info][gc,phases      ] GC(157)   Evacuate Collection Set: 61.69ms
[2026-04-03T01:49:01.241+0600][59.530s][info][gc,phases      ] GC(157)   Post Evacuate Collection Set: 0.67ms
[2026-04-03T01:49:01.241+0600][59.530s][info][gc,phases      ] GC(157)   Other: 0.11ms
[2026-04-03T01:49:01.241+0600][59.530s][info][gc,heap        ] GC(157) Eden regions: 148->0(105)
[2026-04-03T01:49:01.241+0600][59.530s][info][gc,heap        ] GC(157) Survivor regions: 3->19(19)
[2026-04-03T01:49:01.241+0600][59.530s][info][gc,heap        ] GC(157) Old regions: 77->100
[2026-04-03T01:49:01.241+0600][59.530s][info][gc,heap        ] GC(157) Humongous regions: 24->21
[2026-04-03T01:49:01.241+0600][59.530s][info][gc,metaspace   ] GC(157) Metaspace: 73212K(74176K)->73212K(74176K) NonClass: 63873K(64384K)->63873K(64384K) Class: 9339K(9792K)->9339K(9792K)
[2026-04-03T01:49:01.241+0600][59.530s][info][gc             ] GC(157) Pause Young (Prepare Mixed) (G1 Evacuation Pause) 492M->268M(588M) 64.077ms
[2026-04-03T01:49:01.242+0600][59.531s][info][gc,cpu         ] GC(157) User=0.48s Sys=0.06s Real=0.07s
[2026-04-03T01:49:01.501+0600][59.790s][info][gc,start       ] GC(158) Pause Young (Mixed) (G1 Evacuation Pause)
[2026-04-03T01:49:01.501+0600][59.790s][info][gc,task        ] GC(158) Using 10 workers of 10 for evacuation
[2026-04-03T01:49:01.571+0600][59.860s][info][gc,phases      ] GC(158)   Pre Evacuate Collection Set: 0.56ms
[2026-04-03T01:49:01.571+0600][59.860s][info][gc,phases      ] GC(158)   Merge Heap Roots: 0.67ms
[2026-04-03T01:49:01.571+0600][59.860s][info][gc,phases      ] GC(158)   Evacuate Collection Set: 66.52ms
[2026-04-03T01:49:01.571+0600][59.860s][info][gc,phases      ] GC(158)   Post Evacuate Collection Set: 1.28ms
[2026-04-03T01:49:01.571+0600][59.860s][info][gc,phases      ] GC(158)   Other: 0.13ms
[2026-04-03T01:49:01.571+0600][59.860s][info][gc,heap        ] GC(158) Eden regions: 105->0(94)
[2026-04-03T01:49:01.571+0600][59.860s][info][gc,heap        ] GC(158) Survivor regions: 19->13(16)
[2026-04-03T01:49:01.571+0600][59.860s][info][gc,heap        ] GC(158) Old regions: 100->119
[2026-04-03T01:49:01.571+0600][59.860s][info][gc,heap        ] GC(158) Humongous regions: 30->30
[2026-04-03T01:49:01.571+0600][59.860s][info][gc,metaspace   ] GC(158) Metaspace: 73212K(74176K)->73212K(74176K) NonClass: 63873K(64384K)->63873K(64384K) Class: 9339K(9792K)->9339K(9792K)
[2026-04-03T01:49:01.571+0600][59.860s][info][gc             ] GC(158) Pause Young (Mixed) (G1 Evacuation Pause) 496M->316M(588M) 69.646ms
[2026-04-03T01:49:01.571+0600][59.860s][info][gc,cpu         ] GC(158) User=0.63s Sys=0.01s Real=0.07s
[2026-04-03T01:49:01.707+0600][59.996s][info][gc,start       ] GC(159) Pause Young (Concurrent Start) (G1 Humongous Allocation)
[2026-04-03T01:49:01.707+0600][59.996s][info][gc,task        ] GC(159) Using 10 workers of 10 for evacuation
[2026-04-03T01:49:01.750+0600][60.039s][info][gc,phases      ] GC(159)   Pre Evacuate Collection Set: 0.77ms
[2026-04-03T01:49:01.750+0600][60.039s][info][gc,phases      ] GC(159)   Merge Heap Roots: 0.35ms
[2026-04-03T01:49:01.750+0600][60.039s][info][gc,phases      ] GC(159)   Evacuate Collection Set: 36.97ms
[2026-04-03T01:49:01.750+0600][60.039s][info][gc,phases      ] GC(159)   Post Evacuate Collection Set: 3.95ms
[2026-04-03T01:49:01.750+0600][60.039s][info][gc,phases      ] GC(159)   Other: 0.43ms
[2026-04-03T01:49:01.750+0600][60.039s][info][gc,heap        ] GC(159) Eden regions: 62->0(522)
[2026-04-03T01:49:01.750+0600][60.039s][info][gc,heap        ] GC(159) Survivor regions: 13->7(14)
[2026-04-03T01:49:01.750+0600][60.039s][info][gc,heap        ] GC(159) Old regions: 119->131
[2026-04-03T01:49:01.750+0600][60.039s][info][gc,heap        ] GC(159) Humongous regions: 30->30
[2026-04-03T01:49:01.750+0600][60.039s][info][gc,metaspace   ] GC(159) Metaspace: 73214K(74176K)->73214K(74176K) NonClass: 63874K(64384K)->63874K(64384K) Class: 9339K(9792K)->9339K(9792K)
[2026-04-03T01:49:01.750+0600][60.039s][info][gc             ] GC(159) Pause Young (Concurrent Start) (G1 Humongous Allocation) 440M->328M(1764M) 42.849ms
[2026-04-03T01:49:01.750+0600][60.039s][info][gc,cpu         ] GC(159) User=0.33s Sys=0.01s Real=0.05s
[2026-04-03T01:49:01.750+0600][60.039s][info][gc             ] GC(160) Concurrent Undo Cycle
[2026-04-03T01:49:01.750+0600][60.039s][info][gc,marking     ] GC(160) Concurrent Clear Claimed Marks
[2026-04-03T01:49:01.750+0600][60.039s][info][gc,marking     ] GC(160) Concurrent Clear Claimed Marks 0.191ms
[2026-04-03T01:49:01.750+0600][60.039s][info][gc,marking     ] GC(160) Concurrent Cleanup for Next Mark
[2026-04-03T01:49:01.751+0600][60.040s][info][gc,marking     ] GC(160) Concurrent Cleanup for Next Mark 0.570ms
[2026-04-03T01:49:01.751+0600][60.040s][info][gc             ] GC(160) Concurrent Undo Cycle 0.992ms
[2026-04-03T01:49:01.760+0600][60.049s][info][gc,start       ] GC(161) Pause Young (Concurrent Start) (G1 Humongous Allocation)
[2026-04-03T01:49:01.760+0600][60.049s][info][gc,task        ] GC(161) Using 10 workers of 10 for evacuation
[2026-04-03T01:49:01.778+0600][60.067s][info][gc,phases      ] GC(161)   Pre Evacuate Collection Set: 0.39ms
[2026-04-03T01:49:01.778+0600][60.067s][info][gc,phases      ] GC(161)   Merge Heap Roots: 0.35ms
[2026-04-03T01:49:01.778+0600][60.067s][info][gc,phases      ] GC(161)   Evacuate Collection Set: 15.93ms
[2026-04-03T01:49:01.778+0600][60.067s][info][gc,phases      ] GC(161)   Post Evacuate Collection Set: 1.05ms
[2026-04-03T01:49:01.778+0600][60.067s][info][gc,phases      ] GC(161)   Other: 0.44ms
[2026-04-03T01:49:01.779+0600][60.068s][info][gc,heap        ] GC(161) Eden regions: 2->0(522)
[2026-04-03T01:49:01.779+0600][60.068s][info][gc,heap        ] GC(161) Survivor regions: 7->7(67)
[2026-04-03T01:49:01.779+0600][60.068s][info][gc,heap        ] GC(161) Old regions: 131->131
[2026-04-03T01:49:01.779+0600][60.068s][info][gc,heap        ] GC(161) Humongous regions: 33->33
[2026-04-03T01:49:01.779+0600][60.068s][info][gc,metaspace   ] GC(161) Metaspace: 73214K(74176K)->73214K(74176K) NonClass: 63874K(64384K)->63874K(64384K) Class: 9339K(9792K)->9339K(9792K)
[2026-04-03T01:49:01.779+0600][60.068s][info][gc             ] GC(161) Pause Young (Concurrent Start) (G1 Humongous Allocation) 338M->333M(1764M) 18.460ms
[2026-04-03T01:49:01.779+0600][60.068s][info][gc             ] GC(162) Concurrent Mark Cycle
[2026-04-03T01:49:01.779+0600][60.068s][info][gc,marking     ] GC(162) Concurrent Scan Root Regions
[2026-04-03T01:49:01.779+0600][60.068s][info][gc,cpu         ] GC(161) User=0.13s Sys=0.01s Real=0.01s
[2026-04-03T01:49:01.786+0600][60.075s][info][gc,marking     ] GC(162) Concurrent Scan Root Regions 7.302ms
[2026-04-03T01:49:01.786+0600][60.075s][info][gc,marking     ] GC(162) Concurrent Mark
[2026-04-03T01:49:01.786+0600][60.075s][info][gc,marking     ] GC(162) Concurrent Mark From Roots
[2026-04-03T01:49:01.786+0600][60.075s][info][gc,task        ] GC(162) Using 3 workers of 3 for marking
[2026-04-03T01:49:02.159+0600][60.448s][info][gc,marking     ] GC(162) Concurrent Mark From Roots 373.132ms
[2026-04-03T01:49:02.160+0600][60.449s][info][gc,marking     ] GC(162) Concurrent Preclean
[2026-04-03T01:49:02.160+0600][60.449s][info][gc,marking     ] GC(162) Concurrent Preclean 0.649ms
[2026-04-03T01:49:02.160+0600][60.449s][info][gc,start       ] GC(162) Pause Remark
[2026-04-03T01:49:02.167+0600][60.456s][info][gc             ] GC(162) Pause Remark 519M->495M(1100M) 6.136ms
[2026-04-03T01:49:02.167+0600][60.456s][info][gc,cpu         ] GC(162) User=0.04s Sys=0.00s Real=0.00s
[2026-04-03T01:49:02.167+0600][60.456s][info][gc,marking     ] GC(162) Concurrent Mark 380.726ms
[2026-04-03T01:49:02.167+0600][60.456s][info][gc,marking     ] GC(162) Concurrent Rebuild Remembered Sets and Scrub Regions
[2026-04-03T01:49:02.499+0600][60.788s][info][gc,marking     ] GC(162) Concurrent Rebuild Remembered Sets and Scrub Regions 331.830ms
[2026-04-03T01:49:02.499+0600][60.788s][info][gc,start       ] GC(162) Pause Cleanup
[2026-04-03T01:49:02.500+0600][60.789s][info][gc             ] GC(162) Pause Cleanup 655M->655M(1100M) 0.740ms
[2026-04-03T01:49:02.500+0600][60.789s][info][gc,cpu         ] GC(162) User=0.00s Sys=0.00s Real=0.01s
[2026-04-03T01:49:02.501+0600][60.790s][info][gc,marking     ] GC(162) Concurrent Clear Claimed Marks
[2026-04-03T01:49:02.501+0600][60.790s][info][gc,marking     ] GC(162) Concurrent Clear Claimed Marks 0.476ms
[2026-04-03T01:49:02.501+0600][60.790s][info][gc,marking     ] GC(162) Concurrent Cleanup for Next Mark
[2026-04-03T01:49:02.507+0600][60.796s][info][gc,marking     ] GC(162) Concurrent Cleanup for Next Mark 5.830ms
[2026-04-03T01:49:02.507+0600][60.796s][info][gc             ] GC(162) Concurrent Mark Cycle 728.301ms
[2026-04-03T01:49:03.046+0600][61.335s][info][gc,start       ] GC(163) Pause Young (Prepare Mixed) (G1 Evacuation Pause)
[2026-04-03T01:49:03.046+0600][61.335s][info][gc,task        ] GC(163) Using 10 workers of 10 for evacuation
[2026-04-03T01:49:03.114+0600][61.403s][info][gc,phases      ] GC(163)   Pre Evacuate Collection Set: 0.94ms
[2026-04-03T01:49:03.114+0600][61.403s][info][gc,phases      ] GC(163)   Merge Heap Roots: 2.09ms
[2026-04-03T01:49:03.114+0600][61.403s][info][gc,phases      ] GC(163)   Evacuate Collection Set: 62.88ms
[2026-04-03T01:49:03.114+0600][61.403s][info][gc,phases      ] GC(163)   Post Evacuate Collection Set: 1.23ms
[2026-04-03T01:49:03.114+0600][61.403s][info][gc,phases      ] GC(163)   Other: 0.15ms
[2026-04-03T01:49:03.114+0600][61.403s][info][gc,heap        ] GC(163) Eden regions: 323->0(286)
[2026-04-03T01:49:03.114+0600][61.403s][info][gc,heap        ] GC(163) Survivor regions: 7->27(42)
[2026-04-03T01:49:03.114+0600][61.403s][info][gc,heap        ] GC(163) Old regions: 131->131
[2026-04-03T01:49:03.114+0600][61.403s][info][gc,heap        ] GC(163) Humongous regions: 27->27
[2026-04-03T01:49:03.114+0600][61.403s][info][gc,metaspace   ] GC(163) Metaspace: 73214K(74176K)->73214K(74176K) NonClass: 63874K(64384K)->63874K(64384K) Class: 9339K(9792K)->9339K(9792K)
[2026-04-03T01:49:03.114+0600][61.403s][info][gc             ] GC(163) Pause Young (Prepare Mixed) (G1 Evacuation Pause) 967M->362M(1100M) 67.798ms
[2026-04-03T01:49:03.114+0600][61.403s][info][gc,cpu         ] GC(163) User=0.63s Sys=0.02s Real=0.07s
[2026-04-03T01:49:04.697+0600][62.986s][info][gc,start       ] GC(164) Pause Young (Mixed) (G1 Evacuation Pause)
[2026-04-03T01:49:04.697+0600][62.986s][info][gc,task        ] GC(164) Using 10 workers of 10 for evacuation
[2026-04-03T01:49:04.840+0600][63.129s][info][gc,phases      ] GC(164)   Pre Evacuate Collection Set: 0.49ms
[2026-04-03T01:49:04.840+0600][63.129s][info][gc,phases      ] GC(164)   Merge Heap Roots: 2.49ms
[2026-04-03T01:49:04.840+0600][63.129s][info][gc,phases      ] GC(164)   Evacuate Collection Set: 138.21ms
[2026-04-03T01:49:04.840+0600][63.129s][info][gc,phases      ] GC(164)   Post Evacuate Collection Set: 1.46ms
[2026-04-03T01:49:04.840+0600][63.129s][info][gc,phases      ] GC(164)   Other: 0.16ms
[2026-04-03T01:49:04.840+0600][63.129s][info][gc,heap        ] GC(164) Eden regions: 209->0(267)
[2026-04-03T01:49:04.840+0600][63.129s][info][gc,heap        ] GC(164) Survivor regions: 27->14(30)
[2026-04-03T01:49:04.840+0600][63.129s][info][gc,heap        ] GC(164) Old regions: 131->153
[2026-04-03T01:49:04.840+0600][63.129s][info][gc,heap        ] GC(164) Humongous regions: 54->48
[2026-04-03T01:49:04.840+0600][63.129s][info][gc,metaspace   ] GC(164) Metaspace: 73258K(74176K)->73258K(74176K) NonClass: 63917K(64384K)->63917K(64384K) Class: 9341K(9792K)->9341K(9792K)
[2026-04-03T01:49:04.840+0600][63.129s][info][gc             ] GC(164) Pause Young (Mixed) (G1 Evacuation Pause) 834M->422M(1100M) 143.304ms
[2026-04-03T01:49:04.840+0600][63.129s][info][gc,cpu         ] GC(164) User=1.37s Sys=0.00s Real=0.15s
[2026-04-03T01:49:04.888+0600][63.177s][info][gc,start       ] GC(165) Pause Young (Concurrent Start) (G1 Humongous Allocation)
[2026-04-03T01:49:04.889+0600][63.178s][info][gc,task        ] GC(165) Using 10 workers of 10 for evacuation
[2026-04-03T01:49:04.933+0600][63.222s][info][gc,phases      ] GC(165)   Pre Evacuate Collection Set: 0.53ms
[2026-04-03T01:49:04.933+0600][63.222s][info][gc,phases      ] GC(165)   Merge Heap Roots: 0.43ms
[2026-04-03T01:49:04.933+0600][63.222s][info][gc,phases      ] GC(165)   Evacuate Collection Set: 41.68ms
[2026-04-03T01:49:04.933+0600][63.222s][info][gc,phases      ] GC(165)   Post Evacuate Collection Set: 1.18ms
[2026-04-03T01:49:04.933+0600][63.222s][info][gc,phases      ] GC(165)   Other: 0.29ms
[2026-04-03T01:49:04.933+0600][63.222s][info][gc,heap        ] GC(165) Eden regions: 21->0(274)
[2026-04-03T01:49:04.933+0600][63.222s][info][gc,heap        ] GC(165) Survivor regions: 14->17(36)
[2026-04-03T01:49:04.933+0600][63.222s][info][gc,heap        ] GC(165) Old regions: 153->153
[2026-04-03T01:49:04.933+0600][63.222s][info][gc,heap        ] GC(165) Humongous regions: 48->48
[2026-04-03T01:49:04.933+0600][63.222s][info][gc,metaspace   ] GC(165) Metaspace: 73258K(74176K)->73258K(74176K) NonClass: 63917K(64384K)->63917K(64384K) Class: 9341K(9792K)->9341K(9792K)
[2026-04-03T01:49:04.933+0600][63.222s][info][gc             ] GC(165) Pause Young (Concurrent Start) (G1 Humongous Allocation) 464M->428M(1100M) 44.443ms
[2026-04-03T01:49:04.933+0600][63.222s][info][gc,cpu         ] GC(165) User=0.41s Sys=0.01s Real=0.05s
[2026-04-03T01:49:04.933+0600][63.222s][info][gc             ] GC(166) Concurrent Mark Cycle
[2026-04-03T01:49:04.933+0600][63.222s][info][gc,marking     ] GC(166) Concurrent Scan Root Regions
[2026-04-03T01:49:04.947+0600][63.236s][info][gc,marking     ] GC(166) Concurrent Scan Root Regions 14.104ms
[2026-04-03T01:49:04.947+0600][63.236s][info][gc,marking     ] GC(166) Concurrent Mark
[2026-04-03T01:49:04.947+0600][63.236s][info][gc,marking     ] GC(166) Concurrent Mark From Roots
[2026-04-03T01:49:04.947+0600][63.236s][info][gc,task        ] GC(166) Using 3 workers of 3 for marking
[2026-04-03T01:49:05.143+0600][63.432s][info][gc,marking     ] GC(166) Concurrent Mark From Roots 195.505ms
[2026-04-03T01:49:05.143+0600][63.432s][info][gc,marking     ] GC(166) Concurrent Preclean
[2026-04-03T01:49:05.143+0600][63.432s][info][gc,marking     ] GC(166) Concurrent Preclean 0.495ms
[2026-04-03T01:49:05.144+0600][63.433s][info][gc,start       ] GC(166) Pause Remark
[2026-04-03T01:49:05.150+0600][63.439s][info][gc             ] GC(166) Pause Remark 496M->286M(814M) 6.319ms
[2026-04-03T01:49:05.150+0600][63.439s][info][gc,cpu         ] GC(166) User=0.05s Sys=0.00s Real=0.01s
[2026-04-03T01:49:05.150+0600][63.439s][info][gc,marking     ] GC(166) Concurrent Mark 203.018ms
[2026-04-03T01:49:05.150+0600][63.439s][info][gc,marking     ] GC(166) Concurrent Rebuild Remembered Sets and Scrub Regions
[2026-04-03T01:49:05.316+0600][63.605s][info][gc,marking     ] GC(166) Concurrent Rebuild Remembered Sets and Scrub Regions 165.540ms
[2026-04-03T01:49:05.316+0600][63.605s][info][gc,start       ] GC(166) Pause Cleanup
[2026-04-03T01:49:05.317+0600][63.606s][info][gc             ] GC(166) Pause Cleanup 339M->339M(814M) 0.564ms
[2026-04-03T01:49:05.317+0600][63.606s][info][gc,cpu         ] GC(166) User=0.00s Sys=0.00s Real=0.00s
[2026-04-03T01:49:05.317+0600][63.606s][info][gc,marking     ] GC(166) Concurrent Clear Claimed Marks
[2026-04-03T01:49:05.318+0600][63.607s][info][gc,marking     ] GC(166) Concurrent Clear Claimed Marks 0.303ms
[2026-04-03T01:49:05.318+0600][63.607s][info][gc,marking     ] GC(166) Concurrent Cleanup for Next Mark
[2026-04-03T01:49:05.320+0600][63.609s][info][gc,marking     ] GC(166) Concurrent Cleanup for Next Mark 2.283ms
[2026-04-03T01:49:05.320+0600][63.609s][info][gc             ] GC(166) Concurrent Mark Cycle 387.017ms
[2026-04-03T01:49:05.726+0600][64.015s][info][gc,start       ] GC(167) Pause Young (Prepare Mixed) (G1 Evacuation Pause)
[2026-04-03T01:49:05.726+0600][64.015s][info][gc,task        ] GC(167) Using 10 workers of 10 for evacuation
[2026-04-03T01:49:05.831+0600][64.120s][info][gc,phases      ] GC(167)   Pre Evacuate Collection Set: 0.36ms
[2026-04-03T01:49:05.831+0600][64.120s][info][gc,phases      ] GC(167)   Merge Heap Roots: 1.83ms
[2026-04-03T01:49:05.831+0600][64.120s][info][gc,phases      ] GC(167)   Evacuate Collection Set: 101.83ms
[2026-04-03T01:49:05.831+0600][64.120s][info][gc,phases      ] GC(167)   Post Evacuate Collection Set: 0.87ms
[2026-04-03T01:49:05.832+0600][64.121s][info][gc,phases      ] GC(167)   Other: 0.11ms
[2026-04-03T01:49:05.832+0600][64.121s][info][gc,heap        ] GC(167) Eden regions: 227->0(128)
[2026-04-03T01:49:05.832+0600][64.121s][info][gc,heap        ] GC(167) Survivor regions: 17->31(31)
[2026-04-03T01:49:05.832+0600][64.121s][info][gc,heap        ] GC(167) Old regions: 93->122
[2026-04-03T01:49:05.832+0600][64.121s][info][gc,heap        ] GC(167) Humongous regions: 41->41
[2026-04-03T01:49:05.832+0600][64.121s][info][gc,metaspace   ] GC(167) Metaspace: 73265K(74240K)->73265K(74240K) NonClass: 63924K(64448K)->63924K(64448K) Class: 9341K(9792K)->9341K(9792K)
[2026-04-03T01:49:05.832+0600][64.121s][info][gc             ] GC(167) Pause Young (Prepare Mixed) (G1 Evacuation Pause) 748M->381M(876M) 105.318ms
[2026-04-03T01:49:05.832+0600][64.121s][info][gc,cpu         ] GC(167) User=0.95s Sys=0.08s Real=0.11s
[2026-04-03T01:49:06.239+0600][64.528s][info][gc,start       ] GC(168) Pause Young (Mixed) (G1 Evacuation Pause)
[2026-04-03T01:49:06.239+0600][64.528s][info][gc,task        ] GC(168) Using 10 workers of 10 for evacuation
[2026-04-03T01:49:06.358+0600][64.647s][info][gc,phases      ] GC(168)   Pre Evacuate Collection Set: 0.77ms
[2026-04-03T01:49:06.358+0600][64.647s][info][gc,phases      ] GC(168)   Merge Heap Roots: 1.74ms
[2026-04-03T01:49:06.358+0600][64.647s][info][gc,phases      ] GC(168)   Evacuate Collection Set: 112.39ms
[2026-04-03T01:49:06.358+0600][64.647s][info][gc,phases      ] GC(168)   Post Evacuate Collection Set: 3.05ms
[2026-04-03T01:49:06.358+0600][64.647s][info][gc,phases      ] GC(168)   Other: 0.19ms
[2026-04-03T01:49:06.358+0600][64.647s][info][gc,heap        ] GC(168) Eden regions: 177->0(210)
[2026-04-03T01:49:06.358+0600][64.647s][info][gc,heap        ] GC(168) Survivor regions: 31->21(26)
[2026-04-03T01:49:06.358+0600][64.647s][info][gc,heap        ] GC(168) Old regions: 122->155
[2026-04-03T01:49:06.358+0600][64.647s][info][gc,heap        ] GC(168) Humongous regions: 57->57
[2026-04-03T01:49:06.358+0600][64.647s][info][gc,metaspace   ] GC(168) Metaspace: 73265K(74240K)->73265K(74240K) NonClass: 63924K(64448K)->63924K(64448K) Class: 9341K(9792K)->9341K(9792K)
[2026-04-03T01:49:06.358+0600][64.647s][info][gc             ] GC(168) Pause Young (Mixed) (G1 Evacuation Pause) 767M->456M(1524M) 118.623ms
[2026-04-03T01:49:06.358+0600][64.647s][info][gc,cpu         ] GC(168) User=1.09s Sys=0.01s Real=0.12s
[2026-04-03T01:49:07.598+0600][65.887s][info][gc,start       ] GC(169) Pause Young (Mixed) (G1 Evacuation Pause)
[2026-04-03T01:49:07.598+0600][65.887s][info][gc,task        ] GC(169) Using 10 workers of 10 for evacuation
[2026-04-03T01:49:07.728+0600][66.017s][info][gc,phases      ] GC(169)   Pre Evacuate Collection Set: 0.62ms
[2026-04-03T01:49:07.728+0600][66.017s][info][gc,phases      ] GC(169)   Merge Heap Roots: 1.62ms
[2026-04-03T01:49:07.728+0600][66.017s][info][gc,phases      ] GC(169)   Evacuate Collection Set: 126.07ms
[2026-04-03T01:49:07.728+0600][66.017s][info][gc,phases      ] GC(169)   Post Evacuate Collection Set: 1.51ms
[2026-04-03T01:49:07.728+0600][66.017s][info][gc,phases      ] GC(169)   Other: 0.16ms
[2026-04-03T01:49:07.728+0600][66.017s][info][gc,heap        ] GC(169) Eden regions: 330->0(178)
[2026-04-03T01:49:07.728+0600][66.017s][info][gc,heap        ] GC(169) Survivor regions: 21->38(44)
[2026-04-03T01:49:07.728+0600][66.017s][info][gc,heap        ] GC(169) Old regions: 155->154
[2026-04-03T01:49:07.728+0600][66.017s][info][gc,heap        ] GC(169) Humongous regions: 72->72
[2026-04-03T01:49:07.728+0600][66.017s][info][gc,metaspace   ] GC(169) Metaspace: 73265K(74240K)->73265K(74240K) NonClass: 63924K(64448K)->63924K(64448K) Class: 9341K(9792K)->9341K(9792K)
[2026-04-03T01:49:07.728+0600][66.017s][info][gc             ] GC(169) Pause Young (Mixed) (G1 Evacuation Pause) 1146M->519M(1524M) 130.330ms
[2026-04-03T01:49:07.729+0600][66.018s][info][gc,cpu         ] GC(169) User=1.17s Sys=0.09s Real=0.13s
[2026-04-03T01:49:09.060+0600][67.349s][info][gc,start       ] GC(170) Pause Young (Mixed) (G1 Evacuation Pause)
[2026-04-03T01:49:09.060+0600][67.349s][info][gc,task        ] GC(170) Using 10 workers of 10 for evacuation
[2026-04-03T01:49:09.180+0600][67.469s][info][gc,phases      ] GC(170)   Pre Evacuate Collection Set: 0.44ms
[2026-04-03T01:49:09.181+0600][67.470s][info][gc,phases      ] GC(170)   Merge Heap Roots: 1.58ms
[2026-04-03T01:49:09.181+0600][67.470s][info][gc,phases      ] GC(170)   Evacuate Collection Set: 116.91ms
[2026-04-03T01:49:09.181+0600][67.470s][info][gc,phases      ] GC(170)   Post Evacuate Collection Set: 0.99ms
[2026-04-03T01:49:09.181+0600][67.470s][info][gc,phases      ] GC(170)   Other: 0.13ms
[2026-04-03T01:49:09.181+0600][67.470s][info][gc,heap        ] GC(170) Eden regions: 126->0(369)
[2026-04-03T01:49:09.181+0600][67.470s][info][gc,heap        ] GC(170) Survivor regions: 38->14(21)
[2026-04-03T01:49:09.181+0600][67.470s][info][gc,heap        ] GC(170) Old regions: 154->190
[2026-04-03T01:49:09.181+0600][67.470s][info][gc,heap        ] GC(170) Humongous regions: 93->87
[2026-04-03T01:49:09.181+0600][67.470s][info][gc,metaspace   ] GC(170) Metaspace: 73298K(74304K)->73298K(74304K) NonClass: 63956K(64512K)->63956K(64512K) Class: 9342K(9792K)->9342K(9792K)
[2026-04-03T01:49:09.181+0600][67.470s][info][gc             ] GC(170) Pause Young (Mixed) (G1 Evacuation Pause) 813M->573M(1524M) 120.370ms
[2026-04-03T01:49:09.181+0600][67.470s][info][gc,cpu         ] GC(170) User=1.19s Sys=0.00s Real=0.12s
[2026-04-03T01:49:11.285+0600][69.574s][info][gc,start       ] GC(171) Pause Young (Normal) (G1 Evacuation Pause)
[2026-04-03T01:49:11.285+0600][69.574s][info][gc,task        ] GC(171) Using 10 workers of 10 for evacuation
[2026-04-03T01:49:11.470+0600][69.759s][info][gc,phases      ] GC(171)   Pre Evacuate Collection Set: 0.35ms
[2026-04-03T01:49:11.470+0600][69.759s][info][gc,phases      ] GC(171)   Merge Heap Roots: 2.87ms
[2026-04-03T01:49:11.470+0600][69.759s][info][gc,phases      ] GC(171)   Evacuate Collection Set: 179.87ms
[2026-04-03T01:49:11.470+0600][69.759s][info][gc,phases      ] GC(171)   Post Evacuate Collection Set: 1.73ms
[2026-04-03T01:49:11.470+0600][69.759s][info][gc,phases      ] GC(171)   Other: 0.13ms
[2026-04-03T01:49:11.470+0600][69.759s][info][gc,heap        ] GC(171) Eden regions: 369->0(303)
[2026-04-03T01:49:11.470+0600][69.759s][info][gc,heap        ] GC(171) Survivor regions: 14->48(48)
[2026-04-03T01:49:11.470+0600][69.759s][info][gc,heap        ] GC(171) Old regions: 190->203
[2026-04-03T01:49:11.470+0600][69.759s][info][gc,heap        ] GC(171) Humongous regions: 150->132
[2026-04-03T01:49:11.470+0600][69.759s][info][gc,metaspace   ] GC(171) Metaspace: 73389K(74368K)->73389K(74368K) NonClass: 64047K(64576K)->64047K(64576K) Class: 9342K(9792K)->9342K(9792K)
[2026-04-03T01:49:11.470+0600][69.759s][info][gc             ] GC(171) Pause Young (Normal) (G1 Evacuation Pause) 1437M->758M(1568M) 185.340ms
[2026-04-03T01:49:11.470+0600][69.759s][info][gc,cpu         ] GC(171) User=1.76s Sys=0.05s Real=0.19s
[2026-04-03T01:49:11.554+0600][69.843s][info][gc,start       ] GC(172) Pause Young (Concurrent Start) (G1 Humongous Allocation)
[2026-04-03T01:49:11.555+0600][69.844s][info][gc,task        ] GC(172) Using 10 workers of 10 for evacuation
[2026-04-03T01:49:11.668+0600][69.957s][info][gc,phases      ] GC(172)   Pre Evacuate Collection Set: 0.62ms
[2026-04-03T01:49:11.668+0600][69.957s][info][gc,phases      ] GC(172)   Merge Heap Roots: 0.93ms
[2026-04-03T01:49:11.668+0600][69.957s][info][gc,phases      ] GC(172)   Evacuate Collection Set: 109.34ms
[2026-04-03T01:49:11.668+0600][69.957s][info][gc,phases      ] GC(172)   Post Evacuate Collection Set: 2.06ms
[2026-04-03T01:49:11.668+0600][69.957s][info][gc,phases      ] GC(172)   Other: 0.26ms
[2026-04-03T01:49:11.668+0600][69.957s][info][gc,heap        ] GC(172) Eden regions: 54->0(324)
[2026-04-03T01:49:11.668+0600][69.957s][info][gc,heap        ] GC(172) Survivor regions: 48->13(40)
[2026-04-03T01:49:11.668+0600][69.957s][info][gc,heap        ] GC(172) Old regions: 203->254
[2026-04-03T01:49:11.668+0600][69.957s][info][gc,heap        ] GC(172) Humongous regions: 132->132
[2026-04-03T01:49:11.668+0600][69.957s][info][gc,metaspace   ] GC(172) Metaspace: 73392K(74368K)->73392K(74368K) NonClass: 64049K(64576K)->64049K(64576K) Class: 9342K(9792K)->9342K(9792K)
[2026-04-03T01:49:11.668+0600][69.957s][info][gc             ] GC(172) Pause Young (Concurrent Start) (G1 Humongous Allocation) 866M->789M(1930M) 113.590ms
[2026-04-03T01:49:11.668+0600][69.957s][info][gc,cpu         ] GC(172) User=1.09s Sys=0.00s Real=0.11s
[2026-04-03T01:49:11.668+0600][69.957s][info][gc             ] GC(173) Concurrent Mark Cycle
[2026-04-03T01:49:11.668+0600][69.957s][info][gc,marking     ] GC(173) Concurrent Scan Root Regions
[2026-04-03T01:49:11.708+0600][69.997s][info][gc,marking     ] GC(173) Concurrent Scan Root Regions 39.807ms
[2026-04-03T01:49:11.708+0600][69.997s][info][gc,marking     ] GC(173) Concurrent Mark
[2026-04-03T01:49:11.708+0600][69.997s][info][gc,marking     ] GC(173) Concurrent Mark From Roots
[2026-04-03T01:49:11.708+0600][69.997s][info][gc,task        ] GC(173) Using 3 workers of 3 for marking
[2026-04-03T01:49:11.876+0600][70.165s][info][gc,marking     ] GC(173) Concurrent Mark From Roots 167.404ms
[2026-04-03T01:49:11.876+0600][70.165s][info][gc,marking     ] GC(173) Concurrent Preclean
[2026-04-03T01:49:11.876+0600][70.165s][info][gc,marking     ] GC(173) Concurrent Preclean 0.344ms
[2026-04-03T01:49:11.876+0600][70.165s][info][gc,start       ] GC(173) Pause Remark
[2026-04-03T01:49:11.882+0600][70.171s][info][gc             ] GC(173) Pause Remark 967M->543M(1308M) 5.808ms
[2026-04-03T01:49:11.882+0600][70.171s][info][gc,cpu         ] GC(173) User=0.03s Sys=0.00s Real=0.01s
[2026-04-03T01:49:11.883+0600][70.172s][info][gc,marking     ] GC(173) Concurrent Mark 174.312ms
[2026-04-03T01:49:11.883+0600][70.172s][info][gc,marking     ] GC(173) Concurrent Rebuild Remembered Sets and Scrub Regions
[2026-04-03T01:49:11.981+0600][70.270s][info][gc,marking     ] GC(173) Concurrent Rebuild Remembered Sets and Scrub Regions 98.032ms
[2026-04-03T01:49:11.981+0600][70.270s][info][gc,start       ] GC(173) Pause Cleanup
[2026-04-03T01:49:11.982+0600][70.271s][info][gc             ] GC(173) Pause Cleanup 629M->629M(1308M) 0.571ms
[2026-04-03T01:49:11.982+0600][70.271s][info][gc,cpu         ] GC(173) User=0.00s Sys=0.00s Real=0.00s
[2026-04-03T01:49:11.982+0600][70.271s][info][gc,marking     ] GC(173) Concurrent Clear Claimed Marks
[2026-04-03T01:49:11.982+0600][70.271s][info][gc,marking     ] GC(173) Concurrent Clear Claimed Marks 0.259ms
[2026-04-03T01:49:11.982+0600][70.271s][info][gc,marking     ] GC(173) Concurrent Cleanup for Next Mark
[2026-04-03T01:49:11.989+0600][70.278s][info][gc,marking     ] GC(173) Concurrent Cleanup for Next Mark 6.257ms
[2026-04-03T01:49:11.989+0600][70.278s][info][gc             ] GC(173) Concurrent Mark Cycle 320.493ms
[2026-04-03T01:49:13.175+0600][71.464s][info][gc,start       ] GC(174) Pause Young (Prepare Mixed) (G1 Evacuation Pause)
[2026-04-03T01:49:13.175+0600][71.464s][info][gc,task        ] GC(174) Using 10 workers of 10 for evacuation
[2026-04-03T01:49:13.340+0600][71.629s][info][gc,phases      ] GC(174)   Pre Evacuate Collection Set: 0.37ms
[2026-04-03T01:49:13.340+0600][71.629s][info][gc,phases      ] GC(174)   Merge Heap Roots: 0.63ms
[2026-04-03T01:49:13.340+0600][71.629s][info][gc,phases      ] GC(174)   Evacuate Collection Set: 161.92ms
[2026-04-03T01:49:13.340+0600][71.629s][info][gc,phases      ] GC(174)   Post Evacuate Collection Set: 1.74ms
[2026-04-03T01:49:13.340+0600][71.629s][info][gc,phases      ] GC(174)   Other: 0.14ms
[2026-04-03T01:49:13.340+0600][71.629s][info][gc,heap        ] GC(174) Eden regions: 340->0(15)
[2026-04-03T01:49:13.340+0600][71.629s][info][gc,heap        ] GC(174) Survivor regions: 13->49(49)
[2026-04-03T01:49:13.340+0600][71.629s][info][gc,heap        ] GC(174) Old regions: 171->183
[2026-04-03T01:49:13.340+0600][71.629s][info][gc,heap        ] GC(174) Humongous regions: 130->48
[2026-04-03T01:49:13.340+0600][71.629s][info][gc,metaspace   ] GC(174) Metaspace: 73452K(74432K)->73452K(74432K) NonClass: 64109K(64640K)->64109K(64640K) Class: 9342K(9792K)->9342K(9792K)
[2026-04-03T01:49:13.340+0600][71.629s][info][gc             ] GC(174) Pause Young (Prepare Mixed) (G1 Evacuation Pause) 1299M->552M(1430M) 165.241ms
[2026-04-03T01:49:13.341+0600][71.630s][info][gc,cpu         ] GC(174) User=1.42s Sys=0.17s Real=0.17s
[2026-04-03T01:49:13.566+0600][71.855s][info][gc,start       ] GC(175) Pause Young (Mixed) (G1 Evacuation Pause)
[2026-04-03T01:49:13.566+0600][71.855s][info][gc,task        ] GC(175) Using 10 workers of 10 for evacuation
[2026-04-03T01:49:13.716+0600][72.005s][info][gc,phases      ] GC(175)   Pre Evacuate Collection Set: 0.49ms
[2026-04-03T01:49:13.717+0600][72.006s][info][gc,phases      ] GC(175)   Merge Heap Roots: 0.28ms
[2026-04-03T01:49:13.717+0600][72.006s][info][gc,phases      ] GC(175)   Evacuate Collection Set: 148.42ms
[2026-04-03T01:49:13.717+0600][72.006s][info][gc,phases      ] GC(175)   Post Evacuate Collection Set: 0.92ms
[2026-04-03T01:49:13.717+0600][72.006s][info][gc,phases      ] GC(175)   Other: 0.14ms
[2026-04-03T01:49:13.717+0600][72.006s][info][gc,heap        ] GC(175) Eden regions: 208->0(260)
[2026-04-03T01:49:13.717+0600][72.006s][info][gc,heap        ] GC(175) Survivor regions: 49->23(33)
[2026-04-03T01:49:13.717+0600][72.006s][info][gc,heap        ] GC(175) Old regions: 183->232
[2026-04-03T01:49:13.717+0600][72.006s][info][gc,heap        ] GC(175) Humongous regions: 50->50
[2026-04-03T01:49:13.717+0600][72.006s][info][gc,metaspace   ] GC(175) Metaspace: 73452K(74432K)->73452K(74432K) NonClass: 64109K(64640K)->64109K(64640K) Class: 9342K(9792K)->9342K(9792K)
[2026-04-03T01:49:13.717+0600][72.006s][info][gc             ] GC(175) Pause Young (Mixed) (G1 Evacuation Pause) 972M->602M(1430M) 150.711ms
[2026-04-03T01:49:13.717+0600][72.006s][info][gc,cpu         ] GC(175) User=1.01s Sys=0.01s Real=0.15s
[2026-04-03T01:49:14.566+0600][72.855s][info][gc,heap,exit   ] Heap
[2026-04-03T01:49:14.566+0600][72.855s][info][gc,heap,exit   ]  garbage-first heap   total 1464320K, used 856372K [0x000000070ae00000, 0x0000000800000000)
[2026-04-03T01:49:14.566+0600][72.855s][info][gc,heap,exit   ]   region size 2048K, 137 young (280576K), 23 survivors (47104K)
[2026-04-03T01:49:14.566+0600][72.855s][info][gc,heap,exit   ]  Metaspace       used 74194K, committed 75072K, reserved 1179648K
[2026-04-03T01:49:14.566+0600][72.855s][info][gc,heap,exit   ]   class space    used 9543K, committed 9920K, reserved 1048576K
