[2026-04-03T01:49:14.792+0600][0.005s][info][gc,init] CardTable entry size: 512
[2026-04-03T01:49:14.792+0600][0.005s][info][gc     ] Using G1
[2026-04-03T01:49:14.795+0600][0.008s][info][gc,init] Version: 21.0.10+7-Ubuntu-124.04 (release)
[2026-04-03T01:49:14.795+0600][0.008s][info][gc,init] CPUs: 12 total, 12 available
[2026-04-03T01:49:14.795+0600][0.008s][info][gc,init] Memory: 15683M
[2026-04-03T01:49:14.795+0600][0.008s][info][gc,init] Large Page Support: Disabled
[2026-04-03T01:49:14.795+0600][0.008s][info][gc,init] NUMA Support: Disabled
[2026-04-03T01:49:14.795+0600][0.008s][info][gc,init] Compressed Oops: Enabled (Zero based)
[2026-04-03T01:49:14.795+0600][0.008s][info][gc,init] Heap Region Size: 2M
[2026-04-03T01:49:14.795+0600][0.008s][info][gc,init] Heap Min Capacity: 8M
[2026-04-03T01:49:14.795+0600][0.008s][info][gc,init] Heap Initial Capacity: 246M
[2026-04-03T01:49:14.795+0600][0.008s][info][gc,init] Heap Max Capacity: 3922M
[2026-04-03T01:49:14.795+0600][0.008s][info][gc,init] Pre-touch: Disabled
[2026-04-03T01:49:14.795+0600][0.008s][info][gc,init] Parallel Workers: 10
[2026-04-03T01:49:14.795+0600][0.008s][info][gc,init] Concurrent Workers: 3
[2026-04-03T01:49:14.795+0600][0.008s][info][gc,init] Concurrent Refinement Workers: 10
[2026-04-03T01:49:14.795+0600][0.008s][info][gc,init] Periodic GC: Disabled
[2026-04-03T01:49:14.807+0600][0.020s][info][gc,metaspace] CDS archive(s) mapped at: [0x00007c54a7000000-0x00007c54a7c9c000-0x00007c54a7c9c000), size 13221888, SharedBaseAddress: 0x00007c54a7000000, ArchiveRelocationMode: 1.
[2026-04-03T01:49:14.807+0600][0.020s][info][gc,metaspace] Compressed class space mapped at: 0x00007c54a8000000-0x00007c54e8000000, reserved size: 1073741824
[2026-04-03T01:49:14.807+0600][0.020s][info][gc,metaspace] Narrow klass base: 0x00007c54a7000000, Narrow klass shift: 0, Narrow klass range: 0x100000000
[2026-04-03T01:49:15.188+0600][0.401s][info][gc,start    ] GC(0) Pause Young (Normal) (G1 Evacuation Pause)
[2026-04-03T01:49:15.190+0600][0.403s][info][gc,task     ] GC(0) Using 5 workers of 10 for evacuation
[2026-04-03T01:49:15.193+0600][0.406s][info][gc,phases   ] GC(0)   Pre Evacuate Collection Set: 0.29ms
[2026-04-03T01:49:15.193+0600][0.406s][info][gc,phases   ] GC(0)   Merge Heap Roots: 0.19ms
[2026-04-03T01:49:15.193+0600][0.406s][info][gc,phases   ] GC(0)   Evacuate Collection Set: 2.19ms
[2026-04-03T01:49:15.193+0600][0.406s][info][gc,phases   ] GC(0)   Post Evacuate Collection Set: 0.37ms
[2026-04-03T01:49:15.193+0600][0.406s][info][gc,phases   ] GC(0)   Other: 1.36ms
[2026-04-03T01:49:15.193+0600][0.406s][info][gc,heap     ] GC(0) Eden regions: 6->0(5)
[2026-04-03T01:49:15.193+0600][0.406s][info][gc,heap     ] GC(0) Survivor regions: 0->1(1)
[2026-04-03T01:49:15.193+0600][0.406s][info][gc,heap     ] GC(0) Old regions: 1->2
[2026-04-03T01:49:15.193+0600][0.406s][info][gc,heap     ] GC(0) Humongous regions: 0->0
[2026-04-03T01:49:15.193+0600][0.406s][info][gc,metaspace] GC(0) Metaspace: 2090K(2304K)->2090K(2304K) NonClass: 1906K(2048K)->1906K(2048K) Class: 183K(256K)->183K(256K)
[2026-04-03T01:49:15.193+0600][0.406s][info][gc          ] GC(0) Pause Young (Normal) (G1 Evacuation Pause) 13M->3M(248M) 4.797ms
[2026-04-03T01:49:15.193+0600][0.406s][info][gc,cpu      ] GC(0) User=0.02s Sys=0.01s Real=0.01s
[2026-04-03T01:49:15.245+0600][0.458s][info][gc,start    ] GC(1) Pause Young (Normal) (G1 Evacuation Pause)
[2026-04-03T01:49:15.245+0600][0.458s][info][gc,task     ] GC(1) Using 5 workers of 10 for evacuation
[2026-04-03T01:49:15.248+0600][0.461s][info][gc,phases   ] GC(1)   Pre Evacuate Collection Set: 0.32ms
[2026-04-03T01:49:15.248+0600][0.461s][info][gc,phases   ] GC(1)   Merge Heap Roots: 0.09ms
[2026-04-03T01:49:15.248+0600][0.461s][info][gc,phases   ] GC(1)   Evacuate Collection Set: 1.75ms
[2026-04-03T01:49:15.248+0600][0.461s][info][gc,phases   ] GC(1)   Post Evacuate Collection Set: 0.31ms
[2026-04-03T01:49:15.248+0600][0.461s][info][gc,phases   ] GC(1)   Other: 0.08ms
[2026-04-03T01:49:15.248+0600][0.461s][info][gc,heap     ] GC(1) Eden regions: 5->0(6)
[2026-04-03T01:49:15.248+0600][0.461s][info][gc,heap     ] GC(1) Survivor regions: 1->1(1)
[2026-04-03T01:49:15.248+0600][0.461s][info][gc,heap     ] GC(1) Old regions: 2->3
[2026-04-03T01:49:15.248+0600][0.461s][info][gc,heap     ] GC(1) Humongous regions: 0->0
[2026-04-03T01:49:15.248+0600][0.461s][info][gc,metaspace] GC(1) Metaspace: 2581K(2752K)->2581K(2752K) NonClass: 2349K(2432K)->2349K(2432K) Class: 231K(320K)->231K(320K)
[2026-04-03T01:49:15.248+0600][0.461s][info][gc          ] GC(1) Pause Young (Normal) (G1 Evacuation Pause) 13M->3M(248M) 2.836ms
[2026-04-03T01:49:15.248+0600][0.461s][info][gc,cpu      ] GC(1) User=0.01s Sys=0.00s Real=0.00s
[2026-04-03T01:49:15.307+0600][0.520s][info][gc,start    ] GC(2) Pause Young (Normal) (G1 Evacuation Pause)
[2026-04-03T01:49:15.307+0600][0.520s][info][gc,task     ] GC(2) Using 5 workers of 10 for evacuation
[2026-04-03T01:49:15.308+0600][0.521s][info][gc,phases   ] GC(2)   Pre Evacuate Collection Set: 0.32ms
[2026-04-03T01:49:15.308+0600][0.521s][info][gc,phases   ] GC(2)   Merge Heap Roots: 0.07ms
[2026-04-03T01:49:15.308+0600][0.521s][info][gc,phases   ] GC(2)   Evacuate Collection Set: 0.43ms
[2026-04-03T01:49:15.308+0600][0.521s][info][gc,phases   ] GC(2)   Post Evacuate Collection Set: 0.34ms
[2026-04-03T01:49:15.308+0600][0.521s][info][gc,phases   ] GC(2)   Other: 0.09ms
[2026-04-03T01:49:15.308+0600][0.521s][info][gc,heap     ] GC(2) Eden regions: 6->0(14)
[2026-04-03T01:49:15.308+0600][0.521s][info][gc,heap     ] GC(2) Survivor regions: 1->1(1)
[2026-04-03T01:49:15.308+0600][0.521s][info][gc,heap     ] GC(2) Old regions: 3->3
[2026-04-03T01:49:15.308+0600][0.521s][info][gc,heap     ] GC(2) Humongous regions: 0->0
[2026-04-03T01:49:15.308+0600][0.521s][info][gc,metaspace] GC(2) Metaspace: 3119K(3264K)->3119K(3264K) NonClass: 2793K(2880K)->2793K(2880K) Class: 325K(384K)->325K(384K)
[2026-04-03T01:49:15.308+0600][0.521s][info][gc          ] GC(2) Pause Young (Normal) (G1 Evacuation Pause) 15M->3M(248M) 1.547ms
[2026-04-03T01:49:15.308+0600][0.521s][info][gc,cpu      ] GC(2) User=0.00s Sys=0.00s Real=0.00s
[2026-04-03T01:49:15.423+0600][0.636s][info][gc,start    ] GC(3) Pause Young (Normal) (G1 Evacuation Pause)
[2026-04-03T01:49:15.423+0600][0.636s][info][gc,task     ] GC(3) Using 5 workers of 10 for evacuation
[2026-04-03T01:49:15.425+0600][0.638s][info][gc,phases   ] GC(3)   Pre Evacuate Collection Set: 0.16ms
[2026-04-03T01:49:15.425+0600][0.638s][info][gc,phases   ] GC(3)   Merge Heap Roots: 0.07ms
[2026-04-03T01:49:15.425+0600][0.638s][info][gc,phases   ] GC(3)   Evacuate Collection Set: 0.53ms
[2026-04-03T01:49:15.425+0600][0.638s][info][gc,phases   ] GC(3)   Post Evacuate Collection Set: 0.65ms
[2026-04-03T01:49:15.425+0600][0.638s][info][gc,phases   ] GC(3)   Other: 0.08ms
[2026-04-03T01:49:15.425+0600][0.638s][info][gc,heap     ] GC(3) Eden regions: 14->0(72)
[2026-04-03T01:49:15.425+0600][0.638s][info][gc,heap     ] GC(3) Survivor regions: 1->1(2)
[2026-04-03T01:49:15.425+0600][0.638s][info][gc,heap     ] GC(3) Old regions: 3->3
[2026-04-03T01:49:15.425+0600][0.638s][info][gc,heap     ] GC(3) Humongous regions: 0->0
[2026-04-03T01:49:15.425+0600][0.638s][info][gc,metaspace] GC(3) Metaspace: 3658K(3776K)->3658K(3776K) NonClass: 3261K(3328K)->3261K(3328K) Class: 396K(448K)->396K(448K)
[2026-04-03T01:49:15.425+0600][0.638s][info][gc          ] GC(3) Pause Young (Normal) (G1 Evacuation Pause) 31M->3M(248M) 1.744ms
[2026-04-03T01:49:15.425+0600][0.638s][info][gc,cpu      ] GC(3) User=0.00s Sys=0.01s Real=0.00s
[2026-04-03T01:49:16.075+0600][1.288s][info][gc,start    ] GC(4) Pause Young (Normal) (G1 Evacuation Pause)
[2026-04-03T01:49:16.075+0600][1.288s][info][gc,task     ] GC(4) Using 5 workers of 10 for evacuation
[2026-04-03T01:49:16.078+0600][1.291s][info][gc,phases   ] GC(4)   Pre Evacuate Collection Set: 0.19ms
[2026-04-03T01:49:16.078+0600][1.291s][info][gc,phases   ] GC(4)   Merge Heap Roots: 0.09ms
[2026-04-03T01:49:16.078+0600][1.291s][info][gc,phases   ] GC(4)   Evacuate Collection Set: 1.88ms
[2026-04-03T01:49:16.078+0600][1.291s][info][gc,phases   ] GC(4)   Post Evacuate Collection Set: 0.52ms
[2026-04-03T01:49:16.078+0600][1.291s][info][gc,phases   ] GC(4)   Other: 0.11ms
[2026-04-03T01:49:16.078+0600][1.291s][info][gc,heap     ] GC(4) Eden regions: 72->0(72)
[2026-04-03T01:49:16.078+0600][1.291s][info][gc,heap     ] GC(4) Survivor regions: 1->1(10)
[2026-04-03T01:49:16.078+0600][1.291s][info][gc,heap     ] GC(4) Old regions: 3->3
[2026-04-03T01:49:16.078+0600][1.291s][info][gc,heap     ] GC(4) Humongous regions: 0->0
[2026-04-03T01:49:16.078+0600][1.291s][info][gc,metaspace] GC(4) Metaspace: 9872K(10112K)->9872K(10112K) NonClass: 8619K(8768K)->8619K(8768K) Class: 1252K(1344K)->1252K(1344K)
[2026-04-03T01:49:16.078+0600][1.291s][info][gc          ] GC(4) Pause Young (Normal) (G1 Evacuation Pause) 147M->4M(248M) 3.256ms
[2026-04-03T01:49:16.078+0600][1.291s][info][gc,cpu      ] GC(4) User=0.01s Sys=0.00s Real=0.00s
[2026-04-03T01:49:19.176+0600][4.388s][info][gc,start    ] GC(5) Pause Young (Normal) (G1 Evacuation Pause)
[2026-04-03T01:49:19.176+0600][4.389s][info][gc,task     ] GC(5) Using 5 workers of 10 for evacuation
[2026-04-03T01:49:19.180+0600][4.393s][info][gc,phases   ] GC(5)   Pre Evacuate Collection Set: 0.15ms
[2026-04-03T01:49:19.180+0600][4.393s][info][gc,phases   ] GC(5)   Merge Heap Roots: 0.08ms
[2026-04-03T01:49:19.180+0600][4.393s][info][gc,phases   ] GC(5)   Evacuate Collection Set: 3.44ms
[2026-04-03T01:49:19.180+0600][4.393s][info][gc,phases   ] GC(5)   Post Evacuate Collection Set: 0.99ms
[2026-04-03T01:49:19.180+0600][4.393s][info][gc,phases   ] GC(5)   Other: 0.10ms
[2026-04-03T01:49:19.181+0600][4.393s][info][gc,heap     ] GC(5) Eden regions: 72->0(67)
[2026-04-03T01:49:19.181+0600][4.393s][info][gc,heap     ] GC(5) Survivor regions: 1->6(10)
[2026-04-03T01:49:19.181+0600][4.393s][info][gc,heap     ] GC(5) Old regions: 3->3
[2026-04-03T01:49:19.181+0600][4.393s][info][gc,heap     ] GC(5) Humongous regions: 3->3
[2026-04-03T01:49:19.181+0600][4.393s][info][gc,metaspace] GC(5) Metaspace: 17446K(17664K)->17446K(17664K) NonClass: 15269K(15360K)->15269K(15360K) Class: 2176K(2304K)->2176K(2304K)
[2026-04-03T01:49:19.181+0600][4.394s][info][gc          ] GC(5) Pause Young (Normal) (G1 Evacuation Pause) 154M->20M(248M) 5.012ms
[2026-04-03T01:49:19.181+0600][4.394s][info][gc,cpu      ] GC(5) User=0.01s Sys=0.01s Real=0.01s
[2026-04-03T01:49:19.542+0600][4.755s][info][gc,start    ] GC(6) Pause Young (Concurrent Start) (Metadata GC Threshold)
[2026-04-03T01:49:19.542+0600][4.755s][info][gc,task     ] GC(6) Using 5 workers of 10 for evacuation
[2026-04-03T01:49:19.548+0600][4.761s][info][gc,phases   ] GC(6)   Pre Evacuate Collection Set: 0.29ms
[2026-04-03T01:49:19.548+0600][4.761s][info][gc,phases   ] GC(6)   Merge Heap Roots: 0.08ms
[2026-04-03T01:49:19.548+0600][4.761s][info][gc,phases   ] GC(6)   Evacuate Collection Set: 4.29ms
[2026-04-03T01:49:19.548+0600][4.761s][info][gc,phases   ] GC(6)   Post Evacuate Collection Set: 1.02ms
[2026-04-03T01:49:19.548+0600][4.761s][info][gc,phases   ] GC(6)   Other: 0.13ms
[2026-04-03T01:49:19.548+0600][4.761s][info][gc,heap     ] GC(6) Eden regions: 8->0(35)
[2026-04-03T01:49:19.548+0600][4.761s][info][gc,heap     ] GC(6) Survivor regions: 6->6(10)
[2026-04-03T01:49:19.548+0600][4.761s][info][gc,heap     ] GC(6) Old regions: 3->3
[2026-04-03T01:49:19.548+0600][4.761s][info][gc,heap     ] GC(6) Humongous regions: 3->3
[2026-04-03T01:49:19.548+0600][4.761s][info][gc,metaspace] GC(6) Metaspace: 21218K(21504K)->21218K(21504K) NonClass: 18586K(18688K)->18586K(18688K) Class: 2631K(2816K)->2631K(2816K)
[2026-04-03T01:49:19.548+0600][4.761s][info][gc          ] GC(6) Pause Young (Concurrent Start) (Metadata GC Threshold) 35M->22M(248M) 6.114ms
[2026-04-03T01:49:19.548+0600][4.761s][info][gc,cpu      ] GC(6) User=0.01s Sys=0.01s Real=0.00s
[2026-04-03T01:49:19.548+0600][4.761s][info][gc          ] GC(7) Concurrent Mark Cycle
[2026-04-03T01:49:19.548+0600][4.761s][info][gc,marking  ] GC(7) Concurrent Scan Root Regions
[2026-04-03T01:49:19.551+0600][4.764s][info][gc,marking  ] GC(7) Concurrent Scan Root Regions 2.889ms
[2026-04-03T01:49:19.551+0600][4.764s][info][gc,marking  ] GC(7) Concurrent Mark
[2026-04-03T01:49:19.551+0600][4.764s][info][gc,marking  ] GC(7) Concurrent Mark From Roots
[2026-04-03T01:49:19.551+0600][4.764s][info][gc,task     ] GC(7) Using 3 workers of 3 for marking
[2026-04-03T01:49:19.556+0600][4.769s][info][gc,marking  ] GC(7) Concurrent Mark From Roots 4.175ms
[2026-04-03T01:49:19.556+0600][4.769s][info][gc,marking  ] GC(7) Concurrent Preclean
[2026-04-03T01:49:19.556+0600][4.769s][info][gc,marking  ] GC(7) Concurrent Preclean 0.033ms
[2026-04-03T01:49:19.556+0600][4.769s][info][gc,start    ] GC(7) Pause Remark
[2026-04-03T01:49:19.560+0600][4.773s][info][gc          ] GC(7) Pause Remark 23M->23M(80M) 3.505ms
[2026-04-03T01:49:19.560+0600][4.773s][info][gc,cpu      ] GC(7) User=0.01s Sys=0.00s Real=0.00s
[2026-04-03T01:49:19.560+0600][4.773s][info][gc,marking  ] GC(7) Concurrent Mark 8.382ms
[2026-04-03T01:49:19.560+0600][4.773s][info][gc,marking  ] GC(7) Concurrent Rebuild Remembered Sets and Scrub Regions
[2026-04-03T01:49:19.562+0600][4.775s][info][gc,marking  ] GC(7) Concurrent Rebuild Remembered Sets and Scrub Regions 2.223ms
[2026-04-03T01:49:19.572+0600][4.785s][info][gc,start    ] GC(7) Pause Cleanup
[2026-04-03T01:49:19.572+0600][4.785s][info][gc          ] GC(7) Pause Cleanup 23M->23M(80M) 0.168ms
[2026-04-03T01:49:19.573+0600][4.785s][info][gc,cpu      ] GC(7) User=0.00s Sys=0.00s Real=0.00s
[2026-04-03T01:49:19.573+0600][4.786s][info][gc,marking  ] GC(7) Concurrent Clear Claimed Marks
[2026-04-03T01:49:19.573+0600][4.786s][info][gc,marking  ] GC(7) Concurrent Clear Claimed Marks 0.091ms
[2026-04-03T01:49:19.573+0600][4.786s][info][gc,marking  ] GC(7) Concurrent Cleanup for Next Mark
[2026-04-03T01:49:19.574+0600][4.786s][info][gc,marking  ] GC(7) Concurrent Cleanup for Next Mark 0.787ms
[2026-04-03T01:49:19.574+0600][4.787s][info][gc          ] GC(7) Concurrent Mark Cycle 25.266ms
[2026-04-03T01:49:21.147+0600][6.360s][info][gc,start    ] GC(8) Pause Young (Prepare Mixed) (G1 Evacuation Pause)
[2026-04-03T01:49:21.147+0600][6.360s][info][gc,task     ] GC(8) Using 3 workers of 10 for evacuation
[2026-04-03T01:49:21.158+0600][6.371s][info][gc,phases   ] GC(8)   Pre Evacuate Collection Set: 0.26ms
[2026-04-03T01:49:21.158+0600][6.371s][info][gc,phases   ] GC(8)   Merge Heap Roots: 0.09ms
[2026-04-03T01:49:21.158+0600][6.371s][info][gc,phases   ] GC(8)   Evacuate Collection Set: 9.09ms
[2026-04-03T01:49:21.158+0600][6.371s][info][gc,phases   ] GC(8)   Post Evacuate Collection Set: 1.33ms
[2026-04-03T01:49:21.158+0600][6.371s][info][gc,phases   ] GC(8)   Other: 0.08ms
[2026-04-03T01:49:21.158+0600][6.371s][info][gc,heap     ] GC(8) Eden regions: 27->0(28)
[2026-04-03T01:49:21.158+0600][6.371s][info][gc,heap     ] GC(8) Survivor regions: 6->2(6)
[2026-04-03T01:49:21.158+0600][6.371s][info][gc,heap     ] GC(8) Old regions: 3->8
[2026-04-03T01:49:21.158+0600][6.371s][info][gc,heap     ] GC(8) Humongous regions: 7->4
[2026-04-03T01:49:21.158+0600][6.371s][info][gc,metaspace] GC(8) Metaspace: 28624K(28992K)->28624K(28992K) NonClass: 25063K(25280K)->25063K(25280K) Class: 3560K(3712K)->3560K(3712K)
[2026-04-03T01:49:21.158+0600][6.371s][info][gc          ] GC(8) Pause Young (Prepare Mixed) (G1 Evacuation Pause) 84M->25M(100M) 11.110ms
[2026-04-03T01:49:21.158+0600][6.371s][info][gc,cpu      ] GC(8) User=0.02s Sys=0.01s Real=0.01s
[2026-04-03T01:49:23.240+0600][8.453s][info][gc,start    ] GC(9) Pause Young (Mixed) (Metadata GC Threshold)
[2026-04-03T01:49:23.240+0600][8.453s][info][gc,task     ] GC(9) Using 2 workers of 10 for evacuation
[2026-04-03T01:49:23.252+0600][8.465s][info][gc,phases   ] GC(9)   Pre Evacuate Collection Set: 0.27ms
[2026-04-03T01:49:23.252+0600][8.465s][info][gc,phases   ] GC(9)   Merge Heap Roots: 0.24ms
[2026-04-03T01:49:23.252+0600][8.465s][info][gc,phases   ] GC(9)   Evacuate Collection Set: 10.42ms
[2026-04-03T01:49:23.252+0600][8.465s][info][gc,phases   ] GC(9)   Post Evacuate Collection Set: 1.04ms
[2026-04-03T01:49:23.252+0600][8.465s][info][gc,phases   ] GC(9)   Other: 0.13ms
[2026-04-03T01:49:23.252+0600][8.465s][info][gc,heap     ] GC(9) Eden regions: 27->0(27)
[2026-04-03T01:49:23.252+0600][8.465s][info][gc,heap     ] GC(9) Survivor regions: 2->3(4)
[2026-04-03T01:49:23.252+0600][8.465s][info][gc,heap     ] GC(9) Old regions: 8->8
[2026-04-03T01:49:23.252+0600][8.465s][info][gc,heap     ] GC(9) Humongous regions: 10->3
[2026-04-03T01:49:23.253+0600][8.465s][info][gc,metaspace] GC(9) Metaspace: 35727K(36096K)->35727K(36096K) NonClass: 31274K(31488K)->31274K(31488K) Class: 4452K(4608K)->4452K(4608K)
[2026-04-03T01:49:23.253+0600][8.466s][info][gc          ] GC(9) Pause Young (Mixed) (Metadata GC Threshold) 91M->25M(102M) 12.451ms
[2026-04-03T01:49:23.253+0600][8.466s][info][gc,cpu      ] GC(9) User=0.02s Sys=0.00s Real=0.01s
[2026-04-03T01:49:23.276+0600][8.488s][info][gc,start    ] GC(10) Pause Young (Concurrent Start) (Metadata GC Threshold)
[2026-04-03T01:49:23.276+0600][8.489s][info][gc,task     ] GC(10) Using 2 workers of 10 for evacuation
[2026-04-03T01:49:23.284+0600][8.497s][info][gc,phases   ] GC(10)   Pre Evacuate Collection Set: 0.35ms
[2026-04-03T01:49:23.284+0600][8.497s][info][gc,phases   ] GC(10)   Merge Heap Roots: 0.17ms
[2026-04-03T01:49:23.284+0600][8.497s][info][gc,phases   ] GC(10)   Evacuate Collection Set: 7.15ms
[2026-04-03T01:49:23.284+0600][8.497s][info][gc,phases   ] GC(10)   Post Evacuate Collection Set: 0.75ms
[2026-04-03T01:49:23.284+0600][8.497s][info][gc,phases   ] GC(10)   Other: 0.18ms
[2026-04-03T01:49:23.284+0600][8.497s][info][gc,heap     ] GC(10) Eden regions: 2->0(28)
[2026-04-03T01:49:23.284+0600][8.497s][info][gc,heap     ] GC(10) Survivor regions: 3->2(4)
[2026-04-03T01:49:23.284+0600][8.497s][info][gc,heap     ] GC(10) Old regions: 8->9
[2026-04-03T01:49:23.284+0600][8.497s][info][gc,heap     ] GC(10) Humongous regions: 3->3
[2026-04-03T01:49:23.284+0600][8.497s][info][gc,metaspace] GC(10) Metaspace: 36020K(36416K)->36020K(36416K) NonClass: 31530K(31744K)->31530K(31744K) Class: 4490K(4672K)->4490K(4672K)
[2026-04-03T01:49:23.284+0600][8.497s][info][gc          ] GC(10) Pause Young (Concurrent Start) (Metadata GC Threshold) 28M->25M(102M) 8.876ms
[2026-04-03T01:49:23.284+0600][8.497s][info][gc,cpu      ] GC(10) User=0.02s Sys=0.01s Real=0.01s
[2026-04-03T01:49:23.285+0600][8.497s][info][gc          ] GC(11) Concurrent Mark Cycle
[2026-04-03T01:49:23.285+0600][8.498s][info][gc,marking  ] GC(11) Concurrent Scan Root Regions
[2026-04-03T01:49:23.288+0600][8.501s][info][gc,marking  ] GC(11) Concurrent Scan Root Regions 3.041ms
[2026-04-03T01:49:23.288+0600][8.501s][info][gc,marking  ] GC(11) Concurrent Mark
[2026-04-03T01:49:23.288+0600][8.501s][info][gc,marking  ] GC(11) Concurrent Mark From Roots
[2026-04-03T01:49:23.288+0600][8.501s][info][gc,task     ] GC(11) Using 3 workers of 3 for marking
[2026-04-03T01:49:23.294+0600][8.507s][info][gc,marking  ] GC(11) Concurrent Mark From Roots 6.548ms
[2026-04-03T01:49:23.294+0600][8.507s][info][gc,marking  ] GC(11) Concurrent Preclean
[2026-04-03T01:49:23.294+0600][8.507s][info][gc,marking  ] GC(11) Concurrent Preclean 0.081ms
[2026-04-03T01:49:23.295+0600][8.507s][info][gc,start    ] GC(11) Pause Remark
[2026-04-03T01:49:23.301+0600][8.514s][info][gc          ] GC(11) Pause Remark 28M->28M(94M) 6.606ms
[2026-04-03T01:49:23.301+0600][8.514s][info][gc,cpu      ] GC(11) User=0.01s Sys=0.00s Real=0.01s
[2026-04-03T01:49:23.301+0600][8.514s][info][gc,marking  ] GC(11) Concurrent Mark 13.569ms
[2026-04-03T01:49:23.301+0600][8.514s][info][gc,marking  ] GC(11) Concurrent Rebuild Remembered Sets and Scrub Regions
[2026-04-03T01:49:23.306+0600][8.519s][info][gc,marking  ] GC(11) Concurrent Rebuild Remembered Sets and Scrub Regions 4.387ms
[2026-04-03T01:49:23.306+0600][8.519s][info][gc,start    ] GC(11) Pause Cleanup
[2026-04-03T01:49:23.306+0600][8.519s][info][gc          ] GC(11) Pause Cleanup 28M->28M(94M) 0.129ms
[2026-04-03T01:49:23.306+0600][8.519s][info][gc,cpu      ] GC(11) User=0.00s Sys=0.00s Real=0.00s
[2026-04-03T01:49:23.306+0600][8.519s][info][gc,marking  ] GC(11) Concurrent Clear Claimed Marks
[2026-04-03T01:49:23.306+0600][8.519s][info][gc,marking  ] GC(11) Concurrent Clear Claimed Marks 0.051ms
[2026-04-03T01:49:23.306+0600][8.519s][info][gc,marking  ] GC(11) Concurrent Cleanup for Next Mark
[2026-04-03T01:49:23.306+0600][8.519s][info][gc,marking  ] GC(11) Concurrent Cleanup for Next Mark 0.345ms
[2026-04-03T01:49:23.306+0600][8.519s][info][gc          ] GC(11) Concurrent Mark Cycle 21.983ms
[2026-04-03T01:49:25.200+0600][10.413s][info][gc,start    ] GC(12) Pause Young (Prepare Mixed) (G1 Evacuation Pause)
[2026-04-03T01:49:25.200+0600][10.413s][info][gc,task     ] GC(12) Using 2 workers of 10 for evacuation
[2026-04-03T01:49:25.212+0600][10.425s][info][gc,phases   ] GC(12)   Pre Evacuate Collection Set: 0.23ms
[2026-04-03T01:49:25.212+0600][10.425s][info][gc,phases   ] GC(12)   Merge Heap Roots: 0.10ms
[2026-04-03T01:49:25.212+0600][10.425s][info][gc,phases   ] GC(12)   Evacuate Collection Set: 10.38ms
[2026-04-03T01:49:25.212+0600][10.425s][info][gc,phases   ] GC(12)   Post Evacuate Collection Set: 0.83ms
[2026-04-03T01:49:25.212+0600][10.425s][info][gc,phases   ] GC(12)   Other: 0.09ms
[2026-04-03T01:49:25.212+0600][10.425s][info][gc,heap     ] GC(12) Eden regions: 27->0(33)
[2026-04-03T01:49:25.212+0600][10.425s][info][gc,heap     ] GC(12) Survivor regions: 2->3(4)
[2026-04-03T01:49:25.212+0600][10.425s][info][gc,heap     ] GC(12) Old regions: 9->9
[2026-04-03T01:49:25.212+0600][10.425s][info][gc,heap     ] GC(12) Humongous regions: 9->3
[2026-04-03T01:49:25.212+0600][10.425s][info][gc,metaspace] GC(12) Metaspace: 42850K(43264K)->42850K(43264K) NonClass: 37516K(37760K)->37516K(37760K) Class: 5334K(5504K)->5334K(5504K)
[2026-04-03T01:49:25.212+0600][10.425s][info][gc          ] GC(12) Pause Young (Prepare Mixed) (G1 Evacuation Pause) 91M->27M(120M) 11.919ms
[2026-04-03T01:49:25.212+0600][10.425s][info][gc,cpu      ] GC(12) User=0.03s Sys=0.01s Real=0.01s
[2026-04-03T01:49:25.921+0600][11.134s][info][gc,start    ] GC(13) Pause Young (Mixed) (G1 Evacuation Pause)
[2026-04-03T01:49:25.921+0600][11.134s][info][gc,task     ] GC(13) Using 2 workers of 10 for evacuation
[2026-04-03T01:49:26.039+0600][11.251s][info][gc,mmu      ] GC(13) MMU target violated: 51.0ms (50.0ms/51.0ms)
[2026-04-03T01:49:26.039+0600][11.252s][info][gc,phases   ] GC(13)   Pre Evacuate Collection Set: 0.24ms
[2026-04-03T01:49:26.039+0600][11.252s][info][gc,phases   ] GC(13)   Merge Heap Roots: 0.10ms
[2026-04-03T01:49:26.039+0600][11.252s][info][gc,phases   ] GC(13)   Evacuate Collection Set: 116.53ms
[2026-04-03T01:49:26.039+0600][11.252s][info][gc,phases   ] GC(13)   Post Evacuate Collection Set: 0.59ms
[2026-04-03T01:49:26.039+0600][11.252s][info][gc,phases   ] GC(13)   Other: 0.16ms
[2026-04-03T01:49:26.039+0600][11.252s][info][gc,heap     ] GC(13) Eden regions: 33->0(25)
[2026-04-03T01:49:26.039+0600][11.252s][info][gc,heap     ] GC(13) Survivor regions: 3->5(5)
[2026-04-03T01:49:26.039+0600][11.252s][info][gc,heap     ] GC(13) Old regions: 9->15
[2026-04-03T01:49:26.039+0600][11.252s][info][gc,heap     ] GC(13) Humongous regions: 3->3
[2026-04-03T01:49:26.039+0600][11.252s][info][gc,metaspace] GC(13) Metaspace: 49618K(50048K)->49618K(50048K) NonClass: 43451K(43712K)->43451K(43712K) Class: 6166K(6336K)->6166K(6336K)
[2026-04-03T01:49:26.039+0600][11.252s][info][gc          ] GC(13) Pause Young (Mixed) (G1 Evacuation Pause) 93M->45M(120M) 117.830ms
[2026-04-03T01:49:26.039+0600][11.252s][info][gc,cpu      ] GC(13) User=0.25s Sys=0.00s Real=0.11s
[2026-04-03T01:49:26.148+0600][11.361s][info][gc,start    ] GC(14) Pause Young (Normal) (G1 Evacuation Pause)
[2026-04-03T01:49:26.148+0600][11.361s][info][gc,task     ] GC(14) Using 2 workers of 10 for evacuation
[2026-04-03T01:49:26.469+0600][11.682s][info][gc,mmu      ] GC(14) MMU target violated: 51.0ms (50.0ms/51.0ms)
[2026-04-03T01:49:26.469+0600][11.682s][info][gc,phases   ] GC(14)   Pre Evacuate Collection Set: 0.35ms
[2026-04-03T01:49:26.469+0600][11.682s][info][gc,phases   ] GC(14)   Merge Heap Roots: 0.19ms
[2026-04-03T01:49:26.469+0600][11.682s][info][gc,phases   ] GC(14)   Evacuate Collection Set: 319.64ms
[2026-04-03T01:49:26.469+0600][11.682s][info][gc,phases   ] GC(14)   Post Evacuate Collection Set: 0.78ms
[2026-04-03T01:49:26.469+0600][11.682s][info][gc,phases   ] GC(14)   Other: 0.20ms
[2026-04-03T01:49:26.469+0600][11.682s][info][gc,heap     ] GC(14) Eden regions: 25->0(2)
[2026-04-03T01:49:26.469+0600][11.682s][info][gc,heap     ] GC(14) Survivor regions: 5->4(4)
[2026-04-03T01:49:26.469+0600][11.682s][info][gc,heap     ] GC(14) Old regions: 15->42
[2026-04-03T01:49:26.469+0600][11.682s][info][gc,heap     ] GC(14) Humongous regions: 3->3
[2026-04-03T01:49:26.469+0600][11.682s][info][gc,metaspace] GC(14) Metaspace: 49618K(50048K)->49618K(50048K) NonClass: 43451K(43712K)->43451K(43712K) Class: 6166K(6336K)->6166K(6336K)
[2026-04-03T01:49:26.469+0600][11.682s][info][gc          ] GC(14) Pause Young (Normal) (G1 Evacuation Pause) 95M->96M(158M) 321.384ms
[2026-04-03T01:49:26.469+0600][11.682s][info][gc,cpu      ] GC(14) User=0.61s Sys=0.03s Real=0.32s
[2026-04-03T01:49:26.483+0600][11.696s][info][gc,start    ] GC(15) Pause Young (Concurrent Start) (G1 Evacuation Pause)
[2026-04-03T01:49:26.483+0600][11.696s][info][gc,task     ] GC(15) Using 3 workers of 10 for evacuation
[2026-04-03T01:49:26.540+0600][11.753s][info][gc,mmu      ] GC(15) MMU target violated: 51.0ms (50.0ms/51.0ms)
[2026-04-03T01:49:26.540+0600][11.753s][info][gc,phases   ] GC(15)   Pre Evacuate Collection Set: 0.38ms
[2026-04-03T01:49:26.540+0600][11.753s][info][gc,phases   ] GC(15)   Merge Heap Roots: 0.06ms
[2026-04-03T01:49:26.540+0600][11.753s][info][gc,phases   ] GC(15)   Evacuate Collection Set: 56.08ms
[2026-04-03T01:49:26.540+0600][11.753s][info][gc,phases   ] GC(15)   Post Evacuate Collection Set: 0.37ms
[2026-04-03T01:49:26.540+0600][11.753s][info][gc,phases   ] GC(15)   Other: 0.28ms
[2026-04-03T01:49:26.540+0600][11.753s][info][gc,heap     ] GC(15) Eden regions: 2->0(4)
[2026-04-03T01:49:26.540+0600][11.753s][info][gc,heap     ] GC(15) Survivor regions: 4->1(1)
[2026-04-03T01:49:26.540+0600][11.753s][info][gc,heap     ] GC(15) Old regions: 42->47
[2026-04-03T01:49:26.540+0600][11.753s][info][gc,heap     ] GC(15) Humongous regions: 3->3
[2026-04-03T01:49:26.540+0600][11.753s][info][gc,metaspace] GC(15) Metaspace: 49618K(50048K)->49618K(50048K) NonClass: 43451K(43712K)->43451K(43712K) Class: 6166K(6336K)->6166K(6336K)
[2026-04-03T01:49:26.540+0600][11.753s][info][gc          ] GC(15) Pause Young (Concurrent Start) (G1 Evacuation Pause) 100M->101M(158M) 57.349ms
[2026-04-03T01:49:26.540+0600][11.753s][info][gc,cpu      ] GC(15) User=0.16s Sys=0.00s Real=0.06s
[2026-04-03T01:49:26.540+0600][11.753s][info][gc          ] GC(16) Concurrent Mark Cycle
[2026-04-03T01:49:26.540+0600][11.753s][info][gc,marking  ] GC(16) Concurrent Scan Root Regions
[2026-04-03T01:49:26.544+0600][11.757s][info][gc,marking  ] GC(16) Concurrent Scan Root Regions 3.916ms
[2026-04-03T01:49:26.544+0600][11.757s][info][gc,marking  ] GC(16) Concurrent Mark
[2026-04-03T01:49:26.544+0600][11.757s][info][gc,marking  ] GC(16) Concurrent Mark From Roots
[2026-04-03T01:49:26.544+0600][11.757s][info][gc,task     ] GC(16) Using 3 workers of 3 for marking
[2026-04-03T01:49:26.573+0600][11.786s][info][gc,start    ] GC(17) Pause Young (Normal) (G1 Evacuation Pause)
[2026-04-03T01:49:26.573+0600][11.786s][info][gc,task     ] GC(17) Using 3 workers of 10 for evacuation
[2026-04-03T01:49:26.636+0600][11.849s][info][gc,mmu      ] GC(17) MMU target violated: 51.0ms (50.0ms/51.0ms)
[2026-04-03T01:49:26.636+0600][11.849s][info][gc,phases   ] GC(17)   Pre Evacuate Collection Set: 0.30ms
[2026-04-03T01:49:26.636+0600][11.849s][info][gc,phases   ] GC(17)   Merge Heap Roots: 0.11ms
[2026-04-03T01:49:26.637+0600][11.849s][info][gc,phases   ] GC(17)   Evacuate Collection Set: 62.31ms
[2026-04-03T01:49:26.637+0600][11.849s][info][gc,phases   ] GC(17)   Post Evacuate Collection Set: 0.43ms
[2026-04-03T01:49:26.637+0600][11.849s][info][gc,phases   ] GC(17)   Other: 0.18ms
[2026-04-03T01:49:26.637+0600][11.849s][info][gc,heap     ] GC(17) Eden regions: 4->0(3)
[2026-04-03T01:49:26.637+0600][11.849s][info][gc,heap     ] GC(17) Survivor regions: 1->1(1)
[2026-04-03T01:49:26.637+0600][11.850s][info][gc,heap     ] GC(17) Old regions: 47->52
[2026-04-03T01:49:26.637+0600][11.850s][info][gc,heap     ] GC(17) Humongous regions: 3->3
[2026-04-03T01:49:26.637+0600][11.850s][info][gc,metaspace] GC(17) Metaspace: 49618K(50048K)->49618K(50048K) NonClass: 43451K(43712K)->43451K(43712K) Class: 6166K(6336K)->6166K(6336K)
[2026-04-03T01:49:26.637+0600][11.850s][info][gc          ] GC(17) Pause Young (Normal) (G1 Evacuation Pause) 109M->110M(158M) 63.585ms
[2026-04-03T01:49:26.637+0600][11.850s][info][gc,cpu      ] GC(17) User=0.22s Sys=0.01s Real=0.06s
[2026-04-03T01:49:26.661+0600][11.874s][info][gc,start    ] GC(18) Pause Young (Normal) (G1 Evacuation Pause)
[2026-04-03T01:49:26.661+0600][11.874s][info][gc,task     ] GC(18) Using 3 workers of 10 for evacuation
[2026-04-03T01:49:26.705+0600][11.917s][info][gc,phases   ] GC(18)   Pre Evacuate Collection Set: 0.17ms
[2026-04-03T01:49:26.705+0600][11.918s][info][gc,phases   ] GC(18)   Merge Heap Roots: 0.09ms
[2026-04-03T01:49:26.705+0600][11.918s][info][gc,phases   ] GC(18)   Evacuate Collection Set: 41.53ms
[2026-04-03T01:49:26.705+0600][11.918s][info][gc,phases   ] GC(18)   Post Evacuate Collection Set: 1.33ms
[2026-04-03T01:49:26.705+0600][11.918s][info][gc,phases   ] GC(18)   Other: 0.07ms
[2026-04-03T01:49:26.705+0600][11.918s][info][gc,heap     ] GC(18) Eden regions: 3->0(10)
[2026-04-03T01:49:26.705+0600][11.918s][info][gc,heap     ] GC(18) Survivor regions: 1->1(1)
[2026-04-03T01:49:26.705+0600][11.918s][info][gc,heap     ] GC(18) Old regions: 52->55
[2026-04-03T01:49:26.705+0600][11.918s][info][gc,heap     ] GC(18) Humongous regions: 3->3
[2026-04-03T01:49:26.705+0600][11.918s][info][gc,metaspace] GC(18) Metaspace: 49618K(50048K)->49618K(50048K) NonClass: 43451K(43712K)->43451K(43712K) Class: 6166K(6336K)->6166K(6336K)
[2026-04-03T01:49:26.705+0600][11.918s][info][gc          ] GC(18) Pause Young (Normal) (G1 Evacuation Pause) 116M->117M(474M) 43.494ms
[2026-04-03T01:49:26.705+0600][11.918s][info][gc,cpu      ] GC(18) User=0.12s Sys=0.01s Real=0.04s
[2026-04-03T01:49:26.791+0600][12.004s][info][gc,start    ] GC(19) Pause Young (Normal) (G1 Evacuation Pause)
[2026-04-03T01:49:26.791+0600][12.004s][info][gc,task     ] GC(19) Using 10 workers of 10 for evacuation
[2026-04-03T01:49:26.931+0600][12.144s][info][gc,mmu      ] GC(19) MMU target violated: 51.0ms (50.0ms/51.0ms)
[2026-04-03T01:49:26.931+0600][12.144s][info][gc,phases   ] GC(19)   Pre Evacuate Collection Set: 0.23ms
[2026-04-03T01:49:26.931+0600][12.144s][info][gc,phases   ] GC(19)   Merge Heap Roots: 0.08ms
[2026-04-03T01:49:26.931+0600][12.144s][info][gc,phases   ] GC(19)   Evacuate Collection Set: 138.88ms
[2026-04-03T01:49:26.931+0600][12.144s][info][gc,phases   ] GC(19)   Post Evacuate Collection Set: 0.34ms
[2026-04-03T01:49:26.931+0600][12.144s][info][gc,phases   ] GC(19)   Other: 0.18ms
[2026-04-03T01:49:26.931+0600][12.144s][info][gc,heap     ] GC(19) Eden regions: 10->0(9)
[2026-04-03T01:49:26.931+0600][12.144s][info][gc,heap     ] GC(19) Survivor regions: 1->2(2)
[2026-04-03T01:49:26.931+0600][12.144s][info][gc,heap     ] GC(19) Old regions: 55->65
[2026-04-03T01:49:26.931+0600][12.144s][info][gc,heap     ] GC(19) Humongous regions: 3->3
[2026-04-03T01:49:26.931+0600][12.144s][info][gc,metaspace] GC(19) Metaspace: 49618K(50048K)->49618K(50048K) NonClass: 43451K(43712K)->43451K(43712K) Class: 6166K(6336K)->6166K(6336K)
[2026-04-03T01:49:26.931+0600][12.144s][info][gc          ] GC(19) Pause Young (Normal) (G1 Evacuation Pause) 137M->137M(474M) 139.897ms
[2026-04-03T01:49:26.931+0600][12.144s][info][gc,cpu      ] GC(19) User=0.34s Sys=0.06s Real=0.14s
[2026-04-03T01:49:26.999+0600][12.212s][info][gc,marking  ] GC(16) Concurrent Mark From Roots 454.834ms
[2026-04-03T01:49:26.999+0600][12.212s][info][gc,marking  ] GC(16) Concurrent Preclean
[2026-04-03T01:49:27.000+0600][12.212s][info][gc,marking  ] GC(16) Concurrent Preclean 0.156ms
[2026-04-03T01:49:27.000+0600][12.213s][info][gc,start    ] GC(16) Pause Remark
[2026-04-03T01:49:27.003+0600][12.216s][info][gc          ] GC(16) Pause Remark 155M->155M(468M) 3.403ms
[2026-04-03T01:49:27.003+0600][12.216s][info][gc,cpu      ] GC(16) User=0.02s Sys=0.00s Real=0.00s
[2026-04-03T01:49:27.003+0600][12.216s][info][gc,marking  ] GC(16) Concurrent Mark 458.961ms
[2026-04-03T01:49:27.003+0600][12.216s][info][gc,marking  ] GC(16) Concurrent Rebuild Remembered Sets and Scrub Regions
[2026-04-03T01:49:27.005+0600][12.217s][info][gc,start    ] GC(20) Pause Young (Normal) (G1 Evacuation Pause)
[2026-04-03T01:49:27.005+0600][12.218s][info][gc,task     ] GC(20) Using 10 workers of 10 for evacuation
[2026-04-03T01:49:27.160+0600][12.373s][info][gc,mmu      ] GC(20) MMU target violated: 51.0ms (50.0ms/51.0ms)
[2026-04-03T01:49:27.160+0600][12.373s][info][gc,phases   ] GC(20)   Pre Evacuate Collection Set: 0.35ms
[2026-04-03T01:49:27.160+0600][12.373s][info][gc,phases   ] GC(20)   Merge Heap Roots: 0.11ms
[2026-04-03T01:49:27.160+0600][12.373s][info][gc,phases   ] GC(20)   Evacuate Collection Set: 154.07ms
[2026-04-03T01:49:27.160+0600][12.373s][info][gc,phases   ] GC(20)   Post Evacuate Collection Set: 0.37ms
[2026-04-03T01:49:27.160+0600][12.373s][info][gc,phases   ] GC(20)   Other: 0.18ms
[2026-04-03T01:49:27.160+0600][12.373s][info][gc,heap     ] GC(20) Eden regions: 9->0(9)
[2026-04-03T01:49:27.160+0600][12.373s][info][gc,heap     ] GC(20) Survivor regions: 2->2(2)
[2026-04-03T01:49:27.160+0600][12.373s][info][gc,heap     ] GC(20) Old regions: 65->75
[2026-04-03T01:49:27.160+0600][12.373s][info][gc,heap     ] GC(20) Humongous regions: 3->3
[2026-04-03T01:49:27.160+0600][12.373s][info][gc,metaspace] GC(20) Metaspace: 49618K(50048K)->49618K(50048K) NonClass: 43451K(43712K)->43451K(43712K) Class: 6166K(6336K)->6166K(6336K)
[2026-04-03T01:49:27.160+0600][12.373s][info][gc          ] GC(20) Pause Young (Normal) (G1 Evacuation Pause) 155M->157M(468M) 155.300ms
[2026-04-03T01:49:27.160+0600][12.373s][info][gc,cpu      ] GC(20) User=0.57s Sys=0.04s Real=0.16s
[2026-04-03T01:49:27.193+0600][12.406s][info][gc,marking  ] GC(16) Concurrent Rebuild Remembered Sets and Scrub Regions 189.986ms
[2026-04-03T01:49:27.194+0600][12.407s][info][gc,start    ] GC(16) Pause Cleanup
[2026-04-03T01:49:27.194+0600][12.407s][info][gc          ] GC(16) Pause Cleanup 169M->169M(468M) 0.293ms
[2026-04-03T01:49:27.194+0600][12.407s][info][gc,cpu      ] GC(16) User=0.00s Sys=0.00s Real=0.00s
[2026-04-03T01:49:27.194+0600][12.407s][info][gc,marking  ] GC(16) Concurrent Clear Claimed Marks
[2026-04-03T01:49:27.194+0600][12.407s][info][gc,marking  ] GC(16) Concurrent Clear Claimed Marks 0.106ms
[2026-04-03T01:49:27.194+0600][12.407s][info][gc,marking  ] GC(16) Concurrent Cleanup for Next Mark
[2026-04-03T01:49:27.197+0600][12.410s][info][gc,marking  ] GC(16) Concurrent Cleanup for Next Mark 2.420ms
[2026-04-03T01:49:27.197+0600][12.410s][info][gc          ] GC(16) Concurrent Mark Cycle 656.444ms
[2026-04-03T01:49:27.212+0600][12.425s][info][gc,start    ] GC(21) Pause Young (Prepare Mixed) (G1 Evacuation Pause)
[2026-04-03T01:49:27.212+0600][12.425s][info][gc,task     ] GC(21) Using 10 workers of 10 for evacuation
[2026-04-03T01:49:27.334+0600][12.547s][info][gc,mmu      ] GC(21) MMU target violated: 51.0ms (50.0ms/51.0ms)
[2026-04-03T01:49:27.334+0600][12.547s][info][gc,phases   ] GC(21)   Pre Evacuate Collection Set: 0.18ms
[2026-04-03T01:49:27.334+0600][12.547s][info][gc,phases   ] GC(21)   Merge Heap Roots: 0.15ms
[2026-04-03T01:49:27.334+0600][12.547s][info][gc,phases   ] GC(21)   Evacuate Collection Set: 120.51ms
[2026-04-03T01:49:27.334+0600][12.547s][info][gc,phases   ] GC(21)   Post Evacuate Collection Set: 0.69ms
[2026-04-03T01:49:27.334+0600][12.547s][info][gc,phases   ] GC(21)   Other: 0.16ms
[2026-04-03T01:49:27.334+0600][12.547s][info][gc,heap     ] GC(21) Eden regions: 9->0(9)
[2026-04-03T01:49:27.334+0600][12.547s][info][gc,heap     ] GC(21) Survivor regions: 2->2(2)
[2026-04-03T01:49:27.334+0600][12.547s][info][gc,heap     ] GC(21) Old regions: 75->85
[2026-04-03T01:49:27.334+0600][12.547s][info][gc,heap     ] GC(21) Humongous regions: 3->3
[2026-04-03T01:49:27.334+0600][12.547s][info][gc,metaspace] GC(21) Metaspace: 49618K(50048K)->49618K(50048K) NonClass: 43451K(43712K)->43451K(43712K) Class: 6166K(6336K)->6166K(6336K)
[2026-04-03T01:49:27.334+0600][12.547s][info][gc          ] GC(21) Pause Young (Prepare Mixed) (G1 Evacuation Pause) 175M->176M(468M) 121.919ms
[2026-04-03T01:49:27.334+0600][12.547s][info][gc,cpu      ] GC(21) User=0.44s Sys=0.06s Real=0.12s
[2026-04-03T01:49:27.380+0600][12.593s][info][gc,start    ] GC(22) Pause Young (Mixed) (G1 Evacuation Pause)
[2026-04-03T01:49:27.380+0600][12.593s][info][gc,task     ] GC(22) Using 10 workers of 10 for evacuation
[2026-04-03T01:49:27.521+0600][12.734s][info][gc,mmu      ] GC(22) MMU target violated: 51.0ms (50.0ms/51.0ms)
[2026-04-03T01:49:27.521+0600][12.734s][info][gc,phases   ] GC(22)   Pre Evacuate Collection Set: 0.24ms
[2026-04-03T01:49:27.521+0600][12.734s][info][gc,phases   ] GC(22)   Merge Heap Roots: 0.09ms
[2026-04-03T01:49:27.521+0600][12.734s][info][gc,phases   ] GC(22)   Evacuate Collection Set: 140.26ms
[2026-04-03T01:49:27.521+0600][12.734s][info][gc,phases   ] GC(22)   Post Evacuate Collection Set: 0.41ms
[2026-04-03T01:49:27.521+0600][12.734s][info][gc,phases   ] GC(22)   Other: 0.20ms
[2026-04-03T01:49:27.521+0600][12.734s][info][gc,heap     ] GC(22) Eden regions: 9->0(9)
[2026-04-03T01:49:27.522+0600][12.734s][info][gc,heap     ] GC(22) Survivor regions: 2->2(2)
[2026-04-03T01:49:27.522+0600][12.734s][info][gc,heap     ] GC(22) Old regions: 85->93
[2026-04-03T01:49:27.522+0600][12.734s][info][gc,heap     ] GC(22) Humongous regions: 3->3
[2026-04-03T01:49:27.522+0600][12.734s][info][gc,metaspace] GC(22) Metaspace: 49618K(50048K)->49618K(50048K) NonClass: 43451K(43712K)->43451K(43712K) Class: 6166K(6336K)->6166K(6336K)
[2026-04-03T01:49:27.522+0600][12.735s][info][gc          ] GC(22) Pause Young (Mixed) (G1 Evacuation Pause) 194M->195M(468M) 141.473ms
[2026-04-03T01:49:27.522+0600][12.735s][info][gc,cpu      ] GC(22) User=0.52s Sys=0.05s Real=0.14s
[2026-04-03T01:49:27.578+0600][12.791s][info][gc,start    ] GC(23) Pause Young (Normal) (G1 Evacuation Pause)
[2026-04-03T01:49:27.582+0600][12.795s][info][gc,task     ] GC(23) Using 10 workers of 10 for evacuation
[2026-04-03T01:49:27.721+0600][12.934s][info][gc,mmu      ] GC(23) MMU target violated: 51.0ms (50.0ms/51.0ms)
[2026-04-03T01:49:27.721+0600][12.934s][info][gc,phases   ] GC(23)   Pre Evacuate Collection Set: 0.28ms
[2026-04-03T01:49:27.721+0600][12.934s][info][gc,phases   ] GC(23)   Merge Heap Roots: 0.06ms
[2026-04-03T01:49:27.721+0600][12.934s][info][gc,phases   ] GC(23)   Evacuate Collection Set: 134.08ms
[2026-04-03T01:49:27.721+0600][12.934s][info][gc,phases   ] GC(23)   Post Evacuate Collection Set: 4.45ms
[2026-04-03T01:49:27.721+0600][12.934s][info][gc,phases   ] GC(23)   Other: 0.16ms
[2026-04-03T01:49:27.721+0600][12.934s][info][gc,heap     ] GC(23) Eden regions: 9->0(33)
[2026-04-03T01:49:27.721+0600][12.934s][info][gc,heap     ] GC(23) Survivor regions: 2->2(2)
[2026-04-03T01:49:27.721+0600][12.934s][info][gc,heap     ] GC(23) Old regions: 93->103
[2026-04-03T01:49:27.721+0600][12.934s][info][gc,heap     ] GC(23) Humongous regions: 3->3
[2026-04-03T01:49:27.721+0600][12.934s][info][gc,metaspace] GC(23) Metaspace: 49618K(50048K)->49618K(50048K) NonClass: 43451K(43712K)->43451K(43712K) Class: 6166K(6336K)->6166K(6336K)
[2026-04-03T01:49:27.721+0600][12.934s][info][gc          ] GC(23) Pause Young (Normal) (G1 Evacuation Pause) 213M->214M(1404M) 143.440ms
[2026-04-03T01:49:27.721+0600][12.934s][info][gc,cpu      ] GC(23) User=0.46s Sys=0.07s Real=0.15s
[2026-04-03T01:49:27.934+0600][13.147s][info][gc,start    ] GC(24) Pause Young (Normal) (G1 Evacuation Pause)
[2026-04-03T01:49:27.934+0600][13.147s][info][gc,task     ] GC(24) Using 10 workers of 10 for evacuation
[2026-04-03T01:49:28.456+0600][13.669s][info][gc,mmu      ] GC(24) MMU target violated: 51.0ms (50.0ms/51.0ms)
[2026-04-03T01:49:28.456+0600][13.669s][info][gc,phases   ] GC(24)   Pre Evacuate Collection Set: 0.35ms
[2026-04-03T01:49:28.456+0600][13.669s][info][gc,phases   ] GC(24)   Merge Heap Roots: 0.09ms
[2026-04-03T01:49:28.456+0600][13.669s][info][gc,phases   ] GC(24)   Evacuate Collection Set: 520.83ms
[2026-04-03T01:49:28.456+0600][13.669s][info][gc,phases   ] GC(24)   Post Evacuate Collection Set: 0.50ms
[2026-04-03T01:49:28.456+0600][13.669s][info][gc,phases   ] GC(24)   Other: 0.22ms
[2026-04-03T01:49:28.456+0600][13.669s][info][gc,heap     ] GC(24) Eden regions: 33->0(30)
[2026-04-03T01:49:28.456+0600][13.669s][info][gc,heap     ] GC(24) Survivor regions: 2->5(5)
[2026-04-03T01:49:28.456+0600][13.669s][info][gc,heap     ] GC(24) Old regions: 103->134
[2026-04-03T01:49:28.456+0600][13.669s][info][gc,heap     ] GC(24) Humongous regions: 3->3
[2026-04-03T01:49:28.456+0600][13.669s][info][gc,metaspace] GC(24) Metaspace: 49618K(50048K)->49618K(50048K) NonClass: 43451K(43712K)->43451K(43712K) Class: 6166K(6336K)->6166K(6336K)
[2026-04-03T01:49:28.456+0600][13.669s][info][gc          ] GC(24) Pause Young (Normal) (G1 Evacuation Pause) 280M->282M(1404M) 522.241ms
[2026-04-03T01:49:28.456+0600][13.669s][info][gc,cpu      ] GC(24) User=1.12s Sys=0.15s Real=0.52s
[2026-04-03T01:49:28.621+0600][13.834s][info][gc,start    ] GC(25) Pause Young (Concurrent Start) (G1 Evacuation Pause)
[2026-04-03T01:49:28.621+0600][13.834s][info][gc,task     ] GC(25) Using 10 workers of 10 for evacuation
[2026-04-03T01:49:29.037+0600][14.250s][info][gc,mmu      ] GC(25) MMU target violated: 51.0ms (50.0ms/51.0ms)
[2026-04-03T01:49:29.037+0600][14.250s][info][gc,phases   ] GC(25)   Pre Evacuate Collection Set: 0.55ms
[2026-04-03T01:49:29.037+0600][14.250s][info][gc,phases   ] GC(25)   Merge Heap Roots: 0.09ms
[2026-04-03T01:49:29.037+0600][14.250s][info][gc,phases   ] GC(25)   Evacuate Collection Set: 415.29ms
[2026-04-03T01:49:29.037+0600][14.250s][info][gc,phases   ] GC(25)   Post Evacuate Collection Set: 0.34ms
[2026-04-03T01:49:29.037+0600][14.250s][info][gc,phases   ] GC(25)   Other: 0.16ms
[2026-04-03T01:49:29.038+0600][14.250s][info][gc,heap     ] GC(25) Eden regions: 30->0(30)
[2026-04-03T01:49:29.038+0600][14.250s][info][gc,heap     ] GC(25) Survivor regions: 5->5(5)
[2026-04-03T01:49:29.038+0600][14.250s][info][gc,heap     ] GC(25) Old regions: 134->165
[2026-04-03T01:49:29.038+0600][14.250s][info][gc,heap     ] GC(25) Humongous regions: 3->3
[2026-04-03T01:49:29.038+0600][14.250s][info][gc,metaspace] GC(25) Metaspace: 49618K(50048K)->49618K(50048K) NonClass: 43451K(43712K)->43451K(43712K) Class: 6166K(6336K)->6166K(6336K)
[2026-04-03T01:49:29.038+0600][14.251s][info][gc          ] GC(25) Pause Young (Concurrent Start) (G1 Evacuation Pause) 342M->345M(1404M) 416.633ms
[2026-04-03T01:49:29.038+0600][14.251s][info][gc          ] GC(26) Concurrent Mark Cycle
[2026-04-03T01:49:29.038+0600][14.251s][info][gc,cpu      ] GC(25) User=1.41s Sys=0.11s Real=0.41s
[2026-04-03T01:49:29.038+0600][14.251s][info][gc,marking  ] GC(26) Concurrent Scan Root Regions
[2026-04-03T01:49:29.055+0600][14.268s][info][gc,marking  ] GC(26) Concurrent Scan Root Regions 17.267ms
[2026-04-03T01:49:29.055+0600][14.268s][info][gc,marking  ] GC(26) Concurrent Mark
[2026-04-03T01:49:29.055+0600][14.268s][info][gc,marking  ] GC(26) Concurrent Mark From Roots
[2026-04-03T01:49:29.055+0600][14.268s][info][gc,task     ] GC(26) Using 3 workers of 3 for marking
[2026-04-03T01:49:29.250+0600][14.463s][info][gc,start    ] GC(27) Pause Young (Normal) (G1 Evacuation Pause)
[2026-04-03T01:49:29.250+0600][14.463s][info][gc,task     ] GC(27) Using 10 workers of 10 for evacuation
[2026-04-03T01:49:29.729+0600][14.942s][info][gc,mmu      ] GC(27) MMU target violated: 51.0ms (50.0ms/51.0ms)
[2026-04-03T01:49:29.729+0600][14.942s][info][gc,phases   ] GC(27)   Pre Evacuate Collection Set: 0.42ms
[2026-04-03T01:49:29.729+0600][14.942s][info][gc,phases   ] GC(27)   Merge Heap Roots: 0.16ms
[2026-04-03T01:49:29.729+0600][14.942s][info][gc,phases   ] GC(27)   Evacuate Collection Set: 478.06ms
[2026-04-03T01:49:29.729+0600][14.942s][info][gc,phases   ] GC(27)   Post Evacuate Collection Set: 0.37ms
[2026-04-03T01:49:29.729+0600][14.942s][info][gc,phases   ] GC(27)   Other: 0.15ms
[2026-04-03T01:49:29.729+0600][14.942s][info][gc,heap     ] GC(27) Eden regions: 30->0(30)
[2026-04-03T01:49:29.729+0600][14.942s][info][gc,heap     ] GC(27) Survivor regions: 5->5(5)
[2026-04-03T01:49:29.729+0600][14.942s][info][gc,heap     ] GC(27) Old regions: 165->197
[2026-04-03T01:49:29.729+0600][14.942s][info][gc,heap     ] GC(27) Humongous regions: 3->3
[2026-04-03T01:49:29.729+0600][14.942s][info][gc,metaspace] GC(27) Metaspace: 49618K(50048K)->49618K(50048K) NonClass: 43451K(43712K)->43451K(43712K) Class: 6166K(6336K)->6166K(6336K)
[2026-04-03T01:49:29.729+0600][14.942s][info][gc          ] GC(27) Pause Young (Normal) (G1 Evacuation Pause) 405M->409M(1404M) 479.357ms
[2026-04-03T01:49:29.729+0600][14.942s][info][gc,cpu      ] GC(27) User=1.57s Sys=0.19s Real=0.47s
[2026-04-03T01:49:29.939+0600][15.152s][info][gc,start    ] GC(28) Pause Young (Normal) (G1 Evacuation Pause)
[2026-04-03T01:49:29.939+0600][15.152s][info][gc,task     ] GC(28) Using 10 workers of 10 for evacuation
[2026-04-03T01:49:30.350+0600][15.563s][info][gc,mmu      ] GC(28) MMU target violated: 51.0ms (50.0ms/51.0ms)
[2026-04-03T01:49:30.350+0600][15.563s][info][gc,phases   ] GC(28)   Pre Evacuate Collection Set: 0.36ms
[2026-04-03T01:49:30.350+0600][15.563s][info][gc,phases   ] GC(28)   Merge Heap Roots: 0.16ms
[2026-04-03T01:49:30.350+0600][15.563s][info][gc,phases   ] GC(28)   Evacuate Collection Set: 404.45ms
[2026-04-03T01:49:30.350+0600][15.563s][info][gc,phases   ] GC(28)   Post Evacuate Collection Set: 5.32ms
[2026-04-03T01:49:30.350+0600][15.563s][info][gc,phases   ] GC(28)   Other: 0.20ms
[2026-04-03T01:49:30.350+0600][15.563s][info][gc,heap     ] GC(28) Eden regions: 30->0(55)
[2026-04-03T01:49:30.350+0600][15.563s][info][gc,heap     ] GC(28) Survivor regions: 5->5(5)
[2026-04-03T01:49:30.350+0600][15.563s][info][gc,heap     ] GC(28) Old regions: 197->229
[2026-04-03T01:49:30.350+0600][15.563s][info][gc,heap     ] GC(28) Humongous regions: 3->3
[2026-04-03T01:49:30.350+0600][15.563s][info][gc,metaspace] GC(28) Metaspace: 49618K(50048K)->49618K(50048K) NonClass: 43451K(43712K)->43451K(43712K) Class: 6166K(6336K)->6166K(6336K)
[2026-04-03T01:49:30.350+0600][15.563s][info][gc          ] GC(28) Pause Young (Normal) (G1 Evacuation Pause) 469M->473M(2412M) 410.986ms
[2026-04-03T01:49:30.350+0600][15.563s][info][gc,cpu      ] GC(28) User=1.30s Sys=0.16s Real=0.42s
[2026-04-03T01:49:30.584+0600][15.797s][info][gc,marking  ] GC(26) Concurrent Mark From Roots 1529.047ms
[2026-04-03T01:49:30.584+0600][15.797s][info][gc,marking  ] GC(26) Concurrent Preclean
[2026-04-03T01:49:30.584+0600][15.797s][info][gc,marking  ] GC(26) Concurrent Preclean 0.145ms
[2026-04-03T01:49:30.585+0600][15.798s][info][gc,start    ] GC(26) Pause Remark
[2026-04-03T01:49:30.587+0600][15.800s][info][gc          ] GC(26) Pause Remark 533M->533M(1580M) 2.554ms
[2026-04-03T01:49:30.587+0600][15.800s][info][gc,cpu      ] GC(26) User=0.01s Sys=0.00s Real=0.00s
[2026-04-03T01:49:30.587+0600][15.800s][info][gc,marking  ] GC(26) Concurrent Mark 1532.249ms
[2026-04-03T01:49:30.587+0600][15.800s][info][gc,marking  ] GC(26) Concurrent Rebuild Remembered Sets and Scrub Regions
[2026-04-03T01:49:30.706+0600][15.919s][info][gc,marking  ] GC(26) Concurrent Rebuild Remembered Sets and Scrub Regions 119.096ms
[2026-04-03T01:49:30.707+0600][15.920s][info][gc,start    ] GC(26) Pause Cleanup
[2026-04-03T01:49:30.707+0600][15.920s][info][gc          ] GC(26) Pause Cleanup 562M->562M(1580M) 0.444ms
[2026-04-03T01:49:30.707+0600][15.920s][info][gc,cpu      ] GC(26) User=0.00s Sys=0.00s Real=0.00s
[2026-04-03T01:49:30.707+0600][15.920s][info][gc,marking  ] GC(26) Concurrent Clear Claimed Marks
[2026-04-03T01:49:30.707+0600][15.920s][info][gc,marking  ] GC(26) Concurrent Clear Claimed Marks 0.122ms
[2026-04-03T01:49:30.707+0600][15.920s][info][gc,marking  ] GC(26) Concurrent Cleanup for Next Mark
[2026-04-03T01:49:30.714+0600][15.927s][info][gc,marking  ] GC(26) Concurrent Cleanup for Next Mark 6.751ms
[2026-04-03T01:49:30.714+0600][15.927s][info][gc          ] GC(26) Concurrent Mark Cycle 1676.756ms
[2026-04-03T01:49:30.779+0600][15.992s][info][gc,start    ] GC(29) Pause Young (Prepare Mixed) (G1 Evacuation Pause)
[2026-04-03T01:49:30.779+0600][15.992s][info][gc,task     ] GC(29) Using 10 workers of 10 for evacuation
[2026-04-03T01:49:31.628+0600][16.841s][info][gc,mmu      ] GC(29) MMU target violated: 51.0ms (50.0ms/51.0ms)
[2026-04-03T01:49:31.628+0600][16.841s][info][gc,phases   ] GC(29)   Pre Evacuate Collection Set: 0.26ms
[2026-04-03T01:49:31.628+0600][16.841s][info][gc,phases   ] GC(29)   Merge Heap Roots: 0.16ms
[2026-04-03T01:49:31.628+0600][16.841s][info][gc,phases   ] GC(29)   Evacuate Collection Set: 848.30ms
[2026-04-03T01:49:31.628+0600][16.841s][info][gc,phases   ] GC(29)   Post Evacuate Collection Set: 0.59ms
[2026-04-03T01:49:31.628+0600][16.841s][info][gc,phases   ] GC(29)   Other: 0.23ms
[2026-04-03T01:49:31.628+0600][16.841s][info][gc,heap     ] GC(29) Eden regions: 55->0(31)
[2026-04-03T01:49:31.628+0600][16.841s][info][gc,heap     ] GC(29) Survivor regions: 5->8(8)
[2026-04-03T01:49:31.628+0600][16.841s][info][gc,heap     ] GC(29) Old regions: 229->283
[2026-04-03T01:49:31.628+0600][16.841s][info][gc,heap     ] GC(29) Humongous regions: 3->3
[2026-04-03T01:49:31.628+0600][16.841s][info][gc,metaspace] GC(29) Metaspace: 49618K(50048K)->49618K(50048K) NonClass: 43451K(43712K)->43451K(43712K) Class: 6166K(6336K)->6166K(6336K)
[2026-04-03T01:49:31.628+0600][16.841s][info][gc          ] GC(29) Pause Young (Prepare Mixed) (G1 Evacuation Pause) 583M->586M(1580M) 849.813ms
[2026-04-03T01:49:31.628+0600][16.841s][info][gc,cpu      ] GC(29) User=2.15s Sys=0.32s Real=0.85s
[2026-04-03T01:49:32.586+0600][17.799s][info][gc,start    ] GC(30) Pause Young (Mixed) (G1 Evacuation Pause)
[2026-04-03T01:49:32.586+0600][17.799s][info][gc,task     ] GC(30) Using 10 workers of 10 for evacuation
[2026-04-03T01:49:33.082+0600][18.295s][info][gc,mmu      ] GC(30) MMU target violated: 51.0ms (50.0ms/51.0ms)
[2026-04-03T01:49:33.082+0600][18.295s][info][gc,phases   ] GC(30)   Pre Evacuate Collection Set: 0.39ms
[2026-04-03T01:49:33.082+0600][18.295s][info][gc,phases   ] GC(30)   Merge Heap Roots: 0.21ms
[2026-04-03T01:49:33.082+0600][18.295s][info][gc,phases   ] GC(30)   Evacuate Collection Set: 494.19ms
[2026-04-03T01:49:33.082+0600][18.295s][info][gc,phases   ] GC(30)   Post Evacuate Collection Set: 0.66ms
[2026-04-03T01:49:33.082+0600][18.295s][info][gc,phases   ] GC(30)   Other: 0.20ms
[2026-04-03T01:49:33.082+0600][18.295s][info][gc,heap     ] GC(30) Eden regions: 31->0(34)
[2026-04-03T01:49:33.082+0600][18.295s][info][gc,heap     ] GC(30) Survivor regions: 8->5(5)
[2026-04-03T01:49:33.082+0600][18.295s][info][gc,heap     ] GC(30) Old regions: 283->316
[2026-04-03T01:49:33.082+0600][18.295s][info][gc,heap     ] GC(30) Humongous regions: 3->3
[2026-04-03T01:49:33.082+0600][18.295s][info][gc,metaspace] GC(30) Metaspace: 49907K(50368K)->49907K(50368K) NonClass: 43682K(43968K)->43682K(43968K) Class: 6225K(6400K)->6225K(6400K)
[2026-04-03T01:49:33.082+0600][18.295s][info][gc          ] GC(30) Pause Young (Mixed) (G1 Evacuation Pause) 648M->646M(1580M) 495.921ms
[2026-04-03T01:49:33.082+0600][18.295s][info][gc,cpu      ] GC(30) User=1.08s Sys=0.17s Real=0.50s
[2026-04-03T01:49:35.786+0600][20.999s][info][gc,start    ] GC(31) Pause Young (Mixed) (G1 Evacuation Pause)
[2026-04-03T01:49:35.786+0600][20.999s][info][gc,task     ] GC(31) Using 10 workers of 10 for evacuation
[2026-04-03T01:49:35.873+0600][21.086s][info][gc,mmu      ] GC(31) MMU target violated: 51.0ms (50.0ms/51.0ms)
[2026-04-03T01:49:35.873+0600][21.086s][info][gc,phases   ] GC(31)   Pre Evacuate Collection Set: 0.47ms
[2026-04-03T01:49:35.873+0600][21.086s][info][gc,phases   ] GC(31)   Merge Heap Roots: 0.22ms
[2026-04-03T01:49:35.873+0600][21.086s][info][gc,phases   ] GC(31)   Evacuate Collection Set: 84.90ms
[2026-04-03T01:49:35.873+0600][21.086s][info][gc,phases   ] GC(31)   Post Evacuate Collection Set: 0.69ms
[2026-04-03T01:49:35.873+0600][21.086s][info][gc,phases   ] GC(31)   Other: 0.23ms
[2026-04-03T01:49:35.873+0600][21.086s][info][gc,heap     ] GC(31) Eden regions: 34->0(37)
[2026-04-03T01:49:35.873+0600][21.086s][info][gc,heap     ] GC(31) Survivor regions: 5->2(5)
[2026-04-03T01:49:35.873+0600][21.086s][info][gc,heap     ] GC(31) Old regions: 316->323
[2026-04-03T01:49:35.873+0600][21.086s][info][gc,heap     ] GC(31) Humongous regions: 14->3
[2026-04-03T01:49:35.873+0600][21.086s][info][gc,metaspace] GC(31) Metaspace: 57413K(57920K)->57413K(57920K) NonClass: 50208K(50496K)->50208K(50496K) Class: 7205K(7424K)->7205K(7424K)
[2026-04-03T01:49:35.873+0600][21.086s][info][gc          ] GC(31) Pause Young (Mixed) (G1 Evacuation Pause) 736M->653M(1580M) 86.787ms
[2026-04-03T01:49:35.873+0600][21.086s][info][gc,cpu      ] GC(31) User=0.30s Sys=0.02s Real=0.09s
[2026-04-03T01:49:35.936+0600][21.149s][info][gc,start    ] GC(32) Pause Full (System.gc())
[2026-04-03T01:49:35.936+0600][21.149s][info][gc,task     ] GC(32) Using 10 workers of 10 for full compaction
[2026-04-03T01:49:35.936+0600][21.149s][info][gc,phases,start] GC(32) Phase 1: Mark live objects
[2026-04-03T01:49:35.949+0600][21.162s][info][gc,phases      ] GC(32) Phase 1: Mark live objects 12.855ms
[2026-04-03T01:49:35.949+0600][21.162s][info][gc,phases,start] GC(32) Phase 2: Prepare compaction
[2026-04-03T01:49:35.952+0600][21.164s][info][gc,phases      ] GC(32) Phase 2: Prepare compaction 2.357ms
[2026-04-03T01:49:35.952+0600][21.165s][info][gc,phases,start] GC(32) Phase 3: Adjust pointers
[2026-04-03T01:49:35.960+0600][21.173s][info][gc,phases      ] GC(32) Phase 3: Adjust pointers 8.183ms
[2026-04-03T01:49:35.960+0600][21.173s][info][gc,phases,start] GC(32) Phase 4: Compact heap
[2026-04-03T01:49:35.963+0600][21.176s][info][gc,phases      ] GC(32) Phase 4: Compact heap 3.528ms
[2026-04-03T01:49:35.963+0600][21.176s][info][gc,phases,start] GC(32) Phase 5: Reset Metadata
[2026-04-03T01:49:35.965+0600][21.178s][info][gc,phases      ] GC(32) Phase 5: Reset Metadata 1.839ms
[2026-04-03T01:49:35.970+0600][21.183s][info][gc,heap        ] GC(32) Eden regions: 3->0(10)
[2026-04-03T01:49:35.970+0600][21.183s][info][gc,heap        ] GC(32) Survivor regions: 2->0(5)
[2026-04-03T01:49:35.971+0600][21.183s][info][gc,heap        ] GC(32) Old regions: 323->18
[2026-04-03T01:49:35.971+0600][21.183s][info][gc,heap        ] GC(32) Humongous regions: 3->3
[2026-04-03T01:49:35.971+0600][21.183s][info][gc,metaspace   ] GC(32) Metaspace: 57566K(58176K)->57566K(58176K) NonClass: 50338K(50688K)->50338K(50688K) Class: 7227K(7488K)->7227K(7488K)
[2026-04-03T01:49:35.971+0600][21.184s][info][gc             ] GC(32) Pause Full (System.gc()) 658M->30M(140M) 35.012ms
[2026-04-03T01:49:35.971+0600][21.184s][info][gc,cpu         ] GC(32) User=0.19s Sys=0.02s Real=0.04s
[2026-04-03T01:49:36.179+0600][21.392s][info][gc,start       ] GC(33) Pause Young (Concurrent Start) (G1 Evacuation Pause)
[2026-04-03T01:49:36.179+0600][21.392s][info][gc,task        ] GC(33) Using 6 workers of 10 for evacuation
[2026-04-03T01:49:36.182+0600][21.395s][info][gc,phases      ] GC(33)   Pre Evacuate Collection Set: 0.29ms
[2026-04-03T01:49:36.182+0600][21.395s][info][gc,phases      ] GC(33)   Merge Heap Roots: 0.18ms
[2026-04-03T01:49:36.182+0600][21.395s][info][gc,phases      ] GC(33)   Evacuate Collection Set: 1.23ms
[2026-04-03T01:49:36.182+0600][21.395s][info][gc,phases      ] GC(33)   Post Evacuate Collection Set: 0.43ms
[2026-04-03T01:49:36.182+0600][21.395s][info][gc,phases      ] GC(33)   Other: 0.13ms
[2026-04-03T01:49:36.182+0600][21.395s][info][gc,heap        ] GC(33) Eden regions: 10->0(15)
[2026-04-03T01:49:36.182+0600][21.395s][info][gc,heap        ] GC(33) Survivor regions: 0->1(2)
[2026-04-03T01:49:36.182+0600][21.395s][info][gc,heap        ] GC(33) Old regions: 18->18
[2026-04-03T01:49:36.182+0600][21.395s][info][gc,heap        ] GC(33) Humongous regions: 3->3
[2026-04-03T01:49:36.182+0600][21.395s][info][gc,metaspace   ] GC(33) Metaspace: 58458K(59008K)->58458K(59008K) NonClass: 51101K(51392K)->51101K(51392K) Class: 7356K(7616K)->7356K(7616K)
[2026-04-03T01:49:36.182+0600][21.395s][info][gc             ] GC(33) Pause Young (Concurrent Start) (G1 Evacuation Pause) 50M->31M(140M) 2.552ms
[2026-04-03T01:49:36.182+0600][21.395s][info][gc,cpu         ] GC(33) User=0.01s Sys=0.00s Real=0.01s
[2026-04-03T01:49:36.182+0600][21.395s][info][gc             ] GC(34) Concurrent Mark Cycle
[2026-04-03T01:49:36.182+0600][21.395s][info][gc,marking     ] GC(34) Concurrent Scan Root Regions
[2026-04-03T01:49:36.183+0600][21.396s][info][gc,marking     ] GC(34) Concurrent Scan Root Regions 1.243ms
[2026-04-03T01:49:36.183+0600][21.396s][info][gc,marking     ] GC(34) Concurrent Mark
[2026-04-03T01:49:36.183+0600][21.396s][info][gc,marking     ] GC(34) Concurrent Mark From Roots
[2026-04-03T01:49:36.183+0600][21.396s][info][gc,task        ] GC(34) Using 3 workers of 3 for marking
[2026-04-03T01:49:36.201+0600][21.414s][info][gc,marking     ] GC(34) Concurrent Mark From Roots 17.828ms
[2026-04-03T01:49:36.201+0600][21.414s][info][gc,marking     ] GC(34) Concurrent Preclean
[2026-04-03T01:49:36.201+0600][21.414s][info][gc,marking     ] GC(34) Concurrent Preclean 0.178ms
[2026-04-03T01:49:36.202+0600][21.414s][info][gc,start       ] GC(34) Pause Remark
[2026-04-03T01:49:36.206+0600][21.418s][info][gc             ] GC(34) Pause Remark 34M->34M(140M) 3.980ms
[2026-04-03T01:49:36.206+0600][21.419s][info][gc,cpu         ] GC(34) User=0.02s Sys=0.00s Real=0.00s
[2026-04-03T01:49:36.206+0600][21.419s][info][gc,marking     ] GC(34) Concurrent Mark 22.449ms
[2026-04-03T01:49:36.206+0600][21.419s][info][gc,marking     ] GC(34) Concurrent Rebuild Remembered Sets and Scrub Regions
[2026-04-03T01:49:36.214+0600][21.427s][info][gc,marking     ] GC(34) Concurrent Rebuild Remembered Sets and Scrub Regions 7.909ms
[2026-04-03T01:49:36.214+0600][21.427s][info][gc,start       ] GC(34) Pause Cleanup
[2026-04-03T01:49:36.214+0600][21.427s][info][gc             ] GC(34) Pause Cleanup 34M->34M(140M) 0.213ms
[2026-04-03T01:49:36.214+0600][21.427s][info][gc,cpu         ] GC(34) User=0.00s Sys=0.00s Real=0.00s
[2026-04-03T01:49:36.214+0600][21.427s][info][gc,marking     ] GC(34) Concurrent Clear Claimed Marks
[2026-04-03T01:49:36.214+0600][21.427s][info][gc,marking     ] GC(34) Concurrent Clear Claimed Marks 0.147ms
[2026-04-03T01:49:36.214+0600][21.427s][info][gc,marking     ] GC(34) Concurrent Cleanup for Next Mark
[2026-04-03T01:49:36.215+0600][21.428s][info][gc,marking     ] GC(34) Concurrent Cleanup for Next Mark 0.221ms
[2026-04-03T01:49:36.215+0600][21.428s][info][gc             ] GC(34) Concurrent Mark Cycle 32.888ms
[2026-04-03T01:49:36.343+0600][21.556s][info][gc,start       ] GC(35) Pause Young (Prepare Mixed) (G1 Evacuation Pause)
[2026-04-03T01:49:36.343+0600][21.556s][info][gc,task        ] GC(35) Using 4 workers of 10 for evacuation
[2026-04-03T01:49:36.347+0600][21.560s][info][gc,phases      ] GC(35)   Pre Evacuate Collection Set: 0.25ms
[2026-04-03T01:49:36.347+0600][21.560s][info][gc,phases      ] GC(35)   Merge Heap Roots: 0.14ms
[2026-04-03T01:49:36.347+0600][21.560s][info][gc,phases      ] GC(35)   Evacuate Collection Set: 1.80ms
[2026-04-03T01:49:36.347+0600][21.560s][info][gc,phases      ] GC(35)   Post Evacuate Collection Set: 1.44ms
[2026-04-03T01:49:36.347+0600][21.560s][info][gc,phases      ] GC(35)   Other: 0.11ms
[2026-04-03T01:49:36.347+0600][21.560s][info][gc,heap        ] GC(35) Eden regions: 15->0(16)
[2026-04-03T01:49:36.347+0600][21.560s][info][gc,heap        ] GC(35) Survivor regions: 1->1(2)
[2026-04-03T01:49:36.347+0600][21.560s][info][gc,heap        ] GC(35) Old regions: 18->18
[2026-04-03T01:49:36.347+0600][21.560s][info][gc,heap        ] GC(35) Humongous regions: 3->3
[2026-04-03T01:49:36.347+0600][21.560s][info][gc,metaspace   ] GC(35) Metaspace: 59923K(60416K)->59923K(60416K) NonClass: 52380K(52672K)->52380K(52672K) Class: 7543K(7744K)->7543K(7744K)
[2026-04-03T01:49:36.347+0600][21.560s][info][gc             ] GC(35) Pause Young (Prepare Mixed) (G1 Evacuation Pause) 61M->31M(420M) 4.150ms
[2026-04-03T01:49:36.347+0600][21.560s][info][gc,cpu         ] GC(35) User=0.01s Sys=0.00s Real=0.00s
[2026-04-03T01:49:36.848+0600][22.061s][info][gc,start       ] GC(36) Pause Young (Mixed) (G1 Evacuation Pause)
[2026-04-03T01:49:36.848+0600][22.061s][info][gc,task        ] GC(36) Using 10 workers of 10 for evacuation
[2026-04-03T01:49:36.853+0600][22.066s][info][gc,phases      ] GC(36)   Pre Evacuate Collection Set: 0.32ms
[2026-04-03T01:49:36.853+0600][22.066s][info][gc,phases      ] GC(36)   Merge Heap Roots: 0.18ms
[2026-04-03T01:49:36.853+0600][22.066s][info][gc,phases      ] GC(36)   Evacuate Collection Set: 3.53ms
[2026-04-03T01:49:36.853+0600][22.066s][info][gc,phases      ] GC(36)   Post Evacuate Collection Set: 0.58ms
[2026-04-03T01:49:36.853+0600][22.066s][info][gc,phases      ] GC(36)   Other: 0.12ms
[2026-04-03T01:49:36.853+0600][22.066s][info][gc,heap        ] GC(36) Eden regions: 16->0(26)
[2026-04-03T01:49:36.853+0600][22.066s][info][gc,heap        ] GC(36) Survivor regions: 1->2(3)
[2026-04-03T01:49:36.853+0600][22.066s][info][gc,heap        ] GC(36) Old regions: 18->17
[2026-04-03T01:49:36.853+0600][22.066s][info][gc,heap        ] GC(36) Humongous regions: 6->3
[2026-04-03T01:49:36.853+0600][22.066s][info][gc,metaspace   ] GC(36) Metaspace: 65071K(65792K)->65071K(65792K) NonClass: 56900K(57280K)->56900K(57280K) Class: 8170K(8512K)->8170K(8512K)
[2026-04-03T01:49:36.853+0600][22.066s][info][gc             ] GC(36) Pause Young (Mixed) (G1 Evacuation Pause) 69M->33M(420M) 5.125ms
[2026-04-03T01:49:36.853+0600][22.066s][info][gc,cpu         ] GC(36) User=0.04s Sys=0.00s Real=0.01s
[2026-04-03T01:49:37.069+0600][22.282s][info][gc,start       ] GC(37) Pause Young (Concurrent Start) (G1 Humongous Allocation)
[2026-04-03T01:49:37.069+0600][22.282s][info][gc,task        ] GC(37) Using 10 workers of 10 for evacuation
[2026-04-03T01:49:37.072+0600][22.285s][info][gc,phases      ] GC(37)   Pre Evacuate Collection Set: 0.30ms
[2026-04-03T01:49:37.072+0600][22.285s][info][gc,phases      ] GC(37)   Merge Heap Roots: 0.10ms
[2026-04-03T01:49:37.072+0600][22.285s][info][gc,phases      ] GC(37)   Evacuate Collection Set: 2.00ms
[2026-04-03T01:49:37.072+0600][22.285s][info][gc,phases      ] GC(37)   Post Evacuate Collection Set: 0.47ms
[2026-04-03T01:49:37.072+0600][22.285s][info][gc,phases      ] GC(37)   Other: 0.10ms
[2026-04-03T01:49:37.072+0600][22.285s][info][gc,heap        ] GC(37) Eden regions: 1->0(35)
[2026-04-03T01:49:37.072+0600][22.285s][info][gc,heap        ] GC(37) Survivor regions: 2->2(4)
[2026-04-03T01:49:37.072+0600][22.285s][info][gc,heap        ] GC(37) Old regions: 17->17
[2026-04-03T01:49:37.072+0600][22.285s][info][gc,heap        ] GC(37) Humongous regions: 3->3
[2026-04-03T01:49:37.072+0600][22.285s][info][gc,metaspace   ] GC(37) Metaspace: 65146K(65856K)->65146K(65856K) NonClass: 56951K(57344K)->56951K(57344K) Class: 8195K(8512K)->8195K(8512K)
[2026-04-03T01:49:37.072+0600][22.285s][info][gc             ] GC(37) Pause Young (Concurrent Start) (G1 Humongous Allocation) 33M->33M(420M) 3.270ms
[2026-04-03T01:49:37.072+0600][22.285s][info][gc,cpu         ] GC(37) User=0.02s Sys=0.00s Real=0.01s
[2026-04-03T01:49:37.072+0600][22.285s][info][gc             ] GC(38) Concurrent Mark Cycle
[2026-04-03T01:49:37.072+0600][22.285s][info][gc,marking     ] GC(38) Concurrent Scan Root Regions
[2026-04-03T01:49:37.075+0600][22.288s][info][gc,marking     ] GC(38) Concurrent Scan Root Regions 3.025ms
[2026-04-03T01:49:37.075+0600][22.288s][info][gc,marking     ] GC(38) Concurrent Mark
[2026-04-03T01:49:37.075+0600][22.288s][info][gc,marking     ] GC(38) Concurrent Mark From Roots
[2026-04-03T01:49:37.075+0600][22.288s][info][gc,task        ] GC(38) Using 3 workers of 3 for marking
[2026-04-03T01:49:37.091+0600][22.304s][info][gc,marking     ] GC(38) Concurrent Mark From Roots 15.970ms
[2026-04-03T01:49:37.091+0600][22.304s][info][gc,marking     ] GC(38) Concurrent Preclean
[2026-04-03T01:49:37.091+0600][22.304s][info][gc,marking     ] GC(38) Concurrent Preclean 0.171ms
[2026-04-03T01:49:37.091+0600][22.304s][info][gc,start       ] GC(38) Pause Remark
[2026-04-03T01:49:37.095+0600][22.308s][info][gc             ] GC(38) Pause Remark 35M->35M(154M) 3.885ms
[2026-04-03T01:49:37.096+0600][22.309s][info][gc,cpu         ] GC(38) User=0.02s Sys=0.00s Real=0.00s
[2026-04-03T01:49:37.096+0600][22.309s][info][gc,marking     ] GC(38) Concurrent Mark 20.718ms
[2026-04-03T01:49:37.096+0600][22.309s][info][gc,marking     ] GC(38) Concurrent Rebuild Remembered Sets and Scrub Regions
[2026-04-03T01:49:37.104+0600][22.317s][info][gc,marking     ] GC(38) Concurrent Rebuild Remembered Sets and Scrub Regions 8.655ms
[2026-04-03T01:49:37.105+0600][22.318s][info][gc,start       ] GC(38) Pause Cleanup
[2026-04-03T01:49:37.105+0600][22.318s][info][gc             ] GC(38) Pause Cleanup 35M->35M(154M) 0.316ms
[2026-04-03T01:49:37.105+0600][22.318s][info][gc,cpu         ] GC(38) User=0.00s Sys=0.00s Real=0.00s
[2026-04-03T01:49:37.105+0600][22.318s][info][gc,marking     ] GC(38) Concurrent Clear Claimed Marks
[2026-04-03T01:49:37.105+0600][22.318s][info][gc,marking     ] GC(38) Concurrent Clear Claimed Marks 0.169ms
[2026-04-03T01:49:37.105+0600][22.318s][info][gc,marking     ] GC(38) Concurrent Cleanup for Next Mark
[2026-04-03T01:49:37.106+0600][22.319s][info][gc,marking     ] GC(38) Concurrent Cleanup for Next Mark 0.616ms
[2026-04-03T01:49:37.106+0600][22.319s][info][gc             ] GC(38) Concurrent Mark Cycle 34.297ms
[2026-04-03T01:49:38.787+0600][24.000s][info][gc,start       ] GC(39) Pause Young (Prepare Mixed) (G1 Evacuation Pause)
[2026-04-03T01:49:38.787+0600][24.000s][info][gc,task        ] GC(39) Using 6 workers of 10 for evacuation
[2026-04-03T01:49:38.793+0600][24.006s][info][gc,phases      ] GC(39)   Pre Evacuate Collection Set: 0.41ms
[2026-04-03T01:49:38.793+0600][24.006s][info][gc,phases      ] GC(39)   Merge Heap Roots: 0.18ms
[2026-04-03T01:49:38.793+0600][24.006s][info][gc,phases      ] GC(39)   Evacuate Collection Set: 4.65ms
[2026-04-03T01:49:38.793+0600][24.006s][info][gc,phases      ] GC(39)   Post Evacuate Collection Set: 1.21ms
[2026-04-03T01:49:38.794+0600][24.006s][info][gc,phases      ] GC(39)   Other: 0.15ms
[2026-04-03T01:49:38.794+0600][24.006s][info][gc,heap        ] GC(39) Eden regions: 35->0(31)
[2026-04-03T01:49:38.794+0600][24.006s][info][gc,heap        ] GC(39) Survivor regions: 2->3(5)
[2026-04-03T01:49:38.794+0600][24.006s][info][gc,heap        ] GC(39) Old regions: 17->17
[2026-04-03T01:49:38.794+0600][24.006s][info][gc,heap        ] GC(39) Humongous regions: 9->3
[2026-04-03T01:49:38.794+0600][24.007s][info][gc,metaspace   ] GC(39) Metaspace: 66659K(67520K)->66659K(67520K) NonClass: 58253K(58752K)->58253K(58752K) Class: 8406K(8768K)->8406K(8768K)
[2026-04-03T01:49:38.794+0600][24.007s][info][gc             ] GC(39) Pause Young (Prepare Mixed) (G1 Evacuation Pause) 115M->36M(154M) 6.983ms
[2026-04-03T01:49:38.794+0600][24.007s][info][gc,cpu         ] GC(39) User=0.03s Sys=0.01s Real=0.01s
[2026-04-03T01:49:38.982+0600][24.195s][info][gc,start       ] GC(40) Pause Young (Mixed) (G1 Evacuation Pause)
[2026-04-03T01:49:38.982+0600][24.195s][info][gc,task        ] GC(40) Using 4 workers of 10 for evacuation
[2026-04-03T01:49:38.989+0600][24.202s][info][gc,phases      ] GC(40)   Pre Evacuate Collection Set: 0.35ms
[2026-04-03T01:49:38.989+0600][24.202s][info][gc,phases      ] GC(40)   Merge Heap Roots: 0.11ms
[2026-04-03T01:49:38.989+0600][24.202s][info][gc,phases      ] GC(40)   Evacuate Collection Set: 5.73ms
[2026-04-03T01:49:38.989+0600][24.202s][info][gc,phases      ] GC(40)   Post Evacuate Collection Set: 0.94ms
[2026-04-03T01:49:38.989+0600][24.202s][info][gc,phases      ] GC(40)   Other: 0.12ms
[2026-04-03T01:49:38.989+0600][24.202s][info][gc,heap        ] GC(40) Eden regions: 31->0(33)
[2026-04-03T01:49:38.989+0600][24.202s][info][gc,heap        ] GC(40) Survivor regions: 3->3(5)
[2026-04-03T01:49:38.989+0600][24.202s][info][gc,heap        ] GC(40) Old regions: 17->17
[2026-04-03T01:49:38.989+0600][24.202s][info][gc,heap        ] GC(40) Humongous regions: 3->3
[2026-04-03T01:49:38.989+0600][24.202s][info][gc,metaspace   ] GC(40) Metaspace: 66683K(67520K)->66683K(67520K) NonClass: 58277K(58752K)->58277K(58752K) Class: 8406K(8768K)->8406K(8768K)
[2026-04-03T01:49:38.990+0600][24.203s][info][gc             ] GC(40) Pause Young (Mixed) (G1 Evacuation Pause) 98M->35M(154M) 7.605ms
[2026-04-03T01:49:38.990+0600][24.203s][info][gc,cpu         ] GC(40) User=0.04s Sys=0.00s Real=0.00s
[2026-04-03T01:49:39.075+0600][24.288s][info][gc,start       ] GC(41) Pause Young (Concurrent Start) (G1 Evacuation Pause)
[2026-04-03T01:49:39.075+0600][24.288s][info][gc,task        ] GC(41) Using 3 workers of 10 for evacuation
[2026-04-03T01:49:39.082+0600][24.295s][info][gc,phases      ] GC(41)   Pre Evacuate Collection Set: 0.36ms
[2026-04-03T01:49:39.083+0600][24.296s][info][gc,phases      ] GC(41)   Merge Heap Roots: 0.24ms
[2026-04-03T01:49:39.083+0600][24.296s][info][gc,phases      ] GC(41)   Evacuate Collection Set: 5.40ms
[2026-04-03T01:49:39.083+0600][24.296s][info][gc,phases      ] GC(41)   Post Evacuate Collection Set: 1.07ms
[2026-04-03T01:49:39.083+0600][24.296s][info][gc,phases      ] GC(41)   Other: 0.16ms
[2026-04-03T01:49:39.083+0600][24.296s][info][gc,heap        ] GC(41) Eden regions: 33->0(36)
[2026-04-03T01:49:39.083+0600][24.296s][info][gc,heap        ] GC(41) Survivor regions: 3->3(5)
[2026-04-03T01:49:39.083+0600][24.296s][info][gc,heap        ] GC(41) Old regions: 17->17
[2026-04-03T01:49:39.083+0600][24.296s][info][gc,heap        ] GC(41) Humongous regions: 3->3
[2026-04-03T01:49:39.083+0600][24.296s][info][gc,metaspace   ] GC(41) Metaspace: 66697K(67584K)->66697K(67584K) NonClass: 58290K(58816K)->58290K(58816K) Class: 8406K(8768K)->8406K(8768K)
[2026-04-03T01:49:39.083+0600][24.296s][info][gc             ] GC(41) Pause Young (Concurrent Start) (G1 Evacuation Pause) 101M->35M(154M) 7.724ms
[2026-04-03T01:49:39.083+0600][24.296s][info][gc,cpu         ] GC(41) User=0.02s Sys=0.00s Real=0.01s
[2026-04-03T01:49:39.083+0600][24.296s][info][gc             ] GC(42) Concurrent Mark Cycle
[2026-04-03T01:49:39.083+0600][24.296s][info][gc,marking     ] GC(42) Concurrent Scan Root Regions
[2026-04-03T01:49:39.088+0600][24.301s][info][gc,marking     ] GC(42) Concurrent Scan Root Regions 5.219ms
[2026-04-03T01:49:39.088+0600][24.301s][info][gc,marking     ] GC(42) Concurrent Mark
[2026-04-03T01:49:39.088+0600][24.301s][info][gc,marking     ] GC(42) Concurrent Mark From Roots
[2026-04-03T01:49:39.088+0600][24.301s][info][gc,task        ] GC(42) Using 3 workers of 3 for marking
[2026-04-03T01:49:39.108+0600][24.321s][info][gc,marking     ] GC(42) Concurrent Mark From Roots 20.098ms
[2026-04-03T01:49:39.109+0600][24.322s][info][gc,marking     ] GC(42) Concurrent Preclean
[2026-04-03T01:49:39.109+0600][24.322s][info][gc,marking     ] GC(42) Concurrent Preclean 0.203ms
[2026-04-03T01:49:39.109+0600][24.322s][info][gc,start       ] GC(42) Pause Remark
[2026-04-03T01:49:39.117+0600][24.330s][info][gc             ] GC(42) Pause Remark 59M->59M(154M) 7.917ms
[2026-04-03T01:49:39.117+0600][24.330s][info][gc,cpu         ] GC(42) User=0.02s Sys=0.01s Real=0.01s
[2026-04-03T01:49:39.117+0600][24.330s][info][gc,marking     ] GC(42) Concurrent Mark 28.995ms
[2026-04-03T01:49:39.117+0600][24.330s][info][gc,marking     ] GC(42) Concurrent Rebuild Remembered Sets and Scrub Regions
[2026-04-03T01:49:39.129+0600][24.342s][info][gc,marking     ] GC(42) Concurrent Rebuild Remembered Sets and Scrub Regions 11.251ms
[2026-04-03T01:49:39.129+0600][24.342s][info][gc,start       ] GC(42) Pause Cleanup
[2026-04-03T01:49:39.129+0600][24.342s][info][gc             ] GC(42) Pause Cleanup 72M->72M(154M) 0.282ms
[2026-04-03T01:49:39.129+0600][24.342s][info][gc,cpu         ] GC(42) User=0.00s Sys=0.00s Real=0.00s
[2026-04-03T01:49:39.130+0600][24.342s][info][gc,marking     ] GC(42) Concurrent Clear Claimed Marks
[2026-04-03T01:49:39.130+0600][24.343s][info][gc,marking     ] GC(42) Concurrent Clear Claimed Marks 0.232ms
[2026-04-03T01:49:39.130+0600][24.343s][info][gc,marking     ] GC(42) Concurrent Cleanup for Next Mark
[2026-04-03T01:49:39.130+0600][24.343s][info][gc,marking     ] GC(42) Concurrent Cleanup for Next Mark 0.307ms
[2026-04-03T01:49:39.130+0600][24.343s][info][gc             ] GC(42) Concurrent Mark Cycle 47.221ms
[2026-04-03T01:49:39.155+0600][24.368s][info][gc,start       ] GC(43) Pause Young (Prepare Mixed) (G1 Evacuation Pause)
[2026-04-03T01:49:39.155+0600][24.368s][info][gc,task        ] GC(43) Using 3 workers of 10 for evacuation
[2026-04-03T01:49:39.162+0600][24.375s][info][gc,phases      ] GC(43)   Pre Evacuate Collection Set: 0.23ms
[2026-04-03T01:49:39.162+0600][24.375s][info][gc,phases      ] GC(43)   Merge Heap Roots: 0.14ms
[2026-04-03T01:49:39.162+0600][24.375s][info][gc,phases      ] GC(43)   Evacuate Collection Set: 5.65ms
[2026-04-03T01:49:39.162+0600][24.375s][info][gc,phases      ] GC(43)   Post Evacuate Collection Set: 0.99ms
[2026-04-03T01:49:39.162+0600][24.375s][info][gc,phases      ] GC(43)   Other: 0.12ms
[2026-04-03T01:49:39.162+0600][24.375s][info][gc,heap        ] GC(43) Eden regions: 36->0(48)
[2026-04-03T01:49:39.162+0600][24.375s][info][gc,heap        ] GC(43) Survivor regions: 3->3(5)
[2026-04-03T01:49:39.162+0600][24.375s][info][gc,heap        ] GC(43) Old regions: 17->17
[2026-04-03T01:49:39.162+0600][24.375s][info][gc,heap        ] GC(43) Humongous regions: 3->3
[2026-04-03T01:49:39.162+0600][24.375s][info][gc,metaspace   ] GC(43) Metaspace: 66700K(67584K)->66700K(67584K) NonClass: 58293K(58816K)->58293K(58816K) Class: 8406K(8768K)->8406K(8768K)
[2026-04-03T01:49:39.162+0600][24.375s][info][gc             ] GC(43) Pause Young (Prepare Mixed) (G1 Evacuation Pause) 107M->35M(186M) 7.577ms
[2026-04-03T01:49:39.162+0600][24.375s][info][gc,cpu         ] GC(43) User=0.02s Sys=0.00s Real=0.01s
[2026-04-03T01:49:39.229+0600][24.442s][info][gc,start       ] GC(44) Pause Young (Mixed) (G1 Evacuation Pause)
[2026-04-03T01:49:39.229+0600][24.442s][info][gc,task        ] GC(44) Using 4 workers of 10 for evacuation
[2026-04-03T01:49:39.235+0600][24.448s][info][gc,phases      ] GC(44)   Pre Evacuate Collection Set: 0.36ms
[2026-04-03T01:49:39.235+0600][24.448s][info][gc,phases      ] GC(44)   Merge Heap Roots: 0.18ms
[2026-04-03T01:49:39.235+0600][24.448s][info][gc,phases      ] GC(44)   Evacuate Collection Set: 4.65ms
[2026-04-03T01:49:39.235+0600][24.448s][info][gc,phases      ] GC(44)   Post Evacuate Collection Set: 0.73ms
[2026-04-03T01:49:39.235+0600][24.448s][info][gc,phases      ] GC(44)   Other: 0.21ms
[2026-04-03T01:49:39.235+0600][24.448s][info][gc,heap        ] GC(44) Eden regions: 48->0(51)
[2026-04-03T01:49:39.235+0600][24.448s][info][gc,heap        ] GC(44) Survivor regions: 3->3(7)
[2026-04-03T01:49:39.235+0600][24.448s][info][gc,heap        ] GC(44) Old regions: 17->17
[2026-04-03T01:49:39.235+0600][24.448s][info][gc,heap        ] GC(44) Humongous regions: 3->3
[2026-04-03T01:49:39.235+0600][24.448s][info][gc,metaspace   ] GC(44) Metaspace: 66708K(67584K)->66708K(67584K) NonClass: 58301K(58816K)->58301K(58816K) Class: 8406K(8768K)->8406K(8768K)
[2026-04-03T01:49:39.235+0600][24.448s][info][gc             ] GC(44) Pause Young (Mixed) (G1 Evacuation Pause) 131M->35M(186M) 6.660ms
[2026-04-03T01:49:39.235+0600][24.448s][info][gc,cpu         ] GC(44) User=0.02s Sys=0.01s Real=0.01s
[2026-04-03T01:49:39.303+0600][24.516s][info][gc,start       ] GC(45) Pause Young (Concurrent Start) (G1 Evacuation Pause)
[2026-04-03T01:49:39.303+0600][24.516s][info][gc,task        ] GC(45) Using 4 workers of 10 for evacuation
[2026-04-03T01:49:39.309+0600][24.522s][info][gc,phases      ] GC(45)   Pre Evacuate Collection Set: 0.45ms
[2026-04-03T01:49:39.309+0600][24.522s][info][gc,phases      ] GC(45)   Merge Heap Roots: 0.11ms
[2026-04-03T01:49:39.309+0600][24.522s][info][gc,phases      ] GC(45)   Evacuate Collection Set: 4.34ms
[2026-04-03T01:49:39.309+0600][24.522s][info][gc,phases      ] GC(45)   Post Evacuate Collection Set: 0.79ms
[2026-04-03T01:49:39.309+0600][24.522s][info][gc,phases      ] GC(45)   Other: 0.30ms
[2026-04-03T01:49:39.309+0600][24.522s][info][gc,heap        ] GC(45) Eden regions: 51->0(52)
[2026-04-03T01:49:39.309+0600][24.522s][info][gc,heap        ] GC(45) Survivor regions: 3->3(7)
[2026-04-03T01:49:39.309+0600][24.522s][info][gc,heap        ] GC(45) Old regions: 17->17
[2026-04-03T01:49:39.309+0600][24.522s][info][gc,heap        ] GC(45) Humongous regions: 3->3
[2026-04-03T01:49:39.309+0600][24.522s][info][gc,metaspace   ] GC(45) Metaspace: 66709K(67584K)->66709K(67584K) NonClass: 58303K(58816K)->58303K(58816K) Class: 8406K(8768K)->8406K(8768K)
[2026-04-03T01:49:39.309+0600][24.522s][info][gc             ] GC(45) Pause Young (Concurrent Start) (G1 Evacuation Pause) 137M->36M(186M) 6.313ms
[2026-04-03T01:49:39.309+0600][24.522s][info][gc,cpu         ] GC(45) User=0.02s Sys=0.00s Real=0.00s
[2026-04-03T01:49:39.309+0600][24.522s][info][gc             ] GC(46) Concurrent Mark Cycle
[2026-04-03T01:49:39.309+0600][24.522s][info][gc,marking     ] GC(46) Concurrent Scan Root Regions
[2026-04-03T01:49:39.313+0600][24.526s][info][gc,marking     ] GC(46) Concurrent Scan Root Regions 3.733ms
[2026-04-03T01:49:39.313+0600][24.526s][info][gc,marking     ] GC(46) Concurrent Mark
[2026-04-03T01:49:39.313+0600][24.526s][info][gc,marking     ] GC(46) Concurrent Mark From Roots
[2026-04-03T01:49:39.313+0600][24.526s][info][gc,task        ] GC(46) Using 3 workers of 3 for marking
[2026-04-03T01:49:39.329+0600][24.542s][info][gc,marking     ] GC(46) Concurrent Mark From Roots 16.493ms
[2026-04-03T01:49:39.329+0600][24.542s][info][gc,marking     ] GC(46) Concurrent Preclean
[2026-04-03T01:49:39.330+0600][24.543s][info][gc,marking     ] GC(46) Concurrent Preclean 0.162ms
[2026-04-03T01:49:39.330+0600][24.543s][info][gc,start       ] GC(46) Pause Remark
[2026-04-03T01:49:39.335+0600][24.548s][info][gc             ] GC(46) Pause Remark 63M->63M(154M) 4.784ms
[2026-04-03T01:49:39.335+0600][24.548s][info][gc,cpu         ] GC(46) User=0.01s Sys=0.00s Real=0.00s
[2026-04-03T01:49:39.335+0600][24.548s][info][gc,marking     ] GC(46) Concurrent Mark 21.941ms
[2026-04-03T01:49:39.335+0600][24.548s][info][gc,marking     ] GC(46) Concurrent Rebuild Remembered Sets and Scrub Regions
[2026-04-03T01:49:39.344+0600][24.557s][info][gc,marking     ] GC(46) Concurrent Rebuild Remembered Sets and Scrub Regions 8.988ms
[2026-04-03T01:49:39.344+0600][24.557s][info][gc,start       ] GC(46) Pause Cleanup
[2026-04-03T01:49:39.345+0600][24.557s][info][gc             ] GC(46) Pause Cleanup 79M->79M(154M) 0.346ms
[2026-04-03T01:49:39.345+0600][24.558s][info][gc,cpu         ] GC(46) User=0.00s Sys=0.00s Real=0.00s
[2026-04-03T01:49:39.345+0600][24.558s][info][gc,marking     ] GC(46) Concurrent Clear Claimed Marks
[2026-04-03T01:49:39.345+0600][24.558s][info][gc,marking     ] GC(46) Concurrent Clear Claimed Marks 0.219ms
[2026-04-03T01:49:39.345+0600][24.558s][info][gc,marking     ] GC(46) Concurrent Cleanup for Next Mark
[2026-04-03T01:49:39.346+0600][24.558s][info][gc,marking     ] GC(46) Concurrent Cleanup for Next Mark 0.554ms
[2026-04-03T01:49:39.346+0600][24.559s][info][gc             ] GC(46) Concurrent Mark Cycle 36.635ms
[2026-04-03T01:49:39.376+0600][24.588s][info][gc,start       ] GC(47) Pause Young (Prepare Mixed) (G1 Evacuation Pause)
[2026-04-03T01:49:39.376+0600][24.589s][info][gc,task        ] GC(47) Using 3 workers of 10 for evacuation
[2026-04-03T01:49:39.382+0600][24.595s][info][gc,phases      ] GC(47)   Pre Evacuate Collection Set: 0.20ms
[2026-04-03T01:49:39.382+0600][24.595s][info][gc,phases      ] GC(47)   Merge Heap Roots: 0.21ms
[2026-04-03T01:49:39.382+0600][24.595s][info][gc,phases      ] GC(47)   Evacuate Collection Set: 5.27ms
[2026-04-03T01:49:39.382+0600][24.595s][info][gc,phases      ] GC(47)   Post Evacuate Collection Set: 0.74ms
[2026-04-03T01:49:39.382+0600][24.595s][info][gc,phases      ] GC(47)   Other: 0.09ms
[2026-04-03T01:49:39.382+0600][24.595s][info][gc,heap        ] GC(47) Eden regions: 52->0(43)
[2026-04-03T01:49:39.382+0600][24.595s][info][gc,heap        ] GC(47) Survivor regions: 3->3(7)
[2026-04-03T01:49:39.382+0600][24.595s][info][gc,heap        ] GC(47) Old regions: 17->17
[2026-04-03T01:49:39.382+0600][24.595s][info][gc,heap        ] GC(47) Humongous regions: 3->3
[2026-04-03T01:49:39.382+0600][24.595s][info][gc,metaspace   ] GC(47) Metaspace: 66716K(67584K)->66716K(67584K) NonClass: 58310K(58816K)->58310K(58816K) Class: 8406K(8768K)->8406K(8768K)
[2026-04-03T01:49:39.382+0600][24.595s][info][gc             ] GC(47) Pause Young (Prepare Mixed) (G1 Evacuation Pause) 140M->35M(156M) 6.739ms
[2026-04-03T01:49:39.382+0600][24.595s][info][gc,cpu         ] GC(47) User=0.02s Sys=0.00s Real=0.01s
[2026-04-03T01:49:39.421+0600][24.634s][info][gc,start       ] GC(48) Pause Young (Mixed) (G1 Evacuation Pause)
[2026-04-03T01:49:39.421+0600][24.634s][info][gc,task        ] GC(48) Using 3 workers of 10 for evacuation
[2026-04-03T01:49:39.427+0600][24.640s][info][gc,phases      ] GC(48)   Pre Evacuate Collection Set: 0.36ms
[2026-04-03T01:49:39.427+0600][24.640s][info][gc,phases      ] GC(48)   Merge Heap Roots: 0.22ms
[2026-04-03T01:49:39.427+0600][24.640s][info][gc,phases      ] GC(48)   Evacuate Collection Set: 4.77ms
[2026-04-03T01:49:39.427+0600][24.640s][info][gc,phases      ] GC(48)   Post Evacuate Collection Set: 1.20ms
[2026-04-03T01:49:39.427+0600][24.640s][info][gc,phases      ] GC(48)   Other: 0.08ms
[2026-04-03T01:49:39.427+0600][24.640s][info][gc,heap        ] GC(48) Eden regions: 43->0(90)
[2026-04-03T01:49:39.427+0600][24.640s][info][gc,heap        ] GC(48) Survivor regions: 3->3(6)
[2026-04-03T01:49:39.427+0600][24.640s][info][gc,heap        ] GC(48) Old regions: 17->17
[2026-04-03T01:49:39.427+0600][24.640s][info][gc,heap        ] GC(48) Humongous regions: 3->3
[2026-04-03T01:49:39.427+0600][24.640s][info][gc,metaspace   ] GC(48) Metaspace: 66720K(67584K)->66720K(67584K) NonClass: 58313K(58816K)->58313K(58816K) Class: 8406K(8768K)->8406K(8768K)
[2026-04-03T01:49:39.428+0600][24.640s][info][gc             ] GC(48) Pause Young (Mixed) (G1 Evacuation Pause) 121M->35M(312M) 6.856ms
[2026-04-03T01:49:39.428+0600][24.640s][info][gc,cpu         ] GC(48) User=0.01s Sys=0.00s Real=0.00s
[2026-04-03T01:49:39.540+0600][24.753s][info][gc,start       ] GC(49) Pause Young (Concurrent Start) (G1 Evacuation Pause)
[2026-04-03T01:49:39.540+0600][24.753s][info][gc,task        ] GC(49) Using 7 workers of 10 for evacuation
[2026-04-03T01:49:39.544+0600][24.757s][info][gc,phases      ] GC(49)   Pre Evacuate Collection Set: 0.27ms
[2026-04-03T01:49:39.544+0600][24.757s][info][gc,phases      ] GC(49)   Merge Heap Roots: 0.21ms
[2026-04-03T01:49:39.544+0600][24.757s][info][gc,phases      ] GC(49)   Evacuate Collection Set: 2.45ms
[2026-04-03T01:49:39.544+0600][24.757s][info][gc,phases      ] GC(49)   Post Evacuate Collection Set: 0.78ms
[2026-04-03T01:49:39.544+0600][24.757s][info][gc,phases      ] GC(49)   Other: 0.13ms
[2026-04-03T01:49:39.544+0600][24.757s][info][gc,heap        ] GC(49) Eden regions: 90->0(90)
[2026-04-03T01:49:39.544+0600][24.757s][info][gc,heap        ] GC(49) Survivor regions: 3->3(12)
[2026-04-03T01:49:39.544+0600][24.757s][info][gc,heap        ] GC(49) Old regions: 17->17
[2026-04-03T01:49:39.544+0600][24.757s][info][gc,heap        ] GC(49) Humongous regions: 3->3
[2026-04-03T01:49:39.544+0600][24.757s][info][gc,metaspace   ] GC(49) Metaspace: 66721K(67584K)->66721K(67584K) NonClass: 58314K(58816K)->58314K(58816K) Class: 8406K(8768K)->8406K(8768K)
[2026-04-03T01:49:39.544+0600][24.757s][info][gc             ] GC(49) Pause Young (Concurrent Start) (G1 Evacuation Pause) 215M->35M(312M) 4.111ms
[2026-04-03T01:49:39.544+0600][24.757s][info][gc,cpu         ] GC(49) User=0.02s Sys=0.00s Real=0.00s
[2026-04-03T01:49:39.544+0600][24.757s][info][gc             ] GC(50) Concurrent Mark Cycle
[2026-04-03T01:49:39.544+0600][24.757s][info][gc,marking     ] GC(50) Concurrent Scan Root Regions
[2026-04-03T01:49:39.549+0600][24.761s][info][gc,marking     ] GC(50) Concurrent Scan Root Regions 3.990ms
[2026-04-03T01:49:39.549+0600][24.762s][info][gc,marking     ] GC(50) Concurrent Mark
[2026-04-03T01:49:39.549+0600][24.762s][info][gc,marking     ] GC(50) Concurrent Mark From Roots
[2026-04-03T01:49:39.549+0600][24.762s][info][gc,task        ] GC(50) Using 3 workers of 3 for marking
[2026-04-03T01:49:39.564+0600][24.777s][info][gc,marking     ] GC(50) Concurrent Mark From Roots 15.584ms
[2026-04-03T01:49:39.564+0600][24.777s][info][gc,marking     ] GC(50) Concurrent Preclean
[2026-04-03T01:49:39.564+0600][24.777s][info][gc,marking     ] GC(50) Concurrent Preclean 0.164ms
[2026-04-03T01:49:39.565+0600][24.778s][info][gc,start       ] GC(50) Pause Remark
[2026-04-03T01:49:39.568+0600][24.781s][info][gc             ] GC(50) Pause Remark 68M->68M(154M) 3.027ms
[2026-04-03T01:49:39.568+0600][24.781s][info][gc,cpu         ] GC(50) User=0.01s Sys=0.00s Real=0.00s
[2026-04-03T01:49:39.568+0600][24.781s][info][gc,marking     ] GC(50) Concurrent Mark 19.307ms
[2026-04-03T01:49:39.568+0600][24.781s][info][gc,marking     ] GC(50) Concurrent Rebuild Remembered Sets and Scrub Regions
[2026-04-03T01:49:39.576+0600][24.789s][info][gc,marking     ] GC(50) Concurrent Rebuild Remembered Sets and Scrub Regions 8.263ms
[2026-04-03T01:49:39.576+0600][24.789s][info][gc,start       ] GC(50) Pause Cleanup
[2026-04-03T01:49:39.577+0600][24.790s][info][gc             ] GC(50) Pause Cleanup 81M->81M(154M) 0.219ms
[2026-04-03T01:49:39.577+0600][24.790s][info][gc,cpu         ] GC(50) User=0.00s Sys=0.00s Real=0.00s
[2026-04-03T01:49:39.577+0600][24.790s][info][gc,marking     ] GC(50) Concurrent Clear Claimed Marks
[2026-04-03T01:49:39.577+0600][24.790s][info][gc,marking     ] GC(50) Concurrent Clear Claimed Marks 0.197ms
[2026-04-03T01:49:39.577+0600][24.790s][info][gc,marking     ] GC(50) Concurrent Cleanup for Next Mark
[2026-04-03T01:49:39.578+0600][24.791s][info][gc,marking     ] GC(50) Concurrent Cleanup for Next Mark 0.518ms
[2026-04-03T01:49:39.578+0600][24.791s][info][gc             ] GC(50) Concurrent Mark Cycle 33.188ms
[2026-04-03T01:49:39.610+0600][24.823s][info][gc,start       ] GC(51) Pause Young (Prepare Mixed) (G1 Evacuation Pause)
[2026-04-03T01:49:39.610+0600][24.823s][info][gc,task        ] GC(51) Using 5 workers of 10 for evacuation
[2026-04-03T01:49:39.615+0600][24.828s][info][gc,phases      ] GC(51)   Pre Evacuate Collection Set: 0.19ms
[2026-04-03T01:49:39.615+0600][24.828s][info][gc,phases      ] GC(51)   Merge Heap Roots: 0.13ms
[2026-04-03T01:49:39.615+0600][24.828s][info][gc,phases      ] GC(51)   Evacuate Collection Set: 3.61ms
[2026-04-03T01:49:39.615+0600][24.828s][info][gc,phases      ] GC(51)   Post Evacuate Collection Set: 0.60ms
[2026-04-03T01:49:39.615+0600][24.828s][info][gc,phases      ] GC(51)   Other: 0.09ms
[2026-04-03T01:49:39.615+0600][24.828s][info][gc,heap        ] GC(51) Eden regions: 54->0(45)
[2026-04-03T01:49:39.615+0600][24.828s][info][gc,heap        ] GC(51) Survivor regions: 3->3(12)
[2026-04-03T01:49:39.615+0600][24.828s][info][gc,heap        ] GC(51) Old regions: 17->17
[2026-04-03T01:49:39.615+0600][24.828s][info][gc,heap        ] GC(51) Humongous regions: 3->3
[2026-04-03T01:49:39.615+0600][24.828s][info][gc,metaspace   ] GC(51) Metaspace: 66724K(67584K)->66724K(67584K) NonClass: 58318K(58816K)->58318K(58816K) Class: 8406K(8768K)->8406K(8768K)
[2026-04-03T01:49:39.615+0600][24.828s][info][gc             ] GC(51) Pause Young (Prepare Mixed) (G1 Evacuation Pause) 143M->35M(160M) 4.932ms
[2026-04-03T01:49:39.615+0600][24.828s][info][gc,cpu         ] GC(51) User=0.02s Sys=0.00s Real=0.00s
[2026-04-03T01:49:39.667+0600][24.880s][info][gc,start       ] GC(52) Pause Young (Mixed) (G1 Evacuation Pause)
[2026-04-03T01:49:39.667+0600][24.880s][info][gc,task        ] GC(52) Using 4 workers of 10 for evacuation
[2026-04-03T01:49:39.673+0600][24.886s][info][gc,phases      ] GC(52)   Pre Evacuate Collection Set: 0.17ms
[2026-04-03T01:49:39.673+0600][24.886s][info][gc,phases      ] GC(52)   Merge Heap Roots: 0.09ms
[2026-04-03T01:49:39.673+0600][24.886s][info][gc,phases      ] GC(52)   Evacuate Collection Set: 4.75ms
[2026-04-03T01:49:39.673+0600][24.886s][info][gc,phases      ] GC(52)   Post Evacuate Collection Set: 0.70ms
[2026-04-03T01:49:39.673+0600][24.886s][info][gc,phases      ] GC(52)   Other: 0.09ms
[2026-04-03T01:49:39.673+0600][24.886s][info][gc,heap        ] GC(52) Eden regions: 45->0(45)
[2026-04-03T01:49:39.673+0600][24.886s][info][gc,heap        ] GC(52) Survivor regions: 3->3(6)
[2026-04-03T01:49:39.673+0600][24.886s][info][gc,heap        ] GC(52) Old regions: 17->17
[2026-04-03T01:49:39.673+0600][24.886s][info][gc,heap        ] GC(52) Humongous regions: 3->3
[2026-04-03T01:49:39.673+0600][24.886s][info][gc,metaspace   ] GC(52) Metaspace: 66724K(67584K)->66724K(67584K) NonClass: 58318K(58816K)->58318K(58816K) Class: 8406K(8768K)->8406K(8768K)
[2026-04-03T01:49:39.673+0600][24.886s][info][gc             ] GC(52) Pause Young (Mixed) (G1 Evacuation Pause) 125M->35M(160M) 6.111ms
[2026-04-03T01:49:39.673+0600][24.886s][info][gc,cpu         ] GC(52) User=0.02s Sys=0.00s Real=0.01s
[2026-04-03T01:49:39.731+0600][24.944s][info][gc,start       ] GC(53) Pause Young (Concurrent Start) (G1 Evacuation Pause)
[2026-04-03T01:49:39.731+0600][24.944s][info][gc,task        ] GC(53) Using 3 workers of 10 for evacuation
[2026-04-03T01:49:39.741+0600][24.954s][info][gc,phases      ] GC(53)   Pre Evacuate Collection Set: 0.43ms
[2026-04-03T01:49:39.741+0600][24.954s][info][gc,phases      ] GC(53)   Merge Heap Roots: 0.23ms
[2026-04-03T01:49:39.741+0600][24.954s][info][gc,phases      ] GC(53)   Evacuate Collection Set: 7.60ms
[2026-04-03T01:49:39.741+0600][24.954s][info][gc,phases      ] GC(53)   Post Evacuate Collection Set: 1.42ms
[2026-04-03T01:49:39.741+0600][24.954s][info][gc,phases      ] GC(53)   Other: 0.29ms
[2026-04-03T01:49:39.741+0600][24.954s][info][gc,heap        ] GC(53) Eden regions: 45->0(93)
[2026-04-03T01:49:39.741+0600][24.954s][info][gc,heap        ] GC(53) Survivor regions: 3->3(6)
[2026-04-03T01:49:39.741+0600][24.954s][info][gc,heap        ] GC(53) Old regions: 17->17
[2026-04-03T01:49:39.741+0600][24.954s][info][gc,heap        ] GC(53) Humongous regions: 3->3
[2026-04-03T01:49:39.741+0600][24.954s][info][gc,metaspace   ] GC(53) Metaspace: 66724K(67584K)->66724K(67584K) NonClass: 58318K(58816K)->58318K(58816K) Class: 8406K(8768K)->8406K(8768K)
[2026-04-03T01:49:39.741+0600][24.954s][info][gc             ] GC(53) Pause Young (Concurrent Start) (G1 Evacuation Pause) 125M->35M(320M) 10.393ms
[2026-04-03T01:49:39.741+0600][24.954s][info][gc,cpu         ] GC(53) User=0.03s Sys=0.01s Real=0.01s
[2026-04-03T01:49:39.741+0600][24.954s][info][gc             ] GC(54) Concurrent Mark Cycle
[2026-04-03T01:49:39.742+0600][24.954s][info][gc,marking     ] GC(54) Concurrent Scan Root Regions
[2026-04-03T01:49:39.747+0600][24.960s][info][gc,marking     ] GC(54) Concurrent Scan Root Regions 5.364ms
[2026-04-03T01:49:39.747+0600][24.960s][info][gc,marking     ] GC(54) Concurrent Mark
[2026-04-03T01:49:39.747+0600][24.960s][info][gc,marking     ] GC(54) Concurrent Mark From Roots
[2026-04-03T01:49:39.747+0600][24.960s][info][gc,task        ] GC(54) Using 3 workers of 3 for marking
[2026-04-03T01:49:39.767+0600][24.980s][info][gc,marking     ] GC(54) Concurrent Mark From Roots 19.655ms
[2026-04-03T01:49:39.767+0600][24.980s][info][gc,marking     ] GC(54) Concurrent Preclean
[2026-04-03T01:49:39.767+0600][24.980s][info][gc,marking     ] GC(54) Concurrent Preclean 0.167ms
[2026-04-03T01:49:39.767+0600][24.980s][info][gc,start       ] GC(54) Pause Remark
[2026-04-03T01:49:39.774+0600][24.987s][info][gc             ] GC(54) Pause Remark 60M->60M(154M) 6.491ms
[2026-04-03T01:49:39.774+0600][24.987s][info][gc,cpu         ] GC(54) User=0.02s Sys=0.00s Real=0.01s
[2026-04-03T01:49:39.774+0600][24.987s][info][gc,marking     ] GC(54) Concurrent Mark 27.078ms
[2026-04-03T01:49:39.774+0600][24.987s][info][gc,marking     ] GC(54) Concurrent Rebuild Remembered Sets and Scrub Regions
[2026-04-03T01:49:39.784+0600][24.997s][info][gc,marking     ] GC(54) Concurrent Rebuild Remembered Sets and Scrub Regions 9.560ms
[2026-04-03T01:49:39.784+0600][24.997s][info][gc,start       ] GC(54) Pause Cleanup
[2026-04-03T01:49:39.784+0600][24.997s][info][gc             ] GC(54) Pause Cleanup 70M->70M(154M) 0.241ms
[2026-04-03T01:49:39.784+0600][24.997s][info][gc,cpu         ] GC(54) User=0.00s Sys=0.00s Real=0.00s
[2026-04-03T01:49:39.784+0600][24.997s][info][gc,marking     ] GC(54) Concurrent Clear Claimed Marks
[2026-04-03T01:49:39.785+0600][24.998s][info][gc,marking     ] GC(54) Concurrent Clear Claimed Marks 0.206ms
[2026-04-03T01:49:39.785+0600][24.998s][info][gc,marking     ] GC(54) Concurrent Cleanup for Next Mark
[2026-04-03T01:49:39.785+0600][24.998s][info][gc,marking     ] GC(54) Concurrent Cleanup for Next Mark 0.430ms
[2026-04-03T01:49:39.785+0600][24.998s][info][gc             ] GC(54) Concurrent Mark Cycle 43.716ms
[2026-04-03T01:49:39.825+0600][25.038s][info][gc,start       ] GC(55) Pause Young (Prepare Mixed) (G1 Evacuation Pause)
[2026-04-03T01:49:39.825+0600][25.038s][info][gc,task        ] GC(55) Using 3 workers of 10 for evacuation
[2026-04-03T01:49:39.830+0600][25.043s][info][gc,phases      ] GC(55)   Pre Evacuate Collection Set: 0.40ms
[2026-04-03T01:49:39.830+0600][25.043s][info][gc,phases      ] GC(55)   Merge Heap Roots: 0.25ms
[2026-04-03T01:49:39.830+0600][25.043s][info][gc,phases      ] GC(55)   Evacuate Collection Set: 4.19ms
[2026-04-03T01:49:39.830+0600][25.043s][info][gc,phases      ] GC(55)   Post Evacuate Collection Set: 0.78ms
[2026-04-03T01:49:39.830+0600][25.043s][info][gc,phases      ] GC(55)   Other: 0.07ms
[2026-04-03T01:49:39.830+0600][25.043s][info][gc,heap        ] GC(55) Eden regions: 54->0(45)
[2026-04-03T01:49:39.830+0600][25.043s][info][gc,heap        ] GC(55) Survivor regions: 3->3(12)
[2026-04-03T01:49:39.830+0600][25.043s][info][gc,heap        ] GC(55) Old regions: 17->18
[2026-04-03T01:49:39.830+0600][25.043s][info][gc,heap        ] GC(55) Humongous regions: 3->3
[2026-04-03T01:49:39.830+0600][25.043s][info][gc,metaspace   ] GC(55) Metaspace: 66724K(67584K)->66724K(67584K) NonClass: 58318K(58816K)->58318K(58816K) Class: 8406K(8768K)->8406K(8768K)
[2026-04-03T01:49:39.830+0600][25.043s][info][gc             ] GC(55) Pause Young (Prepare Mixed) (G1 Evacuation Pause) 143M->35M(162M) 5.918ms
[2026-04-03T01:49:39.831+0600][25.043s][info][gc,cpu         ] GC(55) User=0.01s Sys=0.00s Real=0.01s
[2026-04-03T01:49:39.868+0600][25.081s][info][gc,start       ] GC(56) Pause Young (Mixed) (G1 Evacuation Pause)
[2026-04-03T01:49:39.868+0600][25.081s][info][gc,task        ] GC(56) Using 3 workers of 10 for evacuation
[2026-04-03T01:49:39.874+0600][25.087s][info][gc,phases      ] GC(56)   Pre Evacuate Collection Set: 0.15ms
[2026-04-03T01:49:39.874+0600][25.087s][info][gc,phases      ] GC(56)   Merge Heap Roots: 0.08ms
[2026-04-03T01:49:39.874+0600][25.087s][info][gc,phases      ] GC(56)   Evacuate Collection Set: 4.48ms
[2026-04-03T01:49:39.874+0600][25.087s][info][gc,phases      ] GC(56)   Post Evacuate Collection Set: 0.52ms
[2026-04-03T01:49:39.874+0600][25.087s][info][gc,phases      ] GC(56)   Other: 0.10ms
[2026-04-03T01:49:39.874+0600][25.087s][info][gc,heap        ] GC(56) Eden regions: 45->0(46)
[2026-04-03T01:49:39.874+0600][25.087s][info][gc,heap        ] GC(56) Survivor regions: 3->2(6)
[2026-04-03T01:49:39.874+0600][25.087s][info][gc,heap        ] GC(56) Old regions: 18->17
[2026-04-03T01:49:39.874+0600][25.087s][info][gc,heap        ] GC(56) Humongous regions: 3->3
[2026-04-03T01:49:39.874+0600][25.087s][info][gc,metaspace   ] GC(56) Metaspace: 66736K(67584K)->66736K(67584K) NonClass: 58330K(58816K)->58330K(58816K) Class: 8406K(8768K)->8406K(8768K)
[2026-04-03T01:49:39.874+0600][25.087s][info][gc             ] GC(56) Pause Young (Mixed) (G1 Evacuation Pause) 125M->36M(162M) 5.559ms
[2026-04-03T01:49:39.874+0600][25.087s][info][gc,cpu         ] GC(56) User=0.02s Sys=0.00s Real=0.01s
[2026-04-03T01:49:39.921+0600][25.134s][info][gc,start       ] GC(57) Pause Young (Concurrent Start) (G1 Evacuation Pause)
[2026-04-03T01:49:39.921+0600][25.134s][info][gc,task        ] GC(57) Using 3 workers of 10 for evacuation
[2026-04-03T01:49:39.925+0600][25.137s][info][gc,phases      ] GC(57)   Pre Evacuate Collection Set: 0.31ms
[2026-04-03T01:49:39.925+0600][25.138s][info][gc,phases      ] GC(57)   Merge Heap Roots: 0.10ms
[2026-04-03T01:49:39.925+0600][25.138s][info][gc,phases      ] GC(57)   Evacuate Collection Set: 2.44ms
[2026-04-03T01:49:39.925+0600][25.138s][info][gc,phases      ] GC(57)   Post Evacuate Collection Set: 0.55ms
[2026-04-03T01:49:39.925+0600][25.138s][info][gc,phases      ] GC(57)   Other: 0.19ms
[2026-04-03T01:49:39.925+0600][25.138s][info][gc,heap        ] GC(57) Eden regions: 46->0(46)
[2026-04-03T01:49:39.925+0600][25.138s][info][gc,heap        ] GC(57) Survivor regions: 2->2(6)
[2026-04-03T01:49:39.925+0600][25.138s][info][gc,heap        ] GC(57) Old regions: 17->18
[2026-04-03T01:49:39.925+0600][25.138s][info][gc,heap        ] GC(57) Humongous regions: 3->3
[2026-04-03T01:49:39.925+0600][25.138s][info][gc,metaspace   ] GC(57) Metaspace: 66737K(67584K)->66737K(67584K) NonClass: 58331K(58816K)->58331K(58816K) Class: 8406K(8768K)->8406K(8768K)
[2026-04-03T01:49:39.925+0600][25.138s][info][gc             ] GC(57) Pause Young (Concurrent Start) (G1 Evacuation Pause) 128M->36M(162M) 3.888ms
[2026-04-03T01:49:39.925+0600][25.138s][info][gc             ] GC(58) Concurrent Mark Cycle
[2026-04-03T01:49:39.925+0600][25.138s][info][gc,marking     ] GC(58) Concurrent Scan Root Regions
[2026-04-03T01:49:39.925+0600][25.138s][info][gc,cpu         ] GC(57) User=0.01s Sys=0.00s Real=0.00s
[2026-04-03T01:49:39.928+0600][25.141s][info][gc,marking     ] GC(58) Concurrent Scan Root Regions 2.848ms
[2026-04-03T01:49:39.928+0600][25.141s][info][gc,marking     ] GC(58) Concurrent Mark
[2026-04-03T01:49:39.928+0600][25.141s][info][gc,marking     ] GC(58) Concurrent Mark From Roots
[2026-04-03T01:49:39.928+0600][25.141s][info][gc,task        ] GC(58) Using 3 workers of 3 for marking
[2026-04-03T01:49:39.946+0600][25.159s][info][gc,marking     ] GC(58) Concurrent Mark From Roots 17.832ms
[2026-04-03T01:49:39.946+0600][25.159s][info][gc,marking     ] GC(58) Concurrent Preclean
[2026-04-03T01:49:39.946+0600][25.159s][info][gc,marking     ] GC(58) Concurrent Preclean 0.103ms
[2026-04-03T01:49:39.946+0600][25.159s][info][gc,start       ] GC(58) Pause Remark
[2026-04-03T01:49:39.957+0600][25.170s][info][gc             ] GC(58) Pause Remark 62M->62M(154M) 11.148ms
[2026-04-03T01:49:39.957+0600][25.170s][info][gc,cpu         ] GC(58) User=0.03s Sys=0.00s Real=0.01s
[2026-04-03T01:49:39.957+0600][25.170s][info][gc,marking     ] GC(58) Concurrent Mark 29.640ms
[2026-04-03T01:49:39.957+0600][25.170s][info][gc,marking     ] GC(58) Concurrent Rebuild Remembered Sets and Scrub Regions
[2026-04-03T01:49:39.966+0600][25.179s][info][gc,marking     ] GC(58) Concurrent Rebuild Remembered Sets and Scrub Regions 8.931ms
[2026-04-03T01:49:39.967+0600][25.180s][info][gc,start       ] GC(58) Pause Cleanup
[2026-04-03T01:49:39.967+0600][25.180s][info][gc             ] GC(58) Pause Cleanup 76M->76M(154M) 0.191ms
[2026-04-03T01:49:39.967+0600][25.180s][info][gc,cpu         ] GC(58) User=0.00s Sys=0.00s Real=0.00s
[2026-04-03T01:49:39.967+0600][25.180s][info][gc,marking     ] GC(58) Concurrent Clear Claimed Marks
[2026-04-03T01:49:39.967+0600][25.180s][info][gc,marking     ] GC(58) Concurrent Clear Claimed Marks 0.198ms
[2026-04-03T01:49:39.967+0600][25.180s][info][gc,marking     ] GC(58) Concurrent Cleanup for Next Mark
[2026-04-03T01:49:39.968+0600][25.181s][info][gc,marking     ] GC(58) Concurrent Cleanup for Next Mark 0.264ms
[2026-04-03T01:49:39.968+0600][25.181s][info][gc             ] GC(58) Concurrent Mark Cycle 42.850ms
[2026-04-03T01:49:39.996+0600][25.209s][info][gc,start       ] GC(59) Pause Young (Prepare Mixed) (G1 Evacuation Pause)
[2026-04-03T01:49:39.996+0600][25.209s][info][gc,task        ] GC(59) Using 3 workers of 10 for evacuation
[2026-04-03T01:49:40.000+0600][25.213s][info][gc,phases      ] GC(59)   Pre Evacuate Collection Set: 0.29ms
[2026-04-03T01:49:40.000+0600][25.213s][info][gc,phases      ] GC(59)   Merge Heap Roots: 0.11ms
[2026-04-03T01:49:40.000+0600][25.213s][info][gc,phases      ] GC(59)   Evacuate Collection Set: 2.58ms
[2026-04-03T01:49:40.000+0600][25.213s][info][gc,phases      ] GC(59)   Post Evacuate Collection Set: 0.90ms
[2026-04-03T01:49:40.000+0600][25.213s][info][gc,phases      ] GC(59)   Other: 0.08ms
[2026-04-03T01:49:40.000+0600][25.213s][info][gc,heap        ] GC(59) Eden regions: 46->0(80)
[2026-04-03T01:49:40.000+0600][25.213s][info][gc,heap        ] GC(59) Survivor regions: 2->1(6)
[2026-04-03T01:49:40.000+0600][25.213s][info][gc,heap        ] GC(59) Old regions: 18->20
[2026-04-03T01:49:40.000+0600][25.213s][info][gc,heap        ] GC(59) Humongous regions: 3->3
[2026-04-03T01:49:40.000+0600][25.213s][info][gc,metaspace   ] GC(59) Metaspace: 66725K(67584K)->66725K(67584K) NonClass: 58322K(58816K)->58322K(58816K) Class: 8402K(8768K)->8402K(8768K)
[2026-04-03T01:49:40.000+0600][25.213s][info][gc             ] GC(59) Pause Young (Prepare Mixed) (G1 Evacuation Pause) 128M->36M(272M) 4.181ms
[2026-04-03T01:49:40.000+0600][25.213s][info][gc,cpu         ] GC(59) User=0.01s Sys=0.00s Real=0.01s
[2026-04-03T01:49:40.103+0600][25.316s][info][gc,start       ] GC(60) Pause Young (Mixed) (G1 Evacuation Pause)
[2026-04-03T01:49:40.103+0600][25.316s][info][gc,task        ] GC(60) Using 6 workers of 10 for evacuation
[2026-04-03T01:49:40.105+0600][25.318s][info][gc,phases      ] GC(60)   Pre Evacuate Collection Set: 0.46ms
[2026-04-03T01:49:40.105+0600][25.318s][info][gc,phases      ] GC(60)   Merge Heap Roots: 0.13ms
[2026-04-03T01:49:40.105+0600][25.318s][info][gc,phases      ] GC(60)   Evacuate Collection Set: 1.09ms
[2026-04-03T01:49:40.105+0600][25.318s][info][gc,phases      ] GC(60)   Post Evacuate Collection Set: 0.67ms
[2026-04-03T01:49:40.105+0600][25.318s][info][gc,phases      ] GC(60)   Other: 0.10ms
[2026-04-03T01:49:40.105+0600][25.318s][info][gc,heap        ] GC(60) Eden regions: 80->0(80)
[2026-04-03T01:49:40.105+0600][25.318s][info][gc,heap        ] GC(60) Survivor regions: 1->1(11)
[2026-04-03T01:49:40.105+0600][25.318s][info][gc,heap        ] GC(60) Old regions: 20->19
[2026-04-03T01:49:40.105+0600][25.318s][info][gc,heap        ] GC(60) Humongous regions: 3->3
[2026-04-03T01:49:40.105+0600][25.318s][info][gc,metaspace   ] GC(60) Metaspace: 66725K(67584K)->66725K(67584K) NonClass: 58322K(58816K)->58322K(58816K) Class: 8402K(8768K)->8402K(8768K)
[2026-04-03T01:49:40.106+0600][25.318s][info][gc             ] GC(60) Pause Young (Mixed) (G1 Evacuation Pause) 196M->35M(272M) 2.784ms
[2026-04-03T01:49:40.106+0600][25.319s][info][gc,cpu         ] GC(60) User=0.01s Sys=0.00s Real=0.00s
[2026-04-03T01:49:40.189+0600][25.402s][info][gc,start       ] GC(61) Pause Young (Concurrent Start) (G1 Evacuation Pause)
[2026-04-03T01:49:40.189+0600][25.402s][info][gc,task        ] GC(61) Using 6 workers of 10 for evacuation
[2026-04-03T01:49:40.191+0600][25.404s][info][gc,phases      ] GC(61)   Pre Evacuate Collection Set: 0.41ms
[2026-04-03T01:49:40.191+0600][25.404s][info][gc,phases      ] GC(61)   Merge Heap Roots: 0.09ms
[2026-04-03T01:49:40.191+0600][25.404s][info][gc,phases      ] GC(61)   Evacuate Collection Set: 0.96ms
[2026-04-03T01:49:40.191+0600][25.404s][info][gc,phases      ] GC(61)   Post Evacuate Collection Set: 0.69ms
[2026-04-03T01:49:40.191+0600][25.404s][info][gc,phases      ] GC(61)   Other: 0.19ms
[2026-04-03T01:49:40.191+0600][25.404s][info][gc,heap        ] GC(61) Eden regions: 80->0(80)
[2026-04-03T01:49:40.191+0600][25.404s][info][gc,heap        ] GC(61) Survivor regions: 1->1(11)
[2026-04-03T01:49:40.191+0600][25.404s][info][gc,heap        ] GC(61) Old regions: 19->19
[2026-04-03T01:49:40.191+0600][25.404s][info][gc,heap        ] GC(61) Humongous regions: 3->3
[2026-04-03T01:49:40.191+0600][25.404s][info][gc,metaspace   ] GC(61) Metaspace: 66728K(67584K)->66728K(67584K) NonClass: 58326K(58816K)->58326K(58816K) Class: 8402K(8768K)->8402K(8768K)
[2026-04-03T01:49:40.191+0600][25.404s][info][gc             ] GC(61) Pause Young (Concurrent Start) (G1 Evacuation Pause) 195M->35M(272M) 2.606ms
[2026-04-03T01:49:40.192+0600][25.404s][info][gc,cpu         ] GC(61) User=0.00s Sys=0.00s Real=0.01s
[2026-04-03T01:49:40.192+0600][25.405s][info][gc             ] GC(62) Concurrent Mark Cycle
[2026-04-03T01:49:40.192+0600][25.405s][info][gc,marking     ] GC(62) Concurrent Scan Root Regions
[2026-04-03T01:49:40.193+0600][25.406s][info][gc,marking     ] GC(62) Concurrent Scan Root Regions 0.876ms
[2026-04-03T01:49:40.193+0600][25.406s][info][gc,marking     ] GC(62) Concurrent Mark
[2026-04-03T01:49:40.193+0600][25.406s][info][gc,marking     ] GC(62) Concurrent Mark From Roots
[2026-04-03T01:49:40.193+0600][25.406s][info][gc,task        ] GC(62) Using 3 workers of 3 for marking
[2026-04-03T01:49:40.211+0600][25.424s][info][gc,marking     ] GC(62) Concurrent Mark From Roots 18.345ms
[2026-04-03T01:49:40.211+0600][25.424s][info][gc,marking     ] GC(62) Concurrent Preclean
[2026-04-03T01:49:40.211+0600][25.424s][info][gc,marking     ] GC(62) Concurrent Preclean 0.099ms
[2026-04-03T01:49:40.211+0600][25.424s][info][gc,start       ] GC(62) Pause Remark
[2026-04-03T01:49:40.223+0600][25.436s][info][gc             ] GC(62) Pause Remark 62M->62M(154M) 12.078ms
[2026-04-03T01:49:40.224+0600][25.436s][info][gc,cpu         ] GC(62) User=0.06s Sys=0.00s Real=0.01s
[2026-04-03T01:49:40.224+0600][25.437s][info][gc,marking     ] GC(62) Concurrent Mark 31.029ms
[2026-04-03T01:49:40.224+0600][25.437s][info][gc,marking     ] GC(62) Concurrent Rebuild Remembered Sets and Scrub Regions
[2026-04-03T01:49:40.236+0600][25.449s][info][gc,marking     ] GC(62) Concurrent Rebuild Remembered Sets and Scrub Regions 12.028ms
[2026-04-03T01:49:40.236+0600][25.449s][info][gc,start       ] GC(62) Pause Cleanup
[2026-04-03T01:49:40.236+0600][25.449s][info][gc             ] GC(62) Pause Cleanup 74M->74M(154M) 0.266ms
[2026-04-03T01:49:40.236+0600][25.449s][info][gc,cpu         ] GC(62) User=0.00s Sys=0.00s Real=0.00s
[2026-04-03T01:49:40.237+0600][25.449s][info][gc,marking     ] GC(62) Concurrent Clear Claimed Marks
[2026-04-03T01:49:40.237+0600][25.450s][info][gc,marking     ] GC(62) Concurrent Clear Claimed Marks 0.180ms
[2026-04-03T01:49:40.237+0600][25.450s][info][gc,marking     ] GC(62) Concurrent Cleanup for Next Mark
[2026-04-03T01:49:40.237+0600][25.450s][info][gc,marking     ] GC(62) Concurrent Cleanup for Next Mark 0.274ms
[2026-04-03T01:49:40.237+0600][25.450s][info][gc             ] GC(62) Concurrent Mark Cycle 45.440ms
[2026-04-03T01:49:40.281+0600][25.494s][info][gc,start       ] GC(63) Pause Young (Prepare Mixed) (GCLocker Initiated GC)
[2026-04-03T01:49:40.281+0600][25.494s][info][gc,task        ] GC(63) Using 4 workers of 10 for evacuation
[2026-04-03T01:49:40.283+0600][25.496s][info][gc,phases      ] GC(63)   Pre Evacuate Collection Set: 0.29ms
[2026-04-03T01:49:40.283+0600][25.496s][info][gc,phases      ] GC(63)   Merge Heap Roots: 0.24ms
[2026-04-03T01:49:40.283+0600][25.496s][info][gc,phases      ] GC(63)   Evacuate Collection Set: 0.79ms
[2026-04-03T01:49:40.283+0600][25.496s][info][gc,phases      ] GC(63)   Post Evacuate Collection Set: 0.77ms
[2026-04-03T01:49:40.283+0600][25.496s][info][gc,phases      ] GC(63)   Other: 0.13ms
[2026-04-03T01:49:40.283+0600][25.496s][info][gc,heap        ] GC(63) Eden regions: 54->0(45)
[2026-04-03T01:49:40.283+0600][25.496s][info][gc,heap        ] GC(63) Survivor regions: 1->1(11)
[2026-04-03T01:49:40.283+0600][25.496s][info][gc,heap        ] GC(63) Old regions: 19->19
[2026-04-03T01:49:40.283+0600][25.496s][info][gc,heap        ] GC(63) Humongous regions: 3->3
[2026-04-03T01:49:40.283+0600][25.496s][info][gc,metaspace   ] GC(63) Metaspace: 66595K(67584K)->66595K(67584K) NonClass: 58231K(58816K)->58231K(58816K) Class: 8364K(8768K)->8364K(8768K)
[2026-04-03T01:49:40.283+0600][25.496s][info][gc             ] GC(63) Pause Young (Prepare Mixed) (GCLocker Initiated GC) 143M->35M(156M) 2.688ms
[2026-04-03T01:49:40.283+0600][25.496s][info][gc,cpu         ] GC(63) User=0.00s Sys=0.00s Real=0.00s
[2026-04-03T01:49:40.340+0600][25.553s][info][gc,start       ] GC(64) Pause Young (Mixed) (G1 Evacuation Pause)
[2026-04-03T01:49:40.340+0600][25.553s][info][gc,task        ] GC(64) Using 3 workers of 10 for evacuation
[2026-04-03T01:49:40.343+0600][25.556s][info][gc,phases      ] GC(64)   Pre Evacuate Collection Set: 0.37ms
[2026-04-03T01:49:40.343+0600][25.556s][info][gc,phases      ] GC(64)   Merge Heap Roots: 0.11ms
[2026-04-03T01:49:40.343+0600][25.556s][info][gc,phases      ] GC(64)   Evacuate Collection Set: 1.63ms
[2026-04-03T01:49:40.343+0600][25.556s][info][gc,phases      ] GC(64)   Post Evacuate Collection Set: 0.80ms
[2026-04-03T01:49:40.343+0600][25.556s][info][gc,phases      ] GC(64)   Other: 0.08ms
[2026-04-03T01:49:40.343+0600][25.556s][info][gc,heap        ] GC(64) Eden regions: 45->0(70)
[2026-04-03T01:49:40.343+0600][25.556s][info][gc,heap        ] GC(64) Survivor regions: 1->1(6)
[2026-04-03T01:49:40.343+0600][25.556s][info][gc,heap        ] GC(64) Old regions: 19->19
[2026-04-03T01:49:40.343+0600][25.556s][info][gc,heap        ] GC(64) Humongous regions: 3->3
[2026-04-03T01:49:40.343+0600][25.556s][info][gc,metaspace   ] GC(64) Metaspace: 66595K(67584K)->66595K(67584K) NonClass: 58231K(58816K)->58231K(58816K) Class: 8364K(8768K)->8364K(8768K)
[2026-04-03T01:49:40.343+0600][25.556s][info][gc             ] GC(64) Pause Young (Mixed) (G1 Evacuation Pause) 125M->35M(238M) 3.260ms
[2026-04-03T01:49:40.343+0600][25.556s][info][gc,cpu         ] GC(64) User=0.01s Sys=0.00s Real=0.00s
[2026-04-03T01:49:40.441+0600][25.654s][info][gc,start       ] GC(65) Pause Young (Concurrent Start) (G1 Evacuation Pause)
[2026-04-03T01:49:40.442+0600][25.654s][info][gc,task        ] GC(65) Using 5 workers of 10 for evacuation
[2026-04-03T01:49:40.443+0600][25.656s][info][gc,phases      ] GC(65)   Pre Evacuate Collection Set: 0.39ms
[2026-04-03T01:49:40.444+0600][25.656s][info][gc,phases      ] GC(65)   Merge Heap Roots: 0.07ms
[2026-04-03T01:49:40.444+0600][25.657s][info][gc,phases      ] GC(65)   Evacuate Collection Set: 0.79ms
[2026-04-03T01:49:40.444+0600][25.657s][info][gc,phases      ] GC(65)   Post Evacuate Collection Set: 0.53ms
[2026-04-03T01:49:40.444+0600][25.657s][info][gc,phases      ] GC(65)   Other: 0.20ms
[2026-04-03T01:49:40.444+0600][25.657s][info][gc,heap        ] GC(65) Eden regions: 70->0(70)
[2026-04-03T01:49:40.444+0600][25.657s][info][gc,heap        ] GC(65) Survivor regions: 1->1(9)
[2026-04-03T01:49:40.444+0600][25.657s][info][gc,heap        ] GC(65) Old regions: 19->19
[2026-04-03T01:49:40.444+0600][25.657s][info][gc,heap        ] GC(65) Humongous regions: 3->3
[2026-04-03T01:49:40.444+0600][25.657s][info][gc,metaspace   ] GC(65) Metaspace: 66595K(67584K)->66595K(67584K) NonClass: 58231K(58816K)->58231K(58816K) Class: 8364K(8768K)->8364K(8768K)
[2026-04-03T01:49:40.444+0600][25.657s][info][gc             ] GC(65) Pause Young (Concurrent Start) (G1 Evacuation Pause) 175M->35M(238M) 2.204ms
[2026-04-03T01:49:40.444+0600][25.657s][info][gc             ] GC(66) Concurrent Mark Cycle
[2026-04-03T01:49:40.444+0600][25.657s][info][gc,marking     ] GC(66) Concurrent Scan Root Regions
[2026-04-03T01:49:40.444+0600][25.657s][info][gc,cpu         ] GC(65) User=0.00s Sys=0.00s Real=0.00s
[2026-04-03T01:49:40.445+0600][25.658s][info][gc,marking     ] GC(66) Concurrent Scan Root Regions 1.025ms
[2026-04-03T01:49:40.445+0600][25.658s][info][gc,marking     ] GC(66) Concurrent Mark
[2026-04-03T01:49:40.445+0600][25.658s][info][gc,marking     ] GC(66) Concurrent Mark From Roots
[2026-04-03T01:49:40.445+0600][25.658s][info][gc,task        ] GC(66) Using 3 workers of 3 for marking
[2026-04-03T01:49:40.465+0600][25.678s][info][gc,marking     ] GC(66) Concurrent Mark From Roots 19.729ms
[2026-04-03T01:49:40.465+0600][25.678s][info][gc,marking     ] GC(66) Concurrent Preclean
[2026-04-03T01:49:40.465+0600][25.678s][info][gc,marking     ] GC(66) Concurrent Preclean 0.147ms
[2026-04-03T01:49:40.465+0600][25.678s][info][gc,start       ] GC(66) Pause Remark
[2026-04-03T01:49:40.469+0600][25.682s][info][gc             ] GC(66) Pause Remark 58M->58M(154M) 3.855ms
[2026-04-03T01:49:40.469+0600][25.682s][info][gc,cpu         ] GC(66) User=0.02s Sys=0.00s Real=0.00s
[2026-04-03T01:49:40.469+0600][25.682s][info][gc,marking     ] GC(66) Concurrent Mark 24.202ms
[2026-04-03T01:49:40.469+0600][25.682s][info][gc,marking     ] GC(66) Concurrent Rebuild Remembered Sets and Scrub Regions
[2026-04-03T01:49:40.480+0600][25.693s][info][gc,marking     ] GC(66) Concurrent Rebuild Remembered Sets and Scrub Regions 10.648ms
[2026-04-03T01:49:40.480+0600][25.693s][info][gc,start       ] GC(66) Pause Cleanup
[2026-04-03T01:49:40.480+0600][25.693s][info][gc             ] GC(66) Pause Cleanup 73M->73M(154M) 0.332ms
[2026-04-03T01:49:40.480+0600][25.693s][info][gc,cpu         ] GC(66) User=0.00s Sys=0.00s Real=0.00s
[2026-04-03T01:49:40.481+0600][25.693s][info][gc,marking     ] GC(66) Concurrent Clear Claimed Marks
[2026-04-03T01:49:40.481+0600][25.694s][info][gc,marking     ] GC(66) Concurrent Clear Claimed Marks 0.187ms
[2026-04-03T01:49:40.481+0600][25.694s][info][gc,marking     ] GC(66) Concurrent Cleanup for Next Mark
[2026-04-03T01:49:40.481+0600][25.694s][info][gc,marking     ] GC(66) Concurrent Cleanup for Next Mark 0.335ms
[2026-04-03T01:49:40.481+0600][25.694s][info][gc             ] GC(66) Concurrent Mark Cycle 37.481ms
[2026-04-03T01:49:40.519+0600][25.732s][info][gc,start       ] GC(67) Pause Young (Prepare Mixed) (G1 Evacuation Pause)
[2026-04-03T01:49:40.519+0600][25.732s][info][gc,task        ] GC(67) Using 4 workers of 10 for evacuation
[2026-04-03T01:49:40.521+0600][25.733s][info][gc,phases      ] GC(67)   Pre Evacuate Collection Set: 0.30ms
[2026-04-03T01:49:40.521+0600][25.734s][info][gc,phases      ] GC(67)   Merge Heap Roots: 0.16ms
[2026-04-03T01:49:40.521+0600][25.734s][info][gc,phases      ] GC(67)   Evacuate Collection Set: 0.55ms
[2026-04-03T01:49:40.521+0600][25.734s][info][gc,phases      ] GC(67)   Post Evacuate Collection Set: 0.59ms
[2026-04-03T01:49:40.521+0600][25.734s][info][gc,phases      ] GC(67)   Other: 0.10ms
[2026-04-03T01:49:40.521+0600][25.734s][info][gc,heap        ] GC(67) Eden regions: 54->0(45)
[2026-04-03T01:49:40.521+0600][25.734s][info][gc,heap        ] GC(67) Survivor regions: 1->1(9)
[2026-04-03T01:49:40.521+0600][25.734s][info][gc,heap        ] GC(67) Old regions: 19->19
[2026-04-03T01:49:40.521+0600][25.734s][info][gc,heap        ] GC(67) Humongous regions: 3->3
[2026-04-03T01:49:40.521+0600][25.734s][info][gc,metaspace   ] GC(67) Metaspace: 66595K(67584K)->66595K(67584K) NonClass: 58231K(58816K)->58231K(58816K) Class: 8364K(8768K)->8364K(8768K)
[2026-04-03T01:49:40.521+0600][25.734s][info][gc             ] GC(67) Pause Young (Prepare Mixed) (G1 Evacuation Pause) 143M->35M(156M) 1.983ms
[2026-04-03T01:49:40.521+0600][25.734s][info][gc,cpu         ] GC(67) User=0.00s Sys=0.00s Real=0.01s
[2026-04-03T01:49:40.563+0600][25.776s][info][gc,start       ] GC(68) Pause Young (Mixed) (G1 Evacuation Pause)
[2026-04-03T01:49:40.563+0600][25.776s][info][gc,task        ] GC(68) Using 3 workers of 10 for evacuation
[2026-04-03T01:49:40.565+0600][25.778s][info][gc,phases      ] GC(68)   Pre Evacuate Collection Set: 0.42ms
[2026-04-03T01:49:40.565+0600][25.778s][info][gc,phases      ] GC(68)   Merge Heap Roots: 0.11ms
[2026-04-03T01:49:40.565+0600][25.778s][info][gc,phases      ] GC(68)   Evacuate Collection Set: 1.21ms
[2026-04-03T01:49:40.565+0600][25.778s][info][gc,phases      ] GC(68)   Post Evacuate Collection Set: 0.57ms
[2026-04-03T01:49:40.565+0600][25.778s][info][gc,phases      ] GC(68)   Other: 0.08ms
[2026-04-03T01:49:40.565+0600][25.778s][info][gc,heap        ] GC(68) Eden regions: 45->0(45)
[2026-04-03T01:49:40.565+0600][25.778s][info][gc,heap        ] GC(68) Survivor regions: 1->1(6)
[2026-04-03T01:49:40.565+0600][25.778s][info][gc,heap        ] GC(68) Old regions: 19->19
[2026-04-03T01:49:40.565+0600][25.778s][info][gc,heap        ] GC(68) Humongous regions: 3->3
[2026-04-03T01:49:40.565+0600][25.778s][info][gc,metaspace   ] GC(68) Metaspace: 66595K(67584K)->66595K(67584K) NonClass: 58231K(58816K)->58231K(58816K) Class: 8364K(8768K)->8364K(8768K)
[2026-04-03T01:49:40.565+0600][25.778s][info][gc             ] GC(68) Pause Young (Mixed) (G1 Evacuation Pause) 125M->35M(156M) 2.624ms
[2026-04-03T01:49:40.565+0600][25.778s][info][gc,cpu         ] GC(68) User=0.00s Sys=0.00s Real=0.00s
[2026-04-03T01:49:40.609+0600][25.822s][info][gc,start       ] GC(69) Pause Young (Concurrent Start) (G1 Evacuation Pause)
[2026-04-03T01:49:40.609+0600][25.822s][info][gc,task        ] GC(69) Using 3 workers of 10 for evacuation
[2026-04-03T01:49:40.611+0600][25.824s][info][gc,phases      ] GC(69)   Pre Evacuate Collection Set: 0.33ms
[2026-04-03T01:49:40.611+0600][25.824s][info][gc,phases      ] GC(69)   Merge Heap Roots: 0.13ms
[2026-04-03T01:49:40.611+0600][25.824s][info][gc,phases      ] GC(69)   Evacuate Collection Set: 0.77ms
[2026-04-03T01:49:40.611+0600][25.824s][info][gc,phases      ] GC(69)   Post Evacuate Collection Set: 0.85ms
[2026-04-03T01:49:40.612+0600][25.824s][info][gc,phases      ] GC(69)   Other: 0.11ms
[2026-04-03T01:49:40.612+0600][25.824s][info][gc,heap        ] GC(69) Eden regions: 45->0(64)
[2026-04-03T01:49:40.612+0600][25.824s][info][gc,heap        ] GC(69) Survivor regions: 1->1(6)
[2026-04-03T01:49:40.612+0600][25.824s][info][gc,heap        ] GC(69) Old regions: 19->19
[2026-04-03T01:49:40.612+0600][25.824s][info][gc,heap        ] GC(69) Humongous regions: 3->3
[2026-04-03T01:49:40.612+0600][25.825s][info][gc,metaspace   ] GC(69) Metaspace: 66595K(67584K)->66595K(67584K) NonClass: 58231K(58816K)->58231K(58816K) Class: 8364K(8768K)->8364K(8768K)
[2026-04-03T01:49:40.612+0600][25.825s][info][gc             ] GC(69) Pause Young (Concurrent Start) (G1 Evacuation Pause) 125M->35M(218M) 2.435ms
[2026-04-03T01:49:40.612+0600][25.825s][info][gc,cpu         ] GC(69) User=0.01s Sys=0.00s Real=0.01s
[2026-04-03T01:49:40.612+0600][25.825s][info][gc             ] GC(70) Concurrent Mark Cycle
[2026-04-03T01:49:40.612+0600][25.825s][info][gc,marking     ] GC(70) Concurrent Scan Root Regions
[2026-04-03T01:49:40.613+0600][25.826s][info][gc,marking     ] GC(70) Concurrent Scan Root Regions 0.881ms
[2026-04-03T01:49:40.613+0600][25.826s][info][gc,marking     ] GC(70) Concurrent Mark
[2026-04-03T01:49:40.613+0600][25.826s][info][gc,marking     ] GC(70) Concurrent Mark From Roots
[2026-04-03T01:49:40.613+0600][25.826s][info][gc,task        ] GC(70) Using 3 workers of 3 for marking
[2026-04-03T01:49:40.632+0600][25.845s][info][gc,marking     ] GC(70) Concurrent Mark From Roots 18.906ms
[2026-04-03T01:49:40.632+0600][25.845s][info][gc,marking     ] GC(70) Concurrent Preclean
[2026-04-03T01:49:40.632+0600][25.845s][info][gc,marking     ] GC(70) Concurrent Preclean 0.114ms
[2026-04-03T01:49:40.632+0600][25.845s][info][gc,start       ] GC(70) Pause Remark
[2026-04-03T01:49:40.637+0600][25.850s][info][gc             ] GC(70) Pause Remark 64M->64M(154M) 4.782ms
[2026-04-03T01:49:40.637+0600][25.850s][info][gc,cpu         ] GC(70) User=0.01s Sys=0.00s Real=0.00s
[2026-04-03T01:49:40.637+0600][25.850s][info][gc,marking     ] GC(70) Concurrent Mark 24.369ms
[2026-04-03T01:49:40.637+0600][25.850s][info][gc,marking     ] GC(70) Concurrent Rebuild Remembered Sets and Scrub Regions
[2026-04-03T01:49:40.647+0600][25.860s][info][gc,marking     ] GC(70) Concurrent Rebuild Remembered Sets and Scrub Regions 10.057ms
[2026-04-03T01:49:40.648+0600][25.861s][info][gc,start       ] GC(70) Pause Cleanup
[2026-04-03T01:49:40.648+0600][25.861s][info][gc             ] GC(70) Pause Cleanup 77M->77M(154M) 0.284ms
[2026-04-03T01:49:40.648+0600][25.861s][info][gc,cpu         ] GC(70) User=0.00s Sys=0.00s Real=0.00s
[2026-04-03T01:49:40.648+0600][25.861s][info][gc,marking     ] GC(70) Concurrent Clear Claimed Marks
[2026-04-03T01:49:40.648+0600][25.861s][info][gc,marking     ] GC(70) Concurrent Clear Claimed Marks 0.220ms
[2026-04-03T01:49:40.648+0600][25.861s][info][gc,marking     ] GC(70) Concurrent Cleanup for Next Mark
[2026-04-03T01:49:40.649+0600][25.862s][info][gc,marking     ] GC(70) Concurrent Cleanup for Next Mark 0.382ms
[2026-04-03T01:49:40.649+0600][25.862s][info][gc             ] GC(70) Concurrent Mark Cycle 37.038ms
[2026-04-03T01:49:40.683+0600][25.896s][info][gc,start       ] GC(71) Pause Young (Prepare Mixed) (G1 Evacuation Pause)
[2026-04-03T01:49:40.683+0600][25.896s][info][gc,task        ] GC(71) Using 3 workers of 10 for evacuation
[2026-04-03T01:49:40.684+0600][25.897s][info][gc,phases      ] GC(71)   Pre Evacuate Collection Set: 0.28ms
[2026-04-03T01:49:40.685+0600][25.897s][info][gc,phases      ] GC(71)   Merge Heap Roots: 0.18ms
[2026-04-03T01:49:40.685+0600][25.897s][info][gc,phases      ] GC(71)   Evacuate Collection Set: 0.73ms
[2026-04-03T01:49:40.685+0600][25.898s][info][gc,phases      ] GC(71)   Post Evacuate Collection Set: 0.48ms
[2026-04-03T01:49:40.685+0600][25.898s][info][gc,phases      ] GC(71)   Other: 0.11ms
[2026-04-03T01:49:40.685+0600][25.898s][info][gc,heap        ] GC(71) Eden regions: 54->0(46)
[2026-04-03T01:49:40.685+0600][25.898s][info][gc,heap        ] GC(71) Survivor regions: 1->1(9)
[2026-04-03T01:49:40.685+0600][25.898s][info][gc,heap        ] GC(71) Old regions: 19->20
[2026-04-03T01:49:40.685+0600][25.898s][info][gc,heap        ] GC(71) Humongous regions: 3->3
[2026-04-03T01:49:40.685+0600][25.898s][info][gc,metaspace   ] GC(71) Metaspace: 66595K(67584K)->66595K(67584K) NonClass: 58231K(58816K)->58231K(58816K) Class: 8364K(8768K)->8364K(8768K)
[2026-04-03T01:49:40.685+0600][25.898s][info][gc             ] GC(71) Pause Young (Prepare Mixed) (G1 Evacuation Pause) 143M->35M(158M) 2.085ms
[2026-04-03T01:49:40.685+0600][25.898s][info][gc,cpu         ] GC(71) User=0.00s Sys=0.00s Real=0.00s
[2026-04-03T01:49:40.727+0600][25.940s][info][gc,start       ] GC(72) Pause Young (Mixed) (G1 Evacuation Pause)
[2026-04-03T01:49:40.727+0600][25.940s][info][gc,task        ] GC(72) Using 3 workers of 10 for evacuation
[2026-04-03T01:49:40.730+0600][25.943s][info][gc,phases      ] GC(72)   Pre Evacuate Collection Set: 0.23ms
[2026-04-03T01:49:40.730+0600][25.943s][info][gc,phases      ] GC(72)   Merge Heap Roots: 0.28ms
[2026-04-03T01:49:40.730+0600][25.943s][info][gc,phases      ] GC(72)   Evacuate Collection Set: 1.34ms
[2026-04-03T01:49:40.730+0600][25.943s][info][gc,phases      ] GC(72)   Post Evacuate Collection Set: 0.45ms
[2026-04-03T01:49:40.730+0600][25.943s][info][gc,phases      ] GC(72)   Other: 0.09ms
[2026-04-03T01:49:40.730+0600][25.943s][info][gc,heap        ] GC(72) Eden regions: 46->0(46)
[2026-04-03T01:49:40.730+0600][25.943s][info][gc,heap        ] GC(72) Survivor regions: 1->1(6)
[2026-04-03T01:49:40.730+0600][25.943s][info][gc,heap        ] GC(72) Old regions: 20->19
[2026-04-03T01:49:40.730+0600][25.943s][info][gc,heap        ] GC(72) Humongous regions: 3->3
[2026-04-03T01:49:40.730+0600][25.943s][info][gc,metaspace   ] GC(72) Metaspace: 66595K(67584K)->66595K(67584K) NonClass: 58231K(58816K)->58231K(58816K) Class: 8364K(8768K)->8364K(8768K)
[2026-04-03T01:49:40.730+0600][25.943s][info][gc             ] GC(72) Pause Young (Mixed) (G1 Evacuation Pause) 127M->35M(158M) 2.582ms
[2026-04-03T01:49:40.730+0600][25.943s][info][gc,cpu         ] GC(72) User=0.01s Sys=0.00s Real=0.01s
[2026-04-03T01:49:40.771+0600][25.984s][info][gc,start       ] GC(73) Pause Young (Concurrent Start) (G1 Evacuation Pause)
[2026-04-03T01:49:40.771+0600][25.984s][info][gc,task        ] GC(73) Using 3 workers of 10 for evacuation
[2026-04-03T01:49:40.774+0600][25.986s][info][gc,phases      ] GC(73)   Pre Evacuate Collection Set: 0.31ms
[2026-04-03T01:49:40.774+0600][25.987s][info][gc,phases      ] GC(73)   Merge Heap Roots: 0.10ms
[2026-04-03T01:49:40.774+0600][25.987s][info][gc,phases      ] GC(73)   Evacuate Collection Set: 0.90ms
[2026-04-03T01:49:40.774+0600][25.987s][info][gc,phases      ] GC(73)   Post Evacuate Collection Set: 0.87ms
[2026-04-03T01:49:40.774+0600][25.987s][info][gc,phases      ] GC(73)   Other: 0.11ms
[2026-04-03T01:49:40.774+0600][25.987s][info][gc,heap        ] GC(73) Eden regions: 46->0(46)
[2026-04-03T01:49:40.774+0600][25.987s][info][gc,heap        ] GC(73) Survivor regions: 1->1(6)
[2026-04-03T01:49:40.774+0600][25.987s][info][gc,heap        ] GC(73) Old regions: 19->19
[2026-04-03T01:49:40.774+0600][25.987s][info][gc,heap        ] GC(73) Humongous regions: 3->3
[2026-04-03T01:49:40.774+0600][25.987s][info][gc,metaspace   ] GC(73) Metaspace: 66595K(67584K)->66595K(67584K) NonClass: 58231K(58816K)->58231K(58816K) Class: 8364K(8768K)->8364K(8768K)
[2026-04-03T01:49:40.774+0600][25.987s][info][gc             ] GC(73) Pause Young (Concurrent Start) (G1 Evacuation Pause) 127M->35M(158M) 2.491ms
[2026-04-03T01:49:40.774+0600][25.987s][info][gc,cpu         ] GC(73) User=0.01s Sys=0.00s Real=0.00s
[2026-04-03T01:49:40.774+0600][25.987s][info][gc             ] GC(74) Concurrent Mark Cycle
[2026-04-03T01:49:40.774+0600][25.987s][info][gc,marking     ] GC(74) Concurrent Scan Root Regions
[2026-04-03T01:49:40.775+0600][25.988s][info][gc,marking     ] GC(74) Concurrent Scan Root Regions 0.886ms
[2026-04-03T01:49:40.775+0600][25.988s][info][gc,marking     ] GC(74) Concurrent Mark
[2026-04-03T01:49:40.775+0600][25.988s][info][gc,marking     ] GC(74) Concurrent Mark From Roots
[2026-04-03T01:49:40.775+0600][25.988s][info][gc,task        ] GC(74) Using 3 workers of 3 for marking
[2026-04-03T01:49:40.795+0600][26.008s][info][gc,marking     ] GC(74) Concurrent Mark From Roots 20.648ms
[2026-04-03T01:49:40.796+0600][26.008s][info][gc,marking     ] GC(74) Concurrent Preclean
[2026-04-03T01:49:40.796+0600][26.009s][info][gc,marking     ] GC(74) Concurrent Preclean 0.111ms
[2026-04-03T01:49:40.796+0600][26.009s][info][gc,start       ] GC(74) Pause Remark
[2026-04-03T01:49:40.801+0600][26.014s][info][gc             ] GC(74) Pause Remark 63M->63M(154M) 5.616ms
[2026-04-03T01:49:40.802+0600][26.014s][info][gc,cpu         ] GC(74) User=0.02s Sys=0.00s Real=0.01s
[2026-04-03T01:49:40.802+0600][26.015s][info][gc,marking     ] GC(74) Concurrent Mark 26.945ms
[2026-04-03T01:49:40.802+0600][26.015s][info][gc,marking     ] GC(74) Concurrent Rebuild Remembered Sets and Scrub Regions
[2026-04-03T01:49:40.813+0600][26.026s][info][gc,marking     ] GC(74) Concurrent Rebuild Remembered Sets and Scrub Regions 10.809ms
[2026-04-03T01:49:40.813+0600][26.026s][info][gc,start       ] GC(74) Pause Cleanup
[2026-04-03T01:49:40.813+0600][26.026s][info][gc             ] GC(74) Pause Cleanup 79M->79M(154M) 0.220ms
[2026-04-03T01:49:40.813+0600][26.026s][info][gc,cpu         ] GC(74) User=0.00s Sys=0.00s Real=0.00s
[2026-04-03T01:49:40.813+0600][26.026s][info][gc,marking     ] GC(74) Concurrent Clear Claimed Marks
[2026-04-03T01:49:40.814+0600][26.026s][info][gc,marking     ] GC(74) Concurrent Clear Claimed Marks 0.180ms
[2026-04-03T01:49:40.814+0600][26.026s][info][gc,marking     ] GC(74) Concurrent Cleanup for Next Mark
[2026-04-03T01:49:40.814+0600][26.027s][info][gc,marking     ] GC(74) Concurrent Cleanup for Next Mark 0.390ms
[2026-04-03T01:49:40.814+0600][26.027s][info][gc             ] GC(74) Concurrent Mark Cycle 40.182ms
[2026-04-03T01:49:40.839+0600][26.052s][info][gc,start       ] GC(75) Pause Young (Prepare Mixed) (G1 Evacuation Pause)
[2026-04-03T01:49:40.839+0600][26.052s][info][gc,task        ] GC(75) Using 3 workers of 10 for evacuation
[2026-04-03T01:49:40.841+0600][26.054s][info][gc,phases      ] GC(75)   Pre Evacuate Collection Set: 0.35ms
[2026-04-03T01:49:40.841+0600][26.054s][info][gc,phases      ] GC(75)   Merge Heap Roots: 0.10ms
[2026-04-03T01:49:40.841+0600][26.054s][info][gc,phases      ] GC(75)   Evacuate Collection Set: 0.55ms
[2026-04-03T01:49:40.841+0600][26.054s][info][gc,phases      ] GC(75)   Post Evacuate Collection Set: 0.53ms
[2026-04-03T01:49:40.841+0600][26.054s][info][gc,phases      ] GC(75)   Other: 0.07ms
[2026-04-03T01:49:40.841+0600][26.054s][info][gc,heap        ] GC(75) Eden regions: 46->0(57)
[2026-04-03T01:49:40.841+0600][26.054s][info][gc,heap        ] GC(75) Survivor regions: 1->1(6)
[2026-04-03T01:49:40.841+0600][26.054s][info][gc,heap        ] GC(75) Old regions: 19->20
[2026-04-03T01:49:40.841+0600][26.054s][info][gc,heap        ] GC(75) Humongous regions: 3->3
[2026-04-03T01:49:40.841+0600][26.054s][info][gc,metaspace   ] GC(75) Metaspace: 66597K(67584K)->66597K(67584K) NonClass: 58233K(58816K)->58233K(58816K) Class: 8364K(8768K)->8364K(8768K)
[2026-04-03T01:49:40.841+0600][26.054s][info][gc             ] GC(75) Pause Young (Prepare Mixed) (G1 Evacuation Pause) 127M->35M(196M) 1.810ms
[2026-04-03T01:49:40.841+0600][26.054s][info][gc,cpu         ] GC(75) User=0.00s Sys=0.00s Real=0.01s
[2026-04-03T01:49:40.902+0600][26.115s][info][gc,start       ] GC(76) Pause Young (Mixed) (G1 Evacuation Pause)
[2026-04-03T01:49:40.902+0600][26.115s][info][gc,task        ] GC(76) Using 4 workers of 10 for evacuation
[2026-04-03T01:49:40.904+0600][26.117s][info][gc,phases      ] GC(76)   Pre Evacuate Collection Set: 0.34ms
[2026-04-03T01:49:40.904+0600][26.117s][info][gc,phases      ] GC(76)   Merge Heap Roots: 0.11ms
[2026-04-03T01:49:40.904+0600][26.117s][info][gc,phases      ] GC(76)   Evacuate Collection Set: 1.05ms
[2026-04-03T01:49:40.904+0600][26.117s][info][gc,phases      ] GC(76)   Post Evacuate Collection Set: 0.61ms
[2026-04-03T01:49:40.904+0600][26.117s][info][gc,phases      ] GC(76)   Other: 0.08ms
[2026-04-03T01:49:40.904+0600][26.117s][info][gc,heap        ] GC(76) Eden regions: 57->0(57)
[2026-04-03T01:49:40.904+0600][26.117s][info][gc,heap        ] GC(76) Survivor regions: 1->1(8)
[2026-04-03T01:49:40.904+0600][26.117s][info][gc,heap        ] GC(76) Old regions: 20->19
[2026-04-03T01:49:40.904+0600][26.117s][info][gc,heap        ] GC(76) Humongous regions: 3->3
[2026-04-03T01:49:40.904+0600][26.117s][info][gc,metaspace   ] GC(76) Metaspace: 66597K(67584K)->66597K(67584K) NonClass: 58233K(58816K)->58233K(58816K) Class: 8364K(8768K)->8364K(8768K)
[2026-04-03T01:49:40.904+0600][26.117s][info][gc             ] GC(76) Pause Young (Mixed) (G1 Evacuation Pause) 149M->35M(196M) 2.430ms
[2026-04-03T01:49:40.904+0600][26.117s][info][gc,cpu         ] GC(76) User=0.00s Sys=0.00s Real=0.00s
[2026-04-03T01:49:40.965+0600][26.178s][info][gc,start       ] GC(77) Pause Young (Concurrent Start) (G1 Evacuation Pause)
[2026-04-03T01:49:40.965+0600][26.178s][info][gc,task        ] GC(77) Using 4 workers of 10 for evacuation
[2026-04-03T01:49:40.968+0600][26.181s][info][gc,phases      ] GC(77)   Pre Evacuate Collection Set: 0.41ms
[2026-04-03T01:49:40.968+0600][26.181s][info][gc,phases      ] GC(77)   Merge Heap Roots: 0.17ms
[2026-04-03T01:49:40.968+0600][26.181s][info][gc,phases      ] GC(77)   Evacuate Collection Set: 1.46ms
[2026-04-03T01:49:40.968+0600][26.181s][info][gc,phases      ] GC(77)   Post Evacuate Collection Set: 0.60ms
[2026-04-03T01:49:40.968+0600][26.181s][info][gc,phases      ] GC(77)   Other: 0.23ms
[2026-04-03T01:49:40.968+0600][26.181s][info][gc,heap        ] GC(77) Eden regions: 57->0(57)
[2026-04-03T01:49:40.968+0600][26.181s][info][gc,heap        ] GC(77) Survivor regions: 1->1(8)
[2026-04-03T01:49:40.968+0600][26.181s][info][gc,heap        ] GC(77) Old regions: 19->19
[2026-04-03T01:49:40.968+0600][26.181s][info][gc,heap        ] GC(77) Humongous regions: 3->3
[2026-04-03T01:49:40.968+0600][26.181s][info][gc,metaspace   ] GC(77) Metaspace: 66597K(67584K)->66597K(67584K) NonClass: 58233K(58816K)->58233K(58816K) Class: 8364K(8768K)->8364K(8768K)
[2026-04-03T01:49:40.968+0600][26.181s][info][gc             ] GC(77) Pause Young (Concurrent Start) (G1 Evacuation Pause) 149M->35M(196M) 3.234ms
[2026-04-03T01:49:40.968+0600][26.181s][info][gc,cpu         ] GC(77) User=0.01s Sys=0.00s Real=0.00s
[2026-04-03T01:49:40.968+0600][26.181s][info][gc             ] GC(78) Concurrent Mark Cycle
[2026-04-03T01:49:40.968+0600][26.181s][info][gc,marking     ] GC(78) Concurrent Scan Root Regions
[2026-04-03T01:49:40.969+0600][26.182s][info][gc,marking     ] GC(78) Concurrent Scan Root Regions 1.040ms
[2026-04-03T01:49:40.969+0600][26.182s][info][gc,marking     ] GC(78) Concurrent Mark
[2026-04-03T01:49:40.969+0600][26.182s][info][gc,marking     ] GC(78) Concurrent Mark From Roots
[2026-04-03T01:49:40.969+0600][26.182s][info][gc,task        ] GC(78) Using 3 workers of 3 for marking
[2026-04-03T01:49:40.991+0600][26.204s][info][gc,marking     ] GC(78) Concurrent Mark From Roots 21.547ms
[2026-04-03T01:49:40.991+0600][26.204s][info][gc,marking     ] GC(78) Concurrent Preclean
[2026-04-03T01:49:40.991+0600][26.204s][info][gc,marking     ] GC(78) Concurrent Preclean 0.113ms
[2026-04-03T01:49:40.991+0600][26.204s][info][gc,start       ] GC(78) Pause Remark
[2026-04-03T01:49:40.997+0600][26.210s][info][gc             ] GC(78) Pause Remark 67M->67M(154M) 5.451ms
[2026-04-03T01:49:40.997+0600][26.210s][info][gc,cpu         ] GC(78) User=0.02s Sys=0.00s Real=0.00s
[2026-04-03T01:49:40.997+0600][26.210s][info][gc,marking     ] GC(78) Concurrent Mark 27.758ms
[2026-04-03T01:49:40.997+0600][26.210s][info][gc,marking     ] GC(78) Concurrent Rebuild Remembered Sets and Scrub Regions
[2026-04-03T01:49:41.010+0600][26.223s][info][gc,marking     ] GC(78) Concurrent Rebuild Remembered Sets and Scrub Regions 12.796ms
[2026-04-03T01:49:41.010+0600][26.223s][info][gc,start       ] GC(78) Pause Cleanup
[2026-04-03T01:49:41.010+0600][26.223s][info][gc             ] GC(78) Pause Cleanup 81M->81M(154M) 0.216ms
[2026-04-03T01:49:41.010+0600][26.223s][info][gc,cpu         ] GC(78) User=0.00s Sys=0.00s Real=0.00s
[2026-04-03T01:49:41.010+0600][26.223s][info][gc,marking     ] GC(78) Concurrent Clear Claimed Marks
[2026-04-03T01:49:41.011+0600][26.224s][info][gc,marking     ] GC(78) Concurrent Clear Claimed Marks 0.213ms
[2026-04-03T01:49:41.011+0600][26.224s][info][gc,marking     ] GC(78) Concurrent Cleanup for Next Mark
[2026-04-03T01:49:41.011+0600][26.224s][info][gc,marking     ] GC(78) Concurrent Cleanup for Next Mark 0.337ms
[2026-04-03T01:49:41.011+0600][26.224s][info][gc             ] GC(78) Concurrent Mark Cycle 43.086ms
[2026-04-03T01:49:41.047+0600][26.260s][info][gc,start       ] GC(79) Pause Young (Prepare Mixed) (G1 Evacuation Pause)
[2026-04-03T01:49:41.047+0600][26.260s][info][gc,task        ] GC(79) Using 3 workers of 10 for evacuation
[2026-04-03T01:49:41.049+0600][26.262s][info][gc,phases      ] GC(79)   Pre Evacuate Collection Set: 0.38ms
[2026-04-03T01:49:41.049+0600][26.262s][info][gc,phases      ] GC(79)   Merge Heap Roots: 0.09ms
[2026-04-03T01:49:41.049+0600][26.262s][info][gc,phases      ] GC(79)   Evacuate Collection Set: 0.74ms
[2026-04-03T01:49:41.049+0600][26.262s][info][gc,phases      ] GC(79)   Post Evacuate Collection Set: 0.63ms
[2026-04-03T01:49:41.049+0600][26.262s][info][gc,phases      ] GC(79)   Other: 0.09ms
[2026-04-03T01:49:41.049+0600][26.262s][info][gc,heap        ] GC(79) Eden regions: 54->0(45)
[2026-04-03T01:49:41.049+0600][26.262s][info][gc,heap        ] GC(79) Survivor regions: 1->1(8)
[2026-04-03T01:49:41.049+0600][26.262s][info][gc,heap        ] GC(79) Old regions: 19->19
[2026-04-03T01:49:41.049+0600][26.262s][info][gc,heap        ] GC(79) Humongous regions: 3->3
[2026-04-03T01:49:41.049+0600][26.262s][info][gc,metaspace   ] GC(79) Metaspace: 66597K(67584K)->66597K(67584K) NonClass: 58233K(58816K)->58233K(58816K) Class: 8364K(8768K)->8364K(8768K)
[2026-04-03T01:49:41.049+0600][26.262s][info][gc             ] GC(79) Pause Young (Prepare Mixed) (G1 Evacuation Pause) 143M->35M(156M) 2.197ms
[2026-04-03T01:49:41.049+0600][26.262s][info][gc,cpu         ] GC(79) User=0.00s Sys=0.00s Real=0.00s
[2026-04-03T01:49:41.102+0600][26.315s][info][gc,start       ] GC(80) Pause Young (Mixed) (G1 Evacuation Pause)
[2026-04-03T01:49:41.102+0600][26.315s][info][gc,task        ] GC(80) Using 3 workers of 10 for evacuation
[2026-04-03T01:49:41.104+0600][26.317s][info][gc,phases      ] GC(80)   Pre Evacuate Collection Set: 0.24ms
[2026-04-03T01:49:41.104+0600][26.317s][info][gc,phases      ] GC(80)   Merge Heap Roots: 0.23ms
[2026-04-03T01:49:41.104+0600][26.317s][info][gc,phases      ] GC(80)   Evacuate Collection Set: 1.34ms
[2026-04-03T01:49:41.104+0600][26.317s][info][gc,phases      ] GC(80)   Post Evacuate Collection Set: 0.54ms
[2026-04-03T01:49:41.104+0600][26.317s][info][gc,phases      ] GC(80)   Other: 0.07ms
[2026-04-03T01:49:41.104+0600][26.317s][info][gc,heap        ] GC(80) Eden regions: 45->0(45)
[2026-04-03T01:49:41.104+0600][26.317s][info][gc,heap        ] GC(80) Survivor regions: 1->1(6)
[2026-04-03T01:49:41.104+0600][26.317s][info][gc,heap        ] GC(80) Old regions: 19->19
[2026-04-03T01:49:41.104+0600][26.317s][info][gc,heap        ] GC(80) Humongous regions: 3->3
[2026-04-03T01:49:41.104+0600][26.317s][info][gc,metaspace   ] GC(80) Metaspace: 66597K(67584K)->66597K(67584K) NonClass: 58233K(58816K)->58233K(58816K) Class: 8364K(8768K)->8364K(8768K)
[2026-04-03T01:49:41.104+0600][26.317s][info][gc             ] GC(80) Pause Young (Mixed) (G1 Evacuation Pause) 125M->35M(156M) 2.648ms
[2026-04-03T01:49:41.104+0600][26.317s][info][gc,cpu         ] GC(80) User=0.00s Sys=0.00s Real=0.00s
[2026-04-03T01:49:41.154+0600][26.367s][info][gc,start       ] GC(81) Pause Young (Concurrent Start) (G1 Evacuation Pause)
[2026-04-03T01:49:41.154+0600][26.367s][info][gc,task        ] GC(81) Using 3 workers of 10 for evacuation
[2026-04-03T01:49:41.157+0600][26.370s][info][gc,phases      ] GC(81)   Pre Evacuate Collection Set: 0.43ms
[2026-04-03T01:49:41.157+0600][26.370s][info][gc,phases      ] GC(81)   Merge Heap Roots: 0.19ms
[2026-04-03T01:49:41.157+0600][26.370s][info][gc,phases      ] GC(81)   Evacuate Collection Set: 1.03ms
[2026-04-03T01:49:41.157+0600][26.370s][info][gc,phases      ] GC(81)   Post Evacuate Collection Set: 0.95ms
[2026-04-03T01:49:41.157+0600][26.370s][info][gc,phases      ] GC(81)   Other: 0.20ms
[2026-04-03T01:49:41.157+0600][26.370s][info][gc,heap        ] GC(81) Eden regions: 45->0(68)
[2026-04-03T01:49:41.157+0600][26.370s][info][gc,heap        ] GC(81) Survivor regions: 1->1(6)
[2026-04-03T01:49:41.157+0600][26.370s][info][gc,heap        ] GC(81) Old regions: 19->19
[2026-04-03T01:49:41.157+0600][26.370s][info][gc,heap        ] GC(81) Humongous regions: 3->3
[2026-04-03T01:49:41.157+0600][26.370s][info][gc,metaspace   ] GC(81) Metaspace: 66723K(67648K)->66723K(67648K) NonClass: 58334K(58880K)->58334K(58880K) Class: 8388K(8768K)->8388K(8768K)
[2026-04-03T01:49:41.157+0600][26.370s][info][gc             ] GC(81) Pause Young (Concurrent Start) (G1 Evacuation Pause) 125M->35M(230M) 3.005ms
[2026-04-03T01:49:41.157+0600][26.370s][info][gc,cpu         ] GC(81) User=0.00s Sys=0.00s Real=0.00s
[2026-04-03T01:49:41.157+0600][26.370s][info][gc             ] GC(82) Concurrent Mark Cycle
[2026-04-03T01:49:41.157+0600][26.370s][info][gc,marking     ] GC(82) Concurrent Scan Root Regions
[2026-04-03T01:49:41.158+0600][26.371s][info][gc,marking     ] GC(82) Concurrent Scan Root Regions 0.901ms
[2026-04-03T01:49:41.158+0600][26.371s][info][gc,marking     ] GC(82) Concurrent Mark
[2026-04-03T01:49:41.158+0600][26.371s][info][gc,marking     ] GC(82) Concurrent Mark From Roots
[2026-04-03T01:49:41.158+0600][26.371s][info][gc,task        ] GC(82) Using 3 workers of 3 for marking
[2026-04-03T01:49:41.179+0600][26.392s][info][gc,marking     ] GC(82) Concurrent Mark From Roots 20.429ms
[2026-04-03T01:49:41.179+0600][26.392s][info][gc,marking     ] GC(82) Concurrent Preclean
[2026-04-03T01:49:41.179+0600][26.392s][info][gc,marking     ] GC(82) Concurrent Preclean 0.104ms
[2026-04-03T01:49:41.179+0600][26.392s][info][gc,start       ] GC(82) Pause Remark
[2026-04-03T01:49:41.185+0600][26.398s][info][gc             ] GC(82) Pause Remark 63M->63M(154M) 5.729ms
[2026-04-03T01:49:41.185+0600][26.398s][info][gc,cpu         ] GC(82) User=0.01s Sys=0.00s Real=0.01s
[2026-04-03T01:49:41.185+0600][26.398s][info][gc,marking     ] GC(82) Concurrent Mark 26.769ms
[2026-04-03T01:49:41.185+0600][26.398s][info][gc,marking     ] GC(82) Concurrent Rebuild Remembered Sets and Scrub Regions
[2026-04-03T01:49:41.195+0600][26.408s][info][gc,marking     ] GC(82) Concurrent Rebuild Remembered Sets and Scrub Regions 10.122ms
[2026-04-03T01:49:41.196+0600][26.409s][info][gc,start       ] GC(82) Pause Cleanup
[2026-04-03T01:49:41.196+0600][26.409s][info][gc             ] GC(82) Pause Cleanup 75M->75M(154M) 0.297ms
[2026-04-03T01:49:41.196+0600][26.409s][info][gc,cpu         ] GC(82) User=0.00s Sys=0.00s Real=0.00s
[2026-04-03T01:49:41.196+0600][26.409s][info][gc,marking     ] GC(82) Concurrent Clear Claimed Marks
[2026-04-03T01:49:41.196+0600][26.409s][info][gc,marking     ] GC(82) Concurrent Clear Claimed Marks 0.172ms
[2026-04-03T01:49:41.196+0600][26.409s][info][gc,marking     ] GC(82) Concurrent Cleanup for Next Mark
[2026-04-03T01:49:41.197+0600][26.410s][info][gc,marking     ] GC(82) Concurrent Cleanup for Next Mark 0.374ms
[2026-04-03T01:49:41.197+0600][26.410s][info][gc             ] GC(82) Concurrent Mark Cycle 39.433ms
[2026-04-03T01:49:41.234+0600][26.447s][info][gc,start       ] GC(83) Pause Young (Prepare Mixed) (G1 Evacuation Pause)
[2026-04-03T01:49:41.234+0600][26.447s][info][gc,task        ] GC(83) Using 3 workers of 10 for evacuation
[2026-04-03T01:49:41.237+0600][26.450s][info][gc,phases      ] GC(83)   Pre Evacuate Collection Set: 0.35ms
[2026-04-03T01:49:41.237+0600][26.450s][info][gc,phases      ] GC(83)   Merge Heap Roots: 0.23ms
[2026-04-03T01:49:41.237+0600][26.450s][info][gc,phases      ] GC(83)   Evacuate Collection Set: 0.91ms
[2026-04-03T01:49:41.237+0600][26.450s][info][gc,phases      ] GC(83)   Post Evacuate Collection Set: 0.92ms
[2026-04-03T01:49:41.237+0600][26.450s][info][gc,phases      ] GC(83)   Other: 0.16ms
[2026-04-03T01:49:41.237+0600][26.450s][info][gc,heap        ] GC(83) Eden regions: 54->0(45)
[2026-04-03T01:49:41.237+0600][26.450s][info][gc,heap        ] GC(83) Survivor regions: 1->1(9)
[2026-04-03T01:49:41.237+0600][26.450s][info][gc,heap        ] GC(83) Old regions: 19->19
[2026-04-03T01:49:41.237+0600][26.450s][info][gc,heap        ] GC(83) Humongous regions: 3->3
[2026-04-03T01:49:41.237+0600][26.450s][info][gc,metaspace   ] GC(83) Metaspace: 66723K(67648K)->66723K(67648K) NonClass: 58334K(58880K)->58334K(58880K) Class: 8388K(8768K)->8388K(8768K)
[2026-04-03T01:49:41.237+0600][26.450s][info][gc             ] GC(83) Pause Young (Prepare Mixed) (G1 Evacuation Pause) 143M->35M(156M) 2.878ms
[2026-04-03T01:49:41.237+0600][26.450s][info][gc,cpu         ] GC(83) User=0.00s Sys=0.00s Real=0.00s
[2026-04-03T01:49:41.282+0600][26.495s][info][gc,start       ] GC(84) Pause Young (Mixed) (G1 Evacuation Pause)
[2026-04-03T01:49:41.282+0600][26.495s][info][gc,task        ] GC(84) Using 3 workers of 10 for evacuation
[2026-04-03T01:49:41.285+0600][26.498s][info][gc,phases      ] GC(84)   Pre Evacuate Collection Set: 0.31ms
[2026-04-03T01:49:41.285+0600][26.498s][info][gc,phases      ] GC(84)   Merge Heap Roots: 0.17ms
[2026-04-03T01:49:41.285+0600][26.498s][info][gc,phases      ] GC(84)   Evacuate Collection Set: 1.76ms
[2026-04-03T01:49:41.285+0600][26.498s][info][gc,phases      ] GC(84)   Post Evacuate Collection Set: 0.59ms
[2026-04-03T01:49:41.285+0600][26.498s][info][gc,phases      ] GC(84)   Other: 0.08ms
[2026-04-03T01:49:41.285+0600][26.498s][info][gc,heap        ] GC(84) Eden regions: 45->0(45)
[2026-04-03T01:49:41.285+0600][26.498s][info][gc,heap        ] GC(84) Survivor regions: 1->1(6)
[2026-04-03T01:49:41.285+0600][26.498s][info][gc,heap        ] GC(84) Old regions: 19->19
[2026-04-03T01:49:41.285+0600][26.498s][info][gc,heap        ] GC(84) Humongous regions: 3->3
[2026-04-03T01:49:41.285+0600][26.498s][info][gc,metaspace   ] GC(84) Metaspace: 66723K(67648K)->66723K(67648K) NonClass: 58334K(58880K)->58334K(58880K) Class: 8388K(8768K)->8388K(8768K)
[2026-04-03T01:49:41.285+0600][26.498s][info][gc             ] GC(84) Pause Young (Mixed) (G1 Evacuation Pause) 125M->35M(156M) 3.165ms
[2026-04-03T01:49:41.285+0600][26.498s][info][gc,cpu         ] GC(84) User=0.01s Sys=0.00s Real=0.00s
[2026-04-03T01:49:41.339+0600][26.552s][info][gc,start       ] GC(85) Pause Young (Concurrent Start) (G1 Evacuation Pause)
[2026-04-03T01:49:41.339+0600][26.552s][info][gc,task        ] GC(85) Using 3 workers of 10 for evacuation
[2026-04-03T01:49:41.342+0600][26.555s][info][gc,phases      ] GC(85)   Pre Evacuate Collection Set: 0.43ms
[2026-04-03T01:49:41.342+0600][26.555s][info][gc,phases      ] GC(85)   Merge Heap Roots: 0.24ms
[2026-04-03T01:49:41.342+0600][26.555s][info][gc,phases      ] GC(85)   Evacuate Collection Set: 1.13ms
[2026-04-03T01:49:41.342+0600][26.555s][info][gc,phases      ] GC(85)   Post Evacuate Collection Set: 0.58ms
[2026-04-03T01:49:41.342+0600][26.555s][info][gc,phases      ] GC(85)   Other: 0.21ms
[2026-04-03T01:49:41.342+0600][26.555s][info][gc,heap        ] GC(85) Eden regions: 45->0(45)
[2026-04-03T01:49:41.342+0600][26.555s][info][gc,heap        ] GC(85) Survivor regions: 1->1(6)
[2026-04-03T01:49:41.342+0600][26.555s][info][gc,heap        ] GC(85) Old regions: 19->19
[2026-04-03T01:49:41.342+0600][26.555s][info][gc,heap        ] GC(85) Humongous regions: 3->3
[2026-04-03T01:49:41.342+0600][26.555s][info][gc,metaspace   ] GC(85) Metaspace: 66723K(67648K)->66723K(67648K) NonClass: 58334K(58880K)->58334K(58880K) Class: 8388K(8768K)->8388K(8768K)
[2026-04-03T01:49:41.342+0600][26.555s][info][gc             ] GC(85) Pause Young (Concurrent Start) (G1 Evacuation Pause) 125M->35M(156M) 2.884ms
[2026-04-03T01:49:41.342+0600][26.555s][info][gc,cpu         ] GC(85) User=0.00s Sys=0.01s Real=0.01s
[2026-04-03T01:49:41.342+0600][26.555s][info][gc             ] GC(86) Concurrent Mark Cycle
[2026-04-03T01:49:41.342+0600][26.555s][info][gc,marking     ] GC(86) Concurrent Scan Root Regions
[2026-04-03T01:49:41.343+0600][26.556s][info][gc,marking     ] GC(86) Concurrent Scan Root Regions 1.110ms
[2026-04-03T01:49:41.343+0600][26.556s][info][gc,marking     ] GC(86) Concurrent Mark
[2026-04-03T01:49:41.343+0600][26.556s][info][gc,marking     ] GC(86) Concurrent Mark From Roots
[2026-04-03T01:49:41.343+0600][26.556s][info][gc,task        ] GC(86) Using 3 workers of 3 for marking
[2026-04-03T01:49:41.364+0600][26.577s][info][gc,marking     ] GC(86) Concurrent Mark From Roots 20.586ms
[2026-04-03T01:49:41.364+0600][26.577s][info][gc,marking     ] GC(86) Concurrent Preclean
[2026-04-03T01:49:41.364+0600][26.577s][info][gc,marking     ] GC(86) Concurrent Preclean 0.102ms
[2026-04-03T01:49:41.364+0600][26.577s][info][gc,start       ] GC(86) Pause Remark
[2026-04-03T01:49:41.369+0600][26.582s][info][gc             ] GC(86) Pause Remark 69M->69M(154M) 4.724ms
[2026-04-03T01:49:41.369+0600][26.582s][info][gc,cpu         ] GC(86) User=0.01s Sys=0.00s Real=0.00s
[2026-04-03T01:49:41.369+0600][26.582s][info][gc,marking     ] GC(86) Concurrent Mark 25.892ms
[2026-04-03T01:49:41.369+0600][26.582s][info][gc,marking     ] GC(86) Concurrent Rebuild Remembered Sets and Scrub Regions
[2026-04-03T01:49:41.380+0600][26.593s][info][gc,marking     ] GC(86) Concurrent Rebuild Remembered Sets and Scrub Regions 11.047ms
[2026-04-03T01:49:41.381+0600][26.594s][info][gc,start       ] GC(86) Pause Cleanup
[2026-04-03T01:49:41.381+0600][26.594s][info][gc             ] GC(86) Pause Cleanup 84M->84M(154M) 0.191ms
[2026-04-03T01:49:41.381+0600][26.594s][info][gc,cpu         ] GC(86) User=0.00s Sys=0.00s Real=0.00s
[2026-04-03T01:49:41.381+0600][26.594s][info][gc,marking     ] GC(86) Concurrent Clear Claimed Marks
[2026-04-03T01:49:41.381+0600][26.594s][info][gc,marking     ] GC(86) Concurrent Clear Claimed Marks 0.180ms
[2026-04-03T01:49:41.381+0600][26.594s][info][gc,marking     ] GC(86) Concurrent Cleanup for Next Mark
[2026-04-03T01:49:41.381+0600][26.594s][info][gc,marking     ] GC(86) Concurrent Cleanup for Next Mark 0.233ms
[2026-04-03T01:49:41.381+0600][26.594s][info][gc             ] GC(86) Concurrent Mark Cycle 39.316ms
[2026-04-03T01:49:41.404+0600][26.617s][info][gc,start       ] GC(87) Pause Young (Prepare Mixed) (G1 Evacuation Pause)
[2026-04-03T01:49:41.404+0600][26.617s][info][gc,task        ] GC(87) Using 3 workers of 10 for evacuation
[2026-04-03T01:49:41.406+0600][26.619s][info][gc,phases      ] GC(87)   Pre Evacuate Collection Set: 0.28ms
[2026-04-03T01:49:41.406+0600][26.619s][info][gc,phases      ] GC(87)   Merge Heap Roots: 0.13ms
[2026-04-03T01:49:41.406+0600][26.619s][info][gc,phases      ] GC(87)   Evacuate Collection Set: 0.89ms
[2026-04-03T01:49:41.406+0600][26.619s][info][gc,phases      ] GC(87)   Post Evacuate Collection Set: 0.90ms
[2026-04-03T01:49:41.406+0600][26.619s][info][gc,phases      ] GC(87)   Other: 0.09ms
[2026-04-03T01:49:41.406+0600][26.619s][info][gc,heap        ] GC(87) Eden regions: 45->0(62)
[2026-04-03T01:49:41.406+0600][26.619s][info][gc,heap        ] GC(87) Survivor regions: 1->1(6)
[2026-04-03T01:49:41.406+0600][26.619s][info][gc,heap        ] GC(87) Old regions: 19->19
[2026-04-03T01:49:41.406+0600][26.619s][info][gc,heap        ] GC(87) Humongous regions: 3->3
[2026-04-03T01:49:41.406+0600][26.619s][info][gc,metaspace   ] GC(87) Metaspace: 66723K(67648K)->66723K(67648K) NonClass: 58334K(58880K)->58334K(58880K) Class: 8388K(8768K)->8388K(8768K)
[2026-04-03T01:49:41.407+0600][26.619s][info][gc             ] GC(87) Pause Young (Prepare Mixed) (G1 Evacuation Pause) 125M->35M(210M) 2.594ms
[2026-04-03T01:49:41.407+0600][26.620s][info][gc,cpu         ] GC(87) User=0.00s Sys=0.00s Real=0.00s
[2026-04-03T01:49:41.494+0600][26.707s][info][gc,start       ] GC(88) Pause Young (Mixed) (G1 Evacuation Pause)
[2026-04-03T01:49:41.494+0600][26.707s][info][gc,task        ] GC(88) Using 5 workers of 10 for evacuation
[2026-04-03T01:49:41.497+0600][26.710s][info][gc,phases      ] GC(88)   Pre Evacuate Collection Set: 0.36ms
[2026-04-03T01:49:41.497+0600][26.710s][info][gc,phases      ] GC(88)   Merge Heap Roots: 0.25ms
[2026-04-03T01:49:41.497+0600][26.710s][info][gc,phases      ] GC(88)   Evacuate Collection Set: 1.11ms
[2026-04-03T01:49:41.497+0600][26.710s][info][gc,phases      ] GC(88)   Post Evacuate Collection Set: 0.61ms
[2026-04-03T01:49:41.497+0600][26.710s][info][gc,phases      ] GC(88)   Other: 0.08ms
[2026-04-03T01:49:41.497+0600][26.710s][info][gc,heap        ] GC(88) Eden regions: 62->0(62)
[2026-04-03T01:49:41.497+0600][26.710s][info][gc,heap        ] GC(88) Survivor regions: 1->1(8)
[2026-04-03T01:49:41.497+0600][26.710s][info][gc,heap        ] GC(88) Old regions: 19->19
[2026-04-03T01:49:41.497+0600][26.710s][info][gc,heap        ] GC(88) Humongous regions: 3->3
[2026-04-03T01:49:41.497+0600][26.710s][info][gc,metaspace   ] GC(88) Metaspace: 66723K(67648K)->66723K(67648K) NonClass: 58334K(58880K)->58334K(58880K) Class: 8388K(8768K)->8388K(8768K)
[2026-04-03T01:49:41.497+0600][26.710s][info][gc             ] GC(88) Pause Young (Mixed) (G1 Evacuation Pause) 159M->35M(210M) 2.710ms
[2026-04-03T01:49:41.497+0600][26.710s][info][gc,cpu         ] GC(88) User=0.01s Sys=0.00s Real=0.00s
[2026-04-03T01:49:41.568+0600][26.781s][info][gc,start       ] GC(89) Pause Young (Concurrent Start) (G1 Evacuation Pause)
[2026-04-03T01:49:41.568+0600][26.781s][info][gc,task        ] GC(89) Using 5 workers of 10 for evacuation
[2026-04-03T01:49:41.570+0600][26.783s][info][gc,phases      ] GC(89)   Pre Evacuate Collection Set: 0.47ms
[2026-04-03T01:49:41.570+0600][26.783s][info][gc,phases      ] GC(89)   Merge Heap Roots: 0.10ms
[2026-04-03T01:49:41.570+0600][26.783s][info][gc,phases      ] GC(89)   Evacuate Collection Set: 0.97ms
[2026-04-03T01:49:41.570+0600][26.783s][info][gc,phases      ] GC(89)   Post Evacuate Collection Set: 0.72ms
[2026-04-03T01:49:41.570+0600][26.783s][info][gc,phases      ] GC(89)   Other: 0.16ms
[2026-04-03T01:49:41.570+0600][26.783s][info][gc,heap        ] GC(89) Eden regions: 62->0(62)
[2026-04-03T01:49:41.570+0600][26.783s][info][gc,heap        ] GC(89) Survivor regions: 1->1(8)
[2026-04-03T01:49:41.570+0600][26.783s][info][gc,heap        ] GC(89) Old regions: 19->19
[2026-04-03T01:49:41.570+0600][26.783s][info][gc,heap        ] GC(89) Humongous regions: 3->3
[2026-04-03T01:49:41.571+0600][26.783s][info][gc,metaspace   ] GC(89) Metaspace: 66723K(67648K)->66723K(67648K) NonClass: 58334K(58880K)->58334K(58880K) Class: 8388K(8768K)->8388K(8768K)
[2026-04-03T01:49:41.571+0600][26.783s][info][gc             ] GC(89) Pause Young (Concurrent Start) (G1 Evacuation Pause) 159M->35M(210M) 2.690ms
[2026-04-03T01:49:41.571+0600][26.784s][info][gc             ] GC(90) Concurrent Mark Cycle
[2026-04-03T01:49:41.571+0600][26.784s][info][gc,marking     ] GC(90) Concurrent Scan Root Regions
[2026-04-03T01:49:41.571+0600][26.784s][info][gc,cpu         ] GC(89) User=0.00s Sys=0.00s Real=0.01s
[2026-04-03T01:49:41.572+0600][26.785s][info][gc,marking     ] GC(90) Concurrent Scan Root Regions 1.190ms
[2026-04-03T01:49:41.572+0600][26.785s][info][gc,marking     ] GC(90) Concurrent Mark
[2026-04-03T01:49:41.572+0600][26.785s][info][gc,marking     ] GC(90) Concurrent Mark From Roots
[2026-04-03T01:49:41.572+0600][26.785s][info][gc,task        ] GC(90) Using 3 workers of 3 for marking
[2026-04-03T01:49:41.594+0600][26.807s][info][gc,marking     ] GC(90) Concurrent Mark From Roots 21.836ms
[2026-04-03T01:49:41.594+0600][26.807s][info][gc,marking     ] GC(90) Concurrent Preclean
[2026-04-03T01:49:41.594+0600][26.807s][info][gc,marking     ] GC(90) Concurrent Preclean 0.115ms
[2026-04-03T01:49:41.594+0600][26.807s][info][gc,start       ] GC(90) Pause Remark
[2026-04-03T01:49:41.598+0600][26.811s][info][gc             ] GC(90) Pause Remark 69M->69M(154M) 3.996ms
[2026-04-03T01:49:41.598+0600][26.811s][info][gc,cpu         ] GC(90) User=0.01s Sys=0.00s Real=0.00s
[2026-04-03T01:49:41.598+0600][26.811s][info][gc,marking     ] GC(90) Concurrent Mark 26.502ms
[2026-04-03T01:49:41.598+0600][26.811s][info][gc,marking     ] GC(90) Concurrent Rebuild Remembered Sets and Scrub Regions
[2026-04-03T01:49:41.609+0600][26.822s][info][gc,marking     ] GC(90) Concurrent Rebuild Remembered Sets and Scrub Regions 10.800ms
[2026-04-03T01:49:41.610+0600][26.823s][info][gc,start       ] GC(90) Pause Cleanup
[2026-04-03T01:49:41.610+0600][26.823s][info][gc             ] GC(90) Pause Cleanup 81M->81M(154M) 0.380ms
[2026-04-03T01:49:41.610+0600][26.823s][info][gc,cpu         ] GC(90) User=0.00s Sys=0.00s Real=0.01s
[2026-04-03T01:49:41.610+0600][26.823s][info][gc,marking     ] GC(90) Concurrent Clear Claimed Marks
[2026-04-03T01:49:41.610+0600][26.823s][info][gc,marking     ] GC(90) Concurrent Clear Claimed Marks 0.252ms
[2026-04-03T01:49:41.610+0600][26.823s][info][gc,marking     ] GC(90) Concurrent Cleanup for Next Mark
[2026-04-03T01:49:41.611+0600][26.824s][info][gc,marking     ] GC(90) Concurrent Cleanup for Next Mark 0.459ms
[2026-04-03T01:49:41.611+0600][26.824s][info][gc             ] GC(90) Concurrent Mark Cycle 40.429ms
[2026-04-03T01:49:41.644+0600][26.857s][info][gc,start       ] GC(91) Pause Young (Prepare Mixed) (G1 Evacuation Pause)
[2026-04-03T01:49:41.644+0600][26.857s][info][gc,task        ] GC(91) Using 4 workers of 10 for evacuation
[2026-04-03T01:49:41.647+0600][26.859s][info][gc,phases      ] GC(91)   Pre Evacuate Collection Set: 0.25ms
[2026-04-03T01:49:41.647+0600][26.860s][info][gc,phases      ] GC(91)   Merge Heap Roots: 0.26ms
[2026-04-03T01:49:41.647+0600][26.860s][info][gc,phases      ] GC(91)   Evacuate Collection Set: 0.80ms
[2026-04-03T01:49:41.647+0600][26.860s][info][gc,phases      ] GC(91)   Post Evacuate Collection Set: 0.77ms
[2026-04-03T01:49:41.647+0600][26.860s][info][gc,phases      ] GC(91)   Other: 0.08ms
[2026-04-03T01:49:41.647+0600][26.860s][info][gc,heap        ] GC(91) Eden regions: 54->0(45)
[2026-04-03T01:49:41.647+0600][26.860s][info][gc,heap        ] GC(91) Survivor regions: 1->1(8)
[2026-04-03T01:49:41.647+0600][26.860s][info][gc,heap        ] GC(91) Old regions: 19->19
[2026-04-03T01:49:41.647+0600][26.860s][info][gc,heap        ] GC(91) Humongous regions: 3->3
[2026-04-03T01:49:41.647+0600][26.860s][info][gc,metaspace   ] GC(91) Metaspace: 66723K(67648K)->66723K(67648K) NonClass: 58335K(58880K)->58335K(58880K) Class: 8388K(8768K)->8388K(8768K)
[2026-04-03T01:49:41.647+0600][26.860s][info][gc             ] GC(91) Pause Young (Prepare Mixed) (G1 Evacuation Pause) 143M->35M(156M) 2.429ms
[2026-04-03T01:49:41.647+0600][26.860s][info][gc,cpu         ] GC(91) User=0.01s Sys=0.00s Real=0.00s
[2026-04-03T01:49:41.690+0600][26.903s][info][gc,start       ] GC(92) Pause Young (Mixed) (G1 Evacuation Pause)
[2026-04-03T01:49:41.690+0600][26.903s][info][gc,task        ] GC(92) Using 3 workers of 10 for evacuation
[2026-04-03T01:49:41.694+0600][26.907s][info][gc,phases      ] GC(92)   Pre Evacuate Collection Set: 0.17ms
[2026-04-03T01:49:41.694+0600][26.907s][info][gc,phases      ] GC(92)   Merge Heap Roots: 0.19ms
[2026-04-03T01:49:41.694+0600][26.907s][info][gc,phases      ] GC(92)   Evacuate Collection Set: 1.66ms
[2026-04-03T01:49:41.694+0600][26.907s][info][gc,phases      ] GC(92)   Post Evacuate Collection Set: 1.37ms
[2026-04-03T01:49:41.694+0600][26.907s][info][gc,phases      ] GC(92)   Other: 0.08ms
[2026-04-03T01:49:41.694+0600][26.907s][info][gc,heap        ] GC(92) Eden regions: 45->0(69)
[2026-04-03T01:49:41.694+0600][26.907s][info][gc,heap        ] GC(92) Survivor regions: 1->1(6)
[2026-04-03T01:49:41.694+0600][26.907s][info][gc,heap        ] GC(92) Old regions: 19->19
[2026-04-03T01:49:41.694+0600][26.907s][info][gc,heap        ] GC(92) Humongous regions: 3->3
[2026-04-03T01:49:41.694+0600][26.907s][info][gc,metaspace   ] GC(92) Metaspace: 66723K(67648K)->66723K(67648K) NonClass: 58335K(58880K)->58335K(58880K) Class: 8388K(8768K)->8388K(8768K)
[2026-04-03T01:49:41.694+0600][26.907s][info][gc             ] GC(92) Pause Young (Mixed) (G1 Evacuation Pause) 125M->35M(234M) 3.713ms
[2026-04-03T01:49:41.694+0600][26.907s][info][gc,cpu         ] GC(92) User=0.00s Sys=0.00s Real=0.00s
[2026-04-03T01:49:41.765+0600][26.977s][info][gc,start       ] GC(93) Pause Young (Concurrent Start) (G1 Evacuation Pause)
[2026-04-03T01:49:41.765+0600][26.978s][info][gc,task        ] GC(93) Using 5 workers of 10 for evacuation
[2026-04-03T01:49:41.767+0600][26.980s][info][gc,phases      ] GC(93)   Pre Evacuate Collection Set: 0.32ms
[2026-04-03T01:49:41.767+0600][26.980s][info][gc,phases      ] GC(93)   Merge Heap Roots: 0.17ms
[2026-04-03T01:49:41.767+0600][26.980s][info][gc,phases      ] GC(93)   Evacuate Collection Set: 1.25ms
[2026-04-03T01:49:41.767+0600][26.980s][info][gc,phases      ] GC(93)   Post Evacuate Collection Set: 0.43ms
[2026-04-03T01:49:41.767+0600][26.980s][info][gc,phases      ] GC(93)   Other: 0.18ms
[2026-04-03T01:49:41.767+0600][26.980s][info][gc,heap        ] GC(93) Eden regions: 69->0(69)
[2026-04-03T01:49:41.767+0600][26.980s][info][gc,heap        ] GC(93) Survivor regions: 1->1(9)
[2026-04-03T01:49:41.767+0600][26.980s][info][gc,heap        ] GC(93) Old regions: 19->19
[2026-04-03T01:49:41.767+0600][26.980s][info][gc,heap        ] GC(93) Humongous regions: 3->3
[2026-04-03T01:49:41.767+0600][26.980s][info][gc,metaspace   ] GC(93) Metaspace: 66723K(67648K)->66723K(67648K) NonClass: 58335K(58880K)->58335K(58880K) Class: 8388K(8768K)->8388K(8768K)
[2026-04-03T01:49:41.767+0600][26.980s][info][gc             ] GC(93) Pause Young (Concurrent Start) (G1 Evacuation Pause) 173M->35M(234M) 2.584ms
[2026-04-03T01:49:41.767+0600][26.980s][info][gc,cpu         ] GC(93) User=0.00s Sys=0.00s Real=0.00s
[2026-04-03T01:49:41.767+0600][26.980s][info][gc             ] GC(94) Concurrent Mark Cycle
[2026-04-03T01:49:41.767+0600][26.980s][info][gc,marking     ] GC(94) Concurrent Scan Root Regions
[2026-04-03T01:49:41.768+0600][26.981s][info][gc,marking     ] GC(94) Concurrent Scan Root Regions 0.891ms
[2026-04-03T01:49:41.768+0600][26.981s][info][gc,marking     ] GC(94) Concurrent Mark
[2026-04-03T01:49:41.768+0600][26.981s][info][gc,marking     ] GC(94) Concurrent Mark From Roots
[2026-04-03T01:49:41.768+0600][26.981s][info][gc,task        ] GC(94) Using 3 workers of 3 for marking
[2026-04-03T01:49:41.787+0600][27.000s][info][gc,marking     ] GC(94) Concurrent Mark From Roots 18.584ms
[2026-04-03T01:49:41.787+0600][27.000s][info][gc,marking     ] GC(94) Concurrent Preclean
[2026-04-03T01:49:41.787+0600][27.000s][info][gc,marking     ] GC(94) Concurrent Preclean 0.125ms
[2026-04-03T01:49:41.787+0600][27.000s][info][gc,start       ] GC(94) Pause Remark
[2026-04-03T01:49:41.791+0600][27.004s][info][gc             ] GC(94) Pause Remark 63M->63M(154M) 3.717ms
[2026-04-03T01:49:41.791+0600][27.004s][info][gc,cpu         ] GC(94) User=0.02s Sys=0.00s Real=0.01s
[2026-04-03T01:49:41.791+0600][27.004s][info][gc,marking     ] GC(94) Concurrent Mark 22.925ms
[2026-04-03T01:49:41.791+0600][27.004s][info][gc,marking     ] GC(94) Concurrent Rebuild Remembered Sets and Scrub Regions
[2026-04-03T01:49:41.801+0600][27.014s][info][gc,marking     ] GC(94) Concurrent Rebuild Remembered Sets and Scrub Regions 9.562ms
[2026-04-03T01:49:41.801+0600][27.014s][info][gc,start       ] GC(94) Pause Cleanup
[2026-04-03T01:49:41.801+0600][27.014s][info][gc             ] GC(94) Pause Cleanup 79M->79M(154M) 0.256ms
[2026-04-03T01:49:41.801+0600][27.014s][info][gc,cpu         ] GC(94) User=0.00s Sys=0.00s Real=0.00s
[2026-04-03T01:49:41.802+0600][27.014s][info][gc,marking     ] GC(94) Concurrent Clear Claimed Marks
[2026-04-03T01:49:41.802+0600][27.015s][info][gc,marking     ] GC(94) Concurrent Clear Claimed Marks 0.214ms
[2026-04-03T01:49:41.802+0600][27.015s][info][gc,marking     ] GC(94) Concurrent Cleanup for Next Mark
[2026-04-03T01:49:41.802+0600][27.015s][info][gc,marking     ] GC(94) Concurrent Cleanup for Next Mark 0.410ms
[2026-04-03T01:49:41.802+0600][27.015s][info][gc             ] GC(94) Concurrent Mark Cycle 35.036ms
[2026-04-03T01:49:41.834+0600][27.047s][info][gc,start       ] GC(95) Pause Young (Prepare Mixed) (G1 Evacuation Pause)
[2026-04-03T01:49:41.834+0600][27.047s][info][gc,task        ] GC(95) Using 4 workers of 10 for evacuation
[2026-04-03T01:49:41.836+0600][27.049s][info][gc,phases      ] GC(95)   Pre Evacuate Collection Set: 0.35ms
[2026-04-03T01:49:41.836+0600][27.049s][info][gc,phases      ] GC(95)   Merge Heap Roots: 0.17ms
[2026-04-03T01:49:41.836+0600][27.049s][info][gc,phases      ] GC(95)   Evacuate Collection Set: 0.83ms
[2026-04-03T01:49:41.836+0600][27.049s][info][gc,phases      ] GC(95)   Post Evacuate Collection Set: 0.39ms
[2026-04-03T01:49:41.836+0600][27.049s][info][gc,phases      ] GC(95)   Other: 0.10ms
[2026-04-03T01:49:41.836+0600][27.049s][info][gc,heap        ] GC(95) Eden regions: 54->0(45)
[2026-04-03T01:49:41.836+0600][27.049s][info][gc,heap        ] GC(95) Survivor regions: 1->1(9)
[2026-04-03T01:49:41.836+0600][27.049s][info][gc,heap        ] GC(95) Old regions: 19->19
[2026-04-03T01:49:41.836+0600][27.049s][info][gc,heap        ] GC(95) Humongous regions: 3->3
[2026-04-03T01:49:41.836+0600][27.049s][info][gc,metaspace   ] GC(95) Metaspace: 66723K(67648K)->66723K(67648K) NonClass: 58335K(58880K)->58335K(58880K) Class: 8388K(8768K)->8388K(8768K)
[2026-04-03T01:49:41.836+0600][27.049s][info][gc             ] GC(95) Pause Young (Prepare Mixed) (G1 Evacuation Pause) 143M->35M(156M) 2.095ms
[2026-04-03T01:49:41.836+0600][27.049s][info][gc,cpu         ] GC(95) User=0.00s Sys=0.00s Real=0.00s
[2026-04-03T01:49:41.877+0600][27.090s][info][gc,start       ] GC(96) Pause Young (Mixed) (G1 Evacuation Pause)
[2026-04-03T01:49:41.878+0600][27.090s][info][gc,task        ] GC(96) Using 3 workers of 10 for evacuation
[2026-04-03T01:49:41.880+0600][27.093s][info][gc,phases      ] GC(96)   Pre Evacuate Collection Set: 0.39ms
[2026-04-03T01:49:41.880+0600][27.093s][info][gc,phases      ] GC(96)   Merge Heap Roots: 0.18ms
[2026-04-03T01:49:41.880+0600][27.093s][info][gc,phases      ] GC(96)   Evacuate Collection Set: 1.60ms
[2026-04-03T01:49:41.880+0600][27.093s][info][gc,phases      ] GC(96)   Post Evacuate Collection Set: 0.49ms
[2026-04-03T01:49:41.880+0600][27.093s][info][gc,phases      ] GC(96)   Other: 0.09ms
[2026-04-03T01:49:41.880+0600][27.093s][info][gc,heap        ] GC(96) Eden regions: 45->0(45)
[2026-04-03T01:49:41.880+0600][27.093s][info][gc,heap        ] GC(96) Survivor regions: 1->1(6)
[2026-04-03T01:49:41.880+0600][27.093s][info][gc,heap        ] GC(96) Old regions: 19->19
[2026-04-03T01:49:41.880+0600][27.093s][info][gc,heap        ] GC(96) Humongous regions: 3->3
[2026-04-03T01:49:41.880+0600][27.093s][info][gc,metaspace   ] GC(96) Metaspace: 66723K(67648K)->66723K(67648K) NonClass: 58335K(58880K)->58335K(58880K) Class: 8388K(8768K)->8388K(8768K)
[2026-04-03T01:49:41.880+0600][27.093s][info][gc             ] GC(96) Pause Young (Mixed) (G1 Evacuation Pause) 125M->35M(156M) 2.950ms
[2026-04-03T01:49:41.880+0600][27.093s][info][gc,cpu         ] GC(96) User=0.00s Sys=0.00s Real=0.01s
[2026-04-03T01:49:41.923+0600][27.136s][info][gc,start       ] GC(97) Pause Young (Concurrent Start) (G1 Evacuation Pause)
[2026-04-03T01:49:41.923+0600][27.136s][info][gc,task        ] GC(97) Using 3 workers of 10 for evacuation
[2026-04-03T01:49:41.926+0600][27.139s][info][gc,phases      ] GC(97)   Pre Evacuate Collection Set: 0.30ms
[2026-04-03T01:49:41.926+0600][27.139s][info][gc,phases      ] GC(97)   Merge Heap Roots: 0.22ms
[2026-04-03T01:49:41.926+0600][27.139s][info][gc,phases      ] GC(97)   Evacuate Collection Set: 0.98ms
[2026-04-03T01:49:41.926+0600][27.139s][info][gc,phases      ] GC(97)   Post Evacuate Collection Set: 0.78ms
[2026-04-03T01:49:41.926+0600][27.139s][info][gc,phases      ] GC(97)   Other: 0.25ms
[2026-04-03T01:49:41.926+0600][27.139s][info][gc,heap        ] GC(97) Eden regions: 45->0(70)
[2026-04-03T01:49:41.926+0600][27.139s][info][gc,heap        ] GC(97) Survivor regions: 1->1(6)
[2026-04-03T01:49:41.926+0600][27.139s][info][gc,heap        ] GC(97) Old regions: 19->19
[2026-04-03T01:49:41.926+0600][27.139s][info][gc,heap        ] GC(97) Humongous regions: 3->3
[2026-04-03T01:49:41.926+0600][27.139s][info][gc,metaspace   ] GC(97) Metaspace: 66723K(67648K)->66723K(67648K) NonClass: 58335K(58880K)->58335K(58880K) Class: 8388K(8768K)->8388K(8768K)
[2026-04-03T01:49:41.926+0600][27.139s][info][gc             ] GC(97) Pause Young (Concurrent Start) (G1 Evacuation Pause) 125M->35M(238M) 2.738ms
[2026-04-03T01:49:41.926+0600][27.139s][info][gc,cpu         ] GC(97) User=0.00s Sys=0.00s Real=0.00s
[2026-04-03T01:49:41.926+0600][27.139s][info][gc             ] GC(98) Concurrent Mark Cycle
[2026-04-03T01:49:41.926+0600][27.139s][info][gc,marking     ] GC(98) Concurrent Scan Root Regions
[2026-04-03T01:49:41.927+0600][27.140s][info][gc,marking     ] GC(98) Concurrent Scan Root Regions 1.084ms
[2026-04-03T01:49:41.927+0600][27.140s][info][gc,marking     ] GC(98) Concurrent Mark
[2026-04-03T01:49:41.927+0600][27.140s][info][gc,marking     ] GC(98) Concurrent Mark From Roots
[2026-04-03T01:49:41.927+0600][27.140s][info][gc,task        ] GC(98) Using 3 workers of 3 for marking
[2026-04-03T01:49:41.949+0600][27.162s][info][gc,marking     ] GC(98) Concurrent Mark From Roots 21.471ms
[2026-04-03T01:49:41.949+0600][27.162s][info][gc,marking     ] GC(98) Concurrent Preclean
[2026-04-03T01:49:41.949+0600][27.162s][info][gc,marking     ] GC(98) Concurrent Preclean 0.128ms
[2026-04-03T01:49:41.949+0600][27.162s][info][gc,start       ] GC(98) Pause Remark
[2026-04-03T01:49:41.955+0600][27.168s][info][gc             ] GC(98) Pause Remark 67M->67M(154M) 5.966ms
[2026-04-03T01:49:41.955+0600][27.168s][info][gc,cpu         ] GC(98) User=0.02s Sys=0.00s Real=0.01s
[2026-04-03T01:49:41.956+0600][27.168s][info][gc,marking     ] GC(98) Concurrent Mark 28.199ms
[2026-04-03T01:49:41.956+0600][27.169s][info][gc,marking     ] GC(98) Concurrent Rebuild Remembered Sets and Scrub Regions
[2026-04-03T01:49:41.968+0600][27.181s][info][gc,marking     ] GC(98) Concurrent Rebuild Remembered Sets and Scrub Regions 12.015ms
[2026-04-03T01:49:41.968+0600][27.181s][info][gc,start       ] GC(98) Pause Cleanup
[2026-04-03T01:49:41.968+0600][27.181s][info][gc             ] GC(98) Pause Cleanup 81M->81M(154M) 0.255ms
[2026-04-03T01:49:41.968+0600][27.181s][info][gc,cpu         ] GC(98) User=0.00s Sys=0.00s Real=0.00s
[2026-04-03T01:49:41.968+0600][27.181s][info][gc,marking     ] GC(98) Concurrent Clear Claimed Marks
[2026-04-03T01:49:41.969+0600][27.182s][info][gc,marking     ] GC(98) Concurrent Clear Claimed Marks 0.222ms
[2026-04-03T01:49:41.969+0600][27.182s][info][gc,marking     ] GC(98) Concurrent Cleanup for Next Mark
[2026-04-03T01:49:41.969+0600][27.182s][info][gc,marking     ] GC(98) Concurrent Cleanup for Next Mark 0.432ms
[2026-04-03T01:49:41.969+0600][27.182s][info][gc             ] GC(98) Concurrent Mark Cycle 42.982ms
[2026-04-03T01:49:42.000+0600][27.213s][info][gc,start       ] GC(99) Pause Young (Prepare Mixed) (G1 Evacuation Pause)
[2026-04-03T01:49:42.000+0600][27.213s][info][gc,task        ] GC(99) Using 3 workers of 10 for evacuation
[2026-04-03T01:49:42.002+0600][27.215s][info][gc,phases      ] GC(99)   Pre Evacuate Collection Set: 0.42ms
[2026-04-03T01:49:42.002+0600][27.215s][info][gc,phases      ] GC(99)   Merge Heap Roots: 0.10ms
[2026-04-03T01:49:42.002+0600][27.215s][info][gc,phases      ] GC(99)   Evacuate Collection Set: 0.78ms
[2026-04-03T01:49:42.002+0600][27.215s][info][gc,phases      ] GC(99)   Post Evacuate Collection Set: 0.48ms
[2026-04-03T01:49:42.002+0600][27.215s][info][gc,phases      ] GC(99)   Other: 0.08ms
[2026-04-03T01:49:42.002+0600][27.215s][info][gc,heap        ] GC(99) Eden regions: 54->0(45)
[2026-04-03T01:49:42.002+0600][27.215s][info][gc,heap        ] GC(99) Survivor regions: 1->1(9)
[2026-04-03T01:49:42.002+0600][27.215s][info][gc,heap        ] GC(99) Old regions: 19->19
[2026-04-03T01:49:42.002+0600][27.215s][info][gc,heap        ] GC(99) Humongous regions: 3->3
[2026-04-03T01:49:42.002+0600][27.215s][info][gc,metaspace   ] GC(99) Metaspace: 66723K(67648K)->66723K(67648K) NonClass: 58335K(58880K)->58335K(58880K) Class: 8388K(8768K)->8388K(8768K)
[2026-04-03T01:49:42.002+0600][27.215s][info][gc             ] GC(99) Pause Young (Prepare Mixed) (G1 Evacuation Pause) 143M->35M(156M) 2.141ms
[2026-04-03T01:49:42.002+0600][27.215s][info][gc,cpu         ] GC(99) User=0.00s Sys=0.00s Real=0.00s
[2026-04-03T01:49:42.044+0600][27.257s][info][gc,start       ] GC(100) Pause Young (Mixed) (G1 Evacuation Pause)
[2026-04-03T01:49:42.044+0600][27.257s][info][gc,task        ] GC(100) Using 3 workers of 10 for evacuation
[2026-04-03T01:49:42.048+0600][27.260s][info][gc,phases      ] GC(100)   Pre Evacuate Collection Set: 0.30ms
[2026-04-03T01:49:42.048+0600][27.261s][info][gc,phases      ] GC(100)   Merge Heap Roots: 0.18ms
[2026-04-03T01:49:42.048+0600][27.261s][info][gc,phases      ] GC(100)   Evacuate Collection Set: 1.71ms
[2026-04-03T01:49:42.048+0600][27.261s][info][gc,phases      ] GC(100)   Post Evacuate Collection Set: 0.76ms
[2026-04-03T01:49:42.048+0600][27.261s][info][gc,phases      ] GC(100)   Other: 0.08ms
[2026-04-03T01:49:42.048+0600][27.261s][info][gc,heap        ] GC(100) Eden regions: 45->0(45)
[2026-04-03T01:49:42.048+0600][27.261s][info][gc,heap        ] GC(100) Survivor regions: 1->1(6)
[2026-04-03T01:49:42.048+0600][27.261s][info][gc,heap        ] GC(100) Old regions: 19->19
[2026-04-03T01:49:42.048+0600][27.261s][info][gc,heap        ] GC(100) Humongous regions: 3->3
[2026-04-03T01:49:42.048+0600][27.261s][info][gc,metaspace   ] GC(100) Metaspace: 66723K(67648K)->66723K(67648K) NonClass: 58335K(58880K)->58335K(58880K) Class: 8388K(8768K)->8388K(8768K)
[2026-04-03T01:49:42.048+0600][27.261s][info][gc             ] GC(100) Pause Young (Mixed) (G1 Evacuation Pause) 125M->35M(156M) 3.255ms
[2026-04-03T01:49:42.048+0600][27.261s][info][gc,cpu         ] GC(100) User=0.01s Sys=0.00s Real=0.00s
[2026-04-03T01:49:42.097+0600][27.310s][info][gc,start       ] GC(101) Pause Young (Concurrent Start) (G1 Evacuation Pause)
[2026-04-03T01:49:42.097+0600][27.310s][info][gc,task        ] GC(101) Using 3 workers of 10 for evacuation
[2026-04-03T01:49:42.100+0600][27.312s][info][gc,phases      ] GC(101)   Pre Evacuate Collection Set: 0.51ms
[2026-04-03T01:49:42.100+0600][27.313s][info][gc,phases      ] GC(101)   Merge Heap Roots: 0.23ms
[2026-04-03T01:49:42.100+0600][27.313s][info][gc,phases      ] GC(101)   Evacuate Collection Set: 1.22ms
[2026-04-03T01:49:42.100+0600][27.313s][info][gc,phases      ] GC(101)   Post Evacuate Collection Set: 0.36ms
[2026-04-03T01:49:42.100+0600][27.313s][info][gc,phases      ] GC(101)   Other: 0.25ms
[2026-04-03T01:49:42.100+0600][27.313s][info][gc,heap        ] GC(101) Eden regions: 45->0(45)
[2026-04-03T01:49:42.100+0600][27.313s][info][gc,heap        ] GC(101) Survivor regions: 1->1(6)
[2026-04-03T01:49:42.100+0600][27.313s][info][gc,heap        ] GC(101) Old regions: 19->19
[2026-04-03T01:49:42.100+0600][27.313s][info][gc,heap        ] GC(101) Humongous regions: 3->3
[2026-04-03T01:49:42.100+0600][27.313s][info][gc,metaspace   ] GC(101) Metaspace: 66723K(67648K)->66723K(67648K) NonClass: 58335K(58880K)->58335K(58880K) Class: 8388K(8768K)->8388K(8768K)
[2026-04-03T01:49:42.100+0600][27.313s][info][gc             ] GC(101) Pause Young (Concurrent Start) (G1 Evacuation Pause) 125M->35M(156M) 2.803ms
[2026-04-03T01:49:42.100+0600][27.313s][info][gc,cpu         ] GC(101) User=0.01s Sys=0.00s Real=0.01s
[2026-04-03T01:49:42.100+0600][27.313s][info][gc             ] GC(102) Concurrent Mark Cycle
[2026-04-03T01:49:42.100+0600][27.313s][info][gc,marking     ] GC(102) Concurrent Scan Root Regions
[2026-04-03T01:49:42.101+0600][27.314s][info][gc,marking     ] GC(102) Concurrent Scan Root Regions 0.978ms
[2026-04-03T01:49:42.101+0600][27.314s][info][gc,marking     ] GC(102) Concurrent Mark
[2026-04-03T01:49:42.101+0600][27.314s][info][gc,marking     ] GC(102) Concurrent Mark From Roots
[2026-04-03T01:49:42.101+0600][27.314s][info][gc,task        ] GC(102) Using 3 workers of 3 for marking
[2026-04-03T01:49:42.124+0600][27.337s][info][gc,marking     ] GC(102) Concurrent Mark From Roots 23.484ms
[2026-04-03T01:49:42.124+0600][27.337s][info][gc,marking     ] GC(102) Concurrent Preclean
[2026-04-03T01:49:42.125+0600][27.338s][info][gc,marking     ] GC(102) Concurrent Preclean 0.135ms
[2026-04-03T01:49:42.125+0600][27.338s][info][gc,start       ] GC(102) Pause Remark
[2026-04-03T01:49:42.132+0600][27.345s][info][gc             ] GC(102) Pause Remark 59M->59M(154M) 7.071ms
[2026-04-03T01:49:42.132+0600][27.345s][info][gc,cpu         ] GC(102) User=0.02s Sys=0.00s Real=0.01s
[2026-04-03T01:49:42.132+0600][27.345s][info][gc,marking     ] GC(102) Concurrent Mark 31.315ms
[2026-04-03T01:49:42.132+0600][27.345s][info][gc,marking     ] GC(102) Concurrent Rebuild Remembered Sets and Scrub Regions
[2026-04-03T01:49:42.149+0600][27.362s][info][gc,marking     ] GC(102) Concurrent Rebuild Remembered Sets and Scrub Regions 16.922ms
[2026-04-03T01:49:42.150+0600][27.363s][info][gc,start       ] GC(102) Pause Cleanup
[2026-04-03T01:49:42.151+0600][27.364s][info][gc             ] GC(102) Pause Cleanup 66M->66M(154M) 0.862ms
[2026-04-03T01:49:42.151+0600][27.364s][info][gc,cpu         ] GC(102) User=0.00s Sys=0.01s Real=0.00s
[2026-04-03T01:49:42.152+0600][27.365s][info][gc,marking     ] GC(102) Concurrent Clear Claimed Marks
[2026-04-03T01:49:42.153+0600][27.366s][info][gc,marking     ] GC(102) Concurrent Clear Claimed Marks 0.250ms
[2026-04-03T01:49:42.153+0600][27.366s][info][gc,marking     ] GC(102) Concurrent Cleanup for Next Mark
[2026-04-03T01:49:42.153+0600][27.366s][info][gc,marking     ] GC(102) Concurrent Cleanup for Next Mark 0.814ms
[2026-04-03T01:49:42.154+0600][27.367s][info][gc             ] GC(102) Concurrent Mark Cycle 54.382ms
[2026-04-03T01:49:42.289+0600][27.502s][info][gc,start       ] GC(103) Pause Young (Prepare Mixed) (G1 Evacuation Pause)
[2026-04-03T01:49:42.289+0600][27.502s][info][gc,task        ] GC(103) Using 3 workers of 10 for evacuation
[2026-04-03T01:49:42.294+0600][27.507s][info][gc,phases      ] GC(103)   Pre Evacuate Collection Set: 0.62ms
[2026-04-03T01:49:42.294+0600][27.507s][info][gc,phases      ] GC(103)   Merge Heap Roots: 0.19ms
[2026-04-03T01:49:42.294+0600][27.507s][info][gc,phases      ] GC(103)   Evacuate Collection Set: 2.48ms
[2026-04-03T01:49:42.294+0600][27.507s][info][gc,phases      ] GC(103)   Post Evacuate Collection Set: 1.23ms
[2026-04-03T01:49:42.294+0600][27.507s][info][gc,phases      ] GC(103)   Other: 0.19ms
[2026-04-03T01:49:42.294+0600][27.507s][info][gc,heap        ] GC(103) Eden regions: 45->0(65)
[2026-04-03T01:49:42.294+0600][27.507s][info][gc,heap        ] GC(103) Survivor regions: 1->1(6)
[2026-04-03T01:49:42.294+0600][27.507s][info][gc,heap        ] GC(103) Old regions: 19->19
[2026-04-03T01:49:42.294+0600][27.507s][info][gc,heap        ] GC(103) Humongous regions: 4->3
[2026-04-03T01:49:42.294+0600][27.507s][info][gc,metaspace   ] GC(103) Metaspace: 67182K(67968K)->67182K(67968K) NonClass: 58697K(59136K)->58697K(59136K) Class: 8484K(8832K)->8484K(8832K)
[2026-04-03T01:49:42.294+0600][27.507s][info][gc             ] GC(103) Pause Young (Prepare Mixed) (G1 Evacuation Pause) 127M->36M(220M) 5.143ms
[2026-04-03T01:49:42.294+0600][27.507s][info][gc,cpu         ] GC(103) User=0.01s Sys=0.01s Real=0.01s
[2026-04-03T01:49:43.385+0600][28.598s][info][gc,start       ] GC(104) Pause Young (Mixed) (G1 Evacuation Pause)
[2026-04-03T01:49:43.385+0600][28.598s][info][gc,task        ] GC(104) Using 5 workers of 10 for evacuation
[2026-04-03T01:49:43.394+0600][28.607s][info][gc,phases      ] GC(104)   Pre Evacuate Collection Set: 0.26ms
[2026-04-03T01:49:43.395+0600][28.607s][info][gc,phases      ] GC(104)   Merge Heap Roots: 0.20ms
[2026-04-03T01:49:43.395+0600][28.607s][info][gc,phases      ] GC(104)   Evacuate Collection Set: 7.90ms
[2026-04-03T01:49:43.395+0600][28.608s][info][gc,phases      ] GC(104)   Post Evacuate Collection Set: 1.08ms
[2026-04-03T01:49:43.395+0600][28.608s][info][gc,phases      ] GC(104)   Other: 0.14ms
[2026-04-03T01:49:43.395+0600][28.608s][info][gc,heap        ] GC(104) Eden regions: 65->0(61)
[2026-04-03T01:49:43.395+0600][28.608s][info][gc,heap        ] GC(104) Survivor regions: 1->5(9)
[2026-04-03T01:49:43.395+0600][28.608s][info][gc,heap        ] GC(104) Old regions: 19->19
[2026-04-03T01:49:43.395+0600][28.608s][info][gc,heap        ] GC(104) Humongous regions: 8->3
[2026-04-03T01:49:43.395+0600][28.608s][info][gc,metaspace   ] GC(104) Metaspace: 69100K(70016K)->69100K(70016K) NonClass: 60286K(60800K)->60286K(60800K) Class: 8813K(9216K)->8813K(9216K)
[2026-04-03T01:49:43.395+0600][28.608s][info][gc             ] GC(104) Pause Young (Mixed) (G1 Evacuation Pause) 176M->45M(220M) 9.983ms
[2026-04-03T01:49:43.395+0600][28.608s][info][gc,cpu         ] GC(104) User=0.04s Sys=0.00s Real=0.01s
[2026-04-03T01:49:43.602+0600][28.815s][info][gc,start       ] GC(105) Pause Young (Concurrent Start) (G1 Humongous Allocation)
[2026-04-03T01:49:43.602+0600][28.815s][info][gc,task        ] GC(105) Using 5 workers of 10 for evacuation
[2026-04-03T01:49:43.615+0600][28.828s][info][gc,phases      ] GC(105)   Pre Evacuate Collection Set: 0.32ms
[2026-04-03T01:49:43.615+0600][28.828s][info][gc,phases      ] GC(105)   Merge Heap Roots: 0.10ms
[2026-04-03T01:49:43.615+0600][28.828s][info][gc,phases      ] GC(105)   Evacuate Collection Set: 11.61ms
[2026-04-03T01:49:43.615+0600][28.828s][info][gc,phases      ] GC(105)   Post Evacuate Collection Set: 0.84ms
[2026-04-03T01:49:43.615+0600][28.828s][info][gc,phases      ] GC(105)   Other: 0.14ms
[2026-04-03T01:49:43.615+0600][28.828s][info][gc,heap        ] GC(105) Eden regions: 43->0(57)
[2026-04-03T01:49:43.615+0600][28.828s][info][gc,heap        ] GC(105) Survivor regions: 5->9(9)
[2026-04-03T01:49:43.615+0600][28.828s][info][gc,heap        ] GC(105) Old regions: 19->21
[2026-04-03T01:49:43.615+0600][28.828s][info][gc,heap        ] GC(105) Humongous regions: 3->3
[2026-04-03T01:49:43.615+0600][28.828s][info][gc,metaspace   ] GC(105) Metaspace: 69118K(70016K)->69118K(70016K) NonClass: 60299K(60800K)->60299K(60800K) Class: 8818K(9216K)->8818K(9216K)
[2026-04-03T01:49:43.615+0600][28.828s][info][gc             ] GC(105) Pause Young (Concurrent Start) (G1 Humongous Allocation) 130M->58M(220M) 13.410ms
[2026-04-03T01:49:43.615+0600][28.828s][info][gc,cpu         ] GC(105) User=0.06s Sys=0.00s Real=0.01s
[2026-04-03T01:49:43.616+0600][28.828s][info][gc             ] GC(106) Concurrent Mark Cycle
[2026-04-03T01:49:43.616+0600][28.829s][info][gc,marking     ] GC(106) Concurrent Scan Root Regions
[2026-04-03T01:49:43.623+0600][28.836s][info][gc,marking     ] GC(106) Concurrent Scan Root Regions 7.174ms
[2026-04-03T01:49:43.623+0600][28.836s][info][gc,marking     ] GC(106) Concurrent Mark
[2026-04-03T01:49:43.623+0600][28.836s][info][gc,marking     ] GC(106) Concurrent Mark From Roots
[2026-04-03T01:49:43.623+0600][28.836s][info][gc,task        ] GC(106) Using 3 workers of 3 for marking
[2026-04-03T01:49:43.643+0600][28.856s][info][gc,marking     ] GC(106) Concurrent Mark From Roots 20.549ms
[2026-04-03T01:49:43.644+0600][28.856s][info][gc,marking     ] GC(106) Concurrent Preclean
[2026-04-03T01:49:43.644+0600][28.857s][info][gc,marking     ] GC(106) Concurrent Preclean 0.095ms
[2026-04-03T01:49:43.644+0600][28.857s][info][gc,start       ] GC(106) Pause Remark
[2026-04-03T01:49:43.649+0600][28.862s][info][gc             ] GC(106) Pause Remark 74M->74M(220M) 4.936ms
[2026-04-03T01:49:43.649+0600][28.862s][info][gc,cpu         ] GC(106) User=0.02s Sys=0.00s Real=0.00s
[2026-04-03T01:49:43.649+0600][28.862s][info][gc,marking     ] GC(106) Concurrent Mark 26.111ms
[2026-04-03T01:49:43.649+0600][28.862s][info][gc,marking     ] GC(106) Concurrent Rebuild Remembered Sets and Scrub Regions
[2026-04-03T01:49:43.666+0600][28.879s][info][gc,marking     ] GC(106) Concurrent Rebuild Remembered Sets and Scrub Regions 16.935ms
[2026-04-03T01:49:43.667+0600][28.880s][info][gc,start       ] GC(106) Pause Cleanup
[2026-04-03T01:49:43.667+0600][28.880s][info][gc             ] GC(106) Pause Cleanup 82M->82M(220M) 0.277ms
[2026-04-03T01:49:43.667+0600][28.880s][info][gc,cpu         ] GC(106) User=0.00s Sys=0.00s Real=0.00s
[2026-04-03T01:49:43.667+0600][28.880s][info][gc,marking     ] GC(106) Concurrent Clear Claimed Marks
[2026-04-03T01:49:43.667+0600][28.880s][info][gc,marking     ] GC(106) Concurrent Clear Claimed Marks 0.216ms
[2026-04-03T01:49:43.667+0600][28.880s][info][gc,marking     ] GC(106) Concurrent Cleanup for Next Mark
[2026-04-03T01:49:43.668+0600][28.881s][info][gc,marking     ] GC(106) Concurrent Cleanup for Next Mark 0.878ms
[2026-04-03T01:49:43.668+0600][28.881s][info][gc             ] GC(106) Concurrent Mark Cycle 52.893ms
[2026-04-03T01:49:43.904+0600][29.117s][info][gc,start       ] GC(107) Pause Young (Prepare Mixed) (G1 Evacuation Pause)
[2026-04-03T01:49:43.904+0600][29.117s][info][gc,task        ] GC(107) Using 5 workers of 10 for evacuation
[2026-04-03T01:49:43.937+0600][29.150s][info][gc,phases      ] GC(107)   Pre Evacuate Collection Set: 0.31ms
[2026-04-03T01:49:43.937+0600][29.150s][info][gc,phases      ] GC(107)   Merge Heap Roots: 0.44ms
[2026-04-03T01:49:43.937+0600][29.150s][info][gc,phases      ] GC(107)   Evacuate Collection Set: 32.05ms
[2026-04-03T01:49:43.937+0600][29.150s][info][gc,phases      ] GC(107)   Post Evacuate Collection Set: 0.67ms
[2026-04-03T01:49:43.937+0600][29.150s][info][gc,phases      ] GC(107)   Other: 0.14ms
[2026-04-03T01:49:43.938+0600][29.150s][info][gc,heap        ] GC(107) Eden regions: 57->0(49)
[2026-04-03T01:49:43.938+0600][29.150s][info][gc,heap        ] GC(107) Survivor regions: 9->9(9)
[2026-04-03T01:49:43.938+0600][29.150s][info][gc,heap        ] GC(107) Old regions: 21->31
[2026-04-03T01:49:43.938+0600][29.150s][info][gc,heap        ] GC(107) Humongous regions: 8->8
[2026-04-03T01:49:43.938+0600][29.150s][info][gc,metaspace   ] GC(107) Metaspace: 69369K(70272K)->69369K(70272K) NonClass: 60494K(60992K)->60494K(60992K) Class: 8875K(9280K)->8875K(9280K)
[2026-04-03T01:49:43.938+0600][29.151s][info][gc             ] GC(107) Pause Young (Prepare Mixed) (G1 Evacuation Pause) 182M->89M(228M) 33.956ms
[2026-04-03T01:49:43.938+0600][29.151s][info][gc,cpu         ] GC(107) User=0.15s Sys=0.01s Real=0.03s
[2026-04-03T01:49:44.065+0600][29.278s][info][gc,start       ] GC(108) Pause Young (Mixed) (G1 Evacuation Pause)
[2026-04-03T01:49:44.065+0600][29.278s][info][gc,task        ] GC(108) Using 5 workers of 10 for evacuation
[2026-04-03T01:49:44.098+0600][29.311s][info][gc,phases      ] GC(108)   Pre Evacuate Collection Set: 0.22ms
[2026-04-03T01:49:44.098+0600][29.311s][info][gc,phases      ] GC(108)   Merge Heap Roots: 0.49ms
[2026-04-03T01:49:44.098+0600][29.311s][info][gc,phases      ] GC(108)   Evacuate Collection Set: 31.33ms
[2026-04-03T01:49:44.098+0600][29.311s][info][gc,phases      ] GC(108)   Post Evacuate Collection Set: 0.51ms
[2026-04-03T01:49:44.098+0600][29.311s][info][gc,phases      ] GC(108)   Other: 0.11ms
[2026-04-03T01:49:44.098+0600][29.311s][info][gc,heap        ] GC(108) Eden regions: 36->0(29)
[2026-04-03T01:49:44.098+0600][29.311s][info][gc,heap        ] GC(108) Survivor regions: 9->6(6)
[2026-04-03T01:49:44.098+0600][29.311s][info][gc,heap        ] GC(108) Old regions: 31->42
[2026-04-03T01:49:44.098+0600][29.311s][info][gc,heap        ] GC(108) Humongous regions: 12->12
[2026-04-03T01:49:44.098+0600][29.311s][info][gc,metaspace   ] GC(108) Metaspace: 69369K(70272K)->69369K(70272K) NonClass: 60494K(60992K)->60494K(60992K) Class: 8875K(9280K)->8875K(9280K)
[2026-04-03T01:49:44.098+0600][29.311s][info][gc             ] GC(108) Pause Young (Mixed) (G1 Evacuation Pause) 169M->114M(228M) 33.055ms
[2026-04-03T01:49:44.098+0600][29.311s][info][gc,cpu         ] GC(108) User=0.16s Sys=0.00s Real=0.03s
[2026-04-03T01:49:44.190+0600][29.403s][info][gc,start       ] GC(109) Pause Young (Concurrent Start) (G1 Evacuation Pause)
[2026-04-03T01:49:44.190+0600][29.403s][info][gc,task        ] GC(109) Using 5 workers of 10 for evacuation
[2026-04-03T01:49:44.213+0600][29.426s][info][gc,phases      ] GC(109)   Pre Evacuate Collection Set: 0.43ms
[2026-04-03T01:49:44.213+0600][29.426s][info][gc,phases      ] GC(109)   Merge Heap Roots: 0.44ms
[2026-04-03T01:49:44.213+0600][29.426s][info][gc,phases      ] GC(109)   Evacuate Collection Set: 21.24ms
[2026-04-03T01:49:44.213+0600][29.426s][info][gc,phases      ] GC(109)   Post Evacuate Collection Set: 1.18ms
[2026-04-03T01:49:44.213+0600][29.426s][info][gc,phases      ] GC(109)   Other: 0.23ms
[2026-04-03T01:49:44.213+0600][29.426s][info][gc,heap        ] GC(109) Eden regions: 24->0(45)
[2026-04-03T01:49:44.213+0600][29.426s][info][gc,heap        ] GC(109) Survivor regions: 6->4(4)
[2026-04-03T01:49:44.213+0600][29.426s][info][gc,heap        ] GC(109) Old regions: 42->50
[2026-04-03T01:49:44.213+0600][29.426s][info][gc,heap        ] GC(109) Humongous regions: 12->12
[2026-04-03T01:49:44.213+0600][29.426s][info][gc,metaspace   ] GC(109) Metaspace: 69369K(70272K)->69369K(70272K) NonClass: 60494K(60992K)->60494K(60992K) Class: 8875K(9280K)->8875K(9280K)
[2026-04-03T01:49:44.214+0600][29.426s][info][gc             ] GC(109) Pause Young (Concurrent Start) (G1 Evacuation Pause) 162M->126M(456M) 23.840ms
[2026-04-03T01:49:44.214+0600][29.427s][info][gc             ] GC(110) Concurrent Mark Cycle
[2026-04-03T01:49:44.214+0600][29.427s][info][gc,cpu         ] GC(109) User=0.11s Sys=0.00s Real=0.03s
[2026-04-03T01:49:44.214+0600][29.427s][info][gc,marking     ] GC(110) Concurrent Scan Root Regions
[2026-04-03T01:49:44.220+0600][29.433s][info][gc,marking     ] GC(110) Concurrent Scan Root Regions 6.545ms
[2026-04-03T01:49:44.220+0600][29.433s][info][gc,marking     ] GC(110) Concurrent Mark
[2026-04-03T01:49:44.220+0600][29.433s][info][gc,marking     ] GC(110) Concurrent Mark From Roots
[2026-04-03T01:49:44.220+0600][29.433s][info][gc,task        ] GC(110) Using 3 workers of 3 for marking
[2026-04-03T01:49:44.292+0600][29.505s][info][gc,marking     ] GC(110) Concurrent Mark From Roots 71.894ms
[2026-04-03T01:49:44.292+0600][29.505s][info][gc,marking     ] GC(110) Concurrent Preclean
[2026-04-03T01:49:44.292+0600][29.505s][info][gc,marking     ] GC(110) Concurrent Preclean 0.118ms
[2026-04-03T01:49:44.293+0600][29.506s][info][gc,start       ] GC(110) Pause Remark
[2026-04-03T01:49:44.309+0600][29.521s][info][gc             ] GC(110) Pause Remark 149M->143M(420M) 15.791ms
[2026-04-03T01:49:44.309+0600][29.522s][info][gc,cpu         ] GC(110) User=0.07s Sys=0.01s Real=0.01s
[2026-04-03T01:49:44.309+0600][29.522s][info][gc,marking     ] GC(110) Concurrent Mark 88.556ms
[2026-04-03T01:49:44.309+0600][29.522s][info][gc,marking     ] GC(110) Concurrent Rebuild Remembered Sets and Scrub Regions
[2026-04-03T01:49:44.353+0600][29.566s][info][gc,marking     ] GC(110) Concurrent Rebuild Remembered Sets and Scrub Regions 44.253ms
[2026-04-03T01:49:44.353+0600][29.566s][info][gc,start       ] GC(110) Pause Cleanup
[2026-04-03T01:49:44.354+0600][29.567s][info][gc             ] GC(110) Pause Cleanup 158M->158M(420M) 0.445ms
[2026-04-03T01:49:44.354+0600][29.567s][info][gc,cpu         ] GC(110) User=0.00s Sys=0.00s Real=0.00s
[2026-04-03T01:49:44.354+0600][29.567s][info][gc,marking     ] GC(110) Concurrent Clear Claimed Marks
[2026-04-03T01:49:44.354+0600][29.567s][info][gc,marking     ] GC(110) Concurrent Clear Claimed Marks 0.230ms
[2026-04-03T01:49:44.354+0600][29.567s][info][gc,marking     ] GC(110) Concurrent Cleanup for Next Mark
[2026-04-03T01:49:44.356+0600][29.569s][info][gc,marking     ] GC(110) Concurrent Cleanup for Next Mark 1.998ms
[2026-04-03T01:49:44.357+0600][29.570s][info][gc             ] GC(110) Concurrent Mark Cycle 142.997ms
[2026-04-03T01:49:44.459+0600][29.671s][info][gc,start       ] GC(111) Pause Young (Prepare Mixed) (G1 Evacuation Pause)
[2026-04-03T01:49:44.459+0600][29.672s][info][gc,task        ] GC(111) Using 10 workers of 10 for evacuation
[2026-04-03T01:49:44.474+0600][29.687s][info][gc,phases      ] GC(111)   Pre Evacuate Collection Set: 0.46ms
[2026-04-03T01:49:44.474+0600][29.687s][info][gc,phases      ] GC(111)   Merge Heap Roots: 0.46ms
[2026-04-03T01:49:44.474+0600][29.687s][info][gc,phases      ] GC(111)   Evacuate Collection Set: 13.65ms
[2026-04-03T01:49:44.474+0600][29.687s][info][gc,phases      ] GC(111)   Post Evacuate Collection Set: 0.59ms
[2026-04-03T01:49:44.474+0600][29.687s][info][gc,phases      ] GC(111)   Other: 0.13ms
[2026-04-03T01:49:44.474+0600][29.687s][info][gc,heap        ] GC(111) Eden regions: 40->0(53)
[2026-04-03T01:49:44.474+0600][29.687s][info][gc,heap        ] GC(111) Survivor regions: 4->6(6)
[2026-04-03T01:49:44.474+0600][29.687s][info][gc,heap        ] GC(111) Old regions: 50->55
[2026-04-03T01:49:44.474+0600][29.687s][info][gc,heap        ] GC(111) Humongous regions: 12->12
[2026-04-03T01:49:44.474+0600][29.687s][info][gc,metaspace   ] GC(111) Metaspace: 69321K(70272K)->69321K(70272K) NonClass: 60460K(60992K)->60460K(60992K) Class: 8860K(9280K)->8860K(9280K)
[2026-04-03T01:49:44.474+0600][29.687s][info][gc             ] GC(111) Pause Young (Prepare Mixed) (G1 Evacuation Pause) 206M->140M(420M) 15.698ms
[2026-04-03T01:49:44.474+0600][29.687s][info][gc,cpu         ] GC(111) User=0.13s Sys=0.01s Real=0.02s
[2026-04-03T01:49:44.613+0600][29.826s][info][gc,start       ] GC(112) Pause Young (Mixed) (G1 Evacuation Pause)
[2026-04-03T01:49:44.614+0600][29.826s][info][gc,task        ] GC(112) Using 10 workers of 10 for evacuation
[2026-04-03T01:49:44.635+0600][29.848s][info][gc,phases      ] GC(112)   Pre Evacuate Collection Set: 0.27ms
[2026-04-03T01:49:44.635+0600][29.848s][info][gc,phases      ] GC(112)   Merge Heap Roots: 0.67ms
[2026-04-03T01:49:44.635+0600][29.848s][info][gc,phases      ] GC(112)   Evacuate Collection Set: 19.98ms
[2026-04-03T01:49:44.635+0600][29.848s][info][gc,phases      ] GC(112)   Post Evacuate Collection Set: 0.73ms
[2026-04-03T01:49:44.635+0600][29.848s][info][gc,phases      ] GC(112)   Other: 0.14ms
[2026-04-03T01:49:44.635+0600][29.848s][info][gc,heap        ] GC(112) Eden regions: 33->0(47)
[2026-04-03T01:49:44.636+0600][29.848s][info][gc,heap        ] GC(112) Survivor regions: 6->5(5)
[2026-04-03T01:49:44.636+0600][29.848s][info][gc,heap        ] GC(112) Old regions: 55->61
[2026-04-03T01:49:44.636+0600][29.848s][info][gc,heap        ] GC(112) Humongous regions: 18->18
[2026-04-03T01:49:44.636+0600][29.848s][info][gc,metaspace   ] GC(112) Metaspace: 69321K(70272K)->69321K(70272K) NonClass: 60460K(60992K)->60460K(60992K) Class: 8860K(9280K)->8860K(9280K)
[2026-04-03T01:49:44.636+0600][29.849s][info][gc             ] GC(112) Pause Young (Mixed) (G1 Evacuation Pause) 218M->163M(420M) 22.230ms
[2026-04-03T01:49:44.636+0600][29.849s][info][gc,cpu         ] GC(112) User=0.21s Sys=0.01s Real=0.02s
[2026-04-03T01:49:44.836+0600][30.049s][info][gc,start       ] GC(113) Pause Young (Concurrent Start) (G1 Evacuation Pause)
[2026-04-03T01:49:44.836+0600][30.049s][info][gc,task        ] GC(113) Using 10 workers of 10 for evacuation
[2026-04-03T01:49:44.852+0600][30.065s][info][gc,phases      ] GC(113)   Pre Evacuate Collection Set: 0.30ms
[2026-04-03T01:49:44.852+0600][30.065s][info][gc,phases      ] GC(113)   Merge Heap Roots: 0.45ms
[2026-04-03T01:49:44.852+0600][30.065s][info][gc,phases      ] GC(113)   Evacuate Collection Set: 14.83ms
[2026-04-03T01:49:44.852+0600][30.065s][info][gc,phases      ] GC(113)   Post Evacuate Collection Set: 0.64ms
[2026-04-03T01:49:44.852+0600][30.065s][info][gc,phases      ] GC(113)   Other: 0.14ms
[2026-04-03T01:49:44.852+0600][30.065s][info][gc,heap        ] GC(113) Eden regions: 41->0(66)
[2026-04-03T01:49:44.852+0600][30.065s][info][gc,heap        ] GC(113) Survivor regions: 5->4(6)
[2026-04-03T01:49:44.852+0600][30.065s][info][gc,heap        ] GC(113) Old regions: 61->67
[2026-04-03T01:49:44.853+0600][30.065s][info][gc,heap        ] GC(113) Humongous regions: 18->18
[2026-04-03T01:49:44.853+0600][30.065s][info][gc,metaspace   ] GC(113) Metaspace: 69444K(70336K)->69444K(70336K) NonClass: 60571K(61056K)->60571K(61056K) Class: 8872K(9280K)->8872K(9280K)
[2026-04-03T01:49:44.853+0600][30.066s][info][gc             ] GC(113) Pause Young (Concurrent Start) (G1 Evacuation Pause) 245M->171M(420M) 16.766ms
[2026-04-03T01:49:44.853+0600][30.066s][info][gc             ] GC(114) Concurrent Mark Cycle
[2026-04-03T01:49:44.853+0600][30.066s][info][gc,cpu         ] GC(113) User=0.13s Sys=0.00s Real=0.02s
[2026-04-03T01:49:44.853+0600][30.066s][info][gc,marking     ] GC(114) Concurrent Scan Root Regions
[2026-04-03T01:49:44.860+0600][30.073s][info][gc,marking     ] GC(114) Concurrent Scan Root Regions 7.429ms
[2026-04-03T01:49:44.860+0600][30.073s][info][gc,marking     ] GC(114) Concurrent Mark
[2026-04-03T01:49:44.860+0600][30.073s][info][gc,marking     ] GC(114) Concurrent Mark From Roots
[2026-04-03T01:49:44.860+0600][30.073s][info][gc,task        ] GC(114) Using 3 workers of 3 for marking
[2026-04-03T01:49:44.985+0600][30.198s][info][gc,marking     ] GC(114) Concurrent Mark From Roots 125.165ms
[2026-04-03T01:49:44.986+0600][30.199s][info][gc,marking     ] GC(114) Concurrent Preclean
[2026-04-03T01:49:44.986+0600][30.199s][info][gc,marking     ] GC(114) Concurrent Preclean 0.111ms
[2026-04-03T01:49:44.986+0600][30.199s][info][gc,start       ] GC(114) Pause Remark
[2026-04-03T01:49:44.990+0600][30.203s][info][gc             ] GC(114) Pause Remark 221M->209M(420M) 4.004ms
[2026-04-03T01:49:44.990+0600][30.203s][info][gc,cpu         ] GC(114) User=0.02s Sys=0.00s Real=0.01s
[2026-04-03T01:49:44.990+0600][30.203s][info][gc,marking     ] GC(114) Concurrent Mark 129.884ms
[2026-04-03T01:49:44.990+0600][30.203s][info][gc,marking     ] GC(114) Concurrent Rebuild Remembered Sets and Scrub Regions
[2026-04-03T01:49:45.041+0600][30.254s][info][gc,marking     ] GC(114) Concurrent Rebuild Remembered Sets and Scrub Regions 51.113ms
[2026-04-03T01:49:45.042+0600][30.255s][info][gc,start       ] GC(114) Pause Cleanup
[2026-04-03T01:49:45.042+0600][30.255s][info][gc             ] GC(114) Pause Cleanup 219M->219M(420M) 0.333ms
[2026-04-03T01:49:45.042+0600][30.255s][info][gc,cpu         ] GC(114) User=0.00s Sys=0.00s Real=0.00s
[2026-04-03T01:49:45.042+0600][30.255s][info][gc,marking     ] GC(114) Concurrent Clear Claimed Marks
[2026-04-03T01:49:45.042+0600][30.255s][info][gc,marking     ] GC(114) Concurrent Clear Claimed Marks 0.195ms
[2026-04-03T01:49:45.042+0600][30.255s][info][gc,marking     ] GC(114) Concurrent Cleanup for Next Mark
[2026-04-03T01:49:45.043+0600][30.256s][info][gc,marking     ] GC(114) Concurrent Cleanup for Next Mark 0.616ms
[2026-04-03T01:49:45.043+0600][30.256s][info][gc             ] GC(114) Concurrent Mark Cycle 190.374ms
[2026-04-03T01:49:45.321+0600][30.534s][info][gc,start       ] GC(115) Pause Young (Prepare Mixed) (G1 Evacuation Pause)
[2026-04-03T01:49:45.322+0600][30.534s][info][gc,task        ] GC(115) Using 10 workers of 10 for evacuation
[2026-04-03T01:49:45.350+0600][30.563s][info][gc,phases      ] GC(115)   Pre Evacuate Collection Set: 0.30ms
[2026-04-03T01:49:45.350+0600][30.563s][info][gc,phases      ] GC(115)   Merge Heap Roots: 0.30ms
[2026-04-03T01:49:45.350+0600][30.563s][info][gc,phases      ] GC(115)   Evacuate Collection Set: 26.77ms
[2026-04-03T01:49:45.350+0600][30.563s][info][gc,phases      ] GC(115)   Post Evacuate Collection Set: 1.00ms
[2026-04-03T01:49:45.350+0600][30.563s][info][gc,phases      ] GC(115)   Other: 0.15ms
[2026-04-03T01:49:45.350+0600][30.563s][info][gc,heap        ] GC(115) Eden regions: 64->0(27)
[2026-04-03T01:49:45.350+0600][30.563s][info][gc,heap        ] GC(115) Survivor regions: 4->9(9)
[2026-04-03T01:49:45.350+0600][30.563s][info][gc,heap        ] GC(115) Old regions: 67->73
[2026-04-03T01:49:45.350+0600][30.563s][info][gc,heap        ] GC(115) Humongous regions: 15->15
[2026-04-03T01:49:45.350+0600][30.563s][info][gc,metaspace   ] GC(115) Metaspace: 69579K(70464K)->69579K(70464K) NonClass: 60678K(61184K)->60678K(61184K) Class: 8901K(9280K)->8901K(9280K)
[2026-04-03T01:49:45.351+0600][30.563s][info][gc             ] GC(115) Pause Young (Prepare Mixed) (G1 Evacuation Pause) 293M->189M(420M) 29.138ms
[2026-04-03T01:49:45.351+0600][30.564s][info][gc,cpu         ] GC(115) User=0.25s Sys=0.02s Real=0.03s
[2026-04-03T01:49:45.557+0600][30.770s][info][gc,start       ] GC(116) Pause Young (Mixed) (G1 Evacuation Pause)
[2026-04-03T01:49:45.557+0600][30.770s][info][gc,task        ] GC(116) Using 10 workers of 10 for evacuation
[2026-04-03T01:49:45.604+0600][30.817s][info][gc,phases      ] GC(116)   Pre Evacuate Collection Set: 0.43ms
[2026-04-03T01:49:45.604+0600][30.817s][info][gc,phases      ] GC(116)   Merge Heap Roots: 0.41ms
[2026-04-03T01:49:45.604+0600][30.817s][info][gc,phases      ] GC(116)   Evacuate Collection Set: 45.67ms
[2026-04-03T01:49:45.604+0600][30.817s][info][gc,phases      ] GC(116)   Post Evacuate Collection Set: 0.67ms
[2026-04-03T01:49:45.604+0600][30.817s][info][gc,phases      ] GC(116)   Other: 0.13ms
[2026-04-03T01:49:45.604+0600][30.817s][info][gc,heap        ] GC(116) Eden regions: 31->0(35)
[2026-04-03T01:49:45.604+0600][30.817s][info][gc,heap        ] GC(116) Survivor regions: 9->5(5)
[2026-04-03T01:49:45.604+0600][30.817s][info][gc,heap        ] GC(116) Old regions: 73->87
[2026-04-03T01:49:45.604+0600][30.817s][info][gc,heap        ] GC(116) Humongous regions: 20->20
[2026-04-03T01:49:45.604+0600][30.817s][info][gc,metaspace   ] GC(116) Metaspace: 69579K(70464K)->69579K(70464K) NonClass: 60678K(61184K)->60678K(61184K) Class: 8901K(9280K)->8901K(9280K)
[2026-04-03T01:49:45.604+0600][30.817s][info][gc             ] GC(116) Pause Young (Mixed) (G1 Evacuation Pause) 261M->221M(420M) 47.785ms
[2026-04-03T01:49:45.605+0600][30.817s][info][gc,cpu         ] GC(116) User=0.37s Sys=0.02s Real=0.05s
[2026-04-03T01:49:45.893+0600][31.106s][info][gc,start       ] GC(117) Pause Young (Mixed) (G1 Evacuation Pause)
[2026-04-03T01:49:45.893+0600][31.106s][info][gc,task        ] GC(117) Using 10 workers of 10 for evacuation
[2026-04-03T01:49:45.937+0600][31.150s][info][gc,phases      ] GC(117)   Pre Evacuate Collection Set: 0.48ms
[2026-04-03T01:49:45.937+0600][31.150s][info][gc,phases      ] GC(117)   Merge Heap Roots: 0.59ms
[2026-04-03T01:49:45.937+0600][31.150s][info][gc,phases      ] GC(117)   Evacuate Collection Set: 39.47ms
[2026-04-03T01:49:45.937+0600][31.150s][info][gc,phases      ] GC(117)   Post Evacuate Collection Set: 2.54ms
[2026-04-03T01:49:45.937+0600][31.150s][info][gc,phases      ] GC(117)   Other: 0.15ms
[2026-04-03T01:49:45.937+0600][31.150s][info][gc,heap        ] GC(117) Eden regions: 41->0(28)
[2026-04-03T01:49:45.937+0600][31.150s][info][gc,heap        ] GC(117) Survivor regions: 5->6(6)
[2026-04-03T01:49:45.937+0600][31.150s][info][gc,heap        ] GC(117) Old regions: 87->105
[2026-04-03T01:49:45.937+0600][31.150s][info][gc,heap        ] GC(117) Humongous regions: 33->33
[2026-04-03T01:49:45.937+0600][31.150s][info][gc,metaspace   ] GC(117) Metaspace: 69585K(70464K)->69585K(70464K) NonClass: 60683K(61184K)->60683K(61184K) Class: 8901K(9280K)->8901K(9280K)
[2026-04-03T01:49:45.937+0600][31.150s][info][gc             ] GC(117) Pause Young (Mixed) (G1 Evacuation Pause) 329M->285M(850M) 43.614ms
[2026-04-03T01:49:45.937+0600][31.150s][info][gc,cpu         ] GC(117) User=0.34s Sys=0.04s Real=0.04s
[2026-04-03T01:49:46.001+0600][31.214s][info][gc,start       ] GC(118) Pause Young (Normal) (G1 Evacuation Pause)
[2026-04-03T01:49:46.001+0600][31.214s][info][gc,task        ] GC(118) Using 10 workers of 10 for evacuation
[2026-04-03T01:49:46.025+0600][31.238s][info][gc,phases      ] GC(118)   Pre Evacuate Collection Set: 0.33ms
[2026-04-03T01:49:46.025+0600][31.238s][info][gc,phases      ] GC(118)   Merge Heap Roots: 0.63ms
[2026-04-03T01:49:46.025+0600][31.238s][info][gc,phases      ] GC(118)   Evacuate Collection Set: 22.12ms
[2026-04-03T01:49:46.025+0600][31.238s][info][gc,phases      ] GC(118)   Post Evacuate Collection Set: 0.78ms
[2026-04-03T01:49:46.025+0600][31.238s][info][gc,phases      ] GC(118)   Other: 0.23ms
[2026-04-03T01:49:46.025+0600][31.238s][info][gc,heap        ] GC(118) Eden regions: 16->0(34)
[2026-04-03T01:49:46.025+0600][31.238s][info][gc,heap        ] GC(118) Survivor regions: 6->3(3)
[2026-04-03T01:49:46.025+0600][31.238s][info][gc,heap        ] GC(118) Old regions: 105->114
[2026-04-03T01:49:46.025+0600][31.238s][info][gc,heap        ] GC(118) Humongous regions: 33->33
[2026-04-03T01:49:46.025+0600][31.238s][info][gc,metaspace   ] GC(118) Metaspace: 69679K(70528K)->69679K(70528K) NonClass: 60765K(61248K)->60765K(61248K) Class: 8914K(9280K)->8914K(9280K)
[2026-04-03T01:49:46.025+0600][31.238s][info][gc             ] GC(118) Pause Young (Normal) (G1 Evacuation Pause) 317M->297M(850M) 24.667ms
[2026-04-03T01:49:46.026+0600][31.238s][info][gc,cpu         ] GC(118) User=0.21s Sys=0.02s Real=0.02s
[2026-04-03T01:49:46.221+0600][31.434s][info][gc,start       ] GC(119) Pause Young (Normal) (G1 Evacuation Pause)
[2026-04-03T01:49:46.221+0600][31.434s][info][gc,task        ] GC(119) Using 10 workers of 10 for evacuation
[2026-04-03T01:49:46.241+0600][31.454s][info][gc,phases      ] GC(119)   Pre Evacuate Collection Set: 0.27ms
[2026-04-03T01:49:46.241+0600][31.454s][info][gc,phases      ] GC(119)   Merge Heap Roots: 0.72ms
[2026-04-03T01:49:46.241+0600][31.454s][info][gc,phases      ] GC(119)   Evacuate Collection Set: 17.96ms
[2026-04-03T01:49:46.241+0600][31.454s][info][gc,phases      ] GC(119)   Post Evacuate Collection Set: 0.74ms
[2026-04-03T01:49:46.241+0600][31.454s][info][gc,phases      ] GC(119)   Other: 0.11ms
[2026-04-03T01:49:46.241+0600][31.454s][info][gc,heap        ] GC(119) Eden regions: 24->0(35)
[2026-04-03T01:49:46.241+0600][31.454s][info][gc,heap        ] GC(119) Survivor regions: 3->4(4)
[2026-04-03T01:49:46.241+0600][31.454s][info][gc,heap        ] GC(119) Old regions: 114->118
[2026-04-03T01:49:46.241+0600][31.454s][info][gc,heap        ] GC(119) Humongous regions: 33->33
[2026-04-03T01:49:46.241+0600][31.454s][info][gc,metaspace   ] GC(119) Metaspace: 69781K(70592K)->69781K(70592K) NonClass: 60860K(61312K)->60860K(61312K) Class: 8920K(9280K)->8920K(9280K)
[2026-04-03T01:49:46.241+0600][31.454s][info][gc             ] GC(119) Pause Young (Normal) (G1 Evacuation Pause) 345M->307M(850M) 20.139ms
[2026-04-03T01:49:46.242+0600][31.454s][info][gc,cpu         ] GC(119) User=0.18s Sys=0.01s Real=0.02s
[2026-04-03T01:49:46.528+0600][31.741s][info][gc,start       ] GC(120) Pause Young (Normal) (G1 Evacuation Pause)
[2026-04-03T01:49:46.529+0600][31.742s][info][gc,task        ] GC(120) Using 10 workers of 10 for evacuation
[2026-04-03T01:49:46.556+0600][31.769s][info][gc,phases      ] GC(120)   Pre Evacuate Collection Set: 0.38ms
[2026-04-03T01:49:46.556+0600][31.769s][info][gc,phases      ] GC(120)   Merge Heap Roots: 0.34ms
[2026-04-03T01:49:46.556+0600][31.769s][info][gc,phases      ] GC(120)   Evacuate Collection Set: 25.35ms
[2026-04-03T01:49:46.556+0600][31.769s][info][gc,phases      ] GC(120)   Post Evacuate Collection Set: 0.84ms
[2026-04-03T01:49:46.556+0600][31.769s][info][gc,phases      ] GC(120)   Other: 0.12ms
[2026-04-03T01:49:46.556+0600][31.769s][info][gc,heap        ] GC(120) Eden regions: 60->0(26)
[2026-04-03T01:49:46.556+0600][31.769s][info][gc,heap        ] GC(120) Survivor regions: 4->8(8)
[2026-04-03T01:49:46.556+0600][31.769s][info][gc,heap        ] GC(120) Old regions: 118->119
[2026-04-03T01:49:46.556+0600][31.769s][info][gc,heap        ] GC(120) Humongous regions: 36->36
[2026-04-03T01:49:46.556+0600][31.769s][info][gc,metaspace   ] GC(120) Metaspace: 69784K(70592K)->69784K(70592K) NonClass: 60863K(61312K)->60863K(61312K) Class: 8920K(9280K)->8920K(9280K)
[2026-04-03T01:49:46.556+0600][31.769s][info][gc             ] GC(120) Pause Young (Normal) (G1 Evacuation Pause) 433M->323M(850M) 27.407ms
[2026-04-03T01:49:46.556+0600][31.769s][info][gc,cpu         ] GC(120) User=0.21s Sys=0.03s Real=0.03s
[2026-04-03T01:49:46.656+0600][31.869s][info][gc,start       ] GC(121) Pause Young (Normal) (G1 Evacuation Pause)
[2026-04-03T01:49:46.656+0600][31.869s][info][gc,task        ] GC(121) Using 10 workers of 10 for evacuation
[2026-04-03T01:49:46.690+0600][31.903s][info][gc,phases      ] GC(121)   Pre Evacuate Collection Set: 0.57ms
[2026-04-03T01:49:46.690+0600][31.903s][info][gc,phases      ] GC(121)   Merge Heap Roots: 0.76ms
[2026-04-03T01:49:46.690+0600][31.903s][info][gc,phases      ] GC(121)   Evacuate Collection Set: 29.35ms
[2026-04-03T01:49:46.690+0600][31.903s][info][gc,phases      ] GC(121)   Post Evacuate Collection Set: 2.79ms
[2026-04-03T01:49:46.690+0600][31.903s][info][gc,phases      ] GC(121)   Other: 0.15ms
[2026-04-03T01:49:46.690+0600][31.903s][info][gc,heap        ] GC(121) Eden regions: 37->0(51)
[2026-04-03T01:49:46.690+0600][31.903s][info][gc,heap        ] GC(121) Survivor regions: 8->5(6)
[2026-04-03T01:49:46.690+0600][31.903s][info][gc,heap        ] GC(121) Old regions: 119->127
[2026-04-03T01:49:46.690+0600][31.903s][info][gc,heap        ] GC(121) Humongous regions: 42->42
[2026-04-03T01:49:46.690+0600][31.903s][info][gc,metaspace   ] GC(121) Metaspace: 69784K(70592K)->69784K(70592K) NonClass: 60863K(61312K)->60863K(61312K) Class: 8920K(9280K)->8920K(9280K)
[2026-04-03T01:49:46.690+0600][31.903s][info][gc             ] GC(121) Pause Young (Normal) (G1 Evacuation Pause) 409M->344M(1466M) 34.037ms
[2026-04-03T01:49:46.690+0600][31.903s][info][gc,cpu         ] GC(121) User=0.29s Sys=0.01s Real=0.04s
[2026-04-03T01:49:46.958+0600][32.170s][info][gc,start       ] GC(122) Pause Young (Normal) (G1 Evacuation Pause)
[2026-04-03T01:49:46.958+0600][32.171s][info][gc,task        ] GC(122) Using 10 workers of 10 for evacuation
[2026-04-03T01:49:46.989+0600][32.202s][info][gc,phases      ] GC(122)   Pre Evacuate Collection Set: 0.40ms
[2026-04-03T01:49:46.989+0600][32.202s][info][gc,phases      ] GC(122)   Merge Heap Roots: 0.35ms
[2026-04-03T01:49:46.989+0600][32.202s][info][gc,phases      ] GC(122)   Evacuate Collection Set: 29.61ms
[2026-04-03T01:49:46.989+0600][32.202s][info][gc,phases      ] GC(122)   Post Evacuate Collection Set: 0.62ms
[2026-04-03T01:49:46.989+0600][32.202s][info][gc,phases      ] GC(122)   Other: 0.15ms
[2026-04-03T01:49:46.989+0600][32.202s][info][gc,heap        ] GC(122) Eden regions: 93->0(37)
[2026-04-03T01:49:46.989+0600][32.202s][info][gc,heap        ] GC(122) Survivor regions: 5->12(13)
[2026-04-03T01:49:46.989+0600][32.202s][info][gc,heap        ] GC(122) Old regions: 127->127
[2026-04-03T01:49:46.989+0600][32.202s][info][gc,heap        ] GC(122) Humongous regions: 45->45
[2026-04-03T01:49:46.989+0600][32.202s][info][gc,metaspace   ] GC(122) Metaspace: 69788K(70592K)->69788K(70592K) NonClass: 60867K(61312K)->60867K(61312K) Class: 8920K(9280K)->8920K(9280K)
[2026-04-03T01:49:46.989+0600][32.202s][info][gc             ] GC(122) Pause Young (Normal) (G1 Evacuation Pause) 536M->365M(1466M) 31.485ms
[2026-04-03T01:49:46.989+0600][32.202s][info][gc,cpu         ] GC(122) User=0.26s Sys=0.04s Real=0.03s
[2026-04-03T01:49:47.099+0600][32.312s][info][gc,start       ] GC(123) Pause Young (Normal) (G1 Evacuation Pause)
[2026-04-03T01:49:47.099+0600][32.312s][info][gc,task        ] GC(123) Using 10 workers of 10 for evacuation
[2026-04-03T01:49:47.140+0600][32.353s][info][gc,phases      ] GC(123)   Pre Evacuate Collection Set: 0.55ms
[2026-04-03T01:49:47.140+0600][32.353s][info][gc,phases      ] GC(123)   Merge Heap Roots: 1.34ms
[2026-04-03T01:49:47.140+0600][32.353s][info][gc,phases      ] GC(123)   Evacuate Collection Set: 38.05ms
[2026-04-03T01:49:47.140+0600][32.353s][info][gc,phases      ] GC(123)   Post Evacuate Collection Set: 0.81ms
[2026-04-03T01:49:47.140+0600][32.353s][info][gc,phases      ] GC(123)   Other: 0.16ms
[2026-04-03T01:49:47.140+0600][32.353s][info][gc,heap        ] GC(123) Eden regions: 46->0(62)
[2026-04-03T01:49:47.140+0600][32.353s][info][gc,heap        ] GC(123) Survivor regions: 12->5(8)
[2026-04-03T01:49:47.140+0600][32.353s][info][gc,heap        ] GC(123) Old regions: 127->139
[2026-04-03T01:49:47.140+0600][32.353s][info][gc,heap        ] GC(123) Humongous regions: 51->51
[2026-04-03T01:49:47.140+0600][32.353s][info][gc,metaspace   ] GC(123) Metaspace: 69788K(70592K)->69788K(70592K) NonClass: 60867K(61312K)->60867K(61312K) Class: 8920K(9280K)->8920K(9280K)
[2026-04-03T01:49:47.140+0600][32.353s][info][gc             ] GC(123) Pause Young (Normal) (G1 Evacuation Pause) 469M->386M(1466M) 41.345ms
[2026-04-03T01:49:47.141+0600][32.353s][info][gc,cpu         ] GC(123) User=0.36s Sys=0.00s Real=0.05s
[2026-04-03T01:49:47.306+0600][32.519s][info][gc,start       ] GC(124) Pause Young (Normal) (G1 Evacuation Pause)
[2026-04-03T01:49:47.306+0600][32.519s][info][gc,task        ] GC(124) Using 10 workers of 10 for evacuation
[2026-04-03T01:49:47.327+0600][32.540s][info][gc,phases      ] GC(124)   Pre Evacuate Collection Set: 0.47ms
[2026-04-03T01:49:47.327+0600][32.540s][info][gc,phases      ] GC(124)   Merge Heap Roots: 0.94ms
[2026-04-03T01:49:47.327+0600][32.540s][info][gc,phases      ] GC(124)   Evacuate Collection Set: 19.17ms
[2026-04-03T01:49:47.327+0600][32.540s][info][gc,phases      ] GC(124)   Post Evacuate Collection Set: 0.81ms
[2026-04-03T01:49:47.327+0600][32.540s][info][gc,phases      ] GC(124)   Other: 0.14ms
[2026-04-03T01:49:47.327+0600][32.540s][info][gc,heap        ] GC(124) Eden regions: 48->0(53)
[2026-04-03T01:49:47.327+0600][32.540s][info][gc,heap        ] GC(124) Survivor regions: 5->5(7)
[2026-04-03T01:49:47.327+0600][32.540s][info][gc,heap        ] GC(124) Old regions: 139->143
[2026-04-03T01:49:47.327+0600][32.540s][info][gc,heap        ] GC(124) Humongous regions: 51->51
[2026-04-03T01:49:47.327+0600][32.540s][info][gc,metaspace   ] GC(124) Metaspace: 69788K(70592K)->69788K(70592K) NonClass: 60867K(61312K)->60867K(61312K) Class: 8920K(9280K)->8920K(9280K)
[2026-04-03T01:49:47.328+0600][32.540s][info][gc             ] GC(124) Pause Young (Normal) (G1 Evacuation Pause) 482M->394M(1466M) 21.969ms
[2026-04-03T01:49:47.328+0600][32.541s][info][gc,cpu         ] GC(124) User=0.19s Sys=0.00s Real=0.02s
[2026-04-03T01:49:47.482+0600][32.695s][info][gc,start       ] GC(125) Pause Young (Normal) (G1 Evacuation Pause)
[2026-04-03T01:49:47.482+0600][32.695s][info][gc,task        ] GC(125) Using 10 workers of 10 for evacuation
[2026-04-03T01:49:47.509+0600][32.722s][info][gc,phases      ] GC(125)   Pre Evacuate Collection Set: 0.34ms
[2026-04-03T01:49:47.509+0600][32.722s][info][gc,phases      ] GC(125)   Merge Heap Roots: 1.30ms
[2026-04-03T01:49:47.509+0600][32.722s][info][gc,phases      ] GC(125)   Evacuate Collection Set: 22.53ms
[2026-04-03T01:49:47.509+0600][32.722s][info][gc,phases      ] GC(125)   Post Evacuate Collection Set: 2.48ms
[2026-04-03T01:49:47.509+0600][32.722s][info][gc,phases      ] GC(125)   Other: 0.13ms
[2026-04-03T01:49:47.509+0600][32.722s][info][gc,heap        ] GC(125) Eden regions: 63->0(40)
[2026-04-03T01:49:47.509+0600][32.722s][info][gc,heap        ] GC(125) Survivor regions: 5->9(9)
[2026-04-03T01:49:47.509+0600][32.722s][info][gc,heap        ] GC(125) Old regions: 143->143
[2026-04-03T01:49:47.509+0600][32.722s][info][gc,heap        ] GC(125) Humongous regions: 51->51
[2026-04-03T01:49:47.509+0600][32.722s][info][gc,metaspace   ] GC(125) Metaspace: 69788K(70592K)->69788K(70592K) NonClass: 60867K(61312K)->60867K(61312K) Class: 8920K(9280K)->8920K(9280K)
[2026-04-03T01:49:47.509+0600][32.722s][info][gc             ] GC(125) Pause Young (Normal) (G1 Evacuation Pause) 520M->401M(1996M) 27.127ms
[2026-04-03T01:49:47.509+0600][32.722s][info][gc,cpu         ] GC(125) User=0.22s Sys=0.00s Real=0.02s
[2026-04-03T01:49:47.684+0600][32.897s][info][gc,start       ] GC(126) Pause Young (Normal) (G1 Evacuation Pause)
[2026-04-03T01:49:47.684+0600][32.897s][info][gc,task        ] GC(126) Using 10 workers of 10 for evacuation
[2026-04-03T01:49:47.710+0600][32.923s][info][gc,phases      ] GC(126)   Pre Evacuate Collection Set: 0.45ms
[2026-04-03T01:49:47.710+0600][32.923s][info][gc,phases      ] GC(126)   Merge Heap Roots: 0.94ms
[2026-04-03T01:49:47.710+0600][32.923s][info][gc,phases      ] GC(126)   Evacuate Collection Set: 22.82ms
[2026-04-03T01:49:47.710+0600][32.923s][info][gc,phases      ] GC(126)   Post Evacuate Collection Set: 0.77ms
[2026-04-03T01:49:47.710+0600][32.923s][info][gc,phases      ] GC(126)   Other: 0.24ms
[2026-04-03T01:49:47.710+0600][32.923s][info][gc,heap        ] GC(126) Eden regions: 45->0(82)
[2026-04-03T01:49:47.710+0600][32.923s][info][gc,heap        ] GC(126) Survivor regions: 9->5(7)
[2026-04-03T01:49:47.710+0600][32.923s][info][gc,heap        ] GC(126) Old regions: 143->150
[2026-04-03T01:49:47.710+0600][32.923s][info][gc,heap        ] GC(126) Humongous regions: 51->51
[2026-04-03T01:49:47.710+0600][32.923s][info][gc,metaspace   ] GC(126) Metaspace: 69792K(70592K)->69792K(70592K) NonClass: 60872K(61312K)->60872K(61312K) Class: 8920K(9280K)->8920K(9280K)
[2026-04-03T01:49:47.710+0600][32.923s][info][gc             ] GC(126) Pause Young (Normal) (G1 Evacuation Pause) 491M->407M(1996M) 25.824ms
[2026-04-03T01:49:47.710+0600][32.923s][info][gc,cpu         ] GC(126) User=0.20s Sys=0.01s Real=0.03s
[2026-04-03T01:49:47.916+0600][33.129s][info][gc,start       ] GC(127) Pause Young (Normal) (G1 Evacuation Pause)
[2026-04-03T01:49:47.916+0600][33.129s][info][gc,task        ] GC(127) Using 10 workers of 10 for evacuation
[2026-04-03T01:49:47.937+0600][33.150s][info][gc,phases      ] GC(127)   Pre Evacuate Collection Set: 0.54ms
[2026-04-03T01:49:47.938+0600][33.151s][info][gc,phases      ] GC(127)   Merge Heap Roots: 1.09ms
[2026-04-03T01:49:47.938+0600][33.151s][info][gc,phases      ] GC(127)   Evacuate Collection Set: 18.74ms
[2026-04-03T01:49:47.938+0600][33.151s][info][gc,phases      ] GC(127)   Post Evacuate Collection Set: 0.79ms
[2026-04-03T01:49:47.938+0600][33.151s][info][gc,phases      ] GC(127)   Other: 0.13ms
[2026-04-03T01:49:47.938+0600][33.151s][info][gc,heap        ] GC(127) Eden regions: 71->0(70)
[2026-04-03T01:49:47.938+0600][33.151s][info][gc,heap        ] GC(127) Survivor regions: 5->8(10)
[2026-04-03T01:49:47.938+0600][33.151s][info][gc,heap        ] GC(127) Old regions: 150->150
[2026-04-03T01:49:47.938+0600][33.151s][info][gc,heap        ] GC(127) Humongous regions: 51->51
[2026-04-03T01:49:47.938+0600][33.151s][info][gc,metaspace   ] GC(127) Metaspace: 69792K(70592K)->69792K(70592K) NonClass: 60872K(61312K)->60872K(61312K) Class: 8920K(9280K)->8920K(9280K)
[2026-04-03T01:49:47.938+0600][33.151s][info][gc             ] GC(127) Pause Young (Normal) (G1 Evacuation Pause) 549M->415M(1996M) 21.910ms
[2026-04-03T01:49:47.938+0600][33.151s][info][gc,cpu         ] GC(127) User=0.18s Sys=0.02s Real=0.02s
[2026-04-03T01:49:48.150+0600][33.363s][info][gc,start       ] GC(128) Pause Young (Normal) (G1 Evacuation Pause)
[2026-04-03T01:49:48.150+0600][33.363s][info][gc,task        ] GC(128) Using 10 workers of 10 for evacuation
[2026-04-03T01:49:48.180+0600][33.393s][info][gc,phases      ] GC(128)   Pre Evacuate Collection Set: 0.53ms
[2026-04-03T01:49:48.180+0600][33.393s][info][gc,phases      ] GC(128)   Merge Heap Roots: 1.16ms
[2026-04-03T01:49:48.180+0600][33.393s][info][gc,phases      ] GC(128)   Evacuate Collection Set: 27.48ms
[2026-04-03T01:49:48.180+0600][33.393s][info][gc,phases      ] GC(128)   Post Evacuate Collection Set: 1.01ms
[2026-04-03T01:49:48.180+0600][33.393s][info][gc,phases      ] GC(128)   Other: 0.12ms
[2026-04-03T01:49:48.180+0600][33.393s][info][gc,heap        ] GC(128) Eden regions: 78->0(64)
[2026-04-03T01:49:48.181+0600][33.393s][info][gc,heap        ] GC(128) Survivor regions: 8->10(11)
[2026-04-03T01:49:48.181+0600][33.393s][info][gc,heap        ] GC(128) Old regions: 150->153
[2026-04-03T01:49:48.181+0600][33.393s][info][gc,heap        ] GC(128) Humongous regions: 51->51
[2026-04-03T01:49:48.181+0600][33.393s][info][gc,metaspace   ] GC(128) Metaspace: 69792K(70592K)->69792K(70592K) NonClass: 60872K(61312K)->60872K(61312K) Class: 8920K(9280K)->8920K(9280K)
[2026-04-03T01:49:48.181+0600][33.394s][info][gc             ] GC(128) Pause Young (Normal) (G1 Evacuation Pause) 571M->423M(1996M) 30.747ms
[2026-04-03T01:49:48.181+0600][33.394s][info][gc,cpu         ] GC(128) User=0.22s Sys=0.04s Real=0.03s
[2026-04-03T01:49:48.398+0600][33.611s][info][gc,start       ] GC(129) Pause Young (Normal) (G1 Evacuation Pause)
[2026-04-03T01:49:48.398+0600][33.611s][info][gc,task        ] GC(129) Using 10 workers of 10 for evacuation
[2026-04-03T01:49:48.431+0600][33.644s][info][gc,phases      ] GC(129)   Pre Evacuate Collection Set: 0.72ms
[2026-04-03T01:49:48.431+0600][33.644s][info][gc,phases      ] GC(129)   Merge Heap Roots: 1.42ms
[2026-04-03T01:49:48.431+0600][33.644s][info][gc,phases      ] GC(129)   Evacuate Collection Set: 29.13ms
[2026-04-03T01:49:48.431+0600][33.644s][info][gc,phases      ] GC(129)   Post Evacuate Collection Set: 1.32ms
[2026-04-03T01:49:48.431+0600][33.644s][info][gc,phases      ] GC(129)   Other: 0.19ms
[2026-04-03T01:49:48.431+0600][33.644s][info][gc,heap        ] GC(129) Eden regions: 77->0(72)
[2026-04-03T01:49:48.431+0600][33.644s][info][gc,heap        ] GC(129) Survivor regions: 10->10(11)
[2026-04-03T01:49:48.431+0600][33.644s][info][gc,heap        ] GC(129) Old regions: 153->156
[2026-04-03T01:49:48.431+0600][33.644s][info][gc,heap        ] GC(129) Humongous regions: 61->61
[2026-04-03T01:49:48.431+0600][33.644s][info][gc,metaspace   ] GC(129) Metaspace: 69792K(70592K)->69792K(70592K) NonClass: 60872K(61312K)->60872K(61312K) Class: 8920K(9280K)->8920K(9280K)
[2026-04-03T01:49:48.431+0600][33.644s][info][gc             ] GC(129) Pause Young (Normal) (G1 Evacuation Pause) 597M->450M(2226M) 33.129ms
[2026-04-03T01:49:48.431+0600][33.644s][info][gc,cpu         ] GC(129) User=0.25s Sys=0.02s Real=0.04s
[2026-04-03T01:49:48.641+0600][33.854s][info][gc,start       ] GC(130) Pause Young (Normal) (G1 Evacuation Pause)
[2026-04-03T01:49:48.641+0600][33.854s][info][gc,task        ] GC(130) Using 10 workers of 10 for evacuation
[2026-04-03T01:49:48.691+0600][33.904s][info][gc,phases      ] GC(130)   Pre Evacuate Collection Set: 0.50ms
[2026-04-03T01:49:48.691+0600][33.904s][info][gc,phases      ] GC(130)   Merge Heap Roots: 1.96ms
[2026-04-03T01:49:48.691+0600][33.904s][info][gc,phases      ] GC(130)   Evacuate Collection Set: 45.59ms
[2026-04-03T01:49:48.691+0600][33.904s][info][gc,phases      ] GC(130)   Post Evacuate Collection Set: 1.05ms
[2026-04-03T01:49:48.691+0600][33.904s][info][gc,phases      ] GC(130)   Other: 0.15ms
[2026-04-03T01:49:48.691+0600][33.904s][info][gc,heap        ] GC(130) Eden regions: 52->0(110)
[2026-04-03T01:49:48.691+0600][33.904s][info][gc,heap        ] GC(130) Survivor regions: 10->5(8)
[2026-04-03T01:49:48.691+0600][33.904s][info][gc,heap        ] GC(130) Old regions: 156->165
[2026-04-03T01:49:48.691+0600][33.904s][info][gc,heap        ] GC(130) Humongous regions: 66->66
[2026-04-03T01:49:48.691+0600][33.904s][info][gc,metaspace   ] GC(130) Metaspace: 69792K(70592K)->69792K(70592K) NonClass: 60872K(61312K)->60872K(61312K) Class: 8920K(9280K)->8920K(9280K)
[2026-04-03T01:49:48.691+0600][33.904s][info][gc             ] GC(130) Pause Young (Normal) (G1 Evacuation Pause) 564M->468M(2226M) 49.693ms
[2026-04-03T01:49:48.691+0600][33.904s][info][gc,cpu         ] GC(130) User=0.36s Sys=0.01s Real=0.05s
[2026-04-03T01:49:48.899+0600][34.112s][info][gc,start       ] GC(131) Pause Young (Normal) (G1 Evacuation Pause)
[2026-04-03T01:49:48.899+0600][34.112s][info][gc,task        ] GC(131) Using 10 workers of 10 for evacuation
[2026-04-03T01:49:48.925+0600][34.138s][info][gc,phases      ] GC(131)   Pre Evacuate Collection Set: 0.30ms
[2026-04-03T01:49:48.925+0600][34.138s][info][gc,phases      ] GC(131)   Merge Heap Roots: 1.47ms
[2026-04-03T01:49:48.925+0600][34.138s][info][gc,phases      ] GC(131)   Evacuate Collection Set: 22.87ms
[2026-04-03T01:49:48.925+0600][34.138s][info][gc,phases      ] GC(131)   Post Evacuate Collection Set: 0.81ms
[2026-04-03T01:49:48.925+0600][34.138s][info][gc,phases      ] GC(131)   Other: 0.12ms
[2026-04-03T01:49:48.925+0600][34.138s][info][gc,heap        ] GC(131) Eden regions: 73->0(110)
[2026-04-03T01:49:48.925+0600][34.138s][info][gc,heap        ] GC(131) Survivor regions: 5->8(10)
[2026-04-03T01:49:48.925+0600][34.138s][info][gc,heap        ] GC(131) Old regions: 165->165
[2026-04-03T01:49:48.925+0600][34.138s][info][gc,heap        ] GC(131) Humongous regions: 66->66
[2026-04-03T01:49:48.925+0600][34.138s][info][gc,metaspace   ] GC(131) Metaspace: 69792K(70592K)->69792K(70592K) NonClass: 60872K(61312K)->60872K(61312K) Class: 8920K(9280K)->8920K(9280K)
[2026-04-03T01:49:48.925+0600][34.138s][info][gc             ] GC(131) Pause Young (Normal) (G1 Evacuation Pause) 614M->474M(2226M) 25.898ms
[2026-04-03T01:49:48.925+0600][34.138s][info][gc,cpu         ] GC(131) User=0.23s Sys=0.02s Real=0.03s
[2026-04-03T01:49:50.486+0600][35.699s][info][gc,start       ] GC(132) Pause Young (Normal) (G1 Evacuation Pause)
[2026-04-03T01:49:50.486+0600][35.699s][info][gc,task        ] GC(132) Using 10 workers of 10 for evacuation
[2026-04-03T01:49:50.538+0600][35.751s][info][gc,mmu         ] GC(132) MMU target violated: 51.0ms (50.0ms/51.0ms)
[2026-04-03T01:49:50.538+0600][35.751s][info][gc,phases      ] GC(132)   Pre Evacuate Collection Set: 0.57ms
[2026-04-03T01:49:50.538+0600][35.751s][info][gc,phases      ] GC(132)   Merge Heap Roots: 2.03ms
[2026-04-03T01:49:50.538+0600][35.751s][info][gc,phases      ] GC(132)   Evacuate Collection Set: 47.42ms
[2026-04-03T01:49:50.538+0600][35.751s][info][gc,phases      ] GC(132)   Post Evacuate Collection Set: 0.99ms
[2026-04-03T01:49:50.538+0600][35.751s][info][gc,phases      ] GC(132)   Other: 0.28ms
[2026-04-03T01:49:50.538+0600][35.751s][info][gc,heap        ] GC(132) Eden regions: 47->0(81)
[2026-04-03T01:49:50.538+0600][35.751s][info][gc,heap        ] GC(132) Survivor regions: 8->3(7)
[2026-04-03T01:49:50.538+0600][35.751s][info][gc,heap        ] GC(132) Old regions: 165->172
[2026-04-03T01:49:50.538+0600][35.751s][info][gc,heap        ] GC(132) Humongous regions: 72->72
[2026-04-03T01:49:50.538+0600][35.751s][info][gc,metaspace   ] GC(132) Metaspace: 69956K(70848K)->69956K(70848K) NonClass: 61018K(61504K)->61018K(61504K) Class: 8937K(9344K)->8937K(9344K)
[2026-04-03T01:49:50.538+0600][35.751s][info][gc             ] GC(132) Pause Young (Normal) (G1 Evacuation Pause) 580M->490M(2226M) 51.626ms
[2026-04-03T01:49:50.538+0600][35.751s][info][gc,cpu         ] GC(132) User=0.42s Sys=0.01s Real=0.05s
[2026-04-03T01:49:51.142+0600][36.355s][info][gc,start       ] GC(133) Pause Young (Normal) (G1 Evacuation Pause)
[2026-04-03T01:49:51.142+0600][36.355s][info][gc,task        ] GC(133) Using 10 workers of 10 for evacuation
[2026-04-03T01:49:51.216+0600][36.429s][info][gc,mmu         ] GC(133) MMU target violated: 51.0ms (50.0ms/51.0ms)
[2026-04-03T01:49:51.216+0600][36.429s][info][gc,phases      ] GC(133)   Pre Evacuate Collection Set: 0.46ms
[2026-04-03T01:49:51.216+0600][36.429s][info][gc,phases      ] GC(133)   Merge Heap Roots: 1.65ms
[2026-04-03T01:49:51.216+0600][36.429s][info][gc,phases      ] GC(133)   Evacuate Collection Set: 70.10ms
[2026-04-03T01:49:51.216+0600][36.429s][info][gc,phases      ] GC(133)   Post Evacuate Collection Set: 1.15ms
[2026-04-03T01:49:51.216+0600][36.429s][info][gc,phases      ] GC(133)   Other: 0.24ms
[2026-04-03T01:49:51.216+0600][36.429s][info][gc,heap        ] GC(133) Eden regions: 64->0(46)
[2026-04-03T01:49:51.216+0600][36.429s][info][gc,heap        ] GC(133) Survivor regions: 3->9(9)
[2026-04-03T01:49:51.216+0600][36.429s][info][gc,heap        ] GC(133) Old regions: 172->181
[2026-04-03T01:49:51.216+0600][36.429s][info][gc,heap        ] GC(133) Humongous regions: 96->90
[2026-04-03T01:49:51.216+0600][36.429s][info][gc,metaspace   ] GC(133) Metaspace: 70054K(70976K)->70054K(70976K) NonClass: 61106K(61632K)->61106K(61632K) Class: 8948K(9344K)->8948K(9344K)
[2026-04-03T01:49:51.216+0600][36.429s][info][gc             ] GC(133) Pause Young (Normal) (G1 Evacuation Pause) 666M->556M(2226M) 73.874ms
[2026-04-03T01:49:51.216+0600][36.429s][info][gc,cpu         ] GC(133) User=0.66s Sys=0.02s Real=0.07s
[2026-04-03T01:49:51.391+0600][36.604s][info][gc,start       ] GC(134) Pause Young (Normal) (G1 Evacuation Pause)
[2026-04-03T01:49:51.392+0600][36.605s][info][gc,task        ] GC(134) Using 10 workers of 10 for evacuation
[2026-04-03T01:49:51.448+0600][36.661s][info][gc,mmu         ] GC(134) MMU target violated: 51.0ms (50.0ms/51.0ms)
[2026-04-03T01:49:51.448+0600][36.661s][info][gc,phases      ] GC(134)   Pre Evacuate Collection Set: 0.40ms
[2026-04-03T01:49:51.448+0600][36.661s][info][gc,phases      ] GC(134)   Merge Heap Roots: 1.33ms
[2026-04-03T01:49:51.448+0600][36.661s][info][gc,phases      ] GC(134)   Evacuate Collection Set: 53.53ms
[2026-04-03T01:49:51.448+0600][36.661s][info][gc,phases      ] GC(134)   Post Evacuate Collection Set: 1.45ms
[2026-04-03T01:49:51.449+0600][36.661s][info][gc,phases      ] GC(134)   Other: 0.20ms
[2026-04-03T01:49:51.449+0600][36.661s][info][gc,heap        ] GC(134) Eden regions: 46->0(55)
[2026-04-03T01:49:51.449+0600][36.661s][info][gc,heap        ] GC(134) Survivor regions: 9->7(7)
[2026-04-03T01:49:51.449+0600][36.661s][info][gc,heap        ] GC(134) Old regions: 181->195
[2026-04-03T01:49:51.449+0600][36.662s][info][gc,heap        ] GC(134) Humongous regions: 93->93
[2026-04-03T01:49:51.449+0600][36.662s][info][gc,metaspace   ] GC(134) Metaspace: 70054K(70976K)->70054K(70976K) NonClass: 61106K(61632K)->61106K(61632K) Class: 8948K(9344K)->8948K(9344K)
[2026-04-03T01:49:51.449+0600][36.662s][info][gc             ] GC(134) Pause Young (Normal) (G1 Evacuation Pause) 654M->587M(2480M) 57.187ms
[2026-04-03T01:49:51.449+0600][36.662s][info][gc,cpu         ] GC(134) User=0.45s Sys=0.02s Real=0.05s
[2026-04-03T01:49:51.650+0600][36.863s][info][gc,start       ] GC(135) Pause Young (Normal) (G1 Evacuation Pause)
[2026-04-03T01:49:51.650+0600][36.863s][info][gc,task        ] GC(135) Using 10 workers of 10 for evacuation
[2026-04-03T01:49:51.699+0600][36.912s][info][gc,phases      ] GC(135)   Pre Evacuate Collection Set: 0.67ms
[2026-04-03T01:49:51.699+0600][36.912s][info][gc,phases      ] GC(135)   Merge Heap Roots: 0.67ms
[2026-04-03T01:49:51.699+0600][36.912s][info][gc,phases      ] GC(135)   Evacuate Collection Set: 46.54ms
[2026-04-03T01:49:51.699+0600][36.912s][info][gc,phases      ] GC(135)   Post Evacuate Collection Set: 0.90ms
[2026-04-03T01:49:51.699+0600][36.912s][info][gc,phases      ] GC(135)   Other: 0.17ms
[2026-04-03T01:49:51.699+0600][36.912s][info][gc,heap        ] GC(135) Eden regions: 55->0(54)
[2026-04-03T01:49:51.699+0600][36.912s][info][gc,heap        ] GC(135) Survivor regions: 7->8(8)
[2026-04-03T01:49:51.699+0600][36.912s][info][gc,heap        ] GC(135) Old regions: 195->216
[2026-04-03T01:49:51.699+0600][36.912s][info][gc,heap        ] GC(135) Humongous regions: 108->108
[2026-04-03T01:49:51.699+0600][36.912s][info][gc,metaspace   ] GC(135) Metaspace: 70059K(70976K)->70059K(70976K) NonClass: 61110K(61632K)->61110K(61632K) Class: 8948K(9344K)->8948K(9344K)
[2026-04-03T01:49:51.699+0600][36.912s][info][gc             ] GC(135) Pause Young (Normal) (G1 Evacuation Pause) 727M->660M(2480M) 49.467ms
[2026-04-03T01:49:51.699+0600][36.912s][info][gc,cpu         ] GC(135) User=0.37s Sys=0.06s Real=0.05s
[2026-04-03T01:49:51.822+0600][37.035s][info][gc,start       ] GC(136) Pause Young (Normal) (G1 Evacuation Pause)
[2026-04-03T01:49:51.822+0600][37.035s][info][gc,task        ] GC(136) Using 10 workers of 10 for evacuation
[2026-04-03T01:49:51.862+0600][37.075s][info][gc,phases      ] GC(136)   Pre Evacuate Collection Set: 0.36ms
[2026-04-03T01:49:51.862+0600][37.075s][info][gc,phases      ] GC(136)   Merge Heap Roots: 0.72ms
[2026-04-03T01:49:51.862+0600][37.075s][info][gc,phases      ] GC(136)   Evacuate Collection Set: 38.41ms
[2026-04-03T01:49:51.862+0600][37.075s][info][gc,phases      ] GC(136)   Post Evacuate Collection Set: 0.90ms
[2026-04-03T01:49:51.862+0600][37.075s][info][gc,phases      ] GC(136)   Other: 0.12ms
[2026-04-03T01:49:51.862+0600][37.075s][info][gc,heap        ] GC(136) Eden regions: 54->0(54)
[2026-04-03T01:49:51.862+0600][37.075s][info][gc,heap        ] GC(136) Survivor regions: 8->8(8)
[2026-04-03T01:49:51.863+0600][37.075s][info][gc,heap        ] GC(136) Old regions: 216->228
[2026-04-03T01:49:51.863+0600][37.075s][info][gc,heap        ] GC(136) Humongous regions: 109->109
[2026-04-03T01:49:51.863+0600][37.075s][info][gc,metaspace   ] GC(136) Metaspace: 70059K(70976K)->70059K(70976K) NonClass: 61110K(61632K)->61110K(61632K) Class: 8948K(9344K)->8948K(9344K)
[2026-04-03T01:49:51.863+0600][37.076s][info][gc             ] GC(136) Pause Young (Normal) (G1 Evacuation Pause) 770M->686M(2480M) 40.907ms
[2026-04-03T01:49:51.863+0600][37.076s][info][gc,cpu         ] GC(136) User=0.30s Sys=0.05s Real=0.04s
[2026-04-03T01:49:52.005+0600][37.218s][info][gc,start       ] GC(137) Pause Young (Normal) (G1 Evacuation Pause)
[2026-04-03T01:49:52.005+0600][37.218s][info][gc,task        ] GC(137) Using 10 workers of 10 for evacuation
[2026-04-03T01:49:52.039+0600][37.252s][info][gc,phases      ] GC(137)   Pre Evacuate Collection Set: 0.34ms
[2026-04-03T01:49:52.039+0600][37.252s][info][gc,phases      ] GC(137)   Merge Heap Roots: 0.62ms
[2026-04-03T01:49:52.039+0600][37.252s][info][gc,phases      ] GC(137)   Evacuate Collection Set: 31.83ms
[2026-04-03T01:49:52.039+0600][37.252s][info][gc,phases      ] GC(137)   Post Evacuate Collection Set: 0.95ms
[2026-04-03T01:49:52.039+0600][37.252s][info][gc,phases      ] GC(137)   Other: 0.14ms
[2026-04-03T01:49:52.039+0600][37.252s][info][gc,heap        ] GC(137) Eden regions: 54->0(55)
[2026-04-03T01:49:52.039+0600][37.252s][info][gc,heap        ] GC(137) Survivor regions: 8->7(8)
[2026-04-03T01:49:52.039+0600][37.252s][info][gc,heap        ] GC(137) Old regions: 228->237
[2026-04-03T01:49:52.039+0600][37.252s][info][gc,heap        ] GC(137) Humongous regions: 112->112
[2026-04-03T01:49:52.039+0600][37.252s][info][gc,metaspace   ] GC(137) Metaspace: 70062K(70976K)->70062K(70976K) NonClass: 61114K(61632K)->61114K(61632K) Class: 8948K(9344K)->8948K(9344K)
[2026-04-03T01:49:52.039+0600][37.252s][info][gc             ] GC(137) Pause Young (Normal) (G1 Evacuation Pause) 800M->706M(2480M) 34.457ms
[2026-04-03T01:49:52.039+0600][37.252s][info][gc,cpu         ] GC(137) User=0.28s Sys=0.02s Real=0.03s
[2026-04-03T01:49:52.202+0600][37.415s][info][gc,start       ] GC(138) Pause Young (Normal) (G1 Evacuation Pause)
[2026-04-03T01:49:52.202+0600][37.415s][info][gc,task        ] GC(138) Using 10 workers of 10 for evacuation
[2026-04-03T01:49:52.239+0600][37.452s][info][gc,phases      ] GC(138)   Pre Evacuate Collection Set: 0.47ms
[2026-04-03T01:49:52.240+0600][37.452s][info][gc,phases      ] GC(138)   Merge Heap Roots: 1.13ms
[2026-04-03T01:49:52.240+0600][37.453s][info][gc,phases      ] GC(138)   Evacuate Collection Set: 33.51ms
[2026-04-03T01:49:52.240+0600][37.453s][info][gc,phases      ] GC(138)   Post Evacuate Collection Set: 2.45ms
[2026-04-03T01:49:52.240+0600][37.453s][info][gc,phases      ] GC(138)   Other: 0.16ms
[2026-04-03T01:49:52.240+0600][37.453s][info][gc,heap        ] GC(138) Eden regions: 65->0(63)
[2026-04-03T01:49:52.240+0600][37.453s][info][gc,heap        ] GC(138) Survivor regions: 7->7(9)
[2026-04-03T01:49:52.240+0600][37.453s][info][gc,heap        ] GC(138) Old regions: 237->242
[2026-04-03T01:49:52.240+0600][37.453s][info][gc,heap        ] GC(138) Humongous regions: 117->117
[2026-04-03T01:49:52.240+0600][37.453s][info][gc,metaspace   ] GC(138) Metaspace: 70063K(70976K)->70063K(70976K) NonClass: 61115K(61632K)->61115K(61632K) Class: 8948K(9344K)->8948K(9344K)
[2026-04-03T01:49:52.240+0600][37.453s][info][gc             ] GC(138) Pause Young (Normal) (G1 Evacuation Pause) 846M->729M(2820M) 38.098ms
[2026-04-03T01:49:52.240+0600][37.453s][info][gc,cpu         ] GC(138) User=0.28s Sys=0.03s Real=0.04s
[2026-04-03T01:49:52.485+0600][37.698s][info][gc,start       ] GC(139) Pause Young (Normal) (G1 Evacuation Pause)
[2026-04-03T01:49:52.486+0600][37.698s][info][gc,task        ] GC(139) Using 10 workers of 10 for evacuation
[2026-04-03T01:49:52.521+0600][37.734s][info][gc,phases      ] GC(139)   Pre Evacuate Collection Set: 0.71ms
[2026-04-03T01:49:52.521+0600][37.734s][info][gc,phases      ] GC(139)   Merge Heap Roots: 1.29ms
[2026-04-03T01:49:52.521+0600][37.734s][info][gc,phases      ] GC(139)   Evacuate Collection Set: 31.89ms
[2026-04-03T01:49:52.521+0600][37.734s][info][gc,phases      ] GC(139)   Post Evacuate Collection Set: 0.89ms
[2026-04-03T01:49:52.521+0600][37.734s][info][gc,phases      ] GC(139)   Other: 0.30ms
[2026-04-03T01:49:52.521+0600][37.734s][info][gc,heap        ] GC(139) Eden regions: 63->0(63)
[2026-04-03T01:49:52.521+0600][37.734s][info][gc,heap        ] GC(139) Survivor regions: 7->7(9)
[2026-04-03T01:49:52.521+0600][37.734s][info][gc,heap        ] GC(139) Old regions: 242->249
[2026-04-03T01:49:52.521+0600][37.734s][info][gc,heap        ] GC(139) Humongous regions: 120->120
[2026-04-03T01:49:52.521+0600][37.734s][info][gc,metaspace   ] GC(139) Metaspace: 70070K(70976K)->70070K(70976K) NonClass: 61121K(61632K)->61121K(61632K) Class: 8948K(9344K)->8948K(9344K)
[2026-04-03T01:49:52.521+0600][37.734s][info][gc             ] GC(139) Pause Young (Normal) (G1 Evacuation Pause) 861M->747M(2820M) 35.604ms
[2026-04-03T01:49:52.521+0600][37.734s][info][gc,cpu         ] GC(139) User=0.29s Sys=0.02s Real=0.04s
[2026-04-03T01:49:52.723+0600][37.935s][info][gc,start       ] GC(140) Pause Young (Normal) (G1 Evacuation Pause)
[2026-04-03T01:49:52.723+0600][37.936s][info][gc,task        ] GC(140) Using 10 workers of 10 for evacuation
[2026-04-03T01:49:52.753+0600][37.966s][info][gc,phases      ] GC(140)   Pre Evacuate Collection Set: 0.44ms
[2026-04-03T01:49:52.753+0600][37.966s][info][gc,phases      ] GC(140)   Merge Heap Roots: 1.06ms
[2026-04-03T01:49:52.753+0600][37.966s][info][gc,phases      ] GC(140)   Evacuate Collection Set: 28.36ms
[2026-04-03T01:49:52.753+0600][37.966s][info][gc,phases      ] GC(140)   Post Evacuate Collection Set: 0.68ms
[2026-04-03T01:49:52.753+0600][37.966s][info][gc,phases      ] GC(140)   Other: 0.14ms
[2026-04-03T01:49:52.753+0600][37.966s][info][gc,heap        ] GC(140) Eden regions: 63->0(64)
[2026-04-03T01:49:52.753+0600][37.966s][info][gc,heap        ] GC(140) Survivor regions: 7->6(9)
[2026-04-03T01:49:52.754+0600][37.966s][info][gc,heap        ] GC(140) Old regions: 249->255
[2026-04-03T01:49:52.754+0600][37.966s][info][gc,heap        ] GC(140) Humongous regions: 126->126
[2026-04-03T01:49:52.754+0600][37.966s][info][gc,metaspace   ] GC(140) Metaspace: 70070K(70976K)->70070K(70976K) NonClass: 61121K(61632K)->61121K(61632K) Class: 8948K(9344K)->8948K(9344K)
[2026-04-03T01:49:52.754+0600][37.967s][info][gc             ] GC(140) Pause Young (Normal) (G1 Evacuation Pause) 885M->769M(2820M) 31.043ms
[2026-04-03T01:49:52.754+0600][37.967s][info][gc,cpu         ] GC(140) User=0.25s Sys=0.02s Real=0.03s
[2026-04-03T01:49:52.914+0600][38.127s][info][gc,start       ] GC(141) Pause Young (Normal) (G1 Evacuation Pause)
[2026-04-03T01:49:52.914+0600][38.127s][info][gc,task        ] GC(141) Using 10 workers of 10 for evacuation
[2026-04-03T01:49:52.944+0600][38.157s][info][gc,phases      ] GC(141)   Pre Evacuate Collection Set: 0.43ms
[2026-04-03T01:49:52.944+0600][38.157s][info][gc,phases      ] GC(141)   Merge Heap Roots: 1.38ms
[2026-04-03T01:49:52.944+0600][38.157s][info][gc,phases      ] GC(141)   Evacuate Collection Set: 27.25ms
[2026-04-03T01:49:52.944+0600][38.157s][info][gc,phases      ] GC(141)   Post Evacuate Collection Set: 0.81ms
[2026-04-03T01:49:52.944+0600][38.157s][info][gc,phases      ] GC(141)   Other: 0.17ms
[2026-04-03T01:49:52.944+0600][38.157s][info][gc,heap        ] GC(141) Eden regions: 64->0(64)
[2026-04-03T01:49:52.944+0600][38.157s][info][gc,heap        ] GC(141) Survivor regions: 6->6(9)
[2026-04-03T01:49:52.944+0600][38.157s][info][gc,heap        ] GC(141) Old regions: 255->260
[2026-04-03T01:49:52.944+0600][38.157s][info][gc,heap        ] GC(141) Humongous regions: 126->126
[2026-04-03T01:49:52.944+0600][38.157s][info][gc,metaspace   ] GC(141) Metaspace: 70070K(70976K)->70070K(70976K) NonClass: 61121K(61632K)->61121K(61632K) Class: 8948K(9344K)->8948K(9344K)
[2026-04-03T01:49:52.944+0600][38.157s][info][gc             ] GC(141) Pause Young (Normal) (G1 Evacuation Pause) 897M->778M(2820M) 30.477ms
[2026-04-03T01:49:52.944+0600][38.157s][info][gc,cpu         ] GC(141) User=0.25s Sys=0.00s Real=0.03s
[2026-04-03T01:49:53.184+0600][38.397s][info][gc,start       ] GC(142) Pause Young (Normal) (G1 Evacuation Pause)
[2026-04-03T01:49:53.185+0600][38.398s][info][gc,task        ] GC(142) Using 10 workers of 10 for evacuation
[2026-04-03T01:49:53.208+0600][38.421s][info][gc,phases      ] GC(142)   Pre Evacuate Collection Set: 0.48ms
[2026-04-03T01:49:53.208+0600][38.421s][info][gc,phases      ] GC(142)   Merge Heap Roots: 1.06ms
[2026-04-03T01:49:53.208+0600][38.421s][info][gc,phases      ] GC(142)   Evacuate Collection Set: 19.96ms
[2026-04-03T01:49:53.208+0600][38.421s][info][gc,phases      ] GC(142)   Post Evacuate Collection Set: 2.15ms
[2026-04-03T01:49:53.209+0600][38.421s][info][gc,phases      ] GC(142)   Other: 0.15ms
[2026-04-03T01:49:53.209+0600][38.421s][info][gc,heap        ] GC(142) Eden regions: 64->0(69)
[2026-04-03T01:49:53.209+0600][38.421s][info][gc,heap        ] GC(142) Survivor regions: 6->6(9)
[2026-04-03T01:49:53.209+0600][38.421s][info][gc,heap        ] GC(142) Old regions: 260->264
[2026-04-03T01:49:53.209+0600][38.421s][info][gc,heap        ] GC(142) Humongous regions: 126->126
[2026-04-03T01:49:53.209+0600][38.422s][info][gc,metaspace   ] GC(142) Metaspace: 70071K(70976K)->70071K(70976K) NonClass: 61122K(61632K)->61122K(61632K) Class: 8948K(9344K)->8948K(9344K)
[2026-04-03T01:49:53.209+0600][38.422s][info][gc             ] GC(142) Pause Young (Normal) (G1 Evacuation Pause) 906M->787M(3030M) 24.174ms
[2026-04-03T01:49:53.209+0600][38.422s][info][gc,cpu         ] GC(142) User=0.20s Sys=0.00s Real=0.02s
[2026-04-03T01:49:53.530+0600][38.743s][info][gc,start       ] GC(143) Pause Young (Normal) (G1 Evacuation Pause)
[2026-04-03T01:49:53.530+0600][38.743s][info][gc,task        ] GC(143) Using 10 workers of 10 for evacuation
[2026-04-03T01:49:53.560+0600][38.773s][info][gc,phases      ] GC(143)   Pre Evacuate Collection Set: 0.56ms
[2026-04-03T01:49:53.560+0600][38.773s][info][gc,phases      ] GC(143)   Merge Heap Roots: 1.36ms
[2026-04-03T01:49:53.560+0600][38.773s][info][gc,phases      ] GC(143)   Evacuate Collection Set: 26.69ms
[2026-04-03T01:49:53.560+0600][38.773s][info][gc,phases      ] GC(143)   Post Evacuate Collection Set: 0.76ms
[2026-04-03T01:49:53.560+0600][38.773s][info][gc,phases      ] GC(143)   Other: 0.15ms
[2026-04-03T01:49:53.560+0600][38.773s][info][gc,heap        ] GC(143) Eden regions: 69->0(65)
[2026-04-03T01:49:53.560+0600][38.773s][info][gc,heap        ] GC(143) Survivor regions: 6->10(10)
[2026-04-03T01:49:53.560+0600][38.773s][info][gc,heap        ] GC(143) Old regions: 264->264
[2026-04-03T01:49:53.560+0600][38.773s][info][gc,heap        ] GC(143) Humongous regions: 126->126
[2026-04-03T01:49:53.560+0600][38.773s][info][gc,metaspace   ] GC(143) Metaspace: 70071K(70976K)->70071K(70976K) NonClass: 61122K(61632K)->61122K(61632K) Class: 8948K(9344K)->8948K(9344K)
[2026-04-03T01:49:53.560+0600][38.773s][info][gc             ] GC(143) Pause Young (Normal) (G1 Evacuation Pause) 925M->795M(3030M) 29.881ms
[2026-04-03T01:49:53.560+0600][38.773s][info][gc,cpu         ] GC(143) User=0.20s Sys=0.02s Real=0.03s
[2026-04-03T01:49:53.853+0600][39.066s][info][gc,start       ] GC(144) Pause Young (Normal) (G1 Evacuation Pause)
[2026-04-03T01:49:53.854+0600][39.066s][info][gc,task        ] GC(144) Using 10 workers of 10 for evacuation
[2026-04-03T01:49:53.910+0600][39.122s][info][gc,mmu         ] GC(144) MMU target violated: 51.0ms (50.0ms/51.0ms)
[2026-04-03T01:49:53.910+0600][39.123s][info][gc,phases      ] GC(144)   Pre Evacuate Collection Set: 0.89ms
[2026-04-03T01:49:53.910+0600][39.123s][info][gc,phases      ] GC(144)   Merge Heap Roots: 2.52ms
[2026-04-03T01:49:53.910+0600][39.123s][info][gc,phases      ] GC(144)   Evacuate Collection Set: 51.52ms
[2026-04-03T01:49:53.910+0600][39.123s][info][gc,phases      ] GC(144)   Post Evacuate Collection Set: 0.95ms
[2026-04-03T01:49:53.910+0600][39.123s][info][gc,phases      ] GC(144)   Other: 0.28ms
[2026-04-03T01:49:53.910+0600][39.123s][info][gc,heap        ] GC(144) Eden regions: 65->0(65)
[2026-04-03T01:49:53.910+0600][39.123s][info][gc,heap        ] GC(144) Survivor regions: 10->10(10)
[2026-04-03T01:49:53.910+0600][39.123s][info][gc,heap        ] GC(144) Old regions: 264->268
[2026-04-03T01:49:53.910+0600][39.123s][info][gc,heap        ] GC(144) Humongous regions: 126->126
[2026-04-03T01:49:53.910+0600][39.123s][info][gc,metaspace   ] GC(144) Metaspace: 70071K(70976K)->70071K(70976K) NonClass: 61122K(61632K)->61122K(61632K) Class: 8948K(9344K)->8948K(9344K)
[2026-04-03T01:49:53.910+0600][39.123s][info][gc             ] GC(144) Pause Young (Normal) (G1 Evacuation Pause) 925M->802M(3030M) 56.820ms
[2026-04-03T01:49:53.910+0600][39.123s][info][gc,cpu         ] GC(144) User=0.24s Sys=0.02s Real=0.06s
[2026-04-03T01:49:54.191+0600][39.404s][info][gc,start       ] GC(145) Pause Young (Normal) (G1 Evacuation Pause)
[2026-04-03T01:49:54.191+0600][39.404s][info][gc,task        ] GC(145) Using 10 workers of 10 for evacuation
[2026-04-03T01:49:54.218+0600][39.431s][info][gc,phases      ] GC(145)   Pre Evacuate Collection Set: 0.55ms
[2026-04-03T01:49:54.218+0600][39.431s][info][gc,phases      ] GC(145)   Merge Heap Roots: 1.07ms
[2026-04-03T01:49:54.218+0600][39.431s][info][gc,phases      ] GC(145)   Evacuate Collection Set: 24.80ms
[2026-04-03T01:49:54.218+0600][39.431s][info][gc,phases      ] GC(145)   Post Evacuate Collection Set: 0.95ms
[2026-04-03T01:49:54.218+0600][39.431s][info][gc,phases      ] GC(145)   Other: 0.11ms
[2026-04-03T01:49:54.219+0600][39.431s][info][gc,heap        ] GC(145) Eden regions: 65->0(66)
[2026-04-03T01:49:54.219+0600][39.431s][info][gc,heap        ] GC(145) Survivor regions: 10->9(10)
[2026-04-03T01:49:54.219+0600][39.431s][info][gc,heap        ] GC(145) Old regions: 268->271
[2026-04-03T01:49:54.219+0600][39.431s][info][gc,heap        ] GC(145) Humongous regions: 131->131
[2026-04-03T01:49:54.219+0600][39.432s][info][gc,metaspace   ] GC(145) Metaspace: 70071K(70976K)->70071K(70976K) NonClass: 61122K(61632K)->61122K(61632K) Class: 8948K(9344K)->8948K(9344K)
[2026-04-03T01:49:54.219+0600][39.432s][info][gc             ] GC(145) Pause Young (Normal) (G1 Evacuation Pause) 942M->819M(3030M) 27.975ms
[2026-04-03T01:49:54.219+0600][39.432s][info][gc,cpu         ] GC(145) User=0.26s Sys=0.00s Real=0.02s
[2026-04-03T01:49:54.567+0600][39.780s][info][gc,start       ] GC(146) Pause Young (Normal) (G1 Evacuation Pause)
[2026-04-03T01:49:54.567+0600][39.780s][info][gc,task        ] GC(146) Using 10 workers of 10 for evacuation
[2026-04-03T01:49:54.607+0600][39.820s][info][gc,phases      ] GC(146)   Pre Evacuate Collection Set: 0.48ms
[2026-04-03T01:49:54.607+0600][39.820s][info][gc,phases      ] GC(146)   Merge Heap Roots: 1.57ms
[2026-04-03T01:49:54.607+0600][39.820s][info][gc,phases      ] GC(146)   Evacuate Collection Set: 36.59ms
[2026-04-03T01:49:54.607+0600][39.820s][info][gc,phases      ] GC(146)   Post Evacuate Collection Set: 1.47ms
[2026-04-03T01:49:54.607+0600][39.820s][info][gc,phases      ] GC(146)   Other: 0.12ms
[2026-04-03T01:49:54.607+0600][39.820s][info][gc,heap        ] GC(146) Eden regions: 66->0(67)
[2026-04-03T01:49:54.607+0600][39.820s][info][gc,heap        ] GC(146) Survivor regions: 9->10(10)
[2026-04-03T01:49:54.607+0600][39.820s][info][gc,heap        ] GC(146) Old regions: 271->275
[2026-04-03T01:49:54.607+0600][39.820s][info][gc,heap        ] GC(146) Humongous regions: 141->141
[2026-04-03T01:49:54.607+0600][39.820s][info][gc,metaspace   ] GC(146) Metaspace: 70074K(70976K)->70074K(70976K) NonClass: 61126K(61632K)->61126K(61632K) Class: 8948K(9344K)->8948K(9344K)
[2026-04-03T01:49:54.607+0600][39.820s][info][gc             ] GC(146) Pause Young (Normal) (G1 Evacuation Pause) 971M->847M(3098M) 40.593ms
[2026-04-03T01:49:54.607+0600][39.820s][info][gc,cpu         ] GC(146) User=0.36s Sys=0.01s Real=0.04s
[2026-04-03T01:49:55.921+0600][41.133s][info][gc,start       ] GC(147) Pause Young (Normal) (G1 Evacuation Pause)
[2026-04-03T01:49:55.921+0600][41.134s][info][gc,task        ] GC(147) Using 10 workers of 10 for evacuation
[2026-04-03T01:49:55.965+0600][41.178s][info][gc,phases      ] GC(147)   Pre Evacuate Collection Set: 0.41ms
[2026-04-03T01:49:55.965+0600][41.178s][info][gc,phases      ] GC(147)   Merge Heap Roots: 1.36ms
[2026-04-03T01:49:55.965+0600][41.178s][info][gc,phases      ] GC(147)   Evacuate Collection Set: 41.10ms
[2026-04-03T01:49:55.965+0600][41.178s][info][gc,phases      ] GC(147)   Post Evacuate Collection Set: 0.98ms
[2026-04-03T01:49:55.965+0600][41.178s][info][gc,phases      ] GC(147)   Other: 0.15ms
[2026-04-03T01:49:55.965+0600][41.178s][info][gc,heap        ] GC(147) Eden regions: 67->0(69)
[2026-04-03T01:49:55.965+0600][41.178s][info][gc,heap        ] GC(147) Survivor regions: 10->8(10)
[2026-04-03T01:49:55.965+0600][41.178s][info][gc,heap        ] GC(147) Old regions: 275->279
[2026-04-03T01:49:55.965+0600][41.178s][info][gc,heap        ] GC(147) Humongous regions: 153->147
[2026-04-03T01:49:55.965+0600][41.178s][info][gc,metaspace   ] GC(147) Metaspace: 70148K(71040K)->70148K(71040K) NonClass: 61193K(61696K)->61193K(61696K) Class: 8954K(9344K)->8954K(9344K)
[2026-04-03T01:49:55.965+0600][41.178s][info][gc             ] GC(147) Pause Young (Normal) (G1 Evacuation Pause) 1005M->865M(3098M) 44.367ms
[2026-04-03T01:49:55.965+0600][41.178s][info][gc,cpu         ] GC(147) User=0.42s Sys=0.01s Real=0.04s
[2026-04-03T01:49:56.373+0600][41.586s][info][gc,start       ] GC(148) Pause Young (Normal) (G1 Evacuation Pause)
[2026-04-03T01:49:56.373+0600][41.586s][info][gc,task        ] GC(148) Using 10 workers of 10 for evacuation
[2026-04-03T01:49:56.480+0600][41.693s][info][gc,mmu         ] GC(148) MMU target violated: 51.0ms (50.0ms/51.0ms)
[2026-04-03T01:49:56.480+0600][41.693s][info][gc,phases      ] GC(148)   Pre Evacuate Collection Set: 0.83ms
[2026-04-03T01:49:56.480+0600][41.693s][info][gc,phases      ] GC(148)   Merge Heap Roots: 1.97ms
[2026-04-03T01:49:56.480+0600][41.693s][info][gc,phases      ] GC(148)   Evacuate Collection Set: 102.92ms
[2026-04-03T01:49:56.480+0600][41.693s][info][gc,phases      ] GC(148)   Post Evacuate Collection Set: 0.97ms
[2026-04-03T01:49:56.480+0600][41.693s][info][gc,phases      ] GC(148)   Other: 0.24ms
[2026-04-03T01:49:56.480+0600][41.693s][info][gc,heap        ] GC(148) Eden regions: 69->0(67)
[2026-04-03T01:49:56.480+0600][41.693s][info][gc,heap        ] GC(148) Survivor regions: 8->10(10)
[2026-04-03T01:49:56.480+0600][41.693s][info][gc,heap        ] GC(148) Old regions: 279->294
[2026-04-03T01:49:56.480+0600][41.693s][info][gc,heap        ] GC(148) Humongous regions: 165->165
[2026-04-03T01:49:56.480+0600][41.693s][info][gc,metaspace   ] GC(148) Metaspace: 70151K(71040K)->70151K(71040K) NonClass: 61196K(61696K)->61196K(61696K) Class: 8955K(9344K)->8955K(9344K)
[2026-04-03T01:49:56.480+0600][41.693s][info][gc             ] GC(148) Pause Young (Normal) (G1 Evacuation Pause) 1039M->934M(3098M) 107.309ms
[2026-04-03T01:49:56.481+0600][41.693s][info][gc,cpu         ] GC(148) User=0.91s Sys=0.05s Real=0.11s
[2026-04-03T01:49:56.908+0600][42.121s][info][gc,start       ] GC(149) Pause Young (Normal) (G1 Evacuation Pause)
[2026-04-03T01:49:56.908+0600][42.121s][info][gc,task        ] GC(149) Using 10 workers of 10 for evacuation
[2026-04-03T01:49:56.970+0600][42.182s][info][gc,mmu         ] GC(149) MMU target violated: 51.0ms (50.0ms/51.0ms)
[2026-04-03T01:49:56.970+0600][42.183s][info][gc,phases      ] GC(149)   Pre Evacuate Collection Set: 0.71ms
[2026-04-03T01:49:56.970+0600][42.183s][info][gc,phases      ] GC(149)   Merge Heap Roots: 0.84ms
[2026-04-03T01:49:56.970+0600][42.183s][info][gc,phases      ] GC(149)   Evacuate Collection Set: 58.72ms
[2026-04-03T01:49:56.970+0600][42.183s][info][gc,phases      ] GC(149)   Post Evacuate Collection Set: 0.76ms
[2026-04-03T01:49:56.970+0600][42.183s][info][gc,phases      ] GC(149)   Other: 0.29ms
[2026-04-03T01:49:56.970+0600][42.183s][info][gc,heap        ] GC(149) Eden regions: 67->0(67)
[2026-04-03T01:49:56.970+0600][42.183s][info][gc,heap        ] GC(149) Survivor regions: 10->10(10)
[2026-04-03T01:49:56.970+0600][42.183s][info][gc,heap        ] GC(149) Old regions: 294->305
[2026-04-03T01:49:56.970+0600][42.183s][info][gc,heap        ] GC(149) Humongous regions: 180->174
[2026-04-03T01:49:56.970+0600][42.183s][info][gc,metaspace   ] GC(149) Metaspace: 70635K(71616K)->70635K(71616K) NonClass: 61591K(62144K)->61591K(62144K) Class: 9044K(9472K)->9044K(9472K)
[2026-04-03T01:49:56.970+0600][42.183s][info][gc             ] GC(149) Pause Young (Normal) (G1 Evacuation Pause) 1098M->974M(3098M) 61.632ms
[2026-04-03T01:49:56.970+0600][42.183s][info][gc,cpu         ] GC(149) User=0.62s Sys=0.03s Real=0.07s
[2026-04-03T01:49:57.366+0600][42.579s][info][gc,start       ] GC(150) Pause Young (Normal) (G1 Evacuation Pause)
[2026-04-03T01:49:57.366+0600][42.579s][info][gc,task        ] GC(150) Using 10 workers of 10 for evacuation
[2026-04-03T01:49:57.432+0600][42.645s][info][gc,mmu         ] GC(150) MMU target violated: 51.0ms (50.0ms/51.0ms)
[2026-04-03T01:49:57.432+0600][42.645s][info][gc,phases      ] GC(150)   Pre Evacuate Collection Set: 0.70ms
[2026-04-03T01:49:57.432+0600][42.645s][info][gc,phases      ] GC(150)   Merge Heap Roots: 1.74ms
[2026-04-03T01:49:57.432+0600][42.645s][info][gc,phases      ] GC(150)   Evacuate Collection Set: 62.13ms
[2026-04-03T01:49:57.432+0600][42.645s][info][gc,phases      ] GC(150)   Post Evacuate Collection Set: 1.01ms
[2026-04-03T01:49:57.432+0600][42.645s][info][gc,phases      ] GC(150)   Other: 0.30ms
[2026-04-03T01:49:57.432+0600][42.645s][info][gc,heap        ] GC(150) Eden regions: 67->0(67)
[2026-04-03T01:49:57.432+0600][42.645s][info][gc,heap        ] GC(150) Survivor regions: 10->10(10)
[2026-04-03T01:49:57.432+0600][42.645s][info][gc,heap        ] GC(150) Old regions: 305->313
[2026-04-03T01:49:57.432+0600][42.645s][info][gc,heap        ] GC(150) Humongous regions: 184->183
[2026-04-03T01:49:57.432+0600][42.645s][info][gc,metaspace   ] GC(150) Metaspace: 70656K(71680K)->70656K(71680K) NonClass: 61610K(62208K)->61610K(62208K) Class: 9046K(9472K)->9046K(9472K)
[2026-04-03T01:49:57.432+0600][42.645s][info][gc             ] GC(150) Pause Young (Normal) (G1 Evacuation Pause) 1128M->1009M(3098M) 66.315ms
[2026-04-03T01:49:57.432+0600][42.645s][info][gc,cpu         ] GC(150) User=0.57s Sys=0.03s Real=0.07s
[2026-04-03T01:49:57.926+0600][43.139s][info][gc,start       ] GC(151) Pause Young (Normal) (G1 Evacuation Pause)
[2026-04-03T01:49:57.926+0600][43.139s][info][gc,task        ] GC(151) Using 10 workers of 10 for evacuation
[2026-04-03T01:49:57.992+0600][43.205s][info][gc,mmu         ] GC(151) MMU target violated: 51.0ms (50.0ms/51.0ms)
[2026-04-03T01:49:57.992+0600][43.205s][info][gc,phases      ] GC(151)   Pre Evacuate Collection Set: 0.56ms
[2026-04-03T01:49:57.992+0600][43.205s][info][gc,phases      ] GC(151)   Merge Heap Roots: 0.78ms
[2026-04-03T01:49:57.992+0600][43.205s][info][gc,phases      ] GC(151)   Evacuate Collection Set: 62.21ms
[2026-04-03T01:49:57.992+0600][43.205s][info][gc,phases      ] GC(151)   Post Evacuate Collection Set: 1.60ms
[2026-04-03T01:49:57.992+0600][43.205s][info][gc,phases      ] GC(151)   Other: 0.24ms
[2026-04-03T01:49:57.992+0600][43.205s][info][gc,heap        ] GC(151) Eden regions: 67->0(71)
[2026-04-03T01:49:57.992+0600][43.205s][info][gc,heap        ] GC(151) Survivor regions: 10->10(10)
[2026-04-03T01:49:57.992+0600][43.205s][info][gc,heap        ] GC(151) Old regions: 313->327
[2026-04-03T01:49:57.992+0600][43.205s][info][gc,heap        ] GC(151) Humongous regions: 200->195
[2026-04-03T01:49:57.992+0600][43.205s][info][gc,metaspace   ] GC(151) Metaspace: 70831K(71808K)->70831K(71808K) NonClass: 61765K(62336K)->61765K(62336K) Class: 9066K(9472K)->9066K(9472K)
[2026-04-03T01:49:57.992+0600][43.205s][info][gc             ] GC(151) Pause Young (Normal) (G1 Evacuation Pause) 1177M->1061M(3244M) 65.665ms
[2026-04-03T01:49:57.992+0600][43.205s][info][gc,cpu         ] GC(151) User=0.58s Sys=0.03s Real=0.07s
[2026-04-03T01:49:58.947+0600][44.159s][info][gc,start       ] GC(152) Pause Young (Normal) (G1 Evacuation Pause)
[2026-04-03T01:49:58.947+0600][44.160s][info][gc,task        ] GC(152) Using 10 workers of 10 for evacuation
[2026-04-03T01:49:58.987+0600][44.200s][info][gc,phases      ] GC(152)   Pre Evacuate Collection Set: 0.52ms
[2026-04-03T01:49:58.987+0600][44.200s][info][gc,phases      ] GC(152)   Merge Heap Roots: 1.01ms
[2026-04-03T01:49:58.987+0600][44.200s][info][gc,phases      ] GC(152)   Evacuate Collection Set: 37.29ms
[2026-04-03T01:49:58.987+0600][44.200s][info][gc,phases      ] GC(152)   Post Evacuate Collection Set: 1.14ms
[2026-04-03T01:49:58.987+0600][44.200s][info][gc,phases      ] GC(152)   Other: 0.16ms
[2026-04-03T01:49:58.987+0600][44.200s][info][gc,heap        ] GC(152) Eden regions: 71->0(75)
[2026-04-03T01:49:58.987+0600][44.200s][info][gc,heap        ] GC(152) Survivor regions: 10->6(11)
[2026-04-03T01:49:58.987+0600][44.200s][info][gc,heap        ] GC(152) Old regions: 327->338
[2026-04-03T01:49:58.987+0600][44.200s][info][gc,heap        ] GC(152) Humongous regions: 201->201
[2026-04-03T01:49:58.987+0600][44.200s][info][gc,metaspace   ] GC(152) Metaspace: 70842K(71808K)->70842K(71808K) NonClass: 61776K(62336K)->61776K(62336K) Class: 9066K(9472K)->9066K(9472K)
[2026-04-03T01:49:58.987+0600][44.200s][info][gc             ] GC(152) Pause Young (Normal) (G1 Evacuation Pause) 1215M->1085M(3244M) 40.513ms
[2026-04-03T01:49:58.987+0600][44.200s][info][gc,cpu         ] GC(152) User=0.34s Sys=0.03s Real=0.04s
[2026-04-03T01:49:59.615+0600][44.828s][info][gc,start       ] GC(153) Pause Young (Normal) (G1 Evacuation Pause)
[2026-04-03T01:49:59.615+0600][44.828s][info][gc,task        ] GC(153) Using 10 workers of 10 for evacuation
[2026-04-03T01:49:59.645+0600][44.858s][info][gc,phases      ] GC(153)   Pre Evacuate Collection Set: 1.09ms
[2026-04-03T01:49:59.645+0600][44.858s][info][gc,phases      ] GC(153)   Merge Heap Roots: 0.52ms
[2026-04-03T01:49:59.645+0600][44.858s][info][gc,phases      ] GC(153)   Evacuate Collection Set: 26.97ms
[2026-04-03T01:49:59.645+0600][44.858s][info][gc,phases      ] GC(153)   Post Evacuate Collection Set: 1.13ms
[2026-04-03T01:49:59.645+0600][44.858s][info][gc,phases      ] GC(153)   Other: 0.17ms
[2026-04-03T01:49:59.646+0600][44.858s][info][gc,heap        ] GC(153) Eden regions: 75->0(70)
[2026-04-03T01:49:59.646+0600][44.858s][info][gc,heap        ] GC(153) Survivor regions: 6->11(11)
[2026-04-03T01:49:59.646+0600][44.858s][info][gc,heap        ] GC(153) Old regions: 338->338
[2026-04-03T01:49:59.646+0600][44.858s][info][gc,heap        ] GC(153) Humongous regions: 207->201
[2026-04-03T01:49:59.646+0600][44.859s][info][gc,metaspace   ] GC(153) Metaspace: 70900K(71936K)->70900K(71936K) NonClass: 61828K(62400K)->61828K(62400K) Class: 9072K(9536K)->9072K(9536K)
[2026-04-03T01:49:59.646+0600][44.859s][info][gc             ] GC(153) Pause Young (Normal) (G1 Evacuation Pause) 1247M->1096M(3244M) 30.376ms
[2026-04-03T01:49:59.646+0600][44.859s][info][gc,cpu         ] GC(153) User=0.23s Sys=0.00s Real=0.03s
[2026-04-03T01:49:59.935+0600][45.148s][info][gc,start       ] GC(154) Pause Young (Normal) (G1 Evacuation Pause)
[2026-04-03T01:49:59.935+0600][45.148s][info][gc,task        ] GC(154) Using 10 workers of 10 for evacuation
[2026-04-03T01:49:59.982+0600][45.195s][info][gc,phases      ] GC(154)   Pre Evacuate Collection Set: 0.67ms
[2026-04-03T01:49:59.982+0600][45.195s][info][gc,phases      ] GC(154)   Merge Heap Roots: 0.31ms
[2026-04-03T01:49:59.982+0600][45.195s][info][gc,phases      ] GC(154)   Evacuate Collection Set: 44.95ms
[2026-04-03T01:49:59.982+0600][45.195s][info][gc,phases      ] GC(154)   Post Evacuate Collection Set: 0.75ms
[2026-04-03T01:49:59.982+0600][45.195s][info][gc,phases      ] GC(154)   Other: 0.13ms
[2026-04-03T01:49:59.982+0600][45.195s][info][gc,heap        ] GC(154) Eden regions: 70->0(70)
[2026-04-03T01:49:59.982+0600][45.195s][info][gc,heap        ] GC(154) Survivor regions: 11->11(11)
[2026-04-03T01:49:59.982+0600][45.195s][info][gc,heap        ] GC(154) Old regions: 338->348
[2026-04-03T01:49:59.982+0600][45.195s][info][gc,heap        ] GC(154) Humongous regions: 204->204
[2026-04-03T01:49:59.982+0600][45.195s][info][gc,metaspace   ] GC(154) Metaspace: 70900K(71936K)->70900K(71936K) NonClass: 61828K(62400K)->61828K(62400K) Class: 9072K(9536K)->9072K(9536K)
[2026-04-03T01:49:59.982+0600][45.195s][info][gc             ] GC(154) Pause Young (Normal) (G1 Evacuation Pause) 1242M->1122M(3244M) 47.249ms
[2026-04-03T01:49:59.982+0600][45.195s][info][gc,cpu         ] GC(154) User=0.30s Sys=0.02s Real=0.05s
[2026-04-03T01:50:00.175+0600][45.388s][info][gc,start       ] GC(155) Pause Young (Normal) (G1 Evacuation Pause)
[2026-04-03T01:50:00.175+0600][45.388s][info][gc,task        ] GC(155) Using 10 workers of 10 for evacuation
[2026-04-03T01:50:00.222+0600][45.435s][info][gc,phases      ] GC(155)   Pre Evacuate Collection Set: 0.80ms
[2026-04-03T01:50:00.222+0600][45.435s][info][gc,phases      ] GC(155)   Merge Heap Roots: 0.26ms
[2026-04-03T01:50:00.222+0600][45.435s][info][gc,phases      ] GC(155)   Evacuate Collection Set: 44.63ms
[2026-04-03T01:50:00.222+0600][45.435s][info][gc,phases      ] GC(155)   Post Evacuate Collection Set: 0.63ms
[2026-04-03T01:50:00.222+0600][45.435s][info][gc,phases      ] GC(155)   Other: 0.20ms
[2026-04-03T01:50:00.222+0600][45.435s][info][gc,heap        ] GC(155) Eden regions: 75->0(70)
[2026-04-03T01:50:00.222+0600][45.435s][info][gc,heap        ] GC(155) Survivor regions: 11->11(11)
[2026-04-03T01:50:00.222+0600][45.435s][info][gc,heap        ] GC(155) Old regions: 348->359
[2026-04-03T01:50:00.222+0600][45.435s][info][gc,heap        ] GC(155) Humongous regions: 210->210
[2026-04-03T01:50:00.222+0600][45.435s][info][gc,metaspace   ] GC(155) Metaspace: 70900K(71936K)->70900K(71936K) NonClass: 61828K(62400K)->61828K(62400K) Class: 9072K(9536K)->9072K(9536K)
[2026-04-03T01:50:00.222+0600][45.435s][info][gc             ] GC(155) Pause Young (Normal) (G1 Evacuation Pause) 1284M->1156M(3244M) 46.960ms
[2026-04-03T01:50:00.222+0600][45.435s][info][gc,cpu         ] GC(155) User=0.37s Sys=0.04s Real=0.05s
[2026-04-03T01:50:01.357+0600][46.570s][info][gc,start       ] GC(156) Pause Young (Normal) (G1 Evacuation Pause)
[2026-04-03T01:50:01.357+0600][46.570s][info][gc,task        ] GC(156) Using 10 workers of 10 for evacuation
[2026-04-03T01:50:01.429+0600][46.642s][info][gc,mmu         ] GC(156) MMU target violated: 51.0ms (50.0ms/51.0ms)
[2026-04-03T01:50:01.429+0600][46.642s][info][gc,phases      ] GC(156)   Pre Evacuate Collection Set: 0.48ms
[2026-04-03T01:50:01.429+0600][46.642s][info][gc,phases      ] GC(156)   Merge Heap Roots: 1.43ms
[2026-04-03T01:50:01.429+0600][46.642s][info][gc,phases      ] GC(156)   Evacuate Collection Set: 68.65ms
[2026-04-03T01:50:01.429+0600][46.642s][info][gc,phases      ] GC(156)   Post Evacuate Collection Set: 0.82ms
[2026-04-03T01:50:01.429+0600][46.642s][info][gc,phases      ] GC(156)   Other: 0.22ms
[2026-04-03T01:50:01.429+0600][46.642s][info][gc,heap        ] GC(156) Eden regions: 70->0(71)
[2026-04-03T01:50:01.429+0600][46.642s][info][gc,heap        ] GC(156) Survivor regions: 11->10(11)
[2026-04-03T01:50:01.429+0600][46.642s][info][gc,heap        ] GC(156) Old regions: 359->370
[2026-04-03T01:50:01.429+0600][46.642s][info][gc,heap        ] GC(156) Humongous regions: 234->233
[2026-04-03T01:50:01.429+0600][46.642s][info][gc,metaspace   ] GC(156) Metaspace: 71059K(72064K)->71059K(72064K) NonClass: 61973K(62528K)->61973K(62528K) Class: 9086K(9536K)->9086K(9536K)
[2026-04-03T01:50:01.429+0600][46.642s][info][gc             ] GC(156) Pause Young (Normal) (G1 Evacuation Pause) 1344M->1223M(3244M) 71.915ms
[2026-04-03T01:50:01.429+0600][46.642s][info][gc,cpu         ] GC(156) User=0.58s Sys=0.03s Real=0.07s
[2026-04-03T01:50:02.125+0600][47.338s][info][gc,start       ] GC(157) Pause Young (Normal) (G1 Evacuation Pause)
[2026-04-03T01:50:02.125+0600][47.338s][info][gc,task        ] GC(157) Using 10 workers of 10 for evacuation
[2026-04-03T01:50:02.185+0600][47.398s][info][gc,mmu         ] GC(157) MMU target violated: 51.0ms (50.0ms/51.0ms)
[2026-04-03T01:50:02.185+0600][47.398s][info][gc,phases      ] GC(157)   Pre Evacuate Collection Set: 1.07ms
[2026-04-03T01:50:02.185+0600][47.398s][info][gc,phases      ] GC(157)   Merge Heap Roots: 0.65ms
[2026-04-03T01:50:02.185+0600][47.398s][info][gc,phases      ] GC(157)   Evacuate Collection Set: 55.62ms
[2026-04-03T01:50:02.185+0600][47.398s][info][gc,phases      ] GC(157)   Post Evacuate Collection Set: 1.85ms
[2026-04-03T01:50:02.185+0600][47.398s][info][gc,phases      ] GC(157)   Other: 0.32ms
[2026-04-03T01:50:02.185+0600][47.398s][info][gc,heap        ] GC(157) Eden regions: 71->0(70)
[2026-04-03T01:50:02.185+0600][47.398s][info][gc,heap        ] GC(157) Survivor regions: 10->11(11)
[2026-04-03T01:50:02.185+0600][47.398s][info][gc,heap        ] GC(157) Old regions: 370->382
[2026-04-03T01:50:02.185+0600][47.398s][info][gc,heap        ] GC(157) Humongous regions: 311->270
[2026-04-03T01:50:02.185+0600][47.398s][info][gc,metaspace   ] GC(157) Metaspace: 72560K(73600K)->72560K(73600K) NonClass: 63256K(63872K)->63256K(63872K) Class: 9303K(9728K)->9303K(9728K)
[2026-04-03T01:50:02.185+0600][47.398s][info][gc             ] GC(157) Pause Young (Normal) (G1 Evacuation Pause) 1521M->1323M(3244M) 60.240ms
[2026-04-03T01:50:02.185+0600][47.398s][info][gc,cpu         ] GC(157) User=0.42s Sys=0.00s Real=0.06s
[2026-04-03T01:50:02.434+0600][47.647s][info][gc,start       ] GC(158) Pause Young (Normal) (G1 Evacuation Pause)
[2026-04-03T01:50:02.434+0600][47.647s][info][gc,task        ] GC(158) Using 10 workers of 10 for evacuation
[2026-04-03T01:50:02.476+0600][47.689s][info][gc,phases      ] GC(158)   Pre Evacuate Collection Set: 0.43ms
[2026-04-03T01:50:02.476+0600][47.689s][info][gc,phases      ] GC(158)   Merge Heap Roots: 0.24ms
[2026-04-03T01:50:02.476+0600][47.689s][info][gc,phases      ] GC(158)   Evacuate Collection Set: 39.82ms
[2026-04-03T01:50:02.476+0600][47.689s][info][gc,phases      ] GC(158)   Post Evacuate Collection Set: 1.81ms
[2026-04-03T01:50:02.476+0600][47.689s][info][gc,phases      ] GC(158)   Other: 0.14ms
[2026-04-03T01:50:02.476+0600][47.689s][info][gc,heap        ] GC(158) Eden regions: 70->0(72)
[2026-04-03T01:50:02.476+0600][47.689s][info][gc,heap        ] GC(158) Survivor regions: 11->11(11)
[2026-04-03T01:50:02.476+0600][47.689s][info][gc,heap        ] GC(158) Old regions: 382->392
[2026-04-03T01:50:02.476+0600][47.689s][info][gc,heap        ] GC(158) Humongous regions: 280->263
[2026-04-03T01:50:02.476+0600][47.689s][info][gc,metaspace   ] GC(158) Metaspace: 72593K(73600K)->72593K(73600K) NonClass: 63286K(63872K)->63286K(63872K) Class: 9306K(9728K)->9306K(9728K)
[2026-04-03T01:50:02.476+0600][47.689s][info][gc             ] GC(158) Pause Young (Normal) (G1 Evacuation Pause) 1483M->1329M(3342M) 42.828ms
[2026-04-03T01:50:02.477+0600][47.689s][info][gc,cpu         ] GC(158) User=0.37s Sys=0.01s Real=0.04s
[2026-04-03T01:50:02.883+0600][48.096s][info][gc,start       ] GC(159) Pause Young (Normal) (G1 Evacuation Pause)
[2026-04-03T01:50:02.884+0600][48.097s][info][gc,task        ] GC(159) Using 10 workers of 10 for evacuation
[2026-04-03T01:50:02.919+0600][48.132s][info][gc,phases      ] GC(159)   Pre Evacuate Collection Set: 0.41ms
[2026-04-03T01:50:02.919+0600][48.132s][info][gc,phases      ] GC(159)   Merge Heap Roots: 0.24ms
[2026-04-03T01:50:02.919+0600][48.132s][info][gc,phases      ] GC(159)   Evacuate Collection Set: 33.76ms
[2026-04-03T01:50:02.919+0600][48.132s][info][gc,phases      ] GC(159)   Post Evacuate Collection Set: 0.88ms
[2026-04-03T01:50:02.919+0600][48.132s][info][gc,phases      ] GC(159)   Other: 0.16ms
[2026-04-03T01:50:02.919+0600][48.132s][info][gc,heap        ] GC(159) Eden regions: 72->0(72)
[2026-04-03T01:50:02.919+0600][48.132s][info][gc,heap        ] GC(159) Survivor regions: 11->11(11)
[2026-04-03T01:50:02.919+0600][48.132s][info][gc,heap        ] GC(159) Old regions: 392->404
[2026-04-03T01:50:02.919+0600][48.132s][info][gc,heap        ] GC(159) Humongous regions: 269->269
[2026-04-03T01:50:02.919+0600][48.132s][info][gc,metaspace   ] GC(159) Metaspace: 72641K(73664K)->72641K(73664K) NonClass: 63331K(63936K)->63331K(63936K) Class: 9309K(9728K)->9309K(9728K)
[2026-04-03T01:50:02.919+0600][48.132s][info][gc             ] GC(159) Pause Young (Normal) (G1 Evacuation Pause) 1485M->1364M(3342M) 35.820ms
[2026-04-03T01:50:02.919+0600][48.132s][info][gc,cpu         ] GC(159) User=0.31s Sys=0.00s Real=0.03s
[2026-04-03T01:50:03.031+0600][48.244s][info][gc,start       ] GC(160) Pause Young (Normal) (G1 Evacuation Pause)
[2026-04-03T01:50:03.031+0600][48.244s][info][gc,task        ] GC(160) Using 10 workers of 10 for evacuation
[2026-04-03T01:50:03.049+0600][48.261s][info][gc,phases      ] GC(160)   Pre Evacuate Collection Set: 0.50ms
[2026-04-03T01:50:03.049+0600][48.262s][info][gc,phases      ] GC(160)   Merge Heap Roots: 0.17ms
[2026-04-03T01:50:03.049+0600][48.262s][info][gc,phases      ] GC(160)   Evacuate Collection Set: 16.33ms
[2026-04-03T01:50:03.049+0600][48.262s][info][gc,phases      ] GC(160)   Post Evacuate Collection Set: 0.51ms
[2026-04-03T01:50:03.049+0600][48.262s][info][gc,phases      ] GC(160)   Other: 0.11ms
[2026-04-03T01:50:03.049+0600][48.262s][info][gc,heap        ] GC(160) Eden regions: 72->0(82)
[2026-04-03T01:50:03.049+0600][48.262s][info][gc,heap        ] GC(160) Survivor regions: 11->1(11)
[2026-04-03T01:50:03.049+0600][48.262s][info][gc,heap        ] GC(160) Old regions: 404->414
[2026-04-03T01:50:03.049+0600][48.262s][info][gc,heap        ] GC(160) Humongous regions: 269->269
[2026-04-03T01:50:03.049+0600][48.262s][info][gc,metaspace   ] GC(160) Metaspace: 72641K(73664K)->72641K(73664K) NonClass: 63331K(63936K)->63331K(63936K) Class: 9309K(9728K)->9309K(9728K)
[2026-04-03T01:50:03.049+0600][48.262s][info][gc             ] GC(160) Pause Young (Normal) (G1 Evacuation Pause) 1508M->1364M(3342M) 17.980ms
[2026-04-03T01:50:03.049+0600][48.262s][info][gc,cpu         ] GC(160) User=0.15s Sys=0.01s Real=0.01s
[2026-04-03T01:50:03.314+0600][48.527s][info][gc,start       ] GC(161) Pause Full (System.gc())
[2026-04-03T01:50:03.314+0600][48.527s][info][gc,task        ] GC(161) Using 10 workers of 10 for full compaction
[2026-04-03T01:50:03.314+0600][48.527s][info][gc,phases,start] GC(161) Phase 1: Mark live objects
[2026-04-03T01:50:03.396+0600][48.608s][info][gc,phases      ] GC(161) Phase 1: Mark live objects 81.241ms
[2026-04-03T01:50:03.396+0600][48.609s][info][gc,phases,start] GC(161) Phase 2: Prepare compaction
[2026-04-03T01:50:03.405+0600][48.618s][info][gc,phases      ] GC(161) Phase 2: Prepare compaction 9.070ms
[2026-04-03T01:50:03.405+0600][48.618s][info][gc,phases,start] GC(161) Phase 3: Adjust pointers
[2026-04-03T01:50:03.435+0600][48.647s][info][gc,phases      ] GC(161) Phase 3: Adjust pointers 29.495ms
[2026-04-03T01:50:03.435+0600][48.648s][info][gc,phases,start] GC(161) Phase 4: Compact heap
[2026-04-03T01:50:03.447+0600][48.660s][info][gc,phases      ] GC(161) Phase 4: Compact heap 12.015ms
[2026-04-03T01:50:03.447+0600][48.660s][info][gc,phases,start] GC(161) Phase 5: Reset Metadata
[2026-04-03T01:50:03.456+0600][48.669s][info][gc,phases      ] GC(161) Phase 5: Reset Metadata 9.494ms
[2026-04-03T01:50:03.484+0600][48.697s][info][gc,heap        ] GC(161) Eden regions: 148->0(76)
[2026-04-03T01:50:03.484+0600][48.697s][info][gc,heap        ] GC(161) Survivor regions: 1->0(11)
[2026-04-03T01:50:03.484+0600][48.697s][info][gc,heap        ] GC(161) Old regions: 414->76
[2026-04-03T01:50:03.484+0600][48.697s][info][gc,heap        ] GC(161) Humongous regions: 271->3
[2026-04-03T01:50:03.484+0600][48.697s][info][gc,metaspace   ] GC(161) Metaspace: 72764K(73728K)->72676K(73728K) NonClass: 63435K(64000K)->63371K(64000K) Class: 9329K(9728K)->9304K(9728K)
[2026-04-03T01:50:03.484+0600][48.697s][info][gc             ] GC(161) Pause Full (System.gc()) 1663M->149M(528M) 170.454ms
[2026-04-03T01:50:03.484+0600][48.697s][info][gc,cpu         ] GC(161) User=1.01s Sys=0.20s Real=0.17s
[2026-04-03T01:50:03.576+0600][48.789s][info][gc,start       ] GC(162) Pause Young (Concurrent Start) (G1 Humongous Allocation)
[2026-04-03T01:50:03.576+0600][48.789s][info][gc,task        ] GC(162) Using 10 workers of 10 for evacuation
[2026-04-03T01:50:03.580+0600][48.793s][info][gc,phases      ] GC(162)   Pre Evacuate Collection Set: 0.52ms
[2026-04-03T01:50:03.580+0600][48.793s][info][gc,phases      ] GC(162)   Merge Heap Roots: 0.27ms
[2026-04-03T01:50:03.580+0600][48.793s][info][gc,phases      ] GC(162)   Evacuate Collection Set: 2.08ms
[2026-04-03T01:50:03.580+0600][48.793s][info][gc,phases      ] GC(162)   Post Evacuate Collection Set: 0.71ms
[2026-04-03T01:50:03.580+0600][48.793s][info][gc,phases      ] GC(162)   Other: 0.29ms
[2026-04-03T01:50:03.580+0600][48.793s][info][gc,heap        ] GC(162) Eden regions: 19->0(147)
[2026-04-03T01:50:03.580+0600][48.793s][info][gc,heap        ] GC(162) Survivor regions: 0->1(18)
[2026-04-03T01:50:03.580+0600][48.793s][info][gc,heap        ] GC(162) Old regions: 76->76
[2026-04-03T01:50:03.580+0600][48.793s][info][gc,heap        ] GC(162) Humongous regions: 3->3
[2026-04-03T01:50:03.580+0600][48.793s][info][gc,metaspace   ] GC(162) Metaspace: 72827K(73792K)->72827K(73792K) NonClass: 63501K(64064K)->63501K(64064K) Class: 9325K(9728K)->9325K(9728K)
[2026-04-03T01:50:03.580+0600][48.793s][info][gc             ] GC(162) Pause Young (Concurrent Start) (G1 Humongous Allocation) 187M->150M(528M) 4.286ms
[2026-04-03T01:50:03.580+0600][48.793s][info][gc             ] GC(163) Concurrent Mark Cycle
[2026-04-03T01:50:03.580+0600][48.793s][info][gc,cpu         ] GC(162) User=0.02s Sys=0.00s Real=0.01s
[2026-04-03T01:50:03.580+0600][48.793s][info][gc,marking     ] GC(163) Concurrent Scan Root Regions
[2026-04-03T01:50:03.582+0600][48.795s][info][gc,marking     ] GC(163) Concurrent Scan Root Regions 1.984ms
[2026-04-03T01:50:03.582+0600][48.795s][info][gc,marking     ] GC(163) Concurrent Mark
[2026-04-03T01:50:03.582+0600][48.795s][info][gc,marking     ] GC(163) Concurrent Mark From Roots
[2026-04-03T01:50:03.582+0600][48.795s][info][gc,task        ] GC(163) Using 3 workers of 3 for marking
[2026-04-03T01:50:03.789+0600][49.002s][info][gc,marking     ] GC(163) Concurrent Mark From Roots 206.533ms
[2026-04-03T01:50:03.789+0600][49.002s][info][gc,marking     ] GC(163) Concurrent Preclean
[2026-04-03T01:50:03.789+0600][49.002s][info][gc,marking     ] GC(163) Concurrent Preclean 0.188ms
[2026-04-03T01:50:03.793+0600][49.006s][info][gc,start       ] GC(163) Pause Remark
[2026-04-03T01:50:03.801+0600][49.014s][info][gc             ] GC(163) Pause Remark 240M->240M(528M) 7.419ms
[2026-04-03T01:50:03.801+0600][49.014s][info][gc,cpu         ] GC(163) User=0.03s Sys=0.00s Real=0.01s
[2026-04-03T01:50:03.801+0600][49.014s][info][gc,marking     ] GC(163) Concurrent Mark 218.804ms
[2026-04-03T01:50:03.801+0600][49.014s][info][gc,marking     ] GC(163) Concurrent Rebuild Remembered Sets and Scrub Regions
[2026-04-03T01:50:03.860+0600][49.073s][info][gc,marking     ] GC(163) Concurrent Rebuild Remembered Sets and Scrub Regions 58.332ms
[2026-04-03T01:50:03.863+0600][49.076s][info][gc,start       ] GC(163) Pause Cleanup
[2026-04-03T01:50:03.863+0600][49.076s][info][gc             ] GC(163) Pause Cleanup 288M->288M(528M) 0.367ms
[2026-04-03T01:50:03.863+0600][49.076s][info][gc,cpu         ] GC(163) User=0.00s Sys=0.00s Real=0.00s
[2026-04-03T01:50:03.864+0600][49.076s][info][gc,marking     ] GC(163) Concurrent Clear Claimed Marks
[2026-04-03T01:50:03.864+0600][49.077s][info][gc,marking     ] GC(163) Concurrent Clear Claimed Marks 0.291ms
[2026-04-03T01:50:03.864+0600][49.077s][info][gc,marking     ] GC(163) Concurrent Cleanup for Next Mark
[2026-04-03T01:50:03.865+0600][49.078s][info][gc,marking     ] GC(163) Concurrent Cleanup for Next Mark 0.804ms
[2026-04-03T01:50:03.865+0600][49.078s][info][gc             ] GC(163) Concurrent Mark Cycle 284.493ms
[2026-04-03T01:50:04.120+0600][49.333s][info][gc,start       ] GC(164) Pause Young (Prepare Mixed) (G1 Evacuation Pause)
[2026-04-03T01:50:04.120+0600][49.333s][info][gc,task        ] GC(164) Using 10 workers of 10 for evacuation
[2026-04-03T01:50:04.210+0600][49.423s][info][gc,mmu         ] GC(164) MMU target violated: 51.0ms (50.0ms/51.0ms)
[2026-04-03T01:50:04.210+0600][49.423s][info][gc,phases      ] GC(164)   Pre Evacuate Collection Set: 0.62ms
[2026-04-03T01:50:04.210+0600][49.423s][info][gc,phases      ] GC(164)   Merge Heap Roots: 0.69ms
[2026-04-03T01:50:04.210+0600][49.423s][info][gc,phases      ] GC(164)   Evacuate Collection Set: 87.06ms
[2026-04-03T01:50:04.210+0600][49.423s][info][gc,phases      ] GC(164)   Post Evacuate Collection Set: 1.04ms
[2026-04-03T01:50:04.210+0600][49.423s][info][gc,phases      ] GC(164)   Other: 0.43ms
[2026-04-03T01:50:04.210+0600][49.423s][info][gc,heap        ] GC(164) Eden regions: 147->0(82)
[2026-04-03T01:50:04.210+0600][49.423s][info][gc,heap        ] GC(164) Survivor regions: 1->19(19)
[2026-04-03T01:50:04.210+0600][49.423s][info][gc,heap        ] GC(164) Old regions: 76->98
[2026-04-03T01:50:04.210+0600][49.423s][info][gc,heap        ] GC(164) Humongous regions: 25->22
[2026-04-03T01:50:04.210+0600][49.423s][info][gc,metaspace   ] GC(164) Metaspace: 72837K(73792K)->72837K(73792K) NonClass: 63510K(64064K)->63510K(64064K) Class: 9326K(9728K)->9326K(9728K)
[2026-04-03T01:50:04.210+0600][49.423s][info][gc             ] GC(164) Pause Young (Prepare Mixed) (G1 Evacuation Pause) 488M->268M(580M) 90.190ms
[2026-04-03T01:50:04.210+0600][49.423s][info][gc,cpu         ] GC(164) User=0.59s Sys=0.10s Real=0.09s
[2026-04-03T01:50:04.448+0600][49.661s][info][gc,start       ] GC(165) Pause Young (Mixed) (G1 Evacuation Pause)
[2026-04-03T01:50:04.448+0600][49.661s][info][gc,task        ] GC(165) Using 10 workers of 10 for evacuation
[2026-04-03T01:50:04.520+0600][49.732s][info][gc,mmu         ] GC(165) MMU target violated: 51.0ms (50.0ms/51.0ms)
[2026-04-03T01:50:04.520+0600][49.733s][info][gc,phases      ] GC(165)   Pre Evacuate Collection Set: 0.65ms
[2026-04-03T01:50:04.520+0600][49.733s][info][gc,phases      ] GC(165)   Merge Heap Roots: 0.82ms
[2026-04-03T01:50:04.520+0600][49.733s][info][gc,phases      ] GC(165)   Evacuate Collection Set: 65.47ms
[2026-04-03T01:50:04.520+0600][49.733s][info][gc,phases      ] GC(165)   Post Evacuate Collection Set: 4.23ms
[2026-04-03T01:50:04.520+0600][49.733s][info][gc,phases      ] GC(165)   Other: 0.28ms
[2026-04-03T01:50:04.520+0600][49.733s][info][gc,heap        ] GC(165) Eden regions: 86->0(36)
[2026-04-03T01:50:04.520+0600][49.733s][info][gc,heap        ] GC(165) Survivor regions: 19->10(14)
[2026-04-03T01:50:04.520+0600][49.733s][info][gc,heap        ] GC(165) Old regions: 98->117
[2026-04-03T01:50:04.520+0600][49.733s][info][gc,heap        ] GC(165) Humongous regions: 28->28
[2026-04-03T01:50:04.520+0600][49.733s][info][gc,metaspace   ] GC(165) Metaspace: 72837K(73792K)->72837K(73792K) NonClass: 63510K(64064K)->63510K(64064K) Class: 9326K(9728K)->9326K(9728K)
[2026-04-03T01:50:04.520+0600][49.733s][info][gc             ] GC(165) Pause Young (Mixed) (G1 Evacuation Pause) 452M->303M(1464M) 71.871ms
[2026-04-03T01:50:04.520+0600][49.733s][info][gc,cpu         ] GC(165) User=0.52s Sys=0.01s Real=0.08s
[2026-04-03T01:50:04.646+0600][49.859s][info][gc,start       ] GC(166) Pause Young (Mixed) (G1 Evacuation Pause)
[2026-04-03T01:50:04.646+0600][49.859s][info][gc,task        ] GC(166) Using 10 workers of 10 for evacuation
[2026-04-03T01:50:04.677+0600][49.890s][info][gc,phases      ] GC(166)   Pre Evacuate Collection Set: 0.39ms
[2026-04-03T01:50:04.677+0600][49.890s][info][gc,phases      ] GC(166)   Merge Heap Roots: 1.04ms
[2026-04-03T01:50:04.677+0600][49.890s][info][gc,phases      ] GC(166)   Evacuate Collection Set: 28.24ms
[2026-04-03T01:50:04.677+0600][49.890s][info][gc,phases      ] GC(166)   Post Evacuate Collection Set: 0.73ms
[2026-04-03T01:50:04.677+0600][49.890s][info][gc,phases      ] GC(166)   Other: 0.15ms
[2026-04-03T01:50:04.677+0600][49.890s][info][gc,heap        ] GC(166) Eden regions: 39->0(69)
[2026-04-03T01:50:04.677+0600][49.890s][info][gc,heap        ] GC(166) Survivor regions: 10->5(7)
[2026-04-03T01:50:04.677+0600][49.890s][info][gc,heap        ] GC(166) Old regions: 117->126
[2026-04-03T01:50:04.677+0600][49.890s][info][gc,heap        ] GC(166) Humongous regions: 30->30
[2026-04-03T01:50:04.677+0600][49.890s][info][gc,metaspace   ] GC(166) Metaspace: 72837K(73792K)->72837K(73792K) NonClass: 63511K(64064K)->63511K(64064K) Class: 9326K(9728K)->9326K(9728K)
[2026-04-03T01:50:04.677+0600][49.890s][info][gc             ] GC(166) Pause Young (Mixed) (G1 Evacuation Pause) 385M->316M(1464M) 30.958ms
[2026-04-03T01:50:04.677+0600][49.890s][info][gc,cpu         ] GC(166) User=0.26s Sys=0.01s Real=0.03s
[2026-04-03T01:50:04.896+0600][50.109s][info][gc,start       ] GC(167) Pause Young (Normal) (G1 Evacuation Pause)
[2026-04-03T01:50:04.896+0600][50.109s][info][gc,task        ] GC(167) Using 10 workers of 10 for evacuation
[2026-04-03T01:50:04.935+0600][50.148s][info][gc,phases      ] GC(167)   Pre Evacuate Collection Set: 0.36ms
[2026-04-03T01:50:04.935+0600][50.148s][info][gc,phases      ] GC(167)   Merge Heap Roots: 1.44ms
[2026-04-03T01:50:04.935+0600][50.148s][info][gc,phases      ] GC(167)   Evacuate Collection Set: 36.42ms
[2026-04-03T01:50:04.935+0600][50.148s][info][gc,phases      ] GC(167)   Post Evacuate Collection Set: 0.77ms
[2026-04-03T01:50:04.935+0600][50.148s][info][gc,phases      ] GC(167)   Other: 0.14ms
[2026-04-03T01:50:04.935+0600][50.148s][info][gc,heap        ] GC(167) Eden regions: 69->0(26)
[2026-04-03T01:50:04.935+0600][50.148s][info][gc,heap        ] GC(167) Survivor regions: 5->10(10)
[2026-04-03T01:50:04.936+0600][50.148s][info][gc,heap        ] GC(167) Old regions: 126->126
[2026-04-03T01:50:04.936+0600][50.148s][info][gc,heap        ] GC(167) Humongous regions: 36->36
[2026-04-03T01:50:04.936+0600][50.148s][info][gc,metaspace   ] GC(167) Metaspace: 72837K(73792K)->72837K(73792K) NonClass: 63511K(64064K)->63511K(64064K) Class: 9326K(9728K)->9326K(9728K)
[2026-04-03T01:50:04.936+0600][50.149s][info][gc             ] GC(167) Pause Young (Normal) (G1 Evacuation Pause) 466M->338M(1464M) 39.525ms
[2026-04-03T01:50:04.936+0600][50.149s][info][gc,cpu         ] GC(167) User=0.28s Sys=0.02s Real=0.04s
[2026-04-03T01:50:05.037+0600][50.250s][info][gc,start       ] GC(168) Pause Young (Normal) (G1 Evacuation Pause)
[2026-04-03T01:50:05.038+0600][50.251s][info][gc,task        ] GC(168) Using 10 workers of 10 for evacuation
[2026-04-03T01:50:05.080+0600][50.293s][info][gc,phases      ] GC(168)   Pre Evacuate Collection Set: 0.41ms
[2026-04-03T01:50:05.080+0600][50.293s][info][gc,phases      ] GC(168)   Merge Heap Roots: 1.04ms
[2026-04-03T01:50:05.080+0600][50.293s][info][gc,phases      ] GC(168)   Evacuate Collection Set: 39.39ms
[2026-04-03T01:50:05.080+0600][50.293s][info][gc,phases      ] GC(168)   Post Evacuate Collection Set: 1.33ms
[2026-04-03T01:50:05.080+0600][50.293s][info][gc,phases      ] GC(168)   Other: 0.18ms
[2026-04-03T01:50:05.080+0600][50.293s][info][gc,heap        ] GC(168) Eden regions: 27->0(64)
[2026-04-03T01:50:05.080+0600][50.293s][info][gc,heap        ] GC(168) Survivor regions: 10->3(5)
[2026-04-03T01:50:05.080+0600][50.293s][info][gc,heap        ] GC(168) Old regions: 126->136
[2026-04-03T01:50:05.080+0600][50.293s][info][gc,heap        ] GC(168) Humongous regions: 39->39
[2026-04-03T01:50:05.080+0600][50.293s][info][gc,metaspace   ] GC(168) Metaspace: 72837K(73792K)->72837K(73792K) NonClass: 63511K(64064K)->63511K(64064K) Class: 9326K(9728K)->9326K(9728K)
[2026-04-03T01:50:05.080+0600][50.293s][info][gc             ] GC(168) Pause Young (Normal) (G1 Evacuation Pause) 398M->349M(1464M) 42.782ms
[2026-04-03T01:50:05.080+0600][50.293s][info][gc,cpu         ] GC(168) User=0.30s Sys=0.00s Real=0.05s
[2026-04-03T01:50:05.235+0600][50.448s][info][gc,start       ] GC(169) Pause Young (Normal) (G1 Evacuation Pause)
[2026-04-03T01:50:05.235+0600][50.448s][info][gc,task        ] GC(169) Using 10 workers of 10 for evacuation
[2026-04-03T01:50:05.264+0600][50.477s][info][gc,phases      ] GC(169)   Pre Evacuate Collection Set: 0.51ms
[2026-04-03T01:50:05.264+0600][50.477s][info][gc,phases      ] GC(169)   Merge Heap Roots: 1.44ms
[2026-04-03T01:50:05.264+0600][50.477s][info][gc,phases      ] GC(169)   Evacuate Collection Set: 23.01ms
[2026-04-03T01:50:05.264+0600][50.477s][info][gc,phases      ] GC(169)   Post Evacuate Collection Set: 3.44ms
[2026-04-03T01:50:05.264+0600][50.477s][info][gc,phases      ] GC(169)   Other: 0.14ms
[2026-04-03T01:50:05.264+0600][50.477s][info][gc,heap        ] GC(169) Eden regions: 55->0(45)
[2026-04-03T01:50:05.264+0600][50.477s][info][gc,heap        ] GC(169) Survivor regions: 3->7(8)
[2026-04-03T01:50:05.264+0600][50.477s][info][gc,heap        ] GC(169) Old regions: 136->136
[2026-04-03T01:50:05.264+0600][50.477s][info][gc,heap        ] GC(169) Humongous regions: 39->39
[2026-04-03T01:50:05.264+0600][50.477s][info][gc,metaspace   ] GC(169) Metaspace: 72837K(73792K)->72837K(73792K) NonClass: 63511K(64064K)->63511K(64064K) Class: 9326K(9728K)->9326K(9728K)
[2026-04-03T01:50:05.264+0600][50.477s][info][gc             ] GC(169) Pause Young (Normal) (G1 Evacuation Pause) 459M->356M(2098M) 28.978ms
[2026-04-03T01:50:05.264+0600][50.477s][info][gc,cpu         ] GC(169) User=0.23s Sys=0.00s Real=0.03s
[2026-04-03T01:50:05.453+0600][50.666s][info][gc,start       ] GC(170) Pause Young (Normal) (G1 Evacuation Pause)
[2026-04-03T01:50:05.453+0600][50.666s][info][gc,task        ] GC(170) Using 10 workers of 10 for evacuation
[2026-04-03T01:50:05.477+0600][50.690s][info][gc,phases      ] GC(170)   Pre Evacuate Collection Set: 0.74ms
[2026-04-03T01:50:05.477+0600][50.690s][info][gc,phases      ] GC(170)   Merge Heap Roots: 0.83ms
[2026-04-03T01:50:05.477+0600][50.690s][info][gc,phases      ] GC(170)   Evacuate Collection Set: 21.52ms
[2026-04-03T01:50:05.477+0600][50.690s][info][gc,phases      ] GC(170)   Post Evacuate Collection Set: 0.95ms
[2026-04-03T01:50:05.477+0600][50.690s][info][gc,phases      ] GC(170)   Other: 0.13ms
[2026-04-03T01:50:05.477+0600][50.690s][info][gc,heap        ] GC(170) Eden regions: 45->0(66)
[2026-04-03T01:50:05.477+0600][50.690s][info][gc,heap        ] GC(170) Survivor regions: 7->5(7)
[2026-04-03T01:50:05.477+0600][50.690s][info][gc,heap        ] GC(170) Old regions: 136->141
[2026-04-03T01:50:05.477+0600][50.690s][info][gc,heap        ] GC(170) Humongous regions: 39->39
[2026-04-03T01:50:05.477+0600][50.690s][info][gc,metaspace   ] GC(170) Metaspace: 72837K(73792K)->72837K(73792K) NonClass: 63511K(64064K)->63511K(64064K) Class: 9326K(9728K)->9326K(9728K)
[2026-04-03T01:50:05.478+0600][50.690s][info][gc             ] GC(170) Pause Young (Normal) (G1 Evacuation Pause) 446M->362M(2098M) 24.556ms
[2026-04-03T01:50:05.478+0600][50.691s][info][gc,cpu         ] GC(170) User=0.20s Sys=0.01s Real=0.02s
[2026-04-03T01:50:05.632+0600][50.845s][info][gc,start       ] GC(171) Pause Young (Normal) (G1 Evacuation Pause)
[2026-04-03T01:50:05.633+0600][50.846s][info][gc,task        ] GC(171) Using 10 workers of 10 for evacuation
[2026-04-03T01:50:05.659+0600][50.872s][info][gc,phases      ] GC(171)   Pre Evacuate Collection Set: 0.48ms
[2026-04-03T01:50:05.659+0600][50.872s][info][gc,phases      ] GC(171)   Merge Heap Roots: 1.39ms
[2026-04-03T01:50:05.659+0600][50.872s][info][gc,phases      ] GC(171)   Evacuate Collection Set: 23.31ms
[2026-04-03T01:50:05.659+0600][50.872s][info][gc,phases      ] GC(171)   Post Evacuate Collection Set: 0.77ms
[2026-04-03T01:50:05.659+0600][50.872s][info][gc,phases      ] GC(171)   Other: 0.17ms
[2026-04-03T01:50:05.659+0600][50.872s][info][gc,heap        ] GC(171) Eden regions: 60->0(59)
[2026-04-03T01:50:05.659+0600][50.872s][info][gc,heap        ] GC(171) Survivor regions: 5->8(9)
[2026-04-03T01:50:05.659+0600][50.872s][info][gc,heap        ] GC(171) Old regions: 141->141
[2026-04-03T01:50:05.659+0600][50.872s][info][gc,heap        ] GC(171) Humongous regions: 39->39
[2026-04-03T01:50:05.659+0600][50.872s][info][gc,metaspace   ] GC(171) Metaspace: 72837K(73792K)->72837K(73792K) NonClass: 63511K(64064K)->63511K(64064K) Class: 9326K(9728K)->9326K(9728K)
[2026-04-03T01:50:05.659+0600][50.872s][info][gc             ] GC(171) Pause Young (Normal) (G1 Evacuation Pause) 482M->369M(2098M) 26.564ms
[2026-04-03T01:50:05.659+0600][50.872s][info][gc,cpu         ] GC(171) User=0.18s Sys=0.03s Real=0.02s
[2026-04-03T01:50:05.865+0600][51.078s][info][gc,start       ] GC(172) Pause Young (Normal) (G1 Evacuation Pause)
[2026-04-03T01:50:05.865+0600][51.078s][info][gc,task        ] GC(172) Using 10 workers of 10 for evacuation
[2026-04-03T01:50:05.892+0600][51.105s][info][gc,phases      ] GC(172)   Pre Evacuate Collection Set: 0.67ms
[2026-04-03T01:50:05.892+0600][51.105s][info][gc,phases      ] GC(172)   Merge Heap Roots: 1.09ms
[2026-04-03T01:50:05.893+0600][51.105s][info][gc,phases      ] GC(172)   Evacuate Collection Set: 24.25ms
[2026-04-03T01:50:05.893+0600][51.105s][info][gc,phases      ] GC(172)   Post Evacuate Collection Set: 0.83ms
[2026-04-03T01:50:05.893+0600][51.105s][info][gc,phases      ] GC(172)   Other: 0.16ms
[2026-04-03T01:50:05.893+0600][51.106s][info][gc,heap        ] GC(172) Eden regions: 63->0(65)
[2026-04-03T01:50:05.893+0600][51.106s][info][gc,heap        ] GC(172) Survivor regions: 8->9(9)
[2026-04-03T01:50:05.893+0600][51.106s][info][gc,heap        ] GC(172) Old regions: 141->144
[2026-04-03T01:50:05.893+0600][51.106s][info][gc,heap        ] GC(172) Humongous regions: 39->39
[2026-04-03T01:50:05.893+0600][51.106s][info][gc,metaspace   ] GC(172) Metaspace: 72837K(73792K)->72837K(73792K) NonClass: 63511K(64064K)->63511K(64064K) Class: 9326K(9728K)->9326K(9728K)
[2026-04-03T01:50:05.893+0600][51.106s][info][gc             ] GC(172) Pause Young (Normal) (G1 Evacuation Pause) 495M->376M(2098M) 27.415ms
[2026-04-03T01:50:05.893+0600][51.106s][info][gc,cpu         ] GC(172) User=0.23s Sys=0.03s Real=0.03s
[2026-04-03T01:50:06.100+0600][51.313s][info][gc,start       ] GC(173) Pause Young (Normal) (G1 Evacuation Pause)
[2026-04-03T01:50:06.100+0600][51.313s][info][gc,task        ] GC(173) Using 10 workers of 10 for evacuation
[2026-04-03T01:50:06.131+0600][51.344s][info][gc,phases      ] GC(173)   Pre Evacuate Collection Set: 0.48ms
[2026-04-03T01:50:06.131+0600][51.344s][info][gc,phases      ] GC(173)   Merge Heap Roots: 1.24ms
[2026-04-03T01:50:06.131+0600][51.344s][info][gc,phases      ] GC(173)   Evacuate Collection Set: 27.49ms
[2026-04-03T01:50:06.131+0600][51.344s][info][gc,phases      ] GC(173)   Post Evacuate Collection Set: 1.75ms
[2026-04-03T01:50:06.131+0600][51.344s][info][gc,phases      ] GC(173)   Other: 0.13ms
[2026-04-03T01:50:06.131+0600][51.344s][info][gc,heap        ] GC(173) Eden regions: 76->0(81)
[2026-04-03T01:50:06.131+0600][51.344s][info][gc,heap        ] GC(173) Survivor regions: 9->9(11)
[2026-04-03T01:50:06.131+0600][51.344s][info][gc,heap        ] GC(173) Old regions: 144->147
[2026-04-03T01:50:06.131+0600][51.344s][info][gc,heap        ] GC(173) Humongous regions: 39->39
[2026-04-03T01:50:06.131+0600][51.344s][info][gc,metaspace   ] GC(173) Metaspace: 72837K(73792K)->72837K(73792K) NonClass: 63511K(64064K)->63511K(64064K) Class: 9326K(9728K)->9326K(9728K)
[2026-04-03T01:50:06.131+0600][51.344s][info][gc             ] GC(173) Pause Young (Normal) (G1 Evacuation Pause) 528M->384M(2358M) 31.438ms
[2026-04-03T01:50:06.132+0600][51.345s][info][gc,cpu         ] GC(173) User=0.27s Sys=0.02s Real=0.03s
[2026-04-03T01:50:06.472+0600][51.685s][info][gc,start       ] GC(174) Pause Young (Normal) (G1 Evacuation Pause)
[2026-04-03T01:50:06.472+0600][51.685s][info][gc,task        ] GC(174) Using 10 workers of 10 for evacuation
[2026-04-03T01:50:06.501+0600][51.714s][info][gc,phases      ] GC(174)   Pre Evacuate Collection Set: 0.67ms
[2026-04-03T01:50:06.501+0600][51.714s][info][gc,phases      ] GC(174)   Merge Heap Roots: 1.33ms
[2026-04-03T01:50:06.501+0600][51.714s][info][gc,phases      ] GC(174)   Evacuate Collection Set: 25.70ms
[2026-04-03T01:50:06.501+0600][51.714s][info][gc,phases      ] GC(174)   Post Evacuate Collection Set: 0.71ms
[2026-04-03T01:50:06.501+0600][51.714s][info][gc,phases      ] GC(174)   Other: 0.18ms
[2026-04-03T01:50:06.501+0600][51.714s][info][gc,heap        ] GC(174) Eden regions: 77->0(84)
[2026-04-03T01:50:06.501+0600][51.714s][info][gc,heap        ] GC(174) Survivor regions: 9->10(11)
[2026-04-03T01:50:06.501+0600][51.714s][info][gc,heap        ] GC(174) Old regions: 147->150
[2026-04-03T01:50:06.501+0600][51.714s][info][gc,heap        ] GC(174) Humongous regions: 44->44
[2026-04-03T01:50:06.501+0600][51.714s][info][gc,metaspace   ] GC(174) Metaspace: 72837K(73792K)->72837K(73792K) NonClass: 63511K(64064K)->63511K(64064K) Class: 9326K(9728K)->9326K(9728K)
[2026-04-03T01:50:06.501+0600][51.714s][info][gc             ] GC(174) Pause Young (Normal) (G1 Evacuation Pause) 548M->401M(2358M) 28.969ms
[2026-04-03T01:50:06.501+0600][51.714s][info][gc,cpu         ] GC(174) User=0.25s Sys=0.02s Real=0.03s
[2026-04-03T01:50:06.709+0600][51.922s][info][gc,start       ] GC(175) Pause Young (Normal) (G1 Evacuation Pause)
[2026-04-03T01:50:06.709+0600][51.922s][info][gc,task        ] GC(175) Using 10 workers of 10 for evacuation
[2026-04-03T01:50:06.755+0600][51.968s][info][gc,phases      ] GC(175)   Pre Evacuate Collection Set: 0.42ms
[2026-04-03T01:50:06.756+0600][51.968s][info][gc,phases      ] GC(175)   Merge Heap Roots: 1.70ms
[2026-04-03T01:50:06.756+0600][51.968s][info][gc,phases      ] GC(175)   Evacuate Collection Set: 42.64ms
[2026-04-03T01:50:06.756+0600][51.969s][info][gc,phases      ] GC(175)   Post Evacuate Collection Set: 1.05ms
[2026-04-03T01:50:06.756+0600][51.969s][info][gc,phases      ] GC(175)   Other: 0.15ms
[2026-04-03T01:50:06.756+0600][51.969s][info][gc,heap        ] GC(175) Eden regions: 60->0(106)
[2026-04-03T01:50:06.756+0600][51.969s][info][gc,heap        ] GC(175) Survivor regions: 10->5(9)
[2026-04-03T01:50:06.756+0600][51.969s][info][gc,heap        ] GC(175) Old regions: 150->159
[2026-04-03T01:50:06.756+0600][51.969s][info][gc,heap        ] GC(175) Humongous regions: 54->54
[2026-04-03T01:50:06.756+0600][51.969s][info][gc,metaspace   ] GC(175) Metaspace: 72837K(73792K)->72837K(73792K) NonClass: 63511K(64064K)->63511K(64064K) Class: 9326K(9728K)->9326K(9728K)
[2026-04-03T01:50:06.756+0600][51.969s][info][gc             ] GC(175) Pause Young (Normal) (G1 Evacuation Pause) 541M->429M(2358M) 46.327ms
[2026-04-03T01:50:06.756+0600][51.969s][info][gc,cpu         ] GC(175) User=0.41s Sys=0.00s Real=0.05s
[2026-04-03T01:50:07.026+0600][52.239s][info][gc,start       ] GC(176) Pause Young (Normal) (G1 Evacuation Pause)
[2026-04-03T01:50:07.026+0600][52.239s][info][gc,task        ] GC(176) Using 10 workers of 10 for evacuation
[2026-04-03T01:50:07.059+0600][52.272s][info][gc,phases      ] GC(176)   Pre Evacuate Collection Set: 0.42ms
[2026-04-03T01:50:07.059+0600][52.272s][info][gc,phases      ] GC(176)   Merge Heap Roots: 1.90ms
[2026-04-03T01:50:07.059+0600][52.272s][info][gc,phases      ] GC(176)   Evacuate Collection Set: 29.61ms
[2026-04-03T01:50:07.059+0600][52.272s][info][gc,phases      ] GC(176)   Post Evacuate Collection Set: 0.96ms
[2026-04-03T01:50:07.059+0600][52.272s][info][gc,phases      ] GC(176)   Other: 0.13ms
[2026-04-03T01:50:07.059+0600][52.272s][info][gc,heap        ] GC(176) Eden regions: 84->0(81)
[2026-04-03T01:50:07.059+0600][52.272s][info][gc,heap        ] GC(176) Survivor regions: 5->9(12)
[2026-04-03T01:50:07.059+0600][52.272s][info][gc,heap        ] GC(176) Old regions: 159->159
[2026-04-03T01:50:07.059+0600][52.272s][info][gc,heap        ] GC(176) Humongous regions: 54->54
[2026-04-03T01:50:07.059+0600][52.272s][info][gc,metaspace   ] GC(176) Metaspace: 72837K(73792K)->72837K(73792K) NonClass: 63511K(64064K)->63511K(64064K) Class: 9326K(9728K)->9326K(9728K)
[2026-04-03T01:50:07.059+0600][52.272s][info][gc             ] GC(176) Pause Young (Normal) (G1 Evacuation Pause) 597M->437M(2358M) 33.444ms
[2026-04-03T01:50:07.059+0600][52.272s][info][gc,cpu         ] GC(176) User=0.29s Sys=0.02s Real=0.03s
[2026-04-03T01:50:08.290+0600][53.503s][info][gc,start       ] GC(177) Pause Young (Normal) (G1 Evacuation Pause)
[2026-04-03T01:50:08.290+0600][53.503s][info][gc,task        ] GC(177) Using 10 workers of 10 for evacuation
[2026-04-03T01:50:08.346+0600][53.559s][info][gc,mmu         ] GC(177) MMU target violated: 51.0ms (50.0ms/51.0ms)
[2026-04-03T01:50:08.346+0600][53.559s][info][gc,phases      ] GC(177)   Pre Evacuate Collection Set: 0.58ms
[2026-04-03T01:50:08.346+0600][53.559s][info][gc,phases      ] GC(177)   Merge Heap Roots: 0.98ms
[2026-04-03T01:50:08.346+0600][53.559s][info][gc,phases      ] GC(177)   Evacuate Collection Set: 52.34ms
[2026-04-03T01:50:08.346+0600][53.559s][info][gc,phases      ] GC(177)   Post Evacuate Collection Set: 1.66ms
[2026-04-03T01:50:08.346+0600][53.559s][info][gc,phases      ] GC(177)   Other: 0.25ms
[2026-04-03T01:50:08.346+0600][53.559s][info][gc,heap        ] GC(177) Eden regions: 72->0(52)
[2026-04-03T01:50:08.346+0600][53.559s][info][gc,heap        ] GC(177) Survivor regions: 9->11(11)
[2026-04-03T01:50:08.346+0600][53.559s][info][gc,heap        ] GC(177) Old regions: 159->166
[2026-04-03T01:50:08.346+0600][53.559s][info][gc,heap        ] GC(177) Humongous regions: 75->69
[2026-04-03T01:50:08.346+0600][53.559s][info][gc,metaspace   ] GC(177) Metaspace: 72886K(73856K)->72886K(73856K) NonClass: 63558K(64128K)->63558K(64128K) Class: 9327K(9728K)->9327K(9728K)
[2026-04-03T01:50:08.346+0600][53.559s][info][gc             ] GC(177) Pause Young (Normal) (G1 Evacuation Pause) 623M->486M(2550M) 56.072ms
[2026-04-03T01:50:08.346+0600][53.559s][info][gc,cpu         ] GC(177) User=0.53s Sys=0.00s Real=0.05s
[2026-04-03T01:50:08.741+0600][53.954s][info][gc,start       ] GC(178) Pause Young (Normal) (G1 Evacuation Pause)
[2026-04-03T01:50:08.741+0600][53.954s][info][gc,task        ] GC(178) Using 10 workers of 10 for evacuation
[2026-04-03T01:50:08.803+0600][54.016s][info][gc,mmu         ] GC(178) MMU target violated: 51.0ms (50.0ms/51.0ms)
[2026-04-03T01:50:08.803+0600][54.016s][info][gc,phases      ] GC(178)   Pre Evacuate Collection Set: 0.51ms
[2026-04-03T01:50:08.803+0600][54.016s][info][gc,phases      ] GC(178)   Merge Heap Roots: 1.86ms
[2026-04-03T01:50:08.803+0600][54.016s][info][gc,phases      ] GC(178)   Evacuate Collection Set: 58.19ms
[2026-04-03T01:50:08.803+0600][54.016s][info][gc,phases      ] GC(178)   Post Evacuate Collection Set: 0.99ms
[2026-04-03T01:50:08.803+0600][54.016s][info][gc,phases      ] GC(178)   Other: 0.19ms
[2026-04-03T01:50:08.803+0600][54.016s][info][gc,heap        ] GC(178) Eden regions: 52->0(55)
[2026-04-03T01:50:08.803+0600][54.016s][info][gc,heap        ] GC(178) Survivor regions: 11->8(8)
[2026-04-03T01:50:08.803+0600][54.016s][info][gc,heap        ] GC(178) Old regions: 166->181
[2026-04-03T01:50:08.803+0600][54.016s][info][gc,heap        ] GC(178) Humongous regions: 78->78
[2026-04-03T01:50:08.803+0600][54.016s][info][gc,metaspace   ] GC(178) Metaspace: 72887K(73856K)->72887K(73856K) NonClass: 63559K(64128K)->63559K(64128K) Class: 9327K(9728K)->9327K(9728K)
[2026-04-03T01:50:08.803+0600][54.016s][info][gc             ] GC(178) Pause Young (Normal) (G1 Evacuation Pause) 608M->529M(2550M) 61.977ms
[2026-04-03T01:50:08.803+0600][54.016s][info][gc,cpu         ] GC(178) User=0.56s Sys=0.02s Real=0.06s
[2026-04-03T01:50:09.006+0600][54.219s][info][gc,start       ] GC(179) Pause Young (Normal) (G1 Evacuation Pause)
[2026-04-03T01:50:09.006+0600][54.219s][info][gc,task        ] GC(179) Using 10 workers of 10 for evacuation
[2026-04-03T01:50:09.071+0600][54.284s][info][gc,mmu         ] GC(179) MMU target violated: 51.0ms (50.0ms/51.0ms)
[2026-04-03T01:50:09.071+0600][54.284s][info][gc,phases      ] GC(179)   Pre Evacuate Collection Set: 0.48ms
[2026-04-03T01:50:09.071+0600][54.284s][info][gc,phases      ] GC(179)   Merge Heap Roots: 0.86ms
[2026-04-03T01:50:09.071+0600][54.284s][info][gc,phases      ] GC(179)   Evacuate Collection Set: 62.48ms
[2026-04-03T01:50:09.071+0600][54.284s][info][gc,phases      ] GC(179)   Post Evacuate Collection Set: 0.80ms
[2026-04-03T01:50:09.071+0600][54.284s][info][gc,phases      ] GC(179)   Other: 0.28ms
[2026-04-03T01:50:09.071+0600][54.284s][info][gc,heap        ] GC(179) Eden regions: 76->0(52)
[2026-04-03T01:50:09.071+0600][54.284s][info][gc,heap        ] GC(179) Survivor regions: 8->11(11)
[2026-04-03T01:50:09.071+0600][54.284s][info][gc,heap        ] GC(179) Old regions: 181->208
[2026-04-03T01:50:09.071+0600][54.284s][info][gc,heap        ] GC(179) Humongous regions: 96->96
[2026-04-03T01:50:09.071+0600][54.284s][info][gc,metaspace   ] GC(179) Metaspace: 72887K(73856K)->72887K(73856K) NonClass: 63559K(64128K)->63559K(64128K) Class: 9327K(9728K)->9327K(9728K)
[2026-04-03T01:50:09.071+0600][54.284s][info][gc             ] GC(179) Pause Young (Normal) (G1 Evacuation Pause) 717M->625M(2550M) 65.211ms
[2026-04-03T01:50:09.071+0600][54.284s][info][gc,cpu         ] GC(179) User=0.57s Sys=0.04s Real=0.07s
[2026-04-03T01:50:09.160+0600][54.373s][info][gc,start       ] GC(180) Pause Young (Normal) (G1 Evacuation Pause)
[2026-04-03T01:50:09.160+0600][54.373s][info][gc,task        ] GC(180) Using 10 workers of 10 for evacuation
[2026-04-03T01:50:09.196+0600][54.409s][info][gc,phases      ] GC(180)   Pre Evacuate Collection Set: 0.62ms
[2026-04-03T01:50:09.196+0600][54.409s][info][gc,phases      ] GC(180)   Merge Heap Roots: 0.69ms
[2026-04-03T01:50:09.196+0600][54.409s][info][gc,phases      ] GC(180)   Evacuate Collection Set: 32.81ms
[2026-04-03T01:50:09.196+0600][54.409s][info][gc,phases      ] GC(180)   Post Evacuate Collection Set: 1.03ms
[2026-04-03T01:50:09.196+0600][54.409s][info][gc,phases      ] GC(180)   Other: 0.16ms
[2026-04-03T01:50:09.196+0600][54.409s][info][gc,heap        ] GC(180) Eden regions: 52->0(55)
[2026-04-03T01:50:09.196+0600][54.409s][info][gc,heap        ] GC(180) Survivor regions: 11->8(8)
[2026-04-03T01:50:09.196+0600][54.409s][info][gc,heap        ] GC(180) Old regions: 208->222
[2026-04-03T01:50:09.196+0600][54.409s][info][gc,heap        ] GC(180) Humongous regions: 96->96
[2026-04-03T01:50:09.196+0600][54.409s][info][gc,metaspace   ] GC(180) Metaspace: 72887K(73856K)->72887K(73856K) NonClass: 63559K(64128K)->63559K(64128K) Class: 9327K(9728K)->9327K(9728K)
[2026-04-03T01:50:09.196+0600][54.409s][info][gc             ] GC(180) Pause Young (Normal) (G1 Evacuation Pause) 729M->646M(2550M) 35.688ms
[2026-04-03T01:50:09.196+0600][54.409s][info][gc,cpu         ] GC(180) User=0.31s Sys=0.03s Real=0.03s
[2026-04-03T01:50:09.308+0600][54.521s][info][gc,start       ] GC(181) Pause Young (Normal) (G1 Evacuation Pause)
[2026-04-03T01:50:09.308+0600][54.521s][info][gc,task        ] GC(181) Using 10 workers of 10 for evacuation
[2026-04-03T01:50:09.344+0600][54.557s][info][gc,phases      ] GC(181)   Pre Evacuate Collection Set: 0.44ms
[2026-04-03T01:50:09.344+0600][54.557s][info][gc,phases      ] GC(181)   Merge Heap Roots: 0.41ms
[2026-04-03T01:50:09.344+0600][54.557s][info][gc,phases      ] GC(181)   Evacuate Collection Set: 34.38ms
[2026-04-03T01:50:09.344+0600][54.557s][info][gc,phases      ] GC(181)   Post Evacuate Collection Set: 0.61ms
[2026-04-03T01:50:09.344+0600][54.557s][info][gc,phases      ] GC(181)   Other: 0.14ms
[2026-04-03T01:50:09.344+0600][54.557s][info][gc,heap        ] GC(181) Eden regions: 55->0(56)
[2026-04-03T01:50:09.344+0600][54.557s][info][gc,heap        ] GC(181) Survivor regions: 8->7(8)
[2026-04-03T01:50:09.344+0600][54.557s][info][gc,heap        ] GC(181) Old regions: 222->231
[2026-04-03T01:50:09.344+0600][54.557s][info][gc,heap        ] GC(181) Humongous regions: 101->101
[2026-04-03T01:50:09.344+0600][54.557s][info][gc,metaspace   ] GC(181) Metaspace: 72887K(73856K)->72887K(73856K) NonClass: 63559K(64128K)->63559K(64128K) Class: 9327K(9728K)->9327K(9728K)
[2026-04-03T01:50:09.344+0600][54.557s][info][gc             ] GC(181) Pause Young (Normal) (G1 Evacuation Pause) 766M->670M(2550M) 36.429ms
[2026-04-03T01:50:09.344+0600][54.557s][info][gc,cpu         ] GC(181) User=0.33s Sys=0.01s Real=0.04s
[2026-04-03T01:50:09.545+0600][54.758s][info][gc,start       ] GC(182) Pause Young (Normal) (G1 Evacuation Pause)
[2026-04-03T01:50:09.545+0600][54.758s][info][gc,task        ] GC(182) Using 10 workers of 10 for evacuation
[2026-04-03T01:50:09.588+0600][54.801s][info][gc,phases      ] GC(182)   Pre Evacuate Collection Set: 0.48ms
[2026-04-03T01:50:09.588+0600][54.801s][info][gc,phases      ] GC(182)   Merge Heap Roots: 0.66ms
[2026-04-03T01:50:09.588+0600][54.801s][info][gc,phases      ] GC(182)   Evacuate Collection Set: 38.52ms
[2026-04-03T01:50:09.588+0600][54.801s][info][gc,phases      ] GC(182)   Post Evacuate Collection Set: 2.47ms
[2026-04-03T01:50:09.588+0600][54.801s][info][gc,phases      ] GC(182)   Other: 0.31ms
[2026-04-03T01:50:09.588+0600][54.801s][info][gc,heap        ] GC(182) Eden regions: 89->0(60)
[2026-04-03T01:50:09.588+0600][54.801s][info][gc,heap        ] GC(182) Survivor regions: 7->12(12)
[2026-04-03T01:50:09.588+0600][54.801s][info][gc,heap        ] GC(182) Old regions: 231->233
[2026-04-03T01:50:09.588+0600][54.801s][info][gc,heap        ] GC(182) Humongous regions: 105->105
[2026-04-03T01:50:09.588+0600][54.801s][info][gc,metaspace   ] GC(182) Metaspace: 72887K(73856K)->72887K(73856K) NonClass: 63559K(64128K)->63559K(64128K) Class: 9327K(9728K)->9327K(9728K)
[2026-04-03T01:50:09.588+0600][54.801s][info][gc             ] GC(182) Pause Young (Normal) (G1 Evacuation Pause) 856M->694M(2884M) 42.867ms
[2026-04-03T01:50:09.588+0600][54.801s][info][gc,cpu         ] GC(182) User=0.36s Sys=0.00s Real=0.04s
[2026-04-03T01:50:09.832+0600][55.045s][info][gc,start       ] GC(183) Pause Young (Normal) (G1 Evacuation Pause)
[2026-04-03T01:50:09.832+0600][55.045s][info][gc,task        ] GC(183) Using 10 workers of 10 for evacuation
[2026-04-03T01:50:09.890+0600][55.102s][info][gc,mmu         ] GC(183) MMU target violated: 51.0ms (50.0ms/51.0ms)
[2026-04-03T01:50:09.890+0600][55.103s][info][gc,phases      ] GC(183)   Pre Evacuate Collection Set: 0.57ms
[2026-04-03T01:50:09.890+0600][55.103s][info][gc,phases      ] GC(183)   Merge Heap Roots: 1.40ms
[2026-04-03T01:50:09.890+0600][55.103s][info][gc,phases      ] GC(183)   Evacuate Collection Set: 54.03ms
[2026-04-03T01:50:09.890+0600][55.103s][info][gc,phases      ] GC(183)   Post Evacuate Collection Set: 1.38ms
[2026-04-03T01:50:09.890+0600][55.103s][info][gc,phases      ] GC(183)   Other: 0.36ms
[2026-04-03T01:50:09.890+0600][55.103s][info][gc,heap        ] GC(183) Eden regions: 60->0(65)
[2026-04-03T01:50:09.890+0600][55.103s][info][gc,heap        ] GC(183) Survivor regions: 12->7(9)
[2026-04-03T01:50:09.890+0600][55.103s][info][gc,heap        ] GC(183) Old regions: 233->245
[2026-04-03T01:50:09.890+0600][55.103s][info][gc,heap        ] GC(183) Humongous regions: 111->111
[2026-04-03T01:50:09.890+0600][55.103s][info][gc,metaspace   ] GC(183) Metaspace: 72887K(73856K)->72887K(73856K) NonClass: 63559K(64128K)->63559K(64128K) Class: 9327K(9728K)->9327K(9728K)
[2026-04-03T01:50:09.890+0600][55.103s][info][gc             ] GC(183) Pause Young (Normal) (G1 Evacuation Pause) 826M->719M(2884M) 58.271ms
[2026-04-03T01:50:09.890+0600][55.103s][info][gc,cpu         ] GC(183) User=0.41s Sys=0.05s Real=0.06s
[2026-04-03T01:50:10.101+0600][55.314s][info][gc,start       ] GC(184) Pause Young (Normal) (G1 Evacuation Pause)
[2026-04-03T01:50:10.101+0600][55.314s][info][gc,task        ] GC(184) Using 10 workers of 10 for evacuation
[2026-04-03T01:50:10.144+0600][55.357s][info][gc,phases      ] GC(184)   Pre Evacuate Collection Set: 0.61ms
[2026-04-03T01:50:10.144+0600][55.357s][info][gc,phases      ] GC(184)   Merge Heap Roots: 1.16ms
[2026-04-03T01:50:10.144+0600][55.357s][info][gc,phases      ] GC(184)   Evacuate Collection Set: 39.32ms
[2026-04-03T01:50:10.144+0600][55.357s][info][gc,phases      ] GC(184)   Post Evacuate Collection Set: 1.02ms
[2026-04-03T01:50:10.144+0600][55.357s][info][gc,phases      ] GC(184)   Other: 0.13ms
[2026-04-03T01:50:10.144+0600][55.357s][info][gc,heap        ] GC(184) Eden regions: 65->0(66)
[2026-04-03T01:50:10.144+0600][55.357s][info][gc,heap        ] GC(184) Survivor regions: 7->6(9)
[2026-04-03T01:50:10.144+0600][55.357s][info][gc,heap        ] GC(184) Old regions: 245->251
[2026-04-03T01:50:10.144+0600][55.357s][info][gc,heap        ] GC(184) Humongous regions: 114->114
[2026-04-03T01:50:10.144+0600][55.357s][info][gc,metaspace   ] GC(184) Metaspace: 72887K(73856K)->72887K(73856K) NonClass: 63559K(64128K)->63559K(64128K) Class: 9327K(9728K)->9327K(9728K)
[2026-04-03T01:50:10.144+0600][55.357s][info][gc             ] GC(184) Pause Young (Normal) (G1 Evacuation Pause) 855M->736M(2884M) 42.734ms
[2026-04-03T01:50:10.144+0600][55.357s][info][gc,cpu         ] GC(184) User=0.27s Sys=0.03s Real=0.04s
[2026-04-03T01:50:10.428+0600][55.641s][info][gc,start       ] GC(185) Pause Young (Normal) (G1 Evacuation Pause)
[2026-04-03T01:50:10.429+0600][55.642s][info][gc,task        ] GC(185) Using 10 workers of 10 for evacuation
[2026-04-03T01:50:10.456+0600][55.669s][info][gc,phases      ] GC(185)   Pre Evacuate Collection Set: 0.53ms
[2026-04-03T01:50:10.456+0600][55.669s][info][gc,phases      ] GC(185)   Merge Heap Roots: 1.09ms
[2026-04-03T01:50:10.456+0600][55.669s][info][gc,phases      ] GC(185)   Evacuate Collection Set: 24.81ms
[2026-04-03T01:50:10.456+0600][55.669s][info][gc,phases      ] GC(185)   Post Evacuate Collection Set: 0.74ms
[2026-04-03T01:50:10.456+0600][55.669s][info][gc,phases      ] GC(185)   Other: 0.16ms
[2026-04-03T01:50:10.456+0600][55.669s][info][gc,heap        ] GC(185) Eden regions: 66->0(66)
[2026-04-03T01:50:10.456+0600][55.669s][info][gc,heap        ] GC(185) Survivor regions: 6->6(9)
[2026-04-03T01:50:10.456+0600][55.669s][info][gc,heap        ] GC(185) Old regions: 251->256
[2026-04-03T01:50:10.456+0600][55.669s][info][gc,heap        ] GC(185) Humongous regions: 114->114
[2026-04-03T01:50:10.456+0600][55.669s][info][gc,metaspace   ] GC(185) Metaspace: 72887K(73856K)->72887K(73856K) NonClass: 63559K(64128K)->63559K(64128K) Class: 9327K(9728K)->9327K(9728K)
[2026-04-03T01:50:10.456+0600][55.669s][info][gc             ] GC(185) Pause Young (Normal) (G1 Evacuation Pause) 868M->744M(2884M) 27.729ms
[2026-04-03T01:50:10.456+0600][55.669s][info][gc,cpu         ] GC(185) User=0.24s Sys=0.02s Real=0.03s
[2026-04-03T01:50:10.720+0600][55.933s][info][gc,start       ] GC(186) Pause Young (Normal) (G1 Evacuation Pause)
[2026-04-03T01:50:10.720+0600][55.933s][info][gc,task        ] GC(186) Using 10 workers of 10 for evacuation
[2026-04-03T01:50:10.747+0600][55.960s][info][gc,phases      ] GC(186)   Pre Evacuate Collection Set: 0.52ms
[2026-04-03T01:50:10.747+0600][55.960s][info][gc,phases      ] GC(186)   Merge Heap Roots: 1.26ms
[2026-04-03T01:50:10.747+0600][55.960s][info][gc,phases      ] GC(186)   Evacuate Collection Set: 22.62ms
[2026-04-03T01:50:10.747+0600][55.960s][info][gc,phases      ] GC(186)   Post Evacuate Collection Set: 1.90ms
[2026-04-03T01:50:10.747+0600][55.960s][info][gc,phases      ] GC(186)   Other: 0.37ms
[2026-04-03T01:50:10.747+0600][55.960s][info][gc,heap        ] GC(186) Eden regions: 66->0(71)
[2026-04-03T01:50:10.747+0600][55.960s][info][gc,heap        ] GC(186) Survivor regions: 6->6(9)
[2026-04-03T01:50:10.747+0600][55.960s][info][gc,heap        ] GC(186) Old regions: 256->261
[2026-04-03T01:50:10.747+0600][55.960s][info][gc,heap        ] GC(186) Humongous regions: 114->114
[2026-04-03T01:50:10.747+0600][55.960s][info][gc,metaspace   ] GC(186) Metaspace: 72887K(73856K)->72887K(73856K) NonClass: 63559K(64128K)->63559K(64128K) Class: 9327K(9728K)->9327K(9728K)
[2026-04-03T01:50:10.747+0600][55.960s][info][gc             ] GC(186) Pause Young (Normal) (G1 Evacuation Pause) 876M->753M(3092M) 27.074ms
[2026-04-03T01:50:10.747+0600][55.960s][info][gc,cpu         ] GC(186) User=0.22s Sys=0.02s Real=0.02s
[2026-04-03T01:50:11.071+0600][56.284s][info][gc,start       ] GC(187) Pause Young (Normal) (G1 Evacuation Pause)
[2026-04-03T01:50:11.071+0600][56.284s][info][gc,task        ] GC(187) Using 10 workers of 10 for evacuation
[2026-04-03T01:50:11.094+0600][56.307s][info][gc,phases      ] GC(187)   Pre Evacuate Collection Set: 0.51ms
[2026-04-03T01:50:11.094+0600][56.307s][info][gc,phases      ] GC(187)   Merge Heap Roots: 1.07ms
[2026-04-03T01:50:11.094+0600][56.307s][info][gc,phases      ] GC(187)   Evacuate Collection Set: 20.10ms
[2026-04-03T01:50:11.094+0600][56.307s][info][gc,phases      ] GC(187)   Post Evacuate Collection Set: 0.94ms
[2026-04-03T01:50:11.094+0600][56.307s][info][gc,phases      ] GC(187)   Other: 0.13ms
[2026-04-03T01:50:11.094+0600][56.307s][info][gc,heap        ] GC(187) Eden regions: 71->0(67)
[2026-04-03T01:50:11.094+0600][56.307s][info][gc,heap        ] GC(187) Survivor regions: 6->10(10)
[2026-04-03T01:50:11.094+0600][56.307s][info][gc,heap        ] GC(187) Old regions: 261->261
[2026-04-03T01:50:11.094+0600][56.307s][info][gc,heap        ] GC(187) Humongous regions: 114->114
[2026-04-03T01:50:11.094+0600][56.307s][info][gc,metaspace   ] GC(187) Metaspace: 72887K(73856K)->72887K(73856K) NonClass: 63559K(64128K)->63559K(64128K) Class: 9327K(9728K)->9327K(9728K)
[2026-04-03T01:50:11.094+0600][56.307s][info][gc             ] GC(187) Pause Young (Normal) (G1 Evacuation Pause) 895M->761M(3092M) 23.141ms
[2026-04-03T01:50:11.094+0600][56.307s][info][gc,cpu         ] GC(187) User=0.19s Sys=0.02s Real=0.02s
[2026-04-03T01:50:11.312+0600][56.525s][info][gc,start       ] GC(188) Pause Young (Normal) (G1 Evacuation Pause)
[2026-04-03T01:50:11.312+0600][56.525s][info][gc,task        ] GC(188) Using 10 workers of 10 for evacuation
[2026-04-03T01:50:11.335+0600][56.548s][info][gc,phases      ] GC(188)   Pre Evacuate Collection Set: 0.47ms
[2026-04-03T01:50:11.335+0600][56.548s][info][gc,phases      ] GC(188)   Merge Heap Roots: 0.80ms
[2026-04-03T01:50:11.335+0600][56.548s][info][gc,phases      ] GC(188)   Evacuate Collection Set: 20.48ms
[2026-04-03T01:50:11.335+0600][56.548s][info][gc,phases      ] GC(188)   Post Evacuate Collection Set: 0.98ms
[2026-04-03T01:50:11.335+0600][56.548s][info][gc,phases      ] GC(188)   Other: 0.10ms
[2026-04-03T01:50:11.335+0600][56.548s][info][gc,heap        ] GC(188) Eden regions: 67->0(67)
[2026-04-03T01:50:11.335+0600][56.548s][info][gc,heap        ] GC(188) Survivor regions: 10->10(10)
[2026-04-03T01:50:11.335+0600][56.548s][info][gc,heap        ] GC(188) Old regions: 261->264
[2026-04-03T01:50:11.335+0600][56.548s][info][gc,heap        ] GC(188) Humongous regions: 114->114
[2026-04-03T01:50:11.335+0600][56.548s][info][gc,metaspace   ] GC(188) Metaspace: 72890K(73856K)->72890K(73856K) NonClass: 63562K(64128K)->63562K(64128K) Class: 9327K(9728K)->9327K(9728K)
[2026-04-03T01:50:11.335+0600][56.548s][info][gc             ] GC(188) Pause Young (Normal) (G1 Evacuation Pause) 895M->768M(3092M) 23.241ms
[2026-04-03T01:50:11.335+0600][56.548s][info][gc,cpu         ] GC(188) User=0.20s Sys=0.02s Real=0.02s
[2026-04-03T01:50:11.582+0600][56.795s][info][gc,start       ] GC(189) Pause Young (Normal) (G1 Evacuation Pause)
[2026-04-03T01:50:11.582+0600][56.795s][info][gc,task        ] GC(189) Using 10 workers of 10 for evacuation
[2026-04-03T01:50:11.618+0600][56.831s][info][gc,phases      ] GC(189)   Pre Evacuate Collection Set: 0.42ms
[2026-04-03T01:50:11.618+0600][56.831s][info][gc,phases      ] GC(189)   Merge Heap Roots: 1.54ms
[2026-04-03T01:50:11.618+0600][56.831s][info][gc,phases      ] GC(189)   Evacuate Collection Set: 32.98ms
[2026-04-03T01:50:11.618+0600][56.831s][info][gc,phases      ] GC(189)   Post Evacuate Collection Set: 0.81ms
[2026-04-03T01:50:11.618+0600][56.831s][info][gc,phases      ] GC(189)   Other: 0.11ms
[2026-04-03T01:50:11.618+0600][56.831s][info][gc,heap        ] GC(189) Eden regions: 67->0(68)
[2026-04-03T01:50:11.618+0600][56.831s][info][gc,heap        ] GC(189) Survivor regions: 10->9(10)
[2026-04-03T01:50:11.618+0600][56.831s][info][gc,heap        ] GC(189) Old regions: 264->268
[2026-04-03T01:50:11.618+0600][56.831s][info][gc,heap        ] GC(189) Humongous regions: 124->124
[2026-04-03T01:50:11.618+0600][56.831s][info][gc,metaspace   ] GC(189) Metaspace: 72890K(73856K)->72890K(73856K) NonClass: 63562K(64128K)->63562K(64128K) Class: 9327K(9728K)->9327K(9728K)
[2026-04-03T01:50:11.618+0600][56.831s][info][gc             ] GC(189) Pause Young (Normal) (G1 Evacuation Pause) 922M->796M(3092M) 36.198ms
[2026-04-03T01:50:11.618+0600][56.831s][info][gc,cpu         ] GC(189) User=0.33s Sys=0.01s Real=0.03s
[2026-04-03T01:50:12.005+0600][57.218s][info][gc,start       ] GC(190) Pause Young (Normal) (G1 Evacuation Pause)
[2026-04-03T01:50:12.005+0600][57.218s][info][gc,task        ] GC(190) Using 10 workers of 10 for evacuation
[2026-04-03T01:50:12.060+0600][57.273s][info][gc,mmu         ] GC(190) MMU target violated: 51.0ms (50.0ms/51.0ms)
[2026-04-03T01:50:12.061+0600][57.273s][info][gc,phases      ] GC(190)   Pre Evacuate Collection Set: 0.57ms
[2026-04-03T01:50:12.061+0600][57.273s][info][gc,phases      ] GC(190)   Merge Heap Roots: 2.08ms
[2026-04-03T01:50:12.061+0600][57.274s][info][gc,phases      ] GC(190)   Evacuate Collection Set: 51.39ms
[2026-04-03T01:50:12.061+0600][57.274s][info][gc,phases      ] GC(190)   Post Evacuate Collection Set: 0.74ms
[2026-04-03T01:50:12.061+0600][57.274s][info][gc,phases      ] GC(190)   Other: 0.32ms
[2026-04-03T01:50:12.061+0600][57.274s][info][gc,heap        ] GC(190) Eden regions: 68->0(67)
[2026-04-03T01:50:12.061+0600][57.274s][info][gc,heap        ] GC(190) Survivor regions: 9->10(10)
[2026-04-03T01:50:12.061+0600][57.274s][info][gc,heap        ] GC(190) Old regions: 268->272
[2026-04-03T01:50:12.061+0600][57.274s][info][gc,heap        ] GC(190) Humongous regions: 129->129
[2026-04-03T01:50:12.061+0600][57.274s][info][gc,metaspace   ] GC(190) Metaspace: 72890K(73856K)->72890K(73856K) NonClass: 63562K(64128K)->63562K(64128K) Class: 9327K(9728K)->9327K(9728K)
[2026-04-03T01:50:12.061+0600][57.274s][info][gc             ] GC(190) Pause Young (Normal) (G1 Evacuation Pause) 942M->816M(3092M) 55.388ms
[2026-04-03T01:50:12.061+0600][57.274s][info][gc,cpu         ] GC(190) User=0.40s Sys=0.02s Real=0.06s
[2026-04-03T01:50:13.273+0600][58.486s][info][gc,start       ] GC(191) Pause Young (Normal) (G1 Evacuation Pause)
[2026-04-03T01:50:13.273+0600][58.486s][info][gc,task        ] GC(191) Using 10 workers of 10 for evacuation
[2026-04-03T01:50:13.345+0600][58.558s][info][gc,mmu         ] GC(191) MMU target violated: 51.0ms (50.0ms/51.0ms)
[2026-04-03T01:50:13.345+0600][58.558s][info][gc,phases      ] GC(191)   Pre Evacuate Collection Set: 0.71ms
[2026-04-03T01:50:13.345+0600][58.558s][info][gc,phases      ] GC(191)   Merge Heap Roots: 1.26ms
[2026-04-03T01:50:13.345+0600][58.558s][info][gc,phases      ] GC(191)   Evacuate Collection Set: 68.20ms
[2026-04-03T01:50:13.345+0600][58.558s][info][gc,phases      ] GC(191)   Post Evacuate Collection Set: 1.40ms
[2026-04-03T01:50:13.345+0600][58.558s][info][gc,phases      ] GC(191)   Other: 0.31ms
[2026-04-03T01:50:13.345+0600][58.558s][info][gc,heap        ] GC(191) Eden regions: 67->0(69)
[2026-04-03T01:50:13.345+0600][58.558s][info][gc,heap        ] GC(191) Survivor regions: 10->10(10)
[2026-04-03T01:50:13.345+0600][58.558s][info][gc,heap        ] GC(191) Old regions: 272->282
[2026-04-03T01:50:13.345+0600][58.558s][info][gc,heap        ] GC(191) Humongous regions: 150->144
[2026-04-03T01:50:13.345+0600][58.558s][info][gc,metaspace   ] GC(191) Metaspace: 72919K(73856K)->72919K(73856K) NonClass: 63591K(64128K)->63591K(64128K) Class: 9327K(9728K)->9327K(9728K)
[2026-04-03T01:50:13.345+0600][58.558s][info][gc             ] GC(191) Pause Young (Normal) (G1 Evacuation Pause) 992M->865M(3162M) 72.219ms
[2026-04-03T01:50:13.345+0600][58.558s][info][gc,cpu         ] GC(191) User=0.66s Sys=0.03s Real=0.07s
[2026-04-03T01:50:13.781+0600][58.994s][info][gc,start       ] GC(192) Pause Young (Normal) (G1 Evacuation Pause)
[2026-04-03T01:50:13.781+0600][58.994s][info][gc,task        ] GC(192) Using 10 workers of 10 for evacuation
[2026-04-03T01:50:13.844+0600][59.057s][info][gc,mmu         ] GC(192) MMU target violated: 51.0ms (50.0ms/51.0ms)
[2026-04-03T01:50:13.844+0600][59.057s][info][gc,phases      ] GC(192)   Pre Evacuate Collection Set: 0.73ms
[2026-04-03T01:50:13.844+0600][59.057s][info][gc,phases      ] GC(192)   Merge Heap Roots: 1.75ms
[2026-04-03T01:50:13.844+0600][59.057s][info][gc,phases      ] GC(192)   Evacuate Collection Set: 59.78ms
[2026-04-03T01:50:13.844+0600][59.057s][info][gc,phases      ] GC(192)   Post Evacuate Collection Set: 0.81ms
[2026-04-03T01:50:13.844+0600][59.057s][info][gc,phases      ] GC(192)   Other: 0.23ms
[2026-04-03T01:50:13.844+0600][59.057s][info][gc,heap        ] GC(192) Eden regions: 69->0(69)
[2026-04-03T01:50:13.844+0600][59.057s][info][gc,heap        ] GC(192) Survivor regions: 10->10(10)
[2026-04-03T01:50:13.844+0600][59.057s][info][gc,heap        ] GC(192) Old regions: 282->292
[2026-04-03T01:50:13.844+0600][59.057s][info][gc,heap        ] GC(192) Humongous regions: 159->153
[2026-04-03T01:50:13.844+0600][59.057s][info][gc,metaspace   ] GC(192) Metaspace: 72957K(73920K)->72957K(73920K) NonClass: 63629K(64192K)->63629K(64192K) Class: 9327K(9728K)->9327K(9728K)
[2026-04-03T01:50:13.844+0600][59.057s][info][gc             ] GC(192) Pause Young (Normal) (G1 Evacuation Pause) 1033M->904M(3162M) 63.593ms
[2026-04-03T01:50:13.844+0600][59.057s][info][gc,cpu         ] GC(192) User=0.60s Sys=0.02s Real=0.06s
[2026-04-03T01:50:14.210+0600][59.423s][info][gc,start       ] GC(193) Pause Young (Normal) (G1 Evacuation Pause)
[2026-04-03T01:50:14.211+0600][59.424s][info][gc,task        ] GC(193) Using 10 workers of 10 for evacuation
[2026-04-03T01:50:14.290+0600][59.503s][info][gc,mmu         ] GC(193) MMU target violated: 51.0ms (50.0ms/51.0ms)
[2026-04-03T01:50:14.290+0600][59.503s][info][gc,phases      ] GC(193)   Pre Evacuate Collection Set: 0.55ms
[2026-04-03T01:50:14.290+0600][59.503s][info][gc,phases      ] GC(193)   Merge Heap Roots: 1.36ms
[2026-04-03T01:50:14.290+0600][59.503s][info][gc,phases      ] GC(193)   Evacuate Collection Set: 75.74ms
[2026-04-03T01:50:14.290+0600][59.503s][info][gc,phases      ] GC(193)   Post Evacuate Collection Set: 1.11ms
[2026-04-03T01:50:14.290+0600][59.503s][info][gc,phases      ] GC(193)   Other: 0.34ms
[2026-04-03T01:50:14.290+0600][59.503s][info][gc,heap        ] GC(193) Eden regions: 69->0(69)
[2026-04-03T01:50:14.290+0600][59.503s][info][gc,heap        ] GC(193) Survivor regions: 10->10(10)
[2026-04-03T01:50:14.290+0600][59.503s][info][gc,heap        ] GC(193) Old regions: 292->308
[2026-04-03T01:50:14.290+0600][59.503s][info][gc,heap        ] GC(193) Humongous regions: 171->171
[2026-04-03T01:50:14.290+0600][59.503s][info][gc,metaspace   ] GC(193) Metaspace: 72957K(73920K)->72957K(73920K) NonClass: 63629K(64192K)->63629K(64192K) Class: 9327K(9728K)->9327K(9728K)
[2026-04-03T01:50:14.290+0600][59.503s][info][gc             ] GC(193) Pause Young (Normal) (G1 Evacuation Pause) 1078M->973M(3162M) 79.426ms
[2026-04-03T01:50:14.290+0600][59.503s][info][gc,cpu         ] GC(193) User=0.73s Sys=0.05s Real=0.08s
[2026-04-03T01:50:14.547+0600][59.760s][info][gc,start       ] GC(194) Pause Young (Normal) (G1 Evacuation Pause)
[2026-04-03T01:50:14.547+0600][59.760s][info][gc,task        ] GC(194) Using 10 workers of 10 for evacuation
[2026-04-03T01:50:14.597+0600][59.810s][info][gc,phases      ] GC(194)   Pre Evacuate Collection Set: 0.66ms
[2026-04-03T01:50:14.597+0600][59.810s][info][gc,phases      ] GC(194)   Merge Heap Roots: 0.97ms
[2026-04-03T01:50:14.597+0600][59.810s][info][gc,phases      ] GC(194)   Evacuate Collection Set: 46.92ms
[2026-04-03T01:50:14.597+0600][59.810s][info][gc,phases      ] GC(194)   Post Evacuate Collection Set: 0.91ms
[2026-04-03T01:50:14.597+0600][59.810s][info][gc,phases      ] GC(194)   Other: 0.16ms
[2026-04-03T01:50:14.597+0600][59.810s][info][gc,heap        ] GC(194) Eden regions: 69->0(69)
[2026-04-03T01:50:14.597+0600][59.810s][info][gc,heap        ] GC(194) Survivor regions: 10->10(10)
[2026-04-03T01:50:14.597+0600][59.810s][info][gc,heap        ] GC(194) Old regions: 308->320
[2026-04-03T01:50:14.597+0600][59.810s][info][gc,heap        ] GC(194) Humongous regions: 186->180
[2026-04-03T01:50:14.597+0600][59.810s][info][gc,metaspace   ] GC(194) Metaspace: 72994K(73920K)->72994K(73920K) NonClass: 63666K(64192K)->63666K(64192K) Class: 9328K(9728K)->9328K(9728K)
[2026-04-03T01:50:14.597+0600][59.810s][info][gc             ] GC(194) Pause Young (Normal) (G1 Evacuation Pause) 1141M->1012M(3162M) 50.029ms
[2026-04-03T01:50:14.597+0600][59.810s][info][gc,cpu         ] GC(194) User=0.45s Sys=0.03s Real=0.05s
[2026-04-03T01:50:15.081+0600][60.294s][info][gc,start       ] GC(195) Pause Young (Normal) (G1 Evacuation Pause)
[2026-04-03T01:50:15.081+0600][60.294s][info][gc,task        ] GC(195) Using 10 workers of 10 for evacuation
[2026-04-03T01:50:15.123+0600][60.336s][info][gc,phases      ] GC(195)   Pre Evacuate Collection Set: 0.49ms
[2026-04-03T01:50:15.123+0600][60.336s][info][gc,phases      ] GC(195)   Merge Heap Roots: 1.00ms
[2026-04-03T01:50:15.123+0600][60.336s][info][gc,phases      ] GC(195)   Evacuate Collection Set: 39.13ms
[2026-04-03T01:50:15.123+0600][60.336s][info][gc,phases      ] GC(195)   Post Evacuate Collection Set: 1.01ms
[2026-04-03T01:50:15.123+0600][60.336s][info][gc,phases      ] GC(195)   Other: 0.12ms
[2026-04-03T01:50:15.123+0600][60.336s][info][gc,heap        ] GC(195) Eden regions: 69->0(69)
[2026-04-03T01:50:15.123+0600][60.336s][info][gc,heap        ] GC(195) Survivor regions: 10->10(10)
[2026-04-03T01:50:15.123+0600][60.336s][info][gc,heap        ] GC(195) Old regions: 320->328
[2026-04-03T01:50:15.123+0600][60.336s][info][gc,heap        ] GC(195) Humongous regions: 189->189
[2026-04-03T01:50:15.123+0600][60.336s][info][gc,metaspace   ] GC(195) Metaspace: 73000K(73920K)->73000K(73920K) NonClass: 63671K(64192K)->63671K(64192K) Class: 9328K(9728K)->9328K(9728K)
[2026-04-03T01:50:15.123+0600][60.336s][info][gc             ] GC(195) Pause Young (Normal) (G1 Evacuation Pause) 1168M->1048M(3162M) 42.078ms
[2026-04-03T01:50:15.123+0600][60.336s][info][gc,cpu         ] GC(195) User=0.42s Sys=0.02s Real=0.04s
[2026-04-03T01:50:15.422+0600][60.635s][info][gc,start       ] GC(196) Pause Young (Normal) (G1 Evacuation Pause)
[2026-04-03T01:50:15.422+0600][60.635s][info][gc,task        ] GC(196) Using 10 workers of 10 for evacuation
[2026-04-03T01:50:15.450+0600][60.663s][info][gc,phases      ] GC(196)   Pre Evacuate Collection Set: 0.42ms
[2026-04-03T01:50:15.450+0600][60.663s][info][gc,phases      ] GC(196)   Merge Heap Roots: 0.33ms
[2026-04-03T01:50:15.450+0600][60.663s][info][gc,phases      ] GC(196)   Evacuate Collection Set: 25.95ms
[2026-04-03T01:50:15.450+0600][60.663s][info][gc,phases      ] GC(196)   Post Evacuate Collection Set: 1.30ms
[2026-04-03T01:50:15.450+0600][60.663s][info][gc,phases      ] GC(196)   Other: 0.15ms
[2026-04-03T01:50:15.450+0600][60.663s][info][gc,heap        ] GC(196) Eden regions: 69->0(78)
[2026-04-03T01:50:15.450+0600][60.663s][info][gc,heap        ] GC(196) Survivor regions: 10->4(10)
[2026-04-03T01:50:15.450+0600][60.663s][info][gc,heap        ] GC(196) Old regions: 328->339
[2026-04-03T01:50:15.450+0600][60.663s][info][gc,heap        ] GC(196) Humongous regions: 195->189
[2026-04-03T01:50:15.450+0600][60.663s][info][gc,metaspace   ] GC(196) Metaspace: 73020K(73984K)->73020K(73984K) NonClass: 63691K(64256K)->63691K(64256K) Class: 9328K(9728K)->9328K(9728K)
[2026-04-03T01:50:15.450+0600][60.663s][info][gc             ] GC(196) Pause Young (Normal) (G1 Evacuation Pause) 1198M->1056M(3280M) 28.455ms
[2026-04-03T01:50:15.451+0600][60.663s][info][gc,cpu         ] GC(196) User=0.23s Sys=0.02s Real=0.03s
[2026-04-03T01:50:15.692+0600][60.905s][info][gc,start       ] GC(197) Pause Young (Normal) (G1 Evacuation Pause)
[2026-04-03T01:50:15.692+0600][60.905s][info][gc,task        ] GC(197) Using 10 workers of 10 for evacuation
[2026-04-03T01:50:15.739+0600][60.952s][info][gc,phases      ] GC(197)   Pre Evacuate Collection Set: 0.37ms
[2026-04-03T01:50:15.739+0600][60.952s][info][gc,phases      ] GC(197)   Merge Heap Roots: 0.26ms
[2026-04-03T01:50:15.739+0600][60.952s][info][gc,phases      ] GC(197)   Evacuate Collection Set: 44.76ms
[2026-04-03T01:50:15.739+0600][60.952s][info][gc,phases      ] GC(197)   Post Evacuate Collection Set: 1.21ms
[2026-04-03T01:50:15.739+0600][60.952s][info][gc,phases      ] GC(197)   Other: 0.12ms
[2026-04-03T01:50:15.739+0600][60.952s][info][gc,heap        ] GC(197) Eden regions: 133->0(64)
[2026-04-03T01:50:15.739+0600][60.952s][info][gc,heap        ] GC(197) Survivor regions: 4->18(18)
[2026-04-03T01:50:15.739+0600][60.952s][info][gc,heap        ] GC(197) Old regions: 339->342
[2026-04-03T01:50:15.739+0600][60.952s][info][gc,heap        ] GC(197) Humongous regions: 194->194
[2026-04-03T01:50:15.739+0600][60.952s][info][gc,metaspace   ] GC(197) Metaspace: 73020K(73984K)->73020K(73984K) NonClass: 63691K(64256K)->63691K(64256K) Class: 9328K(9728K)->9328K(9728K)
[2026-04-03T01:50:15.740+0600][60.952s][info][gc             ] GC(197) Pause Young (Normal) (G1 Evacuation Pause) 1332M->1103M(3280M) 47.153ms
[2026-04-03T01:50:15.740+0600][60.953s][info][gc,cpu         ] GC(197) User=0.39s Sys=0.00s Real=0.04s
[2026-04-03T01:50:15.832+0600][61.045s][info][gc,start       ] GC(198) Pause Young (Normal) (G1 Evacuation Pause)
[2026-04-03T01:50:15.832+0600][61.045s][info][gc,task        ] GC(198) Using 10 workers of 10 for evacuation
[2026-04-03T01:50:15.872+0600][61.085s][info][gc,phases      ] GC(198)   Pre Evacuate Collection Set: 0.44ms
[2026-04-03T01:50:15.872+0600][61.085s][info][gc,phases      ] GC(198)   Merge Heap Roots: 0.29ms
[2026-04-03T01:50:15.872+0600][61.085s][info][gc,phases      ] GC(198)   Evacuate Collection Set: 38.10ms
[2026-04-03T01:50:15.872+0600][61.085s][info][gc,phases      ] GC(198)   Post Evacuate Collection Set: 0.72ms
[2026-04-03T01:50:15.872+0600][61.085s][info][gc,phases      ] GC(198)   Other: 0.13ms
[2026-04-03T01:50:15.872+0600][61.085s][info][gc,heap        ] GC(198) Eden regions: 64->0(71)
[2026-04-03T01:50:15.872+0600][61.085s][info][gc,heap        ] GC(198) Survivor regions: 18->11(11)
[2026-04-03T01:50:15.872+0600][61.085s][info][gc,heap        ] GC(198) Old regions: 342->362
[2026-04-03T01:50:15.872+0600][61.085s][info][gc,heap        ] GC(198) Humongous regions: 198->198
[2026-04-03T01:50:15.872+0600][61.085s][info][gc,metaspace   ] GC(198) Metaspace: 73020K(73984K)->73020K(73984K) NonClass: 63691K(64256K)->63691K(64256K) Class: 9328K(9728K)->9328K(9728K)
[2026-04-03T01:50:15.872+0600][61.085s][info][gc             ] GC(198) Pause Young (Normal) (G1 Evacuation Pause) 1239M->1135M(3280M) 40.036ms
[2026-04-03T01:50:15.872+0600][61.085s][info][gc,cpu         ] GC(198) User=0.34s Sys=0.04s Real=0.04s
[2026-04-03T01:50:16.848+0600][62.061s][info][gc,start       ] GC(199) Pause Young (Normal) (G1 Evacuation Pause)
[2026-04-03T01:50:16.848+0600][62.061s][info][gc,task        ] GC(199) Using 10 workers of 10 for evacuation
[2026-04-03T01:50:16.899+0600][62.112s][info][gc,mmu         ] GC(199) MMU target violated: 51.0ms (50.0ms/51.0ms)
[2026-04-03T01:50:16.899+0600][62.112s][info][gc,phases      ] GC(199)   Pre Evacuate Collection Set: 0.68ms
[2026-04-03T01:50:16.899+0600][62.112s][info][gc,phases      ] GC(199)   Merge Heap Roots: 0.82ms
[2026-04-03T01:50:16.899+0600][62.112s][info][gc,phases      ] GC(199)   Evacuate Collection Set: 48.53ms
[2026-04-03T01:50:16.899+0600][62.112s][info][gc,phases      ] GC(199)   Post Evacuate Collection Set: 0.91ms
[2026-04-03T01:50:16.899+0600][62.112s][info][gc,phases      ] GC(199)   Other: 0.29ms
[2026-04-03T01:50:16.899+0600][62.112s][info][gc,heap        ] GC(199) Eden regions: 71->0(72)
[2026-04-03T01:50:16.899+0600][62.112s][info][gc,heap        ] GC(199) Survivor regions: 11->10(11)
[2026-04-03T01:50:16.899+0600][62.112s][info][gc,heap        ] GC(199) Old regions: 362->372
[2026-04-03T01:50:16.899+0600][62.112s][info][gc,heap        ] GC(199) Humongous regions: 276->247
[2026-04-03T01:50:16.899+0600][62.112s][info][gc,metaspace   ] GC(199) Metaspace: 73092K(73984K)->73092K(73984K) NonClass: 63763K(64256K)->63763K(64256K) Class: 9328K(9728K)->9328K(9728K)
[2026-04-03T01:50:16.899+0600][62.112s][info][gc             ] GC(199) Pause Young (Normal) (G1 Evacuation Pause) 1433M->1253M(3280M) 51.527ms
[2026-04-03T01:50:16.899+0600][62.112s][info][gc,cpu         ] GC(199) User=0.44s Sys=0.03s Real=0.05s
[2026-04-03T01:50:17.012+0600][62.225s][info][gc,start       ] GC(200) Pause Young (Normal) (G1 Evacuation Pause)
[2026-04-03T01:50:17.012+0600][62.225s][info][gc,task        ] GC(200) Using 10 workers of 10 for evacuation
[2026-04-03T01:50:17.038+0600][62.251s][info][gc,phases      ] GC(200)   Pre Evacuate Collection Set: 0.34ms
[2026-04-03T01:50:17.038+0600][62.251s][info][gc,phases      ] GC(200)   Merge Heap Roots: 0.33ms
[2026-04-03T01:50:17.038+0600][62.251s][info][gc,phases      ] GC(200)   Evacuate Collection Set: 23.65ms
[2026-04-03T01:50:17.038+0600][62.251s][info][gc,phases      ] GC(200)   Post Evacuate Collection Set: 0.95ms
[2026-04-03T01:50:17.038+0600][62.251s][info][gc,phases      ] GC(200)   Other: 0.12ms
[2026-04-03T01:50:17.038+0600][62.251s][info][gc,heap        ] GC(200) Eden regions: 72->0(71)
[2026-04-03T01:50:17.038+0600][62.251s][info][gc,heap        ] GC(200) Survivor regions: 10->11(11)
[2026-04-03T01:50:17.038+0600][62.251s][info][gc,heap        ] GC(200) Old regions: 372->381
[2026-04-03T01:50:17.038+0600][62.251s][info][gc,heap        ] GC(200) Humongous regions: 279->238
[2026-04-03T01:50:17.038+0600][62.251s][info][gc,metaspace   ] GC(200) Metaspace: 73143K(74048K)->73143K(74048K) NonClass: 63814K(64320K)->63814K(64320K) Class: 9328K(9728K)->9328K(9728K)
[2026-04-03T01:50:17.038+0600][62.251s][info][gc             ] GC(200) Pause Young (Normal) (G1 Evacuation Pause) 1461M->1255M(3280M) 25.684ms
[2026-04-03T01:50:17.038+0600][62.251s][info][gc,cpu         ] GC(200) User=0.23s Sys=0.00s Real=0.02s
[2026-04-03T01:50:17.178+0600][62.391s][info][gc,start       ] GC(201) Pause Young (Normal) (G1 Evacuation Pause)
[2026-04-03T01:50:17.178+0600][62.391s][info][gc,task        ] GC(201) Using 10 workers of 10 for evacuation
[2026-04-03T01:50:17.217+0600][62.430s][info][gc,phases      ] GC(201)   Pre Evacuate Collection Set: 0.30ms
[2026-04-03T01:50:17.217+0600][62.430s][info][gc,phases      ] GC(201)   Merge Heap Roots: 0.22ms
[2026-04-03T01:50:17.217+0600][62.430s][info][gc,phases      ] GC(201)   Evacuate Collection Set: 37.06ms
[2026-04-03T01:50:17.217+0600][62.430s][info][gc,phases      ] GC(201)   Post Evacuate Collection Set: 1.18ms
[2026-04-03T01:50:17.217+0600][62.430s][info][gc,phases      ] GC(201)   Other: 0.11ms
[2026-04-03T01:50:17.217+0600][62.430s][info][gc,heap        ] GC(201) Eden regions: 71->0(74)
[2026-04-03T01:50:17.217+0600][62.430s][info][gc,heap        ] GC(201) Survivor regions: 11->11(11)
[2026-04-03T01:50:17.217+0600][62.430s][info][gc,heap        ] GC(201) Old regions: 381->396
[2026-04-03T01:50:17.217+0600][62.430s][info][gc,heap        ] GC(201) Humongous regions: 250->234
[2026-04-03T01:50:17.217+0600][62.430s][info][gc,metaspace   ] GC(201) Metaspace: 73145K(74048K)->73145K(74048K) NonClass: 63816K(64320K)->63816K(64320K) Class: 9328K(9728K)->9328K(9728K)
[2026-04-03T01:50:17.217+0600][62.430s][info][gc             ] GC(201) Pause Young (Normal) (G1 Evacuation Pause) 1421M->1275M(3410M) 39.156ms
[2026-04-03T01:50:17.217+0600][62.430s][info][gc,cpu         ] GC(201) User=0.41s Sys=0.01s Real=0.04s
[2026-04-03T01:50:17.414+0600][62.627s][info][gc,start       ] GC(202) Pause Young (Normal) (G1 Evacuation Pause)
[2026-04-03T01:50:17.414+0600][62.627s][info][gc,task        ] GC(202) Using 10 workers of 10 for evacuation
[2026-04-03T01:50:17.436+0600][62.649s][info][gc,phases      ] GC(202)   Pre Evacuate Collection Set: 0.54ms
[2026-04-03T01:50:17.436+0600][62.649s][info][gc,phases      ] GC(202)   Merge Heap Roots: 0.17ms
[2026-04-03T01:50:17.436+0600][62.649s][info][gc,phases      ] GC(202)   Evacuate Collection Set: 20.48ms
[2026-04-03T01:50:17.436+0600][62.649s][info][gc,phases      ] GC(202)   Post Evacuate Collection Set: 0.79ms
[2026-04-03T01:50:17.436+0600][62.649s][info][gc,phases      ] GC(202)   Other: 0.16ms
[2026-04-03T01:50:17.436+0600][62.649s][info][gc,heap        ] GC(202) Eden regions: 81->0(129)
[2026-04-03T01:50:17.436+0600][62.649s][info][gc,heap        ] GC(202) Survivor regions: 11->1(12)
[2026-04-03T01:50:17.436+0600][62.649s][info][gc,heap        ] GC(202) Old regions: 396->408
[2026-04-03T01:50:17.436+0600][62.649s][info][gc,heap        ] GC(202) Humongous regions: 234->234
[2026-04-03T01:50:17.436+0600][62.649s][info][gc,metaspace   ] GC(202) Metaspace: 73145K(74048K)->73145K(74048K) NonClass: 63816K(64320K)->63816K(64320K) Class: 9328K(9728K)->9328K(9728K)
[2026-04-03T01:50:17.437+0600][62.649s][info][gc             ] GC(202) Pause Young (Normal) (G1 Evacuation Pause) 1437M->1280M(3410M) 22.548ms
[2026-04-03T01:50:17.437+0600][62.650s][info][gc,cpu         ] GC(202) User=0.20s Sys=0.01s Real=0.02s
[2026-04-03T01:50:17.654+0600][62.867s][info][gc,start       ] GC(203) Pause Full (System.gc())
[2026-04-03T01:50:17.654+0600][62.867s][info][gc,task        ] GC(203) Using 10 workers of 10 for full compaction
[2026-04-03T01:50:17.654+0600][62.867s][info][gc,phases,start] GC(203) Phase 1: Mark live objects
[2026-04-03T01:50:17.707+0600][62.920s][info][gc,phases      ] GC(203) Phase 1: Mark live objects 53.352ms
[2026-04-03T01:50:17.708+0600][62.921s][info][gc,phases,start] GC(203) Phase 2: Prepare compaction
[2026-04-03T01:50:17.711+0600][62.924s][info][gc,phases      ] GC(203) Phase 2: Prepare compaction 3.714ms
[2026-04-03T01:50:17.711+0600][62.924s][info][gc,phases,start] GC(203) Phase 3: Adjust pointers
[2026-04-03T01:50:17.727+0600][62.940s][info][gc,phases      ] GC(203) Phase 3: Adjust pointers 15.456ms
[2026-04-03T01:50:17.727+0600][62.940s][info][gc,phases,start] GC(203) Phase 4: Compact heap
[2026-04-03T01:50:17.730+0600][62.943s][info][gc,phases      ] GC(203) Phase 4: Compact heap 2.953ms
[2026-04-03T01:50:17.730+0600][62.943s][info][gc,phases,start] GC(203) Phase 5: Reset Metadata
[2026-04-03T01:50:17.739+0600][62.952s][info][gc,phases      ] GC(203) Phase 5: Reset Metadata 8.752ms
[2026-04-03T01:50:17.761+0600][62.974s][info][gc,heap        ] GC(203) Eden regions: 173->0(134)
[2026-04-03T01:50:17.761+0600][62.974s][info][gc,heap        ] GC(203) Survivor regions: 1->0(12)
[2026-04-03T01:50:17.761+0600][62.974s][info][gc,heap        ] GC(203) Old regions: 408->78
[2026-04-03T01:50:17.761+0600][62.974s][info][gc,heap        ] GC(203) Humongous regions: 236->3
[2026-04-03T01:50:17.761+0600][62.974s][info][gc,metaspace   ] GC(203) Metaspace: 73145K(74048K)->73143K(74048K) NonClass: 63816K(64320K)->63815K(64320K) Class: 9328K(9728K)->9328K(9728K)
[2026-04-03T01:50:17.761+0600][62.974s][info][gc             ] GC(203) Pause Full (System.gc()) 1629M->149M(540M) 106.909ms
[2026-04-03T01:50:17.761+0600][62.974s][info][gc,cpu         ] GC(203) User=0.77s Sys=0.14s Real=0.11s
[2026-04-03T01:50:17.815+0600][63.027s][info][gc,start       ] GC(204) Pause Young (Concurrent Start) (G1 Humongous Allocation)
[2026-04-03T01:50:17.815+0600][63.028s][info][gc,task        ] GC(204) Using 10 workers of 10 for evacuation
[2026-04-03T01:50:17.817+0600][63.030s][info][gc,phases      ] GC(204)   Pre Evacuate Collection Set: 0.35ms
[2026-04-03T01:50:17.817+0600][63.030s][info][gc,phases      ] GC(204)   Merge Heap Roots: 0.07ms
[2026-04-03T01:50:17.817+0600][63.030s][info][gc,phases      ] GC(204)   Evacuate Collection Set: 1.40ms
[2026-04-03T01:50:17.817+0600][63.030s][info][gc,phases      ] GC(204)   Post Evacuate Collection Set: 0.47ms
[2026-04-03T01:50:17.817+0600][63.030s][info][gc,phases      ] GC(204)   Other: 0.11ms
[2026-04-03T01:50:17.817+0600][63.030s][info][gc,heap        ] GC(204) Eden regions: 22->0(153)
[2026-04-03T01:50:17.817+0600][63.030s][info][gc,heap        ] GC(204) Survivor regions: 0->1(19)
[2026-04-03T01:50:17.817+0600][63.030s][info][gc,heap        ] GC(204) Old regions: 78->78
[2026-04-03T01:50:17.817+0600][63.030s][info][gc,heap        ] GC(204) Humongous regions: 3->3
[2026-04-03T01:50:17.817+0600][63.030s][info][gc,metaspace   ] GC(204) Metaspace: 73187K(74176K)->73187K(74176K) NonClass: 63858K(64448K)->63858K(64448K) Class: 9328K(9728K)->9328K(9728K)
[2026-04-03T01:50:17.817+0600][63.030s][info][gc             ] GC(204) Pause Young (Concurrent Start) (G1 Humongous Allocation) 192M->150M(540M) 2.607ms
[2026-04-03T01:50:17.817+0600][63.030s][info][gc,cpu         ] GC(204) User=0.00s Sys=0.00s Real=0.00s
[2026-04-03T01:50:17.817+0600][63.030s][info][gc             ] GC(205) Concurrent Mark Cycle
[2026-04-03T01:50:17.817+0600][63.030s][info][gc,marking     ] GC(205) Concurrent Scan Root Regions
[2026-04-03T01:50:17.819+0600][63.032s][info][gc,marking     ] GC(205) Concurrent Scan Root Regions 1.330ms
[2026-04-03T01:50:17.819+0600][63.032s][info][gc,marking     ] GC(205) Concurrent Mark
[2026-04-03T01:50:17.819+0600][63.032s][info][gc,marking     ] GC(205) Concurrent Mark From Roots
[2026-04-03T01:50:17.819+0600][63.032s][info][gc,task        ] GC(205) Using 3 workers of 3 for marking
[2026-04-03T01:50:17.952+0600][63.165s][info][gc,marking     ] GC(205) Concurrent Mark From Roots 133.156ms
[2026-04-03T01:50:17.952+0600][63.165s][info][gc,marking     ] GC(205) Concurrent Preclean
[2026-04-03T01:50:17.952+0600][63.165s][info][gc,marking     ] GC(205) Concurrent Preclean 0.278ms
[2026-04-03T01:50:17.954+0600][63.167s][info][gc,start       ] GC(205) Pause Remark
[2026-04-03T01:50:17.959+0600][63.172s][info][gc             ] GC(205) Pause Remark 274M->274M(540M) 5.236ms
[2026-04-03T01:50:17.959+0600][63.172s][info][gc,cpu         ] GC(205) User=0.04s Sys=0.00s Real=0.00s
[2026-04-03T01:50:17.959+0600][63.172s][info][gc,marking     ] GC(205) Concurrent Mark 140.653ms
[2026-04-03T01:50:17.959+0600][63.172s][info][gc,marking     ] GC(205) Concurrent Rebuild Remembered Sets and Scrub Regions
[2026-04-03T01:50:18.032+0600][63.245s][info][gc,marking     ] GC(205) Concurrent Rebuild Remembered Sets and Scrub Regions 72.278ms
[2026-04-03T01:50:18.032+0600][63.245s][info][gc,start       ] GC(205) Pause Cleanup
[2026-04-03T01:50:18.033+0600][63.245s][info][gc             ] GC(205) Pause Cleanup 342M->342M(540M) 0.404ms
[2026-04-03T01:50:18.033+0600][63.246s][info][gc,cpu         ] GC(205) User=0.00s Sys=0.00s Real=0.00s
[2026-04-03T01:50:18.033+0600][63.246s][info][gc,marking     ] GC(205) Concurrent Clear Claimed Marks
[2026-04-03T01:50:18.033+0600][63.246s][info][gc,marking     ] GC(205) Concurrent Clear Claimed Marks 0.317ms
[2026-04-03T01:50:18.033+0600][63.246s][info][gc,marking     ] GC(205) Concurrent Cleanup for Next Mark
[2026-04-03T01:50:18.035+0600][63.247s][info][gc,marking     ] GC(205) Concurrent Cleanup for Next Mark 1.415ms
[2026-04-03T01:50:18.035+0600][63.248s][info][gc             ] GC(205) Concurrent Mark Cycle 217.413ms
[2026-04-03T01:50:18.192+0600][63.405s][info][gc,start       ] GC(206) Pause Young (Prepare Mixed) (G1 Evacuation Pause)
[2026-04-03T01:50:18.192+0600][63.405s][info][gc,task        ] GC(206) Using 10 workers of 10 for evacuation
[2026-04-03T01:50:18.242+0600][63.455s][info][gc,phases      ] GC(206)   Pre Evacuate Collection Set: 0.43ms
[2026-04-03T01:50:18.242+0600][63.455s][info][gc,phases      ] GC(206)   Merge Heap Roots: 0.48ms
[2026-04-03T01:50:18.242+0600][63.455s][info][gc,phases      ] GC(206)   Evacuate Collection Set: 47.85ms
[2026-04-03T01:50:18.242+0600][63.455s][info][gc,phases      ] GC(206)   Post Evacuate Collection Set: 0.99ms
[2026-04-03T01:50:18.242+0600][63.455s][info][gc,phases      ] GC(206)   Other: 0.12ms
[2026-04-03T01:50:18.242+0600][63.455s][info][gc,heap        ] GC(206) Eden regions: 153->0(84)
[2026-04-03T01:50:18.242+0600][63.455s][info][gc,heap        ] GC(206) Survivor regions: 1->20(20)
[2026-04-03T01:50:18.242+0600][63.455s][info][gc,heap        ] GC(206) Old regions: 78->100
[2026-04-03T01:50:18.242+0600][63.455s][info][gc,heap        ] GC(206) Humongous regions: 24->21
[2026-04-03T01:50:18.242+0600][63.455s][info][gc,metaspace   ] GC(206) Metaspace: 73199K(74176K)->73199K(74176K) NonClass: 63871K(64448K)->63871K(64448K) Class: 9328K(9728K)->9328K(9728K)
[2026-04-03T01:50:18.242+0600][63.455s][info][gc             ] GC(206) Pause Young (Prepare Mixed) (G1 Evacuation Pause) 498M->268M(596M) 50.299ms
[2026-04-03T01:50:18.242+0600][63.455s][info][gc,cpu         ] GC(206) User=0.46s Sys=0.02s Real=0.05s
[2026-04-03T01:50:18.407+0600][63.620s][info][gc,start       ] GC(207) Pause Young (Mixed) (G1 Evacuation Pause)
[2026-04-03T01:50:18.407+0600][63.620s][info][gc,task        ] GC(207) Using 10 workers of 10 for evacuation
[2026-04-03T01:50:18.478+0600][63.691s][info][gc,mmu         ] GC(207) MMU target violated: 51.0ms (50.0ms/51.0ms)
[2026-04-03T01:50:18.478+0600][63.691s][info][gc,phases      ] GC(207)   Pre Evacuate Collection Set: 0.57ms
[2026-04-03T01:50:18.478+0600][63.691s][info][gc,phases      ] GC(207)   Merge Heap Roots: 0.98ms
[2026-04-03T01:50:18.478+0600][63.691s][info][gc,phases      ] GC(207)   Evacuate Collection Set: 67.78ms
[2026-04-03T01:50:18.478+0600][63.691s][info][gc,phases      ] GC(207)   Post Evacuate Collection Set: 0.91ms
[2026-04-03T01:50:18.478+0600][63.691s][info][gc,phases      ] GC(207)   Other: 0.27ms
[2026-04-03T01:50:18.478+0600][63.691s][info][gc,heap        ] GC(207) Eden regions: 89->0(27)
[2026-04-03T01:50:18.478+0600][63.691s][info][gc,heap        ] GC(207) Survivor regions: 20->11(14)
[2026-04-03T01:50:18.478+0600][63.691s][info][gc,heap        ] GC(207) Old regions: 100->120
[2026-04-03T01:50:18.478+0600][63.691s][info][gc,heap        ] GC(207) Humongous regions: 30->30
[2026-04-03T01:50:18.478+0600][63.691s][info][gc,metaspace   ] GC(207) Metaspace: 73199K(74176K)->73199K(74176K) NonClass: 63871K(64448K)->63871K(64448K) Class: 9328K(9728K)->9328K(9728K)
[2026-04-03T01:50:18.478+0600][63.691s][info][gc             ] GC(207) Pause Young (Mixed) (G1 Evacuation Pause) 464M->310M(596M) 70.887ms
[2026-04-03T01:50:18.478+0600][63.691s][info][gc,cpu         ] GC(207) User=0.58s Sys=0.00s Real=0.07s
[2026-04-03T01:50:18.614+0600][63.827s][info][gc,start       ] GC(208) Pause Young (Mixed) (G1 Evacuation Pause)
[2026-04-03T01:50:18.614+0600][63.827s][info][gc,task        ] GC(208) Using 10 workers of 10 for evacuation
[2026-04-03T01:50:18.653+0600][63.866s][info][gc,phases      ] GC(208)   Pre Evacuate Collection Set: 0.62ms
[2026-04-03T01:50:18.653+0600][63.866s][info][gc,phases      ] GC(208)   Merge Heap Roots: 0.45ms
[2026-04-03T01:50:18.653+0600][63.866s][info][gc,phases      ] GC(208)   Evacuate Collection Set: 32.54ms
[2026-04-03T01:50:18.653+0600][63.866s][info][gc,phases      ] GC(208)   Post Evacuate Collection Set: 4.49ms
[2026-04-03T01:50:18.653+0600][63.866s][info][gc,phases      ] GC(208)   Other: 0.16ms
[2026-04-03T01:50:18.653+0600][63.866s][info][gc,heap        ] GC(208) Eden regions: 48->0(95)
[2026-04-03T01:50:18.653+0600][63.866s][info][gc,heap        ] GC(208) Survivor regions: 11->6(8)
[2026-04-03T01:50:18.653+0600][63.866s][info][gc,heap        ] GC(208) Old regions: 120->130
[2026-04-03T01:50:18.653+0600][63.866s][info][gc,heap        ] GC(208) Humongous regions: 30->30
[2026-04-03T01:50:18.653+0600][63.866s][info][gc,metaspace   ] GC(208) Metaspace: 73200K(74176K)->73200K(74176K) NonClass: 63872K(64448K)->63872K(64448K) Class: 9328K(9728K)->9328K(9728K)
[2026-04-03T01:50:18.653+0600][63.866s][info][gc             ] GC(208) Pause Young (Mixed) (G1 Evacuation Pause) 406M->321M(1702M) 38.690ms
[2026-04-03T01:50:18.653+0600][63.866s][info][gc,cpu         ] GC(208) User=0.30s Sys=0.01s Real=0.04s
[2026-04-03T01:50:18.881+0600][64.094s][info][gc,start       ] GC(209) Pause Young (Normal) (G1 Evacuation Pause)
[2026-04-03T01:50:18.881+0600][64.094s][info][gc,task        ] GC(209) Using 10 workers of 10 for evacuation
[2026-04-03T01:50:18.922+0600][64.135s][info][gc,phases      ] GC(209)   Pre Evacuate Collection Set: 0.37ms
[2026-04-03T01:50:18.922+0600][64.135s][info][gc,phases      ] GC(209)   Merge Heap Roots: 1.62ms
[2026-04-03T01:50:18.922+0600][64.135s][info][gc,phases      ] GC(209)   Evacuate Collection Set: 37.40ms
[2026-04-03T01:50:18.922+0600][64.135s][info][gc,phases      ] GC(209)   Post Evacuate Collection Set: 1.02ms
[2026-04-03T01:50:18.922+0600][64.135s][info][gc,phases      ] GC(209)   Other: 0.11ms
[2026-04-03T01:50:18.922+0600][64.135s][info][gc,heap        ] GC(209) Eden regions: 72->0(32)
[2026-04-03T01:50:18.922+0600][64.135s][info][gc,heap        ] GC(209) Survivor regions: 6->10(10)
[2026-04-03T01:50:18.922+0600][64.135s][info][gc,heap        ] GC(209) Old regions: 130->131
[2026-04-03T01:50:18.922+0600][64.135s][info][gc,heap        ] GC(209) Humongous regions: 39->39
[2026-04-03T01:50:18.922+0600][64.135s][info][gc,metaspace   ] GC(209) Metaspace: 73200K(74176K)->73200K(74176K) NonClass: 63872K(64448K)->63872K(64448K) Class: 9328K(9728K)->9328K(9728K)
[2026-04-03T01:50:18.922+0600][64.135s][info][gc             ] GC(209) Pause Young (Normal) (G1 Evacuation Pause) 483M->350M(1702M) 40.864ms
[2026-04-03T01:50:18.922+0600][64.135s][info][gc,cpu         ] GC(209) User=0.29s Sys=0.03s Real=0.04s
[2026-04-03T01:50:19.024+0600][64.237s][info][gc,start       ] GC(210) Pause Young (Normal) (G1 Evacuation Pause)
[2026-04-03T01:50:19.025+0600][64.237s][info][gc,task        ] GC(210) Using 10 workers of 10 for evacuation
[2026-04-03T01:50:19.054+0600][64.267s][info][gc,phases      ] GC(210)   Pre Evacuate Collection Set: 0.31ms
[2026-04-03T01:50:19.055+0600][64.267s][info][gc,phases      ] GC(210)   Merge Heap Roots: 0.65ms
[2026-04-03T01:50:19.055+0600][64.267s][info][gc,phases      ] GC(210)   Evacuate Collection Set: 27.91ms
[2026-04-03T01:50:19.055+0600][64.267s][info][gc,phases      ] GC(210)   Post Evacuate Collection Set: 0.92ms
[2026-04-03T01:50:19.055+0600][64.268s][info][gc,phases      ] GC(210)   Other: 0.11ms
[2026-04-03T01:50:19.055+0600][64.268s][info][gc,heap        ] GC(210) Eden regions: 50->0(79)
[2026-04-03T01:50:19.055+0600][64.268s][info][gc,heap        ] GC(210) Survivor regions: 10->5(8)
[2026-04-03T01:50:19.055+0600][64.268s][info][gc,heap        ] GC(210) Old regions: 131->140
[2026-04-03T01:50:19.055+0600][64.268s][info][gc,heap        ] GC(210) Humongous regions: 39->39
[2026-04-03T01:50:19.055+0600][64.268s][info][gc,metaspace   ] GC(210) Metaspace: 73200K(74176K)->73200K(74176K) NonClass: 63872K(64448K)->63872K(64448K) Class: 9328K(9728K)->9328K(9728K)
[2026-04-03T01:50:19.055+0600][64.268s][info][gc             ] GC(210) Pause Young (Normal) (G1 Evacuation Pause) 450M->359M(1702M) 30.268ms
[2026-04-03T01:50:19.055+0600][64.268s][info][gc,cpu         ] GC(210) User=0.29s Sys=0.00s Real=0.03s
[2026-04-03T01:50:19.224+0600][64.437s][info][gc,start       ] GC(211) Pause Young (Normal) (G1 Evacuation Pause)
[2026-04-03T01:50:19.224+0600][64.437s][info][gc,task        ] GC(211) Using 10 workers of 10 for evacuation
[2026-04-03T01:50:19.251+0600][64.464s][info][gc,phases      ] GC(211)   Pre Evacuate Collection Set: 0.33ms
[2026-04-03T01:50:19.251+0600][64.464s][info][gc,phases      ] GC(211)   Merge Heap Roots: 0.84ms
[2026-04-03T01:50:19.251+0600][64.464s][info][gc,phases      ] GC(211)   Evacuate Collection Set: 24.22ms
[2026-04-03T01:50:19.251+0600][64.464s][info][gc,phases      ] GC(211)   Post Evacuate Collection Set: 0.88ms
[2026-04-03T01:50:19.251+0600][64.464s][info][gc,phases      ] GC(211)   Other: 0.14ms
[2026-04-03T01:50:19.251+0600][64.464s][info][gc,heap        ] GC(211) Eden regions: 83->0(52)
[2026-04-03T01:50:19.251+0600][64.464s][info][gc,heap        ] GC(211) Survivor regions: 5->10(11)
[2026-04-03T01:50:19.251+0600][64.464s][info][gc,heap        ] GC(211) Old regions: 140->140
[2026-04-03T01:50:19.251+0600][64.464s][info][gc,heap        ] GC(211) Humongous regions: 39->39
[2026-04-03T01:50:19.251+0600][64.464s][info][gc,metaspace   ] GC(211) Metaspace: 73200K(74176K)->73200K(74176K) NonClass: 63872K(64448K)->63872K(64448K) Class: 9328K(9728K)->9328K(9728K)
[2026-04-03T01:50:19.251+0600][64.464s][info][gc             ] GC(211) Pause Young (Normal) (G1 Evacuation Pause) 525M->369M(1702M) 26.812ms
[2026-04-03T01:50:19.251+0600][64.464s][info][gc,cpu         ] GC(211) User=0.22s Sys=0.03s Real=0.03s
[2026-04-03T01:50:19.407+0600][64.620s][info][gc,start       ] GC(212) Pause Young (Normal) (G1 Evacuation Pause)
[2026-04-03T01:50:19.407+0600][64.620s][info][gc,task        ] GC(212) Using 10 workers of 10 for evacuation
[2026-04-03T01:50:19.438+0600][64.651s][info][gc,phases      ] GC(212)   Pre Evacuate Collection Set: 0.66ms
[2026-04-03T01:50:19.438+0600][64.651s][info][gc,phases      ] GC(212)   Merge Heap Roots: 1.40ms
[2026-04-03T01:50:19.438+0600][64.651s][info][gc,phases      ] GC(212)   Evacuate Collection Set: 26.15ms
[2026-04-03T01:50:19.438+0600][64.651s][info][gc,phases      ] GC(212)   Post Evacuate Collection Set: 2.72ms
[2026-04-03T01:50:19.438+0600][64.651s][info][gc,phases      ] GC(212)   Other: 0.16ms
[2026-04-03T01:50:19.438+0600][64.651s][info][gc,heap        ] GC(212) Eden regions: 66->0(94)
[2026-04-03T01:50:19.438+0600][64.651s][info][gc,heap        ] GC(212) Survivor regions: 10->6(10)
[2026-04-03T01:50:19.438+0600][64.651s][info][gc,heap        ] GC(212) Old regions: 140->148
[2026-04-03T01:50:19.438+0600][64.651s][info][gc,heap        ] GC(212) Humongous regions: 39->39
[2026-04-03T01:50:19.438+0600][64.651s][info][gc,metaspace   ] GC(212) Metaspace: 73200K(74176K)->73200K(74176K) NonClass: 63872K(64448K)->63872K(64448K) Class: 9328K(9728K)->9328K(9728K)
[2026-04-03T01:50:19.438+0600][64.651s][info][gc             ] GC(212) Pause Young (Normal) (G1 Evacuation Pause) 501M->376M(2146M) 31.501ms
[2026-04-03T01:50:19.438+0600][64.651s][info][gc,cpu         ] GC(212) User=0.27s Sys=0.01s Real=0.03s
[2026-04-03T01:50:19.698+0600][64.911s][info][gc,start       ] GC(213) Pause Young (Normal) (G1 Evacuation Pause)
[2026-04-03T01:50:19.698+0600][64.911s][info][gc,task        ] GC(213) Using 10 workers of 10 for evacuation
[2026-04-03T01:50:19.722+0600][64.935s][info][gc,phases      ] GC(213)   Pre Evacuate Collection Set: 0.46ms
[2026-04-03T01:50:19.723+0600][64.936s][info][gc,phases      ] GC(213)   Merge Heap Roots: 1.13ms
[2026-04-03T01:50:19.723+0600][64.936s][info][gc,phases      ] GC(213)   Evacuate Collection Set: 21.86ms
[2026-04-03T01:50:19.723+0600][64.936s][info][gc,phases      ] GC(213)   Post Evacuate Collection Set: 1.01ms
[2026-04-03T01:50:19.723+0600][64.936s][info][gc,phases      ] GC(213)   Other: 0.11ms
[2026-04-03T01:50:19.723+0600][64.936s][info][gc,heap        ] GC(213) Eden regions: 82->0(81)
[2026-04-03T01:50:19.723+0600][64.936s][info][gc,heap        ] GC(213) Survivor regions: 6->10(11)
[2026-04-03T01:50:19.723+0600][64.936s][info][gc,heap        ] GC(213) Old regions: 148->148
[2026-04-03T01:50:19.723+0600][64.936s][info][gc,heap        ] GC(213) Humongous regions: 39->39
[2026-04-03T01:50:19.723+0600][64.936s][info][gc,metaspace   ] GC(213) Metaspace: 73200K(74176K)->73200K(74176K) NonClass: 63872K(64448K)->63872K(64448K) Class: 9328K(9728K)->9328K(9728K)
[2026-04-03T01:50:19.723+0600][64.936s][info][gc             ] GC(213) Pause Young (Normal) (G1 Evacuation Pause) 540M->385M(2146M) 24.954ms
[2026-04-03T01:50:19.723+0600][64.936s][info][gc,cpu         ] GC(213) User=0.21s Sys=0.02s Real=0.03s
[2026-04-03T01:50:19.932+0600][65.145s][info][gc,start       ] GC(214) Pause Young (Normal) (G1 Evacuation Pause)
[2026-04-03T01:50:19.933+0600][65.146s][info][gc,task        ] GC(214) Using 10 workers of 10 for evacuation
[2026-04-03T01:50:19.969+0600][65.182s][info][gc,phases      ] GC(214)   Pre Evacuate Collection Set: 0.60ms
[2026-04-03T01:50:19.970+0600][65.182s][info][gc,phases      ] GC(214)   Merge Heap Roots: 1.55ms
[2026-04-03T01:50:19.970+0600][65.183s][info][gc,phases      ] GC(214)   Evacuate Collection Set: 33.51ms
[2026-04-03T01:50:19.970+0600][65.183s][info][gc,phases      ] GC(214)   Post Evacuate Collection Set: 1.01ms
[2026-04-03T01:50:19.970+0600][65.183s][info][gc,phases      ] GC(214)   Other: 0.14ms
[2026-04-03T01:50:19.970+0600][65.183s][info][gc,heap        ] GC(214) Eden regions: 84->0(77)
[2026-04-03T01:50:19.970+0600][65.183s][info][gc,heap        ] GC(214) Survivor regions: 10->10(12)
[2026-04-03T01:50:19.970+0600][65.183s][info][gc,heap        ] GC(214) Old regions: 148->151
[2026-04-03T01:50:19.970+0600][65.183s][info][gc,heap        ] GC(214) Humongous regions: 39->39
[2026-04-03T01:50:19.970+0600][65.183s][info][gc,metaspace   ] GC(214) Metaspace: 73200K(74176K)->73200K(74176K) NonClass: 63872K(64448K)->63872K(64448K) Class: 9328K(9728K)->9328K(9728K)
[2026-04-03T01:50:19.970+0600][65.183s][info][gc             ] GC(214) Pause Young (Normal) (G1 Evacuation Pause) 553M->391M(2146M) 37.317ms
[2026-04-03T01:50:19.970+0600][65.183s][info][gc,cpu         ] GC(214) User=0.28s Sys=0.04s Real=0.04s
[2026-04-03T01:50:20.179+0600][65.392s][info][gc,start       ] GC(215) Pause Young (Normal) (G1 Evacuation Pause)
[2026-04-03T01:50:20.179+0600][65.392s][info][gc,task        ] GC(215) Using 10 workers of 10 for evacuation
[2026-04-03T01:50:20.226+0600][65.439s][info][gc,phases      ] GC(215)   Pre Evacuate Collection Set: 0.75ms
[2026-04-03T01:50:20.226+0600][65.439s][info][gc,phases      ] GC(215)   Merge Heap Roots: 2.14ms
[2026-04-03T01:50:20.226+0600][65.439s][info][gc,phases      ] GC(215)   Evacuate Collection Set: 42.73ms
[2026-04-03T01:50:20.226+0600][65.439s][info][gc,phases      ] GC(215)   Post Evacuate Collection Set: 0.86ms
[2026-04-03T01:50:20.226+0600][65.439s][info][gc,phases      ] GC(215)   Other: 0.13ms
[2026-04-03T01:50:20.226+0600][65.439s][info][gc,heap        ] GC(215) Eden regions: 52->0(96)
[2026-04-03T01:50:20.226+0600][65.439s][info][gc,heap        ] GC(215) Survivor regions: 10->5(8)
[2026-04-03T01:50:20.226+0600][65.439s][info][gc,heap        ] GC(215) Old regions: 151->160
[2026-04-03T01:50:20.226+0600][65.439s][info][gc,heap        ] GC(215) Humongous regions: 54->54
[2026-04-03T01:50:20.226+0600][65.439s][info][gc,metaspace   ] GC(215) Metaspace: 73200K(74176K)->73200K(74176K) NonClass: 63872K(64448K)->63872K(64448K) Class: 9328K(9728K)->9328K(9728K)
[2026-04-03T01:50:20.226+0600][65.439s][info][gc             ] GC(215) Pause Young (Normal) (G1 Evacuation Pause) 525M->428M(2146M) 47.006ms
[2026-04-03T01:50:20.226+0600][65.439s][info][gc,cpu         ] GC(215) User=0.42s Sys=0.00s Real=0.05s
[2026-04-03T01:50:20.557+0600][65.770s][info][gc,start       ] GC(216) Pause Young (Normal) (G1 Evacuation Pause)
[2026-04-03T01:50:20.557+0600][65.770s][info][gc,task        ] GC(216) Using 10 workers of 10 for evacuation
[2026-04-03T01:50:20.584+0600][65.796s][info][gc,phases      ] GC(216)   Pre Evacuate Collection Set: 0.23ms
[2026-04-03T01:50:20.584+0600][65.797s][info][gc,phases      ] GC(216)   Merge Heap Roots: 1.15ms
[2026-04-03T01:50:20.584+0600][65.797s][info][gc,phases      ] GC(216)   Evacuate Collection Set: 23.21ms
[2026-04-03T01:50:20.584+0600][65.797s][info][gc,phases      ] GC(216)   Post Evacuate Collection Set: 1.99ms
[2026-04-03T01:50:20.584+0600][65.797s][info][gc,phases      ] GC(216)   Other: 0.11ms
[2026-04-03T01:50:20.584+0600][65.797s][info][gc,heap        ] GC(216) Eden regions: 84->0(60)
[2026-04-03T01:50:20.584+0600][65.797s][info][gc,heap        ] GC(216) Survivor regions: 5->9(12)
[2026-04-03T01:50:20.584+0600][65.797s][info][gc,heap        ] GC(216) Old regions: 160->160
[2026-04-03T01:50:20.584+0600][65.797s][info][gc,heap        ] GC(216) Humongous regions: 54->54
[2026-04-03T01:50:20.584+0600][65.797s][info][gc,metaspace   ] GC(216) Metaspace: 73200K(74176K)->73200K(74176K) NonClass: 63872K(64448K)->63872K(64448K) Class: 9328K(9728K)->9328K(9728K)
[2026-04-03T01:50:20.584+0600][65.797s][info][gc             ] GC(216) Pause Young (Normal) (G1 Evacuation Pause) 596M->437M(2464M) 27.008ms
[2026-04-03T01:50:20.584+0600][65.797s][info][gc,cpu         ] GC(216) User=0.24s Sys=0.01s Real=0.03s
[2026-04-03T01:50:21.533+0600][66.746s][info][gc,start       ] GC(217) Pause Young (Normal) (G1 Evacuation Pause)
[2026-04-03T01:50:21.533+0600][66.746s][info][gc,task        ] GC(217) Using 10 workers of 10 for evacuation
[2026-04-03T01:50:21.576+0600][66.789s][info][gc,phases      ] GC(217)   Pre Evacuate Collection Set: 0.46ms
[2026-04-03T01:50:21.576+0600][66.789s][info][gc,phases      ] GC(217)   Merge Heap Roots: 1.22ms
[2026-04-03T01:50:21.576+0600][66.789s][info][gc,phases      ] GC(217)   Evacuate Collection Set: 40.54ms
[2026-04-03T01:50:21.576+0600][66.789s][info][gc,phases      ] GC(217)   Post Evacuate Collection Set: 0.99ms
[2026-04-03T01:50:21.576+0600][66.789s][info][gc,phases      ] GC(217)   Other: 0.14ms
[2026-04-03T01:50:21.576+0600][66.789s][info][gc,heap        ] GC(217) Eden regions: 52->0(91)
[2026-04-03T01:50:21.576+0600][66.789s][info][gc,heap        ] GC(217) Survivor regions: 9->4(8)
[2026-04-03T01:50:21.576+0600][66.789s][info][gc,heap        ] GC(217) Old regions: 160->168
[2026-04-03T01:50:21.576+0600][66.789s][info][gc,heap        ] GC(217) Humongous regions: 61->60
[2026-04-03T01:50:21.576+0600][66.789s][info][gc,metaspace   ] GC(217) Metaspace: 73214K(74176K)->73214K(74176K) NonClass: 63886K(64448K)->63886K(64448K) Class: 9328K(9728K)->9328K(9728K)
[2026-04-03T01:50:21.577+0600][66.789s][info][gc             ] GC(217) Pause Young (Normal) (G1 Evacuation Pause) 555M->453M(2464M) 43.698ms
[2026-04-03T01:50:21.577+0600][66.790s][info][gc,cpu         ] GC(217) User=0.41s Sys=0.00s Real=0.04s
[2026-04-03T01:50:22.149+0600][67.362s][info][gc,start       ] GC(218) Pause Young (Normal) (G1 Evacuation Pause)
[2026-04-03T01:50:22.149+0600][67.362s][info][gc,task        ] GC(218) Using 10 workers of 10 for evacuation
[2026-04-03T01:50:22.216+0600][67.428s][info][gc,mmu         ] GC(218) MMU target violated: 51.0ms (50.0ms/51.0ms)
[2026-04-03T01:50:22.216+0600][67.429s][info][gc,phases      ] GC(218)   Pre Evacuate Collection Set: 0.31ms
[2026-04-03T01:50:22.216+0600][67.429s][info][gc,phases      ] GC(218)   Merge Heap Roots: 1.07ms
[2026-04-03T01:50:22.216+0600][67.429s][info][gc,phases      ] GC(218)   Evacuate Collection Set: 63.96ms
[2026-04-03T01:50:22.216+0600][67.429s][info][gc,phases      ] GC(218)   Post Evacuate Collection Set: 1.02ms
[2026-04-03T01:50:22.216+0600][67.429s][info][gc,phases      ] GC(218)   Other: 0.21ms
[2026-04-03T01:50:22.216+0600][67.429s][info][gc,heap        ] GC(218) Eden regions: 108->0(47)
[2026-04-03T01:50:22.216+0600][67.429s][info][gc,heap        ] GC(218) Survivor regions: 4->14(14)
[2026-04-03T01:50:22.216+0600][67.429s][info][gc,heap        ] GC(218) Old regions: 168->179
[2026-04-03T01:50:22.216+0600][67.429s][info][gc,heap        ] GC(218) Humongous regions: 83->78
[2026-04-03T01:50:22.216+0600][67.429s][info][gc,metaspace   ] GC(218) Metaspace: 73251K(74176K)->73251K(74176K) NonClass: 63921K(64448K)->63921K(64448K) Class: 9329K(9728K)->9329K(9728K)
[2026-04-03T01:50:22.216+0600][67.429s][info][gc             ] GC(218) Pause Young (Normal) (G1 Evacuation Pause) 715M->533M(2464M) 66.841ms
[2026-04-03T01:50:22.216+0600][67.429s][info][gc,cpu         ] GC(218) User=0.62s Sys=0.04s Real=0.07s
[2026-04-03T01:50:22.341+0600][67.554s][info][gc,start       ] GC(219) Pause Young (Normal) (G1 Evacuation Pause)
[2026-04-03T01:50:22.341+0600][67.554s][info][gc,task        ] GC(219) Using 10 workers of 10 for evacuation
[2026-04-03T01:50:22.416+0600][67.629s][info][gc,mmu         ] GC(219) MMU target violated: 51.0ms (50.0ms/51.0ms)
[2026-04-03T01:50:22.416+0600][67.629s][info][gc,phases      ] GC(219)   Pre Evacuate Collection Set: 0.67ms
[2026-04-03T01:50:22.416+0600][67.629s][info][gc,phases      ] GC(219)   Merge Heap Roots: 1.02ms
[2026-04-03T01:50:22.416+0600][67.629s][info][gc,phases      ] GC(219)   Evacuate Collection Set: 71.89ms
[2026-04-03T01:50:22.416+0600][67.629s][info][gc,phases      ] GC(219)   Post Evacuate Collection Set: 0.90ms
[2026-04-03T01:50:22.416+0600][67.629s][info][gc,phases      ] GC(219)   Other: 0.28ms
[2026-04-03T01:50:22.416+0600][67.629s][info][gc,heap        ] GC(219) Eden regions: 47->0(53)
[2026-04-03T01:50:22.416+0600][67.629s][info][gc,heap        ] GC(219) Survivor regions: 14->8(8)
[2026-04-03T01:50:22.416+0600][67.629s][info][gc,heap        ] GC(219) Old regions: 179->209
[2026-04-03T01:50:22.416+0600][67.629s][info][gc,heap        ] GC(219) Humongous regions: 96->96
[2026-04-03T01:50:22.416+0600][67.629s][info][gc,metaspace   ] GC(219) Metaspace: 73251K(74176K)->73251K(74176K) NonClass: 63921K(64448K)->63921K(64448K) Class: 9329K(9728K)->9329K(9728K)
[2026-04-03T01:50:22.416+0600][67.629s][info][gc             ] GC(219) Pause Young (Normal) (G1 Evacuation Pause) 663M->617M(2464M) 75.073ms
[2026-04-03T01:50:22.416+0600][67.629s][info][gc,cpu         ] GC(219) User=0.71s Sys=0.01s Real=0.07s
[2026-04-03T01:50:22.531+0600][67.744s][info][gc,start       ] GC(220) Pause Young (Normal) (G1 Evacuation Pause)
[2026-04-03T01:50:22.532+0600][67.745s][info][gc,task        ] GC(220) Using 10 workers of 10 for evacuation
[2026-04-03T01:50:22.570+0600][67.783s][info][gc,phases      ] GC(220)   Pre Evacuate Collection Set: 0.55ms
[2026-04-03T01:50:22.570+0600][67.783s][info][gc,phases      ] GC(220)   Merge Heap Roots: 0.91ms
[2026-04-03T01:50:22.570+0600][67.783s][info][gc,phases      ] GC(220)   Evacuate Collection Set: 36.11ms
[2026-04-03T01:50:22.570+0600][67.783s][info][gc,phases      ] GC(220)   Post Evacuate Collection Set: 0.87ms
[2026-04-03T01:50:22.570+0600][67.783s][info][gc,phases      ] GC(220)   Other: 0.14ms
[2026-04-03T01:50:22.570+0600][67.783s][info][gc,heap        ] GC(220) Eden regions: 53->0(53)
[2026-04-03T01:50:22.570+0600][67.783s][info][gc,heap        ] GC(220) Survivor regions: 8->8(8)
[2026-04-03T01:50:22.570+0600][67.783s][info][gc,heap        ] GC(220) Old regions: 209->222
[2026-04-03T01:50:22.570+0600][67.783s][info][gc,heap        ] GC(220) Humongous regions: 96->96
[2026-04-03T01:50:22.570+0600][67.783s][info][gc,metaspace   ] GC(220) Metaspace: 73258K(74176K)->73258K(74176K) NonClass: 63928K(64448K)->63928K(64448K) Class: 9330K(9728K)->9330K(9728K)
[2026-04-03T01:50:22.570+0600][67.783s][info][gc             ] GC(220) Pause Young (Normal) (G1 Evacuation Pause) 723M->642M(2464M) 38.947ms
[2026-04-03T01:50:22.570+0600][67.783s][info][gc,cpu         ] GC(220) User=0.33s Sys=0.02s Real=0.04s
[2026-04-03T01:50:22.675+0600][67.888s][info][gc,start       ] GC(221) Pause Young (Normal) (G1 Evacuation Pause)
[2026-04-03T01:50:22.675+0600][67.888s][info][gc,task        ] GC(221) Using 10 workers of 10 for evacuation
[2026-04-03T01:50:22.705+0600][67.918s][info][gc,phases      ] GC(221)   Pre Evacuate Collection Set: 0.44ms
[2026-04-03T01:50:22.705+0600][67.918s][info][gc,phases      ] GC(221)   Merge Heap Roots: 0.38ms
[2026-04-03T01:50:22.705+0600][67.918s][info][gc,phases      ] GC(221)   Evacuate Collection Set: 27.83ms
[2026-04-03T01:50:22.705+0600][67.918s][info][gc,phases      ] GC(221)   Post Evacuate Collection Set: 1.12ms
[2026-04-03T01:50:22.705+0600][67.918s][info][gc,phases      ] GC(221)   Other: 0.13ms
[2026-04-03T01:50:22.705+0600][67.918s][info][gc,heap        ] GC(221) Eden regions: 53->0(54)
[2026-04-03T01:50:22.705+0600][67.918s][info][gc,heap        ] GC(221) Survivor regions: 8->7(8)
[2026-04-03T01:50:22.705+0600][67.918s][info][gc,heap        ] GC(221) Old regions: 222->231
[2026-04-03T01:50:22.705+0600][67.918s][info][gc,heap        ] GC(221) Humongous regions: 98->98
[2026-04-03T01:50:22.705+0600][67.918s][info][gc,metaspace   ] GC(221) Metaspace: 73258K(74176K)->73258K(74176K) NonClass: 63928K(64448K)->63928K(64448K) Class: 9330K(9728K)->9330K(9728K)
[2026-04-03T01:50:22.705+0600][67.918s][info][gc             ] GC(221) Pause Young (Normal) (G1 Evacuation Pause) 752M->663M(2464M) 30.293ms
[2026-04-03T01:50:22.706+0600][67.919s][info][gc,cpu         ] GC(221) User=0.26s Sys=0.02s Real=0.03s
[2026-04-03T01:50:22.862+0600][68.074s][info][gc,start       ] GC(222) Pause Young (Normal) (G1 Evacuation Pause)
[2026-04-03T01:50:22.862+0600][68.075s][info][gc,task        ] GC(222) Using 10 workers of 10 for evacuation
[2026-04-03T01:50:22.899+0600][68.112s][info][gc,phases      ] GC(222)   Pre Evacuate Collection Set: 0.58ms
[2026-04-03T01:50:22.899+0600][68.112s][info][gc,phases      ] GC(222)   Merge Heap Roots: 0.72ms
[2026-04-03T01:50:22.899+0600][68.112s][info][gc,phases      ] GC(222)   Evacuate Collection Set: 32.87ms
[2026-04-03T01:50:22.899+0600][68.112s][info][gc,phases      ] GC(222)   Post Evacuate Collection Set: 2.65ms
[2026-04-03T01:50:22.899+0600][68.112s][info][gc,phases      ] GC(222)   Other: 0.17ms
[2026-04-03T01:50:22.899+0600][68.112s][info][gc,heap        ] GC(222) Eden regions: 80->0(62)
[2026-04-03T01:50:22.899+0600][68.112s][info][gc,heap        ] GC(222) Survivor regions: 7->9(11)
[2026-04-03T01:50:22.899+0600][68.112s][info][gc,heap        ] GC(222) Old regions: 231->237
[2026-04-03T01:50:22.899+0600][68.112s][info][gc,heap        ] GC(222) Humongous regions: 105->105
[2026-04-03T01:50:22.899+0600][68.112s][info][gc,metaspace   ] GC(222) Metaspace: 73258K(74176K)->73258K(74176K) NonClass: 63928K(64448K)->63928K(64448K) Class: 9330K(9728K)->9330K(9728K)
[2026-04-03T01:50:22.899+0600][68.112s][info][gc             ] GC(222) Pause Young (Normal) (G1 Evacuation Pause) 837M->693M(2840M) 37.440ms
[2026-04-03T01:50:22.899+0600][68.112s][info][gc,cpu         ] GC(222) User=0.32s Sys=0.01s Real=0.03s
[2026-04-03T01:50:23.105+0600][68.318s][info][gc,start       ] GC(223) Pause Young (Normal) (G1 Evacuation Pause)
[2026-04-03T01:50:23.105+0600][68.318s][info][gc,task        ] GC(223) Using 10 workers of 10 for evacuation
[2026-04-03T01:50:23.144+0600][68.357s][info][gc,phases      ] GC(223)   Pre Evacuate Collection Set: 0.68ms
[2026-04-03T01:50:23.144+0600][68.357s][info][gc,phases      ] GC(223)   Merge Heap Roots: 0.62ms
[2026-04-03T01:50:23.144+0600][68.357s][info][gc,phases      ] GC(223)   Evacuate Collection Set: 36.95ms
[2026-04-03T01:50:23.144+0600][68.357s][info][gc,phases      ] GC(223)   Post Evacuate Collection Set: 1.07ms
[2026-04-03T01:50:23.144+0600][68.357s][info][gc,phases      ] GC(223)   Other: 0.14ms
[2026-04-03T01:50:23.144+0600][68.357s][info][gc,heap        ] GC(223) Eden regions: 67->0(64)
[2026-04-03T01:50:23.144+0600][68.357s][info][gc,heap        ] GC(223) Survivor regions: 9->7(10)
[2026-04-03T01:50:23.144+0600][68.357s][info][gc,heap        ] GC(223) Old regions: 237->245
[2026-04-03T01:50:23.144+0600][68.357s][info][gc,heap        ] GC(223) Humongous regions: 111->111
[2026-04-03T01:50:23.145+0600][68.357s][info][gc,metaspace   ] GC(223) Metaspace: 73258K(74176K)->73258K(74176K) NonClass: 63928K(64448K)->63928K(64448K) Class: 9330K(9728K)->9330K(9728K)
[2026-04-03T01:50:23.145+0600][68.358s][info][gc             ] GC(223) Pause Young (Normal) (G1 Evacuation Pause) 839M->717M(2840M) 39.918ms
[2026-04-03T01:50:23.145+0600][68.358s][info][gc,cpu         ] GC(223) User=0.32s Sys=0.03s Real=0.04s
[2026-04-03T01:50:23.368+0600][68.581s][info][gc,start       ] GC(224) Pause Young (Normal) (G1 Evacuation Pause)
[2026-04-03T01:50:23.368+0600][68.581s][info][gc,task        ] GC(224) Using 10 workers of 10 for evacuation
[2026-04-03T01:50:23.406+0600][68.619s][info][gc,phases      ] GC(224)   Pre Evacuate Collection Set: 0.78ms
[2026-04-03T01:50:23.406+0600][68.619s][info][gc,phases      ] GC(224)   Merge Heap Roots: 1.42ms
[2026-04-03T01:50:23.406+0600][68.619s][info][gc,phases      ] GC(224)   Evacuate Collection Set: 34.17ms
[2026-04-03T01:50:23.406+0600][68.619s][info][gc,phases      ] GC(224)   Post Evacuate Collection Set: 0.99ms
[2026-04-03T01:50:23.406+0600][68.619s][info][gc,phases      ] GC(224)   Other: 0.23ms
[2026-04-03T01:50:23.406+0600][68.619s][info][gc,heap        ] GC(224) Eden regions: 64->0(65)
[2026-04-03T01:50:23.406+0600][68.619s][info][gc,heap        ] GC(224) Survivor regions: 7->6(9)
[2026-04-03T01:50:23.406+0600][68.619s][info][gc,heap        ] GC(224) Old regions: 245->252
[2026-04-03T01:50:23.406+0600][68.619s][info][gc,heap        ] GC(224) Humongous regions: 114->114
[2026-04-03T01:50:23.406+0600][68.619s][info][gc,metaspace   ] GC(224) Metaspace: 73258K(74176K)->73258K(74176K) NonClass: 63928K(64448K)->63928K(64448K) Class: 9330K(9728K)->9330K(9728K)
[2026-04-03T01:50:23.406+0600][68.619s][info][gc             ] GC(224) Pause Young (Normal) (G1 Evacuation Pause) 851M->734M(2840M) 38.388ms
[2026-04-03T01:50:23.406+0600][68.619s][info][gc,cpu         ] GC(224) User=0.30s Sys=0.03s Real=0.04s
[2026-04-03T01:50:23.619+0600][68.832s][info][gc,start       ] GC(225) Pause Young (Normal) (G1 Evacuation Pause)
[2026-04-03T01:50:23.619+0600][68.832s][info][gc,task        ] GC(225) Using 10 workers of 10 for evacuation
[2026-04-03T01:50:23.647+0600][68.860s][info][gc,phases      ] GC(225)   Pre Evacuate Collection Set: 0.47ms
[2026-04-03T01:50:23.647+0600][68.860s][info][gc,phases      ] GC(225)   Merge Heap Roots: 1.49ms
[2026-04-03T01:50:23.647+0600][68.860s][info][gc,phases      ] GC(225)   Evacuate Collection Set: 24.87ms
[2026-04-03T01:50:23.647+0600][68.860s][info][gc,phases      ] GC(225)   Post Evacuate Collection Set: 0.92ms
[2026-04-03T01:50:23.647+0600][68.860s][info][gc,phases      ] GC(225)   Other: 0.14ms
[2026-04-03T01:50:23.647+0600][68.860s][info][gc,heap        ] GC(225) Eden regions: 65->0(65)
[2026-04-03T01:50:23.647+0600][68.860s][info][gc,heap        ] GC(225) Survivor regions: 6->6(9)
[2026-04-03T01:50:23.648+0600][68.860s][info][gc,heap        ] GC(225) Old regions: 252->257
[2026-04-03T01:50:23.648+0600][68.860s][info][gc,heap        ] GC(225) Humongous regions: 114->114
[2026-04-03T01:50:23.648+0600][68.860s][info][gc,metaspace   ] GC(225) Metaspace: 73258K(74176K)->73258K(74176K) NonClass: 63928K(64448K)->63928K(64448K) Class: 9330K(9728K)->9330K(9728K)
[2026-04-03T01:50:23.648+0600][68.861s][info][gc             ] GC(225) Pause Young (Normal) (G1 Evacuation Pause) 864M->743M(2840M) 28.587ms
[2026-04-03T01:50:23.648+0600][68.861s][info][gc,cpu         ] GC(225) User=0.23s Sys=0.02s Real=0.03s
[2026-04-03T01:50:23.880+0600][69.093s][info][gc,start       ] GC(226) Pause Young (Normal) (G1 Evacuation Pause)
[2026-04-03T01:50:23.880+0600][69.093s][info][gc,task        ] GC(226) Using 10 workers of 10 for evacuation
[2026-04-03T01:50:23.905+0600][69.118s][info][gc,phases      ] GC(226)   Pre Evacuate Collection Set: 0.50ms
[2026-04-03T01:50:23.905+0600][69.118s][info][gc,phases      ] GC(226)   Merge Heap Roots: 1.12ms
[2026-04-03T01:50:23.906+0600][69.118s][info][gc,phases      ] GC(226)   Evacuate Collection Set: 22.11ms
[2026-04-03T01:50:23.906+0600][69.118s][info][gc,phases      ] GC(226)   Post Evacuate Collection Set: 1.51ms
[2026-04-03T01:50:23.906+0600][69.118s][info][gc,phases      ] GC(226)   Other: 0.11ms
[2026-04-03T01:50:23.906+0600][69.118s][info][gc,heap        ] GC(226) Eden regions: 65->0(70)
[2026-04-03T01:50:23.906+0600][69.119s][info][gc,heap        ] GC(226) Survivor regions: 6->6(9)
[2026-04-03T01:50:23.906+0600][69.119s][info][gc,heap        ] GC(226) Old regions: 257->261
[2026-04-03T01:50:23.906+0600][69.119s][info][gc,heap        ] GC(226) Humongous regions: 114->114
[2026-04-03T01:50:23.906+0600][69.119s][info][gc,metaspace   ] GC(226) Metaspace: 73258K(74176K)->73258K(74176K) NonClass: 63928K(64448K)->63928K(64448K) Class: 9330K(9728K)->9330K(9728K)
[2026-04-03T01:50:23.906+0600][69.119s][info][gc             ] GC(226) Pause Young (Normal) (G1 Evacuation Pause) 873M->751M(3054M) 25.701ms
[2026-04-03T01:50:23.906+0600][69.119s][info][gc,cpu         ] GC(226) User=0.21s Sys=0.01s Real=0.02s
[2026-04-03T01:50:24.300+0600][69.513s][info][gc,start       ] GC(227) Pause Young (Normal) (G1 Evacuation Pause)
[2026-04-03T01:50:24.300+0600][69.513s][info][gc,task        ] GC(227) Using 10 workers of 10 for evacuation
[2026-04-03T01:50:24.326+0600][69.539s][info][gc,phases      ] GC(227)   Pre Evacuate Collection Set: 0.63ms
[2026-04-03T01:50:24.326+0600][69.539s][info][gc,phases      ] GC(227)   Merge Heap Roots: 1.40ms
[2026-04-03T01:50:24.326+0600][69.539s][info][gc,phases      ] GC(227)   Evacuate Collection Set: 22.51ms
[2026-04-03T01:50:24.326+0600][69.539s][info][gc,phases      ] GC(227)   Post Evacuate Collection Set: 0.98ms
[2026-04-03T01:50:24.326+0600][69.539s][info][gc,phases      ] GC(227)   Other: 0.14ms
[2026-04-03T01:50:24.326+0600][69.539s][info][gc,heap        ] GC(227) Eden regions: 70->0(66)
[2026-04-03T01:50:24.326+0600][69.539s][info][gc,heap        ] GC(227) Survivor regions: 6->10(10)
[2026-04-03T01:50:24.326+0600][69.539s][info][gc,heap        ] GC(227) Old regions: 261->261
[2026-04-03T01:50:24.326+0600][69.539s][info][gc,heap        ] GC(227) Humongous regions: 114->114
[2026-04-03T01:50:24.326+0600][69.539s][info][gc,metaspace   ] GC(227) Metaspace: 73258K(74176K)->73258K(74176K) NonClass: 63928K(64448K)->63928K(64448K) Class: 9330K(9728K)->9330K(9728K)
[2026-04-03T01:50:24.326+0600][69.539s][info][gc             ] GC(227) Pause Young (Normal) (G1 Evacuation Pause) 891M->760M(3054M) 26.057ms
[2026-04-03T01:50:24.326+0600][69.539s][info][gc,cpu         ] GC(227) User=0.21s Sys=0.02s Real=0.02s
[2026-04-03T01:50:24.595+0600][69.808s][info][gc,start       ] GC(228) Pause Young (Normal) (G1 Evacuation Pause)
[2026-04-03T01:50:24.595+0600][69.808s][info][gc,task        ] GC(228) Using 10 workers of 10 for evacuation
[2026-04-03T01:50:24.629+0600][69.842s][info][gc,phases      ] GC(228)   Pre Evacuate Collection Set: 0.52ms
[2026-04-03T01:50:24.629+0600][69.842s][info][gc,phases      ] GC(228)   Merge Heap Roots: 1.48ms
[2026-04-03T01:50:24.629+0600][69.842s][info][gc,phases      ] GC(228)   Evacuate Collection Set: 30.35ms
[2026-04-03T01:50:24.629+0600][69.842s][info][gc,phases      ] GC(228)   Post Evacuate Collection Set: 1.03ms
[2026-04-03T01:50:24.629+0600][69.842s][info][gc,phases      ] GC(228)   Other: 0.19ms
[2026-04-03T01:50:24.629+0600][69.842s][info][gc,heap        ] GC(228) Eden regions: 66->0(67)
[2026-04-03T01:50:24.629+0600][69.842s][info][gc,heap        ] GC(228) Survivor regions: 10->9(10)
[2026-04-03T01:50:24.629+0600][69.842s][info][gc,heap        ] GC(228) Old regions: 261->265
[2026-04-03T01:50:24.629+0600][69.842s][info][gc,heap        ] GC(228) Humongous regions: 114->114
[2026-04-03T01:50:24.629+0600][69.842s][info][gc,metaspace   ] GC(228) Metaspace: 73258K(74176K)->73258K(74176K) NonClass: 63928K(64448K)->63928K(64448K) Class: 9330K(9728K)->9330K(9728K)
[2026-04-03T01:50:24.629+0600][69.842s][info][gc             ] GC(228) Pause Young (Normal) (G1 Evacuation Pause) 892M->766M(3054M) 33.950ms
[2026-04-03T01:50:24.629+0600][69.842s][info][gc,cpu         ] GC(228) User=0.30s Sys=0.02s Real=0.03s
[2026-04-03T01:50:24.964+0600][70.177s][info][gc,start       ] GC(229) Pause Young (Normal) (G1 Evacuation Pause)
[2026-04-03T01:50:24.964+0600][70.177s][info][gc,task        ] GC(229) Using 10 workers of 10 for evacuation
[2026-04-03T01:50:25.008+0600][70.221s][info][gc,phases      ] GC(229)   Pre Evacuate Collection Set: 0.66ms
[2026-04-03T01:50:25.008+0600][70.221s][info][gc,phases      ] GC(229)   Merge Heap Roots: 2.40ms
[2026-04-03T01:50:25.008+0600][70.221s][info][gc,phases      ] GC(229)   Evacuate Collection Set: 39.38ms
[2026-04-03T01:50:25.008+0600][70.221s][info][gc,phases      ] GC(229)   Post Evacuate Collection Set: 1.11ms
[2026-04-03T01:50:25.008+0600][70.221s][info][gc,phases      ] GC(229)   Other: 0.17ms
[2026-04-03T01:50:25.008+0600][70.221s][info][gc,heap        ] GC(229) Eden regions: 67->0(67)
[2026-04-03T01:50:25.008+0600][70.221s][info][gc,heap        ] GC(229) Survivor regions: 9->9(10)
[2026-04-03T01:50:25.008+0600][70.221s][info][gc,heap        ] GC(229) Old regions: 265->268
[2026-04-03T01:50:25.008+0600][70.221s][info][gc,heap        ] GC(229) Humongous regions: 124->124
[2026-04-03T01:50:25.008+0600][70.221s][info][gc,metaspace   ] GC(229) Metaspace: 73258K(74176K)->73258K(74176K) NonClass: 63928K(64448K)->63928K(64448K) Class: 9330K(9728K)->9330K(9728K)
[2026-04-03T01:50:25.008+0600][70.221s][info][gc             ] GC(229) Pause Young (Normal) (G1 Evacuation Pause) 920M->793M(3054M) 44.097ms
[2026-04-03T01:50:25.008+0600][70.221s][info][gc,cpu         ] GC(229) User=0.37s Sys=0.02s Real=0.04s
[2026-04-03T01:50:25.483+0600][70.696s][info][gc,start       ] GC(230) Pause Young (Normal) (G1 Evacuation Pause)
[2026-04-03T01:50:25.483+0600][70.696s][info][gc,task        ] GC(230) Using 10 workers of 10 for evacuation
[2026-04-03T01:50:25.528+0600][70.741s][info][gc,phases      ] GC(230)   Pre Evacuate Collection Set: 0.49ms
[2026-04-03T01:50:25.528+0600][70.741s][info][gc,phases      ] GC(230)   Merge Heap Roots: 1.76ms
[2026-04-03T01:50:25.528+0600][70.741s][info][gc,phases      ] GC(230)   Evacuate Collection Set: 41.14ms
[2026-04-03T01:50:25.528+0600][70.741s][info][gc,phases      ] GC(230)   Post Evacuate Collection Set: 0.96ms
[2026-04-03T01:50:25.528+0600][70.741s][info][gc,phases      ] GC(230)   Other: 0.13ms
[2026-04-03T01:50:25.528+0600][70.741s][info][gc,heap        ] GC(230) Eden regions: 67->0(67)
[2026-04-03T01:50:25.528+0600][70.741s][info][gc,heap        ] GC(230) Survivor regions: 9->9(10)
[2026-04-03T01:50:25.528+0600][70.741s][info][gc,heap        ] GC(230) Old regions: 268->272
[2026-04-03T01:50:25.528+0600][70.741s][info][gc,heap        ] GC(230) Humongous regions: 129->129
[2026-04-03T01:50:25.528+0600][70.741s][info][gc,metaspace   ] GC(230) Metaspace: 73258K(74176K)->73258K(74176K) NonClass: 63928K(64448K)->63928K(64448K) Class: 9330K(9728K)->9330K(9728K)
[2026-04-03T01:50:25.528+0600][70.741s][info][gc             ] GC(230) Pause Young (Normal) (G1 Evacuation Pause) 937M->811M(3054M) 44.822ms
[2026-04-03T01:50:25.528+0600][70.741s][info][gc,cpu         ] GC(230) User=0.39s Sys=0.00s Real=0.04s
[2026-04-03T01:50:26.649+0600][71.862s][info][gc,start       ] GC(231) Pause Young (Normal) (G1 Evacuation Pause)
[2026-04-03T01:50:26.649+0600][71.862s][info][gc,task        ] GC(231) Using 10 workers of 10 for evacuation
[2026-04-03T01:50:26.693+0600][71.906s][info][gc,phases      ] GC(231)   Pre Evacuate Collection Set: 0.36ms
[2026-04-03T01:50:26.693+0600][71.906s][info][gc,phases      ] GC(231)   Merge Heap Roots: 1.13ms
[2026-04-03T01:50:26.693+0600][71.906s][info][gc,phases      ] GC(231)   Evacuate Collection Set: 40.64ms
[2026-04-03T01:50:26.693+0600][71.906s][info][gc,phases      ] GC(231)   Post Evacuate Collection Set: 1.40ms
[2026-04-03T01:50:26.693+0600][71.906s][info][gc,phases      ] GC(231)   Other: 0.10ms
[2026-04-03T01:50:26.693+0600][71.906s][info][gc,heap        ] GC(231) Eden regions: 67->0(68)
[2026-04-03T01:50:26.693+0600][71.906s][info][gc,heap        ] GC(231) Survivor regions: 9->9(10)
[2026-04-03T01:50:26.693+0600][71.906s][info][gc,heap        ] GC(231) Old regions: 272->277
[2026-04-03T01:50:26.693+0600][71.906s][info][gc,heap        ] GC(231) Humongous regions: 141->135
[2026-04-03T01:50:26.693+0600][71.906s][info][gc,metaspace   ] GC(231) Metaspace: 73290K(74240K)->73290K(74240K) NonClass: 63959K(64512K)->63959K(64512K) Class: 9330K(9728K)->9330K(9728K)
[2026-04-03T01:50:26.693+0600][71.906s][info][gc             ] GC(231) Pause Young (Normal) (G1 Evacuation Pause) 969M->832M(3112M) 43.968ms
[2026-04-03T01:50:26.693+0600][71.906s][info][gc,cpu         ] GC(231) User=0.41s Sys=0.02s Real=0.05s
[2026-04-03T01:50:27.067+0600][72.280s][info][gc,start       ] GC(232) Pause Young (Normal) (G1 Evacuation Pause)
[2026-04-03T01:50:27.067+0600][72.280s][info][gc,task        ] GC(232) Using 10 workers of 10 for evacuation
[2026-04-03T01:50:27.159+0600][72.372s][info][gc,mmu         ] GC(232) MMU target violated: 51.0ms (50.0ms/51.0ms)
[2026-04-03T01:50:27.159+0600][72.372s][info][gc,phases      ] GC(232)   Pre Evacuate Collection Set: 0.63ms
[2026-04-03T01:50:27.159+0600][72.372s][info][gc,phases      ] GC(232)   Merge Heap Roots: 1.49ms
[2026-04-03T01:50:27.159+0600][72.372s][info][gc,phases      ] GC(232)   Evacuate Collection Set: 88.94ms
[2026-04-03T01:50:27.159+0600][72.372s][info][gc,phases      ] GC(232)   Post Evacuate Collection Set: 1.08ms
[2026-04-03T01:50:27.159+0600][72.372s][info][gc,phases      ] GC(232)   Other: 0.27ms
[2026-04-03T01:50:27.159+0600][72.372s][info][gc,heap        ] GC(232) Eden regions: 68->0(67)
[2026-04-03T01:50:27.159+0600][72.372s][info][gc,heap        ] GC(232) Survivor regions: 9->10(10)
[2026-04-03T01:50:27.159+0600][72.372s][info][gc,heap        ] GC(232) Old regions: 277->290
[2026-04-03T01:50:27.159+0600][72.372s][info][gc,heap        ] GC(232) Humongous regions: 153->153
[2026-04-03T01:50:27.159+0600][72.372s][info][gc,metaspace   ] GC(232) Metaspace: 73291K(74240K)->73291K(74240K) NonClass: 63961K(64512K)->63961K(64512K) Class: 9330K(9728K)->9330K(9728K)
[2026-04-03T01:50:27.159+0600][72.372s][info][gc             ] GC(232) Pause Young (Normal) (G1 Evacuation Pause) 1004M->897M(3112M) 92.723ms
[2026-04-03T01:50:27.160+0600][72.372s][info][gc,cpu         ] GC(232) User=0.77s Sys=0.03s Real=0.09s
[2026-04-03T01:50:27.520+0600][72.733s][info][gc,start       ] GC(233) Pause Young (Normal) (G1 Evacuation Pause)
[2026-04-03T01:50:27.520+0600][72.733s][info][gc,task        ] GC(233) Using 10 workers of 10 for evacuation
[2026-04-03T01:50:27.618+0600][72.831s][info][gc,mmu         ] GC(233) MMU target violated: 51.0ms (50.0ms/51.0ms)
[2026-04-03T01:50:27.618+0600][72.831s][info][gc,phases      ] GC(233)   Pre Evacuate Collection Set: 0.67ms
[2026-04-03T01:50:27.618+0600][72.831s][info][gc,phases      ] GC(233)   Merge Heap Roots: 1.32ms
[2026-04-03T01:50:27.618+0600][72.831s][info][gc,phases      ] GC(233)   Evacuate Collection Set: 93.94ms
[2026-04-03T01:50:27.618+0600][72.831s][info][gc,phases      ] GC(233)   Post Evacuate Collection Set: 1.26ms
[2026-04-03T01:50:27.618+0600][72.831s][info][gc,phases      ] GC(233)   Other: 0.26ms
[2026-04-03T01:50:27.618+0600][72.831s][info][gc,heap        ] GC(233) Eden regions: 67->0(67)
[2026-04-03T01:50:27.618+0600][72.831s][info][gc,heap        ] GC(233) Survivor regions: 10->10(10)
[2026-04-03T01:50:27.618+0600][72.831s][info][gc,heap        ] GC(233) Old regions: 290->305
[2026-04-03T01:50:27.618+0600][72.831s][info][gc,heap        ] GC(233) Humongous regions: 168->162
[2026-04-03T01:50:27.618+0600][72.831s][info][gc,metaspace   ] GC(233) Metaspace: 73338K(74240K)->73338K(74240K) NonClass: 64007K(64512K)->64007K(64512K) Class: 9331K(9728K)->9331K(9728K)
[2026-04-03T01:50:27.618+0600][72.831s][info][gc             ] GC(233) Pause Young (Normal) (G1 Evacuation Pause) 1061M->944M(3112M) 97.819ms
[2026-04-03T01:50:27.618+0600][72.831s][info][gc,cpu         ] GC(233) User=0.76s Sys=0.04s Real=0.09s
[2026-04-03T01:50:28.070+0600][73.283s][info][gc,start       ] GC(234) Pause Young (Normal) (G1 Evacuation Pause)
[2026-04-03T01:50:28.071+0600][73.284s][info][gc,task        ] GC(234) Using 10 workers of 10 for evacuation
[2026-04-03T01:50:28.126+0600][73.339s][info][gc,mmu         ] GC(234) MMU target violated: 51.0ms (50.0ms/51.0ms)
[2026-04-03T01:50:28.126+0600][73.339s][info][gc,phases      ] GC(234)   Pre Evacuate Collection Set: 0.80ms
[2026-04-03T01:50:28.126+0600][73.339s][info][gc,phases      ] GC(234)   Merge Heap Roots: 1.39ms
[2026-04-03T01:50:28.126+0600][73.339s][info][gc,phases      ] GC(234)   Evacuate Collection Set: 51.63ms
[2026-04-03T01:50:28.126+0600][73.339s][info][gc,phases      ] GC(234)   Post Evacuate Collection Set: 1.14ms
[2026-04-03T01:50:28.126+0600][73.339s][info][gc,phases      ] GC(234)   Other: 0.36ms
[2026-04-03T01:50:28.126+0600][73.339s][info][gc,heap        ] GC(234) Eden regions: 67->0(70)
[2026-04-03T01:50:28.126+0600][73.339s][info][gc,heap        ] GC(234) Survivor regions: 10->7(10)
[2026-04-03T01:50:28.126+0600][73.339s][info][gc,heap        ] GC(234) Old regions: 305->315
[2026-04-03T01:50:28.126+0600][73.339s][info][gc,heap        ] GC(234) Humongous regions: 177->171
[2026-04-03T01:50:28.126+0600][73.339s][info][gc,metaspace   ] GC(234) Metaspace: 73365K(74304K)->73365K(74304K) NonClass: 64033K(64576K)->64033K(64576K) Class: 9331K(9728K)->9331K(9728K)
[2026-04-03T01:50:28.126+0600][73.339s][info][gc             ] GC(234) Pause Young (Normal) (G1 Evacuation Pause) 1108M->976M(3112M) 55.751ms
[2026-04-03T01:50:28.126+0600][73.339s][info][gc,cpu         ] GC(234) User=0.39s Sys=0.02s Real=0.05s
[2026-04-03T01:50:28.598+0600][73.811s][info][gc,start       ] GC(235) Pause Young (Normal) (G1 Evacuation Pause)
[2026-04-03T01:50:28.598+0600][73.811s][info][gc,task        ] GC(235) Using 10 workers of 10 for evacuation
[2026-04-03T01:50:28.687+0600][73.900s][info][gc,mmu         ] GC(235) MMU target violated: 51.0ms (50.0ms/51.0ms)
[2026-04-03T01:50:28.687+0600][73.900s][info][gc,phases      ] GC(235)   Pre Evacuate Collection Set: 0.66ms
[2026-04-03T01:50:28.687+0600][73.900s][info][gc,phases      ] GC(235)   Merge Heap Roots: 2.36ms
[2026-04-03T01:50:28.687+0600][73.900s][info][gc,phases      ] GC(235)   Evacuate Collection Set: 84.81ms
[2026-04-03T01:50:28.687+0600][73.900s][info][gc,phases      ] GC(235)   Post Evacuate Collection Set: 0.90ms
[2026-04-03T01:50:28.687+0600][73.900s][info][gc,phases      ] GC(235)   Other: 0.28ms
[2026-04-03T01:50:28.687+0600][73.900s][info][gc,heap        ] GC(235) Eden regions: 70->0(67)
[2026-04-03T01:50:28.687+0600][73.900s][info][gc,heap        ] GC(235) Survivor regions: 7->10(10)
[2026-04-03T01:50:28.687+0600][73.900s][info][gc,heap        ] GC(235) Old regions: 315->328
[2026-04-03T01:50:28.687+0600][73.900s][info][gc,heap        ] GC(235) Humongous regions: 189->189
[2026-04-03T01:50:28.687+0600][73.900s][info][gc,metaspace   ] GC(235) Metaspace: 73367K(74304K)->73367K(74304K) NonClass: 64035K(64576K)->64035K(64576K) Class: 9331K(9728K)->9331K(9728K)
[2026-04-03T01:50:28.687+0600][73.900s][info][gc             ] GC(235) Pause Young (Normal) (G1 Evacuation Pause) 1152M->1045M(3112M) 89.285ms
[2026-04-03T01:50:28.687+0600][73.900s][info][gc,cpu         ] GC(235) User=0.75s Sys=0.04s Real=0.09s
[2026-04-03T01:50:29.177+0600][74.390s][info][gc,start       ] GC(236) Pause Young (Normal) (G1 Evacuation Pause)
[2026-04-03T01:50:29.177+0600][74.390s][info][gc,task        ] GC(236) Using 10 workers of 10 for evacuation
[2026-04-03T01:50:29.217+0600][74.430s][info][gc,phases      ] GC(236)   Pre Evacuate Collection Set: 0.76ms
[2026-04-03T01:50:29.217+0600][74.430s][info][gc,phases      ] GC(236)   Merge Heap Roots: 0.52ms
[2026-04-03T01:50:29.217+0600][74.430s][info][gc,phases      ] GC(236)   Evacuate Collection Set: 36.59ms
[2026-04-03T01:50:29.217+0600][74.430s][info][gc,phases      ] GC(236)   Post Evacuate Collection Set: 1.50ms
[2026-04-03T01:50:29.217+0600][74.430s][info][gc,phases      ] GC(236)   Other: 0.16ms
[2026-04-03T01:50:29.217+0600][74.430s][info][gc,heap        ] GC(236) Eden regions: 67->0(79)
[2026-04-03T01:50:29.217+0600][74.430s][info][gc,heap        ] GC(236) Survivor regions: 10->2(10)
[2026-04-03T01:50:29.217+0600][74.430s][info][gc,heap        ] GC(236) Old regions: 328->339
[2026-04-03T01:50:29.217+0600][74.430s][info][gc,heap        ] GC(236) Humongous regions: 195->189
[2026-04-03T01:50:29.217+0600][74.430s][info][gc,metaspace   ] GC(236) Metaspace: 73392K(74304K)->73392K(74304K) NonClass: 64061K(64576K)->64061K(64576K) Class: 9331K(9728K)->9331K(9728K)
[2026-04-03T01:50:29.217+0600][74.430s][info][gc             ] GC(236) Pause Young (Normal) (G1 Evacuation Pause) 1191M->1050M(3274M) 40.152ms
[2026-04-03T01:50:29.217+0600][74.430s][info][gc,cpu         ] GC(236) User=0.27s Sys=0.04s Real=0.04s
[2026-04-03T01:50:29.528+0600][74.741s][info][gc,start       ] GC(237) Pause Young (Normal) (G1 Evacuation Pause)
[2026-04-03T01:50:29.528+0600][74.741s][info][gc,task        ] GC(237) Using 10 workers of 10 for evacuation
[2026-04-03T01:50:29.553+0600][74.766s][info][gc,phases      ] GC(237)   Pre Evacuate Collection Set: 0.54ms
[2026-04-03T01:50:29.553+0600][74.766s][info][gc,phases      ] GC(237)   Merge Heap Roots: 0.29ms
[2026-04-03T01:50:29.553+0600][74.766s][info][gc,phases      ] GC(237)   Evacuate Collection Set: 23.24ms
[2026-04-03T01:50:29.553+0600][74.766s][info][gc,phases      ] GC(237)   Post Evacuate Collection Set: 0.91ms
[2026-04-03T01:50:29.553+0600][74.766s][info][gc,phases      ] GC(237)   Other: 0.18ms
[2026-04-03T01:50:29.553+0600][74.766s][info][gc,heap        ] GC(237) Eden regions: 107->0(67)
[2026-04-03T01:50:29.553+0600][74.766s][info][gc,heap        ] GC(237) Survivor regions: 2->14(14)
[2026-04-03T01:50:29.553+0600][74.766s][info][gc,heap        ] GC(237) Old regions: 339->339
[2026-04-03T01:50:29.553+0600][74.766s][info][gc,heap        ] GC(237) Humongous regions: 191->191
[2026-04-03T01:50:29.553+0600][74.766s][info][gc,metaspace   ] GC(237) Metaspace: 73392K(74304K)->73392K(74304K) NonClass: 64061K(64576K)->64061K(64576K) Class: 9331K(9728K)->9331K(9728K)
[2026-04-03T01:50:29.553+0600][74.766s][info][gc             ] GC(237) Pause Young (Normal) (G1 Evacuation Pause) 1268M->1078M(3274M) 25.649ms
[2026-04-03T01:50:29.553+0600][74.766s][info][gc,cpu         ] GC(237) User=0.20s Sys=0.00s Real=0.03s
[2026-04-03T01:50:29.665+0600][74.878s][info][gc,start       ] GC(238) Pause Young (Normal) (G1 Evacuation Pause)
[2026-04-03T01:50:29.665+0600][74.878s][info][gc,task        ] GC(238) Using 10 workers of 10 for evacuation
[2026-04-03T01:50:29.707+0600][74.920s][info][gc,phases      ] GC(238)   Pre Evacuate Collection Set: 0.41ms
[2026-04-03T01:50:29.707+0600][74.920s][info][gc,phases      ] GC(238)   Merge Heap Roots: 0.21ms
[2026-04-03T01:50:29.707+0600][74.920s][info][gc,phases      ] GC(238)   Evacuate Collection Set: 40.71ms
[2026-04-03T01:50:29.707+0600][74.920s][info][gc,phases      ] GC(238)   Post Evacuate Collection Set: 0.53ms
[2026-04-03T01:50:29.707+0600][74.920s][info][gc,phases      ] GC(238)   Other: 0.12ms
[2026-04-03T01:50:29.707+0600][74.920s][info][gc,heap        ] GC(238) Eden regions: 67->0(70)
[2026-04-03T01:50:29.707+0600][74.920s][info][gc,heap        ] GC(238) Survivor regions: 14->11(11)
[2026-04-03T01:50:29.707+0600][74.920s][info][gc,heap        ] GC(238) Old regions: 339->352
[2026-04-03T01:50:29.707+0600][74.920s][info][gc,heap        ] GC(238) Humongous regions: 196->196
[2026-04-03T01:50:29.707+0600][74.920s][info][gc,metaspace   ] GC(238) Metaspace: 73392K(74304K)->73392K(74304K) NonClass: 64061K(64576K)->64061K(64576K) Class: 9331K(9728K)->9331K(9728K)
[2026-04-03T01:50:29.707+0600][74.920s][info][gc             ] GC(238) Pause Young (Normal) (G1 Evacuation Pause) 1222M->1108M(3274M) 42.392ms
[2026-04-03T01:50:29.707+0600][74.920s][info][gc,cpu         ] GC(238) User=0.35s Sys=0.04s Real=0.04s
[2026-04-03T01:50:29.964+0600][75.177s][info][gc,start       ] GC(239) Pause Young (Normal) (G1 Evacuation Pause)
[2026-04-03T01:50:29.964+0600][75.177s][info][gc,task        ] GC(239) Using 10 workers of 10 for evacuation
[2026-04-03T01:50:30.009+0600][75.222s][info][gc,phases      ] GC(239)   Pre Evacuate Collection Set: 0.46ms
[2026-04-03T01:50:30.009+0600][75.222s][info][gc,phases      ] GC(239)   Merge Heap Roots: 0.21ms
[2026-04-03T01:50:30.009+0600][75.222s][info][gc,phases      ] GC(239)   Evacuate Collection Set: 43.59ms
[2026-04-03T01:50:30.009+0600][75.222s][info][gc,phases      ] GC(239)   Post Evacuate Collection Set: 0.76ms
[2026-04-03T01:50:30.009+0600][75.222s][info][gc,phases      ] GC(239)   Other: 0.12ms
[2026-04-03T01:50:30.009+0600][75.222s][info][gc,heap        ] GC(239) Eden regions: 70->0(70)
[2026-04-03T01:50:30.009+0600][75.222s][info][gc,heap        ] GC(239) Survivor regions: 11->11(11)
[2026-04-03T01:50:30.009+0600][75.222s][info][gc,heap        ] GC(239) Old regions: 352->363
[2026-04-03T01:50:30.009+0600][75.222s][info][gc,heap        ] GC(239) Humongous regions: 198->198
[2026-04-03T01:50:30.009+0600][75.222s][info][gc,metaspace   ] GC(239) Metaspace: 73392K(74304K)->73392K(74304K) NonClass: 64061K(64576K)->64061K(64576K) Class: 9331K(9728K)->9331K(9728K)
[2026-04-03T01:50:30.009+0600][75.222s][info][gc             ] GC(239) Pause Young (Normal) (G1 Evacuation Pause) 1252M->1134M(3274M) 45.497ms
[2026-04-03T01:50:30.010+0600][75.222s][info][gc,cpu         ] GC(239) User=0.37s Sys=0.03s Real=0.04s
[2026-04-03T01:50:30.735+0600][75.948s][info][gc,start       ] GC(240) Pause Young (Normal) (G1 Evacuation Pause)
[2026-04-03T01:50:30.735+0600][75.948s][info][gc,task        ] GC(240) Using 10 workers of 10 for evacuation
[2026-04-03T01:50:30.793+0600][76.006s][info][gc,mmu         ] GC(240) MMU target violated: 51.0ms (50.0ms/51.0ms)
[2026-04-03T01:50:30.793+0600][76.006s][info][gc,phases      ] GC(240)   Pre Evacuate Collection Set: 0.70ms
[2026-04-03T01:50:30.793+0600][76.006s][info][gc,phases      ] GC(240)   Merge Heap Roots: 0.51ms
[2026-04-03T01:50:30.793+0600][76.006s][info][gc,phases      ] GC(240)   Evacuate Collection Set: 55.29ms
[2026-04-03T01:50:30.793+0600][76.006s][info][gc,phases      ] GC(240)   Post Evacuate Collection Set: 1.11ms
[2026-04-03T01:50:30.793+0600][76.006s][info][gc,phases      ] GC(240)   Other: 0.38ms
[2026-04-03T01:50:30.793+0600][76.006s][info][gc,heap        ] GC(240) Eden regions: 70->0(70)
[2026-04-03T01:50:30.793+0600][76.006s][info][gc,heap        ] GC(240) Survivor regions: 11->11(11)
[2026-04-03T01:50:30.793+0600][76.006s][info][gc,heap        ] GC(240) Old regions: 363->375
[2026-04-03T01:50:30.793+0600][76.006s][info][gc,heap        ] GC(240) Humongous regions: 271->245
[2026-04-03T01:50:30.793+0600][76.006s][info][gc,metaspace   ] GC(240) Metaspace: 73412K(74304K)->73412K(74304K) NonClass: 64081K(64576K)->64081K(64576K) Class: 9331K(9728K)->9331K(9728K)
[2026-04-03T01:50:30.793+0600][76.006s][info][gc             ] GC(240) Pause Young (Normal) (G1 Evacuation Pause) 1420M->1253M(3274M) 58.521ms
[2026-04-03T01:50:30.793+0600][76.006s][info][gc,cpu         ] GC(240) User=0.44s Sys=0.03s Real=0.06s
[2026-04-03T01:50:31.182+0600][76.395s][info][gc,start       ] GC(241) Pause Young (Normal) (G1 Evacuation Pause)
[2026-04-03T01:50:31.182+0600][76.395s][info][gc,task        ] GC(241) Using 10 workers of 10 for evacuation
[2026-04-03T01:50:31.216+0600][76.429s][info][gc,phases      ] GC(241)   Pre Evacuate Collection Set: 0.44ms
[2026-04-03T01:50:31.217+0600][76.430s][info][gc,phases      ] GC(241)   Merge Heap Roots: 0.21ms
[2026-04-03T01:50:31.217+0600][76.430s][info][gc,phases      ] GC(241)   Evacuate Collection Set: 32.00ms
[2026-04-03T01:50:31.217+0600][76.430s][info][gc,phases      ] GC(241)   Post Evacuate Collection Set: 1.34ms
[2026-04-03T01:50:31.217+0600][76.430s][info][gc,phases      ] GC(241)   Other: 0.13ms
[2026-04-03T01:50:31.217+0600][76.430s][info][gc,heap        ] GC(241) Eden regions: 70->0(70)
[2026-04-03T01:50:31.217+0600][76.430s][info][gc,heap        ] GC(241) Survivor regions: 11->11(11)
[2026-04-03T01:50:31.217+0600][76.430s][info][gc,heap        ] GC(241) Old regions: 375->384
[2026-04-03T01:50:31.217+0600][76.430s][info][gc,heap        ] GC(241) Humongous regions: 280->240
[2026-04-03T01:50:31.217+0600][76.430s][info][gc,metaspace   ] GC(241) Metaspace: 73426K(74368K)->73426K(74368K) NonClass: 64095K(64640K)->64095K(64640K) Class: 9331K(9728K)->9331K(9728K)
[2026-04-03T01:50:31.217+0600][76.430s][info][gc             ] GC(241) Pause Young (Normal) (G1 Evacuation Pause) 1463M->1260M(3274M) 34.647ms
[2026-04-03T01:50:31.217+0600][76.430s][info][gc,cpu         ] GC(241) User=0.26s Sys=0.02s Real=0.03s
[2026-04-03T01:50:31.362+0600][76.575s][info][gc,start       ] GC(242) Pause Young (Normal) (G1 Evacuation Pause)
[2026-04-03T01:50:31.362+0600][76.575s][info][gc,task        ] GC(242) Using 10 workers of 10 for evacuation
[2026-04-03T01:50:31.396+0600][76.609s][info][gc,phases      ] GC(242)   Pre Evacuate Collection Set: 0.42ms
[2026-04-03T01:50:31.396+0600][76.609s][info][gc,phases      ] GC(242)   Merge Heap Roots: 0.23ms
[2026-04-03T01:50:31.396+0600][76.609s][info][gc,phases      ] GC(242)   Evacuate Collection Set: 33.04ms
[2026-04-03T01:50:31.396+0600][76.609s][info][gc,phases      ] GC(242)   Post Evacuate Collection Set: 0.81ms
[2026-04-03T01:50:31.397+0600][76.609s][info][gc,phases      ] GC(242)   Other: 0.10ms
[2026-04-03T01:50:31.397+0600][76.609s][info][gc,heap        ] GC(242) Eden regions: 70->0(70)
[2026-04-03T01:50:31.397+0600][76.609s][info][gc,heap        ] GC(242) Survivor regions: 11->11(11)
[2026-04-03T01:50:31.397+0600][76.609s][info][gc,heap        ] GC(242) Old regions: 384->397
[2026-04-03T01:50:31.397+0600][76.610s][info][gc,heap        ] GC(242) Humongous regions: 250->234
[2026-04-03T01:50:31.397+0600][76.610s][info][gc,metaspace   ] GC(242) Metaspace: 73428K(74368K)->73428K(74368K) NonClass: 64097K(64640K)->64097K(64640K) Class: 9331K(9728K)->9331K(9728K)
[2026-04-03T01:50:31.397+0600][76.610s][info][gc             ] GC(242) Pause Young (Normal) (G1 Evacuation Pause) 1420M->1274M(3274M) 34.946ms
[2026-04-03T01:50:31.397+0600][76.610s][info][gc,cpu         ] GC(242) User=0.31s Sys=0.02s Real=0.03s
[2026-04-03T01:50:31.467+0600][76.680s][info][gc,start       ] GC(243) Pause Young (Normal) (G1 Evacuation Pause)
[2026-04-03T01:50:31.467+0600][76.680s][info][gc,task        ] GC(243) Using 10 workers of 10 for evacuation
[2026-04-03T01:50:31.482+0600][76.695s][info][gc,phases      ] GC(243)   Pre Evacuate Collection Set: 0.42ms
[2026-04-03T01:50:31.482+0600][76.695s][info][gc,phases      ] GC(243)   Merge Heap Roots: 0.12ms
[2026-04-03T01:50:31.482+0600][76.695s][info][gc,phases      ] GC(243)   Evacuate Collection Set: 13.21ms
[2026-04-03T01:50:31.482+0600][76.695s][info][gc,phases      ] GC(243)   Post Evacuate Collection Set: 1.13ms
[2026-04-03T01:50:31.482+0600][76.695s][info][gc,phases      ] GC(243)   Other: 0.09ms
[2026-04-03T01:50:31.482+0600][76.695s][info][gc,heap        ] GC(243) Eden regions: 70->0(113)
[2026-04-03T01:50:31.482+0600][76.695s][info][gc,heap        ] GC(243) Survivor regions: 11->1(11)
[2026-04-03T01:50:31.482+0600][76.695s][info][gc,heap        ] GC(243) Old regions: 397->409
[2026-04-03T01:50:31.482+0600][76.695s][info][gc,heap        ] GC(243) Humongous regions: 234->234
[2026-04-03T01:50:31.482+0600][76.695s][info][gc,metaspace   ] GC(243) Metaspace: 73428K(74368K)->73428K(74368K) NonClass: 64097K(64640K)->64097K(64640K) Class: 9331K(9728K)->9331K(9728K)
[2026-04-03T01:50:31.482+0600][76.695s][info][gc             ] GC(243) Pause Young (Normal) (G1 Evacuation Pause) 1414M->1278M(3404M) 15.291ms
[2026-04-03T01:50:31.482+0600][76.695s][info][gc,cpu         ] GC(243) User=0.14s Sys=0.00s Real=0.02s
[2026-04-03T01:50:31.863+0600][77.076s][info][gc,start       ] GC(244) Pause Young (Normal) (G1 Evacuation Pause)
[2026-04-03T01:50:31.863+0600][77.076s][info][gc,task        ] GC(244) Using 10 workers of 10 for evacuation
[2026-04-03T01:50:31.880+0600][77.093s][info][gc,phases      ] GC(244)   Pre Evacuate Collection Set: 0.38ms
[2026-04-03T01:50:31.880+0600][77.093s][info][gc,phases      ] GC(244)   Merge Heap Roots: 0.30ms
[2026-04-03T01:50:31.880+0600][77.093s][info][gc,phases      ] GC(244)   Evacuate Collection Set: 14.58ms
[2026-04-03T01:50:31.880+0600][77.093s][info][gc,phases      ] GC(244)   Post Evacuate Collection Set: 1.11ms
[2026-04-03T01:50:31.880+0600][77.093s][info][gc,phases      ] GC(244)   Other: 0.20ms
[2026-04-03T01:50:31.880+0600][77.093s][info][gc,heap        ] GC(244) Eden regions: 198->0(88)
[2026-04-03T01:50:31.880+0600][77.093s][info][gc,heap        ] GC(244) Survivor regions: 1->15(25)
[2026-04-03T01:50:31.880+0600][77.093s][info][gc,heap        ] GC(244) Old regions: 409->409
[2026-04-03T01:50:31.880+0600][77.093s][info][gc,heap        ] GC(244) Humongous regions: 236->236
[2026-04-03T01:50:31.880+0600][77.093s][info][gc,metaspace   ] GC(244) Metaspace: 73821K(74688K)->73821K(74688K) NonClass: 64407K(64896K)->64407K(64896K) Class: 9413K(9792K)->9413K(9792K)
[2026-04-03T01:50:31.880+0600][77.093s][info][gc             ] GC(244) Pause Young (Normal) (G1 Evacuation Pause) 1678M->1310M(3404M) 16.999ms
[2026-04-03T01:50:31.880+0600][77.093s][info][gc,cpu         ] GC(244) User=0.14s Sys=0.00s Real=0.02s
[2026-04-03T01:50:32.554+0600][77.767s][info][gc,heap,exit   ] Heap
[2026-04-03T01:50:32.554+0600][77.767s][info][gc,heap,exit   ]  garbage-first heap   total 3485696K, used 1386302K [0x000000070ae00000, 0x0000000800000000)
[2026-04-03T01:50:32.554+0600][77.767s][info][gc,heap,exit   ]   region size 2048K, 34 young (69632K), 15 survivors (30720K)
[2026-04-03T01:50:32.554+0600][77.767s][info][gc,heap,exit   ]  Metaspace       used 74156K, committed 75072K, reserved 1179648K
[2026-04-03T01:50:32.554+0600][77.767s][info][gc,heap,exit   ]   class space    used 9529K, committed 9920K, reserved 1048576K
