[2026-04-03T01:50:32.852+0600][0.009s][info][gc] Heuristics ergonomically sets -XX:+ExplicitGCInvokesConcurrent
[2026-04-03T01:50:32.852+0600][0.009s][info][gc] Heuristics ergonomically sets -XX:+ShenandoahImplicitGCInvokesConcurrent
[2026-04-03T01:50:32.853+0600][0.010s][info][gc] Using Shenandoah
[2026-04-03T01:50:32.855+0600][0.012s][info][gc,ergo] Pacer for Idle. Initial: 80302K, Alloc Tax Rate: 1.0x
[2026-04-03T01:50:32.855+0600][0.012s][info][gc,init] Version: 21.0.10+7-Ubuntu-124.04 (release)
[2026-04-03T01:50:32.855+0600][0.012s][info][gc,init] CPUs: 12 total, 12 available
[2026-04-03T01:50:32.855+0600][0.012s][info][gc,init] Memory: 15683M
[2026-04-03T01:50:32.855+0600][0.012s][info][gc,init] Large Page Support: Disabled
[2026-04-03T01:50:32.855+0600][0.012s][info][gc,init] NUMA Support: Disabled
[2026-04-03T01:50:32.855+0600][0.012s][info][gc,init] Compressed Oops: Enabled (Zero based)
[2026-04-03T01:50:32.855+0600][0.012s][info][gc,init] Heap Min Capacity: 7M
[2026-04-03T01:50:32.855+0600][0.012s][info][gc,init] Heap Initial Capacity: 246M
[2026-04-03T01:50:32.855+0600][0.012s][info][gc,init] Heap Max Capacity: 3921M
[2026-04-03T01:50:32.855+0600][0.012s][info][gc,init] Pre-touch: Disabled
[2026-04-03T01:50:32.855+0600][0.012s][info][gc,init] Mode: Snapshot-At-The-Beginning (SATB)
[2026-04-03T01:50:32.855+0600][0.012s][info][gc,init] Heuristics: Adaptive
[2026-04-03T01:50:32.855+0600][0.012s][info][gc,init] Heap Region Count: 3921
[2026-04-03T01:50:32.855+0600][0.012s][info][gc,init] Heap Region Size: 1M
[2026-04-03T01:50:32.855+0600][0.012s][info][gc,init] TLAB Size Max: 1M
[2026-04-03T01:50:32.855+0600][0.012s][info][gc,init] Humongous Object Threshold: 1M
[2026-04-03T01:50:32.856+0600][0.012s][info][gc,init] Parallel Workers: 6
[2026-04-03T01:50:32.856+0600][0.012s][info][gc,init] Concurrent Workers: 3
[2026-04-03T01:50:32.874+0600][0.031s][info][gc,metaspace] CDS archive(s) mapped at: [0x00007952af000000-0x00007952afc9c000-0x00007952afc9c000), size 13221888, SharedBaseAddress: 0x00007952af000000, ArchiveRelocationMode: 1.
[2026-04-03T01:50:32.874+0600][0.031s][info][gc,metaspace] Compressed class space mapped at: 0x00007952b0000000-0x00007952f0000000, reserved size: 1073741824
[2026-04-03T01:50:32.874+0600][0.031s][info][gc,metaspace] Narrow klass base: 0x00007952af000000, Narrow klass shift: 0, Narrow klass range: 0x100000000
[2026-04-03T01:50:37.867+0600][5.023s][info][gc          ] Trigger: Metadata GC Threshold
[2026-04-03T01:50:37.867+0600][5.024s][info][gc,ergo     ] Free: 3351M, Max: 1024K regular, 3351M humongous, Frag: 0% external, 0% internal; Reserve: 197M, Max: 1024K
[2026-04-03T01:50:37.867+0600][5.024s][info][gc,start    ] GC(0) Concurrent reset
[2026-04-03T01:50:37.867+0600][5.024s][info][gc,task     ] GC(0) Using 3 of 6 workers for concurrent reset
[2026-04-03T01:50:37.867+0600][5.024s][info][gc,ergo     ] GC(0) Pacer for Reset. Non-Taxable: 3921M
[2026-04-03T01:50:37.868+0600][5.025s][info][gc          ] GC(0) Concurrent reset 0.850ms
[2026-04-03T01:50:37.868+0600][5.025s][info][gc,start    ] GC(0) Pause Init Mark (unload classes)
[2026-04-03T01:50:37.868+0600][5.025s][info][gc,task     ] GC(0) Using 6 of 6 workers for init marking
[2026-04-03T01:50:37.868+0600][5.025s][info][gc,ergo     ] GC(0) Pacer for Mark. Expected Live: 392M, Free: 3351M, Non-Taxable: 335M, Alloc Tax Rate: 0.1x
[2026-04-03T01:50:37.868+0600][5.025s][info][gc          ] GC(0) Pause Init Mark (unload classes) 0.558ms
[2026-04-03T01:50:37.869+0600][5.025s][info][gc,start    ] GC(0) Concurrent marking roots
[2026-04-03T01:50:37.869+0600][5.025s][info][gc,task     ] GC(0) Using 3 of 6 workers for concurrent marking roots
[2026-04-03T01:50:37.872+0600][5.029s][info][gc          ] GC(0) Concurrent marking roots 3.439ms
[2026-04-03T01:50:37.872+0600][5.029s][info][gc,start    ] GC(0) Concurrent marking (unload classes)
[2026-04-03T01:50:37.872+0600][5.029s][info][gc,task     ] GC(0) Using 3 of 6 workers for concurrent marking
[2026-04-03T01:50:37.881+0600][5.038s][info][gc          ] GC(0) Concurrent marking (unload classes) 9.351ms
[2026-04-03T01:50:37.882+0600][5.038s][info][gc,start    ] GC(0) Pause Final Mark (unload classes)
[2026-04-03T01:50:37.882+0600][5.038s][info][gc,task     ] GC(0) Using 6 of 6 workers for final marking
[2026-04-03T01:50:37.882+0600][5.039s][info][gc,ergo     ] GC(0) Adaptive CSet Selection. Target Free: 555M, Actual Free: 3547M, Max CSet: 163M, Min Garbage: 0B
[2026-04-03T01:50:37.882+0600][5.039s][info][gc,ergo     ] GC(0) Collectable Garbage: 353M (99%), Immediate: 0B (0%), CSet: 353M (99%)
[2026-04-03T01:50:37.882+0600][5.039s][info][gc,ergo     ] GC(0) Pacer for Evacuation. Used CSet: 367M, Free: 3350M, Non-Taxable: 335M, Alloc Tax Rate: 1.1x
[2026-04-03T01:50:37.882+0600][5.039s][info][gc          ] GC(0) Pause Final Mark (unload classes) 0.568ms
[2026-04-03T01:50:37.882+0600][5.039s][info][gc,start    ] GC(0) Concurrent thread roots
[2026-04-03T01:50:37.882+0600][5.039s][info][gc,task     ] GC(0) Using 3 of 6 workers for Concurrent thread roots
[2026-04-03T01:50:37.883+0600][5.040s][info][gc          ] GC(0) Concurrent thread roots 0.899ms
[2026-04-03T01:50:37.883+0600][5.040s][info][gc,start    ] GC(0) Concurrent weak references
[2026-04-03T01:50:37.883+0600][5.040s][info][gc,task     ] GC(0) Using 3 of 6 workers for concurrent weak references
[2026-04-03T01:50:37.884+0600][5.040s][info][gc,ref      ] GC(0) Encountered references: Soft: 3498, Weak: 1459, Final: 0, Phantom: 563
[2026-04-03T01:50:37.884+0600][5.040s][info][gc,ref      ] GC(0) Discovered  references: Soft: 0, Weak: 1133, Final: 0, Phantom: 560
[2026-04-03T01:50:37.884+0600][5.040s][info][gc,ref      ] GC(0) Enqueued    references: Soft: 0, Weak: 453, Final: 0, Phantom: 0
[2026-04-03T01:50:37.884+0600][5.041s][info][gc          ] GC(0) Concurrent weak references 0.541ms
[2026-04-03T01:50:37.884+0600][5.041s][info][gc,start    ] GC(0) Concurrent weak roots
[2026-04-03T01:50:37.884+0600][5.041s][info][gc,task     ] GC(0) Using 3 of 6 workers for concurrent weak root
[2026-04-03T01:50:37.885+0600][5.042s][info][gc          ] GC(0) Concurrent weak roots 1.140ms
[2026-04-03T01:50:37.885+0600][5.042s][info][gc,start    ] GC(0) Concurrent cleanup
[2026-04-03T01:50:37.885+0600][5.042s][info][gc          ] GC(0) Concurrent cleanup 375M->375M(378M) 0.212ms
[2026-04-03T01:50:37.885+0600][5.042s][info][gc,ergo     ] GC(0) Free: 3349M, Max: 1024K regular, 3349M humongous, Frag: 0% external, 0% internal; Reserve: 194M, Max: 1024K
[2026-04-03T01:50:37.885+0600][5.042s][info][gc,start    ] GC(0) Concurrent class unloading
[2026-04-03T01:50:37.885+0600][5.042s][info][gc,task     ] GC(0) Using 3 of 6 workers for concurrent class unloading
[2026-04-03T01:50:37.888+0600][5.044s][info][gc          ] GC(0) Concurrent class unloading 2.421ms
[2026-04-03T01:50:37.888+0600][5.044s][info][gc,start    ] GC(0) Concurrent strong roots
[2026-04-03T01:50:37.888+0600][5.044s][info][gc,task     ] GC(0) Using 3 of 6 workers for concurrent strong root
[2026-04-03T01:50:37.889+0600][5.046s][info][gc          ] GC(0) Concurrent strong roots 1.453ms
[2026-04-03T01:50:37.889+0600][5.046s][info][gc,start    ] GC(0) Concurrent evacuation
[2026-04-03T01:50:37.889+0600][5.046s][info][gc,task     ] GC(0) Using 3 of 6 workers for concurrent evacuation
[2026-04-03T01:50:37.899+0600][5.056s][info][gc          ] GC(0) Concurrent evacuation 9.527ms
[2026-04-03T01:50:37.899+0600][5.056s][info][gc,start    ] GC(0) Pause Init Update Refs
[2026-04-03T01:50:37.899+0600][5.056s][info][gc,ergo     ] GC(0) Pacer for Update Refs. Used: 390M, Free: 3349M, Non-Taxable: 334M, Alloc Tax Rate: 1.1x
[2026-04-03T01:50:37.899+0600][5.056s][info][gc          ] GC(0) Pause Init Update Refs 0.085ms
[2026-04-03T01:50:37.899+0600][5.056s][info][gc,start    ] GC(0) Concurrent update references
[2026-04-03T01:50:37.899+0600][5.056s][info][gc,task     ] GC(0) Using 3 of 6 workers for concurrent reference update
[2026-04-03T01:50:37.903+0600][5.060s][info][gc          ] GC(0) Concurrent update references 4.367ms
[2026-04-03T01:50:37.903+0600][5.060s][info][gc,start    ] GC(0) Concurrent update thread roots
[2026-04-03T01:50:37.904+0600][5.061s][info][gc          ] GC(0) Concurrent update thread roots 0.674ms
[2026-04-03T01:50:37.904+0600][5.061s][info][gc,start    ] GC(0) Pause Final Update Refs
[2026-04-03T01:50:37.904+0600][5.061s][info][gc,task     ] GC(0) Using 6 of 6 workers for final reference update
[2026-04-03T01:50:37.904+0600][5.061s][info][gc          ] GC(0) Pause Final Update Refs 0.168ms
[2026-04-03T01:50:37.904+0600][5.061s][info][gc,start    ] GC(0) Concurrent cleanup
[2026-04-03T01:50:37.905+0600][5.062s][info][gc          ] GC(0) Concurrent cleanup 390M->23M(392M) 0.315ms
[2026-04-03T01:50:37.905+0600][5.062s][info][gc,ergo     ] Free: 3699M, Max: 1024K regular, 3332M humongous, Frag: 10% external, 0% internal; Reserve: 197M, Max: 1024K
[2026-04-03T01:50:37.905+0600][5.062s][info][gc,stats    ] 
[2026-04-03T01:50:37.905+0600][5.062s][info][gc,stats    ] All times are wall-clock times, except per-root-class counters, that are sum over
[2026-04-03T01:50:37.905+0600][5.062s][info][gc,stats    ] all workers. Dividing the <total> over the root stage time estimates parallelism.
[2026-04-03T01:50:37.905+0600][5.062s][info][gc,stats    ] 
[2026-04-03T01:50:37.905+0600][5.062s][info][gc,stats    ] Concurrent Reset                    878 us
[2026-04-03T01:50:37.905+0600][5.062s][info][gc,stats    ] Pause Init Mark (G)                 829 us
[2026-04-03T01:50:37.905+0600][5.062s][info][gc,stats    ] Pause Init Mark (N)                 570 us
[2026-04-03T01:50:37.905+0600][5.062s][info][gc,stats    ]   Update Region States               34 us
[2026-04-03T01:50:37.905+0600][5.062s][info][gc,stats    ] Concurrent Mark Roots              3493 us, parallelism: 1.39x
[2026-04-03T01:50:37.905+0600][5.062s][info][gc,stats    ]   CMR: <total>                     4852 us
[2026-04-03T01:50:37.905+0600][5.062s][info][gc,stats    ]   CMR: Thread Roots                3344 us, workers (us): 2983, 361,   0, ---, ---, ---, 
[2026-04-03T01:50:37.905+0600][5.062s][info][gc,stats    ]   CMR: VM Strong Roots              665 us, workers (us): 270, 296,  99, ---, ---, ---, 
[2026-04-03T01:50:37.905+0600][5.062s][info][gc,stats    ]   CMR: CLDG Roots                   844 us, workers (us): ---, ---, 844, ---, ---, ---, 
[2026-04-03T01:50:37.905+0600][5.062s][info][gc,stats    ] Concurrent Marking                 9438 us
[2026-04-03T01:50:37.905+0600][5.062s][info][gc,stats    ] Pause Final Mark (G)                698 us
[2026-04-03T01:50:37.905+0600][5.062s][info][gc,stats    ] Pause Final Mark (N)                577 us
[2026-04-03T01:50:37.905+0600][5.062s][info][gc,stats    ]   Finish Mark                       261 us
[2026-04-03T01:50:37.905+0600][5.062s][info][gc,stats    ]   Update Region States               43 us
[2026-04-03T01:50:37.905+0600][5.062s][info][gc,stats    ]   Choose Collection Set             159 us
[2026-04-03T01:50:37.905+0600][5.062s][info][gc,stats    ]   Rebuild Free Set                   31 us
[2026-04-03T01:50:37.905+0600][5.062s][info][gc,stats    ] Concurrent Thread Roots             949 us, parallelism: 0.84x
[2026-04-03T01:50:37.905+0600][5.062s][info][gc,stats    ]   CTR: <total>                      794 us
[2026-04-03T01:50:37.905+0600][5.062s][info][gc,stats    ]   CTR: Thread Roots                 794 us, workers (us): 678, 101,  15, ---, ---, ---, 
[2026-04-03T01:50:37.905+0600][5.062s][info][gc,stats    ] Concurrent Weak References          551 us, parallelism: 1.11x
[2026-04-03T01:50:37.905+0600][5.062s][info][gc,stats    ]   CWRF: <total>                     610 us
[2026-04-03T01:50:37.905+0600][5.062s][info][gc,stats    ]   CWRF: Weak References             610 us, workers (us): 218, 392,   1, ---, ---, ---, 
[2026-04-03T01:50:37.905+0600][5.062s][info][gc,stats    ] Concurrent Weak Roots              1194 us
[2026-04-03T01:50:37.905+0600][5.062s][info][gc,stats    ]   Roots                            1027 us, parallelism: 2.52x
[2026-04-03T01:50:37.905+0600][5.062s][info][gc,stats    ]     CWR: <total>                   2586 us
[2026-04-03T01:50:37.905+0600][5.062s][info][gc,stats    ]     CWR: Code Cache Roots           742 us, workers (us): 253, 252, 237, ---, ---, ---, 
[2026-04-03T01:50:37.905+0600][5.062s][info][gc,stats    ]     CWR: VM Weak Roots             1830 us, workers (us): 615, 613, 602, ---, ---, ---, 
[2026-04-03T01:50:37.905+0600][5.062s][info][gc,stats    ]     CWR: CLDG Roots                  13 us, workers (us):  13, ---, ---, ---, ---, ---, 
[2026-04-03T01:50:37.905+0600][5.062s][info][gc,stats    ]   Rendezvous                         90 us
[2026-04-03T01:50:37.905+0600][5.062s][info][gc,stats    ] Concurrent Cleanup                  230 us
[2026-04-03T01:50:37.905+0600][5.062s][info][gc,stats    ] Concurrent Class Unloading         2482 us
[2026-04-03T01:50:37.905+0600][5.062s][info][gc,stats    ]   Unlink Stale                     1601 us
[2026-04-03T01:50:37.905+0600][5.062s][info][gc,stats    ]     System Dictionary                29 us
[2026-04-03T01:50:37.905+0600][5.062s][info][gc,stats    ]     Weak Class Links                  0 us
[2026-04-03T01:50:37.905+0600][5.062s][info][gc,stats    ]     Code Roots                     1569 us
[2026-04-03T01:50:37.905+0600][5.062s][info][gc,stats    ]   Rendezvous                        150 us
[2026-04-03T01:50:37.905+0600][5.062s][info][gc,stats    ]   Purge Unlinked                    643 us
[2026-04-03T01:50:37.905+0600][5.062s][info][gc,stats    ]     Code Roots                      631 us
[2026-04-03T01:50:37.905+0600][5.062s][info][gc,stats    ]     CLDG                             11 us
[2026-04-03T01:50:37.905+0600][5.062s][info][gc,stats    ]     Exception Caches                  0 us
[2026-04-03T01:50:37.905+0600][5.062s][info][gc,stats    ] Concurrent Strong Roots            1507 us, parallelism: 0.88x
[2026-04-03T01:50:37.905+0600][5.062s][info][gc,stats    ]   CSR: <total>                     1330 us
[2026-04-03T01:50:37.905+0600][5.062s][info][gc,stats    ]   CSR: VM Strong Roots               40 us, workers (us):  19,  21,   0, ---, ---, ---, 
[2026-04-03T01:50:37.905+0600][5.062s][info][gc,stats    ]   CSR: CLDG Roots                  1290 us, workers (us): 1290, ---, ---, ---, ---, ---, 
[2026-04-03T01:50:37.905+0600][5.062s][info][gc,stats    ] Concurrent Evacuation              9615 us
[2026-04-03T01:50:37.905+0600][5.062s][info][gc,stats    ] Pause Init Update Refs (G)          239 us
[2026-04-03T01:50:37.905+0600][5.062s][info][gc,stats    ] Pause Init Update Refs (N)           95 us
[2026-04-03T01:50:37.905+0600][5.062s][info][gc,stats    ]   Manage GCLABs                       5 us
[2026-04-03T01:50:37.905+0600][5.062s][info][gc,stats    ] Concurrent Update Refs             4441 us
[2026-04-03T01:50:37.905+0600][5.062s][info][gc,stats    ] Concurrent Update Thread Roots      720 us
[2026-04-03T01:50:37.905+0600][5.062s][info][gc,stats    ] Pause Final Update Refs (G)         313 us
[2026-04-03T01:50:37.905+0600][5.062s][info][gc,stats    ] Pause Final Update Refs (N)         181 us
[2026-04-03T01:50:37.905+0600][5.062s][info][gc,stats    ]   Update Region States               46 us
[2026-04-03T01:50:37.905+0600][5.062s][info][gc,stats    ]   Trash Collection Set                8 us
[2026-04-03T01:50:37.905+0600][5.062s][info][gc,stats    ]   Rebuild Free Set                   34 us
[2026-04-03T01:50:37.905+0600][5.062s][info][gc,stats    ] Concurrent Cleanup                  343 us
[2026-04-03T01:50:37.905+0600][5.062s][info][gc,stats    ] 
[2026-04-03T01:50:37.905+0600][5.062s][info][gc,stats    ] Allocation pacing accrued:
[2026-04-03T01:50:37.906+0600][5.062s][info][gc,stats    ]       0 of  5051 ms (  0.0%): <total>
[2026-04-03T01:50:37.906+0600][5.062s][info][gc,stats    ]       0 of  5051 ms (  0.0%): <average total>
[2026-04-03T01:50:37.906+0600][5.062s][info][gc,stats    ] 
[2026-04-03T01:50:37.906+0600][5.063s][info][gc,metaspace] Metaspace: 21292K(21568K)->21550K(21888K) NonClass: 18646K(18752K)->18860K(19008K) Class: 2645K(2816K)->2689K(2880K)
[2026-04-03T01:50:37.906+0600][5.063s][info][gc,ergo     ] Pacer for Idle. Initial: 80302K, Alloc Tax Rate: 1.0x
[2026-04-03T01:50:40.865+0600][8.022s][info][gc          ] Trigger: Metadata GC Threshold
[2026-04-03T01:50:40.865+0600][8.022s][info][gc,ergo     ] Free: 3556M, Max: 1024K regular, 3332M humongous, Frag: 7% external, 0% internal; Reserve: 197M, Max: 1024K
[2026-04-03T01:50:40.866+0600][8.022s][info][gc,start    ] GC(1) Concurrent reset
[2026-04-03T01:50:40.866+0600][8.022s][info][gc,task     ] GC(1) Using 3 of 6 workers for concurrent reset
[2026-04-03T01:50:40.866+0600][8.022s][info][gc,ergo     ] GC(1) Pacer for Reset. Non-Taxable: 3921M
[2026-04-03T01:50:40.878+0600][8.034s][info][gc          ] GC(1) Concurrent reset 12.088ms
[2026-04-03T01:50:40.878+0600][8.035s][info][gc,start    ] GC(1) Pause Init Mark (unload classes)
[2026-04-03T01:50:40.878+0600][8.035s][info][gc,task     ] GC(1) Using 6 of 6 workers for init marking
[2026-04-03T01:50:40.878+0600][8.035s][info][gc,ergo     ] GC(1) Pacer for Mark. Expected Live: 18324K, Free: 3555M, Non-Taxable: 355M, Alloc Tax Rate: 0.0x
[2026-04-03T01:50:40.878+0600][8.035s][info][gc          ] GC(1) Pause Init Mark (unload classes) 0.185ms
[2026-04-03T01:50:40.879+0600][8.035s][info][gc,start    ] GC(1) Concurrent marking roots
[2026-04-03T01:50:40.879+0600][8.036s][info][gc,task     ] GC(1) Using 3 of 6 workers for concurrent marking roots
[2026-04-03T01:50:40.880+0600][8.037s][info][gc          ] GC(1) Concurrent marking roots 1.663ms
[2026-04-03T01:50:40.880+0600][8.037s][info][gc,start    ] GC(1) Concurrent marking (unload classes)
[2026-04-03T01:50:40.880+0600][8.037s][info][gc,task     ] GC(1) Using 3 of 6 workers for concurrent marking
[2026-04-03T01:50:40.896+0600][8.053s][info][gc          ] GC(1) Concurrent marking (unload classes) 15.437ms
[2026-04-03T01:50:40.896+0600][8.053s][info][gc,start    ] GC(1) Pause Final Mark (unload classes)
[2026-04-03T01:50:40.896+0600][8.053s][info][gc,task     ] GC(1) Using 6 of 6 workers for final marking
[2026-04-03T01:50:40.897+0600][8.053s][info][gc,ergo     ] GC(1) Adaptive CSet Selection. Target Free: 555M, Actual Free: 3761M, Max CSet: 163M, Min Garbage: 0B
[2026-04-03T01:50:40.897+0600][8.054s][info][gc,ergo     ] GC(1) Collectable Garbage: 134M (99%), Immediate: 11660K (8%), CSet: 123M (90%)
[2026-04-03T01:50:40.897+0600][8.054s][info][gc,ergo     ] GC(1) Pacer for Evacuation. Used CSet: 128M, Free: 3574M, Non-Taxable: 357M, Alloc Tax Rate: 1.1x
[2026-04-03T01:50:40.897+0600][8.054s][info][gc          ] GC(1) Pause Final Mark (unload classes) 0.778ms
[2026-04-03T01:50:40.897+0600][8.054s][info][gc,start    ] GC(1) Concurrent thread roots
[2026-04-03T01:50:40.897+0600][8.054s][info][gc,task     ] GC(1) Using 3 of 6 workers for Concurrent thread roots
[2026-04-03T01:50:40.898+0600][8.055s][info][gc          ] GC(1) Concurrent thread roots 1.024ms
[2026-04-03T01:50:40.898+0600][8.055s][info][gc,start    ] GC(1) Concurrent weak references
[2026-04-03T01:50:40.898+0600][8.055s][info][gc,task     ] GC(1) Using 3 of 6 workers for concurrent weak references
[2026-04-03T01:50:40.899+0600][8.056s][info][gc,ref      ] GC(1) Encountered references: Soft: 3855, Weak: 2539, Final: 80, Phantom: 569
[2026-04-03T01:50:40.899+0600][8.056s][info][gc,ref      ] GC(1) Discovered  references: Soft: 0, Weak: 902, Final: 48, Phantom: 248
[2026-04-03T01:50:40.899+0600][8.056s][info][gc,ref      ] GC(1) Enqueued    references: Soft: 0, Weak: 478, Final: 0, Phantom: 1
[2026-04-03T01:50:40.899+0600][8.056s][info][gc          ] GC(1) Concurrent weak references 0.689ms
[2026-04-03T01:50:40.899+0600][8.056s][info][gc,start    ] GC(1) Concurrent weak roots
[2026-04-03T01:50:40.899+0600][8.056s][info][gc,task     ] GC(1) Using 3 of 6 workers for concurrent weak root
[2026-04-03T01:50:40.901+0600][8.058s][info][gc          ] GC(1) Concurrent weak roots 1.892ms
[2026-04-03T01:50:40.901+0600][8.058s][info][gc,start    ] GC(1) Concurrent cleanup
[2026-04-03T01:50:40.902+0600][8.058s][info][gc          ] GC(1) Concurrent cleanup 160M->149M(393M) 0.762ms
[2026-04-03T01:50:40.902+0600][8.058s][info][gc,ergo     ] GC(1) Free: 3573M, Max: 1024K regular, 3332M humongous, Frag: 7% external, 0% internal; Reserve: 196M, Max: 1024K
[2026-04-03T01:50:40.902+0600][8.058s][info][gc,start    ] GC(1) Concurrent class unloading
[2026-04-03T01:50:40.902+0600][8.059s][info][gc,task     ] GC(1) Using 3 of 6 workers for concurrent class unloading
[2026-04-03T01:50:40.906+0600][8.063s][info][gc          ] GC(1) Concurrent class unloading 4.419ms
[2026-04-03T01:50:40.906+0600][8.063s][info][gc,start    ] GC(1) Concurrent strong roots
[2026-04-03T01:50:40.906+0600][8.063s][info][gc,task     ] GC(1) Using 3 of 6 workers for concurrent strong root
[2026-04-03T01:50:40.908+0600][8.065s][info][gc          ] GC(1) Concurrent strong roots 2.065ms
[2026-04-03T01:50:40.908+0600][8.065s][info][gc,start    ] GC(1) Concurrent evacuation
[2026-04-03T01:50:40.908+0600][8.065s][info][gc,task     ] GC(1) Using 3 of 6 workers for concurrent evacuation
[2026-04-03T01:50:40.914+0600][8.071s][info][gc          ] GC(1) Concurrent evacuation 5.851ms
[2026-04-03T01:50:40.914+0600][8.071s][info][gc,start    ] GC(1) Pause Init Update Refs
[2026-04-03T01:50:40.914+0600][8.071s][info][gc,ergo     ] GC(1) Pacer for Update Refs. Used: 156M, Free: 3573M, Non-Taxable: 357M, Alloc Tax Rate: 1.1x
[2026-04-03T01:50:40.914+0600][8.071s][info][gc          ] GC(1) Pause Init Update Refs 0.068ms
[2026-04-03T01:50:40.915+0600][8.071s][info][gc,start    ] GC(1) Concurrent update references
[2026-04-03T01:50:40.915+0600][8.071s][info][gc,task     ] GC(1) Using 3 of 6 workers for concurrent reference update
[2026-04-03T01:50:40.923+0600][8.079s][info][gc          ] GC(1) Concurrent update references 8.043ms
[2026-04-03T01:50:40.923+0600][8.080s][info][gc,start    ] GC(1) Concurrent update thread roots
[2026-04-03T01:50:40.925+0600][8.082s][info][gc          ] GC(1) Concurrent update thread roots 2.314ms
[2026-04-03T01:50:40.925+0600][8.082s][info][gc,start    ] GC(1) Pause Final Update Refs
[2026-04-03T01:50:40.925+0600][8.082s][info][gc,task     ] GC(1) Using 6 of 6 workers for final reference update
[2026-04-03T01:50:40.926+0600][8.082s][info][gc          ] GC(1) Pause Final Update Refs 0.234ms
[2026-04-03T01:50:40.926+0600][8.083s][info][gc,start    ] GC(1) Concurrent cleanup
[2026-04-03T01:50:40.926+0600][8.083s][info][gc          ] GC(1) Concurrent cleanup 157M->28M(400M) 0.320ms
[2026-04-03T01:50:40.926+0600][8.083s][info][gc,ergo     ] Free: 3693M, Max: 1024K regular, 3418M humongous, Frag: 8% external, 0% internal; Reserve: 197M, Max: 1024K
[2026-04-03T01:50:40.926+0600][8.083s][info][gc,stats    ] 
[2026-04-03T01:50:40.926+0600][8.083s][info][gc,stats    ] All times are wall-clock times, except per-root-class counters, that are sum over
[2026-04-03T01:50:40.926+0600][8.083s][info][gc,stats    ] all workers. Dividing the <total> over the root stage time estimates parallelism.
[2026-04-03T01:50:40.926+0600][8.083s][info][gc,stats    ] 
[2026-04-03T01:50:40.926+0600][8.083s][info][gc,stats    ] Concurrent Reset                  12318 us
[2026-04-03T01:50:40.926+0600][8.083s][info][gc,stats    ] Pause Init Mark (G)                 757 us
[2026-04-03T01:50:40.926+0600][8.083s][info][gc,stats    ] Pause Init Mark (N)                 196 us
[2026-04-03T01:50:40.926+0600][8.083s][info][gc,stats    ]   Update Region States               48 us
[2026-04-03T01:50:40.926+0600][8.083s][info][gc,stats    ] Concurrent Mark Roots              1715 us, parallelism: 2.20x
[2026-04-03T01:50:40.926+0600][8.083s][info][gc,stats    ]   CMR: <total>                     3780 us
[2026-04-03T01:50:40.926+0600][8.083s][info][gc,stats    ]   CMR: Thread Roots                3123 us, workers (us): 1089, 1191, 843, ---, ---, ---, 
[2026-04-03T01:50:40.926+0600][8.083s][info][gc,stats    ]   CMR: VM Strong Roots              353 us, workers (us): 187, 112,  55, ---, ---, ---, 
[2026-04-03T01:50:40.926+0600][8.083s][info][gc,stats    ]   CMR: CLDG Roots                   304 us, workers (us): ---, ---, 304, ---, ---, ---, 
[2026-04-03T01:50:40.926+0600][8.083s][info][gc,stats    ] Concurrent Marking                15534 us
[2026-04-03T01:50:40.926+0600][8.083s][info][gc,stats    ] Pause Final Mark (G)               1164 us
[2026-04-03T01:50:40.926+0600][8.083s][info][gc,stats    ] Pause Final Mark (N)                793 us
[2026-04-03T01:50:40.926+0600][8.083s][info][gc,stats    ]   Finish Mark                       238 us
[2026-04-03T01:50:40.926+0600][8.083s][info][gc,stats    ]   Update Region States               73 us
[2026-04-03T01:50:40.926+0600][8.083s][info][gc,stats    ]   Choose Collection Set             245 us
[2026-04-03T01:50:40.926+0600][8.083s][info][gc,stats    ]   Rebuild Free Set                   57 us
[2026-04-03T01:50:40.926+0600][8.083s][info][gc,stats    ] Concurrent Thread Roots            1096 us, parallelism: 1.23x
[2026-04-03T01:50:40.926+0600][8.083s][info][gc,stats    ]   CTR: <total>                     1345 us
[2026-04-03T01:50:40.926+0600][8.083s][info][gc,stats    ]   CTR: Thread Roots                1345 us, workers (us): 732, 338, 276, ---, ---, ---, 
[2026-04-03T01:50:40.926+0600][8.083s][info][gc,stats    ] Concurrent Weak References          704 us, parallelism: 0.64x
[2026-04-03T01:50:40.926+0600][8.083s][info][gc,stats    ]   CWRF: <total>                     451 us
[2026-04-03T01:50:40.926+0600][8.083s][info][gc,stats    ]   CWRF: Weak References             451 us, workers (us):  35,  65, 351, ---, ---, ---, 
[2026-04-03T01:50:40.926+0600][8.083s][info][gc,stats    ] Concurrent Weak Roots              1962 us
[2026-04-03T01:50:40.926+0600][8.083s][info][gc,stats    ]   Roots                            1595 us, parallelism: 2.49x
[2026-04-03T01:50:40.926+0600][8.083s][info][gc,stats    ]     CWR: <total>                   3965 us
[2026-04-03T01:50:40.926+0600][8.083s][info][gc,stats    ]     CWR: Code Cache Roots          1425 us, workers (us): 496, 480, 448, ---, ---, ---, 
[2026-04-03T01:50:40.927+0600][8.083s][info][gc,stats    ]     CWR: VM Weak Roots             2506 us, workers (us): 859, 854, 793, ---, ---, ---, 
[2026-04-03T01:50:40.927+0600][8.083s][info][gc,stats    ]     CWR: CLDG Roots                  34 us, workers (us):  34, ---, ---, ---, ---, ---, 
[2026-04-03T01:50:40.927+0600][8.083s][info][gc,stats    ]   Rendezvous                        269 us
[2026-04-03T01:50:40.927+0600][8.083s][info][gc,stats    ] Concurrent Cleanup                  782 us
[2026-04-03T01:50:40.927+0600][8.083s][info][gc,stats    ] Concurrent Class Unloading         4535 us
[2026-04-03T01:50:40.927+0600][8.083s][info][gc,stats    ]   Unlink Stale                     2990 us
[2026-04-03T01:50:40.927+0600][8.083s][info][gc,stats    ]     System Dictionary                33 us
[2026-04-03T01:50:40.927+0600][8.083s][info][gc,stats    ]     Weak Class Links                  0 us
[2026-04-03T01:50:40.927+0600][8.083s][info][gc,stats    ]     Code Roots                     2952 us
[2026-04-03T01:50:40.927+0600][8.083s][info][gc,stats    ]   Rendezvous                        278 us
[2026-04-03T01:50:40.927+0600][8.083s][info][gc,stats    ]   Purge Unlinked                   1066 us
[2026-04-03T01:50:40.927+0600][8.083s][info][gc,stats    ]     Code Roots                     1032 us
[2026-04-03T01:50:40.927+0600][8.084s][info][gc,stats    ]     CLDG                             32 us
[2026-04-03T01:50:40.927+0600][8.084s][info][gc,stats    ]     Exception Caches                  0 us
[2026-04-03T01:50:40.927+0600][8.084s][info][gc,stats    ] Concurrent Strong Roots            2139 us, parallelism: 0.88x
[2026-04-03T01:50:40.927+0600][8.084s][info][gc,stats    ]   CSR: <total>                     1883 us
[2026-04-03T01:50:40.927+0600][8.084s][info][gc,stats    ]   CSR: VM Strong Roots              124 us, workers (us):  52,  70,   1, ---, ---, ---, 
[2026-04-03T01:50:40.927+0600][8.084s][info][gc,stats    ]   CSR: CLDG Roots                  1760 us, workers (us): 1760, ---, ---, ---, ---, ---, 
[2026-04-03T01:50:40.927+0600][8.084s][info][gc,stats    ] Concurrent Evacuation              5924 us
[2026-04-03T01:50:40.927+0600][8.084s][info][gc,stats    ] Pause Init Update Refs (G)          291 us
[2026-04-03T01:50:40.927+0600][8.084s][info][gc,stats    ] Pause Init Update Refs (N)           77 us
[2026-04-03T01:50:40.927+0600][8.084s][info][gc,stats    ]   Manage GCLABs                      10 us
[2026-04-03T01:50:40.927+0600][8.084s][info][gc,stats    ] Concurrent Update Refs             8192 us
[2026-04-03T01:50:40.927+0600][8.084s][info][gc,stats    ] Concurrent Update Thread Roots     2393 us
[2026-04-03T01:50:40.927+0600][8.084s][info][gc,stats    ] Pause Final Update Refs (G)         505 us
[2026-04-03T01:50:40.927+0600][8.084s][info][gc,stats    ] Pause Final Update Refs (N)         255 us
[2026-04-03T01:50:40.927+0600][8.084s][info][gc,stats    ]   Update Region States              101 us
[2026-04-03T01:50:40.927+0600][8.084s][info][gc,stats    ]   Trash Collection Set               14 us
[2026-04-03T01:50:40.927+0600][8.084s][info][gc,stats    ]   Rebuild Free Set                   46 us
[2026-04-03T01:50:40.927+0600][8.084s][info][gc,stats    ] Concurrent Cleanup                  346 us
[2026-04-03T01:50:40.927+0600][8.084s][info][gc,stats    ] 
[2026-04-03T01:50:40.927+0600][8.084s][info][gc,stats    ] Allocation pacing accrued:
[2026-04-03T01:50:40.927+0600][8.084s][info][gc,stats    ]       0 of  3021 ms (  0.0%): <total>
[2026-04-03T01:50:40.927+0600][8.084s][info][gc,stats    ]       0 of  3021 ms (  0.0%): <average total>
[2026-04-03T01:50:40.927+0600][8.084s][info][gc,stats    ] 
[2026-04-03T01:50:40.927+0600][8.084s][info][gc,metaspace] Metaspace: 36160K(36544K)->36442K(36800K) NonClass: 31652K(31872K)->31893K(32064K) Class: 4508K(4672K)->4548K(4736K)
[2026-04-03T01:50:40.927+0600][8.084s][info][gc,ergo     ] Pacer for Idle. Initial: 80302K, Alloc Tax Rate: 1.0x
[2026-04-03T01:50:47.408+0600][14.565s][info][gc          ] Trigger: Explicit GC request (System.gc())
[2026-04-03T01:50:47.408+0600][14.565s][info][gc,ergo     ] Free: 2885M, Max: 1024K regular, 2885M humongous, Frag: 0% external, 0% internal; Reserve: 197M, Max: 1024K
[2026-04-03T01:50:47.408+0600][14.565s][info][gc,start    ] GC(2) Concurrent reset
[2026-04-03T01:50:47.409+0600][14.565s][info][gc,task     ] GC(2) Using 3 of 6 workers for concurrent reset
[2026-04-03T01:50:47.409+0600][14.565s][info][gc,ergo     ] GC(2) Pacer for Reset. Non-Taxable: 3921M
[2026-04-03T01:50:47.410+0600][14.566s][info][gc          ] GC(2) Concurrent reset 1.019ms
[2026-04-03T01:50:47.410+0600][14.567s][info][gc,start    ] GC(2) Pause Init Mark (unload classes)
[2026-04-03T01:50:47.410+0600][14.567s][info][gc,task     ] GC(2) Using 6 of 6 workers for init marking
[2026-04-03T01:50:47.410+0600][14.567s][info][gc,ref      ] GC(2) Clearing All SoftReferences
[2026-04-03T01:50:47.410+0600][14.567s][info][gc,ergo     ] GC(2) Pacer for Mark. Expected Live: 20146K, Free: 2885M, Non-Taxable: 288M, Alloc Tax Rate: 0.0x
[2026-04-03T01:50:47.410+0600][14.567s][info][gc          ] GC(2) Pause Init Mark (unload classes) 0.128ms
[2026-04-03T01:50:47.410+0600][14.567s][info][gc,start    ] GC(2) Concurrent marking roots
[2026-04-03T01:50:47.410+0600][14.567s][info][gc,task     ] GC(2) Using 3 of 6 workers for concurrent marking roots
[2026-04-03T01:50:47.411+0600][14.568s][info][gc          ] GC(2) Concurrent marking roots 1.539ms
[2026-04-03T01:50:47.412+0600][14.568s][info][gc,start    ] GC(2) Concurrent marking (unload classes)
[2026-04-03T01:50:47.412+0600][14.568s][info][gc,task     ] GC(2) Using 3 of 6 workers for concurrent marking
[2026-04-03T01:50:47.427+0600][14.584s][info][gc          ] GC(2) Concurrent marking (unload classes) 15.582ms
[2026-04-03T01:50:47.427+0600][14.584s][info][gc,start    ] GC(2) Pause Final Mark (unload classes)
[2026-04-03T01:50:47.427+0600][14.584s][info][gc,task     ] GC(2) Using 6 of 6 workers for final marking
[2026-04-03T01:50:47.428+0600][14.585s][info][gc,ergo     ] GC(2) Adaptive CSet Selection. Target Free: 555M, Actual Free: 3682M, Max CSet: 163M, Min Garbage: 0B
[2026-04-03T01:50:47.428+0600][14.585s][info][gc,ergo     ] GC(2) Collectable Garbage: 793M (99%), Immediate: 600M (75%), CSet: 193M (24%)
[2026-04-03T01:50:47.428+0600][14.585s][info][gc,ergo     ] GC(2) Pacer for Evacuation. Used CSet: 200M, Free: 3500M, Non-Taxable: 350M, Alloc Tax Rate: 1.1x
[2026-04-03T01:50:47.428+0600][14.585s][info][gc          ] GC(2) Pause Final Mark (unload classes) 0.735ms
[2026-04-03T01:50:47.428+0600][14.585s][info][gc,start    ] GC(2) Concurrent thread roots
[2026-04-03T01:50:47.428+0600][14.585s][info][gc,task     ] GC(2) Using 3 of 6 workers for Concurrent thread roots
[2026-04-03T01:50:47.429+0600][14.586s][info][gc          ] GC(2) Concurrent thread roots 0.903ms
[2026-04-03T01:50:47.429+0600][14.586s][info][gc,start    ] GC(2) Concurrent weak references
[2026-04-03T01:50:47.429+0600][14.586s][info][gc,task     ] GC(2) Using 3 of 6 workers for concurrent weak references
[2026-04-03T01:50:47.430+0600][14.587s][info][gc,ref      ] GC(2) Encountered references: Soft: 4167, Weak: 4499, Final: 82, Phantom: 587
[2026-04-03T01:50:47.430+0600][14.587s][info][gc,ref      ] GC(2) Discovered  references: Soft: 3128, Weak: 1588, Final: 0, Phantom: 582
[2026-04-03T01:50:47.430+0600][14.587s][info][gc,ref      ] GC(2) Enqueued    references: Soft: 1694, Weak: 1090, Final: 0, Phantom: 1
[2026-04-03T01:50:47.430+0600][14.587s][info][gc          ] GC(2) Concurrent weak references 0.993ms
[2026-04-03T01:50:47.430+0600][14.587s][info][gc,start    ] GC(2) Concurrent weak roots
[2026-04-03T01:50:47.430+0600][14.587s][info][gc,task     ] GC(2) Using 3 of 6 workers for concurrent weak root
[2026-04-03T01:50:47.432+0600][14.589s][info][gc          ] GC(2) Concurrent weak roots 2.110ms
[2026-04-03T01:50:47.432+0600][14.589s][info][gc,start    ] GC(2) Concurrent cleanup
[2026-04-03T01:50:47.433+0600][14.589s][info][gc          ] GC(2) Concurrent cleanup 823M->222M(844M) 0.298ms
[2026-04-03T01:50:47.433+0600][14.589s][info][gc,ergo     ] GC(2) Free: 3499M, Max: 1024K regular, 2884M humongous, Frag: 18% external, 0% internal; Reserve: 196M, Max: 1024K
[2026-04-03T01:50:47.433+0600][14.589s][info][gc,start    ] GC(2) Concurrent class unloading
[2026-04-03T01:50:47.433+0600][14.589s][info][gc,task     ] GC(2) Using 3 of 6 workers for concurrent class unloading
[2026-04-03T01:50:47.447+0600][14.604s][info][gc          ] GC(2) Concurrent class unloading 14.514ms
[2026-04-03T01:50:47.447+0600][14.604s][info][gc,start    ] GC(2) Concurrent strong roots
[2026-04-03T01:50:47.447+0600][14.604s][info][gc,task     ] GC(2) Using 3 of 6 workers for concurrent strong root
[2026-04-03T01:50:47.449+0600][14.606s][info][gc          ] GC(2) Concurrent strong roots 1.627ms
[2026-04-03T01:50:47.449+0600][14.606s][info][gc,start    ] GC(2) Concurrent evacuation
[2026-04-03T01:50:47.449+0600][14.606s][info][gc,task     ] GC(2) Using 3 of 6 workers for concurrent evacuation
[2026-04-03T01:50:47.456+0600][14.612s][info][gc          ] GC(2) Concurrent evacuation 6.664ms
[2026-04-03T01:50:47.456+0600][14.613s][info][gc,start    ] GC(2) Pause Init Update Refs
[2026-04-03T01:50:47.456+0600][14.613s][info][gc,ergo     ] GC(2) Pacer for Update Refs. Used: 232M, Free: 3499M, Non-Taxable: 349M, Alloc Tax Rate: 1.1x
[2026-04-03T01:50:47.456+0600][14.613s][info][gc          ] GC(2) Pause Init Update Refs 0.097ms
[2026-04-03T01:50:47.456+0600][14.613s][info][gc,start    ] GC(2) Concurrent update references
[2026-04-03T01:50:47.456+0600][14.613s][info][gc,task     ] GC(2) Using 3 of 6 workers for concurrent reference update
[2026-04-03T01:50:47.464+0600][14.621s][info][gc          ] GC(2) Concurrent update references 8.373ms
[2026-04-03T01:50:47.464+0600][14.621s][info][gc,start    ] GC(2) Concurrent update thread roots
[2026-04-03T01:50:47.465+0600][14.622s][info][gc          ] GC(2) Concurrent update thread roots 0.802ms
[2026-04-03T01:50:47.465+0600][14.622s][info][gc,start    ] GC(2) Pause Final Update Refs
[2026-04-03T01:50:47.465+0600][14.622s][info][gc,task     ] GC(2) Using 6 of 6 workers for final reference update
[2026-04-03T01:50:47.466+0600][14.622s][info][gc          ] GC(2) Pause Final Update Refs 0.173ms
[2026-04-03T01:50:47.466+0600][14.623s][info][gc,start    ] GC(2) Concurrent cleanup
[2026-04-03T01:50:47.466+0600][14.623s][info][gc          ] GC(2) Concurrent cleanup 232M->31M(850M) 0.643ms
[2026-04-03T01:50:47.466+0600][14.623s][info][gc,ergo     ] Free: 3690M, Max: 1024K regular, 2877M humongous, Frag: 23% external, 0% internal; Reserve: 197M, Max: 1024K
[2026-04-03T01:50:47.467+0600][14.623s][info][gc,stats    ] 
[2026-04-03T01:50:47.467+0600][14.623s][info][gc,stats    ] All times are wall-clock times, except per-root-class counters, that are sum over
[2026-04-03T01:50:47.467+0600][14.623s][info][gc,stats    ] all workers. Dividing the <total> over the root stage time estimates parallelism.
[2026-04-03T01:50:47.467+0600][14.623s][info][gc,stats    ] 
[2026-04-03T01:50:47.467+0600][14.623s][info][gc,stats    ] Concurrent Reset                   1072 us
[2026-04-03T01:50:47.467+0600][14.623s][info][gc,stats    ] Pause Init Mark (G)                 372 us
[2026-04-03T01:50:47.467+0600][14.623s][info][gc,stats    ] Pause Init Mark (N)                 139 us
[2026-04-03T01:50:47.467+0600][14.623s][info][gc,stats    ]   Update Region States               29 us
[2026-04-03T01:50:47.467+0600][14.623s][info][gc,stats    ] Concurrent Mark Roots              1582 us, parallelism: 2.33x
[2026-04-03T01:50:47.467+0600][14.623s][info][gc,stats    ]   CMR: <total>                     3682 us
[2026-04-03T01:50:47.467+0600][14.623s][info][gc,stats    ]   CMR: Thread Roots                2928 us, workers (us): 749, 1041, 1139, ---, ---, ---, 
[2026-04-03T01:50:47.467+0600][14.623s][info][gc,stats    ]   CMR: VM Strong Roots              336 us, workers (us):  91, 191,  54, ---, ---, ---, 
[2026-04-03T01:50:47.467+0600][14.623s][info][gc,stats    ]   CMR: CLDG Roots                   418 us, workers (us): 418, ---, ---, ---, ---, ---, 
[2026-04-03T01:50:47.467+0600][14.623s][info][gc,stats    ] Concurrent Marking                15664 us
[2026-04-03T01:50:47.467+0600][14.623s][info][gc,stats    ] Pause Final Mark (G)                886 us
[2026-04-03T01:50:47.467+0600][14.623s][info][gc,stats    ] Pause Final Mark (N)                751 us
[2026-04-03T01:50:47.467+0600][14.623s][info][gc,stats    ]   Finish Mark                       225 us
[2026-04-03T01:50:47.467+0600][14.623s][info][gc,stats    ]   Update Region States               85 us
[2026-04-03T01:50:47.467+0600][14.623s][info][gc,stats    ]   Choose Collection Set             247 us
[2026-04-03T01:50:47.467+0600][14.623s][info][gc,stats    ]   Rebuild Free Set                   59 us
[2026-04-03T01:50:47.467+0600][14.624s][info][gc,stats    ] Concurrent Thread Roots             979 us, parallelism: 1.66x
[2026-04-03T01:50:47.467+0600][14.624s][info][gc,stats    ]   CTR: <total>                     1625 us
[2026-04-03T01:50:47.467+0600][14.624s][info][gc,stats    ]   CTR: Thread Roots                1625 us, workers (us): 732, 470, 423, ---, ---, ---, 
[2026-04-03T01:50:47.467+0600][14.624s][info][gc,stats    ] Concurrent Weak References         1007 us, parallelism: 1.36x
[2026-04-03T01:50:47.467+0600][14.624s][info][gc,stats    ]   CWRF: <total>                    1368 us
[2026-04-03T01:50:47.467+0600][14.624s][info][gc,stats    ]   CWRF: Weak References            1368 us, workers (us): 143, 769, 456, ---, ---, ---, 
[2026-04-03T01:50:47.467+0600][14.624s][info][gc,stats    ] Concurrent Weak Roots              2162 us
[2026-04-03T01:50:47.467+0600][14.624s][info][gc,stats    ]   Roots                            1913 us, parallelism: 2.46x
[2026-04-03T01:50:47.467+0600][14.624s][info][gc,stats    ]     CWR: <total>                   4704 us
[2026-04-03T01:50:47.467+0600][14.624s][info][gc,stats    ]     CWR: Code Cache Roots          2036 us, workers (us): 563, 718, 755, ---, ---, ---, 
[2026-04-03T01:50:47.467+0600][14.624s][info][gc,stats    ]     CWR: VM Weak Roots             2604 us, workers (us): 891, 858, 855, ---, ---, ---, 
[2026-04-03T01:50:47.467+0600][14.624s][info][gc,stats    ]     CWR: CLDG Roots                  64 us, workers (us):  64, ---, ---, ---, ---, ---, 
[2026-04-03T01:50:47.467+0600][14.624s][info][gc,stats    ]   Rendezvous                        173 us
[2026-04-03T01:50:47.467+0600][14.624s][info][gc,stats    ] Concurrent Cleanup                  318 us
[2026-04-03T01:50:47.467+0600][14.624s][info][gc,stats    ] Concurrent Class Unloading        14593 us
[2026-04-03T01:50:47.467+0600][14.624s][info][gc,stats    ]   Unlink Stale                    12666 us
[2026-04-03T01:50:47.467+0600][14.624s][info][gc,stats    ]     System Dictionary               402 us
[2026-04-03T01:50:47.467+0600][14.624s][info][gc,stats    ]     Weak Class Links               8032 us
[2026-04-03T01:50:47.467+0600][14.624s][info][gc,stats    ]     Code Roots                     4227 us
[2026-04-03T01:50:47.467+0600][14.624s][info][gc,stats    ]   Rendezvous                        252 us
[2026-04-03T01:50:47.467+0600][14.624s][info][gc,stats    ]   Purge Unlinked                   1564 us
[2026-04-03T01:50:47.467+0600][14.624s][info][gc,stats    ]     Code Roots                     1211 us
[2026-04-03T01:50:47.467+0600][14.624s][info][gc,stats    ]     CLDG                            352 us
[2026-04-03T01:50:47.467+0600][14.624s][info][gc,stats    ]     Exception Caches                  0 us
[2026-04-03T01:50:47.467+0600][14.624s][info][gc,stats    ] Concurrent Strong Roots            1659 us, parallelism: 0.88x
[2026-04-03T01:50:47.467+0600][14.624s][info][gc,stats    ]   CSR: <total>                     1467 us
[2026-04-03T01:50:47.467+0600][14.624s][info][gc,stats    ]   CSR: VM Strong Roots               27 us, workers (us):  25,   1,   1, ---, ---, ---, 
[2026-04-03T01:50:47.467+0600][14.624s][info][gc,stats    ]   CSR: CLDG Roots                  1440 us, workers (us): 1440, ---, ---, ---, ---, ---, 
[2026-04-03T01:50:47.467+0600][14.624s][info][gc,stats    ] Concurrent Evacuation              6730 us
[2026-04-03T01:50:47.467+0600][14.624s][info][gc,stats    ] Pause Init Update Refs (G)          375 us
[2026-04-03T01:50:47.467+0600][14.624s][info][gc,stats    ] Pause Init Update Refs (N)          111 us
[2026-04-03T01:50:47.467+0600][14.624s][info][gc,stats    ]   Manage GCLABs                      11 us
[2026-04-03T01:50:47.467+0600][14.624s][info][gc,stats    ] Concurrent Update Refs             8443 us
[2026-04-03T01:50:47.467+0600][14.624s][info][gc,stats    ] Concurrent Update Thread Roots      851 us
[2026-04-03T01:50:47.467+0600][14.624s][info][gc,stats    ] Pause Final Update Refs (G)         496 us
[2026-04-03T01:50:47.467+0600][14.624s][info][gc,stats    ] Pause Final Update Refs (N)         200 us
[2026-04-03T01:50:47.467+0600][14.624s][info][gc,stats    ]   Update Region States               56 us
[2026-04-03T01:50:47.467+0600][14.624s][info][gc,stats    ]   Trash Collection Set               16 us
[2026-04-03T01:50:47.467+0600][14.624s][info][gc,stats    ]   Rebuild Free Set                   35 us
[2026-04-03T01:50:47.467+0600][14.624s][info][gc,stats    ] Concurrent Cleanup                  659 us
[2026-04-03T01:50:47.467+0600][14.624s][info][gc,stats    ] 
[2026-04-03T01:50:47.467+0600][14.624s][info][gc,stats    ] Allocation pacing accrued:
[2026-04-03T01:50:47.467+0600][14.624s][info][gc,stats    ]       0 of  6540 ms (  0.0%): <total>
[2026-04-03T01:50:47.467+0600][14.624s][info][gc,stats    ]       0 of  6540 ms (  0.0%): <average total>
[2026-04-03T01:50:47.467+0600][14.624s][info][gc,stats    ] 
[2026-04-03T01:50:47.467+0600][14.624s][info][gc,metaspace] Metaspace: 57700K(58304K)->57455K(58240K) NonClass: 50474K(50816K)->50285K(50816K) Class: 7225K(7488K)->7170K(7424K)
[2026-04-03T01:50:47.467+0600][14.624s][info][gc,ergo     ] Pacer for Idle. Initial: 80302K, Alloc Tax Rate: 1.0x
[2026-04-03T01:50:47.467+0600][14.624s][info][gc,start    ] Concurrent uncommit
[2026-04-03T01:50:47.595+0600][14.752s][info][gc          ] Concurrent uncommit 32M->42M(45M) 128.201ms
[2026-04-03T01:50:50.673+0600][17.830s][info][gc          ] Trigger: Learning 2 of 5. Free (2743M) is below initial threshold (2744M)
[2026-04-03T01:50:50.673+0600][17.830s][info][gc,ergo     ] Free: 2743M, Max: 1024K regular, 2743M humongous, Frag: 0% external, 0% internal; Reserve: 197M, Max: 1024K
[2026-04-03T01:50:50.673+0600][17.830s][info][gc,start    ] GC(3) Concurrent reset
[2026-04-03T01:50:50.673+0600][17.830s][info][gc,task     ] GC(3) Using 3 of 6 workers for concurrent reset
[2026-04-03T01:50:50.673+0600][17.830s][info][gc,ergo     ] GC(3) Pacer for Reset. Non-Taxable: 3921M
[2026-04-03T01:50:50.676+0600][17.833s][info][gc          ] GC(3) Concurrent reset 2.481ms
[2026-04-03T01:50:50.676+0600][17.833s][info][gc,start    ] GC(3) Pause Init Mark (unload classes)
[2026-04-03T01:50:50.676+0600][17.833s][info][gc,task     ] GC(3) Using 6 of 6 workers for init marking
[2026-04-03T01:50:50.676+0600][17.833s][info][gc,ergo     ] GC(3) Pacer for Mark. Expected Live: 22423K, Free: 2740M, Non-Taxable: 274M, Alloc Tax Rate: 0.0x
[2026-04-03T01:50:50.676+0600][17.833s][info][gc          ] GC(3) Pause Init Mark (unload classes) 0.095ms
[2026-04-03T01:50:50.676+0600][17.833s][info][gc,start    ] GC(3) Concurrent marking roots
[2026-04-03T01:50:50.676+0600][17.833s][info][gc,task     ] GC(3) Using 3 of 6 workers for concurrent marking roots
[2026-04-03T01:50:50.678+0600][17.835s][info][gc          ] GC(3) Concurrent marking roots 1.613ms
[2026-04-03T01:50:50.678+0600][17.835s][info][gc,start    ] GC(3) Concurrent marking (unload classes)
[2026-04-03T01:50:50.678+0600][17.835s][info][gc,task     ] GC(3) Using 3 of 6 workers for concurrent marking
[2026-04-03T01:50:50.694+0600][17.851s][info][gc          ] GC(3) Concurrent marking (unload classes) 16.295ms
[2026-04-03T01:50:50.694+0600][17.851s][info][gc,start    ] GC(3) Pause Final Mark (unload classes)
[2026-04-03T01:50:50.694+0600][17.851s][info][gc,task     ] GC(3) Using 6 of 6 workers for final marking
[2026-04-03T01:50:50.695+0600][17.852s][info][gc,ergo     ] GC(3) Adaptive CSet Selection. Target Free: 555M, Actual Free: 3729M, Max CSet: 163M, Min Garbage: 0B
[2026-04-03T01:50:50.695+0600][17.852s][info][gc,ergo     ] GC(3) Collectable Garbage: 940M (99%), Immediate: 813M (86%), CSet: 127M (13%)
[2026-04-03T01:50:50.695+0600][17.852s][info][gc,ergo     ] GC(3) Pacer for Evacuation. Used CSet: 134M, Free: 3539M, Non-Taxable: 353M, Alloc Tax Rate: 1.1x
[2026-04-03T01:50:50.695+0600][17.852s][info][gc          ] GC(3) Pause Final Mark (unload classes) 0.643ms
[2026-04-03T01:50:50.695+0600][17.852s][info][gc,start    ] GC(3) Concurrent thread roots
[2026-04-03T01:50:50.695+0600][17.852s][info][gc,task     ] GC(3) Using 3 of 6 workers for Concurrent thread roots
[2026-04-03T01:50:50.696+0600][17.853s][info][gc          ] GC(3) Concurrent thread roots 0.514ms
[2026-04-03T01:50:50.696+0600][17.853s][info][gc,start    ] GC(3) Concurrent weak references
[2026-04-03T01:50:50.696+0600][17.853s][info][gc,task     ] GC(3) Using 3 of 6 workers for concurrent weak references
[2026-04-03T01:50:50.697+0600][17.854s][info][gc,ref      ] GC(3) Encountered references: Soft: 3188, Weak: 5801, Final: 82, Phantom: 604
[2026-04-03T01:50:50.697+0600][17.854s][info][gc,ref      ] GC(3) Discovered  references: Soft: 0, Weak: 3295, Final: 50, Phantom: 574
[2026-04-03T01:50:50.697+0600][17.854s][info][gc,ref      ] GC(3) Enqueued    references: Soft: 0, Weak: 808, Final: 0, Phantom: 1
[2026-04-03T01:50:50.697+0600][17.854s][info][gc          ] GC(3) Concurrent weak references 1.029ms
[2026-04-03T01:50:50.697+0600][17.854s][info][gc,start    ] GC(3) Concurrent weak roots
[2026-04-03T01:50:50.697+0600][17.854s][info][gc,task     ] GC(3) Using 3 of 6 workers for concurrent weak root
[2026-04-03T01:50:50.699+0600][17.855s][info][gc          ] GC(3) Concurrent weak roots 1.833ms
[2026-04-03T01:50:50.699+0600][17.856s][info][gc,start    ] GC(3) Concurrent cleanup
[2026-04-03T01:50:50.699+0600][17.856s][info][gc          ] GC(3) Concurrent cleanup 999M->187M(1010M) 0.362ms
[2026-04-03T01:50:50.699+0600][17.856s][info][gc,ergo     ] GC(3) Free: 3535M, Max: 1024K regular, 2716M humongous, Frag: 24% external, 0% internal; Reserve: 195M, Max: 1024K
[2026-04-03T01:50:50.699+0600][17.856s][info][gc,start    ] GC(3) Concurrent class unloading
[2026-04-03T01:50:50.699+0600][17.856s][info][gc,task     ] GC(3) Using 3 of 6 workers for concurrent class unloading
[2026-04-03T01:50:50.717+0600][17.874s][info][gc          ] GC(3) Concurrent class unloading 18.195ms
[2026-04-03T01:50:50.717+0600][17.874s][info][gc,start    ] GC(3) Concurrent strong roots
[2026-04-03T01:50:50.717+0600][17.874s][info][gc,task     ] GC(3) Using 3 of 6 workers for concurrent strong root
[2026-04-03T01:50:50.720+0600][17.877s][info][gc          ] GC(3) Concurrent strong roots 2.391ms
[2026-04-03T01:50:50.720+0600][17.877s][info][gc,start    ] GC(3) Concurrent evacuation
[2026-04-03T01:50:50.720+0600][17.877s][info][gc,task     ] GC(3) Using 3 of 6 workers for concurrent evacuation
[2026-04-03T01:50:50.726+0600][17.883s][info][gc          ] GC(3) Concurrent evacuation 6.397ms
[2026-04-03T01:50:50.727+0600][17.883s][info][gc,start    ] GC(3) Pause Init Update Refs
[2026-04-03T01:50:50.727+0600][17.883s][info][gc,ergo     ] GC(3) Pacer for Update Refs. Used: 219M, Free: 3511M, Non-Taxable: 351M, Alloc Tax Rate: 1.1x
[2026-04-03T01:50:50.727+0600][17.884s][info][gc          ] GC(3) Pause Init Update Refs 0.103ms
[2026-04-03T01:50:50.727+0600][17.884s][info][gc,start    ] GC(3) Concurrent update references
[2026-04-03T01:50:50.727+0600][17.884s][info][gc,task     ] GC(3) Using 3 of 6 workers for concurrent reference update
[2026-04-03T01:50:50.744+0600][17.901s][info][gc          ] GC(3) Concurrent update references 17.252ms
[2026-04-03T01:50:50.744+0600][17.901s][info][gc,start    ] GC(3) Concurrent update thread roots
[2026-04-03T01:50:50.745+0600][17.902s][info][gc          ] GC(3) Concurrent update thread roots 0.679ms
[2026-04-03T01:50:50.745+0600][17.902s][info][gc,start    ] GC(3) Pause Final Update Refs
[2026-04-03T01:50:50.745+0600][17.902s][info][gc,task     ] GC(3) Using 6 of 6 workers for final reference update
[2026-04-03T01:50:50.745+0600][17.902s][info][gc          ] GC(3) Pause Final Update Refs 0.183ms
[2026-04-03T01:50:50.745+0600][17.902s][info][gc,start    ] GC(3) Concurrent cleanup
[2026-04-03T01:50:50.746+0600][17.902s][info][gc          ] GC(3) Concurrent cleanup 242M->107M(1017M) 0.263ms
[2026-04-03T01:50:50.746+0600][17.902s][info][gc,ergo     ] Free: 3614M, Max: 1024K regular, 2711M humongous, Frag: 25% external, 0% internal; Reserve: 197M, Max: 1024K
[2026-04-03T01:50:50.746+0600][17.903s][info][gc,stats    ] 
[2026-04-03T01:50:50.746+0600][17.903s][info][gc,stats    ] All times are wall-clock times, except per-root-class counters, that are sum over
[2026-04-03T01:50:50.746+0600][17.903s][info][gc,stats    ] all workers. Dividing the <total> over the root stage time estimates parallelism.
[2026-04-03T01:50:50.746+0600][17.903s][info][gc,stats    ] 
[2026-04-03T01:50:50.746+0600][17.903s][info][gc,stats    ] Concurrent Reset                   2534 us
[2026-04-03T01:50:50.746+0600][17.903s][info][gc,stats    ] Pause Init Mark (G)                 392 us
[2026-04-03T01:50:50.746+0600][17.903s][info][gc,stats    ] Pause Init Mark (N)                 104 us
[2026-04-03T01:50:50.746+0600][17.903s][info][gc,stats    ]   Update Region States               21 us
[2026-04-03T01:50:50.746+0600][17.903s][info][gc,stats    ] Concurrent Mark Roots              1646 us, parallelism: 2.45x
[2026-04-03T01:50:50.746+0600][17.903s][info][gc,stats    ]   CMR: <total>                     4038 us
[2026-04-03T01:50:50.746+0600][17.903s][info][gc,stats    ]   CMR: Thread Roots                3670 us, workers (us): 1353, 1037, 1279, ---, ---, ---, 
[2026-04-03T01:50:50.746+0600][17.903s][info][gc,stats    ]   CMR: VM Strong Roots               38 us, workers (us):  26,  11,   1, ---, ---, ---, 
[2026-04-03T01:50:50.746+0600][17.903s][info][gc,stats    ]   CMR: CLDG Roots                   330 us, workers (us): ---, 330, ---, ---, ---, ---, 
[2026-04-03T01:50:50.746+0600][17.903s][info][gc,stats    ] Concurrent Marking                16374 us
[2026-04-03T01:50:50.746+0600][17.903s][info][gc,stats    ] Pause Final Mark (G)                916 us
[2026-04-03T01:50:50.746+0600][17.903s][info][gc,stats    ] Pause Final Mark (N)                660 us
[2026-04-03T01:50:50.746+0600][17.903s][info][gc,stats    ]   Finish Mark                       305 us
[2026-04-03T01:50:50.746+0600][17.903s][info][gc,stats    ]   Update Region States               58 us
[2026-04-03T01:50:50.746+0600][17.903s][info][gc,stats    ]   Choose Collection Set             161 us
[2026-04-03T01:50:50.746+0600][17.903s][info][gc,stats    ]   Rebuild Free Set                   35 us
[2026-04-03T01:50:50.746+0600][17.903s][info][gc,stats    ] Concurrent Thread Roots             551 us, parallelism: 1.68x
[2026-04-03T01:50:50.746+0600][17.903s][info][gc,stats    ]   CTR: <total>                      928 us
[2026-04-03T01:50:50.746+0600][17.903s][info][gc,stats    ]   CTR: Thread Roots                 928 us, workers (us): 320, 326, 282, ---, ---, ---, 
[2026-04-03T01:50:50.746+0600][17.903s][info][gc,stats    ] Concurrent Weak References         1041 us, parallelism: 1.05x
[2026-04-03T01:50:50.746+0600][17.903s][info][gc,stats    ]   CWRF: <total>                    1089 us
[2026-04-03T01:50:50.746+0600][17.903s][info][gc,stats    ]   CWRF: Weak References            1089 us, workers (us): 798, 291,   1, ---, ---, ---, 
[2026-04-03T01:50:50.746+0600][17.903s][info][gc,stats    ] Concurrent Weak Roots              1912 us
[2026-04-03T01:50:50.746+0600][17.903s][info][gc,stats    ]   Roots                            1625 us, parallelism: 2.43x
[2026-04-03T01:50:50.746+0600][17.903s][info][gc,stats    ]     CWR: <total>                   3946 us
[2026-04-03T01:50:50.746+0600][17.903s][info][gc,stats    ]     CWR: Code Cache Roots          1742 us, workers (us): 617, 540, 586, ---, ---, ---, 
[2026-04-03T01:50:50.746+0600][17.903s][info][gc,stats    ]     CWR: VM Weak Roots             2137 us, workers (us): 760, 700, 676, ---, ---, ---, 
[2026-04-03T01:50:50.746+0600][17.903s][info][gc,stats    ]     CWR: CLDG Roots                  67 us, workers (us): ---,  67, ---, ---, ---, ---, 
[2026-04-03T01:50:50.746+0600][17.903s][info][gc,stats    ]   Rendezvous                        183 us
[2026-04-03T01:50:50.746+0600][17.903s][info][gc,stats    ] Concurrent Cleanup                  389 us
[2026-04-03T01:50:50.746+0600][17.903s][info][gc,stats    ] Concurrent Class Unloading        18310 us
[2026-04-03T01:50:50.746+0600][17.903s][info][gc,stats    ]   Unlink Stale                    15263 us
[2026-04-03T01:50:50.746+0600][17.903s][info][gc,stats    ]     System Dictionary               347 us
[2026-04-03T01:50:50.746+0600][17.903s][info][gc,stats    ]     Weak Class Links              10755 us
[2026-04-03T01:50:50.746+0600][17.903s][info][gc,stats    ]     Code Roots                     4155 us
[2026-04-03T01:50:50.746+0600][17.903s][info][gc,stats    ]   Rendezvous                        129 us
[2026-04-03T01:50:50.746+0600][17.903s][info][gc,stats    ]   Purge Unlinked                   2768 us
[2026-04-03T01:50:50.746+0600][17.903s][info][gc,stats    ]     Code Roots                     2452 us
[2026-04-03T01:50:50.746+0600][17.903s][info][gc,stats    ]     CLDG                            314 us
[2026-04-03T01:50:50.746+0600][17.903s][info][gc,stats    ]     Exception Caches                  0 us
[2026-04-03T01:50:50.746+0600][17.903s][info][gc,stats    ] Concurrent Strong Roots            2459 us, parallelism: 0.81x
[2026-04-03T01:50:50.746+0600][17.903s][info][gc,stats    ]   CSR: <total>                     1999 us
[2026-04-03T01:50:50.746+0600][17.903s][info][gc,stats    ]   CSR: VM Strong Roots               63 us, workers (us):  51,   9,   3, ---, ---, ---, 
[2026-04-03T01:50:50.746+0600][17.903s][info][gc,stats    ]   CSR: CLDG Roots                  1936 us, workers (us): ---, ---, 1936, ---, ---, ---, 
[2026-04-03T01:50:50.746+0600][17.903s][info][gc,stats    ] Concurrent Evacuation              6478 us
[2026-04-03T01:50:50.746+0600][17.903s][info][gc,stats    ] Pause Init Update Refs (G)          318 us
[2026-04-03T01:50:50.746+0600][17.903s][info][gc,stats    ] Pause Init Update Refs (N)          119 us
[2026-04-03T01:50:50.746+0600][17.903s][info][gc,stats    ]   Manage GCLABs                      13 us
[2026-04-03T01:50:50.746+0600][17.903s][info][gc,stats    ] Concurrent Update Refs            17328 us
[2026-04-03T01:50:50.746+0600][17.903s][info][gc,stats    ] Concurrent Update Thread Roots      714 us
[2026-04-03T01:50:50.746+0600][17.903s][info][gc,stats    ] Pause Final Update Refs (G)         503 us
[2026-04-03T01:50:50.746+0600][17.903s][info][gc,stats    ] Pause Final Update Refs (N)         200 us
[2026-04-03T01:50:50.746+0600][17.903s][info][gc,stats    ]   Update Region States               59 us
[2026-04-03T01:50:50.746+0600][17.903s][info][gc,stats    ]   Trash Collection Set               11 us
[2026-04-03T01:50:50.746+0600][17.903s][info][gc,stats    ]   Rebuild Free Set                   36 us
[2026-04-03T01:50:50.746+0600][17.903s][info][gc,stats    ] Concurrent Cleanup                  286 us
[2026-04-03T01:50:50.746+0600][17.903s][info][gc,stats    ] 
[2026-04-03T01:50:50.746+0600][17.903s][info][gc,stats    ] Allocation pacing accrued:
[2026-04-03T01:50:50.746+0600][17.903s][info][gc,stats    ]       0 of  3279 ms (  0.0%): <total>
[2026-04-03T01:50:50.746+0600][17.903s][info][gc,stats    ]       0 of  3279 ms (  0.0%): <average total>
[2026-04-03T01:50:50.746+0600][17.903s][info][gc,stats    ] 
[2026-04-03T01:50:50.746+0600][17.903s][info][gc,metaspace] Metaspace: 66804K(67648K)->66668K(67648K) NonClass: 58407K(58880K)->58312K(58880K) Class: 8397K(8768K)->8356K(8768K)
[2026-04-03T01:50:50.746+0600][17.903s][info][gc,ergo     ] Pacer for Idle. Initial: 80302K, Alloc Tax Rate: 1.0x
[2026-04-03T01:50:51.181+0600][18.338s][info][gc          ] Trigger: Learning 3 of 5. Free (2743M) is below initial threshold (2744M)
[2026-04-03T01:50:51.181+0600][18.338s][info][gc,ergo     ] Free: 2743M, Max: 1024K regular, 2711M humongous, Frag: 2% external, 0% internal; Reserve: 197M, Max: 1024K
[2026-04-03T01:50:51.181+0600][18.338s][info][gc,start    ] GC(4) Concurrent reset
[2026-04-03T01:50:51.181+0600][18.338s][info][gc,task     ] GC(4) Using 3 of 6 workers for concurrent reset
[2026-04-03T01:50:51.181+0600][18.338s][info][gc,ergo     ] GC(4) Pacer for Reset. Non-Taxable: 3921M
[2026-04-03T01:50:51.183+0600][18.340s][info][gc          ] GC(4) Concurrent reset 1.675ms
[2026-04-03T01:50:51.183+0600][18.340s][info][gc,start    ] GC(4) Pause Init Mark (unload classes)
[2026-04-03T01:50:51.183+0600][18.340s][info][gc,task     ] GC(4) Using 6 of 6 workers for init marking
[2026-04-03T01:50:51.183+0600][18.340s][info][gc,ergo     ] GC(4) Pacer for Mark. Expected Live: 24958K, Free: 2739M, Non-Taxable: 273M, Alloc Tax Rate: 0.0x
[2026-04-03T01:50:51.183+0600][18.340s][info][gc          ] GC(4) Pause Init Mark (unload classes) 0.146ms
[2026-04-03T01:50:51.183+0600][18.340s][info][gc,start    ] GC(4) Concurrent marking roots
[2026-04-03T01:50:51.183+0600][18.340s][info][gc,task     ] GC(4) Using 3 of 6 workers for concurrent marking roots
[2026-04-03T01:50:51.184+0600][18.341s][info][gc          ] GC(4) Concurrent marking roots 0.582ms
[2026-04-03T01:50:51.184+0600][18.341s][info][gc,start    ] GC(4) Concurrent marking (unload classes)
[2026-04-03T01:50:51.184+0600][18.341s][info][gc,task     ] GC(4) Using 3 of 6 workers for concurrent marking
[2026-04-03T01:50:51.200+0600][18.356s][info][gc          ] GC(4) Concurrent marking (unload classes) 15.751ms
[2026-04-03T01:50:51.200+0600][18.357s][info][gc,start    ] GC(4) Pause Final Mark (unload classes)
[2026-04-03T01:50:51.200+0600][18.357s][info][gc,task     ] GC(4) Using 6 of 6 workers for final marking
[2026-04-03T01:50:51.200+0600][18.357s][info][gc,ergo     ] GC(4) Collectable Garbage: 937M (98%), Immediate: 937M (98%), CSet: 0B (0%)
[2026-04-03T01:50:51.201+0600][18.357s][info][gc          ] GC(4) Pause Final Mark (unload classes) 0.584ms
[2026-04-03T01:50:51.201+0600][18.357s][info][gc,start    ] GC(4) Concurrent weak references
[2026-04-03T01:50:51.201+0600][18.358s][info][gc,task     ] GC(4) Using 3 of 6 workers for concurrent weak references
[2026-04-03T01:50:51.201+0600][18.358s][info][gc,ref      ] GC(4) Encountered references: Soft: 3188, Weak: 4993, Final: 82, Phantom: 603
[2026-04-03T01:50:51.201+0600][18.358s][info][gc,ref      ] GC(4) Discovered  references: Soft: 0, Weak: 2641, Final: 50, Phantom: 573
[2026-04-03T01:50:51.201+0600][18.358s][info][gc,ref      ] GC(4) Enqueued    references: Soft: 0, Weak: 0, Final: 0, Phantom: 0
[2026-04-03T01:50:51.201+0600][18.358s][info][gc          ] GC(4) Concurrent weak references 0.690ms
[2026-04-03T01:50:51.201+0600][18.358s][info][gc,start    ] GC(4) Concurrent weak roots
[2026-04-03T01:50:51.201+0600][18.358s][info][gc,task     ] GC(4) Using 3 of 6 workers for concurrent weak root
[2026-04-03T01:50:51.203+0600][18.360s][info][gc          ] GC(4) Concurrent weak roots 1.931ms
[2026-04-03T01:50:51.203+0600][18.360s][info][gc,start    ] GC(4) Concurrent cleanup
[2026-04-03T01:50:51.204+0600][18.361s][info][gc          ] GC(4) Concurrent cleanup 1010M->72M(1017M) 0.376ms
[2026-04-03T01:50:51.204+0600][18.361s][info][gc,ergo     ] GC(4) Free: 3648M, Max: 1024K regular, 2735M humongous, Frag: 26% external, 0% internal; Reserve: 197M, Max: 1024K
[2026-04-03T01:50:51.204+0600][18.361s][info][gc,start    ] GC(4) Concurrent class unloading
[2026-04-03T01:50:51.204+0600][18.361s][info][gc,task     ] GC(4) Using 3 of 6 workers for concurrent class unloading
[2026-04-03T01:50:51.208+0600][18.365s][info][gc          ] GC(4) Concurrent class unloading 3.882ms
[2026-04-03T01:50:51.208+0600][18.365s][info][gc,start    ] GC(4) Pause Final Roots
[2026-04-03T01:50:51.208+0600][18.365s][info][gc          ] GC(4) Pause Final Roots 0.071ms
[2026-04-03T01:50:51.208+0600][18.365s][info][gc,ergo     ] Free: 3643M, Max: 1024K regular, 2735M humongous, Frag: 25% external, 0% internal; Reserve: 197M, Max: 1024K
[2026-04-03T01:50:51.208+0600][18.365s][info][gc,stats    ] 
[2026-04-03T01:50:51.208+0600][18.365s][info][gc,stats    ] All times are wall-clock times, except per-root-class counters, that are sum over
[2026-04-03T01:50:51.208+0600][18.365s][info][gc,stats    ] all workers. Dividing the <total> over the root stage time estimates parallelism.
[2026-04-03T01:50:51.208+0600][18.365s][info][gc,stats    ] 
[2026-04-03T01:50:51.208+0600][18.365s][info][gc,stats    ] Concurrent Reset                   1731 us
[2026-04-03T01:50:51.208+0600][18.365s][info][gc,stats    ] Pause Init Mark (G)                 458 us
[2026-04-03T01:50:51.208+0600][18.365s][info][gc,stats    ] Pause Init Mark (N)                 156 us
[2026-04-03T01:50:51.208+0600][18.365s][info][gc,stats    ]   Update Region States               22 us
[2026-04-03T01:50:51.208+0600][18.365s][info][gc,stats    ] Concurrent Mark Roots               619 us, parallelism: 1.47x
[2026-04-03T01:50:51.208+0600][18.365s][info][gc,stats    ]   CMR: <total>                      910 us
[2026-04-03T01:50:51.208+0600][18.365s][info][gc,stats    ]   CMR: Thread Roots                 743 us, workers (us): 151, 296, 296, ---, ---, ---, 
[2026-04-03T01:50:51.208+0600][18.365s][info][gc,stats    ]   CMR: VM Strong Roots               19 us, workers (us):  18,   0,   0, ---, ---, ---, 
[2026-04-03T01:50:51.209+0600][18.365s][info][gc,stats    ]   CMR: CLDG Roots                   149 us, workers (us): 149, ---, ---, ---, ---, ---, 
[2026-04-03T01:50:51.209+0600][18.365s][info][gc,stats    ] Concurrent Marking                15840 us
[2026-04-03T01:50:51.209+0600][18.365s][info][gc,stats    ] Pause Final Mark (G)                910 us
[2026-04-03T01:50:51.209+0600][18.365s][info][gc,stats    ] Pause Final Mark (N)                603 us
[2026-04-03T01:50:51.209+0600][18.365s][info][gc,stats    ]   Finish Mark                       299 us
[2026-04-03T01:50:51.209+0600][18.365s][info][gc,stats    ]   Update Region States               58 us
[2026-04-03T01:50:51.209+0600][18.365s][info][gc,stats    ]   Choose Collection Set             105 us
[2026-04-03T01:50:51.209+0600][18.365s][info][gc,stats    ]   Rebuild Free Set                   36 us
[2026-04-03T01:50:51.209+0600][18.365s][info][gc,stats    ] Concurrent Weak References          704 us, parallelism: 0.75x
[2026-04-03T01:50:51.209+0600][18.365s][info][gc,stats    ]   CWRF: <total>                     526 us
[2026-04-03T01:50:51.209+0600][18.365s][info][gc,stats    ]   CWRF: Weak References             526 us, workers (us): 439,  69,  18, ---, ---, ---, 
[2026-04-03T01:50:51.209+0600][18.365s][info][gc,stats    ] Concurrent Weak Roots              2002 us
[2026-04-03T01:50:51.209+0600][18.366s][info][gc,stats    ]   Roots                            1715 us, parallelism: 2.51x
[2026-04-03T01:50:51.209+0600][18.366s][info][gc,stats    ]     CWR: <total>                   4299 us
[2026-04-03T01:50:51.209+0600][18.366s][info][gc,stats    ]     CWR: Code Cache Roots          2873 us, workers (us): 1002, 918, 953, ---, ---, ---, 
[2026-04-03T01:50:51.209+0600][18.366s][info][gc,stats    ]     CWR: VM Weak Roots             1375 us, workers (us): 471, 456, 448, ---, ---, ---, 
[2026-04-03T01:50:51.209+0600][18.366s][info][gc,stats    ]     CWR: CLDG Roots                  52 us, workers (us):  52, ---, ---, ---, ---, ---, 
[2026-04-03T01:50:51.209+0600][18.366s][info][gc,stats    ]   Rendezvous                        189 us
[2026-04-03T01:50:51.209+0600][18.366s][info][gc,stats    ] Concurrent Cleanup                  438 us
[2026-04-03T01:50:51.209+0600][18.366s][info][gc,stats    ] Concurrent Class Unloading         3956 us
[2026-04-03T01:50:51.209+0600][18.366s][info][gc,stats    ]   Unlink Stale                     3392 us
[2026-04-03T01:50:51.209+0600][18.366s][info][gc,stats    ]     System Dictionary                78 us
[2026-04-03T01:50:51.209+0600][18.366s][info][gc,stats    ]     Weak Class Links                  1 us
[2026-04-03T01:50:51.209+0600][18.366s][info][gc,stats    ]     Code Roots                     3310 us
[2026-04-03T01:50:51.209+0600][18.366s][info][gc,stats    ]   Rendezvous                        208 us
[2026-04-03T01:50:51.209+0600][18.366s][info][gc,stats    ]   Purge Unlinked                    249 us
[2026-04-03T01:50:51.209+0600][18.366s][info][gc,stats    ]     Code Roots                      236 us
[2026-04-03T01:50:51.209+0600][18.366s][info][gc,stats    ]     CLDG                             12 us
[2026-04-03T01:50:51.209+0600][18.366s][info][gc,stats    ]     Exception Caches                  0 us
[2026-04-03T01:50:51.209+0600][18.366s][info][gc,stats    ] Pause Final Roots (G)               400 us
[2026-04-03T01:50:51.209+0600][18.366s][info][gc,stats    ] Pause Final Roots (N)                85 us
[2026-04-03T01:50:51.209+0600][18.366s][info][gc,stats    ] 
[2026-04-03T01:50:51.209+0600][18.366s][info][gc,stats    ] Allocation pacing accrued:
[2026-04-03T01:50:51.209+0600][18.366s][info][gc,stats    ]       0 of   463 ms (  0.0%): <total>
[2026-04-03T01:50:51.209+0600][18.366s][info][gc,stats    ]       0 of   463 ms (  0.0%): <average total>
[2026-04-03T01:50:51.209+0600][18.366s][info][gc,stats    ] 
[2026-04-03T01:50:51.209+0600][18.366s][info][gc,metaspace] Metaspace: 66668K(67648K)->66668K(67648K) NonClass: 58312K(58880K)->58312K(58880K) Class: 8356K(8768K)->8356K(8768K)
[2026-04-03T01:50:51.209+0600][18.366s][info][gc,ergo     ] Pacer for Idle. Initial: 80302K, Alloc Tax Rate: 1.0x
[2026-04-03T01:50:51.662+0600][18.819s][info][gc          ] Trigger: Learning 4 of 5. Free (2743M) is below initial threshold (2744M)
[2026-04-03T01:50:51.662+0600][18.819s][info][gc,ergo     ] Free: 2742M, Max: 1024K regular, 2735M humongous, Frag: 1% external, 0% internal; Reserve: 197M, Max: 1024K
[2026-04-03T01:50:51.662+0600][18.819s][info][gc,start    ] GC(5) Concurrent reset
[2026-04-03T01:50:51.662+0600][18.819s][info][gc,task     ] GC(5) Using 3 of 6 workers for concurrent reset
[2026-04-03T01:50:51.662+0600][18.819s][info][gc,ergo     ] GC(5) Pacer for Reset. Non-Taxable: 3921M
[2026-04-03T01:50:51.662+0600][18.819s][info][gc          ] GC(5) Concurrent reset 0.528ms
[2026-04-03T01:50:51.663+0600][18.820s][info][gc,start    ] GC(5) Pause Init Mark (unload classes)
[2026-04-03T01:50:51.663+0600][18.820s][info][gc,task     ] GC(5) Using 6 of 6 workers for init marking
[2026-04-03T01:50:51.663+0600][18.820s][info][gc,ergo     ] GC(5) Pacer for Mark. Expected Live: 26480K, Free: 2741M, Non-Taxable: 274M, Alloc Tax Rate: 0.0x
[2026-04-03T01:50:51.663+0600][18.820s][info][gc          ] GC(5) Pause Init Mark (unload classes) 0.193ms
[2026-04-03T01:50:51.663+0600][18.820s][info][gc,start    ] GC(5) Concurrent marking roots
[2026-04-03T01:50:51.663+0600][18.820s][info][gc,task     ] GC(5) Using 3 of 6 workers for concurrent marking roots
[2026-04-03T01:50:51.664+0600][18.820s][info][gc          ] GC(5) Concurrent marking roots 0.571ms
[2026-04-03T01:50:51.664+0600][18.820s][info][gc,start    ] GC(5) Concurrent marking (unload classes)
[2026-04-03T01:50:51.664+0600][18.820s][info][gc,task     ] GC(5) Using 3 of 6 workers for concurrent marking
[2026-04-03T01:50:51.678+0600][18.835s][info][gc          ] GC(5) Concurrent marking (unload classes) 14.873ms
[2026-04-03T01:50:51.679+0600][18.836s][info][gc,start    ] GC(5) Pause Final Mark (unload classes)
[2026-04-03T01:50:51.679+0600][18.836s][info][gc,task     ] GC(5) Using 6 of 6 workers for final marking
[2026-04-03T01:50:51.679+0600][18.836s][info][gc,ergo     ] GC(5) Collectable Garbage: 932M (98%), Immediate: 932M (98%), CSet: 0B (0%)
[2026-04-03T01:50:51.679+0600][18.836s][info][gc          ] GC(5) Pause Final Mark (unload classes) 0.494ms
[2026-04-03T01:50:51.679+0600][18.836s][info][gc,start    ] GC(5) Concurrent weak references
[2026-04-03T01:50:51.679+0600][18.836s][info][gc,task     ] GC(5) Using 3 of 6 workers for concurrent weak references
[2026-04-03T01:50:51.680+0600][18.836s][info][gc,ref      ] GC(5) Encountered references: Soft: 3188, Weak: 4993, Final: 82, Phantom: 603
[2026-04-03T01:50:51.680+0600][18.837s][info][gc,ref      ] GC(5) Discovered  references: Soft: 0, Weak: 2145, Final: 0, Phantom: 582
[2026-04-03T01:50:51.680+0600][18.837s][info][gc,ref      ] GC(5) Enqueued    references: Soft: 0, Weak: 0, Final: 0, Phantom: 0
[2026-04-03T01:50:51.680+0600][18.837s][info][gc          ] GC(5) Concurrent weak references 0.365ms
[2026-04-03T01:50:51.680+0600][18.837s][info][gc,start    ] GC(5) Concurrent weak roots
[2026-04-03T01:50:51.680+0600][18.837s][info][gc,task     ] GC(5) Using 3 of 6 workers for concurrent weak root
[2026-04-03T01:50:51.681+0600][18.838s][info][gc          ] GC(5) Concurrent weak roots 1.712ms
[2026-04-03T01:50:51.681+0600][18.838s][info][gc,start    ] GC(5) Concurrent cleanup
[2026-04-03T01:50:51.682+0600][18.839s][info][gc          ] GC(5) Concurrent cleanup 1007M->76M(1017M) 0.350ms
[2026-04-03T01:50:51.682+0600][18.839s][info][gc,ergo     ] GC(5) Free: 3645M, Max: 1024K regular, 2714M humongous, Frag: 26% external, 0% internal; Reserve: 197M, Max: 1024K
[2026-04-03T01:50:51.682+0600][18.839s][info][gc,start    ] GC(5) Concurrent class unloading
[2026-04-03T01:50:51.682+0600][18.839s][info][gc,task     ] GC(5) Using 3 of 6 workers for concurrent class unloading
[2026-04-03T01:50:51.686+0600][18.843s][info][gc          ] GC(5) Concurrent class unloading 3.829ms
[2026-04-03T01:50:51.686+0600][18.843s][info][gc,start    ] GC(5) Pause Final Roots
[2026-04-03T01:50:51.686+0600][18.843s][info][gc          ] GC(5) Pause Final Roots 0.039ms
[2026-04-03T01:50:51.686+0600][18.843s][info][gc,ergo     ] Free: 3640M, Max: 1024K regular, 2714M humongous, Frag: 26% external, 0% internal; Reserve: 197M, Max: 1024K
[2026-04-03T01:50:51.686+0600][18.843s][info][gc,stats    ] 
[2026-04-03T01:50:51.686+0600][18.843s][info][gc,stats    ] All times are wall-clock times, except per-root-class counters, that are sum over
[2026-04-03T01:50:51.686+0600][18.843s][info][gc,stats    ] all workers. Dividing the <total> over the root stage time estimates parallelism.
[2026-04-03T01:50:51.686+0600][18.843s][info][gc,stats    ] 
[2026-04-03T01:50:51.686+0600][18.843s][info][gc,stats    ] Concurrent Reset                    560 us
[2026-04-03T01:50:51.686+0600][18.843s][info][gc,stats    ] Pause Init Mark (G)                 464 us
[2026-04-03T01:50:51.686+0600][18.843s][info][gc,stats    ] Pause Init Mark (N)                 215 us
[2026-04-03T01:50:51.686+0600][18.843s][info][gc,stats    ]   Update Region States               23 us
[2026-04-03T01:50:51.686+0600][18.843s][info][gc,stats    ] Concurrent Mark Roots               607 us, parallelism: 1.35x
[2026-04-03T01:50:51.686+0600][18.843s][info][gc,stats    ]   CMR: <total>                      818 us
[2026-04-03T01:50:51.686+0600][18.843s][info][gc,stats    ]   CMR: Thread Roots                 657 us, workers (us): 140, 261, 255, ---, ---, ---, 
[2026-04-03T01:50:51.686+0600][18.843s][info][gc,stats    ]   CMR: VM Strong Roots               17 us, workers (us):  16,   0,   0, ---, ---, ---, 
[2026-04-03T01:50:51.686+0600][18.843s][info][gc,stats    ]   CMR: CLDG Roots                   144 us, workers (us): 144, ---, ---, ---, ---, ---, 
[2026-04-03T01:50:51.686+0600][18.843s][info][gc,stats    ] Concurrent Marking                14933 us
[2026-04-03T01:50:51.686+0600][18.843s][info][gc,stats    ] Pause Final Mark (G)                827 us
[2026-04-03T01:50:51.686+0600][18.843s][info][gc,stats    ] Pause Final Mark (N)                508 us
[2026-04-03T01:50:51.686+0600][18.843s][info][gc,stats    ]   Finish Mark                       263 us
[2026-04-03T01:50:51.686+0600][18.843s][info][gc,stats    ]   Update Region States               55 us
[2026-04-03T01:50:51.686+0600][18.843s][info][gc,stats    ]   Choose Collection Set              80 us
[2026-04-03T01:50:51.686+0600][18.843s][info][gc,stats    ]   Rebuild Free Set                   32 us
[2026-04-03T01:50:51.686+0600][18.843s][info][gc,stats    ] Concurrent Weak References          378 us, parallelism: 0.78x
[2026-04-03T01:50:51.686+0600][18.843s][info][gc,stats    ]   CWRF: <total>                     296 us
[2026-04-03T01:50:51.686+0600][18.843s][info][gc,stats    ]   CWRF: Weak References             296 us, workers (us): 204,  15,  77, ---, ---, ---, 
[2026-04-03T01:50:51.686+0600][18.843s][info][gc,stats    ] Concurrent Weak Roots              1769 us
[2026-04-03T01:50:51.686+0600][18.843s][info][gc,stats    ]   Roots                            1511 us, parallelism: 2.32x
[2026-04-03T01:50:51.686+0600][18.843s][info][gc,stats    ]     CWR: <total>                   3505 us
[2026-04-03T01:50:51.686+0600][18.843s][info][gc,stats    ]     CWR: Code Cache Roots          2456 us, workers (us): 918, 839, 698, ---, ---, ---, 
[2026-04-03T01:50:51.687+0600][18.843s][info][gc,stats    ]     CWR: VM Weak Roots              976 us, workers (us): 367, 342, 267, ---, ---, ---, 
[2026-04-03T01:50:51.687+0600][18.843s][info][gc,stats    ]     CWR: CLDG Roots                  74 us, workers (us): ---, ---,  74, ---, ---, ---, 
[2026-04-03T01:50:51.687+0600][18.843s][info][gc,stats    ]   Rendezvous                        175 us
[2026-04-03T01:50:51.687+0600][18.843s][info][gc,stats    ] Concurrent Cleanup                  370 us
[2026-04-03T01:50:51.687+0600][18.843s][info][gc,stats    ] Concurrent Class Unloading         3887 us
[2026-04-03T01:50:51.687+0600][18.843s][info][gc,stats    ]   Unlink Stale                     3508 us
[2026-04-03T01:50:51.687+0600][18.843s][info][gc,stats    ]     System Dictionary                63 us
[2026-04-03T01:50:51.687+0600][18.843s][info][gc,stats    ]     Weak Class Links                  0 us
[2026-04-03T01:50:51.687+0600][18.843s][info][gc,stats    ]     Code Roots                     3443 us
[2026-04-03T01:50:51.687+0600][18.843s][info][gc,stats    ]   Rendezvous                        143 us
[2026-04-03T01:50:51.687+0600][18.843s][info][gc,stats    ]   Purge Unlinked                    149 us
[2026-04-03T01:50:51.687+0600][18.843s][info][gc,stats    ]     Code Roots                      141 us
[2026-04-03T01:50:51.687+0600][18.843s][info][gc,stats    ]     CLDG                              7 us
[2026-04-03T01:50:51.687+0600][18.843s][info][gc,stats    ]     Exception Caches                  0 us
[2026-04-03T01:50:51.687+0600][18.843s][info][gc,stats    ] Pause Final Roots (G)               322 us
[2026-04-03T01:50:51.687+0600][18.843s][info][gc,stats    ] Pause Final Roots (N)                53 us
[2026-04-03T01:50:51.687+0600][18.843s][info][gc,stats    ] 
[2026-04-03T01:50:51.687+0600][18.843s][info][gc,stats    ] Allocation pacing accrued:
[2026-04-03T01:50:51.687+0600][18.844s][info][gc,stats    ]       0 of   478 ms (  0.0%): <total>
[2026-04-03T01:50:51.687+0600][18.844s][info][gc,stats    ]       0 of   478 ms (  0.0%): <average total>
[2026-04-03T01:50:51.687+0600][18.844s][info][gc,stats    ] 
[2026-04-03T01:50:51.687+0600][18.844s][info][gc,metaspace] Metaspace: 66669K(67648K)->66669K(67648K) NonClass: 58313K(58880K)->58313K(58880K) Class: 8356K(8768K)->8356K(8768K)
[2026-04-03T01:50:51.687+0600][18.844s][info][gc,ergo     ] Pacer for Idle. Initial: 80302K, Alloc Tax Rate: 1.0x
[2026-04-03T01:50:52.144+0600][19.301s][info][gc          ] Trigger: Learning 5 of 5. Free (2742M) is below initial threshold (2744M)
[2026-04-03T01:50:52.144+0600][19.301s][info][gc,ergo     ] Free: 2741M, Max: 1024K regular, 2714M humongous, Frag: 1% external, 0% internal; Reserve: 197M, Max: 1024K
[2026-04-03T01:50:52.144+0600][19.301s][info][gc,start    ] GC(6) Concurrent reset
[2026-04-03T01:50:52.144+0600][19.301s][info][gc,task     ] GC(6) Using 3 of 6 workers for concurrent reset
[2026-04-03T01:50:52.144+0600][19.301s][info][gc,ergo     ] GC(6) Pacer for Reset. Non-Taxable: 3921M
[2026-04-03T01:50:52.145+0600][19.302s][info][gc          ] GC(6) Concurrent reset 0.648ms
[2026-04-03T01:50:52.145+0600][19.302s][info][gc,start    ] GC(6) Pause Init Mark (unload classes)
[2026-04-03T01:50:52.145+0600][19.302s][info][gc,task     ] GC(6) Using 6 of 6 workers for init marking
[2026-04-03T01:50:52.145+0600][19.302s][info][gc,ergo     ] GC(6) Pacer for Mark. Expected Live: 29332K, Free: 2741M, Non-Taxable: 274M, Alloc Tax Rate: 0.0x
[2026-04-03T01:50:52.145+0600][19.302s][info][gc          ] GC(6) Pause Init Mark (unload classes) 0.096ms
[2026-04-03T01:50:52.145+0600][19.302s][info][gc,start    ] GC(6) Concurrent marking roots
[2026-04-03T01:50:52.145+0600][19.302s][info][gc,task     ] GC(6) Using 3 of 6 workers for concurrent marking roots
[2026-04-03T01:50:52.146+0600][19.303s][info][gc          ] GC(6) Concurrent marking roots 0.585ms
[2026-04-03T01:50:52.146+0600][19.303s][info][gc,start    ] GC(6) Concurrent marking (unload classes)
[2026-04-03T01:50:52.146+0600][19.303s][info][gc,task     ] GC(6) Using 3 of 6 workers for concurrent marking
[2026-04-03T01:50:52.160+0600][19.317s][info][gc          ] GC(6) Concurrent marking (unload classes) 13.964ms
[2026-04-03T01:50:52.160+0600][19.317s][info][gc,start    ] GC(6) Pause Final Mark (unload classes)
[2026-04-03T01:50:52.160+0600][19.317s][info][gc,task     ] GC(6) Using 6 of 6 workers for final marking
[2026-04-03T01:50:52.161+0600][19.317s][info][gc,ergo     ] GC(6) Collectable Garbage: 932M (98%), Immediate: 932M (98%), CSet: 0B (0%)
[2026-04-03T01:50:52.161+0600][19.317s][info][gc          ] GC(6) Pause Final Mark (unload classes) 0.646ms
[2026-04-03T01:50:52.161+0600][19.318s][info][gc,start    ] GC(6) Concurrent weak references
[2026-04-03T01:50:52.161+0600][19.318s][info][gc,task     ] GC(6) Using 3 of 6 workers for concurrent weak references
[2026-04-03T01:50:52.161+0600][19.318s][info][gc,ref      ] GC(6) Encountered references: Soft: 3188, Weak: 4993, Final: 82, Phantom: 603
[2026-04-03T01:50:52.161+0600][19.318s][info][gc,ref      ] GC(6) Discovered  references: Soft: 0, Weak: 2843, Final: 50, Phantom: 573
[2026-04-03T01:50:52.161+0600][19.318s][info][gc,ref      ] GC(6) Enqueued    references: Soft: 0, Weak: 0, Final: 0, Phantom: 0
[2026-04-03T01:50:52.161+0600][19.318s][info][gc          ] GC(6) Concurrent weak references 0.571ms
[2026-04-03T01:50:52.161+0600][19.318s][info][gc,start    ] GC(6) Concurrent weak roots
[2026-04-03T01:50:52.161+0600][19.318s][info][gc,task     ] GC(6) Using 3 of 6 workers for concurrent weak root
[2026-04-03T01:50:52.163+0600][19.320s][info][gc          ] GC(6) Concurrent weak roots 1.798ms
[2026-04-03T01:50:52.163+0600][19.320s][info][gc,start    ] GC(6) Concurrent cleanup
[2026-04-03T01:50:52.164+0600][19.320s][info][gc          ] GC(6) Concurrent cleanup 1007M->75M(1017M) 0.395ms
[2026-04-03T01:50:52.164+0600][19.321s][info][gc,ergo     ] GC(6) Free: 3646M, Max: 1024K regular, 2736M humongous, Frag: 25% external, 0% internal; Reserve: 197M, Max: 1024K
[2026-04-03T01:50:52.164+0600][19.321s][info][gc,start    ] GC(6) Concurrent class unloading
[2026-04-03T01:50:52.164+0600][19.321s][info][gc,task     ] GC(6) Using 3 of 6 workers for concurrent class unloading
[2026-04-03T01:50:52.168+0600][19.325s][info][gc          ] GC(6) Concurrent class unloading 4.705ms
[2026-04-03T01:50:52.169+0600][19.325s][info][gc,start    ] GC(6) Pause Final Roots
[2026-04-03T01:50:52.169+0600][19.326s][info][gc          ] GC(6) Pause Final Roots 0.108ms
[2026-04-03T01:50:52.169+0600][19.326s][info][gc,ergo     ] Free: 3640M, Max: 1024K regular, 2736M humongous, Frag: 25% external, 0% internal; Reserve: 197M, Max: 1024K
[2026-04-03T01:50:52.169+0600][19.326s][info][gc,stats    ] 
[2026-04-03T01:50:52.169+0600][19.326s][info][gc,stats    ] All times are wall-clock times, except per-root-class counters, that are sum over
[2026-04-03T01:50:52.169+0600][19.326s][info][gc,stats    ] all workers. Dividing the <total> over the root stage time estimates parallelism.
[2026-04-03T01:50:52.169+0600][19.326s][info][gc,stats    ] 
[2026-04-03T01:50:52.169+0600][19.326s][info][gc,stats    ] Concurrent Reset                    684 us
[2026-04-03T01:50:52.169+0600][19.326s][info][gc,stats    ] Pause Init Mark (G)                 377 us
[2026-04-03T01:50:52.169+0600][19.326s][info][gc,stats    ] Pause Init Mark (N)                 106 us
[2026-04-03T01:50:52.169+0600][19.326s][info][gc,stats    ]   Update Region States               25 us
[2026-04-03T01:50:52.169+0600][19.326s][info][gc,stats    ] Concurrent Mark Roots               620 us, parallelism: 1.43x
[2026-04-03T01:50:52.169+0600][19.326s][info][gc,stats    ]   CMR: <total>                      887 us
[2026-04-03T01:50:52.169+0600][19.326s][info][gc,stats    ]   CMR: Thread Roots                 720 us, workers (us): 145, 288, 287, ---, ---, ---, 
[2026-04-03T01:50:52.169+0600][19.326s][info][gc,stats    ]   CMR: VM Strong Roots               19 us, workers (us):  17,   0,   1, ---, ---, ---, 
[2026-04-03T01:50:52.169+0600][19.326s][info][gc,stats    ]   CMR: CLDG Roots                   149 us, workers (us): 149, ---, ---, ---, ---, ---, 
[2026-04-03T01:50:52.169+0600][19.326s][info][gc,stats    ] Concurrent Marking                14037 us
[2026-04-03T01:50:52.169+0600][19.326s][info][gc,stats    ] Pause Final Mark (G)                887 us
[2026-04-03T01:50:52.169+0600][19.326s][info][gc,stats    ] Pause Final Mark (N)                665 us
[2026-04-03T01:50:52.169+0600][19.326s][info][gc,stats    ]   Finish Mark                       356 us
[2026-04-03T01:50:52.169+0600][19.326s][info][gc,stats    ]   Update Region States               61 us
[2026-04-03T01:50:52.169+0600][19.326s][info][gc,stats    ]   Choose Collection Set             124 us
[2026-04-03T01:50:52.169+0600][19.326s][info][gc,stats    ]   Rebuild Free Set                   34 us
[2026-04-03T01:50:52.169+0600][19.326s][info][gc,stats    ] Concurrent Weak References          584 us, parallelism: 0.70x
[2026-04-03T01:50:52.169+0600][19.326s][info][gc,stats    ]   CWRF: <total>                     406 us
[2026-04-03T01:50:52.169+0600][19.326s][info][gc,stats    ]   CWRF: Weak References             406 us, workers (us): 327,  65,  14, ---, ---, ---, 
[2026-04-03T01:50:52.169+0600][19.326s][info][gc,stats    ] Concurrent Weak Roots              1862 us
[2026-04-03T01:50:52.169+0600][19.326s][info][gc,stats    ]   Roots                            1562 us, parallelism: 2.49x
[2026-04-03T01:50:52.169+0600][19.326s][info][gc,stats    ]     CWR: <total>                   3890 us
[2026-04-03T01:50:52.169+0600][19.326s][info][gc,stats    ]     CWR: Code Cache Roots          2438 us, workers (us): 786, 823, 828, ---, ---, ---, 
[2026-04-03T01:50:52.169+0600][19.326s][info][gc,stats    ]     CWR: VM Weak Roots             1383 us, workers (us): 479, 477, 427, ---, ---, ---, 
[2026-04-03T01:50:52.169+0600][19.326s][info][gc,stats    ]     CWR: CLDG Roots                  68 us, workers (us):  68, ---, ---, ---, ---, ---, 
[2026-04-03T01:50:52.169+0600][19.326s][info][gc,stats    ]   Rendezvous                        209 us
[2026-04-03T01:50:52.169+0600][19.326s][info][gc,stats    ] Concurrent Cleanup                  415 us
[2026-04-03T01:50:52.169+0600][19.326s][info][gc,stats    ] Concurrent Class Unloading         4774 us
[2026-04-03T01:50:52.169+0600][19.326s][info][gc,stats    ]   Unlink Stale                     4266 us
[2026-04-03T01:50:52.169+0600][19.326s][info][gc,stats    ]     System Dictionary                64 us
[2026-04-03T01:50:52.169+0600][19.326s][info][gc,stats    ]     Weak Class Links                  0 us
[2026-04-03T01:50:52.169+0600][19.326s][info][gc,stats    ]     Code Roots                     4199 us
[2026-04-03T01:50:52.169+0600][19.326s][info][gc,stats    ]   Rendezvous                        253 us
[2026-04-03T01:50:52.169+0600][19.326s][info][gc,stats    ]   Purge Unlinked                    152 us
[2026-04-03T01:50:52.169+0600][19.326s][info][gc,stats    ]     Code Roots                      137 us
[2026-04-03T01:50:52.169+0600][19.326s][info][gc,stats    ]     CLDG                             14 us
[2026-04-03T01:50:52.169+0600][19.326s][info][gc,stats    ]     Exception Caches                  1 us
[2026-04-03T01:50:52.169+0600][19.326s][info][gc,stats    ] Pause Final Roots (G)               388 us
[2026-04-03T01:50:52.169+0600][19.326s][info][gc,stats    ] Pause Final Roots (N)               133 us
[2026-04-03T01:50:52.169+0600][19.326s][info][gc,stats    ] 
[2026-04-03T01:50:52.169+0600][19.326s][info][gc,stats    ] Allocation pacing accrued:
[2026-04-03T01:50:52.169+0600][19.326s][info][gc,stats    ]       0 of   483 ms (  0.0%): <total>
[2026-04-03T01:50:52.169+0600][19.326s][info][gc,stats    ]       0 of   483 ms (  0.0%): <average total>
[2026-04-03T01:50:52.169+0600][19.326s][info][gc,stats    ] 
[2026-04-03T01:50:52.169+0600][19.326s][info][gc,metaspace] Metaspace: 66670K(67648K)->66670K(67648K) NonClass: 58314K(58880K)->58314K(58880K) Class: 8356K(8768K)->8356K(8768K)
[2026-04-03T01:50:52.170+0600][19.326s][info][gc,ergo     ] Pacer for Idle. Initial: 80302K, Alloc Tax Rate: 1.0x
[2026-04-03T01:50:57.533+0600][24.690s][info][gc          ] Trigger: Free (391M) is below minimum threshold (392M)
[2026-04-03T01:50:57.534+0600][24.690s][info][gc,ergo     ] Free: 391M, Max: 1024K regular, 391M humongous, Frag: 0% external, 0% internal; Reserve: 197M, Max: 1024K
[2026-04-03T01:50:57.534+0600][24.690s][info][gc,start    ] GC(7) Concurrent reset
[2026-04-03T01:50:57.534+0600][24.690s][info][gc,task     ] GC(7) Using 3 of 6 workers for concurrent reset
[2026-04-03T01:50:57.534+0600][24.690s][info][gc,ergo     ] GC(7) Pacer for Reset. Non-Taxable: 3921M
[2026-04-03T01:50:57.534+0600][24.691s][info][gc          ] GC(7) Concurrent reset 0.740ms
[2026-04-03T01:50:57.535+0600][24.691s][info][gc,start    ] GC(7) Pause Init Mark (unload classes)
[2026-04-03T01:50:57.535+0600][24.691s][info][gc,task     ] GC(7) Using 6 of 6 workers for init marking
[2026-04-03T01:50:57.535+0600][24.691s][info][gc,ergo     ] GC(7) Pacer for Mark. Expected Live: 31452K, Free: 390M, Non-Taxable: 40023K, Alloc Tax Rate: 0.1x
[2026-04-03T01:50:57.535+0600][24.692s][info][gc          ] GC(7) Pause Init Mark (unload classes) 0.132ms
[2026-04-03T01:50:57.535+0600][24.692s][info][gc,start    ] GC(7) Concurrent marking roots
[2026-04-03T01:50:57.535+0600][24.692s][info][gc,task     ] GC(7) Using 3 of 6 workers for concurrent marking roots
[2026-04-03T01:50:57.536+0600][24.693s][info][gc          ] GC(7) Concurrent marking roots 1.084ms
[2026-04-03T01:50:57.536+0600][24.693s][info][gc,start    ] GC(7) Concurrent marking (unload classes)
[2026-04-03T01:50:57.536+0600][24.693s][info][gc,task     ] GC(7) Using 3 of 6 workers for concurrent marking
[2026-04-03T01:50:58.255+0600][25.412s][info][gc          ] GC(7) Concurrent marking (unload classes) 719.184ms
[2026-04-03T01:50:58.255+0600][25.412s][info][gc,start    ] GC(7) Pause Final Mark (unload classes)
[2026-04-03T01:50:58.255+0600][25.412s][info][gc,task     ] GC(7) Using 6 of 6 workers for final marking
[2026-04-03T01:50:58.256+0600][25.413s][info][gc,ergo     ] GC(7) Adaptive CSet Selection. Target Free: 555M, Actual Free: 1660M, Max CSet: 163M, Min Garbage: 0B
[2026-04-03T01:50:58.257+0600][25.414s][info][gc,ergo     ] GC(7) Collectable Garbage: 2899M (96%), Immediate: 1376M (45%), CSet: 1522M (50%)
[2026-04-03T01:50:58.257+0600][25.414s][info][gc,ergo     ] GC(7) Pacer for Evacuation. Used CSet: 1685M, Free: 1492M, Non-Taxable: 149M, Alloc Tax Rate: 2.8x
[2026-04-03T01:50:58.257+0600][25.414s][info][gc          ] GC(7) Pause Final Mark (unload classes) 1.833ms
[2026-04-03T01:50:58.257+0600][25.414s][info][gc,start    ] GC(7) Concurrent thread roots
[2026-04-03T01:50:58.257+0600][25.414s][info][gc,task     ] GC(7) Using 3 of 6 workers for Concurrent thread roots
[2026-04-03T01:50:58.258+0600][25.415s][info][gc          ] GC(7) Concurrent thread roots 0.859ms
[2026-04-03T01:50:58.258+0600][25.415s][info][gc,start    ] GC(7) Concurrent weak references
[2026-04-03T01:50:58.258+0600][25.415s][info][gc,task     ] GC(7) Using 3 of 6 workers for concurrent weak references
[2026-04-03T01:50:58.260+0600][25.417s][info][gc,ref      ] GC(7) Encountered references: Soft: 3341, Weak: 6267, Final: 82, Phantom: 593
[2026-04-03T01:50:58.260+0600][25.417s][info][gc,ref      ] GC(7) Discovered  references: Soft: 0, Weak: 2646, Final: 48, Phantom: 590
[2026-04-03T01:50:58.260+0600][25.417s][info][gc,ref      ] GC(7) Enqueued    references: Soft: 0, Weak: 546, Final: 0, Phantom: 0
[2026-04-03T01:50:58.260+0600][25.417s][info][gc          ] GC(7) Concurrent weak references 1.764ms
[2026-04-03T01:50:58.260+0600][25.417s][info][gc,start    ] GC(7) Concurrent weak roots
[2026-04-03T01:50:58.260+0600][25.417s][info][gc,task     ] GC(7) Using 3 of 6 workers for concurrent weak root
[2026-04-03T01:50:58.263+0600][25.420s][info][gc          ] GC(7) Concurrent weak roots 3.305ms
[2026-04-03T01:50:58.264+0600][25.420s][info][gc,start    ] GC(7) Concurrent cleanup
[2026-04-03T01:50:58.264+0600][25.421s][info][gc          ] GC(7) Concurrent cleanup 3602M->2225M(3644M) 0.658ms
[2026-04-03T01:50:58.264+0600][25.421s][info][gc,ergo     ] GC(7) Free: 1490M, Max: 1024K regular, 282M humongous, Frag: 82% external, 0% internal; Reserve: 195M, Max: 1024K
[2026-04-03T01:50:58.264+0600][25.421s][info][gc,start    ] GC(7) Concurrent class unloading
[2026-04-03T01:50:58.264+0600][25.421s][info][gc,task     ] GC(7) Using 3 of 6 workers for concurrent class unloading
[2026-04-03T01:50:58.300+0600][25.457s][info][gc          ] GC(7) Concurrent class unloading 35.854ms
[2026-04-03T01:50:58.300+0600][25.457s][info][gc,start    ] GC(7) Concurrent strong roots
[2026-04-03T01:50:58.300+0600][25.457s][info][gc,task     ] GC(7) Using 3 of 6 workers for concurrent strong root
[2026-04-03T01:50:58.301+0600][25.458s][info][gc          ] GC(7) Concurrent strong roots 1.003ms
[2026-04-03T01:50:58.302+0600][25.458s][info][gc,start    ] GC(7) Concurrent evacuation
[2026-04-03T01:50:58.302+0600][25.458s][info][gc,task     ] GC(7) Using 3 of 6 workers for concurrent evacuation
[2026-04-03T01:50:58.546+0600][25.703s][info][gc          ] GC(7) Concurrent evacuation 244.616ms
[2026-04-03T01:50:58.546+0600][25.703s][info][gc,start    ] GC(7) Pause Init Update Refs
[2026-04-03T01:50:58.547+0600][25.703s][info][gc,ergo     ] GC(7) Pacer for Update Refs. Used: 2465M, Free: 1413M, Non-Taxable: 141M, Alloc Tax Rate: 2.1x
[2026-04-03T01:50:58.547+0600][25.703s][info][gc          ] GC(7) Pause Init Update Refs 0.121ms
[2026-04-03T01:50:58.547+0600][25.704s][info][gc,start    ] GC(7) Concurrent update references
[2026-04-03T01:50:58.547+0600][25.704s][info][gc,task     ] GC(7) Using 3 of 6 workers for concurrent reference update
[2026-04-03T01:50:59.035+0600][26.192s][info][gc          ] GC(7) Concurrent update references 488.578ms
[2026-04-03T01:50:59.035+0600][26.192s][info][gc,start    ] GC(7) Concurrent update thread roots
[2026-04-03T01:50:59.036+0600][26.193s][info][gc          ] GC(7) Concurrent update thread roots 0.962ms
[2026-04-03T01:50:59.037+0600][26.193s][info][gc,start    ] GC(7) Pause Final Update Refs
[2026-04-03T01:50:59.037+0600][26.194s][info][gc,task     ] GC(7) Using 6 of 6 workers for final reference update
[2026-04-03T01:50:59.037+0600][26.194s][info][gc          ] GC(7) Pause Final Update Refs 0.384ms
[2026-04-03T01:50:59.037+0600][26.194s][info][gc,start    ] GC(7) Concurrent cleanup
[2026-04-03T01:50:59.038+0600][26.195s][info][gc          ] GC(7) Concurrent cleanup 2697M->1011M(3806M) 0.752ms
[2026-04-03T01:50:59.038+0600][26.195s][info][gc,ergo     ] Free: 2701M, Max: 1024K regular, 1244M humongous, Frag: 54% external, 0% internal; Reserve: 197M, Max: 1024K
[2026-04-03T01:50:59.038+0600][26.195s][info][gc,stats    ] 
[2026-04-03T01:50:59.038+0600][26.195s][info][gc,stats    ] All times are wall-clock times, except per-root-class counters, that are sum over
[2026-04-03T01:50:59.038+0600][26.195s][info][gc,stats    ] all workers. Dividing the <total> over the root stage time estimates parallelism.
[2026-04-03T01:50:59.038+0600][26.195s][info][gc,stats    ] 
[2026-04-03T01:50:59.038+0600][26.195s][info][gc,stats    ] Concurrent Reset                    784 us
[2026-04-03T01:50:59.038+0600][26.195s][info][gc,stats    ] Pause Init Mark (G)                 432 us
[2026-04-03T01:50:59.038+0600][26.195s][info][gc,stats    ] Pause Init Mark (N)                 147 us
[2026-04-03T01:50:59.038+0600][26.195s][info][gc,stats    ]   Update Region States               34 us
[2026-04-03T01:50:59.038+0600][26.195s][info][gc,stats    ] Concurrent Mark Roots              1125 us, parallelism: 1.95x
[2026-04-03T01:50:59.038+0600][26.195s][info][gc,stats    ]   CMR: <total>                     2190 us
[2026-04-03T01:50:59.038+0600][26.195s][info][gc,stats    ]   CMR: Thread Roots                1653 us, workers (us): 618, 408, 627, ---, ---, ---, 
[2026-04-03T01:50:59.038+0600][26.195s][info][gc,stats    ]   CMR: VM Strong Roots              314 us, workers (us): 162,  77,  75, ---, ---, ---, 
[2026-04-03T01:50:59.038+0600][26.195s][info][gc,stats    ]   CMR: CLDG Roots                   223 us, workers (us): ---, 223, ---, ---, ---, ---, 
[2026-04-03T01:50:59.038+0600][26.195s][info][gc,stats    ] Concurrent Marking               719311 us
[2026-04-03T01:50:59.038+0600][26.195s][info][gc,stats    ] Pause Final Mark (G)               2209 us
[2026-04-03T01:50:59.038+0600][26.195s][info][gc,stats    ] Pause Final Mark (N)               1859 us
[2026-04-03T01:50:59.038+0600][26.195s][info][gc,stats    ]   Finish Mark                       530 us
[2026-04-03T01:50:59.038+0600][26.195s][info][gc,stats    ]   Update Region States              114 us
[2026-04-03T01:50:59.038+0600][26.195s][info][gc,stats    ]   Choose Collection Set             990 us
[2026-04-03T01:50:59.038+0600][26.195s][info][gc,stats    ]   Rebuild Free Set                   60 us
[2026-04-03T01:50:59.038+0600][26.195s][info][gc,stats    ] Concurrent Thread Roots             947 us, parallelism: 2.03x
[2026-04-03T01:50:59.038+0600][26.195s][info][gc,stats    ]   CTR: <total>                     1926 us
[2026-04-03T01:50:59.038+0600][26.195s][info][gc,stats    ]   CTR: Thread Roots                1926 us, workers (us): 664, 633, 629, ---, ---, ---, 
[2026-04-03T01:50:59.038+0600][26.195s][info][gc,stats    ] Concurrent Weak References         1801 us, parallelism: 0.83x
[2026-04-03T01:50:59.039+0600][26.195s][info][gc,stats    ]   CWRF: <total>                    1487 us
[2026-04-03T01:50:59.039+0600][26.195s][info][gc,stats    ]   CWRF: Weak References            1487 us, workers (us): 215, 1270,   2, ---, ---, ---, 
[2026-04-03T01:50:59.039+0600][26.195s][info][gc,stats    ] Concurrent Weak Roots              3426 us
[2026-04-03T01:50:59.039+0600][26.195s][info][gc,stats    ]   Roots                            3067 us, parallelism: 2.57x
[2026-04-03T01:50:59.039+0600][26.195s][info][gc,stats    ]     CWR: <total>                   7868 us
[2026-04-03T01:50:59.039+0600][26.195s][info][gc,stats    ]     CWR: Code Cache Roots          3570 us, workers (us): 1243, 1112, 1216, ---, ---, ---, 
[2026-04-03T01:50:59.039+0600][26.195s][info][gc,stats    ]     CWR: VM Weak Roots             4207 us, workers (us): 1447, 1327, 1433, ---, ---, ---, 
[2026-04-03T01:50:59.039+0600][26.196s][info][gc,stats    ]     CWR: CLDG Roots                  91 us, workers (us): ---,  91, ---, ---, ---, ---, 
[2026-04-03T01:50:59.039+0600][26.196s][info][gc,stats    ]   Rendezvous                        202 us
[2026-04-03T01:50:59.039+0600][26.196s][info][gc,stats    ] Concurrent Cleanup                  723 us
[2026-04-03T01:50:59.039+0600][26.196s][info][gc,stats    ] Concurrent Class Unloading        35971 us
[2026-04-03T01:50:59.039+0600][26.196s][info][gc,stats    ]   Unlink Stale                    28213 us
[2026-04-03T01:50:59.039+0600][26.196s][info][gc,stats    ]     System Dictionary               651 us
[2026-04-03T01:50:59.039+0600][26.196s][info][gc,stats    ]     Weak Class Links              19488 us
[2026-04-03T01:50:59.039+0600][26.196s][info][gc,stats    ]     Code Roots                     8066 us
[2026-04-03T01:50:59.039+0600][26.196s][info][gc,stats    ]   Rendezvous                        330 us
[2026-04-03T01:50:59.039+0600][26.196s][info][gc,stats    ]   Purge Unlinked                   7260 us
[2026-04-03T01:50:59.039+0600][26.196s][info][gc,stats    ]     Code Roots                     7079 us
[2026-04-03T01:50:59.039+0600][26.196s][info][gc,stats    ]     CLDG                            179 us
[2026-04-03T01:50:59.039+0600][26.196s][info][gc,stats    ]     Exception Caches                  0 us
[2026-04-03T01:50:59.039+0600][26.196s][info][gc,stats    ] Concurrent Strong Roots            1104 us, parallelism: 0.60x
[2026-04-03T01:50:59.039+0600][26.196s][info][gc,stats    ]   CSR: <total>                      667 us
[2026-04-03T01:50:59.039+0600][26.196s][info][gc,stats    ]   CSR: VM Strong Roots               93 us, workers (us):  47,  46,   0, ---, ---, ---, 
[2026-04-03T01:50:59.039+0600][26.196s][info][gc,stats    ]   CSR: CLDG Roots                   574 us, workers (us): ---, 574, ---, ---, ---, ---, 
[2026-04-03T01:50:59.039+0600][26.196s][info][gc,stats    ] Concurrent Evacuation            244758 us
[2026-04-03T01:50:59.039+0600][26.196s][info][gc,stats    ] Pause Init Update Refs (G)          395 us
[2026-04-03T01:50:59.039+0600][26.196s][info][gc,stats    ] Pause Init Update Refs (N)          143 us
[2026-04-03T01:50:59.039+0600][26.196s][info][gc,stats    ]   Manage GCLABs                      24 us
[2026-04-03T01:50:59.039+0600][26.196s][info][gc,stats    ] Concurrent Update Refs           488707 us
[2026-04-03T01:50:59.039+0600][26.196s][info][gc,stats    ] Concurrent Update Thread Roots     1032 us
[2026-04-03T01:50:59.039+0600][26.196s][info][gc,stats    ] Pause Final Update Refs (G)         752 us
[2026-04-03T01:50:59.039+0600][26.196s][info][gc,stats    ] Pause Final Update Refs (N)         416 us
[2026-04-03T01:50:59.039+0600][26.196s][info][gc,stats    ]   Update Region States               96 us
[2026-04-03T01:50:59.039+0600][26.196s][info][gc,stats    ]   Trash Collection Set               54 us
[2026-04-03T01:50:59.039+0600][26.196s][info][gc,stats    ]   Rebuild Free Set                   72 us
[2026-04-03T01:50:59.039+0600][26.196s][info][gc,stats    ] Concurrent Cleanup                  799 us
[2026-04-03T01:50:59.039+0600][26.196s][info][gc,stats    ] 
[2026-04-03T01:50:59.039+0600][26.196s][info][gc,stats    ] Allocation pacing accrued:
[2026-04-03T01:50:59.039+0600][26.196s][info][gc,stats    ]       0 of  6870 ms (  0.0%): <total>
[2026-04-03T01:50:59.039+0600][26.196s][info][gc,stats    ]       0 of  6870 ms (  0.0%): <average total>
[2026-04-03T01:50:59.039+0600][26.196s][info][gc,stats    ] 
[2026-04-03T01:50:59.039+0600][26.196s][info][gc,metaspace] Metaspace: 69363K(70208K)->69636K(70400K) NonClass: 60536K(60992K)->60759K(61184K) Class: 8827K(9216K)->8876K(9216K)
[2026-04-03T01:50:59.039+0600][26.196s][info][gc,ergo     ] Pacer for Idle. Initial: 80302K, Alloc Tax Rate: 1.0x
[2026-04-03T01:51:01.761+0600][28.918s][info][gc          ] Trigger: Average GC time (2094.43 ms) is above the time for average allocation rate (1056 MB/s) to deplete free headroom (1782M) (margin of error = 1.80)
[2026-04-03T01:51:01.762+0600][28.918s][info][gc,ergo     ] Free headroom: 1978M (free) - 196M (spike) - 0B (penalties) = 1782M
[2026-04-03T01:51:01.762+0600][28.919s][info][gc,ergo     ] Free: 1977M, Max: 1024K regular, 523M humongous, Frag: 74% external, 0% internal; Reserve: 197M, Max: 1024K
[2026-04-03T01:51:01.762+0600][28.919s][info][gc,start    ] GC(8) Concurrent reset
[2026-04-03T01:51:01.762+0600][28.919s][info][gc,task     ] GC(8) Using 3 of 6 workers for concurrent reset
[2026-04-03T01:51:01.762+0600][28.919s][info][gc,ergo     ] GC(8) Pacer for Reset. Non-Taxable: 3921M
[2026-04-03T01:51:01.769+0600][28.926s][info][gc          ] GC(8) Concurrent reset 7.198ms
[2026-04-03T01:51:01.769+0600][28.926s][info][gc,start    ] GC(8) Pause Init Mark (unload classes)
[2026-04-03T01:51:01.769+0600][28.926s][info][gc,task     ] GC(8) Using 6 of 6 workers for init marking
[2026-04-03T01:51:01.769+0600][28.926s][info][gc,ergo     ] GC(8) Pacer for Mark. Expected Live: 87044K, Free: 1971M, Non-Taxable: 197M, Alloc Tax Rate: 0.1x
[2026-04-03T01:51:01.769+0600][28.926s][info][gc          ] GC(8) Pause Init Mark (unload classes) 0.209ms
[2026-04-03T01:51:01.770+0600][28.926s][info][gc,start    ] GC(8) Concurrent marking roots
[2026-04-03T01:51:01.770+0600][28.926s][info][gc,task     ] GC(8) Using 3 of 6 workers for concurrent marking roots
[2026-04-03T01:51:01.771+0600][28.928s][info][gc          ] GC(8) Concurrent marking roots 1.090ms
[2026-04-03T01:51:01.771+0600][28.928s][info][gc,start    ] GC(8) Concurrent marking (unload classes)
[2026-04-03T01:51:01.771+0600][28.928s][info][gc,task     ] GC(8) Using 3 of 6 workers for concurrent marking
[2026-04-03T01:51:02.230+0600][29.386s][info][gc          ] GC(8) Concurrent marking (unload classes) 458.799ms
[2026-04-03T01:51:02.230+0600][29.387s][info][gc,start    ] GC(8) Pause Final Mark (unload classes)
[2026-04-03T01:51:02.230+0600][29.387s][info][gc,task     ] GC(8) Using 6 of 6 workers for final marking
[2026-04-03T01:51:02.231+0600][29.387s][info][gc,ergo     ] GC(8) Adaptive CSet Selection. Target Free: 555M, Actual Free: 2744M, Max CSet: 163M, Min Garbage: 0B
[2026-04-03T01:51:02.231+0600][29.388s][info][gc,ergo     ] GC(8) Collectable Garbage: 1453M (99%), Immediate: 883M (60%), CSet: 570M (39%)
[2026-04-03T01:51:02.231+0600][29.388s][info][gc,ergo     ] GC(8) Pacer for Evacuation. Used CSet: 692M, Free: 2584M, Non-Taxable: 258M, Alloc Tax Rate: 1.1x
[2026-04-03T01:51:02.231+0600][29.388s][info][gc          ] GC(8) Pause Final Mark (unload classes) 1.137ms
[2026-04-03T01:51:02.231+0600][29.388s][info][gc,start    ] GC(8) Concurrent thread roots
[2026-04-03T01:51:02.231+0600][29.388s][info][gc,task     ] GC(8) Using 3 of 6 workers for Concurrent thread roots
[2026-04-03T01:51:02.232+0600][29.389s][info][gc          ] GC(8) Concurrent thread roots 0.945ms
[2026-04-03T01:51:02.232+0600][29.389s][info][gc,start    ] GC(8) Concurrent weak references
[2026-04-03T01:51:02.232+0600][29.389s][info][gc,task     ] GC(8) Using 3 of 6 workers for concurrent weak references
[2026-04-03T01:51:02.234+0600][29.390s][info][gc,ref      ] GC(8) Encountered references: Soft: 3369, Weak: 6254, Final: 82, Phantom: 594
[2026-04-03T01:51:02.234+0600][29.391s][info][gc,ref      ] GC(8) Discovered  references: Soft: 0, Weak: 3335, Final: 64, Phantom: 592
[2026-04-03T01:51:02.234+0600][29.391s][info][gc,ref      ] GC(8) Enqueued    references: Soft: 0, Weak: 256, Final: 0, Phantom: 0
[2026-04-03T01:51:02.234+0600][29.391s][info][gc          ] GC(8) Concurrent weak references 1.542ms
[2026-04-03T01:51:02.234+0600][29.391s][info][gc,start    ] GC(8) Concurrent weak roots
[2026-04-03T01:51:02.234+0600][29.391s][info][gc,task     ] GC(8) Using 3 of 6 workers for concurrent weak root
[2026-04-03T01:51:02.237+0600][29.394s][info][gc          ] GC(8) Concurrent weak roots 2.933ms
[2026-04-03T01:51:02.237+0600][29.394s][info][gc,start    ] GC(8) Concurrent cleanup
[2026-04-03T01:51:02.237+0600][29.394s][info][gc          ] GC(8) Concurrent cleanup 2016M->1134M(3806M) 0.590ms
[2026-04-03T01:51:02.238+0600][29.394s][info][gc,ergo     ] GC(8) Free: 2579M, Max: 1024K regular, 1039M humongous, Frag: 60% external, 0% internal; Reserve: 195M, Max: 1024K
[2026-04-03T01:51:02.238+0600][29.394s][info][gc,start    ] GC(8) Concurrent class unloading
[2026-04-03T01:51:02.238+0600][29.394s][info][gc,task     ] GC(8) Using 3 of 6 workers for concurrent class unloading
[2026-04-03T01:51:02.248+0600][29.405s][info][gc          ] GC(8) Concurrent class unloading 10.617ms
[2026-04-03T01:51:02.248+0600][29.405s][info][gc,start    ] GC(8) Concurrent strong roots
[2026-04-03T01:51:02.248+0600][29.405s][info][gc,task     ] GC(8) Using 3 of 6 workers for concurrent strong root
[2026-04-03T01:51:02.250+0600][29.407s][info][gc          ] GC(8) Concurrent strong roots 1.530ms
[2026-04-03T01:51:02.250+0600][29.407s][info][gc,start    ] GC(8) Concurrent evacuation
[2026-04-03T01:51:02.250+0600][29.407s][info][gc,task     ] GC(8) Using 3 of 6 workers for concurrent evacuation
[2026-04-03T01:51:02.371+0600][29.527s][info][gc          ] GC(8) Concurrent evacuation 120.516ms
[2026-04-03T01:51:02.371+0600][29.528s][info][gc,start    ] GC(8) Pause Init Update Refs
[2026-04-03T01:51:02.371+0600][29.528s][info][gc,ergo     ] GC(8) Pacer for Update Refs. Used: 1334M, Free: 2505M, Non-Taxable: 250M, Alloc Tax Rate: 1.1x
[2026-04-03T01:51:02.371+0600][29.528s][info][gc          ] GC(8) Pause Init Update Refs 0.132ms
[2026-04-03T01:51:02.371+0600][29.528s][info][gc,start    ] GC(8) Concurrent update references
[2026-04-03T01:51:02.371+0600][29.528s][info][gc,task     ] GC(8) Using 3 of 6 workers for concurrent reference update
[2026-04-03T01:51:02.694+0600][29.851s][info][gc          ] GC(8) Concurrent update references 322.790ms
[2026-04-03T01:51:02.694+0600][29.851s][info][gc,start    ] GC(8) Concurrent update thread roots
[2026-04-03T01:51:02.695+0600][29.852s][info][gc          ] GC(8) Concurrent update thread roots 0.994ms
[2026-04-03T01:51:02.695+0600][29.852s][info][gc,start    ] GC(8) Pause Final Update Refs
[2026-04-03T01:51:02.695+0600][29.852s][info][gc,task     ] GC(8) Using 6 of 6 workers for final reference update
[2026-04-03T01:51:02.696+0600][29.852s][info][gc          ] GC(8) Pause Final Update Refs 0.439ms
[2026-04-03T01:51:02.696+0600][29.853s][info][gc,start    ] GC(8) Concurrent cleanup
[2026-04-03T01:51:02.696+0600][29.853s][info][gc          ] GC(8) Concurrent cleanup 1509M->817M(3872M) 0.451ms
[2026-04-03T01:51:02.696+0600][29.853s][info][gc,ergo     ] Free: 2895M, Max: 1024K regular, 1314M humongous, Frag: 55% external, 0% internal; Reserve: 197M, Max: 1024K
[2026-04-03T01:51:02.696+0600][29.853s][info][gc,stats    ] 
[2026-04-03T01:51:02.696+0600][29.853s][info][gc,stats    ] All times are wall-clock times, except per-root-class counters, that are sum over
[2026-04-03T01:51:02.696+0600][29.853s][info][gc,stats    ] all workers. Dividing the <total> over the root stage time estimates parallelism.
[2026-04-03T01:51:02.696+0600][29.853s][info][gc,stats    ] 
[2026-04-03T01:51:02.696+0600][29.853s][info][gc,stats    ] Concurrent Reset                   7315 us
[2026-04-03T01:51:02.696+0600][29.853s][info][gc,stats    ] Pause Init Mark (G)                 551 us
[2026-04-03T01:51:02.696+0600][29.853s][info][gc,stats    ] Pause Init Mark (N)                 235 us
[2026-04-03T01:51:02.696+0600][29.853s][info][gc,stats    ]   Update Region States               52 us
[2026-04-03T01:51:02.696+0600][29.853s][info][gc,stats    ] Concurrent Mark Roots              1168 us, parallelism: 1.76x
[2026-04-03T01:51:02.696+0600][29.853s][info][gc,stats    ]   CMR: <total>                     2061 us
[2026-04-03T01:51:02.696+0600][29.853s][info][gc,stats    ]   CMR: Thread Roots                1558 us, workers (us): 674, 530, 353, ---, ---, ---, 
[2026-04-03T01:51:02.696+0600][29.853s][info][gc,stats    ]   CMR: VM Strong Roots              207 us, workers (us):  60, 147,   1, ---, ---, ---, 
[2026-04-03T01:51:02.696+0600][29.853s][info][gc,stats    ]   CMR: CLDG Roots                   296 us, workers (us): ---, ---, 296, ---, ---, ---, 
[2026-04-03T01:51:02.697+0600][29.853s][info][gc,stats    ] Concurrent Marking               458927 us
[2026-04-03T01:51:02.697+0600][29.853s][info][gc,stats    ] Pause Final Mark (G)               1515 us
[2026-04-03T01:51:02.697+0600][29.853s][info][gc,stats    ] Pause Final Mark (N)               1156 us
[2026-04-03T01:51:02.697+0600][29.853s][info][gc,stats    ]   Finish Mark                       312 us
[2026-04-03T01:51:02.697+0600][29.853s][info][gc,stats    ]   Update Region States               85 us
[2026-04-03T01:51:02.697+0600][29.853s][info][gc,stats    ]   Choose Collection Set             441 us
[2026-04-03T01:51:02.697+0600][29.853s][info][gc,stats    ]   Rebuild Free Set                   80 us
[2026-04-03T01:51:02.697+0600][29.853s][info][gc,stats    ] Concurrent Thread Roots            1031 us, parallelism: 1.88x
[2026-04-03T01:51:02.697+0600][29.853s][info][gc,stats    ]   CTR: <total>                     1934 us
[2026-04-03T01:51:02.697+0600][29.854s][info][gc,stats    ]   CTR: Thread Roots                1934 us, workers (us): 663, 658, 613, ---, ---, ---, 
[2026-04-03T01:51:02.697+0600][29.854s][info][gc,stats    ] Concurrent Weak References         1562 us, parallelism: 0.93x
[2026-04-03T01:51:02.697+0600][29.854s][info][gc,stats    ]   CWRF: <total>                    1448 us
[2026-04-03T01:51:02.697+0600][29.854s][info][gc,stats    ]   CWRF: Weak References            1448 us, workers (us): 166,  38, 1243, ---, ---, ---, 
[2026-04-03T01:51:02.697+0600][29.854s][info][gc,stats    ] Concurrent Weak Roots              3058 us
[2026-04-03T01:51:02.697+0600][29.854s][info][gc,stats    ]   Roots                            2667 us, parallelism: 2.54x
[2026-04-03T01:51:02.697+0600][29.854s][info][gc,stats    ]     CWR: <total>                   6774 us
[2026-04-03T01:51:02.697+0600][29.854s][info][gc,stats    ]     CWR: Code Cache Roots          3937 us, workers (us): 1301, 1314, 1321, ---, ---, ---, 
[2026-04-03T01:51:02.697+0600][29.854s][info][gc,stats    ]     CWR: VM Weak Roots             2681 us, workers (us): 912, 911, 858, ---, ---, ---, 
[2026-04-03T01:51:02.697+0600][29.854s][info][gc,stats    ]     CWR: CLDG Roots                 156 us, workers (us): ---, ---, 156, ---, ---, ---, 
[2026-04-03T01:51:02.697+0600][29.854s][info][gc,stats    ]   Rendezvous                        227 us
[2026-04-03T01:51:02.697+0600][29.854s][info][gc,stats    ] Concurrent Cleanup                  621 us
[2026-04-03T01:51:02.697+0600][29.854s][info][gc,stats    ] Concurrent Class Unloading        10760 us
[2026-04-03T01:51:02.697+0600][29.854s][info][gc,stats    ]   Unlink Stale                     7707 us
[2026-04-03T01:51:02.697+0600][29.854s][info][gc,stats    ]     System Dictionary               161 us
[2026-04-03T01:51:02.697+0600][29.854s][info][gc,stats    ]     Weak Class Links                  1 us
[2026-04-03T01:51:02.697+0600][29.854s][info][gc,stats    ]     Code Roots                     7540 us
[2026-04-03T01:51:02.697+0600][29.854s][info][gc,stats    ]   Rendezvous                        226 us
[2026-04-03T01:51:02.697+0600][29.854s][info][gc,stats    ]   Purge Unlinked                   2635 us
[2026-04-03T01:51:02.697+0600][29.854s][info][gc,stats    ]     Code Roots                     2597 us
[2026-04-03T01:51:02.697+0600][29.854s][info][gc,stats    ]     CLDG                             36 us
[2026-04-03T01:51:02.697+0600][29.854s][info][gc,stats    ]     Exception Caches                  1 us
[2026-04-03T01:51:02.697+0600][29.854s][info][gc,stats    ] Concurrent Strong Roots            1623 us, parallelism: 0.71x
[2026-04-03T01:51:02.697+0600][29.854s][info][gc,stats    ]   CSR: <total>                     1151 us
[2026-04-03T01:51:02.697+0600][29.854s][info][gc,stats    ]   CSR: VM Strong Roots               45 us, workers (us):  22,  23,   0, ---, ---, ---, 
[2026-04-03T01:51:02.697+0600][29.854s][info][gc,stats    ]   CSR: CLDG Roots                  1106 us, workers (us): 1106, ---, ---, ---, ---, ---, 
[2026-04-03T01:51:02.697+0600][29.854s][info][gc,stats    ] Concurrent Evacuation            120630 us
[2026-04-03T01:51:02.697+0600][29.854s][info][gc,stats    ] Pause Init Update Refs (G)          394 us
[2026-04-03T01:51:02.697+0600][29.854s][info][gc,stats    ] Pause Init Update Refs (N)          152 us
[2026-04-03T01:51:02.697+0600][29.854s][info][gc,stats    ]   Manage GCLABs                      53 us
[2026-04-03T01:51:02.697+0600][29.854s][info][gc,stats    ] Concurrent Update Refs           322911 us
[2026-04-03T01:51:02.697+0600][29.854s][info][gc,stats    ] Concurrent Update Thread Roots     1085 us
[2026-04-03T01:51:02.697+0600][29.854s][info][gc,stats    ] Pause Final Update Refs (G)         705 us
[2026-04-03T01:51:02.697+0600][29.854s][info][gc,stats    ] Pause Final Update Refs (N)         481 us
[2026-04-03T01:51:02.697+0600][29.854s][info][gc,stats    ]   Update Region States               86 us
[2026-04-03T01:51:02.697+0600][29.854s][info][gc,stats    ]   Trash Collection Set              154 us
[2026-04-03T01:51:02.697+0600][29.854s][info][gc,stats    ]   Rebuild Free Set                   64 us
[2026-04-03T01:51:02.697+0600][29.854s][info][gc,stats    ] Concurrent Cleanup                  491 us
[2026-04-03T01:51:02.697+0600][29.854s][info][gc,stats    ] 
[2026-04-03T01:51:02.697+0600][29.854s][info][gc,stats    ] Allocation pacing accrued:
[2026-04-03T01:51:02.697+0600][29.854s][info][gc,stats    ]       0 of  3658 ms (  0.0%): <total>
[2026-04-03T01:51:02.697+0600][29.854s][info][gc,stats    ]       0 of  3658 ms (  0.0%): <average total>
[2026-04-03T01:51:02.697+0600][29.854s][info][gc,stats    ] 
[2026-04-03T01:51:02.697+0600][29.854s][info][gc,metaspace] Metaspace: 70071K(70848K)->70085K(70848K) NonClass: 61120K(61568K)->61134K(61568K) Class: 8950K(9280K)->8951K(9280K)
[2026-04-03T01:51:02.697+0600][29.854s][info][gc,ergo     ] Pacer for Idle. Initial: 80302K, Alloc Tax Rate: 1.0x
[2026-04-03T01:51:08.026+0600][35.183s][info][gc          ] Trigger: Average GC time (1809.76 ms) is above the time for average allocation rate (583 MB/s) to deplete free headroom (886M) (margin of error = 1.82)
[2026-04-03T01:51:08.026+0600][35.183s][info][gc,ergo     ] Free headroom: 1082M (free) - 196M (spike) - 0B (penalties) = 886M
[2026-04-03T01:51:08.026+0600][35.183s][info][gc,ergo     ] Free: 1082M, Max: 1024K regular, 1081M humongous, Frag: 0% external, 0% internal; Reserve: 197M, Max: 1024K
[2026-04-03T01:51:08.026+0600][35.183s][info][gc,start    ] GC(9) Concurrent reset
[2026-04-03T01:51:08.026+0600][35.183s][info][gc,task     ] GC(9) Using 3 of 6 workers for concurrent reset
[2026-04-03T01:51:08.026+0600][35.183s][info][gc,ergo     ] GC(9) Pacer for Reset. Non-Taxable: 3921M
[2026-04-03T01:51:08.031+0600][35.188s][info][gc          ] GC(9) Concurrent reset 5.301ms
[2026-04-03T01:51:08.032+0600][35.188s][info][gc,start    ] GC(9) Pause Init Mark (unload classes)
[2026-04-03T01:51:08.032+0600][35.189s][info][gc,task     ] GC(9) Using 6 of 6 workers for init marking
[2026-04-03T01:51:08.032+0600][35.189s][info][gc,ergo     ] GC(9) Pacer for Mark. Expected Live: 129M, Free: 1079M, Non-Taxable: 107M, Alloc Tax Rate: 0.1x
[2026-04-03T01:51:08.032+0600][35.189s][info][gc          ] GC(9) Pause Init Mark (unload classes) 0.198ms
[2026-04-03T01:51:08.032+0600][35.189s][info][gc,start    ] GC(9) Concurrent marking roots
[2026-04-03T01:51:08.032+0600][35.189s][info][gc,task     ] GC(9) Using 3 of 6 workers for concurrent marking roots
[2026-04-03T01:51:08.033+0600][35.190s][info][gc          ] GC(9) Concurrent marking roots 1.015ms
[2026-04-03T01:51:08.033+0600][35.190s][info][gc,start    ] GC(9) Concurrent marking (unload classes)
[2026-04-03T01:51:08.033+0600][35.190s][info][gc,task     ] GC(9) Using 3 of 6 workers for concurrent marking
[2026-04-03T01:51:08.332+0600][35.489s][info][gc          ] GC(9) Concurrent marking (unload classes) 299.099ms
[2026-04-03T01:51:08.332+0600][35.489s][info][gc,start    ] GC(9) Pause Final Mark (unload classes)
[2026-04-03T01:51:08.333+0600][35.489s][info][gc,task     ] GC(9) Using 6 of 6 workers for final marking
[2026-04-03T01:51:08.333+0600][35.490s][info][gc,ergo     ] GC(9) Adaptive CSet Selection. Target Free: 555M, Actual Free: 3137M, Max CSet: 163M, Min Garbage: 0B
[2026-04-03T01:51:08.333+0600][35.490s][info][gc,ergo     ] GC(9) Collectable Garbage: 2388M (99%), Immediate: 2025M (84%), CSet: 362M (15%)
[2026-04-03T01:51:08.333+0600][35.490s][info][gc,ergo     ] GC(9) Pacer for Evacuation. Used CSet: 404M, Free: 3003M, Non-Taxable: 300M, Alloc Tax Rate: 1.1x
[2026-04-03T01:51:08.333+0600][35.490s][info][gc          ] GC(9) Pause Final Mark (unload classes) 0.796ms
[2026-04-03T01:51:08.333+0600][35.490s][info][gc,start    ] GC(9) Concurrent thread roots
[2026-04-03T01:51:08.333+0600][35.490s][info][gc,task     ] GC(9) Using 3 of 6 workers for Concurrent thread roots
[2026-04-03T01:51:08.334+0600][35.491s][info][gc          ] GC(9) Concurrent thread roots 0.969ms
[2026-04-03T01:51:08.334+0600][35.491s][info][gc,start    ] GC(9) Concurrent weak references
[2026-04-03T01:51:08.334+0600][35.491s][info][gc,task     ] GC(9) Using 3 of 6 workers for concurrent weak references
[2026-04-03T01:51:08.335+0600][35.492s][info][gc,ref      ] GC(9) Encountered references: Soft: 3465, Weak: 6775, Final: 82, Phantom: 597
[2026-04-03T01:51:08.335+0600][35.492s][info][gc,ref      ] GC(9) Discovered  references: Soft: 0, Weak: 1403, Final: 0, Phantom: 594
[2026-04-03T01:51:08.335+0600][35.492s][info][gc,ref      ] GC(9) Enqueued    references: Soft: 0, Weak: 547, Final: 0, Phantom: 0
[2026-04-03T01:51:08.335+0600][35.492s][info][gc          ] GC(9) Concurrent weak references 0.795ms
[2026-04-03T01:51:08.335+0600][35.492s][info][gc,start    ] GC(9) Concurrent weak roots
[2026-04-03T01:51:08.335+0600][35.492s][info][gc,task     ] GC(9) Using 3 of 6 workers for concurrent weak root
[2026-04-03T01:51:08.339+0600][35.496s][info][gc          ] GC(9) Concurrent weak roots 3.909ms
[2026-04-03T01:51:08.339+0600][35.496s][info][gc,start    ] GC(9) Concurrent cleanup
[2026-04-03T01:51:08.340+0600][35.497s][info][gc          ] GC(9) Concurrent cleanup 2741M->715M(3872M) 0.894ms
[2026-04-03T01:51:08.340+0600][35.497s][info][gc,ergo     ] GC(9) Free: 3001M, Max: 1024K regular, 993M humongous, Frag: 67% external, 0% internal; Reserve: 196M, Max: 1024K
[2026-04-03T01:51:08.340+0600][35.497s][info][gc,start    ] GC(9) Concurrent class unloading
[2026-04-03T01:51:08.340+0600][35.497s][info][gc,task     ] GC(9) Using 3 of 6 workers for concurrent class unloading
[2026-04-03T01:51:08.371+0600][35.528s][info][gc          ] GC(9) Concurrent class unloading 31.036ms
[2026-04-03T01:51:08.372+0600][35.528s][info][gc,start    ] GC(9) Concurrent strong roots
[2026-04-03T01:51:08.372+0600][35.528s][info][gc,task     ] GC(9) Using 3 of 6 workers for concurrent strong root
[2026-04-03T01:51:08.373+0600][35.530s][info][gc          ] GC(9) Concurrent strong roots 1.447ms
[2026-04-03T01:51:08.373+0600][35.530s][info][gc,start    ] GC(9) Concurrent evacuation
[2026-04-03T01:51:08.373+0600][35.530s][info][gc,task     ] GC(9) Using 3 of 6 workers for concurrent evacuation
[2026-04-03T01:51:08.413+0600][35.570s][info][gc          ] GC(9) Concurrent evacuation 39.841ms
[2026-04-03T01:51:08.413+0600][35.570s][info][gc,start    ] GC(9) Pause Init Update Refs
[2026-04-03T01:51:08.413+0600][35.570s][info][gc,ergo     ] GC(9) Pacer for Update Refs. Used: 795M, Free: 2964M, Non-Taxable: 296M, Alloc Tax Rate: 1.1x
[2026-04-03T01:51:08.413+0600][35.570s][info][gc          ] GC(9) Pause Init Update Refs 0.203ms
[2026-04-03T01:51:08.414+0600][35.571s][info][gc,start    ] GC(9) Concurrent update references
[2026-04-03T01:51:08.414+0600][35.571s][info][gc,task     ] GC(9) Using 3 of 6 workers for concurrent reference update
[2026-04-03T01:51:08.578+0600][35.735s][info][gc          ] GC(9) Concurrent update references 164.205ms
[2026-04-03T01:51:08.578+0600][35.735s][info][gc,start    ] GC(9) Concurrent update thread roots
[2026-04-03T01:51:08.579+0600][35.736s][info][gc          ] GC(9) Concurrent update thread roots 0.894ms
[2026-04-03T01:51:08.579+0600][35.736s][info][gc,start    ] GC(9) Pause Final Update Refs
[2026-04-03T01:51:08.579+0600][35.736s][info][gc,task     ] GC(9) Using 6 of 6 workers for final reference update
[2026-04-03T01:51:08.579+0600][35.736s][info][gc          ] GC(9) Pause Final Update Refs 0.308ms
[2026-04-03T01:51:08.580+0600][35.736s][info][gc,start    ] GC(9) Concurrent cleanup
[2026-04-03T01:51:08.580+0600][35.737s][info][gc          ] GC(9) Concurrent cleanup 800M->395M(3872M) 0.704ms
[2026-04-03T01:51:08.580+0600][35.737s][info][gc,ergo     ] Free: 3320M, Max: 1024K regular, 1851M humongous, Frag: 45% external, 0% internal; Reserve: 197M, Max: 1024K
[2026-04-03T01:51:08.580+0600][35.737s][info][gc,stats    ] 
[2026-04-03T01:51:08.580+0600][35.737s][info][gc,stats    ] All times are wall-clock times, except per-root-class counters, that are sum over
[2026-04-03T01:51:08.580+0600][35.737s][info][gc,stats    ] all workers. Dividing the <total> over the root stage time estimates parallelism.
[2026-04-03T01:51:08.580+0600][35.737s][info][gc,stats    ] 
[2026-04-03T01:51:08.580+0600][35.737s][info][gc,stats    ] Concurrent Reset                   5381 us
[2026-04-03T01:51:08.580+0600][35.737s][info][gc,stats    ] Pause Init Mark (G)                 587 us
[2026-04-03T01:51:08.580+0600][35.737s][info][gc,stats    ] Pause Init Mark (N)                 217 us
[2026-04-03T01:51:08.580+0600][35.737s][info][gc,stats    ]   Update Region States               63 us
[2026-04-03T01:51:08.580+0600][35.737s][info][gc,stats    ] Concurrent Mark Roots              1057 us, parallelism: 1.87x
[2026-04-03T01:51:08.580+0600][35.737s][info][gc,stats    ]   CMR: <total>                     1975 us
[2026-04-03T01:51:08.580+0600][35.737s][info][gc,stats    ]   CMR: Thread Roots                1585 us, workers (us): 354, 633, 598, ---, ---, ---, 
[2026-04-03T01:51:08.580+0600][35.737s][info][gc,stats    ]   CMR: VM Strong Roots               72 us, workers (us):  16,  11,  45, ---, ---, ---, 
[2026-04-03T01:51:08.580+0600][35.737s][info][gc,stats    ]   CMR: CLDG Roots                   318 us, workers (us): 318, ---, ---, ---, ---, ---, 
[2026-04-03T01:51:08.580+0600][35.737s][info][gc,stats    ] Concurrent Marking               299210 us
[2026-04-03T01:51:08.580+0600][35.737s][info][gc,stats    ] Pause Final Mark (G)               1122 us
[2026-04-03T01:51:08.580+0600][35.737s][info][gc,stats    ] Pause Final Mark (N)                812 us
[2026-04-03T01:51:08.580+0600][35.737s][info][gc,stats    ]   Finish Mark                       184 us
[2026-04-03T01:51:08.581+0600][35.737s][info][gc,stats    ]   Update Region States               73 us
[2026-04-03T01:51:08.581+0600][35.737s][info][gc,stats    ]   Choose Collection Set             331 us
[2026-04-03T01:51:08.581+0600][35.737s][info][gc,stats    ]   Rebuild Free Set                   62 us
[2026-04-03T01:51:08.581+0600][35.737s][info][gc,stats    ] Concurrent Thread Roots            1049 us, parallelism: 1.90x
[2026-04-03T01:51:08.581+0600][35.737s][info][gc,stats    ]   CTR: <total>                     1998 us
[2026-04-03T01:51:08.581+0600][35.737s][info][gc,stats    ]   CTR: Thread Roots                1998 us, workers (us): 716, 637, 645, ---, ---, ---, 
[2026-04-03T01:51:08.581+0600][35.737s][info][gc,stats    ] Concurrent Weak References          820 us, parallelism: 0.73x
[2026-04-03T01:51:08.581+0600][35.737s][info][gc,stats    ]   CWRF: <total>                     599 us
[2026-04-03T01:51:08.581+0600][35.737s][info][gc,stats    ]   CWRF: Weak References             599 us, workers (us): 492,  12,  95, ---, ---, ---, 
[2026-04-03T01:51:08.581+0600][35.737s][info][gc,stats    ] Concurrent Weak Roots              4041 us
[2026-04-03T01:51:08.581+0600][35.737s][info][gc,stats    ]   Roots                            3654 us, parallelism: 2.50x
[2026-04-03T01:51:08.581+0600][35.737s][info][gc,stats    ]     CWR: <total>                   9128 us
[2026-04-03T01:51:08.581+0600][35.737s][info][gc,stats    ]     CWR: Code Cache Roots          5175 us, workers (us): 1907, 1502, 1766, ---, ---, ---, 
[2026-04-03T01:51:08.581+0600][35.737s][info][gc,stats    ]     CWR: VM Weak Roots             3755 us, workers (us): 1265, 1251, 1239, ---, ---, ---, 
[2026-04-03T01:51:08.581+0600][35.737s][info][gc,stats    ]     CWR: CLDG Roots                 198 us, workers (us): ---, 198, ---, ---, ---, ---, 
[2026-04-03T01:51:08.581+0600][35.737s][info][gc,stats    ]   Rendezvous                        201 us
[2026-04-03T01:51:08.581+0600][35.737s][info][gc,stats    ] Concurrent Cleanup                  957 us
[2026-04-03T01:51:08.581+0600][35.737s][info][gc,stats    ] Concurrent Class Unloading        31182 us
[2026-04-03T01:51:08.581+0600][35.738s][info][gc,stats    ]   Unlink Stale                    26243 us
[2026-04-03T01:51:08.581+0600][35.738s][info][gc,stats    ]     System Dictionary               683 us
[2026-04-03T01:51:08.581+0600][35.738s][info][gc,stats    ]     Weak Class Links              17736 us
[2026-04-03T01:51:08.581+0600][35.738s][info][gc,stats    ]     Code Roots                     7816 us
[2026-04-03T01:51:08.581+0600][35.738s][info][gc,stats    ]   Rendezvous                        311 us
[2026-04-03T01:51:08.581+0600][35.738s][info][gc,stats    ]   Purge Unlinked                   4421 us
[2026-04-03T01:51:08.581+0600][35.738s][info][gc,stats    ]     Code Roots                     4139 us
[2026-04-03T01:51:08.581+0600][35.738s][info][gc,stats    ]     CLDG                            280 us
[2026-04-03T01:51:08.581+0600][35.738s][info][gc,stats    ]     Exception Caches                  0 us
[2026-04-03T01:51:08.581+0600][35.738s][info][gc,stats    ] Concurrent Strong Roots            1544 us, parallelism: 0.69x
[2026-04-03T01:51:08.581+0600][35.738s][info][gc,stats    ]   CSR: <total>                     1060 us
[2026-04-03T01:51:08.581+0600][35.738s][info][gc,stats    ]   CSR: VM Strong Roots               38 us, workers (us):  23,  14,   0, ---, ---, ---, 
[2026-04-03T01:51:08.581+0600][35.738s][info][gc,stats    ]   CSR: CLDG Roots                  1023 us, workers (us): 1023, ---, ---, ---, ---, ---, 
[2026-04-03T01:51:08.581+0600][35.738s][info][gc,stats    ] Concurrent Evacuation             39955 us
[2026-04-03T01:51:08.581+0600][35.738s][info][gc,stats    ] Pause Init Update Refs (G)          680 us
[2026-04-03T01:51:08.581+0600][35.738s][info][gc,stats    ] Pause Init Update Refs (N)          235 us
[2026-04-03T01:51:08.581+0600][35.738s][info][gc,stats    ]   Manage GCLABs                      27 us
[2026-04-03T01:51:08.581+0600][35.738s][info][gc,stats    ] Concurrent Update Refs           164330 us
[2026-04-03T01:51:08.581+0600][35.738s][info][gc,stats    ] Concurrent Update Thread Roots      939 us
[2026-04-03T01:51:08.581+0600][35.738s][info][gc,stats    ] Pause Final Update Refs (G)         515 us
[2026-04-03T01:51:08.581+0600][35.738s][info][gc,stats    ] Pause Final Update Refs (N)         348 us
[2026-04-03T01:51:08.581+0600][35.738s][info][gc,stats    ]   Update Region States               75 us
[2026-04-03T01:51:08.581+0600][35.738s][info][gc,stats    ]   Trash Collection Set               19 us
[2026-04-03T01:51:08.581+0600][35.738s][info][gc,stats    ]   Rebuild Free Set                   66 us
[2026-04-03T01:51:08.581+0600][35.738s][info][gc,stats    ] Concurrent Cleanup                  764 us
[2026-04-03T01:51:08.581+0600][35.738s][info][gc,stats    ] 
[2026-04-03T01:51:08.581+0600][35.738s][info][gc,stats    ] Allocation pacing accrued:
[2026-04-03T01:51:08.581+0600][35.738s][info][gc,stats    ]       0 of  5884 ms (  0.0%): <total>
[2026-04-03T01:51:08.581+0600][35.738s][info][gc,stats    ]       0 of  5884 ms (  0.0%): <average total>
[2026-04-03T01:51:08.581+0600][35.738s][info][gc,stats    ] 
[2026-04-03T01:51:08.581+0600][35.738s][info][gc,metaspace] Metaspace: 70880K(71808K)->70822K(71808K) NonClass: 61803K(62336K)->61765K(62336K) Class: 9076K(9472K)->9057K(9472K)
[2026-04-03T01:51:08.581+0600][35.738s][info][gc,ergo     ] Pacer for Idle. Initial: 80302K, Alloc Tax Rate: 1.0x
[2026-04-03T01:51:10.824+0600][37.981s][info][gc          ] Trigger: Explicit GC request (System.gc())
[2026-04-03T01:51:10.824+0600][37.981s][info][gc,ergo     ] Free: 2147M, Max: 1024K regular, 965M humongous, Frag: 56% external, 0% internal; Reserve: 197M, Max: 1024K
[2026-04-03T01:51:10.824+0600][37.981s][info][gc,start    ] GC(10) Concurrent reset
[2026-04-03T01:51:10.824+0600][37.981s][info][gc,task     ] GC(10) Using 3 of 6 workers for concurrent reset
[2026-04-03T01:51:10.824+0600][37.981s][info][gc,ergo     ] GC(10) Pacer for Reset. Non-Taxable: 3921M
[2026-04-03T01:51:10.826+0600][37.983s][info][gc          ] GC(10) Concurrent reset 1.618ms
[2026-04-03T01:51:10.826+0600][37.983s][info][gc,start    ] GC(10) Pause Init Mark (unload classes)
[2026-04-03T01:51:10.826+0600][37.983s][info][gc,task     ] GC(10) Using 6 of 6 workers for init marking
[2026-04-03T01:51:10.826+0600][37.983s][info][gc,ref      ] GC(10) Clearing All SoftReferences
[2026-04-03T01:51:10.826+0600][37.983s][info][gc,ergo     ] GC(10) Pacer for Mark. Expected Live: 160M, Free: 2147M, Non-Taxable: 214M, Alloc Tax Rate: 0.1x
[2026-04-03T01:51:10.826+0600][37.983s][info][gc          ] GC(10) Pause Init Mark (unload classes) 0.147ms
[2026-04-03T01:51:10.826+0600][37.983s][info][gc,start    ] GC(10) Concurrent marking roots
[2026-04-03T01:51:10.826+0600][37.983s][info][gc,task     ] GC(10) Using 3 of 6 workers for concurrent marking roots
[2026-04-03T01:51:10.827+0600][37.984s][info][gc          ] GC(10) Concurrent marking roots 0.848ms
[2026-04-03T01:51:10.827+0600][37.984s][info][gc,start    ] GC(10) Concurrent marking (unload classes)
[2026-04-03T01:51:10.827+0600][37.984s][info][gc,task     ] GC(10) Using 3 of 6 workers for concurrent marking
[2026-04-03T01:51:10.962+0600][38.118s][info][gc          ] GC(10) Concurrent marking (unload classes) 134.352ms
[2026-04-03T01:51:10.962+0600][38.119s][info][gc,start    ] GC(10) Pause Final Mark (unload classes)
[2026-04-03T01:51:10.962+0600][38.119s][info][gc,task     ] GC(10) Using 6 of 6 workers for final marking
[2026-04-03T01:51:10.962+0600][38.119s][info][gc,ergo     ] GC(10) Collectable Garbage: 1252M (93%), Immediate: 1252M (93%), CSet: 0B (0%)
[2026-04-03T01:51:10.962+0600][38.119s][info][gc          ] GC(10) Pause Final Mark (unload classes) 0.553ms
[2026-04-03T01:51:10.962+0600][38.119s][info][gc,start    ] GC(10) Concurrent weak references
[2026-04-03T01:51:10.962+0600][38.119s][info][gc,task     ] GC(10) Using 3 of 6 workers for concurrent weak references
[2026-04-03T01:51:10.963+0600][38.120s][info][gc,ref      ] GC(10) Encountered references: Soft: 3367, Weak: 6423, Final: 84, Phantom: 599
[2026-04-03T01:51:10.963+0600][38.120s][info][gc,ref      ] GC(10) Discovered  references: Soft: 1884, Weak: 927, Final: 0, Phantom: 596
[2026-04-03T01:51:10.963+0600][38.120s][info][gc,ref      ] GC(10) Enqueued    references: Soft: 611, Weak: 386, Final: 0, Phantom: 0
[2026-04-03T01:51:10.963+0600][38.120s][info][gc          ] GC(10) Concurrent weak references 0.728ms
[2026-04-03T01:51:10.963+0600][38.120s][info][gc,start    ] GC(10) Concurrent weak roots
[2026-04-03T01:51:10.963+0600][38.120s][info][gc,task     ] GC(10) Using 3 of 6 workers for concurrent weak root
[2026-04-03T01:51:10.965+0600][38.122s][info][gc          ] GC(10) Concurrent weak roots 2.045ms
[2026-04-03T01:51:10.965+0600][38.122s][info][gc,start    ] GC(10) Concurrent cleanup
[2026-04-03T01:51:10.966+0600][38.122s][info][gc          ] GC(10) Concurrent cleanup 1489M->236M(3872M) 0.384ms
[2026-04-03T01:51:10.966+0600][38.123s][info][gc,ergo     ] GC(10) Free: 3485M, Max: 1024K regular, 998M humongous, Frag: 72% external, 0% internal; Reserve: 197M, Max: 1024K
[2026-04-03T01:51:10.966+0600][38.123s][info][gc,start    ] GC(10) Concurrent class unloading
[2026-04-03T01:51:10.966+0600][38.123s][info][gc,task     ] GC(10) Using 3 of 6 workers for concurrent class unloading
[2026-04-03T01:51:10.994+0600][38.150s][info][gc          ] GC(10) Concurrent class unloading 27.844ms
[2026-04-03T01:51:10.994+0600][38.151s][info][gc,start    ] GC(10) Pause Final Roots
[2026-04-03T01:51:10.994+0600][38.151s][info][gc          ] GC(10) Pause Final Roots 0.086ms
[2026-04-03T01:51:10.995+0600][38.151s][info][gc,ergo     ] Free: 3465M, Max: 1024K regular, 998M humongous, Frag: 72% external, 0% internal; Reserve: 197M, Max: 1024K
[2026-04-03T01:51:10.995+0600][38.151s][info][gc,stats    ] 
[2026-04-03T01:51:10.995+0600][38.151s][info][gc,stats    ] All times are wall-clock times, except per-root-class counters, that are sum over
[2026-04-03T01:51:10.995+0600][38.151s][info][gc,stats    ] all workers. Dividing the <total> over the root stage time estimates parallelism.
[2026-04-03T01:51:10.995+0600][38.151s][info][gc,stats    ] 
[2026-04-03T01:51:10.995+0600][38.151s][info][gc,stats    ] Concurrent Reset                   1670 us
[2026-04-03T01:51:10.995+0600][38.151s][info][gc,stats    ] Pause Init Mark (G)                 341 us
[2026-04-03T01:51:10.995+0600][38.152s][info][gc,stats    ] Pause Init Mark (N)                 158 us
[2026-04-03T01:51:10.995+0600][38.152s][info][gc,stats    ]   Update Region States               36 us
[2026-04-03T01:51:10.995+0600][38.152s][info][gc,stats    ] Concurrent Mark Roots               879 us, parallelism: 1.64x
[2026-04-03T01:51:10.995+0600][38.152s][info][gc,stats    ]   CMR: <total>                     1441 us
[2026-04-03T01:51:10.995+0600][38.152s][info][gc,stats    ]   CMR: Thread Roots                1150 us, workers (us): 249, 454, 448, ---, ---, ---, 
[2026-04-03T01:51:10.995+0600][38.152s][info][gc,stats    ]   CMR: VM Strong Roots               90 us, workers (us):  89,   1,   0, ---, ---, ---, 
[2026-04-03T01:51:10.995+0600][38.152s][info][gc,stats    ]   CMR: CLDG Roots                   201 us, workers (us): 201, ---, ---, ---, ---, ---, 
[2026-04-03T01:51:10.995+0600][38.152s][info][gc,stats    ] Concurrent Marking               134430 us
[2026-04-03T01:51:10.995+0600][38.152s][info][gc,stats    ] Pause Final Mark (G)                758 us
[2026-04-03T01:51:10.995+0600][38.152s][info][gc,stats    ] Pause Final Mark (N)                571 us
[2026-04-03T01:51:10.995+0600][38.152s][info][gc,stats    ]   Finish Mark                       269 us
[2026-04-03T01:51:10.995+0600][38.152s][info][gc,stats    ]   Update Region States               65 us
[2026-04-03T01:51:10.995+0600][38.152s][info][gc,stats    ]   Choose Collection Set             103 us
[2026-04-03T01:51:10.995+0600][38.152s][info][gc,stats    ]   Rebuild Free Set                   39 us
[2026-04-03T01:51:10.995+0600][38.152s][info][gc,stats    ] Concurrent Weak References          745 us, parallelism: 0.74x
[2026-04-03T01:51:10.995+0600][38.152s][info][gc,stats    ]   CWRF: <total>                     548 us
[2026-04-03T01:51:10.995+0600][38.152s][info][gc,stats    ]   CWRF: Weak References             548 us, workers (us):  62, 149, 337, ---, ---, ---, 
[2026-04-03T01:51:10.995+0600][38.152s][info][gc,stats    ] Concurrent Weak Roots              2103 us
[2026-04-03T01:51:10.995+0600][38.152s][info][gc,stats    ]   Roots                            1637 us, parallelism: 2.43x
[2026-04-03T01:51:10.995+0600][38.152s][info][gc,stats    ]     CWR: <total>                   3984 us
[2026-04-03T01:51:10.995+0600][38.152s][info][gc,stats    ]     CWR: Code Cache Roots          2603 us, workers (us): 914, 927, 762, ---, ---, ---, 
[2026-04-03T01:51:10.995+0600][38.152s][info][gc,stats    ]     CWR: VM Weak Roots             1262 us, workers (us): 468, 422, 373, ---, ---, ---, 
[2026-04-03T01:51:10.995+0600][38.152s][info][gc,stats    ]     CWR: CLDG Roots                 118 us, workers (us): ---, ---, 118, ---, ---, ---, 
[2026-04-03T01:51:10.995+0600][38.152s][info][gc,stats    ]   Rendezvous                        376 us
[2026-04-03T01:51:10.995+0600][38.152s][info][gc,stats    ] Concurrent Cleanup                  405 us
[2026-04-03T01:51:10.995+0600][38.152s][info][gc,stats    ] Concurrent Class Unloading        27929 us
[2026-04-03T01:51:10.995+0600][38.152s][info][gc,stats    ]   Unlink Stale                    22552 us
[2026-04-03T01:51:10.995+0600][38.152s][info][gc,stats    ]     System Dictionary               610 us
[2026-04-03T01:51:10.995+0600][38.152s][info][gc,stats    ]     Weak Class Links              14800 us
[2026-04-03T01:51:10.995+0600][38.152s][info][gc,stats    ]     Code Roots                     7135 us
[2026-04-03T01:51:10.995+0600][38.152s][info][gc,stats    ]   Rendezvous                       1149 us
[2026-04-03T01:51:10.995+0600][38.152s][info][gc,stats    ]   Purge Unlinked                   4089 us
[2026-04-03T01:51:10.995+0600][38.152s][info][gc,stats    ]     Code Roots                     3471 us
[2026-04-03T01:51:10.995+0600][38.152s][info][gc,stats    ]     CLDG                            617 us
[2026-04-03T01:51:10.995+0600][38.152s][info][gc,stats    ]     Exception Caches                  0 us
[2026-04-03T01:51:10.995+0600][38.152s][info][gc,stats    ] Pause Final Roots (G)               825 us
[2026-04-03T01:51:10.995+0600][38.152s][info][gc,stats    ] Pause Final Roots (N)               105 us
[2026-04-03T01:51:10.995+0600][38.152s][info][gc,stats    ] 
[2026-04-03T01:51:10.995+0600][38.152s][info][gc,stats    ] Allocation pacing accrued:
[2026-04-03T01:51:10.995+0600][38.152s][info][gc,stats    ]       0 of  2414 ms (  0.0%): <total>
[2026-04-03T01:51:10.995+0600][38.152s][info][gc,stats    ]       0 of  2414 ms (  0.0%): <average total>
[2026-04-03T01:51:10.995+0600][38.152s][info][gc,stats    ] 
[2026-04-03T01:51:10.995+0600][38.152s][info][gc,metaspace] Metaspace: 72676K(73472K)->72315K(73728K) NonClass: 63357K(63808K)->63061K(64000K) Class: 9319K(9664K)->9253K(9728K)
[2026-04-03T01:51:10.995+0600][38.152s][info][gc,ergo     ] Pacer for Idle. Initial: 80302K, Alloc Tax Rate: 1.0x
[2026-04-03T01:51:10.995+0600][38.152s][info][gc,start    ] Concurrent uncommit
[2026-04-03T01:51:11.421+0600][38.578s][info][gc          ] Concurrent uncommit 257M->343M(352M) 426.154ms
[2026-04-03T01:51:12.266+0600][39.423s][info][gc          ] Trigger: Learning 2 of 5. Free (2743M) is below initial threshold (2744M)
[2026-04-03T01:51:12.267+0600][39.423s][info][gc,ergo     ] Free: 2743M, Max: 1024K regular, 998M humongous, Frag: 64% external, 0% internal; Reserve: 197M, Max: 1024K
[2026-04-03T01:51:12.267+0600][39.423s][info][gc,start    ] GC(11) Concurrent reset
[2026-04-03T01:51:12.267+0600][39.423s][info][gc,task     ] GC(11) Using 3 of 6 workers for concurrent reset
[2026-04-03T01:51:12.267+0600][39.423s][info][gc,ergo     ] GC(11) Pacer for Reset. Non-Taxable: 3921M
[2026-04-03T01:51:12.268+0600][39.425s][info][gc          ] GC(11) Concurrent reset 1.328ms
[2026-04-03T01:51:12.270+0600][39.427s][info][gc,start    ] GC(11) Pause Init Mark (unload classes)
[2026-04-03T01:51:12.270+0600][39.427s][info][gc,task     ] GC(11) Using 6 of 6 workers for init marking
[2026-04-03T01:51:12.270+0600][39.427s][info][gc,ergo     ] GC(11) Pacer for Mark. Expected Live: 182M, Free: 2743M, Non-Taxable: 274M, Alloc Tax Rate: 0.1x
[2026-04-03T01:51:12.270+0600][39.427s][info][gc          ] GC(11) Pause Init Mark (unload classes) 0.181ms
[2026-04-03T01:51:12.271+0600][39.427s][info][gc,start    ] GC(11) Concurrent marking roots
[2026-04-03T01:51:12.271+0600][39.427s][info][gc,task     ] GC(11) Using 3 of 6 workers for concurrent marking roots
[2026-04-03T01:51:12.272+0600][39.429s][info][gc          ] GC(11) Concurrent marking roots 1.304ms
[2026-04-03T01:51:12.272+0600][39.429s][info][gc,start    ] GC(11) Concurrent marking (unload classes)
[2026-04-03T01:51:12.272+0600][39.429s][info][gc,task     ] GC(11) Using 3 of 6 workers for concurrent marking
[2026-04-03T01:51:12.666+0600][39.823s][info][gc          ] GC(11) Concurrent marking (unload classes) 394.234ms
[2026-04-03T01:51:12.666+0600][39.823s][info][gc,start    ] GC(11) Pause Final Mark (unload classes)
[2026-04-03T01:51:12.667+0600][39.823s][info][gc,task     ] GC(11) Using 6 of 6 workers for final marking
[2026-04-03T01:51:12.667+0600][39.824s][info][gc,ergo     ] GC(11) Adaptive CSet Selection. Target Free: 555M, Actual Free: 2796M, Max CSet: 163M, Min Garbage: 0B
[2026-04-03T01:51:12.667+0600][39.824s][info][gc,ergo     ] GC(11) Collectable Garbage: 680M (99%), Immediate: 23506K (3%), CSet: 657M (96%)
[2026-04-03T01:51:12.668+0600][39.824s][info][gc,ergo     ] GC(11) Pacer for Evacuation. Used CSet: 770M, Free: 2613M, Non-Taxable: 261M, Alloc Tax Rate: 1.1x
[2026-04-03T01:51:12.668+0600][39.824s][info][gc          ] GC(11) Pause Final Mark (unload classes) 1.107ms
[2026-04-03T01:51:12.668+0600][39.825s][info][gc,start    ] GC(11) Concurrent thread roots
[2026-04-03T01:51:12.668+0600][39.825s][info][gc,task     ] GC(11) Using 3 of 6 workers for Concurrent thread roots
[2026-04-03T01:51:12.669+0600][39.826s][info][gc          ] GC(11) Concurrent thread roots 1.166ms
[2026-04-03T01:51:12.669+0600][39.826s][info][gc,start    ] GC(11) Concurrent weak references
[2026-04-03T01:51:12.669+0600][39.826s][info][gc,task     ] GC(11) Using 3 of 6 workers for concurrent weak references
[2026-04-03T01:51:12.669+0600][39.826s][info][gc,ref      ] GC(11) Encountered references: Soft: 3160, Weak: 6366, Final: 84, Phantom: 599
[2026-04-03T01:51:12.669+0600][39.826s][info][gc,ref      ] GC(11) Discovered  references: Soft: 0, Weak: 605, Final: 0, Phantom: 338
[2026-04-03T01:51:12.669+0600][39.826s][info][gc,ref      ] GC(11) Enqueued    references: Soft: 0, Weak: 144, Final: 0, Phantom: 0
[2026-04-03T01:51:12.669+0600][39.826s][info][gc          ] GC(11) Concurrent weak references 0.416ms
[2026-04-03T01:51:12.669+0600][39.826s][info][gc,start    ] GC(11) Concurrent weak roots
[2026-04-03T01:51:12.669+0600][39.826s][info][gc,task     ] GC(11) Using 3 of 6 workers for concurrent weak root
[2026-04-03T01:51:12.672+0600][39.829s][info][gc          ] GC(11) Concurrent weak roots 2.965ms
[2026-04-03T01:51:12.673+0600][39.829s][info][gc,start    ] GC(11) Concurrent cleanup
[2026-04-03T01:51:12.673+0600][39.830s][info][gc          ] GC(11) Concurrent cleanup 1126M->1103M(1151M) 0.453ms
[2026-04-03T01:51:12.673+0600][39.830s][info][gc,ergo     ] GC(11) Free: 2610M, Max: 1024K regular, 998M humongous, Frag: 62% external, 0% internal; Reserve: 196M, Max: 1024K
[2026-04-03T01:51:12.673+0600][39.830s][info][gc,start    ] GC(11) Concurrent class unloading
[2026-04-03T01:51:12.673+0600][39.830s][info][gc,task     ] GC(11) Using 3 of 6 workers for concurrent class unloading
[2026-04-03T01:51:12.695+0600][39.852s][info][gc          ] GC(11) Concurrent class unloading 21.940ms
[2026-04-03T01:51:12.695+0600][39.852s][info][gc,start    ] GC(11) Concurrent strong roots
[2026-04-03T01:51:12.695+0600][39.852s][info][gc,task     ] GC(11) Using 3 of 6 workers for concurrent strong root
[2026-04-03T01:51:12.698+0600][39.855s][info][gc          ] GC(11) Concurrent strong roots 3.117ms
[2026-04-03T01:51:12.698+0600][39.855s][info][gc,start    ] GC(11) Concurrent evacuation
[2026-04-03T01:51:12.698+0600][39.855s][info][gc,task     ] GC(11) Using 3 of 6 workers for concurrent evacuation
[2026-04-03T01:51:12.827+0600][39.984s][info][gc          ] GC(11) Concurrent evacuation 128.263ms
[2026-04-03T01:51:12.827+0600][39.984s][info][gc,start    ] GC(11) Pause Init Update Refs
[2026-04-03T01:51:12.827+0600][39.984s][info][gc,ergo     ] GC(11) Pacer for Update Refs. Used: 1289M, Free: 2540M, Non-Taxable: 254M, Alloc Tax Rate: 1.1x
[2026-04-03T01:51:12.827+0600][39.984s][info][gc          ] GC(11) Pause Init Update Refs 0.153ms
[2026-04-03T01:51:12.827+0600][39.984s][info][gc,start    ] GC(11) Concurrent update references
[2026-04-03T01:51:12.827+0600][39.984s][info][gc,task     ] GC(11) Using 3 of 6 workers for concurrent reference update
[2026-04-03T01:51:13.080+0600][40.236s][info][gc          ] GC(11) Concurrent update references 252.350ms
[2026-04-03T01:51:13.080+0600][40.236s][info][gc,start    ] GC(11) Concurrent update thread roots
[2026-04-03T01:51:13.081+0600][40.238s][info][gc          ] GC(11) Concurrent update thread roots 1.273ms
[2026-04-03T01:51:13.081+0600][40.238s][info][gc,start    ] GC(11) Pause Final Update Refs
[2026-04-03T01:51:13.081+0600][40.238s][info][gc,task     ] GC(11) Using 6 of 6 workers for final reference update
[2026-04-03T01:51:13.081+0600][40.238s][info][gc          ] GC(11) Pause Final Update Refs 0.244ms
[2026-04-03T01:51:13.082+0600][40.238s][info][gc,start    ] GC(11) Concurrent cleanup
[2026-04-03T01:51:13.082+0600][40.239s][info][gc          ] GC(11) Concurrent cleanup 1416M->645M(1430M) 0.931ms
[2026-04-03T01:51:13.083+0600][40.239s][info][gc,ergo     ] Free: 3068M, Max: 1024K regular, 980M humongous, Frag: 69% external, 0% internal; Reserve: 197M, Max: 1024K
[2026-04-03T01:51:13.083+0600][40.239s][info][gc,stats    ] 
[2026-04-03T01:51:13.083+0600][40.239s][info][gc,stats    ] All times are wall-clock times, except per-root-class counters, that are sum over
[2026-04-03T01:51:13.083+0600][40.239s][info][gc,stats    ] all workers. Dividing the <total> over the root stage time estimates parallelism.
[2026-04-03T01:51:13.083+0600][40.239s][info][gc,stats    ] 
[2026-04-03T01:51:13.083+0600][40.239s][info][gc,stats    ] Concurrent Reset                   1400 us
[2026-04-03T01:51:13.083+0600][40.239s][info][gc,stats    ] Pause Init Mark (G)                2541 us
[2026-04-03T01:51:13.083+0600][40.239s][info][gc,stats    ] Pause Init Mark (N)                 191 us
[2026-04-03T01:51:13.083+0600][40.239s][info][gc,stats    ]   Update Region States               52 us
[2026-04-03T01:51:13.083+0600][40.239s][info][gc,stats    ] Concurrent Mark Roots              1364 us, parallelism: 1.72x
[2026-04-03T01:51:13.083+0600][40.240s][info][gc,stats    ]   CMR: <total>                     2345 us
[2026-04-03T01:51:13.083+0600][40.240s][info][gc,stats    ]   CMR: Thread Roots                2084 us, workers (us): 808, 551, 725, ---, ---, ---, 
[2026-04-03T01:51:13.083+0600][40.240s][info][gc,stats    ]   CMR: VM Strong Roots               50 us, workers (us):  39,  11,   1, ---, ---, ---, 
[2026-04-03T01:51:13.083+0600][40.240s][info][gc,stats    ]   CMR: CLDG Roots                   211 us, workers (us): ---, 211, ---, ---, ---, ---, 
[2026-04-03T01:51:13.083+0600][40.240s][info][gc,stats    ] Concurrent Marking               394343 us
[2026-04-03T01:51:13.083+0600][40.240s][info][gc,stats    ] Pause Final Mark (G)               1500 us
[2026-04-03T01:51:13.083+0600][40.240s][info][gc,stats    ] Pause Final Mark (N)               1127 us
[2026-04-03T01:51:13.083+0600][40.240s][info][gc,stats    ]   Finish Mark                       299 us
[2026-04-03T01:51:13.083+0600][40.240s][info][gc,stats    ]   Update Region States               73 us
[2026-04-03T01:51:13.083+0600][40.240s][info][gc,stats    ]   Choose Collection Set             465 us
[2026-04-03T01:51:13.083+0600][40.240s][info][gc,stats    ]   Rebuild Free Set                   70 us
[2026-04-03T01:51:13.083+0600][40.240s][info][gc,stats    ] Concurrent Thread Roots            1237 us, parallelism: 1.96x
[2026-04-03T01:51:13.083+0600][40.240s][info][gc,stats    ]   CTR: <total>                     2428 us
[2026-04-03T01:51:13.083+0600][40.240s][info][gc,stats    ]   CTR: Thread Roots                2428 us, workers (us): 807, 812, 809, ---, ---, ---, 
[2026-04-03T01:51:13.083+0600][40.240s][info][gc,stats    ] Concurrent Weak References          432 us, parallelism: 0.82x
[2026-04-03T01:51:13.083+0600][40.240s][info][gc,stats    ]   CWRF: <total>                     354 us
[2026-04-03T01:51:13.083+0600][40.240s][info][gc,stats    ]   CWRF: Weak References             354 us, workers (us): 102, 186,  66, ---, ---, ---, 
[2026-04-03T01:51:13.083+0600][40.240s][info][gc,stats    ] Concurrent Weak Roots              3061 us
[2026-04-03T01:51:13.083+0600][40.240s][info][gc,stats    ]   Roots                            2683 us, parallelism: 2.47x
[2026-04-03T01:51:13.083+0600][40.240s][info][gc,stats    ]     CWR: <total>                   6628 us
[2026-04-03T01:51:13.083+0600][40.240s][info][gc,stats    ]     CWR: Code Cache Roots          3721 us, workers (us): 1299, 1173, 1248, ---, ---, ---, 
[2026-04-03T01:51:13.083+0600][40.240s][info][gc,stats    ]     CWR: VM Weak Roots             2818 us, workers (us): 1007, 925, 887, ---, ---, ---, 
[2026-04-03T01:51:13.083+0600][40.240s][info][gc,stats    ]     CWR: CLDG Roots                  90 us, workers (us): ---,  90, ---, ---, ---, ---, 
[2026-04-03T01:51:13.083+0600][40.240s][info][gc,stats    ]   Rendezvous                        246 us
[2026-04-03T01:51:13.083+0600][40.240s][info][gc,stats    ] Concurrent Cleanup                  536 us
[2026-04-03T01:51:13.083+0600][40.240s][info][gc,stats    ] Concurrent Class Unloading        22043 us
[2026-04-03T01:51:13.083+0600][40.240s][info][gc,stats    ]   Unlink Stale                    20945 us
[2026-04-03T01:51:13.083+0600][40.240s][info][gc,stats    ]     System Dictionary               268 us
[2026-04-03T01:51:13.083+0600][40.240s][info][gc,stats    ]     Weak Class Links              12902 us
[2026-04-03T01:51:13.083+0600][40.240s][info][gc,stats    ]     Code Roots                     7769 us
[2026-04-03T01:51:13.083+0600][40.240s][info][gc,stats    ]   Rendezvous                        441 us
[2026-04-03T01:51:13.083+0600][40.240s][info][gc,stats    ]   Purge Unlinked                    518 us
[2026-04-03T01:51:13.083+0600][40.240s][info][gc,stats    ]     Code Roots                      456 us
[2026-04-03T01:51:13.083+0600][40.240s][info][gc,stats    ]     CLDG                             61 us
[2026-04-03T01:51:13.083+0600][40.240s][info][gc,stats    ]     Exception Caches                  1 us
[2026-04-03T01:51:13.083+0600][40.240s][info][gc,stats    ] Concurrent Strong Roots            3201 us, parallelism: 0.85x
[2026-04-03T01:51:13.083+0600][40.240s][info][gc,stats    ]   CSR: <total>                     2718 us
[2026-04-03T01:51:13.083+0600][40.240s][info][gc,stats    ]   CSR: VM Strong Roots               84 us, workers (us):  36,  26,  22, ---, ---, ---, 
[2026-04-03T01:51:13.083+0600][40.240s][info][gc,stats    ]   CSR: CLDG Roots                  2634 us, workers (us): ---, 2634, ---, ---, ---, ---, 
[2026-04-03T01:51:13.083+0600][40.240s][info][gc,stats    ] Concurrent Evacuation            128377 us
[2026-04-03T01:51:13.083+0600][40.240s][info][gc,stats    ] Pause Init Update Refs (G)          411 us
[2026-04-03T01:51:13.083+0600][40.240s][info][gc,stats    ] Pause Init Update Refs (N)          171 us
[2026-04-03T01:51:13.083+0600][40.240s][info][gc,stats    ]   Manage GCLABs                      24 us
[2026-04-03T01:51:13.083+0600][40.240s][info][gc,stats    ] Concurrent Update Refs           252445 us
[2026-04-03T01:51:13.083+0600][40.240s][info][gc,stats    ] Concurrent Update Thread Roots     1335 us
[2026-04-03T01:51:13.083+0600][40.240s][info][gc,stats    ] Pause Final Update Refs (G)         530 us
[2026-04-03T01:51:13.083+0600][40.240s][info][gc,stats    ] Pause Final Update Refs (N)         267 us
[2026-04-03T01:51:13.083+0600][40.240s][info][gc,stats    ]   Update Region States               81 us
[2026-04-03T01:51:13.083+0600][40.240s][info][gc,stats    ]   Trash Collection Set               22 us
[2026-04-03T01:51:13.083+0600][40.240s][info][gc,stats    ]   Rebuild Free Set                   44 us
[2026-04-03T01:51:13.083+0600][40.240s][info][gc,stats    ] Concurrent Cleanup                  980 us
[2026-04-03T01:51:13.083+0600][40.240s][info][gc,stats    ] Pacing                           133408 us
[2026-04-03T01:51:13.083+0600][40.240s][info][gc,stats    ] 
[2026-04-03T01:51:13.083+0600][40.240s][info][gc,stats    ] Allocation pacing accrued:
[2026-04-03T01:51:13.083+0600][40.240s][info][gc,stats    ]      44 of  2088 ms (  2.1%): Executor task launch worker for task 0.0 in stage 14.0 (TID 21)
[2026-04-03T01:51:13.083+0600][40.240s][info][gc,stats    ]      45 of  2088 ms (  2.1%): Executor task launch worker for task 2.0 in stage 14.0 (TID 23)
[2026-04-03T01:51:13.083+0600][40.240s][info][gc,stats    ]      45 of  2088 ms (  2.1%): Executor task launch worker for task 1.0 in stage 14.0 (TID 22)
[2026-04-03T01:51:13.083+0600][40.240s][info][gc,stats    ]     133 of  2088 ms (  6.4%): <total>
[2026-04-03T01:51:13.083+0600][40.240s][info][gc,stats    ]       1 of  2088 ms (  0.0%): <average total>
[2026-04-03T01:51:13.083+0600][40.240s][info][gc,stats    ]      44 of  2088 ms (  2.1%): <average non-zero>
[2026-04-03T01:51:13.083+0600][40.240s][info][gc,stats    ] 
[2026-04-03T01:51:13.083+0600][40.240s][info][gc,metaspace] Metaspace: 72722K(73728K)->72716K(73728K) NonClass: 63409K(64000K)->63406K(64000K) Class: 9312K(9728K)->9309K(9728K)
[2026-04-03T01:51:13.083+0600][40.240s][info][gc,ergo     ] Pacer for Idle. Initial: 80302K, Alloc Tax Rate: 1.0x
[2026-04-03T01:51:13.401+0600][40.558s][info][gc          ] Trigger: Learning 3 of 5. Free (2743M) is below initial threshold (2744M)
[2026-04-03T01:51:13.401+0600][40.558s][info][gc,ergo     ] Free: 2743M, Max: 1024K regular, 980M humongous, Frag: 65% external, 0% internal; Reserve: 197M, Max: 1024K
[2026-04-03T01:51:13.401+0600][40.558s][info][gc,start    ] GC(12) Concurrent reset
[2026-04-03T01:51:13.401+0600][40.558s][info][gc,task     ] GC(12) Using 3 of 6 workers for concurrent reset
[2026-04-03T01:51:13.401+0600][40.558s][info][gc,ergo     ] GC(12) Pacer for Reset. Non-Taxable: 3921M
[2026-04-03T01:51:13.405+0600][40.561s][info][gc          ] GC(12) Concurrent reset 3.676ms
[2026-04-03T01:51:13.405+0600][40.562s][info][gc,start    ] GC(12) Pause Init Mark (unload classes)
[2026-04-03T01:51:13.405+0600][40.562s][info][gc,task     ] GC(12) Using 6 of 6 workers for init marking
[2026-04-03T01:51:13.405+0600][40.562s][info][gc,ergo     ] GC(12) Pacer for Mark. Expected Live: 231M, Free: 2740M, Non-Taxable: 274M, Alloc Tax Rate: 0.1x
[2026-04-03T01:51:13.405+0600][40.562s][info][gc          ] GC(12) Pause Init Mark (unload classes) 0.222ms
[2026-04-03T01:51:13.405+0600][40.562s][info][gc,start    ] GC(12) Concurrent marking roots
[2026-04-03T01:51:13.405+0600][40.562s][info][gc,task     ] GC(12) Using 3 of 6 workers for concurrent marking roots
[2026-04-03T01:51:13.407+0600][40.564s][info][gc          ] GC(12) Concurrent marking roots 1.397ms
[2026-04-03T01:51:13.407+0600][40.564s][info][gc,start    ] GC(12) Concurrent marking (unload classes)
[2026-04-03T01:51:13.407+0600][40.564s][info][gc,task     ] GC(12) Using 3 of 6 workers for concurrent marking
[2026-04-03T01:51:13.907+0600][41.063s][info][gc          ] GC(12) Concurrent marking (unload classes) 499.792ms
[2026-04-03T01:51:13.907+0600][41.064s][info][gc,start    ] GC(12) Pause Final Mark (unload classes)
[2026-04-03T01:51:13.907+0600][41.064s][info][gc,task     ] GC(12) Using 6 of 6 workers for final marking
[2026-04-03T01:51:13.908+0600][41.064s][info][gc,ergo     ] GC(12) Adaptive CSet Selection. Target Free: 555M, Actual Free: 2675M, Max CSet: 163M, Min Garbage: 0B
[2026-04-03T01:51:13.908+0600][41.065s][info][gc,ergo     ] GC(12) Collectable Garbage: 659M (98%), Immediate: 4096K (0%), CSet: 655M (98%)
[2026-04-03T01:51:13.908+0600][41.065s][info][gc,ergo     ] GC(12) Pacer for Evacuation. Used CSet: 702M, Free: 2482M, Non-Taxable: 248M, Alloc Tax Rate: 1.1x
[2026-04-03T01:51:13.908+0600][41.065s][info][gc          ] GC(12) Pause Final Mark (unload classes) 1.139ms
[2026-04-03T01:51:13.908+0600][41.065s][info][gc,start    ] GC(12) Concurrent thread roots
[2026-04-03T01:51:13.908+0600][41.065s][info][gc,task     ] GC(12) Using 3 of 6 workers for Concurrent thread roots
[2026-04-03T01:51:13.909+0600][41.066s][info][gc          ] GC(12) Concurrent thread roots 1.290ms
[2026-04-03T01:51:13.910+0600][41.066s][info][gc,start    ] GC(12) Concurrent weak references
[2026-04-03T01:51:13.910+0600][41.066s][info][gc,task     ] GC(12) Using 3 of 6 workers for concurrent weak references
[2026-04-03T01:51:13.910+0600][41.067s][info][gc,ref      ] GC(12) Encountered references: Soft: 3162, Weak: 6223, Final: 84, Phantom: 599
[2026-04-03T01:51:13.910+0600][41.067s][info][gc,ref      ] GC(12) Discovered  references: Soft: 0, Weak: 469, Final: 2, Phantom: 596
[2026-04-03T01:51:13.910+0600][41.067s][info][gc,ref      ] GC(12) Enqueued    references: Soft: 0, Weak: 1, Final: 0, Phantom: 0
[2026-04-03T01:51:13.910+0600][41.067s][info][gc          ] GC(12) Concurrent weak references 0.288ms
[2026-04-03T01:51:13.910+0600][41.067s][info][gc,start    ] GC(12) Concurrent weak roots
[2026-04-03T01:51:13.910+0600][41.067s][info][gc,task     ] GC(12) Using 3 of 6 workers for concurrent weak root
[2026-04-03T01:51:13.913+0600][41.069s][info][gc          ] GC(12) Concurrent weak roots 2.708ms
[2026-04-03T01:51:13.913+0600][41.069s][info][gc,start    ] GC(12) Concurrent cleanup
[2026-04-03T01:51:13.913+0600][41.070s][info][gc          ] GC(12) Concurrent cleanup 1237M->1234M(1430M) 0.803ms
[2026-04-03T01:51:13.913+0600][41.070s][info][gc,ergo     ] GC(12) Free: 2479M, Max: 1024K regular, 980M humongous, Frag: 61% external, 0% internal; Reserve: 196M, Max: 1024K
[2026-04-03T01:51:13.913+0600][41.070s][info][gc,start    ] GC(12) Concurrent class unloading
[2026-04-03T01:51:13.913+0600][41.070s][info][gc,task     ] GC(12) Using 3 of 6 workers for concurrent class unloading
[2026-04-03T01:51:13.921+0600][41.078s][info][gc          ] GC(12) Concurrent class unloading 7.266ms
[2026-04-03T01:51:13.921+0600][41.078s][info][gc,start    ] GC(12) Concurrent strong roots
[2026-04-03T01:51:13.921+0600][41.078s][info][gc,task     ] GC(12) Using 3 of 6 workers for concurrent strong root
[2026-04-03T01:51:13.922+0600][41.079s][info][gc          ] GC(12) Concurrent strong roots 1.201ms
[2026-04-03T01:51:13.922+0600][41.079s][info][gc,start    ] GC(12) Concurrent evacuation
[2026-04-03T01:51:13.922+0600][41.079s][info][gc,task     ] GC(12) Using 3 of 6 workers for concurrent evacuation
[2026-04-03T01:51:13.988+0600][41.145s][info][gc          ] GC(12) Concurrent evacuation 66.408ms
[2026-04-03T01:51:13.989+0600][41.146s][info][gc,start    ] GC(12) Pause Init Update Refs
[2026-04-03T01:51:13.989+0600][41.146s][info][gc,ergo     ] GC(12) Pacer for Update Refs. Used: 1313M, Free: 2448M, Non-Taxable: 244M, Alloc Tax Rate: 1.1x
[2026-04-03T01:51:13.989+0600][41.146s][info][gc          ] GC(12) Pause Init Update Refs 0.219ms
[2026-04-03T01:51:13.989+0600][41.146s][info][gc,start    ] GC(12) Concurrent update references
[2026-04-03T01:51:13.989+0600][41.146s][info][gc,task     ] GC(12) Using 3 of 6 workers for concurrent reference update
[2026-04-03T01:51:14.356+0600][41.512s][info][gc          ] GC(12) Concurrent update references 366.303ms
[2026-04-03T01:51:14.356+0600][41.512s][info][gc,start    ] GC(12) Concurrent update thread roots
[2026-04-03T01:51:14.357+0600][41.513s][info][gc          ] GC(12) Concurrent update thread roots 0.986ms
[2026-04-03T01:51:14.357+0600][41.514s][info][gc,start    ] GC(12) Pause Final Update Refs
[2026-04-03T01:51:14.357+0600][41.514s][info][gc,task     ] GC(12) Using 6 of 6 workers for final reference update
[2026-04-03T01:51:14.357+0600][41.514s][info][gc          ] GC(12) Pause Final Update Refs 0.253ms
[2026-04-03T01:51:14.357+0600][41.514s][info][gc,start    ] GC(12) Concurrent cleanup
[2026-04-03T01:51:14.358+0600][41.515s][info][gc          ] GC(12) Concurrent cleanup 1382M->680M(1466M) 1.029ms
[2026-04-03T01:51:14.358+0600][41.515s][info][gc,ergo     ] Free: 3032M, Max: 1024K regular, 1301M humongous, Frag: 58% external, 0% internal; Reserve: 197M, Max: 1024K
[2026-04-03T01:51:14.359+0600][41.515s][info][gc,stats    ] 
[2026-04-03T01:51:14.359+0600][41.515s][info][gc,stats    ] All times are wall-clock times, except per-root-class counters, that are sum over
[2026-04-03T01:51:14.359+0600][41.515s][info][gc,stats    ] all workers. Dividing the <total> over the root stage time estimates parallelism.
[2026-04-03T01:51:14.359+0600][41.515s][info][gc,stats    ] 
[2026-04-03T01:51:14.359+0600][41.515s][info][gc,stats    ] Concurrent Reset                   3745 us
[2026-04-03T01:51:14.359+0600][41.515s][info][gc,stats    ] Pause Init Mark (G)                 576 us
[2026-04-03T01:51:14.359+0600][41.515s][info][gc,stats    ] Pause Init Mark (N)                 237 us
[2026-04-03T01:51:14.359+0600][41.515s][info][gc,stats    ]   Update Region States               61 us
[2026-04-03T01:51:14.359+0600][41.515s][info][gc,stats    ] Concurrent Mark Roots              1435 us, parallelism: 1.86x
[2026-04-03T01:51:14.359+0600][41.515s][info][gc,stats    ]   CMR: <total>                     2676 us
[2026-04-03T01:51:14.359+0600][41.515s][info][gc,stats    ]   CMR: Thread Roots                2054 us, workers (us): 356, 856, 843, ---, ---, ---, 
[2026-04-03T01:51:14.359+0600][41.516s][info][gc,stats    ]   CMR: VM Strong Roots              135 us, workers (us): 121,   7,   7, ---, ---, ---, 
[2026-04-03T01:51:14.359+0600][41.516s][info][gc,stats    ]   CMR: CLDG Roots                   487 us, workers (us): 487, ---, ---, ---, ---, ---, 
[2026-04-03T01:51:14.359+0600][41.516s][info][gc,stats    ] Concurrent Marking               499907 us
[2026-04-03T01:51:14.359+0600][41.516s][info][gc,stats    ] Pause Final Mark (G)               1576 us
[2026-04-03T01:51:14.359+0600][41.516s][info][gc,stats    ] Pause Final Mark (N)               1157 us
[2026-04-03T01:51:14.359+0600][41.516s][info][gc,stats    ]   Finish Mark                       334 us
[2026-04-03T01:51:14.359+0600][41.516s][info][gc,stats    ]   Update Region States               89 us
[2026-04-03T01:51:14.359+0600][41.516s][info][gc,stats    ]   Choose Collection Set             469 us
[2026-04-03T01:51:14.359+0600][41.516s][info][gc,stats    ]   Rebuild Free Set                   47 us
[2026-04-03T01:51:14.359+0600][41.516s][info][gc,stats    ] Concurrent Thread Roots            1330 us, parallelism: 2.20x
[2026-04-03T01:51:14.359+0600][41.516s][info][gc,stats    ]   CTR: <total>                     2920 us
[2026-04-03T01:51:14.359+0600][41.516s][info][gc,stats    ]   CTR: Thread Roots                2920 us, workers (us): 1038, 971, 911, ---, ---, ---, 
[2026-04-03T01:51:14.359+0600][41.516s][info][gc,stats    ] Concurrent Weak References          308 us, parallelism: 0.72x
[2026-04-03T01:51:14.359+0600][41.516s][info][gc,stats    ]   CWRF: <total>                     223 us
[2026-04-03T01:51:14.359+0600][41.516s][info][gc,stats    ]   CWRF: Weak References             223 us, workers (us): 123,  34,  66, ---, ---, ---, 
[2026-04-03T01:51:14.359+0600][41.516s][info][gc,stats    ] Concurrent Weak Roots              2755 us
[2026-04-03T01:51:14.359+0600][41.516s][info][gc,stats    ]   Roots                            2412 us, parallelism: 2.56x
[2026-04-03T01:51:14.359+0600][41.516s][info][gc,stats    ]     CWR: <total>                   6176 us
[2026-04-03T01:51:14.359+0600][41.516s][info][gc,stats    ]     CWR: Code Cache Roots          4207 us, workers (us): 1520, 1338, 1348, ---, ---, ---, 
[2026-04-03T01:51:14.359+0600][41.516s][info][gc,stats    ]     CWR: VM Weak Roots             1811 us, workers (us): 654, 592, 565, ---, ---, ---, 
[2026-04-03T01:51:14.359+0600][41.516s][info][gc,stats    ]     CWR: CLDG Roots                 158 us, workers (us): ---, 158, ---, ---, ---, ---, 
[2026-04-03T01:51:14.359+0600][41.516s][info][gc,stats    ]   Rendezvous                        262 us
[2026-04-03T01:51:14.359+0600][41.516s][info][gc,stats    ] Concurrent Cleanup                  835 us
[2026-04-03T01:51:14.359+0600][41.516s][info][gc,stats    ] Concurrent Class Unloading         7337 us
[2026-04-03T01:51:14.359+0600][41.516s][info][gc,stats    ]   Unlink Stale                     6910 us
[2026-04-03T01:51:14.359+0600][41.516s][info][gc,stats    ]     System Dictionary               114 us
[2026-04-03T01:51:14.359+0600][41.516s][info][gc,stats    ]     Weak Class Links                  0 us
[2026-04-03T01:51:14.359+0600][41.516s][info][gc,stats    ]     Code Roots                     6792 us
[2026-04-03T01:51:14.359+0600][41.516s][info][gc,stats    ]   Rendezvous                        300 us
[2026-04-03T01:51:14.359+0600][41.516s][info][gc,stats    ]   Purge Unlinked                     17 us
[2026-04-03T01:51:14.359+0600][41.516s][info][gc,stats    ]     Code Roots                        6 us
[2026-04-03T01:51:14.359+0600][41.516s][info][gc,stats    ]     CLDG                             10 us
[2026-04-03T01:51:14.359+0600][41.516s][info][gc,stats    ]     Exception Caches                  1 us
[2026-04-03T01:51:14.359+0600][41.516s][info][gc,stats    ] Concurrent Strong Roots            1232 us, parallelism: 0.71x
[2026-04-03T01:51:14.359+0600][41.516s][info][gc,stats    ]   CSR: <total>                      876 us
[2026-04-03T01:51:14.359+0600][41.516s][info][gc,stats    ]   CSR: VM Strong Roots               31 us, workers (us):  15,  16,   0, ---, ---, ---, 
[2026-04-03T01:51:14.359+0600][41.516s][info][gc,stats    ]   CSR: CLDG Roots                   846 us, workers (us): 846, ---, ---, ---, ---, ---, 
[2026-04-03T01:51:14.359+0600][41.516s][info][gc,stats    ] Concurrent Evacuation             66483 us
[2026-04-03T01:51:14.359+0600][41.516s][info][gc,stats    ] Pause Init Update Refs (G)          637 us
[2026-04-03T01:51:14.359+0600][41.516s][info][gc,stats    ] Pause Init Update Refs (N)          235 us
[2026-04-03T01:51:14.359+0600][41.516s][info][gc,stats    ]   Manage GCLABs                      37 us
[2026-04-03T01:51:14.359+0600][41.516s][info][gc,stats    ] Concurrent Update Refs           366447 us
[2026-04-03T01:51:14.359+0600][41.516s][info][gc,stats    ] Concurrent Update Thread Roots     1023 us
[2026-04-03T01:51:14.359+0600][41.516s][info][gc,stats    ] Pause Final Update Refs (G)         626 us
[2026-04-03T01:51:14.359+0600][41.516s][info][gc,stats    ] Pause Final Update Refs (N)         267 us
[2026-04-03T01:51:14.359+0600][41.516s][info][gc,stats    ]   Update Region States               76 us
[2026-04-03T01:51:14.359+0600][41.516s][info][gc,stats    ]   Trash Collection Set               16 us
[2026-04-03T01:51:14.359+0600][41.516s][info][gc,stats    ]   Rebuild Free Set                   50 us
[2026-04-03T01:51:14.359+0600][41.516s][info][gc,stats    ] Concurrent Cleanup                 1070 us
[2026-04-03T01:51:14.359+0600][41.516s][info][gc,stats    ] 
[2026-04-03T01:51:14.359+0600][41.516s][info][gc,stats    ] Allocation pacing accrued:
[2026-04-03T01:51:14.359+0600][41.516s][info][gc,stats    ]       0 of  1276 ms (  0.0%): <total>
[2026-04-03T01:51:14.359+0600][41.516s][info][gc,stats    ]       0 of  1276 ms (  0.0%): <average total>
[2026-04-03T01:51:14.359+0600][41.516s][info][gc,stats    ] 
[2026-04-03T01:51:14.359+0600][41.516s][info][gc,metaspace] Metaspace: 72716K(73728K)->72716K(73728K) NonClass: 63406K(64000K)->63406K(64000K) Class: 9309K(9728K)->9309K(9728K)
[2026-04-03T01:51:14.359+0600][41.516s][info][gc,ergo     ] Pacer for Idle. Initial: 80302K, Alloc Tax Rate: 1.0x
[2026-04-03T01:51:15.619+0600][42.776s][info][gc          ] Trigger: Learning 4 of 5. Free (2743M) is below initial threshold (2744M)
[2026-04-03T01:51:15.619+0600][42.776s][info][gc,ergo     ] Free: 2743M, Max: 1024K regular, 1301M humongous, Frag: 53% external, 0% internal; Reserve: 197M, Max: 1024K
[2026-04-03T01:51:15.619+0600][42.776s][info][gc,start    ] GC(13) Concurrent reset
[2026-04-03T01:51:15.619+0600][42.776s][info][gc,task     ] GC(13) Using 3 of 6 workers for concurrent reset
[2026-04-03T01:51:15.619+0600][42.776s][info][gc,ergo     ] GC(13) Pacer for Reset. Non-Taxable: 3921M
[2026-04-03T01:51:15.622+0600][42.779s][info][gc          ] GC(13) Concurrent reset 2.824ms
[2026-04-03T01:51:15.622+0600][42.779s][info][gc,start    ] GC(13) Pause Init Mark (unload classes)
[2026-04-03T01:51:15.622+0600][42.779s][info][gc,task     ] GC(13) Using 6 of 6 workers for init marking
[2026-04-03T01:51:15.623+0600][42.779s][info][gc,ergo     ] GC(13) Pacer for Mark. Expected Live: 233M, Free: 2740M, Non-Taxable: 274M, Alloc Tax Rate: 0.1x
[2026-04-03T01:51:15.623+0600][42.779s][info][gc          ] GC(13) Pause Init Mark (unload classes) 0.143ms
[2026-04-03T01:51:15.623+0600][42.779s][info][gc,start    ] GC(13) Concurrent marking roots
[2026-04-03T01:51:15.623+0600][42.780s][info][gc,task     ] GC(13) Using 3 of 6 workers for concurrent marking roots
[2026-04-03T01:51:15.624+0600][42.781s][info][gc          ] GC(13) Concurrent marking roots 1.268ms
[2026-04-03T01:51:15.624+0600][42.781s][info][gc,start    ] GC(13) Concurrent marking (unload classes)
[2026-04-03T01:51:15.624+0600][42.781s][info][gc,task     ] GC(13) Using 3 of 6 workers for concurrent marking
[2026-04-03T01:51:15.960+0600][43.117s][info][gc          ] GC(13) Concurrent marking (unload classes) 336.391ms
[2026-04-03T01:51:15.961+0600][43.117s][info][gc,start    ] GC(13) Pause Final Mark (unload classes)
[2026-04-03T01:51:15.961+0600][43.117s][info][gc,task     ] GC(13) Using 6 of 6 workers for final marking
[2026-04-03T01:51:15.961+0600][43.118s][info][gc,ergo     ] GC(13) Adaptive CSet Selection. Target Free: 555M, Actual Free: 3287M, Max CSet: 163M, Min Garbage: 0B
[2026-04-03T01:51:15.961+0600][43.118s][info][gc,ergo     ] GC(13) Collectable Garbage: 763M (99%), Immediate: 555M (72%), CSet: 207M (27%)
[2026-04-03T01:51:15.961+0600][43.118s][info][gc,ergo     ] GC(13) Pacer for Evacuation. Used CSet: 243M, Free: 3116M, Non-Taxable: 311M, Alloc Tax Rate: 1.1x
[2026-04-03T01:51:15.962+0600][43.118s][info][gc          ] GC(13) Pause Final Mark (unload classes) 0.962ms
[2026-04-03T01:51:15.962+0600][43.119s][info][gc,start    ] GC(13) Concurrent thread roots
[2026-04-03T01:51:15.962+0600][43.119s][info][gc,task     ] GC(13) Using 3 of 6 workers for Concurrent thread roots
[2026-04-03T01:51:15.963+0600][43.120s][info][gc          ] GC(13) Concurrent thread roots 1.198ms
[2026-04-03T01:51:15.963+0600][43.120s][info][gc,start    ] GC(13) Concurrent weak references
[2026-04-03T01:51:15.963+0600][43.120s][info][gc,task     ] GC(13) Using 3 of 6 workers for concurrent weak references
[2026-04-03T01:51:15.963+0600][43.120s][info][gc,ref      ] GC(13) Encountered references: Soft: 3289, Weak: 6501, Final: 84, Phantom: 599
[2026-04-03T01:51:15.963+0600][43.120s][info][gc,ref      ] GC(13) Discovered  references: Soft: 0, Weak: 598, Final: 0, Phantom: 596
[2026-04-03T01:51:15.963+0600][43.120s][info][gc,ref      ] GC(13) Enqueued    references: Soft: 0, Weak: 113, Final: 0, Phantom: 0
[2026-04-03T01:51:15.963+0600][43.120s][info][gc          ] GC(13) Concurrent weak references 0.432ms
[2026-04-03T01:51:15.963+0600][43.120s][info][gc,start    ] GC(13) Concurrent weak roots
[2026-04-03T01:51:15.963+0600][43.120s][info][gc,task     ] GC(13) Using 3 of 6 workers for concurrent weak root
[2026-04-03T01:51:15.967+0600][43.124s][info][gc          ] GC(13) Concurrent weak roots 3.866ms
[2026-04-03T01:51:15.967+0600][43.124s][info][gc,start    ] GC(13) Concurrent cleanup
[2026-04-03T01:51:15.968+0600][43.125s][info][gc          ] GC(13) Concurrent cleanup 1154M->598M(1466M) 0.599ms
[2026-04-03T01:51:15.968+0600][43.125s][info][gc,ergo     ] GC(13) Free: 3112M, Max: 1024K regular, 1235M humongous, Frag: 61% external, 0% internal; Reserve: 195M, Max: 1024K
[2026-04-03T01:51:15.968+0600][43.125s][info][gc,start    ] GC(13) Concurrent class unloading
[2026-04-03T01:51:15.968+0600][43.125s][info][gc,task     ] GC(13) Using 3 of 6 workers for concurrent class unloading
[2026-04-03T01:51:15.978+0600][43.135s][info][gc          ] GC(13) Concurrent class unloading 9.717ms
[2026-04-03T01:51:15.978+0600][43.135s][info][gc,start    ] GC(13) Concurrent strong roots
[2026-04-03T01:51:15.978+0600][43.135s][info][gc,task     ] GC(13) Using 3 of 6 workers for concurrent strong root
[2026-04-03T01:51:15.980+0600][43.137s][info][gc          ] GC(13) Concurrent strong roots 1.947ms
[2026-04-03T01:51:15.980+0600][43.137s][info][gc,start    ] GC(13) Concurrent evacuation
[2026-04-03T01:51:15.980+0600][43.137s][info][gc,task     ] GC(13) Using 3 of 6 workers for concurrent evacuation
[2026-04-03T01:51:16.018+0600][43.175s][info][gc          ] GC(13) Concurrent evacuation 37.652ms
[2026-04-03T01:51:16.018+0600][43.175s][info][gc,start    ] GC(13) Pause Init Update Refs
[2026-04-03T01:51:16.018+0600][43.175s][info][gc,ergo     ] GC(13) Pacer for Update Refs. Used: 657M, Free: 3092M, Non-Taxable: 309M, Alloc Tax Rate: 1.1x
[2026-04-03T01:51:16.018+0600][43.175s][info][gc          ] GC(13) Pause Init Update Refs 0.193ms
[2026-04-03T01:51:16.018+0600][43.175s][info][gc,start    ] GC(13) Concurrent update references
[2026-04-03T01:51:16.018+0600][43.175s][info][gc,task     ] GC(13) Using 3 of 6 workers for concurrent reference update
[2026-04-03T01:51:16.279+0600][43.436s][info][gc          ] GC(13) Concurrent update references 261.027ms
[2026-04-03T01:51:16.280+0600][43.436s][info][gc,start    ] GC(13) Concurrent update thread roots
[2026-04-03T01:51:16.281+0600][43.438s][info][gc          ] GC(13) Concurrent update thread roots 1.197ms
[2026-04-03T01:51:16.281+0600][43.438s][info][gc,start    ] GC(13) Pause Final Update Refs
[2026-04-03T01:51:16.281+0600][43.438s][info][gc,task     ] GC(13) Using 6 of 6 workers for final reference update
[2026-04-03T01:51:16.281+0600][43.438s][info][gc          ] GC(13) Pause Final Update Refs 0.289ms
[2026-04-03T01:51:16.281+0600][43.438s][info][gc,start    ] GC(13) Concurrent cleanup
[2026-04-03T01:51:16.282+0600][43.439s][info][gc          ] GC(13) Concurrent cleanup 848M->605M(1466M) 0.345ms
[2026-04-03T01:51:16.282+0600][43.439s][info][gc,ergo     ] Free: 3099M, Max: 1024K regular, 1235M humongous, Frag: 61% external, 0% internal; Reserve: 197M, Max: 1024K
[2026-04-03T01:51:16.282+0600][43.439s][info][gc,stats    ] 
[2026-04-03T01:51:16.282+0600][43.439s][info][gc,stats    ] All times are wall-clock times, except per-root-class counters, that are sum over
[2026-04-03T01:51:16.282+0600][43.439s][info][gc,stats    ] all workers. Dividing the <total> over the root stage time estimates parallelism.
[2026-04-03T01:51:16.282+0600][43.439s][info][gc,stats    ] 
[2026-04-03T01:51:16.282+0600][43.439s][info][gc,stats    ] Concurrent Reset                   2903 us
[2026-04-03T01:51:16.282+0600][43.439s][info][gc,stats    ] Pause Init Mark (G)                 431 us
[2026-04-03T01:51:16.282+0600][43.439s][info][gc,stats    ] Pause Init Mark (N)                 151 us
[2026-04-03T01:51:16.282+0600][43.439s][info][gc,stats    ]   Update Region States               40 us
[2026-04-03T01:51:16.282+0600][43.439s][info][gc,stats    ] Concurrent Mark Roots              1319 us, parallelism: 1.92x
[2026-04-03T01:51:16.282+0600][43.439s][info][gc,stats    ]   CMR: <total>                     2534 us
[2026-04-03T01:51:16.282+0600][43.439s][info][gc,stats    ]   CMR: Thread Roots                2197 us, workers (us): 539, 829, 829, ---, ---, ---, 
[2026-04-03T01:51:16.282+0600][43.439s][info][gc,stats    ]   CMR: VM Strong Roots               32 us, workers (us):  30,   1,   1, ---, ---, ---, 
[2026-04-03T01:51:16.282+0600][43.439s][info][gc,stats    ]   CMR: CLDG Roots                   305 us, workers (us): 305, ---, ---, ---, ---, ---, 
[2026-04-03T01:51:16.282+0600][43.439s][info][gc,stats    ] Concurrent Marking               336510 us
[2026-04-03T01:51:16.282+0600][43.439s][info][gc,stats    ] Pause Final Mark (G)               1183 us
[2026-04-03T01:51:16.282+0600][43.439s][info][gc,stats    ] Pause Final Mark (N)                984 us
[2026-04-03T01:51:16.282+0600][43.439s][info][gc,stats    ]   Finish Mark                       309 us
[2026-04-03T01:51:16.282+0600][43.439s][info][gc,stats    ]   Update Region States               79 us
[2026-04-03T01:51:16.282+0600][43.439s][info][gc,stats    ]   Choose Collection Set             303 us
[2026-04-03T01:51:16.282+0600][43.439s][info][gc,stats    ]   Rebuild Free Set                   60 us
[2026-04-03T01:51:16.282+0600][43.439s][info][gc,stats    ] Concurrent Thread Roots            1253 us, parallelism: 2.24x
[2026-04-03T01:51:16.282+0600][43.439s][info][gc,stats    ]   CTR: <total>                     2812 us
[2026-04-03T01:51:16.282+0600][43.439s][info][gc,stats    ]   CTR: Thread Roots                2812 us, workers (us): 953, 944, 915, ---, ---, ---, 
[2026-04-03T01:51:16.282+0600][43.439s][info][gc,stats    ] Concurrent Weak References          453 us, parallelism: 0.69x
[2026-04-03T01:51:16.282+0600][43.439s][info][gc,stats    ]   CWRF: <total>                     311 us
[2026-04-03T01:51:16.282+0600][43.439s][info][gc,stats    ]   CWRF: Weak References             311 us, workers (us): 149, 159,   2, ---, ---, ---, 
[2026-04-03T01:51:16.282+0600][43.439s][info][gc,stats    ] Concurrent Weak Roots              3975 us
[2026-04-03T01:51:16.282+0600][43.439s][info][gc,stats    ]   Roots                            3553 us, parallelism: 2.52x
[2026-04-03T01:51:16.282+0600][43.439s][info][gc,stats    ]     CWR: <total>                   8966 us
[2026-04-03T01:51:16.282+0600][43.439s][info][gc,stats    ]     CWR: Code Cache Roots          4767 us, workers (us): 1790, 1531, 1447, ---, ---, ---, 
[2026-04-03T01:51:16.282+0600][43.439s][info][gc,stats    ]     CWR: VM Weak Roots             4103 us, workers (us): 1400, 1402, 1301, ---, ---, ---, 
[2026-04-03T01:51:16.282+0600][43.439s][info][gc,stats    ]     CWR: CLDG Roots                  97 us, workers (us): ---, ---,  97, ---, ---, ---, 
[2026-04-03T01:51:16.282+0600][43.439s][info][gc,stats    ]   Rendezvous                        270 us
[2026-04-03T01:51:16.282+0600][43.439s][info][gc,stats    ] Concurrent Cleanup                  653 us
[2026-04-03T01:51:16.282+0600][43.439s][info][gc,stats    ] Concurrent Class Unloading         9841 us
[2026-04-03T01:51:16.282+0600][43.439s][info][gc,stats    ]   Unlink Stale                     8587 us
[2026-04-03T01:51:16.282+0600][43.439s][info][gc,stats    ]     System Dictionary               164 us
[2026-04-03T01:51:16.282+0600][43.439s][info][gc,stats    ]     Weak Class Links                  1 us
[2026-04-03T01:51:16.282+0600][43.439s][info][gc,stats    ]     Code Roots                     8417 us
[2026-04-03T01:51:16.282+0600][43.439s][info][gc,stats    ]   Rendezvous                        307 us
[2026-04-03T01:51:16.282+0600][43.439s][info][gc,stats    ]   Purge Unlinked                    774 us
[2026-04-03T01:51:16.282+0600][43.439s][info][gc,stats    ]     Code Roots                      754 us
[2026-04-03T01:51:16.282+0600][43.439s][info][gc,stats    ]     CLDG                             19 us
[2026-04-03T01:51:16.282+0600][43.439s][info][gc,stats    ]     Exception Caches                  0 us
[2026-04-03T01:51:16.282+0600][43.439s][info][gc,stats    ] Concurrent Strong Roots            2065 us, parallelism: 0.79x
[2026-04-03T01:51:16.282+0600][43.439s][info][gc,stats    ]   CSR: <total>                     1628 us
[2026-04-03T01:51:16.282+0600][43.439s][info][gc,stats    ]   CSR: VM Strong Roots               84 us, workers (us):  28,  29,  27, ---, ---, ---, 
[2026-04-03T01:51:16.282+0600][43.439s][info][gc,stats    ]   CSR: CLDG Roots                  1544 us, workers (us): 1544, ---, ---, ---, ---, ---, 
[2026-04-03T01:51:16.282+0600][43.439s][info][gc,stats    ] Concurrent Evacuation             37806 us
[2026-04-03T01:51:16.282+0600][43.439s][info][gc,stats    ] Pause Init Update Refs (G)          578 us
[2026-04-03T01:51:16.282+0600][43.439s][info][gc,stats    ] Pause Init Update Refs (N)          207 us
[2026-04-03T01:51:16.283+0600][43.439s][info][gc,stats    ]   Manage GCLABs                      22 us
[2026-04-03T01:51:16.283+0600][43.439s][info][gc,stats    ] Concurrent Update Refs           261142 us
[2026-04-03T01:51:16.283+0600][43.439s][info][gc,stats    ] Concurrent Update Thread Roots     1245 us
[2026-04-03T01:51:16.283+0600][43.439s][info][gc,stats    ] Pause Final Update Refs (G)         633 us
[2026-04-03T01:51:16.283+0600][43.439s][info][gc,stats    ] Pause Final Update Refs (N)         307 us
[2026-04-03T01:51:16.283+0600][43.439s][info][gc,stats    ]   Update Region States               82 us
[2026-04-03T01:51:16.283+0600][43.439s][info][gc,stats    ]   Trash Collection Set               17 us
[2026-04-03T01:51:16.283+0600][43.439s][info][gc,stats    ]   Rebuild Free Set                   50 us
[2026-04-03T01:51:16.283+0600][43.439s][info][gc,stats    ] Concurrent Cleanup                  373 us
[2026-04-03T01:51:16.283+0600][43.439s][info][gc,stats    ] 
[2026-04-03T01:51:16.283+0600][43.439s][info][gc,stats    ] Allocation pacing accrued:
[2026-04-03T01:51:16.283+0600][43.439s][info][gc,stats    ]       0 of  1923 ms (  0.0%): <total>
[2026-04-03T01:51:16.283+0600][43.439s][info][gc,stats    ]       0 of  1923 ms (  0.0%): <average total>
[2026-04-03T01:51:16.283+0600][43.439s][info][gc,stats    ] 
[2026-04-03T01:51:16.283+0600][43.440s][info][gc,metaspace] Metaspace: 72777K(73728K)->72781K(73728K) NonClass: 63464K(64000K)->63468K(64000K) Class: 9313K(9728K)->9313K(9728K)
[2026-04-03T01:51:16.283+0600][43.440s][info][gc,ergo     ] Pacer for Idle. Initial: 80302K, Alloc Tax Rate: 1.0x
[2026-04-03T01:51:16.624+0600][43.780s][info][gc          ] Trigger: Learning 5 of 5. Free (2744M) is below initial threshold (2744M)
[2026-04-03T01:51:16.624+0600][43.781s][info][gc,ergo     ] Free: 2744M, Max: 1024K regular, 1235M humongous, Frag: 55% external, 0% internal; Reserve: 197M, Max: 1024K
[2026-04-03T01:51:16.624+0600][43.781s][info][gc,start    ] GC(14) Concurrent reset
[2026-04-03T01:51:16.624+0600][43.781s][info][gc,task     ] GC(14) Using 3 of 6 workers for concurrent reset
[2026-04-03T01:51:16.624+0600][43.781s][info][gc,ergo     ] GC(14) Pacer for Reset. Non-Taxable: 3921M
[2026-04-03T01:51:16.626+0600][43.783s][info][gc          ] GC(14) Concurrent reset 2.090ms
[2026-04-03T01:51:16.626+0600][43.783s][info][gc,start    ] GC(14) Pause Init Mark (unload classes)
[2026-04-03T01:51:16.626+0600][43.783s][info][gc,task     ] GC(14) Using 6 of 6 workers for init marking
[2026-04-03T01:51:16.627+0600][43.783s][info][gc,ergo     ] GC(14) Pacer for Mark. Expected Live: 220M, Free: 2741M, Non-Taxable: 274M, Alloc Tax Rate: 0.1x
[2026-04-03T01:51:16.627+0600][43.783s][info][gc          ] GC(14) Pause Init Mark (unload classes) 0.319ms
[2026-04-03T01:51:16.627+0600][43.784s][info][gc,start    ] GC(14) Concurrent marking roots
[2026-04-03T01:51:16.627+0600][43.784s][info][gc,task     ] GC(14) Using 3 of 6 workers for concurrent marking roots
[2026-04-03T01:51:16.628+0600][43.785s][info][gc          ] GC(14) Concurrent marking roots 1.120ms
[2026-04-03T01:51:16.628+0600][43.785s][info][gc,start    ] GC(14) Concurrent marking (unload classes)
[2026-04-03T01:51:16.628+0600][43.785s][info][gc,task     ] GC(14) Using 3 of 6 workers for concurrent marking
[2026-04-03T01:51:17.139+0600][44.296s][info][gc          ] GC(14) Concurrent marking (unload classes) 511.173ms
[2026-04-03T01:51:17.139+0600][44.296s][info][gc,start    ] GC(14) Pause Final Mark (unload classes)
[2026-04-03T01:51:17.140+0600][44.296s][info][gc,task     ] GC(14) Using 6 of 6 workers for final marking
[2026-04-03T01:51:17.140+0600][44.297s][info][gc,ergo     ] GC(14) Adaptive CSet Selection. Target Free: 555M, Actual Free: 2627M, Max CSet: 163M, Min Garbage: 0B
[2026-04-03T01:51:17.141+0600][44.298s][info][gc,ergo     ] GC(14) Collectable Garbage: 673M (99%), Immediate: 30720K (4%), CSet: 643M (94%)
[2026-04-03T01:51:17.141+0600][44.298s][info][gc,ergo     ] GC(14) Pacer for Evacuation. Used CSet: 755M, Free: 2448M, Non-Taxable: 244M, Alloc Tax Rate: 1.1x
[2026-04-03T01:51:17.141+0600][44.298s][info][gc          ] GC(14) Pause Final Mark (unload classes) 1.394ms
[2026-04-03T01:51:17.141+0600][44.298s][info][gc,start    ] GC(14) Concurrent thread roots
[2026-04-03T01:51:17.141+0600][44.298s][info][gc,task     ] GC(14) Using 3 of 6 workers for Concurrent thread roots
[2026-04-03T01:51:17.142+0600][44.299s][info][gc          ] GC(14) Concurrent thread roots 1.033ms
[2026-04-03T01:51:17.142+0600][44.299s][info][gc,start    ] GC(14) Concurrent weak references
[2026-04-03T01:51:17.142+0600][44.299s][info][gc,task     ] GC(14) Using 3 of 6 workers for concurrent weak references
[2026-04-03T01:51:17.143+0600][44.299s][info][gc,ref      ] GC(14) Encountered references: Soft: 3289, Weak: 6396, Final: 84, Phantom: 599
[2026-04-03T01:51:17.143+0600][44.299s][info][gc,ref      ] GC(14) Discovered  references: Soft: 0, Weak: 623, Final: 0, Phantom: 596
[2026-04-03T01:51:17.143+0600][44.299s][info][gc,ref      ] GC(14) Enqueued    references: Soft: 0, Weak: 78, Final: 0, Phantom: 0
[2026-04-03T01:51:17.143+0600][44.300s][info][gc          ] GC(14) Concurrent weak references 0.529ms
[2026-04-03T01:51:17.143+0600][44.300s][info][gc,start    ] GC(14) Concurrent weak roots
[2026-04-03T01:51:17.143+0600][44.300s][info][gc,task     ] GC(14) Using 3 of 6 workers for concurrent weak root
[2026-04-03T01:51:17.146+0600][44.302s][info][gc          ] GC(14) Concurrent weak roots 2.818ms
[2026-04-03T01:51:17.146+0600][44.302s][info][gc,start    ] GC(14) Concurrent cleanup
[2026-04-03T01:51:17.146+0600][44.303s][info][gc          ] GC(14) Concurrent cleanup 1301M->1271M(1466M) 0.330ms
[2026-04-03T01:51:17.146+0600][44.303s][info][gc,ergo     ] GC(14) Free: 2445M, Max: 1024K regular, 994M humongous, Frag: 60% external, 0% internal; Reserve: 195M, Max: 1024K
[2026-04-03T01:51:17.146+0600][44.303s][info][gc,start    ] GC(14) Concurrent class unloading
[2026-04-03T01:51:17.146+0600][44.303s][info][gc,task     ] GC(14) Using 3 of 6 workers for concurrent class unloading
[2026-04-03T01:51:17.154+0600][44.311s][info][gc          ] GC(14) Concurrent class unloading 7.795ms
[2026-04-03T01:51:17.154+0600][44.311s][info][gc,start    ] GC(14) Concurrent strong roots
[2026-04-03T01:51:17.154+0600][44.311s][info][gc,task     ] GC(14) Using 3 of 6 workers for concurrent strong root
[2026-04-03T01:51:17.155+0600][44.312s][info][gc          ] GC(14) Concurrent strong roots 1.368ms
[2026-04-03T01:51:17.155+0600][44.312s][info][gc,start    ] GC(14) Concurrent evacuation
[2026-04-03T01:51:17.155+0600][44.312s][info][gc,task     ] GC(14) Using 3 of 6 workers for concurrent evacuation
[2026-04-03T01:51:17.254+0600][44.411s][info][gc          ] GC(14) Concurrent evacuation 98.216ms
[2026-04-03T01:51:17.254+0600][44.411s][info][gc,start    ] GC(14) Pause Init Update Refs
[2026-04-03T01:51:17.254+0600][44.411s][info][gc,ergo     ] GC(14) Pacer for Update Refs. Used: 1447M, Free: 2384M, Non-Taxable: 238M, Alloc Tax Rate: 1.1x
[2026-04-03T01:51:17.254+0600][44.411s][info][gc          ] GC(14) Pause Init Update Refs 0.159ms
[2026-04-03T01:51:17.254+0600][44.411s][info][gc,start    ] GC(14) Concurrent update references
[2026-04-03T01:51:17.255+0600][44.411s][info][gc,task     ] GC(14) Using 3 of 6 workers for concurrent reference update
[2026-04-03T01:51:17.586+0600][44.743s][info][gc          ] GC(14) Concurrent update references 331.780ms
[2026-04-03T01:51:17.586+0600][44.743s][info][gc,start    ] GC(14) Concurrent update thread roots
[2026-04-03T01:51:17.588+0600][44.745s][info][gc          ] GC(14) Concurrent update thread roots 1.340ms
[2026-04-03T01:51:17.588+0600][44.745s][info][gc,start    ] GC(14) Pause Final Update Refs
[2026-04-03T01:51:17.588+0600][44.745s][info][gc,task     ] GC(14) Using 6 of 6 workers for final reference update
[2026-04-03T01:51:17.588+0600][44.745s][info][gc          ] GC(14) Pause Final Update Refs 0.255ms
[2026-04-03T01:51:17.588+0600][44.745s][info][gc,start    ] GC(14) Concurrent cleanup
[2026-04-03T01:51:17.589+0600][44.746s][info][gc          ] GC(14) Concurrent cleanup 1617M->863M(1637M) 0.923ms
[2026-04-03T01:51:17.589+0600][44.746s][info][gc,ergo     ] Free: 2852M, Max: 1024K regular, 886M humongous, Frag: 69% external, 0% internal; Reserve: 197M, Max: 1024K
[2026-04-03T01:51:17.589+0600][44.746s][info][gc,stats    ] 
[2026-04-03T01:51:17.589+0600][44.746s][info][gc,stats    ] All times are wall-clock times, except per-root-class counters, that are sum over
[2026-04-03T01:51:17.589+0600][44.746s][info][gc,stats    ] all workers. Dividing the <total> over the root stage time estimates parallelism.
[2026-04-03T01:51:17.589+0600][44.746s][info][gc,stats    ] 
[2026-04-03T01:51:17.589+0600][44.746s][info][gc,stats    ] Concurrent Reset                   2177 us
[2026-04-03T01:51:17.589+0600][44.746s][info][gc,stats    ] Pause Init Mark (G)                 621 us
[2026-04-03T01:51:17.589+0600][44.746s][info][gc,stats    ] Pause Init Mark (N)                 346 us
[2026-04-03T01:51:17.589+0600][44.746s][info][gc,stats    ]   Update Region States               53 us
[2026-04-03T01:51:17.589+0600][44.746s][info][gc,stats    ] Concurrent Mark Roots              1173 us, parallelism: 1.76x
[2026-04-03T01:51:17.590+0600][44.746s][info][gc,stats    ]   CMR: <total>                     2060 us
[2026-04-03T01:51:17.590+0600][44.746s][info][gc,stats    ]   CMR: Thread Roots                1792 us, workers (us): 453, 682, 657, ---, ---, ---, 
[2026-04-03T01:51:17.590+0600][44.746s][info][gc,stats    ]   CMR: VM Strong Roots               47 us, workers (us):  36,  10,   1, ---, ---, ---, 
[2026-04-03T01:51:17.590+0600][44.746s][info][gc,stats    ]   CMR: CLDG Roots                   221 us, workers (us): 221, ---, ---, ---, ---, ---, 
[2026-04-03T01:51:17.590+0600][44.746s][info][gc,stats    ] Concurrent Marking               511296 us
[2026-04-03T01:51:17.590+0600][44.746s][info][gc,stats    ] Pause Final Mark (G)               1863 us
[2026-04-03T01:51:17.590+0600][44.746s][info][gc,stats    ] Pause Final Mark (N)               1412 us
[2026-04-03T01:51:17.590+0600][44.746s][info][gc,stats    ]   Finish Mark                       519 us
[2026-04-03T01:51:17.590+0600][44.746s][info][gc,stats    ]   Update Region States               87 us
[2026-04-03T01:51:17.590+0600][44.746s][info][gc,stats    ]   Choose Collection Set             457 us
[2026-04-03T01:51:17.590+0600][44.746s][info][gc,stats    ]   Rebuild Free Set                  101 us
[2026-04-03T01:51:17.590+0600][44.746s][info][gc,stats    ] Concurrent Thread Roots            1081 us, parallelism: 2.01x
[2026-04-03T01:51:17.590+0600][44.746s][info][gc,stats    ]   CTR: <total>                     2174 us
[2026-04-03T01:51:17.590+0600][44.746s][info][gc,stats    ]   CTR: Thread Roots                2174 us, workers (us): 745, 727, 702, ---, ---, ---, 
[2026-04-03T01:51:17.590+0600][44.746s][info][gc,stats    ] Concurrent Weak References          564 us, parallelism: 0.62x
[2026-04-03T01:51:17.590+0600][44.747s][info][gc,stats    ]   CWRF: <total>                     348 us
[2026-04-03T01:51:17.590+0600][44.747s][info][gc,stats    ]   CWRF: Weak References             348 us, workers (us):  98, 249,   1, ---, ---, ---, 
[2026-04-03T01:51:17.590+0600][44.747s][info][gc,stats    ] Concurrent Weak Roots              2897 us
[2026-04-03T01:51:17.590+0600][44.747s][info][gc,stats    ]   Roots                            2494 us, parallelism: 2.50x
[2026-04-03T01:51:17.590+0600][44.747s][info][gc,stats    ]     CWR: <total>                   6243 us
[2026-04-03T01:51:17.590+0600][44.747s][info][gc,stats    ]     CWR: Code Cache Roots          4076 us, workers (us): 1322, 1336, 1417, ---, ---, ---, 
[2026-04-03T01:51:17.590+0600][44.747s][info][gc,stats    ]     CWR: VM Weak Roots             2112 us, workers (us): 713, 711, 687, ---, ---, ---, 
[2026-04-03T01:51:17.590+0600][44.747s][info][gc,stats    ]     CWR: CLDG Roots                  55 us, workers (us): ---,  55, ---, ---, ---, ---, 
[2026-04-03T01:51:17.590+0600][44.747s][info][gc,stats    ]   Rendezvous                        284 us
[2026-04-03T01:51:17.590+0600][44.747s][info][gc,stats    ] Concurrent Cleanup                  354 us
[2026-04-03T01:51:17.590+0600][44.747s][info][gc,stats    ] Concurrent Class Unloading         7887 us
[2026-04-03T01:51:17.590+0600][44.747s][info][gc,stats    ]   Unlink Stale                     7221 us
[2026-04-03T01:51:17.590+0600][44.747s][info][gc,stats    ]     System Dictionary               111 us
[2026-04-03T01:51:17.590+0600][44.747s][info][gc,stats    ]     Weak Class Links                  1 us
[2026-04-03T01:51:17.590+0600][44.747s][info][gc,stats    ]     Code Roots                     7103 us
[2026-04-03T01:51:17.590+0600][44.747s][info][gc,stats    ]   Rendezvous                        425 us
[2026-04-03T01:51:17.590+0600][44.747s][info][gc,stats    ]   Purge Unlinked                    109 us
[2026-04-03T01:51:17.590+0600][44.747s][info][gc,stats    ]     Code Roots                       99 us
[2026-04-03T01:51:17.590+0600][44.747s][info][gc,stats    ]     CLDG                             10 us
[2026-04-03T01:51:17.590+0600][44.747s][info][gc,stats    ]     Exception Caches                  0 us
[2026-04-03T01:51:17.590+0600][44.747s][info][gc,stats    ] Concurrent Strong Roots            1502 us, parallelism: 0.69x
[2026-04-03T01:51:17.590+0600][44.747s][info][gc,stats    ]   CSR: <total>                     1040 us
[2026-04-03T01:51:17.590+0600][44.747s][info][gc,stats    ]   CSR: VM Strong Roots               49 us, workers (us):  17,  17,  15, ---, ---, ---, 
[2026-04-03T01:51:17.590+0600][44.747s][info][gc,stats    ]   CSR: CLDG Roots                   991 us, workers (us): 991, ---, ---, ---, ---, ---, 
[2026-04-03T01:51:17.590+0600][44.747s][info][gc,stats    ] Concurrent Evacuation             98475 us
[2026-04-03T01:51:17.590+0600][44.747s][info][gc,stats    ] Pause Init Update Refs (G)          520 us
[2026-04-03T01:51:17.590+0600][44.747s][info][gc,stats    ] Pause Init Update Refs (N)          178 us
[2026-04-03T01:51:17.590+0600][44.747s][info][gc,stats    ]   Manage GCLABs                      45 us
[2026-04-03T01:51:17.590+0600][44.747s][info][gc,stats    ] Concurrent Update Refs           331877 us
[2026-04-03T01:51:17.590+0600][44.747s][info][gc,stats    ] Concurrent Update Thread Roots     1431 us
[2026-04-03T01:51:17.590+0600][44.747s][info][gc,stats    ] Pause Final Update Refs (G)         622 us
[2026-04-03T01:51:17.590+0600][44.747s][info][gc,stats    ] Pause Final Update Refs (N)         276 us
[2026-04-03T01:51:17.590+0600][44.747s][info][gc,stats    ]   Update Region States               82 us
[2026-04-03T01:51:17.590+0600][44.747s][info][gc,stats    ]   Trash Collection Set               23 us
[2026-04-03T01:51:17.590+0600][44.747s][info][gc,stats    ]   Rebuild Free Set                   45 us
[2026-04-03T01:51:17.590+0600][44.747s][info][gc,stats    ] Concurrent Cleanup                  950 us
[2026-04-03T01:51:17.590+0600][44.747s][info][gc,stats    ] 
[2026-04-03T01:51:17.590+0600][44.747s][info][gc,stats    ] Allocation pacing accrued:
[2026-04-03T01:51:17.590+0600][44.747s][info][gc,stats    ]       0 of  1307 ms (  0.0%): <total>
[2026-04-03T01:51:17.590+0600][44.747s][info][gc,stats    ]       0 of  1307 ms (  0.0%): <average total>
[2026-04-03T01:51:17.590+0600][44.747s][info][gc,stats    ] 
[2026-04-03T01:51:17.590+0600][44.747s][info][gc,metaspace] Metaspace: 72781K(73728K)->72783K(73728K) NonClass: 63468K(64000K)->63470K(64000K) Class: 9313K(9728K)->9313K(9728K)
[2026-04-03T01:51:17.590+0600][44.747s][info][gc,ergo     ] Pacer for Idle. Initial: 80302K, Alloc Tax Rate: 1.0x
[2026-04-03T01:51:20.810+0600][47.967s][info][gc          ] Trigger: Average GC time (1196.15 ms) is above the time for instantaneous allocation rate (1163 MB/s) to deplete free headroom (1264M) (spike threshold = 1.80)
[2026-04-03T01:51:20.810+0600][47.967s][info][gc,ergo     ] Free: 1460M, Max: 1024K regular, 886M humongous, Frag: 40% external, 0% internal; Reserve: 197M, Max: 1024K
[2026-04-03T01:51:20.810+0600][47.967s][info][gc,start    ] GC(15) Concurrent reset
[2026-04-03T01:51:20.810+0600][47.967s][info][gc,task     ] GC(15) Using 3 of 6 workers for concurrent reset
[2026-04-03T01:51:20.810+0600][47.967s][info][gc,ergo     ] GC(15) Pacer for Reset. Non-Taxable: 3921M
[2026-04-03T01:51:20.813+0600][47.970s][info][gc          ] GC(15) Concurrent reset 2.383ms
[2026-04-03T01:51:20.813+0600][47.970s][info][gc,start    ] GC(15) Pause Init Mark (unload classes)
[2026-04-03T01:51:20.813+0600][47.970s][info][gc,task     ] GC(15) Using 6 of 6 workers for init marking
[2026-04-03T01:51:20.813+0600][47.970s][info][gc,ergo     ] GC(15) Pacer for Mark. Expected Live: 239M, Free: 1457M, Non-Taxable: 145M, Alloc Tax Rate: 0.2x
[2026-04-03T01:51:20.813+0600][47.970s][info][gc          ] GC(15) Pause Init Mark (unload classes) 0.106ms
[2026-04-03T01:51:20.813+0600][47.970s][info][gc,start    ] GC(15) Concurrent marking roots
[2026-04-03T01:51:20.813+0600][47.970s][info][gc,task     ] GC(15) Using 3 of 6 workers for concurrent marking roots
[2026-04-03T01:51:20.814+0600][47.971s][info][gc          ] GC(15) Concurrent marking roots 0.867ms
[2026-04-03T01:51:20.814+0600][47.971s][info][gc,start    ] GC(15) Concurrent marking (unload classes)
[2026-04-03T01:51:20.814+0600][47.971s][info][gc,task     ] GC(15) Using 3 of 6 workers for concurrent marking
[2026-04-03T01:51:21.111+0600][48.268s][info][gc          ] GC(15) Concurrent marking (unload classes) 296.979ms
[2026-04-03T01:51:21.111+0600][48.268s][info][gc,start    ] GC(15) Pause Final Mark (unload classes)
[2026-04-03T01:51:21.112+0600][48.268s][info][gc,task     ] GC(15) Using 6 of 6 workers for final marking
[2026-04-03T01:51:21.112+0600][48.269s][info][gc,ergo     ] GC(15) Adaptive CSet Selection. Target Free: 555M, Actual Free: 3179M, Max CSet: 163M, Min Garbage: 0B
[2026-04-03T01:51:21.112+0600][48.269s][info][gc,ergo     ] GC(15) Collectable Garbage: 2018M (99%), Immediate: 1717M (84%), CSet: 301M (14%)
[2026-04-03T01:51:21.112+0600][48.269s][info][gc,ergo     ] GC(15) Pacer for Evacuation. Used CSet: 335M, Free: 3043M, Non-Taxable: 304M, Alloc Tax Rate: 1.1x
[2026-04-03T01:51:21.113+0600][48.269s][info][gc          ] GC(15) Pause Final Mark (unload classes) 1.051ms
[2026-04-03T01:51:21.113+0600][48.270s][info][gc,start    ] GC(15) Concurrent thread roots
[2026-04-03T01:51:21.113+0600][48.270s][info][gc,task     ] GC(15) Using 3 of 6 workers for Concurrent thread roots
[2026-04-03T01:51:21.114+0600][48.271s][info][gc          ] GC(15) Concurrent thread roots 1.110ms
[2026-04-03T01:51:21.114+0600][48.271s][info][gc,start    ] GC(15) Concurrent weak references
[2026-04-03T01:51:21.114+0600][48.271s][info][gc,task     ] GC(15) Using 3 of 6 workers for concurrent weak references
[2026-04-03T01:51:21.114+0600][48.271s][info][gc,ref      ] GC(15) Encountered references: Soft: 3346, Weak: 6868, Final: 84, Phantom: 602
[2026-04-03T01:51:21.114+0600][48.271s][info][gc,ref      ] GC(15) Discovered  references: Soft: 0, Weak: 815, Final: 0, Phantom: 581
[2026-04-03T01:51:21.114+0600][48.271s][info][gc,ref      ] GC(15) Enqueued    references: Soft: 0, Weak: 455, Final: 0, Phantom: 0
[2026-04-03T01:51:21.114+0600][48.271s][info][gc          ] GC(15) Concurrent weak references 0.540ms
[2026-04-03T01:51:21.114+0600][48.271s][info][gc,start    ] GC(15) Concurrent weak roots
[2026-04-03T01:51:21.114+0600][48.271s][info][gc,task     ] GC(15) Using 3 of 6 workers for concurrent weak root
[2026-04-03T01:51:21.118+0600][48.275s][info][gc          ] GC(15) Concurrent weak roots 3.837ms
[2026-04-03T01:51:21.118+0600][48.275s][info][gc,start    ] GC(15) Concurrent cleanup
[2026-04-03T01:51:21.119+0600][48.276s][info][gc          ] GC(15) Concurrent cleanup 2393M->676M(2505M) 0.819ms
[2026-04-03T01:51:21.119+0600][48.276s][info][gc,ergo     ] GC(15) Free: 3039M, Max: 1024K regular, 986M humongous, Frag: 68% external, 0% internal; Reserve: 196M, Max: 1024K
[2026-04-03T01:51:21.119+0600][48.276s][info][gc,start    ] GC(15) Concurrent class unloading
[2026-04-03T01:51:21.119+0600][48.276s][info][gc,task     ] GC(15) Using 3 of 6 workers for concurrent class unloading
[2026-04-03T01:51:21.150+0600][48.307s][info][gc          ] GC(15) Concurrent class unloading 30.573ms
[2026-04-03T01:51:21.150+0600][48.307s][info][gc,start    ] GC(15) Concurrent strong roots
[2026-04-03T01:51:21.150+0600][48.307s][info][gc,task     ] GC(15) Using 3 of 6 workers for concurrent strong root
[2026-04-03T01:51:21.152+0600][48.309s][info][gc          ] GC(15) Concurrent strong roots 1.802ms
[2026-04-03T01:51:21.152+0600][48.309s][info][gc,start    ] GC(15) Concurrent evacuation
[2026-04-03T01:51:21.152+0600][48.309s][info][gc,task     ] GC(15) Using 3 of 6 workers for concurrent evacuation
[2026-04-03T01:51:21.186+0600][48.343s][info][gc          ] GC(15) Concurrent evacuation 33.853ms
[2026-04-03T01:51:21.186+0600][48.343s][info][gc,start    ] GC(15) Pause Init Update Refs
[2026-04-03T01:51:21.186+0600][48.343s][info][gc,ergo     ] GC(15) Pacer for Update Refs. Used: 759M, Free: 2993M, Non-Taxable: 299M, Alloc Tax Rate: 1.1x
[2026-04-03T01:51:21.186+0600][48.343s][info][gc          ] GC(15) Pause Init Update Refs 0.117ms
[2026-04-03T01:51:21.186+0600][48.343s][info][gc,start    ] GC(15) Concurrent update references
[2026-04-03T01:51:21.186+0600][48.343s][info][gc,task     ] GC(15) Using 3 of 6 workers for concurrent reference update
[2026-04-03T01:51:21.372+0600][48.528s][info][gc          ] GC(15) Concurrent update references 185.094ms
[2026-04-03T01:51:21.372+0600][48.529s][info][gc,start    ] GC(15) Concurrent update thread roots
[2026-04-03T01:51:21.373+0600][48.530s][info][gc          ] GC(15) Concurrent update thread roots 1.286ms
[2026-04-03T01:51:21.373+0600][48.530s][info][gc,start    ] GC(15) Pause Final Update Refs
[2026-04-03T01:51:21.373+0600][48.530s][info][gc,task     ] GC(15) Using 6 of 6 workers for final reference update
[2026-04-03T01:51:21.373+0600][48.530s][info][gc          ] GC(15) Pause Final Update Refs 0.246ms
[2026-04-03T01:51:21.374+0600][48.530s][info][gc,start    ] GC(15) Concurrent cleanup
[2026-04-03T01:51:21.374+0600][48.531s][info][gc          ] GC(15) Concurrent cleanup 767M->431M(2505M) 0.354ms
[2026-04-03T01:51:21.374+0600][48.531s][info][gc,ergo     ] Free: 3284M, Max: 1024K regular, 1631M humongous, Frag: 51% external, 0% internal; Reserve: 197M, Max: 1024K
[2026-04-03T01:51:21.374+0600][48.531s][info][gc,stats    ] 
[2026-04-03T01:51:21.374+0600][48.531s][info][gc,stats    ] All times are wall-clock times, except per-root-class counters, that are sum over
[2026-04-03T01:51:21.374+0600][48.531s][info][gc,stats    ] all workers. Dividing the <total> over the root stage time estimates parallelism.
[2026-04-03T01:51:21.374+0600][48.531s][info][gc,stats    ] 
[2026-04-03T01:51:21.374+0600][48.531s][info][gc,stats    ] Concurrent Reset                   2456 us
[2026-04-03T01:51:21.374+0600][48.531s][info][gc,stats    ] Pause Init Mark (G)                 328 us
[2026-04-03T01:51:21.374+0600][48.531s][info][gc,stats    ] Pause Init Mark (N)                 117 us
[2026-04-03T01:51:21.374+0600][48.531s][info][gc,stats    ]   Update Region States               28 us
[2026-04-03T01:51:21.374+0600][48.531s][info][gc,stats    ] Concurrent Mark Roots               907 us, parallelism: 1.77x
[2026-04-03T01:51:21.374+0600][48.531s][info][gc,stats    ]   CMR: <total>                     1609 us
[2026-04-03T01:51:21.374+0600][48.531s][info][gc,stats    ]   CMR: Thread Roots                1419 us, workers (us): 559, 393, 467, ---, ---, ---, 
[2026-04-03T01:51:21.374+0600][48.531s][info][gc,stats    ]   CMR: VM Strong Roots               26 us, workers (us):  24,   1,   1, ---, ---, ---, 
[2026-04-03T01:51:21.374+0600][48.531s][info][gc,stats    ]   CMR: CLDG Roots                   164 us, workers (us): ---, 164, ---, ---, ---, ---, 
[2026-04-03T01:51:21.374+0600][48.531s][info][gc,stats    ] Concurrent Marking               297093 us
[2026-04-03T01:51:21.374+0600][48.531s][info][gc,stats    ] Pause Final Mark (G)               1468 us
[2026-04-03T01:51:21.374+0600][48.531s][info][gc,stats    ] Pause Final Mark (N)               1068 us
[2026-04-03T01:51:21.374+0600][48.531s][info][gc,stats    ]   Finish Mark                       377 us
[2026-04-03T01:51:21.374+0600][48.531s][info][gc,stats    ]   Update Region States               83 us
[2026-04-03T01:51:21.374+0600][48.531s][info][gc,stats    ]   Choose Collection Set             339 us
[2026-04-03T01:51:21.374+0600][48.531s][info][gc,stats    ]   Rebuild Free Set                   58 us
[2026-04-03T01:51:21.374+0600][48.531s][info][gc,stats    ] Concurrent Thread Roots            1180 us, parallelism: 2.17x
[2026-04-03T01:51:21.374+0600][48.531s][info][gc,stats    ]   CTR: <total>                     2559 us
[2026-04-03T01:51:21.374+0600][48.531s][info][gc,stats    ]   CTR: Thread Roots                2559 us, workers (us): 871, 854, 834, ---, ---, ---, 
[2026-04-03T01:51:21.374+0600][48.531s][info][gc,stats    ] Concurrent Weak References          558 us, parallelism: 0.69x
[2026-04-03T01:51:21.374+0600][48.531s][info][gc,stats    ]   CWRF: <total>                     386 us
[2026-04-03T01:51:21.374+0600][48.531s][info][gc,stats    ]   CWRF: Weak References             386 us, workers (us): 103,  17, 266, ---, ---, ---, 
[2026-04-03T01:51:21.374+0600][48.531s][info][gc,stats    ] Concurrent Weak Roots              3947 us
[2026-04-03T01:51:21.374+0600][48.531s][info][gc,stats    ]   Roots                            3489 us, parallelism: 2.66x
[2026-04-03T01:51:21.374+0600][48.531s][info][gc,stats    ]     CWR: <total>                   9267 us
[2026-04-03T01:51:21.374+0600][48.531s][info][gc,stats    ]     CWR: Code Cache Roots          5669 us, workers (us): 1820, 1936, 1913, ---, ---, ---, 
[2026-04-03T01:51:21.374+0600][48.531s][info][gc,stats    ]     CWR: VM Weak Roots             3492 us, workers (us): 1188, 1166, 1138, ---, ---, ---, 
[2026-04-03T01:51:21.374+0600][48.531s][info][gc,stats    ]     CWR: CLDG Roots                 105 us, workers (us): 105, ---, ---, ---, ---, ---, 
[2026-04-03T01:51:21.374+0600][48.531s][info][gc,stats    ]   Rendezvous                        263 us
[2026-04-03T01:51:21.375+0600][48.531s][info][gc,stats    ] Concurrent Cleanup                  883 us
[2026-04-03T01:51:21.375+0600][48.531s][info][gc,stats    ] Concurrent Class Unloading        30694 us
[2026-04-03T01:51:21.375+0600][48.531s][info][gc,stats    ]   Unlink Stale                    28832 us
[2026-04-03T01:51:21.375+0600][48.531s][info][gc,stats    ]     System Dictionary               469 us
[2026-04-03T01:51:21.375+0600][48.531s][info][gc,stats    ]     Weak Class Links              19328 us
[2026-04-03T01:51:21.375+0600][48.531s][info][gc,stats    ]     Code Roots                     9026 us
[2026-04-03T01:51:21.375+0600][48.531s][info][gc,stats    ]   Rendezvous                        300 us
[2026-04-03T01:51:21.375+0600][48.531s][info][gc,stats    ]   Purge Unlinked                   1391 us
[2026-04-03T01:51:21.375+0600][48.531s][info][gc,stats    ]     Code Roots                     1331 us
[2026-04-03T01:51:21.375+0600][48.531s][info][gc,stats    ]     CLDG                             59 us
[2026-04-03T01:51:21.375+0600][48.531s][info][gc,stats    ]     Exception Caches                  1 us
[2026-04-03T01:51:21.375+0600][48.531s][info][gc,stats    ] Concurrent Strong Roots            1862 us, parallelism: 0.79x
[2026-04-03T01:51:21.375+0600][48.531s][info][gc,stats    ]   CSR: <total>                     1470 us
[2026-04-03T01:51:21.375+0600][48.532s][info][gc,stats    ]   CSR: VM Strong Roots               68 us, workers (us):  28,  20,  21, ---, ---, ---, 
[2026-04-03T01:51:21.375+0600][48.532s][info][gc,stats    ]   CSR: CLDG Roots                  1402 us, workers (us): ---, 1402, ---, ---, ---, ---, 
[2026-04-03T01:51:21.375+0600][48.532s][info][gc,stats    ] Concurrent Evacuation             33966 us
[2026-04-03T01:51:21.375+0600][48.532s][info][gc,stats    ] Pause Init Update Refs (G)          563 us
[2026-04-03T01:51:21.375+0600][48.532s][info][gc,stats    ] Pause Init Update Refs (N)          134 us
[2026-04-03T01:51:21.375+0600][48.532s][info][gc,stats    ]   Manage GCLABs                      33 us
[2026-04-03T01:51:21.375+0600][48.532s][info][gc,stats    ] Concurrent Update Refs           185224 us
[2026-04-03T01:51:21.375+0600][48.532s][info][gc,stats    ] Concurrent Update Thread Roots     1336 us
[2026-04-03T01:51:21.375+0600][48.532s][info][gc,stats    ] Pause Final Update Refs (G)         606 us
[2026-04-03T01:51:21.375+0600][48.532s][info][gc,stats    ] Pause Final Update Refs (N)         297 us
[2026-04-03T01:51:21.375+0600][48.532s][info][gc,stats    ]   Update Region States               81 us
[2026-04-03T01:51:21.375+0600][48.532s][info][gc,stats    ]   Trash Collection Set               19 us
[2026-04-03T01:51:21.375+0600][48.532s][info][gc,stats    ]   Rebuild Free Set                   47 us
[2026-04-03T01:51:21.375+0600][48.532s][info][gc,stats    ] Concurrent Cleanup                  382 us
[2026-04-03T01:51:21.375+0600][48.532s][info][gc,stats    ] 
[2026-04-03T01:51:21.375+0600][48.532s][info][gc,stats    ] Allocation pacing accrued:
[2026-04-03T01:51:21.375+0600][48.532s][info][gc,stats    ]       0 of  3785 ms (  0.0%): <total>
[2026-04-03T01:51:21.375+0600][48.532s][info][gc,stats    ]       0 of  3785 ms (  0.0%): <average total>
[2026-04-03T01:51:21.375+0600][48.532s][info][gc,stats    ] 
[2026-04-03T01:51:21.375+0600][48.532s][info][gc,metaspace] Metaspace: 73035K(73920K)->73052K(73920K) NonClass: 63710K(64192K)->63727K(64192K) Class: 9325K(9728K)->9324K(9728K)
[2026-04-03T01:51:21.375+0600][48.532s][info][gc,ergo     ] Pacer for Idle. Initial: 80302K, Alloc Tax Rate: 1.0x
[2026-04-03T01:51:22.581+0600][49.738s][info][gc          ] Trigger: Average GC time (1061.42 ms) is above the time for instantaneous allocation rate (1945 MB/s) to deplete free headroom (1946M) (spike threshold = 1.81)
[2026-04-03T01:51:22.581+0600][49.738s][info][gc,ergo     ] Free: 2142M, Max: 1024K regular, 968M humongous, Frag: 55% external, 0% internal; Reserve: 197M, Max: 1024K
[2026-04-03T01:51:22.581+0600][49.738s][info][gc,start    ] GC(16) Concurrent reset
[2026-04-03T01:51:22.581+0600][49.738s][info][gc,task     ] GC(16) Using 3 of 6 workers for concurrent reset
[2026-04-03T01:51:22.581+0600][49.738s][info][gc,ergo     ] GC(16) Pacer for Reset. Non-Taxable: 3921M
[2026-04-03T01:51:22.583+0600][49.740s][info][gc          ] GC(16) Concurrent reset 1.999ms
[2026-04-03T01:51:22.583+0600][49.740s][info][gc,start    ] GC(16) Pause Init Mark (unload classes)
[2026-04-03T01:51:22.583+0600][49.740s][info][gc,task     ] GC(16) Using 6 of 6 workers for init marking
[2026-04-03T01:51:22.583+0600][49.740s][info][gc,ergo     ] GC(16) Pacer for Mark. Expected Live: 246M, Free: 2136M, Non-Taxable: 213M, Alloc Tax Rate: 0.1x
[2026-04-03T01:51:22.583+0600][49.740s][info][gc          ] GC(16) Pause Init Mark (unload classes) 0.117ms
[2026-04-03T01:51:22.583+0600][49.740s][info][gc,start    ] GC(16) Concurrent marking roots
[2026-04-03T01:51:22.583+0600][49.740s][info][gc,task     ] GC(16) Using 3 of 6 workers for concurrent marking roots
[2026-04-03T01:51:22.584+0600][49.741s][info][gc          ] GC(16) Concurrent marking roots 0.799ms
[2026-04-03T01:51:22.584+0600][49.741s][info][gc,start    ] GC(16) Concurrent marking (unload classes)
[2026-04-03T01:51:22.584+0600][49.741s][info][gc,task     ] GC(16) Using 3 of 6 workers for concurrent marking
[2026-04-03T01:51:22.787+0600][49.944s][info][gc          ] GC(16) Concurrent marking (unload classes) 202.977ms
[2026-04-03T01:51:22.787+0600][49.944s][info][gc,start    ] GC(16) Pause Final Mark (unload classes)
[2026-04-03T01:51:22.788+0600][49.944s][info][gc,task     ] GC(16) Using 6 of 6 workers for final marking
[2026-04-03T01:51:22.788+0600][49.945s][info][gc,ergo     ] GC(16) Adaptive CSet Selection. Target Free: 555M, Actual Free: 3268M, Max CSet: 163M, Min Garbage: 0B
[2026-04-03T01:51:22.788+0600][49.945s][info][gc,ergo     ] GC(16) Collectable Garbage: 1244M (99%), Immediate: 952M (76%), CSet: 291M (23%)
[2026-04-03T01:51:22.788+0600][49.945s][info][gc,ergo     ] GC(16) Pacer for Evacuation. Used CSet: 330M, Free: 3161M, Non-Taxable: 316M, Alloc Tax Rate: 1.1x
[2026-04-03T01:51:22.788+0600][49.945s][info][gc          ] GC(16) Pause Final Mark (unload classes) 0.667ms
[2026-04-03T01:51:22.788+0600][49.945s][info][gc,start    ] GC(16) Concurrent thread roots
[2026-04-03T01:51:22.788+0600][49.945s][info][gc,task     ] GC(16) Using 3 of 6 workers for Concurrent thread roots
[2026-04-03T01:51:22.789+0600][49.946s][info][gc          ] GC(16) Concurrent thread roots 0.751ms
[2026-04-03T01:51:22.789+0600][49.946s][info][gc,start    ] GC(16) Concurrent weak references
[2026-04-03T01:51:22.789+0600][49.946s][info][gc,task     ] GC(16) Using 3 of 6 workers for concurrent weak references
[2026-04-03T01:51:22.790+0600][49.946s][info][gc,ref      ] GC(16) Encountered references: Soft: 3353, Weak: 6495, Final: 84, Phantom: 599
[2026-04-03T01:51:22.790+0600][49.946s][info][gc,ref      ] GC(16) Discovered  references: Soft: 0, Weak: 2996, Final: 4, Phantom: 277
[2026-04-03T01:51:22.790+0600][49.946s][info][gc,ref      ] GC(16) Enqueued    references: Soft: 0, Weak: 167, Final: 0, Phantom: 0
[2026-04-03T01:51:22.790+0600][49.946s][info][gc          ] GC(16) Concurrent weak references 0.535ms
[2026-04-03T01:51:22.790+0600][49.946s][info][gc,start    ] GC(16) Concurrent weak roots
[2026-04-03T01:51:22.790+0600][49.946s][info][gc,task     ] GC(16) Using 3 of 6 workers for concurrent weak root
[2026-04-03T01:51:22.792+0600][49.949s][info][gc          ] GC(16) Concurrent weak roots 2.370ms
[2026-04-03T01:51:22.792+0600][49.949s][info][gc,start    ] GC(16) Concurrent cleanup
[2026-04-03T01:51:22.792+0600][49.949s][info][gc          ] GC(16) Concurrent cleanup 1507M->556M(2505M) 0.332ms
[2026-04-03T01:51:22.792+0600][49.949s][info][gc,ergo     ] GC(16) Free: 3159M, Max: 1024K regular, 998M humongous, Frag: 69% external, 0% internal; Reserve: 196M, Max: 1024K
[2026-04-03T01:51:22.792+0600][49.949s][info][gc,start    ] GC(16) Concurrent class unloading
[2026-04-03T01:51:22.792+0600][49.949s][info][gc,task     ] GC(16) Using 3 of 6 workers for concurrent class unloading
[2026-04-03T01:51:22.798+0600][49.955s][info][gc          ] GC(16) Concurrent class unloading 6.006ms
[2026-04-03T01:51:22.799+0600][49.955s][info][gc,start    ] GC(16) Concurrent strong roots
[2026-04-03T01:51:22.799+0600][49.955s][info][gc,task     ] GC(16) Using 3 of 6 workers for concurrent strong root
[2026-04-03T01:51:22.800+0600][49.957s][info][gc          ] GC(16) Concurrent strong roots 1.293ms
[2026-04-03T01:51:22.800+0600][49.957s][info][gc,start    ] GC(16) Concurrent evacuation
[2026-04-03T01:51:22.800+0600][49.957s][info][gc,task     ] GC(16) Using 3 of 6 workers for concurrent evacuation
[2026-04-03T01:51:22.828+0600][49.985s][info][gc          ] GC(16) Concurrent evacuation 28.243ms
[2026-04-03T01:51:22.828+0600][49.985s][info][gc,start    ] GC(16) Pause Init Update Refs
[2026-04-03T01:51:22.828+0600][49.985s][info][gc,ergo     ] GC(16) Pacer for Update Refs. Used: 606M, Free: 3150M, Non-Taxable: 315M, Alloc Tax Rate: 1.1x
[2026-04-03T01:51:22.828+0600][49.985s][info][gc          ] GC(16) Pause Init Update Refs 0.072ms
[2026-04-03T01:51:22.829+0600][49.985s][info][gc,start    ] GC(16) Concurrent update references
[2026-04-03T01:51:22.829+0600][49.985s][info][gc,task     ] GC(16) Using 3 of 6 workers for concurrent reference update
[2026-04-03T01:51:22.924+0600][50.080s][info][gc          ] GC(16) Concurrent update references 95.019ms
[2026-04-03T01:51:22.924+0600][50.080s][info][gc,start    ] GC(16) Concurrent update thread roots
[2026-04-03T01:51:22.925+0600][50.081s][info][gc          ] GC(16) Concurrent update thread roots 1.010ms
[2026-04-03T01:51:22.925+0600][50.082s][info][gc,start    ] GC(16) Pause Final Update Refs
[2026-04-03T01:51:22.925+0600][50.082s][info][gc,task     ] GC(16) Using 6 of 6 workers for final reference update
[2026-04-03T01:51:22.925+0600][50.082s][info][gc          ] GC(16) Pause Final Update Refs 0.174ms
[2026-04-03T01:51:22.925+0600][50.082s][info][gc,start    ] GC(16) Concurrent cleanup
[2026-04-03T01:51:22.925+0600][50.082s][info][gc          ] GC(16) Concurrent cleanup 606M->276M(2505M) 0.261ms
[2026-04-03T01:51:22.925+0600][50.082s][info][gc,ergo     ] Free: 3444M, Max: 1024K regular, 963M humongous, Frag: 73% external, 0% internal; Reserve: 197M, Max: 1024K
[2026-04-03T01:51:22.926+0600][50.082s][info][gc,stats    ] 
[2026-04-03T01:51:22.926+0600][50.082s][info][gc,stats    ] All times are wall-clock times, except per-root-class counters, that are sum over
[2026-04-03T01:51:22.926+0600][50.082s][info][gc,stats    ] all workers. Dividing the <total> over the root stage time estimates parallelism.
[2026-04-03T01:51:22.926+0600][50.082s][info][gc,stats    ] 
[2026-04-03T01:51:22.926+0600][50.082s][info][gc,stats    ] Concurrent Reset                   2055 us
[2026-04-03T01:51:22.926+0600][50.082s][info][gc,stats    ] Pause Init Mark (G)                 342 us
[2026-04-03T01:51:22.926+0600][50.082s][info][gc,stats    ] Pause Init Mark (N)                 125 us
[2026-04-03T01:51:22.926+0600][50.082s][info][gc,stats    ]   Update Region States               23 us
[2026-04-03T01:51:22.926+0600][50.082s][info][gc,stats    ] Concurrent Mark Roots               828 us, parallelism: 1.56x
[2026-04-03T01:51:22.926+0600][50.082s][info][gc,stats    ]   CMR: <total>                     1294 us
[2026-04-03T01:51:22.926+0600][50.082s][info][gc,stats    ]   CMR: Thread Roots                1106 us, workers (us): 283, 408, 416, ---, ---, ---, 
[2026-04-03T01:51:22.926+0600][50.082s][info][gc,stats    ]   CMR: VM Strong Roots               47 us, workers (us):  46,   1,   1, ---, ---, ---, 
[2026-04-03T01:51:22.926+0600][50.082s][info][gc,stats    ]   CMR: CLDG Roots                   140 us, workers (us): 140, ---, ---, ---, ---, ---, 
[2026-04-03T01:51:22.926+0600][50.082s][info][gc,stats    ] Concurrent Marking               203056 us
[2026-04-03T01:51:22.926+0600][50.082s][info][gc,stats    ] Pause Final Mark (G)                862 us
[2026-04-03T01:51:22.926+0600][50.082s][info][gc,stats    ] Pause Final Mark (N)                679 us
[2026-04-03T01:51:22.926+0600][50.083s][info][gc,stats    ]   Finish Mark                       304 us
[2026-04-03T01:51:22.926+0600][50.083s][info][gc,stats    ]   Update Region States               67 us
[2026-04-03T01:51:22.926+0600][50.083s][info][gc,stats    ]   Choose Collection Set             184 us
[2026-04-03T01:51:22.926+0600][50.083s][info][gc,stats    ]   Rebuild Free Set                   36 us
[2026-04-03T01:51:22.926+0600][50.083s][info][gc,stats    ] Concurrent Thread Roots             830 us, parallelism: 1.65x
[2026-04-03T01:51:22.926+0600][50.083s][info][gc,stats    ]   CTR: <total>                     1372 us
[2026-04-03T01:51:22.926+0600][50.083s][info][gc,stats    ]   CTR: Thread Roots                1372 us, workers (us): 454, 467, 450, ---, ---, ---, 
[2026-04-03T01:51:22.926+0600][50.083s][info][gc,stats    ] Concurrent Weak References          547 us, parallelism: 0.70x
[2026-04-03T01:51:22.926+0600][50.083s][info][gc,stats    ]   CWRF: <total>                     384 us
[2026-04-03T01:51:22.926+0600][50.083s][info][gc,stats    ]   CWRF: Weak References             384 us, workers (us): 309,  74,   1, ---, ---, ---, 
[2026-04-03T01:51:22.926+0600][50.083s][info][gc,stats    ] Concurrent Weak Roots              2452 us
[2026-04-03T01:51:22.926+0600][50.083s][info][gc,stats    ]   Roots                            2037 us, parallelism: 2.30x
[2026-04-03T01:51:22.926+0600][50.083s][info][gc,stats    ]     CWR: <total>                   4695 us
[2026-04-03T01:51:22.926+0600][50.083s][info][gc,stats    ]     CWR: Code Cache Roots          2824 us, workers (us): 941, 809, 1074, ---, ---, ---, 
[2026-04-03T01:51:22.926+0600][50.083s][info][gc,stats    ]     CWR: VM Weak Roots             1710 us, workers (us): 625, 573, 512, ---, ---, ---, 
[2026-04-03T01:51:22.926+0600][50.083s][info][gc,stats    ]     CWR: CLDG Roots                 160 us, workers (us): ---, 160, ---, ---, ---, ---, 
[2026-04-03T01:51:22.926+0600][50.083s][info][gc,stats    ]   Rendezvous                        307 us
[2026-04-03T01:51:22.926+0600][50.083s][info][gc,stats    ] Concurrent Cleanup                  356 us
[2026-04-03T01:51:22.926+0600][50.083s][info][gc,stats    ] Concurrent Class Unloading         6083 us
[2026-04-03T01:51:22.926+0600][50.083s][info][gc,stats    ]   Unlink Stale                     4743 us
[2026-04-03T01:51:22.926+0600][50.083s][info][gc,stats    ]     System Dictionary               128 us
[2026-04-03T01:51:22.926+0600][50.083s][info][gc,stats    ]     Weak Class Links                  0 us
[2026-04-03T01:51:22.926+0600][50.083s][info][gc,stats    ]     Code Roots                     4609 us
[2026-04-03T01:51:22.926+0600][50.083s][info][gc,stats    ]   Rendezvous                        249 us
[2026-04-03T01:51:22.926+0600][50.083s][info][gc,stats    ]   Purge Unlinked                    962 us
[2026-04-03T01:51:22.926+0600][50.083s][info][gc,stats    ]     Code Roots                      952 us
[2026-04-03T01:51:22.926+0600][50.083s][info][gc,stats    ]     CLDG                             10 us
[2026-04-03T01:51:22.926+0600][50.083s][info][gc,stats    ]     Exception Caches                  0 us
[2026-04-03T01:51:22.926+0600][50.083s][info][gc,stats    ] Concurrent Strong Roots            1348 us, parallelism: 0.72x
[2026-04-03T01:51:22.926+0600][50.083s][info][gc,stats    ]   CSR: <total>                      973 us
[2026-04-03T01:51:22.926+0600][50.083s][info][gc,stats    ]   CSR: VM Strong Roots               45 us, workers (us):  38,   7,   0, ---, ---, ---, 
[2026-04-03T01:51:22.926+0600][50.083s][info][gc,stats    ]   CSR: CLDG Roots                   927 us, workers (us): ---, 927, ---, ---, ---, ---, 
[2026-04-03T01:51:22.926+0600][50.083s][info][gc,stats    ] Concurrent Evacuation             28318 us
[2026-04-03T01:51:22.926+0600][50.083s][info][gc,stats    ] Pause Init Update Refs (G)          303 us
[2026-04-03T01:51:22.926+0600][50.083s][info][gc,stats    ] Pause Init Update Refs (N)           85 us
[2026-04-03T01:51:22.926+0600][50.083s][info][gc,stats    ]   Manage GCLABs                      20 us
[2026-04-03T01:51:22.926+0600][50.083s][info][gc,stats    ] Concurrent Update Refs            95090 us
[2026-04-03T01:51:22.926+0600][50.083s][info][gc,stats    ] Concurrent Update Thread Roots     1092 us
[2026-04-03T01:51:22.926+0600][50.083s][info][gc,stats    ] Pause Final Update Refs (G)         426 us
[2026-04-03T01:51:22.926+0600][50.083s][info][gc,stats    ] Pause Final Update Refs (N)         189 us
[2026-04-03T01:51:22.926+0600][50.083s][info][gc,stats    ]   Update Region States               45 us
[2026-04-03T01:51:22.926+0600][50.083s][info][gc,stats    ]   Trash Collection Set                9 us
[2026-04-03T01:51:22.926+0600][50.083s][info][gc,stats    ]   Rebuild Free Set                   35 us
[2026-04-03T01:51:22.926+0600][50.083s][info][gc,stats    ] Concurrent Cleanup                  281 us
[2026-04-03T01:51:22.926+0600][50.083s][info][gc,stats    ] 
[2026-04-03T01:51:22.926+0600][50.083s][info][gc,stats    ] Allocation pacing accrued:
[2026-04-03T01:51:22.926+0600][50.083s][info][gc,stats    ]       0 of  1551 ms (  0.0%): <total>
[2026-04-03T01:51:22.926+0600][50.083s][info][gc,stats    ]       0 of  1551 ms (  0.0%): <average total>
[2026-04-03T01:51:22.926+0600][50.083s][info][gc,stats    ] 
[2026-04-03T01:51:22.926+0600][50.083s][info][gc,metaspace] Metaspace: 73169K(74048K)->73171K(74048K) NonClass: 63844K(64320K)->63845K(64320K) Class: 9325K(9728K)->9325K(9728K)
[2026-04-03T01:51:22.926+0600][50.083s][info][gc,ergo     ] Pacer for Idle. Initial: 80302K, Alloc Tax Rate: 1.0x
[2026-04-03T01:51:22.927+0600][50.084s][info][gc          ] Trigger: Explicit GC request (System.gc())
[2026-04-03T01:51:22.927+0600][50.084s][info][gc,ergo     ] Free: 3444M, Max: 1024K regular, 963M humongous, Frag: 73% external, 0% internal; Reserve: 197M, Max: 1024K
[2026-04-03T01:51:22.927+0600][50.084s][info][gc,start    ] GC(17) Concurrent reset
[2026-04-03T01:51:22.927+0600][50.084s][info][gc,task     ] GC(17) Using 3 of 6 workers for concurrent reset
[2026-04-03T01:51:22.927+0600][50.084s][info][gc,ergo     ] GC(17) Pacer for Reset. Non-Taxable: 3921M
[2026-04-03T01:51:22.929+0600][50.086s][info][gc          ] GC(17) Concurrent reset 1.551ms
[2026-04-03T01:51:22.929+0600][50.086s][info][gc,start    ] GC(17) Pause Init Mark (unload classes)
[2026-04-03T01:51:22.929+0600][50.086s][info][gc,task     ] GC(17) Using 6 of 6 workers for init marking
[2026-04-03T01:51:22.929+0600][50.086s][info][gc,ref      ] GC(17) Clearing All SoftReferences
[2026-04-03T01:51:22.929+0600][50.086s][info][gc,ergo     ] GC(17) Pacer for Mark. Expected Live: 241M, Free: 3444M, Non-Taxable: 344M, Alloc Tax Rate: 0.1x
[2026-04-03T01:51:22.929+0600][50.086s][info][gc          ] GC(17) Pause Init Mark (unload classes) 0.122ms
[2026-04-03T01:51:22.929+0600][50.086s][info][gc,start    ] GC(17) Concurrent marking roots
[2026-04-03T01:51:22.929+0600][50.086s][info][gc,task     ] GC(17) Using 3 of 6 workers for concurrent marking roots
[2026-04-03T01:51:22.930+0600][50.087s][info][gc          ] GC(17) Concurrent marking roots 0.907ms
[2026-04-03T01:51:22.930+0600][50.087s][info][gc,start    ] GC(17) Concurrent marking (unload classes)
[2026-04-03T01:51:22.930+0600][50.087s][info][gc,task     ] GC(17) Using 3 of 6 workers for concurrent marking
[2026-04-03T01:51:23.059+0600][50.216s][info][gc          ] GC(17) Concurrent marking (unload classes) 128.495ms
[2026-04-03T01:51:23.059+0600][50.216s][info][gc,start    ] GC(17) Pause Final Mark (unload classes)
[2026-04-03T01:51:23.059+0600][50.216s][info][gc,task     ] GC(17) Using 6 of 6 workers for final marking
[2026-04-03T01:51:23.060+0600][50.216s][info][gc,ergo     ] GC(17) Adaptive CSet Selection. Target Free: 555M, Actual Free: 3739M, Max CSet: 163M, Min Garbage: 0B
[2026-04-03T01:51:23.060+0600][50.216s][info][gc,ergo     ] GC(17) Collectable Garbage: 127M (96%), Immediate: 103M (78%), CSet: 24404K (18%)
[2026-04-03T01:51:23.060+0600][50.217s][info][gc,ergo     ] GC(17) Pacer for Evacuation. Used CSet: 25193K, Free: 3549M, Non-Taxable: 354M, Alloc Tax Rate: 1.1x
[2026-04-03T01:51:23.060+0600][50.217s][info][gc          ] GC(17) Pause Final Mark (unload classes) 0.693ms
[2026-04-03T01:51:23.060+0600][50.217s][info][gc,start    ] GC(17) Concurrent thread roots
[2026-04-03T01:51:23.060+0600][50.217s][info][gc,task     ] GC(17) Using 3 of 6 workers for Concurrent thread roots
[2026-04-03T01:51:23.060+0600][50.217s][info][gc          ] GC(17) Concurrent thread roots 0.611ms
[2026-04-03T01:51:23.061+0600][50.217s][info][gc,start    ] GC(17) Concurrent weak references
[2026-04-03T01:51:23.061+0600][50.217s][info][gc,task     ] GC(17) Using 3 of 6 workers for concurrent weak references
[2026-04-03T01:51:23.061+0600][50.218s][info][gc,ref      ] GC(17) Encountered references: Soft: 3231, Weak: 6235, Final: 84, Phantom: 599
[2026-04-03T01:51:23.061+0600][50.218s][info][gc,ref      ] GC(17) Discovered  references: Soft: 888, Weak: 2431, Final: 2, Phantom: 596
[2026-04-03T01:51:23.061+0600][50.218s][info][gc,ref      ] GC(17) Enqueued    references: Soft: 474, Weak: 68, Final: 0, Phantom: 0
[2026-04-03T01:51:23.061+0600][50.218s][info][gc          ] GC(17) Concurrent weak references 0.686ms
[2026-04-03T01:51:23.061+0600][50.218s][info][gc,start    ] GC(17) Concurrent weak roots
[2026-04-03T01:51:23.061+0600][50.218s][info][gc,task     ] GC(17) Using 3 of 6 workers for concurrent weak root
[2026-04-03T01:51:23.063+0600][50.220s][info][gc          ] GC(17) Concurrent weak roots 2.224ms
[2026-04-03T01:51:23.064+0600][50.220s][info][gc,start    ] GC(17) Concurrent cleanup
[2026-04-03T01:51:23.064+0600][50.221s][info][gc          ] GC(17) Concurrent cleanup 276M->173M(2505M) 0.268ms
[2026-04-03T01:51:23.064+0600][50.221s][info][gc,ergo     ] GC(17) Free: 3548M, Max: 1024K regular, 991M humongous, Frag: 73% external, 0% internal; Reserve: 196M, Max: 1024K
[2026-04-03T01:51:23.064+0600][50.221s][info][gc,start    ] GC(17) Concurrent class unloading
[2026-04-03T01:51:23.064+0600][50.221s][info][gc,task     ] GC(17) Using 3 of 6 workers for concurrent class unloading
[2026-04-03T01:51:23.083+0600][50.240s][info][gc          ] GC(17) Concurrent class unloading 19.438ms
[2026-04-03T01:51:23.083+0600][50.240s][info][gc,start    ] GC(17) Concurrent strong roots
[2026-04-03T01:51:23.083+0600][50.240s][info][gc,task     ] GC(17) Using 3 of 6 workers for concurrent strong root
[2026-04-03T01:51:23.084+0600][50.241s][info][gc          ] GC(17) Concurrent strong roots 0.993ms
[2026-04-03T01:51:23.084+0600][50.241s][info][gc,start    ] GC(17) Concurrent evacuation
[2026-04-03T01:51:23.084+0600][50.241s][info][gc,task     ] GC(17) Using 3 of 6 workers for concurrent evacuation
[2026-04-03T01:51:23.085+0600][50.242s][info][gc          ] GC(17) Concurrent evacuation 0.761ms
[2026-04-03T01:51:23.085+0600][50.242s][info][gc,start    ] GC(17) Pause Init Update Refs
[2026-04-03T01:51:23.085+0600][50.242s][info][gc,ergo     ] GC(17) Pacer for Update Refs. Used: 183M, Free: 3539M, Non-Taxable: 353M, Alloc Tax Rate: 1.1x
[2026-04-03T01:51:23.086+0600][50.242s][info][gc          ] GC(17) Pause Init Update Refs 0.089ms
[2026-04-03T01:51:23.086+0600][50.242s][info][gc,start    ] GC(17) Concurrent update references
[2026-04-03T01:51:23.086+0600][50.243s][info][gc,task     ] GC(17) Using 3 of 6 workers for concurrent reference update
[2026-04-03T01:51:23.135+0600][50.292s][info][gc          ] GC(17) Concurrent update references 49.208ms
[2026-04-03T01:51:23.135+0600][50.292s][info][gc,start    ] GC(17) Concurrent update thread roots
[2026-04-03T01:51:23.136+0600][50.293s][info][gc          ] GC(17) Concurrent update thread roots 0.813ms
[2026-04-03T01:51:23.136+0600][50.293s][info][gc,start    ] GC(17) Pause Final Update Refs
[2026-04-03T01:51:23.136+0600][50.293s][info][gc,task     ] GC(17) Using 6 of 6 workers for final reference update
[2026-04-03T01:51:23.136+0600][50.293s][info][gc          ] GC(17) Pause Final Update Refs 0.118ms
[2026-04-03T01:51:23.136+0600][50.293s][info][gc,start    ] GC(17) Concurrent cleanup
[2026-04-03T01:51:23.137+0600][50.293s][info][gc          ] GC(17) Concurrent cleanup 183M->159M(2505M) 0.555ms
[2026-04-03T01:51:23.137+0600][50.294s][info][gc,ergo     ] Free: 3563M, Max: 1024K regular, 1851M humongous, Frag: 48% external, 0% internal; Reserve: 197M, Max: 1024K
[2026-04-03T01:51:23.137+0600][50.294s][info][gc,stats    ] 
[2026-04-03T01:51:23.137+0600][50.294s][info][gc,stats    ] All times are wall-clock times, except per-root-class counters, that are sum over
[2026-04-03T01:51:23.137+0600][50.294s][info][gc,stats    ] all workers. Dividing the <total> over the root stage time estimates parallelism.
[2026-04-03T01:51:23.137+0600][50.294s][info][gc,stats    ] 
[2026-04-03T01:51:23.137+0600][50.294s][info][gc,stats    ] Concurrent Reset                   1605 us
[2026-04-03T01:51:23.137+0600][50.294s][info][gc,stats    ] Pause Init Mark (G)                 429 us
[2026-04-03T01:51:23.137+0600][50.294s][info][gc,stats    ] Pause Init Mark (N)                 130 us
[2026-04-03T01:51:23.137+0600][50.294s][info][gc,stats    ]   Update Region States               32 us
[2026-04-03T01:51:23.137+0600][50.294s][info][gc,stats    ] Concurrent Mark Roots               947 us, parallelism: 1.49x
[2026-04-03T01:51:23.137+0600][50.294s][info][gc,stats    ]   CMR: <total>                     1411 us
[2026-04-03T01:51:23.137+0600][50.294s][info][gc,stats    ]   CMR: Thread Roots                1144 us, workers (us): 458, 275, 411, ---, ---, ---, 
[2026-04-03T01:51:23.137+0600][50.294s][info][gc,stats    ]   CMR: VM Strong Roots               94 us, workers (us):  67,  27,   1, ---, ---, ---, 
[2026-04-03T01:51:23.137+0600][50.294s][info][gc,stats    ]   CMR: CLDG Roots                   173 us, workers (us): ---, 173, ---, ---, ---, ---, 
[2026-04-03T01:51:23.137+0600][50.294s][info][gc,stats    ] Concurrent Marking               128573 us
[2026-04-03T01:51:23.137+0600][50.294s][info][gc,stats    ] Pause Final Mark (G)                912 us
[2026-04-03T01:51:23.137+0600][50.294s][info][gc,stats    ] Pause Final Mark (N)                704 us
[2026-04-03T01:51:23.137+0600][50.294s][info][gc,stats    ]   Finish Mark                       280 us
[2026-04-03T01:51:23.137+0600][50.294s][info][gc,stats    ]   Update Region States               51 us
[2026-04-03T01:51:23.137+0600][50.294s][info][gc,stats    ]   Choose Collection Set             145 us
[2026-04-03T01:51:23.137+0600][50.294s][info][gc,stats    ]   Rebuild Free Set                   73 us
[2026-04-03T01:51:23.137+0600][50.294s][info][gc,stats    ] Concurrent Thread Roots             656 us, parallelism: 2.03x
[2026-04-03T01:51:23.137+0600][50.294s][info][gc,stats    ]   CTR: <total>                     1333 us
[2026-04-03T01:51:23.137+0600][50.294s][info][gc,stats    ]   CTR: Thread Roots                1333 us, workers (us): 467, 457, 408, ---, ---, ---, 
[2026-04-03T01:51:23.137+0600][50.294s][info][gc,stats    ] Concurrent Weak References          700 us, parallelism: 1.01x
[2026-04-03T01:51:23.137+0600][50.294s][info][gc,stats    ]   CWRF: <total>                     707 us
[2026-04-03T01:51:23.137+0600][50.294s][info][gc,stats    ]   CWRF: Weak References             707 us, workers (us): 259, 397,  51, ---, ---, ---, 
[2026-04-03T01:51:23.137+0600][50.294s][info][gc,stats    ] Concurrent Weak Roots              2297 us
[2026-04-03T01:51:23.137+0600][50.294s][info][gc,stats    ]   Roots                            1898 us, parallelism: 2.50x
[2026-04-03T01:51:23.137+0600][50.294s][info][gc,stats    ]     CWR: <total>                   4739 us
[2026-04-03T01:51:23.137+0600][50.294s][info][gc,stats    ]     CWR: Code Cache Roots          3248 us, workers (us): 1024, 1093, 1130, ---, ---, ---, 
[2026-04-03T01:51:23.137+0600][50.294s][info][gc,stats    ]     CWR: VM Weak Roots             1375 us, workers (us): 500, 462, 413, ---, ---, ---, 
[2026-04-03T01:51:23.137+0600][50.294s][info][gc,stats    ]     CWR: CLDG Roots                 116 us, workers (us): 116, ---, ---, ---, ---, ---, 
[2026-04-03T01:51:23.137+0600][50.294s][info][gc,stats    ]   Rendezvous                        296 us
[2026-04-03T01:51:23.137+0600][50.294s][info][gc,stats    ] Concurrent Cleanup                  310 us
[2026-04-03T01:51:23.137+0600][50.294s][info][gc,stats    ] Concurrent Class Unloading        19512 us
[2026-04-03T01:51:23.137+0600][50.294s][info][gc,stats    ]   Unlink Stale                    18455 us
[2026-04-03T01:51:23.137+0600][50.294s][info][gc,stats    ]     System Dictionary               455 us
[2026-04-03T01:51:23.137+0600][50.294s][info][gc,stats    ]     Weak Class Links              12665 us
[2026-04-03T01:51:23.137+0600][50.294s][info][gc,stats    ]     Code Roots                     5330 us
[2026-04-03T01:51:23.137+0600][50.294s][info][gc,stats    ]   Rendezvous                        172 us
[2026-04-03T01:51:23.137+0600][50.294s][info][gc,stats    ]   Purge Unlinked                    778 us
[2026-04-03T01:51:23.137+0600][50.294s][info][gc,stats    ]     Code Roots                      257 us
[2026-04-03T01:51:23.137+0600][50.294s][info][gc,stats    ]     CLDG                            520 us
[2026-04-03T01:51:23.137+0600][50.294s][info][gc,stats    ]     Exception Caches                  0 us
[2026-04-03T01:51:23.137+0600][50.294s][info][gc,stats    ] Concurrent Strong Roots            1045 us, parallelism: 0.66x
[2026-04-03T01:51:23.137+0600][50.294s][info][gc,stats    ]   CSR: <total>                      691 us
[2026-04-03T01:51:23.137+0600][50.294s][info][gc,stats    ]   CSR: VM Strong Roots               43 us, workers (us):  41,   2,   0, ---, ---, ---, 
[2026-04-03T01:51:23.137+0600][50.294s][info][gc,stats    ]   CSR: CLDG Roots                   648 us, workers (us): ---, 648, ---, ---, ---, ---, 
[2026-04-03T01:51:23.137+0600][50.294s][info][gc,stats    ] Concurrent Evacuation               814 us
[2026-04-03T01:51:23.137+0600][50.294s][info][gc,stats    ] Pause Init Update Refs (G)          355 us
[2026-04-03T01:51:23.137+0600][50.294s][info][gc,stats    ] Pause Init Update Refs (N)          100 us
[2026-04-03T01:51:23.137+0600][50.294s][info][gc,stats    ]   Manage GCLABs                      30 us
[2026-04-03T01:51:23.137+0600][50.294s][info][gc,stats    ] Concurrent Update Refs            49256 us
[2026-04-03T01:51:23.137+0600][50.294s][info][gc,stats    ] Concurrent Update Thread Roots      849 us
[2026-04-03T01:51:23.137+0600][50.294s][info][gc,stats    ] Pause Final Update Refs (G)         278 us
[2026-04-03T01:51:23.137+0600][50.294s][info][gc,stats    ] Pause Final Update Refs (N)         131 us
[2026-04-03T01:51:23.137+0600][50.294s][info][gc,stats    ]   Update Region States               38 us
[2026-04-03T01:51:23.137+0600][50.294s][info][gc,stats    ]   Trash Collection Set                5 us
[2026-04-03T01:51:23.137+0600][50.294s][info][gc,stats    ]   Rebuild Free Set                   33 us
[2026-04-03T01:51:23.137+0600][50.294s][info][gc,stats    ] Concurrent Cleanup                  593 us
[2026-04-03T01:51:23.137+0600][50.294s][info][gc,stats    ] 
[2026-04-03T01:51:23.137+0600][50.294s][info][gc,stats    ] Allocation pacing accrued:
[2026-04-03T01:51:23.137+0600][50.294s][info][gc,stats    ]       0 of   211 ms (  0.0%): <total>
[2026-04-03T01:51:23.137+0600][50.294s][info][gc,stats    ]       0 of   211 ms (  0.0%): <average total>
[2026-04-03T01:51:23.137+0600][50.294s][info][gc,stats    ] 
[2026-04-03T01:51:23.137+0600][50.294s][info][gc,metaspace] Metaspace: 73171K(74048K)->72751K(74048K) NonClass: 63845K(64320K)->63496K(64320K) Class: 9325K(9728K)->9254K(9728K)
[2026-04-03T01:51:23.137+0600][50.294s][info][gc,ergo     ] Pacer for Idle. Initial: 80302K, Alloc Tax Rate: 1.0x
[2026-04-03T01:51:23.137+0600][50.294s][info][gc,start    ] Concurrent uncommit
[2026-04-03T01:51:23.384+0600][50.540s][info][gc          ] Concurrent uncommit 159M->231M(240M) 246.459ms
[2026-04-03T01:51:24.542+0600][51.699s][info][gc          ] Trigger: Learning 2 of 5. Free (2743M) is below initial threshold (2744M)
[2026-04-03T01:51:24.542+0600][51.699s][info][gc,ergo     ] Free: 2743M, Max: 1024K regular, 1301M humongous, Frag: 53% external, 0% internal; Reserve: 197M, Max: 1024K
[2026-04-03T01:51:24.542+0600][51.699s][info][gc,start    ] GC(18) Concurrent reset
[2026-04-03T01:51:24.542+0600][51.699s][info][gc,task     ] GC(18) Using 3 of 6 workers for concurrent reset
[2026-04-03T01:51:24.542+0600][51.699s][info][gc,ergo     ] GC(18) Pacer for Reset. Non-Taxable: 3921M
[2026-04-03T01:51:24.543+0600][51.700s][info][gc          ] GC(18) Concurrent reset 1.014ms
[2026-04-03T01:51:24.544+0600][51.700s][info][gc,start    ] GC(18) Pause Init Mark (unload classes)
[2026-04-03T01:51:24.544+0600][51.700s][info][gc,task     ] GC(18) Using 6 of 6 workers for init marking
[2026-04-03T01:51:24.544+0600][51.701s][info][gc,ergo     ] GC(18) Pacer for Mark. Expected Live: 208M, Free: 2743M, Non-Taxable: 274M, Alloc Tax Rate: 0.1x
[2026-04-03T01:51:24.544+0600][51.701s][info][gc          ] GC(18) Pause Init Mark (unload classes) 0.158ms
[2026-04-03T01:51:24.544+0600][51.701s][info][gc,start    ] GC(18) Concurrent marking roots
[2026-04-03T01:51:24.544+0600][51.701s][info][gc,task     ] GC(18) Using 3 of 6 workers for concurrent marking roots
[2026-04-03T01:51:24.545+0600][51.702s][info][gc          ] GC(18) Concurrent marking roots 1.205ms
[2026-04-03T01:51:24.545+0600][51.702s][info][gc,start    ] GC(18) Concurrent marking (unload classes)
[2026-04-03T01:51:24.545+0600][51.702s][info][gc,task     ] GC(18) Using 3 of 6 workers for concurrent marking
[2026-04-03T01:51:25.022+0600][52.179s][info][gc          ] GC(18) Concurrent marking (unload classes) 477.248ms
[2026-04-03T01:51:25.023+0600][52.179s][info][gc,start    ] GC(18) Pause Final Mark (unload classes)
[2026-04-03T01:51:25.023+0600][52.180s][info][gc,task     ] GC(18) Using 6 of 6 workers for final marking
[2026-04-03T01:51:25.023+0600][52.180s][info][gc,ergo     ] GC(18) Adaptive CSet Selection. Target Free: 555M, Actual Free: 2732M, Max CSet: 163M, Min Garbage: 0B
[2026-04-03T01:51:25.024+0600][52.180s][info][gc,ergo     ] GC(18) Collectable Garbage: 673M (99%), Immediate: 23552K (3%), CSet: 650M (95%)
[2026-04-03T01:51:25.024+0600][52.181s][info][gc,ergo     ] GC(18) Pacer for Evacuation. Used CSet: 764M, Free: 2553M, Non-Taxable: 255M, Alloc Tax Rate: 1.1x
[2026-04-03T01:51:25.024+0600][52.181s][info][gc          ] GC(18) Pause Final Mark (unload classes) 1.114ms
[2026-04-03T01:51:25.024+0600][52.181s][info][gc,start    ] GC(18) Concurrent thread roots
[2026-04-03T01:51:25.024+0600][52.181s][info][gc,task     ] GC(18) Using 3 of 6 workers for Concurrent thread roots
[2026-04-03T01:51:25.025+0600][52.182s][info][gc          ] GC(18) Concurrent thread roots 1.039ms
[2026-04-03T01:51:25.025+0600][52.182s][info][gc,start    ] GC(18) Concurrent weak references
[2026-04-03T01:51:25.025+0600][52.182s][info][gc,task     ] GC(18) Using 3 of 6 workers for concurrent weak references
[2026-04-03T01:51:25.026+0600][52.183s][info][gc,ref      ] GC(18) Encountered references: Soft: 3155, Weak: 6439, Final: 84, Phantom: 599
[2026-04-03T01:51:25.026+0600][52.183s][info][gc,ref      ] GC(18) Discovered  references: Soft: 0, Weak: 2625, Final: 48, Phantom: 596
[2026-04-03T01:51:25.026+0600][52.183s][info][gc,ref      ] GC(18) Enqueued    references: Soft: 0, Weak: 117, Final: 0, Phantom: 0
[2026-04-03T01:51:25.026+0600][52.183s][info][gc          ] GC(18) Concurrent weak references 0.865ms
[2026-04-03T01:51:25.026+0600][52.183s][info][gc,start    ] GC(18) Concurrent weak roots
[2026-04-03T01:51:25.026+0600][52.183s][info][gc,task     ] GC(18) Using 3 of 6 workers for concurrent weak root
[2026-04-03T01:51:25.028+0600][52.185s][info][gc          ] GC(18) Concurrent weak roots 2.198ms
[2026-04-03T01:51:25.028+0600][52.185s][info][gc,start    ] GC(18) Concurrent cleanup
[2026-04-03T01:51:25.029+0600][52.186s][info][gc          ] GC(18) Concurrent cleanup 1189M->1166M(1216M) 0.904ms
[2026-04-03T01:51:25.029+0600][52.186s][info][gc,ergo     ] GC(18) Free: 2550M, Max: 1024K regular, 1072M humongous, Frag: 58% external, 0% internal; Reserve: 196M, Max: 1024K
[2026-04-03T01:51:25.029+0600][52.186s][info][gc,start    ] GC(18) Concurrent class unloading
[2026-04-03T01:51:25.029+0600][52.186s][info][gc,task     ] GC(18) Using 3 of 6 workers for concurrent class unloading
[2026-04-03T01:51:25.056+0600][52.213s][info][gc          ] GC(18) Concurrent class unloading 27.287ms
[2026-04-03T01:51:25.057+0600][52.213s][info][gc,start    ] GC(18) Concurrent strong roots
[2026-04-03T01:51:25.057+0600][52.213s][info][gc,task     ] GC(18) Using 3 of 6 workers for concurrent strong root
[2026-04-03T01:51:25.058+0600][52.215s][info][gc          ] GC(18) Concurrent strong roots 1.825ms
[2026-04-03T01:51:25.058+0600][52.215s][info][gc,start    ] GC(18) Concurrent evacuation
[2026-04-03T01:51:25.058+0600][52.215s][info][gc,task     ] GC(18) Using 3 of 6 workers for concurrent evacuation
[2026-04-03T01:51:25.197+0600][52.354s][info][gc          ] GC(18) Concurrent evacuation 138.730ms
[2026-04-03T01:51:25.197+0600][52.354s][info][gc,start    ] GC(18) Pause Init Update Refs
[2026-04-03T01:51:25.197+0600][52.354s][info][gc,ergo     ] GC(18) Pacer for Update Refs. Used: 1360M, Free: 2471M, Non-Taxable: 247M, Alloc Tax Rate: 1.1x
[2026-04-03T01:51:25.197+0600][52.354s][info][gc          ] GC(18) Pause Init Update Refs 0.106ms
[2026-04-03T01:51:25.198+0600][52.354s][info][gc,start    ] GC(18) Concurrent update references
[2026-04-03T01:51:25.198+0600][52.354s][info][gc,task     ] GC(18) Using 3 of 6 workers for concurrent reference update
[2026-04-03T01:51:25.449+0600][52.606s][info][gc          ] GC(18) Concurrent update references 251.400ms
[2026-04-03T01:51:25.449+0600][52.606s][info][gc,start    ] GC(18) Concurrent update thread roots
[2026-04-03T01:51:25.450+0600][52.607s][info][gc          ] GC(18) Concurrent update thread roots 1.200ms
[2026-04-03T01:51:25.451+0600][52.607s][info][gc,start    ] GC(18) Pause Final Update Refs
[2026-04-03T01:51:25.451+0600][52.607s][info][gc,task     ] GC(18) Using 6 of 6 workers for final reference update
[2026-04-03T01:51:25.451+0600][52.608s][info][gc          ] GC(18) Pause Final Update Refs 0.285ms
[2026-04-03T01:51:25.451+0600][52.608s][info][gc,start    ] GC(18) Concurrent cleanup
[2026-04-03T01:51:25.452+0600][52.609s][info][gc          ] GC(18) Concurrent cleanup 1486M->722M(1500M) 0.919ms
[2026-04-03T01:51:25.452+0600][52.609s][info][gc,ergo     ] Free: 2994M, Max: 1024K regular, 903M humongous, Frag: 70% external, 0% internal; Reserve: 197M, Max: 1024K
[2026-04-03T01:51:25.452+0600][52.609s][info][gc,stats    ] 
[2026-04-03T01:51:25.452+0600][52.609s][info][gc,stats    ] All times are wall-clock times, except per-root-class counters, that are sum over
[2026-04-03T01:51:25.452+0600][52.609s][info][gc,stats    ] all workers. Dividing the <total> over the root stage time estimates parallelism.
[2026-04-03T01:51:25.452+0600][52.609s][info][gc,stats    ] 
[2026-04-03T01:51:25.452+0600][52.609s][info][gc,stats    ] Concurrent Reset                   1069 us
[2026-04-03T01:51:25.452+0600][52.609s][info][gc,stats    ] Pause Init Mark (G)                 517 us
[2026-04-03T01:51:25.452+0600][52.609s][info][gc,stats    ] Pause Init Mark (N)                 189 us
[2026-04-03T01:51:25.452+0600][52.609s][info][gc,stats    ]   Update Region States               46 us
[2026-04-03T01:51:25.452+0600][52.609s][info][gc,stats    ] Concurrent Mark Roots              1239 us, parallelism: 1.91x
[2026-04-03T01:51:25.452+0600][52.609s][info][gc,stats    ]   CMR: <total>                     2372 us
[2026-04-03T01:51:25.452+0600][52.609s][info][gc,stats    ]   CMR: Thread Roots                2023 us, workers (us): 769, 464, 791, ---, ---, ---, 
[2026-04-03T01:51:25.452+0600][52.609s][info][gc,stats    ]   CMR: VM Strong Roots               40 us, workers (us):  27,   7,   5, ---, ---, ---, 
[2026-04-03T01:51:25.452+0600][52.609s][info][gc,stats    ]   CMR: CLDG Roots                   309 us, workers (us): ---, 309, ---, ---, ---, ---, 
[2026-04-03T01:51:25.452+0600][52.609s][info][gc,stats    ] Concurrent Marking               477379 us
[2026-04-03T01:51:25.452+0600][52.609s][info][gc,stats    ] Pause Final Mark (G)               1367 us
[2026-04-03T01:51:25.452+0600][52.609s][info][gc,stats    ] Pause Final Mark (N)               1131 us
[2026-04-03T01:51:25.452+0600][52.609s][info][gc,stats    ]   Finish Mark                       284 us
[2026-04-03T01:51:25.452+0600][52.609s][info][gc,stats    ]   Update Region States               72 us
[2026-04-03T01:51:25.452+0600][52.609s][info][gc,stats    ]   Choose Collection Set             377 us
[2026-04-03T01:51:25.452+0600][52.609s][info][gc,stats    ]   Rebuild Free Set                   48 us
[2026-04-03T01:51:25.452+0600][52.609s][info][gc,stats    ] Concurrent Thread Roots            1080 us, parallelism: 2.35x
[2026-04-03T01:51:25.452+0600][52.609s][info][gc,stats    ]   CTR: <total>                     2544 us
[2026-04-03T01:51:25.452+0600][52.609s][info][gc,stats    ]   CTR: Thread Roots                2544 us, workers (us): 876, 858, 810, ---, ---, ---, 
[2026-04-03T01:51:25.452+0600][52.609s][info][gc,stats    ] Concurrent Weak References          879 us, parallelism: 0.94x
[2026-04-03T01:51:25.452+0600][52.609s][info][gc,stats    ]   CWRF: <total>                     823 us
[2026-04-03T01:51:25.452+0600][52.609s][info][gc,stats    ]   CWRF: Weak References             823 us, workers (us): 668,  52, 104, ---, ---, ---, 
[2026-04-03T01:51:25.452+0600][52.609s][info][gc,stats    ] Concurrent Weak Roots              2248 us
[2026-04-03T01:51:25.452+0600][52.609s][info][gc,stats    ]   Roots                            1992 us, parallelism: 2.54x
[2026-04-03T01:51:25.452+0600][52.609s][info][gc,stats    ]     CWR: <total>                   5057 us
[2026-04-03T01:51:25.452+0600][52.609s][info][gc,stats    ]     CWR: Code Cache Roots          3048 us, workers (us): 875, 1122, 1050, ---, ---, ---, 
[2026-04-03T01:51:25.452+0600][52.609s][info][gc,stats    ]     CWR: VM Weak Roots             1833 us, workers (us): 633, 615, 586, ---, ---, ---, 
[2026-04-03T01:51:25.452+0600][52.609s][info][gc,stats    ]     CWR: CLDG Roots                 176 us, workers (us): 176, ---, ---, ---, ---, ---, 
[2026-04-03T01:51:25.452+0600][52.609s][info][gc,stats    ]   Rendezvous                        174 us
[2026-04-03T01:51:25.452+0600][52.609s][info][gc,stats    ] Concurrent Cleanup                  992 us
[2026-04-03T01:51:25.452+0600][52.609s][info][gc,stats    ] Concurrent Class Unloading        27388 us
[2026-04-03T01:51:25.452+0600][52.609s][info][gc,stats    ]   Unlink Stale                    26331 us
[2026-04-03T01:51:25.452+0600][52.609s][info][gc,stats    ]     System Dictionary               418 us
[2026-04-03T01:51:25.452+0600][52.609s][info][gc,stats    ]     Weak Class Links              16907 us
[2026-04-03T01:51:25.452+0600][52.609s][info][gc,stats    ]     Code Roots                     8999 us
[2026-04-03T01:51:25.452+0600][52.609s][info][gc,stats    ]   Rendezvous                        481 us
[2026-04-03T01:51:25.452+0600][52.609s][info][gc,stats    ]   Purge Unlinked                    404 us
[2026-04-03T01:51:25.452+0600][52.609s][info][gc,stats    ]     Code Roots                      338 us
[2026-04-03T01:51:25.452+0600][52.609s][info][gc,stats    ]     CLDG                             64 us
[2026-04-03T01:51:25.452+0600][52.609s][info][gc,stats    ]     Exception Caches                  1 us
[2026-04-03T01:51:25.452+0600][52.609s][info][gc,stats    ] Concurrent Strong Roots            1895 us, parallelism: 0.75x
[2026-04-03T01:51:25.452+0600][52.609s][info][gc,stats    ]   CSR: <total>                     1423 us
[2026-04-03T01:51:25.452+0600][52.609s][info][gc,stats    ]   CSR: VM Strong Roots               73 us, workers (us):  39,  16,  18, ---, ---, ---, 
[2026-04-03T01:51:25.452+0600][52.609s][info][gc,stats    ]   CSR: CLDG Roots                  1350 us, workers (us): 1350, ---, ---, ---, ---, ---, 
[2026-04-03T01:51:25.452+0600][52.609s][info][gc,stats    ] Concurrent Evacuation            138822 us
[2026-04-03T01:51:25.452+0600][52.609s][info][gc,stats    ] Pause Init Update Refs (G)          299 us
[2026-04-03T01:51:25.452+0600][52.609s][info][gc,stats    ] Pause Init Update Refs (N)          118 us
[2026-04-03T01:51:25.452+0600][52.609s][info][gc,stats    ]   Manage GCLABs                      19 us
[2026-04-03T01:51:25.452+0600][52.609s][info][gc,stats    ] Concurrent Update Refs           251544 us
[2026-04-03T01:51:25.453+0600][52.609s][info][gc,stats    ] Concurrent Update Thread Roots     1253 us
[2026-04-03T01:51:25.453+0600][52.609s][info][gc,stats    ] Pause Final Update Refs (G)         689 us
[2026-04-03T01:51:25.453+0600][52.609s][info][gc,stats    ] Pause Final Update Refs (N)         306 us
[2026-04-03T01:51:25.453+0600][52.609s][info][gc,stats    ]   Update Region States              106 us
[2026-04-03T01:51:25.453+0600][52.609s][info][gc,stats    ]   Trash Collection Set               20 us
[2026-04-03T01:51:25.453+0600][52.609s][info][gc,stats    ]   Rebuild Free Set                   47 us
[2026-04-03T01:51:25.453+0600][52.609s][info][gc,stats    ] Concurrent Cleanup                  952 us
[2026-04-03T01:51:25.453+0600][52.609s][info][gc,stats    ] 
[2026-04-03T01:51:25.453+0600][52.609s][info][gc,stats    ] Allocation pacing accrued:
[2026-04-03T01:51:25.453+0600][52.609s][info][gc,stats    ]       0 of  2316 ms (  0.0%): <total>
[2026-04-03T01:51:25.453+0600][52.609s][info][gc,stats    ]       0 of  2316 ms (  0.0%): <average total>
[2026-04-03T01:51:25.453+0600][52.609s][info][gc,stats    ] 
[2026-04-03T01:51:25.453+0600][52.609s][info][gc,metaspace] Metaspace: 73167K(74048K)->73152K(74048K) NonClass: 63851K(64320K)->63840K(64320K) Class: 9315K(9728K)->9311K(9728K)
[2026-04-03T01:51:25.453+0600][52.609s][info][gc,ergo     ] Pacer for Idle. Initial: 80302K, Alloc Tax Rate: 1.0x
[2026-04-03T01:51:25.724+0600][52.881s][info][gc          ] Trigger: Learning 3 of 5. Free (2744M) is below initial threshold (2744M)
[2026-04-03T01:51:25.724+0600][52.881s][info][gc,ergo     ] Free: 2744M, Max: 1024K regular, 903M humongous, Frag: 68% external, 0% internal; Reserve: 197M, Max: 1024K
[2026-04-03T01:51:25.724+0600][52.881s][info][gc,start    ] GC(19) Concurrent reset
[2026-04-03T01:51:25.724+0600][52.881s][info][gc,task     ] GC(19) Using 3 of 6 workers for concurrent reset
[2026-04-03T01:51:25.724+0600][52.881s][info][gc,ergo     ] GC(19) Pacer for Reset. Non-Taxable: 3921M
[2026-04-03T01:51:25.729+0600][52.886s][info][gc          ] GC(19) Concurrent reset 4.373ms
[2026-04-03T01:51:25.729+0600][52.886s][info][gc,start    ] GC(19) Pause Init Mark (unload classes)
[2026-04-03T01:51:25.729+0600][52.886s][info][gc,task     ] GC(19) Using 6 of 6 workers for init marking
[2026-04-03T01:51:25.729+0600][52.886s][info][gc,ergo     ] GC(19) Pacer for Mark. Expected Live: 227M, Free: 2742M, Non-Taxable: 274M, Alloc Tax Rate: 0.1x
[2026-04-03T01:51:25.729+0600][52.886s][info][gc          ] GC(19) Pause Init Mark (unload classes) 0.197ms
[2026-04-03T01:51:25.729+0600][52.886s][info][gc,start    ] GC(19) Concurrent marking roots
[2026-04-03T01:51:25.729+0600][52.886s][info][gc,task     ] GC(19) Using 3 of 6 workers for concurrent marking roots
[2026-04-03T01:51:25.731+0600][52.888s][info][gc          ] GC(19) Concurrent marking roots 1.473ms
[2026-04-03T01:51:25.731+0600][52.888s][info][gc,start    ] GC(19) Concurrent marking (unload classes)
[2026-04-03T01:51:25.731+0600][52.888s][info][gc,task     ] GC(19) Using 3 of 6 workers for concurrent marking
[2026-04-03T01:51:26.309+0600][53.466s][info][gc          ] GC(19) Concurrent marking (unload classes) 578.463ms
[2026-04-03T01:51:26.310+0600][53.467s][info][gc,start    ] GC(19) Pause Final Mark (unload classes)
[2026-04-03T01:51:26.310+0600][53.467s][info][gc,task     ] GC(19) Using 6 of 6 workers for final marking
[2026-04-03T01:51:26.310+0600][53.467s][info][gc,ergo     ] GC(19) Adaptive CSet Selection. Target Free: 555M, Actual Free: 2664M, Max CSet: 163M, Min Garbage: 0B
[2026-04-03T01:51:26.311+0600][53.468s][info][gc,ergo     ] GC(19) Collectable Garbage: 641M (98%), Immediate: 4096K (0%), CSet: 637M (98%)
[2026-04-03T01:51:26.311+0600][53.468s][info][gc,ergo     ] GC(19) Pacer for Evacuation. Used CSet: 683M, Free: 2474M, Non-Taxable: 247M, Alloc Tax Rate: 1.1x
[2026-04-03T01:51:26.311+0600][53.468s][info][gc          ] GC(19) Pause Final Mark (unload classes) 1.175ms
[2026-04-03T01:51:26.311+0600][53.468s][info][gc,start    ] GC(19) Concurrent thread roots
[2026-04-03T01:51:26.311+0600][53.468s][info][gc,task     ] GC(19) Using 3 of 6 workers for Concurrent thread roots
[2026-04-03T01:51:26.312+0600][53.469s][info][gc          ] GC(19) Concurrent thread roots 1.278ms
[2026-04-03T01:51:26.312+0600][53.469s][info][gc,start    ] GC(19) Concurrent weak references
[2026-04-03T01:51:26.312+0600][53.469s][info][gc,task     ] GC(19) Using 3 of 6 workers for concurrent weak references
[2026-04-03T01:51:26.313+0600][53.469s][info][gc,ref      ] GC(19) Encountered references: Soft: 3155, Weak: 6322, Final: 84, Phantom: 599
[2026-04-03T01:51:26.313+0600][53.469s][info][gc,ref      ] GC(19) Discovered  references: Soft: 0, Weak: 454, Final: 0, Phantom: 596
[2026-04-03T01:51:26.313+0600][53.469s][info][gc,ref      ] GC(19) Enqueued    references: Soft: 0, Weak: 0, Final: 0, Phantom: 0
[2026-04-03T01:51:26.313+0600][53.469s][info][gc          ] GC(19) Concurrent weak references 0.214ms
[2026-04-03T01:51:26.313+0600][53.470s][info][gc,start    ] GC(19) Concurrent weak roots
[2026-04-03T01:51:26.313+0600][53.470s][info][gc,task     ] GC(19) Using 3 of 6 workers for concurrent weak root
[2026-04-03T01:51:26.315+0600][53.472s][info][gc          ] GC(19) Concurrent weak roots 2.727ms
[2026-04-03T01:51:26.315+0600][53.472s][info][gc,start    ] GC(19) Concurrent cleanup
[2026-04-03T01:51:26.316+0600][53.473s][info][gc          ] GC(19) Concurrent cleanup 1247M->1243M(1500M) 0.737ms
[2026-04-03T01:51:26.316+0600][53.473s][info][gc,ergo     ] GC(19) Free: 2471M, Max: 1024K regular, 903M humongous, Frag: 64% external, 0% internal; Reserve: 196M, Max: 1024K
[2026-04-03T01:51:26.316+0600][53.473s][info][gc,start    ] GC(19) Concurrent class unloading
[2026-04-03T01:51:26.316+0600][53.473s][info][gc,task     ] GC(19) Using 3 of 6 workers for concurrent class unloading
[2026-04-03T01:51:26.323+0600][53.480s][info][gc          ] GC(19) Concurrent class unloading 7.073ms
[2026-04-03T01:51:26.323+0600][53.480s][info][gc,start    ] GC(19) Concurrent strong roots
[2026-04-03T01:51:26.323+0600][53.480s][info][gc,task     ] GC(19) Using 3 of 6 workers for concurrent strong root
[2026-04-03T01:51:26.324+0600][53.481s][info][gc          ] GC(19) Concurrent strong roots 0.832ms
[2026-04-03T01:51:26.324+0600][53.481s][info][gc,start    ] GC(19) Concurrent evacuation
[2026-04-03T01:51:26.324+0600][53.481s][info][gc,task     ] GC(19) Using 3 of 6 workers for concurrent evacuation
[2026-04-03T01:51:26.392+0600][53.549s][info][gc          ] GC(19) Concurrent evacuation 67.939ms
[2026-04-03T01:51:26.393+0600][53.549s][info][gc,start    ] GC(19) Pause Init Update Refs
[2026-04-03T01:51:26.393+0600][53.550s][info][gc,ergo     ] GC(19) Pacer for Update Refs. Used: 1291M, Free: 2471M, Non-Taxable: 247M, Alloc Tax Rate: 1.1x
[2026-04-03T01:51:26.393+0600][53.550s][info][gc          ] GC(19) Pause Init Update Refs 0.193ms
[2026-04-03T01:51:26.393+0600][53.550s][info][gc,start    ] GC(19) Concurrent update references
[2026-04-03T01:51:26.393+0600][53.550s][info][gc,task     ] GC(19) Using 3 of 6 workers for concurrent reference update
[2026-04-03T01:51:26.750+0600][53.907s][info][gc          ] GC(19) Concurrent update references 356.809ms
[2026-04-03T01:51:26.750+0600][53.907s][info][gc,start    ] GC(19) Concurrent update thread roots
[2026-04-03T01:51:26.751+0600][53.908s][info][gc          ] GC(19) Concurrent update thread roots 1.240ms
[2026-04-03T01:51:26.752+0600][53.908s][info][gc,start    ] GC(19) Pause Final Update Refs
[2026-04-03T01:51:26.752+0600][53.909s][info][gc,task     ] GC(19) Using 6 of 6 workers for final reference update
[2026-04-03T01:51:26.752+0600][53.909s][info][gc          ] GC(19) Pause Final Update Refs 0.253ms
[2026-04-03T01:51:26.752+0600][53.909s][info][gc,start    ] GC(19) Concurrent cleanup
[2026-04-03T01:51:26.753+0600][53.909s][info][gc          ] GC(19) Concurrent cleanup 1293M->610M(1547M) 0.437ms
[2026-04-03T01:51:26.753+0600][53.909s][info][gc,ergo     ] Free: 3101M, Max: 1024K regular, 1397M humongous, Frag: 55% external, 0% internal; Reserve: 197M, Max: 1024K
[2026-04-03T01:51:26.753+0600][53.910s][info][gc,stats    ] 
[2026-04-03T01:51:26.753+0600][53.910s][info][gc,stats    ] All times are wall-clock times, except per-root-class counters, that are sum over
[2026-04-03T01:51:26.753+0600][53.910s][info][gc,stats    ] all workers. Dividing the <total> over the root stage time estimates parallelism.
[2026-04-03T01:51:26.753+0600][53.910s][info][gc,stats    ] 
[2026-04-03T01:51:26.753+0600][53.910s][info][gc,stats    ] Concurrent Reset                   4499 us
[2026-04-03T01:51:26.753+0600][53.910s][info][gc,stats    ] Pause Init Mark (G)                 647 us
[2026-04-03T01:51:26.753+0600][53.910s][info][gc,stats    ] Pause Init Mark (N)                 211 us
[2026-04-03T01:51:26.753+0600][53.910s][info][gc,stats    ]   Update Region States               51 us
[2026-04-03T01:51:26.753+0600][53.910s][info][gc,stats    ] Concurrent Mark Roots              1528 us, parallelism: 1.97x
[2026-04-03T01:51:26.753+0600][53.910s][info][gc,stats    ]   CMR: <total>                     3005 us
[2026-04-03T01:51:26.753+0600][53.910s][info][gc,stats    ]   CMR: Thread Roots                2555 us, workers (us): 589, 985, 980, ---, ---, ---, 
[2026-04-03T01:51:26.753+0600][53.910s][info][gc,stats    ]   CMR: VM Strong Roots               56 us, workers (us):  27,  28,   1, ---, ---, ---, 
[2026-04-03T01:51:26.753+0600][53.910s][info][gc,stats    ]   CMR: CLDG Roots                   394 us, workers (us): 394, ---, ---, ---, ---, ---, 
[2026-04-03T01:51:26.753+0600][53.910s][info][gc,stats    ] Concurrent Marking               578563 us
[2026-04-03T01:51:26.753+0600][53.910s][info][gc,stats    ] Pause Final Mark (G)               1567 us
[2026-04-03T01:51:26.753+0600][53.910s][info][gc,stats    ] Pause Final Mark (N)               1222 us
[2026-04-03T01:51:26.753+0600][53.910s][info][gc,stats    ]   Finish Mark                       421 us
[2026-04-03T01:51:26.753+0600][53.910s][info][gc,stats    ]   Update Region States              109 us
[2026-04-03T01:51:26.753+0600][53.910s][info][gc,stats    ]   Choose Collection Set             435 us
[2026-04-03T01:51:26.753+0600][53.910s][info][gc,stats    ]   Rebuild Free Set                   51 us
[2026-04-03T01:51:26.753+0600][53.910s][info][gc,stats    ] Concurrent Thread Roots            1312 us, parallelism: 2.31x
[2026-04-03T01:51:26.753+0600][53.910s][info][gc,stats    ]   CTR: <total>                     3026 us
[2026-04-03T01:51:26.753+0600][53.910s][info][gc,stats    ]   CTR: Thread Roots                3026 us, workers (us): 1037, 1017, 972, ---, ---, ---, 
[2026-04-03T01:51:26.753+0600][53.910s][info][gc,stats    ] Concurrent Weak References          228 us, parallelism: 0.81x
[2026-04-03T01:51:26.753+0600][53.910s][info][gc,stats    ]   CWRF: <total>                     185 us
[2026-04-03T01:51:26.753+0600][53.910s][info][gc,stats    ]   CWRF: Weak References             185 us, workers (us):  89,  95,   2, ---, ---, ---, 
[2026-04-03T01:51:26.753+0600][53.910s][info][gc,stats    ] Concurrent Weak Roots              2811 us
[2026-04-03T01:51:26.753+0600][53.910s][info][gc,stats    ]   Roots                            2466 us, parallelism: 2.62x
[2026-04-03T01:51:26.753+0600][53.910s][info][gc,stats    ]     CWR: <total>                   6468 us
[2026-04-03T01:51:26.753+0600][53.910s][info][gc,stats    ]     CWR: Code Cache Roots          4550 us, workers (us): 1566, 1595, 1389, ---, ---, ---, 
[2026-04-03T01:51:26.753+0600][53.910s][info][gc,stats    ]     CWR: VM Weak Roots             1769 us, workers (us): 633, 570, 565, ---, ---, ---, 
[2026-04-03T01:51:26.753+0600][53.910s][info][gc,stats    ]     CWR: CLDG Roots                 149 us, workers (us): ---, ---, 149, ---, ---, ---, 
[2026-04-03T01:51:26.753+0600][53.910s][info][gc,stats    ]   Rendezvous                        228 us
[2026-04-03T01:51:26.753+0600][53.910s][info][gc,stats    ] Concurrent Cleanup                  768 us
[2026-04-03T01:51:26.753+0600][53.910s][info][gc,stats    ] Concurrent Class Unloading         7133 us
[2026-04-03T01:51:26.753+0600][53.910s][info][gc,stats    ]   Unlink Stale                     6677 us
[2026-04-03T01:51:26.753+0600][53.910s][info][gc,stats    ]     System Dictionary               145 us
[2026-04-03T01:51:26.753+0600][53.910s][info][gc,stats    ]     Weak Class Links                  0 us
[2026-04-03T01:51:26.753+0600][53.910s][info][gc,stats    ]     Code Roots                     6529 us
[2026-04-03T01:51:26.753+0600][53.910s][info][gc,stats    ]   Rendezvous                        331 us
[2026-04-03T01:51:26.753+0600][53.910s][info][gc,stats    ]   Purge Unlinked                     34 us
[2026-04-03T01:51:26.753+0600][53.910s][info][gc,stats    ]     Code Roots                       26 us
[2026-04-03T01:51:26.753+0600][53.910s][info][gc,stats    ]     CLDG                              7 us
[2026-04-03T01:51:26.753+0600][53.910s][info][gc,stats    ]     Exception Caches                  0 us
[2026-04-03T01:51:26.753+0600][53.910s][info][gc,stats    ] Concurrent Strong Roots             860 us, parallelism: 0.68x
[2026-04-03T01:51:26.753+0600][53.910s][info][gc,stats    ]   CSR: <total>                      587 us
[2026-04-03T01:51:26.753+0600][53.910s][info][gc,stats    ]   CSR: VM Strong Roots               77 us, workers (us):  59,  18,   0, ---, ---, ---, 
[2026-04-03T01:51:26.753+0600][53.910s][info][gc,stats    ]   CSR: CLDG Roots                   510 us, workers (us): ---, 510, ---, ---, ---, ---, 
[2026-04-03T01:51:26.753+0600][53.910s][info][gc,stats    ] Concurrent Evacuation             68042 us
[2026-04-03T01:51:26.753+0600][53.910s][info][gc,stats    ] Pause Init Update Refs (G)          576 us
[2026-04-03T01:51:26.753+0600][53.910s][info][gc,stats    ] Pause Init Update Refs (N)          206 us
[2026-04-03T01:51:26.753+0600][53.910s][info][gc,stats    ]   Manage GCLABs                      32 us
[2026-04-03T01:51:26.753+0600][53.910s][info][gc,stats    ] Concurrent Update Refs           357066 us
[2026-04-03T01:51:26.753+0600][53.910s][info][gc,stats    ] Concurrent Update Thread Roots     1305 us
[2026-04-03T01:51:26.753+0600][53.910s][info][gc,stats    ] Pause Final Update Refs (G)         690 us
[2026-04-03T01:51:26.753+0600][53.910s][info][gc,stats    ] Pause Final Update Refs (N)         271 us
[2026-04-03T01:51:26.753+0600][53.910s][info][gc,stats    ]   Update Region States               68 us
[2026-04-03T01:51:26.753+0600][53.910s][info][gc,stats    ]   Trash Collection Set               15 us
[2026-04-03T01:51:26.753+0600][53.910s][info][gc,stats    ]   Rebuild Free Set                   48 us
[2026-04-03T01:51:26.753+0600][53.910s][info][gc,stats    ] Concurrent Cleanup                  465 us
[2026-04-03T01:51:26.753+0600][53.910s][info][gc,stats    ] 
[2026-04-03T01:51:26.753+0600][53.910s][info][gc,stats    ] Allocation pacing accrued:
[2026-04-03T01:51:26.753+0600][53.910s][info][gc,stats    ]       0 of  1301 ms (  0.0%): <total>
[2026-04-03T01:51:26.753+0600][53.910s][info][gc,stats    ]       0 of  1301 ms (  0.0%): <average total>
[2026-04-03T01:51:26.753+0600][53.910s][info][gc,stats    ] 
[2026-04-03T01:51:26.754+0600][53.910s][info][gc,metaspace] Metaspace: 73152K(74048K)->73152K(74048K) NonClass: 63840K(64320K)->63840K(64320K) Class: 9311K(9728K)->9311K(9728K)
[2026-04-03T01:51:26.754+0600][53.910s][info][gc,ergo     ] Pacer for Idle. Initial: 80302K, Alloc Tax Rate: 1.0x
[2026-04-03T01:51:27.849+0600][55.006s][info][gc          ] Trigger: Learning 4 of 5. Free (2744M) is below initial threshold (2744M)
[2026-04-03T01:51:27.849+0600][55.006s][info][gc,ergo     ] Free: 2744M, Max: 1024K regular, 1397M humongous, Frag: 49% external, 0% internal; Reserve: 197M, Max: 1024K
[2026-04-03T01:51:27.850+0600][55.006s][info][gc,start    ] GC(20) Concurrent reset
[2026-04-03T01:51:27.850+0600][55.006s][info][gc,task     ] GC(20) Using 3 of 6 workers for concurrent reset
[2026-04-03T01:51:27.850+0600][55.006s][info][gc,ergo     ] GC(20) Pacer for Reset. Non-Taxable: 3921M
[2026-04-03T01:51:27.852+0600][55.009s][info][gc          ] GC(20) Concurrent reset 2.696ms
[2026-04-03T01:51:27.853+0600][55.009s][info][gc,start    ] GC(20) Pause Init Mark (unload classes)
[2026-04-03T01:51:27.853+0600][55.009s][info][gc,task     ] GC(20) Using 6 of 6 workers for init marking
[2026-04-03T01:51:27.853+0600][55.010s][info][gc,ergo     ] GC(20) Pacer for Mark. Expected Live: 235M, Free: 2742M, Non-Taxable: 274M, Alloc Tax Rate: 0.1x
[2026-04-03T01:51:27.853+0600][55.010s][info][gc          ] GC(20) Pause Init Mark (unload classes) 0.195ms
[2026-04-03T01:51:27.853+0600][55.010s][info][gc,start    ] GC(20) Concurrent marking roots
[2026-04-03T01:51:27.853+0600][55.010s][info][gc,task     ] GC(20) Using 3 of 6 workers for concurrent marking roots
[2026-04-03T01:51:27.854+0600][55.011s][info][gc          ] GC(20) Concurrent marking roots 1.376ms
[2026-04-03T01:51:27.854+0600][55.011s][info][gc,start    ] GC(20) Concurrent marking (unload classes)
[2026-04-03T01:51:27.854+0600][55.011s][info][gc,task     ] GC(20) Using 3 of 6 workers for concurrent marking
[2026-04-03T01:51:28.228+0600][55.385s][info][gc          ] GC(20) Concurrent marking (unload classes) 373.833ms
[2026-04-03T01:51:28.228+0600][55.385s][info][gc,start    ] GC(20) Pause Final Mark (unload classes)
[2026-04-03T01:51:28.229+0600][55.385s][info][gc,task     ] GC(20) Using 6 of 6 workers for final marking
[2026-04-03T01:51:28.229+0600][55.386s][info][gc,ergo     ] GC(20) Adaptive CSet Selection. Target Free: 555M, Actual Free: 3223M, Max CSet: 163M, Min Garbage: 0B
[2026-04-03T01:51:28.229+0600][55.386s][info][gc,ergo     ] GC(20) Collectable Garbage: 727M (99%), Immediate: 509M (69%), CSet: 217M (29%)
[2026-04-03T01:51:28.229+0600][55.386s][info][gc,ergo     ] GC(20) Pacer for Evacuation. Used CSet: 272M, Free: 3057M, Non-Taxable: 305M, Alloc Tax Rate: 1.1x
[2026-04-03T01:51:28.230+0600][55.386s][info][gc          ] GC(20) Pause Final Mark (unload classes) 1.055ms
[2026-04-03T01:51:28.230+0600][55.387s][info][gc,start    ] GC(20) Concurrent thread roots
[2026-04-03T01:51:28.230+0600][55.387s][info][gc,task     ] GC(20) Using 3 of 6 workers for Concurrent thread roots
[2026-04-03T01:51:28.231+0600][55.388s][info][gc          ] GC(20) Concurrent thread roots 1.149ms
[2026-04-03T01:51:28.231+0600][55.388s][info][gc,start    ] GC(20) Concurrent weak references
[2026-04-03T01:51:28.231+0600][55.388s][info][gc,task     ] GC(20) Using 3 of 6 workers for concurrent weak references
[2026-04-03T01:51:28.231+0600][55.388s][info][gc,ref      ] GC(20) Encountered references: Soft: 3282, Weak: 6601, Final: 84, Phantom: 599
[2026-04-03T01:51:28.231+0600][55.388s][info][gc,ref      ] GC(20) Discovered  references: Soft: 0, Weak: 707, Final: 0, Phantom: 596
[2026-04-03T01:51:28.231+0600][55.388s][info][gc,ref      ] GC(20) Enqueued    references: Soft: 0, Weak: 113, Final: 0, Phantom: 0
[2026-04-03T01:51:28.231+0600][55.388s][info][gc          ] GC(20) Concurrent weak references 0.405ms
[2026-04-03T01:51:28.231+0600][55.388s][info][gc,start    ] GC(20) Concurrent weak roots
[2026-04-03T01:51:28.231+0600][55.388s][info][gc,task     ] GC(20) Using 3 of 6 workers for concurrent weak root
[2026-04-03T01:51:28.234+0600][55.391s][info][gc          ] GC(20) Concurrent weak roots 2.783ms
[2026-04-03T01:51:28.234+0600][55.391s][info][gc,start    ] GC(20) Concurrent cleanup
[2026-04-03T01:51:28.235+0600][55.392s][info][gc          ] GC(20) Concurrent cleanup 1170M->661M(1547M) 0.915ms
[2026-04-03T01:51:28.235+0600][55.392s][info][gc,ergo     ] GC(20) Free: 3051M, Max: 1024K regular, 1224M humongous, Frag: 60% external, 0% internal; Reserve: 196M, Max: 1024K
[2026-04-03T01:51:28.235+0600][55.392s][info][gc,start    ] GC(20) Concurrent class unloading
[2026-04-03T01:51:28.235+0600][55.392s][info][gc,task     ] GC(20) Using 3 of 6 workers for concurrent class unloading
[2026-04-03T01:51:28.244+0600][55.401s][info][gc          ] GC(20) Concurrent class unloading 8.572ms
[2026-04-03T01:51:28.244+0600][55.401s][info][gc,start    ] GC(20) Concurrent strong roots
[2026-04-03T01:51:28.244+0600][55.401s][info][gc,task     ] GC(20) Using 3 of 6 workers for concurrent strong root
[2026-04-03T01:51:28.245+0600][55.402s][info][gc          ] GC(20) Concurrent strong roots 1.108ms
[2026-04-03T01:51:28.245+0600][55.402s][info][gc,start    ] GC(20) Concurrent evacuation
[2026-04-03T01:51:28.245+0600][55.402s][info][gc,task     ] GC(20) Using 3 of 6 workers for concurrent evacuation
[2026-04-03T01:51:28.292+0600][55.449s][info][gc          ] GC(20) Concurrent evacuation 46.450ms
[2026-04-03T01:51:28.292+0600][55.449s][info][gc,start    ] GC(20) Pause Init Update Refs
[2026-04-03T01:51:28.292+0600][55.449s][info][gc,ergo     ] GC(20) Pacer for Update Refs. Used: 760M, Free: 3006M, Non-Taxable: 300M, Alloc Tax Rate: 1.1x
[2026-04-03T01:51:28.292+0600][55.449s][info][gc          ] GC(20) Pause Init Update Refs 0.201ms
[2026-04-03T01:51:28.292+0600][55.449s][info][gc,start    ] GC(20) Concurrent update references
[2026-04-03T01:51:28.293+0600][55.449s][info][gc,task     ] GC(20) Using 3 of 6 workers for concurrent reference update
[2026-04-03T01:51:28.568+0600][55.725s][info][gc          ] GC(20) Concurrent update references 275.631ms
[2026-04-03T01:51:28.568+0600][55.725s][info][gc,start    ] GC(20) Concurrent update thread roots
[2026-04-03T01:51:28.569+0600][55.726s][info][gc          ] GC(20) Concurrent update thread roots 1.248ms
[2026-04-03T01:51:28.570+0600][55.727s][info][gc,start    ] GC(20) Pause Final Update Refs
[2026-04-03T01:51:28.570+0600][55.727s][info][gc,task     ] GC(20) Using 6 of 6 workers for final reference update
[2026-04-03T01:51:28.570+0600][55.727s][info][gc          ] GC(20) Pause Final Update Refs 0.250ms
[2026-04-03T01:51:28.570+0600][55.727s][info][gc,start    ] GC(20) Concurrent cleanup
[2026-04-03T01:51:28.570+0600][55.727s][info][gc          ] GC(20) Concurrent cleanup 919M->647M(1547M) 0.331ms
[2026-04-03T01:51:28.570+0600][55.727s][info][gc,ergo     ] Free: 3059M, Max: 1024K regular, 1224M humongous, Frag: 60% external, 0% internal; Reserve: 197M, Max: 1024K
[2026-04-03T01:51:28.571+0600][55.727s][info][gc,stats    ] 
[2026-04-03T01:51:28.571+0600][55.727s][info][gc,stats    ] All times are wall-clock times, except per-root-class counters, that are sum over
[2026-04-03T01:51:28.571+0600][55.727s][info][gc,stats    ] all workers. Dividing the <total> over the root stage time estimates parallelism.
[2026-04-03T01:51:28.571+0600][55.727s][info][gc,stats    ] 
[2026-04-03T01:51:28.571+0600][55.727s][info][gc,stats    ] Concurrent Reset                   2807 us
[2026-04-03T01:51:28.571+0600][55.727s][info][gc,stats    ] Pause Init Mark (G)                 493 us
[2026-04-03T01:51:28.571+0600][55.727s][info][gc,stats    ] Pause Init Mark (N)                 206 us
[2026-04-03T01:51:28.571+0600][55.727s][info][gc,stats    ]   Update Region States               43 us
[2026-04-03T01:51:28.571+0600][55.728s][info][gc,stats    ] Concurrent Mark Roots              1426 us, parallelism: 1.84x
[2026-04-03T01:51:28.571+0600][55.728s][info][gc,stats    ]   CMR: <total>                     2630 us
[2026-04-03T01:51:28.571+0600][55.728s][info][gc,stats    ]   CMR: Thread Roots                2232 us, workers (us): 519, 889, 824, ---, ---, ---, 
[2026-04-03T01:51:28.571+0600][55.728s][info][gc,stats    ]   CMR: VM Strong Roots               48 us, workers (us):  42,   5,   1, ---, ---, ---, 
[2026-04-03T01:51:28.571+0600][55.728s][info][gc,stats    ]   CMR: CLDG Roots                   350 us, workers (us): 350, ---, ---, ---, ---, ---, 
[2026-04-03T01:51:28.571+0600][55.728s][info][gc,stats    ] Concurrent Marking               373966 us
[2026-04-03T01:51:28.571+0600][55.728s][info][gc,stats    ] Pause Final Mark (G)               1492 us
[2026-04-03T01:51:28.571+0600][55.728s][info][gc,stats    ] Pause Final Mark (N)               1069 us
[2026-04-03T01:51:28.571+0600][55.728s][info][gc,stats    ]   Finish Mark                       388 us
[2026-04-03T01:51:28.571+0600][55.728s][info][gc,stats    ]   Update Region States               87 us
[2026-04-03T01:51:28.571+0600][55.728s][info][gc,stats    ]   Choose Collection Set             293 us
[2026-04-03T01:51:28.571+0600][55.728s][info][gc,stats    ]   Rebuild Free Set                   59 us
[2026-04-03T01:51:28.571+0600][55.728s][info][gc,stats    ] Concurrent Thread Roots            1185 us, parallelism: 2.30x
[2026-04-03T01:51:28.571+0600][55.728s][info][gc,stats    ]   CTR: <total>                     2724 us
[2026-04-03T01:51:28.571+0600][55.728s][info][gc,stats    ]   CTR: Thread Roots                2724 us, workers (us): 959, 889, 877, ---, ---, ---, 
[2026-04-03T01:51:28.571+0600][55.728s][info][gc,stats    ] Concurrent Weak References          419 us, parallelism: 0.67x
[2026-04-03T01:51:28.571+0600][55.728s][info][gc,stats    ]   CWRF: <total>                     279 us
[2026-04-03T01:51:28.571+0600][55.728s][info][gc,stats    ]   CWRF: Weak References             279 us, workers (us):  58, 163,  57, ---, ---, ---, 
[2026-04-03T01:51:28.571+0600][55.728s][info][gc,stats    ] Concurrent Weak Roots              2845 us
[2026-04-03T01:51:28.571+0600][55.728s][info][gc,stats    ]   Roots                            2528 us, parallelism: 2.62x
[2026-04-03T01:51:28.571+0600][55.728s][info][gc,stats    ]     CWR: <total>                   6636 us
[2026-04-03T01:51:28.571+0600][55.728s][info][gc,stats    ]     CWR: Code Cache Roots          4421 us, workers (us): 1459, 1379, 1583, ---, ---, ---, 
[2026-04-03T01:51:28.571+0600][55.728s][info][gc,stats    ]     CWR: VM Weak Roots             2099 us, workers (us): 718, 701, 680, ---, ---, ---, 
[2026-04-03T01:51:28.571+0600][55.728s][info][gc,stats    ]     CWR: CLDG Roots                 116 us, workers (us): ---, 116, ---, ---, ---, ---, 
[2026-04-03T01:51:28.571+0600][55.728s][info][gc,stats    ]   Rendezvous                        230 us
[2026-04-03T01:51:28.571+0600][55.728s][info][gc,stats    ] Concurrent Cleanup                 1019 us
[2026-04-03T01:51:28.571+0600][55.728s][info][gc,stats    ] Concurrent Class Unloading         8704 us
[2026-04-03T01:51:28.571+0600][55.728s][info][gc,stats    ]   Unlink Stale                     7771 us
[2026-04-03T01:51:28.571+0600][55.728s][info][gc,stats    ]     System Dictionary               217 us
[2026-04-03T01:51:28.571+0600][55.728s][info][gc,stats    ]     Weak Class Links                  1 us
[2026-04-03T01:51:28.571+0600][55.728s][info][gc,stats    ]     Code Roots                     7547 us
[2026-04-03T01:51:28.571+0600][55.728s][info][gc,stats    ]   Rendezvous                        370 us
[2026-04-03T01:51:28.571+0600][55.728s][info][gc,stats    ]   Purge Unlinked                    364 us
[2026-04-03T01:51:28.571+0600][55.728s][info][gc,stats    ]     Code Roots                      350 us
[2026-04-03T01:51:28.571+0600][55.728s][info][gc,stats    ]     CLDG                             14 us
[2026-04-03T01:51:28.571+0600][55.728s][info][gc,stats    ]     Exception Caches                  0 us
[2026-04-03T01:51:28.571+0600][55.728s][info][gc,stats    ] Concurrent Strong Roots            1199 us, parallelism: 0.58x
[2026-04-03T01:51:28.571+0600][55.728s][info][gc,stats    ]   CSR: <total>                      697 us
[2026-04-03T01:51:28.571+0600][55.728s][info][gc,stats    ]   CSR: VM Strong Roots               55 us, workers (us):  49,   5,   0, ---, ---, ---, 
[2026-04-03T01:51:28.571+0600][55.728s][info][gc,stats    ]   CSR: CLDG Roots                   642 us, workers (us): ---, 642, ---, ---, ---, ---, 
[2026-04-03T01:51:28.571+0600][55.728s][info][gc,stats    ] Concurrent Evacuation             46566 us
[2026-04-03T01:51:28.571+0600][55.728s][info][gc,stats    ] Pause Init Update Refs (G)          635 us
[2026-04-03T01:51:28.571+0600][55.728s][info][gc,stats    ] Pause Init Update Refs (N)          216 us
[2026-04-03T01:51:28.571+0600][55.728s][info][gc,stats    ]   Manage GCLABs                      65 us
[2026-04-03T01:51:28.571+0600][55.728s][info][gc,stats    ] Concurrent Update Refs           275756 us
[2026-04-03T01:51:28.571+0600][55.728s][info][gc,stats    ] Concurrent Update Thread Roots     1323 us
[2026-04-03T01:51:28.571+0600][55.728s][info][gc,stats    ] Pause Final Update Refs (G)         509 us
[2026-04-03T01:51:28.571+0600][55.728s][info][gc,stats    ] Pause Final Update Refs (N)         267 us
[2026-04-03T01:51:28.571+0600][55.728s][info][gc,stats    ]   Update Region States               64 us
[2026-04-03T01:51:28.571+0600][55.728s][info][gc,stats    ]   Trash Collection Set               12 us
[2026-04-03T01:51:28.571+0600][55.728s][info][gc,stats    ]   Rebuild Free Set                   50 us
[2026-04-03T01:51:28.571+0600][55.728s][info][gc,stats    ] Concurrent Cleanup                  359 us
[2026-04-03T01:51:28.571+0600][55.728s][info][gc,stats    ] 
[2026-04-03T01:51:28.571+0600][55.728s][info][gc,stats    ] Allocation pacing accrued:
[2026-04-03T01:51:28.571+0600][55.728s][info][gc,stats    ]       0 of  1818 ms (  0.0%): <total>
[2026-04-03T01:51:28.571+0600][55.728s][info][gc,stats    ]       0 of  1818 ms (  0.0%): <average total>
[2026-04-03T01:51:28.571+0600][55.728s][info][gc,stats    ] 
[2026-04-03T01:51:28.571+0600][55.728s][info][gc,metaspace] Metaspace: 73198K(74048K)->73199K(74048K) NonClass: 63883K(64320K)->63885K(64320K) Class: 9314K(9728K)->9314K(9728K)
[2026-04-03T01:51:28.571+0600][55.728s][info][gc,ergo     ] Pacer for Idle. Initial: 80302K, Alloc Tax Rate: 1.0x
[2026-04-03T01:51:28.888+0600][56.045s][info][gc          ] Trigger: Learning 5 of 5. Free (2744M) is below initial threshold (2744M)
[2026-04-03T01:51:28.888+0600][56.045s][info][gc,ergo     ] Free: 2744M, Max: 1024K regular, 1224M humongous, Frag: 56% external, 0% internal; Reserve: 197M, Max: 1024K
[2026-04-03T01:51:28.888+0600][56.045s][info][gc,start    ] GC(21) Concurrent reset
[2026-04-03T01:51:28.888+0600][56.045s][info][gc,task     ] GC(21) Using 3 of 6 workers for concurrent reset
[2026-04-03T01:51:28.888+0600][56.045s][info][gc,ergo     ] GC(21) Pacer for Reset. Non-Taxable: 3921M
[2026-04-03T01:51:28.890+0600][56.047s][info][gc          ] GC(21) Concurrent reset 1.667ms
[2026-04-03T01:51:28.890+0600][56.047s][info][gc,start    ] GC(21) Pause Init Mark (unload classes)
[2026-04-03T01:51:28.890+0600][56.047s][info][gc,task     ] GC(21) Using 6 of 6 workers for init marking
[2026-04-03T01:51:28.890+0600][56.047s][info][gc,ergo     ] GC(21) Pacer for Mark. Expected Live: 242M, Free: 2742M, Non-Taxable: 274M, Alloc Tax Rate: 0.1x
[2026-04-03T01:51:28.890+0600][56.047s][info][gc          ] GC(21) Pause Init Mark (unload classes) 0.181ms
[2026-04-03T01:51:28.891+0600][56.047s][info][gc,start    ] GC(21) Concurrent marking roots
[2026-04-03T01:51:28.891+0600][56.047s][info][gc,task     ] GC(21) Using 3 of 6 workers for concurrent marking roots
[2026-04-03T01:51:28.892+0600][56.049s][info][gc          ] GC(21) Concurrent marking roots 1.271ms
[2026-04-03T01:51:28.892+0600][56.049s][info][gc,start    ] GC(21) Concurrent marking (unload classes)
[2026-04-03T01:51:28.892+0600][56.049s][info][gc,task     ] GC(21) Using 3 of 6 workers for concurrent marking
[2026-04-03T01:51:29.317+0600][56.473s][info][gc          ] GC(21) Concurrent marking (unload classes) 424.731ms
[2026-04-03T01:51:29.317+0600][56.474s][info][gc,start    ] GC(21) Pause Final Mark (unload classes)
[2026-04-03T01:51:29.318+0600][56.475s][info][gc,task     ] GC(21) Using 6 of 6 workers for final marking
[2026-04-03T01:51:29.319+0600][56.476s][info][gc,ergo     ] GC(21) Adaptive CSet Selection. Target Free: 555M, Actual Free: 2697M, Max CSet: 163M, Min Garbage: 0B
[2026-04-03T01:51:29.319+0600][56.476s][info][gc,ergo     ] GC(21) Collectable Garbage: 672M (99%), Immediate: 27648K (3%), CSet: 645M (95%)
[2026-04-03T01:51:29.319+0600][56.476s][info][gc,ergo     ] GC(21) Pacer for Evacuation. Used CSet: 734M, Free: 2517M, Non-Taxable: 251M, Alloc Tax Rate: 1.1x
[2026-04-03T01:51:29.319+0600][56.476s][info][gc          ] GC(21) Pause Final Mark (unload classes) 2.258ms
[2026-04-03T01:51:29.319+0600][56.476s][info][gc,start    ] GC(21) Concurrent thread roots
[2026-04-03T01:51:29.320+0600][56.476s][info][gc,task     ] GC(21) Using 3 of 6 workers for Concurrent thread roots
[2026-04-03T01:51:29.321+0600][56.478s][info][gc          ] GC(21) Concurrent thread roots 1.307ms
[2026-04-03T01:51:29.321+0600][56.478s][info][gc,start    ] GC(21) Concurrent weak references
[2026-04-03T01:51:29.321+0600][56.478s][info][gc,task     ] GC(21) Using 3 of 6 workers for concurrent weak references
[2026-04-03T01:51:29.321+0600][56.478s][info][gc,ref      ] GC(21) Encountered references: Soft: 3282, Weak: 6496, Final: 84, Phantom: 599
[2026-04-03T01:51:29.322+0600][56.478s][info][gc,ref      ] GC(21) Discovered  references: Soft: 0, Weak: 3105, Final: 48, Phantom: 596
[2026-04-03T01:51:29.322+0600][56.478s][info][gc,ref      ] GC(21) Enqueued    references: Soft: 0, Weak: 79, Final: 0, Phantom: 0
[2026-04-03T01:51:29.322+0600][56.478s][info][gc          ] GC(21) Concurrent weak references 0.750ms
[2026-04-03T01:51:29.322+0600][56.478s][info][gc,start    ] GC(21) Concurrent weak roots
[2026-04-03T01:51:29.322+0600][56.478s][info][gc,task     ] GC(21) Using 3 of 6 workers for concurrent weak root
[2026-04-03T01:51:29.325+0600][56.481s][info][gc          ] GC(21) Concurrent weak roots 2.976ms
[2026-04-03T01:51:29.325+0600][56.482s][info][gc,start    ] GC(21) Concurrent cleanup
[2026-04-03T01:51:29.325+0600][56.482s][info][gc          ] GC(21) Concurrent cleanup 1229M->1202M(1547M) 0.326ms
[2026-04-03T01:51:29.325+0600][56.482s][info][gc,ergo     ] GC(21) Free: 2514M, Max: 1024K regular, 1089M humongous, Frag: 57% external, 0% internal; Reserve: 196M, Max: 1024K
[2026-04-03T01:51:29.325+0600][56.482s][info][gc,start    ] GC(21) Concurrent class unloading
[2026-04-03T01:51:29.325+0600][56.482s][info][gc,task     ] GC(21) Using 3 of 6 workers for concurrent class unloading
[2026-04-03T01:51:29.333+0600][56.490s][info][gc          ] GC(21) Concurrent class unloading 7.976ms
[2026-04-03T01:51:29.333+0600][56.490s][info][gc,start    ] GC(21) Concurrent strong roots
[2026-04-03T01:51:29.333+0600][56.490s][info][gc,task     ] GC(21) Using 3 of 6 workers for concurrent strong root
[2026-04-03T01:51:29.334+0600][56.491s][info][gc          ] GC(21) Concurrent strong roots 1.047ms
[2026-04-03T01:51:29.334+0600][56.491s][info][gc,start    ] GC(21) Concurrent evacuation
[2026-04-03T01:51:29.334+0600][56.491s][info][gc,task     ] GC(21) Using 3 of 6 workers for concurrent evacuation
[2026-04-03T01:51:29.420+0600][56.577s][info][gc          ] GC(21) Concurrent evacuation 86.121ms
[2026-04-03T01:51:29.421+0600][56.578s][info][gc,start    ] GC(21) Pause Init Update Refs
[2026-04-03T01:51:29.421+0600][56.578s][info][gc,ergo     ] GC(21) Pacer for Update Refs. Used: 1345M, Free: 2463M, Non-Taxable: 246M, Alloc Tax Rate: 1.1x
[2026-04-03T01:51:29.421+0600][56.578s][info][gc          ] GC(21) Pause Init Update Refs 0.267ms
[2026-04-03T01:51:29.421+0600][56.578s][info][gc,start    ] GC(21) Concurrent update references
[2026-04-03T01:51:29.421+0600][56.578s][info][gc,task     ] GC(21) Using 3 of 6 workers for concurrent reference update
[2026-04-03T01:51:29.706+0600][56.863s][info][gc          ] GC(21) Concurrent update references 284.424ms
[2026-04-03T01:51:29.706+0600][56.863s][info][gc,start    ] GC(21) Concurrent update thread roots
[2026-04-03T01:51:29.707+0600][56.864s][info][gc          ] GC(21) Concurrent update thread roots 1.166ms
[2026-04-03T01:51:29.707+0600][56.864s][info][gc,start    ] GC(21) Pause Final Update Refs
[2026-04-03T01:51:29.707+0600][56.864s][info][gc,task     ] GC(21) Using 6 of 6 workers for final reference update
[2026-04-03T01:51:29.708+0600][56.864s][info][gc          ] GC(21) Pause Final Update Refs 0.256ms
[2026-04-03T01:51:29.708+0600][56.865s][info][gc,start    ] GC(21) Concurrent cleanup
[2026-04-03T01:51:29.708+0600][56.865s][info][gc          ] GC(21) Concurrent cleanup 1520M->786M(1548M) 0.389ms
[2026-04-03T01:51:29.708+0600][56.865s][info][gc,ergo     ] Free: 2930M, Max: 1024K regular, 902M humongous, Frag: 70% external, 0% internal; Reserve: 197M, Max: 1024K
[2026-04-03T01:51:29.708+0600][56.865s][info][gc,stats    ] 
[2026-04-03T01:51:29.708+0600][56.865s][info][gc,stats    ] All times are wall-clock times, except per-root-class counters, that are sum over
[2026-04-03T01:51:29.708+0600][56.865s][info][gc,stats    ] all workers. Dividing the <total> over the root stage time estimates parallelism.
[2026-04-03T01:51:29.708+0600][56.865s][info][gc,stats    ] 
[2026-04-03T01:51:29.708+0600][56.865s][info][gc,stats    ] Concurrent Reset                   1740 us
[2026-04-03T01:51:29.708+0600][56.865s][info][gc,stats    ] Pause Init Mark (G)                 413 us
[2026-04-03T01:51:29.708+0600][56.865s][info][gc,stats    ] Pause Init Mark (N)                 191 us
[2026-04-03T01:51:29.708+0600][56.865s][info][gc,stats    ]   Update Region States               58 us
[2026-04-03T01:51:29.708+0600][56.865s][info][gc,stats    ] Concurrent Mark Roots              1310 us, parallelism: 1.75x
[2026-04-03T01:51:29.708+0600][56.865s][info][gc,stats    ]   CMR: <total>                     2288 us
[2026-04-03T01:51:29.708+0600][56.865s][info][gc,stats    ]   CMR: Thread Roots                1888 us, workers (us): 431, 776, 682, ---, ---, ---, 
[2026-04-03T01:51:29.708+0600][56.865s][info][gc,stats    ]   CMR: VM Strong Roots               52 us, workers (us):  32,  20,   1, ---, ---, ---, 
[2026-04-03T01:51:29.708+0600][56.865s][info][gc,stats    ]   CMR: CLDG Roots                   348 us, workers (us): 348, ---, ---, ---, ---, ---, 
[2026-04-03T01:51:29.708+0600][56.865s][info][gc,stats    ] Concurrent Marking               424857 us
[2026-04-03T01:51:29.708+0600][56.865s][info][gc,stats    ] Pause Final Mark (G)               2747 us
[2026-04-03T01:51:29.708+0600][56.865s][info][gc,stats    ] Pause Final Mark (N)               2272 us
[2026-04-03T01:51:29.708+0600][56.865s][info][gc,stats    ]   Finish Mark                       235 us
[2026-04-03T01:51:29.708+0600][56.865s][info][gc,stats    ]   Update Region States              101 us
[2026-04-03T01:51:29.709+0600][56.865s][info][gc,stats    ]   Choose Collection Set             365 us
[2026-04-03T01:51:29.709+0600][56.865s][info][gc,stats    ]   Rebuild Free Set                   46 us
[2026-04-03T01:51:29.709+0600][56.865s][info][gc,stats    ] Concurrent Thread Roots            1390 us, parallelism: 2.20x
[2026-04-03T01:51:29.709+0600][56.865s][info][gc,stats    ]   CTR: <total>                     3063 us
[2026-04-03T01:51:29.709+0600][56.865s][info][gc,stats    ]   CTR: Thread Roots                3063 us, workers (us): 1017, 1054, 992, ---, ---, ---, 
[2026-04-03T01:51:29.709+0600][56.865s][info][gc,stats    ] Concurrent Weak References          767 us, parallelism: 0.86x
[2026-04-03T01:51:29.709+0600][56.865s][info][gc,stats    ]   CWRF: <total>                     658 us
[2026-04-03T01:51:29.709+0600][56.865s][info][gc,stats    ]   CWRF: Weak References             658 us, workers (us): 488, 168,   2, ---, ---, ---, 
[2026-04-03T01:51:29.709+0600][56.865s][info][gc,stats    ] Concurrent Weak Roots              3070 us
[2026-04-03T01:51:29.709+0600][56.865s][info][gc,stats    ]   Roots                            2621 us, parallelism: 2.51x
[2026-04-03T01:51:29.709+0600][56.865s][info][gc,stats    ]     CWR: <total>                   6573 us
[2026-04-03T01:51:29.709+0600][56.865s][info][gc,stats    ]     CWR: Code Cache Roots          4729 us, workers (us): 1528, 1601, 1600, ---, ---, ---, 
[2026-04-03T01:51:29.709+0600][56.866s][info][gc,stats    ]     CWR: VM Weak Roots             1773 us, workers (us): 635, 587, 552, ---, ---, ---, 
[2026-04-03T01:51:29.709+0600][56.866s][info][gc,stats    ]     CWR: CLDG Roots                  71 us, workers (us): ---,  71, ---, ---, ---, ---, 
[2026-04-03T01:51:29.709+0600][56.866s][info][gc,stats    ]   Rendezvous                        318 us
[2026-04-03T01:51:29.709+0600][56.866s][info][gc,stats    ] Concurrent Cleanup                  353 us
[2026-04-03T01:51:29.709+0600][56.866s][info][gc,stats    ] Concurrent Class Unloading         8101 us
[2026-04-03T01:51:29.709+0600][56.866s][info][gc,stats    ]   Unlink Stale                     7446 us
[2026-04-03T01:51:29.709+0600][56.866s][info][gc,stats    ]     System Dictionary               129 us
[2026-04-03T01:51:29.709+0600][56.866s][info][gc,stats    ]     Weak Class Links                  1 us
[2026-04-03T01:51:29.709+0600][56.866s][info][gc,stats    ]     Code Roots                     7310 us
[2026-04-03T01:51:29.709+0600][56.866s][info][gc,stats    ]   Rendezvous                        352 us
[2026-04-03T01:51:29.709+0600][56.866s][info][gc,stats    ]   Purge Unlinked                    138 us
[2026-04-03T01:51:29.709+0600][56.866s][info][gc,stats    ]     Code Roots                      119 us
[2026-04-03T01:51:29.709+0600][56.866s][info][gc,stats    ]     CLDG                             18 us
[2026-04-03T01:51:29.709+0600][56.866s][info][gc,stats    ]     Exception Caches                  0 us
[2026-04-03T01:51:29.709+0600][56.866s][info][gc,stats    ] Concurrent Strong Roots            1120 us, parallelism: 0.59x
[2026-04-03T01:51:29.709+0600][56.866s][info][gc,stats    ]   CSR: <total>                      661 us
[2026-04-03T01:51:29.709+0600][56.866s][info][gc,stats    ]   CSR: VM Strong Roots               55 us, workers (us):  53,   2,   1, ---, ---, ---, 
[2026-04-03T01:51:29.709+0600][56.866s][info][gc,stats    ]   CSR: CLDG Roots                   606 us, workers (us): ---, 606, ---, ---, ---, ---, 
[2026-04-03T01:51:29.709+0600][56.866s][info][gc,stats    ] Concurrent Evacuation             86227 us
[2026-04-03T01:51:29.709+0600][56.866s][info][gc,stats    ] Pause Init Update Refs (G)          689 us
[2026-04-03T01:51:29.709+0600][56.866s][info][gc,stats    ] Pause Init Update Refs (N)          280 us
[2026-04-03T01:51:29.709+0600][56.866s][info][gc,stats    ]   Manage GCLABs                      44 us
[2026-04-03T01:51:29.709+0600][56.866s][info][gc,stats    ] Concurrent Update Refs           284583 us
[2026-04-03T01:51:29.709+0600][56.866s][info][gc,stats    ] Concurrent Update Thread Roots     1225 us
[2026-04-03T01:51:29.709+0600][56.866s][info][gc,stats    ] Pause Final Update Refs (G)         668 us
[2026-04-03T01:51:29.709+0600][56.866s][info][gc,stats    ] Pause Final Update Refs (N)         271 us
[2026-04-03T01:51:29.709+0600][56.866s][info][gc,stats    ]   Update Region States               65 us
[2026-04-03T01:51:29.709+0600][56.866s][info][gc,stats    ]   Trash Collection Set               16 us
[2026-04-03T01:51:29.709+0600][56.866s][info][gc,stats    ]   Rebuild Free Set                   48 us
[2026-04-03T01:51:29.709+0600][56.866s][info][gc,stats    ] Concurrent Cleanup                  417 us
[2026-04-03T01:51:29.709+0600][56.866s][info][gc,stats    ] 
[2026-04-03T01:51:29.709+0600][56.866s][info][gc,stats    ] Allocation pacing accrued:
[2026-04-03T01:51:29.709+0600][56.866s][info][gc,stats    ]       0 of  1138 ms (  0.0%): <total>
[2026-04-03T01:51:29.709+0600][56.866s][info][gc,stats    ]       0 of  1138 ms (  0.0%): <average total>
[2026-04-03T01:51:29.709+0600][56.866s][info][gc,stats    ] 
[2026-04-03T01:51:29.709+0600][56.866s][info][gc,metaspace] Metaspace: 73199K(74048K)->73199K(74048K) NonClass: 63885K(64320K)->63885K(64320K) Class: 9314K(9728K)->9314K(9728K)
[2026-04-03T01:51:29.709+0600][56.866s][info][gc,ergo     ] Pacer for Idle. Initial: 80302K, Alloc Tax Rate: 1.0x
[2026-04-03T01:51:32.834+0600][59.991s][info][gc          ] Trigger: Average GC time (1079.27 ms) is above the time for average allocation rate (1110 MB/s) to deplete free headroom (1197M) (margin of error = 1.82)
[2026-04-03T01:51:32.834+0600][59.991s][info][gc,ergo     ] Free headroom: 1393M (free) - 196M (spike) - 0B (penalties) = 1197M
[2026-04-03T01:51:32.834+0600][59.991s][info][gc,ergo     ] Free: 1393M, Max: 1024K regular, 883M humongous, Frag: 37% external, 0% internal; Reserve: 197M, Max: 1024K
[2026-04-03T01:51:32.834+0600][59.991s][info][gc,start    ] GC(22) Concurrent reset
[2026-04-03T01:51:32.834+0600][59.991s][info][gc,task     ] GC(22) Using 3 of 6 workers for concurrent reset
[2026-04-03T01:51:32.834+0600][59.991s][info][gc,ergo     ] GC(22) Pacer for Reset. Non-Taxable: 3921M
[2026-04-03T01:51:32.837+0600][59.994s][info][gc          ] GC(22) Concurrent reset 2.422ms
[2026-04-03T01:51:32.837+0600][59.994s][info][gc,start    ] GC(22) Pause Init Mark (unload classes)
[2026-04-03T01:51:32.837+0600][59.994s][info][gc,task     ] GC(22) Using 6 of 6 workers for init marking
[2026-04-03T01:51:32.837+0600][59.994s][info][gc,ergo     ] GC(22) Pacer for Mark. Expected Live: 249M, Free: 1391M, Non-Taxable: 139M, Alloc Tax Rate: 0.2x
[2026-04-03T01:51:32.837+0600][59.994s][info][gc          ] GC(22) Pause Init Mark (unload classes) 0.133ms
[2026-04-03T01:51:32.837+0600][59.994s][info][gc,start    ] GC(22) Concurrent marking roots
[2026-04-03T01:51:32.837+0600][59.994s][info][gc,task     ] GC(22) Using 3 of 6 workers for concurrent marking roots
[2026-04-03T01:51:32.838+0600][59.995s][info][gc          ] GC(22) Concurrent marking roots 1.011ms
[2026-04-03T01:51:32.838+0600][59.995s][info][gc,start    ] GC(22) Concurrent marking (unload classes)
[2026-04-03T01:51:32.838+0600][59.995s][info][gc,task     ] GC(22) Using 3 of 6 workers for concurrent marking
[2026-04-03T01:51:33.197+0600][60.354s][info][gc          ] GC(22) Concurrent marking (unload classes) 358.621ms
[2026-04-03T01:51:33.197+0600][60.354s][info][gc,start    ] GC(22) Pause Final Mark (unload classes)
[2026-04-03T01:51:33.197+0600][60.354s][info][gc,task     ] GC(22) Using 6 of 6 workers for final marking
[2026-04-03T01:51:33.198+0600][60.354s][info][gc,ergo     ] GC(22) Adaptive CSet Selection. Target Free: 555M, Actual Free: 3150M, Max CSet: 163M, Min Garbage: 0B
[2026-04-03T01:51:33.198+0600][60.355s][info][gc,ergo     ] GC(22) Collectable Garbage: 2063M (99%), Immediate: 1680M (81%), CSet: 383M (18%)
[2026-04-03T01:51:33.198+0600][60.355s][info][gc,ergo     ] GC(22) Pacer for Evacuation. Used CSet: 431M, Free: 3019M, Non-Taxable: 301M, Alloc Tax Rate: 1.1x
[2026-04-03T01:51:33.198+0600][60.355s][info][gc          ] GC(22) Pause Final Mark (unload classes) 0.902ms
[2026-04-03T01:51:33.198+0600][60.355s][info][gc,start    ] GC(22) Concurrent thread roots
[2026-04-03T01:51:33.198+0600][60.355s][info][gc,task     ] GC(22) Using 3 of 6 workers for Concurrent thread roots
[2026-04-03T01:51:33.200+0600][60.356s][info][gc          ] GC(22) Concurrent thread roots 1.479ms
[2026-04-03T01:51:33.200+0600][60.356s][info][gc,start    ] GC(22) Concurrent weak references
[2026-04-03T01:51:33.200+0600][60.356s][info][gc,task     ] GC(22) Using 3 of 6 workers for concurrent weak references
[2026-04-03T01:51:33.200+0600][60.357s][info][gc,ref      ] GC(22) Encountered references: Soft: 3341, Weak: 6969, Final: 84, Phantom: 602
[2026-04-03T01:51:33.200+0600][60.357s][info][gc,ref      ] GC(22) Discovered  references: Soft: 0, Weak: 3670, Final: 50, Phantom: 598
[2026-04-03T01:51:33.200+0600][60.357s][info][gc,ref      ] GC(22) Enqueued    references: Soft: 0, Weak: 381, Final: 0, Phantom: 0
[2026-04-03T01:51:33.200+0600][60.357s][info][gc          ] GC(22) Concurrent weak references 0.872ms
[2026-04-03T01:51:33.200+0600][60.357s][info][gc,start    ] GC(22) Concurrent weak roots
[2026-04-03T01:51:33.200+0600][60.357s][info][gc,task     ] GC(22) Using 3 of 6 workers for concurrent weak root
[2026-04-03T01:51:33.204+0600][60.361s][info][gc          ] GC(22) Concurrent weak roots 3.167ms
[2026-04-03T01:51:33.204+0600][60.361s][info][gc,start    ] GC(22) Concurrent cleanup
[2026-04-03T01:51:33.204+0600][60.361s][info][gc          ] GC(22) Concurrent cleanup 2383M->703M(2496M) 0.656ms
[2026-04-03T01:51:33.205+0600][60.361s][info][gc,ergo     ] GC(22) Free: 3017M, Max: 1024K regular, 989M humongous, Frag: 68% external, 0% internal; Reserve: 195M, Max: 1024K
[2026-04-03T01:51:33.205+0600][60.361s][info][gc,start    ] GC(22) Concurrent class unloading
[2026-04-03T01:51:33.205+0600][60.361s][info][gc,task     ] GC(22) Using 3 of 6 workers for concurrent class unloading
[2026-04-03T01:51:33.231+0600][60.388s][info][gc          ] GC(22) Concurrent class unloading 26.744ms
[2026-04-03T01:51:33.231+0600][60.388s][info][gc,start    ] GC(22) Concurrent strong roots
[2026-04-03T01:51:33.231+0600][60.388s][info][gc,task     ] GC(22) Using 3 of 6 workers for concurrent strong root
[2026-04-03T01:51:33.232+0600][60.389s][info][gc          ] GC(22) Concurrent strong roots 1.040ms
[2026-04-03T01:51:33.233+0600][60.389s][info][gc,start    ] GC(22) Concurrent evacuation
[2026-04-03T01:51:33.233+0600][60.389s][info][gc,task     ] GC(22) Using 3 of 6 workers for concurrent evacuation
[2026-04-03T01:51:33.279+0600][60.436s][info][gc          ] GC(22) Concurrent evacuation 46.500ms
[2026-04-03T01:51:33.279+0600][60.436s][info][gc,start    ] GC(22) Pause Init Update Refs
[2026-04-03T01:51:33.280+0600][60.436s][info][gc,ergo     ] GC(22) Pacer for Update Refs. Used: 774M, Free: 2996M, Non-Taxable: 299M, Alloc Tax Rate: 1.1x
[2026-04-03T01:51:33.280+0600][60.436s][info][gc          ] GC(22) Pause Init Update Refs 0.131ms
[2026-04-03T01:51:33.280+0600][60.436s][info][gc,start    ] GC(22) Concurrent update references
[2026-04-03T01:51:33.280+0600][60.436s][info][gc,task     ] GC(22) Using 3 of 6 workers for concurrent reference update
[2026-04-03T01:51:33.454+0600][60.611s][info][gc          ] GC(22) Concurrent update references 174.509ms
[2026-04-03T01:51:33.454+0600][60.611s][info][gc,start    ] GC(22) Concurrent update thread roots
[2026-04-03T01:51:33.456+0600][60.613s][info][gc          ] GC(22) Concurrent update thread roots 1.623ms
[2026-04-03T01:51:33.456+0600][60.613s][info][gc,start    ] GC(22) Pause Final Update Refs
[2026-04-03T01:51:33.456+0600][60.613s][info][gc,task     ] GC(22) Using 6 of 6 workers for final reference update
[2026-04-03T01:51:33.456+0600][60.613s][info][gc          ] GC(22) Pause Final Update Refs 0.238ms
[2026-04-03T01:51:33.457+0600][60.613s][info][gc,start    ] GC(22) Concurrent cleanup
[2026-04-03T01:51:33.457+0600][60.614s][info][gc          ] GC(22) Concurrent cleanup 779M->348M(2496M) 0.861ms
[2026-04-03T01:51:33.458+0600][60.614s][info][gc,ergo     ] Free: 3371M, Max: 1024K regular, 1734M humongous, Frag: 49% external, 0% internal; Reserve: 197M, Max: 1024K
[2026-04-03T01:51:33.458+0600][60.614s][info][gc,stats    ] 
[2026-04-03T01:51:33.458+0600][60.614s][info][gc,stats    ] All times are wall-clock times, except per-root-class counters, that are sum over
[2026-04-03T01:51:33.458+0600][60.614s][info][gc,stats    ] all workers. Dividing the <total> over the root stage time estimates parallelism.
[2026-04-03T01:51:33.458+0600][60.614s][info][gc,stats    ] 
[2026-04-03T01:51:33.458+0600][60.614s][info][gc,stats    ] Concurrent Reset                   2507 us
[2026-04-03T01:51:33.458+0600][60.614s][info][gc,stats    ] Pause Init Mark (G)                 389 us
[2026-04-03T01:51:33.458+0600][60.614s][info][gc,stats    ] Pause Init Mark (N)                 144 us
[2026-04-03T01:51:33.458+0600][60.614s][info][gc,stats    ]   Update Region States               27 us
[2026-04-03T01:51:33.458+0600][60.614s][info][gc,stats    ] Concurrent Mark Roots              1041 us, parallelism: 2.08x
[2026-04-03T01:51:33.458+0600][60.614s][info][gc,stats    ]   CMR: <total>                     2167 us
[2026-04-03T01:51:33.458+0600][60.614s][info][gc,stats    ]   CMR: Thread Roots                1856 us, workers (us): 721, 447, 688, ---, ---, ---, 
[2026-04-03T01:51:33.458+0600][60.615s][info][gc,stats    ]   CMR: VM Strong Roots               34 us, workers (us):  27,   6,   0, ---, ---, ---, 
[2026-04-03T01:51:33.458+0600][60.615s][info][gc,stats    ]   CMR: CLDG Roots                   278 us, workers (us): ---, 278, ---, ---, ---, ---, 
[2026-04-03T01:51:33.458+0600][60.615s][info][gc,stats    ] Concurrent Marking               358736 us
[2026-04-03T01:51:33.458+0600][60.615s][info][gc,stats    ] Pause Final Mark (G)               1138 us
[2026-04-03T01:51:33.458+0600][60.615s][info][gc,stats    ] Pause Final Mark (N)                917 us
[2026-04-03T01:51:33.458+0600][60.615s][info][gc,stats    ]   Finish Mark                       285 us
[2026-04-03T01:51:33.458+0600][60.615s][info][gc,stats    ]   Update Region States               84 us
[2026-04-03T01:51:33.458+0600][60.615s][info][gc,stats    ]   Choose Collection Set             329 us
[2026-04-03T01:51:33.458+0600][60.615s][info][gc,stats    ]   Rebuild Free Set                   58 us
[2026-04-03T01:51:33.458+0600][60.615s][info][gc,stats    ] Concurrent Thread Roots            1509 us, parallelism: 2.44x
[2026-04-03T01:51:33.458+0600][60.615s][info][gc,stats    ]   CTR: <total>                     3675 us
[2026-04-03T01:51:33.458+0600][60.615s][info][gc,stats    ]   CTR: Thread Roots                3675 us, workers (us): 1253, 1250, 1171, ---, ---, ---, 
[2026-04-03T01:51:33.458+0600][60.615s][info][gc,stats    ] Concurrent Weak References          888 us, parallelism: 0.90x
[2026-04-03T01:51:33.458+0600][60.615s][info][gc,stats    ]   CWRF: <total>                     803 us
[2026-04-03T01:51:33.458+0600][60.615s][info][gc,stats    ]   CWRF: Weak References             803 us, workers (us): 113,  45, 644, ---, ---, ---, 
[2026-04-03T01:51:33.458+0600][60.615s][info][gc,stats    ] Concurrent Weak Roots              3293 us
[2026-04-03T01:51:33.458+0600][60.615s][info][gc,stats    ]   Roots                            2856 us, parallelism: 2.57x
[2026-04-03T01:51:33.458+0600][60.615s][info][gc,stats    ]     CWR: <total>                   7345 us
[2026-04-03T01:51:33.458+0600][60.615s][info][gc,stats    ]     CWR: Code Cache Roots          5055 us, workers (us): 1747, 1684, 1624, ---, ---, ---, 
[2026-04-03T01:51:33.458+0600][60.615s][info][gc,stats    ]     CWR: VM Weak Roots             2194 us, workers (us): 769, 729, 696, ---, ---, ---, 
[2026-04-03T01:51:33.458+0600][60.615s][info][gc,stats    ]     CWR: CLDG Roots                  96 us, workers (us): ---, ---,  96, ---, ---, ---, 
[2026-04-03T01:51:33.458+0600][60.615s][info][gc,stats    ]   Rendezvous                        279 us
[2026-04-03T01:51:33.458+0600][60.615s][info][gc,stats    ] Concurrent Cleanup                  688 us
[2026-04-03T01:51:33.458+0600][60.615s][info][gc,stats    ] Concurrent Class Unloading        26862 us
[2026-04-03T01:51:33.458+0600][60.615s][info][gc,stats    ]   Unlink Stale                    25650 us
[2026-04-03T01:51:33.458+0600][60.615s][info][gc,stats    ]     System Dictionary               405 us
[2026-04-03T01:51:33.458+0600][60.615s][info][gc,stats    ]     Weak Class Links              15302 us
[2026-04-03T01:51:33.458+0600][60.615s][info][gc,stats    ]     Code Roots                     9936 us
[2026-04-03T01:51:33.458+0600][60.615s][info][gc,stats    ]   Rendezvous                        420 us
[2026-04-03T01:51:33.458+0600][60.615s][info][gc,stats    ]   Purge Unlinked                    634 us
[2026-04-03T01:51:33.458+0600][60.615s][info][gc,stats    ]     Code Roots                      587 us
[2026-04-03T01:51:33.458+0600][60.615s][info][gc,stats    ]     CLDG                             45 us
[2026-04-03T01:51:33.458+0600][60.615s][info][gc,stats    ]     Exception Caches                  0 us
[2026-04-03T01:51:33.458+0600][60.615s][info][gc,stats    ] Concurrent Strong Roots            1125 us, parallelism: 0.71x
[2026-04-03T01:51:33.458+0600][60.615s][info][gc,stats    ]   CSR: <total>                      798 us
[2026-04-03T01:51:33.458+0600][60.615s][info][gc,stats    ]   CSR: VM Strong Roots              120 us, workers (us):  51,  52,  17, ---, ---, ---, 
[2026-04-03T01:51:33.458+0600][60.615s][info][gc,stats    ]   CSR: CLDG Roots                   678 us, workers (us): ---, ---, 678, ---, ---, ---, 
[2026-04-03T01:51:33.458+0600][60.615s][info][gc,stats    ] Concurrent Evacuation             46607 us
[2026-04-03T01:51:33.458+0600][60.615s][info][gc,stats    ] Pause Init Update Refs (G)          463 us
[2026-04-03T01:51:33.458+0600][60.615s][info][gc,stats    ] Pause Init Update Refs (N)          146 us
[2026-04-03T01:51:33.458+0600][60.615s][info][gc,stats    ]   Manage GCLABs                      35 us
[2026-04-03T01:51:33.458+0600][60.615s][info][gc,stats    ] Concurrent Update Refs           174609 us
[2026-04-03T01:51:33.458+0600][60.615s][info][gc,stats    ] Concurrent Update Thread Roots     1690 us
[2026-04-03T01:51:33.458+0600][60.615s][info][gc,stats    ] Pause Final Update Refs (G)         666 us
[2026-04-03T01:51:33.458+0600][60.615s][info][gc,stats    ] Pause Final Update Refs (N)         259 us
[2026-04-03T01:51:33.458+0600][60.615s][info][gc,stats    ]   Update Region States               78 us
[2026-04-03T01:51:33.458+0600][60.615s][info][gc,stats    ]   Trash Collection Set               19 us
[2026-04-03T01:51:33.458+0600][60.615s][info][gc,stats    ]   Rebuild Free Set                   44 us
[2026-04-03T01:51:33.458+0600][60.615s][info][gc,stats    ] Concurrent Cleanup                  887 us
[2026-04-03T01:51:33.458+0600][60.615s][info][gc,stats    ] 
[2026-04-03T01:51:33.458+0600][60.615s][info][gc,stats    ] Allocation pacing accrued:
[2026-04-03T01:51:33.458+0600][60.615s][info][gc,stats    ]       0 of  3749 ms (  0.0%): <total>
[2026-04-03T01:51:33.458+0600][60.615s][info][gc,stats    ]       0 of  3749 ms (  0.0%): <average total>
[2026-04-03T01:51:33.458+0600][60.615s][info][gc,stats    ] 
[2026-04-03T01:51:33.458+0600][60.615s][info][gc,metaspace] Metaspace: 73410K(74304K)->73421K(74304K) NonClass: 64083K(64576K)->64095K(64576K) Class: 9326K(9728K)->9325K(9728K)
[2026-04-03T01:51:33.458+0600][60.615s][info][gc,ergo     ] Pacer for Idle. Initial: 80302K, Alloc Tax Rate: 1.0x
[2026-04-03T01:51:34.565+0600][61.722s][info][gc          ] Trigger: Average GC time (964.01 ms) is above the time for instantaneous allocation rate (2448 MB/s) to deplete free headroom (2017M) (spike threshold = 1.83)
[2026-04-03T01:51:34.565+0600][61.722s][info][gc,ergo     ] Free: 2213M, Max: 1024K regular, 951M humongous, Frag: 57% external, 0% internal; Reserve: 197M, Max: 1024K
[2026-04-03T01:51:34.565+0600][61.722s][info][gc,start    ] GC(23) Concurrent reset
[2026-04-03T01:51:34.565+0600][61.722s][info][gc,task     ] GC(23) Using 3 of 6 workers for concurrent reset
[2026-04-03T01:51:34.565+0600][61.722s][info][gc,ergo     ] GC(23) Pacer for Reset. Non-Taxable: 3921M
[2026-04-03T01:51:34.567+0600][61.724s][info][gc          ] GC(23) Concurrent reset 1.936ms
[2026-04-03T01:51:34.567+0600][61.724s][info][gc,start    ] GC(23) Pause Init Mark (unload classes)
[2026-04-03T01:51:34.567+0600][61.724s][info][gc,task     ] GC(23) Using 6 of 6 workers for init marking
[2026-04-03T01:51:34.567+0600][61.724s][info][gc,ergo     ] GC(23) Pacer for Mark. Expected Live: 260M, Free: 2212M, Non-Taxable: 221M, Alloc Tax Rate: 0.1x
[2026-04-03T01:51:34.567+0600][61.724s][info][gc          ] GC(23) Pause Init Mark (unload classes) 0.112ms
[2026-04-03T01:51:34.568+0600][61.724s][info][gc,start    ] GC(23) Concurrent marking roots
[2026-04-03T01:51:34.568+0600][61.724s][info][gc,task     ] GC(23) Using 3 of 6 workers for concurrent marking roots
[2026-04-03T01:51:34.568+0600][61.725s][info][gc          ] GC(23) Concurrent marking roots 0.882ms
[2026-04-03T01:51:34.568+0600][61.725s][info][gc,start    ] GC(23) Concurrent marking (unload classes)
[2026-04-03T01:51:34.568+0600][61.725s][info][gc,task     ] GC(23) Using 3 of 6 workers for concurrent marking
[2026-04-03T01:51:34.746+0600][61.903s][info][gc          ] GC(23) Concurrent marking (unload classes) 177.964ms
[2026-04-03T01:51:34.747+0600][61.904s][info][gc,start    ] GC(23) Pause Final Mark (unload classes)
[2026-04-03T01:51:34.747+0600][61.904s][info][gc,task     ] GC(23) Using 6 of 6 workers for final marking
[2026-04-03T01:51:34.747+0600][61.904s][info][gc,ergo     ] GC(23) Collectable Garbage: 1223M (95%), Immediate: 1223M (95%), CSet: 0B (0%)
[2026-04-03T01:51:34.748+0600][61.904s][info][gc          ] GC(23) Pause Final Mark (unload classes) 0.774ms
[2026-04-03T01:51:34.748+0600][61.905s][info][gc,start    ] GC(23) Concurrent weak references
[2026-04-03T01:51:34.748+0600][61.905s][info][gc,task     ] GC(23) Using 3 of 6 workers for concurrent weak references
[2026-04-03T01:51:34.749+0600][61.906s][info][gc,ref      ] GC(23) Encountered references: Soft: 3350, Weak: 6673, Final: 84, Phantom: 608
[2026-04-03T01:51:34.749+0600][61.906s][info][gc,ref      ] GC(23) Discovered  references: Soft: 0, Weak: 4402, Final: 82, Phantom: 597
[2026-04-03T01:51:34.749+0600][61.906s][info][gc,ref      ] GC(23) Enqueued    references: Soft: 0, Weak: 245, Final: 0, Phantom: 0
[2026-04-03T01:51:34.749+0600][61.906s][info][gc          ] GC(23) Concurrent weak references 1.165ms
[2026-04-03T01:51:34.749+0600][61.906s][info][gc,start    ] GC(23) Concurrent weak roots
[2026-04-03T01:51:34.749+0600][61.906s][info][gc,task     ] GC(23) Using 3 of 6 workers for concurrent weak root
[2026-04-03T01:51:34.752+0600][61.909s][info][gc          ] GC(23) Concurrent weak roots 2.771ms
[2026-04-03T01:51:34.752+0600][61.909s][info][gc,start    ] GC(23) Concurrent cleanup
[2026-04-03T01:51:34.753+0600][61.910s][info][gc          ] GC(23) Concurrent cleanup 1623M->400M(2496M) 0.949ms
[2026-04-03T01:51:34.753+0600][61.910s][info][gc,ergo     ] GC(23) Free: 3322M, Max: 1024K regular, 991M humongous, Frag: 71% external, 0% internal; Reserve: 197M, Max: 1024K
[2026-04-03T01:51:34.753+0600][61.910s][info][gc,start    ] GC(23) Concurrent class unloading
[2026-04-03T01:51:34.753+0600][61.910s][info][gc,task     ] GC(23) Using 3 of 6 workers for concurrent class unloading
[2026-04-03T01:51:34.760+0600][61.917s][info][gc          ] GC(23) Concurrent class unloading 6.885ms
[2026-04-03T01:51:34.760+0600][61.917s][info][gc,start    ] GC(23) Pause Final Roots
[2026-04-03T01:51:34.761+0600][61.917s][info][gc          ] GC(23) Pause Final Roots 0.054ms
[2026-04-03T01:51:34.761+0600][61.918s][info][gc,ergo     ] Free: 3322M, Max: 1024K regular, 991M humongous, Frag: 71% external, 0% internal; Reserve: 197M, Max: 1024K
[2026-04-03T01:51:34.761+0600][61.918s][info][gc,stats    ] 
[2026-04-03T01:51:34.761+0600][61.918s][info][gc,stats    ] All times are wall-clock times, except per-root-class counters, that are sum over
[2026-04-03T01:51:34.761+0600][61.918s][info][gc,stats    ] all workers. Dividing the <total> over the root stage time estimates parallelism.
[2026-04-03T01:51:34.761+0600][61.918s][info][gc,stats    ] 
[2026-04-03T01:51:34.761+0600][61.918s][info][gc,stats    ] Concurrent Reset                   1986 us
[2026-04-03T01:51:34.761+0600][61.918s][info][gc,stats    ] Pause Init Mark (G)                 388 us
[2026-04-03T01:51:34.761+0600][61.918s][info][gc,stats    ] Pause Init Mark (N)                 121 us
[2026-04-03T01:51:34.761+0600][61.918s][info][gc,stats    ]   Update Region States               34 us
[2026-04-03T01:51:34.761+0600][61.918s][info][gc,stats    ] Concurrent Mark Roots               920 us, parallelism: 1.76x
[2026-04-03T01:51:34.761+0600][61.918s][info][gc,stats    ]   CMR: <total>                     1615 us
[2026-04-03T01:51:34.761+0600][61.918s][info][gc,stats    ]   CMR: Thread Roots                1377 us, workers (us): 354, 533, 491, ---, ---, ---, 
[2026-04-03T01:51:34.761+0600][61.918s][info][gc,stats    ]   CMR: VM Strong Roots               68 us, workers (us):  64,   4,   1, ---, ---, ---, 
[2026-04-03T01:51:34.761+0600][61.918s][info][gc,stats    ]   CMR: CLDG Roots                   169 us, workers (us): 169, ---, ---, ---, ---, ---, 
[2026-04-03T01:51:34.761+0600][61.918s][info][gc,stats    ] Concurrent Marking               178054 us
[2026-04-03T01:51:34.761+0600][61.918s][info][gc,stats    ] Pause Final Mark (G)               1303 us
[2026-04-03T01:51:34.761+0600][61.918s][info][gc,stats    ] Pause Final Mark (N)                792 us
[2026-04-03T01:51:34.761+0600][61.918s][info][gc,stats    ]   Finish Mark                       378 us
[2026-04-03T01:51:34.761+0600][61.918s][info][gc,stats    ]   Update Region States               78 us
[2026-04-03T01:51:34.761+0600][61.918s][info][gc,stats    ]   Choose Collection Set             145 us
[2026-04-03T01:51:34.761+0600][61.918s][info][gc,stats    ]   Rebuild Free Set                   59 us
[2026-04-03T01:51:34.761+0600][61.918s][info][gc,stats    ] Concurrent Weak References         1205 us, parallelism: 0.71x
[2026-04-03T01:51:34.761+0600][61.918s][info][gc,stats    ]   CWRF: <total>                     852 us
[2026-04-03T01:51:34.761+0600][61.918s][info][gc,stats    ]   CWRF: Weak References             852 us, workers (us):  66,  81, 704, ---, ---, ---, 
[2026-04-03T01:51:34.761+0600][61.918s][info][gc,stats    ] Concurrent Weak Roots              2858 us
[2026-04-03T01:51:34.761+0600][61.918s][info][gc,stats    ]   Roots                            2456 us, parallelism: 2.45x
[2026-04-03T01:51:34.761+0600][61.918s][info][gc,stats    ]     CWR: <total>                   6026 us
[2026-04-03T01:51:34.761+0600][61.918s][info][gc,stats    ]     CWR: Code Cache Roots          4531 us, workers (us): 1515, 1465, 1551, ---, ---, ---, 
[2026-04-03T01:51:34.761+0600][61.918s][info][gc,stats    ]     CWR: VM Weak Roots             1414 us, workers (us): 538, 442, 434, ---, ---, ---, 
[2026-04-03T01:51:34.761+0600][61.918s][info][gc,stats    ]     CWR: CLDG Roots                  81 us, workers (us): ---,  81, ---, ---, ---, ---, 
[2026-04-03T01:51:34.761+0600][61.918s][info][gc,stats    ]   Rendezvous                        286 us
[2026-04-03T01:51:34.761+0600][61.918s][info][gc,stats    ] Concurrent Cleanup                  992 us
[2026-04-03T01:51:34.761+0600][61.918s][info][gc,stats    ] Concurrent Class Unloading         6978 us
[2026-04-03T01:51:34.761+0600][61.918s][info][gc,stats    ]   Unlink Stale                     6118 us
[2026-04-03T01:51:34.761+0600][61.918s][info][gc,stats    ]     System Dictionary               104 us
[2026-04-03T01:51:34.761+0600][61.918s][info][gc,stats    ]     Weak Class Links                  0 us
[2026-04-03T01:51:34.761+0600][61.918s][info][gc,stats    ]     Code Roots                     6009 us
[2026-04-03T01:51:34.761+0600][61.918s][info][gc,stats    ]   Rendezvous                        352 us
[2026-04-03T01:51:34.761+0600][61.918s][info][gc,stats    ]   Purge Unlinked                    388 us
[2026-04-03T01:51:34.761+0600][61.918s][info][gc,stats    ]     Code Roots                      378 us
[2026-04-03T01:51:34.761+0600][61.918s][info][gc,stats    ]     CLDG                              9 us
[2026-04-03T01:51:34.761+0600][61.918s][info][gc,stats    ]     Exception Caches                  0 us
[2026-04-03T01:51:34.761+0600][61.918s][info][gc,stats    ] Pause Final Roots (G)               677 us
[2026-04-03T01:51:34.761+0600][61.918s][info][gc,stats    ] Pause Final Roots (N)                68 us
[2026-04-03T01:51:34.761+0600][61.918s][info][gc,stats    ] 
[2026-04-03T01:51:34.761+0600][61.918s][info][gc,stats    ] Allocation pacing accrued:
[2026-04-03T01:51:34.761+0600][61.918s][info][gc,stats    ]       0 of  1303 ms (  0.0%): <total>
[2026-04-03T01:51:34.761+0600][61.918s][info][gc,stats    ]       0 of  1303 ms (  0.0%): <average total>
[2026-04-03T01:51:34.761+0600][61.918s][info][gc,stats    ] 
[2026-04-03T01:51:34.761+0600][61.918s][info][gc,metaspace] Metaspace: 73469K(74304K)->74183K(75008K) NonClass: 64142K(64576K)->64658K(65088K) Class: 9326K(9728K)->9524K(9920K)
[2026-04-03T01:51:34.761+0600][61.918s][info][gc,ergo     ] Pacer for Idle. Initial: 80302K, Alloc Tax Rate: 1.0x
[2026-04-03T01:51:35.333+0600][62.490s][info][gc          ] Cancelling GC: Stopping VM
[2026-04-03T01:51:35.333+0600][62.490s][info][gc,heap,exit] Heap
[2026-04-03T01:51:35.333+0600][62.490s][info][gc,heap,exit] Shenandoah Heap
[2026-04-03T01:51:35.333+0600][62.490s][info][gc,heap,exit]  3921M max, 3921M soft max, 2496M committed, 404M used
[2026-04-03T01:51:35.333+0600][62.490s][info][gc,heap,exit]  3921 x 1024K regions
[2026-04-03T01:51:35.333+0600][62.490s][info][gc,heap,exit] Status: cancelled
[2026-04-03T01:51:35.333+0600][62.490s][info][gc,heap,exit] Reserved region:
[2026-04-03T01:51:35.333+0600][62.490s][info][gc,heap,exit]  - [0x000000070af00000, 0x0000000800000000) 
[2026-04-03T01:51:35.333+0600][62.490s][info][gc,heap,exit] Collection set:
[2026-04-03T01:51:35.333+0600][62.490s][info][gc,heap,exit]  - map (vanilla): 0x00000000000170af
[2026-04-03T01:51:35.333+0600][62.490s][info][gc,heap,exit]  - map (biased):  0x0000000000010000
[2026-04-03T01:51:35.333+0600][62.490s][info][gc,heap,exit] 
[2026-04-03T01:51:35.333+0600][62.490s][info][gc,heap,exit]  Metaspace       used 74222K, committed 75072K, reserved 1179648K
[2026-04-03T01:51:35.333+0600][62.490s][info][gc,heap,exit]   class space    used 9524K, committed 9920K, reserved 1048576K
[2026-04-03T01:51:35.333+0600][62.490s][info][gc,stats    ] 
[2026-04-03T01:51:35.333+0600][62.490s][info][gc,stats    ] GC STATISTICS:
[2026-04-03T01:51:35.333+0600][62.490s][info][gc,stats    ]   "(G)" (gross) pauses include VM time: time to notify and block threads, do the pre-
[2026-04-03T01:51:35.333+0600][62.490s][info][gc,stats    ]         and post-safepoint housekeeping. Use -Xlog:safepoint+stats to dissect.
[2026-04-03T01:51:35.333+0600][62.490s][info][gc,stats    ]   "(N)" (net) pauses are the times spent in the actual GC code.
[2026-04-03T01:51:35.333+0600][62.490s][info][gc,stats    ]   "a" is average time for each phase, look at levels to see if average makes sense.
[2026-04-03T01:51:35.333+0600][62.490s][info][gc,stats    ]   "lvls" are quantiles: 0% (minimum), 25%, 50% (median), 75%, 100% (maximum).
[2026-04-03T01:51:35.333+0600][62.490s][info][gc,stats    ] 
[2026-04-03T01:51:35.333+0600][62.490s][info][gc,stats    ]   All times are wall-clock times, except per-root-class counters, that are sum over
[2026-04-03T01:51:35.333+0600][62.490s][info][gc,stats    ]   all workers. Dividing the <total> over the root stage time estimates parallelism.
[2026-04-03T01:51:35.333+0600][62.490s][info][gc,stats    ] 
[2026-04-03T01:51:35.333+0600][62.490s][info][gc,stats    ]   Pacing delays are measured from entering the pacing code till exiting it. Therefore,
[2026-04-03T01:51:35.333+0600][62.490s][info][gc,stats    ]   observed pacing delays may be higher than the threshold when paced thread spent more
[2026-04-03T01:51:35.333+0600][62.490s][info][gc,stats    ]   time in the pacing code. It usually happens when thread is de-scheduled while paced,
[2026-04-03T01:51:35.333+0600][62.490s][info][gc,stats    ]   OS takes longer to unblock the thread, or JVM experiences an STW pause.
[2026-04-03T01:51:35.333+0600][62.490s][info][gc,stats    ] 
[2026-04-03T01:51:35.333+0600][62.490s][info][gc,stats    ]   Higher delay would prevent application outpacing the GC, but it will hide the GC latencies
[2026-04-03T01:51:35.333+0600][62.490s][info][gc,stats    ]   from the STW pause times. Pacing affects the individual threads, and so it would also be
[2026-04-03T01:51:35.333+0600][62.490s][info][gc,stats    ]   invisible to the usual profiling tools, but would add up to end-to-end application latency.
[2026-04-03T01:51:35.333+0600][62.490s][info][gc,stats    ]   Raise max pacing delay with care.
[2026-04-03T01:51:35.333+0600][62.490s][info][gc,stats    ] 
[2026-04-03T01:51:35.333+0600][62.490s][info][gc,stats    ] Concurrent Reset               =    0.066 s (a =     2745 us) (n =    24) (lvls, us =      559,     1055,     1973,     2793,    12318)
[2026-04-03T01:51:35.333+0600][62.490s][info][gc,stats    ] Pause Init Mark (G)            =    0.014 s (a =      570 us) (n =    24) (lvls, us =      328,      387,      430,      574,     2541)
[2026-04-03T01:51:35.333+0600][62.490s][info][gc,stats    ] Pause Init Mark (N)            =    0.005 s (a =      192 us) (n =    24) (lvls, us =      104,      129,      156,      211,      570)
[2026-04-03T01:51:35.333+0600][62.490s][info][gc,stats    ]   Update Region States         =    0.001 s (a =       39 us) (n =    24) (lvls, us =       21,       27,       34,       51,       63)
[2026-04-03T01:51:35.333+0600][62.490s][info][gc,stats    ] Concurrent Mark Roots          =    0.030 s (a =     1248 us) (n =    24) (lvls, us =      605,      906,     1152,     1426,     3493)
[2026-04-03T01:51:35.333+0600][62.490s][info][gc,stats    ]   CMR: <total>                 =    0.055 s (a =     2277 us) (n =    24) (lvls, us =      816,     1426,     2148,     2617,     4852)
[2026-04-03T01:51:35.333+0600][62.490s][info][gc,stats    ]   CMR: Thread Roots            =    0.045 s (a =     1869 us) (n =    24) (lvls, us =      656,     1133,     1777,     2188,     3670)
[2026-04-03T01:51:35.333+0600][62.490s][info][gc,stats    ]   CMR: VM Strong Roots         =    0.003 s (a =      119 us) (n =    24) (lvls, us =       17,       34,       50,       94,      665)
[2026-04-03T01:51:35.333+0600][62.490s][info][gc,stats    ]   CMR: CLDG Roots              =    0.007 s (a =      289 us) (n =    24) (lvls, us =      139,      168,      277,      330,      844)
[2026-04-03T01:51:35.333+0600][62.490s][info][gc,stats    ] Concurrent Marking             =    6.476 s (a =   269835 us) (n =    24) (lvls, us =     9434,    15820,   296875,   423828,   719311)
[2026-04-03T01:51:35.333+0600][62.490s][info][gc,stats    ] Pause Final Mark (G)           =    0.031 s (a =     1286 us) (n =    24) (lvls, us =      697,      885,     1152,     1484,     2747)
[2026-04-03T01:51:35.333+0600][62.490s][info][gc,stats    ] Pause Final Mark (N)           =    0.023 s (a =      979 us) (n =    24) (lvls, us =      506,      664,      811,     1113,     2272)
[2026-04-03T01:51:35.333+0600][62.490s][info][gc,stats    ]   Finish Mark                  =    0.008 s (a =      319 us) (n =    24) (lvls, us =      184,      262,      299,      355,      530)
[2026-04-03T01:51:35.333+0600][62.490s][info][gc,stats    ]   Update Region States         =    0.002 s (a =       76 us) (n =    24) (lvls, us =       43,       61,       73,       85,      114)
[2026-04-03T01:51:35.333+0600][62.490s][info][gc,stats    ]   Choose Collection Set        =    0.007 s (a =      304 us) (n =    24) (lvls, us =       80,      145,      293,      375,      990)
[2026-04-03T01:51:35.334+0600][62.490s][info][gc,stats    ]   Rebuild Free Set             =    0.001 s (a =       54 us) (n =    24) (lvls, us =       31,       36,       56,       59,      101)
[2026-04-03T01:51:35.334+0600][62.490s][info][gc,stats    ] Concurrent Thread Roots        =    0.021 s (a =     1087 us) (n =    19) (lvls, us =      551,      947,     1074,     1230,     1509)
[2026-04-03T01:51:35.334+0600][62.490s][info][gc,stats    ]   CTR: <total>                 =    0.041 s (a =     2167 us) (n =    19) (lvls, us =      793,     1328,     1992,     2715,     3675)
[2026-04-03T01:51:35.334+0600][62.490s][info][gc,stats    ]   CTR: Thread Roots            =    0.041 s (a =     2167 us) (n =    19) (lvls, us =      793,     1328,     1992,     2715,     3675)
[2026-04-03T01:51:35.334+0600][62.490s][info][gc,stats    ] Concurrent Weak References     =    0.018 s (a =      743 us) (n =    24) (lvls, us =      227,      451,      699,      879,     1801)
[2026-04-03T01:51:35.334+0600][62.490s][info][gc,stats    ]   CWRF: <total>                =    0.015 s (a =      631 us) (n =    24) (lvls, us =      184,      348,      525,      801,     1487)
[2026-04-03T01:51:35.334+0600][62.490s][info][gc,stats    ]   CWRF: Weak References        =    0.015 s (a =      631 us) (n =    24) (lvls, us =      184,      348,      525,      801,     1487)
[2026-04-03T01:51:35.334+0600][62.490s][info][gc,stats    ] Concurrent Weak Roots          =    0.064 s (a =     2667 us) (n =    24) (lvls, us =     1191,     1992,     2754,     3047,     4041)
[2026-04-03T01:51:35.334+0600][62.490s][info][gc,stats    ]   Roots                        =    0.055 s (a =     2311 us) (n =    24) (lvls, us =     1016,     1621,     2402,     2656,     3654)
[2026-04-03T01:51:35.334+0600][62.490s][info][gc,stats    ]     CWR: <total>               =    0.139 s (a =     5811 us) (n =    24) (lvls, us =     2578,     3965,     6016,     6621,     9267)
[2026-04-03T01:51:35.334+0600][62.490s][info][gc,stats    ]     CWR: Code Cache Roots      =    0.084 s (a =     3493 us) (n =    24) (lvls, us =      740,     2441,     3555,     4512,     5669)
[2026-04-03T01:51:35.334+0600][62.490s][info][gc,stats    ]     CWR: VM Weak Roots         =    0.053 s (a =     2218 us) (n =    24) (lvls, us =      975,     1406,     1816,     2598,     4207)
[2026-04-03T01:51:35.334+0600][62.490s][info][gc,stats    ]     CWR: CLDG Roots            =    0.002 s (a =      100 us) (n =    24) (lvls, us =       13,       66,       91,      117,      198)
[2026-04-03T01:51:35.334+0600][62.490s][info][gc,stats    ]   Rendezvous                   =    0.006 s (a =      239 us) (n =    24) (lvls, us =       90,      188,      229,      277,      376)
[2026-04-03T01:51:35.334+0600][62.490s][info][gc,stats    ] Concurrent Cleanup             =    0.014 s (a =      599 us) (n =    24) (lvls, us =      229,      355,      535,      781,     1019)
[2026-04-03T01:51:35.334+0600][62.491s][info][gc,stats    ] Concurrent Class Unloading     =    0.347 s (a =    14456 us) (n =    24) (lvls, us =     2480,     6074,     8691,    21875,    35971)
[2026-04-03T01:51:35.334+0600][62.491s][info][gc,stats    ]   Unlink Stale                 =    0.304 s (a =    12670 us) (n =    24) (lvls, us =     1582,     4727,     7695,    20898,    28832)
[2026-04-03T01:51:35.334+0600][62.491s][info][gc,stats    ]     System Dictionary          =    0.006 s (a =      260 us) (n =    24) (lvls, us =       29,      104,      160,      404,      683)
[2026-04-03T01:51:35.334+0600][62.491s][info][gc,stats    ]     Weak Class Links           =    0.148 s (a =     6163 us) (n =    24) (lvls, us =        0,        0,        1,    12891,    19488)
[2026-04-03T01:51:35.334+0600][62.491s][info][gc,stats    ]     Code Roots                 =    0.150 s (a =     6241 us) (n =    24) (lvls, us =     1562,     4180,     6777,     7754,     9936)
[2026-04-03T01:51:35.334+0600][62.491s][info][gc,stats    ]   Rendezvous                   =    0.008 s (a =      330 us) (n =    24) (lvls, us =      127,      225,      299,      352,     1149)
[2026-04-03T01:51:35.334+0600][62.491s][info][gc,stats    ]   Purge Unlinked               =    0.032 s (a =     1313 us) (n =    24) (lvls, us =       16,      150,      633,     1387,     7260)
[2026-04-03T01:51:35.334+0600][62.491s][info][gc,stats    ]     Code Roots                 =    0.029 s (a =     1199 us) (n =    24) (lvls, us =        6,      141,      455,     1191,     7079)
[2026-04-03T01:51:35.334+0600][62.491s][info][gc,stats    ]     CLDG                       =    0.003 s (a =      112 us) (n =    24) (lvls, us =        7,       10,       18,       64,      617)
[2026-04-03T01:51:35.334+0600][62.491s][info][gc,stats    ]     Exception Caches           =    0.000 s (a =        0 us) (n =    24) (lvls, us =        0,        0,        0,        0,        1)
[2026-04-03T01:51:35.334+0600][62.491s][info][gc,stats    ] Concurrent Strong Roots        =    0.030 s (a =     1605 us) (n =    19) (lvls, us =      859,     1113,     1484,     1855,     3201)
[2026-04-03T01:51:35.334+0600][62.491s][info][gc,stats    ]   CSR: <total>                 =    0.023 s (a =     1217 us) (n =    19) (lvls, us =      586,      689,     1035,     1465,     2718)
[2026-04-03T01:51:35.334+0600][62.491s][info][gc,stats    ]   CSR: VM Strong Roots         =    0.001 s (a =       64 us) (n =    19) (lvls, us =       27,       40,       55,       77,      124)
[2026-04-03T01:51:35.334+0600][62.491s][info][gc,stats    ]   CSR: CLDG Roots              =    0.022 s (a =     1153 us) (n =    19) (lvls, us =      510,      641,      990,     1387,     2634)
[2026-04-03T01:51:35.334+0600][62.491s][info][gc,stats    ] Concurrent Evacuation          =    1.215 s (a =    63926 us) (n =    19) (lvls, us =      813,     6719,    39844,    86133,   244758)
[2026-04-03T01:51:35.334+0600][62.491s][info][gc,stats    ] Pause Final Roots (G)          =    0.003 s (a =      522 us) (n =     5) (lvls, us =      320,      320,      387,      398,      825)
[2026-04-03T01:51:35.334+0600][62.491s][info][gc,stats    ] Pause Final Roots (N)          =    0.000 s (a =       89 us) (n =     5) (lvls, us =       53,       53,       68,       85,      133)
[2026-04-03T01:51:35.334+0600][62.491s][info][gc,stats    ] Pause Init Update Refs (G)     =    0.009 s (a =      459 us) (n =    19) (lvls, us =      238,      301,      395,      574,      689)
[2026-04-03T01:51:35.334+0600][62.491s][info][gc,stats    ] Pause Init Update Refs (N)     =    0.003 s (a =      158 us) (n =    19) (lvls, us =       77,      100,      143,      205,      280)
[2026-04-03T01:51:35.334+0600][62.491s][info][gc,stats    ]   Manage GCLABs                =    0.001 s (a =       29 us) (n =    19) (lvls, us =        5,       13,       24,       35,       65)
[2026-04-03T01:51:35.334+0600][62.491s][info][gc,stats    ] Concurrent Update Refs         =    3.899 s (a =   205231 us) (n =    19) (lvls, us =     4434,    17188,   183594,   283203,   488707)
[2026-04-03T01:51:35.334+0600][62.491s][info][gc,stats    ] Concurrent Update Thread Roots =    0.023 s (a =     1202 us) (n =    19) (lvls, us =      713,      850,     1074,     1309,     2393)
[2026-04-03T01:51:35.334+0600][62.491s][info][gc,stats    ] Pause Final Update Refs (G)    =    0.011 s (a =      565 us) (n =    19) (lvls, us =      277,      494,      529,      666,      752)
[2026-04-03T01:51:35.334+0600][62.491s][info][gc,stats    ] Pause Final Update Refs (N)    =    0.005 s (a =      273 us) (n =    19) (lvls, us =      131,      199,      266,      297,      481)
[2026-04-03T01:51:35.334+0600][62.491s][info][gc,stats    ]   Update Region States         =    0.001 s (a =       73 us) (n =    19) (lvls, us =       38,       56,       75,       81,      106)
[2026-04-03T01:51:35.334+0600][62.491s][info][gc,stats    ]   Trash Collection Set         =    0.000 s (a =       25 us) (n =    19) (lvls, us =        5,       11,       16,       19,      154)
[2026-04-03T01:51:35.334+0600][62.491s][info][gc,stats    ]   Rebuild Free Set             =    0.001 s (a =       47 us) (n =    19) (lvls, us =       33,       35,       46,       50,       72)
[2026-04-03T01:51:35.334+0600][62.491s][info][gc,stats    ] Concurrent Cleanup             =    0.011 s (a =      600 us) (n =    19) (lvls, us =      279,      346,      465,      797,     1070)
[2026-04-03T01:51:35.334+0600][62.491s][info][gc,stats    ] Concurrent Uncommit            =    0.801 s (a =   267024 us) (n =     3) (lvls, us =   126953,   126953,   126953,   246094,   426251)
[2026-04-03T01:51:35.334+0600][62.491s][info][gc,stats    ] Pacing                         =    0.133 s (a =     5559 us) (n =    24) (lvls, us =        0,        0,        0,        0,   133408)
[2026-04-03T01:51:35.334+0600][62.491s][info][gc,stats    ] 
[2026-04-03T01:51:35.334+0600][62.491s][info][gc,stats    ] 
[2026-04-03T01:51:35.334+0600][62.491s][info][gc,stats    ] Under allocation pressure, concurrent cycles may cancel, and either continue cycle
[2026-04-03T01:51:35.334+0600][62.491s][info][gc,stats    ] under stop-the-world pause or result in stop-the-world Full GC. Increase heap size,
[2026-04-03T01:51:35.334+0600][62.491s][info][gc,stats    ] tune GC heuristics, set more aggressive pacing delay, or lower allocation rate
[2026-04-03T01:51:35.334+0600][62.491s][info][gc,stats    ] to avoid Degenerated and Full GC cycles.
[2026-04-03T01:51:35.334+0600][62.491s][info][gc,stats    ] 
[2026-04-03T01:51:35.334+0600][62.491s][info][gc,stats    ]    24 successful concurrent GCs
[2026-04-03T01:51:35.334+0600][62.491s][info][gc,stats    ]       3 invoked explicitly
[2026-04-03T01:51:35.334+0600][62.491s][info][gc,stats    ]       0 invoked implicitly
[2026-04-03T01:51:35.334+0600][62.491s][info][gc,stats    ] 
[2026-04-03T01:51:35.334+0600][62.491s][info][gc,stats    ]     0 Degenerated GCs
[2026-04-03T01:51:35.334+0600][62.491s][info][gc,stats    ]       0 caused by allocation failure
[2026-04-03T01:51:35.334+0600][62.491s][info][gc,stats    ]       0 upgraded to Full GC
[2026-04-03T01:51:35.334+0600][62.491s][info][gc,stats    ] 
[2026-04-03T01:51:35.334+0600][62.491s][info][gc,stats    ]     0 Full GCs
[2026-04-03T01:51:35.334+0600][62.491s][info][gc,stats    ]       0 invoked explicitly
[2026-04-03T01:51:35.334+0600][62.491s][info][gc,stats    ]       0 invoked implicitly
[2026-04-03T01:51:35.334+0600][62.491s][info][gc,stats    ]       0 caused by allocation failure
[2026-04-03T01:51:35.334+0600][62.491s][info][gc,stats    ]       0 upgraded from Degenerated GC
[2026-04-03T01:51:35.334+0600][62.491s][info][gc,stats    ] 
[2026-04-03T01:51:35.334+0600][62.491s][info][gc,stats    ] 
