[2026-04-03T01:46:45.656+0600][0.005s][info][gc,init] Initializing The Z Garbage Collector
[2026-04-03T01:46:45.656+0600][0.005s][info][gc,init] Version: 21.0.10+7-Ubuntu-124.04 (release)
[2026-04-03T01:46:45.656+0600][0.005s][info][gc,init] Using legacy single-generation mode
[2026-04-03T01:46:45.656+0600][0.005s][info][gc,init] NUMA Support: Disabled
[2026-04-03T01:46:45.656+0600][0.005s][info][gc,init] CPUs: 12 total, 12 available
[2026-04-03T01:46:45.656+0600][0.005s][info][gc,init] Memory: 15683M
[2026-04-03T01:46:45.656+0600][0.005s][info][gc,init] Large Page Support: Disabled
[2026-04-03T01:46:45.656+0600][0.005s][info][gc,init] GC Workers: 3 (dynamic)
[2026-04-03T01:46:45.657+0600][0.006s][info][gc,init] Address Space Type: Contiguous/Unrestricted/Complete
[2026-04-03T01:46:45.657+0600][0.006s][info][gc,init] Address Space Size: 62752M x 3 = 188256M
[2026-04-03T01:46:45.657+0600][0.006s][info][gc,init] Heap Backing File: /memfd:java_heap
[2026-04-03T01:46:45.657+0600][0.006s][info][gc,init] Heap Backing Filesystem: tmpfs (0x1021994)
[2026-04-03T01:46:45.657+0600][0.006s][info][gc,init] Min Capacity: 8M
[2026-04-03T01:46:45.657+0600][0.006s][info][gc,init] Initial Capacity: 246M
[2026-04-03T01:46:45.657+0600][0.006s][info][gc,init] Max Capacity: 3922M
[2026-04-03T01:46:45.657+0600][0.006s][info][gc,init] Medium Page Size: 32M
[2026-04-03T01:46:45.657+0600][0.006s][info][gc,init] Pre-touch: Disabled
[2026-04-03T01:46:45.657+0600][0.006s][info][gc,init] Available space on backing filesystem: N/A
[2026-04-03T01:46:45.659+0600][0.008s][info][gc,init] Uncommit: Enabled
[2026-04-03T01:46:45.659+0600][0.008s][info][gc,init] Uncommit Delay: 300s
[2026-04-03T01:46:45.754+0600][0.103s][info][gc,init] Runtime Workers: 8
[2026-04-03T01:46:45.755+0600][0.104s][info][gc     ] Using The Z Garbage Collector
[2026-04-03T01:46:45.767+0600][0.116s][info][gc,metaspace] CDS archive(s) mapped at: [0x000078a54b000000-0x000078a54bc9c000-0x000078a54bc9c000), size 13221888, SharedBaseAddress: 0x000078a54b000000, ArchiveRelocationMode: 1.
[2026-04-03T01:46:45.767+0600][0.116s][info][gc,metaspace] Compressed class space mapped at: 0x000078a54c000000-0x000078a58c000000, reserved size: 1073741824
[2026-04-03T01:46:45.767+0600][0.116s][info][gc,metaspace] Narrow klass base: 0x000078a54b000000, Narrow klass shift: 0, Narrow klass range: 0x100000000
[2026-04-03T01:46:47.578+0600][1.927s][info][gc,start    ] GC(0) Garbage Collection (Warmup)
[2026-04-03T01:46:47.578+0600][1.927s][info][gc,task     ] GC(0) Using 3 workers
[2026-04-03T01:46:47.578+0600][1.927s][info][gc,phases   ] GC(0) Pause Mark Start 0.019ms
[2026-04-03T01:46:47.588+0600][1.937s][info][gc,phases   ] GC(0) Concurrent Mark 9.164ms
[2026-04-03T01:46:47.588+0600][1.937s][info][gc,phases   ] GC(0) Pause Mark End 0.023ms
[2026-04-03T01:46:47.588+0600][1.937s][info][gc,phases   ] GC(0) Concurrent Mark Free 0.003ms
[2026-04-03T01:46:47.590+0600][1.939s][info][gc,phases   ] GC(0) Concurrent Process Non-Strong References 2.298ms
[2026-04-03T01:46:47.590+0600][1.939s][info][gc,phases   ] GC(0) Concurrent Reset Relocation Set 0.001ms
[2026-04-03T01:46:47.603+0600][1.952s][info][gc,phases   ] GC(0) Concurrent Select Relocation Set 12.329ms
[2026-04-03T01:46:47.603+0600][1.952s][info][gc,phases   ] GC(0) Pause Relocate Start 0.025ms
[2026-04-03T01:46:47.612+0600][1.961s][info][gc,phases   ] GC(0) Concurrent Relocate 8.844ms
[2026-04-03T01:46:47.612+0600][1.961s][info][gc,load     ] GC(0) Load: 6.16/6.80/7.35
[2026-04-03T01:46:47.612+0600][1.961s][info][gc,mmu      ] GC(0) MMU: 2ms/98.7%, 5ms/99.5%, 10ms/99.6%, 20ms/99.8%, 50ms/99.9%, 100ms/99.9%
[2026-04-03T01:46:47.612+0600][1.961s][info][gc,marking  ] GC(0) Mark: 2 stripe(s), 2 proactive flush(es), 1 terminate flush(es), 0 completion(s), 0 continuation(s) 
[2026-04-03T01:46:47.612+0600][1.961s][info][gc,marking  ] GC(0) Mark Stack Usage: 32M
[2026-04-03T01:46:47.612+0600][1.961s][info][gc,nmethod  ] GC(0) NMethods: 1132 registered, 146 unregistered
[2026-04-03T01:46:47.612+0600][1.961s][info][gc,metaspace] GC(0) Metaspace: 12M used, 12M committed, 1088M reserved
[2026-04-03T01:46:47.612+0600][1.961s][info][gc,ref      ] GC(0) Soft: 239 encountered, 0 discovered, 0 enqueued
[2026-04-03T01:46:47.612+0600][1.961s][info][gc,ref      ] GC(0) Weak: 995 encountered, 607 discovered, 291 enqueued
[2026-04-03T01:46:47.612+0600][1.961s][info][gc,ref      ] GC(0) Final: 0 encountered, 0 discovered, 0 enqueued
[2026-04-03T01:46:47.612+0600][1.961s][info][gc,ref      ] GC(0) Phantom: 33 encountered, 18 discovered, 0 enqueued
[2026-04-03T01:46:47.612+0600][1.961s][info][gc,reloc    ] GC(0) Small Pages: 192 / 384M, Empty: 0M, Relocated: 4M, In-Place: 0
[2026-04-03T01:46:47.612+0600][1.961s][info][gc,reloc    ] GC(0) Medium Pages: 1 / 32M, Empty: 0M, Relocated: 0M, In-Place: 0
[2026-04-03T01:46:47.612+0600][1.961s][info][gc,reloc    ] GC(0) Large Pages: 0 / 0M, Empty: 0M, Relocated: 0M, In-Place: 0
[2026-04-03T01:46:47.612+0600][1.961s][info][gc,reloc    ] GC(0) Forwarding Usage: 1M
[2026-04-03T01:46:47.612+0600][1.961s][info][gc,heap     ] GC(0) Min Capacity: 8M(0%)
[2026-04-03T01:46:47.612+0600][1.961s][info][gc,heap     ] GC(0) Max Capacity: 3922M(100%)
[2026-04-03T01:46:47.612+0600][1.961s][info][gc,heap     ] GC(0) Soft Max Capacity: 3922M(100%)
[2026-04-03T01:46:47.612+0600][1.961s][info][gc,heap     ] GC(0)                Mark Start          Mark End        Relocate Start      Relocate End           High               Low         
[2026-04-03T01:46:47.612+0600][1.961s][info][gc,heap     ] GC(0)  Capacity:      416M (11%)         416M (11%)         416M (11%)         424M (11%)         424M (11%)         416M (11%)    
[2026-04-03T01:46:47.612+0600][1.961s][info][gc,heap     ] GC(0)      Free:     3506M (89%)        3506M (89%)        3506M (89%)        3882M (99%)        3882M (99%)        3498M (89%)    
[2026-04-03T01:46:47.612+0600][1.961s][info][gc,heap     ] GC(0)      Used:      416M (11%)         416M (11%)         416M (11%)          40M (1%)          424M (11%)          40M (1%)     
[2026-04-03T01:46:47.612+0600][1.961s][info][gc,heap     ] GC(0)      Live:         -                 5M (0%)            5M (0%)            5M (0%)             -                  -          
[2026-04-03T01:46:47.612+0600][1.961s][info][gc,heap     ] GC(0) Allocated:         -                 0M (0%)            0M (0%)            1M (0%)             -                  -          
[2026-04-03T01:46:47.612+0600][1.961s][info][gc,heap     ] GC(0)   Garbage:         -               410M (10%)         410M (10%)          32M (1%)             -                  -          
[2026-04-03T01:46:47.612+0600][1.961s][info][gc,heap     ] GC(0) Reclaimed:         -                  -                 0M (0%)          377M (10%)            -                  -          
[2026-04-03T01:46:47.612+0600][1.961s][info][gc          ] GC(0) Garbage Collection (Warmup) 416M(11%)->40M(1%)
[2026-04-03T01:46:50.581+0600][4.930s][info][gc,start    ] GC(1) Garbage Collection (Metadata GC Threshold)
[2026-04-03T01:46:50.581+0600][4.930s][info][gc,task     ] GC(1) Using 3 workers
[2026-04-03T01:46:50.581+0600][4.930s][info][gc,phases   ] GC(1) Pause Mark Start 0.010ms
[2026-04-03T01:46:50.597+0600][4.946s][info][gc,phases   ] GC(1) Concurrent Mark 15.796ms
[2026-04-03T01:46:50.597+0600][4.946s][info][gc,phases   ] GC(1) Pause Mark End 0.020ms
[2026-04-03T01:46:50.597+0600][4.947s][info][gc,phases   ] GC(1) Concurrent Mark Free 0.002ms
[2026-04-03T01:46:50.601+0600][4.950s][info][gc,phases   ] GC(1) Concurrent Process Non-Strong References 3.201ms
[2026-04-03T01:46:50.601+0600][4.950s][info][gc,phases   ] GC(1) Concurrent Reset Relocation Set 0.013ms
[2026-04-03T01:46:50.603+0600][4.953s][info][gc,phases   ] GC(1) Concurrent Select Relocation Set 2.702ms
[2026-04-03T01:46:50.604+0600][4.953s][info][gc,phases   ] GC(1) Pause Relocate Start 0.014ms
[2026-04-03T01:46:50.624+0600][4.973s][info][gc,phases   ] GC(1) Concurrent Relocate 20.635ms
[2026-04-03T01:46:50.624+0600][4.973s][info][gc,load     ] GC(1) Load: 5.83/6.72/7.32
[2026-04-03T01:46:50.624+0600][4.973s][info][gc,mmu      ] GC(1) MMU: 2ms/98.7%, 5ms/99.5%, 10ms/99.6%, 20ms/99.8%, 50ms/99.9%, 100ms/99.9%
[2026-04-03T01:46:50.625+0600][4.974s][info][gc,marking  ] GC(1) Mark: 2 stripe(s), 4 proactive flush(es), 1 terminate flush(es), 0 completion(s), 0 continuation(s) 
[2026-04-03T01:46:50.625+0600][4.974s][info][gc,marking  ] GC(1) Mark Stack Usage: 32M
[2026-04-03T01:46:50.625+0600][4.974s][info][gc,nmethod  ] GC(1) NMethods: 1742 registered, 112 unregistered
[2026-04-03T01:46:50.625+0600][4.974s][info][gc,metaspace] GC(1) Metaspace: 20M used, 21M committed, 1088M reserved
[2026-04-03T01:46:50.625+0600][4.974s][info][gc,ref      ] GC(1) Soft: 3498 encountered, 0 discovered, 0 enqueued
[2026-04-03T01:46:50.625+0600][4.974s][info][gc,ref      ] GC(1) Weak: 1187 encountered, 449 discovered, 179 enqueued
[2026-04-03T01:46:50.625+0600][4.974s][info][gc,ref      ] GC(1) Final: 0 encountered, 0 discovered, 0 enqueued
[2026-04-03T01:46:50.625+0600][4.974s][info][gc,ref      ] GC(1) Phantom: 563 encountered, 356 discovered, 0 enqueued
[2026-04-03T01:46:50.625+0600][4.974s][info][gc,reloc    ] GC(1) Small Pages: 59 / 118M, Empty: 0M, Relocated: 8M, In-Place: 0
[2026-04-03T01:46:50.625+0600][4.974s][info][gc,reloc    ] GC(1) Medium Pages: 2 / 64M, Empty: 0M, Relocated: 5M, In-Place: 0
[2026-04-03T01:46:50.625+0600][4.974s][info][gc,reloc    ] GC(1) Large Pages: 0 / 0M, Empty: 0M, Relocated: 0M, In-Place: 0
[2026-04-03T01:46:50.625+0600][4.974s][info][gc,reloc    ] GC(1) Forwarding Usage: 1M
[2026-04-03T01:46:50.625+0600][4.974s][info][gc,heap     ] GC(1) Min Capacity: 8M(0%)
[2026-04-03T01:46:50.625+0600][4.974s][info][gc,heap     ] GC(1) Max Capacity: 3922M(100%)
[2026-04-03T01:46:50.625+0600][4.974s][info][gc,heap     ] GC(1) Soft Max Capacity: 3922M(100%)
[2026-04-03T01:46:50.625+0600][4.974s][info][gc,heap     ] GC(1)                Mark Start          Mark End        Relocate Start      Relocate End           High               Low         
[2026-04-03T01:46:50.625+0600][4.974s][info][gc,heap     ] GC(1)  Capacity:      456M (12%)         456M (12%)         456M (12%)         488M (12%)         488M (12%)         456M (12%)    
[2026-04-03T01:46:50.625+0600][4.974s][info][gc,heap     ] GC(1)      Free:     3740M (95%)        3738M (95%)        3738M (95%)        3868M (99%)        3868M (99%)        3704M (94%)    
[2026-04-03T01:46:50.625+0600][4.974s][info][gc,heap     ] GC(1)      Used:      182M (5%)          184M (5%)          184M (5%)           54M (1%)          218M (6%)           54M (1%)     
[2026-04-03T01:46:50.625+0600][4.974s][info][gc,heap     ] GC(1)      Live:         -                19M (1%)           19M (1%)           19M (1%)             -                  -          
[2026-04-03T01:46:50.625+0600][4.974s][info][gc,heap     ] GC(1) Allocated:         -                 2M (0%)            2M (0%)            5M (0%)             -                  -          
[2026-04-03T01:46:50.625+0600][4.974s][info][gc,heap     ] GC(1)   Garbage:         -               162M (4%)          162M (4%)           29M (1%)             -                  -          
[2026-04-03T01:46:50.625+0600][4.974s][info][gc,heap     ] GC(1) Reclaimed:         -                  -                 0M (0%)          133M (3%)             -                  -          
[2026-04-03T01:46:50.625+0600][4.974s][info][gc          ] GC(1) Garbage Collection (Metadata GC Threshold) 182M(5%)->54M(1%)
[2026-04-03T01:46:54.149+0600][8.498s][info][gc,start    ] GC(2) Garbage Collection (Metadata GC Threshold)
[2026-04-03T01:46:54.149+0600][8.499s][info][gc,task     ] GC(2) Using 3 workers
[2026-04-03T01:46:54.150+0600][8.499s][info][gc,phases   ] GC(2) Pause Mark Start 0.014ms
[2026-04-03T01:46:54.181+0600][8.530s][info][gc,phases   ] GC(2) Concurrent Mark 31.320ms
[2026-04-03T01:46:54.182+0600][8.531s][info][gc,phases   ] GC(2) Pause Mark End 0.032ms
[2026-04-03T01:46:54.182+0600][8.531s][info][gc,phases   ] GC(2) Concurrent Mark Free 0.004ms
[2026-04-03T01:46:54.189+0600][8.538s][info][gc,phases   ] GC(2) Concurrent Process Non-Strong References 6.715ms
[2026-04-03T01:46:54.189+0600][8.538s][info][gc,phases   ] GC(2) Concurrent Reset Relocation Set 0.012ms
[2026-04-03T01:46:54.195+0600][8.544s][info][gc,phases   ] GC(2) Concurrent Select Relocation Set 5.355ms
[2026-04-03T01:46:54.195+0600][8.544s][info][gc,phases   ] GC(2) Pause Relocate Start 0.020ms
[2026-04-03T01:46:54.201+0600][8.550s][info][gc,phases   ] GC(2) Concurrent Relocate 6.002ms
[2026-04-03T01:46:54.201+0600][8.550s][info][gc,load     ] GC(2) Load: 5.83/6.72/7.32
[2026-04-03T01:46:54.201+0600][8.550s][info][gc,mmu      ] GC(2) MMU: 2ms/98.4%, 5ms/99.4%, 10ms/99.6%, 20ms/99.7%, 50ms/99.9%, 100ms/99.9%
[2026-04-03T01:46:54.201+0600][8.550s][info][gc,marking  ] GC(2) Mark: 2 stripe(s), 2 proactive flush(es), 1 terminate flush(es), 0 completion(s), 0 continuation(s) 
[2026-04-03T01:46:54.201+0600][8.550s][info][gc,marking  ] GC(2) Mark Stack Usage: 32M
[2026-04-03T01:46:54.201+0600][8.550s][info][gc,nmethod  ] GC(2) NMethods: 2502 registered, 296 unregistered
[2026-04-03T01:46:54.201+0600][8.550s][info][gc,metaspace] GC(2) Metaspace: 35M used, 35M committed, 1088M reserved
[2026-04-03T01:46:54.201+0600][8.550s][info][gc,ref      ] GC(2) Soft: 3852 encountered, 0 discovered, 0 enqueued
[2026-04-03T01:46:54.201+0600][8.550s][info][gc,ref      ] GC(2) Weak: 2482 encountered, 1110 discovered, 465 enqueued
[2026-04-03T01:46:54.201+0600][8.550s][info][gc,ref      ] GC(2) Final: 80 encountered, 1 discovered, 0 enqueued
[2026-04-03T01:46:54.201+0600][8.550s][info][gc,ref      ] GC(2) Phantom: 569 encountered, 532 discovered, 1 enqueued
[2026-04-03T01:46:54.201+0600][8.550s][info][gc,reloc    ] GC(2) Small Pages: 81 / 162M, Empty: 2M, Relocated: 6M, In-Place: 0
[2026-04-03T01:46:54.201+0600][8.550s][info][gc,reloc    ] GC(2) Medium Pages: 2 / 64M, Empty: 32M, Relocated: 0M, In-Place: 0
[2026-04-03T01:46:54.201+0600][8.550s][info][gc,reloc    ] GC(2) Large Pages: 0 / 0M, Empty: 0M, Relocated: 0M, In-Place: 0
[2026-04-03T01:46:54.201+0600][8.550s][info][gc,reloc    ] GC(2) Forwarding Usage: 1M
[2026-04-03T01:46:54.201+0600][8.550s][info][gc,heap     ] GC(2) Min Capacity: 8M(0%)
[2026-04-03T01:46:54.201+0600][8.550s][info][gc,heap     ] GC(2) Max Capacity: 3922M(100%)
[2026-04-03T01:46:54.201+0600][8.550s][info][gc,heap     ] GC(2) Soft Max Capacity: 3922M(100%)
[2026-04-03T01:46:54.201+0600][8.550s][info][gc,heap     ] GC(2)                Mark Start          Mark End        Relocate Start      Relocate End           High               Low         
[2026-04-03T01:46:54.201+0600][8.550s][info][gc,heap     ] GC(2)  Capacity:      488M (12%)         488M (12%)         488M (12%)         488M (12%)         488M (12%)         488M (12%)    
[2026-04-03T01:46:54.201+0600][8.550s][info][gc,heap     ] GC(2)      Free:     3696M (94%)        3692M (94%)        3726M (95%)        3864M (99%)        3864M (99%)        3692M (94%)    
[2026-04-03T01:46:54.201+0600][8.551s][info][gc,heap     ] GC(2)      Used:      226M (6%)          230M (6%)          196M (5%)           58M (1%)          230M (6%)           58M (1%)     
[2026-04-03T01:46:54.201+0600][8.551s][info][gc,heap     ] GC(2)      Live:         -                24M (1%)           24M (1%)           24M (1%)             -                  -          
[2026-04-03T01:46:54.202+0600][8.551s][info][gc,heap     ] GC(2) Allocated:         -                 4M (0%)            4M (0%)            3M (0%)             -                  -          
[2026-04-03T01:46:54.202+0600][8.551s][info][gc,heap     ] GC(2)   Garbage:         -               201M (5%)          167M (4%)           29M (1%)             -                  -          
[2026-04-03T01:46:54.202+0600][8.551s][info][gc,heap     ] GC(2) Reclaimed:         -                  -                34M (1%)          171M (4%)             -                  -          
[2026-04-03T01:46:54.202+0600][8.551s][info][gc          ] GC(2) Garbage Collection (Metadata GC Threshold) 226M(6%)->58M(1%)
[2026-04-03T01:46:55.777+0600][10.126s][info][gc,stats    ] === Garbage Collection Statistics =======================================================================================================================
[2026-04-03T01:46:55.777+0600][10.126s][info][gc,stats    ]                                                              Last 10s              Last 10m              Last 10h                Total
[2026-04-03T01:46:55.777+0600][10.126s][info][gc,stats    ]                                                              Avg / Max             Avg / Max             Avg / Max             Avg / Max
[2026-04-03T01:46:55.777+0600][10.126s][info][gc,stats    ]   Collector: Garbage Collection Cycle                     43.237 / 51.767       43.237 / 51.767       43.237 / 51.767       43.237 / 51.767      ms
[2026-04-03T01:46:55.777+0600][10.126s][info][gc,stats    ]  Contention: Mark Segment Reset Contention                     0 / 1                 0 / 1                 0 / 1                 0 / 1           ops/s
[2026-04-03T01:46:55.777+0600][10.126s][info][gc,stats    ]  Contention: Mark SeqNum Reset Contention                      0 / 0                 0 / 0                 0 / 0                 0 / 0           ops/s
[2026-04-03T01:46:55.777+0600][10.126s][info][gc,stats    ]    Critical: Allocation Stall                                  0 / 0                 0 / 0                 0 / 0                 0 / 0           ops/s
[2026-04-03T01:46:55.777+0600][10.126s][info][gc,stats    ]    Critical: Allocation Stall                              0.000 / 0.000         0.000 / 0.000         0.000 / 0.000         0.000 / 0.000       ms
[2026-04-03T01:46:55.777+0600][10.126s][info][gc,stats    ]    Critical: GC Locker Stall                                   0 / 1                 0 / 1                 0 / 1                 0 / 1           ops/s
[2026-04-03T01:46:55.777+0600][10.126s][info][gc,stats    ]    Critical: GC Locker Stall                               0.002 / 0.002         0.002 / 0.002         0.002 / 0.002         0.002 / 0.002       ms
[2026-04-03T01:46:55.777+0600][10.126s][info][gc,stats    ]    Critical: Relocation Stall                                  0 / 0                 0 / 0                 0 / 0                 0 / 0           ops/s
[2026-04-03T01:46:55.777+0600][10.126s][info][gc,stats    ]    Critical: Relocation Stall                              0.000 / 0.000         0.000 / 0.000         0.000 / 0.000         0.000 / 0.000       ms
[2026-04-03T01:46:55.777+0600][10.126s][info][gc,stats    ]      Memory: Allocation Rate                                  82 / 236              82 / 236              82 / 236              82 / 236         MB/s
[2026-04-03T01:46:55.777+0600][10.127s][info][gc,stats    ]      Memory: Defragment                                        0 / 0                 0 / 0                 0 / 0                 0 / 0           ops/s
[2026-04-03T01:46:55.777+0600][10.127s][info][gc,stats    ]      Memory: Out Of Memory                                     0 / 0                 0 / 0                 0 / 0                 0 / 0           ops/s
[2026-04-03T01:46:55.777+0600][10.127s][info][gc,stats    ]      Memory: Page Cache Flush                                  0 / 0                 0 / 0                 0 / 0                 0 / 0           MB/s
[2026-04-03T01:46:55.777+0600][10.127s][info][gc,stats    ]      Memory: Page Cache Hit L1                                16 / 39               16 / 39               16 / 39               16 / 39          ops/s
[2026-04-03T01:46:55.778+0600][10.127s][info][gc,stats    ]      Memory: Page Cache Hit L2                                 0 / 0                 0 / 0                 0 / 0                 0 / 0           ops/s
[2026-04-03T01:46:55.778+0600][10.127s][info][gc,stats    ]      Memory: Page Cache Hit L3                                12 / 107              12 / 107              12 / 107              12 / 107         ops/s
[2026-04-03T01:46:55.778+0600][10.127s][info][gc,stats    ]      Memory: Page Cache Miss                                   7 / 75                7 / 75                7 / 75                7 / 75          ops/s
[2026-04-03T01:46:55.778+0600][10.127s][info][gc,stats    ]      Memory: Uncommit                                          0 / 0                 0 / 0                 0 / 0                 0 / 0           MB/s
[2026-04-03T01:46:55.778+0600][10.127s][info][gc,stats    ]      Memory: Undo Object Allocation Failed                     0 / 0                 0 / 0                 0 / 0                 0 / 0           ops/s
[2026-04-03T01:46:55.778+0600][10.127s][info][gc,stats    ]      Memory: Undo Object Allocation Succeeded                  0 / 0                 0 / 0                 0 / 0                 0 / 0           ops/s
[2026-04-03T01:46:55.778+0600][10.127s][info][gc,stats    ]      Memory: Undo Page Allocation                              0 / 0                 0 / 0                 0 / 0                 0 / 0           ops/s
[2026-04-03T01:46:55.778+0600][10.127s][info][gc,stats    ]       Phase: Concurrent Mark                              18.760 / 31.320       18.760 / 31.320       18.760 / 31.320       18.760 / 31.320      ms
[2026-04-03T01:46:55.778+0600][10.127s][info][gc,stats    ]       Phase: Concurrent Mark Continue                      0.000 / 0.000         0.000 / 0.000         0.000 / 0.000         0.000 / 0.000       ms
[2026-04-03T01:46:55.778+0600][10.127s][info][gc,stats    ]       Phase: Concurrent Mark Free                          0.003 / 0.004         0.003 / 0.004         0.003 / 0.004         0.003 / 0.004       ms
[2026-04-03T01:46:55.778+0600][10.127s][info][gc,stats    ]       Phase: Concurrent Process Non-Strong References      4.072 / 6.715         4.072 / 6.715         4.072 / 6.715         4.072 / 6.715       ms
[2026-04-03T01:46:55.778+0600][10.127s][info][gc,stats    ]       Phase: Concurrent Relocate                          11.827 / 20.635       11.827 / 20.635       11.827 / 20.635       11.827 / 20.635      ms
[2026-04-03T01:46:55.778+0600][10.127s][info][gc,stats    ]       Phase: Concurrent Reset Relocation Set               0.009 / 0.013         0.009 / 0.013         0.009 / 0.013         0.009 / 0.013       ms
[2026-04-03T01:46:55.778+0600][10.127s][info][gc,stats    ]       Phase: Concurrent Select Relocation Set              6.795 / 12.329        6.795 / 12.329        6.795 / 12.329        6.795 / 12.329      ms
[2026-04-03T01:46:55.778+0600][10.127s][info][gc,stats    ]       Phase: Pause Mark End                                0.025 / 0.032         0.025 / 0.032         0.025 / 0.032         0.025 / 0.032       ms
[2026-04-03T01:46:55.778+0600][10.127s][info][gc,stats    ]       Phase: Pause Mark Start                              0.014 / 0.019         0.014 / 0.019         0.014 / 0.019         0.014 / 0.019       ms
[2026-04-03T01:46:55.778+0600][10.127s][info][gc,stats    ]       Phase: Pause Relocate Start                          0.020 / 0.025         0.020 / 0.025         0.020 / 0.025         0.020 / 0.025       ms
[2026-04-03T01:46:55.778+0600][10.127s][info][gc,stats    ]    Subphase: Concurrent Classes Purge                      0.374 / 0.653         0.374 / 0.653         0.374 / 0.653         0.374 / 0.653       ms
[2026-04-03T01:46:55.778+0600][10.127s][info][gc,stats    ]    Subphase: Concurrent Classes Unlink                     2.385 / 4.136         2.385 / 4.136         2.385 / 4.136         2.385 / 4.136       ms
[2026-04-03T01:46:55.778+0600][10.127s][info][gc,stats    ]    Subphase: Concurrent Mark                              16.545 / 29.275       16.545 / 29.275       16.545 / 29.275       16.545 / 29.275      ms
[2026-04-03T01:46:55.778+0600][10.127s][info][gc,stats    ]    Subphase: Concurrent Mark Try Flush                     0.171 / 0.351         0.171 / 0.351         0.171 / 0.351         0.171 / 0.351       ms
[2026-04-03T01:46:55.778+0600][10.127s][info][gc,stats    ]    Subphase: Concurrent Mark Try Terminate                 0.743 / 1.198         0.743 / 1.198         0.743 / 1.198         0.743 / 1.198       ms
[2026-04-03T01:46:55.778+0600][10.127s][info][gc,stats    ]    Subphase: Concurrent References Enqueue                 0.007 / 0.012         0.007 / 0.012         0.007 / 0.012         0.007 / 0.012       ms
[2026-04-03T01:46:55.778+0600][10.127s][info][gc,stats    ]    Subphase: Concurrent References Process                 0.362 / 0.493         0.362 / 0.493         0.362 / 0.493         0.362 / 0.493       ms
[2026-04-03T01:46:55.778+0600][10.127s][info][gc,stats    ]    Subphase: Concurrent Roots ClassLoaderDataGraph         0.236 / 0.670         0.236 / 0.670         0.236 / 0.670         0.236 / 0.670       ms
[2026-04-03T01:46:55.778+0600][10.127s][info][gc,stats    ]    Subphase: Concurrent Roots CodeCache                    0.000 / 0.000         0.000 / 0.000         0.000 / 0.000         0.000 / 0.000       ms
[2026-04-03T01:46:55.778+0600][10.127s][info][gc,stats    ]    Subphase: Concurrent Roots JavaThreads                  0.953 / 1.859         0.953 / 1.859         0.953 / 1.859         0.953 / 1.859       ms
[2026-04-03T01:46:55.778+0600][10.127s][info][gc,stats    ]    Subphase: Concurrent Roots OopStorageSet                0.071 / 0.163         0.071 / 0.163         0.071 / 0.163         0.071 / 0.163       ms
[2026-04-03T01:46:55.778+0600][10.127s][info][gc,stats    ]    Subphase: Concurrent Weak Roots OopStorageSet           0.496 / 0.939         0.496 / 0.939         0.496 / 0.939         0.496 / 0.939       ms
[2026-04-03T01:46:55.778+0600][10.127s][info][gc,stats    ]    Subphase: Pause Mark Try Complete                       0.000 / 0.000         0.000 / 0.000         0.000 / 0.000         0.000 / 0.000       ms
[2026-04-03T01:46:55.778+0600][10.127s][info][gc,stats    ]      System: Java Threads                                     15 / 25               15 / 25               15 / 25               15 / 25          threads
[2026-04-03T01:46:55.778+0600][10.127s][info][gc,stats    ] =========================================================================================================================================================
[2026-04-03T01:46:58.678+0600][13.027s][info][gc,start    ] GC(3) Garbage Collection (Warmup)
[2026-04-03T01:46:58.678+0600][13.027s][info][gc,task     ] GC(3) Using 3 workers
[2026-04-03T01:46:58.679+0600][13.028s][info][gc,phases   ] GC(3) Pause Mark Start 0.020ms
[2026-04-03T01:46:59.821+0600][14.170s][info][gc,phases   ] GC(3) Concurrent Mark 1141.902ms
[2026-04-03T01:46:59.821+0600][14.170s][info][gc,phases   ] GC(3) Pause Mark End 0.025ms
[2026-04-03T01:46:59.822+0600][14.171s][info][gc,phases   ] GC(3) Concurrent Mark Free 0.001ms
[2026-04-03T01:46:59.827+0600][14.176s][info][gc,phases   ] GC(3) Concurrent Process Non-Strong References 4.924ms
[2026-04-03T01:46:59.827+0600][14.176s][info][gc,phases   ] GC(3) Concurrent Reset Relocation Set 0.012ms
[2026-04-03T01:46:59.831+0600][14.180s][info][gc,phases   ] GC(3) Concurrent Select Relocation Set 3.902ms
[2026-04-03T01:46:59.831+0600][14.180s][info][gc,phases   ] GC(3) Pause Relocate Start 0.015ms
[2026-04-03T01:46:59.857+0600][14.206s][info][gc,phases   ] GC(3) Concurrent Relocate 25.900ms
[2026-04-03T01:46:59.857+0600][14.206s][info][gc,load     ] GC(3) Load: 5.48/6.61/7.28
[2026-04-03T01:46:59.857+0600][14.206s][info][gc,mmu      ] GC(3) MMU: 2ms/98.4%, 5ms/99.4%, 10ms/99.6%, 20ms/99.7%, 50ms/99.9%, 100ms/99.9%
[2026-04-03T01:46:59.857+0600][14.206s][info][gc,marking  ] GC(3) Mark: 2 stripe(s), 10 proactive flush(es), 1 terminate flush(es), 0 completion(s), 0 continuation(s) 
[2026-04-03T01:46:59.857+0600][14.206s][info][gc,marking  ] GC(3) Mark Stack Usage: 32M
[2026-04-03T01:46:59.857+0600][14.206s][info][gc,nmethod  ] GC(3) NMethods: 3073 registered, 125 unregistered
[2026-04-03T01:46:59.857+0600][14.206s][info][gc,metaspace] GC(3) Metaspace: 48M used, 48M committed, 1088M reserved
[2026-04-03T01:46:59.857+0600][14.206s][info][gc,ref      ] GC(3) Soft: 3983 encountered, 0 discovered, 0 enqueued
[2026-04-03T01:46:59.857+0600][14.206s][info][gc,ref      ] GC(3) Weak: 3295 encountered, 1313 discovered, 545 enqueued
[2026-04-03T01:46:59.857+0600][14.206s][info][gc,ref      ] GC(3) Final: 82 encountered, 2 discovered, 0 enqueued
[2026-04-03T01:46:59.857+0600][14.206s][info][gc,ref      ] GC(3) Phantom: 585 encountered, 313 discovered, 0 enqueued
[2026-04-03T01:46:59.857+0600][14.206s][info][gc,reloc    ] GC(3) Small Pages: 365 / 730M, Empty: 0M, Relocated: 8M, In-Place: 0
[2026-04-03T01:46:59.857+0600][14.206s][info][gc,reloc    ] GC(3) Medium Pages: 2 / 64M, Empty: 0M, Relocated: 5M, In-Place: 0
[2026-04-03T01:46:59.857+0600][14.206s][info][gc,reloc    ] GC(3) Large Pages: 0 / 0M, Empty: 0M, Relocated: 0M, In-Place: 0
[2026-04-03T01:46:59.857+0600][14.206s][info][gc,reloc    ] GC(3) Forwarding Usage: 2M
[2026-04-03T01:46:59.857+0600][14.206s][info][gc,heap     ] GC(3) Min Capacity: 8M(0%)
[2026-04-03T01:46:59.857+0600][14.206s][info][gc,heap     ] GC(3) Max Capacity: 3922M(100%)
[2026-04-03T01:46:59.857+0600][14.206s][info][gc,heap     ] GC(3) Soft Max Capacity: 3922M(100%)
[2026-04-03T01:46:59.857+0600][14.206s][info][gc,heap     ] GC(3)                Mark Start          Mark End        Relocate Start      Relocate End           High               Low         
[2026-04-03T01:46:59.857+0600][14.206s][info][gc,heap     ] GC(3)  Capacity:      794M (20%)         946M (24%)         946M (24%)         980M (25%)         980M (25%)         794M (20%)    
[2026-04-03T01:46:59.857+0600][14.206s][info][gc,heap     ] GC(3)      Free:     3128M (80%)        2976M (76%)        2976M (76%)        3146M (80%)        3146M (80%)        2942M (75%)    
[2026-04-03T01:46:59.857+0600][14.206s][info][gc,heap     ] GC(3)      Used:      794M (20%)         946M (24%)         946M (24%)         776M (20%)         980M (25%)         776M (20%)    
[2026-04-03T01:46:59.857+0600][14.206s][info][gc,heap     ] GC(3)      Live:         -               584M (15%)         584M (15%)         584M (15%)            -                  -          
[2026-04-03T01:46:59.857+0600][14.206s][info][gc,heap     ] GC(3) Allocated:         -               152M (4%)          152M (4%)          151M (4%)             -                  -          
[2026-04-03T01:46:59.857+0600][14.206s][info][gc,heap     ] GC(3)   Garbage:         -               209M (5%)          209M (5%)           39M (1%)             -                  -          
[2026-04-03T01:46:59.857+0600][14.206s][info][gc,heap     ] GC(3) Reclaimed:         -                  -                 0M (0%)          169M (4%)             -                  -          
[2026-04-03T01:46:59.857+0600][14.206s][info][gc          ] GC(3) Garbage Collection (Warmup) 794M(20%)->776M(20%)
[2026-04-03T01:47:03.000+0600][17.349s][info][gc,start    ] GC(4) Garbage Collection (System.gc())
[2026-04-03T01:47:03.000+0600][17.349s][info][gc,task     ] GC(4) Using 3 workers
[2026-04-03T01:47:03.001+0600][17.350s][info][gc,phases   ] GC(4) Pause Mark Start 0.030ms
[2026-04-03T01:47:03.039+0600][17.388s][info][gc,phases   ] GC(4) Concurrent Mark 38.167ms
[2026-04-03T01:47:03.039+0600][17.388s][info][gc,phases   ] GC(4) Pause Mark End 0.032ms
[2026-04-03T01:47:03.039+0600][17.388s][info][gc,phases   ] GC(4) Concurrent Mark Free 0.003ms
[2026-04-03T01:47:03.046+0600][17.395s][info][gc,phases   ] GC(4) Concurrent Process Non-Strong References 7.018ms
[2026-04-03T01:47:03.047+0600][17.396s][info][gc,phases   ] GC(4) Concurrent Reset Relocation Set 0.012ms
[2026-04-03T01:47:03.051+0600][17.400s][info][gc,phases   ] GC(4) Concurrent Select Relocation Set 3.966ms
[2026-04-03T01:47:03.051+0600][17.400s][info][gc,phases   ] GC(4) Pause Relocate Start 0.021ms
[2026-04-03T01:47:03.055+0600][17.404s][info][gc,phases   ] GC(4) Concurrent Relocate 4.394ms
[2026-04-03T01:47:03.056+0600][17.405s][info][gc,load     ] GC(4) Load: 5.48/6.61/7.28
[2026-04-03T01:47:03.056+0600][17.405s][info][gc,mmu      ] GC(4) MMU: 2ms/98.4%, 5ms/99.4%, 10ms/99.6%, 20ms/99.7%, 50ms/99.9%, 100ms/99.9%
[2026-04-03T01:47:03.056+0600][17.405s][info][gc,marking  ] GC(4) Mark: 2 stripe(s), 3 proactive flush(es), 1 terminate flush(es), 0 completion(s), 0 continuation(s) 
[2026-04-03T01:47:03.056+0600][17.405s][info][gc,marking  ] GC(4) Mark Stack Usage: 32M
[2026-04-03T01:47:03.056+0600][17.405s][info][gc,nmethod  ] GC(4) NMethods: 3428 registered, 301 unregistered
[2026-04-03T01:47:03.056+0600][17.405s][info][gc,metaspace] GC(4) Metaspace: 56M used, 56M committed, 1088M reserved
[2026-04-03T01:47:03.056+0600][17.405s][info][gc,ref      ] GC(4) Soft: 4281 encountered, 0 discovered, 0 enqueued
[2026-04-03T01:47:03.056+0600][17.405s][info][gc,ref      ] GC(4) Weak: 4020 encountered, 2168 discovered, 418 enqueued
[2026-04-03T01:47:03.056+0600][17.405s][info][gc,ref      ] GC(4) Final: 82 encountered, 0 discovered, 0 enqueued
[2026-04-03T01:47:03.056+0600][17.405s][info][gc,ref      ] GC(4) Phantom: 587 encountered, 572 discovered, 1 enqueued
[2026-04-03T01:47:03.056+0600][17.405s][info][gc,reloc    ] GC(4) Small Pages: 422 / 844M, Empty: 694M, Relocated: 5M, In-Place: 0
[2026-04-03T01:47:03.056+0600][17.405s][info][gc,reloc    ] GC(4) Medium Pages: 2 / 64M, Empty: 32M, Relocated: 0M, In-Place: 0
[2026-04-03T01:47:03.056+0600][17.405s][info][gc,reloc    ] GC(4) Large Pages: 1 / 6M, Empty: 6M, Relocated: 0M, In-Place: 0
[2026-04-03T01:47:03.056+0600][17.405s][info][gc,reloc    ] GC(4) Forwarding Usage: 1M
[2026-04-03T01:47:03.056+0600][17.405s][info][gc,heap     ] GC(4) Min Capacity: 8M(0%)
[2026-04-03T01:47:03.056+0600][17.405s][info][gc,heap     ] GC(4) Max Capacity: 3922M(100%)
[2026-04-03T01:47:03.056+0600][17.405s][info][gc,heap     ] GC(4) Soft Max Capacity: 3922M(100%)
[2026-04-03T01:47:03.056+0600][17.405s][info][gc,heap     ] GC(4)                Mark Start          Mark End        Relocate Start      Relocate End           High               Low         
[2026-04-03T01:47:03.056+0600][17.405s][info][gc,heap     ] GC(4)  Capacity:      980M (25%)         980M (25%)         980M (25%)         980M (25%)         980M (25%)         980M (25%)    
[2026-04-03T01:47:03.056+0600][17.405s][info][gc,heap     ] GC(4)      Free:     3008M (77%)        3008M (77%)        3738M (95%)        3856M (98%)        3856M (98%)        3008M (77%)    
[2026-04-03T01:47:03.056+0600][17.405s][info][gc,heap     ] GC(4)      Used:      914M (23%)         914M (23%)         184M (5%)           66M (2%)          914M (23%)          66M (2%)     
[2026-04-03T01:47:03.056+0600][17.405s][info][gc,heap     ] GC(4)      Live:         -                32M (1%)           32M (1%)           32M (1%)             -                  -          
[2026-04-03T01:47:03.056+0600][17.405s][info][gc,heap     ] GC(4) Allocated:         -                 0M (0%)            2M (0%)            2M (0%)             -                  -          
[2026-04-03T01:47:03.056+0600][17.405s][info][gc,heap     ] GC(4)   Garbage:         -               881M (22%)         149M (4%)           31M (1%)             -                  -          
[2026-04-03T01:47:03.056+0600][17.405s][info][gc,heap     ] GC(4) Reclaimed:         -                  -               732M (19%)         850M (22%)            -                  -          
[2026-04-03T01:47:03.056+0600][17.405s][info][gc          ] GC(4) Garbage Collection (System.gc()) 914M(23%)->66M(2%)
[2026-04-03T01:47:05.778+0600][20.127s][info][gc,stats    ] === Garbage Collection Statistics =======================================================================================================================
[2026-04-03T01:47:05.778+0600][20.127s][info][gc,stats    ]                                                              Last 10s              Last 10m              Last 10h                Total
[2026-04-03T01:47:05.778+0600][20.127s][info][gc,stats    ]                                                              Avg / Max             Avg / Max             Avg / Max             Avg / Max
[2026-04-03T01:47:05.778+0600][20.127s][info][gc,stats    ]   Collector: Garbage Collection Cycle                    617.122 / 1178.949    272.791 / 1178.949    272.791 / 1178.949    272.791 / 1178.949    ms
[2026-04-03T01:47:05.778+0600][20.127s][info][gc,stats    ]  Contention: Mark Segment Reset Contention                     0 / 1                 0 / 1                 0 / 1                 0 / 1           ops/s
[2026-04-03T01:47:05.778+0600][20.127s][info][gc,stats    ]  Contention: Mark SeqNum Reset Contention                      0 / 0                 0 / 0                 0 / 0                 0 / 0           ops/s
[2026-04-03T01:47:05.778+0600][20.127s][info][gc,stats    ]    Critical: Allocation Stall                                  0 / 0                 0 / 0                 0 / 0                 0 / 0           ops/s
[2026-04-03T01:47:05.778+0600][20.127s][info][gc,stats    ]    Critical: Allocation Stall                              0.000 / 0.000         0.000 / 0.000         0.000 / 0.000         0.000 / 0.000       ms
[2026-04-03T01:47:05.778+0600][20.127s][info][gc,stats    ]    Critical: GC Locker Stall                                   0 / 0                 0 / 1                 0 / 1                 0 / 1           ops/s
[2026-04-03T01:47:05.778+0600][20.127s][info][gc,stats    ]    Critical: GC Locker Stall                               0.000 / 0.000         0.002 / 0.002         0.002 / 0.002         0.002 / 0.002       ms
[2026-04-03T01:47:05.778+0600][20.127s][info][gc,stats    ]    Critical: Relocation Stall                                  0 / 0                 0 / 0                 0 / 0                 0 / 0           ops/s
[2026-04-03T01:47:05.778+0600][20.127s][info][gc,stats    ]    Critical: Relocation Stall                              0.000 / 0.000         0.000 / 0.000         0.000 / 0.000         0.000 / 0.000       ms
[2026-04-03T01:47:05.778+0600][20.127s][info][gc,stats    ]      Memory: Allocation Rate                                 111 / 336              96 / 336              96 / 336              96 / 336         MB/s
[2026-04-03T01:47:05.778+0600][20.127s][info][gc,stats    ]      Memory: Defragment                                        1 / 16                0 / 16                0 / 16                0 / 16          ops/s
[2026-04-03T01:47:05.778+0600][20.127s][info][gc,stats    ]      Memory: Out Of Memory                                     0 / 0                 0 / 0                 0 / 0                 0 / 0           ops/s
[2026-04-03T01:47:05.778+0600][20.127s][info][gc,stats    ]      Memory: Page Cache Flush                                  3 / 32                1 / 32                1 / 32                1 / 32          MB/s
[2026-04-03T01:47:05.778+0600][20.127s][info][gc,stats    ]      Memory: Page Cache Hit L1                                28 / 128              22 / 128              22 / 128              22 / 128         ops/s
[2026-04-03T01:47:05.778+0600][20.127s][info][gc,stats    ]      Memory: Page Cache Hit L2                                 0 / 0                 0 / 0                 0 / 0                 0 / 0           ops/s
[2026-04-03T01:47:05.778+0600][20.127s][info][gc,stats    ]      Memory: Page Cache Hit L3                                 1 / 15                6 / 107               6 / 107               6 / 107         ops/s
[2026-04-03T01:47:05.778+0600][20.127s][info][gc,stats    ]      Memory: Page Cache Miss                                  23 / 142              15 / 142              15 / 142              15 / 142         ops/s
[2026-04-03T01:47:05.778+0600][20.127s][info][gc,stats    ]      Memory: Uncommit                                          0 / 0                 0 / 0                 0 / 0                 0 / 0           MB/s
[2026-04-03T01:47:05.778+0600][20.127s][info][gc,stats    ]      Memory: Undo Object Allocation Failed                     0 / 0                 0 / 0                 0 / 0                 0 / 0           ops/s
[2026-04-03T01:47:05.778+0600][20.127s][info][gc,stats    ]      Memory: Undo Object Allocation Succeeded                  0 / 0                 0 / 0                 0 / 0                 0 / 0           ops/s
[2026-04-03T01:47:05.778+0600][20.127s][info][gc,stats    ]      Memory: Undo Page Allocation                              0 / 0                 0 / 0                 0 / 0                 0 / 0           ops/s
[2026-04-03T01:47:05.778+0600][20.128s][info][gc,stats    ]       Phase: Concurrent Mark                             590.035 / 1141.902    247.270 / 1141.902    247.270 / 1141.902    247.270 / 1141.902    ms
[2026-04-03T01:47:05.778+0600][20.128s][info][gc,stats    ]       Phase: Concurrent Mark Continue                      0.000 / 0.000         0.000 / 0.000         0.000 / 0.000         0.000 / 0.000       ms
[2026-04-03T01:47:05.779+0600][20.128s][info][gc,stats    ]       Phase: Concurrent Mark Free                          0.002 / 0.003         0.003 / 0.004         0.003 / 0.004         0.003 / 0.004       ms
[2026-04-03T01:47:05.779+0600][20.128s][info][gc,stats    ]       Phase: Concurrent Process Non-Strong References      5.971 / 7.018         4.831 / 7.018         4.831 / 7.018         4.831 / 7.018       ms
[2026-04-03T01:47:05.779+0600][20.128s][info][gc,stats    ]       Phase: Concurrent Relocate                          15.147 / 25.900       13.155 / 25.900       13.155 / 25.900       13.155 / 25.900      ms
[2026-04-03T01:47:05.779+0600][20.128s][info][gc,stats    ]       Phase: Concurrent Reset Relocation Set               0.012 / 0.012         0.010 / 0.013         0.010 / 0.013         0.010 / 0.013       ms
[2026-04-03T01:47:05.779+0600][20.128s][info][gc,stats    ]       Phase: Concurrent Select Relocation Set              3.934 / 3.966         5.651 / 12.329        5.651 / 12.329        5.651 / 12.329      ms
[2026-04-03T01:47:05.779+0600][20.128s][info][gc,stats    ]       Phase: Pause Mark End                                0.028 / 0.032         0.026 / 0.032         0.026 / 0.032         0.026 / 0.032       ms
[2026-04-03T01:47:05.779+0600][20.128s][info][gc,stats    ]       Phase: Pause Mark Start                              0.025 / 0.030         0.019 / 0.030         0.019 / 0.030         0.019 / 0.030       ms
[2026-04-03T01:47:05.779+0600][20.128s][info][gc,stats    ]       Phase: Pause Relocate Start                          0.018 / 0.021         0.019 / 0.025         0.019 / 0.025         0.019 / 0.025       ms
[2026-04-03T01:47:05.779+0600][20.128s][info][gc,stats    ]    Subphase: Concurrent Classes Purge                      0.355 / 0.470         0.367 / 0.653         0.367 / 0.653         0.367 / 0.653       ms
[2026-04-03T01:47:05.779+0600][20.128s][info][gc,stats    ]    Subphase: Concurrent Classes Unlink                     3.853 / 4.477         2.972 / 4.477         2.972 / 4.477         2.972 / 4.477       ms
[2026-04-03T01:47:05.779+0600][20.128s][info][gc,stats    ]    Subphase: Concurrent Mark                             588.253 / 1140.335    245.228 / 1140.335    245.228 / 1140.335    245.228 / 1140.335    ms
[2026-04-03T01:47:05.779+0600][20.128s][info][gc,stats    ]    Subphase: Concurrent Mark Try Flush                     0.308 / 2.176         0.250 / 2.176         0.250 / 2.176         0.250 / 2.176       ms
[2026-04-03T01:47:05.779+0600][20.128s][info][gc,stats    ]    Subphase: Concurrent Mark Try Terminate                 1.096 / 4.226         1.092 / 4.226         1.092 / 4.226         1.092 / 4.226       ms
[2026-04-03T01:47:05.779+0600][20.128s][info][gc,stats    ]    Subphase: Concurrent References Enqueue                 0.005 / 0.005         0.006 / 0.012         0.006 / 0.012         0.006 / 0.012       ms
[2026-04-03T01:47:05.779+0600][20.128s][info][gc,stats    ]    Subphase: Concurrent References Process                 0.437 / 0.563         0.392 / 0.563         0.392 / 0.563         0.392 / 0.563       ms
[2026-04-03T01:47:05.779+0600][20.128s][info][gc,stats    ]    Subphase: Concurrent Roots ClassLoaderDataGraph         0.240 / 0.574         0.238 / 0.670         0.238 / 0.670         0.238 / 0.670       ms
[2026-04-03T01:47:05.779+0600][20.128s][info][gc,stats    ]    Subphase: Concurrent Roots CodeCache                    0.000 / 0.000         0.000 / 0.000         0.000 / 0.000         0.000 / 0.000       ms
[2026-04-03T01:47:05.779+0600][20.128s][info][gc,stats    ]    Subphase: Concurrent Roots JavaThreads                  0.838 / 1.238         0.900 / 1.859         0.900 / 1.859         0.900 / 1.859       ms
[2026-04-03T01:47:05.779+0600][20.128s][info][gc,stats    ]    Subphase: Concurrent Roots OopStorageSet                0.078 / 0.116         0.074 / 0.163         0.074 / 0.163         0.074 / 0.163       ms
[2026-04-03T01:47:05.779+0600][20.128s][info][gc,stats    ]    Subphase: Concurrent Weak Roots OopStorageSet           0.964 / 1.117         0.683 / 1.117         0.683 / 1.117         0.683 / 1.117       ms
[2026-04-03T01:47:05.779+0600][20.128s][info][gc,stats    ]    Subphase: Pause Mark Try Complete                       0.000 / 0.000         0.000 / 0.000         0.000 / 0.000         0.000 / 0.000       ms
[2026-04-03T01:47:05.779+0600][20.128s][info][gc,stats    ]      System: Java Threads                                     60 / 62               33 / 62               33 / 62               33 / 62          threads
[2026-04-03T01:47:05.779+0600][20.128s][info][gc,stats    ] =========================================================================================================================================================
[2026-04-03T01:47:06.577+0600][20.926s][info][gc,start    ] GC(5) Garbage Collection (Allocation Rate)
[2026-04-03T01:47:06.577+0600][20.926s][info][gc,task     ] GC(5) Using 3 workers
[2026-04-03T01:47:06.578+0600][20.927s][info][gc,phases   ] GC(5) Pause Mark Start 0.021ms
[2026-04-03T01:47:06.638+0600][20.988s][info][gc,phases   ] GC(5) Concurrent Mark 60.415ms
[2026-04-03T01:47:06.639+0600][20.988s][info][gc,phases   ] GC(5) Pause Mark End 0.042ms
[2026-04-03T01:47:06.639+0600][20.988s][info][gc,phases   ] GC(5) Concurrent Mark Free 0.004ms
[2026-04-03T01:47:06.662+0600][21.011s][info][gc,phases   ] GC(5) Concurrent Process Non-Strong References 23.207ms
[2026-04-03T01:47:06.663+0600][21.012s][info][gc,phases   ] GC(5) Concurrent Reset Relocation Set 0.010ms
[2026-04-03T01:47:06.668+0600][21.017s][info][gc,phases   ] GC(5) Concurrent Select Relocation Set 5.477ms
[2026-04-03T01:47:06.669+0600][21.018s][info][gc,phases   ] GC(5) Pause Relocate Start 0.022ms
[2026-04-03T01:47:06.675+0600][21.024s][info][gc,phases   ] GC(5) Concurrent Relocate 5.904ms
[2026-04-03T01:47:06.675+0600][21.024s][info][gc,load     ] GC(5) Load: 5.28/6.55/7.26
[2026-04-03T01:47:06.675+0600][21.024s][info][gc,mmu      ] GC(5) MMU: 2ms/97.9%, 5ms/99.2%, 10ms/99.6%, 20ms/99.7%, 50ms/99.9%, 100ms/99.9%
[2026-04-03T01:47:06.675+0600][21.024s][info][gc,marking  ] GC(5) Mark: 2 stripe(s), 2 proactive flush(es), 1 terminate flush(es), 0 completion(s), 0 continuation(s) 
[2026-04-03T01:47:06.675+0600][21.024s][info][gc,marking  ] GC(5) Mark Stack Usage: 32M
[2026-04-03T01:47:06.675+0600][21.024s][info][gc,nmethod  ] GC(5) NMethods: 4201 registered, 558 unregistered
[2026-04-03T01:47:06.675+0600][21.024s][info][gc,metaspace] GC(5) Metaspace: 65M used, 66M committed, 1088M reserved
[2026-04-03T01:47:06.675+0600][21.024s][info][gc,ref      ] GC(5) Soft: 4765 encountered, 0 discovered, 0 enqueued
[2026-04-03T01:47:06.675+0600][21.024s][info][gc,ref      ] GC(5) Weak: 5883 encountered, 1349 discovered, 755 enqueued
[2026-04-03T01:47:06.675+0600][21.024s][info][gc,ref      ] GC(5) Final: 82 encountered, 0 discovered, 0 enqueued
[2026-04-03T01:47:06.675+0600][21.024s][info][gc,ref      ] GC(5) Phantom: 605 encountered, 588 discovered, 1 enqueued
[2026-04-03T01:47:06.675+0600][21.024s][info][gc,reloc    ] GC(5) Small Pages: 332 / 664M, Empty: 460M, Relocated: 6M, In-Place: 0
[2026-04-03T01:47:06.675+0600][21.024s][info][gc,reloc    ] GC(5) Medium Pages: 2 / 64M, Empty: 32M, Relocated: 0M, In-Place: 0
[2026-04-03T01:47:06.675+0600][21.024s][info][gc,reloc    ] GC(5) Large Pages: 1 / 6M, Empty: 6M, Relocated: 0M, In-Place: 0
[2026-04-03T01:47:06.675+0600][21.024s][info][gc,reloc    ] GC(5) Forwarding Usage: 1M
[2026-04-03T01:47:06.675+0600][21.024s][info][gc,heap     ] GC(5) Min Capacity: 8M(0%)
[2026-04-03T01:47:06.675+0600][21.024s][info][gc,heap     ] GC(5) Max Capacity: 3922M(100%)
[2026-04-03T01:47:06.675+0600][21.024s][info][gc,heap     ] GC(5) Soft Max Capacity: 3922M(100%)
[2026-04-03T01:47:06.675+0600][21.024s][info][gc,heap     ] GC(5)                Mark Start          Mark End        Relocate Start      Relocate End           High               Low         
[2026-04-03T01:47:06.675+0600][21.024s][info][gc,heap     ] GC(5)  Capacity:      980M (25%)         980M (25%)         980M (25%)         980M (25%)         980M (25%)         980M (25%)    
[2026-04-03T01:47:06.675+0600][21.024s][info][gc,heap     ] GC(5)      Free:     3188M (81%)        3128M (80%)        3592M (92%)        3750M (96%)        3750M (96%)        3102M (79%)    
[2026-04-03T01:47:06.675+0600][21.024s][info][gc,heap     ] GC(5)      Used:      734M (19%)         794M (20%)         330M (8%)          172M (4%)          820M (21%)         172M (4%)     
[2026-04-03T01:47:06.675+0600][21.024s][info][gc,heap     ] GC(5)      Live:         -                38M (1%)           38M (1%)           38M (1%)             -                  -          
[2026-04-03T01:47:06.675+0600][21.024s][info][gc,heap     ] GC(5) Allocated:         -                60M (2%)           94M (2%)           99M (3%)             -                  -          
[2026-04-03T01:47:06.675+0600][21.024s][info][gc,heap     ] GC(5)   Garbage:         -               695M (18%)         197M (5%)           34M (1%)             -                  -          
[2026-04-03T01:47:06.675+0600][21.024s][info][gc,heap     ] GC(5) Reclaimed:         -                  -               498M (13%)         661M (17%)            -                  -          
[2026-04-03T01:47:06.675+0600][21.024s][info][gc          ] GC(5) Garbage Collection (Allocation Rate) 734M(19%)->172M(4%)
[2026-04-03T01:47:06.878+0600][21.227s][info][gc,start    ] GC(6) Garbage Collection (Allocation Rate)
[2026-04-03T01:47:06.878+0600][21.227s][info][gc,task     ] GC(6) Using 3 workers
[2026-04-03T01:47:06.878+0600][21.227s][info][gc,phases   ] GC(6) Pause Mark Start 0.015ms
[2026-04-03T01:47:06.925+0600][21.274s][info][gc,phases   ] GC(6) Concurrent Mark 46.729ms
[2026-04-03T01:47:06.925+0600][21.274s][info][gc,phases   ] GC(6) Pause Mark End 0.030ms
[2026-04-03T01:47:06.925+0600][21.274s][info][gc,phases   ] GC(6) Concurrent Mark Free 0.003ms
[2026-04-03T01:47:06.933+0600][21.282s][info][gc,phases   ] GC(6) Concurrent Process Non-Strong References 7.895ms
[2026-04-03T01:47:06.933+0600][21.282s][info][gc,phases   ] GC(6) Concurrent Reset Relocation Set 0.013ms
[2026-04-03T01:47:06.938+0600][21.287s][info][gc,phases   ] GC(6) Concurrent Select Relocation Set 4.632ms
[2026-04-03T01:47:06.938+0600][21.287s][info][gc,phases   ] GC(6) Pause Relocate Start 0.022ms
[2026-04-03T01:47:06.941+0600][21.290s][info][gc,phases   ] GC(6) Concurrent Relocate 2.502ms
[2026-04-03T01:47:06.941+0600][21.290s][info][gc,load     ] GC(6) Load: 5.28/6.55/7.26
[2026-04-03T01:47:06.941+0600][21.290s][info][gc,mmu      ] GC(6) MMU: 2ms/97.9%, 5ms/99.2%, 10ms/99.6%, 20ms/99.7%, 50ms/99.9%, 100ms/99.9%
[2026-04-03T01:47:06.941+0600][21.290s][info][gc,marking  ] GC(6) Mark: 2 stripe(s), 2 proactive flush(es), 1 terminate flush(es), 0 completion(s), 0 continuation(s) 
[2026-04-03T01:47:06.941+0600][21.290s][info][gc,marking  ] GC(6) Mark Stack Usage: 32M
[2026-04-03T01:47:06.941+0600][21.290s][info][gc,nmethod  ] GC(6) NMethods: 4223 registered, 563 unregistered
[2026-04-03T01:47:06.941+0600][21.290s][info][gc,metaspace] GC(6) Metaspace: 65M used, 66M committed, 1088M reserved
[2026-04-03T01:47:06.941+0600][21.290s][info][gc,ref      ] GC(6) Soft: 4765 encountered, 0 discovered, 0 enqueued
[2026-04-03T01:47:06.941+0600][21.290s][info][gc,ref      ] GC(6) Weak: 5128 encountered, 1938 discovered, 0 enqueued
[2026-04-03T01:47:06.941+0600][21.290s][info][gc,ref      ] GC(6) Final: 82 encountered, 0 discovered, 0 enqueued
[2026-04-03T01:47:06.941+0600][21.290s][info][gc,ref      ] GC(6) Phantom: 604 encountered, 576 discovered, 0 enqueued
[2026-04-03T01:47:06.941+0600][21.290s][info][gc,reloc    ] GC(6) Small Pages: 272 / 544M, Empty: 486M, Relocated: 1M, In-Place: 0
[2026-04-03T01:47:06.941+0600][21.290s][info][gc,reloc    ] GC(6) Medium Pages: 1 / 32M, Empty: 0M, Relocated: 0M, In-Place: 0
[2026-04-03T01:47:06.941+0600][21.290s][info][gc,reloc    ] GC(6) Large Pages: 0 / 0M, Empty: 0M, Relocated: 0M, In-Place: 0
[2026-04-03T01:47:06.941+0600][21.290s][info][gc,reloc    ] GC(6) Forwarding Usage: 0M
[2026-04-03T01:47:06.941+0600][21.290s][info][gc,heap     ] GC(6) Min Capacity: 8M(0%)
[2026-04-03T01:47:06.941+0600][21.290s][info][gc,heap     ] GC(6) Max Capacity: 3922M(100%)
[2026-04-03T01:47:06.941+0600][21.290s][info][gc,heap     ] GC(6) Soft Max Capacity: 3922M(100%)
[2026-04-03T01:47:06.941+0600][21.290s][info][gc,heap     ] GC(6)                Mark Start          Mark End        Relocate Start      Relocate End           High               Low         
[2026-04-03T01:47:06.941+0600][21.290s][info][gc,heap     ] GC(6)  Capacity:      980M (25%)         980M (25%)         980M (25%)         980M (25%)         980M (25%)         980M (25%)    
[2026-04-03T01:47:06.941+0600][21.290s][info][gc,heap     ] GC(6)      Free:     3346M (85%)        3294M (84%)        3768M (96%)        3782M (96%)        3784M (96%)        3288M (84%)    
[2026-04-03T01:47:06.941+0600][21.290s][info][gc,heap     ] GC(6)      Used:      576M (15%)         628M (16%)         154M (4%)          140M (4%)          634M (16%)         138M (4%)     
[2026-04-03T01:47:06.941+0600][21.290s][info][gc,heap     ] GC(6)      Live:         -                38M (1%)           38M (1%)           38M (1%)             -                  -          
[2026-04-03T01:47:06.941+0600][21.290s][info][gc,heap     ] GC(6) Allocated:         -                52M (1%)           64M (2%)           67M (2%)             -                  -          
[2026-04-03T01:47:06.941+0600][21.290s][info][gc,heap     ] GC(6)   Garbage:         -               537M (14%)          51M (1%)           33M (1%)             -                  -          
[2026-04-03T01:47:06.941+0600][21.290s][info][gc,heap     ] GC(6) Reclaimed:         -                  -               486M (12%)         503M (13%)            -                  -          
[2026-04-03T01:47:06.941+0600][21.290s][info][gc          ] GC(6) Garbage Collection (Allocation Rate) 576M(15%)->140M(4%)
[2026-04-03T01:47:07.178+0600][21.527s][info][gc,start    ] GC(7) Garbage Collection (Allocation Rate)
[2026-04-03T01:47:07.178+0600][21.527s][info][gc,task     ] GC(7) Using 3 workers
[2026-04-03T01:47:07.178+0600][21.527s][info][gc,phases   ] GC(7) Pause Mark Start 0.018ms
[2026-04-03T01:47:07.221+0600][21.570s][info][gc,phases   ] GC(7) Concurrent Mark 41.913ms
[2026-04-03T01:47:07.221+0600][21.570s][info][gc,phases   ] GC(7) Pause Mark End 0.067ms
[2026-04-03T01:47:07.221+0600][21.570s][info][gc,phases   ] GC(7) Concurrent Mark Free 0.002ms
[2026-04-03T01:47:07.229+0600][21.578s][info][gc,phases   ] GC(7) Concurrent Process Non-Strong References 8.303ms
[2026-04-03T01:47:07.230+0600][21.579s][info][gc,phases   ] GC(7) Concurrent Reset Relocation Set 0.004ms
[2026-04-03T01:47:07.235+0600][21.584s][info][gc,phases   ] GC(7) Concurrent Select Relocation Set 4.963ms
[2026-04-03T01:47:07.235+0600][21.584s][info][gc,phases   ] GC(7) Pause Relocate Start 0.024ms
[2026-04-03T01:47:07.237+0600][21.587s][info][gc,phases   ] GC(7) Concurrent Relocate 2.407ms
[2026-04-03T01:47:07.238+0600][21.587s][info][gc,load     ] GC(7) Load: 5.28/6.55/7.26
[2026-04-03T01:47:07.238+0600][21.587s][info][gc,mmu      ] GC(7) MMU: 2ms/96.7%, 5ms/98.7%, 10ms/99.3%, 20ms/99.5%, 50ms/99.8%, 100ms/99.9%
[2026-04-03T01:47:07.238+0600][21.587s][info][gc,marking  ] GC(7) Mark: 2 stripe(s), 2 proactive flush(es), 1 terminate flush(es), 0 completion(s), 0 continuation(s) 
[2026-04-03T01:47:07.238+0600][21.587s][info][gc,marking  ] GC(7) Mark Stack Usage: 32M
[2026-04-03T01:47:07.238+0600][21.587s][info][gc,nmethod  ] GC(7) NMethods: 4235 registered, 567 unregistered
[2026-04-03T01:47:07.238+0600][21.587s][info][gc,metaspace] GC(7) Metaspace: 65M used, 66M committed, 1088M reserved
[2026-04-03T01:47:07.238+0600][21.587s][info][gc,ref      ] GC(7) Soft: 4765 encountered, 0 discovered, 0 enqueued
[2026-04-03T01:47:07.238+0600][21.587s][info][gc,ref      ] GC(7) Weak: 5128 encountered, 1980 discovered, 0 enqueued
[2026-04-03T01:47:07.238+0600][21.587s][info][gc,ref      ] GC(7) Final: 82 encountered, 0 discovered, 0 enqueued
[2026-04-03T01:47:07.238+0600][21.587s][info][gc,ref      ] GC(7) Phantom: 604 encountered, 585 discovered, 0 enqueued
[2026-04-03T01:47:07.238+0600][21.587s][info][gc,reloc    ] GC(7) Small Pages: 285 / 570M, Empty: 504M, Relocated: 1M, In-Place: 0
[2026-04-03T01:47:07.238+0600][21.587s][info][gc,reloc    ] GC(7) Medium Pages: 1 / 32M, Empty: 0M, Relocated: 0M, In-Place: 0
[2026-04-03T01:47:07.238+0600][21.587s][info][gc,reloc    ] GC(7) Large Pages: 0 / 0M, Empty: 0M, Relocated: 0M, In-Place: 0
[2026-04-03T01:47:07.238+0600][21.587s][info][gc,reloc    ] GC(7) Forwarding Usage: 0M
[2026-04-03T01:47:07.238+0600][21.587s][info][gc,heap     ] GC(7) Min Capacity: 8M(0%)
[2026-04-03T01:47:07.238+0600][21.587s][info][gc,heap     ] GC(7) Max Capacity: 3922M(100%)
[2026-04-03T01:47:07.238+0600][21.587s][info][gc,heap     ] GC(7) Soft Max Capacity: 3922M(100%)
[2026-04-03T01:47:07.238+0600][21.587s][info][gc,heap     ] GC(7)                Mark Start          Mark End        Relocate Start      Relocate End           High               Low         
[2026-04-03T01:47:07.238+0600][21.587s][info][gc,heap     ] GC(7)  Capacity:      980M (25%)         980M (25%)         980M (25%)         980M (25%)         980M (25%)         980M (25%)    
[2026-04-03T01:47:07.238+0600][21.587s][info][gc,heap     ] GC(7)      Free:     3320M (85%)        3268M (83%)        3756M (96%)        3780M (96%)        3780M (96%)        3258M (83%)    
[2026-04-03T01:47:07.238+0600][21.587s][info][gc,heap     ] GC(7)      Used:      602M (15%)         654M (17%)         166M (4%)          142M (4%)          664M (17%)         142M (4%)     
[2026-04-03T01:47:07.238+0600][21.587s][info][gc,heap     ] GC(7)      Live:         -                38M (1%)           38M (1%)           38M (1%)             -                  -          
[2026-04-03T01:47:07.238+0600][21.587s][info][gc,heap     ] GC(7) Allocated:         -                52M (1%)           68M (2%)           69M (2%)             -                  -          
[2026-04-03T01:47:07.238+0600][21.587s][info][gc,heap     ] GC(7)   Garbage:         -               563M (14%)          59M (2%)           33M (1%)             -                  -          
[2026-04-03T01:47:07.238+0600][21.587s][info][gc,heap     ] GC(7) Reclaimed:         -                  -               504M (13%)         529M (14%)            -                  -          
[2026-04-03T01:47:07.238+0600][21.587s][info][gc          ] GC(7) Garbage Collection (Allocation Rate) 602M(15%)->142M(4%)
[2026-04-03T01:47:08.077+0600][22.426s][info][gc,start    ] GC(8) Garbage Collection (Warmup)
[2026-04-03T01:47:08.077+0600][22.427s][info][gc,task     ] GC(8) Using 3 workers
[2026-04-03T01:47:08.078+0600][22.427s][info][gc,phases   ] GC(8) Pause Mark Start 0.019ms
[2026-04-03T01:47:08.125+0600][22.474s][info][gc,phases   ] GC(8) Concurrent Mark 46.904ms
[2026-04-03T01:47:08.125+0600][22.474s][info][gc,phases   ] GC(8) Pause Mark End 0.035ms
[2026-04-03T01:47:08.125+0600][22.475s][info][gc,phases   ] GC(8) Concurrent Mark Free 0.003ms
[2026-04-03T01:47:08.137+0600][22.486s][info][gc,phases   ] GC(8) Concurrent Process Non-Strong References 11.911ms
[2026-04-03T01:47:08.138+0600][22.487s][info][gc,phases   ] GC(8) Concurrent Reset Relocation Set 0.004ms
[2026-04-03T01:47:08.143+0600][22.492s][info][gc,phases   ] GC(8) Concurrent Select Relocation Set 5.794ms
[2026-04-03T01:47:08.144+0600][22.493s][info][gc,phases   ] GC(8) Pause Relocate Start 0.032ms
[2026-04-03T01:47:08.147+0600][22.496s][info][gc,phases   ] GC(8) Concurrent Relocate 3.575ms
[2026-04-03T01:47:08.148+0600][22.497s][info][gc,load     ] GC(8) Load: 5.28/6.55/7.26
[2026-04-03T01:47:08.148+0600][22.497s][info][gc,mmu      ] GC(8) MMU: 2ms/96.7%, 5ms/98.7%, 10ms/99.3%, 20ms/99.5%, 50ms/99.8%, 100ms/99.9%
[2026-04-03T01:47:08.148+0600][22.497s][info][gc,marking  ] GC(8) Mark: 2 stripe(s), 2 proactive flush(es), 1 terminate flush(es), 0 completion(s), 0 continuation(s) 
[2026-04-03T01:47:08.148+0600][22.497s][info][gc,marking  ] GC(8) Mark Stack Usage: 32M
[2026-04-03T01:47:08.148+0600][22.497s][info][gc,nmethod  ] GC(8) NMethods: 4245 registered, 577 unregistered
[2026-04-03T01:47:08.148+0600][22.497s][info][gc,metaspace] GC(8) Metaspace: 65M used, 66M committed, 1088M reserved
[2026-04-03T01:47:08.148+0600][22.497s][info][gc,ref      ] GC(8) Soft: 4765 encountered, 0 discovered, 0 enqueued
[2026-04-03T01:47:08.148+0600][22.497s][info][gc,ref      ] GC(8) Weak: 5128 encountered, 610 discovered, 0 enqueued
[2026-04-03T01:47:08.148+0600][22.497s][info][gc,ref      ] GC(8) Final: 82 encountered, 0 discovered, 0 enqueued
[2026-04-03T01:47:08.148+0600][22.497s][info][gc,ref      ] GC(8) Phantom: 604 encountered, 578 discovered, 0 enqueued
[2026-04-03T01:47:08.148+0600][22.497s][info][gc,reloc    ] GC(8) Small Pages: 603 / 1206M, Empty: 1144M, Relocated: 1M, In-Place: 0
[2026-04-03T01:47:08.148+0600][22.497s][info][gc,reloc    ] GC(8) Medium Pages: 1 / 32M, Empty: 0M, Relocated: 0M, In-Place: 0
[2026-04-03T01:47:08.148+0600][22.497s][info][gc,reloc    ] GC(8) Large Pages: 0 / 0M, Empty: 0M, Relocated: 0M, In-Place: 0
[2026-04-03T01:47:08.148+0600][22.497s][info][gc,reloc    ] GC(8) Forwarding Usage: 0M
[2026-04-03T01:47:08.148+0600][22.497s][info][gc,heap     ] GC(8) Min Capacity: 8M(0%)
[2026-04-03T01:47:08.148+0600][22.497s][info][gc,heap     ] GC(8) Max Capacity: 3922M(100%)
[2026-04-03T01:47:08.148+0600][22.497s][info][gc,heap     ] GC(8) Soft Max Capacity: 3922M(100%)
[2026-04-03T01:47:08.148+0600][22.497s][info][gc,heap     ] GC(8)                Mark Start          Mark End        Relocate Start      Relocate End           High               Low         
[2026-04-03T01:47:08.148+0600][22.497s][info][gc,heap     ] GC(8)  Capacity:     1238M (32%)        1266M (32%)        1272M (32%)        1272M (32%)        1272M (32%)        1238M (32%)    
[2026-04-03T01:47:08.148+0600][22.497s][info][gc,heap     ] GC(8)      Free:     2684M (68%)        2656M (68%)        3792M (97%)        3808M (97%)        3808M (97%)        2650M (68%)    
[2026-04-03T01:47:08.148+0600][22.497s][info][gc,heap     ] GC(8)      Used:     1238M (32%)        1266M (32%)         130M (3%)          114M (3%)         1272M (32%)         114M (3%)     
[2026-04-03T01:47:08.148+0600][22.497s][info][gc,heap     ] GC(8)      Live:         -                38M (1%)           38M (1%)           38M (1%)             -                  -          
[2026-04-03T01:47:08.148+0600][22.497s][info][gc,heap     ] GC(8) Allocated:         -                28M (1%)           36M (1%)           41M (1%)             -                  -          
[2026-04-03T01:47:08.148+0600][22.497s][info][gc,heap     ] GC(8)   Garbage:         -              1199M (31%)          55M (1%)           33M (1%)             -                  -          
[2026-04-03T01:47:08.148+0600][22.497s][info][gc,heap     ] GC(8) Reclaimed:         -                  -              1144M (29%)        1165M (30%)            -                  -          
[2026-04-03T01:47:08.148+0600][22.497s][info][gc          ] GC(8) Garbage Collection (Warmup) 1238M(32%)->114M(3%)
[2026-04-03T01:47:09.677+0600][24.026s][info][gc,start    ] GC(9) Garbage Collection (Allocation Rate)
[2026-04-03T01:47:09.677+0600][24.026s][info][gc,task     ] GC(9) Using 1 workers
[2026-04-03T01:47:09.678+0600][24.027s][info][gc,phases   ] GC(9) Pause Mark Start 0.018ms
[2026-04-03T01:47:09.759+0600][24.108s][info][gc,phases   ] GC(9) Concurrent Mark 81.401ms
[2026-04-03T01:47:09.761+0600][24.110s][info][gc,phases   ] GC(9) Pause Mark End 0.030ms
[2026-04-03T01:47:09.761+0600][24.110s][info][gc,phases   ] GC(9) Concurrent Mark Free 0.003ms
[2026-04-03T01:47:09.778+0600][24.127s][info][gc,phases   ] GC(9) Concurrent Process Non-Strong References 16.738ms
[2026-04-03T01:47:09.778+0600][24.127s][info][gc,phases   ] GC(9) Concurrent Reset Relocation Set 0.003ms
[2026-04-03T01:47:09.782+0600][24.131s][info][gc,phases   ] GC(9) Concurrent Select Relocation Set 4.368ms
[2026-04-03T01:47:09.782+0600][24.131s][info][gc,phases   ] GC(9) Pause Relocate Start 0.021ms
[2026-04-03T01:47:09.785+0600][24.134s][info][gc,phases   ] GC(9) Concurrent Relocate 2.643ms
[2026-04-03T01:47:09.785+0600][24.134s][info][gc,load     ] GC(9) Load: 5.42/6.56/7.26
[2026-04-03T01:47:09.785+0600][24.134s][info][gc,mmu      ] GC(9) MMU: 2ms/96.7%, 5ms/98.7%, 10ms/99.3%, 20ms/99.5%, 50ms/99.8%, 100ms/99.9%
[2026-04-03T01:47:09.785+0600][24.134s][info][gc,marking  ] GC(9) Mark: 1 stripe(s), 2 proactive flush(es), 1 terminate flush(es), 0 completion(s), 0 continuation(s) 
[2026-04-03T01:47:09.785+0600][24.134s][info][gc,marking  ] GC(9) Mark Stack Usage: 32M
[2026-04-03T01:47:09.785+0600][24.134s][info][gc,nmethod  ] GC(9) NMethods: 4255 registered, 586 unregistered
[2026-04-03T01:47:09.785+0600][24.134s][info][gc,metaspace] GC(9) Metaspace: 65M used, 66M committed, 1088M reserved
[2026-04-03T01:47:09.785+0600][24.134s][info][gc,ref      ] GC(9) Soft: 4765 encountered, 0 discovered, 0 enqueued
[2026-04-03T01:47:09.785+0600][24.134s][info][gc,ref      ] GC(9) Weak: 5128 encountered, 877 discovered, 0 enqueued
[2026-04-03T01:47:09.785+0600][24.134s][info][gc,ref      ] GC(9) Final: 82 encountered, 0 discovered, 0 enqueued
[2026-04-03T01:47:09.785+0600][24.134s][info][gc,ref      ] GC(9) Phantom: 604 encountered, 282 discovered, 0 enqueued
[2026-04-03T01:47:09.785+0600][24.134s][info][gc,reloc    ] GC(9) Small Pages: 1119 / 2238M, Empty: 2178M, Relocated: 1M, In-Place: 0
[2026-04-03T01:47:09.785+0600][24.134s][info][gc,reloc    ] GC(9) Medium Pages: 1 / 32M, Empty: 0M, Relocated: 0M, In-Place: 0
[2026-04-03T01:47:09.785+0600][24.134s][info][gc,reloc    ] GC(9) Large Pages: 0 / 0M, Empty: 0M, Relocated: 0M, In-Place: 0
[2026-04-03T01:47:09.785+0600][24.134s][info][gc,reloc    ] GC(9) Forwarding Usage: 0M
[2026-04-03T01:47:09.785+0600][24.134s][info][gc,heap     ] GC(9) Min Capacity: 8M(0%)
[2026-04-03T01:47:09.785+0600][24.134s][info][gc,heap     ] GC(9) Max Capacity: 3922M(100%)
[2026-04-03T01:47:09.785+0600][24.134s][info][gc,heap     ] GC(9) Soft Max Capacity: 3922M(100%)
[2026-04-03T01:47:09.785+0600][24.134s][info][gc,heap     ] GC(9)                Mark Start          Mark End        Relocate Start      Relocate End           High               Low         
[2026-04-03T01:47:09.785+0600][24.134s][info][gc,heap     ] GC(9)  Capacity:     2270M (58%)        2342M (60%)        2356M (60%)        2356M (60%)        2356M (60%)        2270M (58%)    
[2026-04-03T01:47:09.785+0600][24.134s][info][gc,heap     ] GC(9)      Free:     1652M (42%)        1580M (40%)        3742M (95%)        3760M (96%)        3764M (96%)        1566M (40%)    
[2026-04-03T01:47:09.785+0600][24.134s][info][gc,heap     ] GC(9)      Used:     2270M (58%)        2342M (60%)         180M (5%)          162M (4%)         2356M (60%)         158M (4%)     
[2026-04-03T01:47:09.785+0600][24.134s][info][gc,heap     ] GC(9)      Live:         -                38M (1%)           38M (1%)           38M (1%)             -                  -          
[2026-04-03T01:47:09.785+0600][24.134s][info][gc,heap     ] GC(9) Allocated:         -                72M (2%)           88M (2%)           93M (2%)             -                  -          
[2026-04-03T01:47:09.785+0600][24.134s][info][gc,heap     ] GC(9)   Garbage:         -              2231M (57%)          53M (1%)           29M (1%)             -                  -          
[2026-04-03T01:47:09.785+0600][24.135s][info][gc,heap     ] GC(9) Reclaimed:         -                  -              2178M (56%)        2201M (56%)            -                  -          
[2026-04-03T01:47:09.785+0600][24.135s][info][gc          ] GC(9) Garbage Collection (Allocation Rate) 2270M(58%)->162M(4%)
[2026-04-03T01:47:09.877+0600][24.226s][info][gc,start    ] GC(10) Garbage Collection (Allocation Rate)
[2026-04-03T01:47:09.877+0600][24.226s][info][gc,task     ] GC(10) Using 2 workers
[2026-04-03T01:47:09.878+0600][24.227s][info][gc,phases   ] GC(10) Pause Mark Start 0.014ms
[2026-04-03T01:47:09.926+0600][24.275s][info][gc,phases   ] GC(10) Concurrent Mark 47.774ms
[2026-04-03T01:47:09.926+0600][24.275s][info][gc,phases   ] GC(10) Pause Mark End 0.029ms
[2026-04-03T01:47:09.926+0600][24.275s][info][gc,phases   ] GC(10) Concurrent Mark Free 0.003ms
[2026-04-03T01:47:09.936+0600][24.285s][info][gc,phases   ] GC(10) Concurrent Process Non-Strong References 9.877ms
[2026-04-03T01:47:09.936+0600][24.285s][info][gc,phases   ] GC(10) Concurrent Reset Relocation Set 0.004ms
[2026-04-03T01:47:09.939+0600][24.288s][info][gc,phases   ] GC(10) Concurrent Select Relocation Set 3.348ms
[2026-04-03T01:47:09.940+0600][24.289s][info][gc,phases   ] GC(10) Pause Relocate Start 0.015ms
[2026-04-03T01:47:09.945+0600][24.294s][info][gc,phases   ] GC(10) Concurrent Relocate 5.116ms
[2026-04-03T01:47:09.945+0600][24.294s][info][gc,load     ] GC(10) Load: 5.42/6.56/7.26
[2026-04-03T01:47:09.945+0600][24.294s][info][gc,mmu      ] GC(10) MMU: 2ms/96.7%, 5ms/98.7%, 10ms/99.3%, 20ms/99.5%, 50ms/99.8%, 100ms/99.9%
[2026-04-03T01:47:09.945+0600][24.294s][info][gc,marking  ] GC(10) Mark: 2 stripe(s), 3 proactive flush(es), 1 terminate flush(es), 0 completion(s), 0 continuation(s) 
[2026-04-03T01:47:09.945+0600][24.294s][info][gc,marking  ] GC(10) Mark Stack Usage: 32M
[2026-04-03T01:47:09.945+0600][24.294s][info][gc,nmethod  ] GC(10) NMethods: 4253 registered, 588 unregistered
[2026-04-03T01:47:09.945+0600][24.294s][info][gc,metaspace] GC(10) Metaspace: 65M used, 66M committed, 1088M reserved
[2026-04-03T01:47:09.945+0600][24.294s][info][gc,ref      ] GC(10) Soft: 4765 encountered, 0 discovered, 0 enqueued
[2026-04-03T01:47:09.945+0600][24.294s][info][gc,ref      ] GC(10) Weak: 5128 encountered, 972 discovered, 0 enqueued
[2026-04-03T01:47:09.945+0600][24.294s][info][gc,ref      ] GC(10) Final: 82 encountered, 0 discovered, 0 enqueued
[2026-04-03T01:47:09.945+0600][24.294s][info][gc,ref      ] GC(10) Phantom: 604 encountered, 577 discovered, 0 enqueued
[2026-04-03T01:47:09.945+0600][24.294s][info][gc,reloc    ] GC(10) Small Pages: 167 / 334M, Empty: 280M, Relocated: 1M, In-Place: 0
[2026-04-03T01:47:09.945+0600][24.294s][info][gc,reloc    ] GC(10) Medium Pages: 1 / 32M, Empty: 0M, Relocated: 0M, In-Place: 0
[2026-04-03T01:47:09.945+0600][24.294s][info][gc,reloc    ] GC(10) Large Pages: 0 / 0M, Empty: 0M, Relocated: 0M, In-Place: 0
[2026-04-03T01:47:09.945+0600][24.294s][info][gc,reloc    ] GC(10) Forwarding Usage: 0M
[2026-04-03T01:47:09.945+0600][24.294s][info][gc,heap     ] GC(10) Min Capacity: 8M(0%)
[2026-04-03T01:47:09.945+0600][24.294s][info][gc,heap     ] GC(10) Max Capacity: 3922M(100%)
[2026-04-03T01:47:09.945+0600][24.294s][info][gc,heap     ] GC(10) Soft Max Capacity: 3922M(100%)
[2026-04-03T01:47:09.945+0600][24.294s][info][gc,heap     ] GC(10)                Mark Start          Mark End        Relocate Start      Relocate End           High               Low         
[2026-04-03T01:47:09.945+0600][24.294s][info][gc,heap     ] GC(10)  Capacity:     2356M (60%)        2356M (60%)        2356M (60%)        2356M (60%)        2356M (60%)        2356M (60%)    
[2026-04-03T01:47:09.945+0600][24.294s][info][gc,heap     ] GC(10)      Free:     3556M (91%)        3496M (89%)        3758M (96%)        3772M (96%)        3772M (96%)        3484M (89%)    
[2026-04-03T01:47:09.945+0600][24.294s][info][gc,heap     ] GC(10)      Used:      366M (9%)          426M (11%)         164M (4%)          150M (4%)          438M (11%)         150M (4%)     
[2026-04-03T01:47:09.945+0600][24.294s][info][gc,heap     ] GC(10)      Live:         -                38M (1%)           38M (1%)           38M (1%)             -                  -          
[2026-04-03T01:47:09.945+0600][24.294s][info][gc,heap     ] GC(10) Allocated:         -                60M (2%)           78M (2%)           79M (2%)             -                  -          
[2026-04-03T01:47:09.945+0600][24.294s][info][gc,heap     ] GC(10)   Garbage:         -               327M (8%)           47M (1%)           31M (1%)             -                  -          
[2026-04-03T01:47:09.945+0600][24.294s][info][gc,heap     ] GC(10) Reclaimed:         -                  -               280M (7%)          295M (8%)             -                  -          
[2026-04-03T01:47:09.945+0600][24.295s][info][gc          ] GC(10) Garbage Collection (Allocation Rate) 366M(9%)->150M(4%)
[2026-04-03T01:47:14.677+0600][29.026s][info][gc,start    ] GC(11) Garbage Collection (Allocation Rate)
[2026-04-03T01:47:14.677+0600][29.026s][info][gc,task     ] GC(11) Using 1 workers
[2026-04-03T01:47:14.678+0600][29.027s][info][gc,phases   ] GC(11) Pause Mark Start 0.022ms
[2026-04-03T01:47:15.777+0600][30.126s][info][gc,stats    ] === Garbage Collection Statistics =======================================================================================================================
[2026-04-03T01:47:15.777+0600][30.126s][info][gc,stats    ]                                                              Last 10s              Last 10m              Last 10h                Total
[2026-04-03T01:47:15.777+0600][30.126s][info][gc,stats    ]                                                              Avg / Max             Avg / Max             Avg / Max             Avg / Max
[2026-04-03T01:47:15.777+0600][30.126s][info][gc,stats    ]   Collector: Garbage Collection Cycle                     77.726 / 107.893     166.392 / 1178.949    166.392 / 1178.949    166.392 / 1178.949    ms
[2026-04-03T01:47:15.777+0600][30.126s][info][gc,stats    ]  Contention: Mark Segment Reset Contention                     0 / 1                 0 / 1                 0 / 1                 0 / 1           ops/s
[2026-04-03T01:47:15.777+0600][30.126s][info][gc,stats    ]  Contention: Mark SeqNum Reset Contention                      0 / 1                 0 / 1                 0 / 1                 0 / 1           ops/s
[2026-04-03T01:47:15.777+0600][30.126s][info][gc,stats    ]    Critical: Allocation Stall                                  0 / 0                 0 / 0                 0 / 0                 0 / 0           ops/s
[2026-04-03T01:47:15.777+0600][30.126s][info][gc,stats    ]    Critical: Allocation Stall                              0.000 / 0.000         0.000 / 0.000         0.000 / 0.000         0.000 / 0.000       ms
[2026-04-03T01:47:15.777+0600][30.126s][info][gc,stats    ]    Critical: GC Locker Stall                                   0 / 0                 0 / 1                 0 / 1                 0 / 1           ops/s
[2026-04-03T01:47:15.777+0600][30.126s][info][gc,stats    ]    Critical: GC Locker Stall                               0.000 / 0.000         0.002 / 0.002         0.002 / 0.002         0.002 / 0.002       ms
[2026-04-03T01:47:15.777+0600][30.126s][info][gc,stats    ]    Critical: Relocation Stall                                  0 / 0                 0 / 0                 0 / 0                 0 / 0           ops/s
[2026-04-03T01:47:15.777+0600][30.126s][info][gc,stats    ]    Critical: Relocation Stall                              0.000 / 0.000         0.000 / 0.000         0.000 / 0.000         0.000 / 0.000       ms
[2026-04-03T01:47:15.777+0600][30.126s][info][gc,stats    ]      Memory: Allocation Rate                                 904 / 1688            366 / 1688            366 / 1688            366 / 1688        MB/s
[2026-04-03T01:47:15.777+0600][30.126s][info][gc,stats    ]      Memory: Defragment                                        3 / 31                1 / 31                1 / 31                1 / 31          ops/s
[2026-04-03T01:47:15.777+0600][30.126s][info][gc,stats    ]      Memory: Out Of Memory                                     0 / 0                 0 / 0                 0 / 0                 0 / 0           ops/s
[2026-04-03T01:47:15.777+0600][30.126s][info][gc,stats    ]      Memory: Page Cache Flush                                  6 / 62                3 / 62                3 / 62                3 / 62          MB/s
[2026-04-03T01:47:15.777+0600][30.126s][info][gc,stats    ]      Memory: Page Cache Hit L1                               304 / 801             116 / 801             116 / 801             116 / 801         ops/s
[2026-04-03T01:47:15.777+0600][30.126s][info][gc,stats    ]      Memory: Page Cache Hit L2                                 0 / 0                 0 / 0                 0 / 0                 0 / 0           ops/s
[2026-04-03T01:47:15.777+0600][30.126s][info][gc,stats    ]      Memory: Page Cache Hit L3                                 2 / 28                5 / 107               5 / 107               5 / 107         ops/s
[2026-04-03T01:47:15.777+0600][30.126s][info][gc,stats    ]      Memory: Page Cache Miss                                 136 / 480              55 / 480              55 / 480              55 / 480         ops/s
[2026-04-03T01:47:15.777+0600][30.126s][info][gc,stats    ]      Memory: Uncommit                                          0 / 0                 0 / 0                 0 / 0                 0 / 0           MB/s
[2026-04-03T01:47:15.777+0600][30.126s][info][gc,stats    ]      Memory: Undo Object Allocation Failed                     0 / 0                 0 / 0                 0 / 0                 0 / 0           ops/s
[2026-04-03T01:47:15.777+0600][30.126s][info][gc,stats    ]      Memory: Undo Object Allocation Succeeded                  0 / 2                 0 / 2                 0 / 2                 0 / 2           ops/s
[2026-04-03T01:47:15.777+0600][30.126s][info][gc,stats    ]      Memory: Undo Page Allocation                              0 / 0                 0 / 0                 0 / 0                 0 / 0           ops/s
[2026-04-03T01:47:15.777+0600][30.126s][info][gc,stats    ]       Phase: Concurrent Mark                              54.189 / 81.401      141.953 / 1141.902    141.953 / 1141.902    141.953 / 1141.902    ms
[2026-04-03T01:47:15.777+0600][30.126s][info][gc,stats    ]       Phase: Concurrent Mark Continue                      0.000 / 0.000         0.000 / 0.000         0.000 / 0.000         0.000 / 0.000       ms
[2026-04-03T01:47:15.777+0600][30.126s][info][gc,stats    ]       Phase: Concurrent Mark Free                          0.003 / 0.004         0.003 / 0.004         0.003 / 0.004         0.003 / 0.004       ms
[2026-04-03T01:47:15.777+0600][30.126s][info][gc,stats    ]       Phase: Concurrent Process Non-Strong References     12.988 / 23.207        9.281 / 23.207        9.281 / 23.207        9.281 / 23.207      ms
[2026-04-03T01:47:15.777+0600][30.126s][info][gc,stats    ]       Phase: Concurrent Relocate                           3.691 / 5.904         7.993 / 25.900        7.993 / 25.900        7.993 / 25.900      ms
[2026-04-03T01:47:15.777+0600][30.126s][info][gc,stats    ]       Phase: Concurrent Reset Relocation Set               0.006 / 0.013         0.008 / 0.013         0.008 / 0.013         0.008 / 0.013       ms
[2026-04-03T01:47:15.777+0600][30.126s][info][gc,stats    ]       Phase: Concurrent Select Relocation Set              4.764 / 5.794         5.167 / 12.329        5.167 / 12.329        5.167 / 12.329      ms
[2026-04-03T01:47:15.777+0600][30.126s][info][gc,stats    ]       Phase: Pause Mark End                                0.039 / 0.067         0.033 / 0.067         0.033 / 0.067         0.033 / 0.067       ms
[2026-04-03T01:47:15.777+0600][30.126s][info][gc,stats    ]       Phase: Pause Mark Start                              0.018 / 0.022         0.018 / 0.030         0.018 / 0.030         0.018 / 0.030       ms
[2026-04-03T01:47:15.777+0600][30.126s][info][gc,stats    ]       Phase: Pause Relocate Start                          0.023 / 0.032         0.021 / 0.032         0.021 / 0.032         0.021 / 0.032       ms
[2026-04-03T01:47:15.777+0600][30.126s][info][gc,stats    ]    Subphase: Concurrent Classes Purge                      0.238 / 0.988         0.296 / 0.988         0.296 / 0.988         0.296 / 0.988       ms
[2026-04-03T01:47:15.777+0600][30.126s][info][gc,stats    ]    Subphase: Concurrent Classes Unlink                     9.954 / 20.101        6.781 / 20.101        6.781 / 20.101        6.781 / 20.101      ms
[2026-04-03T01:47:15.777+0600][30.126s][info][gc,stats    ]    Subphase: Concurrent Mark                              48.551 / 79.088      146.890 / 1140.335    146.890 / 1140.335    146.890 / 1140.335    ms
[2026-04-03T01:47:15.777+0600][30.126s][info][gc,stats    ]    Subphase: Concurrent Mark Try Flush                     0.311 / 2.214         0.276 / 2.214         0.276 / 2.214         0.276 / 2.214       ms
[2026-04-03T01:47:15.777+0600][30.126s][info][gc,stats    ]    Subphase: Concurrent Mark Try Terminate                 0.753 / 1.239         1.085 / 4.226         1.085 / 4.226         1.085 / 4.226       ms
[2026-04-03T01:47:15.777+0600][30.126s][info][gc,stats    ]    Subphase: Concurrent References Enqueue                 0.003 / 0.016         0.005 / 0.016         0.005 / 0.016         0.005 / 0.016       ms
[2026-04-03T01:47:15.777+0600][30.126s][info][gc,stats    ]    Subphase: Concurrent References Process                 0.419 / 0.599         0.407 / 0.599         0.407 / 0.599         0.407 / 0.599       ms
[2026-04-03T01:47:15.777+0600][30.126s][info][gc,stats    ]    Subphase: Concurrent Roots ClassLoaderDataGraph         0.405 / 1.153         0.333 / 1.153         0.333 / 1.153         0.333 / 1.153       ms
[2026-04-03T01:47:15.777+0600][30.126s][info][gc,stats    ]    Subphase: Concurrent Roots CodeCache                    0.000 / 0.000         0.000 / 0.000         0.000 / 0.000         0.000 / 0.000       ms
[2026-04-03T01:47:15.777+0600][30.126s][info][gc,stats    ]    Subphase: Concurrent Roots JavaThreads                  1.046 / 2.718         0.975 / 2.718         0.975 / 2.718         0.975 / 2.718       ms
[2026-04-03T01:47:15.777+0600][30.126s][info][gc,stats    ]    Subphase: Concurrent Roots OopStorageSet                0.087 / 0.181         0.080 / 0.181         0.080 / 0.181         0.080 / 0.181       ms
[2026-04-03T01:47:15.777+0600][30.126s][info][gc,stats    ]    Subphase: Concurrent Weak Roots OopStorageSet           1.311 / 2.514         0.986 / 2.514         0.986 / 2.514         0.986 / 2.514       ms
[2026-04-03T01:47:15.777+0600][30.126s][info][gc,stats    ]    Subphase: Pause Mark Try Complete                       0.000 / 0.000         0.000 / 0.000         0.000 / 0.000         0.000 / 0.000       ms
[2026-04-03T01:47:15.777+0600][30.126s][info][gc,stats    ]      System: Java Threads                                     63 / 69               50 / 69               50 / 69               50 / 69          threads
[2026-04-03T01:47:15.777+0600][30.126s][info][gc,stats    ] =========================================================================================================================================================
[2026-04-03T01:47:16.410+0600][30.759s][info][gc,phases   ] GC(11) Concurrent Mark 1732.590ms
[2026-04-03T01:47:16.411+0600][30.760s][info][gc,phases   ] GC(11) Pause Mark End 0.018ms
[2026-04-03T01:47:16.411+0600][30.760s][info][gc,phases   ] GC(11) Concurrent Mark Free 0.001ms
[2026-04-03T01:47:16.435+0600][30.784s][info][gc,phases   ] GC(11) Concurrent Process Non-Strong References 24.275ms
[2026-04-03T01:47:16.435+0600][30.784s][info][gc,phases   ] GC(11) Concurrent Reset Relocation Set 0.002ms
[2026-04-03T01:47:16.435+0600][30.784s][info][gc          ] Allocation Stall (Executor task launch worker for task 0.0 in stage 1.0 (TID 3)) 1001.009ms
[2026-04-03T01:47:16.435+0600][30.784s][info][gc          ] Allocation Stall (Executor task launch worker for task 1.0 in stage 1.0 (TID 4)) 1002.072ms
[2026-04-03T01:47:16.435+0600][30.784s][info][gc          ] Allocation Stall (Executor task launch worker for task 2.0 in stage 1.0 (TID 5)) 996.605ms
[2026-04-03T01:47:16.701+0600][31.050s][info][gc,phases   ] GC(11) Concurrent Select Relocation Set 266.030ms
[2026-04-03T01:47:16.702+0600][31.051s][info][gc,phases   ] GC(11) Pause Relocate Start 0.024ms
[2026-04-03T01:47:17.815+0600][32.164s][info][gc,phases   ] GC(11) Concurrent Relocate 1112.748ms
[2026-04-03T01:47:17.815+0600][32.164s][info][gc,load     ] GC(11) Load: 5.54/6.57/7.26
[2026-04-03T01:47:17.815+0600][32.164s][info][gc,mmu      ] GC(11) MMU: 2ms/96.7%, 5ms/98.7%, 10ms/99.3%, 20ms/99.5%, 50ms/99.8%, 100ms/99.9%
[2026-04-03T01:47:17.815+0600][32.164s][info][gc,marking  ] GC(11) Mark: 1 stripe(s), 2 proactive flush(es), 1 terminate flush(es), 0 completion(s), 0 continuation(s) 
[2026-04-03T01:47:17.815+0600][32.164s][info][gc,marking  ] GC(11) Mark Stack Usage: 32M
[2026-04-03T01:47:17.815+0600][32.164s][info][gc,nmethod  ] GC(11) NMethods: 5138 registered, 449 unregistered
[2026-04-03T01:47:17.815+0600][32.164s][info][gc,metaspace] GC(11) Metaspace: 68M used, 69M committed, 1088M reserved
[2026-04-03T01:47:17.815+0600][32.164s][info][gc,ref      ] GC(11) Soft: 4918 encountered, 0 discovered, 0 enqueued
[2026-04-03T01:47:17.815+0600][32.164s][info][gc,ref      ] GC(11) Weak: 6479 encountered, 1591 discovered, 612 enqueued
[2026-04-03T01:47:17.815+0600][32.164s][info][gc,ref      ] GC(11) Final: 82 encountered, 0 discovered, 0 enqueued
[2026-04-03T01:47:17.815+0600][32.164s][info][gc,ref      ] GC(11) Phantom: 594 encountered, 272 discovered, 0 enqueued
[2026-04-03T01:47:17.815+0600][32.164s][info][gc,reloc    ] GC(11) Small Pages: 1662 / 3324M, Empty: 740M, Relocated: 292M, In-Place: 0
[2026-04-03T01:47:17.815+0600][32.164s][info][gc,reloc    ] GC(11) Medium Pages: 3 / 96M, Empty: 0M, Relocated: 11M, In-Place: 0
[2026-04-03T01:47:17.815+0600][32.164s][info][gc,reloc    ] GC(11) Large Pages: 19 / 150M, Empty: 90M, Relocated: 0M, In-Place: 0
[2026-04-03T01:47:17.815+0600][32.164s][info][gc,reloc    ] GC(11) Forwarding Usage: 209M
[2026-04-03T01:47:17.815+0600][32.164s][info][gc,heap     ] GC(11) Min Capacity: 8M(0%)
[2026-04-03T01:47:17.815+0600][32.164s][info][gc,heap     ] GC(11) Max Capacity: 3922M(100%)
[2026-04-03T01:47:17.815+0600][32.164s][info][gc,heap     ] GC(11) Soft Max Capacity: 3922M(100%)
[2026-04-03T01:47:17.815+0600][32.164s][info][gc,heap     ] GC(11)                Mark Start          Mark End        Relocate Start      Relocate End           High               Low         
[2026-04-03T01:47:17.815+0600][32.164s][info][gc,heap     ] GC(11)  Capacity:     3570M (91%)        3922M (100%)       3922M (100%)       3922M (100%)       3922M (100%)       3570M (91%)    
[2026-04-03T01:47:17.815+0600][32.164s][info][gc,heap     ] GC(11)      Free:      352M (9%)            0M (0%)          638M (16%)        2844M (73%)        2844M (73%)           0M (0%)     
[2026-04-03T01:47:17.815+0600][32.164s][info][gc,heap     ] GC(11)      Used:     3570M (91%)        3922M (100%)       3284M (84%)        1078M (27%)        3922M (100%)       1078M (27%)    
[2026-04-03T01:47:17.815+0600][32.164s][info][gc,heap     ] GC(11)      Live:         -               398M (10%)         398M (10%)         398M (10%)            -                  -          
[2026-04-03T01:47:17.815+0600][32.164s][info][gc,heap     ] GC(11) Allocated:         -               352M (9%)          544M (14%)         648M (17%)            -                  -          
[2026-04-03T01:47:17.815+0600][32.164s][info][gc,heap     ] GC(11)   Garbage:         -              3171M (81%)        2341M (60%)          30M (1%)             -                  -          
[2026-04-03T01:47:17.815+0600][32.164s][info][gc,heap     ] GC(11) Reclaimed:         -                  -               830M (21%)        3140M (80%)            -                  -          
[2026-04-03T01:47:17.815+0600][32.164s][info][gc          ] GC(11) Garbage Collection (Allocation Rate) 3570M(91%)->1078M(27%)
[2026-04-03T01:47:17.877+0600][32.226s][info][gc,start    ] GC(12) Garbage Collection (Allocation Stall)
[2026-04-03T01:47:17.878+0600][32.227s][info][gc,ref      ] GC(12) Clearing All SoftReferences
[2026-04-03T01:47:17.878+0600][32.227s][info][gc,task     ] GC(12) Using 3 workers
[2026-04-03T01:47:17.878+0600][32.227s][info][gc,ref      ] GC(12) Clearing All SoftReferences
[2026-04-03T01:47:17.878+0600][32.227s][info][gc,phases   ] GC(12) Pause Mark Start 0.158ms
[2026-04-03T01:47:19.177+0600][33.526s][info][gc,phases   ] GC(12) Concurrent Mark 1298.835ms
[2026-04-03T01:47:19.177+0600][33.526s][info][gc,phases   ] GC(12) Pause Mark End 0.031ms
[2026-04-03T01:47:19.177+0600][33.527s][info][gc,phases   ] GC(12) Concurrent Mark Free 0.003ms
[2026-04-03T01:47:19.206+0600][33.555s][info][gc,phases   ] GC(12) Concurrent Process Non-Strong References 28.265ms
[2026-04-03T01:47:19.206+0600][33.555s][info][gc,phases   ] GC(12) Concurrent Reset Relocation Set 0.285ms
[2026-04-03T01:47:19.241+0600][33.590s][info][gc,phases   ] GC(12) Concurrent Select Relocation Set 34.245ms
[2026-04-03T01:47:19.241+0600][33.590s][info][gc,phases   ] GC(12) Pause Relocate Start 0.025ms
[2026-04-03T01:47:19.328+0600][33.677s][info][gc,phases   ] GC(12) Concurrent Relocate 86.843ms
[2026-04-03T01:47:19.328+0600][33.677s][info][gc,load     ] GC(12) Load: 5.66/6.57/7.25
[2026-04-03T01:47:19.328+0600][33.677s][info][gc,mmu      ] GC(12) MMU: 2ms/92.1%, 5ms/96.8%, 10ms/98.4%, 20ms/99.2%, 50ms/99.7%, 100ms/99.8%
[2026-04-03T01:47:19.328+0600][33.677s][info][gc,marking  ] GC(12) Mark: 2 stripe(s), 2 proactive flush(es), 1 terminate flush(es), 0 completion(s), 0 continuation(s) 
[2026-04-03T01:47:19.328+0600][33.677s][info][gc,marking  ] GC(12) Mark Stack Usage: 32M
[2026-04-03T01:47:19.328+0600][33.677s][info][gc,nmethod  ] GC(12) NMethods: 5222 registered, 482 unregistered
[2026-04-03T01:47:19.328+0600][33.677s][info][gc,metaspace] GC(12) Metaspace: 67M used, 69M committed, 1088M reserved
[2026-04-03T01:47:19.328+0600][33.677s][info][gc,ref      ] GC(12) Soft: 4745 encountered, 3257 discovered, 2016 enqueued
[2026-04-03T01:47:19.328+0600][33.677s][info][gc,ref      ] GC(12) Weak: 5990 encountered, 1171 discovered, 272 enqueued
[2026-04-03T01:47:19.328+0600][33.677s][info][gc,ref      ] GC(12) Final: 82 encountered, 0 discovered, 0 enqueued
[2026-04-03T01:47:19.328+0600][33.677s][info][gc,ref      ] GC(12) Phantom: 594 encountered, 561 discovered, 0 enqueued
[2026-04-03T01:47:19.328+0600][33.677s][info][gc,reloc    ] GC(12) Small Pages: 450 / 900M, Empty: 64M, Relocated: 46M, In-Place: 0
[2026-04-03T01:47:19.328+0600][33.677s][info][gc,reloc    ] GC(12) Medium Pages: 2 / 64M, Empty: 0M, Relocated: 16M, In-Place: 0
[2026-04-03T01:47:19.328+0600][33.677s][info][gc,reloc    ] GC(12) Large Pages: 9 / 114M, Empty: 60M, Relocated: 0M, In-Place: 0
[2026-04-03T01:47:19.328+0600][33.677s][info][gc,reloc    ] GC(12) Forwarding Usage: 37M
[2026-04-03T01:47:19.328+0600][33.677s][info][gc,heap     ] GC(12) Min Capacity: 8M(0%)
[2026-04-03T01:47:19.328+0600][33.677s][info][gc,heap     ] GC(12) Max Capacity: 3922M(100%)
[2026-04-03T01:47:19.328+0600][33.677s][info][gc,heap     ] GC(12) Soft Max Capacity: 3922M(100%)
[2026-04-03T01:47:19.328+0600][33.677s][info][gc,heap     ] GC(12)                Mark Start          Mark End        Relocate Start      Relocate End           High               Low         
[2026-04-03T01:47:19.328+0600][33.677s][info][gc,heap     ] GC(12)  Capacity:     3922M (100%)       3922M (100%)       3922M (100%)       3922M (100%)       3922M (100%)       3922M (100%)   
[2026-04-03T01:47:19.328+0600][33.677s][info][gc,heap     ] GC(12)      Free:     2844M (73%)        2760M (70%)        2878M (73%)        3474M (89%)        3474M (89%)        2756M (70%)    
[2026-04-03T01:47:19.328+0600][33.677s][info][gc,heap     ] GC(12)      Used:     1078M (27%)        1162M (30%)        1044M (27%)         448M (11%)        1166M (30%)         448M (11%)    
[2026-04-03T01:47:19.328+0600][33.677s][info][gc,heap     ] GC(12)      Live:         -               311M (8%)          311M (8%)          311M (8%)             -                  -          
[2026-04-03T01:47:19.328+0600][33.677s][info][gc,heap     ] GC(12) Allocated:         -                84M (2%)           90M (2%)           91M (2%)             -                  -          
[2026-04-03T01:47:19.328+0600][33.677s][info][gc,heap     ] GC(12)   Garbage:         -               766M (20%)         642M (16%)          45M (1%)             -                  -          
[2026-04-03T01:47:19.328+0600][33.677s][info][gc,heap     ] GC(12) Reclaimed:         -                  -               124M (3%)          721M (18%)            -                  -          
[2026-04-03T01:47:19.328+0600][33.677s][info][gc          ] GC(12) Garbage Collection (Allocation Stall) 1078M(27%)->448M(11%)
[2026-04-03T01:47:20.378+0600][34.727s][info][gc,start    ] GC(13) Garbage Collection (Allocation Rate)
[2026-04-03T01:47:20.378+0600][34.727s][info][gc,task     ] GC(13) Using 3 workers
[2026-04-03T01:47:20.379+0600][34.728s][info][gc,phases   ] GC(13) Pause Mark Start 0.027ms
[2026-04-03T01:47:21.153+0600][35.502s][info][gc,phases   ] GC(13) Concurrent Mark 773.924ms
[2026-04-03T01:47:21.153+0600][35.502s][info][gc,phases   ] GC(13) Pause Mark End 0.034ms
[2026-04-03T01:47:21.153+0600][35.502s][info][gc,phases   ] GC(13) Concurrent Mark Free 0.004ms
[2026-04-03T01:47:21.180+0600][35.530s][info][gc,phases   ] GC(13) Concurrent Process Non-Strong References 26.971ms
[2026-04-03T01:47:21.181+0600][35.530s][info][gc,phases   ] GC(13) Concurrent Reset Relocation Set 0.100ms
[2026-04-03T01:47:21.204+0600][35.553s][info][gc,phases   ] GC(13) Concurrent Select Relocation Set 23.186ms
[2026-04-03T01:47:21.204+0600][35.553s][info][gc,phases   ] GC(13) Pause Relocate Start 0.022ms
[2026-04-03T01:47:21.359+0600][35.708s][info][gc,phases   ] GC(13) Concurrent Relocate 153.998ms
[2026-04-03T01:47:21.359+0600][35.708s][info][gc,load     ] GC(13) Load: 5.66/6.57/7.25
[2026-04-03T01:47:21.359+0600][35.708s][info][gc,mmu      ] GC(13) MMU: 2ms/92.1%, 5ms/96.8%, 10ms/98.4%, 20ms/99.2%, 50ms/99.7%, 100ms/99.8%
[2026-04-03T01:47:21.359+0600][35.708s][info][gc,marking  ] GC(13) Mark: 2 stripe(s), 10 proactive flush(es), 1 terminate flush(es), 0 completion(s), 0 continuation(s) 
[2026-04-03T01:47:21.359+0600][35.708s][info][gc,marking  ] GC(13) Mark Stack Usage: 32M
[2026-04-03T01:47:21.359+0600][35.708s][info][gc,nmethod  ] GC(13) NMethods: 5348 registered, 125 unregistered
[2026-04-03T01:47:21.359+0600][35.708s][info][gc,metaspace] GC(13) Metaspace: 68M used, 69M committed, 1088M reserved
[2026-04-03T01:47:21.359+0600][35.708s][info][gc,ref      ] GC(13) Soft: 3211 encountered, 0 discovered, 0 enqueued
[2026-04-03T01:47:21.359+0600][35.708s][info][gc,ref      ] GC(13) Weak: 6238 encountered, 2440 discovered, 299 enqueued
[2026-04-03T01:47:21.359+0600][35.708s][info][gc,ref      ] GC(13) Final: 82 encountered, 0 discovered, 0 enqueued
[2026-04-03T01:47:21.359+0600][35.708s][info][gc,ref      ] GC(13) Phantom: 594 encountered, 565 discovered, 0 enqueued
[2026-04-03T01:47:21.359+0600][35.708s][info][gc,reloc    ] GC(13) Small Pages: 337 / 674M, Empty: 76M, Relocated: 85M, In-Place: 0
[2026-04-03T01:47:21.359+0600][35.708s][info][gc,reloc    ] GC(13) Medium Pages: 3 / 96M, Empty: 32M, Relocated: 13M, In-Place: 0
[2026-04-03T01:47:21.359+0600][35.708s][info][gc,reloc    ] GC(13) Large Pages: 13 / 126M, Empty: 78M, Relocated: 0M, In-Place: 0
[2026-04-03T01:47:21.359+0600][35.708s][info][gc,reloc    ] GC(13) Forwarding Usage: 56M
[2026-04-03T01:47:21.359+0600][35.708s][info][gc,heap     ] GC(13) Min Capacity: 8M(0%)
[2026-04-03T01:47:21.359+0600][35.708s][info][gc,heap     ] GC(13) Max Capacity: 3922M(100%)
[2026-04-03T01:47:21.359+0600][35.708s][info][gc,heap     ] GC(13) Soft Max Capacity: 3922M(100%)
[2026-04-03T01:47:21.359+0600][35.708s][info][gc,heap     ] GC(13)                Mark Start          Mark End        Relocate Start      Relocate End           High               Low         
[2026-04-03T01:47:21.359+0600][35.708s][info][gc,heap     ] GC(13)  Capacity:     3922M (100%)       3922M (100%)       3922M (100%)       3922M (100%)       3922M (100%)       3922M (100%)   
[2026-04-03T01:47:21.359+0600][35.708s][info][gc,heap     ] GC(13)      Free:     3026M (77%)        2490M (63%)        2632M (67%)        2894M (74%)        3026M (77%)        2460M (63%)    
[2026-04-03T01:47:21.359+0600][35.708s][info][gc,heap     ] GC(13)      Used:      896M (23%)        1432M (37%)        1290M (33%)        1028M (26%)        1462M (37%)         896M (23%)    
[2026-04-03T01:47:21.359+0600][35.708s][info][gc,heap     ] GC(13)      Live:         -               294M (8%)          294M (8%)          294M (8%)             -                  -          
[2026-04-03T01:47:21.359+0600][35.708s][info][gc,heap     ] GC(13) Allocated:         -               536M (14%)         580M (15%)         687M (18%)            -                  -          
[2026-04-03T01:47:21.359+0600][35.708s][info][gc,heap     ] GC(13)   Garbage:         -               601M (15%)         415M (11%)          46M (1%)             -                  -          
[2026-04-03T01:47:21.359+0600][35.708s][info][gc,heap     ] GC(13) Reclaimed:         -                  -               186M (5%)          555M (14%)            -                  -          
[2026-04-03T01:47:21.359+0600][35.708s][info][gc          ] GC(13) Garbage Collection (Allocation Rate) 896M(23%)->1028M(26%)
[2026-04-03T01:47:22.078+0600][36.427s][info][gc,start    ] GC(14) Garbage Collection (Allocation Rate)
[2026-04-03T01:47:22.078+0600][36.427s][info][gc,task     ] GC(14) Using 3 workers
[2026-04-03T01:47:22.079+0600][36.428s][info][gc,phases   ] GC(14) Pause Mark Start 0.030ms
[2026-04-03T01:47:23.191+0600][37.540s][info][gc,phases   ] GC(14) Concurrent Mark 1112.349ms
[2026-04-03T01:47:23.192+0600][37.541s][info][gc,phases   ] GC(14) Pause Mark End 0.054ms
[2026-04-03T01:47:23.192+0600][37.541s][info][gc,phases   ] GC(14) Concurrent Mark Free 0.008ms
[2026-04-03T01:47:23.202+0600][37.551s][info][gc,phases   ] GC(14) Concurrent Process Non-Strong References 10.573ms
[2026-04-03T01:47:23.203+0600][37.552s][info][gc,phases   ] GC(14) Concurrent Reset Relocation Set 0.063ms
[2026-04-03T01:47:23.244+0600][37.593s][info][gc,phases   ] GC(14) Concurrent Select Relocation Set 41.012ms
[2026-04-03T01:47:23.244+0600][37.593s][info][gc,phases   ] GC(14) Pause Relocate Start 0.025ms
[2026-04-03T01:47:23.475+0600][37.824s][info][gc,phases   ] GC(14) Concurrent Relocate 230.785ms
[2026-04-03T01:47:23.475+0600][37.824s][info][gc,load     ] GC(14) Load: 5.66/6.57/7.25
[2026-04-03T01:47:23.475+0600][37.824s][info][gc,mmu      ] GC(14) MMU: 2ms/92.1%, 5ms/96.8%, 10ms/98.4%, 20ms/99.2%, 50ms/99.7%, 100ms/99.8%
[2026-04-03T01:47:23.475+0600][37.824s][info][gc,marking  ] GC(14) Mark: 2 stripe(s), 2 proactive flush(es), 1 terminate flush(es), 0 completion(s), 0 continuation(s) 
[2026-04-03T01:47:23.475+0600][37.824s][info][gc,marking  ] GC(14) Mark Stack Usage: 32M
[2026-04-03T01:47:23.475+0600][37.824s][info][gc,nmethod  ] GC(14) NMethods: 5342 registered, 136 unregistered
[2026-04-03T01:47:23.475+0600][37.824s][info][gc,metaspace] GC(14) Metaspace: 68M used, 69M committed, 1088M reserved
[2026-04-03T01:47:23.475+0600][37.824s][info][gc,ref      ] GC(14) Soft: 3211 encountered, 0 discovered, 0 enqueued
[2026-04-03T01:47:23.475+0600][37.824s][info][gc,ref      ] GC(14) Weak: 5947 encountered, 855 discovered, 8 enqueued
[2026-04-03T01:47:23.475+0600][37.824s][info][gc,ref      ] GC(14) Final: 82 encountered, 1 discovered, 0 enqueued
[2026-04-03T01:47:23.475+0600][37.824s][info][gc,ref      ] GC(14) Phantom: 594 encountered, 256 discovered, 0 enqueued
[2026-04-03T01:47:23.475+0600][37.824s][info][gc,reloc    ] GC(14) Small Pages: 739 / 1478M, Empty: 0M, Relocated: 127M, In-Place: 0
[2026-04-03T01:47:23.475+0600][37.824s][info][gc,reloc    ] GC(14) Medium Pages: 2 / 64M, Empty: 32M, Relocated: 0M, In-Place: 0
[2026-04-03T01:47:23.475+0600][37.824s][info][gc,reloc    ] GC(14) Large Pages: 15 / 126M, Empty: 66M, Relocated: 0M, In-Place: 0
[2026-04-03T01:47:23.475+0600][37.824s][info][gc,reloc    ] GC(14) Forwarding Usage: 99M
[2026-04-03T01:47:23.475+0600][37.824s][info][gc,heap     ] GC(14) Min Capacity: 8M(0%)
[2026-04-03T01:47:23.475+0600][37.825s][info][gc,heap     ] GC(14) Max Capacity: 3922M(100%)
[2026-04-03T01:47:23.476+0600][37.825s][info][gc,heap     ] GC(14) Soft Max Capacity: 3922M(100%)
[2026-04-03T01:47:23.476+0600][37.825s][info][gc,heap     ] GC(14)                Mark Start          Mark End        Relocate Start      Relocate End           High               Low         
[2026-04-03T01:47:23.476+0600][37.825s][info][gc,heap     ] GC(14)  Capacity:     3922M (100%)       3922M (100%)       3922M (100%)       3922M (100%)       3922M (100%)       3922M (100%)   
[2026-04-03T01:47:23.476+0600][37.825s][info][gc,heap     ] GC(14)      Free:     2254M (57%)        1734M (44%)        1814M (46%)        2856M (73%)        2860M (73%)        1732M (44%)    
[2026-04-03T01:47:23.476+0600][37.825s][info][gc,heap     ] GC(14)      Used:     1668M (43%)        2188M (56%)        2108M (54%)        1066M (27%)        2190M (56%)        1062M (27%)    
[2026-04-03T01:47:23.476+0600][37.825s][info][gc,heap     ] GC(14)      Live:         -               388M (10%)         388M (10%)         388M (10%)            -                  -          
[2026-04-03T01:47:23.476+0600][37.825s][info][gc,heap     ] GC(14) Allocated:         -               520M (13%)         538M (14%)         625M (16%)            -                  -          
[2026-04-03T01:47:23.476+0600][37.825s][info][gc,heap     ] GC(14)   Garbage:         -              1279M (33%)        1181M (30%)          51M (1%)             -                  -          
[2026-04-03T01:47:23.476+0600][37.825s][info][gc,heap     ] GC(14) Reclaimed:         -                  -                98M (2%)         1227M (31%)            -                  -          
[2026-04-03T01:47:23.476+0600][37.825s][info][gc          ] GC(14) Garbage Collection (Allocation Rate) 1668M(43%)->1066M(27%)
[2026-04-03T01:47:25.178+0600][39.527s][info][gc,start    ] GC(15) Garbage Collection (Allocation Rate)
[2026-04-03T01:47:25.178+0600][39.527s][info][gc,task     ] GC(15) Using 3 workers
[2026-04-03T01:47:25.179+0600][39.528s][info][gc,phases   ] GC(15) Pause Mark Start 0.012ms
[2026-04-03T01:47:25.596+0600][39.945s][info][gc,phases   ] GC(15) Concurrent Mark 417.256ms
[2026-04-03T01:47:25.596+0600][39.946s][info][gc,phases   ] GC(15) Pause Mark End 0.047ms
[2026-04-03T01:47:25.597+0600][39.946s][info][gc,phases   ] GC(15) Concurrent Mark Free 0.005ms
[2026-04-03T01:47:25.623+0600][39.972s][info][gc,phases   ] GC(15) Concurrent Process Non-Strong References 26.281ms
[2026-04-03T01:47:25.623+0600][39.972s][info][gc,phases   ] GC(15) Concurrent Reset Relocation Set 0.157ms
[2026-04-03T01:47:25.645+0600][39.994s][info][gc,phases   ] GC(15) Concurrent Select Relocation Set 21.401ms
[2026-04-03T01:47:25.645+0600][39.994s][info][gc,phases   ] GC(15) Pause Relocate Start 0.032ms
[2026-04-03T01:47:25.689+0600][40.038s][info][gc,phases   ] GC(15) Concurrent Relocate 43.593ms
[2026-04-03T01:47:25.689+0600][40.038s][info][gc,load     ] GC(15) Load: 5.61/6.55/7.24
[2026-04-03T01:47:25.689+0600][40.038s][info][gc,mmu      ] GC(15) MMU: 2ms/92.1%, 5ms/96.8%, 10ms/98.4%, 20ms/99.2%, 50ms/99.7%, 100ms/99.8%
[2026-04-03T01:47:25.689+0600][40.038s][info][gc,marking  ] GC(15) Mark: 2 stripe(s), 2 proactive flush(es), 1 terminate flush(es), 0 completion(s), 0 continuation(s) 
[2026-04-03T01:47:25.689+0600][40.038s][info][gc,marking  ] GC(15) Mark Stack Usage: 32M
[2026-04-03T01:47:25.689+0600][40.038s][info][gc,nmethod  ] GC(15) NMethods: 5725 registered, 49 unregistered
[2026-04-03T01:47:25.689+0600][40.038s][info][gc,metaspace] GC(15) Metaspace: 68M used, 69M committed, 1088M reserved
[2026-04-03T01:47:25.689+0600][40.038s][info][gc,ref      ] GC(15) Soft: 3307 encountered, 0 discovered, 0 enqueued
[2026-04-03T01:47:25.689+0600][40.038s][info][gc,ref      ] GC(15) Weak: 6511 encountered, 1117 discovered, 443 enqueued
[2026-04-03T01:47:25.689+0600][40.038s][info][gc,ref      ] GC(15) Final: 82 encountered, 0 discovered, 0 enqueued
[2026-04-03T01:47:25.689+0600][40.038s][info][gc,ref      ] GC(15) Phantom: 597 encountered, 568 discovered, 0 enqueued
[2026-04-03T01:47:25.689+0600][40.038s][info][gc,reloc    ] GC(15) Small Pages: 680 / 1360M, Empty: 900M, Relocated: 26M, In-Place: 0
[2026-04-03T01:47:25.689+0600][40.038s][info][gc,reloc    ] GC(15) Medium Pages: 3 / 96M, Empty: 32M, Relocated: 13M, In-Place: 0
[2026-04-03T01:47:25.689+0600][40.038s][info][gc,reloc    ] GC(15) Large Pages: 20 / 192M, Empty: 174M, Relocated: 0M, In-Place: 0
[2026-04-03T01:47:25.689+0600][40.038s][info][gc,reloc    ] GC(15) Forwarding Usage: 21M
[2026-04-03T01:47:25.689+0600][40.038s][info][gc,heap     ] GC(15) Min Capacity: 8M(0%)
[2026-04-03T01:47:25.689+0600][40.038s][info][gc,heap     ] GC(15) Max Capacity: 3922M(100%)
[2026-04-03T01:47:25.689+0600][40.038s][info][gc,heap     ] GC(15) Soft Max Capacity: 3922M(100%)
[2026-04-03T01:47:25.689+0600][40.038s][info][gc,heap     ] GC(15)                Mark Start          Mark End        Relocate Start      Relocate End           High               Low         
[2026-04-03T01:47:25.689+0600][40.038s][info][gc,heap     ] GC(15)  Capacity:     3922M (100%)       3922M (100%)       3922M (100%)       3922M (100%)       3922M (100%)       3922M (100%)   
[2026-04-03T01:47:25.689+0600][40.038s][info][gc,heap     ] GC(15)      Free:     2274M (58%)        2084M (53%)        3110M (79%)        3400M (87%)        3400M (87%)        2056M (52%)    
[2026-04-03T01:47:25.689+0600][40.039s][info][gc,heap     ] GC(15)      Used:     1648M (42%)        1838M (47%)         812M (21%)         522M (13%)        1866M (48%)         522M (13%)    
[2026-04-03T01:47:25.689+0600][40.039s][info][gc,heap     ] GC(15)      Live:         -               200M (5%)          200M (5%)          200M (5%)             -                  -          
[2026-04-03T01:47:25.690+0600][40.039s][info][gc,heap     ] GC(15) Allocated:         -               190M (5%)          270M (7%)          277M (7%)             -                  -          
[2026-04-03T01:47:25.690+0600][40.039s][info][gc,heap     ] GC(15)   Garbage:         -              1447M (37%)         341M (9%)           44M (1%)             -                  -          
[2026-04-03T01:47:25.690+0600][40.039s][info][gc,heap     ] GC(15) Reclaimed:         -                  -              1106M (28%)        1403M (36%)            -                  -          
[2026-04-03T01:47:25.690+0600][40.039s][info][gc          ] GC(15) Garbage Collection (Allocation Rate) 1648M(42%)->522M(13%)
[2026-04-03T01:47:25.778+0600][40.127s][info][gc,stats    ] === Garbage Collection Statistics =======================================================================================================================
[2026-04-03T01:47:25.778+0600][40.127s][info][gc,stats    ]                                                              Last 10s              Last 10m              Last 10h                Total
[2026-04-03T01:47:25.778+0600][40.127s][info][gc,stats    ]                                                              Avg / Max             Avg / Max             Avg / Max             Avg / Max
[2026-04-03T01:47:25.778+0600][40.127s][info][gc,stats    ]   Collector: Garbage Collection Cycle                   1495.408 / 3137.558    581.709 / 3137.558    581.709 / 3137.558    581.709 / 3137.558    ms
[2026-04-03T01:47:25.778+0600][40.127s][info][gc,stats    ]  Contention: Mark Segment Reset Contention                     6 / 41                1 / 41                1 / 41                1 / 41          ops/s
[2026-04-03T01:47:25.778+0600][40.127s][info][gc,stats    ]  Contention: Mark SeqNum Reset Contention                      0 / 1                 0 / 1                 0 / 1                 0 / 1           ops/s
[2026-04-03T01:47:25.778+0600][40.127s][info][gc,stats    ]    Critical: Allocation Stall                                  0 / 3                 0 / 3                 0 / 3                 0 / 3           ops/s
[2026-04-03T01:47:25.778+0600][40.127s][info][gc,stats    ]    Critical: Allocation Stall                            999.896 / 1002.072    999.896 / 1002.072    999.896 / 1002.072    999.896 / 1002.072    ms
[2026-04-03T01:47:25.778+0600][40.127s][info][gc,stats    ]    Critical: GC Locker Stall                                   0 / 0                 0 / 1                 0 / 1                 0 / 1           ops/s
[2026-04-03T01:47:25.778+0600][40.127s][info][gc,stats    ]    Critical: GC Locker Stall                               0.000 / 0.000         0.002 / 0.002         0.002 / 0.002         0.002 / 0.002       ms
[2026-04-03T01:47:25.778+0600][40.127s][info][gc,stats    ]    Critical: Relocation Stall                                  0 / 0                 0 / 0                 0 / 0                 0 / 0           ops/s
[2026-04-03T01:47:25.778+0600][40.127s][info][gc,stats    ]    Critical: Relocation Stall                              0.000 / 0.000         0.000 / 0.000         0.000 / 0.000         0.000 / 0.000       ms
[2026-04-03T01:47:25.778+0600][40.127s][info][gc,stats    ]      Memory: Allocation Rate                                 376 / 796             368 / 1688            368 / 1688            368 / 1688        MB/s
[2026-04-03T01:47:25.778+0600][40.127s][info][gc,stats    ]      Memory: Defragment                                        0 / 2                 1 / 31                1 / 31                1 / 31          ops/s
[2026-04-03T01:47:25.778+0600][40.127s][info][gc,stats    ]      Memory: Out Of Memory                                     0 / 0                 0 / 0                 0 / 0                 0 / 0           ops/s
[2026-04-03T01:47:25.778+0600][40.127s][info][gc,stats    ]      Memory: Page Cache Flush                                 18 / 64                7 / 64                7 / 64                7 / 64          MB/s
[2026-04-03T01:47:25.778+0600][40.127s][info][gc,stats    ]      Memory: Page Cache Hit L1                               189 / 418             134 / 801             134 / 801             134 / 801         ops/s
[2026-04-03T01:47:25.778+0600][40.127s][info][gc,stats    ]      Memory: Page Cache Hit L2                                 0 / 0                 0 / 0                 0 / 0                 0 / 0           ops/s
[2026-04-03T01:47:25.778+0600][40.127s][info][gc,stats    ]      Memory: Page Cache Hit L3                                 1 / 4                 4 / 107               4 / 107               4 / 107         ops/s
[2026-04-03T01:47:25.778+0600][40.127s][info][gc,stats    ]      Memory: Page Cache Miss                                   1 / 3                41 / 480              41 / 480              41 / 480         ops/s
[2026-04-03T01:47:25.778+0600][40.127s][info][gc,stats    ]      Memory: Uncommit                                          0 / 0                 0 / 0                 0 / 0                 0 / 0           MB/s
[2026-04-03T01:47:25.778+0600][40.127s][info][gc,stats    ]      Memory: Undo Object Allocation Failed                     0 / 0                 0 / 0                 0 / 0                 0 / 0           ops/s
[2026-04-03T01:47:25.778+0600][40.127s][info][gc,stats    ]      Memory: Undo Object Allocation Succeeded                  0 / 4                 0 / 4                 0 / 4                 0 / 4           ops/s
[2026-04-03T01:47:25.778+0600][40.127s][info][gc,stats    ]      Memory: Undo Page Allocation                              0 / 1                 0 / 1                 0 / 1                 0 / 1           ops/s
[2026-04-03T01:47:25.778+0600][40.127s][info][gc,stats    ]       Phase: Concurrent Mark                            1066.991 / 1732.590    431.027 / 1732.590    431.027 / 1732.590    431.027 / 1732.590    ms
[2026-04-03T01:47:25.778+0600][40.127s][info][gc,stats    ]       Phase: Concurrent Mark Continue                      0.000 / 0.000         0.000 / 0.000         0.000 / 0.000         0.000 / 0.000       ms
[2026-04-03T01:47:25.778+0600][40.127s][info][gc,stats    ]       Phase: Concurrent Mark Free                          0.004 / 0.008         0.003 / 0.008         0.003 / 0.008         0.003 / 0.008       ms
[2026-04-03T01:47:25.778+0600][40.127s][info][gc,stats    ]       Phase: Concurrent Process Non-Strong References     23.273 / 28.265       13.653 / 28.265       13.653 / 28.265       13.653 / 28.265      ms
[2026-04-03T01:47:25.778+0600][40.127s][info][gc,stats    ]       Phase: Concurrent Relocate                         325.593 / 1112.748    107.243 / 1112.748    107.243 / 1112.748    107.243 / 1112.748    ms
[2026-04-03T01:47:25.778+0600][40.127s][info][gc,stats    ]       Phase: Concurrent Reset Relocation Set               0.121 / 0.285         0.043 / 0.285         0.043 / 0.285         0.043 / 0.285       ms
[2026-04-03T01:47:25.778+0600][40.127s][info][gc,stats    ]       Phase: Concurrent Select Relocation Set             77.175 / 266.030      27.670 / 266.030      27.670 / 266.030      27.670 / 266.030     ms
[2026-04-03T01:47:25.778+0600][40.127s][info][gc,stats    ]       Phase: Pause Mark End                                0.037 / 0.054         0.034 / 0.067         0.034 / 0.067         0.034 / 0.067       ms
[2026-04-03T01:47:25.778+0600][40.127s][info][gc,stats    ]       Phase: Pause Mark Start                              0.057 / 0.158         0.028 / 0.158         0.028 / 0.158         0.028 / 0.158       ms
[2026-04-03T01:47:25.778+0600][40.127s][info][gc,stats    ]       Phase: Pause Relocate Start                          0.026 / 0.032         0.023 / 0.032         0.023 / 0.032         0.023 / 0.032       ms
[2026-04-03T01:47:25.778+0600][40.127s][info][gc,stats    ]    Subphase: Concurrent Classes Purge                      0.565 / 1.069         0.380 / 1.069         0.380 / 1.069         0.380 / 1.069       ms
[2026-04-03T01:47:25.778+0600][40.127s][info][gc,stats    ]    Subphase: Concurrent Classes Unlink                    20.000 / 24.122       10.912 / 24.122       10.912 / 24.122       10.912 / 24.122      ms
[2026-04-03T01:47:25.778+0600][40.127s][info][gc,stats    ]    Subphase: Concurrent Mark                             962.724 / 1729.623    393.537 / 1729.623    393.537 / 1729.623    393.537 / 1729.623    ms
[2026-04-03T01:47:25.778+0600][40.127s][info][gc,stats    ]    Subphase: Concurrent Mark Try Flush                     0.181 / 0.345         0.244 / 2.214         0.244 / 2.214         0.244 / 2.214       ms
[2026-04-03T01:47:25.778+0600][40.127s][info][gc,stats    ]    Subphase: Concurrent Mark Try Terminate                 1.005 / 3.464         1.082 / 4.226         1.082 / 4.226         1.082 / 4.226       ms
[2026-04-03T01:47:25.778+0600][40.127s][info][gc,stats    ]    Subphase: Concurrent References Enqueue                 0.010 / 0.023         0.007 / 0.023         0.007 / 0.023         0.007 / 0.023       ms
[2026-04-03T01:47:25.778+0600][40.127s][info][gc,stats    ]    Subphase: Concurrent References Process                 0.582 / 0.822         0.462 / 0.822         0.462 / 0.822         0.462 / 0.822       ms
[2026-04-03T01:47:25.778+0600][40.127s][info][gc,stats    ]    Subphase: Concurrent Roots ClassLoaderDataGraph         0.360 / 0.782         0.341 / 1.153         0.341 / 1.153         0.341 / 1.153       ms
[2026-04-03T01:47:25.778+0600][40.127s][info][gc,stats    ]    Subphase: Concurrent Roots CodeCache                    0.000 / 0.000         0.000 / 0.000         0.000 / 0.000         0.000 / 0.000       ms
[2026-04-03T01:47:25.778+0600][40.127s][info][gc,stats    ]    Subphase: Concurrent Roots JavaThreads                  0.687 / 0.924         0.887 / 2.718         0.887 / 2.718         0.887 / 2.718       ms
[2026-04-03T01:47:25.778+0600][40.127s][info][gc,stats    ]    Subphase: Concurrent Roots OopStorageSet                0.065 / 0.124         0.076 / 0.181         0.076 / 0.181         0.076 / 0.181       ms
[2026-04-03T01:47:25.778+0600][40.127s][info][gc,stats    ]    Subphase: Concurrent Weak Roots OopStorageSet           1.422 / 2.141         1.121 / 2.514         1.121 / 2.514         1.121 / 2.514       ms
[2026-04-03T01:47:25.778+0600][40.127s][info][gc,stats    ]    Subphase: Pause Mark Try Complete                       0.000 / 0.000         0.000 / 0.000         0.000 / 0.000         0.000 / 0.000       ms
[2026-04-03T01:47:25.778+0600][40.128s][info][gc,stats    ]      System: Java Threads                                     77 / 81               58 / 81               58 / 81               58 / 81          threads
[2026-04-03T01:47:25.778+0600][40.128s][info][gc,stats    ] =========================================================================================================================================================
[2026-04-03T01:47:28.178+0600][42.527s][info][gc,start    ] GC(16) Garbage Collection (Allocation Rate)
[2026-04-03T01:47:28.178+0600][42.527s][info][gc,task     ] GC(16) Using 3 workers
[2026-04-03T01:47:28.179+0600][42.528s][info][gc,phases   ] GC(16) Pause Mark Start 0.014ms
[2026-04-03T01:47:28.768+0600][43.117s][info][gc,phases   ] GC(16) Concurrent Mark 589.702ms
[2026-04-03T01:47:28.769+0600][43.118s][info][gc,phases   ] GC(16) Pause Mark End 0.050ms
[2026-04-03T01:47:28.769+0600][43.118s][info][gc,phases   ] GC(16) Concurrent Mark Free 0.003ms
[2026-04-03T01:47:28.796+0600][43.145s][info][gc,phases   ] GC(16) Concurrent Process Non-Strong References 26.944ms
[2026-04-03T01:47:28.796+0600][43.145s][info][gc,phases   ] GC(16) Concurrent Reset Relocation Set 0.023ms
[2026-04-03T01:47:28.830+0600][43.179s][info][gc,phases   ] GC(16) Concurrent Select Relocation Set 33.607ms
[2026-04-03T01:47:28.830+0600][43.179s][info][gc,phases   ] GC(16) Pause Relocate Start 0.042ms
[2026-04-03T01:47:29.000+0600][43.349s][info][gc,phases   ] GC(16) Concurrent Relocate 169.628ms
[2026-04-03T01:47:29.000+0600][43.349s][info][gc,load     ] GC(16) Load: 5.61/6.55/7.24
[2026-04-03T01:47:29.000+0600][43.349s][info][gc,mmu      ] GC(16) MMU: 2ms/92.1%, 5ms/96.8%, 10ms/98.4%, 20ms/99.2%, 50ms/99.7%, 100ms/99.8%
[2026-04-03T01:47:29.000+0600][43.349s][info][gc,marking  ] GC(16) Mark: 2 stripe(s), 3 proactive flush(es), 1 terminate flush(es), 0 completion(s), 0 continuation(s) 
[2026-04-03T01:47:29.000+0600][43.349s][info][gc,marking  ] GC(16) Mark Stack Usage: 32M
[2026-04-03T01:47:29.000+0600][43.349s][info][gc,nmethod  ] GC(16) NMethods: 5961 registered, 192 unregistered
[2026-04-03T01:47:29.000+0600][43.349s][info][gc,metaspace] GC(16) Metaspace: 69M used, 70M committed, 1088M reserved
[2026-04-03T01:47:29.000+0600][43.349s][info][gc,ref      ] GC(16) Soft: 3338 encountered, 0 discovered, 0 enqueued
[2026-04-03T01:47:29.000+0600][43.349s][info][gc,ref      ] GC(16) Weak: 6404 encountered, 863 discovered, 264 enqueued
[2026-04-03T01:47:29.000+0600][43.349s][info][gc,ref      ] GC(16) Final: 82 encountered, 0 discovered, 0 enqueued
[2026-04-03T01:47:29.000+0600][43.349s][info][gc,ref      ] GC(16) Phantom: 595 encountered, 570 discovered, 0 enqueued
[2026-04-03T01:47:29.000+0600][43.349s][info][gc,reloc    ] GC(16) Small Pages: 679 / 1358M, Empty: 494M, Relocated: 78M, In-Place: 0
[2026-04-03T01:47:29.000+0600][43.349s][info][gc,reloc    ] GC(16) Medium Pages: 2 / 64M, Empty: 0M, Relocated: 11M, In-Place: 0
[2026-04-03T01:47:29.000+0600][43.349s][info][gc,reloc    ] GC(16) Large Pages: 17 / 126M, Empty: 108M, Relocated: 0M, In-Place: 0
[2026-04-03T01:47:29.000+0600][43.349s][info][gc,reloc    ] GC(16) Forwarding Usage: 72M
[2026-04-03T01:47:29.000+0600][43.349s][info][gc,heap     ] GC(16) Min Capacity: 8M(0%)
[2026-04-03T01:47:29.000+0600][43.349s][info][gc,heap     ] GC(16) Max Capacity: 3922M(100%)
[2026-04-03T01:47:29.000+0600][43.349s][info][gc,heap     ] GC(16) Soft Max Capacity: 3922M(100%)
[2026-04-03T01:47:29.000+0600][43.349s][info][gc,heap     ] GC(16)                Mark Start          Mark End        Relocate Start      Relocate End           High               Low         
[2026-04-03T01:47:29.000+0600][43.349s][info][gc,heap     ] GC(16)  Capacity:     3922M (100%)       3922M (100%)       3922M (100%)       3922M (100%)       3922M (100%)       3922M (100%)   
[2026-04-03T01:47:29.000+0600][43.349s][info][gc,heap     ] GC(16)      Free:     2374M (61%)        2290M (58%)        2884M (74%)        3530M (90%)        3530M (90%)        2290M (58%)    
[2026-04-03T01:47:29.000+0600][43.349s][info][gc,heap     ] GC(16)      Used:     1548M (39%)        1632M (42%)        1038M (26%)         392M (10%)        1632M (42%)         392M (10%)    
[2026-04-03T01:47:29.000+0600][43.349s][info][gc,heap     ] GC(16)      Live:         -               254M (6%)          254M (6%)          254M (6%)             -                  -          
[2026-04-03T01:47:29.000+0600][43.349s][info][gc,heap     ] GC(16) Allocated:         -                84M (2%)           92M (2%)           92M (2%)             -                  -          
[2026-04-03T01:47:29.000+0600][43.349s][info][gc,heap     ] GC(16)   Garbage:         -              1293M (33%)         691M (18%)          44M (1%)             -                  -          
[2026-04-03T01:47:29.000+0600][43.350s][info][gc,heap     ] GC(16) Reclaimed:         -                  -               602M (15%)        1248M (32%)            -                  -          
[2026-04-03T01:47:29.000+0600][43.350s][info][gc          ] GC(16) Garbage Collection (Allocation Rate) 1548M(39%)->392M(10%)
[2026-04-03T01:47:30.678+0600][45.027s][info][gc,start    ] GC(17) Garbage Collection (Allocation Rate)
[2026-04-03T01:47:30.678+0600][45.027s][info][gc,task     ] GC(17) Using 3 workers
[2026-04-03T01:47:30.678+0600][45.027s][info][gc,phases   ] GC(17) Pause Mark Start 0.014ms
[2026-04-03T01:47:31.117+0600][45.466s][info][gc,phases   ] GC(17) Concurrent Mark 438.212ms
[2026-04-03T01:47:31.117+0600][45.466s][info][gc,phases   ] GC(17) Pause Mark End 0.027ms
[2026-04-03T01:47:31.117+0600][45.466s][info][gc,phases   ] GC(17) Concurrent Mark Free 0.002ms
[2026-04-03T01:47:31.130+0600][45.479s][info][gc,phases   ] GC(17) Concurrent Process Non-Strong References 12.766ms
[2026-04-03T01:47:31.130+0600][45.479s][info][gc,phases   ] GC(17) Concurrent Reset Relocation Set 0.047ms
[2026-04-03T01:47:31.141+0600][45.490s][info][gc,phases   ] GC(17) Concurrent Select Relocation Set 11.380ms
[2026-04-03T01:47:31.141+0600][45.490s][info][gc,phases   ] GC(17) Pause Relocate Start 0.020ms
[2026-04-03T01:47:31.233+0600][45.582s][info][gc,phases   ] GC(17) Concurrent Relocate 91.165ms
[2026-04-03T01:47:31.233+0600][45.582s][info][gc,load     ] GC(17) Load: 5.56/6.52/7.23
[2026-04-03T01:47:31.233+0600][45.582s][info][gc,mmu      ] GC(17) MMU: 2ms/92.1%, 5ms/96.8%, 10ms/98.4%, 20ms/99.2%, 50ms/99.7%, 100ms/99.8%
[2026-04-03T01:47:31.233+0600][45.582s][info][gc,marking  ] GC(17) Mark: 2 stripe(s), 2 proactive flush(es), 1 terminate flush(es), 0 completion(s), 0 continuation(s) 
[2026-04-03T01:47:31.233+0600][45.582s][info][gc,marking  ] GC(17) Mark Stack Usage: 32M
[2026-04-03T01:47:31.233+0600][45.582s][info][gc,nmethod  ] GC(17) NMethods: 6226 registered, 318 unregistered
[2026-04-03T01:47:31.233+0600][45.582s][info][gc,metaspace] GC(17) Metaspace: 70M used, 71M committed, 1088M reserved
[2026-04-03T01:47:31.233+0600][45.582s][info][gc,ref      ] GC(17) Soft: 3387 encountered, 0 discovered, 0 enqueued
[2026-04-03T01:47:31.233+0600][45.582s][info][gc,ref      ] GC(17) Weak: 6368 encountered, 4768 discovered, 61 enqueued
[2026-04-03T01:47:31.233+0600][45.582s][info][gc,ref      ] GC(17) Final: 84 encountered, 4 discovered, 0 enqueued
[2026-04-03T01:47:31.233+0600][45.582s][info][gc,ref      ] GC(17) Phantom: 599 encountered, 484 discovered, 0 enqueued
[2026-04-03T01:47:31.233+0600][45.582s][info][gc,reloc    ] GC(17) Small Pages: 356 / 712M, Empty: 142M, Relocated: 45M, In-Place: 0
[2026-04-03T01:47:31.233+0600][45.582s][info][gc,reloc    ] GC(17) Medium Pages: 7 / 224M, Empty: 96M, Relocated: 15M, In-Place: 0
[2026-04-03T01:47:31.233+0600][45.582s][info][gc,reloc    ] GC(17) Large Pages: 18 / 112M, Empty: 94M, Relocated: 0M, In-Place: 0
[2026-04-03T01:47:31.233+0600][45.582s][info][gc,reloc    ] GC(17) Forwarding Usage: 43M
[2026-04-03T01:47:31.233+0600][45.582s][info][gc,heap     ] GC(17) Min Capacity: 8M(0%)
[2026-04-03T01:47:31.233+0600][45.582s][info][gc,heap     ] GC(17) Max Capacity: 3922M(100%)
[2026-04-03T01:47:31.233+0600][45.582s][info][gc,heap     ] GC(17) Soft Max Capacity: 3922M(100%)
[2026-04-03T01:47:31.233+0600][45.582s][info][gc,heap     ] GC(17)                Mark Start          Mark End        Relocate Start      Relocate End           High               Low         
[2026-04-03T01:47:31.233+0600][45.582s][info][gc,heap     ] GC(17)  Capacity:     3922M (100%)       3922M (100%)       3922M (100%)       3922M (100%)       3922M (100%)       3922M (100%)   
[2026-04-03T01:47:31.233+0600][45.582s][info][gc,heap     ] GC(17)      Free:     2874M (73%)        2654M (68%)        2976M (76%)        3342M (85%)        3344M (85%)        2648M (68%)    
[2026-04-03T01:47:31.233+0600][45.582s][info][gc,heap     ] GC(17)      Used:     1048M (27%)        1268M (32%)         946M (24%)         580M (15%)        1274M (32%)         578M (15%)    
[2026-04-03T01:47:31.233+0600][45.582s][info][gc,heap     ] GC(17)      Live:         -               244M (6%)          244M (6%)          244M (6%)             -                  -          
[2026-04-03T01:47:31.233+0600][45.582s][info][gc,heap     ] GC(17) Allocated:         -               220M (6%)          230M (6%)          275M (7%)             -                  -          
[2026-04-03T01:47:31.233+0600][45.582s][info][gc,heap     ] GC(17)   Garbage:         -               803M (20%)         471M (12%)          59M (2%)             -                  -          
[2026-04-03T01:47:31.233+0600][45.582s][info][gc,heap     ] GC(17) Reclaimed:         -                  -               332M (8%)          743M (19%)            -                  -          
[2026-04-03T01:47:31.233+0600][45.582s][info][gc          ] GC(17) Garbage Collection (Allocation Rate) 1048M(27%)->580M(15%)
[2026-04-03T01:47:31.693+0600][46.042s][info][gc,start    ] GC(18) Garbage Collection (System.gc())
[2026-04-03T01:47:31.693+0600][46.042s][info][gc,task     ] GC(18) Using 3 workers
[2026-04-03T01:47:31.693+0600][46.042s][info][gc,phases   ] GC(18) Pause Mark Start 0.014ms
[2026-04-03T01:47:31.943+0600][46.293s][info][gc,phases   ] GC(18) Concurrent Mark 250.102ms
[2026-04-03T01:47:31.944+0600][46.293s][info][gc,phases   ] GC(18) Pause Mark End 0.026ms
[2026-04-03T01:47:31.944+0600][46.293s][info][gc,phases   ] GC(18) Concurrent Mark Free 0.002ms
[2026-04-03T01:47:31.953+0600][46.302s][info][gc,phases   ] GC(18) Concurrent Process Non-Strong References 8.989ms
[2026-04-03T01:47:31.953+0600][46.302s][info][gc,phases   ] GC(18) Concurrent Reset Relocation Set 0.081ms
[2026-04-03T01:47:31.963+0600][46.312s][info][gc,phases   ] GC(18) Concurrent Select Relocation Set 9.751ms
[2026-04-03T01:47:31.963+0600][46.312s][info][gc,phases   ] GC(18) Pause Relocate Start 0.013ms
[2026-04-03T01:47:31.971+0600][46.320s][info][gc,phases   ] GC(18) Concurrent Relocate 7.917ms
[2026-04-03T01:47:31.971+0600][46.320s][info][gc,load     ] GC(18) Load: 5.56/6.52/7.23
[2026-04-03T01:47:31.971+0600][46.320s][info][gc,mmu      ] GC(18) MMU: 2ms/92.1%, 5ms/96.8%, 10ms/98.4%, 20ms/99.2%, 50ms/99.7%, 100ms/99.8%
[2026-04-03T01:47:31.971+0600][46.320s][info][gc,marking  ] GC(18) Mark: 2 stripe(s), 2 proactive flush(es), 1 terminate flush(es), 0 completion(s), 0 continuation(s) 
[2026-04-03T01:47:31.971+0600][46.320s][info][gc,marking  ] GC(18) Mark Stack Usage: 32M
[2026-04-03T01:47:31.971+0600][46.320s][info][gc,nmethod  ] GC(18) NMethods: 6283 registered, 390 unregistered
[2026-04-03T01:47:31.971+0600][46.320s][info][gc,metaspace] GC(18) Metaspace: 71M used, 71M committed, 1088M reserved
[2026-04-03T01:47:31.971+0600][46.320s][info][gc,ref      ] GC(18) Soft: 3393 encountered, 0 discovered, 0 enqueued
[2026-04-03T01:47:31.971+0600][46.320s][info][gc,ref      ] GC(18) Weak: 6359 encountered, 4739 discovered, 173 enqueued
[2026-04-03T01:47:31.971+0600][46.320s][info][gc,ref      ] GC(18) Final: 84 encountered, 4 discovered, 0 enqueued
[2026-04-03T01:47:31.971+0600][46.321s][info][gc,ref      ] GC(18) Phantom: 599 encountered, 221 discovered, 0 enqueued
[2026-04-03T01:47:31.971+0600][46.321s][info][gc,reloc    ] GC(18) Small Pages: 461 / 922M, Empty: 698M, Relocated: 6M, In-Place: 0
[2026-04-03T01:47:31.972+0600][46.321s][info][gc,reloc    ] GC(18) Medium Pages: 2 / 64M, Empty: 32M, Relocated: 0M, In-Place: 0
[2026-04-03T01:47:31.972+0600][46.321s][info][gc,reloc    ] GC(18) Large Pages: 7 / 42M, Empty: 42M, Relocated: 0M, In-Place: 0
[2026-04-03T01:47:31.972+0600][46.321s][info][gc,reloc    ] GC(18) Forwarding Usage: 3M
[2026-04-03T01:47:31.972+0600][46.321s][info][gc,heap     ] GC(18) Min Capacity: 8M(0%)
[2026-04-03T01:47:31.972+0600][46.321s][info][gc,heap     ] GC(18) Max Capacity: 3922M(100%)
[2026-04-03T01:47:31.972+0600][46.321s][info][gc,heap     ] GC(18) Soft Max Capacity: 3922M(100%)
[2026-04-03T01:47:31.972+0600][46.321s][info][gc,heap     ] GC(18)                Mark Start          Mark End        Relocate Start      Relocate End           High               Low         
[2026-04-03T01:47:31.972+0600][46.321s][info][gc,heap     ] GC(18)  Capacity:     3922M (100%)       3922M (100%)       3922M (100%)       3922M (100%)       3922M (100%)       3922M (100%)   
[2026-04-03T01:47:31.972+0600][46.321s][info][gc,heap     ] GC(18)      Free:     2894M (74%)        2892M (74%)        3658M (93%)        3692M (94%)        3694M (94%)        2892M (74%)    
[2026-04-03T01:47:31.972+0600][46.321s][info][gc,heap     ] GC(18)      Used:     1028M (26%)        1030M (26%)         264M (7%)          230M (6%)         1030M (26%)         228M (6%)     
[2026-04-03T01:47:31.972+0600][46.321s][info][gc,heap     ] GC(18)      Live:         -               169M (4%)          169M (4%)          169M (4%)             -                  -          
[2026-04-03T01:47:31.972+0600][46.321s][info][gc,heap     ] GC(18) Allocated:         -                 2M (0%)            8M (0%)           15M (0%)             -                  -          
[2026-04-03T01:47:31.972+0600][46.321s][info][gc,heap     ] GC(18)   Garbage:         -               858M (22%)          86M (2%)           44M (1%)             -                  -          
[2026-04-03T01:47:31.972+0600][46.321s][info][gc,heap     ] GC(18) Reclaimed:         -                  -               772M (20%)         813M (21%)            -                  -          
[2026-04-03T01:47:31.972+0600][46.321s][info][gc          ] GC(18) Garbage Collection (System.gc()) 1028M(26%)->230M(6%)
[2026-04-03T01:47:33.978+0600][48.327s][info][gc,start    ] GC(19) Garbage Collection (Allocation Rate)
[2026-04-03T01:47:33.978+0600][48.327s][info][gc,task     ] GC(19) Using 2 workers
[2026-04-03T01:47:33.979+0600][48.328s][info][gc,phases   ] GC(19) Pause Mark Start 0.020ms
[2026-04-03T01:47:35.607+0600][49.956s][info][gc,phases   ] GC(19) Concurrent Mark 1628.423ms
[2026-04-03T01:47:35.608+0600][49.957s][info][gc,phases   ] GC(19) Pause Mark End 0.039ms
[2026-04-03T01:47:35.608+0600][49.957s][info][gc,phases   ] GC(19) Concurrent Mark Free 0.006ms
[2026-04-03T01:47:35.644+0600][49.993s][info][gc,phases   ] GC(19) Concurrent Process Non-Strong References 36.321ms
[2026-04-03T01:47:35.644+0600][49.993s][info][gc,phases   ] GC(19) Concurrent Reset Relocation Set 0.006ms
[2026-04-03T01:47:35.759+0600][50.108s][info][gc,phases   ] GC(19) Concurrent Select Relocation Set 114.704ms
[2026-04-03T01:47:35.760+0600][50.109s][info][gc,phases   ] GC(19) Pause Relocate Start 0.022ms
[2026-04-03T01:47:35.778+0600][50.127s][info][gc,stats    ] === Garbage Collection Statistics =======================================================================================================================
[2026-04-03T01:47:35.778+0600][50.127s][info][gc,stats    ]                                                              Last 10s              Last 10m              Last 10h                Total
[2026-04-03T01:47:35.778+0600][50.127s][info][gc,stats    ]                                                              Avg / Max             Avg / Max             Avg / Max             Avg / Max
[2026-04-03T01:47:35.778+0600][50.127s][info][gc,stats    ]   Collector: Garbage Collection Cycle                    551.826 / 822.006     576.991 / 3137.558    576.991 / 3137.558    576.991 / 3137.558    ms
[2026-04-03T01:47:35.778+0600][50.127s][info][gc,stats    ]  Contention: Mark Segment Reset Contention                     1 / 10                1 / 41                1 / 41                1 / 41          ops/s
[2026-04-03T01:47:35.778+0600][50.127s][info][gc,stats    ]  Contention: Mark SeqNum Reset Contention                      0 / 2                 0 / 2                 0 / 2                 0 / 2           ops/s
[2026-04-03T01:47:35.778+0600][50.127s][info][gc,stats    ]    Critical: Allocation Stall                                  0 / 0                 0 / 3                 0 / 3                 0 / 3           ops/s
[2026-04-03T01:47:35.778+0600][50.127s][info][gc,stats    ]    Critical: Allocation Stall                              0.000 / 0.000       999.896 / 1002.072    999.896 / 1002.072    999.896 / 1002.072    ms
[2026-04-03T01:47:35.778+0600][50.127s][info][gc,stats    ]    Critical: GC Locker Stall                                   0 / 0                 0 / 1                 0 / 1                 0 / 1           ops/s
[2026-04-03T01:47:35.778+0600][50.127s][info][gc,stats    ]    Critical: GC Locker Stall                               0.000 / 0.000         0.002 / 0.002         0.002 / 0.002         0.002 / 0.002       ms
[2026-04-03T01:47:35.778+0600][50.127s][info][gc,stats    ]    Critical: Relocation Stall                                  0 / 0                 0 / 0                 0 / 0                 0 / 0           ops/s
[2026-04-03T01:47:35.778+0600][50.127s][info][gc,stats    ]    Critical: Relocation Stall                              0.000 / 0.000         0.000 / 0.000         0.000 / 0.000         0.000 / 0.000       ms
[2026-04-03T01:47:35.778+0600][50.127s][info][gc,stats    ]      Memory: Allocation Rate                                 495 / 992             394 / 1688            394 / 1688            394 / 1688        MB/s
[2026-04-03T01:47:35.778+0600][50.127s][info][gc,stats    ]      Memory: Defragment                                        0 / 4                 1 / 31                1 / 31                1 / 31          ops/s
[2026-04-03T01:47:35.778+0600][50.127s][info][gc,stats    ]      Memory: Out Of Memory                                     0 / 0                 0 / 0                 0 / 0                 0 / 0           ops/s
[2026-04-03T01:47:35.778+0600][50.127s][info][gc,stats    ]      Memory: Page Cache Flush                                 18 / 142               9 / 142               9 / 142               9 / 142         MB/s
[2026-04-03T01:47:35.778+0600][50.127s][info][gc,stats    ]      Memory: Page Cache Hit L1                               226 / 481             153 / 801             153 / 801             153 / 801         ops/s
[2026-04-03T01:47:35.778+0600][50.127s][info][gc,stats    ]      Memory: Page Cache Hit L2                                 0 / 0                 0 / 0                 0 / 0                 0 / 0           ops/s
[2026-04-03T01:47:35.778+0600][50.127s][info][gc,stats    ]      Memory: Page Cache Hit L3                                 1 / 8                 3 / 107               3 / 107               3 / 107         ops/s
[2026-04-03T01:47:35.778+0600][50.127s][info][gc,stats    ]      Memory: Page Cache Miss                                   0 / 5                33 / 480              33 / 480              33 / 480         ops/s
[2026-04-03T01:47:35.778+0600][50.127s][info][gc,stats    ]      Memory: Uncommit                                          0 / 0                 0 / 0                 0 / 0                 0 / 0           MB/s
[2026-04-03T01:47:35.778+0600][50.127s][info][gc,stats    ]      Memory: Undo Object Allocation Failed                     0 / 0                 0 / 0                 0 / 0                 0 / 0           ops/s
[2026-04-03T01:47:35.778+0600][50.127s][info][gc,stats    ]      Memory: Undo Object Allocation Succeeded                  0 / 1                 0 / 4                 0 / 4                 0 / 4           ops/s
[2026-04-03T01:47:35.778+0600][50.127s][info][gc,stats    ]      Memory: Undo Page Allocation                              0 / 1                 0 / 1                 0 / 1                 0 / 1           ops/s
[2026-04-03T01:47:35.778+0600][50.127s][info][gc,stats    ]       Phase: Concurrent Mark                             726.610 / 1628.423    490.144 / 1732.590    490.144 / 1732.590    490.144 / 1732.590    ms
[2026-04-03T01:47:35.778+0600][50.127s][info][gc,stats    ]       Phase: Concurrent Mark Continue                      0.000 / 0.000         0.000 / 0.000         0.000 / 0.000         0.000 / 0.000       ms
[2026-04-03T01:47:35.778+0600][50.127s][info][gc,stats    ]       Phase: Concurrent Mark Free                          0.003 / 0.006         0.003 / 0.008         0.003 / 0.008         0.003 / 0.008       ms
[2026-04-03T01:47:35.778+0600][50.127s][info][gc,stats    ]       Phase: Concurrent Process Non-Strong References     21.255 / 36.321       15.174 / 36.321       15.174 / 36.321       15.174 / 36.321      ms
[2026-04-03T01:47:35.778+0600][50.127s][info][gc,stats    ]       Phase: Concurrent Relocate                          89.570 / 169.628     104.453 / 1112.748    104.453 / 1112.748    104.453 / 1112.748    ms
[2026-04-03T01:47:35.778+0600][50.127s][info][gc,stats    ]       Phase: Concurrent Reset Relocation Set               0.039 / 0.081         0.043 / 0.285         0.043 / 0.285         0.043 / 0.285       ms
[2026-04-03T01:47:35.778+0600][50.127s][info][gc,stats    ]       Phase: Concurrent Select Relocation Set             42.360 / 114.704      30.608 / 266.030      30.608 / 266.030      30.608 / 266.030     ms
[2026-04-03T01:47:35.778+0600][50.127s][info][gc,stats    ]       Phase: Pause Mark End                                0.036 / 0.050         0.035 / 0.067         0.035 / 0.067         0.035 / 0.067       ms
[2026-04-03T01:47:35.778+0600][50.127s][info][gc,stats    ]       Phase: Pause Mark Start                              0.015 / 0.020         0.025 / 0.158         0.025 / 0.158         0.025 / 0.158       ms
[2026-04-03T01:47:35.778+0600][50.127s][info][gc,stats    ]       Phase: Pause Relocate Start                          0.024 / 0.042         0.023 / 0.042         0.023 / 0.042         0.023 / 0.042       ms
[2026-04-03T01:47:35.778+0600][50.127s][info][gc,stats    ]    Subphase: Concurrent Classes Purge                      0.289 / 0.481         0.362 / 1.069         0.362 / 1.069         0.362 / 1.069       ms
[2026-04-03T01:47:35.778+0600][50.127s][info][gc,stats    ]    Subphase: Concurrent Classes Unlink                    17.760 / 32.776       12.281 / 32.776       12.281 / 32.776       12.281 / 32.776      ms
[2026-04-03T01:47:35.778+0600][50.127s][info][gc,stats    ]    Subphase: Concurrent Mark                             643.027 / 1626.306    444.359 / 1729.623    444.359 / 1729.623    444.359 / 1729.623    ms
[2026-04-03T01:47:35.778+0600][50.127s][info][gc,stats    ]    Subphase: Concurrent Mark Try Flush                     0.353 / 2.442         0.261 / 2.442         0.261 / 2.442         0.261 / 2.442       ms
[2026-04-03T01:47:35.778+0600][50.127s][info][gc,stats    ]    Subphase: Concurrent Mark Try Terminate                 0.757 / 1.198         1.077 / 4.226         1.077 / 4.226         1.077 / 4.226       ms
[2026-04-03T01:47:35.778+0600][50.127s][info][gc,stats    ]    Subphase: Concurrent References Enqueue                 0.009 / 0.012         0.007 / 0.023         0.007 / 0.023         0.007 / 0.023       ms
[2026-04-03T01:47:35.778+0600][50.127s][info][gc,stats    ]    Subphase: Concurrent References Process                 0.564 / 0.750         0.482 / 0.822         0.482 / 0.822         0.482 / 0.822       ms
[2026-04-03T01:47:35.778+0600][50.127s][info][gc,stats    ]    Subphase: Concurrent Roots ClassLoaderDataGraph         0.294 / 0.784         0.331 / 1.153         0.331 / 1.153         0.331 / 1.153       ms
[2026-04-03T01:47:35.778+0600][50.127s][info][gc,stats    ]    Subphase: Concurrent Roots CodeCache                    0.000 / 0.000         0.000 / 0.000         0.000 / 0.000         0.000 / 0.000       ms
[2026-04-03T01:47:35.778+0600][50.127s][info][gc,stats    ]    Subphase: Concurrent Roots JavaThreads                  0.641 / 1.434         0.833 / 2.718         0.833 / 2.718         0.833 / 2.718       ms
[2026-04-03T01:47:35.778+0600][50.127s][info][gc,stats    ]    Subphase: Concurrent Roots OopStorageSet                0.060 / 0.101         0.073 / 0.181         0.073 / 0.181         0.073 / 0.181       ms
[2026-04-03T01:47:35.778+0600][50.127s][info][gc,stats    ]    Subphase: Concurrent Weak Roots OopStorageSet           1.663 / 2.428         1.225 / 2.514         1.225 / 2.514         1.225 / 2.514       ms
[2026-04-03T01:47:35.778+0600][50.127s][info][gc,stats    ]    Subphase: Pause Mark Try Complete                       0.000 / 0.000         0.000 / 0.000         0.000 / 0.000         0.000 / 0.000       ms
[2026-04-03T01:47:35.778+0600][50.127s][info][gc,stats    ]      System: Java Threads                                    113 / 134              69 / 134              69 / 134              69 / 134         threads
[2026-04-03T01:47:35.778+0600][50.128s][info][gc,stats    ] =========================================================================================================================================================
[2026-04-03T01:47:36.188+0600][50.537s][info][gc,phases   ] GC(19) Concurrent Relocate 428.445ms
[2026-04-03T01:47:36.188+0600][50.538s][info][gc,load     ] GC(19) Load: 5.67/6.53/7.23
[2026-04-03T01:47:36.189+0600][50.538s][info][gc,mmu      ] GC(19) MMU: 2ms/92.1%, 5ms/96.8%, 10ms/98.4%, 20ms/99.2%, 50ms/99.7%, 100ms/99.8%
[2026-04-03T01:47:36.189+0600][50.538s][info][gc,marking  ] GC(19) Mark: 2 stripe(s), 2 proactive flush(es), 1 terminate flush(es), 0 completion(s), 0 continuation(s) 
[2026-04-03T01:47:36.189+0600][50.538s][info][gc,marking  ] GC(19) Mark Stack Usage: 32M
[2026-04-03T01:47:36.189+0600][50.538s][info][gc,nmethod  ] GC(19) NMethods: 6455 registered, 402 unregistered
[2026-04-03T01:47:36.189+0600][50.538s][info][gc,metaspace] GC(19) Metaspace: 71M used, 72M committed, 1088M reserved
[2026-04-03T01:47:36.189+0600][50.538s][info][gc,ref      ] GC(19) Soft: 3403 encountered, 0 discovered, 0 enqueued
[2026-04-03T01:47:36.189+0600][50.538s][info][gc,ref      ] GC(19) Weak: 6360 encountered, 799 discovered, 37 enqueued
[2026-04-03T01:47:36.189+0600][50.538s][info][gc,ref      ] GC(19) Final: 84 encountered, 2 discovered, 0 enqueued
[2026-04-03T01:47:36.189+0600][50.538s][info][gc,ref      ] GC(19) Phantom: 599 encountered, 572 discovered, 0 enqueued
[2026-04-03T01:47:36.189+0600][50.538s][info][gc,reloc    ] GC(19) Small Pages: 1000 / 2000M, Empty: 0M, Relocated: 169M, In-Place: 0
[2026-04-03T01:47:36.189+0600][50.538s][info][gc,reloc    ] GC(19) Medium Pages: 2 / 64M, Empty: 32M, Relocated: 0M, In-Place: 0
[2026-04-03T01:47:36.189+0600][50.538s][info][gc,reloc    ] GC(19) Large Pages: 14 / 120M, Empty: 42M, Relocated: 0M, In-Place: 0
[2026-04-03T01:47:36.189+0600][50.538s][info][gc,reloc    ] GC(19) Forwarding Usage: 128M
[2026-04-03T01:47:36.189+0600][50.538s][info][gc,heap     ] GC(19) Min Capacity: 8M(0%)
[2026-04-03T01:47:36.189+0600][50.538s][info][gc,heap     ] GC(19) Max Capacity: 3922M(100%)
[2026-04-03T01:47:36.189+0600][50.538s][info][gc,heap     ] GC(19) Soft Max Capacity: 3922M(100%)
[2026-04-03T01:47:36.189+0600][50.538s][info][gc,heap     ] GC(19)                Mark Start          Mark End        Relocate Start      Relocate End           High               Low         
[2026-04-03T01:47:36.189+0600][50.538s][info][gc,heap     ] GC(19)  Capacity:     3922M (100%)       3922M (100%)       3922M (100%)       3922M (100%)       3922M (100%)       3922M (100%)   
[2026-04-03T01:47:36.189+0600][50.538s][info][gc,heap     ] GC(19)      Free:     1738M (44%)        1270M (32%)        1324M (34%)        2944M (75%)        2944M (75%)        1266M (32%)    
[2026-04-03T01:47:36.189+0600][50.538s][info][gc,heap     ] GC(19)      Used:     2184M (56%)        2652M (68%)        2598M (66%)         978M (25%)        2656M (68%)         978M (25%)    
[2026-04-03T01:47:36.189+0600][50.538s][info][gc,heap     ] GC(19)      Live:         -               421M (11%)         421M (11%)         421M (11%)            -                  -          
[2026-04-03T01:47:36.189+0600][50.538s][info][gc,heap     ] GC(19) Allocated:         -               468M (12%)         488M (12%)         509M (13%)            -                  -          
[2026-04-03T01:47:36.189+0600][50.538s][info][gc,heap     ] GC(19)   Garbage:         -              1762M (45%)        1688M (43%)          47M (1%)             -                  -          
[2026-04-03T01:47:36.189+0600][50.538s][info][gc,heap     ] GC(19) Reclaimed:         -                  -                74M (2%)         1715M (44%)            -                  -          
[2026-04-03T01:47:36.189+0600][50.538s][info][gc          ] GC(19) Garbage Collection (Allocation Rate) 2184M(56%)->978M(25%)
[2026-04-03T01:47:36.278+0600][50.627s][info][gc,start    ] GC(20) Garbage Collection (Allocation Rate)
[2026-04-03T01:47:36.278+0600][50.627s][info][gc,task     ] GC(20) Using 3 workers
[2026-04-03T01:47:36.278+0600][50.627s][info][gc,phases   ] GC(20) Pause Mark Start 0.013ms
[2026-04-03T01:47:36.815+0600][51.164s][info][gc,phases   ] GC(20) Concurrent Mark 536.890ms
[2026-04-03T01:47:36.816+0600][51.165s][info][gc,phases   ] GC(20) Pause Mark End 0.047ms
[2026-04-03T01:47:36.816+0600][51.165s][info][gc,phases   ] GC(20) Concurrent Mark Free 0.004ms
[2026-04-03T01:47:36.828+0600][51.177s][info][gc,phases   ] GC(20) Concurrent Process Non-Strong References 11.899ms
[2026-04-03T01:47:36.828+0600][51.177s][info][gc,phases   ] GC(20) Concurrent Reset Relocation Set 0.153ms
[2026-04-03T01:47:36.852+0600][51.201s][info][gc,phases   ] GC(20) Concurrent Select Relocation Set 24.055ms
[2026-04-03T01:47:36.853+0600][51.202s][info][gc,phases   ] GC(20) Pause Relocate Start 0.022ms
[2026-04-03T01:47:36.915+0600][51.264s][info][gc,phases   ] GC(20) Concurrent Relocate 62.226ms
[2026-04-03T01:47:36.915+0600][51.264s][info][gc,load     ] GC(20) Load: 5.67/6.53/7.23
[2026-04-03T01:47:36.915+0600][51.264s][info][gc,mmu      ] GC(20) MMU: 2ms/92.1%, 5ms/96.8%, 10ms/98.4%, 20ms/99.2%, 50ms/99.7%, 100ms/99.8%
[2026-04-03T01:47:36.915+0600][51.264s][info][gc,marking  ] GC(20) Mark: 2 stripe(s), 2 proactive flush(es), 1 terminate flush(es), 0 completion(s), 0 continuation(s) 
[2026-04-03T01:47:36.915+0600][51.265s][info][gc,marking  ] GC(20) Mark Stack Usage: 32M
[2026-04-03T01:47:36.915+0600][51.265s][info][gc,nmethod  ] GC(20) NMethods: 6505 registered, 421 unregistered
[2026-04-03T01:47:36.916+0600][51.265s][info][gc,metaspace] GC(20) Metaspace: 71M used, 72M committed, 1088M reserved
[2026-04-03T01:47:36.916+0600][51.265s][info][gc,ref      ] GC(20) Soft: 3401 encountered, 0 discovered, 0 enqueued
[2026-04-03T01:47:36.916+0600][51.265s][info][gc,ref      ] GC(20) Weak: 6411 encountered, 952 discovered, 3 enqueued
[2026-04-03T01:47:36.916+0600][51.265s][info][gc,ref      ] GC(20) Final: 84 encountered, 2 discovered, 0 enqueued
[2026-04-03T01:47:36.916+0600][51.265s][info][gc,ref      ] GC(20) Phantom: 600 encountered, 580 discovered, 0 enqueued
[2026-04-03T01:47:36.916+0600][51.265s][info][gc,reloc    ] GC(20) Small Pages: 401 / 802M, Empty: 390M, Relocated: 29M, In-Place: 0
[2026-04-03T01:47:36.916+0600][51.265s][info][gc,reloc    ] GC(20) Medium Pages: 2 / 64M, Empty: 32M, Relocated: 0M, In-Place: 0
[2026-04-03T01:47:36.916+0600][51.265s][info][gc,reloc    ] GC(20) Large Pages: 9 / 114M, Empty: 96M, Relocated: 0M, In-Place: 0
[2026-04-03T01:47:36.916+0600][51.265s][info][gc,reloc    ] GC(20) Forwarding Usage: 27M
[2026-04-03T01:47:36.916+0600][51.265s][info][gc,heap     ] GC(20) Min Capacity: 8M(0%)
[2026-04-03T01:47:36.916+0600][51.265s][info][gc,heap     ] GC(20) Max Capacity: 3922M(100%)
[2026-04-03T01:47:36.916+0600][51.265s][info][gc,heap     ] GC(20) Soft Max Capacity: 3922M(100%)
[2026-04-03T01:47:36.916+0600][51.265s][info][gc,heap     ] GC(20)                Mark Start          Mark End        Relocate Start      Relocate End           High               Low         
[2026-04-03T01:47:36.916+0600][51.265s][info][gc,heap     ] GC(20)  Capacity:     3922M (100%)       3922M (100%)       3922M (100%)       3922M (100%)       3922M (100%)       3922M (100%)   
[2026-04-03T01:47:36.916+0600][51.265s][info][gc,heap     ] GC(20)      Free:     2942M (75%)        2734M (70%)        3238M (83%)        3414M (87%)        3416M (87%)        2724M (69%)    
[2026-04-03T01:47:36.916+0600][51.265s][info][gc,heap     ] GC(20)      Used:      980M (25%)        1188M (30%)         684M (17%)         508M (13%)        1198M (31%)         506M (13%)    
[2026-04-03T01:47:36.916+0600][51.265s][info][gc,heap     ] GC(20)      Live:         -               216M (6%)          216M (6%)          216M (6%)             -                  -          
[2026-04-03T01:47:36.916+0600][51.265s][info][gc,heap     ] GC(20) Allocated:         -               208M (5%)          222M (6%)          247M (6%)             -                  -          
[2026-04-03T01:47:36.916+0600][51.265s][info][gc,heap     ] GC(20)   Garbage:         -               763M (19%)         245M (6%)           43M (1%)             -                  -          
[2026-04-03T01:47:36.916+0600][51.265s][info][gc,heap     ] GC(20) Reclaimed:         -                  -               518M (13%)         719M (18%)            -                  -          
[2026-04-03T01:47:36.916+0600][51.265s][info][gc          ] GC(20) Garbage Collection (Allocation Rate) 980M(25%)->508M(13%)
[2026-04-03T01:47:37.278+0600][51.627s][info][gc,start    ] GC(21) Garbage Collection (Allocation Rate)
[2026-04-03T01:47:37.278+0600][51.627s][info][gc,task     ] GC(21) Using 3 workers
[2026-04-03T01:47:37.278+0600][51.627s][info][gc,phases   ] GC(21) Pause Mark Start 0.024ms
[2026-04-03T01:47:38.037+0600][52.386s][info][gc,phases   ] GC(21) Concurrent Mark 758.121ms
[2026-04-03T01:47:38.037+0600][52.386s][info][gc,phases   ] GC(21) Pause Mark End 0.038ms
[2026-04-03T01:47:38.037+0600][52.386s][info][gc,phases   ] GC(21) Concurrent Mark Free 0.004ms
[2026-04-03T01:47:38.048+0600][52.397s][info][gc,phases   ] GC(21) Concurrent Process Non-Strong References 11.052ms
[2026-04-03T01:47:38.049+0600][52.398s][info][gc,phases   ] GC(21) Concurrent Reset Relocation Set 0.021ms
[2026-04-03T01:47:38.078+0600][52.427s][info][gc,phases   ] GC(21) Concurrent Select Relocation Set 28.965ms
[2026-04-03T01:47:38.078+0600][52.427s][info][gc,phases   ] GC(21) Pause Relocate Start 0.019ms
[2026-04-03T01:47:38.209+0600][52.558s][info][gc,phases   ] GC(21) Concurrent Relocate 130.956ms
[2026-04-03T01:47:38.209+0600][52.558s][info][gc,load     ] GC(21) Load: 5.67/6.53/7.23
[2026-04-03T01:47:38.209+0600][52.558s][info][gc,mmu      ] GC(21) MMU: 2ms/92.1%, 5ms/96.8%, 10ms/98.4%, 20ms/99.2%, 50ms/99.7%, 100ms/99.8%
[2026-04-03T01:47:38.209+0600][52.558s][info][gc,marking  ] GC(21) Mark: 2 stripe(s), 2 proactive flush(es), 1 terminate flush(es), 0 completion(s), 0 continuation(s) 
[2026-04-03T01:47:38.209+0600][52.558s][info][gc,marking  ] GC(21) Mark Stack Usage: 32M
[2026-04-03T01:47:38.209+0600][52.558s][info][gc,nmethod  ] GC(21) NMethods: 6502 registered, 431 unregistered
[2026-04-03T01:47:38.209+0600][52.558s][info][gc,metaspace] GC(21) Metaspace: 71M used, 72M committed, 1088M reserved
[2026-04-03T01:47:38.209+0600][52.558s][info][gc,ref      ] GC(21) Soft: 3406 encountered, 0 discovered, 0 enqueued
[2026-04-03T01:47:38.209+0600][52.558s][info][gc,ref      ] GC(21) Weak: 6563 encountered, 1130 discovered, 91 enqueued
[2026-04-03T01:47:38.209+0600][52.558s][info][gc,ref      ] GC(21) Final: 84 encountered, 2 discovered, 0 enqueued
[2026-04-03T01:47:38.209+0600][52.558s][info][gc,ref      ] GC(21) Phantom: 599 encountered, 574 discovered, 0 enqueued
[2026-04-03T01:47:38.209+0600][52.558s][info][gc,reloc    ] GC(21) Small Pages: 318 / 636M, Empty: 18M, Relocated: 96M, In-Place: 0
[2026-04-03T01:47:38.209+0600][52.559s][info][gc,reloc    ] GC(21) Medium Pages: 2 / 64M, Empty: 32M, Relocated: 0M, In-Place: 0
[2026-04-03T01:47:38.209+0600][52.559s][info][gc,reloc    ] GC(21) Large Pages: 14 / 120M, Empty: 60M, Relocated: 0M, In-Place: 0
[2026-04-03T01:47:38.209+0600][52.559s][info][gc,reloc    ] GC(21) Forwarding Usage: 60M
[2026-04-03T01:47:38.210+0600][52.559s][info][gc,heap     ] GC(21) Min Capacity: 8M(0%)
[2026-04-03T01:47:38.210+0600][52.559s][info][gc,heap     ] GC(21) Max Capacity: 3922M(100%)
[2026-04-03T01:47:38.210+0600][52.559s][info][gc,heap     ] GC(21) Soft Max Capacity: 3922M(100%)
[2026-04-03T01:47:38.210+0600][52.559s][info][gc,heap     ] GC(21)                Mark Start          Mark End        Relocate Start      Relocate End           High               Low         
[2026-04-03T01:47:38.210+0600][52.559s][info][gc,heap     ] GC(21)  Capacity:     3922M (100%)       3922M (100%)       3922M (100%)       3922M (100%)       3922M (100%)       3922M (100%)   
[2026-04-03T01:47:38.210+0600][52.559s][info][gc,heap     ] GC(21)      Free:     3102M (79%)        2476M (63%)        2544M (65%)        2784M (71%)        3102M (79%)        2464M (63%)    
[2026-04-03T01:47:38.210+0600][52.559s][info][gc,heap     ] GC(21)      Used:      820M (21%)        1446M (37%)        1378M (35%)        1138M (29%)        1458M (37%)         820M (21%)    
[2026-04-03T01:47:38.210+0600][52.559s][info][gc,heap     ] GC(21)      Live:         -               335M (9%)          335M (9%)          335M (9%)             -                  -          
[2026-04-03T01:47:38.210+0600][52.559s][info][gc,heap     ] GC(21) Allocated:         -               626M (16%)         668M (17%)         753M (19%)            -                  -          
[2026-04-03T01:47:38.210+0600][52.559s][info][gc,heap     ] GC(21)   Garbage:         -               484M (12%)         374M (10%)          49M (1%)             -                  -          
[2026-04-03T01:47:38.210+0600][52.559s][info][gc,heap     ] GC(21) Reclaimed:         -                  -               110M (3%)          435M (11%)            -                  -          
[2026-04-03T01:47:38.210+0600][52.559s][info][gc          ] GC(21) Garbage Collection (Allocation Rate) 820M(21%)->1138M(29%)
[2026-04-03T01:47:38.978+0600][53.327s][info][gc,start    ] GC(22) Garbage Collection (Allocation Rate)
[2026-04-03T01:47:38.978+0600][53.327s][info][gc,task     ] GC(22) Using 3 workers
[2026-04-03T01:47:38.979+0600][53.328s][info][gc,phases   ] GC(22) Pause Mark Start 0.023ms
[2026-04-03T01:47:40.090+0600][54.439s][info][gc,phases   ] GC(22) Concurrent Mark 1111.039ms
[2026-04-03T01:47:40.090+0600][54.439s][info][gc,phases   ] GC(22) Pause Mark End 0.039ms
[2026-04-03T01:47:40.091+0600][54.440s][info][gc,phases   ] GC(22) Concurrent Mark Free 0.004ms
[2026-04-03T01:47:40.102+0600][54.451s][info][gc,phases   ] GC(22) Concurrent Process Non-Strong References 11.355ms
[2026-04-03T01:47:40.102+0600][54.451s][info][gc,phases   ] GC(22) Concurrent Reset Relocation Set 0.033ms
[2026-04-03T01:47:40.136+0600][54.486s][info][gc,phases   ] GC(22) Concurrent Select Relocation Set 34.211ms
[2026-04-03T01:47:40.137+0600][54.486s][info][gc,phases   ] GC(22) Pause Relocate Start 0.028ms
[2026-04-03T01:47:40.388+0600][54.737s][info][gc,phases   ] GC(22) Concurrent Relocate 250.815ms
[2026-04-03T01:47:40.388+0600][54.737s][info][gc,load     ] GC(22) Load: 5.78/6.54/7.23
[2026-04-03T01:47:40.388+0600][54.737s][info][gc,mmu      ] GC(22) MMU: 2ms/92.1%, 5ms/96.8%, 10ms/98.4%, 20ms/99.2%, 50ms/99.7%, 100ms/99.8%
[2026-04-03T01:47:40.388+0600][54.737s][info][gc,marking  ] GC(22) Mark: 2 stripe(s), 2 proactive flush(es), 1 terminate flush(es), 0 completion(s), 0 continuation(s) 
[2026-04-03T01:47:40.388+0600][54.737s][info][gc,marking  ] GC(22) Mark Stack Usage: 32M
[2026-04-03T01:47:40.388+0600][54.737s][info][gc,nmethod  ] GC(22) NMethods: 6505 registered, 431 unregistered
[2026-04-03T01:47:40.388+0600][54.737s][info][gc,metaspace] GC(22) Metaspace: 71M used, 72M committed, 1088M reserved
[2026-04-03T01:47:40.388+0600][54.737s][info][gc,ref      ] GC(22) Soft: 3406 encountered, 0 discovered, 0 enqueued
[2026-04-03T01:47:40.388+0600][54.737s][info][gc,ref      ] GC(22) Weak: 6480 encountered, 988 discovered, 79 enqueued
[2026-04-03T01:47:40.388+0600][54.737s][info][gc,ref      ] GC(22) Final: 84 encountered, 2 discovered, 0 enqueued
[2026-04-03T01:47:40.388+0600][54.737s][info][gc,ref      ] GC(22) Phantom: 599 encountered, 579 discovered, 0 enqueued
[2026-04-03T01:47:40.388+0600][54.738s][info][gc,reloc    ] GC(22) Small Pages: 863 / 1726M, Empty: 0M, Relocated: 106M, In-Place: 0
[2026-04-03T01:47:40.388+0600][54.738s][info][gc,reloc    ] GC(22) Medium Pages: 2 / 64M, Empty: 32M, Relocated: 0M, In-Place: 0
[2026-04-03T01:47:40.389+0600][54.738s][info][gc,reloc    ] GC(22) Large Pages: 12 / 108M, Empty: 48M, Relocated: 0M, In-Place: 0
[2026-04-03T01:47:40.389+0600][54.738s][info][gc,reloc    ] GC(22) Forwarding Usage: 95M
[2026-04-03T01:47:40.389+0600][54.738s][info][gc,heap     ] GC(22) Min Capacity: 8M(0%)
[2026-04-03T01:47:40.389+0600][54.738s][info][gc,heap     ] GC(22) Max Capacity: 3922M(100%)
[2026-04-03T01:47:40.389+0600][54.738s][info][gc,heap     ] GC(22) Soft Max Capacity: 3922M(100%)
[2026-04-03T01:47:40.389+0600][54.738s][info][gc,heap     ] GC(22)                Mark Start          Mark End        Relocate Start      Relocate End           High               Low         
[2026-04-03T01:47:40.389+0600][54.738s][info][gc,heap     ] GC(22)  Capacity:     3922M (100%)       3922M (100%)       3922M (100%)       3922M (100%)       3922M (100%)       3922M (100%)   
[2026-04-03T01:47:40.389+0600][54.738s][info][gc,heap     ] GC(22)      Free:     2024M (52%)        1596M (41%)        1676M (43%)        3044M (78%)        3044M (78%)        1596M (41%)    
[2026-04-03T01:47:40.389+0600][54.738s][info][gc,heap     ] GC(22)      Used:     1898M (48%)        2326M (59%)        2246M (57%)         878M (22%)        2326M (59%)         878M (22%)    
[2026-04-03T01:47:40.389+0600][54.738s][info][gc,heap     ] GC(22)      Live:         -               400M (10%)         400M (10%)         400M (10%)            -                  -          
[2026-04-03T01:47:40.389+0600][54.738s][info][gc,heap     ] GC(22) Allocated:         -               428M (11%)         428M (11%)         426M (11%)            -                  -          
[2026-04-03T01:47:40.389+0600][54.738s][info][gc,heap     ] GC(22)   Garbage:         -              1497M (38%)        1417M (36%)          50M (1%)             -                  -          
[2026-04-03T01:47:40.389+0600][54.738s][info][gc,heap     ] GC(22) Reclaimed:         -                  -                80M (2%)         1446M (37%)            -                  -          
[2026-04-03T01:47:40.389+0600][54.738s][info][gc          ] GC(22) Garbage Collection (Allocation Rate) 1898M(48%)->878M(22%)
[2026-04-03T01:47:40.478+0600][54.827s][info][gc,start    ] GC(23) Garbage Collection (Allocation Rate)
[2026-04-03T01:47:40.478+0600][54.827s][info][gc,task     ] GC(23) Using 3 workers
[2026-04-03T01:47:40.478+0600][54.827s][info][gc,phases   ] GC(23) Pause Mark Start 0.014ms
[2026-04-03T01:47:41.376+0600][55.725s][info][gc,phases   ] GC(23) Concurrent Mark 897.785ms
[2026-04-03T01:47:41.376+0600][55.725s][info][gc,phases   ] GC(23) Pause Mark End 0.036ms
[2026-04-03T01:47:41.376+0600][55.726s][info][gc,phases   ] GC(23) Concurrent Mark Free 0.002ms
[2026-04-03T01:47:41.388+0600][55.737s][info][gc,phases   ] GC(23) Concurrent Process Non-Strong References 10.963ms
[2026-04-03T01:47:41.388+0600][55.737s][info][gc,phases   ] GC(23) Concurrent Reset Relocation Set 0.219ms
[2026-04-03T01:47:41.404+0600][55.753s][info][gc,phases   ] GC(23) Concurrent Select Relocation Set 16.522ms
[2026-04-03T01:47:41.405+0600][55.754s][info][gc,phases   ] GC(23) Pause Relocate Start 0.021ms
[2026-04-03T01:47:41.469+0600][55.818s][info][gc,phases   ] GC(23) Concurrent Relocate 64.292ms
[2026-04-03T01:47:41.469+0600][55.818s][info][gc,load     ] GC(23) Load: 5.78/6.54/7.23
[2026-04-03T01:47:41.469+0600][55.819s][info][gc,mmu      ] GC(23) MMU: 2ms/92.1%, 5ms/96.8%, 10ms/98.4%, 20ms/99.2%, 50ms/99.7%, 100ms/99.8%
[2026-04-03T01:47:41.469+0600][55.819s][info][gc,marking  ] GC(23) Mark: 2 stripe(s), 10 proactive flush(es), 1 terminate flush(es), 0 completion(s), 0 continuation(s) 
[2026-04-03T01:47:41.470+0600][55.819s][info][gc,marking  ] GC(23) Mark Stack Usage: 32M
[2026-04-03T01:47:41.470+0600][55.819s][info][gc,nmethod  ] GC(23) NMethods: 6592 registered, 434 unregistered
[2026-04-03T01:47:41.470+0600][55.819s][info][gc,metaspace] GC(23) Metaspace: 71M used, 72M committed, 1088M reserved
[2026-04-03T01:47:41.470+0600][55.819s][info][gc,ref      ] GC(23) Soft: 3406 encountered, 0 discovered, 0 enqueued
[2026-04-03T01:47:41.470+0600][55.819s][info][gc,ref      ] GC(23) Weak: 6395 encountered, 931 discovered, 0 enqueued
[2026-04-03T01:47:41.470+0600][55.819s][info][gc,ref      ] GC(23) Final: 84 encountered, 2 discovered, 0 enqueued
[2026-04-03T01:47:41.470+0600][55.819s][info][gc,ref      ] GC(23) Phantom: 599 encountered, 574 discovered, 0 enqueued
[2026-04-03T01:47:41.470+0600][55.819s][info][gc,reloc    ] GC(23) Small Pages: 350 / 700M, Empty: 80M, Relocated: 24M, In-Place: 0
[2026-04-03T01:47:41.470+0600][55.819s][info][gc,reloc    ] GC(23) Medium Pages: 2 / 64M, Empty: 0M, Relocated: 20M, In-Place: 0
[2026-04-03T01:47:41.470+0600][55.819s][info][gc,reloc    ] GC(23) Large Pages: 9 / 114M, Empty: 60M, Relocated: 0M, In-Place: 0
[2026-04-03T01:47:41.470+0600][55.819s][info][gc,reloc    ] GC(23) Forwarding Usage: 22M
[2026-04-03T01:47:41.470+0600][55.819s][info][gc,heap     ] GC(23) Min Capacity: 8M(0%)
[2026-04-03T01:47:41.470+0600][55.819s][info][gc,heap     ] GC(23) Max Capacity: 3922M(100%)
[2026-04-03T01:47:41.470+0600][55.819s][info][gc,heap     ] GC(23) Soft Max Capacity: 3922M(100%)
[2026-04-03T01:47:41.470+0600][55.819s][info][gc,heap     ] GC(23)                Mark Start          Mark End        Relocate Start      Relocate End           High               Low         
[2026-04-03T01:47:41.470+0600][55.819s][info][gc,heap     ] GC(23)  Capacity:     3922M (100%)       3922M (100%)       3922M (100%)       3922M (100%)       3922M (100%)       3922M (100%)   
[2026-04-03T01:47:41.470+0600][55.819s][info][gc,heap     ] GC(23)      Free:     3044M (78%)        2756M (70%)        2876M (73%)        3232M (82%)        3232M (82%)        2746M (70%)    
[2026-04-03T01:47:41.470+0600][55.819s][info][gc,heap     ] GC(23)      Used:      878M (22%)        1166M (30%)        1046M (27%)         690M (18%)        1176M (30%)         690M (18%)    
[2026-04-03T01:47:41.470+0600][55.819s][info][gc,heap     ] GC(23)      Live:         -               315M (8%)          315M (8%)          315M (8%)             -                  -          
[2026-04-03T01:47:41.470+0600][55.819s][info][gc,heap     ] GC(23) Allocated:         -               288M (7%)          308M (8%)          331M (8%)             -                  -          
[2026-04-03T01:47:41.470+0600][55.819s][info][gc,heap     ] GC(23)   Garbage:         -               562M (14%)         422M (11%)          42M (1%)             -                  -          
[2026-04-03T01:47:41.470+0600][55.819s][info][gc,heap     ] GC(23) Reclaimed:         -                  -               140M (4%)          519M (13%)            -                  -          
[2026-04-03T01:47:41.470+0600][55.819s][info][gc          ] GC(23) Garbage Collection (Allocation Rate) 878M(22%)->690M(18%)
[2026-04-03T01:47:41.877+0600][56.226s][info][gc,start    ] GC(24) Garbage Collection (Allocation Rate)
[2026-04-03T01:47:41.877+0600][56.226s][info][gc,task     ] GC(24) Using 3 workers
[2026-04-03T01:47:41.878+0600][56.227s][info][gc,phases   ] GC(24) Pause Mark Start 0.032ms
[2026-04-03T01:47:42.449+0600][56.798s][info][gc,phases   ] GC(24) Concurrent Mark 571.162ms
[2026-04-03T01:47:42.450+0600][56.799s][info][gc,phases   ] GC(24) Pause Mark End 0.053ms
[2026-04-03T01:47:42.450+0600][56.799s][info][gc,phases   ] GC(24) Concurrent Mark Free 0.004ms
[2026-04-03T01:47:42.461+0600][56.810s][info][gc,phases   ] GC(24) Concurrent Process Non-Strong References 11.203ms
[2026-04-03T01:47:42.461+0600][56.810s][info][gc,phases   ] GC(24) Concurrent Reset Relocation Set 0.025ms
[2026-04-03T01:47:42.475+0600][56.824s][info][gc,phases   ] GC(24) Concurrent Select Relocation Set 13.132ms
[2026-04-03T01:47:42.475+0600][56.824s][info][gc,phases   ] GC(24) Pause Relocate Start 0.016ms
[2026-04-03T01:47:42.538+0600][56.887s][info][gc,phases   ] GC(24) Concurrent Relocate 62.105ms
[2026-04-03T01:47:42.538+0600][56.887s][info][gc,load     ] GC(24) Load: 5.78/6.54/7.23
[2026-04-03T01:47:42.538+0600][56.887s][info][gc,mmu      ] GC(24) MMU: 2ms/92.1%, 5ms/96.8%, 10ms/98.4%, 20ms/99.2%, 50ms/99.7%, 100ms/99.8%
[2026-04-03T01:47:42.538+0600][56.887s][info][gc,marking  ] GC(24) Mark: 2 stripe(s), 2 proactive flush(es), 1 terminate flush(es), 0 completion(s), 0 continuation(s) 
[2026-04-03T01:47:42.538+0600][56.887s][info][gc,marking  ] GC(24) Mark Stack Usage: 32M
[2026-04-03T01:47:42.538+0600][56.887s][info][gc,nmethod  ] GC(24) NMethods: 6777 registered, 460 unregistered
[2026-04-03T01:47:42.538+0600][56.887s][info][gc,metaspace] GC(24) Metaspace: 71M used, 72M committed, 1088M reserved
[2026-04-03T01:47:42.538+0600][56.887s][info][gc,ref      ] GC(24) Soft: 3406 encountered, 0 discovered, 0 enqueued
[2026-04-03T01:47:42.538+0600][56.887s][info][gc,ref      ] GC(24) Weak: 6643 encountered, 1112 discovered, 212 enqueued
[2026-04-03T01:47:42.538+0600][56.887s][info][gc,ref      ] GC(24) Final: 84 encountered, 4 discovered, 0 enqueued
[2026-04-03T01:47:42.538+0600][56.887s][info][gc,ref      ] GC(24) Phantom: 599 encountered, 419 discovered, 0 enqueued
[2026-04-03T01:47:42.538+0600][56.887s][info][gc,reloc    ] GC(24) Small Pages: 370 / 740M, Empty: 342M, Relocated: 25M, In-Place: 0
[2026-04-03T01:47:42.538+0600][56.887s][info][gc,reloc    ] GC(24) Medium Pages: 2 / 64M, Empty: 32M, Relocated: 0M, In-Place: 0
[2026-04-03T01:47:42.538+0600][56.887s][info][gc,reloc    ] GC(24) Large Pages: 17 / 162M, Empty: 132M, Relocated: 0M, In-Place: 0
[2026-04-03T01:47:42.538+0600][56.887s][info][gc,reloc    ] GC(24) Forwarding Usage: 27M
[2026-04-03T01:47:42.538+0600][56.887s][info][gc,heap     ] GC(24) Min Capacity: 8M(0%)
[2026-04-03T01:47:42.538+0600][56.887s][info][gc,heap     ] GC(24) Max Capacity: 3922M(100%)
[2026-04-03T01:47:42.538+0600][56.887s][info][gc,heap     ] GC(24) Soft Max Capacity: 3922M(100%)
[2026-04-03T01:47:42.538+0600][56.887s][info][gc,heap     ] GC(24)                Mark Start          Mark End        Relocate Start      Relocate End           High               Low         
[2026-04-03T01:47:42.538+0600][56.887s][info][gc,heap     ] GC(24)  Capacity:     3922M (100%)       3922M (100%)       3922M (100%)       3922M (100%)       3922M (100%)       3922M (100%)   
[2026-04-03T01:47:42.538+0600][56.887s][info][gc,heap     ] GC(24)      Free:     2956M (75%)        2684M (68%)        3178M (81%)        3356M (86%)        3356M (86%)        2680M (68%)    
[2026-04-03T01:47:42.538+0600][56.887s][info][gc,heap     ] GC(24)      Used:      966M (25%)        1238M (32%)         744M (19%)         566M (14%)        1242M (32%)         566M (14%)    
[2026-04-03T01:47:42.538+0600][56.887s][info][gc,heap     ] GC(24)      Live:         -               223M (6%)          223M (6%)          223M (6%)             -                  -          
[2026-04-03T01:47:42.538+0600][56.887s][info][gc,heap     ] GC(24) Allocated:         -               272M (7%)          284M (7%)          299M (8%)             -                  -          
[2026-04-03T01:47:42.538+0600][56.887s][info][gc,heap     ] GC(24)   Garbage:         -               742M (19%)         236M (6%)           42M (1%)             -                  -          
[2026-04-03T01:47:42.538+0600][56.887s][info][gc,heap     ] GC(24) Reclaimed:         -                  -               506M (13%)         699M (18%)            -                  -          
[2026-04-03T01:47:42.538+0600][56.887s][info][gc          ] GC(24) Garbage Collection (Allocation Rate) 966M(25%)->566M(14%)
[2026-04-03T01:47:43.677+0600][58.026s][info][gc,start    ] GC(25) Garbage Collection (Allocation Rate)
[2026-04-03T01:47:43.677+0600][58.026s][info][gc,task     ] GC(25) Using 3 workers
[2026-04-03T01:47:43.678+0600][58.027s][info][gc,phases   ] GC(25) Pause Mark Start 0.018ms
[2026-04-03T01:47:44.335+0600][58.684s][info][gc,phases   ] GC(25) Concurrent Mark 657.314ms
[2026-04-03T01:47:44.335+0600][58.685s][info][gc,phases   ] GC(25) Pause Mark End 0.042ms
[2026-04-03T01:47:44.336+0600][58.685s][info][gc,phases   ] GC(25) Concurrent Mark Free 0.004ms
[2026-04-03T01:47:44.350+0600][58.699s][info][gc,phases   ] GC(25) Concurrent Process Non-Strong References 14.342ms
[2026-04-03T01:47:44.350+0600][58.699s][info][gc,phases   ] GC(25) Concurrent Reset Relocation Set 0.040ms
[2026-04-03T01:47:44.395+0600][58.744s][info][gc,phases   ] GC(25) Concurrent Select Relocation Set 44.388ms
[2026-04-03T01:47:44.395+0600][58.744s][info][gc,phases   ] GC(25) Pause Relocate Start 0.025ms
[2026-04-03T01:47:44.595+0600][58.944s][info][gc,phases   ] GC(25) Concurrent Relocate 199.640ms
[2026-04-03T01:47:44.595+0600][58.944s][info][gc,load     ] GC(25) Load: 5.96/6.56/7.23
[2026-04-03T01:47:44.595+0600][58.944s][info][gc,mmu      ] GC(25) MMU: 2ms/92.1%, 5ms/96.8%, 10ms/98.4%, 20ms/99.2%, 50ms/99.7%, 100ms/99.8%
[2026-04-03T01:47:44.595+0600][58.944s][info][gc,marking  ] GC(25) Mark: 2 stripe(s), 10 proactive flush(es), 1 terminate flush(es), 0 completion(s), 0 continuation(s) 
[2026-04-03T01:47:44.595+0600][58.944s][info][gc,marking  ] GC(25) Mark Stack Usage: 32M
[2026-04-03T01:47:44.595+0600][58.944s][info][gc,nmethod  ] GC(25) NMethods: 6821 registered, 480 unregistered
[2026-04-03T01:47:44.595+0600][58.944s][info][gc,metaspace] GC(25) Metaspace: 71M used, 72M committed, 1088M reserved
[2026-04-03T01:47:44.595+0600][58.944s][info][gc,ref      ] GC(25) Soft: 3403 encountered, 0 discovered, 0 enqueued
[2026-04-03T01:47:44.595+0600][58.945s][info][gc,ref      ] GC(25) Weak: 6659 encountered, 1079 discovered, 154 enqueued
[2026-04-03T01:47:44.595+0600][58.945s][info][gc,ref      ] GC(25) Final: 84 encountered, 4 discovered, 0 enqueued
[2026-04-03T01:47:44.596+0600][58.945s][info][gc,ref      ] GC(25) Phantom: 600 encountered, 581 discovered, 0 enqueued
[2026-04-03T01:47:44.596+0600][58.945s][info][gc,reloc    ] GC(25) Small Pages: 639 / 1278M, Empty: 410M, Relocated: 74M, In-Place: 0
[2026-04-03T01:47:44.596+0600][58.945s][info][gc,reloc    ] GC(25) Medium Pages: 2 / 64M, Empty: 0M, Relocated: 11M, In-Place: 0
[2026-04-03T01:47:44.596+0600][58.945s][info][gc,reloc    ] GC(25) Large Pages: 14 / 108M, Empty: 90M, Relocated: 0M, In-Place: 0
[2026-04-03T01:47:44.596+0600][58.945s][info][gc,reloc    ] GC(25) Forwarding Usage: 70M
[2026-04-03T01:47:44.596+0600][58.945s][info][gc,heap     ] GC(25) Min Capacity: 8M(0%)
[2026-04-03T01:47:44.596+0600][58.945s][info][gc,heap     ] GC(25) Max Capacity: 3922M(100%)
[2026-04-03T01:47:44.596+0600][58.945s][info][gc,heap     ] GC(25) Soft Max Capacity: 3922M(100%)
[2026-04-03T01:47:44.596+0600][58.945s][info][gc,heap     ] GC(25)                Mark Start          Mark End        Relocate Start      Relocate End           High               Low         
[2026-04-03T01:47:44.596+0600][58.945s][info][gc,heap     ] GC(25)  Capacity:     3922M (100%)       3922M (100%)       3922M (100%)       3922M (100%)       3922M (100%)       3922M (100%)   
[2026-04-03T01:47:44.596+0600][58.945s][info][gc,heap     ] GC(25)      Free:     2472M (63%)        2328M (59%)        2808M (72%)        3452M (88%)        3452M (88%)        2326M (59%)    
[2026-04-03T01:47:44.596+0600][58.945s][info][gc,heap     ] GC(25)      Used:     1450M (37%)        1594M (41%)        1114M (28%)         470M (12%)        1596M (41%)         470M (12%)    
[2026-04-03T01:47:44.596+0600][58.945s][info][gc,heap     ] GC(25)      Live:         -               257M (7%)          257M (7%)          257M (7%)             -                  -          
[2026-04-03T01:47:44.596+0600][58.945s][info][gc,heap     ] GC(25) Allocated:         -               144M (4%)          164M (4%)          170M (4%)             -                  -          
[2026-04-03T01:47:44.596+0600][58.945s][info][gc,heap     ] GC(25)   Garbage:         -              1192M (30%)         692M (18%)          41M (1%)             -                  -          
[2026-04-03T01:47:44.596+0600][58.945s][info][gc,heap     ] GC(25) Reclaimed:         -                  -               500M (13%)        1150M (29%)            -                  -          
[2026-04-03T01:47:44.596+0600][58.945s][info][gc          ] GC(25) Garbage Collection (Allocation Rate) 1450M(37%)->470M(12%)
[2026-04-03T01:47:45.577+0600][59.926s][info][gc,start    ] GC(26) Garbage Collection (Allocation Rate)
[2026-04-03T01:47:45.577+0600][59.926s][info][gc,task     ] GC(26) Using 3 workers
[2026-04-03T01:47:45.577+0600][59.926s][info][gc,phases   ] GC(26) Pause Mark Start 0.021ms
[2026-04-03T01:47:45.778+0600][60.127s][info][gc,stats    ] === Garbage Collection Statistics =======================================================================================================================
[2026-04-03T01:47:45.778+0600][60.127s][info][gc,stats    ]                                                              Last 10s              Last 10m              Last 10h                Total
[2026-04-03T01:47:45.778+0600][60.127s][info][gc,stats    ]                                                              Avg / Max             Avg / Max             Avg / Max             Avg / Max
[2026-04-03T01:47:45.778+0600][60.127s][info][gc,stats    ]   Collector: Garbage Collection Cycle                   1108.618 / 2210.506    720.121 / 3137.558    720.121 / 3137.558    720.121 / 3137.558    ms
[2026-04-03T01:47:45.778+0600][60.127s][info][gc,stats    ]  Contention: Mark Segment Reset Contention                     3 / 7                 2 / 41                2 / 41                2 / 41          ops/s
[2026-04-03T01:47:45.778+0600][60.127s][info][gc,stats    ]  Contention: Mark SeqNum Reset Contention                      0 / 1                 0 / 2                 0 / 2                 0 / 2           ops/s
[2026-04-03T01:47:45.778+0600][60.127s][info][gc,stats    ]    Critical: Allocation Stall                                  0 / 0                 0 / 3                 0 / 3                 0 / 3           ops/s
[2026-04-03T01:47:45.778+0600][60.127s][info][gc,stats    ]    Critical: Allocation Stall                              0.000 / 0.000       999.896 / 1002.072    999.896 / 1002.072    999.896 / 1002.072    ms
[2026-04-03T01:47:45.778+0600][60.127s][info][gc,stats    ]    Critical: GC Locker Stall                                   0 / 0                 0 / 1                 0 / 1                 0 / 1           ops/s
[2026-04-03T01:47:45.778+0600][60.127s][info][gc,stats    ]    Critical: GC Locker Stall                               0.000 / 0.000         0.002 / 0.002         0.002 / 0.002         0.002 / 0.002       ms
[2026-04-03T01:47:45.778+0600][60.127s][info][gc,stats    ]    Critical: Relocation Stall                                  0 / 0                 0 / 0                 0 / 0                 0 / 0           ops/s
[2026-04-03T01:47:45.778+0600][60.127s][info][gc,stats    ]    Critical: Relocation Stall                              0.000 / 0.000         0.000 / 0.000         0.000 / 0.000         0.000 / 0.000       ms
[2026-04-03T01:47:45.778+0600][60.127s][info][gc,stats    ]      Memory: Allocation Rate                                 553 / 978             420 / 1688            420 / 1688            420 / 1688        MB/s
[2026-04-03T01:47:45.778+0600][60.127s][info][gc,stats    ]      Memory: Defragment                                        0 / 5                 1 / 31                1 / 31                1 / 31          ops/s
[2026-04-03T01:47:45.778+0600][60.127s][info][gc,stats    ]      Memory: Out Of Memory                                     0 / 0                 0 / 0                 0 / 0                 0 / 0           ops/s
[2026-04-03T01:47:45.778+0600][60.127s][info][gc,stats    ]      Memory: Page Cache Flush                                 20 / 104              11 / 142              11 / 142              11 / 142         MB/s
[2026-04-03T01:47:45.778+0600][60.127s][info][gc,stats    ]      Memory: Page Cache Hit L1                               263 / 497             171 / 801             171 / 801             171 / 801         ops/s
[2026-04-03T01:47:45.778+0600][60.127s][info][gc,stats    ]      Memory: Page Cache Hit L2                                 0 / 0                 0 / 0                 0 / 0                 0 / 0           ops/s
[2026-04-03T01:47:45.778+0600][60.127s][info][gc,stats    ]      Memory: Page Cache Hit L3                                 1 / 6                 3 / 107               3 / 107               3 / 107         ops/s
[2026-04-03T01:47:45.778+0600][60.127s][info][gc,stats    ]      Memory: Page Cache Miss                                   1 / 7                28 / 480              28 / 480              28 / 480         ops/s
[2026-04-03T01:47:45.778+0600][60.127s][info][gc,stats    ]      Memory: Uncommit                                          0 / 0                 0 / 0                 0 / 0                 0 / 0           MB/s
[2026-04-03T01:47:45.778+0600][60.127s][info][gc,stats    ]      Memory: Undo Object Allocation Failed                     0 / 0                 0 / 0                 0 / 0                 0 / 0           ops/s
[2026-04-03T01:47:45.778+0600][60.127s][info][gc,stats    ]      Memory: Undo Object Allocation Succeeded                  0 / 3                 0 / 4                 0 / 4                 0 / 4           ops/s
[2026-04-03T01:47:45.778+0600][60.127s][info][gc,stats    ]      Memory: Undo Page Allocation                              0 / 1                 0 / 1                 0 / 1                 0 / 1           ops/s
[2026-04-03T01:47:45.778+0600][60.127s][info][gc,stats    ]       Phase: Concurrent Mark                             755.385 / 1111.039    551.353 / 1732.590    551.353 / 1732.590    551.353 / 1732.590    ms
[2026-04-03T01:47:45.778+0600][60.127s][info][gc,stats    ]       Phase: Concurrent Mark Continue                      0.000 / 0.000         0.000 / 0.000         0.000 / 0.000         0.000 / 0.000       ms
[2026-04-03T01:47:45.778+0600][60.127s][info][gc,stats    ]       Phase: Concurrent Mark Free                          0.004 / 0.004         0.003 / 0.008         0.003 / 0.008         0.003 / 0.008       ms
[2026-04-03T01:47:45.778+0600][60.127s][info][gc,stats    ]       Phase: Concurrent Process Non-Strong References     11.802 / 14.342       14.396 / 36.321       14.396 / 36.321       14.396 / 36.321      ms
[2026-04-03T01:47:45.778+0600][60.127s][info][gc,stats    ]       Phase: Concurrent Relocate                         171.211 / 428.445     122.426 / 1112.748    122.426 / 1112.748    122.426 / 1112.748    ms
[2026-04-03T01:47:45.778+0600][60.127s][info][gc,stats    ]       Phase: Concurrent Reset Relocation Set               0.082 / 0.219         0.052 / 0.285         0.052 / 0.285         0.052 / 0.285       ms
[2026-04-03T01:47:45.778+0600][60.127s][info][gc,stats    ]       Phase: Concurrent Select Relocation Set             26.879 / 44.388       29.747 / 266.030      29.747 / 266.030      29.747 / 266.030     ms
[2026-04-03T01:47:45.778+0600][60.127s][info][gc,stats    ]       Phase: Pause Mark End                                0.043 / 0.053         0.036 / 0.067         0.036 / 0.067         0.036 / 0.067       ms
[2026-04-03T01:47:45.778+0600][60.127s][info][gc,stats    ]       Phase: Pause Mark Start                              0.021 / 0.032         0.024 / 0.158         0.024 / 0.158         0.024 / 0.158       ms
[2026-04-03T01:47:45.778+0600][60.127s][info][gc,stats    ]       Phase: Pause Relocate Start                          0.022 / 0.028         0.023 / 0.042         0.023 / 0.042         0.023 / 0.042       ms
[2026-04-03T01:47:45.778+0600][60.127s][info][gc,stats    ]    Subphase: Concurrent Classes Purge                      0.072 / 0.123         0.295 / 1.069         0.295 / 1.069         0.295 / 1.069       ms
[2026-04-03T01:47:45.778+0600][60.127s][info][gc,stats    ]    Subphase: Concurrent Classes Unlink                     9.475 / 11.775       11.634 / 32.776       11.634 / 32.776       11.634 / 32.776      ms
[2026-04-03T01:47:45.778+0600][60.127s][info][gc,stats    ]    Subphase: Concurrent Mark                             753.235 / 1109.345    521.578 / 1729.623    521.578 / 1729.623    521.578 / 1729.623    ms
[2026-04-03T01:47:45.778+0600][60.127s][info][gc,stats    ]    Subphase: Concurrent Mark Try Flush                     0.307 / 0.644         0.275 / 2.442         0.275 / 2.442         0.275 / 2.442       ms
[2026-04-03T01:47:45.778+0600][60.127s][info][gc,stats    ]    Subphase: Concurrent Mark Try Terminate                 1.063 / 1.234         1.075 / 4.226         1.075 / 4.226         1.075 / 4.226       ms
[2026-04-03T01:47:45.778+0600][60.127s][info][gc,stats    ]    Subphase: Concurrent References Enqueue                 0.010 / 0.016         0.008 / 0.023         0.008 / 0.023         0.008 / 0.023       ms
[2026-04-03T01:47:45.778+0600][60.127s][info][gc,stats    ]    Subphase: Concurrent References Process                 0.398 / 0.487         0.463 / 0.822         0.463 / 0.822         0.463 / 0.822       ms
[2026-04-03T01:47:45.778+0600][60.128s][info][gc,stats    ]    Subphase: Concurrent Roots ClassLoaderDataGraph         0.375 / 0.925         0.344 / 1.153         0.344 / 1.153         0.344 / 1.153       ms
[2026-04-03T01:47:45.778+0600][60.128s][info][gc,stats    ]    Subphase: Concurrent Roots CodeCache                    0.000 / 0.000         0.000 / 0.000         0.000 / 0.000         0.000 / 0.000       ms
[2026-04-03T01:47:45.779+0600][60.128s][info][gc,stats    ]    Subphase: Concurrent Roots JavaThreads                  0.832 / 1.274         0.833 / 2.718         0.833 / 2.718         0.833 / 2.718       ms
[2026-04-03T01:47:45.779+0600][60.128s][info][gc,stats    ]    Subphase: Concurrent Roots OopStorageSet                0.071 / 0.115         0.072 / 0.181         0.072 / 0.181         0.072 / 0.181       ms
[2026-04-03T01:47:45.779+0600][60.128s][info][gc,stats    ]    Subphase: Concurrent Weak Roots OopStorageSet           1.169 / 1.296         1.211 / 2.514         1.211 / 2.514         1.211 / 2.514       ms
[2026-04-03T01:47:45.779+0600][60.128s][info][gc,stats    ]    Subphase: Pause Mark Try Complete                       0.000 / 0.000         0.000 / 0.000         0.000 / 0.000         0.000 / 0.000       ms
[2026-04-03T01:47:45.779+0600][60.128s][info][gc,stats    ]      System: Java Threads                                    141 / 171              86 / 171              86 / 171              86 / 171         threads
[2026-04-03T01:47:45.779+0600][60.128s][info][gc,stats    ] =========================================================================================================================================================
[2026-04-03T01:47:45.971+0600][60.320s][info][gc,phases   ] GC(26) Concurrent Mark 393.792ms
[2026-04-03T01:47:45.972+0600][60.321s][info][gc,phases   ] GC(26) Pause Mark End 0.044ms
[2026-04-03T01:47:45.972+0600][60.321s][info][gc,phases   ] GC(26) Concurrent Mark Free 0.002ms
[2026-04-03T01:47:45.980+0600][60.329s][info][gc,phases   ] GC(26) Concurrent Process Non-Strong References 8.182ms
[2026-04-03T01:47:45.980+0600][60.329s][info][gc,phases   ] GC(26) Concurrent Reset Relocation Set 0.096ms
[2026-04-03T01:47:45.990+0600][60.339s][info][gc,phases   ] GC(26) Concurrent Select Relocation Set 9.420ms
[2026-04-03T01:47:45.990+0600][60.339s][info][gc,phases   ] GC(26) Pause Relocate Start 0.016ms
[2026-04-03T01:47:46.048+0600][60.397s][info][gc,phases   ] GC(26) Concurrent Relocate 57.257ms
[2026-04-03T01:47:46.048+0600][60.397s][info][gc,load     ] GC(26) Load: 5.96/6.56/7.23
[2026-04-03T01:47:46.048+0600][60.397s][info][gc,mmu      ] GC(26) MMU: 2ms/92.1%, 5ms/96.8%, 10ms/98.4%, 20ms/99.2%, 50ms/99.7%, 100ms/99.8%
[2026-04-03T01:47:46.048+0600][60.397s][info][gc,marking  ] GC(26) Mark: 2 stripe(s), 2 proactive flush(es), 1 terminate flush(es), 0 completion(s), 0 continuation(s) 
[2026-04-03T01:47:46.048+0600][60.397s][info][gc,marking  ] GC(26) Mark Stack Usage: 32M
[2026-04-03T01:47:46.048+0600][60.397s][info][gc,nmethod  ] GC(26) NMethods: 6977 registered, 499 unregistered
[2026-04-03T01:47:46.048+0600][60.397s][info][gc,metaspace] GC(26) Metaspace: 71M used, 72M committed, 1088M reserved
[2026-04-03T01:47:46.048+0600][60.397s][info][gc,ref      ] GC(26) Soft: 3400 encountered, 0 discovered, 0 enqueued
[2026-04-03T01:47:46.048+0600][60.397s][info][gc,ref      ] GC(26) Weak: 6560 encountered, 1046 discovered, 156 enqueued
[2026-04-03T01:47:46.048+0600][60.397s][info][gc,ref      ] GC(26) Final: 84 encountered, 2 discovered, 0 enqueued
[2026-04-03T01:47:46.048+0600][60.397s][info][gc,ref      ] GC(26) Phantom: 599 encountered, 573 discovered, 0 enqueued
[2026-04-03T01:47:46.048+0600][60.397s][info][gc,reloc    ] GC(26) Small Pages: 438 / 876M, Empty: 292M, Relocated: 45M, In-Place: 0
[2026-04-03T01:47:46.048+0600][60.397s][info][gc,reloc    ] GC(26) Medium Pages: 7 / 224M, Empty: 192M, Relocated: 0M, In-Place: 0
[2026-04-03T01:47:46.048+0600][60.397s][info][gc,reloc    ] GC(26) Large Pages: 21 / 130M, Empty: 112M, Relocated: 0M, In-Place: 0
[2026-04-03T01:47:46.048+0600][60.397s][info][gc,reloc    ] GC(26) Forwarding Usage: 44M
[2026-04-03T01:47:46.048+0600][60.397s][info][gc,heap     ] GC(26) Min Capacity: 8M(0%)
[2026-04-03T01:47:46.048+0600][60.397s][info][gc,heap     ] GC(26) Max Capacity: 3922M(100%)
[2026-04-03T01:47:46.048+0600][60.397s][info][gc,heap     ] GC(26) Soft Max Capacity: 3922M(100%)
[2026-04-03T01:47:46.048+0600][60.397s][info][gc,heap     ] GC(26)                Mark Start          Mark End        Relocate Start      Relocate End           High               Low         
[2026-04-03T01:47:46.048+0600][60.397s][info][gc,heap     ] GC(26)  Capacity:     3922M (100%)       3922M (100%)       3922M (100%)       3922M (100%)       3922M (100%)       3922M (100%)   
[2026-04-03T01:47:46.048+0600][60.397s][info][gc,heap     ] GC(26)      Free:     2692M (69%)        2308M (59%)        2844M (73%)        3116M (79%)        3116M (79%)        2288M (58%)    
[2026-04-03T01:47:46.048+0600][60.397s][info][gc,heap     ] GC(26)      Used:     1230M (31%)        1614M (41%)        1078M (27%)         806M (21%)        1634M (42%)         806M (21%)    
[2026-04-03T01:47:46.048+0600][60.397s][info][gc,heap     ] GC(26)      Live:         -               251M (6%)          251M (6%)          251M (6%)             -                  -          
[2026-04-03T01:47:46.048+0600][60.397s][info][gc,heap     ] GC(26) Allocated:         -               384M (10%)         444M (11%)         513M (13%)            -                  -          
[2026-04-03T01:47:46.048+0600][60.397s][info][gc,heap     ] GC(26)   Garbage:         -               978M (25%)         382M (10%)          40M (1%)             -                  -          
[2026-04-03T01:47:46.048+0600][60.397s][info][gc,heap     ] GC(26) Reclaimed:         -                  -               596M (15%)         937M (24%)            -                  -          
[2026-04-03T01:47:46.048+0600][60.397s][info][gc          ] GC(26) Garbage Collection (Allocation Rate) 1230M(31%)->806M(21%)
[2026-04-03T01:47:46.048+0600][60.397s][info][gc,start    ] GC(27) Garbage Collection (System.gc())
[2026-04-03T01:47:46.048+0600][60.397s][info][gc,task     ] GC(27) Using 3 workers
[2026-04-03T01:47:46.048+0600][60.397s][info][gc,phases   ] GC(27) Pause Mark Start 0.021ms
[2026-04-03T01:47:46.310+0600][60.659s][info][gc,phases   ] GC(27) Concurrent Mark 261.460ms
[2026-04-03T01:47:46.310+0600][60.659s][info][gc,phases   ] GC(27) Pause Mark End 0.028ms
[2026-04-03T01:47:46.310+0600][60.659s][info][gc,phases   ] GC(27) Concurrent Mark Free 0.003ms
[2026-04-03T01:47:46.319+0600][60.668s][info][gc,phases   ] GC(27) Concurrent Process Non-Strong References 8.946ms
[2026-04-03T01:47:46.320+0600][60.669s][info][gc,phases   ] GC(27) Concurrent Reset Relocation Set 0.042ms
[2026-04-03T01:47:46.330+0600][60.679s][info][gc,phases   ] GC(27) Concurrent Select Relocation Set 10.041ms
[2026-04-03T01:47:46.331+0600][60.680s][info][gc,phases   ] GC(27) Pause Relocate Start 0.016ms
[2026-04-03T01:47:46.333+0600][60.682s][info][gc,phases   ] GC(27) Concurrent Relocate 1.619ms
[2026-04-03T01:47:46.333+0600][60.682s][info][gc,load     ] GC(27) Load: 5.96/6.56/7.23
[2026-04-03T01:47:46.333+0600][60.682s][info][gc,mmu      ] GC(27) MMU: 2ms/92.1%, 5ms/96.8%, 10ms/98.4%, 20ms/99.2%, 50ms/99.7%, 100ms/99.8%
[2026-04-03T01:47:46.333+0600][60.682s][info][gc,marking  ] GC(27) Mark: 2 stripe(s), 2 proactive flush(es), 1 terminate flush(es), 0 completion(s), 0 continuation(s) 
[2026-04-03T01:47:46.333+0600][60.682s][info][gc,marking  ] GC(27) Mark Stack Usage: 32M
[2026-04-03T01:47:46.333+0600][60.682s][info][gc,nmethod  ] GC(27) NMethods: 6975 registered, 508 unregistered
[2026-04-03T01:47:46.333+0600][60.682s][info][gc,metaspace] GC(27) Metaspace: 71M used, 72M committed, 1088M reserved
[2026-04-03T01:47:46.333+0600][60.682s][info][gc,ref      ] GC(27) Soft: 3400 encountered, 0 discovered, 0 enqueued
[2026-04-03T01:47:46.333+0600][60.682s][info][gc,ref      ] GC(27) Weak: 6423 encountered, 862 discovered, 94 enqueued
[2026-04-03T01:47:46.333+0600][60.682s][info][gc,ref      ] GC(27) Final: 84 encountered, 1 discovered, 0 enqueued
[2026-04-03T01:47:46.333+0600][60.682s][info][gc,ref      ] GC(27) Phantom: 599 encountered, 572 discovered, 0 enqueued
[2026-04-03T01:47:46.333+0600][60.682s][info][gc,reloc    ] GC(27) Small Pages: 375 / 750M, Empty: 542M, Relocated: 1M, In-Place: 0
[2026-04-03T01:47:46.333+0600][60.682s][info][gc,reloc    ] GC(27) Medium Pages: 1 / 32M, Empty: 0M, Relocated: 0M, In-Place: 0
[2026-04-03T01:47:46.333+0600][60.682s][info][gc,reloc    ] GC(27) Large Pages: 4 / 24M, Empty: 24M, Relocated: 0M, In-Place: 0
[2026-04-03T01:47:46.333+0600][60.682s][info][gc,reloc    ] GC(27) Forwarding Usage: 0M
[2026-04-03T01:47:46.333+0600][60.682s][info][gc,heap     ] GC(27) Min Capacity: 8M(0%)
[2026-04-03T01:47:46.333+0600][60.682s][info][gc,heap     ] GC(27) Max Capacity: 3922M(100%)
[2026-04-03T01:47:46.333+0600][60.682s][info][gc,heap     ] GC(27) Soft Max Capacity: 3922M(100%)
[2026-04-03T01:47:46.333+0600][60.682s][info][gc,heap     ] GC(27)                Mark Start          Mark End        Relocate Start      Relocate End           High               Low         
[2026-04-03T01:47:46.333+0600][60.682s][info][gc,heap     ] GC(27)  Capacity:     3922M (100%)       3922M (100%)       3922M (100%)       3922M (100%)       3922M (100%)       3922M (100%)   
[2026-04-03T01:47:46.333+0600][60.682s][info][gc,heap     ] GC(27)      Free:     3116M (79%)        3112M (79%)        3670M (94%)        3690M (94%)        3692M (94%)        3112M (79%)    
[2026-04-03T01:47:46.333+0600][60.682s][info][gc,heap     ] GC(27)      Used:      806M (21%)         810M (21%)         252M (6%)          232M (6%)          810M (21%)         230M (6%)     
[2026-04-03T01:47:46.333+0600][60.682s][info][gc,heap     ] GC(27)      Live:         -               169M (4%)          169M (4%)          169M (4%)             -                  -          
[2026-04-03T01:47:46.333+0600][60.682s][info][gc,heap     ] GC(27) Allocated:         -                 4M (0%)           12M (0%)           18M (0%)             -                  -          
[2026-04-03T01:47:46.333+0600][60.682s][info][gc,heap     ] GC(27)   Garbage:         -               636M (16%)          70M (2%)           44M (1%)             -                  -          
[2026-04-03T01:47:46.333+0600][60.682s][info][gc,heap     ] GC(27) Reclaimed:         -                  -               566M (14%)         592M (15%)            -                  -          
[2026-04-03T01:47:46.333+0600][60.682s][info][gc          ] GC(27) Garbage Collection (System.gc()) 806M(21%)->232M(6%)
[2026-04-03T01:47:48.878+0600][63.227s][info][gc,start    ] GC(28) Garbage Collection (Allocation Rate)
[2026-04-03T01:47:48.878+0600][63.227s][info][gc,task     ] GC(28) Using 3 workers
[2026-04-03T01:47:48.878+0600][63.227s][info][gc,phases   ] GC(28) Pause Mark Start 0.013ms
[2026-04-03T01:47:49.816+0600][64.165s][info][gc,phases   ] GC(28) Concurrent Mark 937.829ms
[2026-04-03T01:47:49.816+0600][64.165s][info][gc,phases   ] GC(28) Pause Mark End 0.039ms
[2026-04-03T01:47:49.816+0600][64.165s][info][gc,phases   ] GC(28) Concurrent Mark Free 0.002ms
[2026-04-03T01:47:49.829+0600][64.178s][info][gc,phases   ] GC(28) Concurrent Process Non-Strong References 12.158ms
[2026-04-03T01:47:49.829+0600][64.178s][info][gc,phases   ] GC(28) Concurrent Reset Relocation Set 0.010ms
[2026-04-03T01:47:49.880+0600][64.229s][info][gc,phases   ] GC(28) Concurrent Select Relocation Set 50.857ms
[2026-04-03T01:47:49.880+0600][64.229s][info][gc,phases   ] GC(28) Pause Relocate Start 0.022ms
[2026-04-03T01:47:50.048+0600][64.397s][info][gc,phases   ] GC(28) Concurrent Relocate 167.434ms
[2026-04-03T01:47:50.048+0600][64.397s][info][gc,load     ] GC(28) Load: 6.04/6.57/7.23
[2026-04-03T01:47:50.048+0600][64.397s][info][gc,mmu      ] GC(28) MMU: 2ms/92.1%, 5ms/96.8%, 10ms/98.4%, 20ms/99.2%, 50ms/99.7%, 100ms/99.8%
[2026-04-03T01:47:50.048+0600][64.397s][info][gc,marking  ] GC(28) Mark: 2 stripe(s), 2 proactive flush(es), 1 terminate flush(es), 0 completion(s), 0 continuation(s) 
[2026-04-03T01:47:50.048+0600][64.397s][info][gc,marking  ] GC(28) Mark Stack Usage: 32M
[2026-04-03T01:47:50.048+0600][64.397s][info][gc,nmethod  ] GC(28) NMethods: 7058 registered, 514 unregistered
[2026-04-03T01:47:50.048+0600][64.397s][info][gc,metaspace] GC(28) Metaspace: 71M used, 72M committed, 1088M reserved
[2026-04-03T01:47:50.048+0600][64.397s][info][gc,ref      ] GC(28) Soft: 3403 encountered, 0 discovered, 0 enqueued
[2026-04-03T01:47:50.048+0600][64.397s][info][gc,ref      ] GC(28) Weak: 6432 encountered, 820 discovered, 15 enqueued
[2026-04-03T01:47:50.048+0600][64.397s][info][gc,ref      ] GC(28) Final: 84 encountered, 1 discovered, 0 enqueued
[2026-04-03T01:47:50.048+0600][64.397s][info][gc,ref      ] GC(28) Phantom: 599 encountered, 579 discovered, 0 enqueued
[2026-04-03T01:47:50.048+0600][64.397s][info][gc,reloc    ] GC(28) Small Pages: 1190 / 2380M, Empty: 298M, Relocated: 85M, In-Place: 0
[2026-04-03T01:47:50.048+0600][64.397s][info][gc,reloc    ] GC(28) Medium Pages: 2 / 64M, Empty: 0M, Relocated: 13M, In-Place: 0
[2026-04-03T01:47:50.048+0600][64.397s][info][gc,reloc    ] GC(28) Large Pages: 16 / 156M, Empty: 102M, Relocated: 0M, In-Place: 0
[2026-04-03T01:47:50.048+0600][64.397s][info][gc,reloc    ] GC(28) Forwarding Usage: 77M
[2026-04-03T01:47:50.048+0600][64.397s][info][gc,heap     ] GC(28) Min Capacity: 8M(0%)
[2026-04-03T01:47:50.048+0600][64.397s][info][gc,heap     ] GC(28) Max Capacity: 3922M(100%)
[2026-04-03T01:47:50.048+0600][64.397s][info][gc,heap     ] GC(28) Soft Max Capacity: 3922M(100%)
[2026-04-03T01:47:50.048+0600][64.397s][info][gc,heap     ] GC(28)                Mark Start          Mark End        Relocate Start      Relocate End           High               Low         
[2026-04-03T01:47:50.048+0600][64.397s][info][gc,heap     ] GC(28)  Capacity:     3922M (100%)       3922M (100%)       3922M (100%)       3922M (100%)       3922M (100%)       3922M (100%)   
[2026-04-03T01:47:50.048+0600][64.397s][info][gc,heap     ] GC(28)      Free:     1322M (34%)        1252M (32%)        1642M (42%)        3486M (89%)        3486M (89%)        1252M (32%)    
[2026-04-03T01:47:50.048+0600][64.397s][info][gc,heap     ] GC(28)      Used:     2600M (66%)        2670M (68%)        2280M (58%)         436M (11%)        2670M (68%)         436M (11%)    
[2026-04-03T01:47:50.048+0600][64.397s][info][gc,heap     ] GC(28)      Live:         -               311M (8%)          311M (8%)          311M (8%)             -                  -          
[2026-04-03T01:47:50.048+0600][64.397s][info][gc,heap     ] GC(28) Allocated:         -                70M (2%)           80M (2%)           83M (2%)             -                  -          
[2026-04-03T01:47:50.048+0600][64.397s][info][gc,heap     ] GC(28)   Garbage:         -              2288M (58%)        1888M (48%)          41M (1%)             -                  -          
[2026-04-03T01:47:50.048+0600][64.397s][info][gc,heap     ] GC(28) Reclaimed:         -                  -               400M (10%)        2247M (57%)            -                  -          
[2026-04-03T01:47:50.048+0600][64.397s][info][gc          ] GC(28) Garbage Collection (Allocation Rate) 2600M(66%)->436M(11%)
[2026-04-03T01:47:50.077+0600][64.426s][info][gc,start    ] GC(29) Garbage Collection (Allocation Rate)
[2026-04-03T01:47:50.077+0600][64.427s][info][gc,task     ] GC(29) Using 3 workers
[2026-04-03T01:47:50.078+0600][64.427s][info][gc,phases   ] GC(29) Pause Mark Start 0.023ms
[2026-04-03T01:47:50.613+0600][64.962s][info][gc,phases   ] GC(29) Concurrent Mark 535.119ms
[2026-04-03T01:47:50.614+0600][64.963s][info][gc,phases   ] GC(29) Pause Mark End 0.039ms
[2026-04-03T01:47:50.614+0600][64.963s][info][gc,phases   ] GC(29) Concurrent Mark Free 0.004ms
[2026-04-03T01:47:50.625+0600][64.974s][info][gc,phases   ] GC(29) Concurrent Process Non-Strong References 11.210ms
[2026-04-03T01:47:50.625+0600][64.974s][info][gc,phases   ] GC(29) Concurrent Reset Relocation Set 0.120ms
[2026-04-03T01:47:50.637+0600][64.986s][info][gc,phases   ] GC(29) Concurrent Select Relocation Set 11.831ms
[2026-04-03T01:47:50.638+0600][64.987s][info][gc,phases   ] GC(29) Pause Relocate Start 0.020ms
[2026-04-03T01:47:50.689+0600][65.038s][info][gc,phases   ] GC(29) Concurrent Relocate 51.419ms
[2026-04-03T01:47:50.689+0600][65.038s][info][gc,load     ] GC(29) Load: 6.04/6.57/7.23
[2026-04-03T01:47:50.689+0600][65.038s][info][gc,mmu      ] GC(29) MMU: 2ms/92.1%, 5ms/96.8%, 10ms/98.4%, 20ms/99.2%, 50ms/99.7%, 100ms/99.8%
[2026-04-03T01:47:50.689+0600][65.038s][info][gc,marking  ] GC(29) Mark: 2 stripe(s), 2 proactive flush(es), 1 terminate flush(es), 0 completion(s), 0 continuation(s) 
[2026-04-03T01:47:50.689+0600][65.038s][info][gc,marking  ] GC(29) Mark Stack Usage: 32M
[2026-04-03T01:47:50.689+0600][65.038s][info][gc,nmethod  ] GC(29) NMethods: 7122 registered, 517 unregistered
[2026-04-03T01:47:50.689+0600][65.038s][info][gc,metaspace] GC(29) Metaspace: 71M used, 72M committed, 1088M reserved
[2026-04-03T01:47:50.689+0600][65.038s][info][gc,ref      ] GC(29) Soft: 3401 encountered, 0 discovered, 0 enqueued
[2026-04-03T01:47:50.689+0600][65.038s][info][gc,ref      ] GC(29) Weak: 6539 encountered, 967 discovered, 0 enqueued
[2026-04-03T01:47:50.689+0600][65.038s][info][gc,ref      ] GC(29) Final: 84 encountered, 2 discovered, 0 enqueued
[2026-04-03T01:47:50.689+0600][65.038s][info][gc,ref      ] GC(29) Phantom: 599 encountered, 588 discovered, 0 enqueued
[2026-04-03T01:47:50.689+0600][65.039s][info][gc,reloc    ] GC(29) Small Pages: 159 / 318M, Empty: 28M, Relocated: 29M, In-Place: 0
[2026-04-03T01:47:50.689+0600][65.039s][info][gc,reloc    ] GC(29) Medium Pages: 2 / 64M, Empty: 0M, Relocated: 13M, In-Place: 0
[2026-04-03T01:47:50.690+0600][65.039s][info][gc,reloc    ] GC(29) Large Pages: 3 / 54M, Empty: 36M, Relocated: 0M, In-Place: 0
[2026-04-03T01:47:50.690+0600][65.039s][info][gc,reloc    ] GC(29) Forwarding Usage: 27M
[2026-04-03T01:47:50.690+0600][65.039s][info][gc,heap     ] GC(29) Min Capacity: 8M(0%)
[2026-04-03T01:47:50.690+0600][65.039s][info][gc,heap     ] GC(29) Max Capacity: 3922M(100%)
[2026-04-03T01:47:50.690+0600][65.039s][info][gc,heap     ] GC(29) Soft Max Capacity: 3922M(100%)
[2026-04-03T01:47:50.690+0600][65.039s][info][gc,heap     ] GC(29)                Mark Start          Mark End        Relocate Start      Relocate End           High               Low         
[2026-04-03T01:47:50.690+0600][65.039s][info][gc,heap     ] GC(29)  Capacity:     3922M (100%)       3922M (100%)       3922M (100%)       3922M (100%)       3922M (100%)       3922M (100%)   
[2026-04-03T01:47:50.690+0600][65.039s][info][gc,heap     ] GC(29)      Free:     3486M (89%)        3372M (86%)        3426M (87%)        3522M (90%)        3522M (90%)        3364M (86%)    
[2026-04-03T01:47:50.690+0600][65.039s][info][gc,heap     ] GC(29)      Used:      436M (11%)         550M (14%)         496M (13%)         400M (10%)         558M (14%)         400M (10%)    
[2026-04-03T01:47:50.690+0600][65.039s][info][gc,heap     ] GC(29)      Live:         -               218M (6%)          218M (6%)          218M (6%)             -                  -          
[2026-04-03T01:47:50.690+0600][65.039s][info][gc,heap     ] GC(29) Allocated:         -               114M (3%)          124M (3%)          141M (4%)             -                  -          
[2026-04-03T01:47:50.690+0600][65.039s][info][gc,heap     ] GC(29)   Garbage:         -               217M (6%)          153M (4%)           39M (1%)             -                  -          
[2026-04-03T01:47:50.690+0600][65.039s][info][gc,heap     ] GC(29) Reclaimed:         -                  -                64M (2%)          177M (5%)             -                  -          
[2026-04-03T01:47:50.690+0600][65.039s][info][gc          ] GC(29) Garbage Collection (Allocation Rate) 436M(11%)->400M(10%)
[2026-04-03T01:47:51.378+0600][65.727s][info][gc,start    ] GC(30) Garbage Collection (Allocation Rate)
[2026-04-03T01:47:51.378+0600][65.727s][info][gc,task     ] GC(30) Using 3 workers
[2026-04-03T01:47:51.379+0600][65.728s][info][gc,phases   ] GC(30) Pause Mark Start 0.025ms
[2026-04-03T01:47:52.000+0600][66.349s][info][gc,phases   ] GC(30) Concurrent Mark 621.632ms
[2026-04-03T01:47:52.001+0600][66.350s][info][gc,phases   ] GC(30) Pause Mark End 0.059ms
[2026-04-03T01:47:52.001+0600][66.350s][info][gc,phases   ] GC(30) Concurrent Mark Free 0.006ms
[2026-04-03T01:47:52.017+0600][66.366s][info][gc,phases   ] GC(30) Concurrent Process Non-Strong References 15.922ms
[2026-04-03T01:47:52.017+0600][66.366s][info][gc,phases   ] GC(30) Concurrent Reset Relocation Set 0.027ms
[2026-04-03T01:47:52.050+0600][66.399s][info][gc,phases   ] GC(30) Concurrent Select Relocation Set 33.001ms
[2026-04-03T01:47:52.051+0600][66.400s][info][gc,phases   ] GC(30) Pause Relocate Start 0.024ms
[2026-04-03T01:47:52.191+0600][66.540s][info][gc,phases   ] GC(30) Concurrent Relocate 139.909ms
[2026-04-03T01:47:52.191+0600][66.540s][info][gc,load     ] GC(30) Load: 6.04/6.57/7.23
[2026-04-03T01:47:52.191+0600][66.540s][info][gc,mmu      ] GC(30) MMU: 2ms/92.1%, 5ms/96.8%, 10ms/98.4%, 20ms/99.2%, 50ms/99.7%, 100ms/99.8%
[2026-04-03T01:47:52.191+0600][66.540s][info][gc,marking  ] GC(30) Mark: 2 stripe(s), 2 proactive flush(es), 1 terminate flush(es), 0 completion(s), 0 continuation(s) 
[2026-04-03T01:47:52.191+0600][66.540s][info][gc,marking  ] GC(30) Mark Stack Usage: 32M
[2026-04-03T01:47:52.191+0600][66.540s][info][gc,nmethod  ] GC(30) NMethods: 7122 registered, 529 unregistered
[2026-04-03T01:47:52.191+0600][66.540s][info][gc,metaspace] GC(30) Metaspace: 71M used, 72M committed, 1088M reserved
[2026-04-03T01:47:52.191+0600][66.540s][info][gc,ref      ] GC(30) Soft: 3406 encountered, 0 discovered, 0 enqueued
[2026-04-03T01:47:52.191+0600][66.540s][info][gc,ref      ] GC(30) Weak: 6659 encountered, 1073 discovered, 88 enqueued
[2026-04-03T01:47:52.191+0600][66.540s][info][gc,ref      ] GC(30) Final: 84 encountered, 2 discovered, 0 enqueued
[2026-04-03T01:47:52.191+0600][66.540s][info][gc,ref      ] GC(30) Phantom: 599 encountered, 574 discovered, 0 enqueued
[2026-04-03T01:47:52.191+0600][66.540s][info][gc,reloc    ] GC(30) Small Pages: 379 / 758M, Empty: 38M, Relocated: 104M, In-Place: 0
[2026-04-03T01:47:52.191+0600][66.540s][info][gc,reloc    ] GC(30) Medium Pages: 2 / 64M, Empty: 0M, Relocated: 11M, In-Place: 0
[2026-04-03T01:47:52.191+0600][66.540s][info][gc,reloc    ] GC(30) Large Pages: 14 / 120M, Empty: 80M, Relocated: 0M, In-Place: 0
[2026-04-03T01:47:52.191+0600][66.540s][info][gc,reloc    ] GC(30) Forwarding Usage: 61M
[2026-04-03T01:47:52.191+0600][66.540s][info][gc,heap     ] GC(30) Min Capacity: 8M(0%)
[2026-04-03T01:47:52.191+0600][66.540s][info][gc,heap     ] GC(30) Max Capacity: 3922M(100%)
[2026-04-03T01:47:52.191+0600][66.540s][info][gc,heap     ] GC(30) Soft Max Capacity: 3922M(100%)
[2026-04-03T01:47:52.191+0600][66.540s][info][gc,heap     ] GC(30)                Mark Start          Mark End        Relocate Start      Relocate End           High               Low         
[2026-04-03T01:47:52.191+0600][66.540s][info][gc,heap     ] GC(30)  Capacity:     3922M (100%)       3922M (100%)       3922M (100%)       3922M (100%)       3922M (100%)       3922M (100%)   
[2026-04-03T01:47:52.191+0600][66.540s][info][gc,heap     ] GC(30)      Free:     2980M (76%)        2408M (61%)        2484M (63%)        2876M (73%)        2980M (76%)        2386M (61%)    
[2026-04-03T01:47:52.191+0600][66.540s][info][gc,heap     ] GC(30)      Used:      942M (24%)        1514M (39%)        1438M (37%)        1046M (27%)        1536M (39%)         942M (24%)    
[2026-04-03T01:47:52.191+0600][66.540s][info][gc,heap     ] GC(30)      Live:         -               317M (8%)          317M (8%)          317M (8%)             -                  -          
[2026-04-03T01:47:52.191+0600][66.540s][info][gc,heap     ] GC(30) Allocated:         -               572M (15%)         614M (16%)         683M (17%)            -                  -          
[2026-04-03T01:47:52.191+0600][66.540s][info][gc,heap     ] GC(30)   Garbage:         -               624M (16%)         506M (13%)          45M (1%)             -                  -          
[2026-04-03T01:47:52.191+0600][66.540s][info][gc,heap     ] GC(30) Reclaimed:         -                  -               118M (3%)          579M (15%)            -                  -          
[2026-04-03T01:47:52.191+0600][66.540s][info][gc          ] GC(30) Garbage Collection (Allocation Rate) 942M(24%)->1046M(27%)
[2026-04-03T01:47:53.778+0600][68.127s][info][gc,start    ] GC(31) Garbage Collection (Allocation Rate)
[2026-04-03T01:47:53.778+0600][68.127s][info][gc,task     ] GC(31) Using 3 workers
[2026-04-03T01:47:53.778+0600][68.127s][info][gc,phases   ] GC(31) Pause Mark Start 0.026ms
[2026-04-03T01:47:54.731+0600][69.080s][info][gc,phases   ] GC(31) Concurrent Mark 952.678ms
[2026-04-03T01:47:54.732+0600][69.081s][info][gc,phases   ] GC(31) Pause Mark End 0.055ms
[2026-04-03T01:47:54.732+0600][69.081s][info][gc,phases   ] GC(31) Concurrent Mark Free 0.001ms
[2026-04-03T01:47:54.744+0600][69.093s][info][gc,phases   ] GC(31) Concurrent Process Non-Strong References 12.607ms
[2026-04-03T01:47:54.745+0600][69.094s][info][gc,phases   ] GC(31) Concurrent Reset Relocation Set 0.036ms
[2026-04-03T01:47:54.767+0600][69.116s][info][gc,phases   ] GC(31) Concurrent Select Relocation Set 22.158ms
[2026-04-03T01:47:54.767+0600][69.116s][info][gc,phases   ] GC(31) Pause Relocate Start 0.019ms
[2026-04-03T01:47:54.967+0600][69.316s][info][gc,phases   ] GC(31) Concurrent Relocate 199.535ms
[2026-04-03T01:47:54.967+0600][69.316s][info][gc,load     ] GC(31) Load: 6.28/6.61/7.24
[2026-04-03T01:47:54.967+0600][69.316s][info][gc,mmu      ] GC(31) MMU: 2ms/92.1%, 5ms/96.8%, 10ms/98.4%, 20ms/99.2%, 50ms/99.7%, 100ms/99.8%
[2026-04-03T01:47:54.967+0600][69.316s][info][gc,marking  ] GC(31) Mark: 2 stripe(s), 10 proactive flush(es), 1 terminate flush(es), 0 completion(s), 0 continuation(s) 
[2026-04-03T01:47:54.967+0600][69.316s][info][gc,marking  ] GC(31) Mark Stack Usage: 32M
[2026-04-03T01:47:54.967+0600][69.316s][info][gc,nmethod  ] GC(31) NMethods: 7147 registered, 531 unregistered
[2026-04-03T01:47:54.967+0600][69.316s][info][gc,metaspace] GC(31) Metaspace: 71M used, 72M committed, 1088M reserved
[2026-04-03T01:47:54.967+0600][69.316s][info][gc,ref      ] GC(31) Soft: 3406 encountered, 0 discovered, 0 enqueued
[2026-04-03T01:47:54.967+0600][69.316s][info][gc,ref      ] GC(31) Weak: 6581 encountered, 1003 discovered, 2 enqueued
[2026-04-03T01:47:54.967+0600][69.316s][info][gc,ref      ] GC(31) Final: 84 encountered, 4 discovered, 0 enqueued
[2026-04-03T01:47:54.967+0600][69.316s][info][gc,ref      ] GC(31) Phantom: 599 encountered, 569 discovered, 0 enqueued
[2026-04-03T01:47:54.967+0600][69.316s][info][gc,reloc    ] GC(31) Small Pages: 975 / 1950M, Empty: 96M, Relocated: 85M, In-Place: 0
[2026-04-03T01:47:54.967+0600][69.316s][info][gc,reloc    ] GC(31) Medium Pages: 2 / 64M, Empty: 0M, Relocated: 14M, In-Place: 0
[2026-04-03T01:47:54.967+0600][69.316s][info][gc,reloc    ] GC(31) Large Pages: 13 / 142M, Empty: 88M, Relocated: 0M, In-Place: 0
[2026-04-03T01:47:54.967+0600][69.316s][info][gc,reloc    ] GC(31) Forwarding Usage: 78M
[2026-04-03T01:47:54.967+0600][69.316s][info][gc,heap     ] GC(31) Min Capacity: 8M(0%)
[2026-04-03T01:47:54.967+0600][69.316s][info][gc,heap     ] GC(31) Max Capacity: 3922M(100%)
[2026-04-03T01:47:54.967+0600][69.316s][info][gc,heap     ] GC(31) Soft Max Capacity: 3922M(100%)
[2026-04-03T01:47:54.967+0600][69.316s][info][gc,heap     ] GC(31)                Mark Start          Mark End        Relocate Start      Relocate End           High               Low         
[2026-04-03T01:47:54.967+0600][69.316s][info][gc,heap     ] GC(31)  Capacity:     3922M (100%)       3922M (100%)       3922M (100%)       3922M (100%)       3922M (100%)       3922M (100%)   
[2026-04-03T01:47:54.967+0600][69.316s][info][gc,heap     ] GC(31)      Free:     1766M (45%)        1708M (44%)        1892M (48%)        3512M (90%)        3512M (90%)        1708M (44%)    
[2026-04-03T01:47:54.967+0600][69.316s][info][gc,heap     ] GC(31)      Used:     2156M (55%)        2214M (56%)        2030M (52%)         410M (10%)        2214M (56%)         410M (10%)    
[2026-04-03T01:47:54.967+0600][69.316s][info][gc,heap     ] GC(31)      Live:         -               309M (8%)          309M (8%)          309M (8%)             -                  -          
[2026-04-03T01:47:54.967+0600][69.316s][info][gc,heap     ] GC(31) Allocated:         -                58M (1%)           58M (1%)           62M (2%)             -                  -          
[2026-04-03T01:47:54.967+0600][69.316s][info][gc,heap     ] GC(31)   Garbage:         -              1846M (47%)        1662M (42%)          38M (1%)             -                  -          
[2026-04-03T01:47:54.967+0600][69.316s][info][gc,heap     ] GC(31) Reclaimed:         -                  -               184M (5%)         1808M (46%)            -                  -          
[2026-04-03T01:47:54.967+0600][69.316s][info][gc          ] GC(31) Garbage Collection (Allocation Rate) 2156M(55%)->410M(10%)
[2026-04-03T01:47:55.778+0600][70.127s][info][gc,stats    ] === Garbage Collection Statistics =======================================================================================================================
[2026-04-03T01:47:55.778+0600][70.127s][info][gc,stats    ]                                                              Last 10s              Last 10m              Last 10h                Total
[2026-04-03T01:47:55.778+0600][70.127s][info][gc,stats    ]                                                              Avg / Max             Avg / Max             Avg / Max             Avg / Max
[2026-04-03T01:47:55.778+0600][70.127s][info][gc,stats    ]   Collector: Garbage Collection Cycle                    756.572 / 1189.050    726.956 / 3137.558    726.956 / 3137.558    726.956 / 3137.558    ms
[2026-04-03T01:47:55.778+0600][70.127s][info][gc,stats    ]  Contention: Mark Segment Reset Contention                     2 / 11                2 / 41                2 / 41                2 / 41          ops/s
[2026-04-03T01:47:55.778+0600][70.127s][info][gc,stats    ]  Contention: Mark SeqNum Reset Contention                      0 / 1                 0 / 2                 0 / 2                 0 / 2           ops/s
[2026-04-03T01:47:55.778+0600][70.127s][info][gc,stats    ]    Critical: Allocation Stall                                  0 / 0                 0 / 3                 0 / 3                 0 / 3           ops/s
[2026-04-03T01:47:55.778+0600][70.127s][info][gc,stats    ]    Critical: Allocation Stall                              0.000 / 0.000       999.896 / 1002.072    999.896 / 1002.072    999.896 / 1002.072    ms
[2026-04-03T01:47:55.778+0600][70.127s][info][gc,stats    ]    Critical: GC Locker Stall                                   0 / 0                 0 / 1                 0 / 1                 0 / 1           ops/s
[2026-04-03T01:47:55.778+0600][70.127s][info][gc,stats    ]    Critical: GC Locker Stall                               0.000 / 0.000         0.002 / 0.002         0.002 / 0.002         0.002 / 0.002       ms
[2026-04-03T01:47:55.778+0600][70.127s][info][gc,stats    ]    Critical: Relocation Stall                                  0 / 0                 0 / 0                 0 / 0                 0 / 0           ops/s
[2026-04-03T01:47:55.778+0600][70.127s][info][gc,stats    ]    Critical: Relocation Stall                              0.000 / 0.000         0.000 / 0.000         0.000 / 0.000         0.000 / 0.000       ms
[2026-04-03T01:47:55.778+0600][70.127s][info][gc,stats    ]      Memory: Allocation Rate                                 554 / 1028            439 / 1688            439 / 1688            439 / 1688        MB/s
[2026-04-03T01:47:55.778+0600][70.127s][info][gc,stats    ]      Memory: Defragment                                        0 / 2                 0 / 31                0 / 31                0 / 31          ops/s
[2026-04-03T01:47:55.778+0600][70.127s][info][gc,stats    ]      Memory: Out Of Memory                                     0 / 0                 0 / 0                 0 / 0                 0 / 0           ops/s
[2026-04-03T01:47:55.778+0600][70.127s][info][gc,stats    ]      Memory: Page Cache Flush                                 14 / 68               11 / 142              11 / 142              11 / 142         MB/s
[2026-04-03T01:47:55.778+0600][70.127s][info][gc,stats    ]      Memory: Page Cache Hit L1                               269 / 493             185 / 801             185 / 801             185 / 801         ops/s
[2026-04-03T01:47:55.778+0600][70.127s][info][gc,stats    ]      Memory: Page Cache Hit L2                                 0 / 0                 0 / 0                 0 / 0                 0 / 0           ops/s
[2026-04-03T01:47:55.778+0600][70.127s][info][gc,stats    ]      Memory: Page Cache Hit L3                                 1 / 3                 3 / 107               3 / 107               3 / 107         ops/s
[2026-04-03T01:47:55.778+0600][70.127s][info][gc,stats    ]      Memory: Page Cache Miss                                   0 / 2                24 / 480              24 / 480              24 / 480         ops/s
[2026-04-03T01:47:55.778+0600][70.127s][info][gc,stats    ]      Memory: Uncommit                                          0 / 0                 0 / 0                 0 / 0                 0 / 0           MB/s
[2026-04-03T01:47:55.778+0600][70.127s][info][gc,stats    ]      Memory: Undo Object Allocation Failed                     0 / 0                 0 / 0                 0 / 0                 0 / 0           ops/s
[2026-04-03T01:47:55.778+0600][70.127s][info][gc,stats    ]      Memory: Undo Object Allocation Succeeded                  0 / 1                 0 / 4                 0 / 4                 0 / 4           ops/s
[2026-04-03T01:47:55.778+0600][70.128s][info][gc,stats    ]      Memory: Undo Page Allocation                              0 / 0                 0 / 1                 0 / 1                 0 / 1           ops/s
[2026-04-03T01:47:55.779+0600][70.128s][info][gc,stats    ]       Phase: Concurrent Mark                             617.085 / 952.678     563.678 / 1732.590    563.678 / 1732.590    563.678 / 1732.590    ms
[2026-04-03T01:47:55.779+0600][70.128s][info][gc,stats    ]       Phase: Concurrent Mark Continue                      0.000 / 0.000         0.000 / 0.000         0.000 / 0.000         0.000 / 0.000       ms
[2026-04-03T01:47:55.779+0600][70.128s][info][gc,stats    ]       Phase: Concurrent Mark Free                          0.003 / 0.006         0.003 / 0.008         0.003 / 0.008         0.003 / 0.008       ms
[2026-04-03T01:47:55.779+0600][70.128s][info][gc,stats    ]       Phase: Concurrent Process Non-Strong References     11.504 / 15.922       13.853 / 36.321       13.853 / 36.321       13.853 / 36.321      ms
[2026-04-03T01:47:55.779+0600][70.128s][info][gc,stats    ]       Phase: Concurrent Relocate                         102.862 / 199.535     118.758 / 1112.748    118.758 / 1112.748    118.758 / 1112.748    ms
[2026-04-03T01:47:55.779+0600][70.128s][info][gc,stats    ]       Phase: Concurrent Reset Relocation Set               0.055 / 0.120         0.052 / 0.285         0.052 / 0.285         0.052 / 0.285       ms
[2026-04-03T01:47:55.779+0600][70.128s][info][gc,stats    ]       Phase: Concurrent Select Relocation Set             22.885 / 50.857       28.460 / 266.030      28.460 / 266.030      28.460 / 266.030     ms
[2026-04-03T01:47:55.779+0600][70.128s][info][gc,stats    ]       Phase: Pause Mark End                                0.044 / 0.059         0.038 / 0.067         0.038 / 0.067         0.038 / 0.067       ms
[2026-04-03T01:47:55.779+0600][70.128s][info][gc,stats    ]       Phase: Pause Mark Start                              0.022 / 0.026         0.024 / 0.158         0.024 / 0.158         0.024 / 0.158       ms
[2026-04-03T01:47:55.779+0600][70.128s][info][gc,stats    ]       Phase: Pause Relocate Start                          0.019 / 0.024         0.022 / 0.042         0.022 / 0.042         0.022 / 0.042       ms
[2026-04-03T01:47:55.779+0600][70.128s][info][gc,stats    ]    Subphase: Concurrent Classes Purge                      0.067 / 0.089         0.252 / 1.069         0.252 / 1.069         0.252 / 1.069       ms
[2026-04-03T01:47:55.779+0600][70.128s][info][gc,stats    ]    Subphase: Concurrent Classes Unlink                     8.879 / 11.598       11.117 / 32.776       11.117 / 32.776       11.117 / 32.776      ms
[2026-04-03T01:47:55.779+0600][70.128s][info][gc,stats    ]    Subphase: Concurrent Mark                             615.045 / 950.345     540.272 / 1729.623    540.272 / 1729.623    540.272 / 1729.623    ms
[2026-04-03T01:47:55.779+0600][70.128s][info][gc,stats    ]    Subphase: Concurrent Mark Try Flush                     0.313 / 0.508         0.282 / 2.442         0.282 / 2.442         0.282 / 2.442       ms
[2026-04-03T01:47:55.779+0600][70.128s][info][gc,stats    ]    Subphase: Concurrent Mark Try Terminate                 0.992 / 1.227         1.071 / 4.226         1.071 / 4.226         1.071 / 4.226       ms
[2026-04-03T01:47:55.779+0600][70.128s][info][gc,stats    ]    Subphase: Concurrent References Enqueue                 0.007 / 0.011         0.007 / 0.023         0.007 / 0.023         0.007 / 0.023       ms
[2026-04-03T01:47:55.779+0600][70.128s][info][gc,stats    ]    Subphase: Concurrent References Process                 0.417 / 0.496         0.454 / 0.822         0.454 / 0.822         0.454 / 0.822       ms
[2026-04-03T01:47:55.779+0600][70.128s][info][gc,stats    ]    Subphase: Concurrent Roots ClassLoaderDataGraph         0.309 / 0.826         0.338 / 1.153         0.338 / 1.153         0.338 / 1.153       ms
[2026-04-03T01:47:55.779+0600][70.128s][info][gc,stats    ]    Subphase: Concurrent Roots CodeCache                    0.000 / 0.000         0.000 / 0.000         0.000 / 0.000         0.000 / 0.000       ms
[2026-04-03T01:47:55.779+0600][70.128s][info][gc,stats    ]    Subphase: Concurrent Roots JavaThreads                  1.041 / 1.887         0.869 / 2.718         0.869 / 2.718         0.869 / 2.718       ms
[2026-04-03T01:47:55.779+0600][70.128s][info][gc,stats    ]    Subphase: Concurrent Roots OopStorageSet                0.080 / 0.150         0.073 / 0.181         0.073 / 0.181         0.073 / 0.181       ms
[2026-04-03T01:47:55.779+0600][70.128s][info][gc,stats    ]    Subphase: Concurrent Weak Roots OopStorageSet           0.998 / 1.521         1.167 / 2.514         1.167 / 2.514         1.167 / 2.514       ms
[2026-04-03T01:47:55.779+0600][70.128s][info][gc,stats    ]    Subphase: Pause Mark Try Complete                       0.000 / 0.000         0.000 / 0.000         0.000 / 0.000         0.000 / 0.000       ms
[2026-04-03T01:47:55.779+0600][70.128s][info][gc,stats    ]      System: Java Threads                                    188 / 196             104 / 196             104 / 196             104 / 196         threads
[2026-04-03T01:47:55.779+0600][70.128s][info][gc,stats    ] =========================================================================================================================================================
[2026-04-03T01:47:56.177+0600][70.527s][info][gc,start    ] GC(32) Garbage Collection (Allocation Rate)
[2026-04-03T01:47:56.178+0600][70.527s][info][gc,task     ] GC(32) Using 3 workers
[2026-04-03T01:47:56.178+0600][70.527s][info][gc,phases   ] GC(32) Pause Mark Start 0.017ms
[2026-04-03T01:47:56.668+0600][71.017s][info][gc,phases   ] GC(32) Concurrent Mark 490.214ms
[2026-04-03T01:47:56.669+0600][71.018s][info][gc,phases   ] GC(32) Pause Mark End 0.049ms
[2026-04-03T01:47:56.669+0600][71.018s][info][gc,phases   ] GC(32) Concurrent Mark Free 0.002ms
[2026-04-03T01:47:56.681+0600][71.030s][info][gc,phases   ] GC(32) Concurrent Process Non-Strong References 11.957ms
[2026-04-03T01:47:56.681+0600][71.030s][info][gc,phases   ] GC(32) Concurrent Reset Relocation Set 0.194ms
[2026-04-03T01:47:56.699+0600][71.048s][info][gc,phases   ] GC(32) Concurrent Select Relocation Set 17.458ms
[2026-04-03T01:47:56.700+0600][71.049s][info][gc,phases   ] GC(32) Pause Relocate Start 0.024ms
[2026-04-03T01:47:56.752+0600][71.101s][info][gc,phases   ] GC(32) Concurrent Relocate 52.050ms
[2026-04-03T01:47:56.752+0600][71.101s][info][gc,load     ] GC(32) Load: 6.28/6.61/7.24
[2026-04-03T01:47:56.752+0600][71.101s][info][gc,mmu      ] GC(32) MMU: 2ms/92.1%, 5ms/96.8%, 10ms/98.4%, 20ms/99.2%, 50ms/99.7%, 100ms/99.8%
[2026-04-03T01:47:56.752+0600][71.101s][info][gc,marking  ] GC(32) Mark: 2 stripe(s), 10 proactive flush(es), 1 terminate flush(es), 0 completion(s), 0 continuation(s) 
[2026-04-03T01:47:56.752+0600][71.101s][info][gc,marking  ] GC(32) Mark Stack Usage: 32M
[2026-04-03T01:47:56.752+0600][71.101s][info][gc,nmethod  ] GC(32) NMethods: 7344 registered, 542 unregistered
[2026-04-03T01:47:56.752+0600][71.101s][info][gc,metaspace] GC(32) Metaspace: 71M used, 72M committed, 1088M reserved
[2026-04-03T01:47:56.752+0600][71.101s][info][gc,ref      ] GC(32) Soft: 3403 encountered, 0 discovered, 0 enqueued
[2026-04-03T01:47:56.752+0600][71.101s][info][gc,ref      ] GC(32) Weak: 6797 encountered, 1142 discovered, 219 enqueued
[2026-04-03T01:47:56.752+0600][71.101s][info][gc,ref      ] GC(32) Final: 84 encountered, 2 discovered, 0 enqueued
[2026-04-03T01:47:56.752+0600][71.101s][info][gc,ref      ] GC(32) Phantom: 600 encountered, 219 discovered, 0 enqueued
[2026-04-03T01:47:56.752+0600][71.101s][info][gc,reloc    ] GC(32) Small Pages: 340 / 680M, Empty: 300M, Relocated: 22M, In-Place: 0
[2026-04-03T01:47:56.752+0600][71.101s][info][gc,reloc    ] GC(32) Medium Pages: 3 / 96M, Empty: 64M, Relocated: 0M, In-Place: 0
[2026-04-03T01:47:56.752+0600][71.101s][info][gc,reloc    ] GC(32) Large Pages: 14 / 132M, Empty: 114M, Relocated: 0M, In-Place: 0
[2026-04-03T01:47:56.752+0600][71.101s][info][gc,reloc    ] GC(32) Forwarding Usage: 23M
[2026-04-03T01:47:56.752+0600][71.101s][info][gc,heap     ] GC(32) Min Capacity: 8M(0%)
[2026-04-03T01:47:56.752+0600][71.101s][info][gc,heap     ] GC(32) Max Capacity: 3922M(100%)
[2026-04-03T01:47:56.752+0600][71.101s][info][gc,heap     ] GC(32) Soft Max Capacity: 3922M(100%)
[2026-04-03T01:47:56.752+0600][71.101s][info][gc,heap     ] GC(32)                Mark Start          Mark End        Relocate Start      Relocate End           High               Low         
[2026-04-03T01:47:56.752+0600][71.101s][info][gc,heap     ] GC(32)  Capacity:     3922M (100%)       3922M (100%)       3922M (100%)       3922M (100%)       3922M (100%)       3922M (100%)   
[2026-04-03T01:47:56.752+0600][71.101s][info][gc,heap     ] GC(32)      Free:     3014M (77%)        2736M (70%)        3198M (82%)        3354M (86%)        3360M (86%)        2730M (70%)    
[2026-04-03T01:47:56.752+0600][71.101s][info][gc,heap     ] GC(32)      Used:      908M (23%)        1186M (30%)         724M (18%)         568M (14%)        1192M (30%)         562M (14%)    
[2026-04-03T01:47:56.752+0600][71.101s][info][gc,heap     ] GC(32)      Live:         -               208M (5%)          208M (5%)          208M (5%)             -                  -          
[2026-04-03T01:47:56.752+0600][71.101s][info][gc,heap     ] GC(32) Allocated:         -               278M (7%)          294M (7%)          315M (8%)             -                  -          
[2026-04-03T01:47:56.752+0600][71.101s][info][gc,heap     ] GC(32)   Garbage:         -               699M (18%)         221M (6%)           43M (1%)             -                  -          
[2026-04-03T01:47:56.752+0600][71.101s][info][gc,heap     ] GC(32) Reclaimed:         -                  -               478M (12%)         655M (17%)            -                  -          
[2026-04-03T01:47:56.752+0600][71.101s][info][gc          ] GC(32) Garbage Collection (Allocation Rate) 908M(23%)->568M(14%)
[2026-04-03T01:47:57.977+0600][72.326s][info][gc,start    ] GC(33) Garbage Collection (Allocation Rate)
[2026-04-03T01:47:57.978+0600][72.327s][info][gc,task     ] GC(33) Using 3 workers
[2026-04-03T01:47:57.978+0600][72.327s][info][gc,phases   ] GC(33) Pause Mark Start 0.019ms
[2026-04-03T01:47:58.619+0600][72.968s][info][gc,phases   ] GC(33) Concurrent Mark 641.162ms
[2026-04-03T01:47:58.620+0600][72.969s][info][gc,phases   ] GC(33) Pause Mark End 0.046ms
[2026-04-03T01:47:58.620+0600][72.969s][info][gc,phases   ] GC(33) Concurrent Mark Free 0.004ms
[2026-04-03T01:47:58.635+0600][72.984s][info][gc,phases   ] GC(33) Concurrent Process Non-Strong References 15.078ms
[2026-04-03T01:47:58.635+0600][72.984s][info][gc,phases   ] GC(33) Concurrent Reset Relocation Set 0.033ms
[2026-04-03T01:47:58.674+0600][73.023s][info][gc,phases   ] GC(33) Concurrent Select Relocation Set 38.879ms
[2026-04-03T01:47:58.674+0600][73.023s][info][gc,phases   ] GC(33) Pause Relocate Start 0.021ms
[2026-04-03T01:47:58.843+0600][73.192s][info][gc,phases   ] GC(33) Concurrent Relocate 168.364ms
[2026-04-03T01:47:58.843+0600][73.192s][info][gc,load     ] GC(33) Load: 6.28/6.61/7.24
[2026-04-03T01:47:58.843+0600][73.192s][info][gc,mmu      ] GC(33) MMU: 2ms/92.1%, 5ms/96.8%, 10ms/98.4%, 20ms/99.2%, 50ms/99.7%, 100ms/99.8%
[2026-04-03T01:47:58.843+0600][73.192s][info][gc,marking  ] GC(33) Mark: 2 stripe(s), 5 proactive flush(es), 1 terminate flush(es), 0 completion(s), 0 continuation(s) 
[2026-04-03T01:47:58.843+0600][73.192s][info][gc,marking  ] GC(33) Mark Stack Usage: 32M
[2026-04-03T01:47:58.843+0600][73.192s][info][gc,nmethod  ] GC(33) NMethods: 7397 registered, 562 unregistered
[2026-04-03T01:47:58.843+0600][73.192s][info][gc,metaspace] GC(33) Metaspace: 71M used, 72M committed, 1088M reserved
[2026-04-03T01:47:58.843+0600][73.192s][info][gc,ref      ] GC(33) Soft: 3403 encountered, 0 discovered, 0 enqueued
[2026-04-03T01:47:58.843+0600][73.192s][info][gc,ref      ] GC(33) Weak: 6758 encountered, 1106 discovered, 227 enqueued
[2026-04-03T01:47:58.843+0600][73.192s][info][gc,ref      ] GC(33) Final: 84 encountered, 2 discovered, 0 enqueued
[2026-04-03T01:47:58.843+0600][73.192s][info][gc,ref      ] GC(33) Phantom: 599 encountered, 566 discovered, 0 enqueued
[2026-04-03T01:47:58.843+0600][73.192s][info][gc,reloc    ] GC(33) Small Pages: 675 / 1350M, Empty: 454M, Relocated: 75M, In-Place: 0
[2026-04-03T01:47:58.843+0600][73.192s][info][gc,reloc    ] GC(33) Medium Pages: 2 / 64M, Empty: 0M, Relocated: 12M, In-Place: 0
[2026-04-03T01:47:58.843+0600][73.192s][info][gc,reloc    ] GC(33) Large Pages: 17 / 126M, Empty: 108M, Relocated: 0M, In-Place: 0
[2026-04-03T01:47:58.843+0600][73.192s][info][gc,reloc    ] GC(33) Forwarding Usage: 71M
[2026-04-03T01:47:58.843+0600][73.192s][info][gc,heap     ] GC(33) Min Capacity: 8M(0%)
[2026-04-03T01:47:58.843+0600][73.192s][info][gc,heap     ] GC(33) Max Capacity: 3922M(100%)
[2026-04-03T01:47:58.843+0600][73.192s][info][gc,heap     ] GC(33) Soft Max Capacity: 3922M(100%)
[2026-04-03T01:47:58.843+0600][73.192s][info][gc,heap     ] GC(33)                Mark Start          Mark End        Relocate Start      Relocate End           High               Low         
[2026-04-03T01:47:58.843+0600][73.192s][info][gc,heap     ] GC(33)  Capacity:     3922M (100%)       3922M (100%)       3922M (100%)       3922M (100%)       3922M (100%)       3922M (100%)   
[2026-04-03T01:47:58.843+0600][73.192s][info][gc,heap     ] GC(33)      Free:     2382M (61%)        2262M (58%)        2816M (72%)        3486M (89%)        3486M (89%)        2262M (58%)    
[2026-04-03T01:47:58.843+0600][73.192s][info][gc,heap     ] GC(33)      Used:     1540M (39%)        1660M (42%)        1106M (28%)         436M (11%)        1660M (42%)         436M (11%)    
[2026-04-03T01:47:58.843+0600][73.192s][info][gc,heap     ] GC(33)      Live:         -               262M (7%)          262M (7%)          262M (7%)             -                  -          
[2026-04-03T01:47:58.843+0600][73.192s][info][gc,heap     ] GC(33) Allocated:         -               120M (3%)          128M (3%)          131M (3%)             -                  -          
[2026-04-03T01:47:58.843+0600][73.192s][info][gc,heap     ] GC(33)   Garbage:         -              1277M (33%)         715M (18%)          41M (1%)             -                  -          
[2026-04-03T01:47:58.843+0600][73.192s][info][gc,heap     ] GC(33) Reclaimed:         -                  -               562M (14%)        1235M (32%)            -                  -          
[2026-04-03T01:47:58.843+0600][73.192s][info][gc          ] GC(33) Garbage Collection (Allocation Rate) 1540M(39%)->436M(11%)
[2026-04-03T01:47:59.778+0600][74.127s][info][gc,start    ] GC(34) Garbage Collection (Allocation Rate)
[2026-04-03T01:47:59.778+0600][74.127s][info][gc,task     ] GC(34) Using 3 workers
[2026-04-03T01:47:59.778+0600][74.127s][info][gc,phases   ] GC(34) Pause Mark Start 0.009ms
[2026-04-03T01:48:00.126+0600][74.475s][info][gc,phases   ] GC(34) Concurrent Mark 347.130ms
[2026-04-03T01:48:00.126+0600][74.475s][info][gc,phases   ] GC(34) Pause Mark End 0.027ms
[2026-04-03T01:48:00.126+0600][74.475s][info][gc,phases   ] GC(34) Concurrent Mark Free 0.004ms
[2026-04-03T01:48:00.137+0600][74.486s][info][gc,phases   ] GC(34) Concurrent Process Non-Strong References 10.288ms
[2026-04-03T01:48:00.137+0600][74.486s][info][gc,phases   ] GC(34) Concurrent Reset Relocation Set 0.045ms
[2026-04-03T01:48:00.147+0600][74.496s][info][gc,phases   ] GC(34) Concurrent Select Relocation Set 10.361ms
[2026-04-03T01:48:00.147+0600][74.496s][info][gc,phases   ] GC(34) Pause Relocate Start 0.017ms
[2026-04-03T01:48:00.219+0600][74.569s][info][gc,phases   ] GC(34) Concurrent Relocate 72.066ms
[2026-04-03T01:48:00.220+0600][74.569s][info][gc,load     ] GC(34) Load: 6.10/6.57/7.22
[2026-04-03T01:48:00.220+0600][74.569s][info][gc,mmu      ] GC(34) MMU: 2ms/92.1%, 5ms/96.8%, 10ms/98.4%, 20ms/99.2%, 50ms/99.7%, 100ms/99.8%
[2026-04-03T01:48:00.220+0600][74.569s][info][gc,marking  ] GC(34) Mark: 2 stripe(s), 2 proactive flush(es), 1 terminate flush(es), 0 completion(s), 0 continuation(s) 
[2026-04-03T01:48:00.220+0600][74.569s][info][gc,marking  ] GC(34) Mark Stack Usage: 32M
[2026-04-03T01:48:00.220+0600][74.569s][info][gc,nmethod  ] GC(34) NMethods: 7551 registered, 576 unregistered
[2026-04-03T01:48:00.220+0600][74.569s][info][gc,metaspace] GC(34) Metaspace: 72M used, 73M committed, 1088M reserved
[2026-04-03T01:48:00.220+0600][74.569s][info][gc,ref      ] GC(34) Soft: 3400 encountered, 0 discovered, 0 enqueued
[2026-04-03T01:48:00.220+0600][74.569s][info][gc,ref      ] GC(34) Weak: 6566 encountered, 950 discovered, 154 enqueued
[2026-04-03T01:48:00.220+0600][74.569s][info][gc,ref      ] GC(34) Final: 84 encountered, 2 discovered, 0 enqueued
[2026-04-03T01:48:00.220+0600][74.569s][info][gc,ref      ] GC(34) Phantom: 599 encountered, 476 discovered, 0 enqueued
[2026-04-03T01:48:00.220+0600][74.569s][info][gc,reloc    ] GC(34) Small Pages: 485 / 970M, Empty: 386M, Relocated: 46M, In-Place: 0
[2026-04-03T01:48:00.220+0600][74.569s][info][gc,reloc    ] GC(34) Medium Pages: 7 / 224M, Empty: 192M, Relocated: 0M, In-Place: 0
[2026-04-03T01:48:00.220+0600][74.569s][info][gc,reloc    ] GC(34) Large Pages: 21 / 130M, Empty: 112M, Relocated: 0M, In-Place: 0
[2026-04-03T01:48:00.220+0600][74.569s][info][gc,reloc    ] GC(34) Forwarding Usage: 45M
[2026-04-03T01:48:00.220+0600][74.569s][info][gc,heap     ] GC(34) Min Capacity: 8M(0%)
[2026-04-03T01:48:00.220+0600][74.569s][info][gc,heap     ] GC(34) Max Capacity: 3922M(100%)
[2026-04-03T01:48:00.220+0600][74.569s][info][gc,heap     ] GC(34) Soft Max Capacity: 3922M(100%)
[2026-04-03T01:48:00.220+0600][74.569s][info][gc,heap     ] GC(34)                Mark Start          Mark End        Relocate Start      Relocate End           High               Low         
[2026-04-03T01:48:00.220+0600][74.569s][info][gc,heap     ] GC(34)  Capacity:     3922M (100%)       3922M (100%)       3922M (100%)       3922M (100%)       3922M (100%)       3922M (100%)   
[2026-04-03T01:48:00.220+0600][74.569s][info][gc,heap     ] GC(34)      Free:     2598M (66%)        2140M (55%)        2824M (72%)        3148M (80%)        3148M (80%)        2138M (55%)    
[2026-04-03T01:48:00.220+0600][74.569s][info][gc,heap     ] GC(34)      Used:     1324M (34%)        1782M (45%)        1098M (28%)         774M (20%)        1784M (45%)         774M (20%)    
[2026-04-03T01:48:00.220+0600][74.569s][info][gc,heap     ] GC(34)      Live:         -               252M (6%)          252M (6%)          252M (6%)             -                  -          
[2026-04-03T01:48:00.220+0600][74.569s][info][gc,heap     ] GC(34) Allocated:         -               458M (12%)         464M (12%)         479M (12%)            -                  -          
[2026-04-03T01:48:00.220+0600][74.569s][info][gc,heap     ] GC(34)   Garbage:         -              1071M (27%)         381M (10%)          41M (1%)             -                  -          
[2026-04-03T01:48:00.220+0600][74.569s][info][gc,heap     ] GC(34) Reclaimed:         -                  -               690M (18%)        1029M (26%)            -                  -          
[2026-04-03T01:48:00.220+0600][74.569s][info][gc          ] GC(34) Garbage Collection (Allocation Rate) 1324M(34%)->774M(20%)
[2026-04-03T01:48:00.278+0600][74.627s][info][gc,start    ] GC(35) Garbage Collection (Allocation Rate)
[2026-04-03T01:48:00.278+0600][74.627s][info][gc,task     ] GC(35) Using 3 workers
[2026-04-03T01:48:00.278+0600][74.627s][info][gc,phases   ] GC(35) Pause Mark Start 0.010ms
[2026-04-03T01:48:00.303+0600][74.652s][info][gc,phases   ] GC(35) Concurrent Mark 24.953ms
[2026-04-03T01:48:00.304+0600][74.653s][info][gc,phases   ] GC(35) Pause Mark End 0.023ms
[2026-04-03T01:48:00.304+0600][74.653s][info][gc,phases   ] GC(35) Concurrent Mark Free 0.002ms
[2026-04-03T01:48:00.326+0600][74.675s][info][gc,phases   ] GC(35) Concurrent Process Non-Strong References 21.896ms
[2026-04-03T01:48:00.326+0600][74.675s][info][gc,phases   ] GC(35) Concurrent Reset Relocation Set 0.076ms
[2026-04-03T01:48:00.333+0600][74.682s][info][gc,phases   ] GC(35) Concurrent Select Relocation Set 7.572ms
[2026-04-03T01:48:00.334+0600][74.683s][info][gc,phases   ] GC(35) Pause Relocate Start 0.016ms
[2026-04-03T01:48:00.339+0600][74.688s][info][gc,phases   ] GC(35) Concurrent Relocate 5.547ms
[2026-04-03T01:48:00.339+0600][74.688s][info][gc,load     ] GC(35) Load: 6.10/6.57/7.22
[2026-04-03T01:48:00.339+0600][74.688s][info][gc,mmu      ] GC(35) MMU: 2ms/92.1%, 5ms/96.8%, 10ms/98.4%, 20ms/99.2%, 50ms/99.7%, 100ms/99.8%
[2026-04-03T01:48:00.339+0600][74.688s][info][gc,marking  ] GC(35) Mark: 2 stripe(s), 2 proactive flush(es), 1 terminate flush(es), 0 completion(s), 0 continuation(s) 
[2026-04-03T01:48:00.339+0600][74.688s][info][gc,marking  ] GC(35) Mark Stack Usage: 32M
[2026-04-03T01:48:00.339+0600][74.688s][info][gc,nmethod  ] GC(35) NMethods: 7545 registered, 591 unregistered
[2026-04-03T01:48:00.339+0600][74.688s][info][gc,metaspace] GC(35) Metaspace: 72M used, 73M committed, 1088M reserved
[2026-04-03T01:48:00.339+0600][74.688s][info][gc,ref      ] GC(35) Soft: 3410 encountered, 0 discovered, 0 enqueued
[2026-04-03T01:48:00.339+0600][74.688s][info][gc,ref      ] GC(35) Weak: 6317 encountered, 2344 discovered, 148 enqueued
[2026-04-03T01:48:00.339+0600][74.688s][info][gc,ref      ] GC(35) Final: 84 encountered, 36 discovered, 0 enqueued
[2026-04-03T01:48:00.339+0600][74.688s][info][gc,ref      ] GC(35) Phantom: 590 encountered, 216 discovered, 0 enqueued
[2026-04-03T01:48:00.339+0600][74.688s][info][gc,reloc    ] GC(35) Small Pages: 359 / 718M, Empty: 548M, Relocated: 6M, In-Place: 0
[2026-04-03T01:48:00.339+0600][74.688s][info][gc,reloc    ] GC(35) Medium Pages: 1 / 32M, Empty: 0M, Relocated: 0M, In-Place: 0
[2026-04-03T01:48:00.339+0600][74.688s][info][gc,reloc    ] GC(35) Large Pages: 4 / 24M, Empty: 24M, Relocated: 0M, In-Place: 0
[2026-04-03T01:48:00.339+0600][74.689s][info][gc,reloc    ] GC(35) Forwarding Usage: 2M
[2026-04-03T01:48:00.339+0600][74.689s][info][gc,heap     ] GC(35) Min Capacity: 8M(0%)
[2026-04-03T01:48:00.339+0600][74.689s][info][gc,heap     ] GC(35) Max Capacity: 3922M(100%)
[2026-04-03T01:48:00.339+0600][74.689s][info][gc,heap     ] GC(35) Soft Max Capacity: 3922M(100%)
[2026-04-03T01:48:00.340+0600][74.689s][info][gc,heap     ] GC(35)                Mark Start          Mark End        Relocate Start      Relocate End           High               Low         
[2026-04-03T01:48:00.340+0600][74.689s][info][gc,heap     ] GC(35)  Capacity:     3922M (100%)       3922M (100%)       3922M (100%)       3922M (100%)       3922M (100%)       3922M (100%)   
[2026-04-03T01:48:00.340+0600][74.689s][info][gc,heap     ] GC(35)      Free:     3148M (80%)        3148M (80%)        3704M (94%)        3832M (98%)        3832M (98%)        3138M (80%)    
[2026-04-03T01:48:00.340+0600][74.689s][info][gc,heap     ] GC(35)      Used:      774M (20%)         774M (20%)         218M (6%)           90M (2%)          784M (20%)          90M (2%)     
[2026-04-03T01:48:00.340+0600][74.689s][info][gc,heap     ] GC(35)      Live:         -                36M (1%)           36M (1%)           36M (1%)             -                  -          
[2026-04-03T01:48:00.340+0600][74.689s][info][gc,heap     ] GC(35) Allocated:         -                 0M (0%)           16M (0%)           17M (0%)             -                  -          
[2026-04-03T01:48:00.340+0600][74.689s][info][gc,heap     ] GC(35)   Garbage:         -               737M (19%)         165M (4%)           36M (1%)             -                  -          
[2026-04-03T01:48:00.340+0600][74.689s][info][gc,heap     ] GC(35) Reclaimed:         -                  -               572M (15%)         701M (18%)            -                  -          
[2026-04-03T01:48:00.340+0600][74.689s][info][gc          ] GC(35) Garbage Collection (Allocation Rate) 774M(20%)->90M(2%)
[2026-04-03T01:48:00.885+0600][75.234s][info][gc,heap,exit] Heap
[2026-04-03T01:48:00.885+0600][75.234s][info][gc,heap,exit]  ZHeap           used 126M, capacity 3922M, max capacity 3922M
[2026-04-03T01:48:00.885+0600][75.234s][info][gc,heap,exit]  Metaspace       used 74189K, committed 75072K, reserved 1114112K
[2026-04-03T01:48:00.885+0600][75.234s][info][gc,heap,exit]   class space    used 9509K, committed 9920K, reserved 1048576K
