[2026-04-03T01:45:34.061+0600][0.006s][info][gc,init] Initializing The Z Garbage Collector
[2026-04-03T01:45:34.061+0600][0.006s][info][gc,init] Version: 21.0.10+7-Ubuntu-124.04 (release)
[2026-04-03T01:45:34.061+0600][0.006s][info][gc,init] NUMA Support: Disabled
[2026-04-03T01:45:34.061+0600][0.006s][info][gc,init] CPUs: 12 total, 12 available
[2026-04-03T01:45:34.061+0600][0.006s][info][gc,init] Memory: 15683M
[2026-04-03T01:45:34.061+0600][0.006s][info][gc,init] Large Page Support: Disabled
[2026-04-03T01:45:34.061+0600][0.006s][info][gc,init] Address Space Type: Contiguous/Unrestricted/Complete
[2026-04-03T01:45:34.061+0600][0.006s][info][gc,init] Address Space Size: 62752M
[2026-04-03T01:45:34.061+0600][0.006s][info][gc,init] Heap Backing File: /memfd:java_heap
[2026-04-03T01:45:34.061+0600][0.006s][info][gc,init] Heap Backing Filesystem: tmpfs (0x1021994)
[2026-04-03T01:45:34.062+0600][0.006s][info][gc,init] Min Capacity: 8M
[2026-04-03T01:45:34.062+0600][0.006s][info][gc,init] Initial Capacity: 246M
[2026-04-03T01:45:34.062+0600][0.006s][info][gc,init] Max Capacity: 3922M
[2026-04-03T01:45:34.062+0600][0.006s][info][gc,init] Soft Max Capacity: 3529M
[2026-04-03T01:45:34.062+0600][0.006s][info][gc,init] Medium Page Size: 32M
[2026-04-03T01:45:34.062+0600][0.006s][info][gc,init] Pre-touch: Disabled
[2026-04-03T01:45:34.062+0600][0.006s][info][gc,init] Available space on backing filesystem: N/A
[2026-04-03T01:45:34.063+0600][0.008s][info][gc,init] Uncommit: Enabled
[2026-04-03T01:45:34.063+0600][0.008s][info][gc,init] Uncommit Delay: 300s
[2026-04-03T01:45:34.063+0600][0.008s][info][gc,init] GC Workers for Old Generation: 3 (dynamic)
[2026-04-03T01:45:34.063+0600][0.008s][info][gc,init] GC Workers for Young Generation: 3 (dynamic)
[2026-04-03T01:45:34.150+0600][0.094s][info][gc,init] GC Workers Max: 3 (dynamic)
[2026-04-03T01:45:34.151+0600][0.095s][info][gc,init] Runtime Workers: 8
[2026-04-03T01:45:34.152+0600][0.097s][info][gc     ] Using The Z Garbage Collector
[2026-04-03T01:45:34.163+0600][0.108s][info][gc,metaspace] CDS archive(s) mapped at: [0x00007a1793000000-0x00007a1793c9c000-0x00007a1793c9c000), size 13221888, SharedBaseAddress: 0x00007a1793000000, ArchiveRelocationMode: 1.
[2026-04-03T01:45:34.163+0600][0.108s][info][gc,metaspace] Compressed class space mapped at: 0x00007a1794000000-0x00007a17d4000000, reserved size: 1073741824
[2026-04-03T01:45:34.163+0600][0.108s][info][gc,metaspace] Narrow klass base: 0x00007a1793000000, Narrow klass shift: 0, Narrow klass range: 0x100000000
[2026-04-03T01:45:35.736+0600][1.681s][info][gc          ] GC(0) Major Collection (Warmup)
[2026-04-03T01:45:35.736+0600][1.681s][info][gc,task     ] GC(0) Using 3 Workers for Young Generation
[2026-04-03T01:45:35.736+0600][1.681s][info][gc,task     ] GC(0) Using 2 Workers for Old Generation
[2026-04-03T01:45:35.736+0600][1.681s][info][gc,phases   ] GC(0) Y: Young Generation
[2026-04-03T01:45:35.736+0600][1.681s][info][gc,phases   ] GC(0) Y: Pause Mark Start (Major) 0.025ms
[2026-04-03T01:45:35.748+0600][1.692s][info][gc,phases   ] GC(0) Y: Concurrent Mark 10.888ms
[2026-04-03T01:45:35.748+0600][1.693s][info][gc,phases   ] GC(0) Y: Pause Mark End 0.029ms
[2026-04-03T01:45:35.748+0600][1.693s][info][gc,phases   ] GC(0) Y: Concurrent Mark Free 0.002ms
[2026-04-03T01:45:35.748+0600][1.693s][info][gc,phases   ] GC(0) Y: Concurrent Reset Relocation Set 0.001ms
[2026-04-03T01:45:35.756+0600][1.701s][info][gc,reloc    ] GC(0) Y: Using tenuring threshold: 1 (Computed)
[2026-04-03T01:45:35.758+0600][1.703s][info][gc,phases   ] GC(0) Y: Concurrent Select Relocation Set 9.681ms
[2026-04-03T01:45:35.759+0600][1.704s][info][gc,phases   ] GC(0) Y: Pause Relocate Start 0.021ms
[2026-04-03T01:45:35.768+0600][1.713s][info][gc,phases   ] GC(0) Y: Concurrent Relocate 9.518ms
[2026-04-03T01:45:35.769+0600][1.713s][info][gc,alloc    ] GC(0) Y:                         Mark Start        Mark End      Relocate Start    Relocate End   
[2026-04-03T01:45:35.769+0600][1.713s][info][gc,alloc    ] GC(0) Y: Allocation Stalls:          0                0                0                0         
[2026-04-03T01:45:35.769+0600][1.713s][info][gc,load     ] GC(0) Y: Load: 5.90 (49%) / 7.05 (59%) / 7.48 (62%)
[2026-04-03T01:45:35.769+0600][1.713s][info][gc,mmu      ] GC(0) Y: MMU: 2ms/98.5%, 5ms/99.4%, 10ms/99.7%, 20ms/99.7%, 50ms/99.8%, 100ms/99.9%
[2026-04-03T01:45:35.769+0600][1.714s][info][gc,marking  ] GC(0) Y: Mark: 2 stripe(s), 6 proactive flush(es), 1 terminate flush(es), 0 completion(s), 0 continuation(s) 
[2026-04-03T01:45:35.769+0600][1.714s][info][gc,marking  ] GC(0) Y: Mark Stack Usage: 32M
[2026-04-03T01:45:35.769+0600][1.714s][info][gc,nmethod  ] GC(0) Y: NMethods: 1217 registered, 0 unregistered
[2026-04-03T01:45:35.769+0600][1.714s][info][gc,metaspace] GC(0) Y: Metaspace: 11M used, 11M committed, 1088M reserved
[2026-04-03T01:45:35.769+0600][1.714s][info][gc,reloc    ] GC(0) Y:                        Candidates     Selected     In-Place         Size        Empty    Relocated 
[2026-04-03T01:45:35.769+0600][1.714s][info][gc,reloc    ] GC(0) Y: Small Pages:                  178          175            0         356M           0M           3M 
[2026-04-03T01:45:35.769+0600][1.714s][info][gc,reloc    ] GC(0) Y: Medium Pages:                   0            0            0           0M           0M           0M 
[2026-04-03T01:45:35.769+0600][1.714s][info][gc,reloc    ] GC(0) Y: Large Pages:                    0            0            0           0M           0M           0M 
[2026-04-03T01:45:35.769+0600][1.714s][info][gc,reloc    ] GC(0) Y: Forwarding Usage: 1M
[2026-04-03T01:45:35.769+0600][1.714s][info][gc,reloc    ] GC(0) Y: Age Table:
[2026-04-03T01:45:35.769+0600][1.714s][info][gc,reloc    ] GC(0) Y:                    Live             Garbage             Small              Medium             Large        
[2026-04-03T01:45:35.769+0600][1.714s][info][gc,reloc    ] GC(0) Y: Eden               5M (0%)          350M (9%)         178 / 175            0 / 0              0 / 0        
[2026-04-03T01:45:35.769+0600][1.714s][info][gc,heap     ] GC(0) Y: Min Capacity: 8M(0%)
[2026-04-03T01:45:35.769+0600][1.714s][info][gc,heap     ] GC(0) Y: Max Capacity: 3922M(100%)
[2026-04-03T01:45:35.769+0600][1.714s][info][gc,heap     ] GC(0) Y: Soft Max Capacity: 3529M(90%)
[2026-04-03T01:45:35.769+0600][1.714s][info][gc,heap     ] GC(0) Y: Heap Statistics:
[2026-04-03T01:45:35.769+0600][1.714s][info][gc,heap     ] GC(0) Y:                Mark Start          Mark End        Relocate Start      Relocate End           High               Low         
[2026-04-03T01:45:35.769+0600][1.714s][info][gc,heap     ] GC(0) Y:  Capacity:      356M (9%)          360M (9%)          364M (9%)          372M (9%)          372M (9%)          356M (9%)     
[2026-04-03T01:45:35.769+0600][1.714s][info][gc,heap     ] GC(0) Y:      Free:     3566M (91%)        3562M (91%)        3558M (91%)        3902M (99%)        3904M (100%)       3550M (91%)    
[2026-04-03T01:45:35.769+0600][1.714s][info][gc,heap     ] GC(0) Y:      Used:      356M (9%)          360M (9%)          364M (9%)           20M (1%)          372M (9%)           18M (0%)     
[2026-04-03T01:45:35.769+0600][1.714s][info][gc,heap     ] GC(0) Y: Young Generation Statistics:
[2026-04-03T01:45:35.769+0600][1.714s][info][gc,heap     ] GC(0) Y:                Mark Start          Mark End        Relocate Start      Relocate End    
[2026-04-03T01:45:35.769+0600][1.714s][info][gc,heap     ] GC(0) Y:      Used:      356M (9%)          360M (9%)          364M (9%)           20M (1%)     
[2026-04-03T01:45:35.769+0600][1.714s][info][gc,heap     ] GC(0) Y:      Live:         -                 5M (0%)            5M (0%)            5M (0%)     
[2026-04-03T01:45:35.769+0600][1.714s][info][gc,heap     ] GC(0) Y:   Garbage:         -               350M (9%)          350M (9%)            0M (0%)     
[2026-04-03T01:45:35.769+0600][1.714s][info][gc,heap     ] GC(0) Y: Allocated:         -                 4M (0%)            8M (0%)           14M (0%)     
[2026-04-03T01:45:35.769+0600][1.714s][info][gc,heap     ] GC(0) Y: Reclaimed:         -                  -                 0M (0%)          350M (9%)     
[2026-04-03T01:45:35.769+0600][1.714s][info][gc,heap     ] GC(0) Y:  Promoted:         -                  -                 0M (0%)            0M (0%)     
[2026-04-03T01:45:35.769+0600][1.714s][info][gc,heap     ] GC(0) Y: Compacted:         -                  -                  -                 5M (0%)     
[2026-04-03T01:45:35.769+0600][1.714s][info][gc,phases   ] GC(0) Y: Young Generation 356M(9%)->20M(1%) 0.032s
[2026-04-03T01:45:35.769+0600][1.714s][info][gc,phases   ] GC(0) O: Old Generation
[2026-04-03T01:45:35.770+0600][1.714s][info][gc,phases   ] GC(0) O: Concurrent Mark 0.584ms
[2026-04-03T01:45:35.770+0600][1.715s][info][gc,phases   ] GC(0) O: Pause Mark End 0.025ms
[2026-04-03T01:45:35.770+0600][1.715s][info][gc,phases   ] GC(0) O: Concurrent Mark Free 0.039ms
[2026-04-03T01:45:35.773+0600][1.718s][info][gc,phases   ] GC(0) O: Concurrent Process Non-Strong 3.109ms
[2026-04-03T01:45:35.773+0600][1.718s][info][gc,phases   ] GC(0) O: Concurrent Reset Relocation Set 0.001ms
[2026-04-03T01:45:35.777+0600][1.721s][info][gc,phases   ] GC(0) O: Concurrent Select Relocation Set 3.049ms
[2026-04-03T01:45:35.777+0600][1.721s][info][gc,task     ] GC(0) O: Using 3 Workers for Old Generation
[2026-04-03T01:45:35.795+0600][1.740s][info][gc,task     ] GC(0) O: Using 2 Workers for Old Generation
[2026-04-03T01:45:35.795+0600][1.740s][info][gc,phases   ] GC(0) O: Concurrent Remap Roots 18.549ms
[2026-04-03T01:45:35.796+0600][1.741s][info][gc,phases   ] GC(0) O: Pause Relocate Start 0.039ms
[2026-04-03T01:45:35.797+0600][1.741s][info][gc,phases   ] GC(0) O: Concurrent Relocate 0.119ms
[2026-04-03T01:45:35.797+0600][1.742s][info][gc,alloc    ] GC(0) O:                         Mark Start        Mark End      Relocate Start    Relocate End   
[2026-04-03T01:45:35.797+0600][1.742s][info][gc,alloc    ] GC(0) O: Allocation Stalls:          0                0                0                0         
[2026-04-03T01:45:35.797+0600][1.742s][info][gc,load     ] GC(0) O: Load: 5.90 (49%) / 7.05 (59%) / 7.48 (62%)
[2026-04-03T01:45:35.797+0600][1.742s][info][gc,mmu      ] GC(0) O: MMU: 2ms/98.1%, 5ms/99.2%, 10ms/99.6%, 20ms/99.7%, 50ms/99.8%, 100ms/99.9%
[2026-04-03T01:45:35.797+0600][1.742s][info][gc,marking  ] GC(0) O: Mark: 2 stripe(s), 1 proactive flush(es), 1 terminate flush(es), 0 completion(s), 0 continuation(s) 
[2026-04-03T01:45:35.797+0600][1.742s][info][gc,marking  ] GC(0) O: Mark Stack Usage: 0M
[2026-04-03T01:45:35.797+0600][1.742s][info][gc,nmethod  ] GC(0) O: NMethods: 1094 registered, 123 unregistered
[2026-04-03T01:45:35.797+0600][1.742s][info][gc,metaspace] GC(0) O: Metaspace: 11M used, 11M committed, 1088M reserved
[2026-04-03T01:45:35.797+0600][1.742s][info][gc,ref      ] GC(0) O:                       Encountered   Discovered     Enqueued 
[2026-04-03T01:45:35.797+0600][1.742s][info][gc,ref      ] GC(0) O: Soft References:              211            0            0 
[2026-04-03T01:45:35.797+0600][1.742s][info][gc,ref      ] GC(0) O: Weak References:              921            0            0 
[2026-04-03T01:45:35.797+0600][1.742s][info][gc,ref      ] GC(0) O: Final References:               0            0            0 
[2026-04-03T01:45:35.797+0600][1.742s][info][gc,ref      ] GC(0) O: Phantom References:            28            0            0 
[2026-04-03T01:45:35.797+0600][1.742s][info][gc,heap     ] GC(0) O: Min Capacity: 8M(0%)
[2026-04-03T01:45:35.797+0600][1.742s][info][gc,heap     ] GC(0) O: Max Capacity: 3922M(100%)
[2026-04-03T01:45:35.797+0600][1.742s][info][gc,heap     ] GC(0) O: Soft Max Capacity: 3529M(90%)
[2026-04-03T01:45:35.797+0600][1.742s][info][gc,heap     ] GC(0) O: Heap Statistics:
[2026-04-03T01:45:35.797+0600][1.742s][info][gc,heap     ] GC(0) O:                Mark Start          Mark End        Relocate Start      Relocate End           High               Low         
[2026-04-03T01:45:35.797+0600][1.742s][info][gc,heap     ] GC(0) O:  Capacity:      356M (9%)          372M (9%)          372M (9%)          372M (9%)          372M (9%)          356M (9%)     
[2026-04-03T01:45:35.797+0600][1.742s][info][gc,heap     ] GC(0) O:      Free:     3566M (91%)        3902M (99%)        3894M (99%)        3894M (99%)        3904M (100%)       3550M (91%)    
[2026-04-03T01:45:35.797+0600][1.742s][info][gc,heap     ] GC(0) O:      Used:      356M (9%)           20M (1%)           28M (1%)           28M (1%)          372M (9%)           18M (0%)     
[2026-04-03T01:45:35.797+0600][1.742s][info][gc,heap     ] GC(0) O: Old Generation Statistics:
[2026-04-03T01:45:35.797+0600][1.742s][info][gc,heap     ] GC(0) O:                Mark Start          Mark End        Relocate Start      Relocate End    
[2026-04-03T01:45:35.797+0600][1.742s][info][gc,heap     ] GC(0) O:      Used:        0M (0%)            0M (0%)            0M (0%)            0M (0%)     
[2026-04-03T01:45:35.797+0600][1.742s][info][gc,heap     ] GC(0) O:      Live:         -                 0M (0%)            0M (0%)            0M (0%)     
[2026-04-03T01:45:35.797+0600][1.742s][info][gc,heap     ] GC(0) O:   Garbage:         -                 0M (0%)            0M (0%)            0M (0%)     
[2026-04-03T01:45:35.797+0600][1.742s][info][gc,heap     ] GC(0) O: Allocated:         -                 0M (0%)            0M (0%)            0M (0%)     
[2026-04-03T01:45:35.797+0600][1.742s][info][gc,heap     ] GC(0) O: Reclaimed:         -                  -                 0M (0%)            0M (0%)     
[2026-04-03T01:45:35.797+0600][1.742s][info][gc,heap     ] GC(0) O: Compacted:         -                  -                  -                 0M (0%)     
[2026-04-03T01:45:35.797+0600][1.742s][info][gc,phases   ] GC(0) O: Old Generation 20M(1%)->28M(1%) 0.028s
[2026-04-03T01:45:35.797+0600][1.742s][info][gc          ] GC(0) Major Collection (Warmup) 356M(9%)->28M(1%) 0.061s
[2026-04-03T01:45:39.589+0600][5.534s][info][gc          ] GC(1) Major Collection (Metadata GC Threshold)
[2026-04-03T01:45:39.590+0600][5.534s][info][gc,task     ] GC(1) Using 1 Workers for Young Generation
[2026-04-03T01:45:39.590+0600][5.534s][info][gc,task     ] GC(1) Using 1 Workers for Old Generation
[2026-04-03T01:45:39.590+0600][5.534s][info][gc,phases   ] GC(1) Y: Young Generation
[2026-04-03T01:45:39.590+0600][5.535s][info][gc,phases   ] GC(1) Y: Pause Mark Start (Major) 0.034ms
[2026-04-03T01:45:39.639+0600][5.584s][info][gc,phases   ] GC(1) Y: Concurrent Mark 49.059ms
[2026-04-03T01:45:39.640+0600][5.584s][info][gc,phases   ] GC(1) Y: Pause Mark End 0.029ms
[2026-04-03T01:45:39.640+0600][5.584s][info][gc,phases   ] GC(1) Y: Concurrent Mark Free 0.003ms
[2026-04-03T01:45:39.640+0600][5.585s][info][gc,phases   ] GC(1) Y: Concurrent Reset Relocation Set 0.040ms
[2026-04-03T01:45:39.643+0600][5.588s][info][gc,reloc    ] GC(1) Y: Using tenuring threshold: 2 (Computed)
[2026-04-03T01:45:39.644+0600][5.589s][info][gc,phases   ] GC(1) Y: Concurrent Select Relocation Set 4.555ms
[2026-04-03T01:45:39.645+0600][5.589s][info][gc,phases   ] GC(1) Y: Pause Relocate Start 0.021ms
[2026-04-03T01:45:39.659+0600][5.603s][info][gc,phases   ] GC(1) Y: Concurrent Relocate 13.790ms
[2026-04-03T01:45:39.659+0600][5.603s][info][gc,alloc    ] GC(1) Y:                         Mark Start        Mark End      Relocate Start    Relocate End   
[2026-04-03T01:45:39.659+0600][5.603s][info][gc,alloc    ] GC(1) Y: Allocation Stalls:          0                0                0                0         
[2026-04-03T01:45:39.659+0600][5.604s][info][gc,load     ] GC(1) Y: Load: 5.82 (49%) / 7.02 (58%) / 7.47 (62%)
[2026-04-03T01:45:39.659+0600][5.604s][info][gc,mmu      ] GC(1) Y: MMU: 2ms/98.1%, 5ms/99.2%, 10ms/99.5%, 20ms/99.7%, 50ms/99.8%, 100ms/99.9%
[2026-04-03T01:45:39.659+0600][5.604s][info][gc,marking  ] GC(1) Y: Mark: 1 stripe(s), 2 proactive flush(es), 1 terminate flush(es), 0 completion(s), 0 continuation(s) 
[2026-04-03T01:45:39.659+0600][5.604s][info][gc,marking  ] GC(1) Y: Mark Stack Usage: 32M
[2026-04-03T01:45:39.659+0600][5.604s][info][gc,nmethod  ] GC(1) Y: NMethods: 1881 registered, 0 unregistered
[2026-04-03T01:45:39.659+0600][5.604s][info][gc,metaspace] GC(1) Y: Metaspace: 21M used, 21M committed, 1088M reserved
[2026-04-03T01:45:39.659+0600][5.604s][info][gc,reloc    ] GC(1) Y:                        Candidates     Selected     In-Place         Size        Empty    Relocated 
[2026-04-03T01:45:39.659+0600][5.604s][info][gc,reloc    ] GC(1) Y: Small Pages:                   78           69            0         156M           0M           7M 
[2026-04-03T01:45:39.659+0600][5.604s][info][gc,reloc    ] GC(1) Y: Medium Pages:                   1            0            0          32M           0M           0M 
[2026-04-03T01:45:39.659+0600][5.604s][info][gc,reloc    ] GC(1) Y: Large Pages:                    0            0            0           0M           0M           0M 
[2026-04-03T01:45:39.659+0600][5.604s][info][gc,reloc    ] GC(1) Y: Forwarding Usage: 1M
[2026-04-03T01:45:39.659+0600][5.604s][info][gc,reloc    ] GC(1) Y: Age Table:
[2026-04-03T01:45:39.659+0600][5.604s][info][gc,reloc    ] GC(1) Y:                    Live             Garbage             Small              Medium             Large        
[2026-04-03T01:45:39.659+0600][5.604s][info][gc,reloc    ] GC(1) Y: Eden              15M (0%)          162M (4%)          73 / 67             1 / 0              0 / 0        
[2026-04-03T01:45:39.659+0600][5.604s][info][gc,reloc    ] GC(1) Y: Survivor 1         4M (0%)            5M (0%)           5 / 2              0 / 0              0 / 0        
[2026-04-03T01:45:39.659+0600][5.604s][info][gc,heap     ] GC(1) Y: Min Capacity: 8M(0%)
[2026-04-03T01:45:39.659+0600][5.604s][info][gc,heap     ] GC(1) Y: Max Capacity: 3922M(100%)
[2026-04-03T01:45:39.659+0600][5.604s][info][gc,heap     ] GC(1) Y: Soft Max Capacity: 3529M(90%)
[2026-04-03T01:45:39.659+0600][5.604s][info][gc,heap     ] GC(1) Y: Heap Statistics:
[2026-04-03T01:45:39.659+0600][5.604s][info][gc,heap     ] GC(1) Y:                Mark Start          Mark End        Relocate Start      Relocate End           High               Low         
[2026-04-03T01:45:39.659+0600][5.604s][info][gc,heap     ] GC(1) Y:  Capacity:      404M (10%)         404M (10%)         404M (10%)         404M (10%)         404M (10%)         404M (10%)    
[2026-04-03T01:45:39.659+0600][5.604s][info][gc,heap     ] GC(1) Y:      Free:     3734M (95%)        3728M (95%)        3728M (95%)        3862M (98%)        3862M (98%)        3722M (95%)    
[2026-04-03T01:45:39.659+0600][5.604s][info][gc,heap     ] GC(1) Y:      Used:      188M (5%)          194M (5%)          194M (5%)           60M (2%)          200M (5%)           60M (2%)     
[2026-04-03T01:45:39.659+0600][5.604s][info][gc,heap     ] GC(1) Y: Young Generation Statistics:
[2026-04-03T01:45:39.659+0600][5.604s][info][gc,heap     ] GC(1) Y:                Mark Start          Mark End        Relocate Start      Relocate End    
[2026-04-03T01:45:39.659+0600][5.604s][info][gc,heap     ] GC(1) Y:      Used:      188M (5%)          194M (5%)          194M (5%)           60M (2%)     
[2026-04-03T01:45:39.659+0600][5.604s][info][gc,heap     ] GC(1) Y:      Live:         -                19M (1%)           19M (1%)           19M (1%)     
[2026-04-03T01:45:39.659+0600][5.604s][info][gc,heap     ] GC(1) Y:   Garbage:         -               168M (4%)          168M (4%)           27M (1%)     
[2026-04-03T01:45:39.659+0600][5.604s][info][gc,heap     ] GC(1) Y: Allocated:         -                 6M (0%)            6M (0%)           12M (0%)     
[2026-04-03T01:45:39.659+0600][5.604s][info][gc,heap     ] GC(1) Y: Reclaimed:         -                  -                 0M (0%)          140M (4%)     
[2026-04-03T01:45:39.659+0600][5.604s][info][gc,heap     ] GC(1) Y:  Promoted:         -                  -                 0M (0%)            0M (0%)     
[2026-04-03T01:45:39.659+0600][5.604s][info][gc,heap     ] GC(1) Y: Compacted:         -                  -                  -                11M (0%)     
[2026-04-03T01:45:39.659+0600][5.604s][info][gc,phases   ] GC(1) Y: Young Generation 188M(5%)->60M(2%) 0.069s
[2026-04-03T01:45:39.659+0600][5.604s][info][gc,phases   ] GC(1) O: Old Generation
[2026-04-03T01:45:39.660+0600][5.605s][info][gc,phases   ] GC(1) O: Concurrent Mark 1.338ms
[2026-04-03T01:45:39.661+0600][5.606s][info][gc,phases   ] GC(1) O: Pause Mark End 0.025ms
[2026-04-03T01:45:39.661+0600][5.606s][info][gc,phases   ] GC(1) O: Concurrent Mark Free 0.002ms
[2026-04-03T01:45:39.669+0600][5.614s][info][gc,phases   ] GC(1) O: Concurrent Process Non-Strong 8.174ms
[2026-04-03T01:45:39.669+0600][5.614s][info][gc,phases   ] GC(1) O: Concurrent Reset Relocation Set 0.001ms
[2026-04-03T01:45:39.672+0600][5.617s][info][gc,phases   ] GC(1) O: Concurrent Select Relocation Set 3.152ms
[2026-04-03T01:45:39.672+0600][5.617s][info][gc,task     ] GC(1) O: Using 2 Workers for Old Generation
[2026-04-03T01:45:39.702+0600][5.647s][info][gc,task     ] GC(1) O: Using 1 Workers for Old Generation
[2026-04-03T01:45:39.702+0600][5.647s][info][gc,phases   ] GC(1) O: Concurrent Remap Roots 29.505ms
[2026-04-03T01:45:39.702+0600][5.647s][info][gc,phases   ] GC(1) O: Pause Relocate Start 0.024ms
[2026-04-03T01:45:39.702+0600][5.647s][info][gc,phases   ] GC(1) O: Concurrent Relocate 0.069ms
[2026-04-03T01:45:39.702+0600][5.647s][info][gc,alloc    ] GC(1) O:                         Mark Start        Mark End      Relocate Start    Relocate End   
[2026-04-03T01:45:39.702+0600][5.647s][info][gc,alloc    ] GC(1) O: Allocation Stalls:          0                0                0                0         
[2026-04-03T01:45:39.702+0600][5.647s][info][gc,load     ] GC(1) O: Load: 5.82 (49%) / 7.02 (58%) / 7.47 (62%)
[2026-04-03T01:45:39.702+0600][5.647s][info][gc,mmu      ] GC(1) O: MMU: 2ms/98.1%, 5ms/99.2%, 10ms/99.5%, 20ms/99.7%, 50ms/99.8%, 100ms/99.9%
[2026-04-03T01:45:39.702+0600][5.647s][info][gc,marking  ] GC(1) O: Mark: 1 stripe(s), 1 proactive flush(es), 1 terminate flush(es), 0 completion(s), 0 continuation(s) 
[2026-04-03T01:45:39.702+0600][5.647s][info][gc,marking  ] GC(1) O: Mark Stack Usage: 0M
[2026-04-03T01:45:39.702+0600][5.647s][info][gc,nmethod  ] GC(1) O: NMethods: 1780 registered, 130 unregistered
[2026-04-03T01:45:39.702+0600][5.647s][info][gc,metaspace] GC(1) O: Metaspace: 21M used, 21M committed, 1088M reserved
[2026-04-03T01:45:39.702+0600][5.647s][info][gc,ref      ] GC(1) O:                       Encountered   Discovered     Enqueued 
[2026-04-03T01:45:39.702+0600][5.647s][info][gc,ref      ] GC(1) O: Soft References:             3498            0            0 
[2026-04-03T01:45:39.702+0600][5.647s][info][gc,ref      ] GC(1) O: Weak References:             1459            0            0 
[2026-04-03T01:45:39.702+0600][5.647s][info][gc,ref      ] GC(1) O: Final References:               0            0            0 
[2026-04-03T01:45:39.702+0600][5.647s][info][gc,ref      ] GC(1) O: Phantom References:           563            0            0 
[2026-04-03T01:45:39.702+0600][5.647s][info][gc,heap     ] GC(1) O: Min Capacity: 8M(0%)
[2026-04-03T01:45:39.702+0600][5.647s][info][gc,heap     ] GC(1) O: Max Capacity: 3922M(100%)
[2026-04-03T01:45:39.702+0600][5.647s][info][gc,heap     ] GC(1) O: Soft Max Capacity: 3529M(90%)
[2026-04-03T01:45:39.703+0600][5.647s][info][gc,heap     ] GC(1) O: Heap Statistics:
[2026-04-03T01:45:39.703+0600][5.647s][info][gc,heap     ] GC(1) O:                Mark Start          Mark End        Relocate Start      Relocate End           High               Low         
[2026-04-03T01:45:39.703+0600][5.647s][info][gc,heap     ] GC(1) O:  Capacity:      404M (10%)         404M (10%)         404M (10%)         404M (10%)         404M (10%)         404M (10%)    
[2026-04-03T01:45:39.703+0600][5.647s][info][gc,heap     ] GC(1) O:      Free:     3734M (95%)        3862M (98%)        3860M (98%)        3860M (98%)        3862M (98%)        3722M (95%)    
[2026-04-03T01:45:39.703+0600][5.647s][info][gc,heap     ] GC(1) O:      Used:      188M (5%)           60M (2%)           62M (2%)           62M (2%)          200M (5%)           60M (2%)     
[2026-04-03T01:45:39.703+0600][5.647s][info][gc,heap     ] GC(1) O: Old Generation Statistics:
[2026-04-03T01:45:39.703+0600][5.647s][info][gc,heap     ] GC(1) O:                Mark Start          Mark End        Relocate Start      Relocate End    
[2026-04-03T01:45:39.703+0600][5.647s][info][gc,heap     ] GC(1) O:      Used:        0M (0%)            0M (0%)            0M (0%)            0M (0%)     
[2026-04-03T01:45:39.703+0600][5.648s][info][gc,heap     ] GC(1) O:      Live:         -                 0M (0%)            0M (0%)            0M (0%)     
[2026-04-03T01:45:39.703+0600][5.648s][info][gc,heap     ] GC(1) O:   Garbage:         -                 0M (0%)            0M (0%)            0M (0%)     
[2026-04-03T01:45:39.703+0600][5.648s][info][gc,heap     ] GC(1) O: Allocated:         -                 0M (0%)            0M (0%)            0M (0%)     
[2026-04-03T01:45:39.703+0600][5.648s][info][gc,heap     ] GC(1) O: Reclaimed:         -                  -                 0M (0%)            0M (0%)     
[2026-04-03T01:45:39.703+0600][5.648s][info][gc,heap     ] GC(1) O: Compacted:         -                  -                  -                 0M (0%)     
[2026-04-03T01:45:39.703+0600][5.648s][info][gc,phases   ] GC(1) O: Old Generation 60M(2%)->62M(2%) 0.043s
[2026-04-03T01:45:39.703+0600][5.648s][info][gc          ] GC(1) Major Collection (Metadata GC Threshold) 188M(5%)->62M(2%) 0.113s
[2026-04-03T01:45:43.334+0600][9.279s][info][gc          ] GC(2) Major Collection (Metadata GC Threshold)
[2026-04-03T01:45:43.335+0600][9.279s][info][gc,task     ] GC(2) Using 1 Workers for Young Generation
[2026-04-03T01:45:43.335+0600][9.279s][info][gc,task     ] GC(2) Using 1 Workers for Old Generation
[2026-04-03T01:45:43.335+0600][9.279s][info][gc,phases   ] GC(2) Y: Young Generation
[2026-04-03T01:45:43.335+0600][9.280s][info][gc,phases   ] GC(2) Y: Pause Mark Start (Major) 0.024ms
[2026-04-03T01:45:43.396+0600][9.341s][info][gc,phases   ] GC(2) Y: Concurrent Mark 60.590ms
[2026-04-03T01:45:43.399+0600][9.344s][info][gc,phases   ] GC(2) Y: Pause Mark End 0.043ms
[2026-04-03T01:45:43.399+0600][9.344s][info][gc,phases   ] GC(2) Y: Concurrent Mark Free 0.003ms
[2026-04-03T01:45:43.399+0600][9.344s][info][gc,phases   ] GC(2) Y: Concurrent Reset Relocation Set 0.012ms
[2026-04-03T01:45:43.402+0600][9.347s][info][gc,reloc    ] GC(2) Y: Using tenuring threshold: 3 (Computed)
[2026-04-03T01:45:43.406+0600][9.351s][info][gc,phases   ] GC(2) Y: Concurrent Select Relocation Set 6.956ms
[2026-04-03T01:45:43.407+0600][9.352s][info][gc,phases   ] GC(2) Y: Pause Relocate Start 0.033ms
[2026-04-03T01:45:43.424+0600][9.369s][info][gc,phases   ] GC(2) Y: Concurrent Relocate 17.291ms
[2026-04-03T01:45:43.424+0600][9.369s][info][gc,alloc    ] GC(2) Y:                         Mark Start        Mark End      Relocate Start    Relocate End   
[2026-04-03T01:45:43.425+0600][9.369s][info][gc,alloc    ] GC(2) Y: Allocation Stalls:          0                0                0                0         
[2026-04-03T01:45:43.425+0600][9.369s][info][gc,load     ] GC(2) Y: Load: 5.82 (49%) / 7.02 (58%) / 7.47 (62%)
[2026-04-03T01:45:43.425+0600][9.369s][info][gc,mmu      ] GC(2) Y: MMU: 2ms/97.9%, 5ms/99.1%, 10ms/99.2%, 20ms/99.6%, 50ms/99.8%, 100ms/99.9%
[2026-04-03T01:45:43.425+0600][9.370s][info][gc,marking  ] GC(2) Y: Mark: 1 stripe(s), 2 proactive flush(es), 1 terminate flush(es), 0 completion(s), 0 continuation(s) 
[2026-04-03T01:45:43.425+0600][9.370s][info][gc,marking  ] GC(2) Y: Mark Stack Usage: 32M
[2026-04-03T01:45:43.425+0600][9.370s][info][gc,nmethod  ] GC(2) Y: NMethods: 2715 registered, 130 unregistered
[2026-04-03T01:45:43.425+0600][9.370s][info][gc,metaspace] GC(2) Y: Metaspace: 36M used, 36M committed, 1088M reserved
[2026-04-03T01:45:43.425+0600][9.370s][info][gc,reloc    ] GC(2) Y:                        Candidates     Selected     In-Place         Size        Empty    Relocated 
[2026-04-03T01:45:43.425+0600][9.370s][info][gc,reloc    ] GC(2) Y: Small Pages:                   86           75            0         172M           0M           6M 
[2026-04-03T01:45:43.425+0600][9.370s][info][gc,reloc    ] GC(2) Y: Medium Pages:                   2            0            0          64M          32M           0M 
[2026-04-03T01:45:43.425+0600][9.370s][info][gc,reloc    ] GC(2) Y: Large Pages:                    0            0            0           0M           0M           0M 
[2026-04-03T01:45:43.425+0600][9.370s][info][gc,reloc    ] GC(2) Y: Forwarding Usage: 2M
[2026-04-03T01:45:43.425+0600][9.370s][info][gc,reloc    ] GC(2) Y: Age Table:
[2026-04-03T01:45:43.425+0600][9.370s][info][gc,reloc    ] GC(2) Y:                    Live             Garbage             Small              Medium             Large        
[2026-04-03T01:45:43.425+0600][9.370s][info][gc,reloc    ] GC(2) Y: Eden               5M (0%)          176M (4%)          75 / 71             1 / 0              0 / 0        
[2026-04-03T01:45:43.425+0600][9.370s][info][gc,reloc    ] GC(2) Y: Survivor 1        14M (0%)           29M (1%)           6 / 2              1 / 0              0 / 0        
[2026-04-03T01:45:43.425+0600][9.370s][info][gc,reloc    ] GC(2) Y: Survivor 2         4M (0%)            5M (0%)           5 / 2              0 / 0              0 / 0        
[2026-04-03T01:45:43.425+0600][9.370s][info][gc,heap     ] GC(2) Y: Min Capacity: 8M(0%)
[2026-04-03T01:45:43.425+0600][9.370s][info][gc,heap     ] GC(2) Y: Max Capacity: 3922M(100%)
[2026-04-03T01:45:43.425+0600][9.370s][info][gc,heap     ] GC(2) Y: Soft Max Capacity: 3529M(90%)
[2026-04-03T01:45:43.425+0600][9.370s][info][gc,heap     ] GC(2) Y: Heap Statistics:
[2026-04-03T01:45:43.425+0600][9.370s][info][gc,heap     ] GC(2) Y:                Mark Start          Mark End        Relocate Start      Relocate End           High               Low         
[2026-04-03T01:45:43.425+0600][9.370s][info][gc,heap     ] GC(2) Y:  Capacity:      436M (11%)         436M (11%)         436M (11%)         436M (11%)         436M (11%)         436M (11%)    
[2026-04-03T01:45:43.425+0600][9.370s][info][gc,heap     ] GC(2) Y:      Free:     3686M (94%)        3670M (94%)        3702M (94%)        3840M (98%)        3840M (98%)        3670M (94%)    
[2026-04-03T01:45:43.425+0600][9.370s][info][gc,heap     ] GC(2) Y:      Used:      236M (6%)          252M (6%)          220M (6%)           82M (2%)          252M (6%)           82M (2%)     
[2026-04-03T01:45:43.425+0600][9.370s][info][gc,heap     ] GC(2) Y: Young Generation Statistics:
[2026-04-03T01:45:43.425+0600][9.370s][info][gc,heap     ] GC(2) Y:                Mark Start          Mark End        Relocate Start      Relocate End    
[2026-04-03T01:45:43.425+0600][9.370s][info][gc,heap     ] GC(2) Y:      Used:      236M (6%)          252M (6%)          220M (6%)           82M (2%)     
[2026-04-03T01:45:43.425+0600][9.370s][info][gc,heap     ] GC(2) Y:      Live:         -                25M (1%)           25M (1%)           25M (1%)     
[2026-04-03T01:45:43.425+0600][9.370s][info][gc,heap     ] GC(2) Y:   Garbage:         -               210M (5%)          178M (5%)           27M (1%)     
[2026-04-03T01:45:43.425+0600][9.370s][info][gc,heap     ] GC(2) Y: Allocated:         -                16M (0%)           16M (0%)           29M (1%)     
[2026-04-03T01:45:43.425+0600][9.370s][info][gc,heap     ] GC(2) Y: Reclaimed:         -                  -                32M (1%)          183M (5%)     
[2026-04-03T01:45:43.425+0600][9.370s][info][gc,heap     ] GC(2) Y:  Promoted:         -                  -                 0M (0%)            0M (0%)     
[2026-04-03T01:45:43.425+0600][9.370s][info][gc,heap     ] GC(2) Y: Compacted:         -                  -                  -                 8M (0%)     
[2026-04-03T01:45:43.425+0600][9.370s][info][gc,phases   ] GC(2) Y: Young Generation 236M(6%)->82M(2%) 0.090s
[2026-04-03T01:45:43.425+0600][9.370s][info][gc,phases   ] GC(2) O: Old Generation
[2026-04-03T01:45:43.427+0600][9.372s][info][gc,phases   ] GC(2) O: Concurrent Mark 1.932ms
[2026-04-03T01:45:43.427+0600][9.372s][info][gc,phases   ] GC(2) O: Pause Mark End 0.030ms
[2026-04-03T01:45:43.428+0600][9.372s][info][gc,phases   ] GC(2) O: Concurrent Mark Free 0.002ms
[2026-04-03T01:45:43.442+0600][9.387s][info][gc,phases   ] GC(2) O: Concurrent Process Non-Strong 14.547ms
[2026-04-03T01:45:43.442+0600][9.387s][info][gc,phases   ] GC(2) O: Concurrent Reset Relocation Set 0.002ms
[2026-04-03T01:45:43.449+0600][9.394s][info][gc,phases   ] GC(2) O: Concurrent Select Relocation Set 6.311ms
[2026-04-03T01:45:43.449+0600][9.394s][info][gc,task     ] GC(2) O: Using 2 Workers for Old Generation
[2026-04-03T01:45:43.482+0600][9.427s][info][gc,task     ] GC(2) O: Using 1 Workers for Old Generation
[2026-04-03T01:45:43.482+0600][9.427s][info][gc,phases   ] GC(2) O: Concurrent Remap Roots 33.049ms
[2026-04-03T01:45:43.482+0600][9.427s][info][gc,phases   ] GC(2) O: Pause Relocate Start 0.044ms
[2026-04-03T01:45:43.483+0600][9.428s][info][gc,phases   ] GC(2) O: Concurrent Relocate 0.407ms
[2026-04-03T01:45:43.483+0600][9.428s][info][gc,alloc    ] GC(2) O:                         Mark Start        Mark End      Relocate Start    Relocate End   
[2026-04-03T01:45:43.483+0600][9.428s][info][gc,alloc    ] GC(2) O: Allocation Stalls:          0                0                0                0         
[2026-04-03T01:45:43.483+0600][9.428s][info][gc,load     ] GC(2) O: Load: 5.82 (49%) / 7.02 (58%) / 7.47 (62%)
[2026-04-03T01:45:43.483+0600][9.428s][info][gc,mmu      ] GC(2) O: MMU: 2ms/97.8%, 5ms/99.1%, 10ms/99.2%, 20ms/99.6%, 50ms/99.8%, 100ms/99.8%
[2026-04-03T01:45:43.483+0600][9.428s][info][gc,marking  ] GC(2) O: Mark: 1 stripe(s), 1 proactive flush(es), 1 terminate flush(es), 0 completion(s), 0 continuation(s) 
[2026-04-03T01:45:43.483+0600][9.428s][info][gc,marking  ] GC(2) O: Mark Stack Usage: 0M
[2026-04-03T01:45:43.483+0600][9.428s][info][gc,nmethod  ] GC(2) O: NMethods: 2531 registered, 319 unregistered
[2026-04-03T01:45:43.483+0600][9.428s][info][gc,metaspace] GC(2) O: Metaspace: 36M used, 37M committed, 1088M reserved
[2026-04-03T01:45:43.483+0600][9.428s][info][gc,ref      ] GC(2) O:                       Encountered   Discovered     Enqueued 
[2026-04-03T01:45:43.483+0600][9.428s][info][gc,ref      ] GC(2) O: Soft References:             3864            0            0 
[2026-04-03T01:45:43.483+0600][9.428s][info][gc,ref      ] GC(2) O: Weak References:             2985            0            0 
[2026-04-03T01:45:43.483+0600][9.428s][info][gc,ref      ] GC(2) O: Final References:              80            0            0 
[2026-04-03T01:45:43.483+0600][9.428s][info][gc,ref      ] GC(2) O: Phantom References:           569            0            0 
[2026-04-03T01:45:43.483+0600][9.428s][info][gc,heap     ] GC(2) O: Min Capacity: 8M(0%)
[2026-04-03T01:45:43.483+0600][9.428s][info][gc,heap     ] GC(2) O: Max Capacity: 3922M(100%)
[2026-04-03T01:45:43.483+0600][9.428s][info][gc,heap     ] GC(2) O: Soft Max Capacity: 3529M(90%)
[2026-04-03T01:45:43.483+0600][9.428s][info][gc,heap     ] GC(2) O: Heap Statistics:
[2026-04-03T01:45:43.483+0600][9.428s][info][gc,heap     ] GC(2) O:                Mark Start          Mark End        Relocate Start      Relocate End           High               Low         
[2026-04-03T01:45:43.483+0600][9.428s][info][gc,heap     ] GC(2) O:  Capacity:      436M (11%)         436M (11%)         436M (11%)         436M (11%)         436M (11%)         436M (11%)    
[2026-04-03T01:45:43.483+0600][9.428s][info][gc,heap     ] GC(2) O:      Free:     3686M (94%)        3840M (98%)        3840M (98%)        3840M (98%)        3840M (98%)        3670M (94%)    
[2026-04-03T01:45:43.483+0600][9.428s][info][gc,heap     ] GC(2) O:      Used:      236M (6%)           82M (2%)           82M (2%)           82M (2%)          252M (6%)           82M (2%)     
[2026-04-03T01:45:43.483+0600][9.428s][info][gc,heap     ] GC(2) O: Old Generation Statistics:
[2026-04-03T01:45:43.483+0600][9.428s][info][gc,heap     ] GC(2) O:                Mark Start          Mark End        Relocate Start      Relocate End    
[2026-04-03T01:45:43.483+0600][9.428s][info][gc,heap     ] GC(2) O:      Used:        0M (0%)            0M (0%)            0M (0%)            0M (0%)     
[2026-04-03T01:45:43.483+0600][9.428s][info][gc,heap     ] GC(2) O:      Live:         -                 0M (0%)            0M (0%)            0M (0%)     
[2026-04-03T01:45:43.483+0600][9.428s][info][gc,heap     ] GC(2) O:   Garbage:         -                 0M (0%)            0M (0%)            0M (0%)     
[2026-04-03T01:45:43.483+0600][9.428s][info][gc,heap     ] GC(2) O: Allocated:         -                 0M (0%)            0M (0%)            0M (0%)     
[2026-04-03T01:45:43.483+0600][9.428s][info][gc,heap     ] GC(2) O: Reclaimed:         -                  -                 0M (0%)            0M (0%)     
[2026-04-03T01:45:43.483+0600][9.428s][info][gc,heap     ] GC(2) O: Compacted:         -                  -                  -                 0M (0%)     
[2026-04-03T01:45:43.483+0600][9.428s][info][gc,phases   ] GC(2) O: Old Generation 82M(2%)->82M(2%) 0.058s
[2026-04-03T01:45:43.483+0600][9.428s][info][gc          ] GC(2) Major Collection (Metadata GC Threshold) 236M(6%)->82M(2%) 0.149s
[2026-04-03T01:45:46.885+0600][12.830s][info][gc          ] GC(3) Major Collection (Warmup)
[2026-04-03T01:45:46.885+0600][12.830s][info][gc,task     ] GC(3) Using 3 Workers for Young Generation
[2026-04-03T01:45:46.885+0600][12.830s][info][gc,task     ] GC(3) Using 1 Workers for Old Generation
[2026-04-03T01:45:46.885+0600][12.830s][info][gc,phases   ] GC(3) Y: Young Generation
[2026-04-03T01:45:46.885+0600][12.830s][info][gc,phases   ] GC(3) Y: Pause Mark Start (Major) 0.014ms
[2026-04-03T01:45:47.613+0600][13.558s][info][gc,phases   ] GC(3) Y: Concurrent Mark 727.923ms
[2026-04-03T01:45:47.613+0600][13.558s][info][gc,phases   ] GC(3) Y: Pause Mark End 0.087ms
[2026-04-03T01:45:47.613+0600][13.558s][info][gc,phases   ] GC(3) Y: Concurrent Mark Free 0.002ms
[2026-04-03T01:45:47.613+0600][13.558s][info][gc,phases   ] GC(3) Y: Concurrent Reset Relocation Set 0.018ms
[2026-04-03T01:45:47.615+0600][13.560s][info][gc,reloc    ] GC(3) Y: Using tenuring threshold: 1 (Computed)
[2026-04-03T01:45:47.625+0600][13.570s][info][gc,phases   ] GC(3) Y: Concurrent Select Relocation Set 11.544ms
[2026-04-03T01:45:47.625+0600][13.570s][info][gc,phases   ] GC(3) Y: Pause Relocate Start 0.026ms
[2026-04-03T01:45:47.676+0600][13.620s][info][gc,phases   ] GC(3) Y: Concurrent Relocate 49.820ms
[2026-04-03T01:45:47.676+0600][13.620s][info][gc,alloc    ] GC(3) Y:                         Mark Start        Mark End      Relocate Start    Relocate End   
[2026-04-03T01:45:47.676+0600][13.620s][info][gc,alloc    ] GC(3) Y: Allocation Stalls:          0                0                0                0         
[2026-04-03T01:45:47.676+0600][13.620s][info][gc,load     ] GC(3) Y: Load: 5.52 (46%) / 6.93 (58%) / 7.44 (62%)
[2026-04-03T01:45:47.676+0600][13.621s][info][gc,mmu      ] GC(3) Y: MMU: 2ms/95.7%, 5ms/98.3%, 10ms/99.1%, 20ms/99.4%, 50ms/99.8%, 100ms/99.8%
[2026-04-03T01:45:47.676+0600][13.621s][info][gc,marking  ] GC(3) Y: Mark: 2 stripe(s), 10 proactive flush(es), 1 terminate flush(es), 0 completion(s), 0 continuation(s) 
[2026-04-03T01:45:47.676+0600][13.621s][info][gc,marking  ] GC(3) Y: Mark Stack Usage: 32M
[2026-04-03T01:45:47.676+0600][13.621s][info][gc,nmethod  ] GC(3) Y: NMethods: 3207 registered, 0 unregistered
[2026-04-03T01:45:47.676+0600][13.621s][info][gc,metaspace] GC(3) Y: Metaspace: 48M used, 48M committed, 1088M reserved
[2026-04-03T01:45:47.676+0600][13.621s][info][gc,reloc    ] GC(3) Y:                        Candidates     Selected     In-Place         Size        Empty    Relocated 
[2026-04-03T01:45:47.676+0600][13.621s][info][gc,reloc    ] GC(3) Y: Small Pages:                  321           69            0         642M           0M           7M 
[2026-04-03T01:45:47.676+0600][13.621s][info][gc,reloc    ] GC(3) Y: Medium Pages:                   2            1            0          64M           0M           5M 
[2026-04-03T01:45:47.676+0600][13.621s][info][gc,reloc    ] GC(3) Y: Large Pages:                    0            0            0           0M           0M           0M 
[2026-04-03T01:45:47.676+0600][13.621s][info][gc,reloc    ] GC(3) Y: Forwarding Usage: 3M
[2026-04-03T01:45:47.676+0600][13.621s][info][gc,reloc    ] GC(3) Y: Age Table:
[2026-04-03T01:45:47.676+0600][13.621s][info][gc,reloc    ] GC(3) Y:                    Live             Garbage             Small              Medium             Large        
[2026-04-03T01:45:47.676+0600][13.621s][info][gc,reloc    ] GC(3) Y: Eden             474M (12%)         167M (4%)         305 / 63             1 / 0              0 / 0        
[2026-04-03T01:45:47.676+0600][13.621s][info][gc,reloc    ] GC(3) Y: Survivor 1         5M (0%)            4M (0%)           5 / 3              0 / 0              0 / 0        
[2026-04-03T01:45:47.676+0600][13.621s][info][gc,reloc    ] GC(3) Y: Survivor 2        14M (0%)           31M (1%)           7 / 2              1 / 1              0 / 0        
[2026-04-03T01:45:47.676+0600][13.621s][info][gc,reloc    ] GC(3) Y: Survivor 3         4M (0%)            3M (0%)           4 / 1              0 / 0              0 / 0        
[2026-04-03T01:45:47.676+0600][13.621s][info][gc,heap     ] GC(3) Y: Min Capacity: 8M(0%)
[2026-04-03T01:45:47.676+0600][13.621s][info][gc,heap     ] GC(3) Y: Max Capacity: 3922M(100%)
[2026-04-03T01:45:47.676+0600][13.621s][info][gc,heap     ] GC(3) Y: Soft Max Capacity: 3529M(90%)
[2026-04-03T01:45:47.676+0600][13.621s][info][gc,heap     ] GC(3) Y: Heap Statistics:
[2026-04-03T01:45:47.676+0600][13.621s][info][gc,heap     ] GC(3) Y:                Mark Start          Mark End        Relocate Start      Relocate End           High               Low         
[2026-04-03T01:45:47.676+0600][13.621s][info][gc,heap     ] GC(3) Y:  Capacity:      706M (18%)         944M (24%)         944M (24%)        1014M (26%)        1014M (26%)         706M (18%)    
[2026-04-03T01:45:47.676+0600][13.621s][info][gc,heap     ] GC(3) Y:      Free:     3216M (82%)        2978M (76%)        2978M (76%)        3110M (79%)        3216M (82%)        2908M (74%)    
[2026-04-03T01:45:47.676+0600][13.621s][info][gc,heap     ] GC(3) Y:      Used:      706M (18%)         944M (24%)         944M (24%)         812M (21%)        1014M (26%)         706M (18%)    
[2026-04-03T01:45:47.676+0600][13.621s][info][gc,heap     ] GC(3) Y: Young Generation Statistics:
[2026-04-03T01:45:47.676+0600][13.621s][info][gc,heap     ] GC(3) Y:                Mark Start          Mark End        Relocate Start      Relocate End    
[2026-04-03T01:45:47.676+0600][13.621s][info][gc,heap     ] GC(3) Y:      Used:      706M (18%)         944M (24%)         926M (24%)         756M (19%)    
[2026-04-03T01:45:47.676+0600][13.621s][info][gc,heap     ] GC(3) Y:      Live:         -               498M (13%)         482M (12%)         474M (12%)    
[2026-04-03T01:45:47.676+0600][13.621s][info][gc,heap     ] GC(3) Y:   Garbage:         -               207M (5%)          205M (5%)            7M (0%)     
[2026-04-03T01:45:47.676+0600][13.621s][info][gc,heap     ] GC(3) Y: Allocated:         -               238M (6%)          238M (6%)          274M (7%)     
[2026-04-03T01:45:47.676+0600][13.621s][info][gc,heap     ] GC(3) Y: Reclaimed:         -                  -                 1M (0%)          199M (5%)     
[2026-04-03T01:45:47.676+0600][13.621s][info][gc,heap     ] GC(3) Y:  Promoted:         -                  -                16M (0%)           24M (1%)     
[2026-04-03T01:45:47.676+0600][13.621s][info][gc,heap     ] GC(3) Y: Compacted:         -                  -                  -                 7M (0%)     
[2026-04-03T01:45:47.676+0600][13.621s][info][gc,phases   ] GC(3) Y: Young Generation 706M(18%)->812M(21%) 0.791s
[2026-04-03T01:45:47.676+0600][13.621s][info][gc,phases   ] GC(3) O: Old Generation
[2026-04-03T01:45:47.678+0600][13.623s][info][gc,phases   ] GC(3) O: Concurrent Mark 2.318ms
[2026-04-03T01:45:47.679+0600][13.623s][info][gc,phases   ] GC(3) O: Pause Mark End 0.028ms
[2026-04-03T01:45:47.679+0600][13.624s][info][gc,phases   ] GC(3) O: Concurrent Mark Free 0.002ms
[2026-04-03T01:45:47.692+0600][13.637s][info][gc,phases   ] GC(3) O: Concurrent Process Non-Strong 13.291ms
[2026-04-03T01:45:47.692+0600][13.637s][info][gc,phases   ] GC(3) O: Concurrent Reset Relocation Set 0.001ms
[2026-04-03T01:45:47.694+0600][13.639s][info][gc,phases   ] GC(3) O: Concurrent Select Relocation Set 1.932ms
[2026-04-03T01:45:47.694+0600][13.639s][info][gc,task     ] GC(3) O: Using 3 Workers for Old Generation
[2026-04-03T01:45:47.716+0600][13.661s][info][gc,task     ] GC(3) O: Using 1 Workers for Old Generation
[2026-04-03T01:45:47.716+0600][13.661s][info][gc,phases   ] GC(3) O: Concurrent Remap Roots 21.770ms
[2026-04-03T01:45:47.716+0600][13.661s][info][gc,phases   ] GC(3) O: Pause Relocate Start 0.054ms
[2026-04-03T01:45:47.717+0600][13.662s][info][gc,phases   ] GC(3) O: Concurrent Relocate 0.532ms
[2026-04-03T01:45:47.717+0600][13.662s][info][gc,alloc    ] GC(3) O:                         Mark Start        Mark End      Relocate Start    Relocate End   
[2026-04-03T01:45:47.717+0600][13.662s][info][gc,alloc    ] GC(3) O: Allocation Stalls:          0                0                0                0         
[2026-04-03T01:45:47.717+0600][13.662s][info][gc,load     ] GC(3) O: Load: 5.52 (46%) / 6.93 (58%) / 7.44 (62%)
[2026-04-03T01:45:47.717+0600][13.662s][info][gc,mmu      ] GC(3) O: MMU: 2ms/95.7%, 5ms/98.3%, 10ms/99.1%, 20ms/99.4%, 50ms/99.8%, 100ms/99.8%
[2026-04-03T01:45:47.717+0600][13.662s][info][gc,marking  ] GC(3) O: Mark: 1 stripe(s), 1 proactive flush(es), 1 terminate flush(es), 0 completion(s), 0 continuation(s) 
[2026-04-03T01:45:47.717+0600][13.662s][info][gc,marking  ] GC(3) O: Mark Stack Usage: 0M
[2026-04-03T01:45:47.717+0600][13.662s][info][gc,nmethod  ] GC(3) O: NMethods: 3072 registered, 135 unregistered
[2026-04-03T01:45:47.717+0600][13.662s][info][gc,metaspace] GC(3) O: Metaspace: 48M used, 48M committed, 1088M reserved
[2026-04-03T01:45:47.717+0600][13.662s][info][gc,ref      ] GC(3) O:                       Encountered   Discovered     Enqueued 
[2026-04-03T01:45:47.717+0600][13.662s][info][gc,ref      ] GC(3) O: Soft References:             3981            0            0 
[2026-04-03T01:45:47.717+0600][13.662s][info][gc,ref      ] GC(3) O: Weak References:             4158            0            0 
[2026-04-03T01:45:47.717+0600][13.662s][info][gc,ref      ] GC(3) O: Final References:              82            0            0 
[2026-04-03T01:45:47.717+0600][13.662s][info][gc,ref      ] GC(3) O: Phantom References:           586            0            0 
[2026-04-03T01:45:47.717+0600][13.662s][info][gc,heap     ] GC(3) O: Min Capacity: 8M(0%)
[2026-04-03T01:45:47.717+0600][13.662s][info][gc,heap     ] GC(3) O: Max Capacity: 3922M(100%)
[2026-04-03T01:45:47.717+0600][13.662s][info][gc,heap     ] GC(3) O: Soft Max Capacity: 3529M(90%)
[2026-04-03T01:45:47.717+0600][13.662s][info][gc,heap     ] GC(3) O: Heap Statistics:
[2026-04-03T01:45:47.717+0600][13.662s][info][gc,heap     ] GC(3) O:                Mark Start          Mark End        Relocate Start      Relocate End           High               Low         
[2026-04-03T01:45:47.717+0600][13.662s][info][gc,heap     ] GC(3) O:  Capacity:      706M (18%)        1014M (26%)        1014M (26%)        1014M (26%)        1014M (26%)         706M (18%)    
[2026-04-03T01:45:47.717+0600][13.662s][info][gc,heap     ] GC(3) O:      Free:     3216M (82%)        3110M (79%)        3110M (79%)        3110M (79%)        3216M (82%)        2908M (74%)    
[2026-04-03T01:45:47.717+0600][13.662s][info][gc,heap     ] GC(3) O:      Used:      706M (18%)         812M (21%)         812M (21%)         812M (21%)        1014M (26%)         706M (18%)    
[2026-04-03T01:45:47.717+0600][13.662s][info][gc,heap     ] GC(3) O: Old Generation Statistics:
[2026-04-03T01:45:47.717+0600][13.662s][info][gc,heap     ] GC(3) O:                Mark Start          Mark End        Relocate Start      Relocate End    
[2026-04-03T01:45:47.717+0600][13.662s][info][gc,heap     ] GC(3) O:      Used:        0M (0%)           56M (1%)           56M (1%)           56M (1%)     
[2026-04-03T01:45:47.717+0600][13.662s][info][gc,heap     ] GC(3) O:      Live:         -                 0M (0%)            0M (0%)            0M (0%)     
[2026-04-03T01:45:47.717+0600][13.662s][info][gc,heap     ] GC(3) O:   Garbage:         -                 0M (0%)            0M (0%)            0M (0%)     
[2026-04-03T01:45:47.717+0600][13.662s][info][gc,heap     ] GC(3) O: Allocated:         -                56M (1%)           56M (1%)           56M (1%)     
[2026-04-03T01:45:47.717+0600][13.662s][info][gc,heap     ] GC(3) O: Reclaimed:         -                  -                 0M (0%)            0M (0%)     
[2026-04-03T01:45:47.717+0600][13.662s][info][gc,heap     ] GC(3) O: Compacted:         -                  -                  -                 0M (0%)     
[2026-04-03T01:45:47.717+0600][13.662s][info][gc,phases   ] GC(3) O: Old Generation 812M(21%)->812M(21%) 0.041s
[2026-04-03T01:45:47.717+0600][13.662s][info][gc          ] GC(3) Major Collection (Warmup) 706M(18%)->812M(21%) 0.833s
[2026-04-03T01:45:50.977+0600][16.922s][info][gc          ] GC(4) Major Collection (System.gc())
[2026-04-03T01:45:50.977+0600][16.922s][info][gc,task     ] GC(4) Using 3 Workers for Young Generation
[2026-04-03T01:45:50.977+0600][16.922s][info][gc,task     ] GC(4) Using 3 Workers for Old Generation
[2026-04-03T01:45:50.977+0600][16.922s][info][gc,phases   ] GC(4) Y: Young Generation (Promote All)
[2026-04-03T01:45:50.977+0600][16.922s][info][gc,phases   ] GC(4) Y: Pause Mark Start 0.024ms
[2026-04-03T01:45:51.001+0600][16.946s][info][gc,phases   ] GC(4) Y: Concurrent Mark 23.664ms
[2026-04-03T01:45:51.001+0600][16.946s][info][gc,phases   ] GC(4) Y: Pause Mark End 0.030ms
[2026-04-03T01:45:51.001+0600][16.946s][info][gc,phases   ] GC(4) Y: Concurrent Mark Free 0.002ms
[2026-04-03T01:45:51.001+0600][16.946s][info][gc,phases   ] GC(4) Y: Concurrent Reset Relocation Set 0.044ms
[2026-04-03T01:45:51.004+0600][16.949s][info][gc,reloc    ] GC(4) Y: Using tenuring threshold: 0 (Promote All)
[2026-04-03T01:45:51.012+0600][16.957s][info][gc,phases   ] GC(4) Y: Concurrent Select Relocation Set 10.385ms
[2026-04-03T01:45:51.012+0600][16.957s][info][gc,phases   ] GC(4) Y: Pause Relocate Start 0.018ms
[2026-04-03T01:45:51.022+0600][16.967s][info][gc,phases   ] GC(4) Y: Concurrent Relocate 10.193ms
[2026-04-03T01:45:51.022+0600][16.967s][info][gc,alloc    ] GC(4) Y:                         Mark Start        Mark End      Relocate Start    Relocate End   
[2026-04-03T01:45:51.022+0600][16.967s][info][gc,alloc    ] GC(4) Y: Allocation Stalls:          0                0                0                0         
[2026-04-03T01:45:51.022+0600][16.967s][info][gc,load     ] GC(4) Y: Load: 5.24 (44%) / 6.85 (57%) / 7.41 (62%)
[2026-04-03T01:45:51.022+0600][16.967s][info][gc,mmu      ] GC(4) Y: MMU: 2ms/95.7%, 5ms/98.3%, 10ms/99.1%, 20ms/99.4%, 50ms/99.8%, 100ms/99.8%
[2026-04-03T01:45:51.022+0600][16.967s][info][gc,marking  ] GC(4) Y: Mark: 2 stripe(s), 1 proactive flush(es), 1 terminate flush(es), 0 completion(s), 0 continuation(s) 
[2026-04-03T01:45:51.022+0600][16.967s][info][gc,marking  ] GC(4) Y: Mark Stack Usage: 32M
[2026-04-03T01:45:51.022+0600][16.967s][info][gc,nmethod  ] GC(4) Y: NMethods: 3612 registered, 135 unregistered
[2026-04-03T01:45:51.022+0600][16.967s][info][gc,metaspace] GC(4) Y: Metaspace: 56M used, 56M committed, 1088M reserved
[2026-04-03T01:45:51.022+0600][16.967s][info][gc,reloc    ] GC(4) Y:                        Candidates     Selected     In-Place         Size        Empty    Relocated 
[2026-04-03T01:45:51.022+0600][16.967s][info][gc,reloc    ] GC(4) Y: Small Pages:                  413           60            0         826M         696M           2M 
[2026-04-03T01:45:51.022+0600][16.967s][info][gc,reloc    ] GC(4) Y: Medium Pages:                   2            0            0          64M          32M           0M 
[2026-04-03T01:45:51.022+0600][16.967s][info][gc,reloc    ] GC(4) Y: Large Pages:                    1            0            0           6M           6M           0M 
[2026-04-03T01:45:51.022+0600][16.967s][info][gc,reloc    ] GC(4) Y: Forwarding Usage: 1M
[2026-04-03T01:45:51.022+0600][16.967s][info][gc,reloc    ] GC(4) Y: Age Table:
[2026-04-03T01:45:51.022+0600][16.967s][info][gc,reloc    ] GC(4) Y:                    Live             Garbage             Small              Medium             Large        
[2026-04-03T01:45:51.022+0600][16.967s][info][gc,reloc    ] GC(4) Y: Eden               2M (0%)          375M (10%)        170 / 54             1 / 0              1 / 0        
[2026-04-03T01:45:51.022+0600][16.967s][info][gc,reloc    ] GC(4) Y: Survivor 1         5M (0%)          512M (13%)        243 / 6              1 / 0              0 / 0        
[2026-04-03T01:45:51.023+0600][16.967s][info][gc,heap     ] GC(4) Y: Min Capacity: 8M(0%)
[2026-04-03T01:45:51.023+0600][16.967s][info][gc,heap     ] GC(4) Y: Max Capacity: 3922M(100%)
[2026-04-03T01:45:51.023+0600][16.967s][info][gc,heap     ] GC(4) Y: Soft Max Capacity: 3529M(90%)
[2026-04-03T01:45:51.023+0600][16.967s][info][gc,heap     ] GC(4) Y: Heap Statistics:
[2026-04-03T01:45:51.023+0600][16.967s][info][gc,heap     ] GC(4) Y:                Mark Start          Mark End        Relocate Start      Relocate End           High               Low         
[2026-04-03T01:45:51.023+0600][16.967s][info][gc,heap     ] GC(4) Y:  Capacity:     1014M (26%)        1014M (26%)        1014M (26%)        1014M (26%)        1014M (26%)        1014M (26%)    
[2026-04-03T01:45:51.023+0600][16.967s][info][gc,heap     ] GC(4) Y:      Free:     2970M (76%)        2970M (76%)        3704M (94%)        3822M (97%)        3822M (97%)        2970M (76%)    
[2026-04-03T01:45:51.023+0600][16.967s][info][gc,heap     ] GC(4) Y:      Used:      952M (24%)         952M (24%)         218M (6%)          100M (3%)          952M (24%)         100M (3%)     
[2026-04-03T01:45:51.023+0600][16.967s][info][gc,heap     ] GC(4) Y: Young Generation Statistics:
[2026-04-03T01:45:51.023+0600][16.967s][info][gc,heap     ] GC(4) Y:                Mark Start          Mark End        Relocate Start      Relocate End    
[2026-04-03T01:45:51.023+0600][16.967s][info][gc,heap     ] GC(4) Y:      Used:      896M (23%)         896M (23%)         124M (3%)            0M (0%)     
[2026-04-03T01:45:51.023+0600][16.967s][info][gc,heap     ] GC(4) Y:      Live:         -                 8M (0%)            2M (0%)            0M (0%)     
[2026-04-03T01:45:51.023+0600][16.967s][info][gc,heap     ] GC(4) Y:   Garbage:         -               887M (23%)         121M (3%)            0M (0%)     
[2026-04-03T01:45:51.023+0600][16.967s][info][gc,heap     ] GC(4) Y: Allocated:         -                 0M (0%)            0M (0%)            0M (0%)     
[2026-04-03T01:45:51.023+0600][16.967s][info][gc,heap     ] GC(4) Y: Reclaimed:         -                  -               766M (20%)         887M (23%)    
[2026-04-03T01:45:51.023+0600][16.967s][info][gc,heap     ] GC(4) Y:  Promoted:         -                  -                 5M (0%)            8M (0%)     
[2026-04-03T01:45:51.023+0600][16.967s][info][gc,heap     ] GC(4) Y: Compacted:         -                  -                  -                 0M (0%)     
[2026-04-03T01:45:51.023+0600][16.968s][info][gc,phases   ] GC(4) Y: Young Generation (Promote All) 952M(24%)->100M(3%) 0.045s
[2026-04-03T01:45:51.023+0600][16.968s][info][gc,phases   ] GC(4) Y: Young Generation (Collect Roots)
[2026-04-03T01:45:51.023+0600][16.968s][info][gc,phases   ] GC(4) Y: Pause Mark Start (Major) 0.041ms
[2026-04-03T01:45:51.030+0600][16.975s][info][gc,phases   ] GC(4) Y: Concurrent Mark 7.314ms
[2026-04-03T01:45:51.031+0600][16.975s][info][gc,phases   ] GC(4) Y: Pause Mark End 0.019ms
[2026-04-03T01:45:51.031+0600][16.976s][info][gc,phases   ] GC(4) Y: Concurrent Mark Free 0.193ms
[2026-04-03T01:45:51.031+0600][16.976s][info][gc,phases   ] GC(4) Y: Concurrent Reset Relocation Set 0.015ms
[2026-04-03T01:45:51.033+0600][16.977s][info][gc,reloc    ] GC(4) Y: Using tenuring threshold: 0 (Computed)
[2026-04-03T01:45:51.033+0600][16.977s][info][gc,phases   ] GC(4) Y: Concurrent Select Relocation Set 1.670ms
[2026-04-03T01:45:51.033+0600][16.978s][info][gc,phases   ] GC(4) Y: Pause Relocate Start 0.018ms
[2026-04-03T01:45:51.033+0600][16.978s][info][gc,phases   ] GC(4) Y: Concurrent Relocate 0.073ms
[2026-04-03T01:45:51.033+0600][16.978s][info][gc,alloc    ] GC(4) Y:                         Mark Start        Mark End      Relocate Start    Relocate End   
[2026-04-03T01:45:51.033+0600][16.978s][info][gc,alloc    ] GC(4) Y: Allocation Stalls:          0                0                0                0         
[2026-04-03T01:45:51.033+0600][16.978s][info][gc,load     ] GC(4) Y: Load: 5.24 (44%) / 6.85 (57%) / 7.41 (62%)
[2026-04-03T01:45:51.033+0600][16.978s][info][gc,mmu      ] GC(4) Y: MMU: 2ms/95.7%, 5ms/98.3%, 10ms/99.1%, 20ms/99.4%, 50ms/99.7%, 100ms/99.8%
[2026-04-03T01:45:51.033+0600][16.978s][info][gc,marking  ] GC(4) Y: Mark: 2 stripe(s), 1 proactive flush(es), 1 terminate flush(es), 0 completion(s), 0 continuation(s) 
[2026-04-03T01:45:51.033+0600][16.978s][info][gc,marking  ] GC(4) Y: Mark Stack Usage: 0M
[2026-04-03T01:45:51.033+0600][16.978s][info][gc,nmethod  ] GC(4) Y: NMethods: 3612 registered, 135 unregistered
[2026-04-03T01:45:51.033+0600][16.978s][info][gc,metaspace] GC(4) Y: Metaspace: 56M used, 56M committed, 1088M reserved
[2026-04-03T01:45:51.033+0600][16.978s][info][gc,heap     ] GC(4) Y: Min Capacity: 8M(0%)
[2026-04-03T01:45:51.033+0600][16.978s][info][gc,heap     ] GC(4) Y: Max Capacity: 3922M(100%)
[2026-04-03T01:45:51.033+0600][16.978s][info][gc,heap     ] GC(4) Y: Soft Max Capacity: 3529M(90%)
[2026-04-03T01:45:51.033+0600][16.978s][info][gc,heap     ] GC(4) Y: Heap Statistics:
[2026-04-03T01:45:51.033+0600][16.978s][info][gc,heap     ] GC(4) Y:                Mark Start          Mark End        Relocate Start      Relocate End           High               Low         
[2026-04-03T01:45:51.033+0600][16.978s][info][gc,heap     ] GC(4) Y:  Capacity:     1014M (26%)        1014M (26%)        1014M (26%)        1014M (26%)        1014M (26%)        1014M (26%)    
[2026-04-03T01:45:51.033+0600][16.978s][info][gc,heap     ] GC(4) Y:      Free:     3822M (97%)        3822M (97%)        3822M (97%)        3822M (97%)        3822M (97%)        3822M (97%)    
[2026-04-03T01:45:51.033+0600][16.978s][info][gc,heap     ] GC(4) Y:      Used:      100M (3%)          100M (3%)          100M (3%)          100M (3%)          100M (3%)          100M (3%)     
[2026-04-03T01:45:51.033+0600][16.978s][info][gc,heap     ] GC(4) Y: Young Generation Statistics:
[2026-04-03T01:45:51.033+0600][16.978s][info][gc,heap     ] GC(4) Y:                Mark Start          Mark End        Relocate Start      Relocate End    
[2026-04-03T01:45:51.033+0600][16.978s][info][gc,heap     ] GC(4) Y:      Used:        0M (0%)            0M (0%)            0M (0%)            0M (0%)     
[2026-04-03T01:45:51.033+0600][16.978s][info][gc,heap     ] GC(4) Y:      Live:         -                 0M (0%)            0M (0%)            0M (0%)     
[2026-04-03T01:45:51.033+0600][16.978s][info][gc,heap     ] GC(4) Y:   Garbage:         -                 0M (0%)            0M (0%)            0M (0%)     
[2026-04-03T01:45:51.033+0600][16.978s][info][gc,heap     ] GC(4) Y: Allocated:         -                 0M (0%)            0M (0%)            0M (0%)     
[2026-04-03T01:45:51.033+0600][16.978s][info][gc,heap     ] GC(4) Y: Reclaimed:         -                  -                 0M (0%)            0M (0%)     
[2026-04-03T01:45:51.033+0600][16.978s][info][gc,heap     ] GC(4) Y:  Promoted:         -                  -                 0M (0%)            0M (0%)     
[2026-04-03T01:45:51.033+0600][16.978s][info][gc,heap     ] GC(4) Y: Compacted:         -                  -                  -                 0M (0%)     
[2026-04-03T01:45:51.033+0600][16.978s][info][gc,phases   ] GC(4) Y: Young Generation (Collect Roots) 100M(3%)->100M(3%) 0.010s
[2026-04-03T01:45:51.033+0600][16.978s][info][gc,phases   ] GC(4) O: Old Generation
[2026-04-03T01:45:51.059+0600][17.004s][info][gc,phases   ] GC(4) O: Concurrent Mark 25.727ms
[2026-04-03T01:45:51.059+0600][17.004s][info][gc,phases   ] GC(4) O: Pause Mark End 0.031ms
[2026-04-03T01:45:51.059+0600][17.004s][info][gc,phases   ] GC(4) O: Concurrent Mark Free 0.002ms
[2026-04-03T01:45:51.065+0600][17.010s][info][gc,phases   ] GC(4) O: Concurrent Process Non-Strong 5.821ms
[2026-04-03T01:45:51.065+0600][17.010s][info][gc,phases   ] GC(4) O: Concurrent Reset Relocation Set 0.001ms
[2026-04-03T01:45:51.067+0600][17.012s][info][gc,phases   ] GC(4) O: Concurrent Select Relocation Set 1.910ms
[2026-04-03T01:45:51.067+0600][17.012s][info][gc,task     ] GC(4) O: Using 3 Workers for Old Generation
[2026-04-03T01:45:51.081+0600][17.026s][info][gc,task     ] GC(4) O: Using 3 Workers for Old Generation
[2026-04-03T01:45:51.081+0600][17.026s][info][gc,phases   ] GC(4) O: Concurrent Remap Roots 14.018ms
[2026-04-03T01:45:51.081+0600][17.026s][info][gc,phases   ] GC(4) O: Pause Relocate Start 0.019ms
[2026-04-03T01:45:51.087+0600][17.032s][info][gc,phases   ] GC(4) O: Concurrent Relocate 5.269ms
[2026-04-03T01:45:51.087+0600][17.032s][info][gc,alloc    ] GC(4) O:                         Mark Start        Mark End      Relocate Start    Relocate End   
[2026-04-03T01:45:51.087+0600][17.032s][info][gc,alloc    ] GC(4) O: Allocation Stalls:          0                0                0                0         
[2026-04-03T01:45:51.087+0600][17.032s][info][gc,load     ] GC(4) O: Load: 5.24 (44%) / 6.85 (57%) / 7.41 (62%)
[2026-04-03T01:45:51.087+0600][17.032s][info][gc,mmu      ] GC(4) O: MMU: 2ms/95.7%, 5ms/98.3%, 10ms/99.1%, 20ms/99.4%, 50ms/99.7%, 100ms/99.8%
[2026-04-03T01:45:51.087+0600][17.032s][info][gc,marking  ] GC(4) O: Mark: 2 stripe(s), 10 proactive flush(es), 1 terminate flush(es), 0 completion(s), 0 continuation(s) 
[2026-04-03T01:45:51.087+0600][17.032s][info][gc,marking  ] GC(4) O: Mark Stack Usage: 32M
[2026-04-03T01:45:51.087+0600][17.032s][info][gc,nmethod  ] GC(4) O: NMethods: 3451 registered, 301 unregistered
[2026-04-03T01:45:51.087+0600][17.032s][info][gc,metaspace] GC(4) O: Metaspace: 56M used, 56M committed, 1088M reserved
[2026-04-03T01:45:51.087+0600][17.032s][info][gc,ref      ] GC(4) O:                       Encountered   Discovered     Enqueued 
[2026-04-03T01:45:51.087+0600][17.032s][info][gc,ref      ] GC(4) O: Soft References:             4279            0            0 
[2026-04-03T01:45:51.087+0600][17.032s][info][gc,ref      ] GC(4) O: Weak References:             5400         3792         1776 
[2026-04-03T01:45:51.087+0600][17.032s][info][gc,ref      ] GC(4) O: Final References:              82            0            0 
[2026-04-03T01:45:51.087+0600][17.032s][info][gc,ref      ] GC(4) O: Phantom References:           588          371            2 
[2026-04-03T01:45:51.087+0600][17.032s][info][gc,reloc    ] GC(4) O:                        Candidates     Selected     In-Place         Size        Empty    Relocated 
[2026-04-03T01:45:51.087+0600][17.032s][info][gc,reloc    ] GC(4) O: Small Pages:                   18            3            0          36M           0M           2M 
[2026-04-03T01:45:51.087+0600][17.032s][info][gc,reloc    ] GC(4) O: Medium Pages:                   2            1            0          64M           0M           5M 
[2026-04-03T01:45:51.087+0600][17.032s][info][gc,reloc    ] GC(4) O: Large Pages:                    0            0            0           0M           0M           0M 
[2026-04-03T01:45:51.087+0600][17.032s][info][gc,reloc    ] GC(4) O: Forwarding Usage: 1M
[2026-04-03T01:45:51.087+0600][17.032s][info][gc,heap     ] GC(4) O: Min Capacity: 8M(0%)
[2026-04-03T01:45:51.087+0600][17.032s][info][gc,heap     ] GC(4) O: Max Capacity: 3922M(100%)
[2026-04-03T01:45:51.087+0600][17.032s][info][gc,heap     ] GC(4) O: Soft Max Capacity: 3529M(90%)
[2026-04-03T01:45:51.087+0600][17.032s][info][gc,heap     ] GC(4) O: Heap Statistics:
[2026-04-03T01:45:51.087+0600][17.032s][info][gc,heap     ] GC(4) O:                Mark Start          Mark End        Relocate Start      Relocate End           High               Low         
[2026-04-03T01:45:51.087+0600][17.032s][info][gc,heap     ] GC(4) O:  Capacity:     1014M (26%)        1014M (26%)        1014M (26%)        1014M (26%)        1014M (26%)        1014M (26%)    
[2026-04-03T01:45:51.087+0600][17.032s][info][gc,heap     ] GC(4) O:      Free:     3822M (97%)        3822M (97%)        3818M (97%)        3854M (98%)        3854M (98%)        3784M (96%)    
[2026-04-03T01:45:51.087+0600][17.032s][info][gc,heap     ] GC(4) O:      Used:      100M (3%)          100M (3%)          104M (3%)           68M (2%)          138M (4%)           68M (2%)     
[2026-04-03T01:45:51.087+0600][17.032s][info][gc,heap     ] GC(4) O: Old Generation Statistics:
[2026-04-03T01:45:51.087+0600][17.032s][info][gc,heap     ] GC(4) O:                Mark Start          Mark End        Relocate Start      Relocate End    
[2026-04-03T01:45:51.087+0600][17.032s][info][gc,heap     ] GC(4) O:      Used:      100M (3%)          100M (3%)          100M (3%)           64M (2%)     
[2026-04-03T01:45:51.087+0600][17.032s][info][gc,heap     ] GC(4) O:      Live:         -                32M (1%)           32M (1%)           32M (1%)     
[2026-04-03T01:45:51.087+0600][17.032s][info][gc,heap     ] GC(4) O:   Garbage:         -                67M (2%)           67M (2%)            2M (0%)     
[2026-04-03T01:45:51.087+0600][17.032s][info][gc,heap     ] GC(4) O: Allocated:         -                 0M (0%)            0M (0%)           29M (1%)     
[2026-04-03T01:45:51.087+0600][17.032s][info][gc,heap     ] GC(4) O: Reclaimed:         -                  -                 0M (0%)           65M (2%)     
[2026-04-03T01:45:51.087+0600][17.032s][info][gc,heap     ] GC(4) O: Compacted:         -                  -                  -                10M (0%)     
[2026-04-03T01:45:51.087+0600][17.032s][info][gc,phases   ] GC(4) O: Old Generation 100M(3%)->68M(2%) 0.054s
[2026-04-03T01:45:51.087+0600][17.032s][info][gc          ] GC(4) Major Collection (System.gc()) 952M(24%)->68M(2%) 0.110s
[2026-04-03T01:45:53.875+0600][19.820s][info][gc          ] GC(5) Major Collection (Warmup)
[2026-04-03T01:45:53.875+0600][19.820s][info][gc,task     ] GC(5) Using 3 Workers for Young Generation
[2026-04-03T01:45:53.875+0600][19.820s][info][gc,task     ] GC(5) Using 2 Workers for Old Generation
[2026-04-03T01:45:53.875+0600][19.820s][info][gc,phases   ] GC(5) Y: Young Generation
[2026-04-03T01:45:53.877+0600][19.821s][info][gc,phases   ] GC(5) Y: Pause Mark Start (Major) 0.031ms
[2026-04-03T01:45:53.902+0600][19.847s][info][gc,phases   ] GC(5) Y: Concurrent Mark 25.649ms
[2026-04-03T01:45:53.903+0600][19.847s][info][gc,phases   ] GC(5) Y: Pause Mark End 0.040ms
[2026-04-03T01:45:53.903+0600][19.848s][info][gc,phases   ] GC(5) Y: Concurrent Mark Free 0.004ms
[2026-04-03T01:45:53.903+0600][19.848s][info][gc,phases   ] GC(5) Y: Concurrent Reset Relocation Set 0.001ms
[2026-04-03T01:45:53.908+0600][19.852s][info][gc,reloc    ] GC(5) Y: Using tenuring threshold: 1 (Computed)
[2026-04-03T01:45:53.908+0600][19.853s][info][gc,phases   ] GC(5) Y: Concurrent Select Relocation Set 5.225ms
[2026-04-03T01:45:53.908+0600][19.853s][info][gc,phases   ] GC(5) Y: Pause Relocate Start 0.055ms
[2026-04-03T01:45:53.915+0600][19.859s][info][gc,phases   ] GC(5) Y: Concurrent Relocate 5.966ms
[2026-04-03T01:45:53.915+0600][19.860s][info][gc,alloc    ] GC(5) Y:                         Mark Start        Mark End      Relocate Start    Relocate End   
[2026-04-03T01:45:53.915+0600][19.860s][info][gc,alloc    ] GC(5) Y: Allocation Stalls:          0                0                0                0         
[2026-04-03T01:45:53.915+0600][19.860s][info][gc,load     ] GC(5) Y: Load: 5.24 (44%) / 6.85 (57%) / 7.41 (62%)
[2026-04-03T01:45:53.915+0600][19.860s][info][gc,mmu      ] GC(5) Y: MMU: 2ms/95.7%, 5ms/98.3%, 10ms/99.1%, 20ms/99.4%, 50ms/99.7%, 100ms/99.8%
[2026-04-03T01:45:53.915+0600][19.860s][info][gc,marking  ] GC(5) Y: Mark: 2 stripe(s), 5 proactive flush(es), 1 terminate flush(es), 0 completion(s), 0 continuation(s) 
[2026-04-03T01:45:53.915+0600][19.860s][info][gc,marking  ] GC(5) Y: Mark Stack Usage: 32M
[2026-04-03T01:45:53.915+0600][19.860s][info][gc,nmethod  ] GC(5) Y: NMethods: 4508 registered, 301 unregistered
[2026-04-03T01:45:53.915+0600][19.860s][info][gc,metaspace] GC(5) Y: Metaspace: 65M used, 66M committed, 1088M reserved
[2026-04-03T01:45:53.915+0600][19.860s][info][gc,reloc    ] GC(5) Y:                        Candidates     Selected     In-Place         Size        Empty    Relocated 
[2026-04-03T01:45:53.915+0600][19.860s][info][gc,reloc    ] GC(5) Y: Small Pages:                  479           85            0         958M         780M           5M 
[2026-04-03T01:45:53.915+0600][19.860s][info][gc,reloc    ] GC(5) Y: Medium Pages:                   1            0            0          32M          32M           0M 
[2026-04-03T01:45:53.915+0600][19.860s][info][gc,reloc    ] GC(5) Y: Large Pages:                    1            0            0           6M           6M           0M 
[2026-04-03T01:45:53.915+0600][19.860s][info][gc,reloc    ] GC(5) Y: Forwarding Usage: 1M
[2026-04-03T01:45:53.915+0600][19.860s][info][gc,reloc    ] GC(5) Y: Age Table:
[2026-04-03T01:45:53.915+0600][19.860s][info][gc,reloc    ] GC(5) Y:                    Live             Garbage             Small              Medium             Large        
[2026-04-03T01:45:53.915+0600][19.860s][info][gc,reloc    ] GC(5) Y: Eden               6M (0%)          989M (25%)        479 / 85             1 / 0              1 / 0        
[2026-04-03T01:45:53.915+0600][19.860s][info][gc,heap     ] GC(5) Y: Min Capacity: 8M(0%)
[2026-04-03T01:45:53.915+0600][19.860s][info][gc,heap     ] GC(5) Y: Max Capacity: 3922M(100%)
[2026-04-03T01:45:53.915+0600][19.860s][info][gc,heap     ] GC(5) Y: Soft Max Capacity: 3529M(90%)
[2026-04-03T01:45:53.915+0600][19.860s][info][gc,heap     ] GC(5) Y: Heap Statistics:
[2026-04-03T01:45:53.915+0600][19.860s][info][gc,heap     ] GC(5) Y:                Mark Start          Mark End        Relocate Start      Relocate End           High               Low         
[2026-04-03T01:45:53.915+0600][19.860s][info][gc,heap     ] GC(5) Y:  Capacity:     1060M (27%)        1080M (28%)        1080M (28%)        1080M (28%)        1080M (28%)        1060M (27%)    
[2026-04-03T01:45:53.915+0600][19.860s][info][gc,heap     ] GC(5) Y:      Free:     2862M (73%)        2842M (72%)        3654M (93%)        3810M (97%)        3812M (97%)        2842M (72%)    
[2026-04-03T01:45:53.915+0600][19.860s][info][gc,heap     ] GC(5) Y:      Used:     1060M (27%)        1080M (28%)         268M (7%)          112M (3%)         1080M (28%)         110M (3%)     
[2026-04-03T01:45:53.915+0600][19.860s][info][gc,heap     ] GC(5) Y: Young Generation Statistics:
[2026-04-03T01:45:53.915+0600][19.860s][info][gc,heap     ] GC(5) Y:                Mark Start          Mark End        Relocate Start      Relocate End    
[2026-04-03T01:45:53.915+0600][19.860s][info][gc,heap     ] GC(5) Y:      Used:      996M (25%)        1016M (26%)         204M (5%)           48M (1%)     
[2026-04-03T01:45:53.915+0600][19.860s][info][gc,heap     ] GC(5) Y:      Live:         -                 6M (0%)            6M (0%)            6M (0%)     
[2026-04-03T01:45:53.915+0600][19.860s][info][gc,heap     ] GC(5) Y:   Garbage:         -               989M (25%)         171M (4%)            0M (0%)     
[2026-04-03T01:45:53.915+0600][19.860s][info][gc,heap     ] GC(5) Y: Allocated:         -                20M (1%)           26M (1%)           41M (1%)     
[2026-04-03T01:45:53.915+0600][19.860s][info][gc,heap     ] GC(5) Y: Reclaimed:         -                  -               818M (21%)         989M (25%)    
[2026-04-03T01:45:53.915+0600][19.860s][info][gc,heap     ] GC(5) Y:  Promoted:         -                  -                 0M (0%)            0M (0%)     
[2026-04-03T01:45:53.915+0600][19.860s][info][gc,heap     ] GC(5) Y: Compacted:         -                  -                  -                 6M (0%)     
[2026-04-03T01:45:53.915+0600][19.860s][info][gc,phases   ] GC(5) Y: Young Generation 1060M(27%)->112M(3%) 0.040s
[2026-04-03T01:45:53.915+0600][19.860s][info][gc,phases   ] GC(5) O: Old Generation
[2026-04-03T01:45:53.991+0600][19.936s][info][gc,phases   ] GC(5) O: Concurrent Mark 75.827ms
[2026-04-03T01:45:53.992+0600][19.936s][info][gc,phases   ] GC(5) O: Pause Mark End 0.034ms
[2026-04-03T01:45:53.992+0600][19.937s][info][gc,phases   ] GC(5) O: Concurrent Mark Free 0.005ms
[2026-04-03T01:45:54.005+0600][19.950s][info][gc,phases   ] GC(5) O: Concurrent Process Non-Strong 13.455ms
[2026-04-03T01:45:54.005+0600][19.950s][info][gc,phases   ] GC(5) O: Concurrent Reset Relocation Set 0.005ms
[2026-04-03T01:45:54.009+0600][19.954s][info][gc,phases   ] GC(5) O: Concurrent Select Relocation Set 3.239ms
[2026-04-03T01:45:54.009+0600][19.954s][info][gc,task     ] GC(5) O: Using 3 Workers for Old Generation
[2026-04-03T01:45:54.037+0600][19.982s][info][gc,task     ] GC(5) O: Using 2 Workers for Old Generation
[2026-04-03T01:45:54.037+0600][19.982s][info][gc,phases   ] GC(5) O: Concurrent Remap Roots 28.698ms
[2026-04-03T01:45:54.038+0600][19.983s][info][gc,phases   ] GC(5) O: Pause Relocate Start 0.042ms
[2026-04-03T01:45:54.041+0600][19.986s][info][gc,phases   ] GC(5) O: Concurrent Relocate 3.537ms
[2026-04-03T01:45:54.042+0600][19.986s][info][gc,alloc    ] GC(5) O:                         Mark Start        Mark End      Relocate Start    Relocate End   
[2026-04-03T01:45:54.042+0600][19.986s][info][gc,alloc    ] GC(5) O: Allocation Stalls:          0                0                0                0         
[2026-04-03T01:45:54.042+0600][19.986s][info][gc,load     ] GC(5) O: Load: 5.24 (44%) / 6.85 (57%) / 7.41 (62%)
[2026-04-03T01:45:54.042+0600][19.986s][info][gc,mmu      ] GC(5) O: MMU: 2ms/95.7%, 5ms/98.3%, 10ms/99.1%, 20ms/99.4%, 50ms/99.7%, 100ms/99.8%
[2026-04-03T01:45:54.042+0600][19.986s][info][gc,marking  ] GC(5) O: Mark: 2 stripe(s), 2 proactive flush(es), 1 terminate flush(es), 0 completion(s), 0 continuation(s) 
[2026-04-03T01:45:54.042+0600][19.986s][info][gc,marking  ] GC(5) O: Mark Stack Usage: 32M
[2026-04-03T01:45:54.042+0600][19.987s][info][gc,nmethod  ] GC(5) O: NMethods: 4277 registered, 538 unregistered
[2026-04-03T01:45:54.042+0600][19.987s][info][gc,metaspace] GC(5) O: Metaspace: 65M used, 66M committed, 1088M reserved
[2026-04-03T01:45:54.042+0600][19.987s][info][gc,ref      ] GC(5) O:                       Encountered   Discovered     Enqueued 
[2026-04-03T01:45:54.042+0600][19.987s][info][gc,ref      ] GC(5) O: Soft References:             4765            0            0 
[2026-04-03T01:45:54.042+0600][19.987s][info][gc,ref      ] GC(5) O: Weak References:             5920         1094            0 
[2026-04-03T01:45:54.042+0600][19.987s][info][gc,ref      ] GC(5) O: Final References:              82            0            0 
[2026-04-03T01:45:54.042+0600][19.987s][info][gc,ref      ] GC(5) O: Phantom References:           605          349            0 
[2026-04-03T01:45:54.042+0600][19.987s][info][gc,reloc    ] GC(5) O:                        Candidates     Selected     In-Place         Size        Empty    Relocated 
[2026-04-03T01:45:54.042+0600][19.987s][info][gc,reloc    ] GC(5) O: Small Pages:                   16            1            0          32M           0M           0M 
[2026-04-03T01:45:54.042+0600][19.987s][info][gc,reloc    ] GC(5) O: Medium Pages:                   1            0            0          32M           0M           0M 
[2026-04-03T01:45:54.042+0600][19.987s][info][gc,reloc    ] GC(5) O: Large Pages:                    0            0            0           0M           0M           0M 
[2026-04-03T01:45:54.042+0600][19.987s][info][gc,reloc    ] GC(5) O: Forwarding Usage: 0M
[2026-04-03T01:45:54.042+0600][19.987s][info][gc,heap     ] GC(5) O: Min Capacity: 8M(0%)
[2026-04-03T01:45:54.042+0600][19.987s][info][gc,heap     ] GC(5) O: Max Capacity: 3922M(100%)
[2026-04-03T01:45:54.042+0600][19.987s][info][gc,heap     ] GC(5) O: Soft Max Capacity: 3529M(90%)
[2026-04-03T01:45:54.042+0600][19.987s][info][gc,heap     ] GC(5) O: Heap Statistics:
[2026-04-03T01:45:54.042+0600][19.987s][info][gc,heap     ] GC(5) O:                Mark Start          Mark End        Relocate Start      Relocate End           High               Low         
[2026-04-03T01:45:54.042+0600][19.987s][info][gc,heap     ] GC(5) O:  Capacity:     1060M (27%)        1080M (28%)        1080M (28%)        1080M (28%)        1080M (28%)        1060M (27%)    
[2026-04-03T01:45:54.042+0600][19.987s][info][gc,heap     ] GC(5) O:      Free:     2862M (73%)        3722M (95%)        3670M (94%)        3660M (93%)        3812M (97%)        2842M (72%)    
[2026-04-03T01:45:54.042+0600][19.987s][info][gc,heap     ] GC(5) O:      Used:     1060M (27%)         200M (5%)          252M (6%)          262M (7%)         1080M (28%)         110M (3%)     
[2026-04-03T01:45:54.042+0600][19.987s][info][gc,heap     ] GC(5) O: Old Generation Statistics:
[2026-04-03T01:45:54.042+0600][19.987s][info][gc,heap     ] GC(5) O:                Mark Start          Mark End        Relocate Start      Relocate End    
[2026-04-03T01:45:54.042+0600][19.987s][info][gc,heap     ] GC(5) O:      Used:       64M (2%)           64M (2%)           64M (2%)           68M (2%)     
[2026-04-03T01:45:54.042+0600][19.987s][info][gc,heap     ] GC(5) O:      Live:         -                32M (1%)           32M (1%)           32M (1%)     
[2026-04-03T01:45:54.042+0600][19.987s][info][gc,heap     ] GC(5) O:   Garbage:         -                31M (1%)           31M (1%)           29M (1%)     
[2026-04-03T01:45:54.042+0600][19.987s][info][gc,heap     ] GC(5) O: Allocated:         -                 0M (0%)            0M (0%)            6M (0%)     
[2026-04-03T01:45:54.042+0600][19.987s][info][gc,heap     ] GC(5) O: Reclaimed:         -                  -                 0M (0%)            2M (0%)     
[2026-04-03T01:45:54.042+0600][19.987s][info][gc,heap     ] GC(5) O: Compacted:         -                  -                  -                 1M (0%)     
[2026-04-03T01:45:54.042+0600][19.987s][info][gc,phases   ] GC(5) O: Old Generation 112M(3%)->262M(7%) 0.126s
[2026-04-03T01:45:54.042+0600][19.987s][info][gc          ] GC(5) Major Collection (Warmup) 1060M(27%)->262M(7%) 0.167s
[2026-04-03T01:45:54.997+0600][20.942s][info][gc          ] GC(6) Minor Collection (Allocation Rate)
[2026-04-03T01:45:54.997+0600][20.942s][info][gc,task     ] GC(6) Using 3 Workers for Young Generation
[2026-04-03T01:45:54.997+0600][20.942s][info][gc,phases   ] GC(6) y: Young Generation
[2026-04-03T01:45:54.998+0600][20.943s][info][gc,phases   ] GC(6) y: Pause Mark Start 0.026ms
[2026-04-03T01:45:55.017+0600][20.962s][info][gc,phases   ] GC(6) y: Concurrent Mark 18.689ms
[2026-04-03T01:45:55.017+0600][20.962s][info][gc,phases   ] GC(6) y: Pause Mark End 0.023ms
[2026-04-03T01:45:55.017+0600][20.962s][info][gc,phases   ] GC(6) y: Concurrent Mark Free 0.001ms
[2026-04-03T01:45:55.017+0600][20.962s][info][gc,phases   ] GC(6) y: Concurrent Reset Relocation Set 0.016ms
[2026-04-03T01:45:55.022+0600][20.967s][info][gc,reloc    ] GC(6) y: Using tenuring threshold: 1 (Computed)
[2026-04-03T01:45:55.026+0600][20.971s][info][gc,phases   ] GC(6) y: Concurrent Select Relocation Set 8.842ms
[2026-04-03T01:45:55.026+0600][20.971s][info][gc,phases   ] GC(6) y: Pause Relocate Start 0.018ms
[2026-04-03T01:45:55.031+0600][20.976s][info][gc,phases   ] GC(6) y: Concurrent Relocate 4.544ms
[2026-04-03T01:45:55.031+0600][20.976s][info][gc,alloc    ] GC(6) y:                         Mark Start        Mark End      Relocate Start    Relocate End   
[2026-04-03T01:45:55.031+0600][20.976s][info][gc,alloc    ] GC(6) y: Allocation Stalls:          0                0                0                0         
[2026-04-03T01:45:55.031+0600][20.976s][info][gc,load     ] GC(6) y: Load: 5.14 (43%) / 6.80 (57%) / 7.39 (62%)
[2026-04-03T01:45:55.031+0600][20.976s][info][gc,mmu      ] GC(6) y: MMU: 2ms/95.7%, 5ms/98.3%, 10ms/99.1%, 20ms/99.4%, 50ms/99.7%, 100ms/99.8%
[2026-04-03T01:45:55.031+0600][20.976s][info][gc,marking  ] GC(6) y: Mark: 2 stripe(s), 2 proactive flush(es), 1 terminate flush(es), 0 completion(s), 0 continuation(s) 
[2026-04-03T01:45:55.031+0600][20.976s][info][gc,marking  ] GC(6) y: Mark Stack Usage: 32M
[2026-04-03T01:45:55.031+0600][20.976s][info][gc,nmethod  ] GC(6) y: NMethods: 4318 registered, 538 unregistered
[2026-04-03T01:45:55.031+0600][20.976s][info][gc,metaspace] GC(6) y: Metaspace: 65M used, 66M committed, 1088M reserved
[2026-04-03T01:45:55.031+0600][20.976s][info][gc,reloc    ] GC(6) y:                        Candidates     Selected     In-Place         Size        Empty    Relocated 
[2026-04-03T01:45:55.031+0600][20.976s][info][gc,reloc    ] GC(6) y: Small Pages:                  876           14            0        1752M        1716M           0M 
[2026-04-03T01:45:55.031+0600][20.976s][info][gc,reloc    ] GC(6) y: Medium Pages:                   0            0            0           0M           0M           0M 
[2026-04-03T01:45:55.031+0600][20.976s][info][gc,reloc    ] GC(6) y: Large Pages:                    0            0            0           0M           0M           0M 
[2026-04-03T01:45:55.031+0600][20.976s][info][gc,reloc    ] GC(6) y: Forwarding Usage: 0M
[2026-04-03T01:45:55.031+0600][20.976s][info][gc,reloc    ] GC(6) y: Age Table:
[2026-04-03T01:45:55.031+0600][20.976s][info][gc,reloc    ] GC(6) y:                    Live             Garbage             Small              Medium             Large        
[2026-04-03T01:45:55.031+0600][20.976s][info][gc,reloc    ] GC(6) y: Eden               0M (0%)         1739M (44%)        870 / 11             0 / 0              0 / 0        
[2026-04-03T01:45:55.031+0600][20.976s][info][gc,reloc    ] GC(6) y: Survivor 1         6M (0%)            5M (0%)           6 / 3              0 / 0              0 / 0        
[2026-04-03T01:45:55.031+0600][20.976s][info][gc,heap     ] GC(6) y: Min Capacity: 8M(0%)
[2026-04-03T01:45:55.031+0600][20.976s][info][gc,heap     ] GC(6) y: Max Capacity: 3922M(100%)
[2026-04-03T01:45:55.031+0600][20.976s][info][gc,heap     ] GC(6) y: Soft Max Capacity: 3529M(90%)
[2026-04-03T01:45:55.031+0600][20.976s][info][gc,heap     ] GC(6) y: Heap Statistics:
[2026-04-03T01:45:55.031+0600][20.976s][info][gc,heap     ] GC(6) y:                Mark Start          Mark End        Relocate Start      Relocate End           High               Low         
[2026-04-03T01:45:55.031+0600][20.976s][info][gc,heap     ] GC(6) y:  Capacity:     1820M (46%)        1842M (47%)        1842M (47%)        1842M (47%)        1842M (47%)        1820M (46%)    
[2026-04-03T01:45:55.031+0600][20.976s][info][gc,heap     ] GC(6) y:      Free:     2102M (54%)        2080M (53%)        3780M (96%)        3784M (96%)        3794M (97%)        2080M (53%)    
[2026-04-03T01:45:55.031+0600][20.976s][info][gc,heap     ] GC(6) y:      Used:     1820M (46%)        1842M (47%)         142M (4%)          138M (4%)         1842M (47%)         128M (3%)     
[2026-04-03T01:45:55.031+0600][20.976s][info][gc,heap     ] GC(6) y: Young Generation Statistics:
[2026-04-03T01:45:55.031+0600][20.976s][info][gc,heap     ] GC(6) y:                Mark Start          Mark End        Relocate Start      Relocate End    
[2026-04-03T01:45:55.031+0600][20.976s][info][gc,heap     ] GC(6) y:      Used:     1752M (45%)        1774M (45%)          68M (2%)           54M (1%)     
[2026-04-03T01:45:55.031+0600][20.976s][info][gc,heap     ] GC(6) y:      Live:         -                 6M (0%)            0M (0%)            0M (0%)     
[2026-04-03T01:45:55.031+0600][20.976s][info][gc,heap     ] GC(6) y:   Garbage:         -              1745M (45%)          29M (1%)            0M (0%)     
[2026-04-03T01:45:55.031+0600][20.976s][info][gc,heap     ] GC(6) y: Allocated:         -                22M (1%)           38M (1%)           53M (1%)     
[2026-04-03T01:45:55.031+0600][20.976s][info][gc,heap     ] GC(6) y: Reclaimed:         -                  -              1716M (44%)        1745M (45%)    
[2026-04-03T01:45:55.031+0600][20.976s][info][gc,heap     ] GC(6) y:  Promoted:         -                  -                 5M (0%)            6M (0%)     
[2026-04-03T01:45:55.031+0600][20.976s][info][gc,heap     ] GC(6) y: Compacted:         -                  -                  -                 0M (0%)     
[2026-04-03T01:45:55.031+0600][20.976s][info][gc,phases   ] GC(6) y: Young Generation 1820M(46%)->138M(4%) 0.034s
[2026-04-03T01:45:55.031+0600][20.976s][info][gc          ] GC(6) Minor Collection (Allocation Rate) 1820M(46%)->140M(4%) 0.034s
[2026-04-03T01:45:55.131+0600][21.075s][info][gc          ] GC(7) Minor Collection (Allocation Rate)
[2026-04-03T01:45:55.131+0600][21.075s][info][gc,task     ] GC(7) Using 3 Workers for Young Generation
[2026-04-03T01:45:55.131+0600][21.075s][info][gc,phases   ] GC(7) y: Young Generation
[2026-04-03T01:45:55.131+0600][21.076s][info][gc,phases   ] GC(7) y: Pause Mark Start 0.036ms
[2026-04-03T01:45:55.138+0600][21.083s][info][gc,phases   ] GC(7) y: Concurrent Mark 6.782ms
[2026-04-03T01:45:55.138+0600][21.083s][info][gc,phases   ] GC(7) y: Pause Mark End 0.037ms
[2026-04-03T01:45:55.138+0600][21.083s][info][gc,phases   ] GC(7) y: Concurrent Mark Free 0.001ms
[2026-04-03T01:45:55.138+0600][21.083s][info][gc,phases   ] GC(7) y: Concurrent Reset Relocation Set 0.010ms
[2026-04-03T01:45:55.142+0600][21.086s][info][gc,reloc    ] GC(7) y: Using tenuring threshold: 2 (Computed)
[2026-04-03T01:45:55.142+0600][21.087s][info][gc,phases   ] GC(7) y: Concurrent Select Relocation Set 3.865ms
[2026-04-03T01:45:55.142+0600][21.087s][info][gc,phases   ] GC(7) y: Pause Relocate Start 0.043ms
[2026-04-03T01:45:55.143+0600][21.087s][info][gc,phases   ] GC(7) y: Concurrent Relocate 0.197ms
[2026-04-03T01:45:55.143+0600][21.087s][info][gc,alloc    ] GC(7) y:                         Mark Start        Mark End      Relocate Start    Relocate End   
[2026-04-03T01:45:55.143+0600][21.087s][info][gc,alloc    ] GC(7) y: Allocation Stalls:          0                0                0                0         
[2026-04-03T01:45:55.143+0600][21.088s][info][gc,load     ] GC(7) y: Load: 5.14 (43%) / 6.80 (57%) / 7.39 (62%)
[2026-04-03T01:45:55.143+0600][21.088s][info][gc,mmu      ] GC(7) y: MMU: 2ms/95.7%, 5ms/98.3%, 10ms/99.1%, 20ms/99.4%, 50ms/99.7%, 100ms/99.8%
[2026-04-03T01:45:55.143+0600][21.088s][info][gc,marking  ] GC(7) y: Mark: 2 stripe(s), 2 proactive flush(es), 1 terminate flush(es), 0 completion(s), 0 continuation(s) 
[2026-04-03T01:45:55.143+0600][21.088s][info][gc,marking  ] GC(7) y: Mark Stack Usage: 32M
[2026-04-03T01:45:55.143+0600][21.088s][info][gc,nmethod  ] GC(7) y: NMethods: 4318 registered, 538 unregistered
[2026-04-03T01:45:55.143+0600][21.088s][info][gc,metaspace] GC(7) y: Metaspace: 65M used, 66M committed, 1088M reserved
[2026-04-03T01:45:55.143+0600][21.088s][info][gc,reloc    ] GC(7) y:                        Candidates     Selected     In-Place         Size        Empty    Relocated 
[2026-04-03T01:45:55.143+0600][21.088s][info][gc,reloc    ] GC(7) y: Small Pages:                  169            8            0         338M         320M           0M 
[2026-04-03T01:45:55.143+0600][21.088s][info][gc,reloc    ] GC(7) y: Medium Pages:                   0            0            0           0M           0M           0M 
[2026-04-03T01:45:55.143+0600][21.088s][info][gc,reloc    ] GC(7) y: Large Pages:                    0            0            0           0M           0M           0M 
[2026-04-03T01:45:55.143+0600][21.088s][info][gc,reloc    ] GC(7) y: Forwarding Usage: 0M
[2026-04-03T01:45:55.143+0600][21.088s][info][gc,reloc    ] GC(7) y: Age Table:
[2026-04-03T01:45:55.143+0600][21.088s][info][gc,reloc    ] GC(7) y:                    Live             Garbage             Small              Medium             Large        
[2026-04-03T01:45:55.143+0600][21.088s][info][gc,reloc    ] GC(7) y: Eden               0M (0%)          331M (8%)         166 / 6              0 / 0              0 / 0        
[2026-04-03T01:45:55.143+0600][21.088s][info][gc,reloc    ] GC(7) y: Survivor 1         0M (0%)            5M (0%)           3 / 2              0 / 0              0 / 0        
[2026-04-03T01:45:55.143+0600][21.088s][info][gc,heap     ] GC(7) y: Min Capacity: 8M(0%)
[2026-04-03T01:45:55.143+0600][21.088s][info][gc,heap     ] GC(7) y: Max Capacity: 3922M(100%)
[2026-04-03T01:45:55.143+0600][21.088s][info][gc,heap     ] GC(7) y: Soft Max Capacity: 3529M(90%)
[2026-04-03T01:45:55.143+0600][21.088s][info][gc,heap     ] GC(7) y: Heap Statistics:
[2026-04-03T01:45:55.143+0600][21.088s][info][gc,heap     ] GC(7) y:                Mark Start          Mark End        Relocate Start      Relocate End           High               Low         
[2026-04-03T01:45:55.143+0600][21.088s][info][gc,heap     ] GC(7) y:  Capacity:     1842M (47%)        1842M (47%)        1842M (47%)        1842M (47%)        1842M (47%)        1842M (47%)    
[2026-04-03T01:45:55.143+0600][21.088s][info][gc,heap     ] GC(7) y:      Free:     3500M (89%)        3482M (89%)        3790M (97%)        3798M (97%)        3798M (97%)        3482M (89%)    
[2026-04-03T01:45:55.143+0600][21.088s][info][gc,heap     ] GC(7) y:      Used:      422M (11%)         440M (11%)         132M (3%)          124M (3%)          440M (11%)         124M (3%)     
[2026-04-03T01:45:55.143+0600][21.088s][info][gc,heap     ] GC(7) y: Young Generation Statistics:
[2026-04-03T01:45:55.143+0600][21.088s][info][gc,heap     ] GC(7) y:                Mark Start          Mark End        Relocate Start      Relocate End    
[2026-04-03T01:45:55.143+0600][21.088s][info][gc,heap     ] GC(7) y:      Used:      338M (9%)          356M (9%)           48M (1%)           40M (1%)     
[2026-04-03T01:45:55.143+0600][21.088s][info][gc,heap     ] GC(7) y:      Live:         -                 0M (0%)            0M (0%)            0M (0%)     
[2026-04-03T01:45:55.143+0600][21.088s][info][gc,heap     ] GC(7) y:   Garbage:         -               337M (9%)           17M (0%)            0M (0%)     
[2026-04-03T01:45:55.143+0600][21.088s][info][gc,heap     ] GC(7) y: Allocated:         -                18M (0%)           30M (1%)           39M (1%)     
[2026-04-03T01:45:55.143+0600][21.088s][info][gc,heap     ] GC(7) y: Reclaimed:         -                  -               320M (8%)          337M (9%)     
[2026-04-03T01:45:55.143+0600][21.088s][info][gc,heap     ] GC(7) y:  Promoted:         -                  -                 0M (0%)            0M (0%)     
[2026-04-03T01:45:55.143+0600][21.088s][info][gc,heap     ] GC(7) y: Compacted:         -                  -                  -                 0M (0%)     
[2026-04-03T01:45:55.143+0600][21.088s][info][gc,phases   ] GC(7) y: Young Generation 422M(11%)->124M(3%) 0.012s
[2026-04-03T01:45:55.143+0600][21.088s][info][gc          ] GC(7) Minor Collection (Allocation Rate) 422M(11%)->124M(3%) 0.012s
[2026-04-03T01:45:55.251+0600][21.196s][info][gc          ] GC(8) Minor Collection (Allocation Rate)
[2026-04-03T01:45:55.251+0600][21.196s][info][gc,task     ] GC(8) Using 3 Workers for Young Generation
[2026-04-03T01:45:55.251+0600][21.196s][info][gc,phases   ] GC(8) y: Young Generation
[2026-04-03T01:45:55.252+0600][21.196s][info][gc,phases   ] GC(8) y: Pause Mark Start 0.026ms
[2026-04-03T01:45:55.259+0600][21.203s][info][gc,phases   ] GC(8) y: Concurrent Mark 6.980ms
[2026-04-03T01:45:55.259+0600][21.204s][info][gc,phases   ] GC(8) y: Pause Mark End 0.024ms
[2026-04-03T01:45:55.259+0600][21.204s][info][gc,phases   ] GC(8) y: Concurrent Mark Free 0.001ms
[2026-04-03T01:45:55.259+0600][21.204s][info][gc,phases   ] GC(8) y: Concurrent Reset Relocation Set 0.002ms
[2026-04-03T01:45:55.261+0600][21.206s][info][gc,reloc    ] GC(8) y: Using tenuring threshold: 3 (Computed)
[2026-04-03T01:45:55.261+0600][21.206s][info][gc,phases   ] GC(8) y: Concurrent Select Relocation Set 2.180ms
[2026-04-03T01:45:55.262+0600][21.206s][info][gc,phases   ] GC(8) y: Pause Relocate Start 0.016ms
[2026-04-03T01:45:55.262+0600][21.207s][info][gc,phases   ] GC(8) y: Concurrent Relocate 0.553ms
[2026-04-03T01:45:55.262+0600][21.207s][info][gc,alloc    ] GC(8) y:                         Mark Start        Mark End      Relocate Start    Relocate End   
[2026-04-03T01:45:55.262+0600][21.207s][info][gc,alloc    ] GC(8) y: Allocation Stalls:          0                0                0                0         
[2026-04-03T01:45:55.262+0600][21.207s][info][gc,load     ] GC(8) y: Load: 5.14 (43%) / 6.80 (57%) / 7.39 (62%)
[2026-04-03T01:45:55.262+0600][21.207s][info][gc,mmu      ] GC(8) y: MMU: 2ms/95.7%, 5ms/98.3%, 10ms/99.1%, 20ms/99.4%, 50ms/99.7%, 100ms/99.8%
[2026-04-03T01:45:55.262+0600][21.207s][info][gc,marking  ] GC(8) y: Mark: 2 stripe(s), 2 proactive flush(es), 1 terminate flush(es), 0 completion(s), 0 continuation(s) 
[2026-04-03T01:45:55.262+0600][21.207s][info][gc,marking  ] GC(8) y: Mark Stack Usage: 32M
[2026-04-03T01:45:55.262+0600][21.207s][info][gc,nmethod  ] GC(8) y: NMethods: 4320 registered, 538 unregistered
[2026-04-03T01:45:55.262+0600][21.207s][info][gc,metaspace] GC(8) y: Metaspace: 65M used, 66M committed, 1088M reserved
[2026-04-03T01:45:55.262+0600][21.207s][info][gc,reloc    ] GC(8) y:                        Candidates     Selected     In-Place         Size        Empty    Relocated 
[2026-04-03T01:45:55.262+0600][21.207s][info][gc,reloc    ] GC(8) y: Small Pages:                  171            7            0         342M         326M           0M 
[2026-04-03T01:45:55.262+0600][21.207s][info][gc,reloc    ] GC(8) y: Medium Pages:                   0            0            0           0M           0M           0M 
[2026-04-03T01:45:55.262+0600][21.207s][info][gc,reloc    ] GC(8) y: Large Pages:                    0            0            0           0M           0M           0M 
[2026-04-03T01:45:55.262+0600][21.207s][info][gc,reloc    ] GC(8) y: Forwarding Usage: 0M
[2026-04-03T01:45:55.262+0600][21.207s][info][gc,reloc    ] GC(8) y: Age Table:
[2026-04-03T01:45:55.262+0600][21.207s][info][gc,reloc    ] GC(8) y:                    Live             Garbage             Small              Medium             Large        
[2026-04-03T01:45:55.263+0600][21.207s][info][gc,reloc    ] GC(8) y: Eden               0M (0%)          331M (8%)         166 / 5              0 / 0              0 / 0        
[2026-04-03T01:45:55.263+0600][21.207s][info][gc,reloc    ] GC(8) y: Survivor 1          -                 6M (0%)           3 / 0              0 / 0              0 / 0        
[2026-04-03T01:45:55.263+0600][21.207s][info][gc,reloc    ] GC(8) y: Survivor 2         0M (0%)            3M (0%)           2 / 2              0 / 0              0 / 0        
[2026-04-03T01:45:55.263+0600][21.207s][info][gc,heap     ] GC(8) y: Min Capacity: 8M(0%)
[2026-04-03T01:45:55.263+0600][21.207s][info][gc,heap     ] GC(8) y: Max Capacity: 3922M(100%)
[2026-04-03T01:45:55.263+0600][21.207s][info][gc,heap     ] GC(8) y: Soft Max Capacity: 3529M(90%)
[2026-04-03T01:45:55.263+0600][21.207s][info][gc,heap     ] GC(8) y: Heap Statistics:
[2026-04-03T01:45:55.263+0600][21.207s][info][gc,heap     ] GC(8) y:                Mark Start          Mark End        Relocate Start      Relocate End           High               Low         
[2026-04-03T01:45:55.263+0600][21.207s][info][gc,heap     ] GC(8) y:  Capacity:     1842M (47%)        1842M (47%)        1842M (47%)        1842M (47%)        1842M (47%)        1842M (47%)    
[2026-04-03T01:45:55.263+0600][21.207s][info][gc,heap     ] GC(8) y:      Free:     3496M (89%)        3478M (89%)        3798M (97%)        3802M (97%)        3804M (97%)        3476M (89%)    
[2026-04-03T01:45:55.263+0600][21.207s][info][gc,heap     ] GC(8) y:      Used:      426M (11%)         444M (11%)         124M (3%)          120M (3%)          446M (11%)         118M (3%)     
[2026-04-03T01:45:55.263+0600][21.207s][info][gc,heap     ] GC(8) y: Young Generation Statistics:
[2026-04-03T01:45:55.263+0600][21.207s][info][gc,heap     ] GC(8) y:                Mark Start          Mark End        Relocate Start      Relocate End    
[2026-04-03T01:45:55.263+0600][21.207s][info][gc,heap     ] GC(8) y:      Used:      342M (9%)          360M (9%)           40M (1%)           36M (1%)     
[2026-04-03T01:45:55.263+0600][21.207s][info][gc,heap     ] GC(8) y:      Live:         -                 0M (0%)            0M (0%)            0M (0%)     
[2026-04-03T01:45:55.263+0600][21.207s][info][gc,heap     ] GC(8) y:   Garbage:         -               341M (9%)           15M (0%)            0M (0%)     
[2026-04-03T01:45:55.263+0600][21.207s][info][gc,heap     ] GC(8) y: Allocated:         -                18M (0%)           24M (1%)           35M (1%)     
[2026-04-03T01:45:55.263+0600][21.207s][info][gc,heap     ] GC(8) y: Reclaimed:         -                  -               326M (8%)          341M (9%)     
[2026-04-03T01:45:55.263+0600][21.207s][info][gc,heap     ] GC(8) y:  Promoted:         -                  -                 0M (0%)            0M (0%)     
[2026-04-03T01:45:55.263+0600][21.207s][info][gc,heap     ] GC(8) y: Compacted:         -                  -                  -                 0M (0%)     
[2026-04-03T01:45:55.263+0600][21.207s][info][gc,phases   ] GC(8) y: Young Generation 426M(11%)->120M(3%) 0.011s
[2026-04-03T01:45:55.263+0600][21.208s][info][gc          ] GC(8) Minor Collection (Allocation Rate) 426M(11%)->120M(3%) 0.011s
[2026-04-03T01:45:55.872+0600][21.817s][info][gc          ] GC(9) Minor Collection (Allocation Rate)
[2026-04-03T01:45:55.872+0600][21.817s][info][gc,task     ] GC(9) Using 3 Workers for Young Generation
[2026-04-03T01:45:55.872+0600][21.817s][info][gc,phases   ] GC(9) y: Young Generation
[2026-04-03T01:45:55.872+0600][21.817s][info][gc,phases   ] GC(9) y: Pause Mark Start 0.017ms
[2026-04-03T01:45:55.878+0600][21.823s][info][gc,phases   ] GC(9) y: Concurrent Mark 5.609ms
[2026-04-03T01:45:55.878+0600][21.823s][info][gc,phases   ] GC(9) y: Pause Mark End 0.017ms
[2026-04-03T01:45:55.878+0600][21.823s][info][gc,phases   ] GC(9) y: Concurrent Mark Free 0.002ms
[2026-04-03T01:45:55.878+0600][21.823s][info][gc,phases   ] GC(9) y: Concurrent Reset Relocation Set 0.003ms
[2026-04-03T01:45:55.880+0600][21.825s][info][gc,reloc    ] GC(9) y: Using tenuring threshold: 4 (Computed)
[2026-04-03T01:45:55.880+0600][21.825s][info][gc,phases   ] GC(9) y: Concurrent Select Relocation Set 2.078ms
[2026-04-03T01:45:55.881+0600][21.825s][info][gc,phases   ] GC(9) y: Pause Relocate Start 0.010ms
[2026-04-03T01:45:55.881+0600][21.826s][info][gc,phases   ] GC(9) y: Concurrent Relocate 0.324ms
[2026-04-03T01:45:55.881+0600][21.826s][info][gc,alloc    ] GC(9) y:                         Mark Start        Mark End      Relocate Start    Relocate End   
[2026-04-03T01:45:55.881+0600][21.826s][info][gc,alloc    ] GC(9) y: Allocation Stalls:          0                0                0                0         
[2026-04-03T01:45:55.881+0600][21.826s][info][gc,load     ] GC(9) y: Load: 5.14 (43%) / 6.80 (57%) / 7.39 (62%)
[2026-04-03T01:45:55.881+0600][21.826s][info][gc,mmu      ] GC(9) y: MMU: 2ms/95.7%, 5ms/98.3%, 10ms/99.1%, 20ms/99.4%, 50ms/99.7%, 100ms/99.8%
[2026-04-03T01:45:55.881+0600][21.826s][info][gc,marking  ] GC(9) y: Mark: 2 stripe(s), 2 proactive flush(es), 1 terminate flush(es), 0 completion(s), 0 continuation(s) 
[2026-04-03T01:45:55.881+0600][21.826s][info][gc,marking  ] GC(9) y: Mark Stack Usage: 32M
[2026-04-03T01:45:55.881+0600][21.826s][info][gc,nmethod  ] GC(9) y: NMethods: 4332 registered, 538 unregistered
[2026-04-03T01:45:55.881+0600][21.826s][info][gc,metaspace] GC(9) y: Metaspace: 65M used, 66M committed, 1088M reserved
[2026-04-03T01:45:55.881+0600][21.826s][info][gc,reloc    ] GC(9) y:                        Candidates     Selected     In-Place         Size        Empty    Relocated 
[2026-04-03T01:45:55.881+0600][21.826s][info][gc,reloc    ] GC(9) y: Small Pages:                  662           10            0        1324M        1302M           0M 
[2026-04-03T01:45:55.881+0600][21.826s][info][gc,reloc    ] GC(9) y: Medium Pages:                   0            0            0           0M           0M           0M 
[2026-04-03T01:45:55.881+0600][21.826s][info][gc,reloc    ] GC(9) y: Large Pages:                    0            0            0           0M           0M           0M 
[2026-04-03T01:45:55.881+0600][21.826s][info][gc,reloc    ] GC(9) y: Forwarding Usage: 0M
[2026-04-03T01:45:55.881+0600][21.826s][info][gc,reloc    ] GC(9) y: Age Table:
[2026-04-03T01:45:55.881+0600][21.826s][info][gc,reloc    ] GC(9) y:                    Live             Garbage             Small              Medium             Large        
[2026-04-03T01:45:55.881+0600][21.826s][info][gc,reloc    ] GC(9) y: Eden               0M (0%)         1313M (34%)        657 / 5              0 / 0              0 / 0        
[2026-04-03T01:45:55.881+0600][21.826s][info][gc,reloc    ] GC(9) y: Survivor 1         0M (0%)            3M (0%)           2 / 2              0 / 0              0 / 0        
[2026-04-03T01:45:55.881+0600][21.826s][info][gc,reloc    ] GC(9) y: Survivor 2          -                 0M (0%)           0 / 0              0 / 0              0 / 0        
[2026-04-03T01:45:55.881+0600][21.826s][info][gc,reloc    ] GC(9) y: Survivor 3         0M (0%)            5M (0%)           3 / 3              0 / 0              0 / 0        
[2026-04-03T01:45:55.881+0600][21.826s][info][gc,heap     ] GC(9) y: Min Capacity: 8M(0%)
[2026-04-03T01:45:55.881+0600][21.826s][info][gc,heap     ] GC(9) y: Max Capacity: 3922M(100%)
[2026-04-03T01:45:55.881+0600][21.826s][info][gc,heap     ] GC(9) y: Soft Max Capacity: 3529M(90%)
[2026-04-03T01:45:55.881+0600][21.826s][info][gc,heap     ] GC(9) y: Heap Statistics:
[2026-04-03T01:45:55.881+0600][21.826s][info][gc,heap     ] GC(9) y:                Mark Start          Mark End        Relocate Start      Relocate End           High               Low         
[2026-04-03T01:45:55.881+0600][21.826s][info][gc,heap     ] GC(9) y:  Capacity:     1842M (47%)        1842M (47%)        1842M (47%)        1842M (47%)        1842M (47%)        1842M (47%)    
[2026-04-03T01:45:55.881+0600][21.826s][info][gc,heap     ] GC(9) y:      Free:     2514M (64%)        2496M (64%)        3792M (97%)        3804M (97%)        3804M (97%)        2496M (64%)    
[2026-04-03T01:45:55.881+0600][21.826s][info][gc,heap     ] GC(9) y:      Used:     1408M (36%)        1426M (36%)         130M (3%)          118M (3%)         1426M (36%)         118M (3%)     
[2026-04-03T01:45:55.881+0600][21.826s][info][gc,heap     ] GC(9) y: Young Generation Statistics:
[2026-04-03T01:45:55.881+0600][21.826s][info][gc,heap     ] GC(9) y:                Mark Start          Mark End        Relocate Start      Relocate End    
[2026-04-03T01:45:55.881+0600][21.826s][info][gc,heap     ] GC(9) y:      Used:     1324M (34%)        1342M (34%)          46M (1%)           34M (1%)     
[2026-04-03T01:45:55.881+0600][21.826s][info][gc,heap     ] GC(9) y:      Live:         -                 0M (0%)            0M (0%)            0M (0%)     
[2026-04-03T01:45:55.881+0600][21.826s][info][gc,heap     ] GC(9) y:   Garbage:         -              1323M (34%)          21M (1%)            0M (0%)     
[2026-04-03T01:45:55.881+0600][21.826s][info][gc,heap     ] GC(9) y: Allocated:         -                18M (0%)           24M (1%)           33M (1%)     
[2026-04-03T01:45:55.881+0600][21.826s][info][gc,heap     ] GC(9) y: Reclaimed:         -                  -              1302M (33%)        1323M (34%)    
[2026-04-03T01:45:55.881+0600][21.826s][info][gc,heap     ] GC(9) y:  Promoted:         -                  -                 0M (0%)            0M (0%)     
[2026-04-03T01:45:55.881+0600][21.826s][info][gc,heap     ] GC(9) y: Compacted:         -                  -                  -                 0M (0%)     
[2026-04-03T01:45:55.881+0600][21.826s][info][gc,phases   ] GC(9) y: Young Generation 1408M(36%)->118M(3%) 0.009s
[2026-04-03T01:45:55.881+0600][21.826s][info][gc          ] GC(9) Minor Collection (Allocation Rate) 1408M(36%)->118M(3%) 0.009s
[2026-04-03T01:45:57.395+0600][23.340s][info][gc          ] GC(10) Minor Collection (Allocation Rate)
[2026-04-03T01:45:57.395+0600][23.340s][info][gc,task     ] GC(10) Using 1 Workers for Young Generation
[2026-04-03T01:45:57.395+0600][23.340s][info][gc,phases   ] GC(10) y: Young Generation
[2026-04-03T01:45:57.396+0600][23.341s][info][gc,phases   ] GC(10) y: Pause Mark Start 0.022ms
[2026-04-03T01:45:57.462+0600][23.407s][info][gc,phases   ] GC(10) y: Concurrent Mark 66.460ms
[2026-04-03T01:45:57.463+0600][23.408s][info][gc,phases   ] GC(10) y: Pause Mark End 0.043ms
[2026-04-03T01:45:57.463+0600][23.408s][info][gc,phases   ] GC(10) y: Concurrent Mark Free 0.001ms
[2026-04-03T01:45:57.463+0600][23.408s][info][gc,phases   ] GC(10) y: Concurrent Reset Relocation Set 0.003ms
[2026-04-03T01:45:57.468+0600][23.413s][info][gc,reloc    ] GC(10) y: Using tenuring threshold: 5 (Computed)
[2026-04-03T01:45:57.473+0600][23.417s][info][gc,phases   ] GC(10) y: Concurrent Select Relocation Set 9.710ms
[2026-04-03T01:45:57.473+0600][23.418s][info][gc,phases   ] GC(10) y: Pause Relocate Start 0.023ms
[2026-04-03T01:45:57.508+0600][23.453s][info][gc,phases   ] GC(10) y: Concurrent Relocate 34.525ms
[2026-04-03T01:45:57.508+0600][23.453s][info][gc,alloc    ] GC(10) y:                         Mark Start        Mark End      Relocate Start    Relocate End   
[2026-04-03T01:45:57.508+0600][23.453s][info][gc,alloc    ] GC(10) y: Allocation Stalls:          0                0                0                0         
[2026-04-03T01:45:57.508+0600][23.453s][info][gc,load     ] GC(10) y: Load: 5.14 (43%) / 6.80 (57%) / 7.39 (62%)
[2026-04-03T01:45:57.508+0600][23.453s][info][gc,mmu      ] GC(10) y: MMU: 2ms/95.7%, 5ms/98.3%, 10ms/99.1%, 20ms/99.4%, 50ms/99.7%, 100ms/99.8%
[2026-04-03T01:45:57.508+0600][23.453s][info][gc,marking  ] GC(10) y: Mark: 1 stripe(s), 2 proactive flush(es), 1 terminate flush(es), 0 completion(s), 0 continuation(s) 
[2026-04-03T01:45:57.508+0600][23.453s][info][gc,marking  ] GC(10) y: Mark Stack Usage: 32M
[2026-04-03T01:45:57.508+0600][23.453s][info][gc,nmethod  ] GC(10) y: NMethods: 5114 registered, 538 unregistered
[2026-04-03T01:45:57.508+0600][23.453s][info][gc,metaspace] GC(10) y: Metaspace: 67M used, 68M committed, 1088M reserved
[2026-04-03T01:45:57.508+0600][23.453s][info][gc,reloc    ] GC(10) y:                        Candidates     Selected     In-Place         Size        Empty    Relocated 
[2026-04-03T01:45:57.508+0600][23.453s][info][gc,reloc    ] GC(10) y: Small Pages:                  802           94            0        1604M        1398M          11M 
[2026-04-03T01:45:57.508+0600][23.453s][info][gc,reloc    ] GC(10) y: Medium Pages:                   1            0            0          32M           0M           0M 
[2026-04-03T01:45:57.508+0600][23.453s][info][gc,reloc    ] GC(10) y: Large Pages:                    1            0            0           6M           6M           0M 
[2026-04-03T01:45:57.508+0600][23.453s][info][gc,reloc    ] GC(10) y: Forwarding Usage: 6M
[2026-04-03T01:45:57.508+0600][23.453s][info][gc,reloc    ] GC(10) y: Age Table:
[2026-04-03T01:45:57.508+0600][23.453s][info][gc,reloc    ] GC(10) y:                    Live             Garbage             Small              Medium             Large        
[2026-04-03T01:45:57.508+0600][23.453s][info][gc,reloc    ] GC(10) y: Eden              17M (0%)         1614M (41%)        797 / 91             1 / 0              1 / 0        
[2026-04-03T01:45:57.508+0600][23.453s][info][gc,reloc    ] GC(10) y: Survivor 1         0M (0%)            5M (0%)           3 / 1              0 / 0              0 / 0        
[2026-04-03T01:45:57.508+0600][23.453s][info][gc,reloc    ] GC(10) y: Survivor 2         0M (0%)            1M (0%)           1 / 1              0 / 0              0 / 0        
[2026-04-03T01:45:57.508+0600][23.453s][info][gc,reloc    ] GC(10) y: Survivor 3          -                 0M (0%)           0 / 0              0 / 0              0 / 0        
[2026-04-03T01:45:57.508+0600][23.453s][info][gc,reloc    ] GC(10) y: Survivor 4         0M (0%)            1M (0%)           1 / 1              0 / 0              0 / 0        
[2026-04-03T01:45:57.508+0600][23.453s][info][gc,heap     ] GC(10) y: Min Capacity: 8M(0%)
[2026-04-03T01:45:57.508+0600][23.453s][info][gc,heap     ] GC(10) y: Max Capacity: 3922M(100%)
[2026-04-03T01:45:57.508+0600][23.453s][info][gc,heap     ] GC(10) y: Soft Max Capacity: 3529M(90%)
[2026-04-03T01:45:57.508+0600][23.453s][info][gc,heap     ] GC(10) y: Heap Statistics:
[2026-04-03T01:45:57.508+0600][23.453s][info][gc,heap     ] GC(10) y:                Mark Start          Mark End        Relocate Start      Relocate End           High               Low         
[2026-04-03T01:45:57.508+0600][23.453s][info][gc,heap     ] GC(10) y:  Capacity:     1880M (48%)        1880M (48%)        1880M (48%)        1880M (48%)        1880M (48%)        1880M (48%)    
[2026-04-03T01:45:57.508+0600][23.453s][info][gc,heap     ] GC(10) y:      Free:     2196M (56%)        2150M (55%)        3548M (90%)        3702M (94%)        3702M (94%)        2150M (55%)    
[2026-04-03T01:45:57.508+0600][23.453s][info][gc,heap     ] GC(10) y:      Used:     1726M (44%)        1772M (45%)         374M (10%)         220M (6%)         1772M (45%)         220M (6%)     
[2026-04-03T01:45:57.508+0600][23.453s][info][gc,heap     ] GC(10) y: Young Generation Statistics:
[2026-04-03T01:45:57.508+0600][23.453s][info][gc,heap     ] GC(10) y:                Mark Start          Mark End        Relocate Start      Relocate End    
[2026-04-03T01:45:57.508+0600][23.453s][info][gc,heap     ] GC(10) y:      Used:     1642M (42%)        1688M (43%)         290M (7%)          136M (3%)     
[2026-04-03T01:45:57.508+0600][23.453s][info][gc,heap     ] GC(10) y:      Live:         -                17M (0%)           17M (0%)           17M (0%)     
[2026-04-03T01:45:57.508+0600][23.453s][info][gc,heap     ] GC(10) y:   Garbage:         -              1624M (41%)         220M (6%)           30M (1%)     
[2026-04-03T01:45:57.508+0600][23.453s][info][gc,heap     ] GC(10) y: Allocated:         -                46M (1%)           52M (1%)           88M (2%)     
[2026-04-03T01:45:57.508+0600][23.453s][info][gc,heap     ] GC(10) y: Reclaimed:         -                  -              1404M (36%)        1594M (41%)    
[2026-04-03T01:45:57.508+0600][23.453s][info][gc,heap     ] GC(10) y:  Promoted:         -                  -                 0M (0%)            0M (0%)     
[2026-04-03T01:45:57.508+0600][23.453s][info][gc,heap     ] GC(10) y: Compacted:         -                  -                  -                13M (0%)     
[2026-04-03T01:45:57.508+0600][23.453s][info][gc,phases   ] GC(10) y: Young Generation 1726M(44%)->220M(6%) 0.113s
[2026-04-03T01:45:57.508+0600][23.453s][info][gc          ] GC(10) Minor Collection (Allocation Rate) 1726M(44%)->220M(6%) 0.113s
[2026-04-03T01:45:59.238+0600][25.183s][info][gc          ] GC(11) Minor Collection (Allocation Rate)
[2026-04-03T01:45:59.238+0600][25.183s][info][gc,task     ] GC(11) Using 1 Workers for Young Generation
[2026-04-03T01:45:59.238+0600][25.183s][info][gc,phases   ] GC(11) y: Young Generation
[2026-04-03T01:45:59.239+0600][25.184s][info][gc,phases   ] GC(11) y: Pause Mark Start 0.040ms
[2026-04-03T01:46:00.851+0600][26.796s][info][gc,phases   ] GC(11) y: Concurrent Mark 1611.895ms
[2026-04-03T01:46:00.851+0600][26.796s][info][gc,phases   ] GC(11) y: Pause Mark End 0.038ms
[2026-04-03T01:46:00.852+0600][26.796s][info][gc,phases   ] GC(11) y: Concurrent Mark Free 0.002ms
[2026-04-03T01:46:00.852+0600][26.796s][info][gc,phases   ] GC(11) y: Concurrent Reset Relocation Set 0.024ms
[2026-04-03T01:46:00.859+0600][26.804s][info][gc,reloc    ] GC(11) y: Using tenuring threshold: 6 (Computed)
[2026-04-03T01:46:01.051+0600][26.996s][info][gc,phases   ] GC(11) y: Concurrent Select Relocation Set 199.806ms
[2026-04-03T01:46:01.057+0600][27.002s][info][gc,phases   ] GC(11) y: Pause Relocate Start 0.033ms
[2026-04-03T01:46:01.867+0600][27.812s][info][gc,phases   ] GC(11) y: Concurrent Relocate 809.762ms
[2026-04-03T01:46:01.867+0600][27.812s][info][gc,alloc    ] GC(11) y:                         Mark Start        Mark End      Relocate Start    Relocate End   
[2026-04-03T01:46:01.867+0600][27.812s][info][gc,alloc    ] GC(11) y: Allocation Stalls:          0                0                0                0         
[2026-04-03T01:46:01.867+0600][27.812s][info][gc,load     ] GC(11) y: Load: 5.13 (43%) / 6.77 (56%) / 7.38 (61%)
[2026-04-03T01:46:01.867+0600][27.812s][info][gc,mmu      ] GC(11) y: MMU: 2ms/95.7%, 5ms/98.3%, 10ms/99.1%, 20ms/99.4%, 50ms/99.7%, 100ms/99.8%
[2026-04-03T01:46:01.867+0600][27.812s][info][gc,marking  ] GC(11) y: Mark: 1 stripe(s), 2 proactive flush(es), 1 terminate flush(es), 0 completion(s), 0 continuation(s) 
[2026-04-03T01:46:01.867+0600][27.812s][info][gc,marking  ] GC(11) y: Mark Stack Usage: 32M
[2026-04-03T01:46:01.867+0600][27.812s][info][gc,nmethod  ] GC(11) y: NMethods: 5533 registered, 0 unregistered
[2026-04-03T01:46:01.867+0600][27.812s][info][gc,metaspace] GC(11) y: Metaspace: 68M used, 69M committed, 1088M reserved
[2026-04-03T01:46:01.867+0600][27.812s][info][gc,reloc    ] GC(11) y:                        Candidates     Selected     In-Place         Size        Empty    Relocated 
[2026-04-03T01:46:01.867+0600][27.812s][info][gc,reloc    ] GC(11) y: Small Pages:                  670          527            0        1340M           0M         147M 
[2026-04-03T01:46:01.867+0600][27.812s][info][gc,reloc    ] GC(11) y: Medium Pages:                   3            1            0          96M          32M           6M 
[2026-04-03T01:46:01.867+0600][27.812s][info][gc,reloc    ] GC(11) y: Large Pages:                   12            0            0          96M          66M           0M 
[2026-04-03T01:46:01.867+0600][27.812s][info][gc,reloc    ] GC(11) y: Forwarding Usage: 155M
[2026-04-03T01:46:01.867+0600][27.812s][info][gc,reloc    ] GC(11) y: Age Table:
[2026-04-03T01:46:01.867+0600][27.812s][info][gc,reloc    ] GC(11) y:                    Live             Garbage             Small              Medium             Large        
[2026-04-03T01:46:01.867+0600][27.812s][info][gc,reloc    ] GC(11) y: Eden             273M (7%)         1196M (31%)        655 / 520            2 / 1             12 / 0        
[2026-04-03T01:46:01.867+0600][27.812s][info][gc,reloc    ] GC(11) y: Survivor 1        13M (0%)           42M (1%)          12 / 4              1 / 0              0 / 0        
[2026-04-03T01:46:01.867+0600][27.812s][info][gc,reloc    ] GC(11) y: Survivor 2         0M (0%)            1M (0%)           1 / 1              0 / 0              0 / 0        
[2026-04-03T01:46:01.867+0600][27.812s][info][gc,reloc    ] GC(11) y: Survivor 3         0M (0%)            1M (0%)           1 / 1              0 / 0              0 / 0        
[2026-04-03T01:46:01.867+0600][27.812s][info][gc,reloc    ] GC(11) y: Survivor 4          -                 0M (0%)           0 / 0              0 / 0              0 / 0        
[2026-04-03T01:46:01.867+0600][27.812s][info][gc,reloc    ] GC(11) y: Survivor 5         0M (0%)            1M (0%)           1 / 1              0 / 0              0 / 0        
[2026-04-03T01:46:01.867+0600][27.812s][info][gc,heap     ] GC(11) y: Min Capacity: 8M(0%)
[2026-04-03T01:46:01.867+0600][27.812s][info][gc,heap     ] GC(11) y: Max Capacity: 3922M(100%)
[2026-04-03T01:46:01.867+0600][27.812s][info][gc,heap     ] GC(11) y: Soft Max Capacity: 3529M(90%)
[2026-04-03T01:46:01.867+0600][27.812s][info][gc,heap     ] GC(11) y: Heap Statistics:
[2026-04-03T01:46:01.867+0600][27.812s][info][gc,heap     ] GC(11) y:                Mark Start          Mark End        Relocate Start      Relocate End           High               Low         
[2026-04-03T01:46:01.867+0600][27.812s][info][gc,heap     ] GC(11) y:  Capacity:     2038M (52%)        2728M (70%)        2762M (70%)        2806M (72%)        2806M (72%)        2038M (52%)    
[2026-04-03T01:46:01.867+0600][27.812s][info][gc,heap     ] GC(11) y:      Free:     2306M (59%)        1194M (30%)        1160M (30%)        1896M (48%)        2306M (59%)        1116M (28%)    
[2026-04-03T01:46:01.867+0600][27.812s][info][gc,heap     ] GC(11) y:      Used:     1616M (41%)        2728M (70%)        2762M (70%)        2026M (52%)        2806M (72%)        1616M (41%)    
[2026-04-03T01:46:01.867+0600][27.812s][info][gc,heap     ] GC(11) y: Young Generation Statistics:
[2026-04-03T01:46:01.868+0600][27.812s][info][gc,heap     ] GC(11) y:                Mark Start          Mark End        Relocate Start      Relocate End    
[2026-04-03T01:46:01.868+0600][27.812s][info][gc,heap     ] GC(11) y:      Used:     1532M (39%)        2644M (67%)        2678M (68%)        1942M (50%)    
[2026-04-03T01:46:01.868+0600][27.812s][info][gc,heap     ] GC(11) y:      Live:         -               287M (7%)          287M (7%)          287M (7%)     
[2026-04-03T01:46:01.868+0600][27.812s][info][gc,heap     ] GC(11) y:   Garbage:         -              1244M (32%)        1146M (29%)           0M (0%)     
[2026-04-03T01:46:01.868+0600][27.812s][info][gc,heap     ] GC(11) y: Allocated:         -              1112M (28%)        1244M (32%)        1654M (42%)    
[2026-04-03T01:46:01.868+0600][27.812s][info][gc,heap     ] GC(11) y: Reclaimed:         -                  -                98M (2%)         1244M (32%)    
[2026-04-03T01:46:01.868+0600][27.812s][info][gc,heap     ] GC(11) y:  Promoted:         -                  -                 0M (0%)            0M (0%)     
[2026-04-03T01:46:01.868+0600][27.812s][info][gc,heap     ] GC(11) y: Compacted:         -                  -                  -               245M (6%)     
[2026-04-03T01:46:01.868+0600][27.812s][info][gc,phases   ] GC(11) y: Young Generation 1616M(41%)->2026M(52%) 2.629s
[2026-04-03T01:46:01.868+0600][27.812s][info][gc          ] GC(11) Minor Collection (Allocation Rate) 1616M(41%)->2026M(52%) 2.629s
[2026-04-03T01:46:01.868+0600][27.813s][info][gc          ] GC(12) Major Collection (Allocation Rate)
[2026-04-03T01:46:01.868+0600][27.813s][info][gc,task     ] GC(12) Using 3 Workers for Young Generation
[2026-04-03T01:46:01.868+0600][27.813s][info][gc,task     ] GC(12) Using 1 Workers for Old Generation
[2026-04-03T01:46:01.868+0600][27.813s][info][gc,phases   ] GC(12) Y: Young Generation
[2026-04-03T01:46:01.868+0600][27.813s][info][gc,phases   ] GC(12) Y: Pause Mark Start (Major) 0.038ms
[2026-04-03T01:46:03.038+0600][28.982s][info][gc,phases   ] GC(12) Y: Concurrent Mark 1169.253ms
[2026-04-03T01:46:03.038+0600][28.983s][info][gc,phases   ] GC(12) Y: Pause Mark End 0.069ms
[2026-04-03T01:46:03.038+0600][28.983s][info][gc,phases   ] GC(12) Y: Concurrent Mark Free 0.005ms
[2026-04-03T01:46:03.038+0600][28.983s][info][gc,phases   ] GC(12) Y: Concurrent Reset Relocation Set 0.134ms
[2026-04-03T01:46:03.043+0600][28.988s][info][gc,reloc    ] GC(12) Y: Using tenuring threshold: 7 (Computed)
[2026-04-03T01:46:03.065+0600][29.010s][info][gc,phases   ] GC(12) Y: Concurrent Select Relocation Set 26.147ms
[2026-04-03T01:46:03.065+0600][29.010s][info][gc,phases   ] GC(12) Y: Pause Relocate Start 0.029ms
[2026-04-03T01:46:03.267+0600][29.212s][info][gc,phases   ] GC(12) Y: Concurrent Relocate 201.920ms
[2026-04-03T01:46:03.267+0600][29.212s][info][gc,alloc    ] GC(12) Y:                         Mark Start        Mark End      Relocate Start    Relocate End   
[2026-04-03T01:46:03.267+0600][29.212s][info][gc,alloc    ] GC(12) Y: Allocation Stalls:          0                0                0                0         
[2026-04-03T01:46:03.267+0600][29.212s][info][gc,load     ] GC(12) Y: Load: 5.13 (43%) / 6.77 (56%) / 7.38 (61%)
[2026-04-03T01:46:03.267+0600][29.212s][info][gc,mmu      ] GC(12) Y: MMU: 2ms/95.7%, 5ms/98.3%, 10ms/99.1%, 20ms/99.4%, 50ms/99.7%, 100ms/99.8%
[2026-04-03T01:46:03.267+0600][29.212s][info][gc,marking  ] GC(12) Y: Mark: 2 stripe(s), 2 proactive flush(es), 1 terminate flush(es), 0 completion(s), 0 continuation(s) 
[2026-04-03T01:46:03.267+0600][29.212s][info][gc,marking  ] GC(12) Y: Mark Stack Usage: 32M
[2026-04-03T01:46:03.267+0600][29.212s][info][gc,nmethod  ] GC(12) Y: NMethods: 5601 registered, 0 unregistered
[2026-04-03T01:46:03.267+0600][29.212s][info][gc,metaspace] GC(12) Y: Metaspace: 68M used, 69M committed, 1088M reserved
[2026-04-03T01:46:03.267+0600][29.212s][info][gc,reloc    ] GC(12) Y:                        Candidates     Selected     In-Place         Size        Empty    Relocated 
[2026-04-03T01:46:03.267+0600][29.212s][info][gc,reloc    ] GC(12) Y: Small Pages:                  889          741            0        1778M          50M          77M 
[2026-04-03T01:46:03.267+0600][29.212s][info][gc,reloc    ] GC(12) Y: Medium Pages:                   1            0            0          32M           0M           0M 
[2026-04-03T01:46:03.267+0600][29.212s][info][gc,reloc    ] GC(12) Y: Large Pages:                   12            0            0         132M          78M           0M 
[2026-04-03T01:46:03.267+0600][29.212s][info][gc,reloc    ] GC(12) Y: Forwarding Usage: 81M
[2026-04-03T01:46:03.267+0600][29.212s][info][gc,reloc    ] GC(12) Y: Age Table:
[2026-04-03T01:46:03.267+0600][29.212s][info][gc,reloc    ] GC(12) Y:                    Live             Garbage             Small              Medium             Large        
[2026-04-03T01:46:03.267+0600][29.212s][info][gc,reloc    ] GC(12) Y: Eden             125M (3%)         1490M (38%)        757 / 717            0 / 0              9 / 0        
[2026-04-03T01:46:03.267+0600][29.212s][info][gc,reloc    ] GC(12) Y: Survivor 1       134M (3%)          165M (4%)         119 / 20             1 / 0              3 / 0        
[2026-04-03T01:46:03.267+0600][29.212s][info][gc,reloc    ] GC(12) Y: Survivor 2        13M (0%)            6M (0%)          10 / 2              0 / 0              0 / 0        
[2026-04-03T01:46:03.267+0600][29.212s][info][gc,reloc    ] GC(12) Y: Survivor 3         0M (0%)            1M (0%)           1 / 1              0 / 0              0 / 0        
[2026-04-03T01:46:03.267+0600][29.212s][info][gc,reloc    ] GC(12) Y: Survivor 4         0M (0%)            1M (0%)           1 / 0              0 / 0              0 / 0        
[2026-04-03T01:46:03.267+0600][29.212s][info][gc,reloc    ] GC(12) Y: Survivor 5          -                 0M (0%)           0 / 0              0 / 0              0 / 0        
[2026-04-03T01:46:03.267+0600][29.212s][info][gc,reloc    ] GC(12) Y: Survivor 6         0M (0%)            1M (0%)           1 / 1              0 / 0              0 / 0        
[2026-04-03T01:46:03.267+0600][29.212s][info][gc,heap     ] GC(12) Y: Min Capacity: 8M(0%)
[2026-04-03T01:46:03.267+0600][29.212s][info][gc,heap     ] GC(12) Y: Max Capacity: 3922M(100%)
[2026-04-03T01:46:03.267+0600][29.212s][info][gc,heap     ] GC(12) Y: Soft Max Capacity: 3529M(90%)
[2026-04-03T01:46:03.267+0600][29.212s][info][gc,heap     ] GC(12) Y: Heap Statistics:
[2026-04-03T01:46:03.267+0600][29.212s][info][gc,heap     ] GC(12) Y:                Mark Start          Mark End        Relocate Start      Relocate End           High               Low         
[2026-04-03T01:46:03.267+0600][29.212s][info][gc,heap     ] GC(12) Y:  Capacity:     2806M (72%)        2870M (73%)        2870M (73%)        2870M (73%)        2870M (73%)        2806M (72%)    
[2026-04-03T01:46:03.267+0600][29.212s][info][gc,heap     ] GC(12) Y:      Free:     1896M (48%)        1844M (47%)        1972M (50%)        3442M (88%)        3442M (88%)        1812M (46%)    
[2026-04-03T01:46:03.267+0600][29.212s][info][gc,heap     ] GC(12) Y:      Used:     2026M (52%)        2078M (53%)        1950M (50%)         480M (12%)        2110M (54%)         480M (12%)    
[2026-04-03T01:46:03.268+0600][29.212s][info][gc,heap     ] GC(12) Y: Young Generation Statistics:
[2026-04-03T01:46:03.268+0600][29.212s][info][gc,heap     ] GC(12) Y:                Mark Start          Mark End        Relocate Start      Relocate End    
[2026-04-03T01:46:03.268+0600][29.212s][info][gc,heap     ] GC(12) Y:      Used:     1942M (50%)        1994M (51%)        1866M (48%)         396M (10%)    
[2026-04-03T01:46:03.268+0600][29.212s][info][gc,heap     ] GC(12) Y:      Live:         -               273M (7%)          273M (7%)          273M (7%)     
[2026-04-03T01:46:03.268+0600][29.212s][info][gc,heap     ] GC(12) Y:   Garbage:         -              1668M (43%)        1540M (39%)          45M (1%)     
[2026-04-03T01:46:03.268+0600][29.212s][info][gc,heap     ] GC(12) Y: Allocated:         -                52M (1%)           52M (1%)           77M (2%)     
[2026-04-03T01:46:03.268+0600][29.212s][info][gc,heap     ] GC(12) Y: Reclaimed:         -                  -               128M (3%)         1623M (41%)    
[2026-04-03T01:46:03.268+0600][29.212s][info][gc,heap     ] GC(12) Y:  Promoted:         -                  -                 0M (0%)            0M (0%)     
[2026-04-03T01:46:03.268+0600][29.212s][info][gc,heap     ] GC(12) Y: Compacted:         -                  -                  -                90M (2%)     
[2026-04-03T01:46:03.268+0600][29.212s][info][gc,phases   ] GC(12) Y: Young Generation 2026M(52%)->480M(12%) 1.399s
[2026-04-03T01:46:03.268+0600][29.212s][info][gc,phases   ] GC(12) O: Old Generation
[2026-04-03T01:46:03.276+0600][29.221s][info][gc          ] GC(13) Minor Collection (Allocation Rate)
[2026-04-03T01:46:03.276+0600][29.221s][info][gc,task     ] GC(13) Using 2 Workers for Young Generation
[2026-04-03T01:46:03.276+0600][29.221s][info][gc,phases   ] GC(13) y: Young Generation
[2026-04-03T01:46:03.277+0600][29.222s][info][gc,phases   ] GC(13) y: Pause Mark Start 0.046ms
[2026-04-03T01:46:03.428+0600][29.373s][info][gc,phases   ] GC(12) O: Concurrent Mark 160.345ms
[2026-04-03T01:46:03.428+0600][29.373s][info][gc,phases   ] GC(12) O: Pause Mark End 0.047ms
[2026-04-03T01:46:03.429+0600][29.373s][info][gc,phases   ] GC(12) O: Concurrent Mark Free 0.004ms
[2026-04-03T01:46:03.481+0600][29.426s][info][gc,phases   ] GC(12) O: Concurrent Process Non-Strong 52.074ms
[2026-04-03T01:46:03.481+0600][29.426s][info][gc,phases   ] GC(12) O: Concurrent Reset Relocation Set 0.003ms
[2026-04-03T01:46:03.484+0600][29.429s][info][gc,phases   ] GC(12) O: Concurrent Select Relocation Set 3.529ms
[2026-04-03T01:46:04.782+0600][30.727s][info][gc,phases   ] GC(13) y: Concurrent Mark 1504.697ms
[2026-04-03T01:46:04.782+0600][30.727s][info][gc,phases   ] GC(13) y: Pause Mark End 0.041ms
[2026-04-03T01:46:04.783+0600][30.727s][info][gc,phases   ] GC(13) y: Concurrent Mark Free 0.002ms
[2026-04-03T01:46:04.783+0600][30.728s][info][gc,phases   ] GC(13) y: Concurrent Reset Relocation Set 0.182ms
[2026-04-03T01:46:04.790+0600][30.735s][info][gc,reloc    ] GC(13) y: Using tenuring threshold: 1 (Computed)
[2026-04-03T01:46:05.032+0600][30.977s][info][gc,phases   ] GC(13) y: Concurrent Select Relocation Set 248.932ms
[2026-04-03T01:46:05.032+0600][30.977s][info][gc,phases   ] GC(13) y: Pause Relocate Start 0.060ms
[2026-04-03T01:46:05.455+0600][31.400s][info][gc,phases   ] GC(13) y: Concurrent Relocate 422.496ms
[2026-04-03T01:46:05.455+0600][31.400s][info][gc,alloc    ] GC(13) y:                         Mark Start        Mark End      Relocate Start    Relocate End   
[2026-04-03T01:46:05.455+0600][31.400s][info][gc,alloc    ] GC(13) y: Allocation Stalls:          0                0                0                0         
[2026-04-03T01:46:05.455+0600][31.400s][info][gc,load     ] GC(13) y: Load: 5.20 (43%) / 6.76 (56%) / 7.37 (61%)
[2026-04-03T01:46:05.455+0600][31.400s][info][gc,mmu      ] GC(13) y: MMU: 2ms/95.7%, 5ms/98.3%, 10ms/99.1%, 20ms/99.4%, 50ms/99.7%, 100ms/99.8%
[2026-04-03T01:46:05.455+0600][31.400s][info][gc,marking  ] GC(13) y: Mark: 2 stripe(s), 2 proactive flush(es), 1 terminate flush(es), 0 completion(s), 0 continuation(s) 
[2026-04-03T01:46:05.455+0600][31.400s][info][gc,marking  ] GC(13) y: Mark Stack Usage: 32M
[2026-04-03T01:46:05.455+0600][31.400s][info][gc,nmethod  ] GC(13) y: NMethods: 5421 registered, 0 unregistered
[2026-04-03T01:46:05.455+0600][31.400s][info][gc,metaspace] GC(13) y: Metaspace: 68M used, 69M committed, 1088M reserved
[2026-04-03T01:46:05.455+0600][31.400s][info][gc,reloc    ] GC(13) y:                        Candidates     Selected     In-Place         Size        Empty    Relocated 
[2026-04-03T01:46:05.456+0600][31.400s][info][gc,reloc    ] GC(13) y: Small Pages:                  139           19            0         278M           6M           4M 
[2026-04-03T01:46:05.456+0600][31.400s][info][gc,reloc    ] GC(13) y: Medium Pages:                   2            1            0          64M           0M           6M 
[2026-04-03T01:46:05.456+0600][31.400s][info][gc,reloc    ] GC(13) y: Large Pages:                    3            0            0          54M           0M           0M 
[2026-04-03T01:46:05.456+0600][31.400s][info][gc,reloc    ] GC(13) y: Forwarding Usage: 8M
[2026-04-03T01:46:05.456+0600][31.400s][info][gc,reloc    ] GC(13) y: Age Table:
[2026-04-03T01:46:05.456+0600][31.400s][info][gc,reloc    ] GC(13) y:                    Live             Garbage             Small              Medium             Large        
[2026-04-03T01:46:05.456+0600][31.400s][info][gc,reloc    ] GC(13) y: Eden               6M (0%)           45M (1%)          10 / 6              1 / 1              0 / 0        
[2026-04-03T01:46:05.456+0600][31.400s][info][gc,reloc    ] GC(13) y: Survivor 1       125M (3%)            6M (0%)          39 / 2              0 / 0              3 / 0        
[2026-04-03T01:46:05.456+0600][31.400s][info][gc,reloc    ] GC(13) y: Survivor 2       134M (3%)           55M (1%)          79 / 7              1 / 0              0 / 0        
[2026-04-03T01:46:05.456+0600][31.400s][info][gc,reloc    ] GC(13) y: Survivor 3        13M (0%)            2M (0%)           8 / 1              0 / 0              0 / 0        
[2026-04-03T01:46:05.456+0600][31.400s][info][gc,reloc    ] GC(13) y: Survivor 4         0M (0%)            1M (0%)           1 / 1              0 / 0              0 / 0        
[2026-04-03T01:46:05.456+0600][31.401s][info][gc,reloc    ] GC(13) y: Survivor 5         0M (0%)            1M (0%)           1 / 1              0 / 0              0 / 0        
[2026-04-03T01:46:05.456+0600][31.401s][info][gc,reloc    ] GC(13) y: Survivor 6          -                 0M (0%)           0 / 0              0 / 0              0 / 0        
[2026-04-03T01:46:05.456+0600][31.401s][info][gc,reloc    ] GC(13) y: Survivor 7         0M (0%)            1M (0%)           1 / 1              0 / 0              0 / 0        
[2026-04-03T01:46:05.456+0600][31.401s][info][gc,heap     ] GC(13) y: Min Capacity: 8M(0%)
[2026-04-03T01:46:05.456+0600][31.401s][info][gc,heap     ] GC(13) y: Max Capacity: 3922M(100%)
[2026-04-03T01:46:05.456+0600][31.401s][info][gc,heap     ] GC(13) y: Soft Max Capacity: 3529M(90%)
[2026-04-03T01:46:05.456+0600][31.401s][info][gc,heap     ] GC(13) y: Heap Statistics:
[2026-04-03T01:46:05.456+0600][31.401s][info][gc,heap     ] GC(13) y:                Mark Start          Mark End        Relocate Start      Relocate End           High               Low         
[2026-04-03T01:46:05.456+0600][31.401s][info][gc,heap     ] GC(13) y:  Capacity:     2870M (73%)        2870M (73%)        2870M (73%)        2934M (75%)        2934M (75%)        2870M (73%)    
[2026-04-03T01:46:05.456+0600][31.401s][info][gc,heap     ] GC(13) y:      Free:     3442M (88%)        3250M (83%)        3172M (81%)        2858M (73%)        3442M (88%)        2858M (73%)    
[2026-04-03T01:46:05.456+0600][31.401s][info][gc,heap     ] GC(13) y:      Used:      480M (12%)         672M (17%)         750M (19%)        1064M (27%)        1064M (27%)         480M (12%)    
[2026-04-03T01:46:05.456+0600][31.401s][info][gc,heap     ] GC(13) y: Young Generation Statistics:
[2026-04-03T01:46:05.456+0600][31.401s][info][gc,heap     ] GC(13) y:                Mark Start          Mark End        Relocate Start      Relocate End    
[2026-04-03T01:46:05.456+0600][31.401s][info][gc,heap     ] GC(13) y:      Used:      396M (10%)         588M (15%)         390M (10%)         658M (17%)    
[2026-04-03T01:46:05.456+0600][31.401s][info][gc,heap     ] GC(13) y:      Live:         -               279M (7%)           21M (1%)            6M (0%)     
[2026-04-03T01:46:05.456+0600][31.401s][info][gc,heap     ] GC(13) y:   Garbage:         -               116M (3%)           92M (2%)            0M (0%)     
[2026-04-03T01:46:05.456+0600][31.401s][info][gc,heap     ] GC(13) y: Allocated:         -               192M (5%)          276M (7%)          651M (17%)    
[2026-04-03T01:46:05.456+0600][31.401s][info][gc,heap     ] GC(13) y: Reclaimed:         -                  -                23M (1%)          116M (3%)     
[2026-04-03T01:46:05.456+0600][31.401s][info][gc,heap     ] GC(13) y:  Promoted:         -                  -               258M (7%)          273M (7%)     
[2026-04-03T01:46:05.456+0600][31.401s][info][gc,heap     ] GC(13) y: Compacted:         -                  -                  -                 6M (0%)     
[2026-04-03T01:46:05.456+0600][31.401s][info][gc,phases   ] GC(13) y: Young Generation 480M(12%)->1064M(27%) 2.179s
[2026-04-03T01:46:05.456+0600][31.401s][info][gc          ] GC(13) Minor Collection (Allocation Rate) 480M(12%)->1064M(27%) 2.180s
[2026-04-03T01:46:05.456+0600][31.401s][info][gc          ] GC(14) Minor Collection (Allocation Rate)
[2026-04-03T01:46:05.456+0600][31.401s][info][gc,task     ] GC(14) Using 2 Workers for Young Generation
[2026-04-03T01:46:05.456+0600][31.401s][info][gc,phases   ] GC(14) y: Young Generation
[2026-04-03T01:46:05.457+0600][31.401s][info][gc,phases   ] GC(14) y: Pause Mark Start 0.036ms
[2026-04-03T01:46:05.885+0600][31.830s][info][gc,phases   ] GC(14) y: Concurrent Mark 427.908ms
[2026-04-03T01:46:05.885+0600][31.830s][info][gc,phases   ] GC(14) y: Pause Mark End 0.032ms
[2026-04-03T01:46:05.885+0600][31.830s][info][gc,phases   ] GC(14) y: Concurrent Mark Free 0.003ms
[2026-04-03T01:46:05.885+0600][31.830s][info][gc,phases   ] GC(14) y: Concurrent Reset Relocation Set 0.251ms
[2026-04-03T01:46:05.889+0600][31.834s][info][gc,reloc    ] GC(14) y: Using tenuring threshold: 2 (Computed)
[2026-04-03T01:46:05.930+0600][31.874s][info][gc,phases   ] GC(14) y: Concurrent Select Relocation Set 44.041ms
[2026-04-03T01:46:05.930+0600][31.875s][info][gc,phases   ] GC(14) y: Pause Relocate Start 0.113ms
[2026-04-03T01:46:06.123+0600][32.068s][info][gc,phases   ] GC(14) y: Concurrent Relocate 192.844ms
[2026-04-03T01:46:06.123+0600][32.068s][info][gc,alloc    ] GC(14) y:                         Mark Start        Mark End      Relocate Start    Relocate End   
[2026-04-03T01:46:06.123+0600][32.068s][info][gc,alloc    ] GC(14) y: Allocation Stalls:          0                0                0                0         
[2026-04-03T01:46:06.123+0600][32.068s][info][gc,load     ] GC(14) y: Load: 5.20 (43%) / 6.76 (56%) / 7.37 (61%)
[2026-04-03T01:46:06.123+0600][32.068s][info][gc,mmu      ] GC(14) y: MMU: 2ms/94.4%, 5ms/97.7%, 10ms/98.9%, 20ms/99.4%, 50ms/99.7%, 100ms/99.8%
[2026-04-03T01:46:06.123+0600][32.068s][info][gc,marking  ] GC(14) y: Mark: 2 stripe(s), 10 proactive flush(es), 1 terminate flush(es), 0 completion(s), 0 continuation(s) 
[2026-04-03T01:46:06.123+0600][32.068s][info][gc,marking  ] GC(14) y: Mark Stack Usage: 32M
[2026-04-03T01:46:06.123+0600][32.068s][info][gc,nmethod  ] GC(14) y: NMethods: 5429 registered, 0 unregistered
[2026-04-03T01:46:06.123+0600][32.068s][info][gc,metaspace] GC(14) y: Metaspace: 68M used, 69M committed, 1088M reserved
[2026-04-03T01:46:06.123+0600][32.068s][info][gc,reloc    ] GC(14) y:                        Candidates     Selected     In-Place         Size        Empty    Relocated 
[2026-04-03T01:46:06.123+0600][32.068s][info][gc,reloc    ] GC(14) y: Small Pages:                  235          163            0         470M          32M          47M 
[2026-04-03T01:46:06.123+0600][32.068s][info][gc,reloc    ] GC(14) y: Medium Pages:                   3            0            0          96M          64M           0M 
[2026-04-03T01:46:06.123+0600][32.068s][info][gc,reloc    ] GC(14) y: Large Pages:                   12            0            0          92M          36M           0M 
[2026-04-03T01:46:06.123+0600][32.068s][info][gc,reloc    ] GC(14) y: Forwarding Usage: 56M
[2026-04-03T01:46:06.123+0600][32.068s][info][gc,reloc    ] GC(14) y: Age Table:
[2026-04-03T01:46:06.123+0600][32.068s][info][gc,reloc    ] GC(14) y:                    Live             Garbage             Small              Medium             Large        
[2026-04-03T01:46:06.123+0600][32.068s][info][gc,reloc    ] GC(14) y: Eden             158M (4%)          461M (12%)        232 / 161            2 / 0             12 / 0        
[2026-04-03T01:46:06.123+0600][32.068s][info][gc,reloc    ] GC(14) y: Survivor 1         0M (0%)           37M (1%)           3 / 2              1 / 0              0 / 0        
[2026-04-03T01:46:06.123+0600][32.068s][info][gc,heap     ] GC(14) y: Min Capacity: 8M(0%)
[2026-04-03T01:46:06.124+0600][32.068s][info][gc,heap     ] GC(14) y: Max Capacity: 3922M(100%)
[2026-04-03T01:46:06.124+0600][32.068s][info][gc,heap     ] GC(14) y: Soft Max Capacity: 3529M(90%)
[2026-04-03T01:46:06.124+0600][32.068s][info][gc,heap     ] GC(14) y: Heap Statistics:
[2026-04-03T01:46:06.124+0600][32.068s][info][gc,heap     ] GC(14) y:                Mark Start          Mark End        Relocate Start      Relocate End           High               Low         
[2026-04-03T01:46:06.124+0600][32.068s][info][gc,heap     ] GC(14) y:  Capacity:     2934M (75%)        2966M (76%)        2966M (76%)        2966M (76%)        2966M (76%)        2934M (75%)    
[2026-04-03T01:46:06.124+0600][32.068s][info][gc,heap     ] GC(14) y:      Free:     2858M (73%)        2538M (65%)        2642M (67%)        2844M (73%)        2868M (73%)        2536M (65%)    
[2026-04-03T01:46:06.124+0600][32.068s][info][gc,heap     ] GC(14) y:      Used:     1064M (27%)        1384M (35%)        1280M (33%)        1078M (27%)        1386M (35%)        1054M (27%)    
[2026-04-03T01:46:06.124+0600][32.068s][info][gc,heap     ] GC(14) y: Young Generation Statistics:
[2026-04-03T01:46:06.124+0600][32.068s][info][gc,heap     ] GC(14) y:                Mark Start          Mark End        Relocate Start      Relocate End    
[2026-04-03T01:46:06.124+0600][32.068s][info][gc,heap     ] GC(14) y:      Used:      658M (17%)         978M (25%)         874M (22%)         672M (17%)    
[2026-04-03T01:46:06.124+0600][32.068s][info][gc,heap     ] GC(14) y:      Live:         -               158M (4%)          158M (4%)          158M (4%)     
[2026-04-03T01:46:06.124+0600][32.068s][info][gc,heap     ] GC(14) y:   Garbage:         -               499M (13%)         367M (9%)           27M (1%)     
[2026-04-03T01:46:06.124+0600][32.068s][info][gc,heap     ] GC(14) y: Allocated:         -               320M (8%)          348M (9%)          486M (12%)    
[2026-04-03T01:46:06.124+0600][32.069s][info][gc,heap     ] GC(14) y: Reclaimed:         -                  -               132M (3%)          472M (12%)    
[2026-04-03T01:46:06.124+0600][32.069s][info][gc,heap     ] GC(14) y:  Promoted:         -                  -                 0M (0%)            0M (0%)     
[2026-04-03T01:46:06.124+0600][32.069s][info][gc,heap     ] GC(14) y: Compacted:         -                  -                  -                85M (2%)     
[2026-04-03T01:46:06.124+0600][32.069s][info][gc,phases   ] GC(14) y: Young Generation 1064M(27%)->1078M(27%) 0.667s
[2026-04-03T01:46:06.124+0600][32.069s][info][gc          ] GC(14) Minor Collection (Allocation Rate) 1064M(27%)->1078M(27%) 0.668s
[2026-04-03T01:46:06.124+0600][32.069s][info][gc          ] GC(15) Minor Collection (Allocation Rate)
[2026-04-03T01:46:06.124+0600][32.069s][info][gc,task     ] GC(15) Using 2 Workers for Young Generation
[2026-04-03T01:46:06.124+0600][32.069s][info][gc,phases   ] GC(15) y: Young Generation
[2026-04-03T01:46:06.124+0600][32.069s][info][gc,phases   ] GC(15) y: Pause Mark Start 0.023ms
[2026-04-03T01:46:06.633+0600][32.578s][info][gc,phases   ] GC(15) y: Concurrent Mark 508.793ms
[2026-04-03T01:46:06.633+0600][32.578s][info][gc,phases   ] GC(15) y: Pause Mark End 0.064ms
[2026-04-03T01:46:06.633+0600][32.578s][info][gc,phases   ] GC(15) y: Concurrent Mark Free 0.003ms
[2026-04-03T01:46:06.633+0600][32.578s][info][gc,phases   ] GC(15) y: Concurrent Reset Relocation Set 0.028ms
[2026-04-03T01:46:06.636+0600][32.581s][info][gc,reloc    ] GC(15) y: Using tenuring threshold: 2 (Computed)
[2026-04-03T01:46:06.645+0600][32.590s][info][gc,phases   ] GC(15) y: Concurrent Select Relocation Set 11.219ms
[2026-04-03T01:46:06.645+0600][32.590s][info][gc,phases   ] GC(15) y: Pause Relocate Start 0.039ms
[2026-04-03T01:46:06.837+0600][32.781s][info][gc,phases   ] GC(15) y: Concurrent Relocate 191.242ms
[2026-04-03T01:46:06.837+0600][32.782s][info][gc,alloc    ] GC(15) y:                         Mark Start        Mark End      Relocate Start    Relocate End   
[2026-04-03T01:46:06.837+0600][32.782s][info][gc,alloc    ] GC(15) y: Allocation Stalls:          0                0                0                0         
[2026-04-03T01:46:06.837+0600][32.782s][info][gc,load     ] GC(15) y: Load: 5.20 (43%) / 6.76 (56%) / 7.37 (61%)
[2026-04-03T01:46:06.837+0600][32.782s][info][gc,mmu      ] GC(15) y: MMU: 2ms/94.4%, 5ms/97.7%, 10ms/98.9%, 20ms/99.4%, 50ms/99.7%, 100ms/99.8%
[2026-04-03T01:46:06.837+0600][32.782s][info][gc,marking  ] GC(15) y: Mark: 2 stripe(s), 10 proactive flush(es), 1 terminate flush(es), 0 completion(s), 0 continuation(s) 
[2026-04-03T01:46:06.837+0600][32.782s][info][gc,marking  ] GC(15) y: Mark Stack Usage: 32M
[2026-04-03T01:46:06.837+0600][32.782s][info][gc,nmethod  ] GC(15) y: NMethods: 5432 registered, 0 unregistered
[2026-04-03T01:46:06.837+0600][32.782s][info][gc,metaspace] GC(15) y: Metaspace: 68M used, 69M committed, 1088M reserved
[2026-04-03T01:46:06.837+0600][32.782s][info][gc,reloc    ] GC(15) y:                        Candidates     Selected     In-Place         Size        Empty    Relocated 
[2026-04-03T01:46:06.837+0600][32.782s][info][gc,reloc    ] GC(15) y: Small Pages:                  262          194            0         524M           0M          46M 
[2026-04-03T01:46:06.837+0600][32.782s][info][gc,reloc    ] GC(15) y: Medium Pages:                   2            1            0          64M           0M           9M 
[2026-04-03T01:46:06.837+0600][32.782s][info][gc,reloc    ] GC(15) y: Large Pages:                   10            0            0          84M          36M           0M 
[2026-04-03T01:46:06.837+0600][32.782s][info][gc,reloc    ] GC(15) y: Forwarding Usage: 55M
[2026-04-03T01:46:06.837+0600][32.782s][info][gc,reloc    ] GC(15) y: Age Table:
[2026-04-03T01:46:06.837+0600][32.782s][info][gc,reloc    ] GC(15) y:                    Live             Garbage             Small              Medium             Large        
[2026-04-03T01:46:06.837+0600][32.782s][info][gc,reloc    ] GC(15) y: Eden              82M (2%)          393M (10%)        208 / 178            1 / 0              4 / 0        
[2026-04-03T01:46:06.837+0600][32.782s][info][gc,reloc    ] GC(15) y: Survivor 1        99M (3%)           92M (2%)          52 / 15             1 / 1              6 / 0        
[2026-04-03T01:46:06.837+0600][32.782s][info][gc,reloc    ] GC(15) y: Survivor 2         0M (0%)            3M (0%)           2 / 1              0 / 0              0 / 0        
[2026-04-03T01:46:06.837+0600][32.782s][info][gc,heap     ] GC(15) y: Min Capacity: 8M(0%)
[2026-04-03T01:46:06.837+0600][32.782s][info][gc,heap     ] GC(15) y: Max Capacity: 3922M(100%)
[2026-04-03T01:46:06.837+0600][32.782s][info][gc,heap     ] GC(15) y: Soft Max Capacity: 3529M(90%)
[2026-04-03T01:46:06.837+0600][32.782s][info][gc,heap     ] GC(15) y: Heap Statistics:
[2026-04-03T01:46:06.837+0600][32.782s][info][gc,heap     ] GC(15) y:                Mark Start          Mark End        Relocate Start      Relocate End           High               Low         
[2026-04-03T01:46:06.837+0600][32.782s][info][gc,heap     ] GC(15) y:  Capacity:     2966M (76%)        2966M (76%)        2966M (76%)        2998M (76%)        2998M (76%)        2966M (76%)    
[2026-04-03T01:46:06.837+0600][32.782s][info][gc,heap     ] GC(15) y:      Free:     2844M (73%)        2460M (63%)        2492M (64%)        2768M (71%)        2844M (73%)        2418M (62%)    
[2026-04-03T01:46:06.837+0600][32.782s][info][gc,heap     ] GC(15) y:      Used:     1078M (27%)        1462M (37%)        1430M (36%)        1154M (29%)        1504M (38%)        1078M (27%)    
[2026-04-03T01:46:06.837+0600][32.782s][info][gc,heap     ] GC(15) y: Young Generation Statistics:
[2026-04-03T01:46:06.837+0600][32.782s][info][gc,heap     ] GC(15) y:                Mark Start          Mark End        Relocate Start      Relocate End    
[2026-04-03T01:46:06.837+0600][32.782s][info][gc,heap     ] GC(15) y:      Used:      672M (17%)        1056M (27%)        1024M (26%)         746M (19%)    
[2026-04-03T01:46:06.837+0600][32.782s][info][gc,heap     ] GC(15) y:      Live:         -               181M (5%)          181M (5%)          181M (5%)     
[2026-04-03T01:46:06.837+0600][32.782s][info][gc,heap     ] GC(15) y:   Garbage:         -               490M (13%)         454M (12%)           1M (0%)     
[2026-04-03T01:46:06.837+0600][32.782s][info][gc,heap     ] GC(15) y: Allocated:         -               384M (10%)         388M (10%)         563M (14%)    
[2026-04-03T01:46:06.837+0600][32.782s][info][gc,heap     ] GC(15) y: Reclaimed:         -                  -                36M (1%)          489M (12%)    
[2026-04-03T01:46:06.837+0600][32.782s][info][gc,heap     ] GC(15) y:  Promoted:         -                  -                 0M (0%)            0M (0%)     
[2026-04-03T01:46:06.837+0600][32.782s][info][gc,heap     ] GC(15) y: Compacted:         -                  -                  -                84M (2%)     
[2026-04-03T01:46:06.837+0600][32.782s][info][gc,phases   ] GC(15) y: Young Generation 1078M(27%)->1154M(29%) 0.713s
[2026-04-03T01:46:06.837+0600][32.782s][info][gc          ] GC(15) Minor Collection (Allocation Rate) 1078M(27%)->1154M(29%) 0.714s
[2026-04-03T01:46:06.838+0600][32.782s][info][gc          ] GC(16) Minor Collection (Allocation Rate)
[2026-04-03T01:46:06.838+0600][32.782s][info][gc,task     ] GC(16) Using 2 Workers for Young Generation
[2026-04-03T01:46:06.838+0600][32.782s][info][gc,phases   ] GC(16) y: Young Generation
[2026-04-03T01:46:06.838+0600][32.783s][info][gc,phases   ] GC(16) y: Pause Mark Start 0.041ms
[2026-04-03T01:46:07.586+0600][33.531s][info][gc,phases   ] GC(16) y: Concurrent Mark 748.149ms
[2026-04-03T01:46:07.587+0600][33.532s][info][gc,phases   ] GC(16) y: Pause Mark End 0.037ms
[2026-04-03T01:46:07.587+0600][33.532s][info][gc,phases   ] GC(16) y: Concurrent Mark Free 0.003ms
[2026-04-03T01:46:07.587+0600][33.532s][info][gc,phases   ] GC(16) y: Concurrent Reset Relocation Set 0.077ms
[2026-04-03T01:46:07.595+0600][33.540s][info][gc,reloc    ] GC(16) y: Using tenuring threshold: 1 (Computed)
[2026-04-03T01:46:07.757+0600][33.702s][info][gc,phases   ] GC(16) y: Concurrent Select Relocation Set 170.132ms
[2026-04-03T01:46:07.758+0600][33.703s][info][gc,phases   ] GC(16) y: Pause Relocate Start 0.036ms
[2026-04-03T01:46:08.162+0600][34.107s][info][gc,phases   ] GC(16) y: Concurrent Relocate 403.962ms
[2026-04-03T01:46:08.162+0600][34.107s][info][gc,alloc    ] GC(16) y:                         Mark Start        Mark End      Relocate Start    Relocate End   
[2026-04-03T01:46:08.162+0600][34.107s][info][gc,alloc    ] GC(16) y: Allocation Stalls:          0                0                0                0         
[2026-04-03T01:46:08.162+0600][34.107s][info][gc,load     ] GC(16) y: Load: 5.20 (43%) / 6.76 (56%) / 7.37 (61%)
[2026-04-03T01:46:08.162+0600][34.107s][info][gc,mmu      ] GC(16) y: MMU: 2ms/94.4%, 5ms/97.7%, 10ms/98.9%, 20ms/99.4%, 50ms/99.7%, 100ms/99.8%
[2026-04-03T01:46:08.162+0600][34.107s][info][gc,marking  ] GC(16) y: Mark: 2 stripe(s), 3 proactive flush(es), 1 terminate flush(es), 0 completion(s), 0 continuation(s) 
[2026-04-03T01:46:08.162+0600][34.107s][info][gc,marking  ] GC(16) y: Mark Stack Usage: 32M
[2026-04-03T01:46:08.162+0600][34.107s][info][gc,nmethod  ] GC(16) y: NMethods: 5433 registered, 0 unregistered
[2026-04-03T01:46:08.162+0600][34.107s][info][gc,metaspace] GC(16) y: Metaspace: 68M used, 69M committed, 1088M reserved
[2026-04-03T01:46:08.162+0600][34.107s][info][gc,reloc    ] GC(16) y:                        Candidates     Selected     In-Place         Size        Empty    Relocated 
[2026-04-03T01:46:08.162+0600][34.107s][info][gc,reloc    ] GC(16) y: Small Pages:                  302          221            0         604M           0M          31M 
[2026-04-03T01:46:08.162+0600][34.107s][info][gc,reloc    ] GC(16) y: Medium Pages:                   2            0            0          64M          32M           0M 
[2026-04-03T01:46:08.162+0600][34.107s][info][gc,reloc    ] GC(16) y: Large Pages:                    9            0            0          78M          18M           0M 
[2026-04-03T01:46:08.162+0600][34.107s][info][gc,reloc    ] GC(16) y: Forwarding Usage: 31M
[2026-04-03T01:46:08.162+0600][34.107s][info][gc,reloc    ] GC(16) y: Age Table:
[2026-04-03T01:46:08.162+0600][34.107s][info][gc,reloc    ] GC(16) y:                    Live             Garbage             Small              Medium             Large        
[2026-04-03T01:46:08.162+0600][34.107s][info][gc,reloc    ] GC(16) y: Eden              62M (2%)          437M (11%)        235 / 216            0 / 0              3 / 0        
[2026-04-03T01:46:08.162+0600][34.107s][info][gc,reloc    ] GC(16) y: Survivor 1        58M (1%)           57M (1%)          28 / 2              1 / 0              4 / 0        
[2026-04-03T01:46:08.162+0600][34.107s][info][gc,reloc    ] GC(16) y: Survivor 2        99M (3%)           30M (1%)          39 / 3              1 / 0              2 / 0        
[2026-04-03T01:46:08.162+0600][34.107s][info][gc,heap     ] GC(16) y: Min Capacity: 8M(0%)
[2026-04-03T01:46:08.162+0600][34.107s][info][gc,heap     ] GC(16) y: Max Capacity: 3922M(100%)
[2026-04-03T01:46:08.162+0600][34.107s][info][gc,heap     ] GC(16) y: Soft Max Capacity: 3529M(90%)
[2026-04-03T01:46:08.163+0600][34.107s][info][gc,heap     ] GC(16) y: Heap Statistics:
[2026-04-03T01:46:08.163+0600][34.107s][info][gc,heap     ] GC(16) y:                Mark Start          Mark End        Relocate Start      Relocate End           High               Low         
[2026-04-03T01:46:08.163+0600][34.107s][info][gc,heap     ] GC(16) y:  Capacity:     2998M (76%)        2998M (76%)        2998M (76%)        3030M (77%)        3030M (77%)        2998M (76%)    
[2026-04-03T01:46:08.163+0600][34.107s][info][gc,heap     ] GC(16) y:      Free:     2768M (71%)        2212M (56%)        2134M (54%)        2412M (61%)        2768M (71%)        2114M (54%)    
[2026-04-03T01:46:08.163+0600][34.107s][info][gc,heap     ] GC(16) y:      Used:     1154M (29%)        1710M (44%)        1788M (46%)        1510M (39%)        1808M (46%)        1154M (29%)    
[2026-04-03T01:46:08.163+0600][34.107s][info][gc,heap     ] GC(16) y: Young Generation Statistics:
[2026-04-03T01:46:08.163+0600][34.107s][info][gc,heap     ] GC(16) y:                Mark Start          Mark End        Relocate Start      Relocate End    
[2026-04-03T01:46:08.163+0600][34.107s][info][gc,heap     ] GC(16) y:      Used:      746M (19%)        1302M (33%)        1196M (30%)         906M (23%)    
[2026-04-03T01:46:08.163+0600][34.107s][info][gc,heap     ] GC(16) y:      Live:         -               219M (6%)           64M (2%)           62M (2%)     
[2026-04-03T01:46:08.163+0600][34.107s][info][gc,heap     ] GC(16) y:   Garbage:         -               526M (13%)         447M (11%)           0M (0%)     
[2026-04-03T01:46:08.163+0600][34.107s][info][gc,heap     ] GC(16) y: Allocated:         -               556M (14%)         684M (17%)         843M (22%)    
[2026-04-03T01:46:08.163+0600][34.108s][info][gc,heap     ] GC(16) y: Reclaimed:         -                  -                79M (2%)          526M (13%)    
[2026-04-03T01:46:08.163+0600][34.108s][info][gc,heap     ] GC(16) y:  Promoted:         -                  -               154M (4%)          157M (4%)     
[2026-04-03T01:46:08.163+0600][34.108s][info][gc,heap     ] GC(16) y: Compacted:         -                  -                  -                32M (1%)     
[2026-04-03T01:46:08.163+0600][34.108s][info][gc,phases   ] GC(16) y: Young Generation 1154M(29%)->1510M(39%) 1.325s
[2026-04-03T01:46:08.163+0600][34.108s][info][gc          ] GC(16) Minor Collection (Allocation Rate) 1154M(29%)->1510M(39%) 1.325s
[2026-04-03T01:46:08.163+0600][34.108s][info][gc,task     ] GC(12) O: Using 3 Workers for Old Generation
[2026-04-03T01:46:08.193+0600][34.138s][info][gc,task     ] GC(12) O: Using 1 Workers for Old Generation
[2026-04-03T01:46:08.193+0600][34.138s][info][gc,phases   ] GC(12) O: Concurrent Remap Roots 30.499ms
[2026-04-03T01:46:08.194+0600][34.139s][info][gc,phases   ] GC(12) O: Pause Relocate Start 0.099ms
[2026-04-03T01:46:08.194+0600][34.139s][info][gc          ] GC(17) Minor Collection (Allocation Rate)
[2026-04-03T01:46:08.194+0600][34.139s][info][gc,task     ] GC(17) Using 2 Workers for Young Generation
[2026-04-03T01:46:08.194+0600][34.139s][info][gc,phases   ] GC(17) y: Young Generation
[2026-04-03T01:46:08.195+0600][34.139s][info][gc,phases   ] GC(17) y: Pause Mark Start 0.024ms
[2026-04-03T01:46:08.200+0600][34.145s][info][gc,phases   ] GC(12) O: Concurrent Relocate 5.867ms
[2026-04-03T01:46:08.873+0600][34.818s][info][gc,phases   ] GC(17) y: Concurrent Mark 678.184ms
[2026-04-03T01:46:08.873+0600][34.818s][info][gc,phases   ] GC(17) y: Pause Mark End 0.098ms
[2026-04-03T01:46:08.873+0600][34.818s][info][gc,phases   ] GC(17) y: Concurrent Mark Free 0.003ms
[2026-04-03T01:46:08.874+0600][34.819s][info][gc,phases   ] GC(17) y: Concurrent Reset Relocation Set 0.253ms
[2026-04-03T01:46:08.881+0600][34.826s][info][gc,reloc    ] GC(17) y: Using tenuring threshold: 2 (Computed)
[2026-04-03T01:46:08.896+0600][34.841s][info][gc,phases   ] GC(17) y: Concurrent Select Relocation Set 21.919ms
[2026-04-03T01:46:08.896+0600][34.841s][info][gc,phases   ] GC(17) y: Pause Relocate Start 0.036ms
[2026-04-03T01:46:09.057+0600][35.001s][info][gc,phases   ] GC(17) y: Concurrent Relocate 160.272ms
[2026-04-03T01:46:09.057+0600][35.002s][info][gc,alloc    ] GC(17) y:                         Mark Start        Mark End      Relocate Start    Relocate End   
[2026-04-03T01:46:09.057+0600][35.002s][info][gc,alloc    ] GC(17) y: Allocation Stalls:          0                0                0                0         
[2026-04-03T01:46:09.057+0600][35.002s][info][gc,load     ] GC(17) y: Load: 5.20 (43%) / 6.76 (56%) / 7.37 (61%)
[2026-04-03T01:46:09.057+0600][35.002s][info][gc,mmu      ] GC(17) y: MMU: 2ms/93.8%, 5ms/97.5%, 10ms/98.8%, 20ms/99.4%, 50ms/99.7%, 100ms/99.8%
[2026-04-03T01:46:09.057+0600][35.002s][info][gc,marking  ] GC(17) y: Mark: 2 stripe(s), 2 proactive flush(es), 1 terminate flush(es), 0 completion(s), 0 continuation(s) 
[2026-04-03T01:46:09.057+0600][35.002s][info][gc,marking  ] GC(17) y: Mark Stack Usage: 32M
[2026-04-03T01:46:09.057+0600][35.002s][info][gc,nmethod  ] GC(17) y: NMethods: 5442 registered, 0 unregistered
[2026-04-03T01:46:09.057+0600][35.002s][info][gc,metaspace] GC(17) y: Metaspace: 68M used, 69M committed, 1088M reserved
[2026-04-03T01:46:09.057+0600][35.002s][info][gc,reloc    ] GC(17) y:                        Candidates     Selected     In-Place         Size        Empty    Relocated 
[2026-04-03T01:46:09.057+0600][35.002s][info][gc,reloc    ] GC(17) y: Small Pages:                  395          358            0         790M           0M          38M 
[2026-04-03T01:46:09.057+0600][35.002s][info][gc,reloc    ] GC(17) y: Medium Pages:                   1            0            0          32M           0M           0M 
[2026-04-03T01:46:09.057+0600][35.002s][info][gc,reloc    ] GC(17) y: Large Pages:                    6            0            0          84M          20M           0M 
[2026-04-03T01:46:09.057+0600][35.002s][info][gc,reloc    ] GC(17) y: Forwarding Usage: 42M
[2026-04-03T01:46:09.057+0600][35.002s][info][gc,reloc    ] GC(17) y: Age Table:
[2026-04-03T01:46:09.057+0600][35.002s][info][gc,reloc    ] GC(17) y:                    Live             Garbage             Small              Medium             Large        
[2026-04-03T01:46:09.057+0600][35.002s][info][gc,reloc    ] GC(17) y: Eden              93M (2%)          742M (19%)        375 / 353            1 / 0              3 / 0        
[2026-04-03T01:46:09.057+0600][35.002s][info][gc,reloc    ] GC(17) y: Survivor 1        34M (1%)           35M (1%)          20 / 5              0 / 0              3 / 0        
[2026-04-03T01:46:09.057+0600][35.002s][info][gc,heap     ] GC(17) y: Min Capacity: 8M(0%)
[2026-04-03T01:46:09.057+0600][35.002s][info][gc,heap     ] GC(17) y: Max Capacity: 3922M(100%)
[2026-04-03T01:46:09.057+0600][35.002s][info][gc,heap     ] GC(17) y: Soft Max Capacity: 3529M(90%)
[2026-04-03T01:46:09.057+0600][35.002s][info][gc,heap     ] GC(17) y: Heap Statistics:
[2026-04-03T01:46:09.057+0600][35.002s][info][gc,heap     ] GC(17) y:                Mark Start          Mark End        Relocate Start      Relocate End           High               Low         
[2026-04-03T01:46:09.057+0600][35.002s][info][gc,heap     ] GC(17) y:  Capacity:     3030M (77%)        3062M (78%)        3062M (78%)        3062M (78%)        3062M (78%)        3030M (77%)    
[2026-04-03T01:46:09.057+0600][35.002s][info][gc,heap     ] GC(17) y:      Free:     2420M (62%)        2328M (59%)        2348M (60%)        3058M (78%)        3058M (78%)        2328M (59%)    
[2026-04-03T01:46:09.057+0600][35.002s][info][gc,heap     ] GC(17) y:      Used:     1502M (38%)        1594M (41%)        1574M (40%)         864M (22%)        1594M (41%)         864M (22%)    
[2026-04-03T01:46:09.057+0600][35.002s][info][gc,heap     ] GC(17) y: Young Generation Statistics:
[2026-04-03T01:46:09.057+0600][35.002s][info][gc,heap     ] GC(17) y:                Mark Start          Mark End        Relocate Start      Relocate End    
[2026-04-03T01:46:09.057+0600][35.002s][info][gc,heap     ] GC(17) y:      Used:      906M (23%)        1006M (26%)         986M (25%)         276M (7%)     
[2026-04-03T01:46:09.057+0600][35.002s][info][gc,heap     ] GC(17) y:      Live:         -               127M (3%)          127M (3%)          127M (3%)     
[2026-04-03T01:46:09.057+0600][35.002s][info][gc,heap     ] GC(17) y:   Garbage:         -               778M (20%)         758M (19%)          36M (1%)     
[2026-04-03T01:46:09.057+0600][35.002s][info][gc,heap     ] GC(17) y: Allocated:         -               100M (3%)          100M (3%)          112M (3%)     
[2026-04-03T01:46:09.057+0600][35.002s][info][gc,heap     ] GC(17) y: Reclaimed:         -                  -                20M (1%)          742M (19%)    
[2026-04-03T01:46:09.057+0600][35.002s][info][gc,heap     ] GC(17) y:  Promoted:         -                  -                 0M (0%)            0M (0%)     
[2026-04-03T01:46:09.057+0600][35.002s][info][gc,heap     ] GC(17) y: Compacted:         -                  -                  -                41M (1%)     
[2026-04-03T01:46:09.057+0600][35.002s][info][gc,phases   ] GC(17) y: Young Generation 1512M(39%)->864M(22%) 0.862s
[2026-04-03T01:46:09.057+0600][35.002s][info][gc          ] GC(17) Minor Collection (Allocation Rate) 1510M(39%)->864M(22%) 0.863s
[2026-04-03T01:46:09.057+0600][35.002s][info][gc,alloc    ] GC(12) O:                         Mark Start        Mark End      Relocate Start    Relocate End   
[2026-04-03T01:46:09.058+0600][35.002s][info][gc,alloc    ] GC(12) O: Allocation Stalls:          0                0                0                0         
[2026-04-03T01:46:09.058+0600][35.002s][info][gc,load     ] GC(12) O: Load: 5.20 (43%) / 6.76 (56%) / 7.37 (61%)
[2026-04-03T01:46:09.058+0600][35.003s][info][gc,mmu      ] GC(12) O: MMU: 2ms/93.8%, 5ms/97.5%, 10ms/98.8%, 20ms/99.4%, 50ms/99.7%, 100ms/99.8%
[2026-04-03T01:46:09.058+0600][35.003s][info][gc,marking  ] GC(12) O: Mark: 1 stripe(s), 2 proactive flush(es), 1 terminate flush(es), 0 completion(s), 0 continuation(s) 
[2026-04-03T01:46:09.058+0600][35.003s][info][gc,marking  ] GC(12) O: Mark Stack Usage: 32M
[2026-04-03T01:46:09.058+0600][35.003s][info][gc,nmethod  ] GC(12) O: NMethods: 5442 registered, 0 unregistered
[2026-04-03T01:46:09.058+0600][35.003s][info][gc,metaspace] GC(12) O: Metaspace: 68M used, 69M committed, 1088M reserved
[2026-04-03T01:46:09.058+0600][35.003s][info][gc,ref      ] GC(12) O:                       Encountered   Discovered     Enqueued 
[2026-04-03T01:46:09.058+0600][35.003s][info][gc,ref      ] GC(12) O: Soft References:             5000            0            0 
[2026-04-03T01:46:09.058+0600][35.003s][info][gc,ref      ] GC(12) O: Weak References:             7175         3924          753 
[2026-04-03T01:46:09.058+0600][35.003s][info][gc,ref      ] GC(12) O: Final References:              82            0            0 
[2026-04-03T01:46:09.058+0600][35.003s][info][gc,ref      ] GC(12) O: Phantom References:           594          214            1 
[2026-04-03T01:46:09.058+0600][35.003s][info][gc,reloc    ] GC(12) O:                        Candidates     Selected     In-Place         Size        Empty    Relocated 
[2026-04-03T01:46:09.058+0600][35.003s][info][gc,reloc    ] GC(12) O: Small Pages:                   26            8            0          52M           0M           1M 
[2026-04-03T01:46:09.058+0600][35.003s][info][gc,reloc    ] GC(12) O: Medium Pages:                   1            0            0          32M           0M           0M 
[2026-04-03T01:46:09.058+0600][35.003s][info][gc,reloc    ] GC(12) O: Large Pages:                    0            0            0           0M           0M           0M 
[2026-04-03T01:46:09.058+0600][35.003s][info][gc,reloc    ] GC(12) O: Forwarding Usage: 0M
[2026-04-03T01:46:09.058+0600][35.003s][info][gc,heap     ] GC(12) O: Min Capacity: 8M(0%)
[2026-04-03T01:46:09.058+0600][35.003s][info][gc,heap     ] GC(12) O: Max Capacity: 3922M(100%)
[2026-04-03T01:46:09.058+0600][35.003s][info][gc,heap     ] GC(12) O: Soft Max Capacity: 3529M(90%)
[2026-04-03T01:46:09.058+0600][35.003s][info][gc,heap     ] GC(12) O: Heap Statistics:
[2026-04-03T01:46:09.058+0600][35.003s][info][gc,heap     ] GC(12) O:                Mark Start          Mark End        Relocate Start      Relocate End           High               Low         
[2026-04-03T01:46:09.058+0600][35.003s][info][gc,heap     ] GC(12) O:  Capacity:     2806M (72%)        2870M (73%)        3030M (77%)        3030M (77%)        3030M (77%)        2806M (72%)    
[2026-04-03T01:46:09.058+0600][35.003s][info][gc,heap     ] GC(12) O:      Free:     1896M (48%)        3440M (88%)        2412M (61%)        2428M (62%)        3442M (88%)        1812M (46%)    
[2026-04-03T01:46:09.058+0600][35.003s][info][gc,heap     ] GC(12) O:      Used:     2026M (52%)         482M (12%)        1510M (39%)        1494M (38%)        2110M (54%)         480M (12%)    
[2026-04-03T01:46:09.058+0600][35.003s][info][gc,heap     ] GC(12) O: Old Generation Statistics:
[2026-04-03T01:46:09.058+0600][35.003s][info][gc,heap     ] GC(12) O:                Mark Start          Mark End        Relocate Start      Relocate End    
[2026-04-03T01:46:09.058+0600][35.003s][info][gc,heap     ] GC(12) O:      Used:       84M (2%)           84M (2%)          604M (15%)         588M (15%)    
[2026-04-03T01:46:09.058+0600][35.003s][info][gc,heap     ] GC(12) O:      Live:         -                36M (1%)           36M (1%)           36M (1%)     
[2026-04-03T01:46:09.058+0600][35.003s][info][gc,heap     ] GC(12) O:   Garbage:         -                47M (1%)           47M (1%)           30M (1%)     
[2026-04-03T01:46:09.058+0600][35.003s][info][gc,heap     ] GC(12) O: Allocated:         -                 0M (0%)          520M (13%)         520M (13%)    
[2026-04-03T01:46:09.058+0600][35.003s][info][gc,heap     ] GC(12) O: Reclaimed:         -                  -                 0M (0%)           16M (0%)     
[2026-04-03T01:46:09.058+0600][35.003s][info][gc,heap     ] GC(12) O: Compacted:         -                  -                  -                 1M (0%)     
[2026-04-03T01:46:09.058+0600][35.003s][info][gc,phases   ] GC(12) O: Old Generation 480M(12%)->1494M(38%) 5.790s
[2026-04-03T01:46:09.058+0600][35.003s][info][gc          ] GC(12) Major Collection (Allocation Rate) 2026M(52%)->864M(22%) 7.190s
[2026-04-03T01:46:12.651+0600][38.596s][info][gc          ] GC(18) Major Collection (Allocation Rate)
[2026-04-03T01:46:12.651+0600][38.596s][info][gc,task     ] GC(18) Using 2 Workers for Young Generation
[2026-04-03T01:46:12.651+0600][38.596s][info][gc,task     ] GC(18) Using 1 Workers for Old Generation
[2026-04-03T01:46:12.651+0600][38.596s][info][gc,phases   ] GC(18) Y: Young Generation
[2026-04-03T01:46:12.678+0600][38.623s][info][gc,phases   ] GC(18) Y: Pause Mark Start (Major) 0.034ms
[2026-04-03T01:46:13.253+0600][39.198s][info][gc,phases   ] GC(18) Y: Concurrent Mark 574.832ms
[2026-04-03T01:46:13.253+0600][39.198s][info][gc,phases   ] GC(18) Y: Pause Mark End 0.025ms
[2026-04-03T01:46:13.253+0600][39.198s][info][gc,phases   ] GC(18) Y: Concurrent Mark Free 0.001ms
[2026-04-03T01:46:13.254+0600][39.198s][info][gc,phases   ] GC(18) Y: Concurrent Reset Relocation Set 0.065ms
[2026-04-03T01:46:13.259+0600][39.204s][info][gc,reloc    ] GC(18) Y: Using tenuring threshold: 1 (Computed)
[2026-04-03T01:46:13.350+0600][39.295s][info][gc,phases   ] GC(18) Y: Concurrent Select Relocation Set 96.548ms
[2026-04-03T01:46:13.351+0600][39.295s][info][gc,phases   ] GC(18) Y: Pause Relocate Start 0.024ms
[2026-04-03T01:46:13.624+0600][39.569s][info][gc,phases   ] GC(18) Y: Concurrent Relocate 273.653ms
[2026-04-03T01:46:13.624+0600][39.569s][info][gc,alloc    ] GC(18) Y:                         Mark Start        Mark End      Relocate Start    Relocate End   
[2026-04-03T01:46:13.624+0600][39.569s][info][gc,alloc    ] GC(18) Y: Allocation Stalls:          0                0                0                0         
[2026-04-03T01:46:13.624+0600][39.569s][info][gc,load     ] GC(18) Y: Load: 5.10 (43%) / 6.71 (56%) / 7.35 (61%)
[2026-04-03T01:46:13.624+0600][39.569s][info][gc,mmu      ] GC(18) Y: MMU: 2ms/93.8%, 5ms/97.5%, 10ms/98.8%, 20ms/99.4%, 50ms/99.7%, 100ms/99.8%
[2026-04-03T01:46:13.624+0600][39.569s][info][gc,marking  ] GC(18) Y: Mark: 2 stripe(s), 2 proactive flush(es), 1 terminate flush(es), 0 completion(s), 0 continuation(s) 
[2026-04-03T01:46:13.624+0600][39.569s][info][gc,marking  ] GC(18) Y: Mark Stack Usage: 32M
[2026-04-03T01:46:13.624+0600][39.569s][info][gc,nmethod  ] GC(18) Y: NMethods: 6192 registered, 0 unregistered
[2026-04-03T01:46:13.625+0600][39.569s][info][gc,metaspace] GC(18) Y: Metaspace: 69M used, 70M committed, 1088M reserved
[2026-04-03T01:46:13.625+0600][39.569s][info][gc,reloc    ] GC(18) Y:                        Candidates     Selected     In-Place         Size        Empty    Relocated 
[2026-04-03T01:46:13.625+0600][39.569s][info][gc,reloc    ] GC(18) Y: Small Pages:                  532          105            0        1064M         770M          13M 
[2026-04-03T01:46:13.625+0600][39.569s][info][gc,reloc    ] GC(18) Y: Medium Pages:                   4            0            0         128M          96M           0M 
[2026-04-03T01:46:13.625+0600][39.569s][info][gc,reloc    ] GC(18) Y: Large Pages:                   25            0            0         226M         162M           0M 
[2026-04-03T01:46:13.625+0600][39.569s][info][gc,reloc    ] GC(18) Y: Forwarding Usage: 17M
[2026-04-03T01:46:13.625+0600][39.569s][info][gc,reloc    ] GC(18) Y: Age Table:
[2026-04-03T01:46:13.625+0600][39.569s][info][gc,reloc    ] GC(18) Y:                    Live             Garbage             Small              Medium             Large        
[2026-04-03T01:46:13.625+0600][39.569s][info][gc,reloc    ] GC(18) Y: Eden              24M (1%)         1217M (31%)        492 / 99             3 / 0             21 / 0        
[2026-04-03T01:46:13.625+0600][39.569s][info][gc,reloc    ] GC(18) Y: Survivor 1        89M (2%)           40M (1%)          22 / 2              1 / 0              3 / 0        
[2026-04-03T01:46:13.625+0600][39.569s][info][gc,reloc    ] GC(18) Y: Survivor 2        24M (1%)           21M (1%)          18 / 4              0 / 0              1 / 0        
[2026-04-03T01:46:13.625+0600][39.569s][info][gc,heap     ] GC(18) Y: Min Capacity: 8M(0%)
[2026-04-03T01:46:13.625+0600][39.569s][info][gc,heap     ] GC(18) Y: Max Capacity: 3922M(100%)
[2026-04-03T01:46:13.625+0600][39.569s][info][gc,heap     ] GC(18) Y: Soft Max Capacity: 3529M(90%)
[2026-04-03T01:46:13.625+0600][39.569s][info][gc,heap     ] GC(18) Y: Heap Statistics:
[2026-04-03T01:46:13.625+0600][39.569s][info][gc,heap     ] GC(18) Y:                Mark Start          Mark End        Relocate Start      Relocate End           High               Low         
[2026-04-03T01:46:13.625+0600][39.569s][info][gc,heap     ] GC(18) Y:  Capacity:     3188M (81%)        3188M (81%)        3188M (81%)        3188M (81%)        3188M (81%)        3188M (81%)    
[2026-04-03T01:46:13.625+0600][39.570s][info][gc,heap     ] GC(18) Y:      Free:     1916M (49%)        1760M (45%)        2740M (70%)        2676M (68%)        2898M (74%)        1760M (45%)    
[2026-04-03T01:46:13.625+0600][39.570s][info][gc,heap     ] GC(18) Y:      Used:     2006M (51%)        2162M (55%)        1182M (30%)        1246M (32%)        2162M (55%)        1024M (26%)    
[2026-04-03T01:46:13.625+0600][39.570s][info][gc,heap     ] GC(18) Y: Young Generation Statistics:
[2026-04-03T01:46:13.625+0600][39.570s][info][gc,heap     ] GC(18) Y:                Mark Start          Mark End        Relocate Start      Relocate End    
[2026-04-03T01:46:13.625+0600][39.570s][info][gc,heap     ] GC(18) Y:      Used:     1418M (36%)        1574M (40%)         478M (12%)         534M (14%)    
[2026-04-03T01:46:13.625+0600][39.570s][info][gc,heap     ] GC(18) Y:      Live:         -               138M (4%)           31M (1%)           24M (1%)     
[2026-04-03T01:46:13.625+0600][39.570s][info][gc,heap     ] GC(18) Y:   Garbage:         -              1279M (33%)         242M (6%)           29M (1%)     
[2026-04-03T01:46:13.625+0600][39.570s][info][gc,heap     ] GC(18) Y: Allocated:         -               156M (4%)          204M (5%)          479M (12%)    
[2026-04-03T01:46:13.625+0600][39.570s][info][gc,heap     ] GC(18) Y: Reclaimed:         -                  -              1036M (26%)        1249M (32%)    
[2026-04-03T01:46:13.625+0600][39.570s][info][gc,heap     ] GC(18) Y:  Promoted:         -                  -               107M (3%)          114M (3%)     
[2026-04-03T01:46:13.625+0600][39.570s][info][gc,heap     ] GC(18) Y: Compacted:         -                  -                  -                12M (0%)     
[2026-04-03T01:46:13.625+0600][39.570s][info][gc,phases   ] GC(18) Y: Young Generation 2038M(52%)->1246M(32%) 0.973s
[2026-04-03T01:46:13.625+0600][39.570s][info][gc,phases   ] GC(18) O: Old Generation
[2026-04-03T01:46:14.675+0600][40.620s][info][gc,phases   ] GC(18) O: Concurrent Mark 1050.371ms
[2026-04-03T01:46:14.676+0600][40.620s][info][gc,phases   ] GC(18) O: Pause Mark End 0.036ms
[2026-04-03T01:46:14.676+0600][40.621s][info][gc,phases   ] GC(18) O: Concurrent Mark Free 0.004ms
[2026-04-03T01:46:14.726+0600][40.671s][info][gc,phases   ] GC(18) O: Concurrent Process Non-Strong 50.764ms
[2026-04-03T01:46:14.727+0600][40.672s][info][gc,phases   ] GC(18) O: Concurrent Reset Relocation Set 0.006ms
[2026-04-03T01:46:14.790+0600][40.735s][info][gc,phases   ] GC(18) O: Concurrent Select Relocation Set 63.267ms
[2026-04-03T01:46:14.790+0600][40.735s][info][gc,task     ] GC(18) O: Using 3 Workers for Old Generation
[2026-04-03T01:46:14.825+0600][40.770s][info][gc,task     ] GC(18) O: Using 1 Workers for Old Generation
[2026-04-03T01:46:14.825+0600][40.770s][info][gc,phases   ] GC(18) O: Concurrent Remap Roots 34.695ms
[2026-04-03T01:46:14.825+0600][40.770s][info][gc,phases   ] GC(18) O: Pause Relocate Start 0.039ms
[2026-04-03T01:46:15.193+0600][41.138s][info][gc,phases   ] GC(18) O: Concurrent Relocate 367.871ms
[2026-04-03T01:46:15.193+0600][41.138s][info][gc,alloc    ] GC(18) O:                         Mark Start        Mark End      Relocate Start    Relocate End   
[2026-04-03T01:46:15.194+0600][41.138s][info][gc,alloc    ] GC(18) O: Allocation Stalls:          0                0                0                0         
[2026-04-03T01:46:15.194+0600][41.138s][info][gc,load     ] GC(18) O: Load: 5.25 (44%) / 6.72 (56%) / 7.35 (61%)
[2026-04-03T01:46:15.194+0600][41.138s][info][gc,mmu      ] GC(18) O: MMU: 2ms/93.8%, 5ms/97.5%, 10ms/98.8%, 20ms/99.4%, 50ms/99.7%, 100ms/99.8%
[2026-04-03T01:46:15.194+0600][41.138s][info][gc,marking  ] GC(18) O: Mark: 1 stripe(s), 2 proactive flush(es), 1 terminate flush(es), 0 completion(s), 0 continuation(s) 
[2026-04-03T01:46:15.194+0600][41.138s][info][gc,marking  ] GC(18) O: Mark Stack Usage: 32M
[2026-04-03T01:46:15.194+0600][41.138s][info][gc,nmethod  ] GC(18) O: NMethods: 6105 registered, 247 unregistered
[2026-04-03T01:46:15.194+0600][41.138s][info][gc,metaspace] GC(18) O: Metaspace: 70M used, 71M committed, 1088M reserved
[2026-04-03T01:46:15.194+0600][41.138s][info][gc,ref      ] GC(18) O:                       Encountered   Discovered     Enqueued 
[2026-04-03T01:46:15.194+0600][41.138s][info][gc,ref      ] GC(18) O: Soft References:             5034            0            0 
[2026-04-03T01:46:15.194+0600][41.139s][info][gc,ref      ] GC(18) O: Weak References:             7380         4958          848 
[2026-04-03T01:46:15.194+0600][41.139s][info][gc,ref      ] GC(18) O: Final References:              82            0            0 
[2026-04-03T01:46:15.194+0600][41.139s][info][gc,ref      ] GC(18) O: Phantom References:           594          220            0 
[2026-04-03T01:46:15.194+0600][41.139s][info][gc,reloc    ] GC(18) O:                        Candidates     Selected     In-Place         Size        Empty    Relocated 
[2026-04-03T01:46:15.194+0600][41.139s][info][gc,reloc    ] GC(18) O: Small Pages:                  204           33            0         408M         150M          18M 
[2026-04-03T01:46:15.194+0600][41.139s][info][gc,reloc    ] GC(18) O: Medium Pages:                   3            1            0          96M          32M           5M 
[2026-04-03T01:46:15.194+0600][41.139s][info][gc,reloc    ] GC(18) O: Large Pages:                    6            0            0          84M          84M           0M 
[2026-04-03T01:46:15.194+0600][41.139s][info][gc,reloc    ] GC(18) O: Forwarding Usage: 37M
[2026-04-03T01:46:15.194+0600][41.139s][info][gc,heap     ] GC(18) O: Min Capacity: 8M(0%)
[2026-04-03T01:46:15.194+0600][41.139s][info][gc,heap     ] GC(18) O: Max Capacity: 3922M(100%)
[2026-04-03T01:46:15.194+0600][41.139s][info][gc,heap     ] GC(18) O: Soft Max Capacity: 3529M(90%)
[2026-04-03T01:46:15.194+0600][41.139s][info][gc,heap     ] GC(18) O: Heap Statistics:
[2026-04-03T01:46:15.194+0600][41.139s][info][gc,heap     ] GC(18) O:                Mark Start          Mark End        Relocate Start      Relocate End           High               Low         
[2026-04-03T01:46:15.194+0600][41.139s][info][gc,heap     ] GC(18) O:  Capacity:     3188M (81%)        3188M (81%)        3188M (81%)        3188M (81%)        3188M (81%)        3188M (81%)    
[2026-04-03T01:46:15.194+0600][41.139s][info][gc,heap     ] GC(18) O:      Free:     1916M (49%)        2272M (58%)        2524M (64%)        2554M (65%)        2898M (74%)        1760M (45%)    
[2026-04-03T01:46:15.194+0600][41.139s][info][gc,heap     ] GC(18) O:      Used:     2006M (51%)        1650M (42%)        1398M (36%)        1368M (35%)        2162M (55%)        1024M (26%)    
[2026-04-03T01:46:15.194+0600][41.139s][info][gc,heap     ] GC(18) O: Old Generation Statistics:
[2026-04-03T01:46:15.194+0600][41.139s][info][gc,heap     ] GC(18) O:                Mark Start          Mark End        Relocate Start      Relocate End    
[2026-04-03T01:46:15.194+0600][41.139s][info][gc,heap     ] GC(18) O:      Used:      588M (15%)         712M (18%)         446M (11%)         356M (9%)     
[2026-04-03T01:46:15.194+0600][41.139s][info][gc,heap     ] GC(18) O:      Live:         -               187M (5%)          187M (5%)          187M (5%)     
[2026-04-03T01:46:15.194+0600][41.139s][info][gc,heap     ] GC(18) O:   Garbage:         -               400M (10%)         134M (3%)            6M (0%)     
[2026-04-03T01:46:15.194+0600][41.139s][info][gc,heap     ] GC(18) O: Allocated:         -               124M (3%)          124M (3%)          161M (4%)     
[2026-04-03T01:46:15.194+0600][41.139s][info][gc,heap     ] GC(18) O: Reclaimed:         -                  -               266M (7%)          393M (10%)    
[2026-04-03T01:46:15.194+0600][41.139s][info][gc,heap     ] GC(18) O: Compacted:         -                  -                  -                68M (2%)     
[2026-04-03T01:46:15.194+0600][41.139s][info][gc,phases   ] GC(18) O: Old Generation 1246M(32%)->1368M(35%) 1.569s
[2026-04-03T01:46:15.194+0600][41.139s][info][gc          ] GC(18) Major Collection (Allocation Rate) 2038M(52%)->1368M(35%) 2.543s
[2026-04-03T01:46:16.414+0600][42.359s][info][gc          ] GC(19) Minor Collection (Allocation Rate)
[2026-04-03T01:46:16.414+0600][42.359s][info][gc,task     ] GC(19) Using 2 Workers for Young Generation
[2026-04-03T01:46:16.414+0600][42.359s][info][gc,phases   ] GC(19) y: Young Generation
[2026-04-03T01:46:16.414+0600][42.359s][info][gc,phases   ] GC(19) y: Pause Mark Start 0.028ms
[2026-04-03T01:46:16.737+0600][42.682s][info][gc,phases   ] GC(19) y: Concurrent Mark 322.638ms
[2026-04-03T01:46:16.737+0600][42.682s][info][gc,phases   ] GC(19) y: Pause Mark End 0.029ms
[2026-04-03T01:46:16.737+0600][42.682s][info][gc,phases   ] GC(19) y: Concurrent Mark Free 0.001ms
[2026-04-03T01:46:16.738+0600][42.682s][info][gc,phases   ] GC(19) y: Concurrent Reset Relocation Set 0.098ms
[2026-04-03T01:46:16.741+0600][42.686s][info][gc,reloc    ] GC(19) y: Using tenuring threshold: 2 (Computed)
[2026-04-03T01:46:16.756+0600][42.701s][info][gc,phases   ] GC(19) y: Concurrent Select Relocation Set 18.261ms
[2026-04-03T01:46:16.756+0600][42.701s][info][gc,phases   ] GC(19) y: Pause Relocate Start 0.023ms
[2026-04-03T01:46:16.820+0600][42.765s][info][gc,phases   ] GC(19) y: Concurrent Relocate 63.549ms
[2026-04-03T01:46:16.820+0600][42.765s][info][gc,alloc    ] GC(19) y:                         Mark Start        Mark End      Relocate Start    Relocate End   
[2026-04-03T01:46:16.820+0600][42.765s][info][gc,alloc    ] GC(19) y: Allocation Stalls:          0                0                0                0         
[2026-04-03T01:46:16.820+0600][42.765s][info][gc,load     ] GC(19) y: Load: 5.25 (44%) / 6.72 (56%) / 7.35 (61%)
[2026-04-03T01:46:16.820+0600][42.765s][info][gc,mmu      ] GC(19) y: MMU: 2ms/93.8%, 5ms/97.5%, 10ms/98.8%, 20ms/99.4%, 50ms/99.7%, 100ms/99.8%
[2026-04-03T01:46:16.820+0600][42.765s][info][gc,marking  ] GC(19) y: Mark: 2 stripe(s), 10 proactive flush(es), 1 terminate flush(es), 0 completion(s), 0 continuation(s) 
[2026-04-03T01:46:16.820+0600][42.765s][info][gc,marking  ] GC(19) y: Mark Stack Usage: 32M
[2026-04-03T01:46:16.820+0600][42.765s][info][gc,nmethod  ] GC(19) y: NMethods: 6470 registered, 247 unregistered
[2026-04-03T01:46:16.820+0600][42.765s][info][gc,metaspace] GC(19) y: Metaspace: 71M used, 72M committed, 1088M reserved
[2026-04-03T01:46:16.820+0600][42.765s][info][gc,reloc    ] GC(19) y:                        Candidates     Selected     In-Place         Size        Empty    Relocated 
[2026-04-03T01:46:16.820+0600][42.765s][info][gc,reloc    ] GC(19) y: Small Pages:                  805          188            0        1610M        1132M          38M 
[2026-04-03T01:46:16.820+0600][42.765s][info][gc,reloc    ] GC(19) y: Medium Pages:                   7            0            0         224M         224M           0M 
[2026-04-03T01:46:16.820+0600][42.765s][info][gc,reloc    ] GC(19) y: Large Pages:                   24            0            0         152M         134M           0M 
[2026-04-03T01:46:16.820+0600][42.765s][info][gc,reloc    ] GC(19) y: Forwarding Usage: 45M
[2026-04-03T01:46:16.820+0600][42.765s][info][gc,reloc    ] GC(19) y: Age Table:
[2026-04-03T01:46:16.820+0600][42.765s][info][gc,reloc    ] GC(19) y:                    Live             Garbage             Small              Medium             Large        
[2026-04-03T01:46:16.820+0600][42.765s][info][gc,reloc    ] GC(19) y: Eden             108M (3%)         1813M (46%)        794 / 184            6 / 0             23 / 0        
[2026-04-03T01:46:16.820+0600][42.765s][info][gc,reloc    ] GC(19) y: Survivor 1         4M (0%)           59M (2%)          11 / 4              1 / 0              1 / 0        
[2026-04-03T01:46:16.820+0600][42.765s][info][gc,heap     ] GC(19) y: Min Capacity: 8M(0%)
[2026-04-03T01:46:16.820+0600][42.765s][info][gc,heap     ] GC(19) y: Max Capacity: 3922M(100%)
[2026-04-03T01:46:16.820+0600][42.765s][info][gc,heap     ] GC(19) y: Soft Max Capacity: 3529M(90%)
[2026-04-03T01:46:16.820+0600][42.765s][info][gc,heap     ] GC(19) y: Heap Statistics:
[2026-04-03T01:46:16.820+0600][42.765s][info][gc,heap     ] GC(19) y:                Mark Start          Mark End        Relocate Start      Relocate End           High               Low         
[2026-04-03T01:46:16.820+0600][42.765s][info][gc,heap     ] GC(19) y:  Capacity:     3188M (81%)        3188M (81%)        3188M (81%)        3188M (81%)        3188M (81%)        3188M (81%)    
[2026-04-03T01:46:16.820+0600][42.765s][info][gc,heap     ] GC(19) y:      Free:     1580M (40%)        1360M (35%)        2850M (73%)        3228M (82%)        3228M (82%)        1360M (35%)    
[2026-04-03T01:46:16.820+0600][42.765s][info][gc,heap     ] GC(19) y:      Used:     2342M (60%)        2562M (65%)        1072M (27%)         694M (18%)        2562M (65%)         694M (18%)    
[2026-04-03T01:46:16.820+0600][42.765s][info][gc,heap     ] GC(19) y: Young Generation Statistics:
[2026-04-03T01:46:16.820+0600][42.765s][info][gc,heap     ] GC(19) y:                Mark Start          Mark End        Relocate Start      Relocate End    
[2026-04-03T01:46:16.820+0600][42.765s][info][gc,heap     ] GC(19) y:      Used:     1986M (51%)        2206M (56%)         716M (18%)         338M (9%)     
[2026-04-03T01:46:16.820+0600][42.765s][info][gc,heap     ] GC(19) y:      Live:         -               112M (3%)          112M (3%)          112M (3%)     
[2026-04-03T01:46:16.820+0600][42.765s][info][gc,heap     ] GC(19) y:   Garbage:         -              1873M (48%)         383M (10%)           0M (0%)     
[2026-04-03T01:46:16.820+0600][42.765s][info][gc,heap     ] GC(19) y: Allocated:         -               220M (6%)          220M (6%)          224M (6%)     
[2026-04-03T01:46:16.820+0600][42.765s][info][gc,heap     ] GC(19) y: Reclaimed:         -                  -              1490M (38%)        1872M (48%)    
[2026-04-03T01:46:16.820+0600][42.765s][info][gc,heap     ] GC(19) y:  Promoted:         -                  -                 0M (0%)            0M (0%)     
[2026-04-03T01:46:16.820+0600][42.765s][info][gc,heap     ] GC(19) y: Compacted:         -                  -                  -                45M (1%)     
[2026-04-03T01:46:16.820+0600][42.765s][info][gc,phases   ] GC(19) y: Young Generation 2342M(60%)->694M(18%) 0.406s
[2026-04-03T01:46:16.820+0600][42.765s][info][gc          ] GC(19) Minor Collection (Allocation Rate) 2342M(60%)->694M(18%) 0.406s
[2026-04-03T01:46:16.820+0600][42.765s][info][gc          ] GC(20) Major Collection (System.gc())
[2026-04-03T01:46:16.820+0600][42.765s][info][gc,task     ] GC(20) Using 3 Workers for Young Generation
[2026-04-03T01:46:16.820+0600][42.765s][info][gc,task     ] GC(20) Using 3 Workers for Old Generation
[2026-04-03T01:46:16.820+0600][42.765s][info][gc,phases   ] GC(20) Y: Young Generation (Promote All)
[2026-04-03T01:46:16.821+0600][42.765s][info][gc,phases   ] GC(20) Y: Pause Mark Start 0.022ms
[2026-04-03T01:46:16.864+0600][42.809s][info][gc,phases   ] GC(20) Y: Concurrent Mark 43.850ms
[2026-04-03T01:46:16.865+0600][42.809s][info][gc,phases   ] GC(20) Y: Pause Mark End 0.029ms
[2026-04-03T01:46:16.865+0600][42.810s][info][gc,phases   ] GC(20) Y: Concurrent Mark Free 0.001ms
[2026-04-03T01:46:16.865+0600][42.810s][info][gc,phases   ] GC(20) Y: Concurrent Reset Relocation Set 0.044ms
[2026-04-03T01:46:16.870+0600][42.815s][info][gc,reloc    ] GC(20) Y: Using tenuring threshold: 0 (Promote All)
[2026-04-03T01:46:16.878+0600][42.823s][info][gc,phases   ] GC(20) Y: Concurrent Select Relocation Set 13.407ms
[2026-04-03T01:46:16.878+0600][42.823s][info][gc,phases   ] GC(20) Y: Pause Relocate Start 0.022ms
[2026-04-03T01:46:16.884+0600][42.829s][info][gc,phases   ] GC(20) Y: Concurrent Relocate 5.366ms
[2026-04-03T01:46:16.884+0600][42.829s][info][gc,alloc    ] GC(20) Y:                         Mark Start        Mark End      Relocate Start    Relocate End   
[2026-04-03T01:46:16.884+0600][42.829s][info][gc,alloc    ] GC(20) Y: Allocation Stalls:          0                0                0                0         
[2026-04-03T01:46:16.884+0600][42.829s][info][gc,load     ] GC(20) Y: Load: 5.25 (44%) / 6.72 (56%) / 7.35 (61%)
[2026-04-03T01:46:16.884+0600][42.829s][info][gc,mmu      ] GC(20) Y: MMU: 2ms/93.8%, 5ms/97.5%, 10ms/98.8%, 20ms/99.4%, 50ms/99.7%, 100ms/99.8%
[2026-04-03T01:46:16.884+0600][42.829s][info][gc,marking  ] GC(20) Y: Mark: 2 stripe(s), 10 proactive flush(es), 1 terminate flush(es), 0 completion(s), 0 continuation(s) 
[2026-04-03T01:46:16.884+0600][42.829s][info][gc,marking  ] GC(20) Y: Mark Stack Usage: 32M
[2026-04-03T01:46:16.884+0600][42.829s][info][gc,nmethod  ] GC(20) Y: NMethods: 6470 registered, 247 unregistered
[2026-04-03T01:46:16.884+0600][42.829s][info][gc,metaspace] GC(20) Y: Metaspace: 71M used, 72M committed, 1088M reserved
[2026-04-03T01:46:16.884+0600][42.829s][info][gc,reloc    ] GC(20) Y:                        Candidates     Selected     In-Place         Size        Empty    Relocated 
[2026-04-03T01:46:16.884+0600][42.829s][info][gc,reloc    ] GC(20) Y: Small Pages:                  160           11            0         320M         290M           1M 
[2026-04-03T01:46:16.884+0600][42.829s][info][gc,reloc    ] GC(20) Y: Medium Pages:                   0            0            0           0M           0M           0M 
[2026-04-03T01:46:16.884+0600][42.829s][info][gc,reloc    ] GC(20) Y: Large Pages:                    3            0            0          18M          18M           0M 
[2026-04-03T01:46:16.884+0600][42.829s][info][gc,reloc    ] GC(20) Y: Forwarding Usage: 0M
[2026-04-03T01:46:16.884+0600][42.829s][info][gc,reloc    ] GC(20) Y: Age Table:
[2026-04-03T01:46:16.884+0600][42.829s][info][gc,reloc    ] GC(20) Y:                    Live             Garbage             Small              Medium             Large        
[2026-04-03T01:46:16.884+0600][42.829s][info][gc,reloc    ] GC(20) Y: Eden               0M (0%)          219M (6%)         110 / 4              0 / 0              0 / 0        
[2026-04-03T01:46:16.884+0600][42.829s][info][gc,reloc    ] GC(20) Y: Survivor 1         1M (0%)          108M (3%)          46 / 6              0 / 0              3 / 0        
[2026-04-03T01:46:16.884+0600][42.829s][info][gc,reloc    ] GC(20) Y: Survivor 2         4M (0%)            3M (0%)           4 / 1              0 / 0              0 / 0        
[2026-04-03T01:46:16.884+0600][42.829s][info][gc,heap     ] GC(20) Y: Min Capacity: 8M(0%)
[2026-04-03T01:46:16.884+0600][42.829s][info][gc,heap     ] GC(20) Y: Max Capacity: 3922M(100%)
[2026-04-03T01:46:16.884+0600][42.829s][info][gc,heap     ] GC(20) Y: Soft Max Capacity: 3529M(90%)
[2026-04-03T01:46:16.884+0600][42.829s][info][gc,heap     ] GC(20) Y: Heap Statistics:
[2026-04-03T01:46:16.884+0600][42.829s][info][gc,heap     ] GC(20) Y:                Mark Start          Mark End        Relocate Start      Relocate End           High               Low         
[2026-04-03T01:46:16.884+0600][42.829s][info][gc,heap     ] GC(20) Y:  Capacity:     3188M (81%)        3188M (81%)        3188M (81%)        3188M (81%)        3188M (81%)        3188M (81%)    
[2026-04-03T01:46:16.884+0600][42.829s][info][gc,heap     ] GC(20) Y:      Free:     3228M (82%)        3226M (82%)        3534M (90%)        3552M (91%)        3552M (91%)        3226M (82%)    
[2026-04-03T01:46:16.884+0600][42.829s][info][gc,heap     ] GC(20) Y:      Used:      694M (18%)         696M (18%)         388M (10%)         370M (9%)          696M (18%)         370M (9%)     
[2026-04-03T01:46:16.884+0600][42.829s][info][gc,heap     ] GC(20) Y: Young Generation Statistics:
[2026-04-03T01:46:16.884+0600][42.829s][info][gc,heap     ] GC(20) Y:                Mark Start          Mark End        Relocate Start      Relocate End    
[2026-04-03T01:46:16.884+0600][42.829s][info][gc,heap     ] GC(20) Y:      Used:      338M (9%)          340M (9%)           26M (1%)            2M (0%)     
[2026-04-03T01:46:16.884+0600][42.829s][info][gc,heap     ] GC(20) Y:      Live:         -                 5M (0%)            1M (0%)            0M (0%)     
[2026-04-03T01:46:16.884+0600][42.829s][info][gc,heap     ] GC(20) Y:   Garbage:         -               332M (8%)           22M (1%)            0M (0%)     
[2026-04-03T01:46:16.884+0600][42.829s][info][gc,heap     ] GC(20) Y: Allocated:         -                 2M (0%)            2M (0%)            2M (0%)     
[2026-04-03T01:46:16.884+0600][42.829s][info][gc,heap     ] GC(20) Y: Reclaimed:         -                  -               309M (8%)          332M (8%)     
[2026-04-03T01:46:16.884+0600][42.829s][info][gc,heap     ] GC(20) Y:  Promoted:         -                  -                 4M (0%)            5M (0%)     
[2026-04-03T01:46:16.884+0600][42.829s][info][gc,heap     ] GC(20) Y: Compacted:         -                  -                  -                 0M (0%)     
[2026-04-03T01:46:16.884+0600][42.829s][info][gc,phases   ] GC(20) Y: Young Generation (Promote All) 694M(18%)->370M(9%) 0.064s
[2026-04-03T01:46:16.884+0600][42.829s][info][gc,phases   ] GC(20) Y: Young Generation (Collect Roots)
[2026-04-03T01:46:16.884+0600][42.829s][info][gc,phases   ] GC(20) Y: Pause Mark Start (Major) 0.030ms
[2026-04-03T01:46:16.903+0600][42.848s][info][gc,phases   ] GC(20) Y: Concurrent Mark 18.218ms
[2026-04-03T01:46:16.903+0600][42.848s][info][gc,phases   ] GC(20) Y: Pause Mark End 0.023ms
[2026-04-03T01:46:16.903+0600][42.848s][info][gc,phases   ] GC(20) Y: Concurrent Mark Free 0.003ms
[2026-04-03T01:46:16.903+0600][42.848s][info][gc,phases   ] GC(20) Y: Concurrent Reset Relocation Set 0.011ms
[2026-04-03T01:46:16.905+0600][42.850s][info][gc,reloc    ] GC(20) Y: Using tenuring threshold: 1 (Computed)
[2026-04-03T01:46:16.905+0600][42.850s][info][gc,phases   ] GC(20) Y: Concurrent Select Relocation Set 1.744ms
[2026-04-03T01:46:16.905+0600][42.850s][info][gc,phases   ] GC(20) Y: Pause Relocate Start 0.020ms
[2026-04-03T01:46:16.905+0600][42.850s][info][gc,phases   ] GC(20) Y: Concurrent Relocate 0.091ms
[2026-04-03T01:46:16.905+0600][42.850s][info][gc,alloc    ] GC(20) Y:                         Mark Start        Mark End      Relocate Start    Relocate End   
[2026-04-03T01:46:16.905+0600][42.850s][info][gc,alloc    ] GC(20) Y: Allocation Stalls:          0                0                0                0         
[2026-04-03T01:46:16.905+0600][42.850s][info][gc,load     ] GC(20) Y: Load: 5.25 (44%) / 6.72 (56%) / 7.35 (61%)
[2026-04-03T01:46:16.905+0600][42.850s][info][gc,mmu      ] GC(20) Y: MMU: 2ms/93.8%, 5ms/97.5%, 10ms/98.8%, 20ms/99.4%, 50ms/99.7%, 100ms/99.8%
[2026-04-03T01:46:16.905+0600][42.850s][info][gc,marking  ] GC(20) Y: Mark: 2 stripe(s), 1 proactive flush(es), 1 terminate flush(es), 0 completion(s), 0 continuation(s) 
[2026-04-03T01:46:16.905+0600][42.850s][info][gc,marking  ] GC(20) Y: Mark Stack Usage: 32M
[2026-04-03T01:46:16.905+0600][42.850s][info][gc,nmethod  ] GC(20) Y: NMethods: 6470 registered, 247 unregistered
[2026-04-03T01:46:16.905+0600][42.850s][info][gc,metaspace] GC(20) Y: Metaspace: 71M used, 72M committed, 1088M reserved
[2026-04-03T01:46:16.905+0600][42.850s][info][gc,reloc    ] GC(20) Y:                        Candidates     Selected     In-Place         Size        Empty    Relocated 
[2026-04-03T01:46:16.905+0600][42.850s][info][gc,reloc    ] GC(20) Y: Small Pages:                    1            0            0           2M           0M           0M 
[2026-04-03T01:46:16.905+0600][42.850s][info][gc,reloc    ] GC(20) Y: Medium Pages:                   0            0            0           0M           0M           0M 
[2026-04-03T01:46:16.905+0600][42.850s][info][gc,reloc    ] GC(20) Y: Large Pages:                    0            0            0           0M           0M           0M 
[2026-04-03T01:46:16.905+0600][42.850s][info][gc,reloc    ] GC(20) Y: Forwarding Usage: 0M
[2026-04-03T01:46:16.905+0600][42.850s][info][gc,reloc    ] GC(20) Y: Age Table:
[2026-04-03T01:46:16.905+0600][42.850s][info][gc,reloc    ] GC(20) Y:                    Live             Garbage             Small              Medium             Large        
[2026-04-03T01:46:16.905+0600][42.850s][info][gc,reloc    ] GC(20) Y: Eden               0M (0%)            1M (0%)           1 / 0              0 / 0              0 / 0        
[2026-04-03T01:46:16.905+0600][42.850s][info][gc,heap     ] GC(20) Y: Min Capacity: 8M(0%)
[2026-04-03T01:46:16.905+0600][42.850s][info][gc,heap     ] GC(20) Y: Max Capacity: 3922M(100%)
[2026-04-03T01:46:16.905+0600][42.850s][info][gc,heap     ] GC(20) Y: Soft Max Capacity: 3529M(90%)
[2026-04-03T01:46:16.905+0600][42.850s][info][gc,heap     ] GC(20) Y: Heap Statistics:
[2026-04-03T01:46:16.905+0600][42.850s][info][gc,heap     ] GC(20) Y:                Mark Start          Mark End        Relocate Start      Relocate End           High               Low         
[2026-04-03T01:46:16.905+0600][42.850s][info][gc,heap     ] GC(20) Y:  Capacity:     3188M (81%)        3188M (81%)        3188M (81%)        3188M (81%)        3188M (81%)        3188M (81%)    
[2026-04-03T01:46:16.905+0600][42.850s][info][gc,heap     ] GC(20) Y:      Free:     3552M (91%)        3552M (91%)        3552M (91%)        3552M (91%)        3552M (91%)        3552M (91%)    
[2026-04-03T01:46:16.905+0600][42.850s][info][gc,heap     ] GC(20) Y:      Used:      370M (9%)          370M (9%)          370M (9%)          370M (9%)          370M (9%)          370M (9%)     
[2026-04-03T01:46:16.905+0600][42.850s][info][gc,heap     ] GC(20) Y: Young Generation Statistics:
[2026-04-03T01:46:16.905+0600][42.850s][info][gc,heap     ] GC(20) Y:                Mark Start          Mark End        Relocate Start      Relocate End    
[2026-04-03T01:46:16.905+0600][42.850s][info][gc,heap     ] GC(20) Y:      Used:        2M (0%)            2M (0%)            2M (0%)            2M (0%)     
[2026-04-03T01:46:16.905+0600][42.850s][info][gc,heap     ] GC(20) Y:      Live:         -                 0M (0%)            0M (0%)            0M (0%)     
[2026-04-03T01:46:16.905+0600][42.850s][info][gc,heap     ] GC(20) Y:   Garbage:         -                 1M (0%)            1M (0%)            1M (0%)     
[2026-04-03T01:46:16.905+0600][42.850s][info][gc,heap     ] GC(20) Y: Allocated:         -                 0M (0%)            0M (0%)            0M (0%)     
[2026-04-03T01:46:16.905+0600][42.850s][info][gc,heap     ] GC(20) Y: Reclaimed:         -                  -                 0M (0%)            0M (0%)     
[2026-04-03T01:46:16.905+0600][42.850s][info][gc,heap     ] GC(20) Y:  Promoted:         -                  -                 0M (0%)            0M (0%)     
[2026-04-03T01:46:16.905+0600][42.850s][info][gc,heap     ] GC(20) Y: Compacted:         -                  -                  -                 0M (0%)     
[2026-04-03T01:46:16.905+0600][42.850s][info][gc,phases   ] GC(20) Y: Young Generation (Collect Roots) 370M(9%)->370M(9%) 0.021s
[2026-04-03T01:46:16.905+0600][42.850s][info][gc,phases   ] GC(20) O: Old Generation
[2026-04-03T01:46:17.228+0600][43.173s][info][gc,phases   ] GC(20) O: Concurrent Mark 322.801ms
[2026-04-03T01:46:17.229+0600][43.173s][info][gc,phases   ] GC(20) O: Pause Mark End 0.028ms
[2026-04-03T01:46:17.229+0600][43.173s][info][gc,phases   ] GC(20) O: Concurrent Mark Free 0.002ms
[2026-04-03T01:46:17.245+0600][43.190s][info][gc,phases   ] GC(20) O: Concurrent Process Non-Strong 16.545ms
[2026-04-03T01:46:17.245+0600][43.190s][info][gc,phases   ] GC(20) O: Concurrent Reset Relocation Set 0.015ms
[2026-04-03T01:46:17.252+0600][43.197s][info][gc,phases   ] GC(20) O: Concurrent Select Relocation Set 6.475ms
[2026-04-03T01:46:17.252+0600][43.197s][info][gc,task     ] GC(20) O: Using 3 Workers for Old Generation
[2026-04-03T01:46:17.273+0600][43.218s][info][gc,task     ] GC(20) O: Using 3 Workers for Old Generation
[2026-04-03T01:46:17.273+0600][43.218s][info][gc,phases   ] GC(20) O: Concurrent Remap Roots 21.076ms
[2026-04-03T01:46:17.273+0600][43.218s][info][gc,phases   ] GC(20) O: Pause Relocate Start 0.026ms
[2026-04-03T01:46:17.300+0600][43.245s][info][gc,phases   ] GC(20) O: Concurrent Relocate 26.816ms
[2026-04-03T01:46:17.300+0600][43.245s][info][gc,alloc    ] GC(20) O:                         Mark Start        Mark End      Relocate Start    Relocate End   
[2026-04-03T01:46:17.300+0600][43.245s][info][gc,alloc    ] GC(20) O: Allocation Stalls:          0                0                0                0         
[2026-04-03T01:46:17.300+0600][43.245s][info][gc,load     ] GC(20) O: Load: 5.25 (44%) / 6.72 (56%) / 7.35 (61%)
[2026-04-03T01:46:17.300+0600][43.245s][info][gc,mmu      ] GC(20) O: MMU: 2ms/93.8%, 5ms/97.5%, 10ms/98.8%, 20ms/99.4%, 50ms/99.7%, 100ms/99.8%
[2026-04-03T01:46:17.300+0600][43.245s][info][gc,marking  ] GC(20) O: Mark: 2 stripe(s), 10 proactive flush(es), 1 terminate flush(es), 0 completion(s), 0 continuation(s) 
[2026-04-03T01:46:17.300+0600][43.245s][info][gc,marking  ] GC(20) O: Mark Stack Usage: 32M
[2026-04-03T01:46:17.300+0600][43.245s][info][gc,nmethod  ] GC(20) O: NMethods: 6238 registered, 519 unregistered
[2026-04-03T01:46:17.300+0600][43.245s][info][gc,metaspace] GC(20) O: Metaspace: 71M used, 72M committed, 1088M reserved
[2026-04-03T01:46:17.300+0600][43.245s][info][gc,ref      ] GC(20) O:                       Encountered   Discovered     Enqueued 
[2026-04-03T01:46:17.300+0600][43.245s][info][gc,ref      ] GC(20) O: Soft References:             5075            0            0 
[2026-04-03T01:46:17.300+0600][43.245s][info][gc,ref      ] GC(20) O: Weak References:             6909         5694          578 
[2026-04-03T01:46:17.300+0600][43.245s][info][gc,ref      ] GC(20) O: Final References:              84            0            0 
[2026-04-03T01:46:17.300+0600][43.245s][info][gc,ref      ] GC(20) O: Phantom References:           599          586            0 
[2026-04-03T01:46:17.300+0600][43.245s][info][gc,reloc    ] GC(20) O:                        Candidates     Selected     In-Place         Size        Empty    Relocated 
[2026-04-03T01:46:17.300+0600][43.245s][info][gc,reloc    ] GC(20) O: Small Pages:                  141           20            0         282M          74M           6M 
[2026-04-03T01:46:17.300+0600][43.245s][info][gc,reloc    ] GC(20) O: Medium Pages:                   1            0            0          32M           0M           0M 
[2026-04-03T01:46:17.300+0600][43.245s][info][gc,reloc    ] GC(20) O: Large Pages:                    3            0            0          54M          54M           0M 
[2026-04-03T01:46:17.300+0600][43.245s][info][gc,reloc    ] GC(20) O: Forwarding Usage: 11M
[2026-04-03T01:46:17.300+0600][43.245s][info][gc,heap     ] GC(20) O: Min Capacity: 8M(0%)
[2026-04-03T01:46:17.300+0600][43.245s][info][gc,heap     ] GC(20) O: Max Capacity: 3922M(100%)
[2026-04-03T01:46:17.300+0600][43.245s][info][gc,heap     ] GC(20) O: Soft Max Capacity: 3529M(90%)
[2026-04-03T01:46:17.300+0600][43.245s][info][gc,heap     ] GC(20) O: Heap Statistics:
[2026-04-03T01:46:17.300+0600][43.245s][info][gc,heap     ] GC(20) O:                Mark Start          Mark End        Relocate Start      Relocate End           High               Low         
[2026-04-03T01:46:17.300+0600][43.245s][info][gc,heap     ] GC(20) O:  Capacity:     3188M (81%)        3188M (81%)        3188M (81%)        3188M (81%)        3188M (81%)        3188M (81%)    
[2026-04-03T01:46:17.300+0600][43.245s][info][gc,heap     ] GC(20) O:      Free:     3552M (91%)        3548M (90%)        3660M (93%)        3692M (94%)        3692M (94%)        3548M (90%)    
[2026-04-03T01:46:17.300+0600][43.245s][info][gc,heap     ] GC(20) O:      Used:      370M (9%)          374M (10%)         262M (7%)          230M (6%)          374M (10%)         230M (6%)     
[2026-04-03T01:46:17.300+0600][43.245s][info][gc,heap     ] GC(20) O: Old Generation Statistics:
[2026-04-03T01:46:17.300+0600][43.245s][info][gc,heap     ] GC(20) O:                Mark Start          Mark End        Relocate Start      Relocate End    
[2026-04-03T01:46:17.300+0600][43.245s][info][gc,heap     ] GC(20) O:      Used:      368M (9%)          368M (9%)          240M (6%)          208M (5%)     
[2026-04-03T01:46:17.300+0600][43.245s][info][gc,heap     ] GC(20) O:      Live:         -               170M (4%)          170M (4%)          170M (4%)     
[2026-04-03T01:46:17.300+0600][43.245s][info][gc,heap     ] GC(20) O:   Garbage:         -               197M (5%)           69M (2%)           26M (1%)     
[2026-04-03T01:46:17.300+0600][43.245s][info][gc,heap     ] GC(20) O: Allocated:         -                 0M (0%)            0M (0%)           11M (0%)     
[2026-04-03T01:46:17.300+0600][43.245s][info][gc,heap     ] GC(20) O: Reclaimed:         -                  -               128M (3%)          171M (4%)     
[2026-04-03T01:46:17.300+0600][43.245s][info][gc,heap     ] GC(20) O: Compacted:         -                  -                  -                20M (1%)     
[2026-04-03T01:46:17.300+0600][43.245s][info][gc,phases   ] GC(20) O: Old Generation 370M(9%)->230M(6%) 0.395s
[2026-04-03T01:46:17.301+0600][43.245s][info][gc          ] GC(20) Major Collection (System.gc()) 694M(18%)->230M(6%) 0.480s
[2026-04-03T01:46:18.598+0600][44.543s][info][gc          ] GC(21) Minor Collection (Allocation Rate)
[2026-04-03T01:46:18.598+0600][44.543s][info][gc,task     ] GC(21) Using 2 Workers for Young Generation
[2026-04-03T01:46:18.598+0600][44.543s][info][gc,phases   ] GC(21) y: Young Generation
[2026-04-03T01:46:18.598+0600][44.543s][info][gc,phases   ] GC(21) y: Pause Mark Start 0.038ms
[2026-04-03T01:46:19.260+0600][45.205s][info][gc,phases   ] GC(21) y: Concurrent Mark 661.608ms
[2026-04-03T01:46:19.260+0600][45.205s][info][gc,phases   ] GC(21) y: Pause Mark End 0.037ms
[2026-04-03T01:46:19.260+0600][45.205s][info][gc,phases   ] GC(21) y: Concurrent Mark Free 0.001ms
[2026-04-03T01:46:19.261+0600][45.205s][info][gc,phases   ] GC(21) y: Concurrent Reset Relocation Set 0.001ms
[2026-04-03T01:46:19.270+0600][45.215s][info][gc,reloc    ] GC(21) y: Using tenuring threshold: 1 (Computed)
[2026-04-03T01:46:19.359+0600][45.304s][info][gc,phases   ] GC(21) y: Concurrent Select Relocation Set 98.496ms
[2026-04-03T01:46:19.360+0600][45.304s][info][gc,phases   ] GC(21) y: Pause Relocate Start 0.030ms
[2026-04-03T01:46:19.712+0600][45.657s][info][gc,phases   ] GC(21) y: Concurrent Relocate 351.945ms
[2026-04-03T01:46:19.712+0600][45.657s][info][gc,alloc    ] GC(21) y:                         Mark Start        Mark End      Relocate Start    Relocate End   
[2026-04-03T01:46:19.712+0600][45.657s][info][gc,alloc    ] GC(21) y: Allocation Stalls:          0                0                0                0         
[2026-04-03T01:46:19.712+0600][45.657s][info][gc,load     ] GC(21) y: Load: 5.55 (46%) / 6.76 (56%) / 7.36 (61%)
[2026-04-03T01:46:19.712+0600][45.657s][info][gc,mmu      ] GC(21) y: MMU: 2ms/93.8%, 5ms/97.5%, 10ms/98.8%, 20ms/99.4%, 50ms/99.7%, 100ms/99.8%
[2026-04-03T01:46:19.712+0600][45.657s][info][gc,marking  ] GC(21) y: Mark: 2 stripe(s), 2 proactive flush(es), 1 terminate flush(es), 0 completion(s), 0 continuation(s) 
[2026-04-03T01:46:19.712+0600][45.657s][info][gc,marking  ] GC(21) y: Mark Stack Usage: 32M
[2026-04-03T01:46:19.712+0600][45.657s][info][gc,nmethod  ] GC(21) y: NMethods: 6342 registered, 519 unregistered
[2026-04-03T01:46:19.712+0600][45.657s][info][gc,metaspace] GC(21) y: Metaspace: 71M used, 72M committed, 1088M reserved
[2026-04-03T01:46:19.712+0600][45.657s][info][gc,reloc    ] GC(21) y:                        Candidates     Selected     In-Place         Size        Empty    Relocated 
[2026-04-03T01:46:19.712+0600][45.657s][info][gc,reloc    ] GC(21) y: Small Pages:                  543          454            0        1086M           2M          89M 
[2026-04-03T01:46:19.712+0600][45.657s][info][gc,reloc    ] GC(21) y: Medium Pages:                   1            0            0          32M          32M           0M 
[2026-04-03T01:46:19.712+0600][45.657s][info][gc,reloc    ] GC(21) y: Large Pages:                   13            0            0         102M          42M           0M 
[2026-04-03T01:46:19.712+0600][45.657s][info][gc,reloc    ] GC(21) y: Forwarding Usage: 100M
[2026-04-03T01:46:19.712+0600][45.657s][info][gc,reloc    ] GC(21) y: Age Table:
[2026-04-03T01:46:19.712+0600][45.657s][info][gc,reloc    ] GC(21) y:                    Live             Garbage             Small              Medium             Large        
[2026-04-03T01:46:19.712+0600][45.657s][info][gc,reloc    ] GC(21) y: Eden             208M (5%)         1009M (26%)        542 / 454            1 / 0             13 / 0        
[2026-04-03T01:46:19.712+0600][45.657s][info][gc,reloc    ] GC(21) y: Survivor 1          -                 2M (0%)           1 / 0              0 / 0              0 / 0        
[2026-04-03T01:46:19.712+0600][45.657s][info][gc,heap     ] GC(21) y: Min Capacity: 8M(0%)
[2026-04-03T01:46:19.712+0600][45.657s][info][gc,heap     ] GC(21) y: Max Capacity: 3922M(100%)
[2026-04-03T01:46:19.712+0600][45.657s][info][gc,heap     ] GC(21) y: Soft Max Capacity: 3529M(90%)
[2026-04-03T01:46:19.712+0600][45.657s][info][gc,heap     ] GC(21) y: Heap Statistics:
[2026-04-03T01:46:19.712+0600][45.657s][info][gc,heap     ] GC(21) y:                Mark Start          Mark End        Relocate Start      Relocate End           High               Low         
[2026-04-03T01:46:19.712+0600][45.657s][info][gc,heap     ] GC(21) y:  Capacity:     3188M (81%)        3188M (81%)        3188M (81%)        3188M (81%)        3188M (81%)        3188M (81%)    
[2026-04-03T01:46:19.712+0600][45.657s][info][gc,heap     ] GC(21) y:      Free:     2494M (64%)        1992M (51%)        2000M (51%)        2782M (71%)        2788M (71%)        1986M (51%)    
[2026-04-03T01:46:19.712+0600][45.657s][info][gc,heap     ] GC(21) y:      Used:     1428M (36%)        1930M (49%)        1922M (49%)        1140M (29%)        1936M (49%)        1134M (29%)    
[2026-04-03T01:46:19.712+0600][45.657s][info][gc,heap     ] GC(21) y: Young Generation Statistics:
[2026-04-03T01:46:19.712+0600][45.657s][info][gc,heap     ] GC(21) y:                Mark Start          Mark End        Relocate Start      Relocate End    
[2026-04-03T01:46:19.712+0600][45.657s][info][gc,heap     ] GC(21) y:      Used:     1220M (31%)        1722M (44%)        1714M (44%)         932M (24%)    
[2026-04-03T01:46:19.712+0600][45.657s][info][gc,heap     ] GC(21) y:      Live:         -               208M (5%)          208M (5%)          208M (5%)     
[2026-04-03T01:46:19.712+0600][45.657s][info][gc,heap     ] GC(21) y:   Garbage:         -              1011M (26%)         935M (24%)           0M (0%)     
[2026-04-03T01:46:19.712+0600][45.657s][info][gc,heap     ] GC(21) y: Allocated:         -               502M (13%)         570M (15%)         723M (18%)    
[2026-04-03T01:46:19.712+0600][45.657s][info][gc,heap     ] GC(21) y: Reclaimed:         -                  -                76M (2%)         1011M (26%)    
[2026-04-03T01:46:19.712+0600][45.657s][info][gc,heap     ] GC(21) y:  Promoted:         -                  -                 0M (0%)            0M (0%)     
[2026-04-03T01:46:19.712+0600][45.657s][info][gc,heap     ] GC(21) y: Compacted:         -                  -                  -               146M (4%)     
[2026-04-03T01:46:19.712+0600][45.657s][info][gc,phases   ] GC(21) y: Young Generation 1428M(36%)->1140M(29%) 1.114s
[2026-04-03T01:46:19.712+0600][45.657s][info][gc          ] GC(21) Minor Collection (Allocation Rate) 1428M(36%)->1140M(29%) 1.115s
[2026-04-03T01:46:19.712+0600][45.657s][info][gc          ] GC(22) Minor Collection (Allocation Rate)
[2026-04-03T01:46:19.713+0600][45.657s][info][gc,task     ] GC(22) Using 3 Workers for Young Generation
[2026-04-03T01:46:19.713+0600][45.657s][info][gc,phases   ] GC(22) y: Young Generation
[2026-04-03T01:46:19.713+0600][45.658s][info][gc,phases   ] GC(22) y: Pause Mark Start 0.036ms
[2026-04-03T01:46:20.741+0600][46.686s][info][gc,phases   ] GC(22) y: Concurrent Mark 1027.461ms
[2026-04-03T01:46:20.741+0600][46.686s][info][gc,phases   ] GC(22) y: Pause Mark End 0.042ms
[2026-04-03T01:46:20.741+0600][46.686s][info][gc,phases   ] GC(22) y: Concurrent Mark Free 0.004ms
[2026-04-03T01:46:20.741+0600][46.686s][info][gc,phases   ] GC(22) y: Concurrent Reset Relocation Set 0.063ms
[2026-04-03T01:46:20.743+0600][46.688s][info][gc,reloc    ] GC(22) y: Using tenuring threshold: 1 (Computed)
[2026-04-03T01:46:20.865+0600][46.810s][info][gc,phases   ] GC(22) y: Concurrent Select Relocation Set 124.074ms
[2026-04-03T01:46:20.866+0600][46.811s][info][gc,phases   ] GC(22) y: Pause Relocate Start 0.034ms
[2026-04-03T01:46:21.259+0600][47.204s][info][gc,phases   ] GC(22) y: Concurrent Relocate 392.350ms
[2026-04-03T01:46:21.259+0600][47.204s][info][gc,alloc    ] GC(22) y:                         Mark Start        Mark End      Relocate Start    Relocate End   
[2026-04-03T01:46:21.259+0600][47.204s][info][gc,alloc    ] GC(22) y: Allocation Stalls:          0                0                0                0         
[2026-04-03T01:46:21.259+0600][47.204s][info][gc,load     ] GC(22) y: Load: 5.55 (46%) / 6.76 (56%) / 7.36 (61%)
[2026-04-03T01:46:21.259+0600][47.204s][info][gc,mmu      ] GC(22) y: MMU: 2ms/93.8%, 5ms/97.5%, 10ms/98.8%, 20ms/99.4%, 50ms/99.7%, 100ms/99.8%
[2026-04-03T01:46:21.259+0600][47.204s][info][gc,marking  ] GC(22) y: Mark: 2 stripe(s), 10 proactive flush(es), 1 terminate flush(es), 0 completion(s), 0 continuation(s) 
[2026-04-03T01:46:21.259+0600][47.204s][info][gc,marking  ] GC(22) y: Mark Stack Usage: 32M
[2026-04-03T01:46:21.259+0600][47.204s][info][gc,nmethod  ] GC(22) y: NMethods: 6349 registered, 519 unregistered
[2026-04-03T01:46:21.259+0600][47.204s][info][gc,metaspace] GC(22) y: Metaspace: 71M used, 72M committed, 1088M reserved
[2026-04-03T01:46:21.259+0600][47.204s][info][gc,reloc    ] GC(22) y:                        Candidates     Selected     In-Place         Size        Empty    Relocated 
[2026-04-03T01:46:21.259+0600][47.204s][info][gc,reloc    ] GC(22) y: Small Pages:                  418          323            0         836M           0M          33M 
[2026-04-03T01:46:21.259+0600][47.204s][info][gc,reloc    ] GC(22) y: Medium Pages:                   0            0            0           0M           0M           0M 
[2026-04-03T01:46:21.259+0600][47.204s][info][gc,reloc    ] GC(22) y: Large Pages:                    8            0            0          96M           0M           0M 
[2026-04-03T01:46:21.259+0600][47.204s][info][gc,reloc    ] GC(22) y: Forwarding Usage: 36M
[2026-04-03T01:46:21.259+0600][47.204s][info][gc,reloc    ] GC(22) y: Age Table:
[2026-04-03T01:46:21.259+0600][47.204s][info][gc,reloc    ] GC(22) y:                    Live             Garbage             Small              Medium             Large        
[2026-04-03T01:46:21.259+0600][47.204s][info][gc,reloc    ] GC(22) y: Eden              70M (2%)          645M (16%)        340 / 320            0 / 0              2 / 0        
[2026-04-03T01:46:21.259+0600][47.204s][info][gc,reloc    ] GC(22) y: Survivor 1       199M (5%)           16M (0%)          78 / 3              0 / 0              6 / 0        
[2026-04-03T01:46:21.259+0600][47.204s][info][gc,heap     ] GC(22) y: Min Capacity: 8M(0%)
[2026-04-03T01:46:21.259+0600][47.204s][info][gc,heap     ] GC(22) y: Max Capacity: 3922M(100%)
[2026-04-03T01:46:21.259+0600][47.204s][info][gc,heap     ] GC(22) y: Soft Max Capacity: 3529M(90%)
[2026-04-03T01:46:21.259+0600][47.204s][info][gc,heap     ] GC(22) y: Heap Statistics:
[2026-04-03T01:46:21.259+0600][47.204s][info][gc,heap     ] GC(22) y:                Mark Start          Mark End        Relocate Start      Relocate End           High               Low         
[2026-04-03T01:46:21.259+0600][47.204s][info][gc,heap     ] GC(22) y:  Capacity:     3188M (81%)        3188M (81%)        3188M (81%)        3188M (81%)        3188M (81%)        3188M (81%)    
[2026-04-03T01:46:21.259+0600][47.204s][info][gc,heap     ] GC(22) y:      Free:     2782M (71%)        2392M (61%)        2392M (61%)        3032M (77%)        3032M (77%)        2382M (61%)    
[2026-04-03T01:46:21.259+0600][47.204s][info][gc,heap     ] GC(22) y:      Used:     1140M (29%)        1530M (39%)        1530M (39%)         890M (23%)        1540M (39%)         890M (23%)    
[2026-04-03T01:46:21.259+0600][47.204s][info][gc,heap     ] GC(22) y: Young Generation Statistics:
[2026-04-03T01:46:21.259+0600][47.204s][info][gc,heap     ] GC(22) y:                Mark Start          Mark End        Relocate Start      Relocate End    
[2026-04-03T01:46:21.259+0600][47.204s][info][gc,heap     ] GC(22) y:      Used:      932M (24%)        1322M (34%)        1114M (28%)         468M (12%)    
[2026-04-03T01:46:21.259+0600][47.204s][info][gc,heap     ] GC(22) y:      Live:         -               270M (7%)           72M (2%)           70M (2%)     
[2026-04-03T01:46:21.259+0600][47.204s][info][gc,heap     ] GC(22) y:   Garbage:         -               661M (17%)         651M (17%)           0M (0%)     
[2026-04-03T01:46:21.259+0600][47.204s][info][gc,heap     ] GC(22) y: Allocated:         -               390M (10%)         390M (10%)         397M (10%)    
[2026-04-03T01:46:21.259+0600][47.204s][info][gc,heap     ] GC(22) y: Reclaimed:         -                  -                 9M (0%)          661M (17%)    
[2026-04-03T01:46:21.259+0600][47.204s][info][gc,heap     ] GC(22) y:  Promoted:         -                  -               198M (5%)          199M (5%)     
[2026-04-03T01:46:21.259+0600][47.204s][info][gc,heap     ] GC(22) y: Compacted:         -                  -                  -                34M (1%)     
[2026-04-03T01:46:21.259+0600][47.204s][info][gc,phases   ] GC(22) y: Young Generation 1140M(29%)->890M(23%) 1.546s
[2026-04-03T01:46:21.259+0600][47.204s][info][gc          ] GC(22) Minor Collection (Allocation Rate) 1140M(29%)->890M(23%) 1.547s
[2026-04-03T01:46:21.260+0600][47.204s][info][gc          ] GC(23) Minor Collection (Allocation Rate)
[2026-04-03T01:46:21.260+0600][47.204s][info][gc,task     ] GC(23) Using 3 Workers for Young Generation
[2026-04-03T01:46:21.260+0600][47.205s][info][gc,phases   ] GC(23) y: Young Generation
[2026-04-03T01:46:21.260+0600][47.205s][info][gc,phases   ] GC(23) y: Pause Mark Start 0.099ms
[2026-04-03T01:46:21.806+0600][47.751s][info][gc,phases   ] GC(23) y: Concurrent Mark 545.528ms
[2026-04-03T01:46:21.806+0600][47.751s][info][gc,phases   ] GC(23) y: Pause Mark End 0.038ms
[2026-04-03T01:46:21.807+0600][47.751s][info][gc,phases   ] GC(23) y: Concurrent Mark Free 0.005ms
[2026-04-03T01:46:21.807+0600][47.752s][info][gc,phases   ] GC(23) y: Concurrent Reset Relocation Set 0.262ms
[2026-04-03T01:46:21.810+0600][47.754s][info][gc,reloc    ] GC(23) y: Using tenuring threshold: 2 (Computed)
[2026-04-03T01:46:21.815+0600][47.759s][info][gc,phases   ] GC(23) y: Concurrent Select Relocation Set 7.565ms
[2026-04-03T01:46:21.815+0600][47.760s][info][gc,phases   ] GC(23) y: Pause Relocate Start 0.051ms
[2026-04-03T01:46:21.866+0600][47.811s][info][gc,phases   ] GC(23) y: Concurrent Relocate 50.573ms
[2026-04-03T01:46:21.866+0600][47.811s][info][gc,alloc    ] GC(23) y:                         Mark Start        Mark End      Relocate Start    Relocate End   
[2026-04-03T01:46:21.866+0600][47.811s][info][gc,alloc    ] GC(23) y: Allocation Stalls:          0                0                0                0         
[2026-04-03T01:46:21.866+0600][47.811s][info][gc,load     ] GC(23) y: Load: 5.55 (46%) / 6.76 (56%) / 7.36 (61%)
[2026-04-03T01:46:21.866+0600][47.811s][info][gc,mmu      ] GC(23) y: MMU: 2ms/93.8%, 5ms/97.5%, 10ms/98.8%, 20ms/99.4%, 50ms/99.7%, 100ms/99.8%
[2026-04-03T01:46:21.866+0600][47.811s][info][gc,marking  ] GC(23) y: Mark: 2 stripe(s), 2 proactive flush(es), 1 terminate flush(es), 0 completion(s), 0 continuation(s) 
[2026-04-03T01:46:21.866+0600][47.811s][info][gc,marking  ] GC(23) y: Mark Stack Usage: 32M
[2026-04-03T01:46:21.866+0600][47.811s][info][gc,nmethod  ] GC(23) y: NMethods: 6369 registered, 519 unregistered
[2026-04-03T01:46:21.866+0600][47.811s][info][gc,metaspace] GC(23) y: Metaspace: 71M used, 72M committed, 1088M reserved
[2026-04-03T01:46:21.866+0600][47.811s][info][gc,reloc    ] GC(23) y:                        Candidates     Selected     In-Place         Size        Empty    Relocated 
[2026-04-03T01:46:21.866+0600][47.811s][info][gc,reloc    ] GC(23) y: Small Pages:                  191          163            0         382M           0M          17M 
[2026-04-03T01:46:21.866+0600][47.811s][info][gc,reloc    ] GC(23) y: Medium Pages:                   1            0            0          32M           0M           0M 
[2026-04-03T01:46:21.866+0600][47.811s][info][gc,reloc    ] GC(23) y: Large Pages:                    3            0            0          54M           0M           0M 
[2026-04-03T01:46:21.867+0600][47.811s][info][gc,reloc    ] GC(23) y: Forwarding Usage: 18M
[2026-04-03T01:46:21.867+0600][47.811s][info][gc,reloc    ] GC(23) y: Age Table:
[2026-04-03T01:46:21.867+0600][47.811s][info][gc,reloc    ] GC(23) y:                    Live             Garbage             Small              Medium             Large        
[2026-04-03T01:46:21.867+0600][47.811s][info][gc,reloc    ] GC(23) y: Eden              41M (1%)          348M (9%)         170 / 160            1 / 0              1 / 0        
[2026-04-03T01:46:21.867+0600][47.811s][info][gc,reloc    ] GC(23) y: Survivor 1        69M (2%)            8M (0%)          21 / 3              0 / 0              2 / 0        
[2026-04-03T01:46:21.867+0600][47.811s][info][gc,heap     ] GC(23) y: Min Capacity: 8M(0%)
[2026-04-03T01:46:21.867+0600][47.811s][info][gc,heap     ] GC(23) y: Max Capacity: 3922M(100%)
[2026-04-03T01:46:21.867+0600][47.811s][info][gc,heap     ] GC(23) y: Soft Max Capacity: 3529M(90%)
[2026-04-03T01:46:21.867+0600][47.812s][info][gc,heap     ] GC(23) y: Heap Statistics:
[2026-04-03T01:46:21.867+0600][47.812s][info][gc,heap     ] GC(23) y:                Mark Start          Mark End        Relocate Start      Relocate End           High               Low         
[2026-04-03T01:46:21.867+0600][47.812s][info][gc,heap     ] GC(23) y:  Capacity:     3188M (81%)        3188M (81%)        3188M (81%)        3188M (81%)        3188M (81%)        3188M (81%)    
[2026-04-03T01:46:21.867+0600][47.812s][info][gc,heap     ] GC(23) y:      Free:     3032M (77%)        2984M (76%)        2984M (76%)        3290M (84%)        3290M (84%)        2970M (76%)    
[2026-04-03T01:46:21.867+0600][47.812s][info][gc,heap     ] GC(23) y:      Used:      890M (23%)         938M (24%)         938M (24%)         632M (16%)         952M (24%)         632M (16%)    
[2026-04-03T01:46:21.867+0600][47.812s][info][gc,heap     ] GC(23) y: Young Generation Statistics:
[2026-04-03T01:46:21.867+0600][47.812s][info][gc,heap     ] GC(23) y:                Mark Start          Mark End        Relocate Start      Relocate End    
[2026-04-03T01:46:21.867+0600][47.812s][info][gc,heap     ] GC(23) y:      Used:      468M (12%)         516M (13%)         516M (13%)         210M (5%)     
[2026-04-03T01:46:21.867+0600][47.812s][info][gc,heap     ] GC(23) y:      Live:         -               111M (3%)          111M (3%)          111M (3%)     
[2026-04-03T01:46:21.867+0600][47.812s][info][gc,heap     ] GC(23) y:   Garbage:         -               356M (9%)          356M (9%)           27M (1%)     
[2026-04-03T01:46:21.867+0600][47.812s][info][gc,heap     ] GC(23) y: Allocated:         -                48M (1%)           48M (1%)           71M (2%)     
[2026-04-03T01:46:21.867+0600][47.812s][info][gc,heap     ] GC(23) y: Reclaimed:         -                  -                 0M (0%)          329M (8%)     
[2026-04-03T01:46:21.867+0600][47.812s][info][gc,heap     ] GC(23) y:  Promoted:         -                  -                 0M (0%)            0M (0%)     
[2026-04-03T01:46:21.867+0600][47.812s][info][gc,heap     ] GC(23) y: Compacted:         -                  -                  -                18M (0%)     
[2026-04-03T01:46:21.867+0600][47.812s][info][gc,phases   ] GC(23) y: Young Generation 890M(23%)->632M(16%) 0.606s
[2026-04-03T01:46:21.867+0600][47.812s][info][gc          ] GC(23) Minor Collection (Allocation Rate) 890M(23%)->632M(16%) 0.607s
[2026-04-03T01:46:21.867+0600][47.812s][info][gc          ] GC(24) Major Collection (Allocation Rate)
[2026-04-03T01:46:21.867+0600][47.812s][info][gc,task     ] GC(24) Using 3 Workers for Young Generation
[2026-04-03T01:46:21.867+0600][47.812s][info][gc,task     ] GC(24) Using 1 Workers for Old Generation
[2026-04-03T01:46:21.867+0600][47.812s][info][gc,phases   ] GC(24) Y: Young Generation
[2026-04-03T01:46:21.868+0600][47.812s][info][gc,phases   ] GC(24) Y: Pause Mark Start (Major) 0.047ms
[2026-04-03T01:46:22.351+0600][48.296s][info][gc,phases   ] GC(24) Y: Concurrent Mark 483.447ms
[2026-04-03T01:46:22.352+0600][48.296s][info][gc,phases   ] GC(24) Y: Pause Mark End 0.083ms
[2026-04-03T01:46:22.352+0600][48.296s][info][gc,phases   ] GC(24) Y: Concurrent Mark Free 0.001ms
[2026-04-03T01:46:22.352+0600][48.296s][info][gc,phases   ] GC(24) Y: Concurrent Reset Relocation Set 0.034ms
[2026-04-03T01:46:22.354+0600][48.299s][info][gc,reloc    ] GC(24) Y: Using tenuring threshold: 1 (Computed)
[2026-04-03T01:46:22.416+0600][48.361s][info][gc,phases   ] GC(24) Y: Concurrent Select Relocation Set 64.417ms
[2026-04-03T01:46:22.417+0600][48.361s][info][gc,phases   ] GC(24) Y: Pause Relocate Start 0.090ms
[2026-04-03T01:46:22.551+0600][48.496s][info][gc,phases   ] GC(24) Y: Concurrent Relocate 134.111ms
[2026-04-03T01:46:22.551+0600][48.496s][info][gc,alloc    ] GC(24) Y:                         Mark Start        Mark End      Relocate Start    Relocate End   
[2026-04-03T01:46:22.551+0600][48.496s][info][gc,alloc    ] GC(24) Y: Allocation Stalls:          0                0                0                0         
[2026-04-03T01:46:22.551+0600][48.496s][info][gc,load     ] GC(24) Y: Load: 5.55 (46%) / 6.76 (56%) / 7.36 (61%)
[2026-04-03T01:46:22.551+0600][48.496s][info][gc,mmu      ] GC(24) Y: MMU: 2ms/93.8%, 5ms/97.5%, 10ms/98.8%, 20ms/99.4%, 50ms/99.7%, 100ms/99.8%
[2026-04-03T01:46:22.551+0600][48.496s][info][gc,marking  ] GC(24) Y: Mark: 2 stripe(s), 10 proactive flush(es), 1 terminate flush(es), 0 completion(s), 0 continuation(s) 
[2026-04-03T01:46:22.551+0600][48.496s][info][gc,marking  ] GC(24) Y: Mark Stack Usage: 32M
[2026-04-03T01:46:22.551+0600][48.496s][info][gc,nmethod  ] GC(24) Y: NMethods: 6459 registered, 519 unregistered
[2026-04-03T01:46:22.551+0600][48.496s][info][gc,metaspace] GC(24) Y: Metaspace: 71M used, 72M committed, 1088M reserved
[2026-04-03T01:46:22.551+0600][48.496s][info][gc,reloc    ] GC(24) Y:                        Candidates     Selected     In-Place         Size        Empty    Relocated 
[2026-04-03T01:46:22.551+0600][48.496s][info][gc,reloc    ] GC(24) Y: Small Pages:                   46           15            0          92M           8M           3M 
[2026-04-03T01:46:22.551+0600][48.496s][info][gc,reloc    ] GC(24) Y: Medium Pages:                   2            0            0          64M          32M           0M 
[2026-04-03T01:46:22.551+0600][48.496s][info][gc,reloc    ] GC(24) Y: Large Pages:                    3            0            0          54M           0M           0M 
[2026-04-03T01:46:22.551+0600][48.496s][info][gc,reloc    ] GC(24) Y: Forwarding Usage: 4M
[2026-04-03T01:46:22.551+0600][48.496s][info][gc,reloc    ] GC(24) Y: Age Table:
[2026-04-03T01:46:22.551+0600][48.496s][info][gc,reloc    ] GC(24) Y:                    Live             Garbage             Small              Medium             Large        
[2026-04-03T01:46:22.551+0600][48.496s][info][gc,reloc    ] GC(24) Y: Eden               3M (0%)           48M (1%)          10 / 5              1 / 0              0 / 0        
[2026-04-03T01:46:22.551+0600][48.496s][info][gc,reloc    ] GC(24) Y: Survivor 1        35M (1%)           40M (1%)          13 / 5              1 / 0              1 / 0        
[2026-04-03T01:46:22.551+0600][48.496s][info][gc,reloc    ] GC(24) Y: Survivor 2        69M (2%)           12M (0%)          23 / 5              0 / 0              2 / 0        
[2026-04-03T01:46:22.551+0600][48.496s][info][gc,heap     ] GC(24) Y: Min Capacity: 8M(0%)
[2026-04-03T01:46:22.551+0600][48.496s][info][gc,heap     ] GC(24) Y: Max Capacity: 3922M(100%)
[2026-04-03T01:46:22.551+0600][48.496s][info][gc,heap     ] GC(24) Y: Soft Max Capacity: 3529M(90%)
[2026-04-03T01:46:22.551+0600][48.496s][info][gc,heap     ] GC(24) Y: Heap Statistics:
[2026-04-03T01:46:22.551+0600][48.496s][info][gc,heap     ] GC(24) Y:                Mark Start          Mark End        Relocate Start      Relocate End           High               Low         
[2026-04-03T01:46:22.551+0600][48.496s][info][gc,heap     ] GC(24) Y:  Capacity:     3188M (81%)        3188M (81%)        3188M (81%)        3188M (81%)        3188M (81%)        3188M (81%)    
[2026-04-03T01:46:22.552+0600][48.496s][info][gc,heap     ] GC(24) Y:      Free:     3290M (84%)        3200M (82%)        3196M (81%)        3152M (80%)        3290M (84%)        3152M (80%)    
[2026-04-03T01:46:22.552+0600][48.496s][info][gc,heap     ] GC(24) Y:      Used:      632M (16%)         722M (18%)         726M (19%)         770M (20%)         770M (20%)         632M (16%)    
[2026-04-03T01:46:22.552+0600][48.496s][info][gc,heap     ] GC(24) Y: Young Generation Statistics:
[2026-04-03T01:46:22.552+0600][48.496s][info][gc,heap     ] GC(24) Y:                Mark Start          Mark End        Relocate Start      Relocate End    
[2026-04-03T01:46:22.552+0600][48.496s][info][gc,heap     ] GC(24) Y:      Used:      210M (5%)          300M (8%)          202M (5%)          240M (6%)     
[2026-04-03T01:46:22.552+0600][48.496s][info][gc,heap     ] GC(24) Y:      Live:         -               108M (3%)            7M (0%)            3M (0%)     
[2026-04-03T01:46:22.552+0600][48.496s][info][gc,heap     ] GC(24) Y:   Garbage:         -               101M (3%)           60M (2%)           28M (1%)     
[2026-04-03T01:46:22.552+0600][48.496s][info][gc,heap     ] GC(24) Y: Allocated:         -                90M (2%)          134M (3%)          207M (5%)     
[2026-04-03T01:46:22.552+0600][48.496s][info][gc,heap     ] GC(24) Y: Reclaimed:         -                  -                40M (1%)           72M (2%)     
[2026-04-03T01:46:22.552+0600][48.497s][info][gc,heap     ] GC(24) Y:  Promoted:         -                  -               101M (3%)          105M (3%)     
[2026-04-03T01:46:22.552+0600][48.497s][info][gc,heap     ] GC(24) Y: Compacted:         -                  -                  -                 0M (0%)     
[2026-04-03T01:46:22.552+0600][48.497s][info][gc,phases   ] GC(24) Y: Young Generation 632M(16%)->770M(20%) 0.684s
[2026-04-03T01:46:22.552+0600][48.497s][info][gc,phases   ] GC(24) O: Old Generation
[2026-04-03T01:46:23.436+0600][49.381s][info][gc,task     ] Adjusting Workers for Old Generation: 1 -> 2
[2026-04-03T01:46:23.436+0600][49.381s][info][gc          ] GC(25) Minor Collection (Allocation Rate)
[2026-04-03T01:46:23.436+0600][49.381s][info][gc,task     ] GC(25) Using 1 Workers for Young Generation
[2026-04-03T01:46:23.436+0600][49.381s][info][gc,phases   ] GC(25) y: Young Generation
[2026-04-03T01:46:23.436+0600][49.381s][info][gc,phases   ] GC(25) y: Pause Mark Start 0.033ms
[2026-04-03T01:46:23.651+0600][49.596s][info][gc,phases   ] GC(24) O: Concurrent Mark 1099.186ms
[2026-04-03T01:46:23.651+0600][49.596s][info][gc,phases   ] GC(24) O: Pause Mark End 0.048ms
[2026-04-03T01:46:23.652+0600][49.596s][info][gc,phases   ] GC(24) O: Concurrent Mark Free 0.005ms
[2026-04-03T01:46:23.668+0600][49.613s][info][gc,phases   ] GC(24) O: Concurrent Process Non-Strong 16.598ms
[2026-04-03T01:46:23.668+0600][49.613s][info][gc,phases   ] GC(24) O: Concurrent Reset Relocation Set 0.009ms
[2026-04-03T01:46:23.688+0600][49.633s][info][gc,phases   ] GC(24) O: Concurrent Select Relocation Set 19.810ms
[2026-04-03T01:46:24.098+0600][50.043s][info][gc,phases   ] GC(25) y: Concurrent Mark 661.271ms
[2026-04-03T01:46:24.098+0600][50.043s][info][gc,phases   ] GC(25) y: Pause Mark End 0.037ms
[2026-04-03T01:46:24.098+0600][50.043s][info][gc,phases   ] GC(25) y: Concurrent Mark Free 0.003ms
[2026-04-03T01:46:24.099+0600][50.043s][info][gc,phases   ] GC(25) y: Concurrent Reset Relocation Set 0.076ms
[2026-04-03T01:46:24.106+0600][50.051s][info][gc,reloc    ] GC(25) y: Using tenuring threshold: 2 (Computed)
[2026-04-03T01:46:24.177+0600][50.122s][info][gc,phases   ] GC(25) y: Concurrent Select Relocation Set 78.294ms
[2026-04-03T01:46:24.177+0600][50.122s][info][gc,phases   ] GC(25) y: Pause Relocate Start 0.059ms
[2026-04-03T01:46:24.490+0600][50.434s][info][gc,phases   ] GC(25) y: Concurrent Relocate 311.934ms
[2026-04-03T01:46:24.490+0600][50.435s][info][gc,alloc    ] GC(25) y:                         Mark Start        Mark End      Relocate Start    Relocate End   
[2026-04-03T01:46:24.490+0600][50.435s][info][gc,alloc    ] GC(25) y: Allocation Stalls:          0                0                0                0         
[2026-04-03T01:46:24.490+0600][50.435s][info][gc,load     ] GC(25) y: Load: 5.43 (45%) / 6.71 (56%) / 7.34 (61%)
[2026-04-03T01:46:24.490+0600][50.435s][info][gc,mmu      ] GC(25) y: MMU: 2ms/93.8%, 5ms/97.5%, 10ms/98.8%, 20ms/99.4%, 50ms/99.7%, 100ms/99.8%
[2026-04-03T01:46:24.490+0600][50.435s][info][gc,marking  ] GC(25) y: Mark: 1 stripe(s), 2 proactive flush(es), 1 terminate flush(es), 0 completion(s), 0 continuation(s) 
[2026-04-03T01:46:24.490+0600][50.435s][info][gc,marking  ] GC(25) y: Mark Stack Usage: 32M
[2026-04-03T01:46:24.490+0600][50.435s][info][gc,nmethod  ] GC(25) y: NMethods: 6457 registered, 540 unregistered
[2026-04-03T01:46:24.490+0600][50.435s][info][gc,metaspace] GC(25) y: Metaspace: 71M used, 72M committed, 1088M reserved
[2026-04-03T01:46:24.490+0600][50.435s][info][gc,reloc    ] GC(25) y:                        Candidates     Selected     In-Place         Size        Empty    Relocated 
[2026-04-03T01:46:24.490+0600][50.435s][info][gc,reloc    ] GC(25) y: Small Pages:                  339          249            0         678M          44M          57M 
[2026-04-03T01:46:24.490+0600][50.435s][info][gc,reloc    ] GC(25) y: Medium Pages:                   3            2            0          96M           0M           5M 
[2026-04-03T01:46:24.490+0600][50.435s][info][gc,reloc    ] GC(25) y: Large Pages:                   13            0            0         102M          62M           0M 
[2026-04-03T01:46:24.490+0600][50.435s][info][gc,reloc    ] GC(25) y: Forwarding Usage: 66M
[2026-04-03T01:46:24.490+0600][50.435s][info][gc,reloc    ] GC(25) y: Age Table:
[2026-04-03T01:46:24.490+0600][50.435s][info][gc,reloc    ] GC(25) y:                    Live             Garbage             Small              Medium             Large        
[2026-04-03T01:46:24.490+0600][50.435s][info][gc,reloc    ] GC(25) y: Eden             157M (4%)          678M (17%)        335 / 248            2 / 1             13 / 0        
[2026-04-03T01:46:24.490+0600][50.435s][info][gc,reloc    ] GC(25) y: Survivor 1         3M (0%)           36M (1%)           4 / 1              1 / 1              0 / 0        
[2026-04-03T01:46:24.490+0600][50.435s][info][gc,heap     ] GC(25) y: Min Capacity: 8M(0%)
[2026-04-03T01:46:24.490+0600][50.435s][info][gc,heap     ] GC(25) y: Max Capacity: 3922M(100%)
[2026-04-03T01:46:24.490+0600][50.435s][info][gc,heap     ] GC(25) y: Soft Max Capacity: 3529M(90%)
[2026-04-03T01:46:24.490+0600][50.435s][info][gc,heap     ] GC(25) y: Heap Statistics:
[2026-04-03T01:46:24.490+0600][50.435s][info][gc,heap     ] GC(25) y:                Mark Start          Mark End        Relocate Start      Relocate End           High               Low         
[2026-04-03T01:46:24.490+0600][50.435s][info][gc,heap     ] GC(25) y:  Capacity:     3188M (81%)        3188M (81%)        3188M (81%)        3188M (81%)        3188M (81%)        3188M (81%)    
[2026-04-03T01:46:24.490+0600][50.435s][info][gc,heap     ] GC(25) y:      Free:     2516M (64%)        2014M (51%)        2038M (52%)        2348M (60%)        2516M (64%)        1996M (51%)    
[2026-04-03T01:46:24.490+0600][50.435s][info][gc,heap     ] GC(25) y:      Used:     1406M (36%)        1908M (49%)        1884M (48%)        1574M (40%)        1926M (49%)        1406M (36%)    
[2026-04-03T01:46:24.490+0600][50.435s][info][gc,heap     ] GC(25) y: Young Generation Statistics:
[2026-04-03T01:46:24.490+0600][50.435s][info][gc,heap     ] GC(25) y:                Mark Start          Mark End        Relocate Start      Relocate End    
[2026-04-03T01:46:24.490+0600][50.435s][info][gc,heap     ] GC(25) y:      Used:      876M (22%)        1526M (39%)        1502M (38%)        1192M (30%)    
[2026-04-03T01:46:24.490+0600][50.435s][info][gc,heap     ] GC(25) y:      Live:         -               160M (4%)          160M (4%)          160M (4%)     
[2026-04-03T01:46:24.490+0600][50.435s][info][gc,heap     ] GC(25) y:   Garbage:         -               715M (18%)         609M (16%)           2M (0%)     
[2026-04-03T01:46:24.490+0600][50.435s][info][gc,heap     ] GC(25) y: Allocated:         -               650M (17%)         732M (19%)        1028M (26%)    
[2026-04-03T01:46:24.490+0600][50.435s][info][gc,heap     ] GC(25) y: Reclaimed:         -                  -               106M (3%)          712M (18%)    
[2026-04-03T01:46:24.490+0600][50.435s][info][gc,heap     ] GC(25) y:  Promoted:         -                  -                 0M (0%)            0M (0%)     
[2026-04-03T01:46:24.490+0600][50.435s][info][gc,heap     ] GC(25) y: Compacted:         -                  -                  -               115M (3%)     
[2026-04-03T01:46:24.490+0600][50.435s][info][gc,phases   ] GC(25) y: Young Generation 1406M(36%)->1574M(40%) 1.054s
[2026-04-03T01:46:24.490+0600][50.435s][info][gc          ] GC(25) Minor Collection (Allocation Rate) 1406M(36%)->1576M(40%) 1.054s
[2026-04-03T01:46:24.490+0600][50.435s][info][gc,task     ] GC(24) O: Using 3 Workers for Old Generation
[2026-04-03T01:46:24.522+0600][50.467s][info][gc,task     ] GC(24) O: Using 2 Workers for Old Generation
[2026-04-03T01:46:24.522+0600][50.467s][info][gc,phases   ] GC(24) O: Concurrent Remap Roots 31.780ms
[2026-04-03T01:46:24.523+0600][50.467s][info][gc,phases   ] GC(24) O: Pause Relocate Start 0.062ms
[2026-04-03T01:46:24.631+0600][50.576s][info][gc,phases   ] GC(24) O: Concurrent Relocate 108.364ms
[2026-04-03T01:46:24.631+0600][50.576s][info][gc,alloc    ] GC(24) O:                         Mark Start        Mark End      Relocate Start    Relocate End   
[2026-04-03T01:46:24.631+0600][50.576s][info][gc,alloc    ] GC(24) O: Allocation Stalls:          0                0                0                0         
[2026-04-03T01:46:24.631+0600][50.576s][info][gc,load     ] GC(24) O: Load: 5.43 (45%) / 6.71 (56%) / 7.34 (61%)
[2026-04-03T01:46:24.631+0600][50.576s][info][gc,mmu      ] GC(24) O: MMU: 2ms/93.8%, 5ms/97.5%, 10ms/98.8%, 20ms/99.4%, 50ms/99.7%, 100ms/99.8%
[2026-04-03T01:46:24.631+0600][50.576s][info][gc,marking  ] GC(24) O: Mark: 1 stripe(s), 2 proactive flush(es), 1 terminate flush(es), 0 completion(s), 0 continuation(s) 
[2026-04-03T01:46:24.631+0600][50.576s][info][gc,marking  ] GC(24) O: Mark Stack Usage: 32M
[2026-04-03T01:46:24.631+0600][50.576s][info][gc,nmethod  ] GC(24) O: NMethods: 6457 registered, 540 unregistered
[2026-04-03T01:46:24.631+0600][50.576s][info][gc,metaspace] GC(24) O: Metaspace: 71M used, 72M committed, 1088M reserved
[2026-04-03T01:46:24.631+0600][50.576s][info][gc,ref      ] GC(24) O:                       Encountered   Discovered     Enqueued 
[2026-04-03T01:46:24.632+0600][50.576s][info][gc,ref      ] GC(24) O: Soft References:             5083            0            0 
[2026-04-03T01:46:24.632+0600][50.576s][info][gc,ref      ] GC(24) O: Weak References:             6661         5235           33 
[2026-04-03T01:46:24.632+0600][50.576s][info][gc,ref      ] GC(24) O: Final References:              84            0            0 
[2026-04-03T01:46:24.632+0600][50.576s][info][gc,ref      ] GC(24) O: Phantom References:           601          570            0 
[2026-04-03T01:46:24.632+0600][50.576s][info][gc,reloc    ] GC(24) O:                        Candidates     Selected     In-Place         Size        Empty    Relocated 
[2026-04-03T01:46:24.632+0600][50.576s][info][gc,reloc    ] GC(24) O: Small Pages:                  165           15            0         330M          88M           8M 
[2026-04-03T01:46:24.632+0600][50.576s][info][gc,reloc    ] GC(24) O: Medium Pages:                   1            0            0          32M           0M           0M 
[2026-04-03T01:46:24.632+0600][50.576s][info][gc,reloc    ] GC(24) O: Large Pages:                    6            0            0          60M          60M           0M 
[2026-04-03T01:46:24.632+0600][50.576s][info][gc,reloc    ] GC(24) O: Forwarding Usage: 28M
[2026-04-03T01:46:24.632+0600][50.576s][info][gc,heap     ] GC(24) O: Min Capacity: 8M(0%)
[2026-04-03T01:46:24.632+0600][50.577s][info][gc,heap     ] GC(24) O: Max Capacity: 3922M(100%)
[2026-04-03T01:46:24.632+0600][50.577s][info][gc,heap     ] GC(24) O: Soft Max Capacity: 3529M(90%)
[2026-04-03T01:46:24.632+0600][50.577s][info][gc,heap     ] GC(24) O: Heap Statistics:
[2026-04-03T01:46:24.632+0600][50.577s][info][gc,heap     ] GC(24) O:                Mark Start          Mark End        Relocate Start      Relocate End           High               Low         
[2026-04-03T01:46:24.632+0600][50.577s][info][gc,heap     ] GC(24) O:  Capacity:     3188M (81%)        3188M (81%)        3188M (81%)        3188M (81%)        3188M (81%)        3188M (81%)    
[2026-04-03T01:46:24.632+0600][50.577s][info][gc,heap     ] GC(24) O:      Free:     3290M (84%)        2304M (59%)        2326M (59%)        2292M (58%)        3290M (84%)        1996M (51%)    
[2026-04-03T01:46:24.632+0600][50.577s][info][gc,heap     ] GC(24) O:      Used:      632M (16%)        1618M (41%)        1596M (41%)        1630M (42%)        1926M (49%)         632M (16%)    
[2026-04-03T01:46:24.632+0600][50.577s][info][gc,heap     ] GC(24) O: Old Generation Statistics:
[2026-04-03T01:46:24.632+0600][50.577s][info][gc,heap     ] GC(24) O:                Mark Start          Mark End        Relocate Start      Relocate End    
[2026-04-03T01:46:24.632+0600][50.577s][info][gc,heap     ] GC(24) O:      Used:      422M (11%)         530M (14%)         382M (10%)         356M (9%)     
[2026-04-03T01:46:24.632+0600][50.577s][info][gc,heap     ] GC(24) O:      Live:         -               210M (5%)          210M (5%)          210M (5%)     
[2026-04-03T01:46:24.632+0600][50.577s][info][gc,heap     ] GC(24) O:   Garbage:         -               211M (5%)           63M (2%)           28M (1%)     
[2026-04-03T01:46:24.632+0600][50.577s][info][gc,heap     ] GC(24) O: Allocated:         -               108M (3%)          108M (3%)          116M (3%)     
[2026-04-03T01:46:24.632+0600][50.577s][info][gc,heap     ] GC(24) O: Reclaimed:         -                  -               148M (4%)          182M (5%)     
[2026-04-03T01:46:24.632+0600][50.577s][info][gc,heap     ] GC(24) O: Compacted:         -                  -                  -                31M (1%)     
[2026-04-03T01:46:24.632+0600][50.577s][info][gc,phases   ] GC(24) O: Old Generation 772M(20%)->1630M(42%) 2.080s
[2026-04-03T01:46:24.632+0600][50.577s][info][gc          ] GC(24) Major Collection (Allocation Rate) 632M(16%)->1630M(42%) 2.765s
[2026-04-03T01:46:26.712+0600][52.657s][info][gc          ] GC(26) Minor Collection (Allocation Rate)
[2026-04-03T01:46:26.712+0600][52.657s][info][gc,task     ] GC(26) Using 3 Workers for Young Generation
[2026-04-03T01:46:26.712+0600][52.657s][info][gc,phases   ] GC(26) y: Young Generation
[2026-04-03T01:46:26.713+0600][52.658s][info][gc,phases   ] GC(26) y: Pause Mark Start 0.078ms
[2026-04-03T01:46:26.764+0600][52.709s][info][gc,phases   ] GC(26) y: Concurrent Mark 50.812ms
[2026-04-03T01:46:26.764+0600][52.709s][info][gc,phases   ] GC(26) y: Pause Mark End 0.034ms
[2026-04-03T01:46:26.765+0600][52.709s][info][gc,phases   ] GC(26) y: Concurrent Mark Free 0.003ms
[2026-04-03T01:46:26.765+0600][52.710s][info][gc,phases   ] GC(26) y: Concurrent Reset Relocation Set 0.104ms
[2026-04-03T01:46:26.773+0600][52.718s][info][gc,reloc    ] GC(26) y: Using tenuring threshold: 1 (Computed)
[2026-04-03T01:46:26.785+0600][52.729s][info][gc,phases   ] GC(26) y: Concurrent Select Relocation Set 19.698ms
[2026-04-03T01:46:26.785+0600][52.730s][info][gc,phases   ] GC(26) y: Pause Relocate Start 0.038ms
[2026-04-03T01:46:26.822+0600][52.767s][info][gc,phases   ] GC(26) y: Concurrent Relocate 36.741ms
[2026-04-03T01:46:26.822+0600][52.767s][info][gc,alloc    ] GC(26) y:                         Mark Start        Mark End      Relocate Start    Relocate End   
[2026-04-03T01:46:26.822+0600][52.767s][info][gc,alloc    ] GC(26) y: Allocation Stalls:          0                0                0                0         
[2026-04-03T01:46:26.822+0600][52.767s][info][gc,load     ] GC(26) y: Load: 5.43 (45%) / 6.71 (56%) / 7.34 (61%)
[2026-04-03T01:46:26.822+0600][52.767s][info][gc,mmu      ] GC(26) y: MMU: 2ms/93.8%, 5ms/97.5%, 10ms/98.8%, 20ms/99.4%, 50ms/99.7%, 100ms/99.8%
[2026-04-03T01:46:26.822+0600][52.767s][info][gc,marking  ] GC(26) y: Mark: 2 stripe(s), 2 proactive flush(es), 1 terminate flush(es), 0 completion(s), 0 continuation(s) 
[2026-04-03T01:46:26.822+0600][52.767s][info][gc,marking  ] GC(26) y: Mark Stack Usage: 32M
[2026-04-03T01:46:26.822+0600][52.767s][info][gc,nmethod  ] GC(26) y: NMethods: 6538 registered, 540 unregistered
[2026-04-03T01:46:26.822+0600][52.767s][info][gc,metaspace] GC(26) y: Metaspace: 71M used, 72M committed, 1088M reserved
[2026-04-03T01:46:26.822+0600][52.767s][info][gc,reloc    ] GC(26) y:                        Candidates     Selected     In-Place         Size        Empty    Relocated 
[2026-04-03T01:46:26.822+0600][52.767s][info][gc,reloc    ] GC(26) y: Small Pages:                  845           35            0        1690M        1616M           2M 
[2026-04-03T01:46:26.822+0600][52.767s][info][gc,reloc    ] GC(26) y: Medium Pages:                   3            1            0          96M          32M           3M 
[2026-04-03T01:46:26.822+0600][52.767s][info][gc,reloc    ] GC(26) y: Large Pages:                   14            0            0         148M         148M           0M 
[2026-04-03T01:46:26.822+0600][52.767s][info][gc,reloc    ] GC(26) y: Forwarding Usage: 1M
[2026-04-03T01:46:26.822+0600][52.767s][info][gc,reloc    ] GC(26) y: Age Table:
[2026-04-03T01:46:26.822+0600][52.767s][info][gc,reloc    ] GC(26) y:                    Live             Garbage             Small              Medium             Large        
[2026-04-03T01:46:26.822+0600][52.767s][info][gc,reloc    ] GC(26) y: Eden               3M (0%)         1700M (43%)        782 / 30             1 / 0             10 / 0        
[2026-04-03T01:46:26.822+0600][52.767s][info][gc,reloc    ] GC(26) y: Survivor 1         0M (0%)          195M (5%)          62 / 4              1 / 0              4 / 0        
[2026-04-03T01:46:26.822+0600][52.767s][info][gc,reloc    ] GC(26) y: Survivor 2         3M (0%)           30M (1%)           1 / 1              1 / 1              0 / 0        
[2026-04-03T01:46:26.822+0600][52.767s][info][gc,heap     ] GC(26) y: Min Capacity: 8M(0%)
[2026-04-03T01:46:26.822+0600][52.767s][info][gc,heap     ] GC(26) y: Max Capacity: 3922M(100%)
[2026-04-03T01:46:26.822+0600][52.767s][info][gc,heap     ] GC(26) y: Soft Max Capacity: 3529M(90%)
[2026-04-03T01:46:26.822+0600][52.767s][info][gc,heap     ] GC(26) y: Heap Statistics:
[2026-04-03T01:46:26.822+0600][52.767s][info][gc,heap     ] GC(26) y:                Mark Start          Mark End        Relocate Start      Relocate End           High               Low         
[2026-04-03T01:46:26.823+0600][52.767s][info][gc,heap     ] GC(26) y:  Capacity:     3188M (81%)        3188M (81%)        3188M (81%)        3220M (82%)        3220M (82%)        3188M (81%)    
[2026-04-03T01:46:26.823+0600][52.767s][info][gc,heap     ] GC(26) y:      Free:     1632M (42%)        1574M (40%)        3362M (86%)        3398M (87%)        3398M (87%)        1574M (40%)    
[2026-04-03T01:46:26.823+0600][52.767s][info][gc,heap     ] GC(26) y:      Used:     2290M (58%)        2348M (60%)         560M (14%)         524M (13%)        2348M (60%)         524M (13%)    
[2026-04-03T01:46:26.823+0600][52.767s][info][gc,heap     ] GC(26) y: Young Generation Statistics:
[2026-04-03T01:46:26.823+0600][52.767s][info][gc,heap     ] GC(26) y:                Mark Start          Mark End        Relocate Start      Relocate End    
[2026-04-03T01:46:26.823+0600][52.767s][info][gc,heap     ] GC(26) y:      Used:     1934M (49%)        1992M (51%)         204M (5%)          132M (3%)     
[2026-04-03T01:46:26.823+0600][52.767s][info][gc,heap     ] GC(26) y:      Live:         -                 7M (0%)            7M (0%)            3M (0%)     
[2026-04-03T01:46:26.823+0600][52.767s][info][gc,heap     ] GC(26) y:   Garbage:         -              1926M (49%)         130M (3%)            0M (0%)     
[2026-04-03T01:46:26.823+0600][52.767s][info][gc,heap     ] GC(26) y: Allocated:         -                58M (1%)           66M (2%)          128M (3%)     
[2026-04-03T01:46:26.823+0600][52.768s][info][gc,heap     ] GC(26) y: Reclaimed:         -                  -              1796M (46%)        1926M (49%)    
[2026-04-03T01:46:26.823+0600][52.768s][info][gc,heap     ] GC(26) y:  Promoted:         -                  -                 0M (0%)            3M (0%)     
[2026-04-03T01:46:26.823+0600][52.768s][info][gc,heap     ] GC(26) y: Compacted:         -                  -                  -                 3M (0%)     
[2026-04-03T01:46:26.823+0600][52.768s][info][gc,phases   ] GC(26) y: Young Generation 2290M(58%)->524M(13%) 0.110s
[2026-04-03T01:46:26.823+0600][52.768s][info][gc          ] GC(26) Minor Collection (Allocation Rate) 2288M(58%)->524M(13%) 0.110s
[2026-04-03T01:46:28.719+0600][54.664s][info][gc          ] GC(27) Minor Collection (Allocation Rate)
[2026-04-03T01:46:28.719+0600][54.664s][info][gc,task     ] GC(27) Using 2 Workers for Young Generation
[2026-04-03T01:46:28.719+0600][54.664s][info][gc,phases   ] GC(27) y: Young Generation
[2026-04-03T01:46:28.719+0600][54.664s][info][gc,phases   ] GC(27) y: Pause Mark Start 0.025ms
[2026-04-03T01:46:28.836+0600][54.781s][info][gc,phases   ] GC(27) y: Concurrent Mark 116.698ms
[2026-04-03T01:46:28.836+0600][54.781s][info][gc,phases   ] GC(27) y: Pause Mark End 0.030ms
[2026-04-03T01:46:28.837+0600][54.781s][info][gc,phases   ] GC(27) y: Concurrent Mark Free 0.003ms
[2026-04-03T01:46:28.837+0600][54.781s][info][gc,phases   ] GC(27) y: Concurrent Reset Relocation Set 0.009ms
[2026-04-03T01:46:28.843+0600][54.788s][info][gc,reloc    ] GC(27) y: Using tenuring threshold: 2 (Computed)
[2026-04-03T01:46:28.871+0600][54.816s][info][gc,phases   ] GC(27) y: Concurrent Select Relocation Set 34.208ms
[2026-04-03T01:46:28.871+0600][54.816s][info][gc,phases   ] GC(27) y: Pause Relocate Start 0.034ms
[2026-04-03T01:46:28.956+0600][54.901s][info][gc,phases   ] GC(27) y: Concurrent Relocate 84.878ms
[2026-04-03T01:46:28.956+0600][54.901s][info][gc,alloc    ] GC(27) y:                         Mark Start        Mark End      Relocate Start    Relocate End   
[2026-04-03T01:46:28.956+0600][54.901s][info][gc,alloc    ] GC(27) y: Allocation Stalls:          0                0                0                0         
[2026-04-03T01:46:28.956+0600][54.901s][info][gc,load     ] GC(27) y: Load: 5.43 (45%) / 6.71 (56%) / 7.34 (61%)
[2026-04-03T01:46:28.956+0600][54.901s][info][gc,mmu      ] GC(27) y: MMU: 2ms/93.8%, 5ms/97.5%, 10ms/98.8%, 20ms/99.4%, 50ms/99.7%, 100ms/99.8%
[2026-04-03T01:46:28.956+0600][54.901s][info][gc,marking  ] GC(27) y: Mark: 2 stripe(s), 5 proactive flush(es), 1 terminate flush(es), 0 completion(s), 0 continuation(s) 
[2026-04-03T01:46:28.956+0600][54.901s][info][gc,marking  ] GC(27) y: Mark Stack Usage: 32M
[2026-04-03T01:46:28.956+0600][54.901s][info][gc,nmethod  ] GC(27) y: NMethods: 6786 registered, 540 unregistered
[2026-04-03T01:46:28.957+0600][54.901s][info][gc,metaspace] GC(27) y: Metaspace: 71M used, 72M committed, 1088M reserved
[2026-04-03T01:46:28.957+0600][54.901s][info][gc,reloc    ] GC(27) y:                        Candidates     Selected     In-Place         Size        Empty    Relocated 
[2026-04-03T01:46:28.957+0600][54.901s][info][gc,reloc    ] GC(27) y: Small Pages:                  617          206            0        1234M         778M          33M 
[2026-04-03T01:46:28.957+0600][54.901s][info][gc,reloc    ] GC(27) y: Medium Pages:                   3            0            0          96M          64M           0M 
[2026-04-03T01:46:28.957+0600][54.901s][info][gc,reloc    ] GC(27) y: Large Pages:                   21            0            0         162M         162M           0M 
[2026-04-03T01:46:28.957+0600][54.901s][info][gc,reloc    ] GC(27) y: Forwarding Usage: 36M
[2026-04-03T01:46:28.957+0600][54.901s][info][gc,reloc    ] GC(27) y: Age Table:
[2026-04-03T01:46:28.957+0600][54.902s][info][gc,reloc    ] GC(27) y:                    Live             Garbage             Small              Medium             Large        
[2026-04-03T01:46:28.957+0600][54.902s][info][gc,reloc    ] GC(27) y: Eden              44M (1%)         1405M (36%)        612 / 204            2 / 0             21 / 0        
[2026-04-03T01:46:28.957+0600][54.902s][info][gc,reloc    ] GC(27) y: Survivor 1         0M (0%)           41M (1%)           5 / 2              1 / 0              0 / 0        
[2026-04-03T01:46:28.957+0600][54.902s][info][gc,heap     ] GC(27) y: Min Capacity: 8M(0%)
[2026-04-03T01:46:28.957+0600][54.902s][info][gc,heap     ] GC(27) y: Max Capacity: 3922M(100%)
[2026-04-03T01:46:28.957+0600][54.902s][info][gc,heap     ] GC(27) y: Soft Max Capacity: 3529M(90%)
[2026-04-03T01:46:28.957+0600][54.902s][info][gc,heap     ] GC(27) y: Heap Statistics:
[2026-04-03T01:46:28.957+0600][54.902s][info][gc,heap     ] GC(27) y:                Mark Start          Mark End        Relocate Start      Relocate End           High               Low         
[2026-04-03T01:46:28.957+0600][54.902s][info][gc,heap     ] GC(27) y:  Capacity:     3220M (82%)        3220M (82%)        3220M (82%)        3220M (82%)        3220M (82%)        3220M (82%)    
[2026-04-03T01:46:28.957+0600][54.902s][info][gc,heap     ] GC(27) y:      Free:     2038M (52%)        1842M (47%)        2806M (72%)        3134M (80%)        3134M (80%)        1842M (47%)    
[2026-04-03T01:46:28.957+0600][54.902s][info][gc,heap     ] GC(27) y:      Used:     1884M (48%)        2080M (53%)        1116M (28%)         788M (20%)        2080M (53%)         788M (20%)    
[2026-04-03T01:46:28.957+0600][54.902s][info][gc,heap     ] GC(27) y: Young Generation Statistics:
[2026-04-03T01:46:28.957+0600][54.902s][info][gc,heap     ] GC(27) y:                Mark Start          Mark End        Relocate Start      Relocate End    
[2026-04-03T01:46:28.957+0600][54.902s][info][gc,heap     ] GC(27) y:      Used:     1492M (38%)        1688M (43%)         724M (18%)         396M (10%)    
[2026-04-03T01:46:28.957+0600][54.902s][info][gc,heap     ] GC(27) y:      Live:         -                44M (1%)           44M (1%)           44M (1%)     
[2026-04-03T01:46:28.957+0600][54.902s][info][gc,heap     ] GC(27) y:   Garbage:         -              1447M (37%)         443M (11%)          25M (1%)     
[2026-04-03T01:46:28.957+0600][54.902s][info][gc,heap     ] GC(27) y: Allocated:         -               196M (5%)          236M (6%)          325M (8%)     
[2026-04-03T01:46:28.957+0600][54.902s][info][gc,heap     ] GC(27) y: Reclaimed:         -                  -              1004M (26%)        1421M (36%)    
[2026-04-03T01:46:28.957+0600][54.902s][info][gc,heap     ] GC(27) y:  Promoted:         -                  -                 0M (0%)            0M (0%)     
[2026-04-03T01:46:28.957+0600][54.902s][info][gc,heap     ] GC(27) y: Compacted:         -                  -                  -                38M (1%)     
[2026-04-03T01:46:28.957+0600][54.902s][info][gc,phases   ] GC(27) y: Young Generation 1884M(48%)->788M(20%) 0.237s
[2026-04-03T01:46:28.957+0600][54.902s][info][gc          ] GC(27) Minor Collection (Allocation Rate) 1884M(48%)->788M(20%) 0.238s
[2026-04-03T01:46:31.095+0600][57.040s][info][gc          ] GC(28) Major Collection (System.gc())
[2026-04-03T01:46:31.095+0600][57.040s][info][gc,task     ] GC(28) Using 3 Workers for Young Generation
[2026-04-03T01:46:31.096+0600][57.040s][info][gc,task     ] GC(28) Using 3 Workers for Old Generation
[2026-04-03T01:46:31.096+0600][57.040s][info][gc,phases   ] GC(28) Y: Young Generation (Promote All)
[2026-04-03T01:46:31.096+0600][57.040s][info][gc,phases   ] GC(28) Y: Pause Mark Start 0.020ms
[2026-04-03T01:46:31.107+0600][57.052s][info][gc,phases   ] GC(28) Y: Concurrent Mark 11.727ms
[2026-04-03T01:46:31.108+0600][57.053s][info][gc,phases   ] GC(28) Y: Pause Mark End 0.047ms
[2026-04-03T01:46:31.108+0600][57.053s][info][gc,phases   ] GC(28) Y: Concurrent Mark Free 0.003ms
[2026-04-03T01:46:31.108+0600][57.053s][info][gc,phases   ] GC(28) Y: Concurrent Reset Relocation Set 0.030ms
[2026-04-03T01:46:31.111+0600][57.056s][info][gc,reloc    ] GC(28) Y: Using tenuring threshold: 0 (Promote All)
[2026-04-03T01:46:31.115+0600][57.060s][info][gc,phases   ] GC(28) Y: Concurrent Select Relocation Set 7.420ms
[2026-04-03T01:46:31.116+0600][57.060s][info][gc,phases   ] GC(28) Y: Pause Relocate Start 0.023ms
[2026-04-03T01:46:31.117+0600][57.062s][info][gc,phases   ] GC(28) Y: Concurrent Relocate 0.911ms
[2026-04-03T01:46:31.117+0600][57.062s][info][gc,alloc    ] GC(28) Y:                         Mark Start        Mark End      Relocate Start    Relocate End   
[2026-04-03T01:46:31.117+0600][57.062s][info][gc,alloc    ] GC(28) Y: Allocation Stalls:          0                0                0                0         
[2026-04-03T01:46:31.117+0600][57.062s][info][gc,load     ] GC(28) Y: Load: 5.55 (46%) / 6.72 (56%) / 7.34 (61%)
[2026-04-03T01:46:31.117+0600][57.062s][info][gc,mmu      ] GC(28) Y: MMU: 2ms/93.8%, 5ms/97.5%, 10ms/98.8%, 20ms/99.4%, 50ms/99.7%, 100ms/99.8%
[2026-04-03T01:46:31.117+0600][57.062s][info][gc,marking  ] GC(28) Y: Mark: 2 stripe(s), 1 proactive flush(es), 1 terminate flush(es), 0 completion(s), 0 continuation(s) 
[2026-04-03T01:46:31.117+0600][57.062s][info][gc,marking  ] GC(28) Y: Mark Stack Usage: 32M
[2026-04-03T01:46:31.117+0600][57.062s][info][gc,nmethod  ] GC(28) Y: NMethods: 6940 registered, 540 unregistered
[2026-04-03T01:46:31.117+0600][57.062s][info][gc,metaspace] GC(28) Y: Metaspace: 71M used, 72M committed, 1088M reserved
[2026-04-03T01:46:31.117+0600][57.062s][info][gc,reloc    ] GC(28) Y:                        Candidates     Selected     In-Place         Size        Empty    Relocated 
[2026-04-03T01:46:31.117+0600][57.062s][info][gc,reloc    ] GC(28) Y: Small Pages:                  711           23            0        1422M        1374M           0M 
[2026-04-03T01:46:31.117+0600][57.062s][info][gc,reloc    ] GC(28) Y: Medium Pages:                   7            0            0         224M         224M           0M 
[2026-04-03T01:46:31.117+0600][57.062s][info][gc,reloc    ] GC(28) Y: Large Pages:                   22            0            0         136M         136M           0M 
[2026-04-03T01:46:31.117+0600][57.062s][info][gc,reloc    ] GC(28) Y: Forwarding Usage: 0M
[2026-04-03T01:46:31.117+0600][57.062s][info][gc,reloc    ] GC(28) Y: Age Table:
[2026-04-03T01:46:31.117+0600][57.062s][info][gc,reloc    ] GC(28) Y:                    Live             Garbage             Small              Medium             Large        
[2026-04-03T01:46:31.117+0600][57.062s][info][gc,reloc    ] GC(28) Y: Eden               0M (0%)         1699M (43%)        686 / 19             6 / 0             22 / 0        
[2026-04-03T01:46:31.117+0600][57.062s][info][gc,reloc    ] GC(28) Y: Survivor 1         0M (0%)           77M (2%)          23 / 2              1 / 0              0 / 0        
[2026-04-03T01:46:31.117+0600][57.062s][info][gc,reloc    ] GC(28) Y: Survivor 2         0M (0%)            3M (0%)           2 / 2              0 / 0              0 / 0        
[2026-04-03T01:46:31.117+0600][57.062s][info][gc,heap     ] GC(28) Y: Min Capacity: 8M(0%)
[2026-04-03T01:46:31.117+0600][57.062s][info][gc,heap     ] GC(28) Y: Max Capacity: 3922M(100%)
[2026-04-03T01:46:31.117+0600][57.062s][info][gc,heap     ] GC(28) Y: Soft Max Capacity: 3529M(90%)
[2026-04-03T01:46:31.117+0600][57.062s][info][gc,heap     ] GC(28) Y: Heap Statistics:
[2026-04-03T01:46:31.117+0600][57.062s][info][gc,heap     ] GC(28) Y:                Mark Start          Mark End        Relocate Start      Relocate End           High               Low         
[2026-04-03T01:46:31.117+0600][57.062s][info][gc,heap     ] GC(28) Y:  Capacity:     3316M (85%)        3316M (85%)        3316M (85%)        3316M (85%)        3316M (85%)        3316M (85%)    
[2026-04-03T01:46:31.117+0600][57.062s][info][gc,heap     ] GC(28) Y:      Free:     1748M (45%)        1746M (45%)        3480M (89%)        3522M (90%)        3522M (90%)        1746M (45%)    
[2026-04-03T01:46:31.117+0600][57.062s][info][gc,heap     ] GC(28) Y:      Used:     2174M (55%)        2176M (55%)         442M (11%)         400M (10%)        2176M (55%)         400M (10%)    
[2026-04-03T01:46:31.117+0600][57.062s][info][gc,heap     ] GC(28) Y: Young Generation Statistics:
[2026-04-03T01:46:31.117+0600][57.062s][info][gc,heap     ] GC(28) Y:                Mark Start          Mark End        Relocate Start      Relocate End    
[2026-04-03T01:46:31.117+0600][57.062s][info][gc,heap     ] GC(28) Y:      Used:     1782M (45%)        1784M (45%)          50M (1%)            2M (0%)     
[2026-04-03T01:46:31.117+0600][57.062s][info][gc,heap     ] GC(28) Y:      Live:         -                 0M (0%)            0M (0%)            0M (0%)     
[2026-04-03T01:46:31.117+0600][57.062s][info][gc,heap     ] GC(28) Y:   Garbage:         -              1781M (45%)          47M (1%)            0M (0%)     
[2026-04-03T01:46:31.117+0600][57.062s][info][gc,heap     ] GC(28) Y: Allocated:         -                 2M (0%)            2M (0%)            2M (0%)     
[2026-04-03T01:46:31.117+0600][57.062s][info][gc,heap     ] GC(28) Y: Reclaimed:         -                  -              1734M (44%)        1781M (45%)    
[2026-04-03T01:46:31.117+0600][57.062s][info][gc,heap     ] GC(28) Y:  Promoted:         -                  -                 0M (0%)            0M (0%)     
[2026-04-03T01:46:31.117+0600][57.062s][info][gc,heap     ] GC(28) Y: Compacted:         -                  -                  -                 0M (0%)     
[2026-04-03T01:46:31.117+0600][57.062s][info][gc,phases   ] GC(28) Y: Young Generation (Promote All) 2174M(55%)->400M(10%) 0.021s
[2026-04-03T01:46:31.117+0600][57.062s][info][gc,phases   ] GC(28) Y: Young Generation (Collect Roots)
[2026-04-03T01:46:31.117+0600][57.062s][info][gc,phases   ] GC(28) Y: Pause Mark Start (Major) 0.032ms
[2026-04-03T01:46:31.127+0600][57.072s][info][gc,phases   ] GC(28) Y: Concurrent Mark 9.943ms
[2026-04-03T01:46:31.128+0600][57.072s][info][gc,phases   ] GC(28) Y: Pause Mark End 0.031ms
[2026-04-03T01:46:31.128+0600][57.073s][info][gc,phases   ] GC(28) Y: Concurrent Mark Free 0.002ms
[2026-04-03T01:46:31.128+0600][57.073s][info][gc,phases   ] GC(28) Y: Concurrent Reset Relocation Set 0.006ms
[2026-04-03T01:46:31.130+0600][57.074s][info][gc,reloc    ] GC(28) Y: Using tenuring threshold: 1 (Computed)
[2026-04-03T01:46:31.130+0600][57.075s][info][gc,phases   ] GC(28) Y: Concurrent Select Relocation Set 2.027ms
[2026-04-03T01:46:31.130+0600][57.075s][info][gc,phases   ] GC(28) Y: Pause Relocate Start 0.024ms
[2026-04-03T01:46:31.130+0600][57.075s][info][gc,phases   ] GC(28) Y: Concurrent Relocate 0.140ms
[2026-04-03T01:46:31.130+0600][57.075s][info][gc,alloc    ] GC(28) Y:                         Mark Start        Mark End      Relocate Start    Relocate End   
[2026-04-03T01:46:31.130+0600][57.075s][info][gc,alloc    ] GC(28) Y: Allocation Stalls:          0                0                0                0         
[2026-04-03T01:46:31.130+0600][57.075s][info][gc,load     ] GC(28) Y: Load: 5.55 (46%) / 6.72 (56%) / 7.34 (61%)
[2026-04-03T01:46:31.130+0600][57.075s][info][gc,mmu      ] GC(28) Y: MMU: 2ms/93.8%, 5ms/97.5%, 10ms/98.8%, 20ms/99.3%, 50ms/99.6%, 100ms/99.8%
[2026-04-03T01:46:31.130+0600][57.075s][info][gc,marking  ] GC(28) Y: Mark: 2 stripe(s), 1 proactive flush(es), 1 terminate flush(es), 0 completion(s), 0 continuation(s) 
[2026-04-03T01:46:31.130+0600][57.075s][info][gc,marking  ] GC(28) Y: Mark Stack Usage: 32M
[2026-04-03T01:46:31.131+0600][57.075s][info][gc,nmethod  ] GC(28) Y: NMethods: 6940 registered, 540 unregistered
[2026-04-03T01:46:31.131+0600][57.075s][info][gc,metaspace] GC(28) Y: Metaspace: 71M used, 72M committed, 1088M reserved
[2026-04-03T01:46:31.131+0600][57.075s][info][gc,reloc    ] GC(28) Y:                        Candidates     Selected     In-Place         Size        Empty    Relocated 
[2026-04-03T01:46:31.131+0600][57.075s][info][gc,reloc    ] GC(28) Y: Small Pages:                    1            0            0           2M           0M           0M 
[2026-04-03T01:46:31.131+0600][57.075s][info][gc,reloc    ] GC(28) Y: Medium Pages:                   0            0            0           0M           0M           0M 
[2026-04-03T01:46:31.131+0600][57.075s][info][gc,reloc    ] GC(28) Y: Large Pages:                    0            0            0           0M           0M           0M 
[2026-04-03T01:46:31.131+0600][57.075s][info][gc,reloc    ] GC(28) Y: Forwarding Usage: 0M
[2026-04-03T01:46:31.131+0600][57.075s][info][gc,reloc    ] GC(28) Y: Age Table:
[2026-04-03T01:46:31.131+0600][57.075s][info][gc,reloc    ] GC(28) Y:                    Live             Garbage             Small              Medium             Large        
[2026-04-03T01:46:31.131+0600][57.075s][info][gc,reloc    ] GC(28) Y: Eden               0M (0%)            1M (0%)           1 / 0              0 / 0              0 / 0        
[2026-04-03T01:46:31.131+0600][57.075s][info][gc,heap     ] GC(28) Y: Min Capacity: 8M(0%)
[2026-04-03T01:46:31.131+0600][57.075s][info][gc,heap     ] GC(28) Y: Max Capacity: 3922M(100%)
[2026-04-03T01:46:31.131+0600][57.075s][info][gc,heap     ] GC(28) Y: Soft Max Capacity: 3529M(90%)
[2026-04-03T01:46:31.131+0600][57.075s][info][gc,heap     ] GC(28) Y: Heap Statistics:
[2026-04-03T01:46:31.131+0600][57.075s][info][gc,heap     ] GC(28) Y:                Mark Start          Mark End        Relocate Start      Relocate End           High               Low         
[2026-04-03T01:46:31.131+0600][57.075s][info][gc,heap     ] GC(28) Y:  Capacity:     3316M (85%)        3316M (85%)        3316M (85%)        3316M (85%)        3316M (85%)        3316M (85%)    
[2026-04-03T01:46:31.131+0600][57.075s][info][gc,heap     ] GC(28) Y:      Free:     3522M (90%)        3522M (90%)        3522M (90%)        3522M (90%)        3522M (90%)        3522M (90%)    
[2026-04-03T01:46:31.131+0600][57.075s][info][gc,heap     ] GC(28) Y:      Used:      400M (10%)         400M (10%)         400M (10%)         400M (10%)         400M (10%)         400M (10%)    
[2026-04-03T01:46:31.131+0600][57.076s][info][gc,heap     ] GC(28) Y: Young Generation Statistics:
[2026-04-03T01:46:31.131+0600][57.076s][info][gc,heap     ] GC(28) Y:                Mark Start          Mark End        Relocate Start      Relocate End    
[2026-04-03T01:46:31.131+0600][57.076s][info][gc,heap     ] GC(28) Y:      Used:        2M (0%)            2M (0%)            2M (0%)            2M (0%)     
[2026-04-03T01:46:31.131+0600][57.076s][info][gc,heap     ] GC(28) Y:      Live:         -                 0M (0%)            0M (0%)            0M (0%)     
[2026-04-03T01:46:31.131+0600][57.076s][info][gc,heap     ] GC(28) Y:   Garbage:         -                 1M (0%)            1M (0%)            1M (0%)     
[2026-04-03T01:46:31.131+0600][57.076s][info][gc,heap     ] GC(28) Y: Allocated:         -                 0M (0%)            0M (0%)            0M (0%)     
[2026-04-03T01:46:31.131+0600][57.076s][info][gc,heap     ] GC(28) Y: Reclaimed:         -                  -                 0M (0%)            0M (0%)     
[2026-04-03T01:46:31.131+0600][57.076s][info][gc,heap     ] GC(28) Y:  Promoted:         -                  -                 0M (0%)            0M (0%)     
[2026-04-03T01:46:31.131+0600][57.076s][info][gc,heap     ] GC(28) Y: Compacted:         -                  -                  -                 0M (0%)     
[2026-04-03T01:46:31.131+0600][57.076s][info][gc,phases   ] GC(28) Y: Young Generation (Collect Roots) 400M(10%)->400M(10%) 0.013s
[2026-04-03T01:46:31.131+0600][57.076s][info][gc,phases   ] GC(28) O: Old Generation
[2026-04-03T01:46:31.404+0600][57.349s][info][gc,phases   ] GC(28) O: Concurrent Mark 273.011ms
[2026-04-03T01:46:31.404+0600][57.349s][info][gc,phases   ] GC(28) O: Pause Mark End 0.024ms
[2026-04-03T01:46:31.404+0600][57.349s][info][gc,phases   ] GC(28) O: Concurrent Mark Free 0.001ms
[2026-04-03T01:46:31.411+0600][57.356s][info][gc,phases   ] GC(28) O: Concurrent Process Non-Strong 7.138ms
[2026-04-03T01:46:31.411+0600][57.356s][info][gc,phases   ] GC(28) O: Concurrent Reset Relocation Set 0.004ms
[2026-04-03T01:46:31.416+0600][57.361s][info][gc,phases   ] GC(28) O: Concurrent Select Relocation Set 5.216ms
[2026-04-03T01:46:31.416+0600][57.361s][info][gc,task     ] GC(28) O: Using 3 Workers for Old Generation
[2026-04-03T01:46:31.437+0600][57.382s][info][gc,task     ] GC(28) O: Using 3 Workers for Old Generation
[2026-04-03T01:46:31.437+0600][57.382s][info][gc,phases   ] GC(28) O: Concurrent Remap Roots 20.604ms
[2026-04-03T01:46:31.437+0600][57.382s][info][gc,phases   ] GC(28) O: Pause Relocate Start 0.024ms
[2026-04-03T01:46:31.443+0600][57.388s][info][gc,phases   ] GC(28) O: Concurrent Relocate 5.761ms
[2026-04-03T01:46:31.443+0600][57.388s][info][gc,alloc    ] GC(28) O:                         Mark Start        Mark End      Relocate Start    Relocate End   
[2026-04-03T01:46:31.443+0600][57.388s][info][gc,alloc    ] GC(28) O: Allocation Stalls:          0                0                0                0         
[2026-04-03T01:46:31.443+0600][57.388s][info][gc,load     ] GC(28) O: Load: 5.55 (46%) / 6.72 (56%) / 7.34 (61%)
[2026-04-03T01:46:31.443+0600][57.388s][info][gc,mmu      ] GC(28) O: MMU: 2ms/93.8%, 5ms/97.5%, 10ms/98.8%, 20ms/99.3%, 50ms/99.6%, 100ms/99.8%
[2026-04-03T01:46:31.443+0600][57.388s][info][gc,marking  ] GC(28) O: Mark: 2 stripe(s), 2 proactive flush(es), 1 terminate flush(es), 0 completion(s), 0 continuation(s) 
[2026-04-03T01:46:31.443+0600][57.388s][info][gc,marking  ] GC(28) O: Mark Stack Usage: 32M
[2026-04-03T01:46:31.443+0600][57.388s][info][gc,nmethod  ] GC(28) O: NMethods: 6906 registered, 616 unregistered
[2026-04-03T01:46:31.443+0600][57.388s][info][gc,metaspace] GC(28) O: Metaspace: 71M used, 72M committed, 1088M reserved
[2026-04-03T01:46:31.443+0600][57.388s][info][gc,ref      ] GC(28) O:                       Encountered   Discovered     Enqueued 
[2026-04-03T01:46:31.443+0600][57.388s][info][gc,ref      ] GC(28) O: Soft References:             5077            0            0 
[2026-04-03T01:46:31.443+0600][57.388s][info][gc,ref      ] GC(28) O: Weak References:             7043         5235          598 
[2026-04-03T01:46:31.443+0600][57.388s][info][gc,ref      ] GC(28) O: Final References:              84            0            0 
[2026-04-03T01:46:31.443+0600][57.388s][info][gc,ref      ] GC(28) O: Phantom References:           599          472            0 
[2026-04-03T01:46:31.443+0600][57.388s][info][gc,reloc    ] GC(28) O:                        Candidates     Selected     In-Place         Size        Empty    Relocated 
[2026-04-03T01:46:31.443+0600][57.388s][info][gc,reloc    ] GC(28) O: Small Pages:                  140           14            0         280M          86M           1M 
[2026-04-03T01:46:31.443+0600][57.388s][info][gc,reloc    ] GC(28) O: Medium Pages:                   2            0            0          64M          32M           0M 
[2026-04-03T01:46:31.443+0600][57.388s][info][gc,reloc    ] GC(28) O: Large Pages:                    3            0            0          54M          54M           0M 
[2026-04-03T01:46:31.443+0600][57.388s][info][gc,reloc    ] GC(28) O: Forwarding Usage: 1M
[2026-04-03T01:46:31.443+0600][57.388s][info][gc,heap     ] GC(28) O: Min Capacity: 8M(0%)
[2026-04-03T01:46:31.443+0600][57.388s][info][gc,heap     ] GC(28) O: Max Capacity: 3922M(100%)
[2026-04-03T01:46:31.443+0600][57.388s][info][gc,heap     ] GC(28) O: Soft Max Capacity: 3529M(90%)
[2026-04-03T01:46:31.443+0600][57.388s][info][gc,heap     ] GC(28) O: Heap Statistics:
[2026-04-03T01:46:31.443+0600][57.388s][info][gc,heap     ] GC(28) O:                Mark Start          Mark End        Relocate Start      Relocate End           High               Low         
[2026-04-03T01:46:31.443+0600][57.388s][info][gc,heap     ] GC(28) O:  Capacity:     3316M (85%)        3316M (85%)        3316M (85%)        3316M (85%)        3316M (85%)        3316M (85%)    
[2026-04-03T01:46:31.444+0600][57.388s][info][gc,heap     ] GC(28) O:      Free:     3522M (90%)        3518M (90%)        3672M (94%)        3692M (94%)        3692M (94%)        3514M (90%)    
[2026-04-03T01:46:31.444+0600][57.388s][info][gc,heap     ] GC(28) O:      Used:      400M (10%)         404M (10%)         250M (6%)          230M (6%)          408M (10%)         230M (6%)     
[2026-04-03T01:46:31.444+0600][57.388s][info][gc,heap     ] GC(28) O: Old Generation Statistics:
[2026-04-03T01:46:31.444+0600][57.388s][info][gc,heap     ] GC(28) O:                Mark Start          Mark End        Relocate Start      Relocate End    
[2026-04-03T01:46:31.444+0600][57.388s][info][gc,heap     ] GC(28) O:      Used:      398M (10%)         398M (10%)         226M (6%)          204M (5%)     
[2026-04-03T01:46:31.444+0600][57.388s][info][gc,heap     ] GC(28) O:      Live:         -               171M (4%)          171M (4%)          171M (4%)     
[2026-04-03T01:46:31.444+0600][57.388s][info][gc,heap     ] GC(28) O:   Garbage:         -               226M (6%)           54M (1%)           26M (1%)     
[2026-04-03T01:46:31.444+0600][57.388s][info][gc,heap     ] GC(28) O: Allocated:         -                 0M (0%)            0M (0%)            6M (0%)     
[2026-04-03T01:46:31.444+0600][57.388s][info][gc,heap     ] GC(28) O: Reclaimed:         -                  -               172M (4%)          200M (5%)     
[2026-04-03T01:46:31.444+0600][57.388s][info][gc,heap     ] GC(28) O: Compacted:         -                  -                  -                 1M (0%)     
[2026-04-03T01:46:31.444+0600][57.389s][info][gc,phases   ] GC(28) O: Old Generation 400M(10%)->230M(6%) 0.312s
[2026-04-03T01:46:31.444+0600][57.389s][info][gc          ] GC(28) Major Collection (System.gc()) 2174M(55%)->230M(6%) 0.348s
[2026-04-03T01:46:33.319+0600][59.264s][info][gc          ] GC(29) Minor Collection (Allocation Rate)
[2026-04-03T01:46:33.319+0600][59.264s][info][gc,task     ] GC(29) Using 2 Workers for Young Generation
[2026-04-03T01:46:33.320+0600][59.264s][info][gc,phases   ] GC(29) y: Young Generation
[2026-04-03T01:46:33.320+0600][59.265s][info][gc,phases   ] GC(29) y: Pause Mark Start 0.037ms
[2026-04-03T01:46:34.241+0600][60.186s][info][gc,phases   ] GC(29) y: Concurrent Mark 920.796ms
[2026-04-03T01:46:34.241+0600][60.186s][info][gc,phases   ] GC(29) y: Pause Mark End 0.036ms
[2026-04-03T01:46:34.241+0600][60.186s][info][gc,phases   ] GC(29) y: Concurrent Mark Free 0.003ms
[2026-04-03T01:46:34.241+0600][60.186s][info][gc,phases   ] GC(29) y: Concurrent Reset Relocation Set 0.001ms
[2026-04-03T01:46:34.247+0600][60.191s][info][gc,reloc    ] GC(29) y: Using tenuring threshold: 1 (Computed)
[2026-04-03T01:46:34.352+0600][60.297s][info][gc,phases   ] GC(29) y: Concurrent Select Relocation Set 110.752ms
[2026-04-03T01:46:34.353+0600][60.298s][info][gc,phases   ] GC(29) y: Pause Relocate Start 0.032ms
[2026-04-03T01:46:34.722+0600][60.667s][info][gc,phases   ] GC(29) y: Concurrent Relocate 369.204ms
[2026-04-03T01:46:34.722+0600][60.667s][info][gc,alloc    ] GC(29) y:                         Mark Start        Mark End      Relocate Start    Relocate End   
[2026-04-03T01:46:34.722+0600][60.667s][info][gc,alloc    ] GC(29) y: Allocation Stalls:          0                0                0                0         
[2026-04-03T01:46:34.722+0600][60.667s][info][gc,load     ] GC(29) y: Load: 5.91 (49%) / 6.77 (56%) / 7.35 (61%)
[2026-04-03T01:46:34.722+0600][60.667s][info][gc,mmu      ] GC(29) y: MMU: 2ms/93.8%, 5ms/97.5%, 10ms/98.8%, 20ms/99.3%, 50ms/99.6%, 100ms/99.8%
[2026-04-03T01:46:34.722+0600][60.667s][info][gc,marking  ] GC(29) y: Mark: 2 stripe(s), 2 proactive flush(es), 1 terminate flush(es), 0 completion(s), 0 continuation(s) 
[2026-04-03T01:46:34.722+0600][60.667s][info][gc,marking  ] GC(29) y: Mark Stack Usage: 32M
[2026-04-03T01:46:34.722+0600][60.667s][info][gc,nmethod  ] GC(29) y: NMethods: 6990 registered, 616 unregistered
[2026-04-03T01:46:34.722+0600][60.667s][info][gc,metaspace] GC(29) y: Metaspace: 71M used, 72M committed, 1088M reserved
[2026-04-03T01:46:34.722+0600][60.667s][info][gc,reloc    ] GC(29) y:                        Candidates     Selected     In-Place         Size        Empty    Relocated 
[2026-04-03T01:46:34.722+0600][60.667s][info][gc,reloc    ] GC(29) y: Small Pages:                  790          690            0        1580M           2M         109M 
[2026-04-03T01:46:34.722+0600][60.667s][info][gc,reloc    ] GC(29) y: Medium Pages:                   1            0            0          32M          32M           0M 
[2026-04-03T01:46:34.722+0600][60.667s][info][gc,reloc    ] GC(29) y: Large Pages:                   13            0            0         102M          42M           0M 
[2026-04-03T01:46:34.722+0600][60.667s][info][gc,reloc    ] GC(29) y: Forwarding Usage: 125M
[2026-04-03T01:46:34.722+0600][60.667s][info][gc,reloc    ] GC(29) y: Age Table:
[2026-04-03T01:46:34.722+0600][60.667s][info][gc,reloc    ] GC(29) y:                    Live             Garbage             Small              Medium             Large        
[2026-04-03T01:46:34.722+0600][60.667s][info][gc,reloc    ] GC(29) y: Eden             228M (6%)         1483M (38%)        789 / 690            1 / 0             13 / 0        
[2026-04-03T01:46:34.723+0600][60.667s][info][gc,reloc    ] GC(29) y: Survivor 1          -                 2M (0%)           1 / 0              0 / 0              0 / 0        
[2026-04-03T01:46:34.723+0600][60.667s][info][gc,heap     ] GC(29) y: Min Capacity: 8M(0%)
[2026-04-03T01:46:34.723+0600][60.667s][info][gc,heap     ] GC(29) y: Max Capacity: 3922M(100%)
[2026-04-03T01:46:34.723+0600][60.667s][info][gc,heap     ] GC(29) y: Soft Max Capacity: 3529M(90%)
[2026-04-03T01:46:34.723+0600][60.667s][info][gc,heap     ] GC(29) y: Heap Statistics:
[2026-04-03T01:46:34.723+0600][60.667s][info][gc,heap     ] GC(29) y:                Mark Start          Mark End        Relocate Start      Relocate End           High               Low         
[2026-04-03T01:46:34.723+0600][60.667s][info][gc,heap     ] GC(29) y:  Capacity:     3316M (85%)        3316M (85%)        3316M (85%)        3316M (85%)        3316M (85%)        3316M (85%)    
[2026-04-03T01:46:34.723+0600][60.667s][info][gc,heap     ] GC(29) y:      Free:     2004M (51%)        1454M (37%)        1506M (38%)        2878M (73%)        2878M (73%)        1452M (37%)    
[2026-04-03T01:46:34.723+0600][60.667s][info][gc,heap     ] GC(29) y:      Used:     1918M (49%)        2468M (63%)        2416M (62%)        1044M (27%)        2470M (63%)        1044M (27%)    
[2026-04-03T01:46:34.723+0600][60.667s][info][gc,heap     ] GC(29) y: Young Generation Statistics:
[2026-04-03T01:46:34.723+0600][60.668s][info][gc,heap     ] GC(29) y:                Mark Start          Mark End        Relocate Start      Relocate End    
[2026-04-03T01:46:34.723+0600][60.668s][info][gc,heap     ] GC(29) y:      Used:     1714M (44%)        2264M (58%)        2212M (56%)         840M (21%)    
[2026-04-03T01:46:34.723+0600][60.668s][info][gc,heap     ] GC(29) y:      Live:         -               228M (6%)          228M (6%)          228M (6%)     
[2026-04-03T01:46:34.723+0600][60.668s][info][gc,heap     ] GC(29) y:   Garbage:         -              1485M (38%)        1409M (36%)           2M (0%)     
[2026-04-03T01:46:34.723+0600][60.668s][info][gc,heap     ] GC(29) y: Allocated:         -               550M (14%)         574M (15%)         609M (16%)    
[2026-04-03T01:46:34.723+0600][60.668s][info][gc,heap     ] GC(29) y: Reclaimed:         -                  -                76M (2%)         1483M (38%)    
[2026-04-03T01:46:34.723+0600][60.668s][info][gc,heap     ] GC(29) y:  Promoted:         -                  -                 0M (0%)            0M (0%)     
[2026-04-03T01:46:34.723+0600][60.668s][info][gc,heap     ] GC(29) y: Compacted:         -                  -                  -               164M (4%)     
[2026-04-03T01:46:34.723+0600][60.668s][info][gc,phases   ] GC(29) y: Young Generation 1918M(49%)->1044M(27%) 1.403s
[2026-04-03T01:46:34.723+0600][60.668s][info][gc          ] GC(29) Minor Collection (Allocation Rate) 1918M(49%)->1044M(27%) 1.404s
[2026-04-03T01:46:34.723+0600][60.668s][info][gc          ] GC(30) Minor Collection (Allocation Rate)
[2026-04-03T01:46:34.723+0600][60.668s][info][gc,task     ] GC(30) Using 3 Workers for Young Generation
[2026-04-03T01:46:34.723+0600][60.668s][info][gc,phases   ] GC(30) y: Young Generation
[2026-04-03T01:46:34.724+0600][60.668s][info][gc,phases   ] GC(30) y: Pause Mark Start 0.040ms
[2026-04-03T01:46:35.405+0600][61.350s][info][gc,phases   ] GC(30) y: Concurrent Mark 681.624ms
[2026-04-03T01:46:35.406+0600][61.351s][info][gc,phases   ] GC(30) y: Pause Mark End 0.044ms
[2026-04-03T01:46:35.406+0600][61.351s][info][gc,phases   ] GC(30) y: Concurrent Mark Free 0.001ms
[2026-04-03T01:46:35.406+0600][61.351s][info][gc,phases   ] GC(30) y: Concurrent Reset Relocation Set 0.198ms
[2026-04-03T01:46:35.412+0600][61.357s][info][gc,reloc    ] GC(30) y: Using tenuring threshold: 2 (Computed)
[2026-04-03T01:46:35.431+0600][61.376s][info][gc,phases   ] GC(30) y: Concurrent Select Relocation Set 24.710ms
[2026-04-03T01:46:35.431+0600][61.376s][info][gc,phases   ] GC(30) y: Pause Relocate Start 0.037ms
[2026-04-03T01:46:35.504+0600][61.448s][info][gc,phases   ] GC(30) y: Concurrent Relocate 72.077ms
[2026-04-03T01:46:35.504+0600][61.448s][info][gc,alloc    ] GC(30) y:                         Mark Start        Mark End      Relocate Start    Relocate End   
[2026-04-03T01:46:35.504+0600][61.448s][info][gc,alloc    ] GC(30) y: Allocation Stalls:          0                0                0                0         
[2026-04-03T01:46:35.504+0600][61.449s][info][gc,load     ] GC(30) y: Load: 5.91 (49%) / 6.77 (56%) / 7.35 (61%)
[2026-04-03T01:46:35.504+0600][61.449s][info][gc,mmu      ] GC(30) y: MMU: 2ms/93.8%, 5ms/97.5%, 10ms/98.8%, 20ms/99.3%, 50ms/99.6%, 100ms/99.8%
[2026-04-03T01:46:35.504+0600][61.449s][info][gc,marking  ] GC(30) y: Mark: 2 stripe(s), 2 proactive flush(es), 1 terminate flush(es), 0 completion(s), 0 continuation(s) 
[2026-04-03T01:46:35.504+0600][61.449s][info][gc,marking  ] GC(30) y: Mark Stack Usage: 32M
[2026-04-03T01:46:35.504+0600][61.449s][info][gc,nmethod  ] GC(30) y: NMethods: 6998 registered, 616 unregistered
[2026-04-03T01:46:35.504+0600][61.449s][info][gc,metaspace] GC(30) y: Metaspace: 71M used, 72M committed, 1088M reserved
[2026-04-03T01:46:35.504+0600][61.449s][info][gc,reloc    ] GC(30) y:                        Candidates     Selected     In-Place         Size        Empty    Relocated 
[2026-04-03T01:46:35.504+0600][61.449s][info][gc,reloc    ] GC(30) y: Small Pages:                  347          250            0         694M          92M          24M 
[2026-04-03T01:46:35.504+0600][61.449s][info][gc,reloc    ] GC(30) y: Medium Pages:                   1            0            0          32M           0M           0M 
[2026-04-03T01:46:35.504+0600][61.449s][info][gc,reloc    ] GC(30) y: Large Pages:                    9            0            0         114M          60M           0M 
[2026-04-03T01:46:35.504+0600][61.449s][info][gc,reloc    ] GC(30) y: Forwarding Usage: 24M
[2026-04-03T01:46:35.504+0600][61.449s][info][gc,reloc    ] GC(30) y: Age Table:
[2026-04-03T01:46:35.504+0600][61.449s][info][gc,reloc    ] GC(30) y:                    Live             Garbage             Small              Medium             Large        
[2026-04-03T01:46:35.504+0600][61.449s][info][gc,reloc    ] GC(30) y: Eden              81M (2%)          524M (13%)        260 / 245            1 / 0              3 / 0        
[2026-04-03T01:46:35.504+0600][61.449s][info][gc,reloc    ] GC(30) y: Survivor 1        60M (2%)          173M (4%)          87 / 5              0 / 0              6 / 0        
[2026-04-03T01:46:35.504+0600][61.449s][info][gc,heap     ] GC(30) y: Min Capacity: 8M(0%)
[2026-04-03T01:46:35.504+0600][61.449s][info][gc,heap     ] GC(30) y: Max Capacity: 3922M(100%)
[2026-04-03T01:46:35.504+0600][61.449s][info][gc,heap     ] GC(30) y: Soft Max Capacity: 3529M(90%)
[2026-04-03T01:46:35.504+0600][61.449s][info][gc,heap     ] GC(30) y: Heap Statistics:
[2026-04-03T01:46:35.504+0600][61.449s][info][gc,heap     ] GC(30) y:                Mark Start          Mark End        Relocate Start      Relocate End           High               Low         
[2026-04-03T01:46:35.504+0600][61.449s][info][gc,heap     ] GC(30) y:  Capacity:     3316M (85%)        3316M (85%)        3316M (85%)        3316M (85%)        3316M (85%)        3316M (85%)    
[2026-04-03T01:46:35.504+0600][61.449s][info][gc,heap     ] GC(30) y:      Free:     2878M (73%)        2836M (72%)        2986M (76%)        3468M (88%)        3468M (88%)        2836M (72%)    
[2026-04-03T01:46:35.504+0600][61.449s][info][gc,heap     ] GC(30) y:      Used:     1044M (27%)        1086M (28%)         936M (24%)         454M (12%)        1086M (28%)         454M (12%)    
[2026-04-03T01:46:35.504+0600][61.449s][info][gc,heap     ] GC(30) y: Young Generation Statistics:
[2026-04-03T01:46:35.504+0600][61.449s][info][gc,heap     ] GC(30) y:                Mark Start          Mark End        Relocate Start      Relocate End    
[2026-04-03T01:46:35.504+0600][61.449s][info][gc,heap     ] GC(30) y:      Used:      840M (21%)         882M (22%)         732M (19%)         250M (6%)     
[2026-04-03T01:46:35.504+0600][61.449s][info][gc,heap     ] GC(30) y:      Live:         -               142M (4%)          142M (4%)          142M (4%)     
[2026-04-03T01:46:35.504+0600][61.449s][info][gc,heap     ] GC(30) y:   Garbage:         -               697M (18%)         545M (14%)          41M (1%)     
[2026-04-03T01:46:35.504+0600][61.449s][info][gc,heap     ] GC(30) y: Allocated:         -                42M (1%)           44M (1%)           65M (2%)     
[2026-04-03T01:46:35.504+0600][61.449s][info][gc,heap     ] GC(30) y: Reclaimed:         -                  -               152M (4%)          655M (17%)    
[2026-04-03T01:46:35.504+0600][61.449s][info][gc,heap     ] GC(30) y:  Promoted:         -                  -                 0M (0%)            0M (0%)     
[2026-04-03T01:46:35.504+0600][61.449s][info][gc,heap     ] GC(30) y: Compacted:         -                  -                  -                26M (1%)     
[2026-04-03T01:46:35.504+0600][61.449s][info][gc,phases   ] GC(30) y: Young Generation 1044M(27%)->454M(12%) 0.781s
[2026-04-03T01:46:35.504+0600][61.449s][info][gc          ] GC(30) Minor Collection (Allocation Rate) 1044M(27%)->454M(12%) 0.781s
[2026-04-03T01:46:36.602+0600][62.547s][info][gc          ] GC(31) Minor Collection (Allocation Rate)
[2026-04-03T01:46:36.602+0600][62.547s][info][gc,task     ] GC(31) Using 3 Workers for Young Generation
[2026-04-03T01:46:36.602+0600][62.547s][info][gc,phases   ] GC(31) y: Young Generation
[2026-04-03T01:46:36.603+0600][62.547s][info][gc,phases   ] GC(31) y: Pause Mark Start 0.031ms
[2026-04-03T01:46:36.839+0600][62.784s][info][gc,phases   ] GC(31) y: Concurrent Mark 236.586ms
[2026-04-03T01:46:36.840+0600][62.785s][info][gc,phases   ] GC(31) y: Pause Mark End 0.072ms
[2026-04-03T01:46:36.840+0600][62.785s][info][gc,phases   ] GC(31) y: Concurrent Mark Free 0.004ms
[2026-04-03T01:46:36.840+0600][62.785s][info][gc,phases   ] GC(31) y: Concurrent Reset Relocation Set 0.045ms
[2026-04-03T01:46:36.843+0600][62.788s][info][gc,reloc    ] GC(31) y: Using tenuring threshold: 1 (Computed)
[2026-04-03T01:46:36.858+0600][62.803s][info][gc,phases   ] GC(31) y: Concurrent Select Relocation Set 18.039ms
[2026-04-03T01:46:36.859+0600][62.803s][info][gc,phases   ] GC(31) y: Pause Relocate Start 0.035ms
[2026-04-03T01:46:36.979+0600][62.924s][info][gc,phases   ] GC(31) y: Concurrent Relocate 120.509ms
[2026-04-03T01:46:36.979+0600][62.924s][info][gc,alloc    ] GC(31) y:                         Mark Start        Mark End      Relocate Start    Relocate End   
[2026-04-03T01:46:36.979+0600][62.924s][info][gc,alloc    ] GC(31) y: Allocation Stalls:          0                0                0                0         
[2026-04-03T01:46:36.980+0600][62.924s][info][gc,load     ] GC(31) y: Load: 5.91 (49%) / 6.77 (56%) / 7.35 (61%)
[2026-04-03T01:46:36.980+0600][62.924s][info][gc,mmu      ] GC(31) y: MMU: 2ms/93.8%, 5ms/97.5%, 10ms/98.8%, 20ms/99.3%, 50ms/99.6%, 100ms/99.8%
[2026-04-03T01:46:36.980+0600][62.924s][info][gc,marking  ] GC(31) y: Mark: 2 stripe(s), 3 proactive flush(es), 1 terminate flush(es), 0 completion(s), 0 continuation(s) 
[2026-04-03T01:46:36.980+0600][62.924s][info][gc,marking  ] GC(31) y: Mark Stack Usage: 32M
[2026-04-03T01:46:36.980+0600][62.924s][info][gc,nmethod  ] GC(31) y: NMethods: 7071 registered, 616 unregistered
[2026-04-03T01:46:36.980+0600][62.924s][info][gc,metaspace] GC(31) y: Metaspace: 71M used, 72M committed, 1088M reserved
[2026-04-03T01:46:36.980+0600][62.924s][info][gc,reloc    ] GC(31) y:                        Candidates     Selected     In-Place         Size        Empty    Relocated 
[2026-04-03T01:46:36.980+0600][62.925s][info][gc,reloc    ] GC(31) y: Small Pages:                  252          144            0         504M         148M          36M 
[2026-04-03T01:46:36.980+0600][62.925s][info][gc,reloc    ] GC(31) y: Medium Pages:                   3            0            0          96M          64M           0M 
[2026-04-03T01:46:36.980+0600][62.925s][info][gc,reloc    ] GC(31) y: Large Pages:                   12            0            0         120M          78M           0M 
[2026-04-03T01:46:36.980+0600][62.925s][info][gc,reloc    ] GC(31) y: Forwarding Usage: 42M
[2026-04-03T01:46:36.980+0600][62.925s][info][gc,reloc    ] GC(31) y: Age Table:
[2026-04-03T01:46:36.980+0600][62.925s][info][gc,reloc    ] GC(31) y:                    Live             Garbage             Small              Medium             Large        
[2026-04-03T01:46:36.980+0600][62.925s][info][gc,reloc    ] GC(31) y: Eden             105M (3%)          412M (11%)        194 / 139            2 / 0              9 / 0        
[2026-04-03T01:46:36.980+0600][62.925s][info][gc,reloc    ] GC(31) y: Survivor 1         0M (0%)          117M (3%)          16 / 1              1 / 0              3 / 0        
[2026-04-03T01:46:36.980+0600][62.925s][info][gc,reloc    ] GC(31) y: Survivor 2         0M (0%)           83M (2%)          42 / 4              0 / 0              0 / 0        
[2026-04-03T01:46:36.980+0600][62.925s][info][gc,heap     ] GC(31) y: Min Capacity: 8M(0%)
[2026-04-03T01:46:36.980+0600][62.925s][info][gc,heap     ] GC(31) y: Max Capacity: 3922M(100%)
[2026-04-03T01:46:36.980+0600][62.925s][info][gc,heap     ] GC(31) y: Soft Max Capacity: 3529M(90%)
[2026-04-03T01:46:36.980+0600][62.925s][info][gc,heap     ] GC(31) y: Heap Statistics:
[2026-04-03T01:46:36.980+0600][62.925s][info][gc,heap     ] GC(31) y:                Mark Start          Mark End        Relocate Start      Relocate End           High               Low         
[2026-04-03T01:46:36.980+0600][62.925s][info][gc,heap     ] GC(31) y:  Capacity:     3316M (85%)        3316M (85%)        3316M (85%)        3316M (85%)        3316M (85%)        3316M (85%)    
[2026-04-03T01:46:36.980+0600][62.925s][info][gc,heap     ] GC(31) y:      Free:     2998M (76%)        2800M (71%)        3080M (79%)        3316M (85%)        3320M (85%)        2800M (71%)    
[2026-04-03T01:46:36.980+0600][62.925s][info][gc,heap     ] GC(31) y:      Used:      924M (24%)        1122M (29%)         842M (21%)         606M (15%)        1122M (29%)         602M (15%)    
[2026-04-03T01:46:36.980+0600][62.925s][info][gc,heap     ] GC(31) y: Young Generation Statistics:
[2026-04-03T01:46:36.980+0600][62.925s][info][gc,heap     ] GC(31) y:                Mark Start          Mark End        Relocate Start      Relocate End    
[2026-04-03T01:46:36.980+0600][62.925s][info][gc,heap     ] GC(31) y:      Used:      720M (18%)         918M (23%)         638M (16%)         396M (10%)    
[2026-04-03T01:46:36.980+0600][62.925s][info][gc,heap     ] GC(31) y:      Live:         -               106M (3%)          106M (3%)          105M (3%)     
[2026-04-03T01:46:36.980+0600][62.925s][info][gc,heap     ] GC(31) y:   Garbage:         -               613M (16%)         323M (8%)           27M (1%)     
[2026-04-03T01:46:36.980+0600][62.925s][info][gc,heap     ] GC(31) y: Allocated:         -               198M (5%)          208M (5%)          262M (7%)     
[2026-04-03T01:46:36.980+0600][62.925s][info][gc,heap     ] GC(31) y: Reclaimed:         -                  -               290M (7%)          586M (15%)    
[2026-04-03T01:46:36.980+0600][62.925s][info][gc,heap     ] GC(31) y:  Promoted:         -                  -                 0M (0%)            0M (0%)     
[2026-04-03T01:46:36.980+0600][62.925s][info][gc,heap     ] GC(31) y: Compacted:         -                  -                  -                55M (1%)     
[2026-04-03T01:46:36.980+0600][62.925s][info][gc,phases   ] GC(31) y: Young Generation 924M(24%)->606M(15%) 0.377s
[2026-04-03T01:46:36.980+0600][62.925s][info][gc          ] GC(31) Minor Collection (Allocation Rate) 924M(24%)->606M(15%) 0.378s
[2026-04-03T01:46:37.629+0600][63.574s][info][gc          ] GC(32) Minor Collection (Allocation Rate)
[2026-04-03T01:46:37.629+0600][63.574s][info][gc,task     ] GC(32) Using 3 Workers for Young Generation
[2026-04-03T01:46:37.629+0600][63.574s][info][gc,phases   ] GC(32) y: Young Generation
[2026-04-03T01:46:37.629+0600][63.574s][info][gc,phases   ] GC(32) y: Pause Mark Start 0.026ms
[2026-04-03T01:46:38.617+0600][64.561s][info][gc,phases   ] GC(32) y: Concurrent Mark 987.207ms
[2026-04-03T01:46:38.617+0600][64.562s][info][gc,phases   ] GC(32) y: Pause Mark End 0.043ms
[2026-04-03T01:46:38.617+0600][64.562s][info][gc,phases   ] GC(32) y: Concurrent Mark Free 0.002ms
[2026-04-03T01:46:38.617+0600][64.562s][info][gc,phases   ] GC(32) y: Concurrent Reset Relocation Set 0.067ms
[2026-04-03T01:46:38.624+0600][64.569s][info][gc,reloc    ] GC(32) y: Using tenuring threshold: 2 (Computed)
[2026-04-03T01:46:38.656+0600][64.601s][info][gc,phases   ] GC(32) y: Concurrent Select Relocation Set 38.810ms
[2026-04-03T01:46:38.667+0600][64.612s][info][gc,phases   ] GC(32) y: Pause Relocate Start 0.036ms
[2026-04-03T01:46:38.887+0600][64.832s][info][gc,phases   ] GC(32) y: Concurrent Relocate 219.663ms
[2026-04-03T01:46:38.887+0600][64.832s][info][gc,alloc    ] GC(32) y:                         Mark Start        Mark End      Relocate Start    Relocate End   
[2026-04-03T01:46:38.887+0600][64.832s][info][gc,alloc    ] GC(32) y: Allocation Stalls:          0                0                0                0         
[2026-04-03T01:46:38.888+0600][64.832s][info][gc,load     ] GC(32) y: Load: 5.91 (49%) / 6.77 (56%) / 7.35 (61%)
[2026-04-03T01:46:38.888+0600][64.832s][info][gc,mmu      ] GC(32) y: MMU: 2ms/93.8%, 5ms/97.5%, 10ms/98.8%, 20ms/99.3%, 50ms/99.6%, 100ms/99.8%
[2026-04-03T01:46:38.888+0600][64.832s][info][gc,marking  ] GC(32) y: Mark: 2 stripe(s), 10 proactive flush(es), 1 terminate flush(es), 0 completion(s), 0 continuation(s) 
[2026-04-03T01:46:38.888+0600][64.832s][info][gc,marking  ] GC(32) y: Mark Stack Usage: 32M
[2026-04-03T01:46:38.888+0600][64.832s][info][gc,nmethod  ] GC(32) y: NMethods: 7072 registered, 616 unregistered
[2026-04-03T01:46:38.888+0600][64.832s][info][gc,metaspace] GC(32) y: Metaspace: 71M used, 72M committed, 1088M reserved
[2026-04-03T01:46:38.888+0600][64.832s][info][gc,reloc    ] GC(32) y:                        Candidates     Selected     In-Place         Size        Empty    Relocated 
[2026-04-03T01:46:38.888+0600][64.832s][info][gc,reloc    ] GC(32) y: Small Pages:                  500          413            0        1000M           0M          78M 
[2026-04-03T01:46:38.888+0600][64.832s][info][gc,reloc    ] GC(32) y: Medium Pages:                   2            0            0          64M          64M           0M 
[2026-04-03T01:46:38.888+0600][64.832s][info][gc,reloc    ] GC(32) y: Large Pages:                   15            0            0         126M          66M           0M 
[2026-04-03T01:46:38.888+0600][64.833s][info][gc,reloc    ] GC(32) y: Forwarding Usage: 85M
[2026-04-03T01:46:38.888+0600][64.833s][info][gc,reloc    ] GC(32) y: Age Table:
[2026-04-03T01:46:38.888+0600][64.833s][info][gc,reloc    ] GC(32) y:                    Live             Garbage             Small              Medium             Large        
[2026-04-03T01:46:38.888+0600][64.833s][info][gc,reloc    ] GC(32) y: Eden             174M (4%)          875M (22%)        467 / 399            1 / 0             10 / 0        
[2026-04-03T01:46:38.888+0600][64.833s][info][gc,reloc    ] GC(32) y: Survivor 1        34M (1%)          105M (3%)          33 / 14             1 / 0              5 / 0        
[2026-04-03T01:46:38.888+0600][64.833s][info][gc,heap     ] GC(32) y: Min Capacity: 8M(0%)
[2026-04-03T01:46:38.888+0600][64.833s][info][gc,heap     ] GC(32) y: Max Capacity: 3922M(100%)
[2026-04-03T01:46:38.888+0600][64.833s][info][gc,heap     ] GC(32) y: Soft Max Capacity: 3529M(90%)
[2026-04-03T01:46:38.888+0600][64.833s][info][gc,heap     ] GC(32) y: Heap Statistics:
[2026-04-03T01:46:38.888+0600][64.833s][info][gc,heap     ] GC(32) y:                Mark Start          Mark End        Relocate Start      Relocate End           High               Low         
[2026-04-03T01:46:38.888+0600][64.833s][info][gc,heap     ] GC(32) y:  Capacity:     3316M (85%)        3316M (85%)        3316M (85%)        3316M (85%)        3316M (85%)        3316M (85%)    
[2026-04-03T01:46:38.888+0600][64.833s][info][gc,heap     ] GC(32) y:      Free:     2522M (64%)        1788M (46%)        1888M (48%)        2634M (67%)        2634M (67%)        1786M (46%)    
[2026-04-03T01:46:38.888+0600][64.833s][info][gc,heap     ] GC(32) y:      Used:     1400M (36%)        2134M (54%)        2034M (52%)        1288M (33%)        2136M (54%)        1288M (33%)    
[2026-04-03T01:46:38.888+0600][64.833s][info][gc,heap     ] GC(32) y: Young Generation Statistics:
[2026-04-03T01:46:38.888+0600][64.833s][info][gc,heap     ] GC(32) y:                Mark Start          Mark End        Relocate Start      Relocate End    
[2026-04-03T01:46:38.888+0600][64.833s][info][gc,heap     ] GC(32) y:      Used:     1190M (30%)        1924M (49%)        1824M (47%)        1078M (27%)    
[2026-04-03T01:46:38.888+0600][64.833s][info][gc,heap     ] GC(32) y:      Live:         -               208M (5%)          208M (5%)          208M (5%)     
[2026-04-03T01:46:38.888+0600][64.833s][info][gc,heap     ] GC(32) y:   Garbage:         -               981M (25%)         851M (22%)           4M (0%)     
[2026-04-03T01:46:38.888+0600][64.833s][info][gc,heap     ] GC(32) y: Allocated:         -               734M (19%)         764M (19%)         865M (22%)    
[2026-04-03T01:46:38.888+0600][64.833s][info][gc,heap     ] GC(32) y: Reclaimed:         -                  -               130M (3%)          977M (25%)    
[2026-04-03T01:46:38.888+0600][64.833s][info][gc,heap     ] GC(32) y:  Promoted:         -                  -                 0M (0%)            0M (0%)     
[2026-04-03T01:46:38.888+0600][64.833s][info][gc,heap     ] GC(32) y: Compacted:         -                  -                  -               120M (3%)     
[2026-04-03T01:46:38.888+0600][64.833s][info][gc,phases   ] GC(32) y: Young Generation 1400M(36%)->1288M(33%) 1.259s
[2026-04-03T01:46:38.888+0600][64.833s][info][gc          ] GC(32) Minor Collection (Allocation Rate) 1400M(36%)->1288M(33%) 1.259s
[2026-04-03T01:46:38.888+0600][64.833s][info][gc          ] GC(33) Minor Collection (Allocation Rate)
[2026-04-03T01:46:38.888+0600][64.833s][info][gc,task     ] GC(33) Using 3 Workers for Young Generation
[2026-04-03T01:46:38.888+0600][64.833s][info][gc,phases   ] GC(33) y: Young Generation
[2026-04-03T01:46:38.889+0600][64.834s][info][gc,phases   ] GC(33) y: Pause Mark Start 0.031ms
[2026-04-03T01:46:39.704+0600][65.649s][info][gc,phases   ] GC(33) y: Concurrent Mark 814.808ms
[2026-04-03T01:46:39.704+0600][65.649s][info][gc,phases   ] GC(33) y: Pause Mark End 0.046ms
[2026-04-03T01:46:39.705+0600][65.649s][info][gc,phases   ] GC(33) y: Concurrent Mark Free 0.005ms
[2026-04-03T01:46:39.705+0600][65.650s][info][gc,phases   ] GC(33) y: Concurrent Reset Relocation Set 0.109ms
[2026-04-03T01:46:39.707+0600][65.652s][info][gc,reloc    ] GC(33) y: Using tenuring threshold: 3 (Computed)
[2026-04-03T01:46:39.720+0600][65.665s][info][gc,phases   ] GC(33) y: Concurrent Select Relocation Set 15.361ms
[2026-04-03T01:46:39.721+0600][65.665s][info][gc,phases   ] GC(33) y: Pause Relocate Start 0.037ms
[2026-04-03T01:46:39.858+0600][65.802s][info][gc,phases   ] GC(33) y: Concurrent Relocate 136.566ms
[2026-04-03T01:46:39.858+0600][65.802s][info][gc,alloc    ] GC(33) y:                         Mark Start        Mark End      Relocate Start    Relocate End   
[2026-04-03T01:46:39.858+0600][65.803s][info][gc,alloc    ] GC(33) y: Allocation Stalls:          0                0                0                0         
[2026-04-03T01:46:39.858+0600][65.803s][info][gc,load     ] GC(33) y: Load: 6.00 (50%) / 6.78 (56%) / 7.35 (61%)
[2026-04-03T01:46:39.858+0600][65.803s][info][gc,mmu      ] GC(33) y: MMU: 2ms/93.8%, 5ms/97.5%, 10ms/98.8%, 20ms/99.3%, 50ms/99.6%, 100ms/99.8%
[2026-04-03T01:46:39.858+0600][65.803s][info][gc,marking  ] GC(33) y: Mark: 2 stripe(s), 2 proactive flush(es), 1 terminate flush(es), 0 completion(s), 0 continuation(s) 
[2026-04-03T01:46:39.858+0600][65.803s][info][gc,marking  ] GC(33) y: Mark Stack Usage: 32M
[2026-04-03T01:46:39.858+0600][65.803s][info][gc,nmethod  ] GC(33) y: NMethods: 7073 registered, 616 unregistered
[2026-04-03T01:46:39.858+0600][65.803s][info][gc,metaspace] GC(33) y: Metaspace: 71M used, 72M committed, 1088M reserved
[2026-04-03T01:46:39.858+0600][65.803s][info][gc,reloc    ] GC(33) y:                        Candidates     Selected     In-Place         Size        Empty    Relocated 
[2026-04-03T01:46:39.858+0600][65.803s][info][gc,reloc    ] GC(33) y: Small Pages:                  482          394            0         964M           4M          49M 
[2026-04-03T01:46:39.858+0600][65.803s][info][gc,reloc    ] GC(33) y: Medium Pages:                   0            0            0           0M           0M           0M 
[2026-04-03T01:46:39.858+0600][65.803s][info][gc,reloc    ] GC(33) y: Large Pages:                    9            0            0         114M          40M           0M 
[2026-04-03T01:46:39.858+0600][65.803s][info][gc,reloc    ] GC(33) y: Forwarding Usage: 54M
[2026-04-03T01:46:39.858+0600][65.803s][info][gc,reloc    ] GC(33) y: Age Table:
[2026-04-03T01:46:39.858+0600][65.803s][info][gc,reloc    ] GC(33) y:                    Live             Garbage             Small              Medium             Large        
[2026-04-03T01:46:39.858+0600][65.803s][info][gc,reloc    ] GC(33) y: Eden              93M (2%)          756M (19%)        398 / 376            0 / 0              3 / 0        
[2026-04-03T01:46:39.858+0600][65.803s][info][gc,reloc    ] GC(33) y: Survivor 1       103M (3%)           80M (2%)          62 / 8              0 / 0              6 / 0        
[2026-04-03T01:46:39.858+0600][65.803s][info][gc,reloc    ] GC(33) y: Survivor 2        23M (1%)           20M (1%)          22 / 10             0 / 0              0 / 0        
[2026-04-03T01:46:39.858+0600][65.803s][info][gc,heap     ] GC(33) y: Min Capacity: 8M(0%)
[2026-04-03T01:46:39.858+0600][65.803s][info][gc,heap     ] GC(33) y: Max Capacity: 3922M(100%)
[2026-04-03T01:46:39.858+0600][65.803s][info][gc,heap     ] GC(33) y: Soft Max Capacity: 3529M(90%)
[2026-04-03T01:46:39.858+0600][65.803s][info][gc,heap     ] GC(33) y: Heap Statistics:
[2026-04-03T01:46:39.858+0600][65.803s][info][gc,heap     ] GC(33) y:                Mark Start          Mark End        Relocate Start      Relocate End           High               Low         
[2026-04-03T01:46:39.858+0600][65.803s][info][gc,heap     ] GC(33) y:  Capacity:     3316M (85%)        3316M (85%)        3316M (85%)        3316M (85%)        3316M (85%)        3316M (85%)    
[2026-04-03T01:46:39.858+0600][65.803s][info][gc,heap     ] GC(33) y:      Free:     2634M (67%)        2548M (65%)        2592M (66%)        3374M (86%)        3374M (86%)        2548M (65%)    
[2026-04-03T01:46:39.858+0600][65.803s][info][gc,heap     ] GC(33) y:      Used:     1288M (33%)        1374M (35%)        1330M (34%)         548M (14%)        1374M (35%)         548M (14%)    
[2026-04-03T01:46:39.858+0600][65.803s][info][gc,heap     ] GC(33) y: Young Generation Statistics:
[2026-04-03T01:46:39.858+0600][65.803s][info][gc,heap     ] GC(33) y:                Mark Start          Mark End        Relocate Start      Relocate End    
[2026-04-03T01:46:39.858+0600][65.803s][info][gc,heap     ] GC(33) y:      Used:     1078M (27%)        1164M (30%)        1120M (29%)         338M (9%)     
[2026-04-03T01:46:39.858+0600][65.803s][info][gc,heap     ] GC(33) y:      Live:         -               220M (6%)          220M (6%)          220M (6%)     
[2026-04-03T01:46:39.858+0600][65.803s][info][gc,heap     ] GC(33) y:   Garbage:         -               857M (22%)         813M (21%)          16M (0%)     
[2026-04-03T01:46:39.858+0600][65.803s][info][gc,heap     ] GC(33) y: Allocated:         -                86M (2%)           86M (2%)          101M (3%)     
[2026-04-03T01:46:39.858+0600][65.803s][info][gc,heap     ] GC(33) y: Reclaimed:         -                  -                44M (1%)          841M (21%)    
[2026-04-03T01:46:39.858+0600][65.803s][info][gc,heap     ] GC(33) y:  Promoted:         -                  -                 0M (0%)            0M (0%)     
[2026-04-03T01:46:39.858+0600][65.803s][info][gc,heap     ] GC(33) y: Compacted:         -                  -                  -                66M (2%)     
[2026-04-03T01:46:39.858+0600][65.803s][info][gc,phases   ] GC(33) y: Young Generation 1288M(33%)->548M(14%) 0.969s
[2026-04-03T01:46:39.858+0600][65.803s][info][gc          ] GC(33) Minor Collection (Allocation Rate) 1288M(33%)->548M(14%) 0.970s
[2026-04-03T01:46:42.007+0600][67.952s][info][gc          ] GC(34) Minor Collection (Allocation Rate)
[2026-04-03T01:46:42.007+0600][67.952s][info][gc,task     ] GC(34) Using 3 Workers for Young Generation
[2026-04-03T01:46:42.007+0600][67.952s][info][gc,phases   ] GC(34) y: Young Generation
[2026-04-03T01:46:42.007+0600][67.952s][info][gc,phases   ] GC(34) y: Pause Mark Start 0.087ms
[2026-04-03T01:46:42.151+0600][68.096s][info][gc,phases   ] GC(34) y: Concurrent Mark 144.044ms
[2026-04-03T01:46:42.152+0600][68.096s][info][gc,phases   ] GC(34) y: Pause Mark End 0.037ms
[2026-04-03T01:46:42.152+0600][68.097s][info][gc,phases   ] GC(34) y: Concurrent Mark Free 0.001ms
[2026-04-03T01:46:42.152+0600][68.097s][info][gc,phases   ] GC(34) y: Concurrent Reset Relocation Set 0.101ms
[2026-04-03T01:46:42.159+0600][68.104s][info][gc,reloc    ] GC(34) y: Using tenuring threshold: 4 (Computed)
[2026-04-03T01:46:42.168+0600][68.112s][info][gc,phases   ] GC(34) y: Concurrent Select Relocation Set 15.552ms
[2026-04-03T01:46:42.168+0600][68.113s][info][gc,phases   ] GC(34) y: Pause Relocate Start 0.035ms
[2026-04-03T01:46:42.230+0600][68.175s][info][gc,phases   ] GC(34) y: Concurrent Relocate 61.731ms
[2026-04-03T01:46:42.230+0600][68.175s][info][gc,alloc    ] GC(34) y:                         Mark Start        Mark End      Relocate Start    Relocate End   
[2026-04-03T01:46:42.230+0600][68.175s][info][gc,alloc    ] GC(34) y: Allocation Stalls:          0                0                0                0         
[2026-04-03T01:46:42.230+0600][68.175s][info][gc,load     ] GC(34) y: Load: 6.00 (50%) / 6.78 (56%) / 7.35 (61%)
[2026-04-03T01:46:42.230+0600][68.175s][info][gc,mmu      ] GC(34) y: MMU: 2ms/93.8%, 5ms/97.5%, 10ms/98.8%, 20ms/99.3%, 50ms/99.6%, 100ms/99.8%
[2026-04-03T01:46:42.230+0600][68.175s][info][gc,marking  ] GC(34) y: Mark: 2 stripe(s), 2 proactive flush(es), 1 terminate flush(es), 0 completion(s), 0 continuation(s) 
[2026-04-03T01:46:42.230+0600][68.175s][info][gc,marking  ] GC(34) y: Mark Stack Usage: 32M
[2026-04-03T01:46:42.230+0600][68.175s][info][gc,nmethod  ] GC(34) y: NMethods: 7295 registered, 616 unregistered
[2026-04-03T01:46:42.230+0600][68.175s][info][gc,metaspace] GC(34) y: Metaspace: 71M used, 72M committed, 1088M reserved
[2026-04-03T01:46:42.230+0600][68.175s][info][gc,reloc    ] GC(34) y:                        Candidates     Selected     In-Place         Size        Empty    Relocated 
[2026-04-03T01:46:42.230+0600][68.175s][info][gc,reloc    ] GC(34) y: Small Pages:                  517          107            0        1034M         790M          18M 
[2026-04-03T01:46:42.230+0600][68.175s][info][gc,reloc    ] GC(34) y: Medium Pages:                   3            0            0          96M          96M           0M 
[2026-04-03T01:46:42.230+0600][68.175s][info][gc,reloc    ] GC(34) y: Large Pages:                   26            0            0         236M         206M           0M 
[2026-04-03T01:46:42.230+0600][68.175s][info][gc,reloc    ] GC(34) y: Forwarding Usage: 25M
[2026-04-03T01:46:42.230+0600][68.175s][info][gc,reloc    ] GC(34) y: Age Table:
[2026-04-03T01:46:42.230+0600][68.175s][info][gc,reloc    ] GC(34) y:                    Live             Garbage             Small              Medium             Large        
[2026-04-03T01:46:42.230+0600][68.175s][info][gc,reloc    ] GC(34) y: Eden              54M (1%)         1059M (27%)        428 / 104            3 / 0             21 / 0        
[2026-04-03T01:46:42.230+0600][68.175s][info][gc,reloc    ] GC(34) y: Survivor 1          -               100M (3%)          23 / 0              0 / 0              3 / 0        
[2026-04-03T01:46:42.230+0600][68.175s][info][gc,reloc    ] GC(34) y: Survivor 2          -               124M (3%)          52 / 0              0 / 0              2 / 0        
[2026-04-03T01:46:42.230+0600][68.175s][info][gc,reloc    ] GC(34) y: Survivor 3         0M (0%)           27M (1%)          14 / 3              0 / 0              0 / 0        
[2026-04-03T01:46:42.230+0600][68.175s][info][gc,heap     ] GC(34) y: Min Capacity: 8M(0%)
[2026-04-03T01:46:42.230+0600][68.175s][info][gc,heap     ] GC(34) y: Max Capacity: 3922M(100%)
[2026-04-03T01:46:42.230+0600][68.175s][info][gc,heap     ] GC(34) y: Soft Max Capacity: 3529M(90%)
[2026-04-03T01:46:42.230+0600][68.175s][info][gc,heap     ] GC(34) y: Heap Statistics:
[2026-04-03T01:46:42.230+0600][68.175s][info][gc,heap     ] GC(34) y:                Mark Start          Mark End        Relocate Start      Relocate End           High               Low         
[2026-04-03T01:46:42.230+0600][68.175s][info][gc,heap     ] GC(34) y:  Capacity:     3316M (85%)        3316M (85%)        3316M (85%)        3316M (85%)        3316M (85%)        3316M (85%)    
[2026-04-03T01:46:42.230+0600][68.175s][info][gc,heap     ] GC(34) y:      Free:     2346M (60%)        2296M (59%)        3382M (86%)        3564M (91%)        3564M (91%)        2296M (59%)    
[2026-04-03T01:46:42.230+0600][68.175s][info][gc,heap     ] GC(34) y:      Used:     1576M (40%)        1626M (41%)         540M (14%)         358M (9%)         1626M (41%)         358M (9%)     
[2026-04-03T01:46:42.230+0600][68.175s][info][gc,heap     ] GC(34) y: Young Generation Statistics:
[2026-04-03T01:46:42.230+0600][68.175s][info][gc,heap     ] GC(34) y:                Mark Start          Mark End        Relocate Start      Relocate End    
[2026-04-03T01:46:42.230+0600][68.175s][info][gc,heap     ] GC(34) y:      Used:     1366M (35%)        1416M (36%)         330M (8%)          148M (4%)     
[2026-04-03T01:46:42.230+0600][68.175s][info][gc,heap     ] GC(34) y:      Live:         -                54M (1%)           54M (1%)           54M (1%)     
[2026-04-03T01:46:42.230+0600][68.175s][info][gc,heap     ] GC(34) y:   Garbage:         -              1311M (33%)         219M (6%)            1M (0%)     
[2026-04-03T01:46:42.230+0600][68.175s][info][gc,heap     ] GC(34) y: Allocated:         -                50M (1%)           56M (1%)           92M (2%)     
[2026-04-03T01:46:42.230+0600][68.175s][info][gc,heap     ] GC(34) y: Reclaimed:         -                  -              1092M (28%)        1310M (33%)    
[2026-04-03T01:46:42.230+0600][68.175s][info][gc,heap     ] GC(34) y:  Promoted:         -                  -                 0M (0%)            0M (0%)     
[2026-04-03T01:46:42.230+0600][68.175s][info][gc,heap     ] GC(34) y: Compacted:         -                  -                  -                23M (1%)     
[2026-04-03T01:46:42.230+0600][68.175s][info][gc,phases   ] GC(34) y: Young Generation 1576M(40%)->358M(9%) 0.223s
[2026-04-03T01:46:42.230+0600][68.175s][info][gc          ] GC(34) Minor Collection (Allocation Rate) 1576M(40%)->358M(9%) 0.224s
[2026-04-03T01:46:43.408+0600][69.353s][info][gc          ] GC(35) Minor Collection (Allocation Rate)
[2026-04-03T01:46:43.408+0600][69.353s][info][gc,task     ] GC(35) Using 3 Workers for Young Generation
[2026-04-03T01:46:43.408+0600][69.353s][info][gc,phases   ] GC(35) y: Young Generation
[2026-04-03T01:46:43.409+0600][69.353s][info][gc,phases   ] GC(35) y: Pause Mark Start 0.019ms
[2026-04-03T01:46:43.559+0600][69.504s][info][gc,phases   ] GC(35) y: Concurrent Mark 150.558ms
[2026-04-03T01:46:43.560+0600][69.505s][info][gc,phases   ] GC(35) y: Pause Mark End 0.032ms
[2026-04-03T01:46:43.560+0600][69.505s][info][gc,phases   ] GC(35) y: Concurrent Mark Free 0.002ms
[2026-04-03T01:46:43.560+0600][69.505s][info][gc,phases   ] GC(35) y: Concurrent Reset Relocation Set 0.059ms
[2026-04-03T01:46:43.566+0600][69.511s][info][gc,reloc    ] GC(35) y: Using tenuring threshold: 5 (Computed)
[2026-04-03T01:46:43.572+0600][69.516s][info][gc,phases   ] GC(35) y: Concurrent Select Relocation Set 11.627ms
[2026-04-03T01:46:43.572+0600][69.517s][info][gc,phases   ] GC(35) y: Pause Relocate Start 0.045ms
[2026-04-03T01:46:43.642+0600][69.587s][info][gc,phases   ] GC(35) y: Concurrent Relocate 69.902ms
[2026-04-03T01:46:43.642+0600][69.587s][info][gc,alloc    ] GC(35) y:                         Mark Start        Mark End      Relocate Start    Relocate End   
[2026-04-03T01:46:43.642+0600][69.587s][info][gc,alloc    ] GC(35) y: Allocation Stalls:          0                0                0                0         
[2026-04-03T01:46:43.642+0600][69.587s][info][gc,load     ] GC(35) y: Load: 6.00 (50%) / 6.78 (56%) / 7.35 (61%)
[2026-04-03T01:46:43.642+0600][69.587s][info][gc,mmu      ] GC(35) y: MMU: 2ms/93.8%, 5ms/97.5%, 10ms/98.8%, 20ms/99.3%, 50ms/99.6%, 100ms/99.8%
[2026-04-03T01:46:43.642+0600][69.587s][info][gc,marking  ] GC(35) y: Mark: 2 stripe(s), 2 proactive flush(es), 1 terminate flush(es), 0 completion(s), 0 continuation(s) 
[2026-04-03T01:46:43.642+0600][69.587s][info][gc,marking  ] GC(35) y: Mark Stack Usage: 32M
[2026-04-03T01:46:43.642+0600][69.587s][info][gc,nmethod  ] GC(35) y: NMethods: 7411 registered, 616 unregistered
[2026-04-03T01:46:43.642+0600][69.587s][info][gc,metaspace] GC(35) y: Metaspace: 71M used, 72M committed, 1088M reserved
[2026-04-03T01:46:43.642+0600][69.587s][info][gc,reloc    ] GC(35) y:                        Candidates     Selected     In-Place         Size        Empty    Relocated 
[2026-04-03T01:46:43.642+0600][69.587s][info][gc,reloc    ] GC(35) y: Small Pages:                  522          208            0        1044M         588M          30M 
[2026-04-03T01:46:43.642+0600][69.587s][info][gc,reloc    ] GC(35) y: Medium Pages:                   5            1            0         160M          64M           8M 
[2026-04-03T01:46:43.642+0600][69.587s][info][gc,reloc    ] GC(35) y: Large Pages:                   16            0            0         108M          96M           0M 
[2026-04-03T01:46:43.642+0600][69.587s][info][gc,reloc    ] GC(35) y: Forwarding Usage: 32M
[2026-04-03T01:46:43.642+0600][69.587s][info][gc,reloc    ] GC(35) y: Age Table:
[2026-04-03T01:46:43.642+0600][69.587s][info][gc,reloc    ] GC(35) y:                    Live             Garbage             Small              Medium             Large        
[2026-04-03T01:46:43.642+0600][69.587s][info][gc,reloc    ] GC(35) y: Eden              76M (2%)         1167M (30%)        503 / 203            5 / 1             13 / 0        
[2026-04-03T01:46:43.642+0600][69.587s][info][gc,reloc    ] GC(35) y: Survivor 1         0M (0%)           63M (2%)          17 / 3              0 / 0              3 / 0        
[2026-04-03T01:46:43.642+0600][69.587s][info][gc,reloc    ] GC(35) y: Survivor 2          -                 0M (0%)           0 / 0              0 / 0              0 / 0        
[2026-04-03T01:46:43.642+0600][69.587s][info][gc,reloc    ] GC(35) y: Survivor 3          -                 0M (0%)           0 / 0              0 / 0              0 / 0        
[2026-04-03T01:46:43.642+0600][69.587s][info][gc,reloc    ] GC(35) y: Survivor 4         0M (0%)            3M (0%)           2 / 2              0 / 0              0 / 0        
[2026-04-03T01:46:43.642+0600][69.587s][info][gc,heap     ] GC(35) y: Min Capacity: 8M(0%)
[2026-04-03T01:46:43.642+0600][69.587s][info][gc,heap     ] GC(35) y: Max Capacity: 3922M(100%)
[2026-04-03T01:46:43.642+0600][69.587s][info][gc,heap     ] GC(35) y: Soft Max Capacity: 3529M(90%)
[2026-04-03T01:46:43.642+0600][69.587s][info][gc,heap     ] GC(35) y: Heap Statistics:
[2026-04-03T01:46:43.642+0600][69.587s][info][gc,heap     ] GC(35) y:                Mark Start          Mark End        Relocate Start      Relocate End           High               Low         
[2026-04-03T01:46:43.642+0600][69.587s][info][gc,heap     ] GC(35) y:  Capacity:     3316M (85%)        3316M (85%)        3316M (85%)        3316M (85%)        3316M (85%)        3316M (85%)    
[2026-04-03T01:46:43.642+0600][69.587s][info][gc,heap     ] GC(35) y:      Free:     2400M (61%)        2282M (58%)        3030M (77%)        3442M (88%)        3442M (88%)        2282M (58%)    
[2026-04-03T01:46:43.642+0600][69.587s][info][gc,heap     ] GC(35) y:      Used:     1522M (39%)        1640M (42%)         892M (23%)         480M (12%)        1640M (42%)         480M (12%)    
[2026-04-03T01:46:43.642+0600][69.587s][info][gc,heap     ] GC(35) y: Young Generation Statistics:
[2026-04-03T01:46:43.642+0600][69.587s][info][gc,heap     ] GC(35) y:                Mark Start          Mark End        Relocate Start      Relocate End    
[2026-04-03T01:46:43.642+0600][69.587s][info][gc,heap     ] GC(35) y:      Used:     1312M (33%)        1430M (36%)         682M (17%)         270M (7%)     
[2026-04-03T01:46:43.642+0600][69.587s][info][gc,heap     ] GC(35) y:      Live:         -                76M (2%)           76M (2%)           76M (2%)     
[2026-04-03T01:46:43.642+0600][69.587s][info][gc,heap     ] GC(35) y:   Garbage:         -              1235M (32%)         487M (12%)          17M (0%)     
[2026-04-03T01:46:43.642+0600][69.587s][info][gc,heap     ] GC(35) y: Allocated:         -               118M (3%)          118M (3%)          175M (4%)     
[2026-04-03T01:46:43.643+0600][69.587s][info][gc,heap     ] GC(35) y: Reclaimed:         -                  -               748M (19%)        1217M (31%)    
[2026-04-03T01:46:43.643+0600][69.587s][info][gc,heap     ] GC(35) y:  Promoted:         -                  -                 0M (0%)            0M (0%)     
[2026-04-03T01:46:43.643+0600][69.587s][info][gc,heap     ] GC(35) y: Compacted:         -                  -                  -                50M (1%)     
[2026-04-03T01:46:43.643+0600][69.587s][info][gc,phases   ] GC(35) y: Young Generation 1522M(39%)->480M(12%) 0.234s
[2026-04-03T01:46:43.643+0600][69.587s][info][gc          ] GC(35) Minor Collection (Allocation Rate) 1522M(39%)->480M(12%) 0.234s
[2026-04-03T01:46:45.068+0600][71.013s][info][gc,exit     ] Stopping ZGC
[2026-04-03T01:46:45.068+0600][71.013s][info][gc,stats    ] === Garbage Collection Statistics =======================================================================================================================
[2026-04-03T01:46:45.068+0600][71.013s][info][gc,stats    ]                                                              Last 10s              Last 10m              Last 10h                Total
[2026-04-03T01:46:45.068+0600][71.013s][info][gc,stats    ]                                                              Avg / Max             Avg / Max             Avg / Max             Avg / Max
[2026-04-03T01:46:45.068+0600][71.013s][info][gc,stats    ]        Contention: Mark Segment Reset Contention                     1 / 8                 4 / 199               4 / 199               4 / 199         ops/s
[2026-04-03T01:46:45.068+0600][71.013s][info][gc,stats    ]        Contention: Mark SeqNum Reset Contention                      0 / 0                 0 / 4                 0 / 4                 0 / 4           ops/s
[2026-04-03T01:46:45.068+0600][71.013s][info][gc,stats    ]          Critical: Allocation Stall                                  0 / 0                 0 / 0                 0 / 0                 0 / 0           ops/s
[2026-04-03T01:46:45.068+0600][71.013s][info][gc,stats    ]          Critical: Allocation Stall                              0.000 / 0.000         0.000 / 0.000         0.000 / 0.000         0.000 / 0.000       ms
[2026-04-03T01:46:45.068+0600][71.013s][info][gc,stats    ]          Critical: JNI Critical Stall                                0 / 0                 0 / 1                 0 / 1                 0 / 1           ops/s
[2026-04-03T01:46:45.068+0600][71.013s][info][gc,stats    ]          Critical: JNI Critical Stall                            0.000 / 0.000         0.386 / 0.492         0.386 / 0.492         0.386 / 0.492       ms
[2026-04-03T01:46:45.068+0600][71.013s][info][gc,stats    ]          Critical: Relocation Stall                                  0 / 0                 0 / 0                 0 / 0                 0 / 0           ops/s
[2026-04-03T01:46:45.068+0600][71.013s][info][gc,stats    ]          Critical: Relocation Stall                              0.000 / 0.000         0.000 / 0.000         0.000 / 0.000         0.000 / 0.000       ms
[2026-04-03T01:46:45.068+0600][71.013s][info][gc,stats    ]  Major Collection: Major Collection                              0.000 / 0.000      1341.786 / 7190.393   1341.786 / 7190.393   1341.786 / 7190.393    ms
[2026-04-03T01:46:45.068+0600][71.013s][info][gc,stats    ]            Memory: Allocation Rate                                 568 / 1030            477 / 2322            477 / 2322            477 / 2322        MB/s
[2026-04-03T01:46:45.069+0600][71.013s][info][gc,stats    ]            Memory: Defragment                                        0 / 0                 1 / 51                1 / 51                1 / 51          ops/s
[2026-04-03T01:46:45.069+0600][71.013s][info][gc,stats    ]            Memory: Out Of Memory                                     0 / 0                 0 / 0                 0 / 0                 0 / 0           ops/s
[2026-04-03T01:46:45.069+0600][71.013s][info][gc,stats    ]            Memory: Page Cache Flush                                  0 / 0                 3 / 102               3 / 102               3 / 102         MB/s
[2026-04-03T01:46:45.069+0600][71.013s][info][gc,stats    ]            Memory: Page Cache Hit L1                               270 / 457             209 / 1170            209 / 1170            209 / 1170        ops/s
[2026-04-03T01:46:45.069+0600][71.013s][info][gc,stats    ]            Memory: Page Cache Hit L2                                 0 / 0                 0 / 0                 0 / 0                 0 / 0           ops/s
[2026-04-03T01:46:45.069+0600][71.013s][info][gc,stats    ]            Memory: Page Cache Hit L3                                 0 / 0                 3 / 96                3 / 96                3 / 96          ops/s
[2026-04-03T01:46:45.069+0600][71.013s][info][gc,stats    ]            Memory: Page Cache Miss                                   0 / 0                15 / 381              15 / 381              15 / 381         ops/s
[2026-04-03T01:46:45.069+0600][71.013s][info][gc,stats    ]            Memory: Uncommit                                          0 / 0                 0 / 0                 0 / 0                 0 / 0           MB/s
[2026-04-03T01:46:45.069+0600][71.013s][info][gc,stats    ]            Memory: Undo Object Allocation Failed                     0 / 0                 0 / 0                 0 / 0                 0 / 0           ops/s
[2026-04-03T01:46:45.069+0600][71.013s][info][gc,stats    ]            Memory: Undo Object Allocation Succeeded                  0 / 2                 1 / 124               1 / 124               1 / 124         ops/s
[2026-04-03T01:46:45.069+0600][71.013s][info][gc,stats    ]            Memory: Undo Page Allocation                              0 / 0                 0 / 2                 0 / 2                 0 / 2           ops/s
[2026-04-03T01:46:45.069+0600][71.013s][info][gc,stats    ]  Minor Collection: Minor Collection                            749.963 / 1403.516    755.474 / 2629.418    755.474 / 2629.418    755.474 / 2629.418    ms
[2026-04-03T01:46:45.069+0600][71.013s][info][gc,stats    ]    Old Generation: Old Generation                                0.000 / 0.000       954.059 / 5789.826    954.059 / 5789.826    954.059 / 5789.826    ms
[2026-04-03T01:46:45.069+0600][71.013s][info][gc,stats    ]         Old Pause: Pause Mark End                                0.000 / 0.000         0.032 / 0.048         0.032 / 0.048         0.032 / 0.048       ms
[2026-04-03T01:46:45.069+0600][71.013s][info][gc,stats    ]         Old Pause: Pause Relocate Start                          0.000 / 0.000         0.043 / 0.099         0.043 / 0.099         0.043 / 0.099       ms
[2026-04-03T01:46:45.069+0600][71.014s][info][gc,stats    ]         Old Phase: Concurrent Mark                               0.000 / 0.000       273.949 / 1099.186    273.949 / 1099.186    273.949 / 1099.186    ms
[2026-04-03T01:46:45.069+0600][71.014s][info][gc,stats    ]         Old Phase: Concurrent Mark Continue                      0.000 / 0.000         0.000 / 0.000         0.000 / 0.000         0.000 / 0.000       ms
[2026-04-03T01:46:45.069+0600][71.014s][info][gc,stats    ]         Old Phase: Concurrent Mark Free                          0.000 / 0.000         0.006 / 0.039         0.006 / 0.039         0.006 / 0.039       ms
[2026-04-03T01:46:45.069+0600][71.014s][info][gc,stats    ]         Old Phase: Concurrent Process Non-Strong                 0.000 / 0.000        18.320 / 52.074       18.320 / 52.074       18.320 / 52.074      ms
[2026-04-03T01:46:45.069+0600][71.014s][info][gc,stats    ]         Old Phase: Concurrent Relocate                           0.000 / 0.000        47.692 / 367.871      47.692 / 367.871      47.692 / 367.871     ms
[2026-04-03T01:46:45.069+0600][71.014s][info][gc,stats    ]         Old Phase: Concurrent Remap Roots                        0.000 / 0.000        25.840 / 34.695       25.840 / 34.695       25.840 / 34.695      ms
[2026-04-03T01:46:45.069+0600][71.014s][info][gc,stats    ]         Old Phase: Concurrent Reset Relocation Set               0.000 / 0.000         0.004 / 0.015         0.004 / 0.015         0.004 / 0.015       ms
[2026-04-03T01:46:45.069+0600][71.014s][info][gc,stats    ]         Old Phase: Concurrent Select Relocation Set              0.000 / 0.000        10.717 / 63.267       10.717 / 63.267       10.717 / 63.267      ms
[2026-04-03T01:46:45.069+0600][71.014s][info][gc,stats    ]      Old Subphase: Concurrent Classes Purge                      0.000 / 0.000         0.538 / 1.486         0.538 / 1.486         0.538 / 1.486       ms
[2026-04-03T01:46:45.069+0600][71.014s][info][gc,stats    ]      Old Subphase: Concurrent Classes Unlink                     0.000 / 0.000        14.478 / 44.438       14.478 / 44.438       14.478 / 44.438      ms
[2026-04-03T01:46:45.069+0600][71.014s][info][gc,stats    ]      Old Subphase: Concurrent Mark Follow                        0.000 / 0.000       272.739 / 1096.317    272.739 / 1096.317    272.739 / 1096.317    ms
[2026-04-03T01:46:45.069+0600][71.014s][info][gc,stats    ]      Old Subphase: Concurrent Mark Root Colored                  0.000 / 0.000         0.198 / 0.494         0.198 / 0.494         0.198 / 0.494       ms
[2026-04-03T01:46:45.069+0600][71.014s][info][gc,stats    ]      Old Subphase: Concurrent Mark Root Uncolored                0.000 / 0.000         0.664 / 2.201         0.664 / 2.201         0.664 / 2.201       ms
[2026-04-03T01:46:45.069+0600][71.014s][info][gc,stats    ]      Old Subphase: Concurrent Mark Roots                         0.000 / 0.000         1.202 / 2.855         1.202 / 2.855         1.202 / 2.855       ms
[2026-04-03T01:46:45.069+0600][71.014s][info][gc,stats    ]      Old Subphase: Concurrent References Enqueue                 0.000 / 0.000         0.005 / 0.014         0.005 / 0.014         0.005 / 0.014       ms
[2026-04-03T01:46:45.069+0600][71.014s][info][gc,stats    ]      Old Subphase: Concurrent References Process                 0.000 / 0.000         0.737 / 2.468         0.737 / 2.468         0.737 / 2.468       ms
[2026-04-03T01:46:45.069+0600][71.014s][info][gc,stats    ]      Old Subphase: Concurrent Remap Remembered                   0.000 / 0.000        20.138 / 27.778       20.138 / 27.778       20.138 / 27.778      ms
[2026-04-03T01:46:45.069+0600][71.014s][info][gc,stats    ]      Old Subphase: Concurrent Remap Roots Colored                0.000 / 0.000         2.729 / 5.129         2.729 / 5.129         2.729 / 5.129       ms
[2026-04-03T01:46:45.069+0600][71.014s][info][gc,stats    ]      Old Subphase: Concurrent Remap Roots Uncolored              0.000 / 0.000         2.242 / 4.570         2.242 / 4.570         2.242 / 4.570       ms
[2026-04-03T01:46:45.069+0600][71.014s][info][gc,stats    ]      Old Subphase: Concurrent Roots ClassLoaderDataGraph         0.000 / 0.000         1.518 / 4.417         1.518 / 4.417         1.518 / 4.417       ms
[2026-04-03T01:46:45.069+0600][71.014s][info][gc,stats    ]      Old Subphase: Concurrent Roots CodeCache                    0.000 / 0.000         2.103 / 3.796         2.103 / 3.796         2.103 / 3.796       ms
[2026-04-03T01:46:45.069+0600][71.014s][info][gc,stats    ]      Old Subphase: Concurrent Roots JavaThreads                  0.000 / 0.000         0.256 / 2.199         0.256 / 2.199         0.256 / 2.199       ms
[2026-04-03T01:46:45.069+0600][71.014s][info][gc,stats    ]      Old Subphase: Concurrent Roots OopStorageSet                0.000 / 0.000         0.036 / 0.274         0.036 / 0.274         0.036 / 0.274       ms
[2026-04-03T01:46:45.069+0600][71.014s][info][gc,stats    ]      Old Subphase: Concurrent Weak Roots OopStorageSet           0.000 / 0.000         0.766 / 3.665         0.766 / 3.665         0.766 / 3.665       ms
[2026-04-03T01:46:45.069+0600][71.014s][info][gc,stats    ]            System: Java Threads                                    192 / 199              99 / 199              99 / 199              99 / 199         threads
[2026-04-03T01:46:45.069+0600][71.014s][info][gc,stats    ]  Young Generation: Young Generation                              0.000 / 0.000       509.732 / 1399.281    509.732 / 1399.281    509.732 / 1399.281    ms
[2026-04-03T01:46:45.069+0600][71.014s][info][gc,stats    ]  Young Generation: Young Generation                            749.276 / 1402.709    754.833 / 2628.706    754.833 / 2628.706    754.833 / 2628.706    ms
[2026-04-03T01:46:45.069+0600][71.014s][info][gc,stats    ]  Young Generation: Young Generation (Collect Roots)              0.000 / 0.000        14.886 / 20.906       14.886 / 20.906       14.886 / 20.906      ms
[2026-04-03T01:46:45.069+0600][71.014s][info][gc,stats    ]  Young Generation: Young Generation (Promote All)                0.000 / 0.000        43.356 / 63.580       43.356 / 63.580       43.356 / 63.580      ms
[2026-04-03T01:46:45.069+0600][71.014s][info][gc,stats    ]       Young Pause: Pause Mark End                                0.044 / 0.072         0.041 / 0.098         0.041 / 0.098         0.041 / 0.098       ms
[2026-04-03T01:46:45.069+0600][71.014s][info][gc,stats    ]       Young Pause: Pause Mark Start                              0.039 / 0.087         0.036 / 0.099         0.036 / 0.099         0.036 / 0.099       ms
[2026-04-03T01:46:45.069+0600][71.014s][info][gc,stats    ]       Young Pause: Pause Mark Start (Major)                      0.000 / 0.000         0.032 / 0.047         0.032 / 0.047         0.032 / 0.047       ms
[2026-04-03T01:46:45.069+0600][71.014s][info][gc,stats    ]       Young Pause: Pause Relocate Start                          0.037 / 0.045         0.035 / 0.113         0.035 / 0.113         0.035 / 0.113       ms
[2026-04-03T01:46:45.069+0600][71.014s][info][gc,stats    ]       Young Phase: Concurrent Mark                             562.232 / 987.207     413.388 / 1611.895    413.388 / 1611.895    413.388 / 1611.895    ms
[2026-04-03T01:46:45.069+0600][71.014s][info][gc,stats    ]       Young Phase: Concurrent Mark Continue                      0.000 / 0.000         0.000 / 0.000         0.000 / 0.000         0.000 / 0.000       ms
[2026-04-03T01:46:45.069+0600][71.014s][info][gc,stats    ]       Young Phase: Concurrent Mark Free                          0.003 / 0.005         0.007 / 0.193         0.007 / 0.193         0.007 / 0.193       ms
[2026-04-03T01:46:45.069+0600][71.014s][info][gc,stats    ]       Young Phase: Concurrent Relocate                         149.950 / 369.204     135.518 / 809.762     135.518 / 809.762     135.518 / 809.762     ms
[2026-04-03T01:46:45.069+0600][71.014s][info][gc,stats    ]       Young Phase: Concurrent Reset Relocation Set               0.083 / 0.198         0.064 / 0.262         0.064 / 0.262         0.064 / 0.262       ms
[2026-04-03T01:46:45.069+0600][71.014s][info][gc,stats    ]       Young Phase: Concurrent Select Relocation Set             33.550 / 110.752      41.023 / 248.932      41.023 / 248.932      41.023 / 248.932     ms
[2026-04-03T01:46:45.069+0600][71.014s][info][gc,stats    ]    Young Subphase: Concurrent Mark Follow                      552.162 / 978.206     404.363 / 1600.568    404.363 / 1600.568    404.363 / 1600.568    ms
[2026-04-03T01:46:45.069+0600][71.014s][info][gc,stats    ]    Young Subphase: Concurrent Mark Root Colored                  4.468 / 6.488         4.534 / 6.883         4.534 / 6.883         4.534 / 6.883       ms
[2026-04-03T01:46:45.069+0600][71.014s][info][gc,stats    ]    Young Subphase: Concurrent Mark Root Uncolored                4.800 / 5.898         4.025 / 13.519        4.025 / 13.519        4.025 / 13.519      ms
[2026-04-03T01:46:45.069+0600][71.014s][info][gc,stats    ]    Young Subphase: Concurrent Mark Roots                         9.440 / 11.501        9.016 / 18.111        9.016 / 18.111        9.016 / 18.111      ms
[2026-04-03T01:46:45.069+0600][71.014s][info][gc,stats    ]    Young Subphase: Concurrent Relocate Remset FP                 0.112 / 0.240        32.174 / 339.479      32.174 / 339.479      32.174 / 339.479     ms
[2026-04-03T01:46:45.069+0600][71.014s][info][gc,stats    ]    Young Subphase: Concurrent Roots ClassLoaderDataGraph         3.678 / 5.569         3.499 / 5.569         3.499 / 5.569         3.499 / 5.569       ms
[2026-04-03T01:46:45.069+0600][71.014s][info][gc,stats    ]    Young Subphase: Concurrent Roots CodeCache                    3.963 / 4.883         3.307 / 10.904        3.307 / 10.904        3.307 / 10.904      ms
[2026-04-03T01:46:45.069+0600][71.014s][info][gc,stats    ]    Young Subphase: Concurrent Roots JavaThreads                  0.438 / 1.017         0.379 / 2.607         0.379 / 2.607         0.379 / 2.607       ms
[2026-04-03T01:46:45.069+0600][71.014s][info][gc,stats    ]    Young Subphase: Concurrent Roots OopStorageSet                0.033 / 0.059         0.042 / 0.149         0.042 / 0.149         0.042 / 0.149       ms
[2026-04-03T01:46:45.069+0600][71.014s][info][gc,stats    ]    Young Subphase: Concurrent Weak Roots OopStorageSet           0.755 / 0.951         0.992 / 2.894         0.992 / 2.894         0.992 / 2.894       ms
[2026-04-03T01:46:45.069+0600][71.014s][info][gc,stats    ] =========================================================================================================================================================
[2026-04-03T01:46:45.070+0600][71.014s][info][gc,heap,exit] Heap
[2026-04-03T01:46:45.070+0600][71.014s][info][gc,heap,exit]  ZHeap           used 1440M, capacity 3316M, max capacity 3922M
[2026-04-03T01:46:45.070+0600][71.014s][info][gc,heap,exit]  Metaspace       used 74279K, committed 75264K, reserved 1179648K
[2026-04-03T01:46:45.070+0600][71.014s][info][gc,heap,exit]   class space    used 9564K, committed 9984K, reserved 1048576K
