[2026-04-03T06:36:42.968+0600][0.008s][info][gc,init] Initializing The Z Garbage Collector
[2026-04-03T06:36:42.968+0600][0.008s][info][gc,init] Version: 21.0.10+7-Ubuntu-124.04 (release)
[2026-04-03T06:36:42.968+0600][0.008s][info][gc,init] NUMA Support: Disabled
[2026-04-03T06:36:42.968+0600][0.008s][info][gc,init] CPUs: 12 total, 12 available
[2026-04-03T06:36:42.968+0600][0.008s][info][gc,init] Memory: 15683M
[2026-04-03T06:36:42.968+0600][0.008s][info][gc,init] Large Page Support: Disabled
[2026-04-03T06:36:42.968+0600][0.008s][info][gc,init] Address Space Type: Contiguous/Unrestricted/Complete
[2026-04-03T06:36:42.968+0600][0.008s][info][gc,init] Address Space Size: 62752M
[2026-04-03T06:36:42.968+0600][0.008s][info][gc,init] Heap Backing File: /memfd:java_heap
[2026-04-03T06:36:42.968+0600][0.008s][info][gc,init] Heap Backing Filesystem: tmpfs (0x1021994)
[2026-04-03T06:36:42.969+0600][0.009s][info][gc,init] Min Capacity: 8M
[2026-04-03T06:36:42.969+0600][0.009s][info][gc,init] Initial Capacity: 246M
[2026-04-03T06:36:42.969+0600][0.009s][info][gc,init] Max Capacity: 3922M
[2026-04-03T06:36:42.969+0600][0.009s][info][gc,init] Soft Max Capacity: 3529M
[2026-04-03T06:36:42.969+0600][0.009s][info][gc,init] Medium Page Size: 32M
[2026-04-03T06:36:42.969+0600][0.009s][info][gc,init] Pre-touch: Disabled
[2026-04-03T06:36:42.969+0600][0.009s][info][gc,init] Available space on backing filesystem: N/A
[2026-04-03T06:36:42.971+0600][0.011s][info][gc,init] Uncommit: Enabled
[2026-04-03T06:36:42.971+0600][0.011s][info][gc,init] Uncommit Delay: 300s
[2026-04-03T06:36:42.971+0600][0.011s][info][gc,init] GC Workers for Old Generation: 3 (dynamic)
[2026-04-03T06:36:42.972+0600][0.012s][info][gc,init] GC Workers for Young Generation: 3 (dynamic)
[2026-04-03T06:36:43.055+0600][0.095s][info][gc,init] GC Workers Max: 3 (dynamic)
[2026-04-03T06:36:43.056+0600][0.096s][info][gc,init] Runtime Workers: 8
[2026-04-03T06:36:43.057+0600][0.097s][info][gc     ] Using The Z Garbage Collector
[2026-04-03T06:36:43.066+0600][0.107s][info][gc,metaspace] CDS archive(s) mapped at: [0x0000781fdb000000-0x0000781fdbc9c000-0x0000781fdbc9c000), size 13221888, SharedBaseAddress: 0x0000781fdb000000, ArchiveRelocationMode: 1.
[2026-04-03T06:36:43.066+0600][0.107s][info][gc,metaspace] Compressed class space mapped at: 0x0000781fdc000000-0x000078201c000000, reserved size: 1073741824
[2026-04-03T06:36:43.066+0600][0.107s][info][gc,metaspace] Narrow klass base: 0x0000781fdb000000, Narrow klass shift: 0, Narrow klass range: 0x100000000
[2026-04-03T06:36:43.498+0600][0.538s][info][gc          ] GC(0) Major Collection (System.gc())
[2026-04-03T06:36:43.498+0600][0.538s][info][gc,task     ] GC(0) Using 3 Workers for Young Generation
[2026-04-03T06:36:43.498+0600][0.538s][info][gc,task     ] GC(0) Using 3 Workers for Old Generation
[2026-04-03T06:36:43.498+0600][0.538s][info][gc,phases   ] GC(0) Y: Young Generation (Promote All)
[2026-04-03T06:36:43.498+0600][0.538s][info][gc,phases   ] GC(0) Y: Pause Mark Start 0.015ms
[2026-04-03T06:36:43.502+0600][0.542s][info][gc,phases   ] GC(0) Y: Concurrent Mark 4.184ms
[2026-04-03T06:36:43.502+0600][0.542s][info][gc,phases   ] GC(0) Y: Pause Mark End 0.014ms
[2026-04-03T06:36:43.502+0600][0.542s][info][gc,phases   ] GC(0) Y: Concurrent Mark Free 0.001ms
[2026-04-03T06:36:43.502+0600][0.543s][info][gc,phases   ] GC(0) Y: Concurrent Reset Relocation Set 0.001ms
[2026-04-03T06:36:43.509+0600][0.549s][info][gc,reloc    ] GC(0) Y: Using tenuring threshold: 0 (Promote All)
[2026-04-03T06:36:43.511+0600][0.552s][info][gc,phases   ] GC(0) Y: Concurrent Select Relocation Set 9.091ms
[2026-04-03T06:36:43.512+0600][0.552s][info][gc,phases   ] GC(0) Y: Pause Relocate Start 0.015ms
[2026-04-03T06:36:43.517+0600][0.557s][info][gc,phases   ] GC(0) Y: Concurrent Relocate 5.015ms
[2026-04-03T06:36:43.517+0600][0.557s][info][gc,alloc    ] GC(0) Y:                         Mark Start        Mark End      Relocate Start    Relocate End   
[2026-04-03T06:36:43.517+0600][0.557s][info][gc,alloc    ] GC(0) Y: Allocation Stalls:          0                0                0                0         
[2026-04-03T06:36:43.517+0600][0.557s][info][gc,load     ] GC(0) Y: Load: 3.97 (33%) / 5.99 (50%) / 4.91 (41%)
[2026-04-03T06:36:43.517+0600][0.557s][info][gc,mmu      ] GC(0) Y: MMU: 2ms/99.2%, 5ms/99.4%, 10ms/99.7%, 20ms/99.8%, 50ms/99.9%, 100ms/100.0%
[2026-04-03T06:36:43.517+0600][0.557s][info][gc,marking  ] GC(0) Y: Mark: 2 stripe(s), 1 proactive flush(es), 1 terminate flush(es), 0 completion(s), 0 continuation(s) 
[2026-04-03T06:36:43.517+0600][0.557s][info][gc,marking  ] GC(0) Y: Mark Stack Usage: 32M
[2026-04-03T06:36:43.517+0600][0.557s][info][gc,nmethod  ] GC(0) Y: NMethods: 798 registered, 0 unregistered
[2026-04-03T06:36:43.517+0600][0.557s][info][gc,metaspace] GC(0) Y: Metaspace: 4M used, 4M committed, 1088M reserved
[2026-04-03T06:36:43.517+0600][0.557s][info][gc,reloc    ] GC(0) Y:                        Candidates     Selected     In-Place         Size        Empty    Relocated 
[2026-04-03T06:36:43.517+0600][0.557s][info][gc,reloc    ] GC(0) Y: Small Pages:                   22           10            0          44M          20M           2M 
[2026-04-03T06:36:43.517+0600][0.557s][info][gc,reloc    ] GC(0) Y: Medium Pages:                   1            0            0          32M          32M           0M 
[2026-04-03T06:36:43.517+0600][0.557s][info][gc,reloc    ] GC(0) Y: Large Pages:                    2            0            0          12M           0M           0M 
[2026-04-03T06:36:43.517+0600][0.557s][info][gc,reloc    ] GC(0) Y: Forwarding Usage: 0M
[2026-04-03T06:36:43.517+0600][0.557s][info][gc,reloc    ] GC(0) Y: Age Table:
[2026-04-03T06:36:43.517+0600][0.557s][info][gc,reloc    ] GC(0) Y:                    Live             Garbage             Small              Medium             Large        
[2026-04-03T06:36:43.517+0600][0.557s][info][gc,reloc    ] GC(0) Y: Eden              14M (0%)           73M (2%)          22 / 10             1 / 0              2 / 0        
[2026-04-03T06:36:43.517+0600][0.557s][info][gc,heap     ] GC(0) Y: Min Capacity: 8M(0%)
[2026-04-03T06:36:43.517+0600][0.557s][info][gc,heap     ] GC(0) Y: Max Capacity: 3922M(100%)
[2026-04-03T06:36:43.517+0600][0.557s][info][gc,heap     ] GC(0) Y: Soft Max Capacity: 3529M(90%)
[2026-04-03T06:36:43.517+0600][0.557s][info][gc,heap     ] GC(0) Y: Heap Statistics:
[2026-04-03T06:36:43.517+0600][0.557s][info][gc,heap     ] GC(0) Y:                Mark Start          Mark End        Relocate Start      Relocate End           High               Low         
[2026-04-03T06:36:43.517+0600][0.557s][info][gc,heap     ] GC(0) Y:  Capacity:      246M (6%)          246M (6%)          246M (6%)          246M (6%)          246M (6%)          246M (6%)     
[2026-04-03T06:36:43.517+0600][0.557s][info][gc,heap     ] GC(0) Y:      Free:     3834M (98%)        3834M (98%)        3886M (99%)        3904M (100%)       3904M (100%)       3834M (98%)    
[2026-04-03T06:36:43.517+0600][0.557s][info][gc,heap     ] GC(0) Y:      Used:       88M (2%)           88M (2%)           36M (1%)           18M (0%)           88M (2%)           18M (0%)     
[2026-04-03T06:36:43.517+0600][0.557s][info][gc,heap     ] GC(0) Y: Young Generation Statistics:
[2026-04-03T06:36:43.517+0600][0.557s][info][gc,heap     ] GC(0) Y:                Mark Start          Mark End        Relocate Start      Relocate End    
[2026-04-03T06:36:43.517+0600][0.557s][info][gc,heap     ] GC(0) Y:      Used:       88M (2%)           88M (2%)           24M (1%)            0M (0%)     
[2026-04-03T06:36:43.517+0600][0.557s][info][gc,heap     ] GC(0) Y:      Live:         -                14M (0%)            2M (0%)            0M (0%)     
[2026-04-03T06:36:43.517+0600][0.557s][info][gc,heap     ] GC(0) Y:   Garbage:         -                73M (2%)           21M (1%)            0M (0%)     
[2026-04-03T06:36:43.517+0600][0.557s][info][gc,heap     ] GC(0) Y: Allocated:         -                 0M (0%)            0M (0%)            0M (0%)     
[2026-04-03T06:36:43.517+0600][0.557s][info][gc,heap     ] GC(0) Y: Reclaimed:         -                  -                52M (1%)           73M (2%)     
[2026-04-03T06:36:43.517+0600][0.557s][info][gc,heap     ] GC(0) Y:  Promoted:         -                  -                12M (0%)           14M (0%)     
[2026-04-03T06:36:43.517+0600][0.557s][info][gc,heap     ] GC(0) Y: Compacted:         -                  -                  -                 0M (0%)     
[2026-04-03T06:36:43.517+0600][0.557s][info][gc,phases   ] GC(0) Y: Young Generation (Promote All) 88M(2%)->18M(0%) 0.019s
[2026-04-03T06:36:43.517+0600][0.557s][info][gc,phases   ] GC(0) Y: Young Generation (Collect Roots)
[2026-04-03T06:36:43.517+0600][0.557s][info][gc,phases   ] GC(0) Y: Pause Mark Start (Major) 0.019ms
[2026-04-03T06:36:43.521+0600][0.562s][info][gc,phases   ] GC(0) Y: Concurrent Mark 3.905ms
[2026-04-03T06:36:43.522+0600][0.562s][info][gc,phases   ] GC(0) Y: Pause Mark End 0.020ms
[2026-04-03T06:36:43.522+0600][0.562s][info][gc,phases   ] GC(0) Y: Concurrent Mark Free 0.190ms
[2026-04-03T06:36:43.522+0600][0.562s][info][gc,phases   ] GC(0) Y: Concurrent Reset Relocation Set 0.003ms
[2026-04-03T06:36:43.523+0600][0.563s][info][gc,reloc    ] GC(0) Y: Using tenuring threshold: 0 (Computed)
[2026-04-03T06:36:43.524+0600][0.564s][info][gc,phases   ] GC(0) Y: Concurrent Select Relocation Set 1.706ms
[2026-04-03T06:36:43.524+0600][0.564s][info][gc,phases   ] GC(0) Y: Pause Relocate Start 0.013ms
[2026-04-03T06:36:43.524+0600][0.564s][info][gc,phases   ] GC(0) Y: Concurrent Relocate 0.073ms
[2026-04-03T06:36:43.524+0600][0.564s][info][gc,alloc    ] GC(0) Y:                         Mark Start        Mark End      Relocate Start    Relocate End   
[2026-04-03T06:36:43.524+0600][0.564s][info][gc,alloc    ] GC(0) Y: Allocation Stalls:          0                0                0                0         
[2026-04-03T06:36:43.524+0600][0.564s][info][gc,load     ] GC(0) Y: Load: 3.97 (33%) / 5.99 (50%) / 4.91 (41%)
[2026-04-03T06:36:43.524+0600][0.564s][info][gc,mmu      ] GC(0) Y: MMU: 2ms/99.0%, 5ms/99.2%, 10ms/99.4%, 20ms/99.7%, 50ms/99.8%, 100ms/99.9%
[2026-04-03T06:36:43.524+0600][0.564s][info][gc,marking  ] GC(0) Y: Mark: 2 stripe(s), 1 proactive flush(es), 1 terminate flush(es), 0 completion(s), 0 continuation(s) 
[2026-04-03T06:36:43.524+0600][0.564s][info][gc,marking  ] GC(0) Y: Mark Stack Usage: 0M
[2026-04-03T06:36:43.524+0600][0.564s][info][gc,nmethod  ] GC(0) Y: NMethods: 798 registered, 0 unregistered
[2026-04-03T06:36:43.524+0600][0.564s][info][gc,metaspace] GC(0) Y: Metaspace: 4M used, 4M committed, 1088M reserved
[2026-04-03T06:36:43.524+0600][0.564s][info][gc,heap     ] GC(0) Y: Min Capacity: 8M(0%)
[2026-04-03T06:36:43.524+0600][0.564s][info][gc,heap     ] GC(0) Y: Max Capacity: 3922M(100%)
[2026-04-03T06:36:43.524+0600][0.564s][info][gc,heap     ] GC(0) Y: Soft Max Capacity: 3529M(90%)
[2026-04-03T06:36:43.524+0600][0.564s][info][gc,heap     ] GC(0) Y: Heap Statistics:
[2026-04-03T06:36:43.524+0600][0.564s][info][gc,heap     ] GC(0) Y:                Mark Start          Mark End        Relocate Start      Relocate End           High               Low         
[2026-04-03T06:36:43.524+0600][0.564s][info][gc,heap     ] GC(0) Y:  Capacity:      246M (6%)          246M (6%)          246M (6%)          246M (6%)          246M (6%)          246M (6%)     
[2026-04-03T06:36:43.524+0600][0.564s][info][gc,heap     ] GC(0) Y:      Free:     3904M (100%)       3904M (100%)       3904M (100%)       3904M (100%)       3904M (100%)       3904M (100%)   
[2026-04-03T06:36:43.524+0600][0.564s][info][gc,heap     ] GC(0) Y:      Used:       18M (0%)           18M (0%)           18M (0%)           18M (0%)           18M (0%)           18M (0%)     
[2026-04-03T06:36:43.524+0600][0.564s][info][gc,heap     ] GC(0) Y: Young Generation Statistics:
[2026-04-03T06:36:43.524+0600][0.564s][info][gc,heap     ] GC(0) Y:                Mark Start          Mark End        Relocate Start      Relocate End    
[2026-04-03T06:36:43.524+0600][0.564s][info][gc,heap     ] GC(0) Y:      Used:        0M (0%)            0M (0%)            0M (0%)            0M (0%)     
[2026-04-03T06:36:43.524+0600][0.564s][info][gc,heap     ] GC(0) Y:      Live:         -                 0M (0%)            0M (0%)            0M (0%)     
[2026-04-03T06:36:43.524+0600][0.564s][info][gc,heap     ] GC(0) Y:   Garbage:         -                 0M (0%)            0M (0%)            0M (0%)     
[2026-04-03T06:36:43.524+0600][0.564s][info][gc,heap     ] GC(0) Y: Allocated:         -                 0M (0%)            0M (0%)            0M (0%)     
[2026-04-03T06:36:43.524+0600][0.564s][info][gc,heap     ] GC(0) Y: Reclaimed:         -                  -                 0M (0%)            0M (0%)     
[2026-04-03T06:36:43.524+0600][0.564s][info][gc,heap     ] GC(0) Y:  Promoted:         -                  -                 0M (0%)            0M (0%)     
[2026-04-03T06:36:43.524+0600][0.564s][info][gc,heap     ] GC(0) Y: Compacted:         -                  -                  -                 0M (0%)     
[2026-04-03T06:36:43.524+0600][0.564s][info][gc,phases   ] GC(0) Y: Young Generation (Collect Roots) 18M(0%)->18M(0%) 0.007s
[2026-04-03T06:36:43.524+0600][0.564s][info][gc,phases   ] GC(0) O: Old Generation
[2026-04-03T06:36:43.528+0600][0.568s][info][gc,phases   ] GC(0) O: Concurrent Mark 3.780ms
[2026-04-03T06:36:43.528+0600][0.568s][info][gc,phases   ] GC(0) O: Pause Mark End 0.017ms
[2026-04-03T06:36:43.528+0600][0.568s][info][gc,phases   ] GC(0) O: Concurrent Mark Free 0.001ms
[2026-04-03T06:36:43.529+0600][0.570s][info][gc,phases   ] GC(0) O: Concurrent Process Non-Strong 1.293ms
[2026-04-03T06:36:43.529+0600][0.570s][info][gc,phases   ] GC(0) O: Concurrent Reset Relocation Set 0.001ms
[2026-04-03T06:36:43.531+0600][0.571s][info][gc,phases   ] GC(0) O: Concurrent Select Relocation Set 1.417ms
[2026-04-03T06:36:43.531+0600][0.571s][info][gc,task     ] GC(0) O: Using 3 Workers for Old Generation
[2026-04-03T06:36:43.543+0600][0.583s][info][gc,task     ] GC(0) O: Using 3 Workers for Old Generation
[2026-04-03T06:36:43.543+0600][0.583s][info][gc,phases   ] GC(0) O: Concurrent Remap Roots 11.661ms
[2026-04-03T06:36:43.543+0600][0.583s][info][gc,phases   ] GC(0) O: Pause Relocate Start 0.042ms
[2026-04-03T06:36:43.545+0600][0.585s][info][gc,phases   ] GC(0) O: Concurrent Relocate 2.058ms
[2026-04-03T06:36:43.545+0600][0.585s][info][gc,alloc    ] GC(0) O:                         Mark Start        Mark End      Relocate Start    Relocate End   
[2026-04-03T06:36:43.545+0600][0.585s][info][gc,alloc    ] GC(0) O: Allocation Stalls:          0                0                0                0         
[2026-04-03T06:36:43.545+0600][0.585s][info][gc,load     ] GC(0) O: Load: 3.97 (33%) / 5.99 (50%) / 4.91 (41%)
[2026-04-03T06:36:43.545+0600][0.585s][info][gc,mmu      ] GC(0) O: MMU: 2ms/97.9%, 5ms/99.2%, 10ms/99.4%, 20ms/99.6%, 50ms/99.7%, 100ms/99.8%
[2026-04-03T06:36:43.545+0600][0.585s][info][gc,marking  ] GC(0) O: Mark: 2 stripe(s), 1 proactive flush(es), 1 terminate flush(es), 0 completion(s), 0 continuation(s) 
[2026-04-03T06:36:43.545+0600][0.585s][info][gc,marking  ] GC(0) O: Mark Stack Usage: 32M
[2026-04-03T06:36:43.545+0600][0.585s][info][gc,nmethod  ] GC(0) O: NMethods: 717 registered, 82 unregistered
[2026-04-03T06:36:43.545+0600][0.585s][info][gc,metaspace] GC(0) O: Metaspace: 4M used, 4M committed, 1088M reserved
[2026-04-03T06:36:43.545+0600][0.585s][info][gc,ref      ] GC(0) O:                       Encountered   Discovered     Enqueued 
[2026-04-03T06:36:43.545+0600][0.585s][info][gc,ref      ] GC(0) O: Soft References:              208            0            0 
[2026-04-03T06:36:43.545+0600][0.585s][info][gc,ref      ] GC(0) O: Weak References:              652          431          147 
[2026-04-03T06:36:43.545+0600][0.585s][info][gc,ref      ] GC(0) O: Final References:               9            7            0 
[2026-04-03T06:36:43.545+0600][0.585s][info][gc,ref      ] GC(0) O: Phantom References:            26           22            3 
[2026-04-03T06:36:43.545+0600][0.585s][info][gc,reloc    ] GC(0) O:                        Candidates     Selected     In-Place         Size        Empty    Relocated 
[2026-04-03T06:36:43.545+0600][0.585s][info][gc,reloc    ] GC(0) O: Small Pages:                    3            1            0           6M           0M           0M 
[2026-04-03T06:36:43.545+0600][0.585s][info][gc,reloc    ] GC(0) O: Medium Pages:                   0            0            0           0M           0M           0M 
[2026-04-03T06:36:43.545+0600][0.585s][info][gc,reloc    ] GC(0) O: Large Pages:                    2            0            0          12M           0M           0M 
[2026-04-03T06:36:43.545+0600][0.585s][info][gc,reloc    ] GC(0) O: Forwarding Usage: 0M
[2026-04-03T06:36:43.545+0600][0.585s][info][gc,heap     ] GC(0) O: Min Capacity: 8M(0%)
[2026-04-03T06:36:43.545+0600][0.585s][info][gc,heap     ] GC(0) O: Max Capacity: 3922M(100%)
[2026-04-03T06:36:43.545+0600][0.585s][info][gc,heap     ] GC(0) O: Soft Max Capacity: 3529M(90%)
[2026-04-03T06:36:43.545+0600][0.585s][info][gc,heap     ] GC(0) O: Heap Statistics:
[2026-04-03T06:36:43.545+0600][0.585s][info][gc,heap     ] GC(0) O:                Mark Start          Mark End        Relocate Start      Relocate End           High               Low         
[2026-04-03T06:36:43.545+0600][0.585s][info][gc,heap     ] GC(0) O:  Capacity:      246M (6%)          246M (6%)          246M (6%)          246M (6%)          246M (6%)          246M (6%)     
[2026-04-03T06:36:43.545+0600][0.585s][info][gc,heap     ] GC(0) O:      Free:     3904M (100%)       3904M (100%)       3900M (99%)        3900M (99%)        3904M (100%)       3896M (99%)    
[2026-04-03T06:36:43.545+0600][0.585s][info][gc,heap     ] GC(0) O:      Used:       18M (0%)           18M (0%)           22M (1%)           22M (1%)           26M (1%)           18M (0%)     
[2026-04-03T06:36:43.545+0600][0.585s][info][gc,heap     ] GC(0) O: Old Generation Statistics:
[2026-04-03T06:36:43.545+0600][0.585s][info][gc,heap     ] GC(0) O:                Mark Start          Mark End        Relocate Start      Relocate End    
[2026-04-03T06:36:43.545+0600][0.585s][info][gc,heap     ] GC(0) O:      Used:       18M (0%)           18M (0%)           18M (0%)           18M (0%)     
[2026-04-03T06:36:43.545+0600][0.585s][info][gc,heap     ] GC(0) O:      Live:         -                14M (0%)           14M (0%)           14M (0%)     
[2026-04-03T06:36:43.545+0600][0.585s][info][gc,heap     ] GC(0) O:   Garbage:         -                 3M (0%)            3M (0%)            0M (0%)     
[2026-04-03T06:36:43.545+0600][0.585s][info][gc,heap     ] GC(0) O: Allocated:         -                 0M (0%)            0M (0%)            2M (0%)     
[2026-04-03T06:36:43.545+0600][0.585s][info][gc,heap     ] GC(0) O: Reclaimed:         -                  -                 0M (0%)            2M (0%)     
[2026-04-03T06:36:43.545+0600][0.585s][info][gc,heap     ] GC(0) O: Compacted:         -                  -                  -                 1M (0%)     
[2026-04-03T06:36:43.545+0600][0.585s][info][gc,phases   ] GC(0) O: Old Generation 18M(0%)->22M(1%) 0.021s
[2026-04-03T06:36:43.545+0600][0.585s][info][gc          ] GC(0) Major Collection (System.gc()) 88M(2%)->22M(1%) 0.048s
[2026-04-03T06:36:44.321+0600][1.362s][info][gc          ] GC(1) Major Collection (Warmup)
[2026-04-03T06:36:44.322+0600][1.362s][info][gc,task     ] GC(1) Using 3 Workers for Young Generation
[2026-04-03T06:36:44.322+0600][1.362s][info][gc,task     ] GC(1) Using 2 Workers for Old Generation
[2026-04-03T06:36:44.322+0600][1.362s][info][gc,phases   ] GC(1) Y: Young Generation
[2026-04-03T06:36:44.325+0600][1.365s][info][gc,phases   ] GC(1) Y: Pause Mark Start (Major) 0.027ms
[2026-04-03T06:36:44.364+0600][1.405s][info][gc,phases   ] GC(1) Y: Concurrent Mark 39.367ms
[2026-04-03T06:36:44.368+0600][1.408s][info][gc,phases   ] GC(1) Y: Pause Mark End 0.025ms
[2026-04-03T06:36:44.370+0600][1.410s][info][gc,phases   ] GC(1) Y: Concurrent Mark Free 0.004ms
[2026-04-03T06:36:44.370+0600][1.410s][info][gc,phases   ] GC(1) Y: Concurrent Reset Relocation Set 0.001ms
[2026-04-03T06:36:44.377+0600][1.418s][info][gc,reloc    ] GC(1) Y: Using tenuring threshold: 1 (Computed)
[2026-04-03T06:36:44.380+0600][1.421s][info][gc,phases   ] GC(1) Y: Concurrent Select Relocation Set 10.717ms
[2026-04-03T06:36:44.381+0600][1.421s][info][gc,phases   ] GC(1) Y: Pause Relocate Start 0.019ms
[2026-04-03T06:36:44.392+0600][1.432s][info][gc,phases   ] GC(1) Y: Concurrent Relocate 7.539ms
[2026-04-03T06:36:44.392+0600][1.432s][info][gc,alloc    ] GC(1) Y:                         Mark Start        Mark End      Relocate Start    Relocate End   
[2026-04-03T06:36:44.392+0600][1.432s][info][gc,alloc    ] GC(1) Y: Allocation Stalls:          0                0                0                0         
[2026-04-03T06:36:44.392+0600][1.432s][info][gc,load     ] GC(1) Y: Load: 3.97 (33%) / 5.99 (50%) / 4.91 (41%)
[2026-04-03T06:36:44.392+0600][1.432s][info][gc,mmu      ] GC(1) Y: MMU: 2ms/97.9%, 5ms/99.2%, 10ms/99.4%, 20ms/99.6%, 50ms/99.7%, 100ms/99.8%
[2026-04-03T06:36:44.392+0600][1.432s][info][gc,marking  ] GC(1) Y: Mark: 2 stripe(s), 2 proactive flush(es), 1 terminate flush(es), 0 completion(s), 0 continuation(s) 
[2026-04-03T06:36:44.392+0600][1.432s][info][gc,marking  ] GC(1) Y: Mark Stack Usage: 32M
[2026-04-03T06:36:44.392+0600][1.432s][info][gc,nmethod  ] GC(1) Y: NMethods: 1237 registered, 82 unregistered
[2026-04-03T06:36:44.392+0600][1.432s][info][gc,metaspace] GC(1) Y: Metaspace: 6M used, 6M committed, 1088M reserved
[2026-04-03T06:36:44.392+0600][1.432s][info][gc,reloc    ] GC(1) Y:                        Candidates     Selected     In-Place         Size        Empty    Relocated 
[2026-04-03T06:36:44.392+0600][1.432s][info][gc,reloc    ] GC(1) Y: Small Pages:                  170           80            0         340M         170M           5M 
[2026-04-03T06:36:44.392+0600][1.432s][info][gc,reloc    ] GC(1) Y: Medium Pages:                   0            0            0           0M           0M           0M 
[2026-04-03T06:36:44.392+0600][1.432s][info][gc,reloc    ] GC(1) Y: Large Pages:                    0            0            0           0M           0M           0M 
[2026-04-03T06:36:44.392+0600][1.432s][info][gc,reloc    ] GC(1) Y: Forwarding Usage: 2M
[2026-04-03T06:36:44.392+0600][1.432s][info][gc,reloc    ] GC(1) Y: Age Table:
[2026-04-03T06:36:44.392+0600][1.432s][info][gc,reloc    ] GC(1) Y:                    Live             Garbage             Small              Medium             Large        
[2026-04-03T06:36:44.392+0600][1.432s][info][gc,reloc    ] GC(1) Y: Eden               7M (0%)          332M (8%)         170 / 80             0 / 0              0 / 0        
[2026-04-03T06:36:44.392+0600][1.432s][info][gc,heap     ] GC(1) Y: Min Capacity: 8M(0%)
[2026-04-03T06:36:44.392+0600][1.432s][info][gc,heap     ] GC(1) Y: Max Capacity: 3922M(100%)
[2026-04-03T06:36:44.392+0600][1.432s][info][gc,heap     ] GC(1) Y: Soft Max Capacity: 3529M(90%)
[2026-04-03T06:36:44.392+0600][1.432s][info][gc,heap     ] GC(1) Y: Heap Statistics:
[2026-04-03T06:36:44.392+0600][1.432s][info][gc,heap     ] GC(1) Y:                Mark Start          Mark End        Relocate Start      Relocate End           High               Low         
[2026-04-03T06:36:44.392+0600][1.432s][info][gc,heap     ] GC(1) Y:  Capacity:      358M (9%)          400M (10%)         404M (10%)         404M (10%)         404M (10%)         358M (9%)     
[2026-04-03T06:36:44.392+0600][1.432s][info][gc,heap     ] GC(1) Y:      Free:     3564M (91%)        3522M (90%)        3680M (94%)        3806M (97%)        3806M (97%)        3518M (90%)    
[2026-04-03T06:36:44.392+0600][1.432s][info][gc,heap     ] GC(1) Y:      Used:      358M (9%)          400M (10%)         242M (6%)          116M (3%)          404M (10%)         116M (3%)     
[2026-04-03T06:36:44.392+0600][1.432s][info][gc,heap     ] GC(1) Y: Young Generation Statistics:
[2026-04-03T06:36:44.392+0600][1.432s][info][gc,heap     ] GC(1) Y:                Mark Start          Mark End        Relocate Start      Relocate End    
[2026-04-03T06:36:44.392+0600][1.432s][info][gc,heap     ] GC(1) Y:      Used:      340M (9%)          382M (10%)         224M (6%)           98M (2%)     
[2026-04-03T06:36:44.392+0600][1.432s][info][gc,heap     ] GC(1) Y:      Live:         -                 7M (0%)            7M (0%)            7M (0%)     
[2026-04-03T06:36:44.392+0600][1.432s][info][gc,heap     ] GC(1) Y:   Garbage:         -               332M (8%)          162M (4%)            1M (0%)     
[2026-04-03T06:36:44.392+0600][1.432s][info][gc,heap     ] GC(1) Y: Allocated:         -                42M (1%)           54M (1%)           89M (2%)     
[2026-04-03T06:36:44.392+0600][1.432s][info][gc,heap     ] GC(1) Y: Reclaimed:         -                  -               170M (4%)          331M (8%)     
[2026-04-03T06:36:44.392+0600][1.432s][info][gc,heap     ] GC(1) Y:  Promoted:         -                  -                 0M (0%)            0M (0%)     
[2026-04-03T06:36:44.392+0600][1.432s][info][gc,heap     ] GC(1) Y: Compacted:         -                  -                  -                 6M (0%)     
[2026-04-03T06:36:44.392+0600][1.432s][info][gc,phases   ] GC(1) Y: Young Generation 356M(9%)->116M(3%) 0.070s
[2026-04-03T06:36:44.392+0600][1.433s][info][gc,phases   ] GC(1) O: Old Generation
[2026-04-03T06:36:44.413+0600][1.453s][info][gc,phases   ] GC(1) O: Concurrent Mark 20.299ms
[2026-04-03T06:36:44.413+0600][1.453s][info][gc,phases   ] GC(1) O: Pause Mark End 0.064ms
[2026-04-03T06:36:44.413+0600][1.453s][info][gc,phases   ] GC(1) O: Concurrent Mark Free 0.003ms
[2026-04-03T06:36:44.421+0600][1.461s][info][gc,phases   ] GC(1) O: Concurrent Process Non-Strong 7.192ms
[2026-04-03T06:36:44.421+0600][1.461s][info][gc,phases   ] GC(1) O: Concurrent Reset Relocation Set 0.002ms
[2026-04-03T06:36:44.424+0600][1.464s][info][gc,phases   ] GC(1) O: Concurrent Select Relocation Set 3.444ms
[2026-04-03T06:36:44.424+0600][1.464s][info][gc,task     ] GC(1) O: Using 3 Workers for Old Generation
[2026-04-03T06:36:44.472+0600][1.512s][info][gc,task     ] GC(1) O: Using 2 Workers for Old Generation
[2026-04-03T06:36:44.472+0600][1.512s][info][gc,phases   ] GC(1) O: Concurrent Remap Roots 47.486ms
[2026-04-03T06:36:44.473+0600][1.513s][info][gc,phases   ] GC(1) O: Pause Relocate Start 0.037ms
[2026-04-03T06:36:44.481+0600][1.521s][info][gc,phases   ] GC(1) O: Concurrent Relocate 7.061ms
[2026-04-03T06:36:44.481+0600][1.521s][info][gc,alloc    ] GC(1) O:                         Mark Start        Mark End      Relocate Start    Relocate End   
[2026-04-03T06:36:44.481+0600][1.521s][info][gc,alloc    ] GC(1) O: Allocation Stalls:          0                0                0                0         
[2026-04-03T06:36:44.481+0600][1.521s][info][gc,load     ] GC(1) O: Load: 3.97 (33%) / 5.99 (50%) / 4.91 (41%)
[2026-04-03T06:36:44.481+0600][1.521s][info][gc,mmu      ] GC(1) O: MMU: 2ms/96.8%, 5ms/98.7%, 10ms/99.4%, 20ms/99.6%, 50ms/99.7%, 100ms/99.8%
[2026-04-03T06:36:44.481+0600][1.521s][info][gc,marking  ] GC(1) O: Mark: 2 stripe(s), 2 proactive flush(es), 1 terminate flush(es), 0 completion(s), 0 continuation(s) 
[2026-04-03T06:36:44.481+0600][1.521s][info][gc,marking  ] GC(1) O: Mark Stack Usage: 32M
[2026-04-03T06:36:44.481+0600][1.521s][info][gc,nmethod  ] GC(1) O: NMethods: 1117 registered, 210 unregistered
[2026-04-03T06:36:44.481+0600][1.521s][info][gc,metaspace] GC(1) O: Metaspace: 6M used, 6M committed, 1088M reserved
[2026-04-03T06:36:44.481+0600][1.521s][info][gc,ref      ] GC(1) O:                       Encountered   Discovered     Enqueued 
[2026-04-03T06:36:44.481+0600][1.521s][info][gc,ref      ] GC(1) O: Soft References:              262            0            0 
[2026-04-03T06:36:44.481+0600][1.521s][info][gc,ref      ] GC(1) O: Weak References:              566          316            0 
[2026-04-03T06:36:44.481+0600][1.521s][info][gc,ref      ] GC(1) O: Final References:               9            5            0 
[2026-04-03T06:36:44.481+0600][1.521s][info][gc,ref      ] GC(1) O: Phantom References:            23           11            2 
[2026-04-03T06:36:44.481+0600][1.521s][info][gc,reloc    ] GC(1) O:                        Candidates     Selected     In-Place         Size        Empty    Relocated 
[2026-04-03T06:36:44.481+0600][1.521s][info][gc,reloc    ] GC(1) O: Small Pages:                    3            1            0           6M           0M           0M 
[2026-04-03T06:36:44.481+0600][1.521s][info][gc,reloc    ] GC(1) O: Medium Pages:                   0            0            0           0M           0M           0M 
[2026-04-03T06:36:44.481+0600][1.521s][info][gc,reloc    ] GC(1) O: Large Pages:                    2            0            0          12M           0M           0M 
[2026-04-03T06:36:44.481+0600][1.521s][info][gc,reloc    ] GC(1) O: Forwarding Usage: 0M
[2026-04-03T06:36:44.481+0600][1.521s][info][gc,heap     ] GC(1) O: Min Capacity: 8M(0%)
[2026-04-03T06:36:44.481+0600][1.521s][info][gc,heap     ] GC(1) O: Max Capacity: 3922M(100%)
[2026-04-03T06:36:44.481+0600][1.521s][info][gc,heap     ] GC(1) O: Soft Max Capacity: 3529M(90%)
[2026-04-03T06:36:44.481+0600][1.521s][info][gc,heap     ] GC(1) O: Heap Statistics:
[2026-04-03T06:36:44.481+0600][1.521s][info][gc,heap     ] GC(1) O:                Mark Start          Mark End        Relocate Start      Relocate End           High               Low         
[2026-04-03T06:36:44.481+0600][1.521s][info][gc,heap     ] GC(1) O:  Capacity:      358M (9%)          404M (10%)         404M (10%)         404M (10%)         404M (10%)         358M (9%)     
[2026-04-03T06:36:44.481+0600][1.521s][info][gc,heap     ] GC(1) O:      Free:     3564M (91%)        3780M (96%)        3756M (96%)        3754M (96%)        3806M (97%)        3518M (90%)    
[2026-04-03T06:36:44.481+0600][1.521s][info][gc,heap     ] GC(1) O:      Used:      358M (9%)          142M (4%)          166M (4%)          168M (4%)          404M (10%)         116M (3%)     
[2026-04-03T06:36:44.481+0600][1.521s][info][gc,heap     ] GC(1) O: Old Generation Statistics:
[2026-04-03T06:36:44.481+0600][1.521s][info][gc,heap     ] GC(1) O:                Mark Start          Mark End        Relocate Start      Relocate End    
[2026-04-03T06:36:44.481+0600][1.521s][info][gc,heap     ] GC(1) O:      Used:       18M (0%)           18M (0%)           18M (0%)           20M (1%)     
[2026-04-03T06:36:44.481+0600][1.521s][info][gc,heap     ] GC(1) O:      Live:         -                14M (0%)           14M (0%)           14M (0%)     
[2026-04-03T06:36:44.481+0600][1.521s][info][gc,heap     ] GC(1) O:   Garbage:         -                 3M (0%)            3M (0%)            0M (0%)     
[2026-04-03T06:36:44.481+0600][1.521s][info][gc,heap     ] GC(1) O: Allocated:         -                 0M (0%)            0M (0%)            4M (0%)     
[2026-04-03T06:36:44.481+0600][1.521s][info][gc,heap     ] GC(1) O: Reclaimed:         -                  -                 0M (0%)            2M (0%)     
[2026-04-03T06:36:44.481+0600][1.521s][info][gc,heap     ] GC(1) O: Compacted:         -                  -                  -                 1M (0%)     
[2026-04-03T06:36:44.481+0600][1.521s][info][gc,phases   ] GC(1) O: Old Generation 116M(3%)->168M(4%) 0.088s
[2026-04-03T06:36:44.481+0600][1.521s][info][gc          ] GC(1) Major Collection (Warmup) 354M(9%)->168M(4%) 0.160s
[2026-04-03T06:36:45.092+0600][2.132s][info][gc          ] GC(2) Major Collection (Warmup)
[2026-04-03T06:36:45.092+0600][2.132s][info][gc,task     ] GC(2) Using 3 Workers for Young Generation
[2026-04-03T06:36:45.092+0600][2.132s][info][gc,task     ] GC(2) Using 1 Workers for Old Generation
[2026-04-03T06:36:45.092+0600][2.132s][info][gc,phases   ] GC(2) Y: Young Generation
[2026-04-03T06:36:45.094+0600][2.134s][info][gc,phases   ] GC(2) Y: Pause Mark Start (Major) 0.021ms
[2026-04-03T06:36:45.121+0600][2.161s][info][gc,phases   ] GC(2) Y: Concurrent Mark 26.482ms
[2026-04-03T06:36:45.121+0600][2.161s][info][gc,phases   ] GC(2) Y: Pause Mark End 0.035ms
[2026-04-03T06:36:45.124+0600][2.164s][info][gc,phases   ] GC(2) Y: Concurrent Mark Free 0.002ms
[2026-04-03T06:36:45.124+0600][2.164s][info][gc,phases   ] GC(2) Y: Concurrent Reset Relocation Set 0.014ms
[2026-04-03T06:36:45.128+0600][2.168s][info][gc,reloc    ] GC(2) Y: Using tenuring threshold: 2 (Computed)
[2026-04-03T06:36:45.132+0600][2.172s][info][gc,phases   ] GC(2) Y: Concurrent Select Relocation Set 7.841ms
[2026-04-03T06:36:45.133+0600][2.173s][info][gc,phases   ] GC(2) Y: Pause Relocate Start 0.050ms
[2026-04-03T06:36:45.150+0600][2.190s][info][gc,phases   ] GC(2) Y: Concurrent Relocate 13.839ms
[2026-04-03T06:36:45.150+0600][2.190s][info][gc,alloc    ] GC(2) Y:                         Mark Start        Mark End      Relocate Start    Relocate End   
[2026-04-03T06:36:45.150+0600][2.190s][info][gc,alloc    ] GC(2) Y: Allocation Stalls:          0                0                0                0         
[2026-04-03T06:36:45.150+0600][2.190s][info][gc,load     ] GC(2) Y: Load: 3.97 (33%) / 5.99 (50%) / 4.91 (41%)
[2026-04-03T06:36:45.150+0600][2.190s][info][gc,mmu      ] GC(2) Y: MMU: 2ms/96.8%, 5ms/98.7%, 10ms/99.4%, 20ms/99.6%, 50ms/99.7%, 100ms/99.8%
[2026-04-03T06:36:45.150+0600][2.190s][info][gc,marking  ] GC(2) Y: Mark: 2 stripe(s), 2 proactive flush(es), 1 terminate flush(es), 0 completion(s), 0 continuation(s) 
[2026-04-03T06:36:45.150+0600][2.190s][info][gc,marking  ] GC(2) Y: Mark Stack Usage: 32M
[2026-04-03T06:36:45.150+0600][2.190s][info][gc,nmethod  ] GC(2) Y: NMethods: 1151 registered, 210 unregistered
[2026-04-03T06:36:45.150+0600][2.190s][info][gc,metaspace] GC(2) Y: Metaspace: 6M used, 6M committed, 1088M reserved
[2026-04-03T06:36:45.150+0600][2.190s][info][gc,reloc    ] GC(2) Y:                        Candidates     Selected     In-Place         Size        Empty    Relocated 
[2026-04-03T06:36:45.150+0600][2.190s][info][gc,reloc    ] GC(2) Y: Small Pages:                  344           84            0         688M         510M           5M 
[2026-04-03T06:36:45.150+0600][2.190s][info][gc,reloc    ] GC(2) Y: Medium Pages:                   0            0            0           0M           0M           0M 
[2026-04-03T06:36:45.150+0600][2.191s][info][gc,reloc    ] GC(2) Y: Large Pages:                    0            0            0           0M           0M           0M 
[2026-04-03T06:36:45.150+0600][2.191s][info][gc,reloc    ] GC(2) Y: Forwarding Usage: 2M
[2026-04-03T06:36:45.150+0600][2.191s][info][gc,reloc    ] GC(2) Y: Age Table:
[2026-04-03T06:36:45.150+0600][2.191s][info][gc,reloc    ] GC(2) Y:                    Live             Garbage             Small              Medium             Large        
[2026-04-03T06:36:45.150+0600][2.191s][info][gc,reloc    ] GC(2) Y: Eden               4M (0%)          649M (17%)        327 / 68             0 / 0              0 / 0        
[2026-04-03T06:36:45.150+0600][2.191s][info][gc,reloc    ] GC(2) Y: Survivor 1         2M (0%)           31M (1%)          17 / 16             0 / 0              0 / 0        
[2026-04-03T06:36:45.150+0600][2.191s][info][gc,heap     ] GC(2) Y: Min Capacity: 8M(0%)
[2026-04-03T06:36:45.150+0600][2.191s][info][gc,heap     ] GC(2) Y: Max Capacity: 3922M(100%)
[2026-04-03T06:36:45.150+0600][2.191s][info][gc,heap     ] GC(2) Y: Soft Max Capacity: 3529M(90%)
[2026-04-03T06:36:45.150+0600][2.191s][info][gc,heap     ] GC(2) Y: Heap Statistics:
[2026-04-03T06:36:45.150+0600][2.191s][info][gc,heap     ] GC(2) Y:                Mark Start          Mark End        Relocate Start      Relocate End           High               Low         
[2026-04-03T06:36:45.150+0600][2.191s][info][gc,heap     ] GC(2) Y:  Capacity:      708M (18%)         736M (19%)         742M (19%)         742M (19%)         742M (19%)         708M (18%)    
[2026-04-03T06:36:45.150+0600][2.191s][info][gc,heap     ] GC(2) Y:      Free:     3214M (82%)        3186M (81%)        3682M (94%)        3788M (97%)        3788M (97%)        3180M (81%)    
[2026-04-03T06:36:45.150+0600][2.191s][info][gc,heap     ] GC(2) Y:      Used:      708M (18%)         736M (19%)         240M (6%)          134M (3%)          742M (19%)         134M (3%)     
[2026-04-03T06:36:45.151+0600][2.191s][info][gc,heap     ] GC(2) Y: Young Generation Statistics:
[2026-04-03T06:36:45.151+0600][2.191s][info][gc,heap     ] GC(2) Y:                Mark Start          Mark End        Relocate Start      Relocate End    
[2026-04-03T06:36:45.151+0600][2.191s][info][gc,heap     ] GC(2) Y:      Used:      688M (18%)         716M (18%)         220M (6%)          114M (3%)     
[2026-04-03T06:36:45.151+0600][2.191s][info][gc,heap     ] GC(2) Y:      Live:         -                 7M (0%)            7M (0%)            7M (0%)     
[2026-04-03T06:36:45.151+0600][2.191s][info][gc,heap     ] GC(2) Y:   Garbage:         -               680M (17%)         170M (4%)            0M (0%)     
[2026-04-03T06:36:45.151+0600][2.191s][info][gc,heap     ] GC(2) Y: Allocated:         -                28M (1%)           42M (1%)          105M (3%)     
[2026-04-03T06:36:45.151+0600][2.191s][info][gc,heap     ] GC(2) Y: Reclaimed:         -                  -               510M (13%)         679M (17%)    
[2026-04-03T06:36:45.151+0600][2.191s][info][gc,heap     ] GC(2) Y:  Promoted:         -                  -                 0M (0%)            0M (0%)     
[2026-04-03T06:36:45.151+0600][2.191s][info][gc,heap     ] GC(2) Y: Compacted:         -                  -                  -                 6M (0%)     
[2026-04-03T06:36:45.151+0600][2.191s][info][gc,phases   ] GC(2) Y: Young Generation 706M(18%)->134M(3%) 0.058s
[2026-04-03T06:36:45.151+0600][2.191s][info][gc,phases   ] GC(2) O: Old Generation
[2026-04-03T06:36:45.179+0600][2.219s][info][gc,phases   ] GC(2) O: Concurrent Mark 28.424ms
[2026-04-03T06:36:45.179+0600][2.220s][info][gc,phases   ] GC(2) O: Pause Mark End 0.026ms
[2026-04-03T06:36:45.180+0600][2.220s][info][gc,phases   ] GC(2) O: Concurrent Mark Free 0.003ms
[2026-04-03T06:36:45.190+0600][2.230s][info][gc,phases   ] GC(2) O: Concurrent Process Non-Strong 10.485ms
[2026-04-03T06:36:45.190+0600][2.230s][info][gc,phases   ] GC(2) O: Concurrent Reset Relocation Set 0.002ms
[2026-04-03T06:36:45.193+0600][2.233s][info][gc,phases   ] GC(2) O: Concurrent Select Relocation Set 2.990ms
[2026-04-03T06:36:45.193+0600][2.233s][info][gc,task     ] GC(2) O: Using 3 Workers for Old Generation
[2026-04-03T06:36:45.243+0600][2.283s][info][gc,task     ] GC(2) O: Using 1 Workers for Old Generation
[2026-04-03T06:36:45.243+0600][2.283s][info][gc,phases   ] GC(2) O: Concurrent Remap Roots 49.447ms
[2026-04-03T06:36:45.243+0600][2.283s][info][gc,phases   ] GC(2) O: Pause Relocate Start 0.025ms
[2026-04-03T06:36:45.248+0600][2.288s][info][gc,phases   ] GC(2) O: Concurrent Relocate 4.423ms
[2026-04-03T06:36:45.248+0600][2.288s][info][gc,alloc    ] GC(2) O:                         Mark Start        Mark End      Relocate Start    Relocate End   
[2026-04-03T06:36:45.248+0600][2.288s][info][gc,alloc    ] GC(2) O: Allocation Stalls:          0                0                0                0         
[2026-04-03T06:36:45.248+0600][2.288s][info][gc,load     ] GC(2) O: Load: 3.97 (33%) / 5.99 (50%) / 4.91 (41%)
[2026-04-03T06:36:45.248+0600][2.288s][info][gc,mmu      ] GC(2) O: MMU: 2ms/96.8%, 5ms/98.7%, 10ms/99.4%, 20ms/99.6%, 50ms/99.7%, 100ms/99.8%
[2026-04-03T06:36:45.248+0600][2.288s][info][gc,marking  ] GC(2) O: Mark: 1 stripe(s), 2 proactive flush(es), 1 terminate flush(es), 0 completion(s), 0 continuation(s) 
[2026-04-03T06:36:45.248+0600][2.288s][info][gc,marking  ] GC(2) O: Mark Stack Usage: 32M
[2026-04-03T06:36:45.248+0600][2.288s][info][gc,nmethod  ] GC(2) O: NMethods: 1126 registered, 241 unregistered
[2026-04-03T06:36:45.248+0600][2.288s][info][gc,metaspace] GC(2) O: Metaspace: 6M used, 6M committed, 1088M reserved
[2026-04-03T06:36:45.248+0600][2.288s][info][gc,ref      ] GC(2) O:                       Encountered   Discovered     Enqueued 
[2026-04-03T06:36:45.248+0600][2.288s][info][gc,ref      ] GC(2) O: Soft References:              262            0            0 
[2026-04-03T06:36:45.248+0600][2.288s][info][gc,ref      ] GC(2) O: Weak References:              566          407            0 
[2026-04-03T06:36:45.248+0600][2.288s][info][gc,ref      ] GC(2) O: Final References:               9            7            0 
[2026-04-03T06:36:45.248+0600][2.288s][info][gc,ref      ] GC(2) O: Phantom References:            21           10            0 
[2026-04-03T06:36:45.248+0600][2.288s][info][gc,reloc    ] GC(2) O:                        Candidates     Selected     In-Place         Size        Empty    Relocated 
[2026-04-03T06:36:45.248+0600][2.288s][info][gc,reloc    ] GC(2) O: Small Pages:                    4            2            0           8M           0M           1M 
[2026-04-03T06:36:45.248+0600][2.288s][info][gc,reloc    ] GC(2) O: Medium Pages:                   0            0            0           0M           0M           0M 
[2026-04-03T06:36:45.248+0600][2.288s][info][gc,reloc    ] GC(2) O: Large Pages:                    2            0            0          12M           0M           0M 
[2026-04-03T06:36:45.248+0600][2.288s][info][gc,reloc    ] GC(2) O: Forwarding Usage: 0M
[2026-04-03T06:36:45.248+0600][2.288s][info][gc,heap     ] GC(2) O: Min Capacity: 8M(0%)
[2026-04-03T06:36:45.248+0600][2.288s][info][gc,heap     ] GC(2) O: Max Capacity: 3922M(100%)
[2026-04-03T06:36:45.248+0600][2.288s][info][gc,heap     ] GC(2) O: Soft Max Capacity: 3529M(90%)
[2026-04-03T06:36:45.248+0600][2.288s][info][gc,heap     ] GC(2) O: Heap Statistics:
[2026-04-03T06:36:45.248+0600][2.288s][info][gc,heap     ] GC(2) O:                Mark Start          Mark End        Relocate Start      Relocate End           High               Low         
[2026-04-03T06:36:45.248+0600][2.288s][info][gc,heap     ] GC(2) O:  Capacity:      708M (18%)         742M (19%)         742M (19%)         742M (19%)         742M (19%)         708M (18%)    
[2026-04-03T06:36:45.248+0600][2.288s][info][gc,heap     ] GC(2) O:      Free:     3214M (82%)        3786M (97%)        3786M (97%)        3786M (97%)        3788M (97%)        3180M (81%)    
[2026-04-03T06:36:45.248+0600][2.288s][info][gc,heap     ] GC(2) O:      Used:      708M (18%)         136M (3%)          136M (3%)          136M (3%)          742M (19%)         134M (3%)     
[2026-04-03T06:36:45.248+0600][2.288s][info][gc,heap     ] GC(2) O: Old Generation Statistics:
[2026-04-03T06:36:45.248+0600][2.288s][info][gc,heap     ] GC(2) O:                Mark Start          Mark End        Relocate Start      Relocate End    
[2026-04-03T06:36:45.248+0600][2.288s][info][gc,heap     ] GC(2) O:      Used:       20M (1%)           20M (1%)           20M (1%)           20M (1%)     
[2026-04-03T06:36:45.248+0600][2.288s][info][gc,heap     ] GC(2) O:      Live:         -                14M (0%)           14M (0%)           14M (0%)     
[2026-04-03T06:36:45.248+0600][2.288s][info][gc,heap     ] GC(2) O:   Garbage:         -                 5M (0%)            5M (0%)            0M (0%)     
[2026-04-03T06:36:45.248+0600][2.288s][info][gc,heap     ] GC(2) O: Allocated:         -                 0M (0%)            0M (0%)            4M (0%)     
[2026-04-03T06:36:45.248+0600][2.288s][info][gc,heap     ] GC(2) O: Reclaimed:         -                  -                 0M (0%)            4M (0%)     
[2026-04-03T06:36:45.248+0600][2.288s][info][gc,heap     ] GC(2) O: Compacted:         -                  -                  -                 1M (0%)     
[2026-04-03T06:36:45.248+0600][2.288s][info][gc,phases   ] GC(2) O: Old Generation 134M(3%)->136M(3%) 0.097s
[2026-04-03T06:36:45.248+0600][2.288s][info][gc          ] GC(2) Major Collection (Warmup) 706M(18%)->136M(3%) 0.156s
[2026-04-03T06:36:46.102+0600][3.142s][info][gc          ] GC(3) Major Collection (Warmup)
[2026-04-03T06:36:46.102+0600][3.142s][info][gc,task     ] GC(3) Using 3 Workers for Young Generation
[2026-04-03T06:36:46.102+0600][3.142s][info][gc,task     ] GC(3) Using 1 Workers for Old Generation
[2026-04-03T06:36:46.102+0600][3.142s][info][gc,phases   ] GC(3) Y: Young Generation
[2026-04-03T06:36:46.103+0600][3.144s][info][gc,phases   ] GC(3) Y: Pause Mark Start (Major) 0.023ms
[2026-04-03T06:36:46.125+0600][3.165s][info][gc,phases   ] GC(3) Y: Concurrent Mark 21.062ms
[2026-04-03T06:36:46.125+0600][3.165s][info][gc,phases   ] GC(3) Y: Pause Mark End 0.028ms
[2026-04-03T06:36:46.128+0600][3.168s][info][gc,phases   ] GC(3) Y: Concurrent Mark Free 0.002ms
[2026-04-03T06:36:46.128+0600][3.168s][info][gc,phases   ] GC(3) Y: Concurrent Reset Relocation Set 0.013ms
[2026-04-03T06:36:46.137+0600][3.178s][info][gc,reloc    ] GC(3) Y: Using tenuring threshold: 1 (Computed)
[2026-04-03T06:36:46.142+0600][3.182s][info][gc,phases   ] GC(3) Y: Concurrent Select Relocation Set 14.002ms
[2026-04-03T06:36:46.143+0600][3.183s][info][gc,phases   ] GC(3) Y: Pause Relocate Start 0.024ms
[2026-04-03T06:36:46.159+0600][3.199s][info][gc,phases   ] GC(3) Y: Concurrent Relocate 16.657ms
[2026-04-03T06:36:46.159+0600][3.200s][info][gc,alloc    ] GC(3) Y:                         Mark Start        Mark End      Relocate Start    Relocate End   
[2026-04-03T06:36:46.159+0600][3.200s][info][gc,alloc    ] GC(3) Y: Allocation Stalls:          0                0                0                0         
[2026-04-03T06:36:46.159+0600][3.200s][info][gc,load     ] GC(3) Y: Load: 3.97 (33%) / 5.99 (50%) / 4.91 (41%)
[2026-04-03T06:36:46.159+0600][3.200s][info][gc,mmu      ] GC(3) Y: MMU: 2ms/96.8%, 5ms/98.7%, 10ms/99.4%, 20ms/99.6%, 50ms/99.7%, 100ms/99.8%
[2026-04-03T06:36:46.159+0600][3.200s][info][gc,marking  ] GC(3) Y: Mark: 2 stripe(s), 2 proactive flush(es), 1 terminate flush(es), 0 completion(s), 0 continuation(s) 
[2026-04-03T06:36:46.160+0600][3.200s][info][gc,marking  ] GC(3) Y: Mark Stack Usage: 32M
[2026-04-03T06:36:46.160+0600][3.200s][info][gc,nmethod  ] GC(3) Y: NMethods: 1170 registered, 241 unregistered
[2026-04-03T06:36:46.160+0600][3.200s][info][gc,metaspace] GC(3) Y: Metaspace: 6M used, 6M committed, 1088M reserved
[2026-04-03T06:36:46.160+0600][3.200s][info][gc,reloc    ] GC(3) Y:                        Candidates     Selected     In-Place         Size        Empty    Relocated 
[2026-04-03T06:36:46.160+0600][3.200s][info][gc,reloc    ] GC(3) Y: Small Pages:                  520           81            0        1040M         870M           5M 
[2026-04-03T06:36:46.160+0600][3.200s][info][gc,reloc    ] GC(3) Y: Medium Pages:                   0            0            0           0M           0M           0M 
[2026-04-03T06:36:46.160+0600][3.200s][info][gc,reloc    ] GC(3) Y: Large Pages:                    0            0            0           0M           0M           0M 
[2026-04-03T06:36:46.160+0600][3.200s][info][gc,reloc    ] GC(3) Y: Forwarding Usage: 2M
[2026-04-03T06:36:46.160+0600][3.200s][info][gc,reloc    ] GC(3) Y: Age Table:
[2026-04-03T06:36:46.160+0600][3.200s][info][gc,reloc    ] GC(3) Y:                    Live             Garbage             Small              Medium             Large        
[2026-04-03T06:36:46.160+0600][3.200s][info][gc,reloc    ] GC(3) Y: Eden               4M (0%)          979M (25%)        492 / 65             0 / 0              0 / 0        
[2026-04-03T06:36:46.160+0600][3.200s][info][gc,reloc    ] GC(3) Y: Survivor 1         0M (0%)           23M (1%)          12 / 1              0 / 0              0 / 0        
[2026-04-03T06:36:46.160+0600][3.200s][info][gc,reloc    ] GC(3) Y: Survivor 2         2M (0%)           29M (1%)          16 / 15             0 / 0              0 / 0        
[2026-04-03T06:36:46.160+0600][3.200s][info][gc,heap     ] GC(3) Y: Min Capacity: 8M(0%)
[2026-04-03T06:36:46.160+0600][3.200s][info][gc,heap     ] GC(3) Y: Max Capacity: 3922M(100%)
[2026-04-03T06:36:46.160+0600][3.200s][info][gc,heap     ] GC(3) Y: Soft Max Capacity: 3529M(90%)
[2026-04-03T06:36:46.160+0600][3.200s][info][gc,heap     ] GC(3) Y: Heap Statistics:
[2026-04-03T06:36:46.160+0600][3.200s][info][gc,heap     ] GC(3) Y:                Mark Start          Mark End        Relocate Start      Relocate End           High               Low         
[2026-04-03T06:36:46.160+0600][3.200s][info][gc,heap     ] GC(3) Y:  Capacity:     1060M (27%)        1086M (28%)        1088M (28%)        1088M (28%)        1088M (28%)        1060M (27%)    
[2026-04-03T06:36:46.160+0600][3.200s][info][gc,heap     ] GC(3) Y:      Free:     2862M (73%)        2838M (72%)        3690M (94%)        3794M (97%)        3794M (97%)        2834M (72%)    
[2026-04-03T06:36:46.160+0600][3.200s][info][gc,heap     ] GC(3) Y:      Used:     1060M (27%)        1084M (28%)         232M (6%)          128M (3%)         1088M (28%)         128M (3%)     
[2026-04-03T06:36:46.160+0600][3.200s][info][gc,heap     ] GC(3) Y: Young Generation Statistics:
[2026-04-03T06:36:46.160+0600][3.200s][info][gc,heap     ] GC(3) Y:                Mark Start          Mark End        Relocate Start      Relocate End    
[2026-04-03T06:36:46.160+0600][3.200s][info][gc,heap     ] GC(3) Y:      Used:     1040M (27%)        1064M (27%)         212M (5%)           82M (2%)     
[2026-04-03T06:36:46.160+0600][3.200s][info][gc,heap     ] GC(3) Y:      Live:         -                 6M (0%)            6M (0%)            4M (0%)     
[2026-04-03T06:36:46.160+0600][3.200s][info][gc,heap     ] GC(3) Y:   Garbage:         -              1033M (26%)         163M (4%)            0M (0%)     
[2026-04-03T06:36:46.160+0600][3.200s][info][gc,heap     ] GC(3) Y: Allocated:         -                24M (1%)           42M (1%)           77M (2%)     
[2026-04-03T06:36:46.160+0600][3.200s][info][gc,heap     ] GC(3) Y: Reclaimed:         -                  -               870M (22%)        1033M (26%)    
[2026-04-03T06:36:46.160+0600][3.200s][info][gc,heap     ] GC(3) Y:  Promoted:         -                  -                 0M (0%)            2M (0%)     
[2026-04-03T06:36:46.160+0600][3.200s][info][gc,heap     ] GC(3) Y: Compacted:         -                  -                  -                 4M (0%)     
[2026-04-03T06:36:46.160+0600][3.200s][info][gc,phases   ] GC(3) Y: Young Generation 1060M(27%)->128M(3%) 0.057s
[2026-04-03T06:36:46.160+0600][3.200s][info][gc,phases   ] GC(3) O: Old Generation
[2026-04-03T06:36:46.197+0600][3.237s][info][gc,phases   ] GC(3) O: Concurrent Mark 36.802ms
[2026-04-03T06:36:46.197+0600][3.237s][info][gc,phases   ] GC(3) O: Pause Mark End 0.059ms
[2026-04-03T06:36:46.200+0600][3.240s][info][gc,phases   ] GC(3) O: Concurrent Mark Free 0.002ms
[2026-04-03T06:36:46.208+0600][3.249s][info][gc,phases   ] GC(3) O: Concurrent Process Non-Strong 8.124ms
[2026-04-03T06:36:46.208+0600][3.249s][info][gc,phases   ] GC(3) O: Concurrent Reset Relocation Set 0.002ms
[2026-04-03T06:36:46.211+0600][3.252s][info][gc,phases   ] GC(3) O: Concurrent Select Relocation Set 2.988ms
[2026-04-03T06:36:46.212+0600][3.252s][info][gc,task     ] GC(3) O: Using 3 Workers for Old Generation
[2026-04-03T06:36:46.278+0600][3.319s][info][gc,task     ] GC(3) O: Using 1 Workers for Old Generation
[2026-04-03T06:36:46.279+0600][3.319s][info][gc,phases   ] GC(3) O: Concurrent Remap Roots 67.031ms
[2026-04-03T06:36:46.279+0600][3.319s][info][gc,phases   ] GC(3) O: Pause Relocate Start 0.026ms
[2026-04-03T06:36:46.286+0600][3.326s][info][gc,phases   ] GC(3) O: Concurrent Relocate 7.265ms
[2026-04-03T06:36:46.286+0600][3.326s][info][gc,alloc    ] GC(3) O:                         Mark Start        Mark End      Relocate Start    Relocate End   
[2026-04-03T06:36:46.286+0600][3.326s][info][gc,alloc    ] GC(3) O: Allocation Stalls:          0                0                0                0         
[2026-04-03T06:36:46.286+0600][3.326s][info][gc,load     ] GC(3) O: Load: 3.97 (33%) / 5.99 (50%) / 4.91 (41%)
[2026-04-03T06:36:46.286+0600][3.326s][info][gc,mmu      ] GC(3) O: MMU: 2ms/96.8%, 5ms/98.7%, 10ms/99.4%, 20ms/99.6%, 50ms/99.7%, 100ms/99.8%
[2026-04-03T06:36:46.286+0600][3.326s][info][gc,marking  ] GC(3) O: Mark: 1 stripe(s), 2 proactive flush(es), 1 terminate flush(es), 0 completion(s), 0 continuation(s) 
[2026-04-03T06:36:46.286+0600][3.326s][info][gc,marking  ] GC(3) O: Mark Stack Usage: 32M
[2026-04-03T06:36:46.286+0600][3.327s][info][gc,nmethod  ] GC(3) O: NMethods: 1123 registered, 289 unregistered
[2026-04-03T06:36:46.286+0600][3.327s][info][gc,metaspace] GC(3) O: Metaspace: 6M used, 6M committed, 1088M reserved
[2026-04-03T06:36:46.286+0600][3.327s][info][gc,ref      ] GC(3) O:                       Encountered   Discovered     Enqueued 
[2026-04-03T06:36:46.286+0600][3.327s][info][gc,ref      ] GC(3) O: Soft References:              262            0            0 
[2026-04-03T06:36:46.286+0600][3.327s][info][gc,ref      ] GC(3) O: Weak References:              566          420            0 
[2026-04-03T06:36:46.286+0600][3.327s][info][gc,ref      ] GC(3) O: Final References:               9            7            0 
[2026-04-03T06:36:46.286+0600][3.327s][info][gc,ref      ] GC(3) O: Phantom References:            21           10            0 
[2026-04-03T06:36:46.286+0600][3.327s][info][gc,reloc    ] GC(3) O:                        Candidates     Selected     In-Place         Size        Empty    Relocated 
[2026-04-03T06:36:46.286+0600][3.327s][info][gc,reloc    ] GC(3) O: Small Pages:                    4            1            0           8M           2M           1M 
[2026-04-03T06:36:46.286+0600][3.327s][info][gc,reloc    ] GC(3) O: Medium Pages:                   0            0            0           0M           0M           0M 
[2026-04-03T06:36:46.287+0600][3.327s][info][gc,reloc    ] GC(3) O: Large Pages:                    2            0            0          12M           0M           0M 
[2026-04-03T06:36:46.287+0600][3.327s][info][gc,reloc    ] GC(3) O: Forwarding Usage: 0M
[2026-04-03T06:36:46.287+0600][3.327s][info][gc,heap     ] GC(3) O: Min Capacity: 8M(0%)
[2026-04-03T06:36:46.287+0600][3.327s][info][gc,heap     ] GC(3) O: Max Capacity: 3922M(100%)
[2026-04-03T06:36:46.287+0600][3.327s][info][gc,heap     ] GC(3) O: Soft Max Capacity: 3529M(90%)
[2026-04-03T06:36:46.287+0600][3.327s][info][gc,heap     ] GC(3) O: Heap Statistics:
[2026-04-03T06:36:46.287+0600][3.327s][info][gc,heap     ] GC(3) O:                Mark Start          Mark End        Relocate Start      Relocate End           High               Low         
[2026-04-03T06:36:46.287+0600][3.327s][info][gc,heap     ] GC(3) O:  Capacity:     1060M (27%)        1088M (28%)        1088M (28%)        1088M (28%)        1088M (28%)        1060M (27%)    
[2026-04-03T06:36:46.287+0600][3.327s][info][gc,heap     ] GC(3) O:      Free:     2862M (73%)        3762M (96%)        3734M (95%)        3736M (95%)        3794M (97%)        2834M (72%)    
[2026-04-03T06:36:46.287+0600][3.327s][info][gc,heap     ] GC(3) O:      Used:     1060M (27%)         160M (4%)          188M (5%)          186M (5%)         1088M (28%)         128M (3%)     
[2026-04-03T06:36:46.287+0600][3.327s][info][gc,heap     ] GC(3) O: Old Generation Statistics:
[2026-04-03T06:36:46.287+0600][3.327s][info][gc,heap     ] GC(3) O:                Mark Start          Mark End        Relocate Start      Relocate End    
[2026-04-03T06:36:46.287+0600][3.327s][info][gc,heap     ] GC(3) O:      Used:       20M (1%)           46M (1%)           44M (1%)           42M (1%)     
[2026-04-03T06:36:46.287+0600][3.327s][info][gc,heap     ] GC(3) O:      Live:         -                14M (0%)           14M (0%)           14M (0%)     
[2026-04-03T06:36:46.287+0600][3.327s][info][gc,heap     ] GC(3) O:   Garbage:         -                 5M (0%)            3M (0%)            0M (0%)     
[2026-04-03T06:36:46.287+0600][3.327s][info][gc,heap     ] GC(3) O: Allocated:         -                26M (1%)           26M (1%)           26M (1%)     
[2026-04-03T06:36:46.287+0600][3.327s][info][gc,heap     ] GC(3) O: Reclaimed:         -                  -                 2M (0%)            4M (0%)     
[2026-04-03T06:36:46.287+0600][3.327s][info][gc,heap     ] GC(3) O: Compacted:         -                  -                  -                 1M (0%)     
[2026-04-03T06:36:46.287+0600][3.327s][info][gc,phases   ] GC(3) O: Old Generation 128M(3%)->186M(5%) 0.126s
[2026-04-03T06:36:46.287+0600][3.327s][info][gc          ] GC(3) Major Collection (Warmup) 1060M(27%)->186M(5%) 0.185s
[2026-04-03T06:36:49.852+0600][6.892s][info][gc          ] GC(4) Minor Collection (High Usage)
[2026-04-03T06:36:49.852+0600][6.892s][info][gc,task     ] GC(4) Using 1 Workers for Young Generation
[2026-04-03T06:36:49.852+0600][6.893s][info][gc,phases   ] GC(4) y: Young Generation
[2026-04-03T06:36:49.854+0600][6.894s][info][gc,phases   ] GC(4) y: Pause Mark Start 0.024ms
[2026-04-03T06:36:49.895+0600][6.935s][info][gc,phases   ] GC(4) y: Concurrent Mark 41.189ms
[2026-04-03T06:36:49.900+0600][6.940s][info][gc,phases   ] GC(4) y: Pause Mark End 0.029ms
[2026-04-03T06:36:49.900+0600][6.940s][info][gc,phases   ] GC(4) y: Concurrent Mark Free 0.001ms
[2026-04-03T06:36:49.900+0600][6.940s][info][gc,phases   ] GC(4) y: Concurrent Reset Relocation Set 0.012ms
[2026-04-03T06:36:49.905+0600][6.945s][info][gc,reloc    ] GC(4) y: Using tenuring threshold: 2 (Computed)
[2026-04-03T06:36:49.907+0600][6.947s][info][gc,phases   ] GC(4) y: Concurrent Select Relocation Set 7.000ms
[2026-04-03T06:36:49.908+0600][6.949s][info][gc,phases   ] GC(4) y: Pause Relocate Start 0.020ms
[2026-04-03T06:36:49.924+0600][6.964s][info][gc,phases   ] GC(4) y: Concurrent Relocate 15.192ms
[2026-04-03T06:36:49.924+0600][6.964s][info][gc,alloc    ] GC(4) y:                         Mark Start        Mark End      Relocate Start    Relocate End   
[2026-04-03T06:36:49.924+0600][6.964s][info][gc,alloc    ] GC(4) y: Allocation Stalls:          0                0                0                0         
[2026-04-03T06:36:49.924+0600][6.964s][info][gc,load     ] GC(4) y: Load: 4.69 (39%) / 6.11 (51%) / 4.96 (41%)
[2026-04-03T06:36:49.924+0600][6.964s][info][gc,mmu      ] GC(4) y: MMU: 2ms/96.8%, 5ms/98.7%, 10ms/99.4%, 20ms/99.6%, 50ms/99.7%, 100ms/99.8%
[2026-04-03T06:36:49.924+0600][6.964s][info][gc,marking  ] GC(4) y: Mark: 1 stripe(s), 2 proactive flush(es), 1 terminate flush(es), 0 completion(s), 0 continuation(s) 
[2026-04-03T06:36:49.924+0600][6.964s][info][gc,marking  ] GC(4) y: Mark Stack Usage: 32M
[2026-04-03T06:36:49.924+0600][6.964s][info][gc,nmethod  ] GC(4) y: NMethods: 1166 registered, 0 unregistered
[2026-04-03T06:36:49.924+0600][6.964s][info][gc,metaspace] GC(4) y: Metaspace: 6M used, 6M committed, 1088M reserved
[2026-04-03T06:36:49.924+0600][6.964s][info][gc,reloc    ] GC(4) y:                        Candidates     Selected     In-Place         Size        Empty    Relocated 
[2026-04-03T06:36:49.924+0600][6.964s][info][gc,reloc    ] GC(4) y: Small Pages:                 1640          177            0        3280M        2920M           3M 
[2026-04-03T06:36:49.924+0600][6.964s][info][gc,reloc    ] GC(4) y: Medium Pages:                   0            0            0           0M           0M           0M 
[2026-04-03T06:36:49.924+0600][6.964s][info][gc,reloc    ] GC(4) y: Large Pages:                    0            0            0           0M           0M           0M 
[2026-04-03T06:36:49.924+0600][6.964s][info][gc,reloc    ] GC(4) y: Forwarding Usage: 2M
[2026-04-03T06:36:49.924+0600][6.964s][info][gc,reloc    ] GC(4) y: Age Table:
[2026-04-03T06:36:49.924+0600][6.964s][info][gc,reloc    ] GC(4) y:                    Live             Garbage             Small              Medium             Large        
[2026-04-03T06:36:49.924+0600][6.964s][info][gc,reloc    ] GC(4) y: Eden               4M (0%)         3249M (83%)       1627 / 176            0 / 0              0 / 0        
[2026-04-03T06:36:49.924+0600][6.964s][info][gc,reloc    ] GC(4) y: Survivor 1         0M (0%)           25M (1%)          13 / 1              0 / 0              0 / 0        
[2026-04-03T06:36:49.924+0600][6.964s][info][gc,heap     ] GC(4) y: Min Capacity: 8M(0%)
[2026-04-03T06:36:49.924+0600][6.964s][info][gc,heap     ] GC(4) y: Max Capacity: 3922M(100%)
[2026-04-03T06:36:49.924+0600][6.964s][info][gc,heap     ] GC(4) y: Soft Max Capacity: 3529M(90%)
[2026-04-03T06:36:49.924+0600][6.964s][info][gc,heap     ] GC(4) y: Heap Statistics:
[2026-04-03T06:36:49.924+0600][6.964s][info][gc,heap     ] GC(4) y:                Mark Start          Mark End        Relocate Start      Relocate End           High               Low         
[2026-04-03T06:36:49.924+0600][6.964s][info][gc,heap     ] GC(4) y:  Capacity:     3322M (85%)        3366M (86%)        3366M (86%)        3366M (86%)        3366M (86%)        3322M (85%)    
[2026-04-03T06:36:49.924+0600][6.964s][info][gc,heap     ] GC(4) y:      Free:      600M (15%)         556M (14%)        3474M (89%)        3798M (97%)        3798M (97%)         556M (14%)    
[2026-04-03T06:36:49.924+0600][6.964s][info][gc,heap     ] GC(4) y:      Used:     3322M (85%)        3366M (86%)         448M (11%)         124M (3%)         3366M (86%)         124M (3%)     
[2026-04-03T06:36:49.924+0600][6.964s][info][gc,heap     ] GC(4) y: Young Generation Statistics:
[2026-04-03T06:36:49.924+0600][6.964s][info][gc,heap     ] GC(4) y:                Mark Start          Mark End        Relocate Start      Relocate End    
[2026-04-03T06:36:49.924+0600][6.964s][info][gc,heap     ] GC(4) y:      Used:     3280M (84%)        3324M (85%)         406M (10%)          82M (2%)     
[2026-04-03T06:36:49.924+0600][6.964s][info][gc,heap     ] GC(4) y:      Live:         -                 4M (0%)            4M (0%)            4M (0%)     
[2026-04-03T06:36:49.924+0600][6.964s][info][gc,heap     ] GC(4) y:   Garbage:         -              3275M (84%)         355M (9%)            0M (0%)     
[2026-04-03T06:36:49.924+0600][6.964s][info][gc,heap     ] GC(4) y: Allocated:         -                44M (1%)           46M (1%)           77M (2%)     
[2026-04-03T06:36:49.924+0600][6.965s][info][gc,heap     ] GC(4) y: Reclaimed:         -                  -              2920M (74%)        3275M (84%)    
[2026-04-03T06:36:49.924+0600][6.965s][info][gc,heap     ] GC(4) y:  Promoted:         -                  -                 0M (0%)            0M (0%)     
[2026-04-03T06:36:49.924+0600][6.965s][info][gc,heap     ] GC(4) y: Compacted:         -                  -                  -                 4M (0%)     
[2026-04-03T06:36:49.924+0600][6.965s][info][gc,phases   ] GC(4) y: Young Generation 3322M(85%)->124M(3%) 0.071s
[2026-04-03T06:36:49.924+0600][6.965s][info][gc          ] GC(4) Minor Collection (High Usage) 3320M(85%)->128M(3%) 0.072s
[2026-04-03T06:36:52.781+0600][9.822s][info][gc          ] GC(5) Minor Collection (Allocation Rate)
[2026-04-03T06:36:52.782+0600][9.822s][info][gc,task     ] GC(5) Using 1 Workers for Young Generation
[2026-04-03T06:36:52.782+0600][9.822s][info][gc,phases   ] GC(5) y: Young Generation
[2026-04-03T06:36:52.782+0600][9.822s][info][gc,phases   ] GC(5) y: Pause Mark Start 0.037ms
[2026-04-03T06:36:52.823+0600][9.863s][info][gc,phases   ] GC(5) y: Concurrent Mark 40.563ms
[2026-04-03T06:36:52.823+0600][9.863s][info][gc,phases   ] GC(5) y: Pause Mark End 0.026ms
[2026-04-03T06:36:52.826+0600][9.866s][info][gc,phases   ] GC(5) y: Concurrent Mark Free 0.002ms
[2026-04-03T06:36:52.826+0600][9.866s][info][gc,phases   ] GC(5) y: Concurrent Reset Relocation Set 0.018ms
[2026-04-03T06:36:52.841+0600][9.881s][info][gc,reloc    ] GC(5) y: Using tenuring threshold: 1 (Computed)
[2026-04-03T06:36:52.842+0600][9.882s][info][gc,phases   ] GC(5) y: Concurrent Select Relocation Set 15.851ms
[2026-04-03T06:36:52.843+0600][9.883s][info][gc,phases   ] GC(5) y: Pause Relocate Start 0.052ms
[2026-04-03T06:36:52.870+0600][9.910s][info][gc,phases   ] GC(5) y: Concurrent Relocate 27.459ms
[2026-04-03T06:36:52.870+0600][9.910s][info][gc,alloc    ] GC(5) y:                         Mark Start        Mark End      Relocate Start    Relocate End   
[2026-04-03T06:36:52.870+0600][9.910s][info][gc,alloc    ] GC(5) y: Allocation Stalls:          0                0                0                0         
[2026-04-03T06:36:52.870+0600][9.911s][info][gc,load     ] GC(5) y: Load: 5.28 (44%) / 6.21 (52%) / 4.99 (42%)
[2026-04-03T06:36:52.870+0600][9.911s][info][gc,mmu      ] GC(5) y: MMU: 2ms/96.8%, 5ms/98.7%, 10ms/99.4%, 20ms/99.6%, 50ms/99.7%, 100ms/99.8%
[2026-04-03T06:36:52.870+0600][9.911s][info][gc,marking  ] GC(5) y: Mark: 1 stripe(s), 3 proactive flush(es), 1 terminate flush(es), 0 completion(s), 0 continuation(s) 
[2026-04-03T06:36:52.870+0600][9.911s][info][gc,marking  ] GC(5) y: Mark Stack Usage: 32M
[2026-04-03T06:36:52.870+0600][9.911s][info][gc,nmethod  ] GC(5) y: NMethods: 1169 registered, 0 unregistered
[2026-04-03T06:36:52.870+0600][9.911s][info][gc,metaspace] GC(5) y: Metaspace: 6M used, 6M committed, 1088M reserved
[2026-04-03T06:36:52.870+0600][9.911s][info][gc,reloc    ] GC(5) y:                        Candidates     Selected     In-Place         Size        Empty    Relocated 
[2026-04-03T06:36:52.870+0600][9.911s][info][gc,reloc    ] GC(5) y: Small Pages:                 1609          168            0        3218M        2876M           3M 
[2026-04-03T06:36:52.870+0600][9.911s][info][gc,reloc    ] GC(5) y: Medium Pages:                   0            0            0           0M           0M           0M 
[2026-04-03T06:36:52.870+0600][9.911s][info][gc,reloc    ] GC(5) y: Large Pages:                    0            0            0           0M           0M           0M 
[2026-04-03T06:36:52.871+0600][9.911s][info][gc,reloc    ] GC(5) y: Forwarding Usage: 2M
[2026-04-03T06:36:52.871+0600][9.911s][info][gc,reloc    ] GC(5) y: Age Table:
[2026-04-03T06:36:52.871+0600][9.911s][info][gc,reloc    ] GC(5) y:                    Live             Garbage             Small              Medium             Large        
[2026-04-03T06:36:52.871+0600][9.911s][info][gc,reloc    ] GC(5) y: Eden               4M (0%)         3185M (81%)       1595 / 167            0 / 0              0 / 0        
[2026-04-03T06:36:52.871+0600][9.911s][info][gc,reloc    ] GC(5) y: Survivor 1         0M (0%)           25M (1%)          13 / 0              0 / 0              0 / 0        
[2026-04-03T06:36:52.871+0600][9.911s][info][gc,reloc    ] GC(5) y: Survivor 2         0M (0%)            1M (0%)           1 / 1              0 / 0              0 / 0        
[2026-04-03T06:36:52.871+0600][9.911s][info][gc,heap     ] GC(5) y: Min Capacity: 8M(0%)
[2026-04-03T06:36:52.871+0600][9.911s][info][gc,heap     ] GC(5) y: Max Capacity: 3922M(100%)
[2026-04-03T06:36:52.871+0600][9.911s][info][gc,heap     ] GC(5) y: Soft Max Capacity: 3529M(90%)
[2026-04-03T06:36:52.871+0600][9.911s][info][gc,heap     ] GC(5) y: Heap Statistics:
[2026-04-03T06:36:52.871+0600][9.911s][info][gc,heap     ] GC(5) y:                Mark Start          Mark End        Relocate Start      Relocate End           High               Low         
[2026-04-03T06:36:52.871+0600][9.911s][info][gc,heap     ] GC(5) y:  Capacity:     3366M (86%)        3366M (86%)        3366M (86%)        3366M (86%)        3366M (86%)        3366M (86%)    
[2026-04-03T06:36:52.871+0600][9.911s][info][gc,heap     ] GC(5) y:      Free:      662M (17%)         614M (16%)        3468M (88%)        3760M (96%)        3760M (96%)         610M (16%)    
[2026-04-03T06:36:52.871+0600][9.911s][info][gc,heap     ] GC(5) y:      Used:     3260M (83%)        3308M (84%)         454M (12%)         162M (4%)         3312M (84%)         162M (4%)     
[2026-04-03T06:36:52.871+0600][9.911s][info][gc,heap     ] GC(5) y: Young Generation Statistics:
[2026-04-03T06:36:52.871+0600][9.911s][info][gc,heap     ] GC(5) y:                Mark Start          Mark End        Relocate Start      Relocate End    
[2026-04-03T06:36:52.871+0600][9.911s][info][gc,heap     ] GC(5) y:      Used:     3218M (82%)        3266M (83%)         412M (11%)         118M (3%)     
[2026-04-03T06:36:52.871+0600][9.911s][info][gc,heap     ] GC(5) y:      Live:         -                 4M (0%)            4M (0%)            4M (0%)     
[2026-04-03T06:36:52.871+0600][9.911s][info][gc,heap     ] GC(5) y:   Garbage:         -              3213M (82%)         337M (9%)            0M (0%)     
[2026-04-03T06:36:52.871+0600][9.911s][info][gc,heap     ] GC(5) y: Allocated:         -                48M (1%)           70M (2%)          113M (3%)     
[2026-04-03T06:36:52.871+0600][9.911s][info][gc,heap     ] GC(5) y: Reclaimed:         -                  -              2876M (73%)        3213M (82%)    
[2026-04-03T06:36:52.871+0600][9.911s][info][gc,heap     ] GC(5) y:  Promoted:         -                  -                 0M (0%)            0M (0%)     
[2026-04-03T06:36:52.871+0600][9.911s][info][gc,heap     ] GC(5) y: Compacted:         -                  -                  -                 4M (0%)     
[2026-04-03T06:36:52.871+0600][9.911s][info][gc,phases   ] GC(5) y: Young Generation 3260M(83%)->162M(4%) 0.089s
[2026-04-03T06:36:52.871+0600][9.911s][info][gc          ] GC(5) Minor Collection (Allocation Rate) 3260M(83%)->162M(4%) 0.089s
[2026-04-03T06:36:56.349+0600][13.389s][info][gc          ] GC(6) Minor Collection (High Usage)
[2026-04-03T06:36:56.349+0600][13.390s][info][gc,task     ] GC(6) Using 1 Workers for Young Generation
[2026-04-03T06:36:56.349+0600][13.390s][info][gc,phases   ] GC(6) y: Young Generation
[2026-04-03T06:36:56.350+0600][13.390s][info][gc,phases   ] GC(6) y: Pause Mark Start 0.023ms
[2026-04-03T06:36:56.393+0600][13.433s][info][gc,phases   ] GC(6) y: Concurrent Mark 42.974ms
[2026-04-03T06:36:56.393+0600][13.434s][info][gc,phases   ] GC(6) y: Pause Mark End 0.049ms
[2026-04-03T06:36:56.397+0600][13.437s][info][gc,phases   ] GC(6) y: Concurrent Mark Free 0.002ms
[2026-04-03T06:36:56.397+0600][13.437s][info][gc,phases   ] GC(6) y: Concurrent Reset Relocation Set 0.017ms
[2026-04-03T06:36:56.408+0600][13.448s][info][gc,reloc    ] GC(6) y: Using tenuring threshold: 2 (Computed)
[2026-04-03T06:36:56.408+0600][13.449s][info][gc,phases   ] GC(6) y: Concurrent Select Relocation Set 11.083ms
[2026-04-03T06:36:56.409+0600][13.449s][info][gc,phases   ] GC(6) y: Pause Relocate Start 0.022ms
[2026-04-03T06:36:56.433+0600][13.473s][info][gc,phases   ] GC(6) y: Concurrent Relocate 23.021ms
[2026-04-03T06:36:56.433+0600][13.473s][info][gc,alloc    ] GC(6) y:                         Mark Start        Mark End      Relocate Start    Relocate End   
[2026-04-03T06:36:56.433+0600][13.474s][info][gc,alloc    ] GC(6) y: Allocation Stalls:          0                0                0                0         
[2026-04-03T06:36:56.433+0600][13.474s][info][gc,load     ] GC(6) y: Load: 5.28 (44%) / 6.21 (52%) / 4.99 (42%)
[2026-04-03T06:36:56.433+0600][13.474s][info][gc,mmu      ] GC(6) y: MMU: 2ms/96.8%, 5ms/98.7%, 10ms/99.4%, 20ms/99.6%, 50ms/99.7%, 100ms/99.8%
[2026-04-03T06:36:56.433+0600][13.474s][info][gc,marking  ] GC(6) y: Mark: 1 stripe(s), 3 proactive flush(es), 1 terminate flush(es), 0 completion(s), 0 continuation(s) 
[2026-04-03T06:36:56.433+0600][13.474s][info][gc,marking  ] GC(6) y: Mark Stack Usage: 32M
[2026-04-03T06:36:56.433+0600][13.474s][info][gc,nmethod  ] GC(6) y: NMethods: 1198 registered, 0 unregistered
[2026-04-03T06:36:56.433+0600][13.474s][info][gc,metaspace] GC(6) y: Metaspace: 6M used, 6M committed, 1088M reserved
[2026-04-03T06:36:56.433+0600][13.474s][info][gc,reloc    ] GC(6) y:                        Candidates     Selected     In-Place         Size        Empty    Relocated 
[2026-04-03T06:36:56.433+0600][13.474s][info][gc,reloc    ] GC(6) y: Small Pages:                 1637          116            0        3274M        3036M           3M 
[2026-04-03T06:36:56.433+0600][13.474s][info][gc,reloc    ] GC(6) y: Medium Pages:                   0            0            0           0M           0M           0M 
[2026-04-03T06:36:56.433+0600][13.474s][info][gc,reloc    ] GC(6) y: Large Pages:                    0            0            0           0M           0M           0M 
[2026-04-03T06:36:56.434+0600][13.474s][info][gc,reloc    ] GC(6) y: Forwarding Usage: 2M
[2026-04-03T06:36:56.434+0600][13.474s][info][gc,reloc    ] GC(6) y: Age Table:
[2026-04-03T06:36:56.434+0600][13.474s][info][gc,reloc    ] GC(6) y:                    Live             Garbage             Small              Medium             Large        
[2026-04-03T06:36:56.434+0600][13.474s][info][gc,reloc    ] GC(6) y: Eden               4M (0%)         3245M (83%)       1625 / 116            0 / 0              0 / 0        
[2026-04-03T06:36:56.434+0600][13.474s][info][gc,reloc    ] GC(6) y: Survivor 1         0M (0%)           23M (1%)          12 / 0              0 / 0              0 / 0        
[2026-04-03T06:36:56.434+0600][13.474s][info][gc,heap     ] GC(6) y: Min Capacity: 8M(0%)
[2026-04-03T06:36:56.434+0600][13.474s][info][gc,heap     ] GC(6) y: Max Capacity: 3922M(100%)
[2026-04-03T06:36:56.434+0600][13.474s][info][gc,heap     ] GC(6) y: Soft Max Capacity: 3529M(90%)
[2026-04-03T06:36:56.434+0600][13.474s][info][gc,heap     ] GC(6) y: Heap Statistics:
[2026-04-03T06:36:56.434+0600][13.474s][info][gc,heap     ] GC(6) y:                Mark Start          Mark End        Relocate Start      Relocate End           High               Low         
[2026-04-03T06:36:56.434+0600][13.474s][info][gc,heap     ] GC(6) y:  Capacity:     3366M (86%)        3366M (86%)        3370M (86%)        3370M (86%)        3370M (86%)        3366M (86%)    
[2026-04-03T06:36:56.434+0600][13.474s][info][gc,heap     ] GC(6) y:      Free:      604M (15%)         556M (14%)        3568M (91%)        3754M (96%)        3768M (96%)         552M (14%)    
[2026-04-03T06:36:56.434+0600][13.474s][info][gc,heap     ] GC(6) y:      Used:     3318M (85%)        3366M (86%)         354M (9%)          168M (4%)         3370M (86%)         154M (4%)     
[2026-04-03T06:36:56.434+0600][13.474s][info][gc,heap     ] GC(6) y: Young Generation Statistics:
[2026-04-03T06:36:56.434+0600][13.474s][info][gc,heap     ] GC(6) y:                Mark Start          Mark End        Relocate Start      Relocate End    
[2026-04-03T06:36:56.434+0600][13.474s][info][gc,heap     ] GC(6) y:      Used:     3274M (83%)        3322M (85%)         310M (8%)          124M (3%)     
[2026-04-03T06:36:56.434+0600][13.474s][info][gc,heap     ] GC(6) y:      Live:         -                 4M (0%)            4M (0%)            4M (0%)     
[2026-04-03T06:36:56.434+0600][13.474s][info][gc,heap     ] GC(6) y:   Garbage:         -              3269M (83%)         233M (6%)            0M (0%)     
[2026-04-03T06:36:56.434+0600][13.474s][info][gc,heap     ] GC(6) y: Allocated:         -                48M (1%)           72M (2%)          119M (3%)     
[2026-04-03T06:36:56.434+0600][13.474s][info][gc,heap     ] GC(6) y: Reclaimed:         -                  -              3036M (77%)        3269M (83%)    
[2026-04-03T06:36:56.434+0600][13.474s][info][gc,heap     ] GC(6) y:  Promoted:         -                  -                 0M (0%)            0M (0%)     
[2026-04-03T06:36:56.434+0600][13.474s][info][gc,heap     ] GC(6) y: Compacted:         -                  -                  -                 4M (0%)     
[2026-04-03T06:36:56.434+0600][13.474s][info][gc,phases   ] GC(6) y: Young Generation 3318M(85%)->168M(4%) 0.084s
[2026-04-03T06:36:56.434+0600][13.474s][info][gc          ] GC(6) Minor Collection (High Usage) 3318M(85%)->168M(4%) 0.085s
[2026-04-03T06:36:59.592+0600][16.632s][info][gc          ] GC(7) Minor Collection (High Usage)
[2026-04-03T06:36:59.592+0600][16.632s][info][gc,task     ] GC(7) Using 1 Workers for Young Generation
[2026-04-03T06:36:59.592+0600][16.632s][info][gc,phases   ] GC(7) y: Young Generation
[2026-04-03T06:36:59.592+0600][16.633s][info][gc,phases   ] GC(7) y: Pause Mark Start 0.025ms
[2026-04-03T06:36:59.625+0600][16.665s][info][gc,phases   ] GC(7) y: Concurrent Mark 32.481ms
[2026-04-03T06:36:59.626+0600][16.666s][info][gc,phases   ] GC(7) y: Pause Mark End 0.026ms
[2026-04-03T06:36:59.629+0600][16.669s][info][gc,phases   ] GC(7) y: Concurrent Mark Free 0.001ms
[2026-04-03T06:36:59.629+0600][16.669s][info][gc,phases   ] GC(7) y: Concurrent Reset Relocation Set 0.013ms
[2026-04-03T06:36:59.640+0600][16.680s][info][gc,reloc    ] GC(7) y: Using tenuring threshold: 3 (Computed)
[2026-04-03T06:36:59.640+0600][16.680s][info][gc,phases   ] GC(7) y: Concurrent Select Relocation Set 10.872ms
[2026-04-03T06:36:59.640+0600][16.681s][info][gc,phases   ] GC(7) y: Pause Relocate Start 0.021ms
[2026-04-03T06:36:59.665+0600][16.705s][info][gc,phases   ] GC(7) y: Concurrent Relocate 21.000ms
[2026-04-03T06:36:59.665+0600][16.705s][info][gc,alloc    ] GC(7) y:                         Mark Start        Mark End      Relocate Start    Relocate End   
[2026-04-03T06:36:59.665+0600][16.706s][info][gc,alloc    ] GC(7) y: Allocation Stalls:          0                0                0                0         
[2026-04-03T06:36:59.665+0600][16.706s][info][gc,load     ] GC(7) y: Load: 5.82 (48%) / 6.30 (53%) / 5.03 (42%)
[2026-04-03T06:36:59.665+0600][16.706s][info][gc,mmu      ] GC(7) y: MMU: 2ms/96.8%, 5ms/98.7%, 10ms/99.4%, 20ms/99.6%, 50ms/99.7%, 100ms/99.8%
[2026-04-03T06:36:59.665+0600][16.706s][info][gc,marking  ] GC(7) y: Mark: 1 stripe(s), 3 proactive flush(es), 1 terminate flush(es), 0 completion(s), 0 continuation(s) 
[2026-04-03T06:36:59.665+0600][16.706s][info][gc,marking  ] GC(7) y: Mark Stack Usage: 32M
[2026-04-03T06:36:59.665+0600][16.706s][info][gc,nmethod  ] GC(7) y: NMethods: 1202 registered, 0 unregistered
[2026-04-03T06:36:59.665+0600][16.706s][info][gc,metaspace] GC(7) y: Metaspace: 6M used, 6M committed, 1088M reserved
[2026-04-03T06:36:59.666+0600][16.706s][info][gc,reloc    ] GC(7) y:                        Candidates     Selected     In-Place         Size        Empty    Relocated 
[2026-04-03T06:36:59.666+0600][16.706s][info][gc,reloc    ] GC(7) y: Small Pages:                 1639          124            0        3278M        3024M           3M 
[2026-04-03T06:36:59.666+0600][16.706s][info][gc,reloc    ] GC(7) y: Medium Pages:                   0            0            0           0M           0M           0M 
[2026-04-03T06:36:59.666+0600][16.706s][info][gc,reloc    ] GC(7) y: Large Pages:                    0            0            0           0M           0M           0M 
[2026-04-03T06:36:59.666+0600][16.706s][info][gc,reloc    ] GC(7) y: Forwarding Usage: 2M
[2026-04-03T06:36:59.666+0600][16.706s][info][gc,reloc    ] GC(7) y: Age Table:
[2026-04-03T06:36:59.666+0600][16.706s][info][gc,reloc    ] GC(7) y:                    Live             Garbage             Small              Medium             Large        
[2026-04-03T06:36:59.666+0600][16.706s][info][gc,reloc    ] GC(7) y: Eden               4M (0%)         3245M (83%)       1625 / 124            0 / 0              0 / 0        
[2026-04-03T06:36:59.666+0600][16.706s][info][gc,reloc    ] GC(7) y: Survivor 1          -                26M (1%)          13 / 0              0 / 0              0 / 0        
[2026-04-03T06:36:59.666+0600][16.706s][info][gc,reloc    ] GC(7) y: Survivor 2         0M (0%)            1M (0%)           1 / 0              0 / 0              0 / 0        
[2026-04-03T06:36:59.666+0600][16.706s][info][gc,heap     ] GC(7) y: Min Capacity: 8M(0%)
[2026-04-03T06:36:59.666+0600][16.706s][info][gc,heap     ] GC(7) y: Max Capacity: 3922M(100%)
[2026-04-03T06:36:59.666+0600][16.706s][info][gc,heap     ] GC(7) y: Soft Max Capacity: 3529M(90%)
[2026-04-03T06:36:59.666+0600][16.706s][info][gc,heap     ] GC(7) y: Heap Statistics:
[2026-04-03T06:36:59.666+0600][16.706s][info][gc,heap     ] GC(7) y:                Mark Start          Mark End        Relocate Start      Relocate End           High               Low         
[2026-04-03T06:36:59.666+0600][16.706s][info][gc,heap     ] GC(7) y:  Capacity:     3370M (86%)        3370M (86%)        3370M (86%)        3370M (86%)        3370M (86%)        3370M (86%)    
[2026-04-03T06:36:59.666+0600][16.706s][info][gc,heap     ] GC(7) y:      Free:      600M (15%)         554M (14%)        3572M (91%)        3774M (96%)        3776M (96%)         554M (14%)    
[2026-04-03T06:36:59.666+0600][16.706s][info][gc,heap     ] GC(7) y:      Used:     3322M (85%)        3368M (86%)         350M (9%)          148M (4%)         3368M (86%)         146M (4%)     
[2026-04-03T06:36:59.666+0600][16.706s][info][gc,heap     ] GC(7) y: Young Generation Statistics:
[2026-04-03T06:36:59.666+0600][16.706s][info][gc,heap     ] GC(7) y:                Mark Start          Mark End        Relocate Start      Relocate End    
[2026-04-03T06:36:59.666+0600][16.706s][info][gc,heap     ] GC(7) y:      Used:     3278M (84%)        3324M (85%)         306M (8%)          104M (3%)     
[2026-04-03T06:36:59.666+0600][16.706s][info][gc,heap     ] GC(7) y:      Live:         -                 4M (0%)            4M (0%)            4M (0%)     
[2026-04-03T06:36:59.666+0600][16.706s][info][gc,heap     ] GC(7) y:   Garbage:         -              3273M (83%)         249M (6%)            0M (0%)     
[2026-04-03T06:36:59.666+0600][16.706s][info][gc,heap     ] GC(7) y: Allocated:         -                46M (1%)           52M (1%)           99M (3%)     
[2026-04-03T06:36:59.666+0600][16.706s][info][gc,heap     ] GC(7) y: Reclaimed:         -                  -              3024M (77%)        3273M (83%)    
[2026-04-03T06:36:59.666+0600][16.706s][info][gc,heap     ] GC(7) y:  Promoted:         -                  -                 0M (0%)            0M (0%)     
[2026-04-03T06:36:59.666+0600][16.706s][info][gc,heap     ] GC(7) y: Compacted:         -                  -                  -                 4M (0%)     
[2026-04-03T06:36:59.666+0600][16.706s][info][gc,phases   ] GC(7) y: Young Generation 3322M(85%)->148M(4%) 0.074s
[2026-04-03T06:36:59.666+0600][16.706s][info][gc          ] GC(7) Minor Collection (High Usage) 3322M(85%)->148M(4%) 0.074s
[2026-04-03T06:37:02.819+0600][19.859s][info][gc          ] GC(8) Minor Collection (High Usage)
[2026-04-03T06:37:02.822+0600][19.862s][info][gc,task     ] GC(8) Using 1 Workers for Young Generation
[2026-04-03T06:37:02.822+0600][19.862s][info][gc,phases   ] GC(8) y: Young Generation
[2026-04-03T06:37:02.823+0600][19.863s][info][gc,phases   ] GC(8) y: Pause Mark Start 0.024ms
[2026-04-03T06:37:02.863+0600][19.903s][info][gc,phases   ] GC(8) y: Concurrent Mark 37.092ms
[2026-04-03T06:37:02.864+0600][19.904s][info][gc,phases   ] GC(8) y: Pause Mark End 0.027ms
[2026-04-03T06:37:02.867+0600][19.907s][info][gc,phases   ] GC(8) y: Concurrent Mark Free 0.002ms
[2026-04-03T06:37:02.867+0600][19.907s][info][gc,phases   ] GC(8) y: Concurrent Reset Relocation Set 0.018ms
[2026-04-03T06:37:02.877+0600][19.917s][info][gc,reloc    ] GC(8) y: Using tenuring threshold: 4 (Computed)
[2026-04-03T06:37:02.878+0600][19.918s][info][gc,phases   ] GC(8) y: Concurrent Select Relocation Set 10.244ms
[2026-04-03T06:37:02.880+0600][19.921s][info][gc,phases   ] GC(8) y: Pause Relocate Start 0.019ms
[2026-04-03T06:37:02.903+0600][19.943s][info][gc,phases   ] GC(8) y: Concurrent Relocate 18.363ms
[2026-04-03T06:37:02.903+0600][19.943s][info][gc,alloc    ] GC(8) y:                         Mark Start        Mark End      Relocate Start    Relocate End   
[2026-04-03T06:37:02.903+0600][19.943s][info][gc,alloc    ] GC(8) y: Allocation Stalls:          0                0                0                0         
[2026-04-03T06:37:02.903+0600][19.943s][info][gc,load     ] GC(8) y: Load: 6.31 (53%) / 6.40 (53%) / 5.07 (42%)
[2026-04-03T06:37:02.903+0600][19.943s][info][gc,mmu      ] GC(8) y: MMU: 2ms/96.8%, 5ms/98.7%, 10ms/99.4%, 20ms/99.6%, 50ms/99.7%, 100ms/99.8%
[2026-04-03T06:37:02.903+0600][19.943s][info][gc,marking  ] GC(8) y: Mark: 1 stripe(s), 3 proactive flush(es), 1 terminate flush(es), 0 completion(s), 0 continuation(s) 
[2026-04-03T06:37:02.903+0600][19.943s][info][gc,marking  ] GC(8) y: Mark Stack Usage: 32M
[2026-04-03T06:37:02.903+0600][19.943s][info][gc,nmethod  ] GC(8) y: NMethods: 1204 registered, 0 unregistered
[2026-04-03T06:37:02.903+0600][19.943s][info][gc,metaspace] GC(8) y: Metaspace: 6M used, 6M committed, 1088M reserved
[2026-04-03T06:37:02.903+0600][19.943s][info][gc,reloc    ] GC(8) y:                        Candidates     Selected     In-Place         Size        Empty    Relocated 
[2026-04-03T06:37:02.903+0600][19.943s][info][gc,reloc    ] GC(8) y: Small Pages:                 1638           46            0        3276M        3178M           3M 
[2026-04-03T06:37:02.903+0600][19.943s][info][gc,reloc    ] GC(8) y: Medium Pages:                   0            0            0           0M           0M           0M 
[2026-04-03T06:37:02.903+0600][19.943s][info][gc,reloc    ] GC(8) y: Large Pages:                    0            0            0           0M           0M           0M 
[2026-04-03T06:37:02.903+0600][19.943s][info][gc,reloc    ] GC(8) y: Forwarding Usage: 1M
[2026-04-03T06:37:02.903+0600][19.943s][info][gc,reloc    ] GC(8) y: Age Table:
[2026-04-03T06:37:02.903+0600][19.943s][info][gc,reloc    ] GC(8) y:                    Live             Garbage             Small              Medium             Large        
[2026-04-03T06:37:02.903+0600][19.943s][info][gc,reloc    ] GC(8) y: Eden               4M (0%)         3245M (83%)       1625 / 46             0 / 0              0 / 0        
[2026-04-03T06:37:02.903+0600][19.943s][info][gc,reloc    ] GC(8) y: Survivor 1          -                24M (1%)          12 / 0              0 / 0              0 / 0        
[2026-04-03T06:37:02.903+0600][19.943s][info][gc,reloc    ] GC(8) y: Survivor 2          -                 0M (0%)           0 / 0              0 / 0              0 / 0        
[2026-04-03T06:37:02.903+0600][19.943s][info][gc,reloc    ] GC(8) y: Survivor 3         0M (0%)            1M (0%)           1 / 0              0 / 0              0 / 0        
[2026-04-03T06:37:02.903+0600][19.943s][info][gc,heap     ] GC(8) y: Min Capacity: 8M(0%)
[2026-04-03T06:37:02.903+0600][19.943s][info][gc,heap     ] GC(8) y: Max Capacity: 3922M(100%)
[2026-04-03T06:37:02.903+0600][19.943s][info][gc,heap     ] GC(8) y: Soft Max Capacity: 3529M(90%)
[2026-04-03T06:37:02.903+0600][19.943s][info][gc,heap     ] GC(8) y: Heap Statistics:
[2026-04-03T06:37:02.903+0600][19.943s][info][gc,heap     ] GC(8) y:                Mark Start          Mark End        Relocate Start      Relocate End           High               Low         
[2026-04-03T06:37:02.903+0600][19.943s][info][gc,heap     ] GC(8) y:  Capacity:     3370M (86%)        3370M (86%)        3372M (86%)        3372M (86%)        3372M (86%)        3370M (86%)    
[2026-04-03T06:37:02.903+0600][19.943s][info][gc,heap     ] GC(8) y:      Free:      602M (15%)         556M (14%)        3718M (95%)        3764M (96%)        3768M (96%)         550M (14%)    
[2026-04-03T06:37:02.903+0600][19.943s][info][gc,heap     ] GC(8) y:      Used:     3320M (85%)        3366M (86%)         204M (5%)          158M (4%)         3372M (86%)         154M (4%)     
[2026-04-03T06:37:02.903+0600][19.943s][info][gc,heap     ] GC(8) y: Young Generation Statistics:
[2026-04-03T06:37:02.903+0600][19.943s][info][gc,heap     ] GC(8) y:                Mark Start          Mark End        Relocate Start      Relocate End    
[2026-04-03T06:37:02.903+0600][19.943s][info][gc,heap     ] GC(8) y:      Used:     3276M (84%)        3322M (85%)         160M (4%)          114M (3%)     
[2026-04-03T06:37:02.903+0600][19.943s][info][gc,heap     ] GC(8) y:      Live:         -                 4M (0%)            4M (0%)            4M (0%)     
[2026-04-03T06:37:02.903+0600][19.943s][info][gc,heap     ] GC(8) y:   Garbage:         -              3271M (83%)          93M (2%)            0M (0%)     
[2026-04-03T06:37:02.903+0600][19.943s][info][gc,heap     ] GC(8) y: Allocated:         -                46M (1%)           62M (2%)          109M (3%)     
[2026-04-03T06:37:02.903+0600][19.943s][info][gc,heap     ] GC(8) y: Reclaimed:         -                  -              3178M (81%)        3271M (83%)    
[2026-04-03T06:37:02.903+0600][19.943s][info][gc,heap     ] GC(8) y:  Promoted:         -                  -                 0M (0%)            0M (0%)     
[2026-04-03T06:37:02.903+0600][19.943s][info][gc,heap     ] GC(8) y: Compacted:         -                  -                  -                 4M (0%)     
[2026-04-03T06:37:02.903+0600][19.943s][info][gc,phases   ] GC(8) y: Young Generation 3320M(85%)->158M(4%) 0.080s
[2026-04-03T06:37:02.903+0600][19.943s][info][gc          ] GC(8) Minor Collection (High Usage) 3318M(85%)->158M(4%) 0.084s
[2026-04-03T06:37:03.321+0600][20.361s][info][gc,exit     ] Stopping ZGC
[2026-04-03T06:37:03.321+0600][20.361s][info][gc,stats    ] === Garbage Collection Statistics =======================================================================================================================
[2026-04-03T06:37:03.321+0600][20.361s][info][gc,stats    ]                                                              Last 10s              Last 10m              Last 10h                Total
[2026-04-03T06:37:03.321+0600][20.361s][info][gc,stats    ]                                                              Avg / Max             Avg / Max             Avg / Max             Avg / Max
[2026-04-03T06:37:03.321+0600][20.361s][info][gc,stats    ]        Contention: Mark Segment Reset Contention                     0 / 0                 4 / 38                4 / 38                4 / 38          ops/s
[2026-04-03T06:37:03.321+0600][20.361s][info][gc,stats    ]        Contention: Mark SeqNum Reset Contention                      0 / 0                 0 / 4                 0 / 4                 0 / 4           ops/s
[2026-04-03T06:37:03.321+0600][20.361s][info][gc,stats    ]          Critical: Allocation Stall                                  0 / 0                 0 / 0                 0 / 0                 0 / 0           ops/s
[2026-04-03T06:37:03.321+0600][20.361s][info][gc,stats    ]          Critical: Allocation Stall                              0.000 / 0.000         0.000 / 0.000         0.000 / 0.000         0.000 / 0.000       ms
[2026-04-03T06:37:03.321+0600][20.361s][info][gc,stats    ]          Critical: JNI Critical Stall                                0 / 0                 0 / 0                 0 / 0                 0 / 0           ops/s
[2026-04-03T06:37:03.321+0600][20.361s][info][gc,stats    ]          Critical: JNI Critical Stall                            0.000 / 0.000         0.000 / 0.000         0.000 / 0.000         0.000 / 0.000       ms
[2026-04-03T06:37:03.321+0600][20.361s][info][gc,stats    ]          Critical: Relocation Stall                                  0 / 0                 0 / 0                 0 / 0                 0 / 0           ops/s
[2026-04-03T06:37:03.321+0600][20.361s][info][gc,stats    ]          Critical: Relocation Stall                              0.000 / 0.000         0.000 / 0.000         0.000 / 0.000         0.000 / 0.000       ms
[2026-04-03T06:37:03.321+0600][20.361s][info][gc,stats    ]  Major Collection: Major Collection                              0.000 / 0.000       137.124 / 184.587     137.124 / 184.587     137.124 / 184.587     ms
[2026-04-03T06:37:03.321+0600][20.361s][info][gc,stats    ]            Memory: Allocation Rate                                 979 / 1116            939 / 1144            939 / 1144            939 / 1144        MB/s
[2026-04-03T06:37:03.321+0600][20.361s][info][gc,stats    ]            Memory: Defragment                                        0 / 0                 0 / 0                 0 / 0                 0 / 0           ops/s
[2026-04-03T06:37:03.321+0600][20.361s][info][gc,stats    ]            Memory: Out Of Memory                                     0 / 0                 0 / 0                 0 / 0                 0 / 0           ops/s
[2026-04-03T06:37:03.321+0600][20.361s][info][gc,stats    ]            Memory: Page Cache Flush                                  0 / 0                 0 / 0                 0 / 0                 0 / 0           MB/s
[2026-04-03T06:37:03.321+0600][20.361s][info][gc,stats    ]            Memory: Page Cache Hit L1                               490 / 558             386 / 572             386 / 572             386 / 572         ops/s
[2026-04-03T06:37:03.321+0600][20.361s][info][gc,stats    ]            Memory: Page Cache Hit L2                                 0 / 0                 0 / 0                 0 / 0                 0 / 0           ops/s
[2026-04-03T06:37:03.321+0600][20.361s][info][gc,stats    ]            Memory: Page Cache Hit L3                                 0 / 0                 5 / 63                5 / 63                5 / 63          ops/s
[2026-04-03T06:37:03.321+0600][20.361s][info][gc,stats    ]            Memory: Page Cache Miss                                   0 / 2                78 / 404              78 / 404              78 / 404         ops/s
[2026-04-03T06:37:03.321+0600][20.361s][info][gc,stats    ]            Memory: Uncommit                                          0 / 0                 0 / 0                 0 / 0                 0 / 0           MB/s
[2026-04-03T06:37:03.321+0600][20.361s][info][gc,stats    ]            Memory: Undo Object Allocation Failed                     0 / 0                 0 / 0                 0 / 0                 0 / 0           ops/s
[2026-04-03T06:37:03.321+0600][20.361s][info][gc,stats    ]            Memory: Undo Object Allocation Succeeded                  0 / 0                 7 / 89                7 / 89                7 / 89          ops/s
[2026-04-03T06:37:03.321+0600][20.361s][info][gc,stats    ]            Memory: Undo Page Allocation                              0 / 0                 0 / 4                 0 / 4                 0 / 4           ops/s
[2026-04-03T06:37:03.321+0600][20.361s][info][gc,stats    ]  Minor Collection: Minor Collection                             80.960 / 84.567       80.900 / 89.404       80.900 / 89.404       80.900 / 89.404      ms
[2026-04-03T06:37:03.321+0600][20.361s][info][gc,stats    ]    Old Generation: Old Generation                                0.000 / 0.000        83.156 / 126.351      83.156 / 126.351      83.156 / 126.351     ms
[2026-04-03T06:37:03.321+0600][20.361s][info][gc,stats    ]         Old Pause: Pause Mark End                                0.000 / 0.000         0.041 / 0.064         0.041 / 0.064         0.041 / 0.064       ms
[2026-04-03T06:37:03.321+0600][20.361s][info][gc,stats    ]         Old Pause: Pause Relocate Start                          0.000 / 0.000         0.032 / 0.042         0.032 / 0.042         0.032 / 0.042       ms
[2026-04-03T06:37:03.321+0600][20.361s][info][gc,stats    ]         Old Phase: Concurrent Mark                               0.000 / 0.000        22.326 / 36.802       22.326 / 36.802       22.326 / 36.802      ms
[2026-04-03T06:37:03.321+0600][20.361s][info][gc,stats    ]         Old Phase: Concurrent Mark Continue                      0.000 / 0.000         0.000 / 0.000         0.000 / 0.000         0.000 / 0.000       ms
[2026-04-03T06:37:03.321+0600][20.361s][info][gc,stats    ]         Old Phase: Concurrent Mark Free                          0.000 / 0.000         0.002 / 0.003         0.002 / 0.003         0.002 / 0.003       ms
[2026-04-03T06:37:03.321+0600][20.361s][info][gc,stats    ]         Old Phase: Concurrent Process Non-Strong                 0.000 / 0.000         6.774 / 10.485        6.774 / 10.485        6.774 / 10.485      ms
[2026-04-03T06:37:03.321+0600][20.361s][info][gc,stats    ]         Old Phase: Concurrent Relocate                           0.000 / 0.000         5.201 / 7.265         5.201 / 7.265         5.201 / 7.265       ms
[2026-04-03T06:37:03.321+0600][20.361s][info][gc,stats    ]         Old Phase: Concurrent Remap Roots                        0.000 / 0.000        43.906 / 67.031       43.906 / 67.031       43.906 / 67.031      ms
[2026-04-03T06:37:03.321+0600][20.361s][info][gc,stats    ]         Old Phase: Concurrent Reset Relocation Set               0.000 / 0.000         0.001 / 0.002         0.001 / 0.002         0.001 / 0.002       ms
[2026-04-03T06:37:03.321+0600][20.361s][info][gc,stats    ]         Old Phase: Concurrent Select Relocation Set              0.000 / 0.000         2.710 / 3.444         2.710 / 3.444         2.710 / 3.444       ms
[2026-04-03T06:37:03.321+0600][20.361s][info][gc,stats    ]      Old Subphase: Concurrent Classes Purge                      0.000 / 0.000         0.145 / 0.245         0.145 / 0.245         0.145 / 0.245       ms
[2026-04-03T06:37:03.321+0600][20.361s][info][gc,stats    ]      Old Subphase: Concurrent Classes Unlink                     0.000 / 0.000         2.799 / 3.701         2.799 / 3.701         2.799 / 3.701       ms
[2026-04-03T06:37:03.321+0600][20.361s][info][gc,stats    ]      Old Subphase: Concurrent Mark Follow                        0.000 / 0.000        21.813 / 36.234       21.813 / 36.234       21.813 / 36.234      ms
[2026-04-03T06:37:03.321+0600][20.361s][info][gc,stats    ]      Old Subphase: Concurrent Mark Root Colored                  0.000 / 0.000         0.050 / 0.127         0.050 / 0.127         0.050 / 0.127       ms
[2026-04-03T06:37:03.321+0600][20.361s][info][gc,stats    ]      Old Subphase: Concurrent Mark Root Uncolored                0.000 / 0.000         0.096 / 0.200         0.096 / 0.200         0.096 / 0.200       ms
[2026-04-03T06:37:03.321+0600][20.361s][info][gc,stats    ]      Old Subphase: Concurrent Mark Roots                         0.000 / 0.000         0.509 / 1.002         0.509 / 1.002         0.509 / 1.002       ms
[2026-04-03T06:37:03.321+0600][20.361s][info][gc,stats    ]      Old Subphase: Concurrent References Enqueue                 0.000 / 0.000         0.004 / 0.011         0.004 / 0.011         0.004 / 0.011       ms
[2026-04-03T06:37:03.321+0600][20.361s][info][gc,stats    ]      Old Subphase: Concurrent References Process                 0.000 / 0.000         0.180 / 0.231         0.180 / 0.231         0.180 / 0.231       ms
[2026-04-03T06:37:03.321+0600][20.361s][info][gc,stats    ]      Old Subphase: Concurrent Remap Remembered                   0.000 / 0.000        40.771 / 65.450       40.771 / 65.450       40.771 / 65.450      ms
[2026-04-03T06:37:03.321+0600][20.361s][info][gc,stats    ]      Old Subphase: Concurrent Remap Roots Colored                0.000 / 0.000         0.098 / 0.369         0.098 / 0.369         0.098 / 0.369       ms
[2026-04-03T06:37:03.321+0600][20.361s][info][gc,stats    ]      Old Subphase: Concurrent Remap Roots Uncolored              0.000 / 0.000         0.747 / 3.611         0.747 / 3.611         0.747 / 3.611       ms
[2026-04-03T06:37:03.321+0600][20.361s][info][gc,stats    ]      Old Subphase: Concurrent Roots ClassLoaderDataGraph         0.000 / 0.000         0.067 / 0.186         0.067 / 0.186         0.067 / 0.186       ms
[2026-04-03T06:37:03.321+0600][20.361s][info][gc,stats    ]      Old Subphase: Concurrent Roots CodeCache                    0.000 / 0.000         1.115 / 3.610         1.115 / 3.610         1.115 / 3.610       ms
[2026-04-03T06:37:03.321+0600][20.361s][info][gc,stats    ]      Old Subphase: Concurrent Roots JavaThreads                  0.000 / 0.000         0.047 / 0.199         0.047 / 0.199         0.047 / 0.199       ms
[2026-04-03T06:37:03.321+0600][20.361s][info][gc,stats    ]      Old Subphase: Concurrent Roots OopStorageSet                0.000 / 0.000         0.019 / 0.048         0.019 / 0.048         0.019 / 0.048       ms
[2026-04-03T06:37:03.321+0600][20.362s][info][gc,stats    ]      Old Subphase: Concurrent Weak Roots OopStorageSet           0.000 / 0.000         0.281 / 0.942         0.281 / 0.942         0.281 / 0.942       ms
[2026-04-03T06:37:03.321+0600][20.362s][info][gc,stats    ]            System: Java Threads                                     23 / 23               21 / 25               21 / 25               21 / 25          threads
[2026-04-03T06:37:03.321+0600][20.362s][info][gc,stats    ]  Young Generation: Young Generation                              0.000 / 0.000        61.939 / 70.316       61.939 / 70.316       61.939 / 70.316      ms
[2026-04-03T06:37:03.321+0600][20.362s][info][gc,stats    ]  Young Generation: Young Generation                             79.272 / 83.910       79.597 / 88.712       79.597 / 88.712       79.597 / 88.712      ms
[2026-04-03T06:37:03.321+0600][20.362s][info][gc,stats    ]  Young Generation: Young Generation (Collect Roots)              0.000 / 0.000         6.881 / 6.881         6.881 / 6.881         6.881 / 6.881       ms
[2026-04-03T06:37:03.321+0600][20.362s][info][gc,stats    ]  Young Generation: Young Generation (Promote All)                0.000 / 0.000        19.146 / 19.146       19.146 / 19.146       19.146 / 19.146      ms
[2026-04-03T06:37:03.321+0600][20.362s][info][gc,stats    ]       Young Pause: Pause Mark End                                0.034 / 0.049         0.028 / 0.049         0.028 / 0.049         0.028 / 0.049       ms
[2026-04-03T06:37:03.321+0600][20.362s][info][gc,stats    ]       Young Pause: Pause Mark Start                              0.024 / 0.025         0.025 / 0.037         0.025 / 0.037         0.025 / 0.037       ms
[2026-04-03T06:37:03.321+0600][20.362s][info][gc,stats    ]       Young Pause: Pause Mark Start (Major)                      0.000 / 0.000         0.023 / 0.027         0.023 / 0.027         0.023 / 0.027       ms
[2026-04-03T06:37:03.321+0600][20.362s][info][gc,stats    ]       Young Pause: Pause Relocate Start                          0.021 / 0.022         0.026 / 0.052         0.026 / 0.052         0.026 / 0.052       ms
[2026-04-03T06:37:03.321+0600][20.362s][info][gc,stats    ]       Young Phase: Concurrent Mark                              37.516 / 42.974       28.930 / 42.974       28.930 / 42.974       28.930 / 42.974      ms
[2026-04-03T06:37:03.321+0600][20.362s][info][gc,stats    ]       Young Phase: Concurrent Mark Continue                      0.000 / 0.000         0.000 / 0.000         0.000 / 0.000         0.000 / 0.000       ms
[2026-04-03T06:37:03.321+0600][20.362s][info][gc,stats    ]       Young Phase: Concurrent Mark Free                          0.002 / 0.002         0.021 / 0.190         0.021 / 0.190         0.021 / 0.190       ms
[2026-04-03T06:37:03.321+0600][20.362s][info][gc,stats    ]       Young Phase: Concurrent Relocate                          20.795 / 23.021       14.816 / 27.459       14.816 / 27.459       14.816 / 27.459      ms
[2026-04-03T06:37:03.322+0600][20.362s][info][gc,stats    ]       Young Phase: Concurrent Reset Relocation Set               0.016 / 0.018         0.011 / 0.018         0.011 / 0.018         0.011 / 0.018       ms
[2026-04-03T06:37:03.322+0600][20.362s][info][gc,stats    ]       Young Phase: Concurrent Select Relocation Set             10.733 / 11.083        9.841 / 15.851        9.841 / 15.851        9.841 / 15.851      ms
[2026-04-03T06:37:03.322+0600][20.362s][info][gc,stats    ]    Young Subphase: Concurrent Mark Follow                       34.326 / 37.581       25.756 / 38.265       25.756 / 38.265       25.756 / 38.265      ms
[2026-04-03T06:37:03.322+0600][20.362s][info][gc,stats    ]    Young Subphase: Concurrent Mark Root Colored                  0.581 / 0.690         0.836 / 1.567         0.836 / 1.567         0.836 / 1.567       ms
[2026-04-03T06:37:03.322+0600][20.362s][info][gc,stats    ]    Young Subphase: Concurrent Mark Root Uncolored                1.479 / 1.499         1.100 / 4.616         1.100 / 4.616         1.100 / 4.616       ms
[2026-04-03T06:37:03.322+0600][20.362s][info][gc,stats    ]    Young Subphase: Concurrent Mark Roots                         3.184 / 5.388         3.168 / 6.191         3.168 / 6.191         3.168 / 6.191       ms
[2026-04-03T06:37:03.322+0600][20.362s][info][gc,stats    ]    Young Subphase: Concurrent Relocate Remset FP                 0.223 / 0.604         0.127 / 0.604         0.127 / 0.604         0.127 / 0.604       ms
[2026-04-03T06:37:03.322+0600][20.362s][info][gc,stats    ]    Young Subphase: Concurrent Roots ClassLoaderDataGraph         0.160 / 0.165         0.600 / 1.010         0.600 / 1.010         0.600 / 1.010       ms
[2026-04-03T06:37:03.322+0600][20.362s][info][gc,stats    ]    Young Subphase: Concurrent Roots CodeCache                    1.332 / 1.357         0.735 / 1.408         0.735 / 1.408         0.735 / 1.408       ms
[2026-04-03T06:37:03.322+0600][20.362s][info][gc,stats    ]    Young Subphase: Concurrent Roots JavaThreads                  0.078 / 0.158         0.272 / 4.612         0.272 / 4.612         0.272 / 4.612       ms
[2026-04-03T06:37:03.322+0600][20.362s][info][gc,stats    ]    Young Subphase: Concurrent Roots OopStorageSet                0.013 / 0.014         0.032 / 0.088         0.032 / 0.088         0.032 / 0.088       ms
[2026-04-03T06:37:03.322+0600][20.362s][info][gc,stats    ]    Young Subphase: Concurrent Weak Roots OopStorageSet           0.405 / 0.507         0.418 / 0.942         0.418 / 0.942         0.418 / 0.942       ms
[2026-04-03T06:37:03.322+0600][20.362s][info][gc,stats    ] =========================================================================================================================================================
[2026-04-03T06:37:03.322+0600][20.362s][info][gc,heap,exit] Heap
[2026-04-03T06:37:03.322+0600][20.362s][info][gc,heap,exit]  ZHeap           used 570M, capacity 3372M, max capacity 3922M
[2026-04-03T06:37:03.322+0600][20.362s][info][gc,heap,exit]  Metaspace       used 6360K, committed 6528K, reserved 1114112K
[2026-04-03T06:37:03.322+0600][20.362s][info][gc,heap,exit]   class space    used 615K, committed 704K, reserved 1048576K
