[2026-04-03T01:12:53.662+0600][0.005s][info][gc,init] CardTable entry size: 512
[2026-04-03T01:12:53.662+0600][0.005s][info][gc     ] Using G1
[2026-04-03T01:12:53.664+0600][0.007s][info][gc,init] Version: 21.0.10+7-Ubuntu-124.04 (release)
[2026-04-03T01:12:53.664+0600][0.007s][info][gc,init] CPUs: 12 total, 12 available
[2026-04-03T01:12:53.664+0600][0.007s][info][gc,init] Memory: 15683M
[2026-04-03T01:12:53.664+0600][0.007s][info][gc,init] Large Page Support: Disabled
[2026-04-03T01:12:53.664+0600][0.007s][info][gc,init] NUMA Support: Disabled
[2026-04-03T01:12:53.664+0600][0.007s][info][gc,init] Compressed Oops: Enabled (Zero based)
[2026-04-03T01:12:53.664+0600][0.007s][info][gc,init] Heap Region Size: 2M
[2026-04-03T01:12:53.664+0600][0.007s][info][gc,init] Heap Min Capacity: 8M
[2026-04-03T01:12:53.664+0600][0.007s][info][gc,init] Heap Initial Capacity: 246M
[2026-04-03T01:12:53.664+0600][0.007s][info][gc,init] Heap Max Capacity: 3922M
[2026-04-03T01:12:53.664+0600][0.007s][info][gc,init] Pre-touch: Disabled
[2026-04-03T01:12:53.664+0600][0.007s][info][gc,init] Parallel Workers: 10
[2026-04-03T01:12:53.664+0600][0.007s][info][gc,init] Concurrent Workers: 3
[2026-04-03T01:12:53.664+0600][0.007s][info][gc,init] Concurrent Refinement Workers: 10
[2026-04-03T01:12:53.664+0600][0.007s][info][gc,init] Periodic GC: Disabled
[2026-04-03T01:12:53.676+0600][0.019s][info][gc,metaspace] CDS archive(s) mapped at: [0x000076c12b000000-0x000076c12bc9c000-0x000076c12bc9c000), size 13221888, SharedBaseAddress: 0x000076c12b000000, ArchiveRelocationMode: 1.
[2026-04-03T01:12:53.676+0600][0.019s][info][gc,metaspace] Compressed class space mapped at: 0x000076c12c000000-0x000076c16c000000, reserved size: 1073741824
[2026-04-03T01:12:53.676+0600][0.019s][info][gc,metaspace] Narrow klass base: 0x000076c12b000000, Narrow klass shift: 0, Narrow klass range: 0x100000000
[2026-04-03T01:12:53.971+0600][0.314s][info][gc,start    ] GC(0) Pause Young (Normal) (G1 Evacuation Pause)
[2026-04-03T01:12:53.972+0600][0.315s][info][gc,task     ] GC(0) Using 5 workers of 10 for evacuation
[2026-04-03T01:12:53.976+0600][0.319s][info][gc,phases   ] GC(0)   Pre Evacuate Collection Set: 0.21ms
[2026-04-03T01:12:53.976+0600][0.319s][info][gc,phases   ] GC(0)   Merge Heap Roots: 0.17ms
[2026-04-03T01:12:53.976+0600][0.319s][info][gc,phases   ] GC(0)   Evacuate Collection Set: 2.32ms
[2026-04-03T01:12:53.976+0600][0.319s][info][gc,phases   ] GC(0)   Post Evacuate Collection Set: 0.78ms
[2026-04-03T01:12:53.976+0600][0.319s][info][gc,phases   ] GC(0)   Other: 0.99ms
[2026-04-03T01:12:53.976+0600][0.319s][info][gc,heap     ] GC(0) Eden regions: 6->0(5)
[2026-04-03T01:12:53.976+0600][0.319s][info][gc,heap     ] GC(0) Survivor regions: 0->1(1)
[2026-04-03T01:12:53.976+0600][0.319s][info][gc,heap     ] GC(0) Old regions: 1->1
[2026-04-03T01:12:53.976+0600][0.319s][info][gc,heap     ] GC(0) Humongous regions: 0->0
[2026-04-03T01:12:53.976+0600][0.319s][info][gc,metaspace] GC(0) Metaspace: 2419K(2560K)->2419K(2560K) NonClass: 2172K(2240K)->2172K(2240K) Class: 246K(320K)->246K(320K)
[2026-04-03T01:12:53.976+0600][0.319s][info][gc          ] GC(0) Pause Young (Normal) (G1 Evacuation Pause) 13M->2M(248M) 4.800ms
[2026-04-03T01:12:53.976+0600][0.319s][info][gc,cpu      ] GC(0) User=0.01s Sys=0.01s Real=0.00s
[2026-04-03T01:12:54.025+0600][0.368s][info][gc,start    ] GC(1) Pause Young (Normal) (G1 Evacuation Pause)
[2026-04-03T01:12:54.025+0600][0.368s][info][gc,task     ] GC(1) Using 5 workers of 10 for evacuation
[2026-04-03T01:12:54.028+0600][0.371s][info][gc,phases   ] GC(1)   Pre Evacuate Collection Set: 0.42ms
[2026-04-03T01:12:54.028+0600][0.371s][info][gc,phases   ] GC(1)   Merge Heap Roots: 0.17ms
[2026-04-03T01:12:54.028+0600][0.371s][info][gc,phases   ] GC(1)   Evacuate Collection Set: 2.08ms
[2026-04-03T01:12:54.028+0600][0.371s][info][gc,phases   ] GC(1)   Post Evacuate Collection Set: 0.46ms
[2026-04-03T01:12:54.028+0600][0.371s][info][gc,phases   ] GC(1)   Other: 0.27ms
[2026-04-03T01:12:54.028+0600][0.371s][info][gc,heap     ] GC(1) Eden regions: 5->0(9)
[2026-04-03T01:12:54.028+0600][0.371s][info][gc,heap     ] GC(1) Survivor regions: 1->1(1)
[2026-04-03T01:12:54.028+0600][0.372s][info][gc,heap     ] GC(1) Old regions: 1->2
[2026-04-03T01:12:54.028+0600][0.372s][info][gc,heap     ] GC(1) Humongous regions: 0->0
[2026-04-03T01:12:54.028+0600][0.372s][info][gc,metaspace] GC(1) Metaspace: 2487K(2624K)->2487K(2624K) NonClass: 2240K(2304K)->2240K(2304K) Class: 247K(320K)->247K(320K)
[2026-04-03T01:12:54.029+0600][0.372s][info][gc          ] GC(1) Pause Young (Normal) (G1 Evacuation Pause) 12M->2M(248M) 3.939ms
[2026-04-03T01:12:54.029+0600][0.372s][info][gc,cpu      ] GC(1) User=0.01s Sys=0.00s Real=0.00s
[2026-04-03T01:12:54.104+0600][0.448s][info][gc,start    ] GC(2) Pause Young (Normal) (G1 Evacuation Pause)
[2026-04-03T01:12:54.105+0600][0.448s][info][gc,task     ] GC(2) Using 5 workers of 10 for evacuation
[2026-04-03T01:12:54.106+0600][0.449s][info][gc,phases   ] GC(2)   Pre Evacuate Collection Set: 0.24ms
[2026-04-03T01:12:54.106+0600][0.449s][info][gc,phases   ] GC(2)   Merge Heap Roots: 0.08ms
[2026-04-03T01:12:54.106+0600][0.449s][info][gc,phases   ] GC(2)   Evacuate Collection Set: 0.37ms
[2026-04-03T01:12:54.106+0600][0.449s][info][gc,phases   ] GC(2)   Post Evacuate Collection Set: 0.23ms
[2026-04-03T01:12:54.106+0600][0.449s][info][gc,phases   ] GC(2)   Other: 0.11ms
[2026-04-03T01:12:54.106+0600][0.449s][info][gc,heap     ] GC(2) Eden regions: 9->0(72)
[2026-04-03T01:12:54.106+0600][0.449s][info][gc,heap     ] GC(2) Survivor regions: 1->1(2)
[2026-04-03T01:12:54.106+0600][0.449s][info][gc,heap     ] GC(2) Old regions: 2->2
[2026-04-03T01:12:54.106+0600][0.449s][info][gc,heap     ] GC(2) Humongous regions: 0->0
[2026-04-03T01:12:54.106+0600][0.449s][info][gc,metaspace] GC(2) Metaspace: 2643K(2752K)->2643K(2752K) NonClass: 2395K(2432K)->2395K(2432K) Class: 247K(320K)->247K(320K)
[2026-04-03T01:12:54.106+0600][0.449s][info][gc          ] GC(2) Pause Young (Normal) (G1 Evacuation Pause) 20M->2M(248M) 1.311ms
[2026-04-03T01:12:54.106+0600][0.449s][info][gc,cpu      ] GC(2) User=0.00s Sys=0.00s Real=0.00s
[2026-04-03T01:12:54.153+0600][0.496s][info][gc,start    ] GC(3) Pause Full (System.gc())
[2026-04-03T01:12:54.153+0600][0.496s][info][gc,task     ] GC(3) Using 5 workers of 10 for full compaction
[2026-04-03T01:12:54.153+0600][0.496s][info][gc,phases,start] GC(3) Phase 1: Mark live objects
[2026-04-03T01:12:54.156+0600][0.499s][info][gc,phases      ] GC(3) Phase 1: Mark live objects 2.705ms
[2026-04-03T01:12:54.156+0600][0.499s][info][gc,phases,start] GC(3) Phase 2: Prepare compaction
[2026-04-03T01:12:54.157+0600][0.500s][info][gc,phases      ] GC(3) Phase 2: Prepare compaction 1.307ms
[2026-04-03T01:12:54.157+0600][0.500s][info][gc,phases,start] GC(3) Phase 3: Adjust pointers
[2026-04-03T01:12:54.158+0600][0.502s][info][gc,phases      ] GC(3) Phase 3: Adjust pointers 1.267ms
[2026-04-03T01:12:54.158+0600][0.502s][info][gc,phases,start] GC(3) Phase 4: Compact heap
[2026-04-03T01:12:54.160+0600][0.503s][info][gc,phases      ] GC(3) Phase 4: Compact heap 1.907ms
[2026-04-03T01:12:54.160+0600][0.504s][info][gc,phases,start] GC(3) Phase 5: Reset Metadata
[2026-04-03T01:12:54.161+0600][0.504s][info][gc,phases      ] GC(3) Phase 5: Reset Metadata 0.262ms
[2026-04-03T01:12:54.164+0600][0.507s][info][gc,heap        ] GC(3) Eden regions: 4->0(10)
[2026-04-03T01:12:54.164+0600][0.507s][info][gc,heap        ] GC(3) Survivor regions: 1->0(2)
[2026-04-03T01:12:54.164+0600][0.507s][info][gc,heap        ] GC(3) Old regions: 2->5
[2026-04-03T01:12:54.164+0600][0.507s][info][gc,heap        ] GC(3) Humongous regions: 0->0
[2026-04-03T01:12:54.164+0600][0.507s][info][gc,metaspace   ] GC(3) Metaspace: 2784K(3008K)->2784K(3008K) NonClass: 2521K(2624K)->2521K(2624K) Class: 262K(384K)->262K(384K)
[2026-04-03T01:12:54.164+0600][0.507s][info][gc             ] GC(3) Pause Full (System.gc()) 9M->2M(34M) 11.074ms
[2026-04-03T01:12:54.164+0600][0.507s][info][gc,cpu         ] GC(3) User=0.02s Sys=0.00s Real=0.01s
[2026-04-03T01:12:56.346+0600][2.690s][info][gc,start       ] GC(4) Pause Young (Normal) (G1 Evacuation Pause)
[2026-04-03T01:12:56.347+0600][2.690s][info][gc,task        ] GC(4) Using 10 workers of 10 for evacuation
[2026-04-03T01:12:56.350+0600][2.693s][info][gc,phases      ] GC(4)   Pre Evacuate Collection Set: 0.12ms
[2026-04-03T01:12:56.350+0600][2.694s][info][gc,phases      ] GC(4)   Merge Heap Roots: 0.06ms
[2026-04-03T01:12:56.350+0600][2.694s][info][gc,phases      ] GC(4)   Evacuate Collection Set: 2.54ms
[2026-04-03T01:12:56.350+0600][2.694s][info][gc,phases      ] GC(4)   Post Evacuate Collection Set: 0.31ms
[2026-04-03T01:12:56.350+0600][2.694s][info][gc,phases      ] GC(4)   Other: 0.80ms
[2026-04-03T01:12:56.350+0600][2.694s][info][gc,heap        ] GC(4) Eden regions: 10->0(8)
[2026-04-03T01:12:56.350+0600][2.694s][info][gc,heap        ] GC(4) Survivor regions: 0->1(2)
[2026-04-03T01:12:56.350+0600][2.694s][info][gc,heap        ] GC(4) Old regions: 5->5
[2026-04-03T01:12:56.350+0600][2.694s][info][gc,heap        ] GC(4) Humongous regions: 0->0
[2026-04-03T01:12:56.350+0600][2.694s][info][gc,metaspace   ] GC(4) Metaspace: 5217K(5376K)->5217K(5376K) NonClass: 4631K(4672K)->4631K(4672K) Class: 586K(704K)->586K(704K)
[2026-04-03T01:12:56.351+0600][2.694s][info][gc             ] GC(4) Pause Young (Normal) (G1 Evacuation Pause) 22M->4M(34M) 4.074ms
[2026-04-03T01:12:56.351+0600][2.694s][info][gc,cpu         ] GC(4) User=0.02s Sys=0.00s Real=0.01s
[2026-04-03T01:12:57.917+0600][4.261s][info][gc,start       ] GC(5) Pause Young (Normal) (G1 Evacuation Pause)
[2026-04-03T01:12:57.918+0600][4.261s][info][gc,task        ] GC(5) Using 10 workers of 10 for evacuation
[2026-04-03T01:12:57.920+0600][4.263s][info][gc,phases      ] GC(5)   Pre Evacuate Collection Set: 0.11ms
[2026-04-03T01:12:57.920+0600][4.263s][info][gc,phases      ] GC(5)   Merge Heap Roots: 0.05ms
[2026-04-03T01:12:57.920+0600][4.263s][info][gc,phases      ] GC(5)   Evacuate Collection Set: 1.40ms
[2026-04-03T01:12:57.920+0600][4.263s][info][gc,phases      ] GC(5)   Post Evacuate Collection Set: 0.33ms
[2026-04-03T01:12:57.920+0600][4.263s][info][gc,phases      ] GC(5)   Other: 0.06ms
[2026-04-03T01:12:57.920+0600][4.263s][info][gc,heap        ] GC(5) Eden regions: 8->0(8)
[2026-04-03T01:12:57.920+0600][4.263s][info][gc,heap        ] GC(5) Survivor regions: 1->1(2)
[2026-04-03T01:12:57.920+0600][4.263s][info][gc,heap        ] GC(5) Old regions: 5->5
[2026-04-03T01:12:57.920+0600][4.263s][info][gc,heap        ] GC(5) Humongous regions: 0->0
[2026-04-03T01:12:57.920+0600][4.263s][info][gc,metaspace   ] GC(5) Metaspace: 5249K(5504K)->5249K(5504K) NonClass: 4663K(4800K)->4663K(4800K) Class: 586K(704K)->586K(704K)
[2026-04-03T01:12:57.920+0600][4.263s][info][gc             ] GC(5) Pause Young (Normal) (G1 Evacuation Pause) 20M->4M(34M) 2.193ms
[2026-04-03T01:12:57.920+0600][4.263s][info][gc,cpu         ] GC(5) User=0.02s Sys=0.00s Real=0.01s
[2026-04-03T01:12:59.457+0600][5.801s][info][gc,start       ] GC(6) Pause Young (Normal) (G1 Evacuation Pause)
[2026-04-03T01:12:59.458+0600][5.801s][info][gc,task        ] GC(6) Using 10 workers of 10 for evacuation
[2026-04-03T01:12:59.460+0600][5.803s][info][gc,phases      ] GC(6)   Pre Evacuate Collection Set: 0.26ms
[2026-04-03T01:12:59.460+0600][5.803s][info][gc,phases      ] GC(6)   Merge Heap Roots: 0.06ms
[2026-04-03T01:12:59.460+0600][5.803s][info][gc,phases      ] GC(6)   Evacuate Collection Set: 1.67ms
[2026-04-03T01:12:59.460+0600][5.803s][info][gc,phases      ] GC(6)   Post Evacuate Collection Set: 0.24ms
[2026-04-03T01:12:59.460+0600][5.803s][info][gc,phases      ] GC(6)   Other: 0.06ms
[2026-04-03T01:12:59.460+0600][5.803s][info][gc,heap        ] GC(6) Eden regions: 8->0(9)
[2026-04-03T01:12:59.460+0600][5.803s][info][gc,heap        ] GC(6) Survivor regions: 1->1(2)
[2026-04-03T01:12:59.460+0600][5.803s][info][gc,heap        ] GC(6) Old regions: 5->5
[2026-04-03T01:12:59.460+0600][5.803s][info][gc,heap        ] GC(6) Humongous regions: 0->0
[2026-04-03T01:12:59.460+0600][5.803s][info][gc,metaspace   ] GC(6) Metaspace: 5252K(5504K)->5252K(5504K) NonClass: 4665K(4800K)->4665K(4800K) Class: 586K(704K)->586K(704K)
[2026-04-03T01:12:59.460+0600][5.803s][info][gc             ] GC(6) Pause Young (Normal) (G1 Evacuation Pause) 20M->4M(34M) 2.482ms
[2026-04-03T01:12:59.460+0600][5.803s][info][gc,cpu         ] GC(6) User=0.02s Sys=0.00s Real=0.01s
[2026-04-03T01:13:01.083+0600][7.426s][info][gc,start       ] GC(7) Pause Young (Normal) (G1 Evacuation Pause)
[2026-04-03T01:13:01.083+0600][7.426s][info][gc,task        ] GC(7) Using 10 workers of 10 for evacuation
[2026-04-03T01:13:01.085+0600][7.428s][info][gc,phases      ] GC(7)   Pre Evacuate Collection Set: 0.09ms
[2026-04-03T01:13:01.085+0600][7.428s][info][gc,phases      ] GC(7)   Merge Heap Roots: 0.05ms
[2026-04-03T01:13:01.085+0600][7.428s][info][gc,phases      ] GC(7)   Evacuate Collection Set: 1.82ms
[2026-04-03T01:13:01.085+0600][7.428s][info][gc,phases      ] GC(7)   Post Evacuate Collection Set: 0.26ms
[2026-04-03T01:13:01.085+0600][7.428s][info][gc,phases      ] GC(7)   Other: 0.06ms
[2026-04-03T01:13:01.085+0600][7.428s][info][gc,heap        ] GC(7) Eden regions: 9->0(9)
[2026-04-03T01:13:01.085+0600][7.428s][info][gc,heap        ] GC(7) Survivor regions: 1->1(2)
[2026-04-03T01:13:01.085+0600][7.428s][info][gc,heap        ] GC(7) Old regions: 5->5
[2026-04-03T01:13:01.085+0600][7.428s][info][gc,heap        ] GC(7) Humongous regions: 0->0
[2026-04-03T01:13:01.085+0600][7.428s][info][gc,metaspace   ] GC(7) Metaspace: 5252K(5504K)->5252K(5504K) NonClass: 4665K(4800K)->4665K(4800K) Class: 586K(704K)->586K(704K)
[2026-04-03T01:13:01.085+0600][7.428s][info][gc             ] GC(7) Pause Young (Normal) (G1 Evacuation Pause) 22M->4M(34M) 2.473ms
[2026-04-03T01:13:01.085+0600][7.429s][info][gc,cpu         ] GC(7) User=0.02s Sys=0.00s Real=0.00s
[2026-04-03T01:13:02.782+0600][9.125s][info][gc,start       ] GC(8) Pause Young (Normal) (G1 Evacuation Pause)
[2026-04-03T01:13:02.782+0600][9.126s][info][gc,task        ] GC(8) Using 10 workers of 10 for evacuation
[2026-04-03T01:13:02.785+0600][9.128s][info][gc,phases      ] GC(8)   Pre Evacuate Collection Set: 0.14ms
[2026-04-03T01:13:02.785+0600][9.128s][info][gc,phases      ] GC(8)   Merge Heap Roots: 0.06ms
[2026-04-03T01:13:02.785+0600][9.128s][info][gc,phases      ] GC(8)   Evacuate Collection Set: 2.11ms
[2026-04-03T01:13:02.785+0600][9.128s][info][gc,phases      ] GC(8)   Post Evacuate Collection Set: 0.33ms
[2026-04-03T01:13:02.785+0600][9.128s][info][gc,phases      ] GC(8)   Other: 0.08ms
[2026-04-03T01:13:02.785+0600][9.128s][info][gc,heap        ] GC(8) Eden regions: 9->0(9)
[2026-04-03T01:13:02.785+0600][9.128s][info][gc,heap        ] GC(8) Survivor regions: 1->1(2)
[2026-04-03T01:13:02.785+0600][9.128s][info][gc,heap        ] GC(8) Old regions: 5->5
[2026-04-03T01:13:02.785+0600][9.128s][info][gc,heap        ] GC(8) Humongous regions: 0->0
[2026-04-03T01:13:02.785+0600][9.128s][info][gc,metaspace   ] GC(8) Metaspace: 5252K(5504K)->5252K(5504K) NonClass: 4665K(4800K)->4665K(4800K) Class: 586K(704K)->586K(704K)
[2026-04-03T01:13:02.785+0600][9.128s][info][gc             ] GC(8) Pause Young (Normal) (G1 Evacuation Pause) 22M->4M(34M) 2.944ms
[2026-04-03T01:13:02.785+0600][9.128s][info][gc,cpu         ] GC(8) User=0.02s Sys=0.00s Real=0.00s
[2026-04-03T01:13:02.964+0600][9.307s][info][gc,heap,exit   ] Heap
[2026-04-03T01:13:02.964+0600][9.307s][info][gc,heap,exit   ]  garbage-first heap   total 34816K, used 7249K [0x000000070ae00000, 0x0000000800000000)
[2026-04-03T01:13:02.964+0600][9.307s][info][gc,heap,exit   ]   region size 2048K, 3 young (6144K), 1 survivors (2048K)
[2026-04-03T01:13:02.964+0600][9.307s][info][gc,heap,exit   ]  Metaspace       used 5438K, committed 5632K, reserved 1114112K
[2026-04-03T01:13:02.964+0600][9.307s][info][gc,heap,exit   ]   class space    used 604K, committed 704K, reserved 1048576K
