[2026-04-03T01:12:17.342+0600][0.006s][info][gc,init] CardTable entry size: 512
[2026-04-03T01:12:17.342+0600][0.006s][info][gc     ] Using G1
[2026-04-03T01:12:17.345+0600][0.009s][info][gc,init] Version: 21.0.10+7-Ubuntu-124.04 (release)
[2026-04-03T01:12:17.345+0600][0.009s][info][gc,init] CPUs: 12 total, 12 available
[2026-04-03T01:12:17.345+0600][0.009s][info][gc,init] Memory: 15683M
[2026-04-03T01:12:17.345+0600][0.009s][info][gc,init] Large Page Support: Disabled
[2026-04-03T01:12:17.345+0600][0.009s][info][gc,init] NUMA Support: Disabled
[2026-04-03T01:12:17.345+0600][0.009s][info][gc,init] Compressed Oops: Enabled (Zero based)
[2026-04-03T01:12:17.345+0600][0.009s][info][gc,init] Heap Region Size: 2M
[2026-04-03T01:12:17.345+0600][0.009s][info][gc,init] Heap Min Capacity: 8M
[2026-04-03T01:12:17.345+0600][0.009s][info][gc,init] Heap Initial Capacity: 246M
[2026-04-03T01:12:17.345+0600][0.010s][info][gc,init] Heap Max Capacity: 3922M
[2026-04-03T01:12:17.345+0600][0.010s][info][gc,init] Pre-touch: Disabled
[2026-04-03T01:12:17.345+0600][0.010s][info][gc,init] Parallel Workers: 10
[2026-04-03T01:12:17.345+0600][0.010s][info][gc,init] Concurrent Workers: 2
[2026-04-03T01:12:17.345+0600][0.010s][info][gc,init] Concurrent Refinement Workers: 10
[2026-04-03T01:12:17.345+0600][0.010s][info][gc,init] Periodic GC: Disabled
[2026-04-03T01:12:17.359+0600][0.023s][info][gc,metaspace] CDS archive(s) mapped at: [0x0000770ed3000000-0x0000770ed3c9c000-0x0000770ed3c9c000), size 13221888, SharedBaseAddress: 0x0000770ed3000000, ArchiveRelocationMode: 1.
[2026-04-03T01:12:17.359+0600][0.023s][info][gc,metaspace] Compressed class space mapped at: 0x0000770ed4000000-0x0000770f14000000, reserved size: 1073741824
[2026-04-03T01:12:17.359+0600][0.023s][info][gc,metaspace] Narrow klass base: 0x0000770ed3000000, Narrow klass shift: 0, Narrow klass range: 0x100000000
[2026-04-03T01:12:17.710+0600][0.374s][info][gc,start    ] GC(0) Pause Young (Normal) (G1 Evacuation Pause)
[2026-04-03T01:12:17.711+0600][0.375s][info][gc,task     ] GC(0) Using 5 workers of 10 for evacuation
[2026-04-03T01:12:17.715+0600][0.379s][info][gc,phases   ] GC(0)   Pre Evacuate Collection Set: 0.22ms
[2026-04-03T01:12:17.715+0600][0.379s][info][gc,phases   ] GC(0)   Merge Heap Roots: 0.17ms
[2026-04-03T01:12:17.715+0600][0.379s][info][gc,phases   ] GC(0)   Evacuate Collection Set: 2.42ms
[2026-04-03T01:12:17.715+0600][0.379s][info][gc,phases   ] GC(0)   Post Evacuate Collection Set: 0.70ms
[2026-04-03T01:12:17.715+0600][0.379s][info][gc,phases   ] GC(0)   Other: 1.32ms
[2026-04-03T01:12:17.715+0600][0.379s][info][gc,heap     ] GC(0) Eden regions: 11->0(25)
[2026-04-03T01:12:17.715+0600][0.379s][info][gc,heap     ] GC(0) Survivor regions: 0->1(2)
[2026-04-03T01:12:17.715+0600][0.379s][info][gc,heap     ] GC(0) Old regions: 1->1
[2026-04-03T01:12:17.715+0600][0.379s][info][gc,heap     ] GC(0) Humongous regions: 0->0
[2026-04-03T01:12:17.715+0600][0.379s][info][gc,metaspace] GC(0) Metaspace: 2473K(2624K)->2473K(2624K) NonClass: 2226K(2304K)->2226K(2304K) Class: 247K(320K)->247K(320K)
[2026-04-03T01:12:17.715+0600][0.379s][info][gc          ] GC(0) Pause Young (Normal) (G1 Evacuation Pause) 22M->2M(248M) 5.316ms
[2026-04-03T01:12:17.715+0600][0.379s][info][gc,cpu      ] GC(0) User=0.02s Sys=0.01s Real=0.00s
[2026-04-03T01:12:17.839+0600][0.503s][info][gc,start    ] GC(1) Pause Full (System.gc())
[2026-04-03T01:12:17.839+0600][0.503s][info][gc,task     ] GC(1) Using 5 workers of 10 for full compaction
[2026-04-03T01:12:17.839+0600][0.504s][info][gc,phases,start] GC(1) Phase 1: Mark live objects
[2026-04-03T01:12:17.843+0600][0.508s][info][gc,phases      ] GC(1) Phase 1: Mark live objects 3.944ms
[2026-04-03T01:12:17.843+0600][0.508s][info][gc,phases,start] GC(1) Phase 2: Prepare compaction
[2026-04-03T01:12:17.845+0600][0.509s][info][gc,phases      ] GC(1) Phase 2: Prepare compaction 1.660ms
[2026-04-03T01:12:17.845+0600][0.509s][info][gc,phases,start] GC(1) Phase 3: Adjust pointers
[2026-04-03T01:12:17.847+0600][0.511s][info][gc,phases      ] GC(1) Phase 3: Adjust pointers 1.690ms
[2026-04-03T01:12:17.847+0600][0.511s][info][gc,phases,start] GC(1) Phase 4: Compact heap
[2026-04-03T01:12:17.850+0600][0.515s][info][gc,phases      ] GC(1) Phase 4: Compact heap 3.368ms
[2026-04-03T01:12:17.850+0600][0.515s][info][gc,phases,start] GC(1) Phase 5: Reset Metadata
[2026-04-03T01:12:17.851+0600][0.515s][info][gc,phases      ] GC(1) Phase 5: Reset Metadata 0.400ms
[2026-04-03T01:12:17.854+0600][0.519s][info][gc,heap        ] GC(1) Eden regions: 14->0(8)
[2026-04-03T01:12:17.854+0600][0.519s][info][gc,heap        ] GC(1) Survivor regions: 1->0(2)
[2026-04-03T01:12:17.854+0600][0.519s][info][gc,heap        ] GC(1) Old regions: 1->5
[2026-04-03T01:12:17.854+0600][0.519s][info][gc,heap        ] GC(1) Humongous regions: 0->0
[2026-04-03T01:12:17.854+0600][0.519s][info][gc,metaspace   ] GC(1) Metaspace: 2783K(3008K)->2783K(3008K) NonClass: 2521K(2624K)->2521K(2624K) Class: 262K(384K)->262K(384K)
[2026-04-03T01:12:17.854+0600][0.519s][info][gc             ] GC(1) Pause Full (System.gc()) 29M->2M(34M) 15.514ms
[2026-04-03T01:12:17.854+0600][0.519s][info][gc,cpu         ] GC(1) User=0.03s Sys=0.01s Real=0.02s
[2026-04-03T01:12:19.698+0600][2.362s][info][gc,start       ] GC(2) Pause Young (Normal) (G1 Evacuation Pause)
[2026-04-03T01:12:19.698+0600][2.363s][info][gc,task        ] GC(2) Using 10 workers of 10 for evacuation
[2026-04-03T01:12:19.701+0600][2.365s][info][gc,phases      ] GC(2)   Pre Evacuate Collection Set: 0.11ms
[2026-04-03T01:12:19.701+0600][2.365s][info][gc,phases      ] GC(2)   Merge Heap Roots: 0.05ms
[2026-04-03T01:12:19.701+0600][2.365s][info][gc,phases      ] GC(2)   Evacuate Collection Set: 1.98ms
[2026-04-03T01:12:19.701+0600][2.365s][info][gc,phases      ] GC(2)   Post Evacuate Collection Set: 0.26ms
[2026-04-03T01:12:19.701+0600][2.365s][info][gc,phases      ] GC(2)   Other: 0.80ms
[2026-04-03T01:12:19.701+0600][2.365s][info][gc,heap        ] GC(2) Eden regions: 8->0(8)
[2026-04-03T01:12:19.701+0600][2.365s][info][gc,heap        ] GC(2) Survivor regions: 0->1(1)
[2026-04-03T01:12:19.701+0600][2.365s][info][gc,heap        ] GC(2) Old regions: 5->5
[2026-04-03T01:12:19.701+0600][2.365s][info][gc,heap        ] GC(2) Humongous regions: 0->0
[2026-04-03T01:12:19.701+0600][2.365s][info][gc,metaspace   ] GC(2) Metaspace: 5219K(5376K)->5219K(5376K) NonClass: 4632K(4672K)->4632K(4672K) Class: 586K(704K)->586K(704K)
[2026-04-03T01:12:19.701+0600][2.365s][info][gc             ] GC(2) Pause Young (Normal) (G1 Evacuation Pause) 18M->4M(34M) 3.411ms
[2026-04-03T01:12:19.701+0600][2.365s][info][gc,cpu         ] GC(2) User=0.02s Sys=0.00s Real=0.01s
[2026-04-03T01:12:21.303+0600][3.967s][info][gc,start       ] GC(3) Pause Young (Normal) (G1 Evacuation Pause)
[2026-04-03T01:12:21.303+0600][3.968s][info][gc,task        ] GC(3) Using 10 workers of 10 for evacuation
[2026-04-03T01:12:21.306+0600][3.970s][info][gc,phases      ] GC(3)   Pre Evacuate Collection Set: 0.11ms
[2026-04-03T01:12:21.306+0600][3.970s][info][gc,phases      ] GC(3)   Merge Heap Roots: 0.05ms
[2026-04-03T01:12:21.306+0600][3.970s][info][gc,phases      ] GC(3)   Evacuate Collection Set: 1.72ms
[2026-04-03T01:12:21.306+0600][3.970s][info][gc,phases      ] GC(3)   Post Evacuate Collection Set: 0.36ms
[2026-04-03T01:12:21.306+0600][3.970s][info][gc,phases      ] GC(3)   Other: 0.08ms
[2026-04-03T01:12:21.306+0600][3.970s][info][gc,heap        ] GC(3) Eden regions: 8->0(8)
[2026-04-03T01:12:21.306+0600][3.970s][info][gc,heap        ] GC(3) Survivor regions: 1->1(2)
[2026-04-03T01:12:21.306+0600][3.970s][info][gc,heap        ] GC(3) Old regions: 5->5
[2026-04-03T01:12:21.306+0600][3.970s][info][gc,heap        ] GC(3) Humongous regions: 0->0
[2026-04-03T01:12:21.306+0600][3.970s][info][gc,metaspace   ] GC(3) Metaspace: 5252K(5504K)->5252K(5504K) NonClass: 4665K(4800K)->4665K(4800K) Class: 586K(704K)->586K(704K)
[2026-04-03T01:12:21.306+0600][3.970s][info][gc             ] GC(3) Pause Young (Normal) (G1 Evacuation Pause) 20M->4M(34M) 2.561ms
[2026-04-03T01:12:21.306+0600][3.970s][info][gc,cpu         ] GC(3) User=0.02s Sys=0.01s Real=0.00s
[2026-04-03T01:12:23.045+0600][5.709s][info][gc,start       ] GC(4) Pause Young (Normal) (G1 Evacuation Pause)
[2026-04-03T01:12:23.045+0600][5.709s][info][gc,task        ] GC(4) Using 10 workers of 10 for evacuation
[2026-04-03T01:12:23.047+0600][5.711s][info][gc,phases      ] GC(4)   Pre Evacuate Collection Set: 0.08ms
[2026-04-03T01:12:23.047+0600][5.711s][info][gc,phases      ] GC(4)   Merge Heap Roots: 0.04ms
[2026-04-03T01:12:23.047+0600][5.711s][info][gc,phases      ] GC(4)   Evacuate Collection Set: 1.54ms
[2026-04-03T01:12:23.047+0600][5.711s][info][gc,phases      ] GC(4)   Post Evacuate Collection Set: 0.23ms
[2026-04-03T01:12:23.047+0600][5.711s][info][gc,phases      ] GC(4)   Other: 0.05ms
[2026-04-03T01:12:23.047+0600][5.711s][info][gc,heap        ] GC(4) Eden regions: 8->0(9)
[2026-04-03T01:12:23.047+0600][5.711s][info][gc,heap        ] GC(4) Survivor regions: 1->1(2)
[2026-04-03T01:12:23.047+0600][5.711s][info][gc,heap        ] GC(4) Old regions: 5->5
[2026-04-03T01:12:23.047+0600][5.711s][info][gc,heap        ] GC(4) Humongous regions: 0->0
[2026-04-03T01:12:23.047+0600][5.711s][info][gc,metaspace   ] GC(4) Metaspace: 5255K(5504K)->5255K(5504K) NonClass: 4668K(4800K)->4668K(4800K) Class: 586K(704K)->586K(704K)
[2026-04-03T01:12:23.047+0600][5.711s][info][gc             ] GC(4) Pause Young (Normal) (G1 Evacuation Pause) 20M->4M(34M) 2.102ms
[2026-04-03T01:12:23.047+0600][5.711s][info][gc,cpu         ] GC(4) User=0.02s Sys=0.00s Real=0.00s
[2026-04-03T01:12:24.811+0600][7.475s][info][gc,start       ] GC(5) Pause Young (Normal) (G1 Evacuation Pause)
[2026-04-03T01:12:24.811+0600][7.475s][info][gc,task        ] GC(5) Using 10 workers of 10 for evacuation
[2026-04-03T01:12:24.813+0600][7.477s][info][gc,phases      ] GC(5)   Pre Evacuate Collection Set: 0.10ms
[2026-04-03T01:12:24.813+0600][7.477s][info][gc,phases      ] GC(5)   Merge Heap Roots: 0.05ms
[2026-04-03T01:12:24.813+0600][7.477s][info][gc,phases      ] GC(5)   Evacuate Collection Set: 1.78ms
[2026-04-03T01:12:24.813+0600][7.477s][info][gc,phases      ] GC(5)   Post Evacuate Collection Set: 0.23ms
[2026-04-03T01:12:24.813+0600][7.477s][info][gc,phases      ] GC(5)   Other: 0.06ms
[2026-04-03T01:12:24.813+0600][7.477s][info][gc,heap        ] GC(5) Eden regions: 9->0(9)
[2026-04-03T01:12:24.813+0600][7.477s][info][gc,heap        ] GC(5) Survivor regions: 1->1(2)
[2026-04-03T01:12:24.813+0600][7.477s][info][gc,heap        ] GC(5) Old regions: 5->5
[2026-04-03T01:12:24.813+0600][7.477s][info][gc,heap        ] GC(5) Humongous regions: 0->0
[2026-04-03T01:12:24.813+0600][7.477s][info][gc,metaspace   ] GC(5) Metaspace: 5255K(5504K)->5255K(5504K) NonClass: 4668K(4800K)->4668K(4800K) Class: 586K(704K)->586K(704K)
[2026-04-03T01:12:24.813+0600][7.477s][info][gc             ] GC(5) Pause Young (Normal) (G1 Evacuation Pause) 22M->4M(34M) 2.370ms
[2026-04-03T01:12:24.813+0600][7.477s][info][gc,cpu         ] GC(5) User=0.02s Sys=0.00s Real=0.00s
[2026-04-03T01:12:26.360+0600][9.025s][info][gc,heap,exit   ] Heap
[2026-04-03T01:12:26.361+0600][9.025s][info][gc,heap,exit   ]  garbage-first heap   total 34816K, used 20593K [0x000000070ae00000, 0x0000000800000000)
[2026-04-03T01:12:26.361+0600][9.025s][info][gc,heap,exit   ]   region size 2048K, 9 young (18432K), 1 survivors (2048K)
[2026-04-03T01:12:26.361+0600][9.025s][info][gc,heap,exit   ]  Metaspace       used 5441K, committed 5632K, reserved 1114112K
[2026-04-03T01:12:26.361+0600][9.025s][info][gc,heap,exit   ]   class space    used 604K, committed 704K, reserved 1048576K
