[2026-04-03T01:12:26.425+0600][0.005s][info][gc,init] Initializing The Z Garbage Collector
[2026-04-03T01:12:26.425+0600][0.006s][info][gc,init] Version: 21.0.10+7-Ubuntu-124.04 (release)
[2026-04-03T01:12:26.425+0600][0.006s][info][gc,init] NUMA Support: Disabled
[2026-04-03T01:12:26.425+0600][0.006s][info][gc,init] CPUs: 12 total, 12 available
[2026-04-03T01:12:26.425+0600][0.006s][info][gc,init] Memory: 15683M
[2026-04-03T01:12:26.425+0600][0.006s][info][gc,init] Large Page Support: Disabled
[2026-04-03T01:12:26.425+0600][0.006s][info][gc,init] Address Space Type: Contiguous/Unrestricted/Complete
[2026-04-03T01:12:26.425+0600][0.006s][info][gc,init] Address Space Size: 62752M
[2026-04-03T01:12:26.425+0600][0.006s][info][gc,init] Heap Backing File: /memfd:java_heap
[2026-04-03T01:12:26.425+0600][0.006s][info][gc,init] Heap Backing Filesystem: tmpfs (0x1021994)
[2026-04-03T01:12:26.426+0600][0.006s][info][gc,init] Min Capacity: 8M
[2026-04-03T01:12:26.426+0600][0.006s][info][gc,init] Initial Capacity: 246M
[2026-04-03T01:12:26.426+0600][0.006s][info][gc,init] Max Capacity: 3922M
[2026-04-03T01:12:26.426+0600][0.006s][info][gc,init] Soft Max Capacity: 3529M
[2026-04-03T01:12:26.426+0600][0.006s][info][gc,init] Medium Page Size: 32M
[2026-04-03T01:12:26.426+0600][0.006s][info][gc,init] Pre-touch: Disabled
[2026-04-03T01:12:26.426+0600][0.006s][info][gc,init] Available space on backing filesystem: N/A
[2026-04-03T01:12:26.427+0600][0.007s][info][gc,init] Uncommit: Enabled
[2026-04-03T01:12:26.427+0600][0.007s][info][gc,init] Uncommit Delay: 300s
[2026-04-03T01:12:26.427+0600][0.007s][info][gc,init] GC Workers for Old Generation: 3 (dynamic)
[2026-04-03T01:12:26.428+0600][0.008s][info][gc,init] GC Workers for Young Generation: 3 (dynamic)
[2026-04-03T01:12:26.526+0600][0.106s][info][gc,init] GC Workers Max: 3 (dynamic)
[2026-04-03T01:12:26.527+0600][0.107s][info][gc,init] Runtime Workers: 8
[2026-04-03T01:12:26.528+0600][0.108s][info][gc     ] Using The Z Garbage Collector
[2026-04-03T01:12:26.540+0600][0.120s][info][gc,metaspace] CDS archive(s) mapped at: [0x0000785ba3000000-0x0000785ba3c9c000-0x0000785ba3c9c000), size 13221888, SharedBaseAddress: 0x0000785ba3000000, ArchiveRelocationMode: 1.
[2026-04-03T01:12:26.540+0600][0.120s][info][gc,metaspace] Compressed class space mapped at: 0x0000785ba4000000-0x0000785be4000000, reserved size: 1073741824
[2026-04-03T01:12:26.540+0600][0.120s][info][gc,metaspace] Narrow klass base: 0x0000785ba3000000, Narrow klass shift: 0, Narrow klass range: 0x100000000
[2026-04-03T01:12:26.929+0600][0.510s][info][gc          ] GC(0) Major Collection (System.gc())
[2026-04-03T01:12:26.929+0600][0.510s][info][gc,task     ] GC(0) Using 3 Workers for Young Generation
[2026-04-03T01:12:26.929+0600][0.510s][info][gc,task     ] GC(0) Using 3 Workers for Old Generation
[2026-04-03T01:12:26.929+0600][0.510s][info][gc,phases   ] GC(0) Y: Young Generation (Promote All)
[2026-04-03T01:12:26.930+0600][0.510s][info][gc,phases   ] GC(0) Y: Pause Mark Start 0.020ms
[2026-04-03T01:12:26.936+0600][0.516s][info][gc,phases   ] GC(0) Y: Concurrent Mark 6.164ms
[2026-04-03T01:12:26.936+0600][0.516s][info][gc,phases   ] GC(0) Y: Pause Mark End 0.021ms
[2026-04-03T01:12:26.936+0600][0.516s][info][gc,phases   ] GC(0) Y: Concurrent Mark Free 0.001ms
[2026-04-03T01:12:26.936+0600][0.516s][info][gc,phases   ] GC(0) Y: Concurrent Reset Relocation Set 0.001ms
[2026-04-03T01:12:26.943+0600][0.523s][info][gc,reloc    ] GC(0) Y: Using tenuring threshold: 0 (Promote All)
[2026-04-03T01:12:26.945+0600][0.526s][info][gc,phases   ] GC(0) Y: Concurrent Select Relocation Set 9.118ms
[2026-04-03T01:12:26.945+0600][0.526s][info][gc,phases   ] GC(0) Y: Pause Relocate Start 0.018ms
[2026-04-03T01:12:26.951+0600][0.532s][info][gc,phases   ] GC(0) Y: Concurrent Relocate 5.739ms
[2026-04-03T01:12:26.951+0600][0.532s][info][gc,alloc    ] GC(0) Y:                         Mark Start        Mark End      Relocate Start    Relocate End   
[2026-04-03T01:12:26.951+0600][0.532s][info][gc,alloc    ] GC(0) Y: Allocation Stalls:          0                0                0                0         
[2026-04-03T01:12:26.951+0600][0.532s][info][gc,load     ] GC(0) Y: Load: 7.60 (63%) / 6.61 (55%) / 4.85 (40%)
[2026-04-03T01:12:26.951+0600][0.532s][info][gc,mmu      ] GC(0) Y: MMU: 2ms/99.0%, 5ms/99.6%, 10ms/99.6%, 20ms/99.7%, 50ms/99.9%, 100ms/99.9%
[2026-04-03T01:12:26.951+0600][0.532s][info][gc,marking  ] GC(0) Y: Mark: 2 stripe(s), 9 proactive flush(es), 1 terminate flush(es), 0 completion(s), 0 continuation(s) 
[2026-04-03T01:12:26.951+0600][0.532s][info][gc,marking  ] GC(0) Y: Mark Stack Usage: 32M
[2026-04-03T01:12:26.951+0600][0.532s][info][gc,nmethod  ] GC(0) Y: NMethods: 763 registered, 0 unregistered
[2026-04-03T01:12:26.951+0600][0.532s][info][gc,metaspace] GC(0) Y: Metaspace: 2M used, 3M committed, 1088M reserved
[2026-04-03T01:12:26.951+0600][0.532s][info][gc,reloc    ] GC(0) Y:                        Candidates     Selected     In-Place         Size        Empty    Relocated 
[2026-04-03T01:12:26.951+0600][0.532s][info][gc,reloc    ] GC(0) Y: Small Pages:                   29           27            0          58M           0M           1M 
[2026-04-03T01:12:26.951+0600][0.532s][info][gc,reloc    ] GC(0) Y: Medium Pages:                   0            0            0           0M           0M           0M 
[2026-04-03T01:12:26.951+0600][0.532s][info][gc,reloc    ] GC(0) Y: Large Pages:                    0            0            0           0M           0M           0M 
[2026-04-03T01:12:26.951+0600][0.532s][info][gc,reloc    ] GC(0) Y: Forwarding Usage: 0M
[2026-04-03T01:12:26.951+0600][0.532s][info][gc,reloc    ] GC(0) Y: Age Table:
[2026-04-03T01:12:26.951+0600][0.532s][info][gc,reloc    ] GC(0) Y:                    Live             Garbage             Small              Medium             Large        
[2026-04-03T01:12:26.951+0600][0.532s][info][gc,reloc    ] GC(0) Y: Eden               2M (0%)           55M (1%)          29 / 27             0 / 0              0 / 0        
[2026-04-03T01:12:26.951+0600][0.532s][info][gc,heap     ] GC(0) Y: Min Capacity: 8M(0%)
[2026-04-03T01:12:26.951+0600][0.532s][info][gc,heap     ] GC(0) Y: Max Capacity: 3922M(100%)
[2026-04-03T01:12:26.952+0600][0.532s][info][gc,heap     ] GC(0) Y: Soft Max Capacity: 3529M(90%)
[2026-04-03T01:12:26.952+0600][0.532s][info][gc,heap     ] GC(0) Y: Heap Statistics:
[2026-04-03T01:12:26.952+0600][0.532s][info][gc,heap     ] GC(0) Y:                Mark Start          Mark End        Relocate Start      Relocate End           High               Low         
[2026-04-03T01:12:26.952+0600][0.532s][info][gc,heap     ] GC(0) Y:  Capacity:      246M (6%)          246M (6%)          246M (6%)          246M (6%)          246M (6%)          246M (6%)     
[2026-04-03T01:12:26.952+0600][0.532s][info][gc,heap     ] GC(0) Y:      Free:     3864M (99%)        3864M (99%)        3864M (99%)        3916M (100%)       3916M (100%)       3858M (98%)    
[2026-04-03T01:12:26.952+0600][0.532s][info][gc,heap     ] GC(0) Y:      Used:       58M (1%)           58M (1%)           58M (1%)            6M (0%)           64M (2%)            6M (0%)     
[2026-04-03T01:12:26.952+0600][0.532s][info][gc,heap     ] GC(0) Y: Young Generation Statistics:
[2026-04-03T01:12:26.952+0600][0.532s][info][gc,heap     ] GC(0) Y:                Mark Start          Mark End        Relocate Start      Relocate End    
[2026-04-03T01:12:26.952+0600][0.532s][info][gc,heap     ] GC(0) Y:      Used:       58M (1%)           58M (1%)           58M (1%)            0M (0%)     
[2026-04-03T01:12:26.952+0600][0.532s][info][gc,heap     ] GC(0) Y:      Live:         -                 2M (0%)            2M (0%)            0M (0%)     
[2026-04-03T01:12:26.952+0600][0.532s][info][gc,heap     ] GC(0) Y:   Garbage:         -                55M (1%)           55M (1%)            0M (0%)     
[2026-04-03T01:12:26.952+0600][0.532s][info][gc,heap     ] GC(0) Y: Allocated:         -                 0M (0%)            0M (0%)            0M (0%)     
[2026-04-03T01:12:26.952+0600][0.532s][info][gc,heap     ] GC(0) Y: Reclaimed:         -                  -                 0M (0%)           55M (1%)     
[2026-04-03T01:12:26.952+0600][0.532s][info][gc,heap     ] GC(0) Y:  Promoted:         -                  -                 0M (0%)            2M (0%)     
[2026-04-03T01:12:26.952+0600][0.532s][info][gc,heap     ] GC(0) Y: Compacted:         -                  -                  -                 0M (0%)     
[2026-04-03T01:12:26.952+0600][0.532s][info][gc,phases   ] GC(0) Y: Young Generation (Promote All) 58M(1%)->6M(0%) 0.022s
[2026-04-03T01:12:26.952+0600][0.532s][info][gc,phases   ] GC(0) Y: Young Generation (Collect Roots)
[2026-04-03T01:12:26.952+0600][0.532s][info][gc,phases   ] GC(0) Y: Pause Mark Start (Major) 0.022ms
[2026-04-03T01:12:26.955+0600][0.536s][info][gc,phases   ] GC(0) Y: Concurrent Mark 3.471ms
[2026-04-03T01:12:26.956+0600][0.536s][info][gc,phases   ] GC(0) Y: Pause Mark End 0.025ms
[2026-04-03T01:12:26.956+0600][0.536s][info][gc,phases   ] GC(0) Y: Concurrent Mark Free 0.282ms
[2026-04-03T01:12:26.956+0600][0.536s][info][gc,phases   ] GC(0) Y: Concurrent Reset Relocation Set 0.005ms
[2026-04-03T01:12:26.957+0600][0.538s][info][gc,reloc    ] GC(0) Y: Using tenuring threshold: 0 (Computed)
[2026-04-03T01:12:26.957+0600][0.538s][info][gc,phases   ] GC(0) Y: Concurrent Select Relocation Set 1.587ms
[2026-04-03T01:12:26.958+0600][0.538s][info][gc,phases   ] GC(0) Y: Pause Relocate Start 0.018ms
[2026-04-03T01:12:26.958+0600][0.538s][info][gc,phases   ] GC(0) Y: Concurrent Relocate 0.370ms
[2026-04-03T01:12:26.958+0600][0.538s][info][gc,alloc    ] GC(0) Y:                         Mark Start        Mark End      Relocate Start    Relocate End   
[2026-04-03T01:12:26.958+0600][0.539s][info][gc,alloc    ] GC(0) Y: Allocation Stalls:          0                0                0                0         
[2026-04-03T01:12:26.958+0600][0.539s][info][gc,load     ] GC(0) Y: Load: 7.60 (63%) / 6.61 (55%) / 4.85 (40%)
[2026-04-03T01:12:26.958+0600][0.539s][info][gc,mmu      ] GC(0) Y: MMU: 2ms/98.8%, 5ms/99.1%, 10ms/99.4%, 20ms/99.6%, 50ms/99.8%, 100ms/99.9%
[2026-04-03T01:12:26.958+0600][0.539s][info][gc,marking  ] GC(0) Y: Mark: 2 stripe(s), 1 proactive flush(es), 1 terminate flush(es), 0 completion(s), 0 continuation(s) 
[2026-04-03T01:12:26.958+0600][0.539s][info][gc,marking  ] GC(0) Y: Mark Stack Usage: 0M
[2026-04-03T01:12:26.958+0600][0.539s][info][gc,nmethod  ] GC(0) Y: NMethods: 763 registered, 0 unregistered
[2026-04-03T01:12:26.958+0600][0.539s][info][gc,metaspace] GC(0) Y: Metaspace: 2M used, 3M committed, 1088M reserved
[2026-04-03T01:12:26.958+0600][0.539s][info][gc,heap     ] GC(0) Y: Min Capacity: 8M(0%)
[2026-04-03T01:12:26.958+0600][0.539s][info][gc,heap     ] GC(0) Y: Max Capacity: 3922M(100%)
[2026-04-03T01:12:26.958+0600][0.539s][info][gc,heap     ] GC(0) Y: Soft Max Capacity: 3529M(90%)
[2026-04-03T01:12:26.958+0600][0.539s][info][gc,heap     ] GC(0) Y: Heap Statistics:
[2026-04-03T01:12:26.958+0600][0.539s][info][gc,heap     ] GC(0) Y:                Mark Start          Mark End        Relocate Start      Relocate End           High               Low         
[2026-04-03T01:12:26.958+0600][0.539s][info][gc,heap     ] GC(0) Y:  Capacity:      246M (6%)          246M (6%)          246M (6%)          246M (6%)          246M (6%)          246M (6%)     
[2026-04-03T01:12:26.958+0600][0.539s][info][gc,heap     ] GC(0) Y:      Free:     3916M (100%)       3916M (100%)       3916M (100%)       3916M (100%)       3916M (100%)       3916M (100%)   
[2026-04-03T01:12:26.958+0600][0.539s][info][gc,heap     ] GC(0) Y:      Used:        6M (0%)            6M (0%)            6M (0%)            6M (0%)            6M (0%)            6M (0%)     
[2026-04-03T01:12:26.958+0600][0.539s][info][gc,heap     ] GC(0) Y: Young Generation Statistics:
[2026-04-03T01:12:26.958+0600][0.539s][info][gc,heap     ] GC(0) Y:                Mark Start          Mark End        Relocate Start      Relocate End    
[2026-04-03T01:12:26.958+0600][0.539s][info][gc,heap     ] GC(0) Y:      Used:        0M (0%)            0M (0%)            0M (0%)            0M (0%)     
[2026-04-03T01:12:26.958+0600][0.539s][info][gc,heap     ] GC(0) Y:      Live:         -                 0M (0%)            0M (0%)            0M (0%)     
[2026-04-03T01:12:26.958+0600][0.539s][info][gc,heap     ] GC(0) Y:   Garbage:         -                 0M (0%)            0M (0%)            0M (0%)     
[2026-04-03T01:12:26.958+0600][0.539s][info][gc,heap     ] GC(0) Y: Allocated:         -                 0M (0%)            0M (0%)            0M (0%)     
[2026-04-03T01:12:26.958+0600][0.539s][info][gc,heap     ] GC(0) Y: Reclaimed:         -                  -                 0M (0%)            0M (0%)     
[2026-04-03T01:12:26.958+0600][0.539s][info][gc,heap     ] GC(0) Y:  Promoted:         -                  -                 0M (0%)            0M (0%)     
[2026-04-03T01:12:26.958+0600][0.539s][info][gc,heap     ] GC(0) Y: Compacted:         -                  -                  -                 0M (0%)     
[2026-04-03T01:12:26.958+0600][0.539s][info][gc,phases   ] GC(0) Y: Young Generation (Collect Roots) 6M(0%)->6M(0%) 0.007s
[2026-04-03T01:12:26.958+0600][0.539s][info][gc,phases   ] GC(0) O: Old Generation
[2026-04-03T01:12:26.962+0600][0.542s][info][gc,phases   ] GC(0) O: Concurrent Mark 3.344ms
[2026-04-03T01:12:26.962+0600][0.542s][info][gc,phases   ] GC(0) O: Pause Mark End 0.022ms
[2026-04-03T01:12:26.962+0600][0.542s][info][gc,phases   ] GC(0) O: Concurrent Mark Free 0.002ms
[2026-04-03T01:12:26.963+0600][0.544s][info][gc,phases   ] GC(0) O: Concurrent Process Non-Strong 1.376ms
[2026-04-03T01:12:26.963+0600][0.544s][info][gc,phases   ] GC(0) O: Concurrent Reset Relocation Set 0.000ms
[2026-04-03T01:12:26.965+0600][0.545s][info][gc,phases   ] GC(0) O: Concurrent Select Relocation Set 1.686ms
[2026-04-03T01:12:26.965+0600][0.545s][info][gc,task     ] GC(0) O: Using 3 Workers for Old Generation
[2026-04-03T01:12:26.977+0600][0.558s][info][gc,task     ] GC(0) O: Using 3 Workers for Old Generation
[2026-04-03T01:12:26.977+0600][0.558s][info][gc,phases   ] GC(0) O: Concurrent Remap Roots 12.348ms
[2026-04-03T01:12:26.978+0600][0.558s][info][gc,phases   ] GC(0) O: Pause Relocate Start 0.018ms
[2026-04-03T01:12:26.980+0600][0.561s][info][gc,phases   ] GC(0) O: Concurrent Relocate 2.540ms
[2026-04-03T01:12:26.980+0600][0.561s][info][gc,alloc    ] GC(0) O:                         Mark Start        Mark End      Relocate Start    Relocate End   
[2026-04-03T01:12:26.980+0600][0.561s][info][gc,alloc    ] GC(0) O: Allocation Stalls:          0                0                0                0         
[2026-04-03T01:12:26.980+0600][0.561s][info][gc,load     ] GC(0) O: Load: 7.60 (63%) / 6.61 (55%) / 4.85 (40%)
[2026-04-03T01:12:26.980+0600][0.561s][info][gc,mmu      ] GC(0) O: MMU: 2ms/98.8%, 5ms/99.1%, 10ms/99.1%, 20ms/99.5%, 50ms/99.7%, 100ms/99.8%
[2026-04-03T01:12:26.980+0600][0.561s][info][gc,marking  ] GC(0) O: Mark: 2 stripe(s), 1 proactive flush(es), 1 terminate flush(es), 0 completion(s), 0 continuation(s) 
[2026-04-03T01:12:26.980+0600][0.561s][info][gc,marking  ] GC(0) O: Mark Stack Usage: 32M
[2026-04-03T01:12:26.980+0600][0.561s][info][gc,nmethod  ] GC(0) O: NMethods: 688 registered, 75 unregistered
[2026-04-03T01:12:26.980+0600][0.561s][info][gc,metaspace] GC(0) O: Metaspace: 2M used, 3M committed, 1088M reserved
[2026-04-03T01:12:26.980+0600][0.561s][info][gc,ref      ] GC(0) O:                       Encountered   Discovered     Enqueued 
[2026-04-03T01:12:26.980+0600][0.561s][info][gc,ref      ] GC(0) O: Soft References:               75            0            0 
[2026-04-03T01:12:26.980+0600][0.561s][info][gc,ref      ] GC(0) O: Weak References:              306          173           72 
[2026-04-03T01:12:26.980+0600][0.561s][info][gc,ref      ] GC(0) O: Final References:               3            0            0 
[2026-04-03T01:12:26.980+0600][0.561s][info][gc,ref      ] GC(0) O: Phantom References:            20           16            2 
[2026-04-03T01:12:26.980+0600][0.561s][info][gc,reloc    ] GC(0) O:                        Candidates     Selected     In-Place         Size        Empty    Relocated 
[2026-04-03T01:12:26.980+0600][0.561s][info][gc,reloc    ] GC(0) O: Small Pages:                    3            1            0           6M           0M           1M 
[2026-04-03T01:12:26.980+0600][0.561s][info][gc,reloc    ] GC(0) O: Medium Pages:                   0            0            0           0M           0M           0M 
[2026-04-03T01:12:26.980+0600][0.561s][info][gc,reloc    ] GC(0) O: Large Pages:                    0            0            0           0M           0M           0M 
[2026-04-03T01:12:26.980+0600][0.561s][info][gc,reloc    ] GC(0) O: Forwarding Usage: 0M
[2026-04-03T01:12:26.980+0600][0.561s][info][gc,heap     ] GC(0) O: Min Capacity: 8M(0%)
[2026-04-03T01:12:26.980+0600][0.561s][info][gc,heap     ] GC(0) O: Max Capacity: 3922M(100%)
[2026-04-03T01:12:26.980+0600][0.561s][info][gc,heap     ] GC(0) O: Soft Max Capacity: 3529M(90%)
[2026-04-03T01:12:26.980+0600][0.561s][info][gc,heap     ] GC(0) O: Heap Statistics:
[2026-04-03T01:12:26.980+0600][0.561s][info][gc,heap     ] GC(0) O:                Mark Start          Mark End        Relocate Start      Relocate End           High               Low         
[2026-04-03T01:12:26.980+0600][0.561s][info][gc,heap     ] GC(0) O:  Capacity:      246M (6%)          246M (6%)          246M (6%)          246M (6%)          246M (6%)          246M (6%)     
[2026-04-03T01:12:26.980+0600][0.561s][info][gc,heap     ] GC(0) O:      Free:     3916M (100%)       3916M (100%)       3914M (100%)       3914M (100%)       3916M (100%)       3910M (100%)   
[2026-04-03T01:12:26.981+0600][0.561s][info][gc,heap     ] GC(0) O:      Used:        6M (0%)            6M (0%)            8M (0%)            8M (0%)           12M (0%)            6M (0%)     
[2026-04-03T01:12:26.981+0600][0.561s][info][gc,heap     ] GC(0) O: Old Generation Statistics:
[2026-04-03T01:12:26.981+0600][0.561s][info][gc,heap     ] GC(0) O:                Mark Start          Mark End        Relocate Start      Relocate End    
[2026-04-03T01:12:26.981+0600][0.561s][info][gc,heap     ] GC(0) O:      Used:        6M (0%)            6M (0%)            6M (0%)            6M (0%)     
[2026-04-03T01:12:26.981+0600][0.561s][info][gc,heap     ] GC(0) O:      Live:         -                 2M (0%)            2M (0%)            2M (0%)     
[2026-04-03T01:12:26.981+0600][0.561s][info][gc,heap     ] GC(0) O:   Garbage:         -                 3M (0%)            3M (0%)            0M (0%)     
[2026-04-03T01:12:26.981+0600][0.561s][info][gc,heap     ] GC(0) O: Allocated:         -                 0M (0%)            0M (0%)            2M (0%)     
[2026-04-03T01:12:26.981+0600][0.561s][info][gc,heap     ] GC(0) O: Reclaimed:         -                  -                 0M (0%)            2M (0%)     
[2026-04-03T01:12:26.981+0600][0.561s][info][gc,heap     ] GC(0) O: Compacted:         -                  -                  -                 1M (0%)     
[2026-04-03T01:12:26.981+0600][0.561s][info][gc,phases   ] GC(0) O: Old Generation 6M(0%)->8M(0%) 0.022s
[2026-04-03T01:12:26.981+0600][0.561s][info][gc          ] GC(0) Major Collection (System.gc()) 58M(1%)->8M(0%) 0.051s
[2026-04-03T01:12:34.599+0600][8.179s][info][gc,exit     ] Stopping ZGC
[2026-04-03T01:12:34.599+0600][8.180s][info][gc,stats    ] === Garbage Collection Statistics =======================================================================================================================
[2026-04-03T01:12:34.599+0600][8.180s][info][gc,stats    ]                                                              Last 10s              Last 10m              Last 10h                Total
[2026-04-03T01:12:34.599+0600][8.180s][info][gc,stats    ]                                                              Avg / Max             Avg / Max             Avg / Max             Avg / Max
[2026-04-03T01:12:34.599+0600][8.180s][info][gc,stats    ]        Contention: Mark Segment Reset Contention                     0 / 6                 0 / 6                 0 / 6                 0 / 6           ops/s
[2026-04-03T01:12:34.599+0600][8.180s][info][gc,stats    ]        Contention: Mark SeqNum Reset Contention                      0 / 2                 0 / 2                 0 / 2                 0 / 2           ops/s
[2026-04-03T01:12:34.599+0600][8.180s][info][gc,stats    ]          Critical: Allocation Stall                                  0 / 0                 0 / 0                 0 / 0                 0 / 0           ops/s
[2026-04-03T01:12:34.599+0600][8.180s][info][gc,stats    ]          Critical: Allocation Stall                              0.000 / 0.000         0.000 / 0.000         0.000 / 0.000         0.000 / 0.000       ms
[2026-04-03T01:12:34.600+0600][8.180s][info][gc,stats    ]          Critical: JNI Critical Stall                                0 / 0                 0 / 0                 0 / 0                 0 / 0           ops/s
[2026-04-03T01:12:34.600+0600][8.180s][info][gc,stats    ]          Critical: JNI Critical Stall                            0.000 / 0.000         0.000 / 0.000         0.000 / 0.000         0.000 / 0.000       ms
[2026-04-03T01:12:34.600+0600][8.180s][info][gc,stats    ]          Critical: Relocation Stall                                  0 / 0                 0 / 0                 0 / 0                 0 / 0           ops/s
[2026-04-03T01:12:34.600+0600][8.180s][info][gc,stats    ]          Critical: Relocation Stall                              0.000 / 0.000         0.000 / 0.000         0.000 / 0.000         0.000 / 0.000       ms
[2026-04-03T01:12:34.600+0600][8.180s][info][gc,stats    ]  Major Collection: Major Collection                             51.415 / 51.415       51.415 / 51.415       51.415 / 51.415       51.415 / 51.415      ms
[2026-04-03T01:12:34.600+0600][8.180s][info][gc,stats    ]            Memory: Allocation Rate                                  21 / 74               21 / 74               21 / 74               21 / 74          MB/s
[2026-04-03T01:12:34.600+0600][8.180s][info][gc,stats    ]            Memory: Defragment                                        0 / 0                 0 / 0                 0 / 0                 0 / 0           ops/s
[2026-04-03T01:12:34.600+0600][8.180s][info][gc,stats    ]            Memory: Out Of Memory                                     0 / 0                 0 / 0                 0 / 0                 0 / 0           ops/s
[2026-04-03T01:12:34.600+0600][8.180s][info][gc,stats    ]            Memory: Page Cache Flush                                  0 / 0                 0 / 0                 0 / 0                 0 / 0           MB/s
[2026-04-03T01:12:34.600+0600][8.180s][info][gc,stats    ]            Memory: Page Cache Hit L1                                 3 / 13                3 / 13                3 / 13                3 / 13          ops/s
[2026-04-03T01:12:34.600+0600][8.180s][info][gc,stats    ]            Memory: Page Cache Hit L2                                 0 / 0                 0 / 0                 0 / 0                 0 / 0           ops/s
[2026-04-03T01:12:34.600+0600][8.180s][info][gc,stats    ]            Memory: Page Cache Hit L3                                 7 / 32                7 / 32                7 / 32                7 / 32          ops/s
[2026-04-03T01:12:34.600+0600][8.180s][info][gc,stats    ]            Memory: Page Cache Miss                                   0 / 1                 0 / 1                 0 / 1                 0 / 1           ops/s
[2026-04-03T01:12:34.600+0600][8.180s][info][gc,stats    ]            Memory: Uncommit                                          0 / 0                 0 / 0                 0 / 0                 0 / 0           MB/s
[2026-04-03T01:12:34.600+0600][8.180s][info][gc,stats    ]            Memory: Undo Object Allocation Failed                     0 / 0                 0 / 0                 0 / 0                 0 / 0           ops/s
[2026-04-03T01:12:34.600+0600][8.180s][info][gc,stats    ]            Memory: Undo Object Allocation Succeeded                  0 / 0                 0 / 0                 0 / 0                 0 / 0           ops/s
[2026-04-03T01:12:34.600+0600][8.180s][info][gc,stats    ]            Memory: Undo Page Allocation                              0 / 0                 0 / 0                 0 / 0                 0 / 0           ops/s
[2026-04-03T01:12:34.600+0600][8.180s][info][gc,stats    ]  Minor Collection: Minor Collection                              0.000 / 0.000         0.000 / 0.000         0.000 / 0.000         0.000 / 0.000       ms
[2026-04-03T01:12:34.600+0600][8.180s][info][gc,stats    ]    Old Generation: Old Generation                               22.050 / 22.050       22.050 / 22.050       22.050 / 22.050       22.050 / 22.050      ms
[2026-04-03T01:12:34.600+0600][8.180s][info][gc,stats    ]         Old Pause: Pause Mark End                                0.022 / 0.022         0.022 / 0.022         0.022 / 0.022         0.022 / 0.022       ms
[2026-04-03T01:12:34.600+0600][8.180s][info][gc,stats    ]         Old Pause: Pause Relocate Start                          0.018 / 0.018         0.018 / 0.018         0.018 / 0.018         0.018 / 0.018       ms
[2026-04-03T01:12:34.600+0600][8.180s][info][gc,stats    ]         Old Phase: Concurrent Mark                               3.344 / 3.344         3.344 / 3.344         3.344 / 3.344         3.344 / 3.344       ms
[2026-04-03T01:12:34.600+0600][8.180s][info][gc,stats    ]         Old Phase: Concurrent Mark Continue                      0.000 / 0.000         0.000 / 0.000         0.000 / 0.000         0.000 / 0.000       ms
[2026-04-03T01:12:34.600+0600][8.180s][info][gc,stats    ]         Old Phase: Concurrent Mark Free                          0.002 / 0.002         0.002 / 0.002         0.002 / 0.002         0.002 / 0.002       ms
[2026-04-03T01:12:34.600+0600][8.180s][info][gc,stats    ]         Old Phase: Concurrent Process Non-Strong                 1.376 / 1.376         1.376 / 1.376         1.376 / 1.376         1.376 / 1.376       ms
[2026-04-03T01:12:34.600+0600][8.180s][info][gc,stats    ]         Old Phase: Concurrent Relocate                           2.540 / 2.540         2.540 / 2.540         2.540 / 2.540         2.540 / 2.540       ms
[2026-04-03T01:12:34.600+0600][8.180s][info][gc,stats    ]         Old Phase: Concurrent Remap Roots                       12.348 / 12.348       12.348 / 12.348       12.348 / 12.348       12.348 / 12.348      ms
[2026-04-03T01:12:34.600+0600][8.180s][info][gc,stats    ]         Old Phase: Concurrent Reset Relocation Set               0.000 / 0.000         0.000 / 0.000         0.000 / 0.000         0.000 / 0.000       ms
[2026-04-03T01:12:34.600+0600][8.180s][info][gc,stats    ]         Old Phase: Concurrent Select Relocation Set              1.686 / 1.686         1.686 / 1.686         1.686 / 1.686         1.686 / 1.686       ms
[2026-04-03T01:12:34.600+0600][8.180s][info][gc,stats    ]      Old Subphase: Concurrent Classes Purge                      0.105 / 0.105         0.105 / 0.105         0.105 / 0.105         0.105 / 0.105       ms
[2026-04-03T01:12:34.600+0600][8.180s][info][gc,stats    ]      Old Subphase: Concurrent Classes Unlink                     0.710 / 0.710         0.710 / 0.710         0.710 / 0.710         0.710 / 0.710       ms
[2026-04-03T01:12:34.600+0600][8.180s][info][gc,stats    ]      Old Subphase: Concurrent Mark Follow                        3.121 / 3.121         3.121 / 3.121         3.121 / 3.121         3.121 / 3.121       ms
[2026-04-03T01:12:34.600+0600][8.180s][info][gc,stats    ]      Old Subphase: Concurrent Mark Root Colored                  0.040 / 0.104         0.040 / 0.104         0.040 / 0.104         0.040 / 0.104       ms
[2026-04-03T01:12:34.600+0600][8.180s][info][gc,stats    ]      Old Subphase: Concurrent Mark Root Uncolored                0.041 / 0.067         0.041 / 0.067         0.041 / 0.067         0.041 / 0.067       ms
[2026-04-03T01:12:34.600+0600][8.180s][info][gc,stats    ]      Old Subphase: Concurrent Mark Roots                         0.219 / 0.219         0.219 / 0.219         0.219 / 0.219         0.219 / 0.219       ms
[2026-04-03T01:12:34.600+0600][8.180s][info][gc,stats    ]      Old Subphase: Concurrent References Enqueue                 0.005 / 0.005         0.005 / 0.005         0.005 / 0.005         0.005 / 0.005       ms
[2026-04-03T01:12:34.600+0600][8.180s][info][gc,stats    ]      Old Subphase: Concurrent References Process                 0.103 / 0.103         0.103 / 0.103         0.103 / 0.103         0.103 / 0.103       ms
[2026-04-03T01:12:34.600+0600][8.180s][info][gc,stats    ]      Old Subphase: Concurrent Remap Remembered                  11.889 / 11.893       11.889 / 11.893       11.889 / 11.893       11.889 / 11.893      ms
[2026-04-03T01:12:34.600+0600][8.180s][info][gc,stats    ]      Old Subphase: Concurrent Remap Roots Colored                0.050 / 0.080         0.050 / 0.080         0.050 / 0.080         0.050 / 0.080       ms
[2026-04-03T01:12:34.600+0600][8.180s][info][gc,stats    ]      Old Subphase: Concurrent Remap Roots Uncolored              0.235 / 0.237         0.235 / 0.237         0.235 / 0.237         0.235 / 0.237       ms
[2026-04-03T01:12:34.600+0600][8.180s][info][gc,stats    ]      Old Subphase: Concurrent Roots ClassLoaderDataGraph         0.028 / 0.095         0.028 / 0.095         0.028 / 0.095         0.028 / 0.095       ms
[2026-04-03T01:12:34.600+0600][8.180s][info][gc,stats    ]      Old Subphase: Concurrent Roots CodeCache                    0.231 / 0.233         0.231 / 0.233         0.231 / 0.233         0.231 / 0.233       ms
[2026-04-03T01:12:34.600+0600][8.180s][info][gc,stats    ]      Old Subphase: Concurrent Roots JavaThreads                  0.017 / 0.066         0.017 / 0.066         0.017 / 0.066         0.017 / 0.066       ms
[2026-04-03T01:12:34.600+0600][8.180s][info][gc,stats    ]      Old Subphase: Concurrent Roots OopStorageSet                0.005 / 0.007         0.005 / 0.007         0.005 / 0.007         0.005 / 0.007       ms
[2026-04-03T01:12:34.600+0600][8.180s][info][gc,stats    ]      Old Subphase: Concurrent Weak Roots OopStorageSet           0.044 / 0.097         0.044 / 0.097         0.044 / 0.097         0.044 / 0.097       ms
[2026-04-03T01:12:34.600+0600][8.180s][info][gc,stats    ]            System: Java Threads                                     11 / 11               11 / 11               11 / 11               11 / 11          threads
[2026-04-03T01:12:34.600+0600][8.180s][info][gc,stats    ]  Young Generation: Young Generation                              0.000 / 0.000         0.000 / 0.000         0.000 / 0.000         0.000 / 0.000       ms
[2026-04-03T01:12:34.600+0600][8.180s][info][gc,stats    ]  Young Generation: Young Generation                              0.000 / 0.000         0.000 / 0.000         0.000 / 0.000         0.000 / 0.000       ms
[2026-04-03T01:12:34.600+0600][8.180s][info][gc,stats    ]  Young Generation: Young Generation (Collect Roots)              6.556 / 6.556         6.556 / 6.556         6.556 / 6.556         6.556 / 6.556       ms
[2026-04-03T01:12:34.600+0600][8.180s][info][gc,stats    ]  Young Generation: Young Generation (Promote All)               21.955 / 21.955       21.955 / 21.955       21.955 / 21.955       21.955 / 21.955      ms
[2026-04-03T01:12:34.600+0600][8.180s][info][gc,stats    ]       Young Pause: Pause Mark End                                0.023 / 0.025         0.023 / 0.025         0.023 / 0.025         0.023 / 0.025       ms
[2026-04-03T01:12:34.600+0600][8.180s][info][gc,stats    ]       Young Pause: Pause Mark Start                              0.020 / 0.020         0.020 / 0.020         0.020 / 0.020         0.020 / 0.020       ms
[2026-04-03T01:12:34.600+0600][8.180s][info][gc,stats    ]       Young Pause: Pause Mark Start (Major)                      0.022 / 0.022         0.022 / 0.022         0.022 / 0.022         0.022 / 0.022       ms
[2026-04-03T01:12:34.600+0600][8.180s][info][gc,stats    ]       Young Pause: Pause Relocate Start                          0.018 / 0.018         0.018 / 0.018         0.018 / 0.018         0.018 / 0.018       ms
[2026-04-03T01:12:34.600+0600][8.180s][info][gc,stats    ]       Young Phase: Concurrent Mark                               4.818 / 6.164         4.818 / 6.164         4.818 / 6.164         4.818 / 6.164       ms
[2026-04-03T01:12:34.600+0600][8.180s][info][gc,stats    ]       Young Phase: Concurrent Mark Continue                      0.000 / 0.000         0.000 / 0.000         0.000 / 0.000         0.000 / 0.000       ms
[2026-04-03T01:12:34.600+0600][8.180s][info][gc,stats    ]       Young Phase: Concurrent Mark Free                          0.141 / 0.282         0.141 / 0.282         0.141 / 0.282         0.141 / 0.282       ms
[2026-04-03T01:12:34.600+0600][8.180s][info][gc,stats    ]       Young Phase: Concurrent Relocate                           3.054 / 5.739         3.054 / 5.739         3.054 / 5.739         3.054 / 5.739       ms
[2026-04-03T01:12:34.600+0600][8.180s][info][gc,stats    ]       Young Phase: Concurrent Reset Relocation Set               0.003 / 0.005         0.003 / 0.005         0.003 / 0.005         0.003 / 0.005       ms
[2026-04-03T01:12:34.600+0600][8.180s][info][gc,stats    ]       Young Phase: Concurrent Select Relocation Set              5.352 / 9.118         5.352 / 9.118         5.352 / 9.118         5.352 / 9.118       ms
[2026-04-03T01:12:34.600+0600][8.180s][info][gc,stats    ]    Young Subphase: Concurrent Mark Follow                        3.410 / 4.744         3.410 / 4.744         3.410 / 4.744         3.410 / 4.744       ms
[2026-04-03T01:12:34.600+0600][8.180s][info][gc,stats    ]    Young Subphase: Concurrent Mark Root Colored                  0.706 / 0.735         0.706 / 0.735         0.706 / 0.735         0.706 / 0.735       ms
[2026-04-03T01:12:34.600+0600][8.180s][info][gc,stats    ]    Young Subphase: Concurrent Mark Root Uncolored                0.508 / 0.580         0.508 / 0.580         0.508 / 0.580         0.508 / 0.580       ms
[2026-04-03T01:12:34.600+0600][8.180s][info][gc,stats    ]    Young Subphase: Concurrent Mark Roots                         1.403 / 1.416         1.403 / 1.416         1.403 / 1.416         1.403 / 1.416       ms
[2026-04-03T01:12:34.600+0600][8.180s][info][gc,stats    ]    Young Subphase: Concurrent Relocate Remset FP                 0.054 / 0.085         0.054 / 0.085         0.054 / 0.085         0.054 / 0.085       ms
[2026-04-03T01:12:34.600+0600][8.180s][info][gc,stats    ]    Young Subphase: Concurrent Roots ClassLoaderDataGraph         0.536 / 0.589         0.536 / 0.589         0.536 / 0.589         0.536 / 0.589       ms
[2026-04-03T01:12:34.600+0600][8.180s][info][gc,stats    ]    Young Subphase: Concurrent Roots CodeCache                    0.313 / 0.494         0.313 / 0.494         0.313 / 0.494         0.313 / 0.494       ms
[2026-04-03T01:12:34.600+0600][8.180s][info][gc,stats    ]    Young Subphase: Concurrent Roots JavaThreads                  0.099 / 0.321         0.099 / 0.321         0.099 / 0.321         0.099 / 0.321       ms
[2026-04-03T01:12:34.600+0600][8.180s][info][gc,stats    ]    Young Subphase: Concurrent Roots OopStorageSet                0.049 / 0.083         0.049 / 0.083         0.049 / 0.083         0.049 / 0.083       ms
[2026-04-03T01:12:34.600+0600][8.180s][info][gc,stats    ]    Young Subphase: Concurrent Weak Roots OopStorageSet           0.135 / 0.163         0.135 / 0.163         0.135 / 0.163         0.135 / 0.163       ms
[2026-04-03T01:12:34.600+0600][8.180s][info][gc,stats    ] =========================================================================================================================================================
[2026-04-03T01:12:34.600+0600][8.181s][info][gc,heap,exit] Heap
[2026-04-03T01:12:34.600+0600][8.181s][info][gc,heap,exit]  ZHeap           used 122M, capacity 246M, max capacity 3922M
[2026-04-03T01:12:34.600+0600][8.181s][info][gc,heap,exit]  Metaspace       used 5472K, committed 5632K, reserved 1114112K
[2026-04-03T01:12:34.600+0600][8.181s][info][gc,heap,exit]   class space    used 604K, committed 704K, reserved 1048576K
