[2026-04-03T01:12:34.666+0600][0.005s][info][gc,init] Initializing The Z Garbage Collector
[2026-04-03T01:12:34.666+0600][0.005s][info][gc,init] Version: 21.0.10+7-Ubuntu-124.04 (release)
[2026-04-03T01:12:34.666+0600][0.005s][info][gc,init] Using legacy single-generation mode
[2026-04-03T01:12:34.666+0600][0.005s][info][gc,init] NUMA Support: Disabled
[2026-04-03T01:12:34.666+0600][0.005s][info][gc,init] CPUs: 12 total, 12 available
[2026-04-03T01:12:34.666+0600][0.005s][info][gc,init] Memory: 15683M
[2026-04-03T01:12:34.666+0600][0.005s][info][gc,init] Large Page Support: Disabled
[2026-04-03T01:12:34.666+0600][0.005s][info][gc,init] GC Workers: 3 (dynamic)
[2026-04-03T01:12:34.667+0600][0.006s][info][gc,init] Address Space Type: Contiguous/Unrestricted/Complete
[2026-04-03T01:12:34.667+0600][0.006s][info][gc,init] Address Space Size: 62752M x 3 = 188256M
[2026-04-03T01:12:34.667+0600][0.006s][info][gc,init] Heap Backing File: /memfd:java_heap
[2026-04-03T01:12:34.667+0600][0.006s][info][gc,init] Heap Backing Filesystem: tmpfs (0x1021994)
[2026-04-03T01:12:34.667+0600][0.006s][info][gc,init] Min Capacity: 8M
[2026-04-03T01:12:34.667+0600][0.006s][info][gc,init] Initial Capacity: 246M
[2026-04-03T01:12:34.667+0600][0.006s][info][gc,init] Max Capacity: 3922M
[2026-04-03T01:12:34.667+0600][0.006s][info][gc,init] Medium Page Size: 32M
[2026-04-03T01:12:34.667+0600][0.006s][info][gc,init] Pre-touch: Disabled
[2026-04-03T01:12:34.667+0600][0.006s][info][gc,init] Available space on backing filesystem: N/A
[2026-04-03T01:12:34.668+0600][0.007s][info][gc,init] Uncommit: Enabled
[2026-04-03T01:12:34.668+0600][0.007s][info][gc,init] Uncommit Delay: 300s
[2026-04-03T01:12:34.834+0600][0.173s][info][gc,init] Runtime Workers: 8
[2026-04-03T01:12:34.837+0600][0.175s][info][gc     ] Using The Z Garbage Collector
[2026-04-03T01:12:34.851+0600][0.190s][info][gc,metaspace] CDS archive(s) mapped at: [0x000070646f000000-0x000070646fc9c000-0x000070646fc9c000), size 13221888, SharedBaseAddress: 0x000070646f000000, ArchiveRelocationMode: 1.
[2026-04-03T01:12:34.851+0600][0.190s][info][gc,metaspace] Compressed class space mapped at: 0x0000706470000000-0x00007064b0000000, reserved size: 1073741824
[2026-04-03T01:12:34.851+0600][0.190s][info][gc,metaspace] Narrow klass base: 0x000070646f000000, Narrow klass shift: 0, Narrow klass range: 0x100000000
[2026-04-03T01:12:35.274+0600][0.613s][info][gc,start    ] GC(0) Garbage Collection (System.gc())
[2026-04-03T01:12:35.274+0600][0.613s][info][gc,task     ] GC(0) Using 3 workers
[2026-04-03T01:12:35.275+0600][0.613s][info][gc,phases   ] GC(0) Pause Mark Start 0.017ms
[2026-04-03T01:12:35.280+0600][0.619s][info][gc,phases   ] GC(0) Concurrent Mark 5.422ms
[2026-04-03T01:12:35.280+0600][0.619s][info][gc,phases   ] GC(0) Pause Mark End 0.018ms
[2026-04-03T01:12:35.280+0600][0.619s][info][gc,phases   ] GC(0) Concurrent Mark Free 0.001ms
[2026-04-03T01:12:35.282+0600][0.620s][info][gc,phases   ] GC(0) Concurrent Process Non-Strong References 1.192ms
[2026-04-03T01:12:35.282+0600][0.620s][info][gc,phases   ] GC(0) Concurrent Reset Relocation Set 0.001ms
[2026-04-03T01:12:35.290+0600][0.629s][info][gc,phases   ] GC(0) Concurrent Select Relocation Set 8.606ms
[2026-04-03T01:12:35.290+0600][0.629s][info][gc,phases   ] GC(0) Pause Relocate Start 0.012ms
[2026-04-03T01:12:35.293+0600][0.632s][info][gc,phases   ] GC(0) Concurrent Relocate 2.815ms
[2026-04-03T01:12:35.293+0600][0.632s][info][gc,load     ] GC(0) Load: 6.80/6.48/4.82
[2026-04-03T01:12:35.293+0600][0.632s][info][gc,mmu      ] GC(0) MMU: 2ms/99.1%, 5ms/99.6%, 10ms/99.6%, 20ms/99.8%, 50ms/99.9%, 100ms/100.0%
[2026-04-03T01:12:35.293+0600][0.632s][info][gc,marking  ] GC(0) Mark: 2 stripe(s), 2 proactive flush(es), 1 terminate flush(es), 0 completion(s), 0 continuation(s) 
[2026-04-03T01:12:35.293+0600][0.632s][info][gc,marking  ] GC(0) Mark Stack Usage: 32M
[2026-04-03T01:12:35.293+0600][0.632s][info][gc,nmethod  ] GC(0) NMethods: 692 registered, 73 unregistered
[2026-04-03T01:12:35.294+0600][0.632s][info][gc,metaspace] GC(0) Metaspace: 2M used, 3M committed, 1088M reserved
[2026-04-03T01:12:35.294+0600][0.632s][info][gc,ref      ] GC(0) Soft: 75 encountered, 0 discovered, 0 enqueued
[2026-04-03T01:12:35.294+0600][0.632s][info][gc,ref      ] GC(0) Weak: 306 encountered, 135 discovered, 72 enqueued
[2026-04-03T01:12:35.294+0600][0.632s][info][gc,ref      ] GC(0) Final: 3 encountered, 2 discovered, 0 enqueued
[2026-04-03T01:12:35.294+0600][0.632s][info][gc,ref      ] GC(0) Phantom: 20 encountered, 12 discovered, 0 enqueued
[2026-04-03T01:12:35.294+0600][0.632s][info][gc,reloc    ] GC(0) Small Pages: 29 / 58M, Empty: 0M, Relocated: 2M, In-Place: 0
[2026-04-03T01:12:35.294+0600][0.632s][info][gc,reloc    ] GC(0) Medium Pages: 0 / 0M, Empty: 0M, Relocated: 0M, In-Place: 0
[2026-04-03T01:12:35.294+0600][0.632s][info][gc,reloc    ] GC(0) Large Pages: 0 / 0M, Empty: 0M, Relocated: 0M, In-Place: 0
[2026-04-03T01:12:35.294+0600][0.632s][info][gc,reloc    ] GC(0) Forwarding Usage: 0M
[2026-04-03T01:12:35.294+0600][0.632s][info][gc,heap     ] GC(0) Min Capacity: 8M(0%)
[2026-04-03T01:12:35.294+0600][0.632s][info][gc,heap     ] GC(0) Max Capacity: 3922M(100%)
[2026-04-03T01:12:35.294+0600][0.632s][info][gc,heap     ] GC(0) Soft Max Capacity: 3922M(100%)
[2026-04-03T01:12:35.294+0600][0.632s][info][gc,heap     ] GC(0)                Mark Start          Mark End        Relocate Start      Relocate End           High               Low         
[2026-04-03T01:12:35.294+0600][0.632s][info][gc,heap     ] GC(0)  Capacity:      246M (6%)          246M (6%)          246M (6%)          246M (6%)          246M (6%)          246M (6%)     
[2026-04-03T01:12:35.294+0600][0.632s][info][gc,heap     ] GC(0)      Free:     3864M (99%)        3864M (99%)        3864M (99%)        3916M (100%)       3916M (100%)       3858M (98%)    
[2026-04-03T01:12:35.294+0600][0.632s][info][gc,heap     ] GC(0)      Used:       58M (1%)           58M (1%)           58M (1%)            6M (0%)           64M (2%)            6M (0%)     
[2026-04-03T01:12:35.294+0600][0.632s][info][gc,heap     ] GC(0)      Live:         -                 2M (0%)            2M (0%)            2M (0%)             -                  -          
[2026-04-03T01:12:35.294+0600][0.632s][info][gc,heap     ] GC(0) Allocated:         -                 0M (0%)            0M (0%)            0M (0%)             -                  -          
[2026-04-03T01:12:35.294+0600][0.632s][info][gc,heap     ] GC(0)   Garbage:         -                55M (1%)           55M (1%)            3M (0%)             -                  -          
[2026-04-03T01:12:35.294+0600][0.632s][info][gc,heap     ] GC(0) Reclaimed:         -                  -                 0M (0%)           52M (1%)             -                  -          
[2026-04-03T01:12:35.294+0600][0.632s][info][gc          ] GC(0) Garbage Collection (System.gc()) 58M(1%)->6M(0%)
[2026-04-03T01:12:43.370+0600][8.709s][info][gc,heap,exit] Heap
[2026-04-03T01:12:43.370+0600][8.709s][info][gc,heap,exit]  ZHeap           used 122M, capacity 246M, max capacity 3922M
[2026-04-03T01:12:43.370+0600][8.709s][info][gc,heap,exit]  Metaspace       used 5476K, committed 5632K, reserved 1114112K
[2026-04-03T01:12:43.370+0600][8.709s][info][gc,heap,exit]   class space    used 604K, committed 704K, reserved 1048576K
