[2026-04-03T06:36:00.354+0600][0.005s][info][gc,init] CardTable entry size: 512
[2026-04-03T06:36:00.354+0600][0.005s][info][gc     ] Using G1
[2026-04-03T06:36:00.358+0600][0.009s][info][gc,init] Version: 21.0.10+7-Ubuntu-124.04 (release)
[2026-04-03T06:36:00.358+0600][0.009s][info][gc,init] CPUs: 12 total, 12 available
[2026-04-03T06:36:00.358+0600][0.009s][info][gc,init] Memory: 15683M
[2026-04-03T06:36:00.358+0600][0.009s][info][gc,init] Large Page Support: Disabled
[2026-04-03T06:36:00.358+0600][0.009s][info][gc,init] NUMA Support: Disabled
[2026-04-03T06:36:00.358+0600][0.009s][info][gc,init] Compressed Oops: Enabled (Zero based)
[2026-04-03T06:36:00.358+0600][0.009s][info][gc,init] Heap Region Size: 2M
[2026-04-03T06:36:00.358+0600][0.009s][info][gc,init] Heap Min Capacity: 8M
[2026-04-03T06:36:00.358+0600][0.009s][info][gc,init] Heap Initial Capacity: 246M
[2026-04-03T06:36:00.358+0600][0.009s][info][gc,init] Heap Max Capacity: 3922M
[2026-04-03T06:36:00.358+0600][0.009s][info][gc,init] Pre-touch: Disabled
[2026-04-03T06:36:00.358+0600][0.009s][info][gc,init] Parallel Workers: 10
[2026-04-03T06:36:00.358+0600][0.009s][info][gc,init] Concurrent Workers: 3
[2026-04-03T06:36:00.358+0600][0.009s][info][gc,init] Concurrent Refinement Workers: 10
[2026-04-03T06:36:00.358+0600][0.009s][info][gc,init] Periodic GC: Disabled
[2026-04-03T06:36:00.373+0600][0.024s][info][gc,metaspace] CDS archive(s) mapped at: [0x00007dc9ab000000-0x00007dc9abc9c000-0x00007dc9abc9c000), size 13221888, SharedBaseAddress: 0x00007dc9ab000000, ArchiveRelocationMode: 1.
[2026-04-03T06:36:00.373+0600][0.024s][info][gc,metaspace] Compressed class space mapped at: 0x00007dc9ac000000-0x00007dc9ec000000, reserved size: 1073741824
[2026-04-03T06:36:00.373+0600][0.024s][info][gc,metaspace] Narrow klass base: 0x00007dc9ab000000, Narrow klass shift: 0, Narrow klass range: 0x100000000
[2026-04-03T06:36:00.655+0600][0.306s][info][gc,start    ] GC(0) Pause Young (Normal) (G1 Evacuation Pause)
[2026-04-03T06:36:00.656+0600][0.307s][info][gc,task     ] GC(0) Using 5 workers of 10 for evacuation
[2026-04-03T06:36:00.659+0600][0.310s][info][gc,phases   ] GC(0)   Pre Evacuate Collection Set: 0.18ms
[2026-04-03T06:36:00.659+0600][0.310s][info][gc,phases   ] GC(0)   Merge Heap Roots: 0.26ms
[2026-04-03T06:36:00.659+0600][0.310s][info][gc,phases   ] GC(0)   Evacuate Collection Set: 1.54ms
[2026-04-03T06:36:00.659+0600][0.310s][info][gc,phases   ] GC(0)   Post Evacuate Collection Set: 0.60ms
[2026-04-03T06:36:00.659+0600][0.310s][info][gc,phases   ] GC(0)   Other: 0.95ms
[2026-04-03T06:36:00.659+0600][0.310s][info][gc,heap     ] GC(0) Eden regions: 11->0(26)
[2026-04-03T06:36:00.659+0600][0.310s][info][gc,heap     ] GC(0) Survivor regions: 0->1(2)
[2026-04-03T06:36:00.659+0600][0.310s][info][gc,heap     ] GC(0) Old regions: 1->1
[2026-04-03T06:36:00.659+0600][0.310s][info][gc,heap     ] GC(0) Humongous regions: 0->0
[2026-04-03T06:36:00.659+0600][0.310s][info][gc,metaspace] GC(0) Metaspace: 2474K(2624K)->2474K(2624K) NonClass: 2226K(2304K)->2226K(2304K) Class: 247K(320K)->247K(320K)
[2026-04-03T06:36:00.659+0600][0.310s][info][gc          ] GC(0) Pause Young (Normal) (G1 Evacuation Pause) 22M->2M(248M) 3.826ms
[2026-04-03T06:36:00.659+0600][0.310s][info][gc,cpu      ] GC(0) User=0.01s Sys=0.00s Real=0.00s
[2026-04-03T06:36:00.733+0600][0.384s][info][gc,start    ] GC(1) Pause Full (System.gc())
[2026-04-03T06:36:00.733+0600][0.384s][info][gc,task     ] GC(1) Using 5 workers of 10 for full compaction
[2026-04-03T06:36:00.734+0600][0.385s][info][gc,phases,start] GC(1) Phase 1: Mark live objects
[2026-04-03T06:36:00.736+0600][0.387s][info][gc,phases      ] GC(1) Phase 1: Mark live objects 2.638ms
[2026-04-03T06:36:00.736+0600][0.387s][info][gc,phases,start] GC(1) Phase 2: Prepare compaction
[2026-04-03T06:36:00.738+0600][0.388s][info][gc,phases      ] GC(1) Phase 2: Prepare compaction 1.128ms
[2026-04-03T06:36:00.738+0600][0.389s][info][gc,phases,start] GC(1) Phase 3: Adjust pointers
[2026-04-03T06:36:00.739+0600][0.390s][info][gc,phases      ] GC(1) Phase 3: Adjust pointers 1.273ms
[2026-04-03T06:36:00.739+0600][0.390s][info][gc,phases,start] GC(1) Phase 4: Compact heap
[2026-04-03T06:36:00.741+0600][0.392s][info][gc,phases      ] GC(1) Phase 4: Compact heap 2.545ms
[2026-04-03T06:36:00.742+0600][0.392s][info][gc,phases,start] GC(1) Phase 5: Reset Metadata
[2026-04-03T06:36:00.742+0600][0.393s][info][gc,phases      ] GC(1) Phase 5: Reset Metadata 0.247ms
[2026-04-03T06:36:00.744+0600][0.395s][info][gc,heap        ] GC(1) Eden regions: 13->0(8)
[2026-04-03T06:36:00.744+0600][0.395s][info][gc,heap        ] GC(1) Survivor regions: 1->0(2)
[2026-04-03T06:36:00.744+0600][0.395s][info][gc,heap        ] GC(1) Old regions: 1->5
[2026-04-03T06:36:00.744+0600][0.395s][info][gc,heap        ] GC(1) Humongous regions: 0->0
[2026-04-03T06:36:00.744+0600][0.395s][info][gc,metaspace   ] GC(1) Metaspace: 2788K(3008K)->2788K(3008K) NonClass: 2526K(2624K)->2526K(2624K) Class: 262K(384K)->262K(384K)
[2026-04-03T06:36:00.744+0600][0.395s][info][gc             ] GC(1) Pause Full (System.gc()) 28M->2M(34M) 10.879ms
[2026-04-03T06:36:00.744+0600][0.395s][info][gc,cpu         ] GC(1) User=0.02s Sys=0.01s Real=0.01s
[2026-04-03T06:36:02.838+0600][2.489s][info][gc,start       ] GC(2) Pause Young (Normal) (G1 Evacuation Pause)
[2026-04-03T06:36:02.839+0600][2.490s][info][gc,task        ] GC(2) Using 10 workers of 10 for evacuation
[2026-04-03T06:36:02.841+0600][2.492s][info][gc,phases      ] GC(2)   Pre Evacuate Collection Set: 0.13ms
[2026-04-03T06:36:02.841+0600][2.492s][info][gc,phases      ] GC(2)   Merge Heap Roots: 0.06ms
[2026-04-03T06:36:02.841+0600][2.492s][info][gc,phases      ] GC(2)   Evacuate Collection Set: 2.11ms
[2026-04-03T06:36:02.841+0600][2.492s][info][gc,phases      ] GC(2)   Post Evacuate Collection Set: 0.26ms
[2026-04-03T06:36:02.841+0600][2.492s][info][gc,phases      ] GC(2)   Other: 0.67ms
[2026-04-03T06:36:02.841+0600][2.492s][info][gc,heap        ] GC(2) Eden regions: 8->0(8)
[2026-04-03T06:36:02.841+0600][2.492s][info][gc,heap        ] GC(2) Survivor regions: 0->1(1)
[2026-04-03T06:36:02.841+0600][2.492s][info][gc,heap        ] GC(2) Old regions: 5->5
[2026-04-03T06:36:02.842+0600][2.492s][info][gc,heap        ] GC(2) Humongous regions: 0->0
[2026-04-03T06:36:02.842+0600][2.492s][info][gc,metaspace   ] GC(2) Metaspace: 5222K(5376K)->5222K(5376K) NonClass: 4635K(4672K)->4635K(4672K) Class: 586K(704K)->586K(704K)
[2026-04-03T06:36:02.842+0600][2.492s][info][gc             ] GC(2) Pause Young (Normal) (G1 Evacuation Pause) 18M->4M(34M) 3.423ms
[2026-04-03T06:36:02.842+0600][2.493s][info][gc,cpu         ] GC(2) User=0.02s Sys=0.00s Real=0.00s
[2026-04-03T06:36:04.713+0600][4.364s][info][gc,start       ] GC(3) Pause Young (Normal) (G1 Evacuation Pause)
[2026-04-03T06:36:04.713+0600][4.364s][info][gc,task        ] GC(3) Using 10 workers of 10 for evacuation
[2026-04-03T06:36:04.715+0600][4.366s][info][gc,phases      ] GC(3)   Pre Evacuate Collection Set: 0.09ms
[2026-04-03T06:36:04.715+0600][4.366s][info][gc,phases      ] GC(3)   Merge Heap Roots: 0.05ms
[2026-04-03T06:36:04.715+0600][4.366s][info][gc,phases      ] GC(3)   Evacuate Collection Set: 1.72ms
[2026-04-03T06:36:04.715+0600][4.366s][info][gc,phases      ] GC(3)   Post Evacuate Collection Set: 0.25ms
[2026-04-03T06:36:04.715+0600][4.366s][info][gc,phases      ] GC(3)   Other: 0.07ms
[2026-04-03T06:36:04.715+0600][4.366s][info][gc,heap        ] GC(3) Eden regions: 8->0(8)
[2026-04-03T06:36:04.715+0600][4.366s][info][gc,heap        ] GC(3) Survivor regions: 1->1(2)
[2026-04-03T06:36:04.715+0600][4.366s][info][gc,heap        ] GC(3) Old regions: 5->5
[2026-04-03T06:36:04.715+0600][4.366s][info][gc,heap        ] GC(3) Humongous regions: 0->0
[2026-04-03T06:36:04.715+0600][4.366s][info][gc,metaspace   ] GC(3) Metaspace: 5255K(5504K)->5255K(5504K) NonClass: 4668K(4800K)->4668K(4800K) Class: 586K(704K)->586K(704K)
[2026-04-03T06:36:04.715+0600][4.366s][info][gc             ] GC(3) Pause Young (Normal) (G1 Evacuation Pause) 20M->4M(34M) 2.388ms
[2026-04-03T06:36:04.716+0600][4.366s][info][gc,cpu         ] GC(3) User=0.01s Sys=0.00s Real=0.01s
[2026-04-03T06:36:06.987+0600][6.638s][info][gc,start       ] GC(4) Pause Young (Normal) (G1 Evacuation Pause)
[2026-04-03T06:36:06.987+0600][6.638s][info][gc,task        ] GC(4) Using 10 workers of 10 for evacuation
[2026-04-03T06:36:06.989+0600][6.640s][info][gc,phases      ] GC(4)   Pre Evacuate Collection Set: 0.09ms
[2026-04-03T06:36:06.989+0600][6.640s][info][gc,phases      ] GC(4)   Merge Heap Roots: 0.05ms
[2026-04-03T06:36:06.989+0600][6.640s][info][gc,phases      ] GC(4)   Evacuate Collection Set: 1.66ms
[2026-04-03T06:36:06.989+0600][6.640s][info][gc,phases      ] GC(4)   Post Evacuate Collection Set: 0.25ms
[2026-04-03T06:36:06.989+0600][6.640s][info][gc,phases      ] GC(4)   Other: 0.06ms
[2026-04-03T06:36:06.989+0600][6.640s][info][gc,heap        ] GC(4) Eden regions: 8->0(9)
[2026-04-03T06:36:06.989+0600][6.640s][info][gc,heap        ] GC(4) Survivor regions: 1->1(2)
[2026-04-03T06:36:06.989+0600][6.640s][info][gc,heap        ] GC(4) Old regions: 5->5
[2026-04-03T06:36:06.989+0600][6.640s][info][gc,heap        ] GC(4) Humongous regions: 0->0
[2026-04-03T06:36:06.989+0600][6.640s][info][gc,metaspace   ] GC(4) Metaspace: 5258K(5504K)->5258K(5504K) NonClass: 4671K(4800K)->4671K(4800K) Class: 586K(704K)->586K(704K)
[2026-04-03T06:36:06.989+0600][6.640s][info][gc             ] GC(4) Pause Young (Normal) (G1 Evacuation Pause) 20M->4M(34M) 2.310ms
[2026-04-03T06:36:06.989+0600][6.640s][info][gc,cpu         ] GC(4) User=0.02s Sys=0.00s Real=0.00s
[2026-04-03T06:36:09.722+0600][9.373s][info][gc,start       ] GC(5) Pause Young (Normal) (G1 Evacuation Pause)
[2026-04-03T06:36:09.722+0600][9.373s][info][gc,task        ] GC(5) Using 10 workers of 10 for evacuation
[2026-04-03T06:36:09.725+0600][9.376s][info][gc,phases      ] GC(5)   Pre Evacuate Collection Set: 0.22ms
[2026-04-03T06:36:09.725+0600][9.376s][info][gc,phases      ] GC(5)   Merge Heap Roots: 0.07ms
[2026-04-03T06:36:09.725+0600][9.376s][info][gc,phases      ] GC(5)   Evacuate Collection Set: 1.83ms
[2026-04-03T06:36:09.725+0600][9.376s][info][gc,phases      ] GC(5)   Post Evacuate Collection Set: 0.45ms
[2026-04-03T06:36:09.725+0600][9.376s][info][gc,phases      ] GC(5)   Other: 0.18ms
[2026-04-03T06:36:09.725+0600][9.376s][info][gc,heap        ] GC(5) Eden regions: 9->0(9)
[2026-04-03T06:36:09.725+0600][9.376s][info][gc,heap        ] GC(5) Survivor regions: 1->1(2)
[2026-04-03T06:36:09.725+0600][9.376s][info][gc,heap        ] GC(5) Old regions: 5->5
[2026-04-03T06:36:09.725+0600][9.376s][info][gc,heap        ] GC(5) Humongous regions: 0->0
[2026-04-03T06:36:09.725+0600][9.376s][info][gc,metaspace   ] GC(5) Metaspace: 5258K(5504K)->5258K(5504K) NonClass: 4671K(4800K)->4671K(4800K) Class: 586K(704K)->586K(704K)
[2026-04-03T06:36:09.725+0600][9.376s][info][gc             ] GC(5) Pause Young (Normal) (G1 Evacuation Pause) 22M->4M(34M) 3.062ms
[2026-04-03T06:36:09.725+0600][9.376s][info][gc,cpu         ] GC(5) User=0.02s Sys=0.00s Real=0.01s
[2026-04-03T06:36:12.166+0600][11.817s][info][gc,start       ] GC(6) Pause Young (Normal) (G1 Evacuation Pause)
[2026-04-03T06:36:12.166+0600][11.817s][info][gc,task        ] GC(6) Using 10 workers of 10 for evacuation
[2026-04-03T06:36:12.168+0600][11.819s][info][gc,phases      ] GC(6)   Pre Evacuate Collection Set: 0.10ms
[2026-04-03T06:36:12.168+0600][11.819s][info][gc,phases      ] GC(6)   Merge Heap Roots: 0.05ms
[2026-04-03T06:36:12.168+0600][11.819s][info][gc,phases      ] GC(6)   Evacuate Collection Set: 1.54ms
[2026-04-03T06:36:12.168+0600][11.819s][info][gc,phases      ] GC(6)   Post Evacuate Collection Set: 0.24ms
[2026-04-03T06:36:12.168+0600][11.819s][info][gc,phases      ] GC(6)   Other: 0.06ms
[2026-04-03T06:36:12.168+0600][11.819s][info][gc,heap        ] GC(6) Eden regions: 9->0(9)
[2026-04-03T06:36:12.168+0600][11.819s][info][gc,heap        ] GC(6) Survivor regions: 1->1(2)
[2026-04-03T06:36:12.168+0600][11.819s][info][gc,heap        ] GC(6) Old regions: 5->5
[2026-04-03T06:36:12.168+0600][11.819s][info][gc,heap        ] GC(6) Humongous regions: 0->0
[2026-04-03T06:36:12.168+0600][11.819s][info][gc,metaspace   ] GC(6) Metaspace: 5258K(5504K)->5258K(5504K) NonClass: 4671K(4800K)->4671K(4800K) Class: 586K(704K)->586K(704K)
[2026-04-03T06:36:12.168+0600][11.819s][info][gc             ] GC(6) Pause Young (Normal) (G1 Evacuation Pause) 22M->4M(34M) 2.196ms
[2026-04-03T06:36:12.168+0600][11.819s][info][gc,cpu         ] GC(6) User=0.01s Sys=0.00s Real=0.00s
[2026-04-03T06:36:12.558+0600][12.209s][info][gc,heap,exit   ] Heap
[2026-04-03T06:36:12.558+0600][12.209s][info][gc,heap,exit   ]  garbage-first heap   total 34816K, used 8700K [0x000000070ae00000, 0x0000000800000000)
[2026-04-03T06:36:12.558+0600][12.209s][info][gc,heap,exit   ]   region size 2048K, 3 young (6144K), 1 survivors (2048K)
[2026-04-03T06:36:12.558+0600][12.209s][info][gc,heap,exit   ]  Metaspace       used 5445K, committed 5632K, reserved 1114112K
[2026-04-03T06:36:12.558+0600][12.209s][info][gc,heap,exit   ]   class space    used 604K, committed 704K, reserved 1048576K
