[2026-04-03T06:35:48.096+0600][0.007s][info][gc,init] Initializing The Z Garbage Collector
[2026-04-03T06:35:48.096+0600][0.007s][info][gc,init] Version: 21.0.10+7-Ubuntu-124.04 (release)
[2026-04-03T06:35:48.096+0600][0.007s][info][gc,init] NUMA Support: Disabled
[2026-04-03T06:35:48.096+0600][0.007s][info][gc,init] CPUs: 12 total, 12 available
[2026-04-03T06:35:48.096+0600][0.007s][info][gc,init] Memory: 15683M
[2026-04-03T06:35:48.096+0600][0.007s][info][gc,init] Large Page Support: Disabled
[2026-04-03T06:35:48.096+0600][0.007s][info][gc,init] Address Space Type: Contiguous/Unrestricted/Complete
[2026-04-03T06:35:48.096+0600][0.007s][info][gc,init] Address Space Size: 62752M
[2026-04-03T06:35:48.096+0600][0.007s][info][gc,init] Heap Backing File: /memfd:java_heap
[2026-04-03T06:35:48.096+0600][0.007s][info][gc,init] Heap Backing Filesystem: tmpfs (0x1021994)
[2026-04-03T06:35:48.097+0600][0.008s][info][gc,init] Min Capacity: 8M
[2026-04-03T06:35:48.097+0600][0.008s][info][gc,init] Initial Capacity: 246M
[2026-04-03T06:35:48.097+0600][0.008s][info][gc,init] Max Capacity: 3922M
[2026-04-03T06:35:48.097+0600][0.008s][info][gc,init] Soft Max Capacity: 3529M
[2026-04-03T06:35:48.097+0600][0.008s][info][gc,init] Medium Page Size: 32M
[2026-04-03T06:35:48.097+0600][0.008s][info][gc,init] Pre-touch: Disabled
[2026-04-03T06:35:48.097+0600][0.008s][info][gc,init] Available space on backing filesystem: N/A
[2026-04-03T06:35:48.099+0600][0.009s][info][gc,init] Uncommit: Enabled
[2026-04-03T06:35:48.099+0600][0.009s][info][gc,init] Uncommit Delay: 300s
[2026-04-03T06:35:48.099+0600][0.010s][info][gc,init] GC Workers for Old Generation: 3 (dynamic)
[2026-04-03T06:35:48.100+0600][0.011s][info][gc,init] GC Workers for Young Generation: 3 (dynamic)
[2026-04-03T06:35:48.186+0600][0.097s][info][gc,init] GC Workers Max: 3 (dynamic)
[2026-04-03T06:35:48.187+0600][0.098s][info][gc,init] Runtime Workers: 8
[2026-04-03T06:35:48.188+0600][0.099s][info][gc     ] Using The Z Garbage Collector
[2026-04-03T06:35:48.198+0600][0.109s][info][gc,metaspace] CDS archive(s) mapped at: [0x0000775a6b000000-0x0000775a6bc9c000-0x0000775a6bc9c000), size 13221888, SharedBaseAddress: 0x0000775a6b000000, ArchiveRelocationMode: 1.
[2026-04-03T06:35:48.198+0600][0.109s][info][gc,metaspace] Compressed class space mapped at: 0x0000775a6c000000-0x0000775aac000000, reserved size: 1073741824
[2026-04-03T06:35:48.198+0600][0.109s][info][gc,metaspace] Narrow klass base: 0x0000775a6b000000, Narrow klass shift: 0, Narrow klass range: 0x100000000
[2026-04-03T06:35:48.592+0600][0.503s][info][gc          ] GC(0) Major Collection (System.gc())
[2026-04-03T06:35:48.593+0600][0.503s][info][gc,task     ] GC(0) Using 3 Workers for Young Generation
[2026-04-03T06:35:48.593+0600][0.503s][info][gc,task     ] GC(0) Using 3 Workers for Old Generation
[2026-04-03T06:35:48.593+0600][0.503s][info][gc,phases   ] GC(0) Y: Young Generation (Promote All)
[2026-04-03T06:35:48.593+0600][0.504s][info][gc,phases   ] GC(0) Y: Pause Mark Start 0.019ms
[2026-04-03T06:35:48.598+0600][0.508s][info][gc,phases   ] GC(0) Y: Concurrent Mark 4.725ms
[2026-04-03T06:35:48.598+0600][0.509s][info][gc,phases   ] GC(0) Y: Pause Mark End 0.018ms
[2026-04-03T06:35:48.598+0600][0.509s][info][gc,phases   ] GC(0) Y: Concurrent Mark Free 0.002ms
[2026-04-03T06:35:48.598+0600][0.509s][info][gc,phases   ] GC(0) Y: Concurrent Reset Relocation Set 0.000ms
[2026-04-03T06:35:48.604+0600][0.515s][info][gc,reloc    ] GC(0) Y: Using tenuring threshold: 0 (Promote All)
[2026-04-03T06:35:48.606+0600][0.517s][info][gc,phases   ] GC(0) Y: Concurrent Select Relocation Set 8.171ms
[2026-04-03T06:35:48.606+0600][0.517s][info][gc,phases   ] GC(0) Y: Pause Relocate Start 0.018ms
[2026-04-03T06:35:48.611+0600][0.522s][info][gc,phases   ] GC(0) Y: Concurrent Relocate 4.923ms
[2026-04-03T06:35:48.611+0600][0.522s][info][gc,alloc    ] GC(0) Y:                         Mark Start        Mark End      Relocate Start    Relocate End   
[2026-04-03T06:35:48.611+0600][0.522s][info][gc,alloc    ] GC(0) Y: Allocation Stalls:          0                0                0                0         
[2026-04-03T06:35:48.611+0600][0.522s][info][gc,load     ] GC(0) Y: Load: 7.63 (64%) / 6.89 (57%) / 5.12 (43%)
[2026-04-03T06:35:48.611+0600][0.522s][info][gc,mmu      ] GC(0) Y: MMU: 2ms/99.0%, 5ms/99.6%, 10ms/99.6%, 20ms/99.7%, 50ms/99.9%, 100ms/99.9%
[2026-04-03T06:35:48.611+0600][0.522s][info][gc,marking  ] GC(0) Y: Mark: 2 stripe(s), 3 proactive flush(es), 1 terminate flush(es), 0 completion(s), 0 continuation(s) 
[2026-04-03T06:35:48.611+0600][0.522s][info][gc,marking  ] GC(0) Y: Mark Stack Usage: 32M
[2026-04-03T06:35:48.611+0600][0.522s][info][gc,nmethod  ] GC(0) Y: NMethods: 769 registered, 0 unregistered
[2026-04-03T06:35:48.611+0600][0.522s][info][gc,metaspace] GC(0) Y: Metaspace: 2M used, 3M committed, 1088M reserved
[2026-04-03T06:35:48.611+0600][0.522s][info][gc,reloc    ] GC(0) Y:                        Candidates     Selected     In-Place         Size        Empty    Relocated 
[2026-04-03T06:35:48.611+0600][0.522s][info][gc,reloc    ] GC(0) Y: Small Pages:                   28           26            0          56M           0M           1M 
[2026-04-03T06:35:48.611+0600][0.522s][info][gc,reloc    ] GC(0) Y: Medium Pages:                   0            0            0           0M           0M           0M 
[2026-04-03T06:35:48.611+0600][0.522s][info][gc,reloc    ] GC(0) Y: Large Pages:                    0            0            0           0M           0M           0M 
[2026-04-03T06:35:48.611+0600][0.522s][info][gc,reloc    ] GC(0) Y: Forwarding Usage: 0M
[2026-04-03T06:35:48.612+0600][0.522s][info][gc,reloc    ] GC(0) Y: Age Table:
[2026-04-03T06:35:48.612+0600][0.522s][info][gc,reloc    ] GC(0) Y:                    Live             Garbage             Small              Medium             Large        
[2026-04-03T06:35:48.612+0600][0.522s][info][gc,reloc    ] GC(0) Y: Eden               2M (0%)           53M (1%)          28 / 26             0 / 0              0 / 0        
[2026-04-03T06:35:48.612+0600][0.522s][info][gc,heap     ] GC(0) Y: Min Capacity: 8M(0%)
[2026-04-03T06:35:48.612+0600][0.522s][info][gc,heap     ] GC(0) Y: Max Capacity: 3922M(100%)
[2026-04-03T06:35:48.612+0600][0.522s][info][gc,heap     ] GC(0) Y: Soft Max Capacity: 3529M(90%)
[2026-04-03T06:35:48.612+0600][0.522s][info][gc,heap     ] GC(0) Y: Heap Statistics:
[2026-04-03T06:35:48.612+0600][0.522s][info][gc,heap     ] GC(0) Y:                Mark Start          Mark End        Relocate Start      Relocate End           High               Low         
[2026-04-03T06:35:48.612+0600][0.522s][info][gc,heap     ] GC(0) Y:  Capacity:      246M (6%)          246M (6%)          246M (6%)          246M (6%)          246M (6%)          246M (6%)     
[2026-04-03T06:35:48.612+0600][0.522s][info][gc,heap     ] GC(0) Y:      Free:     3866M (99%)        3866M (99%)        3866M (99%)        3916M (100%)       3916M (100%)       3860M (98%)    
[2026-04-03T06:35:48.612+0600][0.522s][info][gc,heap     ] GC(0) Y:      Used:       56M (1%)           56M (1%)           56M (1%)            6M (0%)           62M (2%)            6M (0%)     
[2026-04-03T06:35:48.612+0600][0.522s][info][gc,heap     ] GC(0) Y: Young Generation Statistics:
[2026-04-03T06:35:48.612+0600][0.522s][info][gc,heap     ] GC(0) Y:                Mark Start          Mark End        Relocate Start      Relocate End    
[2026-04-03T06:35:48.612+0600][0.522s][info][gc,heap     ] GC(0) Y:      Used:       56M (1%)           56M (1%)           56M (1%)            0M (0%)     
[2026-04-03T06:35:48.612+0600][0.522s][info][gc,heap     ] GC(0) Y:      Live:         -                 2M (0%)            2M (0%)            0M (0%)     
[2026-04-03T06:35:48.612+0600][0.522s][info][gc,heap     ] GC(0) Y:   Garbage:         -                53M (1%)           53M (1%)            0M (0%)     
[2026-04-03T06:35:48.612+0600][0.522s][info][gc,heap     ] GC(0) Y: Allocated:         -                 0M (0%)            0M (0%)            0M (0%)     
[2026-04-03T06:35:48.612+0600][0.522s][info][gc,heap     ] GC(0) Y: Reclaimed:         -                  -                 0M (0%)           53M (1%)     
[2026-04-03T06:35:48.612+0600][0.522s][info][gc,heap     ] GC(0) Y:  Promoted:         -                  -                 0M (0%)            2M (0%)     
[2026-04-03T06:35:48.612+0600][0.522s][info][gc,heap     ] GC(0) Y: Compacted:         -                  -                  -                 0M (0%)     
[2026-04-03T06:35:48.612+0600][0.522s][info][gc,phases   ] GC(0) Y: Young Generation (Promote All) 56M(1%)->6M(0%) 0.019s
[2026-04-03T06:35:48.612+0600][0.522s][info][gc,phases   ] GC(0) Y: Young Generation (Collect Roots)
[2026-04-03T06:35:48.612+0600][0.523s][info][gc,phases   ] GC(0) Y: Pause Mark Start (Major) 0.021ms
[2026-04-03T06:35:48.615+0600][0.525s][info][gc,phases   ] GC(0) Y: Concurrent Mark 2.690ms
[2026-04-03T06:35:48.615+0600][0.525s][info][gc,phases   ] GC(0) Y: Pause Mark End 0.022ms
[2026-04-03T06:35:48.615+0600][0.526s][info][gc,phases   ] GC(0) Y: Concurrent Mark Free 0.157ms
[2026-04-03T06:35:48.615+0600][0.526s][info][gc,phases   ] GC(0) Y: Concurrent Reset Relocation Set 0.003ms
[2026-04-03T06:35:48.616+0600][0.527s][info][gc,reloc    ] GC(0) Y: Using tenuring threshold: 0 (Computed)
[2026-04-03T06:35:48.616+0600][0.527s][info][gc,phases   ] GC(0) Y: Concurrent Select Relocation Set 1.467ms
[2026-04-03T06:35:48.617+0600][0.527s][info][gc,phases   ] GC(0) Y: Pause Relocate Start 0.040ms
[2026-04-03T06:35:48.617+0600][0.527s][info][gc,phases   ] GC(0) Y: Concurrent Relocate 0.074ms
[2026-04-03T06:35:48.617+0600][0.528s][info][gc,alloc    ] GC(0) Y:                         Mark Start        Mark End      Relocate Start    Relocate End   
[2026-04-03T06:35:48.617+0600][0.528s][info][gc,alloc    ] GC(0) Y: Allocation Stalls:          0                0                0                0         
[2026-04-03T06:35:48.617+0600][0.528s][info][gc,load     ] GC(0) Y: Load: 7.63 (64%) / 6.89 (57%) / 5.12 (43%)
[2026-04-03T06:35:48.617+0600][0.528s][info][gc,mmu      ] GC(0) Y: MMU: 2ms/96.9%, 5ms/98.3%, 10ms/99.2%, 20ms/99.4%, 50ms/99.7%, 100ms/99.9%
[2026-04-03T06:35:48.617+0600][0.528s][info][gc,marking  ] GC(0) Y: Mark: 2 stripe(s), 1 proactive flush(es), 1 terminate flush(es), 0 completion(s), 0 continuation(s) 
[2026-04-03T06:35:48.617+0600][0.528s][info][gc,marking  ] GC(0) Y: Mark Stack Usage: 0M
[2026-04-03T06:35:48.617+0600][0.528s][info][gc,nmethod  ] GC(0) Y: NMethods: 769 registered, 0 unregistered
[2026-04-03T06:35:48.617+0600][0.528s][info][gc,metaspace] GC(0) Y: Metaspace: 2M used, 3M committed, 1088M reserved
[2026-04-03T06:35:48.617+0600][0.528s][info][gc,heap     ] GC(0) Y: Min Capacity: 8M(0%)
[2026-04-03T06:35:48.617+0600][0.528s][info][gc,heap     ] GC(0) Y: Max Capacity: 3922M(100%)
[2026-04-03T06:35:48.617+0600][0.528s][info][gc,heap     ] GC(0) Y: Soft Max Capacity: 3529M(90%)
[2026-04-03T06:35:48.617+0600][0.528s][info][gc,heap     ] GC(0) Y: Heap Statistics:
[2026-04-03T06:35:48.617+0600][0.528s][info][gc,heap     ] GC(0) Y:                Mark Start          Mark End        Relocate Start      Relocate End           High               Low         
[2026-04-03T06:35:48.617+0600][0.528s][info][gc,heap     ] GC(0) Y:  Capacity:      246M (6%)          246M (6%)          246M (6%)          246M (6%)          246M (6%)          246M (6%)     
[2026-04-03T06:35:48.617+0600][0.528s][info][gc,heap     ] GC(0) Y:      Free:     3916M (100%)       3916M (100%)       3916M (100%)       3916M (100%)       3916M (100%)       3916M (100%)   
[2026-04-03T06:35:48.617+0600][0.528s][info][gc,heap     ] GC(0) Y:      Used:        6M (0%)            6M (0%)            6M (0%)            6M (0%)            6M (0%)            6M (0%)     
[2026-04-03T06:35:48.617+0600][0.528s][info][gc,heap     ] GC(0) Y: Young Generation Statistics:
[2026-04-03T06:35:48.617+0600][0.528s][info][gc,heap     ] GC(0) Y:                Mark Start          Mark End        Relocate Start      Relocate End    
[2026-04-03T06:35:48.617+0600][0.528s][info][gc,heap     ] GC(0) Y:      Used:        0M (0%)            0M (0%)            0M (0%)            0M (0%)     
[2026-04-03T06:35:48.617+0600][0.528s][info][gc,heap     ] GC(0) Y:      Live:         -                 0M (0%)            0M (0%)            0M (0%)     
[2026-04-03T06:35:48.617+0600][0.528s][info][gc,heap     ] GC(0) Y:   Garbage:         -                 0M (0%)            0M (0%)            0M (0%)     
[2026-04-03T06:35:48.617+0600][0.528s][info][gc,heap     ] GC(0) Y: Allocated:         -                 0M (0%)            0M (0%)            0M (0%)     
[2026-04-03T06:35:48.617+0600][0.528s][info][gc,heap     ] GC(0) Y: Reclaimed:         -                  -                 0M (0%)            0M (0%)     
[2026-04-03T06:35:48.617+0600][0.528s][info][gc,heap     ] GC(0) Y:  Promoted:         -                  -                 0M (0%)            0M (0%)     
[2026-04-03T06:35:48.617+0600][0.528s][info][gc,heap     ] GC(0) Y: Compacted:         -                  -                  -                 0M (0%)     
[2026-04-03T06:35:48.617+0600][0.528s][info][gc,phases   ] GC(0) Y: Young Generation (Collect Roots) 6M(0%)->6M(0%) 0.005s
[2026-04-03T06:35:48.617+0600][0.528s][info][gc,phases   ] GC(0) O: Old Generation
[2026-04-03T06:35:48.620+0600][0.531s][info][gc,phases   ] GC(0) O: Concurrent Mark 2.896ms
[2026-04-03T06:35:48.620+0600][0.531s][info][gc,phases   ] GC(0) O: Pause Mark End 0.021ms
[2026-04-03T06:35:48.620+0600][0.531s][info][gc,phases   ] GC(0) O: Concurrent Mark Free 0.001ms
[2026-04-03T06:35:48.621+0600][0.532s][info][gc,phases   ] GC(0) O: Concurrent Process Non-Strong 1.100ms
[2026-04-03T06:35:48.621+0600][0.532s][info][gc,phases   ] GC(0) O: Concurrent Reset Relocation Set 0.001ms
[2026-04-03T06:35:48.623+0600][0.534s][info][gc,phases   ] GC(0) O: Concurrent Select Relocation Set 1.641ms
[2026-04-03T06:35:48.623+0600][0.534s][info][gc,task     ] GC(0) O: Using 3 Workers for Old Generation
[2026-04-03T06:35:48.636+0600][0.547s][info][gc,task     ] GC(0) O: Using 3 Workers for Old Generation
[2026-04-03T06:35:48.636+0600][0.547s][info][gc,phases   ] GC(0) O: Concurrent Remap Roots 13.353ms
[2026-04-03T06:35:48.636+0600][0.547s][info][gc,phases   ] GC(0) O: Pause Relocate Start 0.021ms
[2026-04-03T06:35:48.639+0600][0.549s][info][gc,phases   ] GC(0) O: Concurrent Relocate 2.272ms
[2026-04-03T06:35:48.639+0600][0.550s][info][gc,alloc    ] GC(0) O:                         Mark Start        Mark End      Relocate Start    Relocate End   
[2026-04-03T06:35:48.639+0600][0.550s][info][gc,alloc    ] GC(0) O: Allocation Stalls:          0                0                0                0         
[2026-04-03T06:35:48.639+0600][0.550s][info][gc,load     ] GC(0) O: Load: 7.63 (64%) / 6.89 (57%) / 5.12 (43%)
[2026-04-03T06:35:48.639+0600][0.550s][info][gc,mmu      ] GC(0) O: MMU: 2ms/96.9%, 5ms/98.3%, 10ms/99.0%, 20ms/99.4%, 50ms/99.6%, 100ms/99.8%
[2026-04-03T06:35:48.639+0600][0.550s][info][gc,marking  ] GC(0) O: Mark: 2 stripe(s), 1 proactive flush(es), 1 terminate flush(es), 0 completion(s), 0 continuation(s) 
[2026-04-03T06:35:48.639+0600][0.550s][info][gc,marking  ] GC(0) O: Mark Stack Usage: 32M
[2026-04-03T06:35:48.639+0600][0.550s][info][gc,nmethod  ] GC(0) O: NMethods: 693 registered, 76 unregistered
[2026-04-03T06:35:48.639+0600][0.550s][info][gc,metaspace] GC(0) O: Metaspace: 2M used, 3M committed, 1088M reserved
[2026-04-03T06:35:48.639+0600][0.550s][info][gc,ref      ] GC(0) O:                       Encountered   Discovered     Enqueued 
[2026-04-03T06:35:48.639+0600][0.550s][info][gc,ref      ] GC(0) O: Soft References:               75            0            0 
[2026-04-03T06:35:48.639+0600][0.550s][info][gc,ref      ] GC(0) O: Weak References:              306          171           72 
[2026-04-03T06:35:48.639+0600][0.550s][info][gc,ref      ] GC(0) O: Final References:               3            0            0 
[2026-04-03T06:35:48.639+0600][0.550s][info][gc,ref      ] GC(0) O: Phantom References:            20           12            2 
[2026-04-03T06:35:48.639+0600][0.550s][info][gc,reloc    ] GC(0) O:                        Candidates     Selected     In-Place         Size        Empty    Relocated 
[2026-04-03T06:35:48.639+0600][0.550s][info][gc,reloc    ] GC(0) O: Small Pages:                    3            1            0           6M           0M           1M 
[2026-04-03T06:35:48.639+0600][0.550s][info][gc,reloc    ] GC(0) O: Medium Pages:                   0            0            0           0M           0M           0M 
[2026-04-03T06:35:48.639+0600][0.550s][info][gc,reloc    ] GC(0) O: Large Pages:                    0            0            0           0M           0M           0M 
[2026-04-03T06:35:48.639+0600][0.550s][info][gc,reloc    ] GC(0) O: Forwarding Usage: 0M
[2026-04-03T06:35:48.639+0600][0.550s][info][gc,heap     ] GC(0) O: Min Capacity: 8M(0%)
[2026-04-03T06:35:48.639+0600][0.550s][info][gc,heap     ] GC(0) O: Max Capacity: 3922M(100%)
[2026-04-03T06:35:48.639+0600][0.550s][info][gc,heap     ] GC(0) O: Soft Max Capacity: 3529M(90%)
[2026-04-03T06:35:48.639+0600][0.550s][info][gc,heap     ] GC(0) O: Heap Statistics:
[2026-04-03T06:35:48.639+0600][0.550s][info][gc,heap     ] GC(0) O:                Mark Start          Mark End        Relocate Start      Relocate End           High               Low         
[2026-04-03T06:35:48.639+0600][0.550s][info][gc,heap     ] GC(0) O:  Capacity:      246M (6%)          246M (6%)          246M (6%)          246M (6%)          246M (6%)          246M (6%)     
[2026-04-03T06:35:48.639+0600][0.550s][info][gc,heap     ] GC(0) O:      Free:     3916M (100%)       3916M (100%)       3914M (100%)       3914M (100%)       3916M (100%)       3910M (100%)   
[2026-04-03T06:35:48.639+0600][0.550s][info][gc,heap     ] GC(0) O:      Used:        6M (0%)            6M (0%)            8M (0%)            8M (0%)           12M (0%)            6M (0%)     
[2026-04-03T06:35:48.639+0600][0.550s][info][gc,heap     ] GC(0) O: Old Generation Statistics:
[2026-04-03T06:35:48.639+0600][0.550s][info][gc,heap     ] GC(0) O:                Mark Start          Mark End        Relocate Start      Relocate End    
[2026-04-03T06:35:48.639+0600][0.550s][info][gc,heap     ] GC(0) O:      Used:        6M (0%)            6M (0%)            6M (0%)            6M (0%)     
[2026-04-03T06:35:48.639+0600][0.550s][info][gc,heap     ] GC(0) O:      Live:         -                 2M (0%)            2M (0%)            2M (0%)     
[2026-04-03T06:35:48.639+0600][0.550s][info][gc,heap     ] GC(0) O:   Garbage:         -                 3M (0%)            3M (0%)            0M (0%)     
[2026-04-03T06:35:48.639+0600][0.550s][info][gc,heap     ] GC(0) O: Allocated:         -                 0M (0%)            0M (0%)            2M (0%)     
[2026-04-03T06:35:48.639+0600][0.550s][info][gc,heap     ] GC(0) O: Reclaimed:         -                  -                 0M (0%)            2M (0%)     
[2026-04-03T06:35:48.639+0600][0.550s][info][gc,heap     ] GC(0) O: Compacted:         -                  -                  -                 1M (0%)     
[2026-04-03T06:35:48.639+0600][0.550s][info][gc,phases   ] GC(0) O: Old Generation 6M(0%)->8M(0%) 0.022s
[2026-04-03T06:35:48.639+0600][0.550s][info][gc          ] GC(0) Major Collection (System.gc()) 56M(1%)->8M(0%) 0.047s
[2026-04-03T06:36:00.262+0600][12.173s][info][gc,exit     ] Stopping ZGC
[2026-04-03T06:36:00.262+0600][12.173s][info][gc,stats    ] === Garbage Collection Statistics =======================================================================================================================
[2026-04-03T06:36:00.262+0600][12.173s][info][gc,stats    ]                                                              Last 10s              Last 10m              Last 10h                Total
[2026-04-03T06:36:00.262+0600][12.173s][info][gc,stats    ]                                                              Avg / Max             Avg / Max             Avg / Max             Avg / Max
[2026-04-03T06:36:00.262+0600][12.173s][info][gc,stats    ]        Contention: Mark Segment Reset Contention                     0 / 0                 1 / 15                1 / 15                1 / 15          ops/s
[2026-04-03T06:36:00.262+0600][12.173s][info][gc,stats    ]        Contention: Mark SeqNum Reset Contention                      0 / 0                 0 / 0                 0 / 0                 0 / 0           ops/s
[2026-04-03T06:36:00.262+0600][12.173s][info][gc,stats    ]          Critical: Allocation Stall                                  0 / 0                 0 / 0                 0 / 0                 0 / 0           ops/s
[2026-04-03T06:36:00.262+0600][12.173s][info][gc,stats    ]          Critical: Allocation Stall                              0.000 / 0.000         0.000 / 0.000         0.000 / 0.000         0.000 / 0.000       ms
[2026-04-03T06:36:00.262+0600][12.173s][info][gc,stats    ]          Critical: JNI Critical Stall                                0 / 0                 0 / 0                 0 / 0                 0 / 0           ops/s
[2026-04-03T06:36:00.262+0600][12.173s][info][gc,stats    ]          Critical: JNI Critical Stall                            0.000 / 0.000         0.000 / 0.000         0.000 / 0.000         0.000 / 0.000       ms
[2026-04-03T06:36:00.262+0600][12.173s][info][gc,stats    ]          Critical: Relocation Stall                                  0 / 0                 0 / 0                 0 / 0                 0 / 0           ops/s
[2026-04-03T06:36:00.262+0600][12.173s][info][gc,stats    ]          Critical: Relocation Stall                              0.000 / 0.000         0.000 / 0.000         0.000 / 0.000         0.000 / 0.000       ms
[2026-04-03T06:36:00.262+0600][12.173s][info][gc,stats    ]  Major Collection: Major Collection                              0.000 / 0.000        46.781 / 46.781       46.781 / 46.781       46.781 / 46.781      ms
[2026-04-03T06:36:00.262+0600][12.173s][info][gc,stats    ]            Memory: Allocation Rate                                   8 / 12               13 / 74               13 / 74               13 / 74          MB/s
[2026-04-03T06:36:00.262+0600][12.173s][info][gc,stats    ]            Memory: Defragment                                        0 / 0                 0 / 0                 0 / 0                 0 / 0           ops/s
[2026-04-03T06:36:00.262+0600][12.173s][info][gc,stats    ]            Memory: Out Of Memory                                     0 / 0                 0 / 0                 0 / 0                 0 / 0           ops/s
[2026-04-03T06:36:00.263+0600][12.173s][info][gc,stats    ]            Memory: Page Cache Flush                                  0 / 0                 0 / 0                 0 / 0                 0 / 0           MB/s
[2026-04-03T06:36:00.263+0600][12.173s][info][gc,stats    ]            Memory: Page Cache Hit L1                                 1 / 5                 2 / 14                2 / 14                2 / 14          ops/s
[2026-04-03T06:36:00.263+0600][12.173s][info][gc,stats    ]            Memory: Page Cache Hit L2                                 0 / 0                 0 / 0                 0 / 0                 0 / 0           ops/s
[2026-04-03T06:36:00.263+0600][12.173s][info][gc,stats    ]            Memory: Page Cache Hit L3                                 2 / 6                 5 / 31                5 / 31                5 / 31          ops/s
[2026-04-03T06:36:00.263+0600][12.173s][info][gc,stats    ]            Memory: Page Cache Miss                                   0 / 0                 0 / 1                 0 / 1                 0 / 1           ops/s
[2026-04-03T06:36:00.263+0600][12.173s][info][gc,stats    ]            Memory: Uncommit                                          0 / 0                 0 / 0                 0 / 0                 0 / 0           MB/s
[2026-04-03T06:36:00.263+0600][12.173s][info][gc,stats    ]            Memory: Undo Object Allocation Failed                     0 / 0                 0 / 0                 0 / 0                 0 / 0           ops/s
[2026-04-03T06:36:00.263+0600][12.173s][info][gc,stats    ]            Memory: Undo Object Allocation Succeeded                  0 / 0                 0 / 0                 0 / 0                 0 / 0           ops/s
[2026-04-03T06:36:00.263+0600][12.173s][info][gc,stats    ]            Memory: Undo Page Allocation                              0 / 0                 0 / 0                 0 / 0                 0 / 0           ops/s
[2026-04-03T06:36:00.263+0600][12.173s][info][gc,stats    ]  Minor Collection: Minor Collection                              0.000 / 0.000         0.000 / 0.000         0.000 / 0.000         0.000 / 0.000       ms
[2026-04-03T06:36:00.263+0600][12.173s][info][gc,stats    ]    Old Generation: Old Generation                                0.000 / 0.000        21.849 / 21.849       21.849 / 21.849       21.849 / 21.849      ms
[2026-04-03T06:36:00.263+0600][12.173s][info][gc,stats    ]         Old Pause: Pause Mark End                                0.000 / 0.000         0.021 / 0.021         0.021 / 0.021         0.021 / 0.021       ms
[2026-04-03T06:36:00.263+0600][12.173s][info][gc,stats    ]         Old Pause: Pause Relocate Start                          0.000 / 0.000         0.021 / 0.021         0.021 / 0.021         0.021 / 0.021       ms
[2026-04-03T06:36:00.263+0600][12.173s][info][gc,stats    ]         Old Phase: Concurrent Mark                               0.000 / 0.000         2.896 / 2.896         2.896 / 2.896         2.896 / 2.896       ms
[2026-04-03T06:36:00.263+0600][12.173s][info][gc,stats    ]         Old Phase: Concurrent Mark Continue                      0.000 / 0.000         0.000 / 0.000         0.000 / 0.000         0.000 / 0.000       ms
[2026-04-03T06:36:00.263+0600][12.173s][info][gc,stats    ]         Old Phase: Concurrent Mark Free                          0.000 / 0.000         0.001 / 0.001         0.001 / 0.001         0.001 / 0.001       ms
[2026-04-03T06:36:00.263+0600][12.173s][info][gc,stats    ]         Old Phase: Concurrent Process Non-Strong                 0.000 / 0.000         1.100 / 1.100         1.100 / 1.100         1.100 / 1.100       ms
[2026-04-03T06:36:00.263+0600][12.173s][info][gc,stats    ]         Old Phase: Concurrent Relocate                           0.000 / 0.000         2.272 / 2.272         2.272 / 2.272         2.272 / 2.272       ms
[2026-04-03T06:36:00.263+0600][12.173s][info][gc,stats    ]         Old Phase: Concurrent Remap Roots                        0.000 / 0.000        13.353 / 13.353       13.353 / 13.353       13.353 / 13.353      ms
[2026-04-03T06:36:00.263+0600][12.173s][info][gc,stats    ]         Old Phase: Concurrent Reset Relocation Set               0.000 / 0.000         0.001 / 0.001         0.001 / 0.001         0.001 / 0.001       ms
[2026-04-03T06:36:00.263+0600][12.173s][info][gc,stats    ]         Old Phase: Concurrent Select Relocation Set              0.000 / 0.000         1.641 / 1.641         1.641 / 1.641         1.641 / 1.641       ms
[2026-04-03T06:36:00.263+0600][12.173s][info][gc,stats    ]      Old Subphase: Concurrent Classes Purge                      0.000 / 0.000         0.105 / 0.105         0.105 / 0.105         0.105 / 0.105       ms
[2026-04-03T06:36:00.263+0600][12.173s][info][gc,stats    ]      Old Subphase: Concurrent Classes Unlink                     0.000 / 0.000         0.628 / 0.628         0.628 / 0.628         0.628 / 0.628       ms
[2026-04-03T06:36:00.263+0600][12.173s][info][gc,stats    ]      Old Subphase: Concurrent Mark Follow                        0.000 / 0.000         2.706 / 2.706         2.706 / 2.706         2.706 / 2.706       ms
[2026-04-03T06:36:00.263+0600][12.173s][info][gc,stats    ]      Old Subphase: Concurrent Mark Root Colored                  0.000 / 0.000         0.034 / 0.095         0.034 / 0.095         0.034 / 0.095       ms
[2026-04-03T06:36:00.263+0600][12.173s][info][gc,stats    ]      Old Subphase: Concurrent Mark Root Uncolored                0.000 / 0.000         0.049 / 0.085         0.049 / 0.085         0.049 / 0.085       ms
[2026-04-03T06:36:00.263+0600][12.173s][info][gc,stats    ]      Old Subphase: Concurrent Mark Roots                         0.000 / 0.000         0.186 / 0.186         0.186 / 0.186         0.186 / 0.186       ms
[2026-04-03T06:36:00.263+0600][12.173s][info][gc,stats    ]      Old Subphase: Concurrent References Enqueue                 0.000 / 0.000         0.004 / 0.004         0.004 / 0.004         0.004 / 0.004       ms
[2026-04-03T06:36:00.263+0600][12.173s][info][gc,stats    ]      Old Subphase: Concurrent References Process                 0.000 / 0.000         0.114 / 0.114         0.114 / 0.114         0.114 / 0.114       ms
[2026-04-03T06:36:00.263+0600][12.173s][info][gc,stats    ]      Old Subphase: Concurrent Remap Remembered                   0.000 / 0.000        12.482 / 12.776       12.482 / 12.776       12.482 / 12.776      ms
[2026-04-03T06:36:00.263+0600][12.173s][info][gc,stats    ]      Old Subphase: Concurrent Remap Roots Colored                0.000 / 0.000         0.043 / 0.087         0.043 / 0.087         0.043 / 0.087       ms
[2026-04-03T06:36:00.263+0600][12.173s][info][gc,stats    ]      Old Subphase: Concurrent Remap Roots Uncolored              0.000 / 0.000         0.213 / 0.322         0.213 / 0.322         0.213 / 0.322       ms
[2026-04-03T06:36:00.263+0600][12.173s][info][gc,stats    ]      Old Subphase: Concurrent Roots ClassLoaderDataGraph         0.000 / 0.000         0.034 / 0.083         0.034 / 0.083         0.034 / 0.083       ms
[2026-04-03T06:36:00.263+0600][12.173s][info][gc,stats    ]      Old Subphase: Concurrent Roots CodeCache                    0.000 / 0.000         0.315 / 0.316         0.315 / 0.316         0.315 / 0.316       ms
[2026-04-03T06:36:00.263+0600][12.173s][info][gc,stats    ]      Old Subphase: Concurrent Roots JavaThreads                  0.000 / 0.000         0.023 / 0.084         0.023 / 0.084         0.023 / 0.084       ms
[2026-04-03T06:36:00.263+0600][12.173s][info][gc,stats    ]      Old Subphase: Concurrent Roots OopStorageSet                0.000 / 0.000         0.006 / 0.009         0.006 / 0.009         0.006 / 0.009       ms
[2026-04-03T06:36:00.263+0600][12.173s][info][gc,stats    ]      Old Subphase: Concurrent Weak Roots OopStorageSet           0.000 / 0.000         0.067 / 0.092         0.067 / 0.092         0.067 / 0.092       ms
[2026-04-03T06:36:00.263+0600][12.173s][info][gc,stats    ]            System: Java Threads                                      0 / 0                11 / 11               11 / 11               11 / 11          threads
[2026-04-03T06:36:00.263+0600][12.173s][info][gc,stats    ]  Young Generation: Young Generation                              0.000 / 0.000         0.000 / 0.000         0.000 / 0.000         0.000 / 0.000       ms
[2026-04-03T06:36:00.263+0600][12.173s][info][gc,stats    ]  Young Generation: Young Generation                              0.000 / 0.000         0.000 / 0.000         0.000 / 0.000         0.000 / 0.000       ms
[2026-04-03T06:36:00.263+0600][12.173s][info][gc,stats    ]  Young Generation: Young Generation (Collect Roots)              0.000 / 0.000         5.142 / 5.142         5.142 / 5.142         5.142 / 5.142       ms
[2026-04-03T06:36:00.263+0600][12.173s][info][gc,stats    ]  Young Generation: Young Generation (Promote All)                0.000 / 0.000        18.806 / 18.806       18.806 / 18.806       18.806 / 18.806      ms
[2026-04-03T06:36:00.263+0600][12.173s][info][gc,stats    ]       Young Pause: Pause Mark End                                0.000 / 0.000         0.020 / 0.022         0.020 / 0.022         0.020 / 0.022       ms
[2026-04-03T06:36:00.263+0600][12.173s][info][gc,stats    ]       Young Pause: Pause Mark Start                              0.000 / 0.000         0.019 / 0.019         0.019 / 0.019         0.019 / 0.019       ms
[2026-04-03T06:36:00.263+0600][12.174s][info][gc,stats    ]       Young Pause: Pause Mark Start (Major)                      0.000 / 0.000         0.021 / 0.021         0.021 / 0.021         0.021 / 0.021       ms
[2026-04-03T06:36:00.263+0600][12.174s][info][gc,stats    ]       Young Pause: Pause Relocate Start                          0.000 / 0.000         0.029 / 0.040         0.029 / 0.040         0.029 / 0.040       ms
[2026-04-03T06:36:00.263+0600][12.174s][info][gc,stats    ]       Young Phase: Concurrent Mark                               0.000 / 0.000         3.707 / 4.725         3.707 / 4.725         3.707 / 4.725       ms
[2026-04-03T06:36:00.263+0600][12.174s][info][gc,stats    ]       Young Phase: Concurrent Mark Continue                      0.000 / 0.000         0.000 / 0.000         0.000 / 0.000         0.000 / 0.000       ms
[2026-04-03T06:36:00.263+0600][12.174s][info][gc,stats    ]       Young Phase: Concurrent Mark Free                          0.000 / 0.000         0.079 / 0.157         0.079 / 0.157         0.079 / 0.157       ms
[2026-04-03T06:36:00.263+0600][12.174s][info][gc,stats    ]       Young Phase: Concurrent Relocate                           0.000 / 0.000         2.499 / 4.923         2.499 / 4.923         2.499 / 4.923       ms
[2026-04-03T06:36:00.263+0600][12.174s][info][gc,stats    ]       Young Phase: Concurrent Reset Relocation Set               0.000 / 0.000         0.002 / 0.003         0.002 / 0.003         0.002 / 0.003       ms
[2026-04-03T06:36:00.263+0600][12.174s][info][gc,stats    ]       Young Phase: Concurrent Select Relocation Set              0.000 / 0.000         4.819 / 8.171         4.819 / 8.171         4.819 / 8.171       ms
[2026-04-03T06:36:00.263+0600][12.174s][info][gc,stats    ]    Young Subphase: Concurrent Mark Follow                        0.000 / 0.000         2.340 / 3.139         2.340 / 3.139         2.340 / 3.139       ms
[2026-04-03T06:36:00.263+0600][12.174s][info][gc,stats    ]    Young Subphase: Concurrent Mark Root Colored                  0.000 / 0.000         0.845 / 1.002         0.845 / 1.002         0.845 / 1.002       ms
[2026-04-03T06:36:00.263+0600][12.174s][info][gc,stats    ]    Young Subphase: Concurrent Mark Root Uncolored                0.000 / 0.000         0.385 / 0.435         0.385 / 0.435         0.385 / 0.435       ms
[2026-04-03T06:36:00.263+0600][12.174s][info][gc,stats    ]    Young Subphase: Concurrent Mark Roots                         0.000 / 0.000         1.363 / 1.581         1.363 / 1.581         1.363 / 1.581       ms
[2026-04-03T06:36:00.263+0600][12.174s][info][gc,stats    ]    Young Subphase: Concurrent Relocate Remset FP                 0.000 / 0.000         0.023 / 0.035         0.023 / 0.035         0.023 / 0.035       ms
[2026-04-03T06:36:00.263+0600][12.174s][info][gc,stats    ]    Young Subphase: Concurrent Roots ClassLoaderDataGraph         0.000 / 0.000         0.680 / 0.791         0.680 / 0.791         0.680 / 0.791       ms
[2026-04-03T06:36:00.263+0600][12.174s][info][gc,stats    ]    Young Subphase: Concurrent Roots CodeCache                    0.000 / 0.000         0.237 / 0.357         0.237 / 0.357         0.237 / 0.357       ms
[2026-04-03T06:36:00.263+0600][12.174s][info][gc,stats    ]    Young Subphase: Concurrent Roots JavaThreads                  0.000 / 0.000         0.075 / 0.288         0.075 / 0.288         0.075 / 0.288       ms
[2026-04-03T06:36:00.263+0600][12.174s][info][gc,stats    ]    Young Subphase: Concurrent Roots OopStorageSet                0.000 / 0.000         0.049 / 0.089         0.049 / 0.089         0.049 / 0.089       ms
[2026-04-03T06:36:00.263+0600][12.174s][info][gc,stats    ]    Young Subphase: Concurrent Weak Roots OopStorageSet           0.000 / 0.000         0.129 / 0.165         0.129 / 0.165         0.129 / 0.165       ms
[2026-04-03T06:36:00.263+0600][12.174s][info][gc,stats    ] =========================================================================================================================================================
[2026-04-03T06:36:00.263+0600][12.174s][info][gc,heap,exit] Heap
[2026-04-03T06:36:00.263+0600][12.174s][info][gc,heap,exit]  ZHeap           used 120M, capacity 246M, max capacity 3922M
[2026-04-03T06:36:00.263+0600][12.174s][info][gc,heap,exit]  Metaspace       used 5451K, committed 5632K, reserved 1114112K
[2026-04-03T06:36:00.263+0600][12.174s][info][gc,heap,exit]   class space    used 604K, committed 704K, reserved 1048576K
