[2026-04-03T01:10:56.719+0600][0.004s][info][gc,init] CardTable entry size: 512
[2026-04-03T01:10:56.719+0600][0.004s][info][gc     ] Using G1
[2026-04-03T01:10:56.722+0600][0.006s][info][gc,init] Version: 21.0.10+7-Ubuntu-124.04 (release)
[2026-04-03T01:10:56.722+0600][0.006s][info][gc,init] CPUs: 12 total, 12 available
[2026-04-03T01:10:56.722+0600][0.006s][info][gc,init] Memory: 15683M
[2026-04-03T01:10:56.722+0600][0.006s][info][gc,init] Large Page Support: Disabled
[2026-04-03T01:10:56.722+0600][0.006s][info][gc,init] NUMA Support: Disabled
[2026-04-03T01:10:56.722+0600][0.006s][info][gc,init] Compressed Oops: Enabled (Zero based)
[2026-04-03T01:10:56.722+0600][0.006s][info][gc,init] Heap Region Size: 2M
[2026-04-03T01:10:56.722+0600][0.006s][info][gc,init] Heap Min Capacity: 8M
[2026-04-03T01:10:56.722+0600][0.006s][info][gc,init] Heap Initial Capacity: 246M
[2026-04-03T01:10:56.722+0600][0.006s][info][gc,init] Heap Max Capacity: 3922M
[2026-04-03T01:10:56.722+0600][0.006s][info][gc,init] Pre-touch: Disabled
[2026-04-03T01:10:56.722+0600][0.006s][info][gc,init] Parallel Workers: 10
[2026-04-03T01:10:56.722+0600][0.006s][info][gc,init] Concurrent Workers: 3
[2026-04-03T01:10:56.722+0600][0.006s][info][gc,init] Concurrent Refinement Workers: 10
[2026-04-03T01:10:56.722+0600][0.006s][info][gc,init] Periodic GC: Disabled
[2026-04-03T01:10:56.734+0600][0.019s][info][gc,metaspace] CDS archive(s) mapped at: [0x00007490af000000-0x00007490afc9c000-0x00007490afc9c000), size 13221888, SharedBaseAddress: 0x00007490af000000, ArchiveRelocationMode: 1.
[2026-04-03T01:10:56.734+0600][0.019s][info][gc,metaspace] Compressed class space mapped at: 0x00007490b0000000-0x00007490f0000000, reserved size: 1073741824
[2026-04-03T01:10:56.734+0600][0.019s][info][gc,metaspace] Narrow klass base: 0x00007490af000000, Narrow klass shift: 0, Narrow klass range: 0x100000000
[2026-04-03T01:10:57.045+0600][0.330s][info][gc,start    ] GC(0) Pause Young (Normal) (G1 Evacuation Pause)
[2026-04-03T01:10:57.046+0600][0.330s][info][gc,task     ] GC(0) Using 5 workers of 10 for evacuation
[2026-04-03T01:10:57.048+0600][0.333s][info][gc,phases   ] GC(0)   Pre Evacuate Collection Set: 0.23ms
[2026-04-03T01:10:57.048+0600][0.333s][info][gc,phases   ] GC(0)   Merge Heap Roots: 0.19ms
[2026-04-03T01:10:57.048+0600][0.333s][info][gc,phases   ] GC(0)   Evacuate Collection Set: 1.59ms
[2026-04-03T01:10:57.048+0600][0.333s][info][gc,phases   ] GC(0)   Post Evacuate Collection Set: 0.56ms
[2026-04-03T01:10:57.048+0600][0.333s][info][gc,phases   ] GC(0)   Other: 0.82ms
[2026-04-03T01:10:57.049+0600][0.333s][info][gc,heap     ] GC(0) Eden regions: 11->0(26)
[2026-04-03T01:10:57.049+0600][0.333s][info][gc,heap     ] GC(0) Survivor regions: 0->1(2)
[2026-04-03T01:10:57.049+0600][0.333s][info][gc,heap     ] GC(0) Old regions: 1->1
[2026-04-03T01:10:57.049+0600][0.333s][info][gc,heap     ] GC(0) Humongous regions: 0->0
[2026-04-03T01:10:57.049+0600][0.333s][info][gc,metaspace] GC(0) Metaspace: 2535K(2752K)->2535K(2752K) NonClass: 2286K(2432K)->2286K(2432K) Class: 248K(320K)->248K(320K)
[2026-04-03T01:10:57.049+0600][0.333s][info][gc          ] GC(0) Pause Young (Normal) (G1 Evacuation Pause) 22M->2M(248M) 3.725ms
[2026-04-03T01:10:57.049+0600][0.333s][info][gc,cpu      ] GC(0) User=0.01s Sys=0.00s Real=0.00s
[2026-04-03T01:10:57.175+0600][0.460s][info][gc,start    ] GC(1) Pause Full (System.gc())
[2026-04-03T01:10:57.176+0600][0.460s][info][gc,task     ] GC(1) Using 5 workers of 10 for full compaction
[2026-04-03T01:10:57.176+0600][0.461s][info][gc,phases,start] GC(1) Phase 1: Mark live objects
[2026-04-03T01:10:57.179+0600][0.464s][info][gc,phases      ] GC(1) Phase 1: Mark live objects 3.445ms
[2026-04-03T01:10:57.179+0600][0.464s][info][gc,phases,start] GC(1) Phase 2: Prepare compaction
[2026-04-03T01:10:57.180+0600][0.465s][info][gc,phases      ] GC(1) Phase 2: Prepare compaction 1.044ms
[2026-04-03T01:10:57.180+0600][0.465s][info][gc,phases,start] GC(1) Phase 3: Adjust pointers
[2026-04-03T01:10:57.182+0600][0.467s][info][gc,phases      ] GC(1) Phase 3: Adjust pointers 2.005ms
[2026-04-03T01:10:57.183+0600][0.467s][info][gc,phases,start] GC(1) Phase 4: Compact heap
[2026-04-03T01:10:57.186+0600][0.471s][info][gc,phases      ] GC(1) Phase 4: Compact heap 3.774ms
[2026-04-03T01:10:57.186+0600][0.471s][info][gc,phases,start] GC(1) Phase 5: Reset Metadata
[2026-04-03T01:10:57.187+0600][0.471s][info][gc,phases      ] GC(1) Phase 5: Reset Metadata 0.424ms
[2026-04-03T01:10:57.190+0600][0.475s][info][gc,heap        ] GC(1) Eden regions: 15->0(8)
[2026-04-03T01:10:57.190+0600][0.475s][info][gc,heap        ] GC(1) Survivor regions: 1->0(2)
[2026-04-03T01:10:57.190+0600][0.475s][info][gc,heap        ] GC(1) Old regions: 1->5
[2026-04-03T01:10:57.190+0600][0.475s][info][gc,heap        ] GC(1) Humongous regions: 0->0
[2026-04-03T01:10:57.190+0600][0.475s][info][gc,metaspace   ] GC(1) Metaspace: 2931K(3136K)->2931K(3136K) NonClass: 2657K(2752K)->2657K(2752K) Class: 273K(384K)->273K(384K)
[2026-04-03T01:10:57.190+0600][0.475s][info][gc             ] GC(1) Pause Full (System.gc()) 31M->3M(34M) 14.590ms
[2026-04-03T01:10:57.190+0600][0.475s][info][gc,cpu         ] GC(1) User=0.02s Sys=0.02s Real=0.02s
[2026-04-03T01:10:57.578+0600][0.863s][info][gc,start       ] GC(2) Pause Young (Normal) (G1 Evacuation Pause)
[2026-04-03T01:10:57.578+0600][0.863s][info][gc,task        ] GC(2) Using 3 workers of 10 for evacuation
[2026-04-03T01:10:57.581+0600][0.866s][info][gc,phases      ] GC(2)   Pre Evacuate Collection Set: 0.16ms
[2026-04-03T01:10:57.581+0600][0.866s][info][gc,phases      ] GC(2)   Merge Heap Roots: 0.06ms
[2026-04-03T01:10:57.581+0600][0.866s][info][gc,phases      ] GC(2)   Evacuate Collection Set: 2.28ms
[2026-04-03T01:10:57.581+0600][0.866s][info][gc,phases      ] GC(2)   Post Evacuate Collection Set: 0.39ms
[2026-04-03T01:10:57.581+0600][0.866s][info][gc,phases      ] GC(2)   Other: 0.08ms
[2026-04-03T01:10:57.581+0600][0.866s][info][gc,heap        ] GC(2) Eden regions: 8->0(8)
[2026-04-03T01:10:57.581+0600][0.866s][info][gc,heap        ] GC(2) Survivor regions: 0->1(1)
[2026-04-03T01:10:57.581+0600][0.866s][info][gc,heap        ] GC(2) Old regions: 5->5
[2026-04-03T01:10:57.581+0600][0.866s][info][gc,heap        ] GC(2) Humongous regions: 0->0
[2026-04-03T01:10:57.581+0600][0.866s][info][gc,metaspace   ] GC(2) Metaspace: 6538K(6784K)->6538K(6784K) NonClass: 5828K(5952K)->5828K(5952K) Class: 710K(832K)->710K(832K)
[2026-04-03T01:10:57.581+0600][0.866s][info][gc             ] GC(2) Pause Young (Normal) (G1 Evacuation Pause) 19M->4M(34M) 3.189ms
[2026-04-03T01:10:57.581+0600][0.866s][info][gc,cpu         ] GC(2) User=0.01s Sys=0.00s Real=0.01s
[2026-04-03T01:10:57.692+0600][0.976s][info][gc,start       ] GC(3) Pause Young (Normal) (G1 Evacuation Pause)
[2026-04-03T01:10:57.692+0600][0.976s][info][gc,task        ] GC(3) Using 2 workers of 10 for evacuation
[2026-04-03T01:10:57.696+0600][0.981s][info][gc,phases      ] GC(3)   Pre Evacuate Collection Set: 0.36ms
[2026-04-03T01:10:57.696+0600][0.981s][info][gc,phases      ] GC(3)   Merge Heap Roots: 0.18ms
[2026-04-03T01:10:57.696+0600][0.981s][info][gc,phases      ] GC(3)   Evacuate Collection Set: 3.04ms
[2026-04-03T01:10:57.696+0600][0.981s][info][gc,phases      ] GC(3)   Post Evacuate Collection Set: 0.76ms
[2026-04-03T01:10:57.696+0600][0.981s][info][gc,phases      ] GC(3)   Other: 0.07ms
[2026-04-03T01:10:57.696+0600][0.981s][info][gc,heap        ] GC(3) Eden regions: 8->0(8)
[2026-04-03T01:10:57.696+0600][0.981s][info][gc,heap        ] GC(3) Survivor regions: 1->1(2)
[2026-04-03T01:10:57.696+0600][0.981s][info][gc,heap        ] GC(3) Old regions: 5->5
[2026-04-03T01:10:57.696+0600][0.981s][info][gc,heap        ] GC(3) Humongous regions: 0->0
[2026-04-03T01:10:57.696+0600][0.981s][info][gc,metaspace   ] GC(3) Metaspace: 6708K(6848K)->6708K(6848K) NonClass: 5971K(6016K)->5971K(6016K) Class: 736K(832K)->736K(832K)
[2026-04-03T01:10:57.696+0600][0.981s][info][gc             ] GC(3) Pause Young (Normal) (G1 Evacuation Pause) 20M->4M(34M) 4.644ms
[2026-04-03T01:10:57.696+0600][0.981s][info][gc,cpu         ] GC(3) User=0.01s Sys=0.00s Real=0.00s
[2026-04-03T01:10:57.777+0600][1.062s][info][gc,start       ] GC(4) Pause Young (Normal) (G1 Evacuation Pause)
[2026-04-03T01:10:57.777+0600][1.062s][info][gc,task        ] GC(4) Using 2 workers of 10 for evacuation
[2026-04-03T01:10:57.781+0600][1.066s][info][gc,phases      ] GC(4)   Pre Evacuate Collection Set: 0.42ms
[2026-04-03T01:10:57.781+0600][1.066s][info][gc,phases      ] GC(4)   Merge Heap Roots: 0.20ms
[2026-04-03T01:10:57.781+0600][1.066s][info][gc,phases      ] GC(4)   Evacuate Collection Set: 2.40ms
[2026-04-03T01:10:57.781+0600][1.066s][info][gc,phases      ] GC(4)   Post Evacuate Collection Set: 0.77ms
[2026-04-03T01:10:57.781+0600][1.066s][info][gc,phases      ] GC(4)   Other: 0.10ms
[2026-04-03T01:10:57.781+0600][1.066s][info][gc,heap        ] GC(4) Eden regions: 8->0(8)
[2026-04-03T01:10:57.781+0600][1.066s][info][gc,heap        ] GC(4) Survivor regions: 1->2(2)
[2026-04-03T01:10:57.781+0600][1.066s][info][gc,heap        ] GC(4) Old regions: 5->5
[2026-04-03T01:10:57.781+0600][1.066s][info][gc,heap        ] GC(4) Humongous regions: 0->0
[2026-04-03T01:10:57.782+0600][1.066s][info][gc,metaspace   ] GC(4) Metaspace: 6746K(6912K)->6746K(6912K) NonClass: 6006K(6080K)->6006K(6080K) Class: 739K(832K)->739K(832K)
[2026-04-03T01:10:57.782+0600][1.066s][info][gc             ] GC(4) Pause Young (Normal) (G1 Evacuation Pause) 20M->5M(34M) 4.135ms
[2026-04-03T01:10:57.782+0600][1.066s][info][gc,cpu         ] GC(4) User=0.01s Sys=0.00s Real=0.01s
[2026-04-03T01:10:57.902+0600][1.187s][info][gc,start       ] GC(5) Pause Young (Normal) (G1 Evacuation Pause)
[2026-04-03T01:10:57.902+0600][1.187s][info][gc,task        ] GC(5) Using 2 workers of 10 for evacuation
[2026-04-03T01:10:57.905+0600][1.190s][info][gc,phases      ] GC(5)   Pre Evacuate Collection Set: 0.30ms
[2026-04-03T01:10:57.906+0600][1.190s][info][gc,phases      ] GC(5)   Merge Heap Roots: 0.07ms
[2026-04-03T01:10:57.906+0600][1.190s][info][gc,phases      ] GC(5)   Evacuate Collection Set: 2.03ms
[2026-04-03T01:10:57.906+0600][1.190s][info][gc,phases      ] GC(5)   Post Evacuate Collection Set: 0.73ms
[2026-04-03T01:10:57.906+0600][1.190s][info][gc,phases      ] GC(5)   Other: 0.06ms
[2026-04-03T01:10:57.906+0600][1.190s][info][gc,heap        ] GC(5) Eden regions: 8->0(9)
[2026-04-03T01:10:57.906+0600][1.190s][info][gc,heap        ] GC(5) Survivor regions: 2->1(2)
[2026-04-03T01:10:57.906+0600][1.190s][info][gc,heap        ] GC(5) Old regions: 5->5
[2026-04-03T01:10:57.906+0600][1.190s][info][gc,heap        ] GC(5) Humongous regions: 0->0
[2026-04-03T01:10:57.906+0600][1.190s][info][gc,metaspace   ] GC(5) Metaspace: 6855K(7104K)->6855K(7104K) NonClass: 6092K(6208K)->6092K(6208K) Class: 762K(896K)->762K(896K)
[2026-04-03T01:10:57.906+0600][1.190s][info][gc             ] GC(5) Pause Young (Normal) (G1 Evacuation Pause) 21M->4M(34M) 3.381ms
[2026-04-03T01:10:57.906+0600][1.190s][info][gc,cpu         ] GC(5) User=0.01s Sys=0.00s Real=0.00s
[2026-04-03T01:10:57.984+0600][1.268s][info][gc,start       ] GC(6) Pause Young (Normal) (G1 Evacuation Pause)
[2026-04-03T01:10:57.984+0600][1.268s][info][gc,task        ] GC(6) Using 2 workers of 10 for evacuation
[2026-04-03T01:10:57.988+0600][1.273s][info][gc,phases      ] GC(6)   Pre Evacuate Collection Set: 0.20ms
[2026-04-03T01:10:57.988+0600][1.273s][info][gc,phases      ] GC(6)   Merge Heap Roots: 0.06ms
[2026-04-03T01:10:57.988+0600][1.273s][info][gc,phases      ] GC(6)   Evacuate Collection Set: 3.09ms
[2026-04-03T01:10:57.988+0600][1.273s][info][gc,phases      ] GC(6)   Post Evacuate Collection Set: 0.77ms
[2026-04-03T01:10:57.988+0600][1.273s][info][gc,phases      ] GC(6)   Other: 0.08ms
[2026-04-03T01:10:57.988+0600][1.273s][info][gc,heap        ] GC(6) Eden regions: 9->0(40)
[2026-04-03T01:10:57.988+0600][1.273s][info][gc,heap        ] GC(6) Survivor regions: 1->2(2)
[2026-04-03T01:10:57.988+0600][1.273s][info][gc,heap        ] GC(6) Old regions: 5->5
[2026-04-03T01:10:57.988+0600][1.273s][info][gc,heap        ] GC(6) Humongous regions: 0->0
[2026-04-03T01:10:57.988+0600][1.273s][info][gc,metaspace   ] GC(6) Metaspace: 6893K(7104K)->6893K(7104K) NonClass: 6124K(6208K)->6124K(6208K) Class: 769K(896K)->769K(896K)
[2026-04-03T01:10:57.988+0600][1.273s][info][gc             ] GC(6) Pause Young (Normal) (G1 Evacuation Pause) 22M->5M(140M) 4.518ms
[2026-04-03T01:10:57.988+0600][1.273s][info][gc,cpu         ] GC(6) User=0.02s Sys=0.00s Real=0.00s
[2026-04-03T01:10:58.499+0600][1.783s][info][gc,start       ] GC(7) Pause Young (Normal) (G1 Evacuation Pause)
[2026-04-03T01:10:58.499+0600][1.783s][info][gc,task        ] GC(7) Using 3 workers of 10 for evacuation
[2026-04-03T01:10:58.502+0600][1.787s][info][gc,phases      ] GC(7)   Pre Evacuate Collection Set: 0.36ms
[2026-04-03T01:10:58.502+0600][1.787s][info][gc,phases      ] GC(7)   Merge Heap Roots: 0.20ms
[2026-04-03T01:10:58.502+0600][1.787s][info][gc,phases      ] GC(7)   Evacuate Collection Set: 2.00ms
[2026-04-03T01:10:58.502+0600][1.787s][info][gc,phases      ] GC(7)   Post Evacuate Collection Set: 0.73ms
[2026-04-03T01:10:58.502+0600][1.787s][info][gc,phases      ] GC(7)   Other: 0.09ms
[2026-04-03T01:10:58.502+0600][1.787s][info][gc,heap        ] GC(7) Eden regions: 40->0(41)
[2026-04-03T01:10:58.502+0600][1.787s][info][gc,heap        ] GC(7) Survivor regions: 2->1(6)
[2026-04-03T01:10:58.502+0600][1.787s][info][gc,heap        ] GC(7) Old regions: 5->5
[2026-04-03T01:10:58.502+0600][1.787s][info][gc,heap        ] GC(7) Humongous regions: 0->0
[2026-04-03T01:10:58.502+0600][1.787s][info][gc,metaspace   ] GC(7) Metaspace: 7701K(7872K)->7701K(7872K) NonClass: 6699K(6784K)->6699K(6784K) Class: 1002K(1088K)->1002K(1088K)
[2026-04-03T01:10:58.502+0600][1.787s][info][gc             ] GC(7) Pause Young (Normal) (G1 Evacuation Pause) 85M->5M(140M) 3.584ms
[2026-04-03T01:10:58.502+0600][1.787s][info][gc,cpu         ] GC(7) User=0.01s Sys=0.00s Real=0.01s
[2026-04-03T01:10:58.849+0600][2.134s][info][gc,start       ] GC(8) Pause Young (Normal) (G1 Evacuation Pause)
[2026-04-03T01:10:58.850+0600][2.134s][info][gc,task        ] GC(8) Using 3 workers of 10 for evacuation
[2026-04-03T01:10:58.853+0600][2.138s][info][gc,phases      ] GC(8)   Pre Evacuate Collection Set: 0.40ms
[2026-04-03T01:10:58.853+0600][2.138s][info][gc,phases      ] GC(8)   Merge Heap Roots: 0.17ms
[2026-04-03T01:10:58.853+0600][2.138s][info][gc,phases      ] GC(8)   Evacuate Collection Set: 2.25ms
[2026-04-03T01:10:58.853+0600][2.138s][info][gc,phases      ] GC(8)   Post Evacuate Collection Set: 0.77ms
[2026-04-03T01:10:58.853+0600][2.138s][info][gc,phases      ] GC(8)   Other: 0.07ms
[2026-04-03T01:10:58.853+0600][2.138s][info][gc,heap        ] GC(8) Eden regions: 41->0(40)
[2026-04-03T01:10:58.853+0600][2.138s][info][gc,heap        ] GC(8) Survivor regions: 1->2(6)
[2026-04-03T01:10:58.853+0600][2.138s][info][gc,heap        ] GC(8) Old regions: 5->5
[2026-04-03T01:10:58.853+0600][2.138s][info][gc,heap        ] GC(8) Humongous regions: 0->0
[2026-04-03T01:10:58.853+0600][2.138s][info][gc,metaspace   ] GC(8) Metaspace: 8001K(8192K)->8001K(8192K) NonClass: 6931K(7040K)->6931K(7040K) Class: 1070K(1152K)->1070K(1152K)
[2026-04-03T01:10:58.853+0600][2.138s][info][gc             ] GC(8) Pause Young (Normal) (G1 Evacuation Pause) 87M->5M(140M) 3.845ms
[2026-04-03T01:10:58.853+0600][2.138s][info][gc,cpu         ] GC(8) User=0.01s Sys=0.00s Real=0.01s
[2026-04-03T01:10:59.156+0600][2.441s][info][gc,start       ] GC(9) Pause Young (Normal) (G1 Evacuation Pause)
[2026-04-03T01:10:59.156+0600][2.441s][info][gc,task        ] GC(9) Using 3 workers of 10 for evacuation
[2026-04-03T01:10:59.158+0600][2.443s][info][gc,phases      ] GC(9)   Pre Evacuate Collection Set: 0.35ms
[2026-04-03T01:10:59.159+0600][2.443s][info][gc,phases      ] GC(9)   Merge Heap Roots: 0.14ms
[2026-04-03T01:10:59.159+0600][2.443s][info][gc,phases      ] GC(9)   Evacuate Collection Set: 1.43ms
[2026-04-03T01:10:59.159+0600][2.443s][info][gc,phases      ] GC(9)   Post Evacuate Collection Set: 0.56ms
[2026-04-03T01:10:59.159+0600][2.443s][info][gc,phases      ] GC(9)   Other: 0.06ms
[2026-04-03T01:10:59.159+0600][2.443s][info][gc,heap        ] GC(9) Eden regions: 40->0(41)
[2026-04-03T01:10:59.159+0600][2.443s][info][gc,heap        ] GC(9) Survivor regions: 2->1(6)
[2026-04-03T01:10:59.159+0600][2.443s][info][gc,heap        ] GC(9) Old regions: 5->5
[2026-04-03T01:10:59.159+0600][2.443s][info][gc,heap        ] GC(9) Humongous regions: 0->0
[2026-04-03T01:10:59.159+0600][2.443s][info][gc,metaspace   ] GC(9) Metaspace: 8236K(8448K)->8236K(8448K) NonClass: 7087K(7168K)->7087K(7168K) Class: 1148K(1280K)->1148K(1280K)
[2026-04-03T01:10:59.159+0600][2.443s][info][gc             ] GC(9) Pause Young (Normal) (G1 Evacuation Pause) 85M->5M(140M) 2.730ms
[2026-04-03T01:10:59.159+0600][2.443s][info][gc,cpu         ] GC(9) User=0.01s Sys=0.00s Real=0.00s
[2026-04-03T01:10:59.561+0600][2.846s][info][gc,start       ] GC(10) Pause Young (Normal) (G1 Evacuation Pause)
[2026-04-03T01:10:59.562+0600][2.847s][info][gc,task        ] GC(10) Using 10 workers of 10 for evacuation
[2026-04-03T01:10:59.570+0600][2.855s][info][gc,phases      ] GC(10)   Pre Evacuate Collection Set: 0.18ms
[2026-04-03T01:10:59.570+0600][2.855s][info][gc,phases      ] GC(10)   Merge Heap Roots: 0.06ms
[2026-04-03T01:10:59.570+0600][2.855s][info][gc,phases      ] GC(10)   Evacuate Collection Set: 6.71ms
[2026-04-03T01:10:59.570+0600][2.855s][info][gc,phases      ] GC(10)   Post Evacuate Collection Set: 0.82ms
[2026-04-03T01:10:59.570+0600][2.855s][info][gc,phases      ] GC(10)   Other: 1.20ms
[2026-04-03T01:10:59.570+0600][2.855s][info][gc,heap        ] GC(10) Eden regions: 41->0(36)
[2026-04-03T01:10:59.570+0600][2.855s][info][gc,heap        ] GC(10) Survivor regions: 1->6(6)
[2026-04-03T01:10:59.570+0600][2.855s][info][gc,heap        ] GC(10) Old regions: 5->6
[2026-04-03T01:10:59.570+0600][2.855s][info][gc,heap        ] GC(10) Humongous regions: 0->0
[2026-04-03T01:10:59.570+0600][2.855s][info][gc,metaspace   ] GC(10) Metaspace: 10754K(10944K)->10754K(10944K) NonClass: 9252K(9344K)->9252K(9344K) Class: 1501K(1600K)->1501K(1600K)
[2026-04-03T01:10:59.570+0600][2.855s][info][gc             ] GC(10) Pause Young (Normal) (G1 Evacuation Pause) 87M->16M(140M) 9.321ms
[2026-04-03T01:10:59.570+0600][2.855s][info][gc,cpu         ] GC(10) User=0.06s Sys=0.01s Real=0.01s
[2026-04-03T01:11:00.348+0600][3.633s][info][gc,start       ] GC(11) Pause Young (Normal) (G1 Evacuation Pause)
[2026-04-03T01:11:00.348+0600][3.633s][info][gc,task        ] GC(11) Using 10 workers of 10 for evacuation
[2026-04-03T01:11:00.360+0600][3.645s][info][gc,phases      ] GC(11)   Pre Evacuate Collection Set: 0.19ms
[2026-04-03T01:11:00.360+0600][3.645s][info][gc,phases      ] GC(11)   Merge Heap Roots: 0.10ms
[2026-04-03T01:11:00.360+0600][3.645s][info][gc,phases      ] GC(11)   Evacuate Collection Set: 10.88ms
[2026-04-03T01:11:00.360+0600][3.645s][info][gc,phases      ] GC(11)   Post Evacuate Collection Set: 0.73ms
[2026-04-03T01:11:00.360+0600][3.645s][info][gc,phases      ] GC(11)   Other: 0.11ms
[2026-04-03T01:11:00.360+0600][3.645s][info][gc,heap        ] GC(11) Eden regions: 36->0(36)
[2026-04-03T01:11:00.360+0600][3.645s][info][gc,heap        ] GC(11) Survivor regions: 6->6(6)
[2026-04-03T01:11:00.360+0600][3.645s][info][gc,heap        ] GC(11) Old regions: 6->12
[2026-04-03T01:11:00.360+0600][3.645s][info][gc,heap        ] GC(11) Humongous regions: 0->0
[2026-04-03T01:11:00.360+0600][3.645s][info][gc,metaspace   ] GC(11) Metaspace: 15720K(15936K)->15720K(15936K) NonClass: 13675K(13760K)->13675K(13760K) Class: 2045K(2176K)->2045K(2176K)
[2026-04-03T01:11:00.361+0600][3.645s][info][gc             ] GC(11) Pause Young (Normal) (G1 Evacuation Pause) 88M->28M(140M) 12.360ms
[2026-04-03T01:11:00.361+0600][3.645s][info][gc,cpu         ] GC(11) User=0.10s Sys=0.01s Real=0.02s
[2026-04-03T01:11:00.759+0600][4.044s][info][gc,start       ] GC(12) Pause Young (Normal) (G1 Evacuation Pause)
[2026-04-03T01:11:00.759+0600][4.044s][info][gc,task        ] GC(12) Using 10 workers of 10 for evacuation
[2026-04-03T01:11:00.776+0600][4.060s][info][gc,phases      ] GC(12)   Pre Evacuate Collection Set: 0.27ms
[2026-04-03T01:11:00.776+0600][4.060s][info][gc,phases      ] GC(12)   Merge Heap Roots: 0.19ms
[2026-04-03T01:11:00.776+0600][4.060s][info][gc,phases      ] GC(12)   Evacuate Collection Set: 14.97ms
[2026-04-03T01:11:00.776+0600][4.060s][info][gc,phases      ] GC(12)   Post Evacuate Collection Set: 0.91ms
[2026-04-03T01:11:00.776+0600][4.060s][info][gc,phases      ] GC(12)   Other: 0.11ms
[2026-04-03T01:11:00.776+0600][4.060s][info][gc,heap        ] GC(12) Eden regions: 36->0(43)
[2026-04-03T01:11:00.776+0600][4.060s][info][gc,heap        ] GC(12) Survivor regions: 6->6(6)
[2026-04-03T01:11:00.776+0600][4.060s][info][gc,heap        ] GC(12) Old regions: 12->18
[2026-04-03T01:11:00.776+0600][4.060s][info][gc,heap        ] GC(12) Humongous regions: 0->0
[2026-04-03T01:11:00.776+0600][4.060s][info][gc,metaspace   ] GC(12) Metaspace: 16905K(17088K)->16905K(17088K) NonClass: 14713K(14784K)->14713K(14784K) Class: 2191K(2304K)->2191K(2304K)
[2026-04-03T01:11:00.776+0600][4.060s][info][gc             ] GC(12) Pause Young (Normal) (G1 Evacuation Pause) 100M->41M(168M) 16.806ms
[2026-04-03T01:11:00.776+0600][4.061s][info][gc,cpu         ] GC(12) User=0.17s Sys=0.01s Real=0.02s
[2026-04-03T01:11:01.001+0600][4.286s][info][gc,start       ] GC(13) Pause Young (Normal) (G1 Evacuation Pause)
[2026-04-03T01:11:01.001+0600][4.286s][info][gc,task        ] GC(13) Using 10 workers of 10 for evacuation
[2026-04-03T01:11:01.015+0600][4.300s][info][gc,phases      ] GC(13)   Pre Evacuate Collection Set: 0.32ms
[2026-04-03T01:11:01.015+0600][4.300s][info][gc,phases      ] GC(13)   Merge Heap Roots: 0.13ms
[2026-04-03T01:11:01.015+0600][4.300s][info][gc,phases      ] GC(13)   Evacuate Collection Set: 13.28ms
[2026-04-03T01:11:01.015+0600][4.300s][info][gc,phases      ] GC(13)   Post Evacuate Collection Set: 0.53ms
[2026-04-03T01:11:01.016+0600][4.300s][info][gc,phases      ] GC(13)   Other: 0.11ms
[2026-04-03T01:11:01.016+0600][4.300s][info][gc,heap        ] GC(13) Eden regions: 43->0(36)
[2026-04-03T01:11:01.016+0600][4.300s][info][gc,heap        ] GC(13) Survivor regions: 6->7(7)
[2026-04-03T01:11:01.016+0600][4.300s][info][gc,heap        ] GC(13) Old regions: 18->25
[2026-04-03T01:11:01.016+0600][4.300s][info][gc,heap        ] GC(13) Humongous regions: 0->0
[2026-04-03T01:11:01.016+0600][4.300s][info][gc,metaspace   ] GC(13) Metaspace: 17036K(17280K)->17036K(17280K) NonClass: 14833K(14976K)->14833K(14976K) Class: 2203K(2304K)->2203K(2304K)
[2026-04-03T01:11:01.016+0600][4.300s][info][gc             ] GC(13) Pause Young (Normal) (G1 Evacuation Pause) 127M->56M(168M) 14.649ms
[2026-04-03T01:11:01.016+0600][4.300s][info][gc,cpu         ] GC(13) User=0.11s Sys=0.03s Real=0.01s
[2026-04-03T01:11:01.229+0600][4.513s][info][gc,start       ] GC(14) Pause Young (Normal) (G1 Evacuation Pause)
[2026-04-03T01:11:01.229+0600][4.513s][info][gc,task        ] GC(14) Using 10 workers of 10 for evacuation
[2026-04-03T01:11:01.239+0600][4.523s][info][gc,phases      ] GC(14)   Pre Evacuate Collection Set: 0.28ms
[2026-04-03T01:11:01.239+0600][4.523s][info][gc,phases      ] GC(14)   Merge Heap Roots: 0.29ms
[2026-04-03T01:11:01.239+0600][4.523s][info][gc,phases      ] GC(14)   Evacuate Collection Set: 8.70ms
[2026-04-03T01:11:01.239+0600][4.523s][info][gc,phases      ] GC(14)   Post Evacuate Collection Set: 0.44ms
[2026-04-03T01:11:01.239+0600][4.523s][info][gc,phases      ] GC(14)   Other: 0.15ms
[2026-04-03T01:11:01.239+0600][4.523s][info][gc,heap        ] GC(14) Eden regions: 36->0(34)
[2026-04-03T01:11:01.239+0600][4.523s][info][gc,heap        ] GC(14) Survivor regions: 7->4(6)
[2026-04-03T01:11:01.239+0600][4.523s][info][gc,heap        ] GC(14) Old regions: 25->33
[2026-04-03T01:11:01.239+0600][4.523s][info][gc,heap        ] GC(14) Humongous regions: 0->0
[2026-04-03T01:11:01.239+0600][4.523s][info][gc,metaspace   ] GC(14) Metaspace: 17147K(17408K)->17147K(17408K) NonClass: 14935K(15040K)->14935K(15040K) Class: 2212K(2368K)->2212K(2368K)
[2026-04-03T01:11:01.239+0600][4.523s][info][gc             ] GC(14) Pause Young (Normal) (G1 Evacuation Pause) 128M->64M(168M) 10.160ms
[2026-04-03T01:11:01.239+0600][4.523s][info][gc,cpu         ] GC(14) User=0.10s Sys=0.00s Real=0.01s
[2026-04-03T01:11:01.414+0600][4.699s][info][gc,start       ] GC(15) Pause Young (Normal) (G1 Evacuation Pause)
[2026-04-03T01:11:01.414+0600][4.699s][info][gc,task        ] GC(15) Using 10 workers of 10 for evacuation
[2026-04-03T01:11:01.422+0600][4.707s][info][gc,phases      ] GC(15)   Pre Evacuate Collection Set: 0.24ms
[2026-04-03T01:11:01.422+0600][4.707s][info][gc,phases      ] GC(15)   Merge Heap Roots: 0.16ms
[2026-04-03T01:11:01.422+0600][4.707s][info][gc,phases      ] GC(15)   Evacuate Collection Set: 6.90ms
[2026-04-03T01:11:01.422+0600][4.707s][info][gc,phases      ] GC(15)   Post Evacuate Collection Set: 0.45ms
[2026-04-03T01:11:01.422+0600][4.707s][info][gc,phases      ] GC(15)   Other: 0.11ms
[2026-04-03T01:11:01.422+0600][4.707s][info][gc,heap        ] GC(15) Eden regions: 34->0(31)
[2026-04-03T01:11:01.422+0600][4.707s][info][gc,heap        ] GC(15) Survivor regions: 4->5(5)
[2026-04-03T01:11:01.422+0600][4.707s][info][gc,heap        ] GC(15) Old regions: 33->36
[2026-04-03T01:11:01.422+0600][4.707s][info][gc,heap        ] GC(15) Humongous regions: 0->0
[2026-04-03T01:11:01.422+0600][4.707s][info][gc,metaspace   ] GC(15) Metaspace: 17284K(17536K)->17284K(17536K) NonClass: 15067K(15168K)->15067K(15168K) Class: 2216K(2368K)->2216K(2368K)
[2026-04-03T01:11:01.422+0600][4.707s][info][gc             ] GC(15) Pause Young (Normal) (G1 Evacuation Pause) 132M->72M(168M) 8.137ms
[2026-04-03T01:11:01.422+0600][4.707s][info][gc,cpu         ] GC(15) User=0.08s Sys=0.00s Real=0.01s
[2026-04-03T01:11:01.582+0600][4.867s][info][gc,start       ] GC(16) Pause Young (Normal) (G1 Evacuation Pause)
[2026-04-03T01:11:01.582+0600][4.867s][info][gc,task        ] GC(16) Using 10 workers of 10 for evacuation
[2026-04-03T01:11:01.590+0600][4.875s][info][gc,phases      ] GC(16)   Pre Evacuate Collection Set: 0.36ms
[2026-04-03T01:11:01.590+0600][4.875s][info][gc,phases      ] GC(16)   Merge Heap Roots: 0.18ms
[2026-04-03T01:11:01.590+0600][4.875s][info][gc,phases      ] GC(16)   Evacuate Collection Set: 6.32ms
[2026-04-03T01:11:01.590+0600][4.875s][info][gc,phases      ] GC(16)   Post Evacuate Collection Set: 0.73ms
[2026-04-03T01:11:01.590+0600][4.875s][info][gc,phases      ] GC(16)   Other: 0.11ms
[2026-04-03T01:11:01.590+0600][4.875s][info][gc,heap        ] GC(16) Eden regions: 31->0(59)
[2026-04-03T01:11:01.590+0600][4.875s][info][gc,heap        ] GC(16) Survivor regions: 5->4(5)
[2026-04-03T01:11:01.590+0600][4.875s][info][gc,heap        ] GC(16) Old regions: 36->40
[2026-04-03T01:11:01.590+0600][4.875s][info][gc,heap        ] GC(16) Humongous regions: 0->0
[2026-04-03T01:11:01.590+0600][4.875s][info][gc,metaspace   ] GC(16) Metaspace: 17439K(17728K)->17439K(17728K) NonClass: 15210K(15360K)->15210K(15360K) Class: 2228K(2368K)->2228K(2368K)
[2026-04-03T01:11:01.590+0600][4.875s][info][gc             ] GC(16) Pause Young (Normal) (G1 Evacuation Pause) 134M->79M(248M) 7.970ms
[2026-04-03T01:11:01.590+0600][4.875s][info][gc,cpu         ] GC(16) User=0.07s Sys=0.01s Real=0.01s
[2026-04-03T01:11:01.905+0600][5.190s][info][gc,start       ] GC(17) Pause Young (Normal) (G1 Evacuation Pause)
[2026-04-03T01:11:01.905+0600][5.190s][info][gc,task        ] GC(17) Using 10 workers of 10 for evacuation
[2026-04-03T01:11:01.915+0600][5.199s][info][gc,phases      ] GC(17)   Pre Evacuate Collection Set: 0.31ms
[2026-04-03T01:11:01.915+0600][5.200s][info][gc,phases      ] GC(17)   Merge Heap Roots: 0.22ms
[2026-04-03T01:11:01.915+0600][5.200s][info][gc,phases      ] GC(17)   Evacuate Collection Set: 8.38ms
[2026-04-03T01:11:01.915+0600][5.200s][info][gc,phases      ] GC(17)   Post Evacuate Collection Set: 0.51ms
[2026-04-03T01:11:01.915+0600][5.200s][info][gc,phases      ] GC(17)   Other: 0.13ms
[2026-04-03T01:11:01.915+0600][5.200s][info][gc,heap        ] GC(17) Eden regions: 59->0(55)
[2026-04-03T01:11:01.915+0600][5.200s][info][gc,heap        ] GC(17) Survivor regions: 4->8(8)
[2026-04-03T01:11:01.915+0600][5.200s][info][gc,heap        ] GC(17) Old regions: 40->41
[2026-04-03T01:11:01.915+0600][5.200s][info][gc,heap        ] GC(17) Humongous regions: 0->0
[2026-04-03T01:11:01.915+0600][5.200s][info][gc,metaspace   ] GC(17) Metaspace: 17640K(17856K)->17640K(17856K) NonClass: 15397K(15488K)->15397K(15488K) Class: 2243K(2368K)->2243K(2368K)
[2026-04-03T01:11:01.915+0600][5.200s][info][gc             ] GC(17) Pause Young (Normal) (G1 Evacuation Pause) 197M->90M(248M) 9.878ms
[2026-04-03T01:11:01.915+0600][5.200s][info][gc,cpu         ] GC(17) User=0.09s Sys=0.01s Real=0.01s
[2026-04-03T01:11:02.206+0600][5.490s][info][gc,start       ] GC(18) Pause Young (Normal) (G1 Evacuation Pause)
[2026-04-03T01:11:02.206+0600][5.491s][info][gc,task        ] GC(18) Using 10 workers of 10 for evacuation
[2026-04-03T01:11:02.224+0600][5.509s][info][gc,phases      ] GC(18)   Pre Evacuate Collection Set: 0.38ms
[2026-04-03T01:11:02.224+0600][5.509s][info][gc,phases      ] GC(18)   Merge Heap Roots: 0.24ms
[2026-04-03T01:11:02.224+0600][5.509s][info][gc,phases      ] GC(18)   Evacuate Collection Set: 16.23ms
[2026-04-03T01:11:02.224+0600][5.509s][info][gc,phases      ] GC(18)   Post Evacuate Collection Set: 0.85ms
[2026-04-03T01:11:02.224+0600][5.509s][info][gc,phases      ] GC(18)   Other: 0.21ms
[2026-04-03T01:11:02.224+0600][5.509s][info][gc,heap        ] GC(18) Eden regions: 55->0(52)
[2026-04-03T01:11:02.224+0600][5.509s][info][gc,heap        ] GC(18) Survivor regions: 8->7(8)
[2026-04-03T01:11:02.224+0600][5.509s][info][gc,heap        ] GC(18) Old regions: 41->48
[2026-04-03T01:11:02.224+0600][5.509s][info][gc,heap        ] GC(18) Humongous regions: 0->0
[2026-04-03T01:11:02.224+0600][5.509s][info][gc,metaspace   ] GC(18) Metaspace: 17843K(18048K)->17843K(18048K) NonClass: 15574K(15680K)->15574K(15680K) Class: 2268K(2368K)->2268K(2368K)
[2026-04-03T01:11:02.224+0600][5.509s][info][gc             ] GC(18) Pause Young (Normal) (G1 Evacuation Pause) 200M->101M(248M) 18.239ms
[2026-04-03T01:11:02.224+0600][5.509s][info][gc,cpu         ] GC(18) User=0.17s Sys=0.00s Real=0.02s
[2026-04-03T01:11:02.563+0600][5.848s][info][gc,start       ] GC(19) Pause Young (Normal) (G1 Evacuation Pause)
[2026-04-03T01:11:02.563+0600][5.848s][info][gc,task        ] GC(19) Using 10 workers of 10 for evacuation
[2026-04-03T01:11:02.575+0600][5.860s][info][gc,phases      ] GC(19)   Pre Evacuate Collection Set: 0.21ms
[2026-04-03T01:11:02.575+0600][5.860s][info][gc,phases      ] GC(19)   Merge Heap Roots: 0.17ms
[2026-04-03T01:11:02.575+0600][5.860s][info][gc,phases      ] GC(19)   Evacuate Collection Set: 11.18ms
[2026-04-03T01:11:02.575+0600][5.860s][info][gc,phases      ] GC(19)   Post Evacuate Collection Set: 0.59ms
[2026-04-03T01:11:02.575+0600][5.860s][info][gc,phases      ] GC(19)   Other: 0.10ms
[2026-04-03T01:11:02.575+0600][5.860s][info][gc,heap        ] GC(19) Eden regions: 52->0(47)
[2026-04-03T01:11:02.575+0600][5.860s][info][gc,heap        ] GC(19) Survivor regions: 7->8(8)
[2026-04-03T01:11:02.575+0600][5.860s][info][gc,heap        ] GC(19) Old regions: 48->53
[2026-04-03T01:11:02.575+0600][5.860s][info][gc,heap        ] GC(19) Humongous regions: 0->0
[2026-04-03T01:11:02.575+0600][5.860s][info][gc,metaspace   ] GC(19) Metaspace: 18266K(18496K)->18266K(18496K) NonClass: 15967K(16064K)->15967K(16064K) Class: 2298K(2432K)->2298K(2432K)
[2026-04-03T01:11:02.575+0600][5.860s][info][gc             ] GC(19) Pause Young (Normal) (G1 Evacuation Pause) 205M->114M(248M) 12.530ms
[2026-04-03T01:11:02.575+0600][5.860s][info][gc,cpu         ] GC(19) User=0.12s Sys=0.00s Real=0.01s
[2026-04-03T01:11:02.784+0600][6.068s][info][gc,start       ] GC(20) Pause Young (Normal) (G1 Evacuation Pause)
[2026-04-03T01:11:02.784+0600][6.068s][info][gc,task        ] GC(20) Using 10 workers of 10 for evacuation
[2026-04-03T01:11:02.796+0600][6.080s][info][gc,phases      ] GC(20)   Pre Evacuate Collection Set: 0.23ms
[2026-04-03T01:11:02.796+0600][6.080s][info][gc,phases      ] GC(20)   Merge Heap Roots: 0.18ms
[2026-04-03T01:11:02.796+0600][6.080s][info][gc,phases      ] GC(20)   Evacuate Collection Set: 10.54ms
[2026-04-03T01:11:02.796+0600][6.081s][info][gc,phases      ] GC(20)   Post Evacuate Collection Set: 1.09ms
[2026-04-03T01:11:02.796+0600][6.081s][info][gc,phases      ] GC(20)   Other: 0.11ms
[2026-04-03T01:11:02.796+0600][6.081s][info][gc,heap        ] GC(20) Eden regions: 47->0(81)
[2026-04-03T01:11:02.796+0600][6.081s][info][gc,heap        ] GC(20) Survivor regions: 8->6(7)
[2026-04-03T01:11:02.796+0600][6.081s][info][gc,heap        ] GC(20) Old regions: 53->62
[2026-04-03T01:11:02.796+0600][6.081s][info][gc,heap        ] GC(20) Humongous regions: 0->0
[2026-04-03T01:11:02.796+0600][6.081s][info][gc,metaspace   ] GC(20) Metaspace: 19582K(19840K)->19582K(19840K) NonClass: 17142K(17280K)->17142K(17280K) Class: 2439K(2560K)->2439K(2560K)
[2026-04-03T01:11:02.796+0600][6.081s][info][gc             ] GC(20) Pause Young (Normal) (G1 Evacuation Pause) 208M->127M(352M) 12.435ms
[2026-04-03T01:11:02.796+0600][6.081s][info][gc,cpu         ] GC(20) User=0.11s Sys=0.00s Real=0.01s
[2026-04-03T01:11:03.177+0600][6.462s][info][gc,start       ] GC(21) Pause Young (Normal) (G1 Evacuation Pause)
[2026-04-03T01:11:03.177+0600][6.462s][info][gc,task        ] GC(21) Using 10 workers of 10 for evacuation
[2026-04-03T01:11:03.192+0600][6.476s][info][gc,phases      ] GC(21)   Pre Evacuate Collection Set: 0.59ms
[2026-04-03T01:11:03.192+0600][6.476s][info][gc,phases      ] GC(21)   Merge Heap Roots: 0.35ms
[2026-04-03T01:11:03.192+0600][6.476s][info][gc,phases      ] GC(21)   Evacuate Collection Set: 12.02ms
[2026-04-03T01:11:03.192+0600][6.476s][info][gc,phases      ] GC(21)   Post Evacuate Collection Set: 1.02ms
[2026-04-03T01:11:03.192+0600][6.476s][info][gc,phases      ] GC(21)   Other: 0.22ms
[2026-04-03T01:11:03.192+0600][6.476s][info][gc,heap        ] GC(21) Eden regions: 81->0(73)
[2026-04-03T01:11:03.192+0600][6.477s][info][gc,heap        ] GC(21) Survivor regions: 6->11(11)
[2026-04-03T01:11:03.192+0600][6.477s][info][gc,heap        ] GC(21) Old regions: 62->64
[2026-04-03T01:11:03.192+0600][6.477s][info][gc,heap        ] GC(21) Humongous regions: 0->0
[2026-04-03T01:11:03.192+0600][6.477s][info][gc,metaspace   ] GC(21) Metaspace: 20880K(21120K)->20880K(21120K) NonClass: 18249K(18368K)->18249K(18368K) Class: 2631K(2752K)->2631K(2752K)
[2026-04-03T01:11:03.192+0600][6.477s][info][gc             ] GC(21) Pause Young (Normal) (G1 Evacuation Pause) 289M->142M(352M) 14.891ms
[2026-04-03T01:11:03.192+0600][6.477s][info][gc,cpu         ] GC(21) User=0.14s Sys=0.00s Real=0.02s
[2026-04-03T01:11:03.314+0600][6.599s][info][gc,start       ] GC(22) Pause Young (Concurrent Start) (Metadata GC Threshold)
[2026-04-03T01:11:03.314+0600][6.599s][info][gc,task        ] GC(22) Using 10 workers of 10 for evacuation
[2026-04-03T01:11:03.330+0600][6.614s][info][gc,phases      ] GC(22)   Pre Evacuate Collection Set: 0.61ms
[2026-04-03T01:11:03.330+0600][6.615s][info][gc,phases      ] GC(22)   Merge Heap Roots: 0.32ms
[2026-04-03T01:11:03.330+0600][6.615s][info][gc,phases      ] GC(22)   Evacuate Collection Set: 13.69ms
[2026-04-03T01:11:03.330+0600][6.615s][info][gc,phases      ] GC(22)   Post Evacuate Collection Set: 0.72ms
[2026-04-03T01:11:03.330+0600][6.615s][info][gc,phases      ] GC(22)   Other: 0.27ms
[2026-04-03T01:11:03.330+0600][6.615s][info][gc,heap        ] GC(22) Eden regions: 34->0(70)
[2026-04-03T01:11:03.330+0600][6.615s][info][gc,heap        ] GC(22) Survivor regions: 11->6(11)
[2026-04-03T01:11:03.330+0600][6.615s][info][gc,heap        ] GC(22) Old regions: 64->72
[2026-04-03T01:11:03.330+0600][6.615s][info][gc,heap        ] GC(22) Humongous regions: 0->0
[2026-04-03T01:11:03.330+0600][6.615s][info][gc,metaspace   ] GC(22) Metaspace: 21273K(21504K)->21273K(21504K) NonClass: 18602K(18688K)->18602K(18688K) Class: 2670K(2816K)->2670K(2816K)
[2026-04-03T01:11:03.330+0600][6.615s][info][gc             ] GC(22) Pause Young (Concurrent Start) (Metadata GC Threshold) 208M->147M(352M) 16.251ms
[2026-04-03T01:11:03.330+0600][6.615s][info][gc,cpu         ] GC(22) User=0.15s Sys=0.00s Real=0.02s
[2026-04-03T01:11:03.330+0600][6.615s][info][gc             ] GC(23) Concurrent Mark Cycle
[2026-04-03T01:11:03.330+0600][6.615s][info][gc,marking     ] GC(23) Concurrent Scan Root Regions
[2026-04-03T01:11:03.362+0600][6.647s][info][gc,marking     ] GC(23) Concurrent Scan Root Regions 31.842ms
[2026-04-03T01:11:03.362+0600][6.647s][info][gc,marking     ] GC(23) Concurrent Mark
[2026-04-03T01:11:03.362+0600][6.647s][info][gc,marking     ] GC(23) Concurrent Mark From Roots
[2026-04-03T01:11:03.362+0600][6.647s][info][gc,task        ] GC(23) Using 3 workers of 3 for marking
[2026-04-03T01:11:03.446+0600][6.731s][info][gc,marking     ] GC(23) Concurrent Mark From Roots 83.629ms
[2026-04-03T01:11:03.446+0600][6.731s][info][gc,marking     ] GC(23) Concurrent Preclean
[2026-04-03T01:11:03.446+0600][6.731s][info][gc,marking     ] GC(23) Concurrent Preclean 0.069ms
[2026-04-03T01:11:03.446+0600][6.731s][info][gc,start       ] GC(23) Pause Remark
[2026-04-03T01:11:03.456+0600][6.740s][info][gc             ] GC(23) Pause Remark 192M->192M(352M) 9.169ms
[2026-04-03T01:11:03.456+0600][6.741s][info][gc,cpu         ] GC(23) User=0.08s Sys=0.01s Real=0.01s
[2026-04-03T01:11:03.456+0600][6.741s][info][gc,marking     ] GC(23) Concurrent Mark 94.243ms
[2026-04-03T01:11:03.456+0600][6.741s][info][gc,marking     ] GC(23) Concurrent Rebuild Remembered Sets and Scrub Regions
[2026-04-03T01:11:03.579+0600][6.863s][info][gc,marking     ] GC(23) Concurrent Rebuild Remembered Sets and Scrub Regions 122.008ms
[2026-04-03T01:11:03.579+0600][6.864s][info][gc,start       ] GC(23) Pause Cleanup
[2026-04-03T01:11:03.579+0600][6.864s][info][gc             ] GC(23) Pause Cleanup 244M->244M(352M) 0.317ms
[2026-04-03T01:11:03.579+0600][6.864s][info][gc,cpu         ] GC(23) User=0.01s Sys=0.00s Real=0.00s
[2026-04-03T01:11:03.580+0600][6.865s][info][gc,marking     ] GC(23) Concurrent Clear Claimed Marks
[2026-04-03T01:11:03.580+0600][6.865s][info][gc,marking     ] GC(23) Concurrent Clear Claimed Marks 0.101ms
[2026-04-03T01:11:03.580+0600][6.865s][info][gc,marking     ] GC(23) Concurrent Cleanup for Next Mark
[2026-04-03T01:11:03.583+0600][6.868s][info][gc,marking     ] GC(23) Concurrent Cleanup for Next Mark 3.325ms
[2026-04-03T01:11:03.583+0600][6.868s][info][gc             ] GC(23) Concurrent Mark Cycle 253.291ms
[2026-04-03T01:11:03.677+0600][6.961s][info][gc,start       ] GC(24) Pause Young (Prepare Mixed) (G1 Evacuation Pause)
[2026-04-03T01:11:03.677+0600][6.962s][info][gc,task        ] GC(24) Using 10 workers of 10 for evacuation
[2026-04-03T01:11:03.690+0600][6.974s][info][gc,phases      ] GC(24)   Pre Evacuate Collection Set: 0.40ms
[2026-04-03T01:11:03.690+0600][6.975s][info][gc,phases      ] GC(24)   Merge Heap Roots: 0.25ms
[2026-04-03T01:11:03.690+0600][6.975s][info][gc,phases      ] GC(24)   Evacuate Collection Set: 11.20ms
[2026-04-03T01:11:03.690+0600][6.975s][info][gc,phases      ] GC(24)   Post Evacuate Collection Set: 0.89ms
[2026-04-03T01:11:03.690+0600][6.975s][info][gc,phases      ] GC(24)   Other: 0.18ms
[2026-04-03T01:11:03.690+0600][6.975s][info][gc,heap        ] GC(24) Eden regions: 70->0(68)
[2026-04-03T01:11:03.690+0600][6.975s][info][gc,heap        ] GC(24) Survivor regions: 6->10(10)
[2026-04-03T01:11:03.690+0600][6.975s][info][gc,heap        ] GC(24) Old regions: 72->73
[2026-04-03T01:11:03.690+0600][6.975s][info][gc,heap        ] GC(24) Humongous regions: 0->0
[2026-04-03T01:11:03.690+0600][6.975s][info][gc,metaspace   ] GC(24) Metaspace: 21473K(21760K)->21473K(21760K) NonClass: 18790K(18880K)->18790K(18880K) Class: 2683K(2880K)->2683K(2880K)
[2026-04-03T01:11:03.690+0600][6.975s][info][gc             ] GC(24) Pause Young (Prepare Mixed) (G1 Evacuation Pause) 287M->159M(352M) 13.225ms
[2026-04-03T01:11:03.690+0600][6.975s][info][gc,cpu         ] GC(24) User=0.11s Sys=0.00s Real=0.02s
[2026-04-03T01:11:03.948+0600][7.233s][info][gc,start       ] GC(25) Pause Young (Mixed) (G1 Evacuation Pause)
[2026-04-03T01:11:03.948+0600][7.233s][info][gc,task        ] GC(25) Using 10 workers of 10 for evacuation
[2026-04-03T01:11:03.967+0600][7.252s][info][gc,phases      ] GC(25)   Pre Evacuate Collection Set: 0.36ms
[2026-04-03T01:11:03.967+0600][7.252s][info][gc,phases      ] GC(25)   Merge Heap Roots: 0.35ms
[2026-04-03T01:11:03.967+0600][7.252s][info][gc,phases      ] GC(25)   Evacuate Collection Set: 17.18ms
[2026-04-03T01:11:03.967+0600][7.252s][info][gc,phases      ] GC(25)   Post Evacuate Collection Set: 1.12ms
[2026-04-03T01:11:03.967+0600][7.252s][info][gc,phases      ] GC(25)   Other: 0.13ms
[2026-04-03T01:11:03.967+0600][7.252s][info][gc,heap        ] GC(25) Eden regions: 68->0(76)
[2026-04-03T01:11:03.967+0600][7.252s][info][gc,heap        ] GC(25) Survivor regions: 10->9(10)
[2026-04-03T01:11:03.967+0600][7.252s][info][gc,heap        ] GC(25) Old regions: 73->63
[2026-04-03T01:11:03.967+0600][7.252s][info][gc,heap        ] GC(25) Humongous regions: 0->0
[2026-04-03T01:11:03.967+0600][7.252s][info][gc,metaspace   ] GC(25) Metaspace: 21696K(22016K)->21696K(22016K) NonClass: 18998K(19136K)->18998K(19136K) Class: 2698K(2880K)->2698K(2880K)
[2026-04-03T01:11:03.968+0600][7.252s][info][gc             ] GC(25) Pause Young (Mixed) (G1 Evacuation Pause) 295M->141M(352M) 19.475ms
[2026-04-03T01:11:03.968+0600][7.252s][info][gc,cpu         ] GC(25) User=0.19s Sys=0.00s Real=0.02s
[2026-04-03T01:11:04.210+0600][7.494s][info][gc,start       ] GC(26) Pause Young (Mixed) (G1 Evacuation Pause)
[2026-04-03T01:11:04.210+0600][7.494s][info][gc,task        ] GC(26) Using 10 workers of 10 for evacuation
[2026-04-03T01:11:04.233+0600][7.518s][info][gc,phases      ] GC(26)   Pre Evacuate Collection Set: 0.28ms
[2026-04-03T01:11:04.233+0600][7.518s][info][gc,phases      ] GC(26)   Merge Heap Roots: 0.54ms
[2026-04-03T01:11:04.233+0600][7.518s][info][gc,phases      ] GC(26)   Evacuate Collection Set: 20.11ms
[2026-04-03T01:11:04.233+0600][7.518s][info][gc,phases      ] GC(26)   Post Evacuate Collection Set: 2.42ms
[2026-04-03T01:11:04.233+0600][7.518s][info][gc,phases      ] GC(26)   Other: 0.13ms
[2026-04-03T01:11:04.233+0600][7.518s][info][gc,heap        ] GC(26) Eden regions: 76->0(171)
[2026-04-03T01:11:04.233+0600][7.518s][info][gc,heap        ] GC(26) Survivor regions: 9->10(11)
[2026-04-03T01:11:04.233+0600][7.518s][info][gc,heap        ] GC(26) Old regions: 63->57
[2026-04-03T01:11:04.233+0600][7.518s][info][gc,heap        ] GC(26) Humongous regions: 0->0
[2026-04-03T01:11:04.233+0600][7.518s][info][gc,metaspace   ] GC(26) Metaspace: 21858K(22144K)->21858K(22144K) NonClass: 19149K(19264K)->19149K(19264K) Class: 2708K(2880K)->2708K(2880K)
[2026-04-03T01:11:04.233+0600][7.518s][info][gc             ] GC(26) Pause Young (Mixed) (G1 Evacuation Pause) 293M->130M(606M) 23.811ms
[2026-04-03T01:11:04.233+0600][7.518s][info][gc,cpu         ] GC(26) User=0.22s Sys=0.01s Real=0.03s
[2026-04-03T01:11:04.897+0600][8.182s][info][gc,start       ] GC(27) Pause Young (Normal) (GCLocker Initiated GC)
[2026-04-03T01:11:04.897+0600][8.182s][info][gc,task        ] GC(27) Using 10 workers of 10 for evacuation
[2026-04-03T01:11:04.920+0600][8.205s][info][gc,phases      ] GC(27)   Pre Evacuate Collection Set: 0.40ms
[2026-04-03T01:11:04.920+0600][8.205s][info][gc,phases      ] GC(27)   Merge Heap Roots: 0.34ms
[2026-04-03T01:11:04.920+0600][8.205s][info][gc,phases      ] GC(27)   Evacuate Collection Set: 20.64ms
[2026-04-03T01:11:04.920+0600][8.205s][info][gc,phases      ] GC(27)   Post Evacuate Collection Set: 0.83ms
[2026-04-03T01:11:04.920+0600][8.205s][info][gc,phases      ] GC(27)   Other: 0.31ms
[2026-04-03T01:11:04.920+0600][8.205s][info][gc,heap        ] GC(27) Eden regions: 171->0(161)
[2026-04-03T01:11:04.920+0600][8.205s][info][gc,heap        ] GC(27) Survivor regions: 10->20(23)
[2026-04-03T01:11:04.920+0600][8.205s][info][gc,heap        ] GC(27) Old regions: 57->57
[2026-04-03T01:11:04.920+0600][8.205s][info][gc,heap        ] GC(27) Humongous regions: 0->0
[2026-04-03T01:11:04.920+0600][8.205s][info][gc,metaspace   ] GC(27) Metaspace: 22279K(22528K)->22279K(22528K) NonClass: 19546K(19648K)->19546K(19648K) Class: 2733K(2880K)->2733K(2880K)
[2026-04-03T01:11:04.920+0600][8.205s][info][gc             ] GC(27) Pause Young (Normal) (GCLocker Initiated GC) 472M->151M(606M) 23.053ms
[2026-04-03T01:11:04.920+0600][8.205s][info][gc,cpu         ] GC(27) User=0.23s Sys=0.00s Real=0.03s
[2026-04-03T01:11:05.488+0600][8.773s][info][gc,start       ] GC(28) Pause Young (Normal) (G1 Evacuation Pause)
[2026-04-03T01:11:05.488+0600][8.773s][info][gc,task        ] GC(28) Using 10 workers of 10 for evacuation
[2026-04-03T01:11:05.507+0600][8.792s][info][gc,phases      ] GC(28)   Pre Evacuate Collection Set: 0.43ms
[2026-04-03T01:11:05.507+0600][8.792s][info][gc,phases      ] GC(28)   Merge Heap Roots: 0.31ms
[2026-04-03T01:11:05.507+0600][8.792s][info][gc,phases      ] GC(28)   Evacuate Collection Set: 16.81ms
[2026-04-03T01:11:05.507+0600][8.792s][info][gc,phases      ] GC(28)   Post Evacuate Collection Set: 0.87ms
[2026-04-03T01:11:05.507+0600][8.792s][info][gc,phases      ] GC(28)   Other: 0.15ms
[2026-04-03T01:11:05.507+0600][8.792s][info][gc,heap        ] GC(28) Eden regions: 161->0(172)
[2026-04-03T01:11:05.507+0600][8.792s][info][gc,heap        ] GC(28) Survivor regions: 20->9(23)
[2026-04-03T01:11:05.507+0600][8.792s][info][gc,heap        ] GC(28) Old regions: 57->68
[2026-04-03T01:11:05.507+0600][8.792s][info][gc,heap        ] GC(28) Humongous regions: 0->0
[2026-04-03T01:11:05.507+0600][8.792s][info][gc,metaspace   ] GC(28) Metaspace: 22637K(22976K)->22637K(22976K) NonClass: 19878K(20032K)->19878K(20032K) Class: 2758K(2944K)->2758K(2944K)
[2026-04-03T01:11:05.507+0600][8.792s][info][gc             ] GC(28) Pause Young (Normal) (G1 Evacuation Pause) 473M->151M(606M) 18.892ms
[2026-04-03T01:11:05.507+0600][8.792s][info][gc,cpu         ] GC(28) User=0.18s Sys=0.01s Real=0.02s
[2026-04-03T01:11:06.054+0600][9.339s][info][gc,start       ] GC(29) Pause Young (Normal) (G1 Evacuation Pause)
[2026-04-03T01:11:06.054+0600][9.339s][info][gc,task        ] GC(29) Using 10 workers of 10 for evacuation
[2026-04-03T01:11:06.081+0600][9.366s][info][gc,phases      ] GC(29)   Pre Evacuate Collection Set: 0.38ms
[2026-04-03T01:11:06.081+0600][9.366s][info][gc,phases      ] GC(29)   Merge Heap Roots: 0.35ms
[2026-04-03T01:11:06.081+0600][9.366s][info][gc,phases      ] GC(29)   Evacuate Collection Set: 24.89ms
[2026-04-03T01:11:06.081+0600][9.366s][info][gc,phases      ] GC(29)   Post Evacuate Collection Set: 1.02ms
[2026-04-03T01:11:06.081+0600][9.366s][info][gc,phases      ] GC(29)   Other: 0.18ms
[2026-04-03T01:11:06.081+0600][9.366s][info][gc,heap        ] GC(29) Eden regions: 172->0(158)
[2026-04-03T01:11:06.081+0600][9.366s][info][gc,heap        ] GC(29) Survivor regions: 9->23(23)
[2026-04-03T01:11:06.081+0600][9.366s][info][gc,heap        ] GC(29) Old regions: 68->71
[2026-04-03T01:11:06.081+0600][9.366s][info][gc,heap        ] GC(29) Humongous regions: 0->0
[2026-04-03T01:11:06.081+0600][9.366s][info][gc,metaspace   ] GC(29) Metaspace: 23035K(23296K)->23035K(23296K) NonClass: 20233K(20352K)->20233K(20352K) Class: 2801K(2944K)->2801K(2944K)
[2026-04-03T01:11:06.081+0600][9.366s][info][gc             ] GC(29) Pause Young (Normal) (G1 Evacuation Pause) 495M->186M(606M) 27.178ms
[2026-04-03T01:11:06.082+0600][9.366s][info][gc,cpu         ] GC(29) User=0.30s Sys=0.00s Real=0.03s
[2026-04-03T01:11:06.679+0600][9.964s][info][gc,start       ] GC(30) Pause Young (Normal) (G1 Evacuation Pause)
[2026-04-03T01:11:06.679+0600][9.964s][info][gc,task        ] GC(30) Using 10 workers of 10 for evacuation
[2026-04-03T01:11:06.714+0600][9.999s][info][gc,phases      ] GC(30)   Pre Evacuate Collection Set: 0.33ms
[2026-04-03T01:11:06.714+0600][9.999s][info][gc,phases      ] GC(30)   Merge Heap Roots: 0.37ms
[2026-04-03T01:11:06.714+0600][9.999s][info][gc,phases      ] GC(30)   Evacuate Collection Set: 31.80ms
[2026-04-03T01:11:06.714+0600][9.999s][info][gc,phases      ] GC(30)   Post Evacuate Collection Set: 2.52ms
[2026-04-03T01:11:06.714+0600][9.999s][info][gc,phases      ] GC(30)   Other: 0.13ms
[2026-04-03T01:11:06.714+0600][9.999s][info][gc,heap        ] GC(30) Eden regions: 158->0(222)
[2026-04-03T01:11:06.714+0600][9.999s][info][gc,heap        ] GC(30) Survivor regions: 23->21(23)
[2026-04-03T01:11:06.714+0600][9.999s][info][gc,heap        ] GC(30) Old regions: 71->87
[2026-04-03T01:11:06.714+0600][9.999s][info][gc,heap        ] GC(30) Humongous regions: 0->0
[2026-04-03T01:11:06.714+0600][9.999s][info][gc,metaspace   ] GC(30) Metaspace: 24023K(24256K)->24023K(24256K) NonClass: 21079K(21184K)->21079K(21184K) Class: 2944K(3072K)->2944K(3072K)
[2026-04-03T01:11:06.714+0600][9.999s][info][gc             ] GC(30) Pause Young (Normal) (G1 Evacuation Pause) 502M->212M(812M) 35.467ms
[2026-04-03T01:11:06.714+0600][9.999s][info][gc,cpu         ] GC(30) User=0.37s Sys=0.00s Real=0.04s
[2026-04-03T01:11:07.512+0600][10.797s][info][gc,start       ] GC(31) Pause Young (Normal) (G1 Evacuation Pause)
[2026-04-03T01:11:07.512+0600][10.797s][info][gc,task        ] GC(31) Using 10 workers of 10 for evacuation
[2026-04-03T01:11:07.548+0600][10.833s][info][gc,phases      ] GC(31)   Pre Evacuate Collection Set: 0.37ms
[2026-04-03T01:11:07.548+0600][10.833s][info][gc,phases      ] GC(31)   Merge Heap Roots: 0.36ms
[2026-04-03T01:11:07.548+0600][10.833s][info][gc,phases      ] GC(31)   Evacuate Collection Set: 34.34ms
[2026-04-03T01:11:07.548+0600][10.833s][info][gc,phases      ] GC(31)   Post Evacuate Collection Set: 0.97ms
[2026-04-03T01:11:07.548+0600][10.833s][info][gc,phases      ] GC(31)   Other: 0.22ms
[2026-04-03T01:11:07.548+0600][10.833s][info][gc,heap        ] GC(31) Eden regions: 222->0(220)
[2026-04-03T01:11:07.548+0600][10.833s][info][gc,heap        ] GC(31) Survivor regions: 21->23(31)
[2026-04-03T01:11:07.548+0600][10.833s][info][gc,heap        ] GC(31) Old regions: 87->100
[2026-04-03T01:11:07.548+0600][10.833s][info][gc,heap        ] GC(31) Humongous regions: 0->0
[2026-04-03T01:11:07.548+0600][10.833s][info][gc,metaspace   ] GC(31) Metaspace: 24592K(24896K)->24592K(24896K) NonClass: 21538K(21696K)->21538K(21696K) Class: 3053K(3200K)->3053K(3200K)
[2026-04-03T01:11:07.549+0600][10.833s][info][gc             ] GC(31) Pause Young (Normal) (G1 Evacuation Pause) 656M->243M(812M) 36.600ms
[2026-04-03T01:11:07.549+0600][10.833s][info][gc,cpu         ] GC(31) User=0.35s Sys=0.01s Real=0.03s
[2026-04-03T01:11:08.013+0600][11.298s][info][gc,start       ] GC(32) Pause Young (Normal) (G1 Evacuation Pause)
[2026-04-03T01:11:08.013+0600][11.298s][info][gc,task        ] GC(32) Using 10 workers of 10 for evacuation
[2026-04-03T01:11:08.050+0600][11.335s][info][gc,phases      ] GC(32)   Pre Evacuate Collection Set: 0.45ms
[2026-04-03T01:11:08.050+0600][11.335s][info][gc,phases      ] GC(32)   Merge Heap Roots: 0.45ms
[2026-04-03T01:11:08.050+0600][11.335s][info][gc,phases      ] GC(32)   Evacuate Collection Set: 34.35ms
[2026-04-03T01:11:08.050+0600][11.335s][info][gc,phases      ] GC(32)   Post Evacuate Collection Set: 1.02ms
[2026-04-03T01:11:08.050+0600][11.335s][info][gc,phases      ] GC(32)   Other: 0.17ms
[2026-04-03T01:11:08.050+0600][11.335s][info][gc,heap        ] GC(32) Eden regions: 220->0(206)
[2026-04-03T01:11:08.050+0600][11.335s][info][gc,heap        ] GC(32) Survivor regions: 23->25(31)
[2026-04-03T01:11:08.050+0600][11.335s][info][gc,heap        ] GC(32) Old regions: 100->116
[2026-04-03T01:11:08.050+0600][11.335s][info][gc,heap        ] GC(32) Humongous regions: 0->0
[2026-04-03T01:11:08.050+0600][11.335s][info][gc,metaspace   ] GC(32) Metaspace: 24739K(24960K)->24739K(24960K) NonClass: 21677K(21760K)->21677K(21760K) Class: 3061K(3200K)->3061K(3200K)
[2026-04-03T01:11:08.050+0600][11.335s][info][gc             ] GC(32) Pause Young (Normal) (G1 Evacuation Pause) 683M->278M(812M) 36.804ms
[2026-04-03T01:11:08.050+0600][11.335s][info][gc,cpu         ] GC(32) User=0.38s Sys=0.01s Real=0.04s
[2026-04-03T01:11:08.580+0600][11.865s][info][gc,start       ] GC(33) Pause Young (Normal) (G1 Evacuation Pause)
[2026-04-03T01:11:08.581+0600][11.865s][info][gc,task        ] GC(33) Using 10 workers of 10 for evacuation
[2026-04-03T01:11:08.611+0600][11.895s][info][gc,phases      ] GC(33)   Pre Evacuate Collection Set: 0.43ms
[2026-04-03T01:11:08.611+0600][11.895s][info][gc,phases      ] GC(33)   Merge Heap Roots: 0.50ms
[2026-04-03T01:11:08.611+0600][11.895s][info][gc,phases      ] GC(33)   Evacuate Collection Set: 27.89ms
[2026-04-03T01:11:08.611+0600][11.895s][info][gc,phases      ] GC(33)   Post Evacuate Collection Set: 1.04ms
[2026-04-03T01:11:08.611+0600][11.895s][info][gc,phases      ] GC(33)   Other: 0.13ms
[2026-04-03T01:11:08.611+0600][11.896s][info][gc,heap        ] GC(33) Eden regions: 206->0(199)
[2026-04-03T01:11:08.611+0600][11.896s][info][gc,heap        ] GC(33) Survivor regions: 25->17(29)
[2026-04-03T01:11:08.611+0600][11.896s][info][gc,heap        ] GC(33) Old regions: 116->135
[2026-04-03T01:11:08.611+0600][11.896s][info][gc,heap        ] GC(33) Humongous regions: 0->0
[2026-04-03T01:11:08.611+0600][11.896s][info][gc,metaspace   ] GC(33) Metaspace: 24822K(25088K)->24822K(25088K) NonClass: 21759K(21888K)->21759K(21888K) Class: 3062K(3200K)->3062K(3200K)
[2026-04-03T01:11:08.611+0600][11.896s][info][gc             ] GC(33) Pause Young (Normal) (G1 Evacuation Pause) 690M->302M(812M) 30.471ms
[2026-04-03T01:11:08.611+0600][11.896s][info][gc,cpu         ] GC(33) User=0.29s Sys=0.00s Real=0.03s
[2026-04-03T01:11:09.134+0600][12.419s][info][gc,start       ] GC(34) Pause Young (Normal) (G1 Evacuation Pause)
[2026-04-03T01:11:09.134+0600][12.419s][info][gc,task        ] GC(34) Using 10 workers of 10 for evacuation
[2026-04-03T01:11:09.156+0600][12.440s][info][gc,phases      ] GC(34)   Pre Evacuate Collection Set: 0.64ms
[2026-04-03T01:11:09.156+0600][12.440s][info][gc,phases      ] GC(34)   Merge Heap Roots: 0.39ms
[2026-04-03T01:11:09.156+0600][12.440s][info][gc,phases      ] GC(34)   Evacuate Collection Set: 18.06ms
[2026-04-03T01:11:09.156+0600][12.440s][info][gc,phases      ] GC(34)   Post Evacuate Collection Set: 1.99ms
[2026-04-03T01:11:09.156+0600][12.440s][info][gc,phases      ] GC(34)   Other: 0.14ms
[2026-04-03T01:11:09.156+0600][12.440s][info][gc,heap        ] GC(34) Eden regions: 199->0(287)
[2026-04-03T01:11:09.156+0600][12.440s][info][gc,heap        ] GC(34) Survivor regions: 17->16(27)
[2026-04-03T01:11:09.156+0600][12.440s][info][gc,heap        ] GC(34) Old regions: 135->142
[2026-04-03T01:11:09.156+0600][12.441s][info][gc,heap        ] GC(34) Humongous regions: 0->0
[2026-04-03T01:11:09.156+0600][12.441s][info][gc,metaspace   ] GC(34) Metaspace: 24905K(25216K)->24905K(25216K) NonClass: 21833K(21952K)->21833K(21952K) Class: 3071K(3264K)->3071K(3264K)
[2026-04-03T01:11:09.156+0600][12.441s][info][gc             ] GC(34) Pause Young (Normal) (G1 Evacuation Pause) 700M->314M(1010M) 21.591ms
[2026-04-03T01:11:09.156+0600][12.441s][info][gc,cpu         ] GC(34) User=0.21s Sys=0.00s Real=0.02s
[2026-04-03T01:11:09.572+0600][12.857s][info][gc,heap,exit   ] Heap
[2026-04-03T01:11:09.572+0600][12.857s][info][gc,heap,exit   ]  garbage-first heap   total 1034240K, used 487766K [0x000000070ae00000, 0x0000000800000000)
[2026-04-03T01:11:09.572+0600][12.857s][info][gc,heap,exit   ]   region size 2048K, 97 young (198656K), 16 survivors (32768K)
[2026-04-03T01:11:09.572+0600][12.857s][info][gc,heap,exit   ]  Metaspace       used 25143K, committed 25472K, reserved 1114112K
[2026-04-03T01:11:09.572+0600][12.857s][info][gc,heap,exit   ]   class space    used 3089K, committed 3264K, reserved 1048576K
