[2026-04-03T01:11:09.697+0600][0.005s][info][gc,init] CardTable entry size: 512
[2026-04-03T01:11:09.697+0600][0.005s][info][gc     ] Using G1
[2026-04-03T01:11:09.700+0600][0.008s][info][gc,init] Version: 21.0.10+7-Ubuntu-124.04 (release)
[2026-04-03T01:11:09.700+0600][0.008s][info][gc,init] CPUs: 12 total, 12 available
[2026-04-03T01:11:09.700+0600][0.008s][info][gc,init] Memory: 15683M
[2026-04-03T01:11:09.700+0600][0.008s][info][gc,init] Large Page Support: Disabled
[2026-04-03T01:11:09.700+0600][0.008s][info][gc,init] NUMA Support: Disabled
[2026-04-03T01:11:09.700+0600][0.008s][info][gc,init] Compressed Oops: Enabled (Zero based)
[2026-04-03T01:11:09.700+0600][0.008s][info][gc,init] Heap Region Size: 2M
[2026-04-03T01:11:09.700+0600][0.008s][info][gc,init] Heap Min Capacity: 8M
[2026-04-03T01:11:09.700+0600][0.008s][info][gc,init] Heap Initial Capacity: 246M
[2026-04-03T01:11:09.700+0600][0.008s][info][gc,init] Heap Max Capacity: 3922M
[2026-04-03T01:11:09.700+0600][0.008s][info][gc,init] Pre-touch: Disabled
[2026-04-03T01:11:09.700+0600][0.008s][info][gc,init] Parallel Workers: 10
[2026-04-03T01:11:09.700+0600][0.008s][info][gc,init] Concurrent Workers: 3
[2026-04-03T01:11:09.700+0600][0.008s][info][gc,init] Concurrent Refinement Workers: 10
[2026-04-03T01:11:09.700+0600][0.008s][info][gc,init] Periodic GC: Disabled
[2026-04-03T01:11:09.716+0600][0.024s][info][gc,metaspace] CDS archive(s) mapped at: [0x0000763b3f000000-0x0000763b3fc9c000-0x0000763b3fc9c000), size 13221888, SharedBaseAddress: 0x0000763b3f000000, ArchiveRelocationMode: 1.
[2026-04-03T01:11:09.716+0600][0.024s][info][gc,metaspace] Compressed class space mapped at: 0x0000763b40000000-0x0000763b80000000, reserved size: 1073741824
[2026-04-03T01:11:09.716+0600][0.024s][info][gc,metaspace] Narrow klass base: 0x0000763b3f000000, Narrow klass shift: 0, Narrow klass range: 0x100000000
[2026-04-03T01:11:10.000+0600][0.308s][info][gc,start    ] GC(0) Pause Young (Normal) (G1 Evacuation Pause)
[2026-04-03T01:11:10.001+0600][0.309s][info][gc,task     ] GC(0) Using 5 workers of 10 for evacuation
[2026-04-03T01:11:10.004+0600][0.311s][info][gc,phases   ] GC(0)   Pre Evacuate Collection Set: 0.12ms
[2026-04-03T01:11:10.004+0600][0.311s][info][gc,phases   ] GC(0)   Merge Heap Roots: 0.17ms
[2026-04-03T01:11:10.004+0600][0.311s][info][gc,phases   ] GC(0)   Evacuate Collection Set: 1.42ms
[2026-04-03T01:11:10.004+0600][0.311s][info][gc,phases   ] GC(0)   Post Evacuate Collection Set: 0.39ms
[2026-04-03T01:11:10.004+0600][0.311s][info][gc,phases   ] GC(0)   Other: 0.98ms
[2026-04-03T01:11:10.004+0600][0.311s][info][gc,heap     ] GC(0) Eden regions: 6->0(5)
[2026-04-03T01:11:10.004+0600][0.311s][info][gc,heap     ] GC(0) Survivor regions: 0->1(1)
[2026-04-03T01:11:10.004+0600][0.311s][info][gc,heap     ] GC(0) Old regions: 1->1
[2026-04-03T01:11:10.004+0600][0.311s][info][gc,heap     ] GC(0) Humongous regions: 0->0
[2026-04-03T01:11:10.004+0600][0.311s][info][gc,metaspace] GC(0) Metaspace: 2444K(2560K)->2444K(2560K) NonClass: 2196K(2240K)->2196K(2240K) Class: 247K(320K)->247K(320K)
[2026-04-03T01:11:10.004+0600][0.311s][info][gc          ] GC(0) Pause Young (Normal) (G1 Evacuation Pause) 13M->2M(248M) 3.376ms
[2026-04-03T01:11:10.004+0600][0.311s][info][gc,cpu      ] GC(0) User=0.01s Sys=0.00s Real=0.00s
[2026-04-03T01:11:10.030+0600][0.337s][info][gc,start    ] GC(1) Pause Young (Normal) (G1 Evacuation Pause)
[2026-04-03T01:11:10.030+0600][0.338s][info][gc,task     ] GC(1) Using 5 workers of 10 for evacuation
[2026-04-03T01:11:10.032+0600][0.340s][info][gc,phases   ] GC(1)   Pre Evacuate Collection Set: 0.30ms
[2026-04-03T01:11:10.033+0600][0.340s][info][gc,phases   ] GC(1)   Merge Heap Roots: 0.26ms
[2026-04-03T01:11:10.033+0600][0.340s][info][gc,phases   ] GC(1)   Evacuate Collection Set: 1.48ms
[2026-04-03T01:11:10.033+0600][0.340s][info][gc,phases   ] GC(1)   Post Evacuate Collection Set: 0.55ms
[2026-04-03T01:11:10.033+0600][0.340s][info][gc,phases   ] GC(1)   Other: 0.08ms
[2026-04-03T01:11:10.033+0600][0.340s][info][gc,heap     ] GC(1) Eden regions: 5->0(10)
[2026-04-03T01:11:10.033+0600][0.340s][info][gc,heap     ] GC(1) Survivor regions: 1->1(1)
[2026-04-03T01:11:10.033+0600][0.340s][info][gc,heap     ] GC(1) Old regions: 1->2
[2026-04-03T01:11:10.033+0600][0.340s][info][gc,heap     ] GC(1) Humongous regions: 0->0
[2026-04-03T01:11:10.033+0600][0.340s][info][gc,metaspace] GC(1) Metaspace: 2496K(2688K)->2496K(2688K) NonClass: 2247K(2368K)->2247K(2368K) Class: 248K(320K)->248K(320K)
[2026-04-03T01:11:10.033+0600][0.340s][info][gc          ] GC(1) Pause Young (Normal) (G1 Evacuation Pause) 12M->2M(248M) 2.977ms
[2026-04-03T01:11:10.033+0600][0.340s][info][gc,cpu      ] GC(1) User=0.00s Sys=0.00s Real=0.00s
[2026-04-03T01:11:10.079+0600][0.387s][info][gc,start    ] GC(2) Pause Young (Normal) (G1 Evacuation Pause)
[2026-04-03T01:11:10.079+0600][0.387s][info][gc,task     ] GC(2) Using 5 workers of 10 for evacuation
[2026-04-03T01:11:10.080+0600][0.388s][info][gc,phases   ] GC(2)   Pre Evacuate Collection Set: 0.40ms
[2026-04-03T01:11:10.080+0600][0.388s][info][gc,phases   ] GC(2)   Merge Heap Roots: 0.07ms
[2026-04-03T01:11:10.080+0600][0.388s][info][gc,phases   ] GC(2)   Evacuate Collection Set: 0.32ms
[2026-04-03T01:11:10.080+0600][0.388s][info][gc,phases   ] GC(2)   Post Evacuate Collection Set: 0.52ms
[2026-04-03T01:11:10.080+0600][0.388s][info][gc,phases   ] GC(2)   Other: 0.08ms
[2026-04-03T01:11:10.080+0600][0.388s][info][gc,heap     ] GC(2) Eden regions: 10->0(72)
[2026-04-03T01:11:10.080+0600][0.388s][info][gc,heap     ] GC(2) Survivor regions: 1->1(2)
[2026-04-03T01:11:10.080+0600][0.388s][info][gc,heap     ] GC(2) Old regions: 2->2
[2026-04-03T01:11:10.080+0600][0.388s][info][gc,heap     ] GC(2) Humongous regions: 0->0
[2026-04-03T01:11:10.080+0600][0.388s][info][gc,metaspace] GC(2) Metaspace: 2662K(2880K)->2662K(2880K) NonClass: 2414K(2560K)->2414K(2560K) Class: 248K(320K)->248K(320K)
[2026-04-03T01:11:10.080+0600][0.388s][info][gc          ] GC(2) Pause Young (Normal) (G1 Evacuation Pause) 22M->2M(248M) 1.578ms
[2026-04-03T01:11:10.080+0600][0.388s][info][gc,cpu      ] GC(2) User=0.01s Sys=0.01s Real=0.01s
[2026-04-03T01:11:10.167+0600][0.475s][info][gc,start    ] GC(3) Pause Full (System.gc())
[2026-04-03T01:11:10.167+0600][0.475s][info][gc,task     ] GC(3) Using 5 workers of 10 for full compaction
[2026-04-03T01:11:10.168+0600][0.475s][info][gc,phases,start] GC(3) Phase 1: Mark live objects
[2026-04-03T01:11:10.171+0600][0.479s][info][gc,phases      ] GC(3) Phase 1: Mark live objects 3.779ms
[2026-04-03T01:11:10.171+0600][0.479s][info][gc,phases,start] GC(3) Phase 2: Prepare compaction
[2026-04-03T01:11:10.173+0600][0.481s][info][gc,phases      ] GC(3) Phase 2: Prepare compaction 1.697ms
[2026-04-03T01:11:10.173+0600][0.481s][info][gc,phases,start] GC(3) Phase 3: Adjust pointers
[2026-04-03T01:11:10.175+0600][0.483s][info][gc,phases      ] GC(3) Phase 3: Adjust pointers 1.735ms
[2026-04-03T01:11:10.175+0600][0.483s][info][gc,phases,start] GC(3) Phase 4: Compact heap
[2026-04-03T01:11:10.177+0600][0.485s][info][gc,phases      ] GC(3) Phase 4: Compact heap 2.423ms
[2026-04-03T01:11:10.178+0600][0.485s][info][gc,phases,start] GC(3) Phase 5: Reset Metadata
[2026-04-03T01:11:10.178+0600][0.486s][info][gc,phases      ] GC(3) Phase 5: Reset Metadata 0.314ms
[2026-04-03T01:11:10.181+0600][0.489s][info][gc,heap        ] GC(3) Eden regions: 4->0(10)
[2026-04-03T01:11:10.181+0600][0.489s][info][gc,heap        ] GC(3) Survivor regions: 1->0(2)
[2026-04-03T01:11:10.181+0600][0.489s][info][gc,heap        ] GC(3) Old regions: 2->5
[2026-04-03T01:11:10.181+0600][0.489s][info][gc,heap        ] GC(3) Humongous regions: 0->0
[2026-04-03T01:11:10.181+0600][0.489s][info][gc,metaspace   ] GC(3) Metaspace: 2912K(3136K)->2912K(3136K) NonClass: 2638K(2752K)->2638K(2752K) Class: 273K(384K)->273K(384K)
[2026-04-03T01:11:10.181+0600][0.489s][info][gc             ] GC(3) Pause Full (System.gc()) 10M->3M(34M) 13.818ms
[2026-04-03T01:11:10.181+0600][0.489s][info][gc,cpu         ] GC(3) User=0.03s Sys=0.01s Real=0.02s
[2026-04-03T01:11:10.599+0600][0.907s][info][gc,start       ] GC(4) Pause Young (Normal) (G1 Evacuation Pause)
[2026-04-03T01:11:10.599+0600][0.907s][info][gc,task        ] GC(4) Using 3 workers of 10 for evacuation
[2026-04-03T01:11:10.603+0600][0.911s][info][gc,phases      ] GC(4)   Pre Evacuate Collection Set: 0.27ms
[2026-04-03T01:11:10.603+0600][0.911s][info][gc,phases      ] GC(4)   Merge Heap Roots: 0.14ms
[2026-04-03T01:11:10.603+0600][0.911s][info][gc,phases      ] GC(4)   Evacuate Collection Set: 2.27ms
[2026-04-03T01:11:10.603+0600][0.911s][info][gc,phases      ] GC(4)   Post Evacuate Collection Set: 0.54ms
[2026-04-03T01:11:10.603+0600][0.911s][info][gc,phases      ] GC(4)   Other: 0.12ms
[2026-04-03T01:11:10.603+0600][0.911s][info][gc,heap        ] GC(4) Eden regions: 10->0(8)
[2026-04-03T01:11:10.603+0600][0.911s][info][gc,heap        ] GC(4) Survivor regions: 0->1(2)
[2026-04-03T01:11:10.603+0600][0.911s][info][gc,heap        ] GC(4) Old regions: 5->5
[2026-04-03T01:11:10.603+0600][0.911s][info][gc,heap        ] GC(4) Humongous regions: 0->0
[2026-04-03T01:11:10.603+0600][0.911s][info][gc,metaspace   ] GC(4) Metaspace: 6579K(6784K)->6579K(6784K) NonClass: 5860K(5952K)->5860K(5952K) Class: 718K(832K)->718K(832K)
[2026-04-03T01:11:10.603+0600][0.911s][info][gc             ] GC(4) Pause Young (Normal) (G1 Evacuation Pause) 23M->4M(34M) 3.661ms
[2026-04-03T01:11:10.603+0600][0.911s][info][gc,cpu         ] GC(4) User=0.02s Sys=0.00s Real=0.01s
[2026-04-03T01:11:10.700+0600][1.008s][info][gc,start       ] GC(5) Pause Young (Normal) (G1 Evacuation Pause)
[2026-04-03T01:11:10.700+0600][1.008s][info][gc,task        ] GC(5) Using 2 workers of 10 for evacuation
[2026-04-03T01:11:10.703+0600][1.011s][info][gc,phases      ] GC(5)   Pre Evacuate Collection Set: 0.12ms
[2026-04-03T01:11:10.703+0600][1.011s][info][gc,phases      ] GC(5)   Merge Heap Roots: 0.06ms
[2026-04-03T01:11:10.703+0600][1.011s][info][gc,phases      ] GC(5)   Evacuate Collection Set: 2.24ms
[2026-04-03T01:11:10.703+0600][1.011s][info][gc,phases      ] GC(5)   Post Evacuate Collection Set: 0.57ms
[2026-04-03T01:11:10.703+0600][1.011s][info][gc,phases      ] GC(5)   Other: 0.10ms
[2026-04-03T01:11:10.703+0600][1.011s][info][gc,heap        ] GC(5) Eden regions: 8->0(9)
[2026-04-03T01:11:10.703+0600][1.011s][info][gc,heap        ] GC(5) Survivor regions: 1->1(2)
[2026-04-03T01:11:10.703+0600][1.011s][info][gc,heap        ] GC(5) Old regions: 5->5
[2026-04-03T01:11:10.703+0600][1.011s][info][gc,heap        ] GC(5) Humongous regions: 0->0
[2026-04-03T01:11:10.703+0600][1.011s][info][gc,metaspace   ] GC(5) Metaspace: 6726K(6912K)->6726K(6912K) NonClass: 5990K(6080K)->5990K(6080K) Class: 736K(832K)->736K(832K)
[2026-04-03T01:11:10.703+0600][1.011s][info][gc             ] GC(5) Pause Young (Normal) (G1 Evacuation Pause) 20M->4M(34M) 3.505ms
[2026-04-03T01:11:10.703+0600][1.011s][info][gc,cpu         ] GC(5) User=0.01s Sys=0.00s Real=0.00s
[2026-04-03T01:11:10.830+0600][1.137s][info][gc,start       ] GC(6) Pause Young (Normal) (G1 Evacuation Pause)
[2026-04-03T01:11:10.830+0600][1.138s][info][gc,task        ] GC(6) Using 2 workers of 10 for evacuation
[2026-04-03T01:11:10.833+0600][1.141s][info][gc,phases      ] GC(6)   Pre Evacuate Collection Set: 0.38ms
[2026-04-03T01:11:10.833+0600][1.141s][info][gc,phases      ] GC(6)   Merge Heap Roots: 0.16ms
[2026-04-03T01:11:10.833+0600][1.141s][info][gc,phases      ] GC(6)   Evacuate Collection Set: 2.07ms
[2026-04-03T01:11:10.833+0600][1.141s][info][gc,phases      ] GC(6)   Post Evacuate Collection Set: 0.74ms
[2026-04-03T01:11:10.833+0600][1.141s][info][gc,phases      ] GC(6)   Other: 0.11ms
[2026-04-03T01:11:10.833+0600][1.141s][info][gc,heap        ] GC(6) Eden regions: 9->0(9)
[2026-04-03T01:11:10.833+0600][1.141s][info][gc,heap        ] GC(6) Survivor regions: 1->1(2)
[2026-04-03T01:11:10.833+0600][1.141s][info][gc,heap        ] GC(6) Old regions: 5->5
[2026-04-03T01:11:10.833+0600][1.141s][info][gc,heap        ] GC(6) Humongous regions: 0->0
[2026-04-03T01:11:10.833+0600][1.141s][info][gc,metaspace   ] GC(6) Metaspace: 6816K(6976K)->6816K(6976K) NonClass: 6063K(6144K)->6063K(6144K) Class: 752K(832K)->752K(832K)
[2026-04-03T01:11:10.833+0600][1.141s][info][gc             ] GC(6) Pause Young (Normal) (G1 Evacuation Pause) 22M->4M(34M) 3.725ms
[2026-04-03T01:11:10.834+0600][1.141s][info][gc,cpu         ] GC(6) User=0.01s Sys=0.00s Real=0.00s
[2026-04-03T01:11:10.970+0600][1.278s][info][gc,start       ] GC(7) Pause Young (Normal) (G1 Evacuation Pause)
[2026-04-03T01:11:10.971+0600][1.278s][info][gc,task        ] GC(7) Using 2 workers of 10 for evacuation
[2026-04-03T01:11:10.974+0600][1.282s][info][gc,phases      ] GC(7)   Pre Evacuate Collection Set: 0.21ms
[2026-04-03T01:11:10.974+0600][1.282s][info][gc,phases      ] GC(7)   Merge Heap Roots: 0.07ms
[2026-04-03T01:11:10.974+0600][1.282s][info][gc,phases      ] GC(7)   Evacuate Collection Set: 2.15ms
[2026-04-03T01:11:10.974+0600][1.282s][info][gc,phases      ] GC(7)   Post Evacuate Collection Set: 1.02ms
[2026-04-03T01:11:10.974+0600][1.282s][info][gc,phases      ] GC(7)   Other: 0.09ms
[2026-04-03T01:11:10.974+0600][1.282s][info][gc,heap        ] GC(7) Eden regions: 9->0(41)
[2026-04-03T01:11:10.974+0600][1.282s][info][gc,heap        ] GC(7) Survivor regions: 1->1(2)
[2026-04-03T01:11:10.974+0600][1.282s][info][gc,heap        ] GC(7) Old regions: 5->5
[2026-04-03T01:11:10.974+0600][1.282s][info][gc,heap        ] GC(7) Humongous regions: 0->0
[2026-04-03T01:11:10.974+0600][1.282s][info][gc,metaspace   ] GC(7) Metaspace: 6877K(7104K)->6877K(7104K) NonClass: 6114K(6208K)->6114K(6208K) Class: 762K(896K)->762K(896K)
[2026-04-03T01:11:10.974+0600][1.282s][info][gc             ] GC(7) Pause Young (Normal) (G1 Evacuation Pause) 22M->4M(140M) 3.820ms
[2026-04-03T01:11:10.974+0600][1.282s][info][gc,cpu         ] GC(7) User=0.01s Sys=0.00s Real=0.00s
[2026-04-03T01:11:11.475+0600][1.783s][info][gc,start       ] GC(8) Pause Young (Normal) (G1 Evacuation Pause)
[2026-04-03T01:11:11.475+0600][1.783s][info][gc,task        ] GC(8) Using 3 workers of 10 for evacuation
[2026-04-03T01:11:11.478+0600][1.786s][info][gc,phases      ] GC(8)   Pre Evacuate Collection Set: 0.39ms
[2026-04-03T01:11:11.479+0600][1.786s][info][gc,phases      ] GC(8)   Merge Heap Roots: 0.16ms
[2026-04-03T01:11:11.479+0600][1.786s][info][gc,phases      ] GC(8)   Evacuate Collection Set: 1.95ms
[2026-04-03T01:11:11.479+0600][1.786s][info][gc,phases      ] GC(8)   Post Evacuate Collection Set: 0.48ms
[2026-04-03T01:11:11.479+0600][1.786s][info][gc,phases      ] GC(8)   Other: 0.08ms
[2026-04-03T01:11:11.479+0600][1.786s][info][gc,heap        ] GC(8) Eden regions: 41->0(41)
[2026-04-03T01:11:11.479+0600][1.786s][info][gc,heap        ] GC(8) Survivor regions: 1->1(6)
[2026-04-03T01:11:11.479+0600][1.786s][info][gc,heap        ] GC(8) Old regions: 5->5
[2026-04-03T01:11:11.479+0600][1.786s][info][gc,heap        ] GC(8) Humongous regions: 0->0
[2026-04-03T01:11:11.479+0600][1.786s][info][gc,metaspace   ] GC(8) Metaspace: 7665K(7872K)->7665K(7872K) NonClass: 6678K(6784K)->6678K(6784K) Class: 987K(1088K)->987K(1088K)
[2026-04-03T01:11:11.479+0600][1.786s][info][gc             ] GC(8) Pause Young (Normal) (G1 Evacuation Pause) 86M->5M(140M) 3.240ms
[2026-04-03T01:11:11.479+0600][1.786s][info][gc,cpu         ] GC(8) User=0.00s Sys=0.00s Real=0.00s
[2026-04-03T01:11:11.811+0600][2.118s][info][gc,start       ] GC(9) Pause Young (Normal) (G1 Evacuation Pause)
[2026-04-03T01:11:11.811+0600][2.119s][info][gc,task        ] GC(9) Using 3 workers of 10 for evacuation
[2026-04-03T01:11:11.813+0600][2.121s][info][gc,phases      ] GC(9)   Pre Evacuate Collection Set: 0.24ms
[2026-04-03T01:11:11.813+0600][2.121s][info][gc,phases      ] GC(9)   Merge Heap Roots: 0.05ms
[2026-04-03T01:11:11.813+0600][2.121s][info][gc,phases      ] GC(9)   Evacuate Collection Set: 1.79ms
[2026-04-03T01:11:11.813+0600][2.121s][info][gc,phases      ] GC(9)   Post Evacuate Collection Set: 0.36ms
[2026-04-03T01:11:11.813+0600][2.121s][info][gc,phases      ] GC(9)   Other: 0.05ms
[2026-04-03T01:11:11.813+0600][2.121s][info][gc,heap        ] GC(9) Eden regions: 41->0(41)
[2026-04-03T01:11:11.813+0600][2.121s][info][gc,heap        ] GC(9) Survivor regions: 1->1(6)
[2026-04-03T01:11:11.813+0600][2.121s][info][gc,heap        ] GC(9) Old regions: 5->5
[2026-04-03T01:11:11.813+0600][2.121s][info][gc,heap        ] GC(9) Humongous regions: 0->0
[2026-04-03T01:11:11.813+0600][2.121s][info][gc,metaspace   ] GC(9) Metaspace: 7971K(8128K)->7971K(8128K) NonClass: 6922K(6976K)->6922K(6976K) Class: 1049K(1152K)->1049K(1152K)
[2026-04-03T01:11:11.813+0600][2.121s][info][gc             ] GC(9) Pause Young (Normal) (G1 Evacuation Pause) 87M->5M(140M) 2.674ms
[2026-04-03T01:11:11.813+0600][2.121s][info][gc,cpu         ] GC(9) User=0.01s Sys=0.00s Real=0.00s
[2026-04-03T01:11:12.121+0600][2.428s][info][gc,start       ] GC(10) Pause Young (Normal) (G1 Evacuation Pause)
[2026-04-03T01:11:12.121+0600][2.429s][info][gc,task        ] GC(10) Using 3 workers of 10 for evacuation
[2026-04-03T01:11:12.123+0600][2.431s][info][gc,phases      ] GC(10)   Pre Evacuate Collection Set: 0.23ms
[2026-04-03T01:11:12.123+0600][2.431s][info][gc,phases      ] GC(10)   Merge Heap Roots: 0.07ms
[2026-04-03T01:11:12.123+0600][2.431s][info][gc,phases      ] GC(10)   Evacuate Collection Set: 1.40ms
[2026-04-03T01:11:12.123+0600][2.431s][info][gc,phases      ] GC(10)   Post Evacuate Collection Set: 0.29ms
[2026-04-03T01:11:12.123+0600][2.431s][info][gc,phases      ] GC(10)   Other: 0.06ms
[2026-04-03T01:11:12.123+0600][2.431s][info][gc,heap        ] GC(10) Eden regions: 41->0(40)
[2026-04-03T01:11:12.123+0600][2.431s][info][gc,heap        ] GC(10) Survivor regions: 1->2(6)
[2026-04-03T01:11:12.123+0600][2.431s][info][gc,heap        ] GC(10) Old regions: 5->5
[2026-04-03T01:11:12.123+0600][2.431s][info][gc,heap        ] GC(10) Humongous regions: 0->0
[2026-04-03T01:11:12.123+0600][2.431s][info][gc,metaspace   ] GC(10) Metaspace: 8188K(8320K)->8188K(8320K) NonClass: 7056K(7104K)->7056K(7104K) Class: 1131K(1216K)->1131K(1216K)
[2026-04-03T01:11:12.123+0600][2.431s][info][gc             ] GC(10) Pause Young (Normal) (G1 Evacuation Pause) 87M->5M(140M) 2.204ms
[2026-04-03T01:11:12.123+0600][2.431s][info][gc,cpu         ] GC(10) User=0.01s Sys=0.00s Real=0.00s
[2026-04-03T01:11:12.544+0600][2.852s][info][gc,start       ] GC(11) Pause Young (Normal) (G1 Evacuation Pause)
[2026-04-03T01:11:12.554+0600][2.862s][info][gc,task        ] GC(11) Using 10 workers of 10 for evacuation
[2026-04-03T01:11:12.559+0600][2.867s][info][gc,phases      ] GC(11)   Pre Evacuate Collection Set: 0.15ms
[2026-04-03T01:11:12.559+0600][2.867s][info][gc,phases      ] GC(11)   Merge Heap Roots: 0.05ms
[2026-04-03T01:11:12.559+0600][2.867s][info][gc,phases      ] GC(11)   Evacuate Collection Set: 3.98ms
[2026-04-03T01:11:12.559+0600][2.867s][info][gc,phases      ] GC(11)   Post Evacuate Collection Set: 0.55ms
[2026-04-03T01:11:12.559+0600][2.867s][info][gc,phases      ] GC(11)   Other: 0.92ms
[2026-04-03T01:11:12.559+0600][2.867s][info][gc,heap        ] GC(11) Eden regions: 40->0(36)
[2026-04-03T01:11:12.559+0600][2.867s][info][gc,heap        ] GC(11) Survivor regions: 2->6(6)
[2026-04-03T01:11:12.559+0600][2.867s][info][gc,heap        ] GC(11) Old regions: 5->5
[2026-04-03T01:11:12.559+0600][2.867s][info][gc,heap        ] GC(11) Humongous regions: 0->0
[2026-04-03T01:11:12.559+0600][2.867s][info][gc,metaspace   ] GC(11) Metaspace: 10519K(10624K)->10519K(10624K) NonClass: 9040K(9088K)->9040K(9088K) Class: 1479K(1536K)->1479K(1536K)
[2026-04-03T01:11:12.559+0600][2.867s][info][gc             ] GC(11) Pause Young (Normal) (G1 Evacuation Pause) 85M->13M(140M) 15.397ms
[2026-04-03T01:11:12.559+0600][2.867s][info][gc,cpu         ] GC(11) User=0.06s Sys=0.00s Real=0.01s
[2026-04-03T01:11:13.265+0600][3.573s][info][gc,start       ] GC(12) Pause Young (Normal) (G1 Evacuation Pause)
[2026-04-03T01:11:13.265+0600][3.573s][info][gc,task        ] GC(12) Using 10 workers of 10 for evacuation
[2026-04-03T01:11:13.279+0600][3.586s][info][gc,phases      ] GC(12)   Pre Evacuate Collection Set: 0.37ms
[2026-04-03T01:11:13.279+0600][3.586s][info][gc,phases      ] GC(12)   Merge Heap Roots: 0.14ms
[2026-04-03T01:11:13.279+0600][3.586s][info][gc,phases      ] GC(12)   Evacuate Collection Set: 12.06ms
[2026-04-03T01:11:13.279+0600][3.586s][info][gc,phases      ] GC(12)   Post Evacuate Collection Set: 0.86ms
[2026-04-03T01:11:13.279+0600][3.586s][info][gc,phases      ] GC(12)   Other: 0.15ms
[2026-04-03T01:11:13.279+0600][3.587s][info][gc,heap        ] GC(12) Eden regions: 36->0(36)
[2026-04-03T01:11:13.279+0600][3.587s][info][gc,heap        ] GC(12) Survivor regions: 6->6(6)
[2026-04-03T01:11:13.279+0600][3.587s][info][gc,heap        ] GC(12) Old regions: 5->11
[2026-04-03T01:11:13.279+0600][3.587s][info][gc,heap        ] GC(12) Humongous regions: 0->0
[2026-04-03T01:11:13.279+0600][3.587s][info][gc,metaspace   ] GC(12) Metaspace: 15634K(15872K)->15634K(15872K) NonClass: 13589K(13696K)->13589K(13696K) Class: 2044K(2176K)->2044K(2176K)
[2026-04-03T01:11:13.279+0600][3.587s][info][gc             ] GC(12) Pause Young (Normal) (G1 Evacuation Pause) 85M->26M(140M) 13.967ms
[2026-04-03T01:11:13.279+0600][3.587s][info][gc,cpu         ] GC(12) User=0.14s Sys=0.01s Real=0.01s
[2026-04-03T01:11:13.682+0600][3.989s][info][gc,start       ] GC(13) Pause Young (Normal) (G1 Evacuation Pause)
[2026-04-03T01:11:13.682+0600][3.990s][info][gc,task        ] GC(13) Using 10 workers of 10 for evacuation
[2026-04-03T01:11:13.697+0600][4.005s][info][gc,phases      ] GC(13)   Pre Evacuate Collection Set: 0.25ms
[2026-04-03T01:11:13.697+0600][4.005s][info][gc,phases      ] GC(13)   Merge Heap Roots: 0.16ms
[2026-04-03T01:11:13.697+0600][4.005s][info][gc,phases      ] GC(13)   Evacuate Collection Set: 14.05ms
[2026-04-03T01:11:13.697+0600][4.005s][info][gc,phases      ] GC(13)   Post Evacuate Collection Set: 0.50ms
[2026-04-03T01:11:13.697+0600][4.005s][info][gc,phases      ] GC(13)   Other: 0.14ms
[2026-04-03T01:11:13.697+0600][4.005s][info][gc,heap        ] GC(13) Eden regions: 36->0(3)
[2026-04-03T01:11:13.697+0600][4.005s][info][gc,heap        ] GC(13) Survivor regions: 6->6(6)
[2026-04-03T01:11:13.697+0600][4.005s][info][gc,heap        ] GC(13) Old regions: 11->18
[2026-04-03T01:11:13.697+0600][4.005s][info][gc,heap        ] GC(13) Humongous regions: 0->0
[2026-04-03T01:11:13.697+0600][4.005s][info][gc,metaspace   ] GC(13) Metaspace: 16664K(16960K)->16664K(16960K) NonClass: 14486K(14656K)->14486K(14656K) Class: 2178K(2304K)->2178K(2304K)
[2026-04-03T01:11:13.697+0600][4.005s][info][gc             ] GC(13) Pause Young (Normal) (G1 Evacuation Pause) 98M->40M(140M) 15.489ms
[2026-04-03T01:11:13.697+0600][4.005s][info][gc,cpu         ] GC(13) User=0.17s Sys=0.01s Real=0.01s
[2026-04-03T01:11:13.795+0600][4.103s][info][gc,start       ] GC(14) Pause Young (Normal) (G1 Evacuation Pause)
[2026-04-03T01:11:13.795+0600][4.103s][info][gc,task        ] GC(14) Using 10 workers of 10 for evacuation
[2026-04-03T01:11:13.808+0600][4.116s][info][gc,phases      ] GC(14)   Pre Evacuate Collection Set: 0.29ms
[2026-04-03T01:11:13.808+0600][4.116s][info][gc,phases      ] GC(14)   Merge Heap Roots: 0.17ms
[2026-04-03T01:11:13.808+0600][4.116s][info][gc,phases      ] GC(14)   Evacuate Collection Set: 11.50ms
[2026-04-03T01:11:13.808+0600][4.116s][info][gc,phases      ] GC(14)   Post Evacuate Collection Set: 0.74ms
[2026-04-03T01:11:13.808+0600][4.116s][info][gc,phases      ] GC(14)   Other: 0.14ms
[2026-04-03T01:11:13.808+0600][4.116s][info][gc,heap        ] GC(14) Eden regions: 13->0(41)
[2026-04-03T01:11:13.808+0600][4.116s][info][gc,heap        ] GC(14) Survivor regions: 6->3(3)
[2026-04-03T01:11:13.808+0600][4.116s][info][gc,heap        ] GC(14) Old regions: 18->25
[2026-04-03T01:11:13.808+0600][4.116s][info][gc,heap        ] GC(14) Humongous regions: 0->0
[2026-04-03T01:11:13.808+0600][4.116s][info][gc,metaspace   ] GC(14) Metaspace: 16873K(17088K)->16873K(17088K) NonClass: 14680K(14784K)->14680K(14784K) Class: 2192K(2304K)->2192K(2304K)
[2026-04-03T01:11:13.808+0600][4.116s][info][gc             ] GC(14) Pause Young (Normal) (G1 Evacuation Pause) 66M->47M(168M) 13.171ms
[2026-04-03T01:11:13.808+0600][4.116s][info][gc,cpu         ] GC(14) User=0.12s Sys=0.01s Real=0.01s
[2026-04-03T01:11:14.089+0600][4.396s][info][gc,start       ] GC(15) Pause Young (Normal) (G1 Evacuation Pause)
[2026-04-03T01:11:14.089+0600][4.397s][info][gc,task        ] GC(15) Using 10 workers of 10 for evacuation
[2026-04-03T01:11:14.100+0600][4.408s][info][gc,phases      ] GC(15)   Pre Evacuate Collection Set: 0.21ms
[2026-04-03T01:11:14.100+0600][4.408s][info][gc,phases      ] GC(15)   Merge Heap Roots: 0.16ms
[2026-04-03T01:11:14.100+0600][4.408s][info][gc,phases      ] GC(15)   Evacuate Collection Set: 10.35ms
[2026-04-03T01:11:14.100+0600][4.408s][info][gc,phases      ] GC(15)   Post Evacuate Collection Set: 0.63ms
[2026-04-03T01:11:14.100+0600][4.408s][info][gc,phases      ] GC(15)   Other: 0.11ms
[2026-04-03T01:11:14.100+0600][4.408s][info][gc,heap        ] GC(15) Eden regions: 41->0(37)
[2026-04-03T01:11:14.100+0600][4.408s][info][gc,heap        ] GC(15) Survivor regions: 3->6(6)
[2026-04-03T01:11:14.100+0600][4.408s][info][gc,heap        ] GC(15) Old regions: 25->27
[2026-04-03T01:11:14.100+0600][4.408s][info][gc,heap        ] GC(15) Humongous regions: 0->0
[2026-04-03T01:11:14.100+0600][4.408s][info][gc,metaspace   ] GC(15) Metaspace: 17033K(17280K)->17033K(17280K) NonClass: 14825K(14976K)->14825K(14976K) Class: 2208K(2304K)->2208K(2304K)
[2026-04-03T01:11:14.101+0600][4.408s][info][gc             ] GC(15) Pause Young (Normal) (G1 Evacuation Pause) 129M->58M(168M) 11.854ms
[2026-04-03T01:11:14.101+0600][4.408s][info][gc,cpu         ] GC(15) User=0.12s Sys=0.00s Real=0.02s
[2026-04-03T01:11:14.122+0600][4.430s][info][gc,start       ] GC(16) Pause Young (Normal) (G1 Evacuation Pause)
[2026-04-03T01:11:14.122+0600][4.430s][info][gc,task        ] GC(16) Using 10 workers of 10 for evacuation
[2026-04-03T01:11:14.130+0600][4.438s][info][gc,phases      ] GC(16)   Pre Evacuate Collection Set: 0.29ms
[2026-04-03T01:11:14.131+0600][4.438s][info][gc,phases      ] GC(16)   Merge Heap Roots: 0.27ms
[2026-04-03T01:11:14.131+0600][4.438s][info][gc,phases      ] GC(16)   Evacuate Collection Set: 7.22ms
[2026-04-03T01:11:14.131+0600][4.438s][info][gc,phases      ] GC(16)   Post Evacuate Collection Set: 0.47ms
[2026-04-03T01:11:14.131+0600][4.438s][info][gc,phases      ] GC(16)   Other: 0.13ms
[2026-04-03T01:11:14.131+0600][4.438s][info][gc,heap        ] GC(16) Eden regions: 2->0(36)
[2026-04-03T01:11:14.131+0600][4.438s][info][gc,heap        ] GC(16) Survivor regions: 6->1(1)
[2026-04-03T01:11:14.131+0600][4.438s][info][gc,heap        ] GC(16) Old regions: 27->34
[2026-04-03T01:11:14.131+0600][4.438s][info][gc,heap        ] GC(16) Humongous regions: 0->0
[2026-04-03T01:11:14.131+0600][4.438s][info][gc,metaspace   ] GC(16) Metaspace: 17041K(17280K)->17041K(17280K) NonClass: 14832K(14976K)->14832K(14976K) Class: 2209K(2304K)->2209K(2304K)
[2026-04-03T01:11:14.131+0600][4.438s][info][gc             ] GC(16) Pause Young (Normal) (G1 Evacuation Pause) 62M->61M(168M) 8.816ms
[2026-04-03T01:11:14.131+0600][4.438s][info][gc,cpu         ] GC(16) User=0.09s Sys=0.00s Real=0.01s
[2026-04-03T01:11:14.422+0600][4.730s][info][gc,start       ] GC(17) Pause Young (Normal) (G1 Evacuation Pause)
[2026-04-03T01:11:14.423+0600][4.730s][info][gc,task        ] GC(17) Using 10 workers of 10 for evacuation
[2026-04-03T01:11:14.428+0600][4.736s][info][gc,phases      ] GC(17)   Pre Evacuate Collection Set: 0.27ms
[2026-04-03T01:11:14.428+0600][4.736s][info][gc,phases      ] GC(17)   Merge Heap Roots: 0.18ms
[2026-04-03T01:11:14.428+0600][4.736s][info][gc,phases      ] GC(17)   Evacuate Collection Set: 4.12ms
[2026-04-03T01:11:14.428+0600][4.736s][info][gc,phases      ] GC(17)   Post Evacuate Collection Set: 0.46ms
[2026-04-03T01:11:14.428+0600][4.736s][info][gc,phases      ] GC(17)   Other: 0.20ms
[2026-04-03T01:11:14.428+0600][4.736s][info][gc,heap        ] GC(17) Eden regions: 36->0(35)
[2026-04-03T01:11:14.428+0600][4.736s][info][gc,heap        ] GC(17) Survivor regions: 1->4(5)
[2026-04-03T01:11:14.428+0600][4.736s][info][gc,heap        ] GC(17) Old regions: 34->34
[2026-04-03T01:11:14.428+0600][4.736s][info][gc,heap        ] GC(17) Humongous regions: 0->0
[2026-04-03T01:11:14.428+0600][4.736s][info][gc,metaspace   ] GC(17) Metaspace: 17184K(17472K)->17184K(17472K) NonClass: 14972K(15104K)->14972K(15104K) Class: 2211K(2368K)->2211K(2368K)
[2026-04-03T01:11:14.428+0600][4.736s][info][gc             ] GC(17) Pause Young (Normal) (G1 Evacuation Pause) 133M->66M(168M) 5.619ms
[2026-04-03T01:11:14.428+0600][4.736s][info][gc,cpu         ] GC(17) User=0.04s Sys=0.00s Real=0.00s
[2026-04-03T01:11:14.592+0600][4.900s][info][gc,start       ] GC(18) Pause Young (Normal) (G1 Evacuation Pause)
[2026-04-03T01:11:14.592+0600][4.900s][info][gc,task        ] GC(18) Using 10 workers of 10 for evacuation
[2026-04-03T01:11:14.601+0600][4.909s][info][gc,phases      ] GC(18)   Pre Evacuate Collection Set: 0.26ms
[2026-04-03T01:11:14.601+0600][4.909s][info][gc,phases      ] GC(18)   Merge Heap Roots: 0.16ms
[2026-04-03T01:11:14.601+0600][4.909s][info][gc,phases      ] GC(18)   Evacuate Collection Set: 7.57ms
[2026-04-03T01:11:14.601+0600][4.909s][info][gc,phases      ] GC(18)   Post Evacuate Collection Set: 1.02ms
[2026-04-03T01:11:14.601+0600][4.909s][info][gc,phases      ] GC(18)   Other: 0.10ms
[2026-04-03T01:11:14.601+0600][4.909s][info][gc,heap        ] GC(18) Eden regions: 35->0(94)
[2026-04-03T01:11:14.601+0600][4.909s][info][gc,heap        ] GC(18) Survivor regions: 4->5(5)
[2026-04-03T01:11:14.601+0600][4.909s][info][gc,heap        ] GC(18) Old regions: 34->37
[2026-04-03T01:11:14.601+0600][4.909s][info][gc,heap        ] GC(18) Humongous regions: 0->0
[2026-04-03T01:11:14.601+0600][4.909s][info][gc,metaspace   ] GC(18) Metaspace: 17284K(17536K)->17284K(17536K) NonClass: 15066K(15168K)->15066K(15168K) Class: 2218K(2368K)->2218K(2368K)
[2026-04-03T01:11:14.602+0600][4.909s][info][gc             ] GC(18) Pause Young (Normal) (G1 Evacuation Pause) 136M->74M(336M) 9.425ms
[2026-04-03T01:11:14.602+0600][4.909s][info][gc,cpu         ] GC(18) User=0.09s Sys=0.00s Real=0.01s
[2026-04-03T01:11:15.095+0600][5.403s][info][gc,start       ] GC(19) Pause Young (Normal) (G1 Evacuation Pause)
[2026-04-03T01:11:15.095+0600][5.403s][info][gc,task        ] GC(19) Using 10 workers of 10 for evacuation
[2026-04-03T01:11:15.110+0600][5.418s][info][gc,phases      ] GC(19)   Pre Evacuate Collection Set: 0.48ms
[2026-04-03T01:11:15.110+0600][5.418s][info][gc,phases      ] GC(19)   Merge Heap Roots: 0.26ms
[2026-04-03T01:11:15.110+0600][5.418s][info][gc,phases      ] GC(19)   Evacuate Collection Set: 12.96ms
[2026-04-03T01:11:15.110+0600][5.418s][info][gc,phases      ] GC(19)   Post Evacuate Collection Set: 0.56ms
[2026-04-03T01:11:15.110+0600][5.418s][info][gc,phases      ] GC(19)   Other: 0.25ms
[2026-04-03T01:11:15.110+0600][5.418s][info][gc,heap        ] GC(19) Eden regions: 94->0(84)
[2026-04-03T01:11:15.110+0600][5.418s][info][gc,heap        ] GC(19) Survivor regions: 5->13(13)
[2026-04-03T01:11:15.110+0600][5.418s][info][gc,heap        ] GC(19) Old regions: 37->37
[2026-04-03T01:11:15.110+0600][5.418s][info][gc,heap        ] GC(19) Humongous regions: 0->0
[2026-04-03T01:11:15.110+0600][5.418s][info][gc,metaspace   ] GC(19) Metaspace: 17684K(17984K)->17684K(17984K) NonClass: 15435K(15616K)->15435K(15616K) Class: 2248K(2368K)->2248K(2368K)
[2026-04-03T01:11:15.110+0600][5.418s][info][gc             ] GC(19) Pause Young (Normal) (G1 Evacuation Pause) 262M->92M(336M) 14.845ms
[2026-04-03T01:11:15.110+0600][5.418s][info][gc,cpu         ] GC(19) User=0.14s Sys=0.00s Real=0.02s
[2026-04-03T01:11:15.514+0600][5.821s][info][gc,start       ] GC(20) Pause Young (Normal) (G1 Evacuation Pause)
[2026-04-03T01:11:15.514+0600][5.821s][info][gc,task        ] GC(20) Using 10 workers of 10 for evacuation
[2026-04-03T01:11:15.531+0600][5.839s][info][gc,phases      ] GC(20)   Pre Evacuate Collection Set: 0.25ms
[2026-04-03T01:11:15.532+0600][5.839s][info][gc,phases      ] GC(20)   Merge Heap Roots: 0.18ms
[2026-04-03T01:11:15.532+0600][5.839s][info][gc,phases      ] GC(20)   Evacuate Collection Set: 16.20ms
[2026-04-03T01:11:15.532+0600][5.839s][info][gc,phases      ] GC(20)   Post Evacuate Collection Set: 0.85ms
[2026-04-03T01:11:15.532+0600][5.839s][info][gc,phases      ] GC(20)   Other: 0.18ms
[2026-04-03T01:11:15.532+0600][5.839s][info][gc,heap        ] GC(20) Eden regions: 84->0(81)
[2026-04-03T01:11:15.532+0600][5.839s][info][gc,heap        ] GC(20) Survivor regions: 13->10(13)
[2026-04-03T01:11:15.532+0600][5.839s][info][gc,heap        ] GC(20) Old regions: 37->47
[2026-04-03T01:11:15.532+0600][5.839s][info][gc,heap        ] GC(20) Humongous regions: 0->0
[2026-04-03T01:11:15.532+0600][5.839s][info][gc,metaspace   ] GC(20) Metaspace: 18356K(18688K)->18356K(18688K) NonClass: 16058K(16192K)->16058K(16192K) Class: 2298K(2496K)->2298K(2496K)
[2026-04-03T01:11:15.532+0600][5.840s][info][gc             ] GC(20) Pause Young (Normal) (G1 Evacuation Pause) 260M->106M(336M) 18.083ms
[2026-04-03T01:11:15.532+0600][5.840s][info][gc,cpu         ] GC(20) User=0.19s Sys=0.00s Real=0.02s
[2026-04-03T01:11:15.901+0600][6.209s][info][gc,start       ] GC(21) Pause Young (Normal) (G1 Evacuation Pause)
[2026-04-03T01:11:15.901+0600][6.209s][info][gc,task        ] GC(21) Using 10 workers of 10 for evacuation
[2026-04-03T01:11:15.916+0600][6.224s][info][gc,phases      ] GC(21)   Pre Evacuate Collection Set: 0.26ms
[2026-04-03T01:11:15.916+0600][6.224s][info][gc,phases      ] GC(21)   Merge Heap Roots: 0.17ms
[2026-04-03T01:11:15.916+0600][6.224s][info][gc,phases      ] GC(21)   Evacuate Collection Set: 13.48ms
[2026-04-03T01:11:15.916+0600][6.224s][info][gc,phases      ] GC(21)   Post Evacuate Collection Set: 0.63ms
[2026-04-03T01:11:15.916+0600][6.224s][info][gc,phases      ] GC(21)   Other: 0.11ms
[2026-04-03T01:11:15.916+0600][6.224s][info][gc,heap        ] GC(21) Eden regions: 81->0(77)
[2026-04-03T01:11:15.916+0600][6.224s][info][gc,heap        ] GC(21) Survivor regions: 10->11(12)
[2026-04-03T01:11:15.916+0600][6.224s][info][gc,heap        ] GC(21) Old regions: 47->54
[2026-04-03T01:11:15.916+0600][6.224s][info][gc,heap        ] GC(21) Humongous regions: 0->0
[2026-04-03T01:11:15.916+0600][6.224s][info][gc,metaspace   ] GC(21) Metaspace: 20627K(20928K)->20627K(20928K) NonClass: 18026K(18176K)->18026K(18176K) Class: 2601K(2752K)->2601K(2752K)
[2026-04-03T01:11:15.916+0600][6.224s][info][gc             ] GC(21) Pause Young (Normal) (G1 Evacuation Pause) 268M->121M(336M) 14.948ms
[2026-04-03T01:11:15.916+0600][6.224s][info][gc,cpu         ] GC(21) User=0.14s Sys=0.01s Real=0.01s
[2026-04-03T01:11:16.155+0600][6.462s][info][gc,start       ] GC(22) Pause Young (Concurrent Start) (Metadata GC Threshold)
[2026-04-03T01:11:16.155+0600][6.462s][info][gc,task        ] GC(22) Using 10 workers of 10 for evacuation
[2026-04-03T01:11:16.170+0600][6.478s][info][gc,phases      ] GC(22)   Pre Evacuate Collection Set: 0.52ms
[2026-04-03T01:11:16.170+0600][6.478s][info][gc,phases      ] GC(22)   Merge Heap Roots: 0.29ms
[2026-04-03T01:11:16.170+0600][6.478s][info][gc,phases      ] GC(22)   Evacuate Collection Set: 12.53ms
[2026-04-03T01:11:16.170+0600][6.478s][info][gc,phases      ] GC(22)   Post Evacuate Collection Set: 1.56ms
[2026-04-03T01:11:16.170+0600][6.478s][info][gc,phases      ] GC(22)   Other: 0.27ms
[2026-04-03T01:11:16.170+0600][6.478s][info][gc,heap        ] GC(22) Eden regions: 60->0(123)
[2026-04-03T01:11:16.170+0600][6.478s][info][gc,heap        ] GC(22) Survivor regions: 11->7(11)
[2026-04-03T01:11:16.170+0600][6.478s][info][gc,heap        ] GC(22) Old regions: 54->62
[2026-04-03T01:11:16.170+0600][6.478s][info][gc,heap        ] GC(22) Humongous regions: 0->0
[2026-04-03T01:11:16.170+0600][6.478s][info][gc,metaspace   ] GC(22) Metaspace: 21239K(21504K)->21239K(21504K) NonClass: 18573K(18688K)->18573K(18688K) Class: 2665K(2816K)->2665K(2816K)
[2026-04-03T01:11:16.170+0600][6.478s][info][gc             ] GC(22) Pause Young (Concurrent Start) (Metadata GC Threshold) 241M->130M(454M) 15.547ms
[2026-04-03T01:11:16.170+0600][6.478s][info][gc,cpu         ] GC(22) User=0.14s Sys=0.00s Real=0.02s
[2026-04-03T01:11:16.170+0600][6.478s][info][gc             ] GC(23) Concurrent Mark Cycle
[2026-04-03T01:11:16.170+0600][6.478s][info][gc,marking     ] GC(23) Concurrent Scan Root Regions
[2026-04-03T01:11:16.188+0600][6.495s][info][gc,marking     ] GC(23) Concurrent Scan Root Regions 17.196ms
[2026-04-03T01:11:16.188+0600][6.495s][info][gc,marking     ] GC(23) Concurrent Mark
[2026-04-03T01:11:16.188+0600][6.495s][info][gc,marking     ] GC(23) Concurrent Mark From Roots
[2026-04-03T01:11:16.188+0600][6.495s][info][gc,task        ] GC(23) Using 3 workers of 3 for marking
[2026-04-03T01:11:16.251+0600][6.559s][info][gc,marking     ] GC(23) Concurrent Mark From Roots 63.571ms
[2026-04-03T01:11:16.251+0600][6.559s][info][gc,marking     ] GC(23) Concurrent Preclean
[2026-04-03T01:11:16.251+0600][6.559s][info][gc,marking     ] GC(23) Concurrent Preclean 0.056ms
[2026-04-03T01:11:16.252+0600][6.560s][info][gc,start       ] GC(23) Pause Remark
[2026-04-03T01:11:16.262+0600][6.570s][info][gc             ] GC(23) Pause Remark 152M->152M(454M) 10.233ms
[2026-04-03T01:11:16.262+0600][6.570s][info][gc,cpu         ] GC(23) User=0.08s Sys=0.00s Real=0.01s
[2026-04-03T01:11:16.262+0600][6.570s][info][gc,marking     ] GC(23) Concurrent Mark 74.578ms
[2026-04-03T01:11:16.262+0600][6.570s][info][gc,marking     ] GC(23) Concurrent Rebuild Remembered Sets and Scrub Regions
[2026-04-03T01:11:16.378+0600][6.686s][info][gc,marking     ] GC(23) Concurrent Rebuild Remembered Sets and Scrub Regions 115.899ms
[2026-04-03T01:11:16.381+0600][6.689s][info][gc,start       ] GC(23) Pause Cleanup
[2026-04-03T01:11:16.382+0600][6.689s][info][gc             ] GC(23) Pause Cleanup 200M->200M(454M) 0.465ms
[2026-04-03T01:11:16.382+0600][6.689s][info][gc,cpu         ] GC(23) User=0.01s Sys=0.00s Real=0.00s
[2026-04-03T01:11:16.385+0600][6.692s][info][gc,marking     ] GC(23) Concurrent Clear Claimed Marks
[2026-04-03T01:11:16.385+0600][6.693s][info][gc,marking     ] GC(23) Concurrent Clear Claimed Marks 0.126ms
[2026-04-03T01:11:16.385+0600][6.693s][info][gc,marking     ] GC(23) Concurrent Cleanup for Next Mark
[2026-04-03T01:11:16.389+0600][6.697s][info][gc,marking     ] GC(23) Concurrent Cleanup for Next Mark 4.328ms
[2026-04-03T01:11:16.389+0600][6.697s][info][gc             ] GC(23) Concurrent Mark Cycle 219.126ms
[2026-04-03T01:11:16.715+0600][7.022s][info][gc,start       ] GC(24) Pause Young (Prepare Mixed) (G1 Evacuation Pause)
[2026-04-03T01:11:16.715+0600][7.022s][info][gc,task        ] GC(24) Using 10 workers of 10 for evacuation
[2026-04-03T01:11:16.730+0600][7.037s][info][gc,phases      ] GC(24)   Pre Evacuate Collection Set: 0.37ms
[2026-04-03T01:11:16.730+0600][7.037s][info][gc,phases      ] GC(24)   Merge Heap Roots: 0.27ms
[2026-04-03T01:11:16.730+0600][7.037s][info][gc,phases      ] GC(24)   Evacuate Collection Set: 12.97ms
[2026-04-03T01:11:16.730+0600][7.037s][info][gc,phases      ] GC(24)   Post Evacuate Collection Set: 1.00ms
[2026-04-03T01:11:16.730+0600][7.037s][info][gc,phases      ] GC(24)   Other: 0.15ms
[2026-04-03T01:11:16.730+0600][7.037s][info][gc,heap        ] GC(24) Eden regions: 123->0(119)
[2026-04-03T01:11:16.730+0600][7.037s][info][gc,heap        ] GC(24) Survivor regions: 7->14(17)
[2026-04-03T01:11:16.730+0600][7.037s][info][gc,heap        ] GC(24) Old regions: 62->62
[2026-04-03T01:11:16.730+0600][7.037s][info][gc,heap        ] GC(24) Humongous regions: 0->0
[2026-04-03T01:11:16.730+0600][7.037s][info][gc,metaspace   ] GC(24) Metaspace: 21622K(21888K)->21622K(21888K) NonClass: 18937K(19072K)->18937K(19072K) Class: 2684K(2816K)->2684K(2816K)
[2026-04-03T01:11:16.730+0600][7.037s][info][gc             ] GC(24) Pause Young (Prepare Mixed) (G1 Evacuation Pause) 376M->145M(454M) 15.110ms
[2026-04-03T01:11:16.730+0600][7.038s][info][gc,cpu         ] GC(24) User=0.14s Sys=0.00s Real=0.02s
[2026-04-03T01:11:17.166+0600][7.474s][info][gc,start       ] GC(25) Pause Young (Mixed) (G1 Evacuation Pause)
[2026-04-03T01:11:17.166+0600][7.474s][info][gc,task        ] GC(25) Using 10 workers of 10 for evacuation
[2026-04-03T01:11:17.201+0600][7.509s][info][gc,phases      ] GC(25)   Pre Evacuate Collection Set: 0.30ms
[2026-04-03T01:11:17.201+0600][7.509s][info][gc,phases      ] GC(25)   Merge Heap Roots: 0.43ms
[2026-04-03T01:11:17.201+0600][7.509s][info][gc,phases      ] GC(25)   Evacuate Collection Set: 26.44ms
[2026-04-03T01:11:17.201+0600][7.509s][info][gc,phases      ] GC(25)   Merge Optional Heap Roots: 0.39ms
[2026-04-03T01:11:17.201+0600][7.509s][info][gc,phases      ] GC(25)   Evacuate Optional Collection Set: 3.04ms
[2026-04-03T01:11:17.202+0600][7.509s][info][gc,phases      ] GC(25)   Post Evacuate Collection Set: 4.31ms
[2026-04-03T01:11:17.202+0600][7.509s][info][gc,phases      ] GC(25)   Other: 0.09ms
[2026-04-03T01:11:17.202+0600][7.509s][info][gc,heap        ] GC(25) Eden regions: 119->0(122)
[2026-04-03T01:11:17.202+0600][7.509s][info][gc,heap        ] GC(25) Survivor regions: 14->14(17)
[2026-04-03T01:11:17.202+0600][7.509s][info][gc,heap        ] GC(25) Old regions: 62->53
[2026-04-03T01:11:17.202+0600][7.509s][info][gc,heap        ] GC(25) Humongous regions: 0->0
[2026-04-03T01:11:17.202+0600][7.509s][info][gc,metaspace   ] GC(25) Metaspace: 21938K(22208K)->21938K(22208K) NonClass: 19228K(19328K)->19228K(19328K) Class: 2710K(2880K)->2710K(2880K)
[2026-04-03T01:11:17.202+0600][7.509s][info][gc             ] GC(25) Pause Young (Mixed) (G1 Evacuation Pause) 383M->129M(454M) 35.331ms
[2026-04-03T01:11:17.202+0600][7.509s][info][gc,cpu         ] GC(25) User=0.34s Sys=0.01s Real=0.04s
[2026-04-03T01:11:17.671+0600][7.979s][info][gc,start       ] GC(26) Pause Young (Mixed) (G1 Evacuation Pause)
[2026-04-03T01:11:17.671+0600][7.979s][info][gc,task        ] GC(26) Using 10 workers of 10 for evacuation
[2026-04-03T01:11:17.694+0600][8.002s][info][gc,phases      ] GC(26)   Pre Evacuate Collection Set: 0.34ms
[2026-04-03T01:11:17.694+0600][8.002s][info][gc,phases      ] GC(26)   Merge Heap Roots: 0.37ms
[2026-04-03T01:11:17.694+0600][8.002s][info][gc,phases      ] GC(26)   Evacuate Collection Set: 21.36ms
[2026-04-03T01:11:17.694+0600][8.002s][info][gc,phases      ] GC(26)   Post Evacuate Collection Set: 0.78ms
[2026-04-03T01:11:17.694+0600][8.002s][info][gc,phases      ] GC(26)   Other: 0.19ms
[2026-04-03T01:11:17.694+0600][8.002s][info][gc,heap        ] GC(26) Eden regions: 122->0(122)
[2026-04-03T01:11:17.694+0600][8.002s][info][gc,heap        ] GC(26) Survivor regions: 14->13(17)
[2026-04-03T01:11:17.694+0600][8.002s][info][gc,heap        ] GC(26) Old regions: 53->59
[2026-04-03T01:11:17.694+0600][8.002s][info][gc,heap        ] GC(26) Humongous regions: 0->0
[2026-04-03T01:11:17.694+0600][8.002s][info][gc,metaspace   ] GC(26) Metaspace: 22109K(22400K)->22109K(22400K) NonClass: 19387K(19520K)->19387K(19520K) Class: 2722K(2880K)->2722K(2880K)
[2026-04-03T01:11:17.694+0600][8.002s][info][gc             ] GC(26) Pause Young (Mixed) (G1 Evacuation Pause) 373M->141M(454M) 23.354ms
[2026-04-03T01:11:17.694+0600][8.002s][info][gc,cpu         ] GC(26) User=0.22s Sys=0.01s Real=0.02s
[2026-04-03T01:11:18.139+0600][8.446s][info][gc,start       ] GC(27) Pause Young (Normal) (G1 Evacuation Pause)
[2026-04-03T01:11:18.139+0600][8.446s][info][gc,task        ] GC(27) Using 10 workers of 10 for evacuation
[2026-04-03T01:11:18.154+0600][8.462s][info][gc,phases      ] GC(27)   Pre Evacuate Collection Set: 0.39ms
[2026-04-03T01:11:18.154+0600][8.462s][info][gc,phases      ] GC(27)   Merge Heap Roots: 0.39ms
[2026-04-03T01:11:18.155+0600][8.462s][info][gc,phases      ] GC(27)   Evacuate Collection Set: 13.89ms
[2026-04-03T01:11:18.155+0600][8.462s][info][gc,phases      ] GC(27)   Post Evacuate Collection Set: 0.87ms
[2026-04-03T01:11:18.155+0600][8.462s][info][gc,phases      ] GC(27)   Other: 0.22ms
[2026-04-03T01:11:18.155+0600][8.462s][info][gc,heap        ] GC(27) Eden regions: 122->0(121)
[2026-04-03T01:11:18.155+0600][8.462s][info][gc,heap        ] GC(27) Survivor regions: 13->10(17)
[2026-04-03T01:11:18.155+0600][8.462s][info][gc,heap        ] GC(27) Old regions: 59->65
[2026-04-03T01:11:18.155+0600][8.462s][info][gc,heap        ] GC(27) Humongous regions: 0->0
[2026-04-03T01:11:18.155+0600][8.462s][info][gc,metaspace   ] GC(27) Metaspace: 22489K(22784K)->22489K(22784K) NonClass: 19736K(19840K)->19736K(19840K) Class: 2753K(2944K)->2753K(2944K)
[2026-04-03T01:11:18.155+0600][8.462s][info][gc             ] GC(27) Pause Young (Normal) (G1 Evacuation Pause) 385M->146M(454M) 16.159ms
[2026-04-03T01:11:18.155+0600][8.463s][info][gc,cpu         ] GC(27) User=0.17s Sys=0.00s Real=0.02s
[2026-04-03T01:11:18.579+0600][8.887s][info][gc,start       ] GC(28) Pause Young (Normal) (G1 Evacuation Pause)
[2026-04-03T01:11:18.579+0600][8.887s][info][gc,task        ] GC(28) Using 10 workers of 10 for evacuation
[2026-04-03T01:11:18.593+0600][8.900s][info][gc,phases      ] GC(28)   Pre Evacuate Collection Set: 0.40ms
[2026-04-03T01:11:18.593+0600][8.900s][info][gc,phases      ] GC(28)   Merge Heap Roots: 0.29ms
[2026-04-03T01:11:18.593+0600][8.900s][info][gc,phases      ] GC(28)   Evacuate Collection Set: 10.35ms
[2026-04-03T01:11:18.593+0600][8.900s][info][gc,phases      ] GC(28)   Post Evacuate Collection Set: 2.04ms
[2026-04-03T01:11:18.593+0600][8.900s][info][gc,phases      ] GC(28)   Other: 0.12ms
[2026-04-03T01:11:18.593+0600][8.900s][info][gc,heap        ] GC(28) Eden regions: 121->0(183)
[2026-04-03T01:11:18.593+0600][8.900s][info][gc,heap        ] GC(28) Survivor regions: 10->9(17)
[2026-04-03T01:11:18.593+0600][8.900s][info][gc,heap        ] GC(28) Old regions: 65->69
[2026-04-03T01:11:18.593+0600][8.900s][info][gc,heap        ] GC(28) Humongous regions: 0->0
[2026-04-03T01:11:18.593+0600][8.900s][info][gc,metaspace   ] GC(28) Metaspace: 22638K(22912K)->22638K(22912K) NonClass: 19872K(19968K)->19872K(19968K) Class: 2766K(2944K)->2766K(2944K)
[2026-04-03T01:11:18.593+0600][8.900s][info][gc             ] GC(28) Pause Young (Normal) (G1 Evacuation Pause) 388M->151M(640M) 13.508ms
[2026-04-03T01:11:18.593+0600][8.900s][info][gc,cpu         ] GC(28) User=0.12s Sys=0.00s Real=0.02s
[2026-04-03T01:11:19.196+0600][9.504s][info][gc,start       ] GC(29) Pause Young (Normal) (G1 Evacuation Pause)
[2026-04-03T01:11:19.197+0600][9.504s][info][gc,task        ] GC(29) Using 10 workers of 10 for evacuation
[2026-04-03T01:11:19.222+0600][9.530s][info][gc,phases      ] GC(29)   Pre Evacuate Collection Set: 0.34ms
[2026-04-03T01:11:19.222+0600][9.530s][info][gc,phases      ] GC(29)   Merge Heap Roots: 0.31ms
[2026-04-03T01:11:19.222+0600][9.530s][info][gc,phases      ] GC(29)   Evacuate Collection Set: 23.39ms
[2026-04-03T01:11:19.222+0600][9.530s][info][gc,phases      ] GC(29)   Post Evacuate Collection Set: 0.86ms
[2026-04-03T01:11:19.222+0600][9.530s][info][gc,phases      ] GC(29)   Other: 0.47ms
[2026-04-03T01:11:19.222+0600][9.530s][info][gc,heap        ] GC(29) Eden regions: 183->0(168)
[2026-04-03T01:11:19.222+0600][9.530s][info][gc,heap        ] GC(29) Survivor regions: 9->24(24)
[2026-04-03T01:11:19.222+0600][9.530s][info][gc,heap        ] GC(29) Old regions: 69->70
[2026-04-03T01:11:19.222+0600][9.530s][info][gc,heap        ] GC(29) Humongous regions: 0->0
[2026-04-03T01:11:19.222+0600][9.530s][info][gc,metaspace   ] GC(29) Metaspace: 23048K(23360K)->23048K(23360K) NonClass: 20240K(20416K)->20240K(20416K) Class: 2807K(2944K)->2807K(2944K)
[2026-04-03T01:11:19.222+0600][9.530s][info][gc             ] GC(29) Pause Young (Normal) (G1 Evacuation Pause) 517M->184M(640M) 25.719ms
[2026-04-03T01:11:19.222+0600][9.530s][info][gc,cpu         ] GC(29) User=0.27s Sys=0.00s Real=0.03s
[2026-04-03T01:11:19.840+0600][10.148s][info][gc,start       ] GC(30) Pause Young (Normal) (GCLocker Initiated GC)
[2026-04-03T01:11:19.840+0600][10.148s][info][gc,task        ] GC(30) Using 10 workers of 10 for evacuation
[2026-04-03T01:11:19.873+0600][10.181s][info][gc,phases      ] GC(30)   Pre Evacuate Collection Set: 0.34ms
[2026-04-03T01:11:19.873+0600][10.181s][info][gc,phases      ] GC(30)   Merge Heap Roots: 0.48ms
[2026-04-03T01:11:19.873+0600][10.181s][info][gc,phases      ] GC(30)   Evacuate Collection Set: 31.07ms
[2026-04-03T01:11:19.873+0600][10.181s][info][gc,phases      ] GC(30)   Post Evacuate Collection Set: 0.81ms
[2026-04-03T01:11:19.873+0600][10.181s][info][gc,phases      ] GC(30)   Other: 0.13ms
[2026-04-03T01:11:19.873+0600][10.181s][info][gc,heap        ] GC(30) Eden regions: 168->0(163)
[2026-04-03T01:11:19.873+0600][10.181s][info][gc,heap        ] GC(30) Survivor regions: 24->19(24)
[2026-04-03T01:11:19.873+0600][10.181s][info][gc,heap        ] GC(30) Old regions: 70->91
[2026-04-03T01:11:19.873+0600][10.181s][info][gc,heap        ] GC(30) Humongous regions: 0->0
[2026-04-03T01:11:19.873+0600][10.181s][info][gc,metaspace   ] GC(30) Metaspace: 24135K(24384K)->24135K(24384K) NonClass: 21172K(21312K)->21172K(21312K) Class: 2962K(3072K)->2962K(3072K)
[2026-04-03T01:11:19.873+0600][10.181s][info][gc             ] GC(30) Pause Young (Normal) (GCLocker Initiated GC) 520M->216M(640M) 33.182ms
[2026-04-03T01:11:19.873+0600][10.181s][info][gc,cpu         ] GC(30) User=0.33s Sys=0.00s Real=0.03s
[2026-04-03T01:11:20.367+0600][10.675s][info][gc,start       ] GC(31) Pause Young (Normal) (G1 Evacuation Pause)
[2026-04-03T01:11:20.367+0600][10.675s][info][gc,task        ] GC(31) Using 10 workers of 10 for evacuation
[2026-04-03T01:11:20.408+0600][10.715s][info][gc,phases      ] GC(31)   Pre Evacuate Collection Set: 0.48ms
[2026-04-03T01:11:20.408+0600][10.715s][info][gc,phases      ] GC(31)   Merge Heap Roots: 0.55ms
[2026-04-03T01:11:20.408+0600][10.715s][info][gc,phases      ] GC(31)   Evacuate Collection Set: 37.81ms
[2026-04-03T01:11:20.408+0600][10.715s][info][gc,phases      ] GC(31)   Post Evacuate Collection Set: 1.20ms
[2026-04-03T01:11:20.408+0600][10.715s][info][gc,phases      ] GC(31)   Other: 0.16ms
[2026-04-03T01:11:20.408+0600][10.715s][info][gc,heap        ] GC(31) Eden regions: 163->0(146)
[2026-04-03T01:11:20.408+0600][10.715s][info][gc,heap        ] GC(31) Survivor regions: 19->23(23)
[2026-04-03T01:11:20.408+0600][10.715s][info][gc,heap        ] GC(31) Old regions: 91->104
[2026-04-03T01:11:20.408+0600][10.715s][info][gc,heap        ] GC(31) Humongous regions: 0->0
[2026-04-03T01:11:20.408+0600][10.715s][info][gc,metaspace   ] GC(31) Metaspace: 24562K(24896K)->24562K(24896K) NonClass: 21507K(21696K)->21507K(21696K) Class: 3055K(3200K)->3055K(3200K)
[2026-04-03T01:11:20.408+0600][10.715s][info][gc             ] GC(31) Pause Young (Normal) (G1 Evacuation Pause) 542M->251M(640M) 40.630ms
[2026-04-03T01:11:20.408+0600][10.716s][info][gc,cpu         ] GC(31) User=0.42s Sys=0.00s Real=0.04s
[2026-04-03T01:11:20.776+0600][11.084s][info][gc,start       ] GC(32) Pause Young (Normal) (G1 Evacuation Pause)
[2026-04-03T01:11:20.776+0600][11.084s][info][gc,task        ] GC(32) Using 10 workers of 10 for evacuation
[2026-04-03T01:11:20.814+0600][11.122s][info][gc,phases      ] GC(32)   Pre Evacuate Collection Set: 0.38ms
[2026-04-03T01:11:20.814+0600][11.122s][info][gc,phases      ] GC(32)   Merge Heap Roots: 0.55ms
[2026-04-03T01:11:20.814+0600][11.122s][info][gc,phases      ] GC(32)   Evacuate Collection Set: 34.41ms
[2026-04-03T01:11:20.814+0600][11.122s][info][gc,phases      ] GC(32)   Post Evacuate Collection Set: 2.53ms
[2026-04-03T01:11:20.814+0600][11.122s][info][gc,phases      ] GC(32)   Other: 0.16ms
[2026-04-03T01:11:20.814+0600][11.122s][info][gc,heap        ] GC(32) Eden regions: 146->0(213)
[2026-04-03T01:11:20.814+0600][11.122s][info][gc,heap        ] GC(32) Survivor regions: 23->18(22)
[2026-04-03T01:11:20.814+0600][11.122s][info][gc,heap        ] GC(32) Old regions: 104->118
[2026-04-03T01:11:20.814+0600][11.122s][info][gc,heap        ] GC(32) Humongous regions: 0->0
[2026-04-03T01:11:20.814+0600][11.122s][info][gc,metaspace   ] GC(32) Metaspace: 24612K(24896K)->24612K(24896K) NonClass: 21552K(21696K)->21552K(21696K) Class: 3059K(3200K)->3059K(3200K)
[2026-04-03T01:11:20.814+0600][11.122s][info][gc             ] GC(32) Pause Young (Normal) (G1 Evacuation Pause) 543M->269M(840M) 38.436ms
[2026-04-03T01:11:20.814+0600][11.122s][info][gc,cpu         ] GC(32) User=0.39s Sys=0.01s Real=0.04s
[2026-04-03T01:11:21.317+0600][11.625s][info][gc,start       ] GC(33) Pause Young (Normal) (G1 Evacuation Pause)
[2026-04-03T01:11:21.317+0600][11.625s][info][gc,task        ] GC(33) Using 10 workers of 10 for evacuation
[2026-04-03T01:11:21.348+0600][11.655s][info][gc,phases      ] GC(33)   Pre Evacuate Collection Set: 0.40ms
[2026-04-03T01:11:21.348+0600][11.656s][info][gc,phases      ] GC(33)   Merge Heap Roots: 0.39ms
[2026-04-03T01:11:21.348+0600][11.656s][info][gc,phases      ] GC(33)   Evacuate Collection Set: 28.55ms
[2026-04-03T01:11:21.348+0600][11.656s][info][gc,phases      ] GC(33)   Post Evacuate Collection Set: 1.16ms
[2026-04-03T01:11:21.348+0600][11.656s][info][gc,phases      ] GC(33)   Other: 0.20ms
[2026-04-03T01:11:21.348+0600][11.656s][info][gc,heap        ] GC(33) Eden regions: 197->0(211)
[2026-04-03T01:11:21.348+0600][11.656s][info][gc,heap        ] GC(33) Survivor regions: 18->17(27)
[2026-04-03T01:11:21.348+0600][11.656s][info][gc,heap        ] GC(33) Old regions: 118->129
[2026-04-03T01:11:21.348+0600][11.656s][info][gc,heap        ] GC(33) Humongous regions: 0->0
[2026-04-03T01:11:21.348+0600][11.656s][info][gc,metaspace   ] GC(33) Metaspace: 24748K(24960K)->24748K(24960K) NonClass: 21683K(21760K)->21683K(21760K) Class: 3065K(3200K)->3065K(3200K)
[2026-04-03T01:11:21.348+0600][11.656s][info][gc             ] GC(33) Pause Young (Normal) (G1 Evacuation Pause) 663M->289M(840M) 31.076ms
[2026-04-03T01:11:21.348+0600][11.656s][info][gc,cpu         ] GC(33) User=0.32s Sys=0.00s Real=0.03s
[2026-04-03T01:11:21.881+0600][12.188s][info][gc,start       ] GC(34) Pause Young (Normal) (G1 Evacuation Pause)
[2026-04-03T01:11:21.881+0600][12.189s][info][gc,task        ] GC(34) Using 10 workers of 10 for evacuation
[2026-04-03T01:11:21.905+0600][12.213s][info][gc,phases      ] GC(34)   Pre Evacuate Collection Set: 0.40ms
[2026-04-03T01:11:21.905+0600][12.213s][info][gc,phases      ] GC(34)   Merge Heap Roots: 0.59ms
[2026-04-03T01:11:21.905+0600][12.213s][info][gc,phases      ] GC(34)   Evacuate Collection Set: 22.15ms
[2026-04-03T01:11:21.905+0600][12.213s][info][gc,phases      ] GC(34)   Post Evacuate Collection Set: 0.86ms
[2026-04-03T01:11:21.905+0600][12.213s][info][gc,phases      ] GC(34)   Other: 0.16ms
[2026-04-03T01:11:21.905+0600][12.213s][info][gc,heap        ] GC(34) Eden regions: 211->0(208)
[2026-04-03T01:11:21.905+0600][12.213s][info][gc,heap        ] GC(34) Survivor regions: 17->18(29)
[2026-04-03T01:11:21.905+0600][12.213s][info][gc,heap        ] GC(34) Old regions: 129->140
[2026-04-03T01:11:21.905+0600][12.213s][info][gc,heap        ] GC(34) Humongous regions: 0->0
[2026-04-03T01:11:21.905+0600][12.213s][info][gc,metaspace   ] GC(34) Metaspace: 24778K(25088K)->24778K(25088K) NonClass: 21711K(21888K)->21711K(21888K) Class: 3066K(3200K)->3066K(3200K)
[2026-04-03T01:11:21.905+0600][12.213s][info][gc             ] GC(34) Pause Young (Normal) (G1 Evacuation Pause) 711M->311M(840M) 24.562ms
[2026-04-03T01:11:21.905+0600][12.213s][info][gc,cpu         ] GC(34) User=0.25s Sys=0.00s Real=0.02s
[2026-04-03T01:11:22.500+0600][12.807s][info][gc,heap,exit   ] Heap
[2026-04-03T01:11:22.500+0600][12.807s][info][gc,heap,exit   ]  garbage-first heap   total 860160K, used 663445K [0x000000070ae00000, 0x0000000800000000)
[2026-04-03T01:11:22.500+0600][12.807s][info][gc,heap,exit   ]   region size 2048K, 186 young (380928K), 18 survivors (36864K)
[2026-04-03T01:11:22.500+0600][12.807s][info][gc,heap,exit   ]  Metaspace       used 25094K, committed 25408K, reserved 1114112K
[2026-04-03T01:11:22.500+0600][12.807s][info][gc,heap,exit   ]   class space    used 3091K, committed 3264K, reserved 1048576K
