[2026-04-03T01:10:42.818+0600][0.005s][info][gc,init] Initializing The Z Garbage Collector
[2026-04-03T01:10:42.818+0600][0.005s][info][gc,init] Version: 21.0.10+7-Ubuntu-124.04 (release)
[2026-04-03T01:10:42.818+0600][0.005s][info][gc,init] Using legacy single-generation mode
[2026-04-03T01:10:42.818+0600][0.005s][info][gc,init] NUMA Support: Disabled
[2026-04-03T01:10:42.818+0600][0.005s][info][gc,init] CPUs: 12 total, 12 available
[2026-04-03T01:10:42.818+0600][0.005s][info][gc,init] Memory: 15683M
[2026-04-03T01:10:42.818+0600][0.005s][info][gc,init] Large Page Support: Disabled
[2026-04-03T01:10:42.818+0600][0.005s][info][gc,init] GC Workers: 3 (dynamic)
[2026-04-03T01:10:42.819+0600][0.006s][info][gc,init] Address Space Type: Contiguous/Unrestricted/Complete
[2026-04-03T01:10:42.819+0600][0.006s][info][gc,init] Address Space Size: 62752M x 3 = 188256M
[2026-04-03T01:10:42.819+0600][0.006s][info][gc,init] Heap Backing File: /memfd:java_heap
[2026-04-03T01:10:42.819+0600][0.006s][info][gc,init] Heap Backing Filesystem: tmpfs (0x1021994)
[2026-04-03T01:10:42.820+0600][0.006s][info][gc,init] Min Capacity: 8M
[2026-04-03T01:10:42.820+0600][0.006s][info][gc,init] Initial Capacity: 246M
[2026-04-03T01:10:42.820+0600][0.006s][info][gc,init] Max Capacity: 3922M
[2026-04-03T01:10:42.820+0600][0.006s][info][gc,init] Medium Page Size: 32M
[2026-04-03T01:10:42.820+0600][0.006s][info][gc,init] Pre-touch: Disabled
[2026-04-03T01:10:42.820+0600][0.006s][info][gc,init] Available space on backing filesystem: N/A
[2026-04-03T01:10:42.821+0600][0.007s][info][gc,init] Uncommit: Enabled
[2026-04-03T01:10:42.821+0600][0.007s][info][gc,init] Uncommit Delay: 300s
[2026-04-03T01:10:42.906+0600][0.093s][info][gc,init] Runtime Workers: 8
[2026-04-03T01:10:42.908+0600][0.094s][info][gc     ] Using The Z Garbage Collector
[2026-04-03T01:10:42.919+0600][0.105s][info][gc,metaspace] CDS archive(s) mapped at: [0x000075d543000000-0x000075d543c9c000-0x000075d543c9c000), size 13221888, SharedBaseAddress: 0x000075d543000000, ArchiveRelocationMode: 1.
[2026-04-03T01:10:42.919+0600][0.105s][info][gc,metaspace] Compressed class space mapped at: 0x000075d544000000-0x000075d584000000, reserved size: 1073741824
[2026-04-03T01:10:42.919+0600][0.105s][info][gc,metaspace] Narrow klass base: 0x000075d543000000, Narrow klass shift: 0, Narrow klass range: 0x100000000
[2026-04-03T01:10:43.363+0600][0.550s][info][gc,start    ] GC(0) Garbage Collection (System.gc())
[2026-04-03T01:10:43.364+0600][0.550s][info][gc,task     ] GC(0) Using 3 workers
[2026-04-03T01:10:43.364+0600][0.550s][info][gc,phases   ] GC(0) Pause Mark Start 0.008ms
[2026-04-03T01:10:43.370+0600][0.556s][info][gc,phases   ] GC(0) Concurrent Mark 5.595ms
[2026-04-03T01:10:43.370+0600][0.556s][info][gc,phases   ] GC(0) Pause Mark End 0.014ms
[2026-04-03T01:10:43.370+0600][0.556s][info][gc,phases   ] GC(0) Concurrent Mark Free 0.001ms
[2026-04-03T01:10:43.371+0600][0.557s][info][gc,phases   ] GC(0) Concurrent Process Non-Strong References 1.045ms
[2026-04-03T01:10:43.371+0600][0.557s][info][gc,phases   ] GC(0) Concurrent Reset Relocation Set 0.001ms
[2026-04-03T01:10:43.379+0600][0.566s][info][gc,phases   ] GC(0) Concurrent Select Relocation Set 8.519ms
[2026-04-03T01:10:43.379+0600][0.566s][info][gc,phases   ] GC(0) Pause Relocate Start 0.009ms
[2026-04-03T01:10:43.382+0600][0.568s][info][gc,phases   ] GC(0) Concurrent Relocate 1.980ms
[2026-04-03T01:10:43.382+0600][0.568s][info][gc,load     ] GC(0) Load: 4.77/5.51/4.30
[2026-04-03T01:10:43.382+0600][0.568s][info][gc,mmu      ] GC(0) MMU: 2ms/99.3%, 5ms/99.7%, 10ms/99.8%, 20ms/99.8%, 50ms/99.9%, 100ms/100.0%
[2026-04-03T01:10:43.382+0600][0.568s][info][gc,marking  ] GC(0) Mark: 2 stripe(s), 2 proactive flush(es), 1 terminate flush(es), 0 completion(s), 0 continuation(s) 
[2026-04-03T01:10:43.382+0600][0.568s][info][gc,marking  ] GC(0) Mark Stack Usage: 32M
[2026-04-03T01:10:43.382+0600][0.568s][info][gc,nmethod  ] GC(0) NMethods: 745 registered, 82 unregistered
[2026-04-03T01:10:43.382+0600][0.568s][info][gc,metaspace] GC(0) Metaspace: 2M used, 3M committed, 1088M reserved
[2026-04-03T01:10:43.382+0600][0.568s][info][gc,ref      ] GC(0) Soft: 84 encountered, 0 discovered, 0 enqueued
[2026-04-03T01:10:43.382+0600][0.568s][info][gc,ref      ] GC(0) Weak: 351 encountered, 157 discovered, 81 enqueued
[2026-04-03T01:10:43.382+0600][0.568s][info][gc,ref      ] GC(0) Final: 3 encountered, 3 discovered, 0 enqueued
[2026-04-03T01:10:43.382+0600][0.568s][info][gc,ref      ] GC(0) Phantom: 40 encountered, 30 discovered, 0 enqueued
[2026-04-03T01:10:43.382+0600][0.568s][info][gc,reloc    ] GC(0) Small Pages: 31 / 62M, Empty: 0M, Relocated: 3M, In-Place: 0
[2026-04-03T01:10:43.382+0600][0.568s][info][gc,reloc    ] GC(0) Medium Pages: 0 / 0M, Empty: 0M, Relocated: 0M, In-Place: 0
[2026-04-03T01:10:43.382+0600][0.568s][info][gc,reloc    ] GC(0) Large Pages: 0 / 0M, Empty: 0M, Relocated: 0M, In-Place: 0
[2026-04-03T01:10:43.382+0600][0.568s][info][gc,reloc    ] GC(0) Forwarding Usage: 0M
[2026-04-03T01:10:43.382+0600][0.568s][info][gc,heap     ] GC(0) Min Capacity: 8M(0%)
[2026-04-03T01:10:43.382+0600][0.568s][info][gc,heap     ] GC(0) Max Capacity: 3922M(100%)
[2026-04-03T01:10:43.382+0600][0.568s][info][gc,heap     ] GC(0) Soft Max Capacity: 3922M(100%)
[2026-04-03T01:10:43.382+0600][0.568s][info][gc,heap     ] GC(0)                Mark Start          Mark End        Relocate Start      Relocate End           High               Low         
[2026-04-03T01:10:43.382+0600][0.568s][info][gc,heap     ] GC(0)  Capacity:      246M (6%)          246M (6%)          246M (6%)          246M (6%)          246M (6%)          246M (6%)     
[2026-04-03T01:10:43.382+0600][0.568s][info][gc,heap     ] GC(0)      Free:     3860M (98%)        3860M (98%)        3860M (98%)        3916M (100%)       3916M (100%)       3856M (98%)    
[2026-04-03T01:10:43.382+0600][0.568s][info][gc,heap     ] GC(0)      Used:       62M (2%)           62M (2%)           62M (2%)            6M (0%)           66M (2%)            6M (0%)     
[2026-04-03T01:10:43.382+0600][0.568s][info][gc,heap     ] GC(0)      Live:         -                 3M (0%)            3M (0%)            3M (0%)             -                  -          
[2026-04-03T01:10:43.382+0600][0.568s][info][gc,heap     ] GC(0) Allocated:         -                 0M (0%)            0M (0%)            0M (0%)             -                  -          
[2026-04-03T01:10:43.382+0600][0.568s][info][gc,heap     ] GC(0)   Garbage:         -                58M (2%)           58M (2%)            2M (0%)             -                  -          
[2026-04-03T01:10:43.382+0600][0.568s][info][gc,heap     ] GC(0) Reclaimed:         -                  -                 0M (0%)           56M (1%)             -                  -          
[2026-04-03T01:10:43.382+0600][0.568s][info][gc          ] GC(0) Garbage Collection (System.gc()) 62M(2%)->6M(0%)
[2026-04-03T01:10:45.428+0600][2.615s][info][gc,start    ] GC(1) Garbage Collection (Warmup)
[2026-04-03T01:10:45.428+0600][2.615s][info][gc,task     ] GC(1) Using 3 workers
[2026-04-03T01:10:45.429+0600][2.615s][info][gc,phases   ] GC(1) Pause Mark Start 0.009ms
[2026-04-03T01:10:45.437+0600][2.623s][info][gc,phases   ] GC(1) Concurrent Mark 8.247ms
[2026-04-03T01:10:45.437+0600][2.624s][info][gc,phases   ] GC(1) Pause Mark End 0.019ms
[2026-04-03T01:10:45.438+0600][2.624s][info][gc,phases   ] GC(1) Concurrent Mark Free 0.002ms
[2026-04-03T01:10:45.441+0600][2.627s][info][gc,phases   ] GC(1) Concurrent Process Non-Strong References 3.053ms
[2026-04-03T01:10:45.441+0600][2.627s][info][gc,phases   ] GC(1) Concurrent Reset Relocation Set 0.003ms
[2026-04-03T01:10:45.444+0600][2.630s][info][gc,phases   ] GC(1) Concurrent Select Relocation Set 2.958ms
[2026-04-03T01:10:45.444+0600][2.630s][info][gc,phases   ] GC(1) Pause Relocate Start 0.011ms
[2026-04-03T01:10:45.448+0600][2.634s][info][gc,phases   ] GC(1) Concurrent Relocate 4.062ms
[2026-04-03T01:10:45.448+0600][2.634s][info][gc,load     ] GC(1) Load: 4.95/5.53/4.31
[2026-04-03T01:10:45.448+0600][2.634s][info][gc,mmu      ] GC(1) MMU: 2ms/99.1%, 5ms/99.6%, 10ms/99.7%, 20ms/99.8%, 50ms/99.9%, 100ms/100.0%
[2026-04-03T01:10:45.448+0600][2.634s][info][gc,marking  ] GC(1) Mark: 2 stripe(s), 2 proactive flush(es), 1 terminate flush(es), 0 completion(s), 0 continuation(s) 
[2026-04-03T01:10:45.448+0600][2.634s][info][gc,marking  ] GC(1) Mark Stack Usage: 32M
[2026-04-03T01:10:45.448+0600][2.634s][info][gc,nmethod  ] GC(1) NMethods: 1865 registered, 341 unregistered
[2026-04-03T01:10:45.448+0600][2.634s][info][gc,metaspace] GC(1) Metaspace: 8M used, 8M committed, 1088M reserved
[2026-04-03T01:10:45.448+0600][2.634s][info][gc,ref      ] GC(1) Soft: 239 encountered, 0 discovered, 0 enqueued
[2026-04-03T01:10:45.448+0600][2.634s][info][gc,ref      ] GC(1) Weak: 642 encountered, 299 discovered, 137 enqueued
[2026-04-03T01:10:45.448+0600][2.634s][info][gc,ref      ] GC(1) Final: 3 encountered, 2 discovered, 0 enqueued
[2026-04-03T01:10:45.448+0600][2.634s][info][gc,ref      ] GC(1) Phantom: 56 encountered, 44 discovered, 4 enqueued
[2026-04-03T01:10:45.448+0600][2.634s][info][gc,reloc    ] GC(1) Small Pages: 169 / 338M, Empty: 2M, Relocated: 2M, In-Place: 0
[2026-04-03T01:10:45.448+0600][2.634s][info][gc,reloc    ] GC(1) Medium Pages: 2 / 64M, Empty: 32M, Relocated: 0M, In-Place: 0
[2026-04-03T01:10:45.448+0600][2.634s][info][gc,reloc    ] GC(1) Large Pages: 0 / 0M, Empty: 0M, Relocated: 0M, In-Place: 0
[2026-04-03T01:10:45.448+0600][2.634s][info][gc,reloc    ] GC(1) Forwarding Usage: 0M
[2026-04-03T01:10:45.448+0600][2.634s][info][gc,heap     ] GC(1) Min Capacity: 8M(0%)
[2026-04-03T01:10:45.448+0600][2.634s][info][gc,heap     ] GC(1) Max Capacity: 3922M(100%)
[2026-04-03T01:10:45.448+0600][2.634s][info][gc,heap     ] GC(1) Soft Max Capacity: 3922M(100%)
[2026-04-03T01:10:45.448+0600][2.635s][info][gc,heap     ] GC(1)                Mark Start          Mark End        Relocate Start      Relocate End           High               Low         
[2026-04-03T01:10:45.448+0600][2.635s][info][gc,heap     ] GC(1)  Capacity:      402M (10%)         404M (10%)         406M (10%)         412M (11%)         412M (11%)         402M (10%)    
[2026-04-03T01:10:45.448+0600][2.635s][info][gc,heap     ] GC(1)      Free:     3520M (90%)        3518M (90%)        3516M (90%)        3842M (98%)        3842M (98%)        3510M (89%)    
[2026-04-03T01:10:45.448+0600][2.635s][info][gc,heap     ] GC(1)      Used:      402M (10%)         404M (10%)         406M (10%)          80M (2%)          412M (11%)          80M (2%)     
[2026-04-03T01:10:45.448+0600][2.635s][info][gc,heap     ] GC(1)      Live:         -                 5M (0%)            5M (0%)            5M (0%)             -                  -          
[2026-04-03T01:10:45.448+0600][2.635s][info][gc,heap     ] GC(1) Allocated:         -                 2M (0%)           38M (1%)           37M (1%)             -                  -          
[2026-04-03T01:10:45.448+0600][2.635s][info][gc,heap     ] GC(1)   Garbage:         -               396M (10%)         362M (9%)           36M (1%)             -                  -          
[2026-04-03T01:10:45.448+0600][2.635s][info][gc,heap     ] GC(1) Reclaimed:         -                  -                34M (1%)          359M (9%)             -                  -          
[2026-04-03T01:10:45.448+0600][2.635s][info][gc          ] GC(1) Garbage Collection (Warmup) 402M(10%)->80M(2%)
[2026-04-03T01:10:47.928+0600][5.114s][info][gc,start    ] GC(2) Garbage Collection (Warmup)
[2026-04-03T01:10:47.928+0600][5.114s][info][gc,task     ] GC(2) Using 3 workers
[2026-04-03T01:10:47.931+0600][5.117s][info][gc,phases   ] GC(2) Pause Mark Start 0.015ms
[2026-04-03T01:10:48.120+0600][5.306s][info][gc,phases   ] GC(2) Concurrent Mark 184.990ms
[2026-04-03T01:10:48.120+0600][5.307s][info][gc,phases   ] GC(2) Pause Mark End 0.030ms
[2026-04-03T01:10:48.121+0600][5.307s][info][gc,phases   ] GC(2) Concurrent Mark Free 0.004ms
[2026-04-03T01:10:48.149+0600][5.335s][info][gc,phases   ] GC(2) Concurrent Process Non-Strong References 27.873ms
[2026-04-03T01:10:48.149+0600][5.335s][info][gc,phases   ] GC(2) Concurrent Reset Relocation Set 0.024ms
[2026-04-03T01:10:48.180+0600][5.366s][info][gc,phases   ] GC(2) Concurrent Select Relocation Set 31.156ms
[2026-04-03T01:10:48.181+0600][5.367s][info][gc,phases   ] GC(2) Pause Relocate Start 0.018ms
[2026-04-03T01:10:48.324+0600][5.510s][info][gc,phases   ] GC(2) Concurrent Relocate 142.706ms
[2026-04-03T01:10:48.324+0600][5.510s][info][gc,load     ] GC(2) Load: 4.95/5.53/4.31
[2026-04-03T01:10:48.324+0600][5.510s][info][gc,mmu      ] GC(2) MMU: 2ms/98.5%, 5ms/99.4%, 10ms/99.7%, 20ms/99.8%, 50ms/99.9%, 100ms/100.0%
[2026-04-03T01:10:48.324+0600][5.510s][info][gc,marking  ] GC(2) Mark: 2 stripe(s), 2 proactive flush(es), 1 terminate flush(es), 0 completion(s), 0 continuation(s) 
[2026-04-03T01:10:48.324+0600][5.510s][info][gc,marking  ] GC(2) Mark Stack Usage: 32M
[2026-04-03T01:10:48.324+0600][5.510s][info][gc,nmethod  ] GC(2) NMethods: 4145 registered, 581 unregistered
[2026-04-03T01:10:48.324+0600][5.510s][info][gc,metaspace] GC(2) Metaspace: 17M used, 17M committed, 1088M reserved
[2026-04-03T01:10:48.324+0600][5.510s][info][gc,ref      ] GC(2) Soft: 777 encountered, 0 discovered, 0 enqueued
[2026-04-03T01:10:48.324+0600][5.510s][info][gc,ref      ] GC(2) Weak: 1239 encountered, 421 discovered, 74 enqueued
[2026-04-03T01:10:48.324+0600][5.510s][info][gc,ref      ] GC(2) Final: 3 encountered, 2 discovered, 0 enqueued
[2026-04-03T01:10:48.324+0600][5.510s][info][gc,ref      ] GC(2) Phantom: 69 encountered, 44 discovered, 0 enqueued
[2026-04-03T01:10:48.324+0600][5.510s][info][gc,reloc    ] GC(2) Small Pages: 380 / 760M, Empty: 2M, Relocated: 76M, In-Place: 0
[2026-04-03T01:10:48.324+0600][5.510s][info][gc,reloc    ] GC(2) Medium Pages: 2 / 64M, Empty: 64M, Relocated: 0M, In-Place: 0
[2026-04-03T01:10:48.324+0600][5.510s][info][gc,reloc    ] GC(2) Large Pages: 0 / 0M, Empty: 0M, Relocated: 0M, In-Place: 0
[2026-04-03T01:10:48.324+0600][5.510s][info][gc,reloc    ] GC(2) Forwarding Usage: 27M
[2026-04-03T01:10:48.324+0600][5.510s][info][gc,heap     ] GC(2) Min Capacity: 8M(0%)
[2026-04-03T01:10:48.324+0600][5.510s][info][gc,heap     ] GC(2) Max Capacity: 3922M(100%)
[2026-04-03T01:10:48.324+0600][5.510s][info][gc,heap     ] GC(2) Soft Max Capacity: 3922M(100%)
[2026-04-03T01:10:48.324+0600][5.510s][info][gc,heap     ] GC(2)                Mark Start          Mark End        Relocate Start      Relocate End           High               Low         
[2026-04-03T01:10:48.324+0600][5.510s][info][gc,heap     ] GC(2)  Capacity:      824M (21%)         902M (23%)         910M (23%)         910M (23%)         910M (23%)         824M (21%)    
[2026-04-03T01:10:48.324+0600][5.510s][info][gc,heap     ] GC(2)      Free:     3098M (79%)        3020M (77%)        3064M (78%)        3654M (93%)        3654M (93%)        3012M (77%)    
[2026-04-03T01:10:48.324+0600][5.510s][info][gc,heap     ] GC(2)      Used:      824M (21%)         902M (23%)         858M (22%)         268M (7%)          910M (23%)         268M (7%)     
[2026-04-03T01:10:48.324+0600][5.510s][info][gc,heap     ] GC(2)      Live:         -                80M (2%)           80M (2%)           80M (2%)             -                  -          
[2026-04-03T01:10:48.324+0600][5.510s][info][gc,heap     ] GC(2) Allocated:         -                78M (2%)          100M (3%)          181M (5%)             -                  -          
[2026-04-03T01:10:48.324+0600][5.510s][info][gc,heap     ] GC(2)   Garbage:         -               743M (19%)         677M (17%)           5M (0%)             -                  -          
[2026-04-03T01:10:48.324+0600][5.510s][info][gc,heap     ] GC(2) Reclaimed:         -                  -                66M (2%)          737M (19%)            -                  -          
[2026-04-03T01:10:48.324+0600][5.510s][info][gc          ] GC(2) Garbage Collection (Warmup) 824M(21%)->268M(7%)
[2026-04-03T01:10:49.729+0600][6.915s][info][gc,start    ] GC(3) Garbage Collection (Warmup)
[2026-04-03T01:10:49.729+0600][6.915s][info][gc,task     ] GC(3) Using 3 workers
[2026-04-03T01:10:49.731+0600][6.918s][info][gc,phases   ] GC(3) Pause Mark Start 0.016ms
[2026-04-03T01:10:49.942+0600][7.128s][info][gc,phases   ] GC(3) Concurrent Mark 207.216ms
[2026-04-03T01:10:49.944+0600][7.130s][info][gc,phases   ] GC(3) Pause Mark End 0.028ms
[2026-04-03T01:10:49.950+0600][7.136s][info][gc,phases   ] GC(3) Concurrent Mark Free 0.004ms
[2026-04-03T01:10:49.977+0600][7.163s][info][gc,phases   ] GC(3) Concurrent Process Non-Strong References 27.084ms
[2026-04-03T01:10:49.977+0600][7.163s][info][gc,phases   ] GC(3) Concurrent Reset Relocation Set 0.047ms
[2026-04-03T01:10:49.989+0600][7.176s][info][gc,phases   ] GC(3) Concurrent Select Relocation Set 12.282ms
[2026-04-03T01:10:49.990+0600][7.176s][info][gc,phases   ] GC(3) Pause Relocate Start 0.019ms
[2026-04-03T01:10:50.121+0600][7.307s][info][gc,phases   ] GC(3) Concurrent Relocate 128.147ms
[2026-04-03T01:10:50.121+0600][7.307s][info][gc,load     ] GC(3) Load: 5.76/5.69/4.37
[2026-04-03T01:10:50.121+0600][7.307s][info][gc,mmu      ] GC(3) MMU: 2ms/98.5%, 5ms/99.4%, 10ms/99.7%, 20ms/99.8%, 50ms/99.9%, 100ms/100.0%
[2026-04-03T01:10:50.121+0600][7.307s][info][gc,marking  ] GC(3) Mark: 2 stripe(s), 2 proactive flush(es), 1 terminate flush(es), 0 completion(s), 0 continuation(s) 
[2026-04-03T01:10:50.121+0600][7.307s][info][gc,marking  ] GC(3) Mark Stack Usage: 32M
[2026-04-03T01:10:50.121+0600][7.307s][info][gc,nmethod  ] GC(3) NMethods: 5247 registered, 336 unregistered
[2026-04-03T01:10:50.121+0600][7.307s][info][gc,metaspace] GC(3) Metaspace: 21M used, 21M committed, 1088M reserved
[2026-04-03T01:10:50.121+0600][7.307s][info][gc,ref      ] GC(3) Soft: 1176 encountered, 0 discovered, 0 enqueued
[2026-04-03T01:10:50.121+0600][7.307s][info][gc,ref      ] GC(3) Weak: 1217 encountered, 261 discovered, 0 enqueued
[2026-04-03T01:10:50.121+0600][7.307s][info][gc,ref      ] GC(3) Final: 3 encountered, 2 discovered, 0 enqueued
[2026-04-03T01:10:50.121+0600][7.307s][info][gc,ref      ] GC(3) Phantom: 70 encountered, 57 discovered, 0 enqueued
[2026-04-03T01:10:50.121+0600][7.307s][info][gc,reloc    ] GC(3) Small Pages: 606 / 1212M, Empty: 82M, Relocated: 53M, In-Place: 0
[2026-04-03T01:10:50.121+0600][7.307s][info][gc,reloc    ] GC(3) Medium Pages: 0 / 0M, Empty: 0M, Relocated: 0M, In-Place: 0
[2026-04-03T01:10:50.121+0600][7.307s][info][gc,reloc    ] GC(3) Large Pages: 0 / 0M, Empty: 0M, Relocated: 0M, In-Place: 0
[2026-04-03T01:10:50.121+0600][7.307s][info][gc,reloc    ] GC(3) Forwarding Usage: 19M
[2026-04-03T01:10:50.121+0600][7.307s][info][gc,heap     ] GC(3) Min Capacity: 8M(0%)
[2026-04-03T01:10:50.121+0600][7.307s][info][gc,heap     ] GC(3) Max Capacity: 3922M(100%)
[2026-04-03T01:10:50.121+0600][7.308s][info][gc,heap     ] GC(3) Soft Max Capacity: 3922M(100%)
[2026-04-03T01:10:50.121+0600][7.308s][info][gc,heap     ] GC(3)                Mark Start          Mark End        Relocate Start      Relocate End           High               Low         
[2026-04-03T01:10:50.121+0600][7.308s][info][gc,heap     ] GC(3)  Capacity:     1212M (31%)        1334M (34%)        1358M (35%)        1358M (35%)        1358M (35%)        1212M (31%)    
[2026-04-03T01:10:50.121+0600][7.308s][info][gc,heap     ] GC(3)      Free:     2710M (69%)        2588M (66%)        2642M (67%)        3590M (92%)        3604M (92%)        2564M (65%)    
[2026-04-03T01:10:50.121+0600][7.308s][info][gc,heap     ] GC(3)      Used:     1212M (31%)        1334M (34%)        1280M (33%)         332M (8%)         1358M (35%)         318M (8%)     
[2026-04-03T01:10:50.121+0600][7.308s][info][gc,heap     ] GC(3)      Live:         -                68M (2%)           68M (2%)           68M (2%)             -                  -          
[2026-04-03T01:10:50.121+0600][7.308s][info][gc,heap     ] GC(3) Allocated:         -               122M (3%)          150M (4%)          257M (7%)             -                  -          
[2026-04-03T01:10:50.121+0600][7.308s][info][gc,heap     ] GC(3)   Garbage:         -              1143M (29%)        1061M (27%)           6M (0%)             -                  -          
[2026-04-03T01:10:50.121+0600][7.308s][info][gc,heap     ] GC(3) Reclaimed:         -                  -                82M (2%)         1137M (29%)            -                  -          
[2026-04-03T01:10:50.121+0600][7.308s][info][gc          ] GC(3) Garbage Collection (Warmup) 1212M(31%)->332M(8%)
[2026-04-03T01:10:52.929+0600][10.115s][info][gc,stats    ] === Garbage Collection Statistics =======================================================================================================================
[2026-04-03T01:10:52.929+0600][10.115s][info][gc,stats    ]                                                              Last 10s              Last 10m              Last 10h                Total
[2026-04-03T01:10:52.929+0600][10.115s][info][gc,stats    ]                                                              Avg / Max             Avg / Max             Avg / Max             Avg / Max
[2026-04-03T01:10:52.929+0600][10.115s][info][gc,stats    ]   Collector: Garbage Collection Cycle                    206.499 / 395.833     206.499 / 395.833     206.499 / 395.833     206.499 / 395.833     ms
[2026-04-03T01:10:52.929+0600][10.115s][info][gc,stats    ]  Contention: Mark Segment Reset Contention                     1 / 10                1 / 10                1 / 10                1 / 10          ops/s
[2026-04-03T01:10:52.929+0600][10.115s][info][gc,stats    ]  Contention: Mark SeqNum Reset Contention                      0 / 1                 0 / 1                 0 / 1                 0 / 1           ops/s
[2026-04-03T01:10:52.929+0600][10.115s][info][gc,stats    ]    Critical: Allocation Stall                                  0 / 0                 0 / 0                 0 / 0                 0 / 0           ops/s
[2026-04-03T01:10:52.929+0600][10.115s][info][gc,stats    ]    Critical: Allocation Stall                              0.000 / 0.000         0.000 / 0.000         0.000 / 0.000         0.000 / 0.000       ms
[2026-04-03T01:10:52.929+0600][10.115s][info][gc,stats    ]    Critical: GC Locker Stall                                   0 / 0                 0 / 0                 0 / 0                 0 / 0           ops/s
[2026-04-03T01:10:52.929+0600][10.115s][info][gc,stats    ]    Critical: GC Locker Stall                               0.000 / 0.000         0.000 / 0.000         0.000 / 0.000         0.000 / 0.000       ms
[2026-04-03T01:10:52.929+0600][10.115s][info][gc,stats    ]    Critical: Relocation Stall                                  0 / 0                 0 / 0                 0 / 0                 0 / 0           ops/s
[2026-04-03T01:10:52.929+0600][10.115s][info][gc,stats    ]    Critical: Relocation Stall                              0.000 / 0.000         0.000 / 0.000         0.000 / 0.000         0.000 / 0.000       ms
[2026-04-03T01:10:52.929+0600][10.115s][info][gc,stats    ]      Memory: Allocation Rate                                 470 / 814             470 / 814             470 / 814             470 / 814         MB/s
[2026-04-03T01:10:52.929+0600][10.115s][info][gc,stats    ]      Memory: Defragment                                        1 / 11                1 / 11                1 / 11                1 / 11          ops/s
[2026-04-03T01:10:52.929+0600][10.115s][info][gc,stats    ]      Memory: Out Of Memory                                     0 / 0                 0 / 0                 0 / 0                 0 / 0           ops/s
[2026-04-03T01:10:52.929+0600][10.115s][info][gc,stats    ]      Memory: Page Cache Flush                                  3 / 22                3 / 22                3 / 22                3 / 22          MB/s
[2026-04-03T01:10:52.929+0600][10.115s][info][gc,stats    ]      Memory: Page Cache Hit L1                               119 / 414             119 / 414             119 / 414             119 / 414         ops/s
[2026-04-03T01:10:52.929+0600][10.115s][info][gc,stats    ]      Memory: Page Cache Hit L2                                 0 / 0                 0 / 0                 0 / 0                 0 / 0           ops/s
[2026-04-03T01:10:52.929+0600][10.115s][info][gc,stats    ]      Memory: Page Cache Hit L3                                13 / 73               13 / 73               13 / 73               13 / 73          ops/s
[2026-04-03T01:10:52.929+0600][10.115s][info][gc,stats    ]      Memory: Page Cache Miss                                 104 / 311             104 / 311             104 / 311             104 / 311         ops/s
[2026-04-03T01:10:52.929+0600][10.115s][info][gc,stats    ]      Memory: Uncommit                                          0 / 0                 0 / 0                 0 / 0                 0 / 0           MB/s
[2026-04-03T01:10:52.929+0600][10.115s][info][gc,stats    ]      Memory: Undo Object Allocation Failed                     0 / 0                 0 / 0                 0 / 0                 0 / 0           ops/s
[2026-04-03T01:10:52.929+0600][10.115s][info][gc,stats    ]      Memory: Undo Object Allocation Succeeded                  0 / 2                 0 / 2                 0 / 2                 0 / 2           ops/s
[2026-04-03T01:10:52.929+0600][10.115s][info][gc,stats    ]      Memory: Undo Page Allocation                              2 / 8                 2 / 8                 2 / 8                 2 / 8           ops/s
[2026-04-03T01:10:52.929+0600][10.115s][info][gc,stats    ]       Phase: Concurrent Mark                             101.512 / 207.216     101.512 / 207.216     101.512 / 207.216     101.512 / 207.216     ms
[2026-04-03T01:10:52.929+0600][10.116s][info][gc,stats    ]       Phase: Concurrent Mark Continue                      0.000 / 0.000         0.000 / 0.000         0.000 / 0.000         0.000 / 0.000       ms
[2026-04-03T01:10:52.929+0600][10.116s][info][gc,stats    ]       Phase: Concurrent Mark Free                          0.003 / 0.004         0.003 / 0.004         0.003 / 0.004         0.003 / 0.004       ms
[2026-04-03T01:10:52.929+0600][10.116s][info][gc,stats    ]       Phase: Concurrent Process Non-Strong References     14.764 / 27.873       14.764 / 27.873       14.764 / 27.873       14.764 / 27.873      ms
[2026-04-03T01:10:52.929+0600][10.116s][info][gc,stats    ]       Phase: Concurrent Relocate                          69.224 / 142.706      69.224 / 142.706      69.224 / 142.706      69.224 / 142.706     ms
[2026-04-03T01:10:52.929+0600][10.116s][info][gc,stats    ]       Phase: Concurrent Reset Relocation Set               0.019 / 0.047         0.019 / 0.047         0.019 / 0.047         0.019 / 0.047       ms
[2026-04-03T01:10:52.929+0600][10.116s][info][gc,stats    ]       Phase: Concurrent Select Relocation Set             13.729 / 31.156       13.729 / 31.156       13.729 / 31.156       13.729 / 31.156      ms
[2026-04-03T01:10:52.929+0600][10.116s][info][gc,stats    ]       Phase: Pause Mark End                                0.023 / 0.030         0.023 / 0.030         0.023 / 0.030         0.023 / 0.030       ms
[2026-04-03T01:10:52.929+0600][10.116s][info][gc,stats    ]       Phase: Pause Mark Start                              0.012 / 0.016         0.012 / 0.016         0.012 / 0.016         0.012 / 0.016       ms
[2026-04-03T01:10:52.929+0600][10.116s][info][gc,stats    ]       Phase: Pause Relocate Start                          0.014 / 0.019         0.014 / 0.019         0.014 / 0.019         0.014 / 0.019       ms
[2026-04-03T01:10:52.929+0600][10.116s][info][gc,stats    ]    Subphase: Concurrent Classes Purge                      0.824 / 1.785         0.824 / 1.785         0.824 / 1.785         0.824 / 1.785       ms
[2026-04-03T01:10:52.929+0600][10.116s][info][gc,stats    ]    Subphase: Concurrent Classes Unlink                     9.195 / 21.072        9.195 / 21.072        9.195 / 21.072        9.195 / 21.072      ms
[2026-04-03T01:10:52.929+0600][10.116s][info][gc,stats    ]    Subphase: Concurrent Mark                              97.724 / 201.034      97.724 / 201.034      97.724 / 201.034      97.724 / 201.034     ms
[2026-04-03T01:10:52.929+0600][10.116s][info][gc,stats    ]    Subphase: Concurrent Mark Try Flush                     2.537 / 11.859        2.537 / 11.859        2.537 / 11.859        2.537 / 11.859      ms
[2026-04-03T01:10:52.929+0600][10.116s][info][gc,stats    ]    Subphase: Concurrent Mark Try Terminate                 1.414 / 11.862        1.414 / 11.862        1.414 / 11.862        1.414 / 11.862      ms
[2026-04-03T01:10:52.929+0600][10.116s][info][gc,stats    ]    Subphase: Concurrent References Enqueue                 0.007 / 0.021         0.007 / 0.021         0.007 / 0.021         0.007 / 0.021       ms
[2026-04-03T01:10:52.929+0600][10.116s][info][gc,stats    ]    Subphase: Concurrent References Process                 0.827 / 2.781         0.827 / 2.781         0.827 / 2.781         0.827 / 2.781       ms
[2026-04-03T01:10:52.930+0600][10.116s][info][gc,stats    ]    Subphase: Concurrent Roots ClassLoaderDataGraph         0.198 / 0.794         0.198 / 0.794         0.198 / 0.794         0.198 / 0.794       ms
[2026-04-03T01:10:52.930+0600][10.116s][info][gc,stats    ]    Subphase: Concurrent Roots CodeCache                    0.000 / 0.000         0.000 / 0.000         0.000 / 0.000         0.000 / 0.000       ms
[2026-04-03T01:10:52.930+0600][10.116s][info][gc,stats    ]    Subphase: Concurrent Roots JavaThreads                  0.535 / 1.234         0.535 / 1.234         0.535 / 1.234         0.535 / 1.234       ms
[2026-04-03T01:10:52.930+0600][10.116s][info][gc,stats    ]    Subphase: Concurrent Roots OopStorageSet                0.063 / 0.125         0.063 / 0.125         0.063 / 0.125         0.063 / 0.125       ms
[2026-04-03T01:10:52.930+0600][10.116s][info][gc,stats    ]    Subphase: Concurrent Weak Roots OopStorageSet           0.740 / 2.168         0.740 / 2.168         0.740 / 2.168         0.740 / 2.168       ms
[2026-04-03T01:10:52.930+0600][10.116s][info][gc,stats    ]    Subphase: Pause Mark Try Complete                       0.000 / 0.000         0.000 / 0.000         0.000 / 0.000         0.000 / 0.000       ms
[2026-04-03T01:10:52.930+0600][10.116s][info][gc,stats    ]      System: Java Threads                                     17 / 24               17 / 24               17 / 24               17 / 24          threads
[2026-04-03T01:10:52.930+0600][10.116s][info][gc,stats    ] =========================================================================================================================================================
[2026-04-03T01:10:53.631+0600][10.817s][info][gc,start    ] GC(4) Garbage Collection (Allocation Rate)
[2026-04-03T01:10:53.631+0600][10.817s][info][gc,task     ] GC(4) Using 2 workers
[2026-04-03T01:10:53.636+0600][10.822s][info][gc,phases   ] GC(4) Pause Mark Start 0.017ms
[2026-04-03T01:10:54.113+0600][11.300s][info][gc,phases   ] GC(4) Concurrent Mark 477.697ms
[2026-04-03T01:10:54.120+0600][11.306s][info][gc,phases   ] GC(4) Pause Mark End 0.027ms
[2026-04-03T01:10:54.120+0600][11.307s][info][gc,phases   ] GC(4) Concurrent Mark Free 0.002ms
[2026-04-03T01:10:54.144+0600][11.330s][info][gc,phases   ] GC(4) Concurrent Process Non-Strong References 23.454ms
[2026-04-03T01:10:54.144+0600][11.330s][info][gc,phases   ] GC(4) Concurrent Reset Relocation Set 0.072ms
[2026-04-03T01:10:54.188+0600][11.374s][info][gc,phases   ] GC(4) Concurrent Select Relocation Set 43.954ms
[2026-04-03T01:10:54.190+0600][11.376s][info][gc,phases   ] GC(4) Pause Relocate Start 0.019ms
[2026-04-03T01:10:54.322+0600][11.508s][info][gc,phases   ] GC(4) Concurrent Relocate 131.458ms
[2026-04-03T01:10:54.322+0600][11.508s][info][gc,load     ] GC(4) Load: 6.98/5.94/4.46
[2026-04-03T01:10:54.322+0600][11.508s][info][gc,mmu      ] GC(4) MMU: 2ms/98.5%, 5ms/99.4%, 10ms/99.7%, 20ms/99.8%, 50ms/99.9%, 100ms/100.0%
[2026-04-03T01:10:54.322+0600][11.508s][info][gc,marking  ] GC(4) Mark: 2 stripe(s), 2 proactive flush(es), 1 terminate flush(es), 0 completion(s), 0 continuation(s) 
[2026-04-03T01:10:54.322+0600][11.508s][info][gc,marking  ] GC(4) Mark Stack Usage: 32M
[2026-04-03T01:10:54.322+0600][11.508s][info][gc,nmethod  ] GC(4) NMethods: 6024 registered, 390 unregistered
[2026-04-03T01:10:54.322+0600][11.508s][info][gc,metaspace] GC(4) Metaspace: 24M used, 24M committed, 1088M reserved
[2026-04-03T01:10:54.322+0600][11.508s][info][gc,ref      ] GC(4) Soft: 2042 encountered, 0 discovered, 0 enqueued
[2026-04-03T01:10:54.322+0600][11.508s][info][gc,ref      ] GC(4) Weak: 1247 encountered, 161 discovered, 2 enqueued
[2026-04-03T01:10:54.322+0600][11.508s][info][gc,ref      ] GC(4) Final: 3 encountered, 0 discovered, 0 enqueued
[2026-04-03T01:10:54.322+0600][11.508s][info][gc,ref      ] GC(4) Phantom: 69 encountered, 50 discovered, 0 enqueued
[2026-04-03T01:10:54.322+0600][11.508s][info][gc,reloc    ] GC(4) Small Pages: 1450 / 2900M, Empty: 336M, Relocated: 113M, In-Place: 0
[2026-04-03T01:10:54.322+0600][11.508s][info][gc,reloc    ] GC(4) Medium Pages: 1 / 32M, Empty: 0M, Relocated: 0M, In-Place: 0
[2026-04-03T01:10:54.322+0600][11.508s][info][gc,reloc    ] GC(4) Large Pages: 0 / 0M, Empty: 0M, Relocated: 0M, In-Place: 0
[2026-04-03T01:10:54.322+0600][11.508s][info][gc,reloc    ] GC(4) Forwarding Usage: 37M
[2026-04-03T01:10:54.322+0600][11.508s][info][gc,heap     ] GC(4) Min Capacity: 8M(0%)
[2026-04-03T01:10:54.322+0600][11.508s][info][gc,heap     ] GC(4) Max Capacity: 3922M(100%)
[2026-04-03T01:10:54.322+0600][11.508s][info][gc,heap     ] GC(4) Soft Max Capacity: 3922M(100%)
[2026-04-03T01:10:54.322+0600][11.508s][info][gc,heap     ] GC(4)                Mark Start          Mark End        Relocate Start      Relocate End           High               Low         
[2026-04-03T01:10:54.322+0600][11.508s][info][gc,heap     ] GC(4)  Capacity:     2932M (75%)        3258M (83%)        3268M (83%)        3268M (83%)        3268M (83%)        2932M (75%)    
[2026-04-03T01:10:54.322+0600][11.508s][info][gc,heap     ] GC(4)      Free:      990M (25%)         666M (17%)         946M (24%)        3260M (83%)        3266M (83%)         654M (17%)    
[2026-04-03T01:10:54.322+0600][11.508s][info][gc,heap     ] GC(4)      Used:     2932M (75%)        3256M (83%)        2976M (76%)         662M (17%)        3268M (83%)         656M (17%)    
[2026-04-03T01:10:54.322+0600][11.508s][info][gc,heap     ] GC(4)      Live:         -               134M (3%)          134M (3%)          134M (3%)             -                  -          
[2026-04-03T01:10:54.322+0600][11.508s][info][gc,heap     ] GC(4) Allocated:         -               324M (8%)          380M (10%)         487M (12%)            -                  -          
[2026-04-03T01:10:54.322+0600][11.508s][info][gc,heap     ] GC(4)   Garbage:         -              2797M (71%)        2461M (63%)          39M (1%)             -                  -          
[2026-04-03T01:10:54.322+0600][11.508s][info][gc,heap     ] GC(4) Reclaimed:         -                  -               336M (9%)         2757M (70%)            -                  -          
[2026-04-03T01:10:54.322+0600][11.508s][info][gc          ] GC(4) Garbage Collection (Allocation Rate) 2932M(75%)->662M(17%)
[2026-04-03T01:10:56.202+0600][13.388s][info][gc,heap,exit] Heap
[2026-04-03T01:10:56.202+0600][13.388s][info][gc,heap,exit]  ZHeap           used 2120M, capacity 3268M, max capacity 3922M
[2026-04-03T01:10:56.202+0600][13.388s][info][gc,heap,exit]  Metaspace       used 25189K, committed 25472K, reserved 1114112K
[2026-04-03T01:10:56.202+0600][13.388s][info][gc,heap,exit]   class space    used 3087K, committed 3200K, reserved 1048576K
