[2026-04-03T01:51:35.624+0600][0.004s][info][gc,init] CardTable entry size: 512
[2026-04-03T01:51:35.624+0600][0.005s][info][gc     ] Using G1
[2026-04-03T01:51:35.626+0600][0.007s][info][gc,init] Version: 21.0.10+7-Ubuntu-124.04 (release)
[2026-04-03T01:51:35.626+0600][0.007s][info][gc,init] CPUs: 12 total, 12 available
[2026-04-03T01:51:35.626+0600][0.007s][info][gc,init] Memory: 15683M
[2026-04-03T01:51:35.626+0600][0.007s][info][gc,init] Large Page Support: Disabled
[2026-04-03T01:51:35.626+0600][0.007s][info][gc,init] NUMA Support: Disabled
[2026-04-03T01:51:35.626+0600][0.007s][info][gc,init] Compressed Oops: Enabled (Zero based)
[2026-04-03T01:51:35.626+0600][0.007s][info][gc,init] Heap Region Size: 2M
[2026-04-03T01:51:35.626+0600][0.007s][info][gc,init] Heap Min Capacity: 8M
[2026-04-03T01:51:35.626+0600][0.007s][info][gc,init] Heap Initial Capacity: 246M
[2026-04-03T01:51:35.626+0600][0.007s][info][gc,init] Heap Max Capacity: 3922M
[2026-04-03T01:51:35.626+0600][0.007s][info][gc,init] Pre-touch: Disabled
[2026-04-03T01:51:35.626+0600][0.007s][info][gc,init] Parallel Workers: 10
[2026-04-03T01:51:35.626+0600][0.007s][info][gc,init] Concurrent Workers: 2
[2026-04-03T01:51:35.626+0600][0.007s][info][gc,init] Concurrent Refinement Workers: 10
[2026-04-03T01:51:35.626+0600][0.007s][info][gc,init] Periodic GC: Disabled
[2026-04-03T01:51:35.640+0600][0.020s][info][gc,metaspace] CDS archive(s) mapped at: [0x00007df85b000000-0x00007df85bc9c000-0x00007df85bc9c000), size 13221888, SharedBaseAddress: 0x00007df85b000000, ArchiveRelocationMode: 1.
[2026-04-03T01:51:35.640+0600][0.020s][info][gc,metaspace] Compressed class space mapped at: 0x00007df85c000000-0x00007df89c000000, reserved size: 1073741824
[2026-04-03T01:51:35.640+0600][0.020s][info][gc,metaspace] Narrow klass base: 0x00007df85b000000, Narrow klass shift: 0, Narrow klass range: 0x100000000
[2026-04-03T01:51:36.019+0600][0.400s][info][gc,start    ] GC(0) Pause Young (Normal) (G1 Evacuation Pause)
[2026-04-03T01:51:36.020+0600][0.401s][info][gc,task     ] GC(0) Using 5 workers of 10 for evacuation
[2026-04-03T01:51:36.023+0600][0.404s][info][gc,phases   ] GC(0)   Pre Evacuate Collection Set: 0.30ms
[2026-04-03T01:51:36.023+0600][0.404s][info][gc,phases   ] GC(0)   Merge Heap Roots: 0.15ms
[2026-04-03T01:51:36.023+0600][0.404s][info][gc,phases   ] GC(0)   Evacuate Collection Set: 1.93ms
[2026-04-03T01:51:36.023+0600][0.404s][info][gc,phases   ] GC(0)   Post Evacuate Collection Set: 0.47ms
[2026-04-03T01:51:36.024+0600][0.404s][info][gc,phases   ] GC(0)   Other: 1.10ms
[2026-04-03T01:51:36.024+0600][0.404s][info][gc,heap     ] GC(0) Eden regions: 11->0(22)
[2026-04-03T01:51:36.024+0600][0.404s][info][gc,heap     ] GC(0) Survivor regions: 0->2(2)
[2026-04-03T01:51:36.024+0600][0.404s][info][gc,heap     ] GC(0) Old regions: 1->1
[2026-04-03T01:51:36.024+0600][0.404s][info][gc,heap     ] GC(0) Humongous regions: 0->0
[2026-04-03T01:51:36.024+0600][0.404s][info][gc,metaspace] GC(0) Metaspace: 2534K(2688K)->2534K(2688K) NonClass: 2306K(2368K)->2306K(2368K) Class: 228K(320K)->228K(320K)
[2026-04-03T01:51:36.024+0600][0.404s][info][gc          ] GC(0) Pause Young (Normal) (G1 Evacuation Pause) 23M->3M(248M) 4.272ms
[2026-04-03T01:51:36.024+0600][0.404s][info][gc,cpu      ] GC(0) User=0.01s Sys=0.01s Real=0.01s
[2026-04-03T01:51:36.163+0600][0.543s][info][gc,start    ] GC(1) Pause Young (Normal) (G1 Evacuation Pause)
[2026-04-03T01:51:36.163+0600][0.543s][info][gc,task     ] GC(1) Using 5 workers of 10 for evacuation
[2026-04-03T01:51:36.166+0600][0.546s][info][gc,phases   ] GC(1)   Pre Evacuate Collection Set: 0.31ms
[2026-04-03T01:51:36.166+0600][0.546s][info][gc,phases   ] GC(1)   Merge Heap Roots: 0.13ms
[2026-04-03T01:51:36.166+0600][0.546s][info][gc,phases   ] GC(1)   Evacuate Collection Set: 1.73ms
[2026-04-03T01:51:36.166+0600][0.546s][info][gc,phases   ] GC(1)   Post Evacuate Collection Set: 0.54ms
[2026-04-03T01:51:36.166+0600][0.546s][info][gc,phases   ] GC(1)   Other: 0.07ms
[2026-04-03T01:51:36.166+0600][0.546s][info][gc,heap     ] GC(1) Eden regions: 22->0(71)
[2026-04-03T01:51:36.166+0600][0.546s][info][gc,heap     ] GC(1) Survivor regions: 2->2(3)
[2026-04-03T01:51:36.166+0600][0.546s][info][gc,heap     ] GC(1) Old regions: 1->1
[2026-04-03T01:51:36.166+0600][0.546s][info][gc,heap     ] GC(1) Humongous regions: 0->0
[2026-04-03T01:51:36.166+0600][0.546s][info][gc,metaspace] GC(1) Metaspace: 3806K(3968K)->3806K(3968K) NonClass: 3373K(3456K)->3373K(3456K) Class: 432K(512K)->432K(512K)
[2026-04-03T01:51:36.166+0600][0.546s][info][gc          ] GC(1) Pause Young (Normal) (G1 Evacuation Pause) 47M->3M(248M) 3.008ms
[2026-04-03T01:51:36.166+0600][0.546s][info][gc,cpu      ] GC(1) User=0.00s Sys=0.00s Real=0.00s
[2026-04-03T01:51:36.649+0600][1.029s][info][gc,start    ] GC(2) Pause Full (System.gc())
[2026-04-03T01:51:36.649+0600][1.029s][info][gc,task     ] GC(2) Using 5 workers of 10 for full compaction
[2026-04-03T01:51:36.649+0600][1.030s][info][gc,phases,start] GC(2) Phase 1: Mark live objects
[2026-04-03T01:51:36.654+0600][1.035s][info][gc,phases      ] GC(2) Phase 1: Mark live objects 5.144ms
[2026-04-03T01:51:36.654+0600][1.035s][info][gc,phases,start] GC(2) Phase 2: Prepare compaction
[2026-04-03T01:51:36.656+0600][1.037s][info][gc,phases      ] GC(2) Phase 2: Prepare compaction 1.838ms
[2026-04-03T01:51:36.656+0600][1.037s][info][gc,phases,start] GC(2) Phase 3: Adjust pointers
[2026-04-03T01:51:36.658+0600][1.039s][info][gc,phases      ] GC(2) Phase 3: Adjust pointers 2.250ms
[2026-04-03T01:51:36.658+0600][1.039s][info][gc,phases,start] GC(2) Phase 4: Compact heap
[2026-04-03T01:51:36.663+0600][1.043s][info][gc,phases      ] GC(2) Phase 4: Compact heap 4.513ms
[2026-04-03T01:51:36.663+0600][1.043s][info][gc,phases,start] GC(2) Phase 5: Reset Metadata
[2026-04-03T01:51:36.663+0600][1.044s][info][gc,phases      ] GC(2) Phase 5: Reset Metadata 0.286ms
[2026-04-03T01:51:36.666+0600][1.046s][info][gc,heap        ] GC(2) Eden regions: 51->0(10)
[2026-04-03T01:51:36.666+0600][1.046s][info][gc,heap        ] GC(2) Survivor regions: 2->0(3)
[2026-04-03T01:51:36.666+0600][1.046s][info][gc,heap        ] GC(2) Old regions: 1->6
[2026-04-03T01:51:36.666+0600][1.046s][info][gc,heap        ] GC(2) Humongous regions: 0->0
[2026-04-03T01:51:36.666+0600][1.046s][info][gc,metaspace   ] GC(2) Metaspace: 8770K(8960K)->8770K(8960K) NonClass: 7622K(7744K)->7622K(7744K) Class: 1148K(1216K)->1148K(1216K)
[2026-04-03T01:51:36.666+0600][1.046s][info][gc             ] GC(2) Pause Full (System.gc()) 105M->3M(40M) 17.281ms
[2026-04-03T01:51:36.666+0600][1.047s][info][gc,cpu         ] GC(2) User=0.03s Sys=0.01s Real=0.02s
[2026-04-03T01:51:36.741+0600][1.121s][info][gc,start       ] GC(3) Pause Young (Normal) (G1 Evacuation Pause)
[2026-04-03T01:51:36.741+0600][1.121s][info][gc,task        ] GC(3) Using 3 workers of 10 for evacuation
[2026-04-03T01:51:36.742+0600][1.123s][info][gc,phases      ] GC(3)   Pre Evacuate Collection Set: 0.21ms
[2026-04-03T01:51:36.742+0600][1.123s][info][gc,phases      ] GC(3)   Merge Heap Roots: 0.06ms
[2026-04-03T01:51:36.742+0600][1.123s][info][gc,phases      ] GC(3)   Evacuate Collection Set: 0.33ms
[2026-04-03T01:51:36.742+0600][1.123s][info][gc,phases      ] GC(3)   Post Evacuate Collection Set: 0.43ms
[2026-04-03T01:51:36.742+0600][1.123s][info][gc,phases      ] GC(3)   Other: 0.07ms
[2026-04-03T01:51:36.742+0600][1.123s][info][gc,heap        ] GC(3) Eden regions: 10->0(10)
[2026-04-03T01:51:36.742+0600][1.123s][info][gc,heap        ] GC(3) Survivor regions: 0->1(2)
[2026-04-03T01:51:36.742+0600][1.123s][info][gc,heap        ] GC(3) Old regions: 6->6
[2026-04-03T01:51:36.742+0600][1.123s][info][gc,heap        ] GC(3) Humongous regions: 0->0
[2026-04-03T01:51:36.742+0600][1.123s][info][gc,metaspace   ] GC(3) Metaspace: 9507K(9728K)->9507K(9728K) NonClass: 8304K(8448K)->8304K(8448K) Class: 1202K(1280K)->1202K(1280K)
[2026-04-03T01:51:36.742+0600][1.123s][info][gc             ] GC(3) Pause Young (Normal) (G1 Evacuation Pause) 23M->4M(40M) 1.283ms
[2026-04-03T01:51:36.742+0600][1.123s][info][gc,cpu         ] GC(3) User=0.00s Sys=0.00s Real=0.00s
[2026-04-03T01:51:36.789+0600][1.170s][info][gc,start       ] GC(4) Pause Young (Normal) (G1 Evacuation Pause)
[2026-04-03T01:51:36.789+0600][1.170s][info][gc,task        ] GC(4) Using 2 workers of 10 for evacuation
[2026-04-03T01:51:36.790+0600][1.171s][info][gc,phases      ] GC(4)   Pre Evacuate Collection Set: 0.28ms
[2026-04-03T01:51:36.790+0600][1.171s][info][gc,phases      ] GC(4)   Merge Heap Roots: 0.05ms
[2026-04-03T01:51:36.790+0600][1.171s][info][gc,phases      ] GC(4)   Evacuate Collection Set: 0.55ms
[2026-04-03T01:51:36.790+0600][1.171s][info][gc,phases      ] GC(4)   Post Evacuate Collection Set: 0.43ms
[2026-04-03T01:51:36.790+0600][1.171s][info][gc,phases      ] GC(4)   Other: 0.06ms
[2026-04-03T01:51:36.790+0600][1.171s][info][gc,heap        ] GC(4) Eden regions: 10->0(11)
[2026-04-03T01:51:36.790+0600][1.171s][info][gc,heap        ] GC(4) Survivor regions: 1->1(2)
[2026-04-03T01:51:36.790+0600][1.171s][info][gc,heap        ] GC(4) Old regions: 6->6
[2026-04-03T01:51:36.790+0600][1.171s][info][gc,heap        ] GC(4) Humongous regions: 0->0
[2026-04-03T01:51:36.790+0600][1.171s][info][gc,metaspace   ] GC(4) Metaspace: 10127K(10368K)->10127K(10368K) NonClass: 8809K(8960K)->8809K(8960K) Class: 1317K(1408K)->1317K(1408K)
[2026-04-03T01:51:36.790+0600][1.171s][info][gc             ] GC(4) Pause Young (Normal) (G1 Evacuation Pause) 24M->4M(40M) 1.577ms
[2026-04-03T01:51:36.790+0600][1.171s][info][gc,cpu         ] GC(4) User=0.00s Sys=0.00s Real=0.01s
[2026-04-03T01:51:36.829+0600][1.210s][info][gc,start       ] GC(5) Pause Young (Normal) (G1 Evacuation Pause)
[2026-04-03T01:51:36.829+0600][1.210s][info][gc,task        ] GC(5) Using 2 workers of 10 for evacuation
[2026-04-03T01:51:36.830+0600][1.211s][info][gc,phases      ] GC(5)   Pre Evacuate Collection Set: 0.15ms
[2026-04-03T01:51:36.830+0600][1.211s][info][gc,phases      ] GC(5)   Merge Heap Roots: 0.05ms
[2026-04-03T01:51:36.830+0600][1.211s][info][gc,phases      ] GC(5)   Evacuate Collection Set: 0.42ms
[2026-04-03T01:51:36.830+0600][1.211s][info][gc,phases      ] GC(5)   Post Evacuate Collection Set: 0.32ms
[2026-04-03T01:51:36.830+0600][1.211s][info][gc,phases      ] GC(5)   Other: 0.05ms
[2026-04-03T01:51:36.830+0600][1.211s][info][gc,heap        ] GC(5) Eden regions: 11->0(11)
[2026-04-03T01:51:36.830+0600][1.211s][info][gc,heap        ] GC(5) Survivor regions: 1->1(2)
[2026-04-03T01:51:36.830+0600][1.211s][info][gc,heap        ] GC(5) Old regions: 6->6
[2026-04-03T01:51:36.830+0600][1.211s][info][gc,heap        ] GC(5) Humongous regions: 0->0
[2026-04-03T01:51:36.830+0600][1.211s][info][gc,metaspace   ] GC(5) Metaspace: 10582K(10816K)->10582K(10816K) NonClass: 9208K(9344K)->9208K(9344K) Class: 1373K(1472K)->1373K(1472K)
[2026-04-03T01:51:36.830+0600][1.211s][info][gc             ] GC(5) Pause Young (Normal) (G1 Evacuation Pause) 26M->4M(40M) 1.183ms
[2026-04-03T01:51:36.830+0600][1.211s][info][gc,cpu         ] GC(5) User=0.00s Sys=0.00s Real=0.01s
[2026-04-03T01:51:36.891+0600][1.271s][info][gc,start       ] GC(6) Pause Young (Normal) (G1 Evacuation Pause)
[2026-04-03T01:51:36.891+0600][1.272s][info][gc,task        ] GC(6) Using 2 workers of 10 for evacuation
[2026-04-03T01:51:36.892+0600][1.273s][info][gc,phases      ] GC(6)   Pre Evacuate Collection Set: 0.15ms
[2026-04-03T01:51:36.892+0600][1.273s][info][gc,phases      ] GC(6)   Merge Heap Roots: 0.04ms
[2026-04-03T01:51:36.892+0600][1.273s][info][gc,phases      ] GC(6)   Evacuate Collection Set: 0.59ms
[2026-04-03T01:51:36.892+0600][1.273s][info][gc,phases      ] GC(6)   Post Evacuate Collection Set: 0.58ms
[2026-04-03T01:51:36.892+0600][1.273s][info][gc,phases      ] GC(6)   Other: 0.06ms
[2026-04-03T01:51:36.892+0600][1.273s][info][gc,heap        ] GC(6) Eden regions: 11->0(42)
[2026-04-03T01:51:36.892+0600][1.273s][info][gc,heap        ] GC(6) Survivor regions: 1->1(2)
[2026-04-03T01:51:36.892+0600][1.273s][info][gc,heap        ] GC(6) Old regions: 6->6
[2026-04-03T01:51:36.892+0600][1.273s][info][gc,heap        ] GC(6) Humongous regions: 0->0
[2026-04-03T01:51:36.892+0600][1.273s][info][gc,metaspace   ] GC(6) Metaspace: 11635K(11840K)->11635K(11840K) NonClass: 10072K(10176K)->10072K(10176K) Class: 1562K(1664K)->1562K(1664K)
[2026-04-03T01:51:36.892+0600][1.273s][info][gc             ] GC(6) Pause Young (Normal) (G1 Evacuation Pause) 26M->4M(144M) 1.619ms
[2026-04-03T01:51:36.892+0600][1.273s][info][gc,cpu         ] GC(6) User=0.01s Sys=0.00s Real=0.00s
[2026-04-03T01:51:37.659+0600][2.040s][info][gc,start       ] GC(7) Pause Young (Normal) (G1 Evacuation Pause)
[2026-04-03T01:51:37.661+0600][2.041s][info][gc,task        ] GC(7) Using 10 workers of 10 for evacuation
[2026-04-03T01:51:37.663+0600][2.044s][info][gc,phases      ] GC(7)   Pre Evacuate Collection Set: 0.21ms
[2026-04-03T01:51:37.664+0600][2.044s][info][gc,phases      ] GC(7)   Merge Heap Roots: 0.15ms
[2026-04-03T01:51:37.664+0600][2.044s][info][gc,phases      ] GC(7)   Evacuate Collection Set: 1.63ms
[2026-04-03T01:51:37.664+0600][2.044s][info][gc,phases      ] GC(7)   Post Evacuate Collection Set: 0.59ms
[2026-04-03T01:51:37.664+0600][2.044s][info][gc,phases      ] GC(7)   Other: 1.59ms
[2026-04-03T01:51:37.664+0600][2.044s][info][gc,heap        ] GC(7) Eden regions: 42->0(42)
[2026-04-03T01:51:37.664+0600][2.044s][info][gc,heap        ] GC(7) Survivor regions: 1->1(6)
[2026-04-03T01:51:37.664+0600][2.044s][info][gc,heap        ] GC(7) Old regions: 6->6
[2026-04-03T01:51:37.664+0600][2.044s][info][gc,heap        ] GC(7) Humongous regions: 0->0
[2026-04-03T01:51:37.664+0600][2.044s][info][gc,metaspace   ] GC(7) Metaspace: 13840K(14144K)->13840K(14144K) NonClass: 12041K(12224K)->12041K(12224K) Class: 1799K(1920K)->1799K(1920K)
[2026-04-03T01:51:37.664+0600][2.044s][info][gc             ] GC(7) Pause Young (Normal) (G1 Evacuation Pause) 88M->4M(144M) 4.593ms
[2026-04-03T01:51:37.664+0600][2.044s][info][gc,cpu         ] GC(7) User=0.01s Sys=0.00s Real=0.01s
[2026-04-03T01:51:38.262+0600][2.643s][info][gc,start       ] GC(8) Pause Young (Normal) (G1 Evacuation Pause)
[2026-04-03T01:51:38.262+0600][2.643s][info][gc,task        ] GC(8) Using 10 workers of 10 for evacuation
[2026-04-03T01:51:38.264+0600][2.645s][info][gc,phases      ] GC(8)   Pre Evacuate Collection Set: 0.18ms
[2026-04-03T01:51:38.265+0600][2.645s][info][gc,phases      ] GC(8)   Merge Heap Roots: 0.11ms
[2026-04-03T01:51:38.265+0600][2.645s][info][gc,phases      ] GC(8)   Evacuate Collection Set: 1.29ms
[2026-04-03T01:51:38.265+0600][2.645s][info][gc,phases      ] GC(8)   Post Evacuate Collection Set: 0.81ms
[2026-04-03T01:51:38.265+0600][2.645s][info][gc,phases      ] GC(8)   Other: 0.10ms
[2026-04-03T01:51:38.265+0600][2.645s][info][gc,heap        ] GC(8) Eden regions: 42->0(42)
[2026-04-03T01:51:38.265+0600][2.645s][info][gc,heap        ] GC(8) Survivor regions: 1->1(6)
[2026-04-03T01:51:38.265+0600][2.645s][info][gc,heap        ] GC(8) Old regions: 6->6
[2026-04-03T01:51:38.265+0600][2.645s][info][gc,heap        ] GC(8) Humongous regions: 0->0
[2026-04-03T01:51:38.265+0600][2.645s][info][gc,metaspace   ] GC(8) Metaspace: 13890K(14144K)->13890K(14144K) NonClass: 12083K(12224K)->12083K(12224K) Class: 1806K(1920K)->1806K(1920K)
[2026-04-03T01:51:38.265+0600][2.645s][info][gc             ] GC(8) Pause Young (Normal) (G1 Evacuation Pause) 88M->4M(144M) 2.891ms
[2026-04-03T01:51:38.265+0600][2.645s][info][gc,cpu         ] GC(8) User=0.02s Sys=0.00s Real=0.00s
[2026-04-03T01:51:39.026+0600][3.407s][info][gc,start       ] GC(9) Pause Young (Normal) (G1 Evacuation Pause)
[2026-04-03T01:51:39.026+0600][3.407s][info][gc,task        ] GC(9) Using 10 workers of 10 for evacuation
[2026-04-03T01:51:39.028+0600][3.409s][info][gc,phases      ] GC(9)   Pre Evacuate Collection Set: 0.17ms
[2026-04-03T01:51:39.028+0600][3.409s][info][gc,phases      ] GC(9)   Merge Heap Roots: 0.11ms
[2026-04-03T01:51:39.028+0600][3.409s][info][gc,phases      ] GC(9)   Evacuate Collection Set: 0.96ms
[2026-04-03T01:51:39.028+0600][3.409s][info][gc,phases      ] GC(9)   Post Evacuate Collection Set: 0.41ms
[2026-04-03T01:51:39.028+0600][3.409s][info][gc,phases      ] GC(9)   Other: 0.09ms
[2026-04-03T01:51:39.028+0600][3.409s][info][gc,heap        ] GC(9) Eden regions: 42->0(42)
[2026-04-03T01:51:39.028+0600][3.409s][info][gc,heap        ] GC(9) Survivor regions: 1->1(6)
[2026-04-03T01:51:39.028+0600][3.409s][info][gc,heap        ] GC(9) Old regions: 6->6
[2026-04-03T01:51:39.028+0600][3.409s][info][gc,heap        ] GC(9) Humongous regions: 0->0
[2026-04-03T01:51:39.028+0600][3.409s][info][gc,metaspace   ] GC(9) Metaspace: 13910K(14144K)->13910K(14144K) NonClass: 12103K(12224K)->12103K(12224K) Class: 1806K(1920K)->1806K(1920K)
[2026-04-03T01:51:39.028+0600][3.409s][info][gc             ] GC(9) Pause Young (Normal) (G1 Evacuation Pause) 88M->4M(144M) 2.045ms
[2026-04-03T01:51:39.028+0600][3.409s][info][gc,cpu         ] GC(9) User=0.01s Sys=0.00s Real=0.00s
[2026-04-03T01:51:39.542+0600][3.923s][info][gc,start       ] GC(10) Pause Young (Normal) (G1 Evacuation Pause)
[2026-04-03T01:51:39.542+0600][3.923s][info][gc,task        ] GC(10) Using 10 workers of 10 for evacuation
[2026-04-03T01:51:39.544+0600][3.925s][info][gc,phases      ] GC(10)   Pre Evacuate Collection Set: 0.29ms
[2026-04-03T01:51:39.544+0600][3.925s][info][gc,phases      ] GC(10)   Merge Heap Roots: 0.11ms
[2026-04-03T01:51:39.544+0600][3.925s][info][gc,phases      ] GC(10)   Evacuate Collection Set: 0.77ms
[2026-04-03T01:51:39.544+0600][3.925s][info][gc,phases      ] GC(10)   Post Evacuate Collection Set: 0.56ms
[2026-04-03T01:51:39.544+0600][3.925s][info][gc,phases      ] GC(10)   Other: 0.11ms
[2026-04-03T01:51:39.544+0600][3.925s][info][gc,heap        ] GC(10) Eden regions: 42->0(42)
[2026-04-03T01:51:39.544+0600][3.925s][info][gc,heap        ] GC(10) Survivor regions: 1->1(6)
[2026-04-03T01:51:39.544+0600][3.925s][info][gc,heap        ] GC(10) Old regions: 6->6
[2026-04-03T01:51:39.544+0600][3.925s][info][gc,heap        ] GC(10) Humongous regions: 0->0
[2026-04-03T01:51:39.544+0600][3.925s][info][gc,metaspace   ] GC(10) Metaspace: 13929K(14208K)->13929K(14208K) NonClass: 12122K(12288K)->12122K(12288K) Class: 1806K(1920K)->1806K(1920K)
[2026-04-03T01:51:39.544+0600][3.925s][info][gc             ] GC(10) Pause Young (Normal) (G1 Evacuation Pause) 88M->4M(144M) 2.204ms
[2026-04-03T01:51:39.544+0600][3.925s][info][gc,cpu         ] GC(10) User=0.01s Sys=0.00s Real=0.00s
[2026-04-03T01:51:39.767+0600][4.147s][info][gc,start       ] GC(11) Pause Young (Normal) (G1 Evacuation Pause)
[2026-04-03T01:51:39.767+0600][4.147s][info][gc,task        ] GC(11) Using 10 workers of 10 for evacuation
[2026-04-03T01:51:39.769+0600][4.149s][info][gc,phases      ] GC(11)   Pre Evacuate Collection Set: 0.17ms
[2026-04-03T01:51:39.769+0600][4.149s][info][gc,phases      ] GC(11)   Merge Heap Roots: 0.08ms
[2026-04-03T01:51:39.769+0600][4.149s][info][gc,phases      ] GC(11)   Evacuate Collection Set: 0.99ms
[2026-04-03T01:51:39.769+0600][4.149s][info][gc,phases      ] GC(11)   Post Evacuate Collection Set: 0.50ms
[2026-04-03T01:51:39.769+0600][4.149s][info][gc,phases      ] GC(11)   Other: 0.09ms
[2026-04-03T01:51:39.769+0600][4.149s][info][gc,heap        ] GC(11) Eden regions: 42->0(42)
[2026-04-03T01:51:39.769+0600][4.149s][info][gc,heap        ] GC(11) Survivor regions: 1->1(6)
[2026-04-03T01:51:39.769+0600][4.149s][info][gc,heap        ] GC(11) Old regions: 6->6
[2026-04-03T01:51:39.769+0600][4.149s][info][gc,heap        ] GC(11) Humongous regions: 0->0
[2026-04-03T01:51:39.769+0600][4.149s][info][gc,metaspace   ] GC(11) Metaspace: 13936K(14208K)->13936K(14208K) NonClass: 12129K(12288K)->12129K(12288K) Class: 1806K(1920K)->1806K(1920K)
[2026-04-03T01:51:39.769+0600][4.149s][info][gc             ] GC(11) Pause Young (Normal) (G1 Evacuation Pause) 88M->4M(144M) 2.202ms
[2026-04-03T01:51:39.769+0600][4.149s][info][gc,cpu         ] GC(11) User=0.02s Sys=0.00s Real=0.00s
[2026-04-03T01:51:39.938+0600][4.319s][info][gc,start       ] GC(12) Pause Young (Normal) (G1 Evacuation Pause)
[2026-04-03T01:51:39.938+0600][4.319s][info][gc,task        ] GC(12) Using 10 workers of 10 for evacuation
[2026-04-03T01:51:39.940+0600][4.321s][info][gc,phases      ] GC(12)   Pre Evacuate Collection Set: 0.19ms
[2026-04-03T01:51:39.940+0600][4.321s][info][gc,phases      ] GC(12)   Merge Heap Roots: 0.10ms
[2026-04-03T01:51:39.940+0600][4.321s][info][gc,phases      ] GC(12)   Evacuate Collection Set: 1.12ms
[2026-04-03T01:51:39.940+0600][4.321s][info][gc,phases      ] GC(12)   Post Evacuate Collection Set: 0.54ms
[2026-04-03T01:51:39.940+0600][4.321s][info][gc,phases      ] GC(12)   Other: 0.09ms
[2026-04-03T01:51:39.940+0600][4.321s][info][gc,heap        ] GC(12) Eden regions: 42->0(42)
[2026-04-03T01:51:39.940+0600][4.321s][info][gc,heap        ] GC(12) Survivor regions: 1->1(6)
[2026-04-03T01:51:39.940+0600][4.321s][info][gc,heap        ] GC(12) Old regions: 6->6
[2026-04-03T01:51:39.940+0600][4.321s][info][gc,heap        ] GC(12) Humongous regions: 0->0
[2026-04-03T01:51:39.940+0600][4.321s][info][gc,metaspace   ] GC(12) Metaspace: 13938K(14208K)->13938K(14208K) NonClass: 12132K(12288K)->12132K(12288K) Class: 1806K(1920K)->1806K(1920K)
[2026-04-03T01:51:39.940+0600][4.321s][info][gc             ] GC(12) Pause Young (Normal) (G1 Evacuation Pause) 88M->4M(144M) 2.355ms
[2026-04-03T01:51:39.940+0600][4.321s][info][gc,cpu         ] GC(12) User=0.01s Sys=0.00s Real=0.01s
[2026-04-03T01:51:40.098+0600][4.479s][info][gc,start       ] GC(13) Pause Young (Normal) (G1 Evacuation Pause)
[2026-04-03T01:51:40.098+0600][4.479s][info][gc,task        ] GC(13) Using 10 workers of 10 for evacuation
[2026-04-03T01:51:40.100+0600][4.481s][info][gc,phases      ] GC(13)   Pre Evacuate Collection Set: 0.19ms
[2026-04-03T01:51:40.100+0600][4.481s][info][gc,phases      ] GC(13)   Merge Heap Roots: 0.11ms
[2026-04-03T01:51:40.100+0600][4.481s][info][gc,phases      ] GC(13)   Evacuate Collection Set: 0.96ms
[2026-04-03T01:51:40.100+0600][4.481s][info][gc,phases      ] GC(13)   Post Evacuate Collection Set: 0.54ms
[2026-04-03T01:51:40.100+0600][4.481s][info][gc,phases      ] GC(13)   Other: 0.09ms
[2026-04-03T01:51:40.100+0600][4.481s][info][gc,heap        ] GC(13) Eden regions: 42->0(42)
[2026-04-03T01:51:40.100+0600][4.481s][info][gc,heap        ] GC(13) Survivor regions: 1->1(6)
[2026-04-03T01:51:40.100+0600][4.481s][info][gc,heap        ] GC(13) Old regions: 6->6
[2026-04-03T01:51:40.100+0600][4.481s][info][gc,heap        ] GC(13) Humongous regions: 0->0
[2026-04-03T01:51:40.100+0600][4.481s][info][gc,metaspace   ] GC(13) Metaspace: 13946K(14208K)->13946K(14208K) NonClass: 12139K(12288K)->12139K(12288K) Class: 1806K(1920K)->1806K(1920K)
[2026-04-03T01:51:40.100+0600][4.481s][info][gc             ] GC(13) Pause Young (Normal) (G1 Evacuation Pause) 88M->4M(144M) 2.165ms
[2026-04-03T01:51:40.100+0600][4.481s][info][gc,cpu         ] GC(13) User=0.01s Sys=0.00s Real=0.01s
[2026-04-03T01:51:40.301+0600][4.682s][info][gc,start       ] GC(14) Pause Young (Normal) (G1 Evacuation Pause)
[2026-04-03T01:51:40.301+0600][4.682s][info][gc,task        ] GC(14) Using 10 workers of 10 for evacuation
[2026-04-03T01:51:40.303+0600][4.684s][info][gc,phases      ] GC(14)   Pre Evacuate Collection Set: 0.28ms
[2026-04-03T01:51:40.303+0600][4.684s][info][gc,phases      ] GC(14)   Merge Heap Roots: 0.09ms
[2026-04-03T01:51:40.303+0600][4.684s][info][gc,phases      ] GC(14)   Evacuate Collection Set: 0.88ms
[2026-04-03T01:51:40.303+0600][4.684s][info][gc,phases      ] GC(14)   Post Evacuate Collection Set: 0.58ms
[2026-04-03T01:51:40.303+0600][4.684s][info][gc,phases      ] GC(14)   Other: 0.11ms
[2026-04-03T01:51:40.303+0600][4.684s][info][gc,heap        ] GC(14) Eden regions: 42->0(42)
[2026-04-03T01:51:40.303+0600][4.684s][info][gc,heap        ] GC(14) Survivor regions: 1->1(6)
[2026-04-03T01:51:40.303+0600][4.684s][info][gc,heap        ] GC(14) Old regions: 6->6
[2026-04-03T01:51:40.303+0600][4.684s][info][gc,heap        ] GC(14) Humongous regions: 0->0
[2026-04-03T01:51:40.303+0600][4.684s][info][gc,metaspace   ] GC(14) Metaspace: 13951K(14208K)->13951K(14208K) NonClass: 12144K(12288K)->12144K(12288K) Class: 1806K(1920K)->1806K(1920K)
[2026-04-03T01:51:40.303+0600][4.684s][info][gc             ] GC(14) Pause Young (Normal) (G1 Evacuation Pause) 88M->4M(144M) 2.299ms
[2026-04-03T01:51:40.303+0600][4.684s][info][gc,cpu         ] GC(14) User=0.01s Sys=0.00s Real=0.00s
[2026-04-03T01:51:40.463+0600][4.844s][info][gc,start       ] GC(15) Pause Young (Normal) (G1 Evacuation Pause)
[2026-04-03T01:51:40.463+0600][4.844s][info][gc,task        ] GC(15) Using 10 workers of 10 for evacuation
[2026-04-03T01:51:40.465+0600][4.846s][info][gc,phases      ] GC(15)   Pre Evacuate Collection Set: 0.22ms
[2026-04-03T01:51:40.465+0600][4.846s][info][gc,phases      ] GC(15)   Merge Heap Roots: 0.11ms
[2026-04-03T01:51:40.465+0600][4.846s][info][gc,phases      ] GC(15)   Evacuate Collection Set: 0.73ms
[2026-04-03T01:51:40.465+0600][4.846s][info][gc,phases      ] GC(15)   Post Evacuate Collection Set: 0.60ms
[2026-04-03T01:51:40.465+0600][4.846s][info][gc,phases      ] GC(15)   Other: 0.10ms
[2026-04-03T01:51:40.465+0600][4.846s][info][gc,heap        ] GC(15) Eden regions: 42->0(42)
[2026-04-03T01:51:40.465+0600][4.846s][info][gc,heap        ] GC(15) Survivor regions: 1->1(6)
[2026-04-03T01:51:40.465+0600][4.846s][info][gc,heap        ] GC(15) Old regions: 6->6
[2026-04-03T01:51:40.465+0600][4.846s][info][gc,heap        ] GC(15) Humongous regions: 0->0
[2026-04-03T01:51:40.465+0600][4.846s][info][gc,metaspace   ] GC(15) Metaspace: 13969K(14208K)->13969K(14208K) NonClass: 12163K(12288K)->12163K(12288K) Class: 1806K(1920K)->1806K(1920K)
[2026-04-03T01:51:40.465+0600][4.846s][info][gc             ] GC(15) Pause Young (Normal) (G1 Evacuation Pause) 88M->4M(144M) 2.086ms
[2026-04-03T01:51:40.465+0600][4.846s][info][gc,cpu         ] GC(15) User=0.01s Sys=0.00s Real=0.00s
[2026-04-03T01:51:40.591+0600][4.972s][info][gc,start       ] GC(16) Pause Young (Normal) (G1 Evacuation Pause)
[2026-04-03T01:51:40.592+0600][4.972s][info][gc,task        ] GC(16) Using 10 workers of 10 for evacuation
[2026-04-03T01:51:40.594+0600][4.974s][info][gc,phases      ] GC(16)   Pre Evacuate Collection Set: 0.23ms
[2026-04-03T01:51:40.594+0600][4.974s][info][gc,phases      ] GC(16)   Merge Heap Roots: 0.09ms
[2026-04-03T01:51:40.594+0600][4.974s][info][gc,phases      ] GC(16)   Evacuate Collection Set: 0.85ms
[2026-04-03T01:51:40.594+0600][4.974s][info][gc,phases      ] GC(16)   Post Evacuate Collection Set: 0.65ms
[2026-04-03T01:51:40.594+0600][4.974s][info][gc,phases      ] GC(16)   Other: 0.10ms
[2026-04-03T01:51:40.594+0600][4.974s][info][gc,heap        ] GC(16) Eden regions: 42->0(51)
[2026-04-03T01:51:40.594+0600][4.974s][info][gc,heap        ] GC(16) Survivor regions: 1->1(6)
[2026-04-03T01:51:40.594+0600][4.974s][info][gc,heap        ] GC(16) Old regions: 6->6
[2026-04-03T01:51:40.594+0600][4.974s][info][gc,heap        ] GC(16) Humongous regions: 0->0
[2026-04-03T01:51:40.594+0600][4.974s][info][gc,metaspace   ] GC(16) Metaspace: 13972K(14208K)->13972K(14208K) NonClass: 12166K(12288K)->12166K(12288K) Class: 1806K(1920K)->1806K(1920K)
[2026-04-03T01:51:40.594+0600][4.974s][info][gc             ] GC(16) Pause Young (Normal) (G1 Evacuation Pause) 88M->4M(174M) 2.265ms
[2026-04-03T01:51:40.594+0600][4.974s][info][gc,cpu         ] GC(16) User=0.01s Sys=0.00s Real=0.00s
[2026-04-03T01:51:40.780+0600][5.161s][info][gc,start       ] GC(17) Pause Young (Normal) (G1 Evacuation Pause)
[2026-04-03T01:51:40.780+0600][5.161s][info][gc,task        ] GC(17) Using 10 workers of 10 for evacuation
[2026-04-03T01:51:40.782+0600][5.162s][info][gc,phases      ] GC(17)   Pre Evacuate Collection Set: 0.25ms
[2026-04-03T01:51:40.782+0600][5.163s][info][gc,phases      ] GC(17)   Merge Heap Roots: 0.08ms
[2026-04-03T01:51:40.782+0600][5.163s][info][gc,phases      ] GC(17)   Evacuate Collection Set: 0.88ms
[2026-04-03T01:51:40.782+0600][5.163s][info][gc,phases      ] GC(17)   Post Evacuate Collection Set: 0.48ms
[2026-04-03T01:51:40.782+0600][5.163s][info][gc,phases      ] GC(17)   Other: 0.12ms
[2026-04-03T01:51:40.782+0600][5.163s][info][gc,heap        ] GC(17) Eden regions: 51->0(51)
[2026-04-03T01:51:40.782+0600][5.163s][info][gc,heap        ] GC(17) Survivor regions: 1->1(7)
[2026-04-03T01:51:40.782+0600][5.163s][info][gc,heap        ] GC(17) Old regions: 6->6
[2026-04-03T01:51:40.782+0600][5.163s][info][gc,heap        ] GC(17) Humongous regions: 0->0
[2026-04-03T01:51:40.782+0600][5.163s][info][gc,metaspace   ] GC(17) Metaspace: 13976K(14208K)->13976K(14208K) NonClass: 12169K(12288K)->12169K(12288K) Class: 1806K(1920K)->1806K(1920K)
[2026-04-03T01:51:40.782+0600][5.163s][info][gc             ] GC(17) Pause Young (Normal) (G1 Evacuation Pause) 106M->4M(174M) 2.188ms
[2026-04-03T01:51:40.782+0600][5.163s][info][gc,cpu         ] GC(17) User=0.01s Sys=0.00s Real=0.00s
[2026-04-03T01:51:40.942+0600][5.322s][info][gc,start       ] GC(18) Pause Young (Normal) (G1 Evacuation Pause)
[2026-04-03T01:51:40.942+0600][5.322s][info][gc,task        ] GC(18) Using 10 workers of 10 for evacuation
[2026-04-03T01:51:40.944+0600][5.324s][info][gc,phases      ] GC(18)   Pre Evacuate Collection Set: 0.15ms
[2026-04-03T01:51:40.944+0600][5.324s][info][gc,phases      ] GC(18)   Merge Heap Roots: 0.11ms
[2026-04-03T01:51:40.944+0600][5.324s][info][gc,phases      ] GC(18)   Evacuate Collection Set: 1.05ms
[2026-04-03T01:51:40.944+0600][5.324s][info][gc,phases      ] GC(18)   Post Evacuate Collection Set: 0.54ms
[2026-04-03T01:51:40.944+0600][5.325s][info][gc,phases      ] GC(18)   Other: 0.12ms
[2026-04-03T01:51:40.944+0600][5.325s][info][gc,heap        ] GC(18) Eden regions: 51->0(51)
[2026-04-03T01:51:40.944+0600][5.325s][info][gc,heap        ] GC(18) Survivor regions: 1->1(7)
[2026-04-03T01:51:40.944+0600][5.325s][info][gc,heap        ] GC(18) Old regions: 6->7
[2026-04-03T01:51:40.944+0600][5.325s][info][gc,heap        ] GC(18) Humongous regions: 0->0
[2026-04-03T01:51:40.944+0600][5.325s][info][gc,metaspace   ] GC(18) Metaspace: 13989K(14208K)->13989K(14208K) NonClass: 12182K(12288K)->12182K(12288K) Class: 1806K(1920K)->1806K(1920K)
[2026-04-03T01:51:40.944+0600][5.325s][info][gc             ] GC(18) Pause Young (Normal) (G1 Evacuation Pause) 106M->4M(174M) 2.385ms
[2026-04-03T01:51:40.944+0600][5.325s][info][gc,cpu         ] GC(18) User=0.01s Sys=0.01s Real=0.00s
[2026-04-03T01:51:41.086+0600][5.467s][info][gc,start       ] GC(19) Pause Young (Normal) (G1 Evacuation Pause)
[2026-04-03T01:51:41.086+0600][5.467s][info][gc,task        ] GC(19) Using 10 workers of 10 for evacuation
[2026-04-03T01:51:41.088+0600][5.469s][info][gc,phases      ] GC(19)   Pre Evacuate Collection Set: 0.16ms
[2026-04-03T01:51:41.088+0600][5.469s][info][gc,phases      ] GC(19)   Merge Heap Roots: 0.11ms
[2026-04-03T01:51:41.088+0600][5.469s][info][gc,phases      ] GC(19)   Evacuate Collection Set: 0.93ms
[2026-04-03T01:51:41.088+0600][5.469s][info][gc,phases      ] GC(19)   Post Evacuate Collection Set: 0.76ms
[2026-04-03T01:51:41.088+0600][5.469s][info][gc,phases      ] GC(19)   Other: 0.09ms
[2026-04-03T01:51:41.088+0600][5.469s][info][gc,heap        ] GC(19) Eden regions: 51->0(51)
[2026-04-03T01:51:41.088+0600][5.469s][info][gc,heap        ] GC(19) Survivor regions: 1->1(7)
[2026-04-03T01:51:41.088+0600][5.469s][info][gc,heap        ] GC(19) Old regions: 7->7
[2026-04-03T01:51:41.088+0600][5.469s][info][gc,heap        ] GC(19) Humongous regions: 0->0
[2026-04-03T01:51:41.088+0600][5.469s][info][gc,metaspace   ] GC(19) Metaspace: 13990K(14272K)->13990K(14272K) NonClass: 12183K(12352K)->12183K(12352K) Class: 1806K(1920K)->1806K(1920K)
[2026-04-03T01:51:41.088+0600][5.469s][info][gc             ] GC(19) Pause Young (Normal) (G1 Evacuation Pause) 106M->4M(174M) 2.360ms
[2026-04-03T01:51:41.088+0600][5.469s][info][gc,cpu         ] GC(19) User=0.01s Sys=0.00s Real=0.00s
[2026-04-03T01:51:41.248+0600][5.629s][info][gc,start       ] GC(20) Pause Young (Normal) (G1 Evacuation Pause)
[2026-04-03T01:51:41.248+0600][5.629s][info][gc,task        ] GC(20) Using 10 workers of 10 for evacuation
[2026-04-03T01:51:41.250+0600][5.631s][info][gc,phases      ] GC(20)   Pre Evacuate Collection Set: 0.13ms
[2026-04-03T01:51:41.250+0600][5.631s][info][gc,phases      ] GC(20)   Merge Heap Roots: 0.08ms
[2026-04-03T01:51:41.250+0600][5.631s][info][gc,phases      ] GC(20)   Evacuate Collection Set: 0.92ms
[2026-04-03T01:51:41.250+0600][5.631s][info][gc,phases      ] GC(20)   Post Evacuate Collection Set: 0.65ms
[2026-04-03T01:51:41.250+0600][5.631s][info][gc,phases      ] GC(20)   Other: 0.09ms
[2026-04-03T01:51:41.250+0600][5.631s][info][gc,heap        ] GC(20) Eden regions: 51->0(51)
[2026-04-03T01:51:41.250+0600][5.631s][info][gc,heap        ] GC(20) Survivor regions: 1->1(7)
[2026-04-03T01:51:41.250+0600][5.631s][info][gc,heap        ] GC(20) Old regions: 7->7
[2026-04-03T01:51:41.250+0600][5.631s][info][gc,heap        ] GC(20) Humongous regions: 0->0
[2026-04-03T01:51:41.250+0600][5.631s][info][gc,metaspace   ] GC(20) Metaspace: 13997K(14272K)->13997K(14272K) NonClass: 12191K(12352K)->12191K(12352K) Class: 1806K(1920K)->1806K(1920K)
[2026-04-03T01:51:41.251+0600][5.631s][info][gc             ] GC(20) Pause Young (Normal) (G1 Evacuation Pause) 106M->4M(174M) 2.218ms
[2026-04-03T01:51:41.251+0600][5.631s][info][gc,cpu         ] GC(20) User=0.01s Sys=0.00s Real=0.01s
[2026-04-03T01:51:41.411+0600][5.792s][info][gc,start       ] GC(21) Pause Young (Normal) (G1 Evacuation Pause)
[2026-04-03T01:51:41.411+0600][5.792s][info][gc,task        ] GC(21) Using 10 workers of 10 for evacuation
[2026-04-03T01:51:41.413+0600][5.794s][info][gc,phases      ] GC(21)   Pre Evacuate Collection Set: 0.14ms
[2026-04-03T01:51:41.413+0600][5.794s][info][gc,phases      ] GC(21)   Merge Heap Roots: 0.09ms
[2026-04-03T01:51:41.413+0600][5.794s][info][gc,phases      ] GC(21)   Evacuate Collection Set: 0.84ms
[2026-04-03T01:51:41.413+0600][5.794s][info][gc,phases      ] GC(21)   Post Evacuate Collection Set: 0.88ms
[2026-04-03T01:51:41.414+0600][5.794s][info][gc,phases      ] GC(21)   Other: 0.11ms
[2026-04-03T01:51:41.414+0600][5.794s][info][gc,heap        ] GC(21) Eden regions: 51->0(62)
[2026-04-03T01:51:41.414+0600][5.794s][info][gc,heap        ] GC(21) Survivor regions: 1->1(7)
[2026-04-03T01:51:41.414+0600][5.794s][info][gc,heap        ] GC(21) Old regions: 7->7
[2026-04-03T01:51:41.414+0600][5.794s][info][gc,heap        ] GC(21) Humongous regions: 0->0
[2026-04-03T01:51:41.414+0600][5.794s][info][gc,metaspace   ] GC(21) Metaspace: 14008K(14272K)->14008K(14272K) NonClass: 12202K(12352K)->12202K(12352K) Class: 1806K(1920K)->1806K(1920K)
[2026-04-03T01:51:41.414+0600][5.794s][info][gc             ] GC(21) Pause Young (Normal) (G1 Evacuation Pause) 106M->4M(210M) 2.405ms
[2026-04-03T01:51:41.414+0600][5.794s][info][gc,cpu         ] GC(21) User=0.01s Sys=0.00s Real=0.00s
[2026-04-03T01:51:41.591+0600][5.972s][info][gc,start       ] GC(22) Pause Young (Normal) (G1 Evacuation Pause)
[2026-04-03T01:51:41.591+0600][5.972s][info][gc,task        ] GC(22) Using 10 workers of 10 for evacuation
[2026-04-03T01:51:41.593+0600][5.974s][info][gc,phases      ] GC(22)   Pre Evacuate Collection Set: 0.19ms
[2026-04-03T01:51:41.593+0600][5.974s][info][gc,phases      ] GC(22)   Merge Heap Roots: 0.10ms
[2026-04-03T01:51:41.593+0600][5.974s][info][gc,phases      ] GC(22)   Evacuate Collection Set: 0.96ms
[2026-04-03T01:51:41.593+0600][5.974s][info][gc,phases      ] GC(22)   Post Evacuate Collection Set: 0.62ms
[2026-04-03T01:51:41.593+0600][5.974s][info][gc,phases      ] GC(22)   Other: 0.11ms
[2026-04-03T01:51:41.593+0600][5.974s][info][gc,heap        ] GC(22) Eden regions: 62->0(62)
[2026-04-03T01:51:41.593+0600][5.974s][info][gc,heap        ] GC(22) Survivor regions: 1->1(8)
[2026-04-03T01:51:41.593+0600][5.974s][info][gc,heap        ] GC(22) Old regions: 7->7
[2026-04-03T01:51:41.593+0600][5.974s][info][gc,heap        ] GC(22) Humongous regions: 0->0
[2026-04-03T01:51:41.593+0600][5.974s][info][gc,metaspace   ] GC(22) Metaspace: 14028K(14336K)->14028K(14336K) NonClass: 12221K(12416K)->12221K(12416K) Class: 1806K(1920K)->1806K(1920K)
[2026-04-03T01:51:41.593+0600][5.974s][info][gc             ] GC(22) Pause Young (Normal) (G1 Evacuation Pause) 128M->4M(210M) 2.325ms
[2026-04-03T01:51:41.593+0600][5.974s][info][gc,cpu         ] GC(22) User=0.02s Sys=0.00s Real=0.00s
[2026-04-03T01:51:41.792+0600][6.173s][info][gc,start       ] GC(23) Pause Young (Normal) (G1 Evacuation Pause)
[2026-04-03T01:51:41.792+0600][6.173s][info][gc,task        ] GC(23) Using 10 workers of 10 for evacuation
[2026-04-03T01:51:41.793+0600][6.174s][info][gc,phases      ] GC(23)   Pre Evacuate Collection Set: 0.15ms
[2026-04-03T01:51:41.793+0600][6.174s][info][gc,phases      ] GC(23)   Merge Heap Roots: 0.10ms
[2026-04-03T01:51:41.793+0600][6.174s][info][gc,phases      ] GC(23)   Evacuate Collection Set: 0.25ms
[2026-04-03T01:51:41.793+0600][6.174s][info][gc,phases      ] GC(23)   Post Evacuate Collection Set: 0.38ms
[2026-04-03T01:51:41.793+0600][6.174s][info][gc,phases      ] GC(23)   Other: 0.11ms
[2026-04-03T01:51:41.793+0600][6.174s][info][gc,heap        ] GC(23) Eden regions: 62->0(62)
[2026-04-03T01:51:41.793+0600][6.174s][info][gc,heap        ] GC(23) Survivor regions: 1->1(8)
[2026-04-03T01:51:41.793+0600][6.174s][info][gc,heap        ] GC(23) Old regions: 7->7
[2026-04-03T01:51:41.793+0600][6.174s][info][gc,heap        ] GC(23) Humongous regions: 0->0
[2026-04-03T01:51:41.793+0600][6.174s][info][gc,metaspace   ] GC(23) Metaspace: 14035K(14336K)->14035K(14336K) NonClass: 12228K(12416K)->12228K(12416K) Class: 1806K(1920K)->1806K(1920K)
[2026-04-03T01:51:41.794+0600][6.174s][info][gc             ] GC(23) Pause Young (Normal) (G1 Evacuation Pause) 128M->4M(210M) 1.305ms
[2026-04-03T01:51:41.794+0600][6.174s][info][gc,cpu         ] GC(23) User=0.01s Sys=0.00s Real=0.00s
[2026-04-03T01:51:41.977+0600][6.358s][info][gc,start       ] GC(24) Pause Young (Normal) (G1 Evacuation Pause)
[2026-04-03T01:51:41.977+0600][6.358s][info][gc,task        ] GC(24) Using 10 workers of 10 for evacuation
[2026-04-03T01:51:41.978+0600][6.359s][info][gc,phases      ] GC(24)   Pre Evacuate Collection Set: 0.16ms
[2026-04-03T01:51:41.978+0600][6.359s][info][gc,phases      ] GC(24)   Merge Heap Roots: 0.11ms
[2026-04-03T01:51:41.978+0600][6.359s][info][gc,phases      ] GC(24)   Evacuate Collection Set: 0.19ms
[2026-04-03T01:51:41.978+0600][6.359s][info][gc,phases      ] GC(24)   Post Evacuate Collection Set: 0.47ms
[2026-04-03T01:51:41.978+0600][6.359s][info][gc,phases      ] GC(24)   Other: 0.10ms
[2026-04-03T01:51:41.978+0600][6.359s][info][gc,heap        ] GC(24) Eden regions: 62->0(62)
[2026-04-03T01:51:41.978+0600][6.359s][info][gc,heap        ] GC(24) Survivor regions: 1->1(8)
[2026-04-03T01:51:41.978+0600][6.359s][info][gc,heap        ] GC(24) Old regions: 7->7
[2026-04-03T01:51:41.978+0600][6.359s][info][gc,heap        ] GC(24) Humongous regions: 0->0
[2026-04-03T01:51:41.978+0600][6.359s][info][gc,metaspace   ] GC(24) Metaspace: 14035K(14336K)->14035K(14336K) NonClass: 12228K(12416K)->12228K(12416K) Class: 1806K(1920K)->1806K(1920K)
[2026-04-03T01:51:41.978+0600][6.359s][info][gc             ] GC(24) Pause Young (Normal) (G1 Evacuation Pause) 128M->4M(210M) 1.352ms
[2026-04-03T01:51:41.978+0600][6.359s][info][gc,cpu         ] GC(24) User=0.01s Sys=0.00s Real=0.00s
[2026-04-03T01:51:42.156+0600][6.537s][info][gc,start       ] GC(25) Pause Young (Normal) (G1 Evacuation Pause)
[2026-04-03T01:51:42.156+0600][6.537s][info][gc,task        ] GC(25) Using 10 workers of 10 for evacuation
[2026-04-03T01:51:42.157+0600][6.538s][info][gc,phases      ] GC(25)   Pre Evacuate Collection Set: 0.14ms
[2026-04-03T01:51:42.157+0600][6.538s][info][gc,phases      ] GC(25)   Merge Heap Roots: 0.10ms
[2026-04-03T01:51:42.157+0600][6.538s][info][gc,phases      ] GC(25)   Evacuate Collection Set: 0.20ms
[2026-04-03T01:51:42.157+0600][6.538s][info][gc,phases      ] GC(25)   Post Evacuate Collection Set: 0.44ms
[2026-04-03T01:51:42.157+0600][6.538s][info][gc,phases      ] GC(25)   Other: 0.08ms
[2026-04-03T01:51:42.157+0600][6.538s][info][gc,heap        ] GC(25) Eden regions: 62->0(62)
[2026-04-03T01:51:42.157+0600][6.538s][info][gc,heap        ] GC(25) Survivor regions: 1->1(8)
[2026-04-03T01:51:42.157+0600][6.538s][info][gc,heap        ] GC(25) Old regions: 7->7
[2026-04-03T01:51:42.157+0600][6.538s][info][gc,heap        ] GC(25) Humongous regions: 0->0
[2026-04-03T01:51:42.157+0600][6.538s][info][gc,metaspace   ] GC(25) Metaspace: 14043K(14336K)->14043K(14336K) NonClass: 12236K(12416K)->12236K(12416K) Class: 1806K(1920K)->1806K(1920K)
[2026-04-03T01:51:42.157+0600][6.538s][info][gc             ] GC(25) Pause Young (Normal) (G1 Evacuation Pause) 128M->4M(210M) 1.241ms
[2026-04-03T01:51:42.157+0600][6.538s][info][gc,cpu         ] GC(25) User=0.01s Sys=0.00s Real=0.00s
[2026-04-03T01:51:42.340+0600][6.721s][info][gc,start       ] GC(26) Pause Young (Normal) (G1 Evacuation Pause)
[2026-04-03T01:51:42.340+0600][6.721s][info][gc,task        ] GC(26) Using 10 workers of 10 for evacuation
[2026-04-03T01:51:42.342+0600][6.722s][info][gc,phases      ] GC(26)   Pre Evacuate Collection Set: 0.20ms
[2026-04-03T01:51:42.342+0600][6.722s][info][gc,phases      ] GC(26)   Merge Heap Roots: 0.13ms
[2026-04-03T01:51:42.342+0600][6.722s][info][gc,phases      ] GC(26)   Evacuate Collection Set: 0.29ms
[2026-04-03T01:51:42.342+0600][6.722s][info][gc,phases      ] GC(26)   Post Evacuate Collection Set: 0.46ms
[2026-04-03T01:51:42.342+0600][6.723s][info][gc,phases      ] GC(26)   Other: 0.11ms
[2026-04-03T01:51:42.342+0600][6.723s][info][gc,heap        ] GC(26) Eden regions: 62->0(62)
[2026-04-03T01:51:42.342+0600][6.723s][info][gc,heap        ] GC(26) Survivor regions: 1->1(8)
[2026-04-03T01:51:42.342+0600][6.723s][info][gc,heap        ] GC(26) Old regions: 7->7
[2026-04-03T01:51:42.342+0600][6.723s][info][gc,heap        ] GC(26) Humongous regions: 0->0
[2026-04-03T01:51:42.342+0600][6.723s][info][gc,metaspace   ] GC(26) Metaspace: 14045K(14336K)->14045K(14336K) NonClass: 12237K(12416K)->12237K(12416K) Class: 1807K(1920K)->1807K(1920K)
[2026-04-03T01:51:42.342+0600][6.723s][info][gc             ] GC(26) Pause Young (Normal) (G1 Evacuation Pause) 128M->4M(210M) 1.582ms
[2026-04-03T01:51:42.342+0600][6.723s][info][gc,cpu         ] GC(26) User=0.00s Sys=0.00s Real=0.00s
[2026-04-03T01:51:42.529+0600][6.910s][info][gc,start       ] GC(27) Pause Young (Normal) (G1 Evacuation Pause)
[2026-04-03T01:51:42.529+0600][6.910s][info][gc,task        ] GC(27) Using 10 workers of 10 for evacuation
[2026-04-03T01:51:42.530+0600][6.911s][info][gc,phases      ] GC(27)   Pre Evacuate Collection Set: 0.17ms
[2026-04-03T01:51:42.530+0600][6.911s][info][gc,phases      ] GC(27)   Merge Heap Roots: 0.11ms
[2026-04-03T01:51:42.530+0600][6.911s][info][gc,phases      ] GC(27)   Evacuate Collection Set: 0.23ms
[2026-04-03T01:51:42.530+0600][6.911s][info][gc,phases      ] GC(27)   Post Evacuate Collection Set: 0.40ms
[2026-04-03T01:51:42.530+0600][6.911s][info][gc,phases      ] GC(27)   Other: 0.08ms
[2026-04-03T01:51:42.530+0600][6.911s][info][gc,heap        ] GC(27) Eden regions: 62->0(62)
[2026-04-03T01:51:42.530+0600][6.911s][info][gc,heap        ] GC(27) Survivor regions: 1->1(8)
[2026-04-03T01:51:42.530+0600][6.911s][info][gc,heap        ] GC(27) Old regions: 7->7
[2026-04-03T01:51:42.530+0600][6.911s][info][gc,heap        ] GC(27) Humongous regions: 0->0
[2026-04-03T01:51:42.530+0600][6.911s][info][gc,metaspace   ] GC(27) Metaspace: 14045K(14336K)->14045K(14336K) NonClass: 12238K(12416K)->12238K(12416K) Class: 1807K(1920K)->1807K(1920K)
[2026-04-03T01:51:42.530+0600][6.911s][info][gc             ] GC(27) Pause Young (Normal) (G1 Evacuation Pause) 128M->4M(210M) 1.243ms
[2026-04-03T01:51:42.530+0600][6.911s][info][gc,cpu         ] GC(27) User=0.01s Sys=0.00s Real=0.01s
[2026-04-03T01:51:42.718+0600][7.099s][info][gc,start       ] GC(28) Pause Young (Normal) (G1 Evacuation Pause)
[2026-04-03T01:51:42.719+0600][7.099s][info][gc,task        ] GC(28) Using 10 workers of 10 for evacuation
[2026-04-03T01:51:42.719+0600][7.100s][info][gc,phases      ] GC(28)   Pre Evacuate Collection Set: 0.14ms
[2026-04-03T01:51:42.719+0600][7.100s][info][gc,phases      ] GC(28)   Merge Heap Roots: 0.08ms
[2026-04-03T01:51:42.720+0600][7.100s][info][gc,phases      ] GC(28)   Evacuate Collection Set: 0.20ms
[2026-04-03T01:51:42.720+0600][7.100s][info][gc,phases      ] GC(28)   Post Evacuate Collection Set: 0.42ms
[2026-04-03T01:51:42.720+0600][7.100s][info][gc,phases      ] GC(28)   Other: 0.08ms
[2026-04-03T01:51:42.720+0600][7.100s][info][gc,heap        ] GC(28) Eden regions: 62->0(62)
[2026-04-03T01:51:42.720+0600][7.100s][info][gc,heap        ] GC(28) Survivor regions: 1->1(8)
[2026-04-03T01:51:42.720+0600][7.100s][info][gc,heap        ] GC(28) Old regions: 7->7
[2026-04-03T01:51:42.720+0600][7.100s][info][gc,heap        ] GC(28) Humongous regions: 0->0
[2026-04-03T01:51:42.720+0600][7.100s][info][gc,metaspace   ] GC(28) Metaspace: 14046K(14336K)->14046K(14336K) NonClass: 12239K(12416K)->12239K(12416K) Class: 1807K(1920K)->1807K(1920K)
[2026-04-03T01:51:42.720+0600][7.100s][info][gc             ] GC(28) Pause Young (Normal) (G1 Evacuation Pause) 128M->4M(210M) 1.168ms
[2026-04-03T01:51:42.720+0600][7.100s][info][gc,cpu         ] GC(28) User=0.00s Sys=0.00s Real=0.00s
[2026-04-03T01:51:42.897+0600][7.278s][info][gc,start       ] GC(29) Pause Young (Normal) (G1 Evacuation Pause)
[2026-04-03T01:51:42.897+0600][7.278s][info][gc,task        ] GC(29) Using 10 workers of 10 for evacuation
[2026-04-03T01:51:42.898+0600][7.279s][info][gc,phases      ] GC(29)   Pre Evacuate Collection Set: 0.13ms
[2026-04-03T01:51:42.898+0600][7.279s][info][gc,phases      ] GC(29)   Merge Heap Roots: 0.08ms
[2026-04-03T01:51:42.898+0600][7.279s][info][gc,phases      ] GC(29)   Evacuate Collection Set: 0.24ms
[2026-04-03T01:51:42.898+0600][7.279s][info][gc,phases      ] GC(29)   Post Evacuate Collection Set: 0.41ms
[2026-04-03T01:51:42.898+0600][7.279s][info][gc,phases      ] GC(29)   Other: 0.08ms
[2026-04-03T01:51:42.898+0600][7.279s][info][gc,heap        ] GC(29) Eden regions: 62->0(62)
[2026-04-03T01:51:42.898+0600][7.279s][info][gc,heap        ] GC(29) Survivor regions: 1->1(8)
[2026-04-03T01:51:42.898+0600][7.279s][info][gc,heap        ] GC(29) Old regions: 7->7
[2026-04-03T01:51:42.898+0600][7.279s][info][gc,heap        ] GC(29) Humongous regions: 0->0
[2026-04-03T01:51:42.898+0600][7.279s][info][gc,metaspace   ] GC(29) Metaspace: 14046K(14336K)->14046K(14336K) NonClass: 12239K(12416K)->12239K(12416K) Class: 1807K(1920K)->1807K(1920K)
[2026-04-03T01:51:42.898+0600][7.279s][info][gc             ] GC(29) Pause Young (Normal) (G1 Evacuation Pause) 128M->4M(210M) 1.194ms
[2026-04-03T01:51:42.898+0600][7.279s][info][gc,cpu         ] GC(29) User=0.00s Sys=0.00s Real=0.00s
[2026-04-03T01:51:43.077+0600][7.457s][info][gc,start       ] GC(30) Pause Young (Normal) (G1 Evacuation Pause)
[2026-04-03T01:51:43.077+0600][7.457s][info][gc,task        ] GC(30) Using 10 workers of 10 for evacuation
[2026-04-03T01:51:43.078+0600][7.458s][info][gc,phases      ] GC(30)   Pre Evacuate Collection Set: 0.15ms
[2026-04-03T01:51:43.078+0600][7.458s][info][gc,phases      ] GC(30)   Merge Heap Roots: 0.09ms
[2026-04-03T01:51:43.078+0600][7.458s][info][gc,phases      ] GC(30)   Evacuate Collection Set: 0.23ms
[2026-04-03T01:51:43.078+0600][7.458s][info][gc,phases      ] GC(30)   Post Evacuate Collection Set: 0.42ms
[2026-04-03T01:51:43.078+0600][7.458s][info][gc,phases      ] GC(30)   Other: 0.11ms
[2026-04-03T01:51:43.078+0600][7.458s][info][gc,heap        ] GC(30) Eden regions: 62->0(62)
[2026-04-03T01:51:43.078+0600][7.458s][info][gc,heap        ] GC(30) Survivor regions: 1->1(8)
[2026-04-03T01:51:43.078+0600][7.458s][info][gc,heap        ] GC(30) Old regions: 7->7
[2026-04-03T01:51:43.078+0600][7.458s][info][gc,heap        ] GC(30) Humongous regions: 0->0
[2026-04-03T01:51:43.078+0600][7.459s][info][gc,metaspace   ] GC(30) Metaspace: 14050K(14336K)->14050K(14336K) NonClass: 12243K(12416K)->12243K(12416K) Class: 1807K(1920K)->1807K(1920K)
[2026-04-03T01:51:43.078+0600][7.459s][info][gc             ] GC(30) Pause Young (Normal) (G1 Evacuation Pause) 128M->4M(210M) 1.266ms
[2026-04-03T01:51:43.078+0600][7.459s][info][gc,cpu         ] GC(30) User=0.00s Sys=0.00s Real=0.00s
[2026-04-03T01:51:43.254+0600][7.634s][info][gc,start       ] GC(31) Pause Young (Normal) (G1 Evacuation Pause)
[2026-04-03T01:51:43.254+0600][7.635s][info][gc,task        ] GC(31) Using 10 workers of 10 for evacuation
[2026-04-03T01:51:43.255+0600][7.636s][info][gc,phases      ] GC(31)   Pre Evacuate Collection Set: 0.16ms
[2026-04-03T01:51:43.255+0600][7.636s][info][gc,phases      ] GC(31)   Merge Heap Roots: 0.09ms
[2026-04-03T01:51:43.255+0600][7.636s][info][gc,phases      ] GC(31)   Evacuate Collection Set: 0.22ms
[2026-04-03T01:51:43.255+0600][7.636s][info][gc,phases      ] GC(31)   Post Evacuate Collection Set: 0.49ms
[2026-04-03T01:51:43.255+0600][7.636s][info][gc,phases      ] GC(31)   Other: 0.11ms
[2026-04-03T01:51:43.255+0600][7.636s][info][gc,heap        ] GC(31) Eden regions: 62->0(62)
[2026-04-03T01:51:43.255+0600][7.636s][info][gc,heap        ] GC(31) Survivor regions: 1->1(8)
[2026-04-03T01:51:43.255+0600][7.636s][info][gc,heap        ] GC(31) Old regions: 7->7
[2026-04-03T01:51:43.255+0600][7.636s][info][gc,heap        ] GC(31) Humongous regions: 0->0
[2026-04-03T01:51:43.255+0600][7.636s][info][gc,metaspace   ] GC(31) Metaspace: 14050K(14336K)->14050K(14336K) NonClass: 12243K(12416K)->12243K(12416K) Class: 1807K(1920K)->1807K(1920K)
[2026-04-03T01:51:43.255+0600][7.636s][info][gc             ] GC(31) Pause Young (Normal) (G1 Evacuation Pause) 128M->4M(210M) 1.497ms
[2026-04-03T01:51:43.255+0600][7.636s][info][gc,cpu         ] GC(31) User=0.00s Sys=0.01s Real=0.00s
[2026-04-03T01:51:43.437+0600][7.817s][info][gc,start       ] GC(32) Pause Young (Normal) (G1 Evacuation Pause)
[2026-04-03T01:51:43.437+0600][7.817s][info][gc,task        ] GC(32) Using 10 workers of 10 for evacuation
[2026-04-03T01:51:43.438+0600][7.819s][info][gc,phases      ] GC(32)   Pre Evacuate Collection Set: 0.16ms
[2026-04-03T01:51:43.438+0600][7.819s][info][gc,phases      ] GC(32)   Merge Heap Roots: 0.10ms
[2026-04-03T01:51:43.438+0600][7.819s][info][gc,phases      ] GC(32)   Evacuate Collection Set: 0.23ms
[2026-04-03T01:51:43.438+0600][7.819s][info][gc,phases      ] GC(32)   Post Evacuate Collection Set: 0.55ms
[2026-04-03T01:51:43.438+0600][7.819s][info][gc,phases      ] GC(32)   Other: 0.20ms
[2026-04-03T01:51:43.438+0600][7.819s][info][gc,heap        ] GC(32) Eden regions: 62->0(62)
[2026-04-03T01:51:43.438+0600][7.819s][info][gc,heap        ] GC(32) Survivor regions: 1->1(8)
[2026-04-03T01:51:43.438+0600][7.819s][info][gc,heap        ] GC(32) Old regions: 7->7
[2026-04-03T01:51:43.438+0600][7.819s][info][gc,heap        ] GC(32) Humongous regions: 0->0
[2026-04-03T01:51:43.438+0600][7.819s][info][gc,metaspace   ] GC(32) Metaspace: 14050K(14336K)->14050K(14336K) NonClass: 12243K(12416K)->12243K(12416K) Class: 1807K(1920K)->1807K(1920K)
[2026-04-03T01:51:43.438+0600][7.819s][info][gc             ] GC(32) Pause Young (Normal) (G1 Evacuation Pause) 128M->4M(210M) 1.527ms
[2026-04-03T01:51:43.438+0600][7.819s][info][gc,cpu         ] GC(32) User=0.01s Sys=0.00s Real=0.00s
[2026-04-03T01:51:43.648+0600][8.029s][info][gc,start       ] GC(33) Pause Young (Normal) (G1 Evacuation Pause)
[2026-04-03T01:51:43.648+0600][8.029s][info][gc,task        ] GC(33) Using 10 workers of 10 for evacuation
[2026-04-03T01:51:43.649+0600][8.030s][info][gc,phases      ] GC(33)   Pre Evacuate Collection Set: 0.13ms
[2026-04-03T01:51:43.649+0600][8.030s][info][gc,phases      ] GC(33)   Merge Heap Roots: 0.09ms
[2026-04-03T01:51:43.649+0600][8.030s][info][gc,phases      ] GC(33)   Evacuate Collection Set: 0.28ms
[2026-04-03T01:51:43.649+0600][8.030s][info][gc,phases      ] GC(33)   Post Evacuate Collection Set: 0.35ms
[2026-04-03T01:51:43.649+0600][8.030s][info][gc,phases      ] GC(33)   Other: 0.08ms
[2026-04-03T01:51:43.649+0600][8.030s][info][gc,heap        ] GC(33) Eden regions: 62->0(62)
[2026-04-03T01:51:43.649+0600][8.030s][info][gc,heap        ] GC(33) Survivor regions: 1->1(8)
[2026-04-03T01:51:43.649+0600][8.030s][info][gc,heap        ] GC(33) Old regions: 7->7
[2026-04-03T01:51:43.649+0600][8.030s][info][gc,heap        ] GC(33) Humongous regions: 0->0
[2026-04-03T01:51:43.649+0600][8.030s][info][gc,metaspace   ] GC(33) Metaspace: 14050K(14336K)->14050K(14336K) NonClass: 12243K(12416K)->12243K(12416K) Class: 1807K(1920K)->1807K(1920K)
[2026-04-03T01:51:43.649+0600][8.030s][info][gc             ] GC(33) Pause Young (Normal) (G1 Evacuation Pause) 128M->4M(210M) 1.153ms
[2026-04-03T01:51:43.649+0600][8.030s][info][gc,cpu         ] GC(33) User=0.01s Sys=0.00s Real=0.00s
[2026-04-03T01:51:43.828+0600][8.209s][info][gc,start       ] GC(34) Pause Young (Normal) (G1 Evacuation Pause)
[2026-04-03T01:51:43.828+0600][8.209s][info][gc,task        ] GC(34) Using 10 workers of 10 for evacuation
[2026-04-03T01:51:43.829+0600][8.210s][info][gc,phases      ] GC(34)   Pre Evacuate Collection Set: 0.16ms
[2026-04-03T01:51:43.829+0600][8.210s][info][gc,phases      ] GC(34)   Merge Heap Roots: 0.10ms
[2026-04-03T01:51:43.829+0600][8.210s][info][gc,phases      ] GC(34)   Evacuate Collection Set: 0.23ms
[2026-04-03T01:51:43.829+0600][8.210s][info][gc,phases      ] GC(34)   Post Evacuate Collection Set: 0.43ms
[2026-04-03T01:51:43.829+0600][8.210s][info][gc,phases      ] GC(34)   Other: 0.08ms
[2026-04-03T01:51:43.829+0600][8.210s][info][gc,heap        ] GC(34) Eden regions: 62->0(62)
[2026-04-03T01:51:43.829+0600][8.210s][info][gc,heap        ] GC(34) Survivor regions: 1->1(8)
[2026-04-03T01:51:43.829+0600][8.210s][info][gc,heap        ] GC(34) Old regions: 7->7
[2026-04-03T01:51:43.829+0600][8.210s][info][gc,heap        ] GC(34) Humongous regions: 0->0
[2026-04-03T01:51:43.829+0600][8.210s][info][gc,metaspace   ] GC(34) Metaspace: 14050K(14336K)->14050K(14336K) NonClass: 12243K(12416K)->12243K(12416K) Class: 1807K(1920K)->1807K(1920K)
[2026-04-03T01:51:43.829+0600][8.210s][info][gc             ] GC(34) Pause Young (Normal) (G1 Evacuation Pause) 128M->4M(210M) 1.259ms
[2026-04-03T01:51:43.829+0600][8.210s][info][gc,cpu         ] GC(34) User=0.01s Sys=0.00s Real=0.00s
[2026-04-03T01:51:44.007+0600][8.387s][info][gc,start       ] GC(35) Pause Young (Normal) (G1 Evacuation Pause)
[2026-04-03T01:51:44.007+0600][8.387s][info][gc,task        ] GC(35) Using 10 workers of 10 for evacuation
[2026-04-03T01:51:44.008+0600][8.389s][info][gc,phases      ] GC(35)   Pre Evacuate Collection Set: 0.15ms
[2026-04-03T01:51:44.008+0600][8.389s][info][gc,phases      ] GC(35)   Merge Heap Roots: 0.09ms
[2026-04-03T01:51:44.008+0600][8.389s][info][gc,phases      ] GC(35)   Evacuate Collection Set: 0.21ms
[2026-04-03T01:51:44.008+0600][8.389s][info][gc,phases      ] GC(35)   Post Evacuate Collection Set: 0.56ms
[2026-04-03T01:51:44.008+0600][8.389s][info][gc,phases      ] GC(35)   Other: 0.14ms
[2026-04-03T01:51:44.008+0600][8.389s][info][gc,heap        ] GC(35) Eden regions: 62->0(62)
[2026-04-03T01:51:44.008+0600][8.389s][info][gc,heap        ] GC(35) Survivor regions: 1->1(8)
[2026-04-03T01:51:44.008+0600][8.389s][info][gc,heap        ] GC(35) Old regions: 7->7
[2026-04-03T01:51:44.008+0600][8.389s][info][gc,heap        ] GC(35) Humongous regions: 0->0
[2026-04-03T01:51:44.008+0600][8.389s][info][gc,metaspace   ] GC(35) Metaspace: 14050K(14336K)->14050K(14336K) NonClass: 12243K(12416K)->12243K(12416K) Class: 1807K(1920K)->1807K(1920K)
[2026-04-03T01:51:44.008+0600][8.389s][info][gc             ] GC(35) Pause Young (Normal) (G1 Evacuation Pause) 128M->4M(210M) 1.561ms
[2026-04-03T01:51:44.008+0600][8.389s][info][gc,cpu         ] GC(35) User=0.00s Sys=0.00s Real=0.00s
[2026-04-03T01:51:44.193+0600][8.574s][info][gc,start       ] GC(36) Pause Young (Normal) (G1 Evacuation Pause)
[2026-04-03T01:51:44.193+0600][8.574s][info][gc,task        ] GC(36) Using 10 workers of 10 for evacuation
[2026-04-03T01:51:44.194+0600][8.575s][info][gc,phases      ] GC(36)   Pre Evacuate Collection Set: 0.16ms
[2026-04-03T01:51:44.195+0600][8.575s][info][gc,phases      ] GC(36)   Merge Heap Roots: 0.11ms
[2026-04-03T01:51:44.195+0600][8.575s][info][gc,phases      ] GC(36)   Evacuate Collection Set: 0.27ms
[2026-04-03T01:51:44.195+0600][8.575s][info][gc,phases      ] GC(36)   Post Evacuate Collection Set: 0.45ms
[2026-04-03T01:51:44.195+0600][8.575s][info][gc,phases      ] GC(36)   Other: 0.08ms
[2026-04-03T01:51:44.195+0600][8.575s][info][gc,heap        ] GC(36) Eden regions: 62->0(62)
[2026-04-03T01:51:44.195+0600][8.575s][info][gc,heap        ] GC(36) Survivor regions: 1->1(8)
[2026-04-03T01:51:44.195+0600][8.575s][info][gc,heap        ] GC(36) Old regions: 7->7
[2026-04-03T01:51:44.195+0600][8.575s][info][gc,heap        ] GC(36) Humongous regions: 0->0
[2026-04-03T01:51:44.195+0600][8.575s][info][gc,metaspace   ] GC(36) Metaspace: 14050K(14336K)->14050K(14336K) NonClass: 12243K(12416K)->12243K(12416K) Class: 1807K(1920K)->1807K(1920K)
[2026-04-03T01:51:44.195+0600][8.575s][info][gc             ] GC(36) Pause Young (Normal) (G1 Evacuation Pause) 128M->4M(210M) 1.347ms
[2026-04-03T01:51:44.195+0600][8.575s][info][gc,cpu         ] GC(36) User=0.00s Sys=0.00s Real=0.00s
[2026-04-03T01:51:44.387+0600][8.768s][info][gc,start       ] GC(37) Pause Young (Normal) (G1 Evacuation Pause)
[2026-04-03T01:51:44.387+0600][8.768s][info][gc,task        ] GC(37) Using 10 workers of 10 for evacuation
[2026-04-03T01:51:44.388+0600][8.769s][info][gc,phases      ] GC(37)   Pre Evacuate Collection Set: 0.15ms
[2026-04-03T01:51:44.388+0600][8.769s][info][gc,phases      ] GC(37)   Merge Heap Roots: 0.10ms
[2026-04-03T01:51:44.388+0600][8.769s][info][gc,phases      ] GC(37)   Evacuate Collection Set: 0.22ms
[2026-04-03T01:51:44.388+0600][8.769s][info][gc,phases      ] GC(37)   Post Evacuate Collection Set: 0.37ms
[2026-04-03T01:51:44.388+0600][8.769s][info][gc,phases      ] GC(37)   Other: 0.09ms
[2026-04-03T01:51:44.388+0600][8.769s][info][gc,heap        ] GC(37) Eden regions: 62->0(62)
[2026-04-03T01:51:44.388+0600][8.769s][info][gc,heap        ] GC(37) Survivor regions: 1->1(8)
[2026-04-03T01:51:44.388+0600][8.769s][info][gc,heap        ] GC(37) Old regions: 7->7
[2026-04-03T01:51:44.388+0600][8.769s][info][gc,heap        ] GC(37) Humongous regions: 0->0
[2026-04-03T01:51:44.388+0600][8.769s][info][gc,metaspace   ] GC(37) Metaspace: 14054K(14336K)->14054K(14336K) NonClass: 12246K(12416K)->12246K(12416K) Class: 1807K(1920K)->1807K(1920K)
[2026-04-03T01:51:44.388+0600][8.769s][info][gc             ] GC(37) Pause Young (Normal) (G1 Evacuation Pause) 128M->4M(210M) 1.245ms
[2026-04-03T01:51:44.388+0600][8.769s][info][gc,cpu         ] GC(37) User=0.00s Sys=0.00s Real=0.00s
[2026-04-03T01:51:44.571+0600][8.952s][info][gc,start       ] GC(38) Pause Young (Normal) (G1 Evacuation Pause)
[2026-04-03T01:51:44.571+0600][8.952s][info][gc,task        ] GC(38) Using 10 workers of 10 for evacuation
[2026-04-03T01:51:44.572+0600][8.953s][info][gc,phases      ] GC(38)   Pre Evacuate Collection Set: 0.17ms
[2026-04-03T01:51:44.572+0600][8.953s][info][gc,phases      ] GC(38)   Merge Heap Roots: 0.10ms
[2026-04-03T01:51:44.572+0600][8.953s][info][gc,phases      ] GC(38)   Evacuate Collection Set: 0.25ms
[2026-04-03T01:51:44.572+0600][8.953s][info][gc,phases      ] GC(38)   Post Evacuate Collection Set: 0.44ms
[2026-04-03T01:51:44.572+0600][8.953s][info][gc,phases      ] GC(38)   Other: 0.09ms
[2026-04-03T01:51:44.572+0600][8.953s][info][gc,heap        ] GC(38) Eden regions: 62->0(62)
[2026-04-03T01:51:44.572+0600][8.953s][info][gc,heap        ] GC(38) Survivor regions: 1->1(8)
[2026-04-03T01:51:44.572+0600][8.953s][info][gc,heap        ] GC(38) Old regions: 7->7
[2026-04-03T01:51:44.572+0600][8.953s][info][gc,heap        ] GC(38) Humongous regions: 0->0
[2026-04-03T01:51:44.572+0600][8.953s][info][gc,metaspace   ] GC(38) Metaspace: 14054K(14336K)->14054K(14336K) NonClass: 12246K(12416K)->12246K(12416K) Class: 1807K(1920K)->1807K(1920K)
[2026-04-03T01:51:44.572+0600][8.953s][info][gc             ] GC(38) Pause Young (Normal) (G1 Evacuation Pause) 128M->4M(210M) 1.346ms
[2026-04-03T01:51:44.572+0600][8.953s][info][gc,cpu         ] GC(38) User=0.00s Sys=0.01s Real=0.00s
[2026-04-03T01:51:44.788+0600][9.168s][info][gc,start       ] GC(39) Pause Young (Normal) (G1 Evacuation Pause)
[2026-04-03T01:51:44.788+0600][9.169s][info][gc,task        ] GC(39) Using 10 workers of 10 for evacuation
[2026-04-03T01:51:44.789+0600][9.170s][info][gc,phases      ] GC(39)   Pre Evacuate Collection Set: 0.17ms
[2026-04-03T01:51:44.789+0600][9.170s][info][gc,phases      ] GC(39)   Merge Heap Roots: 0.12ms
[2026-04-03T01:51:44.789+0600][9.170s][info][gc,phases      ] GC(39)   Evacuate Collection Set: 0.23ms
[2026-04-03T01:51:44.789+0600][9.170s][info][gc,phases      ] GC(39)   Post Evacuate Collection Set: 0.47ms
[2026-04-03T01:51:44.789+0600][9.170s][info][gc,phases      ] GC(39)   Other: 0.11ms
[2026-04-03T01:51:44.789+0600][9.170s][info][gc,heap        ] GC(39) Eden regions: 62->0(62)
[2026-04-03T01:51:44.789+0600][9.170s][info][gc,heap        ] GC(39) Survivor regions: 1->1(8)
[2026-04-03T01:51:44.789+0600][9.170s][info][gc,heap        ] GC(39) Old regions: 7->7
[2026-04-03T01:51:44.789+0600][9.170s][info][gc,heap        ] GC(39) Humongous regions: 0->0
[2026-04-03T01:51:44.789+0600][9.170s][info][gc,metaspace   ] GC(39) Metaspace: 14054K(14336K)->14054K(14336K) NonClass: 12246K(12416K)->12246K(12416K) Class: 1807K(1920K)->1807K(1920K)
[2026-04-03T01:51:44.789+0600][9.170s][info][gc             ] GC(39) Pause Young (Normal) (G1 Evacuation Pause) 128M->4M(210M) 1.464ms
[2026-04-03T01:51:44.789+0600][9.170s][info][gc,cpu         ] GC(39) User=0.01s Sys=0.00s Real=0.00s
[2026-04-03T01:51:44.991+0600][9.372s][info][gc,start       ] GC(40) Pause Young (Normal) (G1 Evacuation Pause)
[2026-04-03T01:51:44.992+0600][9.372s][info][gc,task        ] GC(40) Using 10 workers of 10 for evacuation
[2026-04-03T01:51:44.993+0600][9.373s][info][gc,phases      ] GC(40)   Pre Evacuate Collection Set: 0.17ms
[2026-04-03T01:51:44.993+0600][9.373s][info][gc,phases      ] GC(40)   Merge Heap Roots: 0.12ms
[2026-04-03T01:51:44.993+0600][9.373s][info][gc,phases      ] GC(40)   Evacuate Collection Set: 0.22ms
[2026-04-03T01:51:44.993+0600][9.373s][info][gc,phases      ] GC(40)   Post Evacuate Collection Set: 0.46ms
[2026-04-03T01:51:44.993+0600][9.373s][info][gc,phases      ] GC(40)   Other: 0.10ms
[2026-04-03T01:51:44.993+0600][9.373s][info][gc,heap        ] GC(40) Eden regions: 62->0(62)
[2026-04-03T01:51:44.993+0600][9.373s][info][gc,heap        ] GC(40) Survivor regions: 1->1(8)
[2026-04-03T01:51:44.993+0600][9.373s][info][gc,heap        ] GC(40) Old regions: 7->7
[2026-04-03T01:51:44.993+0600][9.373s][info][gc,heap        ] GC(40) Humongous regions: 0->0
[2026-04-03T01:51:44.993+0600][9.373s][info][gc,metaspace   ] GC(40) Metaspace: 14054K(14336K)->14054K(14336K) NonClass: 12246K(12416K)->12246K(12416K) Class: 1807K(1920K)->1807K(1920K)
[2026-04-03T01:51:44.993+0600][9.374s][info][gc             ] GC(40) Pause Young (Normal) (G1 Evacuation Pause) 128M->4M(210M) 1.424ms
[2026-04-03T01:51:44.993+0600][9.374s][info][gc,cpu         ] GC(40) User=0.00s Sys=0.00s Real=0.00s
[2026-04-03T01:51:45.174+0600][9.555s][info][gc,start       ] GC(41) Pause Young (Normal) (G1 Evacuation Pause)
[2026-04-03T01:51:45.174+0600][9.555s][info][gc,task        ] GC(41) Using 10 workers of 10 for evacuation
[2026-04-03T01:51:45.175+0600][9.556s][info][gc,phases      ] GC(41)   Pre Evacuate Collection Set: 0.16ms
[2026-04-03T01:51:45.175+0600][9.556s][info][gc,phases      ] GC(41)   Merge Heap Roots: 0.11ms
[2026-04-03T01:51:45.175+0600][9.556s][info][gc,phases      ] GC(41)   Evacuate Collection Set: 0.21ms
[2026-04-03T01:51:45.175+0600][9.556s][info][gc,phases      ] GC(41)   Post Evacuate Collection Set: 0.46ms
[2026-04-03T01:51:45.175+0600][9.556s][info][gc,phases      ] GC(41)   Other: 0.09ms
[2026-04-03T01:51:45.175+0600][9.556s][info][gc,heap        ] GC(41) Eden regions: 62->0(62)
[2026-04-03T01:51:45.175+0600][9.556s][info][gc,heap        ] GC(41) Survivor regions: 1->1(8)
[2026-04-03T01:51:45.175+0600][9.556s][info][gc,heap        ] GC(41) Old regions: 7->7
[2026-04-03T01:51:45.175+0600][9.556s][info][gc,heap        ] GC(41) Humongous regions: 0->0
[2026-04-03T01:51:45.175+0600][9.556s][info][gc,metaspace   ] GC(41) Metaspace: 14054K(14336K)->14054K(14336K) NonClass: 12246K(12416K)->12246K(12416K) Class: 1807K(1920K)->1807K(1920K)
[2026-04-03T01:51:45.175+0600][9.556s][info][gc             ] GC(41) Pause Young (Normal) (G1 Evacuation Pause) 128M->4M(210M) 1.304ms
[2026-04-03T01:51:45.175+0600][9.556s][info][gc,cpu         ] GC(41) User=0.00s Sys=0.01s Real=0.00s
[2026-04-03T01:51:45.363+0600][9.744s][info][gc,start       ] GC(42) Pause Young (Normal) (G1 Evacuation Pause)
[2026-04-03T01:51:45.363+0600][9.744s][info][gc,task        ] GC(42) Using 10 workers of 10 for evacuation
[2026-04-03T01:51:45.364+0600][9.745s][info][gc,phases      ] GC(42)   Pre Evacuate Collection Set: 0.15ms
[2026-04-03T01:51:45.364+0600][9.745s][info][gc,phases      ] GC(42)   Merge Heap Roots: 0.10ms
[2026-04-03T01:51:45.364+0600][9.745s][info][gc,phases      ] GC(42)   Evacuate Collection Set: 0.22ms
[2026-04-03T01:51:45.364+0600][9.745s][info][gc,phases      ] GC(42)   Post Evacuate Collection Set: 0.39ms
[2026-04-03T01:51:45.364+0600][9.745s][info][gc,phases      ] GC(42)   Other: 0.11ms
[2026-04-03T01:51:45.364+0600][9.745s][info][gc,heap        ] GC(42) Eden regions: 62->0(62)
[2026-04-03T01:51:45.364+0600][9.745s][info][gc,heap        ] GC(42) Survivor regions: 1->1(8)
[2026-04-03T01:51:45.364+0600][9.745s][info][gc,heap        ] GC(42) Old regions: 7->7
[2026-04-03T01:51:45.364+0600][9.745s][info][gc,heap        ] GC(42) Humongous regions: 0->0
[2026-04-03T01:51:45.364+0600][9.745s][info][gc,metaspace   ] GC(42) Metaspace: 14054K(14336K)->14054K(14336K) NonClass: 12246K(12416K)->12246K(12416K) Class: 1807K(1920K)->1807K(1920K)
[2026-04-03T01:51:45.364+0600][9.745s][info][gc             ] GC(42) Pause Young (Normal) (G1 Evacuation Pause) 128M->4M(210M) 1.266ms
[2026-04-03T01:51:45.364+0600][9.745s][info][gc,cpu         ] GC(42) User=0.00s Sys=0.00s Real=0.00s
[2026-04-03T01:51:45.603+0600][9.984s][info][gc,start       ] GC(43) Pause Full (System.gc())
[2026-04-03T01:51:45.603+0600][9.984s][info][gc,task        ] GC(43) Using 7 workers of 10 for full compaction
[2026-04-03T01:51:45.603+0600][9.984s][info][gc,phases,start] GC(43) Phase 1: Mark live objects
[2026-04-03T01:51:45.609+0600][9.990s][info][gc,phases      ] GC(43) Phase 1: Mark live objects 5.922ms
[2026-04-03T01:51:45.609+0600][9.990s][info][gc,phases,start] GC(43) Phase 2: Prepare compaction
[2026-04-03T01:51:45.610+0600][9.991s][info][gc,phases      ] GC(43) Phase 2: Prepare compaction 0.986ms
[2026-04-03T01:51:45.610+0600][9.991s][info][gc,phases,start] GC(43) Phase 3: Adjust pointers
[2026-04-03T01:51:45.614+0600][9.995s][info][gc,phases      ] GC(43) Phase 3: Adjust pointers 3.664ms
[2026-04-03T01:51:45.614+0600][9.995s][info][gc,phases,start] GC(43) Phase 4: Compact heap
[2026-04-03T01:51:45.616+0600][9.997s][info][gc,phases      ] GC(43) Phase 4: Compact heap 2.334ms
[2026-04-03T01:51:45.617+0600][9.997s][info][gc,phases,start] GC(43) Phase 5: Reset Metadata
[2026-04-03T01:51:45.617+0600][9.998s][info][gc,phases      ] GC(43) Phase 5: Reset Metadata 0.850ms
[2026-04-03T01:51:45.622+0600][10.003s][info][gc,heap        ] GC(43) Eden regions: 56->0(16)
[2026-04-03T01:51:45.622+0600][10.003s][info][gc,heap        ] GC(43) Survivor regions: 1->0(8)
[2026-04-03T01:51:45.622+0600][10.003s][info][gc,heap        ] GC(43) Old regions: 7->8
[2026-04-03T01:51:45.622+0600][10.003s][info][gc,heap        ] GC(43) Humongous regions: 0->0
[2026-04-03T01:51:45.622+0600][10.003s][info][gc,metaspace   ] GC(43) Metaspace: 14233K(14464K)->14216K(14464K) NonClass: 12409K(12544K)->12397K(12544K) Class: 1824K(1920K)->1819K(1920K)
[2026-04-03T01:51:45.622+0600][10.003s][info][gc             ] GC(43) Pause Full (System.gc()) 116M->4M(54M) 19.076ms
[2026-04-03T01:51:45.622+0600][10.003s][info][gc,cpu         ] GC(43) User=0.07s Sys=0.01s Real=0.02s
[2026-04-03T01:51:45.693+0600][10.074s][info][gc,start       ] GC(44) Pause Young (Normal) (G1 Evacuation Pause)
[2026-04-03T01:51:45.693+0600][10.074s][info][gc,task        ] GC(44) Using 10 workers of 10 for evacuation
[2026-04-03T01:51:45.695+0600][10.075s][info][gc,phases      ] GC(44)   Pre Evacuate Collection Set: 0.18ms
[2026-04-03T01:51:45.695+0600][10.075s][info][gc,phases      ] GC(44)   Merge Heap Roots: 0.12ms
[2026-04-03T01:51:45.695+0600][10.075s][info][gc,phases      ] GC(44)   Evacuate Collection Set: 0.53ms
[2026-04-03T01:51:45.695+0600][10.075s][info][gc,phases      ] GC(44)   Post Evacuate Collection Set: 0.71ms
[2026-04-03T01:51:45.695+0600][10.075s][info][gc,phases      ] GC(44)   Other: 0.12ms
[2026-04-03T01:51:45.695+0600][10.076s][info][gc,heap        ] GC(44) Eden regions: 16->0(15)
[2026-04-03T01:51:45.695+0600][10.076s][info][gc,heap        ] GC(44) Survivor regions: 0->1(2)
[2026-04-03T01:51:45.695+0600][10.076s][info][gc,heap        ] GC(44) Old regions: 8->8
[2026-04-03T01:51:45.695+0600][10.076s][info][gc,heap        ] GC(44) Humongous regions: 0->0
[2026-04-03T01:51:45.695+0600][10.076s][info][gc,metaspace   ] GC(44) Metaspace: 14221K(14464K)->14221K(14464K) NonClass: 12402K(12544K)->12402K(12544K) Class: 1819K(1920K)->1819K(1920K)
[2026-04-03T01:51:45.695+0600][10.076s][info][gc             ] GC(44) Pause Young (Normal) (G1 Evacuation Pause) 36M->4M(54M) 2.146ms
[2026-04-03T01:51:45.695+0600][10.076s][info][gc,cpu         ] GC(44) User=0.01s Sys=0.00s Real=0.00s
[2026-04-03T01:51:45.747+0600][10.128s][info][gc,start       ] GC(45) Pause Young (Normal) (G1 Evacuation Pause)
[2026-04-03T01:51:45.747+0600][10.128s][info][gc,task        ] GC(45) Using 10 workers of 10 for evacuation
[2026-04-03T01:51:45.748+0600][10.129s][info][gc,phases      ] GC(45)   Pre Evacuate Collection Set: 0.20ms
[2026-04-03T01:51:45.748+0600][10.129s][info][gc,phases      ] GC(45)   Merge Heap Roots: 0.07ms
[2026-04-03T01:51:45.748+0600][10.129s][info][gc,phases      ] GC(45)   Evacuate Collection Set: 0.28ms
[2026-04-03T01:51:45.748+0600][10.129s][info][gc,phases      ] GC(45)   Post Evacuate Collection Set: 0.40ms
[2026-04-03T01:51:45.748+0600][10.129s][info][gc,phases      ] GC(45)   Other: 0.09ms
[2026-04-03T01:51:45.748+0600][10.129s][info][gc,heap        ] GC(45) Eden regions: 15->0(15)
[2026-04-03T01:51:45.748+0600][10.129s][info][gc,heap        ] GC(45) Survivor regions: 1->1(2)
[2026-04-03T01:51:45.748+0600][10.129s][info][gc,heap        ] GC(45) Old regions: 8->8
[2026-04-03T01:51:45.748+0600][10.129s][info][gc,heap        ] GC(45) Humongous regions: 0->0
[2026-04-03T01:51:45.748+0600][10.129s][info][gc,metaspace   ] GC(45) Metaspace: 14221K(14464K)->14221K(14464K) NonClass: 12402K(12544K)->12402K(12544K) Class: 1819K(1920K)->1819K(1920K)
[2026-04-03T01:51:45.748+0600][10.129s][info][gc             ] GC(45) Pause Young (Normal) (G1 Evacuation Pause) 34M->4M(54M) 1.293ms
[2026-04-03T01:51:45.748+0600][10.129s][info][gc,cpu         ] GC(45) User=0.00s Sys=0.00s Real=0.00s
[2026-04-03T01:51:45.804+0600][10.184s][info][gc,start       ] GC(46) Pause Young (Normal) (G1 Evacuation Pause)
[2026-04-03T01:51:45.804+0600][10.184s][info][gc,task        ] GC(46) Using 10 workers of 10 for evacuation
[2026-04-03T01:51:45.805+0600][10.186s][info][gc,phases      ] GC(46)   Pre Evacuate Collection Set: 0.37ms
[2026-04-03T01:51:45.805+0600][10.186s][info][gc,phases      ] GC(46)   Merge Heap Roots: 0.07ms
[2026-04-03T01:51:45.805+0600][10.186s][info][gc,phases      ] GC(46)   Evacuate Collection Set: 0.32ms
[2026-04-03T01:51:45.805+0600][10.186s][info][gc,phases      ] GC(46)   Post Evacuate Collection Set: 0.44ms
[2026-04-03T01:51:45.805+0600][10.186s][info][gc,phases      ] GC(46)   Other: 0.08ms
[2026-04-03T01:51:45.805+0600][10.186s][info][gc,heap        ] GC(46) Eden regions: 15->0(15)
[2026-04-03T01:51:45.805+0600][10.186s][info][gc,heap        ] GC(46) Survivor regions: 1->1(2)
[2026-04-03T01:51:45.805+0600][10.186s][info][gc,heap        ] GC(46) Old regions: 8->8
[2026-04-03T01:51:45.805+0600][10.186s][info][gc,heap        ] GC(46) Humongous regions: 0->0
[2026-04-03T01:51:45.805+0600][10.186s][info][gc,metaspace   ] GC(46) Metaspace: 14221K(14464K)->14221K(14464K) NonClass: 12402K(12544K)->12402K(12544K) Class: 1819K(1920K)->1819K(1920K)
[2026-04-03T01:51:45.805+0600][10.186s][info][gc             ] GC(46) Pause Young (Normal) (G1 Evacuation Pause) 34M->4M(54M) 1.542ms
[2026-04-03T01:51:45.805+0600][10.186s][info][gc,cpu         ] GC(46) User=0.01s Sys=0.00s Real=0.00s
[2026-04-03T01:51:45.853+0600][10.234s][info][gc,start       ] GC(47) Pause Young (Normal) (G1 Evacuation Pause)
[2026-04-03T01:51:45.854+0600][10.234s][info][gc,task        ] GC(47) Using 10 workers of 10 for evacuation
[2026-04-03T01:51:45.855+0600][10.236s][info][gc,phases      ] GC(47)   Pre Evacuate Collection Set: 0.17ms
[2026-04-03T01:51:45.855+0600][10.236s][info][gc,phases      ] GC(47)   Merge Heap Roots: 0.08ms
[2026-04-03T01:51:45.855+0600][10.236s][info][gc,phases      ] GC(47)   Evacuate Collection Set: 0.38ms
[2026-04-03T01:51:45.855+0600][10.236s][info][gc,phases      ] GC(47)   Post Evacuate Collection Set: 0.81ms
[2026-04-03T01:51:45.855+0600][10.236s][info][gc,phases      ] GC(47)   Other: 0.09ms
[2026-04-03T01:51:45.855+0600][10.236s][info][gc,heap        ] GC(47) Eden regions: 15->0(44)
[2026-04-03T01:51:45.855+0600][10.236s][info][gc,heap        ] GC(47) Survivor regions: 1->1(2)
[2026-04-03T01:51:45.855+0600][10.236s][info][gc,heap        ] GC(47) Old regions: 8->8
[2026-04-03T01:51:45.855+0600][10.236s][info][gc,heap        ] GC(47) Humongous regions: 0->0
[2026-04-03T01:51:45.855+0600][10.236s][info][gc,metaspace   ] GC(47) Metaspace: 14221K(14464K)->14221K(14464K) NonClass: 12402K(12544K)->12402K(12544K) Class: 1819K(1920K)->1819K(1920K)
[2026-04-03T01:51:45.855+0600][10.236s][info][gc             ] GC(47) Pause Young (Normal) (G1 Evacuation Pause) 34M->4M(150M) 1.849ms
[2026-04-03T01:51:45.855+0600][10.236s][info][gc,cpu         ] GC(47) User=0.00s Sys=0.00s Real=0.00s
[2026-04-03T01:51:45.998+0600][10.379s][info][gc,start       ] GC(48) Pause Young (Normal) (G1 Evacuation Pause)
[2026-04-03T01:51:45.998+0600][10.379s][info][gc,task        ] GC(48) Using 10 workers of 10 for evacuation
[2026-04-03T01:51:45.999+0600][10.380s][info][gc,phases      ] GC(48)   Pre Evacuate Collection Set: 0.15ms
[2026-04-03T01:51:45.999+0600][10.380s][info][gc,phases      ] GC(48)   Merge Heap Roots: 0.08ms
[2026-04-03T01:51:45.999+0600][10.380s][info][gc,phases      ] GC(48)   Evacuate Collection Set: 0.44ms
[2026-04-03T01:51:45.999+0600][10.380s][info][gc,phases      ] GC(48)   Post Evacuate Collection Set: 0.36ms
[2026-04-03T01:51:45.999+0600][10.380s][info][gc,phases      ] GC(48)   Other: 0.08ms
[2026-04-03T01:51:45.999+0600][10.380s][info][gc,heap        ] GC(48) Eden regions: 44->0(44)
[2026-04-03T01:51:45.999+0600][10.380s][info][gc,heap        ] GC(48) Survivor regions: 1->1(6)
[2026-04-03T01:51:45.999+0600][10.380s][info][gc,heap        ] GC(48) Old regions: 8->8
[2026-04-03T01:51:45.999+0600][10.380s][info][gc,heap        ] GC(48) Humongous regions: 0->0
[2026-04-03T01:51:46.000+0600][10.380s][info][gc,metaspace   ] GC(48) Metaspace: 14221K(14464K)->14221K(14464K) NonClass: 12402K(12544K)->12402K(12544K) Class: 1819K(1920K)->1819K(1920K)
[2026-04-03T01:51:46.000+0600][10.380s][info][gc             ] GC(48) Pause Young (Normal) (G1 Evacuation Pause) 92M->4M(150M) 1.369ms
[2026-04-03T01:51:46.000+0600][10.380s][info][gc,cpu         ] GC(48) User=0.01s Sys=0.01s Real=0.00s
[2026-04-03T01:51:46.124+0600][10.505s][info][gc,start       ] GC(49) Pause Young (Normal) (G1 Evacuation Pause)
[2026-04-03T01:51:46.124+0600][10.505s][info][gc,task        ] GC(49) Using 10 workers of 10 for evacuation
[2026-04-03T01:51:46.126+0600][10.506s][info][gc,phases      ] GC(49)   Pre Evacuate Collection Set: 0.15ms
[2026-04-03T01:51:46.126+0600][10.506s][info][gc,phases      ] GC(49)   Merge Heap Roots: 0.08ms
[2026-04-03T01:51:46.126+0600][10.506s][info][gc,phases      ] GC(49)   Evacuate Collection Set: 0.45ms
[2026-04-03T01:51:46.126+0600][10.506s][info][gc,phases      ] GC(49)   Post Evacuate Collection Set: 0.43ms
[2026-04-03T01:51:46.126+0600][10.506s][info][gc,phases      ] GC(49)   Other: 0.09ms
[2026-04-03T01:51:46.126+0600][10.506s][info][gc,heap        ] GC(49) Eden regions: 44->0(44)
[2026-04-03T01:51:46.126+0600][10.506s][info][gc,heap        ] GC(49) Survivor regions: 1->1(6)
[2026-04-03T01:51:46.126+0600][10.506s][info][gc,heap        ] GC(49) Old regions: 8->8
[2026-04-03T01:51:46.126+0600][10.506s][info][gc,heap        ] GC(49) Humongous regions: 0->0
[2026-04-03T01:51:46.126+0600][10.506s][info][gc,metaspace   ] GC(49) Metaspace: 14221K(14464K)->14221K(14464K) NonClass: 12402K(12544K)->12402K(12544K) Class: 1819K(1920K)->1819K(1920K)
[2026-04-03T01:51:46.126+0600][10.506s][info][gc             ] GC(49) Pause Young (Normal) (G1 Evacuation Pause) 92M->4M(150M) 1.483ms
[2026-04-03T01:51:46.126+0600][10.506s][info][gc,cpu         ] GC(49) User=0.01s Sys=0.00s Real=0.00s
[2026-04-03T01:51:46.249+0600][10.630s][info][gc,start       ] GC(50) Pause Young (Normal) (G1 Evacuation Pause)
[2026-04-03T01:51:46.250+0600][10.630s][info][gc,task        ] GC(50) Using 10 workers of 10 for evacuation
[2026-04-03T01:51:46.251+0600][10.631s][info][gc,phases      ] GC(50)   Pre Evacuate Collection Set: 0.23ms
[2026-04-03T01:51:46.251+0600][10.631s][info][gc,phases      ] GC(50)   Merge Heap Roots: 0.09ms
[2026-04-03T01:51:46.251+0600][10.631s][info][gc,phases      ] GC(50)   Evacuate Collection Set: 0.27ms
[2026-04-03T01:51:46.251+0600][10.631s][info][gc,phases      ] GC(50)   Post Evacuate Collection Set: 0.45ms
[2026-04-03T01:51:46.251+0600][10.632s][info][gc,phases      ] GC(50)   Other: 0.13ms
[2026-04-03T01:51:46.251+0600][10.632s][info][gc,heap        ] GC(50) Eden regions: 44->0(44)
[2026-04-03T01:51:46.251+0600][10.632s][info][gc,heap        ] GC(50) Survivor regions: 1->1(6)
[2026-04-03T01:51:46.251+0600][10.632s][info][gc,heap        ] GC(50) Old regions: 8->8
[2026-04-03T01:51:46.251+0600][10.632s][info][gc,heap        ] GC(50) Humongous regions: 0->0
[2026-04-03T01:51:46.251+0600][10.632s][info][gc,metaspace   ] GC(50) Metaspace: 14221K(14464K)->14221K(14464K) NonClass: 12402K(12544K)->12402K(12544K) Class: 1819K(1920K)->1819K(1920K)
[2026-04-03T01:51:46.251+0600][10.632s][info][gc             ] GC(50) Pause Young (Normal) (G1 Evacuation Pause) 92M->4M(150M) 1.514ms
[2026-04-03T01:51:46.251+0600][10.632s][info][gc,cpu         ] GC(50) User=0.01s Sys=0.00s Real=0.01s
[2026-04-03T01:51:46.374+0600][10.755s][info][gc,start       ] GC(51) Pause Young (Normal) (G1 Evacuation Pause)
[2026-04-03T01:51:46.374+0600][10.755s][info][gc,task        ] GC(51) Using 10 workers of 10 for evacuation
[2026-04-03T01:51:46.375+0600][10.756s][info][gc,phases      ] GC(51)   Pre Evacuate Collection Set: 0.15ms
[2026-04-03T01:51:46.376+0600][10.756s][info][gc,phases      ] GC(51)   Merge Heap Roots: 0.10ms
[2026-04-03T01:51:46.376+0600][10.756s][info][gc,phases      ] GC(51)   Evacuate Collection Set: 0.38ms
[2026-04-03T01:51:46.376+0600][10.756s][info][gc,phases      ] GC(51)   Post Evacuate Collection Set: 0.43ms
[2026-04-03T01:51:46.376+0600][10.756s][info][gc,phases      ] GC(51)   Other: 0.08ms
[2026-04-03T01:51:46.376+0600][10.756s][info][gc,heap        ] GC(51) Eden regions: 44->0(44)
[2026-04-03T01:51:46.376+0600][10.756s][info][gc,heap        ] GC(51) Survivor regions: 1->1(6)
[2026-04-03T01:51:46.376+0600][10.756s][info][gc,heap        ] GC(51) Old regions: 8->8
[2026-04-03T01:51:46.376+0600][10.756s][info][gc,heap        ] GC(51) Humongous regions: 0->0
[2026-04-03T01:51:46.376+0600][10.756s][info][gc,metaspace   ] GC(51) Metaspace: 14221K(14464K)->14221K(14464K) NonClass: 12402K(12544K)->12402K(12544K) Class: 1819K(1920K)->1819K(1920K)
[2026-04-03T01:51:46.376+0600][10.756s][info][gc             ] GC(51) Pause Young (Normal) (G1 Evacuation Pause) 92M->4M(150M) 1.462ms
[2026-04-03T01:51:46.376+0600][10.756s][info][gc,cpu         ] GC(51) User=0.00s Sys=0.00s Real=0.00s
[2026-04-03T01:51:46.502+0600][10.882s][info][gc,start       ] GC(52) Pause Young (Normal) (G1 Evacuation Pause)
[2026-04-03T01:51:46.502+0600][10.883s][info][gc,task        ] GC(52) Using 10 workers of 10 for evacuation
[2026-04-03T01:51:46.503+0600][10.883s][info][gc,phases      ] GC(52)   Pre Evacuate Collection Set: 0.13ms
[2026-04-03T01:51:46.503+0600][10.884s][info][gc,phases      ] GC(52)   Merge Heap Roots: 0.10ms
[2026-04-03T01:51:46.503+0600][10.884s][info][gc,phases      ] GC(52)   Evacuate Collection Set: 0.28ms
[2026-04-03T01:51:46.503+0600][10.884s][info][gc,phases      ] GC(52)   Post Evacuate Collection Set: 0.34ms
[2026-04-03T01:51:46.503+0600][10.884s][info][gc,phases      ] GC(52)   Other: 0.08ms
[2026-04-03T01:51:46.503+0600][10.884s][info][gc,heap        ] GC(52) Eden regions: 44->0(44)
[2026-04-03T01:51:46.503+0600][10.884s][info][gc,heap        ] GC(52) Survivor regions: 1->1(6)
[2026-04-03T01:51:46.503+0600][10.884s][info][gc,heap        ] GC(52) Old regions: 8->8
[2026-04-03T01:51:46.503+0600][10.884s][info][gc,heap        ] GC(52) Humongous regions: 0->0
[2026-04-03T01:51:46.503+0600][10.884s][info][gc,metaspace   ] GC(52) Metaspace: 14221K(14464K)->14221K(14464K) NonClass: 12402K(12544K)->12402K(12544K) Class: 1819K(1920K)->1819K(1920K)
[2026-04-03T01:51:46.503+0600][10.884s][info][gc             ] GC(52) Pause Young (Normal) (G1 Evacuation Pause) 92M->4M(150M) 1.223ms
[2026-04-03T01:51:46.503+0600][10.884s][info][gc,cpu         ] GC(52) User=0.00s Sys=0.01s Real=0.00s
[2026-04-03T01:51:46.627+0600][11.007s][info][gc,start       ] GC(53) Pause Young (Normal) (G1 Evacuation Pause)
[2026-04-03T01:51:46.627+0600][11.007s][info][gc,task        ] GC(53) Using 10 workers of 10 for evacuation
[2026-04-03T01:51:46.628+0600][11.008s][info][gc,phases      ] GC(53)   Pre Evacuate Collection Set: 0.14ms
[2026-04-03T01:51:46.628+0600][11.008s][info][gc,phases      ] GC(53)   Merge Heap Roots: 0.07ms
[2026-04-03T01:51:46.628+0600][11.008s][info][gc,phases      ] GC(53)   Evacuate Collection Set: 0.29ms
[2026-04-03T01:51:46.628+0600][11.008s][info][gc,phases      ] GC(53)   Post Evacuate Collection Set: 0.34ms
[2026-04-03T01:51:46.628+0600][11.009s][info][gc,phases      ] GC(53)   Other: 0.08ms
[2026-04-03T01:51:46.628+0600][11.009s][info][gc,heap        ] GC(53) Eden regions: 44->0(44)
[2026-04-03T01:51:46.628+0600][11.009s][info][gc,heap        ] GC(53) Survivor regions: 1->1(6)
[2026-04-03T01:51:46.628+0600][11.009s][info][gc,heap        ] GC(53) Old regions: 8->8
[2026-04-03T01:51:46.628+0600][11.009s][info][gc,heap        ] GC(53) Humongous regions: 0->0
[2026-04-03T01:51:46.628+0600][11.009s][info][gc,metaspace   ] GC(53) Metaspace: 14221K(14464K)->14221K(14464K) NonClass: 12402K(12544K)->12402K(12544K) Class: 1819K(1920K)->1819K(1920K)
[2026-04-03T01:51:46.628+0600][11.009s][info][gc             ] GC(53) Pause Young (Normal) (G1 Evacuation Pause) 92M->4M(150M) 1.258ms
[2026-04-03T01:51:46.628+0600][11.009s][info][gc,cpu         ] GC(53) User=0.00s Sys=0.00s Real=0.00s
[2026-04-03T01:51:46.751+0600][11.131s][info][gc,start       ] GC(54) Pause Young (Normal) (G1 Evacuation Pause)
[2026-04-03T01:51:46.751+0600][11.132s][info][gc,task        ] GC(54) Using 10 workers of 10 for evacuation
[2026-04-03T01:51:46.752+0600][11.132s][info][gc,phases      ] GC(54)   Pre Evacuate Collection Set: 0.14ms
[2026-04-03T01:51:46.752+0600][11.133s][info][gc,phases      ] GC(54)   Merge Heap Roots: 0.08ms
[2026-04-03T01:51:46.752+0600][11.133s][info][gc,phases      ] GC(54)   Evacuate Collection Set: 0.29ms
[2026-04-03T01:51:46.752+0600][11.133s][info][gc,phases      ] GC(54)   Post Evacuate Collection Set: 0.34ms
[2026-04-03T01:51:46.752+0600][11.133s][info][gc,phases      ] GC(54)   Other: 0.12ms
[2026-04-03T01:51:46.752+0600][11.133s][info][gc,heap        ] GC(54) Eden regions: 44->0(44)
[2026-04-03T01:51:46.752+0600][11.133s][info][gc,heap        ] GC(54) Survivor regions: 1->1(6)
[2026-04-03T01:51:46.752+0600][11.133s][info][gc,heap        ] GC(54) Old regions: 8->8
[2026-04-03T01:51:46.752+0600][11.133s][info][gc,heap        ] GC(54) Humongous regions: 0->0
[2026-04-03T01:51:46.752+0600][11.133s][info][gc,metaspace   ] GC(54) Metaspace: 14221K(14464K)->14221K(14464K) NonClass: 12402K(12544K)->12402K(12544K) Class: 1819K(1920K)->1819K(1920K)
[2026-04-03T01:51:46.752+0600][11.133s][info][gc             ] GC(54) Pause Young (Normal) (G1 Evacuation Pause) 92M->4M(150M) 1.308ms
[2026-04-03T01:51:46.752+0600][11.133s][info][gc,cpu         ] GC(54) User=0.00s Sys=0.00s Real=0.00s
[2026-04-03T01:51:46.876+0600][11.257s][info][gc,start       ] GC(55) Pause Young (Normal) (G1 Evacuation Pause)
[2026-04-03T01:51:46.876+0600][11.257s][info][gc,task        ] GC(55) Using 10 workers of 10 for evacuation
[2026-04-03T01:51:46.877+0600][11.258s][info][gc,phases      ] GC(55)   Pre Evacuate Collection Set: 0.13ms
[2026-04-03T01:51:46.877+0600][11.258s][info][gc,phases      ] GC(55)   Merge Heap Roots: 0.09ms
[2026-04-03T01:51:46.877+0600][11.258s][info][gc,phases      ] GC(55)   Evacuate Collection Set: 0.27ms
[2026-04-03T01:51:46.877+0600][11.258s][info][gc,phases      ] GC(55)   Post Evacuate Collection Set: 0.34ms
[2026-04-03T01:51:46.877+0600][11.258s][info][gc,phases      ] GC(55)   Other: 0.08ms
[2026-04-03T01:51:46.877+0600][11.258s][info][gc,heap        ] GC(55) Eden regions: 44->0(44)
[2026-04-03T01:51:46.878+0600][11.258s][info][gc,heap        ] GC(55) Survivor regions: 1->1(6)
[2026-04-03T01:51:46.878+0600][11.258s][info][gc,heap        ] GC(55) Old regions: 8->8
[2026-04-03T01:51:46.878+0600][11.258s][info][gc,heap        ] GC(55) Humongous regions: 0->0
[2026-04-03T01:51:46.878+0600][11.258s][info][gc,metaspace   ] GC(55) Metaspace: 14221K(14464K)->14221K(14464K) NonClass: 12402K(12544K)->12402K(12544K) Class: 1819K(1920K)->1819K(1920K)
[2026-04-03T01:51:46.878+0600][11.258s][info][gc             ] GC(55) Pause Young (Normal) (G1 Evacuation Pause) 92M->4M(150M) 1.170ms
[2026-04-03T01:51:46.878+0600][11.258s][info][gc,cpu         ] GC(55) User=0.01s Sys=0.00s Real=0.00s
[2026-04-03T01:51:46.994+0600][11.375s][info][gc,start       ] GC(56) Pause Young (Normal) (G1 Evacuation Pause)
[2026-04-03T01:51:46.994+0600][11.375s][info][gc,task        ] GC(56) Using 10 workers of 10 for evacuation
[2026-04-03T01:51:46.995+0600][11.376s][info][gc,phases      ] GC(56)   Pre Evacuate Collection Set: 0.13ms
[2026-04-03T01:51:46.995+0600][11.376s][info][gc,phases      ] GC(56)   Merge Heap Roots: 0.07ms
[2026-04-03T01:51:46.995+0600][11.376s][info][gc,phases      ] GC(56)   Evacuate Collection Set: 0.27ms
[2026-04-03T01:51:46.995+0600][11.376s][info][gc,phases      ] GC(56)   Post Evacuate Collection Set: 0.36ms
[2026-04-03T01:51:46.995+0600][11.376s][info][gc,phases      ] GC(56)   Other: 0.08ms
[2026-04-03T01:51:46.995+0600][11.376s][info][gc,heap        ] GC(56) Eden regions: 44->0(44)
[2026-04-03T01:51:46.995+0600][11.376s][info][gc,heap        ] GC(56) Survivor regions: 1->1(6)
[2026-04-03T01:51:46.995+0600][11.376s][info][gc,heap        ] GC(56) Old regions: 8->8
[2026-04-03T01:51:46.995+0600][11.376s][info][gc,heap        ] GC(56) Humongous regions: 0->0
[2026-04-03T01:51:46.995+0600][11.376s][info][gc,metaspace   ] GC(56) Metaspace: 14221K(14464K)->14221K(14464K) NonClass: 12402K(12544K)->12402K(12544K) Class: 1819K(1920K)->1819K(1920K)
[2026-04-03T01:51:46.995+0600][11.376s][info][gc             ] GC(56) Pause Young (Normal) (G1 Evacuation Pause) 92M->4M(150M) 1.152ms
[2026-04-03T01:51:46.995+0600][11.376s][info][gc,cpu         ] GC(56) User=0.00s Sys=0.00s Real=0.00s
[2026-04-03T01:51:47.126+0600][11.507s][info][gc,start       ] GC(57) Pause Young (Normal) (G1 Evacuation Pause)
[2026-04-03T01:51:47.126+0600][11.507s][info][gc,task        ] GC(57) Using 10 workers of 10 for evacuation
[2026-04-03T01:51:47.127+0600][11.508s][info][gc,phases      ] GC(57)   Pre Evacuate Collection Set: 0.14ms
[2026-04-03T01:51:47.127+0600][11.508s][info][gc,phases      ] GC(57)   Merge Heap Roots: 0.07ms
[2026-04-03T01:51:47.127+0600][11.508s][info][gc,phases      ] GC(57)   Evacuate Collection Set: 0.34ms
[2026-04-03T01:51:47.127+0600][11.508s][info][gc,phases      ] GC(57)   Post Evacuate Collection Set: 0.40ms
[2026-04-03T01:51:47.127+0600][11.508s][info][gc,phases      ] GC(57)   Other: 0.09ms
[2026-04-03T01:51:47.127+0600][11.508s][info][gc,heap        ] GC(57) Eden regions: 44->0(44)
[2026-04-03T01:51:47.127+0600][11.508s][info][gc,heap        ] GC(57) Survivor regions: 1->1(6)
[2026-04-03T01:51:47.127+0600][11.508s][info][gc,heap        ] GC(57) Old regions: 8->8
[2026-04-03T01:51:47.127+0600][11.508s][info][gc,heap        ] GC(57) Humongous regions: 0->0
[2026-04-03T01:51:47.127+0600][11.508s][info][gc,metaspace   ] GC(57) Metaspace: 14223K(14464K)->14223K(14464K) NonClass: 12404K(12544K)->12404K(12544K) Class: 1819K(1920K)->1819K(1920K)
[2026-04-03T01:51:47.127+0600][11.508s][info][gc             ] GC(57) Pause Young (Normal) (G1 Evacuation Pause) 92M->4M(150M) 1.335ms
[2026-04-03T01:51:47.127+0600][11.508s][info][gc,cpu         ] GC(57) User=0.00s Sys=0.00s Real=0.00s
[2026-04-03T01:51:47.249+0600][11.629s][info][gc,start       ] GC(58) Pause Young (Normal) (G1 Evacuation Pause)
[2026-04-03T01:51:47.249+0600][11.629s][info][gc,task        ] GC(58) Using 10 workers of 10 for evacuation
[2026-04-03T01:51:47.250+0600][11.630s][info][gc,phases      ] GC(58)   Pre Evacuate Collection Set: 0.17ms
[2026-04-03T01:51:47.250+0600][11.631s][info][gc,phases      ] GC(58)   Merge Heap Roots: 0.09ms
[2026-04-03T01:51:47.250+0600][11.631s][info][gc,phases      ] GC(58)   Evacuate Collection Set: 0.27ms
[2026-04-03T01:51:47.250+0600][11.631s][info][gc,phases      ] GC(58)   Post Evacuate Collection Set: 0.39ms
[2026-04-03T01:51:47.250+0600][11.631s][info][gc,phases      ] GC(58)   Other: 0.19ms
[2026-04-03T01:51:47.250+0600][11.631s][info][gc,heap        ] GC(58) Eden regions: 44->0(44)
[2026-04-03T01:51:47.250+0600][11.631s][info][gc,heap        ] GC(58) Survivor regions: 1->1(6)
[2026-04-03T01:51:47.250+0600][11.631s][info][gc,heap        ] GC(58) Old regions: 8->8
[2026-04-03T01:51:47.250+0600][11.631s][info][gc,heap        ] GC(58) Humongous regions: 0->0
[2026-04-03T01:51:47.250+0600][11.631s][info][gc,metaspace   ] GC(58) Metaspace: 14223K(14464K)->14223K(14464K) NonClass: 12404K(12544K)->12404K(12544K) Class: 1819K(1920K)->1819K(1920K)
[2026-04-03T01:51:47.250+0600][11.631s][info][gc             ] GC(58) Pause Young (Normal) (G1 Evacuation Pause) 92M->4M(150M) 1.371ms
[2026-04-03T01:51:47.250+0600][11.631s][info][gc,cpu         ] GC(58) User=0.00s Sys=0.00s Real=0.01s
[2026-04-03T01:51:47.375+0600][11.756s][info][gc,start       ] GC(59) Pause Young (Normal) (G1 Evacuation Pause)
[2026-04-03T01:51:47.375+0600][11.756s][info][gc,task        ] GC(59) Using 10 workers of 10 for evacuation
[2026-04-03T01:51:47.376+0600][11.757s][info][gc,phases      ] GC(59)   Pre Evacuate Collection Set: 0.14ms
[2026-04-03T01:51:47.377+0600][11.757s][info][gc,phases      ] GC(59)   Merge Heap Roots: 0.10ms
[2026-04-03T01:51:47.377+0600][11.757s][info][gc,phases      ] GC(59)   Evacuate Collection Set: 0.27ms
[2026-04-03T01:51:47.377+0600][11.757s][info][gc,phases      ] GC(59)   Post Evacuate Collection Set: 0.42ms
[2026-04-03T01:51:47.377+0600][11.757s][info][gc,phases      ] GC(59)   Other: 0.09ms
[2026-04-03T01:51:47.377+0600][11.757s][info][gc,heap        ] GC(59) Eden regions: 44->0(44)
[2026-04-03T01:51:47.377+0600][11.757s][info][gc,heap        ] GC(59) Survivor regions: 1->1(6)
[2026-04-03T01:51:47.377+0600][11.757s][info][gc,heap        ] GC(59) Old regions: 8->9
[2026-04-03T01:51:47.377+0600][11.757s][info][gc,heap        ] GC(59) Humongous regions: 0->0
[2026-04-03T01:51:47.377+0600][11.757s][info][gc,metaspace   ] GC(59) Metaspace: 14223K(14464K)->14223K(14464K) NonClass: 12404K(12544K)->12404K(12544K) Class: 1819K(1920K)->1819K(1920K)
[2026-04-03T01:51:47.377+0600][11.757s][info][gc             ] GC(59) Pause Young (Normal) (G1 Evacuation Pause) 92M->4M(150M) 1.335ms
[2026-04-03T01:51:47.377+0600][11.757s][info][gc,cpu         ] GC(59) User=0.00s Sys=0.00s Real=0.00s
[2026-04-03T01:51:47.501+0600][11.882s][info][gc,start       ] GC(60) Pause Young (Normal) (G1 Evacuation Pause)
[2026-04-03T01:51:47.501+0600][11.882s][info][gc,task        ] GC(60) Using 10 workers of 10 for evacuation
[2026-04-03T01:51:47.502+0600][11.883s][info][gc,phases      ] GC(60)   Pre Evacuate Collection Set: 0.16ms
[2026-04-03T01:51:47.502+0600][11.883s][info][gc,phases      ] GC(60)   Merge Heap Roots: 0.12ms
[2026-04-03T01:51:47.502+0600][11.883s][info][gc,phases      ] GC(60)   Evacuate Collection Set: 0.21ms
[2026-04-03T01:51:47.502+0600][11.883s][info][gc,phases      ] GC(60)   Post Evacuate Collection Set: 0.41ms
[2026-04-03T01:51:47.502+0600][11.883s][info][gc,phases      ] GC(60)   Other: 0.08ms
[2026-04-03T01:51:47.502+0600][11.883s][info][gc,heap        ] GC(60) Eden regions: 44->0(44)
[2026-04-03T01:51:47.502+0600][11.883s][info][gc,heap        ] GC(60) Survivor regions: 1->1(6)
[2026-04-03T01:51:47.502+0600][11.883s][info][gc,heap        ] GC(60) Old regions: 9->9
[2026-04-03T01:51:47.502+0600][11.883s][info][gc,heap        ] GC(60) Humongous regions: 0->0
[2026-04-03T01:51:47.502+0600][11.883s][info][gc,metaspace   ] GC(60) Metaspace: 14223K(14464K)->14223K(14464K) NonClass: 12404K(12544K)->12404K(12544K) Class: 1819K(1920K)->1819K(1920K)
[2026-04-03T01:51:47.502+0600][11.883s][info][gc             ] GC(60) Pause Young (Normal) (G1 Evacuation Pause) 92M->4M(150M) 1.285ms
[2026-04-03T01:51:47.502+0600][11.883s][info][gc,cpu         ] GC(60) User=0.00s Sys=0.00s Real=0.00s
[2026-04-03T01:51:47.634+0600][12.015s][info][gc,start       ] GC(61) Pause Young (Normal) (G1 Evacuation Pause)
[2026-04-03T01:51:47.634+0600][12.015s][info][gc,task        ] GC(61) Using 10 workers of 10 for evacuation
[2026-04-03T01:51:47.636+0600][12.016s][info][gc,phases      ] GC(61)   Pre Evacuate Collection Set: 0.15ms
[2026-04-03T01:51:47.636+0600][12.016s][info][gc,phases      ] GC(61)   Merge Heap Roots: 0.11ms
[2026-04-03T01:51:47.636+0600][12.016s][info][gc,phases      ] GC(61)   Evacuate Collection Set: 0.24ms
[2026-04-03T01:51:47.636+0600][12.016s][info][gc,phases      ] GC(61)   Post Evacuate Collection Set: 0.49ms
[2026-04-03T01:51:47.636+0600][12.016s][info][gc,phases      ] GC(61)   Other: 0.10ms
[2026-04-03T01:51:47.636+0600][12.016s][info][gc,heap        ] GC(61) Eden regions: 44->0(44)
[2026-04-03T01:51:47.636+0600][12.016s][info][gc,heap        ] GC(61) Survivor regions: 1->1(6)
[2026-04-03T01:51:47.636+0600][12.016s][info][gc,heap        ] GC(61) Old regions: 9->9
[2026-04-03T01:51:47.636+0600][12.016s][info][gc,heap        ] GC(61) Humongous regions: 0->0
[2026-04-03T01:51:47.636+0600][12.016s][info][gc,metaspace   ] GC(61) Metaspace: 14223K(14464K)->14223K(14464K) NonClass: 12404K(12544K)->12404K(12544K) Class: 1819K(1920K)->1819K(1920K)
[2026-04-03T01:51:47.636+0600][12.016s][info][gc             ] GC(61) Pause Young (Normal) (G1 Evacuation Pause) 92M->4M(150M) 1.460ms
[2026-04-03T01:51:47.636+0600][12.017s][info][gc,cpu         ] GC(61) User=0.01s Sys=0.00s Real=0.00s
[2026-04-03T01:51:47.765+0600][12.146s][info][gc,start       ] GC(62) Pause Young (Normal) (G1 Evacuation Pause)
[2026-04-03T01:51:47.766+0600][12.146s][info][gc,task        ] GC(62) Using 10 workers of 10 for evacuation
[2026-04-03T01:51:47.766+0600][12.147s][info][gc,phases      ] GC(62)   Pre Evacuate Collection Set: 0.16ms
[2026-04-03T01:51:47.767+0600][12.147s][info][gc,phases      ] GC(62)   Merge Heap Roots: 0.09ms
[2026-04-03T01:51:47.767+0600][12.147s][info][gc,phases      ] GC(62)   Evacuate Collection Set: 0.20ms
[2026-04-03T01:51:47.767+0600][12.147s][info][gc,phases      ] GC(62)   Post Evacuate Collection Set: 0.37ms
[2026-04-03T01:51:47.767+0600][12.147s][info][gc,phases      ] GC(62)   Other: 0.09ms
[2026-04-03T01:51:47.767+0600][12.147s][info][gc,heap        ] GC(62) Eden regions: 44->0(44)
[2026-04-03T01:51:47.767+0600][12.147s][info][gc,heap        ] GC(62) Survivor regions: 1->1(6)
[2026-04-03T01:51:47.767+0600][12.147s][info][gc,heap        ] GC(62) Old regions: 9->9
[2026-04-03T01:51:47.767+0600][12.147s][info][gc,heap        ] GC(62) Humongous regions: 0->0
[2026-04-03T01:51:47.767+0600][12.147s][info][gc,metaspace   ] GC(62) Metaspace: 14223K(14464K)->14223K(14464K) NonClass: 12404K(12544K)->12404K(12544K) Class: 1819K(1920K)->1819K(1920K)
[2026-04-03T01:51:47.767+0600][12.147s][info][gc             ] GC(62) Pause Young (Normal) (G1 Evacuation Pause) 92M->4M(150M) 1.215ms
[2026-04-03T01:51:47.767+0600][12.147s][info][gc,cpu         ] GC(62) User=0.00s Sys=0.00s Real=0.00s
[2026-04-03T01:51:47.900+0600][12.281s][info][gc,start       ] GC(63) Pause Young (Normal) (G1 Evacuation Pause)
[2026-04-03T01:51:47.901+0600][12.281s][info][gc,task        ] GC(63) Using 10 workers of 10 for evacuation
[2026-04-03T01:51:47.902+0600][12.282s][info][gc,phases      ] GC(63)   Pre Evacuate Collection Set: 0.22ms
[2026-04-03T01:51:47.902+0600][12.282s][info][gc,phases      ] GC(63)   Merge Heap Roots: 0.13ms
[2026-04-03T01:51:47.902+0600][12.282s][info][gc,phases      ] GC(63)   Evacuate Collection Set: 0.24ms
[2026-04-03T01:51:47.902+0600][12.282s][info][gc,phases      ] GC(63)   Post Evacuate Collection Set: 0.40ms
[2026-04-03T01:51:47.902+0600][12.283s][info][gc,phases      ] GC(63)   Other: 0.11ms
[2026-04-03T01:51:47.902+0600][12.283s][info][gc,heap        ] GC(63) Eden regions: 44->0(44)
[2026-04-03T01:51:47.902+0600][12.283s][info][gc,heap        ] GC(63) Survivor regions: 1->1(6)
[2026-04-03T01:51:47.902+0600][12.283s][info][gc,heap        ] GC(63) Old regions: 9->9
[2026-04-03T01:51:47.902+0600][12.283s][info][gc,heap        ] GC(63) Humongous regions: 0->0
[2026-04-03T01:51:47.902+0600][12.283s][info][gc,metaspace   ] GC(63) Metaspace: 14223K(14464K)->14223K(14464K) NonClass: 12404K(12544K)->12404K(12544K) Class: 1819K(1920K)->1819K(1920K)
[2026-04-03T01:51:47.902+0600][12.283s][info][gc             ] GC(63) Pause Young (Normal) (G1 Evacuation Pause) 92M->4M(150M) 1.445ms
[2026-04-03T01:51:47.902+0600][12.283s][info][gc,cpu         ] GC(63) User=0.01s Sys=0.00s Real=0.00s
[2026-04-03T01:51:48.023+0600][12.404s][info][gc,start       ] GC(64) Pause Young (Normal) (G1 Evacuation Pause)
[2026-04-03T01:51:48.023+0600][12.404s][info][gc,task        ] GC(64) Using 10 workers of 10 for evacuation
[2026-04-03T01:51:48.024+0600][12.405s][info][gc,phases      ] GC(64)   Pre Evacuate Collection Set: 0.15ms
[2026-04-03T01:51:48.024+0600][12.405s][info][gc,phases      ] GC(64)   Merge Heap Roots: 0.09ms
[2026-04-03T01:51:48.024+0600][12.405s][info][gc,phases      ] GC(64)   Evacuate Collection Set: 0.22ms
[2026-04-03T01:51:48.024+0600][12.405s][info][gc,phases      ] GC(64)   Post Evacuate Collection Set: 0.50ms
[2026-04-03T01:51:48.024+0600][12.405s][info][gc,phases      ] GC(64)   Other: 0.09ms
[2026-04-03T01:51:48.024+0600][12.405s][info][gc,heap        ] GC(64) Eden regions: 44->0(44)
[2026-04-03T01:51:48.024+0600][12.405s][info][gc,heap        ] GC(64) Survivor regions: 1->1(6)
[2026-04-03T01:51:48.024+0600][12.405s][info][gc,heap        ] GC(64) Old regions: 9->9
[2026-04-03T01:51:48.024+0600][12.405s][info][gc,heap        ] GC(64) Humongous regions: 0->0
[2026-04-03T01:51:48.024+0600][12.405s][info][gc,metaspace   ] GC(64) Metaspace: 14223K(14464K)->14223K(14464K) NonClass: 12404K(12544K)->12404K(12544K) Class: 1819K(1920K)->1819K(1920K)
[2026-04-03T01:51:48.025+0600][12.405s][info][gc             ] GC(64) Pause Young (Normal) (G1 Evacuation Pause) 92M->4M(150M) 1.374ms
[2026-04-03T01:51:48.025+0600][12.405s][info][gc,cpu         ] GC(64) User=0.00s Sys=0.00s Real=0.00s
[2026-04-03T01:51:48.151+0600][12.532s][info][gc,start       ] GC(65) Pause Young (Normal) (G1 Evacuation Pause)
[2026-04-03T01:51:48.151+0600][12.532s][info][gc,task        ] GC(65) Using 10 workers of 10 for evacuation
[2026-04-03T01:51:48.153+0600][12.533s][info][gc,phases      ] GC(65)   Pre Evacuate Collection Set: 0.18ms
[2026-04-03T01:51:48.153+0600][12.533s][info][gc,phases      ] GC(65)   Merge Heap Roots: 0.12ms
[2026-04-03T01:51:48.153+0600][12.533s][info][gc,phases      ] GC(65)   Evacuate Collection Set: 0.31ms
[2026-04-03T01:51:48.153+0600][12.533s][info][gc,phases      ] GC(65)   Post Evacuate Collection Set: 0.49ms
[2026-04-03T01:51:48.153+0600][12.534s][info][gc,phases      ] GC(65)   Other: 0.10ms
[2026-04-03T01:51:48.153+0600][12.534s][info][gc,heap        ] GC(65) Eden regions: 44->0(44)
[2026-04-03T01:51:48.153+0600][12.534s][info][gc,heap        ] GC(65) Survivor regions: 1->1(6)
[2026-04-03T01:51:48.153+0600][12.534s][info][gc,heap        ] GC(65) Old regions: 9->9
[2026-04-03T01:51:48.153+0600][12.534s][info][gc,heap        ] GC(65) Humongous regions: 0->0
[2026-04-03T01:51:48.153+0600][12.534s][info][gc,metaspace   ] GC(65) Metaspace: 14223K(14464K)->14223K(14464K) NonClass: 12404K(12544K)->12404K(12544K) Class: 1819K(1920K)->1819K(1920K)
[2026-04-03T01:51:48.153+0600][12.534s][info][gc             ] GC(65) Pause Young (Normal) (G1 Evacuation Pause) 92M->4M(150M) 1.715ms
[2026-04-03T01:51:48.153+0600][12.534s][info][gc,cpu         ] GC(65) User=0.00s Sys=0.00s Real=0.00s
[2026-04-03T01:51:48.285+0600][12.665s][info][gc,start       ] GC(66) Pause Young (Normal) (G1 Evacuation Pause)
[2026-04-03T01:51:48.285+0600][12.666s][info][gc,task        ] GC(66) Using 10 workers of 10 for evacuation
[2026-04-03T01:51:48.286+0600][12.667s][info][gc,phases      ] GC(66)   Pre Evacuate Collection Set: 0.18ms
[2026-04-03T01:51:48.286+0600][12.667s][info][gc,phases      ] GC(66)   Merge Heap Roots: 0.10ms
[2026-04-03T01:51:48.286+0600][12.667s][info][gc,phases      ] GC(66)   Evacuate Collection Set: 0.22ms
[2026-04-03T01:51:48.286+0600][12.667s][info][gc,phases      ] GC(66)   Post Evacuate Collection Set: 0.51ms
[2026-04-03T01:51:48.286+0600][12.667s][info][gc,phases      ] GC(66)   Other: 0.17ms
[2026-04-03T01:51:48.286+0600][12.667s][info][gc,heap        ] GC(66) Eden regions: 44->0(44)
[2026-04-03T01:51:48.286+0600][12.667s][info][gc,heap        ] GC(66) Survivor regions: 1->1(6)
[2026-04-03T01:51:48.286+0600][12.667s][info][gc,heap        ] GC(66) Old regions: 9->9
[2026-04-03T01:51:48.286+0600][12.667s][info][gc,heap        ] GC(66) Humongous regions: 0->0
[2026-04-03T01:51:48.286+0600][12.667s][info][gc,metaspace   ] GC(66) Metaspace: 14223K(14464K)->14223K(14464K) NonClass: 12404K(12544K)->12404K(12544K) Class: 1819K(1920K)->1819K(1920K)
[2026-04-03T01:51:48.286+0600][12.667s][info][gc             ] GC(66) Pause Young (Normal) (G1 Evacuation Pause) 92M->4M(150M) 1.610ms
[2026-04-03T01:51:48.286+0600][12.667s][info][gc,cpu         ] GC(66) User=0.01s Sys=0.01s Real=0.00s
[2026-04-03T01:51:48.417+0600][12.798s][info][gc,start       ] GC(67) Pause Young (Normal) (G1 Evacuation Pause)
[2026-04-03T01:51:48.417+0600][12.798s][info][gc,task        ] GC(67) Using 10 workers of 10 for evacuation
[2026-04-03T01:51:48.418+0600][12.799s][info][gc,phases      ] GC(67)   Pre Evacuate Collection Set: 0.15ms
[2026-04-03T01:51:48.418+0600][12.799s][info][gc,phases      ] GC(67)   Merge Heap Roots: 0.09ms
[2026-04-03T01:51:48.418+0600][12.799s][info][gc,phases      ] GC(67)   Evacuate Collection Set: 0.22ms
[2026-04-03T01:51:48.418+0600][12.799s][info][gc,phases      ] GC(67)   Post Evacuate Collection Set: 0.40ms
[2026-04-03T01:51:48.418+0600][12.799s][info][gc,phases      ] GC(67)   Other: 0.08ms
[2026-04-03T01:51:48.418+0600][12.799s][info][gc,heap        ] GC(67) Eden regions: 44->0(44)
[2026-04-03T01:51:48.418+0600][12.799s][info][gc,heap        ] GC(67) Survivor regions: 1->1(6)
[2026-04-03T01:51:48.418+0600][12.799s][info][gc,heap        ] GC(67) Old regions: 9->9
[2026-04-03T01:51:48.418+0600][12.799s][info][gc,heap        ] GC(67) Humongous regions: 0->0
[2026-04-03T01:51:48.418+0600][12.799s][info][gc,metaspace   ] GC(67) Metaspace: 14223K(14464K)->14223K(14464K) NonClass: 12404K(12544K)->12404K(12544K) Class: 1819K(1920K)->1819K(1920K)
[2026-04-03T01:51:48.418+0600][12.799s][info][gc             ] GC(67) Pause Young (Normal) (G1 Evacuation Pause) 92M->4M(150M) 1.220ms
[2026-04-03T01:51:48.418+0600][12.799s][info][gc,cpu         ] GC(67) User=0.00s Sys=0.00s Real=0.00s
[2026-04-03T01:51:48.544+0600][12.924s][info][gc,start       ] GC(68) Pause Young (Normal) (G1 Evacuation Pause)
[2026-04-03T01:51:48.544+0600][12.925s][info][gc,task        ] GC(68) Using 10 workers of 10 for evacuation
[2026-04-03T01:51:48.545+0600][12.926s][info][gc,phases      ] GC(68)   Pre Evacuate Collection Set: 0.21ms
[2026-04-03T01:51:48.545+0600][12.926s][info][gc,phases      ] GC(68)   Merge Heap Roots: 0.10ms
[2026-04-03T01:51:48.545+0600][12.926s][info][gc,phases      ] GC(68)   Evacuate Collection Set: 0.20ms
[2026-04-03T01:51:48.545+0600][12.926s][info][gc,phases      ] GC(68)   Post Evacuate Collection Set: 0.43ms
[2026-04-03T01:51:48.545+0600][12.926s][info][gc,phases      ] GC(68)   Other: 0.10ms
[2026-04-03T01:51:48.545+0600][12.926s][info][gc,heap        ] GC(68) Eden regions: 44->0(44)
[2026-04-03T01:51:48.545+0600][12.926s][info][gc,heap        ] GC(68) Survivor regions: 1->1(6)
[2026-04-03T01:51:48.545+0600][12.926s][info][gc,heap        ] GC(68) Old regions: 9->9
[2026-04-03T01:51:48.545+0600][12.926s][info][gc,heap        ] GC(68) Humongous regions: 0->0
[2026-04-03T01:51:48.545+0600][12.926s][info][gc,metaspace   ] GC(68) Metaspace: 14223K(14464K)->14223K(14464K) NonClass: 12404K(12544K)->12404K(12544K) Class: 1819K(1920K)->1819K(1920K)
[2026-04-03T01:51:48.545+0600][12.926s][info][gc             ] GC(68) Pause Young (Normal) (G1 Evacuation Pause) 92M->4M(150M) 1.370ms
[2026-04-03T01:51:48.545+0600][12.926s][info][gc,cpu         ] GC(68) User=0.01s Sys=0.00s Real=0.00s
[2026-04-03T01:51:48.672+0600][13.053s][info][gc,start       ] GC(69) Pause Young (Normal) (G1 Evacuation Pause)
[2026-04-03T01:51:48.672+0600][13.053s][info][gc,task        ] GC(69) Using 10 workers of 10 for evacuation
[2026-04-03T01:51:48.674+0600][13.055s][info][gc,phases      ] GC(69)   Pre Evacuate Collection Set: 0.15ms
[2026-04-03T01:51:48.674+0600][13.055s][info][gc,phases      ] GC(69)   Merge Heap Roots: 0.09ms
[2026-04-03T01:51:48.674+0600][13.055s][info][gc,phases      ] GC(69)   Evacuate Collection Set: 0.64ms
[2026-04-03T01:51:48.674+0600][13.055s][info][gc,phases      ] GC(69)   Post Evacuate Collection Set: 0.54ms
[2026-04-03T01:51:48.674+0600][13.055s][info][gc,phases      ] GC(69)   Other: 0.09ms
[2026-04-03T01:51:48.674+0600][13.055s][info][gc,heap        ] GC(69) Eden regions: 44->0(44)
[2026-04-03T01:51:48.674+0600][13.055s][info][gc,heap        ] GC(69) Survivor regions: 1->1(6)
[2026-04-03T01:51:48.674+0600][13.055s][info][gc,heap        ] GC(69) Old regions: 9->9
[2026-04-03T01:51:48.674+0600][13.055s][info][gc,heap        ] GC(69) Humongous regions: 0->0
[2026-04-03T01:51:48.674+0600][13.055s][info][gc,metaspace   ] GC(69) Metaspace: 14224K(14464K)->14224K(14464K) NonClass: 12405K(12544K)->12405K(12544K) Class: 1819K(1920K)->1819K(1920K)
[2026-04-03T01:51:48.674+0600][13.055s][info][gc             ] GC(69) Pause Young (Normal) (G1 Evacuation Pause) 92M->4M(150M) 1.836ms
[2026-04-03T01:51:48.674+0600][13.055s][info][gc,cpu         ] GC(69) User=0.00s Sys=0.00s Real=0.00s
[2026-04-03T01:51:48.797+0600][13.177s][info][gc,start       ] GC(70) Pause Young (Normal) (G1 Evacuation Pause)
[2026-04-03T01:51:48.797+0600][13.177s][info][gc,task        ] GC(70) Using 10 workers of 10 for evacuation
[2026-04-03T01:51:48.798+0600][13.178s][info][gc,phases      ] GC(70)   Pre Evacuate Collection Set: 0.14ms
[2026-04-03T01:51:48.798+0600][13.178s][info][gc,phases      ] GC(70)   Merge Heap Roots: 0.09ms
[2026-04-03T01:51:48.798+0600][13.178s][info][gc,phases      ] GC(70)   Evacuate Collection Set: 0.21ms
[2026-04-03T01:51:48.798+0600][13.178s][info][gc,phases      ] GC(70)   Post Evacuate Collection Set: 0.47ms
[2026-04-03T01:51:48.798+0600][13.178s][info][gc,phases      ] GC(70)   Other: 0.09ms
[2026-04-03T01:51:48.798+0600][13.179s][info][gc,heap        ] GC(70) Eden regions: 44->0(44)
[2026-04-03T01:51:48.798+0600][13.179s][info][gc,heap        ] GC(70) Survivor regions: 1->1(6)
[2026-04-03T01:51:48.798+0600][13.179s][info][gc,heap        ] GC(70) Old regions: 9->9
[2026-04-03T01:51:48.798+0600][13.179s][info][gc,heap        ] GC(70) Humongous regions: 0->0
[2026-04-03T01:51:48.798+0600][13.179s][info][gc,metaspace   ] GC(70) Metaspace: 14224K(14464K)->14224K(14464K) NonClass: 12405K(12544K)->12405K(12544K) Class: 1819K(1920K)->1819K(1920K)
[2026-04-03T01:51:48.798+0600][13.179s][info][gc             ] GC(70) Pause Young (Normal) (G1 Evacuation Pause) 92M->4M(150M) 1.276ms
[2026-04-03T01:51:48.798+0600][13.179s][info][gc,cpu         ] GC(70) User=0.00s Sys=0.00s Real=0.00s
[2026-04-03T01:51:48.921+0600][13.301s][info][gc,start       ] GC(71) Pause Young (Normal) (G1 Evacuation Pause)
[2026-04-03T01:51:48.921+0600][13.302s][info][gc,task        ] GC(71) Using 10 workers of 10 for evacuation
[2026-04-03T01:51:48.922+0600][13.303s][info][gc,phases      ] GC(71)   Pre Evacuate Collection Set: 0.13ms
[2026-04-03T01:51:48.922+0600][13.303s][info][gc,phases      ] GC(71)   Merge Heap Roots: 0.09ms
[2026-04-03T01:51:48.922+0600][13.303s][info][gc,phases      ] GC(71)   Evacuate Collection Set: 0.21ms
[2026-04-03T01:51:48.922+0600][13.303s][info][gc,phases      ] GC(71)   Post Evacuate Collection Set: 0.55ms
[2026-04-03T01:51:48.922+0600][13.303s][info][gc,phases      ] GC(71)   Other: 0.14ms
[2026-04-03T01:51:48.922+0600][13.303s][info][gc,heap        ] GC(71) Eden regions: 44->0(44)
[2026-04-03T01:51:48.922+0600][13.303s][info][gc,heap        ] GC(71) Survivor regions: 1->1(6)
[2026-04-03T01:51:48.922+0600][13.303s][info][gc,heap        ] GC(71) Old regions: 9->9
[2026-04-03T01:51:48.922+0600][13.303s][info][gc,heap        ] GC(71) Humongous regions: 0->0
[2026-04-03T01:51:48.922+0600][13.303s][info][gc,metaspace   ] GC(71) Metaspace: 14224K(14464K)->14224K(14464K) NonClass: 12405K(12544K)->12405K(12544K) Class: 1819K(1920K)->1819K(1920K)
[2026-04-03T01:51:48.922+0600][13.303s][info][gc             ] GC(71) Pause Young (Normal) (G1 Evacuation Pause) 92M->4M(150M) 1.436ms
[2026-04-03T01:51:48.922+0600][13.303s][info][gc,cpu         ] GC(71) User=0.00s Sys=0.00s Real=0.00s
[2026-04-03T01:51:49.047+0600][13.427s][info][gc,start       ] GC(72) Pause Young (Normal) (G1 Evacuation Pause)
[2026-04-03T01:51:49.047+0600][13.427s][info][gc,task        ] GC(72) Using 10 workers of 10 for evacuation
[2026-04-03T01:51:49.048+0600][13.428s][info][gc,phases      ] GC(72)   Pre Evacuate Collection Set: 0.14ms
[2026-04-03T01:51:49.048+0600][13.428s][info][gc,phases      ] GC(72)   Merge Heap Roots: 0.09ms
[2026-04-03T01:51:49.048+0600][13.428s][info][gc,phases      ] GC(72)   Evacuate Collection Set: 0.20ms
[2026-04-03T01:51:49.048+0600][13.428s][info][gc,phases      ] GC(72)   Post Evacuate Collection Set: 0.34ms
[2026-04-03T01:51:49.048+0600][13.428s][info][gc,phases      ] GC(72)   Other: 0.09ms
[2026-04-03T01:51:49.048+0600][13.428s][info][gc,heap        ] GC(72) Eden regions: 44->0(44)
[2026-04-03T01:51:49.048+0600][13.428s][info][gc,heap        ] GC(72) Survivor regions: 1->1(6)
[2026-04-03T01:51:49.048+0600][13.428s][info][gc,heap        ] GC(72) Old regions: 9->9
[2026-04-03T01:51:49.048+0600][13.428s][info][gc,heap        ] GC(72) Humongous regions: 0->0
[2026-04-03T01:51:49.048+0600][13.428s][info][gc,metaspace   ] GC(72) Metaspace: 14224K(14464K)->14224K(14464K) NonClass: 12405K(12544K)->12405K(12544K) Class: 1819K(1920K)->1819K(1920K)
[2026-04-03T01:51:49.048+0600][13.428s][info][gc             ] GC(72) Pause Young (Normal) (G1 Evacuation Pause) 92M->4M(150M) 1.145ms
[2026-04-03T01:51:49.048+0600][13.428s][info][gc,cpu         ] GC(72) User=0.00s Sys=0.00s Real=0.00s
[2026-04-03T01:51:49.183+0600][13.563s][info][gc,start       ] GC(73) Pause Young (Normal) (G1 Evacuation Pause)
[2026-04-03T01:51:49.183+0600][13.563s][info][gc,task        ] GC(73) Using 10 workers of 10 for evacuation
[2026-04-03T01:51:49.184+0600][13.565s][info][gc,phases      ] GC(73)   Pre Evacuate Collection Set: 0.16ms
[2026-04-03T01:51:49.184+0600][13.565s][info][gc,phases      ] GC(73)   Merge Heap Roots: 0.13ms
[2026-04-03T01:51:49.184+0600][13.565s][info][gc,phases      ] GC(73)   Evacuate Collection Set: 0.26ms
[2026-04-03T01:51:49.184+0600][13.565s][info][gc,phases      ] GC(73)   Post Evacuate Collection Set: 0.46ms
[2026-04-03T01:51:49.184+0600][13.565s][info][gc,phases      ] GC(73)   Other: 0.10ms
[2026-04-03T01:51:49.184+0600][13.565s][info][gc,heap        ] GC(73) Eden regions: 44->0(44)
[2026-04-03T01:51:49.184+0600][13.565s][info][gc,heap        ] GC(73) Survivor regions: 1->1(6)
[2026-04-03T01:51:49.184+0600][13.565s][info][gc,heap        ] GC(73) Old regions: 9->9
[2026-04-03T01:51:49.184+0600][13.565s][info][gc,heap        ] GC(73) Humongous regions: 0->0
[2026-04-03T01:51:49.184+0600][13.565s][info][gc,metaspace   ] GC(73) Metaspace: 14224K(14464K)->14224K(14464K) NonClass: 12405K(12544K)->12405K(12544K) Class: 1819K(1920K)->1819K(1920K)
[2026-04-03T01:51:49.184+0600][13.565s][info][gc             ] GC(73) Pause Young (Normal) (G1 Evacuation Pause) 92M->4M(150M) 1.445ms
[2026-04-03T01:51:49.184+0600][13.565s][info][gc,cpu         ] GC(73) User=0.00s Sys=0.00s Real=0.00s
[2026-04-03T01:51:49.323+0600][13.704s][info][gc,start       ] GC(74) Pause Young (Normal) (G1 Evacuation Pause)
[2026-04-03T01:51:49.323+0600][13.704s][info][gc,task        ] GC(74) Using 10 workers of 10 for evacuation
[2026-04-03T01:51:49.324+0600][13.705s][info][gc,phases      ] GC(74)   Pre Evacuate Collection Set: 0.15ms
[2026-04-03T01:51:49.324+0600][13.705s][info][gc,phases      ] GC(74)   Merge Heap Roots: 0.09ms
[2026-04-03T01:51:49.324+0600][13.705s][info][gc,phases      ] GC(74)   Evacuate Collection Set: 0.31ms
[2026-04-03T01:51:49.324+0600][13.705s][info][gc,phases      ] GC(74)   Post Evacuate Collection Set: 0.37ms
[2026-04-03T01:51:49.324+0600][13.705s][info][gc,phases      ] GC(74)   Other: 0.08ms
[2026-04-03T01:51:49.324+0600][13.705s][info][gc,heap        ] GC(74) Eden regions: 44->0(44)
[2026-04-03T01:51:49.324+0600][13.705s][info][gc,heap        ] GC(74) Survivor regions: 1->1(6)
[2026-04-03T01:51:49.324+0600][13.705s][info][gc,heap        ] GC(74) Old regions: 9->9
[2026-04-03T01:51:49.324+0600][13.705s][info][gc,heap        ] GC(74) Humongous regions: 0->0
[2026-04-03T01:51:49.324+0600][13.705s][info][gc,metaspace   ] GC(74) Metaspace: 14224K(14464K)->14224K(14464K) NonClass: 12405K(12544K)->12405K(12544K) Class: 1819K(1920K)->1819K(1920K)
[2026-04-03T01:51:49.324+0600][13.705s][info][gc             ] GC(74) Pause Young (Normal) (G1 Evacuation Pause) 92M->4M(150M) 1.289ms
[2026-04-03T01:51:49.325+0600][13.705s][info][gc,cpu         ] GC(74) User=0.01s Sys=0.00s Real=0.00s
[2026-04-03T01:51:49.452+0600][13.833s][info][gc,start       ] GC(75) Pause Young (Normal) (G1 Evacuation Pause)
[2026-04-03T01:51:49.453+0600][13.833s][info][gc,task        ] GC(75) Using 10 workers of 10 for evacuation
[2026-04-03T01:51:49.454+0600][13.835s][info][gc,phases      ] GC(75)   Pre Evacuate Collection Set: 0.15ms
[2026-04-03T01:51:49.455+0600][13.836s][info][gc,phases      ] GC(75)   Merge Heap Roots: 0.10ms
[2026-04-03T01:51:49.455+0600][13.836s][info][gc,phases      ] GC(75)   Evacuate Collection Set: 0.73ms
[2026-04-03T01:51:49.455+0600][13.836s][info][gc,phases      ] GC(75)   Post Evacuate Collection Set: 0.50ms
[2026-04-03T01:51:49.455+0600][13.836s][info][gc,phases      ] GC(75)   Other: 0.09ms
[2026-04-03T01:51:49.455+0600][13.836s][info][gc,heap        ] GC(75) Eden regions: 44->0(44)
[2026-04-03T01:51:49.455+0600][13.836s][info][gc,heap        ] GC(75) Survivor regions: 1->1(6)
[2026-04-03T01:51:49.455+0600][13.836s][info][gc,heap        ] GC(75) Old regions: 9->9
[2026-04-03T01:51:49.455+0600][13.836s][info][gc,heap        ] GC(75) Humongous regions: 0->0
[2026-04-03T01:51:49.455+0600][13.836s][info][gc,metaspace   ] GC(75) Metaspace: 14224K(14464K)->14224K(14464K) NonClass: 12405K(12544K)->12405K(12544K) Class: 1819K(1920K)->1819K(1920K)
[2026-04-03T01:51:49.455+0600][13.836s][info][gc             ] GC(75) Pause Young (Normal) (G1 Evacuation Pause) 92M->4M(150M) 2.987ms
[2026-04-03T01:51:49.455+0600][13.836s][info][gc,cpu         ] GC(75) User=0.00s Sys=0.00s Real=0.00s
[2026-04-03T01:51:49.582+0600][13.963s][info][gc,start       ] GC(76) Pause Young (Normal) (G1 Evacuation Pause)
[2026-04-03T01:51:49.582+0600][13.963s][info][gc,task        ] GC(76) Using 10 workers of 10 for evacuation
[2026-04-03T01:51:49.583+0600][13.964s][info][gc,phases      ] GC(76)   Pre Evacuate Collection Set: 0.18ms
[2026-04-03T01:51:49.583+0600][13.964s][info][gc,phases      ] GC(76)   Merge Heap Roots: 0.12ms
[2026-04-03T01:51:49.583+0600][13.964s][info][gc,phases      ] GC(76)   Evacuate Collection Set: 0.24ms
[2026-04-03T01:51:49.583+0600][13.964s][info][gc,phases      ] GC(76)   Post Evacuate Collection Set: 0.41ms
[2026-04-03T01:51:49.583+0600][13.964s][info][gc,phases      ] GC(76)   Other: 0.09ms
[2026-04-03T01:51:49.583+0600][13.964s][info][gc,heap        ] GC(76) Eden regions: 44->0(44)
[2026-04-03T01:51:49.583+0600][13.964s][info][gc,heap        ] GC(76) Survivor regions: 1->1(6)
[2026-04-03T01:51:49.583+0600][13.964s][info][gc,heap        ] GC(76) Old regions: 9->9
[2026-04-03T01:51:49.583+0600][13.964s][info][gc,heap        ] GC(76) Humongous regions: 0->0
[2026-04-03T01:51:49.583+0600][13.964s][info][gc,metaspace   ] GC(76) Metaspace: 14224K(14464K)->14224K(14464K) NonClass: 12405K(12544K)->12405K(12544K) Class: 1819K(1920K)->1819K(1920K)
[2026-04-03T01:51:49.583+0600][13.964s][info][gc             ] GC(76) Pause Young (Normal) (G1 Evacuation Pause) 92M->4M(150M) 1.367ms
[2026-04-03T01:51:49.583+0600][13.964s][info][gc,cpu         ] GC(76) User=0.00s Sys=0.00s Real=0.00s
[2026-04-03T01:51:49.716+0600][14.096s][info][gc,start       ] GC(77) Pause Young (Normal) (G1 Evacuation Pause)
[2026-04-03T01:51:49.716+0600][14.097s][info][gc,task        ] GC(77) Using 10 workers of 10 for evacuation
[2026-04-03T01:51:49.717+0600][14.098s][info][gc,phases      ] GC(77)   Pre Evacuate Collection Set: 0.30ms
[2026-04-03T01:51:49.717+0600][14.098s][info][gc,phases      ] GC(77)   Merge Heap Roots: 0.10ms
[2026-04-03T01:51:49.717+0600][14.098s][info][gc,phases      ] GC(77)   Evacuate Collection Set: 0.26ms
[2026-04-03T01:51:49.717+0600][14.098s][info][gc,phases      ] GC(77)   Post Evacuate Collection Set: 0.43ms
[2026-04-03T01:51:49.717+0600][14.098s][info][gc,phases      ] GC(77)   Other: 0.10ms
[2026-04-03T01:51:49.717+0600][14.098s][info][gc,heap        ] GC(77) Eden regions: 44->0(44)
[2026-04-03T01:51:49.717+0600][14.098s][info][gc,heap        ] GC(77) Survivor regions: 1->1(6)
[2026-04-03T01:51:49.717+0600][14.098s][info][gc,heap        ] GC(77) Old regions: 9->9
[2026-04-03T01:51:49.717+0600][14.098s][info][gc,heap        ] GC(77) Humongous regions: 0->0
[2026-04-03T01:51:49.717+0600][14.098s][info][gc,metaspace   ] GC(77) Metaspace: 14224K(14464K)->14224K(14464K) NonClass: 12405K(12544K)->12405K(12544K) Class: 1819K(1920K)->1819K(1920K)
[2026-04-03T01:51:49.717+0600][14.098s][info][gc             ] GC(77) Pause Young (Normal) (G1 Evacuation Pause) 92M->4M(150M) 1.485ms
[2026-04-03T01:51:49.717+0600][14.098s][info][gc,cpu         ] GC(77) User=0.00s Sys=0.00s Real=0.00s
[2026-04-03T01:51:49.843+0600][14.223s][info][gc,start       ] GC(78) Pause Young (Normal) (G1 Evacuation Pause)
[2026-04-03T01:51:49.843+0600][14.223s][info][gc,task        ] GC(78) Using 10 workers of 10 for evacuation
[2026-04-03T01:51:49.844+0600][14.225s][info][gc,phases      ] GC(78)   Pre Evacuate Collection Set: 0.13ms
[2026-04-03T01:51:49.844+0600][14.225s][info][gc,phases      ] GC(78)   Merge Heap Roots: 0.08ms
[2026-04-03T01:51:49.844+0600][14.225s][info][gc,phases      ] GC(78)   Evacuate Collection Set: 0.64ms
[2026-04-03T01:51:49.844+0600][14.225s][info][gc,phases      ] GC(78)   Post Evacuate Collection Set: 0.52ms
[2026-04-03T01:51:49.844+0600][14.225s][info][gc,phases      ] GC(78)   Other: 0.08ms
[2026-04-03T01:51:49.844+0600][14.225s][info][gc,heap        ] GC(78) Eden regions: 44->0(44)
[2026-04-03T01:51:49.844+0600][14.225s][info][gc,heap        ] GC(78) Survivor regions: 1->1(6)
[2026-04-03T01:51:49.844+0600][14.225s][info][gc,heap        ] GC(78) Old regions: 9->9
[2026-04-03T01:51:49.844+0600][14.225s][info][gc,heap        ] GC(78) Humongous regions: 0->0
[2026-04-03T01:51:49.844+0600][14.225s][info][gc,metaspace   ] GC(78) Metaspace: 14224K(14464K)->14224K(14464K) NonClass: 12405K(12544K)->12405K(12544K) Class: 1819K(1920K)->1819K(1920K)
[2026-04-03T01:51:49.844+0600][14.225s][info][gc             ] GC(78) Pause Young (Normal) (G1 Evacuation Pause) 92M->4M(150M) 1.747ms
[2026-04-03T01:51:49.844+0600][14.225s][info][gc,cpu         ] GC(78) User=0.00s Sys=0.00s Real=0.00s
[2026-04-03T01:51:49.968+0600][14.348s][info][gc,start       ] GC(79) Pause Young (Normal) (G1 Evacuation Pause)
[2026-04-03T01:51:49.968+0600][14.349s][info][gc,task        ] GC(79) Using 10 workers of 10 for evacuation
[2026-04-03T01:51:49.969+0600][14.350s][info][gc,phases      ] GC(79)   Pre Evacuate Collection Set: 0.16ms
[2026-04-03T01:51:49.969+0600][14.350s][info][gc,phases      ] GC(79)   Merge Heap Roots: 0.08ms
[2026-04-03T01:51:49.969+0600][14.350s][info][gc,phases      ] GC(79)   Evacuate Collection Set: 0.21ms
[2026-04-03T01:51:49.969+0600][14.350s][info][gc,phases      ] GC(79)   Post Evacuate Collection Set: 0.45ms
[2026-04-03T01:51:49.969+0600][14.350s][info][gc,phases      ] GC(79)   Other: 0.08ms
[2026-04-03T01:51:49.969+0600][14.350s][info][gc,heap        ] GC(79) Eden regions: 44->0(44)
[2026-04-03T01:51:49.969+0600][14.350s][info][gc,heap        ] GC(79) Survivor regions: 1->1(6)
[2026-04-03T01:51:49.969+0600][14.350s][info][gc,heap        ] GC(79) Old regions: 9->9
[2026-04-03T01:51:49.969+0600][14.350s][info][gc,heap        ] GC(79) Humongous regions: 0->0
[2026-04-03T01:51:49.969+0600][14.350s][info][gc,metaspace   ] GC(79) Metaspace: 14224K(14464K)->14224K(14464K) NonClass: 12405K(12544K)->12405K(12544K) Class: 1819K(1920K)->1819K(1920K)
[2026-04-03T01:51:49.969+0600][14.350s][info][gc             ] GC(79) Pause Young (Normal) (G1 Evacuation Pause) 92M->4M(150M) 1.375ms
[2026-04-03T01:51:49.969+0600][14.350s][info][gc,cpu         ] GC(79) User=0.00s Sys=0.01s Real=0.00s
[2026-04-03T01:51:50.098+0600][14.479s][info][gc,start       ] GC(80) Pause Young (Normal) (G1 Evacuation Pause)
[2026-04-03T01:51:50.098+0600][14.479s][info][gc,task        ] GC(80) Using 10 workers of 10 for evacuation
[2026-04-03T01:51:50.099+0600][14.480s][info][gc,phases      ] GC(80)   Pre Evacuate Collection Set: 0.13ms
[2026-04-03T01:51:50.099+0600][14.480s][info][gc,phases      ] GC(80)   Merge Heap Roots: 0.09ms
[2026-04-03T01:51:50.099+0600][14.480s][info][gc,phases      ] GC(80)   Evacuate Collection Set: 0.63ms
[2026-04-03T01:51:50.099+0600][14.480s][info][gc,phases      ] GC(80)   Post Evacuate Collection Set: 0.41ms
[2026-04-03T01:51:50.099+0600][14.480s][info][gc,phases      ] GC(80)   Other: 0.08ms
[2026-04-03T01:51:50.099+0600][14.480s][info][gc,heap        ] GC(80) Eden regions: 44->0(44)
[2026-04-03T01:51:50.099+0600][14.480s][info][gc,heap        ] GC(80) Survivor regions: 1->1(6)
[2026-04-03T01:51:50.099+0600][14.480s][info][gc,heap        ] GC(80) Old regions: 9->9
[2026-04-03T01:51:50.099+0600][14.480s][info][gc,heap        ] GC(80) Humongous regions: 0->0
[2026-04-03T01:51:50.099+0600][14.480s][info][gc,metaspace   ] GC(80) Metaspace: 14224K(14464K)->14224K(14464K) NonClass: 12405K(12544K)->12405K(12544K) Class: 1819K(1920K)->1819K(1920K)
[2026-04-03T01:51:50.099+0600][14.480s][info][gc             ] GC(80) Pause Young (Normal) (G1 Evacuation Pause) 92M->4M(150M) 1.591ms
[2026-04-03T01:51:50.099+0600][14.480s][info][gc,cpu         ] GC(80) User=0.00s Sys=0.00s Real=0.00s
[2026-04-03T01:51:50.228+0600][14.609s][info][gc,start       ] GC(81) Pause Young (Normal) (G1 Evacuation Pause)
[2026-04-03T01:51:50.228+0600][14.609s][info][gc,task        ] GC(81) Using 10 workers of 10 for evacuation
[2026-04-03T01:51:50.229+0600][14.610s][info][gc,phases      ] GC(81)   Pre Evacuate Collection Set: 0.14ms
[2026-04-03T01:51:50.229+0600][14.610s][info][gc,phases      ] GC(81)   Merge Heap Roots: 0.12ms
[2026-04-03T01:51:50.229+0600][14.610s][info][gc,phases      ] GC(81)   Evacuate Collection Set: 0.22ms
[2026-04-03T01:51:50.229+0600][14.610s][info][gc,phases      ] GC(81)   Post Evacuate Collection Set: 0.44ms
[2026-04-03T01:51:50.229+0600][14.610s][info][gc,phases      ] GC(81)   Other: 0.08ms
[2026-04-03T01:51:50.229+0600][14.610s][info][gc,heap        ] GC(81) Eden regions: 44->0(44)
[2026-04-03T01:51:50.229+0600][14.610s][info][gc,heap        ] GC(81) Survivor regions: 1->1(6)
[2026-04-03T01:51:50.229+0600][14.610s][info][gc,heap        ] GC(81) Old regions: 9->9
[2026-04-03T01:51:50.229+0600][14.610s][info][gc,heap        ] GC(81) Humongous regions: 0->0
[2026-04-03T01:51:50.229+0600][14.610s][info][gc,metaspace   ] GC(81) Metaspace: 14224K(14464K)->14224K(14464K) NonClass: 12405K(12544K)->12405K(12544K) Class: 1819K(1920K)->1819K(1920K)
[2026-04-03T01:51:50.229+0600][14.610s][info][gc             ] GC(81) Pause Young (Normal) (G1 Evacuation Pause) 92M->4M(150M) 1.234ms
[2026-04-03T01:51:50.229+0600][14.610s][info][gc,cpu         ] GC(81) User=0.00s Sys=0.01s Real=0.00s
[2026-04-03T01:51:50.365+0600][14.746s][info][gc,start       ] GC(82) Pause Young (Normal) (G1 Evacuation Pause)
[2026-04-03T01:51:50.365+0600][14.746s][info][gc,task        ] GC(82) Using 10 workers of 10 for evacuation
[2026-04-03T01:51:50.366+0600][14.747s][info][gc,phases      ] GC(82)   Pre Evacuate Collection Set: 0.13ms
[2026-04-03T01:51:50.366+0600][14.747s][info][gc,phases      ] GC(82)   Merge Heap Roots: 0.08ms
[2026-04-03T01:51:50.366+0600][14.747s][info][gc,phases      ] GC(82)   Evacuate Collection Set: 0.22ms
[2026-04-03T01:51:50.366+0600][14.747s][info][gc,phases      ] GC(82)   Post Evacuate Collection Set: 0.33ms
[2026-04-03T01:51:50.366+0600][14.747s][info][gc,phases      ] GC(82)   Other: 0.08ms
[2026-04-03T01:51:50.366+0600][14.747s][info][gc,heap        ] GC(82) Eden regions: 44->0(44)
[2026-04-03T01:51:50.366+0600][14.747s][info][gc,heap        ] GC(82) Survivor regions: 1->1(6)
[2026-04-03T01:51:50.366+0600][14.747s][info][gc,heap        ] GC(82) Old regions: 9->9
[2026-04-03T01:51:50.366+0600][14.747s][info][gc,heap        ] GC(82) Humongous regions: 0->0
[2026-04-03T01:51:50.366+0600][14.747s][info][gc,metaspace   ] GC(82) Metaspace: 14224K(14464K)->14224K(14464K) NonClass: 12405K(12544K)->12405K(12544K) Class: 1819K(1920K)->1819K(1920K)
[2026-04-03T01:51:50.366+0600][14.747s][info][gc             ] GC(82) Pause Young (Normal) (G1 Evacuation Pause) 92M->4M(150M) 1.097ms
[2026-04-03T01:51:50.366+0600][14.747s][info][gc,cpu         ] GC(82) User=0.00s Sys=0.00s Real=0.00s
[2026-04-03T01:51:50.490+0600][14.870s][info][gc,start       ] GC(83) Pause Young (Normal) (G1 Evacuation Pause)
[2026-04-03T01:51:50.490+0600][14.870s][info][gc,task        ] GC(83) Using 10 workers of 10 for evacuation
[2026-04-03T01:51:50.491+0600][14.871s][info][gc,phases      ] GC(83)   Pre Evacuate Collection Set: 0.15ms
[2026-04-03T01:51:50.491+0600][14.872s][info][gc,phases      ] GC(83)   Merge Heap Roots: 0.11ms
[2026-04-03T01:51:50.491+0600][14.872s][info][gc,phases      ] GC(83)   Evacuate Collection Set: 0.21ms
[2026-04-03T01:51:50.491+0600][14.872s][info][gc,phases      ] GC(83)   Post Evacuate Collection Set: 0.38ms
[2026-04-03T01:51:50.491+0600][14.872s][info][gc,phases      ] GC(83)   Other: 0.17ms
[2026-04-03T01:51:50.491+0600][14.872s][info][gc,heap        ] GC(83) Eden regions: 44->0(44)
[2026-04-03T01:51:50.491+0600][14.872s][info][gc,heap        ] GC(83) Survivor regions: 1->1(6)
[2026-04-03T01:51:50.491+0600][14.872s][info][gc,heap        ] GC(83) Old regions: 9->9
[2026-04-03T01:51:50.491+0600][14.872s][info][gc,heap        ] GC(83) Humongous regions: 0->0
[2026-04-03T01:51:50.491+0600][14.872s][info][gc,metaspace   ] GC(83) Metaspace: 14224K(14464K)->14224K(14464K) NonClass: 12405K(12544K)->12405K(12544K) Class: 1819K(1920K)->1819K(1920K)
[2026-04-03T01:51:50.491+0600][14.872s][info][gc             ] GC(83) Pause Young (Normal) (G1 Evacuation Pause) 92M->4M(150M) 1.423ms
[2026-04-03T01:51:50.491+0600][14.872s][info][gc,cpu         ] GC(83) User=0.01s Sys=0.00s Real=0.01s
[2026-04-03T01:51:50.627+0600][15.008s][info][gc,start       ] GC(84) Pause Young (Normal) (G1 Evacuation Pause)
[2026-04-03T01:51:50.627+0600][15.008s][info][gc,task        ] GC(84) Using 10 workers of 10 for evacuation
[2026-04-03T01:51:50.628+0600][15.009s][info][gc,phases      ] GC(84)   Pre Evacuate Collection Set: 0.15ms
[2026-04-03T01:51:50.628+0600][15.009s][info][gc,phases      ] GC(84)   Merge Heap Roots: 0.11ms
[2026-04-03T01:51:50.628+0600][15.009s][info][gc,phases      ] GC(84)   Evacuate Collection Set: 0.28ms
[2026-04-03T01:51:50.628+0600][15.009s][info][gc,phases      ] GC(84)   Post Evacuate Collection Set: 0.39ms
[2026-04-03T01:51:50.629+0600][15.009s][info][gc,phases      ] GC(84)   Other: 0.09ms
[2026-04-03T01:51:50.629+0600][15.009s][info][gc,heap        ] GC(84) Eden regions: 44->0(44)
[2026-04-03T01:51:50.629+0600][15.009s][info][gc,heap        ] GC(84) Survivor regions: 1->1(6)
[2026-04-03T01:51:50.629+0600][15.009s][info][gc,heap        ] GC(84) Old regions: 9->9
[2026-04-03T01:51:50.629+0600][15.009s][info][gc,heap        ] GC(84) Humongous regions: 0->0
[2026-04-03T01:51:50.629+0600][15.009s][info][gc,metaspace   ] GC(84) Metaspace: 14224K(14464K)->14224K(14464K) NonClass: 12405K(12544K)->12405K(12544K) Class: 1819K(1920K)->1819K(1920K)
[2026-04-03T01:51:50.629+0600][15.009s][info][gc             ] GC(84) Pause Young (Normal) (G1 Evacuation Pause) 92M->4M(150M) 1.344ms
[2026-04-03T01:51:50.629+0600][15.009s][info][gc,cpu         ] GC(84) User=0.00s Sys=0.00s Real=0.00s
[2026-04-03T01:51:50.771+0600][15.152s][info][gc,start       ] GC(85) Pause Young (Normal) (G1 Evacuation Pause)
[2026-04-03T01:51:50.771+0600][15.152s][info][gc,task        ] GC(85) Using 10 workers of 10 for evacuation
[2026-04-03T01:51:50.774+0600][15.154s][info][gc,phases      ] GC(85)   Pre Evacuate Collection Set: 0.16ms
[2026-04-03T01:51:50.774+0600][15.154s][info][gc,phases      ] GC(85)   Merge Heap Roots: 0.10ms
[2026-04-03T01:51:50.774+0600][15.154s][info][gc,phases      ] GC(85)   Evacuate Collection Set: 1.28ms
[2026-04-03T01:51:50.774+0600][15.154s][info][gc,phases      ] GC(85)   Post Evacuate Collection Set: 0.47ms
[2026-04-03T01:51:50.774+0600][15.154s][info][gc,phases      ] GC(85)   Other: 0.09ms
[2026-04-03T01:51:50.774+0600][15.154s][info][gc,heap        ] GC(85) Eden regions: 44->0(44)
[2026-04-03T01:51:50.774+0600][15.154s][info][gc,heap        ] GC(85) Survivor regions: 1->1(6)
[2026-04-03T01:51:50.774+0600][15.154s][info][gc,heap        ] GC(85) Old regions: 9->9
[2026-04-03T01:51:50.774+0600][15.154s][info][gc,heap        ] GC(85) Humongous regions: 0->0
[2026-04-03T01:51:50.774+0600][15.154s][info][gc,metaspace   ] GC(85) Metaspace: 14224K(14464K)->14224K(14464K) NonClass: 12405K(12544K)->12405K(12544K) Class: 1819K(1920K)->1819K(1920K)
[2026-04-03T01:51:50.774+0600][15.154s][info][gc             ] GC(85) Pause Young (Normal) (G1 Evacuation Pause) 92M->4M(150M) 2.397ms
[2026-04-03T01:51:50.774+0600][15.154s][info][gc,cpu         ] GC(85) User=0.01s Sys=0.00s Real=0.00s
[2026-04-03T01:51:50.927+0600][15.307s][info][gc,start       ] GC(86) Pause Young (Normal) (G1 Evacuation Pause)
[2026-04-03T01:51:50.927+0600][15.307s][info][gc,task        ] GC(86) Using 10 workers of 10 for evacuation
[2026-04-03T01:51:50.928+0600][15.308s][info][gc,phases      ] GC(86)   Pre Evacuate Collection Set: 0.15ms
[2026-04-03T01:51:50.928+0600][15.309s][info][gc,phases      ] GC(86)   Merge Heap Roots: 0.11ms
[2026-04-03T01:51:50.928+0600][15.309s][info][gc,phases      ] GC(86)   Evacuate Collection Set: 0.24ms
[2026-04-03T01:51:50.928+0600][15.309s][info][gc,phases      ] GC(86)   Post Evacuate Collection Set: 0.43ms
[2026-04-03T01:51:50.928+0600][15.309s][info][gc,phases      ] GC(86)   Other: 0.09ms
[2026-04-03T01:51:50.928+0600][15.309s][info][gc,heap        ] GC(86) Eden regions: 44->0(44)
[2026-04-03T01:51:50.928+0600][15.309s][info][gc,heap        ] GC(86) Survivor regions: 1->1(6)
[2026-04-03T01:51:50.928+0600][15.309s][info][gc,heap        ] GC(86) Old regions: 9->9
[2026-04-03T01:51:50.928+0600][15.309s][info][gc,heap        ] GC(86) Humongous regions: 0->0
[2026-04-03T01:51:50.928+0600][15.309s][info][gc,metaspace   ] GC(86) Metaspace: 14224K(14464K)->14224K(14464K) NonClass: 12405K(12544K)->12405K(12544K) Class: 1819K(1920K)->1819K(1920K)
[2026-04-03T01:51:50.928+0600][15.309s][info][gc             ] GC(86) Pause Young (Normal) (G1 Evacuation Pause) 92M->4M(150M) 1.372ms
[2026-04-03T01:51:50.928+0600][15.309s][info][gc,cpu         ] GC(86) User=0.00s Sys=0.01s Real=0.00s
[2026-04-03T01:51:51.055+0600][15.436s][info][gc,start       ] GC(87) Pause Young (Normal) (G1 Evacuation Pause)
[2026-04-03T01:51:51.055+0600][15.436s][info][gc,task        ] GC(87) Using 10 workers of 10 for evacuation
[2026-04-03T01:51:51.056+0600][15.437s][info][gc,phases      ] GC(87)   Pre Evacuate Collection Set: 0.16ms
[2026-04-03T01:51:51.056+0600][15.437s][info][gc,phases      ] GC(87)   Merge Heap Roots: 0.12ms
[2026-04-03T01:51:51.056+0600][15.437s][info][gc,phases      ] GC(87)   Evacuate Collection Set: 0.23ms
[2026-04-03T01:51:51.056+0600][15.437s][info][gc,phases      ] GC(87)   Post Evacuate Collection Set: 0.45ms
[2026-04-03T01:51:51.056+0600][15.437s][info][gc,phases      ] GC(87)   Other: 0.10ms
[2026-04-03T01:51:51.057+0600][15.437s][info][gc,heap        ] GC(87) Eden regions: 44->0(44)
[2026-04-03T01:51:51.057+0600][15.437s][info][gc,heap        ] GC(87) Survivor regions: 1->1(6)
[2026-04-03T01:51:51.057+0600][15.437s][info][gc,heap        ] GC(87) Old regions: 9->9
[2026-04-03T01:51:51.057+0600][15.437s][info][gc,heap        ] GC(87) Humongous regions: 0->0
[2026-04-03T01:51:51.057+0600][15.437s][info][gc,metaspace   ] GC(87) Metaspace: 14224K(14464K)->14224K(14464K) NonClass: 12405K(12544K)->12405K(12544K) Class: 1819K(1920K)->1819K(1920K)
[2026-04-03T01:51:51.057+0600][15.437s][info][gc             ] GC(87) Pause Young (Normal) (G1 Evacuation Pause) 92M->4M(150M) 1.485ms
[2026-04-03T01:51:51.057+0600][15.437s][info][gc,cpu         ] GC(87) User=0.00s Sys=0.00s Real=0.00s
[2026-04-03T01:51:51.179+0600][15.560s][info][gc,start       ] GC(88) Pause Young (Normal) (G1 Evacuation Pause)
[2026-04-03T01:51:51.179+0600][15.560s][info][gc,task        ] GC(88) Using 10 workers of 10 for evacuation
[2026-04-03T01:51:51.180+0600][15.561s][info][gc,phases      ] GC(88)   Pre Evacuate Collection Set: 0.13ms
[2026-04-03T01:51:51.180+0600][15.561s][info][gc,phases      ] GC(88)   Merge Heap Roots: 0.08ms
[2026-04-03T01:51:51.180+0600][15.561s][info][gc,phases      ] GC(88)   Evacuate Collection Set: 0.20ms
[2026-04-03T01:51:51.180+0600][15.561s][info][gc,phases      ] GC(88)   Post Evacuate Collection Set: 0.38ms
[2026-04-03T01:51:51.180+0600][15.561s][info][gc,phases      ] GC(88)   Other: 0.08ms
[2026-04-03T01:51:51.180+0600][15.561s][info][gc,heap        ] GC(88) Eden regions: 44->0(44)
[2026-04-03T01:51:51.180+0600][15.561s][info][gc,heap        ] GC(88) Survivor regions: 1->1(6)
[2026-04-03T01:51:51.180+0600][15.561s][info][gc,heap        ] GC(88) Old regions: 9->9
[2026-04-03T01:51:51.180+0600][15.561s][info][gc,heap        ] GC(88) Humongous regions: 0->0
[2026-04-03T01:51:51.180+0600][15.561s][info][gc,metaspace   ] GC(88) Metaspace: 14224K(14464K)->14224K(14464K) NonClass: 12405K(12544K)->12405K(12544K) Class: 1819K(1920K)->1819K(1920K)
[2026-04-03T01:51:51.180+0600][15.561s][info][gc             ] GC(88) Pause Young (Normal) (G1 Evacuation Pause) 92M->4M(150M) 1.114ms
[2026-04-03T01:51:51.180+0600][15.561s][info][gc,cpu         ] GC(88) User=0.01s Sys=0.00s Real=0.01s
[2026-04-03T01:51:51.304+0600][15.685s][info][gc,start       ] GC(89) Pause Young (Normal) (G1 Evacuation Pause)
[2026-04-03T01:51:51.304+0600][15.685s][info][gc,task        ] GC(89) Using 10 workers of 10 for evacuation
[2026-04-03T01:51:51.305+0600][15.686s][info][gc,phases      ] GC(89)   Pre Evacuate Collection Set: 0.16ms
[2026-04-03T01:51:51.305+0600][15.686s][info][gc,phases      ] GC(89)   Merge Heap Roots: 0.10ms
[2026-04-03T01:51:51.305+0600][15.686s][info][gc,phases      ] GC(89)   Evacuate Collection Set: 0.23ms
[2026-04-03T01:51:51.305+0600][15.686s][info][gc,phases      ] GC(89)   Post Evacuate Collection Set: 0.51ms
[2026-04-03T01:51:51.305+0600][15.686s][info][gc,phases      ] GC(89)   Other: 0.09ms
[2026-04-03T01:51:51.305+0600][15.686s][info][gc,heap        ] GC(89) Eden regions: 44->0(44)
[2026-04-03T01:51:51.305+0600][15.686s][info][gc,heap        ] GC(89) Survivor regions: 1->1(6)
[2026-04-03T01:51:51.305+0600][15.686s][info][gc,heap        ] GC(89) Old regions: 9->9
[2026-04-03T01:51:51.305+0600][15.686s][info][gc,heap        ] GC(89) Humongous regions: 0->0
[2026-04-03T01:51:51.305+0600][15.686s][info][gc,metaspace   ] GC(89) Metaspace: 14224K(14464K)->14224K(14464K) NonClass: 12405K(12544K)->12405K(12544K) Class: 1819K(1920K)->1819K(1920K)
[2026-04-03T01:51:51.305+0600][15.686s][info][gc             ] GC(89) Pause Young (Normal) (G1 Evacuation Pause) 92M->4M(150M) 1.424ms
[2026-04-03T01:51:51.305+0600][15.686s][info][gc,cpu         ] GC(89) User=0.00s Sys=0.00s Real=0.00s
[2026-04-03T01:51:51.436+0600][15.816s][info][gc,start       ] GC(90) Pause Young (Normal) (G1 Evacuation Pause)
[2026-04-03T01:51:51.436+0600][15.817s][info][gc,task        ] GC(90) Using 10 workers of 10 for evacuation
[2026-04-03T01:51:51.437+0600][15.817s][info][gc,phases      ] GC(90)   Pre Evacuate Collection Set: 0.14ms
[2026-04-03T01:51:51.437+0600][15.817s][info][gc,phases      ] GC(90)   Merge Heap Roots: 0.07ms
[2026-04-03T01:51:51.437+0600][15.817s][info][gc,phases      ] GC(90)   Evacuate Collection Set: 0.23ms
[2026-04-03T01:51:51.437+0600][15.818s][info][gc,phases      ] GC(90)   Post Evacuate Collection Set: 0.41ms
[2026-04-03T01:51:51.437+0600][15.818s][info][gc,phases      ] GC(90)   Other: 0.08ms
[2026-04-03T01:51:51.437+0600][15.818s][info][gc,heap        ] GC(90) Eden regions: 44->0(44)
[2026-04-03T01:51:51.437+0600][15.818s][info][gc,heap        ] GC(90) Survivor regions: 1->1(6)
[2026-04-03T01:51:51.437+0600][15.818s][info][gc,heap        ] GC(90) Old regions: 9->9
[2026-04-03T01:51:51.437+0600][15.818s][info][gc,heap        ] GC(90) Humongous regions: 0->0
[2026-04-03T01:51:51.437+0600][15.818s][info][gc,metaspace   ] GC(90) Metaspace: 14224K(14464K)->14224K(14464K) NonClass: 12405K(12544K)->12405K(12544K) Class: 1819K(1920K)->1819K(1920K)
[2026-04-03T01:51:51.437+0600][15.818s][info][gc             ] GC(90) Pause Young (Normal) (G1 Evacuation Pause) 92M->4M(150M) 1.196ms
[2026-04-03T01:51:51.437+0600][15.818s][info][gc,cpu         ] GC(90) User=0.00s Sys=0.00s Real=0.00s
[2026-04-03T01:51:51.575+0600][15.956s][info][gc,start       ] GC(91) Pause Young (Normal) (G1 Evacuation Pause)
[2026-04-03T01:51:51.576+0600][15.956s][info][gc,task        ] GC(91) Using 10 workers of 10 for evacuation
[2026-04-03T01:51:51.577+0600][15.957s][info][gc,phases      ] GC(91)   Pre Evacuate Collection Set: 0.16ms
[2026-04-03T01:51:51.577+0600][15.957s][info][gc,phases      ] GC(91)   Merge Heap Roots: 0.09ms
[2026-04-03T01:51:51.577+0600][15.957s][info][gc,phases      ] GC(91)   Evacuate Collection Set: 0.24ms
[2026-04-03T01:51:51.577+0600][15.957s][info][gc,phases      ] GC(91)   Post Evacuate Collection Set: 0.34ms
[2026-04-03T01:51:51.577+0600][15.957s][info][gc,phases      ] GC(91)   Other: 0.09ms
[2026-04-03T01:51:51.577+0600][15.957s][info][gc,heap        ] GC(91) Eden regions: 44->0(44)
[2026-04-03T01:51:51.577+0600][15.957s][info][gc,heap        ] GC(91) Survivor regions: 1->1(6)
[2026-04-03T01:51:51.577+0600][15.957s][info][gc,heap        ] GC(91) Old regions: 9->9
[2026-04-03T01:51:51.577+0600][15.957s][info][gc,heap        ] GC(91) Humongous regions: 0->0
[2026-04-03T01:51:51.577+0600][15.957s][info][gc,metaspace   ] GC(91) Metaspace: 14224K(14464K)->14224K(14464K) NonClass: 12405K(12544K)->12405K(12544K) Class: 1819K(1920K)->1819K(1920K)
[2026-04-03T01:51:51.577+0600][15.957s][info][gc             ] GC(91) Pause Young (Normal) (G1 Evacuation Pause) 92M->4M(150M) 1.209ms
[2026-04-03T01:51:51.577+0600][15.957s][info][gc,cpu         ] GC(91) User=0.01s Sys=0.00s Real=0.00s
[2026-04-03T01:51:51.716+0600][16.097s][info][gc,start       ] GC(92) Pause Young (Normal) (G1 Evacuation Pause)
[2026-04-03T01:51:51.716+0600][16.097s][info][gc,task        ] GC(92) Using 10 workers of 10 for evacuation
[2026-04-03T01:51:51.717+0600][16.098s][info][gc,phases      ] GC(92)   Pre Evacuate Collection Set: 0.14ms
[2026-04-03T01:51:51.718+0600][16.098s][info][gc,phases      ] GC(92)   Merge Heap Roots: 0.12ms
[2026-04-03T01:51:51.718+0600][16.098s][info][gc,phases      ] GC(92)   Evacuate Collection Set: 0.25ms
[2026-04-03T01:51:51.718+0600][16.098s][info][gc,phases      ] GC(92)   Post Evacuate Collection Set: 0.39ms
[2026-04-03T01:51:51.718+0600][16.098s][info][gc,phases      ] GC(92)   Other: 0.09ms
[2026-04-03T01:51:51.718+0600][16.098s][info][gc,heap        ] GC(92) Eden regions: 44->0(44)
[2026-04-03T01:51:51.718+0600][16.098s][info][gc,heap        ] GC(92) Survivor regions: 1->1(6)
[2026-04-03T01:51:51.718+0600][16.098s][info][gc,heap        ] GC(92) Old regions: 9->9
[2026-04-03T01:51:51.718+0600][16.098s][info][gc,heap        ] GC(92) Humongous regions: 0->0
[2026-04-03T01:51:51.718+0600][16.098s][info][gc,metaspace   ] GC(92) Metaspace: 14224K(14464K)->14224K(14464K) NonClass: 12405K(12544K)->12405K(12544K) Class: 1819K(1920K)->1819K(1920K)
[2026-04-03T01:51:51.718+0600][16.098s][info][gc             ] GC(92) Pause Young (Normal) (G1 Evacuation Pause) 92M->4M(150M) 1.277ms
[2026-04-03T01:51:51.718+0600][16.098s][info][gc,cpu         ] GC(92) User=0.01s Sys=0.00s Real=0.00s
[2026-04-03T01:51:51.856+0600][16.237s][info][gc,start       ] GC(93) Pause Young (Normal) (G1 Evacuation Pause)
[2026-04-03T01:51:51.856+0600][16.237s][info][gc,task        ] GC(93) Using 10 workers of 10 for evacuation
[2026-04-03T01:51:51.858+0600][16.238s][info][gc,phases      ] GC(93)   Pre Evacuate Collection Set: 0.19ms
[2026-04-03T01:51:51.858+0600][16.238s][info][gc,phases      ] GC(93)   Merge Heap Roots: 0.10ms
[2026-04-03T01:51:51.858+0600][16.238s][info][gc,phases      ] GC(93)   Evacuate Collection Set: 0.27ms
[2026-04-03T01:51:51.858+0600][16.238s][info][gc,phases      ] GC(93)   Post Evacuate Collection Set: 0.65ms
[2026-04-03T01:51:51.858+0600][16.238s][info][gc,phases      ] GC(93)   Other: 0.09ms
[2026-04-03T01:51:51.858+0600][16.239s][info][gc,heap        ] GC(93) Eden regions: 44->0(44)
[2026-04-03T01:51:51.858+0600][16.239s][info][gc,heap        ] GC(93) Survivor regions: 1->1(6)
[2026-04-03T01:51:51.858+0600][16.239s][info][gc,heap        ] GC(93) Old regions: 9->9
[2026-04-03T01:51:51.858+0600][16.239s][info][gc,heap        ] GC(93) Humongous regions: 0->0
[2026-04-03T01:51:51.858+0600][16.239s][info][gc,metaspace   ] GC(93) Metaspace: 14224K(14464K)->14224K(14464K) NonClass: 12405K(12544K)->12405K(12544K) Class: 1819K(1920K)->1819K(1920K)
[2026-04-03T01:51:51.858+0600][16.239s][info][gc             ] GC(93) Pause Young (Normal) (G1 Evacuation Pause) 92M->4M(150M) 1.736ms
[2026-04-03T01:51:51.858+0600][16.239s][info][gc,cpu         ] GC(93) User=0.01s Sys=0.00s Real=0.00s
[2026-04-03T01:51:52.039+0600][16.419s][info][gc,start       ] GC(94) Pause Young (Normal) (G1 Evacuation Pause)
[2026-04-03T01:51:52.039+0600][16.419s][info][gc,task        ] GC(94) Using 10 workers of 10 for evacuation
[2026-04-03T01:51:52.040+0600][16.420s][info][gc,phases      ] GC(94)   Pre Evacuate Collection Set: 0.15ms
[2026-04-03T01:51:52.040+0600][16.420s][info][gc,phases      ] GC(94)   Merge Heap Roots: 0.09ms
[2026-04-03T01:51:52.040+0600][16.420s][info][gc,phases      ] GC(94)   Evacuate Collection Set: 0.17ms
[2026-04-03T01:51:52.040+0600][16.420s][info][gc,phases      ] GC(94)   Post Evacuate Collection Set: 0.48ms
[2026-04-03T01:51:52.040+0600][16.420s][info][gc,phases      ] GC(94)   Other: 0.09ms
[2026-04-03T01:51:52.040+0600][16.421s][info][gc,heap        ] GC(94) Eden regions: 44->0(44)
[2026-04-03T01:51:52.040+0600][16.421s][info][gc,heap        ] GC(94) Survivor regions: 1->1(6)
[2026-04-03T01:51:52.040+0600][16.421s][info][gc,heap        ] GC(94) Old regions: 9->9
[2026-04-03T01:51:52.040+0600][16.421s][info][gc,heap        ] GC(94) Humongous regions: 0->0
[2026-04-03T01:51:52.040+0600][16.421s][info][gc,metaspace   ] GC(94) Metaspace: 14224K(14464K)->14224K(14464K) NonClass: 12405K(12544K)->12405K(12544K) Class: 1819K(1920K)->1819K(1920K)
[2026-04-03T01:51:52.040+0600][16.421s][info][gc             ] GC(94) Pause Young (Normal) (G1 Evacuation Pause) 92M->4M(150M) 1.253ms
[2026-04-03T01:51:52.040+0600][16.421s][info][gc,cpu         ] GC(94) User=0.00s Sys=0.00s Real=0.01s
[2026-04-03T01:51:52.246+0600][16.627s][info][gc,start       ] GC(95) Pause Full (System.gc())
[2026-04-03T01:51:52.246+0600][16.627s][info][gc,task        ] GC(95) Using 6 workers of 10 for full compaction
[2026-04-03T01:51:52.246+0600][16.627s][info][gc,phases,start] GC(95) Phase 1: Mark live objects
[2026-04-03T01:51:52.250+0600][16.631s][info][gc,phases      ] GC(95) Phase 1: Mark live objects 4.037ms
[2026-04-03T01:51:52.250+0600][16.631s][info][gc,phases,start] GC(95) Phase 2: Prepare compaction
[2026-04-03T01:51:52.251+0600][16.631s][info][gc,phases      ] GC(95) Phase 2: Prepare compaction 0.581ms
[2026-04-03T01:51:52.251+0600][16.631s][info][gc,phases,start] GC(95) Phase 3: Adjust pointers
[2026-04-03T01:51:52.253+0600][16.633s][info][gc,phases      ] GC(95) Phase 3: Adjust pointers 2.005ms
[2026-04-03T01:51:52.253+0600][16.634s][info][gc,phases,start] GC(95) Phase 4: Compact heap
[2026-04-03T01:51:52.253+0600][16.634s][info][gc,phases      ] GC(95) Phase 4: Compact heap 0.688ms
[2026-04-03T01:51:52.254+0600][16.634s][info][gc,phases,start] GC(95) Phase 5: Reset Metadata
[2026-04-03T01:51:52.255+0600][16.635s][info][gc,phases      ] GC(95) Phase 5: Reset Metadata 1.010ms
[2026-04-03T01:51:52.258+0600][16.638s][info][gc,heap        ] GC(95) Eden regions: 39->0(14)
[2026-04-03T01:51:52.258+0600][16.638s][info][gc,heap        ] GC(95) Survivor regions: 1->0(6)
[2026-04-03T01:51:52.258+0600][16.638s][info][gc,heap        ] GC(95) Old regions: 9->7
[2026-04-03T01:51:52.258+0600][16.638s][info][gc,heap        ] GC(95) Humongous regions: 0->0
[2026-04-03T01:51:52.258+0600][16.638s][info][gc,metaspace   ] GC(95) Metaspace: 14224K(14464K)->14224K(14464K) NonClass: 12405K(12544K)->12405K(12544K) Class: 1819K(1920K)->1819K(1920K)
[2026-04-03T01:51:52.258+0600][16.638s][info][gc             ] GC(95) Pause Full (System.gc()) 82M->4M(48M) 11.677ms
[2026-04-03T01:51:52.258+0600][16.638s][info][gc,cpu         ] GC(95) User=0.03s Sys=0.01s Real=0.01s
[2026-04-03T01:51:52.296+0600][16.677s][info][gc,start       ] GC(96) Pause Young (Normal) (G1 Evacuation Pause)
[2026-04-03T01:51:52.296+0600][16.677s][info][gc,task        ] GC(96) Using 10 workers of 10 for evacuation
[2026-04-03T01:51:52.297+0600][16.678s][info][gc,phases      ] GC(96)   Pre Evacuate Collection Set: 0.14ms
[2026-04-03T01:51:52.297+0600][16.678s][info][gc,phases      ] GC(96)   Merge Heap Roots: 0.07ms
[2026-04-03T01:51:52.297+0600][16.678s][info][gc,phases      ] GC(96)   Evacuate Collection Set: 0.28ms
[2026-04-03T01:51:52.297+0600][16.678s][info][gc,phases      ] GC(96)   Post Evacuate Collection Set: 0.36ms
[2026-04-03T01:51:52.297+0600][16.678s][info][gc,phases      ] GC(96)   Other: 0.08ms
[2026-04-03T01:51:52.297+0600][16.678s][info][gc,heap        ] GC(96) Eden regions: 14->0(13)
[2026-04-03T01:51:52.297+0600][16.678s][info][gc,heap        ] GC(96) Survivor regions: 0->1(2)
[2026-04-03T01:51:52.297+0600][16.678s][info][gc,heap        ] GC(96) Old regions: 7->7
[2026-04-03T01:51:52.297+0600][16.678s][info][gc,heap        ] GC(96) Humongous regions: 0->0
[2026-04-03T01:51:52.297+0600][16.678s][info][gc,metaspace   ] GC(96) Metaspace: 14224K(14464K)->14224K(14464K) NonClass: 12405K(12544K)->12405K(12544K) Class: 1819K(1920K)->1819K(1920K)
[2026-04-03T01:51:52.298+0600][16.678s][info][gc             ] GC(96) Pause Young (Normal) (G1 Evacuation Pause) 32M->4M(48M) 1.208ms
[2026-04-03T01:51:52.298+0600][16.678s][info][gc,cpu         ] GC(96) User=0.00s Sys=0.00s Real=0.00s
[2026-04-03T01:51:52.331+0600][16.712s][info][gc,start       ] GC(97) Pause Young (Normal) (G1 Evacuation Pause)
[2026-04-03T01:51:52.332+0600][16.712s][info][gc,task        ] GC(97) Using 10 workers of 10 for evacuation
[2026-04-03T01:51:52.333+0600][16.713s][info][gc,phases      ] GC(97)   Pre Evacuate Collection Set: 0.15ms
[2026-04-03T01:51:52.333+0600][16.714s][info][gc,phases      ] GC(97)   Merge Heap Roots: 0.08ms
[2026-04-03T01:51:52.333+0600][16.714s][info][gc,phases      ] GC(97)   Evacuate Collection Set: 0.33ms
[2026-04-03T01:51:52.333+0600][16.714s][info][gc,phases      ] GC(97)   Post Evacuate Collection Set: 0.45ms
[2026-04-03T01:51:52.333+0600][16.714s][info][gc,phases      ] GC(97)   Other: 0.14ms
[2026-04-03T01:51:52.333+0600][16.714s][info][gc,heap        ] GC(97) Eden regions: 13->0(13)
[2026-04-03T01:51:52.333+0600][16.714s][info][gc,heap        ] GC(97) Survivor regions: 1->1(2)
[2026-04-03T01:51:52.333+0600][16.714s][info][gc,heap        ] GC(97) Old regions: 7->7
[2026-04-03T01:51:52.333+0600][16.714s][info][gc,heap        ] GC(97) Humongous regions: 0->0
[2026-04-03T01:51:52.333+0600][16.714s][info][gc,metaspace   ] GC(97) Metaspace: 14224K(14464K)->14224K(14464K) NonClass: 12405K(12544K)->12405K(12544K) Class: 1819K(1920K)->1819K(1920K)
[2026-04-03T01:51:52.333+0600][16.714s][info][gc             ] GC(97) Pause Young (Normal) (G1 Evacuation Pause) 30M->4M(48M) 1.533ms
[2026-04-03T01:51:52.333+0600][16.714s][info][gc,cpu         ] GC(97) User=0.00s Sys=0.00s Real=0.00s
[2026-04-03T01:51:52.374+0600][16.755s][info][gc,start       ] GC(98) Pause Young (Normal) (G1 Evacuation Pause)
[2026-04-03T01:51:52.374+0600][16.755s][info][gc,task        ] GC(98) Using 10 workers of 10 for evacuation
[2026-04-03T01:51:52.376+0600][16.756s][info][gc,phases      ] GC(98)   Pre Evacuate Collection Set: 0.16ms
[2026-04-03T01:51:52.376+0600][16.756s][info][gc,phases      ] GC(98)   Merge Heap Roots: 0.07ms
[2026-04-03T01:51:52.376+0600][16.756s][info][gc,phases      ] GC(98)   Evacuate Collection Set: 0.30ms
[2026-04-03T01:51:52.376+0600][16.756s][info][gc,phases      ] GC(98)   Post Evacuate Collection Set: 0.41ms
[2026-04-03T01:51:52.376+0600][16.756s][info][gc,phases      ] GC(98)   Other: 0.12ms
[2026-04-03T01:51:52.376+0600][16.756s][info][gc,heap        ] GC(98) Eden regions: 13->0(13)
[2026-04-03T01:51:52.376+0600][16.756s][info][gc,heap        ] GC(98) Survivor regions: 1->1(2)
[2026-04-03T01:51:52.376+0600][16.756s][info][gc,heap        ] GC(98) Old regions: 7->7
[2026-04-03T01:51:52.376+0600][16.756s][info][gc,heap        ] GC(98) Humongous regions: 0->0
[2026-04-03T01:51:52.376+0600][16.756s][info][gc,metaspace   ] GC(98) Metaspace: 14224K(14464K)->14224K(14464K) NonClass: 12405K(12544K)->12405K(12544K) Class: 1819K(1920K)->1819K(1920K)
[2026-04-03T01:51:52.376+0600][16.756s][info][gc             ] GC(98) Pause Young (Normal) (G1 Evacuation Pause) 30M->4M(48M) 1.331ms
[2026-04-03T01:51:52.376+0600][16.756s][info][gc,cpu         ] GC(98) User=0.01s Sys=0.00s Real=0.00s
[2026-04-03T01:51:52.414+0600][16.795s][info][gc,start       ] GC(99) Pause Young (Normal) (G1 Evacuation Pause)
[2026-04-03T01:51:52.414+0600][16.795s][info][gc,task        ] GC(99) Using 10 workers of 10 for evacuation
[2026-04-03T01:51:52.416+0600][16.796s][info][gc,phases      ] GC(99)   Pre Evacuate Collection Set: 0.13ms
[2026-04-03T01:51:52.416+0600][16.796s][info][gc,phases      ] GC(99)   Merge Heap Roots: 0.07ms
[2026-04-03T01:51:52.416+0600][16.796s][info][gc,phases      ] GC(99)   Evacuate Collection Set: 0.27ms
[2026-04-03T01:51:52.416+0600][16.796s][info][gc,phases      ] GC(99)   Post Evacuate Collection Set: 0.68ms
[2026-04-03T01:51:52.416+0600][16.796s][info][gc,phases      ] GC(99)   Other: 0.08ms
[2026-04-03T01:51:52.416+0600][16.796s][info][gc,heap        ] GC(99) Eden regions: 13->0(43)
[2026-04-03T01:51:52.416+0600][16.796s][info][gc,heap        ] GC(99) Survivor regions: 1->1(2)
[2026-04-03T01:51:52.416+0600][16.796s][info][gc,heap        ] GC(99) Old regions: 7->7
[2026-04-03T01:51:52.416+0600][16.796s][info][gc,heap        ] GC(99) Humongous regions: 0->0
[2026-04-03T01:51:52.416+0600][16.796s][info][gc,metaspace   ] GC(99) Metaspace: 14224K(14464K)->14224K(14464K) NonClass: 12405K(12544K)->12405K(12544K) Class: 1819K(1920K)->1819K(1920K)
[2026-04-03T01:51:52.416+0600][16.796s][info][gc             ] GC(99) Pause Young (Normal) (G1 Evacuation Pause) 30M->4M(148M) 1.514ms
[2026-04-03T01:51:52.416+0600][16.796s][info][gc,cpu         ] GC(99) User=0.01s Sys=0.00s Real=0.00s
[2026-04-03T01:51:52.559+0600][16.940s][info][gc,start       ] GC(100) Pause Young (Normal) (G1 Evacuation Pause)
[2026-04-03T01:51:52.559+0600][16.940s][info][gc,task        ] GC(100) Using 10 workers of 10 for evacuation
[2026-04-03T01:51:52.560+0600][16.941s][info][gc,phases      ] GC(100)   Pre Evacuate Collection Set: 0.14ms
[2026-04-03T01:51:52.561+0600][16.941s][info][gc,phases      ] GC(100)   Merge Heap Roots: 0.09ms
[2026-04-03T01:51:52.561+0600][16.941s][info][gc,phases      ] GC(100)   Evacuate Collection Set: 0.60ms
[2026-04-03T01:51:52.561+0600][16.941s][info][gc,phases      ] GC(100)   Post Evacuate Collection Set: 0.43ms
[2026-04-03T01:51:52.561+0600][16.941s][info][gc,phases      ] GC(100)   Other: 0.08ms
[2026-04-03T01:51:52.561+0600][16.941s][info][gc,heap        ] GC(100) Eden regions: 43->0(43)
[2026-04-03T01:51:52.561+0600][16.941s][info][gc,heap        ] GC(100) Survivor regions: 1->1(6)
[2026-04-03T01:51:52.561+0600][16.941s][info][gc,heap        ] GC(100) Old regions: 7->7
[2026-04-03T01:51:52.561+0600][16.941s][info][gc,heap        ] GC(100) Humongous regions: 0->0
[2026-04-03T01:51:52.561+0600][16.941s][info][gc,metaspace   ] GC(100) Metaspace: 14224K(14464K)->14224K(14464K) NonClass: 12405K(12544K)->12405K(12544K) Class: 1819K(1920K)->1819K(1920K)
[2026-04-03T01:51:52.561+0600][16.941s][info][gc             ] GC(100) Pause Young (Normal) (G1 Evacuation Pause) 90M->4M(148M) 1.623ms
[2026-04-03T01:51:52.561+0600][16.941s][info][gc,cpu         ] GC(100) User=0.00s Sys=0.00s Real=0.01s
[2026-04-03T01:51:52.690+0600][17.071s][info][gc,start       ] GC(101) Pause Young (Normal) (G1 Evacuation Pause)
[2026-04-03T01:51:52.690+0600][17.071s][info][gc,task        ] GC(101) Using 10 workers of 10 for evacuation
[2026-04-03T01:51:52.692+0600][17.073s][info][gc,phases      ] GC(101)   Pre Evacuate Collection Set: 0.19ms
[2026-04-03T01:51:52.692+0600][17.073s][info][gc,phases      ] GC(101)   Merge Heap Roots: 0.10ms
[2026-04-03T01:51:52.692+0600][17.073s][info][gc,phases      ] GC(101)   Evacuate Collection Set: 0.54ms
[2026-04-03T01:51:52.692+0600][17.073s][info][gc,phases      ] GC(101)   Post Evacuate Collection Set: 0.50ms
[2026-04-03T01:51:52.692+0600][17.073s][info][gc,phases      ] GC(101)   Other: 0.10ms
[2026-04-03T01:51:52.692+0600][17.073s][info][gc,heap        ] GC(101) Eden regions: 43->0(43)
[2026-04-03T01:51:52.692+0600][17.073s][info][gc,heap        ] GC(101) Survivor regions: 1->1(6)
[2026-04-03T01:51:52.692+0600][17.073s][info][gc,heap        ] GC(101) Old regions: 7->7
[2026-04-03T01:51:52.692+0600][17.073s][info][gc,heap        ] GC(101) Humongous regions: 0->0
[2026-04-03T01:51:52.692+0600][17.073s][info][gc,metaspace   ] GC(101) Metaspace: 14224K(14464K)->14224K(14464K) NonClass: 12405K(12544K)->12405K(12544K) Class: 1819K(1920K)->1819K(1920K)
[2026-04-03T01:51:52.692+0600][17.073s][info][gc             ] GC(101) Pause Young (Normal) (G1 Evacuation Pause) 90M->4M(148M) 1.735ms
[2026-04-03T01:51:52.692+0600][17.073s][info][gc,cpu         ] GC(101) User=0.00s Sys=0.00s Real=0.00s
[2026-04-03T01:51:52.815+0600][17.196s][info][gc,start       ] GC(102) Pause Young (Normal) (G1 Evacuation Pause)
[2026-04-03T01:51:52.815+0600][17.196s][info][gc,task        ] GC(102) Using 10 workers of 10 for evacuation
[2026-04-03T01:51:52.816+0600][17.197s][info][gc,phases      ] GC(102)   Pre Evacuate Collection Set: 0.13ms
[2026-04-03T01:51:52.816+0600][17.197s][info][gc,phases      ] GC(102)   Merge Heap Roots: 0.06ms
[2026-04-03T01:51:52.816+0600][17.197s][info][gc,phases      ] GC(102)   Evacuate Collection Set: 0.27ms
[2026-04-03T01:51:52.816+0600][17.197s][info][gc,phases      ] GC(102)   Post Evacuate Collection Set: 0.35ms
[2026-04-03T01:51:52.816+0600][17.197s][info][gc,phases      ] GC(102)   Other: 0.07ms
[2026-04-03T01:51:52.816+0600][17.197s][info][gc,heap        ] GC(102) Eden regions: 43->0(43)
[2026-04-03T01:51:52.816+0600][17.197s][info][gc,heap        ] GC(102) Survivor regions: 1->1(6)
[2026-04-03T01:51:52.816+0600][17.197s][info][gc,heap        ] GC(102) Old regions: 7->7
[2026-04-03T01:51:52.816+0600][17.197s][info][gc,heap        ] GC(102) Humongous regions: 0->0
[2026-04-03T01:51:52.816+0600][17.197s][info][gc,metaspace   ] GC(102) Metaspace: 14224K(14464K)->14224K(14464K) NonClass: 12405K(12544K)->12405K(12544K) Class: 1819K(1920K)->1819K(1920K)
[2026-04-03T01:51:52.816+0600][17.197s][info][gc             ] GC(102) Pause Young (Normal) (G1 Evacuation Pause) 90M->4M(148M) 1.129ms
[2026-04-03T01:51:52.816+0600][17.197s][info][gc,cpu         ] GC(102) User=0.00s Sys=0.01s Real=0.00s
[2026-04-03T01:51:52.935+0600][17.316s][info][gc,start       ] GC(103) Pause Young (Normal) (G1 Evacuation Pause)
[2026-04-03T01:51:52.936+0600][17.316s][info][gc,task        ] GC(103) Using 10 workers of 10 for evacuation
[2026-04-03T01:51:52.936+0600][17.317s][info][gc,phases      ] GC(103)   Pre Evacuate Collection Set: 0.12ms
[2026-04-03T01:51:52.937+0600][17.317s][info][gc,phases      ] GC(103)   Merge Heap Roots: 0.08ms
[2026-04-03T01:51:52.937+0600][17.317s][info][gc,phases      ] GC(103)   Evacuate Collection Set: 0.28ms
[2026-04-03T01:51:52.937+0600][17.317s][info][gc,phases      ] GC(103)   Post Evacuate Collection Set: 0.31ms
[2026-04-03T01:51:52.937+0600][17.317s][info][gc,phases      ] GC(103)   Other: 0.09ms
[2026-04-03T01:51:52.937+0600][17.317s][info][gc,heap        ] GC(103) Eden regions: 43->0(43)
[2026-04-03T01:51:52.937+0600][17.317s][info][gc,heap        ] GC(103) Survivor regions: 1->1(6)
[2026-04-03T01:51:52.937+0600][17.317s][info][gc,heap        ] GC(103) Old regions: 7->7
[2026-04-03T01:51:52.937+0600][17.317s][info][gc,heap        ] GC(103) Humongous regions: 0->0
[2026-04-03T01:51:52.937+0600][17.317s][info][gc,metaspace   ] GC(103) Metaspace: 14224K(14464K)->14224K(14464K) NonClass: 12405K(12544K)->12405K(12544K) Class: 1819K(1920K)->1819K(1920K)
[2026-04-03T01:51:52.937+0600][17.317s][info][gc             ] GC(103) Pause Young (Normal) (G1 Evacuation Pause) 90M->4M(148M) 1.153ms
[2026-04-03T01:51:52.937+0600][17.317s][info][gc,cpu         ] GC(103) User=0.00s Sys=0.00s Real=0.00s
[2026-04-03T01:51:53.057+0600][17.437s][info][gc,start       ] GC(104) Pause Young (Normal) (G1 Evacuation Pause)
[2026-04-03T01:51:53.057+0600][17.438s][info][gc,task        ] GC(104) Using 10 workers of 10 for evacuation
[2026-04-03T01:51:53.058+0600][17.439s][info][gc,phases      ] GC(104)   Pre Evacuate Collection Set: 0.20ms
[2026-04-03T01:51:53.058+0600][17.439s][info][gc,phases      ] GC(104)   Merge Heap Roots: 0.08ms
[2026-04-03T01:51:53.058+0600][17.439s][info][gc,phases      ] GC(104)   Evacuate Collection Set: 0.30ms
[2026-04-03T01:51:53.058+0600][17.439s][info][gc,phases      ] GC(104)   Post Evacuate Collection Set: 0.54ms
[2026-04-03T01:51:53.058+0600][17.439s][info][gc,phases      ] GC(104)   Other: 0.10ms
[2026-04-03T01:51:53.058+0600][17.439s][info][gc,heap        ] GC(104) Eden regions: 43->0(43)
[2026-04-03T01:51:53.058+0600][17.439s][info][gc,heap        ] GC(104) Survivor regions: 1->1(6)
[2026-04-03T01:51:53.058+0600][17.439s][info][gc,heap        ] GC(104) Old regions: 7->7
[2026-04-03T01:51:53.058+0600][17.439s][info][gc,heap        ] GC(104) Humongous regions: 0->0
[2026-04-03T01:51:53.058+0600][17.439s][info][gc,metaspace   ] GC(104) Metaspace: 14224K(14464K)->14224K(14464K) NonClass: 12405K(12544K)->12405K(12544K) Class: 1819K(1920K)->1819K(1920K)
[2026-04-03T01:51:53.058+0600][17.439s][info][gc             ] GC(104) Pause Young (Normal) (G1 Evacuation Pause) 90M->4M(148M) 1.600ms
[2026-04-03T01:51:53.058+0600][17.439s][info][gc,cpu         ] GC(104) User=0.01s Sys=0.00s Real=0.00s
[2026-04-03T01:51:53.172+0600][17.553s][info][gc,start       ] GC(105) Pause Young (Normal) (G1 Evacuation Pause)
[2026-04-03T01:51:53.173+0600][17.553s][info][gc,task        ] GC(105) Using 10 workers of 10 for evacuation
[2026-04-03T01:51:53.174+0600][17.554s][info][gc,phases      ] GC(105)   Pre Evacuate Collection Set: 0.15ms
[2026-04-03T01:51:53.174+0600][17.554s][info][gc,phases      ] GC(105)   Merge Heap Roots: 0.09ms
[2026-04-03T01:51:53.174+0600][17.554s][info][gc,phases      ] GC(105)   Evacuate Collection Set: 0.27ms
[2026-04-03T01:51:53.174+0600][17.554s][info][gc,phases      ] GC(105)   Post Evacuate Collection Set: 0.37ms
[2026-04-03T01:51:53.174+0600][17.554s][info][gc,phases      ] GC(105)   Other: 0.10ms
[2026-04-03T01:51:53.174+0600][17.554s][info][gc,heap        ] GC(105) Eden regions: 43->0(43)
[2026-04-03T01:51:53.174+0600][17.554s][info][gc,heap        ] GC(105) Survivor regions: 1->1(6)
[2026-04-03T01:51:53.174+0600][17.554s][info][gc,heap        ] GC(105) Old regions: 7->7
[2026-04-03T01:51:53.174+0600][17.554s][info][gc,heap        ] GC(105) Humongous regions: 0->0
[2026-04-03T01:51:53.174+0600][17.554s][info][gc,metaspace   ] GC(105) Metaspace: 14224K(14464K)->14224K(14464K) NonClass: 12405K(12544K)->12405K(12544K) Class: 1819K(1920K)->1819K(1920K)
[2026-04-03T01:51:53.174+0600][17.554s][info][gc             ] GC(105) Pause Young (Normal) (G1 Evacuation Pause) 90M->4M(148M) 1.321ms
[2026-04-03T01:51:53.174+0600][17.554s][info][gc,cpu         ] GC(105) User=0.00s Sys=0.00s Real=0.00s
[2026-04-03T01:51:53.294+0600][17.675s][info][gc,start       ] GC(106) Pause Young (Normal) (G1 Evacuation Pause)
[2026-04-03T01:51:53.295+0600][17.675s][info][gc,task        ] GC(106) Using 10 workers of 10 for evacuation
[2026-04-03T01:51:53.296+0600][17.676s][info][gc,phases      ] GC(106)   Pre Evacuate Collection Set: 0.18ms
[2026-04-03T01:51:53.296+0600][17.676s][info][gc,phases      ] GC(106)   Merge Heap Roots: 0.07ms
[2026-04-03T01:51:53.296+0600][17.676s][info][gc,phases      ] GC(106)   Evacuate Collection Set: 0.31ms
[2026-04-03T01:51:53.296+0600][17.676s][info][gc,phases      ] GC(106)   Post Evacuate Collection Set: 0.38ms
[2026-04-03T01:51:53.296+0600][17.676s][info][gc,phases      ] GC(106)   Other: 0.12ms
[2026-04-03T01:51:53.296+0600][17.676s][info][gc,heap        ] GC(106) Eden regions: 43->0(43)
[2026-04-03T01:51:53.296+0600][17.676s][info][gc,heap        ] GC(106) Survivor regions: 1->1(6)
[2026-04-03T01:51:53.296+0600][17.676s][info][gc,heap        ] GC(106) Old regions: 7->7
[2026-04-03T01:51:53.296+0600][17.676s][info][gc,heap        ] GC(106) Humongous regions: 0->0
[2026-04-03T01:51:53.296+0600][17.676s][info][gc,metaspace   ] GC(106) Metaspace: 14224K(14464K)->14224K(14464K) NonClass: 12405K(12544K)->12405K(12544K) Class: 1819K(1920K)->1819K(1920K)
[2026-04-03T01:51:53.296+0600][17.677s][info][gc             ] GC(106) Pause Young (Normal) (G1 Evacuation Pause) 90M->4M(148M) 1.339ms
[2026-04-03T01:51:53.296+0600][17.677s][info][gc,cpu         ] GC(106) User=0.00s Sys=0.00s Real=0.00s
[2026-04-03T01:51:53.405+0600][17.786s][info][gc,start       ] GC(107) Pause Young (Normal) (G1 Evacuation Pause)
[2026-04-03T01:51:53.405+0600][17.786s][info][gc,task        ] GC(107) Using 10 workers of 10 for evacuation
[2026-04-03T01:51:53.406+0600][17.787s][info][gc,phases      ] GC(107)   Pre Evacuate Collection Set: 0.13ms
[2026-04-03T01:51:53.406+0600][17.787s][info][gc,phases      ] GC(107)   Merge Heap Roots: 0.07ms
[2026-04-03T01:51:53.406+0600][17.787s][info][gc,phases      ] GC(107)   Evacuate Collection Set: 0.29ms
[2026-04-03T01:51:53.406+0600][17.787s][info][gc,phases      ] GC(107)   Post Evacuate Collection Set: 0.33ms
[2026-04-03T01:51:53.406+0600][17.787s][info][gc,phases      ] GC(107)   Other: 0.07ms
[2026-04-03T01:51:53.406+0600][17.787s][info][gc,heap        ] GC(107) Eden regions: 43->0(43)
[2026-04-03T01:51:53.406+0600][17.787s][info][gc,heap        ] GC(107) Survivor regions: 1->1(6)
[2026-04-03T01:51:53.406+0600][17.787s][info][gc,heap        ] GC(107) Old regions: 7->7
[2026-04-03T01:51:53.406+0600][17.787s][info][gc,heap        ] GC(107) Humongous regions: 0->0
[2026-04-03T01:51:53.406+0600][17.787s][info][gc,metaspace   ] GC(107) Metaspace: 14224K(14464K)->14224K(14464K) NonClass: 12405K(12544K)->12405K(12544K) Class: 1819K(1920K)->1819K(1920K)
[2026-04-03T01:51:53.406+0600][17.787s][info][gc             ] GC(107) Pause Young (Normal) (G1 Evacuation Pause) 90M->4M(148M) 1.130ms
[2026-04-03T01:51:53.406+0600][17.787s][info][gc,cpu         ] GC(107) User=0.00s Sys=0.00s Real=0.00s
[2026-04-03T01:51:53.520+0600][17.901s][info][gc,start       ] GC(108) Pause Young (Normal) (G1 Evacuation Pause)
[2026-04-03T01:51:53.520+0600][17.901s][info][gc,task        ] GC(108) Using 10 workers of 10 for evacuation
[2026-04-03T01:51:53.521+0600][17.902s][info][gc,phases      ] GC(108)   Pre Evacuate Collection Set: 0.16ms
[2026-04-03T01:51:53.521+0600][17.902s][info][gc,phases      ] GC(108)   Merge Heap Roots: 0.09ms
[2026-04-03T01:51:53.521+0600][17.902s][info][gc,phases      ] GC(108)   Evacuate Collection Set: 0.31ms
[2026-04-03T01:51:53.521+0600][17.902s][info][gc,phases      ] GC(108)   Post Evacuate Collection Set: 0.41ms
[2026-04-03T01:51:53.521+0600][17.902s][info][gc,phases      ] GC(108)   Other: 0.09ms
[2026-04-03T01:51:53.521+0600][17.902s][info][gc,heap        ] GC(108) Eden regions: 43->0(43)
[2026-04-03T01:51:53.521+0600][17.902s][info][gc,heap        ] GC(108) Survivor regions: 1->1(6)
[2026-04-03T01:51:53.521+0600][17.902s][info][gc,heap        ] GC(108) Old regions: 7->7
[2026-04-03T01:51:53.521+0600][17.902s][info][gc,heap        ] GC(108) Humongous regions: 0->0
[2026-04-03T01:51:53.521+0600][17.902s][info][gc,metaspace   ] GC(108) Metaspace: 14224K(14464K)->14224K(14464K) NonClass: 12405K(12544K)->12405K(12544K) Class: 1819K(1920K)->1819K(1920K)
[2026-04-03T01:51:53.521+0600][17.902s][info][gc             ] GC(108) Pause Young (Normal) (G1 Evacuation Pause) 90M->4M(148M) 1.379ms
[2026-04-03T01:51:53.521+0600][17.902s][info][gc,cpu         ] GC(108) User=0.00s Sys=0.00s Real=0.00s
[2026-04-03T01:51:53.633+0600][18.014s][info][gc,start       ] GC(109) Pause Young (Normal) (G1 Evacuation Pause)
[2026-04-03T01:51:53.633+0600][18.014s][info][gc,task        ] GC(109) Using 10 workers of 10 for evacuation
[2026-04-03T01:51:53.636+0600][18.017s][info][gc,phases      ] GC(109)   Pre Evacuate Collection Set: 0.16ms
[2026-04-03T01:51:53.636+0600][18.017s][info][gc,phases      ] GC(109)   Merge Heap Roots: 0.10ms
[2026-04-03T01:51:53.636+0600][18.017s][info][gc,phases      ] GC(109)   Evacuate Collection Set: 1.45ms
[2026-04-03T01:51:53.636+0600][18.017s][info][gc,phases      ] GC(109)   Post Evacuate Collection Set: 0.88ms
[2026-04-03T01:51:53.636+0600][18.017s][info][gc,phases      ] GC(109)   Other: 0.12ms
[2026-04-03T01:51:53.636+0600][18.017s][info][gc,heap        ] GC(109) Eden regions: 43->0(43)
[2026-04-03T01:51:53.636+0600][18.017s][info][gc,heap        ] GC(109) Survivor regions: 1->1(6)
[2026-04-03T01:51:53.636+0600][18.017s][info][gc,heap        ] GC(109) Old regions: 7->7
[2026-04-03T01:51:53.636+0600][18.017s][info][gc,heap        ] GC(109) Humongous regions: 0->0
[2026-04-03T01:51:53.636+0600][18.017s][info][gc,metaspace   ] GC(109) Metaspace: 14224K(14464K)->14224K(14464K) NonClass: 12405K(12544K)->12405K(12544K) Class: 1819K(1920K)->1819K(1920K)
[2026-04-03T01:51:53.636+0600][18.017s][info][gc             ] GC(109) Pause Young (Normal) (G1 Evacuation Pause) 90M->4M(148M) 3.031ms
[2026-04-03T01:51:53.636+0600][18.017s][info][gc,cpu         ] GC(109) User=0.00s Sys=0.01s Real=0.00s
[2026-04-03T01:51:53.754+0600][18.135s][info][gc,start       ] GC(110) Pause Young (Normal) (G1 Evacuation Pause)
[2026-04-03T01:51:53.754+0600][18.135s][info][gc,task        ] GC(110) Using 10 workers of 10 for evacuation
[2026-04-03T01:51:53.755+0600][18.136s][info][gc,phases      ] GC(110)   Pre Evacuate Collection Set: 0.14ms
[2026-04-03T01:51:53.755+0600][18.136s][info][gc,phases      ] GC(110)   Merge Heap Roots: 0.08ms
[2026-04-03T01:51:53.755+0600][18.136s][info][gc,phases      ] GC(110)   Evacuate Collection Set: 0.27ms
[2026-04-03T01:51:53.755+0600][18.136s][info][gc,phases      ] GC(110)   Post Evacuate Collection Set: 0.40ms
[2026-04-03T01:51:53.755+0600][18.136s][info][gc,phases      ] GC(110)   Other: 0.08ms
[2026-04-03T01:51:53.755+0600][18.136s][info][gc,heap        ] GC(110) Eden regions: 43->0(43)
[2026-04-03T01:51:53.755+0600][18.136s][info][gc,heap        ] GC(110) Survivor regions: 1->1(6)
[2026-04-03T01:51:53.755+0600][18.136s][info][gc,heap        ] GC(110) Old regions: 7->7
[2026-04-03T01:51:53.755+0600][18.136s][info][gc,heap        ] GC(110) Humongous regions: 0->0
[2026-04-03T01:51:53.755+0600][18.136s][info][gc,metaspace   ] GC(110) Metaspace: 14224K(14464K)->14224K(14464K) NonClass: 12405K(12544K)->12405K(12544K) Class: 1819K(1920K)->1819K(1920K)
[2026-04-03T01:51:53.755+0600][18.136s][info][gc             ] GC(110) Pause Young (Normal) (G1 Evacuation Pause) 90M->4M(148M) 1.244ms
[2026-04-03T01:51:53.755+0600][18.136s][info][gc,cpu         ] GC(110) User=0.01s Sys=0.00s Real=0.00s
[2026-04-03T01:51:53.867+0600][18.248s][info][gc,start       ] GC(111) Pause Young (Normal) (G1 Evacuation Pause)
[2026-04-03T01:51:53.867+0600][18.248s][info][gc,task        ] GC(111) Using 10 workers of 10 for evacuation
[2026-04-03T01:51:53.868+0600][18.249s][info][gc,phases      ] GC(111)   Pre Evacuate Collection Set: 0.14ms
[2026-04-03T01:51:53.868+0600][18.249s][info][gc,phases      ] GC(111)   Merge Heap Roots: 0.07ms
[2026-04-03T01:51:53.868+0600][18.249s][info][gc,phases      ] GC(111)   Evacuate Collection Set: 0.38ms
[2026-04-03T01:51:53.868+0600][18.249s][info][gc,phases      ] GC(111)   Post Evacuate Collection Set: 0.36ms
[2026-04-03T01:51:53.868+0600][18.249s][info][gc,phases      ] GC(111)   Other: 0.08ms
[2026-04-03T01:51:53.868+0600][18.249s][info][gc,heap        ] GC(111) Eden regions: 43->0(43)
[2026-04-03T01:51:53.868+0600][18.249s][info][gc,heap        ] GC(111) Survivor regions: 1->1(6)
[2026-04-03T01:51:53.868+0600][18.249s][info][gc,heap        ] GC(111) Old regions: 7->8
[2026-04-03T01:51:53.868+0600][18.249s][info][gc,heap        ] GC(111) Humongous regions: 0->0
[2026-04-03T01:51:53.868+0600][18.249s][info][gc,metaspace   ] GC(111) Metaspace: 14224K(14464K)->14224K(14464K) NonClass: 12405K(12544K)->12405K(12544K) Class: 1819K(1920K)->1819K(1920K)
[2026-04-03T01:51:53.868+0600][18.249s][info][gc             ] GC(111) Pause Young (Normal) (G1 Evacuation Pause) 90M->4M(148M) 1.304ms
[2026-04-03T01:51:53.868+0600][18.249s][info][gc,cpu         ] GC(111) User=0.00s Sys=0.01s Real=0.00s
[2026-04-03T01:51:53.990+0600][18.370s][info][gc,start       ] GC(112) Pause Young (Normal) (G1 Evacuation Pause)
[2026-04-03T01:51:53.990+0600][18.370s][info][gc,task        ] GC(112) Using 10 workers of 10 for evacuation
[2026-04-03T01:51:53.991+0600][18.372s][info][gc,phases      ] GC(112)   Pre Evacuate Collection Set: 0.16ms
[2026-04-03T01:51:53.991+0600][18.372s][info][gc,phases      ] GC(112)   Merge Heap Roots: 0.10ms
[2026-04-03T01:51:53.991+0600][18.372s][info][gc,phases      ] GC(112)   Evacuate Collection Set: 0.23ms
[2026-04-03T01:51:53.991+0600][18.372s][info][gc,phases      ] GC(112)   Post Evacuate Collection Set: 0.40ms
[2026-04-03T01:51:53.991+0600][18.372s][info][gc,phases      ] GC(112)   Other: 0.14ms
[2026-04-03T01:51:53.991+0600][18.372s][info][gc,heap        ] GC(112) Eden regions: 43->0(43)
[2026-04-03T01:51:53.991+0600][18.372s][info][gc,heap        ] GC(112) Survivor regions: 1->1(6)
[2026-04-03T01:51:53.991+0600][18.372s][info][gc,heap        ] GC(112) Old regions: 8->8
[2026-04-03T01:51:53.991+0600][18.372s][info][gc,heap        ] GC(112) Humongous regions: 0->0
[2026-04-03T01:51:53.991+0600][18.372s][info][gc,metaspace   ] GC(112) Metaspace: 14224K(14464K)->14224K(14464K) NonClass: 12405K(12544K)->12405K(12544K) Class: 1819K(1920K)->1819K(1920K)
[2026-04-03T01:51:53.991+0600][18.372s][info][gc             ] GC(112) Pause Young (Normal) (G1 Evacuation Pause) 90M->4M(148M) 1.388ms
[2026-04-03T01:51:53.991+0600][18.372s][info][gc,cpu         ] GC(112) User=0.00s Sys=0.00s Real=0.01s
[2026-04-03T01:51:54.111+0600][18.492s][info][gc,start       ] GC(113) Pause Young (Normal) (G1 Evacuation Pause)
[2026-04-03T01:51:54.111+0600][18.492s][info][gc,task        ] GC(113) Using 10 workers of 10 for evacuation
[2026-04-03T01:51:54.112+0600][18.493s][info][gc,phases      ] GC(113)   Pre Evacuate Collection Set: 0.14ms
[2026-04-03T01:51:54.112+0600][18.493s][info][gc,phases      ] GC(113)   Merge Heap Roots: 0.10ms
[2026-04-03T01:51:54.112+0600][18.493s][info][gc,phases      ] GC(113)   Evacuate Collection Set: 0.20ms
[2026-04-03T01:51:54.112+0600][18.493s][info][gc,phases      ] GC(113)   Post Evacuate Collection Set: 0.39ms
[2026-04-03T01:51:54.112+0600][18.493s][info][gc,phases      ] GC(113)   Other: 0.08ms
[2026-04-03T01:51:54.112+0600][18.493s][info][gc,heap        ] GC(113) Eden regions: 43->0(43)
[2026-04-03T01:51:54.112+0600][18.493s][info][gc,heap        ] GC(113) Survivor regions: 1->1(6)
[2026-04-03T01:51:54.112+0600][18.493s][info][gc,heap        ] GC(113) Old regions: 8->8
[2026-04-03T01:51:54.112+0600][18.493s][info][gc,heap        ] GC(113) Humongous regions: 0->0
[2026-04-03T01:51:54.112+0600][18.493s][info][gc,metaspace   ] GC(113) Metaspace: 14224K(14464K)->14224K(14464K) NonClass: 12405K(12544K)->12405K(12544K) Class: 1819K(1920K)->1819K(1920K)
[2026-04-03T01:51:54.112+0600][18.493s][info][gc             ] GC(113) Pause Young (Normal) (G1 Evacuation Pause) 90M->4M(148M) 1.172ms
[2026-04-03T01:51:54.112+0600][18.493s][info][gc,cpu         ] GC(113) User=0.00s Sys=0.00s Real=0.00s
[2026-04-03T01:51:54.229+0600][18.610s][info][gc,start       ] GC(114) Pause Young (Normal) (G1 Evacuation Pause)
[2026-04-03T01:51:54.229+0600][18.610s][info][gc,task        ] GC(114) Using 10 workers of 10 for evacuation
[2026-04-03T01:51:54.230+0600][18.611s][info][gc,phases      ] GC(114)   Pre Evacuate Collection Set: 0.13ms
[2026-04-03T01:51:54.230+0600][18.611s][info][gc,phases      ] GC(114)   Merge Heap Roots: 0.07ms
[2026-04-03T01:51:54.230+0600][18.611s][info][gc,phases      ] GC(114)   Evacuate Collection Set: 0.21ms
[2026-04-03T01:51:54.230+0600][18.611s][info][gc,phases      ] GC(114)   Post Evacuate Collection Set: 0.42ms
[2026-04-03T01:51:54.230+0600][18.611s][info][gc,phases      ] GC(114)   Other: 0.10ms
[2026-04-03T01:51:54.230+0600][18.611s][info][gc,heap        ] GC(114) Eden regions: 43->0(43)
[2026-04-03T01:51:54.230+0600][18.611s][info][gc,heap        ] GC(114) Survivor regions: 1->1(6)
[2026-04-03T01:51:54.230+0600][18.611s][info][gc,heap        ] GC(114) Old regions: 8->8
[2026-04-03T01:51:54.230+0600][18.611s][info][gc,heap        ] GC(114) Humongous regions: 0->0
[2026-04-03T01:51:54.230+0600][18.611s][info][gc,metaspace   ] GC(114) Metaspace: 14224K(14464K)->14224K(14464K) NonClass: 12405K(12544K)->12405K(12544K) Class: 1819K(1920K)->1819K(1920K)
[2026-04-03T01:51:54.230+0600][18.611s][info][gc             ] GC(114) Pause Young (Normal) (G1 Evacuation Pause) 90M->4M(148M) 1.167ms
[2026-04-03T01:51:54.230+0600][18.611s][info][gc,cpu         ] GC(114) User=0.00s Sys=0.00s Real=0.01s
[2026-04-03T01:51:54.360+0600][18.741s][info][gc,start       ] GC(115) Pause Young (Normal) (G1 Evacuation Pause)
[2026-04-03T01:51:54.360+0600][18.741s][info][gc,task        ] GC(115) Using 10 workers of 10 for evacuation
[2026-04-03T01:51:54.362+0600][18.742s][info][gc,phases      ] GC(115)   Pre Evacuate Collection Set: 0.16ms
[2026-04-03T01:51:54.362+0600][18.742s][info][gc,phases      ] GC(115)   Merge Heap Roots: 0.11ms
[2026-04-03T01:51:54.362+0600][18.742s][info][gc,phases      ] GC(115)   Evacuate Collection Set: 0.31ms
[2026-04-03T01:51:54.362+0600][18.742s][info][gc,phases      ] GC(115)   Post Evacuate Collection Set: 0.44ms
[2026-04-03T01:51:54.362+0600][18.742s][info][gc,phases      ] GC(115)   Other: 0.11ms
[2026-04-03T01:51:54.362+0600][18.742s][info][gc,heap        ] GC(115) Eden regions: 43->0(43)
[2026-04-03T01:51:54.362+0600][18.742s][info][gc,heap        ] GC(115) Survivor regions: 1->1(6)
[2026-04-03T01:51:54.362+0600][18.742s][info][gc,heap        ] GC(115) Old regions: 8->8
[2026-04-03T01:51:54.362+0600][18.742s][info][gc,heap        ] GC(115) Humongous regions: 0->0
[2026-04-03T01:51:54.362+0600][18.743s][info][gc,metaspace   ] GC(115) Metaspace: 14224K(14464K)->14224K(14464K) NonClass: 12405K(12544K)->12405K(12544K) Class: 1819K(1920K)->1819K(1920K)
[2026-04-03T01:51:54.362+0600][18.743s][info][gc             ] GC(115) Pause Young (Normal) (G1 Evacuation Pause) 90M->4M(148M) 1.528ms
[2026-04-03T01:51:54.362+0600][18.743s][info][gc,cpu         ] GC(115) User=0.01s Sys=0.00s Real=0.00s
[2026-04-03T01:51:54.484+0600][18.865s][info][gc,start       ] GC(116) Pause Young (Normal) (G1 Evacuation Pause)
[2026-04-03T01:51:54.484+0600][18.865s][info][gc,task        ] GC(116) Using 10 workers of 10 for evacuation
[2026-04-03T01:51:54.485+0600][18.866s][info][gc,phases      ] GC(116)   Pre Evacuate Collection Set: 0.15ms
[2026-04-03T01:51:54.485+0600][18.866s][info][gc,phases      ] GC(116)   Merge Heap Roots: 0.12ms
[2026-04-03T01:51:54.485+0600][18.866s][info][gc,phases      ] GC(116)   Evacuate Collection Set: 0.27ms
[2026-04-03T01:51:54.485+0600][18.866s][info][gc,phases      ] GC(116)   Post Evacuate Collection Set: 0.41ms
[2026-04-03T01:51:54.485+0600][18.866s][info][gc,phases      ] GC(116)   Other: 0.09ms
[2026-04-03T01:51:54.485+0600][18.866s][info][gc,heap        ] GC(116) Eden regions: 43->0(43)
[2026-04-03T01:51:54.485+0600][18.866s][info][gc,heap        ] GC(116) Survivor regions: 1->1(6)
[2026-04-03T01:51:54.485+0600][18.866s][info][gc,heap        ] GC(116) Old regions: 8->8
[2026-04-03T01:51:54.485+0600][18.866s][info][gc,heap        ] GC(116) Humongous regions: 0->0
[2026-04-03T01:51:54.485+0600][18.866s][info][gc,metaspace   ] GC(116) Metaspace: 14224K(14464K)->14224K(14464K) NonClass: 12405K(12544K)->12405K(12544K) Class: 1819K(1920K)->1819K(1920K)
[2026-04-03T01:51:54.485+0600][18.866s][info][gc             ] GC(116) Pause Young (Normal) (G1 Evacuation Pause) 90M->4M(148M) 1.369ms
[2026-04-03T01:51:54.485+0600][18.866s][info][gc,cpu         ] GC(116) User=0.00s Sys=0.00s Real=0.00s
[2026-04-03T01:51:54.601+0600][18.981s][info][gc,start       ] GC(117) Pause Young (Normal) (G1 Evacuation Pause)
[2026-04-03T01:51:54.601+0600][18.982s][info][gc,task        ] GC(117) Using 10 workers of 10 for evacuation
[2026-04-03T01:51:54.602+0600][18.983s][info][gc,phases      ] GC(117)   Pre Evacuate Collection Set: 0.15ms
[2026-04-03T01:51:54.602+0600][18.983s][info][gc,phases      ] GC(117)   Merge Heap Roots: 0.11ms
[2026-04-03T01:51:54.602+0600][18.983s][info][gc,phases      ] GC(117)   Evacuate Collection Set: 0.23ms
[2026-04-03T01:51:54.602+0600][18.983s][info][gc,phases      ] GC(117)   Post Evacuate Collection Set: 0.40ms
[2026-04-03T01:51:54.602+0600][18.983s][info][gc,phases      ] GC(117)   Other: 0.10ms
[2026-04-03T01:51:54.602+0600][18.983s][info][gc,heap        ] GC(117) Eden regions: 43->0(43)
[2026-04-03T01:51:54.602+0600][18.983s][info][gc,heap        ] GC(117) Survivor regions: 1->1(6)
[2026-04-03T01:51:54.602+0600][18.983s][info][gc,heap        ] GC(117) Old regions: 8->8
[2026-04-03T01:51:54.602+0600][18.983s][info][gc,heap        ] GC(117) Humongous regions: 0->0
[2026-04-03T01:51:54.602+0600][18.983s][info][gc,metaspace   ] GC(117) Metaspace: 14224K(14464K)->14224K(14464K) NonClass: 12405K(12544K)->12405K(12544K) Class: 1819K(1920K)->1819K(1920K)
[2026-04-03T01:51:54.602+0600][18.983s][info][gc             ] GC(117) Pause Young (Normal) (G1 Evacuation Pause) 90M->4M(148M) 1.332ms
[2026-04-03T01:51:54.602+0600][18.983s][info][gc,cpu         ] GC(117) User=0.00s Sys=0.00s Real=0.00s
[2026-04-03T01:51:54.717+0600][19.098s][info][gc,start       ] GC(118) Pause Young (Normal) (G1 Evacuation Pause)
[2026-04-03T01:51:54.717+0600][19.098s][info][gc,task        ] GC(118) Using 10 workers of 10 for evacuation
[2026-04-03T01:51:54.718+0600][19.099s][info][gc,phases      ] GC(118)   Pre Evacuate Collection Set: 0.15ms
[2026-04-03T01:51:54.718+0600][19.099s][info][gc,phases      ] GC(118)   Merge Heap Roots: 0.10ms
[2026-04-03T01:51:54.718+0600][19.099s][info][gc,phases      ] GC(118)   Evacuate Collection Set: 0.22ms
[2026-04-03T01:51:54.718+0600][19.099s][info][gc,phases      ] GC(118)   Post Evacuate Collection Set: 0.35ms
[2026-04-03T01:51:54.718+0600][19.099s][info][gc,phases      ] GC(118)   Other: 0.08ms
[2026-04-03T01:51:54.718+0600][19.099s][info][gc,heap        ] GC(118) Eden regions: 43->0(43)
[2026-04-03T01:51:54.718+0600][19.099s][info][gc,heap        ] GC(118) Survivor regions: 1->1(6)
[2026-04-03T01:51:54.718+0600][19.099s][info][gc,heap        ] GC(118) Old regions: 8->8
[2026-04-03T01:51:54.718+0600][19.099s][info][gc,heap        ] GC(118) Humongous regions: 0->0
[2026-04-03T01:51:54.718+0600][19.099s][info][gc,metaspace   ] GC(118) Metaspace: 14224K(14464K)->14224K(14464K) NonClass: 12405K(12544K)->12405K(12544K) Class: 1819K(1920K)->1819K(1920K)
[2026-04-03T01:51:54.718+0600][19.099s][info][gc             ] GC(118) Pause Young (Normal) (G1 Evacuation Pause) 90M->4M(148M) 1.199ms
[2026-04-03T01:51:54.718+0600][19.099s][info][gc,cpu         ] GC(118) User=0.01s Sys=0.00s Real=0.00s
[2026-04-03T01:51:54.832+0600][19.213s][info][gc,start       ] GC(119) Pause Young (Normal) (G1 Evacuation Pause)
[2026-04-03T01:51:54.832+0600][19.213s][info][gc,task        ] GC(119) Using 10 workers of 10 for evacuation
[2026-04-03T01:51:54.833+0600][19.214s][info][gc,phases      ] GC(119)   Pre Evacuate Collection Set: 0.16ms
[2026-04-03T01:51:54.833+0600][19.214s][info][gc,phases      ] GC(119)   Merge Heap Roots: 0.10ms
[2026-04-03T01:51:54.833+0600][19.214s][info][gc,phases      ] GC(119)   Evacuate Collection Set: 0.23ms
[2026-04-03T01:51:54.833+0600][19.214s][info][gc,phases      ] GC(119)   Post Evacuate Collection Set: 0.38ms
[2026-04-03T01:51:54.833+0600][19.214s][info][gc,phases      ] GC(119)   Other: 0.10ms
[2026-04-03T01:51:54.833+0600][19.214s][info][gc,heap        ] GC(119) Eden regions: 43->0(43)
[2026-04-03T01:51:54.833+0600][19.214s][info][gc,heap        ] GC(119) Survivor regions: 1->1(6)
[2026-04-03T01:51:54.833+0600][19.214s][info][gc,heap        ] GC(119) Old regions: 8->8
[2026-04-03T01:51:54.833+0600][19.214s][info][gc,heap        ] GC(119) Humongous regions: 0->0
[2026-04-03T01:51:54.833+0600][19.214s][info][gc,metaspace   ] GC(119) Metaspace: 14224K(14464K)->14224K(14464K) NonClass: 12405K(12544K)->12405K(12544K) Class: 1819K(1920K)->1819K(1920K)
[2026-04-03T01:51:54.833+0600][19.214s][info][gc             ] GC(119) Pause Young (Normal) (G1 Evacuation Pause) 90M->4M(148M) 1.317ms
[2026-04-03T01:51:54.833+0600][19.214s][info][gc,cpu         ] GC(119) User=0.01s Sys=0.00s Real=0.00s
[2026-04-03T01:51:54.944+0600][19.325s][info][gc,start       ] GC(120) Pause Young (Normal) (G1 Evacuation Pause)
[2026-04-03T01:51:54.944+0600][19.325s][info][gc,task        ] GC(120) Using 10 workers of 10 for evacuation
[2026-04-03T01:51:54.945+0600][19.326s][info][gc,phases      ] GC(120)   Pre Evacuate Collection Set: 0.15ms
[2026-04-03T01:51:54.945+0600][19.326s][info][gc,phases      ] GC(120)   Merge Heap Roots: 0.11ms
[2026-04-03T01:51:54.945+0600][19.326s][info][gc,phases      ] GC(120)   Evacuate Collection Set: 0.25ms
[2026-04-03T01:51:54.945+0600][19.326s][info][gc,phases      ] GC(120)   Post Evacuate Collection Set: 0.49ms
[2026-04-03T01:51:54.945+0600][19.326s][info][gc,phases      ] GC(120)   Other: 0.11ms
[2026-04-03T01:51:54.945+0600][19.326s][info][gc,heap        ] GC(120) Eden regions: 43->0(43)
[2026-04-03T01:51:54.945+0600][19.326s][info][gc,heap        ] GC(120) Survivor regions: 1->1(6)
[2026-04-03T01:51:54.945+0600][19.326s][info][gc,heap        ] GC(120) Old regions: 8->8
[2026-04-03T01:51:54.945+0600][19.326s][info][gc,heap        ] GC(120) Humongous regions: 0->0
[2026-04-03T01:51:54.945+0600][19.326s][info][gc,metaspace   ] GC(120) Metaspace: 14224K(14464K)->14224K(14464K) NonClass: 12405K(12544K)->12405K(12544K) Class: 1819K(1920K)->1819K(1920K)
[2026-04-03T01:51:54.946+0600][19.326s][info][gc             ] GC(120) Pause Young (Normal) (G1 Evacuation Pause) 90M->4M(148M) 1.437ms
[2026-04-03T01:51:54.946+0600][19.326s][info][gc,cpu         ] GC(120) User=0.00s Sys=0.01s Real=0.00s
[2026-04-03T01:51:55.063+0600][19.444s][info][gc,start       ] GC(121) Pause Young (Normal) (G1 Evacuation Pause)
[2026-04-03T01:51:55.063+0600][19.444s][info][gc,task        ] GC(121) Using 10 workers of 10 for evacuation
[2026-04-03T01:51:55.064+0600][19.445s][info][gc,phases      ] GC(121)   Pre Evacuate Collection Set: 0.15ms
[2026-04-03T01:51:55.064+0600][19.445s][info][gc,phases      ] GC(121)   Merge Heap Roots: 0.10ms
[2026-04-03T01:51:55.064+0600][19.445s][info][gc,phases      ] GC(121)   Evacuate Collection Set: 0.28ms
[2026-04-03T01:51:55.064+0600][19.445s][info][gc,phases      ] GC(121)   Post Evacuate Collection Set: 0.50ms
[2026-04-03T01:51:55.064+0600][19.445s][info][gc,phases      ] GC(121)   Other: 0.09ms
[2026-04-03T01:51:55.064+0600][19.445s][info][gc,heap        ] GC(121) Eden regions: 43->0(43)
[2026-04-03T01:51:55.064+0600][19.445s][info][gc,heap        ] GC(121) Survivor regions: 1->1(6)
[2026-04-03T01:51:55.064+0600][19.445s][info][gc,heap        ] GC(121) Old regions: 8->8
[2026-04-03T01:51:55.064+0600][19.445s][info][gc,heap        ] GC(121) Humongous regions: 0->0
[2026-04-03T01:51:55.064+0600][19.445s][info][gc,metaspace   ] GC(121) Metaspace: 14224K(14464K)->14224K(14464K) NonClass: 12405K(12544K)->12405K(12544K) Class: 1819K(1920K)->1819K(1920K)
[2026-04-03T01:51:55.064+0600][19.445s][info][gc             ] GC(121) Pause Young (Normal) (G1 Evacuation Pause) 90M->4M(148M) 1.465ms
[2026-04-03T01:51:55.064+0600][19.445s][info][gc,cpu         ] GC(121) User=0.01s Sys=0.00s Real=0.00s
[2026-04-03T01:51:55.179+0600][19.559s][info][gc,start       ] GC(122) Pause Young (Normal) (G1 Evacuation Pause)
[2026-04-03T01:51:55.179+0600][19.560s][info][gc,task        ] GC(122) Using 10 workers of 10 for evacuation
[2026-04-03T01:51:55.180+0600][19.560s][info][gc,phases      ] GC(122)   Pre Evacuate Collection Set: 0.14ms
[2026-04-03T01:51:55.180+0600][19.561s][info][gc,phases      ] GC(122)   Merge Heap Roots: 0.09ms
[2026-04-03T01:51:55.180+0600][19.561s][info][gc,phases      ] GC(122)   Evacuate Collection Set: 0.23ms
[2026-04-03T01:51:55.180+0600][19.561s][info][gc,phases      ] GC(122)   Post Evacuate Collection Set: 0.38ms
[2026-04-03T01:51:55.180+0600][19.561s][info][gc,phases      ] GC(122)   Other: 0.12ms
[2026-04-03T01:51:55.180+0600][19.561s][info][gc,heap        ] GC(122) Eden regions: 43->0(43)
[2026-04-03T01:51:55.180+0600][19.561s][info][gc,heap        ] GC(122) Survivor regions: 1->1(6)
[2026-04-03T01:51:55.180+0600][19.561s][info][gc,heap        ] GC(122) Old regions: 8->8
[2026-04-03T01:51:55.180+0600][19.561s][info][gc,heap        ] GC(122) Humongous regions: 0->0
[2026-04-03T01:51:55.180+0600][19.561s][info][gc,metaspace   ] GC(122) Metaspace: 14224K(14464K)->14224K(14464K) NonClass: 12405K(12544K)->12405K(12544K) Class: 1819K(1920K)->1819K(1920K)
[2026-04-03T01:51:55.180+0600][19.561s][info][gc             ] GC(122) Pause Young (Normal) (G1 Evacuation Pause) 90M->4M(148M) 1.263ms
[2026-04-03T01:51:55.180+0600][19.561s][info][gc,cpu         ] GC(122) User=0.00s Sys=0.00s Real=0.01s
[2026-04-03T01:51:55.294+0600][19.675s][info][gc,start       ] GC(123) Pause Young (Normal) (G1 Evacuation Pause)
[2026-04-03T01:51:55.294+0600][19.675s][info][gc,task        ] GC(123) Using 10 workers of 10 for evacuation
[2026-04-03T01:51:55.295+0600][19.676s][info][gc,phases      ] GC(123)   Pre Evacuate Collection Set: 0.12ms
[2026-04-03T01:51:55.295+0600][19.676s][info][gc,phases      ] GC(123)   Merge Heap Roots: 0.08ms
[2026-04-03T01:51:55.295+0600][19.676s][info][gc,phases      ] GC(123)   Evacuate Collection Set: 0.19ms
[2026-04-03T01:51:55.295+0600][19.676s][info][gc,phases      ] GC(123)   Post Evacuate Collection Set: 0.37ms
[2026-04-03T01:51:55.295+0600][19.676s][info][gc,phases      ] GC(123)   Other: 0.08ms
[2026-04-03T01:51:55.295+0600][19.676s][info][gc,heap        ] GC(123) Eden regions: 43->0(43)
[2026-04-03T01:51:55.295+0600][19.676s][info][gc,heap        ] GC(123) Survivor regions: 1->1(6)
[2026-04-03T01:51:55.295+0600][19.676s][info][gc,heap        ] GC(123) Old regions: 8->8
[2026-04-03T01:51:55.295+0600][19.676s][info][gc,heap        ] GC(123) Humongous regions: 0->0
[2026-04-03T01:51:55.295+0600][19.676s][info][gc,metaspace   ] GC(123) Metaspace: 14224K(14464K)->14224K(14464K) NonClass: 12405K(12544K)->12405K(12544K) Class: 1819K(1920K)->1819K(1920K)
[2026-04-03T01:51:55.295+0600][19.676s][info][gc             ] GC(123) Pause Young (Normal) (G1 Evacuation Pause) 90M->4M(148M) 1.098ms
[2026-04-03T01:51:55.295+0600][19.676s][info][gc,cpu         ] GC(123) User=0.00s Sys=0.00s Real=0.00s
[2026-04-03T01:51:55.415+0600][19.796s][info][gc,start       ] GC(124) Pause Young (Normal) (G1 Evacuation Pause)
[2026-04-03T01:51:55.416+0600][19.796s][info][gc,task        ] GC(124) Using 10 workers of 10 for evacuation
[2026-04-03T01:51:55.418+0600][19.798s][info][gc,phases      ] GC(124)   Pre Evacuate Collection Set: 0.15ms
[2026-04-03T01:51:55.418+0600][19.798s][info][gc,phases      ] GC(124)   Merge Heap Roots: 0.10ms
[2026-04-03T01:51:55.418+0600][19.798s][info][gc,phases      ] GC(124)   Evacuate Collection Set: 1.29ms
[2026-04-03T01:51:55.418+0600][19.798s][info][gc,phases      ] GC(124)   Post Evacuate Collection Set: 0.43ms
[2026-04-03T01:51:55.418+0600][19.798s][info][gc,phases      ] GC(124)   Other: 0.08ms
[2026-04-03T01:51:55.418+0600][19.798s][info][gc,heap        ] GC(124) Eden regions: 43->0(43)
[2026-04-03T01:51:55.418+0600][19.798s][info][gc,heap        ] GC(124) Survivor regions: 1->1(6)
[2026-04-03T01:51:55.418+0600][19.798s][info][gc,heap        ] GC(124) Old regions: 8->8
[2026-04-03T01:51:55.418+0600][19.798s][info][gc,heap        ] GC(124) Humongous regions: 0->0
[2026-04-03T01:51:55.418+0600][19.798s][info][gc,metaspace   ] GC(124) Metaspace: 14224K(14464K)->14224K(14464K) NonClass: 12405K(12544K)->12405K(12544K) Class: 1819K(1920K)->1819K(1920K)
[2026-04-03T01:51:55.418+0600][19.799s][info][gc             ] GC(124) Pause Young (Normal) (G1 Evacuation Pause) 90M->4M(148M) 2.354ms
[2026-04-03T01:51:55.418+0600][19.799s][info][gc,cpu         ] GC(124) User=0.00s Sys=0.01s Real=0.00s
[2026-04-03T01:51:55.539+0600][19.920s][info][gc,start       ] GC(125) Pause Young (Normal) (G1 Evacuation Pause)
[2026-04-03T01:51:55.539+0600][19.920s][info][gc,task        ] GC(125) Using 10 workers of 10 for evacuation
[2026-04-03T01:51:55.540+0600][19.921s][info][gc,phases      ] GC(125)   Pre Evacuate Collection Set: 0.12ms
[2026-04-03T01:51:55.540+0600][19.921s][info][gc,phases      ] GC(125)   Merge Heap Roots: 0.08ms
[2026-04-03T01:51:55.540+0600][19.921s][info][gc,phases      ] GC(125)   Evacuate Collection Set: 0.33ms
[2026-04-03T01:51:55.541+0600][19.921s][info][gc,phases      ] GC(125)   Post Evacuate Collection Set: 0.42ms
[2026-04-03T01:51:55.541+0600][19.921s][info][gc,phases      ] GC(125)   Other: 0.08ms
[2026-04-03T01:51:55.541+0600][19.921s][info][gc,heap        ] GC(125) Eden regions: 43->0(43)
[2026-04-03T01:51:55.541+0600][19.921s][info][gc,heap        ] GC(125) Survivor regions: 1->1(6)
[2026-04-03T01:51:55.541+0600][19.921s][info][gc,heap        ] GC(125) Old regions: 8->8
[2026-04-03T01:51:55.541+0600][19.921s][info][gc,heap        ] GC(125) Humongous regions: 0->0
[2026-04-03T01:51:55.541+0600][19.921s][info][gc,metaspace   ] GC(125) Metaspace: 14224K(14464K)->14224K(14464K) NonClass: 12405K(12544K)->12405K(12544K) Class: 1819K(1920K)->1819K(1920K)
[2026-04-03T01:51:55.541+0600][19.921s][info][gc             ] GC(125) Pause Young (Normal) (G1 Evacuation Pause) 90M->4M(148M) 1.278ms
[2026-04-03T01:51:55.541+0600][19.921s][info][gc,cpu         ] GC(125) User=0.01s Sys=0.00s Real=0.01s
[2026-04-03T01:51:55.663+0600][20.044s][info][gc,start       ] GC(126) Pause Young (Normal) (G1 Evacuation Pause)
[2026-04-03T01:51:55.663+0600][20.044s][info][gc,task        ] GC(126) Using 10 workers of 10 for evacuation
[2026-04-03T01:51:55.664+0600][20.045s][info][gc,phases      ] GC(126)   Pre Evacuate Collection Set: 0.15ms
[2026-04-03T01:51:55.664+0600][20.045s][info][gc,phases      ] GC(126)   Merge Heap Roots: 0.09ms
[2026-04-03T01:51:55.664+0600][20.045s][info][gc,phases      ] GC(126)   Evacuate Collection Set: 0.20ms
[2026-04-03T01:51:55.664+0600][20.045s][info][gc,phases      ] GC(126)   Post Evacuate Collection Set: 0.44ms
[2026-04-03T01:51:55.664+0600][20.045s][info][gc,phases      ] GC(126)   Other: 0.09ms
[2026-04-03T01:51:55.664+0600][20.045s][info][gc,heap        ] GC(126) Eden regions: 43->0(43)
[2026-04-03T01:51:55.664+0600][20.045s][info][gc,heap        ] GC(126) Survivor regions: 1->1(6)
[2026-04-03T01:51:55.664+0600][20.045s][info][gc,heap        ] GC(126) Old regions: 8->8
[2026-04-03T01:51:55.664+0600][20.045s][info][gc,heap        ] GC(126) Humongous regions: 0->0
[2026-04-03T01:51:55.664+0600][20.045s][info][gc,metaspace   ] GC(126) Metaspace: 14224K(14464K)->14224K(14464K) NonClass: 12405K(12544K)->12405K(12544K) Class: 1819K(1920K)->1819K(1920K)
[2026-04-03T01:51:55.664+0600][20.045s][info][gc             ] GC(126) Pause Young (Normal) (G1 Evacuation Pause) 90M->4M(148M) 1.239ms
[2026-04-03T01:51:55.664+0600][20.045s][info][gc,cpu         ] GC(126) User=0.00s Sys=0.00s Real=0.00s
[2026-04-03T01:51:55.785+0600][20.166s][info][gc,start       ] GC(127) Pause Young (Normal) (G1 Evacuation Pause)
[2026-04-03T01:51:55.786+0600][20.166s][info][gc,task        ] GC(127) Using 10 workers of 10 for evacuation
[2026-04-03T01:51:55.786+0600][20.167s][info][gc,phases      ] GC(127)   Pre Evacuate Collection Set: 0.14ms
[2026-04-03T01:51:55.787+0600][20.167s][info][gc,phases      ] GC(127)   Merge Heap Roots: 0.11ms
[2026-04-03T01:51:55.787+0600][20.167s][info][gc,phases      ] GC(127)   Evacuate Collection Set: 0.21ms
[2026-04-03T01:51:55.787+0600][20.167s][info][gc,phases      ] GC(127)   Post Evacuate Collection Set: 0.43ms
[2026-04-03T01:51:55.787+0600][20.167s][info][gc,phases      ] GC(127)   Other: 0.09ms
[2026-04-03T01:51:55.787+0600][20.167s][info][gc,heap        ] GC(127) Eden regions: 43->0(43)
[2026-04-03T01:51:55.787+0600][20.167s][info][gc,heap        ] GC(127) Survivor regions: 1->1(6)
[2026-04-03T01:51:55.787+0600][20.167s][info][gc,heap        ] GC(127) Old regions: 8->8
[2026-04-03T01:51:55.787+0600][20.167s][info][gc,heap        ] GC(127) Humongous regions: 0->0
[2026-04-03T01:51:55.787+0600][20.167s][info][gc,metaspace   ] GC(127) Metaspace: 14224K(14464K)->14224K(14464K) NonClass: 12405K(12544K)->12405K(12544K) Class: 1819K(1920K)->1819K(1920K)
[2026-04-03T01:51:55.787+0600][20.167s][info][gc             ] GC(127) Pause Young (Normal) (G1 Evacuation Pause) 90M->4M(148M) 1.281ms
[2026-04-03T01:51:55.787+0600][20.167s][info][gc,cpu         ] GC(127) User=0.00s Sys=0.01s Real=0.00s
[2026-04-03T01:51:55.906+0600][20.287s][info][gc,start       ] GC(128) Pause Young (Normal) (G1 Evacuation Pause)
[2026-04-03T01:51:55.907+0600][20.287s][info][gc,task        ] GC(128) Using 10 workers of 10 for evacuation
[2026-04-03T01:51:55.909+0600][20.289s][info][gc,phases      ] GC(128)   Pre Evacuate Collection Set: 0.14ms
[2026-04-03T01:51:55.909+0600][20.289s][info][gc,phases      ] GC(128)   Merge Heap Roots: 0.10ms
[2026-04-03T01:51:55.909+0600][20.289s][info][gc,phases      ] GC(128)   Evacuate Collection Set: 1.38ms
[2026-04-03T01:51:55.909+0600][20.289s][info][gc,phases      ] GC(128)   Post Evacuate Collection Set: 0.48ms
[2026-04-03T01:51:55.909+0600][20.290s][info][gc,phases      ] GC(128)   Other: 0.09ms
[2026-04-03T01:51:55.909+0600][20.290s][info][gc,heap        ] GC(128) Eden regions: 43->0(43)
[2026-04-03T01:51:55.909+0600][20.290s][info][gc,heap        ] GC(128) Survivor regions: 1->1(6)
[2026-04-03T01:51:55.909+0600][20.290s][info][gc,heap        ] GC(128) Old regions: 8->8
[2026-04-03T01:51:55.909+0600][20.290s][info][gc,heap        ] GC(128) Humongous regions: 0->0
[2026-04-03T01:51:55.909+0600][20.290s][info][gc,metaspace   ] GC(128) Metaspace: 14224K(14464K)->14224K(14464K) NonClass: 12405K(12544K)->12405K(12544K) Class: 1819K(1920K)->1819K(1920K)
[2026-04-03T01:51:55.909+0600][20.290s][info][gc             ] GC(128) Pause Young (Normal) (G1 Evacuation Pause) 90M->4M(148M) 2.458ms
[2026-04-03T01:51:55.909+0600][20.290s][info][gc,cpu         ] GC(128) User=0.00s Sys=0.00s Real=0.00s
[2026-04-03T01:51:56.035+0600][20.416s][info][gc,start       ] GC(129) Pause Young (Normal) (G1 Evacuation Pause)
[2026-04-03T01:51:56.035+0600][20.416s][info][gc,task        ] GC(129) Using 10 workers of 10 for evacuation
[2026-04-03T01:51:56.036+0600][20.417s][info][gc,phases      ] GC(129)   Pre Evacuate Collection Set: 0.17ms
[2026-04-03T01:51:56.036+0600][20.417s][info][gc,phases      ] GC(129)   Merge Heap Roots: 0.11ms
[2026-04-03T01:51:56.036+0600][20.417s][info][gc,phases      ] GC(129)   Evacuate Collection Set: 0.30ms
[2026-04-03T01:51:56.037+0600][20.417s][info][gc,phases      ] GC(129)   Post Evacuate Collection Set: 0.44ms
[2026-04-03T01:51:56.037+0600][20.417s][info][gc,phases      ] GC(129)   Other: 0.11ms
[2026-04-03T01:51:56.037+0600][20.417s][info][gc,heap        ] GC(129) Eden regions: 43->0(43)
[2026-04-03T01:51:56.037+0600][20.417s][info][gc,heap        ] GC(129) Survivor regions: 1->1(6)
[2026-04-03T01:51:56.037+0600][20.417s][info][gc,heap        ] GC(129) Old regions: 8->8
[2026-04-03T01:51:56.037+0600][20.417s][info][gc,heap        ] GC(129) Humongous regions: 0->0
[2026-04-03T01:51:56.037+0600][20.417s][info][gc,metaspace   ] GC(129) Metaspace: 14224K(14464K)->14224K(14464K) NonClass: 12405K(12544K)->12405K(12544K) Class: 1819K(1920K)->1819K(1920K)
[2026-04-03T01:51:56.037+0600][20.417s][info][gc             ] GC(129) Pause Young (Normal) (G1 Evacuation Pause) 90M->4M(148M) 1.464ms
[2026-04-03T01:51:56.037+0600][20.417s][info][gc,cpu         ] GC(129) User=0.00s Sys=0.00s Real=0.00s
[2026-04-03T01:51:56.154+0600][20.535s][info][gc,start       ] GC(130) Pause Young (Normal) (G1 Evacuation Pause)
[2026-04-03T01:51:56.154+0600][20.535s][info][gc,task        ] GC(130) Using 10 workers of 10 for evacuation
[2026-04-03T01:51:56.155+0600][20.536s][info][gc,phases      ] GC(130)   Pre Evacuate Collection Set: 0.13ms
[2026-04-03T01:51:56.155+0600][20.536s][info][gc,phases      ] GC(130)   Merge Heap Roots: 0.08ms
[2026-04-03T01:51:56.155+0600][20.536s][info][gc,phases      ] GC(130)   Evacuate Collection Set: 0.20ms
[2026-04-03T01:51:56.155+0600][20.536s][info][gc,phases      ] GC(130)   Post Evacuate Collection Set: 0.36ms
[2026-04-03T01:51:56.155+0600][20.536s][info][gc,phases      ] GC(130)   Other: 0.11ms
[2026-04-03T01:51:56.155+0600][20.536s][info][gc,heap        ] GC(130) Eden regions: 43->0(43)
[2026-04-03T01:51:56.155+0600][20.536s][info][gc,heap        ] GC(130) Survivor regions: 1->1(6)
[2026-04-03T01:51:56.155+0600][20.536s][info][gc,heap        ] GC(130) Old regions: 8->8
[2026-04-03T01:51:56.155+0600][20.536s][info][gc,heap        ] GC(130) Humongous regions: 0->0
[2026-04-03T01:51:56.155+0600][20.536s][info][gc,metaspace   ] GC(130) Metaspace: 14224K(14464K)->14224K(14464K) NonClass: 12405K(12544K)->12405K(12544K) Class: 1819K(1920K)->1819K(1920K)
[2026-04-03T01:51:56.155+0600][20.536s][info][gc             ] GC(130) Pause Young (Normal) (G1 Evacuation Pause) 90M->4M(148M) 1.133ms
[2026-04-03T01:51:56.155+0600][20.536s][info][gc,cpu         ] GC(130) User=0.00s Sys=0.01s Real=0.00s
[2026-04-03T01:51:56.266+0600][20.647s][info][gc,start       ] GC(131) Pause Young (Normal) (G1 Evacuation Pause)
[2026-04-03T01:51:56.266+0600][20.647s][info][gc,task        ] GC(131) Using 10 workers of 10 for evacuation
[2026-04-03T01:51:56.267+0600][20.648s][info][gc,phases      ] GC(131)   Pre Evacuate Collection Set: 0.17ms
[2026-04-03T01:51:56.267+0600][20.648s][info][gc,phases      ] GC(131)   Merge Heap Roots: 0.14ms
[2026-04-03T01:51:56.267+0600][20.648s][info][gc,phases      ] GC(131)   Evacuate Collection Set: 0.26ms
[2026-04-03T01:51:56.267+0600][20.648s][info][gc,phases      ] GC(131)   Post Evacuate Collection Set: 0.37ms
[2026-04-03T01:51:56.267+0600][20.648s][info][gc,phases      ] GC(131)   Other: 0.10ms
[2026-04-03T01:51:56.267+0600][20.648s][info][gc,heap        ] GC(131) Eden regions: 43->0(43)
[2026-04-03T01:51:56.267+0600][20.648s][info][gc,heap        ] GC(131) Survivor regions: 1->1(6)
[2026-04-03T01:51:56.267+0600][20.648s][info][gc,heap        ] GC(131) Old regions: 8->8
[2026-04-03T01:51:56.267+0600][20.648s][info][gc,heap        ] GC(131) Humongous regions: 0->0
[2026-04-03T01:51:56.267+0600][20.648s][info][gc,metaspace   ] GC(131) Metaspace: 14224K(14464K)->14224K(14464K) NonClass: 12405K(12544K)->12405K(12544K) Class: 1819K(1920K)->1819K(1920K)
[2026-04-03T01:51:56.267+0600][20.648s][info][gc             ] GC(131) Pause Young (Normal) (G1 Evacuation Pause) 90M->4M(148M) 1.388ms
[2026-04-03T01:51:56.267+0600][20.648s][info][gc,cpu         ] GC(131) User=0.00s Sys=0.00s Real=0.00s
[2026-04-03T01:51:56.381+0600][20.761s][info][gc,start       ] GC(132) Pause Young (Normal) (G1 Evacuation Pause)
[2026-04-03T01:51:56.381+0600][20.761s][info][gc,task        ] GC(132) Using 10 workers of 10 for evacuation
[2026-04-03T01:51:56.382+0600][20.762s][info][gc,phases      ] GC(132)   Pre Evacuate Collection Set: 0.14ms
[2026-04-03T01:51:56.382+0600][20.762s][info][gc,phases      ] GC(132)   Merge Heap Roots: 0.09ms
[2026-04-03T01:51:56.382+0600][20.762s][info][gc,phases      ] GC(132)   Evacuate Collection Set: 0.19ms
[2026-04-03T01:51:56.382+0600][20.762s][info][gc,phases      ] GC(132)   Post Evacuate Collection Set: 0.36ms
[2026-04-03T01:51:56.382+0600][20.762s][info][gc,phases      ] GC(132)   Other: 0.10ms
[2026-04-03T01:51:56.382+0600][20.762s][info][gc,heap        ] GC(132) Eden regions: 43->0(43)
[2026-04-03T01:51:56.382+0600][20.762s][info][gc,heap        ] GC(132) Survivor regions: 1->1(6)
[2026-04-03T01:51:56.382+0600][20.762s][info][gc,heap        ] GC(132) Old regions: 8->8
[2026-04-03T01:51:56.382+0600][20.762s][info][gc,heap        ] GC(132) Humongous regions: 0->0
[2026-04-03T01:51:56.382+0600][20.762s][info][gc,metaspace   ] GC(132) Metaspace: 14224K(14464K)->14224K(14464K) NonClass: 12405K(12544K)->12405K(12544K) Class: 1819K(1920K)->1819K(1920K)
[2026-04-03T01:51:56.382+0600][20.762s][info][gc             ] GC(132) Pause Young (Normal) (G1 Evacuation Pause) 90M->4M(148M) 1.195ms
[2026-04-03T01:51:56.382+0600][20.762s][info][gc,cpu         ] GC(132) User=0.00s Sys=0.01s Real=0.00s
[2026-04-03T01:51:56.499+0600][20.879s][info][gc,start       ] GC(133) Pause Young (Normal) (G1 Evacuation Pause)
[2026-04-03T01:51:56.499+0600][20.879s][info][gc,task        ] GC(133) Using 10 workers of 10 for evacuation
[2026-04-03T01:51:56.500+0600][20.880s][info][gc,phases      ] GC(133)   Pre Evacuate Collection Set: 0.14ms
[2026-04-03T01:51:56.500+0600][20.880s][info][gc,phases      ] GC(133)   Merge Heap Roots: 0.09ms
[2026-04-03T01:51:56.500+0600][20.880s][info][gc,phases      ] GC(133)   Evacuate Collection Set: 0.20ms
[2026-04-03T01:51:56.500+0600][20.880s][info][gc,phases      ] GC(133)   Post Evacuate Collection Set: 0.35ms
[2026-04-03T01:51:56.500+0600][20.880s][info][gc,phases      ] GC(133)   Other: 0.08ms
[2026-04-03T01:51:56.500+0600][20.880s][info][gc,heap        ] GC(133) Eden regions: 43->0(43)
[2026-04-03T01:51:56.500+0600][20.880s][info][gc,heap        ] GC(133) Survivor regions: 1->1(6)
[2026-04-03T01:51:56.500+0600][20.880s][info][gc,heap        ] GC(133) Old regions: 8->8
[2026-04-03T01:51:56.500+0600][20.880s][info][gc,heap        ] GC(133) Humongous regions: 0->0
[2026-04-03T01:51:56.500+0600][20.880s][info][gc,metaspace   ] GC(133) Metaspace: 14224K(14464K)->14224K(14464K) NonClass: 12405K(12544K)->12405K(12544K) Class: 1819K(1920K)->1819K(1920K)
[2026-04-03T01:51:56.500+0600][20.881s][info][gc             ] GC(133) Pause Young (Normal) (G1 Evacuation Pause) 90M->4M(148M) 1.164ms
[2026-04-03T01:51:56.500+0600][20.881s][info][gc,cpu         ] GC(133) User=0.01s Sys=0.00s Real=0.01s
[2026-04-03T01:51:56.613+0600][20.994s][info][gc,start       ] GC(134) Pause Young (Normal) (G1 Evacuation Pause)
[2026-04-03T01:51:56.613+0600][20.994s][info][gc,task        ] GC(134) Using 10 workers of 10 for evacuation
[2026-04-03T01:51:56.614+0600][20.995s][info][gc,phases      ] GC(134)   Pre Evacuate Collection Set: 0.14ms
[2026-04-03T01:51:56.615+0600][20.995s][info][gc,phases      ] GC(134)   Merge Heap Roots: 0.09ms
[2026-04-03T01:51:56.615+0600][20.995s][info][gc,phases      ] GC(134)   Evacuate Collection Set: 0.40ms
[2026-04-03T01:51:56.615+0600][20.995s][info][gc,phases      ] GC(134)   Post Evacuate Collection Set: 0.51ms
[2026-04-03T01:51:56.615+0600][20.995s][info][gc,phases      ] GC(134)   Other: 0.09ms
[2026-04-03T01:51:56.615+0600][20.995s][info][gc,heap        ] GC(134) Eden regions: 43->0(43)
[2026-04-03T01:51:56.615+0600][20.995s][info][gc,heap        ] GC(134) Survivor regions: 1->1(6)
[2026-04-03T01:51:56.615+0600][20.995s][info][gc,heap        ] GC(134) Old regions: 8->8
[2026-04-03T01:51:56.615+0600][20.995s][info][gc,heap        ] GC(134) Humongous regions: 0->0
[2026-04-03T01:51:56.615+0600][20.995s][info][gc,metaspace   ] GC(134) Metaspace: 14224K(14464K)->14224K(14464K) NonClass: 12405K(12544K)->12405K(12544K) Class: 1819K(1920K)->1819K(1920K)
[2026-04-03T01:51:56.615+0600][20.995s][info][gc             ] GC(134) Pause Young (Normal) (G1 Evacuation Pause) 90M->4M(148M) 1.507ms
[2026-04-03T01:51:56.615+0600][20.995s][info][gc,cpu         ] GC(134) User=0.00s Sys=0.01s Real=0.00s
[2026-04-03T01:51:56.732+0600][21.113s][info][gc,start       ] GC(135) Pause Young (Normal) (G1 Evacuation Pause)
[2026-04-03T01:51:56.732+0600][21.113s][info][gc,task        ] GC(135) Using 10 workers of 10 for evacuation
[2026-04-03T01:51:56.733+0600][21.114s][info][gc,phases      ] GC(135)   Pre Evacuate Collection Set: 0.14ms
[2026-04-03T01:51:56.733+0600][21.114s][info][gc,phases      ] GC(135)   Merge Heap Roots: 0.11ms
[2026-04-03T01:51:56.733+0600][21.114s][info][gc,phases      ] GC(135)   Evacuate Collection Set: 0.22ms
[2026-04-03T01:51:56.733+0600][21.114s][info][gc,phases      ] GC(135)   Post Evacuate Collection Set: 0.39ms
[2026-04-03T01:51:56.733+0600][21.114s][info][gc,phases      ] GC(135)   Other: 0.08ms
[2026-04-03T01:51:56.734+0600][21.114s][info][gc,heap        ] GC(135) Eden regions: 43->0(43)
[2026-04-03T01:51:56.734+0600][21.114s][info][gc,heap        ] GC(135) Survivor regions: 1->1(6)
[2026-04-03T01:51:56.734+0600][21.114s][info][gc,heap        ] GC(135) Old regions: 8->8
[2026-04-03T01:51:56.734+0600][21.114s][info][gc,heap        ] GC(135) Humongous regions: 0->0
[2026-04-03T01:51:56.734+0600][21.114s][info][gc,metaspace   ] GC(135) Metaspace: 14224K(14464K)->14224K(14464K) NonClass: 12405K(12544K)->12405K(12544K) Class: 1819K(1920K)->1819K(1920K)
[2026-04-03T01:51:56.734+0600][21.114s][info][gc             ] GC(135) Pause Young (Normal) (G1 Evacuation Pause) 90M->4M(148M) 1.224ms
[2026-04-03T01:51:56.734+0600][21.114s][info][gc,cpu         ] GC(135) User=0.01s Sys=0.00s Real=0.00s
[2026-04-03T01:51:56.847+0600][21.228s][info][gc,start       ] GC(136) Pause Young (Normal) (G1 Evacuation Pause)
[2026-04-03T01:51:56.847+0600][21.228s][info][gc,task        ] GC(136) Using 10 workers of 10 for evacuation
[2026-04-03T01:51:56.848+0600][21.229s][info][gc,phases      ] GC(136)   Pre Evacuate Collection Set: 0.14ms
[2026-04-03T01:51:56.848+0600][21.229s][info][gc,phases      ] GC(136)   Merge Heap Roots: 0.10ms
[2026-04-03T01:51:56.848+0600][21.229s][info][gc,phases      ] GC(136)   Evacuate Collection Set: 0.24ms
[2026-04-03T01:51:56.848+0600][21.229s][info][gc,phases      ] GC(136)   Post Evacuate Collection Set: 0.42ms
[2026-04-03T01:51:56.848+0600][21.229s][info][gc,phases      ] GC(136)   Other: 0.10ms
[2026-04-03T01:51:56.848+0600][21.229s][info][gc,heap        ] GC(136) Eden regions: 43->0(43)
[2026-04-03T01:51:56.848+0600][21.229s][info][gc,heap        ] GC(136) Survivor regions: 1->1(6)
[2026-04-03T01:51:56.848+0600][21.229s][info][gc,heap        ] GC(136) Old regions: 8->8
[2026-04-03T01:51:56.848+0600][21.229s][info][gc,heap        ] GC(136) Humongous regions: 0->0
[2026-04-03T01:51:56.848+0600][21.229s][info][gc,metaspace   ] GC(136) Metaspace: 14224K(14464K)->14224K(14464K) NonClass: 12405K(12544K)->12405K(12544K) Class: 1819K(1920K)->1819K(1920K)
[2026-04-03T01:51:56.848+0600][21.229s][info][gc             ] GC(136) Pause Young (Normal) (G1 Evacuation Pause) 90M->4M(148M) 1.351ms
[2026-04-03T01:51:56.848+0600][21.229s][info][gc,cpu         ] GC(136) User=0.00s Sys=0.00s Real=0.00s
[2026-04-03T01:51:56.972+0600][21.353s][info][gc,start       ] GC(137) Pause Young (Normal) (G1 Evacuation Pause)
[2026-04-03T01:51:56.972+0600][21.353s][info][gc,task        ] GC(137) Using 10 workers of 10 for evacuation
[2026-04-03T01:51:56.974+0600][21.354s][info][gc,phases      ] GC(137)   Pre Evacuate Collection Set: 0.16ms
[2026-04-03T01:51:56.974+0600][21.354s][info][gc,phases      ] GC(137)   Merge Heap Roots: 0.11ms
[2026-04-03T01:51:56.974+0600][21.354s][info][gc,phases      ] GC(137)   Evacuate Collection Set: 0.22ms
[2026-04-03T01:51:56.974+0600][21.354s][info][gc,phases      ] GC(137)   Post Evacuate Collection Set: 0.56ms
[2026-04-03T01:51:56.974+0600][21.354s][info][gc,phases      ] GC(137)   Other: 0.16ms
[2026-04-03T01:51:56.974+0600][21.354s][info][gc,heap        ] GC(137) Eden regions: 43->0(43)
[2026-04-03T01:51:56.974+0600][21.354s][info][gc,heap        ] GC(137) Survivor regions: 1->1(6)
[2026-04-03T01:51:56.974+0600][21.354s][info][gc,heap        ] GC(137) Old regions: 8->8
[2026-04-03T01:51:56.974+0600][21.354s][info][gc,heap        ] GC(137) Humongous regions: 0->0
[2026-04-03T01:51:56.974+0600][21.354s][info][gc,metaspace   ] GC(137) Metaspace: 14224K(14464K)->14224K(14464K) NonClass: 12405K(12544K)->12405K(12544K) Class: 1819K(1920K)->1819K(1920K)
[2026-04-03T01:51:56.974+0600][21.355s][info][gc             ] GC(137) Pause Young (Normal) (G1 Evacuation Pause) 90M->4M(148M) 1.607ms
[2026-04-03T01:51:56.974+0600][21.355s][info][gc,cpu         ] GC(137) User=0.01s Sys=0.01s Real=0.00s
[2026-04-03T01:51:57.085+0600][21.465s][info][gc,start       ] GC(138) Pause Young (Normal) (G1 Evacuation Pause)
[2026-04-03T01:51:57.085+0600][21.466s][info][gc,task        ] GC(138) Using 10 workers of 10 for evacuation
[2026-04-03T01:51:57.086+0600][21.466s][info][gc,phases      ] GC(138)   Pre Evacuate Collection Set: 0.13ms
[2026-04-03T01:51:57.086+0600][21.467s][info][gc,phases      ] GC(138)   Merge Heap Roots: 0.08ms
[2026-04-03T01:51:57.086+0600][21.467s][info][gc,phases      ] GC(138)   Evacuate Collection Set: 0.21ms
[2026-04-03T01:51:57.086+0600][21.467s][info][gc,phases      ] GC(138)   Post Evacuate Collection Set: 0.38ms
[2026-04-03T01:51:57.086+0600][21.467s][info][gc,phases      ] GC(138)   Other: 0.11ms
[2026-04-03T01:51:57.086+0600][21.467s][info][gc,heap        ] GC(138) Eden regions: 43->0(43)
[2026-04-03T01:51:57.086+0600][21.467s][info][gc,heap        ] GC(138) Survivor regions: 1->1(6)
[2026-04-03T01:51:57.086+0600][21.467s][info][gc,heap        ] GC(138) Old regions: 8->8
[2026-04-03T01:51:57.086+0600][21.467s][info][gc,heap        ] GC(138) Humongous regions: 0->0
[2026-04-03T01:51:57.086+0600][21.467s][info][gc,metaspace   ] GC(138) Metaspace: 14224K(14464K)->14224K(14464K) NonClass: 12405K(12544K)->12405K(12544K) Class: 1819K(1920K)->1819K(1920K)
[2026-04-03T01:51:57.086+0600][21.467s][info][gc             ] GC(138) Pause Young (Normal) (G1 Evacuation Pause) 90M->4M(148M) 1.202ms
[2026-04-03T01:51:57.086+0600][21.467s][info][gc,cpu         ] GC(138) User=0.00s Sys=0.00s Real=0.00s
[2026-04-03T01:51:57.203+0600][21.584s][info][gc,start       ] GC(139) Pause Young (Normal) (G1 Evacuation Pause)
[2026-04-03T01:51:57.203+0600][21.584s][info][gc,task        ] GC(139) Using 10 workers of 10 for evacuation
[2026-04-03T01:51:57.204+0600][21.585s][info][gc,phases      ] GC(139)   Pre Evacuate Collection Set: 0.14ms
[2026-04-03T01:51:57.204+0600][21.585s][info][gc,phases      ] GC(139)   Merge Heap Roots: 0.09ms
[2026-04-03T01:51:57.204+0600][21.585s][info][gc,phases      ] GC(139)   Evacuate Collection Set: 0.21ms
[2026-04-03T01:51:57.204+0600][21.585s][info][gc,phases      ] GC(139)   Post Evacuate Collection Set: 0.45ms
[2026-04-03T01:51:57.204+0600][21.585s][info][gc,phases      ] GC(139)   Other: 0.10ms
[2026-04-03T01:51:57.204+0600][21.585s][info][gc,heap        ] GC(139) Eden regions: 43->0(43)
[2026-04-03T01:51:57.204+0600][21.585s][info][gc,heap        ] GC(139) Survivor regions: 1->1(6)
[2026-04-03T01:51:57.204+0600][21.585s][info][gc,heap        ] GC(139) Old regions: 8->8
[2026-04-03T01:51:57.204+0600][21.585s][info][gc,heap        ] GC(139) Humongous regions: 0->0
[2026-04-03T01:51:57.204+0600][21.585s][info][gc,metaspace   ] GC(139) Metaspace: 14224K(14464K)->14224K(14464K) NonClass: 12405K(12544K)->12405K(12544K) Class: 1819K(1920K)->1819K(1920K)
[2026-04-03T01:51:57.204+0600][21.585s][info][gc             ] GC(139) Pause Young (Normal) (G1 Evacuation Pause) 90M->4M(148M) 1.292ms
[2026-04-03T01:51:57.204+0600][21.585s][info][gc,cpu         ] GC(139) User=0.01s Sys=0.00s Real=0.00s
[2026-04-03T01:51:57.323+0600][21.704s][info][gc,start       ] GC(140) Pause Young (Normal) (G1 Evacuation Pause)
[2026-04-03T01:51:57.323+0600][21.704s][info][gc,task        ] GC(140) Using 10 workers of 10 for evacuation
[2026-04-03T01:51:57.324+0600][21.705s][info][gc,phases      ] GC(140)   Pre Evacuate Collection Set: 0.29ms
[2026-04-03T01:51:57.324+0600][21.705s][info][gc,phases      ] GC(140)   Merge Heap Roots: 0.10ms
[2026-04-03T01:51:57.324+0600][21.705s][info][gc,phases      ] GC(140)   Evacuate Collection Set: 0.21ms
[2026-04-03T01:51:57.324+0600][21.705s][info][gc,phases      ] GC(140)   Post Evacuate Collection Set: 0.57ms
[2026-04-03T01:51:57.324+0600][21.705s][info][gc,phases      ] GC(140)   Other: 0.09ms
[2026-04-03T01:51:57.324+0600][21.705s][info][gc,heap        ] GC(140) Eden regions: 43->0(43)
[2026-04-03T01:51:57.324+0600][21.705s][info][gc,heap        ] GC(140) Survivor regions: 1->1(6)
[2026-04-03T01:51:57.324+0600][21.705s][info][gc,heap        ] GC(140) Old regions: 8->8
[2026-04-03T01:51:57.324+0600][21.705s][info][gc,heap        ] GC(140) Humongous regions: 0->0
[2026-04-03T01:51:57.324+0600][21.705s][info][gc,metaspace   ] GC(140) Metaspace: 14224K(14464K)->14224K(14464K) NonClass: 12405K(12544K)->12405K(12544K) Class: 1819K(1920K)->1819K(1920K)
[2026-04-03T01:51:57.324+0600][21.705s][info][gc             ] GC(140) Pause Young (Normal) (G1 Evacuation Pause) 90M->4M(148M) 1.602ms
[2026-04-03T01:51:57.324+0600][21.705s][info][gc,cpu         ] GC(140) User=0.01s Sys=0.00s Real=0.00s
[2026-04-03T01:51:57.445+0600][21.826s][info][gc,start       ] GC(141) Pause Young (Normal) (G1 Evacuation Pause)
[2026-04-03T01:51:57.445+0600][21.826s][info][gc,task        ] GC(141) Using 10 workers of 10 for evacuation
[2026-04-03T01:51:57.446+0600][21.827s][info][gc,phases      ] GC(141)   Pre Evacuate Collection Set: 0.15ms
[2026-04-03T01:51:57.446+0600][21.827s][info][gc,phases      ] GC(141)   Merge Heap Roots: 0.09ms
[2026-04-03T01:51:57.446+0600][21.827s][info][gc,phases      ] GC(141)   Evacuate Collection Set: 0.20ms
[2026-04-03T01:51:57.446+0600][21.827s][info][gc,phases      ] GC(141)   Post Evacuate Collection Set: 0.56ms
[2026-04-03T01:51:57.446+0600][21.827s][info][gc,phases      ] GC(141)   Other: 0.09ms
[2026-04-03T01:51:57.446+0600][21.827s][info][gc,heap        ] GC(141) Eden regions: 43->0(43)
[2026-04-03T01:51:57.446+0600][21.827s][info][gc,heap        ] GC(141) Survivor regions: 1->1(6)
[2026-04-03T01:51:57.446+0600][21.827s][info][gc,heap        ] GC(141) Old regions: 8->8
[2026-04-03T01:51:57.446+0600][21.827s][info][gc,heap        ] GC(141) Humongous regions: 0->0
[2026-04-03T01:51:57.446+0600][21.827s][info][gc,metaspace   ] GC(141) Metaspace: 14224K(14464K)->14224K(14464K) NonClass: 12405K(12544K)->12405K(12544K) Class: 1819K(1920K)->1819K(1920K)
[2026-04-03T01:51:57.446+0600][21.827s][info][gc             ] GC(141) Pause Young (Normal) (G1 Evacuation Pause) 90M->4M(148M) 1.408ms
[2026-04-03T01:51:57.446+0600][21.827s][info][gc,cpu         ] GC(141) User=0.00s Sys=0.00s Real=0.00s
[2026-04-03T01:51:57.570+0600][21.951s][info][gc,start       ] GC(142) Pause Young (Normal) (G1 Evacuation Pause)
[2026-04-03T01:51:57.570+0600][21.951s][info][gc,task        ] GC(142) Using 10 workers of 10 for evacuation
[2026-04-03T01:51:57.571+0600][21.952s][info][gc,phases      ] GC(142)   Pre Evacuate Collection Set: 0.14ms
[2026-04-03T01:51:57.571+0600][21.952s][info][gc,phases      ] GC(142)   Merge Heap Roots: 0.09ms
[2026-04-03T01:51:57.571+0600][21.952s][info][gc,phases      ] GC(142)   Evacuate Collection Set: 0.21ms
[2026-04-03T01:51:57.571+0600][21.952s][info][gc,phases      ] GC(142)   Post Evacuate Collection Set: 0.35ms
[2026-04-03T01:51:57.571+0600][21.952s][info][gc,phases      ] GC(142)   Other: 0.09ms
[2026-04-03T01:51:57.571+0600][21.952s][info][gc,heap        ] GC(142) Eden regions: 43->0(43)
[2026-04-03T01:51:57.571+0600][21.952s][info][gc,heap        ] GC(142) Survivor regions: 1->1(6)
[2026-04-03T01:51:57.571+0600][21.952s][info][gc,heap        ] GC(142) Old regions: 8->8
[2026-04-03T01:51:57.571+0600][21.952s][info][gc,heap        ] GC(142) Humongous regions: 0->0
[2026-04-03T01:51:57.571+0600][21.952s][info][gc,metaspace   ] GC(142) Metaspace: 14224K(14464K)->14224K(14464K) NonClass: 12405K(12544K)->12405K(12544K) Class: 1819K(1920K)->1819K(1920K)
[2026-04-03T01:51:57.572+0600][21.952s][info][gc             ] GC(142) Pause Young (Normal) (G1 Evacuation Pause) 90M->4M(148M) 1.188ms
[2026-04-03T01:51:57.572+0600][21.952s][info][gc,cpu         ] GC(142) User=0.00s Sys=0.00s Real=0.00s
[2026-04-03T01:51:57.697+0600][22.078s][info][gc,start       ] GC(143) Pause Young (Normal) (G1 Evacuation Pause)
[2026-04-03T01:51:57.698+0600][22.078s][info][gc,task        ] GC(143) Using 10 workers of 10 for evacuation
[2026-04-03T01:51:57.699+0600][22.080s][info][gc,phases      ] GC(143)   Pre Evacuate Collection Set: 0.16ms
[2026-04-03T01:51:57.699+0600][22.080s][info][gc,phases      ] GC(143)   Merge Heap Roots: 0.10ms
[2026-04-03T01:51:57.699+0600][22.080s][info][gc,phases      ] GC(143)   Evacuate Collection Set: 0.44ms
[2026-04-03T01:51:57.699+0600][22.080s][info][gc,phases      ] GC(143)   Post Evacuate Collection Set: 0.39ms
[2026-04-03T01:51:57.699+0600][22.080s][info][gc,phases      ] GC(143)   Other: 0.19ms
[2026-04-03T01:51:57.699+0600][22.080s][info][gc,heap        ] GC(143) Eden regions: 43->0(43)
[2026-04-03T01:51:57.699+0600][22.080s][info][gc,heap        ] GC(143) Survivor regions: 1->1(6)
[2026-04-03T01:51:57.699+0600][22.080s][info][gc,heap        ] GC(143) Old regions: 8->8
[2026-04-03T01:51:57.699+0600][22.080s][info][gc,heap        ] GC(143) Humongous regions: 0->0
[2026-04-03T01:51:57.699+0600][22.080s][info][gc,metaspace   ] GC(143) Metaspace: 14224K(14464K)->14224K(14464K) NonClass: 12405K(12544K)->12405K(12544K) Class: 1819K(1920K)->1819K(1920K)
[2026-04-03T01:51:57.699+0600][22.080s][info][gc             ] GC(143) Pause Young (Normal) (G1 Evacuation Pause) 90M->4M(148M) 1.629ms
[2026-04-03T01:51:57.699+0600][22.080s][info][gc,cpu         ] GC(143) User=0.00s Sys=0.01s Real=0.00s
[2026-04-03T01:51:57.821+0600][22.202s][info][gc,start       ] GC(144) Pause Young (Normal) (G1 Evacuation Pause)
[2026-04-03T01:51:57.821+0600][22.202s][info][gc,task        ] GC(144) Using 10 workers of 10 for evacuation
[2026-04-03T01:51:57.822+0600][22.203s][info][gc,phases      ] GC(144)   Pre Evacuate Collection Set: 0.13ms
[2026-04-03T01:51:57.822+0600][22.203s][info][gc,phases      ] GC(144)   Merge Heap Roots: 0.10ms
[2026-04-03T01:51:57.822+0600][22.203s][info][gc,phases      ] GC(144)   Evacuate Collection Set: 0.22ms
[2026-04-03T01:51:57.822+0600][22.203s][info][gc,phases      ] GC(144)   Post Evacuate Collection Set: 0.36ms
[2026-04-03T01:51:57.822+0600][22.203s][info][gc,phases      ] GC(144)   Other: 0.08ms
[2026-04-03T01:51:57.822+0600][22.203s][info][gc,heap        ] GC(144) Eden regions: 43->0(43)
[2026-04-03T01:51:57.822+0600][22.203s][info][gc,heap        ] GC(144) Survivor regions: 1->1(6)
[2026-04-03T01:51:57.822+0600][22.203s][info][gc,heap        ] GC(144) Old regions: 8->8
[2026-04-03T01:51:57.822+0600][22.203s][info][gc,heap        ] GC(144) Humongous regions: 0->0
[2026-04-03T01:51:57.822+0600][22.203s][info][gc,metaspace   ] GC(144) Metaspace: 14224K(14464K)->14224K(14464K) NonClass: 12405K(12544K)->12405K(12544K) Class: 1819K(1920K)->1819K(1920K)
[2026-04-03T01:51:57.822+0600][22.203s][info][gc             ] GC(144) Pause Young (Normal) (G1 Evacuation Pause) 90M->4M(148M) 1.144ms
[2026-04-03T01:51:57.822+0600][22.203s][info][gc,cpu         ] GC(144) User=0.00s Sys=0.00s Real=0.00s
[2026-04-03T01:51:57.927+0600][22.308s][info][gc,start       ] GC(145) Pause Young (Normal) (G1 Evacuation Pause)
[2026-04-03T01:51:57.927+0600][22.308s][info][gc,task        ] GC(145) Using 10 workers of 10 for evacuation
[2026-04-03T01:51:57.928+0600][22.309s][info][gc,phases      ] GC(145)   Pre Evacuate Collection Set: 0.16ms
[2026-04-03T01:51:57.928+0600][22.309s][info][gc,phases      ] GC(145)   Merge Heap Roots: 0.10ms
[2026-04-03T01:51:57.928+0600][22.309s][info][gc,phases      ] GC(145)   Evacuate Collection Set: 0.21ms
[2026-04-03T01:51:57.928+0600][22.309s][info][gc,phases      ] GC(145)   Post Evacuate Collection Set: 0.35ms
[2026-04-03T01:51:57.928+0600][22.309s][info][gc,phases      ] GC(145)   Other: 0.09ms
[2026-04-03T01:51:57.928+0600][22.309s][info][gc,heap        ] GC(145) Eden regions: 43->0(43)
[2026-04-03T01:51:57.928+0600][22.309s][info][gc,heap        ] GC(145) Survivor regions: 1->1(6)
[2026-04-03T01:51:57.928+0600][22.309s][info][gc,heap        ] GC(145) Old regions: 8->8
[2026-04-03T01:51:57.928+0600][22.309s][info][gc,heap        ] GC(145) Humongous regions: 0->0
[2026-04-03T01:51:57.928+0600][22.309s][info][gc,metaspace   ] GC(145) Metaspace: 14224K(14464K)->14224K(14464K) NonClass: 12405K(12544K)->12405K(12544K) Class: 1819K(1920K)->1819K(1920K)
[2026-04-03T01:51:57.928+0600][22.309s][info][gc             ] GC(145) Pause Young (Normal) (G1 Evacuation Pause) 90M->4M(148M) 1.199ms
[2026-04-03T01:51:57.928+0600][22.309s][info][gc,cpu         ] GC(145) User=0.01s Sys=0.00s Real=0.00s
[2026-04-03T01:51:58.035+0600][22.415s][info][gc,start       ] GC(146) Pause Young (Normal) (G1 Evacuation Pause)
[2026-04-03T01:51:58.035+0600][22.416s][info][gc,task        ] GC(146) Using 10 workers of 10 for evacuation
[2026-04-03T01:51:58.036+0600][22.417s][info][gc,phases      ] GC(146)   Pre Evacuate Collection Set: 0.15ms
[2026-04-03T01:51:58.036+0600][22.417s][info][gc,phases      ] GC(146)   Merge Heap Roots: 0.13ms
[2026-04-03T01:51:58.036+0600][22.417s][info][gc,phases      ] GC(146)   Evacuate Collection Set: 0.24ms
[2026-04-03T01:51:58.036+0600][22.417s][info][gc,phases      ] GC(146)   Post Evacuate Collection Set: 0.51ms
[2026-04-03T01:51:58.036+0600][22.417s][info][gc,phases      ] GC(146)   Other: 0.12ms
[2026-04-03T01:51:58.036+0600][22.417s][info][gc,heap        ] GC(146) Eden regions: 43->0(43)
[2026-04-03T01:51:58.036+0600][22.417s][info][gc,heap        ] GC(146) Survivor regions: 1->1(6)
[2026-04-03T01:51:58.036+0600][22.417s][info][gc,heap        ] GC(146) Old regions: 8->8
[2026-04-03T01:51:58.036+0600][22.417s][info][gc,heap        ] GC(146) Humongous regions: 0->0
[2026-04-03T01:51:58.036+0600][22.417s][info][gc,metaspace   ] GC(146) Metaspace: 14224K(14464K)->14224K(14464K) NonClass: 12405K(12544K)->12405K(12544K) Class: 1819K(1920K)->1819K(1920K)
[2026-04-03T01:51:58.036+0600][22.417s][info][gc             ] GC(146) Pause Young (Normal) (G1 Evacuation Pause) 90M->4M(148M) 1.479ms
[2026-04-03T01:51:58.036+0600][22.417s][info][gc,cpu         ] GC(146) User=0.00s Sys=0.00s Real=0.00s
[2026-04-03T01:51:58.159+0600][22.540s][info][gc,start       ] GC(147) Pause Young (Normal) (G1 Evacuation Pause)
[2026-04-03T01:51:58.159+0600][22.540s][info][gc,task        ] GC(147) Using 10 workers of 10 for evacuation
[2026-04-03T01:51:58.160+0600][22.541s][info][gc,phases      ] GC(147)   Pre Evacuate Collection Set: 0.16ms
[2026-04-03T01:51:58.160+0600][22.541s][info][gc,phases      ] GC(147)   Merge Heap Roots: 0.09ms
[2026-04-03T01:51:58.160+0600][22.541s][info][gc,phases      ] GC(147)   Evacuate Collection Set: 0.22ms
[2026-04-03T01:51:58.160+0600][22.541s][info][gc,phases      ] GC(147)   Post Evacuate Collection Set: 0.42ms
[2026-04-03T01:51:58.160+0600][22.541s][info][gc,phases      ] GC(147)   Other: 0.10ms
[2026-04-03T01:51:58.160+0600][22.541s][info][gc,heap        ] GC(147) Eden regions: 43->0(43)
[2026-04-03T01:51:58.160+0600][22.541s][info][gc,heap        ] GC(147) Survivor regions: 1->1(6)
[2026-04-03T01:51:58.160+0600][22.541s][info][gc,heap        ] GC(147) Old regions: 8->8
[2026-04-03T01:51:58.160+0600][22.541s][info][gc,heap        ] GC(147) Humongous regions: 0->0
[2026-04-03T01:51:58.160+0600][22.541s][info][gc,metaspace   ] GC(147) Metaspace: 14224K(14464K)->14224K(14464K) NonClass: 12405K(12544K)->12405K(12544K) Class: 1819K(1920K)->1819K(1920K)
[2026-04-03T01:51:58.161+0600][22.541s][info][gc             ] GC(147) Pause Young (Normal) (G1 Evacuation Pause) 90M->4M(148M) 1.332ms
[2026-04-03T01:51:58.161+0600][22.541s][info][gc,cpu         ] GC(147) User=0.00s Sys=0.00s Real=0.01s
[2026-04-03T01:51:58.271+0600][22.652s][info][gc,start       ] GC(148) Pause Young (Normal) (G1 Evacuation Pause)
[2026-04-03T01:51:58.271+0600][22.652s][info][gc,task        ] GC(148) Using 10 workers of 10 for evacuation
[2026-04-03T01:51:58.272+0600][22.653s][info][gc,phases      ] GC(148)   Pre Evacuate Collection Set: 0.14ms
[2026-04-03T01:51:58.272+0600][22.653s][info][gc,phases      ] GC(148)   Merge Heap Roots: 0.08ms
[2026-04-03T01:51:58.272+0600][22.653s][info][gc,phases      ] GC(148)   Evacuate Collection Set: 0.22ms
[2026-04-03T01:51:58.272+0600][22.653s][info][gc,phases      ] GC(148)   Post Evacuate Collection Set: 0.39ms
[2026-04-03T01:51:58.272+0600][22.653s][info][gc,phases      ] GC(148)   Other: 0.09ms
[2026-04-03T01:51:58.272+0600][22.653s][info][gc,heap        ] GC(148) Eden regions: 43->0(43)
[2026-04-03T01:51:58.272+0600][22.653s][info][gc,heap        ] GC(148) Survivor regions: 1->1(6)
[2026-04-03T01:51:58.272+0600][22.653s][info][gc,heap        ] GC(148) Old regions: 8->8
[2026-04-03T01:51:58.272+0600][22.653s][info][gc,heap        ] GC(148) Humongous regions: 0->0
[2026-04-03T01:51:58.272+0600][22.653s][info][gc,metaspace   ] GC(148) Metaspace: 14224K(14464K)->14224K(14464K) NonClass: 12405K(12544K)->12405K(12544K) Class: 1819K(1920K)->1819K(1920K)
[2026-04-03T01:51:58.272+0600][22.653s][info][gc             ] GC(148) Pause Young (Normal) (G1 Evacuation Pause) 90M->4M(148M) 1.240ms
[2026-04-03T01:51:58.272+0600][22.653s][info][gc,cpu         ] GC(148) User=0.00s Sys=0.00s Real=0.00s
[2026-04-03T01:51:58.391+0600][22.772s][info][gc,start       ] GC(149) Pause Young (Normal) (G1 Evacuation Pause)
[2026-04-03T01:51:58.392+0600][22.772s][info][gc,task        ] GC(149) Using 10 workers of 10 for evacuation
[2026-04-03T01:51:58.392+0600][22.773s][info][gc,phases      ] GC(149)   Pre Evacuate Collection Set: 0.16ms
[2026-04-03T01:51:58.393+0600][22.773s][info][gc,phases      ] GC(149)   Merge Heap Roots: 0.08ms
[2026-04-03T01:51:58.393+0600][22.773s][info][gc,phases      ] GC(149)   Evacuate Collection Set: 0.23ms
[2026-04-03T01:51:58.393+0600][22.773s][info][gc,phases      ] GC(149)   Post Evacuate Collection Set: 0.37ms
[2026-04-03T01:51:58.393+0600][22.773s][info][gc,phases      ] GC(149)   Other: 0.12ms
[2026-04-03T01:51:58.393+0600][22.773s][info][gc,heap        ] GC(149) Eden regions: 43->0(43)
[2026-04-03T01:51:58.393+0600][22.773s][info][gc,heap        ] GC(149) Survivor regions: 1->1(6)
[2026-04-03T01:51:58.393+0600][22.773s][info][gc,heap        ] GC(149) Old regions: 8->8
[2026-04-03T01:51:58.393+0600][22.773s][info][gc,heap        ] GC(149) Humongous regions: 0->0
[2026-04-03T01:51:58.393+0600][22.773s][info][gc,metaspace   ] GC(149) Metaspace: 14224K(14464K)->14224K(14464K) NonClass: 12405K(12544K)->12405K(12544K) Class: 1819K(1920K)->1819K(1920K)
[2026-04-03T01:51:58.393+0600][22.773s][info][gc             ] GC(149) Pause Young (Normal) (G1 Evacuation Pause) 90M->4M(148M) 1.280ms
[2026-04-03T01:51:58.393+0600][22.773s][info][gc,cpu         ] GC(149) User=0.00s Sys=0.00s Real=0.00s
[2026-04-03T01:51:58.513+0600][22.893s][info][gc,start       ] GC(150) Pause Young (Normal) (G1 Evacuation Pause)
[2026-04-03T01:51:58.513+0600][22.893s][info][gc,task        ] GC(150) Using 10 workers of 10 for evacuation
[2026-04-03T01:51:58.514+0600][22.894s][info][gc,phases      ] GC(150)   Pre Evacuate Collection Set: 0.14ms
[2026-04-03T01:51:58.514+0600][22.894s][info][gc,phases      ] GC(150)   Merge Heap Roots: 0.10ms
[2026-04-03T01:51:58.514+0600][22.895s][info][gc,phases      ] GC(150)   Evacuate Collection Set: 0.23ms
[2026-04-03T01:51:58.514+0600][22.895s][info][gc,phases      ] GC(150)   Post Evacuate Collection Set: 0.45ms
[2026-04-03T01:51:58.514+0600][22.895s][info][gc,phases      ] GC(150)   Other: 0.09ms
[2026-04-03T01:51:58.514+0600][22.895s][info][gc,heap        ] GC(150) Eden regions: 43->0(43)
[2026-04-03T01:51:58.514+0600][22.895s][info][gc,heap        ] GC(150) Survivor regions: 1->1(6)
[2026-04-03T01:51:58.514+0600][22.895s][info][gc,heap        ] GC(150) Old regions: 8->8
[2026-04-03T01:51:58.514+0600][22.895s][info][gc,heap        ] GC(150) Humongous regions: 0->0
[2026-04-03T01:51:58.514+0600][22.895s][info][gc,metaspace   ] GC(150) Metaspace: 14224K(14464K)->14224K(14464K) NonClass: 12405K(12544K)->12405K(12544K) Class: 1819K(1920K)->1819K(1920K)
[2026-04-03T01:51:58.514+0600][22.895s][info][gc             ] GC(150) Pause Young (Normal) (G1 Evacuation Pause) 90M->4M(148M) 1.276ms
[2026-04-03T01:51:58.514+0600][22.895s][info][gc,cpu         ] GC(150) User=0.01s Sys=0.01s Real=0.00s
[2026-04-03T01:51:58.629+0600][23.010s][info][gc,start       ] GC(151) Pause Young (Normal) (G1 Evacuation Pause)
[2026-04-03T01:51:58.630+0600][23.010s][info][gc,task        ] GC(151) Using 10 workers of 10 for evacuation
[2026-04-03T01:51:58.630+0600][23.011s][info][gc,phases      ] GC(151)   Pre Evacuate Collection Set: 0.15ms
[2026-04-03T01:51:58.630+0600][23.011s][info][gc,phases      ] GC(151)   Merge Heap Roots: 0.09ms
[2026-04-03T01:51:58.630+0600][23.011s][info][gc,phases      ] GC(151)   Evacuate Collection Set: 0.20ms
[2026-04-03T01:51:58.630+0600][23.011s][info][gc,phases      ] GC(151)   Post Evacuate Collection Set: 0.39ms
[2026-04-03T01:51:58.631+0600][23.011s][info][gc,phases      ] GC(151)   Other: 0.08ms
[2026-04-03T01:51:58.631+0600][23.011s][info][gc,heap        ] GC(151) Eden regions: 43->0(43)
[2026-04-03T01:51:58.631+0600][23.011s][info][gc,heap        ] GC(151) Survivor regions: 1->1(6)
[2026-04-03T01:51:58.631+0600][23.011s][info][gc,heap        ] GC(151) Old regions: 8->8
[2026-04-03T01:51:58.631+0600][23.011s][info][gc,heap        ] GC(151) Humongous regions: 0->0
[2026-04-03T01:51:58.631+0600][23.011s][info][gc,metaspace   ] GC(151) Metaspace: 14224K(14464K)->14224K(14464K) NonClass: 12405K(12544K)->12405K(12544K) Class: 1819K(1920K)->1819K(1920K)
[2026-04-03T01:51:58.631+0600][23.011s][info][gc             ] GC(151) Pause Young (Normal) (G1 Evacuation Pause) 90M->4M(148M) 1.165ms
[2026-04-03T01:51:58.631+0600][23.011s][info][gc,cpu         ] GC(151) User=0.00s Sys=0.00s Real=0.01s
[2026-04-03T01:51:58.748+0600][23.129s][info][gc,start       ] GC(152) Pause Young (Normal) (G1 Evacuation Pause)
[2026-04-03T01:51:58.748+0600][23.129s][info][gc,task        ] GC(152) Using 10 workers of 10 for evacuation
[2026-04-03T01:51:58.749+0600][23.130s][info][gc,phases      ] GC(152)   Pre Evacuate Collection Set: 0.15ms
[2026-04-03T01:51:58.749+0600][23.130s][info][gc,phases      ] GC(152)   Merge Heap Roots: 0.11ms
[2026-04-03T01:51:58.749+0600][23.130s][info][gc,phases      ] GC(152)   Evacuate Collection Set: 0.20ms
[2026-04-03T01:51:58.749+0600][23.130s][info][gc,phases      ] GC(152)   Post Evacuate Collection Set: 0.42ms
[2026-04-03T01:51:58.750+0600][23.130s][info][gc,phases      ] GC(152)   Other: 0.09ms
[2026-04-03T01:51:58.750+0600][23.130s][info][gc,heap        ] GC(152) Eden regions: 43->0(43)
[2026-04-03T01:51:58.750+0600][23.130s][info][gc,heap        ] GC(152) Survivor regions: 1->1(6)
[2026-04-03T01:51:58.750+0600][23.130s][info][gc,heap        ] GC(152) Old regions: 8->8
[2026-04-03T01:51:58.750+0600][23.130s][info][gc,heap        ] GC(152) Humongous regions: 0->0
[2026-04-03T01:51:58.750+0600][23.130s][info][gc,metaspace   ] GC(152) Metaspace: 14224K(14464K)->14224K(14464K) NonClass: 12405K(12544K)->12405K(12544K) Class: 1819K(1920K)->1819K(1920K)
[2026-04-03T01:51:58.750+0600][23.130s][info][gc             ] GC(152) Pause Young (Normal) (G1 Evacuation Pause) 90M->4M(148M) 1.298ms
[2026-04-03T01:51:58.750+0600][23.130s][info][gc,cpu         ] GC(152) User=0.00s Sys=0.00s Real=0.00s
[2026-04-03T01:51:58.859+0600][23.239s][info][gc,start       ] GC(153) Pause Young (Normal) (G1 Evacuation Pause)
[2026-04-03T01:51:58.859+0600][23.240s][info][gc,task        ] GC(153) Using 10 workers of 10 for evacuation
[2026-04-03T01:51:58.860+0600][23.241s][info][gc,phases      ] GC(153)   Pre Evacuate Collection Set: 0.15ms
[2026-04-03T01:51:58.860+0600][23.241s][info][gc,phases      ] GC(153)   Merge Heap Roots: 0.10ms
[2026-04-03T01:51:58.860+0600][23.241s][info][gc,phases      ] GC(153)   Evacuate Collection Set: 0.20ms
[2026-04-03T01:51:58.860+0600][23.241s][info][gc,phases      ] GC(153)   Post Evacuate Collection Set: 0.42ms
[2026-04-03T01:51:58.860+0600][23.241s][info][gc,phases      ] GC(153)   Other: 0.09ms
[2026-04-03T01:51:58.860+0600][23.241s][info][gc,heap        ] GC(153) Eden regions: 43->0(43)
[2026-04-03T01:51:58.860+0600][23.241s][info][gc,heap        ] GC(153) Survivor regions: 1->1(6)
[2026-04-03T01:51:58.860+0600][23.241s][info][gc,heap        ] GC(153) Old regions: 8->8
[2026-04-03T01:51:58.860+0600][23.241s][info][gc,heap        ] GC(153) Humongous regions: 0->0
[2026-04-03T01:51:58.860+0600][23.241s][info][gc,metaspace   ] GC(153) Metaspace: 14224K(14464K)->14224K(14464K) NonClass: 12405K(12544K)->12405K(12544K) Class: 1819K(1920K)->1819K(1920K)
[2026-04-03T01:51:58.860+0600][23.241s][info][gc             ] GC(153) Pause Young (Normal) (G1 Evacuation Pause) 90M->4M(148M) 1.205ms
[2026-04-03T01:51:58.860+0600][23.241s][info][gc,cpu         ] GC(153) User=0.00s Sys=0.00s Real=0.01s
[2026-04-03T01:51:58.975+0600][23.355s][info][gc,start       ] GC(154) Pause Young (Normal) (G1 Evacuation Pause)
[2026-04-03T01:51:58.975+0600][23.355s][info][gc,task        ] GC(154) Using 10 workers of 10 for evacuation
[2026-04-03T01:51:58.976+0600][23.356s][info][gc,phases      ] GC(154)   Pre Evacuate Collection Set: 0.13ms
[2026-04-03T01:51:58.976+0600][23.356s][info][gc,phases      ] GC(154)   Merge Heap Roots: 0.09ms
[2026-04-03T01:51:58.976+0600][23.356s][info][gc,phases      ] GC(154)   Evacuate Collection Set: 0.20ms
[2026-04-03T01:51:58.976+0600][23.356s][info][gc,phases      ] GC(154)   Post Evacuate Collection Set: 0.42ms
[2026-04-03T01:51:58.976+0600][23.356s][info][gc,phases      ] GC(154)   Other: 0.10ms
[2026-04-03T01:51:58.976+0600][23.356s][info][gc,heap        ] GC(154) Eden regions: 43->0(43)
[2026-04-03T01:51:58.976+0600][23.356s][info][gc,heap        ] GC(154) Survivor regions: 1->1(6)
[2026-04-03T01:51:58.976+0600][23.356s][info][gc,heap        ] GC(154) Old regions: 8->8
[2026-04-03T01:51:58.976+0600][23.356s][info][gc,heap        ] GC(154) Humongous regions: 0->0
[2026-04-03T01:51:58.976+0600][23.356s][info][gc,metaspace   ] GC(154) Metaspace: 14224K(14464K)->14224K(14464K) NonClass: 12405K(12544K)->12405K(12544K) Class: 1819K(1920K)->1819K(1920K)
[2026-04-03T01:51:58.976+0600][23.357s][info][gc             ] GC(154) Pause Young (Normal) (G1 Evacuation Pause) 90M->4M(148M) 1.200ms
[2026-04-03T01:51:58.976+0600][23.357s][info][gc,cpu         ] GC(154) User=0.00s Sys=0.01s Real=0.00s
[2026-04-03T01:51:59.117+0600][23.498s][info][gc,start       ] GC(155) Pause Young (Normal) (G1 Evacuation Pause)
[2026-04-03T01:51:59.117+0600][23.498s][info][gc,task        ] GC(155) Using 10 workers of 10 for evacuation
[2026-04-03T01:51:59.119+0600][23.500s][info][gc,phases      ] GC(155)   Pre Evacuate Collection Set: 0.16ms
[2026-04-03T01:51:59.119+0600][23.500s][info][gc,phases      ] GC(155)   Merge Heap Roots: 0.22ms
[2026-04-03T01:51:59.119+0600][23.500s][info][gc,phases      ] GC(155)   Evacuate Collection Set: 0.23ms
[2026-04-03T01:51:59.119+0600][23.500s][info][gc,phases      ] GC(155)   Post Evacuate Collection Set: 0.90ms
[2026-04-03T01:51:59.119+0600][23.500s][info][gc,phases      ] GC(155)   Other: 0.11ms
[2026-04-03T01:51:59.119+0600][23.500s][info][gc,heap        ] GC(155) Eden regions: 43->0(43)
[2026-04-03T01:51:59.119+0600][23.500s][info][gc,heap        ] GC(155) Survivor regions: 1->1(6)
[2026-04-03T01:51:59.119+0600][23.500s][info][gc,heap        ] GC(155) Old regions: 8->8
[2026-04-03T01:51:59.119+0600][23.500s][info][gc,heap        ] GC(155) Humongous regions: 0->0
[2026-04-03T01:51:59.119+0600][23.500s][info][gc,metaspace   ] GC(155) Metaspace: 14224K(14464K)->14224K(14464K) NonClass: 12405K(12544K)->12405K(12544K) Class: 1819K(1920K)->1819K(1920K)
[2026-04-03T01:51:59.119+0600][23.500s][info][gc             ] GC(155) Pause Young (Normal) (G1 Evacuation Pause) 90M->4M(148M) 1.994ms
[2026-04-03T01:51:59.119+0600][23.500s][info][gc,cpu         ] GC(155) User=0.00s Sys=0.00s Real=0.00s
[2026-04-03T01:51:59.274+0600][23.655s][info][gc,start       ] GC(156) Pause Young (Normal) (G1 Evacuation Pause)
[2026-04-03T01:51:59.274+0600][23.655s][info][gc,task        ] GC(156) Using 10 workers of 10 for evacuation
[2026-04-03T01:51:59.275+0600][23.656s][info][gc,phases      ] GC(156)   Pre Evacuate Collection Set: 0.19ms
[2026-04-03T01:51:59.275+0600][23.656s][info][gc,phases      ] GC(156)   Merge Heap Roots: 0.07ms
[2026-04-03T01:51:59.275+0600][23.656s][info][gc,phases      ] GC(156)   Evacuate Collection Set: 0.25ms
[2026-04-03T01:51:59.275+0600][23.656s][info][gc,phases      ] GC(156)   Post Evacuate Collection Set: 0.44ms
[2026-04-03T01:51:59.275+0600][23.656s][info][gc,phases      ] GC(156)   Other: 0.08ms
[2026-04-03T01:51:59.275+0600][23.656s][info][gc,heap        ] GC(156) Eden regions: 43->0(43)
[2026-04-03T01:51:59.275+0600][23.656s][info][gc,heap        ] GC(156) Survivor regions: 1->1(6)
[2026-04-03T01:51:59.275+0600][23.656s][info][gc,heap        ] GC(156) Old regions: 8->8
[2026-04-03T01:51:59.275+0600][23.656s][info][gc,heap        ] GC(156) Humongous regions: 0->0
[2026-04-03T01:51:59.275+0600][23.656s][info][gc,metaspace   ] GC(156) Metaspace: 14224K(14464K)->14224K(14464K) NonClass: 12405K(12544K)->12405K(12544K) Class: 1819K(1920K)->1819K(1920K)
[2026-04-03T01:51:59.275+0600][23.656s][info][gc             ] GC(156) Pause Young (Normal) (G1 Evacuation Pause) 90M->4M(148M) 1.282ms
[2026-04-03T01:51:59.275+0600][23.656s][info][gc,cpu         ] GC(156) User=0.00s Sys=0.00s Real=0.00s
[2026-04-03T01:51:59.522+0600][23.903s][info][gc,start       ] GC(157) Pause Young (Normal) (GCLocker Initiated GC)
[2026-04-03T01:51:59.522+0600][23.903s][info][gc,task        ] GC(157) Using 8 workers of 10 for evacuation
[2026-04-03T01:51:59.523+0600][23.904s][info][gc,phases      ] GC(157)   Pre Evacuate Collection Set: 0.10ms
[2026-04-03T01:51:59.523+0600][23.904s][info][gc,phases      ] GC(157)   Merge Heap Roots: 0.08ms
[2026-04-03T01:51:59.523+0600][23.904s][info][gc,phases      ] GC(157)   Evacuate Collection Set: 0.27ms
[2026-04-03T01:51:59.523+0600][23.904s][info][gc,phases      ] GC(157)   Post Evacuate Collection Set: 0.32ms
[2026-04-03T01:51:59.523+0600][23.904s][info][gc,phases      ] GC(157)   Other: 0.06ms
[2026-04-03T01:51:59.523+0600][23.904s][info][gc,heap        ] GC(157) Eden regions: 43->0(43)
[2026-04-03T01:51:59.523+0600][23.904s][info][gc,heap        ] GC(157) Survivor regions: 1->1(6)
[2026-04-03T01:51:59.523+0600][23.904s][info][gc,heap        ] GC(157) Old regions: 8->8
[2026-04-03T01:51:59.523+0600][23.904s][info][gc,heap        ] GC(157) Humongous regions: 0->0
[2026-04-03T01:51:59.523+0600][23.904s][info][gc,metaspace   ] GC(157) Metaspace: 14493K(14784K)->14493K(14784K) NonClass: 12570K(12736K)->12570K(12736K) Class: 1922K(2048K)->1922K(2048K)
[2026-04-03T01:51:59.523+0600][23.904s][info][gc             ] GC(157) Pause Young (Normal) (GCLocker Initiated GC) 90M->5M(148M) 1.004ms
[2026-04-03T01:51:59.523+0600][23.904s][info][gc,cpu         ] GC(157) User=0.00s Sys=0.00s Real=0.00s
[2026-04-03T01:51:59.530+0600][23.911s][info][gc,heap,exit   ] Heap
[2026-04-03T01:51:59.530+0600][23.911s][info][gc,heap,exit   ]  garbage-first heap   total 151552K, used 5548K [0x000000070ae00000, 0x0000000800000000)
[2026-04-03T01:51:59.530+0600][23.911s][info][gc,heap,exit   ]   region size 2048K, 2 young (4096K), 1 survivors (2048K)
[2026-04-03T01:51:59.530+0600][23.911s][info][gc,heap,exit   ]  Metaspace       used 14565K, committed 14848K, reserved 1114112K
[2026-04-03T01:51:59.530+0600][23.911s][info][gc,heap,exit   ]   class space    used 1937K, committed 2048K, reserved 1048576K
