[2026-04-03T01:53:13.087+0600][0.004s][info][gc,init] CardTable entry size: 512
[2026-04-03T01:53:13.087+0600][0.005s][info][gc     ] Using G1
[2026-04-03T01:53:13.089+0600][0.007s][info][gc,init] Version: 21.0.10+7-Ubuntu-124.04 (release)
[2026-04-03T01:53:13.089+0600][0.007s][info][gc,init] CPUs: 12 total, 12 available
[2026-04-03T01:53:13.089+0600][0.007s][info][gc,init] Memory: 15683M
[2026-04-03T01:53:13.089+0600][0.007s][info][gc,init] Large Page Support: Disabled
[2026-04-03T01:53:13.089+0600][0.007s][info][gc,init] NUMA Support: Disabled
[2026-04-03T01:53:13.089+0600][0.007s][info][gc,init] Compressed Oops: Enabled (Zero based)
[2026-04-03T01:53:13.089+0600][0.007s][info][gc,init] Heap Region Size: 2M
[2026-04-03T01:53:13.089+0600][0.007s][info][gc,init] Heap Min Capacity: 8M
[2026-04-03T01:53:13.089+0600][0.007s][info][gc,init] Heap Initial Capacity: 246M
[2026-04-03T01:53:13.089+0600][0.007s][info][gc,init] Heap Max Capacity: 3922M
[2026-04-03T01:53:13.089+0600][0.007s][info][gc,init] Pre-touch: Disabled
[2026-04-03T01:53:13.089+0600][0.007s][info][gc,init] Parallel Workers: 10
[2026-04-03T01:53:13.089+0600][0.007s][info][gc,init] Concurrent Workers: 3
[2026-04-03T01:53:13.089+0600][0.007s][info][gc,init] Concurrent Refinement Workers: 10
[2026-04-03T01:53:13.089+0600][0.007s][info][gc,init] Periodic GC: Disabled
[2026-04-03T01:53:13.102+0600][0.020s][info][gc,metaspace] CDS archive(s) mapped at: [0x00007263a3000000-0x00007263a3c9c000-0x00007263a3c9c000), size 13221888, SharedBaseAddress: 0x00007263a3000000, ArchiveRelocationMode: 1.
[2026-04-03T01:53:13.102+0600][0.020s][info][gc,metaspace] Compressed class space mapped at: 0x00007263a4000000-0x00007263e4000000, reserved size: 1073741824
[2026-04-03T01:53:13.102+0600][0.020s][info][gc,metaspace] Narrow klass base: 0x00007263a3000000, Narrow klass shift: 0, Narrow klass range: 0x100000000
[2026-04-03T01:53:13.452+0600][0.370s][info][gc,start    ] GC(0) Pause Young (Normal) (G1 Evacuation Pause)
[2026-04-03T01:53:13.453+0600][0.370s][info][gc,task     ] GC(0) Using 5 workers of 10 for evacuation
[2026-04-03T01:53:13.456+0600][0.374s][info][gc,phases   ] GC(0)   Pre Evacuate Collection Set: 0.25ms
[2026-04-03T01:53:13.456+0600][0.374s][info][gc,phases   ] GC(0)   Merge Heap Roots: 0.15ms
[2026-04-03T01:53:13.456+0600][0.374s][info][gc,phases   ] GC(0)   Evacuate Collection Set: 2.29ms
[2026-04-03T01:53:13.456+0600][0.374s][info][gc,phases   ] GC(0)   Post Evacuate Collection Set: 0.31ms
[2026-04-03T01:53:13.456+0600][0.374s][info][gc,phases   ] GC(0)   Other: 0.73ms
[2026-04-03T01:53:13.456+0600][0.374s][info][gc,heap     ] GC(0) Eden regions: 6->0(5)
[2026-04-03T01:53:13.456+0600][0.374s][info][gc,heap     ] GC(0) Survivor regions: 0->1(1)
[2026-04-03T01:53:13.456+0600][0.374s][info][gc,heap     ] GC(0) Old regions: 1->2
[2026-04-03T01:53:13.456+0600][0.374s][info][gc,heap     ] GC(0) Humongous regions: 0->0
[2026-04-03T01:53:13.456+0600][0.374s][info][gc,metaspace] GC(0) Metaspace: 2094K(2304K)->2094K(2304K) NonClass: 1910K(2048K)->1910K(2048K) Class: 183K(256K)->183K(256K)
[2026-04-03T01:53:13.456+0600][0.374s][info][gc          ] GC(0) Pause Young (Normal) (G1 Evacuation Pause) 13M->3M(248M) 4.059ms
[2026-04-03T01:53:13.456+0600][0.374s][info][gc,cpu      ] GC(0) User=0.01s Sys=0.00s Real=0.00s
[2026-04-03T01:53:13.515+0600][0.433s][info][gc,start    ] GC(1) Pause Young (Normal) (G1 Evacuation Pause)
[2026-04-03T01:53:13.515+0600][0.433s][info][gc,task     ] GC(1) Using 5 workers of 10 for evacuation
[2026-04-03T01:53:13.518+0600][0.436s][info][gc,phases   ] GC(1)   Pre Evacuate Collection Set: 0.23ms
[2026-04-03T01:53:13.518+0600][0.436s][info][gc,phases   ] GC(1)   Merge Heap Roots: 0.16ms
[2026-04-03T01:53:13.518+0600][0.436s][info][gc,phases   ] GC(1)   Evacuate Collection Set: 2.03ms
[2026-04-03T01:53:13.518+0600][0.436s][info][gc,phases   ] GC(1)   Post Evacuate Collection Set: 0.52ms
[2026-04-03T01:53:13.518+0600][0.436s][info][gc,phases   ] GC(1)   Other: 0.11ms
[2026-04-03T01:53:13.518+0600][0.436s][info][gc,heap     ] GC(1) Eden regions: 5->0(6)
[2026-04-03T01:53:13.518+0600][0.436s][info][gc,heap     ] GC(1) Survivor regions: 1->1(1)
[2026-04-03T01:53:13.518+0600][0.436s][info][gc,heap     ] GC(1) Old regions: 2->3
[2026-04-03T01:53:13.518+0600][0.436s][info][gc,heap     ] GC(1) Humongous regions: 0->0
[2026-04-03T01:53:13.518+0600][0.436s][info][gc,metaspace] GC(1) Metaspace: 2590K(2752K)->2590K(2752K) NonClass: 2359K(2432K)->2359K(2432K) Class: 231K(320K)->231K(320K)
[2026-04-03T01:53:13.518+0600][0.436s][info][gc          ] GC(1) Pause Young (Normal) (G1 Evacuation Pause) 13M->3M(248M) 3.454ms
[2026-04-03T01:53:13.518+0600][0.436s][info][gc,cpu      ] GC(1) User=0.01s Sys=0.00s Real=0.00s
[2026-04-03T01:53:13.570+0600][0.488s][info][gc,start    ] GC(2) Pause Young (Normal) (G1 Evacuation Pause)
[2026-04-03T01:53:13.570+0600][0.488s][info][gc,task     ] GC(2) Using 5 workers of 10 for evacuation
[2026-04-03T01:53:13.571+0600][0.489s][info][gc,phases   ] GC(2)   Pre Evacuate Collection Set: 0.19ms
[2026-04-03T01:53:13.571+0600][0.489s][info][gc,phases   ] GC(2)   Merge Heap Roots: 0.07ms
[2026-04-03T01:53:13.571+0600][0.489s][info][gc,phases   ] GC(2)   Evacuate Collection Set: 0.34ms
[2026-04-03T01:53:13.571+0600][0.489s][info][gc,phases   ] GC(2)   Post Evacuate Collection Set: 0.24ms
[2026-04-03T01:53:13.571+0600][0.489s][info][gc,phases   ] GC(2)   Other: 0.08ms
[2026-04-03T01:53:13.571+0600][0.489s][info][gc,heap     ] GC(2) Eden regions: 6->0(15)
[2026-04-03T01:53:13.571+0600][0.489s][info][gc,heap     ] GC(2) Survivor regions: 1->1(1)
[2026-04-03T01:53:13.571+0600][0.489s][info][gc,heap     ] GC(2) Old regions: 3->3
[2026-04-03T01:53:13.571+0600][0.489s][info][gc,heap     ] GC(2) Humongous regions: 0->0
[2026-04-03T01:53:13.571+0600][0.489s][info][gc,metaspace] GC(2) Metaspace: 3123K(3328K)->3123K(3328K) NonClass: 2798K(2944K)->2798K(2944K) Class: 325K(384K)->325K(384K)
[2026-04-03T01:53:13.571+0600][0.489s][info][gc          ] GC(2) Pause Young (Normal) (G1 Evacuation Pause) 15M->3M(248M) 1.180ms
[2026-04-03T01:53:13.571+0600][0.489s][info][gc,cpu      ] GC(2) User=0.00s Sys=0.00s Real=0.00s
[2026-04-03T01:53:13.660+0600][0.578s][info][gc,start    ] GC(3) Pause Young (Normal) (G1 Evacuation Pause)
[2026-04-03T01:53:13.660+0600][0.578s][info][gc,task     ] GC(3) Using 5 workers of 10 for evacuation
[2026-04-03T01:53:13.662+0600][0.579s][info][gc,phases   ] GC(3)   Pre Evacuate Collection Set: 0.33ms
[2026-04-03T01:53:13.662+0600][0.579s][info][gc,phases   ] GC(3)   Merge Heap Roots: 0.15ms
[2026-04-03T01:53:13.662+0600][0.579s][info][gc,phases   ] GC(3)   Evacuate Collection Set: 0.49ms
[2026-04-03T01:53:13.662+0600][0.579s][info][gc,phases   ] GC(3)   Post Evacuate Collection Set: 0.29ms
[2026-04-03T01:53:13.662+0600][0.579s][info][gc,phases   ] GC(3)   Other: 0.09ms
[2026-04-03T01:53:13.662+0600][0.579s][info][gc,heap     ] GC(3) Eden regions: 15->0(72)
[2026-04-03T01:53:13.662+0600][0.579s][info][gc,heap     ] GC(3) Survivor regions: 1->1(2)
[2026-04-03T01:53:13.662+0600][0.579s][info][gc,heap     ] GC(3) Old regions: 3->3
[2026-04-03T01:53:13.662+0600][0.579s][info][gc,heap     ] GC(3) Humongous regions: 0->0
[2026-04-03T01:53:13.662+0600][0.579s][info][gc,metaspace] GC(3) Metaspace: 3763K(3968K)->3763K(3968K) NonClass: 3355K(3456K)->3355K(3456K) Class: 407K(512K)->407K(512K)
[2026-04-03T01:53:13.662+0600][0.580s][info][gc          ] GC(3) Pause Young (Normal) (G1 Evacuation Pause) 33M->3M(248M) 1.615ms
[2026-04-03T01:53:13.662+0600][0.580s][info][gc,cpu      ] GC(3) User=0.00s Sys=0.00s Real=0.00s
[2026-04-03T01:53:14.153+0600][1.071s][info][gc,start    ] GC(4) Pause Full (System.gc())
[2026-04-03T01:53:14.153+0600][1.071s][info][gc,task     ] GC(4) Using 5 workers of 10 for full compaction
[2026-04-03T01:53:14.153+0600][1.071s][info][gc,phases,start] GC(4) Phase 1: Mark live objects
[2026-04-03T01:53:14.158+0600][1.076s][info][gc,phases      ] GC(4) Phase 1: Mark live objects 4.695ms
[2026-04-03T01:53:14.158+0600][1.076s][info][gc,phases,start] GC(4) Phase 2: Prepare compaction
[2026-04-03T01:53:14.159+0600][1.077s][info][gc,phases      ] GC(4) Phase 2: Prepare compaction 1.274ms
[2026-04-03T01:53:14.159+0600][1.077s][info][gc,phases,start] GC(4) Phase 3: Adjust pointers
[2026-04-03T01:53:14.161+0600][1.079s][info][gc,phases      ] GC(4) Phase 3: Adjust pointers 1.607ms
[2026-04-03T01:53:14.161+0600][1.079s][info][gc,phases,start] GC(4) Phase 4: Compact heap
[2026-04-03T01:53:14.163+0600][1.081s][info][gc,phases      ] GC(4) Phase 4: Compact heap 1.970ms
[2026-04-03T01:53:14.163+0600][1.081s][info][gc,phases,start] GC(4) Phase 5: Reset Metadata
[2026-04-03T01:53:14.163+0600][1.081s][info][gc,phases      ] GC(4) Phase 5: Reset Metadata 0.237ms
[2026-04-03T01:53:14.166+0600][1.084s][info][gc,heap        ] GC(4) Eden regions: 52->0(12)
[2026-04-03T01:53:14.166+0600][1.084s][info][gc,heap        ] GC(4) Survivor regions: 1->0(2)
[2026-04-03T01:53:14.166+0600][1.084s][info][gc,heap        ] GC(4) Old regions: 3->6
[2026-04-03T01:53:14.166+0600][1.084s][info][gc,heap        ] GC(4) Humongous regions: 0->0
[2026-04-03T01:53:14.166+0600][1.084s][info][gc,metaspace   ] GC(4) Metaspace: 8779K(8960K)->8779K(8960K) NonClass: 7631K(7744K)->7631K(7744K) Class: 1148K(1216K)->1148K(1216K)
[2026-04-03T01:53:14.166+0600][1.084s][info][gc             ] GC(4) Pause Full (System.gc()) 106M->3M(40M) 13.168ms
[2026-04-03T01:53:14.166+0600][1.084s][info][gc,cpu         ] GC(4) User=0.03s Sys=0.01s Real=0.01s
[2026-04-03T01:53:14.253+0600][1.171s][info][gc,start       ] GC(5) Pause Young (Normal) (G1 Evacuation Pause)
[2026-04-03T01:53:14.253+0600][1.171s][info][gc,task        ] GC(5) Using 3 workers of 10 for evacuation
[2026-04-03T01:53:14.254+0600][1.172s][info][gc,phases      ] GC(5)   Pre Evacuate Collection Set: 0.14ms
[2026-04-03T01:53:14.254+0600][1.172s][info][gc,phases      ] GC(5)   Merge Heap Roots: 0.05ms
[2026-04-03T01:53:14.254+0600][1.172s][info][gc,phases      ] GC(5)   Evacuate Collection Set: 0.44ms
[2026-04-03T01:53:14.254+0600][1.172s][info][gc,phases      ] GC(5)   Post Evacuate Collection Set: 0.33ms
[2026-04-03T01:53:14.254+0600][1.172s][info][gc,phases      ] GC(5)   Other: 0.07ms
[2026-04-03T01:53:14.254+0600][1.172s][info][gc,heap        ] GC(5) Eden regions: 12->0(11)
[2026-04-03T01:53:14.254+0600][1.172s][info][gc,heap        ] GC(5) Survivor regions: 0->1(2)
[2026-04-03T01:53:14.254+0600][1.172s][info][gc,heap        ] GC(5) Old regions: 6->6
[2026-04-03T01:53:14.254+0600][1.172s][info][gc,heap        ] GC(5) Humongous regions: 0->0
[2026-04-03T01:53:14.254+0600][1.172s][info][gc,metaspace   ] GC(5) Metaspace: 9686K(9856K)->9686K(9856K) NonClass: 8472K(8576K)->8472K(8576K) Class: 1213K(1280K)->1213K(1280K)
[2026-04-03T01:53:14.254+0600][1.172s][info][gc             ] GC(5) Pause Young (Normal) (G1 Evacuation Pause) 27M->4M(40M) 1.278ms
[2026-04-03T01:53:14.254+0600][1.172s][info][gc,cpu         ] GC(5) User=0.00s Sys=0.00s Real=0.00s
[2026-04-03T01:53:14.313+0600][1.231s][info][gc,start       ] GC(6) Pause Young (Normal) (G1 Evacuation Pause)
[2026-04-03T01:53:14.313+0600][1.231s][info][gc,task        ] GC(6) Using 2 workers of 10 for evacuation
[2026-04-03T01:53:14.315+0600][1.233s][info][gc,phases      ] GC(6)   Pre Evacuate Collection Set: 0.13ms
[2026-04-03T01:53:14.315+0600][1.233s][info][gc,phases      ] GC(6)   Merge Heap Roots: 0.06ms
[2026-04-03T01:53:14.315+0600][1.233s][info][gc,phases      ] GC(6)   Evacuate Collection Set: 0.59ms
[2026-04-03T01:53:14.315+0600][1.233s][info][gc,phases      ] GC(6)   Post Evacuate Collection Set: 0.76ms
[2026-04-03T01:53:14.315+0600][1.233s][info][gc,phases      ] GC(6)   Other: 0.10ms
[2026-04-03T01:53:14.315+0600][1.233s][info][gc,heap        ] GC(6) Eden regions: 11->0(42)
[2026-04-03T01:53:14.315+0600][1.233s][info][gc,heap        ] GC(6) Survivor regions: 1->1(2)
[2026-04-03T01:53:14.315+0600][1.233s][info][gc,heap        ] GC(6) Old regions: 6->6
[2026-04-03T01:53:14.315+0600][1.233s][info][gc,heap        ] GC(6) Humongous regions: 0->0
[2026-04-03T01:53:14.315+0600][1.233s][info][gc,metaspace   ] GC(6) Metaspace: 10361K(10560K)->10361K(10560K) NonClass: 9033K(9152K)->9033K(9152K) Class: 1328K(1408K)->1328K(1408K)
[2026-04-03T01:53:14.315+0600][1.233s][info][gc             ] GC(6) Pause Young (Normal) (G1 Evacuation Pause) 26M->4M(144M) 1.981ms
[2026-04-03T01:53:14.315+0600][1.233s][info][gc,cpu         ] GC(6) User=0.00s Sys=0.00s Real=0.00s
[2026-04-03T01:53:14.691+0600][1.608s][info][gc,start       ] GC(7) Pause Young (Normal) (G1 Evacuation Pause)
[2026-04-03T01:53:14.693+0600][1.611s][info][gc,task        ] GC(7) Using 10 workers of 10 for evacuation
[2026-04-03T01:53:14.697+0600][1.614s][info][gc,phases      ] GC(7)   Pre Evacuate Collection Set: 0.32ms
[2026-04-03T01:53:14.697+0600][1.615s][info][gc,phases      ] GC(7)   Merge Heap Roots: 0.18ms
[2026-04-03T01:53:14.697+0600][1.615s][info][gc,phases      ] GC(7)   Evacuate Collection Set: 2.51ms
[2026-04-03T01:53:14.697+0600][1.615s][info][gc,phases      ] GC(7)   Post Evacuate Collection Set: 0.58ms
[2026-04-03T01:53:14.697+0600][1.615s][info][gc,phases      ] GC(7)   Other: 2.27ms
[2026-04-03T01:53:14.697+0600][1.615s][info][gc,heap        ] GC(7) Eden regions: 42->0(42)
[2026-04-03T01:53:14.697+0600][1.615s][info][gc,heap        ] GC(7) Survivor regions: 1->1(6)
[2026-04-03T01:53:14.697+0600][1.615s][info][gc,heap        ] GC(7) Old regions: 6->6
[2026-04-03T01:53:14.697+0600][1.615s][info][gc,heap        ] GC(7) Humongous regions: 0->0
[2026-04-03T01:53:14.697+0600][1.615s][info][gc,metaspace   ] GC(7) Metaspace: 13663K(13824K)->13663K(13824K) NonClass: 11884K(11968K)->11884K(11968K) Class: 1778K(1856K)->1778K(1856K)
[2026-04-03T01:53:14.697+0600][1.615s][info][gc             ] GC(7) Pause Young (Normal) (G1 Evacuation Pause) 88M->4M(144M) 6.322ms
[2026-04-03T01:53:14.697+0600][1.615s][info][gc,cpu         ] GC(7) User=0.01s Sys=0.01s Real=0.00s
[2026-04-03T01:53:15.843+0600][2.761s][info][gc,start       ] GC(8) Pause Young (Normal) (G1 Evacuation Pause)
[2026-04-03T01:53:15.843+0600][2.761s][info][gc,task        ] GC(8) Using 10 workers of 10 for evacuation
[2026-04-03T01:53:15.846+0600][2.764s][info][gc,phases      ] GC(8)   Pre Evacuate Collection Set: 0.36ms
[2026-04-03T01:53:15.846+0600][2.764s][info][gc,phases      ] GC(8)   Merge Heap Roots: 0.18ms
[2026-04-03T01:53:15.846+0600][2.764s][info][gc,phases      ] GC(8)   Evacuate Collection Set: 1.73ms
[2026-04-03T01:53:15.846+0600][2.764s][info][gc,phases      ] GC(8)   Post Evacuate Collection Set: 0.57ms
[2026-04-03T01:53:15.846+0600][2.764s][info][gc,phases      ] GC(8)   Other: 0.12ms
[2026-04-03T01:53:15.846+0600][2.764s][info][gc,heap        ] GC(8) Eden regions: 42->0(42)
[2026-04-03T01:53:15.847+0600][2.764s][info][gc,heap        ] GC(8) Survivor regions: 1->1(6)
[2026-04-03T01:53:15.847+0600][2.764s][info][gc,heap        ] GC(8) Old regions: 6->6
[2026-04-03T01:53:15.847+0600][2.764s][info][gc,heap        ] GC(8) Humongous regions: 0->0
[2026-04-03T01:53:15.847+0600][2.764s][info][gc,metaspace   ] GC(8) Metaspace: 13878K(14144K)->13878K(14144K) NonClass: 12073K(12224K)->12073K(12224K) Class: 1805K(1920K)->1805K(1920K)
[2026-04-03T01:53:15.847+0600][2.764s][info][gc             ] GC(8) Pause Young (Normal) (G1 Evacuation Pause) 88M->4M(144M) 3.410ms
[2026-04-03T01:53:15.847+0600][2.764s][info][gc,cpu         ] GC(8) User=0.02s Sys=0.00s Real=0.00s
[2026-04-03T01:53:16.545+0600][3.462s][info][gc,start       ] GC(9) Pause Young (Normal) (G1 Evacuation Pause)
[2026-04-03T01:53:16.545+0600][3.463s][info][gc,task        ] GC(9) Using 10 workers of 10 for evacuation
[2026-04-03T01:53:16.547+0600][3.465s][info][gc,phases      ] GC(9)   Pre Evacuate Collection Set: 0.25ms
[2026-04-03T01:53:16.547+0600][3.465s][info][gc,phases      ] GC(9)   Merge Heap Roots: 0.12ms
[2026-04-03T01:53:16.547+0600][3.465s][info][gc,phases      ] GC(9)   Evacuate Collection Set: 1.26ms
[2026-04-03T01:53:16.547+0600][3.465s][info][gc,phases      ] GC(9)   Post Evacuate Collection Set: 0.60ms
[2026-04-03T01:53:16.547+0600][3.465s][info][gc,phases      ] GC(9)   Other: 0.12ms
[2026-04-03T01:53:16.547+0600][3.465s][info][gc,heap        ] GC(9) Eden regions: 42->0(42)
[2026-04-03T01:53:16.547+0600][3.465s][info][gc,heap        ] GC(9) Survivor regions: 1->1(6)
[2026-04-03T01:53:16.547+0600][3.465s][info][gc,heap        ] GC(9) Old regions: 6->6
[2026-04-03T01:53:16.547+0600][3.465s][info][gc,heap        ] GC(9) Humongous regions: 0->0
[2026-04-03T01:53:16.547+0600][3.465s][info][gc,metaspace   ] GC(9) Metaspace: 13907K(14144K)->13907K(14144K) NonClass: 12102K(12224K)->12102K(12224K) Class: 1805K(1920K)->1805K(1920K)
[2026-04-03T01:53:16.547+0600][3.465s][info][gc             ] GC(9) Pause Young (Normal) (G1 Evacuation Pause) 88M->4M(144M) 2.813ms
[2026-04-03T01:53:16.547+0600][3.465s][info][gc,cpu         ] GC(9) User=0.02s Sys=0.00s Real=0.00s
[2026-04-03T01:53:16.998+0600][3.915s][info][gc,start       ] GC(10) Pause Young (Normal) (G1 Evacuation Pause)
[2026-04-03T01:53:16.998+0600][3.916s][info][gc,task        ] GC(10) Using 10 workers of 10 for evacuation
[2026-04-03T01:53:17.000+0600][3.918s][info][gc,phases      ] GC(10)   Pre Evacuate Collection Set: 0.20ms
[2026-04-03T01:53:17.000+0600][3.918s][info][gc,phases      ] GC(10)   Merge Heap Roots: 0.12ms
[2026-04-03T01:53:17.000+0600][3.918s][info][gc,phases      ] GC(10)   Evacuate Collection Set: 1.11ms
[2026-04-03T01:53:17.000+0600][3.918s][info][gc,phases      ] GC(10)   Post Evacuate Collection Set: 0.48ms
[2026-04-03T01:53:17.000+0600][3.918s][info][gc,phases      ] GC(10)   Other: 0.09ms
[2026-04-03T01:53:17.000+0600][3.918s][info][gc,heap        ] GC(10) Eden regions: 42->0(42)
[2026-04-03T01:53:17.000+0600][3.918s][info][gc,heap        ] GC(10) Survivor regions: 1->1(6)
[2026-04-03T01:53:17.000+0600][3.918s][info][gc,heap        ] GC(10) Old regions: 6->6
[2026-04-03T01:53:17.000+0600][3.918s][info][gc,heap        ] GC(10) Humongous regions: 0->0
[2026-04-03T01:53:17.000+0600][3.918s][info][gc,metaspace   ] GC(10) Metaspace: 13928K(14208K)->13928K(14208K) NonClass: 12123K(12288K)->12123K(12288K) Class: 1805K(1920K)->1805K(1920K)
[2026-04-03T01:53:17.000+0600][3.918s][info][gc             ] GC(10) Pause Young (Normal) (G1 Evacuation Pause) 88M->4M(144M) 2.343ms
[2026-04-03T01:53:17.000+0600][3.918s][info][gc,cpu         ] GC(10) User=0.01s Sys=0.00s Real=0.01s
[2026-04-03T01:53:17.258+0600][4.176s][info][gc,start       ] GC(11) Pause Young (Normal) (G1 Evacuation Pause)
[2026-04-03T01:53:17.258+0600][4.176s][info][gc,task        ] GC(11) Using 10 workers of 10 for evacuation
[2026-04-03T01:53:17.261+0600][4.179s][info][gc,phases      ] GC(11)   Pre Evacuate Collection Set: 0.26ms
[2026-04-03T01:53:17.261+0600][4.179s][info][gc,phases      ] GC(11)   Merge Heap Roots: 0.14ms
[2026-04-03T01:53:17.261+0600][4.179s][info][gc,phases      ] GC(11)   Evacuate Collection Set: 1.51ms
[2026-04-03T01:53:17.261+0600][4.179s][info][gc,phases      ] GC(11)   Post Evacuate Collection Set: 0.78ms
[2026-04-03T01:53:17.261+0600][4.179s][info][gc,phases      ] GC(11)   Other: 0.13ms
[2026-04-03T01:53:17.261+0600][4.179s][info][gc,heap        ] GC(11) Eden regions: 42->0(42)
[2026-04-03T01:53:17.261+0600][4.179s][info][gc,heap        ] GC(11) Survivor regions: 1->1(6)
[2026-04-03T01:53:17.261+0600][4.179s][info][gc,heap        ] GC(11) Old regions: 6->6
[2026-04-03T01:53:17.261+0600][4.179s][info][gc,heap        ] GC(11) Humongous regions: 0->0
[2026-04-03T01:53:17.261+0600][4.179s][info][gc,metaspace   ] GC(11) Metaspace: 13931K(14208K)->13931K(14208K) NonClass: 12125K(12288K)->12125K(12288K) Class: 1805K(1920K)->1805K(1920K)
[2026-04-03T01:53:17.261+0600][4.179s][info][gc             ] GC(11) Pause Young (Normal) (G1 Evacuation Pause) 88M->4M(144M) 3.298ms
[2026-04-03T01:53:17.261+0600][4.179s][info][gc,cpu         ] GC(11) User=0.01s Sys=0.00s Real=0.01s
[2026-04-03T01:53:17.509+0600][4.427s][info][gc,start       ] GC(12) Pause Young (Normal) (G1 Evacuation Pause)
[2026-04-03T01:53:17.509+0600][4.427s][info][gc,task        ] GC(12) Using 10 workers of 10 for evacuation
[2026-04-03T01:53:17.512+0600][4.429s][info][gc,phases      ] GC(12)   Pre Evacuate Collection Set: 0.21ms
[2026-04-03T01:53:17.512+0600][4.430s][info][gc,phases      ] GC(12)   Merge Heap Roots: 0.13ms
[2026-04-03T01:53:17.512+0600][4.430s][info][gc,phases      ] GC(12)   Evacuate Collection Set: 1.39ms
[2026-04-03T01:53:17.512+0600][4.430s][info][gc,phases      ] GC(12)   Post Evacuate Collection Set: 0.53ms
[2026-04-03T01:53:17.512+0600][4.430s][info][gc,phases      ] GC(12)   Other: 0.11ms
[2026-04-03T01:53:17.512+0600][4.430s][info][gc,heap        ] GC(12) Eden regions: 42->0(42)
[2026-04-03T01:53:17.512+0600][4.430s][info][gc,heap        ] GC(12) Survivor regions: 1->1(6)
[2026-04-03T01:53:17.512+0600][4.430s][info][gc,heap        ] GC(12) Old regions: 6->6
[2026-04-03T01:53:17.512+0600][4.430s][info][gc,heap        ] GC(12) Humongous regions: 0->0
[2026-04-03T01:53:17.512+0600][4.430s][info][gc,metaspace   ] GC(12) Metaspace: 13938K(14208K)->13938K(14208K) NonClass: 12133K(12288K)->12133K(12288K) Class: 1805K(1920K)->1805K(1920K)
[2026-04-03T01:53:17.512+0600][4.430s][info][gc             ] GC(12) Pause Young (Normal) (G1 Evacuation Pause) 88M->4M(144M) 2.749ms
[2026-04-03T01:53:17.512+0600][4.430s][info][gc,cpu         ] GC(12) User=0.02s Sys=0.00s Real=0.01s
[2026-04-03T01:53:17.709+0600][4.627s][info][gc,start       ] GC(13) Pause Young (Normal) (G1 Evacuation Pause)
[2026-04-03T01:53:17.709+0600][4.627s][info][gc,task        ] GC(13) Using 10 workers of 10 for evacuation
[2026-04-03T01:53:17.712+0600][4.630s][info][gc,phases      ] GC(13)   Pre Evacuate Collection Set: 0.18ms
[2026-04-03T01:53:17.712+0600][4.630s][info][gc,phases      ] GC(13)   Merge Heap Roots: 0.12ms
[2026-04-03T01:53:17.712+0600][4.630s][info][gc,phases      ] GC(13)   Evacuate Collection Set: 1.24ms
[2026-04-03T01:53:17.712+0600][4.630s][info][gc,phases      ] GC(13)   Post Evacuate Collection Set: 0.72ms
[2026-04-03T01:53:17.712+0600][4.630s][info][gc,phases      ] GC(13)   Other: 0.10ms
[2026-04-03T01:53:17.712+0600][4.630s][info][gc,heap        ] GC(13) Eden regions: 42->0(42)
[2026-04-03T01:53:17.712+0600][4.630s][info][gc,heap        ] GC(13) Survivor regions: 1->1(6)
[2026-04-03T01:53:17.712+0600][4.630s][info][gc,heap        ] GC(13) Old regions: 6->6
[2026-04-03T01:53:17.712+0600][4.630s][info][gc,heap        ] GC(13) Humongous regions: 0->0
[2026-04-03T01:53:17.712+0600][4.630s][info][gc,metaspace   ] GC(13) Metaspace: 13940K(14208K)->13940K(14208K) NonClass: 12135K(12288K)->12135K(12288K) Class: 1805K(1920K)->1805K(1920K)
[2026-04-03T01:53:17.712+0600][4.630s][info][gc             ] GC(13) Pause Young (Normal) (G1 Evacuation Pause) 88M->4M(144M) 2.797ms
[2026-04-03T01:53:17.712+0600][4.630s][info][gc,cpu         ] GC(13) User=0.01s Sys=0.00s Real=0.01s
[2026-04-03T01:53:17.929+0600][4.847s][info][gc,start       ] GC(14) Pause Young (Normal) (G1 Evacuation Pause)
[2026-04-03T01:53:17.929+0600][4.847s][info][gc,task        ] GC(14) Using 10 workers of 10 for evacuation
[2026-04-03T01:53:17.933+0600][4.850s][info][gc,phases      ] GC(14)   Pre Evacuate Collection Set: 0.29ms
[2026-04-03T01:53:17.933+0600][4.850s][info][gc,phases      ] GC(14)   Merge Heap Roots: 0.15ms
[2026-04-03T01:53:17.933+0600][4.851s][info][gc,phases      ] GC(14)   Evacuate Collection Set: 2.04ms
[2026-04-03T01:53:17.933+0600][4.851s][info][gc,phases      ] GC(14)   Post Evacuate Collection Set: 0.58ms
[2026-04-03T01:53:17.933+0600][4.851s][info][gc,phases      ] GC(14)   Other: 0.12ms
[2026-04-03T01:53:17.933+0600][4.851s][info][gc,heap        ] GC(14) Eden regions: 42->0(42)
[2026-04-03T01:53:17.933+0600][4.851s][info][gc,heap        ] GC(14) Survivor regions: 1->1(6)
[2026-04-03T01:53:17.933+0600][4.851s][info][gc,heap        ] GC(14) Old regions: 6->6
[2026-04-03T01:53:17.933+0600][4.851s][info][gc,heap        ] GC(14) Humongous regions: 0->0
[2026-04-03T01:53:17.933+0600][4.851s][info][gc,metaspace   ] GC(14) Metaspace: 13969K(14208K)->13969K(14208K) NonClass: 12164K(12288K)->12164K(12288K) Class: 1805K(1920K)->1805K(1920K)
[2026-04-03T01:53:17.933+0600][4.851s][info][gc             ] GC(14) Pause Young (Normal) (G1 Evacuation Pause) 88M->4M(144M) 3.643ms
[2026-04-03T01:53:17.933+0600][4.851s][info][gc,cpu         ] GC(14) User=0.01s Sys=0.00s Real=0.01s
[2026-04-03T01:53:18.162+0600][5.079s][info][gc,start       ] GC(15) Pause Young (Normal) (G1 Evacuation Pause)
[2026-04-03T01:53:18.162+0600][5.080s][info][gc,task        ] GC(15) Using 10 workers of 10 for evacuation
[2026-04-03T01:53:18.164+0600][5.082s][info][gc,phases      ] GC(15)   Pre Evacuate Collection Set: 0.24ms
[2026-04-03T01:53:18.164+0600][5.082s][info][gc,phases      ] GC(15)   Merge Heap Roots: 0.16ms
[2026-04-03T01:53:18.164+0600][5.082s][info][gc,phases      ] GC(15)   Evacuate Collection Set: 1.01ms
[2026-04-03T01:53:18.164+0600][5.082s][info][gc,phases      ] GC(15)   Post Evacuate Collection Set: 0.79ms
[2026-04-03T01:53:18.164+0600][5.082s][info][gc,phases      ] GC(15)   Other: 0.13ms
[2026-04-03T01:53:18.164+0600][5.082s][info][gc,heap        ] GC(15) Eden regions: 42->0(51)
[2026-04-03T01:53:18.164+0600][5.082s][info][gc,heap        ] GC(15) Survivor regions: 1->1(6)
[2026-04-03T01:53:18.164+0600][5.082s][info][gc,heap        ] GC(15) Old regions: 6->6
[2026-04-03T01:53:18.164+0600][5.082s][info][gc,heap        ] GC(15) Humongous regions: 0->0
[2026-04-03T01:53:18.164+0600][5.082s][info][gc,metaspace   ] GC(15) Metaspace: 13970K(14208K)->13970K(14208K) NonClass: 12164K(12288K)->12164K(12288K) Class: 1805K(1920K)->1805K(1920K)
[2026-04-03T01:53:18.164+0600][5.082s][info][gc             ] GC(15) Pause Young (Normal) (G1 Evacuation Pause) 88M->4M(174M) 2.779ms
[2026-04-03T01:53:18.164+0600][5.082s][info][gc,cpu         ] GC(15) User=0.01s Sys=0.00s Real=0.00s
[2026-04-03T01:53:18.372+0600][5.290s][info][gc,start       ] GC(16) Pause Young (Normal) (G1 Evacuation Pause)
[2026-04-03T01:53:18.372+0600][5.290s][info][gc,task        ] GC(16) Using 10 workers of 10 for evacuation
[2026-04-03T01:53:18.374+0600][5.292s][info][gc,phases      ] GC(16)   Pre Evacuate Collection Set: 0.17ms
[2026-04-03T01:53:18.375+0600][5.292s][info][gc,phases      ] GC(16)   Merge Heap Roots: 0.19ms
[2026-04-03T01:53:18.375+0600][5.292s][info][gc,phases      ] GC(16)   Evacuate Collection Set: 0.87ms
[2026-04-03T01:53:18.375+0600][5.292s][info][gc,phases      ] GC(16)   Post Evacuate Collection Set: 0.70ms
[2026-04-03T01:53:18.375+0600][5.292s][info][gc,phases      ] GC(16)   Other: 0.12ms
[2026-04-03T01:53:18.375+0600][5.292s][info][gc,heap        ] GC(16) Eden regions: 51->0(51)
[2026-04-03T01:53:18.375+0600][5.292s][info][gc,heap        ] GC(16) Survivor regions: 1->1(7)
[2026-04-03T01:53:18.375+0600][5.292s][info][gc,heap        ] GC(16) Old regions: 6->6
[2026-04-03T01:53:18.375+0600][5.292s][info][gc,heap        ] GC(16) Humongous regions: 0->0
[2026-04-03T01:53:18.375+0600][5.292s][info][gc,metaspace   ] GC(16) Metaspace: 13976K(14208K)->13976K(14208K) NonClass: 12171K(12288K)->12171K(12288K) Class: 1805K(1920K)->1805K(1920K)
[2026-04-03T01:53:18.375+0600][5.293s][info][gc             ] GC(16) Pause Young (Normal) (G1 Evacuation Pause) 106M->4M(174M) 2.428ms
[2026-04-03T01:53:18.375+0600][5.293s][info][gc,cpu         ] GC(16) User=0.01s Sys=0.00s Real=0.00s
[2026-04-03T01:53:18.556+0600][5.474s][info][gc,start       ] GC(17) Pause Young (Normal) (G1 Evacuation Pause)
[2026-04-03T01:53:18.556+0600][5.474s][info][gc,task        ] GC(17) Using 10 workers of 10 for evacuation
[2026-04-03T01:53:18.559+0600][5.477s][info][gc,phases      ] GC(17)   Pre Evacuate Collection Set: 0.15ms
[2026-04-03T01:53:18.559+0600][5.477s][info][gc,phases      ] GC(17)   Merge Heap Roots: 0.08ms
[2026-04-03T01:53:18.559+0600][5.477s][info][gc,phases      ] GC(17)   Evacuate Collection Set: 2.03ms
[2026-04-03T01:53:18.559+0600][5.477s][info][gc,phases      ] GC(17)   Post Evacuate Collection Set: 0.60ms
[2026-04-03T01:53:18.559+0600][5.477s][info][gc,phases      ] GC(17)   Other: 0.09ms
[2026-04-03T01:53:18.559+0600][5.477s][info][gc,heap        ] GC(17) Eden regions: 51->0(51)
[2026-04-03T01:53:18.559+0600][5.477s][info][gc,heap        ] GC(17) Survivor regions: 1->1(7)
[2026-04-03T01:53:18.559+0600][5.477s][info][gc,heap        ] GC(17) Old regions: 6->6
[2026-04-03T01:53:18.559+0600][5.477s][info][gc,heap        ] GC(17) Humongous regions: 0->0
[2026-04-03T01:53:18.559+0600][5.477s][info][gc,metaspace   ] GC(17) Metaspace: 13979K(14208K)->13979K(14208K) NonClass: 12174K(12288K)->12174K(12288K) Class: 1805K(1920K)->1805K(1920K)
[2026-04-03T01:53:18.559+0600][5.477s][info][gc             ] GC(17) Pause Young (Normal) (G1 Evacuation Pause) 106M->4M(174M) 3.265ms
[2026-04-03T01:53:18.559+0600][5.477s][info][gc,cpu         ] GC(17) User=0.02s Sys=0.00s Real=0.00s
[2026-04-03T01:53:18.773+0600][5.691s][info][gc,start       ] GC(18) Pause Young (Normal) (G1 Evacuation Pause)
[2026-04-03T01:53:18.773+0600][5.691s][info][gc,task        ] GC(18) Using 10 workers of 10 for evacuation
[2026-04-03T01:53:18.775+0600][5.693s][info][gc,phases      ] GC(18)   Pre Evacuate Collection Set: 0.16ms
[2026-04-03T01:53:18.775+0600][5.693s][info][gc,phases      ] GC(18)   Merge Heap Roots: 0.09ms
[2026-04-03T01:53:18.775+0600][5.693s][info][gc,phases      ] GC(18)   Evacuate Collection Set: 1.18ms
[2026-04-03T01:53:18.775+0600][5.693s][info][gc,phases      ] GC(18)   Post Evacuate Collection Set: 0.80ms
[2026-04-03T01:53:18.775+0600][5.693s][info][gc,phases      ] GC(18)   Other: 0.11ms
[2026-04-03T01:53:18.775+0600][5.693s][info][gc,heap        ] GC(18) Eden regions: 51->0(51)
[2026-04-03T01:53:18.775+0600][5.693s][info][gc,heap        ] GC(18) Survivor regions: 1->1(7)
[2026-04-03T01:53:18.775+0600][5.693s][info][gc,heap        ] GC(18) Old regions: 6->6
[2026-04-03T01:53:18.775+0600][5.693s][info][gc,heap        ] GC(18) Humongous regions: 0->0
[2026-04-03T01:53:18.775+0600][5.693s][info][gc,metaspace   ] GC(18) Metaspace: 13984K(14208K)->13984K(14208K) NonClass: 12179K(12288K)->12179K(12288K) Class: 1805K(1920K)->1805K(1920K)
[2026-04-03T01:53:18.775+0600][5.693s][info][gc             ] GC(18) Pause Young (Normal) (G1 Evacuation Pause) 106M->4M(174M) 2.735ms
[2026-04-03T01:53:18.775+0600][5.693s][info][gc,cpu         ] GC(18) User=0.00s Sys=0.01s Real=0.00s
[2026-04-03T01:53:18.997+0600][5.914s][info][gc,start       ] GC(19) Pause Young (Normal) (G1 Evacuation Pause)
[2026-04-03T01:53:18.997+0600][5.915s][info][gc,task        ] GC(19) Using 10 workers of 10 for evacuation
[2026-04-03T01:53:18.999+0600][5.916s][info][gc,phases      ] GC(19)   Pre Evacuate Collection Set: 0.16ms
[2026-04-03T01:53:18.999+0600][5.917s][info][gc,phases      ] GC(19)   Merge Heap Roots: 0.09ms
[2026-04-03T01:53:18.999+0600][5.917s][info][gc,phases      ] GC(19)   Evacuate Collection Set: 0.90ms
[2026-04-03T01:53:18.999+0600][5.917s][info][gc,phases      ] GC(19)   Post Evacuate Collection Set: 0.64ms
[2026-04-03T01:53:18.999+0600][5.917s][info][gc,phases      ] GC(19)   Other: 0.10ms
[2026-04-03T01:53:18.999+0600][5.917s][info][gc,heap        ] GC(19) Eden regions: 51->0(51)
[2026-04-03T01:53:18.999+0600][5.917s][info][gc,heap        ] GC(19) Survivor regions: 1->1(7)
[2026-04-03T01:53:18.999+0600][5.917s][info][gc,heap        ] GC(19) Old regions: 6->6
[2026-04-03T01:53:18.999+0600][5.917s][info][gc,heap        ] GC(19) Humongous regions: 0->0
[2026-04-03T01:53:18.999+0600][5.917s][info][gc,metaspace   ] GC(19) Metaspace: 14002K(14208K)->14002K(14208K) NonClass: 12197K(12288K)->12197K(12288K) Class: 1805K(1920K)->1805K(1920K)
[2026-04-03T01:53:18.999+0600][5.917s][info][gc             ] GC(19) Pause Young (Normal) (G1 Evacuation Pause) 106M->4M(174M) 2.274ms
[2026-04-03T01:53:18.999+0600][5.917s][info][gc,cpu         ] GC(19) User=0.01s Sys=0.00s Real=0.00s
[2026-04-03T01:53:19.223+0600][6.141s][info][gc,start       ] GC(20) Pause Young (Normal) (G1 Evacuation Pause)
[2026-04-03T01:53:19.223+0600][6.141s][info][gc,task        ] GC(20) Using 10 workers of 10 for evacuation
[2026-04-03T01:53:19.226+0600][6.143s][info][gc,phases      ] GC(20)   Pre Evacuate Collection Set: 0.18ms
[2026-04-03T01:53:19.226+0600][6.144s][info][gc,phases      ] GC(20)   Merge Heap Roots: 0.09ms
[2026-04-03T01:53:19.226+0600][6.144s][info][gc,phases      ] GC(20)   Evacuate Collection Set: 1.10ms
[2026-04-03T01:53:19.226+0600][6.144s][info][gc,phases      ] GC(20)   Post Evacuate Collection Set: 0.93ms
[2026-04-03T01:53:19.226+0600][6.144s][info][gc,phases      ] GC(20)   Other: 0.11ms
[2026-04-03T01:53:19.226+0600][6.144s][info][gc,heap        ] GC(20) Eden regions: 51->0(51)
[2026-04-03T01:53:19.226+0600][6.144s][info][gc,heap        ] GC(20) Survivor regions: 1->1(7)
[2026-04-03T01:53:19.226+0600][6.144s][info][gc,heap        ] GC(20) Old regions: 6->7
[2026-04-03T01:53:19.226+0600][6.144s][info][gc,heap        ] GC(20) Humongous regions: 0->0
[2026-04-03T01:53:19.226+0600][6.144s][info][gc,metaspace   ] GC(20) Metaspace: 14030K(14272K)->14030K(14272K) NonClass: 12225K(12352K)->12225K(12352K) Class: 1805K(1920K)->1805K(1920K)
[2026-04-03T01:53:19.226+0600][6.144s][info][gc             ] GC(20) Pause Young (Normal) (G1 Evacuation Pause) 106M->4M(174M) 2.813ms
[2026-04-03T01:53:19.226+0600][6.144s][info][gc,cpu         ] GC(20) User=0.01s Sys=0.00s Real=0.00s
[2026-04-03T01:53:19.422+0600][6.340s][info][gc,start       ] GC(21) Pause Young (Normal) (G1 Evacuation Pause)
[2026-04-03T01:53:19.422+0600][6.340s][info][gc,task        ] GC(21) Using 10 workers of 10 for evacuation
[2026-04-03T01:53:19.424+0600][6.342s][info][gc,phases      ] GC(21)   Pre Evacuate Collection Set: 0.18ms
[2026-04-03T01:53:19.424+0600][6.342s][info][gc,phases      ] GC(21)   Merge Heap Roots: 0.09ms
[2026-04-03T01:53:19.424+0600][6.342s][info][gc,phases      ] GC(21)   Evacuate Collection Set: 1.02ms
[2026-04-03T01:53:19.424+0600][6.342s][info][gc,phases      ] GC(21)   Post Evacuate Collection Set: 0.68ms
[2026-04-03T01:53:19.424+0600][6.342s][info][gc,phases      ] GC(21)   Other: 0.10ms
[2026-04-03T01:53:19.424+0600][6.342s][info][gc,heap        ] GC(21) Eden regions: 51->0(51)
[2026-04-03T01:53:19.424+0600][6.342s][info][gc,heap        ] GC(21) Survivor regions: 1->1(7)
[2026-04-03T01:53:19.424+0600][6.342s][info][gc,heap        ] GC(21) Old regions: 7->7
[2026-04-03T01:53:19.424+0600][6.342s][info][gc,heap        ] GC(21) Humongous regions: 0->0
[2026-04-03T01:53:19.424+0600][6.342s][info][gc,metaspace   ] GC(21) Metaspace: 14034K(14336K)->14034K(14336K) NonClass: 12228K(12416K)->12228K(12416K) Class: 1805K(1920K)->1805K(1920K)
[2026-04-03T01:53:19.425+0600][6.342s][info][gc             ] GC(21) Pause Young (Normal) (G1 Evacuation Pause) 106M->4M(174M) 2.417ms
[2026-04-03T01:53:19.425+0600][6.342s][info][gc,cpu         ] GC(21) User=0.01s Sys=0.00s Real=0.00s
[2026-04-03T01:53:19.636+0600][6.554s][info][gc,start       ] GC(22) Pause Young (Normal) (G1 Evacuation Pause)
[2026-04-03T01:53:19.637+0600][6.554s][info][gc,task        ] GC(22) Using 10 workers of 10 for evacuation
[2026-04-03T01:53:19.639+0600][6.557s][info][gc,phases      ] GC(22)   Pre Evacuate Collection Set: 0.18ms
[2026-04-03T01:53:19.639+0600][6.557s][info][gc,phases      ] GC(22)   Merge Heap Roots: 0.11ms
[2026-04-03T01:53:19.639+0600][6.557s][info][gc,phases      ] GC(22)   Evacuate Collection Set: 1.06ms
[2026-04-03T01:53:19.639+0600][6.557s][info][gc,phases      ] GC(22)   Post Evacuate Collection Set: 0.71ms
[2026-04-03T01:53:19.639+0600][6.557s][info][gc,phases      ] GC(22)   Other: 0.12ms
[2026-04-03T01:53:19.639+0600][6.557s][info][gc,heap        ] GC(22) Eden regions: 51->0(62)
[2026-04-03T01:53:19.639+0600][6.557s][info][gc,heap        ] GC(22) Survivor regions: 1->1(7)
[2026-04-03T01:53:19.639+0600][6.557s][info][gc,heap        ] GC(22) Old regions: 7->7
[2026-04-03T01:53:19.639+0600][6.557s][info][gc,heap        ] GC(22) Humongous regions: 0->0
[2026-04-03T01:53:19.639+0600][6.557s][info][gc,metaspace   ] GC(22) Metaspace: 14034K(14336K)->14034K(14336K) NonClass: 12229K(12416K)->12229K(12416K) Class: 1805K(1920K)->1805K(1920K)
[2026-04-03T01:53:19.639+0600][6.557s][info][gc             ] GC(22) Pause Young (Normal) (G1 Evacuation Pause) 106M->4M(210M) 2.495ms
[2026-04-03T01:53:19.639+0600][6.557s][info][gc,cpu         ] GC(22) User=0.01s Sys=0.01s Real=0.00s
[2026-04-03T01:53:19.830+0600][6.748s][info][gc,start       ] GC(23) Pause Young (Normal) (G1 Evacuation Pause)
[2026-04-03T01:53:19.830+0600][6.748s][info][gc,task        ] GC(23) Using 10 workers of 10 for evacuation
[2026-04-03T01:53:19.831+0600][6.749s][info][gc,phases      ] GC(23)   Pre Evacuate Collection Set: 0.19ms
[2026-04-03T01:53:19.831+0600][6.749s][info][gc,phases      ] GC(23)   Merge Heap Roots: 0.10ms
[2026-04-03T01:53:19.831+0600][6.749s][info][gc,phases      ] GC(23)   Evacuate Collection Set: 0.34ms
[2026-04-03T01:53:19.831+0600][6.749s][info][gc,phases      ] GC(23)   Post Evacuate Collection Set: 0.48ms
[2026-04-03T01:53:19.831+0600][6.749s][info][gc,phases      ] GC(23)   Other: 0.11ms
[2026-04-03T01:53:19.831+0600][6.749s][info][gc,heap        ] GC(23) Eden regions: 62->0(62)
[2026-04-03T01:53:19.831+0600][6.749s][info][gc,heap        ] GC(23) Survivor regions: 1->1(8)
[2026-04-03T01:53:19.831+0600][6.749s][info][gc,heap        ] GC(23) Old regions: 7->7
[2026-04-03T01:53:19.831+0600][6.749s][info][gc,heap        ] GC(23) Humongous regions: 0->0
[2026-04-03T01:53:19.831+0600][6.749s][info][gc,metaspace   ] GC(23) Metaspace: 14042K(14336K)->14042K(14336K) NonClass: 12236K(12416K)->12236K(12416K) Class: 1805K(1920K)->1805K(1920K)
[2026-04-03T01:53:19.831+0600][6.749s][info][gc             ] GC(23) Pause Young (Normal) (G1 Evacuation Pause) 128M->4M(210M) 1.538ms
[2026-04-03T01:53:19.831+0600][6.749s][info][gc,cpu         ] GC(23) User=0.01s Sys=0.00s Real=0.00s
[2026-04-03T01:53:20.014+0600][6.932s][info][gc,start       ] GC(24) Pause Young (Normal) (G1 Evacuation Pause)
[2026-04-03T01:53:20.014+0600][6.932s][info][gc,task        ] GC(24) Using 10 workers of 10 for evacuation
[2026-04-03T01:53:20.015+0600][6.933s][info][gc,phases      ] GC(24)   Pre Evacuate Collection Set: 0.15ms
[2026-04-03T01:53:20.015+0600][6.933s][info][gc,phases      ] GC(24)   Merge Heap Roots: 0.08ms
[2026-04-03T01:53:20.015+0600][6.933s][info][gc,phases      ] GC(24)   Evacuate Collection Set: 0.22ms
[2026-04-03T01:53:20.015+0600][6.933s][info][gc,phases      ] GC(24)   Post Evacuate Collection Set: 0.42ms
[2026-04-03T01:53:20.015+0600][6.933s][info][gc,phases      ] GC(24)   Other: 0.08ms
[2026-04-03T01:53:20.015+0600][6.933s][info][gc,heap        ] GC(24) Eden regions: 62->0(62)
[2026-04-03T01:53:20.015+0600][6.933s][info][gc,heap        ] GC(24) Survivor regions: 1->1(8)
[2026-04-03T01:53:20.015+0600][6.933s][info][gc,heap        ] GC(24) Old regions: 7->7
[2026-04-03T01:53:20.015+0600][6.933s][info][gc,heap        ] GC(24) Humongous regions: 0->0
[2026-04-03T01:53:20.015+0600][6.933s][info][gc,metaspace   ] GC(24) Metaspace: 14043K(14336K)->14043K(14336K) NonClass: 12238K(12416K)->12238K(12416K) Class: 1805K(1920K)->1805K(1920K)
[2026-04-03T01:53:20.015+0600][6.933s][info][gc             ] GC(24) Pause Young (Normal) (G1 Evacuation Pause) 128M->4M(210M) 1.197ms
[2026-04-03T01:53:20.015+0600][6.933s][info][gc,cpu         ] GC(24) User=0.01s Sys=0.00s Real=0.00s
[2026-04-03T01:53:20.228+0600][7.146s][info][gc,start       ] GC(25) Pause Young (Normal) (G1 Evacuation Pause)
[2026-04-03T01:53:20.228+0600][7.146s][info][gc,task        ] GC(25) Using 10 workers of 10 for evacuation
[2026-04-03T01:53:20.230+0600][7.148s][info][gc,phases      ] GC(25)   Pre Evacuate Collection Set: 0.19ms
[2026-04-03T01:53:20.230+0600][7.148s][info][gc,phases      ] GC(25)   Merge Heap Roots: 0.15ms
[2026-04-03T01:53:20.230+0600][7.148s][info][gc,phases      ] GC(25)   Evacuate Collection Set: 0.61ms
[2026-04-03T01:53:20.230+0600][7.148s][info][gc,phases      ] GC(25)   Post Evacuate Collection Set: 0.60ms
[2026-04-03T01:53:20.230+0600][7.148s][info][gc,phases      ] GC(25)   Other: 0.10ms
[2026-04-03T01:53:20.230+0600][7.148s][info][gc,heap        ] GC(25) Eden regions: 62->0(62)
[2026-04-03T01:53:20.230+0600][7.148s][info][gc,heap        ] GC(25) Survivor regions: 1->1(8)
[2026-04-03T01:53:20.230+0600][7.148s][info][gc,heap        ] GC(25) Old regions: 7->7
[2026-04-03T01:53:20.230+0600][7.148s][info][gc,heap        ] GC(25) Humongous regions: 0->0
[2026-04-03T01:53:20.230+0600][7.148s][info][gc,metaspace   ] GC(25) Metaspace: 14044K(14336K)->14044K(14336K) NonClass: 12238K(12416K)->12238K(12416K) Class: 1805K(1920K)->1805K(1920K)
[2026-04-03T01:53:20.230+0600][7.148s][info][gc             ] GC(25) Pause Young (Normal) (G1 Evacuation Pause) 128M->4M(210M) 1.957ms
[2026-04-03T01:53:20.230+0600][7.148s][info][gc,cpu         ] GC(25) User=0.01s Sys=0.00s Real=0.01s
[2026-04-03T01:53:20.490+0600][7.407s][info][gc,start       ] GC(26) Pause Young (Normal) (G1 Evacuation Pause)
[2026-04-03T01:53:20.490+0600][7.407s][info][gc,task        ] GC(26) Using 10 workers of 10 for evacuation
[2026-04-03T01:53:20.495+0600][7.413s][info][gc,phases      ] GC(26)   Pre Evacuate Collection Set: 0.25ms
[2026-04-03T01:53:20.495+0600][7.413s][info][gc,phases      ] GC(26)   Merge Heap Roots: 0.13ms
[2026-04-03T01:53:20.495+0600][7.413s][info][gc,phases      ] GC(26)   Evacuate Collection Set: 1.31ms
[2026-04-03T01:53:20.495+0600][7.413s][info][gc,phases      ] GC(26)   Post Evacuate Collection Set: 0.68ms
[2026-04-03T01:53:20.495+0600][7.413s][info][gc,phases      ] GC(26)   Other: 2.72ms
[2026-04-03T01:53:20.495+0600][7.413s][info][gc,heap        ] GC(26) Eden regions: 62->0(62)
[2026-04-03T01:53:20.495+0600][7.413s][info][gc,heap        ] GC(26) Survivor regions: 1->1(8)
[2026-04-03T01:53:20.495+0600][7.413s][info][gc,heap        ] GC(26) Old regions: 7->7
[2026-04-03T01:53:20.495+0600][7.413s][info][gc,heap        ] GC(26) Humongous regions: 0->0
[2026-04-03T01:53:20.495+0600][7.413s][info][gc,metaspace   ] GC(26) Metaspace: 14045K(14336K)->14045K(14336K) NonClass: 12239K(12416K)->12239K(12416K) Class: 1805K(1920K)->1805K(1920K)
[2026-04-03T01:53:20.495+0600][7.413s][info][gc             ] GC(26) Pause Young (Normal) (G1 Evacuation Pause) 128M->4M(210M) 5.579ms
[2026-04-03T01:53:20.495+0600][7.413s][info][gc,cpu         ] GC(26) User=0.00s Sys=0.01s Real=0.01s
[2026-04-03T01:53:20.746+0600][7.664s][info][gc,start       ] GC(27) Pause Young (Normal) (G1 Evacuation Pause)
[2026-04-03T01:53:20.746+0600][7.664s][info][gc,task        ] GC(27) Using 10 workers of 10 for evacuation
[2026-04-03T01:53:20.748+0600][7.665s][info][gc,phases      ] GC(27)   Pre Evacuate Collection Set: 0.20ms
[2026-04-03T01:53:20.748+0600][7.665s][info][gc,phases      ] GC(27)   Merge Heap Roots: 0.11ms
[2026-04-03T01:53:20.748+0600][7.665s][info][gc,phases      ] GC(27)   Evacuate Collection Set: 0.27ms
[2026-04-03T01:53:20.748+0600][7.665s][info][gc,phases      ] GC(27)   Post Evacuate Collection Set: 0.45ms
[2026-04-03T01:53:20.748+0600][7.665s][info][gc,phases      ] GC(27)   Other: 0.11ms
[2026-04-03T01:53:20.748+0600][7.665s][info][gc,heap        ] GC(27) Eden regions: 62->0(62)
[2026-04-03T01:53:20.748+0600][7.665s][info][gc,heap        ] GC(27) Survivor regions: 1->1(8)
[2026-04-03T01:53:20.748+0600][7.665s][info][gc,heap        ] GC(27) Old regions: 7->7
[2026-04-03T01:53:20.748+0600][7.665s][info][gc,heap        ] GC(27) Humongous regions: 0->0
[2026-04-03T01:53:20.748+0600][7.665s][info][gc,metaspace   ] GC(27) Metaspace: 14049K(14336K)->14049K(14336K) NonClass: 12243K(12416K)->12243K(12416K) Class: 1805K(1920K)->1805K(1920K)
[2026-04-03T01:53:20.748+0600][7.666s][info][gc             ] GC(27) Pause Young (Normal) (G1 Evacuation Pause) 128M->4M(210M) 1.510ms
[2026-04-03T01:53:20.748+0600][7.666s][info][gc,cpu         ] GC(27) User=0.00s Sys=0.00s Real=0.00s
[2026-04-03T01:53:20.959+0600][7.877s][info][gc,start       ] GC(28) Pause Young (Normal) (G1 Evacuation Pause)
[2026-04-03T01:53:20.959+0600][7.877s][info][gc,task        ] GC(28) Using 10 workers of 10 for evacuation
[2026-04-03T01:53:20.960+0600][7.878s][info][gc,phases      ] GC(28)   Pre Evacuate Collection Set: 0.18ms
[2026-04-03T01:53:20.960+0600][7.878s][info][gc,phases      ] GC(28)   Merge Heap Roots: 0.12ms
[2026-04-03T01:53:20.960+0600][7.878s][info][gc,phases      ] GC(28)   Evacuate Collection Set: 0.27ms
[2026-04-03T01:53:20.960+0600][7.878s][info][gc,phases      ] GC(28)   Post Evacuate Collection Set: 0.45ms
[2026-04-03T01:53:20.960+0600][7.878s][info][gc,phases      ] GC(28)   Other: 0.09ms
[2026-04-03T01:53:20.960+0600][7.878s][info][gc,heap        ] GC(28) Eden regions: 62->0(62)
[2026-04-03T01:53:20.960+0600][7.878s][info][gc,heap        ] GC(28) Survivor regions: 1->1(8)
[2026-04-03T01:53:20.960+0600][7.878s][info][gc,heap        ] GC(28) Old regions: 7->7
[2026-04-03T01:53:20.960+0600][7.878s][info][gc,heap        ] GC(28) Humongous regions: 0->0
[2026-04-03T01:53:20.960+0600][7.878s][info][gc,metaspace   ] GC(28) Metaspace: 14049K(14336K)->14049K(14336K) NonClass: 12243K(12416K)->12243K(12416K) Class: 1805K(1920K)->1805K(1920K)
[2026-04-03T01:53:20.960+0600][7.878s][info][gc             ] GC(28) Pause Young (Normal) (G1 Evacuation Pause) 128M->4M(210M) 1.423ms
[2026-04-03T01:53:20.960+0600][7.878s][info][gc,cpu         ] GC(28) User=0.00s Sys=0.00s Real=0.01s
[2026-04-03T01:53:21.204+0600][8.122s][info][gc,start       ] GC(29) Pause Young (Normal) (G1 Evacuation Pause)
[2026-04-03T01:53:21.204+0600][8.122s][info][gc,task        ] GC(29) Using 10 workers of 10 for evacuation
[2026-04-03T01:53:21.206+0600][8.124s][info][gc,phases      ] GC(29)   Pre Evacuate Collection Set: 0.17ms
[2026-04-03T01:53:21.206+0600][8.124s][info][gc,phases      ] GC(29)   Merge Heap Roots: 0.20ms
[2026-04-03T01:53:21.206+0600][8.124s][info][gc,phases      ] GC(29)   Evacuate Collection Set: 0.41ms
[2026-04-03T01:53:21.206+0600][8.124s][info][gc,phases      ] GC(29)   Post Evacuate Collection Set: 0.50ms
[2026-04-03T01:53:21.206+0600][8.124s][info][gc,phases      ] GC(29)   Other: 0.11ms
[2026-04-03T01:53:21.206+0600][8.124s][info][gc,heap        ] GC(29) Eden regions: 62->0(62)
[2026-04-03T01:53:21.206+0600][8.124s][info][gc,heap        ] GC(29) Survivor regions: 1->1(8)
[2026-04-03T01:53:21.206+0600][8.124s][info][gc,heap        ] GC(29) Old regions: 7->7
[2026-04-03T01:53:21.206+0600][8.124s][info][gc,heap        ] GC(29) Humongous regions: 0->0
[2026-04-03T01:53:21.206+0600][8.124s][info][gc,metaspace   ] GC(29) Metaspace: 14049K(14336K)->14049K(14336K) NonClass: 12243K(12416K)->12243K(12416K) Class: 1805K(1920K)->1805K(1920K)
[2026-04-03T01:53:21.206+0600][8.124s][info][gc             ] GC(29) Pause Young (Normal) (G1 Evacuation Pause) 128M->4M(210M) 1.804ms
[2026-04-03T01:53:21.206+0600][8.124s][info][gc,cpu         ] GC(29) User=0.00s Sys=0.00s Real=0.00s
[2026-04-03T01:53:21.499+0600][8.417s][info][gc,start       ] GC(30) Pause Young (Normal) (G1 Evacuation Pause)
[2026-04-03T01:53:21.499+0600][8.417s][info][gc,task        ] GC(30) Using 10 workers of 10 for evacuation
[2026-04-03T01:53:21.502+0600][8.420s][info][gc,phases      ] GC(30)   Pre Evacuate Collection Set: 0.25ms
[2026-04-03T01:53:21.502+0600][8.420s][info][gc,phases      ] GC(30)   Merge Heap Roots: 0.16ms
[2026-04-03T01:53:21.502+0600][8.420s][info][gc,phases      ] GC(30)   Evacuate Collection Set: 0.99ms
[2026-04-03T01:53:21.502+0600][8.420s][info][gc,phases      ] GC(30)   Post Evacuate Collection Set: 0.96ms
[2026-04-03T01:53:21.502+0600][8.420s][info][gc,phases      ] GC(30)   Other: 0.13ms
[2026-04-03T01:53:21.502+0600][8.420s][info][gc,heap        ] GC(30) Eden regions: 62->0(62)
[2026-04-03T01:53:21.502+0600][8.420s][info][gc,heap        ] GC(30) Survivor regions: 1->1(8)
[2026-04-03T01:53:21.502+0600][8.420s][info][gc,heap        ] GC(30) Old regions: 7->7
[2026-04-03T01:53:21.502+0600][8.420s][info][gc,heap        ] GC(30) Humongous regions: 0->0
[2026-04-03T01:53:21.502+0600][8.420s][info][gc,metaspace   ] GC(30) Metaspace: 14049K(14336K)->14049K(14336K) NonClass: 12243K(12416K)->12243K(12416K) Class: 1805K(1920K)->1805K(1920K)
[2026-04-03T01:53:21.502+0600][8.420s][info][gc             ] GC(30) Pause Young (Normal) (G1 Evacuation Pause) 128M->4M(210M) 2.961ms
[2026-04-03T01:53:21.502+0600][8.420s][info][gc,cpu         ] GC(30) User=0.00s Sys=0.00s Real=0.01s
[2026-04-03T01:53:21.799+0600][8.717s][info][gc,start       ] GC(31) Pause Young (Normal) (G1 Evacuation Pause)
[2026-04-03T01:53:21.799+0600][8.717s][info][gc,task        ] GC(31) Using 10 workers of 10 for evacuation
[2026-04-03T01:53:21.800+0600][8.718s][info][gc,phases      ] GC(31)   Pre Evacuate Collection Set: 0.16ms
[2026-04-03T01:53:21.800+0600][8.718s][info][gc,phases      ] GC(31)   Merge Heap Roots: 0.10ms
[2026-04-03T01:53:21.800+0600][8.718s][info][gc,phases      ] GC(31)   Evacuate Collection Set: 0.25ms
[2026-04-03T01:53:21.800+0600][8.718s][info][gc,phases      ] GC(31)   Post Evacuate Collection Set: 0.45ms
[2026-04-03T01:53:21.800+0600][8.718s][info][gc,phases      ] GC(31)   Other: 0.11ms
[2026-04-03T01:53:21.800+0600][8.718s][info][gc,heap        ] GC(31) Eden regions: 62->0(62)
[2026-04-03T01:53:21.800+0600][8.718s][info][gc,heap        ] GC(31) Survivor regions: 1->1(8)
[2026-04-03T01:53:21.800+0600][8.718s][info][gc,heap        ] GC(31) Old regions: 7->7
[2026-04-03T01:53:21.800+0600][8.718s][info][gc,heap        ] GC(31) Humongous regions: 0->0
[2026-04-03T01:53:21.800+0600][8.718s][info][gc,metaspace   ] GC(31) Metaspace: 14050K(14336K)->14050K(14336K) NonClass: 12244K(12416K)->12244K(12416K) Class: 1805K(1920K)->1805K(1920K)
[2026-04-03T01:53:21.800+0600][8.718s][info][gc             ] GC(31) Pause Young (Normal) (G1 Evacuation Pause) 128M->4M(210M) 1.378ms
[2026-04-03T01:53:21.800+0600][8.718s][info][gc,cpu         ] GC(31) User=0.01s Sys=0.00s Real=0.01s
[2026-04-03T01:53:22.027+0600][8.945s][info][gc,start       ] GC(32) Pause Young (Normal) (G1 Evacuation Pause)
[2026-04-03T01:53:22.027+0600][8.945s][info][gc,task        ] GC(32) Using 10 workers of 10 for evacuation
[2026-04-03T01:53:22.028+0600][8.946s][info][gc,phases      ] GC(32)   Pre Evacuate Collection Set: 0.17ms
[2026-04-03T01:53:22.028+0600][8.946s][info][gc,phases      ] GC(32)   Merge Heap Roots: 0.11ms
[2026-04-03T01:53:22.028+0600][8.946s][info][gc,phases      ] GC(32)   Evacuate Collection Set: 0.28ms
[2026-04-03T01:53:22.028+0600][8.946s][info][gc,phases      ] GC(32)   Post Evacuate Collection Set: 0.41ms
[2026-04-03T01:53:22.028+0600][8.946s][info][gc,phases      ] GC(32)   Other: 0.10ms
[2026-04-03T01:53:22.028+0600][8.946s][info][gc,heap        ] GC(32) Eden regions: 62->0(62)
[2026-04-03T01:53:22.029+0600][8.946s][info][gc,heap        ] GC(32) Survivor regions: 1->1(8)
[2026-04-03T01:53:22.029+0600][8.946s][info][gc,heap        ] GC(32) Old regions: 7->7
[2026-04-03T01:53:22.029+0600][8.946s][info][gc,heap        ] GC(32) Humongous regions: 0->0
[2026-04-03T01:53:22.029+0600][8.946s][info][gc,metaspace   ] GC(32) Metaspace: 14050K(14336K)->14050K(14336K) NonClass: 12244K(12416K)->12244K(12416K) Class: 1805K(1920K)->1805K(1920K)
[2026-04-03T01:53:22.029+0600][8.946s][info][gc             ] GC(32) Pause Young (Normal) (G1 Evacuation Pause) 128M->4M(210M) 1.408ms
[2026-04-03T01:53:22.029+0600][8.946s][info][gc,cpu         ] GC(32) User=0.01s Sys=0.00s Real=0.00s
[2026-04-03T01:53:22.234+0600][9.151s][info][gc,start       ] GC(33) Pause Young (Normal) (G1 Evacuation Pause)
[2026-04-03T01:53:22.234+0600][9.152s][info][gc,task        ] GC(33) Using 10 workers of 10 for evacuation
[2026-04-03T01:53:22.235+0600][9.152s][info][gc,phases      ] GC(33)   Pre Evacuate Collection Set: 0.16ms
[2026-04-03T01:53:22.235+0600][9.153s][info][gc,phases      ] GC(33)   Merge Heap Roots: 0.09ms
[2026-04-03T01:53:22.235+0600][9.153s][info][gc,phases      ] GC(33)   Evacuate Collection Set: 0.24ms
[2026-04-03T01:53:22.235+0600][9.153s][info][gc,phases      ] GC(33)   Post Evacuate Collection Set: 0.41ms
[2026-04-03T01:53:22.235+0600][9.153s][info][gc,phases      ] GC(33)   Other: 0.09ms
[2026-04-03T01:53:22.235+0600][9.153s][info][gc,heap        ] GC(33) Eden regions: 62->0(62)
[2026-04-03T01:53:22.235+0600][9.153s][info][gc,heap        ] GC(33) Survivor regions: 1->1(8)
[2026-04-03T01:53:22.235+0600][9.153s][info][gc,heap        ] GC(33) Old regions: 7->7
[2026-04-03T01:53:22.235+0600][9.153s][info][gc,heap        ] GC(33) Humongous regions: 0->0
[2026-04-03T01:53:22.235+0600][9.153s][info][gc,metaspace   ] GC(33) Metaspace: 14050K(14336K)->14050K(14336K) NonClass: 12244K(12416K)->12244K(12416K) Class: 1805K(1920K)->1805K(1920K)
[2026-04-03T01:53:22.235+0600][9.153s][info][gc             ] GC(33) Pause Young (Normal) (G1 Evacuation Pause) 128M->4M(210M) 1.275ms
[2026-04-03T01:53:22.235+0600][9.153s][info][gc,cpu         ] GC(33) User=0.01s Sys=0.00s Real=0.00s
[2026-04-03T01:53:22.462+0600][9.380s][info][gc,start       ] GC(34) Pause Young (Normal) (G1 Evacuation Pause)
[2026-04-03T01:53:22.462+0600][9.380s][info][gc,task        ] GC(34) Using 10 workers of 10 for evacuation
[2026-04-03T01:53:22.465+0600][9.383s][info][gc,phases      ] GC(34)   Pre Evacuate Collection Set: 0.15ms
[2026-04-03T01:53:22.465+0600][9.383s][info][gc,phases      ] GC(34)   Merge Heap Roots: 0.12ms
[2026-04-03T01:53:22.465+0600][9.383s][info][gc,phases      ] GC(34)   Evacuate Collection Set: 1.43ms
[2026-04-03T01:53:22.465+0600][9.383s][info][gc,phases      ] GC(34)   Post Evacuate Collection Set: 0.75ms
[2026-04-03T01:53:22.465+0600][9.383s][info][gc,phases      ] GC(34)   Other: 0.10ms
[2026-04-03T01:53:22.465+0600][9.383s][info][gc,heap        ] GC(34) Eden regions: 62->0(62)
[2026-04-03T01:53:22.465+0600][9.383s][info][gc,heap        ] GC(34) Survivor regions: 1->1(8)
[2026-04-03T01:53:22.465+0600][9.383s][info][gc,heap        ] GC(34) Old regions: 7->7
[2026-04-03T01:53:22.465+0600][9.383s][info][gc,heap        ] GC(34) Humongous regions: 0->0
[2026-04-03T01:53:22.465+0600][9.383s][info][gc,metaspace   ] GC(34) Metaspace: 14052K(14336K)->14052K(14336K) NonClass: 12247K(12416K)->12247K(12416K) Class: 1805K(1920K)->1805K(1920K)
[2026-04-03T01:53:22.465+0600][9.383s][info][gc             ] GC(34) Pause Young (Normal) (G1 Evacuation Pause) 128M->4M(210M) 2.925ms
[2026-04-03T01:53:22.465+0600][9.383s][info][gc,cpu         ] GC(34) User=0.01s Sys=0.00s Real=0.00s
[2026-04-03T01:53:22.698+0600][9.616s][info][gc,start       ] GC(35) Pause Young (Normal) (G1 Evacuation Pause)
[2026-04-03T01:53:22.699+0600][9.616s][info][gc,task        ] GC(35) Using 10 workers of 10 for evacuation
[2026-04-03T01:53:22.700+0600][9.618s][info][gc,phases      ] GC(35)   Pre Evacuate Collection Set: 0.21ms
[2026-04-03T01:53:22.700+0600][9.618s][info][gc,phases      ] GC(35)   Merge Heap Roots: 0.13ms
[2026-04-03T01:53:22.700+0600][9.618s][info][gc,phases      ] GC(35)   Evacuate Collection Set: 0.50ms
[2026-04-03T01:53:22.700+0600][9.618s][info][gc,phases      ] GC(35)   Post Evacuate Collection Set: 0.70ms
[2026-04-03T01:53:22.700+0600][9.618s][info][gc,phases      ] GC(35)   Other: 0.12ms
[2026-04-03T01:53:22.700+0600][9.618s][info][gc,heap        ] GC(35) Eden regions: 62->0(62)
[2026-04-03T01:53:22.700+0600][9.618s][info][gc,heap        ] GC(35) Survivor regions: 1->1(8)
[2026-04-03T01:53:22.700+0600][9.618s][info][gc,heap        ] GC(35) Old regions: 7->7
[2026-04-03T01:53:22.700+0600][9.618s][info][gc,heap        ] GC(35) Humongous regions: 0->0
[2026-04-03T01:53:22.700+0600][9.618s][info][gc,metaspace   ] GC(35) Metaspace: 14052K(14336K)->14052K(14336K) NonClass: 12247K(12416K)->12247K(12416K) Class: 1805K(1920K)->1805K(1920K)
[2026-04-03T01:53:22.701+0600][9.618s][info][gc             ] GC(35) Pause Young (Normal) (G1 Evacuation Pause) 128M->4M(210M) 2.060ms
[2026-04-03T01:53:22.701+0600][9.618s][info][gc,cpu         ] GC(35) User=0.01s Sys=0.00s Real=0.01s
[2026-04-03T01:53:22.941+0600][9.859s][info][gc,start       ] GC(36) Pause Young (Normal) (G1 Evacuation Pause)
[2026-04-03T01:53:22.941+0600][9.859s][info][gc,task        ] GC(36) Using 10 workers of 10 for evacuation
[2026-04-03T01:53:22.942+0600][9.860s][info][gc,phases      ] GC(36)   Pre Evacuate Collection Set: 0.21ms
[2026-04-03T01:53:22.942+0600][9.860s][info][gc,phases      ] GC(36)   Merge Heap Roots: 0.14ms
[2026-04-03T01:53:22.942+0600][9.860s][info][gc,phases      ] GC(36)   Evacuate Collection Set: 0.29ms
[2026-04-03T01:53:22.942+0600][9.860s][info][gc,phases      ] GC(36)   Post Evacuate Collection Set: 0.45ms
[2026-04-03T01:53:22.942+0600][9.860s][info][gc,phases      ] GC(36)   Other: 0.12ms
[2026-04-03T01:53:22.942+0600][9.860s][info][gc,heap        ] GC(36) Eden regions: 62->0(62)
[2026-04-03T01:53:22.942+0600][9.860s][info][gc,heap        ] GC(36) Survivor regions: 1->1(8)
[2026-04-03T01:53:22.942+0600][9.860s][info][gc,heap        ] GC(36) Old regions: 7->7
[2026-04-03T01:53:22.942+0600][9.860s][info][gc,heap        ] GC(36) Humongous regions: 0->0
[2026-04-03T01:53:22.942+0600][9.860s][info][gc,metaspace   ] GC(36) Metaspace: 14052K(14336K)->14052K(14336K) NonClass: 12247K(12416K)->12247K(12416K) Class: 1805K(1920K)->1805K(1920K)
[2026-04-03T01:53:22.942+0600][9.860s][info][gc             ] GC(36) Pause Young (Normal) (G1 Evacuation Pause) 128M->4M(210M) 1.645ms
[2026-04-03T01:53:22.943+0600][9.860s][info][gc,cpu         ] GC(36) User=0.00s Sys=0.01s Real=0.00s
[2026-04-03T01:53:23.129+0600][10.047s][info][gc,start       ] GC(37) Pause Young (Normal) (G1 Evacuation Pause)
[2026-04-03T01:53:23.129+0600][10.047s][info][gc,task        ] GC(37) Using 10 workers of 10 for evacuation
[2026-04-03T01:53:23.131+0600][10.049s][info][gc,phases      ] GC(37)   Pre Evacuate Collection Set: 0.15ms
[2026-04-03T01:53:23.131+0600][10.049s][info][gc,phases      ] GC(37)   Merge Heap Roots: 0.32ms
[2026-04-03T01:53:23.131+0600][10.049s][info][gc,phases      ] GC(37)   Evacuate Collection Set: 0.33ms
[2026-04-03T01:53:23.131+0600][10.049s][info][gc,phases      ] GC(37)   Post Evacuate Collection Set: 0.58ms
[2026-04-03T01:53:23.131+0600][10.049s][info][gc,phases      ] GC(37)   Other: 0.10ms
[2026-04-03T01:53:23.131+0600][10.049s][info][gc,heap        ] GC(37) Eden regions: 62->0(62)
[2026-04-03T01:53:23.131+0600][10.049s][info][gc,heap        ] GC(37) Survivor regions: 1->1(8)
[2026-04-03T01:53:23.131+0600][10.049s][info][gc,heap        ] GC(37) Old regions: 7->7
[2026-04-03T01:53:23.131+0600][10.049s][info][gc,heap        ] GC(37) Humongous regions: 0->0
[2026-04-03T01:53:23.131+0600][10.049s][info][gc,metaspace   ] GC(37) Metaspace: 14053K(14336K)->14053K(14336K) NonClass: 12247K(12416K)->12247K(12416K) Class: 1805K(1920K)->1805K(1920K)
[2026-04-03T01:53:23.131+0600][10.049s][info][gc             ] GC(37) Pause Young (Normal) (G1 Evacuation Pause) 128M->4M(210M) 1.854ms
[2026-04-03T01:53:23.131+0600][10.049s][info][gc,cpu         ] GC(37) User=0.01s Sys=0.00s Real=0.01s
[2026-04-03T01:53:23.317+0600][10.234s][info][gc,start       ] GC(38) Pause Young (Normal) (G1 Evacuation Pause)
[2026-04-03T01:53:23.317+0600][10.235s][info][gc,task        ] GC(38) Using 10 workers of 10 for evacuation
[2026-04-03T01:53:23.318+0600][10.236s][info][gc,phases      ] GC(38)   Pre Evacuate Collection Set: 0.17ms
[2026-04-03T01:53:23.318+0600][10.236s][info][gc,phases      ] GC(38)   Merge Heap Roots: 0.11ms
[2026-04-03T01:53:23.318+0600][10.236s][info][gc,phases      ] GC(38)   Evacuate Collection Set: 0.23ms
[2026-04-03T01:53:23.318+0600][10.236s][info][gc,phases      ] GC(38)   Post Evacuate Collection Set: 0.46ms
[2026-04-03T01:53:23.318+0600][10.236s][info][gc,phases      ] GC(38)   Other: 0.09ms
[2026-04-03T01:53:23.318+0600][10.236s][info][gc,heap        ] GC(38) Eden regions: 62->0(62)
[2026-04-03T01:53:23.318+0600][10.236s][info][gc,heap        ] GC(38) Survivor regions: 1->1(8)
[2026-04-03T01:53:23.318+0600][10.236s][info][gc,heap        ] GC(38) Old regions: 7->7
[2026-04-03T01:53:23.318+0600][10.236s][info][gc,heap        ] GC(38) Humongous regions: 0->0
[2026-04-03T01:53:23.318+0600][10.236s][info][gc,metaspace   ] GC(38) Metaspace: 14053K(14336K)->14053K(14336K) NonClass: 12247K(12416K)->12247K(12416K) Class: 1805K(1920K)->1805K(1920K)
[2026-04-03T01:53:23.318+0600][10.236s][info][gc             ] GC(38) Pause Young (Normal) (G1 Evacuation Pause) 128M->4M(210M) 1.385ms
[2026-04-03T01:53:23.318+0600][10.236s][info][gc,cpu         ] GC(38) User=0.01s Sys=0.00s Real=0.00s
[2026-04-03T01:53:23.536+0600][10.454s][info][gc,start       ] GC(39) Pause Young (Normal) (G1 Evacuation Pause)
[2026-04-03T01:53:23.536+0600][10.454s][info][gc,task        ] GC(39) Using 10 workers of 10 for evacuation
[2026-04-03T01:53:23.538+0600][10.455s][info][gc,phases      ] GC(39)   Pre Evacuate Collection Set: 0.23ms
[2026-04-03T01:53:23.538+0600][10.455s][info][gc,phases      ] GC(39)   Merge Heap Roots: 0.11ms
[2026-04-03T01:53:23.538+0600][10.455s][info][gc,phases      ] GC(39)   Evacuate Collection Set: 0.35ms
[2026-04-03T01:53:23.538+0600][10.455s][info][gc,phases      ] GC(39)   Post Evacuate Collection Set: 0.67ms
[2026-04-03T01:53:23.538+0600][10.456s][info][gc,phases      ] GC(39)   Other: 0.11ms
[2026-04-03T01:53:23.538+0600][10.456s][info][gc,heap        ] GC(39) Eden regions: 62->0(62)
[2026-04-03T01:53:23.538+0600][10.456s][info][gc,heap        ] GC(39) Survivor regions: 1->1(8)
[2026-04-03T01:53:23.538+0600][10.456s][info][gc,heap        ] GC(39) Old regions: 7->7
[2026-04-03T01:53:23.538+0600][10.456s][info][gc,heap        ] GC(39) Humongous regions: 0->0
[2026-04-03T01:53:23.538+0600][10.456s][info][gc,metaspace   ] GC(39) Metaspace: 14053K(14336K)->14053K(14336K) NonClass: 12247K(12416K)->12247K(12416K) Class: 1805K(1920K)->1805K(1920K)
[2026-04-03T01:53:23.538+0600][10.456s][info][gc             ] GC(39) Pause Young (Normal) (G1 Evacuation Pause) 128M->4M(210M) 1.962ms
[2026-04-03T01:53:23.538+0600][10.456s][info][gc,cpu         ] GC(39) User=0.01s Sys=0.00s Real=0.00s
[2026-04-03T01:53:23.966+0600][10.884s][info][gc,start       ] GC(40) Pause Young (Normal) (G1 Evacuation Pause)
[2026-04-03T01:53:23.966+0600][10.884s][info][gc,task        ] GC(40) Using 9 workers of 10 for evacuation
[2026-04-03T01:53:23.968+0600][10.885s][info][gc,phases      ] GC(40)   Pre Evacuate Collection Set: 0.22ms
[2026-04-03T01:53:23.968+0600][10.885s][info][gc,phases      ] GC(40)   Merge Heap Roots: 0.14ms
[2026-04-03T01:53:23.968+0600][10.885s][info][gc,phases      ] GC(40)   Evacuate Collection Set: 0.27ms
[2026-04-03T01:53:23.968+0600][10.885s][info][gc,phases      ] GC(40)   Post Evacuate Collection Set: 0.42ms
[2026-04-03T01:53:23.968+0600][10.885s][info][gc,phases      ] GC(40)   Other: 0.08ms
[2026-04-03T01:53:23.968+0600][10.886s][info][gc,heap        ] GC(40) Eden regions: 62->0(62)
[2026-04-03T01:53:23.968+0600][10.886s][info][gc,heap        ] GC(40) Survivor regions: 1->1(8)
[2026-04-03T01:53:23.968+0600][10.886s][info][gc,heap        ] GC(40) Old regions: 7->7
[2026-04-03T01:53:23.968+0600][10.886s][info][gc,heap        ] GC(40) Humongous regions: 0->0
[2026-04-03T01:53:23.968+0600][10.886s][info][gc,metaspace   ] GC(40) Metaspace: 14053K(14336K)->14053K(14336K) NonClass: 12247K(12416K)->12247K(12416K) Class: 1805K(1920K)->1805K(1920K)
[2026-04-03T01:53:23.968+0600][10.886s][info][gc             ] GC(40) Pause Young (Normal) (G1 Evacuation Pause) 128M->4M(210M) 1.443ms
[2026-04-03T01:53:23.968+0600][10.886s][info][gc,cpu         ] GC(40) User=0.00s Sys=0.00s Real=0.00s
[2026-04-03T01:53:24.109+0600][11.027s][info][gc,start       ] GC(41) Pause Full (System.gc())
[2026-04-03T01:53:24.109+0600][11.027s][info][gc,task        ] GC(41) Using 7 workers of 10 for full compaction
[2026-04-03T01:53:24.109+0600][11.027s][info][gc,phases,start] GC(41) Phase 1: Mark live objects
[2026-04-03T01:53:24.116+0600][11.033s][info][gc,phases      ] GC(41) Phase 1: Mark live objects 6.366ms
[2026-04-03T01:53:24.116+0600][11.034s][info][gc,phases,start] GC(41) Phase 2: Prepare compaction
[2026-04-03T01:53:24.117+0600][11.034s][info][gc,phases      ] GC(41) Phase 2: Prepare compaction 0.924ms
[2026-04-03T01:53:24.117+0600][11.035s][info][gc,phases,start] GC(41) Phase 3: Adjust pointers
[2026-04-03T01:53:24.120+0600][11.038s][info][gc,phases      ] GC(41) Phase 3: Adjust pointers 3.259ms
[2026-04-03T01:53:24.120+0600][11.038s][info][gc,phases,start] GC(41) Phase 4: Compact heap
[2026-04-03T01:53:24.121+0600][11.039s][info][gc,phases      ] GC(41) Phase 4: Compact heap 1.005ms
[2026-04-03T01:53:24.121+0600][11.039s][info][gc,phases,start] GC(41) Phase 5: Reset Metadata
[2026-04-03T01:53:24.122+0600][11.040s][info][gc,phases      ] GC(41) Phase 5: Reset Metadata 0.939ms
[2026-04-03T01:53:24.126+0600][11.043s][info][gc,heap        ] GC(41) Eden regions: 17->0(14)
[2026-04-03T01:53:24.126+0600][11.043s][info][gc,heap        ] GC(41) Survivor regions: 1->0(8)
[2026-04-03T01:53:24.126+0600][11.043s][info][gc,heap        ] GC(41) Old regions: 7->7
[2026-04-03T01:53:24.126+0600][11.043s][info][gc,heap        ] GC(41) Humongous regions: 0->0
[2026-04-03T01:53:24.126+0600][11.043s][info][gc,metaspace   ] GC(41) Metaspace: 14227K(14464K)->14214K(14464K) NonClass: 12404K(12544K)->12395K(12544K) Class: 1822K(1920K)->1818K(1920K)
[2026-04-03T01:53:24.126+0600][11.044s][info][gc             ] GC(41) Pause Full (System.gc()) 37M->4M(48M) 16.778ms
[2026-04-03T01:53:24.126+0600][11.044s][info][gc,cpu         ] GC(41) User=0.07s Sys=0.01s Real=0.02s
[2026-04-03T01:53:24.253+0600][11.171s][info][gc,start       ] GC(42) Pause Young (Normal) (G1 Evacuation Pause)
[2026-04-03T01:53:24.253+0600][11.171s][info][gc,task        ] GC(42) Using 10 workers of 10 for evacuation
[2026-04-03T01:53:24.254+0600][11.172s][info][gc,phases      ] GC(42)   Pre Evacuate Collection Set: 0.21ms
[2026-04-03T01:53:24.254+0600][11.172s][info][gc,phases      ] GC(42)   Merge Heap Roots: 0.09ms
[2026-04-03T01:53:24.254+0600][11.172s][info][gc,phases      ] GC(42)   Evacuate Collection Set: 0.32ms
[2026-04-03T01:53:24.254+0600][11.172s][info][gc,phases      ] GC(42)   Post Evacuate Collection Set: 0.46ms
[2026-04-03T01:53:24.254+0600][11.172s][info][gc,phases      ] GC(42)   Other: 0.09ms
[2026-04-03T01:53:24.254+0600][11.172s][info][gc,heap        ] GC(42) Eden regions: 14->0(13)
[2026-04-03T01:53:24.254+0600][11.172s][info][gc,heap        ] GC(42) Survivor regions: 0->1(2)
[2026-04-03T01:53:24.254+0600][11.172s][info][gc,heap        ] GC(42) Old regions: 7->7
[2026-04-03T01:53:24.254+0600][11.172s][info][gc,heap        ] GC(42) Humongous regions: 0->0
[2026-04-03T01:53:24.254+0600][11.172s][info][gc,metaspace   ] GC(42) Metaspace: 14216K(14464K)->14216K(14464K) NonClass: 12397K(12544K)->12397K(12544K) Class: 1818K(1920K)->1818K(1920K)
[2026-04-03T01:53:24.254+0600][11.172s][info][gc             ] GC(42) Pause Young (Normal) (G1 Evacuation Pause) 32M->4M(48M) 1.540ms
[2026-04-03T01:53:24.254+0600][11.172s][info][gc,cpu         ] GC(42) User=0.00s Sys=0.00s Real=0.00s
[2026-04-03T01:53:24.327+0600][11.245s][info][gc,start       ] GC(43) Pause Young (Normal) (G1 Evacuation Pause)
[2026-04-03T01:53:24.327+0600][11.245s][info][gc,task        ] GC(43) Using 10 workers of 10 for evacuation
[2026-04-03T01:53:24.328+0600][11.246s][info][gc,phases      ] GC(43)   Pre Evacuate Collection Set: 0.16ms
[2026-04-03T01:53:24.328+0600][11.246s][info][gc,phases      ] GC(43)   Merge Heap Roots: 0.09ms
[2026-04-03T01:53:24.328+0600][11.246s][info][gc,phases      ] GC(43)   Evacuate Collection Set: 0.41ms
[2026-04-03T01:53:24.328+0600][11.246s][info][gc,phases      ] GC(43)   Post Evacuate Collection Set: 0.39ms
[2026-04-03T01:53:24.328+0600][11.246s][info][gc,phases      ] GC(43)   Other: 0.10ms
[2026-04-03T01:53:24.328+0600][11.246s][info][gc,heap        ] GC(43) Eden regions: 13->0(13)
[2026-04-03T01:53:24.328+0600][11.246s][info][gc,heap        ] GC(43) Survivor regions: 1->1(2)
[2026-04-03T01:53:24.328+0600][11.246s][info][gc,heap        ] GC(43) Old regions: 7->7
[2026-04-03T01:53:24.329+0600][11.246s][info][gc,heap        ] GC(43) Humongous regions: 0->0
[2026-04-03T01:53:24.329+0600][11.246s][info][gc,metaspace   ] GC(43) Metaspace: 14216K(14464K)->14216K(14464K) NonClass: 12397K(12544K)->12397K(12544K) Class: 1818K(1920K)->1818K(1920K)
[2026-04-03T01:53:24.329+0600][11.246s][info][gc             ] GC(43) Pause Young (Normal) (G1 Evacuation Pause) 30M->4M(48M) 1.471ms
[2026-04-03T01:53:24.329+0600][11.246s][info][gc,cpu         ] GC(43) User=0.01s Sys=0.00s Real=0.00s
[2026-04-03T01:53:24.401+0600][11.318s][info][gc,start       ] GC(44) Pause Young (Normal) (G1 Evacuation Pause)
[2026-04-03T01:53:24.401+0600][11.319s][info][gc,task        ] GC(44) Using 10 workers of 10 for evacuation
[2026-04-03T01:53:24.402+0600][11.320s][info][gc,phases      ] GC(44)   Pre Evacuate Collection Set: 0.15ms
[2026-04-03T01:53:24.402+0600][11.320s][info][gc,phases      ] GC(44)   Merge Heap Roots: 0.09ms
[2026-04-03T01:53:24.402+0600][11.320s][info][gc,phases      ] GC(44)   Evacuate Collection Set: 0.40ms
[2026-04-03T01:53:24.402+0600][11.320s][info][gc,phases      ] GC(44)   Post Evacuate Collection Set: 0.45ms
[2026-04-03T01:53:24.402+0600][11.320s][info][gc,phases      ] GC(44)   Other: 0.10ms
[2026-04-03T01:53:24.402+0600][11.320s][info][gc,heap        ] GC(44) Eden regions: 13->0(13)
[2026-04-03T01:53:24.402+0600][11.320s][info][gc,heap        ] GC(44) Survivor regions: 1->1(2)
[2026-04-03T01:53:24.402+0600][11.320s][info][gc,heap        ] GC(44) Old regions: 7->7
[2026-04-03T01:53:24.402+0600][11.320s][info][gc,heap        ] GC(44) Humongous regions: 0->0
[2026-04-03T01:53:24.402+0600][11.320s][info][gc,metaspace   ] GC(44) Metaspace: 14216K(14464K)->14216K(14464K) NonClass: 12397K(12544K)->12397K(12544K) Class: 1818K(1920K)->1818K(1920K)
[2026-04-03T01:53:24.402+0600][11.320s][info][gc             ] GC(44) Pause Young (Normal) (G1 Evacuation Pause) 30M->4M(48M) 1.634ms
[2026-04-03T01:53:24.402+0600][11.320s][info][gc,cpu         ] GC(44) User=0.01s Sys=0.00s Real=0.00s
[2026-04-03T01:53:24.460+0600][11.378s][info][gc,start       ] GC(45) Pause Young (Normal) (G1 Evacuation Pause)
[2026-04-03T01:53:24.460+0600][11.378s][info][gc,task        ] GC(45) Using 10 workers of 10 for evacuation
[2026-04-03T01:53:24.462+0600][11.380s][info][gc,phases      ] GC(45)   Pre Evacuate Collection Set: 0.16ms
[2026-04-03T01:53:24.462+0600][11.380s][info][gc,phases      ] GC(45)   Merge Heap Roots: 0.08ms
[2026-04-03T01:53:24.462+0600][11.380s][info][gc,phases      ] GC(45)   Evacuate Collection Set: 0.36ms
[2026-04-03T01:53:24.462+0600][11.380s][info][gc,phases      ] GC(45)   Post Evacuate Collection Set: 0.82ms
[2026-04-03T01:53:24.462+0600][11.380s][info][gc,phases      ] GC(45)   Other: 0.11ms
[2026-04-03T01:53:24.462+0600][11.380s][info][gc,heap        ] GC(45) Eden regions: 13->0(43)
[2026-04-03T01:53:24.462+0600][11.380s][info][gc,heap        ] GC(45) Survivor regions: 1->1(2)
[2026-04-03T01:53:24.462+0600][11.380s][info][gc,heap        ] GC(45) Old regions: 7->7
[2026-04-03T01:53:24.462+0600][11.380s][info][gc,heap        ] GC(45) Humongous regions: 0->0
[2026-04-03T01:53:24.462+0600][11.380s][info][gc,metaspace   ] GC(45) Metaspace: 14216K(14464K)->14216K(14464K) NonClass: 12397K(12544K)->12397K(12544K) Class: 1818K(1920K)->1818K(1920K)
[2026-04-03T01:53:24.462+0600][11.380s][info][gc             ] GC(45) Pause Young (Normal) (G1 Evacuation Pause) 30M->4M(148M) 1.865ms
[2026-04-03T01:53:24.462+0600][11.380s][info][gc,cpu         ] GC(45) User=0.01s Sys=0.00s Real=0.00s
[2026-04-03T01:53:24.625+0600][11.543s][info][gc,start       ] GC(46) Pause Young (Normal) (G1 Evacuation Pause)
[2026-04-03T01:53:24.625+0600][11.543s][info][gc,task        ] GC(46) Using 10 workers of 10 for evacuation
[2026-04-03T01:53:24.626+0600][11.544s][info][gc,phases      ] GC(46)   Pre Evacuate Collection Set: 0.17ms
[2026-04-03T01:53:24.626+0600][11.544s][info][gc,phases      ] GC(46)   Merge Heap Roots: 0.10ms
[2026-04-03T01:53:24.626+0600][11.544s][info][gc,phases      ] GC(46)   Evacuate Collection Set: 0.52ms
[2026-04-03T01:53:24.626+0600][11.544s][info][gc,phases      ] GC(46)   Post Evacuate Collection Set: 0.41ms
[2026-04-03T01:53:24.626+0600][11.544s][info][gc,phases      ] GC(46)   Other: 0.08ms
[2026-04-03T01:53:24.626+0600][11.544s][info][gc,heap        ] GC(46) Eden regions: 43->0(43)
[2026-04-03T01:53:24.626+0600][11.544s][info][gc,heap        ] GC(46) Survivor regions: 1->1(6)
[2026-04-03T01:53:24.626+0600][11.544s][info][gc,heap        ] GC(46) Old regions: 7->7
[2026-04-03T01:53:24.626+0600][11.544s][info][gc,heap        ] GC(46) Humongous regions: 0->0
[2026-04-03T01:53:24.626+0600][11.544s][info][gc,metaspace   ] GC(46) Metaspace: 14216K(14464K)->14216K(14464K) NonClass: 12397K(12544K)->12397K(12544K) Class: 1818K(1920K)->1818K(1920K)
[2026-04-03T01:53:24.626+0600][11.544s][info][gc             ] GC(46) Pause Young (Normal) (G1 Evacuation Pause) 90M->4M(148M) 1.545ms
[2026-04-03T01:53:24.626+0600][11.544s][info][gc,cpu         ] GC(46) User=0.00s Sys=0.01s Real=0.00s
[2026-04-03T01:53:24.775+0600][11.693s][info][gc,start       ] GC(47) Pause Young (Normal) (G1 Evacuation Pause)
[2026-04-03T01:53:24.775+0600][11.693s][info][gc,task        ] GC(47) Using 10 workers of 10 for evacuation
[2026-04-03T01:53:24.776+0600][11.694s][info][gc,phases      ] GC(47)   Pre Evacuate Collection Set: 0.16ms
[2026-04-03T01:53:24.776+0600][11.694s][info][gc,phases      ] GC(47)   Merge Heap Roots: 0.09ms
[2026-04-03T01:53:24.776+0600][11.694s][info][gc,phases      ] GC(47)   Evacuate Collection Set: 0.55ms
[2026-04-03T01:53:24.776+0600][11.694s][info][gc,phases      ] GC(47)   Post Evacuate Collection Set: 0.43ms
[2026-04-03T01:53:24.776+0600][11.694s][info][gc,phases      ] GC(47)   Other: 0.09ms
[2026-04-03T01:53:24.776+0600][11.694s][info][gc,heap        ] GC(47) Eden regions: 43->0(43)
[2026-04-03T01:53:24.776+0600][11.694s][info][gc,heap        ] GC(47) Survivor regions: 1->1(6)
[2026-04-03T01:53:24.776+0600][11.694s][info][gc,heap        ] GC(47) Old regions: 7->7
[2026-04-03T01:53:24.776+0600][11.694s][info][gc,heap        ] GC(47) Humongous regions: 0->0
[2026-04-03T01:53:24.776+0600][11.694s][info][gc,metaspace   ] GC(47) Metaspace: 14216K(14464K)->14216K(14464K) NonClass: 12397K(12544K)->12397K(12544K) Class: 1818K(1920K)->1818K(1920K)
[2026-04-03T01:53:24.776+0600][11.694s][info][gc             ] GC(47) Pause Young (Normal) (G1 Evacuation Pause) 90M->4M(148M) 1.688ms
[2026-04-03T01:53:24.776+0600][11.694s][info][gc,cpu         ] GC(47) User=0.01s Sys=0.00s Real=0.00s
[2026-04-03T01:53:24.928+0600][11.846s][info][gc,start       ] GC(48) Pause Young (Normal) (G1 Evacuation Pause)
[2026-04-03T01:53:24.929+0600][11.846s][info][gc,task        ] GC(48) Using 10 workers of 10 for evacuation
[2026-04-03T01:53:24.930+0600][11.847s][info][gc,phases      ] GC(48)   Pre Evacuate Collection Set: 0.16ms
[2026-04-03T01:53:24.930+0600][11.847s][info][gc,phases      ] GC(48)   Merge Heap Roots: 0.08ms
[2026-04-03T01:53:24.930+0600][11.847s][info][gc,phases      ] GC(48)   Evacuate Collection Set: 0.31ms
[2026-04-03T01:53:24.930+0600][11.847s][info][gc,phases      ] GC(48)   Post Evacuate Collection Set: 0.42ms
[2026-04-03T01:53:24.930+0600][11.847s][info][gc,phases      ] GC(48)   Other: 0.08ms
[2026-04-03T01:53:24.930+0600][11.847s][info][gc,heap        ] GC(48) Eden regions: 43->0(43)
[2026-04-03T01:53:24.930+0600][11.847s][info][gc,heap        ] GC(48) Survivor regions: 1->1(6)
[2026-04-03T01:53:24.930+0600][11.847s][info][gc,heap        ] GC(48) Old regions: 7->7
[2026-04-03T01:53:24.930+0600][11.847s][info][gc,heap        ] GC(48) Humongous regions: 0->0
[2026-04-03T01:53:24.930+0600][11.848s][info][gc,metaspace   ] GC(48) Metaspace: 14216K(14464K)->14216K(14464K) NonClass: 12398K(12544K)->12398K(12544K) Class: 1818K(1920K)->1818K(1920K)
[2026-04-03T01:53:24.930+0600][11.848s][info][gc             ] GC(48) Pause Young (Normal) (G1 Evacuation Pause) 90M->4M(148M) 1.343ms
[2026-04-03T01:53:24.930+0600][11.848s][info][gc,cpu         ] GC(48) User=0.00s Sys=0.00s Real=0.01s
[2026-04-03T01:53:25.069+0600][11.987s][info][gc,start       ] GC(49) Pause Young (Normal) (G1 Evacuation Pause)
[2026-04-03T01:53:25.069+0600][11.987s][info][gc,task        ] GC(49) Using 10 workers of 10 for evacuation
[2026-04-03T01:53:25.070+0600][11.988s][info][gc,phases      ] GC(49)   Pre Evacuate Collection Set: 0.16ms
[2026-04-03T01:53:25.070+0600][11.988s][info][gc,phases      ] GC(49)   Merge Heap Roots: 0.11ms
[2026-04-03T01:53:25.070+0600][11.988s][info][gc,phases      ] GC(49)   Evacuate Collection Set: 0.29ms
[2026-04-03T01:53:25.070+0600][11.988s][info][gc,phases      ] GC(49)   Post Evacuate Collection Set: 0.40ms
[2026-04-03T01:53:25.070+0600][11.988s][info][gc,phases      ] GC(49)   Other: 0.09ms
[2026-04-03T01:53:25.070+0600][11.988s][info][gc,heap        ] GC(49) Eden regions: 43->0(43)
[2026-04-03T01:53:25.070+0600][11.988s][info][gc,heap        ] GC(49) Survivor regions: 1->1(6)
[2026-04-03T01:53:25.070+0600][11.988s][info][gc,heap        ] GC(49) Old regions: 7->7
[2026-04-03T01:53:25.070+0600][11.988s][info][gc,heap        ] GC(49) Humongous regions: 0->0
[2026-04-03T01:53:25.070+0600][11.988s][info][gc,metaspace   ] GC(49) Metaspace: 14216K(14464K)->14216K(14464K) NonClass: 12398K(12544K)->12398K(12544K) Class: 1818K(1920K)->1818K(1920K)
[2026-04-03T01:53:25.071+0600][11.988s][info][gc             ] GC(49) Pause Young (Normal) (G1 Evacuation Pause) 90M->4M(148M) 1.375ms
[2026-04-03T01:53:25.071+0600][11.988s][info][gc,cpu         ] GC(49) User=0.01s Sys=0.00s Real=0.01s
[2026-04-03T01:53:25.215+0600][12.133s][info][gc,start       ] GC(50) Pause Young (Normal) (G1 Evacuation Pause)
[2026-04-03T01:53:25.215+0600][12.133s][info][gc,task        ] GC(50) Using 10 workers of 10 for evacuation
[2026-04-03T01:53:25.216+0600][12.134s][info][gc,phases      ] GC(50)   Pre Evacuate Collection Set: 0.15ms
[2026-04-03T01:53:25.216+0600][12.134s][info][gc,phases      ] GC(50)   Merge Heap Roots: 0.09ms
[2026-04-03T01:53:25.216+0600][12.134s][info][gc,phases      ] GC(50)   Evacuate Collection Set: 0.31ms
[2026-04-03T01:53:25.216+0600][12.134s][info][gc,phases      ] GC(50)   Post Evacuate Collection Set: 0.45ms
[2026-04-03T01:53:25.216+0600][12.134s][info][gc,phases      ] GC(50)   Other: 0.09ms
[2026-04-03T01:53:25.216+0600][12.134s][info][gc,heap        ] GC(50) Eden regions: 43->0(43)
[2026-04-03T01:53:25.216+0600][12.134s][info][gc,heap        ] GC(50) Survivor regions: 1->1(6)
[2026-04-03T01:53:25.216+0600][12.134s][info][gc,heap        ] GC(50) Old regions: 7->7
[2026-04-03T01:53:25.216+0600][12.134s][info][gc,heap        ] GC(50) Humongous regions: 0->0
[2026-04-03T01:53:25.216+0600][12.134s][info][gc,metaspace   ] GC(50) Metaspace: 14216K(14464K)->14216K(14464K) NonClass: 12398K(12544K)->12398K(12544K) Class: 1818K(1920K)->1818K(1920K)
[2026-04-03T01:53:25.216+0600][12.134s][info][gc             ] GC(50) Pause Young (Normal) (G1 Evacuation Pause) 90M->4M(148M) 1.355ms
[2026-04-03T01:53:25.216+0600][12.134s][info][gc,cpu         ] GC(50) User=0.00s Sys=0.01s Real=0.00s
[2026-04-03T01:53:25.352+0600][12.269s][info][gc,start       ] GC(51) Pause Young (Normal) (G1 Evacuation Pause)
[2026-04-03T01:53:25.352+0600][12.270s][info][gc,task        ] GC(51) Using 10 workers of 10 for evacuation
[2026-04-03T01:53:25.353+0600][12.271s][info][gc,phases      ] GC(51)   Pre Evacuate Collection Set: 0.21ms
[2026-04-03T01:53:25.353+0600][12.271s][info][gc,phases      ] GC(51)   Merge Heap Roots: 0.10ms
[2026-04-03T01:53:25.353+0600][12.271s][info][gc,phases      ] GC(51)   Evacuate Collection Set: 0.33ms
[2026-04-03T01:53:25.353+0600][12.271s][info][gc,phases      ] GC(51)   Post Evacuate Collection Set: 0.41ms
[2026-04-03T01:53:25.353+0600][12.271s][info][gc,phases      ] GC(51)   Other: 0.11ms
[2026-04-03T01:53:25.353+0600][12.271s][info][gc,heap        ] GC(51) Eden regions: 43->0(43)
[2026-04-03T01:53:25.353+0600][12.271s][info][gc,heap        ] GC(51) Survivor regions: 1->1(6)
[2026-04-03T01:53:25.353+0600][12.271s][info][gc,heap        ] GC(51) Old regions: 7->7
[2026-04-03T01:53:25.353+0600][12.271s][info][gc,heap        ] GC(51) Humongous regions: 0->0
[2026-04-03T01:53:25.353+0600][12.271s][info][gc,metaspace   ] GC(51) Metaspace: 14216K(14464K)->14216K(14464K) NonClass: 12398K(12544K)->12398K(12544K) Class: 1818K(1920K)->1818K(1920K)
[2026-04-03T01:53:25.353+0600][12.271s][info][gc             ] GC(51) Pause Young (Normal) (G1 Evacuation Pause) 90M->4M(148M) 1.424ms
[2026-04-03T01:53:25.353+0600][12.271s][info][gc,cpu         ] GC(51) User=0.01s Sys=0.00s Real=0.00s
[2026-04-03T01:53:25.483+0600][12.401s][info][gc,start       ] GC(52) Pause Young (Normal) (G1 Evacuation Pause)
[2026-04-03T01:53:25.483+0600][12.401s][info][gc,task        ] GC(52) Using 10 workers of 10 for evacuation
[2026-04-03T01:53:25.484+0600][12.402s][info][gc,phases      ] GC(52)   Pre Evacuate Collection Set: 0.13ms
[2026-04-03T01:53:25.484+0600][12.402s][info][gc,phases      ] GC(52)   Merge Heap Roots: 0.08ms
[2026-04-03T01:53:25.484+0600][12.402s][info][gc,phases      ] GC(52)   Evacuate Collection Set: 0.25ms
[2026-04-03T01:53:25.484+0600][12.402s][info][gc,phases      ] GC(52)   Post Evacuate Collection Set: 0.34ms
[2026-04-03T01:53:25.484+0600][12.402s][info][gc,phases      ] GC(52)   Other: 0.08ms
[2026-04-03T01:53:25.484+0600][12.402s][info][gc,heap        ] GC(52) Eden regions: 43->0(43)
[2026-04-03T01:53:25.484+0600][12.402s][info][gc,heap        ] GC(52) Survivor regions: 1->1(6)
[2026-04-03T01:53:25.484+0600][12.402s][info][gc,heap        ] GC(52) Old regions: 7->7
[2026-04-03T01:53:25.484+0600][12.402s][info][gc,heap        ] GC(52) Humongous regions: 0->0
[2026-04-03T01:53:25.484+0600][12.402s][info][gc,metaspace   ] GC(52) Metaspace: 14216K(14464K)->14216K(14464K) NonClass: 12398K(12544K)->12398K(12544K) Class: 1818K(1920K)->1818K(1920K)
[2026-04-03T01:53:25.485+0600][12.402s][info][gc             ] GC(52) Pause Young (Normal) (G1 Evacuation Pause) 90M->4M(148M) 1.137ms
[2026-04-03T01:53:25.485+0600][12.402s][info][gc,cpu         ] GC(52) User=0.00s Sys=0.00s Real=0.00s
[2026-04-03T01:53:25.612+0600][12.530s][info][gc,start       ] GC(53) Pause Young (Normal) (G1 Evacuation Pause)
[2026-04-03T01:53:25.612+0600][12.530s][info][gc,task        ] GC(53) Using 10 workers of 10 for evacuation
[2026-04-03T01:53:25.613+0600][12.531s][info][gc,phases      ] GC(53)   Pre Evacuate Collection Set: 0.14ms
[2026-04-03T01:53:25.613+0600][12.531s][info][gc,phases      ] GC(53)   Merge Heap Roots: 0.08ms
[2026-04-03T01:53:25.613+0600][12.531s][info][gc,phases      ] GC(53)   Evacuate Collection Set: 0.29ms
[2026-04-03T01:53:25.613+0600][12.531s][info][gc,phases      ] GC(53)   Post Evacuate Collection Set: 0.39ms
[2026-04-03T01:53:25.613+0600][12.531s][info][gc,phases      ] GC(53)   Other: 0.08ms
[2026-04-03T01:53:25.613+0600][12.531s][info][gc,heap        ] GC(53) Eden regions: 43->0(43)
[2026-04-03T01:53:25.613+0600][12.531s][info][gc,heap        ] GC(53) Survivor regions: 1->1(6)
[2026-04-03T01:53:25.613+0600][12.531s][info][gc,heap        ] GC(53) Old regions: 7->7
[2026-04-03T01:53:25.613+0600][12.531s][info][gc,heap        ] GC(53) Humongous regions: 0->0
[2026-04-03T01:53:25.613+0600][12.531s][info][gc,metaspace   ] GC(53) Metaspace: 14216K(14464K)->14216K(14464K) NonClass: 12398K(12544K)->12398K(12544K) Class: 1818K(1920K)->1818K(1920K)
[2026-04-03T01:53:25.613+0600][12.531s][info][gc             ] GC(53) Pause Young (Normal) (G1 Evacuation Pause) 90M->4M(148M) 1.306ms
[2026-04-03T01:53:25.614+0600][12.531s][info][gc,cpu         ] GC(53) User=0.01s Sys=0.00s Real=0.00s
[2026-04-03T01:53:25.754+0600][12.672s][info][gc,start       ] GC(54) Pause Young (Normal) (G1 Evacuation Pause)
[2026-04-03T01:53:25.754+0600][12.672s][info][gc,task        ] GC(54) Using 10 workers of 10 for evacuation
[2026-04-03T01:53:25.755+0600][12.673s][info][gc,phases      ] GC(54)   Pre Evacuate Collection Set: 0.14ms
[2026-04-03T01:53:25.755+0600][12.673s][info][gc,phases      ] GC(54)   Merge Heap Roots: 0.08ms
[2026-04-03T01:53:25.755+0600][12.673s][info][gc,phases      ] GC(54)   Evacuate Collection Set: 0.30ms
[2026-04-03T01:53:25.755+0600][12.673s][info][gc,phases      ] GC(54)   Post Evacuate Collection Set: 0.50ms
[2026-04-03T01:53:25.755+0600][12.673s][info][gc,phases      ] GC(54)   Other: 0.08ms
[2026-04-03T01:53:25.755+0600][12.673s][info][gc,heap        ] GC(54) Eden regions: 43->0(43)
[2026-04-03T01:53:25.755+0600][12.673s][info][gc,heap        ] GC(54) Survivor regions: 1->1(6)
[2026-04-03T01:53:25.755+0600][12.673s][info][gc,heap        ] GC(54) Old regions: 7->7
[2026-04-03T01:53:25.755+0600][12.673s][info][gc,heap        ] GC(54) Humongous regions: 0->0
[2026-04-03T01:53:25.755+0600][12.673s][info][gc,metaspace   ] GC(54) Metaspace: 14218K(14464K)->14218K(14464K) NonClass: 12399K(12544K)->12399K(12544K) Class: 1818K(1920K)->1818K(1920K)
[2026-04-03T01:53:25.756+0600][12.673s][info][gc             ] GC(54) Pause Young (Normal) (G1 Evacuation Pause) 90M->4M(148M) 1.389ms
[2026-04-03T01:53:25.756+0600][12.673s][info][gc,cpu         ] GC(54) User=0.01s Sys=0.00s Real=0.00s
[2026-04-03T01:53:25.896+0600][12.814s][info][gc,start       ] GC(55) Pause Young (Normal) (G1 Evacuation Pause)
[2026-04-03T01:53:25.896+0600][12.814s][info][gc,task        ] GC(55) Using 10 workers of 10 for evacuation
[2026-04-03T01:53:25.897+0600][12.815s][info][gc,phases      ] GC(55)   Pre Evacuate Collection Set: 0.14ms
[2026-04-03T01:53:25.897+0600][12.815s][info][gc,phases      ] GC(55)   Merge Heap Roots: 0.09ms
[2026-04-03T01:53:25.897+0600][12.815s][info][gc,phases      ] GC(55)   Evacuate Collection Set: 0.32ms
[2026-04-03T01:53:25.897+0600][12.815s][info][gc,phases      ] GC(55)   Post Evacuate Collection Set: 0.40ms
[2026-04-03T01:53:25.897+0600][12.815s][info][gc,phases      ] GC(55)   Other: 0.08ms
[2026-04-03T01:53:25.897+0600][12.815s][info][gc,heap        ] GC(55) Eden regions: 43->0(43)
[2026-04-03T01:53:25.897+0600][12.815s][info][gc,heap        ] GC(55) Survivor regions: 1->1(6)
[2026-04-03T01:53:25.897+0600][12.815s][info][gc,heap        ] GC(55) Old regions: 7->7
[2026-04-03T01:53:25.897+0600][12.815s][info][gc,heap        ] GC(55) Humongous regions: 0->0
[2026-04-03T01:53:25.898+0600][12.815s][info][gc,metaspace   ] GC(55) Metaspace: 14218K(14464K)->14218K(14464K) NonClass: 12400K(12544K)->12400K(12544K) Class: 1818K(1920K)->1818K(1920K)
[2026-04-03T01:53:25.898+0600][12.815s][info][gc             ] GC(55) Pause Young (Normal) (G1 Evacuation Pause) 90M->4M(148M) 1.312ms
[2026-04-03T01:53:25.898+0600][12.815s][info][gc,cpu         ] GC(55) User=0.01s Sys=0.00s Real=0.00s
[2026-04-03T01:53:26.040+0600][12.958s][info][gc,start       ] GC(56) Pause Young (Normal) (G1 Evacuation Pause)
[2026-04-03T01:53:26.041+0600][12.958s][info][gc,task        ] GC(56) Using 10 workers of 10 for evacuation
[2026-04-03T01:53:26.042+0600][12.959s][info][gc,phases      ] GC(56)   Pre Evacuate Collection Set: 0.16ms
[2026-04-03T01:53:26.042+0600][12.959s][info][gc,phases      ] GC(56)   Merge Heap Roots: 0.09ms
[2026-04-03T01:53:26.042+0600][12.959s][info][gc,phases      ] GC(56)   Evacuate Collection Set: 0.27ms
[2026-04-03T01:53:26.042+0600][12.959s][info][gc,phases      ] GC(56)   Post Evacuate Collection Set: 0.39ms
[2026-04-03T01:53:26.042+0600][12.959s][info][gc,phases      ] GC(56)   Other: 0.09ms
[2026-04-03T01:53:26.042+0600][12.960s][info][gc,heap        ] GC(56) Eden regions: 43->0(43)
[2026-04-03T01:53:26.042+0600][12.960s][info][gc,heap        ] GC(56) Survivor regions: 1->1(6)
[2026-04-03T01:53:26.042+0600][12.960s][info][gc,heap        ] GC(56) Old regions: 7->7
[2026-04-03T01:53:26.042+0600][12.960s][info][gc,heap        ] GC(56) Humongous regions: 0->0
[2026-04-03T01:53:26.042+0600][12.960s][info][gc,metaspace   ] GC(56) Metaspace: 14218K(14464K)->14218K(14464K) NonClass: 12400K(12544K)->12400K(12544K) Class: 1818K(1920K)->1818K(1920K)
[2026-04-03T01:53:26.042+0600][12.960s][info][gc             ] GC(56) Pause Young (Normal) (G1 Evacuation Pause) 90M->4M(148M) 1.354ms
[2026-04-03T01:53:26.042+0600][12.960s][info][gc,cpu         ] GC(56) User=0.01s Sys=0.00s Real=0.00s
[2026-04-03T01:53:26.171+0600][13.089s][info][gc,start       ] GC(57) Pause Young (Normal) (G1 Evacuation Pause)
[2026-04-03T01:53:26.171+0600][13.089s][info][gc,task        ] GC(57) Using 10 workers of 10 for evacuation
[2026-04-03T01:53:26.173+0600][13.090s][info][gc,phases      ] GC(57)   Pre Evacuate Collection Set: 0.15ms
[2026-04-03T01:53:26.173+0600][13.090s][info][gc,phases      ] GC(57)   Merge Heap Roots: 0.09ms
[2026-04-03T01:53:26.173+0600][13.090s][info][gc,phases      ] GC(57)   Evacuate Collection Set: 0.42ms
[2026-04-03T01:53:26.173+0600][13.090s][info][gc,phases      ] GC(57)   Post Evacuate Collection Set: 0.43ms
[2026-04-03T01:53:26.173+0600][13.090s][info][gc,phases      ] GC(57)   Other: 0.09ms
[2026-04-03T01:53:26.173+0600][13.090s][info][gc,heap        ] GC(57) Eden regions: 43->0(43)
[2026-04-03T01:53:26.173+0600][13.090s][info][gc,heap        ] GC(57) Survivor regions: 1->1(6)
[2026-04-03T01:53:26.173+0600][13.090s][info][gc,heap        ] GC(57) Old regions: 7->8
[2026-04-03T01:53:26.173+0600][13.090s][info][gc,heap        ] GC(57) Humongous regions: 0->0
[2026-04-03T01:53:26.173+0600][13.090s][info][gc,metaspace   ] GC(57) Metaspace: 14218K(14464K)->14218K(14464K) NonClass: 12400K(12544K)->12400K(12544K) Class: 1818K(1920K)->1818K(1920K)
[2026-04-03T01:53:26.173+0600][13.091s][info][gc             ] GC(57) Pause Young (Normal) (G1 Evacuation Pause) 90M->4M(148M) 1.657ms
[2026-04-03T01:53:26.173+0600][13.091s][info][gc,cpu         ] GC(57) User=0.01s Sys=0.00s Real=0.00s
[2026-04-03T01:53:26.314+0600][13.232s][info][gc,start       ] GC(58) Pause Young (Normal) (G1 Evacuation Pause)
[2026-04-03T01:53:26.314+0600][13.232s][info][gc,task        ] GC(58) Using 10 workers of 10 for evacuation
[2026-04-03T01:53:26.315+0600][13.233s][info][gc,phases      ] GC(58)   Pre Evacuate Collection Set: 0.16ms
[2026-04-03T01:53:26.315+0600][13.233s][info][gc,phases      ] GC(58)   Merge Heap Roots: 0.12ms
[2026-04-03T01:53:26.315+0600][13.233s][info][gc,phases      ] GC(58)   Evacuate Collection Set: 0.26ms
[2026-04-03T01:53:26.315+0600][13.233s][info][gc,phases      ] GC(58)   Post Evacuate Collection Set: 0.49ms
[2026-04-03T01:53:26.315+0600][13.233s][info][gc,phases      ] GC(58)   Other: 0.10ms
[2026-04-03T01:53:26.315+0600][13.233s][info][gc,heap        ] GC(58) Eden regions: 43->0(43)
[2026-04-03T01:53:26.315+0600][13.233s][info][gc,heap        ] GC(58) Survivor regions: 1->1(6)
[2026-04-03T01:53:26.315+0600][13.233s][info][gc,heap        ] GC(58) Old regions: 8->8
[2026-04-03T01:53:26.316+0600][13.233s][info][gc,heap        ] GC(58) Humongous regions: 0->0
[2026-04-03T01:53:26.316+0600][13.233s][info][gc,metaspace   ] GC(58) Metaspace: 14218K(14464K)->14218K(14464K) NonClass: 12400K(12544K)->12400K(12544K) Class: 1818K(1920K)->1818K(1920K)
[2026-04-03T01:53:26.316+0600][13.233s][info][gc             ] GC(58) Pause Young (Normal) (G1 Evacuation Pause) 90M->4M(148M) 1.474ms
[2026-04-03T01:53:26.316+0600][13.233s][info][gc,cpu         ] GC(58) User=0.01s Sys=0.00s Real=0.00s
[2026-04-03T01:53:26.480+0600][13.398s][info][gc,start       ] GC(59) Pause Young (Normal) (G1 Evacuation Pause)
[2026-04-03T01:53:26.480+0600][13.398s][info][gc,task        ] GC(59) Using 10 workers of 10 for evacuation
[2026-04-03T01:53:26.482+0600][13.399s][info][gc,phases      ] GC(59)   Pre Evacuate Collection Set: 0.18ms
[2026-04-03T01:53:26.482+0600][13.399s][info][gc,phases      ] GC(59)   Merge Heap Roots: 0.11ms
[2026-04-03T01:53:26.482+0600][13.399s][info][gc,phases      ] GC(59)   Evacuate Collection Set: 0.29ms
[2026-04-03T01:53:26.482+0600][13.399s][info][gc,phases      ] GC(59)   Post Evacuate Collection Set: 0.37ms
[2026-04-03T01:53:26.482+0600][13.399s][info][gc,phases      ] GC(59)   Other: 0.09ms
[2026-04-03T01:53:26.482+0600][13.399s][info][gc,heap        ] GC(59) Eden regions: 43->0(43)
[2026-04-03T01:53:26.482+0600][13.399s][info][gc,heap        ] GC(59) Survivor regions: 1->1(6)
[2026-04-03T01:53:26.482+0600][13.399s][info][gc,heap        ] GC(59) Old regions: 8->8
[2026-04-03T01:53:26.482+0600][13.399s][info][gc,heap        ] GC(59) Humongous regions: 0->0
[2026-04-03T01:53:26.482+0600][13.399s][info][gc,metaspace   ] GC(59) Metaspace: 14218K(14464K)->14218K(14464K) NonClass: 12400K(12544K)->12400K(12544K) Class: 1818K(1920K)->1818K(1920K)
[2026-04-03T01:53:26.482+0600][13.400s][info][gc             ] GC(59) Pause Young (Normal) (G1 Evacuation Pause) 90M->4M(148M) 1.317ms
[2026-04-03T01:53:26.482+0600][13.400s][info][gc,cpu         ] GC(59) User=0.01s Sys=0.00s Real=0.00s
[2026-04-03T01:53:26.618+0600][13.536s][info][gc,start       ] GC(60) Pause Young (Normal) (G1 Evacuation Pause)
[2026-04-03T01:53:26.619+0600][13.536s][info][gc,task        ] GC(60) Using 10 workers of 10 for evacuation
[2026-04-03T01:53:26.619+0600][13.537s][info][gc,phases      ] GC(60)   Pre Evacuate Collection Set: 0.15ms
[2026-04-03T01:53:26.619+0600][13.537s][info][gc,phases      ] GC(60)   Merge Heap Roots: 0.09ms
[2026-04-03T01:53:26.619+0600][13.537s][info][gc,phases      ] GC(60)   Evacuate Collection Set: 0.20ms
[2026-04-03T01:53:26.619+0600][13.537s][info][gc,phases      ] GC(60)   Post Evacuate Collection Set: 0.35ms
[2026-04-03T01:53:26.619+0600][13.537s][info][gc,phases      ] GC(60)   Other: 0.07ms
[2026-04-03T01:53:26.620+0600][13.537s][info][gc,heap        ] GC(60) Eden regions: 43->0(43)
[2026-04-03T01:53:26.620+0600][13.537s][info][gc,heap        ] GC(60) Survivor regions: 1->1(6)
[2026-04-03T01:53:26.620+0600][13.537s][info][gc,heap        ] GC(60) Old regions: 8->8
[2026-04-03T01:53:26.620+0600][13.537s][info][gc,heap        ] GC(60) Humongous regions: 0->0
[2026-04-03T01:53:26.620+0600][13.537s][info][gc,metaspace   ] GC(60) Metaspace: 14218K(14464K)->14218K(14464K) NonClass: 12400K(12544K)->12400K(12544K) Class: 1818K(1920K)->1818K(1920K)
[2026-04-03T01:53:26.620+0600][13.537s][info][gc             ] GC(60) Pause Young (Normal) (G1 Evacuation Pause) 90M->4M(148M) 1.118ms
[2026-04-03T01:53:26.620+0600][13.537s][info][gc,cpu         ] GC(60) User=0.01s Sys=0.00s Real=0.00s
[2026-04-03T01:53:26.749+0600][13.667s][info][gc,start       ] GC(61) Pause Young (Normal) (G1 Evacuation Pause)
[2026-04-03T01:53:26.749+0600][13.667s][info][gc,task        ] GC(61) Using 10 workers of 10 for evacuation
[2026-04-03T01:53:26.750+0600][13.668s][info][gc,phases      ] GC(61)   Pre Evacuate Collection Set: 0.17ms
[2026-04-03T01:53:26.750+0600][13.668s][info][gc,phases      ] GC(61)   Merge Heap Roots: 0.11ms
[2026-04-03T01:53:26.750+0600][13.668s][info][gc,phases      ] GC(61)   Evacuate Collection Set: 0.20ms
[2026-04-03T01:53:26.750+0600][13.668s][info][gc,phases      ] GC(61)   Post Evacuate Collection Set: 0.43ms
[2026-04-03T01:53:26.750+0600][13.668s][info][gc,phases      ] GC(61)   Other: 0.10ms
[2026-04-03T01:53:26.750+0600][13.668s][info][gc,heap        ] GC(61) Eden regions: 43->0(43)
[2026-04-03T01:53:26.750+0600][13.668s][info][gc,heap        ] GC(61) Survivor regions: 1->1(6)
[2026-04-03T01:53:26.750+0600][13.668s][info][gc,heap        ] GC(61) Old regions: 8->8
[2026-04-03T01:53:26.750+0600][13.668s][info][gc,heap        ] GC(61) Humongous regions: 0->0
[2026-04-03T01:53:26.750+0600][13.668s][info][gc,metaspace   ] GC(61) Metaspace: 14218K(14464K)->14218K(14464K) NonClass: 12400K(12544K)->12400K(12544K) Class: 1818K(1920K)->1818K(1920K)
[2026-04-03T01:53:26.750+0600][13.668s][info][gc             ] GC(61) Pause Young (Normal) (G1 Evacuation Pause) 90M->4M(148M) 1.365ms
[2026-04-03T01:53:26.750+0600][13.668s][info][gc,cpu         ] GC(61) User=0.01s Sys=0.00s Real=0.01s
[2026-04-03T01:53:26.877+0600][13.794s][info][gc,start       ] GC(62) Pause Young (Normal) (G1 Evacuation Pause)
[2026-04-03T01:53:26.877+0600][13.795s][info][gc,task        ] GC(62) Using 10 workers of 10 for evacuation
[2026-04-03T01:53:26.878+0600][13.796s][info][gc,phases      ] GC(62)   Pre Evacuate Collection Set: 0.19ms
[2026-04-03T01:53:26.878+0600][13.796s][info][gc,phases      ] GC(62)   Merge Heap Roots: 0.10ms
[2026-04-03T01:53:26.878+0600][13.796s][info][gc,phases      ] GC(62)   Evacuate Collection Set: 0.28ms
[2026-04-03T01:53:26.878+0600][13.796s][info][gc,phases      ] GC(62)   Post Evacuate Collection Set: 0.49ms
[2026-04-03T01:53:26.878+0600][13.796s][info][gc,phases      ] GC(62)   Other: 0.11ms
[2026-04-03T01:53:26.878+0600][13.796s][info][gc,heap        ] GC(62) Eden regions: 43->0(43)
[2026-04-03T01:53:26.878+0600][13.796s][info][gc,heap        ] GC(62) Survivor regions: 1->1(6)
[2026-04-03T01:53:26.878+0600][13.796s][info][gc,heap        ] GC(62) Old regions: 8->8
[2026-04-03T01:53:26.878+0600][13.796s][info][gc,heap        ] GC(62) Humongous regions: 0->0
[2026-04-03T01:53:26.878+0600][13.796s][info][gc,metaspace   ] GC(62) Metaspace: 14218K(14464K)->14218K(14464K) NonClass: 12400K(12544K)->12400K(12544K) Class: 1818K(1920K)->1818K(1920K)
[2026-04-03T01:53:26.878+0600][13.796s][info][gc             ] GC(62) Pause Young (Normal) (G1 Evacuation Pause) 90M->4M(148M) 1.534ms
[2026-04-03T01:53:26.878+0600][13.796s][info][gc,cpu         ] GC(62) User=0.00s Sys=0.00s Real=0.00s
[2026-04-03T01:53:27.010+0600][13.928s][info][gc,start       ] GC(63) Pause Young (Normal) (G1 Evacuation Pause)
[2026-04-03T01:53:27.010+0600][13.928s][info][gc,task        ] GC(63) Using 10 workers of 10 for evacuation
[2026-04-03T01:53:27.011+0600][13.929s][info][gc,phases      ] GC(63)   Pre Evacuate Collection Set: 0.14ms
[2026-04-03T01:53:27.012+0600][13.929s][info][gc,phases      ] GC(63)   Merge Heap Roots: 0.10ms
[2026-04-03T01:53:27.012+0600][13.929s][info][gc,phases      ] GC(63)   Evacuate Collection Set: 0.25ms
[2026-04-03T01:53:27.012+0600][13.929s][info][gc,phases      ] GC(63)   Post Evacuate Collection Set: 0.50ms
[2026-04-03T01:53:27.012+0600][13.929s][info][gc,phases      ] GC(63)   Other: 0.09ms
[2026-04-03T01:53:27.012+0600][13.929s][info][gc,heap        ] GC(63) Eden regions: 43->0(43)
[2026-04-03T01:53:27.012+0600][13.929s][info][gc,heap        ] GC(63) Survivor regions: 1->1(6)
[2026-04-03T01:53:27.012+0600][13.929s][info][gc,heap        ] GC(63) Old regions: 8->8
[2026-04-03T01:53:27.012+0600][13.929s][info][gc,heap        ] GC(63) Humongous regions: 0->0
[2026-04-03T01:53:27.012+0600][13.929s][info][gc,metaspace   ] GC(63) Metaspace: 14218K(14464K)->14218K(14464K) NonClass: 12400K(12544K)->12400K(12544K) Class: 1818K(1920K)->1818K(1920K)
[2026-04-03T01:53:27.012+0600][13.929s][info][gc             ] GC(63) Pause Young (Normal) (G1 Evacuation Pause) 90M->4M(148M) 1.409ms
[2026-04-03T01:53:27.012+0600][13.930s][info][gc,cpu         ] GC(63) User=0.00s Sys=0.01s Real=0.00s
[2026-04-03T01:53:27.139+0600][14.057s][info][gc,start       ] GC(64) Pause Young (Normal) (G1 Evacuation Pause)
[2026-04-03T01:53:27.139+0600][14.057s][info][gc,task        ] GC(64) Using 10 workers of 10 for evacuation
[2026-04-03T01:53:27.140+0600][14.058s][info][gc,phases      ] GC(64)   Pre Evacuate Collection Set: 0.15ms
[2026-04-03T01:53:27.140+0600][14.058s][info][gc,phases      ] GC(64)   Merge Heap Roots: 0.09ms
[2026-04-03T01:53:27.140+0600][14.058s][info][gc,phases      ] GC(64)   Evacuate Collection Set: 0.28ms
[2026-04-03T01:53:27.140+0600][14.058s][info][gc,phases      ] GC(64)   Post Evacuate Collection Set: 0.46ms
[2026-04-03T01:53:27.140+0600][14.058s][info][gc,phases      ] GC(64)   Other: 0.09ms
[2026-04-03T01:53:27.140+0600][14.058s][info][gc,heap        ] GC(64) Eden regions: 43->0(43)
[2026-04-03T01:53:27.141+0600][14.058s][info][gc,heap        ] GC(64) Survivor regions: 1->1(6)
[2026-04-03T01:53:27.141+0600][14.058s][info][gc,heap        ] GC(64) Old regions: 8->8
[2026-04-03T01:53:27.141+0600][14.058s][info][gc,heap        ] GC(64) Humongous regions: 0->0
[2026-04-03T01:53:27.141+0600][14.058s][info][gc,metaspace   ] GC(64) Metaspace: 14218K(14464K)->14218K(14464K) NonClass: 12400K(12544K)->12400K(12544K) Class: 1818K(1920K)->1818K(1920K)
[2026-04-03T01:53:27.141+0600][14.058s][info][gc             ] GC(64) Pause Young (Normal) (G1 Evacuation Pause) 90M->4M(148M) 1.405ms
[2026-04-03T01:53:27.141+0600][14.058s][info][gc,cpu         ] GC(64) User=0.00s Sys=0.00s Real=0.01s
[2026-04-03T01:53:27.279+0600][14.196s][info][gc,start       ] GC(65) Pause Young (Normal) (G1 Evacuation Pause)
[2026-04-03T01:53:27.279+0600][14.197s][info][gc,task        ] GC(65) Using 10 workers of 10 for evacuation
[2026-04-03T01:53:27.280+0600][14.198s][info][gc,phases      ] GC(65)   Pre Evacuate Collection Set: 0.15ms
[2026-04-03T01:53:27.280+0600][14.198s][info][gc,phases      ] GC(65)   Merge Heap Roots: 0.09ms
[2026-04-03T01:53:27.280+0600][14.198s][info][gc,phases      ] GC(65)   Evacuate Collection Set: 0.22ms
[2026-04-03T01:53:27.280+0600][14.198s][info][gc,phases      ] GC(65)   Post Evacuate Collection Set: 0.47ms
[2026-04-03T01:53:27.280+0600][14.198s][info][gc,phases      ] GC(65)   Other: 0.14ms
[2026-04-03T01:53:27.280+0600][14.198s][info][gc,heap        ] GC(65) Eden regions: 43->0(43)
[2026-04-03T01:53:27.280+0600][14.198s][info][gc,heap        ] GC(65) Survivor regions: 1->1(6)
[2026-04-03T01:53:27.280+0600][14.198s][info][gc,heap        ] GC(65) Old regions: 8->8
[2026-04-03T01:53:27.280+0600][14.198s][info][gc,heap        ] GC(65) Humongous regions: 0->0
[2026-04-03T01:53:27.280+0600][14.198s][info][gc,metaspace   ] GC(65) Metaspace: 14218K(14464K)->14218K(14464K) NonClass: 12400K(12544K)->12400K(12544K) Class: 1818K(1920K)->1818K(1920K)
[2026-04-03T01:53:27.280+0600][14.198s][info][gc             ] GC(65) Pause Young (Normal) (G1 Evacuation Pause) 90M->4M(148M) 1.452ms
[2026-04-03T01:53:27.280+0600][14.198s][info][gc,cpu         ] GC(65) User=0.00s Sys=0.00s Real=0.01s
[2026-04-03T01:53:27.459+0600][14.377s][info][gc,start       ] GC(66) Pause Young (Normal) (G1 Evacuation Pause)
[2026-04-03T01:53:27.460+0600][14.377s][info][gc,task        ] GC(66) Using 10 workers of 10 for evacuation
[2026-04-03T01:53:27.464+0600][14.382s][info][gc,phases      ] GC(66)   Pre Evacuate Collection Set: 0.28ms
[2026-04-03T01:53:27.464+0600][14.382s][info][gc,phases      ] GC(66)   Merge Heap Roots: 0.12ms
[2026-04-03T01:53:27.464+0600][14.382s][info][gc,phases      ] GC(66)   Evacuate Collection Set: 2.97ms
[2026-04-03T01:53:27.464+0600][14.382s][info][gc,phases      ] GC(66)   Post Evacuate Collection Set: 0.80ms
[2026-04-03T01:53:27.464+0600][14.382s][info][gc,phases      ] GC(66)   Other: 0.16ms
[2026-04-03T01:53:27.464+0600][14.382s][info][gc,heap        ] GC(66) Eden regions: 43->0(43)
[2026-04-03T01:53:27.464+0600][14.382s][info][gc,heap        ] GC(66) Survivor regions: 1->1(6)
[2026-04-03T01:53:27.464+0600][14.382s][info][gc,heap        ] GC(66) Old regions: 8->8
[2026-04-03T01:53:27.464+0600][14.382s][info][gc,heap        ] GC(66) Humongous regions: 0->0
[2026-04-03T01:53:27.464+0600][14.382s][info][gc,metaspace   ] GC(66) Metaspace: 14219K(14464K)->14219K(14464K) NonClass: 12400K(12544K)->12400K(12544K) Class: 1818K(1920K)->1818K(1920K)
[2026-04-03T01:53:27.464+0600][14.382s][info][gc             ] GC(66) Pause Young (Normal) (G1 Evacuation Pause) 90M->4M(148M) 4.733ms
[2026-04-03T01:53:27.464+0600][14.382s][info][gc,cpu         ] GC(66) User=0.01s Sys=0.00s Real=0.01s
[2026-04-03T01:53:27.644+0600][14.561s][info][gc,start       ] GC(67) Pause Young (Normal) (G1 Evacuation Pause)
[2026-04-03T01:53:27.644+0600][14.562s][info][gc,task        ] GC(67) Using 10 workers of 10 for evacuation
[2026-04-03T01:53:27.648+0600][14.565s][info][gc,phases      ] GC(67)   Pre Evacuate Collection Set: 0.26ms
[2026-04-03T01:53:27.648+0600][14.566s][info][gc,phases      ] GC(67)   Merge Heap Roots: 0.15ms
[2026-04-03T01:53:27.648+0600][14.566s][info][gc,phases      ] GC(67)   Evacuate Collection Set: 2.78ms
[2026-04-03T01:53:27.648+0600][14.566s][info][gc,phases      ] GC(67)   Post Evacuate Collection Set: 0.62ms
[2026-04-03T01:53:27.648+0600][14.566s][info][gc,phases      ] GC(67)   Other: 0.16ms
[2026-04-03T01:53:27.648+0600][14.566s][info][gc,heap        ] GC(67) Eden regions: 43->0(43)
[2026-04-03T01:53:27.648+0600][14.566s][info][gc,heap        ] GC(67) Survivor regions: 1->1(6)
[2026-04-03T01:53:27.648+0600][14.566s][info][gc,heap        ] GC(67) Old regions: 8->8
[2026-04-03T01:53:27.648+0600][14.566s][info][gc,heap        ] GC(67) Humongous regions: 0->0
[2026-04-03T01:53:27.648+0600][14.566s][info][gc,metaspace   ] GC(67) Metaspace: 14219K(14464K)->14219K(14464K) NonClass: 12400K(12544K)->12400K(12544K) Class: 1818K(1920K)->1818K(1920K)
[2026-04-03T01:53:27.648+0600][14.566s][info][gc             ] GC(67) Pause Young (Normal) (G1 Evacuation Pause) 90M->4M(148M) 4.445ms
[2026-04-03T01:53:27.648+0600][14.566s][info][gc,cpu         ] GC(67) User=0.01s Sys=0.00s Real=0.00s
[2026-04-03T01:53:27.812+0600][14.730s][info][gc,start       ] GC(68) Pause Young (Normal) (G1 Evacuation Pause)
[2026-04-03T01:53:27.812+0600][14.730s][info][gc,task        ] GC(68) Using 10 workers of 10 for evacuation
[2026-04-03T01:53:27.813+0600][14.731s][info][gc,phases      ] GC(68)   Pre Evacuate Collection Set: 0.15ms
[2026-04-03T01:53:27.813+0600][14.731s][info][gc,phases      ] GC(68)   Merge Heap Roots: 0.09ms
[2026-04-03T01:53:27.813+0600][14.731s][info][gc,phases      ] GC(68)   Evacuate Collection Set: 0.22ms
[2026-04-03T01:53:27.813+0600][14.731s][info][gc,phases      ] GC(68)   Post Evacuate Collection Set: 0.38ms
[2026-04-03T01:53:27.813+0600][14.731s][info][gc,phases      ] GC(68)   Other: 0.09ms
[2026-04-03T01:53:27.813+0600][14.731s][info][gc,heap        ] GC(68) Eden regions: 43->0(43)
[2026-04-03T01:53:27.813+0600][14.731s][info][gc,heap        ] GC(68) Survivor regions: 1->1(6)
[2026-04-03T01:53:27.813+0600][14.731s][info][gc,heap        ] GC(68) Old regions: 8->8
[2026-04-03T01:53:27.813+0600][14.731s][info][gc,heap        ] GC(68) Humongous regions: 0->0
[2026-04-03T01:53:27.813+0600][14.731s][info][gc,metaspace   ] GC(68) Metaspace: 14219K(14464K)->14219K(14464K) NonClass: 12400K(12544K)->12400K(12544K) Class: 1818K(1920K)->1818K(1920K)
[2026-04-03T01:53:27.813+0600][14.731s][info][gc             ] GC(68) Pause Young (Normal) (G1 Evacuation Pause) 90M->4M(148M) 1.215ms
[2026-04-03T01:53:27.813+0600][14.731s][info][gc,cpu         ] GC(68) User=0.00s Sys=0.00s Real=0.00s
[2026-04-03T01:53:27.962+0600][14.880s][info][gc,start       ] GC(69) Pause Young (Normal) (G1 Evacuation Pause)
[2026-04-03T01:53:27.962+0600][14.880s][info][gc,task        ] GC(69) Using 10 workers of 10 for evacuation
[2026-04-03T01:53:27.964+0600][14.881s][info][gc,phases      ] GC(69)   Pre Evacuate Collection Set: 0.17ms
[2026-04-03T01:53:27.964+0600][14.881s][info][gc,phases      ] GC(69)   Merge Heap Roots: 0.13ms
[2026-04-03T01:53:27.964+0600][14.881s][info][gc,phases      ] GC(69)   Evacuate Collection Set: 0.31ms
[2026-04-03T01:53:27.964+0600][14.882s][info][gc,phases      ] GC(69)   Post Evacuate Collection Set: 0.46ms
[2026-04-03T01:53:27.964+0600][14.882s][info][gc,phases      ] GC(69)   Other: 0.10ms
[2026-04-03T01:53:27.964+0600][14.882s][info][gc,heap        ] GC(69) Eden regions: 43->0(43)
[2026-04-03T01:53:27.964+0600][14.882s][info][gc,heap        ] GC(69) Survivor regions: 1->1(6)
[2026-04-03T01:53:27.964+0600][14.882s][info][gc,heap        ] GC(69) Old regions: 8->8
[2026-04-03T01:53:27.964+0600][14.882s][info][gc,heap        ] GC(69) Humongous regions: 0->0
[2026-04-03T01:53:27.964+0600][14.882s][info][gc,metaspace   ] GC(69) Metaspace: 14219K(14464K)->14219K(14464K) NonClass: 12400K(12544K)->12400K(12544K) Class: 1818K(1920K)->1818K(1920K)
[2026-04-03T01:53:27.964+0600][14.882s][info][gc             ] GC(69) Pause Young (Normal) (G1 Evacuation Pause) 90M->4M(148M) 1.558ms
[2026-04-03T01:53:27.964+0600][14.882s][info][gc,cpu         ] GC(69) User=0.00s Sys=0.00s Real=0.00s
[2026-04-03T01:53:28.117+0600][15.035s][info][gc,start       ] GC(70) Pause Young (Normal) (G1 Evacuation Pause)
[2026-04-03T01:53:28.117+0600][15.035s][info][gc,task        ] GC(70) Using 10 workers of 10 for evacuation
[2026-04-03T01:53:28.119+0600][15.036s][info][gc,phases      ] GC(70)   Pre Evacuate Collection Set: 0.14ms
[2026-04-03T01:53:28.119+0600][15.036s][info][gc,phases      ] GC(70)   Merge Heap Roots: 0.12ms
[2026-04-03T01:53:28.119+0600][15.036s][info][gc,phases      ] GC(70)   Evacuate Collection Set: 0.25ms
[2026-04-03T01:53:28.119+0600][15.036s][info][gc,phases      ] GC(70)   Post Evacuate Collection Set: 0.43ms
[2026-04-03T01:53:28.119+0600][15.036s][info][gc,phases      ] GC(70)   Other: 0.11ms
[2026-04-03T01:53:28.119+0600][15.037s][info][gc,heap        ] GC(70) Eden regions: 43->0(43)
[2026-04-03T01:53:28.119+0600][15.037s][info][gc,heap        ] GC(70) Survivor regions: 1->1(6)
[2026-04-03T01:53:28.119+0600][15.037s][info][gc,heap        ] GC(70) Old regions: 8->8
[2026-04-03T01:53:28.119+0600][15.037s][info][gc,heap        ] GC(70) Humongous regions: 0->0
[2026-04-03T01:53:28.119+0600][15.037s][info][gc,metaspace   ] GC(70) Metaspace: 14219K(14464K)->14219K(14464K) NonClass: 12400K(12544K)->12400K(12544K) Class: 1818K(1920K)->1818K(1920K)
[2026-04-03T01:53:28.119+0600][15.037s][info][gc             ] GC(70) Pause Young (Normal) (G1 Evacuation Pause) 90M->4M(148M) 1.451ms
[2026-04-03T01:53:28.119+0600][15.037s][info][gc,cpu         ] GC(70) User=0.00s Sys=0.00s Real=0.00s
[2026-04-03T01:53:28.261+0600][15.179s][info][gc,start       ] GC(71) Pause Young (Normal) (G1 Evacuation Pause)
[2026-04-03T01:53:28.261+0600][15.179s][info][gc,task        ] GC(71) Using 10 workers of 10 for evacuation
[2026-04-03T01:53:28.262+0600][15.180s][info][gc,phases      ] GC(71)   Pre Evacuate Collection Set: 0.16ms
[2026-04-03T01:53:28.262+0600][15.180s][info][gc,phases      ] GC(71)   Merge Heap Roots: 0.11ms
[2026-04-03T01:53:28.262+0600][15.180s][info][gc,phases      ] GC(71)   Evacuate Collection Set: 0.21ms
[2026-04-03T01:53:28.262+0600][15.180s][info][gc,phases      ] GC(71)   Post Evacuate Collection Set: 0.61ms
[2026-04-03T01:53:28.262+0600][15.180s][info][gc,phases      ] GC(71)   Other: 0.11ms
[2026-04-03T01:53:28.262+0600][15.180s][info][gc,heap        ] GC(71) Eden regions: 43->0(43)
[2026-04-03T01:53:28.262+0600][15.180s][info][gc,heap        ] GC(71) Survivor regions: 1->1(6)
[2026-04-03T01:53:28.262+0600][15.180s][info][gc,heap        ] GC(71) Old regions: 8->8
[2026-04-03T01:53:28.262+0600][15.180s][info][gc,heap        ] GC(71) Humongous regions: 0->0
[2026-04-03T01:53:28.262+0600][15.180s][info][gc,metaspace   ] GC(71) Metaspace: 14219K(14464K)->14219K(14464K) NonClass: 12400K(12544K)->12400K(12544K) Class: 1818K(1920K)->1818K(1920K)
[2026-04-03T01:53:28.262+0600][15.180s][info][gc             ] GC(71) Pause Young (Normal) (G1 Evacuation Pause) 90M->4M(148M) 1.572ms
[2026-04-03T01:53:28.262+0600][15.180s][info][gc,cpu         ] GC(71) User=0.01s Sys=0.00s Real=0.00s
[2026-04-03T01:53:28.399+0600][15.317s][info][gc,start       ] GC(72) Pause Young (Normal) (G1 Evacuation Pause)
[2026-04-03T01:53:28.399+0600][15.317s][info][gc,task        ] GC(72) Using 10 workers of 10 for evacuation
[2026-04-03T01:53:28.400+0600][15.318s][info][gc,phases      ] GC(72)   Pre Evacuate Collection Set: 0.17ms
[2026-04-03T01:53:28.400+0600][15.318s][info][gc,phases      ] GC(72)   Merge Heap Roots: 0.12ms
[2026-04-03T01:53:28.400+0600][15.318s][info][gc,phases      ] GC(72)   Evacuate Collection Set: 0.23ms
[2026-04-03T01:53:28.400+0600][15.318s][info][gc,phases      ] GC(72)   Post Evacuate Collection Set: 0.51ms
[2026-04-03T01:53:28.400+0600][15.318s][info][gc,phases      ] GC(72)   Other: 0.10ms
[2026-04-03T01:53:28.400+0600][15.318s][info][gc,heap        ] GC(72) Eden regions: 43->0(43)
[2026-04-03T01:53:28.400+0600][15.318s][info][gc,heap        ] GC(72) Survivor regions: 1->1(6)
[2026-04-03T01:53:28.400+0600][15.318s][info][gc,heap        ] GC(72) Old regions: 8->8
[2026-04-03T01:53:28.400+0600][15.318s][info][gc,heap        ] GC(72) Humongous regions: 0->0
[2026-04-03T01:53:28.400+0600][15.318s][info][gc,metaspace   ] GC(72) Metaspace: 14219K(14464K)->14219K(14464K) NonClass: 12400K(12544K)->12400K(12544K) Class: 1818K(1920K)->1818K(1920K)
[2026-04-03T01:53:28.400+0600][15.318s][info][gc             ] GC(72) Pause Young (Normal) (G1 Evacuation Pause) 90M->4M(148M) 1.451ms
[2026-04-03T01:53:28.400+0600][15.318s][info][gc,cpu         ] GC(72) User=0.01s Sys=0.00s Real=0.01s
[2026-04-03T01:53:28.553+0600][15.471s][info][gc,start       ] GC(73) Pause Young (Normal) (G1 Evacuation Pause)
[2026-04-03T01:53:28.553+0600][15.471s][info][gc,task        ] GC(73) Using 10 workers of 10 for evacuation
[2026-04-03T01:53:28.555+0600][15.472s][info][gc,phases      ] GC(73)   Pre Evacuate Collection Set: 0.14ms
[2026-04-03T01:53:28.555+0600][15.472s][info][gc,phases      ] GC(73)   Merge Heap Roots: 0.12ms
[2026-04-03T01:53:28.555+0600][15.472s][info][gc,phases      ] GC(73)   Evacuate Collection Set: 0.27ms
[2026-04-03T01:53:28.555+0600][15.472s][info][gc,phases      ] GC(73)   Post Evacuate Collection Set: 0.51ms
[2026-04-03T01:53:28.555+0600][15.473s][info][gc,phases      ] GC(73)   Other: 0.08ms
[2026-04-03T01:53:28.555+0600][15.473s][info][gc,heap        ] GC(73) Eden regions: 43->0(43)
[2026-04-03T01:53:28.555+0600][15.473s][info][gc,heap        ] GC(73) Survivor regions: 1->1(6)
[2026-04-03T01:53:28.555+0600][15.473s][info][gc,heap        ] GC(73) Old regions: 8->8
[2026-04-03T01:53:28.555+0600][15.473s][info][gc,heap        ] GC(73) Humongous regions: 0->0
[2026-04-03T01:53:28.555+0600][15.473s][info][gc,metaspace   ] GC(73) Metaspace: 14219K(14464K)->14219K(14464K) NonClass: 12400K(12544K)->12400K(12544K) Class: 1818K(1920K)->1818K(1920K)
[2026-04-03T01:53:28.555+0600][15.473s][info][gc             ] GC(73) Pause Young (Normal) (G1 Evacuation Pause) 90M->4M(148M) 1.429ms
[2026-04-03T01:53:28.555+0600][15.473s][info][gc,cpu         ] GC(73) User=0.01s Sys=0.00s Real=0.00s
[2026-04-03T01:53:28.714+0600][15.632s][info][gc,start       ] GC(74) Pause Young (Normal) (G1 Evacuation Pause)
[2026-04-03T01:53:28.714+0600][15.632s][info][gc,task        ] GC(74) Using 10 workers of 10 for evacuation
[2026-04-03T01:53:28.715+0600][15.633s][info][gc,phases      ] GC(74)   Pre Evacuate Collection Set: 0.15ms
[2026-04-03T01:53:28.715+0600][15.633s][info][gc,phases      ] GC(74)   Merge Heap Roots: 0.11ms
[2026-04-03T01:53:28.715+0600][15.633s][info][gc,phases      ] GC(74)   Evacuate Collection Set: 0.28ms
[2026-04-03T01:53:28.715+0600][15.633s][info][gc,phases      ] GC(74)   Post Evacuate Collection Set: 0.57ms
[2026-04-03T01:53:28.715+0600][15.633s][info][gc,phases      ] GC(74)   Other: 0.09ms
[2026-04-03T01:53:28.715+0600][15.633s][info][gc,heap        ] GC(74) Eden regions: 43->0(43)
[2026-04-03T01:53:28.715+0600][15.633s][info][gc,heap        ] GC(74) Survivor regions: 1->1(6)
[2026-04-03T01:53:28.715+0600][15.633s][info][gc,heap        ] GC(74) Old regions: 8->8
[2026-04-03T01:53:28.715+0600][15.633s][info][gc,heap        ] GC(74) Humongous regions: 0->0
[2026-04-03T01:53:28.715+0600][15.633s][info][gc,metaspace   ] GC(74) Metaspace: 14219K(14464K)->14219K(14464K) NonClass: 12400K(12544K)->12400K(12544K) Class: 1818K(1920K)->1818K(1920K)
[2026-04-03T01:53:28.715+0600][15.633s][info][gc             ] GC(74) Pause Young (Normal) (G1 Evacuation Pause) 90M->4M(148M) 1.519ms
[2026-04-03T01:53:28.715+0600][15.633s][info][gc,cpu         ] GC(74) User=0.00s Sys=0.00s Real=0.00s
[2026-04-03T01:53:28.870+0600][15.788s][info][gc,start       ] GC(75) Pause Young (Normal) (G1 Evacuation Pause)
[2026-04-03T01:53:28.870+0600][15.788s][info][gc,task        ] GC(75) Using 10 workers of 10 for evacuation
[2026-04-03T01:53:28.871+0600][15.789s][info][gc,phases      ] GC(75)   Pre Evacuate Collection Set: 0.15ms
[2026-04-03T01:53:28.871+0600][15.789s][info][gc,phases      ] GC(75)   Merge Heap Roots: 0.11ms
[2026-04-03T01:53:28.871+0600][15.789s][info][gc,phases      ] GC(75)   Evacuate Collection Set: 0.25ms
[2026-04-03T01:53:28.871+0600][15.789s][info][gc,phases      ] GC(75)   Post Evacuate Collection Set: 0.35ms
[2026-04-03T01:53:28.871+0600][15.789s][info][gc,phases      ] GC(75)   Other: 0.10ms
[2026-04-03T01:53:28.871+0600][15.789s][info][gc,heap        ] GC(75) Eden regions: 43->0(43)
[2026-04-03T01:53:28.871+0600][15.789s][info][gc,heap        ] GC(75) Survivor regions: 1->1(6)
[2026-04-03T01:53:28.871+0600][15.789s][info][gc,heap        ] GC(75) Old regions: 8->8
[2026-04-03T01:53:28.871+0600][15.789s][info][gc,heap        ] GC(75) Humongous regions: 0->0
[2026-04-03T01:53:28.871+0600][15.789s][info][gc,metaspace   ] GC(75) Metaspace: 14219K(14464K)->14219K(14464K) NonClass: 12400K(12544K)->12400K(12544K) Class: 1818K(1920K)->1818K(1920K)
[2026-04-03T01:53:28.871+0600][15.789s][info][gc             ] GC(75) Pause Young (Normal) (G1 Evacuation Pause) 90M->4M(148M) 1.256ms
[2026-04-03T01:53:28.871+0600][15.789s][info][gc,cpu         ] GC(75) User=0.01s Sys=0.00s Real=0.00s
[2026-04-03T01:53:29.008+0600][15.926s][info][gc,start       ] GC(76) Pause Young (Normal) (G1 Evacuation Pause)
[2026-04-03T01:53:29.009+0600][15.926s][info][gc,task        ] GC(76) Using 10 workers of 10 for evacuation
[2026-04-03T01:53:29.010+0600][15.927s][info][gc,phases      ] GC(76)   Pre Evacuate Collection Set: 0.22ms
[2026-04-03T01:53:29.010+0600][15.927s][info][gc,phases      ] GC(76)   Merge Heap Roots: 0.11ms
[2026-04-03T01:53:29.010+0600][15.928s][info][gc,phases      ] GC(76)   Evacuate Collection Set: 0.21ms
[2026-04-03T01:53:29.010+0600][15.928s][info][gc,phases      ] GC(76)   Post Evacuate Collection Set: 0.37ms
[2026-04-03T01:53:29.010+0600][15.928s][info][gc,phases      ] GC(76)   Other: 0.11ms
[2026-04-03T01:53:29.010+0600][15.928s][info][gc,heap        ] GC(76) Eden regions: 43->0(43)
[2026-04-03T01:53:29.010+0600][15.928s][info][gc,heap        ] GC(76) Survivor regions: 1->1(6)
[2026-04-03T01:53:29.010+0600][15.928s][info][gc,heap        ] GC(76) Old regions: 8->8
[2026-04-03T01:53:29.010+0600][15.928s][info][gc,heap        ] GC(76) Humongous regions: 0->0
[2026-04-03T01:53:29.010+0600][15.928s][info][gc,metaspace   ] GC(76) Metaspace: 14219K(14464K)->14219K(14464K) NonClass: 12400K(12544K)->12400K(12544K) Class: 1818K(1920K)->1818K(1920K)
[2026-04-03T01:53:29.010+0600][15.928s][info][gc             ] GC(76) Pause Young (Normal) (G1 Evacuation Pause) 90M->4M(148M) 1.360ms
[2026-04-03T01:53:29.010+0600][15.928s][info][gc,cpu         ] GC(76) User=0.01s Sys=0.00s Real=0.01s
[2026-04-03T01:53:29.145+0600][16.062s][info][gc,start       ] GC(77) Pause Young (Normal) (G1 Evacuation Pause)
[2026-04-03T01:53:29.145+0600][16.063s][info][gc,task        ] GC(77) Using 10 workers of 10 for evacuation
[2026-04-03T01:53:29.146+0600][16.064s][info][gc,phases      ] GC(77)   Pre Evacuate Collection Set: 0.16ms
[2026-04-03T01:53:29.146+0600][16.064s][info][gc,phases      ] GC(77)   Merge Heap Roots: 0.12ms
[2026-04-03T01:53:29.146+0600][16.064s][info][gc,phases      ] GC(77)   Evacuate Collection Set: 0.29ms
[2026-04-03T01:53:29.146+0600][16.064s][info][gc,phases      ] GC(77)   Post Evacuate Collection Set: 0.61ms
[2026-04-03T01:53:29.146+0600][16.064s][info][gc,phases      ] GC(77)   Other: 0.11ms
[2026-04-03T01:53:29.146+0600][16.064s][info][gc,heap        ] GC(77) Eden regions: 43->0(43)
[2026-04-03T01:53:29.146+0600][16.064s][info][gc,heap        ] GC(77) Survivor regions: 1->1(6)
[2026-04-03T01:53:29.146+0600][16.064s][info][gc,heap        ] GC(77) Old regions: 8->8
[2026-04-03T01:53:29.146+0600][16.064s][info][gc,heap        ] GC(77) Humongous regions: 0->0
[2026-04-03T01:53:29.146+0600][16.064s][info][gc,metaspace   ] GC(77) Metaspace: 14219K(14464K)->14219K(14464K) NonClass: 12400K(12544K)->12400K(12544K) Class: 1818K(1920K)->1818K(1920K)
[2026-04-03T01:53:29.146+0600][16.064s][info][gc             ] GC(77) Pause Young (Normal) (G1 Evacuation Pause) 90M->4M(148M) 1.747ms
[2026-04-03T01:53:29.146+0600][16.064s][info][gc,cpu         ] GC(77) User=0.00s Sys=0.00s Real=0.00s
[2026-04-03T01:53:29.304+0600][16.222s][info][gc,start       ] GC(78) Pause Young (Normal) (G1 Evacuation Pause)
[2026-04-03T01:53:29.304+0600][16.222s][info][gc,task        ] GC(78) Using 10 workers of 10 for evacuation
[2026-04-03T01:53:29.305+0600][16.223s][info][gc,phases      ] GC(78)   Pre Evacuate Collection Set: 0.14ms
[2026-04-03T01:53:29.305+0600][16.223s][info][gc,phases      ] GC(78)   Merge Heap Roots: 0.09ms
[2026-04-03T01:53:29.305+0600][16.223s][info][gc,phases      ] GC(78)   Evacuate Collection Set: 0.24ms
[2026-04-03T01:53:29.305+0600][16.223s][info][gc,phases      ] GC(78)   Post Evacuate Collection Set: 0.45ms
[2026-04-03T01:53:29.305+0600][16.223s][info][gc,phases      ] GC(78)   Other: 0.09ms
[2026-04-03T01:53:29.305+0600][16.223s][info][gc,heap        ] GC(78) Eden regions: 43->0(43)
[2026-04-03T01:53:29.305+0600][16.223s][info][gc,heap        ] GC(78) Survivor regions: 1->1(6)
[2026-04-03T01:53:29.305+0600][16.223s][info][gc,heap        ] GC(78) Old regions: 8->8
[2026-04-03T01:53:29.305+0600][16.223s][info][gc,heap        ] GC(78) Humongous regions: 0->0
[2026-04-03T01:53:29.305+0600][16.223s][info][gc,metaspace   ] GC(78) Metaspace: 14219K(14464K)->14219K(14464K) NonClass: 12400K(12544K)->12400K(12544K) Class: 1818K(1920K)->1818K(1920K)
[2026-04-03T01:53:29.305+0600][16.223s][info][gc             ] GC(78) Pause Young (Normal) (G1 Evacuation Pause) 90M->4M(148M) 1.306ms
[2026-04-03T01:53:29.305+0600][16.223s][info][gc,cpu         ] GC(78) User=0.01s Sys=0.00s Real=0.00s
[2026-04-03T01:53:29.455+0600][16.373s][info][gc,start       ] GC(79) Pause Young (Normal) (G1 Evacuation Pause)
[2026-04-03T01:53:29.455+0600][16.373s][info][gc,task        ] GC(79) Using 10 workers of 10 for evacuation
[2026-04-03T01:53:29.456+0600][16.374s][info][gc,phases      ] GC(79)   Pre Evacuate Collection Set: 0.16ms
[2026-04-03T01:53:29.456+0600][16.374s][info][gc,phases      ] GC(79)   Merge Heap Roots: 0.11ms
[2026-04-03T01:53:29.456+0600][16.374s][info][gc,phases      ] GC(79)   Evacuate Collection Set: 0.26ms
[2026-04-03T01:53:29.456+0600][16.374s][info][gc,phases      ] GC(79)   Post Evacuate Collection Set: 0.51ms
[2026-04-03T01:53:29.456+0600][16.374s][info][gc,phases      ] GC(79)   Other: 0.10ms
[2026-04-03T01:53:29.456+0600][16.374s][info][gc,heap        ] GC(79) Eden regions: 43->0(43)
[2026-04-03T01:53:29.456+0600][16.374s][info][gc,heap        ] GC(79) Survivor regions: 1->1(6)
[2026-04-03T01:53:29.456+0600][16.374s][info][gc,heap        ] GC(79) Old regions: 8->8
[2026-04-03T01:53:29.456+0600][16.374s][info][gc,heap        ] GC(79) Humongous regions: 0->0
[2026-04-03T01:53:29.456+0600][16.374s][info][gc,metaspace   ] GC(79) Metaspace: 14219K(14464K)->14219K(14464K) NonClass: 12400K(12544K)->12400K(12544K) Class: 1818K(1920K)->1818K(1920K)
[2026-04-03T01:53:29.456+0600][16.374s][info][gc             ] GC(79) Pause Young (Normal) (G1 Evacuation Pause) 90M->4M(148M) 1.527ms
[2026-04-03T01:53:29.456+0600][16.374s][info][gc,cpu         ] GC(79) User=0.00s Sys=0.00s Real=0.00s
[2026-04-03T01:53:29.628+0600][16.546s][info][gc,start       ] GC(80) Pause Young (Normal) (G1 Evacuation Pause)
[2026-04-03T01:53:29.628+0600][16.546s][info][gc,task        ] GC(80) Using 10 workers of 10 for evacuation
[2026-04-03T01:53:29.629+0600][16.547s][info][gc,phases      ] GC(80)   Pre Evacuate Collection Set: 0.17ms
[2026-04-03T01:53:29.629+0600][16.547s][info][gc,phases      ] GC(80)   Merge Heap Roots: 0.16ms
[2026-04-03T01:53:29.629+0600][16.547s][info][gc,phases      ] GC(80)   Evacuate Collection Set: 0.32ms
[2026-04-03T01:53:29.629+0600][16.547s][info][gc,phases      ] GC(80)   Post Evacuate Collection Set: 0.57ms
[2026-04-03T01:53:29.629+0600][16.547s][info][gc,phases      ] GC(80)   Other: 0.12ms
[2026-04-03T01:53:29.630+0600][16.547s][info][gc,heap        ] GC(80) Eden regions: 43->0(43)
[2026-04-03T01:53:29.630+0600][16.547s][info][gc,heap        ] GC(80) Survivor regions: 1->1(6)
[2026-04-03T01:53:29.630+0600][16.547s][info][gc,heap        ] GC(80) Old regions: 8->8
[2026-04-03T01:53:29.630+0600][16.547s][info][gc,heap        ] GC(80) Humongous regions: 0->0
[2026-04-03T01:53:29.630+0600][16.547s][info][gc,metaspace   ] GC(80) Metaspace: 14219K(14464K)->14219K(14464K) NonClass: 12400K(12544K)->12400K(12544K) Class: 1818K(1920K)->1818K(1920K)
[2026-04-03T01:53:29.630+0600][16.547s][info][gc             ] GC(80) Pause Young (Normal) (G1 Evacuation Pause) 90M->4M(148M) 1.729ms
[2026-04-03T01:53:29.630+0600][16.547s][info][gc,cpu         ] GC(80) User=0.00s Sys=0.00s Real=0.00s
[2026-04-03T01:53:29.780+0600][16.698s][info][gc,start       ] GC(81) Pause Young (Normal) (G1 Evacuation Pause)
[2026-04-03T01:53:29.781+0600][16.698s][info][gc,task        ] GC(81) Using 10 workers of 10 for evacuation
[2026-04-03T01:53:29.782+0600][16.699s][info][gc,phases      ] GC(81)   Pre Evacuate Collection Set: 0.17ms
[2026-04-03T01:53:29.782+0600][16.699s][info][gc,phases      ] GC(81)   Merge Heap Roots: 0.09ms
[2026-04-03T01:53:29.782+0600][16.699s][info][gc,phases      ] GC(81)   Evacuate Collection Set: 0.22ms
[2026-04-03T01:53:29.782+0600][16.699s][info][gc,phases      ] GC(81)   Post Evacuate Collection Set: 0.43ms
[2026-04-03T01:53:29.782+0600][16.699s][info][gc,phases      ] GC(81)   Other: 0.09ms
[2026-04-03T01:53:29.782+0600][16.700s][info][gc,heap        ] GC(81) Eden regions: 43->0(43)
[2026-04-03T01:53:29.782+0600][16.700s][info][gc,heap        ] GC(81) Survivor regions: 1->1(6)
[2026-04-03T01:53:29.782+0600][16.700s][info][gc,heap        ] GC(81) Old regions: 8->8
[2026-04-03T01:53:29.782+0600][16.700s][info][gc,heap        ] GC(81) Humongous regions: 0->0
[2026-04-03T01:53:29.782+0600][16.700s][info][gc,metaspace   ] GC(81) Metaspace: 14219K(14464K)->14219K(14464K) NonClass: 12400K(12544K)->12400K(12544K) Class: 1818K(1920K)->1818K(1920K)
[2026-04-03T01:53:29.782+0600][16.700s][info][gc             ] GC(81) Pause Young (Normal) (G1 Evacuation Pause) 90M->4M(148M) 1.351ms
[2026-04-03T01:53:29.782+0600][16.700s][info][gc,cpu         ] GC(81) User=0.01s Sys=0.00s Real=0.00s
[2026-04-03T01:53:29.908+0600][16.825s][info][gc,start       ] GC(82) Pause Young (Normal) (G1 Evacuation Pause)
[2026-04-03T01:53:29.908+0600][16.825s][info][gc,task        ] GC(82) Using 10 workers of 10 for evacuation
[2026-04-03T01:53:29.909+0600][16.827s][info][gc,phases      ] GC(82)   Pre Evacuate Collection Set: 0.15ms
[2026-04-03T01:53:29.909+0600][16.827s][info][gc,phases      ] GC(82)   Merge Heap Roots: 0.10ms
[2026-04-03T01:53:29.909+0600][16.827s][info][gc,phases      ] GC(82)   Evacuate Collection Set: 0.27ms
[2026-04-03T01:53:29.909+0600][16.827s][info][gc,phases      ] GC(82)   Post Evacuate Collection Set: 0.51ms
[2026-04-03T01:53:29.909+0600][16.827s][info][gc,phases      ] GC(82)   Other: 0.11ms
[2026-04-03T01:53:29.909+0600][16.827s][info][gc,heap        ] GC(82) Eden regions: 43->0(43)
[2026-04-03T01:53:29.909+0600][16.827s][info][gc,heap        ] GC(82) Survivor regions: 1->1(6)
[2026-04-03T01:53:29.909+0600][16.827s][info][gc,heap        ] GC(82) Old regions: 8->8
[2026-04-03T01:53:29.909+0600][16.827s][info][gc,heap        ] GC(82) Humongous regions: 0->0
[2026-04-03T01:53:29.909+0600][16.827s][info][gc,metaspace   ] GC(82) Metaspace: 14219K(14464K)->14219K(14464K) NonClass: 12400K(12544K)->12400K(12544K) Class: 1818K(1920K)->1818K(1920K)
[2026-04-03T01:53:29.909+0600][16.827s][info][gc             ] GC(82) Pause Young (Normal) (G1 Evacuation Pause) 90M->4M(148M) 1.521ms
[2026-04-03T01:53:29.909+0600][16.827s][info][gc,cpu         ] GC(82) User=0.01s Sys=0.00s Real=0.00s
[2026-04-03T01:53:30.069+0600][16.987s][info][gc,start       ] GC(83) Pause Young (Normal) (G1 Evacuation Pause)
[2026-04-03T01:53:30.069+0600][16.987s][info][gc,task        ] GC(83) Using 10 workers of 10 for evacuation
[2026-04-03T01:53:30.074+0600][16.992s][info][gc,phases      ] GC(83)   Pre Evacuate Collection Set: 0.17ms
[2026-04-03T01:53:30.074+0600][16.992s][info][gc,phases      ] GC(83)   Merge Heap Roots: 0.11ms
[2026-04-03T01:53:30.074+0600][16.992s][info][gc,phases      ] GC(83)   Evacuate Collection Set: 1.80ms
[2026-04-03T01:53:30.074+0600][16.992s][info][gc,phases      ] GC(83)   Post Evacuate Collection Set: 2.55ms
[2026-04-03T01:53:30.074+0600][16.992s][info][gc,phases      ] GC(83)   Other: 0.12ms
[2026-04-03T01:53:30.074+0600][16.992s][info][gc,heap        ] GC(83) Eden regions: 43->0(43)
[2026-04-03T01:53:30.074+0600][16.992s][info][gc,heap        ] GC(83) Survivor regions: 1->1(6)
[2026-04-03T01:53:30.074+0600][16.992s][info][gc,heap        ] GC(83) Old regions: 8->8
[2026-04-03T01:53:30.074+0600][16.992s][info][gc,heap        ] GC(83) Humongous regions: 0->0
[2026-04-03T01:53:30.074+0600][16.992s][info][gc,metaspace   ] GC(83) Metaspace: 14219K(14464K)->14219K(14464K) NonClass: 12400K(12544K)->12400K(12544K) Class: 1818K(1920K)->1818K(1920K)
[2026-04-03T01:53:30.074+0600][16.992s][info][gc             ] GC(83) Pause Young (Normal) (G1 Evacuation Pause) 90M->4M(148M) 5.210ms
[2026-04-03T01:53:30.074+0600][16.992s][info][gc,cpu         ] GC(83) User=0.01s Sys=0.00s Real=0.01s
[2026-04-03T01:53:30.216+0600][17.134s][info][gc,start       ] GC(84) Pause Young (Normal) (G1 Evacuation Pause)
[2026-04-03T01:53:30.216+0600][17.134s][info][gc,task        ] GC(84) Using 10 workers of 10 for evacuation
[2026-04-03T01:53:30.217+0600][17.135s][info][gc,phases      ] GC(84)   Pre Evacuate Collection Set: 0.14ms
[2026-04-03T01:53:30.217+0600][17.135s][info][gc,phases      ] GC(84)   Merge Heap Roots: 0.10ms
[2026-04-03T01:53:30.217+0600][17.135s][info][gc,phases      ] GC(84)   Evacuate Collection Set: 0.26ms
[2026-04-03T01:53:30.217+0600][17.135s][info][gc,phases      ] GC(84)   Post Evacuate Collection Set: 0.54ms
[2026-04-03T01:53:30.217+0600][17.135s][info][gc,phases      ] GC(84)   Other: 0.09ms
[2026-04-03T01:53:30.217+0600][17.135s][info][gc,heap        ] GC(84) Eden regions: 43->0(43)
[2026-04-03T01:53:30.217+0600][17.135s][info][gc,heap        ] GC(84) Survivor regions: 1->1(6)
[2026-04-03T01:53:30.217+0600][17.135s][info][gc,heap        ] GC(84) Old regions: 8->8
[2026-04-03T01:53:30.217+0600][17.135s][info][gc,heap        ] GC(84) Humongous regions: 0->0
[2026-04-03T01:53:30.217+0600][17.135s][info][gc,metaspace   ] GC(84) Metaspace: 14219K(14464K)->14219K(14464K) NonClass: 12400K(12544K)->12400K(12544K) Class: 1818K(1920K)->1818K(1920K)
[2026-04-03T01:53:30.217+0600][17.135s][info][gc             ] GC(84) Pause Young (Normal) (G1 Evacuation Pause) 90M->4M(148M) 1.500ms
[2026-04-03T01:53:30.217+0600][17.135s][info][gc,cpu         ] GC(84) User=0.00s Sys=0.00s Real=0.00s
[2026-04-03T01:53:30.361+0600][17.279s][info][gc,start       ] GC(85) Pause Young (Normal) (G1 Evacuation Pause)
[2026-04-03T01:53:30.361+0600][17.279s][info][gc,task        ] GC(85) Using 10 workers of 10 for evacuation
[2026-04-03T01:53:30.363+0600][17.280s][info][gc,phases      ] GC(85)   Pre Evacuate Collection Set: 0.16ms
[2026-04-03T01:53:30.364+0600][17.282s][info][gc,phases      ] GC(85)   Merge Heap Roots: 0.11ms
[2026-04-03T01:53:30.364+0600][17.282s][info][gc,phases      ] GC(85)   Evacuate Collection Set: 0.28ms
[2026-04-03T01:53:30.364+0600][17.282s][info][gc,phases      ] GC(85)   Post Evacuate Collection Set: 0.46ms
[2026-04-03T01:53:30.364+0600][17.282s][info][gc,phases      ] GC(85)   Other: 0.10ms
[2026-04-03T01:53:30.364+0600][17.282s][info][gc,heap        ] GC(85) Eden regions: 43->0(43)
[2026-04-03T01:53:30.364+0600][17.282s][info][gc,heap        ] GC(85) Survivor regions: 1->1(6)
[2026-04-03T01:53:30.364+0600][17.282s][info][gc,heap        ] GC(85) Old regions: 8->8
[2026-04-03T01:53:30.364+0600][17.282s][info][gc,heap        ] GC(85) Humongous regions: 0->0
[2026-04-03T01:53:30.364+0600][17.282s][info][gc,metaspace   ] GC(85) Metaspace: 14219K(14464K)->14219K(14464K) NonClass: 12400K(12544K)->12400K(12544K) Class: 1818K(1920K)->1818K(1920K)
[2026-04-03T01:53:30.364+0600][17.282s][info][gc             ] GC(85) Pause Young (Normal) (G1 Evacuation Pause) 90M->4M(148M) 2.906ms
[2026-04-03T01:53:30.364+0600][17.282s][info][gc,cpu         ] GC(85) User=0.00s Sys=0.00s Real=0.00s
[2026-04-03T01:53:30.509+0600][17.427s][info][gc,start       ] GC(86) Pause Young (Normal) (G1 Evacuation Pause)
[2026-04-03T01:53:30.509+0600][17.427s][info][gc,task        ] GC(86) Using 10 workers of 10 for evacuation
[2026-04-03T01:53:30.511+0600][17.429s][info][gc,phases      ] GC(86)   Pre Evacuate Collection Set: 0.17ms
[2026-04-03T01:53:30.511+0600][17.429s][info][gc,phases      ] GC(86)   Merge Heap Roots: 0.08ms
[2026-04-03T01:53:30.511+0600][17.429s][info][gc,phases      ] GC(86)   Evacuate Collection Set: 0.72ms
[2026-04-03T01:53:30.511+0600][17.429s][info][gc,phases      ] GC(86)   Post Evacuate Collection Set: 0.40ms
[2026-04-03T01:53:30.511+0600][17.429s][info][gc,phases      ] GC(86)   Other: 0.10ms
[2026-04-03T01:53:30.511+0600][17.429s][info][gc,heap        ] GC(86) Eden regions: 43->0(43)
[2026-04-03T01:53:30.511+0600][17.429s][info][gc,heap        ] GC(86) Survivor regions: 1->1(6)
[2026-04-03T01:53:30.511+0600][17.429s][info][gc,heap        ] GC(86) Old regions: 8->8
[2026-04-03T01:53:30.511+0600][17.429s][info][gc,heap        ] GC(86) Humongous regions: 0->0
[2026-04-03T01:53:30.511+0600][17.429s][info][gc,metaspace   ] GC(86) Metaspace: 14219K(14464K)->14219K(14464K) NonClass: 12400K(12544K)->12400K(12544K) Class: 1818K(1920K)->1818K(1920K)
[2026-04-03T01:53:30.511+0600][17.429s][info][gc             ] GC(86) Pause Young (Normal) (G1 Evacuation Pause) 90M->4M(148M) 1.815ms
[2026-04-03T01:53:30.511+0600][17.429s][info][gc,cpu         ] GC(86) User=0.00s Sys=0.00s Real=0.01s
[2026-04-03T01:53:30.709+0600][17.627s][info][gc,start       ] GC(87) Pause Young (Normal) (G1 Evacuation Pause)
[2026-04-03T01:53:30.709+0600][17.627s][info][gc,task        ] GC(87) Using 9 workers of 10 for evacuation
[2026-04-03T01:53:30.711+0600][17.628s][info][gc,phases      ] GC(87)   Pre Evacuate Collection Set: 0.23ms
[2026-04-03T01:53:30.711+0600][17.628s][info][gc,phases      ] GC(87)   Merge Heap Roots: 0.08ms
[2026-04-03T01:53:30.711+0600][17.628s][info][gc,phases      ] GC(87)   Evacuate Collection Set: 0.29ms
[2026-04-03T01:53:30.711+0600][17.628s][info][gc,phases      ] GC(87)   Post Evacuate Collection Set: 0.48ms
[2026-04-03T01:53:30.711+0600][17.628s][info][gc,phases      ] GC(87)   Other: 0.08ms
[2026-04-03T01:53:30.711+0600][17.628s][info][gc,heap        ] GC(87) Eden regions: 43->0(43)
[2026-04-03T01:53:30.711+0600][17.628s][info][gc,heap        ] GC(87) Survivor regions: 1->1(6)
[2026-04-03T01:53:30.711+0600][17.628s][info][gc,heap        ] GC(87) Old regions: 8->8
[2026-04-03T01:53:30.711+0600][17.629s][info][gc,heap        ] GC(87) Humongous regions: 0->0
[2026-04-03T01:53:30.711+0600][17.629s][info][gc,metaspace   ] GC(87) Metaspace: 14219K(14464K)->14219K(14464K) NonClass: 12400K(12544K)->12400K(12544K) Class: 1818K(1920K)->1818K(1920K)
[2026-04-03T01:53:30.711+0600][17.629s][info][gc             ] GC(87) Pause Young (Normal) (G1 Evacuation Pause) 90M->4M(148M) 1.388ms
[2026-04-03T01:53:30.711+0600][17.629s][info][gc,cpu         ] GC(87) User=0.00s Sys=0.00s Real=0.01s
[2026-04-03T01:53:30.751+0600][17.669s][info][gc,start       ] GC(88) Pause Full (System.gc())
[2026-04-03T01:53:30.751+0600][17.669s][info][gc,task        ] GC(88) Using 6 workers of 10 for full compaction
[2026-04-03T01:53:30.751+0600][17.669s][info][gc,phases,start] GC(88) Phase 1: Mark live objects
[2026-04-03T01:53:30.755+0600][17.673s][info][gc,phases      ] GC(88) Phase 1: Mark live objects 4.255ms
[2026-04-03T01:53:30.755+0600][17.673s][info][gc,phases,start] GC(88) Phase 2: Prepare compaction
[2026-04-03T01:53:30.756+0600][17.674s][info][gc,phases      ] GC(88) Phase 2: Prepare compaction 0.730ms
[2026-04-03T01:53:30.756+0600][17.674s][info][gc,phases,start] GC(88) Phase 3: Adjust pointers
[2026-04-03T01:53:30.759+0600][17.676s][info][gc,phases      ] GC(88) Phase 3: Adjust pointers 2.572ms
[2026-04-03T01:53:30.759+0600][17.677s][info][gc,phases,start] GC(88) Phase 4: Compact heap
[2026-04-03T01:53:30.759+0600][17.677s][info][gc,phases      ] GC(88) Phase 4: Compact heap 0.538ms
[2026-04-03T01:53:30.759+0600][17.677s][info][gc,phases,start] GC(88) Phase 5: Reset Metadata
[2026-04-03T01:53:30.760+0600][17.678s][info][gc,phases      ] GC(88) Phase 5: Reset Metadata 0.735ms
[2026-04-03T01:53:30.762+0600][17.680s][info][gc,heap        ] GC(88) Eden regions: 7->0(14)
[2026-04-03T01:53:30.762+0600][17.680s][info][gc,heap        ] GC(88) Survivor regions: 1->0(6)
[2026-04-03T01:53:30.762+0600][17.680s][info][gc,heap        ] GC(88) Old regions: 8->7
[2026-04-03T01:53:30.762+0600][17.680s][info][gc,heap        ] GC(88) Humongous regions: 0->0
[2026-04-03T01:53:30.762+0600][17.680s][info][gc,metaspace   ] GC(88) Metaspace: 14219K(14464K)->14219K(14464K) NonClass: 12400K(12544K)->12400K(12544K) Class: 1818K(1920K)->1818K(1920K)
[2026-04-03T01:53:30.762+0600][17.680s][info][gc             ] GC(88) Pause Full (System.gc()) 18M->4M(48M) 11.416ms
[2026-04-03T01:53:30.762+0600][17.680s][info][gc,cpu         ] GC(88) User=0.03s Sys=0.01s Real=0.01s
[2026-04-03T01:53:30.805+0600][17.723s][info][gc,start       ] GC(89) Pause Young (Normal) (G1 Evacuation Pause)
[2026-04-03T01:53:30.805+0600][17.723s][info][gc,task        ] GC(89) Using 10 workers of 10 for evacuation
[2026-04-03T01:53:30.806+0600][17.724s][info][gc,phases      ] GC(89)   Pre Evacuate Collection Set: 0.22ms
[2026-04-03T01:53:30.807+0600][17.724s][info][gc,phases      ] GC(89)   Merge Heap Roots: 0.08ms
[2026-04-03T01:53:30.807+0600][17.724s][info][gc,phases      ] GC(89)   Evacuate Collection Set: 0.47ms
[2026-04-03T01:53:30.807+0600][17.724s][info][gc,phases      ] GC(89)   Post Evacuate Collection Set: 0.53ms
[2026-04-03T01:53:30.807+0600][17.724s][info][gc,phases      ] GC(89)   Other: 0.09ms
[2026-04-03T01:53:30.807+0600][17.724s][info][gc,heap        ] GC(89) Eden regions: 14->0(13)
[2026-04-03T01:53:30.807+0600][17.724s][info][gc,heap        ] GC(89) Survivor regions: 0->1(2)
[2026-04-03T01:53:30.807+0600][17.724s][info][gc,heap        ] GC(89) Old regions: 7->7
[2026-04-03T01:53:30.807+0600][17.724s][info][gc,heap        ] GC(89) Humongous regions: 0->0
[2026-04-03T01:53:30.807+0600][17.724s][info][gc,metaspace   ] GC(89) Metaspace: 14219K(14464K)->14219K(14464K) NonClass: 12400K(12544K)->12400K(12544K) Class: 1818K(1920K)->1818K(1920K)
[2026-04-03T01:53:30.807+0600][17.724s][info][gc             ] GC(89) Pause Young (Normal) (G1 Evacuation Pause) 32M->4M(48M) 1.713ms
[2026-04-03T01:53:30.807+0600][17.725s][info][gc,cpu         ] GC(89) User=0.00s Sys=0.00s Real=0.00s
[2026-04-03T01:53:30.847+0600][17.765s][info][gc,start       ] GC(90) Pause Young (Normal) (G1 Evacuation Pause)
[2026-04-03T01:53:30.847+0600][17.765s][info][gc,task        ] GC(90) Using 10 workers of 10 for evacuation
[2026-04-03T01:53:30.848+0600][17.766s][info][gc,phases      ] GC(90)   Pre Evacuate Collection Set: 0.24ms
[2026-04-03T01:53:30.848+0600][17.766s][info][gc,phases      ] GC(90)   Merge Heap Roots: 0.07ms
[2026-04-03T01:53:30.848+0600][17.766s][info][gc,phases      ] GC(90)   Evacuate Collection Set: 0.27ms
[2026-04-03T01:53:30.848+0600][17.766s][info][gc,phases      ] GC(90)   Post Evacuate Collection Set: 0.49ms
[2026-04-03T01:53:30.848+0600][17.766s][info][gc,phases      ] GC(90)   Other: 0.11ms
[2026-04-03T01:53:30.848+0600][17.766s][info][gc,heap        ] GC(90) Eden regions: 13->0(13)
[2026-04-03T01:53:30.848+0600][17.766s][info][gc,heap        ] GC(90) Survivor regions: 1->1(2)
[2026-04-03T01:53:30.848+0600][17.766s][info][gc,heap        ] GC(90) Old regions: 7->7
[2026-04-03T01:53:30.848+0600][17.766s][info][gc,heap        ] GC(90) Humongous regions: 0->0
[2026-04-03T01:53:30.848+0600][17.766s][info][gc,metaspace   ] GC(90) Metaspace: 14219K(14464K)->14219K(14464K) NonClass: 12400K(12544K)->12400K(12544K) Class: 1818K(1920K)->1818K(1920K)
[2026-04-03T01:53:30.848+0600][17.766s][info][gc             ] GC(90) Pause Young (Normal) (G1 Evacuation Pause) 30M->4M(48M) 1.554ms
[2026-04-03T01:53:30.848+0600][17.766s][info][gc,cpu         ] GC(90) User=0.01s Sys=0.01s Real=0.00s
[2026-04-03T01:53:30.897+0600][17.815s][info][gc,start       ] GC(91) Pause Young (Normal) (G1 Evacuation Pause)
[2026-04-03T01:53:30.897+0600][17.815s][info][gc,task        ] GC(91) Using 10 workers of 10 for evacuation
[2026-04-03T01:53:30.899+0600][17.817s][info][gc,phases      ] GC(91)   Pre Evacuate Collection Set: 0.14ms
[2026-04-03T01:53:30.899+0600][17.817s][info][gc,phases      ] GC(91)   Merge Heap Roots: 0.08ms
[2026-04-03T01:53:30.899+0600][17.817s][info][gc,phases      ] GC(91)   Evacuate Collection Set: 0.39ms
[2026-04-03T01:53:30.899+0600][17.817s][info][gc,phases      ] GC(91)   Post Evacuate Collection Set: 0.77ms
[2026-04-03T01:53:30.899+0600][17.817s][info][gc,phases      ] GC(91)   Other: 0.09ms
[2026-04-03T01:53:30.899+0600][17.817s][info][gc,heap        ] GC(91) Eden regions: 13->0(43)
[2026-04-03T01:53:30.899+0600][17.817s][info][gc,heap        ] GC(91) Survivor regions: 1->1(2)
[2026-04-03T01:53:30.899+0600][17.817s][info][gc,heap        ] GC(91) Old regions: 7->7
[2026-04-03T01:53:30.899+0600][17.817s][info][gc,heap        ] GC(91) Humongous regions: 0->0
[2026-04-03T01:53:30.899+0600][17.817s][info][gc,metaspace   ] GC(91) Metaspace: 14219K(14464K)->14219K(14464K) NonClass: 12400K(12544K)->12400K(12544K) Class: 1818K(1920K)->1818K(1920K)
[2026-04-03T01:53:30.899+0600][17.817s][info][gc             ] GC(91) Pause Young (Normal) (G1 Evacuation Pause) 30M->4M(148M) 1.760ms
[2026-04-03T01:53:30.899+0600][17.817s][info][gc,cpu         ] GC(91) User=0.00s Sys=0.00s Real=0.00s
[2026-04-03T01:53:31.039+0600][17.957s][info][gc,start       ] GC(92) Pause Young (Normal) (G1 Evacuation Pause)
[2026-04-03T01:53:31.040+0600][17.957s][info][gc,task        ] GC(92) Using 10 workers of 10 for evacuation
[2026-04-03T01:53:31.041+0600][17.959s][info][gc,phases      ] GC(92)   Pre Evacuate Collection Set: 0.22ms
[2026-04-03T01:53:31.041+0600][17.959s][info][gc,phases      ] GC(92)   Merge Heap Roots: 0.08ms
[2026-04-03T01:53:31.041+0600][17.959s][info][gc,phases      ] GC(92)   Evacuate Collection Set: 0.48ms
[2026-04-03T01:53:31.041+0600][17.959s][info][gc,phases      ] GC(92)   Post Evacuate Collection Set: 0.46ms
[2026-04-03T01:53:31.041+0600][17.959s][info][gc,phases      ] GC(92)   Other: 0.10ms
[2026-04-03T01:53:31.041+0600][17.959s][info][gc,heap        ] GC(92) Eden regions: 43->0(43)
[2026-04-03T01:53:31.041+0600][17.959s][info][gc,heap        ] GC(92) Survivor regions: 1->1(6)
[2026-04-03T01:53:31.041+0600][17.959s][info][gc,heap        ] GC(92) Old regions: 7->7
[2026-04-03T01:53:31.041+0600][17.959s][info][gc,heap        ] GC(92) Humongous regions: 0->0
[2026-04-03T01:53:31.041+0600][17.959s][info][gc,metaspace   ] GC(92) Metaspace: 14219K(14464K)->14219K(14464K) NonClass: 12400K(12544K)->12400K(12544K) Class: 1818K(1920K)->1818K(1920K)
[2026-04-03T01:53:31.041+0600][17.959s][info][gc             ] GC(92) Pause Young (Normal) (G1 Evacuation Pause) 90M->4M(148M) 1.644ms
[2026-04-03T01:53:31.041+0600][17.959s][info][gc,cpu         ] GC(92) User=0.01s Sys=0.01s Real=0.01s
[2026-04-03T01:53:31.176+0600][18.094s][info][gc,start       ] GC(93) Pause Young (Normal) (G1 Evacuation Pause)
[2026-04-03T01:53:31.176+0600][18.094s][info][gc,task        ] GC(93) Using 10 workers of 10 for evacuation
[2026-04-03T01:53:31.177+0600][18.095s][info][gc,phases      ] GC(93)   Pre Evacuate Collection Set: 0.13ms
[2026-04-03T01:53:31.177+0600][18.095s][info][gc,phases      ] GC(93)   Merge Heap Roots: 0.08ms
[2026-04-03T01:53:31.177+0600][18.095s][info][gc,phases      ] GC(93)   Evacuate Collection Set: 0.45ms
[2026-04-03T01:53:31.177+0600][18.095s][info][gc,phases      ] GC(93)   Post Evacuate Collection Set: 0.39ms
[2026-04-03T01:53:31.177+0600][18.095s][info][gc,phases      ] GC(93)   Other: 0.08ms
[2026-04-03T01:53:31.177+0600][18.095s][info][gc,heap        ] GC(93) Eden regions: 43->0(43)
[2026-04-03T01:53:31.177+0600][18.095s][info][gc,heap        ] GC(93) Survivor regions: 1->1(6)
[2026-04-03T01:53:31.177+0600][18.095s][info][gc,heap        ] GC(93) Old regions: 7->7
[2026-04-03T01:53:31.177+0600][18.095s][info][gc,heap        ] GC(93) Humongous regions: 0->0
[2026-04-03T01:53:31.177+0600][18.095s][info][gc,metaspace   ] GC(93) Metaspace: 14219K(14464K)->14219K(14464K) NonClass: 12400K(12544K)->12400K(12544K) Class: 1818K(1920K)->1818K(1920K)
[2026-04-03T01:53:31.177+0600][18.095s][info][gc             ] GC(93) Pause Young (Normal) (G1 Evacuation Pause) 90M->4M(148M) 1.387ms
[2026-04-03T01:53:31.177+0600][18.095s][info][gc,cpu         ] GC(93) User=0.00s Sys=0.00s Real=0.00s
[2026-04-03T01:53:31.318+0600][18.236s][info][gc,start       ] GC(94) Pause Young (Normal) (G1 Evacuation Pause)
[2026-04-03T01:53:31.318+0600][18.236s][info][gc,task        ] GC(94) Using 10 workers of 10 for evacuation
[2026-04-03T01:53:31.319+0600][18.237s][info][gc,phases      ] GC(94)   Pre Evacuate Collection Set: 0.13ms
[2026-04-03T01:53:31.319+0600][18.237s][info][gc,phases      ] GC(94)   Merge Heap Roots: 0.09ms
[2026-04-03T01:53:31.319+0600][18.237s][info][gc,phases      ] GC(94)   Evacuate Collection Set: 0.27ms
[2026-04-03T01:53:31.319+0600][18.237s][info][gc,phases      ] GC(94)   Post Evacuate Collection Set: 0.40ms
[2026-04-03T01:53:31.319+0600][18.237s][info][gc,phases      ] GC(94)   Other: 0.08ms
[2026-04-03T01:53:31.319+0600][18.237s][info][gc,heap        ] GC(94) Eden regions: 43->0(43)
[2026-04-03T01:53:31.319+0600][18.237s][info][gc,heap        ] GC(94) Survivor regions: 1->1(6)
[2026-04-03T01:53:31.319+0600][18.237s][info][gc,heap        ] GC(94) Old regions: 7->7
[2026-04-03T01:53:31.319+0600][18.237s][info][gc,heap        ] GC(94) Humongous regions: 0->0
[2026-04-03T01:53:31.319+0600][18.237s][info][gc,metaspace   ] GC(94) Metaspace: 14219K(14464K)->14219K(14464K) NonClass: 12400K(12544K)->12400K(12544K) Class: 1818K(1920K)->1818K(1920K)
[2026-04-03T01:53:31.319+0600][18.237s][info][gc             ] GC(94) Pause Young (Normal) (G1 Evacuation Pause) 90M->4M(148M) 1.209ms
[2026-04-03T01:53:31.319+0600][18.237s][info][gc,cpu         ] GC(94) User=0.00s Sys=0.00s Real=0.00s
[2026-04-03T01:53:31.462+0600][18.380s][info][gc,start       ] GC(95) Pause Young (Normal) (G1 Evacuation Pause)
[2026-04-03T01:53:31.462+0600][18.380s][info][gc,task        ] GC(95) Using 10 workers of 10 for evacuation
[2026-04-03T01:53:31.463+0600][18.381s][info][gc,phases      ] GC(95)   Pre Evacuate Collection Set: 0.13ms
[2026-04-03T01:53:31.463+0600][18.381s][info][gc,phases      ] GC(95)   Merge Heap Roots: 0.08ms
[2026-04-03T01:53:31.463+0600][18.381s][info][gc,phases      ] GC(95)   Evacuate Collection Set: 0.30ms
[2026-04-03T01:53:31.463+0600][18.381s][info][gc,phases      ] GC(95)   Post Evacuate Collection Set: 0.46ms
[2026-04-03T01:53:31.463+0600][18.381s][info][gc,phases      ] GC(95)   Other: 0.09ms
[2026-04-03T01:53:31.463+0600][18.381s][info][gc,heap        ] GC(95) Eden regions: 43->0(43)
[2026-04-03T01:53:31.463+0600][18.381s][info][gc,heap        ] GC(95) Survivor regions: 1->1(6)
[2026-04-03T01:53:31.463+0600][18.381s][info][gc,heap        ] GC(95) Old regions: 7->7
[2026-04-03T01:53:31.463+0600][18.381s][info][gc,heap        ] GC(95) Humongous regions: 0->0
[2026-04-03T01:53:31.463+0600][18.381s][info][gc,metaspace   ] GC(95) Metaspace: 14219K(14464K)->14219K(14464K) NonClass: 12400K(12544K)->12400K(12544K) Class: 1818K(1920K)->1818K(1920K)
[2026-04-03T01:53:31.463+0600][18.381s][info][gc             ] GC(95) Pause Young (Normal) (G1 Evacuation Pause) 90M->4M(148M) 1.352ms
[2026-04-03T01:53:31.463+0600][18.381s][info][gc,cpu         ] GC(95) User=0.00s Sys=0.00s Real=0.00s
[2026-04-03T01:53:31.597+0600][18.515s][info][gc,start       ] GC(96) Pause Young (Normal) (G1 Evacuation Pause)
[2026-04-03T01:53:31.597+0600][18.515s][info][gc,task        ] GC(96) Using 10 workers of 10 for evacuation
[2026-04-03T01:53:31.599+0600][18.516s][info][gc,phases      ] GC(96)   Pre Evacuate Collection Set: 0.19ms
[2026-04-03T01:53:31.599+0600][18.516s][info][gc,phases      ] GC(96)   Merge Heap Roots: 0.10ms
[2026-04-03T01:53:31.599+0600][18.516s][info][gc,phases      ] GC(96)   Evacuate Collection Set: 0.34ms
[2026-04-03T01:53:31.599+0600][18.516s][info][gc,phases      ] GC(96)   Post Evacuate Collection Set: 0.38ms
[2026-04-03T01:53:31.599+0600][18.516s][info][gc,phases      ] GC(96)   Other: 0.09ms
[2026-04-03T01:53:31.599+0600][18.516s][info][gc,heap        ] GC(96) Eden regions: 43->0(43)
[2026-04-03T01:53:31.599+0600][18.516s][info][gc,heap        ] GC(96) Survivor regions: 1->1(6)
[2026-04-03T01:53:31.599+0600][18.516s][info][gc,heap        ] GC(96) Old regions: 7->7
[2026-04-03T01:53:31.599+0600][18.516s][info][gc,heap        ] GC(96) Humongous regions: 0->0
[2026-04-03T01:53:31.599+0600][18.516s][info][gc,metaspace   ] GC(96) Metaspace: 14219K(14464K)->14219K(14464K) NonClass: 12400K(12544K)->12400K(12544K) Class: 1818K(1920K)->1818K(1920K)
[2026-04-03T01:53:31.599+0600][18.517s][info][gc             ] GC(96) Pause Young (Normal) (G1 Evacuation Pause) 90M->4M(148M) 1.385ms
[2026-04-03T01:53:31.599+0600][18.517s][info][gc,cpu         ] GC(96) User=0.00s Sys=0.00s Real=0.00s
[2026-04-03T01:53:31.729+0600][18.647s][info][gc,start       ] GC(97) Pause Young (Normal) (G1 Evacuation Pause)
[2026-04-03T01:53:31.730+0600][18.647s][info][gc,task        ] GC(97) Using 10 workers of 10 for evacuation
[2026-04-03T01:53:31.730+0600][18.648s][info][gc,phases      ] GC(97)   Pre Evacuate Collection Set: 0.14ms
[2026-04-03T01:53:31.730+0600][18.648s][info][gc,phases      ] GC(97)   Merge Heap Roots: 0.07ms
[2026-04-03T01:53:31.730+0600][18.648s][info][gc,phases      ] GC(97)   Evacuate Collection Set: 0.27ms
[2026-04-03T01:53:31.730+0600][18.648s][info][gc,phases      ] GC(97)   Post Evacuate Collection Set: 0.35ms
[2026-04-03T01:53:31.730+0600][18.648s][info][gc,phases      ] GC(97)   Other: 0.07ms
[2026-04-03T01:53:31.731+0600][18.648s][info][gc,heap        ] GC(97) Eden regions: 43->0(43)
[2026-04-03T01:53:31.731+0600][18.648s][info][gc,heap        ] GC(97) Survivor regions: 1->1(6)
[2026-04-03T01:53:31.731+0600][18.648s][info][gc,heap        ] GC(97) Old regions: 7->7
[2026-04-03T01:53:31.731+0600][18.648s][info][gc,heap        ] GC(97) Humongous regions: 0->0
[2026-04-03T01:53:31.731+0600][18.648s][info][gc,metaspace   ] GC(97) Metaspace: 14219K(14464K)->14219K(14464K) NonClass: 12400K(12544K)->12400K(12544K) Class: 1818K(1920K)->1818K(1920K)
[2026-04-03T01:53:31.731+0600][18.648s][info][gc             ] GC(97) Pause Young (Normal) (G1 Evacuation Pause) 90M->4M(148M) 1.149ms
[2026-04-03T01:53:31.731+0600][18.648s][info][gc,cpu         ] GC(97) User=0.00s Sys=0.01s Real=0.01s
[2026-04-03T01:53:31.865+0600][18.783s][info][gc,start       ] GC(98) Pause Young (Normal) (G1 Evacuation Pause)
[2026-04-03T01:53:31.865+0600][18.783s][info][gc,task        ] GC(98) Using 10 workers of 10 for evacuation
[2026-04-03T01:53:31.866+0600][18.784s][info][gc,phases      ] GC(98)   Pre Evacuate Collection Set: 0.12ms
[2026-04-03T01:53:31.866+0600][18.784s][info][gc,phases      ] GC(98)   Merge Heap Roots: 0.07ms
[2026-04-03T01:53:31.866+0600][18.784s][info][gc,phases      ] GC(98)   Evacuate Collection Set: 0.30ms
[2026-04-03T01:53:31.866+0600][18.784s][info][gc,phases      ] GC(98)   Post Evacuate Collection Set: 0.35ms
[2026-04-03T01:53:31.866+0600][18.784s][info][gc,phases      ] GC(98)   Other: 0.10ms
[2026-04-03T01:53:31.866+0600][18.784s][info][gc,heap        ] GC(98) Eden regions: 43->0(43)
[2026-04-03T01:53:31.866+0600][18.784s][info][gc,heap        ] GC(98) Survivor regions: 1->1(6)
[2026-04-03T01:53:31.866+0600][18.784s][info][gc,heap        ] GC(98) Old regions: 7->7
[2026-04-03T01:53:31.866+0600][18.784s][info][gc,heap        ] GC(98) Humongous regions: 0->0
[2026-04-03T01:53:31.866+0600][18.784s][info][gc,metaspace   ] GC(98) Metaspace: 14219K(14464K)->14219K(14464K) NonClass: 12400K(12544K)->12400K(12544K) Class: 1818K(1920K)->1818K(1920K)
[2026-04-03T01:53:31.866+0600][18.784s][info][gc             ] GC(98) Pause Young (Normal) (G1 Evacuation Pause) 90M->4M(148M) 1.172ms
[2026-04-03T01:53:31.866+0600][18.784s][info][gc,cpu         ] GC(98) User=0.01s Sys=0.00s Real=0.00s
[2026-04-03T01:53:31.996+0600][18.914s][info][gc,start       ] GC(99) Pause Young (Normal) (G1 Evacuation Pause)
[2026-04-03T01:53:31.996+0600][18.914s][info][gc,task        ] GC(99) Using 10 workers of 10 for evacuation
[2026-04-03T01:53:31.997+0600][18.915s][info][gc,phases      ] GC(99)   Pre Evacuate Collection Set: 0.15ms
[2026-04-03T01:53:31.997+0600][18.915s][info][gc,phases      ] GC(99)   Merge Heap Roots: 0.11ms
[2026-04-03T01:53:31.997+0600][18.915s][info][gc,phases      ] GC(99)   Evacuate Collection Set: 0.30ms
[2026-04-03T01:53:31.997+0600][18.915s][info][gc,phases      ] GC(99)   Post Evacuate Collection Set: 0.38ms
[2026-04-03T01:53:31.997+0600][18.915s][info][gc,phases      ] GC(99)   Other: 0.09ms
[2026-04-03T01:53:31.997+0600][18.915s][info][gc,heap        ] GC(99) Eden regions: 43->0(43)
[2026-04-03T01:53:31.997+0600][18.915s][info][gc,heap        ] GC(99) Survivor regions: 1->1(6)
[2026-04-03T01:53:31.997+0600][18.915s][info][gc,heap        ] GC(99) Old regions: 7->7
[2026-04-03T01:53:31.997+0600][18.915s][info][gc,heap        ] GC(99) Humongous regions: 0->0
[2026-04-03T01:53:31.997+0600][18.915s][info][gc,metaspace   ] GC(99) Metaspace: 14219K(14464K)->14219K(14464K) NonClass: 12400K(12544K)->12400K(12544K) Class: 1818K(1920K)->1818K(1920K)
[2026-04-03T01:53:31.998+0600][18.915s][info][gc             ] GC(99) Pause Young (Normal) (G1 Evacuation Pause) 90M->4M(148M) 1.345ms
[2026-04-03T01:53:31.998+0600][18.915s][info][gc,cpu         ] GC(99) User=0.01s Sys=0.00s Real=0.00s
[2026-04-03T01:53:32.136+0600][19.054s][info][gc,start       ] GC(100) Pause Young (Normal) (G1 Evacuation Pause)
[2026-04-03T01:53:32.136+0600][19.054s][info][gc,task        ] GC(100) Using 10 workers of 10 for evacuation
[2026-04-03T01:53:32.137+0600][19.055s][info][gc,phases      ] GC(100)   Pre Evacuate Collection Set: 0.16ms
[2026-04-03T01:53:32.137+0600][19.055s][info][gc,phases      ] GC(100)   Merge Heap Roots: 0.10ms
[2026-04-03T01:53:32.137+0600][19.055s][info][gc,phases      ] GC(100)   Evacuate Collection Set: 0.36ms
[2026-04-03T01:53:32.137+0600][19.055s][info][gc,phases      ] GC(100)   Post Evacuate Collection Set: 0.43ms
[2026-04-03T01:53:32.137+0600][19.055s][info][gc,phases      ] GC(100)   Other: 0.10ms
[2026-04-03T01:53:32.137+0600][19.055s][info][gc,heap        ] GC(100) Eden regions: 43->0(43)
[2026-04-03T01:53:32.137+0600][19.055s][info][gc,heap        ] GC(100) Survivor regions: 1->1(6)
[2026-04-03T01:53:32.137+0600][19.055s][info][gc,heap        ] GC(100) Old regions: 7->7
[2026-04-03T01:53:32.137+0600][19.055s][info][gc,heap        ] GC(100) Humongous regions: 0->0
[2026-04-03T01:53:32.138+0600][19.055s][info][gc,metaspace   ] GC(100) Metaspace: 14219K(14464K)->14219K(14464K) NonClass: 12400K(12544K)->12400K(12544K) Class: 1818K(1920K)->1818K(1920K)
[2026-04-03T01:53:32.138+0600][19.055s][info][gc             ] GC(100) Pause Young (Normal) (G1 Evacuation Pause) 90M->4M(148M) 1.519ms
[2026-04-03T01:53:32.138+0600][19.055s][info][gc,cpu         ] GC(100) User=0.01s Sys=0.00s Real=0.00s
[2026-04-03T01:53:32.266+0600][19.184s][info][gc,start       ] GC(101) Pause Young (Normal) (G1 Evacuation Pause)
[2026-04-03T01:53:32.266+0600][19.184s][info][gc,task        ] GC(101) Using 10 workers of 10 for evacuation
[2026-04-03T01:53:32.267+0600][19.185s][info][gc,phases      ] GC(101)   Pre Evacuate Collection Set: 0.21ms
[2026-04-03T01:53:32.268+0600][19.185s][info][gc,phases      ] GC(101)   Merge Heap Roots: 0.14ms
[2026-04-03T01:53:32.268+0600][19.185s][info][gc,phases      ] GC(101)   Evacuate Collection Set: 0.32ms
[2026-04-03T01:53:32.268+0600][19.185s][info][gc,phases      ] GC(101)   Post Evacuate Collection Set: 0.73ms
[2026-04-03T01:53:32.268+0600][19.185s][info][gc,phases      ] GC(101)   Other: 0.11ms
[2026-04-03T01:53:32.268+0600][19.185s][info][gc,heap        ] GC(101) Eden regions: 43->0(43)
[2026-04-03T01:53:32.268+0600][19.185s][info][gc,heap        ] GC(101) Survivor regions: 1->1(6)
[2026-04-03T01:53:32.268+0600][19.185s][info][gc,heap        ] GC(101) Old regions: 7->7
[2026-04-03T01:53:32.268+0600][19.185s][info][gc,heap        ] GC(101) Humongous regions: 0->0
[2026-04-03T01:53:32.268+0600][19.186s][info][gc,metaspace   ] GC(101) Metaspace: 14219K(14464K)->14219K(14464K) NonClass: 12400K(12544K)->12400K(12544K) Class: 1818K(1920K)->1818K(1920K)
[2026-04-03T01:53:32.268+0600][19.186s][info][gc             ] GC(101) Pause Young (Normal) (G1 Evacuation Pause) 90M->4M(148M) 2.032ms
[2026-04-03T01:53:32.268+0600][19.186s][info][gc,cpu         ] GC(101) User=0.00s Sys=0.00s Real=0.00s
[2026-04-03T01:53:32.393+0600][19.311s][info][gc,start       ] GC(102) Pause Young (Normal) (G1 Evacuation Pause)
[2026-04-03T01:53:32.393+0600][19.311s][info][gc,task        ] GC(102) Using 10 workers of 10 for evacuation
[2026-04-03T01:53:32.394+0600][19.312s][info][gc,phases      ] GC(102)   Pre Evacuate Collection Set: 0.18ms
[2026-04-03T01:53:32.394+0600][19.312s][info][gc,phases      ] GC(102)   Merge Heap Roots: 0.07ms
[2026-04-03T01:53:32.394+0600][19.312s][info][gc,phases      ] GC(102)   Evacuate Collection Set: 0.27ms
[2026-04-03T01:53:32.394+0600][19.312s][info][gc,phases      ] GC(102)   Post Evacuate Collection Set: 0.49ms
[2026-04-03T01:53:32.394+0600][19.312s][info][gc,phases      ] GC(102)   Other: 0.09ms
[2026-04-03T01:53:32.394+0600][19.312s][info][gc,heap        ] GC(102) Eden regions: 43->0(43)
[2026-04-03T01:53:32.394+0600][19.312s][info][gc,heap        ] GC(102) Survivor regions: 1->1(6)
[2026-04-03T01:53:32.394+0600][19.312s][info][gc,heap        ] GC(102) Old regions: 7->7
[2026-04-03T01:53:32.394+0600][19.312s][info][gc,heap        ] GC(102) Humongous regions: 0->0
[2026-04-03T01:53:32.394+0600][19.312s][info][gc,metaspace   ] GC(102) Metaspace: 14219K(14464K)->14219K(14464K) NonClass: 12400K(12544K)->12400K(12544K) Class: 1818K(1920K)->1818K(1920K)
[2026-04-03T01:53:32.394+0600][19.312s][info][gc             ] GC(102) Pause Young (Normal) (G1 Evacuation Pause) 90M->4M(148M) 1.409ms
[2026-04-03T01:53:32.394+0600][19.312s][info][gc,cpu         ] GC(102) User=0.00s Sys=0.00s Real=0.00s
[2026-04-03T01:53:32.526+0600][19.444s][info][gc,start       ] GC(103) Pause Young (Normal) (G1 Evacuation Pause)
[2026-04-03T01:53:32.527+0600][19.444s][info][gc,task        ] GC(103) Using 10 workers of 10 for evacuation
[2026-04-03T01:53:32.528+0600][19.446s][info][gc,phases      ] GC(103)   Pre Evacuate Collection Set: 0.18ms
[2026-04-03T01:53:32.528+0600][19.446s][info][gc,phases      ] GC(103)   Merge Heap Roots: 0.12ms
[2026-04-03T01:53:32.528+0600][19.446s][info][gc,phases      ] GC(103)   Evacuate Collection Set: 0.43ms
[2026-04-03T01:53:32.528+0600][19.446s][info][gc,phases      ] GC(103)   Post Evacuate Collection Set: 0.40ms
[2026-04-03T01:53:32.528+0600][19.446s][info][gc,phases      ] GC(103)   Other: 0.10ms
[2026-04-03T01:53:32.528+0600][19.446s][info][gc,heap        ] GC(103) Eden regions: 43->0(43)
[2026-04-03T01:53:32.528+0600][19.446s][info][gc,heap        ] GC(103) Survivor regions: 1->1(6)
[2026-04-03T01:53:32.528+0600][19.446s][info][gc,heap        ] GC(103) Old regions: 7->7
[2026-04-03T01:53:32.528+0600][19.446s][info][gc,heap        ] GC(103) Humongous regions: 0->0
[2026-04-03T01:53:32.528+0600][19.446s][info][gc,metaspace   ] GC(103) Metaspace: 14219K(14464K)->14219K(14464K) NonClass: 12400K(12544K)->12400K(12544K) Class: 1818K(1920K)->1818K(1920K)
[2026-04-03T01:53:32.528+0600][19.446s][info][gc             ] GC(103) Pause Young (Normal) (G1 Evacuation Pause) 90M->4M(148M) 1.572ms
[2026-04-03T01:53:32.528+0600][19.446s][info][gc,cpu         ] GC(103) User=0.00s Sys=0.00s Real=0.00s
[2026-04-03T01:53:32.674+0600][19.591s][info][gc,start       ] GC(104) Pause Young (Normal) (G1 Evacuation Pause)
[2026-04-03T01:53:32.674+0600][19.591s][info][gc,task        ] GC(104) Using 10 workers of 10 for evacuation
[2026-04-03T01:53:32.675+0600][19.593s][info][gc,phases      ] GC(104)   Pre Evacuate Collection Set: 0.19ms
[2026-04-03T01:53:32.675+0600][19.593s][info][gc,phases      ] GC(104)   Merge Heap Roots: 0.11ms
[2026-04-03T01:53:32.675+0600][19.593s][info][gc,phases      ] GC(104)   Evacuate Collection Set: 0.32ms
[2026-04-03T01:53:32.675+0600][19.593s][info][gc,phases      ] GC(104)   Post Evacuate Collection Set: 0.49ms
[2026-04-03T01:53:32.675+0600][19.593s][info][gc,phases      ] GC(104)   Other: 0.10ms
[2026-04-03T01:53:32.675+0600][19.593s][info][gc,heap        ] GC(104) Eden regions: 43->0(43)
[2026-04-03T01:53:32.675+0600][19.593s][info][gc,heap        ] GC(104) Survivor regions: 1->1(6)
[2026-04-03T01:53:32.675+0600][19.593s][info][gc,heap        ] GC(104) Old regions: 7->8
[2026-04-03T01:53:32.675+0600][19.593s][info][gc,heap        ] GC(104) Humongous regions: 0->0
[2026-04-03T01:53:32.675+0600][19.593s][info][gc,metaspace   ] GC(104) Metaspace: 14219K(14464K)->14219K(14464K) NonClass: 12400K(12544K)->12400K(12544K) Class: 1818K(1920K)->1818K(1920K)
[2026-04-03T01:53:32.675+0600][19.593s][info][gc             ] GC(104) Pause Young (Normal) (G1 Evacuation Pause) 90M->4M(148M) 1.557ms
[2026-04-03T01:53:32.675+0600][19.593s][info][gc,cpu         ] GC(104) User=0.01s Sys=0.00s Real=0.00s
[2026-04-03T01:53:32.801+0600][19.719s][info][gc,start       ] GC(105) Pause Young (Normal) (G1 Evacuation Pause)
[2026-04-03T01:53:32.802+0600][19.719s][info][gc,task        ] GC(105) Using 10 workers of 10 for evacuation
[2026-04-03T01:53:32.803+0600][19.721s][info][gc,phases      ] GC(105)   Pre Evacuate Collection Set: 0.20ms
[2026-04-03T01:53:32.803+0600][19.721s][info][gc,phases      ] GC(105)   Merge Heap Roots: 0.11ms
[2026-04-03T01:53:32.803+0600][19.721s][info][gc,phases      ] GC(105)   Evacuate Collection Set: 0.90ms
[2026-04-03T01:53:32.803+0600][19.721s][info][gc,phases      ] GC(105)   Post Evacuate Collection Set: 0.49ms
[2026-04-03T01:53:32.804+0600][19.721s][info][gc,phases      ] GC(105)   Other: 0.11ms
[2026-04-03T01:53:32.804+0600][19.721s][info][gc,heap        ] GC(105) Eden regions: 43->0(43)
[2026-04-03T01:53:32.804+0600][19.721s][info][gc,heap        ] GC(105) Survivor regions: 1->1(6)
[2026-04-03T01:53:32.804+0600][19.721s][info][gc,heap        ] GC(105) Old regions: 8->8
[2026-04-03T01:53:32.804+0600][19.721s][info][gc,heap        ] GC(105) Humongous regions: 0->0
[2026-04-03T01:53:32.804+0600][19.721s][info][gc,metaspace   ] GC(105) Metaspace: 14219K(14464K)->14219K(14464K) NonClass: 12400K(12544K)->12400K(12544K) Class: 1818K(1920K)->1818K(1920K)
[2026-04-03T01:53:32.804+0600][19.721s][info][gc             ] GC(105) Pause Young (Normal) (G1 Evacuation Pause) 90M->4M(148M) 2.189ms
[2026-04-03T01:53:32.804+0600][19.721s][info][gc,cpu         ] GC(105) User=0.01s Sys=0.00s Real=0.00s
[2026-04-03T01:53:32.932+0600][19.850s][info][gc,start       ] GC(106) Pause Young (Normal) (G1 Evacuation Pause)
[2026-04-03T01:53:32.932+0600][19.850s][info][gc,task        ] GC(106) Using 10 workers of 10 for evacuation
[2026-04-03T01:53:32.933+0600][19.851s][info][gc,phases      ] GC(106)   Pre Evacuate Collection Set: 0.14ms
[2026-04-03T01:53:32.933+0600][19.851s][info][gc,phases      ] GC(106)   Merge Heap Roots: 0.11ms
[2026-04-03T01:53:32.933+0600][19.851s][info][gc,phases      ] GC(106)   Evacuate Collection Set: 0.27ms
[2026-04-03T01:53:32.933+0600][19.851s][info][gc,phases      ] GC(106)   Post Evacuate Collection Set: 0.43ms
[2026-04-03T01:53:32.933+0600][19.851s][info][gc,phases      ] GC(106)   Other: 0.12ms
[2026-04-03T01:53:32.933+0600][19.851s][info][gc,heap        ] GC(106) Eden regions: 43->0(43)
[2026-04-03T01:53:32.933+0600][19.851s][info][gc,heap        ] GC(106) Survivor regions: 1->1(6)
[2026-04-03T01:53:32.933+0600][19.851s][info][gc,heap        ] GC(106) Old regions: 8->8
[2026-04-03T01:53:32.934+0600][19.851s][info][gc,heap        ] GC(106) Humongous regions: 0->0
[2026-04-03T01:53:32.934+0600][19.851s][info][gc,metaspace   ] GC(106) Metaspace: 14219K(14464K)->14219K(14464K) NonClass: 12400K(12544K)->12400K(12544K) Class: 1818K(1920K)->1818K(1920K)
[2026-04-03T01:53:32.934+0600][19.851s][info][gc             ] GC(106) Pause Young (Normal) (G1 Evacuation Pause) 90M->4M(148M) 1.401ms
[2026-04-03T01:53:32.934+0600][19.851s][info][gc,cpu         ] GC(106) User=0.00s Sys=0.00s Real=0.00s
[2026-04-03T01:53:33.075+0600][19.993s][info][gc,start       ] GC(107) Pause Young (Normal) (G1 Evacuation Pause)
[2026-04-03T01:53:33.075+0600][19.993s][info][gc,task        ] GC(107) Using 10 workers of 10 for evacuation
[2026-04-03T01:53:33.077+0600][19.995s][info][gc,phases      ] GC(107)   Pre Evacuate Collection Set: 0.16ms
[2026-04-03T01:53:33.077+0600][19.995s][info][gc,phases      ] GC(107)   Merge Heap Roots: 0.11ms
[2026-04-03T01:53:33.077+0600][19.995s][info][gc,phases      ] GC(107)   Evacuate Collection Set: 1.08ms
[2026-04-03T01:53:33.077+0600][19.995s][info][gc,phases      ] GC(107)   Post Evacuate Collection Set: 0.61ms
[2026-04-03T01:53:33.077+0600][19.995s][info][gc,phases      ] GC(107)   Other: 0.11ms
[2026-04-03T01:53:33.077+0600][19.995s][info][gc,heap        ] GC(107) Eden regions: 43->0(43)
[2026-04-03T01:53:33.077+0600][19.995s][info][gc,heap        ] GC(107) Survivor regions: 1->1(6)
[2026-04-03T01:53:33.077+0600][19.995s][info][gc,heap        ] GC(107) Old regions: 8->8
[2026-04-03T01:53:33.077+0600][19.995s][info][gc,heap        ] GC(107) Humongous regions: 0->0
[2026-04-03T01:53:33.077+0600][19.995s][info][gc,metaspace   ] GC(107) Metaspace: 14219K(14464K)->14219K(14464K) NonClass: 12400K(12544K)->12400K(12544K) Class: 1818K(1920K)->1818K(1920K)
[2026-04-03T01:53:33.077+0600][19.995s][info][gc             ] GC(107) Pause Young (Normal) (G1 Evacuation Pause) 90M->4M(148M) 2.390ms
[2026-04-03T01:53:33.077+0600][19.995s][info][gc,cpu         ] GC(107) User=0.00s Sys=0.00s Real=0.00s
[2026-04-03T01:53:33.215+0600][20.133s][info][gc,start       ] GC(108) Pause Young (Normal) (G1 Evacuation Pause)
[2026-04-03T01:53:33.215+0600][20.133s][info][gc,task        ] GC(108) Using 10 workers of 10 for evacuation
[2026-04-03T01:53:33.216+0600][20.134s][info][gc,phases      ] GC(108)   Pre Evacuate Collection Set: 0.15ms
[2026-04-03T01:53:33.216+0600][20.134s][info][gc,phases      ] GC(108)   Merge Heap Roots: 0.10ms
[2026-04-03T01:53:33.216+0600][20.134s][info][gc,phases      ] GC(108)   Evacuate Collection Set: 0.20ms
[2026-04-03T01:53:33.216+0600][20.134s][info][gc,phases      ] GC(108)   Post Evacuate Collection Set: 0.39ms
[2026-04-03T01:53:33.216+0600][20.134s][info][gc,phases      ] GC(108)   Other: 0.09ms
[2026-04-03T01:53:33.216+0600][20.134s][info][gc,heap        ] GC(108) Eden regions: 43->0(43)
[2026-04-03T01:53:33.216+0600][20.134s][info][gc,heap        ] GC(108) Survivor regions: 1->1(6)
[2026-04-03T01:53:33.216+0600][20.134s][info][gc,heap        ] GC(108) Old regions: 8->8
[2026-04-03T01:53:33.216+0600][20.134s][info][gc,heap        ] GC(108) Humongous regions: 0->0
[2026-04-03T01:53:33.216+0600][20.134s][info][gc,metaspace   ] GC(108) Metaspace: 14219K(14464K)->14219K(14464K) NonClass: 12400K(12544K)->12400K(12544K) Class: 1818K(1920K)->1818K(1920K)
[2026-04-03T01:53:33.217+0600][20.134s][info][gc             ] GC(108) Pause Young (Normal) (G1 Evacuation Pause) 90M->4M(148M) 1.244ms
[2026-04-03T01:53:33.217+0600][20.134s][info][gc,cpu         ] GC(108) User=0.01s Sys=0.01s Real=0.00s
[2026-04-03T01:53:33.343+0600][20.260s][info][gc,start       ] GC(109) Pause Young (Normal) (G1 Evacuation Pause)
[2026-04-03T01:53:33.343+0600][20.261s][info][gc,task        ] GC(109) Using 10 workers of 10 for evacuation
[2026-04-03T01:53:33.344+0600][20.262s][info][gc,phases      ] GC(109)   Pre Evacuate Collection Set: 0.16ms
[2026-04-03T01:53:33.344+0600][20.262s][info][gc,phases      ] GC(109)   Merge Heap Roots: 0.10ms
[2026-04-03T01:53:33.344+0600][20.262s][info][gc,phases      ] GC(109)   Evacuate Collection Set: 0.28ms
[2026-04-03T01:53:33.344+0600][20.262s][info][gc,phases      ] GC(109)   Post Evacuate Collection Set: 0.59ms
[2026-04-03T01:53:33.344+0600][20.262s][info][gc,phases      ] GC(109)   Other: 0.11ms
[2026-04-03T01:53:33.344+0600][20.262s][info][gc,heap        ] GC(109) Eden regions: 43->0(43)
[2026-04-03T01:53:33.344+0600][20.262s][info][gc,heap        ] GC(109) Survivor regions: 1->1(6)
[2026-04-03T01:53:33.344+0600][20.262s][info][gc,heap        ] GC(109) Old regions: 8->8
[2026-04-03T01:53:33.344+0600][20.262s][info][gc,heap        ] GC(109) Humongous regions: 0->0
[2026-04-03T01:53:33.344+0600][20.262s][info][gc,metaspace   ] GC(109) Metaspace: 14219K(14464K)->14219K(14464K) NonClass: 12400K(12544K)->12400K(12544K) Class: 1818K(1920K)->1818K(1920K)
[2026-04-03T01:53:33.344+0600][20.262s][info][gc             ] GC(109) Pause Young (Normal) (G1 Evacuation Pause) 90M->4M(148M) 1.572ms
[2026-04-03T01:53:33.344+0600][20.262s][info][gc,cpu         ] GC(109) User=0.01s Sys=0.01s Real=0.00s
[2026-04-03T01:53:33.475+0600][20.392s][info][gc,start       ] GC(110) Pause Young (Normal) (G1 Evacuation Pause)
[2026-04-03T01:53:33.475+0600][20.393s][info][gc,task        ] GC(110) Using 10 workers of 10 for evacuation
[2026-04-03T01:53:33.476+0600][20.393s][info][gc,phases      ] GC(110)   Pre Evacuate Collection Set: 0.14ms
[2026-04-03T01:53:33.476+0600][20.394s][info][gc,phases      ] GC(110)   Merge Heap Roots: 0.08ms
[2026-04-03T01:53:33.476+0600][20.394s][info][gc,phases      ] GC(110)   Evacuate Collection Set: 0.22ms
[2026-04-03T01:53:33.476+0600][20.394s][info][gc,phases      ] GC(110)   Post Evacuate Collection Set: 0.33ms
[2026-04-03T01:53:33.476+0600][20.394s][info][gc,phases      ] GC(110)   Other: 0.09ms
[2026-04-03T01:53:33.476+0600][20.394s][info][gc,heap        ] GC(110) Eden regions: 43->0(43)
[2026-04-03T01:53:33.476+0600][20.394s][info][gc,heap        ] GC(110) Survivor regions: 1->1(6)
[2026-04-03T01:53:33.476+0600][20.394s][info][gc,heap        ] GC(110) Old regions: 8->8
[2026-04-03T01:53:33.476+0600][20.394s][info][gc,heap        ] GC(110) Humongous regions: 0->0
[2026-04-03T01:53:33.476+0600][20.394s][info][gc,metaspace   ] GC(110) Metaspace: 14219K(14464K)->14219K(14464K) NonClass: 12400K(12544K)->12400K(12544K) Class: 1818K(1920K)->1818K(1920K)
[2026-04-03T01:53:33.476+0600][20.394s][info][gc             ] GC(110) Pause Young (Normal) (G1 Evacuation Pause) 90M->4M(148M) 1.160ms
[2026-04-03T01:53:33.476+0600][20.394s][info][gc,cpu         ] GC(110) User=0.01s Sys=0.00s Real=0.00s
[2026-04-03T01:53:33.611+0600][20.528s][info][gc,start       ] GC(111) Pause Young (Normal) (G1 Evacuation Pause)
[2026-04-03T01:53:33.611+0600][20.529s][info][gc,task        ] GC(111) Using 10 workers of 10 for evacuation
[2026-04-03T01:53:33.612+0600][20.530s][info][gc,phases      ] GC(111)   Pre Evacuate Collection Set: 0.15ms
[2026-04-03T01:53:33.612+0600][20.530s][info][gc,phases      ] GC(111)   Merge Heap Roots: 0.11ms
[2026-04-03T01:53:33.612+0600][20.530s][info][gc,phases      ] GC(111)   Evacuate Collection Set: 0.25ms
[2026-04-03T01:53:33.612+0600][20.530s][info][gc,phases      ] GC(111)   Post Evacuate Collection Set: 0.41ms
[2026-04-03T01:53:33.612+0600][20.530s][info][gc,phases      ] GC(111)   Other: 0.09ms
[2026-04-03T01:53:33.612+0600][20.530s][info][gc,heap        ] GC(111) Eden regions: 43->0(43)
[2026-04-03T01:53:33.612+0600][20.530s][info][gc,heap        ] GC(111) Survivor regions: 1->1(6)
[2026-04-03T01:53:33.612+0600][20.530s][info][gc,heap        ] GC(111) Old regions: 8->8
[2026-04-03T01:53:33.612+0600][20.530s][info][gc,heap        ] GC(111) Humongous regions: 0->0
[2026-04-03T01:53:33.612+0600][20.530s][info][gc,metaspace   ] GC(111) Metaspace: 14219K(14464K)->14219K(14464K) NonClass: 12400K(12544K)->12400K(12544K) Class: 1818K(1920K)->1818K(1920K)
[2026-04-03T01:53:33.612+0600][20.530s][info][gc             ] GC(111) Pause Young (Normal) (G1 Evacuation Pause) 90M->4M(148M) 1.371ms
[2026-04-03T01:53:33.612+0600][20.530s][info][gc,cpu         ] GC(111) User=0.00s Sys=0.00s Real=0.00s
[2026-04-03T01:53:33.760+0600][20.677s][info][gc,start       ] GC(112) Pause Young (Normal) (G1 Evacuation Pause)
[2026-04-03T01:53:33.760+0600][20.677s][info][gc,task        ] GC(112) Using 10 workers of 10 for evacuation
[2026-04-03T01:53:33.761+0600][20.678s][info][gc,phases      ] GC(112)   Pre Evacuate Collection Set: 0.13ms
[2026-04-03T01:53:33.761+0600][20.678s][info][gc,phases      ] GC(112)   Merge Heap Roots: 0.09ms
[2026-04-03T01:53:33.761+0600][20.678s][info][gc,phases      ] GC(112)   Evacuate Collection Set: 0.24ms
[2026-04-03T01:53:33.761+0600][20.678s][info][gc,phases      ] GC(112)   Post Evacuate Collection Set: 0.34ms
[2026-04-03T01:53:33.761+0600][20.678s][info][gc,phases      ] GC(112)   Other: 0.10ms
[2026-04-03T01:53:33.761+0600][20.678s][info][gc,heap        ] GC(112) Eden regions: 43->0(43)
[2026-04-03T01:53:33.761+0600][20.678s][info][gc,heap        ] GC(112) Survivor regions: 1->1(6)
[2026-04-03T01:53:33.761+0600][20.678s][info][gc,heap        ] GC(112) Old regions: 8->8
[2026-04-03T01:53:33.761+0600][20.678s][info][gc,heap        ] GC(112) Humongous regions: 0->0
[2026-04-03T01:53:33.761+0600][20.678s][info][gc,metaspace   ] GC(112) Metaspace: 14219K(14464K)->14219K(14464K) NonClass: 12400K(12544K)->12400K(12544K) Class: 1818K(1920K)->1818K(1920K)
[2026-04-03T01:53:33.761+0600][20.679s][info][gc             ] GC(112) Pause Young (Normal) (G1 Evacuation Pause) 90M->4M(148M) 1.174ms
[2026-04-03T01:53:33.761+0600][20.679s][info][gc,cpu         ] GC(112) User=0.01s Sys=0.00s Real=0.01s
[2026-04-03T01:53:33.884+0600][20.802s][info][gc,start       ] GC(113) Pause Young (Normal) (G1 Evacuation Pause)
[2026-04-03T01:53:33.884+0600][20.802s][info][gc,task        ] GC(113) Using 10 workers of 10 for evacuation
[2026-04-03T01:53:33.885+0600][20.803s][info][gc,phases      ] GC(113)   Pre Evacuate Collection Set: 0.13ms
[2026-04-03T01:53:33.885+0600][20.803s][info][gc,phases      ] GC(113)   Merge Heap Roots: 0.10ms
[2026-04-03T01:53:33.885+0600][20.803s][info][gc,phases      ] GC(113)   Evacuate Collection Set: 0.32ms
[2026-04-03T01:53:33.885+0600][20.803s][info][gc,phases      ] GC(113)   Post Evacuate Collection Set: 0.36ms
[2026-04-03T01:53:33.885+0600][20.803s][info][gc,phases      ] GC(113)   Other: 0.08ms
[2026-04-03T01:53:33.885+0600][20.803s][info][gc,heap        ] GC(113) Eden regions: 43->0(43)
[2026-04-03T01:53:33.885+0600][20.803s][info][gc,heap        ] GC(113) Survivor regions: 1->1(6)
[2026-04-03T01:53:33.886+0600][20.803s][info][gc,heap        ] GC(113) Old regions: 8->8
[2026-04-03T01:53:33.886+0600][20.803s][info][gc,heap        ] GC(113) Humongous regions: 0->0
[2026-04-03T01:53:33.886+0600][20.803s][info][gc,metaspace   ] GC(113) Metaspace: 14219K(14464K)->14219K(14464K) NonClass: 12400K(12544K)->12400K(12544K) Class: 1818K(1920K)->1818K(1920K)
[2026-04-03T01:53:33.886+0600][20.803s][info][gc             ] GC(113) Pause Young (Normal) (G1 Evacuation Pause) 90M->4M(148M) 1.246ms
[2026-04-03T01:53:33.886+0600][20.803s][info][gc,cpu         ] GC(113) User=0.00s Sys=0.00s Real=0.00s
[2026-04-03T01:53:34.011+0600][20.929s][info][gc,start       ] GC(114) Pause Young (Normal) (G1 Evacuation Pause)
[2026-04-03T01:53:34.011+0600][20.929s][info][gc,task        ] GC(114) Using 10 workers of 10 for evacuation
[2026-04-03T01:53:34.012+0600][20.930s][info][gc,phases      ] GC(114)   Pre Evacuate Collection Set: 0.14ms
[2026-04-03T01:53:34.012+0600][20.930s][info][gc,phases      ] GC(114)   Merge Heap Roots: 0.09ms
[2026-04-03T01:53:34.012+0600][20.930s][info][gc,phases      ] GC(114)   Evacuate Collection Set: 0.23ms
[2026-04-03T01:53:34.012+0600][20.930s][info][gc,phases      ] GC(114)   Post Evacuate Collection Set: 0.36ms
[2026-04-03T01:53:34.012+0600][20.930s][info][gc,phases      ] GC(114)   Other: 0.09ms
[2026-04-03T01:53:34.012+0600][20.930s][info][gc,heap        ] GC(114) Eden regions: 43->0(43)
[2026-04-03T01:53:34.012+0600][20.930s][info][gc,heap        ] GC(114) Survivor regions: 1->1(6)
[2026-04-03T01:53:34.012+0600][20.930s][info][gc,heap        ] GC(114) Old regions: 8->8
[2026-04-03T01:53:34.012+0600][20.930s][info][gc,heap        ] GC(114) Humongous regions: 0->0
[2026-04-03T01:53:34.012+0600][20.930s][info][gc,metaspace   ] GC(114) Metaspace: 14219K(14464K)->14219K(14464K) NonClass: 12400K(12544K)->12400K(12544K) Class: 1818K(1920K)->1818K(1920K)
[2026-04-03T01:53:34.012+0600][20.930s][info][gc             ] GC(114) Pause Young (Normal) (G1 Evacuation Pause) 90M->4M(148M) 1.174ms
[2026-04-03T01:53:34.012+0600][20.930s][info][gc,cpu         ] GC(114) User=0.01s Sys=0.00s Real=0.00s
[2026-04-03T01:53:34.141+0600][21.059s][info][gc,start       ] GC(115) Pause Young (Normal) (G1 Evacuation Pause)
[2026-04-03T01:53:34.142+0600][21.059s][info][gc,task        ] GC(115) Using 10 workers of 10 for evacuation
[2026-04-03T01:53:34.143+0600][21.060s][info][gc,phases      ] GC(115)   Pre Evacuate Collection Set: 0.18ms
[2026-04-03T01:53:34.143+0600][21.060s][info][gc,phases      ] GC(115)   Merge Heap Roots: 0.10ms
[2026-04-03T01:53:34.143+0600][21.060s][info][gc,phases      ] GC(115)   Evacuate Collection Set: 0.24ms
[2026-04-03T01:53:34.143+0600][21.060s][info][gc,phases      ] GC(115)   Post Evacuate Collection Set: 0.41ms
[2026-04-03T01:53:34.143+0600][21.060s][info][gc,phases      ] GC(115)   Other: 0.10ms
[2026-04-03T01:53:34.143+0600][21.060s][info][gc,heap        ] GC(115) Eden regions: 43->0(43)
[2026-04-03T01:53:34.143+0600][21.060s][info][gc,heap        ] GC(115) Survivor regions: 1->1(6)
[2026-04-03T01:53:34.143+0600][21.061s][info][gc,heap        ] GC(115) Old regions: 8->8
[2026-04-03T01:53:34.143+0600][21.061s][info][gc,heap        ] GC(115) Humongous regions: 0->0
[2026-04-03T01:53:34.143+0600][21.061s][info][gc,metaspace   ] GC(115) Metaspace: 14219K(14464K)->14219K(14464K) NonClass: 12400K(12544K)->12400K(12544K) Class: 1818K(1920K)->1818K(1920K)
[2026-04-03T01:53:34.143+0600][21.061s][info][gc             ] GC(115) Pause Young (Normal) (G1 Evacuation Pause) 90M->4M(148M) 1.418ms
[2026-04-03T01:53:34.143+0600][21.061s][info][gc,cpu         ] GC(115) User=0.00s Sys=0.00s Real=0.00s
[2026-04-03T01:53:34.271+0600][21.188s][info][gc,start       ] GC(116) Pause Young (Normal) (G1 Evacuation Pause)
[2026-04-03T01:53:34.271+0600][21.188s][info][gc,task        ] GC(116) Using 10 workers of 10 for evacuation
[2026-04-03T01:53:34.272+0600][21.189s][info][gc,phases      ] GC(116)   Pre Evacuate Collection Set: 0.17ms
[2026-04-03T01:53:34.272+0600][21.189s][info][gc,phases      ] GC(116)   Merge Heap Roots: 0.09ms
[2026-04-03T01:53:34.272+0600][21.189s][info][gc,phases      ] GC(116)   Evacuate Collection Set: 0.27ms
[2026-04-03T01:53:34.272+0600][21.189s][info][gc,phases      ] GC(116)   Post Evacuate Collection Set: 0.36ms
[2026-04-03T01:53:34.272+0600][21.190s][info][gc,phases      ] GC(116)   Other: 0.09ms
[2026-04-03T01:53:34.272+0600][21.190s][info][gc,heap        ] GC(116) Eden regions: 43->0(43)
[2026-04-03T01:53:34.272+0600][21.190s][info][gc,heap        ] GC(116) Survivor regions: 1->1(6)
[2026-04-03T01:53:34.272+0600][21.190s][info][gc,heap        ] GC(116) Old regions: 8->8
[2026-04-03T01:53:34.272+0600][21.190s][info][gc,heap        ] GC(116) Humongous regions: 0->0
[2026-04-03T01:53:34.272+0600][21.190s][info][gc,metaspace   ] GC(116) Metaspace: 14219K(14464K)->14219K(14464K) NonClass: 12400K(12544K)->12400K(12544K) Class: 1818K(1920K)->1818K(1920K)
[2026-04-03T01:53:34.272+0600][21.190s][info][gc             ] GC(116) Pause Young (Normal) (G1 Evacuation Pause) 90M->4M(148M) 1.307ms
[2026-04-03T01:53:34.272+0600][21.190s][info][gc,cpu         ] GC(116) User=0.01s Sys=0.00s Real=0.00s
[2026-04-03T01:53:34.392+0600][21.309s][info][gc,start       ] GC(117) Pause Young (Normal) (G1 Evacuation Pause)
[2026-04-03T01:53:34.392+0600][21.309s][info][gc,task        ] GC(117) Using 10 workers of 10 for evacuation
[2026-04-03T01:53:34.393+0600][21.310s][info][gc,phases      ] GC(117)   Pre Evacuate Collection Set: 0.13ms
[2026-04-03T01:53:34.393+0600][21.310s][info][gc,phases      ] GC(117)   Merge Heap Roots: 0.10ms
[2026-04-03T01:53:34.393+0600][21.310s][info][gc,phases      ] GC(117)   Evacuate Collection Set: 0.22ms
[2026-04-03T01:53:34.393+0600][21.310s][info][gc,phases      ] GC(117)   Post Evacuate Collection Set: 0.34ms
[2026-04-03T01:53:34.393+0600][21.310s][info][gc,phases      ] GC(117)   Other: 0.07ms
[2026-04-03T01:53:34.393+0600][21.310s][info][gc,heap        ] GC(117) Eden regions: 43->0(43)
[2026-04-03T01:53:34.393+0600][21.310s][info][gc,heap        ] GC(117) Survivor regions: 1->1(6)
[2026-04-03T01:53:34.393+0600][21.310s][info][gc,heap        ] GC(117) Old regions: 8->8
[2026-04-03T01:53:34.393+0600][21.310s][info][gc,heap        ] GC(117) Humongous regions: 0->0
[2026-04-03T01:53:34.393+0600][21.310s][info][gc,metaspace   ] GC(117) Metaspace: 14219K(14464K)->14219K(14464K) NonClass: 12400K(12544K)->12400K(12544K) Class: 1818K(1920K)->1818K(1920K)
[2026-04-03T01:53:34.393+0600][21.310s][info][gc             ] GC(117) Pause Young (Normal) (G1 Evacuation Pause) 90M->4M(148M) 1.090ms
[2026-04-03T01:53:34.393+0600][21.310s][info][gc,cpu         ] GC(117) User=0.00s Sys=0.00s Real=0.00s
[2026-04-03T01:53:34.517+0600][21.435s][info][gc,start       ] GC(118) Pause Young (Normal) (G1 Evacuation Pause)
[2026-04-03T01:53:34.517+0600][21.435s][info][gc,task        ] GC(118) Using 10 workers of 10 for evacuation
[2026-04-03T01:53:34.518+0600][21.436s][info][gc,phases      ] GC(118)   Pre Evacuate Collection Set: 0.22ms
[2026-04-03T01:53:34.518+0600][21.436s][info][gc,phases      ] GC(118)   Merge Heap Roots: 0.09ms
[2026-04-03T01:53:34.518+0600][21.436s][info][gc,phases      ] GC(118)   Evacuate Collection Set: 0.23ms
[2026-04-03T01:53:34.518+0600][21.436s][info][gc,phases      ] GC(118)   Post Evacuate Collection Set: 0.55ms
[2026-04-03T01:53:34.518+0600][21.436s][info][gc,phases      ] GC(118)   Other: 0.14ms
[2026-04-03T01:53:34.518+0600][21.436s][info][gc,heap        ] GC(118) Eden regions: 43->0(43)
[2026-04-03T01:53:34.518+0600][21.436s][info][gc,heap        ] GC(118) Survivor regions: 1->1(6)
[2026-04-03T01:53:34.518+0600][21.436s][info][gc,heap        ] GC(118) Old regions: 8->8
[2026-04-03T01:53:34.518+0600][21.436s][info][gc,heap        ] GC(118) Humongous regions: 0->0
[2026-04-03T01:53:34.518+0600][21.436s][info][gc,metaspace   ] GC(118) Metaspace: 14219K(14464K)->14219K(14464K) NonClass: 12400K(12544K)->12400K(12544K) Class: 1818K(1920K)->1818K(1920K)
[2026-04-03T01:53:34.519+0600][21.436s][info][gc             ] GC(118) Pause Young (Normal) (G1 Evacuation Pause) 90M->4M(148M) 1.496ms
[2026-04-03T01:53:34.519+0600][21.436s][info][gc,cpu         ] GC(118) User=0.01s Sys=0.00s Real=0.00s
[2026-04-03T01:53:34.648+0600][21.565s][info][gc,start       ] GC(119) Pause Young (Normal) (G1 Evacuation Pause)
[2026-04-03T01:53:34.648+0600][21.566s][info][gc,task        ] GC(119) Using 10 workers of 10 for evacuation
[2026-04-03T01:53:34.649+0600][21.567s][info][gc,phases      ] GC(119)   Pre Evacuate Collection Set: 0.16ms
[2026-04-03T01:53:34.649+0600][21.567s][info][gc,phases      ] GC(119)   Merge Heap Roots: 0.10ms
[2026-04-03T01:53:34.649+0600][21.567s][info][gc,phases      ] GC(119)   Evacuate Collection Set: 0.26ms
[2026-04-03T01:53:34.649+0600][21.567s][info][gc,phases      ] GC(119)   Post Evacuate Collection Set: 0.43ms
[2026-04-03T01:53:34.649+0600][21.567s][info][gc,phases      ] GC(119)   Other: 0.10ms
[2026-04-03T01:53:34.649+0600][21.567s][info][gc,heap        ] GC(119) Eden regions: 43->0(43)
[2026-04-03T01:53:34.649+0600][21.567s][info][gc,heap        ] GC(119) Survivor regions: 1->1(6)
[2026-04-03T01:53:34.649+0600][21.567s][info][gc,heap        ] GC(119) Old regions: 8->8
[2026-04-03T01:53:34.649+0600][21.567s][info][gc,heap        ] GC(119) Humongous regions: 0->0
[2026-04-03T01:53:34.649+0600][21.567s][info][gc,metaspace   ] GC(119) Metaspace: 14219K(14464K)->14219K(14464K) NonClass: 12400K(12544K)->12400K(12544K) Class: 1818K(1920K)->1818K(1920K)
[2026-04-03T01:53:34.649+0600][21.567s][info][gc             ] GC(119) Pause Young (Normal) (G1 Evacuation Pause) 90M->4M(148M) 1.399ms
[2026-04-03T01:53:34.649+0600][21.567s][info][gc,cpu         ] GC(119) User=0.00s Sys=0.00s Real=0.00s
[2026-04-03T01:53:34.785+0600][21.703s][info][gc,start       ] GC(120) Pause Young (Normal) (G1 Evacuation Pause)
[2026-04-03T01:53:34.785+0600][21.703s][info][gc,task        ] GC(120) Using 10 workers of 10 for evacuation
[2026-04-03T01:53:34.786+0600][21.704s][info][gc,phases      ] GC(120)   Pre Evacuate Collection Set: 0.13ms
[2026-04-03T01:53:34.786+0600][21.704s][info][gc,phases      ] GC(120)   Merge Heap Roots: 0.09ms
[2026-04-03T01:53:34.786+0600][21.704s][info][gc,phases      ] GC(120)   Evacuate Collection Set: 0.23ms
[2026-04-03T01:53:34.786+0600][21.704s][info][gc,phases      ] GC(120)   Post Evacuate Collection Set: 0.37ms
[2026-04-03T01:53:34.786+0600][21.704s][info][gc,phases      ] GC(120)   Other: 0.08ms
[2026-04-03T01:53:34.786+0600][21.704s][info][gc,heap        ] GC(120) Eden regions: 43->0(43)
[2026-04-03T01:53:34.786+0600][21.704s][info][gc,heap        ] GC(120) Survivor regions: 1->1(6)
[2026-04-03T01:53:34.786+0600][21.704s][info][gc,heap        ] GC(120) Old regions: 8->8
[2026-04-03T01:53:34.786+0600][21.704s][info][gc,heap        ] GC(120) Humongous regions: 0->0
[2026-04-03T01:53:34.786+0600][21.704s][info][gc,metaspace   ] GC(120) Metaspace: 14219K(14464K)->14219K(14464K) NonClass: 12400K(12544K)->12400K(12544K) Class: 1818K(1920K)->1818K(1920K)
[2026-04-03T01:53:34.786+0600][21.704s][info][gc             ] GC(120) Pause Young (Normal) (G1 Evacuation Pause) 90M->4M(148M) 1.143ms
[2026-04-03T01:53:34.786+0600][21.704s][info][gc,cpu         ] GC(120) User=0.00s Sys=0.00s Real=0.00s
[2026-04-03T01:53:34.910+0600][21.828s][info][gc,start       ] GC(121) Pause Young (Normal) (G1 Evacuation Pause)
[2026-04-03T01:53:34.910+0600][21.828s][info][gc,task        ] GC(121) Using 10 workers of 10 for evacuation
[2026-04-03T01:53:34.911+0600][21.829s][info][gc,phases      ] GC(121)   Pre Evacuate Collection Set: 0.16ms
[2026-04-03T01:53:34.911+0600][21.829s][info][gc,phases      ] GC(121)   Merge Heap Roots: 0.09ms
[2026-04-03T01:53:34.911+0600][21.829s][info][gc,phases      ] GC(121)   Evacuate Collection Set: 0.22ms
[2026-04-03T01:53:34.911+0600][21.829s][info][gc,phases      ] GC(121)   Post Evacuate Collection Set: 0.55ms
[2026-04-03T01:53:34.911+0600][21.829s][info][gc,phases      ] GC(121)   Other: 0.11ms
[2026-04-03T01:53:34.911+0600][21.829s][info][gc,heap        ] GC(121) Eden regions: 43->0(43)
[2026-04-03T01:53:34.911+0600][21.829s][info][gc,heap        ] GC(121) Survivor regions: 1->1(6)
[2026-04-03T01:53:34.911+0600][21.829s][info][gc,heap        ] GC(121) Old regions: 8->8
[2026-04-03T01:53:34.911+0600][21.829s][info][gc,heap        ] GC(121) Humongous regions: 0->0
[2026-04-03T01:53:34.911+0600][21.829s][info][gc,metaspace   ] GC(121) Metaspace: 14219K(14464K)->14219K(14464K) NonClass: 12400K(12544K)->12400K(12544K) Class: 1818K(1920K)->1818K(1920K)
[2026-04-03T01:53:34.911+0600][21.829s][info][gc             ] GC(121) Pause Young (Normal) (G1 Evacuation Pause) 90M->4M(148M) 1.429ms
[2026-04-03T01:53:34.911+0600][21.829s][info][gc,cpu         ] GC(121) User=0.00s Sys=0.00s Real=0.00s
[2026-04-03T01:53:35.031+0600][21.949s][info][gc,start       ] GC(122) Pause Young (Normal) (G1 Evacuation Pause)
[2026-04-03T01:53:35.031+0600][21.949s][info][gc,task        ] GC(122) Using 10 workers of 10 for evacuation
[2026-04-03T01:53:35.032+0600][21.950s][info][gc,phases      ] GC(122)   Pre Evacuate Collection Set: 0.17ms
[2026-04-03T01:53:35.032+0600][21.950s][info][gc,phases      ] GC(122)   Merge Heap Roots: 0.09ms
[2026-04-03T01:53:35.032+0600][21.950s][info][gc,phases      ] GC(122)   Evacuate Collection Set: 0.22ms
[2026-04-03T01:53:35.032+0600][21.950s][info][gc,phases      ] GC(122)   Post Evacuate Collection Set: 0.59ms
[2026-04-03T01:53:35.032+0600][21.950s][info][gc,phases      ] GC(122)   Other: 0.19ms
[2026-04-03T01:53:35.032+0600][21.950s][info][gc,heap        ] GC(122) Eden regions: 43->0(43)
[2026-04-03T01:53:35.033+0600][21.950s][info][gc,heap        ] GC(122) Survivor regions: 1->1(6)
[2026-04-03T01:53:35.033+0600][21.950s][info][gc,heap        ] GC(122) Old regions: 8->8
[2026-04-03T01:53:35.033+0600][21.950s][info][gc,heap        ] GC(122) Humongous regions: 0->0
[2026-04-03T01:53:35.033+0600][21.950s][info][gc,metaspace   ] GC(122) Metaspace: 14219K(14464K)->14219K(14464K) NonClass: 12400K(12544K)->12400K(12544K) Class: 1818K(1920K)->1818K(1920K)
[2026-04-03T01:53:35.033+0600][21.950s][info][gc             ] GC(122) Pause Young (Normal) (G1 Evacuation Pause) 90M->4M(148M) 1.570ms
[2026-04-03T01:53:35.033+0600][21.950s][info][gc,cpu         ] GC(122) User=0.00s Sys=0.00s Real=0.00s
[2026-04-03T01:53:35.161+0600][22.079s][info][gc,start       ] GC(123) Pause Young (Normal) (G1 Evacuation Pause)
[2026-04-03T01:53:35.161+0600][22.079s][info][gc,task        ] GC(123) Using 10 workers of 10 for evacuation
[2026-04-03T01:53:35.163+0600][22.080s][info][gc,phases      ] GC(123)   Pre Evacuate Collection Set: 0.28ms
[2026-04-03T01:53:35.163+0600][22.080s][info][gc,phases      ] GC(123)   Merge Heap Roots: 0.09ms
[2026-04-03T01:53:35.163+0600][22.080s][info][gc,phases      ] GC(123)   Evacuate Collection Set: 0.23ms
[2026-04-03T01:53:35.163+0600][22.081s][info][gc,phases      ] GC(123)   Post Evacuate Collection Set: 0.40ms
[2026-04-03T01:53:35.163+0600][22.081s][info][gc,phases      ] GC(123)   Other: 0.11ms
[2026-04-03T01:53:35.163+0600][22.081s][info][gc,heap        ] GC(123) Eden regions: 43->0(43)
[2026-04-03T01:53:35.163+0600][22.081s][info][gc,heap        ] GC(123) Survivor regions: 1->1(6)
[2026-04-03T01:53:35.163+0600][22.081s][info][gc,heap        ] GC(123) Old regions: 8->8
[2026-04-03T01:53:35.163+0600][22.081s][info][gc,heap        ] GC(123) Humongous regions: 0->0
[2026-04-03T01:53:35.163+0600][22.081s][info][gc,metaspace   ] GC(123) Metaspace: 14219K(14464K)->14219K(14464K) NonClass: 12400K(12544K)->12400K(12544K) Class: 1818K(1920K)->1818K(1920K)
[2026-04-03T01:53:35.163+0600][22.081s][info][gc             ] GC(123) Pause Young (Normal) (G1 Evacuation Pause) 90M->4M(148M) 1.600ms
[2026-04-03T01:53:35.163+0600][22.081s][info][gc,cpu         ] GC(123) User=0.00s Sys=0.00s Real=0.00s
[2026-04-03T01:53:35.289+0600][22.207s][info][gc,start       ] GC(124) Pause Young (Normal) (G1 Evacuation Pause)
[2026-04-03T01:53:35.289+0600][22.207s][info][gc,task        ] GC(124) Using 10 workers of 10 for evacuation
[2026-04-03T01:53:35.290+0600][22.208s][info][gc,phases      ] GC(124)   Pre Evacuate Collection Set: 0.15ms
[2026-04-03T01:53:35.290+0600][22.208s][info][gc,phases      ] GC(124)   Merge Heap Roots: 0.10ms
[2026-04-03T01:53:35.290+0600][22.208s][info][gc,phases      ] GC(124)   Evacuate Collection Set: 0.23ms
[2026-04-03T01:53:35.290+0600][22.208s][info][gc,phases      ] GC(124)   Post Evacuate Collection Set: 0.56ms
[2026-04-03T01:53:35.290+0600][22.208s][info][gc,phases      ] GC(124)   Other: 0.09ms
[2026-04-03T01:53:35.290+0600][22.208s][info][gc,heap        ] GC(124) Eden regions: 43->0(43)
[2026-04-03T01:53:35.290+0600][22.208s][info][gc,heap        ] GC(124) Survivor regions: 1->1(6)
[2026-04-03T01:53:35.290+0600][22.208s][info][gc,heap        ] GC(124) Old regions: 8->8
[2026-04-03T01:53:35.290+0600][22.208s][info][gc,heap        ] GC(124) Humongous regions: 0->0
[2026-04-03T01:53:35.290+0600][22.208s][info][gc,metaspace   ] GC(124) Metaspace: 14219K(14464K)->14219K(14464K) NonClass: 12400K(12544K)->12400K(12544K) Class: 1818K(1920K)->1818K(1920K)
[2026-04-03T01:53:35.290+0600][22.208s][info][gc             ] GC(124) Pause Young (Normal) (G1 Evacuation Pause) 90M->4M(148M) 1.486ms
[2026-04-03T01:53:35.290+0600][22.208s][info][gc,cpu         ] GC(124) User=0.00s Sys=0.00s Real=0.01s
[2026-04-03T01:53:35.416+0600][22.334s][info][gc,start       ] GC(125) Pause Young (Normal) (G1 Evacuation Pause)
[2026-04-03T01:53:35.416+0600][22.334s][info][gc,task        ] GC(125) Using 10 workers of 10 for evacuation
[2026-04-03T01:53:35.417+0600][22.335s][info][gc,phases      ] GC(125)   Pre Evacuate Collection Set: 0.13ms
[2026-04-03T01:53:35.417+0600][22.335s][info][gc,phases      ] GC(125)   Merge Heap Roots: 0.08ms
[2026-04-03T01:53:35.417+0600][22.335s][info][gc,phases      ] GC(125)   Evacuate Collection Set: 0.21ms
[2026-04-03T01:53:35.417+0600][22.335s][info][gc,phases      ] GC(125)   Post Evacuate Collection Set: 0.34ms
[2026-04-03T01:53:35.417+0600][22.335s][info][gc,phases      ] GC(125)   Other: 0.22ms
[2026-04-03T01:53:35.417+0600][22.335s][info][gc,heap        ] GC(125) Eden regions: 43->0(43)
[2026-04-03T01:53:35.417+0600][22.335s][info][gc,heap        ] GC(125) Survivor regions: 1->1(6)
[2026-04-03T01:53:35.417+0600][22.335s][info][gc,heap        ] GC(125) Old regions: 8->8
[2026-04-03T01:53:35.417+0600][22.335s][info][gc,heap        ] GC(125) Humongous regions: 0->0
[2026-04-03T01:53:35.417+0600][22.335s][info][gc,metaspace   ] GC(125) Metaspace: 14219K(14464K)->14219K(14464K) NonClass: 12400K(12544K)->12400K(12544K) Class: 1818K(1920K)->1818K(1920K)
[2026-04-03T01:53:35.417+0600][22.335s][info][gc             ] GC(125) Pause Young (Normal) (G1 Evacuation Pause) 90M->4M(148M) 1.321ms
[2026-04-03T01:53:35.417+0600][22.335s][info][gc,cpu         ] GC(125) User=0.00s Sys=0.00s Real=0.00s
[2026-04-03T01:53:35.539+0600][22.457s][info][gc,start       ] GC(126) Pause Young (Normal) (G1 Evacuation Pause)
[2026-04-03T01:53:35.539+0600][22.457s][info][gc,task        ] GC(126) Using 10 workers of 10 for evacuation
[2026-04-03T01:53:35.540+0600][22.458s][info][gc,phases      ] GC(126)   Pre Evacuate Collection Set: 0.13ms
[2026-04-03T01:53:35.540+0600][22.458s][info][gc,phases      ] GC(126)   Merge Heap Roots: 0.09ms
[2026-04-03T01:53:35.540+0600][22.458s][info][gc,phases      ] GC(126)   Evacuate Collection Set: 0.19ms
[2026-04-03T01:53:35.540+0600][22.458s][info][gc,phases      ] GC(126)   Post Evacuate Collection Set: 0.38ms
[2026-04-03T01:53:35.540+0600][22.458s][info][gc,phases      ] GC(126)   Other: 0.08ms
[2026-04-03T01:53:35.540+0600][22.458s][info][gc,heap        ] GC(126) Eden regions: 43->0(43)
[2026-04-03T01:53:35.540+0600][22.458s][info][gc,heap        ] GC(126) Survivor regions: 1->1(6)
[2026-04-03T01:53:35.540+0600][22.458s][info][gc,heap        ] GC(126) Old regions: 8->8
[2026-04-03T01:53:35.540+0600][22.458s][info][gc,heap        ] GC(126) Humongous regions: 0->0
[2026-04-03T01:53:35.540+0600][22.458s][info][gc,metaspace   ] GC(126) Metaspace: 14219K(14464K)->14219K(14464K) NonClass: 12400K(12544K)->12400K(12544K) Class: 1818K(1920K)->1818K(1920K)
[2026-04-03T01:53:35.540+0600][22.458s][info][gc             ] GC(126) Pause Young (Normal) (G1 Evacuation Pause) 90M->4M(148M) 1.130ms
[2026-04-03T01:53:35.540+0600][22.458s][info][gc,cpu         ] GC(126) User=0.01s Sys=0.00s Real=0.01s
[2026-04-03T01:53:35.672+0600][22.590s][info][gc,start       ] GC(127) Pause Young (Normal) (G1 Evacuation Pause)
[2026-04-03T01:53:35.673+0600][22.590s][info][gc,task        ] GC(127) Using 10 workers of 10 for evacuation
[2026-04-03T01:53:35.673+0600][22.591s][info][gc,phases      ] GC(127)   Pre Evacuate Collection Set: 0.14ms
[2026-04-03T01:53:35.673+0600][22.591s][info][gc,phases      ] GC(127)   Merge Heap Roots: 0.09ms
[2026-04-03T01:53:35.673+0600][22.591s][info][gc,phases      ] GC(127)   Evacuate Collection Set: 0.20ms
[2026-04-03T01:53:35.673+0600][22.591s][info][gc,phases      ] GC(127)   Post Evacuate Collection Set: 0.37ms
[2026-04-03T01:53:35.673+0600][22.591s][info][gc,phases      ] GC(127)   Other: 0.08ms
[2026-04-03T01:53:35.673+0600][22.591s][info][gc,heap        ] GC(127) Eden regions: 43->0(43)
[2026-04-03T01:53:35.674+0600][22.591s][info][gc,heap        ] GC(127) Survivor regions: 1->1(6)
[2026-04-03T01:53:35.674+0600][22.591s][info][gc,heap        ] GC(127) Old regions: 8->8
[2026-04-03T01:53:35.674+0600][22.591s][info][gc,heap        ] GC(127) Humongous regions: 0->0
[2026-04-03T01:53:35.674+0600][22.591s][info][gc,metaspace   ] GC(127) Metaspace: 14219K(14464K)->14219K(14464K) NonClass: 12400K(12544K)->12400K(12544K) Class: 1818K(1920K)->1818K(1920K)
[2026-04-03T01:53:35.674+0600][22.591s][info][gc             ] GC(127) Pause Young (Normal) (G1 Evacuation Pause) 90M->4M(148M) 1.142ms
[2026-04-03T01:53:35.674+0600][22.591s][info][gc,cpu         ] GC(127) User=0.01s Sys=0.00s Real=0.00s
[2026-04-03T01:53:35.797+0600][22.715s][info][gc,start       ] GC(128) Pause Young (Normal) (G1 Evacuation Pause)
[2026-04-03T01:53:35.797+0600][22.715s][info][gc,task        ] GC(128) Using 10 workers of 10 for evacuation
[2026-04-03T01:53:35.798+0600][22.716s][info][gc,phases      ] GC(128)   Pre Evacuate Collection Set: 0.14ms
[2026-04-03T01:53:35.798+0600][22.716s][info][gc,phases      ] GC(128)   Merge Heap Roots: 0.08ms
[2026-04-03T01:53:35.798+0600][22.716s][info][gc,phases      ] GC(128)   Evacuate Collection Set: 0.20ms
[2026-04-03T01:53:35.798+0600][22.716s][info][gc,phases      ] GC(128)   Post Evacuate Collection Set: 0.34ms
[2026-04-03T01:53:35.798+0600][22.716s][info][gc,phases      ] GC(128)   Other: 0.08ms
[2026-04-03T01:53:35.798+0600][22.716s][info][gc,heap        ] GC(128) Eden regions: 43->0(43)
[2026-04-03T01:53:35.798+0600][22.716s][info][gc,heap        ] GC(128) Survivor regions: 1->1(6)
[2026-04-03T01:53:35.798+0600][22.716s][info][gc,heap        ] GC(128) Old regions: 8->8
[2026-04-03T01:53:35.798+0600][22.716s][info][gc,heap        ] GC(128) Humongous regions: 0->0
[2026-04-03T01:53:35.798+0600][22.716s][info][gc,metaspace   ] GC(128) Metaspace: 14219K(14464K)->14219K(14464K) NonClass: 12400K(12544K)->12400K(12544K) Class: 1818K(1920K)->1818K(1920K)
[2026-04-03T01:53:35.798+0600][22.716s][info][gc             ] GC(128) Pause Young (Normal) (G1 Evacuation Pause) 90M->4M(148M) 1.128ms
[2026-04-03T01:53:35.798+0600][22.716s][info][gc,cpu         ] GC(128) User=0.00s Sys=0.01s Real=0.00s
[2026-04-03T01:53:35.924+0600][22.842s][info][gc,start       ] GC(129) Pause Young (Normal) (G1 Evacuation Pause)
[2026-04-03T01:53:35.924+0600][22.842s][info][gc,task        ] GC(129) Using 10 workers of 10 for evacuation
[2026-04-03T01:53:35.925+0600][22.843s][info][gc,phases      ] GC(129)   Pre Evacuate Collection Set: 0.13ms
[2026-04-03T01:53:35.925+0600][22.843s][info][gc,phases      ] GC(129)   Merge Heap Roots: 0.08ms
[2026-04-03T01:53:35.925+0600][22.843s][info][gc,phases      ] GC(129)   Evacuate Collection Set: 0.20ms
[2026-04-03T01:53:35.925+0600][22.843s][info][gc,phases      ] GC(129)   Post Evacuate Collection Set: 0.41ms
[2026-04-03T01:53:35.925+0600][22.843s][info][gc,phases      ] GC(129)   Other: 0.08ms
[2026-04-03T01:53:35.925+0600][22.843s][info][gc,heap        ] GC(129) Eden regions: 43->0(43)
[2026-04-03T01:53:35.925+0600][22.843s][info][gc,heap        ] GC(129) Survivor regions: 1->1(6)
[2026-04-03T01:53:35.925+0600][22.843s][info][gc,heap        ] GC(129) Old regions: 8->8
[2026-04-03T01:53:35.925+0600][22.843s][info][gc,heap        ] GC(129) Humongous regions: 0->0
[2026-04-03T01:53:35.925+0600][22.843s][info][gc,metaspace   ] GC(129) Metaspace: 14219K(14464K)->14219K(14464K) NonClass: 12400K(12544K)->12400K(12544K) Class: 1818K(1920K)->1818K(1920K)
[2026-04-03T01:53:35.925+0600][22.843s][info][gc             ] GC(129) Pause Young (Normal) (G1 Evacuation Pause) 90M->4M(148M) 1.212ms
[2026-04-03T01:53:35.925+0600][22.843s][info][gc,cpu         ] GC(129) User=0.00s Sys=0.00s Real=0.00s
[2026-04-03T01:53:36.049+0600][22.967s][info][gc,start       ] GC(130) Pause Young (Normal) (G1 Evacuation Pause)
[2026-04-03T01:53:36.049+0600][22.967s][info][gc,task        ] GC(130) Using 10 workers of 10 for evacuation
[2026-04-03T01:53:36.050+0600][22.968s][info][gc,phases      ] GC(130)   Pre Evacuate Collection Set: 0.15ms
[2026-04-03T01:53:36.050+0600][22.968s][info][gc,phases      ] GC(130)   Merge Heap Roots: 0.12ms
[2026-04-03T01:53:36.050+0600][22.968s][info][gc,phases      ] GC(130)   Evacuate Collection Set: 0.40ms
[2026-04-03T01:53:36.050+0600][22.968s][info][gc,phases      ] GC(130)   Post Evacuate Collection Set: 0.39ms
[2026-04-03T01:53:36.050+0600][22.968s][info][gc,phases      ] GC(130)   Other: 0.11ms
[2026-04-03T01:53:36.050+0600][22.968s][info][gc,heap        ] GC(130) Eden regions: 43->0(43)
[2026-04-03T01:53:36.050+0600][22.968s][info][gc,heap        ] GC(130) Survivor regions: 1->1(6)
[2026-04-03T01:53:36.050+0600][22.968s][info][gc,heap        ] GC(130) Old regions: 8->8
[2026-04-03T01:53:36.050+0600][22.968s][info][gc,heap        ] GC(130) Humongous regions: 0->0
[2026-04-03T01:53:36.050+0600][22.968s][info][gc,metaspace   ] GC(130) Metaspace: 14219K(14464K)->14219K(14464K) NonClass: 12400K(12544K)->12400K(12544K) Class: 1818K(1920K)->1818K(1920K)
[2026-04-03T01:53:36.050+0600][22.968s][info][gc             ] GC(130) Pause Young (Normal) (G1 Evacuation Pause) 90M->4M(148M) 1.423ms
[2026-04-03T01:53:36.051+0600][22.968s][info][gc,cpu         ] GC(130) User=0.00s Sys=0.00s Real=0.01s
[2026-04-03T01:53:36.183+0600][23.101s][info][gc,start       ] GC(131) Pause Young (Normal) (G1 Evacuation Pause)
[2026-04-03T01:53:36.183+0600][23.101s][info][gc,task        ] GC(131) Using 10 workers of 10 for evacuation
[2026-04-03T01:53:36.185+0600][23.102s][info][gc,phases      ] GC(131)   Pre Evacuate Collection Set: 0.15ms
[2026-04-03T01:53:36.185+0600][23.102s][info][gc,phases      ] GC(131)   Merge Heap Roots: 0.15ms
[2026-04-03T01:53:36.185+0600][23.102s][info][gc,phases      ] GC(131)   Evacuate Collection Set: 0.23ms
[2026-04-03T01:53:36.185+0600][23.102s][info][gc,phases      ] GC(131)   Post Evacuate Collection Set: 0.48ms
[2026-04-03T01:53:36.185+0600][23.102s][info][gc,phases      ] GC(131)   Other: 0.10ms
[2026-04-03T01:53:36.185+0600][23.102s][info][gc,heap        ] GC(131) Eden regions: 43->0(43)
[2026-04-03T01:53:36.185+0600][23.102s][info][gc,heap        ] GC(131) Survivor regions: 1->1(6)
[2026-04-03T01:53:36.185+0600][23.102s][info][gc,heap        ] GC(131) Old regions: 8->8
[2026-04-03T01:53:36.185+0600][23.103s][info][gc,heap        ] GC(131) Humongous regions: 0->0
[2026-04-03T01:53:36.185+0600][23.103s][info][gc,metaspace   ] GC(131) Metaspace: 14219K(14464K)->14219K(14464K) NonClass: 12400K(12544K)->12400K(12544K) Class: 1818K(1920K)->1818K(1920K)
[2026-04-03T01:53:36.185+0600][23.103s][info][gc             ] GC(131) Pause Young (Normal) (G1 Evacuation Pause) 90M->4M(148M) 1.496ms
[2026-04-03T01:53:36.185+0600][23.103s][info][gc,cpu         ] GC(131) User=0.01s Sys=0.00s Real=0.00s
[2026-04-03T01:53:36.315+0600][23.232s][info][gc,start       ] GC(132) Pause Young (Normal) (G1 Evacuation Pause)
[2026-04-03T01:53:36.315+0600][23.233s][info][gc,task        ] GC(132) Using 10 workers of 10 for evacuation
[2026-04-03T01:53:36.316+0600][23.234s][info][gc,phases      ] GC(132)   Pre Evacuate Collection Set: 0.17ms
[2026-04-03T01:53:36.316+0600][23.234s][info][gc,phases      ] GC(132)   Merge Heap Roots: 0.10ms
[2026-04-03T01:53:36.316+0600][23.234s][info][gc,phases      ] GC(132)   Evacuate Collection Set: 0.22ms
[2026-04-03T01:53:36.316+0600][23.234s][info][gc,phases      ] GC(132)   Post Evacuate Collection Set: 0.42ms
[2026-04-03T01:53:36.316+0600][23.234s][info][gc,phases      ] GC(132)   Other: 0.08ms
[2026-04-03T01:53:36.316+0600][23.234s][info][gc,heap        ] GC(132) Eden regions: 43->0(43)
[2026-04-03T01:53:36.316+0600][23.234s][info][gc,heap        ] GC(132) Survivor regions: 1->1(6)
[2026-04-03T01:53:36.316+0600][23.234s][info][gc,heap        ] GC(132) Old regions: 8->8
[2026-04-03T01:53:36.316+0600][23.234s][info][gc,heap        ] GC(132) Humongous regions: 0->0
[2026-04-03T01:53:36.316+0600][23.234s][info][gc,metaspace   ] GC(132) Metaspace: 14219K(14464K)->14219K(14464K) NonClass: 12400K(12544K)->12400K(12544K) Class: 1818K(1920K)->1818K(1920K)
[2026-04-03T01:53:36.316+0600][23.234s][info][gc             ] GC(132) Pause Young (Normal) (G1 Evacuation Pause) 90M->4M(148M) 1.306ms
[2026-04-03T01:53:36.316+0600][23.234s][info][gc,cpu         ] GC(132) User=0.00s Sys=0.00s Real=0.00s
[2026-04-03T01:53:36.449+0600][23.367s][info][gc,start       ] GC(133) Pause Young (Normal) (G1 Evacuation Pause)
[2026-04-03T01:53:36.449+0600][23.367s][info][gc,task        ] GC(133) Using 10 workers of 10 for evacuation
[2026-04-03T01:53:36.450+0600][23.368s][info][gc,phases      ] GC(133)   Pre Evacuate Collection Set: 0.16ms
[2026-04-03T01:53:36.450+0600][23.368s][info][gc,phases      ] GC(133)   Merge Heap Roots: 0.11ms
[2026-04-03T01:53:36.450+0600][23.368s][info][gc,phases      ] GC(133)   Evacuate Collection Set: 0.28ms
[2026-04-03T01:53:36.450+0600][23.368s][info][gc,phases      ] GC(133)   Post Evacuate Collection Set: 0.50ms
[2026-04-03T01:53:36.450+0600][23.368s][info][gc,phases      ] GC(133)   Other: 0.12ms
[2026-04-03T01:53:36.450+0600][23.368s][info][gc,heap        ] GC(133) Eden regions: 43->0(43)
[2026-04-03T01:53:36.450+0600][23.368s][info][gc,heap        ] GC(133) Survivor regions: 1->1(6)
[2026-04-03T01:53:36.450+0600][23.368s][info][gc,heap        ] GC(133) Old regions: 8->8
[2026-04-03T01:53:36.450+0600][23.368s][info][gc,heap        ] GC(133) Humongous regions: 0->0
[2026-04-03T01:53:36.450+0600][23.368s][info][gc,metaspace   ] GC(133) Metaspace: 14219K(14464K)->14219K(14464K) NonClass: 12400K(12544K)->12400K(12544K) Class: 1818K(1920K)->1818K(1920K)
[2026-04-03T01:53:36.450+0600][23.368s][info][gc             ] GC(133) Pause Young (Normal) (G1 Evacuation Pause) 90M->4M(148M) 1.484ms
[2026-04-03T01:53:36.450+0600][23.368s][info][gc,cpu         ] GC(133) User=0.00s Sys=0.00s Real=0.01s
[2026-04-03T01:53:36.582+0600][23.500s][info][gc,start       ] GC(134) Pause Young (Normal) (G1 Evacuation Pause)
[2026-04-03T01:53:36.582+0600][23.500s][info][gc,task        ] GC(134) Using 10 workers of 10 for evacuation
[2026-04-03T01:53:36.584+0600][23.501s][info][gc,phases      ] GC(134)   Pre Evacuate Collection Set: 0.16ms
[2026-04-03T01:53:36.584+0600][23.501s][info][gc,phases      ] GC(134)   Merge Heap Roots: 0.11ms
[2026-04-03T01:53:36.584+0600][23.501s][info][gc,phases      ] GC(134)   Evacuate Collection Set: 0.31ms
[2026-04-03T01:53:36.584+0600][23.501s][info][gc,phases      ] GC(134)   Post Evacuate Collection Set: 0.50ms
[2026-04-03T01:53:36.584+0600][23.501s][info][gc,phases      ] GC(134)   Other: 0.09ms
[2026-04-03T01:53:36.584+0600][23.502s][info][gc,heap        ] GC(134) Eden regions: 43->0(43)
[2026-04-03T01:53:36.584+0600][23.502s][info][gc,heap        ] GC(134) Survivor regions: 1->1(6)
[2026-04-03T01:53:36.584+0600][23.502s][info][gc,heap        ] GC(134) Old regions: 8->8
[2026-04-03T01:53:36.584+0600][23.502s][info][gc,heap        ] GC(134) Humongous regions: 0->0
[2026-04-03T01:53:36.584+0600][23.502s][info][gc,metaspace   ] GC(134) Metaspace: 14219K(14464K)->14219K(14464K) NonClass: 12400K(12544K)->12400K(12544K) Class: 1818K(1920K)->1818K(1920K)
[2026-04-03T01:53:36.584+0600][23.502s][info][gc             ] GC(134) Pause Young (Normal) (G1 Evacuation Pause) 90M->4M(148M) 1.489ms
[2026-04-03T01:53:36.584+0600][23.502s][info][gc,cpu         ] GC(134) User=0.01s Sys=0.00s Real=0.00s
[2026-04-03T01:53:36.719+0600][23.636s][info][gc,start       ] GC(135) Pause Young (Normal) (G1 Evacuation Pause)
[2026-04-03T01:53:36.719+0600][23.637s][info][gc,task        ] GC(135) Using 10 workers of 10 for evacuation
[2026-04-03T01:53:36.720+0600][23.638s][info][gc,phases      ] GC(135)   Pre Evacuate Collection Set: 0.13ms
[2026-04-03T01:53:36.720+0600][23.638s][info][gc,phases      ] GC(135)   Merge Heap Roots: 0.09ms
[2026-04-03T01:53:36.720+0600][23.638s][info][gc,phases      ] GC(135)   Evacuate Collection Set: 0.22ms
[2026-04-03T01:53:36.720+0600][23.638s][info][gc,phases      ] GC(135)   Post Evacuate Collection Set: 0.42ms
[2026-04-03T01:53:36.720+0600][23.638s][info][gc,phases      ] GC(135)   Other: 0.10ms
[2026-04-03T01:53:36.720+0600][23.638s][info][gc,heap        ] GC(135) Eden regions: 43->0(43)
[2026-04-03T01:53:36.720+0600][23.638s][info][gc,heap        ] GC(135) Survivor regions: 1->1(6)
[2026-04-03T01:53:36.720+0600][23.638s][info][gc,heap        ] GC(135) Old regions: 8->8
[2026-04-03T01:53:36.720+0600][23.638s][info][gc,heap        ] GC(135) Humongous regions: 0->0
[2026-04-03T01:53:36.720+0600][23.638s][info][gc,metaspace   ] GC(135) Metaspace: 14219K(14464K)->14219K(14464K) NonClass: 12400K(12544K)->12400K(12544K) Class: 1818K(1920K)->1818K(1920K)
[2026-04-03T01:53:36.720+0600][23.638s][info][gc             ] GC(135) Pause Young (Normal) (G1 Evacuation Pause) 90M->4M(148M) 1.256ms
[2026-04-03T01:53:36.720+0600][23.638s][info][gc,cpu         ] GC(135) User=0.00s Sys=0.00s Real=0.01s
[2026-04-03T01:53:36.862+0600][23.780s][info][gc,start       ] GC(136) Pause Young (Normal) (G1 Evacuation Pause)
[2026-04-03T01:53:36.862+0600][23.780s][info][gc,task        ] GC(136) Using 10 workers of 10 for evacuation
[2026-04-03T01:53:36.864+0600][23.781s][info][gc,phases      ] GC(136)   Pre Evacuate Collection Set: 0.25ms
[2026-04-03T01:53:36.864+0600][23.782s][info][gc,phases      ] GC(136)   Merge Heap Roots: 0.10ms
[2026-04-03T01:53:36.864+0600][23.782s][info][gc,phases      ] GC(136)   Evacuate Collection Set: 0.42ms
[2026-04-03T01:53:36.864+0600][23.782s][info][gc,phases      ] GC(136)   Post Evacuate Collection Set: 0.72ms
[2026-04-03T01:53:36.864+0600][23.782s][info][gc,phases      ] GC(136)   Other: 0.09ms
[2026-04-03T01:53:36.864+0600][23.782s][info][gc,heap        ] GC(136) Eden regions: 43->0(43)
[2026-04-03T01:53:36.864+0600][23.782s][info][gc,heap        ] GC(136) Survivor regions: 1->1(6)
[2026-04-03T01:53:36.864+0600][23.782s][info][gc,heap        ] GC(136) Old regions: 8->8
[2026-04-03T01:53:36.864+0600][23.782s][info][gc,heap        ] GC(136) Humongous regions: 0->0
[2026-04-03T01:53:36.864+0600][23.782s][info][gc,metaspace   ] GC(136) Metaspace: 14219K(14464K)->14219K(14464K) NonClass: 12400K(12544K)->12400K(12544K) Class: 1818K(1920K)->1818K(1920K)
[2026-04-03T01:53:36.864+0600][23.782s][info][gc             ] GC(136) Pause Young (Normal) (G1 Evacuation Pause) 90M->4M(148M) 1.893ms
[2026-04-03T01:53:36.864+0600][23.782s][info][gc,cpu         ] GC(136) User=0.01s Sys=0.01s Real=0.00s
[2026-04-03T01:53:37.044+0600][23.962s][info][gc,start       ] GC(137) Pause Young (Normal) (G1 Evacuation Pause)
[2026-04-03T01:53:37.044+0600][23.962s][info][gc,task        ] GC(137) Using 10 workers of 10 for evacuation
[2026-04-03T01:53:37.046+0600][23.964s][info][gc,phases      ] GC(137)   Pre Evacuate Collection Set: 0.18ms
[2026-04-03T01:53:37.047+0600][23.964s][info][gc,phases      ] GC(137)   Merge Heap Roots: 0.11ms
[2026-04-03T01:53:37.047+0600][23.964s][info][gc,phases      ] GC(137)   Evacuate Collection Set: 1.41ms
[2026-04-03T01:53:37.047+0600][23.964s][info][gc,phases      ] GC(137)   Post Evacuate Collection Set: 0.63ms
[2026-04-03T01:53:37.047+0600][23.964s][info][gc,phases      ] GC(137)   Other: 0.11ms
[2026-04-03T01:53:37.047+0600][23.964s][info][gc,heap        ] GC(137) Eden regions: 43->0(43)
[2026-04-03T01:53:37.047+0600][23.964s][info][gc,heap        ] GC(137) Survivor regions: 1->1(6)
[2026-04-03T01:53:37.047+0600][23.964s][info][gc,heap        ] GC(137) Old regions: 8->8
[2026-04-03T01:53:37.047+0600][23.964s][info][gc,heap        ] GC(137) Humongous regions: 0->0
[2026-04-03T01:53:37.047+0600][23.965s][info][gc,metaspace   ] GC(137) Metaspace: 14219K(14464K)->14219K(14464K) NonClass: 12400K(12544K)->12400K(12544K) Class: 1818K(1920K)->1818K(1920K)
[2026-04-03T01:53:37.047+0600][23.965s][info][gc             ] GC(137) Pause Young (Normal) (G1 Evacuation Pause) 90M->4M(148M) 2.862ms
[2026-04-03T01:53:37.047+0600][23.965s][info][gc,cpu         ] GC(137) User=0.01s Sys=0.00s Real=0.00s
[2026-04-03T01:53:37.271+0600][24.189s][info][gc,start       ] GC(138) Pause Young (Normal) (G1 Evacuation Pause)
[2026-04-03T01:53:37.271+0600][24.189s][info][gc,task        ] GC(138) Using 9 workers of 10 for evacuation
[2026-04-03T01:53:37.273+0600][24.190s][info][gc,phases      ] GC(138)   Pre Evacuate Collection Set: 0.31ms
[2026-04-03T01:53:37.273+0600][24.190s][info][gc,phases      ] GC(138)   Merge Heap Roots: 0.16ms
[2026-04-03T01:53:37.273+0600][24.190s][info][gc,phases      ] GC(138)   Evacuate Collection Set: 0.26ms
[2026-04-03T01:53:37.273+0600][24.190s][info][gc,phases      ] GC(138)   Post Evacuate Collection Set: 0.59ms
[2026-04-03T01:53:37.273+0600][24.190s][info][gc,phases      ] GC(138)   Other: 0.10ms
[2026-04-03T01:53:37.273+0600][24.191s][info][gc,heap        ] GC(138) Eden regions: 43->0(43)
[2026-04-03T01:53:37.273+0600][24.191s][info][gc,heap        ] GC(138) Survivor regions: 1->1(6)
[2026-04-03T01:53:37.273+0600][24.191s][info][gc,heap        ] GC(138) Old regions: 8->8
[2026-04-03T01:53:37.273+0600][24.191s][info][gc,heap        ] GC(138) Humongous regions: 0->0
[2026-04-03T01:53:37.273+0600][24.191s][info][gc,metaspace   ] GC(138) Metaspace: 14219K(14464K)->14219K(14464K) NonClass: 12400K(12544K)->12400K(12544K) Class: 1818K(1920K)->1818K(1920K)
[2026-04-03T01:53:37.273+0600][24.191s][info][gc             ] GC(138) Pause Young (Normal) (G1 Evacuation Pause) 90M->4M(148M) 1.886ms
[2026-04-03T01:53:37.273+0600][24.191s][info][gc,cpu         ] GC(138) User=0.00s Sys=0.00s Real=0.00s
[2026-04-03T01:53:37.351+0600][24.269s][info][gc,heap,exit   ] Heap
[2026-04-03T01:53:37.352+0600][24.269s][info][gc,heap,exit   ]  garbage-first heap   total 151552K, used 27490K [0x000000070ae00000, 0x0000000800000000)
[2026-04-03T01:53:37.352+0600][24.269s][info][gc,heap,exit   ]   region size 2048K, 12 young (24576K), 1 survivors (2048K)
[2026-04-03T01:53:37.352+0600][24.269s][info][gc,heap,exit   ]  Metaspace       used 14557K, committed 14784K, reserved 1114112K
[2026-04-03T01:53:37.352+0600][24.269s][info][gc,heap,exit   ]   class space    used 1936K, committed 2048K, reserved 1048576K
