[2026-04-03T01:52:46.600+0600][0.004s][info][gc,init] CardTable entry size: 512
[2026-04-03T01:52:46.600+0600][0.005s][info][gc     ] Using G1
[2026-04-03T01:52:46.603+0600][0.007s][info][gc,init] Version: 21.0.10+7-Ubuntu-124.04 (release)
[2026-04-03T01:52:46.603+0600][0.007s][info][gc,init] CPUs: 12 total, 12 available
[2026-04-03T01:52:46.603+0600][0.007s][info][gc,init] Memory: 15683M
[2026-04-03T01:52:46.603+0600][0.007s][info][gc,init] Large Page Support: Disabled
[2026-04-03T01:52:46.603+0600][0.007s][info][gc,init] NUMA Support: Disabled
[2026-04-03T01:52:46.603+0600][0.007s][info][gc,init] Compressed Oops: Enabled (Zero based)
[2026-04-03T01:52:46.603+0600][0.007s][info][gc,init] Heap Region Size: 2M
[2026-04-03T01:52:46.603+0600][0.007s][info][gc,init] Heap Min Capacity: 8M
[2026-04-03T01:52:46.603+0600][0.007s][info][gc,init] Heap Initial Capacity: 246M
[2026-04-03T01:52:46.603+0600][0.007s][info][gc,init] Heap Max Capacity: 3922M
[2026-04-03T01:52:46.603+0600][0.007s][info][gc,init] Pre-touch: Disabled
[2026-04-03T01:52:46.603+0600][0.007s][info][gc,init] Parallel Workers: 10
[2026-04-03T01:52:46.603+0600][0.007s][info][gc,init] Concurrent Workers: 3
[2026-04-03T01:52:46.603+0600][0.007s][info][gc,init] Concurrent Refinement Workers: 10
[2026-04-03T01:52:46.603+0600][0.007s][info][gc,init] Periodic GC: Disabled
[2026-04-03T01:52:46.615+0600][0.019s][info][gc,metaspace] CDS archive(s) mapped at: [0x00007d6753000000-0x00007d6753c9c000-0x00007d6753c9c000), size 13221888, SharedBaseAddress: 0x00007d6753000000, ArchiveRelocationMode: 1.
[2026-04-03T01:52:46.615+0600][0.019s][info][gc,metaspace] Compressed class space mapped at: 0x00007d6754000000-0x00007d6794000000, reserved size: 1073741824
[2026-04-03T01:52:46.615+0600][0.019s][info][gc,metaspace] Narrow klass base: 0x00007d6753000000, Narrow klass shift: 0, Narrow klass range: 0x100000000
[2026-04-03T01:52:46.974+0600][0.378s][info][gc,start    ] GC(0) Pause Young (Normal) (G1 Evacuation Pause)
[2026-04-03T01:52:46.975+0600][0.379s][info][gc,task     ] GC(0) Using 5 workers of 10 for evacuation
[2026-04-03T01:52:46.978+0600][0.382s][info][gc,phases   ] GC(0)   Pre Evacuate Collection Set: 0.16ms
[2026-04-03T01:52:46.978+0600][0.382s][info][gc,phases   ] GC(0)   Merge Heap Roots: 0.17ms
[2026-04-03T01:52:46.978+0600][0.382s][info][gc,phases   ] GC(0)   Evacuate Collection Set: 1.82ms
[2026-04-03T01:52:46.978+0600][0.382s][info][gc,phases   ] GC(0)   Post Evacuate Collection Set: 0.29ms
[2026-04-03T01:52:46.978+0600][0.382s][info][gc,phases   ] GC(0)   Other: 1.19ms
[2026-04-03T01:52:46.978+0600][0.382s][info][gc,heap     ] GC(0) Eden regions: 11->0(22)
[2026-04-03T01:52:46.978+0600][0.382s][info][gc,heap     ] GC(0) Survivor regions: 0->2(2)
[2026-04-03T01:52:46.978+0600][0.382s][info][gc,heap     ] GC(0) Old regions: 1->1
[2026-04-03T01:52:46.978+0600][0.382s][info][gc,heap     ] GC(0) Humongous regions: 0->0
[2026-04-03T01:52:46.978+0600][0.382s][info][gc,metaspace] GC(0) Metaspace: 2523K(2688K)->2523K(2688K) NonClass: 2295K(2368K)->2295K(2368K) Class: 228K(320K)->228K(320K)
[2026-04-03T01:52:46.978+0600][0.382s][info][gc          ] GC(0) Pause Young (Normal) (G1 Evacuation Pause) 23M->3M(248M) 3.957ms
[2026-04-03T01:52:46.978+0600][0.382s][info][gc,cpu      ] GC(0) User=0.00s Sys=0.01s Real=0.00s
[2026-04-03T01:52:47.111+0600][0.515s][info][gc,start    ] GC(1) Pause Young (Normal) (G1 Evacuation Pause)
[2026-04-03T01:52:47.111+0600][0.515s][info][gc,task     ] GC(1) Using 5 workers of 10 for evacuation
[2026-04-03T01:52:47.114+0600][0.518s][info][gc,phases   ] GC(1)   Pre Evacuate Collection Set: 0.20ms
[2026-04-03T01:52:47.114+0600][0.518s][info][gc,phases   ] GC(1)   Merge Heap Roots: 0.05ms
[2026-04-03T01:52:47.114+0600][0.518s][info][gc,phases   ] GC(1)   Evacuate Collection Set: 1.59ms
[2026-04-03T01:52:47.114+0600][0.518s][info][gc,phases   ] GC(1)   Post Evacuate Collection Set: 0.46ms
[2026-04-03T01:52:47.114+0600][0.518s][info][gc,phases   ] GC(1)   Other: 0.07ms
[2026-04-03T01:52:47.114+0600][0.518s][info][gc,heap     ] GC(1) Eden regions: 22->0(71)
[2026-04-03T01:52:47.114+0600][0.518s][info][gc,heap     ] GC(1) Survivor regions: 2->2(3)
[2026-04-03T01:52:47.114+0600][0.518s][info][gc,heap     ] GC(1) Old regions: 1->1
[2026-04-03T01:52:47.114+0600][0.518s][info][gc,heap     ] GC(1) Humongous regions: 0->0
[2026-04-03T01:52:47.114+0600][0.518s][info][gc,metaspace] GC(1) Metaspace: 3808K(3968K)->3808K(3968K) NonClass: 3375K(3456K)->3375K(3456K) Class: 432K(512K)->432K(512K)
[2026-04-03T01:52:47.114+0600][0.518s][info][gc          ] GC(1) Pause Young (Normal) (G1 Evacuation Pause) 47M->3M(248M) 2.665ms
[2026-04-03T01:52:47.114+0600][0.518s][info][gc,cpu      ] GC(1) User=0.01s Sys=0.00s Real=0.00s
[2026-04-03T01:52:47.550+0600][0.954s][info][gc,start    ] GC(2) Pause Full (System.gc())
[2026-04-03T01:52:47.550+0600][0.954s][info][gc,task     ] GC(2) Using 5 workers of 10 for full compaction
[2026-04-03T01:52:47.550+0600][0.954s][info][gc,phases,start] GC(2) Phase 1: Mark live objects
[2026-04-03T01:52:47.555+0600][0.959s][info][gc,phases      ] GC(2) Phase 1: Mark live objects 4.830ms
[2026-04-03T01:52:47.555+0600][0.959s][info][gc,phases,start] GC(2) Phase 2: Prepare compaction
[2026-04-03T01:52:47.557+0600][0.961s][info][gc,phases      ] GC(2) Phase 2: Prepare compaction 2.001ms
[2026-04-03T01:52:47.557+0600][0.961s][info][gc,phases,start] GC(2) Phase 3: Adjust pointers
[2026-04-03T01:52:47.559+0600][0.963s][info][gc,phases      ] GC(2) Phase 3: Adjust pointers 1.923ms
[2026-04-03T01:52:47.559+0600][0.963s][info][gc,phases,start] GC(2) Phase 4: Compact heap
[2026-04-03T01:52:47.563+0600][0.967s][info][gc,phases      ] GC(2) Phase 4: Compact heap 3.919ms
[2026-04-03T01:52:47.563+0600][0.967s][info][gc,phases,start] GC(2) Phase 5: Reset Metadata
[2026-04-03T01:52:47.563+0600][0.967s][info][gc,phases      ] GC(2) Phase 5: Reset Metadata 0.197ms
[2026-04-03T01:52:47.565+0600][0.970s][info][gc,heap        ] GC(2) Eden regions: 51->0(10)
[2026-04-03T01:52:47.566+0600][0.970s][info][gc,heap        ] GC(2) Survivor regions: 2->0(3)
[2026-04-03T01:52:47.566+0600][0.970s][info][gc,heap        ] GC(2) Old regions: 1->6
[2026-04-03T01:52:47.566+0600][0.970s][info][gc,heap        ] GC(2) Humongous regions: 0->0
[2026-04-03T01:52:47.566+0600][0.970s][info][gc,metaspace   ] GC(2) Metaspace: 8767K(8960K)->8767K(8960K) NonClass: 7619K(7744K)->7619K(7744K) Class: 1148K(1216K)->1148K(1216K)
[2026-04-03T01:52:47.566+0600][0.970s][info][gc             ] GC(2) Pause Full (System.gc()) 105M->3M(40M) 15.795ms
[2026-04-03T01:52:47.566+0600][0.970s][info][gc,cpu         ] GC(2) User=0.03s Sys=0.01s Real=0.01s
[2026-04-03T01:52:47.632+0600][1.036s][info][gc,start       ] GC(3) Pause Young (Normal) (G1 Evacuation Pause)
[2026-04-03T01:52:47.632+0600][1.036s][info][gc,task        ] GC(3) Using 3 workers of 10 for evacuation
[2026-04-03T01:52:47.633+0600][1.037s][info][gc,phases      ] GC(3)   Pre Evacuate Collection Set: 0.25ms
[2026-04-03T01:52:47.633+0600][1.037s][info][gc,phases      ] GC(3)   Merge Heap Roots: 0.09ms
[2026-04-03T01:52:47.633+0600][1.038s][info][gc,phases      ] GC(3)   Evacuate Collection Set: 0.41ms
[2026-04-03T01:52:47.633+0600][1.038s][info][gc,phases      ] GC(3)   Post Evacuate Collection Set: 0.24ms
[2026-04-03T01:52:47.633+0600][1.038s][info][gc,phases      ] GC(3)   Other: 0.09ms
[2026-04-03T01:52:47.633+0600][1.038s][info][gc,heap        ] GC(3) Eden regions: 10->0(10)
[2026-04-03T01:52:47.634+0600][1.038s][info][gc,heap        ] GC(3) Survivor regions: 0->1(2)
[2026-04-03T01:52:47.634+0600][1.038s][info][gc,heap        ] GC(3) Old regions: 6->6
[2026-04-03T01:52:47.634+0600][1.038s][info][gc,heap        ] GC(3) Humongous regions: 0->0
[2026-04-03T01:52:47.634+0600][1.038s][info][gc,metaspace   ] GC(3) Metaspace: 9505K(9728K)->9505K(9728K) NonClass: 8303K(8448K)->8303K(8448K) Class: 1202K(1280K)->1202K(1280K)
[2026-04-03T01:52:47.634+0600][1.038s][info][gc             ] GC(3) Pause Young (Normal) (G1 Evacuation Pause) 23M->4M(40M) 1.337ms
[2026-04-03T01:52:47.634+0600][1.038s][info][gc,cpu         ] GC(3) User=0.01s Sys=0.00s Real=0.00s
[2026-04-03T01:52:47.684+0600][1.088s][info][gc,start       ] GC(4) Pause Young (Normal) (G1 Evacuation Pause)
[2026-04-03T01:52:47.684+0600][1.088s][info][gc,task        ] GC(4) Using 2 workers of 10 for evacuation
[2026-04-03T01:52:47.686+0600][1.090s][info][gc,phases      ] GC(4)   Pre Evacuate Collection Set: 0.20ms
[2026-04-03T01:52:47.686+0600][1.090s][info][gc,phases      ] GC(4)   Merge Heap Roots: 0.08ms
[2026-04-03T01:52:47.686+0600][1.090s][info][gc,phases      ] GC(4)   Evacuate Collection Set: 0.68ms
[2026-04-03T01:52:47.686+0600][1.090s][info][gc,phases      ] GC(4)   Post Evacuate Collection Set: 0.20ms
[2026-04-03T01:52:47.686+0600][1.090s][info][gc,phases      ] GC(4)   Other: 0.06ms
[2026-04-03T01:52:47.686+0600][1.090s][info][gc,heap        ] GC(4) Eden regions: 10->0(11)
[2026-04-03T01:52:47.686+0600][1.090s][info][gc,heap        ] GC(4) Survivor regions: 1->1(2)
[2026-04-03T01:52:47.686+0600][1.090s][info][gc,heap        ] GC(4) Old regions: 6->6
[2026-04-03T01:52:47.686+0600][1.090s][info][gc,heap        ] GC(4) Humongous regions: 0->0
[2026-04-03T01:52:47.686+0600][1.090s][info][gc,metaspace   ] GC(4) Metaspace: 10125K(10368K)->10125K(10368K) NonClass: 8807K(8960K)->8807K(8960K) Class: 1317K(1408K)->1317K(1408K)
[2026-04-03T01:52:47.686+0600][1.090s][info][gc             ] GC(4) Pause Young (Normal) (G1 Evacuation Pause) 24M->4M(40M) 1.460ms
[2026-04-03T01:52:47.686+0600][1.090s][info][gc,cpu         ] GC(4) User=0.00s Sys=0.00s Real=0.00s
[2026-04-03T01:52:47.728+0600][1.132s][info][gc,start       ] GC(5) Pause Young (Normal) (G1 Evacuation Pause)
[2026-04-03T01:52:47.728+0600][1.132s][info][gc,task        ] GC(5) Using 2 workers of 10 for evacuation
[2026-04-03T01:52:47.729+0600][1.133s][info][gc,phases      ] GC(5)   Pre Evacuate Collection Set: 0.24ms
[2026-04-03T01:52:47.729+0600][1.134s][info][gc,phases      ] GC(5)   Merge Heap Roots: 0.14ms
[2026-04-03T01:52:47.729+0600][1.134s][info][gc,phases      ] GC(5)   Evacuate Collection Set: 0.58ms
[2026-04-03T01:52:47.729+0600][1.134s][info][gc,phases      ] GC(5)   Post Evacuate Collection Set: 0.64ms
[2026-04-03T01:52:47.729+0600][1.134s][info][gc,phases      ] GC(5)   Other: 0.06ms
[2026-04-03T01:52:47.730+0600][1.134s][info][gc,heap        ] GC(5) Eden regions: 11->0(11)
[2026-04-03T01:52:47.730+0600][1.134s][info][gc,heap        ] GC(5) Survivor regions: 1->1(2)
[2026-04-03T01:52:47.730+0600][1.134s][info][gc,heap        ] GC(5) Old regions: 6->6
[2026-04-03T01:52:47.730+0600][1.134s][info][gc,heap        ] GC(5) Humongous regions: 0->0
[2026-04-03T01:52:47.730+0600][1.134s][info][gc,metaspace   ] GC(5) Metaspace: 10581K(10816K)->10581K(10816K) NonClass: 9207K(9344K)->9207K(9344K) Class: 1373K(1472K)->1373K(1472K)
[2026-04-03T01:52:47.730+0600][1.134s][info][gc             ] GC(5) Pause Young (Normal) (G1 Evacuation Pause) 26M->4M(40M) 1.857ms
[2026-04-03T01:52:47.730+0600][1.134s][info][gc,cpu         ] GC(5) User=0.00s Sys=0.00s Real=0.00s
[2026-04-03T01:52:47.795+0600][1.199s][info][gc,start       ] GC(6) Pause Young (Normal) (G1 Evacuation Pause)
[2026-04-03T01:52:47.795+0600][1.200s][info][gc,task        ] GC(6) Using 2 workers of 10 for evacuation
[2026-04-03T01:52:47.798+0600][1.202s][info][gc,phases      ] GC(6)   Pre Evacuate Collection Set: 0.35ms
[2026-04-03T01:52:47.798+0600][1.202s][info][gc,phases      ] GC(6)   Merge Heap Roots: 0.18ms
[2026-04-03T01:52:47.798+0600][1.202s][info][gc,phases      ] GC(6)   Evacuate Collection Set: 0.72ms
[2026-04-03T01:52:47.798+0600][1.202s][info][gc,phases      ] GC(6)   Post Evacuate Collection Set: 0.87ms
[2026-04-03T01:52:47.798+0600][1.202s][info][gc,phases      ] GC(6)   Other: 0.06ms
[2026-04-03T01:52:47.798+0600][1.202s][info][gc,heap        ] GC(6) Eden regions: 11->0(42)
[2026-04-03T01:52:47.798+0600][1.202s][info][gc,heap        ] GC(6) Survivor regions: 1->1(2)
[2026-04-03T01:52:47.798+0600][1.202s][info][gc,heap        ] GC(6) Old regions: 6->6
[2026-04-03T01:52:47.798+0600][1.202s][info][gc,heap        ] GC(6) Humongous regions: 0->0
[2026-04-03T01:52:47.798+0600][1.202s][info][gc,metaspace   ] GC(6) Metaspace: 11632K(11840K)->11632K(11840K) NonClass: 10069K(10176K)->10069K(10176K) Class: 1562K(1664K)->1562K(1664K)
[2026-04-03T01:52:47.798+0600][1.202s][info][gc             ] GC(6) Pause Young (Normal) (G1 Evacuation Pause) 26M->4M(144M) 2.401ms
[2026-04-03T01:52:47.798+0600][1.202s][info][gc,cpu         ] GC(6) User=0.00s Sys=0.00s Real=0.00s
[2026-04-03T01:52:48.685+0600][2.089s][info][gc,start       ] GC(7) Pause Young (Normal) (G1 Evacuation Pause)
[2026-04-03T01:52:48.686+0600][2.090s][info][gc,task        ] GC(7) Using 10 workers of 10 for evacuation
[2026-04-03T01:52:48.688+0600][2.092s][info][gc,phases      ] GC(7)   Pre Evacuate Collection Set: 0.19ms
[2026-04-03T01:52:48.688+0600][2.092s][info][gc,phases      ] GC(7)   Merge Heap Roots: 0.15ms
[2026-04-03T01:52:48.688+0600][2.092s][info][gc,phases      ] GC(7)   Evacuate Collection Set: 1.10ms
[2026-04-03T01:52:48.688+0600][2.092s][info][gc,phases      ] GC(7)   Post Evacuate Collection Set: 0.47ms
[2026-04-03T01:52:48.688+0600][2.092s][info][gc,phases      ] GC(7)   Other: 1.44ms
[2026-04-03T01:52:48.688+0600][2.093s][info][gc,heap        ] GC(7) Eden regions: 42->0(42)
[2026-04-03T01:52:48.688+0600][2.093s][info][gc,heap        ] GC(7) Survivor regions: 1->1(6)
[2026-04-03T01:52:48.688+0600][2.093s][info][gc,heap        ] GC(7) Old regions: 6->6
[2026-04-03T01:52:48.688+0600][2.093s][info][gc,heap        ] GC(7) Humongous regions: 0->0
[2026-04-03T01:52:48.689+0600][2.093s][info][gc,metaspace   ] GC(7) Metaspace: 13837K(14080K)->13837K(14080K) NonClass: 12038K(12160K)->12038K(12160K) Class: 1799K(1920K)->1799K(1920K)
[2026-04-03T01:52:48.689+0600][2.093s][info][gc             ] GC(7) Pause Young (Normal) (G1 Evacuation Pause) 88M->4M(144M) 3.715ms
[2026-04-03T01:52:48.689+0600][2.093s][info][gc,cpu         ] GC(7) User=0.01s Sys=0.01s Real=0.00s
[2026-04-03T01:52:49.469+0600][2.873s][info][gc,start       ] GC(8) Pause Young (Normal) (G1 Evacuation Pause)
[2026-04-03T01:52:49.469+0600][2.873s][info][gc,task        ] GC(8) Using 10 workers of 10 for evacuation
[2026-04-03T01:52:49.471+0600][2.875s][info][gc,phases      ] GC(8)   Pre Evacuate Collection Set: 0.26ms
[2026-04-03T01:52:49.471+0600][2.875s][info][gc,phases      ] GC(8)   Merge Heap Roots: 0.14ms
[2026-04-03T01:52:49.471+0600][2.875s][info][gc,phases      ] GC(8)   Evacuate Collection Set: 0.94ms
[2026-04-03T01:52:49.471+0600][2.875s][info][gc,phases      ] GC(8)   Post Evacuate Collection Set: 0.56ms
[2026-04-03T01:52:49.471+0600][2.875s][info][gc,phases      ] GC(8)   Other: 0.09ms
[2026-04-03T01:52:49.471+0600][2.875s][info][gc,heap        ] GC(8) Eden regions: 42->0(42)
[2026-04-03T01:52:49.471+0600][2.875s][info][gc,heap        ] GC(8) Survivor regions: 1->1(6)
[2026-04-03T01:52:49.471+0600][2.875s][info][gc,heap        ] GC(8) Old regions: 6->6
[2026-04-03T01:52:49.471+0600][2.875s][info][gc,heap        ] GC(8) Humongous regions: 0->0
[2026-04-03T01:52:49.471+0600][2.875s][info][gc,metaspace   ] GC(8) Metaspace: 13894K(14144K)->13894K(14144K) NonClass: 12088K(12224K)->12088K(12224K) Class: 1805K(1920K)->1805K(1920K)
[2026-04-03T01:52:49.471+0600][2.875s][info][gc             ] GC(8) Pause Young (Normal) (G1 Evacuation Pause) 88M->4M(144M) 2.304ms
[2026-04-03T01:52:49.471+0600][2.875s][info][gc,cpu         ] GC(8) User=0.01s Sys=0.00s Real=0.01s
[2026-04-03T01:52:49.957+0600][3.361s][info][gc,start       ] GC(9) Pause Young (Normal) (G1 Evacuation Pause)
[2026-04-03T01:52:49.957+0600][3.361s][info][gc,task        ] GC(9) Using 10 workers of 10 for evacuation
[2026-04-03T01:52:49.959+0600][3.363s][info][gc,phases      ] GC(9)   Pre Evacuate Collection Set: 0.28ms
[2026-04-03T01:52:49.959+0600][3.363s][info][gc,phases      ] GC(9)   Merge Heap Roots: 0.16ms
[2026-04-03T01:52:49.959+0600][3.363s][info][gc,phases      ] GC(9)   Evacuate Collection Set: 0.91ms
[2026-04-03T01:52:49.959+0600][3.363s][info][gc,phases      ] GC(9)   Post Evacuate Collection Set: 0.47ms
[2026-04-03T01:52:49.959+0600][3.363s][info][gc,phases      ] GC(9)   Other: 0.11ms
[2026-04-03T01:52:49.959+0600][3.363s][info][gc,heap        ] GC(9) Eden regions: 42->0(42)
[2026-04-03T01:52:49.959+0600][3.363s][info][gc,heap        ] GC(9) Survivor regions: 1->1(6)
[2026-04-03T01:52:49.959+0600][3.363s][info][gc,heap        ] GC(9) Old regions: 6->6
[2026-04-03T01:52:49.959+0600][3.363s][info][gc,heap        ] GC(9) Humongous regions: 0->0
[2026-04-03T01:52:49.959+0600][3.363s][info][gc,metaspace   ] GC(9) Metaspace: 13911K(14144K)->13911K(14144K) NonClass: 12105K(12224K)->12105K(12224K) Class: 1805K(1920K)->1805K(1920K)
[2026-04-03T01:52:49.959+0600][3.363s][info][gc             ] GC(9) Pause Young (Normal) (G1 Evacuation Pause) 88M->4M(144M) 2.356ms
[2026-04-03T01:52:49.959+0600][3.363s][info][gc,cpu         ] GC(9) User=0.01s Sys=0.00s Real=0.00s
[2026-04-03T01:52:50.535+0600][3.939s][info][gc,start       ] GC(10) Pause Young (Normal) (G1 Evacuation Pause)
[2026-04-03T01:52:50.535+0600][3.939s][info][gc,task        ] GC(10) Using 10 workers of 10 for evacuation
[2026-04-03T01:52:50.536+0600][3.940s][info][gc,phases      ] GC(10)   Pre Evacuate Collection Set: 0.15ms
[2026-04-03T01:52:50.536+0600][3.940s][info][gc,phases      ] GC(10)   Merge Heap Roots: 0.08ms
[2026-04-03T01:52:50.536+0600][3.940s][info][gc,phases      ] GC(10)   Evacuate Collection Set: 0.82ms
[2026-04-03T01:52:50.536+0600][3.940s][info][gc,phases      ] GC(10)   Post Evacuate Collection Set: 0.47ms
[2026-04-03T01:52:50.536+0600][3.940s][info][gc,phases      ] GC(10)   Other: 0.09ms
[2026-04-03T01:52:50.536+0600][3.940s][info][gc,heap        ] GC(10) Eden regions: 42->0(42)
[2026-04-03T01:52:50.536+0600][3.941s][info][gc,heap        ] GC(10) Survivor regions: 1->1(6)
[2026-04-03T01:52:50.536+0600][3.941s][info][gc,heap        ] GC(10) Old regions: 6->6
[2026-04-03T01:52:50.536+0600][3.941s][info][gc,heap        ] GC(10) Humongous regions: 0->0
[2026-04-03T01:52:50.536+0600][3.941s][info][gc,metaspace   ] GC(10) Metaspace: 13925K(14208K)->13925K(14208K) NonClass: 12120K(12288K)->12120K(12288K) Class: 1805K(1920K)->1805K(1920K)
[2026-04-03T01:52:50.537+0600][3.941s][info][gc             ] GC(10) Pause Young (Normal) (G1 Evacuation Pause) 88M->4M(144M) 1.911ms
[2026-04-03T01:52:50.537+0600][3.941s][info][gc,cpu         ] GC(10) User=0.01s Sys=0.00s Real=0.00s
[2026-04-03T01:52:50.789+0600][4.193s][info][gc,start       ] GC(11) Pause Young (Normal) (G1 Evacuation Pause)
[2026-04-03T01:52:50.789+0600][4.193s][info][gc,task        ] GC(11) Using 10 workers of 10 for evacuation
[2026-04-03T01:52:50.790+0600][4.194s][info][gc,phases      ] GC(11)   Pre Evacuate Collection Set: 0.16ms
[2026-04-03T01:52:50.790+0600][4.195s][info][gc,phases      ] GC(11)   Merge Heap Roots: 0.09ms
[2026-04-03T01:52:50.790+0600][4.195s][info][gc,phases      ] GC(11)   Evacuate Collection Set: 0.91ms
[2026-04-03T01:52:50.790+0600][4.195s][info][gc,phases      ] GC(11)   Post Evacuate Collection Set: 0.43ms
[2026-04-03T01:52:50.791+0600][4.195s][info][gc,phases      ] GC(11)   Other: 0.08ms
[2026-04-03T01:52:50.791+0600][4.195s][info][gc,heap        ] GC(11) Eden regions: 42->0(42)
[2026-04-03T01:52:50.791+0600][4.195s][info][gc,heap        ] GC(11) Survivor regions: 1->1(6)
[2026-04-03T01:52:50.791+0600][4.195s][info][gc,heap        ] GC(11) Old regions: 6->6
[2026-04-03T01:52:50.791+0600][4.195s][info][gc,heap        ] GC(11) Humongous regions: 0->0
[2026-04-03T01:52:50.791+0600][4.195s][info][gc,metaspace   ] GC(11) Metaspace: 13929K(14208K)->13929K(14208K) NonClass: 12123K(12288K)->12123K(12288K) Class: 1805K(1920K)->1805K(1920K)
[2026-04-03T01:52:50.791+0600][4.195s][info][gc             ] GC(11) Pause Young (Normal) (G1 Evacuation Pause) 88M->4M(144M) 1.951ms
[2026-04-03T01:52:50.791+0600][4.195s][info][gc,cpu         ] GC(11) User=0.01s Sys=0.00s Real=0.01s
[2026-04-03T01:52:51.072+0600][4.476s][info][gc,start       ] GC(12) Pause Young (Normal) (G1 Evacuation Pause)
[2026-04-03T01:52:51.072+0600][4.477s][info][gc,task        ] GC(12) Using 10 workers of 10 for evacuation
[2026-04-03T01:52:51.074+0600][4.478s][info][gc,phases      ] GC(12)   Pre Evacuate Collection Set: 0.19ms
[2026-04-03T01:52:51.074+0600][4.478s][info][gc,phases      ] GC(12)   Merge Heap Roots: 0.09ms
[2026-04-03T01:52:51.074+0600][4.479s][info][gc,phases      ] GC(12)   Evacuate Collection Set: 0.99ms
[2026-04-03T01:52:51.074+0600][4.479s][info][gc,phases      ] GC(12)   Post Evacuate Collection Set: 0.51ms
[2026-04-03T01:52:51.075+0600][4.479s][info][gc,phases      ] GC(12)   Other: 0.10ms
[2026-04-03T01:52:51.075+0600][4.479s][info][gc,heap        ] GC(12) Eden regions: 42->0(42)
[2026-04-03T01:52:51.075+0600][4.479s][info][gc,heap        ] GC(12) Survivor regions: 1->1(6)
[2026-04-03T01:52:51.075+0600][4.479s][info][gc,heap        ] GC(12) Old regions: 6->6
[2026-04-03T01:52:51.075+0600][4.479s][info][gc,heap        ] GC(12) Humongous regions: 0->0
[2026-04-03T01:52:51.075+0600][4.479s][info][gc,metaspace   ] GC(12) Metaspace: 13930K(14208K)->13930K(14208K) NonClass: 12124K(12288K)->12124K(12288K) Class: 1805K(1920K)->1805K(1920K)
[2026-04-03T01:52:51.075+0600][4.479s][info][gc             ] GC(12) Pause Young (Normal) (G1 Evacuation Pause) 88M->4M(144M) 2.247ms
[2026-04-03T01:52:51.075+0600][4.479s][info][gc,cpu         ] GC(12) User=0.01s Sys=0.01s Real=0.00s
[2026-04-03T01:52:51.688+0600][5.092s][info][gc,start       ] GC(13) Pause Young (Normal) (G1 Evacuation Pause)
[2026-04-03T01:52:51.688+0600][5.092s][info][gc,task        ] GC(13) Using 10 workers of 10 for evacuation
[2026-04-03T01:52:51.690+0600][5.094s][info][gc,phases      ] GC(13)   Pre Evacuate Collection Set: 0.22ms
[2026-04-03T01:52:51.690+0600][5.094s][info][gc,phases      ] GC(13)   Merge Heap Roots: 0.11ms
[2026-04-03T01:52:51.690+0600][5.094s][info][gc,phases      ] GC(13)   Evacuate Collection Set: 1.14ms
[2026-04-03T01:52:51.690+0600][5.094s][info][gc,phases      ] GC(13)   Post Evacuate Collection Set: 0.49ms
[2026-04-03T01:52:51.690+0600][5.095s][info][gc,phases      ] GC(13)   Other: 0.10ms
[2026-04-03T01:52:51.690+0600][5.095s][info][gc,heap        ] GC(13) Eden regions: 42->0(42)
[2026-04-03T01:52:51.690+0600][5.095s][info][gc,heap        ] GC(13) Survivor regions: 1->1(6)
[2026-04-03T01:52:51.691+0600][5.095s][info][gc,heap        ] GC(13) Old regions: 6->6
[2026-04-03T01:52:51.691+0600][5.095s][info][gc,heap        ] GC(13) Humongous regions: 0->0
[2026-04-03T01:52:51.691+0600][5.095s][info][gc,metaspace   ] GC(13) Metaspace: 13937K(14208K)->13937K(14208K) NonClass: 12131K(12288K)->12131K(12288K) Class: 1805K(1920K)->1805K(1920K)
[2026-04-03T01:52:51.691+0600][5.095s][info][gc             ] GC(13) Pause Young (Normal) (G1 Evacuation Pause) 88M->4M(144M) 2.434ms
[2026-04-03T01:52:51.691+0600][5.095s][info][gc,cpu         ] GC(13) User=0.01s Sys=0.00s Real=0.01s
[2026-04-03T01:52:52.322+0600][5.726s][info][gc,start       ] GC(14) Pause Young (Normal) (G1 Evacuation Pause)
[2026-04-03T01:52:52.322+0600][5.726s][info][gc,task        ] GC(14) Using 10 workers of 10 for evacuation
[2026-04-03T01:52:52.324+0600][5.728s][info][gc,phases      ] GC(14)   Pre Evacuate Collection Set: 0.17ms
[2026-04-03T01:52:52.324+0600][5.728s][info][gc,phases      ] GC(14)   Merge Heap Roots: 0.10ms
[2026-04-03T01:52:52.324+0600][5.728s][info][gc,phases      ] GC(14)   Evacuate Collection Set: 1.14ms
[2026-04-03T01:52:52.324+0600][5.728s][info][gc,phases      ] GC(14)   Post Evacuate Collection Set: 0.61ms
[2026-04-03T01:52:52.324+0600][5.728s][info][gc,phases      ] GC(14)   Other: 0.11ms
[2026-04-03T01:52:52.324+0600][5.728s][info][gc,heap        ] GC(14) Eden regions: 42->0(42)
[2026-04-03T01:52:52.324+0600][5.728s][info][gc,heap        ] GC(14) Survivor regions: 1->1(6)
[2026-04-03T01:52:52.324+0600][5.728s][info][gc,heap        ] GC(14) Old regions: 6->6
[2026-04-03T01:52:52.324+0600][5.728s][info][gc,heap        ] GC(14) Humongous regions: 0->0
[2026-04-03T01:52:52.324+0600][5.728s][info][gc,metaspace   ] GC(14) Metaspace: 13947K(14208K)->13947K(14208K) NonClass: 12142K(12288K)->12142K(12288K) Class: 1805K(1920K)->1805K(1920K)
[2026-04-03T01:52:52.324+0600][5.728s][info][gc             ] GC(14) Pause Young (Normal) (G1 Evacuation Pause) 88M->4M(144M) 2.483ms
[2026-04-03T01:52:52.324+0600][5.728s][info][gc,cpu         ] GC(14) User=0.02s Sys=0.00s Real=0.00s
[2026-04-03T01:52:52.485+0600][5.889s][info][gc,start       ] GC(15) Pause Young (Normal) (G1 Evacuation Pause)
[2026-04-03T01:52:52.485+0600][5.889s][info][gc,task        ] GC(15) Using 10 workers of 10 for evacuation
[2026-04-03T01:52:52.487+0600][5.891s][info][gc,phases      ] GC(15)   Pre Evacuate Collection Set: 0.15ms
[2026-04-03T01:52:52.487+0600][5.891s][info][gc,phases      ] GC(15)   Merge Heap Roots: 0.10ms
[2026-04-03T01:52:52.487+0600][5.891s][info][gc,phases      ] GC(15)   Evacuate Collection Set: 1.53ms
[2026-04-03T01:52:52.487+0600][5.891s][info][gc,phases      ] GC(15)   Post Evacuate Collection Set: 0.66ms
[2026-04-03T01:52:52.487+0600][5.891s][info][gc,phases      ] GC(15)   Other: 0.11ms
[2026-04-03T01:52:52.487+0600][5.892s][info][gc,heap        ] GC(15) Eden regions: 42->0(42)
[2026-04-03T01:52:52.487+0600][5.892s][info][gc,heap        ] GC(15) Survivor regions: 1->1(6)
[2026-04-03T01:52:52.487+0600][5.892s][info][gc,heap        ] GC(15) Old regions: 6->6
[2026-04-03T01:52:52.487+0600][5.892s][info][gc,heap        ] GC(15) Humongous regions: 0->0
[2026-04-03T01:52:52.488+0600][5.892s][info][gc,metaspace   ] GC(15) Metaspace: 13971K(14208K)->13971K(14208K) NonClass: 12166K(12288K)->12166K(12288K) Class: 1805K(1920K)->1805K(1920K)
[2026-04-03T01:52:52.488+0600][5.892s][info][gc             ] GC(15) Pause Young (Normal) (G1 Evacuation Pause) 88M->4M(144M) 2.956ms
[2026-04-03T01:52:52.488+0600][5.892s][info][gc,cpu         ] GC(15) User=0.01s Sys=0.00s Real=0.00s
[2026-04-03T01:52:52.620+0600][6.024s][info][gc,start       ] GC(16) Pause Young (Normal) (G1 Evacuation Pause)
[2026-04-03T01:52:52.620+0600][6.024s][info][gc,task        ] GC(16) Using 10 workers of 10 for evacuation
[2026-04-03T01:52:52.623+0600][6.027s][info][gc,phases      ] GC(16)   Pre Evacuate Collection Set: 0.17ms
[2026-04-03T01:52:52.623+0600][6.027s][info][gc,phases      ] GC(16)   Merge Heap Roots: 0.10ms
[2026-04-03T01:52:52.623+0600][6.027s][info][gc,phases      ] GC(16)   Evacuate Collection Set: 0.81ms
[2026-04-03T01:52:52.623+0600][6.027s][info][gc,phases      ] GC(16)   Post Evacuate Collection Set: 1.41ms
[2026-04-03T01:52:52.623+0600][6.027s][info][gc,phases      ] GC(16)   Other: 0.10ms
[2026-04-03T01:52:52.623+0600][6.027s][info][gc,heap        ] GC(16) Eden regions: 42->0(42)
[2026-04-03T01:52:52.623+0600][6.027s][info][gc,heap        ] GC(16) Survivor regions: 1->1(6)
[2026-04-03T01:52:52.623+0600][6.027s][info][gc,heap        ] GC(16) Old regions: 6->6
[2026-04-03T01:52:52.623+0600][6.027s][info][gc,heap        ] GC(16) Humongous regions: 0->0
[2026-04-03T01:52:52.623+0600][6.027s][info][gc,metaspace   ] GC(16) Metaspace: 13974K(14208K)->13974K(14208K) NonClass: 12168K(12288K)->12168K(12288K) Class: 1805K(1920K)->1805K(1920K)
[2026-04-03T01:52:52.623+0600][6.027s][info][gc             ] GC(16) Pause Young (Normal) (G1 Evacuation Pause) 88M->4M(144M) 2.986ms
[2026-04-03T01:52:52.623+0600][6.027s][info][gc,cpu         ] GC(16) User=0.01s Sys=0.00s Real=0.00s
[2026-04-03T01:52:52.762+0600][6.166s][info][gc,start       ] GC(17) Pause Young (Normal) (G1 Evacuation Pause)
[2026-04-03T01:52:52.762+0600][6.167s][info][gc,task        ] GC(17) Using 10 workers of 10 for evacuation
[2026-04-03T01:52:52.765+0600][6.169s][info][gc,phases      ] GC(17)   Pre Evacuate Collection Set: 0.16ms
[2026-04-03T01:52:52.765+0600][6.169s][info][gc,phases      ] GC(17)   Merge Heap Roots: 0.12ms
[2026-04-03T01:52:52.765+0600][6.169s][info][gc,phases      ] GC(17)   Evacuate Collection Set: 1.97ms
[2026-04-03T01:52:52.765+0600][6.169s][info][gc,phases      ] GC(17)   Post Evacuate Collection Set: 0.46ms
[2026-04-03T01:52:52.765+0600][6.169s][info][gc,phases      ] GC(17)   Other: 0.10ms
[2026-04-03T01:52:52.765+0600][6.169s][info][gc,heap        ] GC(17) Eden regions: 42->0(42)
[2026-04-03T01:52:52.765+0600][6.169s][info][gc,heap        ] GC(17) Survivor regions: 1->1(6)
[2026-04-03T01:52:52.765+0600][6.169s][info][gc,heap        ] GC(17) Old regions: 6->6
[2026-04-03T01:52:52.765+0600][6.169s][info][gc,heap        ] GC(17) Humongous regions: 0->0
[2026-04-03T01:52:52.765+0600][6.169s][info][gc,metaspace   ] GC(17) Metaspace: 13975K(14208K)->13975K(14208K) NonClass: 12169K(12288K)->12169K(12288K) Class: 1805K(1920K)->1805K(1920K)
[2026-04-03T01:52:52.765+0600][6.169s][info][gc             ] GC(17) Pause Young (Normal) (G1 Evacuation Pause) 88M->4M(144M) 3.123ms
[2026-04-03T01:52:52.765+0600][6.170s][info][gc,cpu         ] GC(17) User=0.01s Sys=0.00s Real=0.00s
[2026-04-03T01:52:52.892+0600][6.296s][info][gc,start       ] GC(18) Pause Young (Normal) (G1 Evacuation Pause)
[2026-04-03T01:52:52.892+0600][6.296s][info][gc,task        ] GC(18) Using 10 workers of 10 for evacuation
[2026-04-03T01:52:52.894+0600][6.298s][info][gc,phases      ] GC(18)   Pre Evacuate Collection Set: 0.16ms
[2026-04-03T01:52:52.894+0600][6.298s][info][gc,phases      ] GC(18)   Merge Heap Roots: 0.12ms
[2026-04-03T01:52:52.894+0600][6.298s][info][gc,phases      ] GC(18)   Evacuate Collection Set: 0.78ms
[2026-04-03T01:52:52.894+0600][6.298s][info][gc,phases      ] GC(18)   Post Evacuate Collection Set: 0.49ms
[2026-04-03T01:52:52.894+0600][6.298s][info][gc,phases      ] GC(18)   Other: 0.10ms
[2026-04-03T01:52:52.894+0600][6.298s][info][gc,heap        ] GC(18) Eden regions: 42->0(42)
[2026-04-03T01:52:52.894+0600][6.298s][info][gc,heap        ] GC(18) Survivor regions: 1->1(6)
[2026-04-03T01:52:52.894+0600][6.298s][info][gc,heap        ] GC(18) Old regions: 6->7
[2026-04-03T01:52:52.894+0600][6.298s][info][gc,heap        ] GC(18) Humongous regions: 0->0
[2026-04-03T01:52:52.894+0600][6.298s][info][gc,metaspace   ] GC(18) Metaspace: 13975K(14208K)->13975K(14208K) NonClass: 12169K(12288K)->12169K(12288K) Class: 1805K(1920K)->1805K(1920K)
[2026-04-03T01:52:52.894+0600][6.298s][info][gc             ] GC(18) Pause Young (Normal) (G1 Evacuation Pause) 88M->4M(144M) 1.935ms
[2026-04-03T01:52:52.894+0600][6.298s][info][gc,cpu         ] GC(18) User=0.00s Sys=0.00s Real=0.00s
[2026-04-03T01:52:53.033+0600][6.437s][info][gc,start       ] GC(19) Pause Young (Normal) (G1 Evacuation Pause)
[2026-04-03T01:52:53.033+0600][6.437s][info][gc,task        ] GC(19) Using 10 workers of 10 for evacuation
[2026-04-03T01:52:53.035+0600][6.439s][info][gc,phases      ] GC(19)   Pre Evacuate Collection Set: 0.12ms
[2026-04-03T01:52:53.035+0600][6.439s][info][gc,phases      ] GC(19)   Merge Heap Roots: 0.11ms
[2026-04-03T01:52:53.035+0600][6.439s][info][gc,phases      ] GC(19)   Evacuate Collection Set: 1.32ms
[2026-04-03T01:52:53.035+0600][6.439s][info][gc,phases      ] GC(19)   Post Evacuate Collection Set: 0.59ms
[2026-04-03T01:52:53.035+0600][6.439s][info][gc,phases      ] GC(19)   Other: 0.07ms
[2026-04-03T01:52:53.035+0600][6.439s][info][gc,heap        ] GC(19) Eden regions: 42->0(42)
[2026-04-03T01:52:53.035+0600][6.439s][info][gc,heap        ] GC(19) Survivor regions: 1->1(6)
[2026-04-03T01:52:53.035+0600][6.439s][info][gc,heap        ] GC(19) Old regions: 7->7
[2026-04-03T01:52:53.035+0600][6.439s][info][gc,heap        ] GC(19) Humongous regions: 0->0
[2026-04-03T01:52:53.035+0600][6.439s][info][gc,metaspace   ] GC(19) Metaspace: 14002K(14208K)->14002K(14208K) NonClass: 12196K(12288K)->12196K(12288K) Class: 1805K(1920K)->1805K(1920K)
[2026-04-03T01:52:53.035+0600][6.439s][info][gc             ] GC(19) Pause Young (Normal) (G1 Evacuation Pause) 88M->4M(144M) 2.479ms
[2026-04-03T01:52:53.035+0600][6.439s][info][gc,cpu         ] GC(19) User=0.01s Sys=0.00s Real=0.00s
[2026-04-03T01:52:53.169+0600][6.573s][info][gc,start       ] GC(20) Pause Young (Normal) (G1 Evacuation Pause)
[2026-04-03T01:52:53.169+0600][6.573s][info][gc,task        ] GC(20) Using 10 workers of 10 for evacuation
[2026-04-03T01:52:53.171+0600][6.575s][info][gc,phases      ] GC(20)   Pre Evacuate Collection Set: 0.15ms
[2026-04-03T01:52:53.171+0600][6.575s][info][gc,phases      ] GC(20)   Merge Heap Roots: 0.12ms
[2026-04-03T01:52:53.171+0600][6.575s][info][gc,phases      ] GC(20)   Evacuate Collection Set: 0.86ms
[2026-04-03T01:52:53.171+0600][6.575s][info][gc,phases      ] GC(20)   Post Evacuate Collection Set: 0.57ms
[2026-04-03T01:52:53.171+0600][6.575s][info][gc,phases      ] GC(20)   Other: 0.09ms
[2026-04-03T01:52:53.171+0600][6.575s][info][gc,heap        ] GC(20) Eden regions: 42->0(42)
[2026-04-03T01:52:53.171+0600][6.575s][info][gc,heap        ] GC(20) Survivor regions: 1->1(6)
[2026-04-03T01:52:53.171+0600][6.575s][info][gc,heap        ] GC(20) Old regions: 7->7
[2026-04-03T01:52:53.171+0600][6.575s][info][gc,heap        ] GC(20) Humongous regions: 0->0
[2026-04-03T01:52:53.171+0600][6.575s][info][gc,metaspace   ] GC(20) Metaspace: 14002K(14208K)->14002K(14208K) NonClass: 12196K(12288K)->12196K(12288K) Class: 1805K(1920K)->1805K(1920K)
[2026-04-03T01:52:53.171+0600][6.575s][info][gc             ] GC(20) Pause Young (Normal) (G1 Evacuation Pause) 88M->4M(144M) 2.124ms
[2026-04-03T01:52:53.171+0600][6.576s][info][gc,cpu         ] GC(20) User=0.01s Sys=0.00s Real=0.01s
[2026-04-03T01:52:53.344+0600][6.748s][info][gc,start       ] GC(21) Pause Young (Normal) (G1 Evacuation Pause)
[2026-04-03T01:52:53.345+0600][6.749s][info][gc,task        ] GC(21) Using 10 workers of 10 for evacuation
[2026-04-03T01:52:53.346+0600][6.751s][info][gc,phases      ] GC(21)   Pre Evacuate Collection Set: 0.17ms
[2026-04-03T01:52:53.347+0600][6.751s][info][gc,phases      ] GC(21)   Merge Heap Roots: 0.10ms
[2026-04-03T01:52:53.347+0600][6.751s][info][gc,phases      ] GC(21)   Evacuate Collection Set: 0.80ms
[2026-04-03T01:52:53.347+0600][6.751s][info][gc,phases      ] GC(21)   Post Evacuate Collection Set: 0.80ms
[2026-04-03T01:52:53.347+0600][6.751s][info][gc,phases      ] GC(21)   Other: 0.09ms
[2026-04-03T01:52:53.347+0600][6.751s][info][gc,heap        ] GC(21) Eden regions: 42->0(51)
[2026-04-03T01:52:53.347+0600][6.751s][info][gc,heap        ] GC(21) Survivor regions: 1->1(6)
[2026-04-03T01:52:53.347+0600][6.751s][info][gc,heap        ] GC(21) Old regions: 7->7
[2026-04-03T01:52:53.347+0600][6.751s][info][gc,heap        ] GC(21) Humongous regions: 0->0
[2026-04-03T01:52:53.347+0600][6.751s][info][gc,metaspace   ] GC(21) Metaspace: 14007K(14208K)->14007K(14208K) NonClass: 12201K(12288K)->12201K(12288K) Class: 1805K(1920K)->1805K(1920K)
[2026-04-03T01:52:53.347+0600][6.751s][info][gc             ] GC(21) Pause Young (Normal) (G1 Evacuation Pause) 88M->4M(174M) 2.229ms
[2026-04-03T01:52:53.347+0600][6.751s][info][gc,cpu         ] GC(21) User=0.00s Sys=0.00s Real=0.00s
[2026-04-03T01:52:53.492+0600][6.896s][info][gc,start       ] GC(22) Pause Young (Normal) (G1 Evacuation Pause)
[2026-04-03T01:52:53.492+0600][6.896s][info][gc,task        ] GC(22) Using 10 workers of 10 for evacuation
[2026-04-03T01:52:53.495+0600][6.899s][info][gc,phases      ] GC(22)   Pre Evacuate Collection Set: 0.14ms
[2026-04-03T01:52:53.495+0600][6.899s][info][gc,phases      ] GC(22)   Merge Heap Roots: 0.11ms
[2026-04-03T01:52:53.495+0600][6.899s][info][gc,phases      ] GC(22)   Evacuate Collection Set: 0.96ms
[2026-04-03T01:52:53.495+0600][6.899s][info][gc,phases      ] GC(22)   Post Evacuate Collection Set: 1.56ms
[2026-04-03T01:52:53.495+0600][6.899s][info][gc,phases      ] GC(22)   Other: 0.10ms
[2026-04-03T01:52:53.495+0600][6.899s][info][gc,heap        ] GC(22) Eden regions: 51->0(51)
[2026-04-03T01:52:53.495+0600][6.899s][info][gc,heap        ] GC(22) Survivor regions: 1->1(7)
[2026-04-03T01:52:53.495+0600][6.899s][info][gc,heap        ] GC(22) Old regions: 7->7
[2026-04-03T01:52:53.495+0600][6.899s][info][gc,heap        ] GC(22) Humongous regions: 0->0
[2026-04-03T01:52:53.495+0600][6.899s][info][gc,metaspace   ] GC(22) Metaspace: 14007K(14208K)->14007K(14208K) NonClass: 12201K(12288K)->12201K(12288K) Class: 1805K(1920K)->1805K(1920K)
[2026-04-03T01:52:53.495+0600][6.899s][info][gc             ] GC(22) Pause Young (Normal) (G1 Evacuation Pause) 106M->4M(174M) 3.173ms
[2026-04-03T01:52:53.495+0600][6.899s][info][gc,cpu         ] GC(22) User=0.01s Sys=0.00s Real=0.00s
[2026-04-03T01:52:53.653+0600][7.057s][info][gc,start       ] GC(23) Pause Young (Normal) (G1 Evacuation Pause)
[2026-04-03T01:52:53.653+0600][7.057s][info][gc,task        ] GC(23) Using 10 workers of 10 for evacuation
[2026-04-03T01:52:53.654+0600][7.058s][info][gc,phases      ] GC(23)   Pre Evacuate Collection Set: 0.18ms
[2026-04-03T01:52:53.654+0600][7.058s][info][gc,phases      ] GC(23)   Merge Heap Roots: 0.11ms
[2026-04-03T01:52:53.654+0600][7.058s][info][gc,phases      ] GC(23)   Evacuate Collection Set: 0.26ms
[2026-04-03T01:52:53.654+0600][7.058s][info][gc,phases      ] GC(23)   Post Evacuate Collection Set: 0.47ms
[2026-04-03T01:52:53.654+0600][7.058s][info][gc,phases      ] GC(23)   Other: 0.14ms
[2026-04-03T01:52:53.654+0600][7.058s][info][gc,heap        ] GC(23) Eden regions: 51->0(51)
[2026-04-03T01:52:53.654+0600][7.058s][info][gc,heap        ] GC(23) Survivor regions: 1->1(7)
[2026-04-03T01:52:53.654+0600][7.058s][info][gc,heap        ] GC(23) Old regions: 7->7
[2026-04-03T01:52:53.654+0600][7.058s][info][gc,heap        ] GC(23) Humongous regions: 0->0
[2026-04-03T01:52:53.654+0600][7.058s][info][gc,metaspace   ] GC(23) Metaspace: 14007K(14208K)->14007K(14208K) NonClass: 12201K(12288K)->12201K(12288K) Class: 1805K(1920K)->1805K(1920K)
[2026-04-03T01:52:53.654+0600][7.058s][info][gc             ] GC(23) Pause Young (Normal) (G1 Evacuation Pause) 106M->4M(174M) 1.467ms
[2026-04-03T01:52:53.654+0600][7.058s][info][gc,cpu         ] GC(23) User=0.00s Sys=0.00s Real=0.00s
[2026-04-03T01:52:53.807+0600][7.211s][info][gc,start       ] GC(24) Pause Young (Normal) (G1 Evacuation Pause)
[2026-04-03T01:52:53.807+0600][7.211s][info][gc,task        ] GC(24) Using 10 workers of 10 for evacuation
[2026-04-03T01:52:53.808+0600][7.212s][info][gc,phases      ] GC(24)   Pre Evacuate Collection Set: 0.14ms
[2026-04-03T01:52:53.808+0600][7.212s][info][gc,phases      ] GC(24)   Merge Heap Roots: 0.11ms
[2026-04-03T01:52:53.808+0600][7.212s][info][gc,phases      ] GC(24)   Evacuate Collection Set: 0.25ms
[2026-04-03T01:52:53.808+0600][7.212s][info][gc,phases      ] GC(24)   Post Evacuate Collection Set: 0.43ms
[2026-04-03T01:52:53.808+0600][7.212s][info][gc,phases      ] GC(24)   Other: 0.10ms
[2026-04-03T01:52:53.808+0600][7.212s][info][gc,heap        ] GC(24) Eden regions: 51->0(51)
[2026-04-03T01:52:53.808+0600][7.212s][info][gc,heap        ] GC(24) Survivor regions: 1->1(7)
[2026-04-03T01:52:53.808+0600][7.212s][info][gc,heap        ] GC(24) Old regions: 7->7
[2026-04-03T01:52:53.808+0600][7.212s][info][gc,heap        ] GC(24) Humongous regions: 0->0
[2026-04-03T01:52:53.808+0600][7.212s][info][gc,metaspace   ] GC(24) Metaspace: 14023K(14272K)->14023K(14272K) NonClass: 12217K(12352K)->12217K(12352K) Class: 1805K(1920K)->1805K(1920K)
[2026-04-03T01:52:53.808+0600][7.212s][info][gc             ] GC(24) Pause Young (Normal) (G1 Evacuation Pause) 106M->4M(174M) 1.299ms
[2026-04-03T01:52:53.808+0600][7.212s][info][gc,cpu         ] GC(24) User=0.01s Sys=0.00s Real=0.00s
[2026-04-03T01:52:53.976+0600][7.380s][info][gc,start       ] GC(25) Pause Young (Normal) (G1 Evacuation Pause)
[2026-04-03T01:52:53.976+0600][7.380s][info][gc,task        ] GC(25) Using 10 workers of 10 for evacuation
[2026-04-03T01:52:53.977+0600][7.381s][info][gc,phases      ] GC(25)   Pre Evacuate Collection Set: 0.15ms
[2026-04-03T01:52:53.977+0600][7.381s][info][gc,phases      ] GC(25)   Merge Heap Roots: 0.08ms
[2026-04-03T01:52:53.977+0600][7.381s][info][gc,phases      ] GC(25)   Evacuate Collection Set: 0.27ms
[2026-04-03T01:52:53.977+0600][7.381s][info][gc,phases      ] GC(25)   Post Evacuate Collection Set: 0.40ms
[2026-04-03T01:52:53.977+0600][7.381s][info][gc,phases      ] GC(25)   Other: 0.08ms
[2026-04-03T01:52:53.977+0600][7.381s][info][gc,heap        ] GC(25) Eden regions: 51->0(51)
[2026-04-03T01:52:53.977+0600][7.381s][info][gc,heap        ] GC(25) Survivor regions: 1->1(7)
[2026-04-03T01:52:53.977+0600][7.381s][info][gc,heap        ] GC(25) Old regions: 7->7
[2026-04-03T01:52:53.977+0600][7.381s][info][gc,heap        ] GC(25) Humongous regions: 0->0
[2026-04-03T01:52:53.977+0600][7.381s][info][gc,metaspace   ] GC(25) Metaspace: 14028K(14272K)->14028K(14272K) NonClass: 12223K(12352K)->12223K(12352K) Class: 1805K(1920K)->1805K(1920K)
[2026-04-03T01:52:53.977+0600][7.381s][info][gc             ] GC(25) Pause Young (Normal) (G1 Evacuation Pause) 106M->4M(174M) 1.284ms
[2026-04-03T01:52:53.977+0600][7.381s][info][gc,cpu         ] GC(25) User=0.01s Sys=0.00s Real=0.00s
[2026-04-03T01:52:54.136+0600][7.540s][info][gc,start       ] GC(26) Pause Young (Normal) (G1 Evacuation Pause)
[2026-04-03T01:52:54.136+0600][7.540s][info][gc,task        ] GC(26) Using 10 workers of 10 for evacuation
[2026-04-03T01:52:54.138+0600][7.542s][info][gc,phases      ] GC(26)   Pre Evacuate Collection Set: 0.16ms
[2026-04-03T01:52:54.138+0600][7.542s][info][gc,phases      ] GC(26)   Merge Heap Roots: 0.09ms
[2026-04-03T01:52:54.138+0600][7.542s][info][gc,phases      ] GC(26)   Evacuate Collection Set: 1.36ms
[2026-04-03T01:52:54.138+0600][7.542s][info][gc,phases      ] GC(26)   Post Evacuate Collection Set: 0.42ms
[2026-04-03T01:52:54.138+0600][7.542s][info][gc,phases      ] GC(26)   Other: 0.10ms
[2026-04-03T01:52:54.138+0600][7.543s][info][gc,heap        ] GC(26) Eden regions: 51->0(51)
[2026-04-03T01:52:54.138+0600][7.543s][info][gc,heap        ] GC(26) Survivor regions: 1->1(7)
[2026-04-03T01:52:54.138+0600][7.543s][info][gc,heap        ] GC(26) Old regions: 7->7
[2026-04-03T01:52:54.139+0600][7.543s][info][gc,heap        ] GC(26) Humongous regions: 0->0
[2026-04-03T01:52:54.139+0600][7.543s][info][gc,metaspace   ] GC(26) Metaspace: 14028K(14272K)->14028K(14272K) NonClass: 12223K(12352K)->12223K(12352K) Class: 1805K(1920K)->1805K(1920K)
[2026-04-03T01:52:54.139+0600][7.543s][info][gc             ] GC(26) Pause Young (Normal) (G1 Evacuation Pause) 106M->4M(174M) 2.459ms
[2026-04-03T01:52:54.139+0600][7.543s][info][gc,cpu         ] GC(26) User=0.00s Sys=0.00s Real=0.00s
[2026-04-03T01:52:54.301+0600][7.705s][info][gc,start       ] GC(27) Pause Young (Normal) (G1 Evacuation Pause)
[2026-04-03T01:52:54.301+0600][7.705s][info][gc,task        ] GC(27) Using 10 workers of 10 for evacuation
[2026-04-03T01:52:54.302+0600][7.706s][info][gc,phases      ] GC(27)   Pre Evacuate Collection Set: 0.14ms
[2026-04-03T01:52:54.302+0600][7.706s][info][gc,phases      ] GC(27)   Merge Heap Roots: 0.09ms
[2026-04-03T01:52:54.302+0600][7.706s][info][gc,phases      ] GC(27)   Evacuate Collection Set: 0.22ms
[2026-04-03T01:52:54.302+0600][7.706s][info][gc,phases      ] GC(27)   Post Evacuate Collection Set: 0.42ms
[2026-04-03T01:52:54.302+0600][7.706s][info][gc,phases      ] GC(27)   Other: 0.08ms
[2026-04-03T01:52:54.302+0600][7.706s][info][gc,heap        ] GC(27) Eden regions: 51->0(51)
[2026-04-03T01:52:54.302+0600][7.706s][info][gc,heap        ] GC(27) Survivor regions: 1->1(7)
[2026-04-03T01:52:54.302+0600][7.706s][info][gc,heap        ] GC(27) Old regions: 7->7
[2026-04-03T01:52:54.302+0600][7.706s][info][gc,heap        ] GC(27) Humongous regions: 0->0
[2026-04-03T01:52:54.302+0600][7.706s][info][gc,metaspace   ] GC(27) Metaspace: 14029K(14272K)->14029K(14272K) NonClass: 12223K(12352K)->12223K(12352K) Class: 1805K(1920K)->1805K(1920K)
[2026-04-03T01:52:54.302+0600][7.706s][info][gc             ] GC(27) Pause Young (Normal) (G1 Evacuation Pause) 106M->4M(174M) 1.219ms
[2026-04-03T01:52:54.302+0600][7.706s][info][gc,cpu         ] GC(27) User=0.01s Sys=0.00s Real=0.00s
[2026-04-03T01:52:54.456+0600][7.860s][info][gc,start       ] GC(28) Pause Young (Normal) (G1 Evacuation Pause)
[2026-04-03T01:52:54.456+0600][7.860s][info][gc,task        ] GC(28) Using 10 workers of 10 for evacuation
[2026-04-03T01:52:54.458+0600][7.862s][info][gc,phases      ] GC(28)   Pre Evacuate Collection Set: 0.22ms
[2026-04-03T01:52:54.458+0600][7.862s][info][gc,phases      ] GC(28)   Merge Heap Roots: 0.11ms
[2026-04-03T01:52:54.458+0600][7.862s][info][gc,phases      ] GC(28)   Evacuate Collection Set: 0.83ms
[2026-04-03T01:52:54.458+0600][7.862s][info][gc,phases      ] GC(28)   Post Evacuate Collection Set: 0.67ms
[2026-04-03T01:52:54.458+0600][7.862s][info][gc,phases      ] GC(28)   Other: 0.11ms
[2026-04-03T01:52:54.458+0600][7.862s][info][gc,heap        ] GC(28) Eden regions: 51->0(51)
[2026-04-03T01:52:54.458+0600][7.862s][info][gc,heap        ] GC(28) Survivor regions: 1->1(7)
[2026-04-03T01:52:54.458+0600][7.862s][info][gc,heap        ] GC(28) Old regions: 7->7
[2026-04-03T01:52:54.458+0600][7.862s][info][gc,heap        ] GC(28) Humongous regions: 0->0
[2026-04-03T01:52:54.458+0600][7.862s][info][gc,metaspace   ] GC(28) Metaspace: 14037K(14272K)->14037K(14272K) NonClass: 12232K(12352K)->12232K(12352K) Class: 1805K(1920K)->1805K(1920K)
[2026-04-03T01:52:54.458+0600][7.862s][info][gc             ] GC(28) Pause Young (Normal) (G1 Evacuation Pause) 106M->4M(174M) 2.353ms
[2026-04-03T01:52:54.458+0600][7.862s][info][gc,cpu         ] GC(28) User=0.01s Sys=0.00s Real=0.00s
[2026-04-03T01:52:54.632+0600][8.036s][info][gc,start       ] GC(29) Pause Young (Normal) (G1 Evacuation Pause)
[2026-04-03T01:52:54.633+0600][8.037s][info][gc,task        ] GC(29) Using 10 workers of 10 for evacuation
[2026-04-03T01:52:54.634+0600][8.038s][info][gc,phases      ] GC(29)   Pre Evacuate Collection Set: 0.17ms
[2026-04-03T01:52:54.634+0600][8.038s][info][gc,phases      ] GC(29)   Merge Heap Roots: 0.09ms
[2026-04-03T01:52:54.634+0600][8.038s][info][gc,phases      ] GC(29)   Evacuate Collection Set: 0.20ms
[2026-04-03T01:52:54.634+0600][8.038s][info][gc,phases      ] GC(29)   Post Evacuate Collection Set: 0.50ms
[2026-04-03T01:52:54.634+0600][8.038s][info][gc,phases      ] GC(29)   Other: 0.12ms
[2026-04-03T01:52:54.634+0600][8.038s][info][gc,heap        ] GC(29) Eden regions: 51->0(62)
[2026-04-03T01:52:54.634+0600][8.038s][info][gc,heap        ] GC(29) Survivor regions: 1->1(7)
[2026-04-03T01:52:54.634+0600][8.038s][info][gc,heap        ] GC(29) Old regions: 7->7
[2026-04-03T01:52:54.634+0600][8.038s][info][gc,heap        ] GC(29) Humongous regions: 0->0
[2026-04-03T01:52:54.634+0600][8.038s][info][gc,metaspace   ] GC(29) Metaspace: 14040K(14336K)->14040K(14336K) NonClass: 12234K(12416K)->12234K(12416K) Class: 1806K(1920K)->1806K(1920K)
[2026-04-03T01:52:54.634+0600][8.038s][info][gc             ] GC(29) Pause Young (Normal) (G1 Evacuation Pause) 106M->4M(210M) 1.405ms
[2026-04-03T01:52:54.634+0600][8.038s][info][gc,cpu         ] GC(29) User=0.00s Sys=0.00s Real=0.00s
[2026-04-03T01:52:54.832+0600][8.236s][info][gc,start       ] GC(30) Pause Young (Normal) (G1 Evacuation Pause)
[2026-04-03T01:52:54.832+0600][8.236s][info][gc,task        ] GC(30) Using 10 workers of 10 for evacuation
[2026-04-03T01:52:54.833+0600][8.237s][info][gc,phases      ] GC(30)   Pre Evacuate Collection Set: 0.15ms
[2026-04-03T01:52:54.833+0600][8.237s][info][gc,phases      ] GC(30)   Merge Heap Roots: 0.13ms
[2026-04-03T01:52:54.833+0600][8.237s][info][gc,phases      ] GC(30)   Evacuate Collection Set: 0.26ms
[2026-04-03T01:52:54.833+0600][8.237s][info][gc,phases      ] GC(30)   Post Evacuate Collection Set: 0.46ms
[2026-04-03T01:52:54.833+0600][8.237s][info][gc,phases      ] GC(30)   Other: 0.09ms
[2026-04-03T01:52:54.833+0600][8.237s][info][gc,heap        ] GC(30) Eden regions: 62->0(62)
[2026-04-03T01:52:54.833+0600][8.237s][info][gc,heap        ] GC(30) Survivor regions: 1->1(8)
[2026-04-03T01:52:54.833+0600][8.237s][info][gc,heap        ] GC(30) Old regions: 7->7
[2026-04-03T01:52:54.833+0600][8.237s][info][gc,heap        ] GC(30) Humongous regions: 0->0
[2026-04-03T01:52:54.833+0600][8.237s][info][gc,metaspace   ] GC(30) Metaspace: 14040K(14336K)->14040K(14336K) NonClass: 12234K(12416K)->12234K(12416K) Class: 1806K(1920K)->1806K(1920K)
[2026-04-03T01:52:54.833+0600][8.237s][info][gc             ] GC(30) Pause Young (Normal) (G1 Evacuation Pause) 128M->4M(210M) 1.391ms
[2026-04-03T01:52:54.833+0600][8.237s][info][gc,cpu         ] GC(30) User=0.00s Sys=0.00s Real=0.00s
[2026-04-03T01:52:55.023+0600][8.427s][info][gc,start       ] GC(31) Pause Young (Normal) (G1 Evacuation Pause)
[2026-04-03T01:52:55.023+0600][8.427s][info][gc,task        ] GC(31) Using 10 workers of 10 for evacuation
[2026-04-03T01:52:55.024+0600][8.428s][info][gc,phases      ] GC(31)   Pre Evacuate Collection Set: 0.15ms
[2026-04-03T01:52:55.024+0600][8.428s][info][gc,phases      ] GC(31)   Merge Heap Roots: 0.12ms
[2026-04-03T01:52:55.024+0600][8.429s][info][gc,phases      ] GC(31)   Evacuate Collection Set: 0.25ms
[2026-04-03T01:52:55.024+0600][8.429s][info][gc,phases      ] GC(31)   Post Evacuate Collection Set: 0.45ms
[2026-04-03T01:52:55.024+0600][8.429s][info][gc,phases      ] GC(31)   Other: 0.08ms
[2026-04-03T01:52:55.025+0600][8.429s][info][gc,heap        ] GC(31) Eden regions: 62->0(62)
[2026-04-03T01:52:55.025+0600][8.429s][info][gc,heap        ] GC(31) Survivor regions: 1->1(8)
[2026-04-03T01:52:55.025+0600][8.429s][info][gc,heap        ] GC(31) Old regions: 7->7
[2026-04-03T01:52:55.025+0600][8.429s][info][gc,heap        ] GC(31) Humongous regions: 0->0
[2026-04-03T01:52:55.025+0600][8.429s][info][gc,metaspace   ] GC(31) Metaspace: 14040K(14336K)->14040K(14336K) NonClass: 12234K(12416K)->12234K(12416K) Class: 1806K(1920K)->1806K(1920K)
[2026-04-03T01:52:55.025+0600][8.429s][info][gc             ] GC(31) Pause Young (Normal) (G1 Evacuation Pause) 128M->4M(210M) 1.399ms
[2026-04-03T01:52:55.025+0600][8.429s][info][gc,cpu         ] GC(31) User=0.01s Sys=0.00s Real=0.00s
[2026-04-03T01:52:55.214+0600][8.618s][info][gc,start       ] GC(32) Pause Young (Normal) (G1 Evacuation Pause)
[2026-04-03T01:52:55.214+0600][8.618s][info][gc,task        ] GC(32) Using 10 workers of 10 for evacuation
[2026-04-03T01:52:55.215+0600][8.619s][info][gc,phases      ] GC(32)   Pre Evacuate Collection Set: 0.14ms
[2026-04-03T01:52:55.215+0600][8.619s][info][gc,phases      ] GC(32)   Merge Heap Roots: 0.09ms
[2026-04-03T01:52:55.215+0600][8.619s][info][gc,phases      ] GC(32)   Evacuate Collection Set: 0.23ms
[2026-04-03T01:52:55.215+0600][8.619s][info][gc,phases      ] GC(32)   Post Evacuate Collection Set: 0.42ms
[2026-04-03T01:52:55.215+0600][8.619s][info][gc,phases      ] GC(32)   Other: 0.08ms
[2026-04-03T01:52:55.215+0600][8.619s][info][gc,heap        ] GC(32) Eden regions: 62->0(62)
[2026-04-03T01:52:55.215+0600][8.619s][info][gc,heap        ] GC(32) Survivor regions: 1->1(8)
[2026-04-03T01:52:55.215+0600][8.619s][info][gc,heap        ] GC(32) Old regions: 7->7
[2026-04-03T01:52:55.215+0600][8.619s][info][gc,heap        ] GC(32) Humongous regions: 0->0
[2026-04-03T01:52:55.215+0600][8.619s][info][gc,metaspace   ] GC(32) Metaspace: 14040K(14336K)->14040K(14336K) NonClass: 12234K(12416K)->12234K(12416K) Class: 1806K(1920K)->1806K(1920K)
[2026-04-03T01:52:55.215+0600][8.619s][info][gc             ] GC(32) Pause Young (Normal) (G1 Evacuation Pause) 128M->4M(210M) 1.208ms
[2026-04-03T01:52:55.215+0600][8.619s][info][gc,cpu         ] GC(32) User=0.01s Sys=0.00s Real=0.00s
[2026-04-03T01:52:55.406+0600][8.810s][info][gc,start       ] GC(33) Pause Young (Normal) (G1 Evacuation Pause)
[2026-04-03T01:52:55.406+0600][8.810s][info][gc,task        ] GC(33) Using 10 workers of 10 for evacuation
[2026-04-03T01:52:55.407+0600][8.811s][info][gc,phases      ] GC(33)   Pre Evacuate Collection Set: 0.15ms
[2026-04-03T01:52:55.407+0600][8.811s][info][gc,phases      ] GC(33)   Merge Heap Roots: 0.10ms
[2026-04-03T01:52:55.407+0600][8.811s][info][gc,phases      ] GC(33)   Evacuate Collection Set: 0.23ms
[2026-04-03T01:52:55.407+0600][8.811s][info][gc,phases      ] GC(33)   Post Evacuate Collection Set: 0.40ms
[2026-04-03T01:52:55.407+0600][8.811s][info][gc,phases      ] GC(33)   Other: 0.08ms
[2026-04-03T01:52:55.407+0600][8.811s][info][gc,heap        ] GC(33) Eden regions: 62->0(62)
[2026-04-03T01:52:55.407+0600][8.811s][info][gc,heap        ] GC(33) Survivor regions: 1->1(8)
[2026-04-03T01:52:55.407+0600][8.811s][info][gc,heap        ] GC(33) Old regions: 7->7
[2026-04-03T01:52:55.407+0600][8.811s][info][gc,heap        ] GC(33) Humongous regions: 0->0
[2026-04-03T01:52:55.407+0600][8.811s][info][gc,metaspace   ] GC(33) Metaspace: 14040K(14336K)->14040K(14336K) NonClass: 12234K(12416K)->12234K(12416K) Class: 1806K(1920K)->1806K(1920K)
[2026-04-03T01:52:55.407+0600][8.811s][info][gc             ] GC(33) Pause Young (Normal) (G1 Evacuation Pause) 128M->4M(210M) 1.205ms
[2026-04-03T01:52:55.407+0600][8.811s][info][gc,cpu         ] GC(33) User=0.00s Sys=0.01s Real=0.00s
[2026-04-03T01:52:55.601+0600][9.005s][info][gc,start       ] GC(34) Pause Young (Normal) (G1 Evacuation Pause)
[2026-04-03T01:52:55.601+0600][9.005s][info][gc,task        ] GC(34) Using 10 workers of 10 for evacuation
[2026-04-03T01:52:55.602+0600][9.006s][info][gc,phases      ] GC(34)   Pre Evacuate Collection Set: 0.17ms
[2026-04-03T01:52:55.602+0600][9.006s][info][gc,phases      ] GC(34)   Merge Heap Roots: 0.13ms
[2026-04-03T01:52:55.602+0600][9.006s][info][gc,phases      ] GC(34)   Evacuate Collection Set: 0.24ms
[2026-04-03T01:52:55.602+0600][9.006s][info][gc,phases      ] GC(34)   Post Evacuate Collection Set: 0.33ms
[2026-04-03T01:52:55.602+0600][9.006s][info][gc,phases      ] GC(34)   Other: 0.10ms
[2026-04-03T01:52:55.602+0600][9.006s][info][gc,heap        ] GC(34) Eden regions: 62->0(62)
[2026-04-03T01:52:55.602+0600][9.006s][info][gc,heap        ] GC(34) Survivor regions: 1->1(8)
[2026-04-03T01:52:55.602+0600][9.006s][info][gc,heap        ] GC(34) Old regions: 7->7
[2026-04-03T01:52:55.602+0600][9.006s][info][gc,heap        ] GC(34) Humongous regions: 0->0
[2026-04-03T01:52:55.602+0600][9.006s][info][gc,metaspace   ] GC(34) Metaspace: 14040K(14336K)->14040K(14336K) NonClass: 12234K(12416K)->12234K(12416K) Class: 1806K(1920K)->1806K(1920K)
[2026-04-03T01:52:55.603+0600][9.007s][info][gc             ] GC(34) Pause Young (Normal) (G1 Evacuation Pause) 128M->4M(210M) 1.352ms
[2026-04-03T01:52:55.603+0600][9.007s][info][gc,cpu         ] GC(34) User=0.00s Sys=0.00s Real=0.00s
[2026-04-03T01:52:55.799+0600][9.203s][info][gc,start       ] GC(35) Pause Young (Normal) (G1 Evacuation Pause)
[2026-04-03T01:52:55.799+0600][9.203s][info][gc,task        ] GC(35) Using 10 workers of 10 for evacuation
[2026-04-03T01:52:55.800+0600][9.204s][info][gc,phases      ] GC(35)   Pre Evacuate Collection Set: 0.16ms
[2026-04-03T01:52:55.800+0600][9.204s][info][gc,phases      ] GC(35)   Merge Heap Roots: 0.10ms
[2026-04-03T01:52:55.800+0600][9.204s][info][gc,phases      ] GC(35)   Evacuate Collection Set: 0.25ms
[2026-04-03T01:52:55.800+0600][9.204s][info][gc,phases      ] GC(35)   Post Evacuate Collection Set: 0.42ms
[2026-04-03T01:52:55.800+0600][9.204s][info][gc,phases      ] GC(35)   Other: 0.08ms
[2026-04-03T01:52:55.800+0600][9.204s][info][gc,heap        ] GC(35) Eden regions: 62->0(62)
[2026-04-03T01:52:55.800+0600][9.204s][info][gc,heap        ] GC(35) Survivor regions: 1->1(8)
[2026-04-03T01:52:55.800+0600][9.204s][info][gc,heap        ] GC(35) Old regions: 7->7
[2026-04-03T01:52:55.800+0600][9.204s][info][gc,heap        ] GC(35) Humongous regions: 0->0
[2026-04-03T01:52:55.800+0600][9.204s][info][gc,metaspace   ] GC(35) Metaspace: 14040K(14336K)->14040K(14336K) NonClass: 12234K(12416K)->12234K(12416K) Class: 1806K(1920K)->1806K(1920K)
[2026-04-03T01:52:55.800+0600][9.204s][info][gc             ] GC(35) Pause Young (Normal) (G1 Evacuation Pause) 128M->4M(210M) 1.286ms
[2026-04-03T01:52:55.800+0600][9.204s][info][gc,cpu         ] GC(35) User=0.01s Sys=0.00s Real=0.01s
[2026-04-03T01:52:56.004+0600][9.408s][info][gc,start       ] GC(36) Pause Young (Normal) (G1 Evacuation Pause)
[2026-04-03T01:52:56.004+0600][9.408s][info][gc,task        ] GC(36) Using 10 workers of 10 for evacuation
[2026-04-03T01:52:56.005+0600][9.409s][info][gc,phases      ] GC(36)   Pre Evacuate Collection Set: 0.14ms
[2026-04-03T01:52:56.005+0600][9.409s][info][gc,phases      ] GC(36)   Merge Heap Roots: 0.09ms
[2026-04-03T01:52:56.005+0600][9.409s][info][gc,phases      ] GC(36)   Evacuate Collection Set: 0.25ms
[2026-04-03T01:52:56.005+0600][9.409s][info][gc,phases      ] GC(36)   Post Evacuate Collection Set: 0.44ms
[2026-04-03T01:52:56.005+0600][9.409s][info][gc,phases      ] GC(36)   Other: 0.08ms
[2026-04-03T01:52:56.005+0600][9.409s][info][gc,heap        ] GC(36) Eden regions: 62->0(62)
[2026-04-03T01:52:56.005+0600][9.409s][info][gc,heap        ] GC(36) Survivor regions: 1->1(8)
[2026-04-03T01:52:56.005+0600][9.409s][info][gc,heap        ] GC(36) Old regions: 7->7
[2026-04-03T01:52:56.005+0600][9.409s][info][gc,heap        ] GC(36) Humongous regions: 0->0
[2026-04-03T01:52:56.005+0600][9.409s][info][gc,metaspace   ] GC(36) Metaspace: 14043K(14336K)->14043K(14336K) NonClass: 12236K(12416K)->12236K(12416K) Class: 1806K(1920K)->1806K(1920K)
[2026-04-03T01:52:56.005+0600][9.409s][info][gc             ] GC(36) Pause Young (Normal) (G1 Evacuation Pause) 128M->4M(210M) 1.280ms
[2026-04-03T01:52:56.005+0600][9.409s][info][gc,cpu         ] GC(36) User=0.00s Sys=0.00s Real=0.00s
[2026-04-03T01:52:56.196+0600][9.600s][info][gc,start       ] GC(37) Pause Young (Normal) (G1 Evacuation Pause)
[2026-04-03T01:52:56.196+0600][9.600s][info][gc,task        ] GC(37) Using 10 workers of 10 for evacuation
[2026-04-03T01:52:56.197+0600][9.601s][info][gc,phases      ] GC(37)   Pre Evacuate Collection Set: 0.18ms
[2026-04-03T01:52:56.197+0600][9.601s][info][gc,phases      ] GC(37)   Merge Heap Roots: 0.11ms
[2026-04-03T01:52:56.197+0600][9.601s][info][gc,phases      ] GC(37)   Evacuate Collection Set: 0.26ms
[2026-04-03T01:52:56.197+0600][9.601s][info][gc,phases      ] GC(37)   Post Evacuate Collection Set: 0.46ms
[2026-04-03T01:52:56.197+0600][9.601s][info][gc,phases      ] GC(37)   Other: 0.18ms
[2026-04-03T01:52:56.197+0600][9.601s][info][gc,heap        ] GC(37) Eden regions: 62->0(62)
[2026-04-03T01:52:56.197+0600][9.601s][info][gc,heap        ] GC(37) Survivor regions: 1->1(8)
[2026-04-03T01:52:56.197+0600][9.601s][info][gc,heap        ] GC(37) Old regions: 7->7
[2026-04-03T01:52:56.197+0600][9.601s][info][gc,heap        ] GC(37) Humongous regions: 0->0
[2026-04-03T01:52:56.197+0600][9.601s][info][gc,metaspace   ] GC(37) Metaspace: 14043K(14336K)->14043K(14336K) NonClass: 12236K(12416K)->12236K(12416K) Class: 1806K(1920K)->1806K(1920K)
[2026-04-03T01:52:56.197+0600][9.601s][info][gc             ] GC(37) Pause Young (Normal) (G1 Evacuation Pause) 128M->4M(210M) 1.559ms
[2026-04-03T01:52:56.197+0600][9.601s][info][gc,cpu         ] GC(37) User=0.00s Sys=0.00s Real=0.00s
[2026-04-03T01:52:56.393+0600][9.797s][info][gc,start       ] GC(38) Pause Young (Normal) (G1 Evacuation Pause)
[2026-04-03T01:52:56.393+0600][9.797s][info][gc,task        ] GC(38) Using 10 workers of 10 for evacuation
[2026-04-03T01:52:56.394+0600][9.799s][info][gc,phases      ] GC(38)   Pre Evacuate Collection Set: 0.18ms
[2026-04-03T01:52:56.395+0600][9.799s][info][gc,phases      ] GC(38)   Merge Heap Roots: 0.11ms
[2026-04-03T01:52:56.395+0600][9.799s][info][gc,phases      ] GC(38)   Evacuate Collection Set: 0.24ms
[2026-04-03T01:52:56.395+0600][9.799s][info][gc,phases      ] GC(38)   Post Evacuate Collection Set: 0.50ms
[2026-04-03T01:52:56.395+0600][9.799s][info][gc,phases      ] GC(38)   Other: 0.10ms
[2026-04-03T01:52:56.395+0600][9.799s][info][gc,heap        ] GC(38) Eden regions: 62->0(62)
[2026-04-03T01:52:56.395+0600][9.799s][info][gc,heap        ] GC(38) Survivor regions: 1->1(8)
[2026-04-03T01:52:56.395+0600][9.799s][info][gc,heap        ] GC(38) Old regions: 7->7
[2026-04-03T01:52:56.395+0600][9.799s][info][gc,heap        ] GC(38) Humongous regions: 0->0
[2026-04-03T01:52:56.395+0600][9.799s][info][gc,metaspace   ] GC(38) Metaspace: 14043K(14336K)->14043K(14336K) NonClass: 12236K(12416K)->12236K(12416K) Class: 1806K(1920K)->1806K(1920K)
[2026-04-03T01:52:56.395+0600][9.799s][info][gc             ] GC(38) Pause Young (Normal) (G1 Evacuation Pause) 128M->4M(210M) 1.463ms
[2026-04-03T01:52:56.395+0600][9.799s][info][gc,cpu         ] GC(38) User=0.01s Sys=0.00s Real=0.00s
[2026-04-03T01:52:56.574+0600][9.978s][info][gc,start       ] GC(39) Pause Young (Normal) (G1 Evacuation Pause)
[2026-04-03T01:52:56.574+0600][9.978s][info][gc,task        ] GC(39) Using 10 workers of 10 for evacuation
[2026-04-03T01:52:56.575+0600][9.979s][info][gc,phases      ] GC(39)   Pre Evacuate Collection Set: 0.18ms
[2026-04-03T01:52:56.575+0600][9.979s][info][gc,phases      ] GC(39)   Merge Heap Roots: 0.11ms
[2026-04-03T01:52:56.575+0600][9.979s][info][gc,phases      ] GC(39)   Evacuate Collection Set: 0.24ms
[2026-04-03T01:52:56.575+0600][9.979s][info][gc,phases      ] GC(39)   Post Evacuate Collection Set: 0.49ms
[2026-04-03T01:52:56.575+0600][9.979s][info][gc,phases      ] GC(39)   Other: 0.12ms
[2026-04-03T01:52:56.575+0600][9.979s][info][gc,heap        ] GC(39) Eden regions: 62->0(62)
[2026-04-03T01:52:56.575+0600][9.979s][info][gc,heap        ] GC(39) Survivor regions: 1->1(8)
[2026-04-03T01:52:56.575+0600][9.979s][info][gc,heap        ] GC(39) Old regions: 7->7
[2026-04-03T01:52:56.575+0600][9.979s][info][gc,heap        ] GC(39) Humongous regions: 0->0
[2026-04-03T01:52:56.575+0600][9.979s][info][gc,metaspace   ] GC(39) Metaspace: 14043K(14336K)->14043K(14336K) NonClass: 12237K(12416K)->12237K(12416K) Class: 1806K(1920K)->1806K(1920K)
[2026-04-03T01:52:56.575+0600][9.979s][info][gc             ] GC(39) Pause Young (Normal) (G1 Evacuation Pause) 128M->4M(210M) 1.508ms
[2026-04-03T01:52:56.575+0600][9.979s][info][gc,cpu         ] GC(39) User=0.00s Sys=0.00s Real=0.00s
[2026-04-03T01:52:56.772+0600][10.176s][info][gc,start       ] GC(40) Pause Young (Normal) (G1 Evacuation Pause)
[2026-04-03T01:52:56.772+0600][10.176s][info][gc,task        ] GC(40) Using 10 workers of 10 for evacuation
[2026-04-03T01:52:56.773+0600][10.178s][info][gc,phases      ] GC(40)   Pre Evacuate Collection Set: 0.14ms
[2026-04-03T01:52:56.773+0600][10.178s][info][gc,phases      ] GC(40)   Merge Heap Roots: 0.08ms
[2026-04-03T01:52:56.773+0600][10.178s][info][gc,phases      ] GC(40)   Evacuate Collection Set: 0.91ms
[2026-04-03T01:52:56.774+0600][10.178s][info][gc,phases      ] GC(40)   Post Evacuate Collection Set: 0.40ms
[2026-04-03T01:52:56.774+0600][10.178s][info][gc,phases      ] GC(40)   Other: 0.08ms
[2026-04-03T01:52:56.774+0600][10.178s][info][gc,heap        ] GC(40) Eden regions: 62->0(62)
[2026-04-03T01:52:56.774+0600][10.178s][info][gc,heap        ] GC(40) Survivor regions: 1->1(8)
[2026-04-03T01:52:56.774+0600][10.178s][info][gc,heap        ] GC(40) Old regions: 7->7
[2026-04-03T01:52:56.774+0600][10.178s][info][gc,heap        ] GC(40) Humongous regions: 0->0
[2026-04-03T01:52:56.774+0600][10.178s][info][gc,metaspace   ] GC(40) Metaspace: 14043K(14336K)->14043K(14336K) NonClass: 12237K(12416K)->12237K(12416K) Class: 1806K(1920K)->1806K(1920K)
[2026-04-03T01:52:56.774+0600][10.178s][info][gc             ] GC(40) Pause Young (Normal) (G1 Evacuation Pause) 128M->4M(210M) 1.849ms
[2026-04-03T01:52:56.774+0600][10.178s][info][gc,cpu         ] GC(40) User=0.01s Sys=0.00s Real=0.00s
[2026-04-03T01:52:56.963+0600][10.367s][info][gc,start       ] GC(41) Pause Young (Normal) (G1 Evacuation Pause)
[2026-04-03T01:52:56.963+0600][10.367s][info][gc,task        ] GC(41) Using 10 workers of 10 for evacuation
[2026-04-03T01:52:56.964+0600][10.368s][info][gc,phases      ] GC(41)   Pre Evacuate Collection Set: 0.14ms
[2026-04-03T01:52:56.964+0600][10.368s][info][gc,phases      ] GC(41)   Merge Heap Roots: 0.10ms
[2026-04-03T01:52:56.964+0600][10.368s][info][gc,phases      ] GC(41)   Evacuate Collection Set: 0.22ms
[2026-04-03T01:52:56.964+0600][10.368s][info][gc,phases      ] GC(41)   Post Evacuate Collection Set: 0.49ms
[2026-04-03T01:52:56.964+0600][10.368s][info][gc,phases      ] GC(41)   Other: 0.09ms
[2026-04-03T01:52:56.964+0600][10.368s][info][gc,heap        ] GC(41) Eden regions: 62->0(62)
[2026-04-03T01:52:56.964+0600][10.368s][info][gc,heap        ] GC(41) Survivor regions: 1->1(8)
[2026-04-03T01:52:56.964+0600][10.368s][info][gc,heap        ] GC(41) Old regions: 7->7
[2026-04-03T01:52:56.964+0600][10.368s][info][gc,heap        ] GC(41) Humongous regions: 0->0
[2026-04-03T01:52:56.964+0600][10.368s][info][gc,metaspace   ] GC(41) Metaspace: 14043K(14336K)->14043K(14336K) NonClass: 12237K(12416K)->12237K(12416K) Class: 1806K(1920K)->1806K(1920K)
[2026-04-03T01:52:56.964+0600][10.368s][info][gc             ] GC(41) Pause Young (Normal) (G1 Evacuation Pause) 128M->4M(210M) 1.301ms
[2026-04-03T01:52:56.964+0600][10.368s][info][gc,cpu         ] GC(41) User=0.00s Sys=0.00s Real=0.00s
[2026-04-03T01:52:57.150+0600][10.554s][info][gc,start       ] GC(42) Pause Young (Normal) (G1 Evacuation Pause)
[2026-04-03T01:52:57.150+0600][10.554s][info][gc,task        ] GC(42) Using 10 workers of 10 for evacuation
[2026-04-03T01:52:57.151+0600][10.555s][info][gc,phases      ] GC(42)   Pre Evacuate Collection Set: 0.18ms
[2026-04-03T01:52:57.152+0600][10.556s][info][gc,phases      ] GC(42)   Merge Heap Roots: 0.11ms
[2026-04-03T01:52:57.152+0600][10.556s][info][gc,phases      ] GC(42)   Evacuate Collection Set: 0.29ms
[2026-04-03T01:52:57.152+0600][10.556s][info][gc,phases      ] GC(42)   Post Evacuate Collection Set: 0.54ms
[2026-04-03T01:52:57.152+0600][10.556s][info][gc,phases      ] GC(42)   Other: 0.15ms
[2026-04-03T01:52:57.152+0600][10.556s][info][gc,heap        ] GC(42) Eden regions: 62->0(62)
[2026-04-03T01:52:57.152+0600][10.556s][info][gc,heap        ] GC(42) Survivor regions: 1->1(8)
[2026-04-03T01:52:57.152+0600][10.556s][info][gc,heap        ] GC(42) Old regions: 7->7
[2026-04-03T01:52:57.152+0600][10.556s][info][gc,heap        ] GC(42) Humongous regions: 0->0
[2026-04-03T01:52:57.152+0600][10.556s][info][gc,metaspace   ] GC(42) Metaspace: 14043K(14336K)->14043K(14336K) NonClass: 12237K(12416K)->12237K(12416K) Class: 1806K(1920K)->1806K(1920K)
[2026-04-03T01:52:57.152+0600][10.556s][info][gc             ] GC(42) Pause Young (Normal) (G1 Evacuation Pause) 128M->4M(210M) 1.650ms
[2026-04-03T01:52:57.152+0600][10.556s][info][gc,cpu         ] GC(42) User=0.01s Sys=0.00s Real=0.00s
[2026-04-03T01:52:57.343+0600][10.747s][info][gc,start       ] GC(43) Pause Young (Normal) (G1 Evacuation Pause)
[2026-04-03T01:52:57.343+0600][10.747s][info][gc,task        ] GC(43) Using 10 workers of 10 for evacuation
[2026-04-03T01:52:57.345+0600][10.749s][info][gc,phases      ] GC(43)   Pre Evacuate Collection Set: 0.28ms
[2026-04-03T01:52:57.345+0600][10.749s][info][gc,phases      ] GC(43)   Merge Heap Roots: 0.16ms
[2026-04-03T01:52:57.345+0600][10.749s][info][gc,phases      ] GC(43)   Evacuate Collection Set: 0.27ms
[2026-04-03T01:52:57.345+0600][10.749s][info][gc,phases      ] GC(43)   Post Evacuate Collection Set: 0.60ms
[2026-04-03T01:52:57.345+0600][10.749s][info][gc,phases      ] GC(43)   Other: 0.11ms
[2026-04-03T01:52:57.345+0600][10.749s][info][gc,heap        ] GC(43) Eden regions: 62->0(62)
[2026-04-03T01:52:57.345+0600][10.749s][info][gc,heap        ] GC(43) Survivor regions: 1->1(8)
[2026-04-03T01:52:57.345+0600][10.749s][info][gc,heap        ] GC(43) Old regions: 7->7
[2026-04-03T01:52:57.345+0600][10.749s][info][gc,heap        ] GC(43) Humongous regions: 0->0
[2026-04-03T01:52:57.345+0600][10.749s][info][gc,metaspace   ] GC(43) Metaspace: 14049K(14336K)->14049K(14336K) NonClass: 12242K(12416K)->12242K(12416K) Class: 1806K(1920K)->1806K(1920K)
[2026-04-03T01:52:57.345+0600][10.749s][info][gc             ] GC(43) Pause Young (Normal) (G1 Evacuation Pause) 128M->4M(210M) 2.561ms
[2026-04-03T01:52:57.345+0600][10.749s][info][gc,cpu         ] GC(43) User=0.01s Sys=0.00s Real=0.00s
[2026-04-03T01:52:57.542+0600][10.946s][info][gc,start       ] GC(44) Pause Young (Normal) (G1 Evacuation Pause)
[2026-04-03T01:52:57.542+0600][10.946s][info][gc,task        ] GC(44) Using 10 workers of 10 for evacuation
[2026-04-03T01:52:57.544+0600][10.948s][info][gc,phases      ] GC(44)   Pre Evacuate Collection Set: 0.22ms
[2026-04-03T01:52:57.544+0600][10.948s][info][gc,phases      ] GC(44)   Merge Heap Roots: 0.15ms
[2026-04-03T01:52:57.544+0600][10.948s][info][gc,phases      ] GC(44)   Evacuate Collection Set: 0.23ms
[2026-04-03T01:52:57.544+0600][10.948s][info][gc,phases      ] GC(44)   Post Evacuate Collection Set: 0.51ms
[2026-04-03T01:52:57.544+0600][10.948s][info][gc,phases      ] GC(44)   Other: 0.10ms
[2026-04-03T01:52:57.544+0600][10.948s][info][gc,heap        ] GC(44) Eden regions: 62->0(62)
[2026-04-03T01:52:57.544+0600][10.948s][info][gc,heap        ] GC(44) Survivor regions: 1->1(8)
[2026-04-03T01:52:57.544+0600][10.948s][info][gc,heap        ] GC(44) Old regions: 7->7
[2026-04-03T01:52:57.544+0600][10.948s][info][gc,heap        ] GC(44) Humongous regions: 0->0
[2026-04-03T01:52:57.544+0600][10.948s][info][gc,metaspace   ] GC(44) Metaspace: 14049K(14336K)->14049K(14336K) NonClass: 12242K(12416K)->12242K(12416K) Class: 1806K(1920K)->1806K(1920K)
[2026-04-03T01:52:57.544+0600][10.948s][info][gc             ] GC(44) Pause Young (Normal) (G1 Evacuation Pause) 128M->4M(210M) 1.575ms
[2026-04-03T01:52:57.544+0600][10.948s][info][gc,cpu         ] GC(44) User=0.01s Sys=0.00s Real=0.00s
[2026-04-03T01:52:57.744+0600][11.148s][info][gc,start       ] GC(45) Pause Young (Normal) (G1 Evacuation Pause)
[2026-04-03T01:52:57.744+0600][11.148s][info][gc,task        ] GC(45) Using 10 workers of 10 for evacuation
[2026-04-03T01:52:57.745+0600][11.149s][info][gc,phases      ] GC(45)   Pre Evacuate Collection Set: 0.23ms
[2026-04-03T01:52:57.745+0600][11.149s][info][gc,phases      ] GC(45)   Merge Heap Roots: 0.11ms
[2026-04-03T01:52:57.745+0600][11.149s][info][gc,phases      ] GC(45)   Evacuate Collection Set: 0.25ms
[2026-04-03T01:52:57.745+0600][11.149s][info][gc,phases      ] GC(45)   Post Evacuate Collection Set: 0.44ms
[2026-04-03T01:52:57.745+0600][11.149s][info][gc,phases      ] GC(45)   Other: 0.15ms
[2026-04-03T01:52:57.745+0600][11.149s][info][gc,heap        ] GC(45) Eden regions: 62->0(62)
[2026-04-03T01:52:57.745+0600][11.149s][info][gc,heap        ] GC(45) Survivor regions: 1->1(8)
[2026-04-03T01:52:57.745+0600][11.149s][info][gc,heap        ] GC(45) Old regions: 7->7
[2026-04-03T01:52:57.745+0600][11.149s][info][gc,heap        ] GC(45) Humongous regions: 0->0
[2026-04-03T01:52:57.745+0600][11.149s][info][gc,metaspace   ] GC(45) Metaspace: 14049K(14336K)->14049K(14336K) NonClass: 12242K(12416K)->12242K(12416K) Class: 1806K(1920K)->1806K(1920K)
[2026-04-03T01:52:57.745+0600][11.150s][info][gc             ] GC(45) Pause Young (Normal) (G1 Evacuation Pause) 128M->4M(210M) 1.578ms
[2026-04-03T01:52:57.746+0600][11.150s][info][gc,cpu         ] GC(45) User=0.00s Sys=0.00s Real=0.00s
[2026-04-03T01:52:57.953+0600][11.357s][info][gc,start       ] GC(46) Pause Young (Normal) (G1 Evacuation Pause)
[2026-04-03T01:52:57.953+0600][11.357s][info][gc,task        ] GC(46) Using 10 workers of 10 for evacuation
[2026-04-03T01:52:57.954+0600][11.358s][info][gc,phases      ] GC(46)   Pre Evacuate Collection Set: 0.16ms
[2026-04-03T01:52:57.954+0600][11.358s][info][gc,phases      ] GC(46)   Merge Heap Roots: 0.11ms
[2026-04-03T01:52:57.954+0600][11.358s][info][gc,phases      ] GC(46)   Evacuate Collection Set: 0.22ms
[2026-04-03T01:52:57.954+0600][11.358s][info][gc,phases      ] GC(46)   Post Evacuate Collection Set: 0.46ms
[2026-04-03T01:52:57.954+0600][11.358s][info][gc,phases      ] GC(46)   Other: 0.11ms
[2026-04-03T01:52:57.954+0600][11.358s][info][gc,heap        ] GC(46) Eden regions: 62->0(62)
[2026-04-03T01:52:57.954+0600][11.358s][info][gc,heap        ] GC(46) Survivor regions: 1->1(8)
[2026-04-03T01:52:57.954+0600][11.358s][info][gc,heap        ] GC(46) Old regions: 7->7
[2026-04-03T01:52:57.954+0600][11.358s][info][gc,heap        ] GC(46) Humongous regions: 0->0
[2026-04-03T01:52:57.954+0600][11.359s][info][gc,metaspace   ] GC(46) Metaspace: 14049K(14336K)->14049K(14336K) NonClass: 12242K(12416K)->12242K(12416K) Class: 1806K(1920K)->1806K(1920K)
[2026-04-03T01:52:57.954+0600][11.359s][info][gc             ] GC(46) Pause Young (Normal) (G1 Evacuation Pause) 128M->4M(210M) 1.350ms
[2026-04-03T01:52:57.955+0600][11.359s][info][gc,cpu         ] GC(46) User=0.01s Sys=0.00s Real=0.00s
[2026-04-03T01:52:58.185+0600][11.589s][info][gc,start       ] GC(47) Pause Young (Normal) (G1 Evacuation Pause)
[2026-04-03T01:52:58.186+0600][11.590s][info][gc,task        ] GC(47) Using 10 workers of 10 for evacuation
[2026-04-03T01:52:58.186+0600][11.590s][info][gc,phases      ] GC(47)   Pre Evacuate Collection Set: 0.15ms
[2026-04-03T01:52:58.186+0600][11.591s][info][gc,phases      ] GC(47)   Merge Heap Roots: 0.10ms
[2026-04-03T01:52:58.187+0600][11.591s][info][gc,phases      ] GC(47)   Evacuate Collection Set: 0.31ms
[2026-04-03T01:52:58.187+0600][11.591s][info][gc,phases      ] GC(47)   Post Evacuate Collection Set: 0.30ms
[2026-04-03T01:52:58.187+0600][11.591s][info][gc,phases      ] GC(47)   Other: 0.08ms
[2026-04-03T01:52:58.187+0600][11.591s][info][gc,heap        ] GC(47) Eden regions: 62->0(62)
[2026-04-03T01:52:58.187+0600][11.591s][info][gc,heap        ] GC(47) Survivor regions: 1->1(8)
[2026-04-03T01:52:58.187+0600][11.591s][info][gc,heap        ] GC(47) Old regions: 7->7
[2026-04-03T01:52:58.187+0600][11.591s][info][gc,heap        ] GC(47) Humongous regions: 0->0
[2026-04-03T01:52:58.187+0600][11.591s][info][gc,metaspace   ] GC(47) Metaspace: 14049K(14336K)->14049K(14336K) NonClass: 12242K(12416K)->12242K(12416K) Class: 1806K(1920K)->1806K(1920K)
[2026-04-03T01:52:58.187+0600][11.591s][info][gc             ] GC(47) Pause Young (Normal) (G1 Evacuation Pause) 128M->4M(210M) 1.221ms
[2026-04-03T01:52:58.187+0600][11.591s][info][gc,cpu         ] GC(47) User=0.00s Sys=0.00s Real=0.00s
[2026-04-03T01:52:58.506+0600][11.910s][info][gc,start       ] GC(48) Pause Young (Normal) (G1 Evacuation Pause)
[2026-04-03T01:52:58.506+0600][11.910s][info][gc,task        ] GC(48) Using 9 workers of 10 for evacuation
[2026-04-03T01:52:58.507+0600][11.912s][info][gc,phases      ] GC(48)   Pre Evacuate Collection Set: 0.16ms
[2026-04-03T01:52:58.508+0600][11.912s][info][gc,phases      ] GC(48)   Merge Heap Roots: 0.14ms
[2026-04-03T01:52:58.508+0600][11.912s][info][gc,phases      ] GC(48)   Evacuate Collection Set: 0.16ms
[2026-04-03T01:52:58.508+0600][11.912s][info][gc,phases      ] GC(48)   Post Evacuate Collection Set: 0.82ms
[2026-04-03T01:52:58.508+0600][11.912s][info][gc,phases      ] GC(48)   Other: 0.22ms
[2026-04-03T01:52:58.508+0600][11.912s][info][gc,heap        ] GC(48) Eden regions: 62->0(62)
[2026-04-03T01:52:58.508+0600][11.912s][info][gc,heap        ] GC(48) Survivor regions: 1->1(8)
[2026-04-03T01:52:58.508+0600][11.912s][info][gc,heap        ] GC(48) Old regions: 7->7
[2026-04-03T01:52:58.508+0600][11.912s][info][gc,heap        ] GC(48) Humongous regions: 0->0
[2026-04-03T01:52:58.508+0600][11.912s][info][gc,metaspace   ] GC(48) Metaspace: 14049K(14336K)->14049K(14336K) NonClass: 12243K(12416K)->12243K(12416K) Class: 1806K(1920K)->1806K(1920K)
[2026-04-03T01:52:58.508+0600][11.912s][info][gc             ] GC(48) Pause Young (Normal) (G1 Evacuation Pause) 128M->4M(210M) 1.809ms
[2026-04-03T01:52:58.508+0600][11.912s][info][gc,cpu         ] GC(48) User=0.01s Sys=0.00s Real=0.00s
[2026-04-03T01:52:58.561+0600][11.966s][info][gc,start       ] GC(49) Pause Full (System.gc())
[2026-04-03T01:52:58.562+0600][11.966s][info][gc,task        ] GC(49) Using 7 workers of 10 for full compaction
[2026-04-03T01:52:58.562+0600][11.966s][info][gc,phases,start] GC(49) Phase 1: Mark live objects
[2026-04-03T01:52:58.569+0600][11.973s][info][gc,phases      ] GC(49) Phase 1: Mark live objects 6.777ms
[2026-04-03T01:52:58.569+0600][11.973s][info][gc,phases,start] GC(49) Phase 2: Prepare compaction
[2026-04-03T01:52:58.570+0600][11.974s][info][gc,phases      ] GC(49) Phase 2: Prepare compaction 0.811ms
[2026-04-03T01:52:58.570+0600][11.974s][info][gc,phases,start] GC(49) Phase 3: Adjust pointers
[2026-04-03T01:52:58.574+0600][11.978s][info][gc,phases      ] GC(49) Phase 3: Adjust pointers 4.461ms
[2026-04-03T01:52:58.574+0600][11.978s][info][gc,phases,start] GC(49) Phase 4: Compact heap
[2026-04-03T01:52:58.576+0600][11.980s][info][gc,phases      ] GC(49) Phase 4: Compact heap 1.935ms
[2026-04-03T01:52:58.576+0600][11.980s][info][gc,phases,start] GC(49) Phase 5: Reset Metadata
[2026-04-03T01:52:58.577+0600][11.981s][info][gc,phases      ] GC(49) Phase 5: Reset Metadata 1.147ms
[2026-04-03T01:52:58.581+0600][11.985s][info][gc,heap        ] GC(49) Eden regions: 7->0(16)
[2026-04-03T01:52:58.581+0600][11.985s][info][gc,heap        ] GC(49) Survivor regions: 1->0(8)
[2026-04-03T01:52:58.581+0600][11.985s][info][gc,heap        ] GC(49) Old regions: 7->8
[2026-04-03T01:52:58.581+0600][11.985s][info][gc,heap        ] GC(49) Humongous regions: 0->0
[2026-04-03T01:52:58.581+0600][11.985s][info][gc,metaspace   ] GC(49) Metaspace: 14225K(14464K)->14212K(14464K) NonClass: 12402K(12544K)->12393K(12544K) Class: 1823K(1920K)->1819K(1920K)
[2026-04-03T01:52:58.581+0600][11.985s][info][gc             ] GC(49) Pause Full (System.gc()) 18M->4M(54M) 19.507ms
[2026-04-03T01:52:58.581+0600][11.985s][info][gc,cpu         ] GC(49) User=0.07s Sys=0.01s Real=0.02s
[2026-04-03T01:52:58.709+0600][12.113s][info][gc,start       ] GC(50) Pause Young (Normal) (G1 Evacuation Pause)
[2026-04-03T01:52:58.709+0600][12.113s][info][gc,task        ] GC(50) Using 10 workers of 10 for evacuation
[2026-04-03T01:52:58.711+0600][12.115s][info][gc,phases      ] GC(50)   Pre Evacuate Collection Set: 0.28ms
[2026-04-03T01:52:58.711+0600][12.115s][info][gc,phases      ] GC(50)   Merge Heap Roots: 0.12ms
[2026-04-03T01:52:58.711+0600][12.115s][info][gc,phases      ] GC(50)   Evacuate Collection Set: 0.48ms
[2026-04-03T01:52:58.711+0600][12.115s][info][gc,phases      ] GC(50)   Post Evacuate Collection Set: 0.55ms
[2026-04-03T01:52:58.711+0600][12.115s][info][gc,phases      ] GC(50)   Other: 0.11ms
[2026-04-03T01:52:58.711+0600][12.115s][info][gc,heap        ] GC(50) Eden regions: 16->0(15)
[2026-04-03T01:52:58.711+0600][12.115s][info][gc,heap        ] GC(50) Survivor regions: 0->1(2)
[2026-04-03T01:52:58.711+0600][12.115s][info][gc,heap        ] GC(50) Old regions: 8->8
[2026-04-03T01:52:58.711+0600][12.115s][info][gc,heap        ] GC(50) Humongous regions: 0->0
[2026-04-03T01:52:58.711+0600][12.115s][info][gc,metaspace   ] GC(50) Metaspace: 14215K(14464K)->14215K(14464K) NonClass: 12396K(12544K)->12396K(12544K) Class: 1819K(1920K)->1819K(1920K)
[2026-04-03T01:52:58.711+0600][12.115s][info][gc             ] GC(50) Pause Young (Normal) (G1 Evacuation Pause) 36M->4M(54M) 1.944ms
[2026-04-03T01:52:58.711+0600][12.115s][info][gc,cpu         ] GC(50) User=0.01s Sys=0.00s Real=0.01s
[2026-04-03T01:52:58.844+0600][12.248s][info][gc,start       ] GC(51) Pause Young (Normal) (G1 Evacuation Pause)
[2026-04-03T01:52:58.845+0600][12.249s][info][gc,task        ] GC(51) Using 10 workers of 10 for evacuation
[2026-04-03T01:52:58.846+0600][12.250s][info][gc,phases      ] GC(51)   Pre Evacuate Collection Set: 0.21ms
[2026-04-03T01:52:58.846+0600][12.250s][info][gc,phases      ] GC(51)   Merge Heap Roots: 0.11ms
[2026-04-03T01:52:58.846+0600][12.250s][info][gc,phases      ] GC(51)   Evacuate Collection Set: 0.36ms
[2026-04-03T01:52:58.846+0600][12.250s][info][gc,phases      ] GC(51)   Post Evacuate Collection Set: 0.47ms
[2026-04-03T01:52:58.846+0600][12.250s][info][gc,phases      ] GC(51)   Other: 0.11ms
[2026-04-03T01:52:58.846+0600][12.250s][info][gc,heap        ] GC(51) Eden regions: 15->0(15)
[2026-04-03T01:52:58.846+0600][12.250s][info][gc,heap        ] GC(51) Survivor regions: 1->1(2)
[2026-04-03T01:52:58.846+0600][12.250s][info][gc,heap        ] GC(51) Old regions: 8->8
[2026-04-03T01:52:58.846+0600][12.250s][info][gc,heap        ] GC(51) Humongous regions: 0->0
[2026-04-03T01:52:58.846+0600][12.250s][info][gc,metaspace   ] GC(51) Metaspace: 14215K(14464K)->14215K(14464K) NonClass: 12396K(12544K)->12396K(12544K) Class: 1819K(1920K)->1819K(1920K)
[2026-04-03T01:52:58.846+0600][12.250s][info][gc             ] GC(51) Pause Young (Normal) (G1 Evacuation Pause) 34M->4M(54M) 1.632ms
[2026-04-03T01:52:58.846+0600][12.250s][info][gc,cpu         ] GC(51) User=0.00s Sys=0.01s Real=0.00s
[2026-04-03T01:52:58.976+0600][12.380s][info][gc,start       ] GC(52) Pause Young (Normal) (G1 Evacuation Pause)
[2026-04-03T01:52:58.976+0600][12.380s][info][gc,task        ] GC(52) Using 10 workers of 10 for evacuation
[2026-04-03T01:52:58.978+0600][12.382s][info][gc,phases      ] GC(52)   Pre Evacuate Collection Set: 0.16ms
[2026-04-03T01:52:58.978+0600][12.382s][info][gc,phases      ] GC(52)   Merge Heap Roots: 0.08ms
[2026-04-03T01:52:58.978+0600][12.382s][info][gc,phases      ] GC(52)   Evacuate Collection Set: 0.79ms
[2026-04-03T01:52:58.978+0600][12.382s][info][gc,phases      ] GC(52)   Post Evacuate Collection Set: 0.52ms
[2026-04-03T01:52:58.978+0600][12.382s][info][gc,phases      ] GC(52)   Other: 0.09ms
[2026-04-03T01:52:58.978+0600][12.382s][info][gc,heap        ] GC(52) Eden regions: 15->0(15)
[2026-04-03T01:52:58.978+0600][12.382s][info][gc,heap        ] GC(52) Survivor regions: 1->1(2)
[2026-04-03T01:52:58.978+0600][12.382s][info][gc,heap        ] GC(52) Old regions: 8->8
[2026-04-03T01:52:58.978+0600][12.382s][info][gc,heap        ] GC(52) Humongous regions: 0->0
[2026-04-03T01:52:58.978+0600][12.382s][info][gc,metaspace   ] GC(52) Metaspace: 14215K(14464K)->14215K(14464K) NonClass: 12396K(12544K)->12396K(12544K) Class: 1819K(1920K)->1819K(1920K)
[2026-04-03T01:52:58.978+0600][12.382s][info][gc             ] GC(52) Pause Young (Normal) (G1 Evacuation Pause) 34M->4M(54M) 2.001ms
[2026-04-03T01:52:58.978+0600][12.382s][info][gc,cpu         ] GC(52) User=0.01s Sys=0.00s Real=0.00s
[2026-04-03T01:52:59.038+0600][12.442s][info][gc,start       ] GC(53) Pause Young (Normal) (G1 Evacuation Pause)
[2026-04-03T01:52:59.038+0600][12.442s][info][gc,task        ] GC(53) Using 10 workers of 10 for evacuation
[2026-04-03T01:52:59.040+0600][12.444s][info][gc,phases      ] GC(53)   Pre Evacuate Collection Set: 0.16ms
[2026-04-03T01:52:59.040+0600][12.444s][info][gc,phases      ] GC(53)   Merge Heap Roots: 0.08ms
[2026-04-03T01:52:59.040+0600][12.444s][info][gc,phases      ] GC(53)   Evacuate Collection Set: 0.63ms
[2026-04-03T01:52:59.040+0600][12.444s][info][gc,phases      ] GC(53)   Post Evacuate Collection Set: 0.53ms
[2026-04-03T01:52:59.040+0600][12.444s][info][gc,phases      ] GC(53)   Other: 0.08ms
[2026-04-03T01:52:59.040+0600][12.444s][info][gc,heap        ] GC(53) Eden regions: 15->0(15)
[2026-04-03T01:52:59.040+0600][12.444s][info][gc,heap        ] GC(53) Survivor regions: 1->1(2)
[2026-04-03T01:52:59.040+0600][12.444s][info][gc,heap        ] GC(53) Old regions: 8->8
[2026-04-03T01:52:59.040+0600][12.444s][info][gc,heap        ] GC(53) Humongous regions: 0->0
[2026-04-03T01:52:59.040+0600][12.444s][info][gc,metaspace   ] GC(53) Metaspace: 14216K(14464K)->14216K(14464K) NonClass: 12397K(12544K)->12397K(12544K) Class: 1819K(1920K)->1819K(1920K)
[2026-04-03T01:52:59.040+0600][12.444s][info][gc             ] GC(53) Pause Young (Normal) (G1 Evacuation Pause) 34M->4M(54M) 1.816ms
[2026-04-03T01:52:59.040+0600][12.444s][info][gc,cpu         ] GC(53) User=0.01s Sys=0.00s Real=0.01s
[2026-04-03T01:52:59.094+0600][12.498s][info][gc,start       ] GC(54) Pause Young (Normal) (G1 Evacuation Pause)
[2026-04-03T01:52:59.094+0600][12.498s][info][gc,task        ] GC(54) Using 10 workers of 10 for evacuation
[2026-04-03T01:52:59.095+0600][12.499s][info][gc,phases      ] GC(54)   Pre Evacuate Collection Set: 0.13ms
[2026-04-03T01:52:59.095+0600][12.499s][info][gc,phases      ] GC(54)   Merge Heap Roots: 0.07ms
[2026-04-03T01:52:59.095+0600][12.499s][info][gc,phases      ] GC(54)   Evacuate Collection Set: 0.30ms
[2026-04-03T01:52:59.095+0600][12.499s][info][gc,phases      ] GC(54)   Post Evacuate Collection Set: 0.67ms
[2026-04-03T01:52:59.095+0600][12.499s][info][gc,phases      ] GC(54)   Other: 0.08ms
[2026-04-03T01:52:59.095+0600][12.499s][info][gc,heap        ] GC(54) Eden regions: 15->0(44)
[2026-04-03T01:52:59.095+0600][12.499s][info][gc,heap        ] GC(54) Survivor regions: 1->1(2)
[2026-04-03T01:52:59.095+0600][12.499s][info][gc,heap        ] GC(54) Old regions: 8->8
[2026-04-03T01:52:59.095+0600][12.499s][info][gc,heap        ] GC(54) Humongous regions: 0->0
[2026-04-03T01:52:59.095+0600][12.499s][info][gc,metaspace   ] GC(54) Metaspace: 14216K(14464K)->14216K(14464K) NonClass: 12397K(12544K)->12397K(12544K) Class: 1819K(1920K)->1819K(1920K)
[2026-04-03T01:52:59.095+0600][12.499s][info][gc             ] GC(54) Pause Young (Normal) (G1 Evacuation Pause) 34M->4M(150M) 1.509ms
[2026-04-03T01:52:59.095+0600][12.499s][info][gc,cpu         ] GC(54) User=0.01s Sys=0.00s Real=0.00s
[2026-04-03T01:52:59.252+0600][12.656s][info][gc,start       ] GC(55) Pause Young (Normal) (G1 Evacuation Pause)
[2026-04-03T01:52:59.252+0600][12.656s][info][gc,task        ] GC(55) Using 10 workers of 10 for evacuation
[2026-04-03T01:52:59.253+0600][12.657s][info][gc,phases      ] GC(55)   Pre Evacuate Collection Set: 0.18ms
[2026-04-03T01:52:59.253+0600][12.657s][info][gc,phases      ] GC(55)   Merge Heap Roots: 0.10ms
[2026-04-03T01:52:59.253+0600][12.657s][info][gc,phases      ] GC(55)   Evacuate Collection Set: 0.59ms
[2026-04-03T01:52:59.253+0600][12.657s][info][gc,phases      ] GC(55)   Post Evacuate Collection Set: 0.33ms
[2026-04-03T01:52:59.253+0600][12.657s][info][gc,phases      ] GC(55)   Other: 0.09ms
[2026-04-03T01:52:59.253+0600][12.657s][info][gc,heap        ] GC(55) Eden regions: 44->0(44)
[2026-04-03T01:52:59.253+0600][12.657s][info][gc,heap        ] GC(55) Survivor regions: 1->1(6)
[2026-04-03T01:52:59.253+0600][12.657s][info][gc,heap        ] GC(55) Old regions: 8->8
[2026-04-03T01:52:59.253+0600][12.657s][info][gc,heap        ] GC(55) Humongous regions: 0->0
[2026-04-03T01:52:59.253+0600][12.657s][info][gc,metaspace   ] GC(55) Metaspace: 14216K(14464K)->14216K(14464K) NonClass: 12397K(12544K)->12397K(12544K) Class: 1819K(1920K)->1819K(1920K)
[2026-04-03T01:52:59.253+0600][12.657s][info][gc             ] GC(55) Pause Young (Normal) (G1 Evacuation Pause) 92M->4M(150M) 1.601ms
[2026-04-03T01:52:59.253+0600][12.657s][info][gc,cpu         ] GC(55) User=0.00s Sys=0.01s Real=0.00s
[2026-04-03T01:52:59.398+0600][12.802s][info][gc,start       ] GC(56) Pause Young (Normal) (G1 Evacuation Pause)
[2026-04-03T01:52:59.399+0600][12.803s][info][gc,task        ] GC(56) Using 10 workers of 10 for evacuation
[2026-04-03T01:52:59.400+0600][12.804s][info][gc,phases      ] GC(56)   Pre Evacuate Collection Set: 0.16ms
[2026-04-03T01:52:59.400+0600][12.804s][info][gc,phases      ] GC(56)   Merge Heap Roots: 0.08ms
[2026-04-03T01:52:59.400+0600][12.804s][info][gc,phases      ] GC(56)   Evacuate Collection Set: 0.56ms
[2026-04-03T01:52:59.400+0600][12.804s][info][gc,phases      ] GC(56)   Post Evacuate Collection Set: 0.39ms
[2026-04-03T01:52:59.400+0600][12.804s][info][gc,phases      ] GC(56)   Other: 0.09ms
[2026-04-03T01:52:59.400+0600][12.804s][info][gc,heap        ] GC(56) Eden regions: 44->0(44)
[2026-04-03T01:52:59.400+0600][12.804s][info][gc,heap        ] GC(56) Survivor regions: 1->1(6)
[2026-04-03T01:52:59.400+0600][12.804s][info][gc,heap        ] GC(56) Old regions: 8->8
[2026-04-03T01:52:59.400+0600][12.804s][info][gc,heap        ] GC(56) Humongous regions: 0->0
[2026-04-03T01:52:59.400+0600][12.804s][info][gc,metaspace   ] GC(56) Metaspace: 14217K(14464K)->14217K(14464K) NonClass: 12398K(12544K)->12398K(12544K) Class: 1819K(1920K)->1819K(1920K)
[2026-04-03T01:52:59.400+0600][12.804s][info][gc             ] GC(56) Pause Young (Normal) (G1 Evacuation Pause) 92M->4M(150M) 1.573ms
[2026-04-03T01:52:59.400+0600][12.804s][info][gc,cpu         ] GC(56) User=0.00s Sys=0.00s Real=0.01s
[2026-04-03T01:52:59.537+0600][12.941s][info][gc,start       ] GC(57) Pause Young (Normal) (G1 Evacuation Pause)
[2026-04-03T01:52:59.537+0600][12.941s][info][gc,task        ] GC(57) Using 10 workers of 10 for evacuation
[2026-04-03T01:52:59.538+0600][12.942s][info][gc,phases      ] GC(57)   Pre Evacuate Collection Set: 0.15ms
[2026-04-03T01:52:59.538+0600][12.942s][info][gc,phases      ] GC(57)   Merge Heap Roots: 0.07ms
[2026-04-03T01:52:59.538+0600][12.942s][info][gc,phases      ] GC(57)   Evacuate Collection Set: 0.29ms
[2026-04-03T01:52:59.538+0600][12.942s][info][gc,phases      ] GC(57)   Post Evacuate Collection Set: 0.36ms
[2026-04-03T01:52:59.538+0600][12.942s][info][gc,phases      ] GC(57)   Other: 0.07ms
[2026-04-03T01:52:59.538+0600][12.942s][info][gc,heap        ] GC(57) Eden regions: 44->0(44)
[2026-04-03T01:52:59.538+0600][12.942s][info][gc,heap        ] GC(57) Survivor regions: 1->1(6)
[2026-04-03T01:52:59.538+0600][12.942s][info][gc,heap        ] GC(57) Old regions: 8->8
[2026-04-03T01:52:59.538+0600][12.943s][info][gc,heap        ] GC(57) Humongous regions: 0->0
[2026-04-03T01:52:59.538+0600][12.943s][info][gc,metaspace   ] GC(57) Metaspace: 14217K(14464K)->14217K(14464K) NonClass: 12398K(12544K)->12398K(12544K) Class: 1819K(1920K)->1819K(1920K)
[2026-04-03T01:52:59.538+0600][12.943s][info][gc             ] GC(57) Pause Young (Normal) (G1 Evacuation Pause) 92M->4M(150M) 1.187ms
[2026-04-03T01:52:59.539+0600][12.943s][info][gc,cpu         ] GC(57) User=0.01s Sys=0.00s Real=0.00s
[2026-04-03T01:52:59.672+0600][13.076s][info][gc,start       ] GC(58) Pause Young (Normal) (G1 Evacuation Pause)
[2026-04-03T01:52:59.672+0600][13.076s][info][gc,task        ] GC(58) Using 10 workers of 10 for evacuation
[2026-04-03T01:52:59.673+0600][13.077s][info][gc,phases      ] GC(58)   Pre Evacuate Collection Set: 0.12ms
[2026-04-03T01:52:59.673+0600][13.077s][info][gc,phases      ] GC(58)   Merge Heap Roots: 0.08ms
[2026-04-03T01:52:59.673+0600][13.077s][info][gc,phases      ] GC(58)   Evacuate Collection Set: 0.28ms
[2026-04-03T01:52:59.673+0600][13.077s][info][gc,phases      ] GC(58)   Post Evacuate Collection Set: 0.38ms
[2026-04-03T01:52:59.673+0600][13.077s][info][gc,phases      ] GC(58)   Other: 0.08ms
[2026-04-03T01:52:59.673+0600][13.077s][info][gc,heap        ] GC(58) Eden regions: 44->0(44)
[2026-04-03T01:52:59.673+0600][13.077s][info][gc,heap        ] GC(58) Survivor regions: 1->1(6)
[2026-04-03T01:52:59.673+0600][13.077s][info][gc,heap        ] GC(58) Old regions: 8->8
[2026-04-03T01:52:59.673+0600][13.077s][info][gc,heap        ] GC(58) Humongous regions: 0->0
[2026-04-03T01:52:59.673+0600][13.077s][info][gc,metaspace   ] GC(58) Metaspace: 14217K(14464K)->14217K(14464K) NonClass: 12398K(12544K)->12398K(12544K) Class: 1819K(1920K)->1819K(1920K)
[2026-04-03T01:52:59.673+0600][13.077s][info][gc             ] GC(58) Pause Young (Normal) (G1 Evacuation Pause) 92M->4M(150M) 1.200ms
[2026-04-03T01:52:59.673+0600][13.077s][info][gc,cpu         ] GC(58) User=0.01s Sys=0.00s Real=0.00s
[2026-04-03T01:52:59.811+0600][13.215s][info][gc,start       ] GC(59) Pause Young (Normal) (G1 Evacuation Pause)
[2026-04-03T01:52:59.811+0600][13.215s][info][gc,task        ] GC(59) Using 10 workers of 10 for evacuation
[2026-04-03T01:52:59.812+0600][13.216s][info][gc,phases      ] GC(59)   Pre Evacuate Collection Set: 0.14ms
[2026-04-03T01:52:59.812+0600][13.216s][info][gc,phases      ] GC(59)   Merge Heap Roots: 0.08ms
[2026-04-03T01:52:59.812+0600][13.216s][info][gc,phases      ] GC(59)   Evacuate Collection Set: 0.29ms
[2026-04-03T01:52:59.812+0600][13.216s][info][gc,phases      ] GC(59)   Post Evacuate Collection Set: 0.38ms
[2026-04-03T01:52:59.812+0600][13.216s][info][gc,phases      ] GC(59)   Other: 0.08ms
[2026-04-03T01:52:59.812+0600][13.216s][info][gc,heap        ] GC(59) Eden regions: 44->0(44)
[2026-04-03T01:52:59.812+0600][13.216s][info][gc,heap        ] GC(59) Survivor regions: 1->1(6)
[2026-04-03T01:52:59.812+0600][13.216s][info][gc,heap        ] GC(59) Old regions: 8->8
[2026-04-03T01:52:59.812+0600][13.216s][info][gc,heap        ] GC(59) Humongous regions: 0->0
[2026-04-03T01:52:59.812+0600][13.216s][info][gc,metaspace   ] GC(59) Metaspace: 14217K(14464K)->14217K(14464K) NonClass: 12398K(12544K)->12398K(12544K) Class: 1819K(1920K)->1819K(1920K)
[2026-04-03T01:52:59.812+0600][13.217s][info][gc             ] GC(59) Pause Young (Normal) (G1 Evacuation Pause) 92M->4M(150M) 1.228ms
[2026-04-03T01:52:59.812+0600][13.217s][info][gc,cpu         ] GC(59) User=0.00s Sys=0.00s Real=0.00s
[2026-04-03T01:52:59.963+0600][13.367s][info][gc,start       ] GC(60) Pause Young (Normal) (G1 Evacuation Pause)
[2026-04-03T01:52:59.963+0600][13.367s][info][gc,task        ] GC(60) Using 10 workers of 10 for evacuation
[2026-04-03T01:52:59.964+0600][13.368s][info][gc,phases      ] GC(60)   Pre Evacuate Collection Set: 0.15ms
[2026-04-03T01:52:59.964+0600][13.368s][info][gc,phases      ] GC(60)   Merge Heap Roots: 0.08ms
[2026-04-03T01:52:59.964+0600][13.368s][info][gc,phases      ] GC(60)   Evacuate Collection Set: 0.28ms
[2026-04-03T01:52:59.964+0600][13.368s][info][gc,phases      ] GC(60)   Post Evacuate Collection Set: 0.31ms
[2026-04-03T01:52:59.964+0600][13.368s][info][gc,phases      ] GC(60)   Other: 0.18ms
[2026-04-03T01:52:59.964+0600][13.368s][info][gc,heap        ] GC(60) Eden regions: 44->0(44)
[2026-04-03T01:52:59.964+0600][13.368s][info][gc,heap        ] GC(60) Survivor regions: 1->1(6)
[2026-04-03T01:52:59.964+0600][13.368s][info][gc,heap        ] GC(60) Old regions: 8->8
[2026-04-03T01:52:59.964+0600][13.368s][info][gc,heap        ] GC(60) Humongous regions: 0->0
[2026-04-03T01:52:59.964+0600][13.368s][info][gc,metaspace   ] GC(60) Metaspace: 14217K(14464K)->14217K(14464K) NonClass: 12398K(12544K)->12398K(12544K) Class: 1819K(1920K)->1819K(1920K)
[2026-04-03T01:52:59.964+0600][13.368s][info][gc             ] GC(60) Pause Young (Normal) (G1 Evacuation Pause) 92M->4M(150M) 1.366ms
[2026-04-03T01:52:59.964+0600][13.368s][info][gc,cpu         ] GC(60) User=0.00s Sys=0.00s Real=0.00s
[2026-04-03T01:53:00.106+0600][13.510s][info][gc,start       ] GC(61) Pause Young (Normal) (G1 Evacuation Pause)
[2026-04-03T01:53:00.106+0600][13.510s][info][gc,task        ] GC(61) Using 10 workers of 10 for evacuation
[2026-04-03T01:53:00.107+0600][13.511s][info][gc,phases      ] GC(61)   Pre Evacuate Collection Set: 0.14ms
[2026-04-03T01:53:00.109+0600][13.513s][info][gc,phases      ] GC(61)   Merge Heap Roots: 0.08ms
[2026-04-03T01:53:00.109+0600][13.513s][info][gc,phases      ] GC(61)   Evacuate Collection Set: 0.28ms
[2026-04-03T01:53:00.109+0600][13.513s][info][gc,phases      ] GC(61)   Post Evacuate Collection Set: 0.35ms
[2026-04-03T01:53:00.109+0600][13.513s][info][gc,phases      ] GC(61)   Other: 0.08ms
[2026-04-03T01:53:00.109+0600][13.513s][info][gc,heap        ] GC(61) Eden regions: 44->0(44)
[2026-04-03T01:53:00.109+0600][13.513s][info][gc,heap        ] GC(61) Survivor regions: 1->1(6)
[2026-04-03T01:53:00.109+0600][13.513s][info][gc,heap        ] GC(61) Old regions: 8->8
[2026-04-03T01:53:00.109+0600][13.513s][info][gc,heap        ] GC(61) Humongous regions: 0->0
[2026-04-03T01:53:00.109+0600][13.513s][info][gc,metaspace   ] GC(61) Metaspace: 14217K(14464K)->14217K(14464K) NonClass: 12398K(12544K)->12398K(12544K) Class: 1819K(1920K)->1819K(1920K)
[2026-04-03T01:53:00.109+0600][13.513s][info][gc             ] GC(61) Pause Young (Normal) (G1 Evacuation Pause) 92M->4M(150M) 2.947ms
[2026-04-03T01:53:00.109+0600][13.513s][info][gc,cpu         ] GC(61) User=0.01s Sys=0.00s Real=0.00s
[2026-04-03T01:53:00.251+0600][13.655s][info][gc,start       ] GC(62) Pause Young (Normal) (G1 Evacuation Pause)
[2026-04-03T01:53:00.251+0600][13.655s][info][gc,task        ] GC(62) Using 10 workers of 10 for evacuation
[2026-04-03T01:53:00.252+0600][13.656s][info][gc,phases      ] GC(62)   Pre Evacuate Collection Set: 0.14ms
[2026-04-03T01:53:00.252+0600][13.656s][info][gc,phases      ] GC(62)   Merge Heap Roots: 0.08ms
[2026-04-03T01:53:00.252+0600][13.656s][info][gc,phases      ] GC(62)   Evacuate Collection Set: 0.28ms
[2026-04-03T01:53:00.252+0600][13.656s][info][gc,phases      ] GC(62)   Post Evacuate Collection Set: 0.38ms
[2026-04-03T01:53:00.252+0600][13.656s][info][gc,phases      ] GC(62)   Other: 0.07ms
[2026-04-03T01:53:00.252+0600][13.656s][info][gc,heap        ] GC(62) Eden regions: 44->0(44)
[2026-04-03T01:53:00.252+0600][13.656s][info][gc,heap        ] GC(62) Survivor regions: 1->1(6)
[2026-04-03T01:53:00.252+0600][13.656s][info][gc,heap        ] GC(62) Old regions: 8->8
[2026-04-03T01:53:00.252+0600][13.656s][info][gc,heap        ] GC(62) Humongous regions: 0->0
[2026-04-03T01:53:00.252+0600][13.656s][info][gc,metaspace   ] GC(62) Metaspace: 14217K(14464K)->14217K(14464K) NonClass: 12398K(12544K)->12398K(12544K) Class: 1819K(1920K)->1819K(1920K)
[2026-04-03T01:53:00.252+0600][13.656s][info][gc             ] GC(62) Pause Young (Normal) (G1 Evacuation Pause) 92M->4M(150M) 1.217ms
[2026-04-03T01:53:00.252+0600][13.656s][info][gc,cpu         ] GC(62) User=0.01s Sys=0.00s Real=0.00s
[2026-04-03T01:53:00.392+0600][13.796s][info][gc,start       ] GC(63) Pause Young (Normal) (G1 Evacuation Pause)
[2026-04-03T01:53:00.392+0600][13.796s][info][gc,task        ] GC(63) Using 10 workers of 10 for evacuation
[2026-04-03T01:53:00.393+0600][13.797s][info][gc,phases      ] GC(63)   Pre Evacuate Collection Set: 0.13ms
[2026-04-03T01:53:00.393+0600][13.797s][info][gc,phases      ] GC(63)   Merge Heap Roots: 0.08ms
[2026-04-03T01:53:00.393+0600][13.797s][info][gc,phases      ] GC(63)   Evacuate Collection Set: 0.27ms
[2026-04-03T01:53:00.393+0600][13.797s][info][gc,phases      ] GC(63)   Post Evacuate Collection Set: 0.38ms
[2026-04-03T01:53:00.393+0600][13.797s][info][gc,phases      ] GC(63)   Other: 0.07ms
[2026-04-03T01:53:00.393+0600][13.797s][info][gc,heap        ] GC(63) Eden regions: 44->0(44)
[2026-04-03T01:53:00.393+0600][13.797s][info][gc,heap        ] GC(63) Survivor regions: 1->1(6)
[2026-04-03T01:53:00.393+0600][13.797s][info][gc,heap        ] GC(63) Old regions: 8->8
[2026-04-03T01:53:00.393+0600][13.797s][info][gc,heap        ] GC(63) Humongous regions: 0->0
[2026-04-03T01:53:00.393+0600][13.797s][info][gc,metaspace   ] GC(63) Metaspace: 14217K(14464K)->14217K(14464K) NonClass: 12398K(12544K)->12398K(12544K) Class: 1819K(1920K)->1819K(1920K)
[2026-04-03T01:53:00.393+0600][13.797s][info][gc             ] GC(63) Pause Young (Normal) (G1 Evacuation Pause) 92M->4M(150M) 1.194ms
[2026-04-03T01:53:00.393+0600][13.797s][info][gc,cpu         ] GC(63) User=0.01s Sys=0.00s Real=0.00s
[2026-04-03T01:53:00.542+0600][13.946s][info][gc,start       ] GC(64) Pause Young (Normal) (G1 Evacuation Pause)
[2026-04-03T01:53:00.542+0600][13.946s][info][gc,task        ] GC(64) Using 10 workers of 10 for evacuation
[2026-04-03T01:53:00.543+0600][13.947s][info][gc,phases      ] GC(64)   Pre Evacuate Collection Set: 0.15ms
[2026-04-03T01:53:00.543+0600][13.947s][info][gc,phases      ] GC(64)   Merge Heap Roots: 0.09ms
[2026-04-03T01:53:00.543+0600][13.947s][info][gc,phases      ] GC(64)   Evacuate Collection Set: 0.31ms
[2026-04-03T01:53:00.543+0600][13.947s][info][gc,phases      ] GC(64)   Post Evacuate Collection Set: 0.45ms
[2026-04-03T01:53:00.543+0600][13.947s][info][gc,phases      ] GC(64)   Other: 0.08ms
[2026-04-03T01:53:00.543+0600][13.947s][info][gc,heap        ] GC(64) Eden regions: 44->0(44)
[2026-04-03T01:53:00.543+0600][13.947s][info][gc,heap        ] GC(64) Survivor regions: 1->1(6)
[2026-04-03T01:53:00.543+0600][13.947s][info][gc,heap        ] GC(64) Old regions: 8->8
[2026-04-03T01:53:00.543+0600][13.947s][info][gc,heap        ] GC(64) Humongous regions: 0->0
[2026-04-03T01:53:00.543+0600][13.947s][info][gc,metaspace   ] GC(64) Metaspace: 14217K(14464K)->14217K(14464K) NonClass: 12398K(12544K)->12398K(12544K) Class: 1819K(1920K)->1819K(1920K)
[2026-04-03T01:53:00.543+0600][13.947s][info][gc             ] GC(64) Pause Young (Normal) (G1 Evacuation Pause) 92M->4M(150M) 1.373ms
[2026-04-03T01:53:00.543+0600][13.947s][info][gc,cpu         ] GC(64) User=0.00s Sys=0.01s Real=0.00s
[2026-04-03T01:53:00.680+0600][14.084s][info][gc,start       ] GC(65) Pause Young (Normal) (G1 Evacuation Pause)
[2026-04-03T01:53:00.680+0600][14.084s][info][gc,task        ] GC(65) Using 10 workers of 10 for evacuation
[2026-04-03T01:53:00.681+0600][14.085s][info][gc,phases      ] GC(65)   Pre Evacuate Collection Set: 0.25ms
[2026-04-03T01:53:00.681+0600][14.085s][info][gc,phases      ] GC(65)   Merge Heap Roots: 0.09ms
[2026-04-03T01:53:00.681+0600][14.085s][info][gc,phases      ] GC(65)   Evacuate Collection Set: 0.38ms
[2026-04-03T01:53:00.681+0600][14.085s][info][gc,phases      ] GC(65)   Post Evacuate Collection Set: 0.54ms
[2026-04-03T01:53:00.681+0600][14.085s][info][gc,phases      ] GC(65)   Other: 0.10ms
[2026-04-03T01:53:00.681+0600][14.086s][info][gc,heap        ] GC(65) Eden regions: 44->0(44)
[2026-04-03T01:53:00.681+0600][14.086s][info][gc,heap        ] GC(65) Survivor regions: 1->1(6)
[2026-04-03T01:53:00.682+0600][14.086s][info][gc,heap        ] GC(65) Old regions: 8->9
[2026-04-03T01:53:00.682+0600][14.086s][info][gc,heap        ] GC(65) Humongous regions: 0->0
[2026-04-03T01:53:00.682+0600][14.086s][info][gc,metaspace   ] GC(65) Metaspace: 14217K(14464K)->14217K(14464K) NonClass: 12398K(12544K)->12398K(12544K) Class: 1819K(1920K)->1819K(1920K)
[2026-04-03T01:53:00.682+0600][14.086s][info][gc             ] GC(65) Pause Young (Normal) (G1 Evacuation Pause) 92M->4M(150M) 1.692ms
[2026-04-03T01:53:00.682+0600][14.086s][info][gc,cpu         ] GC(65) User=0.01s Sys=0.00s Real=0.00s
[2026-04-03T01:53:00.824+0600][14.228s][info][gc,start       ] GC(66) Pause Young (Normal) (G1 Evacuation Pause)
[2026-04-03T01:53:00.824+0600][14.228s][info][gc,task        ] GC(66) Using 10 workers of 10 for evacuation
[2026-04-03T01:53:00.825+0600][14.229s][info][gc,phases      ] GC(66)   Pre Evacuate Collection Set: 0.18ms
[2026-04-03T01:53:00.825+0600][14.229s][info][gc,phases      ] GC(66)   Merge Heap Roots: 0.09ms
[2026-04-03T01:53:00.825+0600][14.229s][info][gc,phases      ] GC(66)   Evacuate Collection Set: 0.23ms
[2026-04-03T01:53:00.825+0600][14.229s][info][gc,phases      ] GC(66)   Post Evacuate Collection Set: 0.45ms
[2026-04-03T01:53:00.825+0600][14.229s][info][gc,phases      ] GC(66)   Other: 0.10ms
[2026-04-03T01:53:00.825+0600][14.229s][info][gc,heap        ] GC(66) Eden regions: 44->0(44)
[2026-04-03T01:53:00.825+0600][14.229s][info][gc,heap        ] GC(66) Survivor regions: 1->1(6)
[2026-04-03T01:53:00.825+0600][14.229s][info][gc,heap        ] GC(66) Old regions: 9->9
[2026-04-03T01:53:00.825+0600][14.229s][info][gc,heap        ] GC(66) Humongous regions: 0->0
[2026-04-03T01:53:00.825+0600][14.229s][info][gc,metaspace   ] GC(66) Metaspace: 14217K(14464K)->14217K(14464K) NonClass: 12398K(12544K)->12398K(12544K) Class: 1819K(1920K)->1819K(1920K)
[2026-04-03T01:53:00.825+0600][14.229s][info][gc             ] GC(66) Pause Young (Normal) (G1 Evacuation Pause) 92M->4M(150M) 1.411ms
[2026-04-03T01:53:00.825+0600][14.229s][info][gc,cpu         ] GC(66) User=0.01s Sys=0.00s Real=0.00s
[2026-04-03T01:53:00.972+0600][14.376s][info][gc,start       ] GC(67) Pause Young (Normal) (G1 Evacuation Pause)
[2026-04-03T01:53:00.972+0600][14.376s][info][gc,task        ] GC(67) Using 10 workers of 10 for evacuation
[2026-04-03T01:53:00.973+0600][14.377s][info][gc,phases      ] GC(67)   Pre Evacuate Collection Set: 0.17ms
[2026-04-03T01:53:00.973+0600][14.377s][info][gc,phases      ] GC(67)   Merge Heap Roots: 0.09ms
[2026-04-03T01:53:00.973+0600][14.377s][info][gc,phases      ] GC(67)   Evacuate Collection Set: 0.24ms
[2026-04-03T01:53:00.973+0600][14.377s][info][gc,phases      ] GC(67)   Post Evacuate Collection Set: 0.54ms
[2026-04-03T01:53:00.973+0600][14.377s][info][gc,phases      ] GC(67)   Other: 0.11ms
[2026-04-03T01:53:00.973+0600][14.377s][info][gc,heap        ] GC(67) Eden regions: 44->0(44)
[2026-04-03T01:53:00.973+0600][14.377s][info][gc,heap        ] GC(67) Survivor regions: 1->1(6)
[2026-04-03T01:53:00.973+0600][14.377s][info][gc,heap        ] GC(67) Old regions: 9->9
[2026-04-03T01:53:00.973+0600][14.377s][info][gc,heap        ] GC(67) Humongous regions: 0->0
[2026-04-03T01:53:00.973+0600][14.377s][info][gc,metaspace   ] GC(67) Metaspace: 14217K(14464K)->14217K(14464K) NonClass: 12398K(12544K)->12398K(12544K) Class: 1819K(1920K)->1819K(1920K)
[2026-04-03T01:53:00.973+0600][14.377s][info][gc             ] GC(67) Pause Young (Normal) (G1 Evacuation Pause) 92M->4M(150M) 1.499ms
[2026-04-03T01:53:00.973+0600][14.377s][info][gc,cpu         ] GC(67) User=0.00s Sys=0.00s Real=0.00s
[2026-04-03T01:53:01.121+0600][14.525s][info][gc,start       ] GC(68) Pause Young (Normal) (G1 Evacuation Pause)
[2026-04-03T01:53:01.121+0600][14.525s][info][gc,task        ] GC(68) Using 10 workers of 10 for evacuation
[2026-04-03T01:53:01.122+0600][14.526s][info][gc,phases      ] GC(68)   Pre Evacuate Collection Set: 0.16ms
[2026-04-03T01:53:01.122+0600][14.526s][info][gc,phases      ] GC(68)   Merge Heap Roots: 0.10ms
[2026-04-03T01:53:01.122+0600][14.526s][info][gc,phases      ] GC(68)   Evacuate Collection Set: 0.25ms
[2026-04-03T01:53:01.122+0600][14.526s][info][gc,phases      ] GC(68)   Post Evacuate Collection Set: 0.42ms
[2026-04-03T01:53:01.122+0600][14.526s][info][gc,phases      ] GC(68)   Other: 0.10ms
[2026-04-03T01:53:01.122+0600][14.526s][info][gc,heap        ] GC(68) Eden regions: 44->0(44)
[2026-04-03T01:53:01.122+0600][14.526s][info][gc,heap        ] GC(68) Survivor regions: 1->1(6)
[2026-04-03T01:53:01.122+0600][14.526s][info][gc,heap        ] GC(68) Old regions: 9->9
[2026-04-03T01:53:01.122+0600][14.526s][info][gc,heap        ] GC(68) Humongous regions: 0->0
[2026-04-03T01:53:01.122+0600][14.527s][info][gc,metaspace   ] GC(68) Metaspace: 14217K(14464K)->14217K(14464K) NonClass: 12398K(12544K)->12398K(12544K) Class: 1819K(1920K)->1819K(1920K)
[2026-04-03T01:53:01.123+0600][14.527s][info][gc             ] GC(68) Pause Young (Normal) (G1 Evacuation Pause) 92M->4M(150M) 1.435ms
[2026-04-03T01:53:01.123+0600][14.527s][info][gc,cpu         ] GC(68) User=0.01s Sys=0.00s Real=0.00s
[2026-04-03T01:53:01.262+0600][14.666s][info][gc,start       ] GC(69) Pause Young (Normal) (G1 Evacuation Pause)
[2026-04-03T01:53:01.263+0600][14.667s][info][gc,task        ] GC(69) Using 10 workers of 10 for evacuation
[2026-04-03T01:53:01.264+0600][14.668s][info][gc,phases      ] GC(69)   Pre Evacuate Collection Set: 0.15ms
[2026-04-03T01:53:01.264+0600][14.668s][info][gc,phases      ] GC(69)   Merge Heap Roots: 0.09ms
[2026-04-03T01:53:01.264+0600][14.668s][info][gc,phases      ] GC(69)   Evacuate Collection Set: 0.39ms
[2026-04-03T01:53:01.264+0600][14.668s][info][gc,phases      ] GC(69)   Post Evacuate Collection Set: 0.53ms
[2026-04-03T01:53:01.264+0600][14.668s][info][gc,phases      ] GC(69)   Other: 0.09ms
[2026-04-03T01:53:01.264+0600][14.668s][info][gc,heap        ] GC(69) Eden regions: 44->0(44)
[2026-04-03T01:53:01.264+0600][14.668s][info][gc,heap        ] GC(69) Survivor regions: 1->1(6)
[2026-04-03T01:53:01.264+0600][14.668s][info][gc,heap        ] GC(69) Old regions: 9->9
[2026-04-03T01:53:01.264+0600][14.668s][info][gc,heap        ] GC(69) Humongous regions: 0->0
[2026-04-03T01:53:01.264+0600][14.668s][info][gc,metaspace   ] GC(69) Metaspace: 14217K(14464K)->14217K(14464K) NonClass: 12398K(12544K)->12398K(12544K) Class: 1819K(1920K)->1819K(1920K)
[2026-04-03T01:53:01.264+0600][14.668s][info][gc             ] GC(69) Pause Young (Normal) (G1 Evacuation Pause) 92M->4M(150M) 1.591ms
[2026-04-03T01:53:01.264+0600][14.668s][info][gc,cpu         ] GC(69) User=0.00s Sys=0.00s Real=0.00s
[2026-04-03T01:53:01.396+0600][14.800s][info][gc,start       ] GC(70) Pause Young (Normal) (G1 Evacuation Pause)
[2026-04-03T01:53:01.396+0600][14.800s][info][gc,task        ] GC(70) Using 10 workers of 10 for evacuation
[2026-04-03T01:53:01.397+0600][14.801s][info][gc,phases      ] GC(70)   Pre Evacuate Collection Set: 0.12ms
[2026-04-03T01:53:01.397+0600][14.801s][info][gc,phases      ] GC(70)   Merge Heap Roots: 0.07ms
[2026-04-03T01:53:01.397+0600][14.801s][info][gc,phases      ] GC(70)   Evacuate Collection Set: 0.21ms
[2026-04-03T01:53:01.397+0600][14.801s][info][gc,phases      ] GC(70)   Post Evacuate Collection Set: 0.46ms
[2026-04-03T01:53:01.397+0600][14.801s][info][gc,phases      ] GC(70)   Other: 0.08ms
[2026-04-03T01:53:01.397+0600][14.801s][info][gc,heap        ] GC(70) Eden regions: 44->0(44)
[2026-04-03T01:53:01.397+0600][14.801s][info][gc,heap        ] GC(70) Survivor regions: 1->1(6)
[2026-04-03T01:53:01.397+0600][14.801s][info][gc,heap        ] GC(70) Old regions: 9->9
[2026-04-03T01:53:01.397+0600][14.801s][info][gc,heap        ] GC(70) Humongous regions: 0->0
[2026-04-03T01:53:01.397+0600][14.801s][info][gc,metaspace   ] GC(70) Metaspace: 14217K(14464K)->14217K(14464K) NonClass: 12398K(12544K)->12398K(12544K) Class: 1819K(1920K)->1819K(1920K)
[2026-04-03T01:53:01.397+0600][14.801s][info][gc             ] GC(70) Pause Young (Normal) (G1 Evacuation Pause) 92M->4M(150M) 1.206ms
[2026-04-03T01:53:01.397+0600][14.801s][info][gc,cpu         ] GC(70) User=0.01s Sys=0.00s Real=0.00s
[2026-04-03T01:53:01.540+0600][14.944s][info][gc,start       ] GC(71) Pause Young (Normal) (G1 Evacuation Pause)
[2026-04-03T01:53:01.540+0600][14.944s][info][gc,task        ] GC(71) Using 10 workers of 10 for evacuation
[2026-04-03T01:53:01.541+0600][14.945s][info][gc,phases      ] GC(71)   Pre Evacuate Collection Set: 0.23ms
[2026-04-03T01:53:01.541+0600][14.945s][info][gc,phases      ] GC(71)   Merge Heap Roots: 0.12ms
[2026-04-03T01:53:01.541+0600][14.945s][info][gc,phases      ] GC(71)   Evacuate Collection Set: 0.24ms
[2026-04-03T01:53:01.541+0600][14.945s][info][gc,phases      ] GC(71)   Post Evacuate Collection Set: 0.54ms
[2026-04-03T01:53:01.541+0600][14.945s][info][gc,phases      ] GC(71)   Other: 0.11ms
[2026-04-03T01:53:01.541+0600][14.945s][info][gc,heap        ] GC(71) Eden regions: 44->0(44)
[2026-04-03T01:53:01.541+0600][14.945s][info][gc,heap        ] GC(71) Survivor regions: 1->1(6)
[2026-04-03T01:53:01.541+0600][14.945s][info][gc,heap        ] GC(71) Old regions: 9->9
[2026-04-03T01:53:01.541+0600][14.945s][info][gc,heap        ] GC(71) Humongous regions: 0->0
[2026-04-03T01:53:01.541+0600][14.945s][info][gc,metaspace   ] GC(71) Metaspace: 14217K(14464K)->14217K(14464K) NonClass: 12398K(12544K)->12398K(12544K) Class: 1819K(1920K)->1819K(1920K)
[2026-04-03T01:53:01.541+0600][14.945s][info][gc             ] GC(71) Pause Young (Normal) (G1 Evacuation Pause) 92M->4M(150M) 1.554ms
[2026-04-03T01:53:01.541+0600][14.945s][info][gc,cpu         ] GC(71) User=0.00s Sys=0.00s Real=0.01s
[2026-04-03T01:53:01.679+0600][15.083s][info][gc,start       ] GC(72) Pause Young (Normal) (G1 Evacuation Pause)
[2026-04-03T01:53:01.679+0600][15.083s][info][gc,task        ] GC(72) Using 10 workers of 10 for evacuation
[2026-04-03T01:53:01.680+0600][15.084s][info][gc,phases      ] GC(72)   Pre Evacuate Collection Set: 0.16ms
[2026-04-03T01:53:01.680+0600][15.084s][info][gc,phases      ] GC(72)   Merge Heap Roots: 0.09ms
[2026-04-03T01:53:01.680+0600][15.084s][info][gc,phases      ] GC(72)   Evacuate Collection Set: 0.25ms
[2026-04-03T01:53:01.680+0600][15.084s][info][gc,phases      ] GC(72)   Post Evacuate Collection Set: 0.51ms
[2026-04-03T01:53:01.680+0600][15.084s][info][gc,phases      ] GC(72)   Other: 0.09ms
[2026-04-03T01:53:01.680+0600][15.084s][info][gc,heap        ] GC(72) Eden regions: 44->0(44)
[2026-04-03T01:53:01.680+0600][15.084s][info][gc,heap        ] GC(72) Survivor regions: 1->1(6)
[2026-04-03T01:53:01.680+0600][15.084s][info][gc,heap        ] GC(72) Old regions: 9->9
[2026-04-03T01:53:01.680+0600][15.084s][info][gc,heap        ] GC(72) Humongous regions: 0->0
[2026-04-03T01:53:01.680+0600][15.084s][info][gc,metaspace   ] GC(72) Metaspace: 14217K(14464K)->14217K(14464K) NonClass: 12398K(12544K)->12398K(12544K) Class: 1819K(1920K)->1819K(1920K)
[2026-04-03T01:53:01.680+0600][15.084s][info][gc             ] GC(72) Pause Young (Normal) (G1 Evacuation Pause) 92M->4M(150M) 1.367ms
[2026-04-03T01:53:01.680+0600][15.084s][info][gc,cpu         ] GC(72) User=0.01s Sys=0.00s Real=0.01s
[2026-04-03T01:53:01.820+0600][15.225s][info][gc,start       ] GC(73) Pause Young (Normal) (G1 Evacuation Pause)
[2026-04-03T01:53:01.821+0600][15.225s][info][gc,task        ] GC(73) Using 10 workers of 10 for evacuation
[2026-04-03T01:53:01.822+0600][15.226s][info][gc,phases      ] GC(73)   Pre Evacuate Collection Set: 0.16ms
[2026-04-03T01:53:01.822+0600][15.226s][info][gc,phases      ] GC(73)   Merge Heap Roots: 0.07ms
[2026-04-03T01:53:01.822+0600][15.226s][info][gc,phases      ] GC(73)   Evacuate Collection Set: 0.24ms
[2026-04-03T01:53:01.822+0600][15.226s][info][gc,phases      ] GC(73)   Post Evacuate Collection Set: 0.39ms
[2026-04-03T01:53:01.822+0600][15.226s][info][gc,phases      ] GC(73)   Other: 0.09ms
[2026-04-03T01:53:01.822+0600][15.226s][info][gc,heap        ] GC(73) Eden regions: 44->0(44)
[2026-04-03T01:53:01.822+0600][15.226s][info][gc,heap        ] GC(73) Survivor regions: 1->1(6)
[2026-04-03T01:53:01.822+0600][15.226s][info][gc,heap        ] GC(73) Old regions: 9->9
[2026-04-03T01:53:01.822+0600][15.226s][info][gc,heap        ] GC(73) Humongous regions: 0->0
[2026-04-03T01:53:01.822+0600][15.226s][info][gc,metaspace   ] GC(73) Metaspace: 14217K(14464K)->14217K(14464K) NonClass: 12398K(12544K)->12398K(12544K) Class: 1819K(1920K)->1819K(1920K)
[2026-04-03T01:53:01.822+0600][15.226s][info][gc             ] GC(73) Pause Young (Normal) (G1 Evacuation Pause) 92M->4M(150M) 1.236ms
[2026-04-03T01:53:01.822+0600][15.226s][info][gc,cpu         ] GC(73) User=0.00s Sys=0.00s Real=0.00s
[2026-04-03T01:53:01.962+0600][15.366s][info][gc,start       ] GC(74) Pause Young (Normal) (G1 Evacuation Pause)
[2026-04-03T01:53:01.962+0600][15.366s][info][gc,task        ] GC(74) Using 10 workers of 10 for evacuation
[2026-04-03T01:53:01.963+0600][15.367s][info][gc,phases      ] GC(74)   Pre Evacuate Collection Set: 0.15ms
[2026-04-03T01:53:01.963+0600][15.367s][info][gc,phases      ] GC(74)   Merge Heap Roots: 0.08ms
[2026-04-03T01:53:01.963+0600][15.367s][info][gc,phases      ] GC(74)   Evacuate Collection Set: 0.22ms
[2026-04-03T01:53:01.963+0600][15.367s][info][gc,phases      ] GC(74)   Post Evacuate Collection Set: 0.41ms
[2026-04-03T01:53:01.963+0600][15.367s][info][gc,phases      ] GC(74)   Other: 0.16ms
[2026-04-03T01:53:01.963+0600][15.367s][info][gc,heap        ] GC(74) Eden regions: 44->0(44)
[2026-04-03T01:53:01.963+0600][15.367s][info][gc,heap        ] GC(74) Survivor regions: 1->1(6)
[2026-04-03T01:53:01.963+0600][15.367s][info][gc,heap        ] GC(74) Old regions: 9->9
[2026-04-03T01:53:01.963+0600][15.367s][info][gc,heap        ] GC(74) Humongous regions: 0->0
[2026-04-03T01:53:01.963+0600][15.367s][info][gc,metaspace   ] GC(74) Metaspace: 14217K(14464K)->14217K(14464K) NonClass: 12398K(12544K)->12398K(12544K) Class: 1819K(1920K)->1819K(1920K)
[2026-04-03T01:53:01.963+0600][15.367s][info][gc             ] GC(74) Pause Young (Normal) (G1 Evacuation Pause) 92M->4M(150M) 1.361ms
[2026-04-03T01:53:01.963+0600][15.367s][info][gc,cpu         ] GC(74) User=0.00s Sys=0.00s Real=0.00s
[2026-04-03T01:53:02.104+0600][15.508s][info][gc,start       ] GC(75) Pause Young (Normal) (G1 Evacuation Pause)
[2026-04-03T01:53:02.104+0600][15.508s][info][gc,task        ] GC(75) Using 10 workers of 10 for evacuation
[2026-04-03T01:53:02.105+0600][15.509s][info][gc,phases      ] GC(75)   Pre Evacuate Collection Set: 0.14ms
[2026-04-03T01:53:02.105+0600][15.509s][info][gc,phases      ] GC(75)   Merge Heap Roots: 0.08ms
[2026-04-03T01:53:02.105+0600][15.509s][info][gc,phases      ] GC(75)   Evacuate Collection Set: 0.21ms
[2026-04-03T01:53:02.105+0600][15.509s][info][gc,phases      ] GC(75)   Post Evacuate Collection Set: 0.40ms
[2026-04-03T01:53:02.105+0600][15.509s][info][gc,phases      ] GC(75)   Other: 0.08ms
[2026-04-03T01:53:02.105+0600][15.509s][info][gc,heap        ] GC(75) Eden regions: 44->0(44)
[2026-04-03T01:53:02.105+0600][15.509s][info][gc,heap        ] GC(75) Survivor regions: 1->1(6)
[2026-04-03T01:53:02.105+0600][15.509s][info][gc,heap        ] GC(75) Old regions: 9->9
[2026-04-03T01:53:02.105+0600][15.509s][info][gc,heap        ] GC(75) Humongous regions: 0->0
[2026-04-03T01:53:02.105+0600][15.509s][info][gc,metaspace   ] GC(75) Metaspace: 14217K(14464K)->14217K(14464K) NonClass: 12398K(12544K)->12398K(12544K) Class: 1819K(1920K)->1819K(1920K)
[2026-04-03T01:53:02.105+0600][15.509s][info][gc             ] GC(75) Pause Young (Normal) (G1 Evacuation Pause) 92M->4M(150M) 1.173ms
[2026-04-03T01:53:02.105+0600][15.509s][info][gc,cpu         ] GC(75) User=0.01s Sys=0.00s Real=0.00s
[2026-04-03T01:53:02.247+0600][15.651s][info][gc,start       ] GC(76) Pause Young (Normal) (G1 Evacuation Pause)
[2026-04-03T01:53:02.247+0600][15.651s][info][gc,task        ] GC(76) Using 10 workers of 10 for evacuation
[2026-04-03T01:53:02.248+0600][15.652s][info][gc,phases      ] GC(76)   Pre Evacuate Collection Set: 0.15ms
[2026-04-03T01:53:02.248+0600][15.652s][info][gc,phases      ] GC(76)   Merge Heap Roots: 0.09ms
[2026-04-03T01:53:02.248+0600][15.652s][info][gc,phases      ] GC(76)   Evacuate Collection Set: 0.28ms
[2026-04-03T01:53:02.248+0600][15.652s][info][gc,phases      ] GC(76)   Post Evacuate Collection Set: 0.43ms
[2026-04-03T01:53:02.248+0600][15.652s][info][gc,phases      ] GC(76)   Other: 0.09ms
[2026-04-03T01:53:02.248+0600][15.652s][info][gc,heap        ] GC(76) Eden regions: 44->0(44)
[2026-04-03T01:53:02.248+0600][15.652s][info][gc,heap        ] GC(76) Survivor regions: 1->1(6)
[2026-04-03T01:53:02.248+0600][15.652s][info][gc,heap        ] GC(76) Old regions: 9->9
[2026-04-03T01:53:02.248+0600][15.652s][info][gc,heap        ] GC(76) Humongous regions: 0->0
[2026-04-03T01:53:02.248+0600][15.652s][info][gc,metaspace   ] GC(76) Metaspace: 14217K(14464K)->14217K(14464K) NonClass: 12398K(12544K)->12398K(12544K) Class: 1819K(1920K)->1819K(1920K)
[2026-04-03T01:53:02.249+0600][15.653s][info][gc             ] GC(76) Pause Young (Normal) (G1 Evacuation Pause) 92M->4M(150M) 1.377ms
[2026-04-03T01:53:02.249+0600][15.653s][info][gc,cpu         ] GC(76) User=0.00s Sys=0.00s Real=0.00s
[2026-04-03T01:53:02.393+0600][15.797s][info][gc,start       ] GC(77) Pause Young (Normal) (G1 Evacuation Pause)
[2026-04-03T01:53:02.393+0600][15.797s][info][gc,task        ] GC(77) Using 10 workers of 10 for evacuation
[2026-04-03T01:53:02.394+0600][15.798s][info][gc,phases      ] GC(77)   Pre Evacuate Collection Set: 0.14ms
[2026-04-03T01:53:02.394+0600][15.798s][info][gc,phases      ] GC(77)   Merge Heap Roots: 0.08ms
[2026-04-03T01:53:02.394+0600][15.798s][info][gc,phases      ] GC(77)   Evacuate Collection Set: 0.21ms
[2026-04-03T01:53:02.394+0600][15.798s][info][gc,phases      ] GC(77)   Post Evacuate Collection Set: 0.35ms
[2026-04-03T01:53:02.394+0600][15.798s][info][gc,phases      ] GC(77)   Other: 0.09ms
[2026-04-03T01:53:02.394+0600][15.798s][info][gc,heap        ] GC(77) Eden regions: 44->0(44)
[2026-04-03T01:53:02.394+0600][15.798s][info][gc,heap        ] GC(77) Survivor regions: 1->1(6)
[2026-04-03T01:53:02.394+0600][15.798s][info][gc,heap        ] GC(77) Old regions: 9->9
[2026-04-03T01:53:02.394+0600][15.798s][info][gc,heap        ] GC(77) Humongous regions: 0->0
[2026-04-03T01:53:02.394+0600][15.798s][info][gc,metaspace   ] GC(77) Metaspace: 14217K(14464K)->14217K(14464K) NonClass: 12398K(12544K)->12398K(12544K) Class: 1819K(1920K)->1819K(1920K)
[2026-04-03T01:53:02.394+0600][15.798s][info][gc             ] GC(77) Pause Young (Normal) (G1 Evacuation Pause) 92M->4M(150M) 1.126ms
[2026-04-03T01:53:02.394+0600][15.798s][info][gc,cpu         ] GC(77) User=0.00s Sys=0.00s Real=0.00s
[2026-04-03T01:53:02.528+0600][15.932s][info][gc,start       ] GC(78) Pause Young (Normal) (G1 Evacuation Pause)
[2026-04-03T01:53:02.529+0600][15.933s][info][gc,task        ] GC(78) Using 10 workers of 10 for evacuation
[2026-04-03T01:53:02.530+0600][15.934s][info][gc,phases      ] GC(78)   Pre Evacuate Collection Set: 0.15ms
[2026-04-03T01:53:02.530+0600][15.934s][info][gc,phases      ] GC(78)   Merge Heap Roots: 0.15ms
[2026-04-03T01:53:02.530+0600][15.934s][info][gc,phases      ] GC(78)   Evacuate Collection Set: 0.23ms
[2026-04-03T01:53:02.530+0600][15.934s][info][gc,phases      ] GC(78)   Post Evacuate Collection Set: 0.45ms
[2026-04-03T01:53:02.530+0600][15.934s][info][gc,phases      ] GC(78)   Other: 0.09ms
[2026-04-03T01:53:02.530+0600][15.934s][info][gc,heap        ] GC(78) Eden regions: 44->0(44)
[2026-04-03T01:53:02.530+0600][15.934s][info][gc,heap        ] GC(78) Survivor regions: 1->1(6)
[2026-04-03T01:53:02.530+0600][15.934s][info][gc,heap        ] GC(78) Old regions: 9->9
[2026-04-03T01:53:02.530+0600][15.934s][info][gc,heap        ] GC(78) Humongous regions: 0->0
[2026-04-03T01:53:02.530+0600][15.934s][info][gc,metaspace   ] GC(78) Metaspace: 14217K(14464K)->14217K(14464K) NonClass: 12398K(12544K)->12398K(12544K) Class: 1819K(1920K)->1819K(1920K)
[2026-04-03T01:53:02.530+0600][15.934s][info][gc             ] GC(78) Pause Young (Normal) (G1 Evacuation Pause) 92M->4M(150M) 1.404ms
[2026-04-03T01:53:02.530+0600][15.934s][info][gc,cpu         ] GC(78) User=0.00s Sys=0.00s Real=0.01s
[2026-04-03T01:53:02.673+0600][16.077s][info][gc,start       ] GC(79) Pause Young (Normal) (G1 Evacuation Pause)
[2026-04-03T01:53:02.673+0600][16.077s][info][gc,task        ] GC(79) Using 10 workers of 10 for evacuation
[2026-04-03T01:53:02.674+0600][16.078s][info][gc,phases      ] GC(79)   Pre Evacuate Collection Set: 0.14ms
[2026-04-03T01:53:02.674+0600][16.078s][info][gc,phases      ] GC(79)   Merge Heap Roots: 0.09ms
[2026-04-03T01:53:02.674+0600][16.078s][info][gc,phases      ] GC(79)   Evacuate Collection Set: 0.23ms
[2026-04-03T01:53:02.674+0600][16.078s][info][gc,phases      ] GC(79)   Post Evacuate Collection Set: 0.35ms
[2026-04-03T01:53:02.674+0600][16.078s][info][gc,phases      ] GC(79)   Other: 0.07ms
[2026-04-03T01:53:02.674+0600][16.078s][info][gc,heap        ] GC(79) Eden regions: 44->0(44)
[2026-04-03T01:53:02.674+0600][16.078s][info][gc,heap        ] GC(79) Survivor regions: 1->1(6)
[2026-04-03T01:53:02.674+0600][16.078s][info][gc,heap        ] GC(79) Old regions: 9->9
[2026-04-03T01:53:02.674+0600][16.078s][info][gc,heap        ] GC(79) Humongous regions: 0->0
[2026-04-03T01:53:02.674+0600][16.078s][info][gc,metaspace   ] GC(79) Metaspace: 14217K(14464K)->14217K(14464K) NonClass: 12398K(12544K)->12398K(12544K) Class: 1819K(1920K)->1819K(1920K)
[2026-04-03T01:53:02.674+0600][16.078s][info][gc             ] GC(79) Pause Young (Normal) (G1 Evacuation Pause) 92M->4M(150M) 1.154ms
[2026-04-03T01:53:02.674+0600][16.078s][info][gc,cpu         ] GC(79) User=0.00s Sys=0.00s Real=0.00s
[2026-04-03T01:53:02.813+0600][16.217s][info][gc,start       ] GC(80) Pause Young (Normal) (G1 Evacuation Pause)
[2026-04-03T01:53:02.813+0600][16.217s][info][gc,task        ] GC(80) Using 10 workers of 10 for evacuation
[2026-04-03T01:53:02.815+0600][16.219s][info][gc,phases      ] GC(80)   Pre Evacuate Collection Set: 0.17ms
[2026-04-03T01:53:02.815+0600][16.219s][info][gc,phases      ] GC(80)   Merge Heap Roots: 0.27ms
[2026-04-03T01:53:02.815+0600][16.219s][info][gc,phases      ] GC(80)   Evacuate Collection Set: 0.30ms
[2026-04-03T01:53:02.815+0600][16.219s][info][gc,phases      ] GC(80)   Post Evacuate Collection Set: 0.50ms
[2026-04-03T01:53:02.815+0600][16.219s][info][gc,phases      ] GC(80)   Other: 0.12ms
[2026-04-03T01:53:02.815+0600][16.219s][info][gc,heap        ] GC(80) Eden regions: 44->0(44)
[2026-04-03T01:53:02.815+0600][16.219s][info][gc,heap        ] GC(80) Survivor regions: 1->1(6)
[2026-04-03T01:53:02.815+0600][16.219s][info][gc,heap        ] GC(80) Old regions: 9->9
[2026-04-03T01:53:02.815+0600][16.219s][info][gc,heap        ] GC(80) Humongous regions: 0->0
[2026-04-03T01:53:02.815+0600][16.219s][info][gc,metaspace   ] GC(80) Metaspace: 14217K(14464K)->14217K(14464K) NonClass: 12398K(12544K)->12398K(12544K) Class: 1819K(1920K)->1819K(1920K)
[2026-04-03T01:53:02.815+0600][16.219s][info][gc             ] GC(80) Pause Young (Normal) (G1 Evacuation Pause) 92M->4M(150M) 1.808ms
[2026-04-03T01:53:02.815+0600][16.219s][info][gc,cpu         ] GC(80) User=0.01s Sys=0.00s Real=0.00s
[2026-04-03T01:53:02.958+0600][16.362s][info][gc,start       ] GC(81) Pause Young (Normal) (G1 Evacuation Pause)
[2026-04-03T01:53:02.958+0600][16.362s][info][gc,task        ] GC(81) Using 10 workers of 10 for evacuation
[2026-04-03T01:53:02.959+0600][16.363s][info][gc,phases      ] GC(81)   Pre Evacuate Collection Set: 0.14ms
[2026-04-03T01:53:02.959+0600][16.363s][info][gc,phases      ] GC(81)   Merge Heap Roots: 0.09ms
[2026-04-03T01:53:02.959+0600][16.363s][info][gc,phases      ] GC(81)   Evacuate Collection Set: 0.21ms
[2026-04-03T01:53:02.959+0600][16.363s][info][gc,phases      ] GC(81)   Post Evacuate Collection Set: 0.43ms
[2026-04-03T01:53:02.959+0600][16.363s][info][gc,phases      ] GC(81)   Other: 0.09ms
[2026-04-03T01:53:02.959+0600][16.363s][info][gc,heap        ] GC(81) Eden regions: 44->0(44)
[2026-04-03T01:53:02.959+0600][16.363s][info][gc,heap        ] GC(81) Survivor regions: 1->1(6)
[2026-04-03T01:53:02.959+0600][16.363s][info][gc,heap        ] GC(81) Old regions: 9->9
[2026-04-03T01:53:02.959+0600][16.363s][info][gc,heap        ] GC(81) Humongous regions: 0->0
[2026-04-03T01:53:02.959+0600][16.363s][info][gc,metaspace   ] GC(81) Metaspace: 14217K(14464K)->14217K(14464K) NonClass: 12398K(12544K)->12398K(12544K) Class: 1819K(1920K)->1819K(1920K)
[2026-04-03T01:53:02.959+0600][16.363s][info][gc             ] GC(81) Pause Young (Normal) (G1 Evacuation Pause) 92M->4M(150M) 1.260ms
[2026-04-03T01:53:02.959+0600][16.363s][info][gc,cpu         ] GC(81) User=0.00s Sys=0.00s Real=0.00s
[2026-04-03T01:53:03.107+0600][16.511s][info][gc,start       ] GC(82) Pause Young (Normal) (G1 Evacuation Pause)
[2026-04-03T01:53:03.107+0600][16.511s][info][gc,task        ] GC(82) Using 10 workers of 10 for evacuation
[2026-04-03T01:53:03.108+0600][16.512s][info][gc,phases      ] GC(82)   Pre Evacuate Collection Set: 0.15ms
[2026-04-03T01:53:03.108+0600][16.512s][info][gc,phases      ] GC(82)   Merge Heap Roots: 0.09ms
[2026-04-03T01:53:03.108+0600][16.512s][info][gc,phases      ] GC(82)   Evacuate Collection Set: 0.23ms
[2026-04-03T01:53:03.108+0600][16.512s][info][gc,phases      ] GC(82)   Post Evacuate Collection Set: 0.38ms
[2026-04-03T01:53:03.108+0600][16.512s][info][gc,phases      ] GC(82)   Other: 0.08ms
[2026-04-03T01:53:03.108+0600][16.512s][info][gc,heap        ] GC(82) Eden regions: 44->0(44)
[2026-04-03T01:53:03.108+0600][16.512s][info][gc,heap        ] GC(82) Survivor regions: 1->1(6)
[2026-04-03T01:53:03.108+0600][16.512s][info][gc,heap        ] GC(82) Old regions: 9->9
[2026-04-03T01:53:03.108+0600][16.512s][info][gc,heap        ] GC(82) Humongous regions: 0->0
[2026-04-03T01:53:03.108+0600][16.512s][info][gc,metaspace   ] GC(82) Metaspace: 14218K(14464K)->14218K(14464K) NonClass: 12399K(12544K)->12399K(12544K) Class: 1819K(1920K)->1819K(1920K)
[2026-04-03T01:53:03.108+0600][16.512s][info][gc             ] GC(82) Pause Young (Normal) (G1 Evacuation Pause) 92M->4M(150M) 1.205ms
[2026-04-03T01:53:03.108+0600][16.512s][info][gc,cpu         ] GC(82) User=0.01s Sys=0.00s Real=0.00s
[2026-04-03T01:53:03.249+0600][16.653s][info][gc,start       ] GC(83) Pause Young (Normal) (G1 Evacuation Pause)
[2026-04-03T01:53:03.249+0600][16.653s][info][gc,task        ] GC(83) Using 10 workers of 10 for evacuation
[2026-04-03T01:53:03.250+0600][16.654s][info][gc,phases      ] GC(83)   Pre Evacuate Collection Set: 0.15ms
[2026-04-03T01:53:03.250+0600][16.654s][info][gc,phases      ] GC(83)   Merge Heap Roots: 0.11ms
[2026-04-03T01:53:03.250+0600][16.654s][info][gc,phases      ] GC(83)   Evacuate Collection Set: 0.25ms
[2026-04-03T01:53:03.250+0600][16.654s][info][gc,phases      ] GC(83)   Post Evacuate Collection Set: 0.67ms
[2026-04-03T01:53:03.250+0600][16.654s][info][gc,phases      ] GC(83)   Other: 0.09ms
[2026-04-03T01:53:03.250+0600][16.654s][info][gc,heap        ] GC(83) Eden regions: 44->0(44)
[2026-04-03T01:53:03.250+0600][16.654s][info][gc,heap        ] GC(83) Survivor regions: 1->1(6)
[2026-04-03T01:53:03.250+0600][16.654s][info][gc,heap        ] GC(83) Old regions: 9->9
[2026-04-03T01:53:03.250+0600][16.654s][info][gc,heap        ] GC(83) Humongous regions: 0->0
[2026-04-03T01:53:03.250+0600][16.654s][info][gc,metaspace   ] GC(83) Metaspace: 14218K(14464K)->14218K(14464K) NonClass: 12399K(12544K)->12399K(12544K) Class: 1819K(1920K)->1819K(1920K)
[2026-04-03T01:53:03.250+0600][16.655s][info][gc             ] GC(83) Pause Young (Normal) (G1 Evacuation Pause) 92M->4M(150M) 1.620ms
[2026-04-03T01:53:03.251+0600][16.655s][info][gc,cpu         ] GC(83) User=0.00s Sys=0.00s Real=0.01s
[2026-04-03T01:53:03.393+0600][16.797s][info][gc,start       ] GC(84) Pause Young (Normal) (G1 Evacuation Pause)
[2026-04-03T01:53:03.393+0600][16.797s][info][gc,task        ] GC(84) Using 10 workers of 10 for evacuation
[2026-04-03T01:53:03.394+0600][16.798s][info][gc,phases      ] GC(84)   Pre Evacuate Collection Set: 0.15ms
[2026-04-03T01:53:03.394+0600][16.798s][info][gc,phases      ] GC(84)   Merge Heap Roots: 0.08ms
[2026-04-03T01:53:03.394+0600][16.798s][info][gc,phases      ] GC(84)   Evacuate Collection Set: 0.24ms
[2026-04-03T01:53:03.394+0600][16.798s][info][gc,phases      ] GC(84)   Post Evacuate Collection Set: 0.43ms
[2026-04-03T01:53:03.394+0600][16.798s][info][gc,phases      ] GC(84)   Other: 0.09ms
[2026-04-03T01:53:03.394+0600][16.798s][info][gc,heap        ] GC(84) Eden regions: 44->0(44)
[2026-04-03T01:53:03.394+0600][16.798s][info][gc,heap        ] GC(84) Survivor regions: 1->1(6)
[2026-04-03T01:53:03.394+0600][16.798s][info][gc,heap        ] GC(84) Old regions: 9->9
[2026-04-03T01:53:03.394+0600][16.798s][info][gc,heap        ] GC(84) Humongous regions: 0->0
[2026-04-03T01:53:03.394+0600][16.798s][info][gc,metaspace   ] GC(84) Metaspace: 14218K(14464K)->14218K(14464K) NonClass: 12399K(12544K)->12399K(12544K) Class: 1819K(1920K)->1819K(1920K)
[2026-04-03T01:53:03.394+0600][16.798s][info][gc             ] GC(84) Pause Young (Normal) (G1 Evacuation Pause) 92M->4M(150M) 1.263ms
[2026-04-03T01:53:03.394+0600][16.798s][info][gc,cpu         ] GC(84) User=0.00s Sys=0.00s Real=0.00s
[2026-04-03T01:53:03.535+0600][16.939s][info][gc,start       ] GC(85) Pause Young (Normal) (G1 Evacuation Pause)
[2026-04-03T01:53:03.535+0600][16.939s][info][gc,task        ] GC(85) Using 10 workers of 10 for evacuation
[2026-04-03T01:53:03.536+0600][16.940s][info][gc,phases      ] GC(85)   Pre Evacuate Collection Set: 0.15ms
[2026-04-03T01:53:03.536+0600][16.940s][info][gc,phases      ] GC(85)   Merge Heap Roots: 0.09ms
[2026-04-03T01:53:03.536+0600][16.940s][info][gc,phases      ] GC(85)   Evacuate Collection Set: 0.26ms
[2026-04-03T01:53:03.536+0600][16.940s][info][gc,phases      ] GC(85)   Post Evacuate Collection Set: 0.53ms
[2026-04-03T01:53:03.536+0600][16.940s][info][gc,phases      ] GC(85)   Other: 0.13ms
[2026-04-03T01:53:03.536+0600][16.940s][info][gc,heap        ] GC(85) Eden regions: 44->0(44)
[2026-04-03T01:53:03.536+0600][16.940s][info][gc,heap        ] GC(85) Survivor regions: 1->1(6)
[2026-04-03T01:53:03.536+0600][16.940s][info][gc,heap        ] GC(85) Old regions: 9->9
[2026-04-03T01:53:03.536+0600][16.940s][info][gc,heap        ] GC(85) Humongous regions: 0->0
[2026-04-03T01:53:03.536+0600][16.940s][info][gc,metaspace   ] GC(85) Metaspace: 14218K(14464K)->14218K(14464K) NonClass: 12399K(12544K)->12399K(12544K) Class: 1819K(1920K)->1819K(1920K)
[2026-04-03T01:53:03.536+0600][16.940s][info][gc             ] GC(85) Pause Young (Normal) (G1 Evacuation Pause) 92M->4M(150M) 1.450ms
[2026-04-03T01:53:03.536+0600][16.940s][info][gc,cpu         ] GC(85) User=0.01s Sys=0.00s Real=0.00s
[2026-04-03T01:53:03.675+0600][17.079s][info][gc,start       ] GC(86) Pause Young (Normal) (G1 Evacuation Pause)
[2026-04-03T01:53:03.675+0600][17.079s][info][gc,task        ] GC(86) Using 10 workers of 10 for evacuation
[2026-04-03T01:53:03.676+0600][17.080s][info][gc,phases      ] GC(86)   Pre Evacuate Collection Set: 0.14ms
[2026-04-03T01:53:03.676+0600][17.080s][info][gc,phases      ] GC(86)   Merge Heap Roots: 0.07ms
[2026-04-03T01:53:03.676+0600][17.080s][info][gc,phases      ] GC(86)   Evacuate Collection Set: 0.20ms
[2026-04-03T01:53:03.676+0600][17.080s][info][gc,phases      ] GC(86)   Post Evacuate Collection Set: 0.41ms
[2026-04-03T01:53:03.676+0600][17.080s][info][gc,phases      ] GC(86)   Other: 0.07ms
[2026-04-03T01:53:03.676+0600][17.080s][info][gc,heap        ] GC(86) Eden regions: 44->0(44)
[2026-04-03T01:53:03.676+0600][17.080s][info][gc,heap        ] GC(86) Survivor regions: 1->1(6)
[2026-04-03T01:53:03.676+0600][17.080s][info][gc,heap        ] GC(86) Old regions: 9->9
[2026-04-03T01:53:03.676+0600][17.080s][info][gc,heap        ] GC(86) Humongous regions: 0->0
[2026-04-03T01:53:03.676+0600][17.080s][info][gc,metaspace   ] GC(86) Metaspace: 14218K(14464K)->14218K(14464K) NonClass: 12399K(12544K)->12399K(12544K) Class: 1819K(1920K)->1819K(1920K)
[2026-04-03T01:53:03.676+0600][17.080s][info][gc             ] GC(86) Pause Young (Normal) (G1 Evacuation Pause) 92M->4M(150M) 1.120ms
[2026-04-03T01:53:03.676+0600][17.080s][info][gc,cpu         ] GC(86) User=0.00s Sys=0.00s Real=0.00s
[2026-04-03T01:53:03.821+0600][17.225s][info][gc,start       ] GC(87) Pause Young (Normal) (G1 Evacuation Pause)
[2026-04-03T01:53:03.821+0600][17.225s][info][gc,task        ] GC(87) Using 10 workers of 10 for evacuation
[2026-04-03T01:53:03.822+0600][17.226s][info][gc,phases      ] GC(87)   Pre Evacuate Collection Set: 0.16ms
[2026-04-03T01:53:03.822+0600][17.226s][info][gc,phases      ] GC(87)   Merge Heap Roots: 0.10ms
[2026-04-03T01:53:03.822+0600][17.226s][info][gc,phases      ] GC(87)   Evacuate Collection Set: 0.26ms
[2026-04-03T01:53:03.822+0600][17.226s][info][gc,phases      ] GC(87)   Post Evacuate Collection Set: 0.51ms
[2026-04-03T01:53:03.822+0600][17.226s][info][gc,phases      ] GC(87)   Other: 0.13ms
[2026-04-03T01:53:03.822+0600][17.226s][info][gc,heap        ] GC(87) Eden regions: 44->0(44)
[2026-04-03T01:53:03.822+0600][17.226s][info][gc,heap        ] GC(87) Survivor regions: 1->1(6)
[2026-04-03T01:53:03.822+0600][17.226s][info][gc,heap        ] GC(87) Old regions: 9->9
[2026-04-03T01:53:03.822+0600][17.226s][info][gc,heap        ] GC(87) Humongous regions: 0->0
[2026-04-03T01:53:03.822+0600][17.226s][info][gc,metaspace   ] GC(87) Metaspace: 14218K(14464K)->14218K(14464K) NonClass: 12399K(12544K)->12399K(12544K) Class: 1819K(1920K)->1819K(1920K)
[2026-04-03T01:53:03.822+0600][17.226s][info][gc             ] GC(87) Pause Young (Normal) (G1 Evacuation Pause) 92M->4M(150M) 1.543ms
[2026-04-03T01:53:03.822+0600][17.226s][info][gc,cpu         ] GC(87) User=0.00s Sys=0.00s Real=0.00s
[2026-04-03T01:53:03.974+0600][17.378s][info][gc,start       ] GC(88) Pause Young (Normal) (G1 Evacuation Pause)
[2026-04-03T01:53:03.974+0600][17.379s][info][gc,task        ] GC(88) Using 10 workers of 10 for evacuation
[2026-04-03T01:53:03.976+0600][17.380s][info][gc,phases      ] GC(88)   Pre Evacuate Collection Set: 0.18ms
[2026-04-03T01:53:03.976+0600][17.380s][info][gc,phases      ] GC(88)   Merge Heap Roots: 0.09ms
[2026-04-03T01:53:03.976+0600][17.380s][info][gc,phases      ] GC(88)   Evacuate Collection Set: 0.24ms
[2026-04-03T01:53:03.976+0600][17.380s][info][gc,phases      ] GC(88)   Post Evacuate Collection Set: 0.40ms
[2026-04-03T01:53:03.976+0600][17.380s][info][gc,phases      ] GC(88)   Other: 0.14ms
[2026-04-03T01:53:03.976+0600][17.380s][info][gc,heap        ] GC(88) Eden regions: 44->0(44)
[2026-04-03T01:53:03.976+0600][17.380s][info][gc,heap        ] GC(88) Survivor regions: 1->1(6)
[2026-04-03T01:53:03.976+0600][17.380s][info][gc,heap        ] GC(88) Old regions: 9->9
[2026-04-03T01:53:03.976+0600][17.380s][info][gc,heap        ] GC(88) Humongous regions: 0->0
[2026-04-03T01:53:03.976+0600][17.380s][info][gc,metaspace   ] GC(88) Metaspace: 14218K(14464K)->14218K(14464K) NonClass: 12399K(12544K)->12399K(12544K) Class: 1819K(1920K)->1819K(1920K)
[2026-04-03T01:53:03.976+0600][17.380s][info][gc             ] GC(88) Pause Young (Normal) (G1 Evacuation Pause) 92M->4M(150M) 1.417ms
[2026-04-03T01:53:03.976+0600][17.380s][info][gc,cpu         ] GC(88) User=0.01s Sys=0.00s Real=0.00s
[2026-04-03T01:53:04.131+0600][17.535s][info][gc,start       ] GC(89) Pause Young (Normal) (G1 Evacuation Pause)
[2026-04-03T01:53:04.131+0600][17.535s][info][gc,task        ] GC(89) Using 10 workers of 10 for evacuation
[2026-04-03T01:53:04.132+0600][17.536s][info][gc,phases      ] GC(89)   Pre Evacuate Collection Set: 0.16ms
[2026-04-03T01:53:04.132+0600][17.536s][info][gc,phases      ] GC(89)   Merge Heap Roots: 0.10ms
[2026-04-03T01:53:04.132+0600][17.536s][info][gc,phases      ] GC(89)   Evacuate Collection Set: 0.23ms
[2026-04-03T01:53:04.132+0600][17.536s][info][gc,phases      ] GC(89)   Post Evacuate Collection Set: 0.41ms
[2026-04-03T01:53:04.132+0600][17.536s][info][gc,phases      ] GC(89)   Other: 0.08ms
[2026-04-03T01:53:04.132+0600][17.536s][info][gc,heap        ] GC(89) Eden regions: 44->0(44)
[2026-04-03T01:53:04.132+0600][17.536s][info][gc,heap        ] GC(89) Survivor regions: 1->1(6)
[2026-04-03T01:53:04.132+0600][17.536s][info][gc,heap        ] GC(89) Old regions: 9->9
[2026-04-03T01:53:04.132+0600][17.536s][info][gc,heap        ] GC(89) Humongous regions: 0->0
[2026-04-03T01:53:04.132+0600][17.536s][info][gc,metaspace   ] GC(89) Metaspace: 14218K(14464K)->14218K(14464K) NonClass: 12399K(12544K)->12399K(12544K) Class: 1819K(1920K)->1819K(1920K)
[2026-04-03T01:53:04.132+0600][17.536s][info][gc             ] GC(89) Pause Young (Normal) (G1 Evacuation Pause) 92M->4M(150M) 1.257ms
[2026-04-03T01:53:04.132+0600][17.536s][info][gc,cpu         ] GC(89) User=0.00s Sys=0.00s Real=0.00s
[2026-04-03T01:53:04.276+0600][17.680s][info][gc,start       ] GC(90) Pause Young (Normal) (G1 Evacuation Pause)
[2026-04-03T01:53:04.277+0600][17.681s][info][gc,task        ] GC(90) Using 10 workers of 10 for evacuation
[2026-04-03T01:53:04.278+0600][17.682s][info][gc,phases      ] GC(90)   Pre Evacuate Collection Set: 0.16ms
[2026-04-03T01:53:04.278+0600][17.682s][info][gc,phases      ] GC(90)   Merge Heap Roots: 0.10ms
[2026-04-03T01:53:04.278+0600][17.682s][info][gc,phases      ] GC(90)   Evacuate Collection Set: 0.23ms
[2026-04-03T01:53:04.278+0600][17.682s][info][gc,phases      ] GC(90)   Post Evacuate Collection Set: 0.52ms
[2026-04-03T01:53:04.278+0600][17.682s][info][gc,phases      ] GC(90)   Other: 0.09ms
[2026-04-03T01:53:04.278+0600][17.682s][info][gc,heap        ] GC(90) Eden regions: 44->0(44)
[2026-04-03T01:53:04.278+0600][17.682s][info][gc,heap        ] GC(90) Survivor regions: 1->1(6)
[2026-04-03T01:53:04.278+0600][17.682s][info][gc,heap        ] GC(90) Old regions: 9->9
[2026-04-03T01:53:04.278+0600][17.682s][info][gc,heap        ] GC(90) Humongous regions: 0->0
[2026-04-03T01:53:04.278+0600][17.682s][info][gc,metaspace   ] GC(90) Metaspace: 14218K(14464K)->14218K(14464K) NonClass: 12399K(12544K)->12399K(12544K) Class: 1819K(1920K)->1819K(1920K)
[2026-04-03T01:53:04.278+0600][17.682s][info][gc             ] GC(90) Pause Young (Normal) (G1 Evacuation Pause) 92M->4M(150M) 1.472ms
[2026-04-03T01:53:04.278+0600][17.682s][info][gc,cpu         ] GC(90) User=0.00s Sys=0.01s Real=0.00s
[2026-04-03T01:53:04.420+0600][17.824s][info][gc,start       ] GC(91) Pause Young (Normal) (G1 Evacuation Pause)
[2026-04-03T01:53:04.420+0600][17.824s][info][gc,task        ] GC(91) Using 10 workers of 10 for evacuation
[2026-04-03T01:53:04.421+0600][17.825s][info][gc,phases      ] GC(91)   Pre Evacuate Collection Set: 0.17ms
[2026-04-03T01:53:04.421+0600][17.825s][info][gc,phases      ] GC(91)   Merge Heap Roots: 0.10ms
[2026-04-03T01:53:04.421+0600][17.825s][info][gc,phases      ] GC(91)   Evacuate Collection Set: 0.22ms
[2026-04-03T01:53:04.421+0600][17.825s][info][gc,phases      ] GC(91)   Post Evacuate Collection Set: 0.55ms
[2026-04-03T01:53:04.421+0600][17.825s][info][gc,phases      ] GC(91)   Other: 0.10ms
[2026-04-03T01:53:04.421+0600][17.825s][info][gc,heap        ] GC(91) Eden regions: 44->0(44)
[2026-04-03T01:53:04.421+0600][17.825s][info][gc,heap        ] GC(91) Survivor regions: 1->1(6)
[2026-04-03T01:53:04.421+0600][17.825s][info][gc,heap        ] GC(91) Old regions: 9->9
[2026-04-03T01:53:04.421+0600][17.825s][info][gc,heap        ] GC(91) Humongous regions: 0->0
[2026-04-03T01:53:04.421+0600][17.825s][info][gc,metaspace   ] GC(91) Metaspace: 14218K(14464K)->14218K(14464K) NonClass: 12399K(12544K)->12399K(12544K) Class: 1819K(1920K)->1819K(1920K)
[2026-04-03T01:53:04.421+0600][17.825s][info][gc             ] GC(91) Pause Young (Normal) (G1 Evacuation Pause) 92M->4M(150M) 1.534ms
[2026-04-03T01:53:04.421+0600][17.825s][info][gc,cpu         ] GC(91) User=0.00s Sys=0.00s Real=0.01s
[2026-04-03T01:53:04.554+0600][17.958s][info][gc,start       ] GC(92) Pause Young (Normal) (G1 Evacuation Pause)
[2026-04-03T01:53:04.554+0600][17.959s][info][gc,task        ] GC(92) Using 10 workers of 10 for evacuation
[2026-04-03T01:53:04.555+0600][17.960s][info][gc,phases      ] GC(92)   Pre Evacuate Collection Set: 0.15ms
[2026-04-03T01:53:04.556+0600][17.960s][info][gc,phases      ] GC(92)   Merge Heap Roots: 0.18ms
[2026-04-03T01:53:04.556+0600][17.960s][info][gc,phases      ] GC(92)   Evacuate Collection Set: 0.21ms
[2026-04-03T01:53:04.556+0600][17.960s][info][gc,phases      ] GC(92)   Post Evacuate Collection Set: 0.41ms
[2026-04-03T01:53:04.556+0600][17.960s][info][gc,phases      ] GC(92)   Other: 0.09ms
[2026-04-03T01:53:04.556+0600][17.960s][info][gc,heap        ] GC(92) Eden regions: 44->0(44)
[2026-04-03T01:53:04.556+0600][17.960s][info][gc,heap        ] GC(92) Survivor regions: 1->1(6)
[2026-04-03T01:53:04.556+0600][17.960s][info][gc,heap        ] GC(92) Old regions: 9->9
[2026-04-03T01:53:04.556+0600][17.960s][info][gc,heap        ] GC(92) Humongous regions: 0->0
[2026-04-03T01:53:04.556+0600][17.960s][info][gc,metaspace   ] GC(92) Metaspace: 14218K(14464K)->14218K(14464K) NonClass: 12399K(12544K)->12399K(12544K) Class: 1819K(1920K)->1819K(1920K)
[2026-04-03T01:53:04.556+0600][17.960s][info][gc             ] GC(92) Pause Young (Normal) (G1 Evacuation Pause) 92M->4M(150M) 1.318ms
[2026-04-03T01:53:04.556+0600][17.960s][info][gc,cpu         ] GC(92) User=0.00s Sys=0.00s Real=0.00s
[2026-04-03T01:53:04.705+0600][18.109s][info][gc,start       ] GC(93) Pause Young (Normal) (G1 Evacuation Pause)
[2026-04-03T01:53:04.705+0600][18.109s][info][gc,task        ] GC(93) Using 10 workers of 10 for evacuation
[2026-04-03T01:53:04.706+0600][18.110s][info][gc,phases      ] GC(93)   Pre Evacuate Collection Set: 0.13ms
[2026-04-03T01:53:04.706+0600][18.110s][info][gc,phases      ] GC(93)   Merge Heap Roots: 0.10ms
[2026-04-03T01:53:04.706+0600][18.110s][info][gc,phases      ] GC(93)   Evacuate Collection Set: 0.23ms
[2026-04-03T01:53:04.706+0600][18.110s][info][gc,phases      ] GC(93)   Post Evacuate Collection Set: 0.36ms
[2026-04-03T01:53:04.706+0600][18.110s][info][gc,phases      ] GC(93)   Other: 0.09ms
[2026-04-03T01:53:04.706+0600][18.110s][info][gc,heap        ] GC(93) Eden regions: 44->0(44)
[2026-04-03T01:53:04.706+0600][18.110s][info][gc,heap        ] GC(93) Survivor regions: 1->1(6)
[2026-04-03T01:53:04.706+0600][18.110s][info][gc,heap        ] GC(93) Old regions: 9->9
[2026-04-03T01:53:04.706+0600][18.110s][info][gc,heap        ] GC(93) Humongous regions: 0->0
[2026-04-03T01:53:04.706+0600][18.110s][info][gc,metaspace   ] GC(93) Metaspace: 14218K(14464K)->14218K(14464K) NonClass: 12399K(12544K)->12399K(12544K) Class: 1819K(1920K)->1819K(1920K)
[2026-04-03T01:53:04.706+0600][18.110s][info][gc             ] GC(93) Pause Young (Normal) (G1 Evacuation Pause) 92M->4M(150M) 1.187ms
[2026-04-03T01:53:04.706+0600][18.110s][info][gc,cpu         ] GC(93) User=0.00s Sys=0.00s Real=0.00s
[2026-04-03T01:53:04.849+0600][18.253s][info][gc,start       ] GC(94) Pause Young (Normal) (G1 Evacuation Pause)
[2026-04-03T01:53:04.849+0600][18.253s][info][gc,task        ] GC(94) Using 10 workers of 10 for evacuation
[2026-04-03T01:53:04.850+0600][18.254s][info][gc,phases      ] GC(94)   Pre Evacuate Collection Set: 0.16ms
[2026-04-03T01:53:04.850+0600][18.254s][info][gc,phases      ] GC(94)   Merge Heap Roots: 0.09ms
[2026-04-03T01:53:04.850+0600][18.254s][info][gc,phases      ] GC(94)   Evacuate Collection Set: 0.24ms
[2026-04-03T01:53:04.850+0600][18.254s][info][gc,phases      ] GC(94)   Post Evacuate Collection Set: 0.36ms
[2026-04-03T01:53:04.850+0600][18.254s][info][gc,phases      ] GC(94)   Other: 0.09ms
[2026-04-03T01:53:04.850+0600][18.254s][info][gc,heap        ] GC(94) Eden regions: 44->0(44)
[2026-04-03T01:53:04.850+0600][18.254s][info][gc,heap        ] GC(94) Survivor regions: 1->1(6)
[2026-04-03T01:53:04.850+0600][18.254s][info][gc,heap        ] GC(94) Old regions: 9->9
[2026-04-03T01:53:04.850+0600][18.254s][info][gc,heap        ] GC(94) Humongous regions: 0->0
[2026-04-03T01:53:04.850+0600][18.254s][info][gc,metaspace   ] GC(94) Metaspace: 14218K(14464K)->14218K(14464K) NonClass: 12399K(12544K)->12399K(12544K) Class: 1819K(1920K)->1819K(1920K)
[2026-04-03T01:53:04.850+0600][18.254s][info][gc             ] GC(94) Pause Young (Normal) (G1 Evacuation Pause) 92M->4M(150M) 1.208ms
[2026-04-03T01:53:04.850+0600][18.254s][info][gc,cpu         ] GC(94) User=0.00s Sys=0.00s Real=0.01s
[2026-04-03T01:53:05.004+0600][18.408s][info][gc,start       ] GC(95) Pause Young (Normal) (G1 Evacuation Pause)
[2026-04-03T01:53:05.004+0600][18.408s][info][gc,task        ] GC(95) Using 10 workers of 10 for evacuation
[2026-04-03T01:53:05.005+0600][18.409s][info][gc,phases      ] GC(95)   Pre Evacuate Collection Set: 0.15ms
[2026-04-03T01:53:05.005+0600][18.409s][info][gc,phases      ] GC(95)   Merge Heap Roots: 0.09ms
[2026-04-03T01:53:05.005+0600][18.409s][info][gc,phases      ] GC(95)   Evacuate Collection Set: 0.23ms
[2026-04-03T01:53:05.005+0600][18.409s][info][gc,phases      ] GC(95)   Post Evacuate Collection Set: 0.46ms
[2026-04-03T01:53:05.005+0600][18.409s][info][gc,phases      ] GC(95)   Other: 0.09ms
[2026-04-03T01:53:05.005+0600][18.409s][info][gc,heap        ] GC(95) Eden regions: 44->0(44)
[2026-04-03T01:53:05.005+0600][18.409s][info][gc,heap        ] GC(95) Survivor regions: 1->1(6)
[2026-04-03T01:53:05.005+0600][18.409s][info][gc,heap        ] GC(95) Old regions: 9->9
[2026-04-03T01:53:05.005+0600][18.409s][info][gc,heap        ] GC(95) Humongous regions: 0->0
[2026-04-03T01:53:05.005+0600][18.409s][info][gc,metaspace   ] GC(95) Metaspace: 14218K(14464K)->14218K(14464K) NonClass: 12399K(12544K)->12399K(12544K) Class: 1819K(1920K)->1819K(1920K)
[2026-04-03T01:53:05.005+0600][18.409s][info][gc             ] GC(95) Pause Young (Normal) (G1 Evacuation Pause) 92M->4M(150M) 1.294ms
[2026-04-03T01:53:05.005+0600][18.409s][info][gc,cpu         ] GC(95) User=0.00s Sys=0.00s Real=0.00s
[2026-04-03T01:53:05.164+0600][18.568s][info][gc,start       ] GC(96) Pause Young (Normal) (G1 Evacuation Pause)
[2026-04-03T01:53:05.164+0600][18.569s][info][gc,task        ] GC(96) Using 10 workers of 10 for evacuation
[2026-04-03T01:53:05.166+0600][18.570s][info][gc,phases      ] GC(96)   Pre Evacuate Collection Set: 0.17ms
[2026-04-03T01:53:05.188+0600][18.592s][info][gc,phases      ] GC(96)   Merge Heap Roots: 0.09ms
[2026-04-03T01:53:05.188+0600][18.592s][info][gc,phases      ] GC(96)   Evacuate Collection Set: 0.23ms
[2026-04-03T01:53:05.188+0600][18.592s][info][gc,phases      ] GC(96)   Post Evacuate Collection Set: 0.46ms
[2026-04-03T01:53:05.188+0600][18.592s][info][gc,phases      ] GC(96)   Other: 0.11ms
[2026-04-03T01:53:05.188+0600][18.592s][info][gc,heap        ] GC(96) Eden regions: 44->0(44)
[2026-04-03T01:53:05.188+0600][18.592s][info][gc,heap        ] GC(96) Survivor regions: 1->1(6)
[2026-04-03T01:53:05.188+0600][18.592s][info][gc,heap        ] GC(96) Old regions: 9->9
[2026-04-03T01:53:05.188+0600][18.592s][info][gc,heap        ] GC(96) Humongous regions: 0->0
[2026-04-03T01:53:05.188+0600][18.592s][info][gc,metaspace   ] GC(96) Metaspace: 14218K(14464K)->14218K(14464K) NonClass: 12399K(12544K)->12399K(12544K) Class: 1819K(1920K)->1819K(1920K)
[2026-04-03T01:53:05.188+0600][18.592s][info][gc             ] GC(96) Pause Young (Normal) (G1 Evacuation Pause) 92M->4M(150M) 23.730ms
[2026-04-03T01:53:05.188+0600][18.592s][info][gc,cpu         ] GC(96) User=0.01s Sys=0.00s Real=0.02s
[2026-04-03T01:53:05.376+0600][18.780s][info][gc,start       ] GC(97) Pause Young (Normal) (G1 Evacuation Pause)
[2026-04-03T01:53:05.376+0600][18.780s][info][gc,task        ] GC(97) Using 10 workers of 10 for evacuation
[2026-04-03T01:53:05.377+0600][18.781s][info][gc,phases      ] GC(97)   Pre Evacuate Collection Set: 0.13ms
[2026-04-03T01:53:05.377+0600][18.781s][info][gc,phases      ] GC(97)   Merge Heap Roots: 0.07ms
[2026-04-03T01:53:05.377+0600][18.781s][info][gc,phases      ] GC(97)   Evacuate Collection Set: 0.40ms
[2026-04-03T01:53:05.377+0600][18.781s][info][gc,phases      ] GC(97)   Post Evacuate Collection Set: 0.36ms
[2026-04-03T01:53:05.377+0600][18.781s][info][gc,phases      ] GC(97)   Other: 0.07ms
[2026-04-03T01:53:05.377+0600][18.781s][info][gc,heap        ] GC(97) Eden regions: 44->0(44)
[2026-04-03T01:53:05.377+0600][18.781s][info][gc,heap        ] GC(97) Survivor regions: 1->1(6)
[2026-04-03T01:53:05.377+0600][18.781s][info][gc,heap        ] GC(97) Old regions: 9->9
[2026-04-03T01:53:05.377+0600][18.781s][info][gc,heap        ] GC(97) Humongous regions: 0->0
[2026-04-03T01:53:05.377+0600][18.781s][info][gc,metaspace   ] GC(97) Metaspace: 14218K(14464K)->14218K(14464K) NonClass: 12399K(12544K)->12399K(12544K) Class: 1819K(1920K)->1819K(1920K)
[2026-04-03T01:53:05.377+0600][18.781s][info][gc             ] GC(97) Pause Young (Normal) (G1 Evacuation Pause) 92M->4M(150M) 1.248ms
[2026-04-03T01:53:05.377+0600][18.781s][info][gc,cpu         ] GC(97) User=0.01s Sys=0.00s Real=0.00s
[2026-04-03T01:53:05.601+0600][19.005s][info][gc,start       ] GC(98) Pause Full (System.gc())
[2026-04-03T01:53:05.602+0600][19.006s][info][gc,task        ] GC(98) Using 6 workers of 10 for full compaction
[2026-04-03T01:53:05.602+0600][19.006s][info][gc,phases,start] GC(98) Phase 1: Mark live objects
[2026-04-03T01:53:05.607+0600][19.011s][info][gc,phases      ] GC(98) Phase 1: Mark live objects 5.570ms
[2026-04-03T01:53:05.607+0600][19.011s][info][gc,phases,start] GC(98) Phase 2: Prepare compaction
[2026-04-03T01:53:05.608+0600][19.012s][info][gc,phases      ] GC(98) Phase 2: Prepare compaction 0.925ms
[2026-04-03T01:53:05.608+0600][19.012s][info][gc,phases,start] GC(98) Phase 3: Adjust pointers
[2026-04-03T01:53:05.611+0600][19.015s][info][gc,phases      ] GC(98) Phase 3: Adjust pointers 2.585ms
[2026-04-03T01:53:05.611+0600][19.015s][info][gc,phases,start] GC(98) Phase 4: Compact heap
[2026-04-03T01:53:05.612+0600][19.016s][info][gc,phases      ] GC(98) Phase 4: Compact heap 0.781ms
[2026-04-03T01:53:05.612+0600][19.016s][info][gc,phases,start] GC(98) Phase 5: Reset Metadata
[2026-04-03T01:53:05.613+0600][19.017s][info][gc,phases      ] GC(98) Phase 5: Reset Metadata 1.280ms
[2026-04-03T01:53:05.616+0600][19.020s][info][gc,heap        ] GC(98) Eden regions: 40->0(14)
[2026-04-03T01:53:05.616+0600][19.020s][info][gc,heap        ] GC(98) Survivor regions: 1->0(6)
[2026-04-03T01:53:05.616+0600][19.020s][info][gc,heap        ] GC(98) Old regions: 9->7
[2026-04-03T01:53:05.616+0600][19.020s][info][gc,heap        ] GC(98) Humongous regions: 0->0
[2026-04-03T01:53:05.616+0600][19.020s][info][gc,metaspace   ] GC(98) Metaspace: 14218K(14464K)->14218K(14464K) NonClass: 12399K(12544K)->12399K(12544K) Class: 1819K(1920K)->1819K(1920K)
[2026-04-03T01:53:05.616+0600][19.020s][info][gc             ] GC(98) Pause Full (System.gc()) 84M->4M(48M) 14.864ms
[2026-04-03T01:53:05.616+0600][19.020s][info][gc,cpu         ] GC(98) User=0.03s Sys=0.01s Real=0.01s
[2026-04-03T01:53:05.662+0600][19.066s][info][gc,start       ] GC(99) Pause Young (Normal) (G1 Evacuation Pause)
[2026-04-03T01:53:05.662+0600][19.066s][info][gc,task        ] GC(99) Using 10 workers of 10 for evacuation
[2026-04-03T01:53:05.663+0600][19.067s][info][gc,phases      ] GC(99)   Pre Evacuate Collection Set: 0.16ms
[2026-04-03T01:53:05.663+0600][19.067s][info][gc,phases      ] GC(99)   Merge Heap Roots: 0.08ms
[2026-04-03T01:53:05.663+0600][19.068s][info][gc,phases      ] GC(99)   Evacuate Collection Set: 0.29ms
[2026-04-03T01:53:05.663+0600][19.068s][info][gc,phases      ] GC(99)   Post Evacuate Collection Set: 0.38ms
[2026-04-03T01:53:05.663+0600][19.068s][info][gc,phases      ] GC(99)   Other: 0.09ms
[2026-04-03T01:53:05.663+0600][19.068s][info][gc,heap        ] GC(99) Eden regions: 14->0(13)
[2026-04-03T01:53:05.664+0600][19.068s][info][gc,heap        ] GC(99) Survivor regions: 0->1(2)
[2026-04-03T01:53:05.664+0600][19.068s][info][gc,heap        ] GC(99) Old regions: 7->7
[2026-04-03T01:53:05.664+0600][19.068s][info][gc,heap        ] GC(99) Humongous regions: 0->0
[2026-04-03T01:53:05.664+0600][19.068s][info][gc,metaspace   ] GC(99) Metaspace: 14218K(14464K)->14218K(14464K) NonClass: 12399K(12544K)->12399K(12544K) Class: 1819K(1920K)->1819K(1920K)
[2026-04-03T01:53:05.664+0600][19.068s][info][gc             ] GC(99) Pause Young (Normal) (G1 Evacuation Pause) 32M->4M(48M) 1.259ms
[2026-04-03T01:53:05.664+0600][19.068s][info][gc,cpu         ] GC(99) User=0.01s Sys=0.00s Real=0.00s
[2026-04-03T01:53:05.707+0600][19.111s][info][gc,start       ] GC(100) Pause Young (Normal) (G1 Evacuation Pause)
[2026-04-03T01:53:05.707+0600][19.111s][info][gc,task        ] GC(100) Using 10 workers of 10 for evacuation
[2026-04-03T01:53:05.708+0600][19.112s][info][gc,phases      ] GC(100)   Pre Evacuate Collection Set: 0.14ms
[2026-04-03T01:53:05.708+0600][19.112s][info][gc,phases      ] GC(100)   Merge Heap Roots: 0.07ms
[2026-04-03T01:53:05.708+0600][19.112s][info][gc,phases      ] GC(100)   Evacuate Collection Set: 0.32ms
[2026-04-03T01:53:05.708+0600][19.112s][info][gc,phases      ] GC(100)   Post Evacuate Collection Set: 0.31ms
[2026-04-03T01:53:05.708+0600][19.112s][info][gc,phases      ] GC(100)   Other: 0.08ms
[2026-04-03T01:53:05.708+0600][19.112s][info][gc,heap        ] GC(100) Eden regions: 13->0(13)
[2026-04-03T01:53:05.708+0600][19.112s][info][gc,heap        ] GC(100) Survivor regions: 1->1(2)
[2026-04-03T01:53:05.708+0600][19.112s][info][gc,heap        ] GC(100) Old regions: 7->7
[2026-04-03T01:53:05.708+0600][19.112s][info][gc,heap        ] GC(100) Humongous regions: 0->0
[2026-04-03T01:53:05.708+0600][19.112s][info][gc,metaspace   ] GC(100) Metaspace: 14218K(14464K)->14218K(14464K) NonClass: 12399K(12544K)->12399K(12544K) Class: 1819K(1920K)->1819K(1920K)
[2026-04-03T01:53:05.708+0600][19.112s][info][gc             ] GC(100) Pause Young (Normal) (G1 Evacuation Pause) 30M->4M(48M) 1.219ms
[2026-04-03T01:53:05.708+0600][19.112s][info][gc,cpu         ] GC(100) User=0.00s Sys=0.00s Real=0.00s
[2026-04-03T01:53:05.751+0600][19.156s][info][gc,start       ] GC(101) Pause Young (Normal) (G1 Evacuation Pause)
[2026-04-03T01:53:05.752+0600][19.156s][info][gc,task        ] GC(101) Using 10 workers of 10 for evacuation
[2026-04-03T01:53:05.753+0600][19.157s][info][gc,phases      ] GC(101)   Pre Evacuate Collection Set: 0.15ms
[2026-04-03T01:53:05.753+0600][19.157s][info][gc,phases      ] GC(101)   Merge Heap Roots: 0.08ms
[2026-04-03T01:53:05.753+0600][19.157s][info][gc,phases      ] GC(101)   Evacuate Collection Set: 0.30ms
[2026-04-03T01:53:05.753+0600][19.157s][info][gc,phases      ] GC(101)   Post Evacuate Collection Set: 0.31ms
[2026-04-03T01:53:05.753+0600][19.157s][info][gc,phases      ] GC(101)   Other: 0.08ms
[2026-04-03T01:53:05.753+0600][19.157s][info][gc,heap        ] GC(101) Eden regions: 13->0(13)
[2026-04-03T01:53:05.753+0600][19.157s][info][gc,heap        ] GC(101) Survivor regions: 1->1(2)
[2026-04-03T01:53:05.753+0600][19.157s][info][gc,heap        ] GC(101) Old regions: 7->7
[2026-04-03T01:53:05.753+0600][19.157s][info][gc,heap        ] GC(101) Humongous regions: 0->0
[2026-04-03T01:53:05.753+0600][19.157s][info][gc,metaspace   ] GC(101) Metaspace: 14218K(14464K)->14218K(14464K) NonClass: 12399K(12544K)->12399K(12544K) Class: 1819K(1920K)->1819K(1920K)
[2026-04-03T01:53:05.753+0600][19.157s][info][gc             ] GC(101) Pause Young (Normal) (G1 Evacuation Pause) 30M->4M(48M) 1.190ms
[2026-04-03T01:53:05.753+0600][19.157s][info][gc,cpu         ] GC(101) User=0.00s Sys=0.00s Real=0.00s
[2026-04-03T01:53:05.792+0600][19.196s][info][gc,start       ] GC(102) Pause Young (Normal) (G1 Evacuation Pause)
[2026-04-03T01:53:05.792+0600][19.196s][info][gc,task        ] GC(102) Using 10 workers of 10 for evacuation
[2026-04-03T01:53:05.794+0600][19.198s][info][gc,phases      ] GC(102)   Pre Evacuate Collection Set: 0.14ms
[2026-04-03T01:53:05.794+0600][19.198s][info][gc,phases      ] GC(102)   Merge Heap Roots: 0.07ms
[2026-04-03T01:53:05.794+0600][19.198s][info][gc,phases      ] GC(102)   Evacuate Collection Set: 0.33ms
[2026-04-03T01:53:05.794+0600][19.198s][info][gc,phases      ] GC(102)   Post Evacuate Collection Set: 0.92ms
[2026-04-03T01:53:05.794+0600][19.198s][info][gc,phases      ] GC(102)   Other: 0.09ms
[2026-04-03T01:53:05.794+0600][19.198s][info][gc,heap        ] GC(102) Eden regions: 13->0(43)
[2026-04-03T01:53:05.794+0600][19.198s][info][gc,heap        ] GC(102) Survivor regions: 1->1(2)
[2026-04-03T01:53:05.794+0600][19.198s][info][gc,heap        ] GC(102) Old regions: 7->7
[2026-04-03T01:53:05.794+0600][19.198s][info][gc,heap        ] GC(102) Humongous regions: 0->0
[2026-04-03T01:53:05.794+0600][19.198s][info][gc,metaspace   ] GC(102) Metaspace: 14218K(14464K)->14218K(14464K) NonClass: 12399K(12544K)->12399K(12544K) Class: 1819K(1920K)->1819K(1920K)
[2026-04-03T01:53:05.794+0600][19.198s][info][gc             ] GC(102) Pause Young (Normal) (G1 Evacuation Pause) 30M->4M(148M) 1.808ms
[2026-04-03T01:53:05.794+0600][19.198s][info][gc,cpu         ] GC(102) User=0.00s Sys=0.00s Real=0.00s
[2026-04-03T01:53:05.935+0600][19.339s][info][gc,start       ] GC(103) Pause Young (Normal) (G1 Evacuation Pause)
[2026-04-03T01:53:05.935+0600][19.339s][info][gc,task        ] GC(103) Using 10 workers of 10 for evacuation
[2026-04-03T01:53:05.937+0600][19.341s][info][gc,phases      ] GC(103)   Pre Evacuate Collection Set: 0.16ms
[2026-04-03T01:53:05.937+0600][19.341s][info][gc,phases      ] GC(103)   Merge Heap Roots: 0.12ms
[2026-04-03T01:53:05.937+0600][19.341s][info][gc,phases      ] GC(103)   Evacuate Collection Set: 1.02ms
[2026-04-03T01:53:05.937+0600][19.341s][info][gc,phases      ] GC(103)   Post Evacuate Collection Set: 0.62ms
[2026-04-03T01:53:05.937+0600][19.341s][info][gc,phases      ] GC(103)   Other: 0.12ms
[2026-04-03T01:53:05.937+0600][19.341s][info][gc,heap        ] GC(103) Eden regions: 43->0(43)
[2026-04-03T01:53:05.937+0600][19.341s][info][gc,heap        ] GC(103) Survivor regions: 1->1(6)
[2026-04-03T01:53:05.937+0600][19.341s][info][gc,heap        ] GC(103) Old regions: 7->7
[2026-04-03T01:53:05.937+0600][19.341s][info][gc,heap        ] GC(103) Humongous regions: 0->0
[2026-04-03T01:53:05.937+0600][19.341s][info][gc,metaspace   ] GC(103) Metaspace: 14218K(14464K)->14218K(14464K) NonClass: 12399K(12544K)->12399K(12544K) Class: 1819K(1920K)->1819K(1920K)
[2026-04-03T01:53:05.937+0600][19.341s][info][gc             ] GC(103) Pause Young (Normal) (G1 Evacuation Pause) 90M->4M(148M) 2.574ms
[2026-04-03T01:53:05.937+0600][19.341s][info][gc,cpu         ] GC(103) User=0.00s Sys=0.00s Real=0.00s
[2026-04-03T01:53:06.084+0600][19.488s][info][gc,start       ] GC(104) Pause Young (Normal) (G1 Evacuation Pause)
[2026-04-03T01:53:06.084+0600][19.488s][info][gc,task        ] GC(104) Using 10 workers of 10 for evacuation
[2026-04-03T01:53:06.085+0600][19.489s][info][gc,phases      ] GC(104)   Pre Evacuate Collection Set: 0.14ms
[2026-04-03T01:53:06.085+0600][19.489s][info][gc,phases      ] GC(104)   Merge Heap Roots: 0.09ms
[2026-04-03T01:53:06.085+0600][19.489s][info][gc,phases      ] GC(104)   Evacuate Collection Set: 0.47ms
[2026-04-03T01:53:06.085+0600][19.489s][info][gc,phases      ] GC(104)   Post Evacuate Collection Set: 0.40ms
[2026-04-03T01:53:06.085+0600][19.489s][info][gc,phases      ] GC(104)   Other: 0.12ms
[2026-04-03T01:53:06.085+0600][19.489s][info][gc,heap        ] GC(104) Eden regions: 43->0(43)
[2026-04-03T01:53:06.085+0600][19.489s][info][gc,heap        ] GC(104) Survivor regions: 1->1(6)
[2026-04-03T01:53:06.085+0600][19.489s][info][gc,heap        ] GC(104) Old regions: 7->7
[2026-04-03T01:53:06.085+0600][19.489s][info][gc,heap        ] GC(104) Humongous regions: 0->0
[2026-04-03T01:53:06.085+0600][19.489s][info][gc,metaspace   ] GC(104) Metaspace: 14218K(14464K)->14218K(14464K) NonClass: 12399K(12544K)->12399K(12544K) Class: 1819K(1920K)->1819K(1920K)
[2026-04-03T01:53:06.085+0600][19.489s][info][gc             ] GC(104) Pause Young (Normal) (G1 Evacuation Pause) 90M->4M(148M) 1.523ms
[2026-04-03T01:53:06.085+0600][19.489s][info][gc,cpu         ] GC(104) User=0.00s Sys=0.00s Real=0.00s
[2026-04-03T01:53:06.223+0600][19.627s][info][gc,start       ] GC(105) Pause Young (Normal) (G1 Evacuation Pause)
[2026-04-03T01:53:06.224+0600][19.628s][info][gc,task        ] GC(105) Using 10 workers of 10 for evacuation
[2026-04-03T01:53:06.225+0600][19.629s][info][gc,phases      ] GC(105)   Pre Evacuate Collection Set: 0.16ms
[2026-04-03T01:53:06.225+0600][19.629s][info][gc,phases      ] GC(105)   Merge Heap Roots: 0.10ms
[2026-04-03T01:53:06.225+0600][19.629s][info][gc,phases      ] GC(105)   Evacuate Collection Set: 0.31ms
[2026-04-03T01:53:06.225+0600][19.629s][info][gc,phases      ] GC(105)   Post Evacuate Collection Set: 0.42ms
[2026-04-03T01:53:06.225+0600][19.629s][info][gc,phases      ] GC(105)   Other: 0.10ms
[2026-04-03T01:53:06.225+0600][19.629s][info][gc,heap        ] GC(105) Eden regions: 43->0(43)
[2026-04-03T01:53:06.225+0600][19.629s][info][gc,heap        ] GC(105) Survivor regions: 1->1(6)
[2026-04-03T01:53:06.225+0600][19.629s][info][gc,heap        ] GC(105) Old regions: 7->7
[2026-04-03T01:53:06.225+0600][19.629s][info][gc,heap        ] GC(105) Humongous regions: 0->0
[2026-04-03T01:53:06.225+0600][19.629s][info][gc,metaspace   ] GC(105) Metaspace: 14218K(14464K)->14218K(14464K) NonClass: 12399K(12544K)->12399K(12544K) Class: 1819K(1920K)->1819K(1920K)
[2026-04-03T01:53:06.225+0600][19.629s][info][gc             ] GC(105) Pause Young (Normal) (G1 Evacuation Pause) 90M->4M(148M) 1.564ms
[2026-04-03T01:53:06.225+0600][19.629s][info][gc,cpu         ] GC(105) User=0.00s Sys=0.00s Real=0.00s
[2026-04-03T01:53:06.361+0600][19.765s][info][gc,start       ] GC(106) Pause Young (Normal) (G1 Evacuation Pause)
[2026-04-03T01:53:06.361+0600][19.765s][info][gc,task        ] GC(106) Using 10 workers of 10 for evacuation
[2026-04-03T01:53:06.362+0600][19.766s][info][gc,phases      ] GC(106)   Pre Evacuate Collection Set: 0.14ms
[2026-04-03T01:53:06.362+0600][19.766s][info][gc,phases      ] GC(106)   Merge Heap Roots: 0.09ms
[2026-04-03T01:53:06.362+0600][19.766s][info][gc,phases      ] GC(106)   Evacuate Collection Set: 0.27ms
[2026-04-03T01:53:06.362+0600][19.766s][info][gc,phases      ] GC(106)   Post Evacuate Collection Set: 0.37ms
[2026-04-03T01:53:06.362+0600][19.766s][info][gc,phases      ] GC(106)   Other: 0.09ms
[2026-04-03T01:53:06.362+0600][19.767s][info][gc,heap        ] GC(106) Eden regions: 43->0(43)
[2026-04-03T01:53:06.362+0600][19.767s][info][gc,heap        ] GC(106) Survivor regions: 1->1(6)
[2026-04-03T01:53:06.362+0600][19.767s][info][gc,heap        ] GC(106) Old regions: 7->7
[2026-04-03T01:53:06.362+0600][19.767s][info][gc,heap        ] GC(106) Humongous regions: 0->0
[2026-04-03T01:53:06.362+0600][19.767s][info][gc,metaspace   ] GC(106) Metaspace: 14218K(14464K)->14218K(14464K) NonClass: 12399K(12544K)->12399K(12544K) Class: 1819K(1920K)->1819K(1920K)
[2026-04-03T01:53:06.363+0600][19.767s][info][gc             ] GC(106) Pause Young (Normal) (G1 Evacuation Pause) 90M->4M(148M) 1.218ms
[2026-04-03T01:53:06.363+0600][19.767s][info][gc,cpu         ] GC(106) User=0.00s Sys=0.01s Real=0.00s
[2026-04-03T01:53:06.500+0600][19.904s][info][gc,start       ] GC(107) Pause Young (Normal) (G1 Evacuation Pause)
[2026-04-03T01:53:06.500+0600][19.904s][info][gc,task        ] GC(107) Using 10 workers of 10 for evacuation
[2026-04-03T01:53:06.501+0600][19.905s][info][gc,phases      ] GC(107)   Pre Evacuate Collection Set: 0.14ms
[2026-04-03T01:53:06.501+0600][19.905s][info][gc,phases      ] GC(107)   Merge Heap Roots: 0.08ms
[2026-04-03T01:53:06.501+0600][19.905s][info][gc,phases      ] GC(107)   Evacuate Collection Set: 0.32ms
[2026-04-03T01:53:06.501+0600][19.905s][info][gc,phases      ] GC(107)   Post Evacuate Collection Set: 0.39ms
[2026-04-03T01:53:06.501+0600][19.905s][info][gc,phases      ] GC(107)   Other: 0.08ms
[2026-04-03T01:53:06.501+0600][19.905s][info][gc,heap        ] GC(107) Eden regions: 43->0(43)
[2026-04-03T01:53:06.501+0600][19.905s][info][gc,heap        ] GC(107) Survivor regions: 1->1(6)
[2026-04-03T01:53:06.501+0600][19.905s][info][gc,heap        ] GC(107) Old regions: 7->7
[2026-04-03T01:53:06.501+0600][19.905s][info][gc,heap        ] GC(107) Humongous regions: 0->0
[2026-04-03T01:53:06.501+0600][19.905s][info][gc,metaspace   ] GC(107) Metaspace: 14218K(14464K)->14218K(14464K) NonClass: 12399K(12544K)->12399K(12544K) Class: 1819K(1920K)->1819K(1920K)
[2026-04-03T01:53:06.501+0600][19.905s][info][gc             ] GC(107) Pause Young (Normal) (G1 Evacuation Pause) 90M->4M(148M) 1.271ms
[2026-04-03T01:53:06.501+0600][19.905s][info][gc,cpu         ] GC(107) User=0.00s Sys=0.00s Real=0.00s
[2026-04-03T01:53:06.633+0600][20.037s][info][gc,start       ] GC(108) Pause Young (Normal) (G1 Evacuation Pause)
[2026-04-03T01:53:06.633+0600][20.037s][info][gc,task        ] GC(108) Using 10 workers of 10 for evacuation
[2026-04-03T01:53:06.634+0600][20.038s][info][gc,phases      ] GC(108)   Pre Evacuate Collection Set: 0.14ms
[2026-04-03T01:53:06.634+0600][20.038s][info][gc,phases      ] GC(108)   Merge Heap Roots: 0.08ms
[2026-04-03T01:53:06.634+0600][20.038s][info][gc,phases      ] GC(108)   Evacuate Collection Set: 0.29ms
[2026-04-03T01:53:06.634+0600][20.038s][info][gc,phases      ] GC(108)   Post Evacuate Collection Set: 0.37ms
[2026-04-03T01:53:06.634+0600][20.038s][info][gc,phases      ] GC(108)   Other: 0.08ms
[2026-04-03T01:53:06.634+0600][20.038s][info][gc,heap        ] GC(108) Eden regions: 43->0(43)
[2026-04-03T01:53:06.634+0600][20.038s][info][gc,heap        ] GC(108) Survivor regions: 1->1(6)
[2026-04-03T01:53:06.634+0600][20.038s][info][gc,heap        ] GC(108) Old regions: 7->7
[2026-04-03T01:53:06.634+0600][20.038s][info][gc,heap        ] GC(108) Humongous regions: 0->0
[2026-04-03T01:53:06.634+0600][20.038s][info][gc,metaspace   ] GC(108) Metaspace: 14218K(14464K)->14218K(14464K) NonClass: 12399K(12544K)->12399K(12544K) Class: 1819K(1920K)->1819K(1920K)
[2026-04-03T01:53:06.634+0600][20.038s][info][gc             ] GC(108) Pause Young (Normal) (G1 Evacuation Pause) 90M->4M(148M) 1.232ms
[2026-04-03T01:53:06.634+0600][20.038s][info][gc,cpu         ] GC(108) User=0.00s Sys=0.00s Real=0.00s
[2026-04-03T01:53:06.773+0600][20.177s][info][gc,start       ] GC(109) Pause Young (Normal) (G1 Evacuation Pause)
[2026-04-03T01:53:06.773+0600][20.177s][info][gc,task        ] GC(109) Using 10 workers of 10 for evacuation
[2026-04-03T01:53:06.774+0600][20.178s][info][gc,phases      ] GC(109)   Pre Evacuate Collection Set: 0.12ms
[2026-04-03T01:53:06.774+0600][20.178s][info][gc,phases      ] GC(109)   Merge Heap Roots: 0.08ms
[2026-04-03T01:53:06.774+0600][20.178s][info][gc,phases      ] GC(109)   Evacuate Collection Set: 0.27ms
[2026-04-03T01:53:06.774+0600][20.178s][info][gc,phases      ] GC(109)   Post Evacuate Collection Set: 0.41ms
[2026-04-03T01:53:06.774+0600][20.178s][info][gc,phases      ] GC(109)   Other: 0.08ms
[2026-04-03T01:53:06.774+0600][20.178s][info][gc,heap        ] GC(109) Eden regions: 43->0(43)
[2026-04-03T01:53:06.774+0600][20.178s][info][gc,heap        ] GC(109) Survivor regions: 1->1(6)
[2026-04-03T01:53:06.774+0600][20.178s][info][gc,heap        ] GC(109) Old regions: 7->7
[2026-04-03T01:53:06.774+0600][20.178s][info][gc,heap        ] GC(109) Humongous regions: 0->0
[2026-04-03T01:53:06.774+0600][20.178s][info][gc,metaspace   ] GC(109) Metaspace: 14218K(14464K)->14218K(14464K) NonClass: 12399K(12544K)->12399K(12544K) Class: 1819K(1920K)->1819K(1920K)
[2026-04-03T01:53:06.774+0600][20.178s][info][gc             ] GC(109) Pause Young (Normal) (G1 Evacuation Pause) 90M->4M(148M) 1.211ms
[2026-04-03T01:53:06.774+0600][20.178s][info][gc,cpu         ] GC(109) User=0.00s Sys=0.00s Real=0.00s
[2026-04-03T01:53:06.911+0600][20.315s][info][gc,start       ] GC(110) Pause Young (Normal) (G1 Evacuation Pause)
[2026-04-03T01:53:06.912+0600][20.316s][info][gc,task        ] GC(110) Using 10 workers of 10 for evacuation
[2026-04-03T01:53:06.913+0600][20.317s][info][gc,phases      ] GC(110)   Pre Evacuate Collection Set: 0.22ms
[2026-04-03T01:53:06.913+0600][20.317s][info][gc,phases      ] GC(110)   Merge Heap Roots: 0.10ms
[2026-04-03T01:53:06.913+0600][20.317s][info][gc,phases      ] GC(110)   Evacuate Collection Set: 0.36ms
[2026-04-03T01:53:06.913+0600][20.317s][info][gc,phases      ] GC(110)   Post Evacuate Collection Set: 0.47ms
[2026-04-03T01:53:06.913+0600][20.317s][info][gc,phases      ] GC(110)   Other: 0.10ms
[2026-04-03T01:53:06.913+0600][20.317s][info][gc,heap        ] GC(110) Eden regions: 43->0(43)
[2026-04-03T01:53:06.913+0600][20.317s][info][gc,heap        ] GC(110) Survivor regions: 1->1(6)
[2026-04-03T01:53:06.913+0600][20.317s][info][gc,heap        ] GC(110) Old regions: 7->7
[2026-04-03T01:53:06.913+0600][20.317s][info][gc,heap        ] GC(110) Humongous regions: 0->0
[2026-04-03T01:53:06.913+0600][20.317s][info][gc,metaspace   ] GC(110) Metaspace: 14218K(14464K)->14218K(14464K) NonClass: 12399K(12544K)->12399K(12544K) Class: 1819K(1920K)->1819K(1920K)
[2026-04-03T01:53:06.913+0600][20.317s][info][gc             ] GC(110) Pause Young (Normal) (G1 Evacuation Pause) 90M->4M(148M) 1.602ms
[2026-04-03T01:53:06.913+0600][20.317s][info][gc,cpu         ] GC(110) User=0.01s Sys=0.00s Real=0.00s
[2026-04-03T01:53:07.051+0600][20.455s][info][gc,start       ] GC(111) Pause Young (Normal) (G1 Evacuation Pause)
[2026-04-03T01:53:07.051+0600][20.455s][info][gc,task        ] GC(111) Using 10 workers of 10 for evacuation
[2026-04-03T01:53:07.052+0600][20.456s][info][gc,phases      ] GC(111)   Pre Evacuate Collection Set: 0.14ms
[2026-04-03T01:53:07.052+0600][20.456s][info][gc,phases      ] GC(111)   Merge Heap Roots: 0.08ms
[2026-04-03T01:53:07.052+0600][20.456s][info][gc,phases      ] GC(111)   Evacuate Collection Set: 0.32ms
[2026-04-03T01:53:07.052+0600][20.456s][info][gc,phases      ] GC(111)   Post Evacuate Collection Set: 0.40ms
[2026-04-03T01:53:07.052+0600][20.456s][info][gc,phases      ] GC(111)   Other: 0.12ms
[2026-04-03T01:53:07.052+0600][20.456s][info][gc,heap        ] GC(111) Eden regions: 43->0(43)
[2026-04-03T01:53:07.052+0600][20.456s][info][gc,heap        ] GC(111) Survivor regions: 1->1(6)
[2026-04-03T01:53:07.052+0600][20.456s][info][gc,heap        ] GC(111) Old regions: 7->7
[2026-04-03T01:53:07.052+0600][20.456s][info][gc,heap        ] GC(111) Humongous regions: 0->0
[2026-04-03T01:53:07.052+0600][20.456s][info][gc,metaspace   ] GC(111) Metaspace: 14218K(14464K)->14218K(14464K) NonClass: 12399K(12544K)->12399K(12544K) Class: 1819K(1920K)->1819K(1920K)
[2026-04-03T01:53:07.052+0600][20.456s][info][gc             ] GC(111) Pause Young (Normal) (G1 Evacuation Pause) 90M->4M(148M) 1.366ms
[2026-04-03T01:53:07.052+0600][20.456s][info][gc,cpu         ] GC(111) User=0.01s Sys=0.00s Real=0.00s
[2026-04-03T01:53:07.189+0600][20.593s][info][gc,start       ] GC(112) Pause Young (Normal) (G1 Evacuation Pause)
[2026-04-03T01:53:07.189+0600][20.593s][info][gc,task        ] GC(112) Using 10 workers of 10 for evacuation
[2026-04-03T01:53:07.190+0600][20.594s][info][gc,phases      ] GC(112)   Pre Evacuate Collection Set: 0.12ms
[2026-04-03T01:53:07.190+0600][20.594s][info][gc,phases      ] GC(112)   Merge Heap Roots: 0.08ms
[2026-04-03T01:53:07.190+0600][20.594s][info][gc,phases      ] GC(112)   Evacuate Collection Set: 0.28ms
[2026-04-03T01:53:07.190+0600][20.594s][info][gc,phases      ] GC(112)   Post Evacuate Collection Set: 0.40ms
[2026-04-03T01:53:07.190+0600][20.594s][info][gc,phases      ] GC(112)   Other: 0.08ms
[2026-04-03T01:53:07.190+0600][20.594s][info][gc,heap        ] GC(112) Eden regions: 43->0(43)
[2026-04-03T01:53:07.190+0600][20.594s][info][gc,heap        ] GC(112) Survivor regions: 1->1(6)
[2026-04-03T01:53:07.190+0600][20.594s][info][gc,heap        ] GC(112) Old regions: 7->7
[2026-04-03T01:53:07.190+0600][20.594s][info][gc,heap        ] GC(112) Humongous regions: 0->0
[2026-04-03T01:53:07.190+0600][20.594s][info][gc,metaspace   ] GC(112) Metaspace: 14218K(14464K)->14218K(14464K) NonClass: 12399K(12544K)->12399K(12544K) Class: 1819K(1920K)->1819K(1920K)
[2026-04-03T01:53:07.190+0600][20.594s][info][gc             ] GC(112) Pause Young (Normal) (G1 Evacuation Pause) 90M->4M(148M) 1.213ms
[2026-04-03T01:53:07.190+0600][20.594s][info][gc,cpu         ] GC(112) User=0.00s Sys=0.00s Real=0.01s
[2026-04-03T01:53:07.327+0600][20.731s][info][gc,start       ] GC(113) Pause Young (Normal) (G1 Evacuation Pause)
[2026-04-03T01:53:07.327+0600][20.731s][info][gc,task        ] GC(113) Using 10 workers of 10 for evacuation
[2026-04-03T01:53:07.328+0600][20.732s][info][gc,phases      ] GC(113)   Pre Evacuate Collection Set: 0.14ms
[2026-04-03T01:53:07.328+0600][20.732s][info][gc,phases      ] GC(113)   Merge Heap Roots: 0.08ms
[2026-04-03T01:53:07.328+0600][20.732s][info][gc,phases      ] GC(113)   Evacuate Collection Set: 0.26ms
[2026-04-03T01:53:07.328+0600][20.732s][info][gc,phases      ] GC(113)   Post Evacuate Collection Set: 0.39ms
[2026-04-03T01:53:07.328+0600][20.732s][info][gc,phases      ] GC(113)   Other: 0.09ms
[2026-04-03T01:53:07.328+0600][20.732s][info][gc,heap        ] GC(113) Eden regions: 43->0(43)
[2026-04-03T01:53:07.328+0600][20.732s][info][gc,heap        ] GC(113) Survivor regions: 1->1(6)
[2026-04-03T01:53:07.328+0600][20.732s][info][gc,heap        ] GC(113) Old regions: 7->7
[2026-04-03T01:53:07.328+0600][20.732s][info][gc,heap        ] GC(113) Humongous regions: 0->0
[2026-04-03T01:53:07.328+0600][20.732s][info][gc,metaspace   ] GC(113) Metaspace: 14218K(14464K)->14218K(14464K) NonClass: 12399K(12544K)->12399K(12544K) Class: 1819K(1920K)->1819K(1920K)
[2026-04-03T01:53:07.328+0600][20.732s][info][gc             ] GC(113) Pause Young (Normal) (G1 Evacuation Pause) 90M->4M(148M) 1.231ms
[2026-04-03T01:53:07.328+0600][20.732s][info][gc,cpu         ] GC(113) User=0.00s Sys=0.00s Real=0.00s
[2026-04-03T01:53:07.460+0600][20.864s][info][gc,start       ] GC(114) Pause Young (Normal) (G1 Evacuation Pause)
[2026-04-03T01:53:07.461+0600][20.865s][info][gc,task        ] GC(114) Using 10 workers of 10 for evacuation
[2026-04-03T01:53:07.462+0600][20.866s][info][gc,phases      ] GC(114)   Pre Evacuate Collection Set: 0.14ms
[2026-04-03T01:53:07.462+0600][20.866s][info][gc,phases      ] GC(114)   Merge Heap Roots: 0.07ms
[2026-04-03T01:53:07.462+0600][20.866s][info][gc,phases      ] GC(114)   Evacuate Collection Set: 0.40ms
[2026-04-03T01:53:07.462+0600][20.866s][info][gc,phases      ] GC(114)   Post Evacuate Collection Set: 0.33ms
[2026-04-03T01:53:07.462+0600][20.866s][info][gc,phases      ] GC(114)   Other: 0.11ms
[2026-04-03T01:53:07.462+0600][20.866s][info][gc,heap        ] GC(114) Eden regions: 43->0(43)
[2026-04-03T01:53:07.462+0600][20.866s][info][gc,heap        ] GC(114) Survivor regions: 1->1(6)
[2026-04-03T01:53:07.462+0600][20.866s][info][gc,heap        ] GC(114) Old regions: 7->8
[2026-04-03T01:53:07.462+0600][20.866s][info][gc,heap        ] GC(114) Humongous regions: 0->0
[2026-04-03T01:53:07.462+0600][20.866s][info][gc,metaspace   ] GC(114) Metaspace: 14218K(14464K)->14218K(14464K) NonClass: 12399K(12544K)->12399K(12544K) Class: 1819K(1920K)->1819K(1920K)
[2026-04-03T01:53:07.462+0600][20.866s][info][gc             ] GC(114) Pause Young (Normal) (G1 Evacuation Pause) 90M->4M(148M) 1.433ms
[2026-04-03T01:53:07.462+0600][20.866s][info][gc,cpu         ] GC(114) User=0.01s Sys=0.00s Real=0.00s
[2026-04-03T01:53:07.599+0600][21.003s][info][gc,start       ] GC(115) Pause Young (Normal) (G1 Evacuation Pause)
[2026-04-03T01:53:07.600+0600][21.004s][info][gc,task        ] GC(115) Using 10 workers of 10 for evacuation
[2026-04-03T01:53:07.601+0600][21.005s][info][gc,phases      ] GC(115)   Pre Evacuate Collection Set: 0.16ms
[2026-04-03T01:53:07.601+0600][21.005s][info][gc,phases      ] GC(115)   Merge Heap Roots: 0.13ms
[2026-04-03T01:53:07.601+0600][21.005s][info][gc,phases      ] GC(115)   Evacuate Collection Set: 0.27ms
[2026-04-03T01:53:07.601+0600][21.005s][info][gc,phases      ] GC(115)   Post Evacuate Collection Set: 0.39ms
[2026-04-03T01:53:07.601+0600][21.005s][info][gc,phases      ] GC(115)   Other: 0.10ms
[2026-04-03T01:53:07.601+0600][21.005s][info][gc,heap        ] GC(115) Eden regions: 43->0(43)
[2026-04-03T01:53:07.601+0600][21.005s][info][gc,heap        ] GC(115) Survivor regions: 1->1(6)
[2026-04-03T01:53:07.601+0600][21.005s][info][gc,heap        ] GC(115) Old regions: 8->8
[2026-04-03T01:53:07.601+0600][21.005s][info][gc,heap        ] GC(115) Humongous regions: 0->0
[2026-04-03T01:53:07.601+0600][21.005s][info][gc,metaspace   ] GC(115) Metaspace: 14218K(14464K)->14218K(14464K) NonClass: 12399K(12544K)->12399K(12544K) Class: 1819K(1920K)->1819K(1920K)
[2026-04-03T01:53:07.601+0600][21.005s][info][gc             ] GC(115) Pause Young (Normal) (G1 Evacuation Pause) 90M->4M(148M) 1.389ms
[2026-04-03T01:53:07.601+0600][21.005s][info][gc,cpu         ] GC(115) User=0.00s Sys=0.00s Real=0.01s
[2026-04-03T01:53:07.742+0600][21.147s][info][gc,start       ] GC(116) Pause Young (Normal) (G1 Evacuation Pause)
[2026-04-03T01:53:07.743+0600][21.147s][info][gc,task        ] GC(116) Using 10 workers of 10 for evacuation
[2026-04-03T01:53:07.744+0600][21.148s][info][gc,phases      ] GC(116)   Pre Evacuate Collection Set: 0.14ms
[2026-04-03T01:53:07.744+0600][21.148s][info][gc,phases      ] GC(116)   Merge Heap Roots: 0.10ms
[2026-04-03T01:53:07.744+0600][21.148s][info][gc,phases      ] GC(116)   Evacuate Collection Set: 0.24ms
[2026-04-03T01:53:07.744+0600][21.148s][info][gc,phases      ] GC(116)   Post Evacuate Collection Set: 0.38ms
[2026-04-03T01:53:07.744+0600][21.148s][info][gc,phases      ] GC(116)   Other: 0.10ms
[2026-04-03T01:53:07.744+0600][21.148s][info][gc,heap        ] GC(116) Eden regions: 43->0(43)
[2026-04-03T01:53:07.744+0600][21.148s][info][gc,heap        ] GC(116) Survivor regions: 1->1(6)
[2026-04-03T01:53:07.744+0600][21.148s][info][gc,heap        ] GC(116) Old regions: 8->8
[2026-04-03T01:53:07.744+0600][21.148s][info][gc,heap        ] GC(116) Humongous regions: 0->0
[2026-04-03T01:53:07.744+0600][21.148s][info][gc,metaspace   ] GC(116) Metaspace: 14218K(14464K)->14218K(14464K) NonClass: 12399K(12544K)->12399K(12544K) Class: 1819K(1920K)->1819K(1920K)
[2026-04-03T01:53:07.744+0600][21.148s][info][gc             ] GC(116) Pause Young (Normal) (G1 Evacuation Pause) 90M->4M(148M) 1.343ms
[2026-04-03T01:53:07.744+0600][21.148s][info][gc,cpu         ] GC(116) User=0.01s Sys=0.00s Real=0.00s
[2026-04-03T01:53:07.878+0600][21.282s][info][gc,start       ] GC(117) Pause Young (Normal) (G1 Evacuation Pause)
[2026-04-03T01:53:07.878+0600][21.282s][info][gc,task        ] GC(117) Using 10 workers of 10 for evacuation
[2026-04-03T01:53:07.879+0600][21.283s][info][gc,phases      ] GC(117)   Pre Evacuate Collection Set: 0.12ms
[2026-04-03T01:53:07.879+0600][21.283s][info][gc,phases      ] GC(117)   Merge Heap Roots: 0.07ms
[2026-04-03T01:53:07.879+0600][21.283s][info][gc,phases      ] GC(117)   Evacuate Collection Set: 0.20ms
[2026-04-03T01:53:07.879+0600][21.283s][info][gc,phases      ] GC(117)   Post Evacuate Collection Set: 0.41ms
[2026-04-03T01:53:07.879+0600][21.283s][info][gc,phases      ] GC(117)   Other: 0.08ms
[2026-04-03T01:53:07.879+0600][21.283s][info][gc,heap        ] GC(117) Eden regions: 43->0(43)
[2026-04-03T01:53:07.879+0600][21.283s][info][gc,heap        ] GC(117) Survivor regions: 1->1(6)
[2026-04-03T01:53:07.879+0600][21.283s][info][gc,heap        ] GC(117) Old regions: 8->8
[2026-04-03T01:53:07.879+0600][21.283s][info][gc,heap        ] GC(117) Humongous regions: 0->0
[2026-04-03T01:53:07.879+0600][21.283s][info][gc,metaspace   ] GC(117) Metaspace: 14218K(14464K)->14218K(14464K) NonClass: 12399K(12544K)->12399K(12544K) Class: 1819K(1920K)->1819K(1920K)
[2026-04-03T01:53:07.879+0600][21.283s][info][gc             ] GC(117) Pause Young (Normal) (G1 Evacuation Pause) 90M->4M(148M) 1.224ms
[2026-04-03T01:53:07.879+0600][21.283s][info][gc,cpu         ] GC(117) User=0.01s Sys=0.00s Real=0.00s
[2026-04-03T01:53:08.009+0600][21.414s][info][gc,start       ] GC(118) Pause Young (Normal) (G1 Evacuation Pause)
[2026-04-03T01:53:08.010+0600][21.414s][info][gc,task        ] GC(118) Using 10 workers of 10 for evacuation
[2026-04-03T01:53:08.011+0600][21.415s][info][gc,phases      ] GC(118)   Pre Evacuate Collection Set: 0.16ms
[2026-04-03T01:53:08.011+0600][21.415s][info][gc,phases      ] GC(118)   Merge Heap Roots: 0.09ms
[2026-04-03T01:53:08.011+0600][21.415s][info][gc,phases      ] GC(118)   Evacuate Collection Set: 0.28ms
[2026-04-03T01:53:08.011+0600][21.415s][info][gc,phases      ] GC(118)   Post Evacuate Collection Set: 0.38ms
[2026-04-03T01:53:08.011+0600][21.415s][info][gc,phases      ] GC(118)   Other: 0.08ms
[2026-04-03T01:53:08.011+0600][21.415s][info][gc,heap        ] GC(118) Eden regions: 43->0(43)
[2026-04-03T01:53:08.011+0600][21.415s][info][gc,heap        ] GC(118) Survivor regions: 1->1(6)
[2026-04-03T01:53:08.011+0600][21.415s][info][gc,heap        ] GC(118) Old regions: 8->8
[2026-04-03T01:53:08.011+0600][21.415s][info][gc,heap        ] GC(118) Humongous regions: 0->0
[2026-04-03T01:53:08.011+0600][21.415s][info][gc,metaspace   ] GC(118) Metaspace: 14218K(14464K)->14218K(14464K) NonClass: 12399K(12544K)->12399K(12544K) Class: 1819K(1920K)->1819K(1920K)
[2026-04-03T01:53:08.011+0600][21.415s][info][gc             ] GC(118) Pause Young (Normal) (G1 Evacuation Pause) 90M->4M(148M) 1.264ms
[2026-04-03T01:53:08.011+0600][21.415s][info][gc,cpu         ] GC(118) User=0.00s Sys=0.00s Real=0.01s
[2026-04-03T01:53:08.149+0600][21.553s][info][gc,start       ] GC(119) Pause Young (Normal) (G1 Evacuation Pause)
[2026-04-03T01:53:08.149+0600][21.553s][info][gc,task        ] GC(119) Using 10 workers of 10 for evacuation
[2026-04-03T01:53:08.150+0600][21.554s][info][gc,phases      ] GC(119)   Pre Evacuate Collection Set: 0.15ms
[2026-04-03T01:53:08.150+0600][21.554s][info][gc,phases      ] GC(119)   Merge Heap Roots: 0.09ms
[2026-04-03T01:53:08.150+0600][21.554s][info][gc,phases      ] GC(119)   Evacuate Collection Set: 0.23ms
[2026-04-03T01:53:08.150+0600][21.554s][info][gc,phases      ] GC(119)   Post Evacuate Collection Set: 0.39ms
[2026-04-03T01:53:08.150+0600][21.554s][info][gc,phases      ] GC(119)   Other: 0.08ms
[2026-04-03T01:53:08.150+0600][21.554s][info][gc,heap        ] GC(119) Eden regions: 43->0(43)
[2026-04-03T01:53:08.150+0600][21.554s][info][gc,heap        ] GC(119) Survivor regions: 1->1(6)
[2026-04-03T01:53:08.150+0600][21.554s][info][gc,heap        ] GC(119) Old regions: 8->8
[2026-04-03T01:53:08.150+0600][21.554s][info][gc,heap        ] GC(119) Humongous regions: 0->0
[2026-04-03T01:53:08.150+0600][21.554s][info][gc,metaspace   ] GC(119) Metaspace: 14218K(14464K)->14218K(14464K) NonClass: 12399K(12544K)->12399K(12544K) Class: 1819K(1920K)->1819K(1920K)
[2026-04-03T01:53:08.150+0600][21.554s][info][gc             ] GC(119) Pause Young (Normal) (G1 Evacuation Pause) 90M->4M(148M) 1.265ms
[2026-04-03T01:53:08.150+0600][21.554s][info][gc,cpu         ] GC(119) User=0.01s Sys=0.00s Real=0.01s
[2026-04-03T01:53:08.282+0600][21.686s][info][gc,start       ] GC(120) Pause Young (Normal) (G1 Evacuation Pause)
[2026-04-03T01:53:08.282+0600][21.686s][info][gc,task        ] GC(120) Using 10 workers of 10 for evacuation
[2026-04-03T01:53:08.283+0600][21.687s][info][gc,phases      ] GC(120)   Pre Evacuate Collection Set: 0.17ms
[2026-04-03T01:53:08.283+0600][21.687s][info][gc,phases      ] GC(120)   Merge Heap Roots: 0.12ms
[2026-04-03T01:53:08.283+0600][21.688s][info][gc,phases      ] GC(120)   Evacuate Collection Set: 0.24ms
[2026-04-03T01:53:08.283+0600][21.688s][info][gc,phases      ] GC(120)   Post Evacuate Collection Set: 0.63ms
[2026-04-03T01:53:08.283+0600][21.688s][info][gc,phases      ] GC(120)   Other: 0.14ms
[2026-04-03T01:53:08.284+0600][21.688s][info][gc,heap        ] GC(120) Eden regions: 43->0(43)
[2026-04-03T01:53:08.284+0600][21.688s][info][gc,heap        ] GC(120) Survivor regions: 1->1(6)
[2026-04-03T01:53:08.284+0600][21.688s][info][gc,heap        ] GC(120) Old regions: 8->8
[2026-04-03T01:53:08.284+0600][21.688s][info][gc,heap        ] GC(120) Humongous regions: 0->0
[2026-04-03T01:53:08.284+0600][21.688s][info][gc,metaspace   ] GC(120) Metaspace: 14218K(14464K)->14218K(14464K) NonClass: 12399K(12544K)->12399K(12544K) Class: 1819K(1920K)->1819K(1920K)
[2026-04-03T01:53:08.284+0600][21.688s][info][gc             ] GC(120) Pause Young (Normal) (G1 Evacuation Pause) 90M->4M(148M) 1.663ms
[2026-04-03T01:53:08.284+0600][21.688s][info][gc,cpu         ] GC(120) User=0.01s Sys=0.00s Real=0.00s
[2026-04-03T01:53:08.420+0600][21.824s][info][gc,start       ] GC(121) Pause Young (Normal) (G1 Evacuation Pause)
[2026-04-03T01:53:08.420+0600][21.824s][info][gc,task        ] GC(121) Using 10 workers of 10 for evacuation
[2026-04-03T01:53:08.421+0600][21.825s][info][gc,phases      ] GC(121)   Pre Evacuate Collection Set: 0.12ms
[2026-04-03T01:53:08.421+0600][21.825s][info][gc,phases      ] GC(121)   Merge Heap Roots: 0.08ms
[2026-04-03T01:53:08.421+0600][21.825s][info][gc,phases      ] GC(121)   Evacuate Collection Set: 0.20ms
[2026-04-03T01:53:08.421+0600][21.825s][info][gc,phases      ] GC(121)   Post Evacuate Collection Set: 0.37ms
[2026-04-03T01:53:08.421+0600][21.825s][info][gc,phases      ] GC(121)   Other: 0.08ms
[2026-04-03T01:53:08.421+0600][21.825s][info][gc,heap        ] GC(121) Eden regions: 43->0(43)
[2026-04-03T01:53:08.421+0600][21.825s][info][gc,heap        ] GC(121) Survivor regions: 1->1(6)
[2026-04-03T01:53:08.421+0600][21.825s][info][gc,heap        ] GC(121) Old regions: 8->8
[2026-04-03T01:53:08.421+0600][21.825s][info][gc,heap        ] GC(121) Humongous regions: 0->0
[2026-04-03T01:53:08.421+0600][21.825s][info][gc,metaspace   ] GC(121) Metaspace: 14218K(14464K)->14218K(14464K) NonClass: 12399K(12544K)->12399K(12544K) Class: 1819K(1920K)->1819K(1920K)
[2026-04-03T01:53:08.421+0600][21.825s][info][gc             ] GC(121) Pause Young (Normal) (G1 Evacuation Pause) 90M->4M(148M) 1.105ms
[2026-04-03T01:53:08.421+0600][21.825s][info][gc,cpu         ] GC(121) User=0.01s Sys=0.00s Real=0.01s
[2026-04-03T01:53:08.549+0600][21.953s][info][gc,start       ] GC(122) Pause Young (Normal) (G1 Evacuation Pause)
[2026-04-03T01:53:08.549+0600][21.953s][info][gc,task        ] GC(122) Using 10 workers of 10 for evacuation
[2026-04-03T01:53:08.550+0600][21.954s][info][gc,phases      ] GC(122)   Pre Evacuate Collection Set: 0.16ms
[2026-04-03T01:53:08.550+0600][21.954s][info][gc,phases      ] GC(122)   Merge Heap Roots: 0.11ms
[2026-04-03T01:53:08.550+0600][21.954s][info][gc,phases      ] GC(122)   Evacuate Collection Set: 0.23ms
[2026-04-03T01:53:08.550+0600][21.954s][info][gc,phases      ] GC(122)   Post Evacuate Collection Set: 0.39ms
[2026-04-03T01:53:08.550+0600][21.954s][info][gc,phases      ] GC(122)   Other: 0.12ms
[2026-04-03T01:53:08.550+0600][21.954s][info][gc,heap        ] GC(122) Eden regions: 43->0(43)
[2026-04-03T01:53:08.550+0600][21.954s][info][gc,heap        ] GC(122) Survivor regions: 1->1(6)
[2026-04-03T01:53:08.550+0600][21.954s][info][gc,heap        ] GC(122) Old regions: 8->8
[2026-04-03T01:53:08.550+0600][21.954s][info][gc,heap        ] GC(122) Humongous regions: 0->0
[2026-04-03T01:53:08.550+0600][21.954s][info][gc,metaspace   ] GC(122) Metaspace: 14218K(14464K)->14218K(14464K) NonClass: 12399K(12544K)->12399K(12544K) Class: 1819K(1920K)->1819K(1920K)
[2026-04-03T01:53:08.550+0600][21.954s][info][gc             ] GC(122) Pause Young (Normal) (G1 Evacuation Pause) 90M->4M(148M) 1.414ms
[2026-04-03T01:53:08.550+0600][21.954s][info][gc,cpu         ] GC(122) User=0.00s Sys=0.00s Real=0.01s
[2026-04-03T01:53:08.683+0600][22.087s][info][gc,start       ] GC(123) Pause Young (Normal) (G1 Evacuation Pause)
[2026-04-03T01:53:08.684+0600][22.088s][info][gc,task        ] GC(123) Using 10 workers of 10 for evacuation
[2026-04-03T01:53:08.684+0600][22.089s][info][gc,phases      ] GC(123)   Pre Evacuate Collection Set: 0.16ms
[2026-04-03T01:53:08.685+0600][22.089s][info][gc,phases      ] GC(123)   Merge Heap Roots: 0.09ms
[2026-04-03T01:53:08.685+0600][22.089s][info][gc,phases      ] GC(123)   Evacuate Collection Set: 0.22ms
[2026-04-03T01:53:08.685+0600][22.089s][info][gc,phases      ] GC(123)   Post Evacuate Collection Set: 0.39ms
[2026-04-03T01:53:08.685+0600][22.089s][info][gc,phases      ] GC(123)   Other: 0.09ms
[2026-04-03T01:53:08.685+0600][22.089s][info][gc,heap        ] GC(123) Eden regions: 43->0(43)
[2026-04-03T01:53:08.685+0600][22.089s][info][gc,heap        ] GC(123) Survivor regions: 1->1(6)
[2026-04-03T01:53:08.685+0600][22.089s][info][gc,heap        ] GC(123) Old regions: 8->8
[2026-04-03T01:53:08.685+0600][22.089s][info][gc,heap        ] GC(123) Humongous regions: 0->0
[2026-04-03T01:53:08.685+0600][22.089s][info][gc,metaspace   ] GC(123) Metaspace: 14218K(14464K)->14218K(14464K) NonClass: 12399K(12544K)->12399K(12544K) Class: 1819K(1920K)->1819K(1920K)
[2026-04-03T01:53:08.685+0600][22.089s][info][gc             ] GC(123) Pause Young (Normal) (G1 Evacuation Pause) 90M->4M(148M) 1.259ms
[2026-04-03T01:53:08.685+0600][22.089s][info][gc,cpu         ] GC(123) User=0.00s Sys=0.00s Real=0.00s
[2026-04-03T01:53:08.810+0600][22.214s][info][gc,start       ] GC(124) Pause Young (Normal) (G1 Evacuation Pause)
[2026-04-03T01:53:08.810+0600][22.214s][info][gc,task        ] GC(124) Using 10 workers of 10 for evacuation
[2026-04-03T01:53:08.811+0600][22.215s][info][gc,phases      ] GC(124)   Pre Evacuate Collection Set: 0.15ms
[2026-04-03T01:53:08.811+0600][22.215s][info][gc,phases      ] GC(124)   Merge Heap Roots: 0.09ms
[2026-04-03T01:53:08.811+0600][22.215s][info][gc,phases      ] GC(124)   Evacuate Collection Set: 0.21ms
[2026-04-03T01:53:08.811+0600][22.215s][info][gc,phases      ] GC(124)   Post Evacuate Collection Set: 0.39ms
[2026-04-03T01:53:08.811+0600][22.215s][info][gc,phases      ] GC(124)   Other: 0.08ms
[2026-04-03T01:53:08.811+0600][22.215s][info][gc,heap        ] GC(124) Eden regions: 43->0(43)
[2026-04-03T01:53:08.811+0600][22.215s][info][gc,heap        ] GC(124) Survivor regions: 1->1(6)
[2026-04-03T01:53:08.811+0600][22.215s][info][gc,heap        ] GC(124) Old regions: 8->8
[2026-04-03T01:53:08.811+0600][22.215s][info][gc,heap        ] GC(124) Humongous regions: 0->0
[2026-04-03T01:53:08.811+0600][22.215s][info][gc,metaspace   ] GC(124) Metaspace: 14218K(14464K)->14218K(14464K) NonClass: 12399K(12544K)->12399K(12544K) Class: 1819K(1920K)->1819K(1920K)
[2026-04-03T01:53:08.811+0600][22.215s][info][gc             ] GC(124) Pause Young (Normal) (G1 Evacuation Pause) 90M->4M(148M) 1.198ms
[2026-04-03T01:53:08.811+0600][22.215s][info][gc,cpu         ] GC(124) User=0.01s Sys=0.00s Real=0.00s
[2026-04-03T01:53:08.946+0600][22.350s][info][gc,start       ] GC(125) Pause Young (Normal) (G1 Evacuation Pause)
[2026-04-03T01:53:08.946+0600][22.350s][info][gc,task        ] GC(125) Using 10 workers of 10 for evacuation
[2026-04-03T01:53:08.947+0600][22.351s][info][gc,phases      ] GC(125)   Pre Evacuate Collection Set: 0.14ms
[2026-04-03T01:53:08.947+0600][22.351s][info][gc,phases      ] GC(125)   Merge Heap Roots: 0.09ms
[2026-04-03T01:53:08.947+0600][22.351s][info][gc,phases      ] GC(125)   Evacuate Collection Set: 0.21ms
[2026-04-03T01:53:08.947+0600][22.351s][info][gc,phases      ] GC(125)   Post Evacuate Collection Set: 0.42ms
[2026-04-03T01:53:08.947+0600][22.351s][info][gc,phases      ] GC(125)   Other: 0.09ms
[2026-04-03T01:53:08.947+0600][22.351s][info][gc,heap        ] GC(125) Eden regions: 43->0(43)
[2026-04-03T01:53:08.947+0600][22.351s][info][gc,heap        ] GC(125) Survivor regions: 1->1(6)
[2026-04-03T01:53:08.947+0600][22.351s][info][gc,heap        ] GC(125) Old regions: 8->8
[2026-04-03T01:53:08.947+0600][22.351s][info][gc,heap        ] GC(125) Humongous regions: 0->0
[2026-04-03T01:53:08.947+0600][22.351s][info][gc,metaspace   ] GC(125) Metaspace: 14218K(14464K)->14218K(14464K) NonClass: 12399K(12544K)->12399K(12544K) Class: 1819K(1920K)->1819K(1920K)
[2026-04-03T01:53:08.947+0600][22.351s][info][gc             ] GC(125) Pause Young (Normal) (G1 Evacuation Pause) 90M->4M(148M) 1.241ms
[2026-04-03T01:53:08.947+0600][22.351s][info][gc,cpu         ] GC(125) User=0.01s Sys=0.00s Real=0.00s
[2026-04-03T01:53:09.078+0600][22.482s][info][gc,start       ] GC(126) Pause Young (Normal) (G1 Evacuation Pause)
[2026-04-03T01:53:09.079+0600][22.483s][info][gc,task        ] GC(126) Using 10 workers of 10 for evacuation
[2026-04-03T01:53:09.080+0600][22.484s][info][gc,phases      ] GC(126)   Pre Evacuate Collection Set: 0.19ms
[2026-04-03T01:53:09.080+0600][22.484s][info][gc,phases      ] GC(126)   Merge Heap Roots: 0.11ms
[2026-04-03T01:53:09.080+0600][22.484s][info][gc,phases      ] GC(126)   Evacuate Collection Set: 0.22ms
[2026-04-03T01:53:09.080+0600][22.484s][info][gc,phases      ] GC(126)   Post Evacuate Collection Set: 0.38ms
[2026-04-03T01:53:09.080+0600][22.484s][info][gc,phases      ] GC(126)   Other: 0.09ms
[2026-04-03T01:53:09.080+0600][22.484s][info][gc,heap        ] GC(126) Eden regions: 43->0(43)
[2026-04-03T01:53:09.080+0600][22.484s][info][gc,heap        ] GC(126) Survivor regions: 1->1(6)
[2026-04-03T01:53:09.080+0600][22.484s][info][gc,heap        ] GC(126) Old regions: 8->8
[2026-04-03T01:53:09.080+0600][22.484s][info][gc,heap        ] GC(126) Humongous regions: 0->0
[2026-04-03T01:53:09.080+0600][22.484s][info][gc,metaspace   ] GC(126) Metaspace: 14218K(14464K)->14218K(14464K) NonClass: 12399K(12544K)->12399K(12544K) Class: 1819K(1920K)->1819K(1920K)
[2026-04-03T01:53:09.080+0600][22.484s][info][gc             ] GC(126) Pause Young (Normal) (G1 Evacuation Pause) 90M->4M(148M) 1.275ms
[2026-04-03T01:53:09.080+0600][22.484s][info][gc,cpu         ] GC(126) User=0.00s Sys=0.00s Real=0.01s
[2026-04-03T01:53:09.216+0600][22.620s][info][gc,start       ] GC(127) Pause Young (Normal) (G1 Evacuation Pause)
[2026-04-03T01:53:09.216+0600][22.620s][info][gc,task        ] GC(127) Using 10 workers of 10 for evacuation
[2026-04-03T01:53:09.217+0600][22.621s][info][gc,phases      ] GC(127)   Pre Evacuate Collection Set: 0.16ms
[2026-04-03T01:53:09.217+0600][22.621s][info][gc,phases      ] GC(127)   Merge Heap Roots: 0.10ms
[2026-04-03T01:53:09.217+0600][22.621s][info][gc,phases      ] GC(127)   Evacuate Collection Set: 0.23ms
[2026-04-03T01:53:09.217+0600][22.621s][info][gc,phases      ] GC(127)   Post Evacuate Collection Set: 0.41ms
[2026-04-03T01:53:09.217+0600][22.621s][info][gc,phases      ] GC(127)   Other: 0.08ms
[2026-04-03T01:53:09.217+0600][22.621s][info][gc,heap        ] GC(127) Eden regions: 43->0(43)
[2026-04-03T01:53:09.217+0600][22.621s][info][gc,heap        ] GC(127) Survivor regions: 1->1(6)
[2026-04-03T01:53:09.217+0600][22.621s][info][gc,heap        ] GC(127) Old regions: 8->8
[2026-04-03T01:53:09.217+0600][22.621s][info][gc,heap        ] GC(127) Humongous regions: 0->0
[2026-04-03T01:53:09.217+0600][22.621s][info][gc,metaspace   ] GC(127) Metaspace: 14218K(14464K)->14218K(14464K) NonClass: 12399K(12544K)->12399K(12544K) Class: 1819K(1920K)->1819K(1920K)
[2026-04-03T01:53:09.217+0600][22.621s][info][gc             ] GC(127) Pause Young (Normal) (G1 Evacuation Pause) 90M->4M(148M) 1.291ms
[2026-04-03T01:53:09.217+0600][22.621s][info][gc,cpu         ] GC(127) User=0.01s Sys=0.00s Real=0.00s
[2026-04-03T01:53:09.353+0600][22.758s][info][gc,start       ] GC(128) Pause Young (Normal) (G1 Evacuation Pause)
[2026-04-03T01:53:09.354+0600][22.758s][info][gc,task        ] GC(128) Using 10 workers of 10 for evacuation
[2026-04-03T01:53:09.355+0600][22.759s][info][gc,phases      ] GC(128)   Pre Evacuate Collection Set: 0.14ms
[2026-04-03T01:53:09.355+0600][22.759s][info][gc,phases      ] GC(128)   Merge Heap Roots: 0.09ms
[2026-04-03T01:53:09.355+0600][22.759s][info][gc,phases      ] GC(128)   Evacuate Collection Set: 0.24ms
[2026-04-03T01:53:09.355+0600][22.759s][info][gc,phases      ] GC(128)   Post Evacuate Collection Set: 0.38ms
[2026-04-03T01:53:09.355+0600][22.759s][info][gc,phases      ] GC(128)   Other: 0.07ms
[2026-04-03T01:53:09.355+0600][22.759s][info][gc,heap        ] GC(128) Eden regions: 43->0(43)
[2026-04-03T01:53:09.355+0600][22.759s][info][gc,heap        ] GC(128) Survivor regions: 1->1(6)
[2026-04-03T01:53:09.355+0600][22.759s][info][gc,heap        ] GC(128) Old regions: 8->8
[2026-04-03T01:53:09.355+0600][22.759s][info][gc,heap        ] GC(128) Humongous regions: 0->0
[2026-04-03T01:53:09.355+0600][22.759s][info][gc,metaspace   ] GC(128) Metaspace: 14218K(14464K)->14218K(14464K) NonClass: 12399K(12544K)->12399K(12544K) Class: 1819K(1920K)->1819K(1920K)
[2026-04-03T01:53:09.355+0600][22.759s][info][gc             ] GC(128) Pause Young (Normal) (G1 Evacuation Pause) 90M->4M(148M) 1.154ms
[2026-04-03T01:53:09.355+0600][22.759s][info][gc,cpu         ] GC(128) User=0.01s Sys=0.00s Real=0.00s
[2026-04-03T01:53:09.493+0600][22.897s][info][gc,start       ] GC(129) Pause Young (Normal) (G1 Evacuation Pause)
[2026-04-03T01:53:09.493+0600][22.897s][info][gc,task        ] GC(129) Using 10 workers of 10 for evacuation
[2026-04-03T01:53:09.494+0600][22.898s][info][gc,phases      ] GC(129)   Pre Evacuate Collection Set: 0.15ms
[2026-04-03T01:53:09.494+0600][22.898s][info][gc,phases      ] GC(129)   Merge Heap Roots: 0.10ms
[2026-04-03T01:53:09.494+0600][22.898s][info][gc,phases      ] GC(129)   Evacuate Collection Set: 0.23ms
[2026-04-03T01:53:09.494+0600][22.898s][info][gc,phases      ] GC(129)   Post Evacuate Collection Set: 0.42ms
[2026-04-03T01:53:09.494+0600][22.898s][info][gc,phases      ] GC(129)   Other: 0.09ms
[2026-04-03T01:53:09.494+0600][22.898s][info][gc,heap        ] GC(129) Eden regions: 43->0(43)
[2026-04-03T01:53:09.494+0600][22.898s][info][gc,heap        ] GC(129) Survivor regions: 1->1(6)
[2026-04-03T01:53:09.494+0600][22.898s][info][gc,heap        ] GC(129) Old regions: 8->8
[2026-04-03T01:53:09.494+0600][22.898s][info][gc,heap        ] GC(129) Humongous regions: 0->0
[2026-04-03T01:53:09.494+0600][22.898s][info][gc,metaspace   ] GC(129) Metaspace: 14218K(14464K)->14218K(14464K) NonClass: 12399K(12544K)->12399K(12544K) Class: 1819K(1920K)->1819K(1920K)
[2026-04-03T01:53:09.494+0600][22.898s][info][gc             ] GC(129) Pause Young (Normal) (G1 Evacuation Pause) 90M->4M(148M) 1.296ms
[2026-04-03T01:53:09.494+0600][22.898s][info][gc,cpu         ] GC(129) User=0.01s Sys=0.00s Real=0.00s
[2026-04-03T01:53:09.629+0600][23.034s][info][gc,start       ] GC(130) Pause Young (Normal) (G1 Evacuation Pause)
[2026-04-03T01:53:09.630+0600][23.034s][info][gc,task        ] GC(130) Using 10 workers of 10 for evacuation
[2026-04-03T01:53:09.631+0600][23.035s][info][gc,phases      ] GC(130)   Pre Evacuate Collection Set: 0.20ms
[2026-04-03T01:53:09.631+0600][23.035s][info][gc,phases      ] GC(130)   Merge Heap Roots: 0.09ms
[2026-04-03T01:53:09.631+0600][23.035s][info][gc,phases      ] GC(130)   Evacuate Collection Set: 0.23ms
[2026-04-03T01:53:09.631+0600][23.035s][info][gc,phases      ] GC(130)   Post Evacuate Collection Set: 0.34ms
[2026-04-03T01:53:09.631+0600][23.035s][info][gc,phases      ] GC(130)   Other: 0.12ms
[2026-04-03T01:53:09.631+0600][23.035s][info][gc,heap        ] GC(130) Eden regions: 43->0(43)
[2026-04-03T01:53:09.631+0600][23.035s][info][gc,heap        ] GC(130) Survivor regions: 1->1(6)
[2026-04-03T01:53:09.631+0600][23.035s][info][gc,heap        ] GC(130) Old regions: 8->8
[2026-04-03T01:53:09.631+0600][23.035s][info][gc,heap        ] GC(130) Humongous regions: 0->0
[2026-04-03T01:53:09.631+0600][23.035s][info][gc,metaspace   ] GC(130) Metaspace: 14218K(14464K)->14218K(14464K) NonClass: 12399K(12544K)->12399K(12544K) Class: 1819K(1920K)->1819K(1920K)
[2026-04-03T01:53:09.631+0600][23.035s][info][gc             ] GC(130) Pause Young (Normal) (G1 Evacuation Pause) 90M->4M(148M) 1.322ms
[2026-04-03T01:53:09.631+0600][23.035s][info][gc,cpu         ] GC(130) User=0.00s Sys=0.00s Real=0.01s
[2026-04-03T01:53:09.759+0600][23.163s][info][gc,start       ] GC(131) Pause Young (Normal) (G1 Evacuation Pause)
[2026-04-03T01:53:09.759+0600][23.163s][info][gc,task        ] GC(131) Using 10 workers of 10 for evacuation
[2026-04-03T01:53:09.760+0600][23.164s][info][gc,phases      ] GC(131)   Pre Evacuate Collection Set: 0.18ms
[2026-04-03T01:53:09.760+0600][23.164s][info][gc,phases      ] GC(131)   Merge Heap Roots: 0.11ms
[2026-04-03T01:53:09.760+0600][23.164s][info][gc,phases      ] GC(131)   Evacuate Collection Set: 0.25ms
[2026-04-03T01:53:09.760+0600][23.164s][info][gc,phases      ] GC(131)   Post Evacuate Collection Set: 0.41ms
[2026-04-03T01:53:09.760+0600][23.164s][info][gc,phases      ] GC(131)   Other: 0.11ms
[2026-04-03T01:53:09.760+0600][23.164s][info][gc,heap        ] GC(131) Eden regions: 43->0(43)
[2026-04-03T01:53:09.760+0600][23.164s][info][gc,heap        ] GC(131) Survivor regions: 1->1(6)
[2026-04-03T01:53:09.760+0600][23.164s][info][gc,heap        ] GC(131) Old regions: 8->8
[2026-04-03T01:53:09.760+0600][23.164s][info][gc,heap        ] GC(131) Humongous regions: 0->0
[2026-04-03T01:53:09.760+0600][23.164s][info][gc,metaspace   ] GC(131) Metaspace: 14218K(14464K)->14218K(14464K) NonClass: 12399K(12544K)->12399K(12544K) Class: 1819K(1920K)->1819K(1920K)
[2026-04-03T01:53:09.761+0600][23.165s][info][gc             ] GC(131) Pause Young (Normal) (G1 Evacuation Pause) 90M->4M(148M) 1.433ms
[2026-04-03T01:53:09.761+0600][23.165s][info][gc,cpu         ] GC(131) User=0.00s Sys=0.00s Real=0.01s
[2026-04-03T01:53:09.891+0600][23.295s][info][gc,start       ] GC(132) Pause Young (Normal) (G1 Evacuation Pause)
[2026-04-03T01:53:09.891+0600][23.295s][info][gc,task        ] GC(132) Using 10 workers of 10 for evacuation
[2026-04-03T01:53:09.892+0600][23.296s][info][gc,phases      ] GC(132)   Pre Evacuate Collection Set: 0.15ms
[2026-04-03T01:53:09.892+0600][23.296s][info][gc,phases      ] GC(132)   Merge Heap Roots: 0.12ms
[2026-04-03T01:53:09.892+0600][23.296s][info][gc,phases      ] GC(132)   Evacuate Collection Set: 0.31ms
[2026-04-03T01:53:09.892+0600][23.296s][info][gc,phases      ] GC(132)   Post Evacuate Collection Set: 0.41ms
[2026-04-03T01:53:09.892+0600][23.296s][info][gc,phases      ] GC(132)   Other: 0.10ms
[2026-04-03T01:53:09.892+0600][23.297s][info][gc,heap        ] GC(132) Eden regions: 43->0(43)
[2026-04-03T01:53:09.892+0600][23.297s][info][gc,heap        ] GC(132) Survivor regions: 1->1(6)
[2026-04-03T01:53:09.893+0600][23.297s][info][gc,heap        ] GC(132) Old regions: 8->8
[2026-04-03T01:53:09.893+0600][23.297s][info][gc,heap        ] GC(132) Humongous regions: 0->0
[2026-04-03T01:53:09.893+0600][23.297s][info][gc,metaspace   ] GC(132) Metaspace: 14218K(14464K)->14218K(14464K) NonClass: 12399K(12544K)->12399K(12544K) Class: 1819K(1920K)->1819K(1920K)
[2026-04-03T01:53:09.893+0600][23.297s][info][gc             ] GC(132) Pause Young (Normal) (G1 Evacuation Pause) 90M->4M(148M) 1.474ms
[2026-04-03T01:53:09.893+0600][23.297s][info][gc,cpu         ] GC(132) User=0.01s Sys=0.00s Real=0.00s
[2026-04-03T01:53:10.032+0600][23.436s][info][gc,start       ] GC(133) Pause Young (Normal) (G1 Evacuation Pause)
[2026-04-03T01:53:10.032+0600][23.436s][info][gc,task        ] GC(133) Using 10 workers of 10 for evacuation
[2026-04-03T01:53:10.033+0600][23.437s][info][gc,phases      ] GC(133)   Pre Evacuate Collection Set: 0.12ms
[2026-04-03T01:53:10.033+0600][23.437s][info][gc,phases      ] GC(133)   Merge Heap Roots: 0.08ms
[2026-04-03T01:53:10.033+0600][23.437s][info][gc,phases      ] GC(133)   Evacuate Collection Set: 0.19ms
[2026-04-03T01:53:10.033+0600][23.437s][info][gc,phases      ] GC(133)   Post Evacuate Collection Set: 0.34ms
[2026-04-03T01:53:10.033+0600][23.437s][info][gc,phases      ] GC(133)   Other: 0.08ms
[2026-04-03T01:53:10.033+0600][23.437s][info][gc,heap        ] GC(133) Eden regions: 43->0(43)
[2026-04-03T01:53:10.033+0600][23.437s][info][gc,heap        ] GC(133) Survivor regions: 1->1(6)
[2026-04-03T01:53:10.033+0600][23.437s][info][gc,heap        ] GC(133) Old regions: 8->8
[2026-04-03T01:53:10.033+0600][23.437s][info][gc,heap        ] GC(133) Humongous regions: 0->0
[2026-04-03T01:53:10.033+0600][23.437s][info][gc,metaspace   ] GC(133) Metaspace: 14218K(14464K)->14218K(14464K) NonClass: 12399K(12544K)->12399K(12544K) Class: 1819K(1920K)->1819K(1920K)
[2026-04-03T01:53:10.033+0600][23.437s][info][gc             ] GC(133) Pause Young (Normal) (G1 Evacuation Pause) 90M->4M(148M) 1.089ms
[2026-04-03T01:53:10.033+0600][23.437s][info][gc,cpu         ] GC(133) User=0.00s Sys=0.01s Real=0.00s
[2026-04-03T01:53:10.182+0600][23.586s][info][gc,start       ] GC(134) Pause Young (Normal) (G1 Evacuation Pause)
[2026-04-03T01:53:10.182+0600][23.586s][info][gc,task        ] GC(134) Using 10 workers of 10 for evacuation
[2026-04-03T01:53:10.184+0600][23.588s][info][gc,phases      ] GC(134)   Pre Evacuate Collection Set: 0.17ms
[2026-04-03T01:53:10.184+0600][23.588s][info][gc,phases      ] GC(134)   Merge Heap Roots: 0.09ms
[2026-04-03T01:53:10.184+0600][23.588s][info][gc,phases      ] GC(134)   Evacuate Collection Set: 0.90ms
[2026-04-03T01:53:10.184+0600][23.588s][info][gc,phases      ] GC(134)   Post Evacuate Collection Set: 0.49ms
[2026-04-03T01:53:10.184+0600][23.588s][info][gc,phases      ] GC(134)   Other: 0.10ms
[2026-04-03T01:53:10.184+0600][23.589s][info][gc,heap        ] GC(134) Eden regions: 43->0(43)
[2026-04-03T01:53:10.184+0600][23.589s][info][gc,heap        ] GC(134) Survivor regions: 1->1(6)
[2026-04-03T01:53:10.184+0600][23.589s][info][gc,heap        ] GC(134) Old regions: 8->8
[2026-04-03T01:53:10.184+0600][23.589s][info][gc,heap        ] GC(134) Humongous regions: 0->0
[2026-04-03T01:53:10.184+0600][23.589s][info][gc,metaspace   ] GC(134) Metaspace: 14218K(14464K)->14218K(14464K) NonClass: 12399K(12544K)->12399K(12544K) Class: 1819K(1920K)->1819K(1920K)
[2026-04-03T01:53:10.185+0600][23.589s][info][gc             ] GC(134) Pause Young (Normal) (G1 Evacuation Pause) 90M->4M(148M) 2.789ms
[2026-04-03T01:53:10.185+0600][23.589s][info][gc,cpu         ] GC(134) User=0.01s Sys=0.00s Real=0.00s
[2026-04-03T01:53:10.340+0600][23.744s][info][gc,start       ] GC(135) Pause Young (Normal) (G1 Evacuation Pause)
[2026-04-03T01:53:10.340+0600][23.744s][info][gc,task        ] GC(135) Using 10 workers of 10 for evacuation
[2026-04-03T01:53:10.341+0600][23.745s][info][gc,phases      ] GC(135)   Pre Evacuate Collection Set: 0.13ms
[2026-04-03T01:53:10.341+0600][23.745s][info][gc,phases      ] GC(135)   Merge Heap Roots: 0.08ms
[2026-04-03T01:53:10.341+0600][23.745s][info][gc,phases      ] GC(135)   Evacuate Collection Set: 0.49ms
[2026-04-03T01:53:10.341+0600][23.745s][info][gc,phases      ] GC(135)   Post Evacuate Collection Set: 0.52ms
[2026-04-03T01:53:10.341+0600][23.746s][info][gc,phases      ] GC(135)   Other: 0.09ms
[2026-04-03T01:53:10.342+0600][23.746s][info][gc,heap        ] GC(135) Eden regions: 43->0(43)
[2026-04-03T01:53:10.342+0600][23.746s][info][gc,heap        ] GC(135) Survivor regions: 1->1(6)
[2026-04-03T01:53:10.342+0600][23.746s][info][gc,heap        ] GC(135) Old regions: 8->8
[2026-04-03T01:53:10.342+0600][23.746s][info][gc,heap        ] GC(135) Humongous regions: 0->0
[2026-04-03T01:53:10.342+0600][23.746s][info][gc,metaspace   ] GC(135) Metaspace: 14218K(14464K)->14218K(14464K) NonClass: 12399K(12544K)->12399K(12544K) Class: 1819K(1920K)->1819K(1920K)
[2026-04-03T01:53:10.342+0600][23.746s][info][gc             ] GC(135) Pause Young (Normal) (G1 Evacuation Pause) 90M->4M(148M) 1.691ms
[2026-04-03T01:53:10.342+0600][23.746s][info][gc,cpu         ] GC(135) User=0.01s Sys=0.00s Real=0.00s
[2026-04-03T01:53:10.513+0600][23.918s][info][gc,start       ] GC(136) Pause Young (Normal) (G1 Evacuation Pause)
[2026-04-03T01:53:10.514+0600][23.918s][info][gc,task        ] GC(136) Using 10 workers of 10 for evacuation
[2026-04-03T01:53:10.516+0600][23.920s][info][gc,phases      ] GC(136)   Pre Evacuate Collection Set: 0.21ms
[2026-04-03T01:53:10.517+0600][23.921s][info][gc,phases      ] GC(136)   Merge Heap Roots: 0.11ms
[2026-04-03T01:53:10.517+0600][23.921s][info][gc,phases      ] GC(136)   Evacuate Collection Set: 1.75ms
[2026-04-03T01:53:10.517+0600][23.921s][info][gc,phases      ] GC(136)   Post Evacuate Collection Set: 0.62ms
[2026-04-03T01:53:10.517+0600][23.921s][info][gc,phases      ] GC(136)   Other: 0.11ms
[2026-04-03T01:53:10.517+0600][23.921s][info][gc,heap        ] GC(136) Eden regions: 43->0(43)
[2026-04-03T01:53:10.517+0600][23.921s][info][gc,heap        ] GC(136) Survivor regions: 1->1(6)
[2026-04-03T01:53:10.517+0600][23.921s][info][gc,heap        ] GC(136) Old regions: 8->8
[2026-04-03T01:53:10.517+0600][23.921s][info][gc,heap        ] GC(136) Humongous regions: 0->0
[2026-04-03T01:53:10.517+0600][23.921s][info][gc,metaspace   ] GC(136) Metaspace: 14218K(14464K)->14218K(14464K) NonClass: 12399K(12544K)->12399K(12544K) Class: 1819K(1920K)->1819K(1920K)
[2026-04-03T01:53:10.517+0600][23.921s][info][gc             ] GC(136) Pause Young (Normal) (G1 Evacuation Pause) 90M->4M(148M) 3.181ms
[2026-04-03T01:53:10.517+0600][23.921s][info][gc,cpu         ] GC(136) User=0.01s Sys=0.00s Real=0.00s
[2026-04-03T01:53:10.694+0600][24.098s][info][gc,start       ] GC(137) Pause Young (Normal) (G1 Evacuation Pause)
[2026-04-03T01:53:10.694+0600][24.098s][info][gc,task        ] GC(137) Using 10 workers of 10 for evacuation
[2026-04-03T01:53:10.696+0600][24.100s][info][gc,phases      ] GC(137)   Pre Evacuate Collection Set: 0.21ms
[2026-04-03T01:53:10.696+0600][24.100s][info][gc,phases      ] GC(137)   Merge Heap Roots: 0.13ms
[2026-04-03T01:53:10.696+0600][24.100s][info][gc,phases      ] GC(137)   Evacuate Collection Set: 0.88ms
[2026-04-03T01:53:10.696+0600][24.100s][info][gc,phases      ] GC(137)   Post Evacuate Collection Set: 0.51ms
[2026-04-03T01:53:10.696+0600][24.100s][info][gc,phases      ] GC(137)   Other: 0.13ms
[2026-04-03T01:53:10.696+0600][24.100s][info][gc,heap        ] GC(137) Eden regions: 43->0(43)
[2026-04-03T01:53:10.696+0600][24.100s][info][gc,heap        ] GC(137) Survivor regions: 1->1(6)
[2026-04-03T01:53:10.696+0600][24.100s][info][gc,heap        ] GC(137) Old regions: 8->8
[2026-04-03T01:53:10.696+0600][24.100s][info][gc,heap        ] GC(137) Humongous regions: 0->0
[2026-04-03T01:53:10.696+0600][24.100s][info][gc,metaspace   ] GC(137) Metaspace: 14218K(14464K)->14218K(14464K) NonClass: 12399K(12544K)->12399K(12544K) Class: 1819K(1920K)->1819K(1920K)
[2026-04-03T01:53:10.696+0600][24.100s][info][gc             ] GC(137) Pause Young (Normal) (G1 Evacuation Pause) 90M->4M(148M) 2.340ms
[2026-04-03T01:53:10.696+0600][24.100s][info][gc,cpu         ] GC(137) User=0.00s Sys=0.00s Real=0.00s
[2026-04-03T01:53:10.858+0600][24.262s][info][gc,start       ] GC(138) Pause Young (Normal) (G1 Evacuation Pause)
[2026-04-03T01:53:10.858+0600][24.262s][info][gc,task        ] GC(138) Using 10 workers of 10 for evacuation
[2026-04-03T01:53:10.859+0600][24.263s][info][gc,phases      ] GC(138)   Pre Evacuate Collection Set: 0.14ms
[2026-04-03T01:53:10.859+0600][24.263s][info][gc,phases      ] GC(138)   Merge Heap Roots: 0.10ms
[2026-04-03T01:53:10.859+0600][24.263s][info][gc,phases      ] GC(138)   Evacuate Collection Set: 0.22ms
[2026-04-03T01:53:10.859+0600][24.263s][info][gc,phases      ] GC(138)   Post Evacuate Collection Set: 0.36ms
[2026-04-03T01:53:10.859+0600][24.263s][info][gc,phases      ] GC(138)   Other: 0.11ms
[2026-04-03T01:53:10.859+0600][24.263s][info][gc,heap        ] GC(138) Eden regions: 43->0(43)
[2026-04-03T01:53:10.859+0600][24.263s][info][gc,heap        ] GC(138) Survivor regions: 1->1(6)
[2026-04-03T01:53:10.859+0600][24.263s][info][gc,heap        ] GC(138) Old regions: 8->8
[2026-04-03T01:53:10.859+0600][24.263s][info][gc,heap        ] GC(138) Humongous regions: 0->0
[2026-04-03T01:53:10.859+0600][24.263s][info][gc,metaspace   ] GC(138) Metaspace: 14218K(14464K)->14218K(14464K) NonClass: 12399K(12544K)->12399K(12544K) Class: 1819K(1920K)->1819K(1920K)
[2026-04-03T01:53:10.859+0600][24.263s][info][gc             ] GC(138) Pause Young (Normal) (G1 Evacuation Pause) 90M->4M(148M) 1.222ms
[2026-04-03T01:53:10.859+0600][24.264s][info][gc,cpu         ] GC(138) User=0.00s Sys=0.00s Real=0.00s
[2026-04-03T01:53:11.022+0600][24.426s][info][gc,start       ] GC(139) Pause Young (Normal) (G1 Evacuation Pause)
[2026-04-03T01:53:11.022+0600][24.426s][info][gc,task        ] GC(139) Using 10 workers of 10 for evacuation
[2026-04-03T01:53:11.023+0600][24.427s][info][gc,phases      ] GC(139)   Pre Evacuate Collection Set: 0.15ms
[2026-04-03T01:53:11.023+0600][24.427s][info][gc,phases      ] GC(139)   Merge Heap Roots: 0.12ms
[2026-04-03T01:53:11.023+0600][24.427s][info][gc,phases      ] GC(139)   Evacuate Collection Set: 0.29ms
[2026-04-03T01:53:11.023+0600][24.427s][info][gc,phases      ] GC(139)   Post Evacuate Collection Set: 0.51ms
[2026-04-03T01:53:11.023+0600][24.427s][info][gc,phases      ] GC(139)   Other: 0.09ms
[2026-04-03T01:53:11.023+0600][24.427s][info][gc,heap        ] GC(139) Eden regions: 43->0(43)
[2026-04-03T01:53:11.023+0600][24.427s][info][gc,heap        ] GC(139) Survivor regions: 1->1(6)
[2026-04-03T01:53:11.023+0600][24.427s][info][gc,heap        ] GC(139) Old regions: 8->8
[2026-04-03T01:53:11.023+0600][24.427s][info][gc,heap        ] GC(139) Humongous regions: 0->0
[2026-04-03T01:53:11.023+0600][24.427s][info][gc,metaspace   ] GC(139) Metaspace: 14218K(14464K)->14218K(14464K) NonClass: 12399K(12544K)->12399K(12544K) Class: 1819K(1920K)->1819K(1920K)
[2026-04-03T01:53:11.023+0600][24.427s][info][gc             ] GC(139) Pause Young (Normal) (G1 Evacuation Pause) 90M->4M(148M) 1.461ms
[2026-04-03T01:53:11.023+0600][24.427s][info][gc,cpu         ] GC(139) User=0.00s Sys=0.01s Real=0.00s
[2026-04-03T01:53:11.202+0600][24.606s][info][gc,start       ] GC(140) Pause Young (Normal) (G1 Evacuation Pause)
[2026-04-03T01:53:11.202+0600][24.606s][info][gc,task        ] GC(140) Using 10 workers of 10 for evacuation
[2026-04-03T01:53:11.203+0600][24.607s][info][gc,phases      ] GC(140)   Pre Evacuate Collection Set: 0.16ms
[2026-04-03T01:53:11.203+0600][24.608s][info][gc,phases      ] GC(140)   Merge Heap Roots: 0.11ms
[2026-04-03T01:53:11.204+0600][24.608s][info][gc,phases      ] GC(140)   Evacuate Collection Set: 0.24ms
[2026-04-03T01:53:11.204+0600][24.608s][info][gc,phases      ] GC(140)   Post Evacuate Collection Set: 0.47ms
[2026-04-03T01:53:11.204+0600][24.608s][info][gc,phases      ] GC(140)   Other: 0.10ms
[2026-04-03T01:53:11.204+0600][24.608s][info][gc,heap        ] GC(140) Eden regions: 43->0(43)
[2026-04-03T01:53:11.204+0600][24.608s][info][gc,heap        ] GC(140) Survivor regions: 1->1(6)
[2026-04-03T01:53:11.204+0600][24.608s][info][gc,heap        ] GC(140) Old regions: 8->8
[2026-04-03T01:53:11.204+0600][24.608s][info][gc,heap        ] GC(140) Humongous regions: 0->0
[2026-04-03T01:53:11.204+0600][24.608s][info][gc,metaspace   ] GC(140) Metaspace: 14218K(14464K)->14218K(14464K) NonClass: 12399K(12544K)->12399K(12544K) Class: 1819K(1920K)->1819K(1920K)
[2026-04-03T01:53:11.204+0600][24.608s][info][gc             ] GC(140) Pause Young (Normal) (G1 Evacuation Pause) 90M->4M(148M) 1.428ms
[2026-04-03T01:53:11.204+0600][24.608s][info][gc,cpu         ] GC(140) User=0.01s Sys=0.00s Real=0.00s
[2026-04-03T01:53:11.357+0600][24.761s][info][gc,start       ] GC(141) Pause Young (Normal) (G1 Evacuation Pause)
[2026-04-03T01:53:11.357+0600][24.761s][info][gc,task        ] GC(141) Using 10 workers of 10 for evacuation
[2026-04-03T01:53:11.359+0600][24.763s][info][gc,phases      ] GC(141)   Pre Evacuate Collection Set: 0.19ms
[2026-04-03T01:53:11.359+0600][24.763s][info][gc,phases      ] GC(141)   Merge Heap Roots: 0.15ms
[2026-04-03T01:53:11.359+0600][24.763s][info][gc,phases      ] GC(141)   Evacuate Collection Set: 0.48ms
[2026-04-03T01:53:11.359+0600][24.763s][info][gc,phases      ] GC(141)   Post Evacuate Collection Set: 0.62ms
[2026-04-03T01:53:11.359+0600][24.763s][info][gc,phases      ] GC(141)   Other: 0.12ms
[2026-04-03T01:53:11.359+0600][24.763s][info][gc,heap        ] GC(141) Eden regions: 43->0(43)
[2026-04-03T01:53:11.359+0600][24.763s][info][gc,heap        ] GC(141) Survivor regions: 1->1(6)
[2026-04-03T01:53:11.359+0600][24.763s][info][gc,heap        ] GC(141) Old regions: 8->8
[2026-04-03T01:53:11.359+0600][24.763s][info][gc,heap        ] GC(141) Humongous regions: 0->0
[2026-04-03T01:53:11.359+0600][24.763s][info][gc,metaspace   ] GC(141) Metaspace: 14218K(14464K)->14218K(14464K) NonClass: 12399K(12544K)->12399K(12544K) Class: 1819K(1920K)->1819K(1920K)
[2026-04-03T01:53:11.359+0600][24.763s][info][gc             ] GC(141) Pause Young (Normal) (G1 Evacuation Pause) 90M->4M(148M) 2.029ms
[2026-04-03T01:53:11.359+0600][24.763s][info][gc,cpu         ] GC(141) User=0.00s Sys=0.00s Real=0.00s
[2026-04-03T01:53:11.519+0600][24.923s][info][gc,start       ] GC(142) Pause Young (Normal) (G1 Evacuation Pause)
[2026-04-03T01:53:11.520+0600][24.924s][info][gc,task        ] GC(142) Using 10 workers of 10 for evacuation
[2026-04-03T01:53:11.521+0600][24.925s][info][gc,phases      ] GC(142)   Pre Evacuate Collection Set: 0.15ms
[2026-04-03T01:53:11.521+0600][24.925s][info][gc,phases      ] GC(142)   Merge Heap Roots: 0.11ms
[2026-04-03T01:53:11.521+0600][24.925s][info][gc,phases      ] GC(142)   Evacuate Collection Set: 0.22ms
[2026-04-03T01:53:11.521+0600][24.925s][info][gc,phases      ] GC(142)   Post Evacuate Collection Set: 0.47ms
[2026-04-03T01:53:11.521+0600][24.925s][info][gc,phases      ] GC(142)   Other: 0.09ms
[2026-04-03T01:53:11.521+0600][24.925s][info][gc,heap        ] GC(142) Eden regions: 43->0(43)
[2026-04-03T01:53:11.521+0600][24.925s][info][gc,heap        ] GC(142) Survivor regions: 1->1(6)
[2026-04-03T01:53:11.521+0600][24.925s][info][gc,heap        ] GC(142) Old regions: 8->8
[2026-04-03T01:53:11.521+0600][24.925s][info][gc,heap        ] GC(142) Humongous regions: 0->0
[2026-04-03T01:53:11.521+0600][24.925s][info][gc,metaspace   ] GC(142) Metaspace: 14218K(14464K)->14218K(14464K) NonClass: 12399K(12544K)->12399K(12544K) Class: 1819K(1920K)->1819K(1920K)
[2026-04-03T01:53:11.521+0600][24.925s][info][gc             ] GC(142) Pause Young (Normal) (G1 Evacuation Pause) 90M->4M(148M) 1.360ms
[2026-04-03T01:53:11.521+0600][24.925s][info][gc,cpu         ] GC(142) User=0.01s Sys=0.01s Real=0.01s
[2026-04-03T01:53:11.667+0600][25.071s][info][gc,start       ] GC(143) Pause Young (Normal) (G1 Evacuation Pause)
[2026-04-03T01:53:11.667+0600][25.071s][info][gc,task        ] GC(143) Using 10 workers of 10 for evacuation
[2026-04-03T01:53:11.668+0600][25.072s][info][gc,phases      ] GC(143)   Pre Evacuate Collection Set: 0.16ms
[2026-04-03T01:53:11.668+0600][25.072s][info][gc,phases      ] GC(143)   Merge Heap Roots: 0.09ms
[2026-04-03T01:53:11.668+0600][25.072s][info][gc,phases      ] GC(143)   Evacuate Collection Set: 0.24ms
[2026-04-03T01:53:11.668+0600][25.072s][info][gc,phases      ] GC(143)   Post Evacuate Collection Set: 0.38ms
[2026-04-03T01:53:11.668+0600][25.072s][info][gc,phases      ] GC(143)   Other: 0.09ms
[2026-04-03T01:53:11.668+0600][25.072s][info][gc,heap        ] GC(143) Eden regions: 43->0(43)
[2026-04-03T01:53:11.668+0600][25.072s][info][gc,heap        ] GC(143) Survivor regions: 1->1(6)
[2026-04-03T01:53:11.668+0600][25.072s][info][gc,heap        ] GC(143) Old regions: 8->8
[2026-04-03T01:53:11.668+0600][25.072s][info][gc,heap        ] GC(143) Humongous regions: 0->0
[2026-04-03T01:53:11.668+0600][25.072s][info][gc,metaspace   ] GC(143) Metaspace: 14218K(14464K)->14218K(14464K) NonClass: 12399K(12544K)->12399K(12544K) Class: 1819K(1920K)->1819K(1920K)
[2026-04-03T01:53:11.668+0600][25.072s][info][gc             ] GC(143) Pause Young (Normal) (G1 Evacuation Pause) 90M->4M(148M) 1.281ms
[2026-04-03T01:53:11.668+0600][25.072s][info][gc,cpu         ] GC(143) User=0.01s Sys=0.00s Real=0.00s
[2026-04-03T01:53:11.807+0600][25.211s][info][gc,start       ] GC(144) Pause Young (Normal) (G1 Evacuation Pause)
[2026-04-03T01:53:11.807+0600][25.211s][info][gc,task        ] GC(144) Using 10 workers of 10 for evacuation
[2026-04-03T01:53:11.808+0600][25.212s][info][gc,phases      ] GC(144)   Pre Evacuate Collection Set: 0.16ms
[2026-04-03T01:53:11.808+0600][25.212s][info][gc,phases      ] GC(144)   Merge Heap Roots: 0.08ms
[2026-04-03T01:53:11.808+0600][25.212s][info][gc,phases      ] GC(144)   Evacuate Collection Set: 0.21ms
[2026-04-03T01:53:11.808+0600][25.212s][info][gc,phases      ] GC(144)   Post Evacuate Collection Set: 0.40ms
[2026-04-03T01:53:11.808+0600][25.212s][info][gc,phases      ] GC(144)   Other: 0.09ms
[2026-04-03T01:53:11.808+0600][25.212s][info][gc,heap        ] GC(144) Eden regions: 43->0(43)
[2026-04-03T01:53:11.808+0600][25.212s][info][gc,heap        ] GC(144) Survivor regions: 1->1(6)
[2026-04-03T01:53:11.808+0600][25.212s][info][gc,heap        ] GC(144) Old regions: 8->8
[2026-04-03T01:53:11.808+0600][25.212s][info][gc,heap        ] GC(144) Humongous regions: 0->0
[2026-04-03T01:53:11.808+0600][25.212s][info][gc,metaspace   ] GC(144) Metaspace: 14218K(14464K)->14218K(14464K) NonClass: 12399K(12544K)->12399K(12544K) Class: 1819K(1920K)->1819K(1920K)
[2026-04-03T01:53:11.808+0600][25.212s][info][gc             ] GC(144) Pause Young (Normal) (G1 Evacuation Pause) 90M->4M(148M) 1.221ms
[2026-04-03T01:53:11.808+0600][25.212s][info][gc,cpu         ] GC(144) User=0.01s Sys=0.00s Real=0.00s
[2026-04-03T01:53:11.959+0600][25.363s][info][gc,start       ] GC(145) Pause Young (Normal) (G1 Evacuation Pause)
[2026-04-03T01:53:11.959+0600][25.363s][info][gc,task        ] GC(145) Using 10 workers of 10 for evacuation
[2026-04-03T01:53:11.960+0600][25.364s][info][gc,phases      ] GC(145)   Pre Evacuate Collection Set: 0.13ms
[2026-04-03T01:53:11.960+0600][25.364s][info][gc,phases      ] GC(145)   Merge Heap Roots: 0.09ms
[2026-04-03T01:53:11.960+0600][25.364s][info][gc,phases      ] GC(145)   Evacuate Collection Set: 0.21ms
[2026-04-03T01:53:11.960+0600][25.364s][info][gc,phases      ] GC(145)   Post Evacuate Collection Set: 0.39ms
[2026-04-03T01:53:11.960+0600][25.364s][info][gc,phases      ] GC(145)   Other: 0.08ms
[2026-04-03T01:53:11.960+0600][25.364s][info][gc,heap        ] GC(145) Eden regions: 43->0(43)
[2026-04-03T01:53:11.960+0600][25.364s][info][gc,heap        ] GC(145) Survivor regions: 1->1(6)
[2026-04-03T01:53:11.960+0600][25.364s][info][gc,heap        ] GC(145) Old regions: 8->8
[2026-04-03T01:53:11.960+0600][25.364s][info][gc,heap        ] GC(145) Humongous regions: 0->0
[2026-04-03T01:53:11.960+0600][25.364s][info][gc,metaspace   ] GC(145) Metaspace: 14218K(14464K)->14218K(14464K) NonClass: 12399K(12544K)->12399K(12544K) Class: 1819K(1920K)->1819K(1920K)
[2026-04-03T01:53:11.960+0600][25.364s][info][gc             ] GC(145) Pause Young (Normal) (G1 Evacuation Pause) 90M->4M(148M) 1.180ms
[2026-04-03T01:53:11.960+0600][25.364s][info][gc,cpu         ] GC(145) User=0.00s Sys=0.00s Real=0.01s
[2026-04-03T01:53:12.095+0600][25.499s][info][gc,start       ] GC(146) Pause Young (Normal) (G1 Evacuation Pause)
[2026-04-03T01:53:12.095+0600][25.499s][info][gc,task        ] GC(146) Using 10 workers of 10 for evacuation
[2026-04-03T01:53:12.096+0600][25.500s][info][gc,phases      ] GC(146)   Pre Evacuate Collection Set: 0.17ms
[2026-04-03T01:53:12.096+0600][25.500s][info][gc,phases      ] GC(146)   Merge Heap Roots: 0.09ms
[2026-04-03T01:53:12.096+0600][25.500s][info][gc,phases      ] GC(146)   Evacuate Collection Set: 0.20ms
[2026-04-03T01:53:12.096+0600][25.500s][info][gc,phases      ] GC(146)   Post Evacuate Collection Set: 0.52ms
[2026-04-03T01:53:12.096+0600][25.500s][info][gc,phases      ] GC(146)   Other: 0.12ms
[2026-04-03T01:53:12.096+0600][25.500s][info][gc,heap        ] GC(146) Eden regions: 43->0(43)
[2026-04-03T01:53:12.096+0600][25.500s][info][gc,heap        ] GC(146) Survivor regions: 1->1(6)
[2026-04-03T01:53:12.096+0600][25.500s][info][gc,heap        ] GC(146) Old regions: 8->8
[2026-04-03T01:53:12.096+0600][25.500s][info][gc,heap        ] GC(146) Humongous regions: 0->0
[2026-04-03T01:53:12.096+0600][25.500s][info][gc,metaspace   ] GC(146) Metaspace: 14218K(14464K)->14218K(14464K) NonClass: 12399K(12544K)->12399K(12544K) Class: 1819K(1920K)->1819K(1920K)
[2026-04-03T01:53:12.096+0600][25.500s][info][gc             ] GC(146) Pause Young (Normal) (G1 Evacuation Pause) 90M->4M(148M) 1.422ms
[2026-04-03T01:53:12.096+0600][25.500s][info][gc,cpu         ] GC(146) User=0.00s Sys=0.00s Real=0.00s
[2026-04-03T01:53:12.240+0600][25.645s][info][gc,start       ] GC(147) Pause Young (Normal) (G1 Evacuation Pause)
[2026-04-03T01:53:12.241+0600][25.645s][info][gc,task        ] GC(147) Using 10 workers of 10 for evacuation
[2026-04-03T01:53:12.242+0600][25.646s][info][gc,phases      ] GC(147)   Pre Evacuate Collection Set: 0.16ms
[2026-04-03T01:53:12.242+0600][25.646s][info][gc,phases      ] GC(147)   Merge Heap Roots: 0.10ms
[2026-04-03T01:53:12.242+0600][25.646s][info][gc,phases      ] GC(147)   Evacuate Collection Set: 0.26ms
[2026-04-03T01:53:12.242+0600][25.646s][info][gc,phases      ] GC(147)   Post Evacuate Collection Set: 0.46ms
[2026-04-03T01:53:12.242+0600][25.646s][info][gc,phases      ] GC(147)   Other: 0.10ms
[2026-04-03T01:53:12.242+0600][25.646s][info][gc,heap        ] GC(147) Eden regions: 43->0(43)
[2026-04-03T01:53:12.242+0600][25.646s][info][gc,heap        ] GC(147) Survivor regions: 1->1(6)
[2026-04-03T01:53:12.242+0600][25.646s][info][gc,heap        ] GC(147) Old regions: 8->8
[2026-04-03T01:53:12.242+0600][25.646s][info][gc,heap        ] GC(147) Humongous regions: 0->0
[2026-04-03T01:53:12.242+0600][25.646s][info][gc,metaspace   ] GC(147) Metaspace: 14218K(14464K)->14218K(14464K) NonClass: 12399K(12544K)->12399K(12544K) Class: 1819K(1920K)->1819K(1920K)
[2026-04-03T01:53:12.242+0600][25.646s][info][gc             ] GC(147) Pause Young (Normal) (G1 Evacuation Pause) 90M->4M(148M) 1.370ms
[2026-04-03T01:53:12.242+0600][25.646s][info][gc,cpu         ] GC(147) User=0.01s Sys=0.00s Real=0.00s
[2026-04-03T01:53:12.392+0600][25.796s][info][gc,start       ] GC(148) Pause Young (Normal) (G1 Evacuation Pause)
[2026-04-03T01:53:12.392+0600][25.796s][info][gc,task        ] GC(148) Using 10 workers of 10 for evacuation
[2026-04-03T01:53:12.393+0600][25.797s][info][gc,phases      ] GC(148)   Pre Evacuate Collection Set: 0.14ms
[2026-04-03T01:53:12.393+0600][25.797s][info][gc,phases      ] GC(148)   Merge Heap Roots: 0.08ms
[2026-04-03T01:53:12.393+0600][25.797s][info][gc,phases      ] GC(148)   Evacuate Collection Set: 0.27ms
[2026-04-03T01:53:12.393+0600][25.797s][info][gc,phases      ] GC(148)   Post Evacuate Collection Set: 0.50ms
[2026-04-03T01:53:12.393+0600][25.797s][info][gc,phases      ] GC(148)   Other: 0.08ms
[2026-04-03T01:53:12.393+0600][25.797s][info][gc,heap        ] GC(148) Eden regions: 43->0(43)
[2026-04-03T01:53:12.393+0600][25.797s][info][gc,heap        ] GC(148) Survivor regions: 1->1(6)
[2026-04-03T01:53:12.393+0600][25.797s][info][gc,heap        ] GC(148) Old regions: 8->8
[2026-04-03T01:53:12.393+0600][25.797s][info][gc,heap        ] GC(148) Humongous regions: 0->0
[2026-04-03T01:53:12.393+0600][25.797s][info][gc,metaspace   ] GC(148) Metaspace: 14218K(14464K)->14218K(14464K) NonClass: 12399K(12544K)->12399K(12544K) Class: 1819K(1920K)->1819K(1920K)
[2026-04-03T01:53:12.393+0600][25.797s][info][gc             ] GC(148) Pause Young (Normal) (G1 Evacuation Pause) 90M->4M(148M) 1.367ms
[2026-04-03T01:53:12.393+0600][25.797s][info][gc,cpu         ] GC(148) User=0.00s Sys=0.00s Real=0.00s
[2026-04-03T01:53:12.556+0600][25.960s][info][gc,start       ] GC(149) Pause Young (Normal) (G1 Evacuation Pause)
[2026-04-03T01:53:12.556+0600][25.960s][info][gc,task        ] GC(149) Using 10 workers of 10 for evacuation
[2026-04-03T01:53:12.557+0600][25.961s][info][gc,phases      ] GC(149)   Pre Evacuate Collection Set: 0.16ms
[2026-04-03T01:53:12.557+0600][25.961s][info][gc,phases      ] GC(149)   Merge Heap Roots: 0.11ms
[2026-04-03T01:53:12.557+0600][25.961s][info][gc,phases      ] GC(149)   Evacuate Collection Set: 0.25ms
[2026-04-03T01:53:12.557+0600][25.961s][info][gc,phases      ] GC(149)   Post Evacuate Collection Set: 0.66ms
[2026-04-03T01:53:12.557+0600][25.961s][info][gc,phases      ] GC(149)   Other: 0.09ms
[2026-04-03T01:53:12.557+0600][25.961s][info][gc,heap        ] GC(149) Eden regions: 43->0(43)
[2026-04-03T01:53:12.557+0600][25.961s][info][gc,heap        ] GC(149) Survivor regions: 1->1(6)
[2026-04-03T01:53:12.557+0600][25.961s][info][gc,heap        ] GC(149) Old regions: 8->8
[2026-04-03T01:53:12.557+0600][25.961s][info][gc,heap        ] GC(149) Humongous regions: 0->0
[2026-04-03T01:53:12.557+0600][25.961s][info][gc,metaspace   ] GC(149) Metaspace: 14218K(14464K)->14218K(14464K) NonClass: 12399K(12544K)->12399K(12544K) Class: 1819K(1920K)->1819K(1920K)
[2026-04-03T01:53:12.557+0600][25.961s][info][gc             ] GC(149) Pause Young (Normal) (G1 Evacuation Pause) 90M->4M(148M) 1.551ms
[2026-04-03T01:53:12.557+0600][25.962s][info][gc,cpu         ] GC(149) User=0.01s Sys=0.00s Real=0.00s
[2026-04-03T01:53:12.788+0600][26.192s][info][gc,start       ] GC(150) Pause Young (Normal) (G1 Evacuation Pause)
[2026-04-03T01:53:12.788+0600][26.192s][info][gc,task        ] GC(150) Using 9 workers of 10 for evacuation
[2026-04-03T01:53:12.789+0600][26.193s][info][gc,phases      ] GC(150)   Pre Evacuate Collection Set: 0.13ms
[2026-04-03T01:53:12.789+0600][26.193s][info][gc,phases      ] GC(150)   Merge Heap Roots: 0.08ms
[2026-04-03T01:53:12.789+0600][26.193s][info][gc,phases      ] GC(150)   Evacuate Collection Set: 0.23ms
[2026-04-03T01:53:12.789+0600][26.193s][info][gc,phases      ] GC(150)   Post Evacuate Collection Set: 0.33ms
[2026-04-03T01:53:12.789+0600][26.193s][info][gc,phases      ] GC(150)   Other: 0.07ms
[2026-04-03T01:53:12.789+0600][26.193s][info][gc,heap        ] GC(150) Eden regions: 43->0(43)
[2026-04-03T01:53:12.789+0600][26.193s][info][gc,heap        ] GC(150) Survivor regions: 1->1(6)
[2026-04-03T01:53:12.789+0600][26.193s][info][gc,heap        ] GC(150) Old regions: 8->8
[2026-04-03T01:53:12.789+0600][26.193s][info][gc,heap        ] GC(150) Humongous regions: 0->0
[2026-04-03T01:53:12.789+0600][26.193s][info][gc,metaspace   ] GC(150) Metaspace: 14218K(14464K)->14218K(14464K) NonClass: 12399K(12544K)->12399K(12544K) Class: 1819K(1920K)->1819K(1920K)
[2026-04-03T01:53:12.789+0600][26.193s][info][gc             ] GC(150) Pause Young (Normal) (G1 Evacuation Pause) 90M->4M(148M) 1.037ms
[2026-04-03T01:53:12.789+0600][26.193s][info][gc,cpu         ] GC(150) User=0.00s Sys=0.01s Real=0.00s
[2026-04-03T01:53:13.004+0600][26.408s][info][gc,heap,exit   ] Heap
[2026-04-03T01:53:13.004+0600][26.408s][info][gc,heap,exit   ]  garbage-first heap   total 151552K, used 68244K [0x000000070ae00000, 0x0000000800000000)
[2026-04-03T01:53:13.004+0600][26.408s][info][gc,heap,exit   ]   region size 2048K, 32 young (65536K), 1 survivors (2048K)
[2026-04-03T01:53:13.004+0600][26.408s][info][gc,heap,exit   ]  Metaspace       used 14554K, committed 14784K, reserved 1114112K
[2026-04-03T01:53:13.004+0600][26.408s][info][gc,heap,exit   ]   class space    used 1936K, committed 2048K, reserved 1048576K
