[2026-04-03T01:52:23.348+0600][0.005s][info][gc,init] Initializing The Z Garbage Collector
[2026-04-03T01:52:23.348+0600][0.005s][info][gc,init] Version: 21.0.10+7-Ubuntu-124.04 (release)
[2026-04-03T01:52:23.348+0600][0.005s][info][gc,init] Using legacy single-generation mode
[2026-04-03T01:52:23.348+0600][0.005s][info][gc,init] NUMA Support: Disabled
[2026-04-03T01:52:23.348+0600][0.005s][info][gc,init] CPUs: 12 total, 12 available
[2026-04-03T01:52:23.348+0600][0.005s][info][gc,init] Memory: 15683M
[2026-04-03T01:52:23.348+0600][0.005s][info][gc,init] Large Page Support: Disabled
[2026-04-03T01:52:23.348+0600][0.005s][info][gc,init] GC Workers: 3 (dynamic)
[2026-04-03T01:52:23.349+0600][0.006s][info][gc,init] Address Space Type: Contiguous/Unrestricted/Complete
[2026-04-03T01:52:23.349+0600][0.006s][info][gc,init] Address Space Size: 62752M x 3 = 188256M
[2026-04-03T01:52:23.349+0600][0.006s][info][gc,init] Heap Backing File: /memfd:java_heap
[2026-04-03T01:52:23.349+0600][0.006s][info][gc,init] Heap Backing Filesystem: tmpfs (0x1021994)
[2026-04-03T01:52:23.350+0600][0.006s][info][gc,init] Min Capacity: 8M
[2026-04-03T01:52:23.350+0600][0.006s][info][gc,init] Initial Capacity: 246M
[2026-04-03T01:52:23.350+0600][0.006s][info][gc,init] Max Capacity: 3922M
[2026-04-03T01:52:23.350+0600][0.006s][info][gc,init] Medium Page Size: 32M
[2026-04-03T01:52:23.350+0600][0.006s][info][gc,init] Pre-touch: Disabled
[2026-04-03T01:52:23.350+0600][0.006s][info][gc,init] Available space on backing filesystem: N/A
[2026-04-03T01:52:23.350+0600][0.007s][info][gc,init] Uncommit: Enabled
[2026-04-03T01:52:23.350+0600][0.007s][info][gc,init] Uncommit Delay: 300s
[2026-04-03T01:52:23.445+0600][0.102s][info][gc,init] Runtime Workers: 8
[2026-04-03T01:52:23.447+0600][0.103s][info][gc     ] Using The Z Garbage Collector
[2026-04-03T01:52:23.462+0600][0.118s][info][gc,metaspace] CDS archive(s) mapped at: [0x0000712a1b000000-0x0000712a1bc9c000-0x0000712a1bc9c000), size 13221888, SharedBaseAddress: 0x0000712a1b000000, ArchiveRelocationMode: 1.
[2026-04-03T01:52:23.462+0600][0.118s][info][gc,metaspace] Compressed class space mapped at: 0x0000712a1c000000-0x0000712a5c000000, reserved size: 1073741824
[2026-04-03T01:52:23.462+0600][0.118s][info][gc,metaspace] Narrow klass base: 0x0000712a1b000000, Narrow klass shift: 0, Narrow klass range: 0x100000000
[2026-04-03T01:52:24.511+0600][1.167s][info][gc,start    ] GC(0) Garbage Collection (System.gc())
[2026-04-03T01:52:24.511+0600][1.168s][info][gc,task     ] GC(0) Using 3 workers
[2026-04-03T01:52:24.511+0600][1.168s][info][gc,phases   ] GC(0) Pause Mark Start 0.008ms
[2026-04-03T01:52:24.519+0600][1.175s][info][gc,phases   ] GC(0) Concurrent Mark 7.188ms
[2026-04-03T01:52:24.519+0600][1.175s][info][gc,phases   ] GC(0) Pause Mark End 0.021ms
[2026-04-03T01:52:24.519+0600][1.175s][info][gc,phases   ] GC(0) Concurrent Mark Free 0.003ms
[2026-04-03T01:52:24.521+0600][1.177s][info][gc,phases   ] GC(0) Concurrent Process Non-Strong References 1.690ms
[2026-04-03T01:52:24.521+0600][1.177s][info][gc,phases   ] GC(0) Concurrent Reset Relocation Set 0.001ms
[2026-04-03T01:52:24.528+0600][1.185s][info][gc,phases   ] GC(0) Concurrent Select Relocation Set 7.621ms
[2026-04-03T01:52:24.528+0600][1.185s][info][gc,phases   ] GC(0) Pause Relocate Start 0.008ms
[2026-04-03T01:52:24.532+0600][1.188s][info][gc,phases   ] GC(0) Concurrent Relocate 3.096ms
[2026-04-03T01:52:24.532+0600][1.188s][info][gc,load     ] GC(0) Load: 8.57/6.86/7.12
[2026-04-03T01:52:24.532+0600][1.188s][info][gc,mmu      ] GC(0) MMU: 2ms/98.9%, 5ms/99.6%, 10ms/99.7%, 20ms/99.8%, 50ms/99.9%, 100ms/100.0%
[2026-04-03T01:52:24.532+0600][1.188s][info][gc,marking  ] GC(0) Mark: 2 stripe(s), 1 proactive flush(es), 1 terminate flush(es), 0 completion(s), 0 continuation(s) 
[2026-04-03T01:52:24.532+0600][1.188s][info][gc,marking  ] GC(0) Mark Stack Usage: 32M
[2026-04-03T01:52:24.532+0600][1.188s][info][gc,nmethod  ] GC(0) NMethods: 1094 registered, 115 unregistered
[2026-04-03T01:52:24.532+0600][1.188s][info][gc,metaspace] GC(0) Metaspace: 8M used, 8M committed, 1088M reserved
[2026-04-03T01:52:24.532+0600][1.188s][info][gc,ref      ] GC(0) Soft: 212 encountered, 0 discovered, 0 enqueued
[2026-04-03T01:52:24.532+0600][1.188s][info][gc,ref      ] GC(0) Weak: 915 encountered, 452 discovered, 269 enqueued
[2026-04-03T01:52:24.532+0600][1.188s][info][gc,ref      ] GC(0) Final: 0 encountered, 0 discovered, 0 enqueued
[2026-04-03T01:52:24.532+0600][1.188s][info][gc,ref      ] GC(0) Phantom: 34 encountered, 21 discovered, 0 enqueued
[2026-04-03T01:52:24.532+0600][1.188s][info][gc,reloc    ] GC(0) Small Pages: 120 / 240M, Empty: 0M, Relocated: 3M, In-Place: 0
[2026-04-03T01:52:24.532+0600][1.188s][info][gc,reloc    ] GC(0) Medium Pages: 0 / 0M, Empty: 0M, Relocated: 0M, In-Place: 0
[2026-04-03T01:52:24.532+0600][1.188s][info][gc,reloc    ] GC(0) Large Pages: 0 / 0M, Empty: 0M, Relocated: 0M, In-Place: 0
[2026-04-03T01:52:24.532+0600][1.188s][info][gc,reloc    ] GC(0) Forwarding Usage: 1M
[2026-04-03T01:52:24.532+0600][1.188s][info][gc,heap     ] GC(0) Min Capacity: 8M(0%)
[2026-04-03T01:52:24.532+0600][1.188s][info][gc,heap     ] GC(0) Max Capacity: 3922M(100%)
[2026-04-03T01:52:24.532+0600][1.188s][info][gc,heap     ] GC(0) Soft Max Capacity: 3922M(100%)
[2026-04-03T01:52:24.532+0600][1.188s][info][gc,heap     ] GC(0)                Mark Start          Mark End        Relocate Start      Relocate End           High               Low         
[2026-04-03T01:52:24.532+0600][1.188s][info][gc,heap     ] GC(0)  Capacity:      246M (6%)          246M (6%)          246M (6%)          246M (6%)          246M (6%)          246M (6%)     
[2026-04-03T01:52:24.532+0600][1.188s][info][gc,heap     ] GC(0)      Free:     3682M (94%)        3682M (94%)        3682M (94%)        3914M (100%)       3914M (100%)       3678M (94%)    
[2026-04-03T01:52:24.532+0600][1.188s][info][gc,heap     ] GC(0)      Used:      240M (6%)          240M (6%)          240M (6%)            8M (0%)          244M (6%)            8M (0%)     
[2026-04-03T01:52:24.532+0600][1.188s][info][gc,heap     ] GC(0)      Live:         -                 4M (0%)            4M (0%)            4M (0%)             -                  -          
[2026-04-03T01:52:24.532+0600][1.188s][info][gc,heap     ] GC(0) Allocated:         -                 0M (0%)            0M (0%)            0M (0%)             -                  -          
[2026-04-03T01:52:24.532+0600][1.188s][info][gc,heap     ] GC(0)   Garbage:         -               235M (6%)          235M (6%)            3M (0%)             -                  -          
[2026-04-03T01:52:24.532+0600][1.188s][info][gc,heap     ] GC(0) Reclaimed:         -                  -                 0M (0%)          232M (6%)             -                  -          
[2026-04-03T01:52:24.532+0600][1.188s][info][gc          ] GC(0) Garbage Collection (System.gc()) 240M(6%)->8M(0%)
[2026-04-03T01:52:26.278+0600][2.934s][info][gc,start    ] GC(1) Garbage Collection (Warmup)
[2026-04-03T01:52:26.278+0600][2.934s][info][gc,task     ] GC(1) Using 3 workers
[2026-04-03T01:52:26.278+0600][2.935s][info][gc,phases   ] GC(1) Pause Mark Start 0.017ms
[2026-04-03T01:52:26.306+0600][2.962s][info][gc,phases   ] GC(1) Concurrent Mark 27.544ms
[2026-04-03T01:52:26.307+0600][2.963s][info][gc,phases   ] GC(1) Pause Mark End 0.027ms
[2026-04-03T01:52:26.307+0600][2.963s][info][gc,phases   ] GC(1) Concurrent Mark Free 0.002ms
[2026-04-03T01:52:26.319+0600][2.976s][info][gc,phases   ] GC(1) Concurrent Process Non-Strong References 12.316ms
[2026-04-03T01:52:26.319+0600][2.976s][info][gc,phases   ] GC(1) Concurrent Reset Relocation Set 0.013ms
[2026-04-03T01:52:26.324+0600][2.980s][info][gc,phases   ] GC(1) Concurrent Select Relocation Set 4.478ms
[2026-04-03T01:52:26.325+0600][2.981s][info][gc,phases   ] GC(1) Pause Relocate Start 0.018ms
[2026-04-03T01:52:26.328+0600][2.984s][info][gc,phases   ] GC(1) Concurrent Relocate 2.506ms
[2026-04-03T01:52:26.328+0600][2.984s][info][gc,load     ] GC(1) Load: 8.57/6.86/7.12
[2026-04-03T01:52:26.328+0600][2.985s][info][gc,mmu      ] GC(1) MMU: 2ms/98.6%, 5ms/99.5%, 10ms/99.7%, 20ms/99.8%, 50ms/99.9%, 100ms/99.9%
[2026-04-03T01:52:26.328+0600][2.985s][info][gc,marking  ] GC(1) Mark: 2 stripe(s), 3 proactive flush(es), 1 terminate flush(es), 0 completion(s), 0 continuation(s) 
[2026-04-03T01:52:26.328+0600][2.985s][info][gc,marking  ] GC(1) Mark Stack Usage: 32M
[2026-04-03T01:52:26.328+0600][2.985s][info][gc,nmethod  ] GC(1) NMethods: 1668 registered, 168 unregistered
[2026-04-03T01:52:26.328+0600][2.985s][info][gc,metaspace] GC(1) Metaspace: 13M used, 13M committed, 1088M reserved
[2026-04-03T01:52:26.328+0600][2.985s][info][gc,ref      ] GC(1) Soft: 252 encountered, 0 discovered, 0 enqueued
[2026-04-03T01:52:26.328+0600][2.985s][info][gc,ref      ] GC(1) Weak: 923 encountered, 673 discovered, 99 enqueued
[2026-04-03T01:52:26.328+0600][2.985s][info][gc,ref      ] GC(1) Final: 0 encountered, 0 discovered, 0 enqueued
[2026-04-03T01:52:26.328+0600][2.985s][info][gc,ref      ] GC(1) Phantom: 36 encountered, 26 discovered, 0 enqueued
[2026-04-03T01:52:26.328+0600][2.985s][info][gc,reloc    ] GC(1) Small Pages: 205 / 410M, Empty: 174M, Relocated: 1M, In-Place: 0
[2026-04-03T01:52:26.328+0600][2.985s][info][gc,reloc    ] GC(1) Medium Pages: 0 / 0M, Empty: 0M, Relocated: 0M, In-Place: 0
[2026-04-03T01:52:26.328+0600][2.985s][info][gc,reloc    ] GC(1) Large Pages: 0 / 0M, Empty: 0M, Relocated: 0M, In-Place: 0
[2026-04-03T01:52:26.328+0600][2.985s][info][gc,reloc    ] GC(1) Forwarding Usage: 0M
[2026-04-03T01:52:26.328+0600][2.985s][info][gc,heap     ] GC(1) Min Capacity: 8M(0%)
[2026-04-03T01:52:26.328+0600][2.985s][info][gc,heap     ] GC(1) Max Capacity: 3922M(100%)
[2026-04-03T01:52:26.328+0600][2.985s][info][gc,heap     ] GC(1) Soft Max Capacity: 3922M(100%)
[2026-04-03T01:52:26.328+0600][2.985s][info][gc,heap     ] GC(1)                Mark Start          Mark End        Relocate Start      Relocate End           High               Low         
[2026-04-03T01:52:26.328+0600][2.985s][info][gc,heap     ] GC(1)  Capacity:      410M (10%)         434M (11%)         434M (11%)         434M (11%)         434M (11%)         410M (10%)    
[2026-04-03T01:52:26.328+0600][2.985s][info][gc,heap     ] GC(1)      Free:     3512M (90%)        3490M (89%)        3662M (93%)        3886M (99%)        3886M (99%)        3488M (89%)    
[2026-04-03T01:52:26.328+0600][2.985s][info][gc,heap     ] GC(1)      Used:      410M (10%)         432M (11%)         260M (7%)           36M (1%)          434M (11%)          36M (1%)     
[2026-04-03T01:52:26.328+0600][2.985s][info][gc,heap     ] GC(1)      Live:         -                 5M (0%)            5M (0%)            5M (0%)             -                  -          
[2026-04-03T01:52:26.328+0600][2.985s][info][gc,heap     ] GC(1) Allocated:         -                22M (1%)           24M (1%)           23M (1%)             -                  -          
[2026-04-03T01:52:26.328+0600][2.985s][info][gc,heap     ] GC(1)   Garbage:         -               404M (10%)         230M (6%)            6M (0%)             -                  -          
[2026-04-03T01:52:26.328+0600][2.985s][info][gc,heap     ] GC(1) Reclaimed:         -                  -               174M (4%)          397M (10%)            -                  -          
[2026-04-03T01:52:26.328+0600][2.985s][info][gc          ] GC(1) Garbage Collection (Warmup) 410M(10%)->36M(1%)
[2026-04-03T01:52:27.676+0600][4.332s][info][gc,start    ] GC(2) Garbage Collection (Warmup)
[2026-04-03T01:52:27.676+0600][4.332s][info][gc,task     ] GC(2) Using 3 workers
[2026-04-03T01:52:27.677+0600][4.334s][info][gc,phases   ] GC(2) Pause Mark Start 0.012ms
[2026-04-03T01:52:27.698+0600][4.354s][info][gc,phases   ] GC(2) Concurrent Mark 20.485ms
[2026-04-03T01:52:27.698+0600][4.355s][info][gc,phases   ] GC(2) Pause Mark End 0.023ms
[2026-04-03T01:52:27.699+0600][4.355s][info][gc,phases   ] GC(2) Concurrent Mark Free 0.002ms
[2026-04-03T01:52:27.705+0600][4.361s][info][gc,phases   ] GC(2) Concurrent Process Non-Strong References 5.837ms
[2026-04-03T01:52:27.705+0600][4.361s][info][gc,phases   ] GC(2) Concurrent Reset Relocation Set 0.013ms
[2026-04-03T01:52:27.709+0600][4.366s][info][gc,phases   ] GC(2) Concurrent Select Relocation Set 4.381ms
[2026-04-03T01:52:27.709+0600][4.366s][info][gc,phases   ] GC(2) Pause Relocate Start 0.014ms
[2026-04-03T01:52:27.712+0600][4.369s][info][gc,phases   ] GC(2) Concurrent Relocate 2.648ms
[2026-04-03T01:52:27.712+0600][4.369s][info][gc,load     ] GC(2) Load: 8.57/6.86/7.12
[2026-04-03T01:52:27.713+0600][4.369s][info][gc,mmu      ] GC(2) MMU: 2ms/98.6%, 5ms/99.5%, 10ms/99.7%, 20ms/99.8%, 50ms/99.9%, 100ms/99.9%
[2026-04-03T01:52:27.713+0600][4.369s][info][gc,marking  ] GC(2) Mark: 2 stripe(s), 3 proactive flush(es), 1 terminate flush(es), 0 completion(s), 0 continuation(s) 
[2026-04-03T01:52:27.713+0600][4.369s][info][gc,marking  ] GC(2) Mark Stack Usage: 32M
[2026-04-03T01:52:27.713+0600][4.369s][info][gc,nmethod  ] GC(2) NMethods: 1769 registered, 367 unregistered
[2026-04-03T01:52:27.713+0600][4.369s][info][gc,metaspace] GC(2) Metaspace: 13M used, 13M committed, 1088M reserved
[2026-04-03T01:52:27.713+0600][4.369s][info][gc,ref      ] GC(2) Soft: 252 encountered, 0 discovered, 0 enqueued
[2026-04-03T01:52:27.713+0600][4.369s][info][gc,ref      ] GC(2) Weak: 824 encountered, 509 discovered, 0 enqueued
[2026-04-03T01:52:27.713+0600][4.369s][info][gc,ref      ] GC(2) Final: 0 encountered, 0 discovered, 0 enqueued
[2026-04-03T01:52:27.713+0600][4.369s][info][gc,ref      ] GC(2) Phantom: 36 encountered, 29 discovered, 0 enqueued
[2026-04-03T01:52:27.713+0600][4.369s][info][gc,reloc    ] GC(2) Small Pages: 402 / 804M, Empty: 728M, Relocated: 1M, In-Place: 0
[2026-04-03T01:52:27.713+0600][4.369s][info][gc,reloc    ] GC(2) Medium Pages: 0 / 0M, Empty: 0M, Relocated: 0M, In-Place: 0
[2026-04-03T01:52:27.713+0600][4.369s][info][gc,reloc    ] GC(2) Large Pages: 0 / 0M, Empty: 0M, Relocated: 0M, In-Place: 0
[2026-04-03T01:52:27.713+0600][4.369s][info][gc,reloc    ] GC(2) Forwarding Usage: 0M
[2026-04-03T01:52:27.713+0600][4.369s][info][gc,heap     ] GC(2) Min Capacity: 8M(0%)
[2026-04-03T01:52:27.713+0600][4.369s][info][gc,heap     ] GC(2) Max Capacity: 3922M(100%)
[2026-04-03T01:52:27.713+0600][4.369s][info][gc,heap     ] GC(2) Soft Max Capacity: 3922M(100%)
[2026-04-03T01:52:27.713+0600][4.369s][info][gc,heap     ] GC(2)                Mark Start          Mark End        Relocate Start      Relocate End           High               Low         
[2026-04-03T01:52:27.713+0600][4.369s][info][gc,heap     ] GC(2)  Capacity:      804M (20%)         832M (21%)         832M (21%)         832M (21%)         832M (21%)         804M (20%)    
[2026-04-03T01:52:27.713+0600][4.369s][info][gc,heap     ] GC(2)      Free:     3118M (80%)        3094M (79%)        3818M (97%)        3884M (99%)        3884M (99%)        3090M (79%)    
[2026-04-03T01:52:27.713+0600][4.369s][info][gc,heap     ] GC(2)      Used:      804M (20%)         828M (21%)         104M (3%)           38M (1%)          832M (21%)          38M (1%)     
[2026-04-03T01:52:27.713+0600][4.369s][info][gc,heap     ] GC(2)      Live:         -                 5M (0%)            5M (0%)            5M (0%)             -                  -          
[2026-04-03T01:52:27.713+0600][4.369s][info][gc,heap     ] GC(2) Allocated:         -                24M (1%)           28M (1%)           29M (1%)             -                  -          
[2026-04-03T01:52:27.713+0600][4.369s][info][gc,heap     ] GC(2)   Garbage:         -               798M (20%)          70M (2%)            2M (0%)             -                  -          
[2026-04-03T01:52:27.713+0600][4.369s][info][gc,heap     ] GC(2) Reclaimed:         -                  -               728M (19%)         795M (20%)            -                  -          
[2026-04-03T01:52:27.713+0600][4.369s][info][gc          ] GC(2) Garbage Collection (Warmup) 804M(20%)->38M(1%)
[2026-04-03T01:52:29.176+0600][5.832s][info][gc,start    ] GC(3) Garbage Collection (Warmup)
[2026-04-03T01:52:29.176+0600][5.832s][info][gc,task     ] GC(3) Using 3 workers
[2026-04-03T01:52:29.176+0600][5.833s][info][gc,phases   ] GC(3) Pause Mark Start 0.018ms
[2026-04-03T01:52:29.198+0600][5.854s][info][gc,phases   ] GC(3) Concurrent Mark 18.365ms
[2026-04-03T01:52:29.198+0600][5.855s][info][gc,phases   ] GC(3) Pause Mark End 0.023ms
[2026-04-03T01:52:29.198+0600][5.855s][info][gc,phases   ] GC(3) Concurrent Mark Free 0.002ms
[2026-04-03T01:52:29.206+0600][5.862s][info][gc,phases   ] GC(3) Concurrent Process Non-Strong References 7.078ms
[2026-04-03T01:52:29.206+0600][5.862s][info][gc,phases   ] GC(3) Concurrent Reset Relocation Set 0.055ms
[2026-04-03T01:52:29.210+0600][5.867s][info][gc,phases   ] GC(3) Concurrent Select Relocation Set 4.568ms
[2026-04-03T01:52:29.211+0600][5.867s][info][gc,phases   ] GC(3) Pause Relocate Start 0.012ms
[2026-04-03T01:52:29.213+0600][5.869s][info][gc,phases   ] GC(3) Concurrent Relocate 2.381ms
[2026-04-03T01:52:29.213+0600][5.870s][info][gc,load     ] GC(3) Load: 8.57/6.86/7.12
[2026-04-03T01:52:29.213+0600][5.870s][info][gc,mmu      ] GC(3) MMU: 2ms/98.6%, 5ms/99.5%, 10ms/99.7%, 20ms/99.8%, 50ms/99.9%, 100ms/99.9%
[2026-04-03T01:52:29.213+0600][5.870s][info][gc,marking  ] GC(3) Mark: 2 stripe(s), 3 proactive flush(es), 1 terminate flush(es), 0 completion(s), 0 continuation(s) 
[2026-04-03T01:52:29.213+0600][5.870s][info][gc,marking  ] GC(3) Mark Stack Usage: 32M
[2026-04-03T01:52:29.213+0600][5.870s][info][gc,nmethod  ] GC(3) NMethods: 1822 registered, 402 unregistered
[2026-04-03T01:52:29.213+0600][5.870s][info][gc,metaspace] GC(3) Metaspace: 13M used, 13M committed, 1088M reserved
[2026-04-03T01:52:29.213+0600][5.870s][info][gc,ref      ] GC(3) Soft: 252 encountered, 0 discovered, 0 enqueued
[2026-04-03T01:52:29.213+0600][5.870s][info][gc,ref      ] GC(3) Weak: 824 encountered, 574 discovered, 0 enqueued
[2026-04-03T01:52:29.213+0600][5.870s][info][gc,ref      ] GC(3) Final: 0 encountered, 0 discovered, 0 enqueued
[2026-04-03T01:52:29.213+0600][5.870s][info][gc,ref      ] GC(3) Phantom: 36 encountered, 27 discovered, 0 enqueued
[2026-04-03T01:52:29.213+0600][5.870s][info][gc,reloc    ] GC(3) Small Pages: 621 / 1242M, Empty: 1178M, Relocated: 1M, In-Place: 0
[2026-04-03T01:52:29.213+0600][5.870s][info][gc,reloc    ] GC(3) Medium Pages: 0 / 0M, Empty: 0M, Relocated: 0M, In-Place: 0
[2026-04-03T01:52:29.213+0600][5.870s][info][gc,reloc    ] GC(3) Large Pages: 0 / 0M, Empty: 0M, Relocated: 0M, In-Place: 0
[2026-04-03T01:52:29.213+0600][5.870s][info][gc,reloc    ] GC(3) Forwarding Usage: 0M
[2026-04-03T01:52:29.213+0600][5.870s][info][gc,heap     ] GC(3) Min Capacity: 8M(0%)
[2026-04-03T01:52:29.213+0600][5.870s][info][gc,heap     ] GC(3) Max Capacity: 3922M(100%)
[2026-04-03T01:52:29.213+0600][5.870s][info][gc,heap     ] GC(3) Soft Max Capacity: 3922M(100%)
[2026-04-03T01:52:29.213+0600][5.870s][info][gc,heap     ] GC(3)                Mark Start          Mark End        Relocate Start      Relocate End           High               Low         
[2026-04-03T01:52:29.213+0600][5.870s][info][gc,heap     ] GC(3)  Capacity:     1242M (32%)        1270M (32%)        1270M (32%)        1270M (32%)        1270M (32%)        1242M (32%)    
[2026-04-03T01:52:29.213+0600][5.870s][info][gc,heap     ] GC(3)      Free:     2680M (68%)        2652M (68%)        3830M (98%)        3878M (99%)        3878M (99%)        2652M (68%)    
[2026-04-03T01:52:29.213+0600][5.870s][info][gc,heap     ] GC(3)      Used:     1242M (32%)        1270M (32%)          92M (2%)           44M (1%)         1270M (32%)          44M (1%)     
[2026-04-03T01:52:29.213+0600][5.870s][info][gc,heap     ] GC(3)      Live:         -                 5M (0%)            5M (0%)            5M (0%)             -                  -          
[2026-04-03T01:52:29.213+0600][5.870s][info][gc,heap     ] GC(3) Allocated:         -                28M (1%)           28M (1%)           31M (1%)             -                  -          
[2026-04-03T01:52:29.213+0600][5.870s][info][gc,heap     ] GC(3)   Garbage:         -              1236M (32%)          58M (1%)            6M (0%)             -                  -          
[2026-04-03T01:52:29.213+0600][5.870s][info][gc,heap     ] GC(3) Reclaimed:         -                  -              1178M (30%)        1229M (31%)            -                  -          
[2026-04-03T01:52:29.213+0600][5.870s][info][gc          ] GC(3) Garbage Collection (Warmup) 1242M(32%)->44M(1%)
[2026-04-03T01:52:31.876+0600][8.532s][info][gc,start    ] GC(4) Garbage Collection (Proactive)
[2026-04-03T01:52:31.876+0600][8.532s][info][gc,task     ] GC(4) Using 3 workers
[2026-04-03T01:52:31.877+0600][8.533s][info][gc,phases   ] GC(4) Pause Mark Start 0.011ms
[2026-04-03T01:52:31.895+0600][8.552s][info][gc,phases   ] GC(4) Concurrent Mark 18.728ms
[2026-04-03T01:52:31.896+0600][8.552s][info][gc,phases   ] GC(4) Pause Mark End 0.024ms
[2026-04-03T01:52:31.896+0600][8.552s][info][gc,phases   ] GC(4) Concurrent Mark Free 0.003ms
[2026-04-03T01:52:31.904+0600][8.560s][info][gc,phases   ] GC(4) Concurrent Process Non-Strong References 7.845ms
[2026-04-03T01:52:31.904+0600][8.560s][info][gc,phases   ] GC(4) Concurrent Reset Relocation Set 0.004ms
[2026-04-03T01:52:31.909+0600][8.565s][info][gc,phases   ] GC(4) Concurrent Select Relocation Set 5.147ms
[2026-04-03T01:52:31.909+0600][8.566s][info][gc,phases   ] GC(4) Pause Relocate Start 0.015ms
[2026-04-03T01:52:31.913+0600][8.570s][info][gc,phases   ] GC(4) Concurrent Relocate 3.732ms
[2026-04-03T01:52:31.913+0600][8.570s][info][gc,load     ] GC(4) Load: 8.84/6.94/7.14
[2026-04-03T01:52:31.913+0600][8.570s][info][gc,mmu      ] GC(4) MMU: 2ms/98.6%, 5ms/99.5%, 10ms/99.7%, 20ms/99.8%, 50ms/99.9%, 100ms/99.9%
[2026-04-03T01:52:31.913+0600][8.570s][info][gc,marking  ] GC(4) Mark: 2 stripe(s), 3 proactive flush(es), 1 terminate flush(es), 0 completion(s), 0 continuation(s) 
[2026-04-03T01:52:31.913+0600][8.570s][info][gc,marking  ] GC(4) Mark Stack Usage: 32M
[2026-04-03T01:52:31.913+0600][8.570s][info][gc,nmethod  ] GC(4) NMethods: 1850 registered, 433 unregistered
[2026-04-03T01:52:31.913+0600][8.570s][info][gc,metaspace] GC(4) Metaspace: 13M used, 13M committed, 1088M reserved
[2026-04-03T01:52:31.913+0600][8.570s][info][gc,ref      ] GC(4) Soft: 252 encountered, 0 discovered, 0 enqueued
[2026-04-03T01:52:31.913+0600][8.570s][info][gc,ref      ] GC(4) Weak: 824 encountered, 504 discovered, 0 enqueued
[2026-04-03T01:52:31.913+0600][8.570s][info][gc,ref      ] GC(4) Final: 0 encountered, 0 discovered, 0 enqueued
[2026-04-03T01:52:31.913+0600][8.570s][info][gc,ref      ] GC(4) Phantom: 36 encountered, 22 discovered, 0 enqueued
[2026-04-03T01:52:31.913+0600][8.570s][info][gc,reloc    ] GC(4) Small Pages: 1150 / 2300M, Empty: 2226M, Relocated: 1M, In-Place: 0
[2026-04-03T01:52:31.913+0600][8.570s][info][gc,reloc    ] GC(4) Medium Pages: 0 / 0M, Empty: 0M, Relocated: 0M, In-Place: 0
[2026-04-03T01:52:31.913+0600][8.570s][info][gc,reloc    ] GC(4) Large Pages: 0 / 0M, Empty: 0M, Relocated: 0M, In-Place: 0
[2026-04-03T01:52:31.914+0600][8.570s][info][gc,reloc    ] GC(4) Forwarding Usage: 0M
[2026-04-03T01:52:31.914+0600][8.570s][info][gc,heap     ] GC(4) Min Capacity: 8M(0%)
[2026-04-03T01:52:31.914+0600][8.570s][info][gc,heap     ] GC(4) Max Capacity: 3922M(100%)
[2026-04-03T01:52:31.914+0600][8.570s][info][gc,heap     ] GC(4) Soft Max Capacity: 3922M(100%)
[2026-04-03T01:52:31.914+0600][8.570s][info][gc,heap     ] GC(4)                Mark Start          Mark End        Relocate Start      Relocate End           High               Low         
[2026-04-03T01:52:31.914+0600][8.570s][info][gc,heap     ] GC(4)  Capacity:     2300M (59%)        2326M (59%)        2330M (59%)        2330M (59%)        2330M (59%)        2300M (59%)    
[2026-04-03T01:52:31.914+0600][8.570s][info][gc,heap     ] GC(4)      Free:     1622M (41%)        1596M (41%)        3818M (97%)        3880M (99%)        3880M (99%)        1592M (41%)    
[2026-04-03T01:52:31.914+0600][8.570s][info][gc,heap     ] GC(4)      Used:     2300M (59%)        2326M (59%)         104M (3%)           42M (1%)         2330M (59%)          42M (1%)     
[2026-04-03T01:52:31.914+0600][8.570s][info][gc,heap     ] GC(4)      Live:         -                 5M (0%)            5M (0%)            5M (0%)             -                  -          
[2026-04-03T01:52:31.914+0600][8.570s][info][gc,heap     ] GC(4) Allocated:         -                26M (1%)           30M (1%)           31M (1%)             -                  -          
[2026-04-03T01:52:31.914+0600][8.570s][info][gc,heap     ] GC(4)   Garbage:         -              2294M (58%)          68M (2%)            4M (0%)             -                  -          
[2026-04-03T01:52:31.914+0600][8.570s][info][gc,heap     ] GC(4) Reclaimed:         -                  -              2226M (57%)        2289M (58%)            -                  -          
[2026-04-03T01:52:31.914+0600][8.570s][info][gc          ] GC(4) Garbage Collection (Proactive) 2300M(59%)->42M(1%)
[2026-04-03T01:52:33.048+0600][9.705s][info][gc,start    ] GC(5) Garbage Collection (System.gc())
[2026-04-03T01:52:33.048+0600][9.705s][info][gc,task     ] GC(5) Using 3 workers
[2026-04-03T01:52:33.048+0600][9.705s][info][gc,phases   ] GC(5) Pause Mark Start 0.008ms
[2026-04-03T01:52:33.055+0600][9.711s][info][gc,phases   ] GC(5) Concurrent Mark 6.429ms
[2026-04-03T01:52:33.055+0600][9.711s][info][gc,phases   ] GC(5) Pause Mark End 0.015ms
[2026-04-03T01:52:33.055+0600][9.712s][info][gc,phases   ] GC(5) Concurrent Mark Free 0.002ms
[2026-04-03T01:52:33.057+0600][9.714s][info][gc,phases   ] GC(5) Concurrent Process Non-Strong References 2.191ms
[2026-04-03T01:52:33.058+0600][9.714s][info][gc,phases   ] GC(5) Concurrent Reset Relocation Set 0.003ms
[2026-04-03T01:52:33.061+0600][9.717s][info][gc,phases   ] GC(5) Concurrent Select Relocation Set 3.222ms
[2026-04-03T01:52:33.061+0600][9.717s][info][gc,phases   ] GC(5) Pause Relocate Start 0.010ms
[2026-04-03T01:52:33.064+0600][9.721s][info][gc,phases   ] GC(5) Concurrent Relocate 3.334ms
[2026-04-03T01:52:33.064+0600][9.721s][info][gc,load     ] GC(5) Load: 8.84/6.94/7.14
[2026-04-03T01:52:33.064+0600][9.721s][info][gc,mmu      ] GC(5) MMU: 2ms/98.6%, 5ms/99.5%, 10ms/99.7%, 20ms/99.8%, 50ms/99.9%, 100ms/99.9%
[2026-04-03T01:52:33.064+0600][9.721s][info][gc,marking  ] GC(5) Mark: 2 stripe(s), 1 proactive flush(es), 1 terminate flush(es), 0 completion(s), 0 continuation(s) 
[2026-04-03T01:52:33.064+0600][9.721s][info][gc,marking  ] GC(5) Mark Stack Usage: 32M
[2026-04-03T01:52:33.064+0600][9.721s][info][gc,nmethod  ] GC(5) NMethods: 1846 registered, 454 unregistered
[2026-04-03T01:52:33.064+0600][9.721s][info][gc,metaspace] GC(5) Metaspace: 13M used, 14M committed, 1088M reserved
[2026-04-03T01:52:33.064+0600][9.721s][info][gc,ref      ] GC(5) Soft: 255 encountered, 0 discovered, 0 enqueued
[2026-04-03T01:52:33.064+0600][9.721s][info][gc,ref      ] GC(5) Weak: 831 encountered, 346 discovered, 17 enqueued
[2026-04-03T01:52:33.064+0600][9.721s][info][gc,ref      ] GC(5) Final: 0 encountered, 0 discovered, 0 enqueued
[2026-04-03T01:52:33.064+0600][9.721s][info][gc,ref      ] GC(5) Phantom: 36 encountered, 27 discovered, 0 enqueued
[2026-04-03T01:52:33.064+0600][9.721s][info][gc,reloc    ] GC(5) Small Pages: 473 / 946M, Empty: 900M, Relocated: 5M, In-Place: 0
[2026-04-03T01:52:33.064+0600][9.721s][info][gc,reloc    ] GC(5) Medium Pages: 0 / 0M, Empty: 0M, Relocated: 0M, In-Place: 0
[2026-04-03T01:52:33.064+0600][9.721s][info][gc,reloc    ] GC(5) Large Pages: 0 / 0M, Empty: 0M, Relocated: 0M, In-Place: 0
[2026-04-03T01:52:33.064+0600][9.721s][info][gc,reloc    ] GC(5) Forwarding Usage: 2M
[2026-04-03T01:52:33.064+0600][9.721s][info][gc,heap     ] GC(5) Min Capacity: 8M(0%)
[2026-04-03T01:52:33.064+0600][9.721s][info][gc,heap     ] GC(5) Max Capacity: 3922M(100%)
[2026-04-03T01:52:33.064+0600][9.721s][info][gc,heap     ] GC(5) Soft Max Capacity: 3922M(100%)
[2026-04-03T01:52:33.065+0600][9.721s][info][gc,heap     ] GC(5)                Mark Start          Mark End        Relocate Start      Relocate End           High               Low         
[2026-04-03T01:52:33.065+0600][9.721s][info][gc,heap     ] GC(5)  Capacity:     2330M (59%)        2330M (59%)        2330M (59%)        2330M (59%)        2330M (59%)        2330M (59%)    
[2026-04-03T01:52:33.065+0600][9.721s][info][gc,heap     ] GC(5)      Free:     2976M (76%)        2976M (76%)        3876M (99%)        3914M (100%)       3914M (100%)       2976M (76%)    
[2026-04-03T01:52:33.065+0600][9.721s][info][gc,heap     ] GC(5)      Used:      946M (24%)         946M (24%)          46M (1%)            8M (0%)          946M (24%)           8M (0%)     
[2026-04-03T01:52:33.065+0600][9.721s][info][gc,heap     ] GC(5)      Live:         -                 5M (0%)            5M (0%)            5M (0%)             -                  -          
[2026-04-03T01:52:33.065+0600][9.721s][info][gc,heap     ] GC(5) Allocated:         -                 0M (0%)            0M (0%)            0M (0%)             -                  -          
[2026-04-03T01:52:33.065+0600][9.721s][info][gc,heap     ] GC(5)   Garbage:         -               940M (24%)          40M (1%)            2M (0%)             -                  -          
[2026-04-03T01:52:33.065+0600][9.721s][info][gc,heap     ] GC(5) Reclaimed:         -                  -               900M (23%)         938M (24%)            -                  -          
[2026-04-03T01:52:33.065+0600][9.721s][info][gc          ] GC(5) Garbage Collection (System.gc()) 946M(24%)->8M(0%)
[2026-04-03T01:52:33.477+0600][10.133s][info][gc,stats    ] === Garbage Collection Statistics =======================================================================================================================
[2026-04-03T01:52:33.477+0600][10.133s][info][gc,stats    ]                                                              Last 10s              Last 10m              Last 10h                Total
[2026-04-03T01:52:33.477+0600][10.133s][info][gc,stats    ]                                                              Avg / Max             Avg / Max             Avg / Max             Avg / Max
[2026-04-03T01:52:33.477+0600][10.133s][info][gc,stats    ]   Collector: Garbage Collection Cycle                     33.032 / 50.366       33.032 / 50.366       33.032 / 50.366       33.032 / 50.366      ms
[2026-04-03T01:52:33.477+0600][10.133s][info][gc,stats    ]  Contention: Mark Segment Reset Contention                     0 / 2                 0 / 2                 0 / 2                 0 / 2           ops/s
[2026-04-03T01:52:33.477+0600][10.133s][info][gc,stats    ]  Contention: Mark SeqNum Reset Contention                      0 / 1                 0 / 1                 0 / 1                 0 / 1           ops/s
[2026-04-03T01:52:33.477+0600][10.133s][info][gc,stats    ]    Critical: Allocation Stall                                  0 / 0                 0 / 0                 0 / 0                 0 / 0           ops/s
[2026-04-03T01:52:33.477+0600][10.133s][info][gc,stats    ]    Critical: Allocation Stall                              0.000 / 0.000         0.000 / 0.000         0.000 / 0.000         0.000 / 0.000       ms
[2026-04-03T01:52:33.477+0600][10.133s][info][gc,stats    ]    Critical: GC Locker Stall                                   0 / 0                 0 / 0                 0 / 0                 0 / 0           ops/s
[2026-04-03T01:52:33.477+0600][10.133s][info][gc,stats    ]    Critical: GC Locker Stall                               0.000 / 0.000         0.000 / 0.000         0.000 / 0.000         0.000 / 0.000       ms
[2026-04-03T01:52:33.477+0600][10.133s][info][gc,stats    ]    Critical: Relocation Stall                                  0 / 0                 0 / 0                 0 / 0                 0 / 0           ops/s
[2026-04-03T01:52:33.477+0600][10.133s][info][gc,stats    ]    Critical: Relocation Stall                              0.000 / 0.000         0.000 / 0.000         0.000 / 0.000         0.000 / 0.000       ms
[2026-04-03T01:52:33.477+0600][10.133s][info][gc,stats    ]      Memory: Allocation Rate                                 624 / 904             624 / 904             624 / 904             624 / 904         MB/s
[2026-04-03T01:52:33.477+0600][10.133s][info][gc,stats    ]      Memory: Defragment                                        0 / 0                 0 / 0                 0 / 0                 0 / 0           ops/s
[2026-04-03T01:52:33.477+0600][10.133s][info][gc,stats    ]      Memory: Out Of Memory                                     0 / 0                 0 / 0                 0 / 0                 0 / 0           ops/s
[2026-04-03T01:52:33.477+0600][10.133s][info][gc,stats    ]      Memory: Page Cache Flush                                  0 / 0                 0 / 0                 0 / 0                 0 / 0           MB/s
[2026-04-03T01:52:33.477+0600][10.133s][info][gc,stats    ]      Memory: Page Cache Hit L1                               197 / 452             197 / 452             197 / 452             197 / 452         ops/s
[2026-04-03T01:52:33.477+0600][10.133s][info][gc,stats    ]      Memory: Page Cache Hit L2                                 0 / 0                 0 / 0                 0 / 0                 0 / 0           ops/s
[2026-04-03T01:52:33.477+0600][10.133s][info][gc,stats    ]      Memory: Page Cache Hit L3                                12 / 118              12 / 118              12 / 118              12 / 118         ops/s
[2026-04-03T01:52:33.477+0600][10.133s][info][gc,stats    ]      Memory: Page Cache Miss                                 104 / 364             104 / 364             104 / 364             104 / 364         ops/s
[2026-04-03T01:52:33.477+0600][10.133s][info][gc,stats    ]      Memory: Uncommit                                          0 / 0                 0 / 0                 0 / 0                 0 / 0           MB/s
[2026-04-03T01:52:33.477+0600][10.133s][info][gc,stats    ]      Memory: Undo Object Allocation Failed                     0 / 0                 0 / 0                 0 / 0                 0 / 0           ops/s
[2026-04-03T01:52:33.477+0600][10.133s][info][gc,stats    ]      Memory: Undo Object Allocation Succeeded                  1 / 6                 1 / 6                 1 / 6                 1 / 6           ops/s
[2026-04-03T01:52:33.477+0600][10.133s][info][gc,stats    ]      Memory: Undo Page Allocation                              1 / 5                 1 / 5                 1 / 5                 1 / 5           ops/s
[2026-04-03T01:52:33.477+0600][10.133s][info][gc,stats    ]       Phase: Concurrent Mark                              16.456 / 27.544       16.456 / 27.544       16.456 / 27.544       16.456 / 27.544      ms
[2026-04-03T01:52:33.477+0600][10.133s][info][gc,stats    ]       Phase: Concurrent Mark Continue                      0.000 / 0.000         0.000 / 0.000         0.000 / 0.000         0.000 / 0.000       ms
[2026-04-03T01:52:33.477+0600][10.133s][info][gc,stats    ]       Phase: Concurrent Mark Free                          0.002 / 0.003         0.002 / 0.003         0.002 / 0.003         0.002 / 0.003       ms
[2026-04-03T01:52:33.477+0600][10.133s][info][gc,stats    ]       Phase: Concurrent Process Non-Strong References      6.159 / 12.316        6.159 / 12.316        6.159 / 12.316        6.159 / 12.316      ms
[2026-04-03T01:52:33.477+0600][10.133s][info][gc,stats    ]       Phase: Concurrent Relocate                           2.949 / 3.732         2.949 / 3.732         2.949 / 3.732         2.949 / 3.732       ms
[2026-04-03T01:52:33.477+0600][10.133s][info][gc,stats    ]       Phase: Concurrent Reset Relocation Set               0.015 / 0.055         0.015 / 0.055         0.015 / 0.055         0.015 / 0.055       ms
[2026-04-03T01:52:33.477+0600][10.133s][info][gc,stats    ]       Phase: Concurrent Select Relocation Set              4.903 / 7.621         4.903 / 7.621         4.903 / 7.621         4.903 / 7.621       ms
[2026-04-03T01:52:33.477+0600][10.133s][info][gc,stats    ]       Phase: Pause Mark End                                0.022 / 0.027         0.022 / 0.027         0.022 / 0.027         0.022 / 0.027       ms
[2026-04-03T01:52:33.477+0600][10.134s][info][gc,stats    ]       Phase: Pause Mark Start                              0.012 / 0.018         0.012 / 0.018         0.012 / 0.018         0.012 / 0.018       ms
[2026-04-03T01:52:33.477+0600][10.134s][info][gc,stats    ]       Phase: Pause Relocate Start                          0.013 / 0.018         0.013 / 0.018         0.013 / 0.018         0.013 / 0.018       ms
[2026-04-03T01:52:33.477+0600][10.134s][info][gc,stats    ]    Subphase: Concurrent Classes Purge                      0.224 / 0.501         0.224 / 0.501         0.224 / 0.501         0.224 / 0.501       ms
[2026-04-03T01:52:33.477+0600][10.134s][info][gc,stats    ]    Subphase: Concurrent Classes Unlink                     4.609 / 10.655        4.609 / 10.655        4.609 / 10.655        4.609 / 10.655      ms
[2026-04-03T01:52:33.477+0600][10.134s][info][gc,stats    ]    Subphase: Concurrent Mark                              15.022 / 25.971       15.022 / 25.971       15.022 / 25.971       15.022 / 25.971      ms
[2026-04-03T01:52:33.477+0600][10.134s][info][gc,stats    ]    Subphase: Concurrent Mark Try Flush                     2.307 / 9.031         2.307 / 9.031         2.307 / 9.031         2.307 / 9.031       ms
[2026-04-03T01:52:33.477+0600][10.134s][info][gc,stats    ]    Subphase: Concurrent Mark Try Terminate                 1.041 / 2.887         1.041 / 2.887         1.041 / 2.887         1.041 / 2.887       ms
[2026-04-03T01:52:33.477+0600][10.134s][info][gc,stats    ]    Subphase: Concurrent References Enqueue                 0.003 / 0.012         0.003 / 0.012         0.003 / 0.012         0.003 / 0.012       ms
[2026-04-03T01:52:33.477+0600][10.134s][info][gc,stats    ]    Subphase: Concurrent References Process                 0.164 / 0.289         0.164 / 0.289         0.164 / 0.289         0.164 / 0.289       ms
[2026-04-03T01:52:33.477+0600][10.134s][info][gc,stats    ]    Subphase: Concurrent Roots ClassLoaderDataGraph         0.167 / 0.414         0.167 / 0.414         0.167 / 0.414         0.167 / 0.414       ms
[2026-04-03T01:52:33.477+0600][10.134s][info][gc,stats    ]    Subphase: Concurrent Roots CodeCache                    0.000 / 0.000         0.000 / 0.000         0.000 / 0.000         0.000 / 0.000       ms
[2026-04-03T01:52:33.477+0600][10.134s][info][gc,stats    ]    Subphase: Concurrent Roots JavaThreads                  0.334 / 1.679         0.334 / 1.679         0.334 / 1.679         0.334 / 1.679       ms
[2026-04-03T01:52:33.477+0600][10.134s][info][gc,stats    ]    Subphase: Concurrent Roots OopStorageSet                0.124 / 0.514         0.124 / 0.514         0.124 / 0.514         0.124 / 0.514       ms
[2026-04-03T01:52:33.477+0600][10.134s][info][gc,stats    ]    Subphase: Concurrent Weak Roots OopStorageSet           0.709 / 1.660         0.709 / 1.660         0.709 / 1.660         0.709 / 1.660       ms
[2026-04-03T01:52:33.477+0600][10.134s][info][gc,stats    ]    Subphase: Pause Mark Try Complete                       0.000 / 0.000         0.000 / 0.000         0.000 / 0.000         0.000 / 0.000       ms
[2026-04-03T01:52:33.477+0600][10.134s][info][gc,stats    ]      System: Java Threads                                     19 / 25               19 / 25               19 / 25               19 / 25          threads
[2026-04-03T01:52:33.477+0600][10.134s][info][gc,stats    ] =========================================================================================================================================================
[2026-04-03T01:52:35.776+0600][12.433s][info][gc,start    ] GC(6) Garbage Collection (Proactive)
[2026-04-03T01:52:35.777+0600][12.433s][info][gc,task     ] GC(6) Using 3 workers
[2026-04-03T01:52:35.777+0600][12.433s][info][gc,phases   ] GC(6) Pause Mark Start 0.016ms
[2026-04-03T01:52:35.799+0600][12.455s][info][gc,phases   ] GC(6) Concurrent Mark 21.575ms
[2026-04-03T01:52:35.799+0600][12.456s][info][gc,phases   ] GC(6) Pause Mark End 0.021ms
[2026-04-03T01:52:35.799+0600][12.456s][info][gc,phases   ] GC(6) Concurrent Mark Free 0.001ms
[2026-04-03T01:52:35.804+0600][12.461s][info][gc,phases   ] GC(6) Concurrent Process Non-Strong References 4.934ms
[2026-04-03T01:52:35.804+0600][12.461s][info][gc,phases   ] GC(6) Concurrent Reset Relocation Set 0.007ms
[2026-04-03T01:52:35.809+0600][12.465s][info][gc,phases   ] GC(6) Concurrent Select Relocation Set 4.451ms
[2026-04-03T01:52:35.809+0600][12.466s][info][gc,phases   ] GC(6) Pause Relocate Start 0.013ms
[2026-04-03T01:52:35.810+0600][12.467s][info][gc,phases   ] GC(6) Concurrent Relocate 1.052ms
[2026-04-03T01:52:35.810+0600][12.467s][info][gc,load     ] GC(6) Load: 9.09/7.03/7.17
[2026-04-03T01:52:35.810+0600][12.467s][info][gc,mmu      ] GC(6) MMU: 2ms/98.6%, 5ms/99.5%, 10ms/99.7%, 20ms/99.8%, 50ms/99.9%, 100ms/99.9%
[2026-04-03T01:52:35.811+0600][12.467s][info][gc,marking  ] GC(6) Mark: 2 stripe(s), 2 proactive flush(es), 1 terminate flush(es), 0 completion(s), 0 continuation(s) 
[2026-04-03T01:52:35.811+0600][12.467s][info][gc,marking  ] GC(6) Mark Stack Usage: 32M
[2026-04-03T01:52:35.811+0600][12.467s][info][gc,nmethod  ] GC(6) NMethods: 1874 registered, 501 unregistered
[2026-04-03T01:52:35.811+0600][12.467s][info][gc,metaspace] GC(6) Metaspace: 13M used, 14M committed, 1088M reserved
[2026-04-03T01:52:35.811+0600][12.467s][info][gc,ref      ] GC(6) Soft: 255 encountered, 0 discovered, 0 enqueued
[2026-04-03T01:52:35.811+0600][12.467s][info][gc,ref      ] GC(6) Weak: 841 encountered, 279 discovered, 1 enqueued
[2026-04-03T01:52:35.811+0600][12.467s][info][gc,ref      ] GC(6) Final: 0 encountered, 0 discovered, 0 enqueued
[2026-04-03T01:52:35.811+0600][12.467s][info][gc,ref      ] GC(6) Phantom: 36 encountered, 20 discovered, 0 enqueued
[2026-04-03T01:52:35.811+0600][12.467s][info][gc,reloc    ] GC(6) Small Pages: 1135 / 2270M, Empty: 2202M, Relocated: 1M, In-Place: 0
[2026-04-03T01:52:35.811+0600][12.467s][info][gc,reloc    ] GC(6) Medium Pages: 0 / 0M, Empty: 0M, Relocated: 0M, In-Place: 0
[2026-04-03T01:52:35.811+0600][12.467s][info][gc,reloc    ] GC(6) Large Pages: 0 / 0M, Empty: 0M, Relocated: 0M, In-Place: 0
[2026-04-03T01:52:35.811+0600][12.467s][info][gc,reloc    ] GC(6) Forwarding Usage: 0M
[2026-04-03T01:52:35.811+0600][12.467s][info][gc,heap     ] GC(6) Min Capacity: 8M(0%)
[2026-04-03T01:52:35.811+0600][12.467s][info][gc,heap     ] GC(6) Max Capacity: 3922M(100%)
[2026-04-03T01:52:35.811+0600][12.467s][info][gc,heap     ] GC(6) Soft Max Capacity: 3922M(100%)
[2026-04-03T01:52:35.811+0600][12.467s][info][gc,heap     ] GC(6)                Mark Start          Mark End        Relocate Start      Relocate End           High               Low         
[2026-04-03T01:52:35.811+0600][12.467s][info][gc,heap     ] GC(6)  Capacity:     2330M (59%)        2330M (59%)        2330M (59%)        2330M (59%)        2330M (59%)        2330M (59%)    
[2026-04-03T01:52:35.811+0600][12.467s][info][gc,heap     ] GC(6)      Free:     1652M (42%)        1626M (41%)        3816M (97%)        3870M (99%)        3870M (99%)        1622M (41%)    
[2026-04-03T01:52:35.811+0600][12.467s][info][gc,heap     ] GC(6)      Used:     2270M (58%)        2296M (59%)         106M (3%)           52M (1%)         2300M (59%)          52M (1%)     
[2026-04-03T01:52:35.811+0600][12.467s][info][gc,heap     ] GC(6)      Live:         -                 5M (0%)            5M (0%)            5M (0%)             -                  -          
[2026-04-03T01:52:35.811+0600][12.467s][info][gc,heap     ] GC(6) Allocated:         -                26M (1%)           38M (1%)           41M (1%)             -                  -          
[2026-04-03T01:52:35.811+0600][12.467s][info][gc,heap     ] GC(6)   Garbage:         -              2264M (58%)          62M (2%)            4M (0%)             -                  -          
[2026-04-03T01:52:35.811+0600][12.467s][info][gc,heap     ] GC(6) Reclaimed:         -                  -              2202M (56%)        2259M (58%)            -                  -          
[2026-04-03T01:52:35.811+0600][12.467s][info][gc          ] GC(6) Garbage Collection (Proactive) 2270M(58%)->52M(1%)
[2026-04-03T01:52:38.577+0600][15.233s][info][gc,start    ] GC(7) Garbage Collection (Proactive)
[2026-04-03T01:52:38.577+0600][15.233s][info][gc,task     ] GC(7) Using 3 workers
[2026-04-03T01:52:38.577+0600][15.233s][info][gc,phases   ] GC(7) Pause Mark Start 0.017ms
[2026-04-03T01:52:38.587+0600][15.244s][info][gc,phases   ] GC(7) Concurrent Mark 10.021ms
[2026-04-03T01:52:38.588+0600][15.244s][info][gc,phases   ] GC(7) Pause Mark End 0.019ms
[2026-04-03T01:52:38.588+0600][15.244s][info][gc,phases   ] GC(7) Concurrent Mark Free 0.001ms
[2026-04-03T01:52:38.592+0600][15.248s][info][gc,phases   ] GC(7) Concurrent Process Non-Strong References 3.973ms
[2026-04-03T01:52:38.592+0600][15.248s][info][gc,phases   ] GC(7) Concurrent Reset Relocation Set 0.006ms
[2026-04-03T01:52:38.596+0600][15.252s][info][gc,phases   ] GC(7) Concurrent Select Relocation Set 4.049ms
[2026-04-03T01:52:38.596+0600][15.253s][info][gc,phases   ] GC(7) Pause Relocate Start 0.012ms
[2026-04-03T01:52:38.598+0600][15.254s][info][gc,phases   ] GC(7) Concurrent Relocate 0.980ms
[2026-04-03T01:52:38.598+0600][15.254s][info][gc,load     ] GC(7) Load: 9.09/7.03/7.17
[2026-04-03T01:52:38.598+0600][15.254s][info][gc,mmu      ] GC(7) MMU: 2ms/98.6%, 5ms/99.5%, 10ms/99.7%, 20ms/99.8%, 50ms/99.9%, 100ms/99.9%
[2026-04-03T01:52:38.598+0600][15.254s][info][gc,marking  ] GC(7) Mark: 2 stripe(s), 3 proactive flush(es), 1 terminate flush(es), 0 completion(s), 0 continuation(s) 
[2026-04-03T01:52:38.598+0600][15.254s][info][gc,marking  ] GC(7) Mark Stack Usage: 32M
[2026-04-03T01:52:38.598+0600][15.254s][info][gc,nmethod  ] GC(7) NMethods: 1876 registered, 511 unregistered
[2026-04-03T01:52:38.598+0600][15.254s][info][gc,metaspace] GC(7) Metaspace: 13M used, 14M committed, 1088M reserved
[2026-04-03T01:52:38.598+0600][15.254s][info][gc,ref      ] GC(7) Soft: 255 encountered, 0 discovered, 0 enqueued
[2026-04-03T01:52:38.598+0600][15.254s][info][gc,ref      ] GC(7) Weak: 840 encountered, 445 discovered, 0 enqueued
[2026-04-03T01:52:38.598+0600][15.254s][info][gc,ref      ] GC(7) Final: 0 encountered, 0 discovered, 0 enqueued
[2026-04-03T01:52:38.598+0600][15.254s][info][gc,ref      ] GC(7) Phantom: 36 encountered, 20 discovered, 0 enqueued
[2026-04-03T01:52:38.598+0600][15.254s][info][gc,reloc    ] GC(7) Small Pages: 1155 / 2310M, Empty: 2238M, Relocated: 1M, In-Place: 0
[2026-04-03T01:52:38.598+0600][15.254s][info][gc,reloc    ] GC(7) Medium Pages: 0 / 0M, Empty: 0M, Relocated: 0M, In-Place: 0
[2026-04-03T01:52:38.598+0600][15.254s][info][gc,reloc    ] GC(7) Large Pages: 0 / 0M, Empty: 0M, Relocated: 0M, In-Place: 0
[2026-04-03T01:52:38.598+0600][15.254s][info][gc,reloc    ] GC(7) Forwarding Usage: 0M
[2026-04-03T01:52:38.598+0600][15.254s][info][gc,heap     ] GC(7) Min Capacity: 8M(0%)
[2026-04-03T01:52:38.598+0600][15.254s][info][gc,heap     ] GC(7) Max Capacity: 3922M(100%)
[2026-04-03T01:52:38.598+0600][15.254s][info][gc,heap     ] GC(7) Soft Max Capacity: 3922M(100%)
[2026-04-03T01:52:38.598+0600][15.254s][info][gc,heap     ] GC(7)                Mark Start          Mark End        Relocate Start      Relocate End           High               Low         
[2026-04-03T01:52:38.598+0600][15.254s][info][gc,heap     ] GC(7)  Capacity:     2330M (59%)        2334M (60%)        2334M (60%)        2334M (60%)        2334M (60%)        2330M (59%)    
[2026-04-03T01:52:38.598+0600][15.254s][info][gc,heap     ] GC(7)      Free:     1612M (41%)        1588M (40%)        3826M (98%)        3888M (99%)        3888M (99%)        1588M (40%)    
[2026-04-03T01:52:38.598+0600][15.254s][info][gc,heap     ] GC(7)      Used:     2310M (59%)        2334M (60%)          96M (2%)           34M (1%)         2334M (60%)          34M (1%)     
[2026-04-03T01:52:38.598+0600][15.254s][info][gc,heap     ] GC(7)      Live:         -                 5M (0%)            5M (0%)            5M (0%)             -                  -          
[2026-04-03T01:52:38.598+0600][15.254s][info][gc,heap     ] GC(7) Allocated:         -                24M (1%)           24M (1%)           23M (1%)             -                  -          
[2026-04-03T01:52:38.598+0600][15.254s][info][gc,heap     ] GC(7)   Garbage:         -              2304M (59%)          66M (2%)            4M (0%)             -                  -          
[2026-04-03T01:52:38.598+0600][15.254s][info][gc,heap     ] GC(7) Reclaimed:         -                  -              2238M (57%)        2299M (59%)            -                  -          
[2026-04-03T01:52:38.598+0600][15.254s][info][gc          ] GC(7) Garbage Collection (Proactive) 2310M(59%)->34M(1%)
[2026-04-03T01:52:39.605+0600][16.262s][info][gc,start    ] GC(8) Garbage Collection (System.gc())
[2026-04-03T01:52:39.605+0600][16.262s][info][gc,task     ] GC(8) Using 3 workers
[2026-04-03T01:52:39.605+0600][16.262s][info][gc,phases   ] GC(8) Pause Mark Start 0.008ms
[2026-04-03T01:52:39.610+0600][16.267s][info][gc,phases   ] GC(8) Concurrent Mark 4.766ms
[2026-04-03T01:52:39.610+0600][16.267s][info][gc,phases   ] GC(8) Pause Mark End 0.012ms
[2026-04-03T01:52:39.610+0600][16.267s][info][gc,phases   ] GC(8) Concurrent Mark Free 0.002ms
[2026-04-03T01:52:39.613+0600][16.269s][info][gc,phases   ] GC(8) Concurrent Process Non-Strong References 2.318ms
[2026-04-03T01:52:39.613+0600][16.269s][info][gc,phases   ] GC(8) Concurrent Reset Relocation Set 0.003ms
[2026-04-03T01:52:39.615+0600][16.271s][info][gc,phases   ] GC(8) Concurrent Select Relocation Set 2.264ms
[2026-04-03T01:52:39.615+0600][16.272s][info][gc,phases   ] GC(8) Pause Relocate Start 0.008ms
[2026-04-03T01:52:39.617+0600][16.274s][info][gc,phases   ] GC(8) Concurrent Relocate 2.010ms
[2026-04-03T01:52:39.617+0600][16.274s][info][gc,load     ] GC(8) Load: 8.77/6.99/7.16
[2026-04-03T01:52:39.617+0600][16.274s][info][gc,mmu      ] GC(8) MMU: 2ms/98.6%, 5ms/99.5%, 10ms/99.7%, 20ms/99.8%, 50ms/99.9%, 100ms/99.9%
[2026-04-03T01:52:39.617+0600][16.274s][info][gc,marking  ] GC(8) Mark: 2 stripe(s), 1 proactive flush(es), 1 terminate flush(es), 0 completion(s), 0 continuation(s) 
[2026-04-03T01:52:39.617+0600][16.274s][info][gc,marking  ] GC(8) Mark Stack Usage: 32M
[2026-04-03T01:52:39.617+0600][16.274s][info][gc,nmethod  ] GC(8) NMethods: 1877 registered, 515 unregistered
[2026-04-03T01:52:39.617+0600][16.274s][info][gc,metaspace] GC(8) Metaspace: 13M used, 14M committed, 1088M reserved
[2026-04-03T01:52:39.617+0600][16.274s][info][gc,ref      ] GC(8) Soft: 255 encountered, 0 discovered, 0 enqueued
[2026-04-03T01:52:39.617+0600][16.274s][info][gc,ref      ] GC(8) Weak: 814 encountered, 440 discovered, 5 enqueued
[2026-04-03T01:52:39.617+0600][16.274s][info][gc,ref      ] GC(8) Final: 0 encountered, 0 discovered, 0 enqueued
[2026-04-03T01:52:39.617+0600][16.274s][info][gc,ref      ] GC(8) Phantom: 36 encountered, 20 discovered, 0 enqueued
[2026-04-03T01:52:39.617+0600][16.274s][info][gc,reloc    ] GC(8) Small Pages: 410 / 820M, Empty: 794M, Relocated: 1M, In-Place: 0
[2026-04-03T01:52:39.617+0600][16.274s][info][gc,reloc    ] GC(8) Medium Pages: 0 / 0M, Empty: 0M, Relocated: 0M, In-Place: 0
[2026-04-03T01:52:39.617+0600][16.274s][info][gc,reloc    ] GC(8) Large Pages: 0 / 0M, Empty: 0M, Relocated: 0M, In-Place: 0
[2026-04-03T01:52:39.617+0600][16.274s][info][gc,reloc    ] GC(8) Forwarding Usage: 0M
[2026-04-03T01:52:39.617+0600][16.274s][info][gc,heap     ] GC(8) Min Capacity: 8M(0%)
[2026-04-03T01:52:39.617+0600][16.274s][info][gc,heap     ] GC(8) Max Capacity: 3922M(100%)
[2026-04-03T01:52:39.617+0600][16.274s][info][gc,heap     ] GC(8) Soft Max Capacity: 3922M(100%)
[2026-04-03T01:52:39.617+0600][16.274s][info][gc,heap     ] GC(8)                Mark Start          Mark End        Relocate Start      Relocate End           High               Low         
[2026-04-03T01:52:39.617+0600][16.274s][info][gc,heap     ] GC(8)  Capacity:     2334M (60%)        2334M (60%)        2334M (60%)        2334M (60%)        2334M (60%)        2334M (60%)    
[2026-04-03T01:52:39.618+0600][16.274s][info][gc,heap     ] GC(8)      Free:     3102M (79%)        3102M (79%)        3896M (99%)        3914M (100%)       3914M (100%)       3102M (79%)    
[2026-04-03T01:52:39.618+0600][16.274s][info][gc,heap     ] GC(8)      Used:      820M (21%)         820M (21%)          26M (1%)            8M (0%)          820M (21%)           8M (0%)     
[2026-04-03T01:52:39.618+0600][16.274s][info][gc,heap     ] GC(8)      Live:         -                 5M (0%)            5M (0%)            5M (0%)             -                  -          
[2026-04-03T01:52:39.618+0600][16.274s][info][gc,heap     ] GC(8) Allocated:         -                 0M (0%)            0M (0%)            0M (0%)             -                  -          
[2026-04-03T01:52:39.618+0600][16.274s][info][gc,heap     ] GC(8)   Garbage:         -               814M (21%)          20M (1%)            2M (0%)             -                  -          
[2026-04-03T01:52:39.618+0600][16.274s][info][gc,heap     ] GC(8) Reclaimed:         -                  -               794M (20%)         812M (21%)            -                  -          
[2026-04-03T01:52:39.618+0600][16.274s][info][gc          ] GC(8) Garbage Collection (System.gc()) 820M(21%)->8M(0%)
[2026-04-03T01:52:41.476+0600][18.132s][info][gc,start    ] GC(9) Garbage Collection (Proactive)
[2026-04-03T01:52:41.476+0600][18.133s][info][gc,task     ] GC(9) Using 3 workers
[2026-04-03T01:52:41.477+0600][18.133s][info][gc,phases   ] GC(9) Pause Mark Start 0.014ms
[2026-04-03T01:52:41.491+0600][18.147s][info][gc,phases   ] GC(9) Concurrent Mark 13.939ms
[2026-04-03T01:52:41.491+0600][18.148s][info][gc,phases   ] GC(9) Pause Mark End 0.022ms
[2026-04-03T01:52:41.491+0600][18.148s][info][gc,phases   ] GC(9) Concurrent Mark Free 0.003ms
[2026-04-03T01:52:41.496+0600][18.152s][info][gc,phases   ] GC(9) Concurrent Process Non-Strong References 4.561ms
[2026-04-03T01:52:41.496+0600][18.152s][info][gc,phases   ] GC(9) Concurrent Reset Relocation Set 0.003ms
[2026-04-03T01:52:41.500+0600][18.156s][info][gc,phases   ] GC(9) Concurrent Select Relocation Set 3.843ms
[2026-04-03T01:52:41.500+0600][18.157s][info][gc,phases   ] GC(9) Pause Relocate Start 0.013ms
[2026-04-03T01:52:41.501+0600][18.158s][info][gc,phases   ] GC(9) Concurrent Relocate 0.893ms
[2026-04-03T01:52:41.501+0600][18.158s][info][gc,load     ] GC(9) Load: 8.77/6.99/7.16
[2026-04-03T01:52:41.501+0600][18.158s][info][gc,mmu      ] GC(9) MMU: 2ms/98.6%, 5ms/99.5%, 10ms/99.6%, 20ms/99.8%, 50ms/99.9%, 100ms/99.9%
[2026-04-03T01:52:41.501+0600][18.158s][info][gc,marking  ] GC(9) Mark: 2 stripe(s), 2 proactive flush(es), 1 terminate flush(es), 0 completion(s), 0 continuation(s) 
[2026-04-03T01:52:41.501+0600][18.158s][info][gc,marking  ] GC(9) Mark Stack Usage: 32M
[2026-04-03T01:52:41.501+0600][18.158s][info][gc,nmethod  ] GC(9) NMethods: 1890 registered, 541 unregistered
[2026-04-03T01:52:41.501+0600][18.158s][info][gc,metaspace] GC(9) Metaspace: 13M used, 14M committed, 1088M reserved
[2026-04-03T01:52:41.501+0600][18.158s][info][gc,ref      ] GC(9) Soft: 255 encountered, 0 discovered, 0 enqueued
[2026-04-03T01:52:41.501+0600][18.158s][info][gc,ref      ] GC(9) Weak: 846 encountered, 506 discovered, 2 enqueued
[2026-04-03T01:52:41.501+0600][18.158s][info][gc,ref      ] GC(9) Final: 0 encountered, 0 discovered, 0 enqueued
[2026-04-03T01:52:41.501+0600][18.158s][info][gc,ref      ] GC(9) Phantom: 36 encountered, 20 discovered, 0 enqueued
[2026-04-03T01:52:41.501+0600][18.158s][info][gc,reloc    ] GC(9) Small Pages: 762 / 1524M, Empty: 1462M, Relocated: 1M, In-Place: 0
[2026-04-03T01:52:41.501+0600][18.158s][info][gc,reloc    ] GC(9) Medium Pages: 0 / 0M, Empty: 0M, Relocated: 0M, In-Place: 0
[2026-04-03T01:52:41.501+0600][18.158s][info][gc,reloc    ] GC(9) Large Pages: 0 / 0M, Empty: 0M, Relocated: 0M, In-Place: 0
[2026-04-03T01:52:41.501+0600][18.158s][info][gc,reloc    ] GC(9) Forwarding Usage: 0M
[2026-04-03T01:52:41.501+0600][18.158s][info][gc,heap     ] GC(9) Min Capacity: 8M(0%)
[2026-04-03T01:52:41.501+0600][18.158s][info][gc,heap     ] GC(9) Max Capacity: 3922M(100%)
[2026-04-03T01:52:41.501+0600][18.158s][info][gc,heap     ] GC(9) Soft Max Capacity: 3922M(100%)
[2026-04-03T01:52:41.501+0600][18.158s][info][gc,heap     ] GC(9)                Mark Start          Mark End        Relocate Start      Relocate End           High               Low         
[2026-04-03T01:52:41.501+0600][18.158s][info][gc,heap     ] GC(9)  Capacity:     2334M (60%)        2334M (60%)        2334M (60%)        2334M (60%)        2334M (60%)        2334M (60%)    
[2026-04-03T01:52:41.502+0600][18.158s][info][gc,heap     ] GC(9)      Free:     2398M (61%)        2372M (60%)        3830M (98%)        3882M (99%)        3882M (99%)        2372M (60%)    
[2026-04-03T01:52:41.502+0600][18.158s][info][gc,heap     ] GC(9)      Used:     1524M (39%)        1550M (40%)          92M (2%)           40M (1%)         1550M (40%)          40M (1%)     
[2026-04-03T01:52:41.502+0600][18.158s][info][gc,heap     ] GC(9)      Live:         -                 5M (0%)            5M (0%)            5M (0%)             -                  -          
[2026-04-03T01:52:41.502+0600][18.158s][info][gc,heap     ] GC(9) Allocated:         -                26M (1%)           30M (1%)           31M (1%)             -                  -          
[2026-04-03T01:52:41.502+0600][18.158s][info][gc,heap     ] GC(9)   Garbage:         -              1518M (39%)          56M (1%)            2M (0%)             -                  -          
[2026-04-03T01:52:41.502+0600][18.158s][info][gc,heap     ] GC(9) Reclaimed:         -                  -              1462M (37%)        1515M (39%)            -                  -          
[2026-04-03T01:52:41.502+0600][18.158s][info][gc          ] GC(9) Garbage Collection (Proactive) 1524M(39%)->40M(1%)
[2026-04-03T01:52:43.476+0600][20.132s][info][gc,stats    ] === Garbage Collection Statistics =======================================================================================================================
[2026-04-03T01:52:43.476+0600][20.132s][info][gc,stats    ]                                                              Last 10s              Last 10m              Last 10h                Total
[2026-04-03T01:52:43.476+0600][20.132s][info][gc,stats    ]                                                              Avg / Max             Avg / Max             Avg / Max             Avg / Max
[2026-04-03T01:52:43.476+0600][20.132s][info][gc,start    ] GC(10) Garbage Collection (Proactive)
[2026-04-03T01:52:43.476+0600][20.132s][info][gc,task     ] GC(10) Using 3 workers
[2026-04-03T01:52:43.476+0600][20.132s][info][gc,stats    ]   Collector: Garbage Collection Cycle                     23.099 / 33.993       29.059 / 50.366       29.059 / 50.366       29.059 / 50.366      ms
[2026-04-03T01:52:43.476+0600][20.132s][info][gc,stats    ]  Contention: Mark Segment Reset Contention                     0 / 0                 0 / 2                 0 / 2                 0 / 2           ops/s
[2026-04-03T01:52:43.476+0600][20.132s][info][gc,stats    ]  Contention: Mark SeqNum Reset Contention                      0 / 0                 0 / 1                 0 / 1                 0 / 1           ops/s
[2026-04-03T01:52:43.476+0600][20.132s][info][gc,stats    ]    Critical: Allocation Stall                                  0 / 0                 0 / 0                 0 / 0                 0 / 0           ops/s
[2026-04-03T01:52:43.476+0600][20.133s][info][gc,stats    ]    Critical: Allocation Stall                              0.000 / 0.000         0.000 / 0.000         0.000 / 0.000         0.000 / 0.000       ms
[2026-04-03T01:52:43.476+0600][20.133s][info][gc,stats    ]    Critical: GC Locker Stall                                   0 / 0                 0 / 0                 0 / 0                 0 / 0           ops/s
[2026-04-03T01:52:43.476+0600][20.133s][info][gc,stats    ]    Critical: GC Locker Stall                               0.000 / 0.000         0.000 / 0.000         0.000 / 0.000         0.000 / 0.000       ms
[2026-04-03T01:52:43.476+0600][20.133s][info][gc,stats    ]    Critical: Relocation Stall                                  0 / 0                 0 / 0                 0 / 0                 0 / 0           ops/s
[2026-04-03T01:52:43.476+0600][20.133s][info][gc,stats    ]    Critical: Relocation Stall                              0.000 / 0.000         0.000 / 0.000         0.000 / 0.000         0.000 / 0.000       ms
[2026-04-03T01:52:43.476+0600][20.133s][info][gc,stats    ]      Memory: Allocation Rate                                 825 / 866             724 / 904             724 / 904             724 / 904         MB/s
[2026-04-03T01:52:43.476+0600][20.133s][info][gc,stats    ]      Memory: Defragment                                        0 / 0                 0 / 0                 0 / 0                 0 / 0           ops/s
[2026-04-03T01:52:43.476+0600][20.133s][info][gc,stats    ]      Memory: Out Of Memory                                     0 / 0                 0 / 0                 0 / 0                 0 / 0           ops/s
[2026-04-03T01:52:43.476+0600][20.133s][info][gc,stats    ]      Memory: Page Cache Flush                                  0 / 0                 0 / 0                 0 / 0                 0 / 0           MB/s
[2026-04-03T01:52:43.476+0600][20.133s][info][gc,stats    ]      Memory: Page Cache Hit L1                               413 / 434             305 / 452             305 / 452             305 / 452         ops/s
[2026-04-03T01:52:43.476+0600][20.133s][info][gc,stats    ]      Memory: Page Cache Hit L2                                 0 / 0                 0 / 0                 0 / 0                 0 / 0           ops/s
[2026-04-03T01:52:43.476+0600][20.133s][info][gc,stats    ]      Memory: Page Cache Hit L3                                 0 / 0                 6 / 118               6 / 118               6 / 118         ops/s
[2026-04-03T01:52:43.476+0600][20.133s][info][gc,stats    ]      Memory: Page Cache Miss                                   0 / 2                52 / 364              52 / 364              52 / 364         ops/s
[2026-04-03T01:52:43.476+0600][20.133s][info][gc,stats    ]      Memory: Uncommit                                          0 / 0                 0 / 0                 0 / 0                 0 / 0           MB/s
[2026-04-03T01:52:43.476+0600][20.133s][info][gc,stats    ]      Memory: Undo Object Allocation Failed                     0 / 0                 0 / 0                 0 / 0                 0 / 0           ops/s
[2026-04-03T01:52:43.476+0600][20.133s][info][gc,stats    ]      Memory: Undo Object Allocation Succeeded                  0 / 3                 1 / 6                 1 / 6                 1 / 6           ops/s
[2026-04-03T01:52:43.476+0600][20.133s][info][gc,stats    ]      Memory: Undo Page Allocation                              0 / 0                 0 / 5                 0 / 5                 0 / 5           ops/s
[2026-04-03T01:52:43.476+0600][20.133s][info][gc,phases   ] GC(10) Pause Mark Start 0.018ms
[2026-04-03T01:52:43.476+0600][20.133s][info][gc,stats    ]       Phase: Concurrent Mark                              12.575 / 21.575       14.904 / 27.544       14.904 / 27.544       14.904 / 27.544      ms
[2026-04-03T01:52:43.476+0600][20.133s][info][gc,stats    ]       Phase: Concurrent Mark Continue                      0.000 / 0.000         0.000 / 0.000         0.000 / 0.000         0.000 / 0.000       ms
[2026-04-03T01:52:43.476+0600][20.133s][info][gc,stats    ]       Phase: Concurrent Mark Free                          0.002 / 0.003         0.002 / 0.003         0.002 / 0.003         0.002 / 0.003       ms
[2026-04-03T01:52:43.477+0600][20.133s][info][gc,stats    ]       Phase: Concurrent Process Non-Strong References      3.946 / 4.934         5.274 / 12.316        5.274 / 12.316        5.274 / 12.316      ms
[2026-04-03T01:52:43.477+0600][20.133s][info][gc,stats    ]       Phase: Concurrent Relocate                           1.234 / 2.010         2.263 / 3.732         2.263 / 3.732         2.263 / 3.732       ms
[2026-04-03T01:52:43.477+0600][20.133s][info][gc,stats    ]       Phase: Concurrent Reset Relocation Set               0.005 / 0.007         0.011 / 0.055         0.011 / 0.055         0.011 / 0.055       ms
[2026-04-03T01:52:43.477+0600][20.133s][info][gc,stats    ]       Phase: Concurrent Select Relocation Set              3.652 / 4.451         4.402 / 7.621         4.402 / 7.621         4.402 / 7.621       ms
[2026-04-03T01:52:43.477+0600][20.133s][info][gc,stats    ]       Phase: Pause Mark End                                0.018 / 0.022         0.021 / 0.027         0.021 / 0.027         0.021 / 0.027       ms
[2026-04-03T01:52:43.477+0600][20.133s][info][gc,stats    ]       Phase: Pause Mark Start                              0.014 / 0.017         0.013 / 0.018         0.013 / 0.018         0.013 / 0.018       ms
[2026-04-03T01:52:43.477+0600][20.133s][info][gc,stats    ]       Phase: Pause Relocate Start                          0.012 / 0.013         0.012 / 0.018         0.012 / 0.018         0.012 / 0.018       ms
[2026-04-03T01:52:43.477+0600][20.133s][info][gc,stats    ]    Subphase: Concurrent Classes Purge                      0.082 / 0.143         0.167 / 0.501         0.167 / 0.501         0.167 / 0.501       ms
[2026-04-03T01:52:43.477+0600][20.133s][info][gc,stats    ]    Subphase: Concurrent Classes Unlink                     2.645 / 3.400         3.823 / 10.655        3.823 / 10.655        3.823 / 10.655      ms
[2026-04-03T01:52:43.477+0600][20.133s][info][gc,stats    ]    Subphase: Concurrent Mark                              11.089 / 20.231       13.448 / 25.971       13.448 / 25.971       13.448 / 25.971      ms
[2026-04-03T01:52:43.477+0600][20.133s][info][gc,stats    ]    Subphase: Concurrent Mark Try Flush                     0.623 / 6.409         1.676 / 9.031         1.676 / 9.031         1.676 / 9.031       ms
[2026-04-03T01:52:43.477+0600][20.133s][info][gc,stats    ]    Subphase: Concurrent Mark Try Terminate                 0.688 / 1.357         0.979 / 2.887         0.979 / 2.887         0.979 / 2.887       ms
[2026-04-03T01:52:43.477+0600][20.133s][info][gc,stats    ]    Subphase: Concurrent References Enqueue                 0.008 / 0.016         0.005 / 0.016         0.005 / 0.016         0.005 / 0.016       ms
[2026-04-03T01:52:43.477+0600][20.133s][info][gc,stats    ]    Subphase: Concurrent References Process                 0.118 / 0.148         0.146 / 0.289         0.146 / 0.289         0.146 / 0.289       ms
[2026-04-03T01:52:43.477+0600][20.133s][info][gc,stats    ]    Subphase: Concurrent Roots ClassLoaderDataGraph         0.199 / 0.805         0.181 / 0.805         0.181 / 0.805         0.181 / 0.805       ms
[2026-04-03T01:52:43.477+0600][20.133s][info][gc,stats    ]    Subphase: Concurrent Roots CodeCache                    0.000 / 0.000         0.000 / 0.000         0.000 / 0.000         0.000 / 0.000       ms
[2026-04-03T01:52:43.477+0600][20.133s][info][gc,stats    ]    Subphase: Concurrent Roots JavaThreads                  0.138 / 0.254         0.268 / 1.679         0.268 / 1.679         0.268 / 1.679       ms
[2026-04-03T01:52:43.477+0600][20.133s][info][gc,stats    ]    Subphase: Concurrent Roots OopStorageSet                0.055 / 0.186         0.097 / 0.514         0.097 / 0.514         0.097 / 0.514       ms
[2026-04-03T01:52:43.477+0600][20.133s][info][gc,stats    ]    Subphase: Concurrent Weak Roots OopStorageSet           0.810 / 1.316         0.753 / 1.660         0.753 / 1.660         0.753 / 1.660       ms
[2026-04-03T01:52:43.477+0600][20.133s][info][gc,stats    ]    Subphase: Pause Mark Try Complete                       0.000 / 0.000         0.000 / 0.000         0.000 / 0.000         0.000 / 0.000       ms
[2026-04-03T01:52:43.477+0600][20.133s][info][gc,stats    ]      System: Java Threads                                     19 / 23               19 / 25               19 / 25               19 / 25          threads
[2026-04-03T01:52:43.477+0600][20.133s][info][gc,stats    ] =========================================================================================================================================================
[2026-04-03T01:52:43.489+0600][20.145s][info][gc,phases   ] GC(10) Concurrent Mark 11.925ms
[2026-04-03T01:52:43.489+0600][20.145s][info][gc,phases   ] GC(10) Pause Mark End 0.021ms
[2026-04-03T01:52:43.489+0600][20.145s][info][gc,phases   ] GC(10) Concurrent Mark Free 0.002ms
[2026-04-03T01:52:43.495+0600][20.151s][info][gc,phases   ] GC(10) Concurrent Process Non-Strong References 5.910ms
[2026-04-03T01:52:43.495+0600][20.151s][info][gc,phases   ] GC(10) Concurrent Reset Relocation Set 0.004ms
[2026-04-03T01:52:43.499+0600][20.156s][info][gc,phases   ] GC(10) Concurrent Select Relocation Set 4.235ms
[2026-04-03T01:52:43.500+0600][20.156s][info][gc,phases   ] GC(10) Pause Relocate Start 0.014ms
[2026-04-03T01:52:43.501+0600][20.158s][info][gc,phases   ] GC(10) Concurrent Relocate 1.403ms
[2026-04-03T01:52:43.501+0600][20.158s][info][gc,load     ] GC(10) Load: 8.77/6.99/7.16
[2026-04-03T01:52:43.501+0600][20.158s][info][gc,mmu      ] GC(10) MMU: 2ms/98.6%, 5ms/99.5%, 10ms/99.6%, 20ms/99.8%, 50ms/99.9%, 100ms/99.9%
[2026-04-03T01:52:43.501+0600][20.158s][info][gc,marking  ] GC(10) Mark: 2 stripe(s), 2 proactive flush(es), 1 terminate flush(es), 0 completion(s), 0 continuation(s) 
[2026-04-03T01:52:43.501+0600][20.158s][info][gc,marking  ] GC(10) Mark Stack Usage: 32M
[2026-04-03T01:52:43.501+0600][20.158s][info][gc,nmethod  ] GC(10) NMethods: 1890 registered, 545 unregistered
[2026-04-03T01:52:43.501+0600][20.158s][info][gc,metaspace] GC(10) Metaspace: 13M used, 14M committed, 1088M reserved
[2026-04-03T01:52:43.501+0600][20.158s][info][gc,ref      ] GC(10) Soft: 255 encountered, 0 discovered, 0 enqueued
[2026-04-03T01:52:43.501+0600][20.158s][info][gc,ref      ] GC(10) Weak: 844 encountered, 293 discovered, 0 enqueued
[2026-04-03T01:52:43.501+0600][20.158s][info][gc,ref      ] GC(10) Final: 0 encountered, 0 discovered, 0 enqueued
[2026-04-03T01:52:43.501+0600][20.158s][info][gc,ref      ] GC(10) Phantom: 36 encountered, 21 discovered, 0 enqueued
[2026-04-03T01:52:43.501+0600][20.158s][info][gc,reloc    ] GC(10) Small Pages: 853 / 1706M, Empty: 1638M, Relocated: 1M, In-Place: 0
[2026-04-03T01:52:43.501+0600][20.158s][info][gc,reloc    ] GC(10) Medium Pages: 0 / 0M, Empty: 0M, Relocated: 0M, In-Place: 0
[2026-04-03T01:52:43.501+0600][20.158s][info][gc,reloc    ] GC(10) Large Pages: 0 / 0M, Empty: 0M, Relocated: 0M, In-Place: 0
[2026-04-03T01:52:43.501+0600][20.158s][info][gc,reloc    ] GC(10) Forwarding Usage: 0M
[2026-04-03T01:52:43.501+0600][20.158s][info][gc,heap     ] GC(10) Min Capacity: 8M(0%)
[2026-04-03T01:52:43.501+0600][20.158s][info][gc,heap     ] GC(10) Max Capacity: 3922M(100%)
[2026-04-03T01:52:43.501+0600][20.158s][info][gc,heap     ] GC(10) Soft Max Capacity: 3922M(100%)
[2026-04-03T01:52:43.501+0600][20.158s][info][gc,heap     ] GC(10)                Mark Start          Mark End        Relocate Start      Relocate End           High               Low         
[2026-04-03T01:52:43.501+0600][20.158s][info][gc,heap     ] GC(10)  Capacity:     2334M (60%)        2334M (60%)        2334M (60%)        2334M (60%)        2334M (60%)        2334M (60%)    
[2026-04-03T01:52:43.501+0600][20.158s][info][gc,heap     ] GC(10)      Free:     2216M (57%)        2194M (56%)        3828M (98%)        3878M (99%)        3878M (99%)        2194M (56%)    
[2026-04-03T01:52:43.502+0600][20.158s][info][gc,heap     ] GC(10)      Used:     1706M (43%)        1728M (44%)          94M (2%)           44M (1%)         1728M (44%)          44M (1%)     
[2026-04-03T01:52:43.502+0600][20.158s][info][gc,heap     ] GC(10)      Live:         -                 5M (0%)            5M (0%)            5M (0%)             -                  -          
[2026-04-03T01:52:43.502+0600][20.158s][info][gc,heap     ] GC(10) Allocated:         -                22M (1%)           26M (1%)           35M (1%)             -                  -          
[2026-04-03T01:52:43.502+0600][20.158s][info][gc,heap     ] GC(10)   Garbage:         -              1700M (43%)          62M (2%)            2M (0%)             -                  -          
[2026-04-03T01:52:43.502+0600][20.158s][info][gc,heap     ] GC(10) Reclaimed:         -                  -              1638M (42%)        1697M (43%)            -                  -          
[2026-04-03T01:52:43.502+0600][20.158s][info][gc          ] GC(10) Garbage Collection (Proactive) 1706M(43%)->44M(1%)
[2026-04-03T01:52:45.276+0600][21.932s][info][gc,start    ] GC(11) Garbage Collection (Proactive)
[2026-04-03T01:52:45.276+0600][21.932s][info][gc,task     ] GC(11) Using 3 workers
[2026-04-03T01:52:45.277+0600][21.933s][info][gc,phases   ] GC(11) Pause Mark Start 0.016ms
[2026-04-03T01:52:45.287+0600][21.943s][info][gc,phases   ] GC(11) Concurrent Mark 10.319ms
[2026-04-03T01:52:45.288+0600][21.944s][info][gc,phases   ] GC(11) Pause Mark End 0.020ms
[2026-04-03T01:52:45.288+0600][21.944s][info][gc,phases   ] GC(11) Concurrent Mark Free 0.002ms
[2026-04-03T01:52:45.292+0600][21.948s][info][gc,phases   ] GC(11) Concurrent Process Non-Strong References 3.882ms
[2026-04-03T01:52:45.292+0600][21.948s][info][gc,phases   ] GC(11) Concurrent Reset Relocation Set 0.004ms
[2026-04-03T01:52:45.296+0600][21.952s][info][gc,phases   ] GC(11) Concurrent Select Relocation Set 4.146ms
[2026-04-03T01:52:45.296+0600][21.952s][info][gc,phases   ] GC(11) Pause Relocate Start 0.011ms
[2026-04-03T01:52:45.297+0600][21.954s][info][gc,phases   ] GC(11) Concurrent Relocate 1.086ms
[2026-04-03T01:52:45.297+0600][21.954s][info][gc,load     ] GC(11) Load: 9.03/7.08/7.18
[2026-04-03T01:52:45.297+0600][21.954s][info][gc,mmu      ] GC(11) MMU: 2ms/98.6%, 5ms/99.5%, 10ms/99.6%, 20ms/99.8%, 50ms/99.9%, 100ms/99.9%
[2026-04-03T01:52:45.297+0600][21.954s][info][gc,marking  ] GC(11) Mark: 2 stripe(s), 2 proactive flush(es), 1 terminate flush(es), 0 completion(s), 0 continuation(s) 
[2026-04-03T01:52:45.297+0600][21.954s][info][gc,marking  ] GC(11) Mark Stack Usage: 32M
[2026-04-03T01:52:45.297+0600][21.954s][info][gc,nmethod  ] GC(11) NMethods: 1890 registered, 545 unregistered
[2026-04-03T01:52:45.297+0600][21.954s][info][gc,metaspace] GC(11) Metaspace: 13M used, 14M committed, 1088M reserved
[2026-04-03T01:52:45.297+0600][21.954s][info][gc,ref      ] GC(11) Soft: 255 encountered, 0 discovered, 0 enqueued
[2026-04-03T01:52:45.297+0600][21.954s][info][gc,ref      ] GC(11) Weak: 844 encountered, 174 discovered, 0 enqueued
[2026-04-03T01:52:45.297+0600][21.954s][info][gc,ref      ] GC(11) Final: 0 encountered, 0 discovered, 0 enqueued
[2026-04-03T01:52:45.297+0600][21.954s][info][gc,ref      ] GC(11) Phantom: 36 encountered, 20 discovered, 0 enqueued
[2026-04-03T01:52:45.297+0600][21.954s][info][gc,reloc    ] GC(11) Small Pages: 766 / 1532M, Empty: 1468M, Relocated: 1M, In-Place: 0
[2026-04-03T01:52:45.297+0600][21.954s][info][gc,reloc    ] GC(11) Medium Pages: 0 / 0M, Empty: 0M, Relocated: 0M, In-Place: 0
[2026-04-03T01:52:45.297+0600][21.954s][info][gc,reloc    ] GC(11) Large Pages: 0 / 0M, Empty: 0M, Relocated: 0M, In-Place: 0
[2026-04-03T01:52:45.297+0600][21.954s][info][gc,reloc    ] GC(11) Forwarding Usage: 0M
[2026-04-03T01:52:45.298+0600][21.954s][info][gc,heap     ] GC(11) Min Capacity: 8M(0%)
[2026-04-03T01:52:45.298+0600][21.954s][info][gc,heap     ] GC(11) Max Capacity: 3922M(100%)
[2026-04-03T01:52:45.298+0600][21.954s][info][gc,heap     ] GC(11) Soft Max Capacity: 3922M(100%)
[2026-04-03T01:52:45.298+0600][21.954s][info][gc,heap     ] GC(11)                Mark Start          Mark End        Relocate Start      Relocate End           High               Low         
[2026-04-03T01:52:45.298+0600][21.954s][info][gc,heap     ] GC(11)  Capacity:     2334M (60%)        2334M (60%)        2334M (60%)        2334M (60%)        2334M (60%)        2334M (60%)    
[2026-04-03T01:52:45.298+0600][21.954s][info][gc,heap     ] GC(11)      Free:     2390M (61%)        2366M (60%)        3834M (98%)        3886M (99%)        3886M (99%)        2366M (60%)    
[2026-04-03T01:52:45.298+0600][21.954s][info][gc,heap     ] GC(11)      Used:     1532M (39%)        1556M (40%)          88M (2%)           36M (1%)         1556M (40%)          36M (1%)     
[2026-04-03T01:52:45.298+0600][21.954s][info][gc,heap     ] GC(11)      Live:         -                 5M (0%)            5M (0%)            5M (0%)             -                  -          
[2026-04-03T01:52:45.298+0600][21.954s][info][gc,heap     ] GC(11) Allocated:         -                24M (1%)           24M (1%)           25M (1%)             -                  -          
[2026-04-03T01:52:45.298+0600][21.954s][info][gc,heap     ] GC(11)   Garbage:         -              1526M (39%)          58M (1%)            4M (0%)             -                  -          
[2026-04-03T01:52:45.298+0600][21.954s][info][gc,heap     ] GC(11) Reclaimed:         -                  -              1468M (37%)        1521M (39%)            -                  -          
[2026-04-03T01:52:45.298+0600][21.954s][info][gc          ] GC(11) Garbage Collection (Proactive) 1532M(39%)->36M(1%)
[2026-04-03T01:52:46.219+0600][22.875s][info][gc,heap,exit] Heap
[2026-04-03T01:52:46.219+0600][22.875s][info][gc,heap,exit]  ZHeap           used 742M, capacity 2334M, max capacity 3922M
[2026-04-03T01:52:46.219+0600][22.875s][info][gc,heap,exit]  Metaspace       used 14490K, committed 14720K, reserved 1114112K
[2026-04-03T01:52:46.219+0600][22.875s][info][gc,heap,exit]   class space    used 1941K, committed 2048K, reserved 1048576K
