[2026-04-03T01:02:38.079+0600][0.005s][info][gc,init] CardTable entry size: 512
[2026-04-03T01:02:38.079+0600][0.006s][info][gc     ] Using G1
[2026-04-03T01:02:38.082+0600][0.009s][info][gc,init] Version: 21.0.10+7-Ubuntu-124.04 (release)
[2026-04-03T01:02:38.082+0600][0.009s][info][gc,init] CPUs: 12 total, 12 available
[2026-04-03T01:02:38.082+0600][0.009s][info][gc,init] Memory: 15683M
[2026-04-03T01:02:38.082+0600][0.009s][info][gc,init] Large Page Support: Disabled
[2026-04-03T01:02:38.082+0600][0.009s][info][gc,init] NUMA Support: Disabled
[2026-04-03T01:02:38.082+0600][0.009s][info][gc,init] Compressed Oops: Enabled (Zero based)
[2026-04-03T01:02:38.082+0600][0.009s][info][gc,init] Heap Region Size: 2M
[2026-04-03T01:02:38.082+0600][0.009s][info][gc,init] Heap Min Capacity: 8M
[2026-04-03T01:02:38.082+0600][0.009s][info][gc,init] Heap Initial Capacity: 246M
[2026-04-03T01:02:38.082+0600][0.009s][info][gc,init] Heap Max Capacity: 3922M
[2026-04-03T01:02:38.082+0600][0.009s][info][gc,init] Pre-touch: Disabled
[2026-04-03T01:02:38.082+0600][0.009s][info][gc,init] Parallel Workers: 10
[2026-04-03T01:02:38.082+0600][0.009s][info][gc,init] Concurrent Workers: 3
[2026-04-03T01:02:38.082+0600][0.009s][info][gc,init] Concurrent Refinement Workers: 10
[2026-04-03T01:02:38.082+0600][0.009s][info][gc,init] Periodic GC: Disabled
[2026-04-03T01:02:38.099+0600][0.026s][info][gc,metaspace] CDS archive(s) mapped at: [0x000073b2df000000-0x000073b2dfc9c000-0x000073b2dfc9c000), size 13221888, SharedBaseAddress: 0x000073b2df000000, ArchiveRelocationMode: 1.
[2026-04-03T01:02:38.099+0600][0.026s][info][gc,metaspace] Compressed class space mapped at: 0x000073b2e0000000-0x000073b320000000, reserved size: 1073741824
[2026-04-03T01:02:38.099+0600][0.026s][info][gc,metaspace] Narrow klass base: 0x000073b2df000000, Narrow klass shift: 0, Narrow klass range: 0x100000000
[2026-04-03T01:02:38.557+0600][0.483s][info][gc,start    ] GC(0) Pause Young (Normal) (G1 Evacuation Pause)
[2026-04-03T01:02:38.558+0600][0.484s][info][gc,task     ] GC(0) Using 5 workers of 10 for evacuation
[2026-04-03T01:02:38.561+0600][0.488s][info][gc,phases   ] GC(0)   Pre Evacuate Collection Set: 0.15ms
[2026-04-03T01:02:38.561+0600][0.488s][info][gc,phases   ] GC(0)   Merge Heap Roots: 0.19ms
[2026-04-03T01:02:38.561+0600][0.488s][info][gc,phases   ] GC(0)   Evacuate Collection Set: 2.22ms
[2026-04-03T01:02:38.561+0600][0.488s][info][gc,phases   ] GC(0)   Post Evacuate Collection Set: 0.74ms
[2026-04-03T01:02:38.561+0600][0.488s][info][gc,phases   ] GC(0)   Other: 1.07ms
[2026-04-03T01:02:38.561+0600][0.488s][info][gc,heap     ] GC(0) Eden regions: 6->0(5)
[2026-04-03T01:02:38.561+0600][0.488s][info][gc,heap     ] GC(0) Survivor regions: 0->1(1)
[2026-04-03T01:02:38.561+0600][0.488s][info][gc,heap     ] GC(0) Old regions: 1->2
[2026-04-03T01:02:38.561+0600][0.488s][info][gc,heap     ] GC(0) Humongous regions: 0->0
[2026-04-03T01:02:38.561+0600][0.488s][info][gc,metaspace] GC(0) Metaspace: 4807K(5056K)->4807K(5056K) NonClass: 4342K(4480K)->4342K(4480K) Class: 464K(576K)->464K(576K)
[2026-04-03T01:02:38.562+0600][0.488s][info][gc          ] GC(0) Pause Young (Normal) (G1 Evacuation Pause) 12M->4M(248M) 4.727ms
[2026-04-03T01:02:38.562+0600][0.488s][info][gc,cpu      ] GC(0) User=0.01s Sys=0.00s Real=0.01s
[2026-04-03T01:02:38.856+0600][0.783s][info][gc,start    ] GC(1) Pause Young (Normal) (G1 Evacuation Pause)
[2026-04-03T01:02:38.856+0600][0.783s][info][gc,task     ] GC(1) Using 5 workers of 10 for evacuation
[2026-04-03T01:02:38.860+0600][0.786s][info][gc,phases   ] GC(1)   Pre Evacuate Collection Set: 0.20ms
[2026-04-03T01:02:38.860+0600][0.786s][info][gc,phases   ] GC(1)   Merge Heap Roots: 0.07ms
[2026-04-03T01:02:38.860+0600][0.786s][info][gc,phases   ] GC(1)   Evacuate Collection Set: 2.67ms
[2026-04-03T01:02:38.860+0600][0.786s][info][gc,phases   ] GC(1)   Post Evacuate Collection Set: 0.45ms
[2026-04-03T01:02:38.860+0600][0.786s][info][gc,phases   ] GC(1)   Other: 0.08ms
[2026-04-03T01:02:38.860+0600][0.786s][info][gc,heap     ] GC(1) Eden regions: 5->0(5)
[2026-04-03T01:02:38.860+0600][0.787s][info][gc,heap     ] GC(1) Survivor regions: 1->1(1)
[2026-04-03T01:02:38.860+0600][0.787s][info][gc,heap     ] GC(1) Old regions: 2->3
[2026-04-03T01:02:38.860+0600][0.787s][info][gc,heap     ] GC(1) Humongous regions: 0->0
[2026-04-03T01:02:38.860+0600][0.787s][info][gc,metaspace] GC(1) Metaspace: 8493K(8640K)->8493K(8640K) NonClass: 7661K(7744K)->7661K(7744K) Class: 831K(896K)->831K(896K)
[2026-04-03T01:02:38.860+0600][0.787s][info][gc          ] GC(1) Pause Young (Normal) (G1 Evacuation Pause) 14M->6M(248M) 3.793ms
[2026-04-03T01:02:38.860+0600][0.787s][info][gc,cpu      ] GC(1) User=0.02s Sys=0.00s Real=0.01s
[2026-04-03T01:02:38.989+0600][0.915s][info][gc,start    ] GC(2) Pause Young (Normal) (G1 Evacuation Pause)
[2026-04-03T01:02:38.989+0600][0.915s][info][gc,task     ] GC(2) Using 5 workers of 10 for evacuation
[2026-04-03T01:02:38.993+0600][0.919s][info][gc,phases   ] GC(2)   Pre Evacuate Collection Set: 0.48ms
[2026-04-03T01:02:38.993+0600][0.919s][info][gc,phases   ] GC(2)   Merge Heap Roots: 0.19ms
[2026-04-03T01:02:38.993+0600][0.919s][info][gc,phases   ] GC(2)   Evacuate Collection Set: 2.03ms
[2026-04-03T01:02:38.993+0600][0.919s][info][gc,phases   ] GC(2)   Post Evacuate Collection Set: 0.90ms
[2026-04-03T01:02:38.993+0600][0.919s][info][gc,phases   ] GC(2)   Other: 0.19ms
[2026-04-03T01:02:38.993+0600][0.919s][info][gc,heap     ] GC(2) Eden regions: 5->0(9)
[2026-04-03T01:02:38.993+0600][0.919s][info][gc,heap     ] GC(2) Survivor regions: 1->1(1)
[2026-04-03T01:02:38.993+0600][0.919s][info][gc,heap     ] GC(2) Old regions: 3->4
[2026-04-03T01:02:38.993+0600][0.919s][info][gc,heap     ] GC(2) Humongous regions: 0->0
[2026-04-03T01:02:38.993+0600][0.919s][info][gc,metaspace] GC(2) Metaspace: 8584K(8768K)->8584K(8768K) NonClass: 7749K(7808K)->7749K(7808K) Class: 835K(960K)->835K(960K)
[2026-04-03T01:02:38.993+0600][0.920s][info][gc          ] GC(2) Pause Young (Normal) (G1 Evacuation Pause) 16M->6M(248M) 4.210ms
[2026-04-03T01:02:38.993+0600][0.920s][info][gc,cpu      ] GC(2) User=0.01s Sys=0.00s Real=0.01s
[2026-04-03T01:02:39.213+0600][1.140s][info][gc,start    ] GC(3) Pause Young (Normal) (G1 Evacuation Pause)
[2026-04-03T01:02:39.213+0600][1.140s][info][gc,task     ] GC(3) Using 5 workers of 10 for evacuation
[2026-04-03T01:02:39.218+0600][1.144s][info][gc,phases   ] GC(3)   Pre Evacuate Collection Set: 0.30ms
[2026-04-03T01:02:39.218+0600][1.144s][info][gc,phases   ] GC(3)   Merge Heap Roots: 0.21ms
[2026-04-03T01:02:39.218+0600][1.144s][info][gc,phases   ] GC(3)   Evacuate Collection Set: 3.07ms
[2026-04-03T01:02:39.218+0600][1.144s][info][gc,phases   ] GC(3)   Post Evacuate Collection Set: 0.42ms
[2026-04-03T01:02:39.218+0600][1.144s][info][gc,phases   ] GC(3)   Other: 0.10ms
[2026-04-03T01:02:39.218+0600][1.144s][info][gc,heap     ] GC(3) Eden regions: 9->0(20)
[2026-04-03T01:02:39.218+0600][1.144s][info][gc,heap     ] GC(3) Survivor regions: 1->2(2)
[2026-04-03T01:02:39.218+0600][1.144s][info][gc,heap     ] GC(3) Old regions: 4->4
[2026-04-03T01:02:39.218+0600][1.144s][info][gc,heap     ] GC(3) Humongous regions: 0->0
[2026-04-03T01:02:39.218+0600][1.145s][info][gc,metaspace] GC(3) Metaspace: 8601K(8832K)->8601K(8832K) NonClass: 7766K(7872K)->7766K(7872K) Class: 835K(960K)->835K(960K)
[2026-04-03T01:02:39.218+0600][1.145s][info][gc          ] GC(3) Pause Young (Normal) (G1 Evacuation Pause) 24M->8M(248M) 4.621ms
[2026-04-03T01:02:39.218+0600][1.145s][info][gc,cpu      ] GC(3) User=0.02s Sys=0.01s Real=0.00s
[2026-04-03T01:02:39.470+0600][1.397s][info][gc,start    ] GC(4) Pause Young (Normal) (G1 Evacuation Pause)
[2026-04-03T01:02:39.470+0600][1.397s][info][gc,task     ] GC(4) Using 5 workers of 10 for evacuation
[2026-04-03T01:02:39.478+0600][1.405s][info][gc,phases   ] GC(4)   Pre Evacuate Collection Set: 0.28ms
[2026-04-03T01:02:39.478+0600][1.405s][info][gc,phases   ] GC(4)   Merge Heap Roots: 0.14ms
[2026-04-03T01:02:39.478+0600][1.405s][info][gc,phases   ] GC(4)   Evacuate Collection Set: 6.70ms
[2026-04-03T01:02:39.478+0600][1.405s][info][gc,phases   ] GC(4)   Post Evacuate Collection Set: 0.93ms
[2026-04-03T01:02:39.478+0600][1.405s][info][gc,phases   ] GC(4)   Other: 0.17ms
[2026-04-03T01:02:39.479+0600][1.405s][info][gc,heap     ] GC(4) Eden regions: 20->0(25)
[2026-04-03T01:02:39.479+0600][1.405s][info][gc,heap     ] GC(4) Survivor regions: 2->3(3)
[2026-04-03T01:02:39.479+0600][1.405s][info][gc,heap     ] GC(4) Old regions: 4->4
[2026-04-03T01:02:39.479+0600][1.405s][info][gc,heap     ] GC(4) Humongous regions: 0->0
[2026-04-03T01:02:39.479+0600][1.405s][info][gc,metaspace] GC(4) Metaspace: 8725K(8960K)->8725K(8960K) NonClass: 7881K(8000K)->7881K(8000K) Class: 843K(960K)->843K(960K)
[2026-04-03T01:02:39.479+0600][1.405s][info][gc          ] GC(4) Pause Young (Normal) (G1 Evacuation Pause) 48M->11M(248M) 8.595ms
[2026-04-03T01:02:39.479+0600][1.405s][info][gc,cpu      ] GC(4) User=0.04s Sys=0.00s Real=0.00s
[2026-04-03T01:02:39.707+0600][1.634s][info][gc,start    ] GC(5) Pause Young (Normal) (G1 Evacuation Pause)
[2026-04-03T01:02:39.707+0600][1.634s][info][gc,task     ] GC(5) Using 5 workers of 10 for evacuation
[2026-04-03T01:02:39.719+0600][1.646s][info][gc,phases   ] GC(5)   Pre Evacuate Collection Set: 0.31ms
[2026-04-03T01:02:39.719+0600][1.646s][info][gc,phases   ] GC(5)   Merge Heap Roots: 0.19ms
[2026-04-03T01:02:39.719+0600][1.646s][info][gc,phases   ] GC(5)   Evacuate Collection Set: 10.21ms
[2026-04-03T01:02:39.719+0600][1.646s][info][gc,phases   ] GC(5)   Post Evacuate Collection Set: 1.00ms
[2026-04-03T01:02:39.719+0600][1.646s][info][gc,phases   ] GC(5)   Other: 0.14ms
[2026-04-03T01:02:39.719+0600][1.646s][info][gc,heap     ] GC(5) Eden regions: 25->0(26)
[2026-04-03T01:02:39.719+0600][1.646s][info][gc,heap     ] GC(5) Survivor regions: 3->4(4)
[2026-04-03T01:02:39.719+0600][1.646s][info][gc,heap     ] GC(5) Old regions: 4->5
[2026-04-03T01:02:39.719+0600][1.646s][info][gc,heap     ] GC(5) Humongous regions: 0->0
[2026-04-03T01:02:39.719+0600][1.646s][info][gc,metaspace] GC(5) Metaspace: 8737K(8960K)->8737K(8960K) NonClass: 7894K(8000K)->7894K(8000K) Class: 843K(960K)->843K(960K)
[2026-04-03T01:02:39.719+0600][1.646s][info][gc          ] GC(5) Pause Young (Normal) (G1 Evacuation Pause) 61M->16M(298M) 12.185ms
[2026-04-03T01:02:39.719+0600][1.646s][info][gc,cpu      ] GC(5) User=0.05s Sys=0.02s Real=0.01s
[2026-04-03T01:02:39.889+0600][1.815s][info][gc,start    ] GC(6) Pause Young (Normal) (G1 Evacuation Pause)
[2026-04-03T01:02:39.890+0600][1.816s][info][gc,task     ] GC(6) Using 7 workers of 10 for evacuation
[2026-04-03T01:02:39.899+0600][1.825s][info][gc,phases   ] GC(6)   Pre Evacuate Collection Set: 0.40ms
[2026-04-03T01:02:39.899+0600][1.825s][info][gc,phases   ] GC(6)   Merge Heap Roots: 0.10ms
[2026-04-03T01:02:39.899+0600][1.825s][info][gc,phases   ] GC(6)   Evacuate Collection Set: 6.94ms
[2026-04-03T01:02:39.899+0600][1.825s][info][gc,phases   ] GC(6)   Post Evacuate Collection Set: 1.40ms
[2026-04-03T01:02:39.899+0600][1.825s][info][gc,phases   ] GC(6)   Other: 0.83ms
[2026-04-03T01:02:39.899+0600][1.825s][info][gc,heap     ] GC(6) Eden regions: 26->0(36)
[2026-04-03T01:02:39.899+0600][1.825s][info][gc,heap     ] GC(6) Survivor regions: 4->3(4)
[2026-04-03T01:02:39.899+0600][1.825s][info][gc,heap     ] GC(6) Old regions: 5->9
[2026-04-03T01:02:39.899+0600][1.825s][info][gc,heap     ] GC(6) Humongous regions: 0->0
[2026-04-03T01:02:39.899+0600][1.825s][info][gc,metaspace] GC(6) Metaspace: 8742K(8960K)->8742K(8960K) NonClass: 7898K(8000K)->7898K(8000K) Class: 843K(960K)->843K(960K)
[2026-04-03T01:02:39.899+0600][1.826s][info][gc          ] GC(6) Pause Young (Normal) (G1 Evacuation Pause) 68M->20M(298M) 10.310ms
[2026-04-03T01:02:39.899+0600][1.826s][info][gc,cpu      ] GC(6) User=0.05s Sys=0.01s Real=0.01s
[2026-04-03T01:02:40.042+0600][1.968s][info][gc,start    ] GC(7) Pause Young (Normal) (G1 Evacuation Pause)
[2026-04-03T01:02:40.042+0600][1.968s][info][gc,task     ] GC(7) Using 7 workers of 10 for evacuation
[2026-04-03T01:02:40.049+0600][1.976s][info][gc,phases   ] GC(7)   Pre Evacuate Collection Set: 0.50ms
[2026-04-03T01:02:40.049+0600][1.976s][info][gc,phases   ] GC(7)   Merge Heap Roots: 0.36ms
[2026-04-03T01:02:40.049+0600][1.976s][info][gc,phases   ] GC(7)   Evacuate Collection Set: 5.65ms
[2026-04-03T01:02:40.049+0600][1.976s][info][gc,phases   ] GC(7)   Post Evacuate Collection Set: 0.88ms
[2026-04-03T01:02:40.049+0600][1.976s][info][gc,phases   ] GC(7)   Other: 0.24ms
[2026-04-03T01:02:40.049+0600][1.976s][info][gc,heap     ] GC(7) Eden regions: 36->0(42)
[2026-04-03T01:02:40.049+0600][1.976s][info][gc,heap     ] GC(7) Survivor regions: 3->5(5)
[2026-04-03T01:02:40.049+0600][1.976s][info][gc,heap     ] GC(7) Old regions: 9->9
[2026-04-03T01:02:40.049+0600][1.976s][info][gc,heap     ] GC(7) Humongous regions: 0->0
[2026-04-03T01:02:40.049+0600][1.976s][info][gc,metaspace] GC(7) Metaspace: 8754K(8960K)->8754K(8960K) NonClass: 7911K(8000K)->7911K(8000K) Class: 843K(960K)->843K(960K)
[2026-04-03T01:02:40.049+0600][1.976s][info][gc          ] GC(7) Pause Young (Normal) (G1 Evacuation Pause) 92M->25M(298M) 7.950ms
[2026-04-03T01:02:40.049+0600][1.976s][info][gc,cpu      ] GC(7) User=0.04s Sys=0.00s Real=0.00s
[2026-04-03T01:02:40.187+0600][2.114s][info][gc,start    ] GC(8) Pause Young (Normal) (G1 Evacuation Pause)
[2026-04-03T01:02:40.187+0600][2.114s][info][gc,task     ] GC(8) Using 7 workers of 10 for evacuation
[2026-04-03T01:02:40.198+0600][2.125s][info][gc,phases   ] GC(8)   Pre Evacuate Collection Set: 0.51ms
[2026-04-03T01:02:40.198+0600][2.125s][info][gc,phases   ] GC(8)   Merge Heap Roots: 0.33ms
[2026-04-03T01:02:40.198+0600][2.125s][info][gc,phases   ] GC(8)   Evacuate Collection Set: 8.79ms
[2026-04-03T01:02:40.198+0600][2.125s][info][gc,phases   ] GC(8)   Post Evacuate Collection Set: 1.32ms
[2026-04-03T01:02:40.198+0600][2.125s][info][gc,phases   ] GC(8)   Other: 0.10ms
[2026-04-03T01:02:40.198+0600][2.125s][info][gc,heap     ] GC(8) Eden regions: 42->0(57)
[2026-04-03T01:02:40.198+0600][2.125s][info][gc,heap     ] GC(8) Survivor regions: 5->6(6)
[2026-04-03T01:02:40.198+0600][2.125s][info][gc,heap     ] GC(8) Old regions: 9->11
[2026-04-03T01:02:40.198+0600][2.125s][info][gc,heap     ] GC(8) Humongous regions: 0->0
[2026-04-03T01:02:40.198+0600][2.125s][info][gc,metaspace] GC(8) Metaspace: 8777K(9024K)->8777K(9024K) NonClass: 7933K(8064K)->7933K(8064K) Class: 843K(960K)->843K(960K)
[2026-04-03T01:02:40.198+0600][2.125s][info][gc          ] GC(8) Pause Young (Normal) (G1 Evacuation Pause) 109M->31M(298M) 11.315ms
[2026-04-03T01:02:40.199+0600][2.125s][info][gc,cpu      ] GC(8) User=0.06s Sys=0.01s Real=0.01s
[2026-04-03T01:02:40.388+0600][2.315s][info][gc,start    ] GC(9) Pause Young (Normal) (G1 Evacuation Pause)
[2026-04-03T01:02:40.388+0600][2.315s][info][gc,task     ] GC(9) Using 7 workers of 10 for evacuation
[2026-04-03T01:02:40.406+0600][2.333s][info][gc,phases   ] GC(9)   Pre Evacuate Collection Set: 0.59ms
[2026-04-03T01:02:40.406+0600][2.333s][info][gc,phases   ] GC(9)   Merge Heap Roots: 0.41ms
[2026-04-03T01:02:40.406+0600][2.333s][info][gc,phases   ] GC(9)   Evacuate Collection Set: 14.84ms
[2026-04-03T01:02:40.406+0600][2.333s][info][gc,phases   ] GC(9)   Post Evacuate Collection Set: 2.14ms
[2026-04-03T01:02:40.406+0600][2.333s][info][gc,phases   ] GC(9)   Other: 0.13ms
[2026-04-03T01:02:40.406+0600][2.333s][info][gc,heap     ] GC(9) Eden regions: 57->0(62)
[2026-04-03T01:02:40.406+0600][2.333s][info][gc,heap     ] GC(9) Survivor regions: 6->8(8)
[2026-04-03T01:02:40.406+0600][2.333s][info][gc,heap     ] GC(9) Old regions: 11->14
[2026-04-03T01:02:40.406+0600][2.333s][info][gc,heap     ] GC(9) Humongous regions: 0->0
[2026-04-03T01:02:40.406+0600][2.333s][info][gc,metaspace] GC(9) Metaspace: 8783K(9024K)->8783K(9024K) NonClass: 7940K(8064K)->7940K(8064K) Class: 843K(960K)->843K(960K)
[2026-04-03T01:02:40.406+0600][2.333s][info][gc          ] GC(9) Pause Young (Normal) (G1 Evacuation Pause) 145M->41M(470M) 18.443ms
[2026-04-03T01:02:40.406+0600][2.333s][info][gc,cpu      ] GC(9) User=0.09s Sys=0.03s Real=0.02s
[2026-04-03T01:02:40.684+0600][2.611s][info][gc,start    ] GC(10) Pause Young (Normal) (G1 Evacuation Pause)
[2026-04-03T01:02:40.685+0600][2.611s][info][gc,task     ] GC(10) Using 10 workers of 10 for evacuation
[2026-04-03T01:02:40.699+0600][2.626s][info][gc,phases   ] GC(10)   Pre Evacuate Collection Set: 0.23ms
[2026-04-03T01:02:40.699+0600][2.626s][info][gc,phases   ] GC(10)   Merge Heap Roots: 0.11ms
[2026-04-03T01:02:40.699+0600][2.626s][info][gc,phases   ] GC(10)   Evacuate Collection Set: 13.18ms
[2026-04-03T01:02:40.699+0600][2.626s][info][gc,phases   ] GC(10)   Post Evacuate Collection Set: 0.84ms
[2026-04-03T01:02:40.699+0600][2.626s][info][gc,phases   ] GC(10)   Other: 0.85ms
[2026-04-03T01:02:40.700+0600][2.626s][info][gc,heap     ] GC(10) Eden regions: 62->0(66)
[2026-04-03T01:02:40.700+0600][2.626s][info][gc,heap     ] GC(10) Survivor regions: 8->9(9)
[2026-04-03T01:02:40.700+0600][2.626s][info][gc,heap     ] GC(10) Old regions: 14->17
[2026-04-03T01:02:40.700+0600][2.626s][info][gc,heap     ] GC(10) Humongous regions: 0->0
[2026-04-03T01:02:40.700+0600][2.626s][info][gc,metaspace] GC(10) Metaspace: 8785K(9024K)->8785K(9024K) NonClass: 7941K(8064K)->7941K(8064K) Class: 843K(960K)->843K(960K)
[2026-04-03T01:02:40.700+0600][2.626s][info][gc          ] GC(10) Pause Young (Normal) (G1 Evacuation Pause) 165M->49M(470M) 15.532ms
[2026-04-03T01:02:40.700+0600][2.626s][info][gc,cpu      ] GC(10) User=0.12s Sys=0.02s Real=0.01s
[2026-04-03T01:02:40.888+0600][2.815s][info][gc,start    ] GC(11) Pause Young (Normal) (G1 Evacuation Pause)
[2026-04-03T01:02:40.888+0600][2.815s][info][gc,task     ] GC(11) Using 10 workers of 10 for evacuation
[2026-04-03T01:02:40.905+0600][2.832s][info][gc,phases   ] GC(11)   Pre Evacuate Collection Set: 0.32ms
[2026-04-03T01:02:40.906+0600][2.832s][info][gc,phases   ] GC(11)   Merge Heap Roots: 0.17ms
[2026-04-03T01:02:40.906+0600][2.832s][info][gc,phases   ] GC(11)   Evacuate Collection Set: 16.09ms
[2026-04-03T01:02:40.906+0600][2.832s][info][gc,phases   ] GC(11)   Post Evacuate Collection Set: 0.70ms
[2026-04-03T01:02:40.906+0600][2.832s][info][gc,phases   ] GC(11)   Other: 0.10ms
[2026-04-03T01:02:40.906+0600][2.832s][info][gc,heap     ] GC(11) Eden regions: 66->0(131)
[2026-04-03T01:02:40.906+0600][2.832s][info][gc,heap     ] GC(11) Survivor regions: 9->10(10)
[2026-04-03T01:02:40.906+0600][2.832s][info][gc,heap     ] GC(11) Old regions: 17->21
[2026-04-03T01:02:40.906+0600][2.832s][info][gc,heap     ] GC(11) Humongous regions: 0->0
[2026-04-03T01:02:40.906+0600][2.832s][info][gc,metaspace] GC(11) Metaspace: 8788K(9024K)->8788K(9024K) NonClass: 7944K(8064K)->7944K(8064K) Class: 843K(960K)->843K(960K)
[2026-04-03T01:02:40.906+0600][2.832s][info][gc          ] GC(11) Pause Young (Normal) (G1 Evacuation Pause) 181M->60M(470M) 17.688ms
[2026-04-03T01:02:40.906+0600][2.832s][info][gc,cpu      ] GC(11) User=0.13s Sys=0.04s Real=0.02s
[2026-04-03T01:02:41.223+0600][3.150s][info][gc,start    ] GC(12) Pause Young (Normal) (G1 Evacuation Pause)
[2026-04-03T01:02:41.223+0600][3.150s][info][gc,task     ] GC(12) Using 10 workers of 10 for evacuation
[2026-04-03T01:02:41.241+0600][3.167s][info][gc,phases   ] GC(12)   Pre Evacuate Collection Set: 0.26ms
[2026-04-03T01:02:41.241+0600][3.167s][info][gc,phases   ] GC(12)   Merge Heap Roots: 0.08ms
[2026-04-03T01:02:41.241+0600][3.167s][info][gc,phases   ] GC(12)   Evacuate Collection Set: 15.98ms
[2026-04-03T01:02:41.241+0600][3.167s][info][gc,phases   ] GC(12)   Post Evacuate Collection Set: 0.87ms
[2026-04-03T01:02:41.241+0600][3.167s][info][gc,phases   ] GC(12)   Other: 0.11ms
[2026-04-03T01:02:41.241+0600][3.167s][info][gc,heap     ] GC(12) Eden regions: 131->0(106)
[2026-04-03T01:02:41.241+0600][3.167s][info][gc,heap     ] GC(12) Survivor regions: 10->15(18)
[2026-04-03T01:02:41.241+0600][3.167s][info][gc,heap     ] GC(12) Old regions: 21->26
[2026-04-03T01:02:41.241+0600][3.167s][info][gc,heap     ] GC(12) Humongous regions: 0->0
[2026-04-03T01:02:41.241+0600][3.167s][info][gc,metaspace] GC(12) Metaspace: 8789K(9024K)->8789K(9024K) NonClass: 7945K(8064K)->7945K(8064K) Class: 843K(960K)->843K(960K)
[2026-04-03T01:02:41.241+0600][3.167s][info][gc          ] GC(12) Pause Young (Normal) (G1 Evacuation Pause) 322M->78M(470M) 17.645ms
[2026-04-03T01:02:41.241+0600][3.167s][info][gc,cpu      ] GC(12) User=0.16s Sys=0.01s Real=0.02s
[2026-04-03T01:02:41.508+0600][3.435s][info][gc,start    ] GC(13) Pause Young (Normal) (G1 Evacuation Pause)
[2026-04-03T01:02:41.508+0600][3.435s][info][gc,task     ] GC(13) Using 10 workers of 10 for evacuation
[2026-04-03T01:02:41.531+0600][3.458s][info][gc,phases   ] GC(13)   Pre Evacuate Collection Set: 0.15ms
[2026-04-03T01:02:41.531+0600][3.458s][info][gc,phases   ] GC(13)   Merge Heap Roots: 0.10ms
[2026-04-03T01:02:41.531+0600][3.458s][info][gc,phases   ] GC(13)   Evacuate Collection Set: 19.77ms
[2026-04-03T01:02:41.531+0600][3.458s][info][gc,phases   ] GC(13)   Post Evacuate Collection Set: 2.48ms
[2026-04-03T01:02:41.531+0600][3.458s][info][gc,phases   ] GC(13)   Other: 0.10ms
[2026-04-03T01:02:41.531+0600][3.458s][info][gc,heap     ] GC(13) Eden regions: 106->0(141)
[2026-04-03T01:02:41.531+0600][3.458s][info][gc,heap     ] GC(13) Survivor regions: 15->9(16)
[2026-04-03T01:02:41.531+0600][3.458s][info][gc,heap     ] GC(13) Old regions: 26->40
[2026-04-03T01:02:41.531+0600][3.458s][info][gc,heap     ] GC(13) Humongous regions: 0->0
[2026-04-03T01:02:41.531+0600][3.458s][info][gc,metaspace] GC(13) Metaspace: 8814K(9024K)->8814K(9024K) NonClass: 7970K(8064K)->7970K(8064K) Class: 843K(960K)->843K(960K)
[2026-04-03T01:02:41.531+0600][3.458s][info][gc          ] GC(13) Pause Young (Normal) (G1 Evacuation Pause) 290M->95M(774M) 22.831ms
[2026-04-03T01:02:41.531+0600][3.458s][info][gc,cpu      ] GC(13) User=0.18s Sys=0.02s Real=0.03s
[2026-04-03T01:02:42.004+0600][3.931s][info][gc,start    ] GC(14) Pause Young (Normal) (G1 Evacuation Pause)
[2026-04-03T01:02:42.004+0600][3.931s][info][gc,task     ] GC(14) Using 10 workers of 10 for evacuation
[2026-04-03T01:02:42.022+0600][3.948s][info][gc,phases   ] GC(14)   Pre Evacuate Collection Set: 0.17ms
[2026-04-03T01:02:42.022+0600][3.949s][info][gc,phases   ] GC(14)   Merge Heap Roots: 0.11ms
[2026-04-03T01:02:42.022+0600][3.949s][info][gc,phases   ] GC(14)   Evacuate Collection Set: 16.24ms
[2026-04-03T01:02:42.022+0600][3.949s][info][gc,phases   ] GC(14)   Post Evacuate Collection Set: 0.81ms
[2026-04-03T01:02:42.022+0600][3.949s][info][gc,phases   ] GC(14)   Other: 0.35ms
[2026-04-03T01:02:42.022+0600][3.949s][info][gc,heap     ] GC(14) Eden regions: 141->0(126)
[2026-04-03T01:02:42.022+0600][3.949s][info][gc,heap     ] GC(14) Survivor regions: 9->19(19)
[2026-04-03T01:02:42.022+0600][3.949s][info][gc,heap     ] GC(14) Old regions: 40->40
[2026-04-03T01:02:42.022+0600][3.949s][info][gc,heap     ] GC(14) Humongous regions: 0->0
[2026-04-03T01:02:42.022+0600][3.949s][info][gc,metaspace] GC(14) Metaspace: 8850K(9088K)->8850K(9088K) NonClass: 8006K(8128K)->8006K(8128K) Class: 843K(960K)->843K(960K)
[2026-04-03T01:02:42.022+0600][3.949s][info][gc          ] GC(14) Pause Young (Normal) (G1 Evacuation Pause) 377M->116M(774M) 17.961ms
[2026-04-03T01:02:42.022+0600][3.949s][info][gc,cpu      ] GC(14) User=0.13s Sys=0.03s Real=0.02s
[2026-04-03T01:02:42.334+0600][4.261s][info][gc,start    ] GC(15) Pause Young (Normal) (G1 Evacuation Pause)
[2026-04-03T01:02:42.334+0600][4.261s][info][gc,task     ] GC(15) Using 10 workers of 10 for evacuation
[2026-04-03T01:02:42.360+0600][4.287s][info][gc,phases   ] GC(15)   Pre Evacuate Collection Set: 0.22ms
[2026-04-03T01:02:42.361+0600][4.287s][info][gc,phases   ] GC(15)   Merge Heap Roots: 0.07ms
[2026-04-03T01:02:42.361+0600][4.287s][info][gc,phases   ] GC(15)   Evacuate Collection Set: 24.60ms
[2026-04-03T01:02:42.361+0600][4.287s][info][gc,phases   ] GC(15)   Post Evacuate Collection Set: 1.08ms
[2026-04-03T01:02:42.361+0600][4.287s][info][gc,phases   ] GC(15)   Other: 0.14ms
[2026-04-03T01:02:42.361+0600][4.287s][info][gc,heap     ] GC(15) Eden regions: 126->0(165)
[2026-04-03T01:02:42.361+0600][4.287s][info][gc,heap     ] GC(15) Survivor regions: 19->11(19)
[2026-04-03T01:02:42.361+0600][4.287s][info][gc,heap     ] GC(15) Old regions: 40->58
[2026-04-03T01:02:42.361+0600][4.287s][info][gc,heap     ] GC(15) Humongous regions: 0->0
[2026-04-03T01:02:42.361+0600][4.287s][info][gc,metaspace] GC(15) Metaspace: 8863K(9088K)->8863K(9088K) NonClass: 8019K(8128K)->8019K(8128K) Class: 843K(960K)->843K(960K)
[2026-04-03T01:02:42.361+0600][4.287s][info][gc          ] GC(15) Pause Young (Normal) (G1 Evacuation Pause) 368M->134M(774M) 26.477ms
[2026-04-03T01:02:42.361+0600][4.287s][info][gc,cpu      ] GC(15) User=0.21s Sys=0.04s Real=0.03s
[2026-04-03T01:02:42.731+0600][4.658s][info][gc,start    ] GC(16) Pause Young (Normal) (G1 Evacuation Pause)
[2026-04-03T01:02:42.731+0600][4.658s][info][gc,task     ] GC(16) Using 10 workers of 10 for evacuation
[2026-04-03T01:02:42.750+0600][4.676s][info][gc,phases   ] GC(16)   Pre Evacuate Collection Set: 0.38ms
[2026-04-03T01:02:42.750+0600][4.676s][info][gc,phases   ] GC(16)   Merge Heap Roots: 0.14ms
[2026-04-03T01:02:42.750+0600][4.676s][info][gc,phases   ] GC(16)   Evacuate Collection Set: 17.10ms
[2026-04-03T01:02:42.750+0600][4.676s][info][gc,phases   ] GC(16)   Post Evacuate Collection Set: 0.57ms
[2026-04-03T01:02:42.750+0600][4.676s][info][gc,phases   ] GC(16)   Other: 0.13ms
[2026-04-03T01:02:42.750+0600][4.676s][info][gc,heap     ] GC(16) Eden regions: 165->0(155)
[2026-04-03T01:02:42.750+0600][4.676s][info][gc,heap     ] GC(16) Survivor regions: 11->20(22)
[2026-04-03T01:02:42.750+0600][4.676s][info][gc,heap     ] GC(16) Old regions: 58->58
[2026-04-03T01:02:42.750+0600][4.676s][info][gc,heap     ] GC(16) Humongous regions: 0->0
[2026-04-03T01:02:42.750+0600][4.676s][info][gc,metaspace] GC(16) Metaspace: 8869K(9088K)->8869K(9088K) NonClass: 8025K(8128K)->8025K(8128K) Class: 843K(960K)->843K(960K)
[2026-04-03T01:02:42.750+0600][4.676s][info][gc          ] GC(16) Pause Young (Normal) (G1 Evacuation Pause) 464M->153M(774M) 18.608ms
[2026-04-03T01:02:42.750+0600][4.676s][info][gc,cpu      ] GC(16) User=0.19s Sys=0.00s Real=0.02s
[2026-04-03T01:02:43.115+0600][5.041s][info][gc,start    ] GC(17) Pause Young (Normal) (G1 Evacuation Pause)
[2026-04-03T01:02:43.115+0600][5.041s][info][gc,task     ] GC(17) Using 10 workers of 10 for evacuation
[2026-04-03T01:02:43.143+0600][5.069s][info][gc,phases   ] GC(17)   Pre Evacuate Collection Set: 0.39ms
[2026-04-03T01:02:43.143+0600][5.070s][info][gc,phases   ] GC(17)   Merge Heap Roots: 0.12ms
[2026-04-03T01:02:43.143+0600][5.070s][info][gc,phases   ] GC(17)   Evacuate Collection Set: 24.80ms
[2026-04-03T01:02:43.143+0600][5.070s][info][gc,phases   ] GC(17)   Post Evacuate Collection Set: 2.70ms
[2026-04-03T01:02:43.143+0600][5.070s][info][gc,phases   ] GC(17)   Other: 0.10ms
[2026-04-03T01:02:43.143+0600][5.070s][info][gc,heap     ] GC(17) Eden regions: 155->0(167)
[2026-04-03T01:02:43.143+0600][5.070s][info][gc,heap     ] GC(17) Survivor regions: 20->22(22)
[2026-04-03T01:02:43.143+0600][5.070s][info][gc,heap     ] GC(17) Old regions: 58->67
[2026-04-03T01:02:43.143+0600][5.070s][info][gc,heap     ] GC(17) Humongous regions: 0->0
[2026-04-03T01:02:43.143+0600][5.070s][info][gc,metaspace] GC(17) Metaspace: 8876K(9088K)->8876K(9088K) NonClass: 8032K(8128K)->8032K(8128K) Class: 843K(960K)->843K(960K)
[2026-04-03T01:02:43.143+0600][5.070s][info][gc          ] GC(17) Pause Young (Normal) (G1 Evacuation Pause) 463M->175M(1012M) 28.344ms
[2026-04-03T01:02:43.143+0600][5.070s][info][gc,cpu      ] GC(17) User=0.24s Sys=0.02s Real=0.03s
[2026-04-03T01:02:43.632+0600][5.559s][info][gc,start    ] GC(18) Pause Young (Normal) (G1 Evacuation Pause)
[2026-04-03T01:02:43.632+0600][5.559s][info][gc,task     ] GC(18) Using 10 workers of 10 for evacuation
[2026-04-03T01:02:43.663+0600][5.589s][info][gc,phases   ] GC(18)   Pre Evacuate Collection Set: 0.41ms
[2026-04-03T01:02:43.663+0600][5.590s][info][gc,phases   ] GC(18)   Merge Heap Roots: 0.20ms
[2026-04-03T01:02:43.663+0600][5.590s][info][gc,phases   ] GC(18)   Evacuate Collection Set: 29.16ms
[2026-04-03T01:02:43.663+0600][5.590s][info][gc,phases   ] GC(18)   Post Evacuate Collection Set: 0.92ms
[2026-04-03T01:02:43.663+0600][5.590s][info][gc,phases   ] GC(18)   Other: 0.13ms
[2026-04-03T01:02:43.663+0600][5.590s][info][gc,heap     ] GC(18) Eden regions: 167->0(177)
[2026-04-03T01:02:43.663+0600][5.590s][info][gc,heap     ] GC(18) Survivor regions: 22->23(24)
[2026-04-03T01:02:43.663+0600][5.590s][info][gc,heap     ] GC(18) Old regions: 67->78
[2026-04-03T01:02:43.663+0600][5.590s][info][gc,heap     ] GC(18) Humongous regions: 0->0
[2026-04-03T01:02:43.663+0600][5.590s][info][gc,metaspace] GC(18) Metaspace: 8876K(9088K)->8876K(9088K) NonClass: 8032K(8128K)->8032K(8128K) Class: 843K(960K)->843K(960K)
[2026-04-03T01:02:43.663+0600][5.590s][info][gc          ] GC(18) Pause Young (Normal) (G1 Evacuation Pause) 509M->199M(1012M) 31.119ms
[2026-04-03T01:02:43.663+0600][5.590s][info][gc,cpu      ] GC(18) User=0.27s Sys=0.02s Real=0.03s
[2026-04-03T01:02:44.070+0600][5.996s][info][gc,start    ] GC(19) Pause Young (Normal) (G1 Evacuation Pause)
[2026-04-03T01:02:44.070+0600][5.996s][info][gc,task     ] GC(19) Using 10 workers of 10 for evacuation
[2026-04-03T01:02:44.101+0600][6.027s][info][gc,phases   ] GC(19)   Pre Evacuate Collection Set: 0.21ms
[2026-04-03T01:02:44.101+0600][6.028s][info][gc,phases   ] GC(19)   Merge Heap Roots: 0.09ms
[2026-04-03T01:02:44.101+0600][6.028s][info][gc,phases   ] GC(19)   Evacuate Collection Set: 29.93ms
[2026-04-03T01:02:44.101+0600][6.028s][info][gc,phases   ] GC(19)   Post Evacuate Collection Set: 0.90ms
[2026-04-03T01:02:44.101+0600][6.028s][info][gc,phases   ] GC(19)   Other: 0.13ms
[2026-04-03T01:02:44.101+0600][6.028s][info][gc,heap     ] GC(19) Eden regions: 177->0(203)
[2026-04-03T01:02:44.101+0600][6.028s][info][gc,heap     ] GC(19) Survivor regions: 23->24(25)
[2026-04-03T01:02:44.101+0600][6.028s][info][gc,heap     ] GC(19) Old regions: 78->89
[2026-04-03T01:02:44.101+0600][6.028s][info][gc,heap     ] GC(19) Humongous regions: 0->0
[2026-04-03T01:02:44.101+0600][6.028s][info][gc,metaspace] GC(19) Metaspace: 8881K(9088K)->8881K(9088K) NonClass: 8037K(8128K)->8037K(8128K) Class: 843K(960K)->843K(960K)
[2026-04-03T01:02:44.101+0600][6.028s][info][gc          ] GC(19) Pause Young (Normal) (G1 Evacuation Pause) 553M->224M(1012M) 31.540ms
[2026-04-03T01:02:44.101+0600][6.028s][info][gc,cpu      ] GC(19) User=0.33s Sys=0.00s Real=0.04s
[2026-04-03T01:02:44.773+0600][6.700s][info][gc,start    ] GC(20) Pause Young (Normal) (G1 Evacuation Pause)
[2026-04-03T01:02:44.774+0600][6.700s][info][gc,task     ] GC(20) Using 10 workers of 10 for evacuation
[2026-04-03T01:02:44.809+0600][6.735s][info][gc,phases   ] GC(20)   Pre Evacuate Collection Set: 0.40ms
[2026-04-03T01:02:44.809+0600][6.735s][info][gc,phases   ] GC(20)   Merge Heap Roots: 0.20ms
[2026-04-03T01:02:44.809+0600][6.735s][info][gc,phases   ] GC(20)   Evacuate Collection Set: 33.36ms
[2026-04-03T01:02:44.809+0600][6.735s][info][gc,phases   ] GC(20)   Post Evacuate Collection Set: 1.02ms
[2026-04-03T01:02:44.809+0600][6.735s][info][gc,phases   ] GC(20)   Other: 0.14ms
[2026-04-03T01:02:44.809+0600][6.735s][info][gc,heap     ] GC(20) Eden regions: 203->0(210)
[2026-04-03T01:02:44.809+0600][6.735s][info][gc,heap     ] GC(20) Survivor regions: 24->23(29)
[2026-04-03T01:02:44.809+0600][6.735s][info][gc,heap     ] GC(20) Old regions: 89->101
[2026-04-03T01:02:44.809+0600][6.735s][info][gc,heap     ] GC(20) Humongous regions: 0->0
[2026-04-03T01:02:44.809+0600][6.735s][info][gc,metaspace] GC(20) Metaspace: 8938K(9152K)->8938K(9152K) NonClass: 8094K(8192K)->8094K(8192K) Class: 843K(960K)->843K(960K)
[2026-04-03T01:02:44.809+0600][6.735s][info][gc          ] GC(20) Pause Young (Normal) (G1 Evacuation Pause) 630M->245M(1012M) 35.435ms
[2026-04-03T01:02:44.809+0600][6.735s][info][gc,cpu      ] GC(20) User=0.32s Sys=0.00s Real=0.03s
[2026-04-03T01:02:45.178+0600][7.105s][info][gc,start    ] GC(21) Pause Young (Normal) (G1 Evacuation Pause)
[2026-04-03T01:02:45.178+0600][7.105s][info][gc,task     ] GC(21) Using 10 workers of 10 for evacuation
[2026-04-03T01:02:45.200+0600][7.126s][info][gc,phases   ] GC(21)   Pre Evacuate Collection Set: 0.26ms
[2026-04-03T01:02:45.200+0600][7.126s][info][gc,phases   ] GC(21)   Merge Heap Roots: 0.16ms
[2026-04-03T01:02:45.200+0600][7.126s][info][gc,phases   ] GC(21)   Evacuate Collection Set: 18.85ms
[2026-04-03T01:02:45.200+0600][7.126s][info][gc,phases   ] GC(21)   Post Evacuate Collection Set: 1.99ms
[2026-04-03T01:02:45.200+0600][7.126s][info][gc,phases   ] GC(21)   Other: 0.11ms
[2026-04-03T01:02:45.200+0600][7.126s][info][gc,heap     ] GC(21) Eden regions: 210->0(342)
[2026-04-03T01:02:45.200+0600][7.126s][info][gc,heap     ] GC(21) Survivor regions: 23->14(30)
[2026-04-03T01:02:45.200+0600][7.126s][info][gc,heap     ] GC(21) Old regions: 101->114
[2026-04-03T01:02:45.200+0600][7.126s][info][gc,heap     ] GC(21) Humongous regions: 0->0
[2026-04-03T01:02:45.200+0600][7.126s][info][gc,metaspace] GC(21) Metaspace: 8940K(9152K)->8940K(9152K) NonClass: 8096K(8192K)->8096K(8192K) Class: 843K(960K)->843K(960K)
[2026-04-03T01:02:45.200+0600][7.126s][info][gc          ] GC(21) Pause Young (Normal) (G1 Evacuation Pause) 665M->254M(1188M) 21.674ms
[2026-04-03T01:02:45.200+0600][7.126s][info][gc,cpu      ] GC(21) User=0.19s Sys=0.00s Real=0.03s
[2026-04-03T01:02:45.971+0600][7.898s][info][gc,start    ] GC(22) Pause Young (Normal) (G1 Evacuation Pause)
[2026-04-03T01:02:45.971+0600][7.898s][info][gc,task     ] GC(22) Using 10 workers of 10 for evacuation
[2026-04-03T01:02:46.003+0600][7.930s][info][gc,phases   ] GC(22)   Pre Evacuate Collection Set: 0.28ms
[2026-04-03T01:02:46.003+0600][7.930s][info][gc,phases   ] GC(22)   Merge Heap Roots: 0.23ms
[2026-04-03T01:02:46.003+0600][7.930s][info][gc,phases   ] GC(22)   Evacuate Collection Set: 29.75ms
[2026-04-03T01:02:46.003+0600][7.930s][info][gc,phases   ] GC(22)   Post Evacuate Collection Set: 1.18ms
[2026-04-03T01:02:46.003+0600][7.930s][info][gc,phases   ] GC(22)   Other: 0.23ms
[2026-04-03T01:02:46.003+0600][7.930s][info][gc,heap     ] GC(22) Eden regions: 342->0(275)
[2026-04-03T01:02:46.003+0600][7.930s][info][gc,heap     ] GC(22) Survivor regions: 14->34(45)
[2026-04-03T01:02:46.003+0600][7.930s][info][gc,heap     ] GC(22) Old regions: 114->114
[2026-04-03T01:02:46.003+0600][7.930s][info][gc,heap     ] GC(22) Humongous regions: 0->0
[2026-04-03T01:02:46.003+0600][7.930s][info][gc,metaspace] GC(22) Metaspace: 8940K(9152K)->8940K(9152K) NonClass: 8096K(8192K)->8096K(8192K) Class: 843K(960K)->843K(960K)
[2026-04-03T01:02:46.003+0600][7.930s][info][gc          ] GC(22) Pause Young (Normal) (G1 Evacuation Pause) 938M->293M(1188M) 32.000ms
[2026-04-03T01:02:46.003+0600][7.930s][info][gc,cpu      ] GC(22) User=0.30s Sys=0.01s Real=0.03s
[2026-04-03T01:02:46.508+0600][8.435s][info][gc,start    ] GC(23) Pause Young (Normal) (G1 Evacuation Pause)
[2026-04-03T01:02:46.508+0600][8.435s][info][gc,task     ] GC(23) Using 10 workers of 10 for evacuation
[2026-04-03T01:02:46.556+0600][8.482s][info][gc,phases   ] GC(23)   Pre Evacuate Collection Set: 0.45ms
[2026-04-03T01:02:46.556+0600][8.483s][info][gc,phases   ] GC(23)   Merge Heap Roots: 0.25ms
[2026-04-03T01:02:46.556+0600][8.483s][info][gc,phases   ] GC(23)   Evacuate Collection Set: 45.52ms
[2026-04-03T01:02:46.556+0600][8.483s][info][gc,phases   ] GC(23)   Post Evacuate Collection Set: 1.15ms
[2026-04-03T01:02:46.556+0600][8.483s][info][gc,phases   ] GC(23)   Other: 0.14ms
[2026-04-03T01:02:46.556+0600][8.483s][info][gc,heap     ] GC(23) Eden regions: 275->0(315)
[2026-04-03T01:02:46.556+0600][8.483s][info][gc,heap     ] GC(23) Survivor regions: 34->22(39)
[2026-04-03T01:02:46.556+0600][8.483s][info][gc,heap     ] GC(23) Old regions: 114->148
[2026-04-03T01:02:46.556+0600][8.483s][info][gc,heap     ] GC(23) Humongous regions: 0->0
[2026-04-03T01:02:46.556+0600][8.483s][info][gc,metaspace] GC(23) Metaspace: 8940K(9152K)->8940K(9152K) NonClass: 8096K(8192K)->8096K(8192K) Class: 843K(960K)->843K(960K)
[2026-04-03T01:02:46.556+0600][8.483s][info][gc          ] GC(23) Pause Young (Normal) (G1 Evacuation Pause) 843M->338M(1188M) 47.851ms
[2026-04-03T01:02:46.556+0600][8.483s][info][gc,cpu      ] GC(23) User=0.46s Sys=0.00s Real=0.05s
[2026-04-03T01:02:47.384+0600][9.310s][info][gc,start    ] GC(24) Pause Young (Normal) (G1 Evacuation Pause)
[2026-04-03T01:02:47.384+0600][9.310s][info][gc,task     ] GC(24) Using 10 workers of 10 for evacuation
[2026-04-03T01:02:47.418+0600][9.345s][info][gc,phases   ] GC(24)   Pre Evacuate Collection Set: 0.41ms
[2026-04-03T01:02:47.418+0600][9.345s][info][gc,phases   ] GC(24)   Merge Heap Roots: 0.16ms
[2026-04-03T01:02:47.418+0600][9.345s][info][gc,phases   ] GC(24)   Evacuate Collection Set: 32.44ms
[2026-04-03T01:02:47.418+0600][9.345s][info][gc,phases   ] GC(24)   Post Evacuate Collection Set: 1.28ms
[2026-04-03T01:02:47.418+0600][9.345s][info][gc,phases   ] GC(24)   Other: 0.12ms
[2026-04-03T01:02:47.418+0600][9.345s][info][gc,heap     ] GC(24) Eden regions: 315->0(164)
[2026-04-03T01:02:47.418+0600][9.345s][info][gc,heap     ] GC(24) Survivor regions: 22->40(43)
[2026-04-03T01:02:47.418+0600][9.345s][info][gc,heap     ] GC(24) Old regions: 148->148
[2026-04-03T01:02:47.418+0600][9.345s][info][gc,heap     ] GC(24) Humongous regions: 0->0
[2026-04-03T01:02:47.418+0600][9.345s][info][gc,metaspace] GC(24) Metaspace: 8940K(9152K)->8940K(9152K) NonClass: 8096K(8192K)->8096K(8192K) Class: 843K(960K)->843K(960K)
[2026-04-03T01:02:47.418+0600][9.345s][info][gc          ] GC(24) Pause Young (Normal) (G1 Evacuation Pause) 968M->373M(1188M) 34.732ms
[2026-04-03T01:02:47.418+0600][9.345s][info][gc,cpu      ] GC(24) User=0.33s Sys=0.00s Real=0.03s
[2026-04-03T01:02:47.675+0600][9.602s][info][gc,start    ] GC(25) Pause Young (Normal) (G1 Evacuation Pause)
[2026-04-03T01:02:47.675+0600][9.602s][info][gc,task     ] GC(25) Using 10 workers of 10 for evacuation
[2026-04-03T01:02:47.697+0600][9.624s][info][gc,phases   ] GC(25)   Pre Evacuate Collection Set: 0.38ms
[2026-04-03T01:02:47.697+0600][9.624s][info][gc,phases   ] GC(25)   Merge Heap Roots: 0.15ms
[2026-04-03T01:02:47.697+0600][9.624s][info][gc,phases   ] GC(25)   Evacuate Collection Set: 20.11ms
[2026-04-03T01:02:47.697+0600][9.624s][info][gc,phases   ] GC(25)   Post Evacuate Collection Set: 1.05ms
[2026-04-03T01:02:47.697+0600][9.624s][info][gc,phases   ] GC(25)   Other: 0.15ms
[2026-04-03T01:02:47.697+0600][9.624s][info][gc,heap     ] GC(25) Eden regions: 164->0(351)
[2026-04-03T01:02:47.697+0600][9.624s][info][gc,heap     ] GC(25) Survivor regions: 40->5(26)
[2026-04-03T01:02:47.697+0600][9.624s][info][gc,heap     ] GC(25) Old regions: 148->182
[2026-04-03T01:02:47.697+0600][9.624s][info][gc,heap     ] GC(25) Humongous regions: 0->0
[2026-04-03T01:02:47.697+0600][9.624s][info][gc,metaspace] GC(25) Metaspace: 8940K(9152K)->8940K(9152K) NonClass: 8096K(8192K)->8096K(8192K) Class: 843K(960K)->843K(960K)
[2026-04-03T01:02:47.697+0600][9.624s][info][gc          ] GC(25) Pause Young (Normal) (G1 Evacuation Pause) 701M->372M(1188M) 22.198ms
[2026-04-03T01:02:47.697+0600][9.624s][info][gc,cpu      ] GC(25) User=0.21s Sys=0.00s Real=0.02s
[2026-04-03T01:02:48.469+0600][10.396s][info][gc,start    ] GC(26) Pause Young (Normal) (G1 Evacuation Pause)
[2026-04-03T01:02:48.469+0600][10.396s][info][gc,task     ] GC(26) Using 10 workers of 10 for evacuation
[2026-04-03T01:02:48.491+0600][10.418s][info][gc,phases   ] GC(26)   Pre Evacuate Collection Set: 0.31ms
[2026-04-03T01:02:48.491+0600][10.418s][info][gc,phases   ] GC(26)   Merge Heap Roots: 0.30ms
[2026-04-03T01:02:48.491+0600][10.418s][info][gc,phases   ] GC(26)   Evacuate Collection Set: 19.67ms
[2026-04-03T01:02:48.491+0600][10.418s][info][gc,phases   ] GC(26)   Post Evacuate Collection Set: 1.38ms
[2026-04-03T01:02:48.491+0600][10.418s][info][gc,phases   ] GC(26)   Other: 0.14ms
[2026-04-03T01:02:48.491+0600][10.418s][info][gc,heap     ] GC(26) Eden regions: 351->0(334)
[2026-04-03T01:02:48.491+0600][10.418s][info][gc,heap     ] GC(26) Survivor regions: 5->22(45)
[2026-04-03T01:02:48.491+0600][10.418s][info][gc,heap     ] GC(26) Old regions: 182->182
[2026-04-03T01:02:48.491+0600][10.418s][info][gc,heap     ] GC(26) Humongous regions: 0->0
[2026-04-03T01:02:48.491+0600][10.418s][info][gc,metaspace] GC(26) Metaspace: 9102K(9344K)->9102K(9344K) NonClass: 8254K(8384K)->8254K(8384K) Class: 847K(960K)->847K(960K)
[2026-04-03T01:02:48.491+0600][10.418s][info][gc          ] GC(26) Pause Young (Normal) (G1 Evacuation Pause) 1074M->404M(1188M) 22.182ms
[2026-04-03T01:02:48.491+0600][10.418s][info][gc,cpu      ] GC(26) User=0.20s Sys=0.00s Real=0.03s
[2026-04-03T01:02:49.204+0600][11.131s][info][gc,start    ] GC(27) Pause Young (Normal) (G1 Evacuation Pause)
[2026-04-03T01:02:49.204+0600][11.131s][info][gc,task     ] GC(27) Using 10 workers of 10 for evacuation
[2026-04-03T01:02:49.224+0600][11.151s][info][gc,phases   ] GC(27)   Pre Evacuate Collection Set: 0.22ms
[2026-04-03T01:02:49.225+0600][11.151s][info][gc,phases   ] GC(27)   Merge Heap Roots: 0.19ms
[2026-04-03T01:02:49.225+0600][11.151s][info][gc,phases   ] GC(27)   Evacuate Collection Set: 18.11ms
[2026-04-03T01:02:49.225+0600][11.151s][info][gc,phases   ] GC(27)   Post Evacuate Collection Set: 1.39ms
[2026-04-03T01:02:49.225+0600][11.151s][info][gc,phases   ] GC(27)   Other: 0.11ms
[2026-04-03T01:02:49.225+0600][11.151s][info][gc,heap     ] GC(27) Eden regions: 334->0(333)
[2026-04-03T01:02:49.225+0600][11.151s][info][gc,heap     ] GC(27) Survivor regions: 22->23(45)
[2026-04-03T01:02:49.225+0600][11.151s][info][gc,heap     ] GC(27) Old regions: 182->182
[2026-04-03T01:02:49.225+0600][11.151s][info][gc,heap     ] GC(27) Humongous regions: 0->0
[2026-04-03T01:02:49.225+0600][11.151s][info][gc,metaspace] GC(27) Metaspace: 9104K(9344K)->9104K(9344K) NonClass: 8256K(8384K)->8256K(8384K) Class: 847K(960K)->847K(960K)
[2026-04-03T01:02:49.225+0600][11.151s][info][gc          ] GC(27) Pause Young (Normal) (G1 Evacuation Pause) 1072M->408M(1188M) 20.369ms
[2026-04-03T01:02:49.225+0600][11.151s][info][gc,cpu      ] GC(27) User=0.18s Sys=0.00s Real=0.02s
[2026-04-03T01:02:50.020+0600][11.946s][info][gc,start    ] GC(28) Pause Young (Normal) (G1 Evacuation Pause)
[2026-04-03T01:02:50.020+0600][11.946s][info][gc,task     ] GC(28) Using 10 workers of 10 for evacuation
[2026-04-03T01:02:50.037+0600][11.963s][info][gc,phases   ] GC(28)   Pre Evacuate Collection Set: 0.38ms
[2026-04-03T01:02:50.037+0600][11.963s][info][gc,phases   ] GC(28)   Merge Heap Roots: 0.16ms
[2026-04-03T01:02:50.037+0600][11.963s][info][gc,phases   ] GC(28)   Evacuate Collection Set: 15.19ms
[2026-04-03T01:02:50.037+0600][11.963s][info][gc,phases   ] GC(28)   Post Evacuate Collection Set: 0.87ms
[2026-04-03T01:02:50.037+0600][11.963s][info][gc,phases   ] GC(28)   Other: 0.26ms
[2026-04-03T01:02:50.037+0600][11.963s][info][gc,heap     ] GC(28) Eden regions: 333->0(329)
[2026-04-03T01:02:50.037+0600][11.963s][info][gc,heap     ] GC(28) Survivor regions: 23->27(45)
[2026-04-03T01:02:50.037+0600][11.963s][info][gc,heap     ] GC(28) Old regions: 182->182
[2026-04-03T01:02:50.037+0600][11.963s][info][gc,heap     ] GC(28) Humongous regions: 0->0
[2026-04-03T01:02:50.037+0600][11.963s][info][gc,metaspace] GC(28) Metaspace: 9141K(9408K)->9141K(9408K) NonClass: 8293K(8448K)->8293K(8448K) Class: 848K(960K)->848K(960K)
[2026-04-03T01:02:50.037+0600][11.963s][info][gc          ] GC(28) Pause Young (Normal) (G1 Evacuation Pause) 1074M->415M(1188M) 17.150ms
[2026-04-03T01:02:50.037+0600][11.963s][info][gc,cpu      ] GC(28) User=0.16s Sys=0.00s Real=0.01s
[2026-04-03T01:02:50.425+0600][12.351s][info][gc,start    ] GC(29) Pause Young (Normal) (G1 Evacuation Pause)
[2026-04-03T01:02:50.425+0600][12.351s][info][gc,task     ] GC(29) Using 10 workers of 10 for evacuation
[2026-04-03T01:02:50.485+0600][12.411s][info][gc,mmu      ] GC(29) MMU target violated: 51.0ms (50.0ms/51.0ms)
[2026-04-03T01:02:50.485+0600][12.411s][info][gc,phases   ] GC(29)   Pre Evacuate Collection Set: 0.42ms
[2026-04-03T01:02:50.485+0600][12.411s][info][gc,phases   ] GC(29)   Merge Heap Roots: 0.21ms
[2026-04-03T01:02:50.485+0600][12.411s][info][gc,phases   ] GC(29)   Evacuate Collection Set: 58.43ms
[2026-04-03T01:02:50.485+0600][12.411s][info][gc,phases   ] GC(29)   Post Evacuate Collection Set: 0.70ms
[2026-04-03T01:02:50.485+0600][12.411s][info][gc,phases   ] GC(29)   Other: 0.20ms
[2026-04-03T01:02:50.485+0600][12.411s][info][gc,heap     ] GC(29) Eden regions: 329->0(183)
[2026-04-03T01:02:50.485+0600][12.411s][info][gc,heap     ] GC(29) Survivor regions: 27->45(45)
[2026-04-03T01:02:50.485+0600][12.411s][info][gc,heap     ] GC(29) Old regions: 182->199
[2026-04-03T01:02:50.485+0600][12.411s][info][gc,heap     ] GC(29) Humongous regions: 0->0
[2026-04-03T01:02:50.485+0600][12.411s][info][gc,metaspace] GC(29) Metaspace: 9141K(9408K)->9141K(9408K) NonClass: 8293K(8448K)->8293K(8448K) Class: 848K(960K)->848K(960K)
[2026-04-03T01:02:50.485+0600][12.412s][info][gc          ] GC(29) Pause Young (Normal) (G1 Evacuation Pause) 1073M->485M(1200M) 60.193ms
[2026-04-03T01:02:50.485+0600][12.412s][info][gc,cpu      ] GC(29) User=0.55s Sys=0.02s Real=0.06s
[2026-04-03T01:02:50.864+0600][12.791s][info][gc,start    ] GC(30) Pause Young (Normal) (G1 Evacuation Pause)
[2026-04-03T01:02:50.864+0600][12.791s][info][gc,task     ] GC(30) Using 10 workers of 10 for evacuation
[2026-04-03T01:02:50.928+0600][12.855s][info][gc,mmu      ] GC(30) MMU target violated: 51.0ms (50.0ms/51.0ms)
[2026-04-03T01:02:50.928+0600][12.855s][info][gc,phases   ] GC(30)   Pre Evacuate Collection Set: 0.35ms
[2026-04-03T01:02:50.928+0600][12.855s][info][gc,phases   ] GC(30)   Merge Heap Roots: 0.21ms
[2026-04-03T01:02:50.928+0600][12.855s][info][gc,phases   ] GC(30)   Evacuate Collection Set: 59.95ms
[2026-04-03T01:02:50.928+0600][12.855s][info][gc,phases   ] GC(30)   Post Evacuate Collection Set: 3.01ms
[2026-04-03T01:02:50.928+0600][12.855s][info][gc,phases   ] GC(30)   Other: 0.29ms
[2026-04-03T01:02:50.928+0600][12.855s][info][gc,heap     ] GC(30) Eden regions: 183->0(11)
[2026-04-03T01:02:50.928+0600][12.855s][info][gc,heap     ] GC(30) Survivor regions: 45->26(29)
[2026-04-03T01:02:50.928+0600][12.855s][info][gc,heap     ] GC(30) Old regions: 199->246
[2026-04-03T01:02:50.928+0600][12.855s][info][gc,heap     ] GC(30) Humongous regions: 4->4
[2026-04-03T01:02:50.928+0600][12.855s][info][gc,metaspace] GC(30) Metaspace: 9166K(9408K)->9166K(9408K) NonClass: 8317K(8448K)->8317K(8448K) Class: 848K(960K)->848K(960K)
[2026-04-03T01:02:50.928+0600][12.855s][info][gc          ] GC(30) Pause Young (Normal) (G1 Evacuation Pause) 859M->551M(1490M) 64.022ms
[2026-04-03T01:02:50.928+0600][12.855s][info][gc,cpu      ] GC(30) User=0.59s Sys=0.01s Real=0.06s
[2026-04-03T01:02:50.984+0600][12.911s][info][gc,start    ] GC(31) Pause Young (Normal) (G1 Evacuation Pause)
[2026-04-03T01:02:50.985+0600][12.911s][info][gc,task     ] GC(31) Using 10 workers of 10 for evacuation
[2026-04-03T01:02:51.006+0600][12.933s][info][gc,phases   ] GC(31)   Pre Evacuate Collection Set: 0.42ms
[2026-04-03T01:02:51.006+0600][12.933s][info][gc,phases   ] GC(31)   Merge Heap Roots: 0.13ms
[2026-04-03T01:02:51.006+0600][12.933s][info][gc,phases   ] GC(31)   Evacuate Collection Set: 20.38ms
[2026-04-03T01:02:51.006+0600][12.933s][info][gc,phases   ] GC(31)   Post Evacuate Collection Set: 0.59ms
[2026-04-03T01:02:51.006+0600][12.933s][info][gc,phases   ] GC(31)   Other: 0.11ms
[2026-04-03T01:02:51.006+0600][12.933s][info][gc,heap     ] GC(31) Eden regions: 11->0(36)
[2026-04-03T01:02:51.006+0600][12.933s][info][gc,heap     ] GC(31) Survivor regions: 26->1(5)
[2026-04-03T01:02:51.006+0600][12.933s][info][gc,heap     ] GC(31) Old regions: 246->273
[2026-04-03T01:02:51.006+0600][12.933s][info][gc,heap     ] GC(31) Humongous regions: 4->4
[2026-04-03T01:02:51.006+0600][12.933s][info][gc,metaspace] GC(31) Metaspace: 9166K(9408K)->9166K(9408K) NonClass: 8317K(8448K)->8317K(8448K) Class: 848K(960K)->848K(960K)
[2026-04-03T01:02:51.006+0600][12.933s][info][gc          ] GC(31) Pause Young (Normal) (G1 Evacuation Pause) 573M->554M(1490M) 21.919ms
[2026-04-03T01:02:51.006+0600][12.933s][info][gc,cpu      ] GC(31) User=0.20s Sys=0.01s Real=0.02s
[2026-04-03T01:02:52.234+0600][14.160s][info][gc,start    ] GC(32) Pause Young (Normal) (G1 Evacuation Pause)
[2026-04-03T01:02:52.234+0600][14.161s][info][gc,task     ] GC(32) Using 10 workers of 10 for evacuation
[2026-04-03T01:02:52.236+0600][14.163s][info][gc,phases   ] GC(32)   Pre Evacuate Collection Set: 0.37ms
[2026-04-03T01:02:52.236+0600][14.163s][info][gc,phases   ] GC(32)   Merge Heap Roots: 0.15ms
[2026-04-03T01:02:52.236+0600][14.163s][info][gc,phases   ] GC(32)   Evacuate Collection Set: 0.89ms
[2026-04-03T01:02:52.236+0600][14.163s][info][gc,phases   ] GC(32)   Post Evacuate Collection Set: 0.80ms
[2026-04-03T01:02:52.236+0600][14.163s][info][gc,phases   ] GC(32)   Other: 0.11ms
[2026-04-03T01:02:52.236+0600][14.163s][info][gc,heap     ] GC(32) Eden regions: 393->0(175)
[2026-04-03T01:02:52.236+0600][14.163s][info][gc,heap     ] GC(32) Survivor regions: 1->3(50)
[2026-04-03T01:02:52.236+0600][14.163s][info][gc,heap     ] GC(32) Old regions: 273->273
[2026-04-03T01:02:52.236+0600][14.163s][info][gc,heap     ] GC(32) Humongous regions: 4->4
[2026-04-03T01:02:52.236+0600][14.163s][info][gc,metaspace] GC(32) Metaspace: 9166K(9408K)->9166K(9408K) NonClass: 8317K(8448K)->8317K(8448K) Class: 848K(960K)->848K(960K)
[2026-04-03T01:02:52.236+0600][14.163s][info][gc          ] GC(32) Pause Young (Normal) (G1 Evacuation Pause) 1340M->557M(1490M) 2.564ms
[2026-04-03T01:02:52.236+0600][14.163s][info][gc,cpu      ] GC(32) User=0.01s Sys=0.00s Real=0.00s
[2026-04-03T01:02:53.235+0600][15.162s][info][gc,start    ] GC(33) Pause Young (Normal) (G1 Evacuation Pause)
[2026-04-03T01:02:53.236+0600][15.162s][info][gc,task     ] GC(33) Using 10 workers of 10 for evacuation
[2026-04-03T01:02:53.272+0600][15.199s][info][gc,phases   ] GC(33)   Pre Evacuate Collection Set: 0.20ms
[2026-04-03T01:02:53.272+0600][15.199s][info][gc,phases   ] GC(33)   Merge Heap Roots: 0.29ms
[2026-04-03T01:02:53.272+0600][15.199s][info][gc,phases   ] GC(33)   Evacuate Collection Set: 34.89ms
[2026-04-03T01:02:53.272+0600][15.199s][info][gc,phases   ] GC(33)   Post Evacuate Collection Set: 1.18ms
[2026-04-03T01:02:53.272+0600][15.199s][info][gc,phases   ] GC(33)   Other: 0.12ms
[2026-04-03T01:02:53.272+0600][15.199s][info][gc,heap     ] GC(33) Eden regions: 412->0(1)
[2026-04-03T01:02:53.272+0600][15.199s][info][gc,heap     ] GC(33) Survivor regions: 3->39(52)
[2026-04-03T01:02:53.272+0600][15.199s][info][gc,heap     ] GC(33) Old regions: 273->273
[2026-04-03T01:02:53.272+0600][15.199s][info][gc,heap     ] GC(33) Humongous regions: 4->4
[2026-04-03T01:02:53.272+0600][15.199s][info][gc,metaspace] GC(33) Metaspace: 9166K(9408K)->9166K(9408K) NonClass: 8317K(8448K)->8317K(8448K) Class: 848K(960K)->848K(960K)
[2026-04-03T01:02:53.272+0600][15.199s][info][gc          ] GC(33) Pause Young (Normal) (G1 Evacuation Pause) 1381M->629M(1490M) 36.971ms
[2026-04-03T01:02:53.272+0600][15.199s][info][gc,cpu      ] GC(33) User=0.35s Sys=0.01s Real=0.04s
[2026-04-03T01:02:53.784+0600][15.710s][info][gc,start    ] GC(34) Pause Young (Normal) (G1 Evacuation Pause)
[2026-04-03T01:02:53.784+0600][15.710s][info][gc,task     ] GC(34) Using 10 workers of 10 for evacuation
[2026-04-03T01:02:53.841+0600][15.767s][info][gc,mmu      ] GC(34) MMU target violated: 51.0ms (50.0ms/51.0ms)
[2026-04-03T01:02:53.841+0600][15.767s][info][gc,phases   ] GC(34)   Pre Evacuate Collection Set: 0.25ms
[2026-04-03T01:02:53.841+0600][15.767s][info][gc,phases   ] GC(34)   Merge Heap Roots: 0.19ms
[2026-04-03T01:02:53.841+0600][15.767s][info][gc,phases   ] GC(34)   Evacuate Collection Set: 55.50ms
[2026-04-03T01:02:53.841+0600][15.767s][info][gc,phases   ] GC(34)   Post Evacuate Collection Set: 0.97ms
[2026-04-03T01:02:53.841+0600][15.767s][info][gc,phases   ] GC(34)   Other: 0.23ms
[2026-04-03T01:02:53.841+0600][15.767s][info][gc,heap     ] GC(34) Eden regions: 171->0(48)
[2026-04-03T01:02:53.841+0600][15.767s][info][gc,heap     ] GC(34) Survivor regions: 39->24(27)
[2026-04-03T01:02:53.841+0600][15.767s][info][gc,heap     ] GC(34) Old regions: 273->311
[2026-04-03T01:02:53.841+0600][15.767s][info][gc,heap     ] GC(34) Humongous regions: 6->6
[2026-04-03T01:02:53.841+0600][15.767s][info][gc,metaspace] GC(34) Metaspace: 9166K(9408K)->9166K(9408K) NonClass: 8317K(8448K)->8317K(8448K) Class: 848K(960K)->848K(960K)
[2026-04-03T01:02:53.841+0600][15.768s][info][gc          ] GC(34) Pause Young (Normal) (G1 Evacuation Pause) 975M->679M(1490M) 57.368ms
[2026-04-03T01:02:53.841+0600][15.768s][info][gc,cpu      ] GC(34) User=0.53s Sys=0.00s Real=0.06s
[2026-04-03T01:02:54.017+0600][15.944s][info][gc,start    ] GC(35) Pause Young (Normal) (G1 Evacuation Pause)
[2026-04-03T01:02:54.017+0600][15.944s][info][gc,task     ] GC(35) Using 10 workers of 10 for evacuation
[2026-04-03T01:02:54.045+0600][15.971s][info][gc,phases   ] GC(35)   Pre Evacuate Collection Set: 0.35ms
[2026-04-03T01:02:54.045+0600][15.971s][info][gc,phases   ] GC(35)   Merge Heap Roots: 0.16ms
[2026-04-03T01:02:54.045+0600][15.971s][info][gc,phases   ] GC(35)   Evacuate Collection Set: 26.15ms
[2026-04-03T01:02:54.045+0600][15.971s][info][gc,phases   ] GC(35)   Post Evacuate Collection Set: 0.58ms
[2026-04-03T01:02:54.045+0600][15.971s][info][gc,phases   ] GC(35)   Other: 0.11ms
[2026-04-03T01:02:54.045+0600][15.971s][info][gc,heap     ] GC(35) Eden regions: 13->0(51)
[2026-04-03T01:02:54.045+0600][15.971s][info][gc,heap     ] GC(35) Survivor regions: 24->5(5)
[2026-04-03T01:02:54.045+0600][15.971s][info][gc,heap     ] GC(35) Old regions: 311->334
[2026-04-03T01:02:54.045+0600][15.971s][info][gc,heap     ] GC(35) Humongous regions: 8->8
[2026-04-03T01:02:54.045+0600][15.971s][info][gc,metaspace] GC(35) Metaspace: 9166K(9408K)->9166K(9408K) NonClass: 8317K(8448K)->8317K(8448K) Class: 848K(960K)->848K(960K)
[2026-04-03T01:02:54.045+0600][15.971s][info][gc          ] GC(35) Pause Young (Normal) (G1 Evacuation Pause) 709M->693M(1490M) 27.678ms
[2026-04-03T01:02:54.045+0600][15.971s][info][gc,cpu      ] GC(35) User=0.26s Sys=0.00s Real=0.03s
[2026-04-03T01:02:54.372+0600][16.299s][info][gc,start    ] GC(36) Pause Young (Concurrent Start) (G1 Evacuation Pause)
[2026-04-03T01:02:54.372+0600][16.299s][info][gc,task     ] GC(36) Using 10 workers of 10 for evacuation
[2026-04-03T01:02:54.383+0600][16.309s][info][gc,phases   ] GC(36)   Pre Evacuate Collection Set: 0.45ms
[2026-04-03T01:02:54.383+0600][16.309s][info][gc,phases   ] GC(36)   Merge Heap Roots: 0.09ms
[2026-04-03T01:02:54.383+0600][16.309s][info][gc,phases   ] GC(36)   Evacuate Collection Set: 6.83ms
[2026-04-03T01:02:54.383+0600][16.309s][info][gc,phases   ] GC(36)   Post Evacuate Collection Set: 3.10ms
[2026-04-03T01:02:54.383+0600][16.309s][info][gc,phases   ] GC(36)   Other: 0.10ms
[2026-04-03T01:02:54.383+0600][16.309s][info][gc,heap     ] GC(36) Eden regions: 74->0(56)
[2026-04-03T01:02:54.383+0600][16.309s][info][gc,heap     ] GC(36) Survivor regions: 5->5(10)
[2026-04-03T01:02:54.383+0600][16.309s][info][gc,heap     ] GC(36) Old regions: 334->334
[2026-04-03T01:02:54.383+0600][16.309s][info][gc,heap     ] GC(36) Humongous regions: 8->8
[2026-04-03T01:02:54.383+0600][16.309s][info][gc,metaspace] GC(36) Metaspace: 9166K(9408K)->9166K(9408K) NonClass: 8317K(8448K)->8317K(8448K) Class: 848K(960K)->848K(960K)
[2026-04-03T01:02:54.383+0600][16.309s][info][gc          ] GC(36) Pause Young (Concurrent Start) (G1 Evacuation Pause) 841M->692M(1978M) 10.814ms
[2026-04-03T01:02:54.383+0600][16.310s][info][gc,cpu      ] GC(36) User=0.07s Sys=0.00s Real=0.01s
[2026-04-03T01:02:54.383+0600][16.310s][info][gc          ] GC(37) Concurrent Mark Cycle
[2026-04-03T01:02:54.383+0600][16.310s][info][gc,marking  ] GC(37) Concurrent Scan Root Regions
[2026-04-03T01:02:54.406+0600][16.332s][info][gc,marking  ] GC(37) Concurrent Scan Root Regions 22.529ms
[2026-04-03T01:02:54.406+0600][16.332s][info][gc,marking  ] GC(37) Concurrent Mark
[2026-04-03T01:02:54.406+0600][16.332s][info][gc,marking  ] GC(37) Concurrent Mark From Roots
[2026-04-03T01:02:54.406+0600][16.332s][info][gc,task     ] GC(37) Using 3 workers of 3 for marking
[2026-04-03T01:02:54.862+0600][16.788s][info][gc,start    ] GC(38) Pause Young (Normal) (G1 Evacuation Pause)
[2026-04-03T01:02:54.862+0600][16.788s][info][gc,task     ] GC(38) Using 10 workers of 10 for evacuation
[2026-04-03T01:02:54.872+0600][16.799s][info][gc,phases   ] GC(38)   Pre Evacuate Collection Set: 0.63ms
[2026-04-03T01:02:54.872+0600][16.799s][info][gc,phases   ] GC(38)   Merge Heap Roots: 0.20ms
[2026-04-03T01:02:54.872+0600][16.799s][info][gc,phases   ] GC(38)   Evacuate Collection Set: 8.67ms
[2026-04-03T01:02:54.872+0600][16.799s][info][gc,phases   ] GC(38)   Post Evacuate Collection Set: 0.74ms
[2026-04-03T01:02:54.872+0600][16.799s][info][gc,phases   ] GC(38)   Other: 0.20ms
[2026-04-03T01:02:54.872+0600][16.799s][info][gc,heap     ] GC(38) Eden regions: 66->0(62)
[2026-04-03T01:02:54.872+0600][16.799s][info][gc,heap     ] GC(38) Survivor regions: 5->4(9)
[2026-04-03T01:02:54.872+0600][16.799s][info][gc,heap     ] GC(38) Old regions: 334->334
[2026-04-03T01:02:54.872+0600][16.799s][info][gc,heap     ] GC(38) Humongous regions: 8->8
[2026-04-03T01:02:54.872+0600][16.799s][info][gc,metaspace] GC(38) Metaspace: 9166K(9408K)->9166K(9408K) NonClass: 8317K(8448K)->8317K(8448K) Class: 848K(960K)->848K(960K)
[2026-04-03T01:02:54.873+0600][16.799s][info][gc          ] GC(38) Pause Young (Normal) (G1 Evacuation Pause) 824M->690M(1978M) 10.816ms
[2026-04-03T01:02:54.873+0600][16.799s][info][gc,cpu      ] GC(38) User=0.08s Sys=0.01s Real=0.01s
[2026-04-03T01:02:54.888+0600][16.815s][info][gc,marking  ] GC(37) Concurrent Mark From Roots 482.308ms
[2026-04-03T01:02:54.888+0600][16.815s][info][gc,marking  ] GC(37) Concurrent Preclean
[2026-04-03T01:02:54.888+0600][16.815s][info][gc,marking  ] GC(37) Concurrent Preclean 0.041ms
[2026-04-03T01:02:54.889+0600][16.815s][info][gc,start    ] GC(37) Pause Remark
[2026-04-03T01:02:54.892+0600][16.818s][info][gc          ] GC(37) Pause Remark 696M->674M(1978M) 3.144ms
[2026-04-03T01:02:54.892+0600][16.818s][info][gc,cpu      ] GC(37) User=0.01s Sys=0.01s Real=0.01s
[2026-04-03T01:02:54.892+0600][16.819s][info][gc,marking  ] GC(37) Concurrent Mark 486.155ms
[2026-04-03T01:02:54.892+0600][16.819s][info][gc,marking  ] GC(37) Concurrent Rebuild Remembered Sets and Scrub Regions
[2026-04-03T01:02:55.183+0600][17.110s][info][gc,start    ] GC(39) Pause Young (Normal) (G1 Evacuation Pause)
[2026-04-03T01:02:55.183+0600][17.110s][info][gc,task     ] GC(39) Using 10 workers of 10 for evacuation
[2026-04-03T01:02:55.191+0600][17.117s][info][gc,phases   ] GC(39)   Pre Evacuate Collection Set: 0.48ms
[2026-04-03T01:02:55.191+0600][17.117s][info][gc,phases   ] GC(39)   Merge Heap Roots: 0.13ms
[2026-04-03T01:02:55.191+0600][17.117s][info][gc,phases   ] GC(39)   Evacuate Collection Set: 5.82ms
[2026-04-03T01:02:55.191+0600][17.117s][info][gc,phases   ] GC(39)   Post Evacuate Collection Set: 0.59ms
[2026-04-03T01:02:55.191+0600][17.117s][info][gc,phases   ] GC(39)   Other: 0.10ms
[2026-04-03T01:02:55.191+0600][17.117s][info][gc,heap     ] GC(39) Eden regions: 68->0(78)
[2026-04-03T01:02:55.191+0600][17.117s][info][gc,heap     ] GC(39) Survivor regions: 4->4(9)
[2026-04-03T01:02:55.191+0600][17.117s][info][gc,heap     ] GC(39) Old regions: 329->329
[2026-04-03T01:02:55.191+0600][17.117s][info][gc,heap     ] GC(39) Humongous regions: 2->2
[2026-04-03T01:02:55.191+0600][17.117s][info][gc,metaspace] GC(39) Metaspace: 9166K(9408K)->9166K(9408K) NonClass: 8317K(8448K)->8317K(8448K) Class: 848K(960K)->848K(960K)
[2026-04-03T01:02:55.191+0600][17.117s][info][gc          ] GC(39) Pause Young (Normal) (G1 Evacuation Pause) 804M->668M(1978M) 7.347ms
[2026-04-03T01:02:55.191+0600][17.117s][info][gc,cpu      ] GC(39) User=0.05s Sys=0.01s Real=0.01s
[2026-04-03T01:02:55.386+0600][17.313s][info][gc,marking  ] GC(37) Concurrent Rebuild Remembered Sets and Scrub Regions 494.078ms
[2026-04-03T01:02:55.386+0600][17.313s][info][gc,start    ] GC(37) Pause Cleanup
[2026-04-03T01:02:55.387+0600][17.314s][info][gc          ] GC(37) Pause Cleanup 759M->759M(1978M) 0.627ms
[2026-04-03T01:02:55.387+0600][17.314s][info][gc,cpu      ] GC(37) User=0.00s Sys=0.00s Real=0.00s
[2026-04-03T01:02:55.387+0600][17.314s][info][gc,marking  ] GC(37) Concurrent Clear Claimed Marks
[2026-04-03T01:02:55.387+0600][17.314s][info][gc,marking  ] GC(37) Concurrent Clear Claimed Marks 0.058ms
[2026-04-03T01:02:55.387+0600][17.314s][info][gc,marking  ] GC(37) Concurrent Cleanup for Next Mark
[2026-04-03T01:02:55.395+0600][17.321s][info][gc,marking  ] GC(37) Concurrent Cleanup for Next Mark 7.441ms
[2026-04-03T01:02:55.395+0600][17.321s][info][gc          ] GC(37) Concurrent Mark Cycle 1011.682ms
[2026-04-03T01:02:55.488+0600][17.415s][info][gc,start    ] GC(40) Pause Young (Prepare Mixed) (G1 Evacuation Pause)
[2026-04-03T01:02:55.488+0600][17.415s][info][gc,task     ] GC(40) Using 10 workers of 10 for evacuation
[2026-04-03T01:02:55.495+0600][17.421s][info][gc,phases   ] GC(40)   Pre Evacuate Collection Set: 0.20ms
[2026-04-03T01:02:55.495+0600][17.421s][info][gc,phases   ] GC(40)   Merge Heap Roots: 0.14ms
[2026-04-03T01:02:55.495+0600][17.421s][info][gc,phases   ] GC(40)   Evacuate Collection Set: 5.54ms
[2026-04-03T01:02:55.495+0600][17.421s][info][gc,phases   ] GC(40)   Post Evacuate Collection Set: 0.36ms
[2026-04-03T01:02:55.495+0600][17.421s][info][gc,phases   ] GC(40)   Other: 0.10ms
[2026-04-03T01:02:55.495+0600][17.421s][info][gc,heap     ] GC(40) Eden regions: 78->0(91)
[2026-04-03T01:02:55.495+0600][17.421s][info][gc,heap     ] GC(40) Survivor regions: 4->5(11)
[2026-04-03T01:02:55.495+0600][17.421s][info][gc,heap     ] GC(40) Old regions: 329->329
[2026-04-03T01:02:55.495+0600][17.421s][info][gc,heap     ] GC(40) Humongous regions: 2->2
[2026-04-03T01:02:55.495+0600][17.421s][info][gc,metaspace] GC(40) Metaspace: 9166K(9408K)->9166K(9408K) NonClass: 8317K(8448K)->8317K(8448K) Class: 848K(960K)->848K(960K)
[2026-04-03T01:02:55.495+0600][17.421s][info][gc          ] GC(40) Pause Young (Prepare Mixed) (G1 Evacuation Pause) 824M->669M(1978M) 6.566ms
[2026-04-03T01:02:55.495+0600][17.421s][info][gc,cpu      ] GC(40) User=0.06s Sys=0.00s Real=0.01s
[2026-04-03T01:02:55.808+0600][17.735s][info][gc,start    ] GC(41) Pause Young (Mixed) (G1 Evacuation Pause)
[2026-04-03T01:02:55.808+0600][17.735s][info][gc,task     ] GC(41) Using 10 workers of 10 for evacuation
[2026-04-03T01:02:55.814+0600][17.741s][info][gc,phases   ] GC(41)   Pre Evacuate Collection Set: 0.42ms
[2026-04-03T01:02:55.814+0600][17.741s][info][gc,phases   ] GC(41)   Merge Heap Roots: 0.10ms
[2026-04-03T01:02:55.814+0600][17.741s][info][gc,phases   ] GC(41)   Evacuate Collection Set: 4.51ms
[2026-04-03T01:02:55.814+0600][17.741s][info][gc,phases   ] GC(41)   Merge Optional Heap Roots: 0.18ms
[2026-04-03T01:02:55.814+0600][17.741s][info][gc,phases   ] GC(41)   Evacuate Optional Collection Set: 0.33ms
[2026-04-03T01:02:55.814+0600][17.741s][info][gc,phases   ] GC(41)   Post Evacuate Collection Set: 0.55ms
[2026-04-03T01:02:55.814+0600][17.741s][info][gc,phases   ] GC(41)   Other: 0.09ms
[2026-04-03T01:02:55.814+0600][17.741s][info][gc,heap     ] GC(41) Eden regions: 97->0(106)
[2026-04-03T01:02:55.814+0600][17.741s][info][gc,heap     ] GC(41) Survivor regions: 5->5(13)
[2026-04-03T01:02:55.814+0600][17.741s][info][gc,heap     ] GC(41) Old regions: 329->324
[2026-04-03T01:02:55.814+0600][17.741s][info][gc,heap     ] GC(41) Humongous regions: 2->2
[2026-04-03T01:02:55.814+0600][17.741s][info][gc,metaspace] GC(41) Metaspace: 9166K(9408K)->9166K(9408K) NonClass: 8317K(8448K)->8317K(8448K) Class: 848K(960K)->848K(960K)
[2026-04-03T01:02:55.814+0600][17.741s][info][gc          ] GC(41) Pause Young (Mixed) (G1 Evacuation Pause) 863M->659M(1978M) 6.395ms
[2026-04-03T01:02:55.814+0600][17.741s][info][gc,cpu      ] GC(41) User=0.04s Sys=0.01s Real=0.01s
[2026-04-03T01:02:56.115+0600][18.042s][info][gc,start    ] GC(42) Pause Young (Mixed) (G1 Evacuation Pause)
[2026-04-03T01:02:56.115+0600][18.042s][info][gc,task     ] GC(42) Using 10 workers of 10 for evacuation
[2026-04-03T01:02:56.123+0600][18.049s][info][gc,phases   ] GC(42)   Pre Evacuate Collection Set: 0.32ms
[2026-04-03T01:02:56.123+0600][18.049s][info][gc,phases   ] GC(42)   Merge Heap Roots: 0.15ms
[2026-04-03T01:02:56.123+0600][18.049s][info][gc,phases   ] GC(42)   Evacuate Collection Set: 5.64ms
[2026-04-03T01:02:56.123+0600][18.049s][info][gc,phases   ] GC(42)   Merge Optional Heap Roots: 0.12ms
[2026-04-03T01:02:56.123+0600][18.049s][info][gc,phases   ] GC(42)   Evacuate Optional Collection Set: 0.38ms
[2026-04-03T01:02:56.123+0600][18.049s][info][gc,phases   ] GC(42)   Post Evacuate Collection Set: 0.57ms
[2026-04-03T01:02:56.123+0600][18.049s][info][gc,phases   ] GC(42)   Other: 0.10ms
[2026-04-03T01:02:56.123+0600][18.049s][info][gc,heap     ] GC(42) Eden regions: 113->0(117)
[2026-04-03T01:02:56.123+0600][18.049s][info][gc,heap     ] GC(42) Survivor regions: 5->7(15)
[2026-04-03T01:02:56.123+0600][18.049s][info][gc,heap     ] GC(42) Old regions: 324->318
[2026-04-03T01:02:56.123+0600][18.049s][info][gc,heap     ] GC(42) Humongous regions: 2->2
[2026-04-03T01:02:56.123+0600][18.049s][info][gc,metaspace] GC(42) Metaspace: 9166K(9408K)->9166K(9408K) NonClass: 8317K(8448K)->8317K(8448K) Class: 848K(960K)->848K(960K)
[2026-04-03T01:02:56.123+0600][18.049s][info][gc          ] GC(42) Pause Young (Mixed) (G1 Evacuation Pause) 885M->650M(1978M) 7.589ms
[2026-04-03T01:02:56.123+0600][18.049s][info][gc,cpu      ] GC(42) User=0.05s Sys=0.01s Real=0.01s
[2026-04-03T01:02:56.281+0600][18.207s][info][gc,start    ] GC(43) Pause Full (System.gc())
[2026-04-03T01:02:56.281+0600][18.207s][info][gc,task     ] GC(43) Using 10 workers of 10 for full compaction
[2026-04-03T01:02:56.281+0600][18.208s][info][gc,phases,start] GC(43) Phase 1: Mark live objects
[2026-04-03T01:02:56.470+0600][18.396s][info][gc,phases      ] GC(43) Phase 1: Mark live objects 188.631ms
[2026-04-03T01:02:56.470+0600][18.396s][info][gc,phases,start] GC(43) Phase 2: Prepare compaction
[2026-04-03T01:02:56.502+0600][18.428s][info][gc,phases      ] GC(43) Phase 2: Prepare compaction 31.646ms
[2026-04-03T01:02:56.502+0600][18.428s][info][gc,phases,start] GC(43) Phase 3: Adjust pointers
[2026-04-03T01:02:56.605+0600][18.532s][info][gc,phases      ] GC(43) Phase 3: Adjust pointers 103.522ms
[2026-04-03T01:02:56.605+0600][18.532s][info][gc,phases,start] GC(43) Phase 4: Compact heap
[2026-04-03T01:02:56.652+0600][18.578s][info][gc,phases      ] GC(43) Phase 4: Compact heap 46.225ms
[2026-04-03T01:02:56.652+0600][18.578s][info][gc,phases,start] GC(43) Phase 5: Reset Metadata
[2026-04-03T01:02:56.666+0600][18.592s][info][gc,phases      ] GC(43) Phase 5: Reset Metadata 13.721ms
[2026-04-03T01:02:56.671+0600][18.597s][info][gc,heap        ] GC(43) Eden regions: 66->0(138)
[2026-04-03T01:02:56.671+0600][18.597s][info][gc,heap        ] GC(43) Survivor regions: 7->0(15)
[2026-04-03T01:02:56.671+0600][18.597s][info][gc,heap        ] GC(43) Old regions: 318->226
[2026-04-03T01:02:56.671+0600][18.597s][info][gc,heap        ] GC(43) Humongous regions: 2->2
[2026-04-03T01:02:56.671+0600][18.597s][info][gc,metaspace   ] GC(43) Metaspace: 9195K(9408K)->9195K(9408K) NonClass: 8343K(8448K)->8343K(8448K) Class: 852K(960K)->852K(960K)
[2026-04-03T01:02:56.671+0600][18.597s][info][gc             ] GC(43) Pause Full (System.gc()) 781M->445M(1520M) 389.936ms
[2026-04-03T01:02:56.671+0600][18.597s][info][gc,cpu         ] GC(43) User=3.53s Sys=0.07s Real=0.39s
[2026-04-03T01:02:58.054+0600][19.981s][info][gc,start       ] GC(44) Pause Young (Normal) (G1 Evacuation Pause)
[2026-04-03T01:02:58.054+0600][19.981s][info][gc,task        ] GC(44) Using 10 workers of 10 for evacuation
[2026-04-03T01:02:58.072+0600][19.998s][info][gc,phases      ] GC(44)   Pre Evacuate Collection Set: 0.94ms
[2026-04-03T01:02:58.072+0600][19.998s][info][gc,phases      ] GC(44)   Merge Heap Roots: 0.26ms
[2026-04-03T01:02:58.072+0600][19.998s][info][gc,phases      ] GC(44)   Evacuate Collection Set: 14.74ms
[2026-04-03T01:02:58.072+0600][19.998s][info][gc,phases      ] GC(44)   Post Evacuate Collection Set: 1.09ms
[2026-04-03T01:02:58.072+0600][19.998s][info][gc,phases      ] GC(44)   Other: 0.18ms
[2026-04-03T01:02:58.072+0600][19.998s][info][gc,heap        ] GC(44) Eden regions: 149->0(133)
[2026-04-03T01:02:58.072+0600][19.998s][info][gc,heap        ] GC(44) Survivor regions: 0->5(19)
[2026-04-03T01:02:58.072+0600][19.998s][info][gc,heap        ] GC(44) Old regions: 226->226
[2026-04-03T01:02:58.072+0600][19.998s][info][gc,heap        ] GC(44) Humongous regions: 2->2
[2026-04-03T01:02:58.072+0600][19.998s][info][gc,metaspace   ] GC(44) Metaspace: 10124K(10304K)->10124K(10304K) NonClass: 9238K(9344K)->9238K(9344K) Class: 886K(960K)->886K(960K)
[2026-04-03T01:02:58.072+0600][19.998s][info][gc             ] GC(44) Pause Young (Normal) (G1 Evacuation Pause) 743M->455M(1520M) 17.710ms
[2026-04-03T01:02:58.072+0600][19.999s][info][gc,cpu         ] GC(44) User=0.08s Sys=0.00s Real=0.02s
[2026-04-03T01:02:58.872+0600][20.798s][info][gc,start       ] GC(45) Pause Young (Normal) (G1 Evacuation Pause)
[2026-04-03T01:02:58.872+0600][20.798s][info][gc,task        ] GC(45) Using 10 workers of 10 for evacuation
[2026-04-03T01:02:58.883+0600][20.810s][info][gc,phases      ] GC(45)   Pre Evacuate Collection Set: 0.49ms
[2026-04-03T01:02:58.883+0600][20.810s][info][gc,phases      ] GC(45)   Merge Heap Roots: 0.40ms
[2026-04-03T01:02:58.883+0600][20.810s][info][gc,phases      ] GC(45)   Evacuate Collection Set: 8.99ms
[2026-04-03T01:02:58.883+0600][20.810s][info][gc,phases      ] GC(45)   Post Evacuate Collection Set: 1.19ms
[2026-04-03T01:02:58.883+0600][20.810s][info][gc,phases      ] GC(45)   Other: 0.18ms
[2026-04-03T01:02:58.883+0600][20.810s][info][gc,heap        ] GC(45) Eden regions: 141->0(142)
[2026-04-03T01:02:58.883+0600][20.810s][info][gc,heap        ] GC(45) Survivor regions: 5->7(19)
[2026-04-03T01:02:58.883+0600][20.810s][info][gc,heap        ] GC(45) Old regions: 226->226
[2026-04-03T01:02:58.883+0600][20.810s][info][gc,heap        ] GC(45) Humongous regions: 2->2
[2026-04-03T01:02:58.883+0600][20.810s][info][gc,metaspace   ] GC(45) Metaspace: 10178K(10368K)->10178K(10368K) NonClass: 9292K(9408K)->9292K(9408K) Class: 886K(960K)->886K(960K)
[2026-04-03T01:02:58.883+0600][20.810s][info][gc             ] GC(45) Pause Young (Normal) (G1 Evacuation Pause) 737M->459M(1520M) 11.718ms
[2026-04-03T01:02:58.883+0600][20.810s][info][gc,cpu         ] GC(45) User=0.09s Sys=0.00s Real=0.01s
[2026-04-03T01:02:59.397+0600][21.324s][info][gc,start       ] GC(46) Pause Young (Normal) (G1 Evacuation Pause)
[2026-04-03T01:02:59.397+0600][21.324s][info][gc,task        ] GC(46) Using 10 workers of 10 for evacuation
[2026-04-03T01:02:59.410+0600][21.337s][info][gc,phases      ] GC(46)   Pre Evacuate Collection Set: 0.56ms
[2026-04-03T01:02:59.410+0600][21.337s][info][gc,phases      ] GC(46)   Merge Heap Roots: 0.23ms
[2026-04-03T01:02:59.410+0600][21.337s][info][gc,phases      ] GC(46)   Evacuate Collection Set: 11.25ms
[2026-04-03T01:02:59.410+0600][21.337s][info][gc,phases      ] GC(46)   Post Evacuate Collection Set: 1.01ms
[2026-04-03T01:02:59.410+0600][21.337s][info][gc,phases      ] GC(46)   Other: 0.14ms
[2026-04-03T01:02:59.410+0600][21.337s][info][gc,heap        ] GC(46) Eden regions: 151->0(163)
[2026-04-03T01:02:59.411+0600][21.337s][info][gc,heap        ] GC(46) Survivor regions: 7->9(20)
[2026-04-03T01:02:59.411+0600][21.337s][info][gc,heap        ] GC(46) Old regions: 226->226
[2026-04-03T01:02:59.411+0600][21.337s][info][gc,heap        ] GC(46) Humongous regions: 2->2
[2026-04-03T01:02:59.411+0600][21.337s][info][gc,metaspace   ] GC(46) Metaspace: 10198K(10368K)->10198K(10368K) NonClass: 9310K(9408K)->9310K(9408K) Class: 887K(960K)->887K(960K)
[2026-04-03T01:02:59.411+0600][21.337s][info][gc             ] GC(46) Pause Young (Normal) (G1 Evacuation Pause) 761M->463M(1520M) 13.579ms
[2026-04-03T01:02:59.411+0600][21.337s][info][gc,cpu         ] GC(46) User=0.11s Sys=0.01s Real=0.02s
[2026-04-03T01:03:00.072+0600][21.999s][info][gc,start       ] GC(47) Pause Young (Normal) (G1 Evacuation Pause)
[2026-04-03T01:03:00.073+0600][21.999s][info][gc,task        ] GC(47) Using 10 workers of 10 for evacuation
[2026-04-03T01:03:00.087+0600][22.014s][info][gc,phases      ] GC(47)   Pre Evacuate Collection Set: 0.42ms
[2026-04-03T01:03:00.087+0600][22.014s][info][gc,phases      ] GC(47)   Merge Heap Roots: 0.23ms
[2026-04-03T01:03:00.087+0600][22.014s][info][gc,phases      ] GC(47)   Evacuate Collection Set: 13.08ms
[2026-04-03T01:03:00.087+0600][22.014s][info][gc,phases      ] GC(47)   Post Evacuate Collection Set: 0.79ms
[2026-04-03T01:03:00.087+0600][22.014s][info][gc,phases      ] GC(47)   Other: 0.14ms
[2026-04-03T01:03:00.087+0600][22.014s][info][gc,heap        ] GC(47) Eden regions: 173->0(193)
[2026-04-03T01:03:00.087+0600][22.014s][info][gc,heap        ] GC(47) Survivor regions: 9->11(23)
[2026-04-03T01:03:00.087+0600][22.014s][info][gc,heap        ] GC(47) Old regions: 226->226
[2026-04-03T01:03:00.087+0600][22.014s][info][gc,heap        ] GC(47) Humongous regions: 2->2
[2026-04-03T01:03:00.087+0600][22.014s][info][gc,metaspace   ] GC(47) Metaspace: 10205K(10368K)->10205K(10368K) NonClass: 9317K(9408K)->9317K(9408K) Class: 887K(960K)->887K(960K)
[2026-04-03T01:03:00.087+0600][22.014s][info][gc             ] GC(47) Pause Young (Normal) (G1 Evacuation Pause) 809M->466M(1520M) 15.007ms
[2026-04-03T01:03:00.087+0600][22.014s][info][gc,cpu         ] GC(47) User=0.14s Sys=0.00s Real=0.01s
[2026-04-03T01:03:00.766+0600][22.693s][info][gc,start       ] GC(48) Pause Young (Normal) (G1 Evacuation Pause)
[2026-04-03T01:03:00.766+0600][22.693s][info][gc,task        ] GC(48) Using 10 workers of 10 for evacuation
[2026-04-03T01:03:00.784+0600][22.710s][info][gc,phases      ] GC(48)   Pre Evacuate Collection Set: 0.43ms
[2026-04-03T01:03:00.784+0600][22.710s][info][gc,phases      ] GC(48)   Merge Heap Roots: 0.32ms
[2026-04-03T01:03:00.784+0600][22.710s][info][gc,phases      ] GC(48)   Evacuate Collection Set: 15.61ms
[2026-04-03T01:03:00.784+0600][22.710s][info][gc,phases      ] GC(48)   Post Evacuate Collection Set: 0.95ms
[2026-04-03T01:03:00.784+0600][22.710s][info][gc,phases      ] GC(48)   Other: 0.15ms
[2026-04-03T01:03:00.784+0600][22.710s][info][gc,heap        ] GC(48) Eden regions: 203->0(221)
[2026-04-03T01:03:00.784+0600][22.711s][info][gc,heap        ] GC(48) Survivor regions: 11->13(27)
[2026-04-03T01:03:00.784+0600][22.711s][info][gc,heap        ] GC(48) Old regions: 226->226
[2026-04-03T01:03:00.784+0600][22.711s][info][gc,heap        ] GC(48) Humongous regions: 2->2
[2026-04-03T01:03:00.784+0600][22.711s][info][gc,metaspace   ] GC(48) Metaspace: 10205K(10368K)->10205K(10368K) NonClass: 9317K(9408K)->9317K(9408K) Class: 887K(960K)->887K(960K)
[2026-04-03T01:03:00.784+0600][22.711s][info][gc             ] GC(48) Pause Young (Normal) (G1 Evacuation Pause) 872M->471M(1520M) 17.853ms
[2026-04-03T01:03:00.784+0600][22.711s][info][gc,cpu         ] GC(48) User=0.14s Sys=0.00s Real=0.02s
[2026-04-03T01:03:01.509+0600][23.436s][info][gc,start       ] GC(49) Pause Young (Normal) (G1 Evacuation Pause)
[2026-04-03T01:03:01.509+0600][23.436s][info][gc,task        ] GC(49) Using 10 workers of 10 for evacuation
[2026-04-03T01:03:01.532+0600][23.459s][info][gc,phases      ] GC(49)   Pre Evacuate Collection Set: 0.58ms
[2026-04-03T01:03:01.532+0600][23.459s][info][gc,phases      ] GC(49)   Merge Heap Roots: 0.33ms
[2026-04-03T01:03:01.532+0600][23.459s][info][gc,phases      ] GC(49)   Evacuate Collection Set: 21.16ms
[2026-04-03T01:03:01.532+0600][23.459s][info][gc,phases      ] GC(49)   Post Evacuate Collection Set: 0.93ms
[2026-04-03T01:03:01.532+0600][23.459s][info][gc,phases      ] GC(49)   Other: 0.18ms
[2026-04-03T01:03:01.532+0600][23.459s][info][gc,heap        ] GC(49) Eden regions: 230->0(243)
[2026-04-03T01:03:01.533+0600][23.459s][info][gc,heap        ] GC(49) Survivor regions: 13->16(31)
[2026-04-03T01:03:01.533+0600][23.459s][info][gc,heap        ] GC(49) Old regions: 226->226
[2026-04-03T01:03:01.533+0600][23.459s][info][gc,heap        ] GC(49) Humongous regions: 2->2
[2026-04-03T01:03:01.533+0600][23.459s][info][gc,metaspace   ] GC(49) Metaspace: 10206K(10368K)->10206K(10368K) NonClass: 9318K(9408K)->9318K(9408K) Class: 887K(960K)->887K(960K)
[2026-04-03T01:03:01.533+0600][23.459s][info][gc             ] GC(49) Pause Young (Normal) (G1 Evacuation Pause) 931M->476M(1520M) 23.568ms
[2026-04-03T01:03:01.533+0600][23.459s][info][gc,cpu         ] GC(49) User=0.19s Sys=0.00s Real=0.03s
[2026-04-03T01:03:02.257+0600][24.183s][info][gc,start       ] GC(50) Pause Young (Normal) (G1 Evacuation Pause)
[2026-04-03T01:03:02.257+0600][24.184s][info][gc,task        ] GC(50) Using 10 workers of 10 for evacuation
[2026-04-03T01:03:02.280+0600][24.207s][info][gc,phases      ] GC(50)   Pre Evacuate Collection Set: 0.42ms
[2026-04-03T01:03:02.280+0600][24.207s][info][gc,phases      ] GC(50)   Merge Heap Roots: 0.40ms
[2026-04-03T01:03:02.280+0600][24.207s][info][gc,phases      ] GC(50)   Evacuate Collection Set: 20.39ms
[2026-04-03T01:03:02.280+0600][24.207s][info][gc,phases      ] GC(50)   Post Evacuate Collection Set: 1.68ms
[2026-04-03T01:03:02.280+0600][24.207s][info][gc,phases      ] GC(50)   Other: 0.16ms
[2026-04-03T01:03:02.280+0600][24.207s][info][gc,heap        ] GC(50) Eden regions: 252->0(271)
[2026-04-03T01:03:02.280+0600][24.207s][info][gc,heap        ] GC(50) Survivor regions: 16->18(34)
[2026-04-03T01:03:02.280+0600][24.207s][info][gc,heap        ] GC(50) Old regions: 226->226
[2026-04-03T01:03:02.280+0600][24.207s][info][gc,heap        ] GC(50) Humongous regions: 2->2
[2026-04-03T01:03:02.280+0600][24.207s][info][gc,metaspace   ] GC(50) Metaspace: 10207K(10368K)->10207K(10368K) NonClass: 9319K(9408K)->9319K(9408K) Class: 887K(960K)->887K(960K)
[2026-04-03T01:03:02.280+0600][24.207s][info][gc             ] GC(50) Pause Young (Normal) (G1 Evacuation Pause) 980M->480M(1662M) 23.415ms
[2026-04-03T01:03:02.280+0600][24.207s][info][gc,cpu         ] GC(50) User=0.21s Sys=0.00s Real=0.03s
[2026-04-03T01:03:03.066+0600][24.993s][info][gc,start       ] GC(51) Pause Young (Normal) (G1 Evacuation Pause)
[2026-04-03T01:03:03.067+0600][24.993s][info][gc,task        ] GC(51) Using 10 workers of 10 for evacuation
[2026-04-03T01:03:03.093+0600][25.020s][info][gc,phases      ] GC(51)   Pre Evacuate Collection Set: 0.70ms
[2026-04-03T01:03:03.093+0600][25.020s][info][gc,phases      ] GC(51)   Merge Heap Roots: 0.41ms
[2026-04-03T01:03:03.093+0600][25.020s][info][gc,phases      ] GC(51)   Evacuate Collection Set: 24.14ms
[2026-04-03T01:03:03.093+0600][25.020s][info][gc,phases      ] GC(51)   Post Evacuate Collection Set: 0.96ms
[2026-04-03T01:03:03.093+0600][25.020s][info][gc,phases      ] GC(51)   Other: 0.16ms
[2026-04-03T01:03:03.093+0600][25.020s][info][gc,heap        ] GC(51) Eden regions: 280->0(294)
[2026-04-03T01:03:03.093+0600][25.020s][info][gc,heap        ] GC(51) Survivor regions: 18->20(38)
[2026-04-03T01:03:03.093+0600][25.020s][info][gc,heap        ] GC(51) Old regions: 226->226
[2026-04-03T01:03:03.093+0600][25.020s][info][gc,heap        ] GC(51) Humongous regions: 2->2
[2026-04-03T01:03:03.093+0600][25.020s][info][gc,metaspace   ] GC(51) Metaspace: 10214K(10368K)->10214K(10368K) NonClass: 9326K(9408K)->9326K(9408K) Class: 888K(960K)->888K(960K)
[2026-04-03T01:03:03.093+0600][25.020s][info][gc             ] GC(51) Pause Young (Normal) (G1 Evacuation Pause) 1040M->485M(1662M) 26.711ms
[2026-04-03T01:03:03.093+0600][25.020s][info][gc,cpu         ] GC(51) User=0.24s Sys=0.01s Real=0.03s
[2026-04-03T01:03:03.792+0600][25.719s][info][gc,start       ] GC(52) Pause Young (Normal) (G1 Evacuation Pause)
[2026-04-03T01:03:03.792+0600][25.719s][info][gc,task        ] GC(52) Using 10 workers of 10 for evacuation
[2026-04-03T01:03:03.823+0600][25.749s][info][gc,phases      ] GC(52)   Pre Evacuate Collection Set: 0.38ms
[2026-04-03T01:03:03.823+0600][25.749s][info][gc,phases      ] GC(52)   Merge Heap Roots: 0.47ms
[2026-04-03T01:03:03.823+0600][25.750s][info][gc,phases      ] GC(52)   Evacuate Collection Set: 28.46ms
[2026-04-03T01:03:03.823+0600][25.750s][info][gc,phases      ] GC(52)   Post Evacuate Collection Set: 1.24ms
[2026-04-03T01:03:03.823+0600][25.750s][info][gc,phases      ] GC(52)   Other: 0.13ms
[2026-04-03T01:03:03.823+0600][25.750s][info][gc,heap        ] GC(52) Eden regions: 302->0(322)
[2026-04-03T01:03:03.823+0600][25.750s][info][gc,heap        ] GC(52) Survivor regions: 20->23(41)
[2026-04-03T01:03:03.823+0600][25.750s][info][gc,heap        ] GC(52) Old regions: 226->226
[2026-04-03T01:03:03.823+0600][25.750s][info][gc,heap        ] GC(52) Humongous regions: 2->2
[2026-04-03T01:03:03.823+0600][25.750s][info][gc,metaspace   ] GC(52) Metaspace: 10214K(10368K)->10214K(10368K) NonClass: 9326K(9408K)->9326K(9408K) Class: 888K(960K)->888K(960K)
[2026-04-03T01:03:03.823+0600][25.750s][info][gc             ] GC(52) Pause Young (Normal) (G1 Evacuation Pause) 1089M->491M(1662M) 31.059ms
[2026-04-03T01:03:03.823+0600][25.750s][info][gc,cpu         ] GC(52) User=0.28s Sys=0.00s Real=0.03s
[2026-04-03T01:03:04.553+0600][26.480s][info][gc,start       ] GC(53) Pause Young (Normal) (G1 Evacuation Pause)
[2026-04-03T01:03:04.553+0600][26.480s][info][gc,task        ] GC(53) Using 10 workers of 10 for evacuation
[2026-04-03T01:03:04.581+0600][26.508s][info][gc,phases      ] GC(53)   Pre Evacuate Collection Set: 0.53ms
[2026-04-03T01:03:04.582+0600][26.508s][info][gc,phases      ] GC(53)   Merge Heap Roots: 0.40ms
[2026-04-03T01:03:04.582+0600][26.508s][info][gc,phases      ] GC(53)   Evacuate Collection Set: 25.82ms
[2026-04-03T01:03:04.582+0600][26.508s][info][gc,phases      ] GC(53)   Post Evacuate Collection Set: 1.14ms
[2026-04-03T01:03:04.582+0600][26.508s][info][gc,phases      ] GC(53)   Other: 0.26ms
[2026-04-03T01:03:04.582+0600][26.508s][info][gc,heap        ] GC(53) Eden regions: 330->0(348)
[2026-04-03T01:03:04.582+0600][26.508s][info][gc,heap        ] GC(53) Survivor regions: 23->25(45)
[2026-04-03T01:03:04.582+0600][26.508s][info][gc,heap        ] GC(53) Old regions: 226->226
[2026-04-03T01:03:04.582+0600][26.508s][info][gc,heap        ] GC(53) Humongous regions: 2->2
[2026-04-03T01:03:04.582+0600][26.508s][info][gc,metaspace   ] GC(53) Metaspace: 10216K(10368K)->10216K(10368K) NonClass: 9327K(9408K)->9327K(9408K) Class: 888K(960K)->888K(960K)
[2026-04-03T01:03:04.582+0600][26.509s][info][gc             ] GC(53) Pause Young (Normal) (G1 Evacuation Pause) 1151M->495M(1662M) 28.650ms
[2026-04-03T01:03:04.582+0600][26.509s][info][gc,cpu         ] GC(53) User=0.26s Sys=0.00s Real=0.03s
[2026-04-03T01:03:05.446+0600][27.373s][info][gc,start       ] GC(54) Pause Young (Normal) (G1 Evacuation Pause)
[2026-04-03T01:03:05.446+0600][27.373s][info][gc,task        ] GC(54) Using 10 workers of 10 for evacuation
[2026-04-03T01:03:05.488+0600][27.414s][info][gc,phases      ] GC(54)   Pre Evacuate Collection Set: 0.84ms
[2026-04-03T01:03:05.488+0600][27.415s][info][gc,phases      ] GC(54)   Merge Heap Roots: 0.48ms
[2026-04-03T01:03:05.488+0600][27.415s][info][gc,phases      ] GC(54)   Evacuate Collection Set: 38.90ms
[2026-04-03T01:03:05.488+0600][27.415s][info][gc,phases      ] GC(54)   Post Evacuate Collection Set: 1.31ms
[2026-04-03T01:03:05.488+0600][27.415s][info][gc,phases      ] GC(54)   Other: 0.19ms
[2026-04-03T01:03:05.488+0600][27.415s][info][gc,heap        ] GC(54) Eden regions: 356->0(305)
[2026-04-03T01:03:05.488+0600][27.415s][info][gc,heap        ] GC(54) Survivor regions: 25->28(48)
[2026-04-03T01:03:05.488+0600][27.415s][info][gc,heap        ] GC(54) Old regions: 226->226
[2026-04-03T01:03:05.488+0600][27.415s][info][gc,heap        ] GC(54) Humongous regions: 2->2
[2026-04-03T01:03:05.488+0600][27.415s][info][gc,metaspace   ] GC(54) Metaspace: 10216K(10368K)->10216K(10368K) NonClass: 9327K(9408K)->9327K(9408K) Class: 888K(960K)->888K(960K)
[2026-04-03T01:03:05.488+0600][27.415s][info][gc             ] GC(54) Pause Young (Normal) (G1 Evacuation Pause) 1207M->501M(1662M) 42.154ms
[2026-04-03T01:03:05.488+0600][27.415s][info][gc,cpu         ] GC(54) User=0.41s Sys=0.01s Real=0.04s
[2026-04-03T01:03:06.159+0600][28.086s][info][gc,start       ] GC(55) Pause Young (Normal) (G1 Evacuation Pause)
[2026-04-03T01:03:06.159+0600][28.086s][info][gc,task        ] GC(55) Using 10 workers of 10 for evacuation
[2026-04-03T01:03:06.191+0600][28.118s][info][gc,phases      ] GC(55)   Pre Evacuate Collection Set: 0.73ms
[2026-04-03T01:03:06.191+0600][28.118s][info][gc,phases      ] GC(55)   Merge Heap Roots: 0.25ms
[2026-04-03T01:03:06.191+0600][28.118s][info][gc,phases      ] GC(55)   Evacuate Collection Set: 29.24ms
[2026-04-03T01:03:06.191+0600][28.118s][info][gc,phases      ] GC(55)   Post Evacuate Collection Set: 1.60ms
[2026-04-03T01:03:06.191+0600][28.118s][info][gc,phases      ] GC(55)   Other: 0.16ms
[2026-04-03T01:03:06.191+0600][28.118s][info][gc,heap        ] GC(55) Eden regions: 312->0(382)
[2026-04-03T01:03:06.191+0600][28.118s][info][gc,heap        ] GC(55) Survivor regions: 28->25(43)
[2026-04-03T01:03:06.191+0600][28.118s][info][gc,heap        ] GC(55) Old regions: 226->231
[2026-04-03T01:03:06.191+0600][28.118s][info][gc,heap        ] GC(55) Humongous regions: 2->2
[2026-04-03T01:03:06.191+0600][28.118s][info][gc,metaspace   ] GC(55) Metaspace: 10216K(10368K)->10216K(10368K) NonClass: 9327K(9408K)->9327K(9408K) Class: 888K(960K)->888K(960K)
[2026-04-03T01:03:06.191+0600][28.118s][info][gc             ] GC(55) Pause Young (Normal) (G1 Evacuation Pause) 1125M->505M(1662M) 32.339ms
[2026-04-03T01:03:06.191+0600][28.118s][info][gc,cpu         ] GC(55) User=0.29s Sys=0.01s Real=0.04s
[2026-04-03T01:03:06.837+0600][28.763s][info][gc,start       ] GC(56) Pause Young (Normal) (G1 Evacuation Pause)
[2026-04-03T01:03:06.837+0600][28.763s][info][gc,task        ] GC(56) Using 10 workers of 10 for evacuation
[2026-04-03T01:03:06.870+0600][28.797s][info][gc,phases      ] GC(56)   Pre Evacuate Collection Set: 0.48ms
[2026-04-03T01:03:06.870+0600][28.797s][info][gc,phases      ] GC(56)   Merge Heap Roots: 0.51ms
[2026-04-03T01:03:06.870+0600][28.797s][info][gc,phases      ] GC(56)   Evacuate Collection Set: 30.97ms
[2026-04-03T01:03:06.870+0600][28.797s][info][gc,phases      ] GC(56)   Post Evacuate Collection Set: 1.37ms
[2026-04-03T01:03:06.870+0600][28.797s][info][gc,phases      ] GC(56)   Other: 0.17ms
[2026-04-03T01:03:06.870+0600][28.797s][info][gc,heap        ] GC(56) Eden regions: 374->0(366)
[2026-04-03T01:03:06.870+0600][28.797s][info][gc,heap        ] GC(56) Survivor regions: 25->28(50)
[2026-04-03T01:03:06.870+0600][28.797s][info][gc,heap        ] GC(56) Old regions: 231->231
[2026-04-03T01:03:06.870+0600][28.797s][info][gc,heap        ] GC(56) Humongous regions: 2->2
[2026-04-03T01:03:06.870+0600][28.797s][info][gc,metaspace   ] GC(56) Metaspace: 10216K(10368K)->10216K(10368K) NonClass: 9327K(9408K)->9327K(9408K) Class: 888K(960K)->888K(960K)
[2026-04-03T01:03:06.871+0600][28.797s][info][gc             ] GC(56) Pause Young (Normal) (G1 Evacuation Pause) 1253M->511M(1662M) 33.891ms
[2026-04-03T01:03:06.871+0600][28.797s][info][gc,cpu         ] GC(56) User=0.34s Sys=0.00s Real=0.04s
[2026-04-03T01:03:07.436+0600][29.362s][info][gc,start       ] GC(57) Pause Young (Normal) (G1 Evacuation Pause)
[2026-04-03T01:03:07.436+0600][29.362s][info][gc,task        ] GC(57) Using 10 workers of 10 for evacuation
[2026-04-03T01:03:07.468+0600][29.395s][info][gc,phases      ] GC(57)   Pre Evacuate Collection Set: 0.44ms
[2026-04-03T01:03:07.468+0600][29.395s][info][gc,phases      ] GC(57)   Merge Heap Roots: 0.44ms
[2026-04-03T01:03:07.468+0600][29.395s][info][gc,phases      ] GC(57)   Evacuate Collection Set: 30.24ms
[2026-04-03T01:03:07.468+0600][29.395s][info][gc,phases      ] GC(57)   Post Evacuate Collection Set: 1.12ms
[2026-04-03T01:03:07.468+0600][29.395s][info][gc,phases      ] GC(57)   Other: 0.17ms
[2026-04-03T01:03:07.468+0600][29.395s][info][gc,heap        ] GC(57) Eden regions: 363->0(456)
[2026-04-03T01:03:07.468+0600][29.395s][info][gc,heap        ] GC(57) Survivor regions: 28->29(49)
[2026-04-03T01:03:07.468+0600][29.395s][info][gc,heap        ] GC(57) Old regions: 231->235
[2026-04-03T01:03:07.468+0600][29.395s][info][gc,heap        ] GC(57) Humongous regions: 2->2
[2026-04-03T01:03:07.468+0600][29.395s][info][gc,metaspace   ] GC(57) Metaspace: 10216K(10368K)->10216K(10368K) NonClass: 9327K(9408K)->9327K(9408K) Class: 888K(960K)->888K(960K)
[2026-04-03T01:03:07.468+0600][29.395s][info][gc             ] GC(57) Pause Young (Normal) (G1 Evacuation Pause) 1237M->518M(1662M) 32.742ms
[2026-04-03T01:03:07.468+0600][29.395s][info][gc,cpu         ] GC(57) User=0.31s Sys=0.01s Real=0.03s
[2026-04-03T01:03:08.109+0600][30.035s][info][gc,start       ] GC(58) Pause Young (Normal) (G1 Evacuation Pause)
[2026-04-03T01:03:08.109+0600][30.035s][info][gc,task        ] GC(58) Using 10 workers of 10 for evacuation
[2026-04-03T01:03:08.142+0600][30.069s][info][gc,phases      ] GC(58)   Pre Evacuate Collection Set: 0.62ms
[2026-04-03T01:03:08.142+0600][30.069s][info][gc,phases      ] GC(58)   Merge Heap Roots: 0.31ms
[2026-04-03T01:03:08.142+0600][30.069s][info][gc,phases      ] GC(58)   Evacuate Collection Set: 30.38ms
[2026-04-03T01:03:08.142+0600][30.069s][info][gc,phases      ] GC(58)   Post Evacuate Collection Set: 1.75ms
[2026-04-03T01:03:08.142+0600][30.069s][info][gc,phases      ] GC(58)   Other: 0.24ms
[2026-04-03T01:03:08.142+0600][30.069s][info][gc,heap        ] GC(58) Eden regions: 455->0(465)
[2026-04-03T01:03:08.142+0600][30.069s][info][gc,heap        ] GC(58) Survivor regions: 29->33(61)
[2026-04-03T01:03:08.142+0600][30.069s][info][gc,heap        ] GC(58) Old regions: 235->235
[2026-04-03T01:03:08.142+0600][30.069s][info][gc,heap        ] GC(58) Humongous regions: 2->2
[2026-04-03T01:03:08.142+0600][30.069s][info][gc,metaspace   ] GC(58) Metaspace: 10216K(10368K)->10216K(10368K) NonClass: 9327K(9408K)->9327K(9408K) Class: 888K(960K)->888K(960K)
[2026-04-03T01:03:08.142+0600][30.069s][info][gc             ] GC(58) Pause Young (Normal) (G1 Evacuation Pause) 1428M->527M(1662M) 33.817ms
[2026-04-03T01:03:08.142+0600][30.069s][info][gc,cpu         ] GC(58) User=0.31s Sys=0.00s Real=0.04s
[2026-04-03T01:03:08.933+0600][30.860s][info][gc,start       ] GC(59) Pause Young (Normal) (G1 Evacuation Pause)
[2026-04-03T01:03:08.933+0600][30.860s][info][gc,task        ] GC(59) Using 10 workers of 10 for evacuation
[2026-04-03T01:03:08.969+0600][30.896s][info][gc,phases      ] GC(59)   Pre Evacuate Collection Set: 0.36ms
[2026-04-03T01:03:08.969+0600][30.896s][info][gc,phases      ] GC(59)   Merge Heap Roots: 0.37ms
[2026-04-03T01:03:08.969+0600][30.896s][info][gc,phases      ] GC(59)   Evacuate Collection Set: 34.06ms
[2026-04-03T01:03:08.969+0600][30.896s][info][gc,phases      ] GC(59)   Post Evacuate Collection Set: 1.35ms
[2026-04-03T01:03:08.970+0600][30.896s][info][gc,phases      ] GC(59)   Other: 0.16ms
[2026-04-03T01:03:08.970+0600][30.896s][info][gc,heap        ] GC(59) Eden regions: 465->0(463)
[2026-04-03T01:03:08.970+0600][30.896s][info][gc,heap        ] GC(59) Survivor regions: 33->35(63)
[2026-04-03T01:03:08.970+0600][30.896s][info][gc,heap        ] GC(59) Old regions: 235->235
[2026-04-03T01:03:08.970+0600][30.896s][info][gc,heap        ] GC(59) Humongous regions: 2->2
[2026-04-03T01:03:08.970+0600][30.896s][info][gc,metaspace   ] GC(59) Metaspace: 10216K(10368K)->10216K(10368K) NonClass: 9327K(9408K)->9327K(9408K) Class: 888K(960K)->888K(960K)
[2026-04-03T01:03:08.970+0600][30.896s][info][gc             ] GC(59) Pause Young (Normal) (G1 Evacuation Pause) 1457M->531M(1662M) 36.616ms
[2026-04-03T01:03:08.970+0600][30.896s][info][gc,cpu         ] GC(59) User=0.33s Sys=0.00s Real=0.03s
[2026-04-03T01:03:09.611+0600][31.538s][info][gc,start       ] GC(60) Pause Young (Normal) (G1 Evacuation Pause)
[2026-04-03T01:03:09.611+0600][31.538s][info][gc,task        ] GC(60) Using 10 workers of 10 for evacuation
[2026-04-03T01:03:09.652+0600][31.579s][info][gc,phases      ] GC(60)   Pre Evacuate Collection Set: 0.49ms
[2026-04-03T01:03:09.652+0600][31.579s][info][gc,phases      ] GC(60)   Merge Heap Roots: 0.33ms
[2026-04-03T01:03:09.652+0600][31.579s][info][gc,phases      ] GC(60)   Evacuate Collection Set: 38.85ms
[2026-04-03T01:03:09.652+0600][31.579s][info][gc,phases      ] GC(60)   Post Evacuate Collection Set: 0.94ms
[2026-04-03T01:03:09.652+0600][31.579s][info][gc,phases      ] GC(60)   Other: 0.15ms
[2026-04-03T01:03:09.652+0600][31.579s][info][gc,heap        ] GC(60) Eden regions: 463->0(462)
[2026-04-03T01:03:09.652+0600][31.579s][info][gc,heap        ] GC(60) Survivor regions: 35->36(63)
[2026-04-03T01:03:09.652+0600][31.579s][info][gc,heap        ] GC(60) Old regions: 235->236
[2026-04-03T01:03:09.652+0600][31.579s][info][gc,heap        ] GC(60) Humongous regions: 2->2
[2026-04-03T01:03:09.652+0600][31.579s][info][gc,metaspace   ] GC(60) Metaspace: 10216K(10368K)->10216K(10368K) NonClass: 9327K(9408K)->9327K(9408K) Class: 888K(960K)->888K(960K)
[2026-04-03T01:03:09.652+0600][31.579s][info][gc             ] GC(60) Pause Young (Normal) (G1 Evacuation Pause) 1457M->537M(1662M) 41.102ms
[2026-04-03T01:03:09.652+0600][31.579s][info][gc,cpu         ] GC(60) User=0.43s Sys=0.00s Real=0.04s
[2026-04-03T01:03:10.276+0600][32.203s][info][gc,start       ] GC(61) Pause Young (Normal) (G1 Evacuation Pause)
[2026-04-03T01:03:10.276+0600][32.203s][info][gc,task        ] GC(61) Using 10 workers of 10 for evacuation
[2026-04-03T01:03:10.319+0600][32.245s][info][gc,phases      ] GC(61)   Pre Evacuate Collection Set: 0.42ms
[2026-04-03T01:03:10.319+0600][32.245s][info][gc,phases      ] GC(61)   Merge Heap Roots: 0.36ms
[2026-04-03T01:03:10.319+0600][32.245s][info][gc,phases      ] GC(61)   Evacuate Collection Set: 39.98ms
[2026-04-03T01:03:10.319+0600][32.245s][info][gc,phases      ] GC(61)   Post Evacuate Collection Set: 1.36ms
[2026-04-03T01:03:10.319+0600][32.245s][info][gc,phases      ] GC(61)   Other: 0.17ms
[2026-04-03T01:03:10.319+0600][32.245s][info][gc,heap        ] GC(61) Eden regions: 462->0(462)
[2026-04-03T01:03:10.319+0600][32.245s][info][gc,heap        ] GC(61) Survivor regions: 36->36(63)
[2026-04-03T01:03:10.319+0600][32.245s][info][gc,heap        ] GC(61) Old regions: 236->240
[2026-04-03T01:03:10.319+0600][32.245s][info][gc,heap        ] GC(61) Humongous regions: 2->2
[2026-04-03T01:03:10.319+0600][32.245s][info][gc,metaspace   ] GC(61) Metaspace: 10216K(10368K)->10216K(10368K) NonClass: 9327K(9408K)->9327K(9408K) Class: 888K(960K)->888K(960K)
[2026-04-03T01:03:10.319+0600][32.245s][info][gc             ] GC(61) Pause Young (Normal) (G1 Evacuation Pause) 1461M->545M(1662M) 42.719ms
[2026-04-03T01:03:10.319+0600][32.245s][info][gc,cpu         ] GC(61) User=0.40s Sys=0.00s Real=0.04s
[2026-04-03T01:03:10.968+0600][32.895s][info][gc,start       ] GC(62) Pause Young (Normal) (G1 Evacuation Pause)
[2026-04-03T01:03:10.968+0600][32.895s][info][gc,task        ] GC(62) Using 10 workers of 10 for evacuation
[2026-04-03T01:03:11.008+0600][32.935s][info][gc,phases      ] GC(62)   Pre Evacuate Collection Set: 0.53ms
[2026-04-03T01:03:11.008+0600][32.935s][info][gc,phases      ] GC(62)   Merge Heap Roots: 0.39ms
[2026-04-03T01:03:11.008+0600][32.935s][info][gc,phases      ] GC(62)   Evacuate Collection Set: 37.17ms
[2026-04-03T01:03:11.008+0600][32.935s][info][gc,phases      ] GC(62)   Post Evacuate Collection Set: 1.48ms
[2026-04-03T01:03:11.008+0600][32.935s][info][gc,phases      ] GC(62)   Other: 0.16ms
[2026-04-03T01:03:11.008+0600][32.935s][info][gc,heap        ] GC(62) Eden regions: 462->0(461)
[2026-04-03T01:03:11.008+0600][32.935s][info][gc,heap        ] GC(62) Survivor regions: 36->37(63)
[2026-04-03T01:03:11.008+0600][32.935s][info][gc,heap        ] GC(62) Old regions: 240->243
[2026-04-03T01:03:11.008+0600][32.935s][info][gc,heap        ] GC(62) Humongous regions: 2->2
[2026-04-03T01:03:11.008+0600][32.935s][info][gc,metaspace   ] GC(62) Metaspace: 10216K(10368K)->10216K(10368K) NonClass: 9327K(9408K)->9327K(9408K) Class: 888K(960K)->888K(960K)
[2026-04-03T01:03:11.008+0600][32.935s][info][gc             ] GC(62) Pause Young (Normal) (G1 Evacuation Pause) 1469M->552M(1662M) 40.083ms
[2026-04-03T01:03:11.008+0600][32.935s][info][gc,cpu         ] GC(62) User=0.37s Sys=0.00s Real=0.04s
[2026-04-03T01:03:11.668+0600][33.595s][info][gc,start       ] GC(63) Pause Young (Normal) (G1 Evacuation Pause)
[2026-04-03T01:03:11.668+0600][33.595s][info][gc,task        ] GC(63) Using 10 workers of 10 for evacuation
[2026-04-03T01:03:11.708+0600][33.635s][info][gc,phases      ] GC(63)   Pre Evacuate Collection Set: 0.63ms
[2026-04-03T01:03:11.708+0600][33.635s][info][gc,phases      ] GC(63)   Merge Heap Roots: 0.33ms
[2026-04-03T01:03:11.708+0600][33.635s][info][gc,phases      ] GC(63)   Evacuate Collection Set: 37.30ms
[2026-04-03T01:03:11.708+0600][33.635s][info][gc,phases      ] GC(63)   Post Evacuate Collection Set: 1.39ms
[2026-04-03T01:03:11.708+0600][33.635s][info][gc,phases      ] GC(63)   Other: 0.16ms
[2026-04-03T01:03:11.708+0600][33.635s][info][gc,heap        ] GC(63) Eden regions: 461->0(461)
[2026-04-03T01:03:11.708+0600][33.635s][info][gc,heap        ] GC(63) Survivor regions: 37->37(63)
[2026-04-03T01:03:11.708+0600][33.635s][info][gc,heap        ] GC(63) Old regions: 243->245
[2026-04-03T01:03:11.708+0600][33.635s][info][gc,heap        ] GC(63) Humongous regions: 2->2
[2026-04-03T01:03:11.708+0600][33.635s][info][gc,metaspace   ] GC(63) Metaspace: 10218K(10368K)->10218K(10368K) NonClass: 9329K(9408K)->9329K(9408K) Class: 888K(960K)->888K(960K)
[2026-04-03T01:03:11.708+0600][33.635s][info][gc             ] GC(63) Pause Young (Normal) (G1 Evacuation Pause) 1474M->557M(1662M) 40.221ms
[2026-04-03T01:03:11.708+0600][33.635s][info][gc,cpu         ] GC(63) User=0.39s Sys=0.00s Real=0.04s
[2026-04-03T01:03:12.412+0600][34.339s][info][gc,start       ] GC(64) Pause Young (Normal) (G1 Evacuation Pause)
[2026-04-03T01:03:12.412+0600][34.339s][info][gc,task        ] GC(64) Using 10 workers of 10 for evacuation
[2026-04-03T01:03:12.454+0600][34.380s][info][gc,phases      ] GC(64)   Pre Evacuate Collection Set: 0.52ms
[2026-04-03T01:03:12.454+0600][34.380s][info][gc,phases      ] GC(64)   Merge Heap Roots: 0.36ms
[2026-04-03T01:03:12.454+0600][34.380s][info][gc,phases      ] GC(64)   Evacuate Collection Set: 39.11ms
[2026-04-03T01:03:12.454+0600][34.380s][info][gc,phases      ] GC(64)   Post Evacuate Collection Set: 1.20ms
[2026-04-03T01:03:12.454+0600][34.380s][info][gc,phases      ] GC(64)   Other: 0.15ms
[2026-04-03T01:03:12.454+0600][34.380s][info][gc,heap        ] GC(64) Eden regions: 461->0(463)
[2026-04-03T01:03:12.454+0600][34.380s][info][gc,heap        ] GC(64) Survivor regions: 37->35(63)
[2026-04-03T01:03:12.454+0600][34.380s][info][gc,heap        ] GC(64) Old regions: 245->250
[2026-04-03T01:03:12.454+0600][34.380s][info][gc,heap        ] GC(64) Humongous regions: 2->2
[2026-04-03T01:03:12.454+0600][34.380s][info][gc,metaspace   ] GC(64) Metaspace: 10219K(10368K)->10219K(10368K) NonClass: 9330K(9408K)->9330K(9408K) Class: 888K(960K)->888K(960K)
[2026-04-03T01:03:12.454+0600][34.380s][info][gc             ] GC(64) Pause Young (Normal) (G1 Evacuation Pause) 1479M->563M(1662M) 41.746ms
[2026-04-03T01:03:12.454+0600][34.380s][info][gc,cpu         ] GC(64) User=0.39s Sys=0.00s Real=0.04s
[2026-04-03T01:03:13.085+0600][35.011s][info][gc,start       ] GC(65) Pause Young (Normal) (G1 Evacuation Pause)
[2026-04-03T01:03:13.085+0600][35.011s][info][gc,task        ] GC(65) Using 10 workers of 10 for evacuation
[2026-04-03T01:03:13.124+0600][35.051s][info][gc,phases      ] GC(65)   Pre Evacuate Collection Set: 0.53ms
[2026-04-03T01:03:13.124+0600][35.051s][info][gc,phases      ] GC(65)   Merge Heap Roots: 0.42ms
[2026-04-03T01:03:13.124+0600][35.051s][info][gc,phases      ] GC(65)   Evacuate Collection Set: 36.90ms
[2026-04-03T01:03:13.124+0600][35.051s][info][gc,phases      ] GC(65)   Post Evacuate Collection Set: 1.29ms
[2026-04-03T01:03:13.124+0600][35.051s][info][gc,phases      ] GC(65)   Other: 0.18ms
[2026-04-03T01:03:13.124+0600][35.051s][info][gc,heap        ] GC(65) Eden regions: 463->0(462)
[2026-04-03T01:03:13.124+0600][35.051s][info][gc,heap        ] GC(65) Survivor regions: 35->36(63)
[2026-04-03T01:03:13.124+0600][35.051s][info][gc,heap        ] GC(65) Old regions: 250->253
[2026-04-03T01:03:13.124+0600][35.051s][info][gc,heap        ] GC(65) Humongous regions: 2->2
[2026-04-03T01:03:13.124+0600][35.051s][info][gc,metaspace   ] GC(65) Metaspace: 10219K(10368K)->10219K(10368K) NonClass: 9330K(9408K)->9330K(9408K) Class: 888K(960K)->888K(960K)
[2026-04-03T01:03:13.124+0600][35.051s][info][gc             ] GC(65) Pause Young (Normal) (G1 Evacuation Pause) 1489M->570M(1662M) 39.737ms
[2026-04-03T01:03:13.124+0600][35.051s][info][gc,cpu         ] GC(65) User=0.37s Sys=0.00s Real=0.04s
[2026-04-03T01:03:13.769+0600][35.696s][info][gc,start       ] GC(66) Pause Young (Normal) (G1 Evacuation Pause)
[2026-04-03T01:03:13.769+0600][35.696s][info][gc,task        ] GC(66) Using 10 workers of 10 for evacuation
[2026-04-03T01:03:13.810+0600][35.737s][info][gc,phases      ] GC(66)   Pre Evacuate Collection Set: 0.49ms
[2026-04-03T01:03:13.810+0600][35.737s][info][gc,phases      ] GC(66)   Merge Heap Roots: 0.37ms
[2026-04-03T01:03:13.810+0600][35.737s][info][gc,phases      ] GC(66)   Evacuate Collection Set: 38.95ms
[2026-04-03T01:03:13.810+0600][35.737s][info][gc,phases      ] GC(66)   Post Evacuate Collection Set: 0.88ms
[2026-04-03T01:03:13.810+0600][35.737s][info][gc,phases      ] GC(66)   Other: 0.16ms
[2026-04-03T01:03:13.810+0600][35.737s][info][gc,heap        ] GC(66) Eden regions: 462->0(460)
[2026-04-03T01:03:13.810+0600][35.737s][info][gc,heap        ] GC(66) Survivor regions: 36->38(63)
[2026-04-03T01:03:13.810+0600][35.737s][info][gc,heap        ] GC(66) Old regions: 253->256
[2026-04-03T01:03:13.810+0600][35.737s][info][gc,heap        ] GC(66) Humongous regions: 2->2
[2026-04-03T01:03:13.810+0600][35.737s][info][gc,metaspace   ] GC(66) Metaspace: 10219K(10368K)->10219K(10368K) NonClass: 9330K(9408K)->9330K(9408K) Class: 888K(960K)->888K(960K)
[2026-04-03T01:03:13.810+0600][35.737s][info][gc             ] GC(66) Pause Young (Normal) (G1 Evacuation Pause) 1494M->580M(1662M) 41.218ms
[2026-04-03T01:03:13.810+0600][35.737s][info][gc,cpu         ] GC(66) User=0.39s Sys=0.00s Real=0.05s
[2026-04-03T01:03:14.454+0600][36.380s][info][gc,start       ] GC(67) Pause Young (Normal) (G1 Evacuation Pause)
[2026-04-03T01:03:14.454+0600][36.381s][info][gc,task        ] GC(67) Using 10 workers of 10 for evacuation
[2026-04-03T01:03:14.494+0600][36.421s][info][gc,phases      ] GC(67)   Pre Evacuate Collection Set: 0.51ms
[2026-04-03T01:03:14.494+0600][36.421s][info][gc,phases      ] GC(67)   Merge Heap Roots: 0.37ms
[2026-04-03T01:03:14.494+0600][36.421s][info][gc,phases      ] GC(67)   Evacuate Collection Set: 37.56ms
[2026-04-03T01:03:14.494+0600][36.421s][info][gc,phases      ] GC(67)   Post Evacuate Collection Set: 1.34ms
[2026-04-03T01:03:14.494+0600][36.421s][info][gc,phases      ] GC(67)   Other: 0.17ms
[2026-04-03T01:03:14.494+0600][36.421s][info][gc,heap        ] GC(67) Eden regions: 460->0(461)
[2026-04-03T01:03:14.494+0600][36.421s][info][gc,heap        ] GC(67) Survivor regions: 38->37(63)
[2026-04-03T01:03:14.494+0600][36.421s][info][gc,heap        ] GC(67) Old regions: 256->260
[2026-04-03T01:03:14.494+0600][36.421s][info][gc,heap        ] GC(67) Humongous regions: 2->2
[2026-04-03T01:03:14.494+0600][36.421s][info][gc,metaspace   ] GC(67) Metaspace: 10219K(10368K)->10219K(10368K) NonClass: 9330K(9408K)->9330K(9408K) Class: 888K(960K)->888K(960K)
[2026-04-03T01:03:14.494+0600][36.421s][info][gc             ] GC(67) Pause Young (Normal) (G1 Evacuation Pause) 1500M->585M(1662M) 40.340ms
[2026-04-03T01:03:14.494+0600][36.421s][info][gc,cpu         ] GC(67) User=0.38s Sys=0.00s Real=0.04s
[2026-04-03T01:03:15.142+0600][37.069s][info][gc,start       ] GC(68) Pause Young (Normal) (G1 Evacuation Pause)
[2026-04-03T01:03:15.143+0600][37.069s][info][gc,task        ] GC(68) Using 10 workers of 10 for evacuation
[2026-04-03T01:03:15.184+0600][37.111s][info][gc,phases      ] GC(68)   Pre Evacuate Collection Set: 0.53ms
[2026-04-03T01:03:15.185+0600][37.111s][info][gc,phases      ] GC(68)   Merge Heap Roots: 0.48ms
[2026-04-03T01:03:15.185+0600][37.111s][info][gc,phases      ] GC(68)   Evacuate Collection Set: 39.58ms
[2026-04-03T01:03:15.185+0600][37.111s][info][gc,phases      ] GC(68)   Post Evacuate Collection Set: 1.08ms
[2026-04-03T01:03:15.185+0600][37.111s][info][gc,phases      ] GC(68)   Other: 0.18ms
[2026-04-03T01:03:15.185+0600][37.111s][info][gc,heap        ] GC(68) Eden regions: 461->0(462)
[2026-04-03T01:03:15.185+0600][37.111s][info][gc,heap        ] GC(68) Survivor regions: 37->36(63)
[2026-04-03T01:03:15.185+0600][37.111s][info][gc,heap        ] GC(68) Old regions: 260->263
[2026-04-03T01:03:15.185+0600][37.111s][info][gc,heap        ] GC(68) Humongous regions: 2->2
[2026-04-03T01:03:15.185+0600][37.111s][info][gc,metaspace   ] GC(68) Metaspace: 10219K(10368K)->10219K(10368K) NonClass: 9330K(9408K)->9330K(9408K) Class: 888K(960K)->888K(960K)
[2026-04-03T01:03:15.185+0600][37.111s][info][gc             ] GC(68) Pause Young (Normal) (G1 Evacuation Pause) 1507M->591M(1662M) 42.172ms
[2026-04-03T01:03:15.185+0600][37.111s][info][gc,cpu         ] GC(68) User=0.44s Sys=0.01s Real=0.04s
[2026-04-03T01:03:16.296+0600][38.223s][info][gc,start       ] GC(69) Pause Young (Normal) (G1 Evacuation Pause)
[2026-04-03T01:03:16.297+0600][38.223s][info][gc,task        ] GC(69) Using 10 workers of 10 for evacuation
[2026-04-03T01:03:16.347+0600][38.274s][info][gc,mmu         ] GC(69) MMU target violated: 50.6ms (50.0ms/51.0ms)
[2026-04-03T01:03:16.347+0600][38.274s][info][gc,phases      ] GC(69)   Pre Evacuate Collection Set: 0.45ms
[2026-04-03T01:03:16.347+0600][38.274s][info][gc,phases      ] GC(69)   Merge Heap Roots: 0.31ms
[2026-04-03T01:03:16.347+0600][38.274s][info][gc,phases      ] GC(69)   Evacuate Collection Set: 48.42ms
[2026-04-03T01:03:16.347+0600][38.274s][info][gc,phases      ] GC(69)   Post Evacuate Collection Set: 1.38ms
[2026-04-03T01:03:16.347+0600][38.274s][info][gc,phases      ] GC(69)   Other: 0.23ms
[2026-04-03T01:03:16.347+0600][38.274s][info][gc,heap        ] GC(69) Eden regions: 462->0(403)
[2026-04-03T01:03:16.347+0600][38.274s][info][gc,heap        ] GC(69) Survivor regions: 36->49(63)
[2026-04-03T01:03:16.347+0600][38.274s][info][gc,heap        ] GC(69) Old regions: 263->267
[2026-04-03T01:03:16.347+0600][38.274s][info][gc,heap        ] GC(69) Humongous regions: 2->2
[2026-04-03T01:03:16.347+0600][38.274s][info][gc,metaspace   ] GC(69) Metaspace: 10415K(10688K)->10415K(10688K) NonClass: 9514K(9664K)->9514K(9664K) Class: 900K(1024K)->900K(1024K)
[2026-04-03T01:03:16.347+0600][38.274s][info][gc             ] GC(69) Pause Young (Normal) (G1 Evacuation Pause) 1515M->622M(1662M) 50.997ms
[2026-04-03T01:03:16.347+0600][38.274s][info][gc,cpu         ] GC(69) User=0.49s Sys=0.00s Real=0.05s
[2026-04-03T01:03:18.109+0600][40.035s][info][gc,start       ] GC(70) Pause Young (Normal) (G1 Evacuation Pause)
[2026-04-03T01:03:18.109+0600][40.035s][info][gc,task        ] GC(70) Using 10 workers of 10 for evacuation
[2026-04-03T01:03:18.213+0600][40.139s][info][gc,mmu         ] GC(70) MMU target violated: 51.0ms (50.0ms/51.0ms)
[2026-04-03T01:03:18.213+0600][40.140s][info][gc,phases      ] GC(70)   Pre Evacuate Collection Set: 0.25ms
[2026-04-03T01:03:18.213+0600][40.140s][info][gc,phases      ] GC(70)   Merge Heap Roots: 0.21ms
[2026-04-03T01:03:18.213+0600][40.140s][info][gc,phases      ] GC(70)   Evacuate Collection Set: 101.99ms
[2026-04-03T01:03:18.213+0600][40.140s][info][gc,phases      ] GC(70)   Post Evacuate Collection Set: 1.48ms
[2026-04-03T01:03:18.213+0600][40.140s][info][gc,phases      ] GC(70)   Other: 0.27ms
[2026-04-03T01:03:18.213+0600][40.140s][info][gc,heap        ] GC(70) Eden regions: 404->0(9)
[2026-04-03T01:03:18.213+0600][40.140s][info][gc,heap        ] GC(70) Survivor regions: 49->57(57)
[2026-04-03T01:03:18.213+0600][40.140s][info][gc,heap        ] GC(70) Old regions: 267->309
[2026-04-03T01:03:18.213+0600][40.140s][info][gc,heap        ] GC(70) Humongous regions: 2->2
[2026-04-03T01:03:18.213+0600][40.140s][info][gc,metaspace   ] GC(70) Metaspace: 10415K(10688K)->10415K(10688K) NonClass: 9514K(9664K)->9514K(9664K) Class: 900K(1024K)->900K(1024K)
[2026-04-03T01:03:18.213+0600][40.140s][info][gc             ] GC(70) Pause Young (Normal) (G1 Evacuation Pause) 1430M->724M(1662M) 104.393ms
[2026-04-03T01:03:18.213+0600][40.140s][info][gc,cpu         ] GC(70) User=1.02s Sys=0.00s Real=0.11s
[2026-04-03T01:03:18.219+0600][40.146s][info][gc,start       ] GC(71) Pause Young (Normal) (G1 Evacuation Pause)
[2026-04-03T01:03:18.220+0600][40.146s][info][gc,task        ] GC(71) Using 10 workers of 10 for evacuation
[2026-04-03T01:03:18.263+0600][40.190s][info][gc,phases      ] GC(71)   Pre Evacuate Collection Set: 0.33ms
[2026-04-03T01:03:18.264+0600][40.190s][info][gc,phases      ] GC(71)   Merge Heap Roots: 0.17ms
[2026-04-03T01:03:18.264+0600][40.190s][info][gc,phases      ] GC(71)   Evacuate Collection Set: 42.66ms
[2026-04-03T01:03:18.264+0600][40.190s][info][gc,phases      ] GC(71)   Post Evacuate Collection Set: 0.62ms
[2026-04-03T01:03:18.264+0600][40.190s][info][gc,phases      ] GC(71)   Other: 0.09ms
[2026-04-03T01:03:18.264+0600][40.190s][info][gc,heap        ] GC(71) Eden regions: 1->0(272)
[2026-04-03T01:03:18.264+0600][40.190s][info][gc,heap        ] GC(71) Survivor regions: 57->5(8)
[2026-04-03T01:03:18.264+0600][40.190s][info][gc,heap        ] GC(71) Old regions: 309->368
[2026-04-03T01:03:18.264+0600][40.190s][info][gc,heap        ] GC(71) Humongous regions: 2->2
[2026-04-03T01:03:18.264+0600][40.190s][info][gc,metaspace   ] GC(71) Metaspace: 10415K(10688K)->10415K(10688K) NonClass: 9514K(9664K)->9514K(9664K) Class: 900K(1024K)->900K(1024K)
[2026-04-03T01:03:18.264+0600][40.190s][info][gc             ] GC(71) Pause Young (Normal) (G1 Evacuation Pause) 726M->738M(1662M) 44.209ms
[2026-04-03T01:03:18.264+0600][40.190s][info][gc,cpu         ] GC(71) User=0.42s Sys=0.00s Real=0.05s
[2026-04-03T01:03:19.383+0600][41.309s][info][gc,start       ] GC(72) Pause Young (Normal) (G1 Evacuation Pause)
[2026-04-03T01:03:19.383+0600][41.309s][info][gc,task        ] GC(72) Using 10 workers of 10 for evacuation
[2026-04-03T01:03:19.404+0600][41.331s][info][gc,phases      ] GC(72)   Pre Evacuate Collection Set: 0.21ms
[2026-04-03T01:03:19.404+0600][41.331s][info][gc,phases      ] GC(72)   Merge Heap Roots: 0.13ms
[2026-04-03T01:03:19.404+0600][41.331s][info][gc,phases      ] GC(72)   Evacuate Collection Set: 20.11ms
[2026-04-03T01:03:19.404+0600][41.331s][info][gc,phases      ] GC(72)   Post Evacuate Collection Set: 1.03ms
[2026-04-03T01:03:19.404+0600][41.331s][info][gc,phases      ] GC(72)   Other: 0.09ms
[2026-04-03T01:03:19.404+0600][41.331s][info][gc,heap        ] GC(72) Eden regions: 290->0(192)
[2026-04-03T01:03:19.404+0600][41.331s][info][gc,heap        ] GC(72) Survivor regions: 5->26(37)
[2026-04-03T01:03:19.404+0600][41.331s][info][gc,heap        ] GC(72) Old regions: 368->368
[2026-04-03T01:03:19.404+0600][41.331s][info][gc,heap        ] GC(72) Humongous regions: 2->2
[2026-04-03T01:03:19.404+0600][41.331s][info][gc,metaspace   ] GC(72) Metaspace: 10416K(10688K)->10416K(10688K) NonClass: 9515K(9664K)->9515K(9664K) Class: 900K(1024K)->900K(1024K)
[2026-04-03T01:03:19.404+0600][41.331s][info][gc             ] GC(72) Pause Young (Normal) (G1 Evacuation Pause) 1318M->781M(1662M) 21.875ms
[2026-04-03T01:03:19.404+0600][41.331s][info][gc,cpu         ] GC(72) User=0.20s Sys=0.00s Real=0.02s
[2026-04-03T01:03:20.141+0600][42.067s][info][gc,start       ] GC(73) Pause Young (Normal) (G1 Evacuation Pause)
[2026-04-03T01:03:20.141+0600][42.067s][info][gc,task        ] GC(73) Using 10 workers of 10 for evacuation
[2026-04-03T01:03:20.157+0600][42.084s][info][gc,phases      ] GC(73)   Pre Evacuate Collection Set: 0.21ms
[2026-04-03T01:03:20.157+0600][42.084s][info][gc,phases      ] GC(73)   Merge Heap Roots: 0.10ms
[2026-04-03T01:03:20.157+0600][42.084s][info][gc,phases      ] GC(73)   Evacuate Collection Set: 15.13ms
[2026-04-03T01:03:20.157+0600][42.084s][info][gc,phases      ] GC(73)   Post Evacuate Collection Set: 0.79ms
[2026-04-03T01:03:20.157+0600][42.084s][info][gc,phases      ] GC(73)   Other: 0.09ms
[2026-04-03T01:03:20.157+0600][42.084s][info][gc,heap        ] GC(73) Eden regions: 208->0(343)
[2026-04-03T01:03:20.157+0600][42.084s][info][gc,heap        ] GC(73) Survivor regions: 26->6(30)
[2026-04-03T01:03:20.157+0600][42.084s][info][gc,heap        ] GC(73) Old regions: 368->393
[2026-04-03T01:03:20.157+0600][42.084s][info][gc,heap        ] GC(73) Humongous regions: 2->2
[2026-04-03T01:03:20.157+0600][42.084s][info][gc,metaspace   ] GC(73) Metaspace: 10416K(10688K)->10416K(10688K) NonClass: 9515K(9664K)->9515K(9664K) Class: 900K(1024K)->900K(1024K)
[2026-04-03T01:03:20.157+0600][42.084s][info][gc             ] GC(73) Pause Young (Normal) (G1 Evacuation Pause) 1197M->790M(1662M) 16.593ms
[2026-04-03T01:03:20.157+0600][42.084s][info][gc,cpu         ] GC(73) User=0.16s Sys=0.00s Real=0.01s
[2026-04-03T01:03:21.246+0600][43.173s][info][gc,start       ] GC(74) Pause Young (Concurrent Start) (G1 Evacuation Pause)
[2026-04-03T01:03:21.246+0600][43.173s][info][gc,task        ] GC(74) Using 10 workers of 10 for evacuation
[2026-04-03T01:03:21.269+0600][43.195s][info][gc,phases      ] GC(74)   Pre Evacuate Collection Set: 0.28ms
[2026-04-03T01:03:21.269+0600][43.195s][info][gc,phases      ] GC(74)   Merge Heap Roots: 0.14ms
[2026-04-03T01:03:21.269+0600][43.195s][info][gc,phases      ] GC(74)   Evacuate Collection Set: 20.36ms
[2026-04-03T01:03:21.269+0600][43.195s][info][gc,phases      ] GC(74)   Post Evacuate Collection Set: 1.14ms
[2026-04-03T01:03:21.269+0600][43.195s][info][gc,phases      ] GC(74)   Other: 0.16ms
[2026-04-03T01:03:21.269+0600][43.195s][info][gc,heap        ] GC(74) Eden regions: 343->0(314)
[2026-04-03T01:03:21.269+0600][43.195s][info][gc,heap        ] GC(74) Survivor regions: 6->26(44)
[2026-04-03T01:03:21.269+0600][43.195s][info][gc,heap        ] GC(74) Old regions: 393->393
[2026-04-03T01:03:21.269+0600][43.195s][info][gc,heap        ] GC(74) Humongous regions: 2->2
[2026-04-03T01:03:21.269+0600][43.195s][info][gc,metaspace   ] GC(74) Metaspace: 10420K(10688K)->10420K(10688K) NonClass: 9519K(9664K)->9519K(9664K) Class: 900K(1024K)->900K(1024K)
[2026-04-03T01:03:21.269+0600][43.195s][info][gc             ] GC(74) Pause Young (Concurrent Start) (G1 Evacuation Pause) 1476M->830M(1662M) 22.432ms
[2026-04-03T01:03:21.269+0600][43.195s][info][gc,cpu         ] GC(74) User=0.21s Sys=0.00s Real=0.02s
[2026-04-03T01:03:21.269+0600][43.195s][info][gc             ] GC(75) Concurrent Mark Cycle
[2026-04-03T01:03:21.269+0600][43.195s][info][gc,marking     ] GC(75) Concurrent Scan Root Regions
[2026-04-03T01:03:21.301+0600][43.227s][info][gc,marking     ] GC(75) Concurrent Scan Root Regions 31.714ms
[2026-04-03T01:03:21.301+0600][43.227s][info][gc,marking     ] GC(75) Concurrent Mark
[2026-04-03T01:03:21.301+0600][43.227s][info][gc,marking     ] GC(75) Concurrent Mark From Roots
[2026-04-03T01:03:21.301+0600][43.227s][info][gc,task        ] GC(75) Using 3 workers of 3 for marking
[2026-04-03T01:03:21.699+0600][43.626s][info][gc,marking     ] GC(75) Concurrent Mark From Roots 398.464ms
[2026-04-03T01:03:21.699+0600][43.626s][info][gc,marking     ] GC(75) Concurrent Preclean
[2026-04-03T01:03:21.699+0600][43.626s][info][gc,marking     ] GC(75) Concurrent Preclean 0.046ms
[2026-04-03T01:03:21.699+0600][43.626s][info][gc,start       ] GC(75) Pause Remark
[2026-04-03T01:03:21.703+0600][43.629s][info][gc             ] GC(75) Pause Remark 1070M->921M(1662M) 3.328ms
[2026-04-03T01:03:21.703+0600][43.629s][info][gc,cpu         ] GC(75) User=0.01s Sys=0.01s Real=0.01s
[2026-04-03T01:03:21.703+0600][43.630s][info][gc,marking     ] GC(75) Concurrent Mark 402.351ms
[2026-04-03T01:03:21.703+0600][43.630s][info][gc,marking     ] GC(75) Concurrent Rebuild Remembered Sets and Scrub Regions
[2026-04-03T01:03:21.914+0600][43.840s][info][gc,marking     ] GC(75) Concurrent Rebuild Remembered Sets and Scrub Regions 210.550ms
[2026-04-03T01:03:21.914+0600][43.841s][info][gc,start       ] GC(75) Pause Cleanup
[2026-04-03T01:03:21.914+0600][43.841s][info][gc             ] GC(75) Pause Cleanup 1103M->1103M(1662M) 0.453ms
[2026-04-03T01:03:21.914+0600][43.841s][info][gc,cpu         ] GC(75) User=0.00s Sys=0.00s Real=0.00s
[2026-04-03T01:03:21.915+0600][43.841s][info][gc,marking     ] GC(75) Concurrent Clear Claimed Marks
[2026-04-03T01:03:21.915+0600][43.841s][info][gc,marking     ] GC(75) Concurrent Clear Claimed Marks 0.066ms
[2026-04-03T01:03:21.915+0600][43.841s][info][gc,marking     ] GC(75) Concurrent Cleanup for Next Mark
[2026-04-03T01:03:21.917+0600][43.843s][info][gc,marking     ] GC(75) Concurrent Cleanup for Next Mark 2.205ms
[2026-04-03T01:03:21.917+0600][43.844s][info][gc             ] GC(75) Concurrent Mark Cycle 648.105ms
[2026-04-03T01:03:22.089+0600][44.015s][info][gc,start       ] GC(76) Pause Young (Prepare Mixed) (G1 Evacuation Pause)
[2026-04-03T01:03:22.089+0600][44.015s][info][gc,task        ] GC(76) Using 10 workers of 10 for evacuation
[2026-04-03T01:03:22.134+0600][44.060s][info][gc,phases      ] GC(76)   Pre Evacuate Collection Set: 0.21ms
[2026-04-03T01:03:22.134+0600][44.060s][info][gc,phases      ] GC(76)   Merge Heap Roots: 0.29ms
[2026-04-03T01:03:22.134+0600][44.060s][info][gc,phases      ] GC(76)   Evacuate Collection Set: 42.92ms
[2026-04-03T01:03:22.134+0600][44.060s][info][gc,phases      ] GC(76)   Post Evacuate Collection Set: 1.41ms
[2026-04-03T01:03:22.134+0600][44.060s][info][gc,phases      ] GC(76)   Other: 0.13ms
[2026-04-03T01:03:22.134+0600][44.060s][info][gc,heap        ] GC(76) Eden regions: 309->0(197)
[2026-04-03T01:03:22.134+0600][44.060s][info][gc,heap        ] GC(76) Survivor regions: 26->42(42)
[2026-04-03T01:03:22.134+0600][44.060s][info][gc,heap        ] GC(76) Old regions: 320->331
[2026-04-03T01:03:22.134+0600][44.060s][info][gc,heap        ] GC(76) Humongous regions: 0->0
[2026-04-03T01:03:22.134+0600][44.060s][info][gc,metaspace   ] GC(76) Metaspace: 10425K(10688K)->10425K(10688K) NonClass: 9524K(9664K)->9524K(9664K) Class: 900K(1024K)->900K(1024K)
[2026-04-03T01:03:22.134+0600][44.060s][info][gc             ] GC(76) Pause Young (Prepare Mixed) (G1 Evacuation Pause) 1299M->734M(1662M) 45.333ms
[2026-04-03T01:03:22.134+0600][44.060s][info][gc,cpu         ] GC(76) User=0.42s Sys=0.00s Real=0.05s
[2026-04-03T01:03:22.725+0600][44.652s][info][gc,start       ] GC(77) Pause Young (Mixed) (G1 Evacuation Pause)
[2026-04-03T01:03:22.725+0600][44.652s][info][gc,task        ] GC(77) Using 10 workers of 10 for evacuation
[2026-04-03T01:03:22.778+0600][44.704s][info][gc,mmu         ] GC(77) MMU target violated: 51.0ms (50.0ms/51.0ms)
[2026-04-03T01:03:22.778+0600][44.705s][info][gc,phases      ] GC(77)   Pre Evacuate Collection Set: 0.36ms
[2026-04-03T01:03:22.778+0600][44.705s][info][gc,phases      ] GC(77)   Merge Heap Roots: 0.17ms
[2026-04-03T01:03:22.778+0600][44.705s][info][gc,phases      ] GC(77)   Evacuate Collection Set: 50.58ms
[2026-04-03T01:03:22.778+0600][44.705s][info][gc,phases      ] GC(77)   Post Evacuate Collection Set: 1.41ms
[2026-04-03T01:03:22.778+0600][44.705s][info][gc,phases      ] GC(77)   Other: 0.26ms
[2026-04-03T01:03:22.778+0600][44.705s][info][gc,heap        ] GC(77) Eden regions: 201->0(121)
[2026-04-03T01:03:22.778+0600][44.705s][info][gc,heap        ] GC(77) Survivor regions: 42->28(31)
[2026-04-03T01:03:22.778+0600][44.705s][info][gc,heap        ] GC(77) Old regions: 331->365
[2026-04-03T01:03:22.778+0600][44.705s][info][gc,heap        ] GC(77) Humongous regions: 0->0
[2026-04-03T01:03:22.778+0600][44.705s][info][gc,metaspace   ] GC(77) Metaspace: 10425K(10688K)->10425K(10688K) NonClass: 9524K(9664K)->9524K(9664K) Class: 900K(1024K)->900K(1024K)
[2026-04-03T01:03:22.778+0600][44.705s][info][gc             ] GC(77) Pause Young (Mixed) (G1 Evacuation Pause) 1136M->774M(1662M) 53.020ms
[2026-04-03T01:03:22.778+0600][44.705s][info][gc,cpu         ] GC(77) User=0.51s Sys=0.00s Real=0.05s
[2026-04-03T01:03:23.143+0600][45.070s][info][gc,start       ] GC(78) Pause Young (Mixed) (G1 Evacuation Pause)
[2026-04-03T01:03:23.143+0600][45.070s][info][gc,task        ] GC(78) Using 10 workers of 10 for evacuation
[2026-04-03T01:03:23.171+0600][45.097s][info][gc,phases      ] GC(78)   Pre Evacuate Collection Set: 0.23ms
[2026-04-03T01:03:23.171+0600][45.097s][info][gc,phases      ] GC(78)   Merge Heap Roots: 0.21ms
[2026-04-03T01:03:23.171+0600][45.097s][info][gc,phases      ] GC(78)   Evacuate Collection Set: 25.73ms
[2026-04-03T01:03:23.171+0600][45.097s][info][gc,phases      ] GC(78)   Post Evacuate Collection Set: 1.03ms
[2026-04-03T01:03:23.171+0600][45.097s][info][gc,phases      ] GC(78)   Other: 0.15ms
[2026-04-03T01:03:23.171+0600][45.098s][info][gc,heap        ] GC(78) Eden regions: 82->0(282)
[2026-04-03T01:03:23.171+0600][45.098s][info][gc,heap        ] GC(78) Survivor regions: 28->10(14)
[2026-04-03T01:03:23.171+0600][45.098s][info][gc,heap        ] GC(78) Old regions: 365->384
[2026-04-03T01:03:23.171+0600][45.098s][info][gc,heap        ] GC(78) Humongous regions: 0->0
[2026-04-03T01:03:23.171+0600][45.098s][info][gc,metaspace   ] GC(78) Metaspace: 10425K(10688K)->10425K(10688K) NonClass: 9524K(9664K)->9524K(9664K) Class: 900K(1024K)->900K(1024K)
[2026-04-03T01:03:23.171+0600][45.098s][info][gc             ] GC(78) Pause Young (Mixed) (G1 Evacuation Pause) 938M->776M(1662M) 27.718ms
[2026-04-03T01:03:23.171+0600][45.098s][info][gc,cpu         ] GC(78) User=0.26s Sys=0.01s Real=0.03s
[2026-04-03T01:03:24.152+0600][46.079s][info][gc,heap,exit   ] Heap
[2026-04-03T01:03:24.152+0600][46.079s][info][gc,heap,exit   ]  garbage-first heap   total 1701888K, used 1147713K [0x000000070ae00000, 0x0000000800000000)
[2026-04-03T01:03:24.152+0600][46.079s][info][gc,heap,exit   ]   region size 2048K, 182 young (372736K), 10 survivors (20480K)
[2026-04-03T01:03:24.152+0600][46.079s][info][gc,heap,exit   ]  Metaspace       used 10488K, committed 10688K, reserved 1114112K
[2026-04-03T01:03:24.152+0600][46.079s][info][gc,heap,exit   ]   class space    used 909K, committed 1024K, reserved 1048576K
